[0.017s][info][gc,init] Initializing The Z Garbage Collector
[0.017s][info][gc,init] Version: 20+36-2344 (release)
[0.017s][info][gc,init] NUMA Support: Disabled
[0.017s][info][gc,init] CPUs: 48 total, 48 available
[0.017s][info][gc,init] Memory: 391843M
[0.017s][info][gc,init] Large Page Support: Disabled
[0.017s][info][gc,init] GC Workers: 10 (dynamic)
[0.018s][info][gc,init] Address Space Type: Contiguous/Unrestricted/Complete
[0.018s][info][gc,init] Address Space Size: 16384M x 3 = 49152M
[0.019s][info][gc,init] Min Capacity: 8M
[0.019s][info][gc,init] Initial Capacity: 1024M
[0.027s][info][gc,init] Max Capacity: 1024M
[0.027s][info][gc,init] Medium Page Size: 32M
[0.027s][info][gc,init] Pre-touch: Disabled
[0.027s][info][gc,init] Uncommit: Enabled
[0.027s][info][gc,init] Uncommit Delay: 300s
[0.074s][info][gc,init] Runtime Workers: 10
[0.074s][info][gc     ] Using The Z Garbage Collector
[0.076s][info][gc,metaspace] CDS archive(s) mapped at: [0x0000000800000000-0x0000000800c60000-0x0000000800c60000), size 12976128, SharedBaseAddress: 0x0000000800000000, ArchiveRelocationMode: 0.
[0.076s][info][gc,metaspace] Compressed class space mapped at: 0x0000000801000000-0x0000000841000000, reserved size: 1073741824
[0.076s][info][gc,metaspace] Narrow klass base: 0x0000000800000000, Narrow klass shift: 0, Narrow klass range: 0x100000000
[4.649s][info][gc,start    ] GC(0) Garbage Collection (Metadata GC Threshold)
[4.649s][info][gc,task     ] GC(0) Using 10 workers
[4.650s][info][gc,phases   ] GC(0) Pause Mark Start 0.014ms
[4.668s][info][gc,phases   ] GC(0) Concurrent Mark 18.739ms
[4.669s][info][gc,phases   ] GC(0) Pause Mark End 0.025ms
[4.669s][info][gc,phases   ] GC(0) Concurrent Mark Free 0.002ms
[4.671s][info][gc,phases   ] GC(0) Concurrent Process Non-Strong References 1.955ms
[4.671s][info][gc,phases   ] GC(0) Concurrent Reset Relocation Set 0.001ms
[4.687s][info][gc,phases   ] GC(0) Concurrent Select Relocation Set 16.366ms
[4.687s][info][gc,phases   ] GC(0) Pause Relocate Start 0.009ms
[4.693s][info][gc,phases   ] GC(0) Concurrent Relocate 5.234ms
[4.693s][info][gc,load     ] GC(0) Load: 0.00/0.00/0.00
[4.693s][info][gc,mmu      ] GC(0) MMU: 2ms/98.7%, 5ms/99.5%, 10ms/99.7%, 20ms/99.8%, 50ms/99.9%, 100ms/100.0%
[4.693s][info][gc,marking  ] GC(0) Mark: 8 stripe(s), 3 proactive flush(es), 1 terminate flush(es), 0 completion(s), 0 continuation(s) 
[4.693s][info][gc,marking  ] GC(0) Mark Stack Usage: 32M
[4.693s][info][gc,nmethod  ] GC(0) NMethods: 1667 registered, 274 unregistered
[4.693s][info][gc,metaspace] GC(0) Metaspace: 21M used, 21M committed, 1088M reserved
[4.693s][info][gc,ref      ] GC(0) Soft: 3349 encountered, 0 discovered, 0 enqueued
[4.693s][info][gc,ref      ] GC(0) Weak: 1372 encountered, 629 discovered, 444 enqueued
[4.693s][info][gc,ref      ] GC(0) Final: 1 encountered, 0 discovered, 0 enqueued
[4.693s][info][gc,ref      ] GC(0) Phantom: 521 encountered, 422 discovered, 299 enqueued
[4.693s][info][gc,reloc    ] GC(0) Small Pages: 41 / 82M, Empty: 0M, Relocated: 6M, In-Place: 0
[4.693s][info][gc,reloc    ] GC(0) Medium Pages: 0 / 0M, Empty: 0M, Relocated: 0M, In-Place: 0
[4.693s][info][gc,reloc    ] GC(0) Large Pages: 0 / 0M, Empty: 0M, Relocated: 0M, In-Place: 0
[4.693s][info][gc,reloc    ] GC(0) Forwarding Usage: 2M
[4.693s][info][gc,heap     ] GC(0) Min Capacity: 8M(1%)
[4.693s][info][gc,heap     ] GC(0) Max Capacity: 1024M(100%)
[4.693s][info][gc,heap     ] GC(0) Soft Max Capacity: 1024M(100%)
[4.693s][info][gc,heap     ] GC(0)                Mark Start          Mark End        Relocate Start      Relocate End           High               Low         
[4.693s][info][gc,heap     ] GC(0)  Capacity:     1024M (100%)       1024M (100%)       1024M (100%)       1024M (100%)       1024M (100%)       1024M (100%)   
[4.693s][info][gc,heap     ] GC(0)      Free:      942M (92%)         940M (92%)         938M (92%)         996M (97%)         996M (97%)         922M (90%)    
[4.693s][info][gc,heap     ] GC(0)      Used:       82M (8%)           84M (8%)           86M (8%)           28M (3%)          102M (10%)          28M (3%)     
[4.693s][info][gc,heap     ] GC(0)      Live:         -                 9M (1%)            9M (1%)            9M (1%)             -                  -          
[4.693s][info][gc,heap     ] GC(0) Allocated:         -                 2M (0%)            4M (0%)            3M (0%)             -                  -          
[4.693s][info][gc,heap     ] GC(0)   Garbage:         -                72M (7%)           72M (7%)           14M (1%)             -                  -          
[4.693s][info][gc,heap     ] GC(0) Reclaimed:         -                  -                 0M (0%)           57M (6%)             -                  -          
[4.693s][info][gc          ] GC(0) Garbage Collection (Metadata GC Threshold) 82M(8%)->28M(3%)
[5.415s][info][gc,start    ] GC(1) Garbage Collection (System.gc())
[5.416s][info][gc,task     ] GC(1) Using 10 workers
[5.416s][info][gc,phases   ] GC(1) Pause Mark Start 0.012ms
[5.432s][info][gc,phases   ] GC(1) Concurrent Mark 16.455ms
[5.433s][info][gc,phases   ] GC(1) Pause Mark End 0.048ms
[5.433s][info][gc,phases   ] GC(1) Concurrent Mark Free 0.001ms
[5.434s][info][gc,phases   ] GC(1) Concurrent Process Non-Strong References 1.188ms
[5.434s][info][gc,phases   ] GC(1) Concurrent Reset Relocation Set 0.005ms
[5.439s][info][gc,phases   ] GC(1) Concurrent Select Relocation Set 4.861ms
[5.439s][info][gc,phases   ] GC(1) Pause Relocate Start 0.006ms
[5.443s][info][gc,phases   ] GC(1) Concurrent Relocate 4.536ms
[5.443s][info][gc,load     ] GC(1) Load: 0.00/0.00/0.00
[5.443s][info][gc,mmu      ] GC(1) MMU: 2ms/97.6%, 5ms/99.0%, 10ms/99.5%, 20ms/99.7%, 50ms/99.9%, 100ms/99.9%
[5.443s][info][gc,marking  ] GC(1) Mark: 8 stripe(s), 2 proactive flush(es), 1 terminate flush(es), 1 completion(s), 0 continuation(s) 
[5.443s][info][gc,marking  ] GC(1) Mark Stack Usage: 32M
[5.443s][info][gc,nmethod  ] GC(1) NMethods: 2314 registered, 390 unregistered
[5.444s][info][gc,metaspace] GC(1) Metaspace: 29M used, 30M committed, 1088M reserved
[5.444s][info][gc,ref      ] GC(1) Soft: 3578 encountered, 0 discovered, 0 enqueued
[5.444s][info][gc,ref      ] GC(1) Weak: 2254 encountered, 724 discovered, 509 enqueued
[5.444s][info][gc,ref      ] GC(1) Final: 193 encountered, 0 discovered, 0 enqueued
[5.444s][info][gc,ref      ] GC(1) Phantom: 515 encountered, 431 discovered, 290 enqueued
[5.444s][info][gc,reloc    ] GC(1) Small Pages: 37 / 74M, Empty: 0M, Relocated: 10M, In-Place: 0
[5.444s][info][gc,reloc    ] GC(1) Medium Pages: 0 / 0M, Empty: 0M, Relocated: 0M, In-Place: 0
[5.444s][info][gc,reloc    ] GC(1) Large Pages: 0 / 0M, Empty: 0M, Relocated: 0M, In-Place: 0
[5.444s][info][gc,reloc    ] GC(1) Forwarding Usage: 3M
[5.444s][info][gc,heap     ] GC(1) Min Capacity: 8M(1%)
[5.444s][info][gc,heap     ] GC(1) Max Capacity: 1024M(100%)
[5.444s][info][gc,heap     ] GC(1) Soft Max Capacity: 1024M(100%)
[5.444s][info][gc,heap     ] GC(1)                Mark Start          Mark End        Relocate Start      Relocate End           High               Low         
[5.444s][info][gc,heap     ] GC(1)  Capacity:     1024M (100%)       1024M (100%)       1024M (100%)       1024M (100%)       1024M (100%)       1024M (100%)   
[5.444s][info][gc,heap     ] GC(1)      Free:      950M (93%)         948M (93%)         948M (93%)         994M (97%)         994M (97%)         930M (91%)    
[5.444s][info][gc,heap     ] GC(1)      Used:       74M (7%)           76M (7%)           76M (7%)           30M (3%)           94M (9%)           30M (3%)     
[5.444s][info][gc,heap     ] GC(1)      Live:         -                15M (2%)           15M (2%)           15M (2%)             -                  -          
[5.444s][info][gc,heap     ] GC(1) Allocated:         -                 2M (0%)            2M (0%)            1M (0%)             -                  -          
[5.444s][info][gc,heap     ] GC(1)   Garbage:         -                58M (6%)           58M (6%)           12M (1%)             -                  -          
[5.444s][info][gc,heap     ] GC(1) Reclaimed:         -                  -                 0M (0%)           45M (4%)             -                  -          
[5.444s][info][gc          ] GC(1) Garbage Collection (System.gc()) 74M(7%)->30M(3%)
[6.099s][info][gc,start    ] GC(2) Garbage Collection (Warmup)
[6.099s][info][gc,task     ] GC(2) Using 10 workers
[6.100s][info][gc,phases   ] GC(2) Pause Mark Start 0.009ms
[6.140s][info][gc,phases   ] GC(2) Concurrent Mark 39.951ms
[6.141s][info][gc,phases   ] GC(2) Pause Mark End 0.015ms
[6.141s][info][gc,phases   ] GC(2) Concurrent Mark Free 0.001ms
[6.152s][info][gc,phases   ] GC(2) Concurrent Process Non-Strong References 11.230ms
[6.152s][info][gc,phases   ] GC(2) Concurrent Reset Relocation Set 0.006ms
[6.159s][info][gc,phases   ] GC(2) Concurrent Select Relocation Set 6.613ms
[6.159s][info][gc,phases   ] GC(2) Pause Relocate Start 0.006ms
[6.169s][info][gc,phases   ] GC(2) Concurrent Relocate 9.150ms
[6.169s][info][gc,load     ] GC(2) Load: 0.00/0.00/0.00
[6.169s][info][gc,mmu      ] GC(2) MMU: 2ms/97.6%, 5ms/99.0%, 10ms/99.5%, 20ms/99.7%, 50ms/99.9%, 100ms/99.9%
[6.169s][info][gc,marking  ] GC(2) Mark: 8 stripe(s), 2 proactive flush(es), 1 terminate flush(es), 0 completion(s), 0 continuation(s) 
[6.169s][info][gc,marking  ] GC(2) Mark Stack Usage: 32M
[6.169s][info][gc,nmethod  ] GC(2) NMethods: 2987 registered, 155 unregistered
[6.169s][info][gc,metaspace] GC(2) Metaspace: 41M used, 41M committed, 1088M reserved
[6.169s][info][gc,ref      ] GC(2) Soft: 3633 encountered, 0 discovered, 0 enqueued
[6.169s][info][gc,ref      ] GC(2) Weak: 5044 encountered, 3139 discovered, 2721 enqueued
[6.169s][info][gc,ref      ] GC(2) Final: 193 encountered, 0 discovered, 0 enqueued
[6.169s][info][gc,ref      ] GC(2) Phantom: 2911 encountered, 2809 discovered, 2685 enqueued
[6.169s][info][gc,reloc    ] GC(2) Small Pages: 57 / 114M, Empty: 0M, Relocated: 10M, In-Place: 0
[6.169s][info][gc,reloc    ] GC(2) Medium Pages: 0 / 0M, Empty: 0M, Relocated: 0M, In-Place: 0
[6.169s][info][gc,reloc    ] GC(2) Large Pages: 0 / 0M, Empty: 0M, Relocated: 0M, In-Place: 0
[6.169s][info][gc,reloc    ] GC(2) Forwarding Usage: 3M
[6.169s][info][gc,heap     ] GC(2) Min Capacity: 8M(1%)
[6.169s][info][gc,heap     ] GC(2) Max Capacity: 1024M(100%)
[6.169s][info][gc,heap     ] GC(2) Soft Max Capacity: 1024M(100%)
[6.169s][info][gc,heap     ] GC(2)                Mark Start          Mark End        Relocate Start      Relocate End           High               Low         
[6.169s][info][gc,heap     ] GC(2)  Capacity:     1024M (100%)       1024M (100%)       1024M (100%)       1024M (100%)       1024M (100%)       1024M (100%)   
[6.169s][info][gc,heap     ] GC(2)      Free:      910M (89%)         896M (88%)         896M (88%)         974M (95%)         974M (95%)         876M (86%)    
[6.169s][info][gc,heap     ] GC(2)      Used:      114M (11%)         128M (13%)         128M (13%)          50M (5%)          148M (14%)          50M (5%)     
[6.169s][info][gc,heap     ] GC(2)      Live:         -                18M (2%)           18M (2%)           18M (2%)             -                  -          
[6.169s][info][gc,heap     ] GC(2) Allocated:         -                14M (1%)           14M (1%)           16M (2%)             -                  -          
[6.169s][info][gc,heap     ] GC(2)   Garbage:         -                95M (9%)           95M (9%)           14M (1%)             -                  -          
[6.169s][info][gc,heap     ] GC(2) Reclaimed:         -                  -                 0M (0%)           80M (8%)             -                  -          
[6.169s][info][gc          ] GC(2) Garbage Collection (Warmup) 114M(11%)->50M(5%)
[7.396s][info][gc,start    ] GC(3) Garbage Collection (Warmup)
[7.396s][info][gc,task     ] GC(3) Using 10 workers
[7.397s][info][gc,phases   ] GC(3) Pause Mark Start 0.011ms
[7.438s][info][gc,phases   ] GC(3) Concurrent Mark 40.729ms
[7.438s][info][gc,phases   ] GC(3) Pause Mark End 0.017ms
[7.438s][info][gc,phases   ] GC(3) Concurrent Mark Free 0.001ms
[7.452s][info][gc,phases   ] GC(3) Concurrent Process Non-Strong References 14.352ms
[7.452s][info][gc,phases   ] GC(3) Concurrent Reset Relocation Set 0.010ms
[7.460s][info][gc,phases   ] GC(3) Concurrent Select Relocation Set 7.554ms
[7.460s][info][gc,phases   ] GC(3) Pause Relocate Start 0.008ms
[7.472s][info][gc,phases   ] GC(3) Concurrent Relocate 12.001ms
[7.472s][info][gc,load     ] GC(3) Load: 0.00/0.00/0.00
[7.472s][info][gc,mmu      ] GC(3) MMU: 2ms/97.6%, 5ms/99.0%, 10ms/99.5%, 20ms/99.7%, 50ms/99.9%, 100ms/99.9%
[7.472s][info][gc,marking  ] GC(3) Mark: 8 stripe(s), 4 proactive flush(es), 1 terminate flush(es), 0 completion(s), 0 continuation(s) 
[7.472s][info][gc,marking  ] GC(3) Mark Stack Usage: 32M
[7.472s][info][gc,nmethod  ] GC(3) NMethods: 4121 registered, 390 unregistered
[7.472s][info][gc,metaspace] GC(3) Metaspace: 61M used, 62M committed, 1088M reserved
[7.472s][info][gc,ref      ] GC(3) Soft: 3706 encountered, 0 discovered, 0 enqueued
[7.472s][info][gc,ref      ] GC(3) Weak: 13981 encountered, 6731 discovered, 6272 enqueued
[7.472s][info][gc,ref      ] GC(3) Final: 193 encountered, 0 discovered, 0 enqueued
[7.472s][info][gc,ref      ] GC(3) Phantom: 6472 encountered, 6452 discovered, 6242 enqueued
[7.472s][info][gc,reloc    ] GC(3) Small Pages: 106 / 212M, Empty: 0M, Relocated: 15M, In-Place: 0
[7.472s][info][gc,reloc    ] GC(3) Medium Pages: 0 / 0M, Empty: 0M, Relocated: 0M, In-Place: 0
[7.472s][info][gc,reloc    ] GC(3) Large Pages: 0 / 0M, Empty: 0M, Relocated: 0M, In-Place: 0
[7.473s][info][gc,reloc    ] GC(3) Forwarding Usage: 5M
[7.473s][info][gc,heap     ] GC(3) Min Capacity: 8M(1%)
[7.473s][info][gc,heap     ] GC(3) Max Capacity: 1024M(100%)
[7.473s][info][gc,heap     ] GC(3) Soft Max Capacity: 1024M(100%)
[7.473s][info][gc,heap     ] GC(3)                Mark Start          Mark End        Relocate Start      Relocate End           High               Low         
[7.473s][info][gc,heap     ] GC(3)  Capacity:     1024M (100%)       1024M (100%)       1024M (100%)       1024M (100%)       1024M (100%)       1024M (100%)   
[7.473s][info][gc,heap     ] GC(3)      Free:      812M (79%)         798M (78%)         798M (78%)         970M (95%)         970M (95%)         780M (76%)    
[7.473s][info][gc,heap     ] GC(3)      Used:      212M (21%)         226M (22%)         226M (22%)          54M (5%)          244M (24%)          54M (5%)     
[7.473s][info][gc,heap     ] GC(3)      Live:         -                25M (3%)           25M (3%)           25M (3%)             -                  -          
[7.473s][info][gc,heap     ] GC(3) Allocated:         -                14M (1%)           14M (1%)           15M (2%)             -                  -          
[7.473s][info][gc,heap     ] GC(3)   Garbage:         -               186M (18%)         186M (18%)          12M (1%)             -                  -          
[7.473s][info][gc,heap     ] GC(3) Reclaimed:         -                  -                 0M (0%)          173M (17%)            -                  -          
[7.473s][info][gc          ] GC(3) Garbage Collection (Warmup) 212M(21%)->54M(5%)
[8.396s][info][gc,start    ] GC(4) Garbage Collection (Warmup)
[8.396s][info][gc,task     ] GC(4) Using 10 workers
[8.396s][info][gc,phases   ] GC(4) Pause Mark Start 0.012ms
[8.480s][info][gc,phases   ] GC(4) Concurrent Mark 82.587ms
[8.480s][info][gc,phases   ] GC(4) Pause Mark End 0.034ms
[8.486s][info][gc,phases   ] GC(4) Concurrent Mark Free 0.003ms
[8.520s][info][gc,phases   ] GC(4) Concurrent Process Non-Strong References 33.868ms
[8.520s][info][gc,phases   ] GC(4) Concurrent Reset Relocation Set 0.022ms
[8.526s][info][gc,phases   ] GC(4) Concurrent Select Relocation Set 5.773ms
[8.530s][info][gc,phases   ] GC(4) Pause Relocate Start 0.009ms
[8.548s][info][gc,phases   ] GC(4) Concurrent Relocate 17.218ms
[8.548s][info][gc,load     ] GC(4) Load: 0.00/0.00/0.00
[8.548s][info][gc,mmu      ] GC(4) MMU: 2ms/97.6%, 5ms/99.0%, 10ms/99.5%, 20ms/99.7%, 50ms/99.9%, 100ms/99.9%
[8.548s][info][gc,marking  ] GC(4) Mark: 8 stripe(s), 3 proactive flush(es), 1 terminate flush(es), 0 completion(s), 0 continuation(s) 
[8.548s][info][gc,marking  ] GC(4) Mark Stack Usage: 32M
[8.548s][info][gc,nmethod  ] GC(4) NMethods: 6819 registered, 739 unregistered
[8.548s][info][gc,metaspace] GC(4) Metaspace: 70M used, 70M committed, 1088M reserved
[8.548s][info][gc,ref      ] GC(4) Soft: 3815 encountered, 0 discovered, 0 enqueued
[8.548s][info][gc,ref      ] GC(4) Weak: 12668 encountered, 3011 discovered, 2086 enqueued
[8.548s][info][gc,ref      ] GC(4) Final: 289 encountered, 16 discovered, 0 enqueued
[8.548s][info][gc,ref      ] GC(4) Phantom: 2493 encountered, 2373 discovered, 2070 enqueued
[8.549s][info][gc,reloc    ] GC(4) Small Pages: 177 / 354M, Empty: 0M, Relocated: 13M, In-Place: 0
[8.549s][info][gc,reloc    ] GC(4) Medium Pages: 0 / 0M, Empty: 0M, Relocated: 0M, In-Place: 0
[8.549s][info][gc,reloc    ] GC(4) Large Pages: 0 / 0M, Empty: 0M, Relocated: 0M, In-Place: 0
[8.549s][info][gc,reloc    ] GC(4) Forwarding Usage: 3M
[8.549s][info][gc,heap     ] GC(4) Min Capacity: 8M(1%)
[8.549s][info][gc,heap     ] GC(4) Max Capacity: 1024M(100%)
[8.549s][info][gc,heap     ] GC(4) Soft Max Capacity: 1024M(100%)
[8.549s][info][gc,heap     ] GC(4)                Mark Start          Mark End        Relocate Start      Relocate End           High               Low         
[8.549s][info][gc,heap     ] GC(4)  Capacity:     1024M (100%)       1024M (100%)       1024M (100%)       1024M (100%)       1024M (100%)       1024M (100%)   
[8.549s][info][gc,heap     ] GC(4)      Free:      670M (65%)         606M (59%)         576M (56%)         850M (83%)         850M (83%)         558M (54%)    
[8.549s][info][gc,heap     ] GC(4)      Used:      354M (35%)         418M (41%)         448M (44%)         174M (17%)         466M (46%)         174M (17%)    
[8.549s][info][gc,heap     ] GC(4)      Live:         -                52M (5%)           52M (5%)           52M (5%)             -                  -          
[8.549s][info][gc,heap     ] GC(4) Allocated:         -                64M (6%)           94M (9%)          100M (10%)            -                  -          
[8.549s][info][gc,heap     ] GC(4)   Garbage:         -               301M (29%)         301M (29%)          21M (2%)             -                  -          
[8.549s][info][gc,heap     ] GC(4) Reclaimed:         -                  -                 0M (0%)          280M (27%)            -                  -          
[8.549s][info][gc          ] GC(4) Garbage Collection (Warmup) 354M(35%)->174M(17%)
[8.904s][info][gc,start    ] GC(5) Garbage Collection (Allocation Rate)
[8.904s][info][gc,task     ] GC(5) Using 10 workers
[8.924s][info][gc,phases   ] GC(5) Pause Mark Start 0.012ms
[8.995s][info][gc,phases   ] GC(5) Concurrent Mark 70.205ms
[8.995s][info][gc,phases   ] GC(5) Pause Mark End 0.026ms
[9.025s][info][gc,phases   ] GC(5) Concurrent Mark Free 0.002ms
[9.067s][info][gc,phases   ] GC(5) Concurrent Process Non-Strong References 41.839ms
[9.067s][info][gc,phases   ] GC(5) Concurrent Reset Relocation Set 0.065ms
[9.074s][info][gc,phases   ] GC(5) Concurrent Select Relocation Set 6.277ms
[9.074s][info][gc,phases   ] GC(5) Pause Relocate Start 0.008ms
[9.086s][info][gc,phases   ] GC(5) Concurrent Relocate 11.178ms
[9.086s][info][gc,load     ] GC(5) Load: 0.00/0.00/0.00
[9.086s][info][gc,mmu      ] GC(5) MMU: 2ms/97.6%, 5ms/99.0%, 10ms/99.5%, 20ms/99.7%, 50ms/99.9%, 100ms/99.9%
[9.086s][info][gc,marking  ] GC(5) Mark: 8 stripe(s), 3 proactive flush(es), 1 terminate flush(es), 0 completion(s), 0 continuation(s) 
[9.086s][info][gc,marking  ] GC(5) Mark Stack Usage: 32M
[9.086s][info][gc,nmethod  ] GC(5) NMethods: 7774 registered, 773 unregistered
[9.086s][info][gc,metaspace] GC(5) Metaspace: 70M used, 71M committed, 1088M reserved
[9.086s][info][gc,ref      ] GC(5) Soft: 3815 encountered, 0 discovered, 0 enqueued
[9.086s][info][gc,ref      ] GC(5) Weak: 10582 encountered, 1520 discovered, 0 enqueued
[9.086s][info][gc,ref      ] GC(5) Final: 289 encountered, 11 discovered, 0 enqueued
[9.086s][info][gc,ref      ] GC(5) Phantom: 423 encountered, 290 discovered, 0 enqueued
[9.086s][info][gc,reloc    ] GC(5) Small Pages: 234 / 468M, Empty: 86M, Relocated: 10M, In-Place: 0
[9.086s][info][gc,reloc    ] GC(5) Medium Pages: 0 / 0M, Empty: 0M, Relocated: 0M, In-Place: 0
[9.086s][info][gc,reloc    ] GC(5) Large Pages: 0 / 0M, Empty: 0M, Relocated: 0M, In-Place: 0
[9.086s][info][gc,reloc    ] GC(5) Forwarding Usage: 3M
[9.086s][info][gc,heap     ] GC(5) Min Capacity: 8M(1%)
[9.086s][info][gc,heap     ] GC(5) Max Capacity: 1024M(100%)
[9.086s][info][gc,heap     ] GC(5) Soft Max Capacity: 1024M(100%)
[9.087s][info][gc,heap     ] GC(5)                Mark Start          Mark End        Relocate Start      Relocate End           High               Low         
[9.087s][info][gc,heap     ] GC(5)  Capacity:     1024M (100%)       1024M (100%)       1024M (100%)       1024M (100%)       1024M (100%)       1024M (100%)   
[9.087s][info][gc,heap     ] GC(5)      Free:      556M (54%)         482M (47%)         494M (48%)         800M (78%)         800M (78%)         408M (40%)    
[9.087s][info][gc,heap     ] GC(5)      Used:      468M (46%)         542M (53%)         530M (52%)         224M (22%)         616M (60%)         224M (22%)    
[9.087s][info][gc,heap     ] GC(5)      Live:         -                52M (5%)           52M (5%)           52M (5%)             -                  -          
[9.087s][info][gc,heap     ] GC(5) Allocated:         -                74M (7%)          148M (14%)         151M (15%)            -                  -          
[9.087s][info][gc,heap     ] GC(5)   Garbage:         -               415M (41%)         329M (32%)          20M (2%)             -                  -          
[9.087s][info][gc,heap     ] GC(5) Reclaimed:         -                  -                86M (8%)          395M (39%)            -                  -          
[9.087s][info][gc          ] GC(5) Garbage Collection (Allocation Rate) 468M(46%)->224M(22%)
[9.101s][info][gc,start    ] GC(6) Garbage Collection (Allocation Rate)
[9.101s][info][gc,task     ] GC(6) Using 10 workers
[9.101s][info][gc,phases   ] GC(6) Pause Mark Start 0.010ms
[9.185s][info][gc,phases   ] GC(6) Concurrent Mark 82.797ms
[9.185s][info][gc,phases   ] GC(6) Pause Mark End 0.030ms
[9.218s][info][gc,phases   ] GC(6) Concurrent Mark Free 0.004ms
[9.224s][info][gc,phases   ] GC(6) Concurrent Process Non-Strong References 6.470ms
[9.224s][info][gc,phases   ] GC(6) Concurrent Reset Relocation Set 0.064ms
[9.232s][info][gc,phases   ] GC(6) Concurrent Select Relocation Set 7.233ms
[9.232s][info][gc,phases   ] GC(6) Pause Relocate Start 0.008ms
[9.245s][info][gc,phases   ] GC(6) Concurrent Relocate 12.687ms
[9.246s][info][gc,load     ] GC(6) Load: 0.00/0.00/0.00
[9.246s][info][gc,mmu      ] GC(6) MMU: 2ms/97.6%, 5ms/99.0%, 10ms/99.5%, 20ms/99.7%, 50ms/99.9%, 100ms/99.9%
[9.246s][info][gc,marking  ] GC(6) Mark: 8 stripe(s), 3 proactive flush(es), 1 terminate flush(es), 0 completion(s), 0 continuation(s) 
[9.246s][info][gc,marking  ] GC(6) Mark Stack Usage: 32M
[9.246s][info][gc,nmethod  ] GC(6) NMethods: 7814 registered, 890 unregistered
[9.246s][info][gc,metaspace] GC(6) Metaspace: 70M used, 71M committed, 1088M reserved
[9.246s][info][gc,ref      ] GC(6) Soft: 3815 encountered, 0 discovered, 0 enqueued
[9.246s][info][gc,ref      ] GC(6) Weak: 10582 encountered, 1661 discovered, 0 enqueued
[9.246s][info][gc,ref      ] GC(6) Final: 289 encountered, 18 discovered, 0 enqueued
[9.246s][info][gc,ref      ] GC(6) Phantom: 423 encountered, 274 discovered, 0 enqueued
[9.246s][info][gc,reloc    ] GC(6) Small Pages: 118 / 236M, Empty: 14M, Relocated: 10M, In-Place: 0
[9.246s][info][gc,reloc    ] GC(6) Medium Pages: 0 / 0M, Empty: 0M, Relocated: 0M, In-Place: 0
[9.246s][info][gc,reloc    ] GC(6) Large Pages: 0 / 0M, Empty: 0M, Relocated: 0M, In-Place: 0
[9.246s][info][gc,reloc    ] GC(6) Forwarding Usage: 3M
[9.246s][info][gc,heap     ] GC(6) Min Capacity: 8M(1%)
[9.246s][info][gc,heap     ] GC(6) Max Capacity: 1024M(100%)
[9.246s][info][gc,heap     ] GC(6) Soft Max Capacity: 1024M(100%)
[9.246s][info][gc,heap     ] GC(6)                Mark Start          Mark End        Relocate Start      Relocate End           High               Low         
[9.246s][info][gc,heap     ] GC(6)  Capacity:     1024M (100%)       1024M (100%)       1024M (100%)       1024M (100%)       1024M (100%)       1024M (100%)   
[9.246s][info][gc,heap     ] GC(6)      Free:      788M (77%)         686M (67%)         650M (63%)         794M (78%)         794M (78%)         630M (62%)    
[9.246s][info][gc,heap     ] GC(6)      Used:      236M (23%)         338M (33%)         374M (37%)         230M (22%)         394M (38%)         230M (22%)    
[9.246s][info][gc,heap     ] GC(6)      Live:         -                52M (5%)           52M (5%)           52M (5%)             -                  -          
[9.246s][info][gc,heap     ] GC(6) Allocated:         -               102M (10%)         152M (15%)         156M (15%)            -                  -          
[9.246s][info][gc,heap     ] GC(6)   Garbage:         -               183M (18%)         169M (17%)          21M (2%)             -                  -          
[9.246s][info][gc,heap     ] GC(6) Reclaimed:         -                  -                14M (1%)          162M (16%)            -                  -          
[9.246s][info][gc          ] GC(6) Garbage Collection (Allocation Rate) 236M(23%)->230M(22%)
[9.296s][info][gc,start    ] GC(7) Garbage Collection (Allocation Rate)
[9.296s][info][gc,task     ] GC(7) Using 10 workers
[9.296s][info][gc,phases   ] GC(7) Pause Mark Start 0.009ms
[9.328s][info][gc,phases   ] GC(7) Concurrent Mark 31.402ms
[9.328s][info][gc,phases   ] GC(7) Pause Mark End 0.027ms
[9.413s][info][gc,phases   ] GC(7) Concurrent Mark Free 0.003ms
[9.419s][info][gc,phases   ] GC(7) Concurrent Process Non-Strong References 5.988ms
[9.420s][info][gc,phases   ] GC(7) Concurrent Reset Relocation Set 0.034ms
[9.426s][info][gc,phases   ] GC(7) Concurrent Select Relocation Set 6.614ms
[9.427s][info][gc,phases   ] GC(7) Pause Relocate Start 0.009ms
[9.434s][info][gc,phases   ] GC(7) Concurrent Relocate 6.410ms
[9.434s][info][gc,load     ] GC(7) Load: 0.00/0.00/0.00
[9.434s][info][gc,mmu      ] GC(7) MMU: 2ms/97.6%, 5ms/99.0%, 10ms/99.5%, 20ms/99.7%, 50ms/99.9%, 100ms/99.9%
[9.434s][info][gc,marking  ] GC(7) Mark: 8 stripe(s), 3 proactive flush(es), 1 terminate flush(es), 0 completion(s), 0 continuation(s) 
[9.434s][info][gc,marking  ] GC(7) Mark Stack Usage: 32M
[9.434s][info][gc,nmethod  ] GC(7) NMethods: 7762 registered, 1010 unregistered
[9.434s][info][gc,metaspace] GC(7) Metaspace: 70M used, 71M committed, 1088M reserved
[9.434s][info][gc,ref      ] GC(7) Soft: 3815 encountered, 0 discovered, 0 enqueued
[9.434s][info][gc,ref      ] GC(7) Weak: 10582 encountered, 1779 discovered, 0 enqueued
[9.434s][info][gc,ref      ] GC(7) Final: 289 encountered, 15 discovered, 0 enqueued
[9.434s][info][gc,ref      ] GC(7) Phantom: 423 encountered, 240 discovered, 0 enqueued
[9.434s][info][gc,reloc    ] GC(7) Small Pages: 145 / 290M, Empty: 36M, Relocated: 8M, In-Place: 0
[9.434s][info][gc,reloc    ] GC(7) Medium Pages: 0 / 0M, Empty: 0M, Relocated: 0M, In-Place: 0
[9.434s][info][gc,reloc    ] GC(7) Large Pages: 0 / 0M, Empty: 0M, Relocated: 0M, In-Place: 0
[9.434s][info][gc,reloc    ] GC(7) Forwarding Usage: 2M
[9.434s][info][gc,heap     ] GC(7) Min Capacity: 8M(1%)
[9.434s][info][gc,heap     ] GC(7) Max Capacity: 1024M(100%)
[9.434s][info][gc,heap     ] GC(7) Soft Max Capacity: 1024M(100%)
[9.434s][info][gc,heap     ] GC(7)                Mark Start          Mark End        Relocate Start      Relocate End           High               Low         
[9.434s][info][gc,heap     ] GC(7)  Capacity:     1024M (100%)       1024M (100%)       1024M (100%)       1024M (100%)       1024M (100%)       1024M (100%)   
[9.434s][info][gc,heap     ] GC(7)      Free:      734M (72%)         684M (67%)         606M (59%)         780M (76%)         782M (76%)         570M (56%)    
[9.434s][info][gc,heap     ] GC(7)      Used:      290M (28%)         340M (33%)         418M (41%)         244M (24%)         454M (44%)         242M (24%)    
[9.434s][info][gc,heap     ] GC(7)      Live:         -                52M (5%)           52M (5%)           52M (5%)             -                  -          
[9.434s][info][gc,heap     ] GC(7) Allocated:         -                50M (5%)          164M (16%)         169M (17%)            -                  -          
[9.434s][info][gc,heap     ] GC(7)   Garbage:         -               237M (23%)         201M (20%)          22M (2%)             -                  -          
[9.434s][info][gc,heap     ] GC(7) Reclaimed:         -                  -                36M (4%)          215M (21%)            -                  -          
[9.434s][info][gc          ] GC(7) Garbage Collection (Allocation Rate) 290M(28%)->244M(24%)
[9.499s][info][gc,start    ] GC(8) Garbage Collection (Allocation Rate)
[9.499s][info][gc,task     ] GC(8) Using 10 workers
[9.499s][info][gc,phases   ] GC(8) Pause Mark Start 0.010ms
[9.616s][info][gc,phases   ] GC(8) Concurrent Mark 115.771ms
[9.616s][info][gc,phases   ] GC(8) Pause Mark End 0.034ms
[9.687s][info][gc,phases   ] GC(8) Concurrent Mark Free 0.002ms
[9.705s][info][gc,phases   ] GC(8) Concurrent Process Non-Strong References 17.418ms
[9.705s][info][gc,phases   ] GC(8) Concurrent Reset Relocation Set 0.046ms
[9.717s][info][gc,phases   ] GC(8) Concurrent Select Relocation Set 12.312ms
[9.717s][info][gc,phases   ] GC(8) Pause Relocate Start 0.009ms
[9.726s][info][gc,phases   ] GC(8) Concurrent Relocate 8.096ms
[9.726s][info][gc,load     ] GC(8) Load: 0.00/0.00/0.00
[9.726s][info][gc,mmu      ] GC(8) MMU: 2ms/97.6%, 5ms/99.0%, 10ms/99.5%, 20ms/99.7%, 50ms/99.9%, 100ms/99.9%
[9.726s][info][gc,marking  ] GC(8) Mark: 8 stripe(s), 3 proactive flush(es), 1 terminate flush(es), 0 completion(s), 0 continuation(s) 
[9.726s][info][gc,marking  ] GC(8) Mark Stack Usage: 32M
[9.726s][info][gc,nmethod  ] GC(8) NMethods: 7780 registered, 1081 unregistered
[9.726s][info][gc,metaspace] GC(8) Metaspace: 70M used, 71M committed, 1088M reserved
[9.726s][info][gc,ref      ] GC(8) Soft: 3815 encountered, 0 discovered, 0 enqueued
[9.726s][info][gc,ref      ] GC(8) Weak: 10582 encountered, 2098 discovered, 0 enqueued
[9.726s][info][gc,ref      ] GC(8) Final: 289 encountered, 31 discovered, 0 enqueued
[9.726s][info][gc,ref      ] GC(8) Phantom: 423 encountered, 295 discovered, 0 enqueued
[9.727s][info][gc,reloc    ] GC(8) Small Pages: 163 / 326M, Empty: 50M, Relocated: 8M, In-Place: 0
[9.727s][info][gc,reloc    ] GC(8) Medium Pages: 0 / 0M, Empty: 0M, Relocated: 0M, In-Place: 0
[9.727s][info][gc,reloc    ] GC(8) Large Pages: 0 / 0M, Empty: 0M, Relocated: 0M, In-Place: 0
[9.727s][info][gc,reloc    ] GC(8) Forwarding Usage: 2M
[9.727s][info][gc,heap     ] GC(8) Min Capacity: 8M(1%)
[9.727s][info][gc,heap     ] GC(8) Max Capacity: 1024M(100%)
[9.727s][info][gc,heap     ] GC(8) Soft Max Capacity: 1024M(100%)
[9.727s][info][gc,heap     ] GC(8)                Mark Start          Mark End        Relocate Start      Relocate End           High               Low         
[9.727s][info][gc,heap     ] GC(8)  Capacity:     1024M (100%)       1024M (100%)       1024M (100%)       1024M (100%)       1024M (100%)       1024M (100%)   
[9.727s][info][gc,heap     ] GC(8)      Free:      698M (68%)         528M (52%)         444M (43%)         638M (62%)         698M (68%)         402M (39%)    
[9.727s][info][gc,heap     ] GC(8)      Used:      326M (32%)         496M (48%)         580M (57%)         386M (38%)         622M (61%)         326M (32%)    
[9.727s][info][gc,heap     ] GC(8)      Live:         -                52M (5%)           52M (5%)           52M (5%)             -                  -          
[9.727s][info][gc,heap     ] GC(8) Allocated:         -               170M (17%)         304M (30%)         311M (30%)            -                  -          
[9.727s][info][gc,heap     ] GC(8)   Garbage:         -               273M (27%)         223M (22%)          22M (2%)             -                  -          
[9.727s][info][gc,heap     ] GC(8) Reclaimed:         -                  -                50M (5%)          251M (25%)            -                  -          
[9.727s][info][gc          ] GC(8) Garbage Collection (Allocation Rate) 326M(32%)->386M(38%)
[9.797s][info][gc,start    ] GC(9) Garbage Collection (Allocation Rate)
[9.797s][info][gc,task     ] GC(9) Using 10 workers
[9.797s][info][gc,phases   ] GC(9) Pause Mark Start 0.010ms
[9.885s][info][gc,phases   ] GC(9) Concurrent Mark 87.409ms
[9.885s][info][gc,phases   ] GC(9) Pause Mark End 0.027ms
[9.914s][info][gc,phases   ] GC(9) Concurrent Mark Free 0.004ms
[9.920s][info][gc,phases   ] GC(9) Concurrent Process Non-Strong References 5.492ms
[9.920s][info][gc,phases   ] GC(9) Concurrent Reset Relocation Set 0.033ms
[9.925s][info][gc,phases   ] GC(9) Concurrent Select Relocation Set 5.201ms
[9.925s][info][gc,phases   ] GC(9) Pause Relocate Start 0.007ms
[9.932s][info][gc,phases   ] GC(9) Concurrent Relocate 6.366ms
[9.932s][info][gc,load     ] GC(9) Load: 0.00/0.00/0.00
[9.932s][info][gc,mmu      ] GC(9) MMU: 2ms/97.6%, 5ms/99.0%, 10ms/99.5%, 20ms/99.7%, 50ms/99.9%, 100ms/99.9%
[9.932s][info][gc,marking  ] GC(9) Mark: 8 stripe(s), 3 proactive flush(es), 1 terminate flush(es), 0 completion(s), 0 continuation(s) 
[9.932s][info][gc,marking  ] GC(9) Mark Stack Usage: 32M
[9.932s][info][gc,nmethod  ] GC(9) NMethods: 7815 registered, 1167 unregistered
[9.932s][info][gc,metaspace] GC(9) Metaspace: 70M used, 71M committed, 1088M reserved
[9.932s][info][gc,ref      ] GC(9) Soft: 3815 encountered, 0 discovered, 0 enqueued
[9.932s][info][gc,ref      ] GC(9) Weak: 10582 encountered, 1273 discovered, 0 enqueued
[9.932s][info][gc,ref      ] GC(9) Final: 289 encountered, 14 discovered, 0 enqueued
[9.932s][info][gc,ref      ] GC(9) Phantom: 423 encountered, 379 discovered, 0 enqueued
[9.932s][info][gc,reloc    ] GC(9) Small Pages: 244 / 488M, Empty: 198M, Relocated: 6M, In-Place: 0
[9.932s][info][gc,reloc    ] GC(9) Medium Pages: 0 / 0M, Empty: 0M, Relocated: 0M, In-Place: 0
[9.932s][info][gc,reloc    ] GC(9) Large Pages: 0 / 0M, Empty: 0M, Relocated: 0M, In-Place: 0
[9.933s][info][gc,reloc    ] GC(9) Forwarding Usage: 2M
[9.933s][info][gc,heap     ] GC(9) Min Capacity: 8M(1%)
[9.933s][info][gc,heap     ] GC(9) Max Capacity: 1024M(100%)
[9.933s][info][gc,heap     ] GC(9) Soft Max Capacity: 1024M(100%)
[9.933s][info][gc,heap     ] GC(9)                Mark Start          Mark End        Relocate Start      Relocate End           High               Low         
[9.933s][info][gc,heap     ] GC(9)  Capacity:     1024M (100%)       1024M (100%)       1024M (100%)       1024M (100%)       1024M (100%)       1024M (100%)   
[9.933s][info][gc,heap     ] GC(9)      Free:      536M (52%)         384M (38%)         520M (51%)         732M (71%)         732M (71%)         330M (32%)    
[9.933s][info][gc,heap     ] GC(9)      Used:      488M (48%)         640M (63%)         504M (49%)         292M (29%)         694M (68%)         292M (29%)    
[9.933s][info][gc,heap     ] GC(9)      Live:         -                52M (5%)           52M (5%)           52M (5%)             -                  -          
[9.933s][info][gc,heap     ] GC(9) Allocated:         -               152M (15%)         214M (21%)         215M (21%)            -                  -          
[9.933s][info][gc,heap     ] GC(9)   Garbage:         -               435M (43%)         237M (23%)          24M (2%)             -                  -          
[9.933s][info][gc,heap     ] GC(9) Reclaimed:         -                  -               198M (19%)         411M (40%)            -                  -          
[9.933s][info][gc          ] GC(9) Garbage Collection (Allocation Rate) 488M(48%)->292M(29%)
[9.996s][info][gc,start    ] GC(10) Garbage Collection (Allocation Rate)
[9.996s][info][gc,task     ] GC(10) Using 10 workers
[9.996s][info][gc,phases   ] GC(10) Pause Mark Start 0.011ms
[10.024s][info][gc,phases   ] GC(10) Concurrent Mark 27.667ms
[10.024s][info][gc,phases   ] GC(10) Pause Mark End 0.026ms
[10.074s][info][gc,phases   ] GC(10) Concurrent Mark Free 0.004ms
[10.079s][info][gc,phases   ] GC(10) Concurrent Process Non-Strong References 5.215ms
[10.079s][info][gc,phases   ] GC(10) Concurrent Reset Relocation Set 0.044ms
[10.085s][info][gc,phases   ] GC(10) Concurrent Select Relocation Set 5.372ms
[10.085s][info][gc,phases   ] GC(10) Pause Relocate Start 0.009ms
[10.092s][info][gc,phases   ] GC(10) Concurrent Relocate 6.884ms
[10.093s][info][gc,load     ] GC(10) Load: 0.00/0.00/0.00
[10.093s][info][gc,mmu      ] GC(10) MMU: 2ms/97.6%, 5ms/99.0%, 10ms/99.5%, 20ms/99.7%, 50ms/99.9%, 100ms/99.9%
[10.093s][info][gc,marking  ] GC(10) Mark: 8 stripe(s), 3 proactive flush(es), 1 terminate flush(es), 0 completion(s), 0 continuation(s) 
[10.093s][info][gc,marking  ] GC(10) Mark Stack Usage: 32M
[10.093s][info][gc,nmethod  ] GC(10) NMethods: 7759 registered, 1279 unregistered
[10.093s][info][gc,metaspace] GC(10) Metaspace: 70M used, 71M committed, 1088M reserved
[10.093s][info][gc,ref      ] GC(10) Soft: 3815 encountered, 0 discovered, 0 enqueued
[10.093s][info][gc,ref      ] GC(10) Weak: 10582 encountered, 1465 discovered, 0 enqueued
[10.093s][info][gc,ref      ] GC(10) Final: 289 encountered, 17 discovered, 0 enqueued
[10.093s][info][gc,ref      ] GC(10) Phantom: 423 encountered, 278 discovered, 0 enqueued
[10.093s][info][gc,reloc    ] GC(10) Small Pages: 198 / 396M, Empty: 134M, Relocated: 6M, In-Place: 0
[10.093s][info][gc,reloc    ] GC(10) Medium Pages: 0 / 0M, Empty: 0M, Relocated: 0M, In-Place: 0
[10.093s][info][gc,reloc    ] GC(10) Large Pages: 0 / 0M, Empty: 0M, Relocated: 0M, In-Place: 0
[10.093s][info][gc,reloc    ] GC(10) Forwarding Usage: 2M
[10.093s][info][gc,heap     ] GC(10) Min Capacity: 8M(1%)
[10.093s][info][gc,heap     ] GC(10) Max Capacity: 1024M(100%)
[10.093s][info][gc,heap     ] GC(10) Soft Max Capacity: 1024M(100%)
[10.093s][info][gc,heap     ] GC(10)                Mark Start          Mark End        Relocate Start      Relocate End           High               Low         
[10.093s][info][gc,heap     ] GC(10)  Capacity:     1024M (100%)       1024M (100%)       1024M (100%)       1024M (100%)       1024M (100%)       1024M (100%)   
[10.093s][info][gc,heap     ] GC(10)      Free:      628M (61%)         568M (55%)         598M (58%)         776M (76%)         778M (76%)         472M (46%)    
[10.093s][info][gc,heap     ] GC(10)      Used:      396M (39%)         456M (45%)         426M (42%)         248M (24%)         552M (54%)         246M (24%)    
[10.093s][info][gc,heap     ] GC(10)      Live:         -                52M (5%)           52M (5%)           52M (5%)             -                  -          
[10.093s][info][gc,heap     ] GC(10) Allocated:         -                60M (6%)          164M (16%)         171M (17%)            -                  -          
[10.093s][info][gc,heap     ] GC(10)   Garbage:         -               343M (34%)         209M (20%)          24M (2%)             -                  -          
[10.093s][info][gc,heap     ] GC(10) Reclaimed:         -                  -               134M (13%)         319M (31%)            -                  -          
[10.093s][info][gc          ] GC(10) Garbage Collection (Allocation Rate) 396M(39%)->248M(24%)
[10.096s][info][gc,stats    ] === Garbage Collection Statistics =======================================================================================================================
[10.096s][info][gc,stats    ]                                                              Last 10s              Last 10m              Last 10h                Total
[10.096s][info][gc,stats    ]                                                              Avg / Max             Avg / Max             Avg / Max             Avg / Max
[10.096s][info][gc,stats    ]   Collector: Garbage Collection Cycle                    117.625 / 227.632     117.625 / 227.632     117.625 / 227.632     117.625 / 227.632     ms
[10.096s][info][gc,stats    ]  Contention: Mark Segment Reset Contention                     5 / 38                5 / 38                5 / 38                5 / 38          ops/s
[10.096s][info][gc,stats    ]  Contention: Mark SeqNum Reset Contention                      1 / 9                 1 / 9                 1 / 9                 1 / 9           ops/s
[10.096s][info][gc,stats    ]    Critical: Allocation Stall                                  0 / 0                 0 / 0                 0 / 0                 0 / 0           ops/s
[10.096s][info][gc,stats    ]    Critical: Allocation Stall                              0.000 / 0.000         0.000 / 0.000         0.000 / 0.000         0.000 / 0.000       ms
[10.096s][info][gc,stats    ]    Critical: GC Locker Stall                                   0 / 0                 0 / 0                 0 / 0                 0 / 0           ops/s
[10.096s][info][gc,stats    ]    Critical: GC Locker Stall                               0.000 / 0.000         0.000 / 0.000         0.000 / 0.000         0.000 / 0.000       ms
[10.096s][info][gc,stats    ]    Critical: Relocation Stall                                  0 / 0                 0 / 0                 0 / 0                 0 / 0           ops/s
[10.096s][info][gc,stats    ]    Critical: Relocation Stall                              0.000 / 0.000         0.000 / 0.000         0.000 / 0.000         0.000 / 0.000       ms
[10.096s][info][gc,stats    ]      Memory: Allocation Rate                                 307 / 1634            307 / 1634            307 / 1634            307 / 1634        MB/s
[10.096s][info][gc,stats    ]      Memory: Defragment                                        0 / 0                 0 / 0                 0 / 0                 0 / 0           ops/s
[10.096s][info][gc,stats    ]      Memory: Out Of Memory                                     0 / 0                 0 / 0                 0 / 0                 0 / 0           ops/s
[10.096s][info][gc,stats    ]      Memory: Page Cache Flush                                  0 / 0                 0 / 0                 0 / 0                 0 / 0           MB/s
[10.096s][info][gc,stats    ]      Memory: Page Cache Hit L1                               130 / 828             130 / 828             130 / 828             130 / 828         ops/s
[10.096s][info][gc,stats    ]      Memory: Page Cache Hit L2                                 0 / 0                 0 / 0                 0 / 0                 0 / 0           ops/s
[10.096s][info][gc,stats    ]      Memory: Page Cache Hit L3                                34 / 186              34 / 186              34 / 186              34 / 186         ops/s
[10.096s][info][gc,stats    ]      Memory: Page Cache Miss                                   0 / 1                 0 / 1                 0 / 1                 0 / 1           ops/s
[10.096s][info][gc,stats    ]      Memory: Uncommit                                          0 / 0                 0 / 0                 0 / 0                 0 / 0           MB/s
[10.096s][info][gc,stats    ]      Memory: Undo Object Allocation Failed                    96 / 650              96 / 650              96 / 650              96 / 650         ops/s
[10.096s][info][gc,stats    ]      Memory: Undo Object Allocation Succeeded                 13 / 73               13 / 73               13 / 73               13 / 73          ops/s
[10.096s][info][gc,stats    ]      Memory: Undo Page Allocation                             20 / 126              20 / 126              20 / 126              20 / 126         ops/s
[10.096s][info][gc,stats    ]       Phase: Concurrent Mark                              55.792 / 115.771      55.792 / 115.771      55.792 / 115.771      55.792 / 115.771     ms
[10.096s][info][gc,stats    ]       Phase: Concurrent Mark Continue                      0.000 / 0.000         0.000 / 0.000         0.000 / 0.000         0.000 / 0.000       ms
[10.096s][info][gc,stats    ]       Phase: Concurrent Mark Free                          0.002 / 0.004         0.002 / 0.004         0.002 / 0.004         0.002 / 0.004       ms
[10.096s][info][gc,stats    ]       Phase: Concurrent Process Non-Strong References     13.183 / 41.839       13.183 / 41.839       13.183 / 41.839       13.183 / 41.839      ms
[10.096s][info][gc,stats    ]       Phase: Concurrent Relocate                           9.069 / 17.218        9.069 / 17.218        9.069 / 17.218        9.069 / 17.218      ms
[10.096s][info][gc,stats    ]       Phase: Concurrent Reset Relocation Set               0.030 / 0.065         0.030 / 0.065         0.030 / 0.065         0.030 / 0.065       ms
[10.096s][info][gc,stats    ]       Phase: Concurrent Select Relocation Set              7.652 / 16.366        7.652 / 16.366        7.652 / 16.366        7.652 / 16.366      ms
[10.096s][info][gc,stats    ]       Phase: Pause Mark End                                0.028 / 0.048         0.028 / 0.048         0.028 / 0.048         0.028 / 0.048       ms
[10.096s][info][gc,stats    ]       Phase: Pause Mark Start                              0.011 / 0.014         0.011 / 0.014         0.011 / 0.014         0.011 / 0.014       ms
[10.096s][info][gc,stats    ]       Phase: Pause Relocate Start                          0.008 / 0.009         0.008 / 0.009         0.008 / 0.009         0.008 / 0.009       ms
[10.096s][info][gc,stats    ]    Subphase: Concurrent Classes Purge                      0.999 / 3.466         0.999 / 3.466         0.999 / 3.466         0.999 / 3.466       ms
[10.096s][info][gc,stats    ]    Subphase: Concurrent Classes Unlink                     6.285 / 28.260        6.285 / 28.260        6.285 / 28.260        6.285 / 28.260      ms
[10.096s][info][gc,stats    ]    Subphase: Concurrent Mark                              44.549 / 105.892      44.549 / 105.892      44.549 / 105.892      44.549 / 105.892     ms
[10.096s][info][gc,stats    ]    Subphase: Concurrent Mark Try Flush                     6.383 / 42.138        6.383 / 42.138        6.383 / 42.138        6.383 / 42.138      ms
[10.096s][info][gc,stats    ]    Subphase: Concurrent Mark Try Terminate                 3.349 / 16.750        3.349 / 16.750        3.349 / 16.750        3.349 / 16.750      ms
[10.096s][info][gc,stats    ]    Subphase: Concurrent References Enqueue                 0.002 / 0.007         0.002 / 0.007         0.002 / 0.007         0.002 / 0.007       ms
[10.096s][info][gc,stats    ]    Subphase: Concurrent References Process                 0.289 / 0.746         0.289 / 0.746         0.289 / 0.746         0.289 / 0.746       ms
[10.096s][info][gc,stats    ]    Subphase: Concurrent Roots ClassLoaderDataGraph         0.098 / 1.405         0.098 / 1.405         0.098 / 1.405         0.098 / 1.405       ms
[10.096s][info][gc,stats    ]    Subphase: Concurrent Roots CodeCache                    0.000 / 0.000         0.000 / 0.000         0.000 / 0.000         0.000 / 0.000       ms
[10.096s][info][gc,stats    ]    Subphase: Concurrent Roots JavaThreads                 10.564 / 24.995       10.564 / 24.995       10.564 / 24.995       10.564 / 24.995      ms
[10.096s][info][gc,stats    ]    Subphase: Concurrent Roots OopStorageSet                0.092 / 0.966         0.092 / 0.966         0.092 / 0.966         0.092 / 0.966       ms
[10.096s][info][gc,stats    ]    Subphase: Concurrent Weak Roots OopStorageSet           0.346 / 0.607         0.346 / 0.607         0.346 / 0.607         0.346 / 0.607       ms
[10.097s][info][gc,stats    ]    Subphase: Pause Mark Try Complete                       0.001 / 0.003         0.001 / 0.003         0.001 / 0.003         0.001 / 0.003       ms
[10.097s][info][gc,stats    ]      System: Java Threads                                    142 / 176             142 / 176             142 / 176             142 / 176         threads
[10.097s][info][gc,start    ] GC(11) Garbage Collection (Allocation Rate)
[10.097s][info][gc,stats    ] =========================================================================================================================================================
[10.097s][info][gc,task     ] GC(11) Using 10 workers
[10.097s][info][gc,phases   ] GC(11) Pause Mark Start 0.011ms
[10.127s][info][gc,phases   ] GC(11) Concurrent Mark 29.864ms
[10.127s][info][gc,phases   ] GC(11) Pause Mark End 0.027ms
[10.176s][info][gc,phases   ] GC(11) Concurrent Mark Free 0.002ms
[10.184s][info][gc,phases   ] GC(11) Concurrent Process Non-Strong References 7.360ms
[10.184s][info][gc,phases   ] GC(11) Concurrent Reset Relocation Set 0.036ms
[10.189s][info][gc,phases   ] GC(11) Concurrent Select Relocation Set 5.097ms
[10.189s][info][gc,phases   ] GC(11) Pause Relocate Start 0.009ms
[10.195s][info][gc,phases   ] GC(11) Concurrent Relocate 5.455ms
[10.195s][info][gc,load     ] GC(11) Load: 0.00/0.00/0.00
[10.195s][info][gc,mmu      ] GC(11) MMU: 2ms/97.6%, 5ms/99.0%, 10ms/99.5%, 20ms/99.7%, 50ms/99.9%, 100ms/99.9%
[10.195s][info][gc,marking  ] GC(11) Mark: 8 stripe(s), 3 proactive flush(es), 1 terminate flush(es), 0 completion(s), 0 continuation(s) 
[10.195s][info][gc,marking  ] GC(11) Mark Stack Usage: 32M
[10.195s][info][gc,nmethod  ] GC(11) NMethods: 7767 registered, 1307 unregistered
[10.195s][info][gc,metaspace] GC(11) Metaspace: 70M used, 71M committed, 1088M reserved
[10.195s][info][gc,ref      ] GC(11) Soft: 3815 encountered, 0 discovered, 0 enqueued
[10.195s][info][gc,ref      ] GC(11) Weak: 10582 encountered, 2135 discovered, 0 enqueued
[10.195s][info][gc,ref      ] GC(11) Final: 289 encountered, 10 discovered, 0 enqueued
[10.195s][info][gc,ref      ] GC(11) Phantom: 423 encountered, 279 discovered, 0 enqueued
[10.195s][info][gc,reloc    ] GC(11) Small Pages: 128 / 256M, Empty: 14M, Relocated: 6M, In-Place: 0
[10.195s][info][gc,reloc    ] GC(11) Medium Pages: 0 / 0M, Empty: 0M, Relocated: 0M, In-Place: 0
[10.195s][info][gc,reloc    ] GC(11) Large Pages: 0 / 0M, Empty: 0M, Relocated: 0M, In-Place: 0
[10.195s][info][gc,reloc    ] GC(11) Forwarding Usage: 2M
[10.196s][info][gc,heap     ] GC(11) Min Capacity: 8M(1%)
[10.196s][info][gc,heap     ] GC(11) Max Capacity: 1024M(100%)
[10.196s][info][gc,heap     ] GC(11) Soft Max Capacity: 1024M(100%)
[10.196s][info][gc,heap     ] GC(11)                Mark Start          Mark End        Relocate Start      Relocate End           High               Low         
[10.196s][info][gc,heap     ] GC(11)  Capacity:     1024M (100%)       1024M (100%)       1024M (100%)       1024M (100%)       1024M (100%)       1024M (100%)   
[10.196s][info][gc,heap     ] GC(11)      Free:      768M (75%)         708M (69%)         614M (60%)         774M (76%)         774M (76%)         594M (58%)    
[10.196s][info][gc,heap     ] GC(11)      Used:      256M (25%)         316M (31%)         410M (40%)         250M (24%)         430M (42%)         250M (24%)    
[10.196s][info][gc,heap     ] GC(11)      Live:         -                52M (5%)           52M (5%)           52M (5%)             -                  -          
[10.196s][info][gc,heap     ] GC(11) Allocated:         -                60M (6%)          168M (16%)         173M (17%)            -                  -          
[10.196s][info][gc,heap     ] GC(11)   Garbage:         -               203M (20%)         189M (19%)          24M (2%)             -                  -          
[10.196s][info][gc,heap     ] GC(11) Reclaimed:         -                  -                14M (1%)          179M (18%)            -                  -          
[10.196s][info][gc          ] GC(11) Garbage Collection (Allocation Rate) 256M(25%)->250M(24%)
[10.203s][info][gc,start    ] GC(12) Garbage Collection (Allocation Rate)
[10.203s][info][gc,task     ] GC(12) Using 10 workers
[10.235s][info][gc,phases   ] GC(12) Pause Mark Start 0.015ms
[10.291s][info][gc,phases   ] GC(12) Concurrent Mark 55.106ms
[10.291s][info][gc,phases   ] GC(12) Pause Mark End 0.031ms
[10.296s][info][gc,phases   ] GC(12) Concurrent Mark Free 0.003ms
[10.301s][info][gc,phases   ] GC(12) Concurrent Process Non-Strong References 5.615ms
[10.302s][info][gc,phases   ] GC(12) Concurrent Reset Relocation Set 0.031ms
[10.307s][info][gc,phases   ] GC(12) Concurrent Select Relocation Set 5.573ms
[10.307s][info][gc,phases   ] GC(12) Pause Relocate Start 0.009ms
[10.312s][info][gc,phases   ] GC(12) Concurrent Relocate 4.413ms
[10.312s][info][gc,load     ] GC(12) Load: 0.00/0.00/0.00
[10.312s][info][gc,mmu      ] GC(12) MMU: 2ms/97.6%, 5ms/99.0%, 10ms/99.5%, 20ms/99.7%, 50ms/99.9%, 100ms/99.9%
[10.312s][info][gc,marking  ] GC(12) Mark: 8 stripe(s), 3 proactive flush(es), 1 terminate flush(es), 0 completion(s), 0 continuation(s) 
[10.312s][info][gc,marking  ] GC(12) Mark Stack Usage: 32M
[10.312s][info][gc,nmethod  ] GC(12) NMethods: 7770 registered, 1352 unregistered
[10.313s][info][gc,metaspace] GC(12) Metaspace: 70M used, 71M committed, 1088M reserved
[10.313s][info][gc,ref      ] GC(12) Soft: 3815 encountered, 0 discovered, 0 enqueued
[10.313s][info][gc,ref      ] GC(12) Weak: 10582 encountered, 965 discovered, 0 enqueued
[10.313s][info][gc,ref      ] GC(12) Final: 289 encountered, 14 discovered, 0 enqueued
[10.313s][info][gc,ref      ] GC(12) Phantom: 423 encountered, 206 discovered, 0 enqueued
[10.313s][info][gc,reloc    ] GC(12) Small Pages: 133 / 266M, Empty: 24M, Relocated: 6M, In-Place: 0
[10.313s][info][gc,reloc    ] GC(12) Medium Pages: 0 / 0M, Empty: 0M, Relocated: 0M, In-Place: 0
[10.313s][info][gc,reloc    ] GC(12) Large Pages: 0 / 0M, Empty: 0M, Relocated: 0M, In-Place: 0
[10.313s][info][gc,reloc    ] GC(12) Forwarding Usage: 2M
[10.313s][info][gc,heap     ] GC(12) Min Capacity: 8M(1%)
[10.313s][info][gc,heap     ] GC(12) Max Capacity: 1024M(100%)
[10.313s][info][gc,heap     ] GC(12) Soft Max Capacity: 1024M(100%)
[10.313s][info][gc,heap     ] GC(12)                Mark Start          Mark End        Relocate Start      Relocate End           High               Low         
[10.313s][info][gc,heap     ] GC(12)  Capacity:     1024M (100%)       1024M (100%)       1024M (100%)       1024M (100%)       1024M (100%)       1024M (100%)   
[10.313s][info][gc,heap     ] GC(12)      Free:      758M (74%)         664M (65%)         660M (64%)         820M (80%)         822M (80%)         638M (62%)    
[10.313s][info][gc,heap     ] GC(12)      Used:      266M (26%)         360M (35%)         364M (36%)         204M (20%)         386M (38%)         202M (20%)    
[10.313s][info][gc,heap     ] GC(12)      Live:         -                52M (5%)           52M (5%)           52M (5%)             -                  -          
[10.313s][info][gc,heap     ] GC(12) Allocated:         -                94M (9%)          122M (12%)         127M (12%)            -                  -          
[10.313s][info][gc,heap     ] GC(12)   Garbage:         -               213M (21%)         189M (19%)          24M (2%)             -                  -          
[10.313s][info][gc,heap     ] GC(12) Reclaimed:         -                  -                24M (2%)          189M (18%)            -                  -          
[10.313s][info][gc          ] GC(12) Garbage Collection (Allocation Rate) 266M(26%)->204M(20%)
[10.403s][info][gc,start    ] GC(13) Garbage Collection (Allocation Rate)
[10.403s][info][gc,task     ] GC(13) Using 10 workers
[10.403s][info][gc,phases   ] GC(13) Pause Mark Start 0.009ms
[10.471s][info][gc,phases   ] GC(13) Concurrent Mark 67.486ms
[10.472s][info][gc,phases   ] GC(13) Pause Mark End 0.030ms
[10.484s][info][gc,phases   ] GC(13) Concurrent Mark Free 0.004ms
[10.492s][info][gc,phases   ] GC(13) Concurrent Process Non-Strong References 7.321ms
[10.492s][info][gc,phases   ] GC(13) Concurrent Reset Relocation Set 0.040ms
[10.497s][info][gc,phases   ] GC(13) Concurrent Select Relocation Set 5.058ms
[10.497s][info][gc,phases   ] GC(13) Pause Relocate Start 0.008ms
[10.502s][info][gc,phases   ] GC(13) Concurrent Relocate 4.221ms
[10.502s][info][gc,load     ] GC(13) Load: 0.00/0.00/0.00
[10.502s][info][gc,mmu      ] GC(13) MMU: 2ms/97.6%, 5ms/99.0%, 10ms/99.5%, 20ms/99.7%, 50ms/99.9%, 100ms/99.9%
[10.502s][info][gc,marking  ] GC(13) Mark: 8 stripe(s), 3 proactive flush(es), 1 terminate flush(es), 0 completion(s), 0 continuation(s) 
[10.502s][info][gc,marking  ] GC(13) Mark Stack Usage: 32M
[10.502s][info][gc,nmethod  ] GC(13) NMethods: 7775 registered, 1401 unregistered
[10.502s][info][gc,metaspace] GC(13) Metaspace: 70M used, 71M committed, 1088M reserved
[10.502s][info][gc,ref      ] GC(13) Soft: 3815 encountered, 0 discovered, 0 enqueued
[10.502s][info][gc,ref      ] GC(13) Weak: 10582 encountered, 1683 discovered, 0 enqueued
[10.502s][info][gc,ref      ] GC(13) Final: 289 encountered, 29 discovered, 0 enqueued
[10.502s][info][gc,ref      ] GC(13) Phantom: 423 encountered, 269 discovered, 0 enqueued
[10.502s][info][gc,reloc    ] GC(13) Small Pages: 186 / 372M, Empty: 88M, Relocated: 6M, In-Place: 0
[10.502s][info][gc,reloc    ] GC(13) Medium Pages: 0 / 0M, Empty: 0M, Relocated: 0M, In-Place: 0
[10.502s][info][gc,reloc    ] GC(13) Large Pages: 0 / 0M, Empty: 0M, Relocated: 0M, In-Place: 0
[10.502s][info][gc,reloc    ] GC(13) Forwarding Usage: 1M
[10.502s][info][gc,heap     ] GC(13) Min Capacity: 8M(1%)
[10.502s][info][gc,heap     ] GC(13) Max Capacity: 1024M(100%)
[10.502s][info][gc,heap     ] GC(13) Soft Max Capacity: 1024M(100%)
[10.502s][info][gc,heap     ] GC(13)                Mark Start          Mark End        Relocate Start      Relocate End           High               Low         
[10.502s][info][gc,heap     ] GC(13)  Capacity:     1024M (100%)       1024M (100%)       1024M (100%)       1024M (100%)       1024M (100%)       1024M (100%)   
[10.503s][info][gc,heap     ] GC(13)      Free:      652M (64%)         508M (50%)         548M (54%)         752M (73%)         752M (73%)         460M (45%)    
[10.503s][info][gc,heap     ] GC(13)      Used:      372M (36%)         516M (50%)         476M (46%)         272M (27%)         564M (55%)         272M (27%)    
[10.503s][info][gc,heap     ] GC(13)      Live:         -                51M (5%)           51M (5%)           51M (5%)             -                  -          
[10.503s][info][gc,heap     ] GC(13) Allocated:         -               144M (14%)         192M (19%)         195M (19%)            -                  -          
[10.503s][info][gc,heap     ] GC(13)   Garbage:         -               320M (31%)         232M (23%)          24M (2%)             -                  -          
[10.503s][info][gc,heap     ] GC(13) Reclaimed:         -                  -                88M (9%)          295M (29%)            -                  -          
[10.503s][info][gc          ] GC(13) Garbage Collection (Allocation Rate) 372M(36%)->272M(27%)
[10.601s][info][gc,start    ] GC(14) Garbage Collection (Allocation Rate)
[10.601s][info][gc,task     ] GC(14) Using 10 workers
[10.602s][info][gc,phases   ] GC(14) Pause Mark Start 0.012ms
[10.659s][info][gc,phases   ] GC(14) Concurrent Mark 56.968ms
[10.659s][info][gc,phases   ] GC(14) Pause Mark End 0.027ms
[10.687s][info][gc,phases   ] GC(14) Concurrent Mark Free 0.002ms
[10.708s][info][gc,phases   ] GC(14) Concurrent Process Non-Strong References 20.895ms
[10.708s][info][gc,phases   ] GC(14) Concurrent Reset Relocation Set 0.042ms
[10.716s][info][gc,phases   ] GC(14) Concurrent Select Relocation Set 8.652ms
[10.717s][info][gc,phases   ] GC(14) Pause Relocate Start 0.008ms
[10.721s][info][gc,phases   ] GC(14) Concurrent Relocate 4.054ms
[10.721s][info][gc,load     ] GC(14) Load: 0.00/0.00/0.00
[10.721s][info][gc,mmu      ] GC(14) MMU: 2ms/97.6%, 5ms/99.0%, 10ms/99.5%, 20ms/99.7%, 50ms/99.9%, 100ms/99.9%
[10.721s][info][gc,marking  ] GC(14) Mark: 8 stripe(s), 6 proactive flush(es), 1 terminate flush(es), 0 completion(s), 0 continuation(s) 
[10.721s][info][gc,marking  ] GC(14) Mark Stack Usage: 32M
[10.721s][info][gc,nmethod  ] GC(14) NMethods: 7797 registered, 1458 unregistered
[10.721s][info][gc,metaspace] GC(14) Metaspace: 70M used, 71M committed, 1088M reserved
[10.721s][info][gc,ref      ] GC(14) Soft: 3815 encountered, 0 discovered, 0 enqueued
[10.721s][info][gc,ref      ] GC(14) Weak: 10582 encountered, 1697 discovered, 0 enqueued
[10.721s][info][gc,ref      ] GC(14) Final: 289 encountered, 26 discovered, 0 enqueued
[10.721s][info][gc,ref      ] GC(14) Phantom: 423 encountered, 376 discovered, 0 enqueued
[10.721s][info][gc,reloc    ] GC(14) Small Pages: 232 / 464M, Empty: 182M, Relocated: 6M, In-Place: 0
[10.721s][info][gc,reloc    ] GC(14) Medium Pages: 0 / 0M, Empty: 0M, Relocated: 0M, In-Place: 0
[10.721s][info][gc,reloc    ] GC(14) Large Pages: 0 / 0M, Empty: 0M, Relocated: 0M, In-Place: 0
[10.721s][info][gc,reloc    ] GC(14) Forwarding Usage: 2M
[10.721s][info][gc,heap     ] GC(14) Min Capacity: 8M(1%)
[10.721s][info][gc,heap     ] GC(14) Max Capacity: 1024M(100%)
[10.721s][info][gc,heap     ] GC(14) Soft Max Capacity: 1024M(100%)
[10.721s][info][gc,heap     ] GC(14)                Mark Start          Mark End        Relocate Start      Relocate End           High               Low         
[10.721s][info][gc,heap     ] GC(14)  Capacity:     1024M (100%)       1024M (100%)       1024M (100%)       1024M (100%)       1024M (100%)       1024M (100%)   
[10.721s][info][gc,heap     ] GC(14)      Free:      560M (55%)         432M (42%)         494M (48%)         696M (68%)         696M (68%)         330M (32%)    
[10.721s][info][gc,heap     ] GC(14)      Used:      464M (45%)         592M (58%)         530M (52%)         328M (32%)         694M (68%)         328M (32%)    
[10.721s][info][gc,heap     ] GC(14)      Live:         -                52M (5%)           52M (5%)           52M (5%)             -                  -          
[10.721s][info][gc,heap     ] GC(14) Allocated:         -               128M (13%)         248M (24%)         251M (25%)            -                  -          
[10.721s][info][gc,heap     ] GC(14)   Garbage:         -               411M (40%)         229M (22%)          24M (2%)             -                  -          
[10.721s][info][gc,heap     ] GC(14) Reclaimed:         -                  -               182M (18%)         387M (38%)            -                  -          
[10.722s][info][gc          ] GC(14) Garbage Collection (Allocation Rate) 464M(45%)->328M(32%)
[10.798s][info][gc,start    ] GC(15) Garbage Collection (Allocation Rate)
[10.798s][info][gc,task     ] GC(15) Using 10 workers
[10.829s][info][gc,phases   ] GC(15) Pause Mark Start 0.013ms
[10.886s][info][gc,phases   ] GC(15) Concurrent Mark 56.385ms
[10.887s][info][gc,phases   ] GC(15) Pause Mark End 0.031ms
[10.890s][info][gc,phases   ] GC(15) Concurrent Mark Free 0.002ms
[10.895s][info][gc,phases   ] GC(15) Concurrent Process Non-Strong References 5.093ms
[10.895s][info][gc,phases   ] GC(15) Concurrent Reset Relocation Set 0.030ms
[10.904s][info][gc,phases   ] GC(15) Concurrent Select Relocation Set 9.197ms
[10.904s][info][gc,phases   ] GC(15) Pause Relocate Start 0.011ms
[10.909s][info][gc,phases   ] GC(15) Concurrent Relocate 3.674ms
[10.909s][info][gc,load     ] GC(15) Load: 0.00/0.00/0.00
[10.909s][info][gc,mmu      ] GC(15) MMU: 2ms/97.6%, 5ms/99.0%, 10ms/99.5%, 20ms/99.7%, 50ms/99.9%, 100ms/99.9%
[10.909s][info][gc,marking  ] GC(15) Mark: 8 stripe(s), 3 proactive flush(es), 1 terminate flush(es), 0 completion(s), 0 continuation(s) 
[10.909s][info][gc,marking  ] GC(15) Mark Stack Usage: 32M
[10.909s][info][gc,nmethod  ] GC(15) NMethods: 7790 registered, 1542 unregistered
[10.909s][info][gc,metaspace] GC(15) Metaspace: 70M used, 71M committed, 1088M reserved
[10.909s][info][gc,ref      ] GC(15) Soft: 3815 encountered, 0 discovered, 0 enqueued
[10.909s][info][gc,ref      ] GC(15) Weak: 10593 encountered, 1298 discovered, 5 enqueued
[10.909s][info][gc,ref      ] GC(15) Final: 289 encountered, 57 discovered, 0 enqueued
[10.909s][info][gc,ref      ] GC(15) Phantom: 428 encountered, 308 discovered, 5 enqueued
[10.909s][info][gc,reloc    ] GC(15) Small Pages: 292 / 584M, Empty: 210M, Relocated: 6M, In-Place: 0
[10.909s][info][gc,reloc    ] GC(15) Medium Pages: 0 / 0M, Empty: 0M, Relocated: 0M, In-Place: 0
[10.909s][info][gc,reloc    ] GC(15) Large Pages: 0 / 0M, Empty: 0M, Relocated: 0M, In-Place: 0
[10.909s][info][gc,reloc    ] GC(15) Forwarding Usage: 2M
[10.909s][info][gc,heap     ] GC(15) Min Capacity: 8M(1%)
[10.909s][info][gc,heap     ] GC(15) Max Capacity: 1024M(100%)
[10.909s][info][gc,heap     ] GC(15) Soft Max Capacity: 1024M(100%)
[10.909s][info][gc,heap     ] GC(15)                Mark Start          Mark End        Relocate Start      Relocate End           High               Low         
[10.909s][info][gc,heap     ] GC(15)  Capacity:     1024M (100%)       1024M (100%)       1024M (100%)       1024M (100%)       1024M (100%)       1024M (100%)   
[10.910s][info][gc,heap     ] GC(15)      Free:      440M (43%)         286M (28%)         460M (45%)         754M (74%)         754M (74%)         272M (27%)    
[10.910s][info][gc,heap     ] GC(15)      Used:      584M (57%)         738M (72%)         564M (55%)         270M (26%)         752M (73%)         270M (26%)    
[10.910s][info][gc,heap     ] GC(15)      Live:         -                52M (5%)           52M (5%)           52M (5%)             -                  -          
[10.910s][info][gc,heap     ] GC(15) Allocated:         -               154M (15%)         190M (19%)         193M (19%)            -                  -          
[10.910s][info][gc,heap     ] GC(15)   Garbage:         -               531M (52%)         321M (31%)          24M (2%)             -                  -          
[10.910s][info][gc,heap     ] GC(15) Reclaimed:         -                  -               210M (21%)         507M (50%)            -                  -          
[10.910s][info][gc          ] GC(15) Garbage Collection (Allocation Rate) 584M(57%)->270M(26%)
[10.996s][info][gc,start    ] GC(16) Garbage Collection (Allocation Rate)
[10.996s][info][gc,task     ] GC(16) Using 10 workers
[10.996s][info][gc,phases   ] GC(16) Pause Mark Start 0.010ms
[11.024s][info][gc,phases   ] GC(16) Concurrent Mark 26.778ms
[11.024s][info][gc,phases   ] GC(16) Pause Mark End 0.034ms
[11.037s][info][gc,phases   ] GC(16) Concurrent Mark Free 0.002ms
[11.043s][info][gc,phases   ] GC(16) Concurrent Process Non-Strong References 5.536ms
[11.043s][info][gc,phases   ] GC(16) Concurrent Reset Relocation Set 0.036ms
[11.048s][info][gc,phases   ] GC(16) Concurrent Select Relocation Set 4.855ms
[11.048s][info][gc,phases   ] GC(16) Pause Relocate Start 0.008ms
[11.053s][info][gc,phases   ] GC(16) Concurrent Relocate 4.494ms
[11.053s][info][gc,load     ] GC(16) Load: 0.00/0.00/0.00
[11.053s][info][gc,mmu      ] GC(16) MMU: 2ms/97.6%, 5ms/99.0%, 10ms/99.5%, 20ms/99.7%, 50ms/99.9%, 100ms/99.9%
[11.053s][info][gc,marking  ] GC(16) Mark: 8 stripe(s), 2 proactive flush(es), 1 terminate flush(es), 0 completion(s), 0 continuation(s) 
[11.053s][info][gc,marking  ] GC(16) Mark Stack Usage: 32M
[11.053s][info][gc,nmethod  ] GC(16) NMethods: 7801 registered, 1628 unregistered
[11.053s][info][gc,metaspace] GC(16) Metaspace: 70M used, 71M committed, 1088M reserved
[11.053s][info][gc,ref      ] GC(16) Soft: 3815 encountered, 0 discovered, 0 enqueued
[11.053s][info][gc,ref      ] GC(16) Weak: 10651 encountered, 2376 discovered, 10 enqueued
[11.053s][info][gc,ref      ] GC(16) Final: 289 encountered, 44 discovered, 0 enqueued
[11.053s][info][gc,ref      ] GC(16) Phantom: 425 encountered, 340 discovered, 2 enqueued
[11.053s][info][gc,reloc    ] GC(16) Small Pages: 252 / 504M, Empty: 208M, Relocated: 6M, In-Place: 0
[11.053s][info][gc,reloc    ] GC(16) Medium Pages: 0 / 0M, Empty: 0M, Relocated: 0M, In-Place: 0
[11.053s][info][gc,reloc    ] GC(16) Large Pages: 0 / 0M, Empty: 0M, Relocated: 0M, In-Place: 0
[11.053s][info][gc,reloc    ] GC(16) Forwarding Usage: 2M
[11.053s][info][gc,heap     ] GC(16) Min Capacity: 8M(1%)
[11.053s][info][gc,heap     ] GC(16) Max Capacity: 1024M(100%)
[11.053s][info][gc,heap     ] GC(16) Soft Max Capacity: 1024M(100%)
[11.053s][info][gc,heap     ] GC(16)                Mark Start          Mark End        Relocate Start      Relocate End           High               Low         
[11.053s][info][gc,heap     ] GC(16)  Capacity:     1024M (100%)       1024M (100%)       1024M (100%)       1024M (100%)       1024M (100%)       1024M (100%)   
[11.053s][info][gc,heap     ] GC(16)      Free:      520M (51%)         440M (43%)         586M (57%)         800M (78%)         800M (78%)         392M (38%)    
[11.054s][info][gc,heap     ] GC(16)      Used:      504M (49%)         584M (57%)         438M (43%)         224M (22%)         632M (62%)         224M (22%)    
[11.054s][info][gc,heap     ] GC(16)      Live:         -                51M (5%)           51M (5%)           51M (5%)             -                  -          
[11.054s][info][gc,heap     ] GC(16) Allocated:         -                80M (8%)          142M (14%)         147M (14%)            -                  -          
[11.054s][info][gc,heap     ] GC(16)   Garbage:         -               452M (44%)         244M (24%)          24M (2%)             -                  -          
[11.054s][info][gc,heap     ] GC(16) Reclaimed:         -                  -               208M (20%)         427M (42%)            -                  -          
[11.054s][info][gc          ] GC(16) Garbage Collection (Allocation Rate) 504M(49%)->224M(22%)
[11.097s][info][gc,start    ] GC(17) Garbage Collection (Allocation Rate)
[11.097s][info][gc,task     ] GC(17) Using 10 workers
[11.097s][info][gc,phases   ] GC(17) Pause Mark Start 0.010ms
[11.127s][info][gc,phases   ] GC(17) Concurrent Mark 29.619ms
[11.128s][info][gc,phases   ] GC(17) Pause Mark End 0.029ms
[11.157s][info][gc,phases   ] GC(17) Concurrent Mark Free 0.004ms
[11.164s][info][gc,phases   ] GC(17) Concurrent Process Non-Strong References 7.101ms
[11.164s][info][gc,phases   ] GC(17) Concurrent Reset Relocation Set 0.042ms
[11.174s][info][gc,phases   ] GC(17) Concurrent Select Relocation Set 9.813ms
[11.174s][info][gc,phases   ] GC(17) Pause Relocate Start 0.008ms
[11.179s][info][gc,phases   ] GC(17) Concurrent Relocate 4.211ms
[11.179s][info][gc,load     ] GC(17) Load: 0.00/0.00/0.00
[11.179s][info][gc,mmu      ] GC(17) MMU: 2ms/97.6%, 5ms/99.0%, 10ms/99.5%, 20ms/99.7%, 50ms/99.9%, 100ms/99.9%
[11.179s][info][gc,marking  ] GC(17) Mark: 8 stripe(s), 3 proactive flush(es), 1 terminate flush(es), 0 completion(s), 0 continuation(s) 
[11.179s][info][gc,marking  ] GC(17) Mark Stack Usage: 32M
[11.179s][info][gc,nmethod  ] GC(17) NMethods: 7813 registered, 1681 unregistered
[11.179s][info][gc,metaspace] GC(17) Metaspace: 70M used, 71M committed, 1088M reserved
[11.179s][info][gc,ref      ] GC(17) Soft: 3815 encountered, 0 discovered, 0 enqueued
[11.179s][info][gc,ref      ] GC(17) Weak: 10641 encountered, 1345 discovered, 0 enqueued
[11.179s][info][gc,ref      ] GC(17) Final: 289 encountered, 19 discovered, 0 enqueued
[11.179s][info][gc,ref      ] GC(17) Phantom: 423 encountered, 332 discovered, 0 enqueued
[11.179s][info][gc,reloc    ] GC(17) Small Pages: 171 / 342M, Empty: 84M, Relocated: 6M, In-Place: 0
[11.179s][info][gc,reloc    ] GC(17) Medium Pages: 0 / 0M, Empty: 0M, Relocated: 0M, In-Place: 0
[11.179s][info][gc,reloc    ] GC(17) Large Pages: 0 / 0M, Empty: 0M, Relocated: 0M, In-Place: 0
[11.179s][info][gc,reloc    ] GC(17) Forwarding Usage: 2M
[11.179s][info][gc,heap     ] GC(17) Min Capacity: 8M(1%)
[11.179s][info][gc,heap     ] GC(17) Max Capacity: 1024M(100%)
[11.179s][info][gc,heap     ] GC(17) Soft Max Capacity: 1024M(100%)
[11.179s][info][gc,heap     ] GC(17)                Mark Start          Mark End        Relocate Start      Relocate End           High               Low         
[11.179s][info][gc,heap     ] GC(17)  Capacity:     1024M (100%)       1024M (100%)       1024M (100%)       1024M (100%)       1024M (100%)       1024M (100%)   
[11.179s][info][gc,heap     ] GC(17)      Free:      682M (67%)         586M (57%)         536M (52%)         712M (70%)         712M (70%)         462M (45%)    
[11.179s][info][gc,heap     ] GC(17)      Used:      342M (33%)         438M (43%)         488M (48%)         312M (30%)         562M (55%)         312M (30%)    
[11.179s][info][gc,heap     ] GC(17)      Live:         -                51M (5%)           51M (5%)           51M (5%)             -                  -          
[11.179s][info][gc,heap     ] GC(17) Allocated:         -                96M (9%)          230M (22%)         235M (23%)            -                  -          
[11.179s][info][gc,heap     ] GC(17)   Garbage:         -               290M (28%)         206M (20%)          24M (2%)             -                  -          
[11.179s][info][gc,heap     ] GC(17) Reclaimed:         -                  -                84M (8%)          265M (26%)            -                  -          
[11.179s][info][gc          ] GC(17) Garbage Collection (Allocation Rate) 342M(33%)->312M(30%)
[11.204s][info][gc,start    ] GC(18) Garbage Collection (Allocation Rate)
[11.204s][info][gc,task     ] GC(18) Using 10 workers
[11.204s][info][gc,phases   ] GC(18) Pause Mark Start 0.012ms
[11.263s][info][gc,phases   ] GC(18) Concurrent Mark 58.342ms
[11.263s][info][gc,phases   ] GC(18) Pause Mark End 0.030ms
[11.289s][info][gc,phases   ] GC(18) Concurrent Mark Free 0.003ms
[11.306s][info][gc,phases   ] GC(18) Concurrent Process Non-Strong References 16.064ms
[11.306s][info][gc,phases   ] GC(18) Concurrent Reset Relocation Set 0.031ms
[11.312s][info][gc,phases   ] GC(18) Concurrent Select Relocation Set 6.486ms
[11.312s][info][gc,phases   ] GC(18) Pause Relocate Start 0.007ms
[11.320s][info][gc,phases   ] GC(18) Concurrent Relocate 6.360ms
[11.320s][info][gc,load     ] GC(18) Load: 0.00/0.00/0.00
[11.320s][info][gc,mmu      ] GC(18) MMU: 2ms/97.6%, 5ms/99.0%, 10ms/99.5%, 20ms/99.7%, 50ms/99.9%, 100ms/99.9%
[11.320s][info][gc,marking  ] GC(18) Mark: 8 stripe(s), 3 proactive flush(es), 1 terminate flush(es), 0 completion(s), 0 continuation(s) 
[11.320s][info][gc,marking  ] GC(18) Mark Stack Usage: 32M
[11.320s][info][gc,nmethod  ] GC(18) NMethods: 7817 registered, 1727 unregistered
[11.320s][info][gc,metaspace] GC(18) Metaspace: 70M used, 71M committed, 1088M reserved
[11.320s][info][gc,ref      ] GC(18) Soft: 3815 encountered, 0 discovered, 0 enqueued
[11.320s][info][gc,ref      ] GC(18) Weak: 10641 encountered, 1134 discovered, 0 enqueued
[11.320s][info][gc,ref      ] GC(18) Final: 289 encountered, 52 discovered, 0 enqueued
[11.320s][info][gc,ref      ] GC(18) Phantom: 423 encountered, 339 discovered, 0 enqueued
[11.320s][info][gc,reloc    ] GC(18) Small Pages: 196 / 392M, Empty: 116M, Relocated: 6M, In-Place: 0
[11.320s][info][gc,reloc    ] GC(18) Medium Pages: 0 / 0M, Empty: 0M, Relocated: 0M, In-Place: 0
[11.320s][info][gc,reloc    ] GC(18) Large Pages: 0 / 0M, Empty: 0M, Relocated: 0M, In-Place: 0
[11.320s][info][gc,reloc    ] GC(18) Forwarding Usage: 2M
[11.320s][info][gc,heap     ] GC(18) Min Capacity: 8M(1%)
[11.320s][info][gc,heap     ] GC(18) Max Capacity: 1024M(100%)
[11.320s][info][gc,heap     ] GC(18) Soft Max Capacity: 1024M(100%)
[11.320s][info][gc,heap     ] GC(18)                Mark Start          Mark End        Relocate Start      Relocate End           High               Low         
[11.320s][info][gc,heap     ] GC(18)  Capacity:     1024M (100%)       1024M (100%)       1024M (100%)       1024M (100%)       1024M (100%)       1024M (100%)   
[11.320s][info][gc,heap     ] GC(18)      Free:      632M (62%)         446M (44%)         410M (40%)         592M (58%)         632M (62%)         294M (29%)    
[11.320s][info][gc,heap     ] GC(18)      Used:      392M (38%)         578M (56%)         614M (60%)         432M (42%)         730M (71%)         392M (38%)    
[11.320s][info][gc,heap     ] GC(18)      Live:         -                51M (5%)           51M (5%)           51M (5%)             -                  -          
[11.320s][info][gc,heap     ] GC(18) Allocated:         -               186M (18%)         338M (33%)         355M (35%)            -                  -          
[11.320s][info][gc,heap     ] GC(18)   Garbage:         -               340M (33%)         224M (22%)          25M (2%)             -                  -          
[11.320s][info][gc,heap     ] GC(18) Reclaimed:         -                  -               116M (11%)         315M (31%)            -                  -          
[11.320s][info][gc          ] GC(18) Garbage Collection (Allocation Rate) 392M(38%)->432M(42%)
[11.396s][info][gc,start    ] GC(19) Garbage Collection (Allocation Rate)
[11.397s][info][gc,task     ] GC(19) Using 10 workers
[11.397s][info][gc,phases   ] GC(19) Pause Mark Start 0.009ms
[11.427s][info][gc,phases   ] GC(19) Concurrent Mark 30.103ms
[11.427s][info][gc,phases   ] GC(19) Pause Mark End 0.031ms
[11.428s][info][gc,phases   ] GC(19) Concurrent Mark Free 0.002ms
[11.433s][info][gc,phases   ] GC(19) Concurrent Process Non-Strong References 5.038ms
[11.433s][info][gc,phases   ] GC(19) Concurrent Reset Relocation Set 0.025ms
[11.442s][info][gc,phases   ] GC(19) Concurrent Select Relocation Set 8.906ms
[11.442s][info][gc,phases   ] GC(19) Pause Relocate Start 0.010ms
[11.447s][info][gc,phases   ] GC(19) Concurrent Relocate 4.228ms
[11.447s][info][gc,load     ] GC(19) Load: 0.00/0.00/0.00
[11.447s][info][gc,mmu      ] GC(19) MMU: 2ms/97.6%, 5ms/99.0%, 10ms/99.5%, 20ms/99.7%, 50ms/99.9%, 100ms/99.9%
[11.447s][info][gc,marking  ] GC(19) Mark: 8 stripe(s), 3 proactive flush(es), 1 terminate flush(es), 0 completion(s), 0 continuation(s) 
[11.447s][info][gc,marking  ] GC(19) Mark Stack Usage: 32M
[11.447s][info][gc,nmethod  ] GC(19) NMethods: 7778 registered, 1790 unregistered
[11.447s][info][gc,metaspace] GC(19) Metaspace: 70M used, 71M committed, 1088M reserved
[11.447s][info][gc,ref      ] GC(19) Soft: 3815 encountered, 0 discovered, 0 enqueued
[11.447s][info][gc,ref      ] GC(19) Weak: 10641 encountered, 2056 discovered, 0 enqueued
[11.447s][info][gc,ref      ] GC(19) Final: 289 encountered, 34 discovered, 0 enqueued
[11.447s][info][gc,ref      ] GC(19) Phantom: 423 encountered, 315 discovered, 0 enqueued
[11.447s][info][gc,reloc    ] GC(19) Small Pages: 344 / 688M, Empty: 354M, Relocated: 6M, In-Place: 0
[11.447s][info][gc,reloc    ] GC(19) Medium Pages: 0 / 0M, Empty: 0M, Relocated: 0M, In-Place: 0
[11.447s][info][gc,reloc    ] GC(19) Large Pages: 0 / 0M, Empty: 0M, Relocated: 0M, In-Place: 0
[11.447s][info][gc,reloc    ] GC(19) Forwarding Usage: 2M
[11.447s][info][gc,heap     ] GC(19) Min Capacity: 8M(1%)
[11.447s][info][gc,heap     ] GC(19) Max Capacity: 1024M(100%)
[11.447s][info][gc,heap     ] GC(19) Soft Max Capacity: 1024M(100%)
[11.447s][info][gc,heap     ] GC(19)                Mark Start          Mark End        Relocate Start      Relocate End           High               Low         
[11.447s][info][gc,heap     ] GC(19)  Capacity:     1024M (100%)       1024M (100%)       1024M (100%)       1024M (100%)       1024M (100%)       1024M (100%)   
[11.447s][info][gc,heap     ] GC(19)      Free:      336M (33%)         234M (23%)         548M (54%)         798M (78%)         800M (78%)         218M (21%)    
[11.447s][info][gc,heap     ] GC(19)      Used:      688M (67%)         790M (77%)         476M (46%)         226M (22%)         806M (79%)         224M (22%)    
[11.447s][info][gc,heap     ] GC(19)      Live:         -                51M (5%)           51M (5%)           51M (5%)             -                  -          
[11.447s][info][gc,heap     ] GC(19) Allocated:         -               102M (10%)         142M (14%)         149M (15%)            -                  -          
[11.448s][info][gc,heap     ] GC(19)   Garbage:         -               636M (62%)         282M (28%)          24M (2%)             -                  -          
[11.448s][info][gc,heap     ] GC(19) Reclaimed:         -                  -               354M (35%)         611M (60%)            -                  -          
[11.448s][info][gc          ] GC(19) Garbage Collection (Allocation Rate) 688M(67%)->226M(22%)
[11.496s][info][gc,start    ] GC(20) Garbage Collection (Allocation Rate)
[11.496s][info][gc,task     ] GC(20) Using 10 workers
[11.496s][info][gc,phases   ] GC(20) Pause Mark Start 0.011ms
[11.523s][info][gc,phases   ] GC(20) Concurrent Mark 26.039ms
[11.523s][info][gc,phases   ] GC(20) Pause Mark End 0.026ms
[11.603s][info][gc,phases   ] GC(20) Concurrent Mark Free 0.003ms
[11.615s][info][gc,phases   ] GC(20) Concurrent Process Non-Strong References 11.595ms
[11.615s][info][gc,phases   ] GC(20) Concurrent Reset Relocation Set 0.036ms
[11.620s][info][gc,phases   ] GC(20) Concurrent Select Relocation Set 4.674ms
[11.620s][info][gc,phases   ] GC(20) Pause Relocate Start 0.008ms
[11.626s][info][gc,phases   ] GC(20) Concurrent Relocate 5.759ms
[11.627s][info][gc,load     ] GC(20) Load: 0.00/0.00/0.00
[11.627s][info][gc,mmu      ] GC(20) MMU: 2ms/97.6%, 5ms/99.0%, 10ms/99.5%, 20ms/99.7%, 50ms/99.9%, 100ms/99.9%
[11.627s][info][gc,marking  ] GC(20) Mark: 8 stripe(s), 3 proactive flush(es), 1 terminate flush(es), 0 completion(s), 0 continuation(s) 
[11.627s][info][gc,marking  ] GC(20) Mark Stack Usage: 32M
[11.627s][info][gc,nmethod  ] GC(20) NMethods: 7829 registered, 1810 unregistered
[11.627s][info][gc,metaspace] GC(20) Metaspace: 70M used, 71M committed, 1088M reserved
[11.627s][info][gc,ref      ] GC(20) Soft: 3815 encountered, 0 discovered, 0 enqueued
[11.627s][info][gc,ref      ] GC(20) Weak: 10641 encountered, 2184 discovered, 0 enqueued
[11.627s][info][gc,ref      ] GC(20) Final: 289 encountered, 48 discovered, 0 enqueued
[11.627s][info][gc,ref      ] GC(20) Phantom: 423 encountered, 282 discovered, 0 enqueued
[11.627s][info][gc,reloc    ] GC(20) Small Pages: 197 / 394M, Empty: 132M, Relocated: 6M, In-Place: 0
[11.627s][info][gc,reloc    ] GC(20) Medium Pages: 0 / 0M, Empty: 0M, Relocated: 0M, In-Place: 0
[11.627s][info][gc,reloc    ] GC(20) Large Pages: 0 / 0M, Empty: 0M, Relocated: 0M, In-Place: 0
[11.627s][info][gc,reloc    ] GC(20) Forwarding Usage: 2M
[11.627s][info][gc,heap     ] GC(20) Min Capacity: 8M(1%)
[11.627s][info][gc,heap     ] GC(20) Max Capacity: 1024M(100%)
[11.627s][info][gc,heap     ] GC(20) Soft Max Capacity: 1024M(100%)
[11.627s][info][gc,heap     ] GC(20)                Mark Start          Mark End        Relocate Start      Relocate End           High               Low         
[11.627s][info][gc,heap     ] GC(20)  Capacity:     1024M (100%)       1024M (100%)       1024M (100%)       1024M (100%)       1024M (100%)       1024M (100%)   
[11.627s][info][gc,heap     ] GC(20)      Free:      630M (62%)         542M (53%)         326M (32%)         502M (49%)         630M (62%)         208M (20%)    
[11.627s][info][gc,heap     ] GC(20)      Used:      394M (38%)         482M (47%)         698M (68%)         522M (51%)         816M (80%)         394M (38%)    
[11.627s][info][gc,heap     ] GC(20)      Live:         -                51M (5%)           51M (5%)           51M (5%)             -                  -          
[11.627s][info][gc,heap     ] GC(20) Allocated:         -                88M (9%)          436M (43%)         445M (43%)            -                  -          
[11.627s][info][gc,heap     ] GC(20)   Garbage:         -               342M (33%)         210M (21%)          24M (2%)             -                  -          
[11.627s][info][gc,heap     ] GC(20) Reclaimed:         -                  -               132M (13%)         317M (31%)            -                  -          
[11.627s][info][gc          ] GC(20) Garbage Collection (Allocation Rate) 394M(38%)->522M(51%)
[11.695s][info][gc,start    ] GC(21) Garbage Collection (Allocation Rate)
[11.695s][info][gc,task     ] GC(21) Using 10 workers
[11.696s][info][gc,phases   ] GC(21) Pause Mark Start 0.010ms
[11.725s][info][gc,phases   ] GC(21) Concurrent Mark 28.630ms
[11.725s][info][gc,phases   ] GC(21) Pause Mark End 0.029ms
[11.729s][info][gc,phases   ] GC(21) Concurrent Mark Free 0.002ms
[11.734s][info][gc,phases   ] GC(21) Concurrent Process Non-Strong References 5.153ms
[11.735s][info][gc,phases   ] GC(21) Concurrent Reset Relocation Set 0.029ms
[11.746s][info][gc,phases   ] GC(21) Concurrent Select Relocation Set 10.936ms
[11.746s][info][gc,phases   ] GC(21) Pause Relocate Start 0.008ms
[11.750s][info][gc,phases   ] GC(21) Concurrent Relocate 3.927ms
[11.751s][info][gc,load     ] GC(21) Load: 0.00/0.00/0.00
[11.751s][info][gc,mmu      ] GC(21) MMU: 2ms/97.6%, 5ms/99.0%, 10ms/99.5%, 20ms/99.7%, 50ms/99.9%, 100ms/99.9%
[11.751s][info][gc,marking  ] GC(21) Mark: 8 stripe(s), 3 proactive flush(es), 1 terminate flush(es), 0 completion(s), 0 continuation(s) 
[11.751s][info][gc,marking  ] GC(21) Mark Stack Usage: 32M
[11.751s][info][gc,nmethod  ] GC(21) NMethods: 7808 registered, 1891 unregistered
[11.751s][info][gc,metaspace] GC(21) Metaspace: 70M used, 71M committed, 1088M reserved
[11.751s][info][gc,ref      ] GC(21) Soft: 3815 encountered, 0 discovered, 0 enqueued
[11.751s][info][gc,ref      ] GC(21) Weak: 10641 encountered, 1644 discovered, 0 enqueued
[11.751s][info][gc,ref      ] GC(21) Final: 289 encountered, 21 discovered, 0 enqueued
[11.751s][info][gc,ref      ] GC(21) Phantom: 423 encountered, 273 discovered, 0 enqueued
[11.751s][info][gc,reloc    ] GC(21) Small Pages: 391 / 782M, Empty: 468M, Relocated: 6M, In-Place: 0
[11.751s][info][gc,reloc    ] GC(21) Medium Pages: 0 / 0M, Empty: 0M, Relocated: 0M, In-Place: 0
[11.751s][info][gc,reloc    ] GC(21) Large Pages: 0 / 0M, Empty: 0M, Relocated: 0M, In-Place: 0
[11.751s][info][gc,reloc    ] GC(21) Forwarding Usage: 2M
[11.751s][info][gc,heap     ] GC(21) Min Capacity: 8M(1%)
[11.751s][info][gc,heap     ] GC(21) Max Capacity: 1024M(100%)
[11.751s][info][gc,heap     ] GC(21) Soft Max Capacity: 1024M(100%)
[11.751s][info][gc,heap     ] GC(21)                Mark Start          Mark End        Relocate Start      Relocate End           High               Low         
[11.751s][info][gc,heap     ] GC(21)  Capacity:     1024M (100%)       1024M (100%)       1024M (100%)       1024M (100%)       1024M (100%)       1024M (100%)   
[11.751s][info][gc,heap     ] GC(21)      Free:      242M (24%)         142M (14%)         558M (54%)         794M (78%)         794M (78%)         118M (12%)    
[11.751s][info][gc,heap     ] GC(21)      Used:      782M (76%)         882M (86%)         466M (46%)         230M (22%)         906M (88%)         230M (22%)    
[11.751s][info][gc,heap     ] GC(21)      Live:         -                52M (5%)           52M (5%)           52M (5%)             -                  -          
[11.751s][info][gc,heap     ] GC(21) Allocated:         -               100M (10%)         152M (15%)         153M (15%)            -                  -          
[11.751s][info][gc,heap     ] GC(21)   Garbage:         -               729M (71%)         261M (26%)          24M (2%)             -                  -          
[11.751s][info][gc,heap     ] GC(21) Reclaimed:         -                  -               468M (46%)         705M (69%)            -                  -          
[11.751s][info][gc          ] GC(21) Garbage Collection (Allocation Rate) 782M(76%)->230M(22%)
[11.796s][info][gc,start    ] GC(22) Garbage Collection (Allocation Rate)
[11.796s][info][gc,task     ] GC(22) Using 10 workers
[11.796s][info][gc,phases   ] GC(22) Pause Mark Start 0.012ms
[11.835s][info][gc,phases   ] GC(22) Concurrent Mark 38.244ms
[11.835s][info][gc,phases   ] GC(22) Pause Mark End 0.029ms
[11.891s][info][gc,phases   ] GC(22) Concurrent Mark Free 0.003ms
[11.917s][info][gc,phases   ] GC(22) Concurrent Process Non-Strong References 25.639ms
[11.917s][info][gc,phases   ] GC(22) Concurrent Reset Relocation Set 0.038ms
[11.925s][info][gc,phases   ] GC(22) Concurrent Select Relocation Set 7.235ms
[11.925s][info][gc,phases   ] GC(22) Pause Relocate Start 0.008ms
[11.930s][info][gc,phases   ] GC(22) Concurrent Relocate 4.588ms
[11.930s][info][gc,load     ] GC(22) Load: 0.00/0.00/0.00
[11.930s][info][gc,mmu      ] GC(22) MMU: 2ms/97.6%, 5ms/99.0%, 10ms/99.5%, 20ms/99.7%, 50ms/99.9%, 100ms/99.9%
[11.930s][info][gc,marking  ] GC(22) Mark: 8 stripe(s), 3 proactive flush(es), 1 terminate flush(es), 0 completion(s), 0 continuation(s) 
[11.930s][info][gc,marking  ] GC(22) Mark Stack Usage: 32M
[11.930s][info][gc,nmethod  ] GC(22) NMethods: 7802 registered, 1936 unregistered
[11.930s][info][gc,metaspace] GC(22) Metaspace: 70M used, 71M committed, 1088M reserved
[11.930s][info][gc,ref      ] GC(22) Soft: 3815 encountered, 0 discovered, 0 enqueued
[11.930s][info][gc,ref      ] GC(22) Weak: 10641 encountered, 1608 discovered, 0 enqueued
[11.930s][info][gc,ref      ] GC(22) Final: 289 encountered, 36 discovered, 0 enqueued
[11.930s][info][gc,ref      ] GC(22) Phantom: 423 encountered, 359 discovered, 0 enqueued
[11.930s][info][gc,reloc    ] GC(22) Small Pages: 197 / 394M, Empty: 74M, Relocated: 6M, In-Place: 0
[11.930s][info][gc,reloc    ] GC(22) Medium Pages: 0 / 0M, Empty: 0M, Relocated: 0M, In-Place: 0
[11.930s][info][gc,reloc    ] GC(22) Large Pages: 0 / 0M, Empty: 0M, Relocated: 0M, In-Place: 0
[11.930s][info][gc,reloc    ] GC(22) Forwarding Usage: 1M
[11.930s][info][gc,heap     ] GC(22) Min Capacity: 8M(1%)
[11.930s][info][gc,heap     ] GC(22) Max Capacity: 1024M(100%)
[11.930s][info][gc,heap     ] GC(22) Soft Max Capacity: 1024M(100%)
[11.930s][info][gc,heap     ] GC(22)                Mark Start          Mark End        Relocate Start      Relocate End           High               Low         
[11.930s][info][gc,heap     ] GC(22)  Capacity:     1024M (100%)       1024M (100%)       1024M (100%)       1024M (100%)       1024M (100%)       1024M (100%)   
[11.930s][info][gc,heap     ] GC(22)      Free:      630M (62%)         502M (49%)         256M (25%)         488M (48%)         630M (62%)         184M (18%)    
[11.930s][info][gc,heap     ] GC(22)      Used:      394M (38%)         522M (51%)         768M (75%)         536M (52%)         840M (82%)         394M (38%)    
[11.930s][info][gc,heap     ] GC(22)      Live:         -                51M (5%)           51M (5%)           51M (5%)             -                  -          
[11.930s][info][gc,heap     ] GC(22) Allocated:         -               128M (13%)         448M (44%)         459M (45%)            -                  -          
[11.930s][info][gc,heap     ] GC(22)   Garbage:         -               342M (33%)         268M (26%)          24M (2%)             -                  -          
[11.930s][info][gc,heap     ] GC(22) Reclaimed:         -                  -                74M (7%)          317M (31%)            -                  -          
[11.930s][info][gc          ] GC(22) Garbage Collection (Allocation Rate) 394M(38%)->536M(52%)
[11.996s][info][gc,start    ] GC(23) Garbage Collection (Allocation Rate)
[11.996s][info][gc,task     ] GC(23) Using 10 workers
[11.996s][info][gc,phases   ] GC(23) Pause Mark Start 0.011ms
[12.044s][info][gc,phases   ] GC(23) Concurrent Mark 47.736ms
[12.045s][info][gc,phases   ] GC(23) Pause Mark End 0.026ms
[12.045s][info][gc,phases   ] GC(23) Concurrent Mark Free 0.001ms
[12.050s][info][gc,phases   ] GC(23) Concurrent Process Non-Strong References 5.131ms
[12.050s][info][gc,phases   ] GC(23) Concurrent Reset Relocation Set 0.030ms
[12.060s][info][gc,phases   ] GC(23) Concurrent Select Relocation Set 10.220ms
[12.061s][info][gc,phases   ] GC(23) Pause Relocate Start 0.007ms
[12.065s][info][gc,phases   ] GC(23) Concurrent Relocate 3.623ms
[12.065s][info][gc,load     ] GC(23) Load: 0.00/0.00/0.00
[12.065s][info][gc,mmu      ] GC(23) MMU: 2ms/97.6%, 5ms/99.0%, 10ms/99.5%, 20ms/99.7%, 50ms/99.9%, 100ms/99.9%
[12.065s][info][gc,marking  ] GC(23) Mark: 8 stripe(s), 3 proactive flush(es), 1 terminate flush(es), 0 completion(s), 0 continuation(s) 
[12.065s][info][gc,marking  ] GC(23) Mark Stack Usage: 32M
[12.065s][info][gc,nmethod  ] GC(23) NMethods: 7787 registered, 2003 unregistered
[12.065s][info][gc,metaspace] GC(23) Metaspace: 70M used, 71M committed, 1088M reserved
[12.065s][info][gc,ref      ] GC(23) Soft: 3815 encountered, 0 discovered, 0 enqueued
[12.065s][info][gc,ref      ] GC(23) Weak: 10641 encountered, 1004 discovered, 0 enqueued
[12.065s][info][gc,ref      ] GC(23) Final: 289 encountered, 10 discovered, 0 enqueued
[12.065s][info][gc,ref      ] GC(23) Phantom: 423 encountered, 239 discovered, 0 enqueued
[12.065s][info][gc,reloc    ] GC(23) Small Pages: 391 / 782M, Empty: 466M, Relocated: 6M, In-Place: 0
[12.065s][info][gc,reloc    ] GC(23) Medium Pages: 0 / 0M, Empty: 0M, Relocated: 0M, In-Place: 0
[12.065s][info][gc,reloc    ] GC(23) Large Pages: 0 / 0M, Empty: 0M, Relocated: 0M, In-Place: 0
[12.065s][info][gc,reloc    ] GC(23) Forwarding Usage: 2M
[12.065s][info][gc,heap     ] GC(23) Min Capacity: 8M(1%)
[12.065s][info][gc,heap     ] GC(23) Max Capacity: 1024M(100%)
[12.065s][info][gc,heap     ] GC(23) Soft Max Capacity: 1024M(100%)
[12.065s][info][gc,heap     ] GC(23)                Mark Start          Mark End        Relocate Start      Relocate End           High               Low         
[12.065s][info][gc,heap     ] GC(23)  Capacity:     1024M (100%)       1024M (100%)       1024M (100%)       1024M (100%)       1024M (100%)       1024M (100%)   
[12.065s][info][gc,heap     ] GC(23)      Free:      242M (24%)          76M (7%)          506M (49%)         742M (72%)         742M (72%)          60M (6%)     
[12.065s][info][gc,heap     ] GC(23)      Used:      782M (76%)         948M (93%)         518M (51%)         282M (28%)         964M (94%)         282M (28%)    
[12.065s][info][gc,heap     ] GC(23)      Live:         -                51M (5%)           51M (5%)           51M (5%)             -                  -          
[12.065s][info][gc,heap     ] GC(23) Allocated:         -               166M (16%)         202M (20%)         205M (20%)            -                  -          
[12.065s][info][gc,heap     ] GC(23)   Garbage:         -               730M (71%)         264M (26%)          24M (2%)             -                  -          
[12.065s][info][gc,heap     ] GC(23) Reclaimed:         -                  -               466M (46%)         705M (69%)            -                  -          
[12.065s][info][gc          ] GC(23) Garbage Collection (Allocation Rate) 782M(76%)->282M(28%)
[12.097s][info][gc,start    ] GC(24) Garbage Collection (Allocation Rate)
[12.097s][info][gc,task     ] GC(24) Using 10 workers
[12.097s][info][gc,phases   ] GC(24) Pause Mark Start 0.009ms
[12.157s][info][gc,phases   ] GC(24) Concurrent Mark 59.417ms
[12.157s][info][gc,phases   ] GC(24) Pause Mark End 0.033ms
[12.172s][info][gc,phases   ] GC(24) Concurrent Mark Free 0.003ms
[12.192s][info][gc,phases   ] GC(24) Concurrent Process Non-Strong References 19.998ms
[12.193s][info][gc,phases   ] GC(24) Concurrent Reset Relocation Set 0.045ms
[12.212s][info][gc,phases   ] GC(24) Concurrent Select Relocation Set 19.177ms
[12.212s][info][gc,phases   ] GC(24) Pause Relocate Start 0.007ms
[12.218s][info][gc,phases   ] GC(24) Concurrent Relocate 4.909ms
[12.218s][info][gc,load     ] GC(24) Load: 0.00/0.00/0.00
[12.218s][info][gc,mmu      ] GC(24) MMU: 2ms/97.6%, 5ms/99.0%, 10ms/99.5%, 20ms/99.7%, 50ms/99.9%, 100ms/99.9%
[12.218s][info][gc,marking  ] GC(24) Mark: 8 stripe(s), 3 proactive flush(es), 1 terminate flush(es), 0 completion(s), 0 continuation(s) 
[12.218s][info][gc,marking  ] GC(24) Mark Stack Usage: 32M
[12.218s][info][gc,nmethod  ] GC(24) NMethods: 7817 registered, 2050 unregistered
[12.218s][info][gc,metaspace] GC(24) Metaspace: 70M used, 71M committed, 1088M reserved
[12.218s][info][gc,ref      ] GC(24) Soft: 3815 encountered, 0 discovered, 0 enqueued
[12.218s][info][gc,ref      ] GC(24) Weak: 10641 encountered, 1132 discovered, 0 enqueued
[12.218s][info][gc,ref      ] GC(24) Final: 289 encountered, 11 discovered, 0 enqueued
[12.218s][info][gc,ref      ] GC(24) Phantom: 423 encountered, 264 discovered, 0 enqueued
[12.218s][info][gc,reloc    ] GC(24) Small Pages: 202 / 404M, Empty: 136M, Relocated: 6M, In-Place: 0
[12.218s][info][gc,reloc    ] GC(24) Medium Pages: 0 / 0M, Empty: 0M, Relocated: 0M, In-Place: 0
[12.218s][info][gc,reloc    ] GC(24) Large Pages: 0 / 0M, Empty: 0M, Relocated: 0M, In-Place: 0
[12.218s][info][gc,reloc    ] GC(24) Forwarding Usage: 2M
[12.218s][info][gc,heap     ] GC(24) Min Capacity: 8M(1%)
[12.218s][info][gc,heap     ] GC(24) Max Capacity: 1024M(100%)
[12.218s][info][gc,heap     ] GC(24) Soft Max Capacity: 1024M(100%)
[12.218s][info][gc,heap     ] GC(24)                Mark Start          Mark End        Relocate Start      Relocate End           High               Low         
[12.218s][info][gc,heap     ] GC(24)  Capacity:     1024M (100%)       1024M (100%)       1024M (100%)       1024M (100%)       1024M (100%)       1024M (100%)   
[12.218s][info][gc,heap     ] GC(24)      Free:      620M (61%)         406M (40%)         350M (34%)         528M (52%)         620M (61%)         268M (26%)    
[12.218s][info][gc,heap     ] GC(24)      Used:      404M (39%)         618M (60%)         674M (66%)         496M (48%)         756M (74%)         404M (39%)    
[12.218s][info][gc,heap     ] GC(24)      Live:         -                51M (5%)           51M (5%)           51M (5%)             -                  -          
[12.218s][info][gc,heap     ] GC(24) Allocated:         -               214M (21%)         406M (40%)         418M (41%)            -                  -          
[12.218s][info][gc,heap     ] GC(24)   Garbage:         -               352M (34%)         216M (21%)          25M (2%)             -                  -          
[12.218s][info][gc,heap     ] GC(24) Reclaimed:         -                  -               136M (13%)         326M (32%)            -                  -          
[12.218s][info][gc          ] GC(24) Garbage Collection (Allocation Rate) 404M(39%)->496M(48%)
[12.296s][info][gc,start    ] GC(25) Garbage Collection (Allocation Rate)
[12.296s][info][gc,task     ] GC(25) Using 10 workers
[12.296s][info][gc,phases   ] GC(25) Pause Mark Start 0.010ms
[12.340s][info][gc,phases   ] GC(25) Concurrent Mark 43.059ms
[12.340s][info][gc,phases   ] GC(25) Pause Mark End 0.028ms
[12.345s][info][gc,phases   ] GC(25) Concurrent Mark Free 0.002ms
[12.357s][info][gc,phases   ] GC(25) Concurrent Process Non-Strong References 11.276ms
[12.357s][info][gc,phases   ] GC(25) Concurrent Reset Relocation Set 0.028ms
[12.361s][info][gc,phases   ] GC(25) Concurrent Select Relocation Set 4.556ms
[12.362s][info][gc,phases   ] GC(25) Pause Relocate Start 0.008ms
[12.368s][info][gc,phases   ] GC(25) Concurrent Relocate 6.232ms
[12.369s][info][gc,load     ] GC(25) Load: 0.00/0.00/0.00
[12.369s][info][gc,mmu      ] GC(25) MMU: 2ms/97.6%, 5ms/99.0%, 10ms/99.5%, 20ms/99.7%, 50ms/99.9%, 100ms/99.9%
[12.369s][info][gc,marking  ] GC(25) Mark: 8 stripe(s), 3 proactive flush(es), 1 terminate flush(es), 0 completion(s), 0 continuation(s) 
[12.369s][info][gc,marking  ] GC(25) Mark Stack Usage: 32M
[12.369s][info][gc,nmethod  ] GC(25) NMethods: 7794 registered, 2137 unregistered
[12.369s][info][gc,metaspace] GC(25) Metaspace: 70M used, 71M committed, 1088M reserved
[12.369s][info][gc,ref      ] GC(25) Soft: 3815 encountered, 0 discovered, 0 enqueued
[12.369s][info][gc,ref      ] GC(25) Weak: 10641 encountered, 1322 discovered, 0 enqueued
[12.369s][info][gc,ref      ] GC(25) Final: 289 encountered, 32 discovered, 0 enqueued
[12.369s][info][gc,ref      ] GC(25) Phantom: 423 encountered, 339 discovered, 0 enqueued
[12.369s][info][gc,reloc    ] GC(25) Small Pages: 399 / 798M, Empty: 466M, Relocated: 6M, In-Place: 0
[12.369s][info][gc,reloc    ] GC(25) Medium Pages: 0 / 0M, Empty: 0M, Relocated: 0M, In-Place: 0
[12.369s][info][gc,reloc    ] GC(25) Large Pages: 0 / 0M, Empty: 0M, Relocated: 0M, In-Place: 0
[12.369s][info][gc,reloc    ] GC(25) Forwarding Usage: 2M
[12.369s][info][gc,heap     ] GC(25) Min Capacity: 8M(1%)
[12.369s][info][gc,heap     ] GC(25) Max Capacity: 1024M(100%)
[12.369s][info][gc,heap     ] GC(25) Soft Max Capacity: 1024M(100%)
[12.369s][info][gc,heap     ] GC(25)                Mark Start          Mark End        Relocate Start      Relocate End           High               Low         
[12.369s][info][gc,heap     ] GC(25)  Capacity:     1024M (100%)       1024M (100%)       1024M (100%)       1024M (100%)       1024M (100%)       1024M (100%)   
[12.369s][info][gc,heap     ] GC(25)      Free:      226M (22%)          66M (6%)          470M (46%)         720M (70%)         722M (71%)          16M (2%)     
[12.369s][info][gc,heap     ] GC(25)      Used:      798M (78%)         958M (94%)         554M (54%)         304M (30%)        1008M (98%)         302M (29%)    
[12.369s][info][gc,heap     ] GC(25)      Live:         -                51M (5%)           51M (5%)           51M (5%)             -                  -          
[12.369s][info][gc,heap     ] GC(25) Allocated:         -               160M (16%)         222M (22%)         227M (22%)            -                  -          
[12.369s][info][gc,heap     ] GC(25)   Garbage:         -               746M (73%)         280M (27%)          24M (2%)             -                  -          
[12.369s][info][gc,heap     ] GC(25) Reclaimed:         -                  -               466M (46%)         721M (70%)            -                  -          
[12.369s][info][gc          ] GC(25) Garbage Collection (Allocation Rate) 798M(78%)->304M(30%)
[12.397s][info][gc,start    ] GC(26) Garbage Collection (Allocation Rate)
[12.397s][info][gc,task     ] GC(26) Using 10 workers
[12.397s][info][gc,phases   ] GC(26) Pause Mark Start 0.009ms
[12.562s][info][gc,phases   ] GC(26) Concurrent Mark 164.365ms
[12.562s][info][gc,phases   ] GC(26) Pause Mark End 0.031ms
[12.563s][info][gc,phases   ] GC(26) Concurrent Mark Free 0.002ms
[12.568s][info][gc,phases   ] GC(26) Concurrent Process Non-Strong References 4.131ms
[12.568s][info][gc,phases   ] GC(26) Concurrent Reset Relocation Set 0.026ms
[12.568s][info][gc          ] Allocation Stall (finagle/netty4-2-54) 1.228ms
[12.568s][info][gc          ] Allocation Stall (finagle/netty4-2-75) 3.429ms
[12.568s][info][gc          ] Allocation Stall (finagle/netty4-2-86) 1.358ms
[12.568s][info][gc          ] Allocation Stall (finagle/netty4-2-27) 2.095ms
[12.568s][info][gc          ] Allocation Stall (finagle/netty4-2-49) 5.245ms
[12.568s][info][gc          ] Allocation Stall (finagle/netty4-2-81) 3.339ms
[12.568s][info][gc          ] Allocation Stall (finagle/netty4-2-91) 1.104ms
[12.568s][info][gc          ] Allocation Stall (finagle/netty4-2-4) 3.778ms
[12.568s][info][gc          ] Allocation Stall (finagle-http-worker-2) 3.495ms
[12.568s][info][gc          ] Allocation Stall (finagle/netty4-2-88) 1.066ms
[12.568s][info][gc          ] Allocation Stall (finagle/netty4-2-78) 1.993ms
[12.568s][info][gc          ] Allocation Stall (finagle/netty4-2-67) 1.965ms
[12.568s][info][gc          ] Allocation Stall (finagle/netty4-2-50) 1.966ms
[12.568s][info][gc          ] Allocation Stall (finagle/netty4-2-73) 3.830ms
[12.568s][info][gc          ] Allocation Stall (finagle/netty4-2-89) 0.698ms
[12.568s][info][gc          ] Allocation Stall (finagle-http-worker-30) 2.972ms
[12.568s][info][gc          ] Allocation Stall (finagle/netty4-2-93) 1.880ms
[12.568s][info][gc          ] Allocation Stall (finagle/netty4-2-82) 2.631ms
[12.568s][info][gc          ] Allocation Stall (finagle/netty4-2-76) 3.339ms
[12.568s][info][gc          ] Allocation Stall (finagle/netty4-2-74) 4.440ms
[12.568s][info][gc          ] Allocation Stall (finagle/netty4-2-68) 4.563ms
[12.568s][info][gc          ] Allocation Stall (finagle/netty4-2-70) 1.775ms
[12.568s][info][gc          ] Allocation Stall (finagle/netty4-2-48) 4.484ms
[12.568s][info][gc          ] Allocation Stall (finagle/netty4-2-21) 2.478ms
[12.568s][info][gc          ] Allocation Stall (finagle/netty4-2-31) 4.895ms
[12.568s][info][gc          ] Allocation Stall (finagle/netty4-2-96) 5.044ms
[12.568s][info][gc          ] Allocation Stall (finagle/netty4-2-66) 2.655ms
[12.568s][info][gc          ] Allocation Stall (finagle/netty4-2-95) 3.805ms
[12.568s][info][gc          ] Allocation Stall (finagle/netty4-2-51) 1.894ms
[12.568s][info][gc          ] Allocation Stall (finagle/netty4-2-33) 4.313ms
[12.568s][info][gc          ] Allocation Stall (finagle/netty4-2-56) 3.683ms
[12.568s][info][gc          ] Allocation Stall (finagle/netty4-2-61) 1.719ms
[12.568s][info][gc          ] Allocation Stall (finagle/netty4-2-94) 4.854ms
[12.568s][info][gc          ] Allocation Stall (finagle/netty4-2-83) 4.253ms
[12.568s][info][gc          ] Allocation Stall (finagle/netty4-2-65) 3.691ms
[12.568s][info][gc          ] Allocation Stall (finagle/netty4-2-55) 4.820ms
[12.568s][info][gc          ] Allocation Stall (finagle/netty4-2-92) 5.152ms
[12.568s][info][gc          ] Allocation Stall (finagle/netty4-2-7) 4.028ms
[12.568s][info][gc          ] Allocation Stall (finagle/netty4-2-34) 4.856ms
[12.568s][info][gc          ] Allocation Stall (finagle-http-worker-29) 3.931ms
[12.568s][info][gc          ] Allocation Stall (finagle/netty4-2-58) 1.498ms
[12.568s][info][gc          ] Allocation Stall (finagle/netty4-2-53) 4.825ms
[12.568s][info][gc          ] Allocation Stall (finagle/netty4-2-43) 2.231ms
[12.568s][info][gc          ] Allocation Stall (finagle-http-worker-5) 5.146ms
[12.568s][info][gc          ] Allocation Stall (finagle/netty4-2-90) 4.110ms
[12.568s][info][gc          ] Allocation Stall (finagle/netty4-2-85) 2.487ms
[12.568s][info][gc          ] Allocation Stall (finagle-http-worker-31) 4.763ms
[12.568s][info][gc          ] Allocation Stall (finagle/netty4-2-32) 2.723ms
[12.573s][info][gc,phases   ] GC(26) Concurrent Select Relocation Set 4.946ms
[12.573s][info][gc,phases   ] GC(26) Pause Relocate Start 0.009ms
[12.578s][info][gc,phases   ] GC(26) Concurrent Relocate 4.939ms
[12.578s][info][gc,load     ] GC(26) Load: 0.00/0.00/0.00
[12.578s][info][gc,mmu      ] GC(26) MMU: 2ms/97.6%, 5ms/99.0%, 10ms/99.5%, 20ms/99.7%, 50ms/99.9%, 100ms/99.9%
[12.578s][info][gc,marking  ] GC(26) Mark: 8 stripe(s), 3 proactive flush(es), 1 terminate flush(es), 0 completion(s), 0 continuation(s) 
[12.578s][info][gc,marking  ] GC(26) Mark Stack Usage: 32M
[12.578s][info][gc,nmethod  ] GC(26) NMethods: 7815 registered, 2169 unregistered
[12.578s][info][gc,metaspace] GC(26) Metaspace: 70M used, 71M committed, 1088M reserved
[12.578s][info][gc,ref      ] GC(26) Soft: 3815 encountered, 0 discovered, 0 enqueued
[12.578s][info][gc,ref      ] GC(26) Weak: 10641 encountered, 1573 discovered, 0 enqueued
[12.578s][info][gc,ref      ] GC(26) Final: 289 encountered, 4 discovered, 0 enqueued
[12.578s][info][gc,ref      ] GC(26) Phantom: 423 encountered, 268 discovered, 0 enqueued
[12.578s][info][gc,reloc    ] GC(26) Small Pages: 206 / 412M, Empty: 148M, Relocated: 6M, In-Place: 0
[12.578s][info][gc,reloc    ] GC(26) Medium Pages: 0 / 0M, Empty: 0M, Relocated: 0M, In-Place: 0
[12.578s][info][gc,reloc    ] GC(26) Large Pages: 0 / 0M, Empty: 0M, Relocated: 0M, In-Place: 0
[12.578s][info][gc,reloc    ] GC(26) Forwarding Usage: 2M
[12.578s][info][gc,heap     ] GC(26) Min Capacity: 8M(1%)
[12.578s][info][gc,heap     ] GC(26) Max Capacity: 1024M(100%)
[12.579s][info][gc,heap     ] GC(26) Soft Max Capacity: 1024M(100%)
[12.579s][info][gc,heap     ] GC(26)                Mark Start          Mark End        Relocate Start      Relocate End           High               Low         
[12.579s][info][gc,heap     ] GC(26)  Capacity:     1024M (100%)       1024M (100%)       1024M (100%)       1024M (100%)       1024M (100%)       1024M (100%)   
[12.579s][info][gc,heap     ] GC(26)      Free:      612M (60%)           0M (0%)          126M (12%)         302M (29%)         612M (60%)           0M (0%)     
[12.579s][info][gc,heap     ] GC(26)      Used:      412M (40%)        1024M (100%)        898M (88%)         722M (71%)        1024M (100%)        412M (40%)    
[12.579s][info][gc,heap     ] GC(26)      Live:         -                51M (5%)           51M (5%)           51M (5%)             -                  -          
[12.579s][info][gc,heap     ] GC(26) Allocated:         -               612M (60%)         634M (62%)         645M (63%)            -                  -          
[12.579s][info][gc,heap     ] GC(26)   Garbage:         -               360M (35%)         212M (21%)          24M (2%)             -                  -          
[12.579s][info][gc,heap     ] GC(26) Reclaimed:         -                  -               148M (14%)         335M (33%)            -                  -          
[12.579s][info][gc          ] GC(26) Garbage Collection (Allocation Rate) 412M(40%)->722M(71%)
[12.597s][info][gc,start    ] GC(27) Garbage Collection (Allocation Stall)
[12.597s][info][gc,ref      ] GC(27) Clearing All SoftReferences
[12.597s][info][gc,task     ] GC(27) Using 10 workers
[12.597s][info][gc,ref      ] GC(27) Clearing All SoftReferences
[12.597s][info][gc,phases   ] GC(27) Pause Mark Start 0.082ms
[12.674s][info][gc,phases   ] GC(27) Concurrent Mark 76.847ms
[12.674s][info][gc,phases   ] GC(27) Pause Mark End 0.038ms
[12.675s][info][gc,phases   ] GC(27) Concurrent Mark Free 0.001ms
[12.697s][info][gc,phases   ] GC(27) Concurrent Process Non-Strong References 22.361ms
[12.697s][info][gc,phases   ] GC(27) Concurrent Reset Relocation Set 0.016ms
[12.697s][info][gc          ] Allocation Stall (finagle/netty4-2-91) 35.932ms
[12.697s][info][gc          ] Allocation Stall (finagle/netty4-2-51) 38.383ms
[12.697s][info][gc          ] Allocation Stall (finagle/netty4-2-94) 38.742ms
[12.697s][info][gc          ] Allocation Stall (finagle/netty4-2-57) 37.035ms
[12.697s][info][gc          ] Allocation Stall (finagle/netty4-2-60) 36.749ms
[12.697s][info][gc          ] Allocation Stall (finagle/netty4-2-88) 35.958ms
[12.697s][info][gc          ] Allocation Stall (finagle/netty4-2-61) 36.169ms
[12.697s][info][gc          ] Allocation Stall (finagle/netty4-2-79) 38.141ms
[12.697s][info][gc          ] Allocation Stall (finagle/netty4-2-82) 35.899ms
[12.697s][info][gc          ] Allocation Stall (finagle-http-worker-31) 37.863ms
[12.697s][info][gc          ] Allocation Stall (finagle/netty4-2-86) 36.004ms
[12.697s][info][gc          ] Allocation Stall (finagle/netty4-2-59) 37.625ms
[12.697s][info][gc          ] Allocation Stall (finagle-http-worker-21) 37.892ms
[12.697s][info][gc          ] Allocation Stall (finagle/netty4-2-65) 39.048ms
[12.697s][info][gc          ] Allocation Stall (finagle/netty4-2-50) 38.810ms
[12.697s][info][gc          ] Allocation Stall (finagle/netty4-2-67) 36.112ms
[12.697s][info][gc          ] Allocation Stall (finagle-http-worker-32) 38.429ms
[12.697s][info][gc          ] Allocation Stall (finagle-http-worker-20) 37.923ms
[12.697s][info][gc          ] Allocation Stall (finagle-http-worker-39) 38.551ms
[12.697s][info][gc          ] Allocation Stall (finagle/netty4-2-93) 37.685ms
[12.697s][info][gc          ] Allocation Stall (finagle/netty4-2-46) 38.986ms
[12.697s][info][gc          ] Allocation Stall (finagle/netty4-2-55) 37.367ms
[12.697s][info][gc          ] Allocation Stall (finagle/netty4-2-78) 39.724ms
[12.697s][info][gc          ] Allocation Stall (finagle/netty4-2-92) 37.006ms
[12.697s][info][gc          ] Allocation Stall (finagle-http-worker-41) 38.363ms
[12.697s][info][gc          ] Allocation Stall (finagle/netty4-2-54) 36.056ms
[12.697s][info][gc          ] Allocation Stall (finagle/netty4-2-52) 39.476ms
[12.697s][info][gc          ] Allocation Stall (finagle-http-worker-24) 39.975ms
[12.697s][info][gc          ] Allocation Stall (finagle/netty4-2-68) 40.117ms
[12.697s][info][gc          ] Allocation Stall (finagle-http-worker-0) 37.026ms
[12.697s][info][gc          ] Allocation Stall (finagle/netty4-2-64) 38.528ms
[12.697s][info][gc          ] Allocation Stall (finagle/netty4-2-84) 38.072ms
[12.697s][info][gc          ] Allocation Stall (finagle-http-worker-33) 38.925ms
[12.697s][info][gc          ] Allocation Stall (finagle/netty4-2-32) 38.488ms
[12.697s][info][gc          ] Allocation Stall (finagle/netty4-2-1) 38.444ms
[12.697s][info][gc          ] Allocation Stall (finagle-http-worker-3) 39.087ms
[12.697s][info][gc          ] Allocation Stall (finagle-http-worker-37) 39.485ms
[12.697s][info][gc          ] Allocation Stall (finagle/netty4-2-49) 39.469ms
[12.697s][info][gc          ] Allocation Stall (finagle-http-worker-42) 39.174ms
[12.697s][info][gc          ] Allocation Stall (finagle/netty4-2-96) 39.915ms
[12.697s][info][gc          ] Allocation Stall (finagle/netty4-2-35) 39.270ms
[12.697s][info][gc          ] Allocation Stall (finagle-http-worker-44) 39.223ms
[12.697s][info][gc          ] Allocation Stall (finagle/netty4-2-58) 39.438ms
[12.697s][info][gc          ] Allocation Stall (finagle/netty4-2-42) 40.073ms
[12.697s][info][gc          ] Allocation Stall (finagle/netty4-2-74) 39.904ms
[12.697s][info][gc          ] Allocation Stall (finagle/netty4-2-87) 39.926ms
[12.697s][info][gc          ] Allocation Stall (finagle/netty4-2-66) 36.003ms
[12.697s][info][gc          ] Allocation Stall (finagle/netty4-2-89) 39.953ms
[12.704s][info][gc,phases   ] GC(27) Concurrent Select Relocation Set 7.040ms
[12.704s][info][gc,phases   ] GC(27) Pause Relocate Start 0.009ms
[12.708s][info][gc,phases   ] GC(27) Concurrent Relocate 3.481ms
[12.708s][info][gc,load     ] GC(27) Load: 0.00/0.00/0.00
[12.708s][info][gc,mmu      ] GC(27) MMU: 2ms/95.9%, 5ms/98.4%, 10ms/99.2%, 20ms/99.6%, 50ms/99.8%, 100ms/99.9%
[12.708s][info][gc,marking  ] GC(27) Mark: 8 stripe(s), 3 proactive flush(es), 1 terminate flush(es), 0 completion(s), 0 continuation(s) 
[12.708s][info][gc,marking  ] GC(27) Mark Stack Usage: 32M
[12.708s][info][gc,nmethod  ] GC(27) NMethods: 7825 registered, 2234 unregistered
[12.708s][info][gc,metaspace] GC(27) Metaspace: 70M used, 71M committed, 1088M reserved
[12.708s][info][gc,ref      ] GC(27) Soft: 3782 encountered, 1533 discovered, 1406 enqueued
[12.709s][info][gc,ref      ] GC(27) Weak: 10641 encountered, 1586 discovered, 28 enqueued
[12.709s][info][gc,ref      ] GC(27) Final: 289 encountered, 23 discovered, 0 enqueued
[12.709s][info][gc,ref      ] GC(27) Phantom: 423 encountered, 306 discovered, 0 enqueued
[12.709s][info][gc,reloc    ] GC(27) Small Pages: 396 / 792M, Empty: 480M, Relocated: 8M, In-Place: 0
[12.709s][info][gc,reloc    ] GC(27) Medium Pages: 0 / 0M, Empty: 0M, Relocated: 0M, In-Place: 0
[12.709s][info][gc,reloc    ] GC(27) Large Pages: 0 / 0M, Empty: 0M, Relocated: 0M, In-Place: 0
[12.709s][info][gc,reloc    ] GC(27) Forwarding Usage: 2M
[12.709s][info][gc,heap     ] GC(27) Min Capacity: 8M(1%)
[12.709s][info][gc,heap     ] GC(27) Max Capacity: 1024M(100%)
[12.709s][info][gc,heap     ] GC(27) Soft Max Capacity: 1024M(100%)
[12.709s][info][gc,heap     ] GC(27)                Mark Start          Mark End        Relocate Start      Relocate End           High               Low         
[12.709s][info][gc,heap     ] GC(27)  Capacity:     1024M (100%)       1024M (100%)       1024M (100%)       1024M (100%)       1024M (100%)       1024M (100%)   
[12.709s][info][gc,heap     ] GC(27)      Free:      232M (23%)           0M (0%)          456M (45%)         690M (67%)         690M (67%)           0M (0%)     
[12.709s][info][gc,heap     ] GC(27)      Used:      792M (77%)        1024M (100%)        568M (55%)         334M (33%)        1024M (100%)        334M (33%)    
[12.709s][info][gc,heap     ] GC(27)      Live:         -                49M (5%)           49M (5%)           49M (5%)             -                  -          
[12.709s][info][gc,heap     ] GC(27) Allocated:         -               232M (23%)         256M (25%)         261M (26%)            -                  -          
[12.709s][info][gc,heap     ] GC(27)   Garbage:         -               742M (72%)         262M (26%)          22M (2%)             -                  -          
[12.709s][info][gc,heap     ] GC(27) Reclaimed:         -                  -               480M (47%)         719M (70%)            -                  -          
[12.709s][info][gc          ] GC(27) Garbage Collection (Allocation Stall) 792M(77%)->334M(33%)
[12.797s][info][gc,start    ] GC(28) Garbage Collection (Allocation Stall)
[12.797s][info][gc,ref      ] GC(28) Clearing All SoftReferences
[12.797s][info][gc,task     ] GC(28) Using 10 workers
[12.797s][info][gc,ref      ] GC(28) Clearing All SoftReferences
[12.797s][info][gc,phases   ] GC(28) Pause Mark Start 0.070ms
[12.835s][info][gc,phases   ] GC(28) Concurrent Mark 37.668ms
[12.835s][info][gc,phases   ] GC(28) Pause Mark End 0.029ms
[12.840s][info][gc,phases   ] GC(28) Concurrent Mark Free 0.002ms
[12.847s][info][gc,phases   ] GC(28) Concurrent Process Non-Strong References 7.469ms
[12.847s][info][gc,phases   ] GC(28) Concurrent Reset Relocation Set 0.033ms
[12.862s][info][gc,phases   ] GC(28) Concurrent Select Relocation Set 14.077ms
[12.862s][info][gc,phases   ] GC(28) Pause Relocate Start 0.010ms
[12.867s][info][gc,phases   ] GC(28) Concurrent Relocate 4.341ms
[12.867s][info][gc,load     ] GC(28) Load: 0.00/0.00/0.00
[12.867s][info][gc,mmu      ] GC(28) MMU: 2ms/95.9%, 5ms/98.4%, 10ms/99.2%, 20ms/99.6%, 50ms/99.8%, 100ms/99.9%
[12.868s][info][gc,marking  ] GC(28) Mark: 8 stripe(s), 3 proactive flush(es), 1 terminate flush(es), 0 completion(s), 0 continuation(s) 
[12.868s][info][gc,marking  ] GC(28) Mark Stack Usage: 32M
[12.868s][info][gc,nmethod  ] GC(28) NMethods: 7816 registered, 2336 unregistered
[12.868s][info][gc,metaspace] GC(28) Metaspace: 70M used, 71M committed, 1088M reserved
[12.868s][info][gc,ref      ] GC(28) Soft: 2377 encountered, 126 discovered, 1 enqueued
[12.868s][info][gc,ref      ] GC(28) Weak: 10615 encountered, 1696 discovered, 0 enqueued
[12.868s][info][gc,ref      ] GC(28) Final: 289 encountered, 16 discovered, 0 enqueued
[12.868s][info][gc,ref      ] GC(28) Phantom: 423 encountered, 250 discovered, 0 enqueued
[12.868s][info][gc,reloc    ] GC(28) Small Pages: 330 / 660M, Empty: 286M, Relocated: 8M, In-Place: 0
[12.868s][info][gc,reloc    ] GC(28) Medium Pages: 0 / 0M, Empty: 0M, Relocated: 0M, In-Place: 0
[12.868s][info][gc,reloc    ] GC(28) Large Pages: 0 / 0M, Empty: 0M, Relocated: 0M, In-Place: 0
[12.868s][info][gc,reloc    ] GC(28) Forwarding Usage: 2M
[12.868s][info][gc,heap     ] GC(28) Min Capacity: 8M(1%)
[12.868s][info][gc,heap     ] GC(28) Max Capacity: 1024M(100%)
[12.868s][info][gc,heap     ] GC(28) Soft Max Capacity: 1024M(100%)
[12.868s][info][gc,heap     ] GC(28)                Mark Start          Mark End        Relocate Start      Relocate End           High               Low         
[12.868s][info][gc,heap     ] GC(28)  Capacity:     1024M (100%)       1024M (100%)       1024M (100%)       1024M (100%)       1024M (100%)       1024M (100%)   
[12.868s][info][gc,heap     ] GC(28)      Free:      364M (36%)         210M (21%)         390M (38%)         678M (66%)         678M (66%)         156M (15%)    
[12.868s][info][gc,heap     ] GC(28)      Used:      660M (64%)         814M (79%)         634M (62%)         346M (34%)         868M (85%)         346M (34%)    
[12.868s][info][gc,heap     ] GC(28)      Live:         -                49M (5%)           49M (5%)           49M (5%)             -                  -          
[12.868s][info][gc,heap     ] GC(28) Allocated:         -               154M (15%)         260M (25%)         272M (27%)            -                  -          
[12.868s][info][gc,heap     ] GC(28)   Garbage:         -               610M (60%)         324M (32%)          23M (2%)             -                  -          
[12.868s][info][gc,heap     ] GC(28) Reclaimed:         -                  -               286M (28%)         586M (57%)            -                  -          
[12.868s][info][gc          ] GC(28) Garbage Collection (Allocation Stall) 660M(64%)->346M(34%)
[12.896s][info][gc,start    ] GC(29) Garbage Collection (Allocation Rate)
[12.896s][info][gc,task     ] GC(29) Using 10 workers
[12.896s][info][gc,phases   ] GC(29) Pause Mark Start 0.010ms
[12.920s][info][gc,phases   ] GC(29) Concurrent Mark 23.349ms
[12.920s][info][gc,phases   ] GC(29) Pause Mark End 0.022ms
[12.921s][info][gc,phases   ] GC(29) Concurrent Mark Free 0.001ms
[12.927s][info][gc,phases   ] GC(29) Concurrent Process Non-Strong References 5.296ms
[12.927s][info][gc,phases   ] GC(29) Concurrent Reset Relocation Set 0.054ms
[12.933s][info][gc,phases   ] GC(29) Concurrent Select Relocation Set 6.420ms
[12.933s][info][gc,phases   ] GC(29) Pause Relocate Start 0.008ms
[12.937s][info][gc,phases   ] GC(29) Concurrent Relocate 3.742ms
[12.937s][info][gc,load     ] GC(29) Load: 0.00/0.00/0.00
[12.937s][info][gc,mmu      ] GC(29) MMU: 2ms/95.9%, 5ms/98.4%, 10ms/99.2%, 20ms/99.6%, 50ms/99.8%, 100ms/99.9%
[12.938s][info][gc,marking  ] GC(29) Mark: 8 stripe(s), 3 proactive flush(es), 1 terminate flush(es), 0 completion(s), 0 continuation(s) 
[12.938s][info][gc,marking  ] GC(29) Mark Stack Usage: 32M
[12.938s][info][gc,nmethod  ] GC(29) NMethods: 7815 registered, 2351 unregistered
[12.938s][info][gc,metaspace] GC(29) Metaspace: 70M used, 71M committed, 1088M reserved
[12.938s][info][gc,ref      ] GC(29) Soft: 2376 encountered, 0 discovered, 0 enqueued
[12.938s][info][gc,ref      ] GC(29) Weak: 10615 encountered, 1448 discovered, 0 enqueued
[12.938s][info][gc,ref      ] GC(29) Final: 289 encountered, 24 discovered, 0 enqueued
[12.938s][info][gc,ref      ] GC(29) Phantom: 423 encountered, 340 discovered, 0 enqueued
[12.938s][info][gc,reloc    ] GC(29) Small Pages: 237 / 474M, Empty: 212M, Relocated: 8M, In-Place: 0
[12.938s][info][gc,reloc    ] GC(29) Medium Pages: 0 / 0M, Empty: 0M, Relocated: 0M, In-Place: 0
[12.938s][info][gc,reloc    ] GC(29) Large Pages: 0 / 0M, Empty: 0M, Relocated: 0M, In-Place: 0
[12.938s][info][gc,reloc    ] GC(29) Forwarding Usage: 2M
[12.938s][info][gc,heap     ] GC(29) Min Capacity: 8M(1%)
[12.938s][info][gc,heap     ] GC(29) Max Capacity: 1024M(100%)
[12.938s][info][gc,heap     ] GC(29) Soft Max Capacity: 1024M(100%)
[12.938s][info][gc,heap     ] GC(29)                Mark Start          Mark End        Relocate Start      Relocate End           High               Low         
[12.938s][info][gc,heap     ] GC(29)  Capacity:     1024M (100%)       1024M (100%)       1024M (100%)       1024M (100%)       1024M (100%)       1024M (100%)   
[12.938s][info][gc,heap     ] GC(29)      Free:      550M (54%)         442M (43%)         594M (58%)         774M (76%)         774M (76%)         410M (40%)    
[12.938s][info][gc,heap     ] GC(29)      Used:      474M (46%)         582M (57%)         430M (42%)         250M (24%)         614M (60%)         250M (24%)    
[12.938s][info][gc,heap     ] GC(29)      Live:         -                49M (5%)           49M (5%)           49M (5%)             -                  -          
[12.938s][info][gc,heap     ] GC(29) Allocated:         -               108M (11%)         168M (16%)         177M (17%)            -                  -          
[12.938s][info][gc,heap     ] GC(29)   Garbage:         -               424M (41%)         212M (21%)          23M (2%)             -                  -          
[12.938s][info][gc,heap     ] GC(29) Reclaimed:         -                  -               212M (21%)         401M (39%)            -                  -          
[12.938s][info][gc          ] GC(29) Garbage Collection (Allocation Rate) 474M(46%)->250M(24%)
[12.996s][info][gc,start    ] GC(30) Garbage Collection (Allocation Rate)
[12.996s][info][gc,task     ] GC(30) Using 10 workers
[12.996s][info][gc,phases   ] GC(30) Pause Mark Start 0.013ms
[13.024s][info][gc,phases   ] GC(30) Concurrent Mark 26.960ms
[13.024s][info][gc,phases   ] GC(30) Pause Mark End 0.025ms
[13.024s][info][gc,phases   ] GC(30) Concurrent Mark Free 0.001ms
[13.028s][info][gc,phases   ] GC(30) Concurrent Process Non-Strong References 3.727ms
[13.028s][info][gc,phases   ] GC(30) Concurrent Reset Relocation Set 0.039ms
[13.038s][info][gc,phases   ] GC(30) Concurrent Select Relocation Set 10.412ms
[13.039s][info][gc,phases   ] GC(30) Pause Relocate Start 0.008ms
[13.043s][info][gc,phases   ] GC(30) Concurrent Relocate 4.495ms
[13.044s][info][gc,load     ] GC(30) Load: 0.00/0.00/0.00
[13.044s][info][gc,mmu      ] GC(30) MMU: 2ms/95.9%, 5ms/98.4%, 10ms/99.2%, 20ms/99.6%, 50ms/99.8%, 100ms/99.9%
[13.044s][info][gc,marking  ] GC(30) Mark: 8 stripe(s), 3 proactive flush(es), 1 terminate flush(es), 0 completion(s), 0 continuation(s) 
[13.044s][info][gc,marking  ] GC(30) Mark Stack Usage: 32M
[13.044s][info][gc,nmethod  ] GC(30) NMethods: 7814 registered, 2355 unregistered
[13.044s][info][gc,metaspace] GC(30) Metaspace: 70M used, 71M committed, 1088M reserved
[13.044s][info][gc,ref      ] GC(30) Soft: 2376 encountered, 0 discovered, 0 enqueued
[13.044s][info][gc,ref      ] GC(30) Weak: 10615 encountered, 2067 discovered, 0 enqueued
[13.044s][info][gc,ref      ] GC(30) Final: 289 encountered, 35 discovered, 0 enqueued
[13.044s][info][gc,ref      ] GC(30) Phantom: 423 encountered, 269 discovered, 0 enqueued
[13.044s][info][gc,reloc    ] GC(30) Small Pages: 271 / 542M, Empty: 236M, Relocated: 8M, In-Place: 0
[13.044s][info][gc,reloc    ] GC(30) Medium Pages: 0 / 0M, Empty: 0M, Relocated: 0M, In-Place: 0
[13.044s][info][gc,reloc    ] GC(30) Large Pages: 0 / 0M, Empty: 0M, Relocated: 0M, In-Place: 0
[13.044s][info][gc,reloc    ] GC(30) Forwarding Usage: 2M
[13.044s][info][gc,heap     ] GC(30) Min Capacity: 8M(1%)
[13.044s][info][gc,heap     ] GC(30) Max Capacity: 1024M(100%)
[13.044s][info][gc,heap     ] GC(30) Soft Max Capacity: 1024M(100%)
[13.044s][info][gc,heap     ] GC(30)                Mark Start          Mark End        Relocate Start      Relocate End           High               Low         
[13.044s][info][gc,heap     ] GC(30)  Capacity:     1024M (100%)       1024M (100%)       1024M (100%)       1024M (100%)       1024M (100%)       1024M (100%)   
[13.044s][info][gc,heap     ] GC(30)      Free:      482M (47%)         348M (34%)         518M (51%)         740M (72%)         744M (73%)         332M (32%)    
[13.044s][info][gc,heap     ] GC(30)      Used:      542M (53%)         676M (66%)         506M (49%)         284M (28%)         692M (68%)         280M (27%)    
[13.044s][info][gc,heap     ] GC(30)      Live:         -                49M (5%)           49M (5%)           49M (5%)             -                  -          
[13.044s][info][gc,heap     ] GC(30) Allocated:         -               134M (13%)         200M (20%)         211M (21%)            -                  -          
[13.044s][info][gc,heap     ] GC(30)   Garbage:         -               492M (48%)         256M (25%)          23M (2%)             -                  -          
[13.044s][info][gc,heap     ] GC(30) Reclaimed:         -                  -               236M (23%)         469M (46%)            -                  -          
[13.044s][info][gc          ] GC(30) Garbage Collection (Allocation Rate) 542M(53%)->284M(28%)
[13.097s][info][gc,start    ] GC(31) Garbage Collection (Allocation Rate)
[13.097s][info][gc,task     ] GC(31) Using 10 workers
[13.097s][info][gc,phases   ] GC(31) Pause Mark Start 0.011ms
[13.123s][info][gc,phases   ] GC(31) Concurrent Mark 25.517ms
[13.123s][info][gc,phases   ] GC(31) Pause Mark End 0.026ms
[13.124s][info][gc,phases   ] GC(31) Concurrent Mark Free 0.001ms
[13.127s][info][gc,phases   ] GC(31) Concurrent Process Non-Strong References 3.252ms
[13.127s][info][gc,phases   ] GC(31) Concurrent Reset Relocation Set 0.039ms
[13.137s][info][gc,phases   ] GC(31) Concurrent Select Relocation Set 10.371ms
[13.138s][info][gc,phases   ] GC(31) Pause Relocate Start 0.010ms
[13.142s][info][gc,phases   ] GC(31) Concurrent Relocate 4.108ms
[13.142s][info][gc,load     ] GC(31) Load: 0.00/0.00/0.00
[13.142s][info][gc,mmu      ] GC(31) MMU: 2ms/95.9%, 5ms/98.4%, 10ms/99.2%, 20ms/99.6%, 50ms/99.8%, 100ms/99.9%
[13.142s][info][gc,marking  ] GC(31) Mark: 8 stripe(s), 4 proactive flush(es), 1 terminate flush(es), 0 completion(s), 0 continuation(s) 
[13.142s][info][gc,marking  ] GC(31) Mark Stack Usage: 32M
[13.142s][info][gc,nmethod  ] GC(31) NMethods: 7815 registered, 2355 unregistered
[13.142s][info][gc,metaspace] GC(31) Metaspace: 70M used, 71M committed, 1088M reserved
[13.142s][info][gc,ref      ] GC(31) Soft: 2376 encountered, 0 discovered, 0 enqueued
[13.142s][info][gc,ref      ] GC(31) Weak: 10615 encountered, 1433 discovered, 0 enqueued
[13.142s][info][gc,ref      ] GC(31) Final: 289 encountered, 5 discovered, 0 enqueued
[13.142s][info][gc,ref      ] GC(31) Phantom: 423 encountered, 295 discovered, 0 enqueued
[13.142s][info][gc,reloc    ] GC(31) Small Pages: 279 / 558M, Empty: 230M, Relocated: 8M, In-Place: 0
[13.142s][info][gc,reloc    ] GC(31) Medium Pages: 0 / 0M, Empty: 0M, Relocated: 0M, In-Place: 0
[13.142s][info][gc,reloc    ] GC(31) Large Pages: 0 / 0M, Empty: 0M, Relocated: 0M, In-Place: 0
[13.142s][info][gc,reloc    ] GC(31) Forwarding Usage: 2M
[13.142s][info][gc,heap     ] GC(31) Min Capacity: 8M(1%)
[13.142s][info][gc,heap     ] GC(31) Max Capacity: 1024M(100%)
[13.142s][info][gc,heap     ] GC(31) Soft Max Capacity: 1024M(100%)
[13.142s][info][gc,heap     ] GC(31)                Mark Start          Mark End        Relocate Start      Relocate End           High               Low         
[13.142s][info][gc,heap     ] GC(31)  Capacity:     1024M (100%)       1024M (100%)       1024M (100%)       1024M (100%)       1024M (100%)       1024M (100%)   
[13.142s][info][gc,heap     ] GC(31)      Free:      466M (46%)         340M (33%)         506M (49%)         750M (73%)         754M (74%)         326M (32%)    
[13.142s][info][gc,heap     ] GC(31)      Used:      558M (54%)         684M (67%)         518M (51%)         274M (27%)         698M (68%)         270M (26%)    
[13.143s][info][gc,heap     ] GC(31)      Live:         -                49M (5%)           49M (5%)           49M (5%)             -                  -          
[13.143s][info][gc,heap     ] GC(31) Allocated:         -               126M (12%)         190M (19%)         200M (20%)            -                  -          
[13.143s][info][gc,heap     ] GC(31)   Garbage:         -               508M (50%)         278M (27%)          23M (2%)             -                  -          
[13.143s][info][gc,heap     ] GC(31) Reclaimed:         -                  -               230M (22%)         484M (47%)            -                  -          
[13.143s][info][gc          ] GC(31) Garbage Collection (Allocation Rate) 558M(54%)->274M(27%)
[13.196s][info][gc,start    ] GC(32) Garbage Collection (Allocation Rate)
[13.196s][info][gc,task     ] GC(32) Using 10 workers
[13.196s][info][gc,phases   ] GC(32) Pause Mark Start 0.011ms
[13.220s][info][gc,phases   ] GC(32) Concurrent Mark 23.520ms
[13.221s][info][gc,phases   ] GC(32) Pause Mark End 0.025ms
[13.221s][info][gc,phases   ] GC(32) Concurrent Mark Free 0.001ms
[13.226s][info][gc,phases   ] GC(32) Concurrent Process Non-Strong References 5.199ms
[13.227s][info][gc,phases   ] GC(32) Concurrent Reset Relocation Set 0.040ms
[13.235s][info][gc,phases   ] GC(32) Concurrent Select Relocation Set 8.380ms
[13.235s][info][gc,phases   ] GC(32) Pause Relocate Start 0.008ms
[13.240s][info][gc,phases   ] GC(32) Concurrent Relocate 4.134ms
[13.240s][info][gc,load     ] GC(32) Load: 0.00/0.00/0.00
[13.240s][info][gc,mmu      ] GC(32) MMU: 2ms/95.9%, 5ms/98.4%, 10ms/99.2%, 20ms/99.6%, 50ms/99.8%, 100ms/99.9%
[13.240s][info][gc,marking  ] GC(32) Mark: 8 stripe(s), 3 proactive flush(es), 1 terminate flush(es), 0 completion(s), 0 continuation(s) 
[13.240s][info][gc,marking  ] GC(32) Mark Stack Usage: 32M
[13.240s][info][gc,nmethod  ] GC(32) NMethods: 7817 registered, 2356 unregistered
[13.240s][info][gc,metaspace] GC(32) Metaspace: 70M used, 71M committed, 1088M reserved
[13.241s][info][gc,ref      ] GC(32) Soft: 2376 encountered, 0 discovered, 0 enqueued
[13.241s][info][gc,ref      ] GC(32) Weak: 10615 encountered, 1470 discovered, 0 enqueued
[13.241s][info][gc,ref      ] GC(32) Final: 289 encountered, 36 discovered, 0 enqueued
[13.241s][info][gc,ref      ] GC(32) Phantom: 423 encountered, 370 discovered, 0 enqueued
[13.241s][info][gc,reloc    ] GC(32) Small Pages: 274 / 548M, Empty: 228M, Relocated: 8M, In-Place: 0
[13.241s][info][gc,reloc    ] GC(32) Medium Pages: 0 / 0M, Empty: 0M, Relocated: 0M, In-Place: 0
[13.241s][info][gc,reloc    ] GC(32) Large Pages: 0 / 0M, Empty: 0M, Relocated: 0M, In-Place: 0
[13.241s][info][gc,reloc    ] GC(32) Forwarding Usage: 2M
[13.241s][info][gc,heap     ] GC(32) Min Capacity: 8M(1%)
[13.241s][info][gc,heap     ] GC(32) Max Capacity: 1024M(100%)
[13.241s][info][gc,heap     ] GC(32) Soft Max Capacity: 1024M(100%)
[13.241s][info][gc,heap     ] GC(32)                Mark Start          Mark End        Relocate Start      Relocate End           High               Low         
[13.241s][info][gc,heap     ] GC(32)  Capacity:     1024M (100%)       1024M (100%)       1024M (100%)       1024M (100%)       1024M (100%)       1024M (100%)   
[13.241s][info][gc,heap     ] GC(32)      Free:      476M (46%)         360M (35%)         520M (51%)         756M (74%)         758M (74%)         334M (33%)    
[13.241s][info][gc,heap     ] GC(32)      Used:      548M (54%)         664M (65%)         504M (49%)         268M (26%)         690M (67%)         266M (26%)    
[13.241s][info][gc,heap     ] GC(32)      Live:         -                49M (5%)           49M (5%)           49M (5%)             -                  -          
[13.241s][info][gc,heap     ] GC(32) Allocated:         -               116M (11%)         184M (18%)         194M (19%)            -                  -          
[13.241s][info][gc,heap     ] GC(32)   Garbage:         -               498M (49%)         270M (26%)          23M (2%)             -                  -          
[13.241s][info][gc,heap     ] GC(32) Reclaimed:         -                  -               228M (22%)         474M (46%)            -                  -          
[13.241s][info][gc          ] GC(32) Garbage Collection (Allocation Rate) 548M(54%)->268M(26%)
[13.295s][info][gc,start    ] GC(33) Garbage Collection (Allocation Rate)
[13.295s][info][gc,task     ] GC(33) Using 10 workers
[13.295s][info][gc,phases   ] GC(33) Pause Mark Start 0.015ms
[13.316s][info][gc,phases   ] GC(33) Concurrent Mark 20.518ms
[13.316s][info][gc,phases   ] GC(33) Pause Mark End 0.026ms
[13.318s][info][gc,phases   ] GC(33) Concurrent Mark Free 0.002ms
[13.321s][info][gc,phases   ] GC(33) Concurrent Process Non-Strong References 3.349ms
[13.321s][info][gc,phases   ] GC(33) Concurrent Reset Relocation Set 0.037ms
[13.326s][info][gc,phases   ] GC(33) Concurrent Select Relocation Set 4.898ms
[13.326s][info][gc,phases   ] GC(33) Pause Relocate Start 0.009ms
[13.331s][info][gc,phases   ] GC(33) Concurrent Relocate 4.094ms
[13.331s][info][gc,load     ] GC(33) Load: 0.00/0.00/0.00
[13.331s][info][gc,mmu      ] GC(33) MMU: 2ms/95.9%, 5ms/98.4%, 10ms/99.2%, 20ms/99.6%, 50ms/99.8%, 100ms/99.9%
[13.331s][info][gc,marking  ] GC(33) Mark: 8 stripe(s), 3 proactive flush(es), 1 terminate flush(es), 0 completion(s), 0 continuation(s) 
[13.331s][info][gc,marking  ] GC(33) Mark Stack Usage: 32M
[13.331s][info][gc,nmethod  ] GC(33) NMethods: 7819 registered, 2358 unregistered
[13.331s][info][gc,metaspace] GC(33) Metaspace: 70M used, 71M committed, 1088M reserved
[13.331s][info][gc,ref      ] GC(33) Soft: 2376 encountered, 0 discovered, 0 enqueued
[13.331s][info][gc,ref      ] GC(33) Weak: 10615 encountered, 2091 discovered, 0 enqueued
[13.331s][info][gc,ref      ] GC(33) Final: 289 encountered, 0 discovered, 0 enqueued
[13.331s][info][gc,ref      ] GC(33) Phantom: 423 encountered, 286 discovered, 0 enqueued
[13.331s][info][gc,reloc    ] GC(33) Small Pages: 274 / 548M, Empty: 228M, Relocated: 8M, In-Place: 0
[13.331s][info][gc,reloc    ] GC(33) Medium Pages: 0 / 0M, Empty: 0M, Relocated: 0M, In-Place: 0
[13.331s][info][gc,reloc    ] GC(33) Large Pages: 0 / 0M, Empty: 0M, Relocated: 0M, In-Place: 0
[13.331s][info][gc,reloc    ] GC(33) Forwarding Usage: 2M
[13.331s][info][gc,heap     ] GC(33) Min Capacity: 8M(1%)
[13.331s][info][gc,heap     ] GC(33) Max Capacity: 1024M(100%)
[13.331s][info][gc,heap     ] GC(33) Soft Max Capacity: 1024M(100%)
[13.331s][info][gc,heap     ] GC(33)                Mark Start          Mark End        Relocate Start      Relocate End           High               Low         
[13.331s][info][gc,heap     ] GC(33)  Capacity:     1024M (100%)       1024M (100%)       1024M (100%)       1024M (100%)       1024M (100%)       1024M (100%)   
[13.331s][info][gc,heap     ] GC(33)      Free:      476M (46%)         372M (36%)         558M (54%)         794M (78%)         794M (78%)         354M (35%)    
[13.331s][info][gc,heap     ] GC(33)      Used:      548M (54%)         652M (64%)         466M (46%)         230M (22%)         670M (65%)         230M (22%)    
[13.331s][info][gc,heap     ] GC(33)      Live:         -                49M (5%)           49M (5%)           49M (5%)             -                  -          
[13.331s][info][gc,heap     ] GC(33) Allocated:         -               104M (10%)         146M (14%)         156M (15%)            -                  -          
[13.331s][info][gc,heap     ] GC(33)   Garbage:         -               498M (49%)         270M (26%)          23M (2%)             -                  -          
[13.331s][info][gc,heap     ] GC(33) Reclaimed:         -                  -               228M (22%)         474M (46%)            -                  -          
[13.331s][info][gc          ] GC(33) Garbage Collection (Allocation Rate) 548M(54%)->230M(22%)
[13.395s][info][gc,start    ] GC(34) Garbage Collection (Allocation Rate)
[13.395s][info][gc,task     ] GC(34) Using 10 workers
[13.395s][info][gc,phases   ] GC(34) Pause Mark Start 0.010ms
[13.418s][info][gc,phases   ] GC(34) Concurrent Mark 22.060ms
[13.418s][info][gc,phases   ] GC(34) Pause Mark End 0.022ms
[13.418s][info][gc,phases   ] GC(34) Concurrent Mark Free 0.001ms
[13.422s][info][gc,phases   ] GC(34) Concurrent Process Non-Strong References 3.386ms
[13.422s][info][gc,phases   ] GC(34) Concurrent Reset Relocation Set 0.034ms
[13.430s][info][gc,phases   ] GC(34) Concurrent Select Relocation Set 8.153ms
[13.430s][info][gc,phases   ] GC(34) Pause Relocate Start 0.009ms
[13.435s][info][gc,phases   ] GC(34) Concurrent Relocate 4.351ms
[13.435s][info][gc,load     ] GC(34) Load: 0.00/0.00/0.00
[13.435s][info][gc,mmu      ] GC(34) MMU: 2ms/95.9%, 5ms/98.4%, 10ms/99.2%, 20ms/99.6%, 50ms/99.8%, 100ms/99.9%
[13.435s][info][gc,marking  ] GC(34) Mark: 8 stripe(s), 3 proactive flush(es), 1 terminate flush(es), 0 completion(s), 0 continuation(s) 
[13.435s][info][gc,marking  ] GC(34) Mark Stack Usage: 32M
[13.435s][info][gc,nmethod  ] GC(34) NMethods: 7818 registered, 2364 unregistered
[13.435s][info][gc,metaspace] GC(34) Metaspace: 70M used, 71M committed, 1088M reserved
[13.435s][info][gc,ref      ] GC(34) Soft: 2376 encountered, 0 discovered, 0 enqueued
[13.435s][info][gc,ref      ] GC(34) Weak: 10615 encountered, 1577 discovered, 0 enqueued
[13.435s][info][gc,ref      ] GC(34) Final: 289 encountered, 32 discovered, 0 enqueued
[13.435s][info][gc,ref      ] GC(34) Phantom: 423 encountered, 226 discovered, 0 enqueued
[13.435s][info][gc,reloc    ] GC(34) Small Pages: 271 / 542M, Empty: 210M, Relocated: 8M, In-Place: 0
[13.435s][info][gc,reloc    ] GC(34) Medium Pages: 0 / 0M, Empty: 0M, Relocated: 0M, In-Place: 0
[13.435s][info][gc,reloc    ] GC(34) Large Pages: 0 / 0M, Empty: 0M, Relocated: 0M, In-Place: 0
[13.435s][info][gc,reloc    ] GC(34) Forwarding Usage: 2M
[13.436s][info][gc,heap     ] GC(34) Min Capacity: 8M(1%)
[13.436s][info][gc,heap     ] GC(34) Max Capacity: 1024M(100%)
[13.436s][info][gc,heap     ] GC(34) Soft Max Capacity: 1024M(100%)
[13.436s][info][gc,heap     ] GC(34)                Mark Start          Mark End        Relocate Start      Relocate End           High               Low         
[13.436s][info][gc,heap     ] GC(34)  Capacity:     1024M (100%)       1024M (100%)       1024M (100%)       1024M (100%)       1024M (100%)       1024M (100%)   
[13.436s][info][gc,heap     ] GC(34)      Free:      482M (47%)         370M (36%)         530M (52%)         776M (76%)         780M (76%)         358M (35%)    
[13.436s][info][gc,heap     ] GC(34)      Used:      542M (53%)         654M (64%)         494M (48%)         248M (24%)         666M (65%)         244M (24%)    
[13.436s][info][gc,heap     ] GC(34)      Live:         -                49M (5%)           49M (5%)           49M (5%)             -                  -          
[13.436s][info][gc,heap     ] GC(34) Allocated:         -               112M (11%)         162M (16%)         174M (17%)            -                  -          
[13.436s][info][gc,heap     ] GC(34)   Garbage:         -               492M (48%)         282M (28%)          23M (2%)             -                  -          
[13.436s][info][gc,heap     ] GC(34) Reclaimed:         -                  -               210M (21%)         468M (46%)            -                  -          
[13.436s][info][gc          ] GC(34) Garbage Collection (Allocation Rate) 542M(53%)->248M(24%)
[13.495s][info][gc,start    ] GC(35) Garbage Collection (Allocation Rate)
[13.495s][info][gc,task     ] GC(35) Using 10 workers
[13.496s][info][gc,phases   ] GC(35) Pause Mark Start 0.010ms
[13.521s][info][gc,phases   ] GC(35) Concurrent Mark 24.568ms
[13.521s][info][gc,phases   ] GC(35) Pause Mark End 0.024ms
[13.522s][info][gc,phases   ] GC(35) Concurrent Mark Free 0.002ms
[13.528s][info][gc,phases   ] GC(35) Concurrent Process Non-Strong References 5.751ms
[13.528s][info][gc,phases   ] GC(35) Concurrent Reset Relocation Set 0.039ms
[13.536s][info][gc,phases   ] GC(35) Concurrent Select Relocation Set 8.493ms
[13.537s][info][gc,phases   ] GC(35) Pause Relocate Start 0.009ms
[13.542s][info][gc,phases   ] GC(35) Concurrent Relocate 4.413ms
[13.542s][info][gc,load     ] GC(35) Load: 0.00/0.00/0.00
[13.542s][info][gc,mmu      ] GC(35) MMU: 2ms/95.9%, 5ms/98.4%, 10ms/99.2%, 20ms/99.6%, 50ms/99.8%, 100ms/99.9%
[13.542s][info][gc,marking  ] GC(35) Mark: 8 stripe(s), 3 proactive flush(es), 1 terminate flush(es), 0 completion(s), 0 continuation(s) 
[13.542s][info][gc,marking  ] GC(35) Mark Stack Usage: 32M
[13.542s][info][gc,nmethod  ] GC(35) NMethods: 7817 registered, 2370 unregistered
[13.542s][info][gc,metaspace] GC(35) Metaspace: 70M used, 71M committed, 1088M reserved
[13.542s][info][gc,ref      ] GC(35) Soft: 2376 encountered, 0 discovered, 0 enqueued
[13.542s][info][gc,ref      ] GC(35) Weak: 10615 encountered, 1786 discovered, 0 enqueued
[13.542s][info][gc,ref      ] GC(35) Final: 289 encountered, 11 discovered, 0 enqueued
[13.542s][info][gc,ref      ] GC(35) Phantom: 423 encountered, 262 discovered, 0 enqueued
[13.542s][info][gc,reloc    ] GC(35) Small Pages: 275 / 550M, Empty: 232M, Relocated: 8M, In-Place: 0
[13.542s][info][gc,reloc    ] GC(35) Medium Pages: 0 / 0M, Empty: 0M, Relocated: 0M, In-Place: 0
[13.542s][info][gc,reloc    ] GC(35) Large Pages: 0 / 0M, Empty: 0M, Relocated: 0M, In-Place: 0
[13.542s][info][gc,reloc    ] GC(35) Forwarding Usage: 2M
[13.542s][info][gc,heap     ] GC(35) Min Capacity: 8M(1%)
[13.542s][info][gc,heap     ] GC(35) Max Capacity: 1024M(100%)
[13.542s][info][gc,heap     ] GC(35) Soft Max Capacity: 1024M(100%)
[13.542s][info][gc,heap     ] GC(35)                Mark Start          Mark End        Relocate Start      Relocate End           High               Low         
[13.542s][info][gc,heap     ] GC(35)  Capacity:     1024M (100%)       1024M (100%)       1024M (100%)       1024M (100%)       1024M (100%)       1024M (100%)   
[13.542s][info][gc,heap     ] GC(35)      Free:      474M (46%)         352M (34%)         510M (50%)         744M (73%)         746M (73%)         320M (31%)    
[13.542s][info][gc,heap     ] GC(35)      Used:      550M (54%)         672M (66%)         514M (50%)         280M (27%)         704M (69%)         278M (27%)    
[13.542s][info][gc,heap     ] GC(35)      Live:         -                49M (5%)           49M (5%)           49M (5%)             -                  -          
[13.542s][info][gc,heap     ] GC(35) Allocated:         -               122M (12%)         196M (19%)         207M (20%)            -                  -          
[13.542s][info][gc,heap     ] GC(35)   Garbage:         -               500M (49%)         268M (26%)          22M (2%)             -                  -          
[13.542s][info][gc,heap     ] GC(35) Reclaimed:         -                  -               232M (23%)         477M (47%)            -                  -          
[13.542s][info][gc          ] GC(35) Garbage Collection (Allocation Rate) 550M(54%)->280M(27%)
[13.596s][info][gc,start    ] GC(36) Garbage Collection (Allocation Rate)
[13.596s][info][gc,task     ] GC(36) Using 10 workers
[13.596s][info][gc,phases   ] GC(36) Pause Mark Start 0.010ms
[13.620s][info][gc,phases   ] GC(36) Concurrent Mark 23.513ms
[13.620s][info][gc,phases   ] GC(36) Pause Mark End 0.027ms
[13.621s][info][gc,phases   ] GC(36) Concurrent Mark Free 0.002ms
[13.624s][info][gc,phases   ] GC(36) Concurrent Process Non-Strong References 3.438ms
[13.624s][info][gc,phases   ] GC(36) Concurrent Reset Relocation Set 0.040ms
[13.632s][info][gc,phases   ] GC(36) Concurrent Select Relocation Set 7.988ms
[13.632s][info][gc,phases   ] GC(36) Pause Relocate Start 0.009ms
[13.638s][info][gc,phases   ] GC(36) Concurrent Relocate 4.889ms
[13.638s][info][gc,load     ] GC(36) Load: 0.00/0.00/0.00
[13.638s][info][gc,mmu      ] GC(36) MMU: 2ms/95.9%, 5ms/98.4%, 10ms/99.2%, 20ms/99.6%, 50ms/99.8%, 100ms/99.9%
[13.638s][info][gc,marking  ] GC(36) Mark: 8 stripe(s), 3 proactive flush(es), 1 terminate flush(es), 0 completion(s), 0 continuation(s) 
[13.638s][info][gc,marking  ] GC(36) Mark Stack Usage: 32M
[13.638s][info][gc,nmethod  ] GC(36) NMethods: 7831 registered, 2370 unregistered
[13.638s][info][gc,metaspace] GC(36) Metaspace: 70M used, 71M committed, 1088M reserved
[13.638s][info][gc,ref      ] GC(36) Soft: 2376 encountered, 0 discovered, 0 enqueued
[13.638s][info][gc,ref      ] GC(36) Weak: 10615 encountered, 2369 discovered, 0 enqueued
[13.638s][info][gc,ref      ] GC(36) Final: 289 encountered, 16 discovered, 0 enqueued
[13.638s][info][gc,ref      ] GC(36) Phantom: 423 encountered, 321 discovered, 0 enqueued
[13.638s][info][gc,reloc    ] GC(36) Small Pages: 280 / 560M, Empty: 226M, Relocated: 8M, In-Place: 0
[13.638s][info][gc,reloc    ] GC(36) Medium Pages: 0 / 0M, Empty: 0M, Relocated: 0M, In-Place: 0
[13.638s][info][gc,reloc    ] GC(36) Large Pages: 0 / 0M, Empty: 0M, Relocated: 0M, In-Place: 0
[13.638s][info][gc,reloc    ] GC(36) Forwarding Usage: 2M
[13.638s][info][gc,heap     ] GC(36) Min Capacity: 8M(1%)
[13.638s][info][gc,heap     ] GC(36) Max Capacity: 1024M(100%)
[13.638s][info][gc,heap     ] GC(36) Soft Max Capacity: 1024M(100%)
[13.638s][info][gc,heap     ] GC(36)                Mark Start          Mark End        Relocate Start      Relocate End           High               Low         
[13.638s][info][gc,heap     ] GC(36)  Capacity:     1024M (100%)       1024M (100%)       1024M (100%)       1024M (100%)       1024M (100%)       1024M (100%)   
[13.638s][info][gc,heap     ] GC(36)      Free:      464M (45%)         348M (34%)         520M (51%)         766M (75%)         774M (76%)         332M (32%)    
[13.638s][info][gc,heap     ] GC(36)      Used:      560M (55%)         676M (66%)         504M (49%)         258M (25%)         692M (68%)         250M (24%)    
[13.638s][info][gc,heap     ] GC(36)      Live:         -                49M (5%)           49M (5%)           49M (5%)             -                  -          
[13.638s][info][gc,heap     ] GC(36) Allocated:         -               116M (11%)         170M (17%)         185M (18%)            -                  -          
[13.638s][info][gc,heap     ] GC(36)   Garbage:         -               510M (50%)         284M (28%)          23M (2%)             -                  -          
[13.638s][info][gc,heap     ] GC(36) Reclaimed:         -                  -               226M (22%)         487M (48%)            -                  -          
[13.638s][info][gc          ] GC(36) Garbage Collection (Allocation Rate) 560M(55%)->258M(25%)
[13.697s][info][gc,start    ] GC(37) Garbage Collection (Allocation Rate)
[13.697s][info][gc,task     ] GC(37) Using 10 workers
[13.697s][info][gc,phases   ] GC(37) Pause Mark Start 0.011ms
[13.719s][info][gc,phases   ] GC(37) Concurrent Mark 21.859ms
[13.719s][info][gc,phases   ] GC(37) Pause Mark End 0.023ms
[13.721s][info][gc,phases   ] GC(37) Concurrent Mark Free 0.001ms
[13.724s][info][gc,phases   ] GC(37) Concurrent Process Non-Strong References 3.374ms
[13.724s][info][gc,phases   ] GC(37) Concurrent Reset Relocation Set 0.042ms
[13.733s][info][gc,phases   ] GC(37) Concurrent Select Relocation Set 8.772ms
[13.733s][info][gc,phases   ] GC(37) Pause Relocate Start 0.009ms
[13.738s][info][gc,phases   ] GC(37) Concurrent Relocate 4.834ms
[13.739s][info][gc,load     ] GC(37) Load: 0.00/0.00/0.00
[13.739s][info][gc,mmu      ] GC(37) MMU: 2ms/95.9%, 5ms/98.4%, 10ms/99.2%, 20ms/99.6%, 50ms/99.8%, 100ms/99.9%
[13.739s][info][gc,marking  ] GC(37) Mark: 8 stripe(s), 3 proactive flush(es), 1 terminate flush(es), 0 completion(s), 0 continuation(s) 
[13.739s][info][gc,marking  ] GC(37) Mark Stack Usage: 32M
[13.739s][info][gc,nmethod  ] GC(37) NMethods: 7831 registered, 2370 unregistered
[13.739s][info][gc,metaspace] GC(37) Metaspace: 70M used, 71M committed, 1088M reserved
[13.739s][info][gc,ref      ] GC(37) Soft: 2376 encountered, 0 discovered, 0 enqueued
[13.739s][info][gc,ref      ] GC(37) Weak: 10615 encountered, 1722 discovered, 0 enqueued
[13.739s][info][gc,ref      ] GC(37) Final: 289 encountered, 4 discovered, 0 enqueued
[13.739s][info][gc,ref      ] GC(37) Phantom: 423 encountered, 161 discovered, 0 enqueued
[13.739s][info][gc,reloc    ] GC(37) Small Pages: 280 / 560M, Empty: 224M, Relocated: 8M, In-Place: 0
[13.739s][info][gc,reloc    ] GC(37) Medium Pages: 0 / 0M, Empty: 0M, Relocated: 0M, In-Place: 0
[13.739s][info][gc,reloc    ] GC(37) Large Pages: 0 / 0M, Empty: 0M, Relocated: 0M, In-Place: 0
[13.739s][info][gc,reloc    ] GC(37) Forwarding Usage: 2M
[13.739s][info][gc,heap     ] GC(37) Min Capacity: 8M(1%)
[13.739s][info][gc,heap     ] GC(37) Max Capacity: 1024M(100%)
[13.739s][info][gc,heap     ] GC(37) Soft Max Capacity: 1024M(100%)
[13.739s][info][gc,heap     ] GC(37)                Mark Start          Mark End        Relocate Start      Relocate End           High               Low         
[13.739s][info][gc,heap     ] GC(37)  Capacity:     1024M (100%)       1024M (100%)       1024M (100%)       1024M (100%)       1024M (100%)       1024M (100%)   
[13.739s][info][gc,heap     ] GC(37)      Free:      464M (45%)         352M (34%)         516M (50%)         764M (75%)         772M (75%)         334M (33%)    
[13.739s][info][gc,heap     ] GC(37)      Used:      560M (55%)         672M (66%)         508M (50%)         260M (25%)         690M (67%)         252M (25%)    
[13.739s][info][gc,heap     ] GC(37)      Live:         -                49M (5%)           49M (5%)           49M (5%)             -                  -          
[13.739s][info][gc,heap     ] GC(37) Allocated:         -               112M (11%)         172M (17%)         187M (18%)            -                  -          
[13.739s][info][gc,heap     ] GC(37)   Garbage:         -               510M (50%)         286M (28%)          22M (2%)             -                  -          
[13.739s][info][gc,heap     ] GC(37) Reclaimed:         -                  -               224M (22%)         487M (48%)            -                  -          
[13.739s][info][gc          ] GC(37) Garbage Collection (Allocation Rate) 560M(55%)->260M(25%)
[13.796s][info][gc,start    ] GC(38) Garbage Collection (Allocation Rate)
[13.796s][info][gc,task     ] GC(38) Using 10 workers
[13.796s][info][gc,phases   ] GC(38) Pause Mark Start 0.010ms
[13.818s][info][gc,phases   ] GC(38) Concurrent Mark 21.625ms
[13.819s][info][gc,phases   ] GC(38) Pause Mark End 0.027ms
[13.820s][info][gc,phases   ] GC(38) Concurrent Mark Free 0.002ms
[13.824s][info][gc,phases   ] GC(38) Concurrent Process Non-Strong References 3.368ms
[13.824s][info][gc,phases   ] GC(38) Concurrent Reset Relocation Set 0.042ms
[13.829s][info][gc,phases   ] GC(38) Concurrent Select Relocation Set 4.989ms
[13.829s][info][gc,phases   ] GC(38) Pause Relocate Start 0.009ms
[13.834s][info][gc,phases   ] GC(38) Concurrent Relocate 4.563ms
[13.834s][info][gc,load     ] GC(38) Load: 0.00/0.00/0.00
[13.834s][info][gc,mmu      ] GC(38) MMU: 2ms/95.9%, 5ms/98.4%, 10ms/99.2%, 20ms/99.6%, 50ms/99.8%, 100ms/99.9%
[13.834s][info][gc,marking  ] GC(38) Mark: 8 stripe(s), 2 proactive flush(es), 1 terminate flush(es), 0 completion(s), 0 continuation(s) 
[13.834s][info][gc,marking  ] GC(38) Mark Stack Usage: 32M
[13.834s][info][gc,nmethod  ] GC(38) NMethods: 7833 registered, 2372 unregistered
[13.834s][info][gc,metaspace] GC(38) Metaspace: 70M used, 71M committed, 1088M reserved
[13.834s][info][gc,ref      ] GC(38) Soft: 2376 encountered, 0 discovered, 0 enqueued
[13.834s][info][gc,ref      ] GC(38) Weak: 10615 encountered, 1489 discovered, 0 enqueued
[13.834s][info][gc,ref      ] GC(38) Final: 289 encountered, 28 discovered, 0 enqueued
[13.834s][info][gc,ref      ] GC(38) Phantom: 423 encountered, 295 discovered, 0 enqueued
[13.834s][info][gc,reloc    ] GC(38) Small Pages: 274 / 548M, Empty: 184M, Relocated: 8M, In-Place: 0
[13.834s][info][gc,reloc    ] GC(38) Medium Pages: 0 / 0M, Empty: 0M, Relocated: 0M, In-Place: 0
[13.834s][info][gc,reloc    ] GC(38) Large Pages: 0 / 0M, Empty: 0M, Relocated: 0M, In-Place: 0
[13.834s][info][gc,reloc    ] GC(38) Forwarding Usage: 2M
[13.834s][info][gc,heap     ] GC(38) Min Capacity: 8M(1%)
[13.834s][info][gc,heap     ] GC(38) Max Capacity: 1024M(100%)
[13.834s][info][gc,heap     ] GC(38) Soft Max Capacity: 1024M(100%)
[13.834s][info][gc,heap     ] GC(38)                Mark Start          Mark End        Relocate Start      Relocate End           High               Low         
[13.834s][info][gc,heap     ] GC(38)  Capacity:     1024M (100%)       1024M (100%)       1024M (100%)       1024M (100%)       1024M (100%)       1024M (100%)   
[13.834s][info][gc,heap     ] GC(38)      Free:      476M (46%)         366M (36%)         506M (49%)         784M (77%)         788M (77%)         346M (34%)    
[13.834s][info][gc,heap     ] GC(38)      Used:      548M (54%)         658M (64%)         518M (51%)         240M (23%)         678M (66%)         236M (23%)    
[13.834s][info][gc,heap     ] GC(38)      Live:         -                49M (5%)           49M (5%)           49M (5%)             -                  -          
[13.834s][info][gc,heap     ] GC(38) Allocated:         -               110M (11%)         154M (15%)         167M (16%)            -                  -          
[13.835s][info][gc,heap     ] GC(38)   Garbage:         -               498M (49%)         314M (31%)          23M (2%)             -                  -          
[13.835s][info][gc,heap     ] GC(38) Reclaimed:         -                  -               184M (18%)         475M (46%)            -                  -          
[13.835s][info][gc          ] GC(38) Garbage Collection (Allocation Rate) 548M(54%)->240M(23%)
[13.896s][info][gc,start    ] GC(39) Garbage Collection (Allocation Rate)
[13.896s][info][gc,task     ] GC(39) Using 10 workers
[13.896s][info][gc,phases   ] GC(39) Pause Mark Start 0.016ms
[13.922s][info][gc,phases   ] GC(39) Concurrent Mark 25.279ms
[13.922s][info][gc,phases   ] GC(39) Pause Mark End 0.023ms
[13.924s][info][gc,phases   ] GC(39) Concurrent Mark Free 0.002ms
[13.927s][info][gc,phases   ] GC(39) Concurrent Process Non-Strong References 3.355ms
[13.927s][info][gc,phases   ] GC(39) Concurrent Reset Relocation Set 0.041ms
[13.932s][info][gc,phases   ] GC(39) Concurrent Select Relocation Set 4.792ms
[13.932s][info][gc,phases   ] GC(39) Pause Relocate Start 0.009ms
[13.937s][info][gc,phases   ] GC(39) Concurrent Relocate 4.456ms
[13.937s][info][gc,load     ] GC(39) Load: 0.00/0.00/0.00
[13.937s][info][gc,mmu      ] GC(39) MMU: 2ms/95.9%, 5ms/98.4%, 10ms/99.2%, 20ms/99.6%, 50ms/99.8%, 100ms/99.9%
[13.937s][info][gc,marking  ] GC(39) Mark: 8 stripe(s), 3 proactive flush(es), 1 terminate flush(es), 0 completion(s), 0 continuation(s) 
[13.937s][info][gc,marking  ] GC(39) Mark Stack Usage: 32M
[13.937s][info][gc,nmethod  ] GC(39) NMethods: 7831 registered, 2374 unregistered
[13.937s][info][gc,metaspace] GC(39) Metaspace: 70M used, 71M committed, 1088M reserved
[13.937s][info][gc,ref      ] GC(39) Soft: 2376 encountered, 0 discovered, 0 enqueued
[13.937s][info][gc,ref      ] GC(39) Weak: 10615 encountered, 1726 discovered, 0 enqueued
[13.937s][info][gc,ref      ] GC(39) Final: 289 encountered, 33 discovered, 0 enqueued
[13.937s][info][gc,ref      ] GC(39) Phantom: 423 encountered, 350 discovered, 0 enqueued
[13.937s][info][gc,reloc    ] GC(39) Small Pages: 281 / 562M, Empty: 220M, Relocated: 8M, In-Place: 0
[13.937s][info][gc,reloc    ] GC(39) Medium Pages: 0 / 0M, Empty: 0M, Relocated: 0M, In-Place: 0
[13.938s][info][gc,reloc    ] GC(39) Large Pages: 0 / 0M, Empty: 0M, Relocated: 0M, In-Place: 0
[13.938s][info][gc,reloc    ] GC(39) Forwarding Usage: 2M
[13.938s][info][gc,heap     ] GC(39) Min Capacity: 8M(1%)
[13.938s][info][gc,heap     ] GC(39) Max Capacity: 1024M(100%)
[13.938s][info][gc,heap     ] GC(39) Soft Max Capacity: 1024M(100%)
[13.938s][info][gc,heap     ] GC(39)                Mark Start          Mark End        Relocate Start      Relocate End           High               Low         
[13.938s][info][gc,heap     ] GC(39)  Capacity:     1024M (100%)       1024M (100%)       1024M (100%)       1024M (100%)       1024M (100%)       1024M (100%)   
[13.938s][info][gc,heap     ] GC(39)      Free:      462M (45%)         338M (33%)         514M (50%)         774M (76%)         776M (76%)         318M (31%)    
[13.938s][info][gc,heap     ] GC(39)      Used:      562M (55%)         686M (67%)         510M (50%)         250M (24%)         706M (69%)         248M (24%)    
[13.938s][info][gc,heap     ] GC(39)      Live:         -                49M (5%)           49M (5%)           49M (5%)             -                  -          
[13.938s][info][gc,heap     ] GC(39) Allocated:         -               124M (12%)         168M (16%)         176M (17%)            -                  -          
[13.938s][info][gc,heap     ] GC(39)   Garbage:         -               512M (50%)         292M (29%)          23M (2%)             -                  -          
[13.938s][info][gc,heap     ] GC(39) Reclaimed:         -                  -               220M (21%)         488M (48%)            -                  -          
[13.938s][info][gc          ] GC(39) Garbage Collection (Allocation Rate) 562M(55%)->250M(24%)
[13.996s][info][gc,start    ] GC(40) Garbage Collection (Allocation Rate)
[13.996s][info][gc,task     ] GC(40) Using 10 workers
[13.997s][info][gc,phases   ] GC(40) Pause Mark Start 0.015ms
[14.020s][info][gc,phases   ] GC(40) Concurrent Mark 23.636ms
[14.021s][info][gc,phases   ] GC(40) Pause Mark End 0.021ms
[14.022s][info][gc,phases   ] GC(40) Concurrent Mark Free 0.001ms
[14.025s][info][gc,phases   ] GC(40) Concurrent Process Non-Strong References 3.184ms
[14.025s][info][gc,phases   ] GC(40) Concurrent Reset Relocation Set 0.039ms
[14.030s][info][gc,phases   ] GC(40) Concurrent Select Relocation Set 5.077ms
[14.031s][info][gc,phases   ] GC(40) Pause Relocate Start 0.012ms
[14.037s][info][gc,phases   ] GC(40) Concurrent Relocate 5.435ms
[14.037s][info][gc,load     ] GC(40) Load: 0.00/0.00/0.00
[14.037s][info][gc,mmu      ] GC(40) MMU: 2ms/95.9%, 5ms/98.4%, 10ms/99.2%, 20ms/99.6%, 50ms/99.8%, 100ms/99.9%
[14.037s][info][gc,marking  ] GC(40) Mark: 8 stripe(s), 4 proactive flush(es), 1 terminate flush(es), 0 completion(s), 0 continuation(s) 
[14.037s][info][gc,marking  ] GC(40) Mark Stack Usage: 32M
[14.037s][info][gc,nmethod  ] GC(40) NMethods: 7831 registered, 2374 unregistered
[14.037s][info][gc,metaspace] GC(40) Metaspace: 70M used, 71M committed, 1088M reserved
[14.037s][info][gc,ref      ] GC(40) Soft: 2376 encountered, 0 discovered, 0 enqueued
[14.037s][info][gc,ref      ] GC(40) Weak: 10615 encountered, 2180 discovered, 0 enqueued
[14.037s][info][gc,ref      ] GC(40) Final: 289 encountered, 20 discovered, 0 enqueued
[14.037s][info][gc,ref      ] GC(40) Phantom: 423 encountered, 249 discovered, 0 enqueued
[14.037s][info][gc,reloc    ] GC(40) Small Pages: 277 / 554M, Empty: 228M, Relocated: 8M, In-Place: 0
[14.037s][info][gc,reloc    ] GC(40) Medium Pages: 0 / 0M, Empty: 0M, Relocated: 0M, In-Place: 0
[14.037s][info][gc,reloc    ] GC(40) Large Pages: 0 / 0M, Empty: 0M, Relocated: 0M, In-Place: 0
[14.037s][info][gc,reloc    ] GC(40) Forwarding Usage: 2M
[14.037s][info][gc,heap     ] GC(40) Min Capacity: 8M(1%)
[14.037s][info][gc,heap     ] GC(40) Max Capacity: 1024M(100%)
[14.037s][info][gc,heap     ] GC(40) Soft Max Capacity: 1024M(100%)
[14.037s][info][gc,heap     ] GC(40)                Mark Start          Mark End        Relocate Start      Relocate End           High               Low         
[14.037s][info][gc,heap     ] GC(40)  Capacity:     1024M (100%)       1024M (100%)       1024M (100%)       1024M (100%)       1024M (100%)       1024M (100%)   
[14.037s][info][gc,heap     ] GC(40)      Free:      470M (46%)         352M (34%)         540M (53%)         774M (76%)         780M (76%)         336M (33%)    
[14.037s][info][gc,heap     ] GC(40)      Used:      554M (54%)         672M (66%)         484M (47%)         250M (24%)         688M (67%)         244M (24%)    
[14.037s][info][gc,heap     ] GC(40)      Live:         -                49M (5%)           49M (5%)           49M (5%)             -                  -          
[14.037s][info][gc,heap     ] GC(40) Allocated:         -               118M (12%)         158M (15%)         176M (17%)            -                  -          
[14.037s][info][gc,heap     ] GC(40)   Garbage:         -               504M (49%)         276M (27%)          23M (2%)             -                  -          
[14.037s][info][gc,heap     ] GC(40) Reclaimed:         -                  -               228M (22%)         480M (47%)            -                  -          
[14.037s][info][gc          ] GC(40) Garbage Collection (Allocation Rate) 554M(54%)->250M(24%)
[14.096s][info][gc,start    ] GC(41) Garbage Collection (Allocation Rate)
[14.096s][info][gc,task     ] GC(41) Using 10 workers
[14.096s][info][gc,phases   ] GC(41) Pause Mark Start 0.011ms
[14.118s][info][gc,phases   ] GC(41) Concurrent Mark 21.320ms
[14.118s][info][gc,phases   ] GC(41) Pause Mark End 0.024ms
[14.118s][info][gc,phases   ] GC(41) Concurrent Mark Free 0.001ms
[14.122s][info][gc,phases   ] GC(41) Concurrent Process Non-Strong References 3.264ms
[14.122s][info][gc,phases   ] GC(41) Concurrent Reset Relocation Set 0.035ms
[14.127s][info][gc,phases   ] GC(41) Concurrent Select Relocation Set 4.857ms
[14.127s][info][gc,phases   ] GC(41) Pause Relocate Start 0.010ms
[14.132s][info][gc,phases   ] GC(41) Concurrent Relocate 4.606ms
[14.132s][info][gc,load     ] GC(41) Load: 0.00/0.00/0.00
[14.132s][info][gc,mmu      ] GC(41) MMU: 2ms/95.9%, 5ms/98.4%, 10ms/99.2%, 20ms/99.6%, 50ms/99.8%, 100ms/99.9%
[14.132s][info][gc,marking  ] GC(41) Mark: 8 stripe(s), 2 proactive flush(es), 1 terminate flush(es), 0 completion(s), 0 continuation(s) 
[14.132s][info][gc,marking  ] GC(41) Mark Stack Usage: 32M
[14.132s][info][gc,nmethod  ] GC(41) NMethods: 7831 registered, 2375 unregistered
[14.132s][info][gc,metaspace] GC(41) Metaspace: 70M used, 71M committed, 1088M reserved
[14.132s][info][gc,ref      ] GC(41) Soft: 2376 encountered, 0 discovered, 0 enqueued
[14.132s][info][gc,ref      ] GC(41) Weak: 10615 encountered, 1656 discovered, 0 enqueued
[14.132s][info][gc,ref      ] GC(41) Final: 289 encountered, 15 discovered, 0 enqueued
[14.132s][info][gc,ref      ] GC(41) Phantom: 423 encountered, 255 discovered, 0 enqueued
[14.132s][info][gc,reloc    ] GC(41) Small Pages: 278 / 556M, Empty: 212M, Relocated: 8M, In-Place: 0
[14.132s][info][gc,reloc    ] GC(41) Medium Pages: 0 / 0M, Empty: 0M, Relocated: 0M, In-Place: 0
[14.132s][info][gc,reloc    ] GC(41) Large Pages: 0 / 0M, Empty: 0M, Relocated: 0M, In-Place: 0
[14.132s][info][gc,reloc    ] GC(41) Forwarding Usage: 2M
[14.132s][info][gc,heap     ] GC(41) Min Capacity: 8M(1%)
[14.132s][info][gc,heap     ] GC(41) Max Capacity: 1024M(100%)
[14.132s][info][gc,heap     ] GC(41) Soft Max Capacity: 1024M(100%)
[14.132s][info][gc,heap     ] GC(41)                Mark Start          Mark End        Relocate Start      Relocate End           High               Low         
[14.132s][info][gc,heap     ] GC(41)  Capacity:     1024M (100%)       1024M (100%)       1024M (100%)       1024M (100%)       1024M (100%)       1024M (100%)   
[14.132s][info][gc,heap     ] GC(41)      Free:      468M (46%)         362M (35%)         536M (52%)         798M (78%)         798M (78%)         348M (34%)    
[14.132s][info][gc,heap     ] GC(41)      Used:      556M (54%)         662M (65%)         488M (48%)         226M (22%)         676M (66%)         226M (22%)    
[14.132s][info][gc,heap     ] GC(41)      Live:         -                49M (5%)           49M (5%)           49M (5%)             -                  -          
[14.132s][info][gc,heap     ] GC(41) Allocated:         -               106M (10%)         144M (14%)         153M (15%)            -                  -          
[14.132s][info][gc,heap     ] GC(41)   Garbage:         -               506M (49%)         294M (29%)          23M (2%)             -                  -          
[14.132s][info][gc,heap     ] GC(41) Reclaimed:         -                  -               212M (21%)         483M (47%)            -                  -          
[14.132s][info][gc          ] GC(41) Garbage Collection (Allocation Rate) 556M(54%)->226M(22%)
[14.196s][info][gc,start    ] GC(42) Garbage Collection (Allocation Rate)
[14.196s][info][gc,task     ] GC(42) Using 10 workers
[14.196s][info][gc,phases   ] GC(42) Pause Mark Start 0.010ms
[14.220s][info][gc,phases   ] GC(42) Concurrent Mark 23.441ms
[14.220s][info][gc,phases   ] GC(42) Pause Mark End 0.025ms
[14.221s][info][gc,phases   ] GC(42) Concurrent Mark Free 0.001ms
[14.224s][info][gc,phases   ] GC(42) Concurrent Process Non-Strong References 3.322ms
[14.224s][info][gc,phases   ] GC(42) Concurrent Reset Relocation Set 0.051ms
[14.231s][info][gc,phases   ] GC(42) Concurrent Select Relocation Set 6.369ms
[14.231s][info][gc,phases   ] GC(42) Pause Relocate Start 0.008ms
[14.235s][info][gc,phases   ] GC(42) Concurrent Relocate 4.416ms
[14.235s][info][gc,load     ] GC(42) Load: 0.00/0.00/0.00
[14.236s][info][gc,mmu      ] GC(42) MMU: 2ms/95.9%, 5ms/98.4%, 10ms/99.2%, 20ms/99.6%, 50ms/99.8%, 100ms/99.9%
[14.236s][info][gc,marking  ] GC(42) Mark: 8 stripe(s), 4 proactive flush(es), 1 terminate flush(es), 0 completion(s), 0 continuation(s) 
[14.236s][info][gc,marking  ] GC(42) Mark Stack Usage: 32M
[14.236s][info][gc,nmethod  ] GC(42) NMethods: 7832 registered, 2375 unregistered
[14.236s][info][gc,metaspace] GC(42) Metaspace: 70M used, 71M committed, 1088M reserved
[14.236s][info][gc,ref      ] GC(42) Soft: 2376 encountered, 0 discovered, 0 enqueued
[14.236s][info][gc,ref      ] GC(42) Weak: 10615 encountered, 2040 discovered, 0 enqueued
[14.236s][info][gc,ref      ] GC(42) Final: 289 encountered, 11 discovered, 0 enqueued
[14.236s][info][gc,ref      ] GC(42) Phantom: 423 encountered, 289 discovered, 0 enqueued
[14.236s][info][gc,reloc    ] GC(42) Small Pages: 279 / 558M, Empty: 228M, Relocated: 8M, In-Place: 0
[14.236s][info][gc,reloc    ] GC(42) Medium Pages: 0 / 0M, Empty: 0M, Relocated: 0M, In-Place: 0
[14.236s][info][gc,reloc    ] GC(42) Large Pages: 0 / 0M, Empty: 0M, Relocated: 0M, In-Place: 0
[14.236s][info][gc,reloc    ] GC(42) Forwarding Usage: 2M
[14.236s][info][gc,heap     ] GC(42) Min Capacity: 8M(1%)
[14.236s][info][gc,heap     ] GC(42) Max Capacity: 1024M(100%)
[14.236s][info][gc,heap     ] GC(42) Soft Max Capacity: 1024M(100%)
[14.236s][info][gc,heap     ] GC(42)                Mark Start          Mark End        Relocate Start      Relocate End           High               Low         
[14.236s][info][gc,heap     ] GC(42)  Capacity:     1024M (100%)       1024M (100%)       1024M (100%)       1024M (100%)       1024M (100%)       1024M (100%)   
[14.236s][info][gc,heap     ] GC(42)      Free:      466M (46%)         348M (34%)         534M (52%)         778M (76%)         784M (77%)         334M (33%)    
[14.236s][info][gc,heap     ] GC(42)      Used:      558M (54%)         676M (66%)         490M (48%)         246M (24%)         690M (67%)         240M (23%)    
[14.236s][info][gc,heap     ] GC(42)      Live:         -                49M (5%)           49M (5%)           49M (5%)             -                  -          
[14.236s][info][gc,heap     ] GC(42) Allocated:         -               118M (12%)         160M (16%)         173M (17%)            -                  -          
[14.236s][info][gc,heap     ] GC(42)   Garbage:         -               508M (50%)         280M (27%)          23M (2%)             -                  -          
[14.236s][info][gc,heap     ] GC(42) Reclaimed:         -                  -               228M (22%)         485M (47%)            -                  -          
[14.236s][info][gc          ] GC(42) Garbage Collection (Allocation Rate) 558M(54%)->246M(24%)
[14.297s][info][gc,start    ] GC(43) Garbage Collection (Allocation Rate)
[14.297s][info][gc,task     ] GC(43) Using 10 workers
[14.297s][info][gc,phases   ] GC(43) Pause Mark Start 0.011ms
[14.320s][info][gc,phases   ] GC(43) Concurrent Mark 22.610ms
[14.320s][info][gc,phases   ] GC(43) Pause Mark End 0.024ms
[14.322s][info][gc,phases   ] GC(43) Concurrent Mark Free 0.001ms
[14.325s][info][gc,phases   ] GC(43) Concurrent Process Non-Strong References 3.436ms
[14.325s][info][gc,phases   ] GC(43) Concurrent Reset Relocation Set 0.039ms
[14.335s][info][gc,phases   ] GC(43) Concurrent Select Relocation Set 10.005ms
[14.336s][info][gc,phases   ] GC(43) Pause Relocate Start 0.010ms
[14.340s][info][gc,phases   ] GC(43) Concurrent Relocate 4.195ms
[14.340s][info][gc,load     ] GC(43) Load: 0.00/0.00/0.00
[14.340s][info][gc,mmu      ] GC(43) MMU: 2ms/95.9%, 5ms/98.4%, 10ms/99.2%, 20ms/99.6%, 50ms/99.8%, 100ms/99.9%
[14.340s][info][gc,marking  ] GC(43) Mark: 8 stripe(s), 3 proactive flush(es), 1 terminate flush(es), 0 completion(s), 0 continuation(s) 
[14.340s][info][gc,marking  ] GC(43) Mark Stack Usage: 32M
[14.340s][info][gc,nmethod  ] GC(43) NMethods: 7834 registered, 2376 unregistered
[14.340s][info][gc,metaspace] GC(43) Metaspace: 70M used, 71M committed, 1088M reserved
[14.340s][info][gc,ref      ] GC(43) Soft: 2376 encountered, 0 discovered, 0 enqueued
[14.340s][info][gc,ref      ] GC(43) Weak: 10615 encountered, 1791 discovered, 0 enqueued
[14.340s][info][gc,ref      ] GC(43) Final: 289 encountered, 46 discovered, 0 enqueued
[14.340s][info][gc,ref      ] GC(43) Phantom: 423 encountered, 334 discovered, 0 enqueued
[14.340s][info][gc,reloc    ] GC(43) Small Pages: 282 / 564M, Empty: 236M, Relocated: 8M, In-Place: 0
[14.340s][info][gc,reloc    ] GC(43) Medium Pages: 0 / 0M, Empty: 0M, Relocated: 0M, In-Place: 0
[14.340s][info][gc,reloc    ] GC(43) Large Pages: 0 / 0M, Empty: 0M, Relocated: 0M, In-Place: 0
[14.340s][info][gc,reloc    ] GC(43) Forwarding Usage: 2M
[14.340s][info][gc,heap     ] GC(43) Min Capacity: 8M(1%)
[14.340s][info][gc,heap     ] GC(43) Max Capacity: 1024M(100%)
[14.340s][info][gc,heap     ] GC(43) Soft Max Capacity: 1024M(100%)
[14.340s][info][gc,heap     ] GC(43)                Mark Start          Mark End        Relocate Start      Relocate End           High               Low         
[14.340s][info][gc,heap     ] GC(43)  Capacity:     1024M (100%)       1024M (100%)       1024M (100%)       1024M (100%)       1024M (100%)       1024M (100%)   
[14.340s][info][gc,heap     ] GC(43)      Free:      460M (45%)         350M (34%)         520M (51%)         762M (74%)         768M (75%)         330M (32%)    
[14.340s][info][gc,heap     ] GC(43)      Used:      564M (55%)         674M (66%)         504M (49%)         262M (26%)         694M (68%)         256M (25%)    
[14.341s][info][gc,heap     ] GC(43)      Live:         -                49M (5%)           49M (5%)           49M (5%)             -                  -          
[14.341s][info][gc,heap     ] GC(43) Allocated:         -               110M (11%)         176M (17%)         189M (18%)            -                  -          
[14.341s][info][gc,heap     ] GC(43)   Garbage:         -               514M (50%)         278M (27%)          22M (2%)             -                  -          
[14.341s][info][gc,heap     ] GC(43) Reclaimed:         -                  -               236M (23%)         491M (48%)            -                  -          
[14.341s][info][gc          ] GC(43) Garbage Collection (Allocation Rate) 564M(55%)->262M(26%)
[14.396s][info][gc,start    ] GC(44) Garbage Collection (Allocation Rate)
[14.396s][info][gc,task     ] GC(44) Using 10 workers
[14.396s][info][gc,phases   ] GC(44) Pause Mark Start 0.010ms
[14.419s][info][gc,phases   ] GC(44) Concurrent Mark 22.541ms
[14.419s][info][gc,phases   ] GC(44) Pause Mark End 0.032ms
[14.420s][info][gc,phases   ] GC(44) Concurrent Mark Free 0.002ms
[14.424s][info][gc,phases   ] GC(44) Concurrent Process Non-Strong References 3.549ms
[14.424s][info][gc,phases   ] GC(44) Concurrent Reset Relocation Set 0.041ms
[14.432s][info][gc,phases   ] GC(44) Concurrent Select Relocation Set 8.129ms
[14.432s][info][gc,phases   ] GC(44) Pause Relocate Start 0.011ms
[14.439s][info][gc,phases   ] GC(44) Concurrent Relocate 5.428ms
[14.439s][info][gc,load     ] GC(44) Load: 0.00/0.00/0.00
[14.439s][info][gc,mmu      ] GC(44) MMU: 2ms/95.9%, 5ms/98.4%, 10ms/99.2%, 20ms/99.6%, 50ms/99.8%, 100ms/99.9%
[14.439s][info][gc,marking  ] GC(44) Mark: 8 stripe(s), 3 proactive flush(es), 1 terminate flush(es), 0 completion(s), 0 continuation(s) 
[14.439s][info][gc,marking  ] GC(44) Mark Stack Usage: 32M
[14.439s][info][gc,nmethod  ] GC(44) NMethods: 7832 registered, 2379 unregistered
[14.439s][info][gc,metaspace] GC(44) Metaspace: 70M used, 71M committed, 1088M reserved
[14.439s][info][gc,ref      ] GC(44) Soft: 2376 encountered, 0 discovered, 0 enqueued
[14.439s][info][gc,ref      ] GC(44) Weak: 10615 encountered, 1808 discovered, 0 enqueued
[14.439s][info][gc,ref      ] GC(44) Final: 289 encountered, 22 discovered, 0 enqueued
[14.439s][info][gc,ref      ] GC(44) Phantom: 423 encountered, 307 discovered, 0 enqueued
[14.439s][info][gc,reloc    ] GC(44) Small Pages: 275 / 550M, Empty: 224M, Relocated: 8M, In-Place: 0
[14.439s][info][gc,reloc    ] GC(44) Medium Pages: 0 / 0M, Empty: 0M, Relocated: 0M, In-Place: 0
[14.439s][info][gc,reloc    ] GC(44) Large Pages: 0 / 0M, Empty: 0M, Relocated: 0M, In-Place: 0
[14.439s][info][gc,reloc    ] GC(44) Forwarding Usage: 2M
[14.439s][info][gc,heap     ] GC(44) Min Capacity: 8M(1%)
[14.439s][info][gc,heap     ] GC(44) Max Capacity: 1024M(100%)
[14.439s][info][gc,heap     ] GC(44) Soft Max Capacity: 1024M(100%)
[14.439s][info][gc,heap     ] GC(44)                Mark Start          Mark End        Relocate Start      Relocate End           High               Low         
[14.439s][info][gc,heap     ] GC(44)  Capacity:     1024M (100%)       1024M (100%)       1024M (100%)       1024M (100%)       1024M (100%)       1024M (100%)   
[14.439s][info][gc,heap     ] GC(44)      Free:      474M (46%)         364M (36%)         526M (51%)         762M (74%)         768M (75%)         342M (33%)    
[14.439s][info][gc,heap     ] GC(44)      Used:      550M (54%)         660M (64%)         498M (49%)         262M (26%)         682M (67%)         256M (25%)    
[14.439s][info][gc,heap     ] GC(44)      Live:         -                49M (5%)           49M (5%)           49M (5%)             -                  -          
[14.439s][info][gc,heap     ] GC(44) Allocated:         -               110M (11%)         172M (17%)         188M (18%)            -                  -          
[14.439s][info][gc,heap     ] GC(44)   Garbage:         -               500M (49%)         276M (27%)          23M (2%)             -                  -          
[14.439s][info][gc,heap     ] GC(44) Reclaimed:         -                  -               224M (22%)         476M (47%)            -                  -          
[14.439s][info][gc          ] GC(44) Garbage Collection (Allocation Rate) 550M(54%)->262M(26%)
[14.496s][info][gc,start    ] GC(45) Garbage Collection (Allocation Rate)
[14.496s][info][gc,task     ] GC(45) Using 10 workers
[14.496s][info][gc,phases   ] GC(45) Pause Mark Start 0.011ms
[14.521s][info][gc,phases   ] GC(45) Concurrent Mark 24.200ms
[14.521s][info][gc,phases   ] GC(45) Pause Mark End 0.022ms
[14.522s][info][gc,phases   ] GC(45) Concurrent Mark Free 0.002ms
[14.526s][info][gc,phases   ] GC(45) Concurrent Process Non-Strong References 3.587ms
[14.526s][info][gc,phases   ] GC(45) Concurrent Reset Relocation Set 0.038ms
[14.531s][info][gc,phases   ] GC(45) Concurrent Select Relocation Set 4.903ms
[14.531s][info][gc,phases   ] GC(45) Pause Relocate Start 0.012ms
[14.535s][info][gc,phases   ] GC(45) Concurrent Relocate 3.736ms
[14.535s][info][gc,load     ] GC(45) Load: 0.00/0.00/0.00
[14.535s][info][gc,mmu      ] GC(45) MMU: 2ms/95.9%, 5ms/98.4%, 10ms/99.2%, 20ms/99.6%, 50ms/99.8%, 100ms/99.9%
[14.535s][info][gc,marking  ] GC(45) Mark: 8 stripe(s), 4 proactive flush(es), 1 terminate flush(es), 0 completion(s), 0 continuation(s) 
[14.535s][info][gc,marking  ] GC(45) Mark Stack Usage: 32M
[14.535s][info][gc,nmethod  ] GC(45) NMethods: 7832 registered, 2379 unregistered
[14.535s][info][gc,metaspace] GC(45) Metaspace: 70M used, 71M committed, 1088M reserved
[14.535s][info][gc,ref      ] GC(45) Soft: 2376 encountered, 0 discovered, 0 enqueued
[14.535s][info][gc,ref      ] GC(45) Weak: 10615 encountered, 2189 discovered, 0 enqueued
[14.535s][info][gc,ref      ] GC(45) Final: 289 encountered, 21 discovered, 0 enqueued
[14.535s][info][gc,ref      ] GC(45) Phantom: 423 encountered, 402 discovered, 0 enqueued
[14.535s][info][gc,reloc    ] GC(45) Small Pages: 276 / 552M, Empty: 214M, Relocated: 8M, In-Place: 0
[14.535s][info][gc,reloc    ] GC(45) Medium Pages: 0 / 0M, Empty: 0M, Relocated: 0M, In-Place: 0
[14.535s][info][gc,reloc    ] GC(45) Large Pages: 0 / 0M, Empty: 0M, Relocated: 0M, In-Place: 0
[14.535s][info][gc,reloc    ] GC(45) Forwarding Usage: 2M
[14.535s][info][gc,heap     ] GC(45) Min Capacity: 8M(1%)
[14.536s][info][gc,heap     ] GC(45) Max Capacity: 1024M(100%)
[14.536s][info][gc,heap     ] GC(45) Soft Max Capacity: 1024M(100%)
[14.536s][info][gc,heap     ] GC(45)                Mark Start          Mark End        Relocate Start      Relocate End           High               Low         
[14.536s][info][gc,heap     ] GC(45)  Capacity:     1024M (100%)       1024M (100%)       1024M (100%)       1024M (100%)       1024M (100%)       1024M (100%)   
[14.536s][info][gc,heap     ] GC(45)      Free:      472M (46%)         350M (34%)         518M (51%)         776M (76%)         776M (76%)         328M (32%)    
[14.536s][info][gc,heap     ] GC(45)      Used:      552M (54%)         674M (66%)         506M (49%)         248M (24%)         696M (68%)         248M (24%)    
[14.536s][info][gc,heap     ] GC(45)      Live:         -                49M (5%)           49M (5%)           49M (5%)             -                  -          
[14.536s][info][gc,heap     ] GC(45) Allocated:         -               122M (12%)         168M (16%)         174M (17%)            -                  -          
[14.536s][info][gc,heap     ] GC(45)   Garbage:         -               502M (49%)         288M (28%)          23M (2%)             -                  -          
[14.536s][info][gc,heap     ] GC(45) Reclaimed:         -                  -               214M (21%)         478M (47%)            -                  -          
[14.536s][info][gc          ] GC(45) Garbage Collection (Allocation Rate) 552M(54%)->248M(24%)
[14.596s][info][gc,start    ] GC(46) Garbage Collection (Allocation Rate)
[14.597s][info][gc,task     ] GC(46) Using 10 workers
[14.597s][info][gc,phases   ] GC(46) Pause Mark Start 0.009ms
[14.623s][info][gc,phases   ] GC(46) Concurrent Mark 26.155ms
[14.624s][info][gc,phases   ] GC(46) Pause Mark End 0.028ms
[14.624s][info][gc,phases   ] GC(46) Concurrent Mark Free 0.001ms
[14.628s][info][gc,phases   ] GC(46) Concurrent Process Non-Strong References 3.416ms
[14.628s][info][gc,phases   ] GC(46) Concurrent Reset Relocation Set 0.039ms
[14.636s][info][gc,phases   ] GC(46) Concurrent Select Relocation Set 8.382ms
[14.636s][info][gc,phases   ] GC(46) Pause Relocate Start 0.009ms
[14.641s][info][gc,phases   ] GC(46) Concurrent Relocate 4.101ms
[14.641s][info][gc,load     ] GC(46) Load: 0.00/0.00/0.00
[14.641s][info][gc,mmu      ] GC(46) MMU: 2ms/95.9%, 5ms/98.4%, 10ms/99.2%, 20ms/99.6%, 50ms/99.8%, 100ms/99.9%
[14.641s][info][gc,marking  ] GC(46) Mark: 8 stripe(s), 3 proactive flush(es), 1 terminate flush(es), 0 completion(s), 0 continuation(s) 
[14.641s][info][gc,marking  ] GC(46) Mark Stack Usage: 32M
[14.641s][info][gc,nmethod  ] GC(46) NMethods: 7832 registered, 2380 unregistered
[14.641s][info][gc,metaspace] GC(46) Metaspace: 70M used, 71M committed, 1088M reserved
[14.641s][info][gc,ref      ] GC(46) Soft: 2376 encountered, 0 discovered, 0 enqueued
[14.641s][info][gc,ref      ] GC(46) Weak: 10615 encountered, 1201 discovered, 0 enqueued
[14.641s][info][gc,ref      ] GC(46) Final: 289 encountered, 20 discovered, 0 enqueued
[14.641s][info][gc,ref      ] GC(46) Phantom: 423 encountered, 285 discovered, 0 enqueued
[14.641s][info][gc,reloc    ] GC(46) Small Pages: 283 / 566M, Empty: 228M, Relocated: 8M, In-Place: 0
[14.641s][info][gc,reloc    ] GC(46) Medium Pages: 0 / 0M, Empty: 0M, Relocated: 0M, In-Place: 0
[14.641s][info][gc,reloc    ] GC(46) Large Pages: 0 / 0M, Empty: 0M, Relocated: 0M, In-Place: 0
[14.641s][info][gc,reloc    ] GC(46) Forwarding Usage: 2M
[14.641s][info][gc,heap     ] GC(46) Min Capacity: 8M(1%)
[14.641s][info][gc,heap     ] GC(46) Max Capacity: 1024M(100%)
[14.641s][info][gc,heap     ] GC(46) Soft Max Capacity: 1024M(100%)
[14.641s][info][gc,heap     ] GC(46)                Mark Start          Mark End        Relocate Start      Relocate End           High               Low         
[14.641s][info][gc,heap     ] GC(46)  Capacity:     1024M (100%)       1024M (100%)       1024M (100%)       1024M (100%)       1024M (100%)       1024M (100%)   
[14.641s][info][gc,heap     ] GC(46)      Free:      458M (45%)         324M (32%)         494M (48%)         748M (73%)         752M (73%)         308M (30%)    
[14.641s][info][gc,heap     ] GC(46)      Used:      566M (55%)         700M (68%)         530M (52%)         276M (27%)         716M (70%)         272M (27%)    
[14.641s][info][gc,heap     ] GC(46)      Live:         -                49M (5%)           49M (5%)           49M (5%)             -                  -          
[14.641s][info][gc,heap     ] GC(46) Allocated:         -               134M (13%)         192M (19%)         202M (20%)            -                  -          
[14.641s][info][gc,heap     ] GC(46)   Garbage:         -               516M (50%)         288M (28%)          23M (2%)             -                  -          
[14.641s][info][gc,heap     ] GC(46) Reclaimed:         -                  -               228M (22%)         492M (48%)            -                  -          
[14.641s][info][gc          ] GC(46) Garbage Collection (Allocation Rate) 566M(55%)->276M(27%)
[14.696s][info][gc,start    ] GC(47) Garbage Collection (Allocation Rate)
[14.697s][info][gc,task     ] GC(47) Using 10 workers
[14.697s][info][gc,phases   ] GC(47) Pause Mark Start 0.011ms
[14.719s][info][gc,phases   ] GC(47) Concurrent Mark 21.565ms
[14.719s][info][gc,phases   ] GC(47) Pause Mark End 0.023ms
[14.721s][info][gc,phases   ] GC(47) Concurrent Mark Free 0.001ms
[14.724s][info][gc,phases   ] GC(47) Concurrent Process Non-Strong References 3.353ms
[14.724s][info][gc,phases   ] GC(47) Concurrent Reset Relocation Set 0.038ms
[14.729s][info][gc,phases   ] GC(47) Concurrent Select Relocation Set 4.982ms
[14.729s][info][gc,phases   ] GC(47) Pause Relocate Start 0.010ms
[14.734s][info][gc,phases   ] GC(47) Concurrent Relocate 4.468ms
[14.734s][info][gc,load     ] GC(47) Load: 0.00/0.00/0.00
[14.734s][info][gc,mmu      ] GC(47) MMU: 2ms/95.9%, 5ms/98.4%, 10ms/99.2%, 20ms/99.6%, 50ms/99.8%, 100ms/99.9%
[14.734s][info][gc,marking  ] GC(47) Mark: 8 stripe(s), 3 proactive flush(es), 1 terminate flush(es), 0 completion(s), 0 continuation(s) 
[14.734s][info][gc,marking  ] GC(47) Mark Stack Usage: 32M
[14.734s][info][gc,nmethod  ] GC(47) NMethods: 7832 registered, 2380 unregistered
[14.734s][info][gc,metaspace] GC(47) Metaspace: 70M used, 71M committed, 1088M reserved
[14.734s][info][gc,ref      ] GC(47) Soft: 2376 encountered, 0 discovered, 0 enqueued
[14.734s][info][gc,ref      ] GC(47) Weak: 10615 encountered, 1600 discovered, 0 enqueued
[14.734s][info][gc,ref      ] GC(47) Final: 289 encountered, 46 discovered, 0 enqueued
[14.734s][info][gc,ref      ] GC(47) Phantom: 423 encountered, 339 discovered, 0 enqueued
[14.734s][info][gc,reloc    ] GC(47) Small Pages: 282 / 564M, Empty: 226M, Relocated: 8M, In-Place: 0
[14.734s][info][gc,reloc    ] GC(47) Medium Pages: 0 / 0M, Empty: 0M, Relocated: 0M, In-Place: 0
[14.734s][info][gc,reloc    ] GC(47) Large Pages: 0 / 0M, Empty: 0M, Relocated: 0M, In-Place: 0
[14.734s][info][gc,reloc    ] GC(47) Forwarding Usage: 2M
[14.734s][info][gc,heap     ] GC(47) Min Capacity: 8M(1%)
[14.734s][info][gc,heap     ] GC(47) Max Capacity: 1024M(100%)
[14.735s][info][gc,heap     ] GC(47) Soft Max Capacity: 1024M(100%)
[14.735s][info][gc,heap     ] GC(47)                Mark Start          Mark End        Relocate Start      Relocate End           High               Low         
[14.735s][info][gc,heap     ] GC(47)  Capacity:     1024M (100%)       1024M (100%)       1024M (100%)       1024M (100%)       1024M (100%)       1024M (100%)   
[14.735s][info][gc,heap     ] GC(47)      Free:      460M (45%)         352M (34%)         532M (52%)         784M (77%)         792M (77%)         330M (32%)    
[14.735s][info][gc,heap     ] GC(47)      Used:      564M (55%)         672M (66%)         492M (48%)         240M (23%)         694M (68%)         232M (23%)    
[14.735s][info][gc,heap     ] GC(47)      Live:         -                49M (5%)           49M (5%)           49M (5%)             -                  -          
[14.735s][info][gc,heap     ] GC(47) Allocated:         -               108M (11%)         154M (15%)         167M (16%)            -                  -          
[14.735s][info][gc,heap     ] GC(47)   Garbage:         -               514M (50%)         288M (28%)          22M (2%)             -                  -          
[14.735s][info][gc,heap     ] GC(47) Reclaimed:         -                  -               226M (22%)         491M (48%)            -                  -          
[14.735s][info][gc          ] GC(47) Garbage Collection (Allocation Rate) 564M(55%)->240M(23%)
[14.796s][info][gc,start    ] GC(48) Garbage Collection (Allocation Rate)
[14.796s][info][gc,task     ] GC(48) Using 10 workers
[14.796s][info][gc,phases   ] GC(48) Pause Mark Start 0.011ms
[14.825s][info][gc,phases   ] GC(48) Concurrent Mark 28.181ms
[14.825s][info][gc,phases   ] GC(48) Pause Mark End 0.022ms
[14.826s][info][gc,phases   ] GC(48) Concurrent Mark Free 0.002ms
[14.830s][info][gc,phases   ] GC(48) Concurrent Process Non-Strong References 3.271ms
[14.830s][info][gc,phases   ] GC(48) Concurrent Reset Relocation Set 0.044ms
[14.838s][info][gc,phases   ] GC(48) Concurrent Select Relocation Set 8.155ms
[14.838s][info][gc,phases   ] GC(48) Pause Relocate Start 0.012ms
[14.844s][info][gc,phases   ] GC(48) Concurrent Relocate 5.130ms
[14.844s][info][gc,load     ] GC(48) Load: 0.00/0.00/0.00
[14.844s][info][gc,mmu      ] GC(48) MMU: 2ms/95.9%, 5ms/98.4%, 10ms/99.2%, 20ms/99.6%, 50ms/99.8%, 100ms/99.9%
[14.844s][info][gc,marking  ] GC(48) Mark: 8 stripe(s), 4 proactive flush(es), 1 terminate flush(es), 0 completion(s), 0 continuation(s) 
[14.844s][info][gc,marking  ] GC(48) Mark Stack Usage: 32M
[14.844s][info][gc,nmethod  ] GC(48) NMethods: 7832 registered, 2380 unregistered
[14.844s][info][gc,metaspace] GC(48) Metaspace: 70M used, 71M committed, 1088M reserved
[14.844s][info][gc,ref      ] GC(48) Soft: 2376 encountered, 0 discovered, 0 enqueued
[14.844s][info][gc,ref      ] GC(48) Weak: 10615 encountered, 1746 discovered, 0 enqueued
[14.844s][info][gc,ref      ] GC(48) Final: 289 encountered, 55 discovered, 0 enqueued
[14.844s][info][gc,ref      ] GC(48) Phantom: 423 encountered, 273 discovered, 0 enqueued
[14.844s][info][gc,reloc    ] GC(48) Small Pages: 280 / 560M, Empty: 176M, Relocated: 8M, In-Place: 0
[14.844s][info][gc,reloc    ] GC(48) Medium Pages: 0 / 0M, Empty: 0M, Relocated: 0M, In-Place: 0
[14.844s][info][gc,reloc    ] GC(48) Large Pages: 0 / 0M, Empty: 0M, Relocated: 0M, In-Place: 0
[14.844s][info][gc,reloc    ] GC(48) Forwarding Usage: 2M
[14.844s][info][gc,heap     ] GC(48) Min Capacity: 8M(1%)
[14.844s][info][gc,heap     ] GC(48) Max Capacity: 1024M(100%)
[14.844s][info][gc,heap     ] GC(48) Soft Max Capacity: 1024M(100%)
[14.844s][info][gc,heap     ] GC(48)                Mark Start          Mark End        Relocate Start      Relocate End           High               Low         
[14.844s][info][gc,heap     ] GC(48)  Capacity:     1024M (100%)       1024M (100%)       1024M (100%)       1024M (100%)       1024M (100%)       1024M (100%)   
[14.844s][info][gc,heap     ] GC(48)      Free:      464M (45%)         326M (32%)         444M (43%)         738M (72%)         746M (73%)         306M (30%)    
[14.844s][info][gc,heap     ] GC(48)      Used:      560M (55%)         698M (68%)         580M (57%)         286M (28%)         718M (70%)         278M (27%)    
[14.844s][info][gc,heap     ] GC(48)      Live:         -                49M (5%)           49M (5%)           49M (5%)             -                  -          
[14.844s][info][gc,heap     ] GC(48) Allocated:         -               138M (13%)         196M (19%)         213M (21%)            -                  -          
[14.844s][info][gc,heap     ] GC(48)   Garbage:         -               510M (50%)         334M (33%)          23M (2%)             -                  -          
[14.844s][info][gc,heap     ] GC(48) Reclaimed:         -                  -               176M (17%)         487M (48%)            -                  -          
[14.844s][info][gc          ] GC(48) Garbage Collection (Allocation Rate) 560M(55%)->286M(28%)
[14.896s][info][gc,start    ] GC(49) Garbage Collection (Allocation Rate)
[14.896s][info][gc,task     ] GC(49) Using 10 workers
[14.896s][info][gc,phases   ] GC(49) Pause Mark Start 0.010ms
[14.919s][info][gc,phases   ] GC(49) Concurrent Mark 22.138ms
[14.919s][info][gc,phases   ] GC(49) Pause Mark End 0.026ms
[14.921s][info][gc,phases   ] GC(49) Concurrent Mark Free 0.002ms
[14.924s][info][gc,phases   ] GC(49) Concurrent Process Non-Strong References 3.556ms
[14.924s][info][gc,phases   ] GC(49) Concurrent Reset Relocation Set 0.047ms
[14.933s][info][gc,phases   ] GC(49) Concurrent Select Relocation Set 8.512ms
[14.933s][info][gc,phases   ] GC(49) Pause Relocate Start 0.007ms
[14.939s][info][gc,phases   ] GC(49) Concurrent Relocate 4.780ms
[14.939s][info][gc,load     ] GC(49) Load: 0.00/0.00/0.00
[14.939s][info][gc,mmu      ] GC(49) MMU: 2ms/95.9%, 5ms/98.4%, 10ms/99.2%, 20ms/99.6%, 50ms/99.8%, 100ms/99.9%
[14.939s][info][gc,marking  ] GC(49) Mark: 8 stripe(s), 3 proactive flush(es), 1 terminate flush(es), 0 completion(s), 0 continuation(s) 
[14.939s][info][gc,marking  ] GC(49) Mark Stack Usage: 32M
[14.939s][info][gc,nmethod  ] GC(49) NMethods: 7836 registered, 2380 unregistered
[14.939s][info][gc,metaspace] GC(49) Metaspace: 70M used, 71M committed, 1088M reserved
[14.939s][info][gc,ref      ] GC(49) Soft: 2376 encountered, 0 discovered, 0 enqueued
[14.939s][info][gc,ref      ] GC(49) Weak: 10615 encountered, 1967 discovered, 0 enqueued
[14.939s][info][gc,ref      ] GC(49) Final: 289 encountered, 18 discovered, 0 enqueued
[14.939s][info][gc,ref      ] GC(49) Phantom: 423 encountered, 307 discovered, 0 enqueued
[14.939s][info][gc,reloc    ] GC(49) Small Pages: 279 / 558M, Empty: 214M, Relocated: 8M, In-Place: 0
[14.939s][info][gc,reloc    ] GC(49) Medium Pages: 0 / 0M, Empty: 0M, Relocated: 0M, In-Place: 0
[14.939s][info][gc,reloc    ] GC(49) Large Pages: 0 / 0M, Empty: 0M, Relocated: 0M, In-Place: 0
[14.939s][info][gc,reloc    ] GC(49) Forwarding Usage: 2M
[14.939s][info][gc,heap     ] GC(49) Min Capacity: 8M(1%)
[14.939s][info][gc,heap     ] GC(49) Max Capacity: 1024M(100%)
[14.939s][info][gc,heap     ] GC(49) Soft Max Capacity: 1024M(100%)
[14.939s][info][gc,heap     ] GC(49)                Mark Start          Mark End        Relocate Start      Relocate End           High               Low         
[14.939s][info][gc,heap     ] GC(49)  Capacity:     1024M (100%)       1024M (100%)       1024M (100%)       1024M (100%)       1024M (100%)       1024M (100%)   
[14.939s][info][gc,heap     ] GC(49)      Free:      466M (46%)         354M (35%)         502M (49%)         762M (74%)         768M (75%)         330M (32%)    
[14.939s][info][gc,heap     ] GC(49)      Used:      558M (54%)         670M (65%)         522M (51%)         262M (26%)         694M (68%)         256M (25%)    
[14.939s][info][gc,heap     ] GC(49)      Live:         -                49M (5%)           49M (5%)           49M (5%)             -                  -          
[14.939s][info][gc,heap     ] GC(49) Allocated:         -               112M (11%)         178M (17%)         188M (18%)            -                  -          
[14.939s][info][gc,heap     ] GC(49)   Garbage:         -               508M (50%)         294M (29%)          23M (2%)             -                  -          
[14.939s][info][gc,heap     ] GC(49) Reclaimed:         -                  -               214M (21%)         484M (47%)            -                  -          
[14.939s][info][gc          ] GC(49) Garbage Collection (Allocation Rate) 558M(54%)->262M(26%)
[14.996s][info][gc,start    ] GC(50) Garbage Collection (Allocation Rate)
[14.997s][info][gc,task     ] GC(50) Using 10 workers
[14.997s][info][gc,phases   ] GC(50) Pause Mark Start 0.010ms
[15.017s][info][gc,phases   ] GC(50) Concurrent Mark 20.493ms
[15.018s][info][gc,phases   ] GC(50) Pause Mark End 0.028ms
[15.019s][info][gc,phases   ] GC(50) Concurrent Mark Free 0.003ms
[15.023s][info][gc,phases   ] GC(50) Concurrent Process Non-Strong References 3.364ms
[15.023s][info][gc,phases   ] GC(50) Concurrent Reset Relocation Set 0.039ms
[15.028s][info][gc,phases   ] GC(50) Concurrent Select Relocation Set 4.973ms
[15.028s][info][gc,phases   ] GC(50) Pause Relocate Start 0.010ms
[15.033s][info][gc,phases   ] GC(50) Concurrent Relocate 4.330ms
[15.033s][info][gc,load     ] GC(50) Load: 0.00/0.00/0.00
[15.033s][info][gc,mmu      ] GC(50) MMU: 2ms/95.9%, 5ms/98.4%, 10ms/99.2%, 20ms/99.6%, 50ms/99.8%, 100ms/99.9%
[15.033s][info][gc,marking  ] GC(50) Mark: 8 stripe(s), 3 proactive flush(es), 1 terminate flush(es), 0 completion(s), 0 continuation(s) 
[15.033s][info][gc,marking  ] GC(50) Mark Stack Usage: 32M
[15.033s][info][gc,nmethod  ] GC(50) NMethods: 7842 registered, 2381 unregistered
[15.033s][info][gc,metaspace] GC(50) Metaspace: 70M used, 71M committed, 1088M reserved
[15.033s][info][gc,ref      ] GC(50) Soft: 2376 encountered, 0 discovered, 0 enqueued
[15.033s][info][gc,ref      ] GC(50) Weak: 10615 encountered, 1927 discovered, 0 enqueued
[15.033s][info][gc,ref      ] GC(50) Final: 289 encountered, 12 discovered, 0 enqueued
[15.033s][info][gc,ref      ] GC(50) Phantom: 423 encountered, 323 discovered, 0 enqueued
[15.033s][info][gc,reloc    ] GC(50) Small Pages: 280 / 560M, Empty: 222M, Relocated: 8M, In-Place: 0
[15.033s][info][gc,reloc    ] GC(50) Medium Pages: 0 / 0M, Empty: 0M, Relocated: 0M, In-Place: 0
[15.033s][info][gc,reloc    ] GC(50) Large Pages: 0 / 0M, Empty: 0M, Relocated: 0M, In-Place: 0
[15.033s][info][gc,reloc    ] GC(50) Forwarding Usage: 2M
[15.033s][info][gc,heap     ] GC(50) Min Capacity: 8M(1%)
[15.033s][info][gc,heap     ] GC(50) Max Capacity: 1024M(100%)
[15.033s][info][gc,heap     ] GC(50) Soft Max Capacity: 1024M(100%)
[15.033s][info][gc,heap     ] GC(50)                Mark Start          Mark End        Relocate Start      Relocate End           High               Low         
[15.033s][info][gc,heap     ] GC(50)  Capacity:     1024M (100%)       1024M (100%)       1024M (100%)       1024M (100%)       1024M (100%)       1024M (100%)   
[15.034s][info][gc,heap     ] GC(50)      Free:      464M (45%)         358M (35%)         536M (52%)         788M (77%)         792M (77%)         338M (33%)    
[15.034s][info][gc,heap     ] GC(50)      Used:      560M (55%)         666M (65%)         488M (48%)         236M (23%)         686M (67%)         232M (23%)    
[15.034s][info][gc,heap     ] GC(50)      Live:         -                49M (5%)           49M (5%)           49M (5%)             -                  -          
[15.034s][info][gc,heap     ] GC(50) Allocated:         -               106M (10%)         150M (15%)         162M (16%)            -                  -          
[15.034s][info][gc,heap     ] GC(50)   Garbage:         -               510M (50%)         288M (28%)          23M (2%)             -                  -          
[15.034s][info][gc,heap     ] GC(50) Reclaimed:         -                  -               222M (22%)         486M (48%)            -                  -          
[15.034s][info][gc          ] GC(50) Garbage Collection (Allocation Rate) 560M(55%)->236M(23%)
[15.096s][info][gc,start    ] GC(51) Garbage Collection (Allocation Rate)
[15.096s][info][gc,task     ] GC(51) Using 10 workers
[15.096s][info][gc,phases   ] GC(51) Pause Mark Start 0.011ms
[15.120s][info][gc,phases   ] GC(51) Concurrent Mark 23.885ms
[15.120s][info][gc,phases   ] GC(51) Pause Mark End 0.023ms
[15.122s][info][gc,phases   ] GC(51) Concurrent Mark Free 0.002ms
[15.125s][info][gc,phases   ] GC(51) Concurrent Process Non-Strong References 3.548ms
[15.125s][info][gc,phases   ] GC(51) Concurrent Reset Relocation Set 0.049ms
[15.132s][info][gc,phases   ] GC(51) Concurrent Select Relocation Set 6.441ms
[15.132s][info][gc,phases   ] GC(51) Pause Relocate Start 0.009ms
[15.137s][info][gc,phases   ] GC(51) Concurrent Relocate 4.196ms
[15.137s][info][gc,load     ] GC(51) Load: 0.00/0.00/0.00
[15.137s][info][gc,mmu      ] GC(51) MMU: 2ms/95.9%, 5ms/98.4%, 10ms/99.2%, 20ms/99.6%, 50ms/99.8%, 100ms/99.9%
[15.137s][info][gc,marking  ] GC(51) Mark: 8 stripe(s), 3 proactive flush(es), 1 terminate flush(es), 0 completion(s), 0 continuation(s) 
[15.137s][info][gc,marking  ] GC(51) Mark Stack Usage: 32M
[15.137s][info][gc,nmethod  ] GC(51) NMethods: 7841 registered, 2383 unregistered
[15.137s][info][gc,metaspace] GC(51) Metaspace: 70M used, 71M committed, 1088M reserved
[15.137s][info][gc,ref      ] GC(51) Soft: 2376 encountered, 0 discovered, 0 enqueued
[15.137s][info][gc,ref      ] GC(51) Weak: 10615 encountered, 1756 discovered, 0 enqueued
[15.137s][info][gc,ref      ] GC(51) Final: 289 encountered, 17 discovered, 0 enqueued
[15.137s][info][gc,ref      ] GC(51) Phantom: 423 encountered, 288 discovered, 0 enqueued
[15.137s][info][gc,reloc    ] GC(51) Small Pages: 279 / 558M, Empty: 228M, Relocated: 8M, In-Place: 0
[15.137s][info][gc,reloc    ] GC(51) Medium Pages: 0 / 0M, Empty: 0M, Relocated: 0M, In-Place: 0
[15.137s][info][gc,reloc    ] GC(51) Large Pages: 0 / 0M, Empty: 0M, Relocated: 0M, In-Place: 0
[15.137s][info][gc,reloc    ] GC(51) Forwarding Usage: 2M
[15.137s][info][gc,heap     ] GC(51) Min Capacity: 8M(1%)
[15.137s][info][gc,heap     ] GC(51) Max Capacity: 1024M(100%)
[15.137s][info][gc,heap     ] GC(51) Soft Max Capacity: 1024M(100%)
[15.137s][info][gc,heap     ] GC(51)                Mark Start          Mark End        Relocate Start      Relocate End           High               Low         
[15.137s][info][gc,heap     ] GC(51)  Capacity:     1024M (100%)       1024M (100%)       1024M (100%)       1024M (100%)       1024M (100%)       1024M (100%)   
[15.137s][info][gc,heap     ] GC(51)      Free:      466M (46%)         348M (34%)         526M (51%)         772M (75%)         774M (76%)         328M (32%)    
[15.137s][info][gc,heap     ] GC(51)      Used:      558M (54%)         676M (66%)         498M (49%)         252M (25%)         696M (68%)         250M (24%)    
[15.137s][info][gc,heap     ] GC(51)      Live:         -                49M (5%)           49M (5%)           49M (5%)             -                  -          
[15.137s][info][gc,heap     ] GC(51) Allocated:         -               118M (12%)         168M (16%)         179M (17%)            -                  -          
[15.137s][info][gc,heap     ] GC(51)   Garbage:         -               508M (50%)         280M (27%)          23M (2%)             -                  -          
[15.137s][info][gc,heap     ] GC(51) Reclaimed:         -                  -               228M (22%)         485M (47%)            -                  -          
[15.137s][info][gc          ] GC(51) Garbage Collection (Allocation Rate) 558M(54%)->252M(25%)
[15.196s][info][gc,start    ] GC(52) Garbage Collection (Allocation Rate)
[15.196s][info][gc,task     ] GC(52) Using 10 workers
[15.196s][info][gc,phases   ] GC(52) Pause Mark Start 0.013ms
[15.217s][info][gc,phases   ] GC(52) Concurrent Mark 20.901ms
[15.218s][info][gc,phases   ] GC(52) Pause Mark End 0.025ms
[15.219s][info][gc,phases   ] GC(52) Concurrent Mark Free 0.001ms
[15.223s][info][gc,phases   ] GC(52) Concurrent Process Non-Strong References 3.480ms
[15.223s][info][gc,phases   ] GC(52) Concurrent Reset Relocation Set 0.042ms
[15.233s][info][gc,phases   ] GC(52) Concurrent Select Relocation Set 10.179ms
[15.233s][info][gc,phases   ] GC(52) Pause Relocate Start 0.010ms
[15.239s][info][gc,phases   ] GC(52) Concurrent Relocate 5.387ms
[15.239s][info][gc,load     ] GC(52) Load: 0.00/0.00/0.00
[15.239s][info][gc,mmu      ] GC(52) MMU: 2ms/95.9%, 5ms/98.4%, 10ms/99.2%, 20ms/99.6%, 50ms/99.8%, 100ms/99.9%
[15.239s][info][gc,marking  ] GC(52) Mark: 8 stripe(s), 3 proactive flush(es), 1 terminate flush(es), 0 completion(s), 0 continuation(s) 
[15.239s][info][gc,marking  ] GC(52) Mark Stack Usage: 32M
[15.239s][info][gc,nmethod  ] GC(52) NMethods: 7841 registered, 2383 unregistered
[15.239s][info][gc,metaspace] GC(52) Metaspace: 70M used, 71M committed, 1088M reserved
[15.239s][info][gc,ref      ] GC(52) Soft: 2376 encountered, 0 discovered, 0 enqueued
[15.239s][info][gc,ref      ] GC(52) Weak: 10615 encountered, 1671 discovered, 0 enqueued
[15.239s][info][gc,ref      ] GC(52) Final: 289 encountered, 42 discovered, 0 enqueued
[15.239s][info][gc,ref      ] GC(52) Phantom: 423 encountered, 372 discovered, 0 enqueued
[15.239s][info][gc,reloc    ] GC(52) Small Pages: 279 / 558M, Empty: 230M, Relocated: 8M, In-Place: 0
[15.239s][info][gc,reloc    ] GC(52) Medium Pages: 0 / 0M, Empty: 0M, Relocated: 0M, In-Place: 0
[15.239s][info][gc,reloc    ] GC(52) Large Pages: 0 / 0M, Empty: 0M, Relocated: 0M, In-Place: 0
[15.239s][info][gc,reloc    ] GC(52) Forwarding Usage: 2M
[15.239s][info][gc,heap     ] GC(52) Min Capacity: 8M(1%)
[15.239s][info][gc,heap     ] GC(52) Max Capacity: 1024M(100%)
[15.239s][info][gc,heap     ] GC(52) Soft Max Capacity: 1024M(100%)
[15.240s][info][gc,heap     ] GC(52)                Mark Start          Mark End        Relocate Start      Relocate End           High               Low         
[15.240s][info][gc,heap     ] GC(52)  Capacity:     1024M (100%)       1024M (100%)       1024M (100%)       1024M (100%)       1024M (100%)       1024M (100%)   
[15.240s][info][gc,heap     ] GC(52)      Free:      466M (46%)         358M (35%)         518M (51%)         756M (74%)         764M (75%)         338M (33%)    
[15.240s][info][gc,heap     ] GC(52)      Used:      558M (54%)         666M (65%)         506M (49%)         268M (26%)         686M (67%)         260M (25%)    
[15.240s][info][gc,heap     ] GC(52)      Live:         -                49M (5%)           49M (5%)           49M (5%)             -                  -          
[15.240s][info][gc,heap     ] GC(52) Allocated:         -               108M (11%)         178M (17%)         194M (19%)            -                  -          
[15.240s][info][gc,heap     ] GC(52)   Garbage:         -               508M (50%)         278M (27%)          23M (2%)             -                  -          
[15.240s][info][gc,heap     ] GC(52) Reclaimed:         -                  -               230M (22%)         484M (47%)            -                  -          
[15.240s][info][gc          ] GC(52) Garbage Collection (Allocation Rate) 558M(54%)->268M(26%)
[15.296s][info][gc,start    ] GC(53) Garbage Collection (Allocation Rate)
[15.296s][info][gc,task     ] GC(53) Using 10 workers
[15.296s][info][gc,phases   ] GC(53) Pause Mark Start 0.010ms
[15.343s][info][gc,phases   ] GC(53) Concurrent Mark 46.246ms
[15.343s][info][gc,phases   ] GC(53) Pause Mark End 0.022ms
[15.344s][info][gc,phases   ] GC(53) Concurrent Mark Free 0.001ms
[15.347s][info][gc,phases   ] GC(53) Concurrent Process Non-Strong References 3.425ms
[15.348s][info][gc,phases   ] GC(53) Concurrent Reset Relocation Set 0.050ms
[15.354s][info][gc,phases   ] GC(53) Concurrent Select Relocation Set 6.388ms
[15.354s][info][gc,phases   ] GC(53) Pause Relocate Start 0.010ms
[15.360s][info][gc,phases   ] GC(53) Concurrent Relocate 5.103ms
[15.360s][info][gc,load     ] GC(53) Load: 0.00/0.00/0.00
[15.360s][info][gc,mmu      ] GC(53) MMU: 2ms/95.9%, 5ms/98.4%, 10ms/99.2%, 20ms/99.6%, 50ms/99.8%, 100ms/99.9%
[15.360s][info][gc,marking  ] GC(53) Mark: 8 stripe(s), 3 proactive flush(es), 1 terminate flush(es), 0 completion(s), 0 continuation(s) 
[15.360s][info][gc,marking  ] GC(53) Mark Stack Usage: 32M
[15.360s][info][gc,nmethod  ] GC(53) NMethods: 7841 registered, 2383 unregistered
[15.360s][info][gc,metaspace] GC(53) Metaspace: 70M used, 71M committed, 1088M reserved
[15.360s][info][gc,ref      ] GC(53) Soft: 2376 encountered, 0 discovered, 0 enqueued
[15.360s][info][gc,ref      ] GC(53) Weak: 10615 encountered, 2419 discovered, 0 enqueued
[15.360s][info][gc,ref      ] GC(53) Final: 289 encountered, 23 discovered, 0 enqueued
[15.360s][info][gc,ref      ] GC(53) Phantom: 423 encountered, 307 discovered, 0 enqueued
[15.360s][info][gc,reloc    ] GC(53) Small Pages: 276 / 552M, Empty: 224M, Relocated: 8M, In-Place: 0
[15.360s][info][gc,reloc    ] GC(53) Medium Pages: 0 / 0M, Empty: 0M, Relocated: 0M, In-Place: 0
[15.360s][info][gc,reloc    ] GC(53) Large Pages: 0 / 0M, Empty: 0M, Relocated: 0M, In-Place: 0
[15.360s][info][gc,reloc    ] GC(53) Forwarding Usage: 2M
[15.360s][info][gc,heap     ] GC(53) Min Capacity: 8M(1%)
[15.360s][info][gc,heap     ] GC(53) Max Capacity: 1024M(100%)
[15.360s][info][gc,heap     ] GC(53) Soft Max Capacity: 1024M(100%)
[15.360s][info][gc,heap     ] GC(53)                Mark Start          Mark End        Relocate Start      Relocate End           High               Low         
[15.360s][info][gc,heap     ] GC(53)  Capacity:     1024M (100%)       1024M (100%)       1024M (100%)       1024M (100%)       1024M (100%)       1024M (100%)   
[15.360s][info][gc,heap     ] GC(53)      Free:      472M (46%)         376M (37%)         550M (54%)         790M (77%)         796M (78%)         352M (34%)    
[15.360s][info][gc,heap     ] GC(53)      Used:      552M (54%)         648M (63%)         474M (46%)         234M (23%)         672M (66%)         228M (22%)    
[15.360s][info][gc,heap     ] GC(53)      Live:         -                49M (5%)           49M (5%)           49M (5%)             -                  -          
[15.360s][info][gc,heap     ] GC(53) Allocated:         -                96M (9%)          146M (14%)         160M (16%)            -                  -          
[15.360s][info][gc,heap     ] GC(53)   Garbage:         -               502M (49%)         278M (27%)          23M (2%)             -                  -          
[15.360s][info][gc,heap     ] GC(53) Reclaimed:         -                  -               224M (22%)         478M (47%)            -                  -          
[15.360s][info][gc          ] GC(53) Garbage Collection (Allocation Rate) 552M(54%)->234M(23%)
[15.396s][info][gc,start    ] GC(54) Garbage Collection (Allocation Rate)
[15.396s][info][gc,task     ] GC(54) Using 10 workers
[15.396s][info][gc,phases   ] GC(54) Pause Mark Start 0.009ms
[15.419s][info][gc,phases   ] GC(54) Concurrent Mark 22.225ms
[15.419s][info][gc,phases   ] GC(54) Pause Mark End 0.024ms
[15.420s][info][gc,phases   ] GC(54) Concurrent Mark Free 0.001ms
[15.427s][info][gc,phases   ] GC(54) Concurrent Process Non-Strong References 6.186ms
[15.427s][info][gc,phases   ] GC(54) Concurrent Reset Relocation Set 0.040ms
[15.437s][info][gc,phases   ] GC(54) Concurrent Select Relocation Set 9.995ms
[15.437s][info][gc,phases   ] GC(54) Pause Relocate Start 0.008ms
[15.443s][info][gc,phases   ] GC(54) Concurrent Relocate 5.252ms
[15.443s][info][gc,load     ] GC(54) Load: 0.00/0.00/0.00
[15.443s][info][gc,mmu      ] GC(54) MMU: 2ms/95.9%, 5ms/98.4%, 10ms/99.2%, 20ms/99.6%, 50ms/99.8%, 100ms/99.9%
[15.443s][info][gc,marking  ] GC(54) Mark: 8 stripe(s), 3 proactive flush(es), 1 terminate flush(es), 0 completion(s), 0 continuation(s) 
[15.443s][info][gc,marking  ] GC(54) Mark Stack Usage: 32M
[15.443s][info][gc,nmethod  ] GC(54) NMethods: 7865 registered, 2388 unregistered
[15.443s][info][gc,metaspace] GC(54) Metaspace: 70M used, 71M committed, 1088M reserved
[15.443s][info][gc,ref      ] GC(54) Soft: 2378 encountered, 0 discovered, 0 enqueued
[15.443s][info][gc,ref      ] GC(54) Weak: 10613 encountered, 1815 discovered, 8 enqueued
[15.443s][info][gc,ref      ] GC(54) Final: 289 encountered, 15 discovered, 0 enqueued
[15.443s][info][gc,ref      ] GC(54) Phantom: 423 encountered, 255 discovered, 0 enqueued
[15.443s][info][gc,reloc    ] GC(54) Small Pages: 211 / 422M, Empty: 132M, Relocated: 8M, In-Place: 0
[15.443s][info][gc,reloc    ] GC(54) Medium Pages: 0 / 0M, Empty: 0M, Relocated: 0M, In-Place: 0
[15.443s][info][gc,reloc    ] GC(54) Large Pages: 0 / 0M, Empty: 0M, Relocated: 0M, In-Place: 0
[15.443s][info][gc,reloc    ] GC(54) Forwarding Usage: 2M
[15.443s][info][gc,heap     ] GC(54) Min Capacity: 8M(1%)
[15.443s][info][gc,heap     ] GC(54) Max Capacity: 1024M(100%)
[15.443s][info][gc,heap     ] GC(54) Soft Max Capacity: 1024M(100%)
[15.443s][info][gc,heap     ] GC(54)                Mark Start          Mark End        Relocate Start      Relocate End           High               Low         
[15.443s][info][gc,heap     ] GC(54)  Capacity:     1024M (100%)       1024M (100%)       1024M (100%)       1024M (100%)       1024M (100%)       1024M (100%)   
[15.443s][info][gc,heap     ] GC(54)      Free:      602M (59%)         498M (49%)         554M (54%)         758M (74%)         766M (75%)         468M (46%)    
[15.443s][info][gc,heap     ] GC(54)      Used:      422M (41%)         526M (51%)         470M (46%)         266M (26%)         556M (54%)         258M (25%)    
[15.443s][info][gc,heap     ] GC(54)      Live:         -                49M (5%)           49M (5%)           49M (5%)             -                  -          
[15.443s][info][gc,heap     ] GC(54) Allocated:         -               104M (10%)         180M (18%)         193M (19%)            -                  -          
[15.443s][info][gc,heap     ] GC(54)   Garbage:         -               372M (36%)         240M (23%)          22M (2%)             -                  -          
[15.443s][info][gc,heap     ] GC(54) Reclaimed:         -                  -               132M (13%)         349M (34%)            -                  -          
[15.443s][info][gc          ] GC(54) Garbage Collection (Allocation Rate) 422M(41%)->266M(26%)
[15.496s][info][gc,start    ] GC(55) Garbage Collection (Allocation Rate)
[15.496s][info][gc,task     ] GC(55) Using 10 workers
[15.496s][info][gc,phases   ] GC(55) Pause Mark Start 0.010ms
[15.520s][info][gc,phases   ] GC(55) Concurrent Mark 23.392ms
[15.520s][info][gc,phases   ] GC(55) Pause Mark End 0.030ms
[15.529s][info][gc,phases   ] GC(55) Concurrent Mark Free 0.003ms
[15.555s][info][gc,phases   ] GC(55) Concurrent Process Non-Strong References 26.150ms
[15.555s][info][gc,phases   ] GC(55) Concurrent Reset Relocation Set 0.036ms
[15.560s][info][gc,phases   ] GC(55) Concurrent Select Relocation Set 4.836ms
[15.560s][info][gc,phases   ] GC(55) Pause Relocate Start 0.009ms
[15.566s][info][gc,phases   ] GC(55) Concurrent Relocate 5.368ms
[15.566s][info][gc,load     ] GC(55) Load: 0.00/0.00/0.00
[15.566s][info][gc,mmu      ] GC(55) MMU: 2ms/95.9%, 5ms/98.4%, 10ms/99.2%, 20ms/99.6%, 50ms/99.8%, 100ms/99.9%
[15.566s][info][gc,marking  ] GC(55) Mark: 8 stripe(s), 3 proactive flush(es), 1 terminate flush(es), 0 completion(s), 0 continuation(s) 
[15.566s][info][gc,marking  ] GC(55) Mark Stack Usage: 32M
[15.566s][info][gc,nmethod  ] GC(55) NMethods: 7854 registered, 2430 unregistered
[15.566s][info][gc,metaspace] GC(55) Metaspace: 71M used, 71M committed, 1088M reserved
[15.566s][info][gc,ref      ] GC(55) Soft: 2430 encountered, 0 discovered, 0 enqueued
[15.566s][info][gc,ref      ] GC(55) Weak: 10648 encountered, 1797 discovered, 86 enqueued
[15.566s][info][gc,ref      ] GC(55) Final: 289 encountered, 29 discovered, 0 enqueued
[15.566s][info][gc,ref      ] GC(55) Phantom: 481 encountered, 394 discovered, 57 enqueued
[15.566s][info][gc,reloc    ] GC(55) Small Pages: 246 / 492M, Empty: 140M, Relocated: 6M, In-Place: 0
[15.566s][info][gc,reloc    ] GC(55) Medium Pages: 0 / 0M, Empty: 0M, Relocated: 0M, In-Place: 0
[15.566s][info][gc,reloc    ] GC(55) Large Pages: 0 / 0M, Empty: 0M, Relocated: 0M, In-Place: 0
[15.567s][info][gc,reloc    ] GC(55) Forwarding Usage: 2M
[15.567s][info][gc,heap     ] GC(55) Min Capacity: 8M(1%)
[15.567s][info][gc,heap     ] GC(55) Max Capacity: 1024M(100%)
[15.567s][info][gc,heap     ] GC(55) Soft Max Capacity: 1024M(100%)
[15.567s][info][gc,heap     ] GC(55)                Mark Start          Mark End        Relocate Start      Relocate End           High               Low         
[15.567s][info][gc,heap     ] GC(55)  Capacity:     1024M (100%)       1024M (100%)       1024M (100%)       1024M (100%)       1024M (100%)       1024M (100%)   
[15.567s][info][gc,heap     ] GC(55)      Free:      532M (52%)         436M (43%)         406M (40%)         664M (65%)         674M (66%)         284M (28%)    
[15.567s][info][gc,heap     ] GC(55)      Used:      492M (48%)         588M (57%)         618M (60%)         360M (35%)         740M (72%)         350M (34%)    
[15.567s][info][gc,heap     ] GC(55)      Live:         -                50M (5%)           50M (5%)           50M (5%)             -                  -          
[15.567s][info][gc,heap     ] GC(55) Allocated:         -                96M (9%)          266M (26%)         283M (28%)            -                  -          
[15.567s][info][gc,heap     ] GC(55)   Garbage:         -               441M (43%)         301M (29%)          26M (3%)             -                  -          
[15.567s][info][gc,heap     ] GC(55) Reclaimed:         -                  -               140M (14%)         415M (41%)            -                  -          
[15.567s][info][gc          ] GC(55) Garbage Collection (Allocation Rate) 492M(48%)->360M(35%)
[15.597s][info][gc,start    ] GC(56) Garbage Collection (Allocation Rate)
[15.597s][info][gc,task     ] GC(56) Using 10 workers
[15.597s][info][gc,phases   ] GC(56) Pause Mark Start 0.010ms
[15.621s][info][gc,phases   ] GC(56) Concurrent Mark 24.017ms
[15.621s][info][gc,phases   ] GC(56) Pause Mark End 0.022ms
[15.622s][info][gc,phases   ] GC(56) Concurrent Mark Free 0.001ms
[15.625s][info][gc,phases   ] GC(56) Concurrent Process Non-Strong References 3.549ms
[15.626s][info][gc,phases   ] GC(56) Concurrent Reset Relocation Set 0.046ms
[15.631s][info][gc,phases   ] GC(56) Concurrent Select Relocation Set 5.035ms
[15.631s][info][gc,phases   ] GC(56) Pause Relocate Start 0.010ms
[15.635s][info][gc,phases   ] GC(56) Concurrent Relocate 3.289ms
[15.635s][info][gc,load     ] GC(56) Load: 0.00/0.00/0.00
[15.635s][info][gc,mmu      ] GC(56) MMU: 2ms/95.9%, 5ms/98.4%, 10ms/99.2%, 20ms/99.6%, 50ms/99.8%, 100ms/99.9%
[15.635s][info][gc,marking  ] GC(56) Mark: 8 stripe(s), 3 proactive flush(es), 1 terminate flush(es), 0 completion(s), 0 continuation(s) 
[15.635s][info][gc,marking  ] GC(56) Mark Stack Usage: 32M
[15.635s][info][gc,nmethod  ] GC(56) NMethods: 7848 registered, 2437 unregistered
[15.635s][info][gc,metaspace] GC(56) Metaspace: 71M used, 71M committed, 1088M reserved
[15.635s][info][gc,ref      ] GC(56) Soft: 2430 encountered, 0 discovered, 0 enqueued
[15.635s][info][gc,ref      ] GC(56) Weak: 10562 encountered, 1840 discovered, 0 enqueued
[15.635s][info][gc,ref      ] GC(56) Final: 289 encountered, 59 discovered, 0 enqueued
[15.635s][info][gc,ref      ] GC(56) Phantom: 424 encountered, 344 discovered, 0 enqueued
[15.635s][info][gc,reloc    ] GC(56) Small Pages: 256 / 512M, Empty: 214M, Relocated: 6M, In-Place: 0
[15.635s][info][gc,reloc    ] GC(56) Medium Pages: 0 / 0M, Empty: 0M, Relocated: 0M, In-Place: 0
[15.635s][info][gc,reloc    ] GC(56) Large Pages: 0 / 0M, Empty: 0M, Relocated: 0M, In-Place: 0
[15.635s][info][gc,reloc    ] GC(56) Forwarding Usage: 2M
[15.635s][info][gc,heap     ] GC(56) Min Capacity: 8M(1%)
[15.635s][info][gc,heap     ] GC(56) Max Capacity: 1024M(100%)
[15.635s][info][gc,heap     ] GC(56) Soft Max Capacity: 1024M(100%)
[15.635s][info][gc,heap     ] GC(56)                Mark Start          Mark End        Relocate Start      Relocate End           High               Low         
[15.635s][info][gc,heap     ] GC(56)  Capacity:     1024M (100%)       1024M (100%)       1024M (100%)       1024M (100%)       1024M (100%)       1024M (100%)   
[15.635s][info][gc,heap     ] GC(56)      Free:      512M (50%)         396M (39%)         570M (56%)         782M (76%)         784M (77%)         380M (37%)    
[15.635s][info][gc,heap     ] GC(56)      Used:      512M (50%)         628M (61%)         454M (44%)         242M (24%)         644M (63%)         240M (23%)    
[15.635s][info][gc,heap     ] GC(56)      Live:         -                50M (5%)           50M (5%)           50M (5%)             -                  -          
[15.635s][info][gc,heap     ] GC(56) Allocated:         -               116M (11%)         156M (15%)         165M (16%)            -                  -          
[15.635s][info][gc,heap     ] GC(56)   Garbage:         -               461M (45%)         247M (24%)          26M (3%)             -                  -          
[15.635s][info][gc,heap     ] GC(56) Reclaimed:         -                  -               214M (21%)         435M (42%)            -                  -          
[15.635s][info][gc          ] GC(56) Garbage Collection (Allocation Rate) 512M(50%)->242M(24%)
[15.696s][info][gc,start    ] GC(57) Garbage Collection (Allocation Rate)
[15.696s][info][gc,task     ] GC(57) Using 10 workers
[15.696s][info][gc,phases   ] GC(57) Pause Mark Start 0.009ms
[15.719s][info][gc,phases   ] GC(57) Concurrent Mark 22.550ms
[15.719s][info][gc,phases   ] GC(57) Pause Mark End 0.021ms
[15.719s][info][gc,phases   ] GC(57) Concurrent Mark Free 0.001ms
[15.723s][info][gc,phases   ] GC(57) Concurrent Process Non-Strong References 3.335ms
[15.723s][info][gc,phases   ] GC(57) Concurrent Reset Relocation Set 0.034ms
[15.731s][info][gc,phases   ] GC(57) Concurrent Select Relocation Set 7.999ms
[15.731s][info][gc,phases   ] GC(57) Pause Relocate Start 0.009ms
[15.734s][info][gc,phases   ] GC(57) Concurrent Relocate 2.873ms
[15.734s][info][gc,load     ] GC(57) Load: 0.00/0.00/0.00
[15.734s][info][gc,mmu      ] GC(57) MMU: 2ms/95.9%, 5ms/98.4%, 10ms/99.2%, 20ms/99.6%, 50ms/99.8%, 100ms/99.9%
[15.734s][info][gc,marking  ] GC(57) Mark: 8 stripe(s), 3 proactive flush(es), 1 terminate flush(es), 0 completion(s), 0 continuation(s) 
[15.734s][info][gc,marking  ] GC(57) Mark Stack Usage: 32M
[15.734s][info][gc,nmethod  ] GC(57) NMethods: 7868 registered, 2439 unregistered
[15.734s][info][gc,metaspace] GC(57) Metaspace: 71M used, 71M committed, 1088M reserved
[15.734s][info][gc,ref      ] GC(57) Soft: 2430 encountered, 0 discovered, 0 enqueued
[15.734s][info][gc,ref      ] GC(57) Weak: 10548 encountered, 1499 discovered, 1 enqueued
[15.734s][info][gc,ref      ] GC(57) Final: 289 encountered, 36 discovered, 0 enqueued
[15.734s][info][gc,ref      ] GC(57) Phantom: 424 encountered, 359 discovered, 0 enqueued
[15.734s][info][gc,reloc    ] GC(57) Small Pages: 274 / 548M, Empty: 260M, Relocated: 6M, In-Place: 0
[15.734s][info][gc,reloc    ] GC(57) Medium Pages: 0 / 0M, Empty: 0M, Relocated: 0M, In-Place: 0
[15.734s][info][gc,reloc    ] GC(57) Large Pages: 0 / 0M, Empty: 0M, Relocated: 0M, In-Place: 0
[15.735s][info][gc,reloc    ] GC(57) Forwarding Usage: 2M
[15.735s][info][gc,heap     ] GC(57) Min Capacity: 8M(1%)
[15.735s][info][gc,heap     ] GC(57) Max Capacity: 1024M(100%)
[15.735s][info][gc,heap     ] GC(57) Soft Max Capacity: 1024M(100%)
[15.735s][info][gc,heap     ] GC(57)                Mark Start          Mark End        Relocate Start      Relocate End           High               Low         
[15.735s][info][gc,heap     ] GC(57)  Capacity:     1024M (100%)       1024M (100%)       1024M (100%)       1024M (100%)       1024M (100%)       1024M (100%)   
[15.735s][info][gc,heap     ] GC(57)      Free:      476M (46%)         382M (37%)         590M (58%)         796M (78%)         796M (78%)         368M (36%)    
[15.735s][info][gc,heap     ] GC(57)      Used:      548M (54%)         642M (63%)         434M (42%)         228M (22%)         656M (64%)         228M (22%)    
[15.735s][info][gc,heap     ] GC(57)      Live:         -                50M (5%)           50M (5%)           50M (5%)             -                  -          
[15.735s][info][gc,heap     ] GC(57) Allocated:         -                94M (9%)          146M (14%)         151M (15%)            -                  -          
[15.735s][info][gc,heap     ] GC(57)   Garbage:         -               497M (49%)         237M (23%)          26M (3%)             -                  -          
[15.735s][info][gc,heap     ] GC(57) Reclaimed:         -                  -               260M (25%)         471M (46%)            -                  -          
[15.735s][info][gc          ] GC(57) Garbage Collection (Allocation Rate) 548M(54%)->228M(22%)
[15.796s][info][gc,start    ] GC(58) Garbage Collection (Allocation Rate)
[15.796s][info][gc,task     ] GC(58) Using 10 workers
[15.796s][info][gc,phases   ] GC(58) Pause Mark Start 0.009ms
[15.819s][info][gc,phases   ] GC(58) Concurrent Mark 22.657ms
[15.819s][info][gc,phases   ] GC(58) Pause Mark End 0.026ms
[15.819s][info][gc,phases   ] GC(58) Concurrent Mark Free 0.001ms
[15.824s][info][gc,phases   ] GC(58) Concurrent Process Non-Strong References 4.126ms
[15.824s][info][gc,phases   ] GC(58) Concurrent Reset Relocation Set 0.030ms
[15.832s][info][gc,phases   ] GC(58) Concurrent Select Relocation Set 8.784ms
[15.833s][info][gc,phases   ] GC(58) Pause Relocate Start 0.008ms
[15.840s][info][gc,phases   ] GC(58) Concurrent Relocate 7.458ms
[15.840s][info][gc,load     ] GC(58) Load: 0.00/0.00/0.00
[15.840s][info][gc,mmu      ] GC(58) MMU: 2ms/95.9%, 5ms/98.4%, 10ms/99.2%, 20ms/99.6%, 50ms/99.8%, 100ms/99.9%
[15.840s][info][gc,marking  ] GC(58) Mark: 8 stripe(s), 4 proactive flush(es), 1 terminate flush(es), 0 completion(s), 0 continuation(s) 
[15.840s][info][gc,marking  ] GC(58) Mark Stack Usage: 32M
[15.840s][info][gc,nmethod  ] GC(58) NMethods: 7865 registered, 2496 unregistered
[15.841s][info][gc,metaspace] GC(58) Metaspace: 71M used, 71M committed, 1088M reserved
[15.841s][info][gc,ref      ] GC(58) Soft: 2430 encountered, 0 discovered, 0 enqueued
[15.841s][info][gc,ref      ] GC(58) Weak: 10463 encountered, 1358 discovered, 24 enqueued
[15.841s][info][gc,ref      ] GC(58) Final: 289 encountered, 22 discovered, 0 enqueued
[15.841s][info][gc,ref      ] GC(58) Phantom: 424 encountered, 338 discovered, 0 enqueued
[15.841s][info][gc,reloc    ] GC(58) Small Pages: 241 / 482M, Empty: 102M, Relocated: 10M, In-Place: 0
[15.841s][info][gc,reloc    ] GC(58) Medium Pages: 0 / 0M, Empty: 0M, Relocated: 0M, In-Place: 0
[15.841s][info][gc,reloc    ] GC(58) Large Pages: 0 / 0M, Empty: 0M, Relocated: 0M, In-Place: 0
[15.841s][info][gc,reloc    ] GC(58) Forwarding Usage: 3M
[15.841s][info][gc,heap     ] GC(58) Min Capacity: 8M(1%)
[15.841s][info][gc,heap     ] GC(58) Max Capacity: 1024M(100%)
[15.841s][info][gc,heap     ] GC(58) Soft Max Capacity: 1024M(100%)
[15.841s][info][gc,heap     ] GC(58)                Mark Start          Mark End        Relocate Start      Relocate End           High               Low         
[15.841s][info][gc,heap     ] GC(58)  Capacity:     1024M (100%)       1024M (100%)       1024M (100%)       1024M (100%)       1024M (100%)       1024M (100%)   
[15.841s][info][gc,heap     ] GC(58)      Free:      542M (53%)         446M (44%)         492M (48%)         776M (76%)         786M (77%)         410M (40%)    
[15.841s][info][gc,heap     ] GC(58)      Used:      482M (47%)         578M (56%)         532M (52%)         248M (24%)         614M (60%)         238M (23%)    
[15.841s][info][gc,heap     ] GC(58)      Live:         -                50M (5%)           50M (5%)           50M (5%)             -                  -          
[15.841s][info][gc,heap     ] GC(58) Allocated:         -                96M (9%)          152M (15%)         175M (17%)            -                  -          
[15.841s][info][gc,heap     ] GC(58)   Garbage:         -               431M (42%)         329M (32%)          22M (2%)             -                  -          
[15.841s][info][gc,heap     ] GC(58) Reclaimed:         -                  -               102M (10%)         409M (40%)            -                  -          
[15.841s][info][gc          ] GC(58) Garbage Collection (Allocation Rate) 482M(47%)->248M(24%)
[15.896s][info][gc,start    ] GC(59) Garbage Collection (Allocation Rate)
[15.897s][info][gc,task     ] GC(59) Using 10 workers
[15.897s][info][gc,phases   ] GC(59) Pause Mark Start 0.010ms
[15.919s][info][gc,phases   ] GC(59) Concurrent Mark 22.256ms
[15.919s][info][gc,phases   ] GC(59) Pause Mark End 0.026ms
[15.920s][info][gc,phases   ] GC(59) Concurrent Mark Free 0.001ms
[15.924s][info][gc,phases   ] GC(59) Concurrent Process Non-Strong References 3.876ms
[15.924s][info][gc,phases   ] GC(59) Concurrent Reset Relocation Set 0.062ms
[15.931s][info][gc,phases   ] GC(59) Concurrent Select Relocation Set 6.883ms
[15.931s][info][gc,phases   ] GC(59) Pause Relocate Start 0.008ms
[15.936s][info][gc,phases   ] GC(59) Concurrent Relocate 4.285ms
[15.936s][info][gc,load     ] GC(59) Load: 0.00/0.00/0.00
[15.936s][info][gc,mmu      ] GC(59) MMU: 2ms/95.9%, 5ms/98.4%, 10ms/99.2%, 20ms/99.6%, 50ms/99.8%, 100ms/99.9%
[15.936s][info][gc,marking  ] GC(59) Mark: 8 stripe(s), 2 proactive flush(es), 1 terminate flush(es), 0 completion(s), 0 continuation(s) 
[15.936s][info][gc,marking  ] GC(59) Mark Stack Usage: 32M
[15.936s][info][gc,nmethod  ] GC(59) NMethods: 7884 registered, 2510 unregistered
[15.936s][info][gc,metaspace] GC(59) Metaspace: 71M used, 71M committed, 1088M reserved
[15.936s][info][gc,ref      ] GC(59) Soft: 2430 encountered, 0 discovered, 0 enqueued
[15.936s][info][gc,ref      ] GC(59) Weak: 10401 encountered, 1250 discovered, 16 enqueued
[15.936s][info][gc,ref      ] GC(59) Final: 289 encountered, 19 discovered, 0 enqueued
[15.936s][info][gc,ref      ] GC(59) Phantom: 424 encountered, 363 discovered, 0 enqueued
[15.936s][info][gc,reloc    ] GC(59) Small Pages: 247 / 494M, Empty: 232M, Relocated: 8M, In-Place: 0
[15.936s][info][gc,reloc    ] GC(59) Medium Pages: 0 / 0M, Empty: 0M, Relocated: 0M, In-Place: 0
[15.936s][info][gc,reloc    ] GC(59) Large Pages: 0 / 0M, Empty: 0M, Relocated: 0M, In-Place: 0
[15.936s][info][gc,reloc    ] GC(59) Forwarding Usage: 2M
[15.936s][info][gc,heap     ] GC(59) Min Capacity: 8M(1%)
[15.936s][info][gc,heap     ] GC(59) Max Capacity: 1024M(100%)
[15.936s][info][gc,heap     ] GC(59) Soft Max Capacity: 1024M(100%)
[15.936s][info][gc,heap     ] GC(59)                Mark Start          Mark End        Relocate Start      Relocate End           High               Low         
[15.936s][info][gc,heap     ] GC(59)  Capacity:     1024M (100%)       1024M (100%)       1024M (100%)       1024M (100%)       1024M (100%)       1024M (100%)   
[15.936s][info][gc,heap     ] GC(59)      Free:      530M (52%)         438M (43%)         622M (61%)         802M (78%)         804M (79%)         422M (41%)    
[15.936s][info][gc,heap     ] GC(59)      Used:      494M (48%)         586M (57%)         402M (39%)         222M (22%)         602M (59%)         220M (21%)    
[15.936s][info][gc,heap     ] GC(59)      Live:         -                50M (5%)           50M (5%)           50M (5%)             -                  -          
[15.936s][info][gc,heap     ] GC(59) Allocated:         -                92M (9%)          140M (14%)         149M (15%)            -                  -          
[15.936s][info][gc,heap     ] GC(59)   Garbage:         -               443M (43%)         211M (21%)          22M (2%)             -                  -          
[15.936s][info][gc,heap     ] GC(59) Reclaimed:         -                  -               232M (23%)         421M (41%)            -                  -          
[15.936s][info][gc          ] GC(59) Garbage Collection (Allocation Rate) 494M(48%)->222M(22%)
[15.996s][info][gc,start    ] GC(60) Garbage Collection (Allocation Rate)
[15.996s][info][gc,task     ] GC(60) Using 10 workers
[15.996s][info][gc,phases   ] GC(60) Pause Mark Start 0.010ms
[16.018s][info][gc,phases   ] GC(60) Concurrent Mark 21.283ms
[16.018s][info][gc,phases   ] GC(60) Pause Mark End 0.023ms
[16.018s][info][gc,phases   ] GC(60) Concurrent Mark Free 0.001ms
[16.021s][info][gc,phases   ] GC(60) Concurrent Process Non-Strong References 3.293ms
[16.021s][info][gc,phases   ] GC(60) Concurrent Reset Relocation Set 0.027ms
[16.028s][info][gc,phases   ] GC(60) Concurrent Select Relocation Set 6.604ms
[16.028s][info][gc,phases   ] GC(60) Pause Relocate Start 0.008ms
[16.032s][info][gc,phases   ] GC(60) Concurrent Relocate 3.813ms
[16.032s][info][gc,load     ] GC(60) Load: 0.00/0.00/0.00
[16.032s][info][gc,mmu      ] GC(60) MMU: 2ms/95.9%, 5ms/98.4%, 10ms/99.2%, 20ms/99.6%, 50ms/99.8%, 100ms/99.9%
[16.032s][info][gc,marking  ] GC(60) Mark: 8 stripe(s), 3 proactive flush(es), 1 terminate flush(es), 0 completion(s), 0 continuation(s) 
[16.032s][info][gc,marking  ] GC(60) Mark Stack Usage: 32M
[16.032s][info][gc,nmethod  ] GC(60) NMethods: 7886 registered, 2513 unregistered
[16.032s][info][gc,metaspace] GC(60) Metaspace: 71M used, 71M committed, 1088M reserved
[16.032s][info][gc,ref      ] GC(60) Soft: 2430 encountered, 0 discovered, 0 enqueued
[16.032s][info][gc,ref      ] GC(60) Weak: 10385 encountered, 1587 discovered, 0 enqueued
[16.032s][info][gc,ref      ] GC(60) Final: 289 encountered, 49 discovered, 0 enqueued
[16.032s][info][gc,ref      ] GC(60) Phantom: 424 encountered, 371 discovered, 0 enqueued
[16.032s][info][gc,reloc    ] GC(60) Small Pages: 243 / 486M, Empty: 246M, Relocated: 8M, In-Place: 0
[16.032s][info][gc,reloc    ] GC(60) Medium Pages: 0 / 0M, Empty: 0M, Relocated: 0M, In-Place: 0
[16.032s][info][gc,reloc    ] GC(60) Large Pages: 0 / 0M, Empty: 0M, Relocated: 0M, In-Place: 0
[16.032s][info][gc,reloc    ] GC(60) Forwarding Usage: 2M
[16.032s][info][gc,heap     ] GC(60) Min Capacity: 8M(1%)
[16.032s][info][gc,heap     ] GC(60) Max Capacity: 1024M(100%)
[16.032s][info][gc,heap     ] GC(60) Soft Max Capacity: 1024M(100%)
[16.032s][info][gc,heap     ] GC(60)                Mark Start          Mark End        Relocate Start      Relocate End           High               Low         
[16.033s][info][gc,heap     ] GC(60)  Capacity:     1024M (100%)       1024M (100%)       1024M (100%)       1024M (100%)       1024M (100%)       1024M (100%)   
[16.033s][info][gc,heap     ] GC(60)      Free:      538M (53%)         442M (43%)         640M (63%)         796M (78%)         798M (78%)         424M (41%)    
[16.033s][info][gc,heap     ] GC(60)      Used:      486M (47%)         582M (57%)         384M (38%)         228M (22%)         600M (59%)         226M (22%)    
[16.033s][info][gc,heap     ] GC(60)      Live:         -                50M (5%)           50M (5%)           50M (5%)             -                  -          
[16.033s][info][gc,heap     ] GC(60) Allocated:         -                96M (9%)          144M (14%)         155M (15%)            -                  -          
[16.033s][info][gc,heap     ] GC(60)   Garbage:         -               435M (43%)         189M (19%)          22M (2%)             -                  -          
[16.033s][info][gc,heap     ] GC(60) Reclaimed:         -                  -               246M (24%)         413M (40%)            -                  -          
[16.033s][info][gc          ] GC(60) Garbage Collection (Allocation Rate) 486M(47%)->228M(22%)
[16.096s][info][gc,start    ] GC(61) Garbage Collection (Allocation Rate)
[16.096s][info][gc,task     ] GC(61) Using 10 workers
[16.096s][info][gc,phases   ] GC(61) Pause Mark Start 0.010ms
[16.118s][info][gc,phases   ] GC(61) Concurrent Mark 21.611ms
[16.118s][info][gc,phases   ] GC(61) Pause Mark End 0.021ms
[16.118s][info][gc,phases   ] GC(61) Concurrent Mark Free 0.001ms
[16.122s][info][gc,phases   ] GC(61) Concurrent Process Non-Strong References 3.102ms
[16.122s][info][gc,phases   ] GC(61) Concurrent Reset Relocation Set 0.022ms
[16.130s][info][gc,phases   ] GC(61) Concurrent Select Relocation Set 8.078ms
[16.130s][info][gc,phases   ] GC(61) Pause Relocate Start 0.009ms
[16.135s][info][gc,phases   ] GC(61) Concurrent Relocate 4.280ms
[16.135s][info][gc,load     ] GC(61) Load: 0.00/0.00/0.00
[16.135s][info][gc,mmu      ] GC(61) MMU: 2ms/95.9%, 5ms/98.4%, 10ms/99.2%, 20ms/99.6%, 50ms/99.8%, 100ms/99.9%
[16.135s][info][gc,marking  ] GC(61) Mark: 8 stripe(s), 3 proactive flush(es), 1 terminate flush(es), 0 completion(s), 0 continuation(s) 
[16.135s][info][gc,marking  ] GC(61) Mark Stack Usage: 32M
[16.135s][info][gc,nmethod  ] GC(61) NMethods: 7911 registered, 2514 unregistered
[16.135s][info][gc,metaspace] GC(61) Metaspace: 71M used, 71M committed, 1088M reserved
[16.135s][info][gc,ref      ] GC(61) Soft: 2430 encountered, 0 discovered, 0 enqueued
[16.135s][info][gc,ref      ] GC(61) Weak: 10361 encountered, 1391 discovered, 6 enqueued
[16.135s][info][gc,ref      ] GC(61) Final: 289 encountered, 18 discovered, 0 enqueued
[16.135s][info][gc,ref      ] GC(61) Phantom: 424 encountered, 335 discovered, 0 enqueued
[16.135s][info][gc,reloc    ] GC(61) Small Pages: 274 / 548M, Empty: 318M, Relocated: 8M, In-Place: 0
[16.135s][info][gc,reloc    ] GC(61) Medium Pages: 0 / 0M, Empty: 0M, Relocated: 0M, In-Place: 0
[16.135s][info][gc,reloc    ] GC(61) Large Pages: 0 / 0M, Empty: 0M, Relocated: 0M, In-Place: 0
[16.135s][info][gc,reloc    ] GC(61) Forwarding Usage: 2M
[16.135s][info][gc,heap     ] GC(61) Min Capacity: 8M(1%)
[16.135s][info][gc,heap     ] GC(61) Max Capacity: 1024M(100%)
[16.135s][info][gc,heap     ] GC(61) Soft Max Capacity: 1024M(100%)
[16.135s][info][gc,heap     ] GC(61)                Mark Start          Mark End        Relocate Start      Relocate End           High               Low         
[16.135s][info][gc,heap     ] GC(61)  Capacity:     1024M (100%)       1024M (100%)       1024M (100%)       1024M (100%)       1024M (100%)       1024M (100%)   
[16.135s][info][gc,heap     ] GC(61)      Free:      476M (46%)         380M (37%)         646M (63%)         790M (77%)         794M (78%)         364M (36%)    
[16.135s][info][gc,heap     ] GC(61)      Used:      548M (54%)         644M (63%)         378M (37%)         234M (23%)         660M (64%)         230M (22%)    
[16.135s][info][gc,heap     ] GC(61)      Live:         -                50M (5%)           50M (5%)           50M (5%)             -                  -          
[16.135s][info][gc,heap     ] GC(61) Allocated:         -                96M (9%)          148M (14%)         161M (16%)            -                  -          
[16.135s][info][gc,heap     ] GC(61)   Garbage:         -               497M (49%)         179M (18%)          22M (2%)             -                  -          
[16.135s][info][gc,heap     ] GC(61) Reclaimed:         -                  -               318M (31%)         475M (46%)            -                  -          
[16.135s][info][gc          ] GC(61) Garbage Collection (Allocation Rate) 548M(54%)->234M(23%)
[16.196s][info][gc,start    ] GC(62) Garbage Collection (Allocation Rate)
[16.196s][info][gc,task     ] GC(62) Using 10 workers
[16.196s][info][gc,phases   ] GC(62) Pause Mark Start 0.013ms
[16.218s][info][gc,phases   ] GC(62) Concurrent Mark 21.729ms
[16.218s][info][gc,phases   ] GC(62) Pause Mark End 0.023ms
[16.219s][info][gc,phases   ] GC(62) Concurrent Mark Free 0.001ms
[16.222s][info][gc,phases   ] GC(62) Concurrent Process Non-Strong References 3.382ms
[16.222s][info][gc,phases   ] GC(62) Concurrent Reset Relocation Set 0.021ms
[16.231s][info][gc,phases   ] GC(62) Concurrent Select Relocation Set 8.496ms
[16.231s][info][gc,phases   ] GC(62) Pause Relocate Start 0.008ms
[16.238s][info][gc,phases   ] GC(62) Concurrent Relocate 7.341ms
[16.238s][info][gc,load     ] GC(62) Load: 0.00/0.00/0.00
[16.238s][info][gc,mmu      ] GC(62) MMU: 2ms/95.9%, 5ms/98.4%, 10ms/99.2%, 20ms/99.6%, 50ms/99.8%, 100ms/99.9%
[16.238s][info][gc,marking  ] GC(62) Mark: 8 stripe(s), 3 proactive flush(es), 1 terminate flush(es), 0 completion(s), 0 continuation(s) 
[16.238s][info][gc,marking  ] GC(62) Mark Stack Usage: 32M
[16.238s][info][gc,nmethod  ] GC(62) NMethods: 7915 registered, 2518 unregistered
[16.238s][info][gc,metaspace] GC(62) Metaspace: 71M used, 71M committed, 1088M reserved
[16.239s][info][gc,ref      ] GC(62) Soft: 2430 encountered, 0 discovered, 0 enqueued
[16.239s][info][gc,ref      ] GC(62) Weak: 10255 encountered, 1430 discovered, 25 enqueued
[16.239s][info][gc,ref      ] GC(62) Final: 289 encountered, 26 discovered, 0 enqueued
[16.239s][info][gc,ref      ] GC(62) Phantom: 424 encountered, 218 discovered, 0 enqueued
[16.239s][info][gc,reloc    ] GC(62) Small Pages: 266 / 532M, Empty: 270M, Relocated: 8M, In-Place: 0
[16.239s][info][gc,reloc    ] GC(62) Medium Pages: 0 / 0M, Empty: 0M, Relocated: 0M, In-Place: 0
[16.239s][info][gc,reloc    ] GC(62) Large Pages: 0 / 0M, Empty: 0M, Relocated: 0M, In-Place: 0
[16.239s][info][gc,reloc    ] GC(62) Forwarding Usage: 2M
[16.239s][info][gc,heap     ] GC(62) Min Capacity: 8M(1%)
[16.239s][info][gc,heap     ] GC(62) Max Capacity: 1024M(100%)
[16.239s][info][gc,heap     ] GC(62) Soft Max Capacity: 1024M(100%)
[16.239s][info][gc,heap     ] GC(62)                Mark Start          Mark End        Relocate Start      Relocate End           High               Low         
[16.239s][info][gc,heap     ] GC(62)  Capacity:     1024M (100%)       1024M (100%)       1024M (100%)       1024M (100%)       1024M (100%)       1024M (100%)   
[16.239s][info][gc,heap     ] GC(62)      Free:      492M (48%)         392M (38%)         612M (60%)         772M (75%)         790M (77%)         378M (37%)    
[16.239s][info][gc,heap     ] GC(62)      Used:      532M (52%)         632M (62%)         412M (40%)         252M (25%)         646M (63%)         234M (23%)    
[16.239s][info][gc,heap     ] GC(62)      Live:         -                49M (5%)           49M (5%)           49M (5%)             -                  -          
[16.239s][info][gc,heap     ] GC(62) Allocated:         -               100M (10%)         150M (15%)         179M (18%)            -                  -          
[16.239s][info][gc,heap     ] GC(62)   Garbage:         -               482M (47%)         212M (21%)          22M (2%)             -                  -          
[16.239s][info][gc,heap     ] GC(62) Reclaimed:         -                  -               270M (26%)         459M (45%)            -                  -          
[16.239s][info][gc          ] GC(62) Garbage Collection (Allocation Rate) 532M(52%)->252M(25%)
[16.296s][info][gc,start    ] GC(63) Garbage Collection (Allocation Rate)
[16.296s][info][gc,task     ] GC(63) Using 10 workers
[16.296s][info][gc,phases   ] GC(63) Pause Mark Start 0.009ms
[16.323s][info][gc,phases   ] GC(63) Concurrent Mark 26.588ms
[16.323s][info][gc,phases   ] GC(63) Pause Mark End 0.019ms
[16.323s][info][gc,phases   ] GC(63) Concurrent Mark Free 0.001ms
[16.327s][info][gc,phases   ] GC(63) Concurrent Process Non-Strong References 3.430ms
[16.327s][info][gc,phases   ] GC(63) Concurrent Reset Relocation Set 0.026ms
[16.332s][info][gc,phases   ] GC(63) Concurrent Select Relocation Set 4.861ms
[16.332s][info][gc,phases   ] GC(63) Pause Relocate Start 0.007ms
[16.337s][info][gc,phases   ] GC(63) Concurrent Relocate 4.752ms
[16.337s][info][gc,load     ] GC(63) Load: 0.00/0.00/0.00
[16.337s][info][gc,mmu      ] GC(63) MMU: 2ms/95.9%, 5ms/98.4%, 10ms/99.2%, 20ms/99.6%, 50ms/99.8%, 100ms/99.9%
[16.337s][info][gc,marking  ] GC(63) Mark: 8 stripe(s), 6 proactive flush(es), 1 terminate flush(es), 0 completion(s), 0 continuation(s) 
[16.337s][info][gc,marking  ] GC(63) Mark Stack Usage: 32M
[16.337s][info][gc,nmethod  ] GC(63) NMethods: 7918 registered, 2520 unregistered
[16.337s][info][gc,metaspace] GC(63) Metaspace: 71M used, 71M committed, 1088M reserved
[16.337s][info][gc,ref      ] GC(63) Soft: 2430 encountered, 0 discovered, 0 enqueued
[16.337s][info][gc,ref      ] GC(63) Weak: 10230 encountered, 2020 discovered, 0 enqueued
[16.337s][info][gc,ref      ] GC(63) Final: 289 encountered, 32 discovered, 0 enqueued
[16.337s][info][gc,ref      ] GC(63) Phantom: 424 encountered, 367 discovered, 0 enqueued
[16.337s][info][gc,reloc    ] GC(63) Small Pages: 267 / 534M, Empty: 318M, Relocated: 6M, In-Place: 0
[16.337s][info][gc,reloc    ] GC(63) Medium Pages: 0 / 0M, Empty: 0M, Relocated: 0M, In-Place: 0
[16.337s][info][gc,reloc    ] GC(63) Large Pages: 0 / 0M, Empty: 0M, Relocated: 0M, In-Place: 0
[16.337s][info][gc,reloc    ] GC(63) Forwarding Usage: 2M
[16.337s][info][gc,heap     ] GC(63) Min Capacity: 8M(1%)
[16.337s][info][gc,heap     ] GC(63) Max Capacity: 1024M(100%)
[16.337s][info][gc,heap     ] GC(63) Soft Max Capacity: 1024M(100%)
[16.337s][info][gc,heap     ] GC(63)                Mark Start          Mark End        Relocate Start      Relocate End           High               Low         
[16.337s][info][gc,heap     ] GC(63)  Capacity:     1024M (100%)       1024M (100%)       1024M (100%)       1024M (100%)       1024M (100%)       1024M (100%)   
[16.337s][info][gc,heap     ] GC(63)      Free:      490M (48%)         372M (36%)         650M (63%)         776M (76%)         778M (76%)         350M (34%)    
[16.337s][info][gc,heap     ] GC(63)      Used:      534M (52%)         652M (64%)         374M (37%)         248M (24%)         674M (66%)         246M (24%)    
[16.337s][info][gc,heap     ] GC(63)      Live:         -                49M (5%)           49M (5%)           49M (5%)             -                  -          
[16.337s][info][gc,heap     ] GC(63) Allocated:         -               118M (12%)         158M (15%)         173M (17%)            -                  -          
[16.337s][info][gc,heap     ] GC(63)   Garbage:         -               484M (47%)         166M (16%)          24M (2%)             -                  -          
[16.337s][info][gc,heap     ] GC(63) Reclaimed:         -                  -               318M (31%)         459M (45%)            -                  -          
[16.337s][info][gc          ] GC(63) Garbage Collection (Allocation Rate) 534M(52%)->248M(24%)
[16.396s][info][gc,start    ] GC(64) Garbage Collection (Allocation Rate)
[16.396s][info][gc,task     ] GC(64) Using 10 workers
[16.396s][info][gc,phases   ] GC(64) Pause Mark Start 0.012ms
[16.416s][info][gc,phases   ] GC(64) Concurrent Mark 20.133ms
[16.416s][info][gc,phases   ] GC(64) Pause Mark End 0.024ms
[16.416s][info][gc,phases   ] GC(64) Concurrent Mark Free 0.001ms
[16.420s][info][gc,phases   ] GC(64) Concurrent Process Non-Strong References 3.303ms
[16.420s][info][gc,phases   ] GC(64) Concurrent Reset Relocation Set 0.019ms
[16.424s][info][gc,phases   ] GC(64) Concurrent Select Relocation Set 4.537ms
[16.425s][info][gc,phases   ] GC(64) Pause Relocate Start 0.008ms
[16.428s][info][gc,phases   ] GC(64) Concurrent Relocate 3.654ms
[16.428s][info][gc,load     ] GC(64) Load: 0.00/0.00/0.00
[16.428s][info][gc,mmu      ] GC(64) MMU: 2ms/95.9%, 5ms/98.4%, 10ms/99.2%, 20ms/99.6%, 50ms/99.8%, 100ms/99.9%
[16.428s][info][gc,marking  ] GC(64) Mark: 8 stripe(s), 2 proactive flush(es), 1 terminate flush(es), 0 completion(s), 0 continuation(s) 
[16.428s][info][gc,marking  ] GC(64) Mark Stack Usage: 32M
[16.429s][info][gc,nmethod  ] GC(64) NMethods: 7920 registered, 2522 unregistered
[16.429s][info][gc,metaspace] GC(64) Metaspace: 71M used, 71M committed, 1088M reserved
[16.429s][info][gc,ref      ] GC(64) Soft: 2430 encountered, 0 discovered, 0 enqueued
[16.429s][info][gc,ref      ] GC(64) Weak: 10181 encountered, 2180 discovered, 13 enqueued
[16.429s][info][gc,ref      ] GC(64) Final: 289 encountered, 8 discovered, 0 enqueued
[16.429s][info][gc,ref      ] GC(64) Phantom: 424 encountered, 307 discovered, 0 enqueued
[16.429s][info][gc,reloc    ] GC(64) Small Pages: 265 / 530M, Empty: 300M, Relocated: 6M, In-Place: 0
[16.429s][info][gc,reloc    ] GC(64) Medium Pages: 0 / 0M, Empty: 0M, Relocated: 0M, In-Place: 0
[16.429s][info][gc,reloc    ] GC(64) Large Pages: 0 / 0M, Empty: 0M, Relocated: 0M, In-Place: 0
[16.429s][info][gc,reloc    ] GC(64) Forwarding Usage: 2M
[16.429s][info][gc,heap     ] GC(64) Min Capacity: 8M(1%)
[16.429s][info][gc,heap     ] GC(64) Max Capacity: 1024M(100%)
[16.429s][info][gc,heap     ] GC(64) Soft Max Capacity: 1024M(100%)
[16.429s][info][gc,heap     ] GC(64)                Mark Start          Mark End        Relocate Start      Relocate End           High               Low         
[16.429s][info][gc,heap     ] GC(64)  Capacity:     1024M (100%)       1024M (100%)       1024M (100%)       1024M (100%)       1024M (100%)       1024M (100%)   
[16.429s][info][gc,heap     ] GC(64)      Free:      494M (48%)         404M (39%)         666M (65%)         812M (79%)         812M (79%)         388M (38%)    
[16.429s][info][gc,heap     ] GC(64)      Used:      530M (52%)         620M (61%)         358M (35%)         212M (21%)         636M (62%)         212M (21%)    
[16.429s][info][gc,heap     ] GC(64)      Live:         -                49M (5%)           49M (5%)           49M (5%)             -                  -          
[16.429s][info][gc,heap     ] GC(64) Allocated:         -                90M (9%)          128M (13%)         137M (13%)            -                  -          
[16.429s][info][gc,heap     ] GC(64)   Garbage:         -               480M (47%)         180M (18%)          24M (2%)             -                  -          
[16.429s][info][gc,heap     ] GC(64) Reclaimed:         -                  -               300M (29%)         455M (44%)            -                  -          
[16.429s][info][gc          ] GC(64) Garbage Collection (Allocation Rate) 530M(52%)->212M(21%)
[16.496s][info][gc,start    ] GC(65) Garbage Collection (Allocation Rate)
[16.496s][info][gc,task     ] GC(65) Using 10 workers
[16.496s][info][gc,phases   ] GC(65) Pause Mark Start 0.010ms
[16.520s][info][gc,phases   ] GC(65) Concurrent Mark 24.213ms
[16.521s][info][gc,phases   ] GC(65) Pause Mark End 0.024ms
[16.521s][info][gc,phases   ] GC(65) Concurrent Mark Free 0.001ms
[16.524s][info][gc,phases   ] GC(65) Concurrent Process Non-Strong References 3.508ms
[16.524s][info][gc,phases   ] GC(65) Concurrent Reset Relocation Set 0.028ms
[16.534s][info][gc,phases   ] GC(65) Concurrent Select Relocation Set 9.635ms
[16.534s][info][gc,phases   ] GC(65) Pause Relocate Start 0.008ms
[16.538s][info][gc,phases   ] GC(65) Concurrent Relocate 3.517ms
[16.538s][info][gc,load     ] GC(65) Load: 0.00/0.00/0.00
[16.538s][info][gc,mmu      ] GC(65) MMU: 2ms/95.9%, 5ms/98.4%, 10ms/99.2%, 20ms/99.6%, 50ms/99.8%, 100ms/99.9%
[16.538s][info][gc,marking  ] GC(65) Mark: 8 stripe(s), 2 proactive flush(es), 1 terminate flush(es), 0 completion(s), 0 continuation(s) 
[16.538s][info][gc,marking  ] GC(65) Mark Stack Usage: 32M
[16.538s][info][gc,nmethod  ] GC(65) NMethods: 7925 registered, 2522 unregistered
[16.538s][info][gc,metaspace] GC(65) Metaspace: 71M used, 71M committed, 1088M reserved
[16.538s][info][gc,ref      ] GC(65) Soft: 2430 encountered, 0 discovered, 0 enqueued
[16.538s][info][gc,ref      ] GC(65) Weak: 10168 encountered, 1521 discovered, 0 enqueued
[16.538s][info][gc,ref      ] GC(65) Final: 289 encountered, 74 discovered, 0 enqueued
[16.538s][info][gc,ref      ] GC(65) Phantom: 424 encountered, 238 discovered, 0 enqueued
[16.538s][info][gc,reloc    ] GC(65) Small Pages: 265 / 530M, Empty: 340M, Relocated: 6M, In-Place: 0
[16.538s][info][gc,reloc    ] GC(65) Medium Pages: 0 / 0M, Empty: 0M, Relocated: 0M, In-Place: 0
[16.538s][info][gc,reloc    ] GC(65) Large Pages: 0 / 0M, Empty: 0M, Relocated: 0M, In-Place: 0
[16.538s][info][gc,reloc    ] GC(65) Forwarding Usage: 2M
[16.538s][info][gc,heap     ] GC(65) Min Capacity: 8M(1%)
[16.538s][info][gc,heap     ] GC(65) Max Capacity: 1024M(100%)
[16.538s][info][gc,heap     ] GC(65) Soft Max Capacity: 1024M(100%)
[16.538s][info][gc,heap     ] GC(65)                Mark Start          Mark End        Relocate Start      Relocate End           High               Low         
[16.538s][info][gc,heap     ] GC(65)  Capacity:     1024M (100%)       1024M (100%)       1024M (100%)       1024M (100%)       1024M (100%)       1024M (100%)   
[16.538s][info][gc,heap     ] GC(65)      Free:      494M (48%)         384M (38%)         666M (65%)         772M (75%)         772M (75%)         362M (35%)    
[16.538s][info][gc,heap     ] GC(65)      Used:      530M (52%)         640M (63%)         358M (35%)         252M (25%)         662M (65%)         252M (25%)    
[16.538s][info][gc,heap     ] GC(65)      Live:         -                49M (5%)           49M (5%)           49M (5%)             -                  -          
[16.538s][info][gc,heap     ] GC(65) Allocated:         -               110M (11%)         168M (16%)         177M (17%)            -                  -          
[16.538s][info][gc,heap     ] GC(65)   Garbage:         -               480M (47%)         140M (14%)          24M (2%)             -                  -          
[16.538s][info][gc,heap     ] GC(65) Reclaimed:         -                  -               340M (33%)         455M (44%)            -                  -          
[16.538s][info][gc          ] GC(65) Garbage Collection (Allocation Rate) 530M(52%)->252M(25%)
[16.599s][info][gc,start    ] GC(66) Garbage Collection (Allocation Rate)
[16.599s][info][gc,task     ] GC(66) Using 10 workers
[16.599s][info][gc,phases   ] GC(66) Pause Mark Start 0.009ms
[16.624s][info][gc,phases   ] GC(66) Concurrent Mark 25.395ms
[16.624s][info][gc,phases   ] GC(66) Pause Mark End 0.029ms
[16.625s][info][gc,phases   ] GC(66) Concurrent Mark Free 0.001ms
[16.628s][info][gc,phases   ] GC(66) Concurrent Process Non-Strong References 3.688ms
[16.628s][info][gc,phases   ] GC(66) Concurrent Reset Relocation Set 0.017ms
[16.634s][info][gc,phases   ] GC(66) Concurrent Select Relocation Set 5.799ms
[16.634s][info][gc,phases   ] GC(66) Pause Relocate Start 0.007ms
[16.638s][info][gc,phases   ] GC(66) Concurrent Relocate 3.367ms
[16.638s][info][gc,load     ] GC(66) Load: 0.00/0.00/0.00
[16.638s][info][gc,mmu      ] GC(66) MMU: 2ms/95.9%, 5ms/98.4%, 10ms/99.2%, 20ms/99.6%, 50ms/99.8%, 100ms/99.9%
[16.638s][info][gc,marking  ] GC(66) Mark: 8 stripe(s), 2 proactive flush(es), 1 terminate flush(es), 0 completion(s), 0 continuation(s) 
[16.638s][info][gc,marking  ] GC(66) Mark Stack Usage: 32M
[16.638s][info][gc,nmethod  ] GC(66) NMethods: 7939 registered, 2526 unregistered
[16.638s][info][gc,metaspace] GC(66) Metaspace: 71M used, 71M committed, 1088M reserved
[16.638s][info][gc,ref      ] GC(66) Soft: 2430 encountered, 0 discovered, 0 enqueued
[16.638s][info][gc,ref      ] GC(66) Weak: 10094 encountered, 1771 discovered, 19 enqueued
[16.638s][info][gc,ref      ] GC(66) Final: 289 encountered, 8 discovered, 0 enqueued
[16.638s][info][gc,ref      ] GC(66) Phantom: 424 encountered, 305 discovered, 0 enqueued
[16.638s][info][gc,reloc    ] GC(66) Small Pages: 262 / 524M, Empty: 288M, Relocated: 6M, In-Place: 0
[16.638s][info][gc,reloc    ] GC(66) Medium Pages: 0 / 0M, Empty: 0M, Relocated: 0M, In-Place: 0
[16.638s][info][gc,reloc    ] GC(66) Large Pages: 0 / 0M, Empty: 0M, Relocated: 0M, In-Place: 0
[16.638s][info][gc,reloc    ] GC(66) Forwarding Usage: 2M
[16.638s][info][gc,heap     ] GC(66) Min Capacity: 8M(1%)
[16.638s][info][gc,heap     ] GC(66) Max Capacity: 1024M(100%)
[16.638s][info][gc,heap     ] GC(66) Soft Max Capacity: 1024M(100%)
[16.638s][info][gc,heap     ] GC(66)                Mark Start          Mark End        Relocate Start      Relocate End           High               Low         
[16.638s][info][gc,heap     ] GC(66)  Capacity:     1024M (100%)       1024M (100%)       1024M (100%)       1024M (100%)       1024M (100%)       1024M (100%)   
[16.638s][info][gc,heap     ] GC(66)      Free:      500M (49%)         396M (39%)         636M (62%)         794M (78%)         794M (78%)         376M (37%)    
[16.638s][info][gc,heap     ] GC(66)      Used:      524M (51%)         628M (61%)         388M (38%)         230M (22%)         648M (63%)         230M (22%)    
[16.638s][info][gc,heap     ] GC(66)      Live:         -                49M (5%)           49M (5%)           49M (5%)             -                  -          
[16.638s][info][gc,heap     ] GC(66) Allocated:         -               104M (10%)         152M (15%)         155M (15%)            -                  -          
[16.638s][info][gc,heap     ] GC(66)   Garbage:         -               474M (46%)         186M (18%)          25M (2%)             -                  -          
[16.638s][info][gc,heap     ] GC(66) Reclaimed:         -                  -               288M (28%)         449M (44%)            -                  -          
[16.638s][info][gc          ] GC(66) Garbage Collection (Allocation Rate) 524M(51%)->230M(22%)
[16.704s][info][gc,start    ] GC(67) Garbage Collection (Allocation Rate)
[16.704s][info][gc,task     ] GC(67) Using 10 workers
[16.704s][info][gc,phases   ] GC(67) Pause Mark Start 0.009ms
[16.733s][info][gc,phases   ] GC(67) Concurrent Mark 28.878ms
[16.733s][info][gc,phases   ] GC(67) Pause Mark End 0.024ms
[16.733s][info][gc,phases   ] GC(67) Concurrent Mark Free 0.001ms
[16.737s][info][gc,phases   ] GC(67) Concurrent Process Non-Strong References 3.380ms
[16.737s][info][gc,phases   ] GC(67) Concurrent Reset Relocation Set 0.018ms
[16.741s][info][gc,phases   ] GC(67) Concurrent Select Relocation Set 4.334ms
[16.741s][info][gc,phases   ] GC(67) Pause Relocate Start 0.008ms
[16.745s][info][gc,phases   ] GC(67) Concurrent Relocate 3.834ms
[16.745s][info][gc,load     ] GC(67) Load: 0.00/0.00/0.00
[16.745s][info][gc,mmu      ] GC(67) MMU: 2ms/95.9%, 5ms/98.4%, 10ms/99.2%, 20ms/99.6%, 50ms/99.8%, 100ms/99.9%
[16.745s][info][gc,marking  ] GC(67) Mark: 8 stripe(s), 2 proactive flush(es), 1 terminate flush(es), 0 completion(s), 0 continuation(s) 
[16.745s][info][gc,marking  ] GC(67) Mark Stack Usage: 32M
[16.745s][info][gc,nmethod  ] GC(67) NMethods: 7961 registered, 2529 unregistered
[16.745s][info][gc,metaspace] GC(67) Metaspace: 71M used, 71M committed, 1088M reserved
[16.745s][info][gc,ref      ] GC(67) Soft: 2430 encountered, 0 discovered, 0 enqueued
[16.745s][info][gc,ref      ] GC(67) Weak: 9943 encountered, 1871 discovered, 30 enqueued
[16.745s][info][gc,ref      ] GC(67) Final: 289 encountered, 26 discovered, 0 enqueued
[16.745s][info][gc,ref      ] GC(67) Phantom: 424 encountered, 363 discovered, 0 enqueued
[16.745s][info][gc,reloc    ] GC(67) Small Pages: 255 / 510M, Empty: 284M, Relocated: 6M, In-Place: 0
[16.745s][info][gc,reloc    ] GC(67) Medium Pages: 0 / 0M, Empty: 0M, Relocated: 0M, In-Place: 0
[16.745s][info][gc,reloc    ] GC(67) Large Pages: 0 / 0M, Empty: 0M, Relocated: 0M, In-Place: 0
[16.745s][info][gc,reloc    ] GC(67) Forwarding Usage: 1M
[16.745s][info][gc,heap     ] GC(67) Min Capacity: 8M(1%)
[16.745s][info][gc,heap     ] GC(67) Max Capacity: 1024M(100%)
[16.745s][info][gc,heap     ] GC(67) Soft Max Capacity: 1024M(100%)
[16.745s][info][gc,heap     ] GC(67)                Mark Start          Mark End        Relocate Start      Relocate End           High               Low         
[16.745s][info][gc,heap     ] GC(67)  Capacity:     1024M (100%)       1024M (100%)       1024M (100%)       1024M (100%)       1024M (100%)       1024M (100%)   
[16.746s][info][gc,heap     ] GC(67)      Free:      514M (50%)         406M (40%)         658M (64%)         798M (78%)         804M (79%)         392M (38%)    
[16.746s][info][gc,heap     ] GC(67)      Used:      510M (50%)         618M (60%)         366M (36%)         226M (22%)         632M (62%)         220M (21%)    
[16.746s][info][gc,heap     ] GC(67)      Live:         -                49M (5%)           49M (5%)           49M (5%)             -                  -          
[16.746s][info][gc,heap     ] GC(67) Allocated:         -               108M (11%)         140M (14%)         151M (15%)            -                  -          
[16.746s][info][gc,heap     ] GC(67)   Garbage:         -               460M (45%)         176M (17%)          25M (2%)             -                  -          
[16.746s][info][gc,heap     ] GC(67) Reclaimed:         -                  -               284M (28%)         435M (43%)            -                  -          
[16.746s][info][gc          ] GC(67) Garbage Collection (Allocation Rate) 510M(50%)->226M(22%)
[16.796s][info][gc,start    ] GC(68) Garbage Collection (Allocation Rate)
[16.796s][info][gc,task     ] GC(68) Using 10 workers
[16.796s][info][gc,phases   ] GC(68) Pause Mark Start 0.011ms
[16.820s][info][gc,phases   ] GC(68) Concurrent Mark 24.305ms
[16.821s][info][gc,phases   ] GC(68) Pause Mark End 0.021ms
[16.821s][info][gc,phases   ] GC(68) Concurrent Mark Free 0.001ms
[16.824s][info][gc,phases   ] GC(68) Concurrent Process Non-Strong References 3.341ms
[16.824s][info][gc,phases   ] GC(68) Concurrent Reset Relocation Set 0.017ms
[16.829s][info][gc,phases   ] GC(68) Concurrent Select Relocation Set 4.980ms
[16.829s][info][gc,phases   ] GC(68) Pause Relocate Start 0.008ms
[16.833s][info][gc,phases   ] GC(68) Concurrent Relocate 3.408ms
[16.833s][info][gc,load     ] GC(68) Load: 0.00/0.00/0.00
[16.833s][info][gc,mmu      ] GC(68) MMU: 2ms/95.9%, 5ms/98.4%, 10ms/99.2%, 20ms/99.6%, 50ms/99.8%, 100ms/99.9%
[16.833s][info][gc,marking  ] GC(68) Mark: 8 stripe(s), 2 proactive flush(es), 1 terminate flush(es), 0 completion(s), 0 continuation(s) 
[16.833s][info][gc,marking  ] GC(68) Mark Stack Usage: 32M
[16.833s][info][gc,nmethod  ] GC(68) NMethods: 7962 registered, 2529 unregistered
[16.833s][info][gc,metaspace] GC(68) Metaspace: 71M used, 71M committed, 1088M reserved
[16.833s][info][gc,ref      ] GC(68) Soft: 2430 encountered, 0 discovered, 0 enqueued
[16.833s][info][gc,ref      ] GC(68) Weak: 9846 encountered, 1629 discovered, 19 enqueued
[16.833s][info][gc,ref      ] GC(68) Final: 289 encountered, 31 discovered, 0 enqueued
[16.833s][info][gc,ref      ] GC(68) Phantom: 424 encountered, 313 discovered, 0 enqueued
[16.833s][info][gc,reloc    ] GC(68) Small Pages: 204 / 408M, Empty: 192M, Relocated: 6M, In-Place: 0
[16.833s][info][gc,reloc    ] GC(68) Medium Pages: 0 / 0M, Empty: 0M, Relocated: 0M, In-Place: 0
[16.833s][info][gc,reloc    ] GC(68) Large Pages: 0 / 0M, Empty: 0M, Relocated: 0M, In-Place: 0
[16.833s][info][gc,reloc    ] GC(68) Forwarding Usage: 1M
[16.833s][info][gc,heap     ] GC(68) Min Capacity: 8M(1%)
[16.833s][info][gc,heap     ] GC(68) Max Capacity: 1024M(100%)
[16.833s][info][gc,heap     ] GC(68) Soft Max Capacity: 1024M(100%)
[16.833s][info][gc,heap     ] GC(68)                Mark Start          Mark End        Relocate Start      Relocate End           High               Low         
[16.833s][info][gc,heap     ] GC(68)  Capacity:     1024M (100%)       1024M (100%)       1024M (100%)       1024M (100%)       1024M (100%)       1024M (100%)   
[16.833s][info][gc,heap     ] GC(68)      Free:      616M (60%)         526M (51%)         696M (68%)         828M (81%)         830M (81%)         520M (51%)    
[16.833s][info][gc,heap     ] GC(68)      Used:      408M (40%)         498M (49%)         328M (32%)         196M (19%)         504M (49%)         194M (19%)    
[16.833s][info][gc,heap     ] GC(68)      Live:         -                48M (5%)           48M (5%)           48M (5%)             -                  -          
[16.833s][info][gc,heap     ] GC(68) Allocated:         -                90M (9%)          112M (11%)         121M (12%)            -                  -          
[16.833s][info][gc,heap     ] GC(68)   Garbage:         -               359M (35%)         167M (16%)          25M (2%)             -                  -          
[16.833s][info][gc,heap     ] GC(68) Reclaimed:         -                  -               192M (19%)         333M (33%)            -                  -          
[16.833s][info][gc          ] GC(68) Garbage Collection (Allocation Rate) 408M(40%)->196M(19%)
[16.904s][info][gc,start    ] GC(69) Garbage Collection (Allocation Rate)
[16.904s][info][gc,task     ] GC(69) Using 10 workers
[16.904s][info][gc,phases   ] GC(69) Pause Mark Start 0.014ms
[16.928s][info][gc,phases   ] GC(69) Concurrent Mark 23.644ms
[16.928s][info][gc,phases   ] GC(69) Pause Mark End 0.024ms
[16.928s][info][gc,phases   ] GC(69) Concurrent Mark Free 0.002ms
[16.931s][info][gc,phases   ] GC(69) Concurrent Process Non-Strong References 3.201ms
[16.931s][info][gc,phases   ] GC(69) Concurrent Reset Relocation Set 0.017ms
[16.935s][info][gc,phases   ] GC(69) Concurrent Select Relocation Set 4.136ms
[16.935s][info][gc,phases   ] GC(69) Pause Relocate Start 0.008ms
[16.938s][info][gc,phases   ] GC(69) Concurrent Relocate 2.518ms
[16.938s][info][gc,load     ] GC(69) Load: 0.00/0.00/0.00
[16.938s][info][gc,mmu      ] GC(69) MMU: 2ms/95.9%, 5ms/98.4%, 10ms/99.2%, 20ms/99.6%, 50ms/99.8%, 100ms/99.9%
[16.938s][info][gc,marking  ] GC(69) Mark: 8 stripe(s), 3 proactive flush(es), 1 terminate flush(es), 0 completion(s), 0 continuation(s) 
[16.938s][info][gc,marking  ] GC(69) Mark Stack Usage: 32M
[16.938s][info][gc,nmethod  ] GC(69) NMethods: 7971 registered, 2536 unregistered
[16.938s][info][gc,metaspace] GC(69) Metaspace: 71M used, 71M committed, 1088M reserved
[16.938s][info][gc,ref      ] GC(69) Soft: 2430 encountered, 0 discovered, 0 enqueued
[16.938s][info][gc,ref      ] GC(69) Weak: 9803 encountered, 1015 discovered, 7 enqueued
[16.938s][info][gc,ref      ] GC(69) Final: 289 encountered, 25 discovered, 0 enqueued
[16.938s][info][gc,ref      ] GC(69) Phantom: 424 encountered, 286 discovered, 0 enqueued
[16.938s][info][gc,reloc    ] GC(69) Small Pages: 220 / 440M, Empty: 262M, Relocated: 6M, In-Place: 0
[16.938s][info][gc,reloc    ] GC(69) Medium Pages: 0 / 0M, Empty: 0M, Relocated: 0M, In-Place: 0
[16.938s][info][gc,reloc    ] GC(69) Large Pages: 0 / 0M, Empty: 0M, Relocated: 0M, In-Place: 0
[16.939s][info][gc,reloc    ] GC(69) Forwarding Usage: 1M
[16.939s][info][gc,heap     ] GC(69) Min Capacity: 8M(1%)
[16.939s][info][gc,heap     ] GC(69) Max Capacity: 1024M(100%)
[16.939s][info][gc,heap     ] GC(69) Soft Max Capacity: 1024M(100%)
[16.939s][info][gc,heap     ] GC(69)                Mark Start          Mark End        Relocate Start      Relocate End           High               Low         
[16.939s][info][gc,heap     ] GC(69)  Capacity:     1024M (100%)       1024M (100%)       1024M (100%)       1024M (100%)       1024M (100%)       1024M (100%)   
[16.939s][info][gc,heap     ] GC(69)      Free:      584M (57%)         506M (49%)         740M (72%)         842M (82%)         842M (82%)         496M (48%)    
[16.939s][info][gc,heap     ] GC(69)      Used:      440M (43%)         518M (51%)         284M (28%)         182M (18%)         528M (52%)         182M (18%)    
[16.939s][info][gc,heap     ] GC(69)      Live:         -                48M (5%)           48M (5%)           48M (5%)             -                  -          
[16.939s][info][gc,heap     ] GC(69) Allocated:         -                78M (8%)          106M (10%)         107M (11%)            -                  -          
[16.939s][info][gc,heap     ] GC(69)   Garbage:         -               391M (38%)         129M (13%)          25M (2%)             -                  -          
[16.939s][info][gc,heap     ] GC(69) Reclaimed:         -                  -               262M (26%)         365M (36%)            -                  -          
[16.939s][info][gc          ] GC(69) Garbage Collection (Allocation Rate) 440M(43%)->182M(18%)
[16.996s][info][gc,start    ] GC(70) Garbage Collection (Allocation Rate)
[16.996s][info][gc,task     ] GC(70) Using 10 workers
[16.997s][info][gc,phases   ] GC(70) Pause Mark Start 0.013ms
[17.019s][info][gc,phases   ] GC(70) Concurrent Mark 22.576ms
[17.019s][info][gc,phases   ] GC(70) Pause Mark End 0.023ms
[17.020s][info][gc,phases   ] GC(70) Concurrent Mark Free 0.001ms
[17.023s][info][gc,phases   ] GC(70) Concurrent Process Non-Strong References 3.117ms
[17.023s][info][gc,phases   ] GC(70) Concurrent Reset Relocation Set 0.011ms
[17.030s][info][gc,phases   ] GC(70) Concurrent Select Relocation Set 6.912ms
[17.030s][info][gc,phases   ] GC(70) Pause Relocate Start 0.008ms
[17.032s][info][gc,phases   ] GC(70) Concurrent Relocate 2.422ms
[17.032s][info][gc,load     ] GC(70) Load: 0.00/0.00/0.00
[17.033s][info][gc,mmu      ] GC(70) MMU: 2ms/95.9%, 5ms/98.4%, 10ms/99.2%, 20ms/99.6%, 50ms/99.8%, 100ms/99.9%
[17.033s][info][gc,marking  ] GC(70) Mark: 8 stripe(s), 3 proactive flush(es), 1 terminate flush(es), 0 completion(s), 0 continuation(s) 
[17.033s][info][gc,marking  ] GC(70) Mark Stack Usage: 32M
[17.033s][info][gc,nmethod  ] GC(70) NMethods: 7971 registered, 2537 unregistered
[17.033s][info][gc,metaspace] GC(70) Metaspace: 71M used, 71M committed, 1088M reserved
[17.033s][info][gc,ref      ] GC(70) Soft: 2430 encountered, 0 discovered, 0 enqueued
[17.033s][info][gc,ref      ] GC(70) Weak: 9796 encountered, 1759 discovered, 0 enqueued
[17.033s][info][gc,ref      ] GC(70) Final: 289 encountered, 26 discovered, 0 enqueued
[17.033s][info][gc,ref      ] GC(70) Phantom: 424 encountered, 319 discovered, 0 enqueued
[17.033s][info][gc,reloc    ] GC(70) Small Pages: 191 / 382M, Empty: 236M, Relocated: 6M, In-Place: 0
[17.033s][info][gc,reloc    ] GC(70) Medium Pages: 0 / 0M, Empty: 0M, Relocated: 0M, In-Place: 0
[17.033s][info][gc,reloc    ] GC(70) Large Pages: 0 / 0M, Empty: 0M, Relocated: 0M, In-Place: 0
[17.033s][info][gc,reloc    ] GC(70) Forwarding Usage: 1M
[17.033s][info][gc,heap     ] GC(70) Min Capacity: 8M(1%)
[17.033s][info][gc,heap     ] GC(70) Max Capacity: 1024M(100%)
[17.033s][info][gc,heap     ] GC(70) Soft Max Capacity: 1024M(100%)
[17.033s][info][gc,heap     ] GC(70)                Mark Start          Mark End        Relocate Start      Relocate End           High               Low         
[17.033s][info][gc,heap     ] GC(70)  Capacity:     1024M (100%)       1024M (100%)       1024M (100%)       1024M (100%)       1024M (100%)       1024M (100%)   
[17.033s][info][gc,heap     ] GC(70)      Free:      642M (63%)         570M (56%)         772M (75%)         840M (82%)         840M (82%)         556M (54%)    
[17.033s][info][gc,heap     ] GC(70)      Used:      382M (37%)         454M (44%)         252M (25%)         184M (18%)         468M (46%)         184M (18%)    
[17.033s][info][gc,heap     ] GC(70)      Live:         -                48M (5%)           48M (5%)           48M (5%)             -                  -          
[17.033s][info][gc,heap     ] GC(70) Allocated:         -                72M (7%)          106M (10%)         109M (11%)            -                  -          
[17.033s][info][gc,heap     ] GC(70)   Garbage:         -               333M (33%)          97M (9%)           25M (2%)             -                  -          
[17.033s][info][gc,heap     ] GC(70) Reclaimed:         -                  -               236M (23%)         307M (30%)            -                  -          
[17.033s][info][gc          ] GC(70) Garbage Collection (Allocation Rate) 382M(37%)->184M(18%)
[17.095s][info][gc,start    ] GC(71) Garbage Collection (Allocation Rate)
[17.095s][info][gc,task     ] GC(71) Using 10 workers
[17.096s][info][gc,phases   ] GC(71) Pause Mark Start 0.009ms
[17.133s][info][gc,phases   ] GC(71) Concurrent Mark 37.297ms
[17.133s][info][gc,phases   ] GC(71) Pause Mark End 0.029ms
[17.133s][info][gc,phases   ] GC(71) Concurrent Mark Free 0.001ms
[17.137s][info][gc,phases   ] GC(71) Concurrent Process Non-Strong References 3.289ms
[17.137s][info][gc,phases   ] GC(71) Concurrent Reset Relocation Set 0.012ms
[17.143s][info][gc,phases   ] GC(71) Concurrent Select Relocation Set 6.719ms
[17.144s][info][gc,phases   ] GC(71) Pause Relocate Start 0.008ms
[17.147s][info][gc,phases   ] GC(71) Concurrent Relocate 2.886ms
[17.147s][info][gc,load     ] GC(71) Load: 0.00/0.00/0.00
[17.147s][info][gc,mmu      ] GC(71) MMU: 2ms/95.9%, 5ms/98.4%, 10ms/99.2%, 20ms/99.6%, 50ms/99.8%, 100ms/99.9%
[17.147s][info][gc,marking  ] GC(71) Mark: 8 stripe(s), 4 proactive flush(es), 1 terminate flush(es), 0 completion(s), 0 continuation(s) 
[17.147s][info][gc,marking  ] GC(71) Mark Stack Usage: 32M
[17.147s][info][gc,nmethod  ] GC(71) NMethods: 7971 registered, 2537 unregistered
[17.147s][info][gc,metaspace] GC(71) Metaspace: 71M used, 71M committed, 1088M reserved
[17.147s][info][gc,ref      ] GC(71) Soft: 2430 encountered, 0 discovered, 0 enqueued
[17.147s][info][gc,ref      ] GC(71) Weak: 9796 encountered, 1210 discovered, 0 enqueued
[17.147s][info][gc,ref      ] GC(71) Final: 289 encountered, 35 discovered, 0 enqueued
[17.147s][info][gc,ref      ] GC(71) Phantom: 424 encountered, 329 discovered, 0 enqueued
[17.147s][info][gc,reloc    ] GC(71) Small Pages: 203 / 406M, Empty: 254M, Relocated: 6M, In-Place: 0
[17.147s][info][gc,reloc    ] GC(71) Medium Pages: 0 / 0M, Empty: 0M, Relocated: 0M, In-Place: 0
[17.147s][info][gc,reloc    ] GC(71) Large Pages: 0 / 0M, Empty: 0M, Relocated: 0M, In-Place: 0
[17.147s][info][gc,reloc    ] GC(71) Forwarding Usage: 1M
[17.147s][info][gc,heap     ] GC(71) Min Capacity: 8M(1%)
[17.147s][info][gc,heap     ] GC(71) Max Capacity: 1024M(100%)
[17.147s][info][gc,heap     ] GC(71) Soft Max Capacity: 1024M(100%)
[17.147s][info][gc,heap     ] GC(71)                Mark Start          Mark End        Relocate Start      Relocate End           High               Low         
[17.147s][info][gc,heap     ] GC(71)  Capacity:     1024M (100%)       1024M (100%)       1024M (100%)       1024M (100%)       1024M (100%)       1024M (100%)   
[17.147s][info][gc,heap     ] GC(71)      Free:      618M (60%)         494M (48%)         716M (70%)         788M (77%)         788M (77%)         480M (47%)    
[17.147s][info][gc,heap     ] GC(71)      Used:      406M (40%)         530M (52%)         308M (30%)         236M (23%)         544M (53%)         236M (23%)    
[17.147s][info][gc,heap     ] GC(71)      Live:         -                48M (5%)           48M (5%)           48M (5%)             -                  -          
[17.147s][info][gc,heap     ] GC(71) Allocated:         -               124M (12%)         156M (15%)         161M (16%)            -                  -          
[17.147s][info][gc,heap     ] GC(71)   Garbage:         -               357M (35%)         103M (10%)          25M (2%)             -                  -          
[17.147s][info][gc,heap     ] GC(71) Reclaimed:         -                  -               254M (25%)         331M (32%)            -                  -          
[17.147s][info][gc          ] GC(71) Garbage Collection (Allocation Rate) 406M(40%)->236M(23%)
[17.196s][info][gc,start    ] GC(72) Garbage Collection (Allocation Rate)
[17.196s][info][gc,task     ] GC(72) Using 10 workers
[17.197s][info][gc,phases   ] GC(72) Pause Mark Start 0.010ms
[17.219s][info][gc,phases   ] GC(72) Concurrent Mark 22.587ms
[17.219s][info][gc,phases   ] GC(72) Pause Mark End 0.026ms
[17.219s][info][gc,phases   ] GC(72) Concurrent Mark Free 0.001ms
[17.223s][info][gc,phases   ] GC(72) Concurrent Process Non-Strong References 3.306ms
[17.223s][info][gc,phases   ] GC(72) Concurrent Reset Relocation Set 0.010ms
[17.230s][info][gc,phases   ] GC(72) Concurrent Select Relocation Set 6.741ms
[17.230s][info][gc,phases   ] GC(72) Pause Relocate Start 0.008ms
[17.234s][info][gc,phases   ] GC(72) Concurrent Relocate 4.206ms
[17.234s][info][gc,load     ] GC(72) Load: 0.00/0.00/0.00
[17.234s][info][gc,mmu      ] GC(72) MMU: 2ms/95.9%, 5ms/98.4%, 10ms/99.2%, 20ms/99.6%, 50ms/99.8%, 100ms/99.9%
[17.234s][info][gc,marking  ] GC(72) Mark: 8 stripe(s), 4 proactive flush(es), 1 terminate flush(es), 0 completion(s), 0 continuation(s) 
[17.234s][info][gc,marking  ] GC(72) Mark Stack Usage: 32M
[17.234s][info][gc,nmethod  ] GC(72) NMethods: 7989 registered, 2541 unregistered
[17.234s][info][gc,metaspace] GC(72) Metaspace: 71M used, 71M committed, 1088M reserved
[17.234s][info][gc,ref      ] GC(72) Soft: 2430 encountered, 0 discovered, 0 enqueued
[17.234s][info][gc,ref      ] GC(72) Weak: 9772 encountered, 1533 discovered, 7 enqueued
[17.234s][info][gc,ref      ] GC(72) Final: 289 encountered, 56 discovered, 0 enqueued
[17.234s][info][gc,ref      ] GC(72) Phantom: 424 encountered, 364 discovered, 0 enqueued
[17.234s][info][gc,reloc    ] GC(72) Small Pages: 202 / 404M, Empty: 226M, Relocated: 10M, In-Place: 0
[17.234s][info][gc,reloc    ] GC(72) Medium Pages: 0 / 0M, Empty: 0M, Relocated: 0M, In-Place: 0
[17.234s][info][gc,reloc    ] GC(72) Large Pages: 0 / 0M, Empty: 0M, Relocated: 0M, In-Place: 0
[17.234s][info][gc,reloc    ] GC(72) Forwarding Usage: 3M
[17.234s][info][gc,heap     ] GC(72) Min Capacity: 8M(1%)
[17.234s][info][gc,heap     ] GC(72) Max Capacity: 1024M(100%)
[17.234s][info][gc,heap     ] GC(72) Soft Max Capacity: 1024M(100%)
[17.234s][info][gc,heap     ] GC(72)                Mark Start          Mark End        Relocate Start      Relocate End           High               Low         
[17.234s][info][gc,heap     ] GC(72)  Capacity:     1024M (100%)       1024M (100%)       1024M (100%)       1024M (100%)       1024M (100%)       1024M (100%)   
[17.234s][info][gc,heap     ] GC(72)      Free:      620M (61%)         552M (54%)         744M (73%)         842M (82%)         842M (82%)         538M (53%)    
[17.234s][info][gc,heap     ] GC(72)      Used:      404M (39%)         472M (46%)         280M (27%)         182M (18%)         486M (47%)         182M (18%)    
[17.234s][info][gc,heap     ] GC(72)      Live:         -                48M (5%)           48M (5%)           48M (5%)             -                  -          
[17.234s][info][gc,heap     ] GC(72) Allocated:         -                68M (7%)          102M (10%)         113M (11%)            -                  -          
[17.235s][info][gc,heap     ] GC(72)   Garbage:         -               355M (35%)         129M (13%)          19M (2%)             -                  -          
[17.235s][info][gc,heap     ] GC(72) Reclaimed:         -                  -               226M (22%)         335M (33%)            -                  -          
[17.235s][info][gc          ] GC(72) Garbage Collection (Allocation Rate) 404M(39%)->182M(18%)
[17.296s][info][gc,start    ] GC(73) Garbage Collection (Allocation Rate)
[17.296s][info][gc,task     ] GC(73) Using 10 workers
[17.297s][info][gc,phases   ] GC(73) Pause Mark Start 0.009ms
[17.319s][info][gc,phases   ] GC(73) Concurrent Mark 22.707ms
[17.319s][info][gc,phases   ] GC(73) Pause Mark End 0.019ms
[17.320s][info][gc,phases   ] GC(73) Concurrent Mark Free 0.001ms
[17.322s][info][gc,phases   ] GC(73) Concurrent Process Non-Strong References 2.793ms
[17.322s][info][gc,phases   ] GC(73) Concurrent Reset Relocation Set 0.010ms
[17.327s][info][gc,phases   ] GC(73) Concurrent Select Relocation Set 4.626ms
[17.327s][info][gc,phases   ] GC(73) Pause Relocate Start 0.009ms
[17.329s][info][gc,phases   ] GC(73) Concurrent Relocate 2.144ms
[17.329s][info][gc,load     ] GC(73) Load: 0.00/0.00/0.00
[17.330s][info][gc,mmu      ] GC(73) MMU: 2ms/95.9%, 5ms/98.4%, 10ms/99.2%, 20ms/99.6%, 50ms/99.8%, 100ms/99.9%
[17.330s][info][gc,marking  ] GC(73) Mark: 8 stripe(s), 5 proactive flush(es), 1 terminate flush(es), 0 completion(s), 0 continuation(s) 
[17.330s][info][gc,marking  ] GC(73) Mark Stack Usage: 32M
[17.330s][info][gc,nmethod  ] GC(73) NMethods: 8004 registered, 2545 unregistered
[17.330s][info][gc,metaspace] GC(73) Metaspace: 71M used, 71M committed, 1088M reserved
[17.330s][info][gc,ref      ] GC(73) Soft: 2430 encountered, 0 discovered, 0 enqueued
[17.330s][info][gc,ref      ] GC(73) Weak: 9691 encountered, 1358 discovered, 18 enqueued
[17.330s][info][gc,ref      ] GC(73) Final: 289 encountered, 1 discovered, 0 enqueued
[17.330s][info][gc,ref      ] GC(73) Phantom: 424 encountered, 304 discovered, 0 enqueued
[17.330s][info][gc,reloc    ] GC(73) Small Pages: 192 / 384M, Empty: 216M, Relocated: 5M, In-Place: 0
[17.330s][info][gc,reloc    ] GC(73) Medium Pages: 0 / 0M, Empty: 0M, Relocated: 0M, In-Place: 0
[17.330s][info][gc,reloc    ] GC(73) Large Pages: 0 / 0M, Empty: 0M, Relocated: 0M, In-Place: 0
[17.330s][info][gc,reloc    ] GC(73) Forwarding Usage: 1M
[17.330s][info][gc,heap     ] GC(73) Min Capacity: 8M(1%)
[17.330s][info][gc,heap     ] GC(73) Max Capacity: 1024M(100%)
[17.330s][info][gc,heap     ] GC(73) Soft Max Capacity: 1024M(100%)
[17.330s][info][gc,heap     ] GC(73)                Mark Start          Mark End        Relocate Start      Relocate End           High               Low         
[17.330s][info][gc,heap     ] GC(73)  Capacity:     1024M (100%)       1024M (100%)       1024M (100%)       1024M (100%)       1024M (100%)       1024M (100%)   
[17.330s][info][gc,heap     ] GC(73)      Free:      640M (63%)         580M (57%)         772M (75%)         864M (84%)         864M (84%)         572M (56%)    
[17.330s][info][gc,heap     ] GC(73)      Used:      384M (38%)         444M (43%)         252M (25%)         160M (16%)         452M (44%)         160M (16%)    
[17.330s][info][gc,heap     ] GC(73)      Live:         -                48M (5%)           48M (5%)           48M (5%)             -                  -          
[17.330s][info][gc,heap     ] GC(73) Allocated:         -                60M (6%)           84M (8%)           83M (8%)             -                  -          
[17.330s][info][gc,heap     ] GC(73)   Garbage:         -               335M (33%)         119M (12%)          27M (3%)             -                  -          
[17.330s][info][gc,heap     ] GC(73) Reclaimed:         -                  -               216M (21%)         307M (30%)            -                  -          
[17.330s][info][gc          ] GC(73) Garbage Collection (Allocation Rate) 384M(38%)->160M(16%)
[17.395s][info][gc,start    ] GC(74) Garbage Collection (Allocation Rate)
[17.395s][info][gc,task     ] GC(74) Using 10 workers
[17.396s][info][gc,phases   ] GC(74) Pause Mark Start 0.010ms
[17.413s][info][gc,phases   ] GC(74) Concurrent Mark 17.475ms
[17.413s][info][gc,phases   ] GC(74) Pause Mark End 0.021ms
[17.413s][info][gc,phases   ] GC(74) Concurrent Mark Free 0.001ms
[17.416s][info][gc,phases   ] GC(74) Concurrent Process Non-Strong References 2.725ms
[17.416s][info][gc,phases   ] GC(74) Concurrent Reset Relocation Set 0.012ms
[17.421s][info][gc,phases   ] GC(74) Concurrent Select Relocation Set 4.636ms
[17.421s][info][gc,phases   ] GC(74) Pause Relocate Start 0.008ms
[17.425s][info][gc,phases   ] GC(74) Concurrent Relocate 4.255ms
[17.425s][info][gc,load     ] GC(74) Load: 0.00/0.00/0.00
[17.425s][info][gc,mmu      ] GC(74) MMU: 2ms/95.9%, 5ms/98.4%, 10ms/99.2%, 20ms/99.6%, 50ms/99.8%, 100ms/99.9%
[17.425s][info][gc,marking  ] GC(74) Mark: 8 stripe(s), 4 proactive flush(es), 1 terminate flush(es), 0 completion(s), 0 continuation(s) 
[17.425s][info][gc,marking  ] GC(74) Mark Stack Usage: 32M
[17.426s][info][gc,nmethod  ] GC(74) NMethods: 8012 registered, 2547 unregistered
[17.426s][info][gc,metaspace] GC(74) Metaspace: 71M used, 71M committed, 1088M reserved
[17.426s][info][gc,ref      ] GC(74) Soft: 2430 encountered, 0 discovered, 0 enqueued
[17.426s][info][gc,ref      ] GC(74) Weak: 9598 encountered, 1513 discovered, 19 enqueued
[17.426s][info][gc,ref      ] GC(74) Final: 289 encountered, 56 discovered, 0 enqueued
[17.426s][info][gc,ref      ] GC(74) Phantom: 424 encountered, 328 discovered, 0 enqueued
[17.426s][info][gc,reloc    ] GC(74) Small Pages: 178 / 356M, Empty: 184M, Relocated: 8M, In-Place: 0
[17.426s][info][gc,reloc    ] GC(74) Medium Pages: 0 / 0M, Empty: 0M, Relocated: 0M, In-Place: 0
[17.426s][info][gc,reloc    ] GC(74) Large Pages: 0 / 0M, Empty: 0M, Relocated: 0M, In-Place: 0
[17.426s][info][gc,reloc    ] GC(74) Forwarding Usage: 2M
[17.426s][info][gc,heap     ] GC(74) Min Capacity: 8M(1%)
[17.426s][info][gc,heap     ] GC(74) Max Capacity: 1024M(100%)
[17.426s][info][gc,heap     ] GC(74) Soft Max Capacity: 1024M(100%)
[17.426s][info][gc,heap     ] GC(74)                Mark Start          Mark End        Relocate Start      Relocate End           High               Low         
[17.426s][info][gc,heap     ] GC(74)  Capacity:     1024M (100%)       1024M (100%)       1024M (100%)       1024M (100%)       1024M (100%)       1024M (100%)   
[17.426s][info][gc,heap     ] GC(74)      Free:      668M (65%)         624M (61%)         792M (77%)         884M (86%)         890M (87%)         622M (61%)    
[17.426s][info][gc,heap     ] GC(74)      Used:      356M (35%)         400M (39%)         232M (23%)         140M (14%)         402M (39%)         134M (13%)    
[17.426s][info][gc,heap     ] GC(74)      Live:         -                48M (5%)           48M (5%)           48M (5%)             -                  -          
[17.426s][info][gc,heap     ] GC(74) Allocated:         -                44M (4%)           60M (6%)           69M (7%)             -                  -          
[17.426s][info][gc,heap     ] GC(74)   Garbage:         -               307M (30%)         123M (12%)          21M (2%)             -                  -          
[17.426s][info][gc,heap     ] GC(74) Reclaimed:         -                  -               184M (18%)         285M (28%)            -                  -          
[17.426s][info][gc          ] GC(74) Garbage Collection (Allocation Rate) 356M(35%)->140M(14%)
[17.496s][info][gc,start    ] GC(75) Garbage Collection (Allocation Rate)
[17.496s][info][gc,task     ] GC(75) Using 10 workers
[17.496s][info][gc,phases   ] GC(75) Pause Mark Start 0.009ms
[17.523s][info][gc,phases   ] GC(75) Concurrent Mark 26.871ms
[17.523s][info][gc,phases   ] GC(75) Pause Mark End 0.049ms
[17.523s][info][gc,phases   ] GC(75) Concurrent Mark Free 0.001ms
[17.526s][info][gc,phases   ] GC(75) Concurrent Process Non-Strong References 2.393ms
[17.526s][info][gc,phases   ] GC(75) Concurrent Reset Relocation Set 0.009ms
[17.528s][info][gc,phases   ] GC(75) Concurrent Select Relocation Set 2.433ms
[17.528s][info][gc,phases   ] GC(75) Pause Relocate Start 0.007ms
[17.531s][info][gc,phases   ] GC(75) Concurrent Relocate 2.342ms
[17.531s][info][gc,load     ] GC(75) Load: 0.00/0.00/0.00
[17.531s][info][gc,mmu      ] GC(75) MMU: 2ms/95.9%, 5ms/98.4%, 10ms/99.2%, 20ms/99.6%, 50ms/99.8%, 100ms/99.9%
[17.531s][info][gc,marking  ] GC(75) Mark: 8 stripe(s), 2 proactive flush(es), 1 terminate flush(es), 1 completion(s), 0 continuation(s) 
[17.531s][info][gc,marking  ] GC(75) Mark Stack Usage: 32M
[17.531s][info][gc,nmethod  ] GC(75) NMethods: 8025 registered, 2548 unregistered
[17.531s][info][gc,metaspace] GC(75) Metaspace: 71M used, 71M committed, 1088M reserved
[17.531s][info][gc,ref      ] GC(75) Soft: 2430 encountered, 0 discovered, 0 enqueued
[17.531s][info][gc,ref      ] GC(75) Weak: 9505 encountered, 1287 discovered, 18 enqueued
[17.531s][info][gc,ref      ] GC(75) Final: 289 encountered, 11 discovered, 0 enqueued
[17.531s][info][gc,ref      ] GC(75) Phantom: 424 encountered, 348 discovered, 0 enqueued
[17.531s][info][gc,reloc    ] GC(75) Small Pages: 162 / 324M, Empty: 166M, Relocated: 8M, In-Place: 0
[17.531s][info][gc,reloc    ] GC(75) Medium Pages: 0 / 0M, Empty: 0M, Relocated: 0M, In-Place: 0
[17.531s][info][gc,reloc    ] GC(75) Large Pages: 0 / 0M, Empty: 0M, Relocated: 0M, In-Place: 0
[17.531s][info][gc,reloc    ] GC(75) Forwarding Usage: 2M
[17.531s][info][gc,heap     ] GC(75) Min Capacity: 8M(1%)
[17.531s][info][gc,heap     ] GC(75) Max Capacity: 1024M(100%)
[17.531s][info][gc,heap     ] GC(75) Soft Max Capacity: 1024M(100%)
[17.531s][info][gc,heap     ] GC(75)                Mark Start          Mark End        Relocate Start      Relocate End           High               Low         
[17.531s][info][gc,heap     ] GC(75)  Capacity:     1024M (100%)       1024M (100%)       1024M (100%)       1024M (100%)       1024M (100%)       1024M (100%)   
[17.531s][info][gc,heap     ] GC(75)      Free:      700M (68%)         644M (63%)         800M (78%)         886M (87%)         886M (87%)         638M (62%)    
[17.531s][info][gc,heap     ] GC(75)      Used:      324M (32%)         380M (37%)         224M (22%)         138M (13%)         386M (38%)         138M (13%)    
[17.531s][info][gc,heap     ] GC(75)      Live:         -                48M (5%)           48M (5%)           48M (5%)             -                  -          
[17.531s][info][gc,heap     ] GC(75) Allocated:         -                56M (5%)           66M (6%)           67M (7%)             -                  -          
[17.531s][info][gc,heap     ] GC(75)   Garbage:         -               275M (27%)         109M (11%)          21M (2%)             -                  -          
[17.531s][info][gc,heap     ] GC(75) Reclaimed:         -                  -               166M (16%)         253M (25%)            -                  -          
[17.531s][info][gc          ] GC(75) Garbage Collection (Allocation Rate) 324M(32%)->138M(13%)
[17.596s][info][gc,start    ] GC(76) Garbage Collection (Allocation Rate)
[17.596s][info][gc,task     ] GC(76) Using 10 workers
[17.596s][info][gc,phases   ] GC(76) Pause Mark Start 0.009ms
[17.613s][info][gc,phases   ] GC(76) Concurrent Mark 16.448ms
[17.613s][info][gc,phases   ] GC(76) Pause Mark End 0.021ms
[17.613s][info][gc,phases   ] GC(76) Concurrent Mark Free 0.001ms
[17.615s][info][gc,phases   ] GC(76) Concurrent Process Non-Strong References 2.252ms
[17.615s][info][gc,phases   ] GC(76) Concurrent Reset Relocation Set 0.008ms
[17.618s][info][gc,phases   ] GC(76) Concurrent Select Relocation Set 2.574ms
[17.618s][info][gc,phases   ] GC(76) Pause Relocate Start 0.007ms
[17.622s][info][gc,phases   ] GC(76) Concurrent Relocate 3.928ms
[17.622s][info][gc,load     ] GC(76) Load: 0.00/0.00/0.00
[17.622s][info][gc,mmu      ] GC(76) MMU: 2ms/95.9%, 5ms/98.4%, 10ms/99.2%, 20ms/99.6%, 50ms/99.8%, 100ms/99.9%
[17.622s][info][gc,marking  ] GC(76) Mark: 8 stripe(s), 2 proactive flush(es), 1 terminate flush(es), 0 completion(s), 0 continuation(s) 
[17.622s][info][gc,marking  ] GC(76) Mark Stack Usage: 32M
[17.622s][info][gc,nmethod  ] GC(76) NMethods: 8025 registered, 2548 unregistered
[17.622s][info][gc,metaspace] GC(76) Metaspace: 71M used, 71M committed, 1088M reserved
[17.622s][info][gc,ref      ] GC(76) Soft: 2430 encountered, 0 discovered, 0 enqueued
[17.622s][info][gc,ref      ] GC(76) Weak: 9462 encountered, 623 discovered, 7 enqueued
[17.622s][info][gc,ref      ] GC(76) Final: 289 encountered, 0 discovered, 0 enqueued
[17.622s][info][gc,ref      ] GC(76) Phantom: 424 encountered, 271 discovered, 0 enqueued
[17.622s][info][gc,reloc    ] GC(76) Small Pages: 141 / 282M, Empty: 154M, Relocated: 8M, In-Place: 0
[17.622s][info][gc,reloc    ] GC(76) Medium Pages: 0 / 0M, Empty: 0M, Relocated: 0M, In-Place: 0
[17.622s][info][gc,reloc    ] GC(76) Large Pages: 0 / 0M, Empty: 0M, Relocated: 0M, In-Place: 0
[17.622s][info][gc,reloc    ] GC(76) Forwarding Usage: 2M
[17.622s][info][gc,heap     ] GC(76) Min Capacity: 8M(1%)
[17.622s][info][gc,heap     ] GC(76) Max Capacity: 1024M(100%)
[17.622s][info][gc,heap     ] GC(76) Soft Max Capacity: 1024M(100%)
[17.622s][info][gc,heap     ] GC(76)                Mark Start          Mark End        Relocate Start      Relocate End           High               Low         
[17.622s][info][gc,heap     ] GC(76)  Capacity:     1024M (100%)       1024M (100%)       1024M (100%)       1024M (100%)       1024M (100%)       1024M (100%)   
[17.622s][info][gc,heap     ] GC(76)      Free:      742M (72%)         710M (69%)         856M (84%)         906M (88%)         910M (89%)         706M (69%)    
[17.622s][info][gc,heap     ] GC(76)      Used:      282M (28%)         314M (31%)         168M (16%)         118M (12%)         318M (31%)         114M (11%)    
[17.622s][info][gc,heap     ] GC(76)      Live:         -                48M (5%)           48M (5%)           48M (5%)             -                  -          
[17.623s][info][gc,heap     ] GC(76) Allocated:         -                32M (3%)           40M (4%)           47M (5%)             -                  -          
[17.623s][info][gc,heap     ] GC(76)   Garbage:         -               233M (23%)          79M (8%)           21M (2%)             -                  -          
[17.623s][info][gc,heap     ] GC(76) Reclaimed:         -                  -               154M (15%)         211M (21%)            -                  -          
[17.623s][info][gc          ] GC(76) Garbage Collection (Allocation Rate) 282M(28%)->118M(12%)
[17.696s][info][gc,start    ] GC(77) Garbage Collection (Allocation Rate)
[17.696s][info][gc,task     ] GC(77) Using 10 workers
[17.696s][info][gc,phases   ] GC(77) Pause Mark Start 0.008ms
[17.722s][info][gc,phases   ] GC(77) Concurrent Mark 25.563ms
[17.722s][info][gc,phases   ] GC(77) Pause Mark End 0.018ms
[17.722s][info][gc,phases   ] GC(77) Concurrent Mark Free 0.001ms
[17.725s][info][gc,phases   ] GC(77) Concurrent Process Non-Strong References 2.845ms
[17.725s][info][gc,phases   ] GC(77) Concurrent Reset Relocation Set 0.005ms
[17.730s][info][gc,phases   ] GC(77) Concurrent Select Relocation Set 4.739ms
[17.730s][info][gc,phases   ] GC(77) Pause Relocate Start 0.006ms
[17.733s][info][gc,phases   ] GC(77) Concurrent Relocate 2.595ms
[17.733s][info][gc,load     ] GC(77) Load: 0.00/0.00/0.00
[17.733s][info][gc,mmu      ] GC(77) MMU: 2ms/95.9%, 5ms/98.4%, 10ms/99.2%, 20ms/99.6%, 50ms/99.8%, 100ms/99.9%
[17.733s][info][gc,marking  ] GC(77) Mark: 8 stripe(s), 2 proactive flush(es), 1 terminate flush(es), 0 completion(s), 0 continuation(s) 
[17.733s][info][gc,marking  ] GC(77) Mark Stack Usage: 32M
[17.733s][info][gc,nmethod  ] GC(77) NMethods: 8053 registered, 2555 unregistered
[17.733s][info][gc,metaspace] GC(77) Metaspace: 71M used, 71M committed, 1088M reserved
[17.733s][info][gc,ref      ] GC(77) Soft: 2430 encountered, 0 discovered, 0 enqueued
[17.733s][info][gc,ref      ] GC(77) Weak: 9515 encountered, 1396 discovered, 54 enqueued
[17.733s][info][gc,ref      ] GC(77) Final: 289 encountered, 14 discovered, 0 enqueued
[17.733s][info][gc,ref      ] GC(77) Phantom: 478 encountered, 362 discovered, 54 enqueued
[17.733s][info][gc,reloc    ] GC(77) Small Pages: 139 / 278M, Empty: 172M, Relocated: 8M, In-Place: 0
[17.733s][info][gc,reloc    ] GC(77) Medium Pages: 0 / 0M, Empty: 0M, Relocated: 0M, In-Place: 0
[17.733s][info][gc,reloc    ] GC(77) Large Pages: 0 / 0M, Empty: 0M, Relocated: 0M, In-Place: 0
[17.733s][info][gc,reloc    ] GC(77) Forwarding Usage: 2M
[17.733s][info][gc,heap     ] GC(77) Min Capacity: 8M(1%)
[17.733s][info][gc,heap     ] GC(77) Max Capacity: 1024M(100%)
[17.733s][info][gc,heap     ] GC(77) Soft Max Capacity: 1024M(100%)
[17.733s][info][gc,heap     ] GC(77)                Mark Start          Mark End        Relocate Start      Relocate End           High               Low         
[17.733s][info][gc,heap     ] GC(77)  Capacity:     1024M (100%)       1024M (100%)       1024M (100%)       1024M (100%)       1024M (100%)       1024M (100%)   
[17.733s][info][gc,heap     ] GC(77)      Free:      746M (73%)         696M (68%)         856M (84%)         888M (87%)         888M (87%)         694M (68%)    
[17.733s][info][gc,heap     ] GC(77)      Used:      278M (27%)         328M (32%)         168M (16%)         136M (13%)         330M (32%)         136M (13%)    
[17.733s][info][gc,heap     ] GC(77)      Live:         -                48M (5%)           48M (5%)           48M (5%)             -                  -          
[17.733s][info][gc,heap     ] GC(77) Allocated:         -                50M (5%)           62M (6%)           65M (6%)             -                  -          
[17.733s][info][gc,heap     ] GC(77)   Garbage:         -               229M (22%)          57M (6%)           21M (2%)             -                  -          
[17.733s][info][gc,heap     ] GC(77) Reclaimed:         -                  -               172M (17%)         207M (20%)            -                  -          
[17.733s][info][gc          ] GC(77) Garbage Collection (Allocation Rate) 278M(27%)->136M(13%)
[17.796s][info][gc,start    ] GC(78) Garbage Collection (Allocation Rate)
[17.796s][info][gc,task     ] GC(78) Using 10 workers
[17.796s][info][gc,phases   ] GC(78) Pause Mark Start 0.009ms
[17.823s][info][gc,phases   ] GC(78) Concurrent Mark 26.872ms
[17.823s][info][gc,phases   ] GC(78) Pause Mark End 0.025ms
[17.823s][info][gc,phases   ] GC(78) Concurrent Mark Free 0.000ms
[17.826s][info][gc,phases   ] GC(78) Concurrent Process Non-Strong References 2.481ms
[17.826s][info][gc,phases   ] GC(78) Concurrent Reset Relocation Set 0.005ms
[17.829s][info][gc,phases   ] GC(78) Concurrent Select Relocation Set 2.631ms
[17.829s][info][gc,phases   ] GC(78) Pause Relocate Start 0.008ms
[17.830s][info][gc,phases   ] GC(78) Concurrent Relocate 1.240ms
[17.830s][info][gc,load     ] GC(78) Load: 0.00/0.00/0.00
[17.830s][info][gc,mmu      ] GC(78) MMU: 2ms/95.9%, 5ms/98.4%, 10ms/99.2%, 20ms/99.6%, 50ms/99.8%, 100ms/99.9%
[17.830s][info][gc,marking  ] GC(78) Mark: 8 stripe(s), 3 proactive flush(es), 1 terminate flush(es), 0 completion(s), 0 continuation(s) 
[17.830s][info][gc,marking  ] GC(78) Mark Stack Usage: 32M
[17.830s][info][gc,nmethod  ] GC(78) NMethods: 8038 registered, 2571 unregistered
[17.830s][info][gc,metaspace] GC(78) Metaspace: 71M used, 71M committed, 1088M reserved
[17.830s][info][gc,ref      ] GC(78) Soft: 2430 encountered, 0 discovered, 0 enqueued
[17.830s][info][gc,ref      ] GC(78) Weak: 9552 encountered, 1427 discovered, 243 enqueued
[17.830s][info][gc,ref      ] GC(78) Final: 289 encountered, 20 discovered, 0 enqueued
[17.830s][info][gc,ref      ] GC(78) Phantom: 550 encountered, 400 discovered, 126 enqueued
[17.830s][info][gc,reloc    ] GC(78) Small Pages: 136 / 272M, Empty: 124M, Relocated: 5M, In-Place: 0
[17.830s][info][gc,reloc    ] GC(78) Medium Pages: 0 / 0M, Empty: 0M, Relocated: 0M, In-Place: 0
[17.830s][info][gc,reloc    ] GC(78) Large Pages: 0 / 0M, Empty: 0M, Relocated: 0M, In-Place: 0
[17.830s][info][gc,reloc    ] GC(78) Forwarding Usage: 1M
[17.830s][info][gc,heap     ] GC(78) Min Capacity: 8M(1%)
[17.830s][info][gc,heap     ] GC(78) Max Capacity: 1024M(100%)
[17.830s][info][gc,heap     ] GC(78) Soft Max Capacity: 1024M(100%)
[17.830s][info][gc,heap     ] GC(78)                Mark Start          Mark End        Relocate Start      Relocate End           High               Low         
[17.830s][info][gc,heap     ] GC(78)  Capacity:     1024M (100%)       1024M (100%)       1024M (100%)       1024M (100%)       1024M (100%)       1024M (100%)   
[17.830s][info][gc,heap     ] GC(78)      Free:      752M (73%)         698M (68%)         812M (79%)         886M (87%)         886M (87%)         688M (67%)    
[17.830s][info][gc,heap     ] GC(78)      Used:      272M (27%)         326M (32%)         212M (21%)         138M (13%)         336M (33%)         138M (13%)    
[17.830s][info][gc,heap     ] GC(78)      Live:         -                46M (5%)           46M (5%)           46M (5%)             -                  -          
[17.830s][info][gc,heap     ] GC(78) Allocated:         -                54M (5%)           64M (6%)           63M (6%)             -                  -          
[17.830s][info][gc,heap     ] GC(78)   Garbage:         -               225M (22%)         101M (10%)          27M (3%)             -                  -          
[17.830s][info][gc,heap     ] GC(78) Reclaimed:         -                  -               124M (12%)         197M (19%)            -                  -          
[17.830s][info][gc          ] GC(78) Garbage Collection (Allocation Rate) 272M(27%)->138M(13%)
[17.895s][info][gc,start    ] GC(79) Garbage Collection (Allocation Rate)
[17.895s][info][gc,task     ] GC(79) Using 10 workers
[17.895s][info][gc,phases   ] GC(79) Pause Mark Start 0.011ms
[17.913s][info][gc,phases   ] GC(79) Concurrent Mark 17.527ms
[17.913s][info][gc,phases   ] GC(79) Pause Mark End 0.021ms
[17.913s][info][gc,phases   ] GC(79) Concurrent Mark Free 0.001ms
[17.915s][info][gc,phases   ] GC(79) Concurrent Process Non-Strong References 2.243ms
[17.916s][info][gc,phases   ] GC(79) Concurrent Reset Relocation Set 0.005ms
[17.918s][info][gc,phases   ] GC(79) Concurrent Select Relocation Set 2.457ms
[17.918s][info][gc,phases   ] GC(79) Pause Relocate Start 0.007ms
[17.920s][info][gc,phases   ] GC(79) Concurrent Relocate 1.970ms
[17.920s][info][gc,load     ] GC(79) Load: 0.00/0.00/0.00
[17.920s][info][gc,mmu      ] GC(79) MMU: 2ms/95.9%, 5ms/98.4%, 10ms/99.2%, 20ms/99.6%, 50ms/99.8%, 100ms/99.9%
[17.920s][info][gc,marking  ] GC(79) Mark: 8 stripe(s), 2 proactive flush(es), 1 terminate flush(es), 0 completion(s), 0 continuation(s) 
[17.920s][info][gc,marking  ] GC(79) Mark Stack Usage: 32M
[17.920s][info][gc,nmethod  ] GC(79) NMethods: 8044 registered, 2571 unregistered
[17.920s][info][gc,metaspace] GC(79) Metaspace: 71M used, 71M committed, 1088M reserved
[17.920s][info][gc,ref      ] GC(79) Soft: 2430 encountered, 0 discovered, 0 enqueued
[17.920s][info][gc,ref      ] GC(79) Weak: 9285 encountered, 586 discovered, 7 enqueued
[17.920s][info][gc,ref      ] GC(79) Final: 289 encountered, 14 discovered, 0 enqueued
[17.920s][info][gc,ref      ] GC(79) Phantom: 424 encountered, 395 discovered, 0 enqueued
[17.920s][info][gc,reloc    ] GC(79) Small Pages: 137 / 274M, Empty: 146M, Relocated: 5M, In-Place: 0
[17.920s][info][gc,reloc    ] GC(79) Medium Pages: 0 / 0M, Empty: 0M, Relocated: 0M, In-Place: 0
[17.920s][info][gc,reloc    ] GC(79) Large Pages: 0 / 0M, Empty: 0M, Relocated: 0M, In-Place: 0
[17.920s][info][gc,reloc    ] GC(79) Forwarding Usage: 1M
[17.920s][info][gc,heap     ] GC(79) Min Capacity: 8M(1%)
[17.920s][info][gc,heap     ] GC(79) Max Capacity: 1024M(100%)
[17.920s][info][gc,heap     ] GC(79) Soft Max Capacity: 1024M(100%)
[17.920s][info][gc,heap     ] GC(79)                Mark Start          Mark End        Relocate Start      Relocate End           High               Low         
[17.920s][info][gc,heap     ] GC(79)  Capacity:     1024M (100%)       1024M (100%)       1024M (100%)       1024M (100%)       1024M (100%)       1024M (100%)   
[17.920s][info][gc,heap     ] GC(79)      Free:      750M (73%)         716M (70%)         854M (83%)         906M (88%)         906M (88%)         714M (70%)    
[17.920s][info][gc,heap     ] GC(79)      Used:      274M (27%)         308M (30%)         170M (17%)         118M (12%)         310M (30%)         118M (12%)    
[17.920s][info][gc,heap     ] GC(79)      Live:         -                46M (5%)           46M (5%)           46M (5%)             -                  -          
[17.920s][info][gc,heap     ] GC(79) Allocated:         -                34M (3%)           42M (4%)           43M (4%)             -                  -          
[17.920s][info][gc,heap     ] GC(79)   Garbage:         -               227M (22%)          81M (8%)           27M (3%)             -                  -          
[17.920s][info][gc,heap     ] GC(79) Reclaimed:         -                  -               146M (14%)         199M (20%)            -                  -          
[17.920s][info][gc          ] GC(79) Garbage Collection (Allocation Rate) 274M(27%)->118M(12%)
[18.003s][info][gc,start    ] GC(80) Garbage Collection (Allocation Rate)
[18.003s][info][gc,task     ] GC(80) Using 10 workers
[18.003s][info][gc,phases   ] GC(80) Pause Mark Start 0.010ms
[18.017s][info][gc,phases   ] GC(80) Concurrent Mark 13.400ms
[18.017s][info][gc,phases   ] GC(80) Pause Mark End 0.022ms
[18.017s][info][gc,phases   ] GC(80) Concurrent Mark Free 0.001ms
[18.019s][info][gc,phases   ] GC(80) Concurrent Process Non-Strong References 2.209ms
[18.019s][info][gc,phases   ] GC(80) Concurrent Reset Relocation Set 0.005ms
[18.023s][info][gc,phases   ] GC(80) Concurrent Select Relocation Set 3.398ms
[18.023s][info][gc,phases   ] GC(80) Pause Relocate Start 0.008ms
[18.025s][info][gc,phases   ] GC(80) Concurrent Relocate 1.893ms
[18.025s][info][gc,load     ] GC(80) Load: 0.00/0.00/0.00
[18.025s][info][gc,mmu      ] GC(80) MMU: 2ms/95.9%, 5ms/98.4%, 10ms/99.2%, 20ms/99.6%, 50ms/99.8%, 100ms/99.9%
[18.025s][info][gc,marking  ] GC(80) Mark: 8 stripe(s), 2 proactive flush(es), 1 terminate flush(es), 0 completion(s), 0 continuation(s) 
[18.025s][info][gc,marking  ] GC(80) Mark Stack Usage: 32M
[18.025s][info][gc,nmethod  ] GC(80) NMethods: 8044 registered, 2571 unregistered
[18.025s][info][gc,metaspace] GC(80) Metaspace: 71M used, 71M committed, 1088M reserved
[18.025s][info][gc,ref      ] GC(80) Soft: 2430 encountered, 0 discovered, 0 enqueued
[18.025s][info][gc,ref      ] GC(80) Weak: 9278 encountered, 980 discovered, 0 enqueued
[18.025s][info][gc,ref      ] GC(80) Final: 289 encountered, 18 discovered, 0 enqueued
[18.025s][info][gc,ref      ] GC(80) Phantom: 424 encountered, 328 discovered, 0 enqueued
[18.025s][info][gc,reloc    ] GC(80) Small Pages: 142 / 284M, Empty: 180M, Relocated: 5M, In-Place: 0
[18.025s][info][gc,reloc    ] GC(80) Medium Pages: 0 / 0M, Empty: 0M, Relocated: 0M, In-Place: 0
[18.025s][info][gc,reloc    ] GC(80) Large Pages: 0 / 0M, Empty: 0M, Relocated: 0M, In-Place: 0
[18.025s][info][gc,reloc    ] GC(80) Forwarding Usage: 1M
[18.025s][info][gc,heap     ] GC(80) Min Capacity: 8M(1%)
[18.025s][info][gc,heap     ] GC(80) Max Capacity: 1024M(100%)
[18.025s][info][gc,heap     ] GC(80) Soft Max Capacity: 1024M(100%)
[18.025s][info][gc,heap     ] GC(80)                Mark Start          Mark End        Relocate Start      Relocate End           High               Low         
[18.025s][info][gc,heap     ] GC(80)  Capacity:     1024M (100%)       1024M (100%)       1024M (100%)       1024M (100%)       1024M (100%)       1024M (100%)   
[18.025s][info][gc,heap     ] GC(80)      Free:      740M (72%)         716M (70%)         884M (86%)         914M (89%)         914M (89%)         712M (70%)    
[18.025s][info][gc,heap     ] GC(80)      Used:      284M (28%)         308M (30%)         140M (14%)         110M (11%)         312M (30%)         110M (11%)    
[18.025s][info][gc,heap     ] GC(80)      Live:         -                46M (5%)           46M (5%)           46M (5%)             -                  -          
[18.025s][info][gc,heap     ] GC(80) Allocated:         -                24M (2%)           36M (4%)           35M (4%)             -                  -          
[18.025s][info][gc,heap     ] GC(80)   Garbage:         -               237M (23%)          57M (6%)           27M (3%)             -                  -          
[18.025s][info][gc,heap     ] GC(80) Reclaimed:         -                  -               180M (18%)         209M (21%)            -                  -          
[18.025s][info][gc          ] GC(80) Garbage Collection (Allocation Rate) 284M(28%)->110M(11%)
[18.096s][info][gc,start    ] GC(81) Garbage Collection (Allocation Rate)
[18.096s][info][gc,task     ] GC(81) Using 10 workers
[18.096s][info][gc,phases   ] GC(81) Pause Mark Start 0.008ms
[18.113s][info][gc,phases   ] GC(81) Concurrent Mark 16.548ms
[18.113s][info][gc,phases   ] GC(81) Pause Mark End 0.022ms
[18.113s][info][gc,phases   ] GC(81) Concurrent Mark Free 0.001ms
[18.115s][info][gc,phases   ] GC(81) Concurrent Process Non-Strong References 2.196ms
[18.115s][info][gc,phases   ] GC(81) Concurrent Reset Relocation Set 0.003ms
[18.119s][info][gc,phases   ] GC(81) Concurrent Select Relocation Set 3.437ms
[18.119s][info][gc,phases   ] GC(81) Pause Relocate Start 0.008ms
[18.120s][info][gc,phases   ] GC(81) Concurrent Relocate 1.331ms
[18.120s][info][gc,load     ] GC(81) Load: 0.00/0.00/0.00
[18.120s][info][gc,mmu      ] GC(81) MMU: 2ms/95.9%, 5ms/98.4%, 10ms/99.2%, 20ms/99.6%, 50ms/99.8%, 100ms/99.9%
[18.120s][info][gc,marking  ] GC(81) Mark: 8 stripe(s), 2 proactive flush(es), 1 terminate flush(es), 0 completion(s), 0 continuation(s) 
[18.120s][info][gc,marking  ] GC(81) Mark Stack Usage: 32M
[18.121s][info][gc,nmethod  ] GC(81) NMethods: 8044 registered, 2571 unregistered
[18.121s][info][gc,metaspace] GC(81) Metaspace: 71M used, 71M committed, 1088M reserved
[18.121s][info][gc,ref      ] GC(81) Soft: 2430 encountered, 0 discovered, 0 enqueued
[18.121s][info][gc,ref      ] GC(81) Weak: 9278 encountered, 1005 discovered, 0 enqueued
[18.121s][info][gc,ref      ] GC(81) Final: 289 encountered, 19 discovered, 0 enqueued
[18.121s][info][gc,ref      ] GC(81) Phantom: 424 encountered, 402 discovered, 0 enqueued
[18.121s][info][gc,reloc    ] GC(81) Small Pages: 128 / 256M, Empty: 124M, Relocated: 5M, In-Place: 0
[18.121s][info][gc,reloc    ] GC(81) Medium Pages: 0 / 0M, Empty: 0M, Relocated: 0M, In-Place: 0
[18.121s][info][gc,reloc    ] GC(81) Large Pages: 0 / 0M, Empty: 0M, Relocated: 0M, In-Place: 0
[18.121s][info][gc,reloc    ] GC(81) Forwarding Usage: 1M
[18.121s][info][gc,heap     ] GC(81) Min Capacity: 8M(1%)
[18.121s][info][gc,heap     ] GC(81) Max Capacity: 1024M(100%)
[18.121s][info][gc,heap     ] GC(81) Soft Max Capacity: 1024M(100%)
[18.121s][info][gc,heap     ] GC(81)                Mark Start          Mark End        Relocate Start      Relocate End           High               Low         
[18.121s][info][gc,heap     ] GC(81)  Capacity:     1024M (100%)       1024M (100%)       1024M (100%)       1024M (100%)       1024M (100%)       1024M (100%)   
[18.121s][info][gc,heap     ] GC(81)      Free:      768M (75%)         738M (72%)         850M (83%)         908M (89%)         908M (89%)         730M (71%)    
[18.121s][info][gc,heap     ] GC(81)      Used:      256M (25%)         286M (28%)         174M (17%)         116M (11%)         294M (29%)         116M (11%)    
[18.121s][info][gc,heap     ] GC(81)      Live:         -                46M (5%)           46M (5%)           46M (5%)             -                  -          
[18.121s][info][gc,heap     ] GC(81) Allocated:         -                30M (3%)           42M (4%)           41M (4%)             -                  -          
[18.121s][info][gc,heap     ] GC(81)   Garbage:         -               209M (20%)          85M (8%)           27M (3%)             -                  -          
[18.121s][info][gc,heap     ] GC(81) Reclaimed:         -                  -               124M (12%)         181M (18%)            -                  -          
[18.121s][info][gc          ] GC(81) Garbage Collection (Allocation Rate) 256M(25%)->116M(11%)
[18.196s][info][gc,start    ] GC(82) Garbage Collection (Allocation Rate)
[18.196s][info][gc,task     ] GC(82) Using 10 workers
[18.196s][info][gc,phases   ] GC(82) Pause Mark Start 0.011ms
[18.209s][info][gc,phases   ] GC(82) Concurrent Mark 13.380ms
[18.209s][info][gc,phases   ] GC(82) Pause Mark End 0.019ms
[18.209s][info][gc,phases   ] GC(82) Concurrent Mark Free 0.001ms
[18.212s][info][gc,phases   ] GC(82) Concurrent Process Non-Strong References 2.211ms
[18.212s][info][gc,phases   ] GC(82) Concurrent Reset Relocation Set 0.005ms
[18.214s][info][gc,phases   ] GC(82) Concurrent Select Relocation Set 2.381ms
[18.214s][info][gc,phases   ] GC(82) Pause Relocate Start 0.007ms
[18.215s][info][gc,phases   ] GC(82) Concurrent Relocate 1.186ms
[18.215s][info][gc,load     ] GC(82) Load: 0.00/0.00/0.00
[18.215s][info][gc,mmu      ] GC(82) MMU: 2ms/95.9%, 5ms/98.4%, 10ms/99.2%, 20ms/99.6%, 50ms/99.8%, 100ms/99.9%
[18.215s][info][gc,marking  ] GC(82) Mark: 8 stripe(s), 2 proactive flush(es), 1 terminate flush(es), 0 completion(s), 0 continuation(s) 
[18.215s][info][gc,marking  ] GC(82) Mark Stack Usage: 32M
[18.215s][info][gc,nmethod  ] GC(82) NMethods: 8044 registered, 2571 unregistered
[18.215s][info][gc,metaspace] GC(82) Metaspace: 71M used, 71M committed, 1088M reserved
[18.215s][info][gc,ref      ] GC(82) Soft: 2430 encountered, 0 discovered, 0 enqueued
[18.215s][info][gc,ref      ] GC(82) Weak: 9278 encountered, 952 discovered, 0 enqueued
[18.215s][info][gc,ref      ] GC(82) Final: 289 encountered, 3 discovered, 0 enqueued
[18.215s][info][gc,ref      ] GC(82) Phantom: 424 encountered, 355 discovered, 0 enqueued
[18.216s][info][gc,reloc    ] GC(82) Small Pages: 134 / 268M, Empty: 164M, Relocated: 5M, In-Place: 0
[18.216s][info][gc,reloc    ] GC(82) Medium Pages: 0 / 0M, Empty: 0M, Relocated: 0M, In-Place: 0
[18.216s][info][gc,reloc    ] GC(82) Large Pages: 0 / 0M, Empty: 0M, Relocated: 0M, In-Place: 0
[18.216s][info][gc,reloc    ] GC(82) Forwarding Usage: 1M
[18.216s][info][gc,heap     ] GC(82) Min Capacity: 8M(1%)
[18.216s][info][gc,heap     ] GC(82) Max Capacity: 1024M(100%)
[18.216s][info][gc,heap     ] GC(82) Soft Max Capacity: 1024M(100%)
[18.216s][info][gc,heap     ] GC(82)                Mark Start          Mark End        Relocate Start      Relocate End           High               Low         
[18.216s][info][gc,heap     ] GC(82)  Capacity:     1024M (100%)       1024M (100%)       1024M (100%)       1024M (100%)       1024M (100%)       1024M (100%)   
[18.216s][info][gc,heap     ] GC(82)      Free:      756M (74%)         730M (71%)         886M (87%)         914M (89%)         914M (89%)         728M (71%)    
[18.216s][info][gc,heap     ] GC(82)      Used:      268M (26%)         294M (29%)         138M (13%)         110M (11%)         296M (29%)         110M (11%)    
[18.216s][info][gc,heap     ] GC(82)      Live:         -                46M (5%)           46M (5%)           46M (5%)             -                  -          
[18.216s][info][gc,heap     ] GC(82) Allocated:         -                26M (3%)           34M (3%)           35M (4%)             -                  -          
[18.216s][info][gc,heap     ] GC(82)   Garbage:         -               221M (22%)          57M (6%)           27M (3%)             -                  -          
[18.216s][info][gc,heap     ] GC(82) Reclaimed:         -                  -               164M (16%)         193M (19%)            -                  -          
[18.216s][info][gc          ] GC(82) Garbage Collection (Allocation Rate) 268M(26%)->110M(11%)
[18.296s][info][gc,start    ] GC(83) Garbage Collection (Allocation Rate)
[18.296s][info][gc,task     ] GC(83) Using 10 workers
[18.296s][info][gc,phases   ] GC(83) Pause Mark Start 0.012ms
[18.323s][info][gc,phases   ] GC(83) Concurrent Mark 26.891ms
[18.323s][info][gc,phases   ] GC(83) Pause Mark End 0.022ms
[18.323s][info][gc,phases   ] GC(83) Concurrent Mark Free 0.001ms
[18.326s][info][gc,phases   ] GC(83) Concurrent Process Non-Strong References 2.236ms
[18.326s][info][gc,phases   ] GC(83) Concurrent Reset Relocation Set 0.003ms
[18.328s][info][gc,phases   ] GC(83) Concurrent Select Relocation Set 2.338ms
[18.328s][info][gc,phases   ] GC(83) Pause Relocate Start 0.007ms
[18.330s][info][gc,phases   ] GC(83) Concurrent Relocate 1.919ms
[18.330s][info][gc,load     ] GC(83) Load: 0.00/0.00/0.00
[18.330s][info][gc,mmu      ] GC(83) MMU: 2ms/95.9%, 5ms/98.4%, 10ms/99.2%, 20ms/99.6%, 50ms/99.8%, 100ms/99.9%
[18.330s][info][gc,marking  ] GC(83) Mark: 8 stripe(s), 2 proactive flush(es), 1 terminate flush(es), 0 completion(s), 0 continuation(s) 
[18.330s][info][gc,marking  ] GC(83) Mark Stack Usage: 32M
[18.330s][info][gc,nmethod  ] GC(83) NMethods: 8044 registered, 2571 unregistered
[18.330s][info][gc,metaspace] GC(83) Metaspace: 71M used, 71M committed, 1088M reserved
[18.330s][info][gc,ref      ] GC(83) Soft: 2430 encountered, 0 discovered, 0 enqueued
[18.330s][info][gc,ref      ] GC(83) Weak: 9278 encountered, 942 discovered, 0 enqueued
[18.330s][info][gc,ref      ] GC(83) Final: 289 encountered, 16 discovered, 0 enqueued
[18.330s][info][gc,ref      ] GC(83) Phantom: 424 encountered, 274 discovered, 0 enqueued
[18.330s][info][gc,reloc    ] GC(83) Small Pages: 135 / 270M, Empty: 168M, Relocated: 5M, In-Place: 0
[18.330s][info][gc,reloc    ] GC(83) Medium Pages: 0 / 0M, Empty: 0M, Relocated: 0M, In-Place: 0
[18.330s][info][gc,reloc    ] GC(83) Large Pages: 0 / 0M, Empty: 0M, Relocated: 0M, In-Place: 0
[18.330s][info][gc,reloc    ] GC(83) Forwarding Usage: 1M
[18.330s][info][gc,heap     ] GC(83) Min Capacity: 8M(1%)
[18.330s][info][gc,heap     ] GC(83) Max Capacity: 1024M(100%)
[18.330s][info][gc,heap     ] GC(83) Soft Max Capacity: 1024M(100%)
[18.330s][info][gc,heap     ] GC(83)                Mark Start          Mark End        Relocate Start      Relocate End           High               Low         
[18.330s][info][gc,heap     ] GC(83)  Capacity:     1024M (100%)       1024M (100%)       1024M (100%)       1024M (100%)       1024M (100%)       1024M (100%)   
[18.330s][info][gc,heap     ] GC(83)      Free:      754M (74%)         702M (69%)         860M (84%)         886M (87%)         886M (87%)         698M (68%)    
[18.330s][info][gc,heap     ] GC(83)      Used:      270M (26%)         322M (31%)         164M (16%)         138M (13%)         326M (32%)         138M (13%)    
[18.330s][info][gc,heap     ] GC(83)      Live:         -                46M (5%)           46M (5%)           46M (5%)             -                  -          
[18.330s][info][gc,heap     ] GC(83) Allocated:         -                52M (5%)           62M (6%)           63M (6%)             -                  -          
[18.330s][info][gc,heap     ] GC(83)   Garbage:         -               223M (22%)          55M (5%)           27M (3%)             -                  -          
[18.330s][info][gc,heap     ] GC(83) Reclaimed:         -                  -               168M (16%)         195M (19%)            -                  -          
[18.330s][info][gc          ] GC(83) Garbage Collection (Allocation Rate) 270M(26%)->138M(13%)
[18.395s][info][gc,start    ] GC(84) Garbage Collection (Allocation Rate)
[18.395s][info][gc,task     ] GC(84) Using 10 workers
[18.396s][info][gc,phases   ] GC(84) Pause Mark Start 0.010ms
[18.413s][info][gc,phases   ] GC(84) Concurrent Mark 17.535ms
[18.413s][info][gc,phases   ] GC(84) Pause Mark End 0.017ms
[18.413s][info][gc,phases   ] GC(84) Concurrent Mark Free 0.001ms
[18.416s][info][gc,phases   ] GC(84) Concurrent Process Non-Strong References 2.233ms
[18.416s][info][gc,phases   ] GC(84) Concurrent Reset Relocation Set 0.004ms
[18.418s][info][gc,phases   ] GC(84) Concurrent Select Relocation Set 2.308ms
[18.418s][info][gc,phases   ] GC(84) Pause Relocate Start 0.008ms
[18.419s][info][gc,phases   ] GC(84) Concurrent Relocate 1.158ms
[18.419s][info][gc,load     ] GC(84) Load: 0.00/0.00/0.00
[18.419s][info][gc,mmu      ] GC(84) MMU: 2ms/95.9%, 5ms/98.4%, 10ms/99.2%, 20ms/99.6%, 50ms/99.8%, 100ms/99.9%
[18.419s][info][gc,marking  ] GC(84) Mark: 8 stripe(s), 2 proactive flush(es), 1 terminate flush(es), 0 completion(s), 0 continuation(s) 
[18.419s][info][gc,marking  ] GC(84) Mark Stack Usage: 32M
[18.419s][info][gc,nmethod  ] GC(84) NMethods: 8044 registered, 2571 unregistered
[18.419s][info][gc,metaspace] GC(84) Metaspace: 71M used, 71M committed, 1088M reserved
[18.419s][info][gc,ref      ] GC(84) Soft: 2430 encountered, 0 discovered, 0 enqueued
[18.419s][info][gc,ref      ] GC(84) Weak: 9278 encountered, 1100 discovered, 0 enqueued
[18.419s][info][gc,ref      ] GC(84) Final: 289 encountered, 4 discovered, 0 enqueued
[18.419s][info][gc,ref      ] GC(84) Phantom: 424 encountered, 319 discovered, 0 enqueued
[18.419s][info][gc,reloc    ] GC(84) Small Pages: 135 / 270M, Empty: 152M, Relocated: 5M, In-Place: 0
[18.419s][info][gc,reloc    ] GC(84) Medium Pages: 0 / 0M, Empty: 0M, Relocated: 0M, In-Place: 0
[18.419s][info][gc,reloc    ] GC(84) Large Pages: 0 / 0M, Empty: 0M, Relocated: 0M, In-Place: 0
[18.419s][info][gc,reloc    ] GC(84) Forwarding Usage: 1M
[18.419s][info][gc,heap     ] GC(84) Min Capacity: 8M(1%)
[18.420s][info][gc,heap     ] GC(84) Max Capacity: 1024M(100%)
[18.420s][info][gc,heap     ] GC(84) Soft Max Capacity: 1024M(100%)
[18.420s][info][gc,heap     ] GC(84)                Mark Start          Mark End        Relocate Start      Relocate End           High               Low         
[18.420s][info][gc,heap     ] GC(84)  Capacity:     1024M (100%)       1024M (100%)       1024M (100%)       1024M (100%)       1024M (100%)       1024M (100%)   
[18.420s][info][gc,heap     ] GC(84)      Free:      754M (74%)         720M (70%)         864M (84%)         906M (88%)         906M (88%)         718M (70%)    
[18.420s][info][gc,heap     ] GC(84)      Used:      270M (26%)         304M (30%)         160M (16%)         118M (12%)         306M (30%)         118M (12%)    
[18.420s][info][gc,heap     ] GC(84)      Live:         -                46M (5%)           46M (5%)           46M (5%)             -                  -          
[18.420s][info][gc,heap     ] GC(84) Allocated:         -                34M (3%)           42M (4%)           43M (4%)             -                  -          
[18.420s][info][gc,heap     ] GC(84)   Garbage:         -               223M (22%)          71M (7%)           27M (3%)             -                  -          
[18.420s][info][gc,heap     ] GC(84) Reclaimed:         -                  -               152M (15%)         195M (19%)            -                  -          
[18.420s][info][gc          ] GC(84) Garbage Collection (Allocation Rate) 270M(26%)->118M(12%)
[18.496s][info][gc,start    ] GC(85) Garbage Collection (Allocation Rate)
[18.496s][info][gc,task     ] GC(85) Using 10 workers
[18.496s][info][gc,phases   ] GC(85) Pause Mark Start 0.009ms
[18.523s][info][gc,phases   ] GC(85) Concurrent Mark 26.875ms
[18.523s][info][gc,phases   ] GC(85) Pause Mark End 0.023ms
[18.523s][info][gc,phases   ] GC(85) Concurrent Mark Free 0.001ms
[18.526s][info][gc,phases   ] GC(85) Concurrent Process Non-Strong References 2.271ms
[18.526s][info][gc,phases   ] GC(85) Concurrent Reset Relocation Set 0.005ms
[18.529s][info][gc,phases   ] GC(85) Concurrent Select Relocation Set 3.508ms
[18.529s][info][gc,phases   ] GC(85) Pause Relocate Start 0.008ms
[18.531s][info][gc,phases   ] GC(85) Concurrent Relocate 1.200ms
[18.531s][info][gc,load     ] GC(85) Load: 0.00/0.00/0.00
[18.531s][info][gc,mmu      ] GC(85) MMU: 2ms/95.9%, 5ms/98.4%, 10ms/99.2%, 20ms/99.6%, 50ms/99.8%, 100ms/99.9%
[18.531s][info][gc,marking  ] GC(85) Mark: 8 stripe(s), 2 proactive flush(es), 1 terminate flush(es), 0 completion(s), 0 continuation(s) 
[18.531s][info][gc,marking  ] GC(85) Mark Stack Usage: 32M
[18.531s][info][gc,nmethod  ] GC(85) NMethods: 8044 registered, 2571 unregistered
[18.531s][info][gc,metaspace] GC(85) Metaspace: 71M used, 71M committed, 1088M reserved
[18.531s][info][gc,ref      ] GC(85) Soft: 2430 encountered, 0 discovered, 0 enqueued
[18.531s][info][gc,ref      ] GC(85) Weak: 9278 encountered, 767 discovered, 0 enqueued
[18.531s][info][gc,ref      ] GC(85) Final: 289 encountered, 19 discovered, 0 enqueued
[18.531s][info][gc,ref      ] GC(85) Phantom: 424 encountered, 349 discovered, 0 enqueued
[18.531s][info][gc,reloc    ] GC(85) Small Pages: 137 / 274M, Empty: 168M, Relocated: 5M, In-Place: 0
[18.531s][info][gc,reloc    ] GC(85) Medium Pages: 0 / 0M, Empty: 0M, Relocated: 0M, In-Place: 0
[18.531s][info][gc,reloc    ] GC(85) Large Pages: 0 / 0M, Empty: 0M, Relocated: 0M, In-Place: 0
[18.531s][info][gc,reloc    ] GC(85) Forwarding Usage: 1M
[18.531s][info][gc,heap     ] GC(85) Min Capacity: 8M(1%)
[18.531s][info][gc,heap     ] GC(85) Max Capacity: 1024M(100%)
[18.531s][info][gc,heap     ] GC(85) Soft Max Capacity: 1024M(100%)
[18.531s][info][gc,heap     ] GC(85)                Mark Start          Mark End        Relocate Start      Relocate End           High               Low         
[18.531s][info][gc,heap     ] GC(85)  Capacity:     1024M (100%)       1024M (100%)       1024M (100%)       1024M (100%)       1024M (100%)       1024M (100%)   
[18.531s][info][gc,heap     ] GC(85)      Free:      750M (73%)         698M (68%)         854M (83%)         886M (87%)         886M (87%)         694M (68%)    
[18.531s][info][gc,heap     ] GC(85)      Used:      274M (27%)         326M (32%)         170M (17%)         138M (13%)         330M (32%)         138M (13%)    
[18.531s][info][gc,heap     ] GC(85)      Live:         -                46M (5%)           46M (5%)           46M (5%)             -                  -          
[18.531s][info][gc,heap     ] GC(85) Allocated:         -                52M (5%)           64M (6%)           63M (6%)             -                  -          
[18.531s][info][gc,heap     ] GC(85)   Garbage:         -               227M (22%)          59M (6%)           27M (3%)             -                  -          
[18.531s][info][gc,heap     ] GC(85) Reclaimed:         -                  -               168M (16%)         199M (20%)            -                  -          
[18.531s][info][gc          ] GC(85) Garbage Collection (Allocation Rate) 274M(27%)->138M(13%)
[18.595s][info][gc,start    ] GC(86) Garbage Collection (Allocation Rate)
[18.595s][info][gc,task     ] GC(86) Using 10 workers
[18.595s][info][gc,phases   ] GC(86) Pause Mark Start 0.011ms
[18.613s][info][gc,phases   ] GC(86) Concurrent Mark 17.527ms
[18.613s][info][gc,phases   ] GC(86) Pause Mark End 0.016ms
[18.613s][info][gc,phases   ] GC(86) Concurrent Mark Free 0.000ms
[18.615s][info][gc,phases   ] GC(86) Concurrent Process Non-Strong References 2.227ms
[18.615s][info][gc,phases   ] GC(86) Concurrent Reset Relocation Set 0.003ms
[18.618s][info][gc,phases   ] GC(86) Concurrent Select Relocation Set 2.366ms
[18.618s][info][gc,phases   ] GC(86) Pause Relocate Start 0.007ms
[18.619s][info][gc,phases   ] GC(86) Concurrent Relocate 1.255ms
[18.619s][info][gc,load     ] GC(86) Load: 0.00/0.00/0.00
[18.619s][info][gc,mmu      ] GC(86) MMU: 2ms/95.9%, 5ms/98.4%, 10ms/99.2%, 20ms/99.6%, 50ms/99.8%, 100ms/99.9%
[18.619s][info][gc,marking  ] GC(86) Mark: 8 stripe(s), 2 proactive flush(es), 1 terminate flush(es), 0 completion(s), 0 continuation(s) 
[18.619s][info][gc,marking  ] GC(86) Mark Stack Usage: 32M
[18.619s][info][gc,nmethod  ] GC(86) NMethods: 8044 registered, 2571 unregistered
[18.619s][info][gc,metaspace] GC(86) Metaspace: 71M used, 71M committed, 1088M reserved
[18.619s][info][gc,ref      ] GC(86) Soft: 2430 encountered, 0 discovered, 0 enqueued
[18.619s][info][gc,ref      ] GC(86) Weak: 9278 encountered, 1634 discovered, 0 enqueued
[18.619s][info][gc,ref      ] GC(86) Final: 289 encountered, 5 discovered, 0 enqueued
[18.619s][info][gc,ref      ] GC(86) Phantom: 424 encountered, 352 discovered, 0 enqueued
[18.619s][info][gc,reloc    ] GC(86) Small Pages: 135 / 270M, Empty: 162M, Relocated: 5M, In-Place: 0
[18.619s][info][gc,reloc    ] GC(86) Medium Pages: 0 / 0M, Empty: 0M, Relocated: 0M, In-Place: 0
[18.619s][info][gc,reloc    ] GC(86) Large Pages: 0 / 0M, Empty: 0M, Relocated: 0M, In-Place: 0
[18.619s][info][gc,reloc    ] GC(86) Forwarding Usage: 1M
[18.620s][info][gc,heap     ] GC(86) Min Capacity: 8M(1%)
[18.620s][info][gc,heap     ] GC(86) Max Capacity: 1024M(100%)
[18.620s][info][gc,heap     ] GC(86) Soft Max Capacity: 1024M(100%)
[18.620s][info][gc,heap     ] GC(86)                Mark Start          Mark End        Relocate Start      Relocate End           High               Low         
[18.620s][info][gc,heap     ] GC(86)  Capacity:     1024M (100%)       1024M (100%)       1024M (100%)       1024M (100%)       1024M (100%)       1024M (100%)   
[18.620s][info][gc,heap     ] GC(86)      Free:      754M (74%)         720M (70%)         874M (85%)         908M (89%)         908M (89%)         718M (70%)    
[18.620s][info][gc,heap     ] GC(86)      Used:      270M (26%)         304M (30%)         150M (15%)         116M (11%)         306M (30%)         116M (11%)    
[18.620s][info][gc,heap     ] GC(86)      Live:         -                46M (5%)           46M (5%)           46M (5%)             -                  -          
[18.620s][info][gc,heap     ] GC(86) Allocated:         -                34M (3%)           42M (4%)           41M (4%)             -                  -          
[18.620s][info][gc,heap     ] GC(86)   Garbage:         -               223M (22%)          61M (6%)           27M (3%)             -                  -          
[18.620s][info][gc,heap     ] GC(86) Reclaimed:         -                  -               162M (16%)         195M (19%)            -                  -          
[18.620s][info][gc          ] GC(86) Garbage Collection (Allocation Rate) 270M(26%)->116M(11%)
[18.795s][info][gc,start    ] GC(87) Garbage Collection (Allocation Rate)
[18.795s][info][gc,task     ] GC(87) Using 4 workers
[18.795s][info][gc,phases   ] GC(87) Pause Mark Start 0.010ms
[18.823s][info][gc,phases   ] GC(87) Concurrent Mark 27.898ms
[18.823s][info][gc,phases   ] GC(87) Pause Mark End 0.018ms
[18.824s][info][gc,phases   ] GC(87) Concurrent Mark Free 0.000ms
[18.828s][info][gc,phases   ] GC(87) Concurrent Process Non-Strong References 4.741ms
[18.828s][info][gc,phases   ] GC(87) Concurrent Reset Relocation Set 0.004ms
[18.832s][info][gc,phases   ] GC(87) Concurrent Select Relocation Set 3.870ms
[18.832s][info][gc,phases   ] GC(87) Pause Relocate Start 0.007ms
[18.834s][info][gc,phases   ] GC(87) Concurrent Relocate 2.025ms
[18.835s][info][gc,load     ] GC(87) Load: 0.00/0.00/0.00
[18.835s][info][gc,mmu      ] GC(87) MMU: 2ms/95.9%, 5ms/98.4%, 10ms/99.2%, 20ms/99.6%, 50ms/99.8%, 100ms/99.9%
[18.835s][info][gc,marking  ] GC(87) Mark: 4 stripe(s), 2 proactive flush(es), 1 terminate flush(es), 0 completion(s), 0 continuation(s) 
[18.835s][info][gc,marking  ] GC(87) Mark Stack Usage: 32M
[18.835s][info][gc,nmethod  ] GC(87) NMethods: 8045 registered, 2571 unregistered
[18.835s][info][gc,metaspace] GC(87) Metaspace: 71M used, 71M committed, 1088M reserved
[18.835s][info][gc,ref      ] GC(87) Soft: 2430 encountered, 0 discovered, 0 enqueued
[18.835s][info][gc,ref      ] GC(87) Weak: 9278 encountered, 1095 discovered, 0 enqueued
[18.835s][info][gc,ref      ] GC(87) Final: 289 encountered, 50 discovered, 0 enqueued
[18.835s][info][gc,ref      ] GC(87) Phantom: 424 encountered, 279 discovered, 0 enqueued
[18.835s][info][gc,reloc    ] GC(87) Small Pages: 236 / 472M, Empty: 354M, Relocated: 5M, In-Place: 0
[18.835s][info][gc,reloc    ] GC(87) Medium Pages: 0 / 0M, Empty: 0M, Relocated: 0M, In-Place: 0
[18.835s][info][gc,reloc    ] GC(87) Large Pages: 0 / 0M, Empty: 0M, Relocated: 0M, In-Place: 0
[18.835s][info][gc,reloc    ] GC(87) Forwarding Usage: 1M
[18.835s][info][gc,heap     ] GC(87) Min Capacity: 8M(1%)
[18.835s][info][gc,heap     ] GC(87) Max Capacity: 1024M(100%)
[18.835s][info][gc,heap     ] GC(87) Soft Max Capacity: 1024M(100%)
[18.835s][info][gc,heap     ] GC(87)                Mark Start          Mark End        Relocate Start      Relocate End           High               Low         
[18.835s][info][gc,heap     ] GC(87)  Capacity:     1024M (100%)       1024M (100%)       1024M (100%)       1024M (100%)       1024M (100%)       1024M (100%)   
[18.835s][info][gc,heap     ] GC(87)      Free:      552M (54%)         500M (49%)         838M (82%)         890M (87%)         890M (87%)         490M (48%)    
[18.835s][info][gc,heap     ] GC(87)      Used:      472M (46%)         524M (51%)         186M (18%)         134M (13%)         534M (52%)         134M (13%)    
[18.835s][info][gc,heap     ] GC(87)      Live:         -                46M (5%)           46M (5%)           46M (5%)             -                  -          
[18.835s][info][gc,heap     ] GC(87) Allocated:         -                52M (5%)           68M (7%)           71M (7%)             -                  -          
[18.835s][info][gc,heap     ] GC(87)   Garbage:         -               425M (42%)          71M (7%)           15M (1%)             -                  -          
[18.835s][info][gc,heap     ] GC(87) Reclaimed:         -                  -               354M (35%)         409M (40%)            -                  -          
[18.835s][info][gc          ] GC(87) Garbage Collection (Allocation Rate) 472M(46%)->134M(13%)
[18.996s][info][gc,start    ] GC(88) Garbage Collection (Allocation Rate)
[18.996s][info][gc,task     ] GC(88) Using 3 workers
[18.996s][info][gc,phases   ] GC(88) Pause Mark Start 0.014ms
[19.045s][info][gc,phases   ] GC(88) Concurrent Mark 48.988ms
[19.045s][info][gc,phases   ] GC(88) Pause Mark End 0.015ms
[19.045s][info][gc,phases   ] GC(88) Concurrent Mark Free 0.001ms
[19.051s][info][gc,phases   ] GC(88) Concurrent Process Non-Strong References 6.183ms
[19.052s][info][gc,phases   ] GC(88) Concurrent Reset Relocation Set 0.005ms
[19.054s][info][gc,phases   ] GC(88) Concurrent Select Relocation Set 2.555ms
[19.054s][info][gc,phases   ] GC(88) Pause Relocate Start 0.007ms
[19.056s][info][gc,phases   ] GC(88) Concurrent Relocate 1.836ms
[19.056s][info][gc,load     ] GC(88) Load: 0.00/0.00/0.00
[19.056s][info][gc,mmu      ] GC(88) MMU: 2ms/95.9%, 5ms/98.4%, 10ms/99.2%, 20ms/99.6%, 50ms/99.8%, 100ms/99.9%
[19.056s][info][gc,marking  ] GC(88) Mark: 2 stripe(s), 2 proactive flush(es), 1 terminate flush(es), 0 completion(s), 0 continuation(s) 
[19.056s][info][gc,marking  ] GC(88) Mark Stack Usage: 32M
[19.056s][info][gc,nmethod  ] GC(88) NMethods: 8306 registered, 2581 unregistered
[19.056s][info][gc,metaspace] GC(88) Metaspace: 71M used, 72M committed, 1088M reserved
[19.056s][info][gc,ref      ] GC(88) Soft: 2437 encountered, 0 discovered, 0 enqueued
[19.056s][info][gc,ref      ] GC(88) Weak: 9090 encountered, 1432 discovered, 54 enqueued
[19.056s][info][gc,ref      ] GC(88) Final: 289 encountered, 62 discovered, 0 enqueued
[19.056s][info][gc,ref      ] GC(88) Phantom: 426 encountered, 278 discovered, 2 enqueued
[19.056s][info][gc,reloc    ] GC(88) Small Pages: 166 / 332M, Empty: 176M, Relocated: 3M, In-Place: 0
[19.056s][info][gc,reloc    ] GC(88) Medium Pages: 0 / 0M, Empty: 0M, Relocated: 0M, In-Place: 0
[19.056s][info][gc,reloc    ] GC(88) Large Pages: 0 / 0M, Empty: 0M, Relocated: 0M, In-Place: 0
[19.056s][info][gc,reloc    ] GC(88) Forwarding Usage: 0M
[19.056s][info][gc,heap     ] GC(88) Min Capacity: 8M(1%)
[19.056s][info][gc,heap     ] GC(88) Max Capacity: 1024M(100%)
[19.056s][info][gc,heap     ] GC(88) Soft Max Capacity: 1024M(100%)
[19.056s][info][gc,heap     ] GC(88)                Mark Start          Mark End        Relocate Start      Relocate End           High               Low         
[19.056s][info][gc,heap     ] GC(88)  Capacity:     1024M (100%)       1024M (100%)       1024M (100%)       1024M (100%)       1024M (100%)       1024M (100%)   
[19.056s][info][gc,heap     ] GC(88)      Free:      692M (68%)         664M (65%)         840M (82%)         934M (91%)         934M (91%)         664M (65%)    
[19.056s][info][gc,heap     ] GC(88)      Used:      332M (32%)         360M (35%)         184M (18%)          90M (9%)          360M (35%)          90M (9%)     
[19.056s][info][gc,heap     ] GC(88)      Live:         -                46M (5%)           46M (5%)           46M (5%)             -                  -          
[19.056s][info][gc,heap     ] GC(88) Allocated:         -                28M (3%)           28M (3%)           27M (3%)             -                  -          
[19.056s][info][gc,heap     ] GC(88)   Garbage:         -               285M (28%)         109M (11%)          15M (2%)             -                  -          
[19.056s][info][gc,heap     ] GC(88) Reclaimed:         -                  -               176M (17%)         269M (26%)            -                  -          
[19.057s][info][gc          ] GC(88) Garbage Collection (Allocation Rate) 332M(32%)->90M(9%)
[19.057s][info][gc,start    ] GC(89) Garbage Collection (System.gc())
[19.057s][info][gc,task     ] GC(89) Using 10 workers
[19.057s][info][gc,phases   ] GC(89) Pause Mark Start 0.006ms
[19.073s][info][gc,phases   ] GC(89) Concurrent Mark 16.602ms
[19.073s][info][gc,phases   ] GC(89) Pause Mark End 0.016ms
[19.073s][info][gc,phases   ] GC(89) Concurrent Mark Free 0.001ms
[19.086s][info][gc,phases   ] GC(89) Concurrent Process Non-Strong References 12.284ms
[19.086s][info][gc,phases   ] GC(89) Concurrent Reset Relocation Set 0.006ms
[19.089s][info][gc,phases   ] GC(89) Concurrent Select Relocation Set 3.481ms
[19.089s][info][gc,phases   ] GC(89) Pause Relocate Start 0.008ms
[19.092s][info][gc,phases   ] GC(89) Concurrent Relocate 2.141ms
[19.092s][info][gc,load     ] GC(89) Load: 0.00/0.00/0.00
[19.092s][info][gc,mmu      ] GC(89) MMU: 2ms/95.9%, 5ms/98.4%, 10ms/99.2%, 20ms/99.6%, 50ms/99.8%, 100ms/99.9%
[19.092s][info][gc,marking  ] GC(89) Mark: 8 stripe(s), 2 proactive flush(es), 1 terminate flush(es), 0 completion(s), 0 continuation(s) 
[19.092s][info][gc,marking  ] GC(89) Mark Stack Usage: 32M
[19.092s][info][gc,nmethod  ] GC(89) NMethods: 8283 registered, 2607 unregistered
[19.092s][info][gc,metaspace] GC(89) Metaspace: 71M used, 72M committed, 1088M reserved
[19.092s][info][gc,ref      ] GC(89) Soft: 2449 encountered, 0 discovered, 0 enqueued
[19.092s][info][gc,ref      ] GC(89) Weak: 9848 encountered, 1726 discovered, 10 enqueued
[19.092s][info][gc,ref      ] GC(89) Final: 289 encountered, 1 discovered, 0 enqueued
[19.092s][info][gc,ref      ] GC(89) Phantom: 427 encountered, 393 discovered, 3 enqueued
[19.092s][info][gc,reloc    ] GC(89) Small Pages: 45 / 90M, Empty: 0M, Relocated: 3M, In-Place: 0
[19.092s][info][gc,reloc    ] GC(89) Medium Pages: 0 / 0M, Empty: 0M, Relocated: 0M, In-Place: 0
[19.092s][info][gc,reloc    ] GC(89) Large Pages: 0 / 0M, Empty: 0M, Relocated: 0M, In-Place: 0
[19.092s][info][gc,reloc    ] GC(89) Forwarding Usage: 1M
[19.092s][info][gc,heap     ] GC(89) Min Capacity: 8M(1%)
[19.092s][info][gc,heap     ] GC(89) Max Capacity: 1024M(100%)
[19.092s][info][gc,heap     ] GC(89) Soft Max Capacity: 1024M(100%)
[19.092s][info][gc,heap     ] GC(89)                Mark Start          Mark End        Relocate Start      Relocate End           High               Low         
[19.092s][info][gc,heap     ] GC(89)  Capacity:     1024M (100%)       1024M (100%)       1024M (100%)       1024M (100%)       1024M (100%)       1024M (100%)   
[19.092s][info][gc,heap     ] GC(89)      Free:      934M (91%)         932M (91%)         932M (91%)         944M (92%)         944M (92%)         912M (89%)    
[19.092s][info][gc,heap     ] GC(89)      Used:       90M (9%)           92M (9%)           92M (9%)           80M (8%)          112M (11%)          80M (8%)     
[19.092s][info][gc,heap     ] GC(89)      Live:         -                47M (5%)           47M (5%)           47M (5%)             -                  -          
[19.092s][info][gc,heap     ] GC(89) Allocated:         -                 2M (0%)            2M (0%)            2M (0%)             -                  -          
[19.092s][info][gc,heap     ] GC(89)   Garbage:         -                42M (4%)           42M (4%)           30M (3%)             -                  -          
[19.092s][info][gc,heap     ] GC(89) Reclaimed:         -                  -                 0M (0%)           12M (1%)             -                  -          
[19.092s][info][gc          ] GC(89) Garbage Collection (System.gc()) 90M(9%)->80M(8%)
[19.296s][info][gc,start    ] GC(90) Garbage Collection (Allocation Rate)
[19.296s][info][gc,task     ] GC(90) Using 3 workers
[19.297s][info][gc,phases   ] GC(90) Pause Mark Start 0.011ms
[19.394s][info][gc,phases   ] GC(90) Concurrent Mark 97.330ms
[19.395s][info][gc,phases   ] GC(90) Pause Mark End 0.025ms
[19.490s][info][gc,phases   ] GC(90) Concurrent Mark Free 0.005ms
[19.500s][info][gc,phases   ] GC(90) Concurrent Process Non-Strong References 10.127ms
[19.500s][info][gc,phases   ] GC(90) Concurrent Reset Relocation Set 0.005ms
[19.502s][info][gc          ] Allocation Stall (finagle/netty4-2-59) 9.956ms
[19.502s][info][gc          ] Allocation Stall (finagle/netty4-2-4) 10.252ms
[19.502s][info][gc          ] Allocation Stall (finagle/netty4-2-22) 10.029ms
[19.502s][info][gc          ] Allocation Stall (finagle/netty4-2-79) 10.248ms
[19.502s][info][gc          ] Allocation Stall (finagle/netty4-2-7) 9.832ms
[19.502s][info][gc          ] Allocation Stall (finagle/netty4-2-86) 10.345ms
[19.502s][info][gc          ] Allocation Stall (finagle/netty4-2-55) 9.652ms
[19.502s][info][gc          ] Allocation Stall (finagle/netty4-2-71) 9.790ms
[19.502s][info][gc          ] Allocation Stall (finagle/netty4-2-91) 9.801ms
[19.502s][info][gc          ] Allocation Stall (finagle/netty4-2-76) 10.379ms
[19.502s][info][gc          ] Allocation Stall (finagle-http-worker-24) 9.367ms
[19.502s][info][gc          ] Allocation Stall (finagle/netty4-2-33) 9.825ms
[19.502s][info][gc          ] Allocation Stall (finagle/netty4-2-65) 10.302ms
[19.502s][info][gc          ] Allocation Stall (finagle/netty4-2-94) 9.532ms
[19.502s][info][gc          ] Allocation Stall (finagle/netty4-2-39) 10.471ms
[19.502s][info][gc          ] Allocation Stall (finagle/netty4-2-57) 9.448ms
[19.502s][info][gc          ] Allocation Stall (finagle/netty4-2-20) 9.369ms
[19.502s][info][gc          ] Allocation Stall (finagle/netty4-2-77) 9.374ms
[19.502s][info][gc          ] Allocation Stall (finagle-http-worker-28) 9.403ms
[19.503s][info][gc          ] Allocation Stall (finagle/netty4-2-2) 9.435ms
[19.503s][info][gc          ] Allocation Stall (finagle/netty4-2-46) 9.261ms
[19.503s][info][gc          ] Allocation Stall (finagle-http-worker-45) 9.082ms
[19.503s][info][gc          ] Allocation Stall (finagle-http-worker-44) 9.189ms
[19.503s][info][gc          ] Allocation Stall (finagle/netty4-2-37) 9.137ms
[19.503s][info][gc          ] Allocation Stall (finagle/netty4-2-80) 9.170ms
[19.503s][info][gc          ] Allocation Stall (finagle/netty4-2-6) 9.149ms
[19.503s][info][gc          ] Allocation Stall (finagle/netty4-2-68) 9.062ms
[19.503s][info][gc          ] Allocation Stall (finagle/netty4-2-48) 9.018ms
[19.503s][info][gc          ] Allocation Stall (finagle/netty4-2-84) 8.919ms
[19.503s][info][gc          ] Allocation Stall (finagle/netty4-2-72) 8.773ms
[19.503s][info][gc          ] Allocation Stall (finagle/netty4-2-49) 8.720ms
[19.503s][info][gc          ] Allocation Stall (finagle/netty4-2-89) 8.567ms
[19.503s][info][gc          ] Allocation Stall (finagle/netty4-2-74) 8.577ms
[19.503s][info][gc          ] Allocation Stall (finagle/netty4-2-66) 8.409ms
[19.503s][info][gc          ] Allocation Stall (finagle/netty4-2-56) 8.361ms
[19.503s][info][gc          ] Allocation Stall (finagle/netty4-2-13) 8.325ms
[19.503s][info][gc          ] Allocation Stall (finagle/netty4-2-54) 8.336ms
[19.503s][info][gc          ] Allocation Stall (finagle/netty4-2-64) 8.085ms
[19.503s][info][gc          ] Allocation Stall (finagle/netty4-2-73) 8.079ms
[19.503s][info][gc          ] Allocation Stall (finagle/netty4-2-90) 8.089ms
[19.504s][info][gc          ] Allocation Stall (finagle/netty4-2-83) 8.246ms
[19.504s][info][gc          ] Allocation Stall (finagle/netty4-2-78) 8.285ms
[19.504s][info][gc          ] Allocation Stall (finagle/netty4-2-92) 8.303ms
[19.504s][info][gc          ] Allocation Stall (finagle/netty4-2-88) 8.303ms
[19.504s][info][gc          ] Allocation Stall (finagle/netty4-2-93) 8.494ms
[19.504s][info][gc          ] Allocation Stall (finagle/netty4-2-70) 8.505ms
[19.505s][info][gc          ] Allocation Stall (finagle/netty4-2-95) 9.046ms
[19.505s][info][gc,phases   ] GC(90) Concurrent Select Relocation Set 4.874ms
[19.505s][info][gc          ] Allocation Stall (finagle/netty4-2-75) 8.981ms
[19.505s][info][gc          ] Allocation Stall (finagle/netty4-2-53) 0.522ms
[19.505s][info][gc          ] Allocation Stall (finagle/netty4-2-62) 1.865ms
[19.505s][info][gc          ] Allocation Stall (finagle-http-worker-16) 0.672ms
[19.506s][info][gc,phases   ] GC(90) Pause Relocate Start 0.009ms
[19.518s][info][gc,phases   ] GC(90) Concurrent Relocate 11.625ms
[19.518s][info][gc,load     ] GC(90) Load: 0.00/0.00/0.00
[19.518s][info][gc,mmu      ] GC(90) MMU: 2ms/95.9%, 5ms/98.4%, 10ms/99.2%, 20ms/99.6%, 50ms/99.8%, 100ms/99.9%
[19.518s][info][gc,marking  ] GC(90) Mark: 2 stripe(s), 3 proactive flush(es), 1 terminate flush(es), 0 completion(s), 0 continuation(s) 
[19.518s][info][gc,marking  ] GC(90) Mark Stack Usage: 32M
[19.518s][info][gc,nmethod  ] GC(90) NMethods: 8486 registered, 2760 unregistered
[19.518s][info][gc,metaspace] GC(90) Metaspace: 71M used, 72M committed, 1088M reserved
[19.518s][info][gc,ref      ] GC(90) Soft: 2457 encountered, 0 discovered, 0 enqueued
[19.518s][info][gc,ref      ] GC(90) Weak: 10757 encountered, 2062 discovered, 1 enqueued
[19.518s][info][gc,ref      ] GC(90) Final: 289 encountered, 22 discovered, 0 enqueued
[19.518s][info][gc,ref      ] GC(90) Phantom: 424 encountered, 305 discovered, 0 enqueued
[19.518s][info][gc,reloc    ] GC(90) Small Pages: 199 / 398M, Empty: 30M, Relocated: 6M, In-Place: 0
[19.518s][info][gc,reloc    ] GC(90) Medium Pages: 0 / 0M, Empty: 0M, Relocated: 0M, In-Place: 0
[19.518s][info][gc,reloc    ] GC(90) Large Pages: 0 / 0M, Empty: 0M, Relocated: 0M, In-Place: 0
[19.518s][info][gc,reloc    ] GC(90) Forwarding Usage: 3M
[19.518s][info][gc,heap     ] GC(90) Min Capacity: 8M(1%)
[19.518s][info][gc,heap     ] GC(90) Max Capacity: 1024M(100%)
[19.518s][info][gc,heap     ] GC(90) Soft Max Capacity: 1024M(100%)
[19.518s][info][gc,heap     ] GC(90)                Mark Start          Mark End        Relocate Start      Relocate End           High               Low         
[19.518s][info][gc,heap     ] GC(90)  Capacity:     1024M (100%)       1024M (100%)       1024M (100%)       1024M (100%)       1024M (100%)       1024M (100%)   
[19.518s][info][gc,heap     ] GC(90)      Free:      626M (61%)         326M (32%)          10M (1%)          290M (28%)         626M (61%)           0M (0%)     
[19.518s][info][gc,heap     ] GC(90)      Used:      398M (39%)         698M (68%)        1014M (99%)         734M (72%)        1024M (100%)        398M (39%)    
[19.518s][info][gc,heap     ] GC(90)      Live:         -                50M (5%)           50M (5%)           50M (5%)             -                  -          
[19.518s][info][gc,heap     ] GC(90) Allocated:         -               300M (29%)         646M (63%)         664M (65%)            -                  -          
[19.518s][info][gc,heap     ] GC(90)   Garbage:         -               347M (34%)         317M (31%)          18M (2%)             -                  -          
[19.518s][info][gc,heap     ] GC(90) Reclaimed:         -                  -                30M (3%)          328M (32%)            -                  -          
[19.518s][info][gc          ] GC(90) Garbage Collection (Allocation Rate) 398M(39%)->734M(72%)
[19.596s][info][gc,start    ] GC(91) Garbage Collection (Allocation Stall)
[19.596s][info][gc,ref      ] GC(91) Clearing All SoftReferences
[19.596s][info][gc,task     ] GC(91) Using 10 workers
[19.596s][info][gc,ref      ] GC(91) Clearing All SoftReferences
[19.596s][info][gc,phases   ] GC(91) Pause Mark Start 0.068ms
[19.628s][info][gc,phases   ] GC(91) Concurrent Mark 31.536ms
[19.628s][info][gc,phases   ] GC(91) Pause Mark End 0.032ms
[19.628s][info][gc,phases   ] GC(91) Concurrent Mark Free 0.001ms
[19.642s][info][gc,phases   ] GC(91) Concurrent Process Non-Strong References 13.877ms
[19.642s][info][gc,phases   ] GC(91) Concurrent Reset Relocation Set 0.027ms
[19.642s][info][gc          ] Allocation Stall (finagle/netty4-2-18) 45.445ms
[19.642s][info][gc          ] Allocation Stall (finagle/netty4-2-7) 45.654ms
[19.642s][info][gc          ] Allocation Stall (finagle-http-worker-43) 45.956ms
[19.642s][info][gc          ] Allocation Stall (finagle-http-worker-3) 45.853ms
[19.642s][info][gc          ] Allocation Stall (finagle-http-worker-2) 45.827ms
[19.642s][info][gc          ] Allocation Stall (finagle/netty4-2-64) 45.966ms
[19.643s][info][gc          ] Allocation Stall (finagle-http-worker-31) 45.959ms
[19.643s][info][gc          ] Allocation Stall (finagle-http-worker-38) 46.001ms
[19.643s][info][gc          ] Allocation Stall (finagle/netty4-2-6) 45.709ms
[19.643s][info][gc          ] Allocation Stall (finagle-http-worker-25) 45.763ms
[19.643s][info][gc          ] Allocation Stall (finagle/netty4-2-46) 45.545ms
[19.643s][info][gc          ] Allocation Stall (finagle-http-worker-32) 45.997ms
[19.643s][info][gc          ] Allocation Stall (finagle/netty4-2-38) 45.781ms
[19.643s][info][gc          ] Allocation Stall (Netty 4 Timer-1) 30.046ms
[19.643s][info][gc          ] Allocation Stall (finagle-http-worker-15) 46.031ms
[19.643s][info][gc          ] Allocation Stall (finagle-http-worker-39) 46.033ms
[19.643s][info][gc          ] Allocation Stall (finagle-http-worker-16) 46.033ms
[19.643s][info][gc          ] Allocation Stall (finagle-http-worker-21) 46.043ms
[19.643s][info][gc          ] Allocation Stall (finagle-http-worker-10) 45.876ms
[19.643s][info][gc          ] Allocation Stall (finagle/netty4-2-63) 46.076ms
[19.643s][info][gc          ] Allocation Stall (finagle/netty4-2-34) 45.637ms
[19.643s][info][gc          ] Allocation Stall (finagle/netty4-2-13) 45.510ms
[19.643s][info][gc          ] Allocation Stall (finagle/netty4-2-90) 46.067ms
[19.643s][info][gc          ] Allocation Stall (finagle-http-worker-35) 46.028ms
[19.643s][info][gc          ] Allocation Stall (finagle/netty4-2-33) 45.516ms
[19.643s][info][gc          ] Allocation Stall (finagle/netty4-2-51) 46.094ms
[19.643s][info][gc          ] Allocation Stall (finagle/netty4-2-91) 46.174ms
[19.643s][info][gc          ] Allocation Stall (finagle-http-worker-9) 46.088ms
[19.643s][info][gc          ] Allocation Stall (finagle-http-worker-8) 45.771ms
[19.643s][info][gc          ] Allocation Stall (finagle/netty4-2-45) 46.130ms
[19.643s][info][gc          ] Allocation Stall (finagle/netty4-2-22) 45.509ms
[19.643s][info][gc          ] Allocation Stall (finagle/netty4-2-67) 46.184ms
[19.643s][info][gc          ] Allocation Stall (finagle/netty4-2-56) 46.208ms
[19.643s][info][gc          ] Allocation Stall (finagle/netty4-2-73) 46.154ms
[19.643s][info][gc          ] Allocation Stall (finagle-http-worker-0) 46.129ms
[19.643s][info][gc          ] Allocation Stall (finagle-http-worker-46) 46.138ms
[19.643s][info][gc          ] Allocation Stall (finagle/netty4-2-88) 46.193ms
[19.643s][info][gc          ] Allocation Stall (finagle-http-worker-20) 46.107ms
[19.643s][info][gc          ] Allocation Stall (finagle/netty4-2-35) 46.125ms
[19.643s][info][gc          ] Allocation Stall (finagle-http-worker-42) 46.107ms
[19.643s][info][gc          ] Allocation Stall (finagle/netty4-2-14) 46.109ms
[19.643s][info][gc          ] Allocation Stall (finagle/netty4-2-1) 46.227ms
[19.643s][info][gc          ] Allocation Stall (finagle/netty4-2-31) 46.230ms
[19.643s][info][gc          ] Allocation Stall (finagle-http-worker-7) 46.195ms
[19.643s][info][gc          ] Allocation Stall (finagle-http-worker-37) 46.214ms
[19.643s][info][gc          ] Allocation Stall (finagle/netty4-2-68) 46.257ms
[19.643s][info][gc          ] Allocation Stall (finagle/netty4-2-39) 46.188ms
[19.643s][info][gc          ] Allocation Stall (finagle/netty4-2-30) 46.184ms
[19.643s][info][gc          ] Allocation Stall (finagle/netty4-2-27) 46.194ms
[19.643s][info][gc          ] Allocation Stall (finagle-http-worker-4) 46.123ms
[19.643s][info][gc          ] Allocation Stall (finagle/netty4-2-94) 46.139ms
[19.643s][info][gc          ] Allocation Stall (finagle/netty4-2-4) 45.777ms
[19.643s][info][gc          ] Allocation Stall (finagle/netty4-2-26) 46.237ms
[19.643s][info][gc          ] Allocation Stall (finagle/netty4-2-61) 46.282ms
[19.643s][info][gc          ] Allocation Stall (finagle/netty4-2-43) 46.270ms
[19.643s][info][gc          ] Allocation Stall (finagle/netty4-2-76) 46.276ms
[19.643s][info][gc          ] Allocation Stall (finagle/netty4-2-40) 46.189ms
[19.643s][info][gc          ] Allocation Stall (finagle/netty4-2-12) 45.640ms
[19.643s][info][gc          ] Allocation Stall (finagle/netty4-2-20) 46.232ms
[19.643s][info][gc          ] Allocation Stall (finagle/netty4-2-47) 46.244ms
[19.643s][info][gc          ] Allocation Stall (finagle-http-worker-34) 45.947ms
[19.643s][info][gc          ] Allocation Stall (finagle/netty4-2-16) 46.251ms
[19.643s][info][gc          ] Allocation Stall (finagle/netty4-2-36) 46.225ms
[19.643s][info][gc          ] Allocation Stall (finagle/netty4-2-53) 46.275ms
[19.643s][info][gc          ] Allocation Stall (finagle-http-worker-44) 46.189ms
[19.643s][info][gc          ] Allocation Stall (finagle/netty4-2-11) 46.264ms
[19.646s][info][gc,phases   ] GC(91) Concurrent Select Relocation Set 4.201ms
[19.649s][info][gc,phases   ] GC(91) Pause Relocate Start 0.009ms
[19.653s][info][gc,phases   ] GC(91) Concurrent Relocate 2.948ms
[19.653s][info][gc,load     ] GC(91) Load: 0.00/0.00/0.00
[19.653s][info][gc,mmu      ] GC(91) MMU: 2ms/95.9%, 5ms/98.4%, 10ms/99.2%, 20ms/99.6%, 50ms/99.8%, 100ms/99.9%
[19.653s][info][gc,marking  ] GC(91) Mark: 8 stripe(s), 2 proactive flush(es), 1 terminate flush(es), 0 completion(s), 0 continuation(s) 
[19.653s][info][gc,marking  ] GC(91) Mark Stack Usage: 32M
[19.653s][info][gc,nmethod  ] GC(91) NMethods: 8445 registered, 2890 unregistered
[19.653s][info][gc,metaspace] GC(91) Metaspace: 71M used, 72M committed, 1088M reserved
[19.653s][info][gc,ref      ] GC(91) Soft: 2454 encountered, 1391 discovered, 113 enqueued
[19.653s][info][gc,ref      ] GC(91) Weak: 10756 encountered, 1238 discovered, 4 enqueued
[19.653s][info][gc,ref      ] GC(91) Final: 289 encountered, 17 discovered, 0 enqueued
[19.653s][info][gc,ref      ] GC(91) Phantom: 424 encountered, 354 discovered, 0 enqueued
[19.654s][info][gc,reloc    ] GC(91) Small Pages: 512 / 1024M, Empty: 704M, Relocated: 6M, In-Place: 0
[19.654s][info][gc,reloc    ] GC(91) Medium Pages: 0 / 0M, Empty: 0M, Relocated: 0M, In-Place: 0
[19.654s][info][gc,reloc    ] GC(91) Large Pages: 0 / 0M, Empty: 0M, Relocated: 0M, In-Place: 0
[19.654s][info][gc,reloc    ] GC(91) Forwarding Usage: 2M
[19.654s][info][gc,heap     ] GC(91) Min Capacity: 8M(1%)
[19.654s][info][gc,heap     ] GC(91) Max Capacity: 1024M(100%)
[19.654s][info][gc,heap     ] GC(91) Soft Max Capacity: 1024M(100%)
[19.654s][info][gc,heap     ] GC(91)                Mark Start          Mark End        Relocate Start      Relocate End           High               Low         
[19.654s][info][gc,heap     ] GC(91)  Capacity:     1024M (100%)       1024M (100%)       1024M (100%)       1024M (100%)       1024M (100%)       1024M (100%)   
[19.654s][info][gc,heap     ] GC(91)      Free:        0M (0%)            0M (0%)          668M (65%)         910M (89%)         910M (89%)           0M (0%)     
[19.654s][info][gc,heap     ] GC(91)      Used:     1024M (100%)       1024M (100%)        356M (35%)         114M (11%)        1024M (100%)        114M (11%)    
[19.654s][info][gc,heap     ] GC(91)      Live:         -                49M (5%)           49M (5%)           49M (5%)             -                  -          
[19.654s][info][gc,heap     ] GC(91) Allocated:         -                 0M (0%)           36M (4%)           37M (4%)             -                  -          
[19.654s][info][gc,heap     ] GC(91)   Garbage:         -               974M (95%)         270M (26%)          27M (3%)             -                  -          
[19.654s][info][gc,heap     ] GC(91) Reclaimed:         -                  -               704M (69%)         947M (93%)            -                  -          
[19.654s][info][gc          ] GC(91) Garbage Collection (Allocation Stall) 1024M(100%)->114M(11%)
[19.696s][info][gc,start    ] GC(92) Garbage Collection (Allocation Stall)
[19.696s][info][gc,ref      ] GC(92) Clearing All SoftReferences
[19.696s][info][gc,task     ] GC(92) Using 10 workers
[19.696s][info][gc,ref      ] GC(92) Clearing All SoftReferences
[19.697s][info][gc,phases   ] GC(92) Pause Mark Start 0.049ms
[19.722s][info][gc,phases   ] GC(92) Concurrent Mark 24.845ms
[19.722s][info][gc,phases   ] GC(92) Pause Mark End 0.029ms
[19.734s][info][gc,phases   ] GC(92) Concurrent Mark Free 0.003ms
[19.766s][info][gc,phases   ] GC(92) Concurrent Process Non-Strong References 32.081ms
[19.766s][info][gc,phases   ] GC(92) Concurrent Reset Relocation Set 0.035ms
[19.775s][info][gc,phases   ] GC(92) Concurrent Select Relocation Set 8.395ms
[19.775s][info][gc,phases   ] GC(92) Pause Relocate Start 0.012ms
[19.781s][info][gc,phases   ] GC(92) Concurrent Relocate 5.310ms
[19.781s][info][gc,load     ] GC(92) Load: 0.00/0.00/0.00
[19.781s][info][gc,mmu      ] GC(92) MMU: 2ms/95.9%, 5ms/98.4%, 10ms/99.2%, 20ms/99.6%, 50ms/99.8%, 100ms/99.9%
[19.781s][info][gc,marking  ] GC(92) Mark: 8 stripe(s), 5 proactive flush(es), 1 terminate flush(es), 0 completion(s), 0 continuation(s) 
[19.781s][info][gc,marking  ] GC(92) Mark Stack Usage: 32M
[19.781s][info][gc,nmethod  ] GC(92) NMethods: 8446 registered, 2953 unregistered
[19.781s][info][gc,metaspace] GC(92) Metaspace: 71M used, 72M committed, 1088M reserved
[19.781s][info][gc,ref      ] GC(92) Soft: 2389 encountered, 135 discovered, 0 enqueued
[19.781s][info][gc,ref      ] GC(92) Weak: 10752 encountered, 2359 discovered, 0 enqueued
[19.781s][info][gc,ref      ] GC(92) Final: 289 encountered, 2 discovered, 0 enqueued
[19.781s][info][gc,ref      ] GC(92) Phantom: 424 encountered, 382 discovered, 0 enqueued
[19.781s][info][gc,reloc    ] GC(92) Small Pages: 132 / 264M, Empty: 18M, Relocated: 10M, In-Place: 0
[19.781s][info][gc,reloc    ] GC(92) Medium Pages: 0 / 0M, Empty: 0M, Relocated: 0M, In-Place: 0
[19.781s][info][gc,reloc    ] GC(92) Large Pages: 0 / 0M, Empty: 0M, Relocated: 0M, In-Place: 0
[19.781s][info][gc,reloc    ] GC(92) Forwarding Usage: 2M
[19.781s][info][gc,heap     ] GC(92) Min Capacity: 8M(1%)
[19.781s][info][gc,heap     ] GC(92) Max Capacity: 1024M(100%)
[19.781s][info][gc,heap     ] GC(92) Soft Max Capacity: 1024M(100%)
[19.782s][info][gc,heap     ] GC(92)                Mark Start          Mark End        Relocate Start      Relocate End           High               Low         
[19.782s][info][gc,heap     ] GC(92)  Capacity:     1024M (100%)       1024M (100%)       1024M (100%)       1024M (100%)       1024M (100%)       1024M (100%)   
[19.782s][info][gc,heap     ] GC(92)      Free:      760M (74%)         660M (64%)         462M (45%)         622M (61%)         760M (74%)         444M (43%)    
[19.782s][info][gc,heap     ] GC(92)      Used:      264M (26%)         364M (36%)         562M (55%)         402M (39%)         580M (57%)         264M (26%)    
[19.782s][info][gc,heap     ] GC(92)      Live:         -                50M (5%)           50M (5%)           50M (5%)             -                  -          
[19.782s][info][gc,heap     ] GC(92) Allocated:         -               100M (10%)         316M (31%)         328M (32%)            -                  -          
[19.782s][info][gc,heap     ] GC(92)   Garbage:         -               213M (21%)         195M (19%)          23M (2%)             -                  -          
[19.782s][info][gc,heap     ] GC(92) Reclaimed:         -                  -                18M (2%)          190M (19%)            -                  -          
[19.782s][info][gc          ] GC(92) Garbage Collection (Allocation Stall) 264M(26%)->402M(39%)
[19.796s][info][gc,start    ] GC(93) Garbage Collection (Allocation Rate)
[19.796s][info][gc,task     ] GC(93) Using 10 workers
[19.796s][info][gc,phases   ] GC(93) Pause Mark Start 0.010ms
[19.852s][info][gc,phases   ] GC(93) Concurrent Mark 55.700ms
[19.853s][info][gc,phases   ] GC(93) Pause Mark End 0.026ms
[19.926s][info][gc,phases   ] GC(93) Concurrent Mark Free 0.002ms
[19.929s][info][gc,phases   ] GC(93) Concurrent Process Non-Strong References 3.794ms
[19.930s][info][gc,phases   ] GC(93) Concurrent Reset Relocation Set 0.033ms
[19.934s][info][gc          ] Allocation Stall (finagle/netty4-2-82) 1.345ms
[19.934s][info][gc          ] Allocation Stall (finagle/netty4-2-70) 0.924ms
[19.934s][info][gc          ] Allocation Stall (finagle/netty4-2-51) 0.799ms
[19.934s][info][gc          ] Allocation Stall (finagle-http-worker-3) 0.935ms
[19.934s][info][gc          ] Allocation Stall (finagle-http-worker-41) 1.208ms
[19.934s][info][gc          ] Allocation Stall (finagle/netty4-2-41) 0.948ms
[19.934s][info][gc          ] Allocation Stall (finagle/netty4-2-75) 1.769ms
[19.934s][info][gc          ] Allocation Stall (finagle/netty4-2-54) 1.365ms
[19.934s][info][gc          ] Allocation Stall (finagle-http-worker-24) 2.895ms
[19.934s][info][gc          ] Allocation Stall (finagle/netty4-2-56) 1.592ms
[19.934s][info][gc          ] Allocation Stall (finagle/netty4-2-55) 1.056ms
[19.934s][info][gc          ] Allocation Stall (finagle-http-worker-16) 2.592ms
[19.934s][info][gc          ] Allocation Stall (finagle/netty4-2-7) 2.248ms
[19.934s][info][gc          ] Allocation Stall (finagle/netty4-2-78) 1.720ms
[19.934s][info][gc          ] Allocation Stall (finagle/netty4-2-29) 3.252ms
[19.934s][info][gc          ] Allocation Stall (finagle/netty4-2-57) 2.265ms
[19.934s][info][gc          ] Allocation Stall (finagle/netty4-2-10) 3.003ms
[19.934s][info][gc          ] Allocation Stall (finagle/netty4-2-92) 1.454ms
[19.934s][info][gc          ] Allocation Stall (finagle/netty4-2-16) 1.798ms
[19.934s][info][gc          ] Allocation Stall (finagle/netty4-2-52) 3.380ms
[19.934s][info][gc          ] Allocation Stall (finagle/netty4-2-95) 2.662ms
[19.934s][info][gc          ] Allocation Stall (finagle-http-worker-0) 3.470ms
[19.934s][info][gc          ] Allocation Stall (finagle/netty4-2-96) 3.660ms
[19.934s][info][gc          ] Allocation Stall (finagle/netty4-2-34) 3.692ms
[19.934s][info][gc          ] Allocation Stall (finagle/netty4-2-39) 3.627ms
[19.934s][info][gc          ] Allocation Stall (finagle/netty4-2-49) 1.473ms
[19.934s][info][gc          ] Allocation Stall (finagle-http-worker-19) 2.324ms
[19.934s][info][gc          ] Allocation Stall (finagle/netty4-2-60) 1.521ms
[19.934s][info][gc          ] Allocation Stall (finagle/netty4-2-20) 3.672ms
[19.934s][info][gc          ] Allocation Stall (finagle-http-worker-38) 3.185ms
[19.934s][info][gc          ] Allocation Stall (finagle/netty4-2-86) 3.387ms
[19.934s][info][gc          ] Allocation Stall (finagle/netty4-2-93) 1.866ms
[19.934s][info][gc          ] Allocation Stall (finagle/netty4-2-47) 3.546ms
[19.934s][info][gc          ] Allocation Stall (finagle-http-worker-18) 1.752ms
[19.934s][info][gc          ] Allocation Stall (finagle/netty4-2-83) 1.914ms
[19.934s][info][gc          ] Allocation Stall (finagle/netty4-2-25) 1.162ms
[19.934s][info][gc          ] Allocation Stall (finagle/netty4-2-94) 2.570ms
[19.934s][info][gc          ] Allocation Stall (finagle/netty4-2-38) 3.864ms
[19.934s][info][gc          ] Allocation Stall (finagle-http-worker-34) 3.875ms
[19.934s][info][gc          ] Allocation Stall (finagle-http-worker-14) 3.207ms
[19.934s][info][gc          ] Allocation Stall (finagle/netty4-2-35) 3.811ms
[19.934s][info][gc          ] Allocation Stall (finagle/netty4-2-59) 3.294ms
[19.934s][info][gc          ] Allocation Stall (finagle/netty4-2-43) 3.638ms
[19.934s][info][gc          ] Allocation Stall (finagle/netty4-2-90) 2.633ms
[19.934s][info][gc          ] Allocation Stall (finagle/netty4-2-44) 2.316ms
[19.934s][info][gc          ] Allocation Stall (finagle-http-worker-29) 2.083ms
[19.934s][info][gc          ] Allocation Stall (finagle-http-worker-15) 2.187ms
[19.934s][info][gc          ] Allocation Stall (finagle/netty4-2-46) 1.853ms
[19.934s][info][gc          ] Allocation Stall (finagle-http-worker-36) 2.727ms
[19.934s][info][gc,phases   ] GC(93) Concurrent Select Relocation Set 4.237ms
[19.936s][info][gc,phases   ] GC(93) Pause Relocate Start 0.008ms
[19.940s][info][gc,phases   ] GC(93) Concurrent Relocate 3.153ms
[19.940s][info][gc,load     ] GC(93) Load: 0.00/0.00/0.00
[19.940s][info][gc,mmu      ] GC(93) MMU: 2ms/95.9%, 5ms/98.4%, 10ms/99.2%, 20ms/99.6%, 50ms/99.8%, 100ms/99.9%
[19.940s][info][gc,marking  ] GC(93) Mark: 8 stripe(s), 3 proactive flush(es), 1 terminate flush(es), 0 completion(s), 0 continuation(s) 
[19.940s][info][gc,marking  ] GC(93) Mark Stack Usage: 32M
[19.940s][info][gc,nmethod  ] GC(93) NMethods: 8449 registered, 2958 unregistered
[19.940s][info][gc,metaspace] GC(93) Metaspace: 71M used, 72M committed, 1088M reserved
[19.940s][info][gc,ref      ] GC(93) Soft: 2389 encountered, 0 discovered, 0 enqueued
[19.940s][info][gc,ref      ] GC(93) Weak: 10752 encountered, 2605 discovered, 0 enqueued
[19.940s][info][gc,ref      ] GC(93) Final: 289 encountered, 9 discovered, 0 enqueued
[19.940s][info][gc,ref      ] GC(93) Phantom: 424 encountered, 369 discovered, 0 enqueued
[19.940s][info][gc,reloc    ] GC(93) Small Pages: 233 / 466M, Empty: 116M, Relocated: 6M, In-Place: 0
[19.940s][info][gc,reloc    ] GC(93) Medium Pages: 0 / 0M, Empty: 0M, Relocated: 0M, In-Place: 0
[19.940s][info][gc,reloc    ] GC(93) Large Pages: 0 / 0M, Empty: 0M, Relocated: 0M, In-Place: 0
[19.940s][info][gc,reloc    ] GC(93) Forwarding Usage: 2M
[19.940s][info][gc,heap     ] GC(93) Min Capacity: 8M(1%)
[19.940s][info][gc,heap     ] GC(93) Max Capacity: 1024M(100%)
[19.940s][info][gc,heap     ] GC(93) Soft Max Capacity: 1024M(100%)
[19.940s][info][gc,heap     ] GC(93)                Mark Start          Mark End        Relocate Start      Relocate End           High               Low         
[19.940s][info][gc,heap     ] GC(93)  Capacity:     1024M (100%)       1024M (100%)       1024M (100%)       1024M (100%)       1024M (100%)       1024M (100%)   
[19.940s][info][gc,heap     ] GC(93)      Free:      558M (54%)         322M (31%)          96M (9%)          366M (36%)         558M (54%)           0M (0%)     
[19.940s][info][gc,heap     ] GC(93)      Used:      466M (46%)         702M (69%)         928M (91%)         658M (64%)        1024M (100%)        466M (46%)    
[19.940s][info][gc,heap     ] GC(93)      Live:         -                50M (5%)           50M (5%)           50M (5%)             -                  -          
[19.940s][info][gc,heap     ] GC(93) Allocated:         -               236M (23%)         578M (56%)         579M (57%)            -                  -          
[19.940s][info][gc,heap     ] GC(93)   Garbage:         -               415M (41%)         299M (29%)          28M (3%)             -                  -          
[19.940s][info][gc,heap     ] GC(93) Reclaimed:         -                  -               116M (11%)         387M (38%)            -                  -          
[19.940s][info][gc          ] GC(93) Garbage Collection (Allocation Rate) 466M(46%)->658M(64%)
[19.995s][info][gc,start    ] GC(94) Garbage Collection (Allocation Stall)
[19.996s][info][gc,ref      ] GC(94) Clearing All SoftReferences
[19.996s][info][gc,task     ] GC(94) Using 10 workers
[19.996s][info][gc,ref      ] GC(94) Clearing All SoftReferences
[19.996s][info][gc,phases   ] GC(94) Pause Mark Start 0.048ms
[20.020s][info][gc,phases   ] GC(94) Concurrent Mark 23.393ms
[20.020s][info][gc,phases   ] GC(94) Pause Mark End 0.025ms
[20.020s][info][gc,phases   ] GC(94) Concurrent Mark Free 0.001ms
[20.023s][info][gc,phases   ] GC(94) Concurrent Process Non-Strong References 2.561ms
[20.023s][info][gc,phases   ] GC(94) Concurrent Reset Relocation Set 0.020ms
[20.023s][info][gc          ] Allocation Stall (finagle-http-worker-17) 2.777ms
[20.023s][info][gc          ] Allocation Stall (finagle/netty4-2-93) 1.310ms
[20.023s][info][gc          ] Allocation Stall (finagle/netty4-2-75) 1.561ms
[20.023s][info][gc          ] Allocation Stall (finagle/netty4-2-38) 2.368ms
[20.023s][info][gc          ] Allocation Stall (finagle/netty4-2-70) 1.557ms
[20.023s][info][gc          ] Allocation Stall (finagle/netty4-2-14) 2.591ms
[20.023s][info][gc          ] Allocation Stall (finagle/netty4-2-82) 3.139ms
[20.023s][info][gc          ] Allocation Stall (finagle/netty4-2-66) 4.339ms
[20.023s][info][gc          ] Allocation Stall (finagle-http-worker-24) 3.333ms
[20.023s][info][gc          ] Allocation Stall (finagle/netty4-2-57) 2.419ms
[20.023s][info][gc          ] Allocation Stall (finagle/netty4-2-77) 1.785ms
[20.023s][info][gc          ] Allocation Stall (finagle/netty4-2-34) 4.180ms
[20.023s][info][gc          ] Allocation Stall (finagle/netty4-2-95) 1.126ms
[20.023s][info][gc          ] Allocation Stall (finagle/netty4-2-49) 2.420ms
[20.023s][info][gc          ] Allocation Stall (finagle-http-worker-25) 2.504ms
[20.023s][info][gc          ] Allocation Stall (finagle/netty4-2-45) 2.579ms
[20.023s][info][gc          ] Allocation Stall (finagle/netty4-2-52) 3.715ms
[20.023s][info][gc          ] Allocation Stall (finagle/netty4-2-48) 3.471ms
[20.023s][info][gc          ] Allocation Stall (finagle/netty4-2-56) 2.220ms
[20.023s][info][gc          ] Allocation Stall (finagle/netty4-2-54) 1.254ms
[20.023s][info][gc          ] Allocation Stall (finagle/netty4-2-20) 3.135ms
[20.023s][info][gc          ] Allocation Stall (finagle-http-worker-16) 4.215ms
[20.023s][info][gc          ] Allocation Stall (finagle/netty4-2-26) 3.812ms
[20.023s][info][gc          ] Allocation Stall (finagle-http-worker-27) 2.688ms
[20.023s][info][gc          ] Allocation Stall (finagle/netty4-2-35) 3.819ms
[20.023s][info][gc          ] Allocation Stall (finagle/netty4-2-62) 3.854ms
[20.023s][info][gc          ] Allocation Stall (finagle/netty4-2-16) 3.542ms
[20.023s][info][gc          ] Allocation Stall (finagle/netty4-2-84) 2.737ms
[20.023s][info][gc          ] Allocation Stall (finagle/netty4-2-83) 1.266ms
[20.023s][info][gc          ] Allocation Stall (finagle/netty4-2-51) 3.533ms
[20.023s][info][gc          ] Allocation Stall (finagle/netty4-2-30) 3.664ms
[20.023s][info][gc          ] Allocation Stall (finagle-http-worker-33) 3.771ms
[20.023s][info][gc          ] Allocation Stall (finagle/netty4-2-37) 4.152ms
[20.023s][info][gc          ] Allocation Stall (finagle/netty4-2-92) 1.650ms
[20.023s][info][gc          ] Allocation Stall (finagle-http-worker-46) 3.804ms
[20.023s][info][gc          ] Allocation Stall (finagle/netty4-2-90) 3.483ms
[20.023s][info][gc          ] Allocation Stall (finagle/netty4-2-78) 1.589ms
[20.023s][info][gc          ] Allocation Stall (finagle/netty4-2-81) 2.198ms
[20.023s][info][gc          ] Allocation Stall (finagle/netty4-2-13) 3.329ms
[20.023s][info][gc          ] Allocation Stall (finagle/netty4-2-73) 2.043ms
[20.023s][info][gc          ] Allocation Stall (finagle/netty4-2-64) 4.019ms
[20.023s][info][gc          ] Allocation Stall (finagle/netty4-2-63) 2.638ms
[20.023s][info][gc          ] Allocation Stall (finagle/netty4-2-25) 4.078ms
[20.023s][info][gc          ] Allocation Stall (finagle/netty4-2-55) 3.652ms
[20.023s][info][gc          ] Allocation Stall (finagle/netty4-2-86) 3.810ms
[20.023s][info][gc          ] Allocation Stall (finagle-http-worker-15) 2.825ms
[20.023s][info][gc          ] Allocation Stall (finagle/netty4-2-85) 3.528ms
[20.023s][info][gc          ] Allocation Stall (finagle/netty4-2-50) 2.662ms
[20.031s][info][gc,phases   ] GC(94) Concurrent Select Relocation Set 8.247ms
[20.031s][info][gc,phases   ] GC(94) Pause Relocate Start 0.010ms
[20.038s][info][gc,phases   ] GC(94) Concurrent Relocate 5.714ms
[20.038s][info][gc,load     ] GC(94) Load: 0.00/0.00/0.00
[20.038s][info][gc,mmu      ] GC(94) MMU: 2ms/95.9%, 5ms/98.4%, 10ms/99.2%, 20ms/99.6%, 50ms/99.8%, 100ms/99.9%
[20.038s][info][gc,marking  ] GC(94) Mark: 8 stripe(s), 3 proactive flush(es), 1 terminate flush(es), 0 completion(s), 0 continuation(s) 
[20.038s][info][gc,marking  ] GC(94) Mark Stack Usage: 32M
[20.038s][info][gc,nmethod  ] GC(94) NMethods: 8443 registered, 2966 unregistered
[20.038s][info][gc,metaspace] GC(94) Metaspace: 71M used, 72M committed, 1088M reserved
[20.038s][info][gc,ref      ] GC(94) Soft: 2389 encountered, 132 discovered, 0 enqueued
[20.038s][info][gc,ref      ] GC(94) Weak: 10752 encountered, 1737 discovered, 0 enqueued
[20.038s][info][gc,ref      ] GC(94) Final: 289 encountered, 4 discovered, 0 enqueued
[20.038s][info][gc,ref      ] GC(94) Phantom: 424 encountered, 306 discovered, 0 enqueued
[20.038s][info][gc,reloc    ] GC(94) Small Pages: 460 / 920M, Empty: 572M, Relocated: 11M, In-Place: 0
[20.038s][info][gc,reloc    ] GC(94) Medium Pages: 0 / 0M, Empty: 0M, Relocated: 0M, In-Place: 0
[20.038s][info][gc,reloc    ] GC(94) Large Pages: 0 / 0M, Empty: 0M, Relocated: 0M, In-Place: 0
[20.038s][info][gc,reloc    ] GC(94) Forwarding Usage: 3M
[20.038s][info][gc,heap     ] GC(94) Min Capacity: 8M(1%)
[20.038s][info][gc,heap     ] GC(94) Max Capacity: 1024M(100%)
[20.038s][info][gc,heap     ] GC(94) Soft Max Capacity: 1024M(100%)
[20.038s][info][gc,heap     ] GC(94)                Mark Start          Mark End        Relocate Start      Relocate End           High               Low         
[20.038s][info][gc,heap     ] GC(94)  Capacity:     1024M (100%)       1024M (100%)       1024M (100%)       1024M (100%)       1024M (100%)       1024M (100%)   
[20.038s][info][gc,heap     ] GC(94)      Free:      104M (10%)           0M (0%)          530M (52%)         790M (77%)         796M (78%)           0M (0%)     
[20.038s][info][gc,heap     ] GC(94)      Used:      920M (90%)        1024M (100%)        494M (48%)         234M (23%)        1024M (100%)        228M (22%)    
[20.038s][info][gc,heap     ] GC(94)      Live:         -                50M (5%)           50M (5%)           50M (5%)             -                  -          
[20.038s][info][gc,heap     ] GC(94) Allocated:         -               104M (10%)         146M (14%)         162M (16%)            -                  -          
[20.038s][info][gc,heap     ] GC(94)   Garbage:         -               869M (85%)         297M (29%)          20M (2%)             -                  -          
[20.038s][info][gc,heap     ] GC(94) Reclaimed:         -                  -               572M (56%)         848M (83%)            -                  -          
[20.038s][info][gc          ] GC(94) Garbage Collection (Allocation Stall) 920M(90%)->234M(23%)
[20.096s][info][gc,start    ] GC(95) Garbage Collection (Allocation Stall)
[20.096s][info][gc,stats    ] === Garbage Collection Statistics =======================================================================================================================
[20.096s][info][gc,ref      ] GC(95) Clearing All SoftReferences
[20.096s][info][gc,stats    ]                                                              Last 10s              Last 10m              Last 10h                Total
[20.096s][info][gc,task     ] GC(95) Using 10 workers
[20.096s][info][gc,stats    ]                                                              Avg / Max             Avg / Max             Avg / Max             Avg / Max
[20.096s][info][gc,stats    ]   Collector: Garbage Collection Cycle                     56.315 / 221.560      63.414 / 227.632      63.414 / 227.632      63.414 / 227.632     ms
[20.096s][info][gc,stats    ]  Contention: Mark Segment Reset Contention                    47 / 77               26 / 77               26 / 77               26 / 77          ops/s
[20.096s][info][gc,stats    ]  Contention: Mark SeqNum Reset Contention                      5 / 14                3 / 14                3 / 14                3 / 14          ops/s
[20.096s][info][gc,stats    ]    Critical: Allocation Stall                                 31 / 214              15 / 214              15 / 214              15 / 214         ops/s
[20.096s][info][gc,stats    ]    Critical: Allocation Stall                             18.435 / 46.282       18.435 / 46.282       18.435 / 46.282       18.435 / 46.282      ms
[20.096s][info][gc,stats    ]    Critical: GC Locker Stall                                   0 / 1                 0 / 1                 0 / 1                 0 / 1           ops/s
[20.096s][info][gc,stats    ]    Critical: GC Locker Stall                               0.001 / 0.001         0.001 / 0.001         0.001 / 0.001         0.001 / 0.001       ms
[20.096s][info][gc,ref      ] GC(95) Clearing All SoftReferences
[20.096s][info][gc,stats    ]    Critical: Relocation Stall                                  0 / 0                 0 / 0                 0 / 0                 0 / 0           ops/s
[20.096s][info][gc,phases   ] GC(95) Pause Mark Start 0.054ms
[20.096s][info][gc,stats    ]    Critical: Relocation Stall                              0.000 / 0.000         0.000 / 0.000         0.000 / 0.000         0.000 / 0.000       ms
[20.096s][info][gc,stats    ]      Memory: Allocation Rate                                4214 / 6026           2260 / 6026           2260 / 6026           2260 / 6026        MB/s
[20.096s][info][gc,stats    ]      Memory: Defragment                                        0 / 0                 0 / 0                 0 / 0                 0 / 0           ops/s
[20.096s][info][gc,stats    ]      Memory: Out Of Memory                                     0 / 0                 0 / 0                 0 / 0                 0 / 0           ops/s
[20.096s][info][gc,stats    ]      Memory: Page Cache Flush                                  0 / 0                 0 / 0                 0 / 0                 0 / 0           MB/s
[20.097s][info][gc,stats    ]      Memory: Page Cache Hit L1                              2173 / 3113           1151 / 3113           1151 / 3113           1151 / 3113        ops/s
[20.097s][info][gc,stats    ]      Memory: Page Cache Hit L2                                 0 / 0                 0 / 0                 0 / 0                 0 / 0           ops/s
[20.097s][info][gc,stats    ]      Memory: Page Cache Hit L3                                16 / 106              25 / 186              25 / 186              25 / 186         ops/s
[20.097s][info][gc,stats    ]      Memory: Page Cache Miss                                   0 / 0                 0 / 1                 0 / 1                 0 / 1           ops/s
[20.097s][info][gc,stats    ]      Memory: Uncommit                                          0 / 0                 0 / 0                 0 / 0                 0 / 0           MB/s
[20.097s][info][gc,stats    ]      Memory: Undo Object Allocation Failed                  1015 / 1720            555 / 1720            555 / 1720            555 / 1720        ops/s
[20.097s][info][gc,stats    ]      Memory: Undo Object Allocation Succeeded                 87 / 153              50 / 153              50 / 153              50 / 153         ops/s
[20.097s][info][gc,stats    ]      Memory: Undo Page Allocation                            386 / 602             203 / 602             203 / 602             203 / 602         ops/s
[20.097s][info][gc,stats    ]       Phase: Concurrent Mark                              31.047 / 164.365      33.913 / 164.365      33.913 / 164.365      33.913 / 164.365     ms
[20.097s][info][gc,stats    ]       Phase: Concurrent Mark Continue                      0.000 / 0.000         0.000 / 0.000         0.000 / 0.000         0.000 / 0.000       ms
[20.097s][info][gc,stats    ]       Phase: Concurrent Mark Free                          0.001 / 0.005         0.002 / 0.005         0.002 / 0.005         0.002 / 0.005       ms
[20.097s][info][gc,stats    ]       Phase: Concurrent Process Non-Strong References      5.876 / 32.081        6.722 / 41.839        6.722 / 41.839        6.722 / 41.839      ms
[20.097s][info][gc,stats    ]       Phase: Concurrent Relocate                           4.024 / 11.625        4.608 / 17.218        4.608 / 17.218        4.608 / 17.218      ms
[20.097s][info][gc,stats    ]       Phase: Concurrent Reset Relocation Set               0.028 / 0.062         0.028 / 0.065         0.028 / 0.065         0.028 / 0.065       ms
[20.097s][info][gc,stats    ]       Phase: Concurrent Select Relocation Set              6.388 / 19.177        6.534 / 19.177        6.534 / 19.177        6.534 / 19.177      ms
[20.097s][info][gc,stats    ]       Phase: Pause Mark End                                0.025 / 0.049         0.025 / 0.049         0.025 / 0.049         0.025 / 0.049       ms
[20.097s][info][gc,stats    ]       Phase: Pause Mark Start                              0.014 / 0.082         0.013 / 0.082         0.013 / 0.082         0.013 / 0.082       ms
[20.097s][info][gc,stats    ]       Phase: Pause Relocate Start                          0.009 / 0.012         0.008 / 0.012         0.008 / 0.012         0.008 / 0.012       ms
[20.097s][info][gc,stats    ]    Subphase: Concurrent Classes Purge                      0.200 / 1.530         0.293 / 3.466         0.293 / 3.466         0.293 / 3.466       ms
[20.097s][info][gc,stats    ]    Subphase: Concurrent Classes Unlink                     3.412 / 24.695        3.745 / 28.260        3.745 / 28.260        3.745 / 28.260      ms
[20.097s][info][gc,stats    ]    Subphase: Concurrent Mark                              25.069 / 157.163      27.373 / 157.163      27.373 / 157.163      27.373 / 157.163     ms
[20.097s][info][gc,stats    ]    Subphase: Concurrent Mark Try Flush                     1.973 / 92.703        2.480 / 92.703        2.480 / 92.703        2.480 / 92.703      ms
[20.097s][info][gc,stats    ]    Subphase: Concurrent Mark Try Terminate                 1.943 / 29.147        2.179 / 29.147        2.179 / 29.147        2.179 / 29.147      ms
[20.097s][info][gc,stats    ]    Subphase: Concurrent References Enqueue                 0.002 / 0.008         0.002 / 0.008         0.002 / 0.008         0.002 / 0.008       ms
[20.097s][info][gc,stats    ]    Subphase: Concurrent References Process                 0.176 / 0.481         0.189 / 0.746         0.189 / 0.746         0.189 / 0.746       ms
[20.097s][info][gc,stats    ]    Subphase: Concurrent Roots ClassLoaderDataGraph         0.058 / 0.645         0.062 / 1.405         0.062 / 1.405         0.062 / 1.405       ms
[20.097s][info][gc,stats    ]    Subphase: Concurrent Roots CodeCache                    0.000 / 0.000         0.000 / 0.000         0.000 / 0.000         0.000 / 0.000       ms
[20.097s][info][gc,stats    ]    Subphase: Concurrent Roots JavaThreads                  4.428 / 25.953        5.142 / 25.953        5.142 / 25.953        5.142 / 25.953      ms
[20.097s][info][gc,stats    ]    Subphase: Concurrent Roots OopStorageSet                0.026 / 0.070         0.033 / 0.966         0.033 / 0.966         0.033 / 0.966       ms
[20.097s][info][gc,stats    ]    Subphase: Concurrent Weak Roots OopStorageSet           0.350 / 1.175         0.350 / 1.175         0.350 / 1.175         0.350 / 1.175       ms
[20.097s][info][gc,stats    ]    Subphase: Pause Mark Try Complete                       0.002 / 0.003         0.001 / 0.003         0.001 / 0.003         0.001 / 0.003       ms
[20.097s][info][gc,stats    ]      System: Java Threads                                    167 / 193             164 / 193             164 / 193             164 / 193         threads
[20.097s][info][gc,stats    ] =========================================================================================================================================================
[20.121s][info][gc,phases   ] GC(95) Concurrent Mark 24.146ms
[20.121s][info][gc,phases   ] GC(95) Pause Mark End 0.023ms
[20.124s][info][gc,phases   ] GC(95) Concurrent Mark Free 0.001ms
[20.129s][info][gc,phases   ] GC(95) Concurrent Process Non-Strong References 4.215ms
[20.129s][info][gc,phases   ] GC(95) Concurrent Reset Relocation Set 0.035ms
[20.134s][info][gc,phases   ] GC(95) Concurrent Select Relocation Set 5.000ms
[20.134s][info][gc,phases   ] GC(95) Pause Relocate Start 0.007ms
[20.139s][info][gc,phases   ] GC(95) Concurrent Relocate 4.614ms
[20.139s][info][gc,load     ] GC(95) Load: 0.00/0.00/0.00
[20.139s][info][gc,mmu      ] GC(95) MMU: 2ms/95.9%, 5ms/98.4%, 10ms/99.2%, 20ms/99.6%, 50ms/99.8%, 100ms/99.9%
[20.139s][info][gc,marking  ] GC(95) Mark: 8 stripe(s), 5 proactive flush(es), 1 terminate flush(es), 0 completion(s), 0 continuation(s) 
[20.139s][info][gc,marking  ] GC(95) Mark Stack Usage: 32M
[20.139s][info][gc,nmethod  ] GC(95) NMethods: 8444 registered, 2967 unregistered
[20.139s][info][gc,metaspace] GC(95) Metaspace: 71M used, 72M committed, 1088M reserved
[20.139s][info][gc,ref      ] GC(95) Soft: 2389 encountered, 627 discovered, 0 enqueued
[20.139s][info][gc,ref      ] GC(95) Weak: 10752 encountered, 1361 discovered, 0 enqueued
[20.139s][info][gc,ref      ] GC(95) Final: 289 encountered, 0 discovered, 0 enqueued
[20.139s][info][gc,ref      ] GC(95) Phantom: 424 encountered, 340 discovered, 0 enqueued
[20.139s][info][gc,reloc    ] GC(95) Small Pages: 260 / 520M, Empty: 194M, Relocated: 10M, In-Place: 0
[20.139s][info][gc,reloc    ] GC(95) Medium Pages: 0 / 0M, Empty: 0M, Relocated: 0M, In-Place: 0
[20.139s][info][gc,reloc    ] GC(95) Large Pages: 0 / 0M, Empty: 0M, Relocated: 0M, In-Place: 0
[20.139s][info][gc,reloc    ] GC(95) Forwarding Usage: 3M
[20.139s][info][gc,heap     ] GC(95) Min Capacity: 8M(1%)
[20.139s][info][gc,heap     ] GC(95) Max Capacity: 1024M(100%)
[20.139s][info][gc,heap     ] GC(95) Soft Max Capacity: 1024M(100%)
[20.139s][info][gc,heap     ] GC(95)                Mark Start          Mark End        Relocate Start      Relocate End           High               Low         
[20.139s][info][gc,heap     ] GC(95)  Capacity:     1024M (100%)       1024M (100%)       1024M (100%)       1024M (100%)       1024M (100%)       1024M (100%)   
[20.139s][info][gc,heap     ] GC(95)      Free:      504M (49%)         386M (38%)         524M (51%)         768M (75%)         770M (75%)         352M (34%)    
[20.139s][info][gc,heap     ] GC(95)      Used:      520M (51%)         638M (62%)         500M (49%)         256M (25%)         672M (66%)         254M (25%)    
[20.139s][info][gc,heap     ] GC(95)      Live:         -                50M (5%)           50M (5%)           50M (5%)             -                  -          
[20.139s][info][gc,heap     ] GC(95) Allocated:         -               118M (12%)         174M (17%)         182M (18%)            -                  -          
[20.139s][info][gc,heap     ] GC(95)   Garbage:         -               469M (46%)         275M (27%)          22M (2%)             -                  -          
[20.139s][info][gc,heap     ] GC(95) Reclaimed:         -                  -               194M (19%)         446M (44%)            -                  -          
[20.140s][info][gc          ] GC(95) Garbage Collection (Allocation Stall) 520M(51%)->256M(25%)
[20.196s][info][gc,start    ] GC(96) Garbage Collection (Allocation Rate)
[20.196s][info][gc,task     ] GC(96) Using 10 workers
[20.197s][info][gc,phases   ] GC(96) Pause Mark Start 0.011ms
[20.223s][info][gc,phases   ] GC(96) Concurrent Mark 25.704ms
[20.223s][info][gc,phases   ] GC(96) Pause Mark End 0.027ms
[20.224s][info][gc,phases   ] GC(96) Concurrent Mark Free 0.002ms
[20.228s][info][gc,phases   ] GC(96) Concurrent Process Non-Strong References 3.927ms
[20.228s][info][gc,phases   ] GC(96) Concurrent Reset Relocation Set 0.049ms
[20.234s][info][gc,phases   ] GC(96) Concurrent Select Relocation Set 6.385ms
[20.234s][info][gc,phases   ] GC(96) Pause Relocate Start 0.010ms
[20.240s][info][gc,phases   ] GC(96) Concurrent Relocate 5.346ms
[20.240s][info][gc,load     ] GC(96) Load: 0.00/0.00/0.00
[20.240s][info][gc,mmu      ] GC(96) MMU: 2ms/95.9%, 5ms/98.4%, 10ms/99.2%, 20ms/99.6%, 50ms/99.8%, 100ms/99.9%
[20.240s][info][gc,marking  ] GC(96) Mark: 8 stripe(s), 3 proactive flush(es), 1 terminate flush(es), 0 completion(s), 0 continuation(s) 
[20.240s][info][gc,marking  ] GC(96) Mark Stack Usage: 32M
[20.240s][info][gc,nmethod  ] GC(96) NMethods: 8443 registered, 2969 unregistered
[20.240s][info][gc,metaspace] GC(96) Metaspace: 71M used, 72M committed, 1088M reserved
[20.240s][info][gc,ref      ] GC(96) Soft: 2389 encountered, 0 discovered, 0 enqueued
[20.240s][info][gc,ref      ] GC(96) Weak: 10752 encountered, 1932 discovered, 0 enqueued
[20.240s][info][gc,ref      ] GC(96) Final: 289 encountered, 1 discovered, 0 enqueued
[20.240s][info][gc,ref      ] GC(96) Phantom: 424 encountered, 366 discovered, 0 enqueued
[20.240s][info][gc,reloc    ] GC(96) Small Pages: 269 / 538M, Empty: 236M, Relocated: 10M, In-Place: 0
[20.240s][info][gc,reloc    ] GC(96) Medium Pages: 0 / 0M, Empty: 0M, Relocated: 0M, In-Place: 0
[20.241s][info][gc,reloc    ] GC(96) Large Pages: 0 / 0M, Empty: 0M, Relocated: 0M, In-Place: 0
[20.241s][info][gc,reloc    ] GC(96) Forwarding Usage: 3M
[20.241s][info][gc,heap     ] GC(96) Min Capacity: 8M(1%)
[20.241s][info][gc,heap     ] GC(96) Max Capacity: 1024M(100%)
[20.241s][info][gc,heap     ] GC(96) Soft Max Capacity: 1024M(100%)
[20.241s][info][gc,heap     ] GC(96)                Mark Start          Mark End        Relocate Start      Relocate End           High               Low         
[20.241s][info][gc,heap     ] GC(96)  Capacity:     1024M (100%)       1024M (100%)       1024M (100%)       1024M (100%)       1024M (100%)       1024M (100%)   
[20.241s][info][gc,heap     ] GC(96)      Free:      486M (47%)         362M (35%)         550M (54%)         764M (75%)         772M (75%)         342M (33%)    
[20.241s][info][gc,heap     ] GC(96)      Used:      538M (53%)         662M (65%)         474M (46%)         260M (25%)         682M (67%)         252M (25%)    
[20.241s][info][gc,heap     ] GC(96)      Live:         -                50M (5%)           50M (5%)           50M (5%)             -                  -          
[20.241s][info][gc,heap     ] GC(96) Allocated:         -               124M (12%)         172M (17%)         187M (18%)            -                  -          
[20.241s][info][gc,heap     ] GC(96)   Garbage:         -               487M (48%)         251M (25%)          22M (2%)             -                  -          
[20.241s][info][gc,heap     ] GC(96) Reclaimed:         -                  -               236M (23%)         465M (45%)            -                  -          
[20.241s][info][gc          ] GC(96) Garbage Collection (Allocation Rate) 538M(53%)->260M(25%)
[20.295s][info][gc,start    ] GC(97) Garbage Collection (Allocation Rate)
[20.296s][info][gc,task     ] GC(97) Using 10 workers
[20.296s][info][gc,phases   ] GC(97) Pause Mark Start 0.010ms
[20.320s][info][gc,phases   ] GC(97) Concurrent Mark 23.661ms
[20.320s][info][gc,phases   ] GC(97) Pause Mark End 0.024ms
[20.320s][info][gc,phases   ] GC(97) Concurrent Mark Free 0.001ms
[20.324s][info][gc,phases   ] GC(97) Concurrent Process Non-Strong References 3.931ms
[20.324s][info][gc,phases   ] GC(97) Concurrent Reset Relocation Set 0.036ms
[20.335s][info][gc,phases   ] GC(97) Concurrent Select Relocation Set 10.934ms
[20.335s][info][gc,phases   ] GC(97) Pause Relocate Start 0.010ms
[20.342s][info][gc,phases   ] GC(97) Concurrent Relocate 6.466ms
[20.342s][info][gc,load     ] GC(97) Load: 0.00/0.00/0.00
[20.342s][info][gc,mmu      ] GC(97) MMU: 2ms/95.9%, 5ms/98.4%, 10ms/99.2%, 20ms/99.6%, 50ms/99.8%, 100ms/99.9%
[20.342s][info][gc,marking  ] GC(97) Mark: 8 stripe(s), 3 proactive flush(es), 1 terminate flush(es), 0 completion(s), 0 continuation(s) 
[20.342s][info][gc,marking  ] GC(97) Mark Stack Usage: 32M
[20.342s][info][gc,nmethod  ] GC(97) NMethods: 8443 registered, 2969 unregistered
[20.343s][info][gc,metaspace] GC(97) Metaspace: 71M used, 72M committed, 1088M reserved
[20.343s][info][gc,ref      ] GC(97) Soft: 2389 encountered, 0 discovered, 0 enqueued
[20.343s][info][gc,ref      ] GC(97) Weak: 10752 encountered, 1000 discovered, 0 enqueued
[20.343s][info][gc,ref      ] GC(97) Final: 289 encountered, 1 discovered, 0 enqueued
[20.343s][info][gc,ref      ] GC(97) Phantom: 424 encountered, 301 discovered, 0 enqueued
[20.343s][info][gc,reloc    ] GC(97) Small Pages: 268 / 536M, Empty: 196M, Relocated: 10M, In-Place: 0
[20.343s][info][gc,reloc    ] GC(97) Medium Pages: 0 / 0M, Empty: 0M, Relocated: 0M, In-Place: 0
[20.343s][info][gc,reloc    ] GC(97) Large Pages: 0 / 0M, Empty: 0M, Relocated: 0M, In-Place: 0
[20.343s][info][gc,reloc    ] GC(97) Forwarding Usage: 3M
[20.343s][info][gc,heap     ] GC(97) Min Capacity: 8M(1%)
[20.343s][info][gc,heap     ] GC(97) Max Capacity: 1024M(100%)
[20.343s][info][gc,heap     ] GC(97) Soft Max Capacity: 1024M(100%)
[20.343s][info][gc,heap     ] GC(97)                Mark Start          Mark End        Relocate Start      Relocate End           High               Low         
[20.343s][info][gc,heap     ] GC(97)  Capacity:     1024M (100%)       1024M (100%)       1024M (100%)       1024M (100%)       1024M (100%)       1024M (100%)   
[20.343s][info][gc,heap     ] GC(97)      Free:      488M (48%)         376M (37%)         506M (49%)         752M (73%)         762M (74%)         358M (35%)    
[20.343s][info][gc,heap     ] GC(97)      Used:      536M (52%)         648M (63%)         518M (51%)         272M (27%)         666M (65%)         262M (26%)    
[20.343s][info][gc,heap     ] GC(97)      Live:         -                50M (5%)           50M (5%)           50M (5%)             -                  -          
[20.343s][info][gc,heap     ] GC(97) Allocated:         -               112M (11%)         178M (17%)         199M (19%)            -                  -          
[20.343s][info][gc,heap     ] GC(97)   Garbage:         -               485M (47%)         289M (28%)          22M (2%)             -                  -          
[20.343s][info][gc,heap     ] GC(97) Reclaimed:         -                  -               196M (19%)         463M (45%)            -                  -          
[20.343s][info][gc          ] GC(97) Garbage Collection (Allocation Rate) 536M(52%)->272M(27%)
[20.396s][info][gc,start    ] GC(98) Garbage Collection (Allocation Rate)
[20.396s][info][gc,task     ] GC(98) Using 10 workers
[20.396s][info][gc,phases   ] GC(98) Pause Mark Start 0.013ms
[20.421s][info][gc,phases   ] GC(98) Concurrent Mark 24.118ms
[20.421s][info][gc,phases   ] GC(98) Pause Mark End 0.025ms
[20.421s][info][gc,phases   ] GC(98) Concurrent Mark Free 0.001ms
[20.425s][info][gc,phases   ] GC(98) Concurrent Process Non-Strong References 3.696ms
[20.425s][info][gc,phases   ] GC(98) Concurrent Reset Relocation Set 0.039ms
[20.430s][info][gc,phases   ] GC(98) Concurrent Select Relocation Set 4.968ms
[20.430s][info][gc,phases   ] GC(98) Pause Relocate Start 0.009ms
[20.438s][info][gc,phases   ] GC(98) Concurrent Relocate 6.593ms
[20.438s][info][gc,load     ] GC(98) Load: 0.00/0.00/0.00
[20.438s][info][gc,mmu      ] GC(98) MMU: 2ms/95.9%, 5ms/98.4%, 10ms/99.2%, 20ms/99.6%, 50ms/99.8%, 100ms/99.9%
[20.438s][info][gc,marking  ] GC(98) Mark: 8 stripe(s), 3 proactive flush(es), 1 terminate flush(es), 0 completion(s), 0 continuation(s) 
[20.438s][info][gc,marking  ] GC(98) Mark Stack Usage: 32M
[20.438s][info][gc,nmethod  ] GC(98) NMethods: 8443 registered, 2969 unregistered
[20.438s][info][gc,metaspace] GC(98) Metaspace: 71M used, 72M committed, 1088M reserved
[20.438s][info][gc,ref      ] GC(98) Soft: 2389 encountered, 0 discovered, 0 enqueued
[20.438s][info][gc,ref      ] GC(98) Weak: 10752 encountered, 1105 discovered, 0 enqueued
[20.438s][info][gc,ref      ] GC(98) Final: 289 encountered, 9 discovered, 0 enqueued
[20.438s][info][gc,ref      ] GC(98) Phantom: 424 encountered, 314 discovered, 0 enqueued
[20.438s][info][gc,reloc    ] GC(98) Small Pages: 260 / 520M, Empty: 188M, Relocated: 10M, In-Place: 0
[20.438s][info][gc,reloc    ] GC(98) Medium Pages: 0 / 0M, Empty: 0M, Relocated: 0M, In-Place: 0
[20.438s][info][gc,reloc    ] GC(98) Large Pages: 0 / 0M, Empty: 0M, Relocated: 0M, In-Place: 0
[20.438s][info][gc,reloc    ] GC(98) Forwarding Usage: 3M
[20.438s][info][gc,heap     ] GC(98) Min Capacity: 8M(1%)
[20.438s][info][gc,heap     ] GC(98) Max Capacity: 1024M(100%)
[20.438s][info][gc,heap     ] GC(98) Soft Max Capacity: 1024M(100%)
[20.438s][info][gc,heap     ] GC(98)                Mark Start          Mark End        Relocate Start      Relocate End           High               Low         
[20.438s][info][gc,heap     ] GC(98)  Capacity:     1024M (100%)       1024M (100%)       1024M (100%)       1024M (100%)       1024M (100%)       1024M (100%)   
[20.438s][info][gc,heap     ] GC(98)      Free:      504M (49%)         386M (38%)         534M (52%)         776M (76%)         784M (77%)         372M (36%)    
[20.439s][info][gc,heap     ] GC(98)      Used:      520M (51%)         638M (62%)         490M (48%)         248M (24%)         652M (64%)         240M (23%)    
[20.439s][info][gc,heap     ] GC(98)      Live:         -                50M (5%)           50M (5%)           50M (5%)             -                  -          
[20.439s][info][gc,heap     ] GC(98) Allocated:         -               118M (12%)         158M (15%)         175M (17%)            -                  -          
[20.439s][info][gc,heap     ] GC(98)   Garbage:         -               469M (46%)         281M (28%)          22M (2%)             -                  -          
[20.439s][info][gc,heap     ] GC(98) Reclaimed:         -                  -               188M (18%)         447M (44%)            -                  -          
[20.439s][info][gc          ] GC(98) Garbage Collection (Allocation Rate) 520M(51%)->248M(24%)
[20.497s][info][gc,start    ] GC(99) Garbage Collection (Allocation Rate)
[20.497s][info][gc,task     ] GC(99) Using 10 workers
[20.497s][info][gc,phases   ] GC(99) Pause Mark Start 0.010ms
[20.518s][info][gc,phases   ] GC(99) Concurrent Mark 20.541ms
[20.518s][info][gc,phases   ] GC(99) Pause Mark End 0.028ms
[20.518s][info][gc,phases   ] GC(99) Concurrent Mark Free 0.002ms
[20.522s][info][gc,phases   ] GC(99) Concurrent Process Non-Strong References 3.421ms
[20.522s][info][gc,phases   ] GC(99) Concurrent Reset Relocation Set 0.039ms
[20.527s][info][gc,phases   ] GC(99) Concurrent Select Relocation Set 5.039ms
[20.527s][info][gc,phases   ] GC(99) Pause Relocate Start 0.008ms
[20.532s][info][gc,phases   ] GC(99) Concurrent Relocate 4.516ms
[20.532s][info][gc,load     ] GC(99) Load: 0.00/0.00/0.00
[20.532s][info][gc,mmu      ] GC(99) MMU: 2ms/95.9%, 5ms/98.4%, 10ms/99.2%, 20ms/99.6%, 50ms/99.8%, 100ms/99.9%
[20.532s][info][gc,marking  ] GC(99) Mark: 8 stripe(s), 3 proactive flush(es), 1 terminate flush(es), 0 completion(s), 0 continuation(s) 
[20.532s][info][gc,marking  ] GC(99) Mark Stack Usage: 32M
[20.532s][info][gc,nmethod  ] GC(99) NMethods: 8443 registered, 2969 unregistered
[20.532s][info][gc,metaspace] GC(99) Metaspace: 71M used, 72M committed, 1088M reserved
[20.532s][info][gc,ref      ] GC(99) Soft: 2389 encountered, 0 discovered, 0 enqueued
[20.532s][info][gc,ref      ] GC(99) Weak: 10752 encountered, 1167 discovered, 0 enqueued
[20.532s][info][gc,ref      ] GC(99) Final: 289 encountered, 5 discovered, 0 enqueued
[20.532s][info][gc,ref      ] GC(99) Phantom: 424 encountered, 268 discovered, 0 enqueued
[20.532s][info][gc,reloc    ] GC(99) Small Pages: 271 / 542M, Empty: 218M, Relocated: 10M, In-Place: 0
[20.532s][info][gc,reloc    ] GC(99) Medium Pages: 0 / 0M, Empty: 0M, Relocated: 0M, In-Place: 0
[20.532s][info][gc,reloc    ] GC(99) Large Pages: 0 / 0M, Empty: 0M, Relocated: 0M, In-Place: 0
[20.532s][info][gc,reloc    ] GC(99) Forwarding Usage: 2M
[20.532s][info][gc,heap     ] GC(99) Min Capacity: 8M(1%)
[20.532s][info][gc,heap     ] GC(99) Max Capacity: 1024M(100%)
[20.532s][info][gc,heap     ] GC(99) Soft Max Capacity: 1024M(100%)
[20.532s][info][gc,heap     ] GC(99)                Mark Start          Mark End        Relocate Start      Relocate End           High               Low         
[20.532s][info][gc,heap     ] GC(99)  Capacity:     1024M (100%)       1024M (100%)       1024M (100%)       1024M (100%)       1024M (100%)       1024M (100%)   
[20.532s][info][gc,heap     ] GC(99)      Free:      482M (47%)         380M (37%)         562M (55%)         802M (78%)         804M (79%)         366M (36%)    
[20.532s][info][gc,heap     ] GC(99)      Used:      542M (53%)         644M (63%)         462M (45%)         222M (22%)         658M (64%)         220M (21%)    
[20.532s][info][gc,heap     ] GC(99)      Live:         -                50M (5%)           50M (5%)           50M (5%)             -                  -          
[20.532s][info][gc,heap     ] GC(99) Allocated:         -               102M (10%)         138M (13%)         149M (15%)            -                  -          
[20.532s][info][gc,heap     ] GC(99)   Garbage:         -               491M (48%)         273M (27%)          22M (2%)             -                  -          
[20.532s][info][gc,heap     ] GC(99) Reclaimed:         -                  -               218M (21%)         469M (46%)            -                  -          
[20.532s][info][gc          ] GC(99) Garbage Collection (Allocation Rate) 542M(53%)->222M(22%)
[20.596s][info][gc,start    ] GC(100) Garbage Collection (Allocation Rate)
[20.596s][info][gc,task     ] GC(100) Using 10 workers
[20.596s][info][gc,phases   ] GC(100) Pause Mark Start 0.011ms
[20.620s][info][gc,phases   ] GC(100) Concurrent Mark 22.887ms
[20.620s][info][gc,phases   ] GC(100) Pause Mark End 0.025ms
[20.621s][info][gc,phases   ] GC(100) Concurrent Mark Free 0.001ms
[20.624s][info][gc,phases   ] GC(100) Concurrent Process Non-Strong References 3.464ms
[20.624s][info][gc,phases   ] GC(100) Concurrent Reset Relocation Set 0.041ms
[20.629s][info][gc,phases   ] GC(100) Concurrent Select Relocation Set 4.998ms
[20.630s][info][gc,phases   ] GC(100) Pause Relocate Start 0.009ms
[20.634s][info][gc,phases   ] GC(100) Concurrent Relocate 3.629ms
[20.634s][info][gc,load     ] GC(100) Load: 0.00/0.00/0.00
[20.634s][info][gc,mmu      ] GC(100) MMU: 2ms/95.9%, 5ms/98.4%, 10ms/99.2%, 20ms/99.6%, 50ms/99.8%, 100ms/99.9%
[20.634s][info][gc,marking  ] GC(100) Mark: 8 stripe(s), 3 proactive flush(es), 1 terminate flush(es), 0 completion(s), 0 continuation(s) 
[20.634s][info][gc,marking  ] GC(100) Mark Stack Usage: 32M
[20.634s][info][gc,nmethod  ] GC(100) NMethods: 8443 registered, 2969 unregistered
[20.634s][info][gc,metaspace] GC(100) Metaspace: 71M used, 72M committed, 1088M reserved
[20.634s][info][gc,ref      ] GC(100) Soft: 2389 encountered, 0 discovered, 0 enqueued
[20.634s][info][gc,ref      ] GC(100) Weak: 10752 encountered, 1167 discovered, 0 enqueued
[20.634s][info][gc,ref      ] GC(100) Final: 289 encountered, 1 discovered, 0 enqueued
[20.634s][info][gc,ref      ] GC(100) Phantom: 424 encountered, 301 discovered, 0 enqueued
[20.634s][info][gc,reloc    ] GC(100) Small Pages: 271 / 542M, Empty: 222M, Relocated: 8M, In-Place: 0
[20.634s][info][gc,reloc    ] GC(100) Medium Pages: 0 / 0M, Empty: 0M, Relocated: 0M, In-Place: 0
[20.634s][info][gc,reloc    ] GC(100) Large Pages: 0 / 0M, Empty: 0M, Relocated: 0M, In-Place: 0
[20.634s][info][gc,reloc    ] GC(100) Forwarding Usage: 2M
[20.634s][info][gc,heap     ] GC(100) Min Capacity: 8M(1%)
[20.634s][info][gc,heap     ] GC(100) Max Capacity: 1024M(100%)
[20.634s][info][gc,heap     ] GC(100) Soft Max Capacity: 1024M(100%)
[20.634s][info][gc,heap     ] GC(100)                Mark Start          Mark End        Relocate Start      Relocate End           High               Low         
[20.634s][info][gc,heap     ] GC(100)  Capacity:     1024M (100%)       1024M (100%)       1024M (100%)       1024M (100%)       1024M (100%)       1024M (100%)   
[20.634s][info][gc,heap     ] GC(100)      Free:      482M (47%)         368M (36%)         552M (54%)         790M (77%)         790M (77%)         350M (34%)    
[20.634s][info][gc,heap     ] GC(100)      Used:      542M (53%)         656M (64%)         472M (46%)         234M (23%)         674M (66%)         234M (23%)    
[20.634s][info][gc,heap     ] GC(100)      Live:         -                50M (5%)           50M (5%)           50M (5%)             -                  -          
[20.634s][info][gc,heap     ] GC(100) Allocated:         -               114M (11%)         152M (15%)         159M (16%)            -                  -          
[20.634s][info][gc,heap     ] GC(100)   Garbage:         -               491M (48%)         269M (26%)          24M (2%)             -                  -          
[20.634s][info][gc,heap     ] GC(100) Reclaimed:         -                  -               222M (22%)         467M (46%)            -                  -          
[20.634s][info][gc          ] GC(100) Garbage Collection (Allocation Rate) 542M(53%)->234M(23%)
[20.695s][info][gc,start    ] GC(101) Garbage Collection (Allocation Rate)
[20.695s][info][gc,task     ] GC(101) Using 10 workers
[20.695s][info][gc,phases   ] GC(101) Pause Mark Start 0.010ms
[20.717s][info][gc,phases   ] GC(101) Concurrent Mark 21.535ms
[20.718s][info][gc,phases   ] GC(101) Pause Mark End 0.024ms
[20.720s][info][gc,phases   ] GC(101) Concurrent Mark Free 0.001ms
[20.723s][info][gc,phases   ] GC(101) Concurrent Process Non-Strong References 3.361ms
[20.723s][info][gc,phases   ] GC(101) Concurrent Reset Relocation Set 0.041ms
[20.732s][info][gc,phases   ] GC(101) Concurrent Select Relocation Set 8.479ms
[20.732s][info][gc,phases   ] GC(101) Pause Relocate Start 0.009ms
[20.737s][info][gc,phases   ] GC(101) Concurrent Relocate 4.398ms
[20.737s][info][gc,load     ] GC(101) Load: 0.00/0.00/0.00
[20.737s][info][gc,mmu      ] GC(101) MMU: 2ms/95.9%, 5ms/98.4%, 10ms/99.2%, 20ms/99.6%, 50ms/99.8%, 100ms/99.9%
[20.737s][info][gc,marking  ] GC(101) Mark: 8 stripe(s), 3 proactive flush(es), 1 terminate flush(es), 0 completion(s), 0 continuation(s) 
[20.737s][info][gc,marking  ] GC(101) Mark Stack Usage: 32M
[20.737s][info][gc,nmethod  ] GC(101) NMethods: 8444 registered, 2970 unregistered
[20.737s][info][gc,metaspace] GC(101) Metaspace: 71M used, 72M committed, 1088M reserved
[20.737s][info][gc,ref      ] GC(101) Soft: 2389 encountered, 0 discovered, 0 enqueued
[20.737s][info][gc,ref      ] GC(101) Weak: 10752 encountered, 1562 discovered, 0 enqueued
[20.737s][info][gc,ref      ] GC(101) Final: 289 encountered, 5 discovered, 0 enqueued
[20.737s][info][gc,ref      ] GC(101) Phantom: 424 encountered, 336 discovered, 0 enqueued
[20.737s][info][gc,reloc    ] GC(101) Small Pages: 269 / 538M, Empty: 222M, Relocated: 10M, In-Place: 0
[20.737s][info][gc,reloc    ] GC(101) Medium Pages: 0 / 0M, Empty: 0M, Relocated: 0M, In-Place: 0
[20.737s][info][gc,reloc    ] GC(101) Large Pages: 0 / 0M, Empty: 0M, Relocated: 0M, In-Place: 0
[20.737s][info][gc,reloc    ] GC(101) Forwarding Usage: 2M
[20.737s][info][gc,heap     ] GC(101) Min Capacity: 8M(1%)
[20.737s][info][gc,heap     ] GC(101) Max Capacity: 1024M(100%)
[20.737s][info][gc,heap     ] GC(101) Soft Max Capacity: 1024M(100%)
[20.737s][info][gc,heap     ] GC(101)                Mark Start          Mark End        Relocate Start      Relocate End           High               Low         
[20.737s][info][gc,heap     ] GC(101)  Capacity:     1024M (100%)       1024M (100%)       1024M (100%)       1024M (100%)       1024M (100%)       1024M (100%)   
[20.737s][info][gc,heap     ] GC(101)      Free:      486M (47%)         382M (37%)         540M (53%)         774M (76%)         774M (76%)         360M (35%)    
[20.737s][info][gc,heap     ] GC(101)      Used:      538M (53%)         642M (63%)         484M (47%)         250M (24%)         664M (65%)         250M (24%)    
[20.737s][info][gc,heap     ] GC(101)      Live:         -                50M (5%)           50M (5%)           50M (5%)             -                  -          
[20.737s][info][gc,heap     ] GC(101) Allocated:         -               104M (10%)         168M (16%)         177M (17%)            -                  -          
[20.737s][info][gc,heap     ] GC(101)   Garbage:         -               487M (48%)         265M (26%)          22M (2%)             -                  -          
[20.737s][info][gc,heap     ] GC(101) Reclaimed:         -                  -               222M (22%)         465M (45%)            -                  -          
[20.737s][info][gc          ] GC(101) Garbage Collection (Allocation Rate) 538M(53%)->250M(24%)
[20.796s][info][gc,start    ] GC(102) Garbage Collection (Allocation Rate)
[20.796s][info][gc,task     ] GC(102) Using 10 workers
[20.796s][info][gc,phases   ] GC(102) Pause Mark Start 0.010ms
[20.818s][info][gc,phases   ] GC(102) Concurrent Mark 21.308ms
[20.818s][info][gc,phases   ] GC(102) Pause Mark End 0.028ms
[20.818s][info][gc,phases   ] GC(102) Concurrent Mark Free 0.001ms
[20.821s][info][gc,phases   ] GC(102) Concurrent Process Non-Strong References 3.360ms
[20.822s][info][gc,phases   ] GC(102) Concurrent Reset Relocation Set 0.035ms
[20.827s][info][gc,phases   ] GC(102) Concurrent Select Relocation Set 5.090ms
[20.827s][info][gc,phases   ] GC(102) Pause Relocate Start 0.011ms
[20.831s][info][gc,phases   ] GC(102) Concurrent Relocate 3.806ms
[20.831s][info][gc,load     ] GC(102) Load: 0.00/0.00/0.00
[20.831s][info][gc,mmu      ] GC(102) MMU: 2ms/95.9%, 5ms/98.4%, 10ms/99.2%, 20ms/99.6%, 50ms/99.8%, 100ms/99.9%
[20.831s][info][gc,marking  ] GC(102) Mark: 8 stripe(s), 3 proactive flush(es), 1 terminate flush(es), 0 completion(s), 0 continuation(s) 
[20.831s][info][gc,marking  ] GC(102) Mark Stack Usage: 32M
[20.831s][info][gc,nmethod  ] GC(102) NMethods: 8443 registered, 2971 unregistered
[20.831s][info][gc,metaspace] GC(102) Metaspace: 71M used, 72M committed, 1088M reserved
[20.831s][info][gc,ref      ] GC(102) Soft: 2389 encountered, 0 discovered, 0 enqueued
[20.831s][info][gc,ref      ] GC(102) Weak: 10752 encountered, 1223 discovered, 0 enqueued
[20.831s][info][gc,ref      ] GC(102) Final: 289 encountered, 32 discovered, 0 enqueued
[20.831s][info][gc,ref      ] GC(102) Phantom: 424 encountered, 309 discovered, 0 enqueued
[20.831s][info][gc,reloc    ] GC(102) Small Pages: 272 / 544M, Empty: 160M, Relocated: 8M, In-Place: 0
[20.831s][info][gc,reloc    ] GC(102) Medium Pages: 0 / 0M, Empty: 0M, Relocated: 0M, In-Place: 0
[20.831s][info][gc,reloc    ] GC(102) Large Pages: 0 / 0M, Empty: 0M, Relocated: 0M, In-Place: 0
[20.831s][info][gc,reloc    ] GC(102) Forwarding Usage: 2M
[20.831s][info][gc,heap     ] GC(102) Min Capacity: 8M(1%)
[20.831s][info][gc,heap     ] GC(102) Max Capacity: 1024M(100%)
[20.831s][info][gc,heap     ] GC(102) Soft Max Capacity: 1024M(100%)
[20.831s][info][gc,heap     ] GC(102)                Mark Start          Mark End        Relocate Start      Relocate End           High               Low         
[20.831s][info][gc,heap     ] GC(102)  Capacity:     1024M (100%)       1024M (100%)       1024M (100%)       1024M (100%)       1024M (100%)       1024M (100%)   
[20.831s][info][gc,heap     ] GC(102)      Free:      480M (47%)         372M (36%)         498M (49%)         798M (78%)         798M (78%)         358M (35%)    
[20.831s][info][gc,heap     ] GC(102)      Used:      544M (53%)         652M (64%)         526M (51%)         226M (22%)         666M (65%)         226M (22%)    
[20.831s][info][gc,heap     ] GC(102)      Live:         -                50M (5%)           50M (5%)           50M (5%)             -                  -          
[20.831s][info][gc,heap     ] GC(102) Allocated:         -               108M (11%)         142M (14%)         151M (15%)            -                  -          
[20.831s][info][gc,heap     ] GC(102)   Garbage:         -               493M (48%)         333M (33%)          24M (2%)             -                  -          
[20.831s][info][gc,heap     ] GC(102) Reclaimed:         -                  -               160M (16%)         469M (46%)            -                  -          
[20.831s][info][gc          ] GC(102) Garbage Collection (Allocation Rate) 544M(53%)->226M(22%)
[20.896s][info][gc,start    ] GC(103) Garbage Collection (Allocation Rate)
[20.896s][info][gc,task     ] GC(103) Using 10 workers
[20.896s][info][gc,phases   ] GC(103) Pause Mark Start 0.009ms
[20.917s][info][gc,phases   ] GC(103) Concurrent Mark 20.926ms
[20.918s][info][gc,phases   ] GC(103) Pause Mark End 0.025ms
[20.919s][info][gc,phases   ] GC(103) Concurrent Mark Free 0.002ms
[20.922s][info][gc,phases   ] GC(103) Concurrent Process Non-Strong References 3.358ms
[20.922s][info][gc,phases   ] GC(103) Concurrent Reset Relocation Set 0.054ms
[20.929s][info][gc,phases   ] GC(103) Concurrent Select Relocation Set 6.429ms
[20.929s][info][gc,phases   ] GC(103) Pause Relocate Start 0.011ms
[20.934s][info][gc,phases   ] GC(103) Concurrent Relocate 4.211ms
[20.934s][info][gc,load     ] GC(103) Load: 0.00/0.00/0.00
[20.934s][info][gc,mmu      ] GC(103) MMU: 2ms/95.9%, 5ms/98.4%, 10ms/99.2%, 20ms/99.6%, 50ms/99.8%, 100ms/99.9%
[20.934s][info][gc,marking  ] GC(103) Mark: 8 stripe(s), 3 proactive flush(es), 1 terminate flush(es), 0 completion(s), 0 continuation(s) 
[20.934s][info][gc,marking  ] GC(103) Mark Stack Usage: 32M
[20.934s][info][gc,nmethod  ] GC(103) NMethods: 8444 registered, 2971 unregistered
[20.934s][info][gc,metaspace] GC(103) Metaspace: 71M used, 72M committed, 1088M reserved
[20.934s][info][gc,ref      ] GC(103) Soft: 2389 encountered, 0 discovered, 0 enqueued
[20.934s][info][gc,ref      ] GC(103) Weak: 10752 encountered, 1391 discovered, 0 enqueued
[20.934s][info][gc,ref      ] GC(103) Final: 289 encountered, 0 discovered, 0 enqueued
[20.934s][info][gc,ref      ] GC(103) Phantom: 424 encountered, 295 discovered, 0 enqueued
[20.934s][info][gc,reloc    ] GC(103) Small Pages: 275 / 550M, Empty: 208M, Relocated: 8M, In-Place: 0
[20.934s][info][gc,reloc    ] GC(103) Medium Pages: 0 / 0M, Empty: 0M, Relocated: 0M, In-Place: 0
[20.934s][info][gc,reloc    ] GC(103) Large Pages: 0 / 0M, Empty: 0M, Relocated: 0M, In-Place: 0
[20.934s][info][gc,reloc    ] GC(103) Forwarding Usage: 2M
[20.934s][info][gc,heap     ] GC(103) Min Capacity: 8M(1%)
[20.934s][info][gc,heap     ] GC(103) Max Capacity: 1024M(100%)
[20.934s][info][gc,heap     ] GC(103) Soft Max Capacity: 1024M(100%)
[20.934s][info][gc,heap     ] GC(103)                Mark Start          Mark End        Relocate Start      Relocate End           High               Low         
[20.934s][info][gc,heap     ] GC(103)  Capacity:     1024M (100%)       1024M (100%)       1024M (100%)       1024M (100%)       1024M (100%)       1024M (100%)   
[20.934s][info][gc,heap     ] GC(103)      Free:      474M (46%)         372M (36%)         532M (52%)         790M (77%)         790M (77%)         352M (34%)    
[20.934s][info][gc,heap     ] GC(103)      Used:      550M (54%)         652M (64%)         492M (48%)         234M (23%)         672M (66%)         234M (23%)    
[20.934s][info][gc,heap     ] GC(103)      Live:         -                50M (5%)           50M (5%)           50M (5%)             -                  -          
[20.934s][info][gc,heap     ] GC(103) Allocated:         -               102M (10%)         150M (15%)         159M (16%)            -                  -          
[20.934s][info][gc,heap     ] GC(103)   Garbage:         -               499M (49%)         291M (28%)          24M (2%)             -                  -          
[20.934s][info][gc,heap     ] GC(103) Reclaimed:         -                  -               208M (20%)         475M (46%)            -                  -          
[20.934s][info][gc          ] GC(103) Garbage Collection (Allocation Rate) 550M(54%)->234M(23%)
[20.996s][info][gc,start    ] GC(104) Garbage Collection (Allocation Rate)
[20.996s][info][gc,task     ] GC(104) Using 10 workers
[20.997s][info][gc,phases   ] GC(104) Pause Mark Start 0.010ms
[21.020s][info][gc,phases   ] GC(104) Concurrent Mark 23.239ms
[21.020s][info][gc,phases   ] GC(104) Pause Mark End 0.027ms
[21.021s][info][gc,phases   ] GC(104) Concurrent Mark Free 0.002ms
[21.027s][info][gc,phases   ] GC(104) Concurrent Process Non-Strong References 5.330ms
[21.027s][info][gc,phases   ] GC(104) Concurrent Reset Relocation Set 0.055ms
[21.033s][info][gc,phases   ] GC(104) Concurrent Select Relocation Set 6.026ms
[21.033s][info][gc,phases   ] GC(104) Pause Relocate Start 0.010ms
[21.038s][info][gc,phases   ] GC(104) Concurrent Relocate 4.613ms
[21.038s][info][gc,load     ] GC(104) Load: 0.00/0.00/0.00
[21.038s][info][gc,mmu      ] GC(104) MMU: 2ms/95.9%, 5ms/98.4%, 10ms/99.2%, 20ms/99.6%, 50ms/99.8%, 100ms/99.9%
[21.038s][info][gc,marking  ] GC(104) Mark: 8 stripe(s), 2 proactive flush(es), 1 terminate flush(es), 0 completion(s), 0 continuation(s) 
[21.038s][info][gc,marking  ] GC(104) Mark Stack Usage: 32M
[21.038s][info][gc,nmethod  ] GC(104) NMethods: 8445 registered, 2975 unregistered
[21.038s][info][gc,metaspace] GC(104) Metaspace: 71M used, 72M committed, 1088M reserved
[21.038s][info][gc,ref      ] GC(104) Soft: 2389 encountered, 0 discovered, 0 enqueued
[21.038s][info][gc,ref      ] GC(104) Weak: 10752 encountered, 1862 discovered, 0 enqueued
[21.038s][info][gc,ref      ] GC(104) Final: 289 encountered, 42 discovered, 0 enqueued
[21.038s][info][gc,ref      ] GC(104) Phantom: 424 encountered, 346 discovered, 0 enqueued
[21.038s][info][gc,reloc    ] GC(104) Small Pages: 272 / 544M, Empty: 202M, Relocated: 8M, In-Place: 0
[21.038s][info][gc,reloc    ] GC(104) Medium Pages: 0 / 0M, Empty: 0M, Relocated: 0M, In-Place: 0
[21.038s][info][gc,reloc    ] GC(104) Large Pages: 0 / 0M, Empty: 0M, Relocated: 0M, In-Place: 0
[21.038s][info][gc,reloc    ] GC(104) Forwarding Usage: 2M
[21.038s][info][gc,heap     ] GC(104) Min Capacity: 8M(1%)
[21.039s][info][gc,heap     ] GC(104) Max Capacity: 1024M(100%)
[21.039s][info][gc,heap     ] GC(104) Soft Max Capacity: 1024M(100%)
[21.039s][info][gc,heap     ] GC(104)                Mark Start          Mark End        Relocate Start      Relocate End           High               Low         
[21.039s][info][gc,heap     ] GC(104)  Capacity:     1024M (100%)       1024M (100%)       1024M (100%)       1024M (100%)       1024M (100%)       1024M (100%)   
[21.039s][info][gc,heap     ] GC(104)      Free:      480M (47%)         368M (36%)         516M (50%)         772M (75%)         774M (76%)         342M (33%)    
[21.039s][info][gc,heap     ] GC(104)      Used:      544M (53%)         656M (64%)         508M (50%)         252M (25%)         682M (67%)         250M (24%)    
[21.039s][info][gc,heap     ] GC(104)      Live:         -                50M (5%)           50M (5%)           50M (5%)             -                  -          
[21.039s][info][gc,heap     ] GC(104) Allocated:         -               112M (11%)         166M (16%)         177M (17%)            -                  -          
[21.039s][info][gc,heap     ] GC(104)   Garbage:         -               493M (48%)         291M (28%)          24M (2%)             -                  -          
[21.039s][info][gc,heap     ] GC(104) Reclaimed:         -                  -               202M (20%)         469M (46%)            -                  -          
[21.039s][info][gc          ] GC(104) Garbage Collection (Allocation Rate) 544M(53%)->252M(25%)
[21.096s][info][gc,start    ] GC(105) Garbage Collection (Allocation Rate)
[21.096s][info][gc,task     ] GC(105) Using 10 workers
[21.096s][info][gc,phases   ] GC(105) Pause Mark Start 0.010ms
[21.120s][info][gc,phases   ] GC(105) Concurrent Mark 22.962ms
[21.120s][info][gc,phases   ] GC(105) Pause Mark End 0.031ms
[21.121s][info][gc,phases   ] GC(105) Concurrent Mark Free 0.001ms
[21.124s][info][gc,phases   ] GC(105) Concurrent Process Non-Strong References 3.621ms
[21.124s][info][gc,phases   ] GC(105) Concurrent Reset Relocation Set 0.044ms
[21.134s][info][gc,phases   ] GC(105) Concurrent Select Relocation Set 9.755ms
[21.134s][info][gc,phases   ] GC(105) Pause Relocate Start 0.008ms
[21.139s][info][gc,phases   ] GC(105) Concurrent Relocate 3.754ms
[21.139s][info][gc,load     ] GC(105) Load: 0.00/0.00/0.00
[21.139s][info][gc,mmu      ] GC(105) MMU: 2ms/95.9%, 5ms/98.4%, 10ms/99.2%, 20ms/99.6%, 50ms/99.8%, 100ms/99.9%
[21.139s][info][gc,marking  ] GC(105) Mark: 8 stripe(s), 3 proactive flush(es), 1 terminate flush(es), 0 completion(s), 0 continuation(s) 
[21.139s][info][gc,marking  ] GC(105) Mark Stack Usage: 32M
[21.139s][info][gc,nmethod  ] GC(105) NMethods: 8444 registered, 2977 unregistered
[21.139s][info][gc,metaspace] GC(105) Metaspace: 71M used, 72M committed, 1088M reserved
[21.139s][info][gc,ref      ] GC(105) Soft: 2389 encountered, 0 discovered, 0 enqueued
[21.139s][info][gc,ref      ] GC(105) Weak: 10752 encountered, 2016 discovered, 0 enqueued
[21.139s][info][gc,ref      ] GC(105) Final: 289 encountered, 6 discovered, 0 enqueued
[21.139s][info][gc,ref      ] GC(105) Phantom: 424 encountered, 334 discovered, 0 enqueued
[21.139s][info][gc,reloc    ] GC(105) Small Pages: 272 / 544M, Empty: 236M, Relocated: 8M, In-Place: 0
[21.139s][info][gc,reloc    ] GC(105) Medium Pages: 0 / 0M, Empty: 0M, Relocated: 0M, In-Place: 0
[21.139s][info][gc,reloc    ] GC(105) Large Pages: 0 / 0M, Empty: 0M, Relocated: 0M, In-Place: 0
[21.139s][info][gc,reloc    ] GC(105) Forwarding Usage: 2M
[21.139s][info][gc,heap     ] GC(105) Min Capacity: 8M(1%)
[21.139s][info][gc,heap     ] GC(105) Max Capacity: 1024M(100%)
[21.139s][info][gc,heap     ] GC(105) Soft Max Capacity: 1024M(100%)
[21.139s][info][gc,heap     ] GC(105)                Mark Start          Mark End        Relocate Start      Relocate End           High               Low         
[21.139s][info][gc,heap     ] GC(105)  Capacity:     1024M (100%)       1024M (100%)       1024M (100%)       1024M (100%)       1024M (100%)       1024M (100%)   
[21.139s][info][gc,heap     ] GC(105)      Free:      480M (47%)         368M (36%)         542M (53%)         768M (75%)         768M (75%)         352M (34%)    
[21.139s][info][gc,heap     ] GC(105)      Used:      544M (53%)         656M (64%)         482M (47%)         256M (25%)         672M (66%)         256M (25%)    
[21.139s][info][gc,heap     ] GC(105)      Live:         -                50M (5%)           50M (5%)           50M (5%)             -                  -          
[21.139s][info][gc,heap     ] GC(105) Allocated:         -               112M (11%)         174M (17%)         181M (18%)            -                  -          
[21.139s][info][gc,heap     ] GC(105)   Garbage:         -               493M (48%)         257M (25%)          24M (2%)             -                  -          
[21.139s][info][gc,heap     ] GC(105) Reclaimed:         -                  -               236M (23%)         469M (46%)            -                  -          
[21.139s][info][gc          ] GC(105) Garbage Collection (Allocation Rate) 544M(53%)->256M(25%)
[21.195s][info][gc,start    ] GC(106) Garbage Collection (Allocation Rate)
[21.196s][info][gc,task     ] GC(106) Using 10 workers
[21.196s][info][gc,phases   ] GC(106) Pause Mark Start 0.011ms
[21.218s][info][gc,phases   ] GC(106) Concurrent Mark 21.730ms
[21.218s][info][gc,phases   ] GC(106) Pause Mark End 0.026ms
[21.219s][info][gc,phases   ] GC(106) Concurrent Mark Free 0.002ms
[21.222s][info][gc,phases   ] GC(106) Concurrent Process Non-Strong References 3.446ms
[21.222s][info][gc,phases   ] GC(106) Concurrent Reset Relocation Set 0.038ms
[21.227s][info][gc,phases   ] GC(106) Concurrent Select Relocation Set 5.006ms
[21.227s][info][gc,phases   ] GC(106) Pause Relocate Start 0.008ms
[21.233s][info][gc,phases   ] GC(106) Concurrent Relocate 4.689ms
[21.233s][info][gc,load     ] GC(106) Load: 0.00/0.00/0.00
[21.233s][info][gc,mmu      ] GC(106) MMU: 2ms/95.9%, 5ms/98.4%, 10ms/99.2%, 20ms/99.6%, 50ms/99.8%, 100ms/99.9%
[21.233s][info][gc,marking  ] GC(106) Mark: 8 stripe(s), 3 proactive flush(es), 1 terminate flush(es), 0 completion(s), 0 continuation(s) 
[21.233s][info][gc,marking  ] GC(106) Mark Stack Usage: 32M
[21.233s][info][gc,nmethod  ] GC(106) NMethods: 8443 registered, 2978 unregistered
[21.233s][info][gc,metaspace] GC(106) Metaspace: 71M used, 72M committed, 1088M reserved
[21.233s][info][gc,ref      ] GC(106) Soft: 2389 encountered, 0 discovered, 0 enqueued
[21.233s][info][gc,ref      ] GC(106) Weak: 10752 encountered, 1878 discovered, 0 enqueued
[21.233s][info][gc,ref      ] GC(106) Final: 289 encountered, 0 discovered, 0 enqueued
[21.233s][info][gc,ref      ] GC(106) Phantom: 424 encountered, 334 discovered, 0 enqueued
[21.233s][info][gc,reloc    ] GC(106) Small Pages: 270 / 540M, Empty: 232M, Relocated: 8M, In-Place: 0
[21.233s][info][gc,reloc    ] GC(106) Medium Pages: 0 / 0M, Empty: 0M, Relocated: 0M, In-Place: 0
[21.233s][info][gc,reloc    ] GC(106) Large Pages: 0 / 0M, Empty: 0M, Relocated: 0M, In-Place: 0
[21.233s][info][gc,reloc    ] GC(106) Forwarding Usage: 2M
[21.233s][info][gc,heap     ] GC(106) Min Capacity: 8M(1%)
[21.233s][info][gc,heap     ] GC(106) Max Capacity: 1024M(100%)
[21.233s][info][gc,heap     ] GC(106) Soft Max Capacity: 1024M(100%)
[21.233s][info][gc,heap     ] GC(106)                Mark Start          Mark End        Relocate Start      Relocate End           High               Low         
[21.233s][info][gc,heap     ] GC(106)  Capacity:     1024M (100%)       1024M (100%)       1024M (100%)       1024M (100%)       1024M (100%)       1024M (100%)   
[21.233s][info][gc,heap     ] GC(106)      Free:      484M (47%)         376M (37%)         570M (56%)         794M (78%)         794M (78%)         364M (36%)    
[21.233s][info][gc,heap     ] GC(106)      Used:      540M (53%)         648M (63%)         454M (44%)         230M (22%)         660M (64%)         230M (22%)    
[21.233s][info][gc,heap     ] GC(106)      Live:         -                50M (5%)           50M (5%)           50M (5%)             -                  -          
[21.233s][info][gc,heap     ] GC(106) Allocated:         -               108M (11%)         146M (14%)         155M (15%)            -                  -          
[21.233s][info][gc,heap     ] GC(106)   Garbage:         -               489M (48%)         257M (25%)          24M (2%)             -                  -          
[21.233s][info][gc,heap     ] GC(106) Reclaimed:         -                  -               232M (23%)         465M (45%)            -                  -          
[21.233s][info][gc          ] GC(106) Garbage Collection (Allocation Rate) 540M(53%)->230M(22%)
[21.296s][info][gc,start    ] GC(107) Garbage Collection (Allocation Rate)
[21.296s][info][gc,task     ] GC(107) Using 10 workers
[21.296s][info][gc,phases   ] GC(107) Pause Mark Start 0.009ms
[21.321s][info][gc,phases   ] GC(107) Concurrent Mark 24.978ms
[21.322s][info][gc,phases   ] GC(107) Pause Mark End 0.026ms
[21.324s][info][gc,phases   ] GC(107) Concurrent Mark Free 0.002ms
[21.327s][info][gc,phases   ] GC(107) Concurrent Process Non-Strong References 3.647ms
[21.327s][info][gc,phases   ] GC(107) Concurrent Reset Relocation Set 0.043ms
[21.336s][info][gc,phases   ] GC(107) Concurrent Select Relocation Set 8.746ms
[21.336s][info][gc,phases   ] GC(107) Pause Relocate Start 0.010ms
[21.341s][info][gc,phases   ] GC(107) Concurrent Relocate 4.443ms
[21.342s][info][gc,load     ] GC(107) Load: 0.00/0.00/0.00
[21.342s][info][gc,mmu      ] GC(107) MMU: 2ms/95.9%, 5ms/98.4%, 10ms/99.2%, 20ms/99.6%, 50ms/99.8%, 100ms/99.9%
[21.342s][info][gc,marking  ] GC(107) Mark: 8 stripe(s), 3 proactive flush(es), 1 terminate flush(es), 0 completion(s), 0 continuation(s) 
[21.342s][info][gc,marking  ] GC(107) Mark Stack Usage: 32M
[21.342s][info][gc,nmethod  ] GC(107) NMethods: 8443 registered, 2978 unregistered
[21.342s][info][gc,metaspace] GC(107) Metaspace: 71M used, 72M committed, 1088M reserved
[21.342s][info][gc,ref      ] GC(107) Soft: 2389 encountered, 0 discovered, 0 enqueued
[21.342s][info][gc,ref      ] GC(107) Weak: 10752 encountered, 1357 discovered, 0 enqueued
[21.342s][info][gc,ref      ] GC(107) Final: 289 encountered, 15 discovered, 0 enqueued
[21.342s][info][gc,ref      ] GC(107) Phantom: 424 encountered, 346 discovered, 0 enqueued
[21.342s][info][gc,reloc    ] GC(107) Small Pages: 273 / 546M, Empty: 206M, Relocated: 8M, In-Place: 0
[21.342s][info][gc,reloc    ] GC(107) Medium Pages: 0 / 0M, Empty: 0M, Relocated: 0M, In-Place: 0
[21.342s][info][gc,reloc    ] GC(107) Large Pages: 0 / 0M, Empty: 0M, Relocated: 0M, In-Place: 0
[21.342s][info][gc,reloc    ] GC(107) Forwarding Usage: 2M
[21.342s][info][gc,heap     ] GC(107) Min Capacity: 8M(1%)
[21.342s][info][gc,heap     ] GC(107) Max Capacity: 1024M(100%)
[21.342s][info][gc,heap     ] GC(107) Soft Max Capacity: 1024M(100%)
[21.342s][info][gc,heap     ] GC(107)                Mark Start          Mark End        Relocate Start      Relocate End           High               Low         
[21.342s][info][gc,heap     ] GC(107)  Capacity:     1024M (100%)       1024M (100%)       1024M (100%)       1024M (100%)       1024M (100%)       1024M (100%)   
[21.342s][info][gc,heap     ] GC(107)      Free:      478M (47%)         358M (35%)         500M (49%)         752M (73%)         752M (73%)         334M (33%)    
[21.342s][info][gc,heap     ] GC(107)      Used:      546M (53%)         666M (65%)         524M (51%)         272M (27%)         690M (67%)         272M (27%)    
[21.342s][info][gc,heap     ] GC(107)      Live:         -                50M (5%)           50M (5%)           50M (5%)             -                  -          
[21.342s][info][gc,heap     ] GC(107) Allocated:         -               120M (12%)         184M (18%)         197M (19%)            -                  -          
[21.342s][info][gc,heap     ] GC(107)   Garbage:         -               495M (48%)         289M (28%)          24M (2%)             -                  -          
[21.342s][info][gc,heap     ] GC(107) Reclaimed:         -                  -               206M (20%)         471M (46%)            -                  -          
[21.342s][info][gc          ] GC(107) Garbage Collection (Allocation Rate) 546M(53%)->272M(27%)
[21.397s][info][gc,start    ] GC(108) Garbage Collection (Allocation Rate)
[21.397s][info][gc,task     ] GC(108) Using 10 workers
[21.397s][info][gc,phases   ] GC(108) Pause Mark Start 0.010ms
[21.422s][info][gc,phases   ] GC(108) Concurrent Mark 24.763ms
[21.422s][info][gc,phases   ] GC(108) Pause Mark End 0.028ms
[21.423s][info][gc,phases   ] GC(108) Concurrent Mark Free 0.001ms
[21.426s][info][gc,phases   ] GC(108) Concurrent Process Non-Strong References 3.473ms
[21.427s][info][gc,phases   ] GC(108) Concurrent Reset Relocation Set 0.049ms
[21.437s][info][gc,phases   ] GC(108) Concurrent Select Relocation Set 10.583ms
[21.437s][info][gc,phases   ] GC(108) Pause Relocate Start 0.011ms
[21.442s][info][gc,phases   ] GC(108) Concurrent Relocate 4.285ms
[21.442s][info][gc,load     ] GC(108) Load: 0.00/0.00/0.00
[21.442s][info][gc,mmu      ] GC(108) MMU: 2ms/95.9%, 5ms/98.4%, 10ms/99.2%, 20ms/99.6%, 50ms/99.8%, 100ms/99.9%
[21.442s][info][gc,marking  ] GC(108) Mark: 8 stripe(s), 3 proactive flush(es), 1 terminate flush(es), 0 completion(s), 0 continuation(s) 
[21.442s][info][gc,marking  ] GC(108) Mark Stack Usage: 32M
[21.442s][info][gc,nmethod  ] GC(108) NMethods: 8443 registered, 2978 unregistered
[21.442s][info][gc,metaspace] GC(108) Metaspace: 71M used, 72M committed, 1088M reserved
[21.442s][info][gc,ref      ] GC(108) Soft: 2389 encountered, 0 discovered, 0 enqueued
[21.442s][info][gc,ref      ] GC(108) Weak: 10752 encountered, 1159 discovered, 0 enqueued
[21.442s][info][gc,ref      ] GC(108) Final: 289 encountered, 0 discovered, 0 enqueued
[21.442s][info][gc,ref      ] GC(108) Phantom: 424 encountered, 304 discovered, 0 enqueued
[21.442s][info][gc,reloc    ] GC(108) Small Pages: 274 / 548M, Empty: 216M, Relocated: 8M, In-Place: 0
[21.442s][info][gc,reloc    ] GC(108) Medium Pages: 0 / 0M, Empty: 0M, Relocated: 0M, In-Place: 0
[21.442s][info][gc,reloc    ] GC(108) Large Pages: 0 / 0M, Empty: 0M, Relocated: 0M, In-Place: 0
[21.442s][info][gc,reloc    ] GC(108) Forwarding Usage: 2M
[21.443s][info][gc,heap     ] GC(108) Min Capacity: 8M(1%)
[21.443s][info][gc,heap     ] GC(108) Max Capacity: 1024M(100%)
[21.443s][info][gc,heap     ] GC(108) Soft Max Capacity: 1024M(100%)
[21.443s][info][gc,heap     ] GC(108)                Mark Start          Mark End        Relocate Start      Relocate End           High               Low         
[21.443s][info][gc,heap     ] GC(108)  Capacity:     1024M (100%)       1024M (100%)       1024M (100%)       1024M (100%)       1024M (100%)       1024M (100%)   
[21.443s][info][gc,heap     ] GC(108)      Free:      476M (46%)         354M (35%)         504M (49%)         752M (73%)         754M (74%)         338M (33%)    
[21.443s][info][gc,heap     ] GC(108)      Used:      548M (54%)         670M (65%)         520M (51%)         272M (27%)         686M (67%)         270M (26%)    
[21.443s][info][gc,heap     ] GC(108)      Live:         -                50M (5%)           50M (5%)           50M (5%)             -                  -          
[21.443s][info][gc,heap     ] GC(108) Allocated:         -               122M (12%)         188M (18%)         197M (19%)            -                  -          
[21.443s][info][gc,heap     ] GC(108)   Garbage:         -               497M (49%)         281M (28%)          24M (2%)             -                  -          
[21.443s][info][gc,heap     ] GC(108) Reclaimed:         -                  -               216M (21%)         473M (46%)            -                  -          
[21.443s][info][gc          ] GC(108) Garbage Collection (Allocation Rate) 548M(54%)->272M(27%)
[21.497s][info][gc,start    ] GC(109) Garbage Collection (Allocation Rate)
[21.497s][info][gc,task     ] GC(109) Using 10 workers
[21.497s][info][gc,phases   ] GC(109) Pause Mark Start 0.012ms
[21.517s][info][gc,phases   ] GC(109) Concurrent Mark 19.240ms
[21.517s][info][gc,phases   ] GC(109) Pause Mark End 0.025ms
[21.518s][info][gc,phases   ] GC(109) Concurrent Mark Free 0.001ms
[21.521s][info][gc,phases   ] GC(109) Concurrent Process Non-Strong References 3.301ms
[21.521s][info][gc,phases   ] GC(109) Concurrent Reset Relocation Set 0.040ms
[21.531s][info][gc,phases   ] GC(109) Concurrent Select Relocation Set 10.108ms
[21.532s][info][gc,phases   ] GC(109) Pause Relocate Start 0.009ms
[21.536s][info][gc,phases   ] GC(109) Concurrent Relocate 4.204ms
[21.536s][info][gc,load     ] GC(109) Load: 0.00/0.00/0.00
[21.536s][info][gc,mmu      ] GC(109) MMU: 2ms/95.9%, 5ms/98.4%, 10ms/99.2%, 20ms/99.6%, 50ms/99.8%, 100ms/99.9%
[21.536s][info][gc,marking  ] GC(109) Mark: 8 stripe(s), 3 proactive flush(es), 1 terminate flush(es), 0 completion(s), 0 continuation(s) 
[21.536s][info][gc,marking  ] GC(109) Mark Stack Usage: 32M
[21.536s][info][gc,nmethod  ] GC(109) NMethods: 8443 registered, 2978 unregistered
[21.536s][info][gc,metaspace] GC(109) Metaspace: 71M used, 72M committed, 1088M reserved
[21.536s][info][gc,ref      ] GC(109) Soft: 2389 encountered, 0 discovered, 0 enqueued
[21.536s][info][gc,ref      ] GC(109) Weak: 10752 encountered, 1567 discovered, 0 enqueued
[21.536s][info][gc,ref      ] GC(109) Final: 289 encountered, 1 discovered, 0 enqueued
[21.536s][info][gc,ref      ] GC(109) Phantom: 424 encountered, 256 discovered, 0 enqueued
[21.536s][info][gc,reloc    ] GC(109) Small Pages: 273 / 546M, Empty: 228M, Relocated: 8M, In-Place: 0
[21.536s][info][gc,reloc    ] GC(109) Medium Pages: 0 / 0M, Empty: 0M, Relocated: 0M, In-Place: 0
[21.536s][info][gc,reloc    ] GC(109) Large Pages: 0 / 0M, Empty: 0M, Relocated: 0M, In-Place: 0
[21.536s][info][gc,reloc    ] GC(109) Forwarding Usage: 2M
[21.537s][info][gc,heap     ] GC(109) Min Capacity: 8M(1%)
[21.537s][info][gc,heap     ] GC(109) Max Capacity: 1024M(100%)
[21.537s][info][gc,heap     ] GC(109) Soft Max Capacity: 1024M(100%)
[21.537s][info][gc,heap     ] GC(109)                Mark Start          Mark End        Relocate Start      Relocate End           High               Low         
[21.537s][info][gc,heap     ] GC(109)  Capacity:     1024M (100%)       1024M (100%)       1024M (100%)       1024M (100%)       1024M (100%)       1024M (100%)   
[21.537s][info][gc,heap     ] GC(109)      Free:      478M (47%)         380M (37%)         544M (53%)         778M (76%)         778M (76%)         360M (35%)    
[21.537s][info][gc,heap     ] GC(109)      Used:      546M (53%)         644M (63%)         480M (47%)         246M (24%)         664M (65%)         246M (24%)    
[21.537s][info][gc,heap     ] GC(109)      Live:         -                50M (5%)           50M (5%)           50M (5%)             -                  -          
[21.537s][info][gc,heap     ] GC(109) Allocated:         -                98M (10%)         162M (16%)         171M (17%)            -                  -          
[21.537s][info][gc,heap     ] GC(109)   Garbage:         -               495M (48%)         267M (26%)          24M (2%)             -                  -          
[21.537s][info][gc,heap     ] GC(109) Reclaimed:         -                  -               228M (22%)         471M (46%)            -                  -          
[21.537s][info][gc          ] GC(109) Garbage Collection (Allocation Rate) 546M(53%)->246M(24%)
[21.596s][info][gc,start    ] GC(110) Garbage Collection (Allocation Rate)
[21.596s][info][gc,task     ] GC(110) Using 10 workers
[21.596s][info][gc,phases   ] GC(110) Pause Mark Start 0.009ms
[21.620s][info][gc,phases   ] GC(110) Concurrent Mark 23.305ms
[21.620s][info][gc,phases   ] GC(110) Pause Mark End 0.030ms
[21.622s][info][gc,phases   ] GC(110) Concurrent Mark Free 0.001ms
[21.626s][info][gc,phases   ] GC(110) Concurrent Process Non-Strong References 4.220ms
[21.626s][info][gc,phases   ] GC(110) Concurrent Reset Relocation Set 0.039ms
[21.631s][info][gc,phases   ] GC(110) Concurrent Select Relocation Set 4.910ms
[21.631s][info][gc,phases   ] GC(110) Pause Relocate Start 0.008ms
[21.636s][info][gc,phases   ] GC(110) Concurrent Relocate 3.743ms
[21.636s][info][gc,load     ] GC(110) Load: 0.00/0.00/0.00
[21.636s][info][gc,mmu      ] GC(110) MMU: 2ms/95.9%, 5ms/98.4%, 10ms/99.2%, 20ms/99.6%, 50ms/99.8%, 100ms/99.9%
[21.636s][info][gc,marking  ] GC(110) Mark: 8 stripe(s), 2 proactive flush(es), 1 terminate flush(es), 0 completion(s), 0 continuation(s) 
[21.636s][info][gc,marking  ] GC(110) Mark Stack Usage: 32M
[21.636s][info][gc,nmethod  ] GC(110) NMethods: 8443 registered, 2978 unregistered
[21.636s][info][gc,metaspace] GC(110) Metaspace: 71M used, 72M committed, 1088M reserved
[21.636s][info][gc,ref      ] GC(110) Soft: 2389 encountered, 0 discovered, 0 enqueued
[21.636s][info][gc,ref      ] GC(110) Weak: 10752 encountered, 1805 discovered, 0 enqueued
[21.636s][info][gc,ref      ] GC(110) Final: 289 encountered, 13 discovered, 0 enqueued
[21.636s][info][gc,ref      ] GC(110) Phantom: 424 encountered, 285 discovered, 0 enqueued
[21.636s][info][gc,reloc    ] GC(110) Small Pages: 273 / 546M, Empty: 222M, Relocated: 8M, In-Place: 0
[21.636s][info][gc,reloc    ] GC(110) Medium Pages: 0 / 0M, Empty: 0M, Relocated: 0M, In-Place: 0
[21.636s][info][gc,reloc    ] GC(110) Large Pages: 0 / 0M, Empty: 0M, Relocated: 0M, In-Place: 0
[21.636s][info][gc,reloc    ] GC(110) Forwarding Usage: 2M
[21.636s][info][gc,heap     ] GC(110) Min Capacity: 8M(1%)
[21.636s][info][gc,heap     ] GC(110) Max Capacity: 1024M(100%)
[21.636s][info][gc,heap     ] GC(110) Soft Max Capacity: 1024M(100%)
[21.636s][info][gc,heap     ] GC(110)                Mark Start          Mark End        Relocate Start      Relocate End           High               Low         
[21.636s][info][gc,heap     ] GC(110)  Capacity:     1024M (100%)       1024M (100%)       1024M (100%)       1024M (100%)       1024M (100%)       1024M (100%)   
[21.636s][info][gc,heap     ] GC(110)      Free:      478M (47%)         362M (35%)         534M (52%)         778M (76%)         778M (76%)         336M (33%)    
[21.636s][info][gc,heap     ] GC(110)      Used:      546M (53%)         662M (65%)         490M (48%)         246M (24%)         688M (67%)         246M (24%)    
[21.636s][info][gc,heap     ] GC(110)      Live:         -                50M (5%)           50M (5%)           50M (5%)             -                  -          
[21.636s][info][gc,heap     ] GC(110) Allocated:         -               116M (11%)         166M (16%)         171M (17%)            -                  -          
[21.636s][info][gc,heap     ] GC(110)   Garbage:         -               495M (48%)         273M (27%)          24M (2%)             -                  -          
[21.636s][info][gc,heap     ] GC(110) Reclaimed:         -                  -               222M (22%)         471M (46%)            -                  -          
[21.636s][info][gc          ] GC(110) Garbage Collection (Allocation Rate) 546M(53%)->246M(24%)
[21.697s][info][gc,start    ] GC(111) Garbage Collection (Allocation Rate)
[21.697s][info][gc,task     ] GC(111) Using 10 workers
[21.697s][info][gc,phases   ] GC(111) Pause Mark Start 0.010ms
[21.720s][info][gc,phases   ] GC(111) Concurrent Mark 22.530ms
[21.720s][info][gc,phases   ] GC(111) Pause Mark End 0.028ms
[21.722s][info][gc,phases   ] GC(111) Concurrent Mark Free 0.002ms
[21.726s][info][gc,phases   ] GC(111) Concurrent Process Non-Strong References 3.492ms
[21.726s][info][gc,phases   ] GC(111) Concurrent Reset Relocation Set 0.044ms
[21.735s][info][gc,phases   ] GC(111) Concurrent Select Relocation Set 8.881ms
[21.735s][info][gc,phases   ] GC(111) Pause Relocate Start 0.013ms
[21.739s][info][gc,phases   ] GC(111) Concurrent Relocate 3.748ms
[21.739s][info][gc,load     ] GC(111) Load: 0.00/0.00/0.00
[21.739s][info][gc,mmu      ] GC(111) MMU: 2ms/95.9%, 5ms/98.4%, 10ms/99.2%, 20ms/99.6%, 50ms/99.8%, 100ms/99.9%
[21.739s][info][gc,marking  ] GC(111) Mark: 8 stripe(s), 3 proactive flush(es), 1 terminate flush(es), 0 completion(s), 0 continuation(s) 
[21.739s][info][gc,marking  ] GC(111) Mark Stack Usage: 32M
[21.739s][info][gc,nmethod  ] GC(111) NMethods: 8443 registered, 2978 unregistered
[21.739s][info][gc,metaspace] GC(111) Metaspace: 71M used, 72M committed, 1088M reserved
[21.739s][info][gc,ref      ] GC(111) Soft: 2389 encountered, 0 discovered, 0 enqueued
[21.739s][info][gc,ref      ] GC(111) Weak: 10752 encountered, 1188 discovered, 0 enqueued
[21.739s][info][gc,ref      ] GC(111) Final: 289 encountered, 0 discovered, 0 enqueued
[21.739s][info][gc,ref      ] GC(111) Phantom: 424 encountered, 341 discovered, 0 enqueued
[21.739s][info][gc,reloc    ] GC(111) Small Pages: 276 / 552M, Empty: 246M, Relocated: 8M, In-Place: 0
[21.739s][info][gc,reloc    ] GC(111) Medium Pages: 0 / 0M, Empty: 0M, Relocated: 0M, In-Place: 0
[21.739s][info][gc,reloc    ] GC(111) Large Pages: 0 / 0M, Empty: 0M, Relocated: 0M, In-Place: 0
[21.739s][info][gc,reloc    ] GC(111) Forwarding Usage: 2M
[21.739s][info][gc,heap     ] GC(111) Min Capacity: 8M(1%)
[21.739s][info][gc,heap     ] GC(111) Max Capacity: 1024M(100%)
[21.739s][info][gc,heap     ] GC(111) Soft Max Capacity: 1024M(100%)
[21.739s][info][gc,heap     ] GC(111)                Mark Start          Mark End        Relocate Start      Relocate End           High               Low         
[21.739s][info][gc,heap     ] GC(111)  Capacity:     1024M (100%)       1024M (100%)       1024M (100%)       1024M (100%)       1024M (100%)       1024M (100%)   
[21.739s][info][gc,heap     ] GC(111)      Free:      472M (46%)         362M (35%)         544M (53%)         766M (75%)         768M (75%)         338M (33%)    
[21.739s][info][gc,heap     ] GC(111)      Used:      552M (54%)         662M (65%)         480M (47%)         258M (25%)         686M (67%)         256M (25%)    
[21.739s][info][gc,heap     ] GC(111)      Live:         -                50M (5%)           50M (5%)           50M (5%)             -                  -          
[21.739s][info][gc,heap     ] GC(111) Allocated:         -               110M (11%)         174M (17%)         183M (18%)            -                  -          
[21.739s][info][gc,heap     ] GC(111)   Garbage:         -               501M (49%)         255M (25%)          24M (2%)             -                  -          
[21.739s][info][gc,heap     ] GC(111) Reclaimed:         -                  -               246M (24%)         477M (47%)            -                  -          
[21.739s][info][gc          ] GC(111) Garbage Collection (Allocation Rate) 552M(54%)->258M(25%)
[21.796s][info][gc,start    ] GC(112) Garbage Collection (Allocation Rate)
[21.796s][info][gc,task     ] GC(112) Using 10 workers
[21.796s][info][gc,phases   ] GC(112) Pause Mark Start 0.011ms
[21.817s][info][gc,phases   ] GC(112) Concurrent Mark 20.803ms
[21.817s][info][gc,phases   ] GC(112) Pause Mark End 0.023ms
[21.818s][info][gc,phases   ] GC(112) Concurrent Mark Free 0.002ms
[21.821s][info][gc,phases   ] GC(112) Concurrent Process Non-Strong References 3.337ms
[21.821s][info][gc,phases   ] GC(112) Concurrent Reset Relocation Set 0.036ms
[21.830s][info][gc,phases   ] GC(112) Concurrent Select Relocation Set 8.683ms
[21.830s][info][gc,phases   ] GC(112) Pause Relocate Start 0.011ms
[21.838s][info][gc,phases   ] GC(112) Concurrent Relocate 7.990ms
[21.838s][info][gc,load     ] GC(112) Load: 0.00/0.00/0.00
[21.838s][info][gc,mmu      ] GC(112) MMU: 2ms/95.9%, 5ms/98.4%, 10ms/99.2%, 20ms/99.6%, 50ms/99.8%, 100ms/99.9%
[21.838s][info][gc,marking  ] GC(112) Mark: 8 stripe(s), 3 proactive flush(es), 1 terminate flush(es), 0 completion(s), 0 continuation(s) 
[21.838s][info][gc,marking  ] GC(112) Mark Stack Usage: 32M
[21.839s][info][gc,nmethod  ] GC(112) NMethods: 8443 registered, 2978 unregistered
[21.839s][info][gc,metaspace] GC(112) Metaspace: 71M used, 72M committed, 1088M reserved
[21.839s][info][gc,ref      ] GC(112) Soft: 2389 encountered, 0 discovered, 0 enqueued
[21.839s][info][gc,ref      ] GC(112) Weak: 10752 encountered, 1242 discovered, 0 enqueued
[21.839s][info][gc,ref      ] GC(112) Final: 289 encountered, 19 discovered, 0 enqueued
[21.839s][info][gc,ref      ] GC(112) Phantom: 424 encountered, 271 discovered, 0 enqueued
[21.839s][info][gc,reloc    ] GC(112) Small Pages: 270 / 540M, Empty: 170M, Relocated: 8M, In-Place: 0
[21.839s][info][gc,reloc    ] GC(112) Medium Pages: 0 / 0M, Empty: 0M, Relocated: 0M, In-Place: 0
[21.839s][info][gc,reloc    ] GC(112) Large Pages: 0 / 0M, Empty: 0M, Relocated: 0M, In-Place: 0
[21.839s][info][gc,reloc    ] GC(112) Forwarding Usage: 2M
[21.839s][info][gc,heap     ] GC(112) Min Capacity: 8M(1%)
[21.839s][info][gc,heap     ] GC(112) Max Capacity: 1024M(100%)
[21.839s][info][gc,heap     ] GC(112) Soft Max Capacity: 1024M(100%)
[21.839s][info][gc,heap     ] GC(112)                Mark Start          Mark End        Relocate Start      Relocate End           High               Low         
[21.839s][info][gc,heap     ] GC(112)  Capacity:     1024M (100%)       1024M (100%)       1024M (100%)       1024M (100%)       1024M (100%)       1024M (100%)   
[21.839s][info][gc,heap     ] GC(112)      Free:      484M (47%)         380M (37%)         494M (48%)         766M (75%)         784M (77%)         362M (35%)    
[21.839s][info][gc,heap     ] GC(112)      Used:      540M (53%)         644M (63%)         530M (52%)         258M (25%)         662M (65%)         240M (23%)    
[21.839s][info][gc,heap     ] GC(112)      Live:         -                50M (5%)           50M (5%)           50M (5%)             -                  -          
[21.839s][info][gc,heap     ] GC(112) Allocated:         -               104M (10%)         160M (16%)         183M (18%)            -                  -          
[21.839s][info][gc,heap     ] GC(112)   Garbage:         -               489M (48%)         319M (31%)          24M (2%)             -                  -          
[21.839s][info][gc,heap     ] GC(112) Reclaimed:         -                  -               170M (17%)         465M (45%)            -                  -          
[21.839s][info][gc          ] GC(112) Garbage Collection (Allocation Rate) 540M(53%)->258M(25%)
[21.896s][info][gc,start    ] GC(113) Garbage Collection (Allocation Rate)
[21.896s][info][gc,task     ] GC(113) Using 10 workers
[21.897s][info][gc,phases   ] GC(113) Pause Mark Start 0.010ms
[21.919s][info][gc,phases   ] GC(113) Concurrent Mark 21.986ms
[21.919s][info][gc,phases   ] GC(113) Pause Mark End 0.024ms
[21.920s][info][gc,phases   ] GC(113) Concurrent Mark Free 0.002ms
[21.924s][info][gc,phases   ] GC(113) Concurrent Process Non-Strong References 3.271ms
[21.924s][info][gc,phases   ] GC(113) Concurrent Reset Relocation Set 0.046ms
[21.929s][info][gc,phases   ] GC(113) Concurrent Select Relocation Set 5.014ms
[21.929s][info][gc,phases   ] GC(113) Pause Relocate Start 0.007ms
[21.934s][info][gc,phases   ] GC(113) Concurrent Relocate 4.664ms
[21.934s][info][gc,load     ] GC(113) Load: 0.00/0.00/0.00
[21.934s][info][gc,mmu      ] GC(113) MMU: 2ms/95.9%, 5ms/98.4%, 10ms/99.2%, 20ms/99.6%, 50ms/99.8%, 100ms/99.9%
[21.934s][info][gc,marking  ] GC(113) Mark: 8 stripe(s), 4 proactive flush(es), 1 terminate flush(es), 0 completion(s), 0 continuation(s) 
[21.934s][info][gc,marking  ] GC(113) Mark Stack Usage: 32M
[21.934s][info][gc,nmethod  ] GC(113) NMethods: 8443 registered, 2979 unregistered
[21.934s][info][gc,metaspace] GC(113) Metaspace: 71M used, 72M committed, 1088M reserved
[21.934s][info][gc,ref      ] GC(113) Soft: 2389 encountered, 0 discovered, 0 enqueued
[21.934s][info][gc,ref      ] GC(113) Weak: 10752 encountered, 1213 discovered, 0 enqueued
[21.934s][info][gc,ref      ] GC(113) Final: 289 encountered, 17 discovered, 0 enqueued
[21.934s][info][gc,ref      ] GC(113) Phantom: 424 encountered, 312 discovered, 0 enqueued
[21.934s][info][gc,reloc    ] GC(113) Small Pages: 275 / 550M, Empty: 208M, Relocated: 8M, In-Place: 0
[21.934s][info][gc,reloc    ] GC(113) Medium Pages: 0 / 0M, Empty: 0M, Relocated: 0M, In-Place: 0
[21.934s][info][gc,reloc    ] GC(113) Large Pages: 0 / 0M, Empty: 0M, Relocated: 0M, In-Place: 0
[21.934s][info][gc,reloc    ] GC(113) Forwarding Usage: 2M
[21.934s][info][gc,heap     ] GC(113) Min Capacity: 8M(1%)
[21.934s][info][gc,heap     ] GC(113) Max Capacity: 1024M(100%)
[21.935s][info][gc,heap     ] GC(113) Soft Max Capacity: 1024M(100%)
[21.935s][info][gc,heap     ] GC(113)                Mark Start          Mark End        Relocate Start      Relocate End           High               Low         
[21.935s][info][gc,heap     ] GC(113)  Capacity:     1024M (100%)       1024M (100%)       1024M (100%)       1024M (100%)       1024M (100%)       1024M (100%)   
[21.935s][info][gc,heap     ] GC(113)      Free:      474M (46%)         366M (36%)         530M (52%)         784M (77%)         788M (77%)         346M (34%)    
[21.935s][info][gc,heap     ] GC(113)      Used:      550M (54%)         658M (64%)         494M (48%)         240M (23%)         678M (66%)         236M (23%)    
[21.935s][info][gc,heap     ] GC(113)      Live:         -                50M (5%)           50M (5%)           50M (5%)             -                  -          
[21.935s][info][gc,heap     ] GC(113) Allocated:         -               108M (11%)         152M (15%)         165M (16%)            -                  -          
[21.935s][info][gc,heap     ] GC(113)   Garbage:         -               499M (49%)         291M (28%)          24M (2%)             -                  -          
[21.935s][info][gc,heap     ] GC(113) Reclaimed:         -                  -               208M (20%)         475M (46%)            -                  -          
[21.935s][info][gc          ] GC(113) Garbage Collection (Allocation Rate) 550M(54%)->240M(23%)
[21.997s][info][gc,start    ] GC(114) Garbage Collection (Allocation Rate)
[21.997s][info][gc,task     ] GC(114) Using 10 workers
[21.997s][info][gc,phases   ] GC(114) Pause Mark Start 0.010ms
[22.020s][info][gc,phases   ] GC(114) Concurrent Mark 22.801ms
[22.021s][info][gc,phases   ] GC(114) Pause Mark End 0.024ms
[22.022s][info][gc,phases   ] GC(114) Concurrent Mark Free 0.001ms
[22.025s][info][gc,phases   ] GC(114) Concurrent Process Non-Strong References 3.779ms
[22.026s][info][gc,phases   ] GC(114) Concurrent Reset Relocation Set 0.040ms
[22.031s][info][gc,phases   ] GC(114) Concurrent Select Relocation Set 4.967ms
[22.031s][info][gc,phases   ] GC(114) Pause Relocate Start 0.012ms
[22.035s][info][gc,phases   ] GC(114) Concurrent Relocate 4.180ms
[22.036s][info][gc,load     ] GC(114) Load: 0.00/0.00/0.00
[22.036s][info][gc,mmu      ] GC(114) MMU: 2ms/95.9%, 5ms/98.4%, 10ms/99.2%, 20ms/99.6%, 50ms/99.8%, 100ms/99.9%
[22.036s][info][gc,marking  ] GC(114) Mark: 8 stripe(s), 3 proactive flush(es), 1 terminate flush(es), 0 completion(s), 0 continuation(s) 
[22.036s][info][gc,marking  ] GC(114) Mark Stack Usage: 32M
[22.036s][info][gc,nmethod  ] GC(114) NMethods: 8443 registered, 2979 unregistered
[22.036s][info][gc,metaspace] GC(114) Metaspace: 71M used, 72M committed, 1088M reserved
[22.036s][info][gc,ref      ] GC(114) Soft: 2389 encountered, 0 discovered, 0 enqueued
[22.036s][info][gc,ref      ] GC(114) Weak: 10752 encountered, 2097 discovered, 0 enqueued
[22.036s][info][gc,ref      ] GC(114) Final: 289 encountered, 0 discovered, 0 enqueued
[22.036s][info][gc,ref      ] GC(114) Phantom: 424 encountered, 206 discovered, 0 enqueued
[22.036s][info][gc,reloc    ] GC(114) Small Pages: 276 / 552M, Empty: 224M, Relocated: 8M, In-Place: 0
[22.036s][info][gc,reloc    ] GC(114) Medium Pages: 0 / 0M, Empty: 0M, Relocated: 0M, In-Place: 0
[22.036s][info][gc,reloc    ] GC(114) Large Pages: 0 / 0M, Empty: 0M, Relocated: 0M, In-Place: 0
[22.036s][info][gc,reloc    ] GC(114) Forwarding Usage: 2M
[22.036s][info][gc,heap     ] GC(114) Min Capacity: 8M(1%)
[22.036s][info][gc,heap     ] GC(114) Max Capacity: 1024M(100%)
[22.036s][info][gc,heap     ] GC(114) Soft Max Capacity: 1024M(100%)
[22.036s][info][gc,heap     ] GC(114)                Mark Start          Mark End        Relocate Start      Relocate End           High               Low         
[22.036s][info][gc,heap     ] GC(114)  Capacity:     1024M (100%)       1024M (100%)       1024M (100%)       1024M (100%)       1024M (100%)       1024M (100%)   
[22.036s][info][gc,heap     ] GC(114)      Free:      472M (46%)         362M (35%)         542M (53%)         786M (77%)         788M (77%)         342M (33%)    
[22.036s][info][gc,heap     ] GC(114)      Used:      552M (54%)         662M (65%)         482M (47%)         238M (23%)         682M (67%)         236M (23%)    
[22.036s][info][gc,heap     ] GC(114)      Live:         -                50M (5%)           50M (5%)           50M (5%)             -                  -          
[22.036s][info][gc,heap     ] GC(114) Allocated:         -               110M (11%)         154M (15%)         163M (16%)            -                  -          
[22.036s][info][gc,heap     ] GC(114)   Garbage:         -               501M (49%)         277M (27%)          24M (2%)             -                  -          
[22.036s][info][gc,heap     ] GC(114) Reclaimed:         -                  -               224M (22%)         477M (47%)            -                  -          
[22.036s][info][gc          ] GC(114) Garbage Collection (Allocation Rate) 552M(54%)->238M(23%)
[22.096s][info][gc,start    ] GC(115) Garbage Collection (Allocation Rate)
[22.096s][info][gc,task     ] GC(115) Using 10 workers
[22.096s][info][gc,phases   ] GC(115) Pause Mark Start 0.011ms
[22.119s][info][gc,phases   ] GC(115) Concurrent Mark 22.313ms
[22.119s][info][gc,phases   ] GC(115) Pause Mark End 0.025ms
[22.120s][info][gc,phases   ] GC(115) Concurrent Mark Free 0.001ms
[22.124s][info][gc,phases   ] GC(115) Concurrent Process Non-Strong References 3.524ms
[22.124s][info][gc,phases   ] GC(115) Concurrent Reset Relocation Set 0.053ms
[22.130s][info][gc,phases   ] GC(115) Concurrent Select Relocation Set 6.469ms
[22.130s][info][gc,phases   ] GC(115) Pause Relocate Start 0.011ms
[22.135s][info][gc,phases   ] GC(115) Concurrent Relocate 4.383ms
[22.135s][info][gc,load     ] GC(115) Load: 0.00/0.00/0.00
[22.135s][info][gc,mmu      ] GC(115) MMU: 2ms/95.9%, 5ms/98.4%, 10ms/99.2%, 20ms/99.6%, 50ms/99.8%, 100ms/99.9%
[22.135s][info][gc,marking  ] GC(115) Mark: 8 stripe(s), 3 proactive flush(es), 1 terminate flush(es), 0 completion(s), 0 continuation(s) 
[22.135s][info][gc,marking  ] GC(115) Mark Stack Usage: 32M
[22.135s][info][gc,nmethod  ] GC(115) NMethods: 8443 registered, 2979 unregistered
[22.135s][info][gc,metaspace] GC(115) Metaspace: 71M used, 72M committed, 1088M reserved
[22.135s][info][gc,ref      ] GC(115) Soft: 2389 encountered, 0 discovered, 0 enqueued
[22.136s][info][gc,ref      ] GC(115) Weak: 10752 encountered, 1208 discovered, 0 enqueued
[22.136s][info][gc,ref      ] GC(115) Final: 289 encountered, 3 discovered, 0 enqueued
[22.136s][info][gc,ref      ] GC(115) Phantom: 424 encountered, 322 discovered, 0 enqueued
[22.136s][info][gc,reloc    ] GC(115) Small Pages: 270 / 540M, Empty: 200M, Relocated: 8M, In-Place: 0
[22.136s][info][gc,reloc    ] GC(115) Medium Pages: 0 / 0M, Empty: 0M, Relocated: 0M, In-Place: 0
[22.136s][info][gc,reloc    ] GC(115) Large Pages: 0 / 0M, Empty: 0M, Relocated: 0M, In-Place: 0
[22.136s][info][gc,reloc    ] GC(115) Forwarding Usage: 2M
[22.136s][info][gc,heap     ] GC(115) Min Capacity: 8M(1%)
[22.136s][info][gc,heap     ] GC(115) Max Capacity: 1024M(100%)
[22.136s][info][gc,heap     ] GC(115) Soft Max Capacity: 1024M(100%)
[22.136s][info][gc,heap     ] GC(115)                Mark Start          Mark End        Relocate Start      Relocate End           High               Low         
[22.136s][info][gc,heap     ] GC(115)  Capacity:     1024M (100%)       1024M (100%)       1024M (100%)       1024M (100%)       1024M (100%)       1024M (100%)   
[22.136s][info][gc,heap     ] GC(115)      Free:      484M (47%)         374M (37%)         526M (51%)         778M (76%)         784M (77%)         358M (35%)    
[22.136s][info][gc,heap     ] GC(115)      Used:      540M (53%)         650M (63%)         498M (49%)         246M (24%)         666M (65%)         240M (23%)    
[22.136s][info][gc,heap     ] GC(115)      Live:         -                50M (5%)           50M (5%)           50M (5%)             -                  -          
[22.136s][info][gc,heap     ] GC(115) Allocated:         -               110M (11%)         158M (15%)         171M (17%)            -                  -          
[22.136s][info][gc,heap     ] GC(115)   Garbage:         -               489M (48%)         289M (28%)          24M (2%)             -                  -          
[22.136s][info][gc,heap     ] GC(115) Reclaimed:         -                  -               200M (20%)         465M (45%)            -                  -          
[22.136s][info][gc          ] GC(115) Garbage Collection (Allocation Rate) 540M(53%)->246M(24%)
[22.195s][info][gc,start    ] GC(116) Garbage Collection (Allocation Rate)
[22.195s][info][gc,task     ] GC(116) Using 10 workers
[22.196s][info][gc,phases   ] GC(116) Pause Mark Start 0.012ms
[22.221s][info][gc,phases   ] GC(116) Concurrent Mark 24.927ms
[22.221s][info][gc,phases   ] GC(116) Pause Mark End 0.028ms
[22.222s][info][gc,phases   ] GC(116) Concurrent Mark Free 0.001ms
[22.226s][info][gc,phases   ] GC(116) Concurrent Process Non-Strong References 3.453ms
[22.226s][info][gc,phases   ] GC(116) Concurrent Reset Relocation Set 0.040ms
[22.236s][info][gc,phases   ] GC(116) Concurrent Select Relocation Set 9.912ms
[22.236s][info][gc,phases   ] GC(116) Pause Relocate Start 0.010ms
[22.241s][info][gc,phases   ] GC(116) Concurrent Relocate 4.284ms
[22.241s][info][gc,load     ] GC(116) Load: 0.00/0.00/0.00
[22.241s][info][gc,mmu      ] GC(116) MMU: 2ms/95.9%, 5ms/98.4%, 10ms/99.2%, 20ms/99.6%, 50ms/99.8%, 100ms/99.9%
[22.241s][info][gc,marking  ] GC(116) Mark: 8 stripe(s), 3 proactive flush(es), 1 terminate flush(es), 0 completion(s), 0 continuation(s) 
[22.241s][info][gc,marking  ] GC(116) Mark Stack Usage: 32M
[22.241s][info][gc,nmethod  ] GC(116) NMethods: 8444 registered, 2981 unregistered
[22.241s][info][gc,metaspace] GC(116) Metaspace: 71M used, 72M committed, 1088M reserved
[22.241s][info][gc,ref      ] GC(116) Soft: 2389 encountered, 0 discovered, 0 enqueued
[22.241s][info][gc,ref      ] GC(116) Weak: 10752 encountered, 1550 discovered, 0 enqueued
[22.241s][info][gc,ref      ] GC(116) Final: 289 encountered, 0 discovered, 0 enqueued
[22.241s][info][gc,ref      ] GC(116) Phantom: 424 encountered, 357 discovered, 0 enqueued
[22.241s][info][gc,reloc    ] GC(116) Small Pages: 271 / 542M, Empty: 230M, Relocated: 8M, In-Place: 0
[22.241s][info][gc,reloc    ] GC(116) Medium Pages: 0 / 0M, Empty: 0M, Relocated: 0M, In-Place: 0
[22.241s][info][gc,reloc    ] GC(116) Large Pages: 0 / 0M, Empty: 0M, Relocated: 0M, In-Place: 0
[22.241s][info][gc,reloc    ] GC(116) Forwarding Usage: 2M
[22.241s][info][gc,heap     ] GC(116) Min Capacity: 8M(1%)
[22.241s][info][gc,heap     ] GC(116) Max Capacity: 1024M(100%)
[22.241s][info][gc,heap     ] GC(116) Soft Max Capacity: 1024M(100%)
[22.241s][info][gc,heap     ] GC(116)                Mark Start          Mark End        Relocate Start      Relocate End           High               Low         
[22.241s][info][gc,heap     ] GC(116)  Capacity:     1024M (100%)       1024M (100%)       1024M (100%)       1024M (100%)       1024M (100%)       1024M (100%)   
[22.241s][info][gc,heap     ] GC(116)      Free:      482M (47%)         358M (35%)         522M (51%)         750M (73%)         750M (73%)         340M (33%)    
[22.241s][info][gc,heap     ] GC(116)      Used:      542M (53%)         666M (65%)         502M (49%)         274M (27%)         684M (67%)         274M (27%)    
[22.241s][info][gc,heap     ] GC(116)      Live:         -                50M (5%)           50M (5%)           50M (5%)             -                  -          
[22.241s][info][gc,heap     ] GC(116) Allocated:         -               124M (12%)         190M (19%)         199M (19%)            -                  -          
[22.241s][info][gc,heap     ] GC(116)   Garbage:         -               491M (48%)         261M (26%)          24M (2%)             -                  -          
[22.241s][info][gc,heap     ] GC(116) Reclaimed:         -                  -               230M (22%)         467M (46%)            -                  -          
[22.241s][info][gc          ] GC(116) Garbage Collection (Allocation Rate) 542M(53%)->274M(27%)
[22.296s][info][gc,start    ] GC(117) Garbage Collection (Allocation Rate)
[22.296s][info][gc,task     ] GC(117) Using 10 workers
[22.296s][info][gc,phases   ] GC(117) Pause Mark Start 0.010ms
[22.317s][info][gc,phases   ] GC(117) Concurrent Mark 20.676ms
[22.318s][info][gc,phases   ] GC(117) Pause Mark End 0.024ms
[22.318s][info][gc,phases   ] GC(117) Concurrent Mark Free 0.001ms
[22.322s][info][gc,phases   ] GC(117) Concurrent Process Non-Strong References 3.261ms
[22.322s][info][gc,phases   ] GC(117) Concurrent Reset Relocation Set 0.037ms
[22.327s][info][gc,phases   ] GC(117) Concurrent Select Relocation Set 4.861ms
[22.327s][info][gc,phases   ] GC(117) Pause Relocate Start 0.009ms
[22.332s][info][gc,phases   ] GC(117) Concurrent Relocate 4.318ms
[22.332s][info][gc,load     ] GC(117) Load: 0.00/0.00/0.00
[22.332s][info][gc,mmu      ] GC(117) MMU: 2ms/95.9%, 5ms/98.4%, 10ms/99.2%, 20ms/99.6%, 50ms/99.8%, 100ms/99.9%
[22.332s][info][gc,marking  ] GC(117) Mark: 8 stripe(s), 3 proactive flush(es), 1 terminate flush(es), 0 completion(s), 0 continuation(s) 
[22.332s][info][gc,marking  ] GC(117) Mark Stack Usage: 32M
[22.332s][info][gc,nmethod  ] GC(117) NMethods: 8443 registered, 2982 unregistered
[22.332s][info][gc,metaspace] GC(117) Metaspace: 71M used, 72M committed, 1088M reserved
[22.332s][info][gc,ref      ] GC(117) Soft: 2389 encountered, 0 discovered, 0 enqueued
[22.332s][info][gc,ref      ] GC(117) Weak: 10752 encountered, 956 discovered, 0 enqueued
[22.332s][info][gc,ref      ] GC(117) Final: 289 encountered, 0 discovered, 0 enqueued
[22.332s][info][gc,ref      ] GC(117) Phantom: 424 encountered, 271 discovered, 0 enqueued
[22.332s][info][gc,reloc    ] GC(117) Small Pages: 275 / 550M, Empty: 232M, Relocated: 8M, In-Place: 0
[22.332s][info][gc,reloc    ] GC(117) Medium Pages: 0 / 0M, Empty: 0M, Relocated: 0M, In-Place: 0
[22.332s][info][gc,reloc    ] GC(117) Large Pages: 0 / 0M, Empty: 0M, Relocated: 0M, In-Place: 0
[22.332s][info][gc,reloc    ] GC(117) Forwarding Usage: 2M
[22.332s][info][gc,heap     ] GC(117) Min Capacity: 8M(1%)
[22.332s][info][gc,heap     ] GC(117) Max Capacity: 1024M(100%)
[22.332s][info][gc,heap     ] GC(117) Soft Max Capacity: 1024M(100%)
[22.332s][info][gc,heap     ] GC(117)                Mark Start          Mark End        Relocate Start      Relocate End           High               Low         
[22.332s][info][gc,heap     ] GC(117)  Capacity:     1024M (100%)       1024M (100%)       1024M (100%)       1024M (100%)       1024M (100%)       1024M (100%)   
[22.332s][info][gc,heap     ] GC(117)      Free:      474M (46%)         372M (36%)         564M (55%)         794M (78%)         798M (78%)         352M (34%)    
[22.332s][info][gc,heap     ] GC(117)      Used:      550M (54%)         652M (64%)         460M (45%)         230M (22%)         672M (66%)         226M (22%)    
[22.332s][info][gc,heap     ] GC(117)      Live:         -                50M (5%)           50M (5%)           50M (5%)             -                  -          
[22.332s][info][gc,heap     ] GC(117) Allocated:         -               102M (10%)         142M (14%)         155M (15%)            -                  -          
[22.332s][info][gc,heap     ] GC(117)   Garbage:         -               499M (49%)         267M (26%)          24M (2%)             -                  -          
[22.332s][info][gc,heap     ] GC(117) Reclaimed:         -                  -               232M (23%)         475M (46%)            -                  -          
[22.332s][info][gc          ] GC(117) Garbage Collection (Allocation Rate) 550M(54%)->230M(22%)
[22.397s][info][gc,start    ] GC(118) Garbage Collection (Allocation Rate)
[22.397s][info][gc,task     ] GC(118) Using 10 workers
[22.398s][info][gc,phases   ] GC(118) Pause Mark Start 0.010ms
[22.420s][info][gc,phases   ] GC(118) Concurrent Mark 22.091ms
[22.420s][info][gc,phases   ] GC(118) Pause Mark End 0.029ms
[22.422s][info][gc,phases   ] GC(118) Concurrent Mark Free 0.002ms
[22.426s][info][gc,phases   ] GC(118) Concurrent Process Non-Strong References 3.729ms
[22.426s][info][gc,phases   ] GC(118) Concurrent Reset Relocation Set 0.042ms
[22.434s][info][gc,phases   ] GC(118) Concurrent Select Relocation Set 8.281ms
[22.434s][info][gc,phases   ] GC(118) Pause Relocate Start 0.010ms
[22.438s][info][gc,phases   ] GC(118) Concurrent Relocate 3.577ms
[22.438s][info][gc,load     ] GC(118) Load: 0.00/0.00/0.00
[22.438s][info][gc,mmu      ] GC(118) MMU: 2ms/95.9%, 5ms/98.4%, 10ms/99.2%, 20ms/99.6%, 50ms/99.8%, 100ms/99.9%
[22.438s][info][gc,marking  ] GC(118) Mark: 8 stripe(s), 3 proactive flush(es), 1 terminate flush(es), 0 completion(s), 0 continuation(s) 
[22.438s][info][gc,marking  ] GC(118) Mark Stack Usage: 32M
[22.439s][info][gc,nmethod  ] GC(118) NMethods: 8443 registered, 2982 unregistered
[22.439s][info][gc,metaspace] GC(118) Metaspace: 71M used, 72M committed, 1088M reserved
[22.439s][info][gc,ref      ] GC(118) Soft: 2389 encountered, 0 discovered, 0 enqueued
[22.439s][info][gc,ref      ] GC(118) Weak: 10752 encountered, 1344 discovered, 0 enqueued
[22.439s][info][gc,ref      ] GC(118) Final: 289 encountered, 4 discovered, 0 enqueued
[22.439s][info][gc,ref      ] GC(118) Phantom: 424 encountered, 299 discovered, 0 enqueued
[22.439s][info][gc,reloc    ] GC(118) Small Pages: 277 / 554M, Empty: 230M, Relocated: 8M, In-Place: 0
[22.439s][info][gc,reloc    ] GC(118) Medium Pages: 0 / 0M, Empty: 0M, Relocated: 0M, In-Place: 0
[22.439s][info][gc,reloc    ] GC(118) Large Pages: 0 / 0M, Empty: 0M, Relocated: 0M, In-Place: 0
[22.439s][info][gc,reloc    ] GC(118) Forwarding Usage: 2M
[22.439s][info][gc,heap     ] GC(118) Min Capacity: 8M(1%)
[22.439s][info][gc,heap     ] GC(118) Max Capacity: 1024M(100%)
[22.439s][info][gc,heap     ] GC(118) Soft Max Capacity: 1024M(100%)
[22.439s][info][gc,heap     ] GC(118)                Mark Start          Mark End        Relocate Start      Relocate End           High               Low         
[22.439s][info][gc,heap     ] GC(118)  Capacity:     1024M (100%)       1024M (100%)       1024M (100%)       1024M (100%)       1024M (100%)       1024M (100%)   
[22.439s][info][gc,heap     ] GC(118)      Free:      470M (46%)         362M (35%)         532M (52%)         776M (76%)         776M (76%)         340M (33%)    
[22.439s][info][gc,heap     ] GC(118)      Used:      554M (54%)         662M (65%)         492M (48%)         248M (24%)         684M (67%)         248M (24%)    
[22.439s][info][gc,heap     ] GC(118)      Live:         -                50M (5%)           50M (5%)           50M (5%)             -                  -          
[22.439s][info][gc,heap     ] GC(118) Allocated:         -               108M (11%)         168M (16%)         173M (17%)            -                  -          
[22.439s][info][gc,heap     ] GC(118)   Garbage:         -               503M (49%)         273M (27%)          24M (2%)             -                  -          
[22.439s][info][gc,heap     ] GC(118) Reclaimed:         -                  -               230M (22%)         479M (47%)            -                  -          
[22.439s][info][gc          ] GC(118) Garbage Collection (Allocation Rate) 554M(54%)->248M(24%)
[22.495s][info][gc,start    ] GC(119) Garbage Collection (Allocation Rate)
[22.496s][info][gc,task     ] GC(119) Using 10 workers
[22.496s][info][gc,phases   ] GC(119) Pause Mark Start 0.011ms
[22.519s][info][gc,phases   ] GC(119) Concurrent Mark 22.471ms
[22.519s][info][gc,phases   ] GC(119) Pause Mark End 0.030ms
[22.520s][info][gc,phases   ] GC(119) Concurrent Mark Free 0.001ms
[22.523s][info][gc,phases   ] GC(119) Concurrent Process Non-Strong References 3.295ms
[22.523s][info][gc,phases   ] GC(119) Concurrent Reset Relocation Set 0.041ms
[22.528s][info][gc,phases   ] GC(119) Concurrent Select Relocation Set 4.854ms
[22.528s][info][gc,phases   ] GC(119) Pause Relocate Start 0.010ms
[22.532s][info][gc,phases   ] GC(119) Concurrent Relocate 4.060ms
[22.532s][info][gc,load     ] GC(119) Load: 0.00/0.00/0.00
[22.533s][info][gc,mmu      ] GC(119) MMU: 2ms/95.9%, 5ms/98.4%, 10ms/99.2%, 20ms/99.6%, 50ms/99.8%, 100ms/99.9%
[22.533s][info][gc,marking  ] GC(119) Mark: 8 stripe(s), 3 proactive flush(es), 1 terminate flush(es), 0 completion(s), 0 continuation(s) 
[22.533s][info][gc,marking  ] GC(119) Mark Stack Usage: 32M
[22.533s][info][gc,nmethod  ] GC(119) NMethods: 8443 registered, 2982 unregistered
[22.533s][info][gc,metaspace] GC(119) Metaspace: 71M used, 72M committed, 1088M reserved
[22.533s][info][gc,ref      ] GC(119) Soft: 2389 encountered, 0 discovered, 0 enqueued
[22.533s][info][gc,ref      ] GC(119) Weak: 10752 encountered, 1574 discovered, 0 enqueued
[22.533s][info][gc,ref      ] GC(119) Final: 289 encountered, 0 discovered, 0 enqueued
[22.533s][info][gc,ref      ] GC(119) Phantom: 424 encountered, 336 discovered, 0 enqueued
[22.533s][info][gc,reloc    ] GC(119) Small Pages: 267 / 534M, Empty: 206M, Relocated: 8M, In-Place: 0
[22.533s][info][gc,reloc    ] GC(119) Medium Pages: 0 / 0M, Empty: 0M, Relocated: 0M, In-Place: 0
[22.533s][info][gc,reloc    ] GC(119) Large Pages: 0 / 0M, Empty: 0M, Relocated: 0M, In-Place: 0
[22.533s][info][gc,reloc    ] GC(119) Forwarding Usage: 2M
[22.533s][info][gc,heap     ] GC(119) Min Capacity: 8M(1%)
[22.533s][info][gc,heap     ] GC(119) Max Capacity: 1024M(100%)
[22.533s][info][gc,heap     ] GC(119) Soft Max Capacity: 1024M(100%)
[22.533s][info][gc,heap     ] GC(119)                Mark Start          Mark End        Relocate Start      Relocate End           High               Low         
[22.533s][info][gc,heap     ] GC(119)  Capacity:     1024M (100%)       1024M (100%)       1024M (100%)       1024M (100%)       1024M (100%)       1024M (100%)   
[22.533s][info][gc,heap     ] GC(119)      Free:      490M (48%)         380M (37%)         546M (53%)         790M (77%)         790M (77%)         364M (36%)    
[22.533s][info][gc,heap     ] GC(119)      Used:      534M (52%)         644M (63%)         478M (47%)         234M (23%)         660M (64%)         234M (23%)    
[22.533s][info][gc,heap     ] GC(119)      Live:         -                50M (5%)           50M (5%)           50M (5%)             -                  -          
[22.533s][info][gc,heap     ] GC(119) Allocated:         -               110M (11%)         150M (15%)         159M (16%)            -                  -          
[22.533s][info][gc,heap     ] GC(119)   Garbage:         -               483M (47%)         277M (27%)          24M (2%)             -                  -          
[22.533s][info][gc,heap     ] GC(119) Reclaimed:         -                  -               206M (20%)         459M (45%)            -                  -          
[22.533s][info][gc          ] GC(119) Garbage Collection (Allocation Rate) 534M(52%)->234M(23%)
[22.596s][info][gc,start    ] GC(120) Garbage Collection (Allocation Rate)
[22.596s][info][gc,task     ] GC(120) Using 10 workers
[22.596s][info][gc,phases   ] GC(120) Pause Mark Start 0.010ms
[22.620s][info][gc,phases   ] GC(120) Concurrent Mark 23.669ms
[22.620s][info][gc,phases   ] GC(120) Pause Mark End 0.025ms
[22.621s][info][gc,phases   ] GC(120) Concurrent Mark Free 0.001ms
[22.624s][info][gc,phases   ] GC(120) Concurrent Process Non-Strong References 3.595ms
[22.624s][info][gc,phases   ] GC(120) Concurrent Reset Relocation Set 0.039ms
[22.629s][info][gc,phases   ] GC(120) Concurrent Select Relocation Set 4.904ms
[22.630s][info][gc,phases   ] GC(120) Pause Relocate Start 0.010ms
[22.634s][info][gc,phases   ] GC(120) Concurrent Relocate 4.396ms
[22.634s][info][gc,load     ] GC(120) Load: 0.00/0.00/0.00
[22.634s][info][gc,mmu      ] GC(120) MMU: 2ms/95.9%, 5ms/98.4%, 10ms/99.2%, 20ms/99.6%, 50ms/99.8%, 100ms/99.9%
[22.634s][info][gc,marking  ] GC(120) Mark: 8 stripe(s), 6 proactive flush(es), 1 terminate flush(es), 0 completion(s), 0 continuation(s) 
[22.634s][info][gc,marking  ] GC(120) Mark Stack Usage: 32M
[22.634s][info][gc,nmethod  ] GC(120) NMethods: 8443 registered, 2982 unregistered
[22.635s][info][gc,metaspace] GC(120) Metaspace: 71M used, 72M committed, 1088M reserved
[22.635s][info][gc,ref      ] GC(120) Soft: 2389 encountered, 0 discovered, 0 enqueued
[22.635s][info][gc,ref      ] GC(120) Weak: 10752 encountered, 1237 discovered, 0 enqueued
[22.635s][info][gc,ref      ] GC(120) Final: 289 encountered, 0 discovered, 0 enqueued
[22.635s][info][gc,ref      ] GC(120) Phantom: 424 encountered, 282 discovered, 0 enqueued
[22.635s][info][gc,reloc    ] GC(120) Small Pages: 276 / 552M, Empty: 206M, Relocated: 8M, In-Place: 0
[22.635s][info][gc,reloc    ] GC(120) Medium Pages: 0 / 0M, Empty: 0M, Relocated: 0M, In-Place: 0
[22.635s][info][gc,reloc    ] GC(120) Large Pages: 0 / 0M, Empty: 0M, Relocated: 0M, In-Place: 0
[22.635s][info][gc,reloc    ] GC(120) Forwarding Usage: 2M
[22.635s][info][gc,heap     ] GC(120) Min Capacity: 8M(1%)
[22.635s][info][gc,heap     ] GC(120) Max Capacity: 1024M(100%)
[22.635s][info][gc,heap     ] GC(120) Soft Max Capacity: 1024M(100%)
[22.635s][info][gc,heap     ] GC(120)                Mark Start          Mark End        Relocate Start      Relocate End           High               Low         
[22.635s][info][gc,heap     ] GC(120)  Capacity:     1024M (100%)       1024M (100%)       1024M (100%)       1024M (100%)       1024M (100%)       1024M (100%)   
[22.635s][info][gc,heap     ] GC(120)      Free:      472M (46%)         356M (35%)         522M (51%)         786M (77%)         786M (77%)         342M (33%)    
[22.635s][info][gc,heap     ] GC(120)      Used:      552M (54%)         668M (65%)         502M (49%)         238M (23%)         682M (67%)         238M (23%)    
[22.635s][info][gc,heap     ] GC(120)      Live:         -                50M (5%)           50M (5%)           50M (5%)             -                  -          
[22.635s][info][gc,heap     ] GC(120) Allocated:         -               116M (11%)         156M (15%)         163M (16%)            -                  -          
[22.635s][info][gc,heap     ] GC(120)   Garbage:         -               501M (49%)         295M (29%)          24M (2%)             -                  -          
[22.635s][info][gc,heap     ] GC(120) Reclaimed:         -                  -               206M (20%)         477M (47%)            -                  -          
[22.635s][info][gc          ] GC(120) Garbage Collection (Allocation Rate) 552M(54%)->238M(23%)
[22.697s][info][gc,start    ] GC(121) Garbage Collection (Allocation Rate)
[22.697s][info][gc,task     ] GC(121) Using 10 workers
[22.697s][info][gc,phases   ] GC(121) Pause Mark Start 0.011ms
[22.719s][info][gc,phases   ] GC(121) Concurrent Mark 21.542ms
[22.719s][info][gc,phases   ] GC(121) Pause Mark End 0.025ms
[22.720s][info][gc,phases   ] GC(121) Concurrent Mark Free 0.001ms
[22.723s][info][gc,phases   ] GC(121) Concurrent Process Non-Strong References 3.580ms
[22.723s][info][gc,phases   ] GC(121) Concurrent Reset Relocation Set 0.042ms
[22.731s][info][gc,phases   ] GC(121) Concurrent Select Relocation Set 8.091ms
[22.732s][info][gc,phases   ] GC(121) Pause Relocate Start 0.008ms
[22.736s][info][gc,phases   ] GC(121) Concurrent Relocate 4.427ms
[22.737s][info][gc,load     ] GC(121) Load: 0.00/0.00/0.00
[22.737s][info][gc,mmu      ] GC(121) MMU: 2ms/95.9%, 5ms/98.4%, 10ms/99.2%, 20ms/99.6%, 50ms/99.8%, 100ms/99.9%
[22.737s][info][gc,marking  ] GC(121) Mark: 8 stripe(s), 3 proactive flush(es), 1 terminate flush(es), 0 completion(s), 0 continuation(s) 
[22.737s][info][gc,marking  ] GC(121) Mark Stack Usage: 32M
[22.737s][info][gc,nmethod  ] GC(121) NMethods: 8444 registered, 2982 unregistered
[22.737s][info][gc,metaspace] GC(121) Metaspace: 71M used, 72M committed, 1088M reserved
[22.737s][info][gc,ref      ] GC(121) Soft: 2389 encountered, 0 discovered, 0 enqueued
[22.737s][info][gc,ref      ] GC(121) Weak: 10752 encountered, 1898 discovered, 0 enqueued
[22.737s][info][gc,ref      ] GC(121) Final: 289 encountered, 1 discovered, 0 enqueued
[22.737s][info][gc,ref      ] GC(121) Phantom: 424 encountered, 289 discovered, 0 enqueued
[22.737s][info][gc,reloc    ] GC(121) Small Pages: 275 / 550M, Empty: 218M, Relocated: 8M, In-Place: 0
[22.737s][info][gc,reloc    ] GC(121) Medium Pages: 0 / 0M, Empty: 0M, Relocated: 0M, In-Place: 0
[22.737s][info][gc,reloc    ] GC(121) Large Pages: 0 / 0M, Empty: 0M, Relocated: 0M, In-Place: 0
[22.737s][info][gc,reloc    ] GC(121) Forwarding Usage: 2M
[22.737s][info][gc,heap     ] GC(121) Min Capacity: 8M(1%)
[22.737s][info][gc,heap     ] GC(121) Max Capacity: 1024M(100%)
[22.737s][info][gc,heap     ] GC(121) Soft Max Capacity: 1024M(100%)
[22.737s][info][gc,heap     ] GC(121)                Mark Start          Mark End        Relocate Start      Relocate End           High               Low         
[22.737s][info][gc,heap     ] GC(121)  Capacity:     1024M (100%)       1024M (100%)       1024M (100%)       1024M (100%)       1024M (100%)       1024M (100%)   
[22.737s][info][gc,heap     ] GC(121)      Free:      474M (46%)         368M (36%)         534M (52%)         778M (76%)         782M (76%)         352M (34%)    
[22.737s][info][gc,heap     ] GC(121)      Used:      550M (54%)         656M (64%)         490M (48%)         246M (24%)         672M (66%)         242M (24%)    
[22.737s][info][gc,heap     ] GC(121)      Live:         -                50M (5%)           50M (5%)           50M (5%)             -                  -          
[22.737s][info][gc,heap     ] GC(121) Allocated:         -               106M (10%)         158M (15%)         171M (17%)            -                  -          
[22.737s][info][gc,heap     ] GC(121)   Garbage:         -               499M (49%)         281M (28%)          24M (2%)             -                  -          
[22.737s][info][gc,heap     ] GC(121) Reclaimed:         -                  -               218M (21%)         475M (46%)            -                  -          
[22.737s][info][gc          ] GC(121) Garbage Collection (Allocation Rate) 550M(54%)->246M(24%)
[22.797s][info][gc,start    ] GC(122) Garbage Collection (Allocation Rate)
[22.797s][info][gc,task     ] GC(122) Using 10 workers
[22.797s][info][gc,phases   ] GC(122) Pause Mark Start 0.011ms
[22.818s][info][gc,phases   ] GC(122) Concurrent Mark 21.151ms
[22.819s][info][gc,phases   ] GC(122) Pause Mark End 0.026ms
[22.819s][info][gc,phases   ] GC(122) Concurrent Mark Free 0.003ms
[22.823s][info][gc,phases   ] GC(122) Concurrent Process Non-Strong References 3.427ms
[22.823s][info][gc,phases   ] GC(122) Concurrent Reset Relocation Set 0.038ms
[22.831s][info][gc,phases   ] GC(122) Concurrent Select Relocation Set 8.579ms
[22.831s][info][gc,phases   ] GC(122) Pause Relocate Start 0.008ms
[22.839s][info][gc,phases   ] GC(122) Concurrent Relocate 7.529ms
[22.839s][info][gc,load     ] GC(122) Load: 0.00/0.00/0.00
[22.839s][info][gc,mmu      ] GC(122) MMU: 2ms/95.9%, 5ms/98.4%, 10ms/99.2%, 20ms/99.6%, 50ms/99.8%, 100ms/99.9%
[22.839s][info][gc,marking  ] GC(122) Mark: 8 stripe(s), 3 proactive flush(es), 1 terminate flush(es), 0 completion(s), 0 continuation(s) 
[22.839s][info][gc,marking  ] GC(122) Mark Stack Usage: 32M
[22.839s][info][gc,nmethod  ] GC(122) NMethods: 8444 registered, 2982 unregistered
[22.839s][info][gc,metaspace] GC(122) Metaspace: 71M used, 72M committed, 1088M reserved
[22.839s][info][gc,ref      ] GC(122) Soft: 2389 encountered, 0 discovered, 0 enqueued
[22.839s][info][gc,ref      ] GC(122) Weak: 10739 encountered, 1349 discovered, 27 enqueued
[22.839s][info][gc,ref      ] GC(122) Final: 289 encountered, 1 discovered, 0 enqueued
[22.839s][info][gc,ref      ] GC(122) Phantom: 424 encountered, 318 discovered, 0 enqueued
[22.840s][info][gc,reloc    ] GC(122) Small Pages: 273 / 546M, Empty: 138M, Relocated: 8M, In-Place: 0
[22.840s][info][gc,reloc    ] GC(122) Medium Pages: 0 / 0M, Empty: 0M, Relocated: 0M, In-Place: 0
[22.840s][info][gc,reloc    ] GC(122) Large Pages: 0 / 0M, Empty: 0M, Relocated: 0M, In-Place: 0
[22.840s][info][gc,reloc    ] GC(122) Forwarding Usage: 2M
[22.840s][info][gc,heap     ] GC(122) Min Capacity: 8M(1%)
[22.840s][info][gc,heap     ] GC(122) Max Capacity: 1024M(100%)
[22.840s][info][gc,heap     ] GC(122) Soft Max Capacity: 1024M(100%)
[22.840s][info][gc,heap     ] GC(122)                Mark Start          Mark End        Relocate Start      Relocate End           High               Low         
[22.840s][info][gc,heap     ] GC(122)  Capacity:     1024M (100%)       1024M (100%)       1024M (100%)       1024M (100%)       1024M (100%)       1024M (100%)   
[22.840s][info][gc,heap     ] GC(122)      Free:      478M (47%)         372M (36%)         454M (44%)         764M (75%)         780M (76%)         356M (35%)    
[22.840s][info][gc,heap     ] GC(122)      Used:      546M (53%)         652M (64%)         570M (56%)         260M (25%)         668M (65%)         244M (24%)    
[22.840s][info][gc,heap     ] GC(122)      Live:         -                49M (5%)           49M (5%)           49M (5%)             -                  -          
[22.840s][info][gc,heap     ] GC(122) Allocated:         -               106M (10%)         162M (16%)         185M (18%)            -                  -          
[22.840s][info][gc,heap     ] GC(122)   Garbage:         -               496M (48%)         358M (35%)          24M (2%)             -                  -          
[22.840s][info][gc,heap     ] GC(122) Reclaimed:         -                  -               138M (13%)         471M (46%)            -                  -          
[22.840s][info][gc          ] GC(122) Garbage Collection (Allocation Rate) 546M(53%)->260M(25%)
[22.896s][info][gc,start    ] GC(123) Garbage Collection (Allocation Rate)
[22.896s][info][gc,task     ] GC(123) Using 10 workers
[22.896s][info][gc,phases   ] GC(123) Pause Mark Start 0.010ms
[22.918s][info][gc,phases   ] GC(123) Concurrent Mark 21.286ms
[22.918s][info][gc,phases   ] GC(123) Pause Mark End 0.026ms
[22.919s][info][gc,phases   ] GC(123) Concurrent Mark Free 0.001ms
[22.922s][info][gc,phases   ] GC(123) Concurrent Process Non-Strong References 3.551ms
[22.923s][info][gc,phases   ] GC(123) Concurrent Reset Relocation Set 0.048ms
[22.927s][info][gc,phases   ] GC(123) Concurrent Select Relocation Set 4.879ms
[22.928s][info][gc,phases   ] GC(123) Pause Relocate Start 0.008ms
[22.933s][info][gc,phases   ] GC(123) Concurrent Relocate 4.648ms
[22.933s][info][gc,load     ] GC(123) Load: 0.00/0.00/0.00
[22.933s][info][gc,mmu      ] GC(123) MMU: 2ms/95.9%, 5ms/98.4%, 10ms/99.2%, 20ms/99.6%, 50ms/99.8%, 100ms/99.9%
[22.933s][info][gc,marking  ] GC(123) Mark: 8 stripe(s), 3 proactive flush(es), 1 terminate flush(es), 0 completion(s), 0 continuation(s) 
[22.933s][info][gc,marking  ] GC(123) Mark Stack Usage: 32M
[22.933s][info][gc,nmethod  ] GC(123) NMethods: 8444 registered, 2982 unregistered
[22.933s][info][gc,metaspace] GC(123) Metaspace: 71M used, 72M committed, 1088M reserved
[22.933s][info][gc,ref      ] GC(123) Soft: 2389 encountered, 0 discovered, 0 enqueued
[22.933s][info][gc,ref      ] GC(123) Weak: 10712 encountered, 2174 discovered, 0 enqueued
[22.933s][info][gc,ref      ] GC(123) Final: 289 encountered, 11 discovered, 0 enqueued
[22.933s][info][gc,ref      ] GC(123) Phantom: 424 encountered, 335 discovered, 0 enqueued
[22.933s][info][gc,reloc    ] GC(123) Small Pages: 272 / 544M, Empty: 214M, Relocated: 8M, In-Place: 0
[22.933s][info][gc,reloc    ] GC(123) Medium Pages: 0 / 0M, Empty: 0M, Relocated: 0M, In-Place: 0
[22.933s][info][gc,reloc    ] GC(123) Large Pages: 0 / 0M, Empty: 0M, Relocated: 0M, In-Place: 0
[22.933s][info][gc,reloc    ] GC(123) Forwarding Usage: 2M
[22.933s][info][gc,heap     ] GC(123) Min Capacity: 8M(1%)
[22.933s][info][gc,heap     ] GC(123) Max Capacity: 1024M(100%)
[22.933s][info][gc,heap     ] GC(123) Soft Max Capacity: 1024M(100%)
[22.933s][info][gc,heap     ] GC(123)                Mark Start          Mark End        Relocate Start      Relocate End           High               Low         
[22.933s][info][gc,heap     ] GC(123)  Capacity:     1024M (100%)       1024M (100%)       1024M (100%)       1024M (100%)       1024M (100%)       1024M (100%)   
[22.933s][info][gc,heap     ] GC(123)      Free:      480M (47%)         378M (37%)         552M (54%)         792M (77%)         798M (78%)         358M (35%)    
[22.933s][info][gc,heap     ] GC(123)      Used:      544M (53%)         646M (63%)         472M (46%)         232M (23%)         666M (65%)         226M (22%)    
[22.933s][info][gc,heap     ] GC(123)      Live:         -                49M (5%)           49M (5%)           49M (5%)             -                  -          
[22.933s][info][gc,heap     ] GC(123) Allocated:         -               102M (10%)         142M (14%)         157M (15%)            -                  -          
[22.933s][info][gc,heap     ] GC(123)   Garbage:         -               494M (48%)         280M (27%)          24M (2%)             -                  -          
[22.933s][info][gc,heap     ] GC(123) Reclaimed:         -                  -               214M (21%)         469M (46%)            -                  -          
[22.933s][info][gc          ] GC(123) Garbage Collection (Allocation Rate) 544M(53%)->232M(23%)
[22.996s][info][gc,start    ] GC(124) Garbage Collection (Allocation Rate)
[22.996s][info][gc,task     ] GC(124) Using 10 workers
[22.996s][info][gc,phases   ] GC(124) Pause Mark Start 0.013ms
[23.021s][info][gc,phases   ] GC(124) Concurrent Mark 23.778ms
[23.021s][info][gc,phases   ] GC(124) Pause Mark End 0.024ms
[23.022s][info][gc,phases   ] GC(124) Concurrent Mark Free 0.002ms
[23.026s][info][gc,phases   ] GC(124) Concurrent Process Non-Strong References 3.472ms
[23.026s][info][gc,phases   ] GC(124) Concurrent Reset Relocation Set 0.040ms
[23.035s][info][gc,phases   ] GC(124) Concurrent Select Relocation Set 8.864ms
[23.035s][info][gc,phases   ] GC(124) Pause Relocate Start 0.014ms
[23.040s][info][gc,phases   ] GC(124) Concurrent Relocate 4.974ms
[23.040s][info][gc,load     ] GC(124) Load: 0.00/0.00/0.00
[23.040s][info][gc,mmu      ] GC(124) MMU: 2ms/95.9%, 5ms/98.4%, 10ms/99.2%, 20ms/99.6%, 50ms/99.8%, 100ms/99.9%
[23.040s][info][gc,marking  ] GC(124) Mark: 8 stripe(s), 3 proactive flush(es), 1 terminate flush(es), 0 completion(s), 0 continuation(s) 
[23.040s][info][gc,marking  ] GC(124) Mark Stack Usage: 32M
[23.041s][info][gc,nmethod  ] GC(124) NMethods: 8444 registered, 2982 unregistered
[23.041s][info][gc,metaspace] GC(124) Metaspace: 71M used, 72M committed, 1088M reserved
[23.041s][info][gc,ref      ] GC(124) Soft: 2389 encountered, 0 discovered, 0 enqueued
[23.041s][info][gc,ref      ] GC(124) Weak: 10712 encountered, 1464 discovered, 0 enqueued
[23.041s][info][gc,ref      ] GC(124) Final: 289 encountered, 46 discovered, 0 enqueued
[23.041s][info][gc,ref      ] GC(124) Phantom: 424 encountered, 335 discovered, 0 enqueued
[23.041s][info][gc,reloc    ] GC(124) Small Pages: 273 / 546M, Empty: 234M, Relocated: 8M, In-Place: 0
[23.041s][info][gc,reloc    ] GC(124) Medium Pages: 0 / 0M, Empty: 0M, Relocated: 0M, In-Place: 0
[23.041s][info][gc,reloc    ] GC(124) Large Pages: 0 / 0M, Empty: 0M, Relocated: 0M, In-Place: 0
[23.041s][info][gc,reloc    ] GC(124) Forwarding Usage: 2M
[23.041s][info][gc,heap     ] GC(124) Min Capacity: 8M(1%)
[23.041s][info][gc,heap     ] GC(124) Max Capacity: 1024M(100%)
[23.041s][info][gc,heap     ] GC(124) Soft Max Capacity: 1024M(100%)
[23.041s][info][gc,heap     ] GC(124)                Mark Start          Mark End        Relocate Start      Relocate End           High               Low         
[23.041s][info][gc,heap     ] GC(124)  Capacity:     1024M (100%)       1024M (100%)       1024M (100%)       1024M (100%)       1024M (100%)       1024M (100%)   
[23.041s][info][gc,heap     ] GC(124)      Free:      478M (47%)         360M (35%)         532M (52%)         756M (74%)         762M (74%)         340M (33%)    
[23.041s][info][gc,heap     ] GC(124)      Used:      546M (53%)         664M (65%)         492M (48%)         268M (26%)         684M (67%)         262M (26%)    
[23.041s][info][gc,heap     ] GC(124)      Live:         -                49M (5%)           49M (5%)           49M (5%)             -                  -          
[23.041s][info][gc,heap     ] GC(124) Allocated:         -               118M (12%)         180M (18%)         193M (19%)            -                  -          
[23.041s][info][gc,heap     ] GC(124)   Garbage:         -               496M (48%)         262M (26%)          24M (2%)             -                  -          
[23.041s][info][gc,heap     ] GC(124) Reclaimed:         -                  -               234M (23%)         471M (46%)            -                  -          
[23.041s][info][gc          ] GC(124) Garbage Collection (Allocation Rate) 546M(53%)->268M(26%)
[23.096s][info][gc,start    ] GC(125) Garbage Collection (Allocation Rate)
[23.096s][info][gc,task     ] GC(125) Using 10 workers
[23.096s][info][gc,phases   ] GC(125) Pause Mark Start 0.011ms
[23.117s][info][gc,phases   ] GC(125) Concurrent Mark 20.431ms
[23.117s][info][gc,phases   ] GC(125) Pause Mark End 0.033ms
[23.118s][info][gc,phases   ] GC(125) Concurrent Mark Free 0.001ms
[23.122s][info][gc,phases   ] GC(125) Concurrent Process Non-Strong References 3.795ms
[23.122s][info][gc,phases   ] GC(125) Concurrent Reset Relocation Set 0.035ms
[23.127s][info][gc,phases   ] GC(125) Concurrent Select Relocation Set 4.795ms
[23.127s][info][gc,phases   ] GC(125) Pause Relocate Start 0.009ms
[23.132s][info][gc,phases   ] GC(125) Concurrent Relocate 5.042ms
[23.132s][info][gc,load     ] GC(125) Load: 0.00/0.00/0.00
[23.132s][info][gc,mmu      ] GC(125) MMU: 2ms/95.9%, 5ms/98.4%, 10ms/99.2%, 20ms/99.6%, 50ms/99.8%, 100ms/99.9%
[23.132s][info][gc,marking  ] GC(125) Mark: 8 stripe(s), 3 proactive flush(es), 1 terminate flush(es), 0 completion(s), 0 continuation(s) 
[23.132s][info][gc,marking  ] GC(125) Mark Stack Usage: 32M
[23.132s][info][gc,nmethod  ] GC(125) NMethods: 8444 registered, 2982 unregistered
[23.132s][info][gc,metaspace] GC(125) Metaspace: 71M used, 72M committed, 1088M reserved
[23.132s][info][gc,ref      ] GC(125) Soft: 2389 encountered, 0 discovered, 0 enqueued
[23.132s][info][gc,ref      ] GC(125) Weak: 10712 encountered, 2566 discovered, 0 enqueued
[23.133s][info][gc,ref      ] GC(125) Final: 289 encountered, 0 discovered, 0 enqueued
[23.133s][info][gc,ref      ] GC(125) Phantom: 424 encountered, 277 discovered, 0 enqueued
[23.133s][info][gc,reloc    ] GC(125) Small Pages: 273 / 546M, Empty: 230M, Relocated: 8M, In-Place: 0
[23.133s][info][gc,reloc    ] GC(125) Medium Pages: 0 / 0M, Empty: 0M, Relocated: 0M, In-Place: 0
[23.133s][info][gc,reloc    ] GC(125) Large Pages: 0 / 0M, Empty: 0M, Relocated: 0M, In-Place: 0
[23.133s][info][gc,reloc    ] GC(125) Forwarding Usage: 2M
[23.133s][info][gc,heap     ] GC(125) Min Capacity: 8M(1%)
[23.133s][info][gc,heap     ] GC(125) Max Capacity: 1024M(100%)
[23.133s][info][gc,heap     ] GC(125) Soft Max Capacity: 1024M(100%)
[23.133s][info][gc,heap     ] GC(125)                Mark Start          Mark End        Relocate Start      Relocate End           High               Low         
[23.133s][info][gc,heap     ] GC(125)  Capacity:     1024M (100%)       1024M (100%)       1024M (100%)       1024M (100%)       1024M (100%)       1024M (100%)   
[23.133s][info][gc,heap     ] GC(125)      Free:      478M (47%)         376M (37%)         564M (55%)         790M (77%)         794M (78%)         356M (35%)    
[23.133s][info][gc,heap     ] GC(125)      Used:      546M (53%)         648M (63%)         460M (45%)         234M (23%)         668M (65%)         230M (22%)    
[23.133s][info][gc,heap     ] GC(125)      Live:         -                49M (5%)           49M (5%)           49M (5%)             -                  -          
[23.133s][info][gc,heap     ] GC(125) Allocated:         -               102M (10%)         144M (14%)         159M (16%)            -                  -          
[23.133s][info][gc,heap     ] GC(125)   Garbage:         -               496M (48%)         266M (26%)          24M (2%)             -                  -          
[23.133s][info][gc,heap     ] GC(125) Reclaimed:         -                  -               230M (22%)         471M (46%)            -                  -          
[23.133s][info][gc          ] GC(125) Garbage Collection (Allocation Rate) 546M(53%)->234M(23%)
[23.197s][info][gc,start    ] GC(126) Garbage Collection (Allocation Rate)
[23.197s][info][gc,task     ] GC(126) Using 10 workers
[23.197s][info][gc,phases   ] GC(126) Pause Mark Start 0.010ms
[23.220s][info][gc,phases   ] GC(126) Concurrent Mark 22.943ms
[23.221s][info][gc,phases   ] GC(126) Pause Mark End 0.030ms
[23.221s][info][gc,phases   ] GC(126) Concurrent Mark Free 0.002ms
[23.224s][info][gc,phases   ] GC(126) Concurrent Process Non-Strong References 3.552ms
[23.225s][info][gc,phases   ] GC(126) Concurrent Reset Relocation Set 0.043ms
[23.233s][info][gc,phases   ] GC(126) Concurrent Select Relocation Set 8.769ms
[23.234s][info][gc,phases   ] GC(126) Pause Relocate Start 0.008ms
[23.239s][info][gc,phases   ] GC(126) Concurrent Relocate 4.800ms
[23.239s][info][gc,load     ] GC(126) Load: 0.00/0.00/0.00
[23.239s][info][gc,mmu      ] GC(126) MMU: 2ms/95.9%, 5ms/98.4%, 10ms/99.2%, 20ms/99.6%, 50ms/99.8%, 100ms/99.9%
[23.239s][info][gc,marking  ] GC(126) Mark: 8 stripe(s), 2 proactive flush(es), 1 terminate flush(es), 0 completion(s), 0 continuation(s) 
[23.239s][info][gc,marking  ] GC(126) Mark Stack Usage: 32M
[23.239s][info][gc,nmethod  ] GC(126) NMethods: 8444 registered, 2982 unregistered
[23.239s][info][gc,metaspace] GC(126) Metaspace: 71M used, 72M committed, 1088M reserved
[23.239s][info][gc,ref      ] GC(126) Soft: 2389 encountered, 0 discovered, 0 enqueued
[23.239s][info][gc,ref      ] GC(126) Weak: 10712 encountered, 1936 discovered, 0 enqueued
[23.239s][info][gc,ref      ] GC(126) Final: 289 encountered, 9 discovered, 0 enqueued
[23.239s][info][gc,ref      ] GC(126) Phantom: 424 encountered, 298 discovered, 0 enqueued
[23.239s][info][gc,reloc    ] GC(126) Small Pages: 278 / 556M, Empty: 238M, Relocated: 8M, In-Place: 0
[23.239s][info][gc,reloc    ] GC(126) Medium Pages: 0 / 0M, Empty: 0M, Relocated: 0M, In-Place: 0
[23.239s][info][gc,reloc    ] GC(126) Large Pages: 0 / 0M, Empty: 0M, Relocated: 0M, In-Place: 0
[23.239s][info][gc,reloc    ] GC(126) Forwarding Usage: 2M
[23.239s][info][gc,heap     ] GC(126) Min Capacity: 8M(1%)
[23.239s][info][gc,heap     ] GC(126) Max Capacity: 1024M(100%)
[23.239s][info][gc,heap     ] GC(126) Soft Max Capacity: 1024M(100%)
[23.239s][info][gc,heap     ] GC(126)                Mark Start          Mark End        Relocate Start      Relocate End           High               Low         
[23.239s][info][gc,heap     ] GC(126)  Capacity:     1024M (100%)       1024M (100%)       1024M (100%)       1024M (100%)       1024M (100%)       1024M (100%)   
[23.239s][info][gc,heap     ] GC(126)      Free:      468M (46%)         356M (35%)         538M (53%)         768M (75%)         774M (76%)         342M (33%)    
[23.239s][info][gc,heap     ] GC(126)      Used:      556M (54%)         668M (65%)         486M (47%)         256M (25%)         682M (67%)         250M (24%)    
[23.239s][info][gc,heap     ] GC(126)      Live:         -                49M (5%)           49M (5%)           49M (5%)             -                  -          
[23.239s][info][gc,heap     ] GC(126) Allocated:         -               112M (11%)         168M (16%)         181M (18%)            -                  -          
[23.239s][info][gc,heap     ] GC(126)   Garbage:         -               506M (49%)         268M (26%)          24M (2%)             -                  -          
[23.239s][info][gc,heap     ] GC(126) Reclaimed:         -                  -               238M (23%)         481M (47%)            -                  -          
[23.239s][info][gc          ] GC(126) Garbage Collection (Allocation Rate) 556M(54%)->256M(25%)
[23.296s][info][gc,start    ] GC(127) Garbage Collection (Allocation Rate)
[23.296s][info][gc,task     ] GC(127) Using 10 workers
[23.297s][info][gc,phases   ] GC(127) Pause Mark Start 0.013ms
[23.321s][info][gc,phases   ] GC(127) Concurrent Mark 23.787ms
[23.321s][info][gc,phases   ] GC(127) Pause Mark End 0.024ms
[23.322s][info][gc,phases   ] GC(127) Concurrent Mark Free 0.001ms
[23.325s][info][gc,phases   ] GC(127) Concurrent Process Non-Strong References 3.419ms
[23.326s][info][gc,phases   ] GC(127) Concurrent Reset Relocation Set 0.045ms
[23.332s][info][gc,phases   ] GC(127) Concurrent Select Relocation Set 6.627ms
[23.332s][info][gc,phases   ] GC(127) Pause Relocate Start 0.008ms
[23.336s][info][gc,phases   ] GC(127) Concurrent Relocate 3.590ms
[23.336s][info][gc,load     ] GC(127) Load: 0.00/0.00/0.00
[23.336s][info][gc,mmu      ] GC(127) MMU: 2ms/95.9%, 5ms/98.4%, 10ms/99.2%, 20ms/99.6%, 50ms/99.8%, 100ms/99.9%
[23.336s][info][gc,marking  ] GC(127) Mark: 8 stripe(s), 3 proactive flush(es), 1 terminate flush(es), 0 completion(s), 0 continuation(s) 
[23.337s][info][gc,marking  ] GC(127) Mark Stack Usage: 32M
[23.337s][info][gc,nmethod  ] GC(127) NMethods: 8444 registered, 2982 unregistered
[23.337s][info][gc,metaspace] GC(127) Metaspace: 71M used, 72M committed, 1088M reserved
[23.337s][info][gc,ref      ] GC(127) Soft: 2389 encountered, 0 discovered, 0 enqueued
[23.337s][info][gc,ref      ] GC(127) Weak: 10712 encountered, 1958 discovered, 0 enqueued
[23.337s][info][gc,ref      ] GC(127) Final: 289 encountered, 37 discovered, 0 enqueued
[23.337s][info][gc,ref      ] GC(127) Phantom: 424 encountered, 368 discovered, 0 enqueued
[23.337s][info][gc,reloc    ] GC(127) Small Pages: 272 / 544M, Empty: 220M, Relocated: 8M, In-Place: 0
[23.337s][info][gc,reloc    ] GC(127) Medium Pages: 0 / 0M, Empty: 0M, Relocated: 0M, In-Place: 0
[23.337s][info][gc,reloc    ] GC(127) Large Pages: 0 / 0M, Empty: 0M, Relocated: 0M, In-Place: 0
[23.337s][info][gc,reloc    ] GC(127) Forwarding Usage: 2M
[23.337s][info][gc,heap     ] GC(127) Min Capacity: 8M(1%)
[23.337s][info][gc,heap     ] GC(127) Max Capacity: 1024M(100%)
[23.337s][info][gc,heap     ] GC(127) Soft Max Capacity: 1024M(100%)
[23.337s][info][gc,heap     ] GC(127)                Mark Start          Mark End        Relocate Start      Relocate End           High               Low         
[23.337s][info][gc,heap     ] GC(127)  Capacity:     1024M (100%)       1024M (100%)       1024M (100%)       1024M (100%)       1024M (100%)       1024M (100%)   
[23.337s][info][gc,heap     ] GC(127)      Free:      480M (47%)         364M (36%)         536M (52%)         778M (76%)         778M (76%)         346M (34%)    
[23.337s][info][gc,heap     ] GC(127)      Used:      544M (53%)         660M (64%)         488M (48%)         246M (24%)         678M (66%)         246M (24%)    
[23.337s][info][gc,heap     ] GC(127)      Live:         -                49M (5%)           49M (5%)           49M (5%)             -                  -          
[23.337s][info][gc,heap     ] GC(127) Allocated:         -               116M (11%)         164M (16%)         171M (17%)            -                  -          
[23.337s][info][gc,heap     ] GC(127)   Garbage:         -               494M (48%)         274M (27%)          24M (2%)             -                  -          
[23.337s][info][gc,heap     ] GC(127) Reclaimed:         -                  -               220M (21%)         469M (46%)            -                  -          
[23.337s][info][gc          ] GC(127) Garbage Collection (Allocation Rate) 544M(53%)->246M(24%)
[23.396s][info][gc,start    ] GC(128) Garbage Collection (Allocation Rate)
[23.396s][info][gc,task     ] GC(128) Using 10 workers
[23.396s][info][gc,phases   ] GC(128) Pause Mark Start 0.011ms
[23.422s][info][gc,phases   ] GC(128) Concurrent Mark 25.127ms
[23.422s][info][gc,phases   ] GC(128) Pause Mark End 0.025ms
[23.423s][info][gc,phases   ] GC(128) Concurrent Mark Free 0.001ms
[23.426s][info][gc,phases   ] GC(128) Concurrent Process Non-Strong References 3.199ms
[23.426s][info][gc,phases   ] GC(128) Concurrent Reset Relocation Set 0.047ms
[23.432s][info][gc,phases   ] GC(128) Concurrent Select Relocation Set 5.960ms
[23.432s][info][gc,phases   ] GC(128) Pause Relocate Start 0.009ms
[23.437s][info][gc,phases   ] GC(128) Concurrent Relocate 4.355ms
[23.437s][info][gc,load     ] GC(128) Load: 0.00/0.00/0.00
[23.437s][info][gc,mmu      ] GC(128) MMU: 2ms/95.9%, 5ms/98.4%, 10ms/99.2%, 20ms/99.6%, 50ms/99.8%, 100ms/99.9%
[23.437s][info][gc,marking  ] GC(128) Mark: 8 stripe(s), 3 proactive flush(es), 1 terminate flush(es), 0 completion(s), 0 continuation(s) 
[23.437s][info][gc,marking  ] GC(128) Mark Stack Usage: 32M
[23.437s][info][gc,nmethod  ] GC(128) NMethods: 8444 registered, 2982 unregistered
[23.437s][info][gc,metaspace] GC(128) Metaspace: 71M used, 72M committed, 1088M reserved
[23.437s][info][gc,ref      ] GC(128) Soft: 2389 encountered, 0 discovered, 0 enqueued
[23.437s][info][gc,ref      ] GC(128) Weak: 10712 encountered, 1968 discovered, 0 enqueued
[23.438s][info][gc,ref      ] GC(128) Final: 289 encountered, 1 discovered, 0 enqueued
[23.438s][info][gc,ref      ] GC(128) Phantom: 424 encountered, 257 discovered, 0 enqueued
[23.438s][info][gc,reloc    ] GC(128) Small Pages: 271 / 542M, Empty: 204M, Relocated: 8M, In-Place: 0
[23.438s][info][gc,reloc    ] GC(128) Medium Pages: 0 / 0M, Empty: 0M, Relocated: 0M, In-Place: 0
[23.438s][info][gc,reloc    ] GC(128) Large Pages: 0 / 0M, Empty: 0M, Relocated: 0M, In-Place: 0
[23.438s][info][gc,reloc    ] GC(128) Forwarding Usage: 2M
[23.438s][info][gc,heap     ] GC(128) Min Capacity: 8M(1%)
[23.438s][info][gc,heap     ] GC(128) Max Capacity: 1024M(100%)
[23.438s][info][gc,heap     ] GC(128) Soft Max Capacity: 1024M(100%)
[23.438s][info][gc,heap     ] GC(128)                Mark Start          Mark End        Relocate Start      Relocate End           High               Low         
[23.438s][info][gc,heap     ] GC(128)  Capacity:     1024M (100%)       1024M (100%)       1024M (100%)       1024M (100%)       1024M (100%)       1024M (100%)   
[23.438s][info][gc,heap     ] GC(128)      Free:      482M (47%)         360M (35%)         518M (51%)         772M (75%)         774M (76%)         342M (33%)    
[23.438s][info][gc,heap     ] GC(128)      Used:      542M (53%)         664M (65%)         506M (49%)         252M (25%)         682M (67%)         250M (24%)    
[23.438s][info][gc,heap     ] GC(128)      Live:         -                49M (5%)           49M (5%)           49M (5%)             -                  -          
[23.438s][info][gc,heap     ] GC(128) Allocated:         -               122M (12%)         168M (16%)         177M (17%)            -                  -          
[23.438s][info][gc,heap     ] GC(128)   Garbage:         -               492M (48%)         288M (28%)          24M (2%)             -                  -          
[23.438s][info][gc,heap     ] GC(128) Reclaimed:         -                  -               204M (20%)         467M (46%)            -                  -          
[23.438s][info][gc          ] GC(128) Garbage Collection (Allocation Rate) 542M(53%)->252M(25%)
[23.496s][info][gc,start    ] GC(129) Garbage Collection (Allocation Rate)
[23.496s][info][gc,task     ] GC(129) Using 10 workers
[23.496s][info][gc,phases   ] GC(129) Pause Mark Start 0.011ms
[23.520s][info][gc,phases   ] GC(129) Concurrent Mark 23.823ms
[23.521s][info][gc,phases   ] GC(129) Pause Mark End 0.024ms
[23.522s][info][gc,phases   ] GC(129) Concurrent Mark Free 0.001ms
[23.525s][info][gc,phases   ] GC(129) Concurrent Process Non-Strong References 3.880ms
[23.526s][info][gc,phases   ] GC(129) Concurrent Reset Relocation Set 0.040ms
[23.535s][info][gc,phases   ] GC(129) Concurrent Select Relocation Set 9.720ms
[23.536s][info][gc,phases   ] GC(129) Pause Relocate Start 0.010ms
[23.541s][info][gc,phases   ] GC(129) Concurrent Relocate 4.921ms
[23.541s][info][gc,load     ] GC(129) Load: 0.00/0.00/0.00
[23.541s][info][gc,mmu      ] GC(129) MMU: 2ms/95.9%, 5ms/98.4%, 10ms/99.2%, 20ms/99.6%, 50ms/99.8%, 100ms/99.9%
[23.541s][info][gc,marking  ] GC(129) Mark: 8 stripe(s), 3 proactive flush(es), 1 terminate flush(es), 0 completion(s), 0 continuation(s) 
[23.541s][info][gc,marking  ] GC(129) Mark Stack Usage: 32M
[23.541s][info][gc,nmethod  ] GC(129) NMethods: 8444 registered, 2982 unregistered
[23.541s][info][gc,metaspace] GC(129) Metaspace: 71M used, 72M committed, 1088M reserved
[23.541s][info][gc,ref      ] GC(129) Soft: 2389 encountered, 0 discovered, 0 enqueued
[23.541s][info][gc,ref      ] GC(129) Weak: 10712 encountered, 1591 discovered, 0 enqueued
[23.541s][info][gc,ref      ] GC(129) Final: 289 encountered, 10 discovered, 0 enqueued
[23.541s][info][gc,ref      ] GC(129) Phantom: 424 encountered, 292 discovered, 0 enqueued
[23.541s][info][gc,reloc    ] GC(129) Small Pages: 274 / 548M, Empty: 218M, Relocated: 8M, In-Place: 0
[23.541s][info][gc,reloc    ] GC(129) Medium Pages: 0 / 0M, Empty: 0M, Relocated: 0M, In-Place: 0
[23.541s][info][gc,reloc    ] GC(129) Large Pages: 0 / 0M, Empty: 0M, Relocated: 0M, In-Place: 0
[23.541s][info][gc,reloc    ] GC(129) Forwarding Usage: 2M
[23.541s][info][gc,heap     ] GC(129) Min Capacity: 8M(1%)
[23.541s][info][gc,heap     ] GC(129) Max Capacity: 1024M(100%)
[23.541s][info][gc,heap     ] GC(129) Soft Max Capacity: 1024M(100%)
[23.541s][info][gc,heap     ] GC(129)                Mark Start          Mark End        Relocate Start      Relocate End           High               Low         
[23.541s][info][gc,heap     ] GC(129)  Capacity:     1024M (100%)       1024M (100%)       1024M (100%)       1024M (100%)       1024M (100%)       1024M (100%)   
[23.541s][info][gc,heap     ] GC(129)      Free:      476M (46%)         358M (35%)         512M (50%)         754M (74%)         760M (74%)         342M (33%)    
[23.541s][info][gc,heap     ] GC(129)      Used:      548M (54%)         666M (65%)         512M (50%)         270M (26%)         682M (67%)         264M (26%)    
[23.541s][info][gc,heap     ] GC(129)      Live:         -                49M (5%)           49M (5%)           49M (5%)             -                  -          
[23.541s][info][gc,heap     ] GC(129) Allocated:         -               118M (12%)         182M (18%)         195M (19%)            -                  -          
[23.541s][info][gc,heap     ] GC(129)   Garbage:         -               498M (49%)         280M (27%)          24M (2%)             -                  -          
[23.541s][info][gc,heap     ] GC(129) Reclaimed:         -                  -               218M (21%)         473M (46%)            -                  -          
[23.541s][info][gc          ] GC(129) Garbage Collection (Allocation Rate) 548M(54%)->270M(26%)
[23.597s][info][gc,start    ] GC(130) Garbage Collection (Allocation Rate)
[23.597s][info][gc,task     ] GC(130) Using 10 workers
[23.597s][info][gc,phases   ] GC(130) Pause Mark Start 0.010ms
[23.618s][info][gc,phases   ] GC(130) Concurrent Mark 20.119ms
[23.618s][info][gc,phases   ] GC(130) Pause Mark End 0.029ms
[23.619s][info][gc,phases   ] GC(130) Concurrent Mark Free 0.001ms
[23.624s][info][gc,phases   ] GC(130) Concurrent Process Non-Strong References 5.647ms
[23.624s][info][gc,phases   ] GC(130) Concurrent Reset Relocation Set 0.052ms
[23.631s][info][gc,phases   ] GC(130) Concurrent Select Relocation Set 6.461ms
[23.631s][info][gc,phases   ] GC(130) Pause Relocate Start 0.009ms
[23.635s][info][gc,phases   ] GC(130) Concurrent Relocate 3.893ms
[23.635s][info][gc,load     ] GC(130) Load: 0.00/0.00/0.00
[23.635s][info][gc,mmu      ] GC(130) MMU: 2ms/95.9%, 5ms/98.4%, 10ms/99.2%, 20ms/99.6%, 50ms/99.8%, 100ms/99.9%
[23.635s][info][gc,marking  ] GC(130) Mark: 8 stripe(s), 3 proactive flush(es), 1 terminate flush(es), 0 completion(s), 0 continuation(s) 
[23.635s][info][gc,marking  ] GC(130) Mark Stack Usage: 32M
[23.635s][info][gc,nmethod  ] GC(130) NMethods: 8444 registered, 2982 unregistered
[23.635s][info][gc,metaspace] GC(130) Metaspace: 71M used, 72M committed, 1088M reserved
[23.635s][info][gc,ref      ] GC(130) Soft: 2389 encountered, 0 discovered, 0 enqueued
[23.635s][info][gc,ref      ] GC(130) Weak: 10712 encountered, 1741 discovered, 0 enqueued
[23.635s][info][gc,ref      ] GC(130) Final: 289 encountered, 7 discovered, 0 enqueued
[23.635s][info][gc,ref      ] GC(130) Phantom: 424 encountered, 267 discovered, 0 enqueued
[23.635s][info][gc,reloc    ] GC(130) Small Pages: 274 / 548M, Empty: 228M, Relocated: 8M, In-Place: 0
[23.635s][info][gc,reloc    ] GC(130) Medium Pages: 0 / 0M, Empty: 0M, Relocated: 0M, In-Place: 0
[23.635s][info][gc,reloc    ] GC(130) Large Pages: 0 / 0M, Empty: 0M, Relocated: 0M, In-Place: 0
[23.635s][info][gc,reloc    ] GC(130) Forwarding Usage: 2M
[23.635s][info][gc,heap     ] GC(130) Min Capacity: 8M(1%)
[23.635s][info][gc,heap     ] GC(130) Max Capacity: 1024M(100%)
[23.636s][info][gc,heap     ] GC(130) Soft Max Capacity: 1024M(100%)
[23.636s][info][gc,heap     ] GC(130)                Mark Start          Mark End        Relocate Start      Relocate End           High               Low         
[23.636s][info][gc,heap     ] GC(130)  Capacity:     1024M (100%)       1024M (100%)       1024M (100%)       1024M (100%)       1024M (100%)       1024M (100%)   
[23.636s][info][gc,heap     ] GC(130)      Free:      476M (46%)         378M (37%)         546M (53%)         784M (77%)         786M (77%)         348M (34%)    
[23.636s][info][gc,heap     ] GC(130)      Used:      548M (54%)         646M (63%)         478M (47%)         240M (23%)         676M (66%)         238M (23%)    
[23.636s][info][gc,heap     ] GC(130)      Live:         -                49M (5%)           49M (5%)           49M (5%)             -                  -          
[23.636s][info][gc,heap     ] GC(130) Allocated:         -                98M (10%)         158M (15%)         165M (16%)            -                  -          
[23.636s][info][gc,heap     ] GC(130)   Garbage:         -               498M (49%)         270M (26%)          24M (2%)             -                  -          
[23.636s][info][gc,heap     ] GC(130) Reclaimed:         -                  -               228M (22%)         473M (46%)            -                  -          
[23.636s][info][gc          ] GC(130) Garbage Collection (Allocation Rate) 548M(54%)->240M(23%)
[23.696s][info][gc,start    ] GC(131) Garbage Collection (Allocation Rate)
[23.696s][info][gc,task     ] GC(131) Using 10 workers
[23.696s][info][gc,phases   ] GC(131) Pause Mark Start 0.010ms
[23.719s][info][gc,phases   ] GC(131) Concurrent Mark 22.700ms
[23.719s][info][gc,phases   ] GC(131) Pause Mark End 0.023ms
[23.721s][info][gc,phases   ] GC(131) Concurrent Mark Free 0.002ms
[23.724s][info][gc,phases   ] GC(131) Concurrent Process Non-Strong References 3.411ms
[23.724s][info][gc,phases   ] GC(131) Concurrent Reset Relocation Set 0.043ms
[23.730s][info][gc,phases   ] GC(131) Concurrent Select Relocation Set 5.754ms
[23.730s][info][gc,phases   ] GC(131) Pause Relocate Start 0.012ms
[23.735s][info][gc,phases   ] GC(131) Concurrent Relocate 4.359ms
[23.735s][info][gc,load     ] GC(131) Load: 0.00/0.00/0.00
[23.735s][info][gc,mmu      ] GC(131) MMU: 2ms/95.9%, 5ms/98.4%, 10ms/99.2%, 20ms/99.6%, 50ms/99.8%, 100ms/99.9%
[23.735s][info][gc,marking  ] GC(131) Mark: 8 stripe(s), 3 proactive flush(es), 1 terminate flush(es), 0 completion(s), 0 continuation(s) 
[23.735s][info][gc,marking  ] GC(131) Mark Stack Usage: 32M
[23.735s][info][gc,nmethod  ] GC(131) NMethods: 8444 registered, 2982 unregistered
[23.735s][info][gc,metaspace] GC(131) Metaspace: 71M used, 72M committed, 1088M reserved
[23.735s][info][gc,ref      ] GC(131) Soft: 2389 encountered, 0 discovered, 0 enqueued
[23.735s][info][gc,ref      ] GC(131) Weak: 10712 encountered, 1826 discovered, 0 enqueued
[23.735s][info][gc,ref      ] GC(131) Final: 289 encountered, 0 discovered, 0 enqueued
[23.735s][info][gc,ref      ] GC(131) Phantom: 424 encountered, 397 discovered, 0 enqueued
[23.735s][info][gc,reloc    ] GC(131) Small Pages: 272 / 544M, Empty: 212M, Relocated: 8M, In-Place: 0
[23.735s][info][gc,reloc    ] GC(131) Medium Pages: 0 / 0M, Empty: 0M, Relocated: 0M, In-Place: 0
[23.735s][info][gc,reloc    ] GC(131) Large Pages: 0 / 0M, Empty: 0M, Relocated: 0M, In-Place: 0
[23.735s][info][gc,reloc    ] GC(131) Forwarding Usage: 2M
[23.735s][info][gc,heap     ] GC(131) Min Capacity: 8M(1%)
[23.735s][info][gc,heap     ] GC(131) Max Capacity: 1024M(100%)
[23.735s][info][gc,heap     ] GC(131) Soft Max Capacity: 1024M(100%)
[23.735s][info][gc,heap     ] GC(131)                Mark Start          Mark End        Relocate Start      Relocate End           High               Low         
[23.735s][info][gc,heap     ] GC(131)  Capacity:     1024M (100%)       1024M (100%)       1024M (100%)       1024M (100%)       1024M (100%)       1024M (100%)   
[23.735s][info][gc,heap     ] GC(131)      Free:      480M (47%)         368M (36%)         532M (52%)         780M (76%)         784M (77%)         348M (34%)    
[23.735s][info][gc,heap     ] GC(131)      Used:      544M (53%)         656M (64%)         492M (48%)         244M (24%)         676M (66%)         240M (23%)    
[23.735s][info][gc,heap     ] GC(131)      Live:         -                49M (5%)           49M (5%)           49M (5%)             -                  -          
[23.735s][info][gc,heap     ] GC(131) Allocated:         -               112M (11%)         160M (16%)         169M (17%)            -                  -          
[23.735s][info][gc,heap     ] GC(131)   Garbage:         -               494M (48%)         282M (28%)          24M (2%)             -                  -          
[23.735s][info][gc,heap     ] GC(131) Reclaimed:         -                  -               212M (21%)         469M (46%)            -                  -          
[23.735s][info][gc          ] GC(131) Garbage Collection (Allocation Rate) 544M(53%)->244M(24%)
[23.797s][info][gc,start    ] GC(132) Garbage Collection (Allocation Rate)
[23.797s][info][gc,task     ] GC(132) Using 10 workers
[23.797s][info][gc,phases   ] GC(132) Pause Mark Start 0.010ms
[23.821s][info][gc,phases   ] GC(132) Concurrent Mark 23.072ms
[23.821s][info][gc,phases   ] GC(132) Pause Mark End 0.024ms
[23.822s][info][gc,phases   ] GC(132) Concurrent Mark Free 0.002ms
[23.826s][info][gc,phases   ] GC(132) Concurrent Process Non-Strong References 3.413ms
[23.826s][info][gc,phases   ] GC(132) Concurrent Reset Relocation Set 0.045ms
[23.836s][info][gc,phases   ] GC(132) Concurrent Select Relocation Set 9.881ms
[23.836s][info][gc,phases   ] GC(132) Pause Relocate Start 0.011ms
[23.842s][info][gc,phases   ] GC(132) Concurrent Relocate 5.578ms
[23.842s][info][gc,load     ] GC(132) Load: 0.00/0.00/0.00
[23.842s][info][gc,mmu      ] GC(132) MMU: 2ms/95.9%, 5ms/98.4%, 10ms/99.2%, 20ms/99.6%, 50ms/99.8%, 100ms/99.9%
[23.842s][info][gc,marking  ] GC(132) Mark: 8 stripe(s), 3 proactive flush(es), 1 terminate flush(es), 0 completion(s), 0 continuation(s) 
[23.842s][info][gc,marking  ] GC(132) Mark Stack Usage: 32M
[23.842s][info][gc,nmethod  ] GC(132) NMethods: 8445 registered, 2984 unregistered
[23.842s][info][gc,metaspace] GC(132) Metaspace: 71M used, 72M committed, 1088M reserved
[23.842s][info][gc,ref      ] GC(132) Soft: 2389 encountered, 0 discovered, 0 enqueued
[23.842s][info][gc,ref      ] GC(132) Weak: 10712 encountered, 1661 discovered, 0 enqueued
[23.842s][info][gc,ref      ] GC(132) Final: 289 encountered, 6 discovered, 0 enqueued
[23.842s][info][gc,ref      ] GC(132) Phantom: 424 encountered, 301 discovered, 0 enqueued
[23.842s][info][gc,reloc    ] GC(132) Small Pages: 276 / 552M, Empty: 170M, Relocated: 8M, In-Place: 0
[23.842s][info][gc,reloc    ] GC(132) Medium Pages: 0 / 0M, Empty: 0M, Relocated: 0M, In-Place: 0
[23.842s][info][gc,reloc    ] GC(132) Large Pages: 0 / 0M, Empty: 0M, Relocated: 0M, In-Place: 0
[23.842s][info][gc,reloc    ] GC(132) Forwarding Usage: 2M
[23.842s][info][gc,heap     ] GC(132) Min Capacity: 8M(1%)
[23.842s][info][gc,heap     ] GC(132) Max Capacity: 1024M(100%)
[23.842s][info][gc,heap     ] GC(132) Soft Max Capacity: 1024M(100%)
[23.843s][info][gc,heap     ] GC(132)                Mark Start          Mark End        Relocate Start      Relocate End           High               Low         
[23.843s][info][gc,heap     ] GC(132)  Capacity:     1024M (100%)       1024M (100%)       1024M (100%)       1024M (100%)       1024M (100%)       1024M (100%)   
[23.843s][info][gc,heap     ] GC(132)      Free:      472M (46%)         360M (35%)         464M (45%)         754M (74%)         760M (74%)         340M (33%)    
[23.843s][info][gc,heap     ] GC(132)      Used:      552M (54%)         664M (65%)         560M (55%)         270M (26%)         684M (67%)         264M (26%)    
[23.843s][info][gc,heap     ] GC(132)      Live:         -                49M (5%)           49M (5%)           49M (5%)             -                  -          
[23.843s][info][gc,heap     ] GC(132) Allocated:         -               112M (11%)         178M (17%)         195M (19%)            -                  -          
[23.843s][info][gc,heap     ] GC(132)   Garbage:         -               502M (49%)         332M (32%)          24M (2%)             -                  -          
[23.843s][info][gc,heap     ] GC(132) Reclaimed:         -                  -               170M (17%)         477M (47%)            -                  -          
[23.843s][info][gc          ] GC(132) Garbage Collection (Allocation Rate) 552M(54%)->270M(26%)
[23.897s][info][gc,start    ] GC(133) Garbage Collection (Allocation Rate)
[23.897s][info][gc,task     ] GC(133) Using 10 workers
[23.897s][info][gc,phases   ] GC(133) Pause Mark Start 0.011ms
[23.923s][info][gc,phases   ] GC(133) Concurrent Mark 25.287ms
[23.923s][info][gc,phases   ] GC(133) Pause Mark End 0.024ms
[23.924s][info][gc,phases   ] GC(133) Concurrent Mark Free 0.001ms
[23.928s][info][gc,phases   ] GC(133) Concurrent Process Non-Strong References 3.224ms
[23.928s][info][gc,phases   ] GC(133) Concurrent Reset Relocation Set 0.056ms
[23.934s][info][gc,phases   ] GC(133) Concurrent Select Relocation Set 6.070ms
[23.934s][info][gc,phases   ] GC(133) Pause Relocate Start 0.008ms
[23.941s][info][gc,phases   ] GC(133) Concurrent Relocate 5.600ms
[23.941s][info][gc,load     ] GC(133) Load: 0.00/0.00/0.00
[23.941s][info][gc,mmu      ] GC(133) MMU: 2ms/95.9%, 5ms/98.4%, 10ms/99.2%, 20ms/99.6%, 50ms/99.8%, 100ms/99.9%
[23.941s][info][gc,marking  ] GC(133) Mark: 8 stripe(s), 3 proactive flush(es), 1 terminate flush(es), 0 completion(s), 0 continuation(s) 
[23.941s][info][gc,marking  ] GC(133) Mark Stack Usage: 32M
[23.941s][info][gc,nmethod  ] GC(133) NMethods: 8445 registered, 2984 unregistered
[23.941s][info][gc,metaspace] GC(133) Metaspace: 71M used, 72M committed, 1088M reserved
[23.941s][info][gc,ref      ] GC(133) Soft: 2389 encountered, 0 discovered, 0 enqueued
[23.941s][info][gc,ref      ] GC(133) Weak: 10712 encountered, 1507 discovered, 0 enqueued
[23.941s][info][gc,ref      ] GC(133) Final: 289 encountered, 22 discovered, 0 enqueued
[23.941s][info][gc,ref      ] GC(133) Phantom: 424 encountered, 339 discovered, 0 enqueued
[23.941s][info][gc,reloc    ] GC(133) Small Pages: 272 / 544M, Empty: 202M, Relocated: 8M, In-Place: 0
[23.941s][info][gc,reloc    ] GC(133) Medium Pages: 0 / 0M, Empty: 0M, Relocated: 0M, In-Place: 0
[23.941s][info][gc,reloc    ] GC(133) Large Pages: 0 / 0M, Empty: 0M, Relocated: 0M, In-Place: 0
[23.941s][info][gc,reloc    ] GC(133) Forwarding Usage: 2M
[23.941s][info][gc,heap     ] GC(133) Min Capacity: 8M(1%)
[23.941s][info][gc,heap     ] GC(133) Max Capacity: 1024M(100%)
[23.941s][info][gc,heap     ] GC(133) Soft Max Capacity: 1024M(100%)
[23.941s][info][gc,heap     ] GC(133)                Mark Start          Mark End        Relocate Start      Relocate End           High               Low         
[23.941s][info][gc,heap     ] GC(133)  Capacity:     1024M (100%)       1024M (100%)       1024M (100%)       1024M (100%)       1024M (100%)       1024M (100%)   
[23.941s][info][gc,heap     ] GC(133)      Free:      480M (47%)         358M (35%)         512M (50%)         762M (74%)         768M (75%)         340M (33%)    
[23.941s][info][gc,heap     ] GC(133)      Used:      544M (53%)         666M (65%)         512M (50%)         262M (26%)         684M (67%)         256M (25%)    
[23.941s][info][gc,heap     ] GC(133)      Live:         -                49M (5%)           49M (5%)           49M (5%)             -                  -          
[23.941s][info][gc,heap     ] GC(133) Allocated:         -               122M (12%)         170M (17%)         186M (18%)            -                  -          
[23.941s][info][gc,heap     ] GC(133)   Garbage:         -               494M (48%)         292M (29%)          25M (2%)             -                  -          
[23.941s][info][gc,heap     ] GC(133) Reclaimed:         -                  -               202M (20%)         468M (46%)            -                  -          
[23.941s][info][gc          ] GC(133) Garbage Collection (Allocation Rate) 544M(53%)->262M(26%)
[23.998s][info][gc,start    ] GC(134) Garbage Collection (Allocation Rate)
[23.998s][info][gc,task     ] GC(134) Using 10 workers
[23.999s][info][gc,phases   ] GC(134) Pause Mark Start 0.008ms
[24.113s][info][gc,phases   ] GC(134) Concurrent Mark 114.594ms
[24.114s][info][gc,phases   ] GC(134) Pause Mark End 0.020ms
[24.114s][info][gc,phases   ] GC(134) Concurrent Mark Free 0.001ms
[24.116s][info][gc,phases   ] GC(134) Concurrent Process Non-Strong References 2.254ms
[24.116s][info][gc,phases   ] GC(134) Concurrent Reset Relocation Set 0.026ms
[24.116s][info][gc          ] Allocation Stall (finagle/netty4-2-65) 18.481ms
[24.116s][info][gc          ] Allocation Stall (finagle/netty4-2-90) 18.602ms
[24.116s][info][gc          ] Allocation Stall (UnboundedFuturePool-24) 18.760ms
[24.116s][info][gc          ] Allocation Stall (finagle/netty4-2-74) 17.401ms
[24.116s][info][gc          ] Allocation Stall (finagle/netty4-2-27) 18.421ms
[24.116s][info][gc          ] Allocation Stall (finagle/netty4-2-50) 17.698ms
[24.116s][info][gc          ] Allocation Stall (finagle/netty4-2-67) 18.392ms
[24.116s][info][gc          ] Allocation Stall (finagle-http-worker-20) 17.702ms
[24.116s][info][gc          ] Allocation Stall (finagle/netty4-2-61) 18.439ms
[24.116s][info][gc          ] Allocation Stall (finagle/netty4-2-56) 18.053ms
[24.116s][info][gc          ] Allocation Stall (finagle/netty4-2-87) 18.273ms
[24.116s][info][gc          ] Allocation Stall (finagle/netty4-2-36) 18.367ms
[24.116s][info][gc          ] Allocation Stall (finagle/netty4-2-58) 17.811ms
[24.116s][info][gc          ] Allocation Stall (finagle/netty4-2-77) 17.906ms
[24.116s][info][gc          ] Allocation Stall (finagle/netty4-2-88) 18.354ms
[24.116s][info][gc          ] Allocation Stall (finagle/netty4-2-92) 19.660ms
[24.116s][info][gc          ] Allocation Stall (finagle/netty4-2-18) 18.358ms
[24.116s][info][gc          ] Allocation Stall (finagle-http-worker-36) 18.129ms
[24.116s][info][gc          ] Allocation Stall (finagle/netty4-2-86) 18.569ms
[24.116s][info][gc          ] Allocation Stall (finagle-http-worker-26) 18.069ms
[24.116s][info][gc          ] Allocation Stall (finagle/netty4-2-76) 19.413ms
[24.116s][info][gc          ] Allocation Stall (finagle/netty4-2-91) 17.751ms
[24.116s][info][gc          ] Allocation Stall (finagle-http-worker-27) 18.756ms
[24.116s][info][gc          ] Allocation Stall (finagle/netty4-2-31) 18.440ms
[24.116s][info][gc          ] Allocation Stall (finagle/netty4-2-44) 19.698ms
[24.116s][info][gc          ] Allocation Stall (finagle/netty4-2-78) 17.915ms
[24.116s][info][gc          ] Allocation Stall (finagle-http-worker-13) 19.245ms
[24.116s][info][gc          ] Allocation Stall (finagle/netty4-2-22) 19.618ms
[24.116s][info][gc          ] Allocation Stall (finagle/netty4-2-14) 19.007ms
[24.116s][info][gc          ] Allocation Stall (finagle/netty4-2-75) 19.283ms
[24.116s][info][gc          ] Allocation Stall (finagle/netty4-2-80) 18.249ms
[24.116s][info][gc          ] Allocation Stall (finagle-http-worker-9) 18.035ms
[24.116s][info][gc          ] Allocation Stall (finagle-http-worker-10) 17.956ms
[24.116s][info][gc          ] Allocation Stall (finagle/netty4-2-89) 19.654ms
[24.116s][info][gc          ] Allocation Stall (finagle-http-worker-31) 18.724ms
[24.116s][info][gc          ] Allocation Stall (finagle/netty4-2-39) 19.599ms
[24.116s][info][gc          ] Allocation Stall (finagle/netty4-2-62) 19.600ms
[24.116s][info][gc          ] Allocation Stall (finagle/netty4-2-71) 18.386ms
[24.116s][info][gc          ] Allocation Stall (finagle/netty4-2-66) 18.933ms
[24.116s][info][gc          ] Allocation Stall (finagle-http-worker-44) 19.187ms
[24.116s][info][gc          ] Allocation Stall (finagle/netty4-2-54) 18.261ms
[24.116s][info][gc          ] Allocation Stall (finagle-http-worker-21) 18.082ms
[24.116s][info][gc          ] Allocation Stall (finagle/netty4-2-63) 17.600ms
[24.116s][info][gc          ] Allocation Stall (finagle/netty4-2-84) 18.990ms
[24.116s][info][gc          ] Allocation Stall (finagle-http-worker-3) 18.118ms
[24.116s][info][gc          ] Allocation Stall (UnboundedFuturePool-23) 18.887ms
[24.116s][info][gc          ] Allocation Stall (finagle/netty4-2-34) 19.269ms
[24.116s][info][gc          ] Allocation Stall (finagle/netty4-2-49) 18.765ms
[24.116s][info][gc          ] Allocation Stall (finagle-http-worker-17) 18.799ms
[24.116s][info][gc          ] Allocation Stall (finagle/netty4-2-57) 19.681ms
[24.116s][info][gc          ] Allocation Stall (finagle/netty4-2-51) 17.586ms
[24.122s][info][gc,phases   ] GC(134) Concurrent Select Relocation Set 5.595ms
[24.123s][info][gc,phases   ] GC(134) Pause Relocate Start 0.009ms
[24.129s][info][gc,phases   ] GC(134) Concurrent Relocate 4.851ms
[24.129s][info][gc,load     ] GC(134) Load: 0.00/0.00/0.00
[24.129s][info][gc,mmu      ] GC(134) MMU: 2ms/95.9%, 5ms/98.4%, 10ms/99.2%, 20ms/99.6%, 50ms/99.8%, 100ms/99.9%
[24.129s][info][gc,marking  ] GC(134) Mark: 8 stripe(s), 3 proactive flush(es), 1 terminate flush(es), 0 completion(s), 0 continuation(s) 
[24.129s][info][gc,marking  ] GC(134) Mark Stack Usage: 32M
[24.129s][info][gc,nmethod  ] GC(134) NMethods: 8484 registered, 2984 unregistered
[24.129s][info][gc,metaspace] GC(134) Metaspace: 71M used, 72M committed, 1088M reserved
[24.129s][info][gc,ref      ] GC(134) Soft: 2389 encountered, 0 discovered, 0 enqueued
[24.129s][info][gc,ref      ] GC(134) Weak: 10712 encountered, 917 discovered, 0 enqueued
[24.129s][info][gc,ref      ] GC(134) Final: 289 encountered, 0 discovered, 0 enqueued
[24.129s][info][gc,ref      ] GC(134) Phantom: 424 encountered, 341 discovered, 0 enqueued
[24.129s][info][gc,reloc    ] GC(134) Small Pages: 275 / 550M, Empty: 222M, Relocated: 8M, In-Place: 0
[24.129s][info][gc,reloc    ] GC(134) Medium Pages: 0 / 0M, Empty: 0M, Relocated: 0M, In-Place: 0
[24.129s][info][gc,reloc    ] GC(134) Large Pages: 0 / 0M, Empty: 0M, Relocated: 0M, In-Place: 0
[24.129s][info][gc,reloc    ] GC(134) Forwarding Usage: 2M
[24.129s][info][gc,heap     ] GC(134) Min Capacity: 8M(1%)
[24.129s][info][gc,heap     ] GC(134) Max Capacity: 1024M(100%)
[24.129s][info][gc,heap     ] GC(134) Soft Max Capacity: 1024M(100%)
[24.129s][info][gc,heap     ] GC(134)                Mark Start          Mark End        Relocate Start      Relocate End           High               Low         
[24.129s][info][gc,heap     ] GC(134)  Capacity:     1024M (100%)       1024M (100%)       1024M (100%)       1024M (100%)       1024M (100%)       1024M (100%)   
[24.129s][info][gc,heap     ] GC(134)      Free:      474M (46%)           0M (0%)          190M (19%)         434M (42%)         474M (46%)           0M (0%)     
[24.129s][info][gc,heap     ] GC(134)      Used:      550M (54%)        1024M (100%)        834M (81%)         590M (58%)        1024M (100%)        550M (54%)    
[24.129s][info][gc,heap     ] GC(134)      Live:         -                49M (5%)           49M (5%)           49M (5%)             -                  -          
[24.129s][info][gc,heap     ] GC(134) Allocated:         -               474M (46%)         506M (49%)         515M (50%)            -                  -          
[24.129s][info][gc,heap     ] GC(134)   Garbage:         -               500M (49%)         278M (27%)          24M (2%)             -                  -          
[24.129s][info][gc,heap     ] GC(134) Reclaimed:         -                  -               222M (22%)         475M (46%)            -                  -          
[24.129s][info][gc          ] GC(134) Garbage Collection (Allocation Rate) 550M(54%)->590M(58%)
[24.195s][info][gc,start    ] GC(135) Garbage Collection (Allocation Stall)
[24.195s][info][gc,ref      ] GC(135) Clearing All SoftReferences
[24.195s][info][gc,task     ] GC(135) Using 10 workers
[24.196s][info][gc,ref      ] GC(135) Clearing All SoftReferences
[24.196s][info][gc,phases   ] GC(135) Pause Mark Start 0.031ms
[24.218s][info][gc,phases   ] GC(135) Concurrent Mark 22.069ms
[24.218s][info][gc,phases   ] GC(135) Pause Mark End 0.033ms
[24.219s][info][gc,phases   ] GC(135) Concurrent Mark Free 0.002ms
[24.222s][info][gc,phases   ] GC(135) Concurrent Process Non-Strong References 3.217ms
[24.222s][info][gc,phases   ] GC(135) Concurrent Reset Relocation Set 0.019ms
[24.222s][info][gc          ] Allocation Stall (finagle/netty4-2-84) 1.030ms
[24.222s][info][gc          ] Allocation Stall (finagle/netty4-2-55) 1.013ms
[24.222s][info][gc          ] Allocation Stall (finagle/netty4-2-96) 1.476ms
[24.222s][info][gc          ] Allocation Stall (finagle/netty4-2-86) 0.246ms
[24.222s][info][gc          ] Allocation Stall (finagle/netty4-2-76) 1.780ms
[24.222s][info][gc          ] Allocation Stall (finagle/netty4-2-89) 1.850ms
[24.222s][info][gc          ] Allocation Stall (finagle/netty4-2-2) 2.151ms
[24.222s][info][gc          ] Allocation Stall (finagle/netty4-2-20) 2.100ms
[24.222s][info][gc          ] Allocation Stall (finagle/netty4-2-79) 1.410ms
[24.222s][info][gc          ] Allocation Stall (finagle/netty4-2-93) 0.797ms
[24.222s][info][gc          ] Allocation Stall (finagle/netty4-2-71) 1.307ms
[24.222s][info][gc          ] Allocation Stall (finagle/netty4-2-53) 2.340ms
[24.222s][info][gc          ] Allocation Stall (finagle/netty4-2-63) 2.230ms
[24.222s][info][gc          ] Allocation Stall (finagle/netty4-2-54) 0.577ms
[24.222s][info][gc          ] Allocation Stall (finagle/netty4-2-69) 1.507ms
[24.222s][info][gc          ] Allocation Stall (finagle/netty4-2-88) 2.273ms
[24.222s][info][gc          ] Allocation Stall (finagle/netty4-2-38) 1.753ms
[24.222s][info][gc          ] Allocation Stall (finagle/netty4-2-59) 2.386ms
[24.222s][info][gc          ] Allocation Stall (finagle/netty4-2-68) 2.606ms
[24.222s][info][gc          ] Allocation Stall (finagle/netty4-2-81) 2.312ms
[24.222s][info][gc          ] Allocation Stall (finagle/netty4-2-60) 2.038ms
[24.222s][info][gc          ] Allocation Stall (finagle/netty4-2-73) 0.811ms
[24.222s][info][gc          ] Allocation Stall (finagle/netty4-2-58) 2.462ms
[24.222s][info][gc          ] Allocation Stall (finagle/netty4-2-94) 0.987ms
[24.222s][info][gc          ] Allocation Stall (finagle/netty4-2-46) 2.055ms
[24.222s][info][gc          ] Allocation Stall (finagle/netty4-2-65) 1.399ms
[24.222s][info][gc          ] Allocation Stall (finagle/netty4-2-91) 0.396ms
[24.222s][info][gc          ] Allocation Stall (finagle/netty4-2-51) 2.606ms
[24.222s][info][gc          ] Allocation Stall (finagle/netty4-2-21) 2.482ms
[24.222s][info][gc          ] Allocation Stall (finagle/netty4-2-75) 0.611ms
[24.222s][info][gc          ] Allocation Stall (finagle/netty4-2-74) 0.310ms
[24.222s][info][gc          ] Allocation Stall (finagle/netty4-2-67) 1.575ms
[24.222s][info][gc          ] Allocation Stall (finagle/netty4-2-52) 2.318ms
[24.222s][info][gc          ] Allocation Stall (finagle/netty4-2-77) 2.445ms
[24.222s][info][gc          ] Allocation Stall (finagle/netty4-2-83) 0.841ms
[24.222s][info][gc          ] Allocation Stall (finagle/netty4-2-64) 0.266ms
[24.222s][info][gc          ] Allocation Stall (finagle/netty4-2-40) 1.817ms
[24.222s][info][gc          ] Allocation Stall (finagle/netty4-2-85) 2.345ms
[24.222s][info][gc          ] Allocation Stall (finagle/netty4-2-82) 1.040ms
[24.222s][info][gc          ] Allocation Stall (finagle/netty4-2-12) 2.142ms
[24.222s][info][gc          ] Allocation Stall (finagle/netty4-2-92) 0.317ms
[24.222s][info][gc          ] Allocation Stall (finagle/netty4-2-3) 2.763ms
[24.222s][info][gc          ] Allocation Stall (finagle-http-worker-13) 0.804ms
[24.222s][info][gc          ] Allocation Stall (finagle/netty4-2-90) 2.701ms
[24.222s][info][gc          ] Allocation Stall (finagle/netty4-2-62) 1.058ms
[24.231s][info][gc,phases   ] GC(135) Concurrent Select Relocation Set 8.407ms
[24.231s][info][gc,phases   ] GC(135) Pause Relocate Start 0.009ms
[24.236s][info][gc,phases   ] GC(135) Concurrent Relocate 5.364ms
[24.237s][info][gc,load     ] GC(135) Load: 0.00/0.00/0.00
[24.237s][info][gc,mmu      ] GC(135) MMU: 2ms/95.9%, 5ms/98.4%, 10ms/99.2%, 20ms/99.6%, 50ms/99.8%, 100ms/99.9%
[24.237s][info][gc,marking  ] GC(135) Mark: 8 stripe(s), 3 proactive flush(es), 1 terminate flush(es), 0 completion(s), 0 continuation(s) 
[24.237s][info][gc,marking  ] GC(135) Mark Stack Usage: 32M
[24.237s][info][gc,nmethod  ] GC(135) NMethods: 8493 registered, 3 unregistered
[24.237s][info][gc,metaspace] GC(135) Metaspace: 71M used, 72M committed, 1088M reserved
[24.237s][info][gc,ref      ] GC(135) Soft: 2389 encountered, 757 discovered, 0 enqueued
[24.237s][info][gc,ref      ] GC(135) Weak: 10745 encountered, 1774 discovered, 0 enqueued
[24.237s][info][gc,ref      ] GC(135) Final: 289 encountered, 32 discovered, 0 enqueued
[24.237s][info][gc,ref      ] GC(135) Phantom: 424 encountered, 342 discovered, 0 enqueued
[24.237s][info][gc,reloc    ] GC(135) Small Pages: 456 / 912M, Empty: 514M, Relocated: 8M, In-Place: 0
[24.237s][info][gc,reloc    ] GC(135) Medium Pages: 0 / 0M, Empty: 0M, Relocated: 0M, In-Place: 0
[24.237s][info][gc,reloc    ] GC(135) Large Pages: 0 / 0M, Empty: 0M, Relocated: 0M, In-Place: 0
[24.237s][info][gc,reloc    ] GC(135) Forwarding Usage: 2M
[24.237s][info][gc,heap     ] GC(135) Min Capacity: 8M(1%)
[24.237s][info][gc,heap     ] GC(135) Max Capacity: 1024M(100%)
[24.237s][info][gc,heap     ] GC(135) Soft Max Capacity: 1024M(100%)
[24.237s][info][gc,heap     ] GC(135)                Mark Start          Mark End        Relocate Start      Relocate End           High               Low         
[24.237s][info][gc,heap     ] GC(135)  Capacity:     1024M (100%)       1024M (100%)       1024M (100%)       1024M (100%)       1024M (100%)       1024M (100%)   
[24.237s][info][gc,heap     ] GC(135)      Free:      112M (11%)           2M (0%)          470M (46%)         778M (76%)         784M (77%)           0M (0%)     
[24.237s][info][gc,heap     ] GC(135)      Used:      912M (89%)        1022M (100%)        554M (54%)         246M (24%)        1024M (100%)        240M (23%)    
[24.237s][info][gc,heap     ] GC(135)      Live:         -                50M (5%)           50M (5%)           50M (5%)             -                  -          
[24.237s][info][gc,heap     ] GC(135) Allocated:         -               110M (11%)         156M (15%)         171M (17%)            -                  -          
[24.237s][info][gc,heap     ] GC(135)   Garbage:         -               861M (84%)         347M (34%)          24M (2%)             -                  -          
[24.237s][info][gc,heap     ] GC(135) Reclaimed:         -                  -               514M (50%)         837M (82%)            -                  -          
[24.237s][info][gc          ] GC(135) Garbage Collection (Allocation Stall) 912M(89%)->246M(24%)
[24.296s][info][gc,start    ] GC(136) Garbage Collection (Allocation Stall)
[24.296s][info][gc,ref      ] GC(136) Clearing All SoftReferences
[24.296s][info][gc,task     ] GC(136) Using 10 workers
[24.296s][info][gc,ref      ] GC(136) Clearing All SoftReferences
[24.296s][info][gc,phases   ] GC(136) Pause Mark Start 0.056ms
[24.323s][info][gc,phases   ] GC(136) Concurrent Mark 26.807ms
[24.323s][info][gc,phases   ] GC(136) Pause Mark End 0.025ms
[24.324s][info][gc,phases   ] GC(136) Concurrent Mark Free 0.001ms
[24.327s][info][gc,phases   ] GC(136) Concurrent Process Non-Strong References 3.677ms
[24.327s][info][gc,phases   ] GC(136) Concurrent Reset Relocation Set 0.044ms
[24.332s][info][gc,phases   ] GC(136) Concurrent Select Relocation Set 4.893ms
[24.333s][info][gc,phases   ] GC(136) Pause Relocate Start 0.009ms
[24.338s][info][gc,phases   ] GC(136) Concurrent Relocate 5.134ms
[24.338s][info][gc,load     ] GC(136) Load: 0.00/0.00/0.00
[24.338s][info][gc,mmu      ] GC(136) MMU: 2ms/95.9%, 5ms/98.4%, 10ms/99.2%, 20ms/99.6%, 50ms/99.8%, 100ms/99.9%
[24.338s][info][gc,marking  ] GC(136) Mark: 8 stripe(s), 3 proactive flush(es), 1 terminate flush(es), 0 completion(s), 0 continuation(s) 
[24.338s][info][gc,marking  ] GC(136) Mark Stack Usage: 32M
[24.338s][info][gc,nmethod  ] GC(136) NMethods: 8495 registered, 6 unregistered
[24.338s][info][gc,metaspace] GC(136) Metaspace: 71M used, 72M committed, 1088M reserved
[24.338s][info][gc,ref      ] GC(136) Soft: 2389 encountered, 143 discovered, 0 enqueued
[24.338s][info][gc,ref      ] GC(136) Weak: 10745 encountered, 2030 discovered, 0 enqueued
[24.338s][info][gc,ref      ] GC(136) Final: 289 encountered, 8 discovered, 0 enqueued
[24.338s][info][gc,ref      ] GC(136) Phantom: 424 encountered, 372 discovered, 0 enqueued
[24.338s][info][gc,reloc    ] GC(136) Small Pages: 264 / 528M, Empty: 194M, Relocated: 8M, In-Place: 0
[24.338s][info][gc,reloc    ] GC(136) Medium Pages: 0 / 0M, Empty: 0M, Relocated: 0M, In-Place: 0
[24.338s][info][gc,reloc    ] GC(136) Large Pages: 0 / 0M, Empty: 0M, Relocated: 0M, In-Place: 0
[24.338s][info][gc,reloc    ] GC(136) Forwarding Usage: 2M
[24.338s][info][gc,heap     ] GC(136) Min Capacity: 8M(1%)
[24.338s][info][gc,heap     ] GC(136) Max Capacity: 1024M(100%)
[24.338s][info][gc,heap     ] GC(136) Soft Max Capacity: 1024M(100%)
[24.338s][info][gc,heap     ] GC(136)                Mark Start          Mark End        Relocate Start      Relocate End           High               Low         
[24.338s][info][gc,heap     ] GC(136)  Capacity:     1024M (100%)       1024M (100%)       1024M (100%)       1024M (100%)       1024M (100%)       1024M (100%)   
[24.338s][info][gc,heap     ] GC(136)      Free:      496M (48%)         370M (36%)         524M (51%)         768M (75%)         774M (76%)         354M (35%)    
[24.338s][info][gc,heap     ] GC(136)      Used:      528M (52%)         654M (64%)         500M (49%)         256M (25%)         670M (65%)         250M (24%)    
[24.338s][info][gc,heap     ] GC(136)      Live:         -                49M (5%)           49M (5%)           49M (5%)             -                  -          
[24.338s][info][gc,heap     ] GC(136) Allocated:         -               126M (12%)         166M (16%)         181M (18%)            -                  -          
[24.338s][info][gc,heap     ] GC(136)   Garbage:         -               478M (47%)         284M (28%)          24M (2%)             -                  -          
[24.338s][info][gc,heap     ] GC(136) Reclaimed:         -                  -               194M (19%)         453M (44%)            -                  -          
[24.338s][info][gc          ] GC(136) Garbage Collection (Allocation Stall) 528M(52%)->256M(25%)
[24.396s][info][gc,start    ] GC(137) Garbage Collection (Allocation Rate)
[24.396s][info][gc,task     ] GC(137) Using 10 workers
[24.396s][info][gc,phases   ] GC(137) Pause Mark Start 0.010ms
[24.418s][info][gc,phases   ] GC(137) Concurrent Mark 21.498ms
[24.418s][info][gc,phases   ] GC(137) Pause Mark End 0.025ms
[24.420s][info][gc,phases   ] GC(137) Concurrent Mark Free 0.001ms
[24.423s][info][gc,phases   ] GC(137) Concurrent Process Non-Strong References 3.421ms
[24.423s][info][gc,phases   ] GC(137) Concurrent Reset Relocation Set 0.038ms
[24.428s][info][gc,phases   ] GC(137) Concurrent Select Relocation Set 4.963ms
[24.429s][info][gc,phases   ] GC(137) Pause Relocate Start 0.010ms
[24.433s][info][gc,phases   ] GC(137) Concurrent Relocate 3.774ms
[24.433s][info][gc,load     ] GC(137) Load: 0.00/0.00/0.00
[24.433s][info][gc,mmu      ] GC(137) MMU: 2ms/95.9%, 5ms/98.4%, 10ms/99.2%, 20ms/99.6%, 50ms/99.8%, 100ms/99.9%
[24.433s][info][gc,marking  ] GC(137) Mark: 8 stripe(s), 3 proactive flush(es), 1 terminate flush(es), 0 completion(s), 0 continuation(s) 
[24.433s][info][gc,marking  ] GC(137) Mark Stack Usage: 32M
[24.433s][info][gc,nmethod  ] GC(137) NMethods: 8494 registered, 7 unregistered
[24.433s][info][gc,metaspace] GC(137) Metaspace: 71M used, 72M committed, 1088M reserved
[24.433s][info][gc,ref      ] GC(137) Soft: 2389 encountered, 0 discovered, 0 enqueued
[24.433s][info][gc,ref      ] GC(137) Weak: 10745 encountered, 1621 discovered, 0 enqueued
[24.433s][info][gc,ref      ] GC(137) Final: 289 encountered, 18 discovered, 0 enqueued
[24.433s][info][gc,ref      ] GC(137) Phantom: 424 encountered, 323 discovered, 0 enqueued
[24.433s][info][gc,reloc    ] GC(137) Small Pages: 273 / 546M, Empty: 218M, Relocated: 6M, In-Place: 0
[24.433s][info][gc,reloc    ] GC(137) Medium Pages: 0 / 0M, Empty: 0M, Relocated: 0M, In-Place: 0
[24.433s][info][gc,reloc    ] GC(137) Large Pages: 0 / 0M, Empty: 0M, Relocated: 0M, In-Place: 0
[24.433s][info][gc,reloc    ] GC(137) Forwarding Usage: 2M
[24.433s][info][gc,heap     ] GC(137) Min Capacity: 8M(1%)
[24.433s][info][gc,heap     ] GC(137) Max Capacity: 1024M(100%)
[24.433s][info][gc,heap     ] GC(137) Soft Max Capacity: 1024M(100%)
[24.433s][info][gc,heap     ] GC(137)                Mark Start          Mark End        Relocate Start      Relocate End           High               Low         
[24.433s][info][gc,heap     ] GC(137)  Capacity:     1024M (100%)       1024M (100%)       1024M (100%)       1024M (100%)       1024M (100%)       1024M (100%)   
[24.433s][info][gc,heap     ] GC(137)      Free:      478M (47%)         370M (36%)         546M (53%)         788M (77%)         790M (77%)         352M (34%)    
[24.433s][info][gc,heap     ] GC(137)      Used:      546M (53%)         654M (64%)         478M (47%)         236M (23%)         672M (66%)         234M (23%)    
[24.433s][info][gc,heap     ] GC(137)      Live:         -                50M (5%)           50M (5%)           50M (5%)             -                  -          
[24.433s][info][gc,heap     ] GC(137) Allocated:         -               108M (11%)         150M (15%)         159M (16%)            -                  -          
[24.433s][info][gc,heap     ] GC(137)   Garbage:         -               495M (48%)         277M (27%)          26M (3%)             -                  -          
[24.433s][info][gc,heap     ] GC(137) Reclaimed:         -                  -               218M (21%)         469M (46%)            -                  -          
[24.433s][info][gc          ] GC(137) Garbage Collection (Allocation Rate) 546M(53%)->236M(23%)
[24.496s][info][gc,start    ] GC(138) Garbage Collection (Allocation Rate)
[24.496s][info][gc,task     ] GC(138) Using 10 workers
[24.496s][info][gc,phases   ] GC(138) Pause Mark Start 0.012ms
[24.518s][info][gc,phases   ] GC(138) Concurrent Mark 21.391ms
[24.518s][info][gc,phases   ] GC(138) Pause Mark End 0.024ms
[24.520s][info][gc,phases   ] GC(138) Concurrent Mark Free 0.002ms
[24.523s][info][gc,phases   ] GC(138) Concurrent Process Non-Strong References 3.426ms
[24.523s][info][gc,phases   ] GC(138) Concurrent Reset Relocation Set 0.054ms
[24.534s][info][gc,phases   ] GC(138) Concurrent Select Relocation Set 10.288ms
[24.534s][info][gc,phases   ] GC(138) Pause Relocate Start 0.010ms
[24.539s][info][gc,phases   ] GC(138) Concurrent Relocate 4.488ms
[24.539s][info][gc,load     ] GC(138) Load: 0.00/0.00/0.00
[24.539s][info][gc,mmu      ] GC(138) MMU: 2ms/95.9%, 5ms/98.4%, 10ms/99.2%, 20ms/99.6%, 50ms/99.8%, 100ms/99.9%
[24.539s][info][gc,marking  ] GC(138) Mark: 8 stripe(s), 4 proactive flush(es), 1 terminate flush(es), 0 completion(s), 0 continuation(s) 
[24.539s][info][gc,marking  ] GC(138) Mark Stack Usage: 32M
[24.539s][info][gc,nmethod  ] GC(138) NMethods: 8499 registered, 7 unregistered
[24.539s][info][gc,metaspace] GC(138) Metaspace: 71M used, 72M committed, 1088M reserved
[24.539s][info][gc,ref      ] GC(138) Soft: 2389 encountered, 0 discovered, 0 enqueued
[24.539s][info][gc,ref      ] GC(138) Weak: 10745 encountered, 1332 discovered, 0 enqueued
[24.539s][info][gc,ref      ] GC(138) Final: 289 encountered, 1 discovered, 0 enqueued
[24.539s][info][gc,ref      ] GC(138) Phantom: 424 encountered, 341 discovered, 0 enqueued
[24.539s][info][gc,reloc    ] GC(138) Small Pages: 277 / 554M, Empty: 214M, Relocated: 6M, In-Place: 0
[24.539s][info][gc,reloc    ] GC(138) Medium Pages: 0 / 0M, Empty: 0M, Relocated: 0M, In-Place: 0
[24.539s][info][gc,reloc    ] GC(138) Large Pages: 0 / 0M, Empty: 0M, Relocated: 0M, In-Place: 0
[24.539s][info][gc,reloc    ] GC(138) Forwarding Usage: 2M
[24.539s][info][gc,heap     ] GC(138) Min Capacity: 8M(1%)
[24.539s][info][gc,heap     ] GC(138) Max Capacity: 1024M(100%)
[24.539s][info][gc,heap     ] GC(138) Soft Max Capacity: 1024M(100%)
[24.539s][info][gc,heap     ] GC(138)                Mark Start          Mark End        Relocate Start      Relocate End           High               Low         
[24.539s][info][gc,heap     ] GC(138)  Capacity:     1024M (100%)       1024M (100%)       1024M (100%)       1024M (100%)       1024M (100%)       1024M (100%)   
[24.539s][info][gc,heap     ] GC(138)      Free:      470M (46%)         364M (36%)         510M (50%)         758M (74%)         766M (75%)         344M (34%)    
[24.539s][info][gc,heap     ] GC(138)      Used:      554M (54%)         660M (64%)         514M (50%)         266M (26%)         680M (66%)         258M (25%)    
[24.539s][info][gc,heap     ] GC(138)      Live:         -                50M (5%)           50M (5%)           50M (5%)             -                  -          
[24.539s][info][gc,heap     ] GC(138) Allocated:         -               106M (10%)         174M (17%)         189M (18%)            -                  -          
[24.539s][info][gc,heap     ] GC(138)   Garbage:         -               503M (49%)         289M (28%)          26M (3%)             -                  -          
[24.539s][info][gc,heap     ] GC(138) Reclaimed:         -                  -               214M (21%)         477M (47%)            -                  -          
[24.539s][info][gc          ] GC(138) Garbage Collection (Allocation Rate) 554M(54%)->266M(26%)
[24.596s][info][gc,start    ] GC(139) Garbage Collection (Allocation Rate)
[24.596s][info][gc,task     ] GC(139) Using 10 workers
[24.596s][info][gc,phases   ] GC(139) Pause Mark Start 0.010ms
[24.616s][info][gc,phases   ] GC(139) Concurrent Mark 19.100ms
[24.616s][info][gc,phases   ] GC(139) Pause Mark End 0.026ms
[24.616s][info][gc,phases   ] GC(139) Concurrent Mark Free 0.001ms
[24.620s][info][gc,phases   ] GC(139) Concurrent Process Non-Strong References 3.355ms
[24.620s][info][gc,phases   ] GC(139) Concurrent Reset Relocation Set 0.038ms
[24.626s][info][gc,phases   ] GC(139) Concurrent Select Relocation Set 6.434ms
[24.627s][info][gc,phases   ] GC(139) Pause Relocate Start 0.009ms
[24.630s][info][gc,phases   ] GC(139) Concurrent Relocate 3.584ms
[24.631s][info][gc,load     ] GC(139) Load: 0.00/0.00/0.00
[24.631s][info][gc,mmu      ] GC(139) MMU: 2ms/95.9%, 5ms/98.4%, 10ms/99.2%, 20ms/99.6%, 50ms/99.8%, 100ms/99.9%
[24.631s][info][gc,marking  ] GC(139) Mark: 8 stripe(s), 4 proactive flush(es), 1 terminate flush(es), 0 completion(s), 0 continuation(s) 
[24.631s][info][gc,marking  ] GC(139) Mark Stack Usage: 32M
[24.631s][info][gc,nmethod  ] GC(139) NMethods: 8498 registered, 8 unregistered
[24.631s][info][gc,metaspace] GC(139) Metaspace: 71M used, 72M committed, 1088M reserved
[24.631s][info][gc,ref      ] GC(139) Soft: 2427 encountered, 0 discovered, 0 enqueued
[24.631s][info][gc,ref      ] GC(139) Weak: 10696 encountered, 1598 discovered, 14 enqueued
[24.631s][info][gc,ref      ] GC(139) Final: 289 encountered, 5 discovered, 0 enqueued
[24.631s][info][gc,ref      ] GC(139) Phantom: 424 encountered, 372 discovered, 0 enqueued
[24.631s][info][gc,reloc    ] GC(139) Small Pages: 273 / 546M, Empty: 212M, Relocated: 6M, In-Place: 0
[24.631s][info][gc,reloc    ] GC(139) Medium Pages: 0 / 0M, Empty: 0M, Relocated: 0M, In-Place: 0
[24.631s][info][gc,reloc    ] GC(139) Large Pages: 0 / 0M, Empty: 0M, Relocated: 0M, In-Place: 0
[24.631s][info][gc,reloc    ] GC(139) Forwarding Usage: 2M
[24.631s][info][gc,heap     ] GC(139) Min Capacity: 8M(1%)
[24.631s][info][gc,heap     ] GC(139) Max Capacity: 1024M(100%)
[24.631s][info][gc,heap     ] GC(139) Soft Max Capacity: 1024M(100%)
[24.631s][info][gc,heap     ] GC(139)                Mark Start          Mark End        Relocate Start      Relocate End           High               Low         
[24.631s][info][gc,heap     ] GC(139)  Capacity:     1024M (100%)       1024M (100%)       1024M (100%)       1024M (100%)       1024M (100%)       1024M (100%)   
[24.631s][info][gc,heap     ] GC(139)      Free:      478M (47%)         384M (38%)         550M (54%)         798M (78%)         798M (78%)         366M (36%)    
[24.631s][info][gc,heap     ] GC(139)      Used:      546M (53%)         640M (63%)         474M (46%)         226M (22%)         658M (64%)         226M (22%)    
[24.631s][info][gc,heap     ] GC(139)      Live:         -                49M (5%)           49M (5%)           49M (5%)             -                  -          
[24.631s][info][gc,heap     ] GC(139) Allocated:         -                94M (9%)          140M (14%)         149M (15%)            -                  -          
[24.631s][info][gc,heap     ] GC(139)   Garbage:         -               496M (48%)         284M (28%)          26M (3%)             -                  -          
[24.631s][info][gc,heap     ] GC(139) Reclaimed:         -                  -               212M (21%)         469M (46%)            -                  -          
[24.631s][info][gc          ] GC(139) Garbage Collection (Allocation Rate) 546M(53%)->226M(22%)
[24.695s][info][gc,start    ] GC(140) Garbage Collection (Allocation Rate)
[24.695s][info][gc,task     ] GC(140) Using 10 workers
[24.695s][info][gc,phases   ] GC(140) Pause Mark Start 0.010ms
[24.717s][info][gc,phases   ] GC(140) Concurrent Mark 21.398ms
[24.717s][info][gc,phases   ] GC(140) Pause Mark End 0.024ms
[24.718s][info][gc,phases   ] GC(140) Concurrent Mark Free 0.002ms
[24.721s][info][gc,phases   ] GC(140) Concurrent Process Non-Strong References 3.266ms
[24.721s][info][gc,phases   ] GC(140) Concurrent Reset Relocation Set 0.053ms
[24.728s][info][gc,phases   ] GC(140) Concurrent Select Relocation Set 6.341ms
[24.728s][info][gc,phases   ] GC(140) Pause Relocate Start 0.010ms
[24.732s][info][gc,phases   ] GC(140) Concurrent Relocate 3.619ms
[24.732s][info][gc,load     ] GC(140) Load: 0.00/0.00/0.00
[24.732s][info][gc,mmu      ] GC(140) MMU: 2ms/95.9%, 5ms/98.4%, 10ms/99.2%, 20ms/99.6%, 50ms/99.8%, 100ms/99.9%
[24.732s][info][gc,marking  ] GC(140) Mark: 8 stripe(s), 3 proactive flush(es), 1 terminate flush(es), 0 completion(s), 0 continuation(s) 
[24.732s][info][gc,marking  ] GC(140) Mark Stack Usage: 32M
[24.732s][info][gc,nmethod  ] GC(140) NMethods: 8508 registered, 10 unregistered
[24.732s][info][gc,metaspace] GC(140) Metaspace: 71M used, 72M committed, 1088M reserved
[24.732s][info][gc,ref      ] GC(140) Soft: 2427 encountered, 0 discovered, 0 enqueued
[24.732s][info][gc,ref      ] GC(140) Weak: 10633 encountered, 1512 discovered, 13 enqueued
[24.732s][info][gc,ref      ] GC(140) Final: 289 encountered, 21 discovered, 0 enqueued
[24.732s][info][gc,ref      ] GC(140) Phantom: 424 encountered, 311 discovered, 0 enqueued
[24.732s][info][gc,reloc    ] GC(140) Small Pages: 272 / 544M, Empty: 236M, Relocated: 6M, In-Place: 0
[24.732s][info][gc,reloc    ] GC(140) Medium Pages: 0 / 0M, Empty: 0M, Relocated: 0M, In-Place: 0
[24.732s][info][gc,reloc    ] GC(140) Large Pages: 0 / 0M, Empty: 0M, Relocated: 0M, In-Place: 0
[24.732s][info][gc,reloc    ] GC(140) Forwarding Usage: 2M
[24.732s][info][gc,heap     ] GC(140) Min Capacity: 8M(1%)
[24.732s][info][gc,heap     ] GC(140) Max Capacity: 1024M(100%)
[24.732s][info][gc,heap     ] GC(140) Soft Max Capacity: 1024M(100%)
[24.732s][info][gc,heap     ] GC(140)                Mark Start          Mark End        Relocate Start      Relocate End           High               Low         
[24.732s][info][gc,heap     ] GC(140)  Capacity:     1024M (100%)       1024M (100%)       1024M (100%)       1024M (100%)       1024M (100%)       1024M (100%)   
[24.732s][info][gc,heap     ] GC(140)      Free:      480M (47%)         378M (37%)         568M (55%)         792M (77%)         792M (77%)         360M (35%)    
[24.732s][info][gc,heap     ] GC(140)      Used:      544M (53%)         646M (63%)         456M (45%)         232M (23%)         664M (65%)         232M (23%)    
[24.732s][info][gc,heap     ] GC(140)      Live:         -                49M (5%)           49M (5%)           49M (5%)             -                  -          
[24.732s][info][gc,heap     ] GC(140) Allocated:         -               102M (10%)         148M (14%)         155M (15%)            -                  -          
[24.732s][info][gc,heap     ] GC(140)   Garbage:         -               494M (48%)         258M (25%)          26M (3%)             -                  -          
[24.732s][info][gc,heap     ] GC(140) Reclaimed:         -                  -               236M (23%)         467M (46%)            -                  -          
[24.733s][info][gc          ] GC(140) Garbage Collection (Allocation Rate) 544M(53%)->232M(23%)
[24.795s][info][gc,start    ] GC(141) Garbage Collection (Allocation Rate)
[24.795s][info][gc,task     ] GC(141) Using 10 workers
[24.796s][info][gc,phases   ] GC(141) Pause Mark Start 0.015ms
[24.815s][info][gc,phases   ] GC(141) Concurrent Mark 19.333ms
[24.815s][info][gc,phases   ] GC(141) Pause Mark End 0.024ms
[24.816s][info][gc,phases   ] GC(141) Concurrent Mark Free 0.001ms
[24.819s][info][gc,phases   ] GC(141) Concurrent Process Non-Strong References 3.272ms
[24.819s][info][gc,phases   ] GC(141) Concurrent Reset Relocation Set 0.034ms
[24.829s][info][gc,phases   ] GC(141) Concurrent Select Relocation Set 9.621ms
[24.829s][info][gc,phases   ] GC(141) Pause Relocate Start 0.009ms
[24.833s][info][gc,phases   ] GC(141) Concurrent Relocate 4.006ms
[24.833s][info][gc,load     ] GC(141) Load: 0.00/0.00/0.00
[24.833s][info][gc,mmu      ] GC(141) MMU: 2ms/95.9%, 5ms/98.4%, 10ms/99.2%, 20ms/99.6%, 50ms/99.8%, 100ms/99.9%
[24.833s][info][gc,marking  ] GC(141) Mark: 8 stripe(s), 3 proactive flush(es), 1 terminate flush(es), 0 completion(s), 0 continuation(s) 
[24.833s][info][gc,marking  ] GC(141) Mark Stack Usage: 32M
[24.833s][info][gc,nmethod  ] GC(141) NMethods: 8516 registered, 10 unregistered
[24.833s][info][gc,metaspace] GC(141) Metaspace: 71M used, 72M committed, 1088M reserved
[24.833s][info][gc,ref      ] GC(141) Soft: 2427 encountered, 0 discovered, 0 enqueued
[24.833s][info][gc,ref      ] GC(141) Weak: 10571 encountered, 1632 discovered, 12 enqueued
[24.833s][info][gc,ref      ] GC(141) Final: 289 encountered, 15 discovered, 0 enqueued
[24.833s][info][gc,ref      ] GC(141) Phantom: 424 encountered, 296 discovered, 0 enqueued
[24.833s][info][gc,reloc    ] GC(141) Small Pages: 274 / 548M, Empty: 204M, Relocated: 6M, In-Place: 0
[24.833s][info][gc,reloc    ] GC(141) Medium Pages: 0 / 0M, Empty: 0M, Relocated: 0M, In-Place: 0
[24.833s][info][gc,reloc    ] GC(141) Large Pages: 0 / 0M, Empty: 0M, Relocated: 0M, In-Place: 0
[24.833s][info][gc,reloc    ] GC(141) Forwarding Usage: 2M
[24.834s][info][gc,heap     ] GC(141) Min Capacity: 8M(1%)
[24.834s][info][gc,heap     ] GC(141) Max Capacity: 1024M(100%)
[24.834s][info][gc,heap     ] GC(141) Soft Max Capacity: 1024M(100%)
[24.834s][info][gc,heap     ] GC(141)                Mark Start          Mark End        Relocate Start      Relocate End           High               Low         
[24.834s][info][gc,heap     ] GC(141)  Capacity:     1024M (100%)       1024M (100%)       1024M (100%)       1024M (100%)       1024M (100%)       1024M (100%)   
[24.834s][info][gc,heap     ] GC(141)      Free:      476M (46%)         384M (38%)         526M (51%)         784M (77%)         784M (77%)         368M (36%)    
[24.834s][info][gc,heap     ] GC(141)      Used:      548M (54%)         640M (63%)         498M (49%)         240M (23%)         656M (64%)         240M (23%)    
[24.834s][info][gc,heap     ] GC(141)      Live:         -                49M (5%)           49M (5%)           49M (5%)             -                  -          
[24.834s][info][gc,heap     ] GC(141) Allocated:         -                92M (9%)          154M (15%)         163M (16%)            -                  -          
[24.834s][info][gc,heap     ] GC(141)   Garbage:         -               498M (49%)         294M (29%)          26M (3%)             -                  -          
[24.834s][info][gc,heap     ] GC(141) Reclaimed:         -                  -               204M (20%)         471M (46%)            -                  -          
[24.834s][info][gc          ] GC(141) Garbage Collection (Allocation Rate) 548M(54%)->240M(23%)
[24.896s][info][gc,start    ] GC(142) Garbage Collection (Allocation Rate)
[24.896s][info][gc,task     ] GC(142) Using 10 workers
[24.897s][info][gc,phases   ] GC(142) Pause Mark Start 0.011ms
[24.918s][info][gc,phases   ] GC(142) Concurrent Mark 21.423ms
[24.918s][info][gc,phases   ] GC(142) Pause Mark End 0.021ms
[24.919s][info][gc,phases   ] GC(142) Concurrent Mark Free 0.001ms
[24.922s][info][gc,phases   ] GC(142) Concurrent Process Non-Strong References 3.462ms
[24.922s][info][gc,phases   ] GC(142) Concurrent Reset Relocation Set 0.038ms
[24.927s][info][gc,phases   ] GC(142) Concurrent Select Relocation Set 4.978ms
[24.927s][info][gc,phases   ] GC(142) Pause Relocate Start 0.011ms
[24.932s][info][gc,phases   ] GC(142) Concurrent Relocate 4.298ms
[24.932s][info][gc,load     ] GC(142) Load: 0.00/0.00/0.00
[24.932s][info][gc,mmu      ] GC(142) MMU: 2ms/95.9%, 5ms/98.4%, 10ms/99.2%, 20ms/99.6%, 50ms/99.8%, 100ms/99.9%
[24.932s][info][gc,marking  ] GC(142) Mark: 8 stripe(s), 3 proactive flush(es), 1 terminate flush(es), 0 completion(s), 0 continuation(s) 
[24.932s][info][gc,marking  ] GC(142) Mark Stack Usage: 32M
[24.932s][info][gc,nmethod  ] GC(142) NMethods: 8519 registered, 12 unregistered
[24.932s][info][gc,metaspace] GC(142) Metaspace: 71M used, 72M committed, 1088M reserved
[24.932s][info][gc,ref      ] GC(142) Soft: 2427 encountered, 0 discovered, 0 enqueued
[24.932s][info][gc,ref      ] GC(142) Weak: 10509 encountered, 1410 discovered, 13 enqueued
[24.932s][info][gc,ref      ] GC(142) Final: 289 encountered, 5 discovered, 0 enqueued
[24.932s][info][gc,ref      ] GC(142) Phantom: 424 encountered, 324 discovered, 0 enqueued
[24.932s][info][gc,reloc    ] GC(142) Small Pages: 276 / 552M, Empty: 296M, Relocated: 6M, In-Place: 0
[24.932s][info][gc,reloc    ] GC(142) Medium Pages: 0 / 0M, Empty: 0M, Relocated: 0M, In-Place: 0
[24.932s][info][gc,reloc    ] GC(142) Large Pages: 0 / 0M, Empty: 0M, Relocated: 0M, In-Place: 0
[24.932s][info][gc,reloc    ] GC(142) Forwarding Usage: 2M
[24.932s][info][gc,heap     ] GC(142) Min Capacity: 8M(1%)
[24.932s][info][gc,heap     ] GC(142) Max Capacity: 1024M(100%)
[24.932s][info][gc,heap     ] GC(142) Soft Max Capacity: 1024M(100%)
[24.932s][info][gc,heap     ] GC(142)                Mark Start          Mark End        Relocate Start      Relocate End           High               Low         
[24.932s][info][gc,heap     ] GC(142)  Capacity:     1024M (100%)       1024M (100%)       1024M (100%)       1024M (100%)       1024M (100%)       1024M (100%)   
[24.932s][info][gc,heap     ] GC(142)      Free:      472M (46%)         376M (37%)         632M (62%)         798M (78%)         804M (79%)         356M (35%)    
[24.932s][info][gc,heap     ] GC(142)      Used:      552M (54%)         648M (63%)         392M (38%)         226M (22%)         668M (65%)         220M (21%)    
[24.932s][info][gc,heap     ] GC(142)      Live:         -                49M (5%)           49M (5%)           49M (5%)             -                  -          
[24.932s][info][gc,heap     ] GC(142) Allocated:         -                96M (9%)          136M (13%)         149M (15%)            -                  -          
[24.932s][info][gc,heap     ] GC(142)   Garbage:         -               502M (49%)         206M (20%)          27M (3%)             -                  -          
[24.932s][info][gc,heap     ] GC(142) Reclaimed:         -                  -               296M (29%)         475M (46%)            -                  -          
[24.932s][info][gc          ] GC(142) Garbage Collection (Allocation Rate) 552M(54%)->226M(22%)
[24.996s][info][gc,start    ] GC(143) Garbage Collection (Allocation Rate)
[24.996s][info][gc,task     ] GC(143) Using 10 workers
[24.996s][info][gc,phases   ] GC(143) Pause Mark Start 0.012ms
[25.020s][info][gc,phases   ] GC(143) Concurrent Mark 23.922ms
[25.020s][info][gc,phases   ] GC(143) Pause Mark End 0.024ms
[25.020s][info][gc,phases   ] GC(143) Concurrent Mark Free 0.002ms
[25.024s][info][gc,phases   ] GC(143) Concurrent Process Non-Strong References 3.580ms
[25.024s][info][gc,phases   ] GC(143) Concurrent Reset Relocation Set 0.029ms
[25.029s][info][gc,phases   ] GC(143) Concurrent Select Relocation Set 4.949ms
[25.029s][info][gc,phases   ] GC(143) Pause Relocate Start 0.008ms
[25.034s][info][gc,phases   ] GC(143) Concurrent Relocate 4.629ms
[25.034s][info][gc,load     ] GC(143) Load: 0.00/0.00/0.00
[25.034s][info][gc,mmu      ] GC(143) MMU: 2ms/95.9%, 5ms/98.4%, 10ms/99.2%, 20ms/99.6%, 50ms/99.8%, 100ms/99.9%
[25.034s][info][gc,marking  ] GC(143) Mark: 8 stripe(s), 2 proactive flush(es), 1 terminate flush(es), 0 completion(s), 0 continuation(s) 
[25.034s][info][gc,marking  ] GC(143) Mark Stack Usage: 32M
[25.034s][info][gc,nmethod  ] GC(143) NMethods: 8525 registered, 12 unregistered
[25.034s][info][gc,metaspace] GC(143) Metaspace: 71M used, 72M committed, 1088M reserved
[25.034s][info][gc,ref      ] GC(143) Soft: 2427 encountered, 0 discovered, 0 enqueued
[25.034s][info][gc,ref      ] GC(143) Weak: 10447 encountered, 1476 discovered, 13 enqueued
[25.034s][info][gc,ref      ] GC(143) Final: 289 encountered, 6 discovered, 0 enqueued
[25.034s][info][gc,ref      ] GC(143) Phantom: 424 encountered, 341 discovered, 0 enqueued
[25.034s][info][gc,reloc    ] GC(143) Small Pages: 270 / 540M, Empty: 288M, Relocated: 6M, In-Place: 0
[25.034s][info][gc,reloc    ] GC(143) Medium Pages: 0 / 0M, Empty: 0M, Relocated: 0M, In-Place: 0
[25.034s][info][gc,reloc    ] GC(143) Large Pages: 0 / 0M, Empty: 0M, Relocated: 0M, In-Place: 0
[25.034s][info][gc,reloc    ] GC(143) Forwarding Usage: 2M
[25.034s][info][gc,heap     ] GC(143) Min Capacity: 8M(1%)
[25.034s][info][gc,heap     ] GC(143) Max Capacity: 1024M(100%)
[25.034s][info][gc,heap     ] GC(143) Soft Max Capacity: 1024M(100%)
[25.034s][info][gc,heap     ] GC(143)                Mark Start          Mark End        Relocate Start      Relocate End           High               Low         
[25.034s][info][gc,heap     ] GC(143)  Capacity:     1024M (100%)       1024M (100%)       1024M (100%)       1024M (100%)       1024M (100%)       1024M (100%)   
[25.034s][info][gc,heap     ] GC(143)      Free:      484M (47%)         376M (37%)         624M (61%)         792M (77%)         794M (78%)         364M (36%)    
[25.035s][info][gc,heap     ] GC(143)      Used:      540M (53%)         648M (63%)         400M (39%)         232M (23%)         660M (64%)         230M (22%)    
[25.035s][info][gc,heap     ] GC(143)      Live:         -                49M (5%)           49M (5%)           49M (5%)             -                  -          
[25.035s][info][gc,heap     ] GC(143) Allocated:         -               108M (11%)         148M (14%)         155M (15%)            -                  -          
[25.035s][info][gc,heap     ] GC(143)   Garbage:         -               490M (48%)         202M (20%)          27M (3%)             -                  -          
[25.035s][info][gc,heap     ] GC(143) Reclaimed:         -                  -               288M (28%)         463M (45%)            -                  -          
[25.035s][info][gc          ] GC(143) Garbage Collection (Allocation Rate) 540M(53%)->232M(23%)
[25.096s][info][gc,start    ] GC(144) Garbage Collection (Allocation Rate)
[25.096s][info][gc,task     ] GC(144) Using 10 workers
[25.096s][info][gc,phases   ] GC(144) Pause Mark Start 0.010ms
[25.121s][info][gc,phases   ] GC(144) Concurrent Mark 24.581ms
[25.121s][info][gc,phases   ] GC(144) Pause Mark End 0.022ms
[25.121s][info][gc,phases   ] GC(144) Concurrent Mark Free 0.002ms
[25.125s][info][gc,phases   ] GC(144) Concurrent Process Non-Strong References 3.821ms
[25.125s][info][gc,phases   ] GC(144) Concurrent Reset Relocation Set 0.027ms
[25.136s][info][gc,phases   ] GC(144) Concurrent Select Relocation Set 10.433ms
[25.136s][info][gc,phases   ] GC(144) Pause Relocate Start 0.008ms
[25.142s][info][gc,phases   ] GC(144) Concurrent Relocate 5.671ms
[25.142s][info][gc,load     ] GC(144) Load: 0.00/0.00/0.00
[25.142s][info][gc,mmu      ] GC(144) MMU: 2ms/95.9%, 5ms/98.4%, 10ms/99.2%, 20ms/99.6%, 50ms/99.8%, 100ms/99.9%
[25.142s][info][gc,marking  ] GC(144) Mark: 8 stripe(s), 3 proactive flush(es), 1 terminate flush(es), 0 completion(s), 0 continuation(s) 
[25.142s][info][gc,marking  ] GC(144) Mark Stack Usage: 32M
[25.142s][info][gc,nmethod  ] GC(144) NMethods: 8541 registered, 15 unregistered
[25.142s][info][gc,metaspace] GC(144) Metaspace: 71M used, 72M committed, 1088M reserved
[25.142s][info][gc,ref      ] GC(144) Soft: 2427 encountered, 0 discovered, 0 enqueued
[25.142s][info][gc,ref      ] GC(144) Weak: 10310 encountered, 1476 discovered, 31 enqueued
[25.142s][info][gc,ref      ] GC(144) Final: 289 encountered, 28 discovered, 0 enqueued
[25.142s][info][gc,ref      ] GC(144) Phantom: 424 encountered, 346 discovered, 0 enqueued
[25.142s][info][gc,reloc    ] GC(144) Small Pages: 260 / 520M, Empty: 238M, Relocated: 10M, In-Place: 0
[25.142s][info][gc,reloc    ] GC(144) Medium Pages: 0 / 0M, Empty: 0M, Relocated: 0M, In-Place: 0
[25.142s][info][gc,reloc    ] GC(144) Large Pages: 0 / 0M, Empty: 0M, Relocated: 0M, In-Place: 0
[25.142s][info][gc,reloc    ] GC(144) Forwarding Usage: 3M
[25.142s][info][gc,heap     ] GC(144) Min Capacity: 8M(1%)
[25.142s][info][gc,heap     ] GC(144) Max Capacity: 1024M(100%)
[25.142s][info][gc,heap     ] GC(144) Soft Max Capacity: 1024M(100%)
[25.142s][info][gc,heap     ] GC(144)                Mark Start          Mark End        Relocate Start      Relocate End           High               Low         
[25.142s][info][gc,heap     ] GC(144)  Capacity:     1024M (100%)       1024M (100%)       1024M (100%)       1024M (100%)       1024M (100%)       1024M (100%)   
[25.142s][info][gc,heap     ] GC(144)      Free:      504M (49%)         398M (39%)         574M (56%)         770M (75%)         772M (75%)         386M (38%)    
[25.142s][info][gc,heap     ] GC(144)      Used:      520M (51%)         626M (61%)         450M (44%)         254M (25%)         638M (62%)         252M (25%)    
[25.142s][info][gc,heap     ] GC(144)      Live:         -                49M (5%)           49M (5%)           49M (5%)             -                  -          
[25.142s][info][gc,heap     ] GC(144) Allocated:         -               106M (10%)         168M (16%)         183M (18%)            -                  -          
[25.142s][info][gc,heap     ] GC(144)   Garbage:         -               470M (46%)         232M (23%)          21M (2%)             -                  -          
[25.142s][info][gc,heap     ] GC(144) Reclaimed:         -                  -               238M (23%)         449M (44%)            -                  -          
[25.142s][info][gc          ] GC(144) Garbage Collection (Allocation Rate) 520M(51%)->254M(25%)
[25.198s][info][gc,start    ] GC(145) Garbage Collection (Allocation Rate)
[25.198s][info][gc,task     ] GC(145) Using 10 workers
[25.198s][info][gc,phases   ] GC(145) Pause Mark Start 0.013ms
[25.225s][info][gc,phases   ] GC(145) Concurrent Mark 27.070ms
[25.226s][info][gc,phases   ] GC(145) Pause Mark End 0.020ms
[25.226s][info][gc,phases   ] GC(145) Concurrent Mark Free 0.001ms
[25.230s][info][gc,phases   ] GC(145) Concurrent Process Non-Strong References 3.812ms
[25.230s][info][gc,phases   ] GC(145) Concurrent Reset Relocation Set 0.028ms
[25.236s][info][gc,phases   ] GC(145) Concurrent Select Relocation Set 6.057ms
[25.236s][info][gc,phases   ] GC(145) Pause Relocate Start 0.008ms
[25.243s][info][gc,phases   ] GC(145) Concurrent Relocate 6.804ms
[25.243s][info][gc,load     ] GC(145) Load: 0.00/0.00/0.00
[25.243s][info][gc,mmu      ] GC(145) MMU: 2ms/95.9%, 5ms/98.4%, 10ms/99.2%, 20ms/99.6%, 50ms/99.8%, 100ms/99.9%
[25.243s][info][gc,marking  ] GC(145) Mark: 8 stripe(s), 5 proactive flush(es), 1 terminate flush(es), 0 completion(s), 0 continuation(s) 
[25.243s][info][gc,marking  ] GC(145) Mark Stack Usage: 32M
[25.243s][info][gc,nmethod  ] GC(145) NMethods: 8549 registered, 17 unregistered
[25.243s][info][gc,metaspace] GC(145) Metaspace: 71M used, 72M committed, 1088M reserved
[25.243s][info][gc,ref      ] GC(145) Soft: 2427 encountered, 0 discovered, 0 enqueued
[25.243s][info][gc,ref      ] GC(145) Weak: 10205 encountered, 1862 discovered, 19 enqueued
[25.243s][info][gc,ref      ] GC(145) Final: 289 encountered, 3 discovered, 0 enqueued
[25.243s][info][gc,ref      ] GC(145) Phantom: 424 encountered, 338 discovered, 0 enqueued
[25.243s][info][gc,reloc    ] GC(145) Small Pages: 253 / 506M, Empty: 278M, Relocated: 10M, In-Place: 0
[25.243s][info][gc,reloc    ] GC(145) Medium Pages: 0 / 0M, Empty: 0M, Relocated: 0M, In-Place: 0
[25.243s][info][gc,reloc    ] GC(145) Large Pages: 0 / 0M, Empty: 0M, Relocated: 0M, In-Place: 0
[25.243s][info][gc,reloc    ] GC(145) Forwarding Usage: 3M
[25.243s][info][gc,heap     ] GC(145) Min Capacity: 8M(1%)
[25.243s][info][gc,heap     ] GC(145) Max Capacity: 1024M(100%)
[25.243s][info][gc,heap     ] GC(145) Soft Max Capacity: 1024M(100%)
[25.243s][info][gc,heap     ] GC(145)                Mark Start          Mark End        Relocate Start      Relocate End           High               Low         
[25.243s][info][gc,heap     ] GC(145)  Capacity:     1024M (100%)       1024M (100%)       1024M (100%)       1024M (100%)       1024M (100%)       1024M (100%)   
[25.243s][info][gc,heap     ] GC(145)      Free:      518M (51%)         404M (39%)         636M (62%)         776M (76%)         780M (76%)         388M (38%)    
[25.243s][info][gc,heap     ] GC(145)      Used:      506M (49%)         620M (61%)         388M (38%)         248M (24%)         636M (62%)         244M (24%)    
[25.243s][info][gc,heap     ] GC(145)      Live:         -                49M (5%)           49M (5%)           49M (5%)             -                  -          
[25.243s][info][gc,heap     ] GC(145) Allocated:         -               114M (11%)         160M (16%)         177M (17%)            -                  -          
[25.243s][info][gc,heap     ] GC(145)   Garbage:         -               456M (45%)         178M (17%)          21M (2%)             -                  -          
[25.243s][info][gc,heap     ] GC(145) Reclaimed:         -                  -               278M (27%)         435M (43%)            -                  -          
[25.243s][info][gc          ] GC(145) Garbage Collection (Allocation Rate) 506M(49%)->248M(24%)
[25.296s][info][gc,start    ] GC(146) Garbage Collection (Allocation Rate)
[25.296s][info][gc,task     ] GC(146) Using 10 workers
[25.297s][info][gc,phases   ] GC(146) Pause Mark Start 0.008ms
[25.331s][info][gc,phases   ] GC(146) Concurrent Mark 34.737ms
[25.332s][info][gc,phases   ] GC(146) Pause Mark End 0.029ms
[25.332s][info][gc,phases   ] GC(146) Concurrent Mark Free 0.001ms
[25.335s][info][gc,phases   ] GC(146) Concurrent Process Non-Strong References 3.681ms
[25.336s][info][gc,phases   ] GC(146) Concurrent Reset Relocation Set 0.017ms
[25.340s][info][gc,phases   ] GC(146) Concurrent Select Relocation Set 3.966ms
[25.340s][info][gc,phases   ] GC(146) Pause Relocate Start 0.008ms
[25.345s][info][gc,phases   ] GC(146) Concurrent Relocate 5.295ms
[25.345s][info][gc,load     ] GC(146) Load: 0.00/0.00/0.00
[25.345s][info][gc,mmu      ] GC(146) MMU: 2ms/95.9%, 5ms/98.4%, 10ms/99.2%, 20ms/99.6%, 50ms/99.8%, 100ms/99.9%
[25.345s][info][gc,marking  ] GC(146) Mark: 8 stripe(s), 2 proactive flush(es), 1 terminate flush(es), 0 completion(s), 0 continuation(s) 
[25.345s][info][gc,marking  ] GC(146) Mark Stack Usage: 32M
[25.345s][info][gc,nmethod  ] GC(146) NMethods: 8552 registered, 18 unregistered
[25.345s][info][gc,metaspace] GC(146) Metaspace: 71M used, 72M committed, 1088M reserved
[25.345s][info][gc,ref      ] GC(146) Soft: 2427 encountered, 0 discovered, 0 enqueued
[25.345s][info][gc,ref      ] GC(146) Weak: 10112 encountered, 1029 discovered, 18 enqueued
[25.345s][info][gc,ref      ] GC(146) Final: 289 encountered, 13 discovered, 0 enqueued
[25.345s][info][gc,ref      ] GC(146) Phantom: 424 encountered, 388 discovered, 0 enqueued
[25.345s][info][gc,reloc    ] GC(146) Small Pages: 240 / 480M, Empty: 254M, Relocated: 8M, In-Place: 0
[25.345s][info][gc,reloc    ] GC(146) Medium Pages: 0 / 0M, Empty: 0M, Relocated: 0M, In-Place: 0
[25.345s][info][gc,reloc    ] GC(146) Large Pages: 0 / 0M, Empty: 0M, Relocated: 0M, In-Place: 0
[25.345s][info][gc,reloc    ] GC(146) Forwarding Usage: 2M
[25.345s][info][gc,heap     ] GC(146) Min Capacity: 8M(1%)
[25.345s][info][gc,heap     ] GC(146) Max Capacity: 1024M(100%)
[25.345s][info][gc,heap     ] GC(146) Soft Max Capacity: 1024M(100%)
[25.345s][info][gc,heap     ] GC(146)                Mark Start          Mark End        Relocate Start      Relocate End           High               Low         
[25.346s][info][gc,heap     ] GC(146)  Capacity:     1024M (100%)       1024M (100%)       1024M (100%)       1024M (100%)       1024M (100%)       1024M (100%)   
[25.346s][info][gc,heap     ] GC(146)      Free:      544M (53%)         404M (39%)         626M (61%)         764M (75%)         770M (75%)         390M (38%)    
[25.346s][info][gc,heap     ] GC(146)      Used:      480M (47%)         620M (61%)         398M (39%)         260M (25%)         634M (62%)         254M (25%)    
[25.346s][info][gc,heap     ] GC(146)      Live:         -                48M (5%)           48M (5%)           48M (5%)             -                  -          
[25.346s][info][gc,heap     ] GC(146) Allocated:         -               140M (14%)         172M (17%)         187M (18%)            -                  -          
[25.346s][info][gc,heap     ] GC(146)   Garbage:         -               431M (42%)         177M (17%)          23M (2%)             -                  -          
[25.346s][info][gc,heap     ] GC(146) Reclaimed:         -                  -               254M (25%)         407M (40%)            -                  -          
[25.346s][info][gc          ] GC(146) Garbage Collection (Allocation Rate) 480M(47%)->260M(25%)
[25.396s][info][gc,start    ] GC(147) Garbage Collection (Allocation Rate)
[25.396s][info][gc,task     ] GC(147) Using 10 workers
[25.396s][info][gc,phases   ] GC(147) Pause Mark Start 0.012ms
[25.425s][info][gc,phases   ] GC(147) Concurrent Mark 28.555ms
[25.425s][info][gc,phases   ] GC(147) Pause Mark End 0.026ms
[25.425s][info][gc,phases   ] GC(147) Concurrent Mark Free 0.002ms
[25.428s][info][gc,phases   ] GC(147) Concurrent Process Non-Strong References 3.476ms
[25.428s][info][gc,phases   ] GC(147) Concurrent Reset Relocation Set 0.018ms
[25.437s][info][gc,phases   ] GC(147) Concurrent Select Relocation Set 8.148ms
[25.437s][info][gc,phases   ] GC(147) Pause Relocate Start 0.009ms
[25.442s][info][gc,phases   ] GC(147) Concurrent Relocate 5.341ms
[25.442s][info][gc,load     ] GC(147) Load: 0.00/0.00/0.00
[25.442s][info][gc,mmu      ] GC(147) MMU: 2ms/95.9%, 5ms/98.4%, 10ms/99.2%, 20ms/99.6%, 50ms/99.8%, 100ms/99.9%
[25.442s][info][gc,marking  ] GC(147) Mark: 8 stripe(s), 4 proactive flush(es), 1 terminate flush(es), 0 completion(s), 0 continuation(s) 
[25.442s][info][gc,marking  ] GC(147) Mark Stack Usage: 32M
[25.442s][info][gc,nmethod  ] GC(147) NMethods: 8555 registered, 19 unregistered
[25.442s][info][gc,metaspace] GC(147) Metaspace: 71M used, 72M committed, 1088M reserved
[25.442s][info][gc,ref      ] GC(147) Soft: 2427 encountered, 0 discovered, 0 enqueued
[25.443s][info][gc,ref      ] GC(147) Weak: 10044 encountered, 1785 discovered, 12 enqueued
[25.443s][info][gc,ref      ] GC(147) Final: 289 encountered, 4 discovered, 0 enqueued
[25.443s][info][gc,ref      ] GC(147) Phantom: 424 encountered, 315 discovered, 0 enqueued
[25.443s][info][gc,reloc    ] GC(147) Small Pages: 231 / 462M, Empty: 262M, Relocated: 8M, In-Place: 0
[25.443s][info][gc,reloc    ] GC(147) Medium Pages: 0 / 0M, Empty: 0M, Relocated: 0M, In-Place: 0
[25.443s][info][gc,reloc    ] GC(147) Large Pages: 0 / 0M, Empty: 0M, Relocated: 0M, In-Place: 0
[25.443s][info][gc,reloc    ] GC(147) Forwarding Usage: 2M
[25.443s][info][gc,heap     ] GC(147) Min Capacity: 8M(1%)
[25.443s][info][gc,heap     ] GC(147) Max Capacity: 1024M(100%)
[25.443s][info][gc,heap     ] GC(147) Soft Max Capacity: 1024M(100%)
[25.443s][info][gc,heap     ] GC(147)                Mark Start          Mark End        Relocate Start      Relocate End           High               Low         
[25.443s][info][gc,heap     ] GC(147)  Capacity:     1024M (100%)       1024M (100%)       1024M (100%)       1024M (100%)       1024M (100%)       1024M (100%)   
[25.443s][info][gc,heap     ] GC(147)      Free:      562M (55%)         452M (44%)         670M (65%)         786M (77%)         786M (77%)         430M (42%)    
[25.443s][info][gc,heap     ] GC(147)      Used:      462M (45%)         572M (56%)         354M (35%)         238M (23%)         594M (58%)         238M (23%)    
[25.443s][info][gc,heap     ] GC(147)      Live:         -                48M (5%)           48M (5%)           48M (5%)             -                  -          
[25.443s][info][gc,heap     ] GC(147) Allocated:         -               110M (11%)         154M (15%)         165M (16%)            -                  -          
[25.443s][info][gc,heap     ] GC(147)   Garbage:         -               413M (40%)         151M (15%)          23M (2%)             -                  -          
[25.443s][info][gc,heap     ] GC(147) Reclaimed:         -                  -               262M (26%)         389M (38%)            -                  -          
[25.443s][info][gc          ] GC(147) Garbage Collection (Allocation Rate) 462M(45%)->238M(23%)
[25.503s][info][gc,start    ] GC(148) Garbage Collection (Allocation Rate)
[25.503s][info][gc,task     ] GC(148) Using 10 workers
[25.503s][info][gc,phases   ] GC(148) Pause Mark Start 0.010ms
[25.530s][info][gc,phases   ] GC(148) Concurrent Mark 26.245ms
[25.530s][info][gc,phases   ] GC(148) Pause Mark End 0.030ms
[25.530s][info][gc,phases   ] GC(148) Concurrent Mark Free 0.001ms
[25.534s][info][gc,phases   ] GC(148) Concurrent Process Non-Strong References 3.615ms
[25.534s][info][gc,phases   ] GC(148) Concurrent Reset Relocation Set 0.014ms
[25.543s][info][gc,phases   ] GC(148) Concurrent Select Relocation Set 8.854ms
[25.543s][info][gc,phases   ] GC(148) Pause Relocate Start 0.008ms
[25.549s][info][gc,phases   ] GC(148) Concurrent Relocate 5.679ms
[25.549s][info][gc,load     ] GC(148) Load: 0.00/0.00/0.00
[25.549s][info][gc,mmu      ] GC(148) MMU: 2ms/95.9%, 5ms/98.4%, 10ms/99.2%, 20ms/99.6%, 50ms/99.8%, 100ms/99.9%
[25.549s][info][gc,marking  ] GC(148) Mark: 8 stripe(s), 2 proactive flush(es), 1 terminate flush(es), 0 completion(s), 0 continuation(s) 
[25.549s][info][gc,marking  ] GC(148) Mark Stack Usage: 32M
[25.549s][info][gc,nmethod  ] GC(148) NMethods: 8554 registered, 20 unregistered
[25.549s][info][gc,metaspace] GC(148) Metaspace: 71M used, 72M committed, 1088M reserved
[25.549s][info][gc,ref      ] GC(148) Soft: 2427 encountered, 0 discovered, 0 enqueued
[25.549s][info][gc,ref      ] GC(148) Weak: 10007 encountered, 1087 discovered, 7 enqueued
[25.549s][info][gc,ref      ] GC(148) Final: 289 encountered, 19 discovered, 0 enqueued
[25.549s][info][gc,ref      ] GC(148) Phantom: 424 encountered, 355 discovered, 0 enqueued
[25.549s][info][gc,reloc    ] GC(148) Small Pages: 238 / 476M, Empty: 304M, Relocated: 8M, In-Place: 0
[25.549s][info][gc,reloc    ] GC(148) Medium Pages: 0 / 0M, Empty: 0M, Relocated: 0M, In-Place: 0
[25.549s][info][gc,reloc    ] GC(148) Large Pages: 0 / 0M, Empty: 0M, Relocated: 0M, In-Place: 0
[25.549s][info][gc,reloc    ] GC(148) Forwarding Usage: 2M
[25.549s][info][gc,heap     ] GC(148) Min Capacity: 8M(1%)
[25.549s][info][gc,heap     ] GC(148) Max Capacity: 1024M(100%)
[25.549s][info][gc,heap     ] GC(148) Soft Max Capacity: 1024M(100%)
[25.549s][info][gc,heap     ] GC(148)                Mark Start          Mark End        Relocate Start      Relocate End           High               Low         
[25.549s][info][gc,heap     ] GC(148)  Capacity:     1024M (100%)       1024M (100%)       1024M (100%)       1024M (100%)       1024M (100%)       1024M (100%)   
[25.549s][info][gc,heap     ] GC(148)      Free:      548M (54%)         444M (43%)         704M (69%)         788M (77%)         794M (78%)         438M (43%)    
[25.549s][info][gc,heap     ] GC(148)      Used:      476M (46%)         580M (57%)         320M (31%)         236M (23%)         586M (57%)         230M (22%)    
[25.549s][info][gc,heap     ] GC(148)      Live:         -                48M (5%)           48M (5%)           48M (5%)             -                  -          
[25.549s][info][gc,heap     ] GC(148) Allocated:         -               104M (10%)         148M (14%)         163M (16%)            -                  -          
[25.549s][info][gc,heap     ] GC(148)   Garbage:         -               427M (42%)         123M (12%)          23M (2%)             -                  -          
[25.549s][info][gc,heap     ] GC(148) Reclaimed:         -                  -               304M (30%)         403M (39%)            -                  -          
[25.549s][info][gc          ] GC(148) Garbage Collection (Allocation Rate) 476M(46%)->236M(23%)
[25.595s][info][gc,start    ] GC(149) Garbage Collection (Allocation Rate)
[25.595s][info][gc,task     ] GC(149) Using 10 workers
[25.595s][info][gc,phases   ] GC(149) Pause Mark Start 0.010ms
[25.622s][info][gc,phases   ] GC(149) Concurrent Mark 26.637ms
[25.622s][info][gc,phases   ] GC(149) Pause Mark End 0.029ms
[25.623s][info][gc,phases   ] GC(149) Concurrent Mark Free 0.001ms
[25.626s][info][gc,phases   ] GC(149) Concurrent Process Non-Strong References 3.451ms
[25.626s][info][gc,phases   ] GC(149) Concurrent Reset Relocation Set 0.015ms
[25.630s][info][gc,phases   ] GC(149) Concurrent Select Relocation Set 3.715ms
[25.630s][info][gc,phases   ] GC(149) Pause Relocate Start 0.008ms
[25.634s][info][gc,phases   ] GC(149) Concurrent Relocate 3.707ms
[25.634s][info][gc,load     ] GC(149) Load: 0.00/0.00/0.00
[25.634s][info][gc,mmu      ] GC(149) MMU: 2ms/95.9%, 5ms/98.4%, 10ms/99.2%, 20ms/99.6%, 50ms/99.8%, 100ms/99.9%
[25.634s][info][gc,marking  ] GC(149) Mark: 8 stripe(s), 2 proactive flush(es), 1 terminate flush(es), 0 completion(s), 0 continuation(s) 
[25.634s][info][gc,marking  ] GC(149) Mark Stack Usage: 32M
[25.634s][info][gc,nmethod  ] GC(149) NMethods: 8556 registered, 20 unregistered
[25.634s][info][gc,metaspace] GC(149) Metaspace: 71M used, 72M committed, 1088M reserved
[25.634s][info][gc,ref      ] GC(149) Soft: 2427 encountered, 0 discovered, 0 enqueued
[25.634s][info][gc,ref      ] GC(149) Weak: 9976 encountered, 1754 discovered, 7 enqueued
[25.634s][info][gc,ref      ] GC(149) Final: 289 encountered, 25 discovered, 0 enqueued
[25.634s][info][gc,ref      ] GC(149) Phantom: 424 encountered, 291 discovered, 0 enqueued
[25.634s][info][gc,reloc    ] GC(149) Small Pages: 206 / 412M, Empty: 230M, Relocated: 8M, In-Place: 0
[25.634s][info][gc,reloc    ] GC(149) Medium Pages: 0 / 0M, Empty: 0M, Relocated: 0M, In-Place: 0
[25.634s][info][gc,reloc    ] GC(149) Large Pages: 0 / 0M, Empty: 0M, Relocated: 0M, In-Place: 0
[25.634s][info][gc,reloc    ] GC(149) Forwarding Usage: 2M
[25.634s][info][gc,heap     ] GC(149) Min Capacity: 8M(1%)
[25.634s][info][gc,heap     ] GC(149) Max Capacity: 1024M(100%)
[25.634s][info][gc,heap     ] GC(149) Soft Max Capacity: 1024M(100%)
[25.634s][info][gc,heap     ] GC(149)                Mark Start          Mark End        Relocate Start      Relocate End           High               Low         
[25.634s][info][gc,heap     ] GC(149)  Capacity:     1024M (100%)       1024M (100%)       1024M (100%)       1024M (100%)       1024M (100%)       1024M (100%)   
[25.634s][info][gc,heap     ] GC(149)      Free:      612M (60%)         514M (50%)         720M (70%)         818M (80%)         820M (80%)         500M (49%)    
[25.634s][info][gc,heap     ] GC(149)      Used:      412M (40%)         510M (50%)         304M (30%)         206M (20%)         524M (51%)         204M (20%)    
[25.634s][info][gc,heap     ] GC(149)      Live:         -                48M (5%)           48M (5%)           48M (5%)             -                  -          
[25.634s][info][gc,heap     ] GC(149) Allocated:         -                98M (10%)         122M (12%)         133M (13%)            -                  -          
[25.634s][info][gc,heap     ] GC(149)   Garbage:         -               363M (35%)         133M (13%)          23M (2%)             -                  -          
[25.634s][info][gc,heap     ] GC(149) Reclaimed:         -                  -               230M (22%)         339M (33%)            -                  -          
[25.634s][info][gc          ] GC(149) Garbage Collection (Allocation Rate) 412M(40%)->206M(20%)
[25.696s][info][gc,start    ] GC(150) Garbage Collection (Allocation Rate)
[25.696s][info][gc,task     ] GC(150) Using 10 workers
[25.696s][info][gc,phases   ] GC(150) Pause Mark Start 0.013ms
[25.724s][info][gc,phases   ] GC(150) Concurrent Mark 27.822ms
[25.724s][info][gc,phases   ] GC(150) Pause Mark End 0.029ms
[25.724s][info][gc,phases   ] GC(150) Concurrent Mark Free 0.001ms
[25.727s][info][gc,phases   ] GC(150) Concurrent Process Non-Strong References 3.432ms
[25.727s][info][gc,phases   ] GC(150) Concurrent Reset Relocation Set 0.014ms
[25.731s][info][gc,phases   ] GC(150) Concurrent Select Relocation Set 3.675ms
[25.731s][info][gc,phases   ] GC(150) Pause Relocate Start 0.009ms
[25.735s][info][gc,phases   ] GC(150) Concurrent Relocate 3.377ms
[25.735s][info][gc,load     ] GC(150) Load: 0.00/0.00/0.00
[25.735s][info][gc,mmu      ] GC(150) MMU: 2ms/95.9%, 5ms/98.4%, 10ms/99.2%, 20ms/99.6%, 50ms/99.8%, 100ms/99.9%
[25.735s][info][gc,marking  ] GC(150) Mark: 8 stripe(s), 2 proactive flush(es), 1 terminate flush(es), 0 completion(s), 0 continuation(s) 
[25.735s][info][gc,marking  ] GC(150) Mark Stack Usage: 32M
[25.735s][info][gc,nmethod  ] GC(150) NMethods: 8559 registered, 20 unregistered
[25.735s][info][gc,metaspace] GC(150) Metaspace: 71M used, 72M committed, 1088M reserved
[25.735s][info][gc,ref      ] GC(150) Soft: 2427 encountered, 0 discovered, 0 enqueued
[25.735s][info][gc,ref      ] GC(150) Weak: 9945 encountered, 1090 discovered, 7 enqueued
[25.735s][info][gc,ref      ] GC(150) Final: 289 encountered, 28 discovered, 0 enqueued
[25.735s][info][gc,ref      ] GC(150) Phantom: 424 encountered, 340 discovered, 0 enqueued
[25.735s][info][gc,reloc    ] GC(150) Small Pages: 214 / 428M, Empty: 240M, Relocated: 6M, In-Place: 0
[25.735s][info][gc,reloc    ] GC(150) Medium Pages: 0 / 0M, Empty: 0M, Relocated: 0M, In-Place: 0
[25.735s][info][gc,reloc    ] GC(150) Large Pages: 0 / 0M, Empty: 0M, Relocated: 0M, In-Place: 0
[25.735s][info][gc,reloc    ] GC(150) Forwarding Usage: 2M
[25.735s][info][gc,heap     ] GC(150) Min Capacity: 8M(1%)
[25.735s][info][gc,heap     ] GC(150) Max Capacity: 1024M(100%)
[25.735s][info][gc,heap     ] GC(150) Soft Max Capacity: 1024M(100%)
[25.735s][info][gc,heap     ] GC(150)                Mark Start          Mark End        Relocate Start      Relocate End           High               Low         
[25.735s][info][gc,heap     ] GC(150)  Capacity:     1024M (100%)       1024M (100%)       1024M (100%)       1024M (100%)       1024M (100%)       1024M (100%)   
[25.735s][info][gc,heap     ] GC(150)      Free:      596M (58%)         500M (49%)         714M (70%)         820M (80%)         820M (80%)         486M (47%)    
[25.735s][info][gc,heap     ] GC(150)      Used:      428M (42%)         524M (51%)         310M (30%)         204M (20%)         538M (53%)         204M (20%)    
[25.735s][info][gc,heap     ] GC(150)      Live:         -                48M (5%)           48M (5%)           48M (5%)             -                  -          
[25.735s][info][gc,heap     ] GC(150) Allocated:         -                96M (9%)          122M (12%)         129M (13%)            -                  -          
[25.735s][info][gc,heap     ] GC(150)   Garbage:         -               379M (37%)         139M (14%)          25M (3%)             -                  -          
[25.735s][info][gc,heap     ] GC(150) Reclaimed:         -                  -               240M (23%)         353M (35%)            -                  -          
[25.735s][info][gc          ] GC(150) Garbage Collection (Allocation Rate) 428M(42%)->204M(20%)
[25.803s][info][gc,start    ] GC(151) Garbage Collection (Allocation Rate)
[25.803s][info][gc,task     ] GC(151) Using 10 workers
[25.803s][info][gc,phases   ] GC(151) Pause Mark Start 0.010ms
[25.833s][info][gc,phases   ] GC(151) Concurrent Mark 29.823ms
[25.833s][info][gc,phases   ] GC(151) Pause Mark End 0.028ms
[25.833s][info][gc,phases   ] GC(151) Concurrent Mark Free 0.001ms
[25.837s][info][gc,phases   ] GC(151) Concurrent Process Non-Strong References 3.199ms
[25.837s][info][gc,phases   ] GC(151) Concurrent Reset Relocation Set 0.013ms
[25.841s][info][gc,phases   ] GC(151) Concurrent Select Relocation Set 3.851ms
[25.841s][info][gc,phases   ] GC(151) Pause Relocate Start 0.008ms
[25.843s][info][gc,phases   ] GC(151) Concurrent Relocate 2.743ms
[25.844s][info][gc,load     ] GC(151) Load: 0.00/0.00/0.00
[25.844s][info][gc,mmu      ] GC(151) MMU: 2ms/95.9%, 5ms/98.4%, 10ms/99.2%, 20ms/99.6%, 50ms/99.8%, 100ms/99.9%
[25.844s][info][gc,marking  ] GC(151) Mark: 8 stripe(s), 2 proactive flush(es), 1 terminate flush(es), 0 completion(s), 0 continuation(s) 
[25.844s][info][gc,marking  ] GC(151) Mark Stack Usage: 32M
[25.844s][info][gc,nmethod  ] GC(151) NMethods: 8562 registered, 21 unregistered
[25.844s][info][gc,metaspace] GC(151) Metaspace: 71M used, 72M committed, 1088M reserved
[25.844s][info][gc,ref      ] GC(151) Soft: 2427 encountered, 0 discovered, 0 enqueued
[25.844s][info][gc,ref      ] GC(151) Weak: 9864 encountered, 443 discovered, 19 enqueued
[25.844s][info][gc,ref      ] GC(151) Final: 289 encountered, 6 discovered, 0 enqueued
[25.844s][info][gc,ref      ] GC(151) Phantom: 424 encountered, 334 discovered, 0 enqueued
[25.844s][info][gc,reloc    ] GC(151) Small Pages: 222 / 444M, Empty: 230M, Relocated: 6M, In-Place: 0
[25.844s][info][gc,reloc    ] GC(151) Medium Pages: 0 / 0M, Empty: 0M, Relocated: 0M, In-Place: 0
[25.844s][info][gc,reloc    ] GC(151) Large Pages: 0 / 0M, Empty: 0M, Relocated: 0M, In-Place: 0
[25.844s][info][gc,reloc    ] GC(151) Forwarding Usage: 2M
[25.844s][info][gc,heap     ] GC(151) Min Capacity: 8M(1%)
[25.844s][info][gc,heap     ] GC(151) Max Capacity: 1024M(100%)
[25.844s][info][gc,heap     ] GC(151) Soft Max Capacity: 1024M(100%)
[25.844s][info][gc,heap     ] GC(151)                Mark Start          Mark End        Relocate Start      Relocate End           High               Low         
[25.844s][info][gc,heap     ] GC(151)  Capacity:     1024M (100%)       1024M (100%)       1024M (100%)       1024M (100%)       1024M (100%)       1024M (100%)   
[25.844s][info][gc,heap     ] GC(151)      Free:      580M (57%)         480M (47%)         690M (67%)         826M (81%)         826M (81%)         474M (46%)    
[25.844s][info][gc,heap     ] GC(151)      Used:      444M (43%)         544M (53%)         334M (33%)         198M (19%)         550M (54%)         198M (19%)    
[25.844s][info][gc,heap     ] GC(151)      Live:         -                48M (5%)           48M (5%)           48M (5%)             -                  -          
[25.844s][info][gc,heap     ] GC(151) Allocated:         -               100M (10%)         120M (12%)         123M (12%)            -                  -          
[25.844s][info][gc,heap     ] GC(151)   Garbage:         -               395M (39%)         165M (16%)          26M (3%)             -                  -          
[25.844s][info][gc,heap     ] GC(151) Reclaimed:         -                  -               230M (22%)         369M (36%)            -                  -          
[25.844s][info][gc          ] GC(151) Garbage Collection (Allocation Rate) 444M(43%)->198M(19%)
[25.903s][info][gc,start    ] GC(152) Garbage Collection (Allocation Rate)
[25.903s][info][gc,task     ] GC(152) Using 10 workers
[25.903s][info][gc,phases   ] GC(152) Pause Mark Start 0.009ms
[25.924s][info][gc,phases   ] GC(152) Concurrent Mark 20.584ms
[25.924s][info][gc,phases   ] GC(152) Pause Mark End 0.023ms
[25.924s][info][gc,phases   ] GC(152) Concurrent Mark Free 0.001ms
[25.927s][info][gc,phases   ] GC(152) Concurrent Process Non-Strong References 3.181ms
[25.927s][info][gc,phases   ] GC(152) Concurrent Reset Relocation Set 0.010ms
[25.934s][info][gc,phases   ] GC(152) Concurrent Select Relocation Set 6.656ms
[25.934s][info][gc,phases   ] GC(152) Pause Relocate Start 0.009ms
[25.938s][info][gc,phases   ] GC(152) Concurrent Relocate 4.162ms
[25.939s][info][gc,load     ] GC(152) Load: 0.00/0.00/0.00
[25.939s][info][gc,mmu      ] GC(152) MMU: 2ms/95.9%, 5ms/98.4%, 10ms/99.2%, 20ms/99.6%, 50ms/99.8%, 100ms/99.9%
[25.939s][info][gc,marking  ] GC(152) Mark: 8 stripe(s), 3 proactive flush(es), 1 terminate flush(es), 0 completion(s), 0 continuation(s) 
[25.939s][info][gc,marking  ] GC(152) Mark Stack Usage: 32M
[25.939s][info][gc,nmethod  ] GC(152) NMethods: 8565 registered, 21 unregistered
[25.939s][info][gc,metaspace] GC(152) Metaspace: 71M used, 72M committed, 1088M reserved
[25.939s][info][gc,ref      ] GC(152) Soft: 2427 encountered, 0 discovered, 0 enqueued
[25.939s][info][gc,ref      ] GC(152) Weak: 9771 encountered, 938 discovered, 19 enqueued
[25.939s][info][gc,ref      ] GC(152) Final: 289 encountered, 25 discovered, 0 enqueued
[25.939s][info][gc,ref      ] GC(152) Phantom: 424 encountered, 331 discovered, 0 enqueued
[25.939s][info][gc,reloc    ] GC(152) Small Pages: 192 / 384M, Empty: 204M, Relocated: 6M, In-Place: 0
[25.939s][info][gc,reloc    ] GC(152) Medium Pages: 0 / 0M, Empty: 0M, Relocated: 0M, In-Place: 0
[25.939s][info][gc,reloc    ] GC(152) Large Pages: 0 / 0M, Empty: 0M, Relocated: 0M, In-Place: 0
[25.939s][info][gc,reloc    ] GC(152) Forwarding Usage: 2M
[25.939s][info][gc,heap     ] GC(152) Min Capacity: 8M(1%)
[25.939s][info][gc,heap     ] GC(152) Max Capacity: 1024M(100%)
[25.939s][info][gc,heap     ] GC(152) Soft Max Capacity: 1024M(100%)
[25.939s][info][gc,heap     ] GC(152)                Mark Start          Mark End        Relocate Start      Relocate End           High               Low         
[25.939s][info][gc,heap     ] GC(152)  Capacity:     1024M (100%)       1024M (100%)       1024M (100%)       1024M (100%)       1024M (100%)       1024M (100%)   
[25.939s][info][gc,heap     ] GC(152)      Free:      640M (63%)         586M (57%)         762M (74%)         862M (84%)         862M (84%)         582M (57%)    
[25.939s][info][gc,heap     ] GC(152)      Used:      384M (38%)         438M (43%)         262M (26%)         162M (16%)         442M (43%)         162M (16%)    
[25.939s][info][gc,heap     ] GC(152)      Live:         -                48M (5%)           48M (5%)           48M (5%)             -                  -          
[25.939s][info][gc,heap     ] GC(152) Allocated:         -                54M (5%)           82M (8%)           87M (9%)             -                  -          
[25.939s][info][gc,heap     ] GC(152)   Garbage:         -               335M (33%)         131M (13%)          26M (3%)             -                  -          
[25.939s][info][gc,heap     ] GC(152) Reclaimed:         -                  -               204M (20%)         309M (30%)            -                  -          
[25.939s][info][gc          ] GC(152) Garbage Collection (Allocation Rate) 384M(38%)->162M(16%)
[25.996s][info][gc,start    ] GC(153) Garbage Collection (Allocation Rate)
[25.996s][info][gc,task     ] GC(153) Using 10 workers
[25.996s][info][gc,phases   ] GC(153) Pause Mark Start 0.010ms
[26.023s][info][gc,phases   ] GC(153) Concurrent Mark 26.851ms
[26.024s][info][gc,phases   ] GC(153) Pause Mark End 0.021ms
[26.024s][info][gc,phases   ] GC(153) Concurrent Mark Free 0.001ms
[26.027s][info][gc,phases   ] GC(153) Concurrent Process Non-Strong References 3.010ms
[26.027s][info][gc,phases   ] GC(153) Concurrent Reset Relocation Set 0.012ms
[26.029s][info][gc,phases   ] GC(153) Concurrent Select Relocation Set 2.725ms
[26.030s][info][gc,phases   ] GC(153) Pause Relocate Start 0.007ms
[26.033s][info][gc,phases   ] GC(153) Concurrent Relocate 3.619ms
[26.033s][info][gc,load     ] GC(153) Load: 0.00/0.00/0.00
[26.033s][info][gc,mmu      ] GC(153) MMU: 2ms/95.9%, 5ms/98.4%, 10ms/99.2%, 20ms/99.6%, 50ms/99.8%, 100ms/99.9%
[26.033s][info][gc,marking  ] GC(153) Mark: 8 stripe(s), 3 proactive flush(es), 1 terminate flush(es), 0 completion(s), 0 continuation(s) 
[26.033s][info][gc,marking  ] GC(153) Mark Stack Usage: 32M
[26.033s][info][gc,nmethod  ] GC(153) NMethods: 8572 registered, 23 unregistered
[26.033s][info][gc,metaspace] GC(153) Metaspace: 71M used, 72M committed, 1088M reserved
[26.033s][info][gc,ref      ] GC(153) Soft: 2427 encountered, 0 discovered, 0 enqueued
[26.033s][info][gc,ref      ] GC(153) Weak: 9678 encountered, 665 discovered, 18 enqueued
[26.033s][info][gc,ref      ] GC(153) Final: 289 encountered, 1 discovered, 0 enqueued
[26.033s][info][gc,ref      ] GC(153) Phantom: 424 encountered, 216 discovered, 0 enqueued
[26.033s][info][gc,reloc    ] GC(153) Small Pages: 166 / 332M, Empty: 164M, Relocated: 6M, In-Place: 0
[26.033s][info][gc,reloc    ] GC(153) Medium Pages: 0 / 0M, Empty: 0M, Relocated: 0M, In-Place: 0
[26.033s][info][gc,reloc    ] GC(153) Large Pages: 0 / 0M, Empty: 0M, Relocated: 0M, In-Place: 0
[26.033s][info][gc,reloc    ] GC(153) Forwarding Usage: 2M
[26.033s][info][gc,heap     ] GC(153) Min Capacity: 8M(1%)
[26.033s][info][gc,heap     ] GC(153) Max Capacity: 1024M(100%)
[26.034s][info][gc,heap     ] GC(153) Soft Max Capacity: 1024M(100%)
[26.034s][info][gc,heap     ] GC(153)                Mark Start          Mark End        Relocate Start      Relocate End           High               Low         
[26.034s][info][gc,heap     ] GC(153)  Capacity:     1024M (100%)       1024M (100%)       1024M (100%)       1024M (100%)       1024M (100%)       1024M (100%)   
[26.034s][info][gc,heap     ] GC(153)      Free:      692M (68%)         624M (61%)         776M (76%)         864M (84%)         864M (84%)         618M (60%)    
[26.034s][info][gc,heap     ] GC(153)      Used:      332M (32%)         400M (39%)         248M (24%)         160M (16%)         406M (40%)         160M (16%)    
[26.034s][info][gc,heap     ] GC(153)      Live:         -                47M (5%)           47M (5%)           47M (5%)             -                  -          
[26.034s][info][gc,heap     ] GC(153) Allocated:         -                68M (7%)           80M (8%)           85M (8%)             -                  -          
[26.034s][info][gc,heap     ] GC(153)   Garbage:         -               284M (28%)         120M (12%)          26M (3%)             -                  -          
[26.034s][info][gc,heap     ] GC(153) Reclaimed:         -                  -               164M (16%)         257M (25%)            -                  -          
[26.034s][info][gc          ] GC(153) Garbage Collection (Allocation Rate) 332M(32%)->160M(16%)
[26.095s][info][gc,start    ] GC(154) Garbage Collection (Allocation Rate)
[26.096s][info][gc,task     ] GC(154) Using 10 workers
[26.096s][info][gc,phases   ] GC(154) Pause Mark Start 0.010ms
[26.133s][info][gc,phases   ] GC(154) Concurrent Mark 37.314ms
[26.133s][info][gc,phases   ] GC(154) Pause Mark End 0.025ms
[26.133s][info][gc,phases   ] GC(154) Concurrent Mark Free 0.001ms
[26.136s][info][gc,phases   ] GC(154) Concurrent Process Non-Strong References 2.684ms
[26.136s][info][gc,phases   ] GC(154) Concurrent Reset Relocation Set 0.010ms
[26.139s][info][gc,phases   ] GC(154) Concurrent Select Relocation Set 2.829ms
[26.139s][info][gc,phases   ] GC(154) Pause Relocate Start 0.008ms
[26.143s][info][gc,phases   ] GC(154) Concurrent Relocate 3.778ms
[26.143s][info][gc,load     ] GC(154) Load: 0.00/0.00/0.00
[26.143s][info][gc,mmu      ] GC(154) MMU: 2ms/95.9%, 5ms/98.4%, 10ms/99.2%, 20ms/99.6%, 50ms/99.8%, 100ms/99.9%
[26.143s][info][gc,marking  ] GC(154) Mark: 8 stripe(s), 4 proactive flush(es), 1 terminate flush(es), 0 completion(s), 0 continuation(s) 
[26.143s][info][gc,marking  ] GC(154) Mark Stack Usage: 32M
[26.143s][info][gc,nmethod  ] GC(154) NMethods: 8571 registered, 24 unregistered
[26.143s][info][gc,metaspace] GC(154) Metaspace: 71M used, 72M committed, 1088M reserved
[26.143s][info][gc,ref      ] GC(154) Soft: 2427 encountered, 0 discovered, 0 enqueued
[26.143s][info][gc,ref      ] GC(154) Weak: 9610 encountered, 758 discovered, 13 enqueued
[26.143s][info][gc,ref      ] GC(154) Final: 289 encountered, 9 discovered, 0 enqueued
[26.143s][info][gc,ref      ] GC(154) Phantom: 424 encountered, 217 discovered, 0 enqueued
[26.143s][info][gc,reloc    ] GC(154) Small Pages: 157 / 314M, Empty: 154M, Relocated: 5M, In-Place: 0
[26.143s][info][gc,reloc    ] GC(154) Medium Pages: 0 / 0M, Empty: 0M, Relocated: 0M, In-Place: 0
[26.143s][info][gc,reloc    ] GC(154) Large Pages: 0 / 0M, Empty: 0M, Relocated: 0M, In-Place: 0
[26.143s][info][gc,reloc    ] GC(154) Forwarding Usage: 1M
[26.143s][info][gc,heap     ] GC(154) Min Capacity: 8M(1%)
[26.143s][info][gc,heap     ] GC(154) Max Capacity: 1024M(100%)
[26.143s][info][gc,heap     ] GC(154) Soft Max Capacity: 1024M(100%)
[26.143s][info][gc,heap     ] GC(154)                Mark Start          Mark End        Relocate Start      Relocate End           High               Low         
[26.143s][info][gc,heap     ] GC(154)  Capacity:     1024M (100%)       1024M (100%)       1024M (100%)       1024M (100%)       1024M (100%)       1024M (100%)   
[26.143s][info][gc,heap     ] GC(154)      Free:      710M (69%)         624M (61%)         766M (75%)         842M (82%)         846M (83%)         618M (60%)    
[26.143s][info][gc,heap     ] GC(154)      Used:      314M (31%)         400M (39%)         258M (25%)         182M (18%)         406M (40%)         178M (17%)    
[26.143s][info][gc,heap     ] GC(154)      Live:         -                47M (5%)           47M (5%)           47M (5%)             -                  -          
[26.143s][info][gc,heap     ] GC(154) Allocated:         -                86M (8%)           98M (10%)         105M (10%)            -                  -          
[26.143s][info][gc,heap     ] GC(154)   Garbage:         -               266M (26%)         112M (11%)          28M (3%)             -                  -          
[26.143s][info][gc,heap     ] GC(154) Reclaimed:         -                  -               154M (15%)         237M (23%)            -                  -          
[26.143s][info][gc          ] GC(154) Garbage Collection (Allocation Rate) 314M(31%)->182M(18%)
[26.203s][info][gc,start    ] GC(155) Garbage Collection (Allocation Rate)
[26.203s][info][gc,task     ] GC(155) Using 10 workers
[26.203s][info][gc,phases   ] GC(155) Pause Mark Start 0.010ms
[26.233s][info][gc,phases   ] GC(155) Concurrent Mark 30.017ms
[26.233s][info][gc,phases   ] GC(155) Pause Mark End 0.023ms
[26.234s][info][gc,phases   ] GC(155) Concurrent Mark Free 0.001ms
[26.236s][info][gc,phases   ] GC(155) Concurrent Process Non-Strong References 2.548ms
[26.236s][info][gc,phases   ] GC(155) Concurrent Reset Relocation Set 0.009ms
[26.239s][info][gc,phases   ] GC(155) Concurrent Select Relocation Set 2.667ms
[26.239s][info][gc,phases   ] GC(155) Pause Relocate Start 0.007ms
[26.241s][info][gc,phases   ] GC(155) Concurrent Relocate 2.391ms
[26.241s][info][gc,load     ] GC(155) Load: 0.00/0.00/0.00
[26.241s][info][gc,mmu      ] GC(155) MMU: 2ms/95.9%, 5ms/98.4%, 10ms/99.2%, 20ms/99.6%, 50ms/99.8%, 100ms/99.9%
[26.241s][info][gc,marking  ] GC(155) Mark: 8 stripe(s), 3 proactive flush(es), 1 terminate flush(es), 0 completion(s), 0 continuation(s) 
[26.242s][info][gc,marking  ] GC(155) Mark Stack Usage: 32M
[26.242s][info][gc,nmethod  ] GC(155) NMethods: 8572 registered, 24 unregistered
[26.242s][info][gc,metaspace] GC(155) Metaspace: 71M used, 72M committed, 1088M reserved
[26.242s][info][gc,ref      ] GC(155) Soft: 2427 encountered, 0 discovered, 0 enqueued
[26.242s][info][gc,ref      ] GC(155) Weak: 9573 encountered, 595 discovered, 7 enqueued
[26.242s][info][gc,ref      ] GC(155) Final: 289 encountered, 2 discovered, 0 enqueued
[26.242s][info][gc,ref      ] GC(155) Phantom: 424 encountered, 330 discovered, 0 enqueued
[26.242s][info][gc,reloc    ] GC(155) Small Pages: 163 / 326M, Empty: 192M, Relocated: 5M, In-Place: 0
[26.242s][info][gc,reloc    ] GC(155) Medium Pages: 0 / 0M, Empty: 0M, Relocated: 0M, In-Place: 0
[26.242s][info][gc,reloc    ] GC(155) Large Pages: 0 / 0M, Empty: 0M, Relocated: 0M, In-Place: 0
[26.242s][info][gc,reloc    ] GC(155) Forwarding Usage: 1M
[26.242s][info][gc,heap     ] GC(155) Min Capacity: 8M(1%)
[26.242s][info][gc,heap     ] GC(155) Max Capacity: 1024M(100%)
[26.242s][info][gc,heap     ] GC(155) Soft Max Capacity: 1024M(100%)
[26.242s][info][gc,heap     ] GC(155)                Mark Start          Mark End        Relocate Start      Relocate End           High               Low         
[26.242s][info][gc,heap     ] GC(155)  Capacity:     1024M (100%)       1024M (100%)       1024M (100%)       1024M (100%)       1024M (100%)       1024M (100%)   
[26.242s][info][gc,heap     ] GC(155)      Free:      698M (68%)         634M (62%)         812M (79%)         870M (85%)         870M (85%)         628M (61%)    
[26.242s][info][gc,heap     ] GC(155)      Used:      326M (32%)         390M (38%)         212M (21%)         154M (15%)         396M (39%)         154M (15%)    
[26.242s][info][gc,heap     ] GC(155)      Live:         -                47M (5%)           47M (5%)           47M (5%)             -                  -          
[26.242s][info][gc,heap     ] GC(155) Allocated:         -                64M (6%)           78M (8%)           77M (8%)             -                  -          
[26.242s][info][gc,heap     ] GC(155)   Garbage:         -               278M (27%)          86M (8%)           28M (3%)             -                  -          
[26.242s][info][gc,heap     ] GC(155) Reclaimed:         -                  -               192M (19%)         249M (24%)            -                  -          
[26.242s][info][gc          ] GC(155) Garbage Collection (Allocation Rate) 326M(32%)->154M(15%)
[26.303s][info][gc,start    ] GC(156) Garbage Collection (Allocation Rate)
[26.303s][info][gc,task     ] GC(156) Using 10 workers
[26.303s][info][gc,phases   ] GC(156) Pause Mark Start 0.009ms
[26.323s][info][gc,phases   ] GC(156) Concurrent Mark 19.574ms
[26.323s][info][gc,phases   ] GC(156) Pause Mark End 0.023ms
[26.323s][info][gc,phases   ] GC(156) Concurrent Mark Free 0.000ms
[26.326s][info][gc,phases   ] GC(156) Concurrent Process Non-Strong References 2.530ms
[26.326s][info][gc,phases   ] GC(156) Concurrent Reset Relocation Set 0.006ms
[26.330s][info][gc,phases   ] GC(156) Concurrent Select Relocation Set 4.070ms
[26.330s][info][gc,phases   ] GC(156) Pause Relocate Start 0.008ms
[26.333s][info][gc,phases   ] GC(156) Concurrent Relocate 2.474ms
[26.333s][info][gc,load     ] GC(156) Load: 0.00/0.00/0.00
[26.333s][info][gc,mmu      ] GC(156) MMU: 2ms/95.9%, 5ms/98.4%, 10ms/99.2%, 20ms/99.6%, 50ms/99.8%, 100ms/99.9%
[26.333s][info][gc,marking  ] GC(156) Mark: 8 stripe(s), 3 proactive flush(es), 1 terminate flush(es), 0 completion(s), 0 continuation(s) 
[26.333s][info][gc,marking  ] GC(156) Mark Stack Usage: 32M
[26.333s][info][gc,nmethod  ] GC(156) NMethods: 8572 registered, 24 unregistered
[26.333s][info][gc,metaspace] GC(156) Metaspace: 71M used, 72M committed, 1088M reserved
[26.333s][info][gc,ref      ] GC(156) Soft: 2427 encountered, 0 discovered, 0 enqueued
[26.333s][info][gc,ref      ] GC(156) Weak: 9566 encountered, 912 discovered, 0 enqueued
[26.333s][info][gc,ref      ] GC(156) Final: 289 encountered, 9 discovered, 0 enqueued
[26.333s][info][gc,ref      ] GC(156) Phantom: 424 encountered, 380 discovered, 0 enqueued
[26.333s][info][gc,reloc    ] GC(156) Small Pages: 149 / 298M, Empty: 188M, Relocated: 5M, In-Place: 0
[26.333s][info][gc,reloc    ] GC(156) Medium Pages: 0 / 0M, Empty: 0M, Relocated: 0M, In-Place: 0
[26.333s][info][gc,reloc    ] GC(156) Large Pages: 0 / 0M, Empty: 0M, Relocated: 0M, In-Place: 0
[26.333s][info][gc,reloc    ] GC(156) Forwarding Usage: 1M
[26.333s][info][gc,heap     ] GC(156) Min Capacity: 8M(1%)
[26.333s][info][gc,heap     ] GC(156) Max Capacity: 1024M(100%)
[26.333s][info][gc,heap     ] GC(156) Soft Max Capacity: 1024M(100%)
[26.333s][info][gc,heap     ] GC(156)                Mark Start          Mark End        Relocate Start      Relocate End           High               Low         
[26.333s][info][gc,heap     ] GC(156)  Capacity:     1024M (100%)       1024M (100%)       1024M (100%)       1024M (100%)       1024M (100%)       1024M (100%)   
[26.333s][info][gc,heap     ] GC(156)      Free:      726M (71%)         686M (67%)         860M (84%)         890M (87%)         890M (87%)         682M (67%)    
[26.333s][info][gc,heap     ] GC(156)      Used:      298M (29%)         338M (33%)         164M (16%)         134M (13%)         342M (33%)         134M (13%)    
[26.333s][info][gc,heap     ] GC(156)      Live:         -                47M (5%)           47M (5%)           47M (5%)             -                  -          
[26.333s][info][gc,heap     ] GC(156) Allocated:         -                40M (4%)           54M (5%)           57M (6%)             -                  -          
[26.333s][info][gc,heap     ] GC(156)   Garbage:         -               250M (24%)          62M (6%)           28M (3%)             -                  -          
[26.333s][info][gc,heap     ] GC(156) Reclaimed:         -                  -               188M (18%)         221M (22%)            -                  -          
[26.333s][info][gc          ] GC(156) Garbage Collection (Allocation Rate) 298M(29%)->134M(13%)
[26.395s][info][gc,start    ] GC(157) Garbage Collection (Allocation Rate)
[26.396s][info][gc,task     ] GC(157) Using 10 workers
[26.396s][info][gc,phases   ] GC(157) Pause Mark Start 0.010ms
[26.413s][info][gc,phases   ] GC(157) Concurrent Mark 17.526ms
[26.413s][info][gc,phases   ] GC(157) Pause Mark End 0.024ms
[26.413s][info][gc,phases   ] GC(157) Concurrent Mark Free 0.001ms
[26.416s][info][gc,phases   ] GC(157) Concurrent Process Non-Strong References 2.347ms
[26.416s][info][gc,phases   ] GC(157) Concurrent Reset Relocation Set 0.004ms
[26.418s][info][gc,phases   ] GC(157) Concurrent Select Relocation Set 2.459ms
[26.418s][info][gc,phases   ] GC(157) Pause Relocate Start 0.008ms
[26.420s][info][gc,phases   ] GC(157) Concurrent Relocate 1.810ms
[26.420s][info][gc,load     ] GC(157) Load: 0.00/0.00/0.00
[26.420s][info][gc,mmu      ] GC(157) MMU: 2ms/95.9%, 5ms/98.4%, 10ms/99.2%, 20ms/99.6%, 50ms/99.8%, 100ms/99.9%
[26.420s][info][gc,marking  ] GC(157) Mark: 8 stripe(s), 2 proactive flush(es), 1 terminate flush(es), 0 completion(s), 0 continuation(s) 
[26.420s][info][gc,marking  ] GC(157) Mark Stack Usage: 32M
[26.420s][info][gc,nmethod  ] GC(157) NMethods: 8573 registered, 24 unregistered
[26.420s][info][gc,metaspace] GC(157) Metaspace: 71M used, 72M committed, 1088M reserved
[26.420s][info][gc,ref      ] GC(157) Soft: 2427 encountered, 0 discovered, 0 enqueued
[26.420s][info][gc,ref      ] GC(157) Weak: 9542 encountered, 941 discovered, 7 enqueued
[26.420s][info][gc,ref      ] GC(157) Final: 289 encountered, 14 discovered, 0 enqueued
[26.420s][info][gc,ref      ] GC(157) Phantom: 424 encountered, 311 discovered, 0 enqueued
[26.420s][info][gc,reloc    ] GC(157) Small Pages: 140 / 280M, Empty: 146M, Relocated: 5M, In-Place: 0
[26.420s][info][gc,reloc    ] GC(157) Medium Pages: 0 / 0M, Empty: 0M, Relocated: 0M, In-Place: 0
[26.421s][info][gc,reloc    ] GC(157) Large Pages: 0 / 0M, Empty: 0M, Relocated: 0M, In-Place: 0
[26.421s][info][gc,reloc    ] GC(157) Forwarding Usage: 1M
[26.421s][info][gc,heap     ] GC(157) Min Capacity: 8M(1%)
[26.421s][info][gc,heap     ] GC(157) Max Capacity: 1024M(100%)
[26.421s][info][gc,heap     ] GC(157) Soft Max Capacity: 1024M(100%)
[26.421s][info][gc,heap     ] GC(157)                Mark Start          Mark End        Relocate Start      Relocate End           High               Low         
[26.421s][info][gc,heap     ] GC(157)  Capacity:     1024M (100%)       1024M (100%)       1024M (100%)       1024M (100%)       1024M (100%)       1024M (100%)   
[26.421s][info][gc,heap     ] GC(157)      Free:      744M (73%)         712M (70%)         848M (83%)         904M (88%)         904M (88%)         704M (69%)    
[26.421s][info][gc,heap     ] GC(157)      Used:      280M (27%)         312M (30%)         176M (17%)         120M (12%)         320M (31%)         120M (12%)    
[26.421s][info][gc,heap     ] GC(157)      Live:         -                47M (5%)           47M (5%)           47M (5%)             -                  -          
[26.421s][info][gc,heap     ] GC(157) Allocated:         -                32M (3%)           42M (4%)           43M (4%)             -                  -          
[26.421s][info][gc,heap     ] GC(157)   Garbage:         -               232M (23%)          86M (8%)           28M (3%)             -                  -          
[26.421s][info][gc,heap     ] GC(157) Reclaimed:         -                  -               146M (14%)         203M (20%)            -                  -          
[26.421s][info][gc          ] GC(157) Garbage Collection (Allocation Rate) 280M(27%)->120M(12%)
[26.503s][info][gc,start    ] GC(158) Garbage Collection (Allocation Rate)
[26.503s][info][gc,task     ] GC(158) Using 10 workers
[26.503s][info][gc,phases   ] GC(158) Pause Mark Start 0.010ms
[26.523s][info][gc,phases   ] GC(158) Concurrent Mark 19.591ms
[26.523s][info][gc,phases   ] GC(158) Pause Mark End 0.023ms
[26.523s][info][gc,phases   ] GC(158) Concurrent Mark Free 0.000ms
[26.526s][info][gc,phases   ] GC(158) Concurrent Process Non-Strong References 2.321ms
[26.526s][info][gc,phases   ] GC(158) Concurrent Reset Relocation Set 0.004ms
[26.528s][info][gc,phases   ] GC(158) Concurrent Select Relocation Set 2.400ms
[26.528s][info][gc,phases   ] GC(158) Pause Relocate Start 0.007ms
[26.530s][info][gc,phases   ] GC(158) Concurrent Relocate 2.208ms
[26.530s][info][gc,load     ] GC(158) Load: 0.00/0.00/0.00
[26.530s][info][gc,mmu      ] GC(158) MMU: 2ms/95.9%, 5ms/98.4%, 10ms/99.2%, 20ms/99.6%, 50ms/99.8%, 100ms/99.9%
[26.530s][info][gc,marking  ] GC(158) Mark: 8 stripe(s), 2 proactive flush(es), 1 terminate flush(es), 0 completion(s), 0 continuation(s) 
[26.530s][info][gc,marking  ] GC(158) Mark Stack Usage: 32M
[26.530s][info][gc,nmethod  ] GC(158) NMethods: 8573 registered, 25 unregistered
[26.531s][info][gc,metaspace] GC(158) Metaspace: 71M used, 72M committed, 1088M reserved
[26.531s][info][gc,ref      ] GC(158) Soft: 2427 encountered, 0 discovered, 0 enqueued
[26.531s][info][gc,ref      ] GC(158) Weak: 9511 encountered, 1051 discovered, 7 enqueued
[26.531s][info][gc,ref      ] GC(158) Final: 289 encountered, 27 discovered, 0 enqueued
[26.531s][info][gc,ref      ] GC(158) Phantom: 424 encountered, 374 discovered, 0 enqueued
[26.531s][info][gc,reloc    ] GC(158) Small Pages: 142 / 284M, Empty: 160M, Relocated: 5M, In-Place: 0
[26.531s][info][gc,reloc    ] GC(158) Medium Pages: 0 / 0M, Empty: 0M, Relocated: 0M, In-Place: 0
[26.531s][info][gc,reloc    ] GC(158) Large Pages: 0 / 0M, Empty: 0M, Relocated: 0M, In-Place: 0
[26.531s][info][gc,reloc    ] GC(158) Forwarding Usage: 1M
[26.531s][info][gc,heap     ] GC(158) Min Capacity: 8M(1%)
[26.531s][info][gc,heap     ] GC(158) Max Capacity: 1024M(100%)
[26.531s][info][gc,heap     ] GC(158) Soft Max Capacity: 1024M(100%)
[26.531s][info][gc,heap     ] GC(158)                Mark Start          Mark End        Relocate Start      Relocate End           High               Low         
[26.531s][info][gc,heap     ] GC(158)  Capacity:     1024M (100%)       1024M (100%)       1024M (100%)       1024M (100%)       1024M (100%)       1024M (100%)   
[26.531s][info][gc,heap     ] GC(158)      Free:      740M (72%)         704M (69%)         856M (84%)         902M (88%)         902M (88%)         702M (69%)    
[26.531s][info][gc,heap     ] GC(158)      Used:      284M (28%)         320M (31%)         168M (16%)         122M (12%)         322M (31%)         122M (12%)    
[26.531s][info][gc,heap     ] GC(158)      Live:         -                47M (5%)           47M (5%)           47M (5%)             -                  -          
[26.531s][info][gc,heap     ] GC(158) Allocated:         -                36M (4%)           44M (4%)           45M (4%)             -                  -          
[26.531s][info][gc,heap     ] GC(158)   Garbage:         -               236M (23%)          76M (7%)           28M (3%)             -                  -          
[26.531s][info][gc,heap     ] GC(158) Reclaimed:         -                  -               160M (16%)         207M (20%)            -                  -          
[26.531s][info][gc          ] GC(158) Garbage Collection (Allocation Rate) 284M(28%)->122M(12%)
[26.595s][info][gc,start    ] GC(159) Garbage Collection (Allocation Rate)
[26.595s][info][gc,task     ] GC(159) Using 10 workers
[26.596s][info][gc,phases   ] GC(159) Pause Mark Start 0.010ms
[26.613s][info][gc,phases   ] GC(159) Concurrent Mark 17.537ms
[26.613s][info][gc,phases   ] GC(159) Pause Mark End 0.021ms
[26.613s][info][gc,phases   ] GC(159) Concurrent Mark Free 0.000ms
[26.616s][info][gc,phases   ] GC(159) Concurrent Process Non-Strong References 2.345ms
[26.616s][info][gc,phases   ] GC(159) Concurrent Reset Relocation Set 0.005ms
[26.618s][info][gc,phases   ] GC(159) Concurrent Select Relocation Set 2.368ms
[26.618s][info][gc,phases   ] GC(159) Pause Relocate Start 0.007ms
[26.620s][info][gc,phases   ] GC(159) Concurrent Relocate 1.854ms
[26.620s][info][gc,load     ] GC(159) Load: 0.00/0.00/0.00
[26.620s][info][gc,mmu      ] GC(159) MMU: 2ms/95.9%, 5ms/98.4%, 10ms/99.2%, 20ms/99.6%, 50ms/99.8%, 100ms/99.9%
[26.620s][info][gc,marking  ] GC(159) Mark: 8 stripe(s), 2 proactive flush(es), 1 terminate flush(es), 0 completion(s), 0 continuation(s) 
[26.620s][info][gc,marking  ] GC(159) Mark Stack Usage: 32M
[26.620s][info][gc,nmethod  ] GC(159) NMethods: 8572 registered, 26 unregistered
[26.620s][info][gc,metaspace] GC(159) Metaspace: 71M used, 72M committed, 1088M reserved
[26.620s][info][gc,ref      ] GC(159) Soft: 2427 encountered, 0 discovered, 0 enqueued
[26.620s][info][gc,ref      ] GC(159) Weak: 9504 encountered, 1201 discovered, 0 enqueued
[26.620s][info][gc,ref      ] GC(159) Final: 289 encountered, 13 discovered, 0 enqueued
[26.620s][info][gc,ref      ] GC(159) Phantom: 424 encountered, 369 discovered, 0 enqueued
[26.620s][info][gc,reloc    ] GC(159) Small Pages: 126 / 252M, Empty: 150M, Relocated: 5M, In-Place: 0
[26.620s][info][gc,reloc    ] GC(159) Medium Pages: 0 / 0M, Empty: 0M, Relocated: 0M, In-Place: 0
[26.620s][info][gc,reloc    ] GC(159) Large Pages: 0 / 0M, Empty: 0M, Relocated: 0M, In-Place: 0
[26.620s][info][gc,reloc    ] GC(159) Forwarding Usage: 1M
[26.620s][info][gc,heap     ] GC(159) Min Capacity: 8M(1%)
[26.620s][info][gc,heap     ] GC(159) Max Capacity: 1024M(100%)
[26.620s][info][gc,heap     ] GC(159) Soft Max Capacity: 1024M(100%)
[26.620s][info][gc,heap     ] GC(159)                Mark Start          Mark End        Relocate Start      Relocate End           High               Low         
[26.620s][info][gc,heap     ] GC(159)  Capacity:     1024M (100%)       1024M (100%)       1024M (100%)       1024M (100%)       1024M (100%)       1024M (100%)   
[26.620s][info][gc,heap     ] GC(159)      Free:      772M (75%)         740M (72%)         882M (86%)         904M (88%)         904M (88%)         736M (72%)    
[26.620s][info][gc,heap     ] GC(159)      Used:      252M (25%)         284M (28%)         142M (14%)         120M (12%)         288M (28%)         120M (12%)    
[26.620s][info][gc,heap     ] GC(159)      Live:         -                47M (5%)           47M (5%)           47M (5%)             -                  -          
[26.620s][info][gc,heap     ] GC(159) Allocated:         -                32M (3%)           40M (4%)           43M (4%)             -                  -          
[26.620s][info][gc,heap     ] GC(159)   Garbage:         -               204M (20%)          54M (5%)           28M (3%)             -                  -          
[26.620s][info][gc,heap     ] GC(159) Reclaimed:         -                  -               150M (15%)         175M (17%)            -                  -          
[26.620s][info][gc          ] GC(159) Garbage Collection (Allocation Rate) 252M(25%)->120M(12%)
[26.703s][info][gc,start    ] GC(160) Garbage Collection (Allocation Rate)
[26.703s][info][gc,task     ] GC(160) Using 10 workers
[26.703s][info][gc,phases   ] GC(160) Pause Mark Start 0.010ms
[26.733s][info][gc,phases   ] GC(160) Concurrent Mark 30.004ms
[26.733s][info][gc,phases   ] GC(160) Pause Mark End 0.022ms
[26.733s][info][gc,phases   ] GC(160) Concurrent Mark Free 0.000ms
[26.736s][info][gc,phases   ] GC(160) Concurrent Process Non-Strong References 2.317ms
[26.736s][info][gc,phases   ] GC(160) Concurrent Reset Relocation Set 0.003ms
[26.738s][info][gc,phases   ] GC(160) Concurrent Select Relocation Set 2.383ms
[26.738s][info][gc,phases   ] GC(160) Pause Relocate Start 0.008ms
[26.740s][info][gc,phases   ] GC(160) Concurrent Relocate 1.619ms
[26.740s][info][gc,load     ] GC(160) Load: 0.00/0.00/0.00
[26.740s][info][gc,mmu      ] GC(160) MMU: 2ms/95.9%, 5ms/98.4%, 10ms/99.2%, 20ms/99.6%, 50ms/99.8%, 100ms/99.9%
[26.740s][info][gc,marking  ] GC(160) Mark: 8 stripe(s), 3 proactive flush(es), 1 terminate flush(es), 0 completion(s), 0 continuation(s) 
[26.740s][info][gc,marking  ] GC(160) Mark Stack Usage: 32M
[26.740s][info][gc,nmethod  ] GC(160) NMethods: 8572 registered, 26 unregistered
[26.740s][info][gc,metaspace] GC(160) Metaspace: 71M used, 72M committed, 1088M reserved
[26.740s][info][gc,ref      ] GC(160) Soft: 2427 encountered, 0 discovered, 0 enqueued
[26.740s][info][gc,ref      ] GC(160) Weak: 9504 encountered, 730 discovered, 0 enqueued
[26.740s][info][gc,ref      ] GC(160) Final: 289 encountered, 0 discovered, 0 enqueued
[26.740s][info][gc,ref      ] GC(160) Phantom: 424 encountered, 329 discovered, 0 enqueued
[26.740s][info][gc,reloc    ] GC(160) Small Pages: 142 / 284M, Empty: 162M, Relocated: 5M, In-Place: 0
[26.740s][info][gc,reloc    ] GC(160) Medium Pages: 0 / 0M, Empty: 0M, Relocated: 0M, In-Place: 0
[26.740s][info][gc,reloc    ] GC(160) Large Pages: 0 / 0M, Empty: 0M, Relocated: 0M, In-Place: 0
[26.740s][info][gc,reloc    ] GC(160) Forwarding Usage: 1M
[26.740s][info][gc,heap     ] GC(160) Min Capacity: 8M(1%)
[26.740s][info][gc,heap     ] GC(160) Max Capacity: 1024M(100%)
[26.740s][info][gc,heap     ] GC(160) Soft Max Capacity: 1024M(100%)
[26.740s][info][gc,heap     ] GC(160)                Mark Start          Mark End        Relocate Start      Relocate End           High               Low         
[26.740s][info][gc,heap     ] GC(160)  Capacity:     1024M (100%)       1024M (100%)       1024M (100%)       1024M (100%)       1024M (100%)       1024M (100%)   
[26.740s][info][gc,heap     ] GC(160)      Free:      740M (72%)         684M (67%)         838M (82%)         884M (86%)         884M (86%)         682M (67%)    
[26.740s][info][gc,heap     ] GC(160)      Used:      284M (28%)         340M (33%)         186M (18%)         140M (14%)         342M (33%)         140M (14%)    
[26.740s][info][gc,heap     ] GC(160)      Live:         -                47M (5%)           47M (5%)           47M (5%)             -                  -          
[26.740s][info][gc,heap     ] GC(160) Allocated:         -                56M (5%)           64M (6%)           63M (6%)             -                  -          
[26.740s][info][gc,heap     ] GC(160)   Garbage:         -               236M (23%)          74M (7%)           28M (3%)             -                  -          
[26.740s][info][gc,heap     ] GC(160) Reclaimed:         -                  -               162M (16%)         207M (20%)            -                  -          
[26.740s][info][gc          ] GC(160) Garbage Collection (Allocation Rate) 284M(28%)->140M(14%)
[26.797s][info][gc,start    ] GC(161) Garbage Collection (Allocation Rate)
[26.871s][info][gc,task     ] GC(161) Using 10 workers
[26.871s][info][gc,phases   ] GC(161) Pause Mark Start 0.011ms
[26.893s][info][gc,phases   ] GC(161) Concurrent Mark 21.991ms
[26.893s][info][gc,phases   ] GC(161) Pause Mark End 0.022ms
[26.893s][info][gc,phases   ] GC(161) Concurrent Mark Free 0.000ms
[26.895s][info][gc,phases   ] GC(161) Concurrent Process Non-Strong References 2.313ms
[26.896s][info][gc,phases   ] GC(161) Concurrent Reset Relocation Set 0.003ms
[26.899s][info][gc,phases   ] GC(161) Concurrent Select Relocation Set 3.722ms
[26.899s][info][gc,phases   ] GC(161) Pause Relocate Start 0.008ms
[26.901s][info][gc,phases   ] GC(161) Concurrent Relocate 1.562ms
[26.901s][info][gc,load     ] GC(161) Load: 0.00/0.00/0.00
[26.901s][info][gc,mmu      ] GC(161) MMU: 2ms/95.9%, 5ms/98.4%, 10ms/99.2%, 20ms/99.6%, 50ms/99.8%, 100ms/99.9%
[26.901s][info][gc,marking  ] GC(161) Mark: 8 stripe(s), 3 proactive flush(es), 1 terminate flush(es), 0 completion(s), 0 continuation(s) 
[26.901s][info][gc,marking  ] GC(161) Mark Stack Usage: 32M
[26.901s][info][gc,nmethod  ] GC(161) NMethods: 8572 registered, 26 unregistered
[26.901s][info][gc,metaspace] GC(161) Metaspace: 71M used, 72M committed, 1088M reserved
[26.901s][info][gc,ref      ] GC(161) Soft: 2427 encountered, 0 discovered, 0 enqueued
[26.901s][info][gc,ref      ] GC(161) Weak: 9504 encountered, 980 discovered, 0 enqueued
[26.901s][info][gc,ref      ] GC(161) Final: 289 encountered, 28 discovered, 0 enqueued
[26.901s][info][gc,ref      ] GC(161) Phantom: 424 encountered, 356 discovered, 0 enqueued
[26.901s][info][gc,reloc    ] GC(161) Small Pages: 200 / 400M, Empty: 286M, Relocated: 5M, In-Place: 0
[26.901s][info][gc,reloc    ] GC(161) Medium Pages: 0 / 0M, Empty: 0M, Relocated: 0M, In-Place: 0
[26.901s][info][gc,reloc    ] GC(161) Large Pages: 0 / 0M, Empty: 0M, Relocated: 0M, In-Place: 0
[26.901s][info][gc,reloc    ] GC(161) Forwarding Usage: 1M
[26.901s][info][gc,heap     ] GC(161) Min Capacity: 8M(1%)
[26.901s][info][gc,heap     ] GC(161) Max Capacity: 1024M(100%)
[26.901s][info][gc,heap     ] GC(161) Soft Max Capacity: 1024M(100%)
[26.901s][info][gc,heap     ] GC(161)                Mark Start          Mark End        Relocate Start      Relocate End           High               Low         
[26.901s][info][gc,heap     ] GC(161)  Capacity:     1024M (100%)       1024M (100%)       1024M (100%)       1024M (100%)       1024M (100%)       1024M (100%)   
[26.901s][info][gc,heap     ] GC(161)      Free:      624M (61%)         584M (57%)         860M (84%)         896M (88%)         896M (88%)         580M (57%)    
[26.901s][info][gc,heap     ] GC(161)      Used:      400M (39%)         440M (43%)         164M (16%)         128M (13%)         444M (43%)         128M (13%)    
[26.901s][info][gc,heap     ] GC(161)      Live:         -                47M (5%)           47M (5%)           47M (5%)             -                  -          
[26.901s][info][gc,heap     ] GC(161) Allocated:         -                40M (4%)           50M (5%)           51M (5%)             -                  -          
[26.901s][info][gc,heap     ] GC(161)   Garbage:         -               352M (34%)          66M (6%)           28M (3%)             -                  -          
[26.901s][info][gc,heap     ] GC(161) Reclaimed:         -                  -               286M (28%)         323M (32%)            -                  -          
[26.901s][info][gc          ] GC(161) Garbage Collection (Allocation Rate) 400M(39%)->128M(13%)
[26.995s][info][gc,start    ] GC(162) Garbage Collection (Allocation Rate)
[26.995s][info][gc,task     ] GC(162) Using 10 workers
[26.995s][info][gc,phases   ] GC(162) Pause Mark Start 0.007ms
[27.013s][info][gc,phases   ] GC(162) Concurrent Mark 17.589ms
[27.013s][info][gc,phases   ] GC(162) Pause Mark End 0.019ms
[27.013s][info][gc,phases   ] GC(162) Concurrent Mark Free 0.000ms
[27.016s][info][gc,phases   ] GC(162) Concurrent Process Non-Strong References 2.309ms
[27.016s][info][gc,phases   ] GC(162) Concurrent Reset Relocation Set 0.005ms
[27.018s][info][gc,phases   ] GC(162) Concurrent Select Relocation Set 2.412ms
[27.018s][info][gc,phases   ] GC(162) Pause Relocate Start 0.008ms
[27.020s][info][gc,phases   ] GC(162) Concurrent Relocate 1.788ms
[27.020s][info][gc,load     ] GC(162) Load: 0.00/0.00/0.00
[27.020s][info][gc,mmu      ] GC(162) MMU: 2ms/95.9%, 5ms/98.4%, 10ms/99.2%, 20ms/99.6%, 50ms/99.8%, 100ms/99.9%
[27.020s][info][gc,marking  ] GC(162) Mark: 8 stripe(s), 2 proactive flush(es), 1 terminate flush(es), 0 completion(s), 0 continuation(s) 
[27.020s][info][gc,marking  ] GC(162) Mark Stack Usage: 32M
[27.020s][info][gc,nmethod  ] GC(162) NMethods: 8572 registered, 26 unregistered
[27.020s][info][gc,metaspace] GC(162) Metaspace: 71M used, 72M committed, 1088M reserved
[27.020s][info][gc,ref      ] GC(162) Soft: 2427 encountered, 0 discovered, 0 enqueued
[27.020s][info][gc,ref      ] GC(162) Weak: 9504 encountered, 963 discovered, 0 enqueued
[27.020s][info][gc,ref      ] GC(162) Final: 289 encountered, 16 discovered, 0 enqueued
[27.020s][info][gc,ref      ] GC(162) Phantom: 424 encountered, 337 discovered, 0 enqueued
[27.020s][info][gc,reloc    ] GC(162) Small Pages: 157 / 314M, Empty: 196M, Relocated: 5M, In-Place: 0
[27.020s][info][gc,reloc    ] GC(162) Medium Pages: 0 / 0M, Empty: 0M, Relocated: 0M, In-Place: 0
[27.020s][info][gc,reloc    ] GC(162) Large Pages: 0 / 0M, Empty: 0M, Relocated: 0M, In-Place: 0
[27.020s][info][gc,reloc    ] GC(162) Forwarding Usage: 1M
[27.020s][info][gc,heap     ] GC(162) Min Capacity: 8M(1%)
[27.020s][info][gc,heap     ] GC(162) Max Capacity: 1024M(100%)
[27.020s][info][gc,heap     ] GC(162) Soft Max Capacity: 1024M(100%)
[27.020s][info][gc,heap     ] GC(162)                Mark Start          Mark End        Relocate Start      Relocate End           High               Low         
[27.020s][info][gc,heap     ] GC(162)  Capacity:     1024M (100%)       1024M (100%)       1024M (100%)       1024M (100%)       1024M (100%)       1024M (100%)   
[27.020s][info][gc,heap     ] GC(162)      Free:      710M (69%)         680M (66%)         866M (85%)         904M (88%)         904M (88%)         674M (66%)    
[27.020s][info][gc,heap     ] GC(162)      Used:      314M (31%)         344M (34%)         158M (15%)         120M (12%)         350M (34%)         120M (12%)    
[27.020s][info][gc,heap     ] GC(162)      Live:         -                47M (5%)           47M (5%)           47M (5%)             -                  -          
[27.020s][info][gc,heap     ] GC(162) Allocated:         -                30M (3%)           40M (4%)           43M (4%)             -                  -          
[27.020s][info][gc,heap     ] GC(162)   Garbage:         -               266M (26%)          70M (7%)           28M (3%)             -                  -          
[27.020s][info][gc,heap     ] GC(162) Reclaimed:         -                  -               196M (19%)         237M (23%)            -                  -          
[27.020s][info][gc          ] GC(162) Garbage Collection (Allocation Rate) 314M(31%)->120M(12%)
[27.103s][info][gc,start    ] GC(163) Garbage Collection (Allocation Rate)
[27.103s][info][gc,task     ] GC(163) Using 10 workers
[27.103s][info][gc,phases   ] GC(163) Pause Mark Start 0.010ms
[27.123s][info][gc,phases   ] GC(163) Concurrent Mark 19.615ms
[27.123s][info][gc,phases   ] GC(163) Pause Mark End 0.019ms
[27.123s][info][gc,phases   ] GC(163) Concurrent Mark Free 0.001ms
[27.126s][info][gc,phases   ] GC(163) Concurrent Process Non-Strong References 2.330ms
[27.126s][info][gc,phases   ] GC(163) Concurrent Reset Relocation Set 0.004ms
[27.129s][info][gc,phases   ] GC(163) Concurrent Select Relocation Set 3.738ms
[27.129s][info][gc,phases   ] GC(163) Pause Relocate Start 0.008ms
[27.131s][info][gc,phases   ] GC(163) Concurrent Relocate 1.654ms
[27.131s][info][gc,load     ] GC(163) Load: 0.00/0.00/0.00
[27.131s][info][gc,mmu      ] GC(163) MMU: 2ms/95.9%, 5ms/98.4%, 10ms/99.2%, 20ms/99.6%, 50ms/99.8%, 100ms/99.9%
[27.131s][info][gc,marking  ] GC(163) Mark: 8 stripe(s), 2 proactive flush(es), 1 terminate flush(es), 0 completion(s), 0 continuation(s) 
[27.131s][info][gc,marking  ] GC(163) Mark Stack Usage: 32M
[27.131s][info][gc,nmethod  ] GC(163) NMethods: 8572 registered, 26 unregistered
[27.131s][info][gc,metaspace] GC(163) Metaspace: 71M used, 72M committed, 1088M reserved
[27.131s][info][gc,ref      ] GC(163) Soft: 2427 encountered, 0 discovered, 0 enqueued
[27.131s][info][gc,ref      ] GC(163) Weak: 9504 encountered, 1268 discovered, 0 enqueued
[27.131s][info][gc,ref      ] GC(163) Final: 289 encountered, 24 discovered, 0 enqueued
[27.131s][info][gc,ref      ] GC(163) Phantom: 424 encountered, 397 discovered, 0 enqueued
[27.131s][info][gc,reloc    ] GC(163) Small Pages: 141 / 282M, Empty: 172M, Relocated: 5M, In-Place: 0
[27.131s][info][gc,reloc    ] GC(163) Medium Pages: 0 / 0M, Empty: 0M, Relocated: 0M, In-Place: 0
[27.131s][info][gc,reloc    ] GC(163) Large Pages: 0 / 0M, Empty: 0M, Relocated: 0M, In-Place: 0
[27.131s][info][gc,reloc    ] GC(163) Forwarding Usage: 1M
[27.131s][info][gc,heap     ] GC(163) Min Capacity: 8M(1%)
[27.131s][info][gc,heap     ] GC(163) Max Capacity: 1024M(100%)
[27.131s][info][gc,heap     ] GC(163) Soft Max Capacity: 1024M(100%)
[27.131s][info][gc,heap     ] GC(163)                Mark Start          Mark End        Relocate Start      Relocate End           High               Low         
[27.131s][info][gc,heap     ] GC(163)  Capacity:     1024M (100%)       1024M (100%)       1024M (100%)       1024M (100%)       1024M (100%)       1024M (100%)   
[27.131s][info][gc,heap     ] GC(163)      Free:      742M (72%)         708M (69%)         868M (85%)         900M (88%)         900M (88%)         702M (69%)    
[27.131s][info][gc,heap     ] GC(163)      Used:      282M (28%)         316M (31%)         156M (15%)         124M (12%)         322M (31%)         124M (12%)    
[27.131s][info][gc,heap     ] GC(163)      Live:         -                47M (5%)           47M (5%)           47M (5%)             -                  -          
[27.131s][info][gc,heap     ] GC(163) Allocated:         -                34M (3%)           46M (4%)           47M (5%)             -                  -          
[27.131s][info][gc,heap     ] GC(163)   Garbage:         -               234M (23%)          62M (6%)           28M (3%)             -                  -          
[27.132s][info][gc,heap     ] GC(163) Reclaimed:         -                  -               172M (17%)         205M (20%)            -                  -          
[27.132s][info][gc          ] GC(163) Garbage Collection (Allocation Rate) 282M(28%)->124M(12%)
[27.195s][info][gc,start    ] GC(164) Garbage Collection (Allocation Rate)
[27.195s][info][gc,task     ] GC(164) Using 10 workers
[27.196s][info][gc,phases   ] GC(164) Pause Mark Start 0.009ms
[27.213s][info][gc,phases   ] GC(164) Concurrent Mark 17.520ms
[27.213s][info][gc,phases   ] GC(164) Pause Mark End 0.023ms
[27.213s][info][gc,phases   ] GC(164) Concurrent Mark Free 0.001ms
[27.216s][info][gc,phases   ] GC(164) Concurrent Process Non-Strong References 2.246ms
[27.216s][info][gc,phases   ] GC(164) Concurrent Reset Relocation Set 0.004ms
[27.218s][info][gc,phases   ] GC(164) Concurrent Select Relocation Set 2.427ms
[27.218s][info][gc,phases   ] GC(164) Pause Relocate Start 0.007ms
[27.220s][info][gc,phases   ] GC(164) Concurrent Relocate 1.749ms
[27.220s][info][gc,load     ] GC(164) Load: 0.00/0.00/0.00
[27.220s][info][gc,mmu      ] GC(164) MMU: 2ms/95.9%, 5ms/98.4%, 10ms/99.2%, 20ms/99.6%, 50ms/99.8%, 100ms/99.9%
[27.220s][info][gc,marking  ] GC(164) Mark: 8 stripe(s), 2 proactive flush(es), 1 terminate flush(es), 0 completion(s), 0 continuation(s) 
[27.220s][info][gc,marking  ] GC(164) Mark Stack Usage: 32M
[27.220s][info][gc,nmethod  ] GC(164) NMethods: 8572 registered, 26 unregistered
[27.220s][info][gc,metaspace] GC(164) Metaspace: 71M used, 72M committed, 1088M reserved
[27.220s][info][gc,ref      ] GC(164) Soft: 2427 encountered, 0 discovered, 0 enqueued
[27.220s][info][gc,ref      ] GC(164) Weak: 9504 encountered, 909 discovered, 0 enqueued
[27.220s][info][gc,ref      ] GC(164) Final: 289 encountered, 15 discovered, 0 enqueued
[27.220s][info][gc,ref      ] GC(164) Phantom: 424 encountered, 321 discovered, 0 enqueued
[27.220s][info][gc,reloc    ] GC(164) Small Pages: 126 / 252M, Empty: 136M, Relocated: 5M, In-Place: 0
[27.220s][info][gc,reloc    ] GC(164) Medium Pages: 0 / 0M, Empty: 0M, Relocated: 0M, In-Place: 0
[27.220s][info][gc,reloc    ] GC(164) Large Pages: 0 / 0M, Empty: 0M, Relocated: 0M, In-Place: 0
[27.220s][info][gc,reloc    ] GC(164) Forwarding Usage: 1M
[27.220s][info][gc,heap     ] GC(164) Min Capacity: 8M(1%)
[27.220s][info][gc,heap     ] GC(164) Max Capacity: 1024M(100%)
[27.220s][info][gc,heap     ] GC(164) Soft Max Capacity: 1024M(100%)
[27.220s][info][gc,heap     ] GC(164)                Mark Start          Mark End        Relocate Start      Relocate End           High               Low         
[27.220s][info][gc,heap     ] GC(164)  Capacity:     1024M (100%)       1024M (100%)       1024M (100%)       1024M (100%)       1024M (100%)       1024M (100%)   
[27.220s][info][gc,heap     ] GC(164)      Free:      772M (75%)         742M (72%)         870M (85%)         906M (88%)         906M (88%)         736M (72%)    
[27.220s][info][gc,heap     ] GC(164)      Used:      252M (25%)         282M (28%)         154M (15%)         118M (12%)         288M (28%)         118M (12%)    
[27.220s][info][gc,heap     ] GC(164)      Live:         -                47M (5%)           47M (5%)           47M (5%)             -                  -          
[27.220s][info][gc,heap     ] GC(164) Allocated:         -                30M (3%)           38M (4%)           41M (4%)             -                  -          
[27.220s][info][gc,heap     ] GC(164)   Garbage:         -               204M (20%)          68M (7%)           28M (3%)             -                  -          
[27.220s][info][gc,heap     ] GC(164) Reclaimed:         -                  -               136M (13%)         175M (17%)            -                  -          
[27.220s][info][gc          ] GC(164) Garbage Collection (Allocation Rate) 252M(25%)->118M(12%)
[27.396s][info][gc,start    ] GC(165) Garbage Collection (Allocation Rate)
[27.396s][info][gc,task     ] GC(165) Using 10 workers
[27.396s][info][gc,phases   ] GC(165) Pause Mark Start 0.011ms
[27.423s][info][gc,phases   ] GC(165) Concurrent Mark 26.905ms
[27.423s][info][gc,phases   ] GC(165) Pause Mark End 0.024ms
[27.424s][info][gc,phases   ] GC(165) Concurrent Mark Free 0.000ms
[27.426s][info][gc,phases   ] GC(165) Concurrent Process Non-Strong References 2.328ms
[27.426s][info][gc,phases   ] GC(165) Concurrent Reset Relocation Set 0.005ms
[27.430s][info][gc,phases   ] GC(165) Concurrent Select Relocation Set 3.680ms
[27.430s][info][gc,phases   ] GC(165) Pause Relocate Start 0.009ms
[27.432s][info][gc,phases   ] GC(165) Concurrent Relocate 1.936ms
[27.432s][info][gc,load     ] GC(165) Load: 0.00/0.00/0.00
[27.432s][info][gc,mmu      ] GC(165) MMU: 2ms/95.9%, 5ms/98.4%, 10ms/99.2%, 20ms/99.6%, 50ms/99.8%, 100ms/99.9%
[27.432s][info][gc,marking  ] GC(165) Mark: 8 stripe(s), 2 proactive flush(es), 1 terminate flush(es), 0 completion(s), 0 continuation(s) 
[27.432s][info][gc,marking  ] GC(165) Mark Stack Usage: 32M
[27.432s][info][gc,nmethod  ] GC(165) NMethods: 8572 registered, 26 unregistered
[27.432s][info][gc,metaspace] GC(165) Metaspace: 71M used, 72M committed, 1088M reserved
[27.432s][info][gc,ref      ] GC(165) Soft: 2427 encountered, 0 discovered, 0 enqueued
[27.432s][info][gc,ref      ] GC(165) Weak: 9504 encountered, 871 discovered, 0 enqueued
[27.432s][info][gc,ref      ] GC(165) Final: 289 encountered, 25 discovered, 0 enqueued
[27.432s][info][gc,ref      ] GC(165) Phantom: 424 encountered, 333 discovered, 0 enqueued
[27.432s][info][gc,reloc    ] GC(165) Small Pages: 234 / 468M, Empty: 364M, Relocated: 5M, In-Place: 0
[27.432s][info][gc,reloc    ] GC(165) Medium Pages: 0 / 0M, Empty: 0M, Relocated: 0M, In-Place: 0
[27.432s][info][gc,reloc    ] GC(165) Large Pages: 0 / 0M, Empty: 0M, Relocated: 0M, In-Place: 0
[27.432s][info][gc,reloc    ] GC(165) Forwarding Usage: 1M
[27.432s][info][gc,heap     ] GC(165) Min Capacity: 8M(1%)
[27.432s][info][gc,heap     ] GC(165) Max Capacity: 1024M(100%)
[27.432s][info][gc,heap     ] GC(165) Soft Max Capacity: 1024M(100%)
[27.432s][info][gc,heap     ] GC(165)                Mark Start          Mark End        Relocate Start      Relocate End           High               Low         
[27.432s][info][gc,heap     ] GC(165)  Capacity:     1024M (100%)       1024M (100%)       1024M (100%)       1024M (100%)       1024M (100%)       1024M (100%)   
[27.432s][info][gc,heap     ] GC(165)      Free:      556M (54%)         506M (49%)         858M (84%)         884M (86%)         884M (86%)         502M (49%)    
[27.432s][info][gc,heap     ] GC(165)      Used:      468M (46%)         518M (51%)         166M (16%)         140M (14%)         522M (51%)         140M (14%)    
[27.432s][info][gc,heap     ] GC(165)      Live:         -                47M (5%)           47M (5%)           47M (5%)             -                  -          
[27.432s][info][gc,heap     ] GC(165) Allocated:         -                50M (5%)           62M (6%)           63M (6%)             -                  -          
[27.432s][info][gc,heap     ] GC(165)   Garbage:         -               420M (41%)          56M (6%)           28M (3%)             -                  -          
[27.432s][info][gc,heap     ] GC(165) Reclaimed:         -                  -               364M (36%)         391M (38%)            -                  -          
[27.432s][info][gc          ] GC(165) Garbage Collection (Allocation Rate) 468M(46%)->140M(14%)
[27.603s][info][gc,start    ] GC(166) Garbage Collection (Allocation Rate)
[27.603s][info][gc,task     ] GC(166) Using 4 workers
[27.603s][info][gc,phases   ] GC(166) Pause Mark Start 0.013ms
[27.638s][info][gc,phases   ] GC(166) Concurrent Mark 34.274ms
[27.638s][info][gc,phases   ] GC(166) Pause Mark End 0.020ms
[27.638s][info][gc,phases   ] GC(166) Concurrent Mark Free 0.001ms
[27.645s][info][gc,phases   ] GC(166) Concurrent Process Non-Strong References 7.303ms
[27.645s][info][gc,phases   ] GC(166) Concurrent Reset Relocation Set 0.003ms
[27.649s][info][gc,phases   ] GC(166) Concurrent Select Relocation Set 3.980ms
[27.650s][info][gc,phases   ] GC(166) Pause Relocate Start 0.007ms
[27.653s][info][gc,phases   ] GC(166) Concurrent Relocate 3.419ms
[27.653s][info][gc,load     ] GC(166) Load: 0.00/0.00/0.00
[27.653s][info][gc,mmu      ] GC(166) MMU: 2ms/95.9%, 5ms/98.4%, 10ms/99.2%, 20ms/99.6%, 50ms/99.8%, 100ms/99.9%
[27.653s][info][gc,marking  ] GC(166) Mark: 4 stripe(s), 2 proactive flush(es), 1 terminate flush(es), 0 completion(s), 0 continuation(s) 
[27.653s][info][gc,marking  ] GC(166) Mark Stack Usage: 32M
[27.653s][info][gc,nmethod  ] GC(166) NMethods: 8760 registered, 26 unregistered
[27.653s][info][gc,metaspace] GC(166) Metaspace: 71M used, 72M committed, 1088M reserved
[27.653s][info][gc,ref      ] GC(166) Soft: 2427 encountered, 0 discovered, 0 enqueued
[27.653s][info][gc,ref      ] GC(166) Weak: 9355 encountered, 701 discovered, 30 enqueued
[27.653s][info][gc,ref      ] GC(166) Final: 289 encountered, 15 discovered, 0 enqueued
[27.653s][info][gc,ref      ] GC(166) Phantom: 424 encountered, 286 discovered, 0 enqueued
[27.653s][info][gc,reloc    ] GC(166) Small Pages: 228 / 456M, Empty: 312M, Relocated: 8M, In-Place: 0
[27.653s][info][gc,reloc    ] GC(166) Medium Pages: 0 / 0M, Empty: 0M, Relocated: 0M, In-Place: 0
[27.653s][info][gc,reloc    ] GC(166) Large Pages: 0 / 0M, Empty: 0M, Relocated: 0M, In-Place: 0
[27.653s][info][gc,reloc    ] GC(166) Forwarding Usage: 2M
[27.653s][info][gc,heap     ] GC(166) Min Capacity: 8M(1%)
[27.653s][info][gc,heap     ] GC(166) Max Capacity: 1024M(100%)
[27.653s][info][gc,heap     ] GC(166) Soft Max Capacity: 1024M(100%)
[27.653s][info][gc,heap     ] GC(166)                Mark Start          Mark End        Relocate Start      Relocate End           High               Low         
[27.653s][info][gc,heap     ] GC(166)  Capacity:     1024M (100%)       1024M (100%)       1024M (100%)       1024M (100%)       1024M (100%)       1024M (100%)   
[27.653s][info][gc,heap     ] GC(166)      Free:      568M (55%)         538M (53%)         842M (82%)         922M (90%)         922M (90%)         528M (52%)    
[27.654s][info][gc,heap     ] GC(166)      Used:      456M (45%)         486M (47%)         182M (18%)         102M (10%)         496M (48%)         102M (10%)    
[27.654s][info][gc,heap     ] GC(166)      Live:         -                47M (5%)           47M (5%)           47M (5%)             -                  -          
[27.654s][info][gc,heap     ] GC(166) Allocated:         -                30M (3%)           38M (4%)           37M (4%)             -                  -          
[27.654s][info][gc,heap     ] GC(166)   Garbage:         -               408M (40%)          96M (9%)           16M (2%)             -                  -          
[27.654s][info][gc,heap     ] GC(166) Reclaimed:         -                  -               312M (30%)         391M (38%)            -                  -          
[27.654s][info][gc          ] GC(166) Garbage Collection (Allocation Rate) 456M(45%)->102M(10%)
[27.654s][info][gc,start    ] GC(167) Garbage Collection (System.gc())
[27.654s][info][gc,task     ] GC(167) Using 10 workers
[27.654s][info][gc,phases   ] GC(167) Pause Mark Start 0.005ms
[27.673s][info][gc,phases   ] GC(167) Concurrent Mark 19.318ms
[27.673s][info][gc,phases   ] GC(167) Pause Mark End 0.023ms
[27.673s][info][gc,phases   ] GC(167) Concurrent Mark Free 0.001ms
[27.676s][info][gc,phases   ] GC(167) Concurrent Process Non-Strong References 2.618ms
[27.676s][info][gc,phases   ] GC(167) Concurrent Reset Relocation Set 0.006ms
[27.680s][info][gc,phases   ] GC(167) Concurrent Select Relocation Set 3.932ms
[27.680s][info][gc,phases   ] GC(167) Pause Relocate Start 0.007ms
[27.682s][info][gc,phases   ] GC(167) Concurrent Relocate 2.160ms
[27.682s][info][gc,load     ] GC(167) Load: 0.00/0.00/0.00
[27.682s][info][gc,mmu      ] GC(167) MMU: 2ms/95.9%, 5ms/98.4%, 10ms/99.2%, 20ms/99.6%, 50ms/99.8%, 100ms/99.9%
[27.682s][info][gc,marking  ] GC(167) Mark: 8 stripe(s), 4 proactive flush(es), 1 terminate flush(es), 0 completion(s), 0 continuation(s) 
[27.682s][info][gc,marking  ] GC(167) Mark Stack Usage: 32M
[27.683s][info][gc,nmethod  ] GC(167) NMethods: 8743 registered, 46 unregistered
[27.683s][info][gc,metaspace] GC(167) Metaspace: 71M used, 72M committed, 1088M reserved
[27.683s][info][gc,ref      ] GC(167) Soft: 2434 encountered, 0 discovered, 0 enqueued
[27.683s][info][gc,ref      ] GC(167) Weak: 10049 encountered, 572 discovered, 21 enqueued
[27.683s][info][gc,ref      ] GC(167) Final: 289 encountered, 3 discovered, 0 enqueued
[27.683s][info][gc,ref      ] GC(167) Phantom: 424 encountered, 352 discovered, 0 enqueued
[27.683s][info][gc,reloc    ] GC(167) Small Pages: 51 / 102M, Empty: 0M, Relocated: 4M, In-Place: 0
[27.683s][info][gc,reloc    ] GC(167) Medium Pages: 0 / 0M, Empty: 0M, Relocated: 0M, In-Place: 0
[27.683s][info][gc,reloc    ] GC(167) Large Pages: 0 / 0M, Empty: 0M, Relocated: 0M, In-Place: 0
[27.683s][info][gc,reloc    ] GC(167) Forwarding Usage: 1M
[27.683s][info][gc,heap     ] GC(167) Min Capacity: 8M(1%)
[27.683s][info][gc,heap     ] GC(167) Max Capacity: 1024M(100%)
[27.683s][info][gc,heap     ] GC(167) Soft Max Capacity: 1024M(100%)
[27.683s][info][gc,heap     ] GC(167)                Mark Start          Mark End        Relocate Start      Relocate End           High               Low         
[27.683s][info][gc,heap     ] GC(167)  Capacity:     1024M (100%)       1024M (100%)       1024M (100%)       1024M (100%)       1024M (100%)       1024M (100%)   
[27.683s][info][gc,heap     ] GC(167)      Free:      922M (90%)         920M (90%)         920M (90%)         948M (93%)         948M (93%)         900M (88%)    
[27.683s][info][gc,heap     ] GC(167)      Used:      102M (10%)         104M (10%)         104M (10%)          76M (7%)          124M (12%)          76M (7%)     
[27.683s][info][gc,heap     ] GC(167)      Live:         -                48M (5%)           48M (5%)           48M (5%)             -                  -          
[27.683s][info][gc,heap     ] GC(167) Allocated:         -                 2M (0%)            2M (0%)            2M (0%)             -                  -          
[27.683s][info][gc,heap     ] GC(167)   Garbage:         -                53M (5%)           53M (5%)           25M (3%)             -                  -          
[27.683s][info][gc,heap     ] GC(167) Reclaimed:         -                  -                 0M (0%)           28M (3%)             -                  -          
[27.683s][info][gc          ] GC(167) Garbage Collection (System.gc()) 102M(10%)->76M(7%)
[27.896s][info][gc,start    ] GC(168) Garbage Collection (Allocation Rate)
[27.896s][info][gc,task     ] GC(168) Using 10 workers
[27.896s][info][gc,phases   ] GC(168) Pause Mark Start 0.010ms
[27.920s][info][gc,phases   ] GC(168) Concurrent Mark 23.380ms
[27.920s][info][gc,phases   ] GC(168) Pause Mark End 0.018ms
[27.920s][info][gc,phases   ] GC(168) Concurrent Mark Free 0.001ms
[27.922s][info][gc,phases   ] GC(168) Concurrent Process Non-Strong References 2.251ms
[27.922s][info][gc,phases   ] GC(168) Concurrent Reset Relocation Set 0.004ms
[27.922s][info][gc          ] Allocation Stall (finagle/netty4-2-50) 6.347ms
[27.922s][info][gc          ] Allocation Stall (finagle/netty4-2-79) 6.529ms
[27.922s][info][gc          ] Allocation Stall (finagle/netty4-2-86) 4.701ms
[27.922s][info][gc          ] Allocation Stall (finagle/netty4-2-88) 4.639ms
[27.922s][info][gc          ] Allocation Stall (finagle-http-worker-24) 6.725ms
[27.922s][info][gc          ] Allocation Stall (finagle/netty4-2-62) 6.597ms
[27.922s][info][gc          ] Allocation Stall (finagle-http-worker-35) 6.166ms
[27.922s][info][gc          ] Allocation Stall (finagle-http-worker-8) 6.580ms
[27.922s][info][gc          ] Allocation Stall (finagle/netty4-2-14) 6.261ms
[27.922s][info][gc          ] Allocation Stall (finagle/netty4-2-89) 5.936ms
[27.922s][info][gc          ] Allocation Stall (finagle-http-worker-45) 6.724ms
[27.922s][info][gc          ] Allocation Stall (finagle/netty4-2-77) 4.477ms
[27.922s][info][gc          ] Allocation Stall (finagle/netty4-2-58) 6.551ms
[27.922s][info][gc          ] Allocation Stall (finagle-http-worker-0) 6.623ms
[27.922s][info][gc          ] Allocation Stall (finagle/netty4-2-69) 5.711ms
[27.922s][info][gc          ] Allocation Stall (finagle/netty4-2-55) 6.760ms
[27.922s][info][gc          ] Allocation Stall (finagle-http-worker-32) 7.004ms
[27.922s][info][gc          ] Allocation Stall (finagle/netty4-2-57) 5.455ms
[27.922s][info][gc          ] Allocation Stall (finagle/netty4-2-61) 7.097ms
[27.922s][info][gc          ] Allocation Stall (finagle/netty4-2-90) 6.357ms
[27.922s][info][gc          ] Allocation Stall (finagle/netty4-2-83) 4.552ms
[27.922s][info][gc          ] Allocation Stall (finagle/netty4-2-52) 7.277ms
[27.922s][info][gc          ] Allocation Stall (finagle/netty4-2-12) 7.083ms
[27.922s][info][gc          ] Allocation Stall (finagle/netty4-2-78) 7.053ms
[27.922s][info][gc          ] Allocation Stall (finagle/netty4-2-15) 7.527ms
[27.922s][info][gc          ] Allocation Stall (finagle-http-worker-19) 6.677ms
[27.922s][info][gc          ] Allocation Stall (finagle/netty4-2-63) 7.072ms
[27.922s][info][gc          ] Allocation Stall (finagle/netty4-2-76) 7.305ms
[27.922s][info][gc          ] Allocation Stall (finagle/netty4-2-71) 4.966ms
[27.922s][info][gc          ] Allocation Stall (finagle-http-worker-14) 6.957ms
[27.922s][info][gc          ] Allocation Stall (finagle-http-worker-36) 6.579ms
[27.922s][info][gc          ] Allocation Stall (finagle/netty4-2-67) 7.276ms
[27.922s][info][gc          ] Allocation Stall (finagle/netty4-2-59) 4.551ms
[27.922s][info][gc          ] Allocation Stall (finagle-http-worker-33) 6.190ms
[27.922s][info][gc          ] Allocation Stall (finagle/netty4-2-92) 6.898ms
[27.922s][info][gc          ] Allocation Stall (finagle/netty4-2-9) 6.735ms
[27.922s][info][gc          ] Allocation Stall (finagle/netty4-2-49) 7.599ms
[27.922s][info][gc          ] Allocation Stall (finagle/netty4-2-28) 7.650ms
[27.922s][info][gc          ] Allocation Stall (finagle/netty4-2-5) 7.453ms
[27.922s][info][gc          ] Allocation Stall (finagle/netty4-2-53) 4.641ms
[27.922s][info][gc          ] Allocation Stall (finagle/netty4-2-74) 6.010ms
[27.922s][info][gc          ] Allocation Stall (finagle/netty4-2-70) 4.608ms
[27.922s][info][gc          ] Allocation Stall (finagle/netty4-2-4) 5.952ms
[27.922s][info][gc          ] Allocation Stall (finagle-http-worker-15) 7.447ms
[27.922s][info][gc          ] Allocation Stall (finagle/netty4-2-8) 6.980ms
[27.922s][info][gc          ] Allocation Stall (finagle/netty4-2-87) 5.979ms
[27.922s][info][gc          ] Allocation Stall (finagle/netty4-2-95) 6.943ms
[27.922s][info][gc          ] Allocation Stall (finagle/netty4-2-94) 6.905ms
[27.930s][info][gc,phases   ] GC(168) Concurrent Select Relocation Set 7.656ms
[27.930s][info][gc,phases   ] GC(168) Pause Relocate Start 0.011ms
[27.936s][info][gc,phases   ] GC(168) Concurrent Relocate 6.175ms
[27.937s][info][gc,load     ] GC(168) Load: 0.00/0.00/0.00
[27.937s][info][gc,mmu      ] GC(168) MMU: 2ms/95.9%, 5ms/98.4%, 10ms/99.2%, 20ms/99.6%, 50ms/99.8%, 100ms/99.9%
[27.937s][info][gc,marking  ] GC(168) Mark: 8 stripe(s), 4 proactive flush(es), 1 terminate flush(es), 0 completion(s), 0 continuation(s) 
[27.937s][info][gc,marking  ] GC(168) Mark Stack Usage: 32M
[27.937s][info][gc,nmethod  ] GC(168) NMethods: 8954 registered, 94 unregistered
[27.937s][info][gc,metaspace] GC(168) Metaspace: 71M used, 72M committed, 1088M reserved
[27.937s][info][gc,ref      ] GC(168) Soft: 2442 encountered, 0 discovered, 0 enqueued
[27.937s][info][gc,ref      ] GC(168) Weak: 10947 encountered, 1508 discovered, 1 enqueued
[27.937s][info][gc,ref      ] GC(168) Final: 289 encountered, 23 discovered, 0 enqueued
[27.937s][info][gc,ref      ] GC(168) Phantom: 425 encountered, 323 discovered, 1 enqueued
[27.937s][info][gc,reloc    ] GC(168) Small Pages: 465 / 930M, Empty: 410M, Relocated: 10M, In-Place: 0
[27.937s][info][gc,reloc    ] GC(168) Medium Pages: 0 / 0M, Empty: 0M, Relocated: 0M, In-Place: 0
[27.937s][info][gc,reloc    ] GC(168) Large Pages: 0 / 0M, Empty: 0M, Relocated: 0M, In-Place: 0
[27.937s][info][gc,reloc    ] GC(168) Forwarding Usage: 3M
[27.937s][info][gc,heap     ] GC(168) Min Capacity: 8M(1%)
[27.937s][info][gc,heap     ] GC(168) Max Capacity: 1024M(100%)
[27.937s][info][gc,heap     ] GC(168) Soft Max Capacity: 1024M(100%)
[27.937s][info][gc,heap     ] GC(168)                Mark Start          Mark End        Relocate Start      Relocate End           High               Low         
[27.937s][info][gc,heap     ] GC(168)  Capacity:     1024M (100%)       1024M (100%)       1024M (100%)       1024M (100%)       1024M (100%)       1024M (100%)   
[27.937s][info][gc,heap     ] GC(168)      Free:       94M (9%)            0M (0%)          372M (36%)         798M (78%)         810M (79%)           0M (0%)     
[27.937s][info][gc,heap     ] GC(168)      Used:      930M (91%)        1024M (100%)        652M (64%)         226M (22%)        1024M (100%)        214M (21%)    
[27.937s][info][gc,heap     ] GC(168)      Live:         -                51M (5%)           51M (5%)           51M (5%)             -                  -          
[27.937s][info][gc,heap     ] GC(168) Allocated:         -                94M (9%)          132M (13%)         153M (15%)            -                  -          
[27.937s][info][gc,heap     ] GC(168)   Garbage:         -               878M (86%)         468M (46%)          20M (2%)             -                  -          
[27.937s][info][gc,heap     ] GC(168) Reclaimed:         -                  -               410M (40%)         857M (84%)            -                  -          
[27.937s][info][gc          ] GC(168) Garbage Collection (Allocation Rate) 930M(91%)->226M(22%)
[27.996s][info][gc,start    ] GC(169) Garbage Collection (Allocation Stall)
[27.996s][info][gc,ref      ] GC(169) Clearing All SoftReferences
[27.996s][info][gc,task     ] GC(169) Using 10 workers
[27.997s][info][gc,ref      ] GC(169) Clearing All SoftReferences
[27.997s][info][gc,phases   ] GC(169) Pause Mark Start 0.049ms
[28.026s][info][gc,phases   ] GC(169) Concurrent Mark 29.428ms
[28.027s][info][gc,phases   ] GC(169) Pause Mark End 0.024ms
[28.029s][info][gc,phases   ] GC(169) Concurrent Mark Free 0.002ms
[28.055s][info][gc,phases   ] GC(169) Concurrent Process Non-Strong References 25.421ms
[28.055s][info][gc,phases   ] GC(169) Concurrent Reset Relocation Set 0.065ms
[28.060s][info][gc,phases   ] GC(169) Concurrent Select Relocation Set 5.077ms
[28.060s][info][gc,phases   ] GC(169) Pause Relocate Start 0.008ms
[28.065s][info][gc,phases   ] GC(169) Concurrent Relocate 4.919ms
[28.065s][info][gc,load     ] GC(169) Load: 0.00/0.00/0.00
[28.065s][info][gc,mmu      ] GC(169) MMU: 2ms/95.9%, 5ms/98.4%, 10ms/99.2%, 20ms/99.6%, 50ms/99.8%, 100ms/99.9%
[28.065s][info][gc,marking  ] GC(169) Mark: 8 stripe(s), 2 proactive flush(es), 1 terminate flush(es), 0 completion(s), 0 continuation(s) 
[28.065s][info][gc,marking  ] GC(169) Mark Stack Usage: 32M
[28.065s][info][gc,nmethod  ] GC(169) NMethods: 8954 registered, 94 unregistered
[28.066s][info][gc,metaspace] GC(169) Metaspace: 71M used, 72M committed, 1088M reserved
[28.066s][info][gc,ref      ] GC(169) Soft: 2439 encountered, 208 discovered, 50 enqueued
[28.066s][info][gc,ref      ] GC(169) Weak: 10946 encountered, 1757 discovered, 4 enqueued
[28.066s][info][gc,ref      ] GC(169) Final: 289 encountered, 25 discovered, 0 enqueued
[28.066s][info][gc,ref      ] GC(169) Phantom: 424 encountered, 328 discovered, 0 enqueued
[28.066s][info][gc,reloc    ] GC(169) Small Pages: 264 / 528M, Empty: 168M, Relocated: 6M, In-Place: 0
[28.066s][info][gc,reloc    ] GC(169) Medium Pages: 0 / 0M, Empty: 0M, Relocated: 0M, In-Place: 0
[28.066s][info][gc,reloc    ] GC(169) Large Pages: 0 / 0M, Empty: 0M, Relocated: 0M, In-Place: 0
[28.066s][info][gc,reloc    ] GC(169) Forwarding Usage: 3M
[28.066s][info][gc,heap     ] GC(169) Min Capacity: 8M(1%)
[28.066s][info][gc,heap     ] GC(169) Max Capacity: 1024M(100%)
[28.066s][info][gc,heap     ] GC(169) Soft Max Capacity: 1024M(100%)
[28.066s][info][gc,heap     ] GC(169)                Mark Start          Mark End        Relocate Start      Relocate End           High               Low         
[28.066s][info][gc,heap     ] GC(169)  Capacity:     1024M (100%)       1024M (100%)       1024M (100%)       1024M (100%)       1024M (100%)       1024M (100%)   
[28.066s][info][gc,heap     ] GC(169)      Free:      496M (48%)         358M (35%)         366M (36%)         636M (62%)         644M (63%)         224M (22%)    
[28.066s][info][gc,heap     ] GC(169)      Used:      528M (52%)         666M (65%)         658M (64%)         388M (38%)         800M (78%)         380M (37%)    
[28.066s][info][gc,heap     ] GC(169)      Live:         -                51M (5%)           51M (5%)           51M (5%)             -                  -          
[28.066s][info][gc,heap     ] GC(169) Allocated:         -               138M (13%)         298M (29%)         311M (30%)            -                  -          
[28.066s][info][gc,heap     ] GC(169)   Garbage:         -               476M (47%)         308M (30%)          24M (2%)             -                  -          
[28.066s][info][gc,heap     ] GC(169) Reclaimed:         -                  -               168M (16%)         451M (44%)            -                  -          
[28.066s][info][gc          ] GC(169) Garbage Collection (Allocation Stall) 528M(52%)->388M(38%)
[28.096s][info][gc,start    ] GC(170) Garbage Collection (Allocation Rate)
[28.096s][info][gc,task     ] GC(170) Using 10 workers
[28.096s][info][gc,phases   ] GC(170) Pause Mark Start 0.011ms
[28.119s][info][gc,phases   ] GC(170) Concurrent Mark 22.035ms
[28.119s][info][gc,phases   ] GC(170) Pause Mark End 0.033ms
[28.120s][info][gc,phases   ] GC(170) Concurrent Mark Free 0.002ms
[28.123s][info][gc,phases   ] GC(170) Concurrent Process Non-Strong References 3.447ms
[28.123s][info][gc,phases   ] GC(170) Concurrent Reset Relocation Set 0.038ms
[28.128s][info][gc,phases   ] GC(170) Concurrent Select Relocation Set 4.813ms
[28.128s][info][gc,phases   ] GC(170) Pause Relocate Start 0.007ms
[28.132s][info][gc,phases   ] GC(170) Concurrent Relocate 4.051ms
[28.133s][info][gc,load     ] GC(170) Load: 0.00/0.00/0.00
[28.133s][info][gc,mmu      ] GC(170) MMU: 2ms/95.9%, 5ms/98.4%, 10ms/99.2%, 20ms/99.6%, 50ms/99.8%, 100ms/99.9%
[28.133s][info][gc,marking  ] GC(170) Mark: 8 stripe(s), 3 proactive flush(es), 1 terminate flush(es), 0 completion(s), 0 continuation(s) 
[28.133s][info][gc,marking  ] GC(170) Mark Stack Usage: 32M
[28.133s][info][gc,nmethod  ] GC(170) NMethods: 8954 registered, 95 unregistered
[28.133s][info][gc,metaspace] GC(170) Metaspace: 71M used, 72M committed, 1088M reserved
[28.133s][info][gc,ref      ] GC(170) Soft: 2389 encountered, 0 discovered, 0 enqueued
[28.133s][info][gc,ref      ] GC(170) Weak: 10942 encountered, 1076 discovered, 0 enqueued
[28.133s][info][gc,ref      ] GC(170) Final: 289 encountered, 19 discovered, 0 enqueued
[28.133s][info][gc,ref      ] GC(170) Phantom: 424 encountered, 342 discovered, 0 enqueued
[28.133s][info][gc,reloc    ] GC(170) Small Pages: 271 / 542M, Empty: 242M, Relocated: 6M, In-Place: 0
[28.133s][info][gc,reloc    ] GC(170) Medium Pages: 0 / 0M, Empty: 0M, Relocated: 0M, In-Place: 0
[28.133s][info][gc,reloc    ] GC(170) Large Pages: 0 / 0M, Empty: 0M, Relocated: 0M, In-Place: 0
[28.133s][info][gc,reloc    ] GC(170) Forwarding Usage: 3M
[28.133s][info][gc,heap     ] GC(170) Min Capacity: 8M(1%)
[28.133s][info][gc,heap     ] GC(170) Max Capacity: 1024M(100%)
[28.133s][info][gc,heap     ] GC(170) Soft Max Capacity: 1024M(100%)
[28.133s][info][gc,heap     ] GC(170)                Mark Start          Mark End        Relocate Start      Relocate End           High               Low         
[28.133s][info][gc,heap     ] GC(170)  Capacity:     1024M (100%)       1024M (100%)       1024M (100%)       1024M (100%)       1024M (100%)       1024M (100%)   
[28.133s][info][gc,heap     ] GC(170)      Free:      482M (47%)         374M (37%)         576M (56%)         790M (77%)         794M (78%)         358M (35%)    
[28.133s][info][gc,heap     ] GC(170)      Used:      542M (53%)         650M (63%)         448M (44%)         234M (23%)         666M (65%)         230M (22%)    
[28.133s][info][gc,heap     ] GC(170)      Live:         -                51M (5%)           51M (5%)           51M (5%)             -                  -          
[28.133s][info][gc,heap     ] GC(170) Allocated:         -               108M (11%)         148M (14%)         157M (15%)            -                  -          
[28.133s][info][gc,heap     ] GC(170)   Garbage:         -               490M (48%)         248M (24%)          24M (2%)             -                  -          
[28.133s][info][gc,heap     ] GC(170) Reclaimed:         -                  -               242M (24%)         465M (45%)            -                  -          
[28.133s][info][gc          ] GC(170) Garbage Collection (Allocation Rate) 542M(53%)->234M(23%)
[28.195s][info][gc,start    ] GC(171) Garbage Collection (Allocation Rate)
[28.218s][info][gc,task     ] GC(171) Using 10 workers
[28.219s][info][gc,phases   ] GC(171) Pause Mark Start 0.009ms
[28.245s][info][gc,phases   ] GC(171) Concurrent Mark 26.069ms
[28.245s][info][gc,phases   ] GC(171) Pause Mark End 0.027ms
[28.246s][info][gc,phases   ] GC(171) Concurrent Mark Free 0.001ms
[28.250s][info][gc,phases   ] GC(171) Concurrent Process Non-Strong References 3.798ms
[28.250s][info][gc,phases   ] GC(171) Concurrent Reset Relocation Set 0.036ms
[28.259s][info][gc,phases   ] GC(171) Concurrent Select Relocation Set 9.131ms
[28.259s][info][gc,phases   ] GC(171) Pause Relocate Start 0.008ms
[28.264s][info][gc,phases   ] GC(171) Concurrent Relocate 4.863ms
[28.264s][info][gc,load     ] GC(171) Load: 0.00/0.00/0.00
[28.264s][info][gc,mmu      ] GC(171) MMU: 2ms/95.9%, 5ms/98.4%, 10ms/99.2%, 20ms/99.6%, 50ms/99.8%, 100ms/99.9%
[28.264s][info][gc,marking  ] GC(171) Mark: 8 stripe(s), 4 proactive flush(es), 1 terminate flush(es), 0 completion(s), 0 continuation(s) 
[28.264s][info][gc,marking  ] GC(171) Mark Stack Usage: 32M
[28.264s][info][gc,nmethod  ] GC(171) NMethods: 8954 registered, 96 unregistered
[28.265s][info][gc,metaspace] GC(171) Metaspace: 71M used, 72M committed, 1088M reserved
[28.265s][info][gc,ref      ] GC(171) Soft: 2389 encountered, 0 discovered, 0 enqueued
[28.265s][info][gc,ref      ] GC(171) Weak: 10942 encountered, 1753 discovered, 0 enqueued
[28.265s][info][gc,ref      ] GC(171) Final: 289 encountered, 36 discovered, 0 enqueued
[28.265s][info][gc,ref      ] GC(171) Phantom: 424 encountered, 349 discovered, 0 enqueued
[28.265s][info][gc,reloc    ] GC(171) Small Pages: 333 / 666M, Empty: 330M, Relocated: 6M, In-Place: 0
[28.265s][info][gc,reloc    ] GC(171) Medium Pages: 0 / 0M, Empty: 0M, Relocated: 0M, In-Place: 0
[28.265s][info][gc,reloc    ] GC(171) Large Pages: 0 / 0M, Empty: 0M, Relocated: 0M, In-Place: 0
[28.265s][info][gc,reloc    ] GC(171) Forwarding Usage: 3M
[28.265s][info][gc,heap     ] GC(171) Min Capacity: 8M(1%)
[28.265s][info][gc,heap     ] GC(171) Max Capacity: 1024M(100%)
[28.265s][info][gc,heap     ] GC(171) Soft Max Capacity: 1024M(100%)
[28.265s][info][gc,heap     ] GC(171)                Mark Start          Mark End        Relocate Start      Relocate End           High               Low         
[28.265s][info][gc,heap     ] GC(171)  Capacity:     1024M (100%)       1024M (100%)       1024M (100%)       1024M (100%)       1024M (100%)       1024M (100%)   
[28.265s][info][gc,heap     ] GC(171)      Free:      358M (35%)         230M (22%)         498M (49%)         746M (73%)         752M (73%)         210M (21%)    
[28.265s][info][gc,heap     ] GC(171)      Used:      666M (65%)         794M (78%)         526M (51%)         278M (27%)         814M (79%)         272M (27%)    
[28.265s][info][gc,heap     ] GC(171)      Live:         -                51M (5%)           51M (5%)           51M (5%)             -                  -          
[28.265s][info][gc,heap     ] GC(171) Allocated:         -               128M (13%)         190M (19%)         201M (20%)            -                  -          
[28.265s][info][gc,heap     ] GC(171)   Garbage:         -               614M (60%)         284M (28%)          24M (2%)             -                  -          
[28.265s][info][gc,heap     ] GC(171) Reclaimed:         -                  -               330M (32%)         589M (58%)            -                  -          
[28.265s][info][gc          ] GC(171) Garbage Collection (Allocation Rate) 666M(65%)->278M(27%)
[28.295s][info][gc,start    ] GC(172) Garbage Collection (Allocation Rate)
[28.295s][info][gc,task     ] GC(172) Using 10 workers
[28.295s][info][gc,phases   ] GC(172) Pause Mark Start 0.010ms
[28.323s][info][gc,phases   ] GC(172) Concurrent Mark 27.354ms
[28.323s][info][gc,phases   ] GC(172) Pause Mark End 0.027ms
[28.325s][info][gc,phases   ] GC(172) Concurrent Mark Free 0.002ms
[28.328s][info][gc,phases   ] GC(172) Concurrent Process Non-Strong References 3.685ms
[28.328s][info][gc,phases   ] GC(172) Concurrent Reset Relocation Set 0.051ms
[28.335s][info][gc,phases   ] GC(172) Concurrent Select Relocation Set 6.314ms
[28.335s][info][gc,phases   ] GC(172) Pause Relocate Start 0.011ms
[28.340s][info][gc,phases   ] GC(172) Concurrent Relocate 4.943ms
[28.340s][info][gc,load     ] GC(172) Load: 0.00/0.00/0.00
[28.340s][info][gc,mmu      ] GC(172) MMU: 2ms/95.9%, 5ms/98.4%, 10ms/99.2%, 20ms/99.6%, 50ms/99.8%, 100ms/99.9%
[28.340s][info][gc,marking  ] GC(172) Mark: 8 stripe(s), 5 proactive flush(es), 1 terminate flush(es), 0 completion(s), 0 continuation(s) 
[28.340s][info][gc,marking  ] GC(172) Mark Stack Usage: 32M
[28.340s][info][gc,nmethod  ] GC(172) NMethods: 8954 registered, 96 unregistered
[28.340s][info][gc,metaspace] GC(172) Metaspace: 71M used, 72M committed, 1088M reserved
[28.340s][info][gc,ref      ] GC(172) Soft: 2389 encountered, 0 discovered, 0 enqueued
[28.340s][info][gc,ref      ] GC(172) Weak: 10942 encountered, 2066 discovered, 0 enqueued
[28.340s][info][gc,ref      ] GC(172) Final: 289 encountered, 57 discovered, 0 enqueued
[28.340s][info][gc,ref      ] GC(172) Phantom: 424 encountered, 327 discovered, 0 enqueued
[28.340s][info][gc,reloc    ] GC(172) Small Pages: 218 / 436M, Empty: 170M, Relocated: 6M, In-Place: 0
[28.340s][info][gc,reloc    ] GC(172) Medium Pages: 0 / 0M, Empty: 0M, Relocated: 0M, In-Place: 0
[28.340s][info][gc,reloc    ] GC(172) Large Pages: 0 / 0M, Empty: 0M, Relocated: 0M, In-Place: 0
[28.340s][info][gc,reloc    ] GC(172) Forwarding Usage: 2M
[28.340s][info][gc,heap     ] GC(172) Min Capacity: 8M(1%)
[28.340s][info][gc,heap     ] GC(172) Max Capacity: 1024M(100%)
[28.340s][info][gc,heap     ] GC(172) Soft Max Capacity: 1024M(100%)
[28.341s][info][gc,heap     ] GC(172)                Mark Start          Mark End        Relocate Start      Relocate End           High               Low         
[28.341s][info][gc,heap     ] GC(172)  Capacity:     1024M (100%)       1024M (100%)       1024M (100%)       1024M (100%)       1024M (100%)       1024M (100%)   
[28.341s][info][gc,heap     ] GC(172)      Free:      588M (57%)         454M (44%)         576M (56%)         752M (73%)         760M (74%)         432M (42%)    
[28.341s][info][gc,heap     ] GC(172)      Used:      436M (43%)         570M (56%)         448M (44%)         272M (27%)         592M (58%)         264M (26%)    
[28.341s][info][gc,heap     ] GC(172)      Live:         -                51M (5%)           51M (5%)           51M (5%)             -                  -          
[28.341s][info][gc,heap     ] GC(172) Allocated:         -               134M (13%)         182M (18%)         195M (19%)            -                  -          
[28.341s][info][gc,heap     ] GC(172)   Garbage:         -               384M (38%)         214M (21%)          24M (2%)             -                  -          
[28.341s][info][gc,heap     ] GC(172) Reclaimed:         -                  -               170M (17%)         359M (35%)            -                  -          
[28.341s][info][gc          ] GC(172) Garbage Collection (Allocation Rate) 436M(43%)->272M(27%)
[28.395s][info][gc,start    ] GC(173) Garbage Collection (Allocation Rate)
[28.395s][info][gc,task     ] GC(173) Using 10 workers
[28.396s][info][gc,phases   ] GC(173) Pause Mark Start 0.012ms
[28.424s][info][gc,phases   ] GC(173) Concurrent Mark 28.260ms
[28.424s][info][gc,phases   ] GC(173) Pause Mark End 0.025ms
[28.425s][info][gc,phases   ] GC(173) Concurrent Mark Free 0.001ms
[28.429s][info][gc,phases   ] GC(173) Concurrent Process Non-Strong References 3.505ms
[28.429s][info][gc,phases   ] GC(173) Concurrent Reset Relocation Set 0.032ms
[28.440s][info][gc,phases   ] GC(173) Concurrent Select Relocation Set 10.694ms
[28.440s][info][gc,phases   ] GC(173) Pause Relocate Start 0.009ms
[28.445s][info][gc,phases   ] GC(173) Concurrent Relocate 4.850ms
[28.445s][info][gc,load     ] GC(173) Load: 0.00/0.00/0.00
[28.445s][info][gc,mmu      ] GC(173) MMU: 2ms/95.9%, 5ms/98.4%, 10ms/99.2%, 20ms/99.6%, 50ms/99.8%, 100ms/99.9%
[28.445s][info][gc,marking  ] GC(173) Mark: 8 stripe(s), 4 proactive flush(es), 1 terminate flush(es), 0 completion(s), 0 continuation(s) 
[28.445s][info][gc,marking  ] GC(173) Mark Stack Usage: 32M
[28.445s][info][gc,nmethod  ] GC(173) NMethods: 8954 registered, 96 unregistered
[28.445s][info][gc,metaspace] GC(173) Metaspace: 71M used, 72M committed, 1088M reserved
[28.445s][info][gc,ref      ] GC(173) Soft: 2389 encountered, 0 discovered, 0 enqueued
[28.445s][info][gc,ref      ] GC(173) Weak: 10942 encountered, 1216 discovered, 0 enqueued
[28.445s][info][gc,ref      ] GC(173) Final: 289 encountered, 3 discovered, 0 enqueued
[28.445s][info][gc,ref      ] GC(173) Phantom: 424 encountered, 324 discovered, 0 enqueued
[28.445s][info][gc,reloc    ] GC(173) Small Pages: 276 / 552M, Empty: 234M, Relocated: 6M, In-Place: 0
[28.445s][info][gc,reloc    ] GC(173) Medium Pages: 0 / 0M, Empty: 0M, Relocated: 0M, In-Place: 0
[28.445s][info][gc,reloc    ] GC(173) Large Pages: 0 / 0M, Empty: 0M, Relocated: 0M, In-Place: 0
[28.446s][info][gc,reloc    ] GC(173) Forwarding Usage: 2M
[28.446s][info][gc,heap     ] GC(173) Min Capacity: 8M(1%)
[28.446s][info][gc,heap     ] GC(173) Max Capacity: 1024M(100%)
[28.446s][info][gc,heap     ] GC(173) Soft Max Capacity: 1024M(100%)
[28.446s][info][gc,heap     ] GC(173)                Mark Start          Mark End        Relocate Start      Relocate End           High               Low         
[28.446s][info][gc,heap     ] GC(173)  Capacity:     1024M (100%)       1024M (100%)       1024M (100%)       1024M (100%)       1024M (100%)       1024M (100%)   
[28.446s][info][gc,heap     ] GC(173)      Free:      472M (46%)         338M (33%)         500M (49%)         730M (71%)         736M (72%)         316M (31%)    
[28.446s][info][gc,heap     ] GC(173)      Used:      552M (54%)         686M (67%)         524M (51%)         294M (29%)         708M (69%)         288M (28%)    
[28.446s][info][gc,heap     ] GC(173)      Live:         -                51M (5%)           51M (5%)           51M (5%)             -                  -          
[28.446s][info][gc,heap     ] GC(173) Allocated:         -               134M (13%)         206M (20%)         217M (21%)            -                  -          
[28.446s][info][gc,heap     ] GC(173)   Garbage:         -               500M (49%)         266M (26%)          24M (2%)             -                  -          
[28.446s][info][gc,heap     ] GC(173) Reclaimed:         -                  -               234M (23%)         475M (46%)            -                  -          
[28.446s][info][gc          ] GC(173) Garbage Collection (Allocation Rate) 552M(54%)->294M(29%)
[28.496s][info][gc,start    ] GC(174) Garbage Collection (Allocation Rate)
[28.496s][info][gc,task     ] GC(174) Using 10 workers
[28.496s][info][gc,phases   ] GC(174) Pause Mark Start 0.009ms
[28.521s][info][gc,phases   ] GC(174) Concurrent Mark 24.324ms
[28.521s][info][gc,phases   ] GC(174) Pause Mark End 0.025ms
[28.523s][info][gc,phases   ] GC(174) Concurrent Mark Free 0.002ms
[28.527s][info][gc,phases   ] GC(174) Concurrent Process Non-Strong References 3.817ms
[28.527s][info][gc,phases   ] GC(174) Concurrent Reset Relocation Set 0.037ms
[28.536s][info][gc,phases   ] GC(174) Concurrent Select Relocation Set 9.026ms
[28.536s][info][gc,phases   ] GC(174) Pause Relocate Start 0.009ms
[28.542s][info][gc,phases   ] GC(174) Concurrent Relocate 5.398ms
[28.542s][info][gc,load     ] GC(174) Load: 0.00/0.00/0.00
[28.542s][info][gc,mmu      ] GC(174) MMU: 2ms/95.9%, 5ms/98.4%, 10ms/99.2%, 20ms/99.6%, 50ms/99.8%, 100ms/99.9%
[28.542s][info][gc,marking  ] GC(174) Mark: 8 stripe(s), 4 proactive flush(es), 1 terminate flush(es), 0 completion(s), 0 continuation(s) 
[28.542s][info][gc,marking  ] GC(174) Mark Stack Usage: 32M
[28.542s][info][gc,nmethod  ] GC(174) NMethods: 8954 registered, 96 unregistered
[28.542s][info][gc,metaspace] GC(174) Metaspace: 71M used, 72M committed, 1088M reserved
[28.542s][info][gc,ref      ] GC(174) Soft: 2389 encountered, 0 discovered, 0 enqueued
[28.542s][info][gc,ref      ] GC(174) Weak: 10942 encountered, 1107 discovered, 0 enqueued
[28.542s][info][gc,ref      ] GC(174) Final: 289 encountered, 11 discovered, 0 enqueued
[28.542s][info][gc,ref      ] GC(174) Phantom: 424 encountered, 318 discovered, 0 enqueued
[28.542s][info][gc,reloc    ] GC(174) Small Pages: 275 / 550M, Empty: 220M, Relocated: 6M, In-Place: 0
[28.542s][info][gc,reloc    ] GC(174) Medium Pages: 0 / 0M, Empty: 0M, Relocated: 0M, In-Place: 0
[28.542s][info][gc,reloc    ] GC(174) Large Pages: 0 / 0M, Empty: 0M, Relocated: 0M, In-Place: 0
[28.542s][info][gc,reloc    ] GC(174) Forwarding Usage: 3M
[28.542s][info][gc,heap     ] GC(174) Min Capacity: 8M(1%)
[28.542s][info][gc,heap     ] GC(174) Max Capacity: 1024M(100%)
[28.542s][info][gc,heap     ] GC(174) Soft Max Capacity: 1024M(100%)
[28.542s][info][gc,heap     ] GC(174)                Mark Start          Mark End        Relocate Start      Relocate End           High               Low         
[28.542s][info][gc,heap     ] GC(174)  Capacity:     1024M (100%)       1024M (100%)       1024M (100%)       1024M (100%)       1024M (100%)       1024M (100%)   
[28.542s][info][gc,heap     ] GC(174)      Free:      474M (46%)         356M (35%)         510M (50%)         746M (73%)         756M (74%)         334M (33%)    
[28.542s][info][gc,heap     ] GC(174)      Used:      550M (54%)         668M (65%)         514M (50%)         278M (27%)         690M (67%)         268M (26%)    
[28.542s][info][gc,heap     ] GC(174)      Live:         -                51M (5%)           51M (5%)           51M (5%)             -                  -          
[28.542s][info][gc,heap     ] GC(174) Allocated:         -               118M (12%)         184M (18%)         201M (20%)            -                  -          
[28.542s][info][gc,heap     ] GC(174)   Garbage:         -               498M (49%)         278M (27%)          24M (2%)             -                  -          
[28.542s][info][gc,heap     ] GC(174) Reclaimed:         -                  -               220M (21%)         473M (46%)            -                  -          
[28.542s][info][gc          ] GC(174) Garbage Collection (Allocation Rate) 550M(54%)->278M(27%)
[28.597s][info][gc,start    ] GC(175) Garbage Collection (Allocation Rate)
[28.597s][info][gc,task     ] GC(175) Using 10 workers
[28.597s][info][gc,phases   ] GC(175) Pause Mark Start 0.011ms
[28.621s][info][gc,phases   ] GC(175) Concurrent Mark 23.290ms
[28.621s][info][gc,phases   ] GC(175) Pause Mark End 0.026ms
[28.622s][info][gc,phases   ] GC(175) Concurrent Mark Free 0.002ms
[28.626s][info][gc,phases   ] GC(175) Concurrent Process Non-Strong References 3.866ms
[28.626s][info][gc,phases   ] GC(175) Concurrent Reset Relocation Set 0.047ms
[28.633s][info][gc,phases   ] GC(175) Concurrent Select Relocation Set 6.328ms
[28.633s][info][gc,phases   ] GC(175) Pause Relocate Start 0.010ms
[28.638s][info][gc,phases   ] GC(175) Concurrent Relocate 5.031ms
[28.638s][info][gc,load     ] GC(175) Load: 0.00/0.00/0.00
[28.638s][info][gc,mmu      ] GC(175) MMU: 2ms/95.9%, 5ms/98.4%, 10ms/99.2%, 20ms/99.6%, 50ms/99.8%, 100ms/99.9%
[28.638s][info][gc,marking  ] GC(175) Mark: 8 stripe(s), 3 proactive flush(es), 1 terminate flush(es), 0 completion(s), 0 continuation(s) 
[28.639s][info][gc,marking  ] GC(175) Mark Stack Usage: 32M
[28.639s][info][gc,nmethod  ] GC(175) NMethods: 8954 registered, 96 unregistered
[28.639s][info][gc,metaspace] GC(175) Metaspace: 71M used, 72M committed, 1088M reserved
[28.639s][info][gc,ref      ] GC(175) Soft: 2389 encountered, 0 discovered, 0 enqueued
[28.639s][info][gc,ref      ] GC(175) Weak: 10942 encountered, 1282 discovered, 0 enqueued
[28.639s][info][gc,ref      ] GC(175) Final: 289 encountered, 18 discovered, 0 enqueued
[28.639s][info][gc,ref      ] GC(175) Phantom: 424 encountered, 355 discovered, 0 enqueued
[28.639s][info][gc,reloc    ] GC(175) Small Pages: 276 / 552M, Empty: 206M, Relocated: 6M, In-Place: 0
[28.639s][info][gc,reloc    ] GC(175) Medium Pages: 0 / 0M, Empty: 0M, Relocated: 0M, In-Place: 0
[28.639s][info][gc,reloc    ] GC(175) Large Pages: 0 / 0M, Empty: 0M, Relocated: 0M, In-Place: 0
[28.639s][info][gc,reloc    ] GC(175) Forwarding Usage: 2M
[28.639s][info][gc,heap     ] GC(175) Min Capacity: 8M(1%)
[28.639s][info][gc,heap     ] GC(175) Max Capacity: 1024M(100%)
[28.639s][info][gc,heap     ] GC(175) Soft Max Capacity: 1024M(100%)
[28.639s][info][gc,heap     ] GC(175)                Mark Start          Mark End        Relocate Start      Relocate End           High               Low         
[28.639s][info][gc,heap     ] GC(175)  Capacity:     1024M (100%)       1024M (100%)       1024M (100%)       1024M (100%)       1024M (100%)       1024M (100%)   
[28.639s][info][gc,heap     ] GC(175)      Free:      472M (46%)         358M (35%)         512M (50%)         766M (75%)         774M (76%)         334M (33%)    
[28.639s][info][gc,heap     ] GC(175)      Used:      552M (54%)         666M (65%)         512M (50%)         258M (25%)         690M (67%)         250M (24%)    
[28.639s][info][gc,heap     ] GC(175)      Live:         -                51M (5%)           51M (5%)           51M (5%)             -                  -          
[28.639s][info][gc,heap     ] GC(175) Allocated:         -               114M (11%)         166M (16%)         181M (18%)            -                  -          
[28.639s][info][gc,heap     ] GC(175)   Garbage:         -               500M (49%)         294M (29%)          24M (2%)             -                  -          
[28.639s][info][gc,heap     ] GC(175) Reclaimed:         -                  -               206M (20%)         475M (46%)            -                  -          
[28.639s][info][gc          ] GC(175) Garbage Collection (Allocation Rate) 552M(54%)->258M(25%)
[28.698s][info][gc,start    ] GC(176) Garbage Collection (Allocation Rate)
[28.698s][info][gc,task     ] GC(176) Using 10 workers
[28.698s][info][gc,phases   ] GC(176) Pause Mark Start 0.010ms
[28.724s][info][gc,phases   ] GC(176) Concurrent Mark 25.745ms
[28.725s][info][gc,phases   ] GC(176) Pause Mark End 0.026ms
[28.725s][info][gc,phases   ] GC(176) Concurrent Mark Free 0.001ms
[28.729s][info][gc,phases   ] GC(176) Concurrent Process Non-Strong References 3.550ms
[28.729s][info][gc,phases   ] GC(176) Concurrent Reset Relocation Set 0.040ms
[28.739s][info][gc,phases   ] GC(176) Concurrent Select Relocation Set 10.536ms
[28.740s][info][gc,phases   ] GC(176) Pause Relocate Start 0.010ms
[28.746s][info][gc,phases   ] GC(176) Concurrent Relocate 5.851ms
[28.746s][info][gc,load     ] GC(176) Load: 0.00/0.00/0.00
[28.746s][info][gc,mmu      ] GC(176) MMU: 2ms/95.9%, 5ms/98.4%, 10ms/99.2%, 20ms/99.6%, 50ms/99.8%, 100ms/99.9%
[28.746s][info][gc,marking  ] GC(176) Mark: 8 stripe(s), 3 proactive flush(es), 1 terminate flush(es), 0 completion(s), 0 continuation(s) 
[28.746s][info][gc,marking  ] GC(176) Mark Stack Usage: 32M
[28.746s][info][gc,nmethod  ] GC(176) NMethods: 8954 registered, 96 unregistered
[28.746s][info][gc,metaspace] GC(176) Metaspace: 71M used, 72M committed, 1088M reserved
[28.746s][info][gc,ref      ] GC(176) Soft: 2389 encountered, 0 discovered, 0 enqueued
[28.746s][info][gc,ref      ] GC(176) Weak: 10942 encountered, 1823 discovered, 0 enqueued
[28.746s][info][gc,ref      ] GC(176) Final: 289 encountered, 30 discovered, 0 enqueued
[28.746s][info][gc,ref      ] GC(176) Phantom: 424 encountered, 307 discovered, 0 enqueued
[28.746s][info][gc,reloc    ] GC(176) Small Pages: 280 / 560M, Empty: 218M, Relocated: 6M, In-Place: 0
[28.746s][info][gc,reloc    ] GC(176) Medium Pages: 0 / 0M, Empty: 0M, Relocated: 0M, In-Place: 0
[28.746s][info][gc,reloc    ] GC(176) Large Pages: 0 / 0M, Empty: 0M, Relocated: 0M, In-Place: 0
[28.746s][info][gc,reloc    ] GC(176) Forwarding Usage: 2M
[28.746s][info][gc,heap     ] GC(176) Min Capacity: 8M(1%)
[28.746s][info][gc,heap     ] GC(176) Max Capacity: 1024M(100%)
[28.746s][info][gc,heap     ] GC(176) Soft Max Capacity: 1024M(100%)
[28.746s][info][gc,heap     ] GC(176)                Mark Start          Mark End        Relocate Start      Relocate End           High               Low         
[28.746s][info][gc,heap     ] GC(176)  Capacity:     1024M (100%)       1024M (100%)       1024M (100%)       1024M (100%)       1024M (100%)       1024M (100%)   
[28.746s][info][gc,heap     ] GC(176)      Free:      464M (45%)         340M (33%)         490M (48%)         738M (72%)         748M (73%)         324M (32%)    
[28.746s][info][gc,heap     ] GC(176)      Used:      560M (55%)         684M (67%)         534M (52%)         286M (28%)         700M (68%)         276M (27%)    
[28.746s][info][gc,heap     ] GC(176)      Live:         -                51M (5%)           51M (5%)           51M (5%)             -                  -          
[28.746s][info][gc,heap     ] GC(176) Allocated:         -               124M (12%)         192M (19%)         209M (20%)            -                  -          
[28.746s][info][gc,heap     ] GC(176)   Garbage:         -               508M (50%)         290M (28%)          24M (2%)             -                  -          
[28.746s][info][gc,heap     ] GC(176) Reclaimed:         -                  -               218M (21%)         483M (47%)            -                  -          
[28.746s][info][gc          ] GC(176) Garbage Collection (Allocation Rate) 560M(55%)->286M(28%)
[28.796s][info][gc,start    ] GC(177) Garbage Collection (Allocation Rate)
[28.796s][info][gc,task     ] GC(177) Using 10 workers
[28.796s][info][gc,phases   ] GC(177) Pause Mark Start 0.011ms
[28.822s][info][gc,phases   ] GC(177) Concurrent Mark 25.368ms
[28.822s][info][gc,phases   ] GC(177) Pause Mark End 0.028ms
[28.823s][info][gc,phases   ] GC(177) Concurrent Mark Free 0.002ms
[28.827s][info][gc,phases   ] GC(177) Concurrent Process Non-Strong References 3.596ms
[28.827s][info][gc,phases   ] GC(177) Concurrent Reset Relocation Set 0.041ms
[28.836s][info][gc,phases   ] GC(177) Concurrent Select Relocation Set 9.009ms
[28.836s][info][gc,phases   ] GC(177) Pause Relocate Start 0.008ms
[28.841s][info][gc,phases   ] GC(177) Concurrent Relocate 4.696ms
[28.841s][info][gc,load     ] GC(177) Load: 0.00/0.00/0.00
[28.841s][info][gc,mmu      ] GC(177) MMU: 2ms/95.9%, 5ms/98.4%, 10ms/99.2%, 20ms/99.6%, 50ms/99.8%, 100ms/99.9%
[28.841s][info][gc,marking  ] GC(177) Mark: 8 stripe(s), 3 proactive flush(es), 1 terminate flush(es), 0 completion(s), 0 continuation(s) 
[28.841s][info][gc,marking  ] GC(177) Mark Stack Usage: 32M
[28.841s][info][gc,nmethod  ] GC(177) NMethods: 8954 registered, 96 unregistered
[28.841s][info][gc,metaspace] GC(177) Metaspace: 71M used, 72M committed, 1088M reserved
[28.841s][info][gc,ref      ] GC(177) Soft: 2389 encountered, 0 discovered, 0 enqueued
[28.841s][info][gc,ref      ] GC(177) Weak: 10942 encountered, 966 discovered, 0 enqueued
[28.841s][info][gc,ref      ] GC(177) Final: 289 encountered, 37 discovered, 0 enqueued
[28.841s][info][gc,ref      ] GC(177) Phantom: 424 encountered, 329 discovered, 0 enqueued
[28.841s][info][gc,reloc    ] GC(177) Small Pages: 270 / 540M, Empty: 176M, Relocated: 6M, In-Place: 0
[28.841s][info][gc,reloc    ] GC(177) Medium Pages: 0 / 0M, Empty: 0M, Relocated: 0M, In-Place: 0
[28.841s][info][gc,reloc    ] GC(177) Large Pages: 0 / 0M, Empty: 0M, Relocated: 0M, In-Place: 0
[28.841s][info][gc,reloc    ] GC(177) Forwarding Usage: 2M
[28.841s][info][gc,heap     ] GC(177) Min Capacity: 8M(1%)
[28.841s][info][gc,heap     ] GC(177) Max Capacity: 1024M(100%)
[28.842s][info][gc,heap     ] GC(177) Soft Max Capacity: 1024M(100%)
[28.842s][info][gc,heap     ] GC(177)                Mark Start          Mark End        Relocate Start      Relocate End           High               Low         
[28.842s][info][gc,heap     ] GC(177)  Capacity:     1024M (100%)       1024M (100%)       1024M (100%)       1024M (100%)       1024M (100%)       1024M (100%)   
[28.842s][info][gc,heap     ] GC(177)      Free:      484M (47%)         362M (35%)         476M (46%)         752M (73%)         756M (74%)         342M (33%)    
[28.842s][info][gc,heap     ] GC(177)      Used:      540M (53%)         662M (65%)         548M (54%)         272M (27%)         682M (67%)         268M (26%)    
[28.842s][info][gc,heap     ] GC(177)      Live:         -                51M (5%)           51M (5%)           51M (5%)             -                  -          
[28.842s][info][gc,heap     ] GC(177) Allocated:         -               122M (12%)         184M (18%)         195M (19%)            -                  -          
[28.842s][info][gc,heap     ] GC(177)   Garbage:         -               488M (48%)         312M (30%)          24M (2%)             -                  -          
[28.842s][info][gc,heap     ] GC(177) Reclaimed:         -                  -               176M (17%)         463M (45%)            -                  -          
[28.842s][info][gc          ] GC(177) Garbage Collection (Allocation Rate) 540M(53%)->272M(27%)
[28.895s][info][gc,start    ] GC(178) Garbage Collection (Allocation Rate)
[28.895s][info][gc,task     ] GC(178) Using 10 workers
[28.895s][info][gc,phases   ] GC(178) Pause Mark Start 0.011ms
[28.919s][info][gc,phases   ] GC(178) Concurrent Mark 23.316ms
[28.920s][info][gc,phases   ] GC(178) Pause Mark End 0.024ms
[28.922s][info][gc,phases   ] GC(178) Concurrent Mark Free 0.002ms
[28.925s][info][gc,phases   ] GC(178) Concurrent Process Non-Strong References 3.351ms
[28.925s][info][gc,phases   ] GC(178) Concurrent Reset Relocation Set 0.055ms
[28.937s][info][gc,phases   ] GC(178) Concurrent Select Relocation Set 11.517ms
[28.937s][info][gc,phases   ] GC(178) Pause Relocate Start 0.008ms
[28.942s][info][gc,phases   ] GC(178) Concurrent Relocate 5.330ms
[28.943s][info][gc,load     ] GC(178) Load: 0.00/0.00/0.00
[28.943s][info][gc,mmu      ] GC(178) MMU: 2ms/95.9%, 5ms/98.4%, 10ms/99.2%, 20ms/99.6%, 50ms/99.8%, 100ms/99.9%
[28.943s][info][gc,marking  ] GC(178) Mark: 8 stripe(s), 2 proactive flush(es), 1 terminate flush(es), 0 completion(s), 0 continuation(s) 
[28.943s][info][gc,marking  ] GC(178) Mark Stack Usage: 32M
[28.943s][info][gc,nmethod  ] GC(178) NMethods: 8954 registered, 96 unregistered
[28.943s][info][gc,metaspace] GC(178) Metaspace: 71M used, 72M committed, 1088M reserved
[28.943s][info][gc,ref      ] GC(178) Soft: 2389 encountered, 0 discovered, 0 enqueued
[28.943s][info][gc,ref      ] GC(178) Weak: 10942 encountered, 1982 discovered, 0 enqueued
[28.943s][info][gc,ref      ] GC(178) Final: 289 encountered, 85 discovered, 0 enqueued
[28.943s][info][gc,ref      ] GC(178) Phantom: 424 encountered, 344 discovered, 0 enqueued
[28.943s][info][gc,reloc    ] GC(178) Small Pages: 273 / 546M, Empty: 218M, Relocated: 6M, In-Place: 0
[28.943s][info][gc,reloc    ] GC(178) Medium Pages: 0 / 0M, Empty: 0M, Relocated: 0M, In-Place: 0
[28.943s][info][gc,reloc    ] GC(178) Large Pages: 0 / 0M, Empty: 0M, Relocated: 0M, In-Place: 0
[28.943s][info][gc,reloc    ] GC(178) Forwarding Usage: 2M
[28.943s][info][gc,heap     ] GC(178) Min Capacity: 8M(1%)
[28.943s][info][gc,heap     ] GC(178) Max Capacity: 1024M(100%)
[28.943s][info][gc,heap     ] GC(178) Soft Max Capacity: 1024M(100%)
[28.943s][info][gc,heap     ] GC(178)                Mark Start          Mark End        Relocate Start      Relocate End           High               Low         
[28.943s][info][gc,heap     ] GC(178)  Capacity:     1024M (100%)       1024M (100%)       1024M (100%)       1024M (100%)       1024M (100%)       1024M (100%)   
[28.943s][info][gc,heap     ] GC(178)      Free:      478M (47%)         360M (35%)         502M (49%)         740M (72%)         746M (73%)         338M (33%)    
[28.943s][info][gc,heap     ] GC(178)      Used:      546M (53%)         664M (65%)         522M (51%)         284M (28%)         686M (67%)         278M (27%)    
[28.943s][info][gc,heap     ] GC(178)      Live:         -                51M (5%)           51M (5%)           51M (5%)             -                  -          
[28.943s][info][gc,heap     ] GC(178) Allocated:         -               118M (12%)         194M (19%)         207M (20%)            -                  -          
[28.943s][info][gc,heap     ] GC(178)   Garbage:         -               494M (48%)         276M (27%)          24M (2%)             -                  -          
[28.943s][info][gc,heap     ] GC(178) Reclaimed:         -                  -               218M (21%)         469M (46%)            -                  -          
[28.943s][info][gc          ] GC(178) Garbage Collection (Allocation Rate) 546M(53%)->284M(28%)
[28.996s][info][gc,start    ] GC(179) Garbage Collection (Allocation Rate)
[28.996s][info][gc,task     ] GC(179) Using 10 workers
[28.996s][info][gc,phases   ] GC(179) Pause Mark Start 0.010ms
[29.020s][info][gc,phases   ] GC(179) Concurrent Mark 23.639ms
[29.020s][info][gc,phases   ] GC(179) Pause Mark End 0.029ms
[29.022s][info][gc,phases   ] GC(179) Concurrent Mark Free 0.001ms
[29.025s][info][gc,phases   ] GC(179) Concurrent Process Non-Strong References 3.713ms
[29.025s][info][gc,phases   ] GC(179) Concurrent Reset Relocation Set 0.043ms
[29.032s][info][gc,phases   ] GC(179) Concurrent Select Relocation Set 6.310ms
[29.032s][info][gc,phases   ] GC(179) Pause Relocate Start 0.011ms
[29.038s][info][gc,phases   ] GC(179) Concurrent Relocate 5.322ms
[29.038s][info][gc,load     ] GC(179) Load: 0.00/0.00/0.00
[29.038s][info][gc,mmu      ] GC(179) MMU: 2ms/95.9%, 5ms/98.4%, 10ms/99.2%, 20ms/99.6%, 50ms/99.8%, 100ms/99.9%
[29.038s][info][gc,marking  ] GC(179) Mark: 8 stripe(s), 3 proactive flush(es), 1 terminate flush(es), 0 completion(s), 0 continuation(s) 
[29.038s][info][gc,marking  ] GC(179) Mark Stack Usage: 32M
[29.038s][info][gc,nmethod  ] GC(179) NMethods: 8954 registered, 96 unregistered
[29.038s][info][gc,metaspace] GC(179) Metaspace: 71M used, 72M committed, 1088M reserved
[29.038s][info][gc,ref      ] GC(179) Soft: 2389 encountered, 0 discovered, 0 enqueued
[29.038s][info][gc,ref      ] GC(179) Weak: 10942 encountered, 1751 discovered, 0 enqueued
[29.038s][info][gc,ref      ] GC(179) Final: 289 encountered, 20 discovered, 0 enqueued
[29.038s][info][gc,ref      ] GC(179) Phantom: 424 encountered, 321 discovered, 0 enqueued
[29.038s][info][gc,reloc    ] GC(179) Small Pages: 276 / 552M, Empty: 238M, Relocated: 6M, In-Place: 0
[29.038s][info][gc,reloc    ] GC(179) Medium Pages: 0 / 0M, Empty: 0M, Relocated: 0M, In-Place: 0
[29.038s][info][gc,reloc    ] GC(179) Large Pages: 0 / 0M, Empty: 0M, Relocated: 0M, In-Place: 0
[29.038s][info][gc,reloc    ] GC(179) Forwarding Usage: 2M
[29.038s][info][gc,heap     ] GC(179) Min Capacity: 8M(1%)
[29.038s][info][gc,heap     ] GC(179) Max Capacity: 1024M(100%)
[29.038s][info][gc,heap     ] GC(179) Soft Max Capacity: 1024M(100%)
[29.038s][info][gc,heap     ] GC(179)                Mark Start          Mark End        Relocate Start      Relocate End           High               Low         
[29.038s][info][gc,heap     ] GC(179)  Capacity:     1024M (100%)       1024M (100%)       1024M (100%)       1024M (100%)       1024M (100%)       1024M (100%)   
[29.038s][info][gc,heap     ] GC(179)      Free:      472M (46%)         354M (35%)         544M (53%)         768M (75%)         774M (76%)         336M (33%)    
[29.038s][info][gc,heap     ] GC(179)      Used:      552M (54%)         670M (65%)         480M (47%)         256M (25%)         688M (67%)         250M (24%)    
[29.038s][info][gc,heap     ] GC(179)      Live:         -                51M (5%)           51M (5%)           51M (5%)             -                  -          
[29.038s][info][gc,heap     ] GC(179) Allocated:         -               118M (12%)         166M (16%)         179M (18%)            -                  -          
[29.038s][info][gc,heap     ] GC(179)   Garbage:         -               500M (49%)         262M (26%)          24M (2%)             -                  -          
[29.038s][info][gc,heap     ] GC(179) Reclaimed:         -                  -               238M (23%)         475M (46%)            -                  -          
[29.038s][info][gc          ] GC(179) Garbage Collection (Allocation Rate) 552M(54%)->256M(25%)
[29.096s][info][gc,start    ] GC(180) Garbage Collection (Allocation Rate)
[29.096s][info][gc,task     ] GC(180) Using 10 workers
[29.096s][info][gc,phases   ] GC(180) Pause Mark Start 0.011ms
[29.125s][info][gc,phases   ] GC(180) Concurrent Mark 28.253ms
[29.125s][info][gc,phases   ] GC(180) Pause Mark End 0.027ms
[29.127s][info][gc,phases   ] GC(180) Concurrent Mark Free 0.001ms
[29.133s][info][gc,phases   ] GC(180) Concurrent Process Non-Strong References 6.297ms
[29.133s][info][gc,phases   ] GC(180) Concurrent Reset Relocation Set 0.037ms
[29.143s][info][gc,phases   ] GC(180) Concurrent Select Relocation Set 9.227ms
[29.143s][info][gc,phases   ] GC(180) Pause Relocate Start 0.009ms
[29.149s][info][gc,phases   ] GC(180) Concurrent Relocate 6.024ms
[29.149s][info][gc,load     ] GC(180) Load: 0.00/0.00/0.00
[29.149s][info][gc,mmu      ] GC(180) MMU: 2ms/95.9%, 5ms/98.4%, 10ms/99.2%, 20ms/99.6%, 50ms/99.8%, 100ms/99.9%
[29.149s][info][gc,marking  ] GC(180) Mark: 8 stripe(s), 6 proactive flush(es), 1 terminate flush(es), 0 completion(s), 0 continuation(s) 
[29.149s][info][gc,marking  ] GC(180) Mark Stack Usage: 32M
[29.149s][info][gc,nmethod  ] GC(180) NMethods: 8954 registered, 96 unregistered
[29.149s][info][gc,metaspace] GC(180) Metaspace: 71M used, 72M committed, 1088M reserved
[29.149s][info][gc,ref      ] GC(180) Soft: 2389 encountered, 0 discovered, 0 enqueued
[29.150s][info][gc,ref      ] GC(180) Weak: 10942 encountered, 1228 discovered, 0 enqueued
[29.150s][info][gc,ref      ] GC(180) Final: 289 encountered, 28 discovered, 0 enqueued
[29.150s][info][gc,ref      ] GC(180) Phantom: 424 encountered, 317 discovered, 0 enqueued
[29.150s][info][gc,reloc    ] GC(180) Small Pages: 275 / 550M, Empty: 220M, Relocated: 6M, In-Place: 0
[29.150s][info][gc,reloc    ] GC(180) Medium Pages: 0 / 0M, Empty: 0M, Relocated: 0M, In-Place: 0
[29.150s][info][gc,reloc    ] GC(180) Large Pages: 0 / 0M, Empty: 0M, Relocated: 0M, In-Place: 0
[29.150s][info][gc,reloc    ] GC(180) Forwarding Usage: 2M
[29.150s][info][gc,heap     ] GC(180) Min Capacity: 8M(1%)
[29.150s][info][gc,heap     ] GC(180) Max Capacity: 1024M(100%)
[29.150s][info][gc,heap     ] GC(180) Soft Max Capacity: 1024M(100%)
[29.150s][info][gc,heap     ] GC(180)                Mark Start          Mark End        Relocate Start      Relocate End           High               Low         
[29.150s][info][gc,heap     ] GC(180)  Capacity:     1024M (100%)       1024M (100%)       1024M (100%)       1024M (100%)       1024M (100%)       1024M (100%)   
[29.150s][info][gc,heap     ] GC(180)      Free:      474M (46%)         338M (33%)         476M (46%)         712M (70%)         724M (71%)         300M (29%)    
[29.150s][info][gc,heap     ] GC(180)      Used:      550M (54%)         686M (67%)         548M (54%)         312M (30%)         724M (71%)         300M (29%)    
[29.150s][info][gc,heap     ] GC(180)      Live:         -                51M (5%)           51M (5%)           51M (5%)             -                  -          
[29.150s][info][gc,heap     ] GC(180) Allocated:         -               136M (13%)         218M (21%)         235M (23%)            -                  -          
[29.150s][info][gc,heap     ] GC(180)   Garbage:         -               498M (49%)         278M (27%)          24M (2%)             -                  -          
[29.150s][info][gc,heap     ] GC(180) Reclaimed:         -                  -               220M (21%)         473M (46%)            -                  -          
[29.150s][info][gc          ] GC(180) Garbage Collection (Allocation Rate) 550M(54%)->312M(30%)
[29.197s][info][gc,start    ] GC(181) Garbage Collection (Allocation Rate)
[29.197s][info][gc,task     ] GC(181) Using 10 workers
[29.197s][info][gc,phases   ] GC(181) Pause Mark Start 0.011ms
[29.218s][info][gc,phases   ] GC(181) Concurrent Mark 21.113ms
[29.219s][info][gc,phases   ] GC(181) Pause Mark End 0.025ms
[29.219s][info][gc,phases   ] GC(181) Concurrent Mark Free 0.001ms
[29.222s][info][gc,phases   ] GC(181) Concurrent Process Non-Strong References 3.498ms
[29.223s][info][gc,phases   ] GC(181) Concurrent Reset Relocation Set 0.035ms
[29.232s][info][gc,phases   ] GC(181) Concurrent Select Relocation Set 9.281ms
[29.232s][info][gc,phases   ] GC(181) Pause Relocate Start 0.008ms
[29.238s][info][gc,phases   ] GC(181) Concurrent Relocate 6.255ms
[29.239s][info][gc,load     ] GC(181) Load: 0.00/0.00/0.00
[29.239s][info][gc,mmu      ] GC(181) MMU: 2ms/95.9%, 5ms/98.4%, 10ms/99.2%, 20ms/99.6%, 50ms/99.8%, 100ms/99.9%
[29.239s][info][gc,marking  ] GC(181) Mark: 8 stripe(s), 3 proactive flush(es), 1 terminate flush(es), 0 completion(s), 0 continuation(s) 
[29.239s][info][gc,marking  ] GC(181) Mark Stack Usage: 32M
[29.239s][info][gc,nmethod  ] GC(181) NMethods: 8971 registered, 101 unregistered
[29.239s][info][gc,metaspace] GC(181) Metaspace: 71M used, 72M committed, 1088M reserved
[29.239s][info][gc,ref      ] GC(181) Soft: 2389 encountered, 0 discovered, 0 enqueued
[29.239s][info][gc,ref      ] GC(181) Weak: 10890 encountered, 1101 discovered, 144 enqueued
[29.239s][info][gc,ref      ] GC(181) Final: 289 encountered, 28 discovered, 0 enqueued
[29.239s][info][gc,ref      ] GC(181) Phantom: 424 encountered, 329 discovered, 0 enqueued
[29.239s][info][gc,reloc    ] GC(181) Small Pages: 273 / 546M, Empty: 232M, Relocated: 10M, In-Place: 0
[29.239s][info][gc,reloc    ] GC(181) Medium Pages: 0 / 0M, Empty: 0M, Relocated: 0M, In-Place: 0
[29.239s][info][gc,reloc    ] GC(181) Large Pages: 0 / 0M, Empty: 0M, Relocated: 0M, In-Place: 0
[29.239s][info][gc,reloc    ] GC(181) Forwarding Usage: 4M
[29.239s][info][gc,heap     ] GC(181) Min Capacity: 8M(1%)
[29.239s][info][gc,heap     ] GC(181) Max Capacity: 1024M(100%)
[29.239s][info][gc,heap     ] GC(181) Soft Max Capacity: 1024M(100%)
[29.239s][info][gc,heap     ] GC(181)                Mark Start          Mark End        Relocate Start      Relocate End           High               Low         
[29.239s][info][gc,heap     ] GC(181)  Capacity:     1024M (100%)       1024M (100%)       1024M (100%)       1024M (100%)       1024M (100%)       1024M (100%)   
[29.239s][info][gc,heap     ] GC(181)      Free:      478M (47%)         374M (37%)         546M (53%)         774M (76%)         782M (76%)         360M (35%)    
[29.239s][info][gc,heap     ] GC(181)      Used:      546M (53%)         650M (63%)         478M (47%)         250M (24%)         664M (65%)         242M (24%)    
[29.239s][info][gc,heap     ] GC(181)      Live:         -                49M (5%)           49M (5%)           49M (5%)             -                  -          
[29.239s][info][gc,heap     ] GC(181) Allocated:         -               104M (10%)         164M (16%)         179M (17%)            -                  -          
[29.239s][info][gc,heap     ] GC(181)   Garbage:         -               496M (48%)         264M (26%)          20M (2%)             -                  -          
[29.239s][info][gc,heap     ] GC(181) Reclaimed:         -                  -               232M (23%)         475M (46%)            -                  -          
[29.239s][info][gc          ] GC(181) Garbage Collection (Allocation Rate) 546M(53%)->250M(24%)
[29.296s][info][gc,start    ] GC(182) Garbage Collection (Allocation Rate)
[29.296s][info][gc,task     ] GC(182) Using 10 workers
[29.296s][info][gc,phases   ] GC(182) Pause Mark Start 0.011ms
[29.318s][info][gc,phases   ] GC(182) Concurrent Mark 21.053ms
[29.318s][info][gc,phases   ] GC(182) Pause Mark End 0.023ms
[29.320s][info][gc,phases   ] GC(182) Concurrent Mark Free 0.002ms
[29.323s][info][gc,phases   ] GC(182) Concurrent Process Non-Strong References 3.389ms
[29.323s][info][gc,phases   ] GC(182) Concurrent Reset Relocation Set 0.040ms
[29.329s][info][gc,phases   ] GC(182) Concurrent Select Relocation Set 5.161ms
[29.329s][info][gc,phases   ] GC(182) Pause Relocate Start 0.008ms
[29.333s][info][gc,phases   ] GC(182) Concurrent Relocate 3.932ms
[29.333s][info][gc,load     ] GC(182) Load: 0.00/0.00/0.00
[29.333s][info][gc,mmu      ] GC(182) MMU: 2ms/95.9%, 5ms/98.4%, 10ms/99.2%, 20ms/99.6%, 50ms/99.8%, 100ms/99.9%
[29.333s][info][gc,marking  ] GC(182) Mark: 8 stripe(s), 3 proactive flush(es), 1 terminate flush(es), 0 completion(s), 0 continuation(s) 
[29.333s][info][gc,marking  ] GC(182) Mark Stack Usage: 32M
[29.333s][info][gc,nmethod  ] GC(182) NMethods: 8971 registered, 101 unregistered
[29.333s][info][gc,metaspace] GC(182) Metaspace: 71M used, 72M committed, 1088M reserved
[29.333s][info][gc,ref      ] GC(182) Soft: 2389 encountered, 0 discovered, 0 enqueued
[29.333s][info][gc,ref      ] GC(182) Weak: 10746 encountered, 1773 discovered, 0 enqueued
[29.333s][info][gc,ref      ] GC(182) Final: 289 encountered, 25 discovered, 0 enqueued
[29.333s][info][gc,ref      ] GC(182) Phantom: 424 encountered, 239 discovered, 0 enqueued
[29.333s][info][gc,reloc    ] GC(182) Small Pages: 269 / 538M, Empty: 230M, Relocated: 8M, In-Place: 0
[29.333s][info][gc,reloc    ] GC(182) Medium Pages: 0 / 0M, Empty: 0M, Relocated: 0M, In-Place: 0
[29.333s][info][gc,reloc    ] GC(182) Large Pages: 0 / 0M, Empty: 0M, Relocated: 0M, In-Place: 0
[29.333s][info][gc,reloc    ] GC(182) Forwarding Usage: 2M
[29.333s][info][gc,heap     ] GC(182) Min Capacity: 8M(1%)
[29.333s][info][gc,heap     ] GC(182) Max Capacity: 1024M(100%)
[29.333s][info][gc,heap     ] GC(182) Soft Max Capacity: 1024M(100%)
[29.333s][info][gc,heap     ] GC(182)                Mark Start          Mark End        Relocate Start      Relocate End           High               Low         
[29.333s][info][gc,heap     ] GC(182)  Capacity:     1024M (100%)       1024M (100%)       1024M (100%)       1024M (100%)       1024M (100%)       1024M (100%)   
[29.334s][info][gc,heap     ] GC(182)      Free:      486M (47%)         382M (37%)         562M (55%)         790M (77%)         790M (77%)         358M (35%)    
[29.334s][info][gc,heap     ] GC(182)      Used:      538M (53%)         642M (63%)         462M (45%)         234M (23%)         666M (65%)         234M (23%)    
[29.334s][info][gc,heap     ] GC(182)      Live:         -                49M (5%)           49M (5%)           49M (5%)             -                  -          
[29.334s][info][gc,heap     ] GC(182) Allocated:         -               104M (10%)         154M (15%)         160M (16%)            -                  -          
[29.334s][info][gc,heap     ] GC(182)   Garbage:         -               488M (48%)         258M (25%)          23M (2%)             -                  -          
[29.334s][info][gc,heap     ] GC(182) Reclaimed:         -                  -               230M (22%)         464M (45%)            -                  -          
[29.334s][info][gc          ] GC(182) Garbage Collection (Allocation Rate) 538M(53%)->234M(23%)
[29.397s][info][gc,start    ] GC(183) Garbage Collection (Allocation Rate)
[29.397s][info][gc,task     ] GC(183) Using 10 workers
[29.397s][info][gc,phases   ] GC(183) Pause Mark Start 0.009ms
[29.418s][info][gc,phases   ] GC(183) Concurrent Mark 21.041ms
[29.419s][info][gc,phases   ] GC(183) Pause Mark End 0.024ms
[29.420s][info][gc,phases   ] GC(183) Concurrent Mark Free 0.001ms
[29.426s][info][gc,phases   ] GC(183) Concurrent Process Non-Strong References 5.868ms
[29.426s][info][gc,phases   ] GC(183) Concurrent Reset Relocation Set 0.037ms
[29.435s][info][gc,phases   ] GC(183) Concurrent Select Relocation Set 9.517ms
[29.436s][info][gc,phases   ] GC(183) Pause Relocate Start 0.009ms
[29.442s][info][gc,phases   ] GC(183) Concurrent Relocate 6.155ms
[29.443s][info][gc,load     ] GC(183) Load: 0.00/0.00/0.00
[29.443s][info][gc,mmu      ] GC(183) MMU: 2ms/95.9%, 5ms/98.4%, 10ms/99.2%, 20ms/99.6%, 50ms/99.8%, 100ms/99.9%
[29.443s][info][gc,marking  ] GC(183) Mark: 8 stripe(s), 3 proactive flush(es), 1 terminate flush(es), 0 completion(s), 0 continuation(s) 
[29.443s][info][gc,marking  ] GC(183) Mark Stack Usage: 32M
[29.443s][info][gc,nmethod  ] GC(183) NMethods: 8971 registered, 101 unregistered
[29.443s][info][gc,metaspace] GC(183) Metaspace: 71M used, 72M committed, 1088M reserved
[29.443s][info][gc,ref      ] GC(183) Soft: 2389 encountered, 0 discovered, 0 enqueued
[29.443s][info][gc,ref      ] GC(183) Weak: 10746 encountered, 1636 discovered, 0 enqueued
[29.443s][info][gc,ref      ] GC(183) Final: 289 encountered, 6 discovered, 0 enqueued
[29.443s][info][gc,ref      ] GC(183) Phantom: 424 encountered, 336 discovered, 0 enqueued
[29.443s][info][gc,reloc    ] GC(183) Small Pages: 277 / 554M, Empty: 216M, Relocated: 8M, In-Place: 0
[29.443s][info][gc,reloc    ] GC(183) Medium Pages: 0 / 0M, Empty: 0M, Relocated: 0M, In-Place: 0
[29.443s][info][gc,reloc    ] GC(183) Large Pages: 0 / 0M, Empty: 0M, Relocated: 0M, In-Place: 0
[29.443s][info][gc,reloc    ] GC(183) Forwarding Usage: 3M
[29.443s][info][gc,heap     ] GC(183) Min Capacity: 8M(1%)
[29.443s][info][gc,heap     ] GC(183) Max Capacity: 1024M(100%)
[29.443s][info][gc,heap     ] GC(183) Soft Max Capacity: 1024M(100%)
[29.443s][info][gc,heap     ] GC(183)                Mark Start          Mark End        Relocate Start      Relocate End           High               Low         
[29.443s][info][gc,heap     ] GC(183)  Capacity:     1024M (100%)       1024M (100%)       1024M (100%)       1024M (100%)       1024M (100%)       1024M (100%)   
[29.443s][info][gc,heap     ] GC(183)      Free:      470M (46%)         364M (36%)         506M (49%)         748M (73%)         760M (74%)         334M (33%)    
[29.443s][info][gc,heap     ] GC(183)      Used:      554M (54%)         660M (64%)         518M (51%)         276M (27%)         690M (67%)         264M (26%)    
[29.443s][info][gc,heap     ] GC(183)      Live:         -                49M (5%)           49M (5%)           49M (5%)             -                  -          
[29.443s][info][gc,heap     ] GC(183) Allocated:         -               106M (10%)         180M (18%)         202M (20%)            -                  -          
[29.443s][info][gc,heap     ] GC(183)   Garbage:         -               504M (49%)         288M (28%)          23M (2%)             -                  -          
[29.443s][info][gc,heap     ] GC(183) Reclaimed:         -                  -               216M (21%)         480M (47%)            -                  -          
[29.443s][info][gc          ] GC(183) Garbage Collection (Allocation Rate) 554M(54%)->276M(27%)
[29.497s][info][gc,start    ] GC(184) Garbage Collection (Allocation Rate)
[29.497s][info][gc,task     ] GC(184) Using 10 workers
[29.497s][info][gc,phases   ] GC(184) Pause Mark Start 0.010ms
[29.523s][info][gc,phases   ] GC(184) Concurrent Mark 25.749ms
[29.545s][info][gc,phases   ] GC(184) Pause Mark End 0.031ms
[29.546s][info][gc,phases   ] GC(184) Concurrent Mark Free 0.002ms
[29.550s][info][gc,phases   ] GC(184) Concurrent Process Non-Strong References 3.669ms
[29.550s][info][gc,phases   ] GC(184) Concurrent Reset Relocation Set 0.041ms
[29.555s][info][gc,phases   ] GC(184) Concurrent Select Relocation Set 4.960ms
[29.555s][info][gc,phases   ] GC(184) Pause Relocate Start 0.011ms
[29.560s][info][gc,phases   ] GC(184) Concurrent Relocate 4.349ms
[29.560s][info][gc,load     ] GC(184) Load: 0.00/0.00/0.00
[29.560s][info][gc,mmu      ] GC(184) MMU: 2ms/95.9%, 5ms/98.4%, 10ms/99.2%, 20ms/99.6%, 50ms/99.8%, 100ms/99.9%
[29.560s][info][gc,marking  ] GC(184) Mark: 8 stripe(s), 3 proactive flush(es), 1 terminate flush(es), 0 completion(s), 0 continuation(s) 
[29.560s][info][gc,marking  ] GC(184) Mark Stack Usage: 32M
[29.560s][info][gc,nmethod  ] GC(184) NMethods: 8971 registered, 101 unregistered
[29.560s][info][gc,metaspace] GC(184) Metaspace: 71M used, 72M committed, 1088M reserved
[29.560s][info][gc,ref      ] GC(184) Soft: 2389 encountered, 0 discovered, 0 enqueued
[29.560s][info][gc,ref      ] GC(184) Weak: 10746 encountered, 1317 discovered, 0 enqueued
[29.560s][info][gc,ref      ] GC(184) Final: 289 encountered, 16 discovered, 0 enqueued
[29.560s][info][gc,ref      ] GC(184) Phantom: 424 encountered, 298 discovered, 0 enqueued
[29.560s][info][gc,reloc    ] GC(184) Small Pages: 273 / 546M, Empty: 236M, Relocated: 8M, In-Place: 0
[29.560s][info][gc,reloc    ] GC(184) Medium Pages: 0 / 0M, Empty: 0M, Relocated: 0M, In-Place: 0
[29.560s][info][gc,reloc    ] GC(184) Large Pages: 0 / 0M, Empty: 0M, Relocated: 0M, In-Place: 0
[29.560s][info][gc,reloc    ] GC(184) Forwarding Usage: 2M
[29.560s][info][gc,heap     ] GC(184) Min Capacity: 8M(1%)
[29.560s][info][gc,heap     ] GC(184) Max Capacity: 1024M(100%)
[29.560s][info][gc,heap     ] GC(184) Soft Max Capacity: 1024M(100%)
[29.560s][info][gc,heap     ] GC(184)                Mark Start          Mark End        Relocate Start      Relocate End           High               Low         
[29.560s][info][gc,heap     ] GC(184)  Capacity:     1024M (100%)       1024M (100%)       1024M (100%)       1024M (100%)       1024M (100%)       1024M (100%)   
[29.560s][info][gc,heap     ] GC(184)      Free:      478M (47%)         244M (24%)         436M (43%)         664M (65%)         668M (65%)         224M (22%)    
[29.560s][info][gc,heap     ] GC(184)      Used:      546M (53%)         780M (76%)         588M (57%)         360M (35%)         800M (78%)         356M (35%)    
[29.560s][info][gc,heap     ] GC(184)      Live:         -                49M (5%)           49M (5%)           49M (5%)             -                  -          
[29.560s][info][gc,heap     ] GC(184) Allocated:         -               234M (23%)         278M (27%)         286M (28%)            -                  -          
[29.560s][info][gc,heap     ] GC(184)   Garbage:         -               496M (48%)         260M (25%)          23M (2%)             -                  -          
[29.560s][info][gc,heap     ] GC(184) Reclaimed:         -                  -               236M (23%)         472M (46%)            -                  -          
[29.560s][info][gc          ] GC(184) Garbage Collection (Allocation Rate) 546M(53%)->360M(35%)
[29.596s][info][gc,start    ] GC(185) Garbage Collection (Allocation Rate)
[29.596s][info][gc,task     ] GC(185) Using 10 workers
[29.597s][info][gc,phases   ] GC(185) Pause Mark Start 0.011ms
[29.624s][info][gc,phases   ] GC(185) Concurrent Mark 27.161ms
[29.624s][info][gc,phases   ] GC(185) Pause Mark End 0.031ms
[29.625s][info][gc,phases   ] GC(185) Concurrent Mark Free 0.001ms
[29.629s][info][gc,phases   ] GC(185) Concurrent Process Non-Strong References 3.647ms
[29.629s][info][gc,phases   ] GC(185) Concurrent Reset Relocation Set 0.038ms
[29.634s][info][gc,phases   ] GC(185) Concurrent Select Relocation Set 4.967ms
[29.634s][info][gc,phases   ] GC(185) Pause Relocate Start 0.011ms
[29.639s][info][gc,phases   ] GC(185) Concurrent Relocate 4.470ms
[29.640s][info][gc,load     ] GC(185) Load: 0.00/0.00/0.00
[29.640s][info][gc,mmu      ] GC(185) MMU: 2ms/95.9%, 5ms/98.4%, 10ms/99.2%, 20ms/99.6%, 50ms/99.8%, 100ms/99.9%
[29.640s][info][gc,marking  ] GC(185) Mark: 8 stripe(s), 3 proactive flush(es), 1 terminate flush(es), 0 completion(s), 0 continuation(s) 
[29.640s][info][gc,marking  ] GC(185) Mark Stack Usage: 32M
[29.640s][info][gc,nmethod  ] GC(185) NMethods: 8972 registered, 101 unregistered
[29.640s][info][gc,metaspace] GC(185) Metaspace: 71M used, 72M committed, 1088M reserved
[29.640s][info][gc,ref      ] GC(185) Soft: 2389 encountered, 0 discovered, 0 enqueued
[29.640s][info][gc,ref      ] GC(185) Weak: 10746 encountered, 2051 discovered, 0 enqueued
[29.640s][info][gc,ref      ] GC(185) Final: 289 encountered, 58 discovered, 0 enqueued
[29.640s][info][gc,ref      ] GC(185) Phantom: 424 encountered, 364 discovered, 0 enqueued
[29.640s][info][gc,reloc    ] GC(185) Small Pages: 272 / 544M, Empty: 220M, Relocated: 8M, In-Place: 0
[29.640s][info][gc,reloc    ] GC(185) Medium Pages: 0 / 0M, Empty: 0M, Relocated: 0M, In-Place: 0
[29.640s][info][gc,reloc    ] GC(185) Large Pages: 0 / 0M, Empty: 0M, Relocated: 0M, In-Place: 0
[29.640s][info][gc,reloc    ] GC(185) Forwarding Usage: 2M
[29.640s][info][gc,heap     ] GC(185) Min Capacity: 8M(1%)
[29.640s][info][gc,heap     ] GC(185) Max Capacity: 1024M(100%)
[29.640s][info][gc,heap     ] GC(185) Soft Max Capacity: 1024M(100%)
[29.640s][info][gc,heap     ] GC(185)                Mark Start          Mark End        Relocate Start      Relocate End           High               Low         
[29.640s][info][gc,heap     ] GC(185)  Capacity:     1024M (100%)       1024M (100%)       1024M (100%)       1024M (100%)       1024M (100%)       1024M (100%)   
[29.640s][info][gc,heap     ] GC(185)      Free:      480M (47%)         350M (34%)         528M (52%)         766M (75%)         768M (75%)         330M (32%)    
[29.640s][info][gc,heap     ] GC(185)      Used:      544M (53%)         674M (66%)         496M (48%)         258M (25%)         694M (68%)         256M (25%)    
[29.640s][info][gc,heap     ] GC(185)      Live:         -                49M (5%)           49M (5%)           49M (5%)             -                  -          
[29.640s][info][gc,heap     ] GC(185) Allocated:         -               130M (13%)         172M (17%)         184M (18%)            -                  -          
[29.640s][info][gc,heap     ] GC(185)   Garbage:         -               494M (48%)         274M (27%)          23M (2%)             -                  -          
[29.640s][info][gc,heap     ] GC(185) Reclaimed:         -                  -               220M (21%)         470M (46%)            -                  -          
[29.640s][info][gc          ] GC(185) Garbage Collection (Allocation Rate) 544M(53%)->258M(25%)
[29.696s][info][gc,start    ] GC(186) Garbage Collection (Allocation Rate)
[29.696s][info][gc,task     ] GC(186) Using 10 workers
[29.697s][info][gc,phases   ] GC(186) Pause Mark Start 0.013ms
[29.722s][info][gc,phases   ] GC(186) Concurrent Mark 25.398ms
[29.723s][info][gc,phases   ] GC(186) Pause Mark End 0.027ms
[29.724s][info][gc,phases   ] GC(186) Concurrent Mark Free 0.001ms
[29.730s][info][gc,phases   ] GC(186) Concurrent Process Non-Strong References 5.573ms
[29.730s][info][gc,phases   ] GC(186) Concurrent Reset Relocation Set 0.044ms
[29.739s][info][gc,phases   ] GC(186) Concurrent Select Relocation Set 8.815ms
[29.739s][info][gc,phases   ] GC(186) Pause Relocate Start 0.009ms
[29.745s][info][gc,phases   ] GC(186) Concurrent Relocate 6.027ms
[29.746s][info][gc,load     ] GC(186) Load: 0.00/0.00/0.00
[29.746s][info][gc,mmu      ] GC(186) MMU: 2ms/95.9%, 5ms/98.4%, 10ms/99.2%, 20ms/99.6%, 50ms/99.8%, 100ms/99.9%
[29.746s][info][gc,marking  ] GC(186) Mark: 8 stripe(s), 3 proactive flush(es), 1 terminate flush(es), 0 completion(s), 0 continuation(s) 
[29.746s][info][gc,marking  ] GC(186) Mark Stack Usage: 32M
[29.746s][info][gc,nmethod  ] GC(186) NMethods: 8973 registered, 102 unregistered
[29.746s][info][gc,metaspace] GC(186) Metaspace: 71M used, 72M committed, 1088M reserved
[29.746s][info][gc,ref      ] GC(186) Soft: 2389 encountered, 0 discovered, 0 enqueued
[29.746s][info][gc,ref      ] GC(186) Weak: 10746 encountered, 952 discovered, 0 enqueued
[29.746s][info][gc,ref      ] GC(186) Final: 289 encountered, 6 discovered, 0 enqueued
[29.746s][info][gc,ref      ] GC(186) Phantom: 424 encountered, 275 discovered, 0 enqueued
[29.746s][info][gc,reloc    ] GC(186) Small Pages: 268 / 536M, Empty: 206M, Relocated: 8M, In-Place: 0
[29.746s][info][gc,reloc    ] GC(186) Medium Pages: 0 / 0M, Empty: 0M, Relocated: 0M, In-Place: 0
[29.746s][info][gc,reloc    ] GC(186) Large Pages: 0 / 0M, Empty: 0M, Relocated: 0M, In-Place: 0
[29.746s][info][gc,reloc    ] GC(186) Forwarding Usage: 2M
[29.746s][info][gc,heap     ] GC(186) Min Capacity: 8M(1%)
[29.746s][info][gc,heap     ] GC(186) Max Capacity: 1024M(100%)
[29.746s][info][gc,heap     ] GC(186) Soft Max Capacity: 1024M(100%)
[29.746s][info][gc,heap     ] GC(186)                Mark Start          Mark End        Relocate Start      Relocate End           High               Low         
[29.746s][info][gc,heap     ] GC(186)  Capacity:     1024M (100%)       1024M (100%)       1024M (100%)       1024M (100%)       1024M (100%)       1024M (100%)   
[29.746s][info][gc,heap     ] GC(186)      Free:      488M (48%)         368M (36%)         502M (49%)         740M (72%)         752M (73%)         338M (33%)    
[29.746s][info][gc,heap     ] GC(186)      Used:      536M (52%)         656M (64%)         522M (51%)         284M (28%)         686M (67%)         272M (27%)    
[29.746s][info][gc,heap     ] GC(186)      Live:         -                49M (5%)           49M (5%)           49M (5%)             -                  -          
[29.746s][info][gc,heap     ] GC(186) Allocated:         -               120M (12%)         192M (19%)         211M (21%)            -                  -          
[29.746s][info][gc,heap     ] GC(186)   Garbage:         -               486M (47%)         280M (27%)          23M (2%)             -                  -          
[29.746s][info][gc,heap     ] GC(186) Reclaimed:         -                  -               206M (20%)         463M (45%)            -                  -          
[29.746s][info][gc          ] GC(186) Garbage Collection (Allocation Rate) 536M(52%)->284M(28%)
[29.796s][info][gc,start    ] GC(187) Garbage Collection (Allocation Rate)
[29.796s][info][gc,task     ] GC(187) Using 10 workers
[29.796s][info][gc,phases   ] GC(187) Pause Mark Start 0.012ms
[29.816s][info][gc,phases   ] GC(187) Concurrent Mark 19.926ms
[29.817s][info][gc,phases   ] GC(187) Pause Mark End 0.025ms
[29.818s][info][gc,phases   ] GC(187) Concurrent Mark Free 0.002ms
[29.821s][info][gc,phases   ] GC(187) Concurrent Process Non-Strong References 3.643ms
[29.821s][info][gc,phases   ] GC(187) Concurrent Reset Relocation Set 0.040ms
[29.830s][info][gc,phases   ] GC(187) Concurrent Select Relocation Set 8.634ms
[29.830s][info][gc,phases   ] GC(187) Pause Relocate Start 0.009ms
[29.835s][info][gc,phases   ] GC(187) Concurrent Relocate 4.307ms
[29.835s][info][gc,load     ] GC(187) Load: 0.00/0.00/0.00
[29.835s][info][gc,mmu      ] GC(187) MMU: 2ms/95.9%, 5ms/98.4%, 10ms/99.2%, 20ms/99.6%, 50ms/99.8%, 100ms/99.9%
[29.835s][info][gc,marking  ] GC(187) Mark: 8 stripe(s), 3 proactive flush(es), 1 terminate flush(es), 0 completion(s), 0 continuation(s) 
[29.835s][info][gc,marking  ] GC(187) Mark Stack Usage: 32M
[29.835s][info][gc,nmethod  ] GC(187) NMethods: 8972 registered, 103 unregistered
[29.835s][info][gc,metaspace] GC(187) Metaspace: 71M used, 72M committed, 1088M reserved
[29.835s][info][gc,ref      ] GC(187) Soft: 2389 encountered, 0 discovered, 0 enqueued
[29.835s][info][gc,ref      ] GC(187) Weak: 10746 encountered, 1962 discovered, 0 enqueued
[29.835s][info][gc,ref      ] GC(187) Final: 289 encountered, 31 discovered, 0 enqueued
[29.835s][info][gc,ref      ] GC(187) Phantom: 424 encountered, 317 discovered, 0 enqueued
[29.835s][info][gc,reloc    ] GC(187) Small Pages: 269 / 538M, Empty: 174M, Relocated: 8M, In-Place: 0
[29.835s][info][gc,reloc    ] GC(187) Medium Pages: 0 / 0M, Empty: 0M, Relocated: 0M, In-Place: 0
[29.835s][info][gc,reloc    ] GC(187) Large Pages: 0 / 0M, Empty: 0M, Relocated: 0M, In-Place: 0
[29.835s][info][gc,reloc    ] GC(187) Forwarding Usage: 2M
[29.835s][info][gc,heap     ] GC(187) Min Capacity: 8M(1%)
[29.835s][info][gc,heap     ] GC(187) Max Capacity: 1024M(100%)
[29.835s][info][gc,heap     ] GC(187) Soft Max Capacity: 1024M(100%)
[29.835s][info][gc,heap     ] GC(187)                Mark Start          Mark End        Relocate Start      Relocate End           High               Low         
[29.835s][info][gc,heap     ] GC(187)  Capacity:     1024M (100%)       1024M (100%)       1024M (100%)       1024M (100%)       1024M (100%)       1024M (100%)   
[29.835s][info][gc,heap     ] GC(187)      Free:      486M (47%)         386M (38%)         498M (49%)         784M (77%)         784M (77%)         366M (36%)    
[29.835s][info][gc,heap     ] GC(187)      Used:      538M (53%)         638M (62%)         526M (51%)         240M (23%)         658M (64%)         240M (23%)    
[29.835s][info][gc,heap     ] GC(187)      Live:         -                49M (5%)           49M (5%)           49M (5%)             -                  -          
[29.835s][info][gc,heap     ] GC(187) Allocated:         -               100M (10%)         162M (16%)         167M (16%)            -                  -          
[29.835s][info][gc,heap     ] GC(187)   Garbage:         -               488M (48%)         314M (31%)          22M (2%)             -                  -          
[29.835s][info][gc,heap     ] GC(187) Reclaimed:         -                  -               174M (17%)         465M (45%)            -                  -          
[29.835s][info][gc          ] GC(187) Garbage Collection (Allocation Rate) 538M(53%)->240M(23%)
[29.896s][info][gc,start    ] GC(188) Garbage Collection (Allocation Rate)
[29.896s][info][gc,task     ] GC(188) Using 10 workers
[29.897s][info][gc,phases   ] GC(188) Pause Mark Start 0.015ms
[29.919s][info][gc,phases   ] GC(188) Concurrent Mark 22.487ms
[29.920s][info][gc,phases   ] GC(188) Pause Mark End 0.031ms
[29.921s][info][gc,phases   ] GC(188) Concurrent Mark Free 0.001ms
[29.925s][info][gc,phases   ] GC(188) Concurrent Process Non-Strong References 3.696ms
[29.925s][info][gc,phases   ] GC(188) Concurrent Reset Relocation Set 0.042ms
[29.934s][info][gc,phases   ] GC(188) Concurrent Select Relocation Set 8.882ms
[29.934s][info][gc,phases   ] GC(188) Pause Relocate Start 0.008ms
[29.940s][info][gc,phases   ] GC(188) Concurrent Relocate 5.682ms
[29.941s][info][gc,load     ] GC(188) Load: 0.00/0.00/0.00
[29.941s][info][gc,mmu      ] GC(188) MMU: 2ms/95.9%, 5ms/98.4%, 10ms/99.2%, 20ms/99.6%, 50ms/99.8%, 100ms/99.9%
[29.941s][info][gc,marking  ] GC(188) Mark: 8 stripe(s), 3 proactive flush(es), 1 terminate flush(es), 0 completion(s), 0 continuation(s) 
[29.941s][info][gc,marking  ] GC(188) Mark Stack Usage: 32M
[29.941s][info][gc,nmethod  ] GC(188) NMethods: 8972 registered, 103 unregistered
[29.941s][info][gc,metaspace] GC(188) Metaspace: 71M used, 72M committed, 1088M reserved
[29.941s][info][gc,ref      ] GC(188) Soft: 2389 encountered, 0 discovered, 0 enqueued
[29.941s][info][gc,ref      ] GC(188) Weak: 10746 encountered, 1273 discovered, 0 enqueued
[29.941s][info][gc,ref      ] GC(188) Final: 289 encountered, 43 discovered, 0 enqueued
[29.941s][info][gc,ref      ] GC(188) Phantom: 424 encountered, 254 discovered, 0 enqueued
[29.941s][info][gc,reloc    ] GC(188) Small Pages: 275 / 550M, Empty: 218M, Relocated: 8M, In-Place: 0
[29.941s][info][gc,reloc    ] GC(188) Medium Pages: 0 / 0M, Empty: 0M, Relocated: 0M, In-Place: 0
[29.941s][info][gc,reloc    ] GC(188) Large Pages: 0 / 0M, Empty: 0M, Relocated: 0M, In-Place: 0
[29.941s][info][gc,reloc    ] GC(188) Forwarding Usage: 2M
[29.941s][info][gc,heap     ] GC(188) Min Capacity: 8M(1%)
[29.941s][info][gc,heap     ] GC(188) Max Capacity: 1024M(100%)
[29.941s][info][gc,heap     ] GC(188) Soft Max Capacity: 1024M(100%)
[29.941s][info][gc,heap     ] GC(188)                Mark Start          Mark End        Relocate Start      Relocate End           High               Low         
[29.941s][info][gc,heap     ] GC(188)  Capacity:     1024M (100%)       1024M (100%)       1024M (100%)       1024M (100%)       1024M (100%)       1024M (100%)   
[29.941s][info][gc,heap     ] GC(188)      Free:      474M (46%)         364M (36%)         518M (51%)         762M (74%)         770M (75%)         342M (33%)    
[29.941s][info][gc,heap     ] GC(188)      Used:      550M (54%)         660M (64%)         506M (49%)         262M (26%)         682M (67%)         254M (25%)    
[29.941s][info][gc,heap     ] GC(188)      Live:         -                49M (5%)           49M (5%)           49M (5%)             -                  -          
[29.941s][info][gc,heap     ] GC(188) Allocated:         -               110M (11%)         174M (17%)         189M (18%)            -                  -          
[29.941s][info][gc,heap     ] GC(188)   Garbage:         -               500M (49%)         282M (28%)          22M (2%)             -                  -          
[29.941s][info][gc,heap     ] GC(188) Reclaimed:         -                  -               218M (21%)         477M (47%)            -                  -          
[29.941s][info][gc          ] GC(188) Garbage Collection (Allocation Rate) 550M(54%)->262M(26%)
[29.996s][info][gc,start    ] GC(189) Garbage Collection (Allocation Rate)
[29.996s][info][gc,task     ] GC(189) Using 10 workers
[29.997s][info][gc,phases   ] GC(189) Pause Mark Start 0.010ms
[30.019s][info][gc,phases   ] GC(189) Concurrent Mark 21.548ms
[30.019s][info][gc,phases   ] GC(189) Pause Mark End 0.026ms
[30.020s][info][gc,phases   ] GC(189) Concurrent Mark Free 0.001ms
[30.024s][info][gc,phases   ] GC(189) Concurrent Process Non-Strong References 4.047ms
[30.024s][info][gc,phases   ] GC(189) Concurrent Reset Relocation Set 0.041ms
[30.033s][info][gc,phases   ] GC(189) Concurrent Select Relocation Set 9.164ms
[30.034s][info][gc,phases   ] GC(189) Pause Relocate Start 0.012ms
[30.039s][info][gc,phases   ] GC(189) Concurrent Relocate 4.980ms
[30.039s][info][gc,load     ] GC(189) Load: 0.00/0.00/0.00
[30.039s][info][gc,mmu      ] GC(189) MMU: 2ms/95.9%, 5ms/98.4%, 10ms/99.2%, 20ms/99.6%, 50ms/99.8%, 100ms/99.9%
[30.039s][info][gc,marking  ] GC(189) Mark: 8 stripe(s), 3 proactive flush(es), 1 terminate flush(es), 0 completion(s), 0 continuation(s) 
[30.039s][info][gc,marking  ] GC(189) Mark Stack Usage: 32M
[30.039s][info][gc,nmethod  ] GC(189) NMethods: 8972 registered, 103 unregistered
[30.039s][info][gc,metaspace] GC(189) Metaspace: 71M used, 72M committed, 1088M reserved
[30.039s][info][gc,ref      ] GC(189) Soft: 2389 encountered, 0 discovered, 0 enqueued
[30.039s][info][gc,ref      ] GC(189) Weak: 10746 encountered, 1116 discovered, 0 enqueued
[30.039s][info][gc,ref      ] GC(189) Final: 289 encountered, 16 discovered, 0 enqueued
[30.039s][info][gc,ref      ] GC(189) Phantom: 424 encountered, 312 discovered, 0 enqueued
[30.039s][info][gc,reloc    ] GC(189) Small Pages: 272 / 544M, Empty: 244M, Relocated: 8M, In-Place: 0
[30.039s][info][gc,reloc    ] GC(189) Medium Pages: 0 / 0M, Empty: 0M, Relocated: 0M, In-Place: 0
[30.039s][info][gc,reloc    ] GC(189) Large Pages: 0 / 0M, Empty: 0M, Relocated: 0M, In-Place: 0
[30.039s][info][gc,reloc    ] GC(189) Forwarding Usage: 2M
[30.039s][info][gc,heap     ] GC(189) Min Capacity: 8M(1%)
[30.039s][info][gc,heap     ] GC(189) Max Capacity: 1024M(100%)
[30.039s][info][gc,heap     ] GC(189) Soft Max Capacity: 1024M(100%)
[30.039s][info][gc,heap     ] GC(189)                Mark Start          Mark End        Relocate Start      Relocate End           High               Low         
[30.039s][info][gc,heap     ] GC(189)  Capacity:     1024M (100%)       1024M (100%)       1024M (100%)       1024M (100%)       1024M (100%)       1024M (100%)   
[30.039s][info][gc,heap     ] GC(189)      Free:      480M (47%)         374M (37%)         554M (54%)         768M (75%)         774M (76%)         354M (35%)    
[30.039s][info][gc,heap     ] GC(189)      Used:      544M (53%)         650M (63%)         470M (46%)         256M (25%)         670M (65%)         250M (24%)    
[30.039s][info][gc,heap     ] GC(189)      Live:         -                49M (5%)           49M (5%)           49M (5%)             -                  -          
[30.039s][info][gc,heap     ] GC(189) Allocated:         -               106M (10%)         170M (17%)         183M (18%)            -                  -          
[30.039s][info][gc,heap     ] GC(189)   Garbage:         -               494M (48%)         250M (24%)          22M (2%)             -                  -          
[30.039s][info][gc,heap     ] GC(189) Reclaimed:         -                  -               244M (24%)         471M (46%)            -                  -          
[30.039s][info][gc          ] GC(189) Garbage Collection (Allocation Rate) 544M(53%)->256M(25%)
[30.095s][info][gc,start    ] GC(190) Garbage Collection (Allocation Rate)
[30.095s][info][gc,task     ] GC(190) Using 10 workers
[30.096s][info][gc,phases   ] GC(190) Pause Mark Start 0.016ms
[30.096s][info][gc,stats    ] === Garbage Collection Statistics =======================================================================================================================
[30.096s][info][gc,stats    ]                                                              Last 10s              Last 10m              Last 10h                Total
[30.096s][info][gc,stats    ]                                                              Avg / Max             Avg / Max             Avg / Max             Avg / Max
[30.096s][info][gc,stats    ]   Collector: Garbage Collection Cycle                     42.740 / 130.482      53.077 / 227.632      53.077 / 227.632      53.077 / 227.632     ms
[30.096s][info][gc,stats    ]  Contention: Mark Segment Reset Contention                    53 / 75               35 / 77               35 / 77               35 / 77          ops/s
[30.096s][info][gc,stats    ]  Contention: Mark SeqNum Reset Contention                      7 / 12                4 / 14                4 / 14                4 / 14          ops/s
[30.096s][info][gc,stats    ]    Critical: Allocation Stall                                 14 / 96               15 / 214              15 / 214              15 / 214         ops/s
[30.097s][info][gc,stats    ]    Critical: Allocation Stall                              9.200 / 19.698       15.505 / 46.282       15.505 / 46.282       15.505 / 46.282      ms
[30.097s][info][gc,stats    ]    Critical: GC Locker Stall                                   0 / 0                 0 / 1                 0 / 1                 0 / 1           ops/s
[30.097s][info][gc,stats    ]    Critical: GC Locker Stall                               0.000 / 0.000         0.001 / 0.001         0.001 / 0.001         0.001 / 0.001       ms
[30.097s][info][gc,stats    ]    Critical: Relocation Stall                                  0 / 0                 0 / 0                 0 / 0                 0 / 0           ops/s
[30.097s][info][gc,stats    ]    Critical: Relocation Stall                              0.000 / 0.000         0.000 / 0.000         0.000 / 0.000         0.000 / 0.000       ms
[30.097s][info][gc,stats    ]      Memory: Allocation Rate                                5143 / 6056           3221 / 6056           3221 / 6056           3221 / 6056        MB/s
[30.097s][info][gc,stats    ]      Memory: Defragment                                        0 / 0                 0 / 0                 0 / 0                 0 / 0           ops/s
[30.097s][info][gc,stats    ]      Memory: Out Of Memory                                     0 / 0                 0 / 0                 0 / 0                 0 / 0           ops/s
[30.097s][info][gc,stats    ]      Memory: Page Cache Flush                                  0 / 0                 0 / 0                 0 / 0                 0 / 0           MB/s
[30.097s][info][gc,stats    ]      Memory: Page Cache Hit L1                              2666 / 3128           1656 / 3128           1656 / 3128           1656 / 3128        ops/s
[30.097s][info][gc,stats    ]      Memory: Page Cache Hit L2                                 0 / 0                 0 / 0                 0 / 0                 0 / 0           ops/s
[30.097s][info][gc,stats    ]      Memory: Page Cache Hit L3                                 0 / 0                17 / 186              17 / 186              17 / 186         ops/s
[30.097s][info][gc,stats    ]      Memory: Page Cache Miss                                   0 / 0                 0 / 1                 0 / 1                 0 / 1           ops/s
[30.097s][info][gc,stats    ]      Memory: Uncommit                                          0 / 0                 0 / 0                 0 / 0                 0 / 0           MB/s
[30.097s][info][gc,stats    ]      Memory: Undo Object Allocation Failed                  1632 / 3113            914 / 3113            914 / 3113            914 / 3113        ops/s
[30.097s][info][gc,stats    ]      Memory: Undo Object Allocation Succeeded                 81 / 153              60 / 153              60 / 153              60 / 153         ops/s
[30.097s][info][gc,stats    ]      Memory: Undo Page Allocation                            511 / 666             306 / 666             306 / 666             306 / 666         ops/s
[30.097s][info][gc,stats    ]       Phase: Concurrent Mark                              24.563 / 114.594      29.238 / 164.365      29.238 / 164.365      29.238 / 164.365     ms
[30.097s][info][gc,stats    ]       Phase: Concurrent Mark Continue                      0.000 / 0.000         0.000 / 0.000         0.000 / 0.000         0.000 / 0.000       ms
[30.097s][info][gc,stats    ]       Phase: Concurrent Mark Free                          0.001 / 0.003         0.001 / 0.005         0.001 / 0.005         0.001 / 0.005       ms
[30.097s][info][gc,stats    ]       Phase: Concurrent Process Non-Strong References      3.743 / 25.421        5.232 / 41.839        5.232 / 41.839        5.232 / 41.839      ms
[30.097s][info][gc,stats    ]       Phase: Concurrent Relocate                           4.387 / 7.990         4.498 / 17.218        4.498 / 17.218        4.498 / 17.218      ms
[30.097s][info][gc,stats    ]       Phase: Concurrent Reset Relocation Set               0.033 / 0.065         0.031 / 0.065         0.031 / 0.065         0.031 / 0.065       ms
[30.097s][info][gc,stats    ]       Phase: Concurrent Select Relocation Set              6.488 / 11.517        6.511 / 19.177        6.511 / 19.177        6.511 / 19.177      ms
[30.097s][info][gc,stats    ]       Phase: Pause Mark End                                0.025 / 0.033         0.025 / 0.049         0.025 / 0.049         0.025 / 0.049       ms
[30.097s][info][gc,stats    ]       Phase: Pause Mark Start                              0.012 / 0.056         0.013 / 0.082         0.013 / 0.082         0.013 / 0.082       ms
[30.097s][info][gc,stats    ]       Phase: Pause Relocate Start                          0.009 / 0.014         0.009 / 0.014         0.009 / 0.014         0.009 / 0.014       ms
[30.097s][info][gc,stats    ]    Subphase: Concurrent Classes Purge                      0.023 / 0.214         0.158 / 3.466         0.158 / 3.466         0.158 / 3.466       ms
[30.097s][info][gc,stats    ]    Subphase: Concurrent Classes Unlink                     2.718 / 24.360        3.232 / 28.260        3.232 / 28.260        3.232 / 28.260      ms
[30.097s][info][gc,stats    ]    Subphase: Concurrent Mark                              20.932 / 111.401      24.129 / 157.163      24.129 / 157.163      24.129 / 157.163     ms
[30.097s][info][gc,stats    ]    Subphase: Concurrent Mark Try Flush                     0.973 / 98.502        1.718 / 98.502        1.718 / 98.502        1.718 / 98.502      ms
[30.097s][info][gc,stats    ]    Subphase: Concurrent Mark Try Terminate                 2.027 / 16.670        2.122 / 29.147        2.122 / 29.147        2.122 / 29.147      ms
[30.097s][info][gc,stats    ]    Subphase: Concurrent References Enqueue                 0.001 / 0.006         0.002 / 0.008         0.002 / 0.008         0.002 / 0.008       ms
[30.097s][info][gc,stats    ]    Subphase: Concurrent References Process                 0.145 / 0.442         0.167 / 0.746         0.167 / 0.746         0.167 / 0.746       ms
[30.097s][info][gc,stats    ]    Subphase: Concurrent Roots ClassLoaderDataGraph         0.056 / 0.594         0.059 / 1.405         0.059 / 1.405         0.059 / 1.405       ms
[30.097s][info][gc,stats    ]    Subphase: Concurrent Roots CodeCache                    0.000 / 0.000         0.000 / 0.000         0.000 / 0.000         0.000 / 0.000       ms
[30.097s][info][gc,stats    ]    Subphase: Concurrent Roots JavaThreads                  2.924 / 7.051         4.024 / 25.953        4.024 / 25.953        4.024 / 25.953      ms
[30.097s][info][gc,stats    ]    Subphase: Concurrent Roots OopStorageSet                0.025 / 0.052         0.029 / 0.966         0.029 / 0.966         0.029 / 0.966       ms
[30.097s][info][gc,stats    ]    Subphase: Concurrent Weak Roots OopStorageSet           0.350 / 1.150         0.350 / 1.175         0.350 / 1.175         0.350 / 1.175       ms
[30.097s][info][gc,stats    ]    Subphase: Pause Mark Try Complete                       0.000 / 0.000         0.001 / 0.003         0.001 / 0.003         0.001 / 0.003       ms
[30.097s][info][gc,stats    ]      System: Java Threads                                    179 / 203             171 / 203             171 / 203             171 / 203         threads
[30.097s][info][gc,stats    ] =========================================================================================================================================================
[30.118s][info][gc,phases   ] GC(190) Concurrent Mark 21.669ms
[30.118s][info][gc,phases   ] GC(190) Pause Mark End 0.025ms
[30.119s][info][gc,phases   ] GC(190) Concurrent Mark Free 0.002ms
[30.122s][info][gc,phases   ] GC(190) Concurrent Process Non-Strong References 3.438ms
[30.123s][info][gc,phases   ] GC(190) Concurrent Reset Relocation Set 0.038ms
[30.127s][info][gc,phases   ] GC(190) Concurrent Select Relocation Set 4.918ms
[30.128s][info][gc,phases   ] GC(190) Pause Relocate Start 0.008ms
[30.134s][info][gc,phases   ] GC(190) Concurrent Relocate 5.868ms
[30.134s][info][gc,load     ] GC(190) Load: 0.00/0.00/0.00
[30.134s][info][gc,mmu      ] GC(190) MMU: 2ms/95.9%, 5ms/98.4%, 10ms/99.2%, 20ms/99.6%, 50ms/99.8%, 100ms/99.9%
[30.134s][info][gc,marking  ] GC(190) Mark: 8 stripe(s), 4 proactive flush(es), 1 terminate flush(es), 0 completion(s), 0 continuation(s) 
[30.134s][info][gc,marking  ] GC(190) Mark Stack Usage: 32M
[30.134s][info][gc,nmethod  ] GC(190) NMethods: 8972 registered, 103 unregistered
[30.134s][info][gc,metaspace] GC(190) Metaspace: 71M used, 72M committed, 1088M reserved
[30.134s][info][gc,ref      ] GC(190) Soft: 2389 encountered, 0 discovered, 0 enqueued
[30.134s][info][gc,ref      ] GC(190) Weak: 10746 encountered, 1362 discovered, 0 enqueued
[30.134s][info][gc,ref      ] GC(190) Final: 289 encountered, 17 discovered, 0 enqueued
[30.134s][info][gc,ref      ] GC(190) Phantom: 424 encountered, 229 discovered, 0 enqueued
[30.134s][info][gc,reloc    ] GC(190) Small Pages: 270 / 540M, Empty: 212M, Relocated: 8M, In-Place: 0
[30.134s][info][gc,reloc    ] GC(190) Medium Pages: 0 / 0M, Empty: 0M, Relocated: 0M, In-Place: 0
[30.134s][info][gc,reloc    ] GC(190) Large Pages: 0 / 0M, Empty: 0M, Relocated: 0M, In-Place: 0
[30.134s][info][gc,reloc    ] GC(190) Forwarding Usage: 2M
[30.134s][info][gc,heap     ] GC(190) Min Capacity: 8M(1%)
[30.134s][info][gc,heap     ] GC(190) Max Capacity: 1024M(100%)
[30.134s][info][gc,heap     ] GC(190) Soft Max Capacity: 1024M(100%)
[30.134s][info][gc,heap     ] GC(190)                Mark Start          Mark End        Relocate Start      Relocate End           High               Low         
[30.134s][info][gc,heap     ] GC(190)  Capacity:     1024M (100%)       1024M (100%)       1024M (100%)       1024M (100%)       1024M (100%)       1024M (100%)   
[30.134s][info][gc,heap     ] GC(190)      Free:      484M (47%)         376M (37%)         546M (53%)         784M (77%)         794M (78%)         356M (35%)    
[30.134s][info][gc,heap     ] GC(190)      Used:      540M (53%)         648M (63%)         478M (47%)         240M (23%)         668M (65%)         230M (22%)    
[30.134s][info][gc,heap     ] GC(190)      Live:         -                49M (5%)           49M (5%)           49M (5%)             -                  -          
[30.134s][info][gc,heap     ] GC(190) Allocated:         -               108M (11%)         150M (15%)         167M (16%)            -                  -          
[30.134s][info][gc,heap     ] GC(190)   Garbage:         -               490M (48%)         278M (27%)          22M (2%)             -                  -          
[30.134s][info][gc,heap     ] GC(190) Reclaimed:         -                  -               212M (21%)         467M (46%)            -                  -          
[30.134s][info][gc          ] GC(190) Garbage Collection (Allocation Rate) 540M(53%)->240M(23%)
[30.196s][info][gc,start    ] GC(191) Garbage Collection (Allocation Rate)
[30.196s][info][gc,task     ] GC(191) Using 10 workers
[30.196s][info][gc,phases   ] GC(191) Pause Mark Start 0.010ms
[30.216s][info][gc,phases   ] GC(191) Concurrent Mark 19.726ms
[30.216s][info][gc,phases   ] GC(191) Pause Mark End 0.025ms
[30.217s][info][gc,phases   ] GC(191) Concurrent Mark Free 0.001ms
[30.221s][info][gc,phases   ] GC(191) Concurrent Process Non-Strong References 3.758ms
[30.221s][info][gc,phases   ] GC(191) Concurrent Reset Relocation Set 0.041ms
[30.230s][info][gc,phases   ] GC(191) Concurrent Select Relocation Set 8.982ms
[30.231s][info][gc,phases   ] GC(191) Pause Relocate Start 0.010ms
[30.237s][info][gc,phases   ] GC(191) Concurrent Relocate 5.969ms
[30.237s][info][gc,load     ] GC(191) Load: 0.00/0.00/0.00
[30.237s][info][gc,mmu      ] GC(191) MMU: 2ms/95.9%, 5ms/98.4%, 10ms/99.2%, 20ms/99.6%, 50ms/99.8%, 100ms/99.9%
[30.237s][info][gc,marking  ] GC(191) Mark: 8 stripe(s), 3 proactive flush(es), 1 terminate flush(es), 0 completion(s), 0 continuation(s) 
[30.237s][info][gc,marking  ] GC(191) Mark Stack Usage: 32M
[30.237s][info][gc,nmethod  ] GC(191) NMethods: 8972 registered, 103 unregistered
[30.237s][info][gc,metaspace] GC(191) Metaspace: 71M used, 72M committed, 1088M reserved
[30.237s][info][gc,ref      ] GC(191) Soft: 2389 encountered, 0 discovered, 0 enqueued
[30.237s][info][gc,ref      ] GC(191) Weak: 10746 encountered, 1256 discovered, 0 enqueued
[30.237s][info][gc,ref      ] GC(191) Final: 289 encountered, 23 discovered, 0 enqueued
[30.237s][info][gc,ref      ] GC(191) Phantom: 424 encountered, 296 discovered, 0 enqueued
[30.237s][info][gc,reloc    ] GC(191) Small Pages: 276 / 552M, Empty: 214M, Relocated: 8M, In-Place: 0
[30.237s][info][gc,reloc    ] GC(191) Medium Pages: 0 / 0M, Empty: 0M, Relocated: 0M, In-Place: 0
[30.237s][info][gc,reloc    ] GC(191) Large Pages: 0 / 0M, Empty: 0M, Relocated: 0M, In-Place: 0
[30.237s][info][gc,reloc    ] GC(191) Forwarding Usage: 2M
[30.237s][info][gc,heap     ] GC(191) Min Capacity: 8M(1%)
[30.237s][info][gc,heap     ] GC(191) Max Capacity: 1024M(100%)
[30.237s][info][gc,heap     ] GC(191) Soft Max Capacity: 1024M(100%)
[30.237s][info][gc,heap     ] GC(191)                Mark Start          Mark End        Relocate Start      Relocate End           High               Low         
[30.237s][info][gc,heap     ] GC(191)  Capacity:     1024M (100%)       1024M (100%)       1024M (100%)       1024M (100%)       1024M (100%)       1024M (100%)   
[30.238s][info][gc,heap     ] GC(191)      Free:      472M (46%)         374M (37%)         524M (51%)         770M (75%)         782M (76%)         352M (34%)    
[30.238s][info][gc,heap     ] GC(191)      Used:      552M (54%)         650M (63%)         500M (49%)         254M (25%)         672M (66%)         242M (24%)    
[30.238s][info][gc,heap     ] GC(191)      Live:         -                49M (5%)           49M (5%)           49M (5%)             -                  -          
[30.238s][info][gc,heap     ] GC(191) Allocated:         -                98M (10%)         162M (16%)         180M (18%)            -                  -          
[30.238s][info][gc,heap     ] GC(191)   Garbage:         -               502M (49%)         288M (28%)          23M (2%)             -                  -          
[30.238s][info][gc,heap     ] GC(191) Reclaimed:         -                  -               214M (21%)         478M (47%)            -                  -          
[30.238s][info][gc          ] GC(191) Garbage Collection (Allocation Rate) 552M(54%)->254M(25%)
[30.296s][info][gc,start    ] GC(192) Garbage Collection (Allocation Rate)
[30.296s][info][gc,task     ] GC(192) Using 10 workers
[30.296s][info][gc,phases   ] GC(192) Pause Mark Start 0.013ms
[30.319s][info][gc,phases   ] GC(192) Concurrent Mark 22.636ms
[30.320s][info][gc,phases   ] GC(192) Pause Mark End 0.028ms
[30.320s][info][gc,phases   ] GC(192) Concurrent Mark Free 0.001ms
[30.324s][info][gc,phases   ] GC(192) Concurrent Process Non-Strong References 3.465ms
[30.324s][info][gc,phases   ] GC(192) Concurrent Reset Relocation Set 0.042ms
[30.329s][info][gc,phases   ] GC(192) Concurrent Select Relocation Set 4.878ms
[30.329s][info][gc,phases   ] GC(192) Pause Relocate Start 0.010ms
[30.334s][info][gc,phases   ] GC(192) Concurrent Relocate 4.951ms
[30.334s][info][gc,load     ] GC(192) Load: 0.00/0.00/0.00
[30.334s][info][gc,mmu      ] GC(192) MMU: 2ms/95.9%, 5ms/98.4%, 10ms/99.2%, 20ms/99.6%, 50ms/99.8%, 100ms/99.9%
[30.334s][info][gc,marking  ] GC(192) Mark: 8 stripe(s), 3 proactive flush(es), 1 terminate flush(es), 0 completion(s), 0 continuation(s) 
[30.334s][info][gc,marking  ] GC(192) Mark Stack Usage: 32M
[30.334s][info][gc,nmethod  ] GC(192) NMethods: 8972 registered, 103 unregistered
[30.334s][info][gc,metaspace] GC(192) Metaspace: 71M used, 72M committed, 1088M reserved
[30.334s][info][gc,ref      ] GC(192) Soft: 2389 encountered, 0 discovered, 0 enqueued
[30.334s][info][gc,ref      ] GC(192) Weak: 10746 encountered, 1024 discovered, 0 enqueued
[30.334s][info][gc,ref      ] GC(192) Final: 289 encountered, 21 discovered, 0 enqueued
[30.334s][info][gc,ref      ] GC(192) Phantom: 424 encountered, 261 discovered, 0 enqueued
[30.334s][info][gc,reloc    ] GC(192) Small Pages: 276 / 552M, Empty: 232M, Relocated: 8M, In-Place: 0
[30.335s][info][gc,reloc    ] GC(192) Medium Pages: 0 / 0M, Empty: 0M, Relocated: 0M, In-Place: 0
[30.335s][info][gc,reloc    ] GC(192) Large Pages: 0 / 0M, Empty: 0M, Relocated: 0M, In-Place: 0
[30.335s][info][gc,reloc    ] GC(192) Forwarding Usage: 2M
[30.335s][info][gc,heap     ] GC(192) Min Capacity: 8M(1%)
[30.335s][info][gc,heap     ] GC(192) Max Capacity: 1024M(100%)
[30.335s][info][gc,heap     ] GC(192) Soft Max Capacity: 1024M(100%)
[30.335s][info][gc,heap     ] GC(192)                Mark Start          Mark End        Relocate Start      Relocate End           High               Low         
[30.335s][info][gc,heap     ] GC(192)  Capacity:     1024M (100%)       1024M (100%)       1024M (100%)       1024M (100%)       1024M (100%)       1024M (100%)   
[30.335s][info][gc,heap     ] GC(192)      Free:      472M (46%)         360M (35%)         552M (54%)         786M (77%)         794M (78%)         344M (34%)    
[30.335s][info][gc,heap     ] GC(192)      Used:      552M (54%)         664M (65%)         472M (46%)         238M (23%)         680M (66%)         230M (22%)    
[30.335s][info][gc,heap     ] GC(192)      Live:         -                49M (5%)           49M (5%)           49M (5%)             -                  -          
[30.335s][info][gc,heap     ] GC(192) Allocated:         -               112M (11%)         152M (15%)         165M (16%)            -                  -          
[30.335s][info][gc,heap     ] GC(192)   Garbage:         -               502M (49%)         270M (26%)          23M (2%)             -                  -          
[30.335s][info][gc,heap     ] GC(192) Reclaimed:         -                  -               232M (23%)         479M (47%)            -                  -          
[30.335s][info][gc          ] GC(192) Garbage Collection (Allocation Rate) 552M(54%)->238M(23%)
[30.395s][info][gc,start    ] GC(193) Garbage Collection (Allocation Rate)
[30.395s][info][gc,task     ] GC(193) Using 10 workers
[30.395s][info][gc,phases   ] GC(193) Pause Mark Start 0.009ms
[30.416s][info][gc,phases   ] GC(193) Concurrent Mark 20.620ms
[30.417s][info][gc,phases   ] GC(193) Pause Mark End 0.028ms
[30.417s][info][gc,phases   ] GC(193) Concurrent Mark Free 0.001ms
[30.421s][info][gc,phases   ] GC(193) Concurrent Process Non-Strong References 3.480ms
[30.421s][info][gc,phases   ] GC(193) Concurrent Reset Relocation Set 0.039ms
[30.429s][info][gc,phases   ] GC(193) Concurrent Select Relocation Set 8.531ms
[30.430s][info][gc,phases   ] GC(193) Pause Relocate Start 0.011ms
[30.435s][info][gc,phases   ] GC(193) Concurrent Relocate 5.074ms
[30.435s][info][gc,load     ] GC(193) Load: 0.00/0.00/0.00
[30.435s][info][gc,mmu      ] GC(193) MMU: 2ms/95.9%, 5ms/98.4%, 10ms/99.2%, 20ms/99.6%, 50ms/99.8%, 100ms/99.9%
[30.435s][info][gc,marking  ] GC(193) Mark: 8 stripe(s), 3 proactive flush(es), 1 terminate flush(es), 0 completion(s), 0 continuation(s) 
[30.435s][info][gc,marking  ] GC(193) Mark Stack Usage: 32M
[30.435s][info][gc,nmethod  ] GC(193) NMethods: 8972 registered, 103 unregistered
[30.435s][info][gc,metaspace] GC(193) Metaspace: 71M used, 72M committed, 1088M reserved
[30.435s][info][gc,ref      ] GC(193) Soft: 2389 encountered, 0 discovered, 0 enqueued
[30.435s][info][gc,ref      ] GC(193) Weak: 10746 encountered, 1434 discovered, 0 enqueued
[30.435s][info][gc,ref      ] GC(193) Final: 289 encountered, 21 discovered, 0 enqueued
[30.435s][info][gc,ref      ] GC(193) Phantom: 424 encountered, 347 discovered, 0 enqueued
[30.435s][info][gc,reloc    ] GC(193) Small Pages: 270 / 540M, Empty: 228M, Relocated: 8M, In-Place: 0
[30.436s][info][gc,reloc    ] GC(193) Medium Pages: 0 / 0M, Empty: 0M, Relocated: 0M, In-Place: 0
[30.436s][info][gc,reloc    ] GC(193) Large Pages: 0 / 0M, Empty: 0M, Relocated: 0M, In-Place: 0
[30.436s][info][gc,reloc    ] GC(193) Forwarding Usage: 2M
[30.436s][info][gc,heap     ] GC(193) Min Capacity: 8M(1%)
[30.436s][info][gc,heap     ] GC(193) Max Capacity: 1024M(100%)
[30.436s][info][gc,heap     ] GC(193) Soft Max Capacity: 1024M(100%)
[30.436s][info][gc,heap     ] GC(193)                Mark Start          Mark End        Relocate Start      Relocate End           High               Low         
[30.436s][info][gc,heap     ] GC(193)  Capacity:     1024M (100%)       1024M (100%)       1024M (100%)       1024M (100%)       1024M (100%)       1024M (100%)   
[30.436s][info][gc,heap     ] GC(193)      Free:      484M (47%)         382M (37%)         552M (54%)         778M (76%)         784M (77%)         364M (36%)    
[30.436s][info][gc,heap     ] GC(193)      Used:      540M (53%)         642M (63%)         472M (46%)         246M (24%)         660M (64%)         240M (23%)    
[30.436s][info][gc,heap     ] GC(193)      Live:         -                50M (5%)           50M (5%)           50M (5%)             -                  -          
[30.436s][info][gc,heap     ] GC(193) Allocated:         -               102M (10%)         160M (16%)         173M (17%)            -                  -          
[30.436s][info][gc,heap     ] GC(193)   Garbage:         -               489M (48%)         261M (26%)          22M (2%)             -                  -          
[30.436s][info][gc,heap     ] GC(193) Reclaimed:         -                  -               228M (22%)         467M (46%)            -                  -          
[30.436s][info][gc          ] GC(193) Garbage Collection (Allocation Rate) 540M(53%)->246M(24%)
[30.496s][info][gc,start    ] GC(194) Garbage Collection (Allocation Rate)
[30.496s][info][gc,task     ] GC(194) Using 10 workers
[30.496s][info][gc,phases   ] GC(194) Pause Mark Start 0.010ms
[30.521s][info][gc,phases   ] GC(194) Concurrent Mark 24.454ms
[30.521s][info][gc,phases   ] GC(194) Pause Mark End 0.029ms
[30.522s][info][gc,phases   ] GC(194) Concurrent Mark Free 0.001ms
[30.525s][info][gc,phases   ] GC(194) Concurrent Process Non-Strong References 3.855ms
[30.526s][info][gc,phases   ] GC(194) Concurrent Reset Relocation Set 0.036ms
[30.535s][info][gc,phases   ] GC(194) Concurrent Select Relocation Set 8.904ms
[30.535s][info][gc,phases   ] GC(194) Pause Relocate Start 0.008ms
[30.540s][info][gc,phases   ] GC(194) Concurrent Relocate 4.946ms
[30.540s][info][gc,load     ] GC(194) Load: 0.00/0.00/0.00
[30.540s][info][gc,mmu      ] GC(194) MMU: 2ms/95.9%, 5ms/98.4%, 10ms/99.2%, 20ms/99.6%, 50ms/99.8%, 100ms/99.9%
[30.540s][info][gc,marking  ] GC(194) Mark: 8 stripe(s), 3 proactive flush(es), 1 terminate flush(es), 0 completion(s), 0 continuation(s) 
[30.540s][info][gc,marking  ] GC(194) Mark Stack Usage: 32M
[30.540s][info][gc,nmethod  ] GC(194) NMethods: 8972 registered, 105 unregistered
[30.540s][info][gc,metaspace] GC(194) Metaspace: 71M used, 72M committed, 1088M reserved
[30.540s][info][gc,ref      ] GC(194) Soft: 2389 encountered, 0 discovered, 0 enqueued
[30.540s][info][gc,ref      ] GC(194) Weak: 10746 encountered, 1727 discovered, 0 enqueued
[30.540s][info][gc,ref      ] GC(194) Final: 289 encountered, 33 discovered, 0 enqueued
[30.540s][info][gc,ref      ] GC(194) Phantom: 424 encountered, 305 discovered, 0 enqueued
[30.540s][info][gc,reloc    ] GC(194) Small Pages: 269 / 538M, Empty: 216M, Relocated: 8M, In-Place: 0
[30.540s][info][gc,reloc    ] GC(194) Medium Pages: 0 / 0M, Empty: 0M, Relocated: 0M, In-Place: 0
[30.540s][info][gc,reloc    ] GC(194) Large Pages: 0 / 0M, Empty: 0M, Relocated: 0M, In-Place: 0
[30.540s][info][gc,reloc    ] GC(194) Forwarding Usage: 2M
[30.540s][info][gc,heap     ] GC(194) Min Capacity: 8M(1%)
[30.540s][info][gc,heap     ] GC(194) Max Capacity: 1024M(100%)
[30.540s][info][gc,heap     ] GC(194) Soft Max Capacity: 1024M(100%)
[30.540s][info][gc,heap     ] GC(194)                Mark Start          Mark End        Relocate Start      Relocate End           High               Low         
[30.540s][info][gc,heap     ] GC(194)  Capacity:     1024M (100%)       1024M (100%)       1024M (100%)       1024M (100%)       1024M (100%)       1024M (100%)   
[30.540s][info][gc,heap     ] GC(194)      Free:      486M (47%)         366M (36%)         524M (51%)         758M (74%)         766M (75%)         350M (34%)    
[30.540s][info][gc,heap     ] GC(194)      Used:      538M (53%)         658M (64%)         500M (49%)         266M (26%)         674M (66%)         258M (25%)    
[30.540s][info][gc,heap     ] GC(194)      Live:         -                50M (5%)           50M (5%)           50M (5%)             -                  -          
[30.540s][info][gc,heap     ] GC(194) Allocated:         -               120M (12%)         178M (17%)         193M (19%)            -                  -          
[30.540s][info][gc,heap     ] GC(194)   Garbage:         -               487M (48%)         271M (27%)          22M (2%)             -                  -          
[30.540s][info][gc,heap     ] GC(194) Reclaimed:         -                  -               216M (21%)         465M (45%)            -                  -          
[30.541s][info][gc          ] GC(194) Garbage Collection (Allocation Rate) 538M(53%)->266M(26%)
[30.596s][info][gc,start    ] GC(195) Garbage Collection (Allocation Rate)
[30.596s][info][gc,task     ] GC(195) Using 10 workers
[30.597s][info][gc,phases   ] GC(195) Pause Mark Start 0.008ms
[30.620s][info][gc,phases   ] GC(195) Concurrent Mark 23.125ms
[30.620s][info][gc,phases   ] GC(195) Pause Mark End 0.030ms
[30.621s][info][gc,phases   ] GC(195) Concurrent Mark Free 0.001ms
[30.624s][info][gc,phases   ] GC(195) Concurrent Process Non-Strong References 3.558ms
[30.624s][info][gc,phases   ] GC(195) Concurrent Reset Relocation Set 0.041ms
[30.629s][info][gc,phases   ] GC(195) Concurrent Select Relocation Set 4.850ms
[30.629s][info][gc,phases   ] GC(195) Pause Relocate Start 0.008ms
[30.634s][info][gc,phases   ] GC(195) Concurrent Relocate 4.484ms
[30.634s][info][gc,load     ] GC(195) Load: 0.00/0.00/0.00
[30.634s][info][gc,mmu      ] GC(195) MMU: 2ms/95.9%, 5ms/98.4%, 10ms/99.2%, 20ms/99.6%, 50ms/99.8%, 100ms/99.9%
[30.634s][info][gc,marking  ] GC(195) Mark: 8 stripe(s), 3 proactive flush(es), 1 terminate flush(es), 0 completion(s), 0 continuation(s) 
[30.634s][info][gc,marking  ] GC(195) Mark Stack Usage: 32M
[30.634s][info][gc,nmethod  ] GC(195) NMethods: 8972 registered, 106 unregistered
[30.634s][info][gc,metaspace] GC(195) Metaspace: 71M used, 72M committed, 1088M reserved
[30.635s][info][gc,ref      ] GC(195) Soft: 2389 encountered, 0 discovered, 0 enqueued
[30.635s][info][gc,ref      ] GC(195) Weak: 10746 encountered, 1038 discovered, 0 enqueued
[30.635s][info][gc,ref      ] GC(195) Final: 289 encountered, 21 discovered, 0 enqueued
[30.635s][info][gc,ref      ] GC(195) Phantom: 424 encountered, 314 discovered, 0 enqueued
[30.635s][info][gc,reloc    ] GC(195) Small Pages: 273 / 546M, Empty: 236M, Relocated: 8M, In-Place: 0
[30.635s][info][gc,reloc    ] GC(195) Medium Pages: 0 / 0M, Empty: 0M, Relocated: 0M, In-Place: 0
[30.635s][info][gc,reloc    ] GC(195) Large Pages: 0 / 0M, Empty: 0M, Relocated: 0M, In-Place: 0
[30.635s][info][gc,reloc    ] GC(195) Forwarding Usage: 2M
[30.635s][info][gc,heap     ] GC(195) Min Capacity: 8M(1%)
[30.635s][info][gc,heap     ] GC(195) Max Capacity: 1024M(100%)
[30.635s][info][gc,heap     ] GC(195) Soft Max Capacity: 1024M(100%)
[30.635s][info][gc,heap     ] GC(195)                Mark Start          Mark End        Relocate Start      Relocate End           High               Low         
[30.635s][info][gc,heap     ] GC(195)  Capacity:     1024M (100%)       1024M (100%)       1024M (100%)       1024M (100%)       1024M (100%)       1024M (100%)   
[30.635s][info][gc,heap     ] GC(195)      Free:      478M (47%)         364M (36%)         558M (54%)         786M (77%)         788M (77%)         346M (34%)    
[30.635s][info][gc,heap     ] GC(195)      Used:      546M (53%)         660M (64%)         466M (46%)         238M (23%)         678M (66%)         236M (23%)    
[30.635s][info][gc,heap     ] GC(195)      Live:         -                49M (5%)           49M (5%)           49M (5%)             -                  -          
[30.635s][info][gc,heap     ] GC(195) Allocated:         -               114M (11%)         156M (15%)         165M (16%)            -                  -          
[30.635s][info][gc,heap     ] GC(195)   Garbage:         -               496M (48%)         260M (25%)          22M (2%)             -                  -          
[30.635s][info][gc,heap     ] GC(195) Reclaimed:         -                  -               236M (23%)         473M (46%)            -                  -          
[30.635s][info][gc          ] GC(195) Garbage Collection (Allocation Rate) 546M(53%)->238M(23%)
[30.696s][info][gc,start    ] GC(196) Garbage Collection (Allocation Rate)
[30.696s][info][gc,task     ] GC(196) Using 10 workers
[30.696s][info][gc,phases   ] GC(196) Pause Mark Start 0.014ms
[30.720s][info][gc,phases   ] GC(196) Concurrent Mark 22.923ms
[30.720s][info][gc,phases   ] GC(196) Pause Mark End 0.029ms
[30.720s][info][gc,phases   ] GC(196) Concurrent Mark Free 0.001ms
[30.724s][info][gc,phases   ] GC(196) Concurrent Process Non-Strong References 3.482ms
[30.724s][info][gc,phases   ] GC(196) Concurrent Reset Relocation Set 0.039ms
[30.733s][info][gc,phases   ] GC(196) Concurrent Select Relocation Set 8.869ms
[30.733s][info][gc,phases   ] GC(196) Pause Relocate Start 0.008ms
[30.738s][info][gc,phases   ] GC(196) Concurrent Relocate 5.096ms
[30.738s][info][gc,load     ] GC(196) Load: 0.00/0.00/0.00
[30.738s][info][gc,mmu      ] GC(196) MMU: 2ms/95.9%, 5ms/98.4%, 10ms/99.2%, 20ms/99.6%, 50ms/99.8%, 100ms/99.9%
[30.738s][info][gc,marking  ] GC(196) Mark: 8 stripe(s), 3 proactive flush(es), 1 terminate flush(es), 0 completion(s), 0 continuation(s) 
[30.738s][info][gc,marking  ] GC(196) Mark Stack Usage: 32M
[30.738s][info][gc,nmethod  ] GC(196) NMethods: 8972 registered, 106 unregistered
[30.738s][info][gc,metaspace] GC(196) Metaspace: 71M used, 72M committed, 1088M reserved
[30.738s][info][gc,ref      ] GC(196) Soft: 2389 encountered, 0 discovered, 0 enqueued
[30.739s][info][gc,ref      ] GC(196) Weak: 10746 encountered, 1646 discovered, 0 enqueued
[30.739s][info][gc,ref      ] GC(196) Final: 289 encountered, 13 discovered, 0 enqueued
[30.739s][info][gc,ref      ] GC(196) Phantom: 424 encountered, 314 discovered, 0 enqueued
[30.739s][info][gc,reloc    ] GC(196) Small Pages: 273 / 546M, Empty: 224M, Relocated: 8M, In-Place: 0
[30.739s][info][gc,reloc    ] GC(196) Medium Pages: 0 / 0M, Empty: 0M, Relocated: 0M, In-Place: 0
[30.739s][info][gc,reloc    ] GC(196) Large Pages: 0 / 0M, Empty: 0M, Relocated: 0M, In-Place: 0
[30.739s][info][gc,reloc    ] GC(196) Forwarding Usage: 2M
[30.739s][info][gc,heap     ] GC(196) Min Capacity: 8M(1%)
[30.739s][info][gc,heap     ] GC(196) Max Capacity: 1024M(100%)
[30.739s][info][gc,heap     ] GC(196) Soft Max Capacity: 1024M(100%)
[30.739s][info][gc,heap     ] GC(196)                Mark Start          Mark End        Relocate Start      Relocate End           High               Low         
[30.739s][info][gc,heap     ] GC(196)  Capacity:     1024M (100%)       1024M (100%)       1024M (100%)       1024M (100%)       1024M (100%)       1024M (100%)   
[30.739s][info][gc,heap     ] GC(196)      Free:      478M (47%)         366M (36%)         532M (52%)         768M (75%)         776M (76%)         352M (34%)    
[30.739s][info][gc,heap     ] GC(196)      Used:      546M (53%)         658M (64%)         492M (48%)         256M (25%)         672M (66%)         248M (24%)    
[30.739s][info][gc,heap     ] GC(196)      Live:         -                49M (5%)           49M (5%)           49M (5%)             -                  -          
[30.739s][info][gc,heap     ] GC(196) Allocated:         -               112M (11%)         170M (17%)         183M (18%)            -                  -          
[30.739s][info][gc,heap     ] GC(196)   Garbage:         -               496M (48%)         272M (27%)          22M (2%)             -                  -          
[30.739s][info][gc,heap     ] GC(196) Reclaimed:         -                  -               224M (22%)         473M (46%)            -                  -          
[30.739s][info][gc          ] GC(196) Garbage Collection (Allocation Rate) 546M(53%)->256M(25%)
[30.796s][info][gc,start    ] GC(197) Garbage Collection (Allocation Rate)
[30.796s][info][gc,task     ] GC(197) Using 10 workers
[30.796s][info][gc,phases   ] GC(197) Pause Mark Start 0.010ms
[30.817s][info][gc,phases   ] GC(197) Concurrent Mark 20.031ms
[30.817s][info][gc,phases   ] GC(197) Pause Mark End 0.029ms
[30.817s][info][gc,phases   ] GC(197) Concurrent Mark Free 0.001ms
[30.821s][info][gc,phases   ] GC(197) Concurrent Process Non-Strong References 3.461ms
[30.821s][info][gc,phases   ] GC(197) Concurrent Reset Relocation Set 0.036ms
[30.826s][info][gc,phases   ] GC(197) Concurrent Select Relocation Set 4.830ms
[30.826s][info][gc,phases   ] GC(197) Pause Relocate Start 0.008ms
[30.831s][info][gc,phases   ] GC(197) Concurrent Relocate 4.804ms
[30.831s][info][gc,load     ] GC(197) Load: 0.00/0.00/0.00
[30.831s][info][gc,mmu      ] GC(197) MMU: 2ms/95.9%, 5ms/98.4%, 10ms/99.2%, 20ms/99.6%, 50ms/99.8%, 100ms/99.9%
[30.831s][info][gc,marking  ] GC(197) Mark: 8 stripe(s), 3 proactive flush(es), 1 terminate flush(es), 0 completion(s), 0 continuation(s) 
[30.831s][info][gc,marking  ] GC(197) Mark Stack Usage: 32M
[30.831s][info][gc,nmethod  ] GC(197) NMethods: 8972 registered, 106 unregistered
[30.831s][info][gc,metaspace] GC(197) Metaspace: 71M used, 72M committed, 1088M reserved
[30.831s][info][gc,ref      ] GC(197) Soft: 2389 encountered, 0 discovered, 0 enqueued
[30.831s][info][gc,ref      ] GC(197) Weak: 10746 encountered, 1671 discovered, 0 enqueued
[30.831s][info][gc,ref      ] GC(197) Final: 289 encountered, 13 discovered, 0 enqueued
[30.831s][info][gc,ref      ] GC(197) Phantom: 424 encountered, 312 discovered, 0 enqueued
[30.831s][info][gc,reloc    ] GC(197) Small Pages: 273 / 546M, Empty: 166M, Relocated: 8M, In-Place: 0
[30.831s][info][gc,reloc    ] GC(197) Medium Pages: 0 / 0M, Empty: 0M, Relocated: 0M, In-Place: 0
[30.831s][info][gc,reloc    ] GC(197) Large Pages: 0 / 0M, Empty: 0M, Relocated: 0M, In-Place: 0
[30.831s][info][gc,reloc    ] GC(197) Forwarding Usage: 2M
[30.831s][info][gc,heap     ] GC(197) Min Capacity: 8M(1%)
[30.831s][info][gc,heap     ] GC(197) Max Capacity: 1024M(100%)
[30.831s][info][gc,heap     ] GC(197) Soft Max Capacity: 1024M(100%)
[30.832s][info][gc,heap     ] GC(197)                Mark Start          Mark End        Relocate Start      Relocate End           High               Low         
[30.832s][info][gc,heap     ] GC(197)  Capacity:     1024M (100%)       1024M (100%)       1024M (100%)       1024M (100%)       1024M (100%)       1024M (100%)   
[30.832s][info][gc,heap     ] GC(197)      Free:      478M (47%)         378M (37%)         506M (49%)         802M (78%)         806M (79%)         358M (35%)    
[30.832s][info][gc,heap     ] GC(197)      Used:      546M (53%)         646M (63%)         518M (51%)         222M (22%)         666M (65%)         218M (21%)    
[30.832s][info][gc,heap     ] GC(197)      Live:         -                49M (5%)           49M (5%)           49M (5%)             -                  -          
[30.832s][info][gc,heap     ] GC(197) Allocated:         -               100M (10%)         138M (13%)         149M (15%)            -                  -          
[30.832s][info][gc,heap     ] GC(197)   Garbage:         -               496M (48%)         330M (32%)          22M (2%)             -                  -          
[30.832s][info][gc,heap     ] GC(197) Reclaimed:         -                  -               166M (16%)         473M (46%)            -                  -          
[30.832s][info][gc          ] GC(197) Garbage Collection (Allocation Rate) 546M(53%)->222M(22%)
[30.896s][info][gc,start    ] GC(198) Garbage Collection (Allocation Rate)
[30.902s][info][gc,task     ] GC(198) Using 10 workers
[30.902s][info][gc,phases   ] GC(198) Pause Mark Start 0.011ms
[30.925s][info][gc,phases   ] GC(198) Concurrent Mark 22.654ms
[30.925s][info][gc,phases   ] GC(198) Pause Mark End 0.027ms
[30.928s][info][gc,phases   ] GC(198) Concurrent Mark Free 0.001ms
[30.932s][info][gc,phases   ] GC(198) Concurrent Process Non-Strong References 3.739ms
[30.932s][info][gc,phases   ] GC(198) Concurrent Reset Relocation Set 0.042ms
[30.941s][info][gc,phases   ] GC(198) Concurrent Select Relocation Set 8.860ms
[30.941s][info][gc,phases   ] GC(198) Pause Relocate Start 0.011ms
[30.946s][info][gc,phases   ] GC(198) Concurrent Relocate 4.874ms
[30.946s][info][gc,load     ] GC(198) Load: 0.00/0.00/0.00
[30.946s][info][gc,mmu      ] GC(198) MMU: 2ms/95.9%, 5ms/98.4%, 10ms/99.2%, 20ms/99.6%, 50ms/99.8%, 100ms/99.9%
[30.946s][info][gc,marking  ] GC(198) Mark: 8 stripe(s), 3 proactive flush(es), 1 terminate flush(es), 0 completion(s), 0 continuation(s) 
[30.946s][info][gc,marking  ] GC(198) Mark Stack Usage: 32M
[30.946s][info][gc,nmethod  ] GC(198) NMethods: 8972 registered, 106 unregistered
[30.946s][info][gc,metaspace] GC(198) Metaspace: 71M used, 72M committed, 1088M reserved
[30.946s][info][gc,ref      ] GC(198) Soft: 2389 encountered, 0 discovered, 0 enqueued
[30.946s][info][gc,ref      ] GC(198) Weak: 10746 encountered, 1509 discovered, 0 enqueued
[30.946s][info][gc,ref      ] GC(198) Final: 289 encountered, 10 discovered, 0 enqueued
[30.946s][info][gc,ref      ] GC(198) Phantom: 424 encountered, 298 discovered, 0 enqueued
[30.946s][info][gc,reloc    ] GC(198) Small Pages: 288 / 576M, Empty: 250M, Relocated: 8M, In-Place: 0
[30.946s][info][gc,reloc    ] GC(198) Medium Pages: 0 / 0M, Empty: 0M, Relocated: 0M, In-Place: 0
[30.946s][info][gc,reloc    ] GC(198) Large Pages: 0 / 0M, Empty: 0M, Relocated: 0M, In-Place: 0
[30.947s][info][gc,reloc    ] GC(198) Forwarding Usage: 2M
[30.947s][info][gc,heap     ] GC(198) Min Capacity: 8M(1%)
[30.947s][info][gc,heap     ] GC(198) Max Capacity: 1024M(100%)
[30.947s][info][gc,heap     ] GC(198) Soft Max Capacity: 1024M(100%)
[30.947s][info][gc,heap     ] GC(198)                Mark Start          Mark End        Relocate Start      Relocate End           High               Low         
[30.947s][info][gc,heap     ] GC(198)  Capacity:     1024M (100%)       1024M (100%)       1024M (100%)       1024M (100%)       1024M (100%)       1024M (100%)   
[30.947s][info][gc,heap     ] GC(198)      Free:      448M (44%)         336M (33%)         518M (51%)         754M (74%)         762M (74%)         308M (30%)    
[30.947s][info][gc,heap     ] GC(198)      Used:      576M (56%)         688M (67%)         506M (49%)         270M (26%)         716M (70%)         262M (26%)    
[30.947s][info][gc,heap     ] GC(198)      Live:         -                50M (5%)           50M (5%)           50M (5%)             -                  -          
[30.947s][info][gc,heap     ] GC(198) Allocated:         -               112M (11%)         180M (18%)         197M (19%)            -                  -          
[30.947s][info][gc,heap     ] GC(198)   Garbage:         -               525M (51%)         275M (27%)          22M (2%)             -                  -          
[30.947s][info][gc,heap     ] GC(198) Reclaimed:         -                  -               250M (24%)         503M (49%)            -                  -          
[30.947s][info][gc          ] GC(198) Garbage Collection (Allocation Rate) 576M(56%)->270M(26%)
[30.996s][info][gc,start    ] GC(199) Garbage Collection (Allocation Rate)
[30.996s][info][gc,task     ] GC(199) Using 10 workers
[30.996s][info][gc,phases   ] GC(199) Pause Mark Start 0.011ms
[31.018s][info][gc,phases   ] GC(199) Concurrent Mark 21.195ms
[31.018s][info][gc,phases   ] GC(199) Pause Mark End 0.035ms
[31.019s][info][gc,phases   ] GC(199) Concurrent Mark Free 0.003ms
[31.023s][info][gc,phases   ] GC(199) Concurrent Process Non-Strong References 4.168ms
[31.024s][info][gc,phases   ] GC(199) Concurrent Reset Relocation Set 0.039ms
[31.029s][info][gc,phases   ] GC(199) Concurrent Select Relocation Set 5.009ms
[31.029s][info][gc,phases   ] GC(199) Pause Relocate Start 0.008ms
[31.035s][info][gc,phases   ] GC(199) Concurrent Relocate 5.779ms
[31.035s][info][gc,load     ] GC(199) Load: 0.00/0.00/0.00
[31.035s][info][gc,mmu      ] GC(199) MMU: 2ms/95.9%, 5ms/98.4%, 10ms/99.2%, 20ms/99.6%, 50ms/99.8%, 100ms/99.9%
[31.035s][info][gc,marking  ] GC(199) Mark: 8 stripe(s), 3 proactive flush(es), 1 terminate flush(es), 0 completion(s), 0 continuation(s) 
[31.035s][info][gc,marking  ] GC(199) Mark Stack Usage: 32M
[31.035s][info][gc,nmethod  ] GC(199) NMethods: 8972 registered, 106 unregistered
[31.035s][info][gc,metaspace] GC(199) Metaspace: 71M used, 72M committed, 1088M reserved
[31.035s][info][gc,ref      ] GC(199) Soft: 2389 encountered, 0 discovered, 0 enqueued
[31.035s][info][gc,ref      ] GC(199) Weak: 10746 encountered, 1350 discovered, 0 enqueued
[31.035s][info][gc,ref      ] GC(199) Final: 289 encountered, 23 discovered, 0 enqueued
[31.035s][info][gc,ref      ] GC(199) Phantom: 424 encountered, 307 discovered, 0 enqueued
[31.035s][info][gc,reloc    ] GC(199) Small Pages: 260 / 520M, Empty: 216M, Relocated: 6M, In-Place: 0
[31.035s][info][gc,reloc    ] GC(199) Medium Pages: 0 / 0M, Empty: 0M, Relocated: 0M, In-Place: 0
[31.035s][info][gc,reloc    ] GC(199) Large Pages: 0 / 0M, Empty: 0M, Relocated: 0M, In-Place: 0
[31.035s][info][gc,reloc    ] GC(199) Forwarding Usage: 2M
[31.035s][info][gc,heap     ] GC(199) Min Capacity: 8M(1%)
[31.035s][info][gc,heap     ] GC(199) Max Capacity: 1024M(100%)
[31.035s][info][gc,heap     ] GC(199) Soft Max Capacity: 1024M(100%)
[31.035s][info][gc,heap     ] GC(199)                Mark Start          Mark End        Relocate Start      Relocate End           High               Low         
[31.035s][info][gc,heap     ] GC(199)  Capacity:     1024M (100%)       1024M (100%)       1024M (100%)       1024M (100%)       1024M (100%)       1024M (100%)   
[31.035s][info][gc,heap     ] GC(199)      Free:      504M (49%)         398M (39%)         568M (55%)         778M (76%)         790M (77%)         374M (37%)    
[31.035s][info][gc,heap     ] GC(199)      Used:      520M (51%)         626M (61%)         456M (45%)         246M (24%)         650M (63%)         234M (23%)    
[31.035s][info][gc,heap     ] GC(199)      Live:         -                49M (5%)           49M (5%)           49M (5%)             -                  -          
[31.035s][info][gc,heap     ] GC(199) Allocated:         -               106M (10%)         152M (15%)         171M (17%)            -                  -          
[31.035s][info][gc,heap     ] GC(199)   Garbage:         -               470M (46%)         254M (25%)          24M (2%)             -                  -          
[31.036s][info][gc,heap     ] GC(199) Reclaimed:         -                  -               216M (21%)         445M (43%)            -                  -          
[31.036s][info][gc          ] GC(199) Garbage Collection (Allocation Rate) 520M(51%)->246M(24%)
[31.097s][info][gc,start    ] GC(200) Garbage Collection (Allocation Rate)
[31.097s][info][gc,task     ] GC(200) Using 10 workers
[31.097s][info][gc,phases   ] GC(200) Pause Mark Start 0.011ms
[31.119s][info][gc,phases   ] GC(200) Concurrent Mark 21.916ms
[31.120s][info][gc,phases   ] GC(200) Pause Mark End 0.030ms
[31.121s][info][gc,phases   ] GC(200) Concurrent Mark Free 0.001ms
[31.125s][info][gc,phases   ] GC(200) Concurrent Process Non-Strong References 3.735ms
[31.125s][info][gc,phases   ] GC(200) Concurrent Reset Relocation Set 0.047ms
[31.135s][info][gc,phases   ] GC(200) Concurrent Select Relocation Set 10.576ms
[31.135s][info][gc,phases   ] GC(200) Pause Relocate Start 0.012ms
[31.140s][info][gc,phases   ] GC(200) Concurrent Relocate 4.536ms
[31.141s][info][gc,load     ] GC(200) Load: 0.00/0.00/0.00
[31.141s][info][gc,mmu      ] GC(200) MMU: 2ms/95.9%, 5ms/98.4%, 10ms/99.2%, 20ms/99.6%, 50ms/99.8%, 100ms/99.9%
[31.141s][info][gc,marking  ] GC(200) Mark: 8 stripe(s), 3 proactive flush(es), 1 terminate flush(es), 0 completion(s), 0 continuation(s) 
[31.141s][info][gc,marking  ] GC(200) Mark Stack Usage: 32M
[31.141s][info][gc,nmethod  ] GC(200) NMethods: 8972 registered, 107 unregistered
[31.141s][info][gc,metaspace] GC(200) Metaspace: 71M used, 72M committed, 1088M reserved
[31.141s][info][gc,ref      ] GC(200) Soft: 2389 encountered, 0 discovered, 0 enqueued
[31.141s][info][gc,ref      ] GC(200) Weak: 10746 encountered, 1064 discovered, 0 enqueued
[31.141s][info][gc,ref      ] GC(200) Final: 289 encountered, 15 discovered, 0 enqueued
[31.141s][info][gc,ref      ] GC(200) Phantom: 424 encountered, 264 discovered, 0 enqueued
[31.141s][info][gc,reloc    ] GC(200) Small Pages: 278 / 556M, Empty: 224M, Relocated: 6M, In-Place: 0
[31.141s][info][gc,reloc    ] GC(200) Medium Pages: 0 / 0M, Empty: 0M, Relocated: 0M, In-Place: 0
[31.141s][info][gc,reloc    ] GC(200) Large Pages: 0 / 0M, Empty: 0M, Relocated: 0M, In-Place: 0
[31.141s][info][gc,reloc    ] GC(200) Forwarding Usage: 2M
[31.141s][info][gc,heap     ] GC(200) Min Capacity: 8M(1%)
[31.141s][info][gc,heap     ] GC(200) Max Capacity: 1024M(100%)
[31.141s][info][gc,heap     ] GC(200) Soft Max Capacity: 1024M(100%)
[31.141s][info][gc,heap     ] GC(200)                Mark Start          Mark End        Relocate Start      Relocate End           High               Low         
[31.141s][info][gc,heap     ] GC(200)  Capacity:     1024M (100%)       1024M (100%)       1024M (100%)       1024M (100%)       1024M (100%)       1024M (100%)   
[31.141s][info][gc,heap     ] GC(200)      Free:      468M (46%)         358M (35%)         514M (50%)         758M (74%)         764M (75%)         338M (33%)    
[31.141s][info][gc,heap     ] GC(200)      Used:      556M (54%)         666M (65%)         510M (50%)         266M (26%)         686M (67%)         260M (25%)    
[31.141s][info][gc,heap     ] GC(200)      Live:         -                49M (5%)           49M (5%)           49M (5%)             -                  -          
[31.141s][info][gc,heap     ] GC(200) Allocated:         -               110M (11%)         178M (17%)         191M (19%)            -                  -          
[31.141s][info][gc,heap     ] GC(200)   Garbage:         -               506M (49%)         282M (28%)          24M (2%)             -                  -          
[31.141s][info][gc,heap     ] GC(200) Reclaimed:         -                  -               224M (22%)         481M (47%)            -                  -          
[31.141s][info][gc          ] GC(200) Garbage Collection (Allocation Rate) 556M(54%)->266M(26%)
[31.197s][info][gc,start    ] GC(201) Garbage Collection (Allocation Rate)
[31.197s][info][gc,task     ] GC(201) Using 10 workers
[31.197s][info][gc,phases   ] GC(201) Pause Mark Start 0.011ms
[31.219s][info][gc,phases   ] GC(201) Concurrent Mark 21.378ms
[31.219s][info][gc,phases   ] GC(201) Pause Mark End 0.029ms
[31.220s][info][gc,phases   ] GC(201) Concurrent Mark Free 0.001ms
[31.224s][info][gc,phases   ] GC(201) Concurrent Process Non-Strong References 3.771ms
[31.224s][info][gc,phases   ] GC(201) Concurrent Reset Relocation Set 0.043ms
[31.234s][info][gc,phases   ] GC(201) Concurrent Select Relocation Set 9.967ms
[31.234s][info][gc,phases   ] GC(201) Pause Relocate Start 0.008ms
[31.240s][info][gc,phases   ] GC(201) Concurrent Relocate 6.242ms
[31.241s][info][gc,load     ] GC(201) Load: 0.00/0.00/0.00
[31.241s][info][gc,mmu      ] GC(201) MMU: 2ms/95.9%, 5ms/98.4%, 10ms/99.2%, 20ms/99.6%, 50ms/99.8%, 100ms/99.9%
[31.241s][info][gc,marking  ] GC(201) Mark: 8 stripe(s), 3 proactive flush(es), 1 terminate flush(es), 0 completion(s), 0 continuation(s) 
[31.241s][info][gc,marking  ] GC(201) Mark Stack Usage: 32M
[31.241s][info][gc,nmethod  ] GC(201) NMethods: 8972 registered, 107 unregistered
[31.241s][info][gc,metaspace] GC(201) Metaspace: 71M used, 72M committed, 1088M reserved
[31.241s][info][gc,ref      ] GC(201) Soft: 2389 encountered, 0 discovered, 0 enqueued
[31.241s][info][gc,ref      ] GC(201) Weak: 10746 encountered, 1412 discovered, 0 enqueued
[31.241s][info][gc,ref      ] GC(201) Final: 289 encountered, 2 discovered, 0 enqueued
[31.241s][info][gc,ref      ] GC(201) Phantom: 424 encountered, 330 discovered, 0 enqueued
[31.241s][info][gc,reloc    ] GC(201) Small Pages: 274 / 548M, Empty: 244M, Relocated: 6M, In-Place: 0
[31.241s][info][gc,reloc    ] GC(201) Medium Pages: 0 / 0M, Empty: 0M, Relocated: 0M, In-Place: 0
[31.241s][info][gc,reloc    ] GC(201) Large Pages: 0 / 0M, Empty: 0M, Relocated: 0M, In-Place: 0
[31.241s][info][gc,reloc    ] GC(201) Forwarding Usage: 2M
[31.241s][info][gc,heap     ] GC(201) Min Capacity: 8M(1%)
[31.241s][info][gc,heap     ] GC(201) Max Capacity: 1024M(100%)
[31.241s][info][gc,heap     ] GC(201) Soft Max Capacity: 1024M(100%)
[31.241s][info][gc,heap     ] GC(201)                Mark Start          Mark End        Relocate Start      Relocate End           High               Low         
[31.241s][info][gc,heap     ] GC(201)  Capacity:     1024M (100%)       1024M (100%)       1024M (100%)       1024M (100%)       1024M (100%)       1024M (100%)   
[31.241s][info][gc,heap     ] GC(201)      Free:      476M (46%)         370M (36%)         548M (54%)         756M (74%)         770M (75%)         350M (34%)    
[31.241s][info][gc,heap     ] GC(201)      Used:      548M (54%)         654M (64%)         476M (46%)         268M (26%)         674M (66%)         254M (25%)    
[31.241s][info][gc,heap     ] GC(201)      Live:         -                49M (5%)           49M (5%)           49M (5%)             -                  -          
[31.241s][info][gc,heap     ] GC(201) Allocated:         -               106M (10%)         172M (17%)         193M (19%)            -                  -          
[31.241s][info][gc,heap     ] GC(201)   Garbage:         -               498M (49%)         254M (25%)          24M (2%)             -                  -          
[31.241s][info][gc,heap     ] GC(201) Reclaimed:         -                  -               244M (24%)         473M (46%)            -                  -          
[31.241s][info][gc          ] GC(201) Garbage Collection (Allocation Rate) 548M(54%)->268M(26%)
[31.296s][info][gc,start    ] GC(202) Garbage Collection (Allocation Rate)
[31.297s][info][gc,task     ] GC(202) Using 10 workers
[31.297s][info][gc,phases   ] GC(202) Pause Mark Start 0.015ms
[31.324s][info][gc,phases   ] GC(202) Concurrent Mark 26.647ms
[31.324s][info][gc,phases   ] GC(202) Pause Mark End 0.031ms
[31.324s][info][gc,phases   ] GC(202) Concurrent Mark Free 0.001ms
[31.328s][info][gc,phases   ] GC(202) Concurrent Process Non-Strong References 3.550ms
[31.328s][info][gc,phases   ] GC(202) Concurrent Reset Relocation Set 0.044ms
[31.333s][info][gc,phases   ] GC(202) Concurrent Select Relocation Set 4.828ms
[31.333s][info][gc,phases   ] GC(202) Pause Relocate Start 0.008ms
[31.338s][info][gc,phases   ] GC(202) Concurrent Relocate 4.179ms
[31.338s][info][gc,load     ] GC(202) Load: 0.00/0.00/0.00
[31.338s][info][gc,mmu      ] GC(202) MMU: 2ms/95.9%, 5ms/98.4%, 10ms/99.2%, 20ms/99.6%, 50ms/99.8%, 100ms/99.9%
[31.338s][info][gc,marking  ] GC(202) Mark: 8 stripe(s), 3 proactive flush(es), 1 terminate flush(es), 0 completion(s), 0 continuation(s) 
[31.338s][info][gc,marking  ] GC(202) Mark Stack Usage: 32M
[31.338s][info][gc,nmethod  ] GC(202) NMethods: 8973 registered, 108 unregistered
[31.338s][info][gc,metaspace] GC(202) Metaspace: 71M used, 72M committed, 1088M reserved
[31.338s][info][gc,ref      ] GC(202) Soft: 2389 encountered, 0 discovered, 0 enqueued
[31.338s][info][gc,ref      ] GC(202) Weak: 10746 encountered, 1229 discovered, 0 enqueued
[31.338s][info][gc,ref      ] GC(202) Final: 289 encountered, 46 discovered, 0 enqueued
[31.338s][info][gc,ref      ] GC(202) Phantom: 424 encountered, 355 discovered, 0 enqueued
[31.338s][info][gc,reloc    ] GC(202) Small Pages: 274 / 548M, Empty: 214M, Relocated: 6M, In-Place: 0
[31.338s][info][gc,reloc    ] GC(202) Medium Pages: 0 / 0M, Empty: 0M, Relocated: 0M, In-Place: 0
[31.338s][info][gc,reloc    ] GC(202) Large Pages: 0 / 0M, Empty: 0M, Relocated: 0M, In-Place: 0
[31.338s][info][gc,reloc    ] GC(202) Forwarding Usage: 2M
[31.338s][info][gc,heap     ] GC(202) Min Capacity: 8M(1%)
[31.338s][info][gc,heap     ] GC(202) Max Capacity: 1024M(100%)
[31.338s][info][gc,heap     ] GC(202) Soft Max Capacity: 1024M(100%)
[31.338s][info][gc,heap     ] GC(202)                Mark Start          Mark End        Relocate Start      Relocate End           High               Low         
[31.338s][info][gc,heap     ] GC(202)  Capacity:     1024M (100%)       1024M (100%)       1024M (100%)       1024M (100%)       1024M (100%)       1024M (100%)   
[31.338s][info][gc,heap     ] GC(202)      Free:      476M (46%)         352M (34%)         526M (51%)         774M (76%)         780M (76%)         336M (33%)    
[31.338s][info][gc,heap     ] GC(202)      Used:      548M (54%)         672M (66%)         498M (49%)         250M (24%)         688M (67%)         244M (24%)    
[31.338s][info][gc,heap     ] GC(202)      Live:         -                50M (5%)           50M (5%)           50M (5%)             -                  -          
[31.338s][info][gc,heap     ] GC(202) Allocated:         -               124M (12%)         164M (16%)         175M (17%)            -                  -          
[31.338s][info][gc,heap     ] GC(202)   Garbage:         -               497M (49%)         283M (28%)          24M (2%)             -                  -          
[31.338s][info][gc,heap     ] GC(202) Reclaimed:         -                  -               214M (21%)         473M (46%)            -                  -          
[31.338s][info][gc          ] GC(202) Garbage Collection (Allocation Rate) 548M(54%)->250M(24%)
[31.396s][info][gc,start    ] GC(203) Garbage Collection (Allocation Rate)
[31.396s][info][gc,task     ] GC(203) Using 10 workers
[31.396s][info][gc,phases   ] GC(203) Pause Mark Start 0.009ms
[31.417s][info][gc,phases   ] GC(203) Concurrent Mark 20.318ms
[31.417s][info][gc,phases   ] GC(203) Pause Mark End 0.026ms
[31.418s][info][gc,phases   ] GC(203) Concurrent Mark Free 0.001ms
[31.421s][info][gc,phases   ] GC(203) Concurrent Process Non-Strong References 3.359ms
[31.421s][info][gc,phases   ] GC(203) Concurrent Reset Relocation Set 0.039ms
[31.426s][info][gc,phases   ] GC(203) Concurrent Select Relocation Set 4.852ms
[31.426s][info][gc,phases   ] GC(203) Pause Relocate Start 0.008ms
[31.431s][info][gc,phases   ] GC(203) Concurrent Relocate 3.651ms
[31.431s][info][gc,load     ] GC(203) Load: 0.00/0.00/0.00
[31.431s][info][gc,mmu      ] GC(203) MMU: 2ms/95.9%, 5ms/98.4%, 10ms/99.2%, 20ms/99.6%, 50ms/99.8%, 100ms/99.9%
[31.431s][info][gc,marking  ] GC(203) Mark: 8 stripe(s), 3 proactive flush(es), 1 terminate flush(es), 0 completion(s), 0 continuation(s) 
[31.431s][info][gc,marking  ] GC(203) Mark Stack Usage: 32M
[31.431s][info][gc,nmethod  ] GC(203) NMethods: 8972 registered, 109 unregistered
[31.431s][info][gc,metaspace] GC(203) Metaspace: 71M used, 72M committed, 1088M reserved
[31.431s][info][gc,ref      ] GC(203) Soft: 2389 encountered, 0 discovered, 0 enqueued
[31.431s][info][gc,ref      ] GC(203) Weak: 10746 encountered, 1107 discovered, 0 enqueued
[31.431s][info][gc,ref      ] GC(203) Final: 289 encountered, 28 discovered, 0 enqueued
[31.431s][info][gc,ref      ] GC(203) Phantom: 424 encountered, 248 discovered, 0 enqueued
[31.431s][info][gc,reloc    ] GC(203) Small Pages: 271 / 542M, Empty: 216M, Relocated: 6M, In-Place: 0
[31.431s][info][gc,reloc    ] GC(203) Medium Pages: 0 / 0M, Empty: 0M, Relocated: 0M, In-Place: 0
[31.431s][info][gc,reloc    ] GC(203) Large Pages: 0 / 0M, Empty: 0M, Relocated: 0M, In-Place: 0
[31.431s][info][gc,reloc    ] GC(203) Forwarding Usage: 2M
[31.431s][info][gc,heap     ] GC(203) Min Capacity: 8M(1%)
[31.431s][info][gc,heap     ] GC(203) Max Capacity: 1024M(100%)
[31.431s][info][gc,heap     ] GC(203) Soft Max Capacity: 1024M(100%)
[31.431s][info][gc,heap     ] GC(203)                Mark Start          Mark End        Relocate Start      Relocate End           High               Low         
[31.431s][info][gc,heap     ] GC(203)  Capacity:     1024M (100%)       1024M (100%)       1024M (100%)       1024M (100%)       1024M (100%)       1024M (100%)   
[31.431s][info][gc,heap     ] GC(203)      Free:      482M (47%)         382M (37%)         556M (54%)         798M (78%)         804M (79%)         362M (35%)    
[31.431s][info][gc,heap     ] GC(203)      Used:      542M (53%)         642M (63%)         468M (46%)         226M (22%)         662M (65%)         220M (21%)    
[31.431s][info][gc,heap     ] GC(203)      Live:         -                49M (5%)           49M (5%)           49M (5%)             -                  -          
[31.431s][info][gc,heap     ] GC(203) Allocated:         -               100M (10%)         142M (14%)         151M (15%)            -                  -          
[31.431s][info][gc,heap     ] GC(203)   Garbage:         -               492M (48%)         276M (27%)          24M (2%)             -                  -          
[31.431s][info][gc,heap     ] GC(203) Reclaimed:         -                  -               216M (21%)         467M (46%)            -                  -          
[31.431s][info][gc          ] GC(203) Garbage Collection (Allocation Rate) 542M(53%)->226M(22%)
[31.496s][info][gc,start    ] GC(204) Garbage Collection (Allocation Rate)
[31.496s][info][gc,task     ] GC(204) Using 10 workers
[31.496s][info][gc,phases   ] GC(204) Pause Mark Start 0.010ms
[31.518s][info][gc,phases   ] GC(204) Concurrent Mark 21.459ms
[31.518s][info][gc,phases   ] GC(204) Pause Mark End 0.024ms
[31.520s][info][gc,phases   ] GC(204) Concurrent Mark Free 0.002ms
[31.524s][info][gc,phases   ] GC(204) Concurrent Process Non-Strong References 3.492ms
[31.524s][info][gc,phases   ] GC(204) Concurrent Reset Relocation Set 0.048ms
[31.534s][info][gc,phases   ] GC(204) Concurrent Select Relocation Set 10.266ms
[31.534s][info][gc,phases   ] GC(204) Pause Relocate Start 0.009ms
[31.539s][info][gc,phases   ] GC(204) Concurrent Relocate 4.559ms
[31.539s][info][gc,load     ] GC(204) Load: 0.00/0.00/0.00
[31.539s][info][gc,mmu      ] GC(204) MMU: 2ms/95.9%, 5ms/98.4%, 10ms/99.2%, 20ms/99.6%, 50ms/99.8%, 100ms/99.9%
[31.540s][info][gc,marking  ] GC(204) Mark: 8 stripe(s), 3 proactive flush(es), 1 terminate flush(es), 0 completion(s), 0 continuation(s) 
[31.540s][info][gc,marking  ] GC(204) Mark Stack Usage: 32M
[31.540s][info][gc,nmethod  ] GC(204) NMethods: 8972 registered, 109 unregistered
[31.540s][info][gc,metaspace] GC(204) Metaspace: 71M used, 72M committed, 1088M reserved
[31.540s][info][gc,ref      ] GC(204) Soft: 2389 encountered, 0 discovered, 0 enqueued
[31.540s][info][gc,ref      ] GC(204) Weak: 10746 encountered, 1565 discovered, 0 enqueued
[31.540s][info][gc,ref      ] GC(204) Final: 289 encountered, 20 discovered, 0 enqueued
[31.540s][info][gc,ref      ] GC(204) Phantom: 424 encountered, 297 discovered, 0 enqueued
[31.540s][info][gc,reloc    ] GC(204) Small Pages: 277 / 554M, Empty: 226M, Relocated: 6M, In-Place: 0
[31.540s][info][gc,reloc    ] GC(204) Medium Pages: 0 / 0M, Empty: 0M, Relocated: 0M, In-Place: 0
[31.540s][info][gc,reloc    ] GC(204) Large Pages: 0 / 0M, Empty: 0M, Relocated: 0M, In-Place: 0
[31.540s][info][gc,reloc    ] GC(204) Forwarding Usage: 2M
[31.540s][info][gc,heap     ] GC(204) Min Capacity: 8M(1%)
[31.540s][info][gc,heap     ] GC(204) Max Capacity: 1024M(100%)
[31.540s][info][gc,heap     ] GC(204) Soft Max Capacity: 1024M(100%)
[31.540s][info][gc,heap     ] GC(204)                Mark Start          Mark End        Relocate Start      Relocate End           High               Low         
[31.540s][info][gc,heap     ] GC(204)  Capacity:     1024M (100%)       1024M (100%)       1024M (100%)       1024M (100%)       1024M (100%)       1024M (100%)   
[31.540s][info][gc,heap     ] GC(204)      Free:      470M (46%)         364M (36%)         520M (51%)         760M (74%)         768M (75%)         338M (33%)    
[31.540s][info][gc,heap     ] GC(204)      Used:      554M (54%)         660M (64%)         504M (49%)         264M (26%)         686M (67%)         256M (25%)    
[31.540s][info][gc,heap     ] GC(204)      Live:         -                49M (5%)           49M (5%)           49M (5%)             -                  -          
[31.540s][info][gc,heap     ] GC(204) Allocated:         -               106M (10%)         176M (17%)         189M (18%)            -                  -          
[31.540s][info][gc,heap     ] GC(204)   Garbage:         -               504M (49%)         278M (27%)          24M (2%)             -                  -          
[31.540s][info][gc,heap     ] GC(204) Reclaimed:         -                  -               226M (22%)         479M (47%)            -                  -          
[31.540s][info][gc          ] GC(204) Garbage Collection (Allocation Rate) 554M(54%)->264M(26%)
[31.596s][info][gc,start    ] GC(205) Garbage Collection (Allocation Rate)
[31.596s][info][gc,task     ] GC(205) Using 10 workers
[31.596s][info][gc,phases   ] GC(205) Pause Mark Start 0.011ms
[31.622s][info][gc,phases   ] GC(205) Concurrent Mark 24.750ms
[31.622s][info][gc,phases   ] GC(205) Pause Mark End 0.023ms
[31.623s][info][gc,phases   ] GC(205) Concurrent Mark Free 0.001ms
[31.627s][info][gc,phases   ] GC(205) Concurrent Process Non-Strong References 3.854ms
[31.627s][info][gc,phases   ] GC(205) Concurrent Reset Relocation Set 0.043ms
[31.633s][info][gc,phases   ] GC(205) Concurrent Select Relocation Set 6.385ms
[31.633s][info][gc,phases   ] GC(205) Pause Relocate Start 0.008ms
[31.638s][info][gc,phases   ] GC(205) Concurrent Relocate 4.463ms
[31.638s][info][gc,load     ] GC(205) Load: 0.00/0.00/0.00
[31.638s][info][gc,mmu      ] GC(205) MMU: 2ms/95.9%, 5ms/98.4%, 10ms/99.2%, 20ms/99.6%, 50ms/99.8%, 100ms/99.9%
[31.638s][info][gc,marking  ] GC(205) Mark: 8 stripe(s), 5 proactive flush(es), 1 terminate flush(es), 0 completion(s), 0 continuation(s) 
[31.638s][info][gc,marking  ] GC(205) Mark Stack Usage: 32M
[31.638s][info][gc,nmethod  ] GC(205) NMethods: 8972 registered, 109 unregistered
[31.638s][info][gc,metaspace] GC(205) Metaspace: 71M used, 72M committed, 1088M reserved
[31.638s][info][gc,ref      ] GC(205) Soft: 2389 encountered, 0 discovered, 0 enqueued
[31.638s][info][gc,ref      ] GC(205) Weak: 10746 encountered, 1605 discovered, 0 enqueued
[31.638s][info][gc,ref      ] GC(205) Final: 289 encountered, 16 discovered, 0 enqueued
[31.638s][info][gc,ref      ] GC(205) Phantom: 424 encountered, 307 discovered, 0 enqueued
[31.638s][info][gc,reloc    ] GC(205) Small Pages: 275 / 550M, Empty: 240M, Relocated: 6M, In-Place: 0
[31.638s][info][gc,reloc    ] GC(205) Medium Pages: 0 / 0M, Empty: 0M, Relocated: 0M, In-Place: 0
[31.638s][info][gc,reloc    ] GC(205) Large Pages: 0 / 0M, Empty: 0M, Relocated: 0M, In-Place: 0
[31.638s][info][gc,reloc    ] GC(205) Forwarding Usage: 2M
[31.638s][info][gc,heap     ] GC(205) Min Capacity: 8M(1%)
[31.638s][info][gc,heap     ] GC(205) Max Capacity: 1024M(100%)
[31.638s][info][gc,heap     ] GC(205) Soft Max Capacity: 1024M(100%)
[31.639s][info][gc,heap     ] GC(205)                Mark Start          Mark End        Relocate Start      Relocate End           High               Low         
[31.639s][info][gc,heap     ] GC(205)  Capacity:     1024M (100%)       1024M (100%)       1024M (100%)       1024M (100%)       1024M (100%)       1024M (100%)   
[31.639s][info][gc,heap     ] GC(205)      Free:      474M (46%)         354M (35%)         542M (53%)         766M (75%)         772M (75%)         334M (33%)    
[31.639s][info][gc,heap     ] GC(205)      Used:      550M (54%)         670M (65%)         482M (47%)         258M (25%)         690M (67%)         252M (25%)    
[31.639s][info][gc,heap     ] GC(205)      Live:         -                50M (5%)           50M (5%)           50M (5%)             -                  -          
[31.639s][info][gc,heap     ] GC(205) Allocated:         -               120M (12%)         172M (17%)         183M (18%)            -                  -          
[31.639s][info][gc,heap     ] GC(205)   Garbage:         -               499M (49%)         259M (25%)          24M (2%)             -                  -          
[31.639s][info][gc,heap     ] GC(205) Reclaimed:         -                  -               240M (23%)         475M (46%)            -                  -          
[31.639s][info][gc          ] GC(205) Garbage Collection (Allocation Rate) 550M(54%)->258M(25%)
[31.696s][info][gc,start    ] GC(206) Garbage Collection (Allocation Rate)
[31.696s][info][gc,task     ] GC(206) Using 10 workers
[31.697s][info][gc,phases   ] GC(206) Pause Mark Start 0.015ms
[31.721s][info][gc,phases   ] GC(206) Concurrent Mark 23.903ms
[31.721s][info][gc,phases   ] GC(206) Pause Mark End 0.029ms
[31.722s][info][gc,phases   ] GC(206) Concurrent Mark Free 0.001ms
[31.725s][info][gc,phases   ] GC(206) Concurrent Process Non-Strong References 3.459ms
[31.726s][info][gc,phases   ] GC(206) Concurrent Reset Relocation Set 0.047ms
[31.732s][info][gc,phases   ] GC(206) Concurrent Select Relocation Set 6.340ms
[31.732s][info][gc,phases   ] GC(206) Pause Relocate Start 0.011ms
[31.736s][info][gc,phases   ] GC(206) Concurrent Relocate 4.032ms
[31.737s][info][gc,load     ] GC(206) Load: 0.00/0.00/0.00
[31.737s][info][gc,mmu      ] GC(206) MMU: 2ms/95.9%, 5ms/98.4%, 10ms/99.2%, 20ms/99.6%, 50ms/99.8%, 100ms/99.9%
[31.737s][info][gc,marking  ] GC(206) Mark: 8 stripe(s), 3 proactive flush(es), 1 terminate flush(es), 0 completion(s), 0 continuation(s) 
[31.737s][info][gc,marking  ] GC(206) Mark Stack Usage: 32M
[31.737s][info][gc,nmethod  ] GC(206) NMethods: 8972 registered, 109 unregistered
[31.737s][info][gc,metaspace] GC(206) Metaspace: 71M used, 72M committed, 1088M reserved
[31.737s][info][gc,ref      ] GC(206) Soft: 2389 encountered, 0 discovered, 0 enqueued
[31.737s][info][gc,ref      ] GC(206) Weak: 10746 encountered, 1228 discovered, 0 enqueued
[31.737s][info][gc,ref      ] GC(206) Final: 289 encountered, 48 discovered, 0 enqueued
[31.737s][info][gc,ref      ] GC(206) Phantom: 424 encountered, 276 discovered, 0 enqueued
[31.737s][info][gc,reloc    ] GC(206) Small Pages: 275 / 550M, Empty: 230M, Relocated: 6M, In-Place: 0
[31.737s][info][gc,reloc    ] GC(206) Medium Pages: 0 / 0M, Empty: 0M, Relocated: 0M, In-Place: 0
[31.737s][info][gc,reloc    ] GC(206) Large Pages: 0 / 0M, Empty: 0M, Relocated: 0M, In-Place: 0
[31.737s][info][gc,reloc    ] GC(206) Forwarding Usage: 2M
[31.737s][info][gc,heap     ] GC(206) Min Capacity: 8M(1%)
[31.737s][info][gc,heap     ] GC(206) Max Capacity: 1024M(100%)
[31.737s][info][gc,heap     ] GC(206) Soft Max Capacity: 1024M(100%)
[31.737s][info][gc,heap     ] GC(206)                Mark Start          Mark End        Relocate Start      Relocate End           High               Low         
[31.737s][info][gc,heap     ] GC(206)  Capacity:     1024M (100%)       1024M (100%)       1024M (100%)       1024M (100%)       1024M (100%)       1024M (100%)   
[31.737s][info][gc,heap     ] GC(206)      Free:      474M (46%)         358M (35%)         540M (53%)         780M (76%)         782M (76%)         342M (33%)    
[31.737s][info][gc,heap     ] GC(206)      Used:      550M (54%)         666M (65%)         484M (47%)         244M (24%)         682M (67%)         242M (24%)    
[31.737s][info][gc,heap     ] GC(206)      Live:         -                49M (5%)           49M (5%)           49M (5%)             -                  -          
[31.737s][info][gc,heap     ] GC(206) Allocated:         -               116M (11%)         164M (16%)         169M (17%)            -                  -          
[31.737s][info][gc,heap     ] GC(206)   Garbage:         -               500M (49%)         270M (26%)          24M (2%)             -                  -          
[31.737s][info][gc,heap     ] GC(206) Reclaimed:         -                  -               230M (22%)         475M (46%)            -                  -          
[31.737s][info][gc          ] GC(206) Garbage Collection (Allocation Rate) 550M(54%)->244M(24%)
[31.796s][info][gc,start    ] GC(207) Garbage Collection (Allocation Rate)
[31.796s][info][gc,task     ] GC(207) Using 10 workers
[31.796s][info][gc,phases   ] GC(207) Pause Mark Start 0.010ms
[31.818s][info][gc,phases   ] GC(207) Concurrent Mark 20.842ms
[31.818s][info][gc,phases   ] GC(207) Pause Mark End 0.027ms
[31.820s][info][gc,phases   ] GC(207) Concurrent Mark Free 0.002ms
[31.823s][info][gc,phases   ] GC(207) Concurrent Process Non-Strong References 3.178ms
[31.823s][info][gc,phases   ] GC(207) Concurrent Reset Relocation Set 0.045ms
[31.833s][info][gc,phases   ] GC(207) Concurrent Select Relocation Set 9.867ms
[31.833s][info][gc,phases   ] GC(207) Pause Relocate Start 0.010ms
[31.838s][info][gc,phases   ] GC(207) Concurrent Relocate 4.608ms
[31.838s][info][gc,load     ] GC(207) Load: 0.00/0.00/0.00
[31.838s][info][gc,mmu      ] GC(207) MMU: 2ms/95.9%, 5ms/98.4%, 10ms/99.2%, 20ms/99.6%, 50ms/99.8%, 100ms/99.9%
[31.838s][info][gc,marking  ] GC(207) Mark: 8 stripe(s), 3 proactive flush(es), 1 terminate flush(es), 0 completion(s), 0 continuation(s) 
[31.838s][info][gc,marking  ] GC(207) Mark Stack Usage: 32M
[31.838s][info][gc,nmethod  ] GC(207) NMethods: 8972 registered, 109 unregistered
[31.838s][info][gc,metaspace] GC(207) Metaspace: 71M used, 72M committed, 1088M reserved
[31.838s][info][gc,ref      ] GC(207) Soft: 2389 encountered, 0 discovered, 0 enqueued
[31.839s][info][gc,ref      ] GC(207) Weak: 10746 encountered, 1187 discovered, 0 enqueued
[31.839s][info][gc,ref      ] GC(207) Final: 289 encountered, 37 discovered, 0 enqueued
[31.839s][info][gc,ref      ] GC(207) Phantom: 424 encountered, 287 discovered, 0 enqueued
[31.839s][info][gc,reloc    ] GC(207) Small Pages: 273 / 546M, Empty: 180M, Relocated: 6M, In-Place: 0
[31.839s][info][gc,reloc    ] GC(207) Medium Pages: 0 / 0M, Empty: 0M, Relocated: 0M, In-Place: 0
[31.839s][info][gc,reloc    ] GC(207) Large Pages: 0 / 0M, Empty: 0M, Relocated: 0M, In-Place: 0
[31.839s][info][gc,reloc    ] GC(207) Forwarding Usage: 2M
[31.839s][info][gc,heap     ] GC(207) Min Capacity: 8M(1%)
[31.839s][info][gc,heap     ] GC(207) Max Capacity: 1024M(100%)
[31.839s][info][gc,heap     ] GC(207) Soft Max Capacity: 1024M(100%)
[31.839s][info][gc,heap     ] GC(207)                Mark Start          Mark End        Relocate Start      Relocate End           High               Low         
[31.839s][info][gc,heap     ] GC(207)  Capacity:     1024M (100%)       1024M (100%)       1024M (100%)       1024M (100%)       1024M (100%)       1024M (100%)   
[31.839s][info][gc,heap     ] GC(207)      Free:      478M (47%)         374M (37%)         488M (48%)         764M (75%)         772M (75%)         352M (34%)    
[31.839s][info][gc,heap     ] GC(207)      Used:      546M (53%)         650M (63%)         536M (52%)         260M (25%)         672M (66%)         252M (25%)    
[31.839s][info][gc,heap     ] GC(207)      Live:         -                49M (5%)           49M (5%)           49M (5%)             -                  -          
[31.839s][info][gc,heap     ] GC(207) Allocated:         -               104M (10%)         170M (17%)         185M (18%)            -                  -          
[31.839s][info][gc,heap     ] GC(207)   Garbage:         -               496M (48%)         316M (31%)          24M (2%)             -                  -          
[31.839s][info][gc,heap     ] GC(207) Reclaimed:         -                  -               180M (18%)         471M (46%)            -                  -          
[31.839s][info][gc          ] GC(207) Garbage Collection (Allocation Rate) 546M(53%)->260M(25%)
[31.897s][info][gc,start    ] GC(208) Garbage Collection (Allocation Rate)
[31.897s][info][gc,task     ] GC(208) Using 10 workers
[31.897s][info][gc,phases   ] GC(208) Pause Mark Start 0.010ms
[31.922s][info][gc,phases   ] GC(208) Concurrent Mark 24.744ms
[31.922s][info][gc,phases   ] GC(208) Pause Mark End 0.025ms
[31.924s][info][gc,phases   ] GC(208) Concurrent Mark Free 0.002ms
[31.927s][info][gc,phases   ] GC(208) Concurrent Process Non-Strong References 3.327ms
[31.927s][info][gc,phases   ] GC(208) Concurrent Reset Relocation Set 0.045ms
[31.932s][info][gc,phases   ] GC(208) Concurrent Select Relocation Set 4.883ms
[31.932s][info][gc,phases   ] GC(208) Pause Relocate Start 0.008ms
[31.937s][info][gc,phases   ] GC(208) Concurrent Relocate 4.493ms
[31.937s][info][gc,load     ] GC(208) Load: 0.00/0.00/0.00
[31.937s][info][gc,mmu      ] GC(208) MMU: 2ms/95.9%, 5ms/98.4%, 10ms/99.2%, 20ms/99.6%, 50ms/99.8%, 100ms/99.9%
[31.937s][info][gc,marking  ] GC(208) Mark: 8 stripe(s), 3 proactive flush(es), 1 terminate flush(es), 0 completion(s), 0 continuation(s) 
[31.937s][info][gc,marking  ] GC(208) Mark Stack Usage: 32M
[31.937s][info][gc,nmethod  ] GC(208) NMethods: 8972 registered, 109 unregistered
[31.937s][info][gc,metaspace] GC(208) Metaspace: 71M used, 72M committed, 1088M reserved
[31.937s][info][gc,ref      ] GC(208) Soft: 2389 encountered, 0 discovered, 0 enqueued
[31.937s][info][gc,ref      ] GC(208) Weak: 10746 encountered, 966 discovered, 0 enqueued
[31.937s][info][gc,ref      ] GC(208) Final: 289 encountered, 56 discovered, 0 enqueued
[31.937s][info][gc,ref      ] GC(208) Phantom: 424 encountered, 371 discovered, 0 enqueued
[31.937s][info][gc,reloc    ] GC(208) Small Pages: 277 / 554M, Empty: 228M, Relocated: 6M, In-Place: 0
[31.937s][info][gc,reloc    ] GC(208) Medium Pages: 0 / 0M, Empty: 0M, Relocated: 0M, In-Place: 0
[31.937s][info][gc,reloc    ] GC(208) Large Pages: 0 / 0M, Empty: 0M, Relocated: 0M, In-Place: 0
[31.937s][info][gc,reloc    ] GC(208) Forwarding Usage: 2M
[31.937s][info][gc,heap     ] GC(208) Min Capacity: 8M(1%)
[31.937s][info][gc,heap     ] GC(208) Max Capacity: 1024M(100%)
[31.937s][info][gc,heap     ] GC(208) Soft Max Capacity: 1024M(100%)
[31.937s][info][gc,heap     ] GC(208)                Mark Start          Mark End        Relocate Start      Relocate End           High               Low         
[31.937s][info][gc,heap     ] GC(208)  Capacity:     1024M (100%)       1024M (100%)       1024M (100%)       1024M (100%)       1024M (100%)       1024M (100%)   
[31.937s][info][gc,heap     ] GC(208)      Free:      470M (46%)         350M (34%)         534M (52%)         774M (76%)         780M (76%)         330M (32%)    
[31.937s][info][gc,heap     ] GC(208)      Used:      554M (54%)         674M (66%)         490M (48%)         250M (24%)         694M (68%)         244M (24%)    
[31.937s][info][gc,heap     ] GC(208)      Live:         -                50M (5%)           50M (5%)           50M (5%)             -                  -          
[31.938s][info][gc,heap     ] GC(208) Allocated:         -               120M (12%)         164M (16%)         175M (17%)            -                  -          
[31.938s][info][gc,heap     ] GC(208)   Garbage:         -               503M (49%)         275M (27%)          24M (2%)             -                  -          
[31.938s][info][gc,heap     ] GC(208) Reclaimed:         -                  -               228M (22%)         479M (47%)            -                  -          
[31.938s][info][gc          ] GC(208) Garbage Collection (Allocation Rate) 554M(54%)->250M(24%)
[31.997s][info][gc,start    ] GC(209) Garbage Collection (Allocation Rate)
[31.997s][info][gc,task     ] GC(209) Using 10 workers
[31.997s][info][gc,phases   ] GC(209) Pause Mark Start 0.011ms
[32.023s][info][gc,phases   ] GC(209) Concurrent Mark 26.147ms
[32.024s][info][gc,phases   ] GC(209) Pause Mark End 0.025ms
[32.025s][info][gc,phases   ] GC(209) Concurrent Mark Free 0.002ms
[32.029s][info][gc,phases   ] GC(209) Concurrent Process Non-Strong References 3.364ms
[32.029s][info][gc,phases   ] GC(209) Concurrent Reset Relocation Set 0.042ms
[32.037s][info][gc,phases   ] GC(209) Concurrent Select Relocation Set 8.542ms
[32.038s][info][gc,phases   ] GC(209) Pause Relocate Start 0.008ms
[32.044s][info][gc,phases   ] GC(209) Concurrent Relocate 5.572ms
[32.044s][info][gc,load     ] GC(209) Load: 0.00/0.00/0.00
[32.044s][info][gc,mmu      ] GC(209) MMU: 2ms/95.9%, 5ms/98.4%, 10ms/99.2%, 20ms/99.6%, 50ms/99.8%, 100ms/99.9%
[32.044s][info][gc,marking  ] GC(209) Mark: 8 stripe(s), 3 proactive flush(es), 1 terminate flush(es), 0 completion(s), 0 continuation(s) 
[32.044s][info][gc,marking  ] GC(209) Mark Stack Usage: 32M
[32.044s][info][gc,nmethod  ] GC(209) NMethods: 8973 registered, 109 unregistered
[32.044s][info][gc,metaspace] GC(209) Metaspace: 71M used, 72M committed, 1088M reserved
[32.044s][info][gc,ref      ] GC(209) Soft: 2389 encountered, 0 discovered, 0 enqueued
[32.044s][info][gc,ref      ] GC(209) Weak: 10746 encountered, 1610 discovered, 0 enqueued
[32.044s][info][gc,ref      ] GC(209) Final: 289 encountered, 3 discovered, 0 enqueued
[32.044s][info][gc,ref      ] GC(209) Phantom: 424 encountered, 309 discovered, 0 enqueued
[32.044s][info][gc,reloc    ] GC(209) Small Pages: 274 / 548M, Empty: 240M, Relocated: 6M, In-Place: 0
[32.044s][info][gc,reloc    ] GC(209) Medium Pages: 0 / 0M, Empty: 0M, Relocated: 0M, In-Place: 0
[32.044s][info][gc,reloc    ] GC(209) Large Pages: 0 / 0M, Empty: 0M, Relocated: 0M, In-Place: 0
[32.044s][info][gc,reloc    ] GC(209) Forwarding Usage: 2M
[32.044s][info][gc,heap     ] GC(209) Min Capacity: 8M(1%)
[32.044s][info][gc,heap     ] GC(209) Max Capacity: 1024M(100%)
[32.044s][info][gc,heap     ] GC(209) Soft Max Capacity: 1024M(100%)
[32.044s][info][gc,heap     ] GC(209)                Mark Start          Mark End        Relocate Start      Relocate End           High               Low         
[32.044s][info][gc,heap     ] GC(209)  Capacity:     1024M (100%)       1024M (100%)       1024M (100%)       1024M (100%)       1024M (100%)       1024M (100%)   
[32.044s][info][gc,heap     ] GC(209)      Free:      476M (46%)         350M (34%)         528M (52%)         742M (72%)         756M (74%)         328M (32%)    
[32.044s][info][gc,heap     ] GC(209)      Used:      548M (54%)         674M (66%)         496M (48%)         282M (28%)         696M (68%)         268M (26%)    
[32.044s][info][gc,heap     ] GC(209)      Live:         -                49M (5%)           49M (5%)           49M (5%)             -                  -          
[32.044s][info][gc,heap     ] GC(209) Allocated:         -               126M (12%)         188M (18%)         207M (20%)            -                  -          
[32.044s][info][gc,heap     ] GC(209)   Garbage:         -               498M (49%)         258M (25%)          24M (2%)             -                  -          
[32.044s][info][gc,heap     ] GC(209) Reclaimed:         -                  -               240M (23%)         473M (46%)            -                  -          
[32.044s][info][gc          ] GC(209) Garbage Collection (Allocation Rate) 548M(54%)->282M(28%)
[32.096s][info][gc,start    ] GC(210) Garbage Collection (Allocation Rate)
[32.096s][info][gc,task     ] GC(210) Using 10 workers
[32.096s][info][gc,phases   ] GC(210) Pause Mark Start 0.014ms
[32.118s][info][gc,phases   ] GC(210) Concurrent Mark 20.926ms
[32.118s][info][gc,phases   ] GC(210) Pause Mark End 0.028ms
[32.118s][info][gc,phases   ] GC(210) Concurrent Mark Free 0.001ms
[32.122s][info][gc,phases   ] GC(210) Concurrent Process Non-Strong References 3.368ms
[32.122s][info][gc,phases   ] GC(210) Concurrent Reset Relocation Set 0.037ms
[32.127s][info][gc,phases   ] GC(210) Concurrent Select Relocation Set 4.788ms
[32.127s][info][gc,phases   ] GC(210) Pause Relocate Start 0.007ms
[32.133s][info][gc,phases   ] GC(210) Concurrent Relocate 5.433ms
[32.133s][info][gc,load     ] GC(210) Load: 0.00/0.00/0.00
[32.133s][info][gc,mmu      ] GC(210) MMU: 2ms/95.9%, 5ms/98.4%, 10ms/99.2%, 20ms/99.6%, 50ms/99.8%, 100ms/99.9%
[32.133s][info][gc,marking  ] GC(210) Mark: 8 stripe(s), 3 proactive flush(es), 1 terminate flush(es), 0 completion(s), 0 continuation(s) 
[32.133s][info][gc,marking  ] GC(210) Mark Stack Usage: 32M
[32.133s][info][gc,nmethod  ] GC(210) NMethods: 8972 registered, 110 unregistered
[32.133s][info][gc,metaspace] GC(210) Metaspace: 71M used, 72M committed, 1088M reserved
[32.133s][info][gc,ref      ] GC(210) Soft: 2389 encountered, 0 discovered, 0 enqueued
[32.133s][info][gc,ref      ] GC(210) Weak: 10746 encountered, 1496 discovered, 0 enqueued
[32.133s][info][gc,ref      ] GC(210) Final: 289 encountered, 38 discovered, 0 enqueued
[32.133s][info][gc,ref      ] GC(210) Phantom: 424 encountered, 269 discovered, 0 enqueued
[32.133s][info][gc,reloc    ] GC(210) Small Pages: 272 / 544M, Empty: 222M, Relocated: 6M, In-Place: 0
[32.133s][info][gc,reloc    ] GC(210) Medium Pages: 0 / 0M, Empty: 0M, Relocated: 0M, In-Place: 0
[32.133s][info][gc,reloc    ] GC(210) Large Pages: 0 / 0M, Empty: 0M, Relocated: 0M, In-Place: 0
[32.133s][info][gc,reloc    ] GC(210) Forwarding Usage: 2M
[32.133s][info][gc,heap     ] GC(210) Min Capacity: 8M(1%)
[32.133s][info][gc,heap     ] GC(210) Max Capacity: 1024M(100%)
[32.133s][info][gc,heap     ] GC(210) Soft Max Capacity: 1024M(100%)
[32.133s][info][gc,heap     ] GC(210)                Mark Start          Mark End        Relocate Start      Relocate End           High               Low         
[32.133s][info][gc,heap     ] GC(210)  Capacity:     1024M (100%)       1024M (100%)       1024M (100%)       1024M (100%)       1024M (100%)       1024M (100%)   
[32.133s][info][gc,heap     ] GC(210)      Free:      480M (47%)         376M (37%)         562M (55%)         788M (77%)         804M (79%)         360M (35%)    
[32.133s][info][gc,heap     ] GC(210)      Used:      544M (53%)         648M (63%)         462M (45%)         236M (23%)         664M (65%)         220M (21%)    
[32.133s][info][gc,heap     ] GC(210)      Live:         -                49M (5%)           49M (5%)           49M (5%)             -                  -          
[32.133s][info][gc,heap     ] GC(210) Allocated:         -               104M (10%)         140M (14%)         161M (16%)            -                  -          
[32.133s][info][gc,heap     ] GC(210)   Garbage:         -               494M (48%)         272M (27%)          24M (2%)             -                  -          
[32.133s][info][gc,heap     ] GC(210) Reclaimed:         -                  -               222M (22%)         469M (46%)            -                  -          
[32.133s][info][gc          ] GC(210) Garbage Collection (Allocation Rate) 544M(53%)->236M(23%)
[32.198s][info][gc,start    ] GC(211) Garbage Collection (Allocation Rate)
[32.199s][info][gc,task     ] GC(211) Using 10 workers
[32.199s][info][gc,phases   ] GC(211) Pause Mark Start 0.011ms
[32.221s][info][gc,phases   ] GC(211) Concurrent Mark 22.309ms
[32.222s][info][gc,phases   ] GC(211) Pause Mark End 0.031ms
[32.224s][info][gc,phases   ] GC(211) Concurrent Mark Free 0.001ms
[32.227s][info][gc,phases   ] GC(211) Concurrent Process Non-Strong References 3.419ms
[32.227s][info][gc,phases   ] GC(211) Concurrent Reset Relocation Set 0.045ms
[32.238s][info][gc,phases   ] GC(211) Concurrent Select Relocation Set 10.750ms
[32.238s][info][gc,phases   ] GC(211) Pause Relocate Start 0.009ms
[32.245s][info][gc,phases   ] GC(211) Concurrent Relocate 6.348ms
[32.245s][info][gc,load     ] GC(211) Load: 0.00/0.00/0.00
[32.245s][info][gc,mmu      ] GC(211) MMU: 2ms/95.9%, 5ms/98.4%, 10ms/99.2%, 20ms/99.6%, 50ms/99.8%, 100ms/99.9%
[32.245s][info][gc,marking  ] GC(211) Mark: 8 stripe(s), 3 proactive flush(es), 1 terminate flush(es), 0 completion(s), 0 continuation(s) 
[32.245s][info][gc,marking  ] GC(211) Mark Stack Usage: 32M
[32.245s][info][gc,nmethod  ] GC(211) NMethods: 8972 registered, 111 unregistered
[32.245s][info][gc,metaspace] GC(211) Metaspace: 71M used, 72M committed, 1088M reserved
[32.245s][info][gc,ref      ] GC(211) Soft: 2389 encountered, 0 discovered, 0 enqueued
[32.245s][info][gc,ref      ] GC(211) Weak: 10746 encountered, 1223 discovered, 0 enqueued
[32.245s][info][gc,ref      ] GC(211) Final: 289 encountered, 28 discovered, 0 enqueued
[32.245s][info][gc,ref      ] GC(211) Phantom: 424 encountered, 377 discovered, 0 enqueued
[32.245s][info][gc,reloc    ] GC(211) Small Pages: 283 / 566M, Empty: 246M, Relocated: 6M, In-Place: 0
[32.245s][info][gc,reloc    ] GC(211) Medium Pages: 0 / 0M, Empty: 0M, Relocated: 0M, In-Place: 0
[32.245s][info][gc,reloc    ] GC(211) Large Pages: 0 / 0M, Empty: 0M, Relocated: 0M, In-Place: 0
[32.245s][info][gc,reloc    ] GC(211) Forwarding Usage: 2M
[32.245s][info][gc,heap     ] GC(211) Min Capacity: 8M(1%)
[32.245s][info][gc,heap     ] GC(211) Max Capacity: 1024M(100%)
[32.245s][info][gc,heap     ] GC(211) Soft Max Capacity: 1024M(100%)
[32.245s][info][gc,heap     ] GC(211)                Mark Start          Mark End        Relocate Start      Relocate End           High               Low         
[32.245s][info][gc,heap     ] GC(211)  Capacity:     1024M (100%)       1024M (100%)       1024M (100%)       1024M (100%)       1024M (100%)       1024M (100%)   
[32.245s][info][gc,heap     ] GC(211)      Free:      458M (45%)         346M (34%)         520M (51%)         742M (72%)         758M (74%)         324M (32%)    
[32.245s][info][gc,heap     ] GC(211)      Used:      566M (55%)         678M (66%)         504M (49%)         282M (28%)         700M (68%)         266M (26%)    
[32.245s][info][gc,heap     ] GC(211)      Live:         -                49M (5%)           49M (5%)           49M (5%)             -                  -          
[32.245s][info][gc,heap     ] GC(211) Allocated:         -               112M (11%)         184M (18%)         207M (20%)            -                  -          
[32.246s][info][gc,heap     ] GC(211)   Garbage:         -               516M (50%)         270M (26%)          24M (2%)             -                  -          
[32.246s][info][gc,heap     ] GC(211) Reclaimed:         -                  -               246M (24%)         491M (48%)            -                  -          
[32.246s][info][gc          ] GC(211) Garbage Collection (Allocation Rate) 566M(55%)->282M(28%)
[32.297s][info][gc,start    ] GC(212) Garbage Collection (Allocation Rate)
[32.297s][info][gc,task     ] GC(212) Using 10 workers
[32.297s][info][gc,phases   ] GC(212) Pause Mark Start 0.010ms
[32.319s][info][gc,phases   ] GC(212) Concurrent Mark 21.415ms
[32.339s][info][gc,phases   ] GC(212) Pause Mark End 0.028ms
[32.340s][info][gc,phases   ] GC(212) Concurrent Mark Free 0.001ms
[32.343s][info][gc,phases   ] GC(212) Concurrent Process Non-Strong References 3.518ms
[32.343s][info][gc,phases   ] GC(212) Concurrent Reset Relocation Set 0.040ms
[32.353s][info][gc,phases   ] GC(212) Concurrent Select Relocation Set 9.911ms
[32.354s][info][gc,phases   ] GC(212) Pause Relocate Start 0.010ms
[32.359s][info][gc,phases   ] GC(212) Concurrent Relocate 4.894ms
[32.359s][info][gc,load     ] GC(212) Load: 0.00/0.00/0.00
[32.359s][info][gc,mmu      ] GC(212) MMU: 2ms/95.9%, 5ms/98.4%, 10ms/99.2%, 20ms/99.6%, 50ms/99.8%, 100ms/99.9%
[32.359s][info][gc,marking  ] GC(212) Mark: 8 stripe(s), 3 proactive flush(es), 1 terminate flush(es), 0 completion(s), 0 continuation(s) 
[32.359s][info][gc,marking  ] GC(212) Mark Stack Usage: 32M
[32.359s][info][gc,nmethod  ] GC(212) NMethods: 8972 registered, 111 unregistered
[32.359s][info][gc,metaspace] GC(212) Metaspace: 71M used, 72M committed, 1088M reserved
[32.359s][info][gc,ref      ] GC(212) Soft: 2389 encountered, 0 discovered, 0 enqueued
[32.359s][info][gc,ref      ] GC(212) Weak: 10746 encountered, 1138 discovered, 0 enqueued
[32.359s][info][gc,ref      ] GC(212) Final: 289 encountered, 39 discovered, 0 enqueued
[32.360s][info][gc,ref      ] GC(212) Phantom: 424 encountered, 288 discovered, 0 enqueued
[32.360s][info][gc,reloc    ] GC(212) Small Pages: 272 / 544M, Empty: 216M, Relocated: 6M, In-Place: 0
[32.360s][info][gc,reloc    ] GC(212) Medium Pages: 0 / 0M, Empty: 0M, Relocated: 0M, In-Place: 0
[32.360s][info][gc,reloc    ] GC(212) Large Pages: 0 / 0M, Empty: 0M, Relocated: 0M, In-Place: 0
[32.360s][info][gc,reloc    ] GC(212) Forwarding Usage: 2M
[32.360s][info][gc,heap     ] GC(212) Min Capacity: 8M(1%)
[32.360s][info][gc,heap     ] GC(212) Max Capacity: 1024M(100%)
[32.360s][info][gc,heap     ] GC(212) Soft Max Capacity: 1024M(100%)
[32.360s][info][gc,heap     ] GC(212)                Mark Start          Mark End        Relocate Start      Relocate End           High               Low         
[32.360s][info][gc,heap     ] GC(212)  Capacity:     1024M (100%)       1024M (100%)       1024M (100%)       1024M (100%)       1024M (100%)       1024M (100%)   
[32.360s][info][gc,heap     ] GC(212)      Free:      480M (47%)         276M (27%)         426M (42%)         666M (65%)         674M (66%)         260M (25%)    
[32.360s][info][gc,heap     ] GC(212)      Used:      544M (53%)         748M (73%)         598M (58%)         358M (35%)         764M (75%)         350M (34%)    
[32.360s][info][gc,heap     ] GC(212)      Live:         -                49M (5%)           49M (5%)           49M (5%)             -                  -          
[32.360s][info][gc,heap     ] GC(212) Allocated:         -               204M (20%)         270M (26%)         283M (28%)            -                  -          
[32.360s][info][gc,heap     ] GC(212)   Garbage:         -               494M (48%)         278M (27%)          24M (2%)             -                  -          
[32.360s][info][gc,heap     ] GC(212) Reclaimed:         -                  -               216M (21%)         469M (46%)            -                  -          
[32.360s][info][gc          ] GC(212) Garbage Collection (Allocation Rate) 544M(53%)->358M(35%)
[32.396s][info][gc,start    ] GC(213) Garbage Collection (Allocation Rate)
[32.396s][info][gc,task     ] GC(213) Using 10 workers
[32.396s][info][gc,phases   ] GC(213) Pause Mark Start 0.009ms
[32.417s][info][gc,phases   ] GC(213) Concurrent Mark 20.236ms
[32.417s][info][gc,phases   ] GC(213) Pause Mark End 0.026ms
[32.418s][info][gc,phases   ] GC(213) Concurrent Mark Free 0.001ms
[32.421s][info][gc,phases   ] GC(213) Concurrent Process Non-Strong References 3.702ms
[32.421s][info][gc,phases   ] GC(213) Concurrent Reset Relocation Set 0.041ms
[32.430s][info][gc,phases   ] GC(213) Concurrent Select Relocation Set 8.925ms
[32.431s][info][gc,phases   ] GC(213) Pause Relocate Start 0.009ms
[32.436s][info][gc,phases   ] GC(213) Concurrent Relocate 5.498ms
[32.437s][info][gc,load     ] GC(213) Load: 0.00/0.00/0.00
[32.437s][info][gc,mmu      ] GC(213) MMU: 2ms/95.9%, 5ms/98.4%, 10ms/99.2%, 20ms/99.6%, 50ms/99.8%, 100ms/99.9%
[32.437s][info][gc,marking  ] GC(213) Mark: 8 stripe(s), 3 proactive flush(es), 1 terminate flush(es), 0 completion(s), 0 continuation(s) 
[32.437s][info][gc,marking  ] GC(213) Mark Stack Usage: 32M
[32.437s][info][gc,nmethod  ] GC(213) NMethods: 8972 registered, 111 unregistered
[32.437s][info][gc,metaspace] GC(213) Metaspace: 71M used, 72M committed, 1088M reserved
[32.437s][info][gc,ref      ] GC(213) Soft: 2389 encountered, 0 discovered, 0 enqueued
[32.437s][info][gc,ref      ] GC(213) Weak: 10746 encountered, 1824 discovered, 0 enqueued
[32.437s][info][gc,ref      ] GC(213) Final: 289 encountered, 6 discovered, 0 enqueued
[32.437s][info][gc,ref      ] GC(213) Phantom: 424 encountered, 280 discovered, 0 enqueued
[32.437s][info][gc,reloc    ] GC(213) Small Pages: 272 / 544M, Empty: 208M, Relocated: 6M, In-Place: 0
[32.437s][info][gc,reloc    ] GC(213) Medium Pages: 0 / 0M, Empty: 0M, Relocated: 0M, In-Place: 0
[32.437s][info][gc,reloc    ] GC(213) Large Pages: 0 / 0M, Empty: 0M, Relocated: 0M, In-Place: 0
[32.437s][info][gc,reloc    ] GC(213) Forwarding Usage: 2M
[32.437s][info][gc,heap     ] GC(213) Min Capacity: 8M(1%)
[32.437s][info][gc,heap     ] GC(213) Max Capacity: 1024M(100%)
[32.437s][info][gc,heap     ] GC(213) Soft Max Capacity: 1024M(100%)
[32.437s][info][gc,heap     ] GC(213)                Mark Start          Mark End        Relocate Start      Relocate End           High               Low         
[32.437s][info][gc,heap     ] GC(213)  Capacity:     1024M (100%)       1024M (100%)       1024M (100%)       1024M (100%)       1024M (100%)       1024M (100%)   
[32.437s][info][gc,heap     ] GC(213)      Free:      480M (47%)         378M (37%)         526M (51%)         770M (75%)         780M (76%)         360M (35%)    
[32.437s][info][gc,heap     ] GC(213)      Used:      544M (53%)         646M (63%)         498M (49%)         254M (25%)         664M (65%)         244M (24%)    
[32.437s][info][gc,heap     ] GC(213)      Live:         -                49M (5%)           49M (5%)           49M (5%)             -                  -          
[32.437s][info][gc,heap     ] GC(213) Allocated:         -               102M (10%)         162M (16%)         179M (18%)            -                  -          
[32.437s][info][gc,heap     ] GC(213)   Garbage:         -               494M (48%)         286M (28%)          24M (2%)             -                  -          
[32.437s][info][gc,heap     ] GC(213) Reclaimed:         -                  -               208M (20%)         469M (46%)            -                  -          
[32.437s][info][gc          ] GC(213) Garbage Collection (Allocation Rate) 544M(53%)->254M(25%)
[32.495s][info][gc,start    ] GC(214) Garbage Collection (Allocation Rate)
[32.495s][info][gc,task     ] GC(214) Using 10 workers
[32.496s][info][gc,phases   ] GC(214) Pause Mark Start 0.011ms
[32.518s][info][gc,phases   ] GC(214) Concurrent Mark 21.491ms
[32.518s][info][gc,phases   ] GC(214) Pause Mark End 0.026ms
[32.518s][info][gc,phases   ] GC(214) Concurrent Mark Free 0.002ms
[32.522s][info][gc,phases   ] GC(214) Concurrent Process Non-Strong References 3.577ms
[32.522s][info][gc,phases   ] GC(214) Concurrent Reset Relocation Set 0.038ms
[32.527s][info][gc,phases   ] GC(214) Concurrent Select Relocation Set 4.862ms
[32.527s][info][gc,phases   ] GC(214) Pause Relocate Start 0.009ms
[32.533s][info][gc,phases   ] GC(214) Concurrent Relocate 4.342ms
[32.533s][info][gc,load     ] GC(214) Load: 0.00/0.00/0.00
[32.533s][info][gc,mmu      ] GC(214) MMU: 2ms/95.9%, 5ms/98.4%, 10ms/99.2%, 20ms/99.6%, 50ms/99.8%, 100ms/99.9%
[32.533s][info][gc,marking  ] GC(214) Mark: 8 stripe(s), 3 proactive flush(es), 1 terminate flush(es), 0 completion(s), 0 continuation(s) 
[32.533s][info][gc,marking  ] GC(214) Mark Stack Usage: 32M
[32.533s][info][gc,nmethod  ] GC(214) NMethods: 8972 registered, 111 unregistered
[32.533s][info][gc,metaspace] GC(214) Metaspace: 71M used, 72M committed, 1088M reserved
[32.533s][info][gc,ref      ] GC(214) Soft: 2389 encountered, 0 discovered, 0 enqueued
[32.533s][info][gc,ref      ] GC(214) Weak: 10746 encountered, 1720 discovered, 0 enqueued
[32.533s][info][gc,ref      ] GC(214) Final: 289 encountered, 17 discovered, 0 enqueued
[32.533s][info][gc,ref      ] GC(214) Phantom: 424 encountered, 349 discovered, 0 enqueued
[32.533s][info][gc,reloc    ] GC(214) Small Pages: 276 / 552M, Empty: 226M, Relocated: 6M, In-Place: 0
[32.533s][info][gc,reloc    ] GC(214) Medium Pages: 0 / 0M, Empty: 0M, Relocated: 0M, In-Place: 0
[32.533s][info][gc,reloc    ] GC(214) Large Pages: 0 / 0M, Empty: 0M, Relocated: 0M, In-Place: 0
[32.533s][info][gc,reloc    ] GC(214) Forwarding Usage: 2M
[32.533s][info][gc,heap     ] GC(214) Min Capacity: 8M(1%)
[32.533s][info][gc,heap     ] GC(214) Max Capacity: 1024M(100%)
[32.533s][info][gc,heap     ] GC(214) Soft Max Capacity: 1024M(100%)
[32.533s][info][gc,heap     ] GC(214)                Mark Start          Mark End        Relocate Start      Relocate End           High               Low         
[32.533s][info][gc,heap     ] GC(214)  Capacity:     1024M (100%)       1024M (100%)       1024M (100%)       1024M (100%)       1024M (100%)       1024M (100%)   
[32.533s][info][gc,heap     ] GC(214)      Free:      472M (46%)         364M (36%)         550M (54%)         786M (77%)         792M (77%)         346M (34%)    
[32.533s][info][gc,heap     ] GC(214)      Used:      552M (54%)         660M (64%)         474M (46%)         238M (23%)         678M (66%)         232M (23%)    
[32.533s][info][gc,heap     ] GC(214)      Live:         -                49M (5%)           49M (5%)           49M (5%)             -                  -          
[32.533s][info][gc,heap     ] GC(214) Allocated:         -               108M (11%)         148M (14%)         163M (16%)            -                  -          
[32.533s][info][gc,heap     ] GC(214)   Garbage:         -               502M (49%)         276M (27%)          24M (2%)             -                  -          
[32.533s][info][gc,heap     ] GC(214) Reclaimed:         -                  -               226M (22%)         477M (47%)            -                  -          
[32.533s][info][gc          ] GC(214) Garbage Collection (Allocation Rate) 552M(54%)->238M(23%)
[32.596s][info][gc,start    ] GC(215) Garbage Collection (Allocation Rate)
[32.596s][info][gc,task     ] GC(215) Using 10 workers
[32.597s][info][gc,phases   ] GC(215) Pause Mark Start 0.011ms
[32.617s][info][gc,phases   ] GC(215) Concurrent Mark 20.298ms
[32.617s][info][gc,phases   ] GC(215) Pause Mark End 0.025ms
[32.618s][info][gc,phases   ] GC(215) Concurrent Mark Free 0.001ms
[32.622s][info][gc,phases   ] GC(215) Concurrent Process Non-Strong References 3.506ms
[32.622s][info][gc,phases   ] GC(215) Concurrent Reset Relocation Set 0.044ms
[32.630s][info][gc,phases   ] GC(215) Concurrent Select Relocation Set 8.441ms
[32.631s][info][gc,phases   ] GC(215) Pause Relocate Start 0.010ms
[32.636s][info][gc,phases   ] GC(215) Concurrent Relocate 4.351ms
[32.636s][info][gc,load     ] GC(215) Load: 0.00/0.00/0.00
[32.636s][info][gc,mmu      ] GC(215) MMU: 2ms/95.9%, 5ms/98.4%, 10ms/99.2%, 20ms/99.6%, 50ms/99.8%, 100ms/99.9%
[32.636s][info][gc,marking  ] GC(215) Mark: 8 stripe(s), 3 proactive flush(es), 1 terminate flush(es), 0 completion(s), 0 continuation(s) 
[32.636s][info][gc,marking  ] GC(215) Mark Stack Usage: 32M
[32.636s][info][gc,nmethod  ] GC(215) NMethods: 8972 registered, 111 unregistered
[32.636s][info][gc,metaspace] GC(215) Metaspace: 71M used, 72M committed, 1088M reserved
[32.636s][info][gc,ref      ] GC(215) Soft: 2389 encountered, 0 discovered, 0 enqueued
[32.636s][info][gc,ref      ] GC(215) Weak: 10738 encountered, 1390 discovered, 0 enqueued
[32.636s][info][gc,ref      ] GC(215) Final: 289 encountered, 3 discovered, 0 enqueued
[32.636s][info][gc,ref      ] GC(215) Phantom: 424 encountered, 301 discovered, 0 enqueued
[32.636s][info][gc,reloc    ] GC(215) Small Pages: 280 / 560M, Empty: 228M, Relocated: 6M, In-Place: 0
[32.636s][info][gc,reloc    ] GC(215) Medium Pages: 0 / 0M, Empty: 0M, Relocated: 0M, In-Place: 0
[32.636s][info][gc,reloc    ] GC(215) Large Pages: 0 / 0M, Empty: 0M, Relocated: 0M, In-Place: 0
[32.636s][info][gc,reloc    ] GC(215) Forwarding Usage: 2M
[32.636s][info][gc,heap     ] GC(215) Min Capacity: 8M(1%)
[32.636s][info][gc,heap     ] GC(215) Max Capacity: 1024M(100%)
[32.636s][info][gc,heap     ] GC(215) Soft Max Capacity: 1024M(100%)
[32.636s][info][gc,heap     ] GC(215)                Mark Start          Mark End        Relocate Start      Relocate End           High               Low         
[32.636s][info][gc,heap     ] GC(215)  Capacity:     1024M (100%)       1024M (100%)       1024M (100%)       1024M (100%)       1024M (100%)       1024M (100%)   
[32.636s][info][gc,heap     ] GC(215)      Free:      464M (45%)         360M (35%)         530M (52%)         776M (76%)         782M (76%)         342M (33%)    
[32.636s][info][gc,heap     ] GC(215)      Used:      560M (55%)         664M (65%)         494M (48%)         248M (24%)         682M (67%)         242M (24%)    
[32.636s][info][gc,heap     ] GC(215)      Live:         -                49M (5%)           49M (5%)           49M (5%)             -                  -          
[32.636s][info][gc,heap     ] GC(215) Allocated:         -               104M (10%)         162M (16%)         173M (17%)            -                  -          
[32.636s][info][gc,heap     ] GC(215)   Garbage:         -               510M (50%)         282M (28%)          24M (2%)             -                  -          
[32.636s][info][gc,heap     ] GC(215) Reclaimed:         -                  -               228M (22%)         485M (47%)            -                  -          
[32.636s][info][gc          ] GC(215) Garbage Collection (Allocation Rate) 560M(55%)->248M(24%)
[32.696s][info][gc,start    ] GC(216) Garbage Collection (Allocation Rate)
[32.696s][info][gc,task     ] GC(216) Using 10 workers
[32.696s][info][gc,phases   ] GC(216) Pause Mark Start 0.009ms
[32.718s][info][gc,phases   ] GC(216) Concurrent Mark 22.058ms
[32.719s][info][gc,phases   ] GC(216) Pause Mark End 0.026ms
[32.721s][info][gc,phases   ] GC(216) Concurrent Mark Free 0.001ms
[32.748s][info][gc,phases   ] GC(216) Concurrent Process Non-Strong References 27.044ms
[32.748s][info][gc,phases   ] GC(216) Concurrent Reset Relocation Set 0.041ms
[32.756s][info][gc,phases   ] GC(216) Concurrent Select Relocation Set 8.406ms
[32.757s][info][gc,phases   ] GC(216) Pause Relocate Start 0.008ms
[32.762s][info][gc,phases   ] GC(216) Concurrent Relocate 4.653ms
[32.762s][info][gc,load     ] GC(216) Load: 0.00/0.00/0.00
[32.762s][info][gc,mmu      ] GC(216) MMU: 2ms/95.9%, 5ms/98.4%, 10ms/99.2%, 20ms/99.6%, 50ms/99.8%, 100ms/99.9%
[32.762s][info][gc,marking  ] GC(216) Mark: 8 stripe(s), 3 proactive flush(es), 1 terminate flush(es), 0 completion(s), 0 continuation(s) 
[32.762s][info][gc,marking  ] GC(216) Mark Stack Usage: 32M
[32.762s][info][gc,nmethod  ] GC(216) NMethods: 4961 registered, 4182 unregistered
[32.762s][info][gc,metaspace] GC(216) Metaspace: 71M used, 72M committed, 1088M reserved
[32.762s][info][gc,ref      ] GC(216) Soft: 2427 encountered, 0 discovered, 0 enqueued
[32.762s][info][gc,ref      ] GC(216) Weak: 10715 encountered, 1216 discovered, 14 enqueued
[32.762s][info][gc,ref      ] GC(216) Final: 289 encountered, 47 discovered, 0 enqueued
[32.762s][info][gc,ref      ] GC(216) Phantom: 424 encountered, 187 discovered, 0 enqueued
[32.762s][info][gc,reloc    ] GC(216) Small Pages: 275 / 550M, Empty: 208M, Relocated: 6M, In-Place: 0
[32.762s][info][gc,reloc    ] GC(216) Medium Pages: 0 / 0M, Empty: 0M, Relocated: 0M, In-Place: 0
[32.762s][info][gc,reloc    ] GC(216) Large Pages: 0 / 0M, Empty: 0M, Relocated: 0M, In-Place: 0
[32.762s][info][gc,reloc    ] GC(216) Forwarding Usage: 2M
[32.762s][info][gc,heap     ] GC(216) Min Capacity: 8M(1%)
[32.762s][info][gc,heap     ] GC(216) Max Capacity: 1024M(100%)
[32.762s][info][gc,heap     ] GC(216) Soft Max Capacity: 1024M(100%)
[32.762s][info][gc,heap     ] GC(216)                Mark Start          Mark End        Relocate Start      Relocate End           High               Low         
[32.762s][info][gc,heap     ] GC(216)  Capacity:     1024M (100%)       1024M (100%)       1024M (100%)       1024M (100%)       1024M (100%)       1024M (100%)   
[32.762s][info][gc,heap     ] GC(216)      Free:      474M (46%)         368M (36%)         406M (40%)         658M (64%)         664M (65%)         236M (23%)    
[32.762s][info][gc,heap     ] GC(216)      Used:      550M (54%)         656M (64%)         618M (60%)         366M (36%)         788M (77%)         360M (35%)    
[32.762s][info][gc,heap     ] GC(216)      Live:         -                49M (5%)           49M (5%)           49M (5%)             -                  -          
[32.762s][info][gc,heap     ] GC(216) Allocated:         -               106M (10%)         276M (27%)         291M (28%)            -                  -          
[32.762s][info][gc,heap     ] GC(216)   Garbage:         -               500M (49%)         292M (29%)          24M (2%)             -                  -          
[32.762s][info][gc,heap     ] GC(216) Reclaimed:         -                  -               208M (20%)         475M (46%)            -                  -          
[32.762s][info][gc          ] GC(216) Garbage Collection (Allocation Rate) 550M(54%)->366M(36%)
[32.796s][info][gc,start    ] GC(217) Garbage Collection (Allocation Rate)
[32.796s][info][gc,task     ] GC(217) Using 10 workers
[32.796s][info][gc,phases   ] GC(217) Pause Mark Start 0.009ms
[32.818s][info][gc,phases   ] GC(217) Concurrent Mark 22.087ms
[32.819s][info][gc,phases   ] GC(217) Pause Mark End 0.023ms
[32.819s][info][gc,phases   ] GC(217) Concurrent Mark Free 0.001ms
[32.822s][info][gc,phases   ] GC(217) Concurrent Process Non-Strong References 3.263ms
[32.823s][info][gc,phases   ] GC(217) Concurrent Reset Relocation Set 0.046ms
[32.831s][info][gc,phases   ] GC(217) Concurrent Select Relocation Set 8.443ms
[32.831s][info][gc,phases   ] GC(217) Pause Relocate Start 0.008ms
[32.837s][info][gc,phases   ] GC(217) Concurrent Relocate 4.973ms
[32.837s][info][gc,load     ] GC(217) Load: 0.00/0.00/0.00
[32.837s][info][gc,mmu      ] GC(217) MMU: 2ms/95.9%, 5ms/98.4%, 10ms/99.2%, 20ms/99.6%, 50ms/99.8%, 100ms/99.9%
[32.837s][info][gc,marking  ] GC(217) Mark: 8 stripe(s), 3 proactive flush(es), 1 terminate flush(es), 0 completion(s), 0 continuation(s) 
[32.837s][info][gc,marking  ] GC(217) Mark Stack Usage: 32M
[32.837s][info][gc,nmethod  ] GC(217) NMethods: 4954 registered, 4191 unregistered
[32.837s][info][gc,metaspace] GC(217) Metaspace: 71M used, 72M committed, 1088M reserved
[32.837s][info][gc,ref      ] GC(217) Soft: 2427 encountered, 0 discovered, 0 enqueued
[32.837s][info][gc,ref      ] GC(217) Weak: 10699 encountered, 1281 discovered, 6 enqueued
[32.837s][info][gc,ref      ] GC(217) Final: 289 encountered, 14 discovered, 0 enqueued
[32.837s][info][gc,ref      ] GC(217) Phantom: 424 encountered, 317 discovered, 0 enqueued
[32.837s][info][gc,reloc    ] GC(217) Small Pages: 268 / 536M, Empty: 174M, Relocated: 6M, In-Place: 0
[32.837s][info][gc,reloc    ] GC(217) Medium Pages: 0 / 0M, Empty: 0M, Relocated: 0M, In-Place: 0
[32.837s][info][gc,reloc    ] GC(217) Large Pages: 0 / 0M, Empty: 0M, Relocated: 0M, In-Place: 0
[32.837s][info][gc,reloc    ] GC(217) Forwarding Usage: 2M
[32.837s][info][gc,heap     ] GC(217) Min Capacity: 8M(1%)
[32.837s][info][gc,heap     ] GC(217) Max Capacity: 1024M(100%)
[32.837s][info][gc,heap     ] GC(217) Soft Max Capacity: 1024M(100%)
[32.837s][info][gc,heap     ] GC(217)                Mark Start          Mark End        Relocate Start      Relocate End           High               Low         
[32.837s][info][gc,heap     ] GC(217)  Capacity:     1024M (100%)       1024M (100%)       1024M (100%)       1024M (100%)       1024M (100%)       1024M (100%)   
[32.837s][info][gc,heap     ] GC(217)      Free:      488M (48%)         384M (38%)         504M (49%)         778M (76%)         784M (77%)         370M (36%)    
[32.837s][info][gc,heap     ] GC(217)      Used:      536M (52%)         640M (63%)         520M (51%)         246M (24%)         654M (64%)         240M (23%)    
[32.837s][info][gc,heap     ] GC(217)      Live:         -                49M (5%)           49M (5%)           49M (5%)             -                  -          
[32.837s][info][gc,heap     ] GC(217) Allocated:         -               104M (10%)         158M (15%)         171M (17%)            -                  -          
[32.837s][info][gc,heap     ] GC(217)   Garbage:         -               486M (47%)         312M (30%)          24M (2%)             -                  -          
[32.837s][info][gc,heap     ] GC(217) Reclaimed:         -                  -               174M (17%)         461M (45%)            -                  -          
[32.837s][info][gc          ] GC(217) Garbage Collection (Allocation Rate) 536M(52%)->246M(24%)
[32.897s][info][gc,start    ] GC(218) Garbage Collection (Allocation Rate)
[32.897s][info][gc,task     ] GC(218) Using 10 workers
[32.897s][info][gc,phases   ] GC(218) Pause Mark Start 0.013ms
[32.920s][info][gc,phases   ] GC(218) Concurrent Mark 22.497ms
[32.920s][info][gc,phases   ] GC(218) Pause Mark End 0.023ms
[32.921s][info][gc,phases   ] GC(218) Concurrent Mark Free 0.001ms
[32.923s][info][gc,phases   ] GC(218) Concurrent Process Non-Strong References 2.635ms
[32.923s][info][gc,phases   ] GC(218) Concurrent Reset Relocation Set 0.038ms
[32.932s][info][gc,phases   ] GC(218) Concurrent Select Relocation Set 8.780ms
[32.932s][info][gc,phases   ] GC(218) Pause Relocate Start 0.008ms
[32.937s][info][gc,phases   ] GC(218) Concurrent Relocate 4.349ms
[32.937s][info][gc,load     ] GC(218) Load: 0.00/0.00/0.00
[32.937s][info][gc,mmu      ] GC(218) MMU: 2ms/95.9%, 5ms/98.4%, 10ms/99.2%, 20ms/99.6%, 50ms/99.8%, 100ms/99.9%
[32.937s][info][gc,marking  ] GC(218) Mark: 8 stripe(s), 3 proactive flush(es), 1 terminate flush(es), 0 completion(s), 0 continuation(s) 
[32.937s][info][gc,marking  ] GC(218) Mark Stack Usage: 32M
[32.937s][info][gc,nmethod  ] GC(218) NMethods: 4955 registered, 4195 unregistered
[32.937s][info][gc,metaspace] GC(218) Metaspace: 71M used, 72M committed, 1088M reserved
[32.937s][info][gc,ref      ] GC(218) Soft: 2427 encountered, 0 discovered, 0 enqueued
[32.937s][info][gc,ref      ] GC(218) Weak: 10629 encountered, 1624 discovered, 12 enqueued
[32.937s][info][gc,ref      ] GC(218) Final: 289 encountered, 26 discovered, 0 enqueued
[32.937s][info][gc,ref      ] GC(218) Phantom: 424 encountered, 310 discovered, 0 enqueued
[32.937s][info][gc,reloc    ] GC(218) Small Pages: 275 / 550M, Empty: 244M, Relocated: 6M, In-Place: 0
[32.937s][info][gc,reloc    ] GC(218) Medium Pages: 0 / 0M, Empty: 0M, Relocated: 0M, In-Place: 0
[32.937s][info][gc,reloc    ] GC(218) Large Pages: 0 / 0M, Empty: 0M, Relocated: 0M, In-Place: 0
[32.937s][info][gc,reloc    ] GC(218) Forwarding Usage: 2M
[32.937s][info][gc,heap     ] GC(218) Min Capacity: 8M(1%)
[32.937s][info][gc,heap     ] GC(218) Max Capacity: 1024M(100%)
[32.937s][info][gc,heap     ] GC(218) Soft Max Capacity: 1024M(100%)
[32.937s][info][gc,heap     ] GC(218)                Mark Start          Mark End        Relocate Start      Relocate End           High               Low         
[32.937s][info][gc,heap     ] GC(218)  Capacity:     1024M (100%)       1024M (100%)       1024M (100%)       1024M (100%)       1024M (100%)       1024M (100%)   
[32.937s][info][gc,heap     ] GC(218)      Free:      474M (46%)         366M (36%)         556M (54%)         774M (76%)         780M (76%)         354M (35%)    
[32.937s][info][gc,heap     ] GC(218)      Used:      550M (54%)         658M (64%)         468M (46%)         250M (24%)         670M (65%)         244M (24%)    
[32.937s][info][gc,heap     ] GC(218)      Live:         -                49M (5%)           49M (5%)           49M (5%)             -                  -          
[32.937s][info][gc,heap     ] GC(218) Allocated:         -               108M (11%)         162M (16%)         175M (17%)            -                  -          
[32.937s][info][gc,heap     ] GC(218)   Garbage:         -               500M (49%)         256M (25%)          24M (2%)             -                  -          
[32.937s][info][gc,heap     ] GC(218) Reclaimed:         -                  -               244M (24%)         475M (46%)            -                  -          
[32.937s][info][gc          ] GC(218) Garbage Collection (Allocation Rate) 550M(54%)->250M(24%)
[32.996s][info][gc,start    ] GC(219) Garbage Collection (Allocation Rate)
[32.996s][info][gc,task     ] GC(219) Using 10 workers
[32.996s][info][gc,phases   ] GC(219) Pause Mark Start 0.015ms
[33.018s][info][gc,phases   ] GC(219) Concurrent Mark 20.947ms
[33.018s][info][gc,phases   ] GC(219) Pause Mark End 0.025ms
[33.018s][info][gc,phases   ] GC(219) Concurrent Mark Free 0.001ms
[33.020s][info][gc,phases   ] GC(219) Concurrent Process Non-Strong References 2.393ms
[33.020s][info][gc,phases   ] GC(219) Concurrent Reset Relocation Set 0.037ms
[33.025s][info][gc,phases   ] GC(219) Concurrent Select Relocation Set 4.901ms
[33.026s][info][gc,phases   ] GC(219) Pause Relocate Start 0.007ms
[33.030s][info][gc,phases   ] GC(219) Concurrent Relocate 4.087ms
[33.030s][info][gc,load     ] GC(219) Load: 0.00/0.00/0.00
[33.030s][info][gc,mmu      ] GC(219) MMU: 2ms/95.9%, 5ms/98.4%, 10ms/99.2%, 20ms/99.6%, 50ms/99.8%, 100ms/99.9%
[33.030s][info][gc,marking  ] GC(219) Mark: 8 stripe(s), 4 proactive flush(es), 1 terminate flush(es), 0 completion(s), 0 continuation(s) 
[33.030s][info][gc,marking  ] GC(219) Mark Stack Usage: 32M
[33.030s][info][gc,nmethod  ] GC(219) NMethods: 4954 registered, 4196 unregistered
[33.030s][info][gc,metaspace] GC(219) Metaspace: 71M used, 72M committed, 1088M reserved
[33.030s][info][gc,ref      ] GC(219) Soft: 2427 encountered, 0 discovered, 0 enqueued
[33.030s][info][gc,ref      ] GC(219) Weak: 10607 encountered, 1433 discovered, 7 enqueued
[33.030s][info][gc,ref      ] GC(219) Final: 289 encountered, 9 discovered, 0 enqueued
[33.030s][info][gc,ref      ] GC(219) Phantom: 424 encountered, 324 discovered, 0 enqueued
[33.030s][info][gc,reloc    ] GC(219) Small Pages: 272 / 544M, Empty: 260M, Relocated: 6M, In-Place: 0
[33.030s][info][gc,reloc    ] GC(219) Medium Pages: 0 / 0M, Empty: 0M, Relocated: 0M, In-Place: 0
[33.030s][info][gc,reloc    ] GC(219) Large Pages: 0 / 0M, Empty: 0M, Relocated: 0M, In-Place: 0
[33.030s][info][gc,reloc    ] GC(219) Forwarding Usage: 2M
[33.030s][info][gc,heap     ] GC(219) Min Capacity: 8M(1%)
[33.030s][info][gc,heap     ] GC(219) Max Capacity: 1024M(100%)
[33.030s][info][gc,heap     ] GC(219) Soft Max Capacity: 1024M(100%)
[33.030s][info][gc,heap     ] GC(219)                Mark Start          Mark End        Relocate Start      Relocate End           High               Low         
[33.030s][info][gc,heap     ] GC(219)  Capacity:     1024M (100%)       1024M (100%)       1024M (100%)       1024M (100%)       1024M (100%)       1024M (100%)   
[33.030s][info][gc,heap     ] GC(219)      Free:      480M (47%)         382M (37%)         608M (59%)         804M (79%)         810M (79%)         370M (36%)    
[33.030s][info][gc,heap     ] GC(219)      Used:      544M (53%)         642M (63%)         416M (41%)         220M (21%)         654M (64%)         214M (21%)    
[33.030s][info][gc,heap     ] GC(219)      Live:         -                49M (5%)           49M (5%)           49M (5%)             -                  -          
[33.030s][info][gc,heap     ] GC(219) Allocated:         -                98M (10%)         132M (13%)         145M (14%)            -                  -          
[33.030s][info][gc,heap     ] GC(219)   Garbage:         -               494M (48%)         234M (23%)          25M (2%)             -                  -          
[33.030s][info][gc,heap     ] GC(219) Reclaimed:         -                  -               260M (25%)         469M (46%)            -                  -          
[33.031s][info][gc          ] GC(219) Garbage Collection (Allocation Rate) 544M(53%)->220M(21%)
[33.096s][info][gc,start    ] GC(220) Garbage Collection (Allocation Rate)
[33.096s][info][gc,task     ] GC(220) Using 10 workers
[33.096s][info][gc,phases   ] GC(220) Pause Mark Start 0.010ms
[33.117s][info][gc,phases   ] GC(220) Concurrent Mark 20.398ms
[33.117s][info][gc,phases   ] GC(220) Pause Mark End 0.023ms
[33.117s][info][gc,phases   ] GC(220) Concurrent Mark Free 0.001ms
[33.120s][info][gc,phases   ] GC(220) Concurrent Process Non-Strong References 2.407ms
[33.120s][info][gc,phases   ] GC(220) Concurrent Reset Relocation Set 0.029ms
[33.125s][info][gc,phases   ] GC(220) Concurrent Select Relocation Set 4.875ms
[33.125s][info][gc,phases   ] GC(220) Pause Relocate Start 0.011ms
[33.130s][info][gc,phases   ] GC(220) Concurrent Relocate 4.355ms
[33.130s][info][gc,load     ] GC(220) Load: 0.00/0.00/0.00
[33.130s][info][gc,mmu      ] GC(220) MMU: 2ms/95.9%, 5ms/98.4%, 10ms/99.2%, 20ms/99.6%, 50ms/99.8%, 100ms/99.9%
[33.130s][info][gc,marking  ] GC(220) Mark: 8 stripe(s), 3 proactive flush(es), 1 terminate flush(es), 0 completion(s), 0 continuation(s) 
[33.130s][info][gc,marking  ] GC(220) Mark Stack Usage: 32M
[33.130s][info][gc,nmethod  ] GC(220) NMethods: 4954 registered, 4196 unregistered
[33.130s][info][gc,metaspace] GC(220) Metaspace: 71M used, 72M committed, 1088M reserved
[33.130s][info][gc,ref      ] GC(220) Soft: 2427 encountered, 0 discovered, 0 enqueued
[33.130s][info][gc,ref      ] GC(220) Weak: 10501 encountered, 1821 discovered, 25 enqueued
[33.130s][info][gc,ref      ] GC(220) Final: 289 encountered, 35 discovered, 0 enqueued
[33.130s][info][gc,ref      ] GC(220) Phantom: 424 encountered, 329 discovered, 0 enqueued
[33.130s][info][gc,reloc    ] GC(220) Small Pages: 273 / 546M, Empty: 264M, Relocated: 6M, In-Place: 0
[33.130s][info][gc,reloc    ] GC(220) Medium Pages: 0 / 0M, Empty: 0M, Relocated: 0M, In-Place: 0
[33.130s][info][gc,reloc    ] GC(220) Large Pages: 0 / 0M, Empty: 0M, Relocated: 0M, In-Place: 0
[33.130s][info][gc,reloc    ] GC(220) Forwarding Usage: 2M
[33.130s][info][gc,heap     ] GC(220) Min Capacity: 8M(1%)
[33.130s][info][gc,heap     ] GC(220) Max Capacity: 1024M(100%)
[33.130s][info][gc,heap     ] GC(220) Soft Max Capacity: 1024M(100%)
[33.130s][info][gc,heap     ] GC(220)                Mark Start          Mark End        Relocate Start      Relocate End           High               Low         
[33.130s][info][gc,heap     ] GC(220)  Capacity:     1024M (100%)       1024M (100%)       1024M (100%)       1024M (100%)       1024M (100%)       1024M (100%)   
[33.130s][info][gc,heap     ] GC(220)      Free:      478M (47%)         384M (38%)         616M (60%)         806M (79%)         816M (80%)         370M (36%)    
[33.130s][info][gc,heap     ] GC(220)      Used:      546M (53%)         640M (63%)         408M (40%)         218M (21%)         654M (64%)         208M (20%)    
[33.130s][info][gc,heap     ] GC(220)      Live:         -                49M (5%)           49M (5%)           49M (5%)             -                  -          
[33.130s][info][gc,heap     ] GC(220) Allocated:         -                94M (9%)          126M (12%)         143M (14%)            -                  -          
[33.130s][info][gc,heap     ] GC(220)   Garbage:         -               496M (48%)         232M (23%)          25M (2%)             -                  -          
[33.130s][info][gc,heap     ] GC(220) Reclaimed:         -                  -               264M (26%)         471M (46%)            -                  -          
[33.130s][info][gc          ] GC(220) Garbage Collection (Allocation Rate) 546M(53%)->218M(21%)
[33.196s][info][gc,start    ] GC(221) Garbage Collection (Allocation Rate)
[33.197s][info][gc,task     ] GC(221) Using 10 workers
[33.197s][info][gc,phases   ] GC(221) Pause Mark Start 0.015ms
[33.217s][info][gc,phases   ] GC(221) Concurrent Mark 20.453ms
[33.218s][info][gc,phases   ] GC(221) Pause Mark End 0.028ms
[33.218s][info][gc,phases   ] GC(221) Concurrent Mark Free 0.002ms
[33.220s][info][gc,phases   ] GC(221) Concurrent Process Non-Strong References 2.418ms
[33.220s][info][gc,phases   ] GC(221) Concurrent Reset Relocation Set 0.030ms
[33.225s][info][gc,phases   ] GC(221) Concurrent Select Relocation Set 4.982ms
[33.226s][info][gc,phases   ] GC(221) Pause Relocate Start 0.008ms
[33.230s][info][gc,phases   ] GC(221) Concurrent Relocate 4.361ms
[33.230s][info][gc,load     ] GC(221) Load: 0.00/0.00/0.00
[33.230s][info][gc,mmu      ] GC(221) MMU: 2ms/95.9%, 5ms/98.4%, 10ms/99.2%, 20ms/99.6%, 50ms/99.8%, 100ms/99.9%
[33.230s][info][gc,marking  ] GC(221) Mark: 8 stripe(s), 3 proactive flush(es), 1 terminate flush(es), 0 completion(s), 0 continuation(s) 
[33.230s][info][gc,marking  ] GC(221) Mark Stack Usage: 32M
[33.230s][info][gc,nmethod  ] GC(221) NMethods: 4954 registered, 4196 unregistered
[33.230s][info][gc,metaspace] GC(221) Metaspace: 71M used, 72M committed, 1088M reserved
[33.230s][info][gc,ref      ] GC(221) Soft: 2427 encountered, 0 discovered, 0 enqueued
[33.230s][info][gc,ref      ] GC(221) Weak: 10476 encountered, 1737 discovered, 0 enqueued
[33.230s][info][gc,ref      ] GC(221) Final: 289 encountered, 23 discovered, 0 enqueued
[33.230s][info][gc,ref      ] GC(221) Phantom: 424 encountered, 277 discovered, 0 enqueued
[33.230s][info][gc,reloc    ] GC(221) Small Pages: 272 / 544M, Empty: 322M, Relocated: 6M, In-Place: 0
[33.230s][info][gc,reloc    ] GC(221) Medium Pages: 0 / 0M, Empty: 0M, Relocated: 0M, In-Place: 0
[33.230s][info][gc,reloc    ] GC(221) Large Pages: 0 / 0M, Empty: 0M, Relocated: 0M, In-Place: 0
[33.230s][info][gc,reloc    ] GC(221) Forwarding Usage: 2M
[33.230s][info][gc,heap     ] GC(221) Min Capacity: 8M(1%)
[33.230s][info][gc,heap     ] GC(221) Max Capacity: 1024M(100%)
[33.230s][info][gc,heap     ] GC(221) Soft Max Capacity: 1024M(100%)
[33.231s][info][gc,heap     ] GC(221)                Mark Start          Mark End        Relocate Start      Relocate End           High               Low         
[33.231s][info][gc,heap     ] GC(221)  Capacity:     1024M (100%)       1024M (100%)       1024M (100%)       1024M (100%)       1024M (100%)       1024M (100%)   
[33.231s][info][gc,heap     ] GC(221)      Free:      480M (47%)         386M (38%)         674M (66%)         806M (79%)         814M (79%)         372M (36%)    
[33.231s][info][gc,heap     ] GC(221)      Used:      544M (53%)         638M (62%)         350M (34%)         218M (21%)         652M (64%)         210M (21%)    
[33.231s][info][gc,heap     ] GC(221)      Live:         -                49M (5%)           49M (5%)           49M (5%)             -                  -          
[33.231s][info][gc,heap     ] GC(221) Allocated:         -                94M (9%)          128M (13%)         143M (14%)            -                  -          
[33.231s][info][gc,heap     ] GC(221)   Garbage:         -               494M (48%)         172M (17%)          25M (2%)             -                  -          
[33.231s][info][gc,heap     ] GC(221) Reclaimed:         -                  -               322M (31%)         469M (46%)            -                  -          
[33.231s][info][gc          ] GC(221) Garbage Collection (Allocation Rate) 544M(53%)->218M(21%)
[33.296s][info][gc,start    ] GC(222) Garbage Collection (Allocation Rate)
[33.296s][info][gc,task     ] GC(222) Using 10 workers
[33.296s][info][gc,phases   ] GC(222) Pause Mark Start 0.011ms
[33.316s][info][gc,phases   ] GC(222) Concurrent Mark 20.306ms
[33.317s][info][gc,phases   ] GC(222) Pause Mark End 0.022ms
[33.317s][info][gc,phases   ] GC(222) Concurrent Mark Free 0.001ms
[33.319s][info][gc,phases   ] GC(222) Concurrent Process Non-Strong References 2.384ms
[33.319s][info][gc,phases   ] GC(222) Concurrent Reset Relocation Set 0.022ms
[33.324s][info][gc,phases   ] GC(222) Concurrent Select Relocation Set 4.866ms
[33.324s][info][gc,phases   ] GC(222) Pause Relocate Start 0.008ms
[33.329s][info][gc,phases   ] GC(222) Concurrent Relocate 4.503ms
[33.329s][info][gc,load     ] GC(222) Load: 0.00/0.00/0.00
[33.329s][info][gc,mmu      ] GC(222) MMU: 2ms/95.9%, 5ms/98.4%, 10ms/99.2%, 20ms/99.6%, 50ms/99.8%, 100ms/99.9%
[33.329s][info][gc,marking  ] GC(222) Mark: 8 stripe(s), 3 proactive flush(es), 1 terminate flush(es), 0 completion(s), 0 continuation(s) 
[33.329s][info][gc,marking  ] GC(222) Mark Stack Usage: 32M
[33.329s][info][gc,nmethod  ] GC(222) NMethods: 4955 registered, 4196 unregistered
[33.329s][info][gc,metaspace] GC(222) Metaspace: 71M used, 72M committed, 1088M reserved
[33.329s][info][gc,ref      ] GC(222) Soft: 2427 encountered, 0 discovered, 0 enqueued
[33.329s][info][gc,ref      ] GC(222) Weak: 10452 encountered, 873 discovered, 7 enqueued
[33.329s][info][gc,ref      ] GC(222) Final: 289 encountered, 33 discovered, 0 enqueued
[33.329s][info][gc,ref      ] GC(222) Phantom: 424 encountered, 338 discovered, 0 enqueued
[33.329s][info][gc,reloc    ] GC(222) Small Pages: 269 / 538M, Empty: 306M, Relocated: 6M, In-Place: 0
[33.329s][info][gc,reloc    ] GC(222) Medium Pages: 0 / 0M, Empty: 0M, Relocated: 0M, In-Place: 0
[33.329s][info][gc,reloc    ] GC(222) Large Pages: 0 / 0M, Empty: 0M, Relocated: 0M, In-Place: 0
[33.329s][info][gc,reloc    ] GC(222) Forwarding Usage: 2M
[33.329s][info][gc,heap     ] GC(222) Min Capacity: 8M(1%)
[33.329s][info][gc,heap     ] GC(222) Max Capacity: 1024M(100%)
[33.329s][info][gc,heap     ] GC(222) Soft Max Capacity: 1024M(100%)
[33.329s][info][gc,heap     ] GC(222)                Mark Start          Mark End        Relocate Start      Relocate End           High               Low         
[33.329s][info][gc,heap     ] GC(222)  Capacity:     1024M (100%)       1024M (100%)       1024M (100%)       1024M (100%)       1024M (100%)       1024M (100%)   
[33.330s][info][gc,heap     ] GC(222)      Free:      486M (47%)         392M (38%)         666M (65%)         808M (79%)         820M (80%)         380M (37%)    
[33.330s][info][gc,heap     ] GC(222)      Used:      538M (53%)         632M (62%)         358M (35%)         216M (21%)         644M (63%)         204M (20%)    
[33.330s][info][gc,heap     ] GC(222)      Live:         -                49M (5%)           49M (5%)           49M (5%)             -                  -          
[33.330s][info][gc,heap     ] GC(222) Allocated:         -                94M (9%)          126M (12%)         141M (14%)            -                  -          
[33.330s][info][gc,heap     ] GC(222)   Garbage:         -               488M (48%)         182M (18%)          25M (2%)             -                  -          
[33.330s][info][gc,heap     ] GC(222) Reclaimed:         -                  -               306M (30%)         463M (45%)            -                  -          
[33.330s][info][gc          ] GC(222) Garbage Collection (Allocation Rate) 538M(53%)->216M(21%)
[33.396s][info][gc,start    ] GC(223) Garbage Collection (Allocation Rate)
[33.396s][info][gc,task     ] GC(223) Using 10 workers
[33.397s][info][gc,phases   ] GC(223) Pause Mark Start 0.009ms
[33.417s][info][gc,phases   ] GC(223) Concurrent Mark 20.217ms
[33.417s][info][gc,phases   ] GC(223) Pause Mark End 0.022ms
[33.417s][info][gc,phases   ] GC(223) Concurrent Mark Free 0.001ms
[33.420s][info][gc,phases   ] GC(223) Concurrent Process Non-Strong References 2.323ms
[33.420s][info][gc,phases   ] GC(223) Concurrent Reset Relocation Set 0.022ms
[33.428s][info][gc,phases   ] GC(223) Concurrent Select Relocation Set 8.426ms
[33.428s][info][gc,phases   ] GC(223) Pause Relocate Start 0.008ms
[33.433s][info][gc,phases   ] GC(223) Concurrent Relocate 4.647ms
[33.434s][info][gc,load     ] GC(223) Load: 0.00/0.00/0.00
[33.434s][info][gc,mmu      ] GC(223) MMU: 2ms/95.9%, 5ms/98.4%, 10ms/99.2%, 20ms/99.6%, 50ms/99.8%, 100ms/99.9%
[33.434s][info][gc,marking  ] GC(223) Mark: 8 stripe(s), 3 proactive flush(es), 1 terminate flush(es), 0 completion(s), 0 continuation(s) 
[33.434s][info][gc,marking  ] GC(223) Mark Stack Usage: 32M
[33.434s][info][gc,nmethod  ] GC(223) NMethods: 4962 registered, 4196 unregistered
[33.434s][info][gc,metaspace] GC(223) Metaspace: 72M used, 72M committed, 1088M reserved
[33.434s][info][gc,ref      ] GC(223) Soft: 2427 encountered, 0 discovered, 0 enqueued
[33.434s][info][gc,ref      ] GC(223) Weak: 10443 encountered, 1107 discovered, 0 enqueued
[33.434s][info][gc,ref      ] GC(223) Final: 289 encountered, 9 discovered, 0 enqueued
[33.434s][info][gc,ref      ] GC(223) Phantom: 424 encountered, 291 discovered, 0 enqueued
[33.434s][info][gc,reloc    ] GC(223) Small Pages: 273 / 546M, Empty: 326M, Relocated: 6M, In-Place: 0
[33.434s][info][gc,reloc    ] GC(223) Medium Pages: 0 / 0M, Empty: 0M, Relocated: 0M, In-Place: 0
[33.434s][info][gc,reloc    ] GC(223) Large Pages: 0 / 0M, Empty: 0M, Relocated: 0M, In-Place: 0
[33.434s][info][gc,reloc    ] GC(223) Forwarding Usage: 2M
[33.434s][info][gc,heap     ] GC(223) Min Capacity: 8M(1%)
[33.434s][info][gc,heap     ] GC(223) Max Capacity: 1024M(100%)
[33.434s][info][gc,heap     ] GC(223) Soft Max Capacity: 1024M(100%)
[33.434s][info][gc,heap     ] GC(223)                Mark Start          Mark End        Relocate Start      Relocate End           High               Low         
[33.434s][info][gc,heap     ] GC(223)  Capacity:     1024M (100%)       1024M (100%)       1024M (100%)       1024M (100%)       1024M (100%)       1024M (100%)   
[33.434s][info][gc,heap     ] GC(223)      Free:      478M (47%)         384M (38%)         660M (64%)         794M (78%)         798M (78%)         374M (37%)    
[33.434s][info][gc,heap     ] GC(223)      Used:      546M (53%)         640M (63%)         364M (36%)         230M (22%)         650M (63%)         226M (22%)    
[33.434s][info][gc,heap     ] GC(223)      Live:         -                49M (5%)           49M (5%)           49M (5%)             -                  -          
[33.434s][info][gc,heap     ] GC(223) Allocated:         -                94M (9%)          144M (14%)         155M (15%)            -                  -          
[33.434s][info][gc,heap     ] GC(223)   Garbage:         -               496M (48%)         170M (17%)          25M (2%)             -                  -          
[33.434s][info][gc,heap     ] GC(223) Reclaimed:         -                  -               326M (32%)         471M (46%)            -                  -          
[33.434s][info][gc          ] GC(223) Garbage Collection (Allocation Rate) 546M(53%)->230M(22%)
[33.496s][info][gc,start    ] GC(224) Garbage Collection (Allocation Rate)
[33.496s][info][gc,task     ] GC(224) Using 10 workers
[33.496s][info][gc,phases   ] GC(224) Pause Mark Start 0.008ms
[33.520s][info][gc,phases   ] GC(224) Concurrent Mark 23.216ms
[33.520s][info][gc,phases   ] GC(224) Pause Mark End 0.028ms
[33.520s][info][gc,phases   ] GC(224) Concurrent Mark Free 0.001ms
[33.523s][info][gc,phases   ] GC(224) Concurrent Process Non-Strong References 2.639ms
[33.523s][info][gc,phases   ] GC(224) Concurrent Reset Relocation Set 0.024ms
[33.527s][info][gc,phases   ] GC(224) Concurrent Select Relocation Set 4.421ms
[33.527s][info][gc,phases   ] GC(224) Pause Relocate Start 0.008ms
[33.533s][info][gc,phases   ] GC(224) Concurrent Relocate 5.035ms
[33.533s][info][gc,load     ] GC(224) Load: 0.00/0.00/0.00
[33.533s][info][gc,mmu      ] GC(224) MMU: 2ms/95.9%, 5ms/98.4%, 10ms/99.2%, 20ms/99.6%, 50ms/99.8%, 100ms/99.9%
[33.533s][info][gc,marking  ] GC(224) Mark: 8 stripe(s), 2 proactive flush(es), 1 terminate flush(es), 0 completion(s), 0 continuation(s) 
[33.533s][info][gc,marking  ] GC(224) Mark Stack Usage: 32M
[33.533s][info][gc,nmethod  ] GC(224) NMethods: 4967 registered, 4197 unregistered
[33.533s][info][gc,metaspace] GC(224) Metaspace: 72M used, 72M committed, 1088M reserved
[33.533s][info][gc,ref      ] GC(224) Soft: 2427 encountered, 0 discovered, 0 enqueued
[33.533s][info][gc,ref      ] GC(224) Weak: 10281 encountered, 1249 discovered, 36 enqueued
[33.533s][info][gc,ref      ] GC(224) Final: 289 encountered, 6 discovered, 0 enqueued
[33.533s][info][gc,ref      ] GC(224) Phantom: 424 encountered, 293 discovered, 0 enqueued
[33.533s][info][gc,reloc    ] GC(224) Small Pages: 261 / 522M, Empty: 248M, Relocated: 5M, In-Place: 0
[33.533s][info][gc,reloc    ] GC(224) Medium Pages: 0 / 0M, Empty: 0M, Relocated: 0M, In-Place: 0
[33.533s][info][gc,reloc    ] GC(224) Large Pages: 0 / 0M, Empty: 0M, Relocated: 0M, In-Place: 0
[33.533s][info][gc,reloc    ] GC(224) Forwarding Usage: 2M
[33.533s][info][gc,heap     ] GC(224) Min Capacity: 8M(1%)
[33.533s][info][gc,heap     ] GC(224) Max Capacity: 1024M(100%)
[33.533s][info][gc,heap     ] GC(224) Soft Max Capacity: 1024M(100%)
[33.533s][info][gc,heap     ] GC(224)                Mark Start          Mark End        Relocate Start      Relocate End           High               Low         
[33.533s][info][gc,heap     ] GC(224)  Capacity:     1024M (100%)       1024M (100%)       1024M (100%)       1024M (100%)       1024M (100%)       1024M (100%)   
[33.533s][info][gc,heap     ] GC(224)      Free:      502M (49%)         398M (39%)         614M (60%)         804M (79%)         810M (79%)         392M (38%)    
[33.533s][info][gc,heap     ] GC(224)      Used:      522M (51%)         626M (61%)         410M (40%)         220M (21%)         632M (62%)         214M (21%)    
[33.533s][info][gc,heap     ] GC(224)      Live:         -                49M (5%)           49M (5%)           49M (5%)             -                  -          
[33.533s][info][gc,heap     ] GC(224) Allocated:         -               104M (10%)         136M (13%)         143M (14%)            -                  -          
[33.533s][info][gc,heap     ] GC(224)   Garbage:         -               472M (46%)         224M (22%)          27M (3%)             -                  -          
[33.533s][info][gc,heap     ] GC(224) Reclaimed:         -                  -               248M (24%)         445M (43%)            -                  -          
[33.533s][info][gc          ] GC(224) Garbage Collection (Allocation Rate) 522M(51%)->220M(21%)
[33.595s][info][gc,start    ] GC(225) Garbage Collection (Allocation Rate)
[33.595s][info][gc,task     ] GC(225) Using 10 workers
[33.596s][info][gc,phases   ] GC(225) Pause Mark Start 0.009ms
[33.616s][info][gc,phases   ] GC(225) Concurrent Mark 20.198ms
[33.616s][info][gc,phases   ] GC(225) Pause Mark End 0.021ms
[33.616s][info][gc,phases   ] GC(225) Concurrent Mark Free 0.001ms
[33.619s][info][gc,phases   ] GC(225) Concurrent Process Non-Strong References 2.462ms
[33.619s][info][gc,phases   ] GC(225) Concurrent Reset Relocation Set 0.021ms
[33.623s][info][gc,phases   ] GC(225) Concurrent Select Relocation Set 3.781ms
[33.623s][info][gc,phases   ] GC(225) Pause Relocate Start 0.008ms
[33.626s][info][gc,phases   ] GC(225) Concurrent Relocate 3.505ms
[33.626s][info][gc,load     ] GC(225) Load: 0.00/0.00/0.00
[33.626s][info][gc,mmu      ] GC(225) MMU: 2ms/95.9%, 5ms/98.4%, 10ms/99.2%, 20ms/99.6%, 50ms/99.8%, 100ms/99.9%
[33.626s][info][gc,marking  ] GC(225) Mark: 8 stripe(s), 2 proactive flush(es), 1 terminate flush(es), 0 completion(s), 0 continuation(s) 
[33.627s][info][gc,marking  ] GC(225) Mark Stack Usage: 32M
[33.627s][info][gc,nmethod  ] GC(225) NMethods: 4998 registered, 4197 unregistered
[33.627s][info][gc,metaspace] GC(225) Metaspace: 72M used, 72M committed, 1088M reserved
[33.627s][info][gc,ref      ] GC(225) Soft: 2427 encountered, 0 discovered, 0 enqueued
[33.627s][info][gc,ref      ] GC(225) Weak: 10133 encountered, 1252 discovered, 30 enqueued
[33.627s][info][gc,ref      ] GC(225) Final: 289 encountered, 5 discovered, 0 enqueued
[33.627s][info][gc,ref      ] GC(225) Phantom: 424 encountered, 302 discovered, 0 enqueued
[33.627s][info][gc,reloc    ] GC(225) Small Pages: 247 / 494M, Empty: 262M, Relocated: 4M, In-Place: 0
[33.627s][info][gc,reloc    ] GC(225) Medium Pages: 0 / 0M, Empty: 0M, Relocated: 0M, In-Place: 0
[33.627s][info][gc,reloc    ] GC(225) Large Pages: 0 / 0M, Empty: 0M, Relocated: 0M, In-Place: 0
[33.627s][info][gc,reloc    ] GC(225) Forwarding Usage: 1M
[33.627s][info][gc,heap     ] GC(225) Min Capacity: 8M(1%)
[33.627s][info][gc,heap     ] GC(225) Max Capacity: 1024M(100%)
[33.627s][info][gc,heap     ] GC(225) Soft Max Capacity: 1024M(100%)
[33.627s][info][gc,heap     ] GC(225)                Mark Start          Mark End        Relocate Start      Relocate End           High               Low         
[33.627s][info][gc,heap     ] GC(225)  Capacity:     1024M (100%)       1024M (100%)       1024M (100%)       1024M (100%)       1024M (100%)       1024M (100%)   
[33.627s][info][gc,heap     ] GC(225)      Free:      530M (52%)         446M (44%)         678M (66%)         832M (81%)         832M (81%)         440M (43%)    
[33.627s][info][gc,heap     ] GC(225)      Used:      494M (48%)         578M (56%)         346M (34%)         192M (19%)         584M (57%)         192M (19%)    
[33.627s][info][gc,heap     ] GC(225)      Live:         -                48M (5%)           48M (5%)           48M (5%)             -                  -          
[33.627s][info][gc,heap     ] GC(225) Allocated:         -                84M (8%)          114M (11%)         115M (11%)            -                  -          
[33.627s][info][gc,heap     ] GC(225)   Garbage:         -               445M (43%)         183M (18%)          27M (3%)             -                  -          
[33.627s][info][gc,heap     ] GC(225) Reclaimed:         -                  -               262M (26%)         417M (41%)            -                  -          
[33.627s][info][gc          ] GC(225) Garbage Collection (Allocation Rate) 494M(48%)->192M(19%)
[33.696s][info][gc,start    ] GC(226) Garbage Collection (Allocation Rate)
[33.696s][info][gc,task     ] GC(226) Using 10 workers
[33.696s][info][gc,phases   ] GC(226) Pause Mark Start 0.009ms
[33.719s][info][gc,phases   ] GC(226) Concurrent Mark 23.309ms
[33.719s][info][gc,phases   ] GC(226) Pause Mark End 0.027ms
[33.720s][info][gc,phases   ] GC(226) Concurrent Mark Free 0.001ms
[33.722s][info][gc,phases   ] GC(226) Concurrent Process Non-Strong References 2.512ms
[33.722s][info][gc,phases   ] GC(226) Concurrent Reset Relocation Set 0.021ms
[33.726s][info][gc,phases   ] GC(226) Concurrent Select Relocation Set 3.785ms
[33.726s][info][gc,phases   ] GC(226) Pause Relocate Start 0.008ms
[33.729s][info][gc,phases   ] GC(226) Concurrent Relocate 2.637ms
[33.729s][info][gc,load     ] GC(226) Load: 0.00/0.00/0.00
[33.729s][info][gc,mmu      ] GC(226) MMU: 2ms/95.9%, 5ms/98.4%, 10ms/99.2%, 20ms/99.6%, 50ms/99.8%, 100ms/99.9%
[33.729s][info][gc,marking  ] GC(226) Mark: 8 stripe(s), 4 proactive flush(es), 1 terminate flush(es), 0 completion(s), 0 continuation(s) 
[33.729s][info][gc,marking  ] GC(226) Mark Stack Usage: 32M
[33.729s][info][gc,nmethod  ] GC(226) NMethods: 5002 registered, 4197 unregistered
[33.729s][info][gc,metaspace] GC(226) Metaspace: 72M used, 72M committed, 1088M reserved
[33.729s][info][gc,ref      ] GC(226) Soft: 2427 encountered, 0 discovered, 0 enqueued
[33.729s][info][gc,ref      ] GC(226) Weak: 10055 encountered, 1375 discovered, 13 enqueued
[33.729s][info][gc,ref      ] GC(226) Final: 289 encountered, 12 discovered, 0 enqueued
[33.729s][info][gc,ref      ] GC(226) Phantom: 424 encountered, 334 discovered, 0 enqueued
[33.729s][info][gc,reloc    ] GC(226) Small Pages: 238 / 476M, Empty: 278M, Relocated: 4M, In-Place: 0
[33.729s][info][gc,reloc    ] GC(226) Medium Pages: 0 / 0M, Empty: 0M, Relocated: 0M, In-Place: 0
[33.729s][info][gc,reloc    ] GC(226) Large Pages: 0 / 0M, Empty: 0M, Relocated: 0M, In-Place: 0
[33.729s][info][gc,reloc    ] GC(226) Forwarding Usage: 1M
[33.729s][info][gc,heap     ] GC(226) Min Capacity: 8M(1%)
[33.729s][info][gc,heap     ] GC(226) Max Capacity: 1024M(100%)
[33.729s][info][gc,heap     ] GC(226) Soft Max Capacity: 1024M(100%)
[33.729s][info][gc,heap     ] GC(226)                Mark Start          Mark End        Relocate Start      Relocate End           High               Low         
[33.729s][info][gc,heap     ] GC(226)  Capacity:     1024M (100%)       1024M (100%)       1024M (100%)       1024M (100%)       1024M (100%)       1024M (100%)   
[33.729s][info][gc,heap     ] GC(226)      Free:      548M (54%)         460M (45%)         712M (70%)         828M (81%)         832M (81%)         438M (43%)    
[33.729s][info][gc,heap     ] GC(226)      Used:      476M (46%)         564M (55%)         312M (30%)         196M (19%)         586M (57%)         192M (19%)    
[33.729s][info][gc,heap     ] GC(226)      Live:         -                48M (5%)           48M (5%)           48M (5%)             -                  -          
[33.729s][info][gc,heap     ] GC(226) Allocated:         -                88M (9%)          114M (11%)         119M (12%)            -                  -          
[33.729s][info][gc,heap     ] GC(226)   Garbage:         -               427M (42%)         149M (15%)          27M (3%)             -                  -          
[33.729s][info][gc,heap     ] GC(226) Reclaimed:         -                  -               278M (27%)         399M (39%)            -                  -          
[33.729s][info][gc          ] GC(226) Garbage Collection (Allocation Rate) 476M(46%)->196M(19%)
[33.796s][info][gc,start    ] GC(227) Garbage Collection (Allocation Rate)
[33.796s][info][gc,task     ] GC(227) Using 10 workers
[33.796s][info][gc,phases   ] GC(227) Pause Mark Start 0.009ms
[33.829s][info][gc,phases   ] GC(227) Concurrent Mark 32.270ms
[33.829s][info][gc,phases   ] GC(227) Pause Mark End 0.030ms
[33.829s][info][gc,phases   ] GC(227) Concurrent Mark Free 0.001ms
[33.831s][info][gc,phases   ] GC(227) Concurrent Process Non-Strong References 2.413ms
[33.831s][info][gc,phases   ] GC(227) Concurrent Reset Relocation Set 0.017ms
[33.837s][info][gc,phases   ] GC(227) Concurrent Select Relocation Set 5.919ms
[33.838s][info][gc,phases   ] GC(227) Pause Relocate Start 0.007ms
[33.843s][info][gc,phases   ] GC(227) Concurrent Relocate 4.999ms
[33.843s][info][gc,load     ] GC(227) Load: 0.00/0.00/0.00
[33.843s][info][gc,mmu      ] GC(227) MMU: 2ms/95.9%, 5ms/98.4%, 10ms/99.2%, 20ms/99.6%, 50ms/99.8%, 100ms/99.9%
[33.843s][info][gc,marking  ] GC(227) Mark: 8 stripe(s), 3 proactive flush(es), 1 terminate flush(es), 0 completion(s), 0 continuation(s) 
[33.843s][info][gc,marking  ] GC(227) Mark Stack Usage: 32M
[33.843s][info][gc,nmethod  ] GC(227) NMethods: 5012 registered, 4197 unregistered
[33.843s][info][gc,metaspace] GC(227) Metaspace: 72M used, 72M committed, 1088M reserved
[33.843s][info][gc,ref      ] GC(227) Soft: 2427 encountered, 0 discovered, 0 enqueued
[33.843s][info][gc,ref      ] GC(227) Weak: 10018 encountered, 1254 discovered, 6 enqueued
[33.843s][info][gc,ref      ] GC(227) Final: 289 encountered, 15 discovered, 0 enqueued
[33.843s][info][gc,ref      ] GC(227) Phantom: 424 encountered, 365 discovered, 0 enqueued
[33.843s][info][gc,reloc    ] GC(227) Small Pages: 231 / 462M, Empty: 240M, Relocated: 8M, In-Place: 0
[33.843s][info][gc,reloc    ] GC(227) Medium Pages: 0 / 0M, Empty: 0M, Relocated: 0M, In-Place: 0
[33.843s][info][gc,reloc    ] GC(227) Large Pages: 0 / 0M, Empty: 0M, Relocated: 0M, In-Place: 0
[33.843s][info][gc,reloc    ] GC(227) Forwarding Usage: 2M
[33.843s][info][gc,heap     ] GC(227) Min Capacity: 8M(1%)
[33.843s][info][gc,heap     ] GC(227) Max Capacity: 1024M(100%)
[33.843s][info][gc,heap     ] GC(227) Soft Max Capacity: 1024M(100%)
[33.843s][info][gc,heap     ] GC(227)                Mark Start          Mark End        Relocate Start      Relocate End           High               Low         
[33.843s][info][gc,heap     ] GC(227)  Capacity:     1024M (100%)       1024M (100%)       1024M (100%)       1024M (100%)       1024M (100%)       1024M (100%)   
[33.843s][info][gc,heap     ] GC(227)      Free:      562M (55%)         442M (43%)         652M (64%)         792M (77%)         798M (78%)         436M (43%)    
[33.843s][info][gc,heap     ] GC(227)      Used:      462M (45%)         582M (57%)         372M (36%)         232M (23%)         588M (57%)         226M (22%)    
[33.843s][info][gc,heap     ] GC(227)      Live:         -                48M (5%)           48M (5%)           48M (5%)             -                  -          
[33.843s][info][gc,heap     ] GC(227) Allocated:         -               120M (12%)         150M (15%)         161M (16%)            -                  -          
[33.843s][info][gc,heap     ] GC(227)   Garbage:         -               413M (40%)         173M (17%)          21M (2%)             -                  -          
[33.843s][info][gc,heap     ] GC(227) Reclaimed:         -                  -               240M (23%)         391M (38%)            -                  -          
[33.843s][info][gc          ] GC(227) Garbage Collection (Allocation Rate) 462M(45%)->232M(23%)
[33.904s][info][gc,start    ] GC(228) Garbage Collection (Allocation Rate)
[33.904s][info][gc,task     ] GC(228) Using 10 workers
[33.904s][info][gc,phases   ] GC(228) Pause Mark Start 0.010ms
[33.924s][info][gc,phases   ] GC(228) Concurrent Mark 19.462ms
[33.924s][info][gc,phases   ] GC(228) Pause Mark End 0.026ms
[33.924s][info][gc,phases   ] GC(228) Concurrent Mark Free 0.001ms
[33.926s][info][gc,phases   ] GC(228) Concurrent Process Non-Strong References 2.318ms
[33.926s][info][gc,phases   ] GC(228) Concurrent Reset Relocation Set 0.019ms
[33.930s][info][gc,phases   ] GC(228) Concurrent Select Relocation Set 3.519ms
[33.930s][info][gc,phases   ] GC(228) Pause Relocate Start 0.008ms
[33.931s][info][gc,phases   ] GC(228) Concurrent Relocate 1.408ms
[33.932s][info][gc,load     ] GC(228) Load: 0.00/0.00/0.00
[33.932s][info][gc,mmu      ] GC(228) MMU: 2ms/95.9%, 5ms/98.4%, 10ms/99.2%, 20ms/99.6%, 50ms/99.8%, 100ms/99.9%
[33.932s][info][gc,marking  ] GC(228) Mark: 8 stripe(s), 2 proactive flush(es), 1 terminate flush(es), 0 completion(s), 0 continuation(s) 
[33.932s][info][gc,marking  ] GC(228) Mark Stack Usage: 32M
[33.932s][info][gc,nmethod  ] GC(228) NMethods: 5026 registered, 4197 unregistered
[33.932s][info][gc,metaspace] GC(228) Metaspace: 72M used, 72M committed, 1088M reserved
[33.932s][info][gc,ref      ] GC(228) Soft: 2427 encountered, 0 discovered, 0 enqueued
[33.932s][info][gc,ref      ] GC(228) Weak: 9937 encountered, 869 discovered, 19 enqueued
[33.932s][info][gc,ref      ] GC(228) Final: 289 encountered, 27 discovered, 0 enqueued
[33.932s][info][gc,ref      ] GC(228) Phantom: 424 encountered, 287 discovered, 0 enqueued
[33.932s][info][gc,reloc    ] GC(228) Small Pages: 227 / 454M, Empty: 242M, Relocated: 3M, In-Place: 0
[33.932s][info][gc,reloc    ] GC(228) Medium Pages: 0 / 0M, Empty: 0M, Relocated: 0M, In-Place: 0
[33.932s][info][gc,reloc    ] GC(228) Large Pages: 0 / 0M, Empty: 0M, Relocated: 0M, In-Place: 0
[33.932s][info][gc,reloc    ] GC(228) Forwarding Usage: 1M
[33.932s][info][gc,heap     ] GC(228) Min Capacity: 8M(1%)
[33.932s][info][gc,heap     ] GC(228) Max Capacity: 1024M(100%)
[33.932s][info][gc,heap     ] GC(228) Soft Max Capacity: 1024M(100%)
[33.932s][info][gc,heap     ] GC(228)                Mark Start          Mark End        Relocate Start      Relocate End           High               Low         
[33.932s][info][gc,heap     ] GC(228)  Capacity:     1024M (100%)       1024M (100%)       1024M (100%)       1024M (100%)       1024M (100%)       1024M (100%)   
[33.932s][info][gc,heap     ] GC(228)      Free:      570M (56%)         504M (49%)         724M (71%)         856M (84%)         856M (84%)         498M (49%)    
[33.932s][info][gc,heap     ] GC(228)      Used:      454M (44%)         520M (51%)         300M (29%)         168M (16%)         526M (51%)         168M (16%)    
[33.932s][info][gc,heap     ] GC(228)      Live:         -                48M (5%)           48M (5%)           48M (5%)             -                  -          
[33.932s][info][gc,heap     ] GC(228) Allocated:         -                66M (6%)           88M (9%)           89M (9%)             -                  -          
[33.932s][info][gc,heap     ] GC(228)   Garbage:         -               405M (40%)         163M (16%)          30M (3%)             -                  -          
[33.932s][info][gc,heap     ] GC(228) Reclaimed:         -                  -               242M (24%)         375M (37%)            -                  -          
[33.932s][info][gc          ] GC(228) Garbage Collection (Allocation Rate) 454M(44%)->168M(16%)
[33.996s][info][gc,start    ] GC(229) Garbage Collection (Allocation Rate)
[33.996s][info][gc,task     ] GC(229) Using 10 workers
[33.996s][info][gc,phases   ] GC(229) Pause Mark Start 0.008ms
[34.023s][info][gc,phases   ] GC(229) Concurrent Mark 26.737ms
[34.023s][info][gc,phases   ] GC(229) Pause Mark End 0.028ms
[34.023s][info][gc,phases   ] GC(229) Concurrent Mark Free 0.001ms
[34.026s][info][gc,phases   ] GC(229) Concurrent Process Non-Strong References 2.402ms
[34.026s][info][gc,phases   ] GC(229) Concurrent Reset Relocation Set 0.016ms
[34.029s][info][gc,phases   ] GC(229) Concurrent Select Relocation Set 3.326ms
[34.030s][info][gc,phases   ] GC(229) Pause Relocate Start 0.008ms
[34.031s][info][gc,phases   ] GC(229) Concurrent Relocate 1.726ms
[34.031s][info][gc,load     ] GC(229) Load: 0.00/0.00/0.00
[34.031s][info][gc,mmu      ] GC(229) MMU: 2ms/95.9%, 5ms/98.4%, 10ms/99.2%, 20ms/99.6%, 50ms/99.8%, 100ms/99.9%
[34.031s][info][gc,marking  ] GC(229) Mark: 8 stripe(s), 3 proactive flush(es), 1 terminate flush(es), 0 completion(s), 0 continuation(s) 
[34.031s][info][gc,marking  ] GC(229) Mark Stack Usage: 32M
[34.031s][info][gc,nmethod  ] GC(229) NMethods: 5035 registered, 4197 unregistered
[34.031s][info][gc,metaspace] GC(229) Metaspace: 72M used, 72M committed, 1088M reserved
[34.031s][info][gc,ref      ] GC(229) Soft: 2427 encountered, 0 discovered, 0 enqueued
[34.031s][info][gc,ref      ] GC(229) Weak: 9894 encountered, 1123 discovered, 7 enqueued
[34.032s][info][gc,ref      ] GC(229) Final: 289 encountered, 9 discovered, 0 enqueued
[34.032s][info][gc,ref      ] GC(229) Phantom: 424 encountered, 281 discovered, 0 enqueued
[34.032s][info][gc,reloc    ] GC(229) Small Pages: 192 / 384M, Empty: 218M, Relocated: 3M, In-Place: 0
[34.032s][info][gc,reloc    ] GC(229) Medium Pages: 0 / 0M, Empty: 0M, Relocated: 0M, In-Place: 0
[34.032s][info][gc,reloc    ] GC(229) Large Pages: 0 / 0M, Empty: 0M, Relocated: 0M, In-Place: 0
[34.032s][info][gc,reloc    ] GC(229) Forwarding Usage: 1M
[34.032s][info][gc,heap     ] GC(229) Min Capacity: 8M(1%)
[34.032s][info][gc,heap     ] GC(229) Max Capacity: 1024M(100%)
[34.032s][info][gc,heap     ] GC(229) Soft Max Capacity: 1024M(100%)
[34.032s][info][gc,heap     ] GC(229)                Mark Start          Mark End        Relocate Start      Relocate End           High               Low         
[34.032s][info][gc,heap     ] GC(229)  Capacity:     1024M (100%)       1024M (100%)       1024M (100%)       1024M (100%)       1024M (100%)       1024M (100%)   
[34.032s][info][gc,heap     ] GC(229)      Free:      640M (63%)         554M (54%)         752M (73%)         838M (82%)         838M (82%)         548M (54%)    
[34.032s][info][gc,heap     ] GC(229)      Used:      384M (38%)         470M (46%)         272M (27%)         186M (18%)         476M (46%)         186M (18%)    
[34.032s][info][gc,heap     ] GC(229)      Live:         -                48M (5%)           48M (5%)           48M (5%)             -                  -          
[34.032s][info][gc,heap     ] GC(229) Allocated:         -                86M (8%)          106M (10%)         107M (11%)            -                  -          
[34.032s][info][gc,heap     ] GC(229)   Garbage:         -               335M (33%)         117M (11%)          29M (3%)             -                  -          
[34.032s][info][gc,heap     ] GC(229) Reclaimed:         -                  -               218M (21%)         305M (30%)            -                  -          
[34.032s][info][gc          ] GC(229) Garbage Collection (Allocation Rate) 384M(38%)->186M(18%)
[34.095s][info][gc,start    ] GC(230) Garbage Collection (Allocation Rate)
[34.095s][info][gc,task     ] GC(230) Using 10 workers
[34.095s][info][gc,phases   ] GC(230) Pause Mark Start 0.010ms
[34.115s][info][gc,phases   ] GC(230) Concurrent Mark 19.568ms
[34.115s][info][gc,phases   ] GC(230) Pause Mark End 0.022ms
[34.115s][info][gc,phases   ] GC(230) Concurrent Mark Free 0.001ms
[34.118s][info][gc,phases   ] GC(230) Concurrent Process Non-Strong References 2.468ms
[34.118s][info][gc,phases   ] GC(230) Concurrent Reset Relocation Set 0.013ms
[34.121s][info][gc,phases   ] GC(230) Concurrent Select Relocation Set 3.123ms
[34.121s][info][gc,phases   ] GC(230) Pause Relocate Start 0.007ms
[34.123s][info][gc,phases   ] GC(230) Concurrent Relocate 1.293ms
[34.123s][info][gc,load     ] GC(230) Load: 0.00/0.00/0.00
[34.123s][info][gc,mmu      ] GC(230) MMU: 2ms/95.9%, 5ms/98.4%, 10ms/99.2%, 20ms/99.6%, 50ms/99.8%, 100ms/99.9%
[34.123s][info][gc,marking  ] GC(230) Mark: 8 stripe(s), 2 proactive flush(es), 1 terminate flush(es), 0 completion(s), 0 continuation(s) 
[34.123s][info][gc,marking  ] GC(230) Mark Stack Usage: 32M
[34.123s][info][gc,nmethod  ] GC(230) NMethods: 5035 registered, 4198 unregistered
[34.123s][info][gc,metaspace] GC(230) Metaspace: 72M used, 72M committed, 1088M reserved
[34.123s][info][gc,ref      ] GC(230) Soft: 2427 encountered, 0 discovered, 0 enqueued
[34.123s][info][gc,ref      ] GC(230) Weak: 9863 encountered, 1603 discovered, 7 enqueued
[34.123s][info][gc,ref      ] GC(230) Final: 289 encountered, 40 discovered, 0 enqueued
[34.123s][info][gc,ref      ] GC(230) Phantom: 424 encountered, 259 discovered, 0 enqueued
[34.123s][info][gc,reloc    ] GC(230) Small Pages: 196 / 392M, Empty: 234M, Relocated: 3M, In-Place: 0
[34.123s][info][gc,reloc    ] GC(230) Medium Pages: 0 / 0M, Empty: 0M, Relocated: 0M, In-Place: 0
[34.123s][info][gc,reloc    ] GC(230) Large Pages: 0 / 0M, Empty: 0M, Relocated: 0M, In-Place: 0
[34.123s][info][gc,reloc    ] GC(230) Forwarding Usage: 1M
[34.123s][info][gc,heap     ] GC(230) Min Capacity: 8M(1%)
[34.123s][info][gc,heap     ] GC(230) Max Capacity: 1024M(100%)
[34.123s][info][gc,heap     ] GC(230) Soft Max Capacity: 1024M(100%)
[34.123s][info][gc,heap     ] GC(230)                Mark Start          Mark End        Relocate Start      Relocate End           High               Low         
[34.123s][info][gc,heap     ] GC(230)  Capacity:     1024M (100%)       1024M (100%)       1024M (100%)       1024M (100%)       1024M (100%)       1024M (100%)   
[34.123s][info][gc,heap     ] GC(230)      Free:      632M (62%)         570M (56%)         788M (77%)         868M (85%)         868M (85%)         566M (55%)    
[34.123s][info][gc,heap     ] GC(230)      Used:      392M (38%)         454M (44%)         236M (23%)         156M (15%)         458M (45%)         156M (15%)    
[34.123s][info][gc,heap     ] GC(230)      Live:         -                48M (5%)           48M (5%)           48M (5%)             -                  -          
[34.123s][info][gc,heap     ] GC(230) Allocated:         -                62M (6%)           78M (8%)           77M (8%)             -                  -          
[34.123s][info][gc,heap     ] GC(230)   Garbage:         -               343M (34%)         109M (11%)          29M (3%)             -                  -          
[34.123s][info][gc,heap     ] GC(230) Reclaimed:         -                  -               234M (23%)         313M (31%)            -                  -          
[34.123s][info][gc          ] GC(230) Garbage Collection (Allocation Rate) 392M(38%)->156M(15%)
[34.196s][info][gc,start    ] GC(231) Garbage Collection (Allocation Rate)
[34.196s][info][gc,task     ] GC(231) Using 10 workers
[34.197s][info][gc,phases   ] GC(231) Pause Mark Start 0.011ms
[34.213s][info][gc,phases   ] GC(231) Concurrent Mark 16.282ms
[34.213s][info][gc,phases   ] GC(231) Pause Mark End 0.025ms
[34.213s][info][gc,phases   ] GC(231) Concurrent Mark Free 0.001ms
[34.215s][info][gc,phases   ] GC(231) Concurrent Process Non-Strong References 2.086ms
[34.215s][info][gc,phases   ] GC(231) Concurrent Reset Relocation Set 0.013ms
[34.221s][info][gc,phases   ] GC(231) Concurrent Select Relocation Set 5.170ms
[34.221s][info][gc,phases   ] GC(231) Pause Relocate Start 0.009ms
[34.225s][info][gc,phases   ] GC(231) Concurrent Relocate 4.572ms
[34.225s][info][gc,load     ] GC(231) Load: 0.00/0.00/0.00
[34.225s][info][gc,mmu      ] GC(231) MMU: 2ms/95.9%, 5ms/98.4%, 10ms/99.2%, 20ms/99.6%, 50ms/99.8%, 100ms/99.9%
[34.225s][info][gc,marking  ] GC(231) Mark: 8 stripe(s), 3 proactive flush(es), 1 terminate flush(es), 0 completion(s), 0 continuation(s) 
[34.225s][info][gc,marking  ] GC(231) Mark Stack Usage: 32M
[34.226s][info][gc,nmethod  ] GC(231) NMethods: 5105 registered, 4198 unregistered
[34.226s][info][gc,metaspace] GC(231) Metaspace: 72M used, 72M committed, 1088M reserved
[34.226s][info][gc,ref      ] GC(231) Soft: 2427 encountered, 0 discovered, 0 enqueued
[34.226s][info][gc,ref      ] GC(231) Weak: 9776 encountered, 1636 discovered, 18 enqueued
[34.226s][info][gc,ref      ] GC(231) Final: 289 encountered, 30 discovered, 0 enqueued
[34.226s][info][gc,ref      ] GC(231) Phantom: 424 encountered, 288 discovered, 0 enqueued
[34.226s][info][gc,reloc    ] GC(231) Small Pages: 192 / 384M, Empty: 198M, Relocated: 6M, In-Place: 0
[34.226s][info][gc,reloc    ] GC(231) Medium Pages: 0 / 0M, Empty: 0M, Relocated: 0M, In-Place: 0
[34.226s][info][gc,reloc    ] GC(231) Large Pages: 0 / 0M, Empty: 0M, Relocated: 0M, In-Place: 0
[34.226s][info][gc,reloc    ] GC(231) Forwarding Usage: 2M
[34.226s][info][gc,heap     ] GC(231) Min Capacity: 8M(1%)
[34.226s][info][gc,heap     ] GC(231) Max Capacity: 1024M(100%)
[34.226s][info][gc,heap     ] GC(231) Soft Max Capacity: 1024M(100%)
[34.226s][info][gc,heap     ] GC(231)                Mark Start          Mark End        Relocate Start      Relocate End           High               Low         
[34.226s][info][gc,heap     ] GC(231)  Capacity:     1024M (100%)       1024M (100%)       1024M (100%)       1024M (100%)       1024M (100%)       1024M (100%)   
[34.226s][info][gc,heap     ] GC(231)      Free:      640M (63%)         600M (59%)         780M (76%)         884M (86%)         884M (86%)         594M (58%)    
[34.226s][info][gc,heap     ] GC(231)      Used:      384M (38%)         424M (41%)         244M (24%)         140M (14%)         430M (42%)         140M (14%)    
[34.226s][info][gc,heap     ] GC(231)      Live:         -                48M (5%)           48M (5%)           48M (5%)             -                  -          
[34.226s][info][gc,heap     ] GC(231) Allocated:         -                40M (4%)           58M (6%)           67M (7%)             -                  -          
[34.226s][info][gc,heap     ] GC(231)   Garbage:         -               335M (33%)         137M (13%)          24M (2%)             -                  -          
[34.226s][info][gc,heap     ] GC(231) Reclaimed:         -                  -               198M (19%)         311M (30%)            -                  -          
[34.226s][info][gc          ] GC(231) Garbage Collection (Allocation Rate) 384M(38%)->140M(14%)
[34.295s][info][gc,start    ] GC(232) Garbage Collection (Allocation Rate)
[34.296s][info][gc,task     ] GC(232) Using 10 workers
[34.296s][info][gc,phases   ] GC(232) Pause Mark Start 0.009ms
[34.313s][info][gc,phases   ] GC(232) Concurrent Mark 17.569ms
[34.313s][info][gc,phases   ] GC(232) Pause Mark End 0.019ms
[34.313s][info][gc,phases   ] GC(232) Concurrent Mark Free 0.001ms
[34.315s][info][gc,phases   ] GC(232) Concurrent Process Non-Strong References 1.866ms
[34.315s][info][gc,phases   ] GC(232) Concurrent Reset Relocation Set 0.011ms
[34.318s][info][gc,phases   ] GC(232) Concurrent Select Relocation Set 2.604ms
[34.318s][info][gc,phases   ] GC(232) Pause Relocate Start 0.008ms
[34.321s][info][gc,phases   ] GC(232) Concurrent Relocate 2.263ms
[34.321s][info][gc,load     ] GC(232) Load: 0.00/0.00/0.00
[34.321s][info][gc,mmu      ] GC(232) MMU: 2ms/95.9%, 5ms/98.4%, 10ms/99.2%, 20ms/99.6%, 50ms/99.8%, 100ms/99.9%
[34.321s][info][gc,marking  ] GC(232) Mark: 8 stripe(s), 3 proactive flush(es), 1 terminate flush(es), 0 completion(s), 0 continuation(s) 
[34.321s][info][gc,marking  ] GC(232) Mark Stack Usage: 32M
[34.321s][info][gc,nmethod  ] GC(232) NMethods: 5110 registered, 4200 unregistered
[34.321s][info][gc,metaspace] GC(232) Metaspace: 72M used, 72M committed, 1088M reserved
[34.321s][info][gc,ref      ] GC(232) Soft: 2427 encountered, 0 discovered, 0 enqueued
[34.321s][info][gc,ref      ] GC(232) Weak: 9614 encountered, 1694 discovered, 37 enqueued
[34.321s][info][gc,ref      ] GC(232) Final: 289 encountered, 45 discovered, 0 enqueued
[34.321s][info][gc,ref      ] GC(232) Phantom: 424 encountered, 343 discovered, 0 enqueued
[34.321s][info][gc,reloc    ] GC(232) Small Pages: 155 / 310M, Empty: 114M, Relocated: 6M, In-Place: 0
[34.321s][info][gc,reloc    ] GC(232) Medium Pages: 0 / 0M, Empty: 0M, Relocated: 0M, In-Place: 0
[34.321s][info][gc,reloc    ] GC(232) Large Pages: 0 / 0M, Empty: 0M, Relocated: 0M, In-Place: 0
[34.321s][info][gc,reloc    ] GC(232) Forwarding Usage: 2M
[34.321s][info][gc,heap     ] GC(232) Min Capacity: 8M(1%)
[34.321s][info][gc,heap     ] GC(232) Max Capacity: 1024M(100%)
[34.321s][info][gc,heap     ] GC(232) Soft Max Capacity: 1024M(100%)
[34.321s][info][gc,heap     ] GC(232)                Mark Start          Mark End        Relocate Start      Relocate End           High               Low         
[34.321s][info][gc,heap     ] GC(232)  Capacity:     1024M (100%)       1024M (100%)       1024M (100%)       1024M (100%)       1024M (100%)       1024M (100%)   
[34.321s][info][gc,heap     ] GC(232)      Free:      714M (70%)         680M (66%)         784M (77%)         906M (88%)         906M (88%)         670M (65%)    
[34.321s][info][gc,heap     ] GC(232)      Used:      310M (30%)         344M (34%)         240M (23%)         118M (12%)         354M (35%)         118M (12%)    
[34.321s][info][gc,heap     ] GC(232)      Live:         -                47M (5%)           47M (5%)           47M (5%)             -                  -          
[34.321s][info][gc,heap     ] GC(232) Allocated:         -                34M (3%)           44M (4%)           45M (4%)             -                  -          
[34.321s][info][gc,heap     ] GC(232)   Garbage:         -               262M (26%)         148M (14%)          24M (2%)             -                  -          
[34.321s][info][gc,heap     ] GC(232) Reclaimed:         -                  -               114M (11%)         237M (23%)            -                  -          
[34.321s][info][gc          ] GC(232) Garbage Collection (Allocation Rate) 310M(30%)->118M(12%)
[34.396s][info][gc,start    ] GC(233) Garbage Collection (Allocation Rate)
[34.396s][info][gc,task     ] GC(233) Using 10 workers
[34.396s][info][gc,phases   ] GC(233) Pause Mark Start 0.009ms
[34.423s][info][gc,phases   ] GC(233) Concurrent Mark 26.874ms
[34.423s][info][gc,phases   ] GC(233) Pause Mark End 0.024ms
[34.423s][info][gc,phases   ] GC(233) Concurrent Mark Free 0.001ms
[34.425s][info][gc,phases   ] GC(233) Concurrent Process Non-Strong References 1.773ms
[34.425s][info][gc,phases   ] GC(233) Concurrent Reset Relocation Set 0.009ms
[34.428s][info][gc,phases   ] GC(233) Concurrent Select Relocation Set 2.703ms
[34.428s][info][gc,phases   ] GC(233) Pause Relocate Start 0.009ms
[34.430s][info][gc,phases   ] GC(233) Concurrent Relocate 2.014ms
[34.430s][info][gc,load     ] GC(233) Load: 0.00/0.00/0.00
[34.430s][info][gc,mmu      ] GC(233) MMU: 2ms/95.9%, 5ms/98.4%, 10ms/99.2%, 20ms/99.6%, 50ms/99.8%, 100ms/99.9%
[34.430s][info][gc,marking  ] GC(233) Mark: 8 stripe(s), 2 proactive flush(es), 1 terminate flush(es), 0 completion(s), 0 continuation(s) 
[34.430s][info][gc,marking  ] GC(233) Mark Stack Usage: 32M
[34.430s][info][gc,nmethod  ] GC(233) NMethods: 5110 registered, 4200 unregistered
[34.430s][info][gc,metaspace] GC(233) Metaspace: 72M used, 72M committed, 1088M reserved
[34.430s][info][gc,ref      ] GC(233) Soft: 2427 encountered, 0 discovered, 0 enqueued
[34.430s][info][gc,ref      ] GC(233) Weak: 9577 encountered, 1080 discovered, 0 enqueued
[34.430s][info][gc,ref      ] GC(233) Final: 289 encountered, 9 discovered, 0 enqueued
[34.430s][info][gc,ref      ] GC(233) Phantom: 424 encountered, 275 discovered, 0 enqueued
[34.430s][info][gc,reloc    ] GC(233) Small Pages: 146 / 292M, Empty: 186M, Relocated: 6M, In-Place: 0
[34.430s][info][gc,reloc    ] GC(233) Medium Pages: 0 / 0M, Empty: 0M, Relocated: 0M, In-Place: 0
[34.430s][info][gc,reloc    ] GC(233) Large Pages: 0 / 0M, Empty: 0M, Relocated: 0M, In-Place: 0
[34.430s][info][gc,reloc    ] GC(233) Forwarding Usage: 1M
[34.430s][info][gc,heap     ] GC(233) Min Capacity: 8M(1%)
[34.430s][info][gc,heap     ] GC(233) Max Capacity: 1024M(100%)
[34.430s][info][gc,heap     ] GC(233) Soft Max Capacity: 1024M(100%)
[34.430s][info][gc,heap     ] GC(233)                Mark Start          Mark End        Relocate Start      Relocate End           High               Low         
[34.430s][info][gc,heap     ] GC(233)  Capacity:     1024M (100%)       1024M (100%)       1024M (100%)       1024M (100%)       1024M (100%)       1024M (100%)   
[34.430s][info][gc,heap     ] GC(233)      Free:      732M (71%)         676M (66%)         852M (83%)         884M (86%)         884M (86%)         674M (66%)    
[34.431s][info][gc,heap     ] GC(233)      Used:      292M (29%)         348M (34%)         172M (17%)         140M (14%)         350M (34%)         140M (14%)    
[34.431s][info][gc,heap     ] GC(233)      Live:         -                47M (5%)           47M (5%)           47M (5%)             -                  -          
[34.431s][info][gc,heap     ] GC(233) Allocated:         -                56M (5%)           66M (6%)           67M (7%)             -                  -          
[34.431s][info][gc,heap     ] GC(233)   Garbage:         -               244M (24%)          58M (6%)           24M (2%)             -                  -          
[34.431s][info][gc,heap     ] GC(233) Reclaimed:         -                  -               186M (18%)         219M (21%)            -                  -          
[34.431s][info][gc          ] GC(233) Garbage Collection (Allocation Rate) 292M(29%)->140M(14%)
[34.495s][info][gc,start    ] GC(234) Garbage Collection (Allocation Rate)
[34.495s][info][gc,task     ] GC(234) Using 10 workers
[34.496s][info][gc,phases   ] GC(234) Pause Mark Start 0.010ms
[34.513s][info][gc,phases   ] GC(234) Concurrent Mark 17.502ms
[34.513s][info][gc,phases   ] GC(234) Pause Mark End 0.022ms
[34.513s][info][gc,phases   ] GC(234) Concurrent Mark Free 0.001ms
[34.515s][info][gc,phases   ] GC(234) Concurrent Process Non-Strong References 1.727ms
[34.515s][info][gc,phases   ] GC(234) Concurrent Reset Relocation Set 0.004ms
[34.518s][info][gc,phases   ] GC(234) Concurrent Select Relocation Set 2.532ms
[34.518s][info][gc,phases   ] GC(234) Pause Relocate Start 0.008ms
[34.522s][info][gc,phases   ] GC(234) Concurrent Relocate 3.955ms
[34.522s][info][gc,load     ] GC(234) Load: 0.00/0.00/0.00
[34.522s][info][gc,mmu      ] GC(234) MMU: 2ms/95.9%, 5ms/98.4%, 10ms/99.2%, 20ms/99.6%, 50ms/99.8%, 100ms/99.9%
[34.522s][info][gc,marking  ] GC(234) Mark: 8 stripe(s), 2 proactive flush(es), 1 terminate flush(es), 0 completion(s), 0 continuation(s) 
[34.522s][info][gc,marking  ] GC(234) Mark Stack Usage: 32M
[34.522s][info][gc,nmethod  ] GC(234) NMethods: 5110 registered, 4200 unregistered
[34.522s][info][gc,metaspace] GC(234) Metaspace: 72M used, 72M committed, 1088M reserved
[34.522s][info][gc,ref      ] GC(234) Soft: 2427 encountered, 0 discovered, 0 enqueued
[34.522s][info][gc,ref      ] GC(234) Weak: 9577 encountered, 1320 discovered, 0 enqueued
[34.522s][info][gc,ref      ] GC(234) Final: 289 encountered, 13 discovered, 0 enqueued
[34.522s][info][gc,ref      ] GC(234) Phantom: 424 encountered, 307 discovered, 0 enqueued
[34.522s][info][gc,reloc    ] GC(234) Small Pages: 144 / 288M, Empty: 164M, Relocated: 5M, In-Place: 0
[34.522s][info][gc,reloc    ] GC(234) Medium Pages: 0 / 0M, Empty: 0M, Relocated: 0M, In-Place: 0
[34.522s][info][gc,reloc    ] GC(234) Large Pages: 0 / 0M, Empty: 0M, Relocated: 0M, In-Place: 0
[34.522s][info][gc,reloc    ] GC(234) Forwarding Usage: 1M
[34.522s][info][gc,heap     ] GC(234) Min Capacity: 8M(1%)
[34.522s][info][gc,heap     ] GC(234) Max Capacity: 1024M(100%)
[34.522s][info][gc,heap     ] GC(234) Soft Max Capacity: 1024M(100%)
[34.522s][info][gc,heap     ] GC(234)                Mark Start          Mark End        Relocate Start      Relocate End           High               Low         
[34.522s][info][gc,heap     ] GC(234)  Capacity:     1024M (100%)       1024M (100%)       1024M (100%)       1024M (100%)       1024M (100%)       1024M (100%)   
[34.522s][info][gc,heap     ] GC(234)      Free:      736M (72%)         700M (68%)         856M (84%)         896M (88%)         902M (88%)         700M (68%)    
[34.522s][info][gc,heap     ] GC(234)      Used:      288M (28%)         324M (32%)         168M (16%)         128M (13%)         324M (32%)         122M (12%)    
[34.522s][info][gc,heap     ] GC(234)      Live:         -                47M (5%)           47M (5%)           47M (5%)             -                  -          
[34.522s][info][gc,heap     ] GC(234) Allocated:         -                36M (4%)           44M (4%)           53M (5%)             -                  -          
[34.522s][info][gc,heap     ] GC(234)   Garbage:         -               240M (23%)          76M (7%)           26M (3%)             -                  -          
[34.522s][info][gc,heap     ] GC(234) Reclaimed:         -                  -               164M (16%)         213M (21%)            -                  -          
[34.522s][info][gc          ] GC(234) Garbage Collection (Allocation Rate) 288M(28%)->128M(13%)
[34.596s][info][gc,start    ] GC(235) Garbage Collection (Allocation Rate)
[34.596s][info][gc,task     ] GC(235) Using 10 workers
[34.596s][info][gc,phases   ] GC(235) Pause Mark Start 0.010ms
[34.623s][info][gc,phases   ] GC(235) Concurrent Mark 26.803ms
[34.623s][info][gc,phases   ] GC(235) Pause Mark End 0.025ms
[34.623s][info][gc,phases   ] GC(235) Concurrent Mark Free 0.001ms
[34.625s][info][gc,phases   ] GC(235) Concurrent Process Non-Strong References 1.673ms
[34.625s][info][gc,phases   ] GC(235) Concurrent Reset Relocation Set 0.006ms
[34.628s][info][gc,phases   ] GC(235) Concurrent Select Relocation Set 2.521ms
[34.628s][info][gc,phases   ] GC(235) Pause Relocate Start 0.007ms
[34.630s][info][gc,phases   ] GC(235) Concurrent Relocate 1.987ms
[34.630s][info][gc,load     ] GC(235) Load: 0.00/0.00/0.00
[34.630s][info][gc,mmu      ] GC(235) MMU: 2ms/95.9%, 5ms/98.4%, 10ms/99.2%, 20ms/99.6%, 50ms/99.8%, 100ms/99.9%
[34.630s][info][gc,marking  ] GC(235) Mark: 8 stripe(s), 4 proactive flush(es), 1 terminate flush(es), 0 completion(s), 0 continuation(s) 
[34.630s][info][gc,marking  ] GC(235) Mark Stack Usage: 32M
[34.630s][info][gc,nmethod  ] GC(235) NMethods: 5110 registered, 4200 unregistered
[34.630s][info][gc,metaspace] GC(235) Metaspace: 72M used, 72M committed, 1088M reserved
[34.630s][info][gc,ref      ] GC(235) Soft: 2427 encountered, 0 discovered, 0 enqueued
[34.630s][info][gc,ref      ] GC(235) Weak: 9528 encountered, 1119 discovered, 13 enqueued
[34.630s][info][gc,ref      ] GC(235) Final: 289 encountered, 7 discovered, 0 enqueued
[34.630s][info][gc,ref      ] GC(235) Phantom: 424 encountered, 290 discovered, 0 enqueued
[34.630s][info][gc,reloc    ] GC(235) Small Pages: 142 / 284M, Empty: 150M, Relocated: 5M, In-Place: 0
[34.630s][info][gc,reloc    ] GC(235) Medium Pages: 0 / 0M, Empty: 0M, Relocated: 0M, In-Place: 0
[34.630s][info][gc,reloc    ] GC(235) Large Pages: 0 / 0M, Empty: 0M, Relocated: 0M, In-Place: 0
[34.630s][info][gc,reloc    ] GC(235) Forwarding Usage: 1M
[34.630s][info][gc,heap     ] GC(235) Min Capacity: 8M(1%)
[34.630s][info][gc,heap     ] GC(235) Max Capacity: 1024M(100%)
[34.630s][info][gc,heap     ] GC(235) Soft Max Capacity: 1024M(100%)
[34.630s][info][gc,heap     ] GC(235)                Mark Start          Mark End        Relocate Start      Relocate End           High               Low         
[34.630s][info][gc,heap     ] GC(235)  Capacity:     1024M (100%)       1024M (100%)       1024M (100%)       1024M (100%)       1024M (100%)       1024M (100%)   
[34.630s][info][gc,heap     ] GC(235)      Free:      740M (72%)         692M (68%)         834M (81%)         894M (87%)         894M (87%)         688M (67%)    
[34.630s][info][gc,heap     ] GC(235)      Used:      284M (28%)         332M (32%)         190M (19%)         130M (13%)         336M (33%)         130M (13%)    
[34.630s][info][gc,heap     ] GC(235)      Live:         -                47M (5%)           47M (5%)           47M (5%)             -                  -          
[34.630s][info][gc,heap     ] GC(235) Allocated:         -                48M (5%)           56M (5%)           55M (5%)             -                  -          
[34.630s][info][gc,heap     ] GC(235)   Garbage:         -               236M (23%)          86M (8%)           26M (3%)             -                  -          
[34.630s][info][gc,heap     ] GC(235) Reclaimed:         -                  -               150M (15%)         209M (21%)            -                  -          
[34.630s][info][gc          ] GC(235) Garbage Collection (Allocation Rate) 284M(28%)->130M(13%)
[34.695s][info][gc,start    ] GC(236) Garbage Collection (Allocation Rate)
[34.695s][info][gc,task     ] GC(236) Using 10 workers
[34.696s][info][gc,phases   ] GC(236) Pause Mark Start 0.010ms
[34.713s][info][gc,phases   ] GC(236) Concurrent Mark 17.513ms
[34.713s][info][gc,phases   ] GC(236) Pause Mark End 0.025ms
[34.713s][info][gc,phases   ] GC(236) Concurrent Mark Free 0.001ms
[34.715s][info][gc,phases   ] GC(236) Concurrent Process Non-Strong References 1.654ms
[34.715s][info][gc,phases   ] GC(236) Concurrent Reset Relocation Set 0.005ms
[34.718s][info][gc,phases   ] GC(236) Concurrent Select Relocation Set 2.434ms
[34.718s][info][gc,phases   ] GC(236) Pause Relocate Start 0.008ms
[34.719s][info][gc,phases   ] GC(236) Concurrent Relocate 1.832ms
[34.720s][info][gc,load     ] GC(236) Load: 0.00/0.00/0.00
[34.720s][info][gc,mmu      ] GC(236) MMU: 2ms/95.9%, 5ms/98.4%, 10ms/99.2%, 20ms/99.6%, 50ms/99.8%, 100ms/99.9%
[34.720s][info][gc,marking  ] GC(236) Mark: 8 stripe(s), 3 proactive flush(es), 1 terminate flush(es), 0 completion(s), 0 continuation(s) 
[34.720s][info][gc,marking  ] GC(236) Mark Stack Usage: 32M
[34.720s][info][gc,nmethod  ] GC(236) NMethods: 5110 registered, 4200 unregistered
[34.720s][info][gc,metaspace] GC(236) Metaspace: 72M used, 72M committed, 1088M reserved
[34.720s][info][gc,ref      ] GC(236) Soft: 2427 encountered, 0 discovered, 0 enqueued
[34.720s][info][gc,ref      ] GC(236) Weak: 9515 encountered, 1414 discovered, 0 enqueued
[34.720s][info][gc,ref      ] GC(236) Final: 289 encountered, 6 discovered, 0 enqueued
[34.720s][info][gc,ref      ] GC(236) Phantom: 424 encountered, 305 discovered, 0 enqueued
[34.720s][info][gc,reloc    ] GC(236) Small Pages: 129 / 258M, Empty: 156M, Relocated: 5M, In-Place: 0
[34.720s][info][gc,reloc    ] GC(236) Medium Pages: 0 / 0M, Empty: 0M, Relocated: 0M, In-Place: 0
[34.720s][info][gc,reloc    ] GC(236) Large Pages: 0 / 0M, Empty: 0M, Relocated: 0M, In-Place: 0
[34.720s][info][gc,reloc    ] GC(236) Forwarding Usage: 1M
[34.720s][info][gc,heap     ] GC(236) Min Capacity: 8M(1%)
[34.720s][info][gc,heap     ] GC(236) Max Capacity: 1024M(100%)
[34.720s][info][gc,heap     ] GC(236) Soft Max Capacity: 1024M(100%)
[34.720s][info][gc,heap     ] GC(236)                Mark Start          Mark End        Relocate Start      Relocate End           High               Low         
[34.720s][info][gc,heap     ] GC(236)  Capacity:     1024M (100%)       1024M (100%)       1024M (100%)       1024M (100%)       1024M (100%)       1024M (100%)   
[34.720s][info][gc,heap     ] GC(236)      Free:      766M (75%)         736M (72%)         884M (86%)         910M (89%)         910M (89%)         730M (71%)    
[34.720s][info][gc,heap     ] GC(236)      Used:      258M (25%)         288M (28%)         140M (14%)         114M (11%)         294M (29%)         114M (11%)    
[34.720s][info][gc,heap     ] GC(236)      Live:         -                47M (5%)           47M (5%)           47M (5%)             -                  -          
[34.720s][info][gc,heap     ] GC(236) Allocated:         -                30M (3%)           38M (4%)           39M (4%)             -                  -          
[34.720s][info][gc,heap     ] GC(236)   Garbage:         -               210M (21%)          54M (5%)           26M (3%)             -                  -          
[34.720s][info][gc,heap     ] GC(236) Reclaimed:         -                  -               156M (15%)         183M (18%)            -                  -          
[34.720s][info][gc          ] GC(236) Garbage Collection (Allocation Rate) 258M(25%)->114M(11%)
[34.803s][info][gc,start    ] GC(237) Garbage Collection (Allocation Rate)
[34.803s][info][gc,task     ] GC(237) Using 10 workers
[34.803s][info][gc,phases   ] GC(237) Pause Mark Start 0.010ms
[34.823s][info][gc,phases   ] GC(237) Concurrent Mark 19.655ms
[34.823s][info][gc,phases   ] GC(237) Pause Mark End 0.023ms
[34.823s][info][gc,phases   ] GC(237) Concurrent Mark Free 0.000ms
[34.825s][info][gc,phases   ] GC(237) Concurrent Process Non-Strong References 1.612ms
[34.825s][info][gc,phases   ] GC(237) Concurrent Reset Relocation Set 0.004ms
[34.827s][info][gc,phases   ] GC(237) Concurrent Select Relocation Set 2.392ms
[34.827s][info][gc,phases   ] GC(237) Pause Relocate Start 0.007ms
[34.829s][info][gc,phases   ] GC(237) Concurrent Relocate 1.946ms
[34.829s][info][gc,load     ] GC(237) Load: 0.00/0.00/0.00
[34.829s][info][gc,mmu      ] GC(237) MMU: 2ms/95.9%, 5ms/98.4%, 10ms/99.2%, 20ms/99.6%, 50ms/99.8%, 100ms/99.9%
[34.829s][info][gc,marking  ] GC(237) Mark: 8 stripe(s), 2 proactive flush(es), 1 terminate flush(es), 0 completion(s), 0 continuation(s) 
[34.830s][info][gc,marking  ] GC(237) Mark Stack Usage: 32M
[34.830s][info][gc,nmethod  ] GC(237) NMethods: 5110 registered, 4201 unregistered
[34.830s][info][gc,metaspace] GC(237) Metaspace: 72M used, 72M committed, 1088M reserved
[34.830s][info][gc,ref      ] GC(237) Soft: 2427 encountered, 0 discovered, 0 enqueued
[34.830s][info][gc,ref      ] GC(237) Weak: 9515 encountered, 1056 discovered, 0 enqueued
[34.830s][info][gc,ref      ] GC(237) Final: 289 encountered, 39 discovered, 0 enqueued
[34.830s][info][gc,ref      ] GC(237) Phantom: 424 encountered, 343 discovered, 0 enqueued
[34.830s][info][gc,reloc    ] GC(237) Small Pages: 138 / 276M, Empty: 142M, Relocated: 5M, In-Place: 0
[34.830s][info][gc,reloc    ] GC(237) Medium Pages: 0 / 0M, Empty: 0M, Relocated: 0M, In-Place: 0
[34.830s][info][gc,reloc    ] GC(237) Large Pages: 0 / 0M, Empty: 0M, Relocated: 0M, In-Place: 0
[34.830s][info][gc,reloc    ] GC(237) Forwarding Usage: 1M
[34.830s][info][gc,heap     ] GC(237) Min Capacity: 8M(1%)
[34.830s][info][gc,heap     ] GC(237) Max Capacity: 1024M(100%)
[34.830s][info][gc,heap     ] GC(237) Soft Max Capacity: 1024M(100%)
[34.830s][info][gc,heap     ] GC(237)                Mark Start          Mark End        Relocate Start      Relocate End           High               Low         
[34.830s][info][gc,heap     ] GC(237)  Capacity:     1024M (100%)       1024M (100%)       1024M (100%)       1024M (100%)       1024M (100%)       1024M (100%)   
[34.830s][info][gc,heap     ] GC(237)      Free:      748M (73%)         712M (70%)         848M (83%)         906M (88%)         906M (88%)         712M (70%)    
[34.830s][info][gc,heap     ] GC(237)      Used:      276M (27%)         312M (30%)         176M (17%)         118M (12%)         312M (30%)         118M (12%)    
[34.830s][info][gc,heap     ] GC(237)      Live:         -                47M (5%)           47M (5%)           47M (5%)             -                  -          
[34.830s][info][gc,heap     ] GC(237) Allocated:         -                36M (4%)           42M (4%)           43M (4%)             -                  -          
[34.830s][info][gc,heap     ] GC(237)   Garbage:         -               228M (22%)          86M (8%)           26M (3%)             -                  -          
[34.830s][info][gc,heap     ] GC(237) Reclaimed:         -                  -               142M (14%)         201M (20%)            -                  -          
[34.830s][info][gc          ] GC(237) Garbage Collection (Allocation Rate) 276M(27%)->118M(12%)
[34.895s][info][gc,start    ] GC(238) Garbage Collection (Allocation Rate)
[34.895s][info][gc,task     ] GC(238) Using 10 workers
[34.895s][info][gc,phases   ] GC(238) Pause Mark Start 0.010ms
[34.913s][info][gc,phases   ] GC(238) Concurrent Mark 17.499ms
[34.913s][info][gc,phases   ] GC(238) Pause Mark End 0.024ms
[34.913s][info][gc,phases   ] GC(238) Concurrent Mark Free 0.001ms
[34.915s][info][gc,phases   ] GC(238) Concurrent Process Non-Strong References 1.675ms
[34.915s][info][gc,phases   ] GC(238) Concurrent Reset Relocation Set 0.004ms
[34.917s][info][gc,phases   ] GC(238) Concurrent Select Relocation Set 2.456ms
[34.917s][info][gc,phases   ] GC(238) Pause Relocate Start 0.008ms
[34.919s][info][gc,phases   ] GC(238) Concurrent Relocate 1.775ms
[34.919s][info][gc,load     ] GC(238) Load: 0.00/0.00/0.00
[34.919s][info][gc,mmu      ] GC(238) MMU: 2ms/95.9%, 5ms/98.4%, 10ms/99.2%, 20ms/99.6%, 50ms/99.8%, 100ms/99.9%
[34.919s][info][gc,marking  ] GC(238) Mark: 8 stripe(s), 2 proactive flush(es), 1 terminate flush(es), 0 completion(s), 0 continuation(s) 
[34.919s][info][gc,marking  ] GC(238) Mark Stack Usage: 32M
[34.919s][info][gc,nmethod  ] GC(238) NMethods: 5110 registered, 4201 unregistered
[34.919s][info][gc,metaspace] GC(238) Metaspace: 72M used, 72M committed, 1088M reserved
[34.919s][info][gc,ref      ] GC(238) Soft: 2427 encountered, 0 discovered, 0 enqueued
[34.919s][info][gc,ref      ] GC(238) Weak: 9515 encountered, 1764 discovered, 0 enqueued
[34.919s][info][gc,ref      ] GC(238) Final: 289 encountered, 26 discovered, 0 enqueued
[34.919s][info][gc,ref      ] GC(238) Phantom: 424 encountered, 386 discovered, 0 enqueued
[34.919s][info][gc,reloc    ] GC(238) Small Pages: 124 / 248M, Empty: 144M, Relocated: 5M, In-Place: 0
[34.919s][info][gc,reloc    ] GC(238) Medium Pages: 0 / 0M, Empty: 0M, Relocated: 0M, In-Place: 0
[34.919s][info][gc,reloc    ] GC(238) Large Pages: 0 / 0M, Empty: 0M, Relocated: 0M, In-Place: 0
[34.919s][info][gc,reloc    ] GC(238) Forwarding Usage: 1M
[34.919s][info][gc,heap     ] GC(238) Min Capacity: 8M(1%)
[34.920s][info][gc,heap     ] GC(238) Max Capacity: 1024M(100%)
[34.920s][info][gc,heap     ] GC(238) Soft Max Capacity: 1024M(100%)
[34.920s][info][gc,heap     ] GC(238)                Mark Start          Mark End        Relocate Start      Relocate End           High               Low         
[34.920s][info][gc,heap     ] GC(238)  Capacity:     1024M (100%)       1024M (100%)       1024M (100%)       1024M (100%)       1024M (100%)       1024M (100%)   
[34.920s][info][gc,heap     ] GC(238)      Free:      776M (76%)         746M (73%)         882M (86%)         910M (89%)         910M (89%)         740M (72%)    
[34.920s][info][gc,heap     ] GC(238)      Used:      248M (24%)         278M (27%)         142M (14%)         114M (11%)         284M (28%)         114M (11%)    
[34.920s][info][gc,heap     ] GC(238)      Live:         -                47M (5%)           47M (5%)           47M (5%)             -                  -          
[34.920s][info][gc,heap     ] GC(238) Allocated:         -                30M (3%)           38M (4%)           39M (4%)             -                  -          
[34.920s][info][gc,heap     ] GC(238)   Garbage:         -               200M (20%)          56M (6%)           26M (3%)             -                  -          
[34.920s][info][gc,heap     ] GC(238) Reclaimed:         -                  -               144M (14%)         173M (17%)            -                  -          
[34.920s][info][gc          ] GC(238) Garbage Collection (Allocation Rate) 248M(24%)->114M(11%)
[35.003s][info][gc,start    ] GC(239) Garbage Collection (Allocation Rate)
[35.003s][info][gc,task     ] GC(239) Using 10 workers
[35.003s][info][gc,phases   ] GC(239) Pause Mark Start 0.010ms
[35.023s][info][gc,phases   ] GC(239) Concurrent Mark 19.462ms
[35.023s][info][gc,phases   ] GC(239) Pause Mark End 0.020ms
[35.023s][info][gc,phases   ] GC(239) Concurrent Mark Free 0.001ms
[35.025s][info][gc,phases   ] GC(239) Concurrent Process Non-Strong References 1.626ms
[35.025s][info][gc,phases   ] GC(239) Concurrent Reset Relocation Set 0.002ms
[35.029s][info][gc,phases   ] GC(239) Concurrent Select Relocation Set 3.607ms
[35.029s][info][gc,phases   ] GC(239) Pause Relocate Start 0.007ms
[35.031s][info][gc,phases   ] GC(239) Concurrent Relocate 1.867ms
[35.031s][info][gc,load     ] GC(239) Load: 0.00/0.00/0.00
[35.031s][info][gc,mmu      ] GC(239) MMU: 2ms/95.9%, 5ms/98.4%, 10ms/99.2%, 20ms/99.6%, 50ms/99.8%, 100ms/99.9%
[35.031s][info][gc,marking  ] GC(239) Mark: 8 stripe(s), 3 proactive flush(es), 1 terminate flush(es), 0 completion(s), 0 continuation(s) 
[35.031s][info][gc,marking  ] GC(239) Mark Stack Usage: 32M
[35.031s][info][gc,nmethod  ] GC(239) NMethods: 5110 registered, 4201 unregistered
[35.031s][info][gc,metaspace] GC(239) Metaspace: 72M used, 72M committed, 1088M reserved
[35.031s][info][gc,ref      ] GC(239) Soft: 2427 encountered, 0 discovered, 0 enqueued
[35.031s][info][gc,ref      ] GC(239) Weak: 9515 encountered, 931 discovered, 0 enqueued
[35.031s][info][gc,ref      ] GC(239) Final: 289 encountered, 13 discovered, 0 enqueued
[35.031s][info][gc,ref      ] GC(239) Phantom: 424 encountered, 275 discovered, 0 enqueued
[35.031s][info][gc,reloc    ] GC(239) Small Pages: 139 / 278M, Empty: 176M, Relocated: 5M, In-Place: 0
[35.031s][info][gc,reloc    ] GC(239) Medium Pages: 0 / 0M, Empty: 0M, Relocated: 0M, In-Place: 0
[35.031s][info][gc,reloc    ] GC(239) Large Pages: 0 / 0M, Empty: 0M, Relocated: 0M, In-Place: 0
[35.031s][info][gc,reloc    ] GC(239) Forwarding Usage: 1M
[35.031s][info][gc,heap     ] GC(239) Min Capacity: 8M(1%)
[35.031s][info][gc,heap     ] GC(239) Max Capacity: 1024M(100%)
[35.031s][info][gc,heap     ] GC(239) Soft Max Capacity: 1024M(100%)
[35.031s][info][gc,heap     ] GC(239)                Mark Start          Mark End        Relocate Start      Relocate End           High               Low         
[35.031s][info][gc,heap     ] GC(239)  Capacity:     1024M (100%)       1024M (100%)       1024M (100%)       1024M (100%)       1024M (100%)       1024M (100%)   
[35.031s][info][gc,heap     ] GC(239)      Free:      746M (73%)         710M (69%)         878M (86%)         904M (88%)         904M (88%)         710M (69%)    
[35.031s][info][gc,heap     ] GC(239)      Used:      278M (27%)         314M (31%)         146M (14%)         120M (12%)         314M (31%)         120M (12%)    
[35.031s][info][gc,heap     ] GC(239)      Live:         -                47M (5%)           47M (5%)           47M (5%)             -                  -          
[35.031s][info][gc,heap     ] GC(239) Allocated:         -                36M (4%)           44M (4%)           45M (4%)             -                  -          
[35.031s][info][gc,heap     ] GC(239)   Garbage:         -               230M (23%)          54M (5%)           26M (3%)             -                  -          
[35.031s][info][gc,heap     ] GC(239) Reclaimed:         -                  -               176M (17%)         203M (20%)            -                  -          
[35.031s][info][gc          ] GC(239) Garbage Collection (Allocation Rate) 278M(27%)->120M(12%)
[35.095s][info][gc,start    ] GC(240) Garbage Collection (Allocation Rate)
[35.126s][info][gc,task     ] GC(240) Using 10 workers
[35.126s][info][gc,phases   ] GC(240) Pause Mark Start 0.010ms
[35.153s][info][gc,phases   ] GC(240) Concurrent Mark 27.247ms
[35.153s][info][gc,phases   ] GC(240) Pause Mark End 0.023ms
[35.153s][info][gc,phases   ] GC(240) Concurrent Mark Free 0.001ms
[35.155s][info][gc,phases   ] GC(240) Concurrent Process Non-Strong References 1.708ms
[35.155s][info][gc,phases   ] GC(240) Concurrent Reset Relocation Set 0.003ms
[35.157s][info][gc,phases   ] GC(240) Concurrent Select Relocation Set 2.426ms
[35.158s][info][gc,phases   ] GC(240) Pause Relocate Start 0.007ms
[35.160s][info][gc,phases   ] GC(240) Concurrent Relocate 2.040ms
[35.160s][info][gc,load     ] GC(240) Load: 0.00/0.00/0.00
[35.160s][info][gc,mmu      ] GC(240) MMU: 2ms/95.9%, 5ms/98.4%, 10ms/99.2%, 20ms/99.6%, 50ms/99.8%, 100ms/99.9%
[35.160s][info][gc,marking  ] GC(240) Mark: 8 stripe(s), 3 proactive flush(es), 1 terminate flush(es), 0 completion(s), 0 continuation(s) 
[35.160s][info][gc,marking  ] GC(240) Mark Stack Usage: 32M
[35.160s][info][gc,nmethod  ] GC(240) NMethods: 5110 registered, 4201 unregistered
[35.160s][info][gc,metaspace] GC(240) Metaspace: 72M used, 72M committed, 1088M reserved
[35.160s][info][gc,ref      ] GC(240) Soft: 2427 encountered, 0 discovered, 0 enqueued
[35.160s][info][gc,ref      ] GC(240) Weak: 9515 encountered, 1645 discovered, 0 enqueued
[35.160s][info][gc,ref      ] GC(240) Final: 289 encountered, 25 discovered, 0 enqueued
[35.160s][info][gc,ref      ] GC(240) Phantom: 424 encountered, 351 discovered, 0 enqueued
[35.160s][info][gc,reloc    ] GC(240) Small Pages: 151 / 302M, Empty: 186M, Relocated: 5M, In-Place: 0
[35.160s][info][gc,reloc    ] GC(240) Medium Pages: 0 / 0M, Empty: 0M, Relocated: 0M, In-Place: 0
[35.160s][info][gc,reloc    ] GC(240) Large Pages: 0 / 0M, Empty: 0M, Relocated: 0M, In-Place: 0
[35.160s][info][gc,reloc    ] GC(240) Forwarding Usage: 1M
[35.160s][info][gc,heap     ] GC(240) Min Capacity: 8M(1%)
[35.160s][info][gc,heap     ] GC(240) Max Capacity: 1024M(100%)
[35.160s][info][gc,heap     ] GC(240) Soft Max Capacity: 1024M(100%)
[35.160s][info][gc,heap     ] GC(240)                Mark Start          Mark End        Relocate Start      Relocate End           High               Low         
[35.160s][info][gc,heap     ] GC(240)  Capacity:     1024M (100%)       1024M (100%)       1024M (100%)       1024M (100%)       1024M (100%)       1024M (100%)   
[35.160s][info][gc,heap     ] GC(240)      Free:      722M (71%)         672M (66%)         852M (83%)         892M (87%)         892M (87%)         670M (65%)    
[35.160s][info][gc,heap     ] GC(240)      Used:      302M (29%)         352M (34%)         172M (17%)         132M (13%)         354M (35%)         132M (13%)    
[35.160s][info][gc,heap     ] GC(240)      Live:         -                47M (5%)           47M (5%)           47M (5%)             -                  -          
[35.160s][info][gc,heap     ] GC(240) Allocated:         -                50M (5%)           56M (5%)           57M (6%)             -                  -          
[35.160s][info][gc,heap     ] GC(240)   Garbage:         -               254M (25%)          68M (7%)           26M (3%)             -                  -          
[35.160s][info][gc,heap     ] GC(240) Reclaimed:         -                  -               186M (18%)         227M (22%)            -                  -          
[35.160s][info][gc          ] GC(240) Garbage Collection (Allocation Rate) 302M(29%)->132M(13%)
[35.203s][info][gc,start    ] GC(241) Garbage Collection (Allocation Rate)
[35.203s][info][gc,task     ] GC(241) Using 10 workers
[35.203s][info][gc,phases   ] GC(241) Pause Mark Start 0.010ms
[35.233s][info][gc,phases   ] GC(241) Concurrent Mark 30.065ms
[35.234s][info][gc,phases   ] GC(241) Pause Mark End 0.025ms
[35.234s][info][gc,phases   ] GC(241) Concurrent Mark Free 0.001ms
[35.235s][info][gc,phases   ] GC(241) Concurrent Process Non-Strong References 1.737ms
[35.235s][info][gc,phases   ] GC(241) Concurrent Reset Relocation Set 0.005ms
[35.239s][info][gc,phases   ] GC(241) Concurrent Select Relocation Set 3.694ms
[35.239s][info][gc,phases   ] GC(241) Pause Relocate Start 0.009ms
[35.241s][info][gc,phases   ] GC(241) Concurrent Relocate 1.961ms
[35.241s][info][gc,load     ] GC(241) Load: 0.00/0.00/0.00
[35.241s][info][gc,mmu      ] GC(241) MMU: 2ms/95.9%, 5ms/98.4%, 10ms/99.2%, 20ms/99.6%, 50ms/99.8%, 100ms/99.9%
[35.241s][info][gc,marking  ] GC(241) Mark: 8 stripe(s), 3 proactive flush(es), 1 terminate flush(es), 0 completion(s), 0 continuation(s) 
[35.241s][info][gc,marking  ] GC(241) Mark Stack Usage: 32M
[35.241s][info][gc,nmethod  ] GC(241) NMethods: 5110 registered, 4201 unregistered
[35.241s][info][gc,metaspace] GC(241) Metaspace: 72M used, 72M committed, 1088M reserved
[35.241s][info][gc,ref      ] GC(241) Soft: 2427 encountered, 0 discovered, 0 enqueued
[35.241s][info][gc,ref      ] GC(241) Weak: 9515 encountered, 1567 discovered, 0 enqueued
[35.241s][info][gc,ref      ] GC(241) Final: 289 encountered, 19 discovered, 0 enqueued
[35.242s][info][gc,ref      ] GC(241) Phantom: 424 encountered, 256 discovered, 0 enqueued
[35.242s][info][gc,reloc    ] GC(241) Small Pages: 109 / 218M, Empty: 114M, Relocated: 5M, In-Place: 0
[35.242s][info][gc,reloc    ] GC(241) Medium Pages: 0 / 0M, Empty: 0M, Relocated: 0M, In-Place: 0
[35.242s][info][gc,reloc    ] GC(241) Large Pages: 0 / 0M, Empty: 0M, Relocated: 0M, In-Place: 0
[35.242s][info][gc,reloc    ] GC(241) Forwarding Usage: 1M
[35.242s][info][gc,heap     ] GC(241) Min Capacity: 8M(1%)
[35.242s][info][gc,heap     ] GC(241) Max Capacity: 1024M(100%)
[35.242s][info][gc,heap     ] GC(241) Soft Max Capacity: 1024M(100%)
[35.242s][info][gc,heap     ] GC(241)                Mark Start          Mark End        Relocate Start      Relocate End           High               Low         
[35.242s][info][gc,heap     ] GC(241)  Capacity:     1024M (100%)       1024M (100%)       1024M (100%)       1024M (100%)       1024M (100%)       1024M (100%)   
[35.242s][info][gc,heap     ] GC(241)      Free:      806M (79%)         750M (73%)         856M (84%)         884M (86%)         884M (86%)         744M (73%)    
[35.242s][info][gc,heap     ] GC(241)      Used:      218M (21%)         274M (27%)         168M (16%)         140M (14%)         280M (27%)         140M (14%)    
[35.242s][info][gc,heap     ] GC(241)      Live:         -                47M (5%)           47M (5%)           47M (5%)             -                  -          
[35.242s][info][gc,heap     ] GC(241) Allocated:         -                56M (5%)           64M (6%)           65M (6%)             -                  -          
[35.242s][info][gc,heap     ] GC(241)   Garbage:         -               170M (17%)          56M (6%)           26M (3%)             -                  -          
[35.242s][info][gc,heap     ] GC(241) Reclaimed:         -                  -               114M (11%)         143M (14%)            -                  -          
[35.242s][info][gc          ] GC(241) Garbage Collection (Allocation Rate) 218M(21%)->140M(14%)
[35.295s][info][gc,start    ] GC(242) Garbage Collection (Allocation Rate)
[35.295s][info][gc,task     ] GC(242) Using 10 workers
[35.295s][info][gc,phases   ] GC(242) Pause Mark Start 0.011ms
[35.313s][info][gc,phases   ] GC(242) Concurrent Mark 17.586ms
[35.313s][info][gc,phases   ] GC(242) Pause Mark End 0.022ms
[35.313s][info][gc,phases   ] GC(242) Concurrent Mark Free 0.000ms
[35.315s][info][gc,phases   ] GC(242) Concurrent Process Non-Strong References 1.647ms
[35.315s][info][gc,phases   ] GC(242) Concurrent Reset Relocation Set 0.004ms
[35.317s][info][gc,phases   ] GC(242) Concurrent Select Relocation Set 2.479ms
[35.318s][info][gc,phases   ] GC(242) Pause Relocate Start 0.008ms
[35.320s][info][gc,phases   ] GC(242) Concurrent Relocate 1.897ms
[35.320s][info][gc,load     ] GC(242) Load: 0.00/0.00/0.00
[35.320s][info][gc,mmu      ] GC(242) MMU: 2ms/95.9%, 5ms/98.4%, 10ms/99.2%, 20ms/99.6%, 50ms/99.8%, 100ms/99.9%
[35.320s][info][gc,marking  ] GC(242) Mark: 8 stripe(s), 3 proactive flush(es), 1 terminate flush(es), 0 completion(s), 0 continuation(s) 
[35.320s][info][gc,marking  ] GC(242) Mark Stack Usage: 32M
[35.320s][info][gc,nmethod  ] GC(242) NMethods: 5110 registered, 4201 unregistered
[35.320s][info][gc,metaspace] GC(242) Metaspace: 72M used, 72M committed, 1088M reserved
[35.320s][info][gc,ref      ] GC(242) Soft: 2427 encountered, 0 discovered, 0 enqueued
[35.320s][info][gc,ref      ] GC(242) Weak: 9515 encountered, 1100 discovered, 0 enqueued
[35.320s][info][gc,ref      ] GC(242) Final: 289 encountered, 23 discovered, 0 enqueued
[35.320s][info][gc,ref      ] GC(242) Phantom: 424 encountered, 249 discovered, 0 enqueued
[35.320s][info][gc,reloc    ] GC(242) Small Pages: 123 / 246M, Empty: 138M, Relocated: 5M, In-Place: 0
[35.320s][info][gc,reloc    ] GC(242) Medium Pages: 0 / 0M, Empty: 0M, Relocated: 0M, In-Place: 0
[35.320s][info][gc,reloc    ] GC(242) Large Pages: 0 / 0M, Empty: 0M, Relocated: 0M, In-Place: 0
[35.320s][info][gc,reloc    ] GC(242) Forwarding Usage: 1M
[35.320s][info][gc,heap     ] GC(242) Min Capacity: 8M(1%)
[35.320s][info][gc,heap     ] GC(242) Max Capacity: 1024M(100%)
[35.320s][info][gc,heap     ] GC(242) Soft Max Capacity: 1024M(100%)
[35.320s][info][gc,heap     ] GC(242)                Mark Start          Mark End        Relocate Start      Relocate End           High               Low         
[35.320s][info][gc,heap     ] GC(242)  Capacity:     1024M (100%)       1024M (100%)       1024M (100%)       1024M (100%)       1024M (100%)       1024M (100%)   
[35.320s][info][gc,heap     ] GC(242)      Free:      778M (76%)         748M (73%)         880M (86%)         910M (89%)         910M (89%)         744M (73%)    
[35.320s][info][gc,heap     ] GC(242)      Used:      246M (24%)         276M (27%)         144M (14%)         114M (11%)         280M (27%)         114M (11%)    
[35.320s][info][gc,heap     ] GC(242)      Live:         -                47M (5%)           47M (5%)           47M (5%)             -                  -          
[35.320s][info][gc,heap     ] GC(242) Allocated:         -                30M (3%)           36M (4%)           39M (4%)             -                  -          
[35.320s][info][gc,heap     ] GC(242)   Garbage:         -               198M (19%)          60M (6%)           26M (3%)             -                  -          
[35.320s][info][gc,heap     ] GC(242) Reclaimed:         -                  -               138M (13%)         171M (17%)            -                  -          
[35.320s][info][gc          ] GC(242) Garbage Collection (Allocation Rate) 246M(24%)->114M(11%)
[35.403s][info][gc,start    ] GC(243) Garbage Collection (Allocation Rate)
[35.403s][info][gc,task     ] GC(243) Using 10 workers
[35.403s][info][gc,phases   ] GC(243) Pause Mark Start 0.009ms
[35.418s][info][gc,phases   ] GC(243) Concurrent Mark 14.465ms
[35.418s][info][gc,phases   ] GC(243) Pause Mark End 0.019ms
[35.418s][info][gc,phases   ] GC(243) Concurrent Mark Free 0.000ms
[35.420s][info][gc,phases   ] GC(243) Concurrent Process Non-Strong References 1.709ms
[35.420s][info][gc,phases   ] GC(243) Concurrent Reset Relocation Set 0.004ms
[35.422s][info][gc,phases   ] GC(243) Concurrent Select Relocation Set 2.366ms
[35.422s][info][gc,phases   ] GC(243) Pause Relocate Start 0.007ms
[35.424s][info][gc,phases   ] GC(243) Concurrent Relocate 2.120ms
[35.424s][info][gc,load     ] GC(243) Load: 0.00/0.00/0.00
[35.424s][info][gc,mmu      ] GC(243) MMU: 2ms/95.9%, 5ms/98.4%, 10ms/99.2%, 20ms/99.6%, 50ms/99.8%, 100ms/99.9%
[35.424s][info][gc,marking  ] GC(243) Mark: 8 stripe(s), 2 proactive flush(es), 1 terminate flush(es), 0 completion(s), 0 continuation(s) 
[35.424s][info][gc,marking  ] GC(243) Mark Stack Usage: 32M
[35.424s][info][gc,nmethod  ] GC(243) NMethods: 5110 registered, 4202 unregistered
[35.424s][info][gc,metaspace] GC(243) Metaspace: 72M used, 72M committed, 1088M reserved
[35.424s][info][gc,ref      ] GC(243) Soft: 2427 encountered, 0 discovered, 0 enqueued
[35.425s][info][gc,ref      ] GC(243) Weak: 9515 encountered, 806 discovered, 0 enqueued
[35.425s][info][gc,ref      ] GC(243) Final: 289 encountered, 35 discovered, 0 enqueued
[35.425s][info][gc,ref      ] GC(243) Phantom: 424 encountered, 339 discovered, 0 enqueued
[35.425s][info][gc,reloc    ] GC(243) Small Pages: 138 / 276M, Empty: 172M, Relocated: 5M, In-Place: 0
[35.425s][info][gc,reloc    ] GC(243) Medium Pages: 0 / 0M, Empty: 0M, Relocated: 0M, In-Place: 0
[35.425s][info][gc,reloc    ] GC(243) Large Pages: 0 / 0M, Empty: 0M, Relocated: 0M, In-Place: 0
[35.425s][info][gc,reloc    ] GC(243) Forwarding Usage: 1M
[35.425s][info][gc,heap     ] GC(243) Min Capacity: 8M(1%)
[35.425s][info][gc,heap     ] GC(243) Max Capacity: 1024M(100%)
[35.425s][info][gc,heap     ] GC(243) Soft Max Capacity: 1024M(100%)
[35.425s][info][gc,heap     ] GC(243)                Mark Start          Mark End        Relocate Start      Relocate End           High               Low         
[35.425s][info][gc,heap     ] GC(243)  Capacity:     1024M (100%)       1024M (100%)       1024M (100%)       1024M (100%)       1024M (100%)       1024M (100%)   
[35.425s][info][gc,heap     ] GC(243)      Free:      748M (73%)         722M (71%)         886M (87%)         914M (89%)         914M (89%)         720M (70%)    
[35.425s][info][gc,heap     ] GC(243)      Used:      276M (27%)         302M (29%)         138M (13%)         110M (11%)         304M (30%)         110M (11%)    
[35.425s][info][gc,heap     ] GC(243)      Live:         -                47M (5%)           47M (5%)           47M (5%)             -                  -          
[35.425s][info][gc,heap     ] GC(243) Allocated:         -                26M (3%)           34M (3%)           35M (4%)             -                  -          
[35.425s][info][gc,heap     ] GC(243)   Garbage:         -               228M (22%)          56M (6%)           26M (3%)             -                  -          
[35.425s][info][gc,heap     ] GC(243) Reclaimed:         -                  -               172M (17%)         201M (20%)            -                  -          
[35.425s][info][gc          ] GC(243) Garbage Collection (Allocation Rate) 276M(27%)->110M(11%)
[35.595s][info][gc,start    ] GC(244) Garbage Collection (Allocation Rate)
[35.595s][info][gc,task     ] GC(244) Using 10 workers
[35.595s][info][gc,phases   ] GC(244) Pause Mark Start 0.011ms
[35.613s][info][gc,phases   ] GC(244) Concurrent Mark 17.499ms
[35.613s][info][gc,phases   ] GC(244) Pause Mark End 0.019ms
[35.613s][info][gc,phases   ] GC(244) Concurrent Mark Free 0.001ms
[35.615s][info][gc,phases   ] GC(244) Concurrent Process Non-Strong References 1.604ms
[35.615s][info][gc,phases   ] GC(244) Concurrent Reset Relocation Set 0.003ms
[35.619s][info][gc,phases   ] GC(244) Concurrent Select Relocation Set 3.755ms
[35.619s][info][gc,phases   ] GC(244) Pause Relocate Start 0.008ms
[35.621s][info][gc,phases   ] GC(244) Concurrent Relocate 1.832ms
[35.621s][info][gc,load     ] GC(244) Load: 0.00/0.00/0.00
[35.621s][info][gc,mmu      ] GC(244) MMU: 2ms/95.9%, 5ms/98.4%, 10ms/99.2%, 20ms/99.6%, 50ms/99.8%, 100ms/99.9%
[35.621s][info][gc,marking  ] GC(244) Mark: 8 stripe(s), 2 proactive flush(es), 1 terminate flush(es), 0 completion(s), 0 continuation(s) 
[35.621s][info][gc,marking  ] GC(244) Mark Stack Usage: 32M
[35.621s][info][gc,nmethod  ] GC(244) NMethods: 5110 registered, 4202 unregistered
[35.621s][info][gc,metaspace] GC(244) Metaspace: 72M used, 72M committed, 1088M reserved
[35.621s][info][gc,ref      ] GC(244) Soft: 2427 encountered, 0 discovered, 0 enqueued
[35.621s][info][gc,ref      ] GC(244) Weak: 9515 encountered, 1240 discovered, 0 enqueued
[35.621s][info][gc,ref      ] GC(244) Final: 289 encountered, 14 discovered, 0 enqueued
[35.621s][info][gc,ref      ] GC(244) Phantom: 424 encountered, 357 discovered, 0 enqueued
[35.621s][info][gc,reloc    ] GC(244) Small Pages: 220 / 440M, Empty: 314M, Relocated: 5M, In-Place: 0
[35.621s][info][gc,reloc    ] GC(244) Medium Pages: 0 / 0M, Empty: 0M, Relocated: 0M, In-Place: 0
[35.621s][info][gc,reloc    ] GC(244) Large Pages: 0 / 0M, Empty: 0M, Relocated: 0M, In-Place: 0
[35.621s][info][gc,reloc    ] GC(244) Forwarding Usage: 1M
[35.621s][info][gc,heap     ] GC(244) Min Capacity: 8M(1%)
[35.621s][info][gc,heap     ] GC(244) Max Capacity: 1024M(100%)
[35.621s][info][gc,heap     ] GC(244) Soft Max Capacity: 1024M(100%)
[35.621s][info][gc,heap     ] GC(244)                Mark Start          Mark End        Relocate Start      Relocate End           High               Low         
[35.621s][info][gc,heap     ] GC(244)  Capacity:     1024M (100%)       1024M (100%)       1024M (100%)       1024M (100%)       1024M (100%)       1024M (100%)   
[35.621s][info][gc,heap     ] GC(244)      Free:      584M (57%)         554M (54%)         858M (84%)         906M (88%)         906M (88%)         548M (54%)    
[35.621s][info][gc,heap     ] GC(244)      Used:      440M (43%)         470M (46%)         166M (16%)         118M (12%)         476M (46%)         118M (12%)    
[35.621s][info][gc,heap     ] GC(244)      Live:         -                47M (5%)           47M (5%)           47M (5%)             -                  -          
[35.621s][info][gc,heap     ] GC(244) Allocated:         -                30M (3%)           40M (4%)           43M (4%)             -                  -          
[35.621s][info][gc,heap     ] GC(244)   Garbage:         -               392M (38%)          78M (8%)           26M (3%)             -                  -          
[35.621s][info][gc,heap     ] GC(244) Reclaimed:         -                  -               314M (31%)         365M (36%)            -                  -          
[35.621s][info][gc          ] GC(244) Garbage Collection (Allocation Rate) 440M(43%)->118M(12%)
[35.803s][info][gc,start    ] GC(245) Garbage Collection (Allocation Rate)
[35.803s][info][gc,task     ] GC(245) Using 3 workers
[35.803s][info][gc,phases   ] GC(245) Pause Mark Start 0.010ms
[35.837s][info][gc,phases   ] GC(245) Concurrent Mark 33.126ms
[35.837s][info][gc,phases   ] GC(245) Pause Mark End 0.017ms
[35.837s][info][gc,phases   ] GC(245) Concurrent Mark Free 0.001ms
[35.841s][info][gc,phases   ] GC(245) Concurrent Process Non-Strong References 3.780ms
[35.841s][info][gc,phases   ] GC(245) Concurrent Reset Relocation Set 0.005ms
[35.844s][info][gc,phases   ] GC(245) Concurrent Select Relocation Set 3.612ms
[35.844s][info][gc,phases   ] GC(245) Pause Relocate Start 0.007ms
[35.847s][info][gc,phases   ] GC(245) Concurrent Relocate 2.472ms
[35.847s][info][gc,load     ] GC(245) Load: 0.00/0.00/0.00
[35.847s][info][gc,mmu      ] GC(245) MMU: 2ms/95.9%, 5ms/98.4%, 10ms/99.2%, 20ms/99.6%, 50ms/99.8%, 100ms/99.9%
[35.847s][info][gc,marking  ] GC(245) Mark: 2 stripe(s), 2 proactive flush(es), 1 terminate flush(es), 0 completion(s), 0 continuation(s) 
[35.847s][info][gc,marking  ] GC(245) Mark Stack Usage: 32M
[35.847s][info][gc,nmethod  ] GC(245) NMethods: 5112 registered, 4202 unregistered
[35.847s][info][gc,metaspace] GC(245) Metaspace: 72M used, 72M committed, 1088M reserved
[35.847s][info][gc,ref      ] GC(245) Soft: 2427 encountered, 0 discovered, 0 enqueued
[35.847s][info][gc,ref      ] GC(245) Weak: 9513 encountered, 1825 discovered, 0 enqueued
[35.847s][info][gc,ref      ] GC(245) Final: 289 encountered, 71 discovered, 0 enqueued
[35.847s][info][gc,ref      ] GC(245) Phantom: 424 encountered, 352 discovered, 0 enqueued
[35.847s][info][gc,reloc    ] GC(245) Small Pages: 236 / 472M, Empty: 356M, Relocated: 5M, In-Place: 0
[35.847s][info][gc,reloc    ] GC(245) Medium Pages: 0 / 0M, Empty: 0M, Relocated: 0M, In-Place: 0
[35.847s][info][gc,reloc    ] GC(245) Large Pages: 0 / 0M, Empty: 0M, Relocated: 0M, In-Place: 0
[35.847s][info][gc,reloc    ] GC(245) Forwarding Usage: 1M
[35.847s][info][gc,heap     ] GC(245) Min Capacity: 8M(1%)
[35.847s][info][gc,heap     ] GC(245) Max Capacity: 1024M(100%)
[35.847s][info][gc,heap     ] GC(245) Soft Max Capacity: 1024M(100%)
[35.847s][info][gc,heap     ] GC(245)                Mark Start          Mark End        Relocate Start      Relocate End           High               Low         
[35.847s][info][gc,heap     ] GC(245)  Capacity:     1024M (100%)       1024M (100%)       1024M (100%)       1024M (100%)       1024M (100%)       1024M (100%)   
[35.847s][info][gc,heap     ] GC(245)      Free:      552M (54%)         494M (48%)         840M (82%)         892M (87%)         892M (87%)         488M (48%)    
[35.847s][info][gc,heap     ] GC(245)      Used:      472M (46%)         530M (52%)         184M (18%)         132M (13%)         536M (52%)         132M (13%)    
[35.847s][info][gc,heap     ] GC(245)      Live:         -                47M (5%)           47M (5%)           47M (5%)             -                  -          
[35.847s][info][gc,heap     ] GC(245) Allocated:         -                58M (6%)           68M (7%)           69M (7%)             -                  -          
[35.847s][info][gc,heap     ] GC(245)   Garbage:         -               424M (41%)          68M (7%)           14M (1%)             -                  -          
[35.847s][info][gc,heap     ] GC(245) Reclaimed:         -                  -               356M (35%)         409M (40%)            -                  -          
[35.847s][info][gc          ] GC(245) Garbage Collection (Allocation Rate) 472M(46%)->132M(13%)
[35.866s][info][gc,start    ] GC(246) Garbage Collection (System.gc())
[35.866s][info][gc,task     ] GC(246) Using 10 workers
[35.866s][info][gc,phases   ] GC(246) Pause Mark Start 0.011ms
[35.896s][info][gc,phases   ] GC(246) Concurrent Mark 30.273ms
[35.897s][info][gc,phases   ] GC(246) Pause Mark End 0.017ms
[35.897s][info][gc,phases   ] GC(246) Concurrent Mark Free 0.001ms
[35.902s][info][gc,phases   ] GC(246) Concurrent Process Non-Strong References 5.619ms
[35.902s][info][gc,phases   ] GC(246) Concurrent Reset Relocation Set 0.006ms
[35.905s][info][gc,phases   ] GC(246) Concurrent Select Relocation Set 2.877ms
[35.905s][info][gc,phases   ] GC(246) Pause Relocate Start 0.008ms
[35.908s][info][gc,phases   ] GC(246) Concurrent Relocate 2.119ms
[35.908s][info][gc,load     ] GC(246) Load: 0.00/0.00/0.00
[35.908s][info][gc,mmu      ] GC(246) MMU: 2ms/95.9%, 5ms/98.4%, 10ms/99.2%, 20ms/99.6%, 50ms/99.8%, 100ms/99.9%
[35.908s][info][gc,marking  ] GC(246) Mark: 8 stripe(s), 2 proactive flush(es), 1 terminate flush(es), 0 completion(s), 0 continuation(s) 
[35.908s][info][gc,marking  ] GC(246) Mark Stack Usage: 32M
[35.908s][info][gc,nmethod  ] GC(246) NMethods: 4531 registered, 4867 unregistered
[35.908s][info][gc,metaspace] GC(246) Metaspace: 72M used, 72M committed, 1088M reserved
[35.908s][info][gc,ref      ] GC(246) Soft: 2432 encountered, 0 discovered, 0 enqueued
[35.908s][info][gc,ref      ] GC(246) Weak: 9496 encountered, 1477 discovered, 49 enqueued
[35.908s][info][gc,ref      ] GC(246) Final: 289 encountered, 25 discovered, 0 enqueued
[35.908s][info][gc,ref      ] GC(246) Phantom: 424 encountered, 315 discovered, 0 enqueued
[35.908s][info][gc,reloc    ] GC(246) Small Pages: 78 / 156M, Empty: 20M, Relocated: 4M, In-Place: 0
[35.908s][info][gc,reloc    ] GC(246) Medium Pages: 0 / 0M, Empty: 0M, Relocated: 0M, In-Place: 0
[35.908s][info][gc,reloc    ] GC(246) Large Pages: 0 / 0M, Empty: 0M, Relocated: 0M, In-Place: 0
[35.908s][info][gc,reloc    ] GC(246) Forwarding Usage: 1M
[35.908s][info][gc,heap     ] GC(246) Min Capacity: 8M(1%)
[35.908s][info][gc,heap     ] GC(246) Max Capacity: 1024M(100%)
[35.908s][info][gc,heap     ] GC(246) Soft Max Capacity: 1024M(100%)
[35.908s][info][gc,heap     ] GC(246)                Mark Start          Mark End        Relocate Start      Relocate End           High               Low         
[35.908s][info][gc,heap     ] GC(246)  Capacity:     1024M (100%)       1024M (100%)       1024M (100%)       1024M (100%)       1024M (100%)       1024M (100%)   
[35.908s][info][gc,heap     ] GC(246)      Free:      868M (85%)         852M (83%)         872M (85%)         934M (91%)         934M (91%)         852M (83%)    
[35.908s][info][gc,heap     ] GC(246)      Used:      156M (15%)         172M (17%)         152M (15%)          90M (9%)          172M (17%)          90M (9%)     
[35.908s][info][gc,heap     ] GC(246)      Live:         -                47M (5%)           47M (5%)           47M (5%)             -                  -          
[35.908s][info][gc,heap     ] GC(246) Allocated:         -                16M (2%)           16M (2%)           16M (2%)             -                  -          
[35.908s][info][gc,heap     ] GC(246)   Garbage:         -               108M (11%)          88M (9%)           26M (3%)             -                  -          
[35.908s][info][gc,heap     ] GC(246) Reclaimed:         -                  -                20M (2%)           82M (8%)             -                  -          
[35.908s][info][gc          ] GC(246) Garbage Collection (System.gc()) 156M(15%)->90M(9%)
[36.096s][info][gc,start    ] GC(247) Garbage Collection (Allocation Rate)
[36.096s][info][gc,task     ] GC(247) Using 10 workers
[36.096s][info][gc,phases   ] GC(247) Pause Mark Start 0.011ms
[36.119s][info][gc,phases   ] GC(247) Concurrent Mark 22.606ms
[36.119s][info][gc,phases   ] GC(247) Pause Mark End 0.024ms
[36.120s][info][gc,phases   ] GC(247) Concurrent Mark Free 0.001ms
[36.123s][info][gc,phases   ] GC(247) Concurrent Process Non-Strong References 3.046ms
[36.123s][info][gc,phases   ] GC(247) Concurrent Reset Relocation Set 0.008ms
[36.123s][info][gc          ] Allocation Stall (finagle/netty4-2-38) 0.036ms
[36.123s][info][gc          ] Allocation Stall (Common-Cleaner) 0.032ms
[36.123s][info][gc          ] Allocation Stall (finagle-http-worker-23) 0.530ms
[36.131s][info][gc,phases   ] GC(247) Concurrent Select Relocation Set 7.907ms
[36.131s][info][gc,phases   ] GC(247) Pause Relocate Start 0.008ms
[36.136s][info][gc,phases   ] GC(247) Concurrent Relocate 4.099ms
[36.136s][info][gc,load     ] GC(247) Load: 0.00/0.00/0.00
[36.136s][info][gc,mmu      ] GC(247) MMU: 2ms/95.9%, 5ms/98.4%, 10ms/99.2%, 20ms/99.6%, 50ms/99.8%, 100ms/99.9%
[36.136s][info][gc,marking  ] GC(247) Mark: 8 stripe(s), 3 proactive flush(es), 1 terminate flush(es), 0 completion(s), 0 continuation(s) 
[36.136s][info][gc,marking  ] GC(247) Mark Stack Usage: 32M
[36.136s][info][gc,nmethod  ] GC(247) NMethods: 4667 registered, 32 unregistered
[36.136s][info][gc,metaspace] GC(247) Metaspace: 72M used, 72M committed, 1088M reserved
[36.136s][info][gc,ref      ] GC(247) Soft: 2442 encountered, 0 discovered, 0 enqueued
[36.136s][info][gc,ref      ] GC(247) Weak: 10959 encountered, 1204 discovered, 3 enqueued
[36.136s][info][gc,ref      ] GC(247) Final: 289 encountered, 15 discovered, 0 enqueued
[36.136s][info][gc,ref      ] GC(247) Phantom: 446 encountered, 337 discovered, 22 enqueued
[36.136s][info][gc,reloc    ] GC(247) Small Pages: 449 / 898M, Empty: 370M, Relocated: 6M, In-Place: 0
[36.136s][info][gc,reloc    ] GC(247) Medium Pages: 0 / 0M, Empty: 0M, Relocated: 0M, In-Place: 0
[36.136s][info][gc,reloc    ] GC(247) Large Pages: 0 / 0M, Empty: 0M, Relocated: 0M, In-Place: 0
[36.136s][info][gc,reloc    ] GC(247) Forwarding Usage: 3M
[36.136s][info][gc,heap     ] GC(247) Min Capacity: 8M(1%)
[36.136s][info][gc,heap     ] GC(247) Max Capacity: 1024M(100%)
[36.136s][info][gc,heap     ] GC(247) Soft Max Capacity: 1024M(100%)
[36.136s][info][gc,heap     ] GC(247)                Mark Start          Mark End        Relocate Start      Relocate End           High               Low         
[36.136s][info][gc,heap     ] GC(247)  Capacity:     1024M (100%)       1024M (100%)       1024M (100%)       1024M (100%)       1024M (100%)       1024M (100%)   
[36.136s][info][gc,heap     ] GC(247)      Free:      126M (12%)          12M (1%)          332M (32%)         770M (75%)         774M (76%)           0M (0%)     
[36.136s][info][gc,heap     ] GC(247)      Used:      898M (88%)        1012M (99%)         692M (68%)         254M (25%)        1024M (100%)        250M (24%)    
[36.136s][info][gc,heap     ] GC(247)      Live:         -                51M (5%)           51M (5%)           51M (5%)             -                  -          
[36.136s][info][gc,heap     ] GC(247) Allocated:         -               114M (11%)         164M (16%)         175M (17%)            -                  -          
[36.136s][info][gc,heap     ] GC(247)   Garbage:         -               846M (83%)         476M (46%)          26M (3%)             -                  -          
[36.136s][info][gc,heap     ] GC(247) Reclaimed:         -                  -               370M (36%)         819M (80%)            -                  -          
[36.136s][info][gc          ] GC(247) Garbage Collection (Allocation Rate) 898M(88%)->254M(25%)
[36.196s][info][gc,start    ] GC(248) Garbage Collection (Allocation Stall)
[36.196s][info][gc,ref      ] GC(248) Clearing All SoftReferences
[36.196s][info][gc,task     ] GC(248) Using 10 workers
[36.196s][info][gc,ref      ] GC(248) Clearing All SoftReferences
[36.196s][info][gc,phases   ] GC(248) Pause Mark Start 0.049ms
[36.221s][info][gc,phases   ] GC(248) Concurrent Mark 24.450ms
[36.221s][info][gc,phases   ] GC(248) Pause Mark End 0.032ms
[36.222s][info][gc,phases   ] GC(248) Concurrent Mark Free 0.001ms
[36.247s][info][gc,phases   ] GC(248) Concurrent Process Non-Strong References 24.286ms
[36.247s][info][gc,phases   ] GC(248) Concurrent Reset Relocation Set 0.081ms
[36.254s][info][gc,phases   ] GC(248) Concurrent Select Relocation Set 6.482ms
[36.254s][info][gc,phases   ] GC(248) Pause Relocate Start 0.009ms
[36.258s][info][gc,phases   ] GC(248) Concurrent Relocate 3.706ms
[36.258s][info][gc,load     ] GC(248) Load: 0.00/0.00/0.00
[36.258s][info][gc,mmu      ] GC(248) MMU: 2ms/95.9%, 5ms/98.4%, 10ms/99.2%, 20ms/99.6%, 50ms/99.8%, 100ms/99.9%
[36.258s][info][gc,marking  ] GC(248) Mark: 8 stripe(s), 3 proactive flush(es), 1 terminate flush(es), 0 completion(s), 0 continuation(s) 
[36.258s][info][gc,marking  ] GC(248) Mark Stack Usage: 32M
[36.258s][info][gc,nmethod  ] GC(248) NMethods: 4667 registered, 32 unregistered
[36.258s][info][gc,metaspace] GC(248) Metaspace: 72M used, 72M committed, 1088M reserved
[36.258s][info][gc,ref      ] GC(248) Soft: 2439 encountered, 658 discovered, 50 enqueued
[36.258s][info][gc,ref      ] GC(248) Weak: 10956 encountered, 925 discovered, 4 enqueued
[36.258s][info][gc,ref      ] GC(248) Final: 289 encountered, 0 discovered, 0 enqueued
[36.258s][info][gc,ref      ] GC(248) Phantom: 424 encountered, 292 discovered, 0 enqueued
[36.258s][info][gc,reloc    ] GC(248) Small Pages: 278 / 556M, Empty: 238M, Relocated: 6M, In-Place: 0
[36.258s][info][gc,reloc    ] GC(248) Medium Pages: 0 / 0M, Empty: 0M, Relocated: 0M, In-Place: 0
[36.258s][info][gc,reloc    ] GC(248) Large Pages: 0 / 0M, Empty: 0M, Relocated: 0M, In-Place: 0
[36.258s][info][gc,reloc    ] GC(248) Forwarding Usage: 2M
[36.258s][info][gc,heap     ] GC(248) Min Capacity: 8M(1%)
[36.258s][info][gc,heap     ] GC(248) Max Capacity: 1024M(100%)
[36.258s][info][gc,heap     ] GC(248) Soft Max Capacity: 1024M(100%)
[36.258s][info][gc,heap     ] GC(248)                Mark Start          Mark End        Relocate Start      Relocate End           High               Low         
[36.258s][info][gc,heap     ] GC(248)  Capacity:     1024M (100%)       1024M (100%)       1024M (100%)       1024M (100%)       1024M (100%)       1024M (100%)   
[36.258s][info][gc,heap     ] GC(248)      Free:      468M (46%)         348M (34%)         434M (42%)         666M (65%)         668M (65%)         228M (22%)    
[36.258s][info][gc,heap     ] GC(248)      Used:      556M (54%)         676M (66%)         590M (58%)         358M (35%)         796M (78%)         356M (35%)    
[36.258s][info][gc,heap     ] GC(248)      Live:         -                51M (5%)           51M (5%)           51M (5%)             -                  -          
[36.258s][info][gc,heap     ] GC(248) Allocated:         -               120M (12%)         272M (27%)         279M (27%)            -                  -          
[36.258s][info][gc,heap     ] GC(248)   Garbage:         -               504M (49%)         266M (26%)          26M (3%)             -                  -          
[36.258s][info][gc,heap     ] GC(248) Reclaimed:         -                  -               238M (23%)         477M (47%)            -                  -          
[36.258s][info][gc          ] GC(248) Garbage Collection (Allocation Stall) 556M(54%)->358M(35%)
[36.296s][info][gc,start    ] GC(249) Garbage Collection (Allocation Rate)
[36.296s][info][gc,task     ] GC(249) Using 10 workers
[36.296s][info][gc,phases   ] GC(249) Pause Mark Start 0.014ms
[36.322s][info][gc,phases   ] GC(249) Concurrent Mark 25.158ms
[36.322s][info][gc,phases   ] GC(249) Pause Mark End 0.025ms
[36.323s][info][gc,phases   ] GC(249) Concurrent Mark Free 0.001ms
[36.325s][info][gc,phases   ] GC(249) Concurrent Process Non-Strong References 2.320ms
[36.325s][info][gc,phases   ] GC(249) Concurrent Reset Relocation Set 0.038ms
[36.332s][info][gc,phases   ] GC(249) Concurrent Select Relocation Set 6.484ms
[36.332s][info][gc,phases   ] GC(249) Pause Relocate Start 0.010ms
[36.335s][info][gc,phases   ] GC(249) Concurrent Relocate 2.813ms
[36.335s][info][gc,load     ] GC(249) Load: 0.00/0.00/0.00
[36.335s][info][gc,mmu      ] GC(249) MMU: 2ms/95.9%, 5ms/98.4%, 10ms/99.2%, 20ms/99.6%, 50ms/99.8%, 100ms/99.9%
[36.335s][info][gc,marking  ] GC(249) Mark: 8 stripe(s), 3 proactive flush(es), 1 terminate flush(es), 0 completion(s), 0 continuation(s) 
[36.335s][info][gc,marking  ] GC(249) Mark Stack Usage: 32M
[36.335s][info][gc,nmethod  ] GC(249) NMethods: 4668 registered, 32 unregistered
[36.335s][info][gc,metaspace] GC(249) Metaspace: 72M used, 72M committed, 1088M reserved
[36.335s][info][gc,ref      ] GC(249) Soft: 2389 encountered, 0 discovered, 0 enqueued
[36.335s][info][gc,ref      ] GC(249) Weak: 10952 encountered, 1408 discovered, 0 enqueued
[36.335s][info][gc,ref      ] GC(249) Final: 289 encountered, 32 discovered, 0 enqueued
[36.335s][info][gc,ref      ] GC(249) Phantom: 424 encountered, 345 discovered, 0 enqueued
[36.335s][info][gc,reloc    ] GC(249) Small Pages: 275 / 550M, Empty: 236M, Relocated: 5M, In-Place: 0
[36.335s][info][gc,reloc    ] GC(249) Medium Pages: 0 / 0M, Empty: 0M, Relocated: 0M, In-Place: 0
[36.335s][info][gc,reloc    ] GC(249) Large Pages: 0 / 0M, Empty: 0M, Relocated: 0M, In-Place: 0
[36.335s][info][gc,reloc    ] GC(249) Forwarding Usage: 2M
[36.335s][info][gc,heap     ] GC(249) Min Capacity: 8M(1%)
[36.335s][info][gc,heap     ] GC(249) Max Capacity: 1024M(100%)
[36.335s][info][gc,heap     ] GC(249) Soft Max Capacity: 1024M(100%)
[36.335s][info][gc,heap     ] GC(249)                Mark Start          Mark End        Relocate Start      Relocate End           High               Low         
[36.335s][info][gc,heap     ] GC(249)  Capacity:     1024M (100%)       1024M (100%)       1024M (100%)       1024M (100%)       1024M (100%)       1024M (100%)   
[36.335s][info][gc,heap     ] GC(249)      Free:      474M (46%)         352M (34%)         546M (53%)         776M (76%)         776M (76%)         342M (33%)    
[36.335s][info][gc,heap     ] GC(249)      Used:      550M (54%)         672M (66%)         478M (47%)         248M (24%)         682M (67%)         248M (24%)    
[36.335s][info][gc,heap     ] GC(249)      Live:         -                51M (5%)           51M (5%)           51M (5%)             -                  -          
[36.335s][info][gc,heap     ] GC(249) Allocated:         -               122M (12%)         164M (16%)         167M (16%)            -                  -          
[36.336s][info][gc,heap     ] GC(249)   Garbage:         -               498M (49%)         262M (26%)          28M (3%)             -                  -          
[36.336s][info][gc,heap     ] GC(249) Reclaimed:         -                  -               236M (23%)         469M (46%)            -                  -          
[36.336s][info][gc          ] GC(249) Garbage Collection (Allocation Rate) 550M(54%)->248M(24%)
[36.396s][info][gc,start    ] GC(250) Garbage Collection (Allocation Rate)
[36.396s][info][gc,task     ] GC(250) Using 10 workers
[36.396s][info][gc,phases   ] GC(250) Pause Mark Start 0.010ms
[36.422s][info][gc,phases   ] GC(250) Concurrent Mark 25.227ms
[36.422s][info][gc,phases   ] GC(250) Pause Mark End 0.025ms
[36.422s][info][gc,phases   ] GC(250) Concurrent Mark Free 0.001ms
[36.425s][info][gc,phases   ] GC(250) Concurrent Process Non-Strong References 2.260ms
[36.425s][info][gc,phases   ] GC(250) Concurrent Reset Relocation Set 0.036ms
[36.434s][info][gc,phases   ] GC(250) Concurrent Select Relocation Set 8.901ms
[36.434s][info][gc,phases   ] GC(250) Pause Relocate Start 0.012ms
[36.439s][info][gc,phases   ] GC(250) Concurrent Relocate 5.115ms
[36.439s][info][gc,load     ] GC(250) Load: 0.00/0.00/0.00
[36.439s][info][gc,mmu      ] GC(250) MMU: 2ms/95.9%, 5ms/98.4%, 10ms/99.2%, 20ms/99.6%, 50ms/99.8%, 100ms/99.9%
[36.439s][info][gc,marking  ] GC(250) Mark: 8 stripe(s), 4 proactive flush(es), 1 terminate flush(es), 0 completion(s), 0 continuation(s) 
[36.439s][info][gc,marking  ] GC(250) Mark Stack Usage: 32M
[36.439s][info][gc,nmethod  ] GC(250) NMethods: 4667 registered, 33 unregistered
[36.439s][info][gc,metaspace] GC(250) Metaspace: 72M used, 72M committed, 1088M reserved
[36.439s][info][gc,ref      ] GC(250) Soft: 2389 encountered, 0 discovered, 0 enqueued
[36.439s][info][gc,ref      ] GC(250) Weak: 10952 encountered, 1514 discovered, 0 enqueued
[36.439s][info][gc,ref      ] GC(250) Final: 289 encountered, 30 discovered, 0 enqueued
[36.439s][info][gc,ref      ] GC(250) Phantom: 424 encountered, 319 discovered, 0 enqueued
[36.439s][info][gc,reloc    ] GC(250) Small Pages: 276 / 552M, Empty: 232M, Relocated: 6M, In-Place: 0
[36.439s][info][gc,reloc    ] GC(250) Medium Pages: 0 / 0M, Empty: 0M, Relocated: 0M, In-Place: 0
[36.440s][info][gc,reloc    ] GC(250) Large Pages: 0 / 0M, Empty: 0M, Relocated: 0M, In-Place: 0
[36.440s][info][gc,reloc    ] GC(250) Forwarding Usage: 3M
[36.440s][info][gc,heap     ] GC(250) Min Capacity: 8M(1%)
[36.440s][info][gc,heap     ] GC(250) Max Capacity: 1024M(100%)
[36.440s][info][gc,heap     ] GC(250) Soft Max Capacity: 1024M(100%)
[36.440s][info][gc,heap     ] GC(250)                Mark Start          Mark End        Relocate Start      Relocate End           High               Low         
[36.440s][info][gc,heap     ] GC(250)  Capacity:     1024M (100%)       1024M (100%)       1024M (100%)       1024M (100%)       1024M (100%)       1024M (100%)   
[36.440s][info][gc,heap     ] GC(250)      Free:      472M (46%)         350M (34%)         528M (52%)         756M (74%)         766M (75%)         340M (33%)    
[36.440s][info][gc,heap     ] GC(250)      Used:      552M (54%)         674M (66%)         496M (48%)         268M (26%)         684M (67%)         258M (25%)    
[36.440s][info][gc,heap     ] GC(250)      Live:         -                51M (5%)           51M (5%)           51M (5%)             -                  -          
[36.440s][info][gc,heap     ] GC(250) Allocated:         -               122M (12%)         176M (17%)         189M (19%)            -                  -          
[36.440s][info][gc,heap     ] GC(250)   Garbage:         -               500M (49%)         268M (26%)          26M (3%)             -                  -          
[36.440s][info][gc,heap     ] GC(250) Reclaimed:         -                  -               232M (23%)         473M (46%)            -                  -          
[36.440s][info][gc          ] GC(250) Garbage Collection (Allocation Rate) 552M(54%)->268M(26%)
[36.496s][info][gc,start    ] GC(251) Garbage Collection (Allocation Rate)
[36.501s][info][gc,task     ] GC(251) Using 10 workers
[36.502s][info][gc,phases   ] GC(251) Pause Mark Start 0.010ms
[36.525s][info][gc,phases   ] GC(251) Concurrent Mark 22.532ms
[36.525s][info][gc,phases   ] GC(251) Pause Mark End 0.035ms
[36.525s][info][gc,phases   ] GC(251) Concurrent Mark Free 0.002ms
[36.528s][info][gc,phases   ] GC(251) Concurrent Process Non-Strong References 2.554ms
[36.528s][info][gc,phases   ] GC(251) Concurrent Reset Relocation Set 0.034ms
[36.533s][info][gc,phases   ] GC(251) Concurrent Select Relocation Set 5.009ms
[36.533s][info][gc,phases   ] GC(251) Pause Relocate Start 0.011ms
[36.537s][info][gc,phases   ] GC(251) Concurrent Relocate 3.282ms
[36.537s][info][gc,load     ] GC(251) Load: 0.00/0.00/0.00
[36.537s][info][gc,mmu      ] GC(251) MMU: 2ms/95.9%, 5ms/98.4%, 10ms/99.2%, 20ms/99.6%, 50ms/99.8%, 100ms/99.9%
[36.537s][info][gc,marking  ] GC(251) Mark: 8 stripe(s), 3 proactive flush(es), 1 terminate flush(es), 0 completion(s), 0 continuation(s) 
[36.537s][info][gc,marking  ] GC(251) Mark Stack Usage: 32M
[36.537s][info][gc,nmethod  ] GC(251) NMethods: 4667 registered, 33 unregistered
[36.537s][info][gc,metaspace] GC(251) Metaspace: 72M used, 72M committed, 1088M reserved
[36.537s][info][gc,ref      ] GC(251) Soft: 2389 encountered, 0 discovered, 0 enqueued
[36.537s][info][gc,ref      ] GC(251) Weak: 10952 encountered, 919 discovered, 0 enqueued
[36.537s][info][gc,ref      ] GC(251) Final: 289 encountered, 8 discovered, 0 enqueued
[36.537s][info][gc,ref      ] GC(251) Phantom: 424 encountered, 252 discovered, 0 enqueued
[36.537s][info][gc,reloc    ] GC(251) Small Pages: 288 / 576M, Empty: 232M, Relocated: 5M, In-Place: 0
[36.537s][info][gc,reloc    ] GC(251) Medium Pages: 0 / 0M, Empty: 0M, Relocated: 0M, In-Place: 0
[36.537s][info][gc,reloc    ] GC(251) Large Pages: 0 / 0M, Empty: 0M, Relocated: 0M, In-Place: 0
[36.537s][info][gc,reloc    ] GC(251) Forwarding Usage: 2M
[36.537s][info][gc,heap     ] GC(251) Min Capacity: 8M(1%)
[36.537s][info][gc,heap     ] GC(251) Max Capacity: 1024M(100%)
[36.537s][info][gc,heap     ] GC(251) Soft Max Capacity: 1024M(100%)
[36.537s][info][gc,heap     ] GC(251)                Mark Start          Mark End        Relocate Start      Relocate End           High               Low         
[36.537s][info][gc,heap     ] GC(251)  Capacity:     1024M (100%)       1024M (100%)       1024M (100%)       1024M (100%)       1024M (100%)       1024M (100%)   
[36.537s][info][gc,heap     ] GC(251)      Free:      448M (44%)         338M (33%)         536M (52%)         792M (77%)         794M (78%)         328M (32%)    
[36.537s][info][gc,heap     ] GC(251)      Used:      576M (56%)         686M (67%)         488M (48%)         232M (23%)         696M (68%)         230M (22%)    
[36.537s][info][gc,heap     ] GC(251)      Live:         -                51M (5%)           51M (5%)           51M (5%)             -                  -          
[36.537s][info][gc,heap     ] GC(251) Allocated:         -               110M (11%)         144M (14%)         151M (15%)            -                  -          
[36.537s][info][gc,heap     ] GC(251)   Garbage:         -               524M (51%)         292M (29%)          28M (3%)             -                  -          
[36.537s][info][gc,heap     ] GC(251) Reclaimed:         -                  -               232M (23%)         495M (48%)            -                  -          
[36.537s][info][gc          ] GC(251) Garbage Collection (Allocation Rate) 576M(56%)->232M(23%)
[36.596s][info][gc,start    ] GC(252) Garbage Collection (Allocation Rate)
[36.596s][info][gc,task     ] GC(252) Using 10 workers
[36.597s][info][gc,phases   ] GC(252) Pause Mark Start 0.010ms
[36.619s][info][gc,phases   ] GC(252) Concurrent Mark 21.878ms
[36.619s][info][gc,phases   ] GC(252) Pause Mark End 0.027ms
[36.619s][info][gc,phases   ] GC(252) Concurrent Mark Free 0.002ms
[36.622s][info][gc,phases   ] GC(252) Concurrent Process Non-Strong References 2.511ms
[36.622s][info][gc,phases   ] GC(252) Concurrent Reset Relocation Set 0.041ms
[36.627s][info][gc,phases   ] GC(252) Concurrent Select Relocation Set 4.776ms
[36.627s][info][gc,phases   ] GC(252) Pause Relocate Start 0.009ms
[36.631s][info][gc,phases   ] GC(252) Concurrent Relocate 3.388ms
[36.631s][info][gc,load     ] GC(252) Load: 0.00/0.00/0.00
[36.631s][info][gc,mmu      ] GC(252) MMU: 2ms/95.9%, 5ms/98.4%, 10ms/99.2%, 20ms/99.6%, 50ms/99.8%, 100ms/99.9%
[36.631s][info][gc,marking  ] GC(252) Mark: 8 stripe(s), 3 proactive flush(es), 1 terminate flush(es), 0 completion(s), 0 continuation(s) 
[36.631s][info][gc,marking  ] GC(252) Mark Stack Usage: 32M
[36.631s][info][gc,nmethod  ] GC(252) NMethods: 4668 registered, 33 unregistered
[36.631s][info][gc,metaspace] GC(252) Metaspace: 72M used, 72M committed, 1088M reserved
[36.631s][info][gc,ref      ] GC(252) Soft: 2389 encountered, 0 discovered, 0 enqueued
[36.631s][info][gc,ref      ] GC(252) Weak: 10952 encountered, 2059 discovered, 0 enqueued
[36.631s][info][gc,ref      ] GC(252) Final: 289 encountered, 13 discovered, 0 enqueued
[36.631s][info][gc,ref      ] GC(252) Phantom: 424 encountered, 296 discovered, 0 enqueued
[36.631s][info][gc,reloc    ] GC(252) Small Pages: 263 / 526M, Empty: 200M, Relocated: 5M, In-Place: 0
[36.631s][info][gc,reloc    ] GC(252) Medium Pages: 0 / 0M, Empty: 0M, Relocated: 0M, In-Place: 0
[36.631s][info][gc,reloc    ] GC(252) Large Pages: 0 / 0M, Empty: 0M, Relocated: 0M, In-Place: 0
[36.631s][info][gc,reloc    ] GC(252) Forwarding Usage: 2M
[36.631s][info][gc,heap     ] GC(252) Min Capacity: 8M(1%)
[36.631s][info][gc,heap     ] GC(252) Max Capacity: 1024M(100%)
[36.631s][info][gc,heap     ] GC(252) Soft Max Capacity: 1024M(100%)
[36.631s][info][gc,heap     ] GC(252)                Mark Start          Mark End        Relocate Start      Relocate End           High               Low         
[36.631s][info][gc,heap     ] GC(252)  Capacity:     1024M (100%)       1024M (100%)       1024M (100%)       1024M (100%)       1024M (100%)       1024M (100%)   
[36.631s][info][gc,heap     ] GC(252)      Free:      498M (49%)         390M (38%)         558M (54%)         796M (78%)         800M (78%)         378M (37%)    
[36.631s][info][gc,heap     ] GC(252)      Used:      526M (51%)         634M (62%)         466M (46%)         228M (22%)         646M (63%)         224M (22%)    
[36.631s][info][gc,heap     ] GC(252)      Live:         -                51M (5%)           51M (5%)           51M (5%)             -                  -          
[36.631s][info][gc,heap     ] GC(252) Allocated:         -               108M (11%)         140M (14%)         147M (14%)            -                  -          
[36.631s][info][gc,heap     ] GC(252)   Garbage:         -               474M (46%)         274M (27%)          28M (3%)             -                  -          
[36.631s][info][gc,heap     ] GC(252) Reclaimed:         -                  -               200M (20%)         445M (44%)            -                  -          
[36.631s][info][gc          ] GC(252) Garbage Collection (Allocation Rate) 526M(51%)->228M(22%)
[36.696s][info][gc,start    ] GC(253) Garbage Collection (Allocation Rate)
[36.696s][info][gc,task     ] GC(253) Using 10 workers
[36.696s][info][gc,phases   ] GC(253) Pause Mark Start 0.010ms
[36.723s][info][gc,phases   ] GC(253) Concurrent Mark 26.916ms
[36.724s][info][gc,phases   ] GC(253) Pause Mark End 0.030ms
[36.724s][info][gc,phases   ] GC(253) Concurrent Mark Free 0.002ms
[36.727s][info][gc,phases   ] GC(253) Concurrent Process Non-Strong References 2.455ms
[36.727s][info][gc,phases   ] GC(253) Concurrent Reset Relocation Set 0.039ms
[36.735s][info][gc,phases   ] GC(253) Concurrent Select Relocation Set 8.504ms
[36.735s][info][gc,phases   ] GC(253) Pause Relocate Start 0.009ms
[36.740s][info][gc,phases   ] GC(253) Concurrent Relocate 3.813ms
[36.740s][info][gc,load     ] GC(253) Load: 0.00/0.00/0.00
[36.740s][info][gc,mmu      ] GC(253) MMU: 2ms/95.9%, 5ms/98.4%, 10ms/99.2%, 20ms/99.6%, 50ms/99.8%, 100ms/99.9%
[36.740s][info][gc,marking  ] GC(253) Mark: 8 stripe(s), 3 proactive flush(es), 1 terminate flush(es), 0 completion(s), 0 continuation(s) 
[36.740s][info][gc,marking  ] GC(253) Mark Stack Usage: 32M
[36.740s][info][gc,nmethod  ] GC(253) NMethods: 4666 registered, 35 unregistered
[36.740s][info][gc,metaspace] GC(253) Metaspace: 72M used, 72M committed, 1088M reserved
[36.740s][info][gc,ref      ] GC(253) Soft: 2389 encountered, 0 discovered, 0 enqueued
[36.740s][info][gc,ref      ] GC(253) Weak: 10952 encountered, 1182 discovered, 0 enqueued
[36.740s][info][gc,ref      ] GC(253) Final: 289 encountered, 1 discovered, 0 enqueued
[36.740s][info][gc,ref      ] GC(253) Phantom: 424 encountered, 291 discovered, 0 enqueued
[36.740s][info][gc,reloc    ] GC(253) Small Pages: 277 / 554M, Empty: 224M, Relocated: 5M, In-Place: 0
[36.740s][info][gc,reloc    ] GC(253) Medium Pages: 0 / 0M, Empty: 0M, Relocated: 0M, In-Place: 0
[36.740s][info][gc,reloc    ] GC(253) Large Pages: 0 / 0M, Empty: 0M, Relocated: 0M, In-Place: 0
[36.740s][info][gc,reloc    ] GC(253) Forwarding Usage: 2M
[36.740s][info][gc,heap     ] GC(253) Min Capacity: 8M(1%)
[36.740s][info][gc,heap     ] GC(253) Max Capacity: 1024M(100%)
[36.740s][info][gc,heap     ] GC(253) Soft Max Capacity: 1024M(100%)
[36.740s][info][gc,heap     ] GC(253)                Mark Start          Mark End        Relocate Start      Relocate End           High               Low         
[36.740s][info][gc,heap     ] GC(253)  Capacity:     1024M (100%)       1024M (100%)       1024M (100%)       1024M (100%)       1024M (100%)       1024M (100%)   
[36.740s][info][gc,heap     ] GC(253)      Free:      470M (46%)         342M (33%)         512M (50%)         754M (74%)         754M (74%)         328M (32%)    
[36.740s][info][gc,heap     ] GC(253)      Used:      554M (54%)         682M (67%)         512M (50%)         270M (26%)         696M (68%)         270M (26%)    
[36.740s][info][gc,heap     ] GC(253)      Live:         -                51M (5%)           51M (5%)           51M (5%)             -                  -          
[36.740s][info][gc,heap     ] GC(253) Allocated:         -               128M (13%)         182M (18%)         189M (19%)            -                  -          
[36.740s][info][gc,heap     ] GC(253)   Garbage:         -               502M (49%)         278M (27%)          28M (3%)             -                  -          
[36.740s][info][gc,heap     ] GC(253) Reclaimed:         -                  -               224M (22%)         473M (46%)            -                  -          
[36.740s][info][gc          ] GC(253) Garbage Collection (Allocation Rate) 554M(54%)->270M(26%)
[36.796s][info][gc,start    ] GC(254) Garbage Collection (Allocation Rate)
[36.796s][info][gc,task     ] GC(254) Using 10 workers
[36.796s][info][gc,phases   ] GC(254) Pause Mark Start 0.009ms
[36.822s][info][gc,phases   ] GC(254) Concurrent Mark 25.800ms
[36.823s][info][gc,phases   ] GC(254) Pause Mark End 0.030ms
[36.824s][info][gc,phases   ] GC(254) Concurrent Mark Free 0.001ms
[36.826s][info][gc,phases   ] GC(254) Concurrent Process Non-Strong References 2.840ms
[36.827s][info][gc,phases   ] GC(254) Concurrent Reset Relocation Set 0.047ms
[36.833s][info][gc,phases   ] GC(254) Concurrent Select Relocation Set 6.399ms
[36.833s][info][gc,phases   ] GC(254) Pause Relocate Start 0.011ms
[36.837s][info][gc,phases   ] GC(254) Concurrent Relocate 3.618ms
[36.837s][info][gc,load     ] GC(254) Load: 0.00/0.00/0.00
[36.837s][info][gc,mmu      ] GC(254) MMU: 2ms/95.9%, 5ms/98.4%, 10ms/99.2%, 20ms/99.6%, 50ms/99.8%, 100ms/99.9%
[36.837s][info][gc,marking  ] GC(254) Mark: 8 stripe(s), 3 proactive flush(es), 1 terminate flush(es), 0 completion(s), 0 continuation(s) 
[36.837s][info][gc,marking  ] GC(254) Mark Stack Usage: 32M
[36.837s][info][gc,nmethod  ] GC(254) NMethods: 4666 registered, 35 unregistered
[36.837s][info][gc,metaspace] GC(254) Metaspace: 72M used, 72M committed, 1088M reserved
[36.837s][info][gc,ref      ] GC(254) Soft: 2389 encountered, 0 discovered, 0 enqueued
[36.837s][info][gc,ref      ] GC(254) Weak: 10952 encountered, 1028 discovered, 0 enqueued
[36.838s][info][gc,ref      ] GC(254) Final: 289 encountered, 15 discovered, 0 enqueued
[36.838s][info][gc,ref      ] GC(254) Phantom: 424 encountered, 332 discovered, 0 enqueued
[36.838s][info][gc,reloc    ] GC(254) Small Pages: 276 / 552M, Empty: 192M, Relocated: 5M, In-Place: 0
[36.838s][info][gc,reloc    ] GC(254) Medium Pages: 0 / 0M, Empty: 0M, Relocated: 0M, In-Place: 0
[36.838s][info][gc,reloc    ] GC(254) Large Pages: 0 / 0M, Empty: 0M, Relocated: 0M, In-Place: 0
[36.838s][info][gc,reloc    ] GC(254) Forwarding Usage: 2M
[36.838s][info][gc,heap     ] GC(254) Min Capacity: 8M(1%)
[36.838s][info][gc,heap     ] GC(254) Max Capacity: 1024M(100%)
[36.838s][info][gc,heap     ] GC(254) Soft Max Capacity: 1024M(100%)
[36.838s][info][gc,heap     ] GC(254)                Mark Start          Mark End        Relocate Start      Relocate End           High               Low         
[36.838s][info][gc,heap     ] GC(254)  Capacity:     1024M (100%)       1024M (100%)       1024M (100%)       1024M (100%)       1024M (100%)       1024M (100%)   
[36.838s][info][gc,heap     ] GC(254)      Free:      472M (46%)         348M (34%)         494M (48%)         766M (75%)         766M (75%)         330M (32%)    
[36.838s][info][gc,heap     ] GC(254)      Used:      552M (54%)         676M (66%)         530M (52%)         258M (25%)         694M (68%)         258M (25%)    
[36.838s][info][gc,heap     ] GC(254)      Live:         -                51M (5%)           51M (5%)           51M (5%)             -                  -          
[36.838s][info][gc,heap     ] GC(254) Allocated:         -               124M (12%)         170M (17%)         177M (17%)            -                  -          
[36.838s][info][gc,heap     ] GC(254)   Garbage:         -               500M (49%)         308M (30%)          28M (3%)             -                  -          
[36.838s][info][gc,heap     ] GC(254) Reclaimed:         -                  -               192M (19%)         471M (46%)            -                  -          
[36.838s][info][gc          ] GC(254) Garbage Collection (Allocation Rate) 552M(54%)->258M(25%)
[36.895s][info][gc,start    ] GC(255) Garbage Collection (Allocation Rate)
[36.895s][info][gc,task     ] GC(255) Using 10 workers
[36.896s][info][gc,phases   ] GC(255) Pause Mark Start 0.010ms
[36.919s][info][gc,phases   ] GC(255) Concurrent Mark 22.728ms
[36.919s][info][gc,phases   ] GC(255) Pause Mark End 0.032ms
[36.919s][info][gc,phases   ] GC(255) Concurrent Mark Free 0.002ms
[36.922s][info][gc,phases   ] GC(255) Concurrent Process Non-Strong References 2.315ms
[36.922s][info][gc,phases   ] GC(255) Concurrent Reset Relocation Set 0.039ms
[36.928s][info][gc,phases   ] GC(255) Concurrent Select Relocation Set 6.510ms
[36.928s][info][gc,phases   ] GC(255) Pause Relocate Start 0.008ms
[36.932s][info][gc,phases   ] GC(255) Concurrent Relocate 3.541ms
[36.932s][info][gc,load     ] GC(255) Load: 0.00/0.00/0.00
[36.932s][info][gc,mmu      ] GC(255) MMU: 2ms/95.9%, 5ms/98.4%, 10ms/99.2%, 20ms/99.6%, 50ms/99.8%, 100ms/99.9%
[36.932s][info][gc,marking  ] GC(255) Mark: 8 stripe(s), 3 proactive flush(es), 1 terminate flush(es), 0 completion(s), 0 continuation(s) 
[36.932s][info][gc,marking  ] GC(255) Mark Stack Usage: 32M
[36.932s][info][gc,nmethod  ] GC(255) NMethods: 4666 registered, 35 unregistered
[36.932s][info][gc,metaspace] GC(255) Metaspace: 72M used, 72M committed, 1088M reserved
[36.933s][info][gc,ref      ] GC(255) Soft: 2389 encountered, 0 discovered, 0 enqueued
[36.933s][info][gc,ref      ] GC(255) Weak: 10952 encountered, 1762 discovered, 0 enqueued
[36.933s][info][gc,ref      ] GC(255) Final: 289 encountered, 34 discovered, 0 enqueued
[36.933s][info][gc,ref      ] GC(255) Phantom: 424 encountered, 308 discovered, 0 enqueued
[36.933s][info][gc,reloc    ] GC(255) Small Pages: 274 / 548M, Empty: 226M, Relocated: 5M, In-Place: 0
[36.933s][info][gc,reloc    ] GC(255) Medium Pages: 0 / 0M, Empty: 0M, Relocated: 0M, In-Place: 0
[36.933s][info][gc,reloc    ] GC(255) Large Pages: 0 / 0M, Empty: 0M, Relocated: 0M, In-Place: 0
[36.933s][info][gc,reloc    ] GC(255) Forwarding Usage: 2M
[36.933s][info][gc,heap     ] GC(255) Min Capacity: 8M(1%)
[36.933s][info][gc,heap     ] GC(255) Max Capacity: 1024M(100%)
[36.933s][info][gc,heap     ] GC(255) Soft Max Capacity: 1024M(100%)
[36.933s][info][gc,heap     ] GC(255)                Mark Start          Mark End        Relocate Start      Relocate End           High               Low         
[36.933s][info][gc,heap     ] GC(255)  Capacity:     1024M (100%)       1024M (100%)       1024M (100%)       1024M (100%)       1024M (100%)       1024M (100%)   
[36.933s][info][gc,heap     ] GC(255)      Free:      476M (46%)         364M (36%)         550M (54%)         784M (77%)         784M (77%)         354M (35%)    
[36.933s][info][gc,heap     ] GC(255)      Used:      548M (54%)         660M (64%)         474M (46%)         240M (23%)         670M (65%)         240M (23%)    
[36.933s][info][gc,heap     ] GC(255)      Live:         -                51M (5%)           51M (5%)           51M (5%)             -                  -          
[36.933s][info][gc,heap     ] GC(255) Allocated:         -               112M (11%)         152M (15%)         159M (16%)            -                  -          
[36.933s][info][gc,heap     ] GC(255)   Garbage:         -               496M (48%)         270M (26%)          28M (3%)             -                  -          
[36.933s][info][gc,heap     ] GC(255) Reclaimed:         -                  -               226M (22%)         467M (46%)            -                  -          
[36.933s][info][gc          ] GC(255) Garbage Collection (Allocation Rate) 548M(54%)->240M(23%)
[36.996s][info][gc,start    ] GC(256) Garbage Collection (Allocation Rate)
[36.996s][info][gc,task     ] GC(256) Using 10 workers
[36.996s][info][gc,phases   ] GC(256) Pause Mark Start 0.011ms
[37.025s][info][gc,phases   ] GC(256) Concurrent Mark 27.845ms
[37.025s][info][gc,phases   ] GC(256) Pause Mark End 0.029ms
[37.025s][info][gc,phases   ] GC(256) Concurrent Mark Free 0.002ms
[37.028s][info][gc,phases   ] GC(256) Concurrent Process Non-Strong References 2.495ms
[37.028s][info][gc,phases   ] GC(256) Concurrent Reset Relocation Set 0.039ms
[37.037s][info][gc,phases   ] GC(256) Concurrent Select Relocation Set 8.892ms
[37.037s][info][gc,phases   ] GC(256) Pause Relocate Start 0.010ms
[37.041s][info][gc,phases   ] GC(256) Concurrent Relocate 3.511ms
[37.041s][info][gc,load     ] GC(256) Load: 0.00/0.00/0.00
[37.041s][info][gc,mmu      ] GC(256) MMU: 2ms/95.9%, 5ms/98.4%, 10ms/99.2%, 20ms/99.6%, 50ms/99.8%, 100ms/99.9%
[37.041s][info][gc,marking  ] GC(256) Mark: 8 stripe(s), 3 proactive flush(es), 1 terminate flush(es), 0 completion(s), 0 continuation(s) 
[37.041s][info][gc,marking  ] GC(256) Mark Stack Usage: 32M
[37.041s][info][gc,nmethod  ] GC(256) NMethods: 4666 registered, 35 unregistered
[37.041s][info][gc,metaspace] GC(256) Metaspace: 72M used, 72M committed, 1088M reserved
[37.041s][info][gc,ref      ] GC(256) Soft: 2389 encountered, 0 discovered, 0 enqueued
[37.041s][info][gc,ref      ] GC(256) Weak: 10952 encountered, 1358 discovered, 0 enqueued
[37.041s][info][gc,ref      ] GC(256) Final: 289 encountered, 26 discovered, 0 enqueued
[37.041s][info][gc,ref      ] GC(256) Phantom: 424 encountered, 246 discovered, 0 enqueued
[37.041s][info][gc,reloc    ] GC(256) Small Pages: 279 / 558M, Empty: 234M, Relocated: 5M, In-Place: 0
[37.041s][info][gc,reloc    ] GC(256) Medium Pages: 0 / 0M, Empty: 0M, Relocated: 0M, In-Place: 0
[37.041s][info][gc,reloc    ] GC(256) Large Pages: 0 / 0M, Empty: 0M, Relocated: 0M, In-Place: 0
[37.041s][info][gc,reloc    ] GC(256) Forwarding Usage: 2M
[37.041s][info][gc,heap     ] GC(256) Min Capacity: 8M(1%)
[37.041s][info][gc,heap     ] GC(256) Max Capacity: 1024M(100%)
[37.041s][info][gc,heap     ] GC(256) Soft Max Capacity: 1024M(100%)
[37.041s][info][gc,heap     ] GC(256)                Mark Start          Mark End        Relocate Start      Relocate End           High               Low         
[37.041s][info][gc,heap     ] GC(256)  Capacity:     1024M (100%)       1024M (100%)       1024M (100%)       1024M (100%)       1024M (100%)       1024M (100%)   
[37.041s][info][gc,heap     ] GC(256)      Free:      466M (46%)         332M (32%)         512M (50%)         746M (73%)         746M (73%)         316M (31%)    
[37.041s][info][gc,heap     ] GC(256)      Used:      558M (54%)         692M (68%)         512M (50%)         278M (27%)         708M (69%)         278M (27%)    
[37.041s][info][gc,heap     ] GC(256)      Live:         -                51M (5%)           51M (5%)           51M (5%)             -                  -          
[37.041s][info][gc,heap     ] GC(256) Allocated:         -               134M (13%)         188M (18%)         197M (19%)            -                  -          
[37.041s][info][gc,heap     ] GC(256)   Garbage:         -               506M (49%)         272M (27%)          28M (3%)             -                  -          
[37.041s][info][gc,heap     ] GC(256) Reclaimed:         -                  -               234M (23%)         477M (47%)            -                  -          
[37.041s][info][gc          ] GC(256) Garbage Collection (Allocation Rate) 558M(54%)->278M(27%)
[37.095s][info][gc,start    ] GC(257) Garbage Collection (Allocation Rate)
[37.095s][info][gc,task     ] GC(257) Using 10 workers
[37.096s][info][gc,phases   ] GC(257) Pause Mark Start 0.013ms
[37.123s][info][gc,phases   ] GC(257) Concurrent Mark 27.070ms
[37.123s][info][gc,phases   ] GC(257) Pause Mark End 0.029ms
[37.124s][info][gc,phases   ] GC(257) Concurrent Mark Free 0.002ms
[37.126s][info][gc,phases   ] GC(257) Concurrent Process Non-Strong References 2.525ms
[37.126s][info][gc,phases   ] GC(257) Concurrent Reset Relocation Set 0.039ms
[37.131s][info][gc,phases   ] GC(257) Concurrent Select Relocation Set 4.959ms
[37.131s][info][gc,phases   ] GC(257) Pause Relocate Start 0.008ms
[37.135s][info][gc,phases   ] GC(257) Concurrent Relocate 3.366ms
[37.135s][info][gc,load     ] GC(257) Load: 0.00/0.00/0.00
[37.135s][info][gc,mmu      ] GC(257) MMU: 2ms/95.9%, 5ms/98.4%, 10ms/99.2%, 20ms/99.6%, 50ms/99.8%, 100ms/99.9%
[37.135s][info][gc,marking  ] GC(257) Mark: 8 stripe(s), 3 proactive flush(es), 1 terminate flush(es), 0 completion(s), 0 continuation(s) 
[37.135s][info][gc,marking  ] GC(257) Mark Stack Usage: 32M
[37.135s][info][gc,nmethod  ] GC(257) NMethods: 4666 registered, 35 unregistered
[37.135s][info][gc,metaspace] GC(257) Metaspace: 72M used, 72M committed, 1088M reserved
[37.135s][info][gc,ref      ] GC(257) Soft: 2389 encountered, 0 discovered, 0 enqueued
[37.135s][info][gc,ref      ] GC(257) Weak: 10952 encountered, 1598 discovered, 0 enqueued
[37.135s][info][gc,ref      ] GC(257) Final: 289 encountered, 22 discovered, 0 enqueued
[37.135s][info][gc,ref      ] GC(257) Phantom: 424 encountered, 324 discovered, 0 enqueued
[37.135s][info][gc,reloc    ] GC(257) Small Pages: 273 / 546M, Empty: 230M, Relocated: 5M, In-Place: 0
[37.135s][info][gc,reloc    ] GC(257) Medium Pages: 0 / 0M, Empty: 0M, Relocated: 0M, In-Place: 0
[37.135s][info][gc,reloc    ] GC(257) Large Pages: 0 / 0M, Empty: 0M, Relocated: 0M, In-Place: 0
[37.135s][info][gc,reloc    ] GC(257) Forwarding Usage: 2M
[37.135s][info][gc,heap     ] GC(257) Min Capacity: 8M(1%)
[37.135s][info][gc,heap     ] GC(257) Max Capacity: 1024M(100%)
[37.135s][info][gc,heap     ] GC(257) Soft Max Capacity: 1024M(100%)
[37.135s][info][gc,heap     ] GC(257)                Mark Start          Mark End        Relocate Start      Relocate End           High               Low         
[37.136s][info][gc,heap     ] GC(257)  Capacity:     1024M (100%)       1024M (100%)       1024M (100%)       1024M (100%)       1024M (100%)       1024M (100%)   
[37.136s][info][gc,heap     ] GC(257)      Free:      478M (47%)         346M (34%)         540M (53%)         768M (75%)         770M (75%)         334M (33%)    
[37.136s][info][gc,heap     ] GC(257)      Used:      546M (53%)         678M (66%)         484M (47%)         256M (25%)         690M (67%)         254M (25%)    
[37.136s][info][gc,heap     ] GC(257)      Live:         -                51M (5%)           51M (5%)           51M (5%)             -                  -          
[37.136s][info][gc,heap     ] GC(257) Allocated:         -               132M (13%)         168M (16%)         175M (17%)            -                  -          
[37.136s][info][gc,heap     ] GC(257)   Garbage:         -               494M (48%)         264M (26%)          28M (3%)             -                  -          
[37.136s][info][gc,heap     ] GC(257) Reclaimed:         -                  -               230M (22%)         465M (45%)            -                  -          
[37.136s][info][gc          ] GC(257) Garbage Collection (Allocation Rate) 546M(53%)->256M(25%)
[37.195s][info][gc,start    ] GC(258) Garbage Collection (Allocation Rate)
[37.195s][info][gc,task     ] GC(258) Using 10 workers
[37.196s][info][gc,phases   ] GC(258) Pause Mark Start 0.010ms
[37.220s][info][gc,phases   ] GC(258) Concurrent Mark 24.224ms
[37.221s][info][gc,phases   ] GC(258) Pause Mark End 0.026ms
[37.221s][info][gc,phases   ] GC(258) Concurrent Mark Free 0.001ms
[37.223s][info][gc,phases   ] GC(258) Concurrent Process Non-Strong References 2.358ms
[37.223s][info][gc,phases   ] GC(258) Concurrent Reset Relocation Set 0.038ms
[37.232s][info][gc,phases   ] GC(258) Concurrent Select Relocation Set 8.391ms
[37.232s][info][gc,phases   ] GC(258) Pause Relocate Start 0.008ms
[37.235s][info][gc,phases   ] GC(258) Concurrent Relocate 3.229ms
[37.235s][info][gc,load     ] GC(258) Load: 0.00/0.00/0.00
[37.236s][info][gc,mmu      ] GC(258) MMU: 2ms/95.9%, 5ms/98.4%, 10ms/99.2%, 20ms/99.6%, 50ms/99.8%, 100ms/99.9%
[37.236s][info][gc,marking  ] GC(258) Mark: 8 stripe(s), 3 proactive flush(es), 1 terminate flush(es), 0 completion(s), 0 continuation(s) 
[37.236s][info][gc,marking  ] GC(258) Mark Stack Usage: 32M
[37.236s][info][gc,nmethod  ] GC(258) NMethods: 4663 registered, 40 unregistered
[37.236s][info][gc,metaspace] GC(258) Metaspace: 72M used, 72M committed, 1088M reserved
[37.236s][info][gc,ref      ] GC(258) Soft: 2389 encountered, 0 discovered, 0 enqueued
[37.236s][info][gc,ref      ] GC(258) Weak: 10952 encountered, 1467 discovered, 0 enqueued
[37.236s][info][gc,ref      ] GC(258) Final: 289 encountered, 27 discovered, 0 enqueued
[37.236s][info][gc,ref      ] GC(258) Phantom: 424 encountered, 316 discovered, 0 enqueued
[37.236s][info][gc,reloc    ] GC(258) Small Pages: 278 / 556M, Empty: 232M, Relocated: 5M, In-Place: 0
[37.236s][info][gc,reloc    ] GC(258) Medium Pages: 0 / 0M, Empty: 0M, Relocated: 0M, In-Place: 0
[37.236s][info][gc,reloc    ] GC(258) Large Pages: 0 / 0M, Empty: 0M, Relocated: 0M, In-Place: 0
[37.236s][info][gc,reloc    ] GC(258) Forwarding Usage: 2M
[37.236s][info][gc,heap     ] GC(258) Min Capacity: 8M(1%)
[37.236s][info][gc,heap     ] GC(258) Max Capacity: 1024M(100%)
[37.236s][info][gc,heap     ] GC(258) Soft Max Capacity: 1024M(100%)
[37.236s][info][gc,heap     ] GC(258)                Mark Start          Mark End        Relocate Start      Relocate End           High               Low         
[37.236s][info][gc,heap     ] GC(258)  Capacity:     1024M (100%)       1024M (100%)       1024M (100%)       1024M (100%)       1024M (100%)       1024M (100%)   
[37.236s][info][gc,heap     ] GC(258)      Free:      468M (46%)         350M (34%)         532M (52%)         770M (75%)         772M (75%)         340M (33%)    
[37.236s][info][gc,heap     ] GC(258)      Used:      556M (54%)         674M (66%)         492M (48%)         254M (25%)         684M (67%)         252M (25%)    
[37.236s][info][gc,heap     ] GC(258)      Live:         -                51M (5%)           51M (5%)           51M (5%)             -                  -          
[37.236s][info][gc,heap     ] GC(258) Allocated:         -               118M (12%)         168M (16%)         173M (17%)            -                  -          
[37.236s][info][gc,heap     ] GC(258)   Garbage:         -               504M (49%)         272M (27%)          28M (3%)             -                  -          
[37.236s][info][gc,heap     ] GC(258) Reclaimed:         -                  -               232M (23%)         475M (46%)            -                  -          
[37.236s][info][gc          ] GC(258) Garbage Collection (Allocation Rate) 556M(54%)->254M(25%)
[37.296s][info][gc,start    ] GC(259) Garbage Collection (Allocation Rate)
[37.296s][info][gc,task     ] GC(259) Using 10 workers
[37.296s][info][gc,phases   ] GC(259) Pause Mark Start 0.010ms
[37.322s][info][gc,phases   ] GC(259) Concurrent Mark 24.846ms
[37.322s][info][gc,phases   ] GC(259) Pause Mark End 0.029ms
[37.323s][info][gc,phases   ] GC(259) Concurrent Mark Free 0.001ms
[37.326s][info][gc,phases   ] GC(259) Concurrent Process Non-Strong References 2.306ms
[37.326s][info][gc,phases   ] GC(259) Concurrent Reset Relocation Set 0.036ms
[37.334s][info][gc,phases   ] GC(259) Concurrent Select Relocation Set 8.615ms
[37.335s][info][gc,phases   ] GC(259) Pause Relocate Start 0.011ms
[37.339s][info][gc,phases   ] GC(259) Concurrent Relocate 4.033ms
[37.339s][info][gc,load     ] GC(259) Load: 0.00/0.00/0.00
[37.339s][info][gc,mmu      ] GC(259) MMU: 2ms/95.9%, 5ms/98.4%, 10ms/99.2%, 20ms/99.6%, 50ms/99.8%, 100ms/99.9%
[37.339s][info][gc,marking  ] GC(259) Mark: 8 stripe(s), 3 proactive flush(es), 1 terminate flush(es), 0 completion(s), 0 continuation(s) 
[37.339s][info][gc,marking  ] GC(259) Mark Stack Usage: 32M
[37.339s][info][gc,nmethod  ] GC(259) NMethods: 4665 registered, 40 unregistered
[37.339s][info][gc,metaspace] GC(259) Metaspace: 72M used, 72M committed, 1088M reserved
[37.339s][info][gc,ref      ] GC(259) Soft: 2389 encountered, 0 discovered, 0 enqueued
[37.339s][info][gc,ref      ] GC(259) Weak: 10952 encountered, 1497 discovered, 0 enqueued
[37.339s][info][gc,ref      ] GC(259) Final: 289 encountered, 16 discovered, 0 enqueued
[37.339s][info][gc,ref      ] GC(259) Phantom: 424 encountered, 312 discovered, 0 enqueued
[37.339s][info][gc,reloc    ] GC(259) Small Pages: 279 / 558M, Empty: 234M, Relocated: 5M, In-Place: 0
[37.339s][info][gc,reloc    ] GC(259) Medium Pages: 0 / 0M, Empty: 0M, Relocated: 0M, In-Place: 0
[37.339s][info][gc,reloc    ] GC(259) Large Pages: 0 / 0M, Empty: 0M, Relocated: 0M, In-Place: 0
[37.339s][info][gc,reloc    ] GC(259) Forwarding Usage: 2M
[37.339s][info][gc,heap     ] GC(259) Min Capacity: 8M(1%)
[37.339s][info][gc,heap     ] GC(259) Max Capacity: 1024M(100%)
[37.339s][info][gc,heap     ] GC(259) Soft Max Capacity: 1024M(100%)
[37.339s][info][gc,heap     ] GC(259)                Mark Start          Mark End        Relocate Start      Relocate End           High               Low         
[37.339s][info][gc,heap     ] GC(259)  Capacity:     1024M (100%)       1024M (100%)       1024M (100%)       1024M (100%)       1024M (100%)       1024M (100%)   
[37.340s][info][gc,heap     ] GC(259)      Free:      466M (46%)         346M (34%)         520M (51%)         756M (74%)         758M (74%)         326M (32%)    
[37.340s][info][gc,heap     ] GC(259)      Used:      558M (54%)         678M (66%)         504M (49%)         268M (26%)         698M (68%)         266M (26%)    
[37.340s][info][gc,heap     ] GC(259)      Live:         -                51M (5%)           51M (5%)           51M (5%)             -                  -          
[37.340s][info][gc,heap     ] GC(259) Allocated:         -               120M (12%)         180M (18%)         187M (18%)            -                  -          
[37.340s][info][gc,heap     ] GC(259)   Garbage:         -               506M (49%)         272M (27%)          28M (3%)             -                  -          
[37.340s][info][gc,heap     ] GC(259) Reclaimed:         -                  -               234M (23%)         477M (47%)            -                  -          
[37.340s][info][gc          ] GC(259) Garbage Collection (Allocation Rate) 558M(54%)->268M(26%)
[37.396s][info][gc,start    ] GC(260) Garbage Collection (Allocation Rate)
[37.396s][info][gc,task     ] GC(260) Using 10 workers
[37.396s][info][gc,phases   ] GC(260) Pause Mark Start 0.012ms
[37.420s][info][gc,phases   ] GC(260) Concurrent Mark 23.600ms
[37.420s][info][gc,phases   ] GC(260) Pause Mark End 0.030ms
[37.420s][info][gc,phases   ] GC(260) Concurrent Mark Free 0.001ms
[37.425s][info][gc,phases   ] GC(260) Concurrent Process Non-Strong References 4.985ms
[37.426s][info][gc,phases   ] GC(260) Concurrent Reset Relocation Set 0.035ms
[37.434s][info][gc,phases   ] GC(260) Concurrent Select Relocation Set 8.610ms
[37.434s][info][gc,phases   ] GC(260) Pause Relocate Start 0.008ms
[37.439s][info][gc,phases   ] GC(260) Concurrent Relocate 4.163ms
[37.439s][info][gc,load     ] GC(260) Load: 0.00/0.00/0.00
[37.439s][info][gc,mmu      ] GC(260) MMU: 2ms/95.9%, 5ms/98.4%, 10ms/99.2%, 20ms/99.6%, 50ms/99.8%, 100ms/99.9%
[37.439s][info][gc,marking  ] GC(260) Mark: 8 stripe(s), 3 proactive flush(es), 1 terminate flush(es), 0 completion(s), 0 continuation(s) 
[37.439s][info][gc,marking  ] GC(260) Mark Stack Usage: 32M
[37.440s][info][gc,nmethod  ] GC(260) NMethods: 4663 registered, 42 unregistered
[37.440s][info][gc,metaspace] GC(260) Metaspace: 72M used, 72M committed, 1088M reserved
[37.440s][info][gc,ref      ] GC(260) Soft: 2389 encountered, 0 discovered, 0 enqueued
[37.440s][info][gc,ref      ] GC(260) Weak: 10952 encountered, 1560 discovered, 0 enqueued
[37.440s][info][gc,ref      ] GC(260) Final: 289 encountered, 5 discovered, 0 enqueued
[37.440s][info][gc,ref      ] GC(260) Phantom: 424 encountered, 301 discovered, 0 enqueued
[37.440s][info][gc,reloc    ] GC(260) Small Pages: 276 / 552M, Empty: 234M, Relocated: 5M, In-Place: 0
[37.440s][info][gc,reloc    ] GC(260) Medium Pages: 0 / 0M, Empty: 0M, Relocated: 0M, In-Place: 0
[37.440s][info][gc,reloc    ] GC(260) Large Pages: 0 / 0M, Empty: 0M, Relocated: 0M, In-Place: 0
[37.440s][info][gc,reloc    ] GC(260) Forwarding Usage: 2M
[37.440s][info][gc,heap     ] GC(260) Min Capacity: 8M(1%)
[37.440s][info][gc,heap     ] GC(260) Max Capacity: 1024M(100%)
[37.440s][info][gc,heap     ] GC(260) Soft Max Capacity: 1024M(100%)
[37.440s][info][gc,heap     ] GC(260)                Mark Start          Mark End        Relocate Start      Relocate End           High               Low         
[37.440s][info][gc,heap     ] GC(260)  Capacity:     1024M (100%)       1024M (100%)       1024M (100%)       1024M (100%)       1024M (100%)       1024M (100%)   
[37.440s][info][gc,heap     ] GC(260)      Free:      472M (46%)         354M (35%)         526M (51%)         750M (73%)         754M (74%)         332M (32%)    
[37.440s][info][gc,heap     ] GC(260)      Used:      552M (54%)         670M (65%)         498M (49%)         274M (27%)         692M (68%)         270M (26%)    
[37.440s][info][gc,heap     ] GC(260)      Live:         -                51M (5%)           51M (5%)           51M (5%)             -                  -          
[37.440s][info][gc,heap     ] GC(260) Allocated:         -               118M (12%)         180M (18%)         193M (19%)            -                  -          
[37.440s][info][gc,heap     ] GC(260)   Garbage:         -               500M (49%)         266M (26%)          28M (3%)             -                  -          
[37.440s][info][gc,heap     ] GC(260) Reclaimed:         -                  -               234M (23%)         471M (46%)            -                  -          
[37.440s][info][gc          ] GC(260) Garbage Collection (Allocation Rate) 552M(54%)->274M(27%)
[37.496s][info][gc,start    ] GC(261) Garbage Collection (Allocation Rate)
[37.497s][info][gc,task     ] GC(261) Using 10 workers
[37.497s][info][gc,phases   ] GC(261) Pause Mark Start 0.009ms
[37.522s][info][gc,phases   ] GC(261) Concurrent Mark 25.018ms
[37.522s][info][gc,phases   ] GC(261) Pause Mark End 0.027ms
[37.523s][info][gc,phases   ] GC(261) Concurrent Mark Free 0.002ms
[37.525s][info][gc,phases   ] GC(261) Concurrent Process Non-Strong References 2.195ms
[37.525s][info][gc,phases   ] GC(261) Concurrent Reset Relocation Set 0.049ms
[37.532s][info][gc,phases   ] GC(261) Concurrent Select Relocation Set 6.396ms
[37.532s][info][gc,phases   ] GC(261) Pause Relocate Start 0.011ms
[37.537s][info][gc,phases   ] GC(261) Concurrent Relocate 4.713ms
[37.538s][info][gc,load     ] GC(261) Load: 0.00/0.00/0.00
[37.538s][info][gc,mmu      ] GC(261) MMU: 2ms/95.9%, 5ms/98.4%, 10ms/99.2%, 20ms/99.6%, 50ms/99.8%, 100ms/99.9%
[37.538s][info][gc,marking  ] GC(261) Mark: 8 stripe(s), 3 proactive flush(es), 1 terminate flush(es), 0 completion(s), 0 continuation(s) 
[37.538s][info][gc,marking  ] GC(261) Mark Stack Usage: 32M
[37.538s][info][gc,nmethod  ] GC(261) NMethods: 4663 registered, 42 unregistered
[37.538s][info][gc,metaspace] GC(261) Metaspace: 72M used, 72M committed, 1088M reserved
[37.538s][info][gc,ref      ] GC(261) Soft: 2389 encountered, 0 discovered, 0 enqueued
[37.538s][info][gc,ref      ] GC(261) Weak: 10952 encountered, 1333 discovered, 0 enqueued
[37.538s][info][gc,ref      ] GC(261) Final: 289 encountered, 22 discovered, 0 enqueued
[37.538s][info][gc,ref      ] GC(261) Phantom: 424 encountered, 306 discovered, 0 enqueued
[37.538s][info][gc,reloc    ] GC(261) Small Pages: 279 / 558M, Empty: 240M, Relocated: 5M, In-Place: 0
[37.538s][info][gc,reloc    ] GC(261) Medium Pages: 0 / 0M, Empty: 0M, Relocated: 0M, In-Place: 0
[37.538s][info][gc,reloc    ] GC(261) Large Pages: 0 / 0M, Empty: 0M, Relocated: 0M, In-Place: 0
[37.538s][info][gc,reloc    ] GC(261) Forwarding Usage: 2M
[37.538s][info][gc,heap     ] GC(261) Min Capacity: 8M(1%)
[37.538s][info][gc,heap     ] GC(261) Max Capacity: 1024M(100%)
[37.538s][info][gc,heap     ] GC(261) Soft Max Capacity: 1024M(100%)
[37.538s][info][gc,heap     ] GC(261)                Mark Start          Mark End        Relocate Start      Relocate End           High               Low         
[37.538s][info][gc,heap     ] GC(261)  Capacity:     1024M (100%)       1024M (100%)       1024M (100%)       1024M (100%)       1024M (100%)       1024M (100%)   
[37.538s][info][gc,heap     ] GC(261)      Free:      466M (46%)         346M (34%)         546M (53%)         770M (75%)         776M (76%)         336M (33%)    
[37.538s][info][gc,heap     ] GC(261)      Used:      558M (54%)         678M (66%)         478M (47%)         254M (25%)         688M (67%)         248M (24%)    
[37.538s][info][gc,heap     ] GC(261)      Live:         -                51M (5%)           51M (5%)           51M (5%)             -                  -          
[37.538s][info][gc,heap     ] GC(261) Allocated:         -               120M (12%)         160M (16%)         173M (17%)            -                  -          
[37.538s][info][gc,heap     ] GC(261)   Garbage:         -               506M (49%)         266M (26%)          28M (3%)             -                  -          
[37.538s][info][gc,heap     ] GC(261) Reclaimed:         -                  -               240M (23%)         477M (47%)            -                  -          
[37.538s][info][gc          ] GC(261) Garbage Collection (Allocation Rate) 558M(54%)->254M(25%)
[37.596s][info][gc,start    ] GC(262) Garbage Collection (Allocation Rate)
[37.596s][info][gc,task     ] GC(262) Using 10 workers
[37.596s][info][gc,phases   ] GC(262) Pause Mark Start 0.011ms
[37.620s][info][gc,phases   ] GC(262) Concurrent Mark 23.254ms
[37.620s][info][gc,phases   ] GC(262) Pause Mark End 0.025ms
[37.620s][info][gc,phases   ] GC(262) Concurrent Mark Free 0.001ms
[37.623s][info][gc,phases   ] GC(262) Concurrent Process Non-Strong References 2.234ms
[37.623s][info][gc,phases   ] GC(262) Concurrent Reset Relocation Set 0.035ms
[37.629s][info][gc,phases   ] GC(262) Concurrent Select Relocation Set 6.422ms
[37.629s][info][gc,phases   ] GC(262) Pause Relocate Start 0.008ms
[37.634s][info][gc,phases   ] GC(262) Concurrent Relocate 4.059ms
[37.634s][info][gc,load     ] GC(262) Load: 0.00/0.00/0.00
[37.634s][info][gc,mmu      ] GC(262) MMU: 2ms/95.9%, 5ms/98.4%, 10ms/99.2%, 20ms/99.6%, 50ms/99.8%, 100ms/99.9%
[37.634s][info][gc,marking  ] GC(262) Mark: 8 stripe(s), 3 proactive flush(es), 1 terminate flush(es), 0 completion(s), 0 continuation(s) 
[37.634s][info][gc,marking  ] GC(262) Mark Stack Usage: 32M
[37.634s][info][gc,nmethod  ] GC(262) NMethods: 4663 registered, 42 unregistered
[37.634s][info][gc,metaspace] GC(262) Metaspace: 72M used, 72M committed, 1088M reserved
[37.634s][info][gc,ref      ] GC(262) Soft: 2389 encountered, 0 discovered, 0 enqueued
[37.634s][info][gc,ref      ] GC(262) Weak: 10952 encountered, 2011 discovered, 0 enqueued
[37.634s][info][gc,ref      ] GC(262) Final: 289 encountered, 29 discovered, 0 enqueued
[37.634s][info][gc,ref      ] GC(262) Phantom: 424 encountered, 331 discovered, 0 enqueued
[37.634s][info][gc,reloc    ] GC(262) Small Pages: 273 / 546M, Empty: 202M, Relocated: 5M, In-Place: 0
[37.634s][info][gc,reloc    ] GC(262) Medium Pages: 0 / 0M, Empty: 0M, Relocated: 0M, In-Place: 0
[37.634s][info][gc,reloc    ] GC(262) Large Pages: 0 / 0M, Empty: 0M, Relocated: 0M, In-Place: 0
[37.634s][info][gc,reloc    ] GC(262) Forwarding Usage: 2M
[37.634s][info][gc,heap     ] GC(262) Min Capacity: 8M(1%)
[37.634s][info][gc,heap     ] GC(262) Max Capacity: 1024M(100%)
[37.634s][info][gc,heap     ] GC(262) Soft Max Capacity: 1024M(100%)
[37.634s][info][gc,heap     ] GC(262)                Mark Start          Mark End        Relocate Start      Relocate End           High               Low         
[37.634s][info][gc,heap     ] GC(262)  Capacity:     1024M (100%)       1024M (100%)       1024M (100%)       1024M (100%)       1024M (100%)       1024M (100%)   
[37.634s][info][gc,heap     ] GC(262)      Free:      478M (47%)         364M (36%)         526M (51%)         780M (76%)         784M (77%)         352M (34%)    
[37.634s][info][gc,heap     ] GC(262)      Used:      546M (53%)         660M (64%)         498M (49%)         244M (24%)         672M (66%)         240M (23%)    
[37.634s][info][gc,heap     ] GC(262)      Live:         -                51M (5%)           51M (5%)           51M (5%)             -                  -          
[37.634s][info][gc,heap     ] GC(262) Allocated:         -               114M (11%)         154M (15%)         163M (16%)            -                  -          
[37.634s][info][gc,heap     ] GC(262)   Garbage:         -               494M (48%)         292M (29%)          28M (3%)             -                  -          
[37.634s][info][gc,heap     ] GC(262) Reclaimed:         -                  -               202M (20%)         465M (45%)            -                  -          
[37.634s][info][gc          ] GC(262) Garbage Collection (Allocation Rate) 546M(53%)->244M(24%)
[37.696s][info][gc,start    ] GC(263) Garbage Collection (Allocation Rate)
[37.696s][info][gc,task     ] GC(263) Using 10 workers
[37.696s][info][gc,phases   ] GC(263) Pause Mark Start 0.010ms
[37.722s][info][gc,phases   ] GC(263) Concurrent Mark 25.385ms
[37.723s][info][gc,phases   ] GC(263) Pause Mark End 0.030ms
[37.723s][info][gc,phases   ] GC(263) Concurrent Mark Free 0.002ms
[37.726s][info][gc,phases   ] GC(263) Concurrent Process Non-Strong References 2.549ms
[37.726s][info][gc,phases   ] GC(263) Concurrent Reset Relocation Set 0.040ms
[37.734s][info][gc,phases   ] GC(263) Concurrent Select Relocation Set 8.320ms
[37.735s][info][gc,phases   ] GC(263) Pause Relocate Start 0.009ms
[37.739s][info][gc,phases   ] GC(263) Concurrent Relocate 3.883ms
[37.739s][info][gc,load     ] GC(263) Load: 0.00/0.00/0.00
[37.739s][info][gc,mmu      ] GC(263) MMU: 2ms/95.9%, 5ms/98.4%, 10ms/99.2%, 20ms/99.6%, 50ms/99.8%, 100ms/99.9%
[37.739s][info][gc,marking  ] GC(263) Mark: 8 stripe(s), 3 proactive flush(es), 1 terminate flush(es), 0 completion(s), 0 continuation(s) 
[37.739s][info][gc,marking  ] GC(263) Mark Stack Usage: 32M
[37.739s][info][gc,nmethod  ] GC(263) NMethods: 4686 registered, 42 unregistered
[37.739s][info][gc,metaspace] GC(263) Metaspace: 72M used, 72M committed, 1088M reserved
[37.739s][info][gc,ref      ] GC(263) Soft: 2389 encountered, 0 discovered, 0 enqueued
[37.739s][info][gc,ref      ] GC(263) Weak: 10952 encountered, 2145 discovered, 0 enqueued
[37.739s][info][gc,ref      ] GC(263) Final: 289 encountered, 47 discovered, 0 enqueued
[37.739s][info][gc,ref      ] GC(263) Phantom: 424 encountered, 311 discovered, 0 enqueued
[37.739s][info][gc,reloc    ] GC(263) Small Pages: 277 / 554M, Empty: 232M, Relocated: 5M, In-Place: 0
[37.740s][info][gc,reloc    ] GC(263) Medium Pages: 0 / 0M, Empty: 0M, Relocated: 0M, In-Place: 0
[37.740s][info][gc,reloc    ] GC(263) Large Pages: 0 / 0M, Empty: 0M, Relocated: 0M, In-Place: 0
[37.740s][info][gc,reloc    ] GC(263) Forwarding Usage: 2M
[37.740s][info][gc,heap     ] GC(263) Min Capacity: 8M(1%)
[37.740s][info][gc,heap     ] GC(263) Max Capacity: 1024M(100%)
[37.740s][info][gc,heap     ] GC(263) Soft Max Capacity: 1024M(100%)
[37.740s][info][gc,heap     ] GC(263)                Mark Start          Mark End        Relocate Start      Relocate End           High               Low         
[37.740s][info][gc,heap     ] GC(263)  Capacity:     1024M (100%)       1024M (100%)       1024M (100%)       1024M (100%)       1024M (100%)       1024M (100%)   
[37.740s][info][gc,heap     ] GC(263)      Free:      470M (46%)         346M (34%)         528M (52%)         762M (74%)         762M (74%)         330M (32%)    
[37.740s][info][gc,heap     ] GC(263)      Used:      554M (54%)         678M (66%)         496M (48%)         262M (26%)         694M (68%)         262M (26%)    
[37.740s][info][gc,heap     ] GC(263)      Live:         -                51M (5%)           51M (5%)           51M (5%)             -                  -          
[37.740s][info][gc,heap     ] GC(263) Allocated:         -               124M (12%)         174M (17%)         181M (18%)            -                  -          
[37.740s][info][gc,heap     ] GC(263)   Garbage:         -               502M (49%)         270M (26%)          28M (3%)             -                  -          
[37.740s][info][gc,heap     ] GC(263) Reclaimed:         -                  -               232M (23%)         473M (46%)            -                  -          
[37.740s][info][gc          ] GC(263) Garbage Collection (Allocation Rate) 554M(54%)->262M(26%)
[37.795s][info][gc,start    ] GC(264) Garbage Collection (Allocation Rate)
[37.796s][info][gc,task     ] GC(264) Using 10 workers
[37.796s][info][gc,phases   ] GC(264) Pause Mark Start 0.009ms
[37.817s][info][gc,phases   ] GC(264) Concurrent Mark 20.700ms
[37.817s][info][gc,phases   ] GC(264) Pause Mark End 0.028ms
[37.819s][info][gc,phases   ] GC(264) Concurrent Mark Free 0.001ms
[37.821s][info][gc,phases   ] GC(264) Concurrent Process Non-Strong References 2.410ms
[37.821s][info][gc,phases   ] GC(264) Concurrent Reset Relocation Set 0.041ms
[37.830s][info][gc,phases   ] GC(264) Concurrent Select Relocation Set 8.692ms
[37.830s][info][gc,phases   ] GC(264) Pause Relocate Start 0.009ms
[37.834s][info][gc,phases   ] GC(264) Concurrent Relocate 3.683ms
[37.834s][info][gc,load     ] GC(264) Load: 0.00/0.00/0.00
[37.834s][info][gc,mmu      ] GC(264) MMU: 2ms/95.9%, 5ms/98.4%, 10ms/99.2%, 20ms/99.6%, 50ms/99.8%, 100ms/99.9%
[37.834s][info][gc,marking  ] GC(264) Mark: 8 stripe(s), 3 proactive flush(es), 1 terminate flush(es), 0 completion(s), 0 continuation(s) 
[37.834s][info][gc,marking  ] GC(264) Mark Stack Usage: 32M
[37.834s][info][gc,nmethod  ] GC(264) NMethods: 4684 registered, 45 unregistered
[37.834s][info][gc,metaspace] GC(264) Metaspace: 72M used, 72M committed, 1088M reserved
[37.834s][info][gc,ref      ] GC(264) Soft: 2389 encountered, 0 discovered, 0 enqueued
[37.834s][info][gc,ref      ] GC(264) Weak: 10902 encountered, 1350 discovered, 138 enqueued
[37.834s][info][gc,ref      ] GC(264) Final: 289 encountered, 18 discovered, 0 enqueued
[37.834s][info][gc,ref      ] GC(264) Phantom: 424 encountered, 347 discovered, 0 enqueued
[37.834s][info][gc,reloc    ] GC(264) Small Pages: 270 / 540M, Empty: 174M, Relocated: 8M, In-Place: 0
[37.834s][info][gc,reloc    ] GC(264) Medium Pages: 0 / 0M, Empty: 0M, Relocated: 0M, In-Place: 0
[37.834s][info][gc,reloc    ] GC(264) Large Pages: 0 / 0M, Empty: 0M, Relocated: 0M, In-Place: 0
[37.835s][info][gc,reloc    ] GC(264) Forwarding Usage: 3M
[37.835s][info][gc,heap     ] GC(264) Min Capacity: 8M(1%)
[37.835s][info][gc,heap     ] GC(264) Max Capacity: 1024M(100%)
[37.835s][info][gc,heap     ] GC(264) Soft Max Capacity: 1024M(100%)
[37.835s][info][gc,heap     ] GC(264)                Mark Start          Mark End        Relocate Start      Relocate End           High               Low         
[37.835s][info][gc,heap     ] GC(264)  Capacity:     1024M (100%)       1024M (100%)       1024M (100%)       1024M (100%)       1024M (100%)       1024M (100%)   
[37.835s][info][gc,heap     ] GC(264)      Free:      484M (47%)         382M (37%)         498M (49%)         784M (77%)         784M (77%)         364M (36%)    
[37.835s][info][gc,heap     ] GC(264)      Used:      540M (53%)         642M (63%)         526M (51%)         240M (23%)         660M (64%)         240M (23%)    
[37.835s][info][gc,heap     ] GC(264)      Live:         -                50M (5%)           50M (5%)           50M (5%)             -                  -          
[37.835s][info][gc,heap     ] GC(264) Allocated:         -               102M (10%)         160M (16%)         165M (16%)            -                  -          
[37.835s][info][gc,heap     ] GC(264)   Garbage:         -               489M (48%)         315M (31%)          24M (2%)             -                  -          
[37.835s][info][gc,heap     ] GC(264) Reclaimed:         -                  -               174M (17%)         465M (45%)            -                  -          
[37.835s][info][gc          ] GC(264) Garbage Collection (Allocation Rate) 540M(53%)->240M(23%)
[37.896s][info][gc,start    ] GC(265) Garbage Collection (Allocation Rate)
[37.902s][info][gc,task     ] GC(265) Using 10 workers
[37.903s][info][gc,phases   ] GC(265) Pause Mark Start 0.012ms
[37.924s][info][gc,phases   ] GC(265) Concurrent Mark 21.317ms
[37.924s][info][gc,phases   ] GC(265) Pause Mark End 0.025ms
[37.925s][info][gc,phases   ] GC(265) Concurrent Mark Free 0.002ms
[37.930s][info][gc,phases   ] GC(265) Concurrent Process Non-Strong References 4.853ms
[37.930s][info][gc,phases   ] GC(265) Concurrent Reset Relocation Set 0.045ms
[37.940s][info][gc,phases   ] GC(265) Concurrent Select Relocation Set 9.325ms
[37.940s][info][gc,phases   ] GC(265) Pause Relocate Start 0.009ms
[37.945s][info][gc,phases   ] GC(265) Concurrent Relocate 4.873ms
[37.945s][info][gc,load     ] GC(265) Load: 0.00/0.00/0.00
[37.945s][info][gc,mmu      ] GC(265) MMU: 2ms/95.9%, 5ms/98.4%, 10ms/99.2%, 20ms/99.6%, 50ms/99.8%, 100ms/99.9%
[37.945s][info][gc,marking  ] GC(265) Mark: 8 stripe(s), 3 proactive flush(es), 1 terminate flush(es), 0 completion(s), 0 continuation(s) 
[37.945s][info][gc,marking  ] GC(265) Mark Stack Usage: 32M
[37.946s][info][gc,nmethod  ] GC(265) NMethods: 4684 registered, 45 unregistered
[37.946s][info][gc,metaspace] GC(265) Metaspace: 72M used, 72M committed, 1088M reserved
[37.946s][info][gc,ref      ] GC(265) Soft: 2389 encountered, 0 discovered, 0 enqueued
[37.946s][info][gc,ref      ] GC(265) Weak: 10764 encountered, 1796 discovered, 0 enqueued
[37.946s][info][gc,ref      ] GC(265) Final: 289 encountered, 10 discovered, 0 enqueued
[37.946s][info][gc,ref      ] GC(265) Phantom: 424 encountered, 287 discovered, 0 enqueued
[37.946s][info][gc,reloc    ] GC(265) Small Pages: 292 / 584M, Empty: 258M, Relocated: 8M, In-Place: 0
[37.946s][info][gc,reloc    ] GC(265) Medium Pages: 0 / 0M, Empty: 0M, Relocated: 0M, In-Place: 0
[37.946s][info][gc,reloc    ] GC(265) Large Pages: 0 / 0M, Empty: 0M, Relocated: 0M, In-Place: 0
[37.946s][info][gc,reloc    ] GC(265) Forwarding Usage: 3M
[37.946s][info][gc,heap     ] GC(265) Min Capacity: 8M(1%)
[37.946s][info][gc,heap     ] GC(265) Max Capacity: 1024M(100%)
[37.946s][info][gc,heap     ] GC(265) Soft Max Capacity: 1024M(100%)
[37.946s][info][gc,heap     ] GC(265)                Mark Start          Mark End        Relocate Start      Relocate End           High               Low         
[37.946s][info][gc,heap     ] GC(265)  Capacity:     1024M (100%)       1024M (100%)       1024M (100%)       1024M (100%)       1024M (100%)       1024M (100%)   
[37.946s][info][gc,heap     ] GC(265)      Free:      440M (43%)         334M (33%)         522M (51%)         762M (74%)         764M (75%)         308M (30%)    
[37.946s][info][gc,heap     ] GC(265)      Used:      584M (57%)         690M (67%)         502M (49%)         262M (26%)         716M (70%)         260M (25%)    
[37.946s][info][gc,heap     ] GC(265)      Live:         -                50M (5%)           50M (5%)           50M (5%)             -                  -          
[37.946s][info][gc,heap     ] GC(265) Allocated:         -               106M (10%)         176M (17%)         187M (18%)            -                  -          
[37.946s][info][gc,heap     ] GC(265)   Garbage:         -               533M (52%)         275M (27%)          24M (2%)             -                  -          
[37.946s][info][gc,heap     ] GC(265) Reclaimed:         -                  -               258M (25%)         509M (50%)            -                  -          
[37.946s][info][gc          ] GC(265) Garbage Collection (Allocation Rate) 584M(57%)->262M(26%)
[37.997s][info][gc,start    ] GC(266) Garbage Collection (Allocation Rate)
[37.997s][info][gc,task     ] GC(266) Using 10 workers
[37.997s][info][gc,phases   ] GC(266) Pause Mark Start 0.016ms
[38.022s][info][gc,phases   ] GC(266) Concurrent Mark 24.357ms
[38.022s][info][gc,phases   ] GC(266) Pause Mark End 0.029ms
[38.022s][info][gc,phases   ] GC(266) Concurrent Mark Free 0.001ms
[38.025s][info][gc,phases   ] GC(266) Concurrent Process Non-Strong References 2.433ms
[38.025s][info][gc,phases   ] GC(266) Concurrent Reset Relocation Set 0.034ms
[38.030s][info][gc,phases   ] GC(266) Concurrent Select Relocation Set 4.993ms
[38.030s][info][gc,phases   ] GC(266) Pause Relocate Start 0.008ms
[38.036s][info][gc,phases   ] GC(266) Concurrent Relocate 4.825ms
[38.036s][info][gc,load     ] GC(266) Load: 0.00/0.00/0.00
[38.036s][info][gc,mmu      ] GC(266) MMU: 2ms/95.9%, 5ms/98.4%, 10ms/99.2%, 20ms/99.6%, 50ms/99.8%, 100ms/99.9%
[38.036s][info][gc,marking  ] GC(266) Mark: 8 stripe(s), 3 proactive flush(es), 1 terminate flush(es), 0 completion(s), 0 continuation(s) 
[38.036s][info][gc,marking  ] GC(266) Mark Stack Usage: 32M
[38.036s][info][gc,nmethod  ] GC(266) NMethods: 4684 registered, 45 unregistered
[38.036s][info][gc,metaspace] GC(266) Metaspace: 72M used, 72M committed, 1088M reserved
[38.036s][info][gc,ref      ] GC(266) Soft: 2389 encountered, 0 discovered, 0 enqueued
[38.036s][info][gc,ref      ] GC(266) Weak: 10764 encountered, 1692 discovered, 0 enqueued
[38.036s][info][gc,ref      ] GC(266) Final: 289 encountered, 12 discovered, 0 enqueued
[38.036s][info][gc,ref      ] GC(266) Phantom: 424 encountered, 246 discovered, 0 enqueued
[38.036s][info][gc,reloc    ] GC(266) Small Pages: 260 / 520M, Empty: 212M, Relocated: 6M, In-Place: 0
[38.036s][info][gc,reloc    ] GC(266) Medium Pages: 0 / 0M, Empty: 0M, Relocated: 0M, In-Place: 0
[38.036s][info][gc,reloc    ] GC(266) Large Pages: 0 / 0M, Empty: 0M, Relocated: 0M, In-Place: 0
[38.036s][info][gc,reloc    ] GC(266) Forwarding Usage: 3M
[38.036s][info][gc,heap     ] GC(266) Min Capacity: 8M(1%)
[38.036s][info][gc,heap     ] GC(266) Max Capacity: 1024M(100%)
[38.036s][info][gc,heap     ] GC(266) Soft Max Capacity: 1024M(100%)
[38.036s][info][gc,heap     ] GC(266)                Mark Start          Mark End        Relocate Start      Relocate End           High               Low         
[38.036s][info][gc,heap     ] GC(266)  Capacity:     1024M (100%)       1024M (100%)       1024M (100%)       1024M (100%)       1024M (100%)       1024M (100%)   
[38.036s][info][gc,heap     ] GC(266)      Free:      504M (49%)         386M (38%)         562M (55%)         782M (76%)         784M (77%)         376M (37%)    
[38.036s][info][gc,heap     ] GC(266)      Used:      520M (51%)         638M (62%)         462M (45%)         242M (24%)         648M (63%)         240M (23%)    
[38.036s][info][gc,heap     ] GC(266)      Live:         -                49M (5%)           49M (5%)           49M (5%)             -                  -          
[38.036s][info][gc,heap     ] GC(266) Allocated:         -               118M (12%)         154M (15%)         164M (16%)            -                  -          
[38.036s][info][gc,heap     ] GC(266)   Garbage:         -               470M (46%)         258M (25%)          27M (3%)             -                  -          
[38.036s][info][gc,heap     ] GC(266) Reclaimed:         -                  -               212M (21%)         442M (43%)            -                  -          
[38.036s][info][gc          ] GC(266) Garbage Collection (Allocation Rate) 520M(51%)->242M(24%)
[38.097s][info][gc,start    ] GC(267) Garbage Collection (Allocation Rate)
[38.098s][info][gc,task     ] GC(267) Using 10 workers
[38.098s][info][gc,phases   ] GC(267) Pause Mark Start 0.011ms
[38.119s][info][gc,phases   ] GC(267) Concurrent Mark 20.774ms
[38.119s][info][gc,phases   ] GC(267) Pause Mark End 0.027ms
[38.121s][info][gc,phases   ] GC(267) Concurrent Mark Free 0.001ms
[38.123s][info][gc,phases   ] GC(267) Concurrent Process Non-Strong References 2.343ms
[38.123s][info][gc,phases   ] GC(267) Concurrent Reset Relocation Set 0.045ms
[38.135s][info][gc,phases   ] GC(267) Concurrent Select Relocation Set 11.506ms
[38.135s][info][gc,phases   ] GC(267) Pause Relocate Start 0.010ms
[38.140s][info][gc,phases   ] GC(267) Concurrent Relocate 4.728ms
[38.140s][info][gc,load     ] GC(267) Load: 0.00/0.00/0.00
[38.140s][info][gc,mmu      ] GC(267) MMU: 2ms/95.9%, 5ms/98.4%, 10ms/99.2%, 20ms/99.6%, 50ms/99.8%, 100ms/99.9%
[38.140s][info][gc,marking  ] GC(267) Mark: 8 stripe(s), 3 proactive flush(es), 1 terminate flush(es), 0 completion(s), 0 continuation(s) 
[38.140s][info][gc,marking  ] GC(267) Mark Stack Usage: 32M
[38.140s][info][gc,nmethod  ] GC(267) NMethods: 4684 registered, 45 unregistered
[38.140s][info][gc,metaspace] GC(267) Metaspace: 72M used, 72M committed, 1088M reserved
[38.140s][info][gc,ref      ] GC(267) Soft: 2389 encountered, 0 discovered, 0 enqueued
[38.140s][info][gc,ref      ] GC(267) Weak: 10764 encountered, 1891 discovered, 0 enqueued
[38.140s][info][gc,ref      ] GC(267) Final: 289 encountered, 13 discovered, 0 enqueued
[38.140s][info][gc,ref      ] GC(267) Phantom: 424 encountered, 282 discovered, 0 enqueued
[38.140s][info][gc,reloc    ] GC(267) Small Pages: 274 / 548M, Empty: 236M, Relocated: 12M, In-Place: 0
[38.140s][info][gc,reloc    ] GC(267) Medium Pages: 0 / 0M, Empty: 0M, Relocated: 0M, In-Place: 0
[38.140s][info][gc,reloc    ] GC(267) Large Pages: 0 / 0M, Empty: 0M, Relocated: 0M, In-Place: 0
[38.140s][info][gc,reloc    ] GC(267) Forwarding Usage: 3M
[38.140s][info][gc,heap     ] GC(267) Min Capacity: 8M(1%)
[38.140s][info][gc,heap     ] GC(267) Max Capacity: 1024M(100%)
[38.140s][info][gc,heap     ] GC(267) Soft Max Capacity: 1024M(100%)
[38.140s][info][gc,heap     ] GC(267)                Mark Start          Mark End        Relocate Start      Relocate End           High               Low         
[38.141s][info][gc,heap     ] GC(267)  Capacity:     1024M (100%)       1024M (100%)       1024M (100%)       1024M (100%)       1024M (100%)       1024M (100%)   
[38.141s][info][gc,heap     ] GC(267)      Free:      476M (46%)         372M (36%)         540M (53%)         772M (75%)         772M (75%)         356M (35%)    
[38.141s][info][gc,heap     ] GC(267)      Used:      548M (54%)         652M (64%)         484M (47%)         252M (25%)         668M (65%)         252M (25%)    
[38.141s][info][gc,heap     ] GC(267)      Live:         -                49M (5%)           49M (5%)           49M (5%)             -                  -          
[38.141s][info][gc,heap     ] GC(267) Allocated:         -               104M (10%)         172M (17%)         180M (18%)            -                  -          
[38.141s][info][gc,heap     ] GC(267)   Garbage:         -               498M (49%)         262M (26%)          21M (2%)             -                  -          
[38.141s][info][gc,heap     ] GC(267) Reclaimed:         -                  -               236M (23%)         476M (47%)            -                  -          
[38.141s][info][gc          ] GC(267) Garbage Collection (Allocation Rate) 548M(54%)->252M(25%)
[38.196s][info][gc,start    ] GC(268) Garbage Collection (Allocation Rate)
[38.196s][info][gc,task     ] GC(268) Using 10 workers
[38.197s][info][gc,phases   ] GC(268) Pause Mark Start 0.015ms
[38.219s][info][gc,phases   ] GC(268) Concurrent Mark 21.611ms
[38.219s][info][gc,phases   ] GC(268) Pause Mark End 0.024ms
[38.221s][info][gc,phases   ] GC(268) Concurrent Mark Free 0.002ms
[38.223s][info][gc,phases   ] GC(268) Concurrent Process Non-Strong References 2.644ms
[38.223s][info][gc,phases   ] GC(268) Concurrent Reset Relocation Set 0.037ms
[38.230s][info][gc,phases   ] GC(268) Concurrent Select Relocation Set 6.333ms
[38.230s][info][gc,phases   ] GC(268) Pause Relocate Start 0.009ms
[38.238s][info][gc,phases   ] GC(268) Concurrent Relocate 7.443ms
[38.238s][info][gc,load     ] GC(268) Load: 0.00/0.00/0.00
[38.238s][info][gc,mmu      ] GC(268) MMU: 2ms/95.9%, 5ms/98.4%, 10ms/99.2%, 20ms/99.6%, 50ms/99.8%, 100ms/99.9%
[38.238s][info][gc,marking  ] GC(268) Mark: 8 stripe(s), 3 proactive flush(es), 1 terminate flush(es), 0 completion(s), 0 continuation(s) 
[38.238s][info][gc,marking  ] GC(268) Mark Stack Usage: 32M
[38.238s][info][gc,nmethod  ] GC(268) NMethods: 4684 registered, 45 unregistered
[38.238s][info][gc,metaspace] GC(268) Metaspace: 72M used, 72M committed, 1088M reserved
[38.238s][info][gc,ref      ] GC(268) Soft: 2389 encountered, 0 discovered, 0 enqueued
[38.238s][info][gc,ref      ] GC(268) Weak: 10764 encountered, 1033 discovered, 0 enqueued
[38.238s][info][gc,ref      ] GC(268) Final: 289 encountered, 1 discovered, 0 enqueued
[38.238s][info][gc,ref      ] GC(268) Phantom: 424 encountered, 268 discovered, 0 enqueued
[38.238s][info][gc,reloc    ] GC(268) Small Pages: 268 / 536M, Empty: 236M, Relocated: 8M, In-Place: 0
[38.238s][info][gc,reloc    ] GC(268) Medium Pages: 0 / 0M, Empty: 0M, Relocated: 0M, In-Place: 0
[38.238s][info][gc,reloc    ] GC(268) Large Pages: 0 / 0M, Empty: 0M, Relocated: 0M, In-Place: 0
[38.238s][info][gc,reloc    ] GC(268) Forwarding Usage: 3M
[38.238s][info][gc,heap     ] GC(268) Min Capacity: 8M(1%)
[38.238s][info][gc,heap     ] GC(268) Max Capacity: 1024M(100%)
[38.238s][info][gc,heap     ] GC(268) Soft Max Capacity: 1024M(100%)
[38.238s][info][gc,heap     ] GC(268)                Mark Start          Mark End        Relocate Start      Relocate End           High               Low         
[38.238s][info][gc,heap     ] GC(268)  Capacity:     1024M (100%)       1024M (100%)       1024M (100%)       1024M (100%)       1024M (100%)       1024M (100%)   
[38.238s][info][gc,heap     ] GC(268)      Free:      488M (48%)         380M (37%)         566M (55%)         770M (75%)         786M (77%)         362M (35%)    
[38.238s][info][gc,heap     ] GC(268)      Used:      536M (52%)         644M (63%)         458M (45%)         254M (25%)         662M (65%)         238M (23%)    
[38.238s][info][gc,heap     ] GC(268)      Live:         -                50M (5%)           50M (5%)           50M (5%)             -                  -          
[38.238s][info][gc,heap     ] GC(268) Allocated:         -               108M (11%)         158M (15%)         181M (18%)            -                  -          
[38.238s][info][gc,heap     ] GC(268)   Garbage:         -               485M (47%)         249M (24%)          22M (2%)             -                  -          
[38.238s][info][gc,heap     ] GC(268) Reclaimed:         -                  -               236M (23%)         463M (45%)            -                  -          
[38.238s][info][gc          ] GC(268) Garbage Collection (Allocation Rate) 536M(52%)->254M(25%)
[38.295s][info][gc,start    ] GC(269) Garbage Collection (Allocation Rate)
[38.295s][info][gc,task     ] GC(269) Using 10 workers
[38.296s][info][gc,phases   ] GC(269) Pause Mark Start 0.010ms
[38.320s][info][gc,phases   ] GC(269) Concurrent Mark 23.835ms
[38.320s][info][gc,phases   ] GC(269) Pause Mark End 0.021ms
[38.321s][info][gc,phases   ] GC(269) Concurrent Mark Free 0.001ms
[38.326s][info][gc,phases   ] GC(269) Concurrent Process Non-Strong References 4.393ms
[38.326s][info][gc,phases   ] GC(269) Concurrent Reset Relocation Set 0.036ms
[38.331s][info][gc,phases   ] GC(269) Concurrent Select Relocation Set 4.831ms
[38.331s][info][gc,phases   ] GC(269) Pause Relocate Start 0.009ms
[38.336s][info][gc,phases   ] GC(269) Concurrent Relocate 5.088ms
[38.336s][info][gc,load     ] GC(269) Load: 0.00/0.00/0.00
[38.336s][info][gc,mmu      ] GC(269) MMU: 2ms/95.9%, 5ms/98.4%, 10ms/99.2%, 20ms/99.6%, 50ms/99.8%, 100ms/99.9%
[38.336s][info][gc,marking  ] GC(269) Mark: 8 stripe(s), 3 proactive flush(es), 1 terminate flush(es), 0 completion(s), 0 continuation(s) 
[38.336s][info][gc,marking  ] GC(269) Mark Stack Usage: 32M
[38.336s][info][gc,nmethod  ] GC(269) NMethods: 4684 registered, 45 unregistered
[38.336s][info][gc,metaspace] GC(269) Metaspace: 72M used, 72M committed, 1088M reserved
[38.336s][info][gc,ref      ] GC(269) Soft: 2389 encountered, 0 discovered, 0 enqueued
[38.336s][info][gc,ref      ] GC(269) Weak: 10764 encountered, 1879 discovered, 0 enqueued
[38.336s][info][gc,ref      ] GC(269) Final: 289 encountered, 3 discovered, 0 enqueued
[38.336s][info][gc,ref      ] GC(269) Phantom: 424 encountered, 289 discovered, 0 enqueued
[38.336s][info][gc,reloc    ] GC(269) Small Pages: 271 / 542M, Empty: 212M, Relocated: 8M, In-Place: 0
[38.336s][info][gc,reloc    ] GC(269) Medium Pages: 0 / 0M, Empty: 0M, Relocated: 0M, In-Place: 0
[38.336s][info][gc,reloc    ] GC(269) Large Pages: 0 / 0M, Empty: 0M, Relocated: 0M, In-Place: 0
[38.337s][info][gc,reloc    ] GC(269) Forwarding Usage: 3M
[38.337s][info][gc,heap     ] GC(269) Min Capacity: 8M(1%)
[38.337s][info][gc,heap     ] GC(269) Max Capacity: 1024M(100%)
[38.337s][info][gc,heap     ] GC(269) Soft Max Capacity: 1024M(100%)
[38.337s][info][gc,heap     ] GC(269)                Mark Start          Mark End        Relocate Start      Relocate End           High               Low         
[38.337s][info][gc,heap     ] GC(269)  Capacity:     1024M (100%)       1024M (100%)       1024M (100%)       1024M (100%)       1024M (100%)       1024M (100%)   
[38.337s][info][gc,heap     ] GC(269)      Free:      482M (47%)         366M (36%)         532M (52%)         774M (76%)         778M (76%)         340M (33%)    
[38.337s][info][gc,heap     ] GC(269)      Used:      542M (53%)         658M (64%)         492M (48%)         250M (24%)         684M (67%)         246M (24%)    
[38.337s][info][gc,heap     ] GC(269)      Live:         -                50M (5%)           50M (5%)           50M (5%)             -                  -          
[38.337s][info][gc,heap     ] GC(269) Allocated:         -               116M (11%)         162M (16%)         177M (17%)            -                  -          
[38.337s][info][gc,heap     ] GC(269)   Garbage:         -               491M (48%)         279M (27%)          22M (2%)             -                  -          
[38.337s][info][gc,heap     ] GC(269) Reclaimed:         -                  -               212M (21%)         469M (46%)            -                  -          
[38.337s][info][gc          ] GC(269) Garbage Collection (Allocation Rate) 542M(53%)->250M(24%)
[38.395s][info][gc,start    ] GC(270) Garbage Collection (Allocation Rate)
[38.395s][info][gc,task     ] GC(270) Using 10 workers
[38.396s][info][gc,phases   ] GC(270) Pause Mark Start 0.010ms
[38.420s][info][gc,phases   ] GC(270) Concurrent Mark 23.542ms
[38.420s][info][gc,phases   ] GC(270) Pause Mark End 0.027ms
[38.421s][info][gc,phases   ] GC(270) Concurrent Mark Free 0.002ms
[38.424s][info][gc,phases   ] GC(270) Concurrent Process Non-Strong References 2.426ms
[38.424s][info][gc,phases   ] GC(270) Concurrent Reset Relocation Set 0.041ms
[38.429s][info][gc,phases   ] GC(270) Concurrent Select Relocation Set 5.127ms
[38.429s][info][gc,phases   ] GC(270) Pause Relocate Start 0.008ms
[38.435s][info][gc,phases   ] GC(270) Concurrent Relocate 5.455ms
[38.435s][info][gc,load     ] GC(270) Load: 0.00/0.00/0.00
[38.435s][info][gc,mmu      ] GC(270) MMU: 2ms/95.9%, 5ms/98.4%, 10ms/99.2%, 20ms/99.6%, 50ms/99.8%, 100ms/99.9%
[38.435s][info][gc,marking  ] GC(270) Mark: 8 stripe(s), 3 proactive flush(es), 1 terminate flush(es), 0 completion(s), 0 continuation(s) 
[38.435s][info][gc,marking  ] GC(270) Mark Stack Usage: 32M
[38.435s][info][gc,nmethod  ] GC(270) NMethods: 4684 registered, 45 unregistered
[38.435s][info][gc,metaspace] GC(270) Metaspace: 72M used, 72M committed, 1088M reserved
[38.435s][info][gc,ref      ] GC(270) Soft: 2389 encountered, 0 discovered, 0 enqueued
[38.435s][info][gc,ref      ] GC(270) Weak: 10764 encountered, 1607 discovered, 0 enqueued
[38.435s][info][gc,ref      ] GC(270) Final: 289 encountered, 49 discovered, 0 enqueued
[38.436s][info][gc,ref      ] GC(270) Phantom: 424 encountered, 329 discovered, 0 enqueued
[38.436s][info][gc,reloc    ] GC(270) Small Pages: 273 / 546M, Empty: 232M, Relocated: 8M, In-Place: 0
[38.436s][info][gc,reloc    ] GC(270) Medium Pages: 0 / 0M, Empty: 0M, Relocated: 0M, In-Place: 0
[38.436s][info][gc,reloc    ] GC(270) Large Pages: 0 / 0M, Empty: 0M, Relocated: 0M, In-Place: 0
[38.436s][info][gc,reloc    ] GC(270) Forwarding Usage: 3M
[38.436s][info][gc,heap     ] GC(270) Min Capacity: 8M(1%)
[38.436s][info][gc,heap     ] GC(270) Max Capacity: 1024M(100%)
[38.436s][info][gc,heap     ] GC(270) Soft Max Capacity: 1024M(100%)
[38.436s][info][gc,heap     ] GC(270)                Mark Start          Mark End        Relocate Start      Relocate End           High               Low         
[38.436s][info][gc,heap     ] GC(270)  Capacity:     1024M (100%)       1024M (100%)       1024M (100%)       1024M (100%)       1024M (100%)       1024M (100%)   
[38.436s][info][gc,heap     ] GC(270)      Free:      478M (47%)         362M (35%)         554M (54%)         782M (76%)         788M (77%)         348M (34%)    
[38.436s][info][gc,heap     ] GC(270)      Used:      546M (53%)         662M (65%)         470M (46%)         242M (24%)         676M (66%)         236M (23%)    
[38.436s][info][gc,heap     ] GC(270)      Live:         -                50M (5%)           50M (5%)           50M (5%)             -                  -          
[38.436s][info][gc,heap     ] GC(270) Allocated:         -               116M (11%)         156M (15%)         169M (17%)            -                  -          
[38.436s][info][gc,heap     ] GC(270)   Garbage:         -               495M (48%)         263M (26%)          22M (2%)             -                  -          
[38.436s][info][gc,heap     ] GC(270) Reclaimed:         -                  -               232M (23%)         473M (46%)            -                  -          
[38.436s][info][gc          ] GC(270) Garbage Collection (Allocation Rate) 546M(53%)->242M(24%)
[38.497s][info][gc,start    ] GC(271) Garbage Collection (Allocation Rate)
[38.497s][info][gc,task     ] GC(271) Using 10 workers
[38.497s][info][gc,phases   ] GC(271) Pause Mark Start 0.011ms
[38.518s][info][gc,phases   ] GC(271) Concurrent Mark 20.753ms
[38.519s][info][gc,phases   ] GC(271) Pause Mark End 0.025ms
[38.519s][info][gc,phases   ] GC(271) Concurrent Mark Free 0.001ms
[38.521s][info][gc,phases   ] GC(271) Concurrent Process Non-Strong References 2.248ms
[38.521s][info][gc,phases   ] GC(271) Concurrent Reset Relocation Set 0.033ms
[38.526s][info][gc,phases   ] GC(271) Concurrent Select Relocation Set 4.816ms
[38.526s][info][gc,phases   ] GC(271) Pause Relocate Start 0.008ms
[38.532s][info][gc,phases   ] GC(271) Concurrent Relocate 5.033ms
[38.532s][info][gc,load     ] GC(271) Load: 0.00/0.00/0.00
[38.532s][info][gc,mmu      ] GC(271) MMU: 2ms/95.9%, 5ms/98.4%, 10ms/99.2%, 20ms/99.6%, 50ms/99.8%, 100ms/99.9%
[38.532s][info][gc,marking  ] GC(271) Mark: 8 stripe(s), 3 proactive flush(es), 1 terminate flush(es), 0 completion(s), 0 continuation(s) 
[38.532s][info][gc,marking  ] GC(271) Mark Stack Usage: 32M
[38.532s][info][gc,nmethod  ] GC(271) NMethods: 4684 registered, 45 unregistered
[38.532s][info][gc,metaspace] GC(271) Metaspace: 72M used, 72M committed, 1088M reserved
[38.532s][info][gc,ref      ] GC(271) Soft: 2389 encountered, 0 discovered, 0 enqueued
[38.532s][info][gc,ref      ] GC(271) Weak: 10764 encountered, 1907 discovered, 0 enqueued
[38.532s][info][gc,ref      ] GC(271) Final: 289 encountered, 7 discovered, 0 enqueued
[38.532s][info][gc,ref      ] GC(271) Phantom: 424 encountered, 375 discovered, 0 enqueued
[38.532s][info][gc,reloc    ] GC(271) Small Pages: 276 / 552M, Empty: 244M, Relocated: 8M, In-Place: 0
[38.532s][info][gc,reloc    ] GC(271) Medium Pages: 0 / 0M, Empty: 0M, Relocated: 0M, In-Place: 0
[38.532s][info][gc,reloc    ] GC(271) Large Pages: 0 / 0M, Empty: 0M, Relocated: 0M, In-Place: 0
[38.532s][info][gc,reloc    ] GC(271) Forwarding Usage: 3M
[38.532s][info][gc,heap     ] GC(271) Min Capacity: 8M(1%)
[38.532s][info][gc,heap     ] GC(271) Max Capacity: 1024M(100%)
[38.532s][info][gc,heap     ] GC(271) Soft Max Capacity: 1024M(100%)
[38.532s][info][gc,heap     ] GC(271)                Mark Start          Mark End        Relocate Start      Relocate End           High               Low         
[38.532s][info][gc,heap     ] GC(271)  Capacity:     1024M (100%)       1024M (100%)       1024M (100%)       1024M (100%)       1024M (100%)       1024M (100%)   
[38.532s][info][gc,heap     ] GC(271)      Free:      472M (46%)         368M (36%)         578M (56%)         800M (78%)         806M (79%)         356M (35%)    
[38.532s][info][gc,heap     ] GC(271)      Used:      552M (54%)         656M (64%)         446M (44%)         224M (22%)         668M (65%)         218M (21%)    
[38.532s][info][gc,heap     ] GC(271)      Live:         -                49M (5%)           49M (5%)           49M (5%)             -                  -          
[38.532s][info][gc,heap     ] GC(271) Allocated:         -               104M (10%)         138M (13%)         151M (15%)            -                  -          
[38.532s][info][gc,heap     ] GC(271)   Garbage:         -               502M (49%)         258M (25%)          22M (2%)             -                  -          
[38.532s][info][gc,heap     ] GC(271) Reclaimed:         -                  -               244M (24%)         479M (47%)            -                  -          
[38.532s][info][gc          ] GC(271) Garbage Collection (Allocation Rate) 552M(54%)->224M(22%)
[38.596s][info][gc,start    ] GC(272) Garbage Collection (Allocation Rate)
[38.596s][info][gc,task     ] GC(272) Using 10 workers
[38.596s][info][gc,phases   ] GC(272) Pause Mark Start 0.010ms
[38.617s][info][gc,phases   ] GC(272) Concurrent Mark 20.774ms
[38.618s][info][gc,phases   ] GC(272) Pause Mark End 0.031ms
[38.619s][info][gc,phases   ] GC(272) Concurrent Mark Free 0.001ms
[38.623s][info][gc,phases   ] GC(272) Concurrent Process Non-Strong References 4.218ms
[38.623s][info][gc,phases   ] GC(272) Concurrent Reset Relocation Set 0.037ms
[38.628s][info][gc,phases   ] GC(272) Concurrent Select Relocation Set 4.874ms
[38.628s][info][gc,phases   ] GC(272) Pause Relocate Start 0.008ms
[38.633s][info][gc,phases   ] GC(272) Concurrent Relocate 4.637ms
[38.633s][info][gc,load     ] GC(272) Load: 0.00/0.00/0.00
[38.633s][info][gc,mmu      ] GC(272) MMU: 2ms/95.9%, 5ms/98.4%, 10ms/99.2%, 20ms/99.6%, 50ms/99.8%, 100ms/99.9%
[38.633s][info][gc,marking  ] GC(272) Mark: 8 stripe(s), 3 proactive flush(es), 1 terminate flush(es), 0 completion(s), 0 continuation(s) 
[38.633s][info][gc,marking  ] GC(272) Mark Stack Usage: 32M
[38.633s][info][gc,nmethod  ] GC(272) NMethods: 4684 registered, 45 unregistered
[38.633s][info][gc,metaspace] GC(272) Metaspace: 72M used, 72M committed, 1088M reserved
[38.633s][info][gc,ref      ] GC(272) Soft: 2389 encountered, 0 discovered, 0 enqueued
[38.633s][info][gc,ref      ] GC(272) Weak: 10764 encountered, 1953 discovered, 0 enqueued
[38.633s][info][gc,ref      ] GC(272) Final: 289 encountered, 23 discovered, 0 enqueued
[38.633s][info][gc,ref      ] GC(272) Phantom: 424 encountered, 301 discovered, 0 enqueued
[38.634s][info][gc,reloc    ] GC(272) Small Pages: 273 / 546M, Empty: 230M, Relocated: 8M, In-Place: 0
[38.634s][info][gc,reloc    ] GC(272) Medium Pages: 0 / 0M, Empty: 0M, Relocated: 0M, In-Place: 0
[38.634s][info][gc,reloc    ] GC(272) Large Pages: 0 / 0M, Empty: 0M, Relocated: 0M, In-Place: 0
[38.634s][info][gc,reloc    ] GC(272) Forwarding Usage: 2M
[38.634s][info][gc,heap     ] GC(272) Min Capacity: 8M(1%)
[38.634s][info][gc,heap     ] GC(272) Max Capacity: 1024M(100%)
[38.634s][info][gc,heap     ] GC(272) Soft Max Capacity: 1024M(100%)
[38.634s][info][gc,heap     ] GC(272)                Mark Start          Mark End        Relocate Start      Relocate End           High               Low         
[38.634s][info][gc,heap     ] GC(272)  Capacity:     1024M (100%)       1024M (100%)       1024M (100%)       1024M (100%)       1024M (100%)       1024M (100%)   
[38.634s][info][gc,heap     ] GC(272)      Free:      478M (47%)         376M (37%)         558M (54%)         792M (77%)         792M (77%)         354M (35%)    
[38.634s][info][gc,heap     ] GC(272)      Used:      546M (53%)         648M (63%)         466M (46%)         232M (23%)         670M (65%)         232M (23%)    
[38.634s][info][gc,heap     ] GC(272)      Live:         -                49M (5%)           49M (5%)           49M (5%)             -                  -          
[38.634s][info][gc,heap     ] GC(272) Allocated:         -               102M (10%)         150M (15%)         159M (16%)            -                  -          
[38.634s][info][gc,heap     ] GC(272)   Garbage:         -               496M (48%)         266M (26%)          22M (2%)             -                  -          
[38.634s][info][gc,heap     ] GC(272) Reclaimed:         -                  -               230M (22%)         473M (46%)            -                  -          
[38.634s][info][gc          ] GC(272) Garbage Collection (Allocation Rate) 546M(53%)->232M(23%)
[38.697s][info][gc,start    ] GC(273) Garbage Collection (Allocation Rate)
[38.697s][info][gc,task     ] GC(273) Using 10 workers
[38.697s][info][gc,phases   ] GC(273) Pause Mark Start 0.010ms
[38.719s][info][gc,phases   ] GC(273) Concurrent Mark 22.154ms
[38.720s][info][gc,phases   ] GC(273) Pause Mark End 0.029ms
[38.721s][info][gc,phases   ] GC(273) Concurrent Mark Free 0.001ms
[38.723s][info][gc,phases   ] GC(273) Concurrent Process Non-Strong References 2.400ms
[38.724s][info][gc,phases   ] GC(273) Concurrent Reset Relocation Set 0.040ms
[38.732s][info][gc,phases   ] GC(273) Concurrent Select Relocation Set 8.894ms
[38.733s][info][gc,phases   ] GC(273) Pause Relocate Start 0.009ms
[38.738s][info][gc,phases   ] GC(273) Concurrent Relocate 4.846ms
[38.738s][info][gc,load     ] GC(273) Load: 0.00/0.00/0.00
[38.738s][info][gc,mmu      ] GC(273) MMU: 2ms/95.9%, 5ms/98.4%, 10ms/99.2%, 20ms/99.6%, 50ms/99.8%, 100ms/99.9%
[38.738s][info][gc,marking  ] GC(273) Mark: 8 stripe(s), 3 proactive flush(es), 1 terminate flush(es), 0 completion(s), 0 continuation(s) 
[38.738s][info][gc,marking  ] GC(273) Mark Stack Usage: 32M
[38.738s][info][gc,nmethod  ] GC(273) NMethods: 4684 registered, 45 unregistered
[38.738s][info][gc,metaspace] GC(273) Metaspace: 72M used, 72M committed, 1088M reserved
[38.738s][info][gc,ref      ] GC(273) Soft: 2389 encountered, 0 discovered, 0 enqueued
[38.738s][info][gc,ref      ] GC(273) Weak: 10764 encountered, 1943 discovered, 0 enqueued
[38.738s][info][gc,ref      ] GC(273) Final: 289 encountered, 4 discovered, 0 enqueued
[38.738s][info][gc,ref      ] GC(273) Phantom: 424 encountered, 339 discovered, 0 enqueued
[38.738s][info][gc,reloc    ] GC(273) Small Pages: 275 / 550M, Empty: 218M, Relocated: 8M, In-Place: 0
[38.738s][info][gc,reloc    ] GC(273) Medium Pages: 0 / 0M, Empty: 0M, Relocated: 0M, In-Place: 0
[38.738s][info][gc,reloc    ] GC(273) Large Pages: 0 / 0M, Empty: 0M, Relocated: 0M, In-Place: 0
[38.738s][info][gc,reloc    ] GC(273) Forwarding Usage: 3M
[38.738s][info][gc,heap     ] GC(273) Min Capacity: 8M(1%)
[38.738s][info][gc,heap     ] GC(273) Max Capacity: 1024M(100%)
[38.738s][info][gc,heap     ] GC(273) Soft Max Capacity: 1024M(100%)
[38.738s][info][gc,heap     ] GC(273)                Mark Start          Mark End        Relocate Start      Relocate End           High               Low         
[38.738s][info][gc,heap     ] GC(273)  Capacity:     1024M (100%)       1024M (100%)       1024M (100%)       1024M (100%)       1024M (100%)       1024M (100%)   
[38.738s][info][gc,heap     ] GC(273)      Free:      474M (46%)         366M (36%)         528M (52%)         772M (75%)         780M (76%)         350M (34%)    
[38.738s][info][gc,heap     ] GC(273)      Used:      550M (54%)         658M (64%)         496M (48%)         252M (25%)         674M (66%)         244M (24%)    
[38.738s][info][gc,heap     ] GC(273)      Live:         -                49M (5%)           49M (5%)           49M (5%)             -                  -          
[38.738s][info][gc,heap     ] GC(273) Allocated:         -               108M (11%)         164M (16%)         179M (18%)            -                  -          
[38.738s][info][gc,heap     ] GC(273)   Garbage:         -               500M (49%)         282M (28%)          22M (2%)             -                  -          
[38.738s][info][gc,heap     ] GC(273) Reclaimed:         -                  -               218M (21%)         477M (47%)            -                  -          
[38.738s][info][gc          ] GC(273) Garbage Collection (Allocation Rate) 550M(54%)->252M(25%)
[38.796s][info][gc,start    ] GC(274) Garbage Collection (Allocation Rate)
[38.797s][info][gc,task     ] GC(274) Using 10 workers
[38.797s][info][gc,phases   ] GC(274) Pause Mark Start 0.012ms
[38.821s][info][gc,phases   ] GC(274) Concurrent Mark 23.442ms
[38.821s][info][gc,phases   ] GC(274) Pause Mark End 0.029ms
[38.821s][info][gc,phases   ] GC(274) Concurrent Mark Free 0.002ms
[38.824s][info][gc,phases   ] GC(274) Concurrent Process Non-Strong References 2.451ms
[38.824s][info][gc,phases   ] GC(274) Concurrent Reset Relocation Set 0.036ms
[38.829s][info][gc,phases   ] GC(274) Concurrent Select Relocation Set 4.748ms
[38.829s][info][gc,phases   ] GC(274) Pause Relocate Start 0.010ms
[38.834s][info][gc,phases   ] GC(274) Concurrent Relocate 4.710ms
[38.835s][info][gc,load     ] GC(274) Load: 0.00/0.00/0.00
[38.835s][info][gc,mmu      ] GC(274) MMU: 2ms/95.9%, 5ms/98.4%, 10ms/99.2%, 20ms/99.6%, 50ms/99.8%, 100ms/99.9%
[38.835s][info][gc,marking  ] GC(274) Mark: 8 stripe(s), 3 proactive flush(es), 1 terminate flush(es), 0 completion(s), 0 continuation(s) 
[38.835s][info][gc,marking  ] GC(274) Mark Stack Usage: 32M
[38.835s][info][gc,nmethod  ] GC(274) NMethods: 4684 registered, 46 unregistered
[38.835s][info][gc,metaspace] GC(274) Metaspace: 72M used, 72M committed, 1088M reserved
[38.835s][info][gc,ref      ] GC(274) Soft: 2389 encountered, 0 discovered, 0 enqueued
[38.835s][info][gc,ref      ] GC(274) Weak: 10764 encountered, 1747 discovered, 0 enqueued
[38.835s][info][gc,ref      ] GC(274) Final: 289 encountered, 13 discovered, 0 enqueued
[38.835s][info][gc,ref      ] GC(274) Phantom: 424 encountered, 340 discovered, 0 enqueued
[38.835s][info][gc,reloc    ] GC(274) Small Pages: 272 / 544M, Empty: 180M, Relocated: 8M, In-Place: 0
[38.835s][info][gc,reloc    ] GC(274) Medium Pages: 0 / 0M, Empty: 0M, Relocated: 0M, In-Place: 0
[38.835s][info][gc,reloc    ] GC(274) Large Pages: 0 / 0M, Empty: 0M, Relocated: 0M, In-Place: 0
[38.835s][info][gc,reloc    ] GC(274) Forwarding Usage: 2M
[38.835s][info][gc,heap     ] GC(274) Min Capacity: 8M(1%)
[38.835s][info][gc,heap     ] GC(274) Max Capacity: 1024M(100%)
[38.835s][info][gc,heap     ] GC(274) Soft Max Capacity: 1024M(100%)
[38.835s][info][gc,heap     ] GC(274)                Mark Start          Mark End        Relocate Start      Relocate End           High               Low         
[38.835s][info][gc,heap     ] GC(274)  Capacity:     1024M (100%)       1024M (100%)       1024M (100%)       1024M (100%)       1024M (100%)       1024M (100%)   
[38.835s][info][gc,heap     ] GC(274)      Free:      480M (47%)         364M (36%)         508M (50%)         788M (77%)         792M (77%)         354M (35%)    
[38.835s][info][gc,heap     ] GC(274)      Used:      544M (53%)         660M (64%)         516M (50%)         236M (23%)         670M (65%)         232M (23%)    
[38.835s][info][gc,heap     ] GC(274)      Live:         -                49M (5%)           49M (5%)           49M (5%)             -                  -          
[38.835s][info][gc,heap     ] GC(274) Allocated:         -               116M (11%)         152M (15%)         163M (16%)            -                  -          
[38.835s][info][gc,heap     ] GC(274)   Garbage:         -               494M (48%)         314M (31%)          22M (2%)             -                  -          
[38.835s][info][gc,heap     ] GC(274) Reclaimed:         -                  -               180M (18%)         471M (46%)            -                  -          
[38.835s][info][gc          ] GC(274) Garbage Collection (Allocation Rate) 544M(53%)->236M(23%)
[38.896s][info][gc,start    ] GC(275) Garbage Collection (Allocation Rate)
[38.896s][info][gc,task     ] GC(275) Using 10 workers
[38.897s][info][gc,phases   ] GC(275) Pause Mark Start 0.011ms
[38.919s][info][gc,phases   ] GC(275) Concurrent Mark 21.608ms
[38.919s][info][gc,phases   ] GC(275) Pause Mark End 0.026ms
[38.920s][info][gc,phases   ] GC(275) Concurrent Mark Free 0.001ms
[38.925s][info][gc,phases   ] GC(275) Concurrent Process Non-Strong References 4.483ms
[38.925s][info][gc,phases   ] GC(275) Concurrent Reset Relocation Set 0.045ms
[38.934s][info][gc,phases   ] GC(275) Concurrent Select Relocation Set 9.224ms
[38.935s][info][gc,phases   ] GC(275) Pause Relocate Start 0.010ms
[38.941s][info][gc,phases   ] GC(275) Concurrent Relocate 5.736ms
[38.941s][info][gc,load     ] GC(275) Load: 0.00/0.00/0.00
[38.941s][info][gc,mmu      ] GC(275) MMU: 2ms/95.9%, 5ms/98.4%, 10ms/99.2%, 20ms/99.6%, 50ms/99.8%, 100ms/99.9%
[38.941s][info][gc,marking  ] GC(275) Mark: 8 stripe(s), 3 proactive flush(es), 1 terminate flush(es), 0 completion(s), 0 continuation(s) 
[38.941s][info][gc,marking  ] GC(275) Mark Stack Usage: 32M
[38.941s][info][gc,nmethod  ] GC(275) NMethods: 4684 registered, 46 unregistered
[38.941s][info][gc,metaspace] GC(275) Metaspace: 72M used, 72M committed, 1088M reserved
[38.941s][info][gc,ref      ] GC(275) Soft: 2389 encountered, 0 discovered, 0 enqueued
[38.941s][info][gc,ref      ] GC(275) Weak: 10764 encountered, 2036 discovered, 0 enqueued
[38.941s][info][gc,ref      ] GC(275) Final: 289 encountered, 23 discovered, 0 enqueued
[38.941s][info][gc,ref      ] GC(275) Phantom: 424 encountered, 283 discovered, 0 enqueued
[38.941s][info][gc,reloc    ] GC(275) Small Pages: 273 / 546M, Empty: 220M, Relocated: 8M, In-Place: 0
[38.941s][info][gc,reloc    ] GC(275) Medium Pages: 0 / 0M, Empty: 0M, Relocated: 0M, In-Place: 0
[38.941s][info][gc,reloc    ] GC(275) Large Pages: 0 / 0M, Empty: 0M, Relocated: 0M, In-Place: 0
[38.941s][info][gc,reloc    ] GC(275) Forwarding Usage: 3M
[38.941s][info][gc,heap     ] GC(275) Min Capacity: 8M(1%)
[38.941s][info][gc,heap     ] GC(275) Max Capacity: 1024M(100%)
[38.941s][info][gc,heap     ] GC(275) Soft Max Capacity: 1024M(100%)
[38.941s][info][gc,heap     ] GC(275)                Mark Start          Mark End        Relocate Start      Relocate End           High               Low         
[38.941s][info][gc,heap     ] GC(275)  Capacity:     1024M (100%)       1024M (100%)       1024M (100%)       1024M (100%)       1024M (100%)       1024M (100%)   
[38.941s][info][gc,heap     ] GC(275)      Free:      478M (47%)         372M (36%)         520M (51%)         758M (74%)         766M (75%)         346M (34%)    
[38.941s][info][gc,heap     ] GC(275)      Used:      546M (53%)         652M (64%)         504M (49%)         266M (26%)         678M (66%)         258M (25%)    
[38.941s][info][gc,heap     ] GC(275)      Live:         -                49M (5%)           49M (5%)           49M (5%)             -                  -          
[38.941s][info][gc,heap     ] GC(275) Allocated:         -               106M (10%)         178M (17%)         193M (19%)            -                  -          
[38.941s][info][gc,heap     ] GC(275)   Garbage:         -               496M (48%)         276M (27%)          22M (2%)             -                  -          
[38.941s][info][gc,heap     ] GC(275) Reclaimed:         -                  -               220M (21%)         473M (46%)            -                  -          
[38.941s][info][gc          ] GC(275) Garbage Collection (Allocation Rate) 546M(53%)->266M(26%)
[38.996s][info][gc,start    ] GC(276) Garbage Collection (Allocation Rate)
[38.996s][info][gc,task     ] GC(276) Using 10 workers
[38.996s][info][gc,phases   ] GC(276) Pause Mark Start 0.011ms
[39.024s][info][gc,phases   ] GC(276) Concurrent Mark 27.129ms
[39.024s][info][gc,phases   ] GC(276) Pause Mark End 0.026ms
[39.025s][info][gc,phases   ] GC(276) Concurrent Mark Free 0.001ms
[39.029s][info][gc,phases   ] GC(276) Concurrent Process Non-Strong References 4.197ms
[39.029s][info][gc,phases   ] GC(276) Concurrent Reset Relocation Set 0.040ms
[39.034s][info][gc,phases   ] GC(276) Concurrent Select Relocation Set 4.875ms
[39.034s][info][gc,phases   ] GC(276) Pause Relocate Start 0.012ms
[39.039s][info][gc,phases   ] GC(276) Concurrent Relocate 4.926ms
[39.039s][info][gc,load     ] GC(276) Load: 0.00/0.00/0.00
[39.039s][info][gc,mmu      ] GC(276) MMU: 2ms/95.9%, 5ms/98.4%, 10ms/99.2%, 20ms/99.6%, 50ms/99.8%, 100ms/99.9%
[39.040s][info][gc,marking  ] GC(276) Mark: 8 stripe(s), 3 proactive flush(es), 1 terminate flush(es), 0 completion(s), 0 continuation(s) 
[39.040s][info][gc,marking  ] GC(276) Mark Stack Usage: 32M
[39.040s][info][gc,nmethod  ] GC(276) NMethods: 4684 registered, 47 unregistered
[39.040s][info][gc,metaspace] GC(276) Metaspace: 72M used, 72M committed, 1088M reserved
[39.040s][info][gc,ref      ] GC(276) Soft: 2389 encountered, 0 discovered, 0 enqueued
[39.040s][info][gc,ref      ] GC(276) Weak: 10764 encountered, 2113 discovered, 0 enqueued
[39.040s][info][gc,ref      ] GC(276) Final: 289 encountered, 33 discovered, 0 enqueued
[39.040s][info][gc,ref      ] GC(276) Phantom: 424 encountered, 343 discovered, 0 enqueued
[39.040s][info][gc,reloc    ] GC(276) Small Pages: 271 / 542M, Empty: 214M, Relocated: 8M, In-Place: 0
[39.040s][info][gc,reloc    ] GC(276) Medium Pages: 0 / 0M, Empty: 0M, Relocated: 0M, In-Place: 0
[39.040s][info][gc,reloc    ] GC(276) Large Pages: 0 / 0M, Empty: 0M, Relocated: 0M, In-Place: 0
[39.040s][info][gc,reloc    ] GC(276) Forwarding Usage: 3M
[39.040s][info][gc,heap     ] GC(276) Min Capacity: 8M(1%)
[39.040s][info][gc,heap     ] GC(276) Max Capacity: 1024M(100%)
[39.040s][info][gc,heap     ] GC(276) Soft Max Capacity: 1024M(100%)
[39.040s][info][gc,heap     ] GC(276)                Mark Start          Mark End        Relocate Start      Relocate End           High               Low         
[39.040s][info][gc,heap     ] GC(276)  Capacity:     1024M (100%)       1024M (100%)       1024M (100%)       1024M (100%)       1024M (100%)       1024M (100%)   
[39.040s][info][gc,heap     ] GC(276)      Free:      482M (47%)         352M (34%)         518M (51%)         760M (74%)         762M (74%)         322M (31%)    
[39.040s][info][gc,heap     ] GC(276)      Used:      542M (53%)         672M (66%)         506M (49%)         264M (26%)         702M (69%)         262M (26%)    
[39.040s][info][gc,heap     ] GC(276)      Live:         -                50M (5%)           50M (5%)           50M (5%)             -                  -          
[39.040s][info][gc,heap     ] GC(276) Allocated:         -               130M (13%)         178M (17%)         191M (19%)            -                  -          
[39.040s][info][gc,heap     ] GC(276)   Garbage:         -               491M (48%)         277M (27%)          22M (2%)             -                  -          
[39.040s][info][gc,heap     ] GC(276) Reclaimed:         -                  -               214M (21%)         469M (46%)            -                  -          
[39.040s][info][gc          ] GC(276) Garbage Collection (Allocation Rate) 542M(53%)->264M(26%)
[39.096s][info][gc,start    ] GC(277) Garbage Collection (Allocation Rate)
[39.096s][info][gc,task     ] GC(277) Using 10 workers
[39.096s][info][gc,phases   ] GC(277) Pause Mark Start 0.010ms
[39.121s][info][gc,phases   ] GC(277) Concurrent Mark 24.076ms
[39.121s][info][gc,phases   ] GC(277) Pause Mark End 0.029ms
[39.123s][info][gc,phases   ] GC(277) Concurrent Mark Free 0.001ms
[39.125s][info][gc,phases   ] GC(277) Concurrent Process Non-Strong References 2.218ms
[39.125s][info][gc,phases   ] GC(277) Concurrent Reset Relocation Set 0.037ms
[39.130s][info][gc,phases   ] GC(277) Concurrent Select Relocation Set 4.956ms
[39.130s][info][gc,phases   ] GC(277) Pause Relocate Start 0.009ms
[39.135s][info][gc,phases   ] GC(277) Concurrent Relocate 4.947ms
[39.136s][info][gc,load     ] GC(277) Load: 0.00/0.00/0.00
[39.136s][info][gc,mmu      ] GC(277) MMU: 2ms/95.9%, 5ms/98.4%, 10ms/99.2%, 20ms/99.6%, 50ms/99.8%, 100ms/99.9%
[39.136s][info][gc,marking  ] GC(277) Mark: 8 stripe(s), 3 proactive flush(es), 1 terminate flush(es), 0 completion(s), 0 continuation(s) 
[39.136s][info][gc,marking  ] GC(277) Mark Stack Usage: 32M
[39.136s][info][gc,nmethod  ] GC(277) NMethods: 4684 registered, 47 unregistered
[39.136s][info][gc,metaspace] GC(277) Metaspace: 72M used, 72M committed, 1088M reserved
[39.136s][info][gc,ref      ] GC(277) Soft: 2389 encountered, 0 discovered, 0 enqueued
[39.136s][info][gc,ref      ] GC(277) Weak: 10764 encountered, 2221 discovered, 0 enqueued
[39.136s][info][gc,ref      ] GC(277) Final: 289 encountered, 4 discovered, 0 enqueued
[39.136s][info][gc,ref      ] GC(277) Phantom: 424 encountered, 304 discovered, 0 enqueued
[39.136s][info][gc,reloc    ] GC(277) Small Pages: 273 / 546M, Empty: 228M, Relocated: 8M, In-Place: 0
[39.136s][info][gc,reloc    ] GC(277) Medium Pages: 0 / 0M, Empty: 0M, Relocated: 0M, In-Place: 0
[39.136s][info][gc,reloc    ] GC(277) Large Pages: 0 / 0M, Empty: 0M, Relocated: 0M, In-Place: 0
[39.136s][info][gc,reloc    ] GC(277) Forwarding Usage: 2M
[39.136s][info][gc,heap     ] GC(277) Min Capacity: 8M(1%)
[39.136s][info][gc,heap     ] GC(277) Max Capacity: 1024M(100%)
[39.136s][info][gc,heap     ] GC(277) Soft Max Capacity: 1024M(100%)
[39.136s][info][gc,heap     ] GC(277)                Mark Start          Mark End        Relocate Start      Relocate End           High               Low         
[39.136s][info][gc,heap     ] GC(277)  Capacity:     1024M (100%)       1024M (100%)       1024M (100%)       1024M (100%)       1024M (100%)       1024M (100%)   
[39.136s][info][gc,heap     ] GC(277)      Free:      478M (47%)         360M (35%)         546M (53%)         782M (76%)         786M (77%)         344M (34%)    
[39.136s][info][gc,heap     ] GC(277)      Used:      546M (53%)         664M (65%)         478M (47%)         242M (24%)         680M (66%)         238M (23%)    
[39.136s][info][gc,heap     ] GC(277)      Live:         -                50M (5%)           50M (5%)           50M (5%)             -                  -          
[39.136s][info][gc,heap     ] GC(277) Allocated:         -               118M (12%)         160M (16%)         169M (17%)            -                  -          
[39.136s][info][gc,heap     ] GC(277)   Garbage:         -               495M (48%)         267M (26%)          22M (2%)             -                  -          
[39.136s][info][gc,heap     ] GC(277) Reclaimed:         -                  -               228M (22%)         473M (46%)            -                  -          
[39.136s][info][gc          ] GC(277) Garbage Collection (Allocation Rate) 546M(53%)->242M(24%)
[39.197s][info][gc,start    ] GC(278) Garbage Collection (Allocation Rate)
[39.197s][info][gc,task     ] GC(278) Using 10 workers
[39.197s][info][gc,phases   ] GC(278) Pause Mark Start 0.011ms
[39.219s][info][gc,phases   ] GC(278) Concurrent Mark 21.876ms
[39.220s][info][gc,phases   ] GC(278) Pause Mark End 0.029ms
[39.220s][info][gc,phases   ] GC(278) Concurrent Mark Free 0.001ms
[39.222s][info][gc,phases   ] GC(278) Concurrent Process Non-Strong References 2.478ms
[39.223s][info][gc,phases   ] GC(278) Concurrent Reset Relocation Set 0.036ms
[39.227s][info][gc,phases   ] GC(278) Concurrent Select Relocation Set 4.914ms
[39.228s][info][gc,phases   ] GC(278) Pause Relocate Start 0.008ms
[39.232s][info][gc,phases   ] GC(278) Concurrent Relocate 3.336ms
[39.232s][info][gc,load     ] GC(278) Load: 0.00/0.00/0.00
[39.232s][info][gc,mmu      ] GC(278) MMU: 2ms/95.9%, 5ms/98.4%, 10ms/99.2%, 20ms/99.6%, 50ms/99.8%, 100ms/99.9%
[39.232s][info][gc,marking  ] GC(278) Mark: 8 stripe(s), 3 proactive flush(es), 1 terminate flush(es), 0 completion(s), 0 continuation(s) 
[39.232s][info][gc,marking  ] GC(278) Mark Stack Usage: 32M
[39.232s][info][gc,nmethod  ] GC(278) NMethods: 4684 registered, 47 unregistered
[39.232s][info][gc,metaspace] GC(278) Metaspace: 72M used, 72M committed, 1088M reserved
[39.232s][info][gc,ref      ] GC(278) Soft: 2389 encountered, 0 discovered, 0 enqueued
[39.232s][info][gc,ref      ] GC(278) Weak: 10764 encountered, 1661 discovered, 0 enqueued
[39.232s][info][gc,ref      ] GC(278) Final: 289 encountered, 6 discovered, 0 enqueued
[39.232s][info][gc,ref      ] GC(278) Phantom: 424 encountered, 285 discovered, 0 enqueued
[39.232s][info][gc,reloc    ] GC(278) Small Pages: 275 / 550M, Empty: 230M, Relocated: 6M, In-Place: 0
[39.232s][info][gc,reloc    ] GC(278) Medium Pages: 0 / 0M, Empty: 0M, Relocated: 0M, In-Place: 0
[39.232s][info][gc,reloc    ] GC(278) Large Pages: 0 / 0M, Empty: 0M, Relocated: 0M, In-Place: 0
[39.232s][info][gc,reloc    ] GC(278) Forwarding Usage: 2M
[39.232s][info][gc,heap     ] GC(278) Min Capacity: 8M(1%)
[39.232s][info][gc,heap     ] GC(278) Max Capacity: 1024M(100%)
[39.232s][info][gc,heap     ] GC(278) Soft Max Capacity: 1024M(100%)
[39.232s][info][gc,heap     ] GC(278)                Mark Start          Mark End        Relocate Start      Relocate End           High               Low         
[39.232s][info][gc,heap     ] GC(278)  Capacity:     1024M (100%)       1024M (100%)       1024M (100%)       1024M (100%)       1024M (100%)       1024M (100%)   
[39.232s][info][gc,heap     ] GC(278)      Free:      474M (46%)         366M (36%)         560M (55%)         802M (78%)         802M (78%)         350M (34%)    
[39.232s][info][gc,heap     ] GC(278)      Used:      550M (54%)         658M (64%)         464M (45%)         222M (22%)         674M (66%)         222M (22%)    
[39.232s][info][gc,heap     ] GC(278)      Live:         -                49M (5%)           49M (5%)           49M (5%)             -                  -          
[39.232s][info][gc,heap     ] GC(278) Allocated:         -               108M (11%)         144M (14%)         147M (14%)            -                  -          
[39.232s][info][gc,heap     ] GC(278)   Garbage:         -               500M (49%)         270M (26%)          24M (2%)             -                  -          
[39.232s][info][gc,heap     ] GC(278) Reclaimed:         -                  -               230M (22%)         475M (46%)            -                  -          
[39.232s][info][gc          ] GC(278) Garbage Collection (Allocation Rate) 550M(54%)->222M(22%)
[39.296s][info][gc,start    ] GC(279) Garbage Collection (Allocation Rate)
[39.296s][info][gc,task     ] GC(279) Using 10 workers
[39.296s][info][gc,phases   ] GC(279) Pause Mark Start 0.011ms
[39.326s][info][gc,phases   ] GC(279) Concurrent Mark 29.460ms
[39.326s][info][gc,phases   ] GC(279) Pause Mark End 0.026ms
[39.327s][info][gc,phases   ] GC(279) Concurrent Mark Free 0.001ms
[39.330s][info][gc,phases   ] GC(279) Concurrent Process Non-Strong References 2.236ms
[39.330s][info][gc,phases   ] GC(279) Concurrent Reset Relocation Set 0.039ms
[39.338s][info][gc,phases   ] GC(279) Concurrent Select Relocation Set 8.246ms
[39.338s][info][gc,phases   ] GC(279) Pause Relocate Start 0.009ms
[39.342s][info][gc,phases   ] GC(279) Concurrent Relocate 3.455ms
[39.342s][info][gc,load     ] GC(279) Load: 0.00/0.00/0.00
[39.342s][info][gc,mmu      ] GC(279) MMU: 2ms/95.9%, 5ms/98.4%, 10ms/99.2%, 20ms/99.6%, 50ms/99.8%, 100ms/99.9%
[39.342s][info][gc,marking  ] GC(279) Mark: 8 stripe(s), 3 proactive flush(es), 1 terminate flush(es), 0 completion(s), 0 continuation(s) 
[39.342s][info][gc,marking  ] GC(279) Mark Stack Usage: 32M
[39.342s][info][gc,nmethod  ] GC(279) NMethods: 4684 registered, 47 unregistered
[39.342s][info][gc,metaspace] GC(279) Metaspace: 72M used, 72M committed, 1088M reserved
[39.342s][info][gc,ref      ] GC(279) Soft: 2389 encountered, 0 discovered, 0 enqueued
[39.342s][info][gc,ref      ] GC(279) Weak: 10764 encountered, 1804 discovered, 0 enqueued
[39.342s][info][gc,ref      ] GC(279) Final: 289 encountered, 10 discovered, 0 enqueued
[39.342s][info][gc,ref      ] GC(279) Phantom: 424 encountered, 294 discovered, 0 enqueued
[39.342s][info][gc,reloc    ] GC(279) Small Pages: 273 / 546M, Empty: 226M, Relocated: 6M, In-Place: 0
[39.342s][info][gc,reloc    ] GC(279) Medium Pages: 0 / 0M, Empty: 0M, Relocated: 0M, In-Place: 0
[39.342s][info][gc,reloc    ] GC(279) Large Pages: 0 / 0M, Empty: 0M, Relocated: 0M, In-Place: 0
[39.342s][info][gc,reloc    ] GC(279) Forwarding Usage: 2M
[39.343s][info][gc,heap     ] GC(279) Min Capacity: 8M(1%)
[39.343s][info][gc,heap     ] GC(279) Max Capacity: 1024M(100%)
[39.343s][info][gc,heap     ] GC(279) Soft Max Capacity: 1024M(100%)
[39.343s][info][gc,heap     ] GC(279)                Mark Start          Mark End        Relocate Start      Relocate End           High               Low         
[39.343s][info][gc,heap     ] GC(279)  Capacity:     1024M (100%)       1024M (100%)       1024M (100%)       1024M (100%)       1024M (100%)       1024M (100%)   
[39.343s][info][gc,heap     ] GC(279)      Free:      478M (47%)         336M (33%)         506M (49%)         746M (73%)         746M (73%)         318M (31%)    
[39.343s][info][gc,heap     ] GC(279)      Used:      546M (53%)         688M (67%)         518M (51%)         278M (27%)         706M (69%)         278M (27%)    
[39.343s][info][gc,heap     ] GC(279)      Live:         -                50M (5%)           50M (5%)           50M (5%)             -                  -          
[39.343s][info][gc,heap     ] GC(279) Allocated:         -               142M (14%)         198M (19%)         203M (20%)            -                  -          
[39.343s][info][gc,heap     ] GC(279)   Garbage:         -               495M (48%)         269M (26%)          24M (2%)             -                  -          
[39.343s][info][gc,heap     ] GC(279) Reclaimed:         -                  -               226M (22%)         471M (46%)            -                  -          
[39.343s][info][gc          ] GC(279) Garbage Collection (Allocation Rate) 546M(53%)->278M(27%)
[39.395s][info][gc,start    ] GC(280) Garbage Collection (Allocation Rate)
[39.396s][info][gc,task     ] GC(280) Using 10 workers
[39.396s][info][gc,phases   ] GC(280) Pause Mark Start 0.010ms
[39.418s][info][gc,phases   ] GC(280) Concurrent Mark 22.131ms
[39.418s][info][gc,phases   ] GC(280) Pause Mark End 0.025ms
[39.420s][info][gc,phases   ] GC(280) Concurrent Mark Free 0.001ms
[39.422s][info][gc,phases   ] GC(280) Concurrent Process Non-Strong References 2.772ms
[39.422s][info][gc,phases   ] GC(280) Concurrent Reset Relocation Set 0.035ms
[39.431s][info][gc,phases   ] GC(280) Concurrent Select Relocation Set 8.438ms
[39.431s][info][gc,phases   ] GC(280) Pause Relocate Start 0.012ms
[39.435s][info][gc,phases   ] GC(280) Concurrent Relocate 3.227ms
[39.435s][info][gc,load     ] GC(280) Load: 0.00/0.00/0.00
[39.435s][info][gc,mmu      ] GC(280) MMU: 2ms/95.9%, 5ms/98.4%, 10ms/99.2%, 20ms/99.6%, 50ms/99.8%, 100ms/99.9%
[39.435s][info][gc,marking  ] GC(280) Mark: 8 stripe(s), 3 proactive flush(es), 1 terminate flush(es), 0 completion(s), 0 continuation(s) 
[39.435s][info][gc,marking  ] GC(280) Mark Stack Usage: 32M
[39.435s][info][gc,nmethod  ] GC(280) NMethods: 4684 registered, 47 unregistered
[39.435s][info][gc,metaspace] GC(280) Metaspace: 72M used, 72M committed, 1088M reserved
[39.435s][info][gc,ref      ] GC(280) Soft: 2389 encountered, 0 discovered, 0 enqueued
[39.435s][info][gc,ref      ] GC(280) Weak: 10764 encountered, 1509 discovered, 0 enqueued
[39.435s][info][gc,ref      ] GC(280) Final: 289 encountered, 34 discovered, 0 enqueued
[39.435s][info][gc,ref      ] GC(280) Phantom: 424 encountered, 351 discovered, 0 enqueued
[39.435s][info][gc,reloc    ] GC(280) Small Pages: 273 / 546M, Empty: 222M, Relocated: 6M, In-Place: 0
[39.435s][info][gc,reloc    ] GC(280) Medium Pages: 0 / 0M, Empty: 0M, Relocated: 0M, In-Place: 0
[39.435s][info][gc,reloc    ] GC(280) Large Pages: 0 / 0M, Empty: 0M, Relocated: 0M, In-Place: 0
[39.435s][info][gc,reloc    ] GC(280) Forwarding Usage: 2M
[39.435s][info][gc,heap     ] GC(280) Min Capacity: 8M(1%)
[39.435s][info][gc,heap     ] GC(280) Max Capacity: 1024M(100%)
[39.435s][info][gc,heap     ] GC(280) Soft Max Capacity: 1024M(100%)
[39.435s][info][gc,heap     ] GC(280)                Mark Start          Mark End        Relocate Start      Relocate End           High               Low         
[39.435s][info][gc,heap     ] GC(280)  Capacity:     1024M (100%)       1024M (100%)       1024M (100%)       1024M (100%)       1024M (100%)       1024M (100%)   
[39.435s][info][gc,heap     ] GC(280)      Free:      478M (47%)         368M (36%)         534M (52%)         778M (76%)         778M (76%)         352M (34%)    
[39.435s][info][gc,heap     ] GC(280)      Used:      546M (53%)         656M (64%)         490M (48%)         246M (24%)         672M (66%)         246M (24%)    
[39.435s][info][gc,heap     ] GC(280)      Live:         -                49M (5%)           49M (5%)           49M (5%)             -                  -          
[39.435s][info][gc,heap     ] GC(280) Allocated:         -               110M (11%)         166M (16%)         171M (17%)            -                  -          
[39.435s][info][gc,heap     ] GC(280)   Garbage:         -               496M (48%)         274M (27%)          24M (2%)             -                  -          
[39.435s][info][gc,heap     ] GC(280) Reclaimed:         -                  -               222M (22%)         471M (46%)            -                  -          
[39.435s][info][gc          ] GC(280) Garbage Collection (Allocation Rate) 546M(53%)->246M(24%)
[39.495s][info][gc,start    ] GC(281) Garbage Collection (Allocation Rate)
[39.496s][info][gc,task     ] GC(281) Using 10 workers
[39.496s][info][gc,phases   ] GC(281) Pause Mark Start 0.011ms
[39.521s][info][gc,phases   ] GC(281) Concurrent Mark 24.559ms
[39.521s][info][gc,phases   ] GC(281) Pause Mark End 0.024ms
[39.522s][info][gc,phases   ] GC(281) Concurrent Mark Free 0.001ms
[39.526s][info][gc,phases   ] GC(281) Concurrent Process Non-Strong References 4.396ms
[39.526s][info][gc,phases   ] GC(281) Concurrent Reset Relocation Set 0.039ms
[39.535s][info][gc,phases   ] GC(281) Concurrent Select Relocation Set 8.433ms
[39.535s][info][gc,phases   ] GC(281) Pause Relocate Start 0.009ms
[39.540s][info][gc,phases   ] GC(281) Concurrent Relocate 4.043ms
[39.540s][info][gc,load     ] GC(281) Load: 0.00/0.00/0.00
[39.540s][info][gc,mmu      ] GC(281) MMU: 2ms/95.9%, 5ms/98.4%, 10ms/99.2%, 20ms/99.6%, 50ms/99.8%, 100ms/99.9%
[39.540s][info][gc,marking  ] GC(281) Mark: 8 stripe(s), 3 proactive flush(es), 1 terminate flush(es), 0 completion(s), 0 continuation(s) 
[39.540s][info][gc,marking  ] GC(281) Mark Stack Usage: 32M
[39.540s][info][gc,nmethod  ] GC(281) NMethods: 4684 registered, 47 unregistered
[39.540s][info][gc,metaspace] GC(281) Metaspace: 72M used, 72M committed, 1088M reserved
[39.540s][info][gc,ref      ] GC(281) Soft: 2389 encountered, 0 discovered, 0 enqueued
[39.540s][info][gc,ref      ] GC(281) Weak: 10764 encountered, 1269 discovered, 0 enqueued
[39.540s][info][gc,ref      ] GC(281) Final: 289 encountered, 29 discovered, 0 enqueued
[39.540s][info][gc,ref      ] GC(281) Phantom: 424 encountered, 330 discovered, 0 enqueued
[39.540s][info][gc,reloc    ] GC(281) Small Pages: 275 / 550M, Empty: 236M, Relocated: 6M, In-Place: 0
[39.540s][info][gc,reloc    ] GC(281) Medium Pages: 0 / 0M, Empty: 0M, Relocated: 0M, In-Place: 0
[39.540s][info][gc,reloc    ] GC(281) Large Pages: 0 / 0M, Empty: 0M, Relocated: 0M, In-Place: 0
[39.540s][info][gc,reloc    ] GC(281) Forwarding Usage: 2M
[39.540s][info][gc,heap     ] GC(281) Min Capacity: 8M(1%)
[39.540s][info][gc,heap     ] GC(281) Max Capacity: 1024M(100%)
[39.540s][info][gc,heap     ] GC(281) Soft Max Capacity: 1024M(100%)
[39.540s][info][gc,heap     ] GC(281)                Mark Start          Mark End        Relocate Start      Relocate End           High               Low         
[39.540s][info][gc,heap     ] GC(281)  Capacity:     1024M (100%)       1024M (100%)       1024M (100%)       1024M (100%)       1024M (100%)       1024M (100%)   
[39.540s][info][gc,heap     ] GC(281)      Free:      474M (46%)         352M (34%)         526M (51%)         754M (74%)         756M (74%)         330M (32%)    
[39.540s][info][gc,heap     ] GC(281)      Used:      550M (54%)         672M (66%)         498M (49%)         270M (26%)         694M (68%)         268M (26%)    
[39.540s][info][gc,heap     ] GC(281)      Live:         -                50M (5%)           50M (5%)           50M (5%)             -                  -          
[39.540s][info][gc,heap     ] GC(281) Allocated:         -               122M (12%)         184M (18%)         195M (19%)            -                  -          
[39.540s][info][gc,heap     ] GC(281)   Garbage:         -               499M (49%)         263M (26%)          24M (2%)             -                  -          
[39.541s][info][gc,heap     ] GC(281) Reclaimed:         -                  -               236M (23%)         475M (46%)            -                  -          
[39.541s][info][gc          ] GC(281) Garbage Collection (Allocation Rate) 550M(54%)->270M(26%)
[39.596s][info][gc,start    ] GC(282) Garbage Collection (Allocation Rate)
[39.596s][info][gc,task     ] GC(282) Using 10 workers
[39.596s][info][gc,phases   ] GC(282) Pause Mark Start 0.011ms
[39.618s][info][gc,phases   ] GC(282) Concurrent Mark 21.392ms
[39.618s][info][gc,phases   ] GC(282) Pause Mark End 0.025ms
[39.620s][info][gc,phases   ] GC(282) Concurrent Mark Free 0.001ms
[39.625s][info][gc,phases   ] GC(282) Concurrent Process Non-Strong References 5.255ms
[39.625s][info][gc,phases   ] GC(282) Concurrent Reset Relocation Set 0.035ms
[39.633s][info][gc,phases   ] GC(282) Concurrent Select Relocation Set 8.234ms
[39.633s][info][gc,phases   ] GC(282) Pause Relocate Start 0.010ms
[39.638s][info][gc,phases   ] GC(282) Concurrent Relocate 3.874ms
[39.638s][info][gc,load     ] GC(282) Load: 0.00/0.00/0.00
[39.638s][info][gc,mmu      ] GC(282) MMU: 2ms/95.9%, 5ms/98.4%, 10ms/99.2%, 20ms/99.6%, 50ms/99.8%, 100ms/99.9%
[39.638s][info][gc,marking  ] GC(282) Mark: 8 stripe(s), 3 proactive flush(es), 1 terminate flush(es), 0 completion(s), 0 continuation(s) 
[39.638s][info][gc,marking  ] GC(282) Mark Stack Usage: 32M
[39.638s][info][gc,nmethod  ] GC(282) NMethods: 4684 registered, 47 unregistered
[39.638s][info][gc,metaspace] GC(282) Metaspace: 72M used, 72M committed, 1088M reserved
[39.638s][info][gc,ref      ] GC(282) Soft: 2389 encountered, 0 discovered, 0 enqueued
[39.638s][info][gc,ref      ] GC(282) Weak: 10764 encountered, 1474 discovered, 0 enqueued
[39.638s][info][gc,ref      ] GC(282) Final: 289 encountered, 3 discovered, 0 enqueued
[39.638s][info][gc,ref      ] GC(282) Phantom: 424 encountered, 277 discovered, 0 enqueued
[39.638s][info][gc,reloc    ] GC(282) Small Pages: 274 / 548M, Empty: 246M, Relocated: 6M, In-Place: 0
[39.638s][info][gc,reloc    ] GC(282) Medium Pages: 0 / 0M, Empty: 0M, Relocated: 0M, In-Place: 0
[39.638s][info][gc,reloc    ] GC(282) Large Pages: 0 / 0M, Empty: 0M, Relocated: 0M, In-Place: 0
[39.638s][info][gc,reloc    ] GC(282) Forwarding Usage: 2M
[39.638s][info][gc,heap     ] GC(282) Min Capacity: 8M(1%)
[39.638s][info][gc,heap     ] GC(282) Max Capacity: 1024M(100%)
[39.638s][info][gc,heap     ] GC(282) Soft Max Capacity: 1024M(100%)
[39.638s][info][gc,heap     ] GC(282)                Mark Start          Mark End        Relocate Start      Relocate End           High               Low         
[39.638s][info][gc,heap     ] GC(282)  Capacity:     1024M (100%)       1024M (100%)       1024M (100%)       1024M (100%)       1024M (100%)       1024M (100%)   
[39.638s][info][gc,heap     ] GC(282)      Free:      476M (46%)         376M (37%)         552M (54%)         770M (75%)         774M (76%)         346M (34%)    
[39.638s][info][gc,heap     ] GC(282)      Used:      548M (54%)         648M (63%)         472M (46%)         254M (25%)         678M (66%)         250M (24%)    
[39.638s][info][gc,heap     ] GC(282)      Live:         -                50M (5%)           50M (5%)           50M (5%)             -                  -          
[39.638s][info][gc,heap     ] GC(282) Allocated:         -               100M (10%)         170M (17%)         179M (18%)            -                  -          
[39.638s][info][gc,heap     ] GC(282)   Garbage:         -               497M (49%)         251M (25%)          24M (2%)             -                  -          
[39.638s][info][gc,heap     ] GC(282) Reclaimed:         -                  -               246M (24%)         473M (46%)            -                  -          
[39.638s][info][gc          ] GC(282) Garbage Collection (Allocation Rate) 548M(54%)->254M(25%)
[39.696s][info][gc,start    ] GC(283) Garbage Collection (Allocation Rate)
[39.696s][info][gc,task     ] GC(283) Using 10 workers
[39.696s][info][gc,phases   ] GC(283) Pause Mark Start 0.010ms
[39.722s][info][gc,phases   ] GC(283) Concurrent Mark 25.928ms
[39.723s][info][gc,phases   ] GC(283) Pause Mark End 0.027ms
[39.723s][info][gc,phases   ] GC(283) Concurrent Mark Free 0.002ms
[39.725s][info][gc,phases   ] GC(283) Concurrent Process Non-Strong References 2.288ms
[39.725s][info][gc,phases   ] GC(283) Concurrent Reset Relocation Set 0.035ms
[39.730s][info][gc,phases   ] GC(283) Concurrent Select Relocation Set 4.893ms
[39.731s][info][gc,phases   ] GC(283) Pause Relocate Start 0.010ms
[39.734s][info][gc,phases   ] GC(283) Concurrent Relocate 3.333ms
[39.734s][info][gc,load     ] GC(283) Load: 0.00/0.00/0.00
[39.734s][info][gc,mmu      ] GC(283) MMU: 2ms/95.9%, 5ms/98.4%, 10ms/99.2%, 20ms/99.6%, 50ms/99.8%, 100ms/99.9%
[39.734s][info][gc,marking  ] GC(283) Mark: 8 stripe(s), 3 proactive flush(es), 1 terminate flush(es), 0 completion(s), 0 continuation(s) 
[39.734s][info][gc,marking  ] GC(283) Mark Stack Usage: 32M
[39.734s][info][gc,nmethod  ] GC(283) NMethods: 4684 registered, 47 unregistered
[39.734s][info][gc,metaspace] GC(283) Metaspace: 72M used, 72M committed, 1088M reserved
[39.734s][info][gc,ref      ] GC(283) Soft: 2389 encountered, 0 discovered, 0 enqueued
[39.734s][info][gc,ref      ] GC(283) Weak: 10764 encountered, 1720 discovered, 0 enqueued
[39.734s][info][gc,ref      ] GC(283) Final: 289 encountered, 42 discovered, 0 enqueued
[39.734s][info][gc,ref      ] GC(283) Phantom: 424 encountered, 323 discovered, 0 enqueued
[39.734s][info][gc,reloc    ] GC(283) Small Pages: 272 / 544M, Empty: 220M, Relocated: 6M, In-Place: 0
[39.734s][info][gc,reloc    ] GC(283) Medium Pages: 0 / 0M, Empty: 0M, Relocated: 0M, In-Place: 0
[39.735s][info][gc,reloc    ] GC(283) Large Pages: 0 / 0M, Empty: 0M, Relocated: 0M, In-Place: 0
[39.735s][info][gc,reloc    ] GC(283) Forwarding Usage: 2M
[39.735s][info][gc,heap     ] GC(283) Min Capacity: 8M(1%)
[39.735s][info][gc,heap     ] GC(283) Max Capacity: 1024M(100%)
[39.735s][info][gc,heap     ] GC(283) Soft Max Capacity: 1024M(100%)
[39.735s][info][gc,heap     ] GC(283)                Mark Start          Mark End        Relocate Start      Relocate End           High               Low         
[39.735s][info][gc,heap     ] GC(283)  Capacity:     1024M (100%)       1024M (100%)       1024M (100%)       1024M (100%)       1024M (100%)       1024M (100%)   
[39.735s][info][gc,heap     ] GC(283)      Free:      480M (47%)         354M (35%)         538M (53%)         782M (76%)         782M (76%)         342M (33%)    
[39.735s][info][gc,heap     ] GC(283)      Used:      544M (53%)         670M (65%)         486M (47%)         242M (24%)         682M (67%)         242M (24%)    
[39.735s][info][gc,heap     ] GC(283)      Live:         -                49M (5%)           49M (5%)           49M (5%)             -                  -          
[39.735s][info][gc,heap     ] GC(283) Allocated:         -               126M (12%)         162M (16%)         167M (16%)            -                  -          
[39.735s][info][gc,heap     ] GC(283)   Garbage:         -               494M (48%)         274M (27%)          24M (2%)             -                  -          
[39.735s][info][gc,heap     ] GC(283) Reclaimed:         -                  -               220M (21%)         469M (46%)            -                  -          
[39.735s][info][gc          ] GC(283) Garbage Collection (Allocation Rate) 544M(53%)->242M(24%)
[39.797s][info][gc,start    ] GC(284) Garbage Collection (Allocation Rate)
[39.797s][info][gc,task     ] GC(284) Using 10 workers
[39.797s][info][gc,phases   ] GC(284) Pause Mark Start 0.013ms
[39.817s][info][gc,phases   ] GC(284) Concurrent Mark 19.393ms
[39.817s][info][gc,phases   ] GC(284) Pause Mark End 0.030ms
[39.818s][info][gc,phases   ] GC(284) Concurrent Mark Free 0.001ms
[39.822s][info][gc,phases   ] GC(284) Concurrent Process Non-Strong References 4.209ms
[39.822s][info][gc,phases   ] GC(284) Concurrent Reset Relocation Set 0.036ms
[39.830s][info][gc,phases   ] GC(284) Concurrent Select Relocation Set 8.098ms
[39.831s][info][gc,phases   ] GC(284) Pause Relocate Start 0.009ms
[39.834s][info][gc,phases   ] GC(284) Concurrent Relocate 3.213ms
[39.834s][info][gc,load     ] GC(284) Load: 0.00/0.00/0.00
[39.834s][info][gc,mmu      ] GC(284) MMU: 2ms/95.9%, 5ms/98.4%, 10ms/99.2%, 20ms/99.6%, 50ms/99.8%, 100ms/99.9%
[39.834s][info][gc,marking  ] GC(284) Mark: 8 stripe(s), 3 proactive flush(es), 1 terminate flush(es), 0 completion(s), 0 continuation(s) 
[39.834s][info][gc,marking  ] GC(284) Mark Stack Usage: 32M
[39.834s][info][gc,nmethod  ] GC(284) NMethods: 4684 registered, 47 unregistered
[39.834s][info][gc,metaspace] GC(284) Metaspace: 72M used, 72M committed, 1088M reserved
[39.834s][info][gc,ref      ] GC(284) Soft: 2389 encountered, 0 discovered, 0 enqueued
[39.834s][info][gc,ref      ] GC(284) Weak: 10764 encountered, 1228 discovered, 0 enqueued
[39.834s][info][gc,ref      ] GC(284) Final: 289 encountered, 28 discovered, 0 enqueued
[39.834s][info][gc,ref      ] GC(284) Phantom: 424 encountered, 276 discovered, 0 enqueued
[39.835s][info][gc,reloc    ] GC(284) Small Pages: 277 / 554M, Empty: 176M, Relocated: 6M, In-Place: 0
[39.835s][info][gc,reloc    ] GC(284) Medium Pages: 0 / 0M, Empty: 0M, Relocated: 0M, In-Place: 0
[39.835s][info][gc,reloc    ] GC(284) Large Pages: 0 / 0M, Empty: 0M, Relocated: 0M, In-Place: 0
[39.835s][info][gc,reloc    ] GC(284) Forwarding Usage: 2M
[39.835s][info][gc,heap     ] GC(284) Min Capacity: 8M(1%)
[39.835s][info][gc,heap     ] GC(284) Max Capacity: 1024M(100%)
[39.835s][info][gc,heap     ] GC(284) Soft Max Capacity: 1024M(100%)
[39.835s][info][gc,heap     ] GC(284)                Mark Start          Mark End        Relocate Start      Relocate End           High               Low         
[39.835s][info][gc,heap     ] GC(284)  Capacity:     1024M (100%)       1024M (100%)       1024M (100%)       1024M (100%)       1024M (100%)       1024M (100%)   
[39.835s][info][gc,heap     ] GC(284)      Free:      470M (46%)         374M (37%)         486M (47%)         786M (77%)         786M (77%)         350M (34%)    
[39.835s][info][gc,heap     ] GC(284)      Used:      554M (54%)         650M (63%)         538M (53%)         238M (23%)         674M (66%)         238M (23%)    
[39.835s][info][gc,heap     ] GC(284)      Live:         -                49M (5%)           49M (5%)           49M (5%)             -                  -          
[39.835s][info][gc,heap     ] GC(284) Allocated:         -                96M (9%)          160M (16%)         163M (16%)            -                  -          
[39.835s][info][gc,heap     ] GC(284)   Garbage:         -               504M (49%)         328M (32%)          24M (2%)             -                  -          
[39.835s][info][gc,heap     ] GC(284) Reclaimed:         -                  -               176M (17%)         479M (47%)            -                  -          
[39.835s][info][gc          ] GC(284) Garbage Collection (Allocation Rate) 554M(54%)->238M(23%)
[39.896s][info][gc,start    ] GC(285) Garbage Collection (Allocation Rate)
[39.896s][info][gc,task     ] GC(285) Using 10 workers
[39.897s][info][gc,phases   ] GC(285) Pause Mark Start 0.010ms
[39.919s][info][gc,phases   ] GC(285) Concurrent Mark 21.668ms
[39.919s][info][gc,phases   ] GC(285) Pause Mark End 0.028ms
[39.921s][info][gc,phases   ] GC(285) Concurrent Mark Free 0.001ms
[39.923s][info][gc,phases   ] GC(285) Concurrent Process Non-Strong References 2.272ms
[39.923s][info][gc,phases   ] GC(285) Concurrent Reset Relocation Set 0.052ms
[39.929s][info][gc,phases   ] GC(285) Concurrent Select Relocation Set 6.289ms
[39.930s][info][gc,phases   ] GC(285) Pause Relocate Start 0.009ms
[39.933s][info][gc,phases   ] GC(285) Concurrent Relocate 3.700ms
[39.934s][info][gc,load     ] GC(285) Load: 0.00/0.00/0.00
[39.934s][info][gc,mmu      ] GC(285) MMU: 2ms/95.9%, 5ms/98.4%, 10ms/99.2%, 20ms/99.6%, 50ms/99.8%, 100ms/99.9%
[39.934s][info][gc,marking  ] GC(285) Mark: 8 stripe(s), 3 proactive flush(es), 1 terminate flush(es), 0 completion(s), 0 continuation(s) 
[39.934s][info][gc,marking  ] GC(285) Mark Stack Usage: 32M
[39.934s][info][gc,nmethod  ] GC(285) NMethods: 4684 registered, 47 unregistered
[39.934s][info][gc,metaspace] GC(285) Metaspace: 72M used, 72M committed, 1088M reserved
[39.934s][info][gc,ref      ] GC(285) Soft: 2389 encountered, 0 discovered, 0 enqueued
[39.934s][info][gc,ref      ] GC(285) Weak: 10764 encountered, 1909 discovered, 0 enqueued
[39.934s][info][gc,ref      ] GC(285) Final: 289 encountered, 16 discovered, 0 enqueued
[39.934s][info][gc,ref      ] GC(285) Phantom: 424 encountered, 336 discovered, 0 enqueued
[39.934s][info][gc,reloc    ] GC(285) Small Pages: 274 / 548M, Empty: 246M, Relocated: 6M, In-Place: 0
[39.934s][info][gc,reloc    ] GC(285) Medium Pages: 0 / 0M, Empty: 0M, Relocated: 0M, In-Place: 0
[39.934s][info][gc,reloc    ] GC(285) Large Pages: 0 / 0M, Empty: 0M, Relocated: 0M, In-Place: 0
[39.934s][info][gc,reloc    ] GC(285) Forwarding Usage: 2M
[39.934s][info][gc,heap     ] GC(285) Min Capacity: 8M(1%)
[39.934s][info][gc,heap     ] GC(285) Max Capacity: 1024M(100%)
[39.934s][info][gc,heap     ] GC(285) Soft Max Capacity: 1024M(100%)
[39.934s][info][gc,heap     ] GC(285)                Mark Start          Mark End        Relocate Start      Relocate End           High               Low         
[39.934s][info][gc,heap     ] GC(285)  Capacity:     1024M (100%)       1024M (100%)       1024M (100%)       1024M (100%)       1024M (100%)       1024M (100%)   
[39.934s][info][gc,heap     ] GC(285)      Free:      476M (46%)         370M (36%)         570M (56%)         790M (77%)         790M (77%)         352M (34%)    
[39.934s][info][gc,heap     ] GC(285)      Used:      548M (54%)         654M (64%)         454M (44%)         234M (23%)         672M (66%)         234M (23%)    
[39.934s][info][gc,heap     ] GC(285)      Live:         -                49M (5%)           49M (5%)           49M (5%)             -                  -          
[39.934s][info][gc,heap     ] GC(285) Allocated:         -               106M (10%)         152M (15%)         159M (16%)            -                  -          
[39.934s][info][gc,heap     ] GC(285)   Garbage:         -               498M (49%)         252M (25%)          24M (2%)             -                  -          
[39.934s][info][gc,heap     ] GC(285) Reclaimed:         -                  -               246M (24%)         473M (46%)            -                  -          
[39.934s][info][gc          ] GC(285) Garbage Collection (Allocation Rate) 548M(54%)->234M(23%)
[39.996s][info][gc,start    ] GC(286) Garbage Collection (Allocation Rate)
[39.996s][info][gc,task     ] GC(286) Using 10 workers
[39.996s][info][gc,phases   ] GC(286) Pause Mark Start 0.010ms
[40.020s][info][gc,phases   ] GC(286) Concurrent Mark 23.093ms
[40.020s][info][gc,phases   ] GC(286) Pause Mark End 0.025ms
[40.021s][info][gc,phases   ] GC(286) Concurrent Mark Free 0.001ms
[40.023s][info][gc,phases   ] GC(286) Concurrent Process Non-Strong References 2.245ms
[40.023s][info][gc,phases   ] GC(286) Concurrent Reset Relocation Set 0.039ms
[40.033s][info][gc,phases   ] GC(286) Concurrent Select Relocation Set 9.824ms
[40.033s][info][gc,phases   ] GC(286) Pause Relocate Start 0.009ms
[40.037s][info][gc,phases   ] GC(286) Concurrent Relocate 3.120ms
[40.037s][info][gc,load     ] GC(286) Load: 0.00/0.00/0.00
[40.037s][info][gc,mmu      ] GC(286) MMU: 2ms/95.9%, 5ms/98.4%, 10ms/99.2%, 20ms/99.6%, 50ms/99.8%, 100ms/99.9%
[40.037s][info][gc,marking  ] GC(286) Mark: 8 stripe(s), 3 proactive flush(es), 1 terminate flush(es), 0 completion(s), 0 continuation(s) 
[40.037s][info][gc,marking  ] GC(286) Mark Stack Usage: 32M
[40.037s][info][gc,nmethod  ] GC(286) NMethods: 4684 registered, 47 unregistered
[40.037s][info][gc,metaspace] GC(286) Metaspace: 72M used, 72M committed, 1088M reserved
[40.037s][info][gc,ref      ] GC(286) Soft: 2389 encountered, 0 discovered, 0 enqueued
[40.037s][info][gc,ref      ] GC(286) Weak: 10764 encountered, 1323 discovered, 0 enqueued
[40.037s][info][gc,ref      ] GC(286) Final: 289 encountered, 9 discovered, 0 enqueued
[40.037s][info][gc,ref      ] GC(286) Phantom: 424 encountered, 325 discovered, 0 enqueued
[40.037s][info][gc,reloc    ] GC(286) Small Pages: 273 / 546M, Empty: 216M, Relocated: 6M, In-Place: 0
[40.037s][info][gc,reloc    ] GC(286) Medium Pages: 0 / 0M, Empty: 0M, Relocated: 0M, In-Place: 0
[40.037s][info][gc,reloc    ] GC(286) Large Pages: 0 / 0M, Empty: 0M, Relocated: 0M, In-Place: 0
[40.037s][info][gc,reloc    ] GC(286) Forwarding Usage: 2M
[40.037s][info][gc,heap     ] GC(286) Min Capacity: 8M(1%)
[40.037s][info][gc,heap     ] GC(286) Max Capacity: 1024M(100%)
[40.037s][info][gc,heap     ] GC(286) Soft Max Capacity: 1024M(100%)
[40.037s][info][gc,heap     ] GC(286)                Mark Start          Mark End        Relocate Start      Relocate End           High               Low         
[40.037s][info][gc,heap     ] GC(286)  Capacity:     1024M (100%)       1024M (100%)       1024M (100%)       1024M (100%)       1024M (100%)       1024M (100%)   
[40.037s][info][gc,heap     ] GC(286)      Free:      478M (47%)         366M (36%)         524M (51%)         774M (76%)         776M (76%)         354M (35%)    
[40.037s][info][gc,heap     ] GC(286)      Used:      546M (53%)         658M (64%)         500M (49%)         250M (24%)         670M (65%)         248M (24%)    
[40.037s][info][gc,heap     ] GC(286)      Live:         -                50M (5%)           50M (5%)           50M (5%)             -                  -          
[40.037s][info][gc,heap     ] GC(286) Allocated:         -               112M (11%)         170M (17%)         175M (17%)            -                  -          
[40.037s][info][gc,heap     ] GC(286)   Garbage:         -               495M (48%)         279M (27%)          24M (2%)             -                  -          
[40.037s][info][gc,heap     ] GC(286) Reclaimed:         -                  -               216M (21%)         471M (46%)            -                  -          
[40.037s][info][gc          ] GC(286) Garbage Collection (Allocation Rate) 546M(53%)->250M(24%)
[40.097s][info][gc,start    ] GC(287) Garbage Collection (Allocation Rate)
[40.097s][info][gc,stats    ] === Garbage Collection Statistics =======================================================================================================================
[40.097s][info][gc,task     ] GC(287) Using 10 workers
[40.097s][info][gc,stats    ]                                                              Last 10s              Last 10m              Last 10h                Total
[40.097s][info][gc,stats    ]                                                              Avg / Max             Avg / Max             Avg / Max             Avg / Max
[40.097s][info][gc,stats    ]   Collector: Garbage Collection Cycle                     39.264 / 65.968       48.409 / 227.632      48.409 / 227.632      48.409 / 227.632     ms
[40.097s][info][gc,stats    ]  Contention: Mark Segment Reset Contention                    47 / 59               38 / 77               38 / 77               38 / 77          ops/s
[40.097s][info][gc,stats    ]  Contention: Mark SeqNum Reset Contention                     11 / 17                6 / 17                6 / 17                6 / 17          ops/s
[40.097s][info][gc,stats    ]    Critical: Allocation Stall                                  0 / 3                11 / 214              11 / 214              11 / 214         ops/s
[40.097s][info][gc,stats    ]    Critical: Allocation Stall                              0.199 / 0.530        15.405 / 46.282       15.405 / 46.282       15.405 / 46.282      ms
[40.097s][info][gc,phases   ] GC(287) Pause Mark Start 0.011ms
[40.097s][info][gc,stats    ]    Critical: GC Locker Stall                                   0 / 0                 0 / 1                 0 / 1                 0 / 1           ops/s
[40.097s][info][gc,stats    ]    Critical: GC Locker Stall                               0.000 / 0.000         0.001 / 0.001         0.001 / 0.001         0.001 / 0.001       ms
[40.097s][info][gc,stats    ]    Critical: Relocation Stall                                  0 / 0                 0 / 0                 0 / 0                 0 / 0           ops/s
[40.097s][info][gc,stats    ]    Critical: Relocation Stall                              0.000 / 0.000         0.000 / 0.000         0.000 / 0.000         0.000 / 0.000       ms
[40.097s][info][gc,stats    ]      Memory: Allocation Rate                                5155 / 6018           3705 / 6056           3705 / 6056           3705 / 6056        MB/s
[40.097s][info][gc,stats    ]      Memory: Defragment                                        0 / 0                 0 / 0                 0 / 0                 0 / 0           ops/s
[40.097s][info][gc,stats    ]      Memory: Out Of Memory                                     0 / 0                 0 / 0                 0 / 0                 0 / 0           ops/s
[40.097s][info][gc,stats    ]      Memory: Page Cache Flush                                  0 / 0                 0 / 0                 0 / 0                 0 / 0           MB/s
[40.097s][info][gc,stats    ]      Memory: Page Cache Hit L1                              2674 / 3109           1911 / 3128           1911 / 3128           1911 / 3128        ops/s
[40.097s][info][gc,stats    ]      Memory: Page Cache Hit L2                                 0 / 0                 0 / 0                 0 / 0                 0 / 0           ops/s
[40.097s][info][gc,stats    ]      Memory: Page Cache Hit L3                                 0 / 0                12 / 186              12 / 186              12 / 186         ops/s
[40.097s][info][gc,stats    ]      Memory: Page Cache Miss                                   0 / 0                 0 / 1                 0 / 1                 0 / 1           ops/s
[40.098s][info][gc,stats    ]      Memory: Uncommit                                          0 / 0                 0 / 0                 0 / 0                 0 / 0           MB/s
[40.098s][info][gc,stats    ]      Memory: Undo Object Allocation Failed                   766 / 1326            877 / 3113            877 / 3113            877 / 3113        ops/s
[40.098s][info][gc,stats    ]      Memory: Undo Object Allocation Succeeded                 52 / 146              58 / 153              58 / 153              58 / 153         ops/s
[40.098s][info][gc,stats    ]      Memory: Undo Page Allocation                            497 / 653             354 / 666             354 / 666             354 / 666         ops/s
[40.098s][info][gc,stats    ]       Phase: Concurrent Mark                              22.733 / 33.126       27.039 / 164.365      27.039 / 164.365      27.039 / 164.365     ms
[40.098s][info][gc,stats    ]       Phase: Concurrent Mark Continue                      0.000 / 0.000         0.000 / 0.000         0.000 / 0.000         0.000 / 0.000       ms
[40.098s][info][gc,stats    ]       Phase: Concurrent Mark Free                          0.001 / 0.003         0.001 / 0.005         0.001 / 0.005         0.001 / 0.005       ms
[40.098s][info][gc,stats    ]       Phase: Concurrent Process Non-Strong References      3.364 / 27.044        4.601 / 41.839        4.601 / 41.839        4.601 / 41.839      ms
[40.098s][info][gc,stats    ]       Phase: Concurrent Relocate                           4.008 / 7.443         4.332 / 17.218        4.332 / 17.218        4.332 / 17.218      ms
[40.098s][info][gc,stats    ]       Phase: Concurrent Reset Relocation Set               0.032 / 0.081         0.031 / 0.081         0.031 / 0.081         0.031 / 0.081       ms
[40.098s][info][gc,stats    ]       Phase: Concurrent Select Relocation Set              6.228 / 11.506        6.415 / 19.177        6.415 / 19.177        6.415 / 19.177      ms
[40.098s][info][gc,stats    ]       Phase: Pause Mark End                                0.026 / 0.035         0.026 / 0.049         0.026 / 0.049         0.026 / 0.049       ms
[40.098s][info][gc,stats    ]       Phase: Pause Mark Start                              0.011 / 0.049         0.012 / 0.082         0.012 / 0.082         0.012 / 0.082       ms
[40.098s][info][gc,stats    ]       Phase: Pause Relocate Start                          0.009 / 0.012         0.009 / 0.014         0.009 / 0.014         0.009 / 0.014       ms
[40.098s][info][gc,stats    ]    Subphase: Concurrent Classes Purge                      0.298 / 22.287        0.205 / 22.287        0.205 / 22.287        0.205 / 22.287      ms
[40.098s][info][gc,stats    ]    Subphase: Concurrent Classes Unlink                     2.045 / 23.178        2.831 / 28.260        2.831 / 28.260        2.831 / 28.260      ms
[40.098s][info][gc,stats    ]    Subphase: Concurrent Mark                              19.022 / 29.357       22.395 / 157.163      22.395 / 157.163      22.395 / 157.163     ms
[40.098s][info][gc,stats    ]    Subphase: Concurrent Mark Try Flush                     0.846 / 5.785         1.425 / 98.502        1.425 / 98.502        1.425 / 98.502      ms
[40.098s][info][gc,stats    ]    Subphase: Concurrent Mark Try Terminate                 1.827 / 16.601        2.051 / 29.147        2.051 / 29.147        2.051 / 29.147      ms
[40.098s][info][gc,stats    ]    Subphase: Concurrent References Enqueue                 0.001 / 0.007         0.002 / 0.008         0.002 / 0.008         0.002 / 0.008       ms
[40.098s][info][gc,stats    ]    Subphase: Concurrent References Process                 0.132 / 0.240         0.155 / 0.746         0.155 / 0.746         0.155 / 0.746       ms
[40.098s][info][gc,stats    ]    Subphase: Concurrent Roots ClassLoaderDataGraph         0.054 / 0.550         0.058 / 1.405         0.058 / 1.405         0.058 / 1.405       ms
[40.098s][info][gc,stats    ]    Subphase: Concurrent Roots CodeCache                    0.000 / 0.000         0.000 / 0.000         0.000 / 0.000         0.000 / 0.000       ms
[40.098s][info][gc,stats    ]    Subphase: Concurrent Roots JavaThreads                  2.920 / 6.626         3.649 / 25.953        3.649 / 25.953        3.649 / 25.953      ms
[40.098s][info][gc,stats    ]    Subphase: Concurrent Roots OopStorageSet                0.026 / 0.052         0.028 / 0.966         0.028 / 0.966         0.028 / 0.966       ms
[40.098s][info][gc,stats    ]    Subphase: Concurrent Weak Roots OopStorageSet           0.282 / 0.654         0.327 / 1.175         0.327 / 1.175         0.327 / 1.175       ms
[40.098s][info][gc,stats    ]    Subphase: Pause Mark Try Complete                       0.000 / 0.000         0.001 / 0.003         0.001 / 0.003         0.001 / 0.003       ms
[40.098s][info][gc,stats    ]      System: Java Threads                                    184 / 202             176 / 203             176 / 203             176 / 203         threads
[40.098s][info][gc,stats    ] =========================================================================================================================================================
[40.123s][info][gc,phases   ] GC(287) Concurrent Mark 25.282ms
[40.123s][info][gc,phases   ] GC(287) Pause Mark End 0.026ms
[40.123s][info][gc,phases   ] GC(287) Concurrent Mark Free 0.001ms
[40.126s][info][gc,phases   ] GC(287) Concurrent Process Non-Strong References 2.492ms
[40.126s][info][gc,phases   ] GC(287) Concurrent Reset Relocation Set 0.034ms
[40.134s][info][gc,phases   ] GC(287) Concurrent Select Relocation Set 8.152ms
[40.134s][info][gc,phases   ] GC(287) Pause Relocate Start 0.010ms
[40.138s][info][gc,phases   ] GC(287) Concurrent Relocate 3.470ms
[40.138s][info][gc,load     ] GC(287) Load: 0.00/0.00/0.00
[40.138s][info][gc,mmu      ] GC(287) MMU: 2ms/95.9%, 5ms/98.4%, 10ms/99.2%, 20ms/99.6%, 50ms/99.8%, 100ms/99.9%
[40.138s][info][gc,marking  ] GC(287) Mark: 8 stripe(s), 3 proactive flush(es), 1 terminate flush(es), 0 completion(s), 0 continuation(s) 
[40.138s][info][gc,marking  ] GC(287) Mark Stack Usage: 32M
[40.138s][info][gc,nmethod  ] GC(287) NMethods: 4684 registered, 47 unregistered
[40.138s][info][gc,metaspace] GC(287) Metaspace: 72M used, 72M committed, 1088M reserved
[40.139s][info][gc,ref      ] GC(287) Soft: 2389 encountered, 0 discovered, 0 enqueued
[40.139s][info][gc,ref      ] GC(287) Weak: 10764 encountered, 1537 discovered, 0 enqueued
[40.139s][info][gc,ref      ] GC(287) Final: 289 encountered, 16 discovered, 0 enqueued
[40.139s][info][gc,ref      ] GC(287) Phantom: 424 encountered, 334 discovered, 0 enqueued
[40.139s][info][gc,reloc    ] GC(287) Small Pages: 276 / 552M, Empty: 226M, Relocated: 6M, In-Place: 0
[40.139s][info][gc,reloc    ] GC(287) Medium Pages: 0 / 0M, Empty: 0M, Relocated: 0M, In-Place: 0
[40.139s][info][gc,reloc    ] GC(287) Large Pages: 0 / 0M, Empty: 0M, Relocated: 0M, In-Place: 0
[40.139s][info][gc,reloc    ] GC(287) Forwarding Usage: 2M
[40.139s][info][gc,heap     ] GC(287) Min Capacity: 8M(1%)
[40.139s][info][gc,heap     ] GC(287) Max Capacity: 1024M(100%)
[40.139s][info][gc,heap     ] GC(287) Soft Max Capacity: 1024M(100%)
[40.139s][info][gc,heap     ] GC(287)                Mark Start          Mark End        Relocate Start      Relocate End           High               Low         
[40.139s][info][gc,heap     ] GC(287)  Capacity:     1024M (100%)       1024M (100%)       1024M (100%)       1024M (100%)       1024M (100%)       1024M (100%)   
[40.139s][info][gc,heap     ] GC(287)      Free:      472M (46%)         350M (34%)         528M (52%)         770M (75%)         772M (75%)         340M (33%)    
[40.139s][info][gc,heap     ] GC(287)      Used:      552M (54%)         674M (66%)         496M (48%)         254M (25%)         684M (67%)         252M (25%)    
[40.139s][info][gc,heap     ] GC(287)      Live:         -                49M (5%)           49M (5%)           49M (5%)             -                  -          
[40.139s][info][gc,heap     ] GC(287) Allocated:         -               122M (12%)         170M (17%)         179M (18%)            -                  -          
[40.139s][info][gc,heap     ] GC(287)   Garbage:         -               502M (49%)         276M (27%)          24M (2%)             -                  -          
[40.139s][info][gc,heap     ] GC(287) Reclaimed:         -                  -               226M (22%)         477M (47%)            -                  -          
[40.139s][info][gc          ] GC(287) Garbage Collection (Allocation Rate) 552M(54%)->254M(25%)
[40.198s][info][gc,start    ] GC(288) Garbage Collection (Allocation Rate)
[40.198s][info][gc,task     ] GC(288) Using 10 workers
[40.198s][info][gc,phases   ] GC(288) Pause Mark Start 0.010ms
[40.218s][info][gc,phases   ] GC(288) Concurrent Mark 20.260ms
[40.219s][info][gc,phases   ] GC(288) Pause Mark End 0.025ms
[40.219s][info][gc,phases   ] GC(288) Concurrent Mark Free 0.001ms
[40.222s][info][gc,phases   ] GC(288) Concurrent Process Non-Strong References 2.352ms
[40.222s][info][gc,phases   ] GC(288) Concurrent Reset Relocation Set 0.036ms
[40.227s][info][gc,phases   ] GC(288) Concurrent Select Relocation Set 4.695ms
[40.227s][info][gc,phases   ] GC(288) Pause Relocate Start 0.009ms
[40.230s][info][gc,phases   ] GC(288) Concurrent Relocate 3.002ms
[40.230s][info][gc,load     ] GC(288) Load: 0.00/0.00/0.00
[40.230s][info][gc,mmu      ] GC(288) MMU: 2ms/95.9%, 5ms/98.4%, 10ms/99.2%, 20ms/99.6%, 50ms/99.8%, 100ms/99.9%
[40.230s][info][gc,marking  ] GC(288) Mark: 8 stripe(s), 3 proactive flush(es), 1 terminate flush(es), 0 completion(s), 0 continuation(s) 
[40.230s][info][gc,marking  ] GC(288) Mark Stack Usage: 32M
[40.230s][info][gc,nmethod  ] GC(288) NMethods: 4684 registered, 47 unregistered
[40.230s][info][gc,metaspace] GC(288) Metaspace: 72M used, 72M committed, 1088M reserved
[40.230s][info][gc,ref      ] GC(288) Soft: 2389 encountered, 0 discovered, 0 enqueued
[40.230s][info][gc,ref      ] GC(288) Weak: 10764 encountered, 1450 discovered, 0 enqueued
[40.230s][info][gc,ref      ] GC(288) Final: 289 encountered, 10 discovered, 0 enqueued
[40.230s][info][gc,ref      ] GC(288) Phantom: 424 encountered, 329 discovered, 0 enqueued
[40.230s][info][gc,reloc    ] GC(288) Small Pages: 273 / 546M, Empty: 222M, Relocated: 6M, In-Place: 0
[40.230s][info][gc,reloc    ] GC(288) Medium Pages: 0 / 0M, Empty: 0M, Relocated: 0M, In-Place: 0
[40.230s][info][gc,reloc    ] GC(288) Large Pages: 0 / 0M, Empty: 0M, Relocated: 0M, In-Place: 0
[40.230s][info][gc,reloc    ] GC(288) Forwarding Usage: 2M
[40.230s][info][gc,heap     ] GC(288) Min Capacity: 8M(1%)
[40.230s][info][gc,heap     ] GC(288) Max Capacity: 1024M(100%)
[40.230s][info][gc,heap     ] GC(288) Soft Max Capacity: 1024M(100%)
[40.230s][info][gc,heap     ] GC(288)                Mark Start          Mark End        Relocate Start      Relocate End           High               Low         
[40.230s][info][gc,heap     ] GC(288)  Capacity:     1024M (100%)       1024M (100%)       1024M (100%)       1024M (100%)       1024M (100%)       1024M (100%)   
[40.230s][info][gc,heap     ] GC(288)      Free:      478M (47%)         378M (37%)         566M (55%)         808M (79%)         808M (79%)         362M (35%)    
[40.230s][info][gc,heap     ] GC(288)      Used:      546M (53%)         646M (63%)         458M (45%)         216M (21%)         662M (65%)         216M (21%)    
[40.230s][info][gc,heap     ] GC(288)      Live:         -                50M (5%)           50M (5%)           50M (5%)             -                  -          
[40.230s][info][gc,heap     ] GC(288) Allocated:         -               100M (10%)         134M (13%)         141M (14%)            -                  -          
[40.230s][info][gc,heap     ] GC(288)   Garbage:         -               495M (48%)         273M (27%)          24M (2%)             -                  -          
[40.230s][info][gc,heap     ] GC(288) Reclaimed:         -                  -               222M (22%)         471M (46%)            -                  -          
[40.231s][info][gc          ] GC(288) Garbage Collection (Allocation Rate) 546M(53%)->216M(21%)
[40.297s][info][gc,start    ] GC(289) Garbage Collection (Allocation Rate)
[40.297s][info][gc,task     ] GC(289) Using 10 workers
[40.297s][info][gc,phases   ] GC(289) Pause Mark Start 0.015ms
[40.319s][info][gc,phases   ] GC(289) Concurrent Mark 21.397ms
[40.319s][info][gc,phases   ] GC(289) Pause Mark End 0.029ms
[40.320s][info][gc,phases   ] GC(289) Concurrent Mark Free 0.001ms
[40.323s][info][gc,phases   ] GC(289) Concurrent Process Non-Strong References 2.526ms
[40.323s][info][gc,phases   ] GC(289) Concurrent Reset Relocation Set 0.050ms
[40.330s][info][gc,phases   ] GC(289) Concurrent Select Relocation Set 6.422ms
[40.330s][info][gc,phases   ] GC(289) Pause Relocate Start 0.009ms
[40.334s][info][gc,phases   ] GC(289) Concurrent Relocate 4.120ms
[40.334s][info][gc,load     ] GC(289) Load: 0.00/0.00/0.00
[40.334s][info][gc,mmu      ] GC(289) MMU: 2ms/95.9%, 5ms/98.4%, 10ms/99.2%, 20ms/99.6%, 50ms/99.8%, 100ms/99.9%
[40.334s][info][gc,marking  ] GC(289) Mark: 8 stripe(s), 3 proactive flush(es), 1 terminate flush(es), 0 completion(s), 0 continuation(s) 
[40.334s][info][gc,marking  ] GC(289) Mark Stack Usage: 32M
[40.334s][info][gc,nmethod  ] GC(289) NMethods: 4684 registered, 47 unregistered
[40.335s][info][gc,metaspace] GC(289) Metaspace: 72M used, 72M committed, 1088M reserved
[40.335s][info][gc,ref      ] GC(289) Soft: 2389 encountered, 0 discovered, 0 enqueued
[40.335s][info][gc,ref      ] GC(289) Weak: 10764 encountered, 1689 discovered, 0 enqueued
[40.335s][info][gc,ref      ] GC(289) Final: 289 encountered, 8 discovered, 0 enqueued
[40.335s][info][gc,ref      ] GC(289) Phantom: 424 encountered, 320 discovered, 0 enqueued
[40.335s][info][gc,reloc    ] GC(289) Small Pages: 274 / 548M, Empty: 236M, Relocated: 6M, In-Place: 0
[40.335s][info][gc,reloc    ] GC(289) Medium Pages: 0 / 0M, Empty: 0M, Relocated: 0M, In-Place: 0
[40.335s][info][gc,reloc    ] GC(289) Large Pages: 0 / 0M, Empty: 0M, Relocated: 0M, In-Place: 0
[40.335s][info][gc,reloc    ] GC(289) Forwarding Usage: 2M
[40.335s][info][gc,heap     ] GC(289) Min Capacity: 8M(1%)
[40.335s][info][gc,heap     ] GC(289) Max Capacity: 1024M(100%)
[40.335s][info][gc,heap     ] GC(289) Soft Max Capacity: 1024M(100%)
[40.335s][info][gc,heap     ] GC(289)                Mark Start          Mark End        Relocate Start      Relocate End           High               Low         
[40.335s][info][gc,heap     ] GC(289)  Capacity:     1024M (100%)       1024M (100%)       1024M (100%)       1024M (100%)       1024M (100%)       1024M (100%)   
[40.335s][info][gc,heap     ] GC(289)      Free:      476M (46%)         370M (36%)         558M (54%)         786M (77%)         788M (77%)         352M (34%)    
[40.335s][info][gc,heap     ] GC(289)      Used:      548M (54%)         654M (64%)         466M (46%)         238M (23%)         672M (66%)         236M (23%)    
[40.335s][info][gc,heap     ] GC(289)      Live:         -                49M (5%)           49M (5%)           49M (5%)             -                  -          
[40.335s][info][gc,heap     ] GC(289) Allocated:         -               106M (10%)         154M (15%)         163M (16%)            -                  -          
[40.335s][info][gc,heap     ] GC(289)   Garbage:         -               498M (49%)         262M (26%)          24M (2%)             -                  -          
[40.335s][info][gc,heap     ] GC(289) Reclaimed:         -                  -               236M (23%)         473M (46%)            -                  -          
[40.335s][info][gc          ] GC(289) Garbage Collection (Allocation Rate) 548M(54%)->238M(23%)
[40.396s][info][gc,start    ] GC(290) Garbage Collection (Allocation Rate)
[40.396s][info][gc,task     ] GC(290) Using 10 workers
[40.397s][info][gc,phases   ] GC(290) Pause Mark Start 0.010ms
[40.422s][info][gc,phases   ] GC(290) Concurrent Mark 25.508ms
[40.423s][info][gc,phases   ] GC(290) Pause Mark End 0.029ms
[40.423s][info][gc,phases   ] GC(290) Concurrent Mark Free 0.001ms
[40.425s][info][gc,phases   ] GC(290) Concurrent Process Non-Strong References 2.273ms
[40.425s][info][gc,phases   ] GC(290) Concurrent Reset Relocation Set 0.036ms
[40.432s][info][gc,phases   ] GC(290) Concurrent Select Relocation Set 6.504ms
[40.432s][info][gc,phases   ] GC(290) Pause Relocate Start 0.010ms
[40.436s][info][gc,phases   ] GC(290) Concurrent Relocate 3.546ms
[40.436s][info][gc,load     ] GC(290) Load: 0.00/0.00/0.00
[40.436s][info][gc,mmu      ] GC(290) MMU: 2ms/95.9%, 5ms/98.4%, 10ms/99.2%, 20ms/99.6%, 50ms/99.8%, 100ms/99.9%
[40.436s][info][gc,marking  ] GC(290) Mark: 8 stripe(s), 3 proactive flush(es), 1 terminate flush(es), 0 completion(s), 0 continuation(s) 
[40.436s][info][gc,marking  ] GC(290) Mark Stack Usage: 32M
[40.436s][info][gc,nmethod  ] GC(290) NMethods: 4684 registered, 47 unregistered
[40.436s][info][gc,metaspace] GC(290) Metaspace: 72M used, 72M committed, 1088M reserved
[40.436s][info][gc,ref      ] GC(290) Soft: 2389 encountered, 0 discovered, 0 enqueued
[40.436s][info][gc,ref      ] GC(290) Weak: 10764 encountered, 1297 discovered, 0 enqueued
[40.436s][info][gc,ref      ] GC(290) Final: 289 encountered, 50 discovered, 0 enqueued
[40.436s][info][gc,ref      ] GC(290) Phantom: 424 encountered, 336 discovered, 0 enqueued
[40.436s][info][gc,reloc    ] GC(290) Small Pages: 274 / 548M, Empty: 228M, Relocated: 6M, In-Place: 0
[40.436s][info][gc,reloc    ] GC(290) Medium Pages: 0 / 0M, Empty: 0M, Relocated: 0M, In-Place: 0
[40.436s][info][gc,reloc    ] GC(290) Large Pages: 0 / 0M, Empty: 0M, Relocated: 0M, In-Place: 0
[40.436s][info][gc,reloc    ] GC(290) Forwarding Usage: 2M
[40.436s][info][gc,heap     ] GC(290) Min Capacity: 8M(1%)
[40.436s][info][gc,heap     ] GC(290) Max Capacity: 1024M(100%)
[40.436s][info][gc,heap     ] GC(290) Soft Max Capacity: 1024M(100%)
[40.436s][info][gc,heap     ] GC(290)                Mark Start          Mark End        Relocate Start      Relocate End           High               Low         
[40.437s][info][gc,heap     ] GC(290)  Capacity:     1024M (100%)       1024M (100%)       1024M (100%)       1024M (100%)       1024M (100%)       1024M (100%)   
[40.437s][info][gc,heap     ] GC(290)      Free:      476M (46%)         354M (35%)         540M (53%)         780M (76%)         780M (76%)         346M (34%)    
[40.437s][info][gc,heap     ] GC(290)      Used:      548M (54%)         670M (65%)         484M (47%)         244M (24%)         678M (66%)         244M (24%)    
[40.437s][info][gc,heap     ] GC(290)      Live:         -                49M (5%)           49M (5%)           49M (5%)             -                  -          
[40.437s][info][gc,heap     ] GC(290) Allocated:         -               122M (12%)         164M (16%)         169M (17%)            -                  -          
[40.437s][info][gc,heap     ] GC(290)   Garbage:         -               498M (49%)         270M (26%)          24M (2%)             -                  -          
[40.437s][info][gc,heap     ] GC(290) Reclaimed:         -                  -               228M (22%)         473M (46%)            -                  -          
[40.437s][info][gc          ] GC(290) Garbage Collection (Allocation Rate) 548M(54%)->244M(24%)
[40.496s][info][gc,start    ] GC(291) Garbage Collection (Allocation Rate)
[40.496s][info][gc,task     ] GC(291) Using 10 workers
[40.497s][info][gc,phases   ] GC(291) Pause Mark Start 0.012ms
[40.519s][info][gc,phases   ] GC(291) Concurrent Mark 21.368ms
[40.519s][info][gc,phases   ] GC(291) Pause Mark End 0.023ms
[40.521s][info][gc,phases   ] GC(291) Concurrent Mark Free 0.002ms
[40.523s][info][gc,phases   ] GC(291) Concurrent Process Non-Strong References 2.365ms
[40.524s][info][gc,phases   ] GC(291) Concurrent Reset Relocation Set 0.040ms
[40.532s][info][gc,phases   ] GC(291) Concurrent Select Relocation Set 8.064ms
[40.532s][info][gc,phases   ] GC(291) Pause Relocate Start 0.008ms
[40.535s][info][gc,phases   ] GC(291) Concurrent Relocate 3.150ms
[40.536s][info][gc,load     ] GC(291) Load: 0.00/0.00/0.00
[40.536s][info][gc,mmu      ] GC(291) MMU: 2ms/95.9%, 5ms/98.4%, 10ms/99.2%, 20ms/99.6%, 50ms/99.8%, 100ms/99.9%
[40.536s][info][gc,marking  ] GC(291) Mark: 8 stripe(s), 3 proactive flush(es), 1 terminate flush(es), 0 completion(s), 0 continuation(s) 
[40.536s][info][gc,marking  ] GC(291) Mark Stack Usage: 32M
[40.536s][info][gc,nmethod  ] GC(291) NMethods: 4684 registered, 47 unregistered
[40.536s][info][gc,metaspace] GC(291) Metaspace: 72M used, 72M committed, 1088M reserved
[40.536s][info][gc,ref      ] GC(291) Soft: 2389 encountered, 0 discovered, 0 enqueued
[40.536s][info][gc,ref      ] GC(291) Weak: 10764 encountered, 2011 discovered, 0 enqueued
[40.536s][info][gc,ref      ] GC(291) Final: 289 encountered, 24 discovered, 0 enqueued
[40.536s][info][gc,ref      ] GC(291) Phantom: 424 encountered, 318 discovered, 0 enqueued
[40.536s][info][gc,reloc    ] GC(291) Small Pages: 274 / 548M, Empty: 240M, Relocated: 6M, In-Place: 0
[40.536s][info][gc,reloc    ] GC(291) Medium Pages: 0 / 0M, Empty: 0M, Relocated: 0M, In-Place: 0
[40.536s][info][gc,reloc    ] GC(291) Large Pages: 0 / 0M, Empty: 0M, Relocated: 0M, In-Place: 0
[40.536s][info][gc,reloc    ] GC(291) Forwarding Usage: 2M
[40.536s][info][gc,heap     ] GC(291) Min Capacity: 8M(1%)
[40.536s][info][gc,heap     ] GC(291) Max Capacity: 1024M(100%)
[40.536s][info][gc,heap     ] GC(291) Soft Max Capacity: 1024M(100%)
[40.536s][info][gc,heap     ] GC(291)                Mark Start          Mark End        Relocate Start      Relocate End           High               Low         
[40.536s][info][gc,heap     ] GC(291)  Capacity:     1024M (100%)       1024M (100%)       1024M (100%)       1024M (100%)       1024M (100%)       1024M (100%)   
[40.536s][info][gc,heap     ] GC(291)      Free:      476M (46%)         370M (36%)         552M (54%)         780M (76%)         780M (76%)         350M (34%)    
[40.536s][info][gc,heap     ] GC(291)      Used:      548M (54%)         654M (64%)         472M (46%)         244M (24%)         674M (66%)         244M (24%)    
[40.536s][info][gc,heap     ] GC(291)      Live:         -                50M (5%)           50M (5%)           50M (5%)             -                  -          
[40.536s][info][gc,heap     ] GC(291) Allocated:         -               106M (10%)         164M (16%)         169M (17%)            -                  -          
[40.536s][info][gc,heap     ] GC(291)   Garbage:         -               497M (49%)         257M (25%)          24M (2%)             -                  -          
[40.536s][info][gc,heap     ] GC(291) Reclaimed:         -                  -               240M (23%)         473M (46%)            -                  -          
[40.536s][info][gc          ] GC(291) Garbage Collection (Allocation Rate) 548M(54%)->244M(24%)
[40.595s][info][gc,start    ] GC(292) Garbage Collection (Allocation Rate)
[40.595s][info][gc,task     ] GC(292) Using 10 workers
[40.596s][info][gc,phases   ] GC(292) Pause Mark Start 0.010ms
[40.618s][info][gc,phases   ] GC(292) Concurrent Mark 21.652ms
[40.633s][info][gc,phases   ] GC(292) Pause Mark End 0.028ms
[40.633s][info][gc,phases   ] GC(292) Concurrent Mark Free 0.002ms
[40.636s][info][gc,phases   ] GC(292) Concurrent Process Non-Strong References 2.499ms
[40.636s][info][gc,phases   ] GC(292) Concurrent Reset Relocation Set 0.036ms
[40.645s][info][gc,phases   ] GC(292) Concurrent Select Relocation Set 8.417ms
[40.645s][info][gc,phases   ] GC(292) Pause Relocate Start 0.009ms
[40.648s][info][gc,phases   ] GC(292) Concurrent Relocate 3.315ms
[40.648s][info][gc,load     ] GC(292) Load: 0.00/0.00/0.00
[40.648s][info][gc,mmu      ] GC(292) MMU: 2ms/95.9%, 5ms/98.4%, 10ms/99.2%, 20ms/99.6%, 50ms/99.8%, 100ms/99.9%
[40.649s][info][gc,marking  ] GC(292) Mark: 8 stripe(s), 3 proactive flush(es), 1 terminate flush(es), 0 completion(s), 0 continuation(s) 
[40.649s][info][gc,marking  ] GC(292) Mark Stack Usage: 32M
[40.649s][info][gc,nmethod  ] GC(292) NMethods: 4684 registered, 47 unregistered
[40.649s][info][gc,metaspace] GC(292) Metaspace: 72M used, 72M committed, 1088M reserved
[40.649s][info][gc,ref      ] GC(292) Soft: 2389 encountered, 0 discovered, 0 enqueued
[40.649s][info][gc,ref      ] GC(292) Weak: 10764 encountered, 1498 discovered, 0 enqueued
[40.649s][info][gc,ref      ] GC(292) Final: 289 encountered, 1 discovered, 0 enqueued
[40.649s][info][gc,ref      ] GC(292) Phantom: 424 encountered, 266 discovered, 0 enqueued
[40.649s][info][gc,reloc    ] GC(292) Small Pages: 270 / 540M, Empty: 210M, Relocated: 6M, In-Place: 0
[40.649s][info][gc,reloc    ] GC(292) Medium Pages: 0 / 0M, Empty: 0M, Relocated: 0M, In-Place: 0
[40.649s][info][gc,reloc    ] GC(292) Large Pages: 0 / 0M, Empty: 0M, Relocated: 0M, In-Place: 0
[40.649s][info][gc,reloc    ] GC(292) Forwarding Usage: 2M
[40.649s][info][gc,heap     ] GC(292) Min Capacity: 8M(1%)
[40.649s][info][gc,heap     ] GC(292) Max Capacity: 1024M(100%)
[40.649s][info][gc,heap     ] GC(292) Soft Max Capacity: 1024M(100%)
[40.649s][info][gc,heap     ] GC(292)                Mark Start          Mark End        Relocate Start      Relocate End           High               Low         
[40.649s][info][gc,heap     ] GC(292)  Capacity:     1024M (100%)       1024M (100%)       1024M (100%)       1024M (100%)       1024M (100%)       1024M (100%)   
[40.649s][info][gc,heap     ] GC(292)      Free:      484M (47%)         306M (30%)         464M (45%)         714M (70%)         714M (70%)         294M (29%)    
[40.649s][info][gc,heap     ] GC(292)      Used:      540M (53%)         718M (70%)         560M (55%)         310M (30%)         730M (71%)         310M (30%)    
[40.649s][info][gc,heap     ] GC(292)      Live:         -                50M (5%)           50M (5%)           50M (5%)             -                  -          
[40.649s][info][gc,heap     ] GC(292) Allocated:         -               178M (17%)         230M (22%)         235M (23%)            -                  -          
[40.649s][info][gc,heap     ] GC(292)   Garbage:         -               489M (48%)         279M (27%)          24M (2%)             -                  -          
[40.649s][info][gc,heap     ] GC(292) Reclaimed:         -                  -               210M (21%)         465M (45%)            -                  -          
[40.649s][info][gc          ] GC(292) Garbage Collection (Allocation Rate) 540M(53%)->310M(30%)
[40.696s][info][gc,start    ] GC(293) Garbage Collection (Allocation Rate)
[40.696s][info][gc,task     ] GC(293) Using 10 workers
[40.696s][info][gc,phases   ] GC(293) Pause Mark Start 0.011ms
[40.717s][info][gc,phases   ] GC(293) Concurrent Mark 20.947ms
[40.718s][info][gc,phases   ] GC(293) Pause Mark End 0.027ms
[40.718s][info][gc,phases   ] GC(293) Concurrent Mark Free 0.001ms
[40.720s][info][gc,phases   ] GC(293) Concurrent Process Non-Strong References 2.225ms
[40.720s][info][gc,phases   ] GC(293) Concurrent Reset Relocation Set 0.053ms
[40.727s][info][gc,phases   ] GC(293) Concurrent Select Relocation Set 6.358ms
[40.727s][info][gc,phases   ] GC(293) Pause Relocate Start 0.011ms
[40.730s][info][gc,phases   ] GC(293) Concurrent Relocate 3.171ms
[40.730s][info][gc,load     ] GC(293) Load: 0.00/0.00/0.00
[40.731s][info][gc,mmu      ] GC(293) MMU: 2ms/95.9%, 5ms/98.4%, 10ms/99.2%, 20ms/99.6%, 50ms/99.8%, 100ms/99.9%
[40.731s][info][gc,marking  ] GC(293) Mark: 8 stripe(s), 3 proactive flush(es), 1 terminate flush(es), 0 completion(s), 0 continuation(s) 
[40.731s][info][gc,marking  ] GC(293) Mark Stack Usage: 32M
[40.731s][info][gc,nmethod  ] GC(293) NMethods: 4684 registered, 47 unregistered
[40.731s][info][gc,metaspace] GC(293) Metaspace: 72M used, 72M committed, 1088M reserved
[40.731s][info][gc,ref      ] GC(293) Soft: 2389 encountered, 0 discovered, 0 enqueued
[40.731s][info][gc,ref      ] GC(293) Weak: 10764 encountered, 1323 discovered, 0 enqueued
[40.731s][info][gc,ref      ] GC(293) Final: 289 encountered, 20 discovered, 0 enqueued
[40.731s][info][gc,ref      ] GC(293) Phantom: 424 encountered, 268 discovered, 0 enqueued
[40.731s][info][gc,reloc    ] GC(293) Small Pages: 275 / 550M, Empty: 210M, Relocated: 6M, In-Place: 0
[40.731s][info][gc,reloc    ] GC(293) Medium Pages: 0 / 0M, Empty: 0M, Relocated: 0M, In-Place: 0
[40.731s][info][gc,reloc    ] GC(293) Large Pages: 0 / 0M, Empty: 0M, Relocated: 0M, In-Place: 0
[40.731s][info][gc,reloc    ] GC(293) Forwarding Usage: 2M
[40.731s][info][gc,heap     ] GC(293) Min Capacity: 8M(1%)
[40.731s][info][gc,heap     ] GC(293) Max Capacity: 1024M(100%)
[40.731s][info][gc,heap     ] GC(293) Soft Max Capacity: 1024M(100%)
[40.731s][info][gc,heap     ] GC(293)                Mark Start          Mark End        Relocate Start      Relocate End           High               Low         
[40.731s][info][gc,heap     ] GC(293)  Capacity:     1024M (100%)       1024M (100%)       1024M (100%)       1024M (100%)       1024M (100%)       1024M (100%)   
[40.731s][info][gc,heap     ] GC(293)      Free:      474M (46%)         370M (36%)         542M (53%)         802M (78%)         802M (78%)         358M (35%)    
[40.731s][info][gc,heap     ] GC(293)      Used:      550M (54%)         654M (64%)         482M (47%)         222M (22%)         666M (65%)         222M (22%)    
[40.731s][info][gc,heap     ] GC(293)      Live:         -                50M (5%)           50M (5%)           50M (5%)             -                  -          
[40.731s][info][gc,heap     ] GC(293) Allocated:         -               104M (10%)         142M (14%)         147M (14%)            -                  -          
[40.731s][info][gc,heap     ] GC(293)   Garbage:         -               499M (49%)         289M (28%)          24M (2%)             -                  -          
[40.731s][info][gc,heap     ] GC(293) Reclaimed:         -                  -               210M (21%)         475M (46%)            -                  -          
[40.731s][info][gc          ] GC(293) Garbage Collection (Allocation Rate) 550M(54%)->222M(22%)
[40.797s][info][gc,start    ] GC(294) Garbage Collection (Allocation Rate)
[40.797s][info][gc,task     ] GC(294) Using 10 workers
[40.797s][info][gc,phases   ] GC(294) Pause Mark Start 0.010ms
[40.821s][info][gc,phases   ] GC(294) Concurrent Mark 23.430ms
[40.821s][info][gc,phases   ] GC(294) Pause Mark End 0.027ms
[40.822s][info][gc,phases   ] GC(294) Concurrent Mark Free 0.001ms
[40.824s][info][gc,phases   ] GC(294) Concurrent Process Non-Strong References 2.297ms
[40.824s][info][gc,phases   ] GC(294) Concurrent Reset Relocation Set 0.040ms
[40.831s][info][gc,phases   ] GC(294) Concurrent Select Relocation Set 6.501ms
[40.831s][info][gc,phases   ] GC(294) Pause Relocate Start 0.010ms
[40.835s][info][gc,phases   ] GC(294) Concurrent Relocate 4.023ms
[40.835s][info][gc,load     ] GC(294) Load: 0.00/0.00/0.00
[40.835s][info][gc,mmu      ] GC(294) MMU: 2ms/95.9%, 5ms/98.4%, 10ms/99.2%, 20ms/99.6%, 50ms/99.8%, 100ms/99.9%
[40.835s][info][gc,marking  ] GC(294) Mark: 8 stripe(s), 3 proactive flush(es), 1 terminate flush(es), 0 completion(s), 0 continuation(s) 
[40.835s][info][gc,marking  ] GC(294) Mark Stack Usage: 32M
[40.835s][info][gc,nmethod  ] GC(294) NMethods: 4684 registered, 47 unregistered
[40.835s][info][gc,metaspace] GC(294) Metaspace: 72M used, 72M committed, 1088M reserved
[40.835s][info][gc,ref      ] GC(294) Soft: 2389 encountered, 0 discovered, 0 enqueued
[40.835s][info][gc,ref      ] GC(294) Weak: 10764 encountered, 1300 discovered, 0 enqueued
[40.835s][info][gc,ref      ] GC(294) Final: 289 encountered, 3 discovered, 0 enqueued
[40.835s][info][gc,ref      ] GC(294) Phantom: 424 encountered, 268 discovered, 0 enqueued
[40.835s][info][gc,reloc    ] GC(294) Small Pages: 277 / 554M, Empty: 180M, Relocated: 6M, In-Place: 0
[40.835s][info][gc,reloc    ] GC(294) Medium Pages: 0 / 0M, Empty: 0M, Relocated: 0M, In-Place: 0
[40.835s][info][gc,reloc    ] GC(294) Large Pages: 0 / 0M, Empty: 0M, Relocated: 0M, In-Place: 0
[40.835s][info][gc,reloc    ] GC(294) Forwarding Usage: 2M
[40.835s][info][gc,heap     ] GC(294) Min Capacity: 8M(1%)
[40.836s][info][gc,heap     ] GC(294) Max Capacity: 1024M(100%)
[40.836s][info][gc,heap     ] GC(294) Soft Max Capacity: 1024M(100%)
[40.836s][info][gc,heap     ] GC(294)                Mark Start          Mark End        Relocate Start      Relocate End           High               Low         
[40.836s][info][gc,heap     ] GC(294)  Capacity:     1024M (100%)       1024M (100%)       1024M (100%)       1024M (100%)       1024M (100%)       1024M (100%)   
[40.836s][info][gc,heap     ] GC(294)      Free:      470M (46%)         354M (35%)         494M (48%)         786M (77%)         786M (77%)         344M (34%)    
[40.836s][info][gc,heap     ] GC(294)      Used:      554M (54%)         670M (65%)         530M (52%)         238M (23%)         680M (66%)         238M (23%)    
[40.836s][info][gc,heap     ] GC(294)      Live:         -                50M (5%)           50M (5%)           50M (5%)             -                  -          
[40.836s][info][gc,heap     ] GC(294) Allocated:         -               116M (11%)         156M (15%)         163M (16%)            -                  -          
[40.836s][info][gc,heap     ] GC(294)   Garbage:         -               503M (49%)         323M (32%)          24M (2%)             -                  -          
[40.836s][info][gc,heap     ] GC(294) Reclaimed:         -                  -               180M (18%)         479M (47%)            -                  -          
[40.836s][info][gc          ] GC(294) Garbage Collection (Allocation Rate) 554M(54%)->238M(23%)
[40.896s][info][gc,start    ] GC(295) Garbage Collection (Allocation Rate)
[40.896s][info][gc,task     ] GC(295) Using 10 workers
[40.896s][info][gc,phases   ] GC(295) Pause Mark Start 0.010ms
[40.920s][info][gc,phases   ] GC(295) Concurrent Mark 23.599ms
[40.921s][info][gc,phases   ] GC(295) Pause Mark End 0.035ms
[40.922s][info][gc,phases   ] GC(295) Concurrent Mark Free 0.002ms
[40.927s][info][gc,phases   ] GC(295) Concurrent Process Non-Strong References 4.404ms
[40.927s][info][gc,phases   ] GC(295) Concurrent Reset Relocation Set 0.042ms
[40.935s][info][gc,phases   ] GC(295) Concurrent Select Relocation Set 8.171ms
[40.935s][info][gc,phases   ] GC(295) Pause Relocate Start 0.008ms
[40.939s][info][gc,phases   ] GC(295) Concurrent Relocate 3.668ms
[40.939s][info][gc,load     ] GC(295) Load: 0.00/0.00/0.00
[40.939s][info][gc,mmu      ] GC(295) MMU: 2ms/95.9%, 5ms/98.4%, 10ms/99.2%, 20ms/99.6%, 50ms/99.8%, 100ms/99.9%
[40.939s][info][gc,marking  ] GC(295) Mark: 8 stripe(s), 3 proactive flush(es), 1 terminate flush(es), 0 completion(s), 0 continuation(s) 
[40.939s][info][gc,marking  ] GC(295) Mark Stack Usage: 32M
[40.939s][info][gc,nmethod  ] GC(295) NMethods: 4416 registered, 348 unregistered
[40.939s][info][gc,metaspace] GC(295) Metaspace: 72M used, 72M committed, 1088M reserved
[40.939s][info][gc,ref      ] GC(295) Soft: 2389 encountered, 0 discovered, 0 enqueued
[40.939s][info][gc,ref      ] GC(295) Weak: 10782 encountered, 1220 discovered, 0 enqueued
[40.939s][info][gc,ref      ] GC(295) Final: 289 encountered, 20 discovered, 0 enqueued
[40.940s][info][gc,ref      ] GC(295) Phantom: 424 encountered, 319 discovered, 0 enqueued
[40.940s][info][gc,reloc    ] GC(295) Small Pages: 272 / 544M, Empty: 212M, Relocated: 6M, In-Place: 0
[40.940s][info][gc,reloc    ] GC(295) Medium Pages: 0 / 0M, Empty: 0M, Relocated: 0M, In-Place: 0
[40.940s][info][gc,reloc    ] GC(295) Large Pages: 0 / 0M, Empty: 0M, Relocated: 0M, In-Place: 0
[40.940s][info][gc,reloc    ] GC(295) Forwarding Usage: 2M
[40.940s][info][gc,heap     ] GC(295) Min Capacity: 8M(1%)
[40.940s][info][gc,heap     ] GC(295) Max Capacity: 1024M(100%)
[40.940s][info][gc,heap     ] GC(295) Soft Max Capacity: 1024M(100%)
[40.940s][info][gc,heap     ] GC(295)                Mark Start          Mark End        Relocate Start      Relocate End           High               Low         
[40.940s][info][gc,heap     ] GC(295)  Capacity:     1024M (100%)       1024M (100%)       1024M (100%)       1024M (100%)       1024M (100%)       1024M (100%)   
[40.940s][info][gc,heap     ] GC(295)      Free:      480M (47%)         364M (36%)         510M (50%)         762M (74%)         762M (74%)         334M (33%)    
[40.940s][info][gc,heap     ] GC(295)      Used:      544M (53%)         660M (64%)         514M (50%)         262M (26%)         690M (67%)         262M (26%)    
[40.940s][info][gc,heap     ] GC(295)      Live:         -                50M (5%)           50M (5%)           50M (5%)             -                  -          
[40.940s][info][gc,heap     ] GC(295) Allocated:         -               116M (11%)         182M (18%)         187M (18%)            -                  -          
[40.940s][info][gc,heap     ] GC(295)   Garbage:         -               493M (48%)         281M (28%)          24M (2%)             -                  -          
[40.940s][info][gc,heap     ] GC(295) Reclaimed:         -                  -               212M (21%)         469M (46%)            -                  -          
[40.940s][info][gc          ] GC(295) Garbage Collection (Allocation Rate) 544M(53%)->262M(26%)
[40.996s][info][gc,start    ] GC(296) Garbage Collection (Allocation Rate)
[40.996s][info][gc,task     ] GC(296) Using 10 workers
[40.997s][info][gc,phases   ] GC(296) Pause Mark Start 0.010ms
[41.020s][info][gc,phases   ] GC(296) Concurrent Mark 23.220ms
[41.021s][info][gc,phases   ] GC(296) Pause Mark End 0.032ms
[41.023s][info][gc,phases   ] GC(296) Concurrent Mark Free 0.002ms
[41.025s][info][gc,phases   ] GC(296) Concurrent Process Non-Strong References 2.361ms
[41.025s][info][gc,phases   ] GC(296) Concurrent Reset Relocation Set 0.040ms
[41.034s][info][gc,phases   ] GC(296) Concurrent Select Relocation Set 8.321ms
[41.034s][info][gc,phases   ] GC(296) Pause Relocate Start 0.008ms
[41.037s][info][gc,phases   ] GC(296) Concurrent Relocate 2.850ms
[41.037s][info][gc,load     ] GC(296) Load: 0.00/0.00/0.00
[41.037s][info][gc,mmu      ] GC(296) MMU: 2ms/95.9%, 5ms/98.4%, 10ms/99.2%, 20ms/99.6%, 50ms/99.8%, 100ms/99.9%
[41.038s][info][gc,marking  ] GC(296) Mark: 8 stripe(s), 3 proactive flush(es), 1 terminate flush(es), 0 completion(s), 0 continuation(s) 
[41.038s][info][gc,marking  ] GC(296) Mark Stack Usage: 32M
[41.038s][info][gc,nmethod  ] GC(296) NMethods: 4420 registered, 354 unregistered
[41.038s][info][gc,metaspace] GC(296) Metaspace: 72M used, 72M committed, 1088M reserved
[41.038s][info][gc,ref      ] GC(296) Soft: 2389 encountered, 0 discovered, 0 enqueued
[41.038s][info][gc,ref      ] GC(296) Weak: 10785 encountered, 1702 discovered, 0 enqueued
[41.038s][info][gc,ref      ] GC(296) Final: 289 encountered, 47 discovered, 0 enqueued
[41.038s][info][gc,ref      ] GC(296) Phantom: 424 encountered, 261 discovered, 0 enqueued
[41.038s][info][gc,reloc    ] GC(296) Small Pages: 275 / 550M, Empty: 212M, Relocated: 6M, In-Place: 0
[41.038s][info][gc,reloc    ] GC(296) Medium Pages: 0 / 0M, Empty: 0M, Relocated: 0M, In-Place: 0
[41.038s][info][gc,reloc    ] GC(296) Large Pages: 0 / 0M, Empty: 0M, Relocated: 0M, In-Place: 0
[41.038s][info][gc,reloc    ] GC(296) Forwarding Usage: 2M
[41.038s][info][gc,heap     ] GC(296) Min Capacity: 8M(1%)
[41.038s][info][gc,heap     ] GC(296) Max Capacity: 1024M(100%)
[41.038s][info][gc,heap     ] GC(296) Soft Max Capacity: 1024M(100%)
[41.038s][info][gc,heap     ] GC(296)                Mark Start          Mark End        Relocate Start      Relocate End           High               Low         
[41.038s][info][gc,heap     ] GC(296)  Capacity:     1024M (100%)       1024M (100%)       1024M (100%)       1024M (100%)       1024M (100%)       1024M (100%)   
[41.038s][info][gc,heap     ] GC(296)      Free:      474M (46%)         360M (35%)         512M (50%)         772M (75%)         772M (75%)         342M (33%)    
[41.038s][info][gc,heap     ] GC(296)      Used:      550M (54%)         664M (65%)         512M (50%)         252M (25%)         682M (67%)         252M (25%)    
[41.038s][info][gc,heap     ] GC(296)      Live:         -                50M (5%)           50M (5%)           50M (5%)             -                  -          
[41.038s][info][gc,heap     ] GC(296) Allocated:         -               114M (11%)         174M (17%)         177M (17%)            -                  -          
[41.038s][info][gc,heap     ] GC(296)   Garbage:         -               499M (49%)         287M (28%)          24M (2%)             -                  -          
[41.038s][info][gc,heap     ] GC(296) Reclaimed:         -                  -               212M (21%)         475M (46%)            -                  -          
[41.038s][info][gc          ] GC(296) Garbage Collection (Allocation Rate) 550M(54%)->252M(25%)
[41.095s][info][gc,start    ] GC(297) Garbage Collection (Allocation Rate)
[41.096s][info][gc,task     ] GC(297) Using 10 workers
[41.096s][info][gc,phases   ] GC(297) Pause Mark Start 0.013ms
[41.119s][info][gc,phases   ] GC(297) Concurrent Mark 22.957ms
[41.119s][info][gc,phases   ] GC(297) Pause Mark End 0.032ms
[41.121s][info][gc,phases   ] GC(297) Concurrent Mark Free 0.001ms
[41.123s][info][gc,phases   ] GC(297) Concurrent Process Non-Strong References 2.224ms
[41.124s][info][gc,phases   ] GC(297) Concurrent Reset Relocation Set 0.043ms
[41.132s][info][gc,phases   ] GC(297) Concurrent Select Relocation Set 8.696ms
[41.133s][info][gc,phases   ] GC(297) Pause Relocate Start 0.008ms
[41.137s][info][gc,phases   ] GC(297) Concurrent Relocate 4.025ms
[41.137s][info][gc,load     ] GC(297) Load: 0.00/0.00/0.00
[41.137s][info][gc,mmu      ] GC(297) MMU: 2ms/95.9%, 5ms/98.4%, 10ms/99.2%, 20ms/99.6%, 50ms/99.8%, 100ms/99.9%
[41.137s][info][gc,marking  ] GC(297) Mark: 8 stripe(s), 3 proactive flush(es), 1 terminate flush(es), 0 completion(s), 0 continuation(s) 
[41.137s][info][gc,marking  ] GC(297) Mark Stack Usage: 32M
[41.137s][info][gc,nmethod  ] GC(297) NMethods: 4422 registered, 354 unregistered
[41.137s][info][gc,metaspace] GC(297) Metaspace: 72M used, 72M committed, 1088M reserved
[41.137s][info][gc,ref      ] GC(297) Soft: 2389 encountered, 0 discovered, 0 enqueued
[41.137s][info][gc,ref      ] GC(297) Weak: 10785 encountered, 1814 discovered, 0 enqueued
[41.137s][info][gc,ref      ] GC(297) Final: 289 encountered, 23 discovered, 0 enqueued
[41.137s][info][gc,ref      ] GC(297) Phantom: 424 encountered, 331 discovered, 0 enqueued
[41.137s][info][gc,reloc    ] GC(297) Small Pages: 271 / 542M, Empty: 246M, Relocated: 6M, In-Place: 0
[41.137s][info][gc,reloc    ] GC(297) Medium Pages: 0 / 0M, Empty: 0M, Relocated: 0M, In-Place: 0
[41.137s][info][gc,reloc    ] GC(297) Large Pages: 0 / 0M, Empty: 0M, Relocated: 0M, In-Place: 0
[41.137s][info][gc,reloc    ] GC(297) Forwarding Usage: 2M
[41.137s][info][gc,heap     ] GC(297) Min Capacity: 8M(1%)
[41.137s][info][gc,heap     ] GC(297) Max Capacity: 1024M(100%)
[41.137s][info][gc,heap     ] GC(297) Soft Max Capacity: 1024M(100%)
[41.137s][info][gc,heap     ] GC(297)                Mark Start          Mark End        Relocate Start      Relocate End           High               Low         
[41.137s][info][gc,heap     ] GC(297)  Capacity:     1024M (100%)       1024M (100%)       1024M (100%)       1024M (100%)       1024M (100%)       1024M (100%)   
[41.137s][info][gc,heap     ] GC(297)      Free:      482M (47%)         372M (36%)         558M (54%)         772M (75%)         774M (76%)         356M (35%)    
[41.138s][info][gc,heap     ] GC(297)      Used:      542M (53%)         652M (64%)         466M (46%)         252M (25%)         668M (65%)         250M (24%)    
[41.138s][info][gc,heap     ] GC(297)      Live:         -                50M (5%)           50M (5%)           50M (5%)             -                  -          
[41.138s][info][gc,heap     ] GC(297) Allocated:         -               110M (11%)         170M (17%)         177M (17%)            -                  -          
[41.138s][info][gc,heap     ] GC(297)   Garbage:         -               491M (48%)         245M (24%)          24M (2%)             -                  -          
[41.138s][info][gc,heap     ] GC(297) Reclaimed:         -                  -               246M (24%)         467M (46%)            -                  -          
[41.138s][info][gc          ] GC(297) Garbage Collection (Allocation Rate) 542M(53%)->252M(25%)
[41.196s][info][gc,start    ] GC(298) Garbage Collection (Allocation Rate)
[41.196s][info][gc,task     ] GC(298) Using 10 workers
[41.196s][info][gc,phases   ] GC(298) Pause Mark Start 0.012ms
[41.217s][info][gc,phases   ] GC(298) Concurrent Mark 20.651ms
[41.217s][info][gc,phases   ] GC(298) Pause Mark End 0.032ms
[41.217s][info][gc,phases   ] GC(298) Concurrent Mark Free 0.002ms
[41.220s][info][gc,phases   ] GC(298) Concurrent Process Non-Strong References 2.247ms
[41.220s][info][gc,phases   ] GC(298) Concurrent Reset Relocation Set 0.035ms
[41.224s][info][gc,phases   ] GC(298) Concurrent Select Relocation Set 4.806ms
[41.225s][info][gc,phases   ] GC(298) Pause Relocate Start 0.009ms
[41.228s][info][gc,phases   ] GC(298) Concurrent Relocate 3.191ms
[41.228s][info][gc,load     ] GC(298) Load: 0.00/0.00/0.00
[41.228s][info][gc,mmu      ] GC(298) MMU: 2ms/95.9%, 5ms/98.4%, 10ms/99.2%, 20ms/99.6%, 50ms/99.8%, 100ms/99.9%
[41.228s][info][gc,marking  ] GC(298) Mark: 8 stripe(s), 3 proactive flush(es), 1 terminate flush(es), 0 completion(s), 0 continuation(s) 
[41.228s][info][gc,marking  ] GC(298) Mark Stack Usage: 32M
[41.228s][info][gc,nmethod  ] GC(298) NMethods: 4421 registered, 355 unregistered
[41.228s][info][gc,metaspace] GC(298) Metaspace: 72M used, 72M committed, 1088M reserved
[41.228s][info][gc,ref      ] GC(298) Soft: 2427 encountered, 0 discovered, 0 enqueued
[41.228s][info][gc,ref      ] GC(298) Weak: 10711 encountered, 1841 discovered, 20 enqueued
[41.228s][info][gc,ref      ] GC(298) Final: 289 encountered, 39 discovered, 0 enqueued
[41.228s][info][gc,ref      ] GC(298) Phantom: 424 encountered, 315 discovered, 0 enqueued
[41.228s][info][gc,reloc    ] GC(298) Small Pages: 273 / 546M, Empty: 200M, Relocated: 6M, In-Place: 0
[41.228s][info][gc,reloc    ] GC(298) Medium Pages: 0 / 0M, Empty: 0M, Relocated: 0M, In-Place: 0
[41.228s][info][gc,reloc    ] GC(298) Large Pages: 0 / 0M, Empty: 0M, Relocated: 0M, In-Place: 0
[41.228s][info][gc,reloc    ] GC(298) Forwarding Usage: 2M
[41.228s][info][gc,heap     ] GC(298) Min Capacity: 8M(1%)
[41.228s][info][gc,heap     ] GC(298) Max Capacity: 1024M(100%)
[41.228s][info][gc,heap     ] GC(298) Soft Max Capacity: 1024M(100%)
[41.229s][info][gc,heap     ] GC(298)                Mark Start          Mark End        Relocate Start      Relocate End           High               Low         
[41.229s][info][gc,heap     ] GC(298)  Capacity:     1024M (100%)       1024M (100%)       1024M (100%)       1024M (100%)       1024M (100%)       1024M (100%)   
[41.229s][info][gc,heap     ] GC(298)      Free:      478M (47%)         380M (37%)         546M (53%)         812M (79%)         812M (79%)         368M (36%)    
[41.229s][info][gc,heap     ] GC(298)      Used:      546M (53%)         644M (63%)         478M (47%)         212M (21%)         656M (64%)         212M (21%)    
[41.229s][info][gc,heap     ] GC(298)      Live:         -                49M (5%)           49M (5%)           49M (5%)             -                  -          
[41.229s][info][gc,heap     ] GC(298) Allocated:         -                98M (10%)         132M (13%)         137M (13%)            -                  -          
[41.229s][info][gc,heap     ] GC(298)   Garbage:         -               496M (48%)         296M (29%)          24M (2%)             -                  -          
[41.229s][info][gc,heap     ] GC(298) Reclaimed:         -                  -               200M (20%)         471M (46%)            -                  -          
[41.229s][info][gc          ] GC(298) Garbage Collection (Allocation Rate) 546M(53%)->212M(21%)
[41.296s][info][gc,start    ] GC(299) Garbage Collection (Allocation Rate)
[41.297s][info][gc,task     ] GC(299) Using 10 workers
[41.297s][info][gc,phases   ] GC(299) Pause Mark Start 0.010ms
[41.317s][info][gc,phases   ] GC(299) Concurrent Mark 20.389ms
[41.318s][info][gc,phases   ] GC(299) Pause Mark End 0.022ms
[41.318s][info][gc,phases   ] GC(299) Concurrent Mark Free 0.001ms
[41.320s][info][gc,phases   ] GC(299) Concurrent Process Non-Strong References 2.209ms
[41.320s][info][gc,phases   ] GC(299) Concurrent Reset Relocation Set 0.040ms
[41.329s][info][gc,phases   ] GC(299) Concurrent Select Relocation Set 8.109ms
[41.329s][info][gc,phases   ] GC(299) Pause Relocate Start 0.010ms
[41.334s][info][gc,phases   ] GC(299) Concurrent Relocate 4.735ms
[41.334s][info][gc,load     ] GC(299) Load: 0.00/0.00/0.00
[41.334s][info][gc,mmu      ] GC(299) MMU: 2ms/95.9%, 5ms/98.4%, 10ms/99.2%, 20ms/99.6%, 50ms/99.8%, 100ms/99.9%
[41.334s][info][gc,marking  ] GC(299) Mark: 8 stripe(s), 3 proactive flush(es), 1 terminate flush(es), 0 completion(s), 0 continuation(s) 
[41.334s][info][gc,marking  ] GC(299) Mark Stack Usage: 32M
[41.334s][info][gc,nmethod  ] GC(299) NMethods: 4423 registered, 355 unregistered
[41.334s][info][gc,metaspace] GC(299) Metaspace: 72M used, 72M committed, 1088M reserved
[41.334s][info][gc,ref      ] GC(299) Soft: 2427 encountered, 0 discovered, 0 enqueued
[41.334s][info][gc,ref      ] GC(299) Weak: 10675 encountered, 1403 discovered, 0 enqueued
[41.334s][info][gc,ref      ] GC(299) Final: 289 encountered, 3 discovered, 0 enqueued
[41.334s][info][gc,ref      ] GC(299) Phantom: 424 encountered, 276 discovered, 0 enqueued
[41.334s][info][gc,reloc    ] GC(299) Small Pages: 276 / 552M, Empty: 262M, Relocated: 6M, In-Place: 0
[41.334s][info][gc,reloc    ] GC(299) Medium Pages: 0 / 0M, Empty: 0M, Relocated: 0M, In-Place: 0
[41.334s][info][gc,reloc    ] GC(299) Large Pages: 0 / 0M, Empty: 0M, Relocated: 0M, In-Place: 0
[41.334s][info][gc,reloc    ] GC(299) Forwarding Usage: 2M
[41.334s][info][gc,heap     ] GC(299) Min Capacity: 8M(1%)
[41.334s][info][gc,heap     ] GC(299) Max Capacity: 1024M(100%)
[41.334s][info][gc,heap     ] GC(299) Soft Max Capacity: 1024M(100%)
[41.334s][info][gc,heap     ] GC(299)                Mark Start          Mark End        Relocate Start      Relocate End           High               Low         
[41.334s][info][gc,heap     ] GC(299)  Capacity:     1024M (100%)       1024M (100%)       1024M (100%)       1024M (100%)       1024M (100%)       1024M (100%)   
[41.334s][info][gc,heap     ] GC(299)      Free:      472M (46%)         376M (37%)         586M (57%)         790M (77%)         794M (78%)         362M (35%)    
[41.334s][info][gc,heap     ] GC(299)      Used:      552M (54%)         648M (63%)         438M (43%)         234M (23%)         662M (65%)         230M (22%)    
[41.334s][info][gc,heap     ] GC(299)      Live:         -                49M (5%)           49M (5%)           49M (5%)             -                  -          
[41.334s][info][gc,heap     ] GC(299) Allocated:         -                96M (9%)          148M (14%)         159M (16%)            -                  -          
[41.334s][info][gc,heap     ] GC(299)   Garbage:         -               502M (49%)         240M (23%)          24M (2%)             -                  -          
[41.334s][info][gc,heap     ] GC(299) Reclaimed:         -                  -               262M (26%)         477M (47%)            -                  -          
[41.334s][info][gc          ] GC(299) Garbage Collection (Allocation Rate) 552M(54%)->234M(23%)
[41.396s][info][gc,start    ] GC(300) Garbage Collection (Allocation Rate)
[41.396s][info][gc,task     ] GC(300) Using 10 workers
[41.396s][info][gc,phases   ] GC(300) Pause Mark Start 0.011ms
[41.415s][info][gc,phases   ] GC(300) Concurrent Mark 18.315ms
[41.415s][info][gc,phases   ] GC(300) Pause Mark End 0.029ms
[41.415s][info][gc,phases   ] GC(300) Concurrent Mark Free 0.001ms
[41.417s][info][gc,phases   ] GC(300) Concurrent Process Non-Strong References 2.317ms
[41.417s][info][gc,phases   ] GC(300) Concurrent Reset Relocation Set 0.031ms
[41.426s][info][gc,phases   ] GC(300) Concurrent Select Relocation Set 8.232ms
[41.426s][info][gc,phases   ] GC(300) Pause Relocate Start 0.009ms
[41.429s][info][gc,phases   ] GC(300) Concurrent Relocate 3.404ms
[41.430s][info][gc,load     ] GC(300) Load: 0.00/0.00/0.00
[41.430s][info][gc,mmu      ] GC(300) MMU: 2ms/95.9%, 5ms/98.4%, 10ms/99.2%, 20ms/99.6%, 50ms/99.8%, 100ms/99.9%
[41.430s][info][gc,marking  ] GC(300) Mark: 8 stripe(s), 3 proactive flush(es), 1 terminate flush(es), 0 completion(s), 0 continuation(s) 
[41.430s][info][gc,marking  ] GC(300) Mark Stack Usage: 32M
[41.430s][info][gc,nmethod  ] GC(300) NMethods: 4423 registered, 356 unregistered
[41.430s][info][gc,metaspace] GC(300) Metaspace: 72M used, 72M committed, 1088M reserved
[41.430s][info][gc,ref      ] GC(300) Soft: 2427 encountered, 0 discovered, 0 enqueued
[41.430s][info][gc,ref      ] GC(300) Weak: 10567 encountered, 752 discovered, 31 enqueued
[41.430s][info][gc,ref      ] GC(300) Final: 289 encountered, 24 discovered, 0 enqueued
[41.430s][info][gc,ref      ] GC(300) Phantom: 424 encountered, 295 discovered, 0 enqueued
[41.430s][info][gc,reloc    ] GC(300) Small Pages: 271 / 542M, Empty: 248M, Relocated: 6M, In-Place: 0
[41.430s][info][gc,reloc    ] GC(300) Medium Pages: 0 / 0M, Empty: 0M, Relocated: 0M, In-Place: 0
[41.430s][info][gc,reloc    ] GC(300) Large Pages: 0 / 0M, Empty: 0M, Relocated: 0M, In-Place: 0
[41.430s][info][gc,reloc    ] GC(300) Forwarding Usage: 2M
[41.430s][info][gc,heap     ] GC(300) Min Capacity: 8M(1%)
[41.430s][info][gc,heap     ] GC(300) Max Capacity: 1024M(100%)
[41.430s][info][gc,heap     ] GC(300) Soft Max Capacity: 1024M(100%)
[41.430s][info][gc,heap     ] GC(300)                Mark Start          Mark End        Relocate Start      Relocate End           High               Low         
[41.430s][info][gc,heap     ] GC(300)  Capacity:     1024M (100%)       1024M (100%)       1024M (100%)       1024M (100%)       1024M (100%)       1024M (100%)   
[41.430s][info][gc,heap     ] GC(300)      Free:      482M (47%)         396M (39%)         594M (58%)         804M (79%)         806M (79%)         388M (38%)    
[41.430s][info][gc,heap     ] GC(300)      Used:      542M (53%)         628M (61%)         430M (42%)         220M (21%)         636M (62%)         218M (21%)    
[41.430s][info][gc,heap     ] GC(300)      Live:         -                49M (5%)           49M (5%)           49M (5%)             -                  -          
[41.430s][info][gc,heap     ] GC(300) Allocated:         -                86M (8%)          136M (13%)         145M (14%)            -                  -          
[41.430s][info][gc,heap     ] GC(300)   Garbage:         -               492M (48%)         244M (24%)          25M (2%)             -                  -          
[41.430s][info][gc,heap     ] GC(300) Reclaimed:         -                  -               248M (24%)         467M (46%)            -                  -          
[41.430s][info][gc          ] GC(300) Garbage Collection (Allocation Rate) 542M(53%)->220M(21%)
[41.497s][info][gc,start    ] GC(301) Garbage Collection (Allocation Rate)
[41.497s][info][gc,task     ] GC(301) Using 10 workers
[41.497s][info][gc,phases   ] GC(301) Pause Mark Start 0.010ms
[41.518s][info][gc,phases   ] GC(301) Concurrent Mark 21.182ms
[41.519s][info][gc,phases   ] GC(301) Pause Mark End 0.028ms
[41.519s][info][gc,phases   ] GC(301) Concurrent Mark Free 0.002ms
[41.521s][info][gc,phases   ] GC(301) Concurrent Process Non-Strong References 2.227ms
[41.521s][info][gc,phases   ] GC(301) Concurrent Reset Relocation Set 0.033ms
[41.526s][info][gc,phases   ] GC(301) Concurrent Select Relocation Set 4.832ms
[41.526s][info][gc,phases   ] GC(301) Pause Relocate Start 0.010ms
[41.529s][info][gc,phases   ] GC(301) Concurrent Relocate 3.106ms
[41.529s][info][gc,load     ] GC(301) Load: 0.00/0.00/0.00
[41.529s][info][gc,mmu      ] GC(301) MMU: 2ms/95.9%, 5ms/98.4%, 10ms/99.2%, 20ms/99.6%, 50ms/99.8%, 100ms/99.9%
[41.530s][info][gc,marking  ] GC(301) Mark: 8 stripe(s), 3 proactive flush(es), 1 terminate flush(es), 0 completion(s), 0 continuation(s) 
[41.530s][info][gc,marking  ] GC(301) Mark Stack Usage: 32M
[41.530s][info][gc,nmethod  ] GC(301) NMethods: 4425 registered, 356 unregistered
[41.530s][info][gc,metaspace] GC(301) Metaspace: 72M used, 72M committed, 1088M reserved
[41.530s][info][gc,ref      ] GC(301) Soft: 2427 encountered, 0 discovered, 0 enqueued
[41.530s][info][gc,ref      ] GC(301) Weak: 10462 encountered, 1477 discovered, 18 enqueued
[41.530s][info][gc,ref      ] GC(301) Final: 289 encountered, 3 discovered, 0 enqueued
[41.530s][info][gc,ref      ] GC(301) Phantom: 424 encountered, 300 discovered, 0 enqueued
[41.530s][info][gc,reloc    ] GC(301) Small Pages: 276 / 552M, Empty: 302M, Relocated: 5M, In-Place: 0
[41.530s][info][gc,reloc    ] GC(301) Medium Pages: 0 / 0M, Empty: 0M, Relocated: 0M, In-Place: 0
[41.530s][info][gc,reloc    ] GC(301) Large Pages: 0 / 0M, Empty: 0M, Relocated: 0M, In-Place: 0
[41.530s][info][gc,reloc    ] GC(301) Forwarding Usage: 2M
[41.530s][info][gc,heap     ] GC(301) Min Capacity: 8M(1%)
[41.530s][info][gc,heap     ] GC(301) Max Capacity: 1024M(100%)
[41.530s][info][gc,heap     ] GC(301) Soft Max Capacity: 1024M(100%)
[41.530s][info][gc,heap     ] GC(301)                Mark Start          Mark End        Relocate Start      Relocate End           High               Low         
[41.530s][info][gc,heap     ] GC(301)  Capacity:     1024M (100%)       1024M (100%)       1024M (100%)       1024M (100%)       1024M (100%)       1024M (100%)   
[41.530s][info][gc,heap     ] GC(301)      Free:      472M (46%)         374M (37%)         646M (63%)         812M (79%)         812M (79%)         364M (36%)    
[41.530s][info][gc,heap     ] GC(301)      Used:      552M (54%)         650M (63%)         378M (37%)         212M (21%)         660M (64%)         212M (21%)    
[41.530s][info][gc,heap     ] GC(301)      Live:         -                49M (5%)           49M (5%)           49M (5%)             -                  -          
[41.530s][info][gc,heap     ] GC(301) Allocated:         -                98M (10%)         128M (13%)         135M (13%)            -                  -          
[41.530s][info][gc,heap     ] GC(301)   Garbage:         -               502M (49%)         200M (20%)          27M (3%)             -                  -          
[41.530s][info][gc,heap     ] GC(301) Reclaimed:         -                  -               302M (29%)         475M (46%)            -                  -          
[41.530s][info][gc          ] GC(301) Garbage Collection (Allocation Rate) 552M(54%)->212M(21%)
[41.596s][info][gc,start    ] GC(302) Garbage Collection (Allocation Rate)
[41.596s][info][gc,task     ] GC(302) Using 10 workers
[41.596s][info][gc,phases   ] GC(302) Pause Mark Start 0.010ms
[41.619s][info][gc,phases   ] GC(302) Concurrent Mark 22.566ms
[41.619s][info][gc,phases   ] GC(302) Pause Mark End 0.023ms
[41.620s][info][gc,phases   ] GC(302) Concurrent Mark Free 0.001ms
[41.622s][info][gc,phases   ] GC(302) Concurrent Process Non-Strong References 2.425ms
[41.622s][info][gc,phases   ] GC(302) Concurrent Reset Relocation Set 0.020ms
[41.627s][info][gc,phases   ] GC(302) Concurrent Select Relocation Set 4.569ms
[41.627s][info][gc,phases   ] GC(302) Pause Relocate Start 0.010ms
[41.630s][info][gc,phases   ] GC(302) Concurrent Relocate 3.244ms
[41.630s][info][gc,load     ] GC(302) Load: 0.00/0.00/0.00
[41.630s][info][gc,mmu      ] GC(302) MMU: 2ms/95.9%, 5ms/98.4%, 10ms/99.2%, 20ms/99.6%, 50ms/99.8%, 100ms/99.9%
[41.630s][info][gc,marking  ] GC(302) Mark: 8 stripe(s), 3 proactive flush(es), 1 terminate flush(es), 0 completion(s), 0 continuation(s) 
[41.630s][info][gc,marking  ] GC(302) Mark Stack Usage: 32M
[41.630s][info][gc,nmethod  ] GC(302) NMethods: 4426 registered, 358 unregistered
[41.630s][info][gc,metaspace] GC(302) Metaspace: 72M used, 72M committed, 1088M reserved
[41.630s][info][gc,ref      ] GC(302) Soft: 2427 encountered, 0 discovered, 0 enqueued
[41.631s][info][gc,ref      ] GC(302) Weak: 10319 encountered, 1228 discovered, 31 enqueued
[41.631s][info][gc,ref      ] GC(302) Final: 289 encountered, 5 discovered, 0 enqueued
[41.631s][info][gc,ref      ] GC(302) Phantom: 424 encountered, 302 discovered, 0 enqueued
[41.631s][info][gc,reloc    ] GC(302) Small Pages: 265 / 530M, Empty: 250M, Relocated: 4M, In-Place: 0
[41.631s][info][gc,reloc    ] GC(302) Medium Pages: 0 / 0M, Empty: 0M, Relocated: 0M, In-Place: 0
[41.631s][info][gc,reloc    ] GC(302) Large Pages: 0 / 0M, Empty: 0M, Relocated: 0M, In-Place: 0
[41.631s][info][gc,reloc    ] GC(302) Forwarding Usage: 1M
[41.631s][info][gc,heap     ] GC(302) Min Capacity: 8M(1%)
[41.631s][info][gc,heap     ] GC(302) Max Capacity: 1024M(100%)
[41.631s][info][gc,heap     ] GC(302) Soft Max Capacity: 1024M(100%)
[41.631s][info][gc,heap     ] GC(302)                Mark Start          Mark End        Relocate Start      Relocate End           High               Low         
[41.631s][info][gc,heap     ] GC(302)  Capacity:     1024M (100%)       1024M (100%)       1024M (100%)       1024M (100%)       1024M (100%)       1024M (100%)   
[41.631s][info][gc,heap     ] GC(302)      Free:      494M (48%)         394M (38%)         612M (60%)         810M (79%)         810M (79%)         386M (38%)    
[41.631s][info][gc,heap     ] GC(302)      Used:      530M (52%)         630M (62%)         412M (40%)         214M (21%)         638M (62%)         214M (21%)    
[41.631s][info][gc,heap     ] GC(302)      Live:         -                49M (5%)           49M (5%)           49M (5%)             -                  -          
[41.631s][info][gc,heap     ] GC(302) Allocated:         -               100M (10%)         132M (13%)         137M (13%)            -                  -          
[41.631s][info][gc,heap     ] GC(302)   Garbage:         -               480M (47%)         230M (23%)          27M (3%)             -                  -          
[41.631s][info][gc,heap     ] GC(302) Reclaimed:         -                  -               250M (24%)         453M (44%)            -                  -          
[41.631s][info][gc          ] GC(302) Garbage Collection (Allocation Rate) 530M(52%)->214M(21%)
[41.695s][info][gc,start    ] GC(303) Garbage Collection (Allocation Rate)
[41.695s][info][gc,task     ] GC(303) Using 10 workers
[41.696s][info][gc,phases   ] GC(303) Pause Mark Start 0.009ms
[41.722s][info][gc,phases   ] GC(303) Concurrent Mark 26.492ms
[41.722s][info][gc,phases   ] GC(303) Pause Mark End 0.028ms
[41.722s][info][gc,phases   ] GC(303) Concurrent Mark Free 0.002ms
[41.725s][info][gc,phases   ] GC(303) Concurrent Process Non-Strong References 2.369ms
[41.725s][info][gc,phases   ] GC(303) Concurrent Reset Relocation Set 0.026ms
[41.730s][info][gc,phases   ] GC(303) Concurrent Select Relocation Set 5.357ms
[41.731s][info][gc,phases   ] GC(303) Pause Relocate Start 0.008ms
[41.734s][info][gc,phases   ] GC(303) Concurrent Relocate 2.977ms
[41.734s][info][gc,load     ] GC(303) Load: 0.00/0.00/0.00
[41.734s][info][gc,mmu      ] GC(303) MMU: 2ms/95.9%, 5ms/98.4%, 10ms/99.2%, 20ms/99.6%, 50ms/99.8%, 100ms/99.9%
[41.734s][info][gc,marking  ] GC(303) Mark: 8 stripe(s), 2 proactive flush(es), 1 terminate flush(es), 0 completion(s), 0 continuation(s) 
[41.734s][info][gc,marking  ] GC(303) Mark Stack Usage: 32M
[41.734s][info][gc,nmethod  ] GC(303) NMethods: 4425 registered, 361 unregistered
[41.734s][info][gc,metaspace] GC(303) Metaspace: 72M used, 72M committed, 1088M reserved
[41.734s][info][gc,ref      ] GC(303) Soft: 2427 encountered, 0 discovered, 0 enqueued
[41.734s][info][gc,ref      ] GC(303) Weak: 10239 encountered, 1166 discovered, 13 enqueued
[41.734s][info][gc,ref      ] GC(303) Final: 289 encountered, 14 discovered, 0 enqueued
[41.734s][info][gc,ref      ] GC(303) Phantom: 424 encountered, 308 discovered, 0 enqueued
[41.734s][info][gc,reloc    ] GC(303) Small Pages: 255 / 510M, Empty: 306M, Relocated: 4M, In-Place: 0
[41.734s][info][gc,reloc    ] GC(303) Medium Pages: 0 / 0M, Empty: 0M, Relocated: 0M, In-Place: 0
[41.734s][info][gc,reloc    ] GC(303) Large Pages: 0 / 0M, Empty: 0M, Relocated: 0M, In-Place: 0
[41.734s][info][gc,reloc    ] GC(303) Forwarding Usage: 1M
[41.734s][info][gc,heap     ] GC(303) Min Capacity: 8M(1%)
[41.734s][info][gc,heap     ] GC(303) Max Capacity: 1024M(100%)
[41.734s][info][gc,heap     ] GC(303) Soft Max Capacity: 1024M(100%)
[41.734s][info][gc,heap     ] GC(303)                Mark Start          Mark End        Relocate Start      Relocate End           High               Low         
[41.734s][info][gc,heap     ] GC(303)  Capacity:     1024M (100%)       1024M (100%)       1024M (100%)       1024M (100%)       1024M (100%)       1024M (100%)   
[41.734s][info][gc,heap     ] GC(303)      Free:      514M (50%)         404M (39%)         670M (65%)         788M (77%)         788M (77%)         386M (38%)    
[41.734s][info][gc,heap     ] GC(303)      Used:      510M (50%)         620M (61%)         354M (35%)         236M (23%)         638M (62%)         236M (23%)    
[41.734s][info][gc,heap     ] GC(303)      Live:         -                48M (5%)           48M (5%)           48M (5%)             -                  -          
[41.734s][info][gc,heap     ] GC(303) Allocated:         -               110M (11%)         150M (15%)         159M (16%)            -                  -          
[41.734s][info][gc,heap     ] GC(303)   Garbage:         -               461M (45%)         155M (15%)          27M (3%)             -                  -          
[41.734s][info][gc,heap     ] GC(303) Reclaimed:         -                  -               306M (30%)         433M (42%)            -                  -          
[41.734s][info][gc          ] GC(303) Garbage Collection (Allocation Rate) 510M(50%)->236M(23%)
[41.796s][info][gc,start    ] GC(304) Garbage Collection (Allocation Rate)
[41.796s][info][gc,task     ] GC(304) Using 10 workers
[41.797s][info][gc,phases   ] GC(304) Pause Mark Start 0.015ms
[41.819s][info][gc,phases   ] GC(304) Concurrent Mark 22.233ms
[41.819s][info][gc,phases   ] GC(304) Pause Mark End 0.026ms
[41.819s][info][gc,phases   ] GC(304) Concurrent Mark Free 0.001ms
[41.822s][info][gc,phases   ] GC(304) Concurrent Process Non-Strong References 2.399ms
[41.822s][info][gc,phases   ] GC(304) Concurrent Reset Relocation Set 0.019ms
[41.830s][info][gc,phases   ] GC(304) Concurrent Select Relocation Set 8.377ms
[41.830s][info][gc,phases   ] GC(304) Pause Relocate Start 0.008ms
[41.835s][info][gc,phases   ] GC(304) Concurrent Relocate 4.786ms
[41.835s][info][gc,load     ] GC(304) Load: 0.00/0.00/0.00
[41.835s][info][gc,mmu      ] GC(304) MMU: 2ms/95.9%, 5ms/98.4%, 10ms/99.2%, 20ms/99.6%, 50ms/99.8%, 100ms/99.9%
[41.835s][info][gc,marking  ] GC(304) Mark: 8 stripe(s), 3 proactive flush(es), 1 terminate flush(es), 0 completion(s), 0 continuation(s) 
[41.835s][info][gc,marking  ] GC(304) Mark Stack Usage: 32M
[41.835s][info][gc,nmethod  ] GC(304) NMethods: 4427 registered, 362 unregistered
[41.835s][info][gc,metaspace] GC(304) Metaspace: 72M used, 72M committed, 1088M reserved
[41.835s][info][gc,ref      ] GC(304) Soft: 2427 encountered, 0 discovered, 0 enqueued
[41.835s][info][gc,ref      ] GC(304) Weak: 10152 encountered, 1740 discovered, 19 enqueued
[41.835s][info][gc,ref      ] GC(304) Final: 289 encountered, 4 discovered, 0 enqueued
[41.835s][info][gc,ref      ] GC(304) Phantom: 424 encountered, 342 discovered, 0 enqueued
[41.836s][info][gc,reloc    ] GC(304) Small Pages: 255 / 510M, Empty: 254M, Relocated: 8M, In-Place: 0
[41.836s][info][gc,reloc    ] GC(304) Medium Pages: 0 / 0M, Empty: 0M, Relocated: 0M, In-Place: 0
[41.836s][info][gc,reloc    ] GC(304) Large Pages: 0 / 0M, Empty: 0M, Relocated: 0M, In-Place: 0
[41.836s][info][gc,reloc    ] GC(304) Forwarding Usage: 2M
[41.836s][info][gc,heap     ] GC(304) Min Capacity: 8M(1%)
[41.836s][info][gc,heap     ] GC(304) Max Capacity: 1024M(100%)
[41.836s][info][gc,heap     ] GC(304) Soft Max Capacity: 1024M(100%)
[41.836s][info][gc,heap     ] GC(304)                Mark Start          Mark End        Relocate Start      Relocate End           High               Low         
[41.836s][info][gc,heap     ] GC(304)  Capacity:     1024M (100%)       1024M (100%)       1024M (100%)       1024M (100%)       1024M (100%)       1024M (100%)   
[41.836s][info][gc,heap     ] GC(304)      Free:      514M (50%)         424M (41%)         634M (62%)         810M (79%)         810M (79%)         418M (41%)    
[41.836s][info][gc,heap     ] GC(304)      Used:      510M (50%)         600M (59%)         390M (38%)         214M (21%)         606M (59%)         214M (21%)    
[41.836s][info][gc,heap     ] GC(304)      Live:         -                48M (5%)           48M (5%)           48M (5%)             -                  -          
[41.836s][info][gc,heap     ] GC(304) Allocated:         -                90M (9%)          134M (13%)         143M (14%)            -                  -          
[41.836s][info][gc,heap     ] GC(304)   Garbage:         -               461M (45%)         207M (20%)          21M (2%)             -                  -          
[41.836s][info][gc,heap     ] GC(304) Reclaimed:         -                  -               254M (25%)         439M (43%)            -                  -          
[41.836s][info][gc          ] GC(304) Garbage Collection (Allocation Rate) 510M(50%)->214M(21%)
[41.903s][info][gc,start    ] GC(305) Garbage Collection (Allocation Rate)
[41.904s][info][gc,task     ] GC(305) Using 10 workers
[41.904s][info][gc,phases   ] GC(305) Pause Mark Start 0.013ms
[41.928s][info][gc,phases   ] GC(305) Concurrent Mark 23.632ms
[41.928s][info][gc,phases   ] GC(305) Pause Mark End 0.019ms
[41.928s][info][gc,phases   ] GC(305) Concurrent Mark Free 0.001ms
[41.930s][info][gc,phases   ] GC(305) Concurrent Process Non-Strong References 2.389ms
[41.930s][info][gc,phases   ] GC(305) Concurrent Reset Relocation Set 0.021ms
[41.934s][info][gc,phases   ] GC(305) Concurrent Select Relocation Set 3.843ms
[41.934s][info][gc,phases   ] GC(305) Pause Relocate Start 0.008ms
[41.939s][info][gc,phases   ] GC(305) Concurrent Relocate 4.623ms
[41.939s][info][gc,load     ] GC(305) Load: 0.00/0.00/0.00
[41.939s][info][gc,mmu      ] GC(305) MMU: 2ms/95.9%, 5ms/98.4%, 10ms/99.2%, 20ms/99.6%, 50ms/99.8%, 100ms/99.9%
[41.939s][info][gc,marking  ] GC(305) Mark: 8 stripe(s), 2 proactive flush(es), 1 terminate flush(es), 0 completion(s), 0 continuation(s) 
[41.939s][info][gc,marking  ] GC(305) Mark Stack Usage: 32M
[41.939s][info][gc,nmethod  ] GC(305) NMethods: 4428 registered, 362 unregistered
[41.939s][info][gc,metaspace] GC(305) Metaspace: 72M used, 72M committed, 1088M reserved
[41.939s][info][gc,ref      ] GC(305) Soft: 2427 encountered, 0 discovered, 0 enqueued
[41.939s][info][gc,ref      ] GC(305) Weak: 10084 encountered, 1395 discovered, 13 enqueued
[41.939s][info][gc,ref      ] GC(305) Final: 289 encountered, 3 discovered, 0 enqueued
[41.939s][info][gc,ref      ] GC(305) Phantom: 424 encountered, 290 discovered, 0 enqueued
[41.939s][info][gc,reloc    ] GC(305) Small Pages: 250 / 500M, Empty: 272M, Relocated: 8M, In-Place: 0
[41.939s][info][gc,reloc    ] GC(305) Medium Pages: 0 / 0M, Empty: 0M, Relocated: 0M, In-Place: 0
[41.939s][info][gc,reloc    ] GC(305) Large Pages: 0 / 0M, Empty: 0M, Relocated: 0M, In-Place: 0
[41.939s][info][gc,reloc    ] GC(305) Forwarding Usage: 2M
[41.939s][info][gc,heap     ] GC(305) Min Capacity: 8M(1%)
[41.939s][info][gc,heap     ] GC(305) Max Capacity: 1024M(100%)
[41.939s][info][gc,heap     ] GC(305) Soft Max Capacity: 1024M(100%)
[41.939s][info][gc,heap     ] GC(305)                Mark Start          Mark End        Relocate Start      Relocate End           High               Low         
[41.939s][info][gc,heap     ] GC(305)  Capacity:     1024M (100%)       1024M (100%)       1024M (100%)       1024M (100%)       1024M (100%)       1024M (100%)   
[41.939s][info][gc,heap     ] GC(305)      Free:      524M (51%)         436M (43%)         682M (67%)         822M (80%)         828M (81%)         414M (40%)    
[41.939s][info][gc,heap     ] GC(305)      Used:      500M (49%)         588M (57%)         342M (33%)         202M (20%)         610M (60%)         196M (19%)    
[41.939s][info][gc,heap     ] GC(305)      Live:         -                48M (5%)           48M (5%)           48M (5%)             -                  -          
[41.939s][info][gc,heap     ] GC(305) Allocated:         -                88M (9%)          114M (11%)         131M (13%)            -                  -          
[41.940s][info][gc,heap     ] GC(305)   Garbage:         -               451M (44%)         179M (18%)          21M (2%)             -                  -          
[41.940s][info][gc,heap     ] GC(305) Reclaimed:         -                  -               272M (27%)         429M (42%)            -                  -          
[41.940s][info][gc          ] GC(305) Garbage Collection (Allocation Rate) 500M(49%)->202M(20%)
[41.996s][info][gc,start    ] GC(306) Garbage Collection (Allocation Rate)
[42.013s][info][gc,task     ] GC(306) Using 10 workers
[42.013s][info][gc,phases   ] GC(306) Pause Mark Start 0.013ms
[42.038s][info][gc,phases   ] GC(306) Concurrent Mark 24.677ms
[42.038s][info][gc,phases   ] GC(306) Pause Mark End 0.021ms
[42.038s][info][gc,phases   ] GC(306) Concurrent Mark Free 0.001ms
[42.040s][info][gc,phases   ] GC(306) Concurrent Process Non-Strong References 2.365ms
[42.041s][info][gc,phases   ] GC(306) Concurrent Reset Relocation Set 0.019ms
[42.048s][info][gc,phases   ] GC(306) Concurrent Select Relocation Set 7.009ms
[42.048s][info][gc,phases   ] GC(306) Pause Relocate Start 0.010ms
[42.052s][info][gc,phases   ] GC(306) Concurrent Relocate 4.383ms
[42.052s][info][gc,load     ] GC(306) Load: 0.00/0.00/0.00
[42.052s][info][gc,mmu      ] GC(306) MMU: 2ms/95.9%, 5ms/98.4%, 10ms/99.2%, 20ms/99.6%, 50ms/99.8%, 100ms/99.9%
[42.052s][info][gc,marking  ] GC(306) Mark: 8 stripe(s), 3 proactive flush(es), 1 terminate flush(es), 0 completion(s), 0 continuation(s) 
[42.052s][info][gc,marking  ] GC(306) Mark Stack Usage: 32M
[42.052s][info][gc,nmethod  ] GC(306) NMethods: 4428 registered, 362 unregistered
[42.052s][info][gc,metaspace] GC(306) Metaspace: 72M used, 72M committed, 1088M reserved
[42.052s][info][gc,ref      ] GC(306) Soft: 2427 encountered, 0 discovered, 0 enqueued
[42.052s][info][gc,ref      ] GC(306) Weak: 10071 encountered, 1663 discovered, 0 enqueued
[42.052s][info][gc,ref      ] GC(306) Final: 289 encountered, 25 discovered, 0 enqueued
[42.052s][info][gc,ref      ] GC(306) Phantom: 424 encountered, 304 discovered, 0 enqueued
[42.052s][info][gc,reloc    ] GC(306) Small Pages: 247 / 494M, Empty: 308M, Relocated: 8M, In-Place: 0
[42.052s][info][gc,reloc    ] GC(306) Medium Pages: 0 / 0M, Empty: 0M, Relocated: 0M, In-Place: 0
[42.052s][info][gc,reloc    ] GC(306) Large Pages: 0 / 0M, Empty: 0M, Relocated: 0M, In-Place: 0
[42.052s][info][gc,reloc    ] GC(306) Forwarding Usage: 2M
[42.052s][info][gc,heap     ] GC(306) Min Capacity: 8M(1%)
[42.053s][info][gc,heap     ] GC(306) Max Capacity: 1024M(100%)
[42.053s][info][gc,heap     ] GC(306) Soft Max Capacity: 1024M(100%)
[42.053s][info][gc,heap     ] GC(306)                Mark Start          Mark End        Relocate Start      Relocate End           High               Low         
[42.053s][info][gc,heap     ] GC(306)  Capacity:     1024M (100%)       1024M (100%)       1024M (100%)       1024M (100%)       1024M (100%)       1024M (100%)   
[42.053s][info][gc,heap     ] GC(306)      Free:      530M (52%)         440M (43%)         706M (69%)         810M (79%)         812M (79%)         422M (41%)    
[42.053s][info][gc,heap     ] GC(306)      Used:      494M (48%)         584M (57%)         318M (31%)         214M (21%)         602M (59%)         212M (21%)    
[42.053s][info][gc,heap     ] GC(306)      Live:         -                48M (5%)           48M (5%)           48M (5%)             -                  -          
[42.053s][info][gc,heap     ] GC(306) Allocated:         -                90M (9%)          132M (13%)         143M (14%)            -                  -          
[42.053s][info][gc,heap     ] GC(306)   Garbage:         -               445M (43%)         137M (13%)          21M (2%)             -                  -          
[42.053s][info][gc,heap     ] GC(306) Reclaimed:         -                  -               308M (30%)         423M (41%)            -                  -          
[42.053s][info][gc          ] GC(306) Garbage Collection (Allocation Rate) 494M(48%)->214M(21%)
[42.096s][info][gc,start    ] GC(307) Garbage Collection (Allocation Rate)
[42.096s][info][gc,task     ] GC(307) Using 10 workers
[42.096s][info][gc,phases   ] GC(307) Pause Mark Start 0.009ms
[42.129s][info][gc,phases   ] GC(307) Concurrent Mark 32.110ms
[42.129s][info][gc,phases   ] GC(307) Pause Mark End 0.030ms
[42.129s][info][gc,phases   ] GC(307) Concurrent Mark Free 0.001ms
[42.131s][info][gc,phases   ] GC(307) Concurrent Process Non-Strong References 2.406ms
[42.131s][info][gc,phases   ] GC(307) Concurrent Reset Relocation Set 0.014ms
[42.135s][info][gc,phases   ] GC(307) Concurrent Select Relocation Set 3.778ms
[42.135s][info][gc,phases   ] GC(307) Pause Relocate Start 0.008ms
[42.139s][info][gc,phases   ] GC(307) Concurrent Relocate 3.841ms
[42.139s][info][gc,load     ] GC(307) Load: 0.00/0.00/0.00
[42.139s][info][gc,mmu      ] GC(307) MMU: 2ms/95.9%, 5ms/98.4%, 10ms/99.2%, 20ms/99.6%, 50ms/99.8%, 100ms/99.9%
[42.139s][info][gc,marking  ] GC(307) Mark: 8 stripe(s), 2 proactive flush(es), 1 terminate flush(es), 0 completion(s), 0 continuation(s) 
[42.139s][info][gc,marking  ] GC(307) Mark Stack Usage: 32M
[42.139s][info][gc,nmethod  ] GC(307) NMethods: 4428 registered, 362 unregistered
[42.139s][info][gc,metaspace] GC(307) Metaspace: 72M used, 72M committed, 1088M reserved
[42.139s][info][gc,ref      ] GC(307) Soft: 2427 encountered, 0 discovered, 0 enqueued
[42.139s][info][gc,ref      ] GC(307) Weak: 10047 encountered, 1374 discovered, 7 enqueued
[42.139s][info][gc,ref      ] GC(307) Final: 289 encountered, 43 discovered, 0 enqueued
[42.139s][info][gc,ref      ] GC(307) Phantom: 424 encountered, 274 discovered, 0 enqueued
[42.139s][info][gc,reloc    ] GC(307) Small Pages: 195 / 390M, Empty: 220M, Relocated: 8M, In-Place: 0
[42.139s][info][gc,reloc    ] GC(307) Medium Pages: 0 / 0M, Empty: 0M, Relocated: 0M, In-Place: 0
[42.139s][info][gc,reloc    ] GC(307) Large Pages: 0 / 0M, Empty: 0M, Relocated: 0M, In-Place: 0
[42.139s][info][gc,reloc    ] GC(307) Forwarding Usage: 2M
[42.139s][info][gc,heap     ] GC(307) Min Capacity: 8M(1%)
[42.140s][info][gc,heap     ] GC(307) Max Capacity: 1024M(100%)
[42.140s][info][gc,heap     ] GC(307) Soft Max Capacity: 1024M(100%)
[42.140s][info][gc,heap     ] GC(307)                Mark Start          Mark End        Relocate Start      Relocate End           High               Low         
[42.140s][info][gc,heap     ] GC(307)  Capacity:     1024M (100%)       1024M (100%)       1024M (100%)       1024M (100%)       1024M (100%)       1024M (100%)   
[42.140s][info][gc,heap     ] GC(307)      Free:      634M (62%)         506M (49%)         710M (69%)         802M (78%)         802M (78%)         504M (49%)    
[42.140s][info][gc,heap     ] GC(307)      Used:      390M (38%)         518M (51%)         314M (31%)         222M (22%)         520M (51%)         222M (22%)    
[42.140s][info][gc,heap     ] GC(307)      Live:         -                48M (5%)           48M (5%)           48M (5%)             -                  -          
[42.140s][info][gc,heap     ] GC(307) Allocated:         -               128M (13%)         144M (14%)         151M (15%)            -                  -          
[42.140s][info][gc,heap     ] GC(307)   Garbage:         -               341M (33%)         121M (12%)          21M (2%)             -                  -          
[42.140s][info][gc,heap     ] GC(307) Reclaimed:         -                  -               220M (21%)         319M (31%)            -                  -          
[42.140s][info][gc          ] GC(307) Garbage Collection (Allocation Rate) 390M(38%)->222M(22%)
[42.196s][info][gc,start    ] GC(308) Garbage Collection (Allocation Rate)
[42.197s][info][gc,task     ] GC(308) Using 10 workers
[42.197s][info][gc,phases   ] GC(308) Pause Mark Start 0.014ms
[42.222s][info][gc,phases   ] GC(308) Concurrent Mark 25.614ms
[42.223s][info][gc,phases   ] GC(308) Pause Mark End 0.025ms
[42.223s][info][gc,phases   ] GC(308) Concurrent Mark Free 0.001ms
[42.225s][info][gc,phases   ] GC(308) Concurrent Process Non-Strong References 2.225ms
[42.225s][info][gc,phases   ] GC(308) Concurrent Reset Relocation Set 0.013ms
[42.229s][info][gc,phases   ] GC(308) Concurrent Select Relocation Set 4.262ms
[42.229s][info][gc,phases   ] GC(308) Pause Relocate Start 0.008ms
[42.233s][info][gc,phases   ] GC(308) Concurrent Relocate 3.567ms
[42.233s][info][gc,load     ] GC(308) Load: 0.00/0.00/0.00
[42.233s][info][gc,mmu      ] GC(308) MMU: 2ms/95.9%, 5ms/98.4%, 10ms/99.2%, 20ms/99.6%, 50ms/99.8%, 100ms/99.9%
[42.233s][info][gc,marking  ] GC(308) Mark: 8 stripe(s), 4 proactive flush(es), 1 terminate flush(es), 0 completion(s), 0 continuation(s) 
[42.233s][info][gc,marking  ] GC(308) Mark Stack Usage: 32M
[42.233s][info][gc,nmethod  ] GC(308) NMethods: 4428 registered, 362 unregistered
[42.233s][info][gc,metaspace] GC(308) Metaspace: 72M used, 72M committed, 1088M reserved
[42.233s][info][gc,ref      ] GC(308) Soft: 2427 encountered, 0 discovered, 0 enqueued
[42.233s][info][gc,ref      ] GC(308) Weak: 9991 encountered, 1691 discovered, 13 enqueued
[42.233s][info][gc,ref      ] GC(308) Final: 289 encountered, 33 discovered, 0 enqueued
[42.233s][info][gc,ref      ] GC(308) Phantom: 424 encountered, 286 discovered, 0 enqueued
[42.233s][info][gc,reloc    ] GC(308) Small Pages: 222 / 444M, Empty: 264M, Relocated: 6M, In-Place: 0
[42.233s][info][gc,reloc    ] GC(308) Medium Pages: 0 / 0M, Empty: 0M, Relocated: 0M, In-Place: 0
[42.233s][info][gc,reloc    ] GC(308) Large Pages: 0 / 0M, Empty: 0M, Relocated: 0M, In-Place: 0
[42.233s][info][gc,reloc    ] GC(308) Forwarding Usage: 2M
[42.233s][info][gc,heap     ] GC(308) Min Capacity: 8M(1%)
[42.233s][info][gc,heap     ] GC(308) Max Capacity: 1024M(100%)
[42.233s][info][gc,heap     ] GC(308) Soft Max Capacity: 1024M(100%)
[42.233s][info][gc,heap     ] GC(308)                Mark Start          Mark End        Relocate Start      Relocate End           High               Low         
[42.233s][info][gc,heap     ] GC(308)  Capacity:     1024M (100%)       1024M (100%)       1024M (100%)       1024M (100%)       1024M (100%)       1024M (100%)   
[42.233s][info][gc,heap     ] GC(308)      Free:      580M (57%)         486M (47%)         728M (71%)         834M (81%)         834M (81%)         484M (47%)    
[42.233s][info][gc,heap     ] GC(308)      Used:      444M (43%)         538M (53%)         296M (29%)         190M (19%)         540M (53%)         190M (19%)    
[42.233s][info][gc,heap     ] GC(308)      Live:         -                48M (5%)           48M (5%)           48M (5%)             -                  -          
[42.234s][info][gc,heap     ] GC(308) Allocated:         -                94M (9%)          116M (11%)         117M (11%)            -                  -          
[42.234s][info][gc,heap     ] GC(308)   Garbage:         -               395M (39%)         131M (13%)          23M (2%)             -                  -          
[42.234s][info][gc,heap     ] GC(308) Reclaimed:         -                  -               264M (26%)         371M (36%)            -                  -          
[42.234s][info][gc          ] GC(308) Garbage Collection (Allocation Rate) 444M(43%)->190M(19%)
[42.296s][info][gc,start    ] GC(309) Garbage Collection (Allocation Rate)
[42.296s][info][gc,task     ] GC(309) Using 10 workers
[42.296s][info][gc,phases   ] GC(309) Pause Mark Start 0.009ms
[42.323s][info][gc,phases   ] GC(309) Concurrent Mark 26.830ms
[42.324s][info][gc,phases   ] GC(309) Pause Mark End 0.034ms
[42.324s][info][gc,phases   ] GC(309) Concurrent Mark Free 0.001ms
[42.326s][info][gc,phases   ] GC(309) Concurrent Process Non-Strong References 2.077ms
[42.326s][info][gc,phases   ] GC(309) Concurrent Reset Relocation Set 0.016ms
[42.333s][info][gc,phases   ] GC(309) Concurrent Select Relocation Set 7.379ms
[42.333s][info][gc,phases   ] GC(309) Pause Relocate Start 0.008ms
[42.337s][info][gc,phases   ] GC(309) Concurrent Relocate 3.060ms
[42.337s][info][gc,load     ] GC(309) Load: 0.00/0.00/0.00
[42.337s][info][gc,mmu      ] GC(309) MMU: 2ms/95.9%, 5ms/98.4%, 10ms/99.2%, 20ms/99.6%, 50ms/99.8%, 100ms/99.9%
[42.337s][info][gc,marking  ] GC(309) Mark: 8 stripe(s), 2 proactive flush(es), 1 terminate flush(es), 0 completion(s), 0 continuation(s) 
[42.337s][info][gc,marking  ] GC(309) Mark Stack Usage: 32M
[42.337s][info][gc,nmethod  ] GC(309) NMethods: 4428 registered, 362 unregistered
[42.337s][info][gc,metaspace] GC(309) Metaspace: 72M used, 72M committed, 1088M reserved
[42.337s][info][gc,ref      ] GC(309) Soft: 2427 encountered, 0 discovered, 0 enqueued
[42.337s][info][gc,ref      ] GC(309) Weak: 9961 encountered, 1151 discovered, 0 enqueued
[42.337s][info][gc,ref      ] GC(309) Final: 289 encountered, 38 discovered, 0 enqueued
[42.337s][info][gc,ref      ] GC(309) Phantom: 424 encountered, 336 discovered, 0 enqueued
[42.337s][info][gc,reloc    ] GC(309) Small Pages: 210 / 420M, Empty: 240M, Relocated: 6M, In-Place: 0
[42.337s][info][gc,reloc    ] GC(309) Medium Pages: 0 / 0M, Empty: 0M, Relocated: 0M, In-Place: 0
[42.337s][info][gc,reloc    ] GC(309) Large Pages: 0 / 0M, Empty: 0M, Relocated: 0M, In-Place: 0
[42.337s][info][gc,reloc    ] GC(309) Forwarding Usage: 2M
[42.337s][info][gc,heap     ] GC(309) Min Capacity: 8M(1%)
[42.337s][info][gc,heap     ] GC(309) Max Capacity: 1024M(100%)
[42.337s][info][gc,heap     ] GC(309) Soft Max Capacity: 1024M(100%)
[42.337s][info][gc,heap     ] GC(309)                Mark Start          Mark End        Relocate Start      Relocate End           High               Low         
[42.337s][info][gc,heap     ] GC(309)  Capacity:     1024M (100%)       1024M (100%)       1024M (100%)       1024M (100%)       1024M (100%)       1024M (100%)   
[42.337s][info][gc,heap     ] GC(309)      Free:      604M (59%)         512M (50%)         720M (70%)         822M (80%)         824M (80%)         508M (50%)    
[42.337s][info][gc,heap     ] GC(309)      Used:      420M (41%)         512M (50%)         304M (30%)         202M (20%)         516M (50%)         200M (20%)    
[42.337s][info][gc,heap     ] GC(309)      Live:         -                48M (5%)           48M (5%)           48M (5%)             -                  -          
[42.337s][info][gc,heap     ] GC(309) Allocated:         -                92M (9%)          124M (12%)         129M (13%)            -                  -          
[42.337s][info][gc,heap     ] GC(309)   Garbage:         -               371M (36%)         131M (13%)          23M (2%)             -                  -          
[42.337s][info][gc,heap     ] GC(309) Reclaimed:         -                  -               240M (23%)         347M (34%)            -                  -          
[42.337s][info][gc          ] GC(309) Garbage Collection (Allocation Rate) 420M(41%)->202M(20%)
[42.395s][info][gc,start    ] GC(310) Garbage Collection (Allocation Rate)
[42.395s][info][gc,task     ] GC(310) Using 10 workers
[42.396s][info][gc,phases   ] GC(310) Pause Mark Start 0.009ms
[42.415s][info][gc,phases   ] GC(310) Concurrent Mark 19.499ms
[42.415s][info][gc,phases   ] GC(310) Pause Mark End 0.032ms
[42.415s][info][gc,phases   ] GC(310) Concurrent Mark Free 0.001ms
[42.418s][info][gc,phases   ] GC(310) Concurrent Process Non-Strong References 2.048ms
[42.418s][info][gc,phases   ] GC(310) Concurrent Reset Relocation Set 0.014ms
[42.421s][info][gc,phases   ] GC(310) Concurrent Select Relocation Set 3.106ms
[42.421s][info][gc,phases   ] GC(310) Pause Relocate Start 0.008ms
[42.425s][info][gc,phases   ] GC(310) Concurrent Relocate 4.389ms
[42.425s][info][gc,load     ] GC(310) Load: 0.00/0.00/0.00
[42.425s][info][gc,mmu      ] GC(310) MMU: 2ms/95.9%, 5ms/98.4%, 10ms/99.2%, 20ms/99.6%, 50ms/99.8%, 100ms/99.9%
[42.425s][info][gc,marking  ] GC(310) Mark: 8 stripe(s), 4 proactive flush(es), 1 terminate flush(es), 0 completion(s), 0 continuation(s) 
[42.425s][info][gc,marking  ] GC(310) Mark Stack Usage: 32M
[42.426s][info][gc,nmethod  ] GC(310) NMethods: 4428 registered, 362 unregistered
[42.426s][info][gc,metaspace] GC(310) Metaspace: 72M used, 72M committed, 1088M reserved
[42.426s][info][gc,ref      ] GC(310) Soft: 2427 encountered, 0 discovered, 0 enqueued
[42.426s][info][gc,ref      ] GC(310) Weak: 9879 encountered, 1766 discovered, 24 enqueued
[42.426s][info][gc,ref      ] GC(310) Final: 289 encountered, 21 discovered, 0 enqueued
[42.426s][info][gc,ref      ] GC(310) Phantom: 424 encountered, 303 discovered, 0 enqueued
[42.426s][info][gc,reloc    ] GC(310) Small Pages: 199 / 398M, Empty: 204M, Relocated: 6M, In-Place: 0
[42.426s][info][gc,reloc    ] GC(310) Medium Pages: 0 / 0M, Empty: 0M, Relocated: 0M, In-Place: 0
[42.426s][info][gc,reloc    ] GC(310) Large Pages: 0 / 0M, Empty: 0M, Relocated: 0M, In-Place: 0
[42.426s][info][gc,reloc    ] GC(310) Forwarding Usage: 2M
[42.426s][info][gc,heap     ] GC(310) Min Capacity: 8M(1%)
[42.426s][info][gc,heap     ] GC(310) Max Capacity: 1024M(100%)
[42.426s][info][gc,heap     ] GC(310) Soft Max Capacity: 1024M(100%)
[42.426s][info][gc,heap     ] GC(310)                Mark Start          Mark End        Relocate Start      Relocate End           High               Low         
[42.426s][info][gc,heap     ] GC(310)  Capacity:     1024M (100%)       1024M (100%)       1024M (100%)       1024M (100%)       1024M (100%)       1024M (100%)   
[42.426s][info][gc,heap     ] GC(310)      Free:      626M (61%)         568M (55%)         756M (74%)         872M (85%)         874M (85%)         564M (55%)    
[42.426s][info][gc,heap     ] GC(310)      Used:      398M (39%)         456M (45%)         268M (26%)         152M (15%)         460M (45%)         150M (15%)    
[42.426s][info][gc,heap     ] GC(310)      Live:         -                48M (5%)           48M (5%)           48M (5%)             -                  -          
[42.426s][info][gc,heap     ] GC(310) Allocated:         -                58M (6%)           74M (7%)           79M (8%)             -                  -          
[42.426s][info][gc,heap     ] GC(310)   Garbage:         -               349M (34%)         145M (14%)          24M (2%)             -                  -          
[42.426s][info][gc,heap     ] GC(310) Reclaimed:         -                  -               204M (20%)         325M (32%)            -                  -          
[42.426s][info][gc          ] GC(310) Garbage Collection (Allocation Rate) 398M(39%)->152M(15%)
[42.496s][info][gc,start    ] GC(311) Garbage Collection (Allocation Rate)
[42.496s][info][gc,task     ] GC(311) Using 10 workers
[42.496s][info][gc,phases   ] GC(311) Pause Mark Start 0.008ms
[42.516s][info][gc,phases   ] GC(311) Concurrent Mark 20.549ms
[42.516s][info][gc,phases   ] GC(311) Pause Mark End 0.020ms
[42.517s][info][gc,phases   ] GC(311) Concurrent Mark Free 0.001ms
[42.518s][info][gc,phases   ] GC(311) Concurrent Process Non-Strong References 1.945ms
[42.519s][info][gc,phases   ] GC(311) Concurrent Reset Relocation Set 0.013ms
[42.522s][info][gc,phases   ] GC(311) Concurrent Select Relocation Set 3.032ms
[42.522s][info][gc,phases   ] GC(311) Pause Relocate Start 0.008ms
[42.526s][info][gc,phases   ] GC(311) Concurrent Relocate 4.098ms
[42.526s][info][gc,load     ] GC(311) Load: 0.00/0.00/0.00
[42.526s][info][gc,mmu      ] GC(311) MMU: 2ms/95.9%, 5ms/98.4%, 10ms/99.2%, 20ms/99.6%, 50ms/99.8%, 100ms/99.9%
[42.526s][info][gc,marking  ] GC(311) Mark: 8 stripe(s), 3 proactive flush(es), 1 terminate flush(es), 0 completion(s), 0 continuation(s) 
[42.526s][info][gc,marking  ] GC(311) Mark Stack Usage: 32M
[42.526s][info][gc,nmethod  ] GC(311) NMethods: 4428 registered, 362 unregistered
[42.526s][info][gc,metaspace] GC(311) Metaspace: 72M used, 72M committed, 1088M reserved
[42.526s][info][gc,ref      ] GC(311) Soft: 2427 encountered, 0 discovered, 0 enqueued
[42.526s][info][gc,ref      ] GC(311) Weak: 9755 encountered, 1461 discovered, 25 enqueued
[42.526s][info][gc,ref      ] GC(311) Final: 289 encountered, 19 discovered, 0 enqueued
[42.526s][info][gc,ref      ] GC(311) Phantom: 424 encountered, 357 discovered, 0 enqueued
[42.526s][info][gc,reloc    ] GC(311) Small Pages: 179 / 358M, Empty: 184M, Relocated: 5M, In-Place: 0
[42.526s][info][gc,reloc    ] GC(311) Medium Pages: 0 / 0M, Empty: 0M, Relocated: 0M, In-Place: 0
[42.526s][info][gc,reloc    ] GC(311) Large Pages: 0 / 0M, Empty: 0M, Relocated: 0M, In-Place: 0
[42.526s][info][gc,reloc    ] GC(311) Forwarding Usage: 1M
[42.526s][info][gc,heap     ] GC(311) Min Capacity: 8M(1%)
[42.526s][info][gc,heap     ] GC(311) Max Capacity: 1024M(100%)
[42.526s][info][gc,heap     ] GC(311) Soft Max Capacity: 1024M(100%)
[42.526s][info][gc,heap     ] GC(311)                Mark Start          Mark End        Relocate Start      Relocate End           High               Low         
[42.526s][info][gc,heap     ] GC(311)  Capacity:     1024M (100%)       1024M (100%)       1024M (100%)       1024M (100%)       1024M (100%)       1024M (100%)   
[42.526s][info][gc,heap     ] GC(311)      Free:      666M (65%)         616M (60%)         788M (77%)         876M (86%)         882M (86%)         608M (59%)    
[42.526s][info][gc,heap     ] GC(311)      Used:      358M (35%)         408M (40%)         236M (23%)         148M (14%)         416M (41%)         142M (14%)    
[42.526s][info][gc,heap     ] GC(311)      Live:         -                47M (5%)           47M (5%)           47M (5%)             -                  -          
[42.526s][info][gc,heap     ] GC(311) Allocated:         -                50M (5%)           62M (6%)           73M (7%)             -                  -          
[42.526s][info][gc,heap     ] GC(311)   Garbage:         -               310M (30%)         126M (12%)          26M (3%)             -                  -          
[42.526s][info][gc,heap     ] GC(311) Reclaimed:         -                  -               184M (18%)         283M (28%)            -                  -          
[42.526s][info][gc          ] GC(311) Garbage Collection (Allocation Rate) 358M(35%)->148M(14%)
[42.603s][info][gc,start    ] GC(312) Garbage Collection (Allocation Rate)
[42.603s][info][gc,task     ] GC(312) Using 10 workers
[42.603s][info][gc,phases   ] GC(312) Pause Mark Start 0.009ms
[42.633s][info][gc,phases   ] GC(312) Concurrent Mark 29.926ms
[42.633s][info][gc,phases   ] GC(312) Pause Mark End 0.027ms
[42.633s][info][gc,phases   ] GC(312) Concurrent Mark Free 0.001ms
[42.635s][info][gc,phases   ] GC(312) Concurrent Process Non-Strong References 1.579ms
[42.635s][info][gc,phases   ] GC(312) Concurrent Reset Relocation Set 0.010ms
[42.638s][info][gc,phases   ] GC(312) Concurrent Select Relocation Set 2.566ms
[42.638s][info][gc,phases   ] GC(312) Pause Relocate Start 0.008ms
[42.640s][info][gc,phases   ] GC(312) Concurrent Relocate 1.645ms
[42.640s][info][gc,load     ] GC(312) Load: 0.00/0.00/0.00
[42.640s][info][gc,mmu      ] GC(312) MMU: 2ms/95.9%, 5ms/98.4%, 10ms/99.2%, 20ms/99.6%, 50ms/99.8%, 100ms/99.9%
[42.640s][info][gc,marking  ] GC(312) Mark: 8 stripe(s), 3 proactive flush(es), 1 terminate flush(es), 0 completion(s), 0 continuation(s) 
[42.640s][info][gc,marking  ] GC(312) Mark Stack Usage: 32M
[42.640s][info][gc,nmethod  ] GC(312) NMethods: 4428 registered, 362 unregistered
[42.640s][info][gc,metaspace] GC(312) Metaspace: 72M used, 72M committed, 1088M reserved
[42.640s][info][gc,ref      ] GC(312) Soft: 2427 encountered, 0 discovered, 0 enqueued
[42.640s][info][gc,ref      ] GC(312) Weak: 9641 encountered, 699 discovered, 18 enqueued
[42.640s][info][gc,ref      ] GC(312) Final: 289 encountered, 28 discovered, 0 enqueued
[42.640s][info][gc,ref      ] GC(312) Phantom: 424 encountered, 316 discovered, 0 enqueued
[42.640s][info][gc,reloc    ] GC(312) Small Pages: 173 / 346M, Empty: 186M, Relocated: 4M, In-Place: 0
[42.640s][info][gc,reloc    ] GC(312) Medium Pages: 0 / 0M, Empty: 0M, Relocated: 0M, In-Place: 0
[42.640s][info][gc,reloc    ] GC(312) Large Pages: 0 / 0M, Empty: 0M, Relocated: 0M, In-Place: 0
[42.640s][info][gc,reloc    ] GC(312) Forwarding Usage: 1M
[42.640s][info][gc,heap     ] GC(312) Min Capacity: 8M(1%)
[42.640s][info][gc,heap     ] GC(312) Max Capacity: 1024M(100%)
[42.640s][info][gc,heap     ] GC(312) Soft Max Capacity: 1024M(100%)
[42.640s][info][gc,heap     ] GC(312)                Mark Start          Mark End        Relocate Start      Relocate End           High               Low         
[42.640s][info][gc,heap     ] GC(312)  Capacity:     1024M (100%)       1024M (100%)       1024M (100%)       1024M (100%)       1024M (100%)       1024M (100%)   
[42.640s][info][gc,heap     ] GC(312)      Free:      678M (66%)         612M (60%)         790M (77%)         872M (85%)         872M (85%)         608M (59%)    
[42.640s][info][gc,heap     ] GC(312)      Used:      346M (34%)         412M (40%)         234M (23%)         152M (15%)         416M (41%)         152M (15%)    
[42.640s][info][gc,heap     ] GC(312)      Live:         -                47M (5%)           47M (5%)           47M (5%)             -                  -          
[42.640s][info][gc,heap     ] GC(312) Allocated:         -                66M (6%)           74M (7%)           77M (8%)             -                  -          
[42.640s][info][gc,heap     ] GC(312)   Garbage:         -               298M (29%)         112M (11%)          26M (3%)             -                  -          
[42.640s][info][gc,heap     ] GC(312) Reclaimed:         -                  -               186M (18%)         271M (27%)            -                  -          
[42.640s][info][gc          ] GC(312) Garbage Collection (Allocation Rate) 346M(34%)->152M(15%)
[42.703s][info][gc,start    ] GC(313) Garbage Collection (Allocation Rate)
[42.703s][info][gc,task     ] GC(313) Using 10 workers
[42.703s][info][gc,phases   ] GC(313) Pause Mark Start 0.009ms
[42.723s][info][gc,phases   ] GC(313) Concurrent Mark 19.606ms
[42.723s][info][gc,phases   ] GC(313) Pause Mark End 0.021ms
[42.723s][info][gc,phases   ] GC(313) Concurrent Mark Free 0.000ms
[42.725s][info][gc,phases   ] GC(313) Concurrent Process Non-Strong References 1.483ms
[42.725s][info][gc,phases   ] GC(313) Concurrent Reset Relocation Set 0.007ms
[42.727s][info][gc,phases   ] GC(313) Concurrent Select Relocation Set 2.399ms
[42.727s][info][gc,phases   ] GC(313) Pause Relocate Start 0.007ms
[42.729s][info][gc,phases   ] GC(313) Concurrent Relocate 1.939ms
[42.729s][info][gc,load     ] GC(313) Load: 0.00/0.00/0.00
[42.729s][info][gc,mmu      ] GC(313) MMU: 2ms/95.9%, 5ms/98.4%, 10ms/99.2%, 20ms/99.6%, 50ms/99.8%, 100ms/99.9%
[42.729s][info][gc,marking  ] GC(313) Mark: 8 stripe(s), 2 proactive flush(es), 1 terminate flush(es), 0 completion(s), 0 continuation(s) 
[42.729s][info][gc,marking  ] GC(313) Mark Stack Usage: 32M
[42.729s][info][gc,nmethod  ] GC(313) NMethods: 4428 registered, 362 unregistered
[42.729s][info][gc,metaspace] GC(313) Metaspace: 72M used, 72M committed, 1088M reserved
[42.729s][info][gc,ref      ] GC(313) Soft: 2427 encountered, 0 discovered, 0 enqueued
[42.730s][info][gc,ref      ] GC(313) Weak: 9588 encountered, 1564 discovered, 13 enqueued
[42.730s][info][gc,ref      ] GC(313) Final: 289 encountered, 27 discovered, 0 enqueued
[42.730s][info][gc,ref      ] GC(313) Phantom: 424 encountered, 282 discovered, 0 enqueued
[42.730s][info][gc,reloc    ] GC(313) Small Pages: 144 / 288M, Empty: 140M, Relocated: 4M, In-Place: 0
[42.730s][info][gc,reloc    ] GC(313) Medium Pages: 0 / 0M, Empty: 0M, Relocated: 0M, In-Place: 0
[42.730s][info][gc,reloc    ] GC(313) Large Pages: 0 / 0M, Empty: 0M, Relocated: 0M, In-Place: 0
[42.730s][info][gc,reloc    ] GC(313) Forwarding Usage: 1M
[42.730s][info][gc,heap     ] GC(313) Min Capacity: 8M(1%)
[42.730s][info][gc,heap     ] GC(313) Max Capacity: 1024M(100%)
[42.730s][info][gc,heap     ] GC(313) Soft Max Capacity: 1024M(100%)
[42.730s][info][gc,heap     ] GC(313)                Mark Start          Mark End        Relocate Start      Relocate End           High               Low         
[42.730s][info][gc,heap     ] GC(313)  Capacity:     1024M (100%)       1024M (100%)       1024M (100%)       1024M (100%)       1024M (100%)       1024M (100%)   
[42.730s][info][gc,heap     ] GC(313)      Free:      736M (72%)         696M (68%)         832M (81%)         902M (88%)         902M (88%)         696M (68%)    
[42.730s][info][gc,heap     ] GC(313)      Used:      288M (28%)         328M (32%)         192M (19%)         122M (12%)         328M (32%)         122M (12%)    
[42.730s][info][gc,heap     ] GC(313)      Live:         -                47M (5%)           47M (5%)           47M (5%)             -                  -          
[42.730s][info][gc,heap     ] GC(313) Allocated:         -                40M (4%)           44M (4%)           47M (5%)             -                  -          
[42.730s][info][gc,heap     ] GC(313)   Garbage:         -               240M (23%)         100M (10%)          26M (3%)             -                  -          
[42.730s][info][gc,heap     ] GC(313) Reclaimed:         -                  -               140M (14%)         213M (21%)            -                  -          
[42.730s][info][gc          ] GC(313) Garbage Collection (Allocation Rate) 288M(28%)->122M(12%)
[42.795s][info][gc,start    ] GC(314) Garbage Collection (Allocation Rate)
[42.795s][info][gc,task     ] GC(314) Using 10 workers
[42.795s][info][gc,phases   ] GC(314) Pause Mark Start 0.010ms
[42.813s][info][gc,phases   ] GC(314) Concurrent Mark 17.533ms
[42.813s][info][gc,phases   ] GC(314) Pause Mark End 0.019ms
[42.813s][info][gc,phases   ] GC(314) Concurrent Mark Free 0.001ms
[42.815s][info][gc,phases   ] GC(314) Concurrent Process Non-Strong References 1.438ms
[42.815s][info][gc,phases   ] GC(314) Concurrent Reset Relocation Set 0.005ms
[42.817s][info][gc,phases   ] GC(314) Concurrent Select Relocation Set 2.405ms
[42.817s][info][gc,phases   ] GC(314) Pause Relocate Start 0.006ms
[42.819s][info][gc,phases   ] GC(314) Concurrent Relocate 1.148ms
[42.819s][info][gc,load     ] GC(314) Load: 0.00/0.00/0.00
[42.819s][info][gc,mmu      ] GC(314) MMU: 2ms/95.9%, 5ms/98.4%, 10ms/99.2%, 20ms/99.6%, 50ms/99.8%, 100ms/99.9%
[42.819s][info][gc,marking  ] GC(314) Mark: 8 stripe(s), 2 proactive flush(es), 1 terminate flush(es), 0 completion(s), 0 continuation(s) 
[42.819s][info][gc,marking  ] GC(314) Mark Stack Usage: 32M
[42.819s][info][gc,nmethod  ] GC(314) NMethods: 4428 registered, 362 unregistered
[42.819s][info][gc,metaspace] GC(314) Metaspace: 72M used, 72M committed, 1088M reserved
[42.819s][info][gc,ref      ] GC(314) Soft: 2427 encountered, 0 discovered, 0 enqueued
[42.819s][info][gc,ref      ] GC(314) Weak: 9551 encountered, 1349 discovered, 7 enqueued
[42.819s][info][gc,ref      ] GC(314) Final: 289 encountered, 14 discovered, 0 enqueued
[42.819s][info][gc,ref      ] GC(314) Phantom: 424 encountered, 345 discovered, 0 enqueued
[42.819s][info][gc,reloc    ] GC(314) Small Pages: 130 / 260M, Empty: 142M, Relocated: 4M, In-Place: 0
[42.819s][info][gc,reloc    ] GC(314) Medium Pages: 0 / 0M, Empty: 0M, Relocated: 0M, In-Place: 0
[42.819s][info][gc,reloc    ] GC(314) Large Pages: 0 / 0M, Empty: 0M, Relocated: 0M, In-Place: 0
[42.819s][info][gc,reloc    ] GC(314) Forwarding Usage: 1M
[42.819s][info][gc,heap     ] GC(314) Min Capacity: 8M(1%)
[42.819s][info][gc,heap     ] GC(314) Max Capacity: 1024M(100%)
[42.819s][info][gc,heap     ] GC(314) Soft Max Capacity: 1024M(100%)
[42.819s][info][gc,heap     ] GC(314)                Mark Start          Mark End        Relocate Start      Relocate End           High               Low         
[42.819s][info][gc,heap     ] GC(314)  Capacity:     1024M (100%)       1024M (100%)       1024M (100%)       1024M (100%)       1024M (100%)       1024M (100%)   
[42.819s][info][gc,heap     ] GC(314)      Free:      764M (75%)         734M (72%)         868M (85%)         912M (89%)         912M (89%)         728M (71%)    
[42.819s][info][gc,heap     ] GC(314)      Used:      260M (25%)         290M (28%)         156M (15%)         112M (11%)         296M (29%)         112M (11%)    
[42.819s][info][gc,heap     ] GC(314)      Live:         -                47M (5%)           47M (5%)           47M (5%)             -                  -          
[42.819s][info][gc,heap     ] GC(314) Allocated:         -                30M (3%)           38M (4%)           37M (4%)             -                  -          
[42.819s][info][gc,heap     ] GC(314)   Garbage:         -               212M (21%)          70M (7%)           26M (3%)             -                  -          
[42.819s][info][gc,heap     ] GC(314) Reclaimed:         -                  -               142M (14%)         185M (18%)            -                  -          
[42.819s][info][gc          ] GC(314) Garbage Collection (Allocation Rate) 260M(25%)->112M(11%)
[42.895s][info][gc,start    ] GC(315) Garbage Collection (Allocation Rate)
[42.896s][info][gc,task     ] GC(315) Using 10 workers
[42.896s][info][gc,phases   ] GC(315) Pause Mark Start 0.010ms
[42.913s][info][gc,phases   ] GC(315) Concurrent Mark 17.499ms
[42.913s][info][gc,phases   ] GC(315) Pause Mark End 0.023ms
[42.913s][info][gc,phases   ] GC(315) Concurrent Mark Free 0.001ms
[42.915s][info][gc,phases   ] GC(315) Concurrent Process Non-Strong References 1.415ms
[42.915s][info][gc,phases   ] GC(315) Concurrent Reset Relocation Set 0.005ms
[42.917s][info][gc,phases   ] GC(315) Concurrent Select Relocation Set 2.445ms
[42.917s][info][gc,phases   ] GC(315) Pause Relocate Start 0.015ms
[42.919s][info][gc,phases   ] GC(315) Concurrent Relocate 1.239ms
[42.919s][info][gc,load     ] GC(315) Load: 0.00/0.00/0.00
[42.919s][info][gc,mmu      ] GC(315) MMU: 2ms/95.9%, 5ms/98.4%, 10ms/99.2%, 20ms/99.6%, 50ms/99.8%, 100ms/99.9%
[42.919s][info][gc,marking  ] GC(315) Mark: 8 stripe(s), 2 proactive flush(es), 1 terminate flush(es), 0 completion(s), 0 continuation(s) 
[42.919s][info][gc,marking  ] GC(315) Mark Stack Usage: 32M
[42.919s][info][gc,nmethod  ] GC(315) NMethods: 4429 registered, 363 unregistered
[42.919s][info][gc,metaspace] GC(315) Metaspace: 72M used, 72M committed, 1088M reserved
[42.919s][info][gc,ref      ] GC(315) Soft: 2427 encountered, 0 discovered, 0 enqueued
[42.919s][info][gc,ref      ] GC(315) Weak: 9520 encountered, 845 discovered, 7 enqueued
[42.919s][info][gc,ref      ] GC(315) Final: 289 encountered, 15 discovered, 0 enqueued
[42.919s][info][gc,ref      ] GC(315) Phantom: 424 encountered, 309 discovered, 0 enqueued
[42.919s][info][gc,reloc    ] GC(315) Small Pages: 125 / 250M, Empty: 128M, Relocated: 3M, In-Place: 0
[42.919s][info][gc,reloc    ] GC(315) Medium Pages: 0 / 0M, Empty: 0M, Relocated: 0M, In-Place: 0
[42.919s][info][gc,reloc    ] GC(315) Large Pages: 0 / 0M, Empty: 0M, Relocated: 0M, In-Place: 0
[42.919s][info][gc,reloc    ] GC(315) Forwarding Usage: 1M
[42.919s][info][gc,heap     ] GC(315) Min Capacity: 8M(1%)
[42.919s][info][gc,heap     ] GC(315) Max Capacity: 1024M(100%)
[42.919s][info][gc,heap     ] GC(315) Soft Max Capacity: 1024M(100%)
[42.919s][info][gc,heap     ] GC(315)                Mark Start          Mark End        Relocate Start      Relocate End           High               Low         
[42.919s][info][gc,heap     ] GC(315)  Capacity:     1024M (100%)       1024M (100%)       1024M (100%)       1024M (100%)       1024M (100%)       1024M (100%)   
[42.919s][info][gc,heap     ] GC(315)      Free:      774M (76%)         748M (73%)         870M (85%)         916M (89%)         916M (89%)         744M (73%)    
[42.919s][info][gc,heap     ] GC(315)      Used:      250M (24%)         276M (27%)         154M (15%)         108M (11%)         280M (27%)         108M (11%)    
[42.919s][info][gc,heap     ] GC(315)      Live:         -                47M (5%)           47M (5%)           47M (5%)             -                  -          
[42.919s][info][gc,heap     ] GC(315) Allocated:         -                26M (3%)           32M (3%)           31M (3%)             -                  -          
[42.919s][info][gc,heap     ] GC(315)   Garbage:         -               202M (20%)          74M (7%)           28M (3%)             -                  -          
[42.919s][info][gc,heap     ] GC(315) Reclaimed:         -                  -               128M (13%)         173M (17%)            -                  -          
[42.919s][info][gc          ] GC(315) Garbage Collection (Allocation Rate) 250M(24%)->108M(11%)
[43.003s][info][gc,start    ] GC(316) Garbage Collection (Allocation Rate)
[43.003s][info][gc,task     ] GC(316) Using 10 workers
[43.003s][info][gc,phases   ] GC(316) Pause Mark Start 0.010ms
[43.033s][info][gc,phases   ] GC(316) Concurrent Mark 29.997ms
[43.033s][info][gc,phases   ] GC(316) Pause Mark End 0.024ms
[43.033s][info][gc,phases   ] GC(316) Concurrent Mark Free 0.001ms
[43.035s][info][gc,phases   ] GC(316) Concurrent Process Non-Strong References 1.445ms
[43.035s][info][gc,phases   ] GC(316) Concurrent Reset Relocation Set 0.005ms
[43.037s][info][gc,phases   ] GC(316) Concurrent Select Relocation Set 2.434ms
[43.038s][info][gc,phases   ] GC(316) Pause Relocate Start 0.006ms
[43.039s][info][gc,phases   ] GC(316) Concurrent Relocate 1.108ms
[43.039s][info][gc,load     ] GC(316) Load: 0.00/0.00/0.00
[43.039s][info][gc,mmu      ] GC(316) MMU: 2ms/95.9%, 5ms/98.4%, 10ms/99.2%, 20ms/99.6%, 50ms/99.8%, 100ms/99.9%
[43.039s][info][gc,marking  ] GC(316) Mark: 8 stripe(s), 4 proactive flush(es), 1 terminate flush(es), 0 completion(s), 0 continuation(s) 
[43.039s][info][gc,marking  ] GC(316) Mark Stack Usage: 32M
[43.039s][info][gc,nmethod  ] GC(316) NMethods: 4429 registered, 363 unregistered
[43.039s][info][gc,metaspace] GC(316) Metaspace: 72M used, 72M committed, 1088M reserved
[43.039s][info][gc,ref      ] GC(316) Soft: 2427 encountered, 0 discovered, 0 enqueued
[43.039s][info][gc,ref      ] GC(316) Weak: 9513 encountered, 967 discovered, 0 enqueued
[43.039s][info][gc,ref      ] GC(316) Final: 289 encountered, 19 discovered, 0 enqueued
[43.039s][info][gc,ref      ] GC(316) Phantom: 424 encountered, 292 discovered, 0 enqueued
[43.039s][info][gc,reloc    ] GC(316) Small Pages: 124 / 248M, Empty: 130M, Relocated: 3M, In-Place: 0
[43.039s][info][gc,reloc    ] GC(316) Medium Pages: 0 / 0M, Empty: 0M, Relocated: 0M, In-Place: 0
[43.039s][info][gc,reloc    ] GC(316) Large Pages: 0 / 0M, Empty: 0M, Relocated: 0M, In-Place: 0
[43.039s][info][gc,reloc    ] GC(316) Forwarding Usage: 1M
[43.039s][info][gc,heap     ] GC(316) Min Capacity: 8M(1%)
[43.039s][info][gc,heap     ] GC(316) Max Capacity: 1024M(100%)
[43.039s][info][gc,heap     ] GC(316) Soft Max Capacity: 1024M(100%)
[43.039s][info][gc,heap     ] GC(316)                Mark Start          Mark End        Relocate Start      Relocate End           High               Low         
[43.039s][info][gc,heap     ] GC(316)  Capacity:     1024M (100%)       1024M (100%)       1024M (100%)       1024M (100%)       1024M (100%)       1024M (100%)   
[43.039s][info][gc,heap     ] GC(316)      Free:      776M (76%)         728M (71%)         852M (83%)         892M (87%)         892M (87%)         726M (71%)    
[43.039s][info][gc,heap     ] GC(316)      Used:      248M (24%)         296M (29%)         172M (17%)         132M (13%)         298M (29%)         132M (13%)    
[43.039s][info][gc,heap     ] GC(316)      Live:         -                47M (5%)           47M (5%)           47M (5%)             -                  -          
[43.039s][info][gc,heap     ] GC(316) Allocated:         -                48M (5%)           54M (5%)           55M (5%)             -                  -          
[43.039s][info][gc,heap     ] GC(316)   Garbage:         -               200M (20%)          70M (7%)           28M (3%)             -                  -          
[43.039s][info][gc,heap     ] GC(316) Reclaimed:         -                  -               130M (13%)         171M (17%)            -                  -          
[43.039s][info][gc          ] GC(316) Garbage Collection (Allocation Rate) 248M(24%)->132M(13%)
[43.103s][info][gc,start    ] GC(317) Garbage Collection (Allocation Rate)
[43.103s][info][gc,task     ] GC(317) Using 10 workers
[43.103s][info][gc,phases   ] GC(317) Pause Mark Start 0.008ms
[43.123s][info][gc,phases   ] GC(317) Concurrent Mark 19.605ms
[43.123s][info][gc,phases   ] GC(317) Pause Mark End 0.022ms
[43.123s][info][gc,phases   ] GC(317) Concurrent Mark Free 0.001ms
[43.125s][info][gc,phases   ] GC(317) Concurrent Process Non-Strong References 1.424ms
[43.125s][info][gc,phases   ] GC(317) Concurrent Reset Relocation Set 0.005ms
[43.128s][info][gc,phases   ] GC(317) Concurrent Select Relocation Set 3.349ms
[43.128s][info][gc,phases   ] GC(317) Pause Relocate Start 0.009ms
[43.129s][info][gc,phases   ] GC(317) Concurrent Relocate 1.054ms
[43.129s][info][gc,load     ] GC(317) Load: 0.00/0.00/0.00
[43.129s][info][gc,mmu      ] GC(317) MMU: 2ms/95.9%, 5ms/98.4%, 10ms/99.2%, 20ms/99.6%, 50ms/99.8%, 100ms/99.9%
[43.129s][info][gc,marking  ] GC(317) Mark: 8 stripe(s), 3 proactive flush(es), 1 terminate flush(es), 0 completion(s), 0 continuation(s) 
[43.129s][info][gc,marking  ] GC(317) Mark Stack Usage: 32M
[43.129s][info][gc,nmethod  ] GC(317) NMethods: 4429 registered, 363 unregistered
[43.129s][info][gc,metaspace] GC(317) Metaspace: 72M used, 72M committed, 1088M reserved
[43.130s][info][gc,ref      ] GC(317) Soft: 2427 encountered, 0 discovered, 0 enqueued
[43.130s][info][gc,ref      ] GC(317) Weak: 9513 encountered, 1461 discovered, 0 enqueued
[43.130s][info][gc,ref      ] GC(317) Final: 289 encountered, 33 discovered, 0 enqueued
[43.130s][info][gc,ref      ] GC(317) Phantom: 424 encountered, 315 discovered, 0 enqueued
[43.130s][info][gc,reloc    ] GC(317) Small Pages: 119 / 238M, Empty: 138M, Relocated: 3M, In-Place: 0
[43.130s][info][gc,reloc    ] GC(317) Medium Pages: 0 / 0M, Empty: 0M, Relocated: 0M, In-Place: 0
[43.130s][info][gc,reloc    ] GC(317) Large Pages: 0 / 0M, Empty: 0M, Relocated: 0M, In-Place: 0
[43.130s][info][gc,reloc    ] GC(317) Forwarding Usage: 1M
[43.130s][info][gc,heap     ] GC(317) Min Capacity: 8M(1%)
[43.130s][info][gc,heap     ] GC(317) Max Capacity: 1024M(100%)
[43.130s][info][gc,heap     ] GC(317) Soft Max Capacity: 1024M(100%)
[43.130s][info][gc,heap     ] GC(317)                Mark Start          Mark End        Relocate Start      Relocate End           High               Low         
[43.130s][info][gc,heap     ] GC(317)  Capacity:     1024M (100%)       1024M (100%)       1024M (100%)       1024M (100%)       1024M (100%)       1024M (100%)   
[43.130s][info][gc,heap     ] GC(317)      Free:      786M (77%)         756M (74%)         886M (87%)         910M (89%)         910M (89%)         752M (73%)    
[43.130s][info][gc,heap     ] GC(317)      Used:      238M (23%)         268M (26%)         138M (13%)         114M (11%)         272M (27%)         114M (11%)    
[43.130s][info][gc,heap     ] GC(317)      Live:         -                47M (5%)           47M (5%)           47M (5%)             -                  -          
[43.130s][info][gc,heap     ] GC(317) Allocated:         -                30M (3%)           38M (4%)           37M (4%)             -                  -          
[43.130s][info][gc,heap     ] GC(317)   Garbage:         -               190M (19%)          52M (5%)           28M (3%)             -                  -          
[43.130s][info][gc,heap     ] GC(317) Reclaimed:         -                  -               138M (13%)         161M (16%)            -                  -          
[43.130s][info][gc          ] GC(317) Garbage Collection (Allocation Rate) 238M(23%)->114M(11%)
[43.195s][info][gc,start    ] GC(318) Garbage Collection (Allocation Rate)
[43.195s][info][gc,task     ] GC(318) Using 10 workers
[43.196s][info][gc,phases   ] GC(318) Pause Mark Start 0.010ms
[43.213s][info][gc,phases   ] GC(318) Concurrent Mark 17.364ms
[43.213s][info][gc,phases   ] GC(318) Pause Mark End 0.026ms
[43.213s][info][gc,phases   ] GC(318) Concurrent Mark Free 0.001ms
[43.215s][info][gc,phases   ] GC(318) Concurrent Process Non-Strong References 1.446ms
[43.215s][info][gc,phases   ] GC(318) Concurrent Reset Relocation Set 0.004ms
[43.217s][info][gc,phases   ] GC(318) Concurrent Select Relocation Set 2.312ms
[43.217s][info][gc,phases   ] GC(318) Pause Relocate Start 0.009ms
[43.218s][info][gc,phases   ] GC(318) Concurrent Relocate 1.021ms
[43.218s][info][gc,load     ] GC(318) Load: 0.00/0.00/0.00
[43.218s][info][gc,mmu      ] GC(318) MMU: 2ms/95.9%, 5ms/98.4%, 10ms/99.2%, 20ms/99.6%, 50ms/99.8%, 100ms/99.9%
[43.218s][info][gc,marking  ] GC(318) Mark: 8 stripe(s), 2 proactive flush(es), 1 terminate flush(es), 0 completion(s), 0 continuation(s) 
[43.218s][info][gc,marking  ] GC(318) Mark Stack Usage: 32M
[43.218s][info][gc,nmethod  ] GC(318) NMethods: 4429 registered, 363 unregistered
[43.218s][info][gc,metaspace] GC(318) Metaspace: 72M used, 72M committed, 1088M reserved
[43.218s][info][gc,ref      ] GC(318) Soft: 2427 encountered, 0 discovered, 0 enqueued
[43.218s][info][gc,ref      ] GC(318) Weak: 9513 encountered, 983 discovered, 0 enqueued
[43.218s][info][gc,ref      ] GC(318) Final: 289 encountered, 31 discovered, 0 enqueued
[43.218s][info][gc,ref      ] GC(318) Phantom: 424 encountered, 328 discovered, 0 enqueued
[43.218s][info][gc,reloc    ] GC(318) Small Pages: 112 / 224M, Empty: 124M, Relocated: 3M, In-Place: 0
[43.218s][info][gc,reloc    ] GC(318) Medium Pages: 0 / 0M, Empty: 0M, Relocated: 0M, In-Place: 0
[43.218s][info][gc,reloc    ] GC(318) Large Pages: 0 / 0M, Empty: 0M, Relocated: 0M, In-Place: 0
[43.218s][info][gc,reloc    ] GC(318) Forwarding Usage: 1M
[43.218s][info][gc,heap     ] GC(318) Min Capacity: 8M(1%)
[43.219s][info][gc,heap     ] GC(318) Max Capacity: 1024M(100%)
[43.219s][info][gc,heap     ] GC(318) Soft Max Capacity: 1024M(100%)
[43.219s][info][gc,heap     ] GC(318)                Mark Start          Mark End        Relocate Start      Relocate End           High               Low         
[43.219s][info][gc,heap     ] GC(318)  Capacity:     1024M (100%)       1024M (100%)       1024M (100%)       1024M (100%)       1024M (100%)       1024M (100%)   
[43.219s][info][gc,heap     ] GC(318)      Free:      800M (78%)         774M (76%)         892M (87%)         916M (89%)         916M (89%)         768M (75%)    
[43.219s][info][gc,heap     ] GC(318)      Used:      224M (22%)         250M (24%)         132M (13%)         108M (11%)         256M (25%)         108M (11%)    
[43.219s][info][gc,heap     ] GC(318)      Live:         -                47M (5%)           47M (5%)           47M (5%)             -                  -          
[43.219s][info][gc,heap     ] GC(318) Allocated:         -                26M (3%)           32M (3%)           31M (3%)             -                  -          
[43.219s][info][gc,heap     ] GC(318)   Garbage:         -               176M (17%)          52M (5%)           28M (3%)             -                  -          
[43.219s][info][gc,heap     ] GC(318) Reclaimed:         -                  -               124M (12%)         147M (14%)            -                  -          
[43.219s][info][gc          ] GC(318) Garbage Collection (Allocation Rate) 224M(22%)->108M(11%)
[43.295s][info][gc,start    ] GC(319) Garbage Collection (Allocation Rate)
[43.295s][info][gc,task     ] GC(319) Using 10 workers
[43.296s][info][gc,phases   ] GC(319) Pause Mark Start 0.009ms
[43.313s][info][gc,phases   ] GC(319) Concurrent Mark 17.514ms
[43.313s][info][gc,phases   ] GC(319) Pause Mark End 0.023ms
[43.313s][info][gc,phases   ] GC(319) Concurrent Mark Free 0.001ms
[43.315s][info][gc,phases   ] GC(319) Concurrent Process Non-Strong References 1.385ms
[43.315s][info][gc,phases   ] GC(319) Concurrent Reset Relocation Set 0.002ms
[43.318s][info][gc,phases   ] GC(319) Concurrent Select Relocation Set 3.451ms
[43.318s][info][gc,phases   ] GC(319) Pause Relocate Start 0.007ms
[43.320s][info][gc,phases   ] GC(319) Concurrent Relocate 1.173ms
[43.320s][info][gc,load     ] GC(319) Load: 0.00/0.00/0.00
[43.320s][info][gc,mmu      ] GC(319) MMU: 2ms/95.9%, 5ms/98.4%, 10ms/99.2%, 20ms/99.6%, 50ms/99.8%, 100ms/99.9%
[43.320s][info][gc,marking  ] GC(319) Mark: 8 stripe(s), 2 proactive flush(es), 1 terminate flush(es), 0 completion(s), 0 continuation(s) 
[43.320s][info][gc,marking  ] GC(319) Mark Stack Usage: 32M
[43.320s][info][gc,nmethod  ] GC(319) NMethods: 4429 registered, 363 unregistered
[43.320s][info][gc,metaspace] GC(319) Metaspace: 72M used, 72M committed, 1088M reserved
[43.320s][info][gc,ref      ] GC(319) Soft: 2427 encountered, 0 discovered, 0 enqueued
[43.320s][info][gc,ref      ] GC(319) Weak: 9513 encountered, 778 discovered, 0 enqueued
[43.320s][info][gc,ref      ] GC(319) Final: 289 encountered, 3 discovered, 0 enqueued
[43.320s][info][gc,ref      ] GC(319) Phantom: 424 encountered, 308 discovered, 0 enqueued
[43.320s][info][gc,reloc    ] GC(319) Small Pages: 118 / 236M, Empty: 130M, Relocated: 3M, In-Place: 0
[43.320s][info][gc,reloc    ] GC(319) Medium Pages: 0 / 0M, Empty: 0M, Relocated: 0M, In-Place: 0
[43.320s][info][gc,reloc    ] GC(319) Large Pages: 0 / 0M, Empty: 0M, Relocated: 0M, In-Place: 0
[43.320s][info][gc,reloc    ] GC(319) Forwarding Usage: 1M
[43.320s][info][gc,heap     ] GC(319) Min Capacity: 8M(1%)
[43.320s][info][gc,heap     ] GC(319) Max Capacity: 1024M(100%)
[43.320s][info][gc,heap     ] GC(319) Soft Max Capacity: 1024M(100%)
[43.320s][info][gc,heap     ] GC(319)                Mark Start          Mark End        Relocate Start      Relocate End           High               Low         
[43.320s][info][gc,heap     ] GC(319)  Capacity:     1024M (100%)       1024M (100%)       1024M (100%)       1024M (100%)       1024M (100%)       1024M (100%)   
[43.320s][info][gc,heap     ] GC(319)      Free:      788M (77%)         762M (74%)         884M (86%)         912M (89%)         912M (89%)         758M (74%)    
[43.320s][info][gc,heap     ] GC(319)      Used:      236M (23%)         262M (26%)         140M (14%)         112M (11%)         266M (26%)         112M (11%)    
[43.320s][info][gc,heap     ] GC(319)      Live:         -                47M (5%)           47M (5%)           47M (5%)             -                  -          
[43.320s][info][gc,heap     ] GC(319) Allocated:         -                26M (3%)           34M (3%)           35M (4%)             -                  -          
[43.320s][info][gc,heap     ] GC(319)   Garbage:         -               188M (18%)          58M (6%)           28M (3%)             -                  -          
[43.320s][info][gc,heap     ] GC(319) Reclaimed:         -                  -               130M (13%)         159M (16%)            -                  -          
[43.320s][info][gc          ] GC(319) Garbage Collection (Allocation Rate) 236M(23%)->112M(11%)
[43.403s][info][gc,start    ] GC(320) Garbage Collection (Allocation Rate)
[43.403s][info][gc,task     ] GC(320) Using 10 workers
[43.403s][info][gc,phases   ] GC(320) Pause Mark Start 0.009ms
[43.433s][info][gc,phases   ] GC(320) Concurrent Mark 30.041ms
[43.433s][info][gc,phases   ] GC(320) Pause Mark End 0.022ms
[43.434s][info][gc,phases   ] GC(320) Concurrent Mark Free 0.001ms
[43.435s][info][gc,phases   ] GC(320) Concurrent Process Non-Strong References 1.512ms
[43.435s][info][gc,phases   ] GC(320) Concurrent Reset Relocation Set 0.003ms
[43.439s][info][gc,phases   ] GC(320) Concurrent Select Relocation Set 3.445ms
[43.439s][info][gc,phases   ] GC(320) Pause Relocate Start 0.007ms
[43.440s][info][gc,phases   ] GC(320) Concurrent Relocate 1.194ms
[43.440s][info][gc,load     ] GC(320) Load: 0.00/0.00/0.00
[43.440s][info][gc,mmu      ] GC(320) MMU: 2ms/95.9%, 5ms/98.4%, 10ms/99.2%, 20ms/99.6%, 50ms/99.8%, 100ms/99.9%
[43.440s][info][gc,marking  ] GC(320) Mark: 8 stripe(s), 4 proactive flush(es), 1 terminate flush(es), 0 completion(s), 0 continuation(s) 
[43.440s][info][gc,marking  ] GC(320) Mark Stack Usage: 32M
[43.440s][info][gc,nmethod  ] GC(320) NMethods: 4429 registered, 363 unregistered
[43.440s][info][gc,metaspace] GC(320) Metaspace: 72M used, 72M committed, 1088M reserved
[43.440s][info][gc,ref      ] GC(320) Soft: 2427 encountered, 0 discovered, 0 enqueued
[43.440s][info][gc,ref      ] GC(320) Weak: 9513 encountered, 698 discovered, 0 enqueued
[43.440s][info][gc,ref      ] GC(320) Final: 289 encountered, 11 discovered, 0 enqueued
[43.440s][info][gc,ref      ] GC(320) Phantom: 424 encountered, 374 discovered, 0 enqueued
[43.440s][info][gc,reloc    ] GC(320) Small Pages: 124 / 248M, Empty: 148M, Relocated: 3M, In-Place: 0
[43.440s][info][gc,reloc    ] GC(320) Medium Pages: 0 / 0M, Empty: 0M, Relocated: 0M, In-Place: 0
[43.440s][info][gc,reloc    ] GC(320) Large Pages: 0 / 0M, Empty: 0M, Relocated: 0M, In-Place: 0
[43.440s][info][gc,reloc    ] GC(320) Forwarding Usage: 1M
[43.440s][info][gc,heap     ] GC(320) Min Capacity: 8M(1%)
[43.440s][info][gc,heap     ] GC(320) Max Capacity: 1024M(100%)
[43.440s][info][gc,heap     ] GC(320) Soft Max Capacity: 1024M(100%)
[43.440s][info][gc,heap     ] GC(320)                Mark Start          Mark End        Relocate Start      Relocate End           High               Low         
[43.440s][info][gc,heap     ] GC(320)  Capacity:     1024M (100%)       1024M (100%)       1024M (100%)       1024M (100%)       1024M (100%)       1024M (100%)   
[43.440s][info][gc,heap     ] GC(320)      Free:      776M (76%)         730M (71%)         868M (85%)         892M (87%)         892M (87%)         728M (71%)    
[43.440s][info][gc,heap     ] GC(320)      Used:      248M (24%)         294M (29%)         156M (15%)         132M (13%)         296M (29%)         132M (13%)    
[43.440s][info][gc,heap     ] GC(320)      Live:         -                47M (5%)           47M (5%)           47M (5%)             -                  -          
[43.440s][info][gc,heap     ] GC(320) Allocated:         -                46M (4%)           56M (5%)           55M (5%)             -                  -          
[43.440s][info][gc,heap     ] GC(320)   Garbage:         -               200M (20%)          52M (5%)           28M (3%)             -                  -          
[43.440s][info][gc,heap     ] GC(320) Reclaimed:         -                  -               148M (14%)         171M (17%)            -                  -          
[43.440s][info][gc          ] GC(320) Garbage Collection (Allocation Rate) 248M(24%)->132M(13%)
[43.503s][info][gc,start    ] GC(321) Garbage Collection (Allocation Rate)
[43.503s][info][gc,task     ] GC(321) Using 10 workers
[43.503s][info][gc,phases   ] GC(321) Pause Mark Start 0.010ms
[43.523s][info][gc,phases   ] GC(321) Concurrent Mark 19.536ms
[43.523s][info][gc,phases   ] GC(321) Pause Mark End 0.021ms
[43.523s][info][gc,phases   ] GC(321) Concurrent Mark Free 0.001ms
[43.525s][info][gc,phases   ] GC(321) Concurrent Process Non-Strong References 1.472ms
[43.525s][info][gc,phases   ] GC(321) Concurrent Reset Relocation Set 0.003ms
[43.527s][info][gc,phases   ] GC(321) Concurrent Select Relocation Set 2.373ms
[43.527s][info][gc,phases   ] GC(321) Pause Relocate Start 0.007ms
[43.528s][info][gc,phases   ] GC(321) Concurrent Relocate 1.023ms
[43.528s][info][gc,load     ] GC(321) Load: 0.00/0.00/0.00
[43.528s][info][gc,mmu      ] GC(321) MMU: 2ms/95.9%, 5ms/98.4%, 10ms/99.2%, 20ms/99.6%, 50ms/99.8%, 100ms/99.9%
[43.528s][info][gc,marking  ] GC(321) Mark: 8 stripe(s), 2 proactive flush(es), 1 terminate flush(es), 0 completion(s), 0 continuation(s) 
[43.528s][info][gc,marking  ] GC(321) Mark Stack Usage: 32M
[43.528s][info][gc,nmethod  ] GC(321) NMethods: 4429 registered, 363 unregistered
[43.529s][info][gc,metaspace] GC(321) Metaspace: 72M used, 72M committed, 1088M reserved
[43.529s][info][gc,ref      ] GC(321) Soft: 2427 encountered, 0 discovered, 0 enqueued
[43.529s][info][gc,ref      ] GC(321) Weak: 9513 encountered, 854 discovered, 0 enqueued
[43.529s][info][gc,ref      ] GC(321) Final: 289 encountered, 5 discovered, 0 enqueued
[43.529s][info][gc,ref      ] GC(321) Phantom: 424 encountered, 340 discovered, 0 enqueued
[43.529s][info][gc,reloc    ] GC(321) Small Pages: 119 / 238M, Empty: 132M, Relocated: 3M, In-Place: 0
[43.529s][info][gc,reloc    ] GC(321) Medium Pages: 0 / 0M, Empty: 0M, Relocated: 0M, In-Place: 0
[43.529s][info][gc,reloc    ] GC(321) Large Pages: 0 / 0M, Empty: 0M, Relocated: 0M, In-Place: 0
[43.529s][info][gc,reloc    ] GC(321) Forwarding Usage: 1M
[43.529s][info][gc,heap     ] GC(321) Min Capacity: 8M(1%)
[43.529s][info][gc,heap     ] GC(321) Max Capacity: 1024M(100%)
[43.529s][info][gc,heap     ] GC(321) Soft Max Capacity: 1024M(100%)
[43.529s][info][gc,heap     ] GC(321)                Mark Start          Mark End        Relocate Start      Relocate End           High               Low         
[43.529s][info][gc,heap     ] GC(321)  Capacity:     1024M (100%)       1024M (100%)       1024M (100%)       1024M (100%)       1024M (100%)       1024M (100%)   
[43.529s][info][gc,heap     ] GC(321)      Free:      786M (77%)         756M (74%)         882M (86%)         912M (89%)         912M (89%)         754M (74%)    
[43.529s][info][gc,heap     ] GC(321)      Used:      238M (23%)         268M (26%)         142M (14%)         112M (11%)         270M (26%)         112M (11%)    
[43.529s][info][gc,heap     ] GC(321)      Live:         -                47M (5%)           47M (5%)           47M (5%)             -                  -          
[43.529s][info][gc,heap     ] GC(321) Allocated:         -                30M (3%)           36M (4%)           35M (4%)             -                  -          
[43.529s][info][gc,heap     ] GC(321)   Garbage:         -               190M (19%)          58M (6%)           28M (3%)             -                  -          
[43.529s][info][gc,heap     ] GC(321) Reclaimed:         -                  -               132M (13%)         161M (16%)            -                  -          
[43.529s][info][gc          ] GC(321) Garbage Collection (Allocation Rate) 238M(23%)->112M(11%)
[43.595s][info][gc,start    ] GC(322) Garbage Collection (Allocation Rate)
[43.595s][info][gc,task     ] GC(322) Using 10 workers
[43.596s][info][gc,phases   ] GC(322) Pause Mark Start 0.010ms
[43.613s][info][gc,phases   ] GC(322) Concurrent Mark 17.492ms
[43.613s][info][gc,phases   ] GC(322) Pause Mark End 0.019ms
[43.613s][info][gc,phases   ] GC(322) Concurrent Mark Free 0.000ms
[43.615s][info][gc,phases   ] GC(322) Concurrent Process Non-Strong References 1.384ms
[43.615s][info][gc,phases   ] GC(322) Concurrent Reset Relocation Set 0.004ms
[43.617s][info][gc,phases   ] GC(322) Concurrent Select Relocation Set 2.415ms
[43.617s][info][gc,phases   ] GC(322) Pause Relocate Start 0.007ms
[43.619s][info][gc,phases   ] GC(322) Concurrent Relocate 1.162ms
[43.619s][info][gc,load     ] GC(322) Load: 0.00/0.00/0.00
[43.619s][info][gc,mmu      ] GC(322) MMU: 2ms/95.9%, 5ms/98.4%, 10ms/99.2%, 20ms/99.6%, 50ms/99.8%, 100ms/99.9%
[43.619s][info][gc,marking  ] GC(322) Mark: 8 stripe(s), 2 proactive flush(es), 1 terminate flush(es), 0 completion(s), 0 continuation(s) 
[43.619s][info][gc,marking  ] GC(322) Mark Stack Usage: 32M
[43.619s][info][gc,nmethod  ] GC(322) NMethods: 4429 registered, 363 unregistered
[43.619s][info][gc,metaspace] GC(322) Metaspace: 72M used, 72M committed, 1088M reserved
[43.619s][info][gc,ref      ] GC(322) Soft: 2427 encountered, 0 discovered, 0 enqueued
[43.619s][info][gc,ref      ] GC(322) Weak: 9513 encountered, 1050 discovered, 0 enqueued
[43.619s][info][gc,ref      ] GC(322) Final: 289 encountered, 5 discovered, 0 enqueued
[43.619s][info][gc,ref      ] GC(322) Phantom: 424 encountered, 325 discovered, 0 enqueued
[43.619s][info][gc,reloc    ] GC(322) Small Pages: 111 / 222M, Empty: 116M, Relocated: 3M, In-Place: 0
[43.619s][info][gc,reloc    ] GC(322) Medium Pages: 0 / 0M, Empty: 0M, Relocated: 0M, In-Place: 0
[43.619s][info][gc,reloc    ] GC(322) Large Pages: 0 / 0M, Empty: 0M, Relocated: 0M, In-Place: 0
[43.619s][info][gc,reloc    ] GC(322) Forwarding Usage: 1M
[43.619s][info][gc,heap     ] GC(322) Min Capacity: 8M(1%)
[43.619s][info][gc,heap     ] GC(322) Max Capacity: 1024M(100%)
[43.619s][info][gc,heap     ] GC(322) Soft Max Capacity: 1024M(100%)
[43.619s][info][gc,heap     ] GC(322)                Mark Start          Mark End        Relocate Start      Relocate End           High               Low         
[43.619s][info][gc,heap     ] GC(322)  Capacity:     1024M (100%)       1024M (100%)       1024M (100%)       1024M (100%)       1024M (100%)       1024M (100%)   
[43.619s][info][gc,heap     ] GC(322)      Free:      802M (78%)         776M (76%)         886M (87%)         914M (89%)         914M (89%)         770M (75%)    
[43.619s][info][gc,heap     ] GC(322)      Used:      222M (22%)         248M (24%)         138M (13%)         110M (11%)         254M (25%)         110M (11%)    
[43.619s][info][gc,heap     ] GC(322)      Live:         -                47M (5%)           47M (5%)           47M (5%)             -                  -          
[43.619s][info][gc,heap     ] GC(322) Allocated:         -                26M (3%)           32M (3%)           33M (3%)             -                  -          
[43.619s][info][gc,heap     ] GC(322)   Garbage:         -               174M (17%)          58M (6%)           28M (3%)             -                  -          
[43.619s][info][gc,heap     ] GC(322) Reclaimed:         -                  -               116M (11%)         145M (14%)            -                  -          
[43.619s][info][gc          ] GC(322) Garbage Collection (Allocation Rate) 222M(22%)->110M(11%)
[43.696s][info][gc,start    ] GC(323) Garbage Collection (Allocation Rate)
[43.696s][info][gc,task     ] GC(323) Using 10 workers
[43.696s][info][gc,phases   ] GC(323) Pause Mark Start 0.010ms
[43.713s][info][gc,phases   ] GC(323) Concurrent Mark 17.504ms
[43.713s][info][gc,phases   ] GC(323) Pause Mark End 0.021ms
[43.713s][info][gc,phases   ] GC(323) Concurrent Mark Free 0.001ms
[43.715s][info][gc,phases   ] GC(323) Concurrent Process Non-Strong References 1.372ms
[43.715s][info][gc,phases   ] GC(323) Concurrent Reset Relocation Set 0.004ms
[43.719s][info][gc,phases   ] GC(323) Concurrent Select Relocation Set 3.590ms
[43.719s][info][gc,phases   ] GC(323) Pause Relocate Start 0.007ms
[43.720s][info][gc,phases   ] GC(323) Concurrent Relocate 1.061ms
[43.720s][info][gc,load     ] GC(323) Load: 0.00/0.00/0.00
[43.720s][info][gc,mmu      ] GC(323) MMU: 2ms/95.9%, 5ms/98.4%, 10ms/99.2%, 20ms/99.6%, 50ms/99.8%, 100ms/99.9%
[43.720s][info][gc,marking  ] GC(323) Mark: 8 stripe(s), 2 proactive flush(es), 1 terminate flush(es), 0 completion(s), 0 continuation(s) 
[43.720s][info][gc,marking  ] GC(323) Mark Stack Usage: 32M
[43.720s][info][gc,nmethod  ] GC(323) NMethods: 4429 registered, 363 unregistered
[43.720s][info][gc,metaspace] GC(323) Metaspace: 72M used, 72M committed, 1088M reserved
[43.720s][info][gc,ref      ] GC(323) Soft: 2427 encountered, 0 discovered, 0 enqueued
[43.720s][info][gc,ref      ] GC(323) Weak: 9513 encountered, 1045 discovered, 0 enqueued
[43.720s][info][gc,ref      ] GC(323) Final: 289 encountered, 20 discovered, 0 enqueued
[43.720s][info][gc,ref      ] GC(323) Phantom: 424 encountered, 308 discovered, 0 enqueued
[43.720s][info][gc,reloc    ] GC(323) Small Pages: 118 / 236M, Empty: 138M, Relocated: 3M, In-Place: 0
[43.720s][info][gc,reloc    ] GC(323) Medium Pages: 0 / 0M, Empty: 0M, Relocated: 0M, In-Place: 0
[43.720s][info][gc,reloc    ] GC(323) Large Pages: 0 / 0M, Empty: 0M, Relocated: 0M, In-Place: 0
[43.720s][info][gc,reloc    ] GC(323) Forwarding Usage: 1M
[43.720s][info][gc,heap     ] GC(323) Min Capacity: 8M(1%)
[43.720s][info][gc,heap     ] GC(323) Max Capacity: 1024M(100%)
[43.720s][info][gc,heap     ] GC(323) Soft Max Capacity: 1024M(100%)
[43.720s][info][gc,heap     ] GC(323)                Mark Start          Mark End        Relocate Start      Relocate End           High               Low         
[43.720s][info][gc,heap     ] GC(323)  Capacity:     1024M (100%)       1024M (100%)       1024M (100%)       1024M (100%)       1024M (100%)       1024M (100%)   
[43.720s][info][gc,heap     ] GC(323)      Free:      788M (77%)         764M (75%)         892M (87%)         914M (89%)         914M (89%)         760M (74%)    
[43.720s][info][gc,heap     ] GC(323)      Used:      236M (23%)         260M (25%)         132M (13%)         110M (11%)         264M (26%)         110M (11%)    
[43.720s][info][gc,heap     ] GC(323)      Live:         -                47M (5%)           47M (5%)           47M (5%)             -                  -          
[43.720s][info][gc,heap     ] GC(323) Allocated:         -                24M (2%)           34M (3%)           33M (3%)             -                  -          
[43.720s][info][gc,heap     ] GC(323)   Garbage:         -               188M (18%)          50M (5%)           28M (3%)             -                  -          
[43.720s][info][gc,heap     ] GC(323) Reclaimed:         -                  -               138M (13%)         159M (16%)            -                  -          
[43.720s][info][gc          ] GC(323) Garbage Collection (Allocation Rate) 236M(23%)->110M(11%)
[43.803s][info][gc,start    ] GC(324) Garbage Collection (Allocation Rate)
[43.803s][info][gc,task     ] GC(324) Using 10 workers
[43.803s][info][gc,phases   ] GC(324) Pause Mark Start 0.008ms
[43.833s][info][gc,phases   ] GC(324) Concurrent Mark 29.999ms
[43.833s][info][gc,phases   ] GC(324) Pause Mark End 0.019ms
[43.833s][info][gc,phases   ] GC(324) Concurrent Mark Free 0.001ms
[43.835s][info][gc,phases   ] GC(324) Concurrent Process Non-Strong References 1.485ms
[43.835s][info][gc,phases   ] GC(324) Concurrent Reset Relocation Set 0.003ms
[43.838s][info][gc,phases   ] GC(324) Concurrent Select Relocation Set 3.337ms
[43.839s][info][gc,phases   ] GC(324) Pause Relocate Start 0.007ms
[43.840s][info][gc,phases   ] GC(324) Concurrent Relocate 1.098ms
[43.840s][info][gc,load     ] GC(324) Load: 0.00/0.00/0.00
[43.840s][info][gc,mmu      ] GC(324) MMU: 2ms/95.9%, 5ms/98.4%, 10ms/99.2%, 20ms/99.6%, 50ms/99.8%, 100ms/99.9%
[43.840s][info][gc,marking  ] GC(324) Mark: 8 stripe(s), 3 proactive flush(es), 1 terminate flush(es), 0 completion(s), 0 continuation(s) 
[43.840s][info][gc,marking  ] GC(324) Mark Stack Usage: 32M
[43.840s][info][gc,nmethod  ] GC(324) NMethods: 4429 registered, 363 unregistered
[43.840s][info][gc,metaspace] GC(324) Metaspace: 72M used, 72M committed, 1088M reserved
[43.840s][info][gc,ref      ] GC(324) Soft: 2427 encountered, 0 discovered, 0 enqueued
[43.840s][info][gc,ref      ] GC(324) Weak: 9513 encountered, 1077 discovered, 0 enqueued
[43.840s][info][gc,ref      ] GC(324) Final: 289 encountered, 23 discovered, 0 enqueued
[43.840s][info][gc,ref      ] GC(324) Phantom: 424 encountered, 332 discovered, 0 enqueued
[43.840s][info][gc,reloc    ] GC(324) Small Pages: 123 / 246M, Empty: 132M, Relocated: 3M, In-Place: 0
[43.840s][info][gc,reloc    ] GC(324) Medium Pages: 0 / 0M, Empty: 0M, Relocated: 0M, In-Place: 0
[43.840s][info][gc,reloc    ] GC(324) Large Pages: 0 / 0M, Empty: 0M, Relocated: 0M, In-Place: 0
[43.840s][info][gc,reloc    ] GC(324) Forwarding Usage: 1M
[43.840s][info][gc,heap     ] GC(324) Min Capacity: 8M(1%)
[43.840s][info][gc,heap     ] GC(324) Max Capacity: 1024M(100%)
[43.840s][info][gc,heap     ] GC(324) Soft Max Capacity: 1024M(100%)
[43.840s][info][gc,heap     ] GC(324)                Mark Start          Mark End        Relocate Start      Relocate End           High               Low         
[43.840s][info][gc,heap     ] GC(324)  Capacity:     1024M (100%)       1024M (100%)       1024M (100%)       1024M (100%)       1024M (100%)       1024M (100%)   
[43.840s][info][gc,heap     ] GC(324)      Free:      778M (76%)         730M (71%)         854M (83%)         892M (87%)         892M (87%)         728M (71%)    
[43.840s][info][gc,heap     ] GC(324)      Used:      246M (24%)         294M (29%)         170M (17%)         132M (13%)         296M (29%)         132M (13%)    
[43.840s][info][gc,heap     ] GC(324)      Live:         -                47M (5%)           47M (5%)           47M (5%)             -                  -          
[43.840s][info][gc,heap     ] GC(324) Allocated:         -                48M (5%)           56M (5%)           55M (5%)             -                  -          
[43.840s][info][gc,heap     ] GC(324)   Garbage:         -               198M (19%)          66M (6%)           28M (3%)             -                  -          
[43.840s][info][gc,heap     ] GC(324) Reclaimed:         -                  -               132M (13%)         169M (17%)            -                  -          
[43.840s][info][gc          ] GC(324) Garbage Collection (Allocation Rate) 246M(24%)->132M(13%)
[43.896s][info][gc,start    ] GC(325) Garbage Collection (Allocation Rate)
[43.896s][info][gc,task     ] GC(325) Using 10 workers
[43.896s][info][gc,phases   ] GC(325) Pause Mark Start 0.007ms
[43.923s][info][gc,phases   ] GC(325) Concurrent Mark 26.975ms
[43.923s][info][gc,phases   ] GC(325) Pause Mark End 0.025ms
[43.923s][info][gc,phases   ] GC(325) Concurrent Mark Free 0.001ms
[43.925s][info][gc,phases   ] GC(325) Concurrent Process Non-Strong References 1.449ms
[43.925s][info][gc,phases   ] GC(325) Concurrent Reset Relocation Set 0.003ms
[43.927s][info][gc,phases   ] GC(325) Concurrent Select Relocation Set 2.467ms
[43.927s][info][gc,phases   ] GC(325) Pause Relocate Start 0.007ms
[43.929s][info][gc,phases   ] GC(325) Concurrent Relocate 0.966ms
[43.929s][info][gc,load     ] GC(325) Load: 0.00/0.00/0.00
[43.929s][info][gc,mmu      ] GC(325) MMU: 2ms/95.9%, 5ms/98.4%, 10ms/99.2%, 20ms/99.6%, 50ms/99.8%, 100ms/99.9%
[43.929s][info][gc,marking  ] GC(325) Mark: 8 stripe(s), 2 proactive flush(es), 2 terminate flush(es), 0 completion(s), 0 continuation(s) 
[43.929s][info][gc,marking  ] GC(325) Mark Stack Usage: 32M
[43.929s][info][gc,nmethod  ] GC(325) NMethods: 4429 registered, 363 unregistered
[43.929s][info][gc,metaspace] GC(325) Metaspace: 72M used, 72M committed, 1088M reserved
[43.929s][info][gc,ref      ] GC(325) Soft: 2427 encountered, 0 discovered, 0 enqueued
[43.929s][info][gc,ref      ] GC(325) Weak: 9513 encountered, 1147 discovered, 0 enqueued
[43.929s][info][gc,ref      ] GC(325) Final: 289 encountered, 14 discovered, 0 enqueued
[43.929s][info][gc,ref      ] GC(325) Phantom: 424 encountered, 286 discovered, 0 enqueued
[43.929s][info][gc,reloc    ] GC(325) Small Pages: 113 / 226M, Empty: 122M, Relocated: 3M, In-Place: 0
[43.929s][info][gc,reloc    ] GC(325) Medium Pages: 0 / 0M, Empty: 0M, Relocated: 0M, In-Place: 0
[43.929s][info][gc,reloc    ] GC(325) Large Pages: 0 / 0M, Empty: 0M, Relocated: 0M, In-Place: 0
[43.929s][info][gc,reloc    ] GC(325) Forwarding Usage: 1M
[43.929s][info][gc,heap     ] GC(325) Min Capacity: 8M(1%)
[43.929s][info][gc,heap     ] GC(325) Max Capacity: 1024M(100%)
[43.929s][info][gc,heap     ] GC(325) Soft Max Capacity: 1024M(100%)
[43.929s][info][gc,heap     ] GC(325)                Mark Start          Mark End        Relocate Start      Relocate End           High               Low         
[43.929s][info][gc,heap     ] GC(325)  Capacity:     1024M (100%)       1024M (100%)       1024M (100%)       1024M (100%)       1024M (100%)       1024M (100%)   
[43.929s][info][gc,heap     ] GC(325)      Free:      798M (78%)         754M (74%)         870M (85%)         898M (88%)         898M (88%)         748M (73%)    
[43.929s][info][gc,heap     ] GC(325)      Used:      226M (22%)         270M (26%)         154M (15%)         126M (12%)         276M (27%)         126M (12%)    
[43.929s][info][gc,heap     ] GC(325)      Live:         -                47M (5%)           47M (5%)           47M (5%)             -                  -          
[43.929s][info][gc,heap     ] GC(325) Allocated:         -                44M (4%)           50M (5%)           49M (5%)             -                  -          
[43.929s][info][gc,heap     ] GC(325)   Garbage:         -               178M (17%)          56M (6%)           28M (3%)             -                  -          
[43.929s][info][gc,heap     ] GC(325) Reclaimed:         -                  -               122M (12%)         149M (15%)            -                  -          
[43.929s][info][gc          ] GC(325) Garbage Collection (Allocation Rate) 226M(22%)->126M(12%)
[44.203s][info][gc,start    ] GC(326) Garbage Collection (Allocation Rate)
[44.203s][info][gc,task     ] GC(326) Using 3 workers
[44.203s][info][gc,phases   ] GC(326) Pause Mark Start 0.016ms
[44.249s][info][gc,phases   ] GC(326) Concurrent Mark 45.634ms
[44.249s][info][gc,phases   ] GC(326) Pause Mark End 0.023ms
[44.249s][info][gc,phases   ] GC(326) Concurrent Mark Free 0.001ms
[44.253s][info][gc,phases   ] GC(326) Concurrent Process Non-Strong References 3.922ms
[44.253s][info][gc,phases   ] GC(326) Concurrent Reset Relocation Set 0.004ms
[44.257s][info][gc,phases   ] GC(326) Concurrent Select Relocation Set 3.265ms
[44.257s][info][gc,phases   ] GC(326) Pause Relocate Start 0.007ms
[44.259s][info][gc,phases   ] GC(326) Concurrent Relocate 1.710ms
[44.259s][info][gc,load     ] GC(326) Load: 0.00/0.00/0.00
[44.259s][info][gc,mmu      ] GC(326) MMU: 2ms/95.9%, 5ms/98.4%, 10ms/99.2%, 20ms/99.6%, 50ms/99.8%, 100ms/99.9%
[44.259s][info][gc,marking  ] GC(326) Mark: 2 stripe(s), 2 proactive flush(es), 1 terminate flush(es), 0 completion(s), 0 continuation(s) 
[44.259s][info][gc,marking  ] GC(326) Mark Stack Usage: 32M
[44.259s][info][gc,nmethod  ] GC(326) NMethods: 4432 registered, 363 unregistered
[44.259s][info][gc,metaspace] GC(326) Metaspace: 72M used, 72M committed, 1088M reserved
[44.259s][info][gc,ref      ] GC(326) Soft: 2427 encountered, 0 discovered, 0 enqueued
[44.259s][info][gc,ref      ] GC(326) Weak: 9435 encountered, 1363 discovered, 18 enqueued
[44.259s][info][gc,ref      ] GC(326) Final: 289 encountered, 60 discovered, 0 enqueued
[44.259s][info][gc,ref      ] GC(326) Phantom: 424 encountered, 310 discovered, 0 enqueued
[44.259s][info][gc,reloc    ] GC(326) Small Pages: 242 / 484M, Empty: 352M, Relocated: 3M, In-Place: 0
[44.259s][info][gc,reloc    ] GC(326) Medium Pages: 0 / 0M, Empty: 0M, Relocated: 0M, In-Place: 0
[44.259s][info][gc,reloc    ] GC(326) Large Pages: 0 / 0M, Empty: 0M, Relocated: 0M, In-Place: 0
[44.259s][info][gc,reloc    ] GC(326) Forwarding Usage: 1M
[44.259s][info][gc,heap     ] GC(326) Min Capacity: 8M(1%)
[44.259s][info][gc,heap     ] GC(326) Max Capacity: 1024M(100%)
[44.259s][info][gc,heap     ] GC(326) Soft Max Capacity: 1024M(100%)
[44.259s][info][gc,heap     ] GC(326)                Mark Start          Mark End        Relocate Start      Relocate End           High               Low         
[44.259s][info][gc,heap     ] GC(326)  Capacity:     1024M (100%)       1024M (100%)       1024M (100%)       1024M (100%)       1024M (100%)       1024M (100%)   
[44.259s][info][gc,heap     ] GC(326)      Free:      540M (53%)         520M (51%)         870M (85%)         940M (92%)         940M (92%)         518M (51%)    
[44.259s][info][gc,heap     ] GC(326)      Used:      484M (47%)         504M (49%)         154M (15%)          84M (8%)          506M (49%)          84M (8%)     
[44.259s][info][gc,heap     ] GC(326)      Live:         -                47M (5%)           47M (5%)           47M (5%)             -                  -          
[44.259s][info][gc,heap     ] GC(326) Allocated:         -                20M (2%)           22M (2%)           21M (2%)             -                  -          
[44.259s][info][gc,heap     ] GC(326)   Garbage:         -               436M (43%)          84M (8%)           14M (1%)             -                  -          
[44.259s][info][gc,heap     ] GC(326) Reclaimed:         -                  -               352M (34%)         421M (41%)            -                  -          
[44.259s][info][gc          ] GC(326) Garbage Collection (Allocation Rate) 484M(47%)->84M(8%)
[44.293s][info][gc,start    ] GC(327) Garbage Collection (System.gc())
[44.293s][info][gc,task     ] GC(327) Using 10 workers
[44.294s][info][gc,phases   ] GC(327) Pause Mark Start 0.014ms
[44.333s][info][gc,phases   ] GC(327) Concurrent Mark 39.187ms
[44.333s][info][gc,phases   ] GC(327) Pause Mark End 0.018ms
[44.333s][info][gc,phases   ] GC(327) Concurrent Mark Free 0.001ms
[44.335s][info][gc,phases   ] GC(327) Concurrent Process Non-Strong References 2.131ms
[44.335s][info][gc,phases   ] GC(327) Concurrent Reset Relocation Set 0.006ms
[44.338s][info][gc,phases   ] GC(327) Concurrent Select Relocation Set 2.817ms
[44.338s][info][gc,phases   ] GC(327) Pause Relocate Start 0.006ms
[44.341s][info][gc,phases   ] GC(327) Concurrent Relocate 2.262ms
[44.341s][info][gc,load     ] GC(327) Load: 0.00/0.00/0.00
[44.341s][info][gc,mmu      ] GC(327) MMU: 2ms/95.9%, 5ms/98.4%, 10ms/99.2%, 20ms/99.6%, 50ms/99.8%, 100ms/99.9%
[44.341s][info][gc,marking  ] GC(327) Mark: 8 stripe(s), 3 proactive flush(es), 1 terminate flush(es), 0 completion(s), 0 continuation(s) 
[44.341s][info][gc,marking  ] GC(327) Mark Stack Usage: 32M
[44.341s][info][gc,nmethod  ] GC(327) NMethods: 4430 registered, 453 unregistered
[44.341s][info][gc,metaspace] GC(327) Metaspace: 72M used, 72M committed, 1088M reserved
[44.341s][info][gc,ref      ] GC(327) Soft: 2434 encountered, 0 discovered, 0 enqueued
[44.341s][info][gc,ref      ] GC(327) Weak: 9522 encountered, 1063 discovered, 26 enqueued
[44.341s][info][gc,ref      ] GC(327) Final: 289 encountered, 8 discovered, 0 enqueued
[44.341s][info][gc,ref      ] GC(327) Phantom: 424 encountered, 290 discovered, 0 enqueued
[44.341s][info][gc,reloc    ] GC(327) Small Pages: 51 / 102M, Empty: 4M, Relocated: 1M, In-Place: 0
[44.341s][info][gc,reloc    ] GC(327) Medium Pages: 0 / 0M, Empty: 0M, Relocated: 0M, In-Place: 0
[44.341s][info][gc,reloc    ] GC(327) Large Pages: 0 / 0M, Empty: 0M, Relocated: 0M, In-Place: 0
[44.341s][info][gc,reloc    ] GC(327) Forwarding Usage: 0M
[44.341s][info][gc,heap     ] GC(327) Min Capacity: 8M(1%)
[44.341s][info][gc,heap     ] GC(327) Max Capacity: 1024M(100%)
[44.341s][info][gc,heap     ] GC(327) Soft Max Capacity: 1024M(100%)
[44.341s][info][gc,heap     ] GC(327)                Mark Start          Mark End        Relocate Start      Relocate End           High               Low         
[44.341s][info][gc,heap     ] GC(327)  Capacity:     1024M (100%)       1024M (100%)       1024M (100%)       1024M (100%)       1024M (100%)       1024M (100%)   
[44.341s][info][gc,heap     ] GC(327)      Free:      922M (90%)         906M (88%)         910M (89%)         928M (91%)         928M (91%)         892M (87%)    
[44.341s][info][gc,heap     ] GC(327)      Used:      102M (10%)         118M (12%)         114M (11%)          96M (9%)          132M (13%)          96M (9%)     
[44.341s][info][gc,heap     ] GC(327)      Live:         -                47M (5%)           47M (5%)           47M (5%)             -                  -          
[44.341s][info][gc,heap     ] GC(327) Allocated:         -                16M (2%)           16M (2%)           16M (2%)             -                  -          
[44.341s][info][gc,heap     ] GC(327)   Garbage:         -                54M (5%)           50M (5%)           32M (3%)             -                  -          
[44.341s][info][gc,heap     ] GC(327) Reclaimed:         -                  -                 4M (0%)           22M (2%)             -                  -          
[44.341s][info][gc          ] GC(327) Garbage Collection (System.gc()) 102M(10%)->96M(9%)
[44.496s][info][gc,start    ] GC(328) Garbage Collection (Allocation Rate)
[44.496s][info][gc,task     ] GC(328) Using 7 workers
[44.496s][info][gc,phases   ] GC(328) Pause Mark Start 0.009ms
[44.532s][info][gc,phases   ] GC(328) Concurrent Mark 35.980ms
[44.533s][info][gc,phases   ] GC(328) Pause Mark End 0.027ms
[44.536s][info][gc,phases   ] GC(328) Concurrent Mark Free 0.002ms
[44.540s][info][gc,phases   ] GC(328) Concurrent Process Non-Strong References 3.971ms
[44.540s][info][gc,phases   ] GC(328) Concurrent Reset Relocation Set 0.007ms
[44.547s][info][gc,phases   ] GC(328) Concurrent Select Relocation Set 6.971ms
[44.547s][info][gc,phases   ] GC(328) Pause Relocate Start 0.009ms
[44.554s][info][gc,phases   ] GC(328) Concurrent Relocate 6.436ms
[44.554s][info][gc,load     ] GC(328) Load: 0.00/0.00/0.00
[44.554s][info][gc,mmu      ] GC(328) MMU: 2ms/95.9%, 5ms/98.4%, 10ms/99.2%, 20ms/99.6%, 50ms/99.8%, 100ms/99.9%
[44.554s][info][gc,marking  ] GC(328) Mark: 4 stripe(s), 3 proactive flush(es), 1 terminate flush(es), 0 completion(s), 0 continuation(s) 
[44.554s][info][gc,marking  ] GC(328) Mark Stack Usage: 32M
[44.554s][info][gc,nmethod  ] GC(328) NMethods: 4557 registered, 514 unregistered
[44.554s][info][gc,metaspace] GC(328) Metaspace: 72M used, 72M committed, 1088M reserved
[44.554s][info][gc,ref      ] GC(328) Soft: 2442 encountered, 0 discovered, 0 enqueued
[44.554s][info][gc,ref      ] GC(328) Weak: 10987 encountered, 2457 discovered, 2 enqueued
[44.554s][info][gc,ref      ] GC(328) Final: 289 encountered, 37 discovered, 0 enqueued
[44.554s][info][gc,ref      ] GC(328) Phantom: 426 encountered, 301 discovered, 2 enqueued
[44.554s][info][gc,reloc    ] GC(328) Small Pages: 363 / 726M, Empty: 240M, Relocated: 8M, In-Place: 0
[44.554s][info][gc,reloc    ] GC(328) Medium Pages: 0 / 0M, Empty: 0M, Relocated: 0M, In-Place: 0
[44.554s][info][gc,reloc    ] GC(328) Large Pages: 0 / 0M, Empty: 0M, Relocated: 0M, In-Place: 0
[44.554s][info][gc,reloc    ] GC(328) Forwarding Usage: 3M
[44.554s][info][gc,heap     ] GC(328) Min Capacity: 8M(1%)
[44.554s][info][gc,heap     ] GC(328) Max Capacity: 1024M(100%)
[44.554s][info][gc,heap     ] GC(328) Soft Max Capacity: 1024M(100%)
[44.554s][info][gc,heap     ] GC(328)                Mark Start          Mark End        Relocate Start      Relocate End           High               Low         
[44.554s][info][gc,heap     ] GC(328)  Capacity:     1024M (100%)       1024M (100%)       1024M (100%)       1024M (100%)       1024M (100%)       1024M (100%)   
[44.554s][info][gc,heap     ] GC(328)      Free:      298M (29%)         122M (12%)         294M (29%)         692M (68%)         698M (68%)          86M (8%)     
[44.554s][info][gc,heap     ] GC(328)      Used:      726M (71%)         902M (88%)         730M (71%)         332M (32%)         938M (92%)         326M (32%)    
[44.554s][info][gc,heap     ] GC(328)      Live:         -                52M (5%)           52M (5%)           52M (5%)             -                  -          
[44.554s][info][gc,heap     ] GC(328) Allocated:         -               176M (17%)         244M (24%)         260M (25%)            -                  -          
[44.554s][info][gc,heap     ] GC(328)   Garbage:         -               673M (66%)         433M (42%)          19M (2%)             -                  -          
[44.554s][info][gc,heap     ] GC(328) Reclaimed:         -                  -               240M (23%)         654M (64%)            -                  -          
[44.554s][info][gc          ] GC(328) Garbage Collection (Allocation Rate) 726M(71%)->332M(32%)
[44.597s][info][gc,start    ] GC(329) Garbage Collection (Allocation Rate)
[44.597s][info][gc,task     ] GC(329) Using 7 workers
[44.597s][info][gc,phases   ] GC(329) Pause Mark Start 0.010ms
[44.626s][info][gc,phases   ] GC(329) Concurrent Mark 28.391ms
[44.626s][info][gc,phases   ] GC(329) Pause Mark End 0.025ms
[44.628s][info][gc,phases   ] GC(329) Concurrent Mark Free 0.001ms
[44.631s][info][gc,phases   ] GC(329) Concurrent Process Non-Strong References 3.051ms
[44.631s][info][gc,phases   ] GC(329) Concurrent Reset Relocation Set 0.053ms
[44.636s][info][gc,phases   ] GC(329) Concurrent Select Relocation Set 4.979ms
[44.636s][info][gc,phases   ] GC(329) Pause Relocate Start 0.007ms
[44.643s][info][gc,phases   ] GC(329) Concurrent Relocate 5.502ms
[44.643s][info][gc,load     ] GC(329) Load: 0.00/0.00/0.00
[44.643s][info][gc,mmu      ] GC(329) MMU: 2ms/95.9%, 5ms/98.4%, 10ms/99.2%, 20ms/99.6%, 50ms/99.8%, 100ms/99.9%
[44.643s][info][gc,marking  ] GC(329) Mark: 4 stripe(s), 3 proactive flush(es), 1 terminate flush(es), 0 completion(s), 0 continuation(s) 
[44.643s][info][gc,marking  ] GC(329) Mark Stack Usage: 32M
[44.643s][info][gc,nmethod  ] GC(329) NMethods: 4557 registered, 514 unregistered
[44.643s][info][gc,metaspace] GC(329) Metaspace: 72M used, 72M committed, 1088M reserved
[44.643s][info][gc,ref      ] GC(329) Soft: 2442 encountered, 0 discovered, 0 enqueued
[44.643s][info][gc,ref      ] GC(329) Weak: 10985 encountered, 1425 discovered, 0 enqueued
[44.643s][info][gc,ref      ] GC(329) Final: 289 encountered, 45 discovered, 0 enqueued
[44.643s][info][gc,ref      ] GC(329) Phantom: 424 encountered, 287 discovered, 0 enqueued
[44.643s][info][gc,reloc    ] GC(329) Small Pages: 276 / 552M, Empty: 248M, Relocated: 6M, In-Place: 0
[44.643s][info][gc,reloc    ] GC(329) Medium Pages: 0 / 0M, Empty: 0M, Relocated: 0M, In-Place: 0
[44.643s][info][gc,reloc    ] GC(329) Large Pages: 0 / 0M, Empty: 0M, Relocated: 0M, In-Place: 0
[44.643s][info][gc,reloc    ] GC(329) Forwarding Usage: 3M
[44.643s][info][gc,heap     ] GC(329) Min Capacity: 8M(1%)
[44.643s][info][gc,heap     ] GC(329) Max Capacity: 1024M(100%)
[44.643s][info][gc,heap     ] GC(329) Soft Max Capacity: 1024M(100%)
[44.643s][info][gc,heap     ] GC(329)                Mark Start          Mark End        Relocate Start      Relocate End           High               Low         
[44.643s][info][gc,heap     ] GC(329)  Capacity:     1024M (100%)       1024M (100%)       1024M (100%)       1024M (100%)       1024M (100%)       1024M (100%)   
[44.643s][info][gc,heap     ] GC(329)      Free:      472M (46%)         332M (32%)         536M (52%)         750M (73%)         754M (74%)         310M (30%)    
[44.643s][info][gc,heap     ] GC(329)      Used:      552M (54%)         692M (68%)         488M (48%)         274M (27%)         714M (70%)         270M (26%)    
[44.644s][info][gc,heap     ] GC(329)      Live:         -                51M (5%)           51M (5%)           51M (5%)             -                  -          
[44.644s][info][gc,heap     ] GC(329) Allocated:         -               140M (14%)         184M (18%)         200M (20%)            -                  -          
[44.644s][info][gc,heap     ] GC(329)   Garbage:         -               500M (49%)         252M (25%)          21M (2%)             -                  -          
[44.644s][info][gc,heap     ] GC(329) Reclaimed:         -                  -               248M (24%)         478M (47%)            -                  -          
[44.644s][info][gc          ] GC(329) Garbage Collection (Allocation Rate) 552M(54%)->274M(27%)
[44.696s][info][gc,start    ] GC(330) Garbage Collection (Allocation Rate)
[44.696s][info][gc,task     ] GC(330) Using 7 workers
[44.696s][info][gc,phases   ] GC(330) Pause Mark Start 0.010ms
[44.726s][info][gc,phases   ] GC(330) Concurrent Mark 29.645ms
[44.726s][info][gc,phases   ] GC(330) Pause Mark End 0.021ms
[44.728s][info][gc,phases   ] GC(330) Concurrent Mark Free 0.002ms
[44.731s][info][gc,phases   ] GC(330) Concurrent Process Non-Strong References 2.935ms
[44.731s][info][gc,phases   ] GC(330) Concurrent Reset Relocation Set 0.033ms
[44.741s][info][gc,phases   ] GC(330) Concurrent Select Relocation Set 9.577ms
[44.765s][info][gc,phases   ] GC(330) Pause Relocate Start 0.013ms
[44.773s][info][gc,phases   ] GC(330) Concurrent Relocate 7.338ms
[44.773s][info][gc,load     ] GC(330) Load: 0.00/0.00/0.00
[44.773s][info][gc,mmu      ] GC(330) MMU: 2ms/95.9%, 5ms/98.4%, 10ms/99.2%, 20ms/99.6%, 50ms/99.8%, 100ms/99.9%
[44.773s][info][gc,marking  ] GC(330) Mark: 4 stripe(s), 2 proactive flush(es), 1 terminate flush(es), 0 completion(s), 0 continuation(s) 
[44.773s][info][gc,marking  ] GC(330) Mark Stack Usage: 32M
[44.773s][info][gc,nmethod  ] GC(330) NMethods: 4557 registered, 514 unregistered
[44.773s][info][gc,metaspace] GC(330) Metaspace: 72M used, 72M committed, 1088M reserved
[44.773s][info][gc,ref      ] GC(330) Soft: 2442 encountered, 0 discovered, 0 enqueued
[44.773s][info][gc,ref      ] GC(330) Weak: 10985 encountered, 1786 discovered, 0 enqueued
[44.773s][info][gc,ref      ] GC(330) Final: 289 encountered, 45 discovered, 0 enqueued
[44.773s][info][gc,ref      ] GC(330) Phantom: 424 encountered, 343 discovered, 0 enqueued
[44.773s][info][gc,reloc    ] GC(330) Small Pages: 269 / 538M, Empty: 260M, Relocated: 6M, In-Place: 0
[44.773s][info][gc,reloc    ] GC(330) Medium Pages: 0 / 0M, Empty: 0M, Relocated: 0M, In-Place: 0
[44.773s][info][gc,reloc    ] GC(330) Large Pages: 0 / 0M, Empty: 0M, Relocated: 0M, In-Place: 0
[44.773s][info][gc,reloc    ] GC(330) Forwarding Usage: 3M
[44.773s][info][gc,heap     ] GC(330) Min Capacity: 8M(1%)
[44.773s][info][gc,heap     ] GC(330) Max Capacity: 1024M(100%)
[44.773s][info][gc,heap     ] GC(330) Soft Max Capacity: 1024M(100%)
[44.773s][info][gc,heap     ] GC(330)                Mark Start          Mark End        Relocate Start      Relocate End           High               Low         
[44.773s][info][gc,heap     ] GC(330)  Capacity:     1024M (100%)       1024M (100%)       1024M (100%)       1024M (100%)       1024M (100%)       1024M (100%)   
[44.774s][info][gc,heap     ] GC(330)      Free:      486M (47%)         342M (33%)         414M (40%)         598M (58%)         608M (59%)         320M (31%)    
[44.774s][info][gc,heap     ] GC(330)      Used:      538M (53%)         682M (67%)         610M (60%)         426M (42%)         704M (69%)         416M (41%)    
[44.774s][info][gc,heap     ] GC(330)      Live:         -                51M (5%)           51M (5%)           51M (5%)             -                  -          
[44.774s][info][gc,heap     ] GC(330) Allocated:         -               144M (14%)         332M (32%)         353M (34%)            -                  -          
[44.774s][info][gc,heap     ] GC(330)   Garbage:         -               486M (47%)         226M (22%)          21M (2%)             -                  -          
[44.774s][info][gc,heap     ] GC(330) Reclaimed:         -                  -               260M (25%)         465M (45%)            -                  -          
[44.774s][info][gc          ] GC(330) Garbage Collection (Allocation Rate) 538M(53%)->426M(42%)
[44.796s][info][gc,start    ] GC(331) Garbage Collection (Allocation Rate)
[44.796s][info][gc,task     ] GC(331) Using 10 workers
[44.797s][info][gc,phases   ] GC(331) Pause Mark Start 0.010ms
[44.822s][info][gc,phases   ] GC(331) Concurrent Mark 25.032ms
[44.822s][info][gc,phases   ] GC(331) Pause Mark End 0.025ms
[44.822s][info][gc,phases   ] GC(331) Concurrent Mark Free 0.001ms
[44.825s][info][gc,phases   ] GC(331) Concurrent Process Non-Strong References 2.830ms
[44.825s][info][gc,phases   ] GC(331) Concurrent Reset Relocation Set 0.036ms
[44.832s][info][gc,phases   ] GC(331) Concurrent Select Relocation Set 6.455ms
[44.832s][info][gc,phases   ] GC(331) Pause Relocate Start 0.008ms
[44.839s][info][gc,phases   ] GC(331) Concurrent Relocate 5.728ms
[44.839s][info][gc,load     ] GC(331) Load: 0.00/0.00/0.00
[44.839s][info][gc,mmu      ] GC(331) MMU: 2ms/95.9%, 5ms/98.4%, 10ms/99.2%, 20ms/99.6%, 50ms/99.8%, 100ms/99.9%
[44.839s][info][gc,marking  ] GC(331) Mark: 8 stripe(s), 3 proactive flush(es), 1 terminate flush(es), 0 completion(s), 0 continuation(s) 
[44.839s][info][gc,marking  ] GC(331) Mark Stack Usage: 32M
[44.839s][info][gc,nmethod  ] GC(331) NMethods: 4557 registered, 514 unregistered
[44.839s][info][gc,metaspace] GC(331) Metaspace: 72M used, 72M committed, 1088M reserved
[44.839s][info][gc,ref      ] GC(331) Soft: 2442 encountered, 0 discovered, 0 enqueued
[44.839s][info][gc,ref      ] GC(331) Weak: 10985 encountered, 1975 discovered, 0 enqueued
[44.839s][info][gc,ref      ] GC(331) Final: 289 encountered, 13 discovered, 0 enqueued
[44.839s][info][gc,ref      ] GC(331) Phantom: 424 encountered, 315 discovered, 0 enqueued
[44.839s][info][gc,reloc    ] GC(331) Small Pages: 272 / 544M, Empty: 176M, Relocated: 6M, In-Place: 0
[44.839s][info][gc,reloc    ] GC(331) Medium Pages: 0 / 0M, Empty: 0M, Relocated: 0M, In-Place: 0
[44.839s][info][gc,reloc    ] GC(331) Large Pages: 0 / 0M, Empty: 0M, Relocated: 0M, In-Place: 0
[44.839s][info][gc,reloc    ] GC(331) Forwarding Usage: 3M
[44.839s][info][gc,heap     ] GC(331) Min Capacity: 8M(1%)
[44.839s][info][gc,heap     ] GC(331) Max Capacity: 1024M(100%)
[44.839s][info][gc,heap     ] GC(331) Soft Max Capacity: 1024M(100%)
[44.839s][info][gc,heap     ] GC(331)                Mark Start          Mark End        Relocate Start      Relocate End           High               Low         
[44.839s][info][gc,heap     ] GC(331)  Capacity:     1024M (100%)       1024M (100%)       1024M (100%)       1024M (100%)       1024M (100%)       1024M (100%)   
[44.839s][info][gc,heap     ] GC(331)      Free:      480M (47%)         358M (35%)         492M (48%)         764M (75%)         772M (75%)         346M (34%)    
[44.839s][info][gc,heap     ] GC(331)      Used:      544M (53%)         666M (65%)         532M (52%)         260M (25%)         678M (66%)         252M (25%)    
[44.839s][info][gc,heap     ] GC(331)      Live:         -                51M (5%)           51M (5%)           51M (5%)             -                  -          
[44.839s][info][gc,heap     ] GC(331) Allocated:         -               122M (12%)         164M (16%)         181M (18%)            -                  -          
[44.839s][info][gc,heap     ] GC(331)   Garbage:         -               492M (48%)         316M (31%)          26M (3%)             -                  -          
[44.839s][info][gc,heap     ] GC(331) Reclaimed:         -                  -               176M (17%)         465M (45%)            -                  -          
[44.839s][info][gc          ] GC(331) Garbage Collection (Allocation Rate) 544M(53%)->260M(25%)
[44.895s][info][gc,start    ] GC(332) Garbage Collection (Allocation Rate)
[44.895s][info][gc,task     ] GC(332) Using 10 workers
[44.896s][info][gc,phases   ] GC(332) Pause Mark Start 0.010ms
[44.923s][info][gc,phases   ] GC(332) Concurrent Mark 27.100ms
[44.923s][info][gc,phases   ] GC(332) Pause Mark End 0.028ms
[44.926s][info][gc,phases   ] GC(332) Concurrent Mark Free 0.001ms
[44.930s][info][gc,phases   ] GC(332) Concurrent Process Non-Strong References 4.664ms
[44.931s][info][gc,phases   ] GC(332) Concurrent Reset Relocation Set 0.040ms
[44.942s][info][gc,phases   ] GC(332) Concurrent Select Relocation Set 11.364ms
[44.942s][info][gc,phases   ] GC(332) Pause Relocate Start 0.009ms
[44.948s][info][gc,phases   ] GC(332) Concurrent Relocate 5.368ms
[44.948s][info][gc,load     ] GC(332) Load: 0.00/0.00/0.00
[44.948s][info][gc,mmu      ] GC(332) MMU: 2ms/95.9%, 5ms/98.4%, 10ms/99.2%, 20ms/99.6%, 50ms/99.8%, 100ms/99.9%
[44.948s][info][gc,marking  ] GC(332) Mark: 8 stripe(s), 3 proactive flush(es), 1 terminate flush(es), 0 completion(s), 0 continuation(s) 
[44.948s][info][gc,marking  ] GC(332) Mark Stack Usage: 32M
[44.948s][info][gc,nmethod  ] GC(332) NMethods: 4557 registered, 514 unregistered
[44.948s][info][gc,metaspace] GC(332) Metaspace: 72M used, 72M committed, 1088M reserved
[44.948s][info][gc,ref      ] GC(332) Soft: 2442 encountered, 0 discovered, 0 enqueued
[44.948s][info][gc,ref      ] GC(332) Weak: 10985 encountered, 1946 discovered, 0 enqueued
[44.948s][info][gc,ref      ] GC(332) Final: 289 encountered, 3 discovered, 0 enqueued
[44.948s][info][gc,ref      ] GC(332) Phantom: 424 encountered, 316 discovered, 0 enqueued
[44.948s][info][gc,reloc    ] GC(332) Small Pages: 273 / 546M, Empty: 230M, Relocated: 6M, In-Place: 0
[44.948s][info][gc,reloc    ] GC(332) Medium Pages: 0 / 0M, Empty: 0M, Relocated: 0M, In-Place: 0
[44.948s][info][gc,reloc    ] GC(332) Large Pages: 0 / 0M, Empty: 0M, Relocated: 0M, In-Place: 0
[44.948s][info][gc,reloc    ] GC(332) Forwarding Usage: 3M
[44.948s][info][gc,heap     ] GC(332) Min Capacity: 8M(1%)
[44.948s][info][gc,heap     ] GC(332) Max Capacity: 1024M(100%)
[44.948s][info][gc,heap     ] GC(332) Soft Max Capacity: 1024M(100%)
[44.948s][info][gc,heap     ] GC(332)                Mark Start          Mark End        Relocate Start      Relocate End           High               Low         
[44.948s][info][gc,heap     ] GC(332)  Capacity:     1024M (100%)       1024M (100%)       1024M (100%)       1024M (100%)       1024M (100%)       1024M (100%)   
[44.948s][info][gc,heap     ] GC(332)      Free:      478M (47%)         348M (34%)         492M (48%)         714M (70%)         720M (70%)         312M (30%)    
[44.948s][info][gc,heap     ] GC(332)      Used:      546M (53%)         676M (66%)         532M (52%)         310M (30%)         712M (70%)         304M (30%)    
[44.948s][info][gc,heap     ] GC(332)      Live:         -                51M (5%)           51M (5%)           51M (5%)             -                  -          
[44.948s][info][gc,heap     ] GC(332) Allocated:         -               130M (13%)         216M (21%)         231M (23%)            -                  -          
[44.948s][info][gc,heap     ] GC(332)   Garbage:         -               494M (48%)         264M (26%)          26M (3%)             -                  -          
[44.948s][info][gc,heap     ] GC(332) Reclaimed:         -                  -               230M (22%)         467M (46%)            -                  -          
[44.948s][info][gc          ] GC(332) Garbage Collection (Allocation Rate) 546M(53%)->310M(30%)
[44.996s][info][gc,start    ] GC(333) Garbage Collection (Allocation Rate)
[44.996s][info][gc,task     ] GC(333) Using 10 workers
[44.996s][info][gc,phases   ] GC(333) Pause Mark Start 0.011ms
[45.021s][info][gc,phases   ] GC(333) Concurrent Mark 24.608ms
[45.022s][info][gc,phases   ] GC(333) Pause Mark End 0.032ms
[45.023s][info][gc,phases   ] GC(333) Concurrent Mark Free 0.001ms
[45.025s][info][gc,phases   ] GC(333) Concurrent Process Non-Strong References 2.563ms
[45.025s][info][gc,phases   ] GC(333) Concurrent Reset Relocation Set 0.049ms
[45.032s][info][gc,phases   ] GC(333) Concurrent Select Relocation Set 6.314ms
[45.032s][info][gc,phases   ] GC(333) Pause Relocate Start 0.010ms
[45.040s][info][gc,phases   ] GC(333) Concurrent Relocate 7.700ms
[45.040s][info][gc,load     ] GC(333) Load: 0.00/0.00/0.00
[45.040s][info][gc,mmu      ] GC(333) MMU: 2ms/95.9%, 5ms/98.4%, 10ms/99.2%, 20ms/99.6%, 50ms/99.8%, 100ms/99.9%
[45.040s][info][gc,marking  ] GC(333) Mark: 8 stripe(s), 3 proactive flush(es), 1 terminate flush(es), 0 completion(s), 0 continuation(s) 
[45.040s][info][gc,marking  ] GC(333) Mark Stack Usage: 32M
[45.040s][info][gc,nmethod  ] GC(333) NMethods: 4557 registered, 514 unregistered
[45.040s][info][gc,metaspace] GC(333) Metaspace: 72M used, 72M committed, 1088M reserved
[45.040s][info][gc,ref      ] GC(333) Soft: 2442 encountered, 0 discovered, 0 enqueued
[45.040s][info][gc,ref      ] GC(333) Weak: 10985 encountered, 1887 discovered, 0 enqueued
[45.040s][info][gc,ref      ] GC(333) Final: 289 encountered, 3 discovered, 0 enqueued
[45.040s][info][gc,ref      ] GC(333) Phantom: 424 encountered, 289 discovered, 0 enqueued
[45.040s][info][gc,reloc    ] GC(333) Small Pages: 276 / 552M, Empty: 264M, Relocated: 6M, In-Place: 0
[45.040s][info][gc,reloc    ] GC(333) Medium Pages: 0 / 0M, Empty: 0M, Relocated: 0M, In-Place: 0
[45.040s][info][gc,reloc    ] GC(333) Large Pages: 0 / 0M, Empty: 0M, Relocated: 0M, In-Place: 0
[45.040s][info][gc,reloc    ] GC(333) Forwarding Usage: 3M
[45.040s][info][gc,heap     ] GC(333) Min Capacity: 8M(1%)
[45.040s][info][gc,heap     ] GC(333) Max Capacity: 1024M(100%)
[45.040s][info][gc,heap     ] GC(333) Soft Max Capacity: 1024M(100%)
[45.040s][info][gc,heap     ] GC(333)                Mark Start          Mark End        Relocate Start      Relocate End           High               Low         
[45.040s][info][gc,heap     ] GC(333)  Capacity:     1024M (100%)       1024M (100%)       1024M (100%)       1024M (100%)       1024M (100%)       1024M (100%)   
[45.041s][info][gc,heap     ] GC(333)      Free:      472M (46%)         354M (35%)         574M (56%)         756M (74%)         772M (75%)         336M (33%)    
[45.041s][info][gc,heap     ] GC(333)      Used:      552M (54%)         670M (65%)         450M (44%)         268M (26%)         688M (67%)         252M (25%)    
[45.041s][info][gc,heap     ] GC(333)      Live:         -                51M (5%)           51M (5%)           51M (5%)             -                  -          
[45.041s][info][gc,heap     ] GC(333) Allocated:         -               118M (12%)         162M (16%)         189M (18%)            -                  -          
[45.041s][info][gc,heap     ] GC(333)   Garbage:         -               500M (49%)         236M (23%)          26M (3%)             -                  -          
[45.041s][info][gc,heap     ] GC(333) Reclaimed:         -                  -               264M (26%)         473M (46%)            -                  -          
[45.041s][info][gc          ] GC(333) Garbage Collection (Allocation Rate) 552M(54%)->268M(26%)
[45.096s][info][gc,start    ] GC(334) Garbage Collection (Allocation Rate)
[45.096s][info][gc,task     ] GC(334) Using 10 workers
[45.096s][info][gc,phases   ] GC(334) Pause Mark Start 0.010ms
[45.121s][info][gc,phases   ] GC(334) Concurrent Mark 24.373ms
[45.121s][info][gc,phases   ] GC(334) Pause Mark End 0.025ms
[45.122s][info][gc,phases   ] GC(334) Concurrent Mark Free 0.001ms
[45.124s][info][gc,phases   ] GC(334) Concurrent Process Non-Strong References 2.278ms
[45.124s][info][gc,phases   ] GC(334) Concurrent Reset Relocation Set 0.033ms
[45.136s][info][gc,phases   ] GC(334) Concurrent Select Relocation Set 11.401ms
[45.136s][info][gc,phases   ] GC(334) Pause Relocate Start 0.010ms
[45.141s][info][gc,phases   ] GC(334) Concurrent Relocate 5.137ms
[45.142s][info][gc,load     ] GC(334) Load: 0.00/0.00/0.00
[45.142s][info][gc,mmu      ] GC(334) MMU: 2ms/95.9%, 5ms/98.4%, 10ms/99.2%, 20ms/99.6%, 50ms/99.8%, 100ms/99.9%
[45.142s][info][gc,marking  ] GC(334) Mark: 8 stripe(s), 4 proactive flush(es), 2 terminate flush(es), 0 completion(s), 0 continuation(s) 
[45.142s][info][gc,marking  ] GC(334) Mark Stack Usage: 32M
[45.142s][info][gc,nmethod  ] GC(334) NMethods: 4557 registered, 514 unregistered
[45.142s][info][gc,metaspace] GC(334) Metaspace: 72M used, 72M committed, 1088M reserved
[45.142s][info][gc,ref      ] GC(334) Soft: 2442 encountered, 0 discovered, 0 enqueued
[45.142s][info][gc,ref      ] GC(334) Weak: 10985 encountered, 1834 discovered, 0 enqueued
[45.142s][info][gc,ref      ] GC(334) Final: 289 encountered, 31 discovered, 0 enqueued
[45.142s][info][gc,ref      ] GC(334) Phantom: 424 encountered, 282 discovered, 0 enqueued
[45.142s][info][gc,reloc    ] GC(334) Small Pages: 275 / 550M, Empty: 264M, Relocated: 6M, In-Place: 0
[45.142s][info][gc,reloc    ] GC(334) Medium Pages: 0 / 0M, Empty: 0M, Relocated: 0M, In-Place: 0
[45.142s][info][gc,reloc    ] GC(334) Large Pages: 0 / 0M, Empty: 0M, Relocated: 0M, In-Place: 0
[45.142s][info][gc,reloc    ] GC(334) Forwarding Usage: 3M
[45.142s][info][gc,heap     ] GC(334) Min Capacity: 8M(1%)
[45.142s][info][gc,heap     ] GC(334) Max Capacity: 1024M(100%)
[45.142s][info][gc,heap     ] GC(334) Soft Max Capacity: 1024M(100%)
[45.142s][info][gc,heap     ] GC(334)                Mark Start          Mark End        Relocate Start      Relocate End           High               Low         
[45.142s][info][gc,heap     ] GC(334)  Capacity:     1024M (100%)       1024M (100%)       1024M (100%)       1024M (100%)       1024M (100%)       1024M (100%)   
[45.142s][info][gc,heap     ] GC(334)      Free:      474M (46%)         356M (35%)         556M (54%)         750M (73%)         756M (74%)         346M (34%)    
[45.142s][info][gc,heap     ] GC(334)      Used:      550M (54%)         668M (65%)         468M (46%)         274M (27%)         678M (66%)         268M (26%)    
[45.142s][info][gc,heap     ] GC(334)      Live:         -                51M (5%)           51M (5%)           51M (5%)             -                  -          
[45.142s][info][gc,heap     ] GC(334) Allocated:         -               118M (12%)         182M (18%)         195M (19%)            -                  -          
[45.142s][info][gc,heap     ] GC(334)   Garbage:         -               498M (49%)         234M (23%)          26M (3%)             -                  -          
[45.142s][info][gc,heap     ] GC(334) Reclaimed:         -                  -               264M (26%)         471M (46%)            -                  -          
[45.142s][info][gc          ] GC(334) Garbage Collection (Allocation Rate) 550M(54%)->274M(27%)
[45.197s][info][gc,start    ] GC(335) Garbage Collection (Allocation Rate)
[45.197s][info][gc,task     ] GC(335) Using 10 workers
[45.198s][info][gc,phases   ] GC(335) Pause Mark Start 0.010ms
[45.224s][info][gc,phases   ] GC(335) Concurrent Mark 26.426ms
[45.225s][info][gc,phases   ] GC(335) Pause Mark End 0.032ms
[45.226s][info][gc,phases   ] GC(335) Concurrent Mark Free 0.002ms
[45.228s][info][gc,phases   ] GC(335) Concurrent Process Non-Strong References 2.270ms
[45.228s][info][gc,phases   ] GC(335) Concurrent Reset Relocation Set 0.036ms
[45.238s][info][gc,phases   ] GC(335) Concurrent Select Relocation Set 9.996ms
[45.239s][info][gc,phases   ] GC(335) Pause Relocate Start 0.009ms
[45.246s][info][gc,phases   ] GC(335) Concurrent Relocate 6.609ms
[45.247s][info][gc,load     ] GC(335) Load: 0.00/0.00/0.00
[45.247s][info][gc,mmu      ] GC(335) MMU: 2ms/95.9%, 5ms/98.4%, 10ms/99.2%, 20ms/99.6%, 50ms/99.8%, 100ms/99.9%
[45.247s][info][gc,marking  ] GC(335) Mark: 8 stripe(s), 3 proactive flush(es), 1 terminate flush(es), 0 completion(s), 0 continuation(s) 
[45.247s][info][gc,marking  ] GC(335) Mark Stack Usage: 32M
[45.247s][info][gc,nmethod  ] GC(335) NMethods: 4557 registered, 514 unregistered
[45.247s][info][gc,metaspace] GC(335) Metaspace: 72M used, 72M committed, 1088M reserved
[45.247s][info][gc,ref      ] GC(335) Soft: 2442 encountered, 0 discovered, 0 enqueued
[45.247s][info][gc,ref      ] GC(335) Weak: 10985 encountered, 1899 discovered, 0 enqueued
[45.247s][info][gc,ref      ] GC(335) Final: 289 encountered, 38 discovered, 0 enqueued
[45.247s][info][gc,ref      ] GC(335) Phantom: 424 encountered, 351 discovered, 0 enqueued
[45.247s][info][gc,reloc    ] GC(335) Small Pages: 277 / 554M, Empty: 250M, Relocated: 6M, In-Place: 0
[45.247s][info][gc,reloc    ] GC(335) Medium Pages: 0 / 0M, Empty: 0M, Relocated: 0M, In-Place: 0
[45.247s][info][gc,reloc    ] GC(335) Large Pages: 0 / 0M, Empty: 0M, Relocated: 0M, In-Place: 0
[45.247s][info][gc,reloc    ] GC(335) Forwarding Usage: 3M
[45.247s][info][gc,heap     ] GC(335) Min Capacity: 8M(1%)
[45.247s][info][gc,heap     ] GC(335) Max Capacity: 1024M(100%)
[45.247s][info][gc,heap     ] GC(335) Soft Max Capacity: 1024M(100%)
[45.247s][info][gc,heap     ] GC(335)                Mark Start          Mark End        Relocate Start      Relocate End           High               Low         
[45.247s][info][gc,heap     ] GC(335)  Capacity:     1024M (100%)       1024M (100%)       1024M (100%)       1024M (100%)       1024M (100%)       1024M (100%)   
[45.247s][info][gc,heap     ] GC(335)      Free:      470M (46%)         342M (33%)         530M (52%)         730M (71%)         748M (73%)         322M (31%)    
[45.247s][info][gc,heap     ] GC(335)      Used:      554M (54%)         682M (67%)         494M (48%)         294M (29%)         702M (69%)         276M (27%)    
[45.247s][info][gc,heap     ] GC(335)      Live:         -                51M (5%)           51M (5%)           51M (5%)             -                  -          
[45.247s][info][gc,heap     ] GC(335) Allocated:         -               128M (13%)         190M (19%)         215M (21%)            -                  -          
[45.247s][info][gc,heap     ] GC(335)   Garbage:         -               502M (49%)         252M (25%)          26M (3%)             -                  -          
[45.247s][info][gc,heap     ] GC(335) Reclaimed:         -                  -               250M (24%)         475M (46%)            -                  -          
[45.247s][info][gc          ] GC(335) Garbage Collection (Allocation Rate) 554M(54%)->294M(29%)
[45.296s][info][gc,start    ] GC(336) Garbage Collection (Allocation Rate)
[45.296s][info][gc,task     ] GC(336) Using 10 workers
[45.296s][info][gc,phases   ] GC(336) Pause Mark Start 0.010ms
[45.320s][info][gc,phases   ] GC(336) Concurrent Mark 24.046ms
[45.320s][info][gc,phases   ] GC(336) Pause Mark End 0.032ms
[45.321s][info][gc,phases   ] GC(336) Concurrent Mark Free 0.001ms
[45.324s][info][gc,phases   ] GC(336) Concurrent Process Non-Strong References 2.398ms
[45.324s][info][gc,phases   ] GC(336) Concurrent Reset Relocation Set 0.036ms
[45.334s][info][gc,phases   ] GC(336) Concurrent Select Relocation Set 9.625ms
[45.334s][info][gc,phases   ] GC(336) Pause Relocate Start 0.009ms
[45.342s][info][gc,phases   ] GC(336) Concurrent Relocate 7.634ms
[45.342s][info][gc,load     ] GC(336) Load: 0.00/0.00/0.00
[45.342s][info][gc,mmu      ] GC(336) MMU: 2ms/95.9%, 5ms/98.4%, 10ms/99.2%, 20ms/99.6%, 50ms/99.8%, 100ms/99.9%
[45.342s][info][gc,marking  ] GC(336) Mark: 8 stripe(s), 3 proactive flush(es), 1 terminate flush(es), 0 completion(s), 0 continuation(s) 
[45.342s][info][gc,marking  ] GC(336) Mark Stack Usage: 32M
[45.342s][info][gc,nmethod  ] GC(336) NMethods: 4557 registered, 514 unregistered
[45.343s][info][gc,metaspace] GC(336) Metaspace: 72M used, 72M committed, 1088M reserved
[45.343s][info][gc,ref      ] GC(336) Soft: 2442 encountered, 0 discovered, 0 enqueued
[45.343s][info][gc,ref      ] GC(336) Weak: 10985 encountered, 1687 discovered, 0 enqueued
[45.343s][info][gc,ref      ] GC(336) Final: 289 encountered, 10 discovered, 0 enqueued
[45.343s][info][gc,ref      ] GC(336) Phantom: 424 encountered, 319 discovered, 0 enqueued
[45.343s][info][gc,reloc    ] GC(336) Small Pages: 268 / 536M, Empty: 216M, Relocated: 6M, In-Place: 0
[45.343s][info][gc,reloc    ] GC(336) Medium Pages: 0 / 0M, Empty: 0M, Relocated: 0M, In-Place: 0
[45.343s][info][gc,reloc    ] GC(336) Large Pages: 0 / 0M, Empty: 0M, Relocated: 0M, In-Place: 0
[45.343s][info][gc,reloc    ] GC(336) Forwarding Usage: 3M
[45.343s][info][gc,heap     ] GC(336) Min Capacity: 8M(1%)
[45.343s][info][gc,heap     ] GC(336) Max Capacity: 1024M(100%)
[45.343s][info][gc,heap     ] GC(336) Soft Max Capacity: 1024M(100%)
[45.343s][info][gc,heap     ] GC(336)                Mark Start          Mark End        Relocate Start      Relocate End           High               Low         
[45.343s][info][gc,heap     ] GC(336)  Capacity:     1024M (100%)       1024M (100%)       1024M (100%)       1024M (100%)       1024M (100%)       1024M (100%)   
[45.343s][info][gc,heap     ] GC(336)      Free:      488M (48%)         370M (36%)         528M (52%)         744M (73%)         762M (74%)         358M (35%)    
[45.343s][info][gc,heap     ] GC(336)      Used:      536M (52%)         654M (64%)         496M (48%)         280M (27%)         666M (65%)         262M (26%)    
[45.343s][info][gc,heap     ] GC(336)      Live:         -                51M (5%)           51M (5%)           51M (5%)             -                  -          
[45.343s][info][gc,heap     ] GC(336) Allocated:         -               118M (12%)         176M (17%)         201M (20%)            -                  -          
[45.343s][info][gc,heap     ] GC(336)   Garbage:         -               484M (47%)         268M (26%)          26M (3%)             -                  -          
[45.343s][info][gc,heap     ] GC(336) Reclaimed:         -                  -               216M (21%)         457M (45%)            -                  -          
[45.343s][info][gc          ] GC(336) Garbage Collection (Allocation Rate) 536M(52%)->280M(27%)
[45.396s][info][gc,start    ] GC(337) Garbage Collection (Allocation Rate)
[45.396s][info][gc,task     ] GC(337) Using 10 workers
[45.396s][info][gc,phases   ] GC(337) Pause Mark Start 0.010ms
[45.425s][info][gc,phases   ] GC(337) Concurrent Mark 28.401ms
[45.425s][info][gc,phases   ] GC(337) Pause Mark End 0.030ms
[45.425s][info][gc,phases   ] GC(337) Concurrent Mark Free 0.001ms
[45.428s][info][gc,phases   ] GC(337) Concurrent Process Non-Strong References 2.732ms
[45.428s][info][gc,phases   ] GC(337) Concurrent Reset Relocation Set 0.038ms
[45.433s][info][gc,phases   ] GC(337) Concurrent Select Relocation Set 4.904ms
[45.433s][info][gc,phases   ] GC(337) Pause Relocate Start 0.010ms
[45.438s][info][gc,phases   ] GC(337) Concurrent Relocate 4.647ms
[45.438s][info][gc,load     ] GC(337) Load: 0.00/0.00/0.00
[45.438s][info][gc,mmu      ] GC(337) MMU: 2ms/95.9%, 5ms/98.4%, 10ms/99.2%, 20ms/99.6%, 50ms/99.8%, 100ms/99.9%
[45.438s][info][gc,marking  ] GC(337) Mark: 8 stripe(s), 3 proactive flush(es), 1 terminate flush(es), 0 completion(s), 0 continuation(s) 
[45.438s][info][gc,marking  ] GC(337) Mark Stack Usage: 32M
[45.438s][info][gc,nmethod  ] GC(337) NMethods: 4557 registered, 514 unregistered
[45.438s][info][gc,metaspace] GC(337) Metaspace: 72M used, 72M committed, 1088M reserved
[45.438s][info][gc,ref      ] GC(337) Soft: 2442 encountered, 0 discovered, 0 enqueued
[45.438s][info][gc,ref      ] GC(337) Weak: 10985 encountered, 1705 discovered, 0 enqueued
[45.438s][info][gc,ref      ] GC(337) Final: 289 encountered, 19 discovered, 0 enqueued
[45.438s][info][gc,ref      ] GC(337) Phantom: 424 encountered, 357 discovered, 0 enqueued
[45.438s][info][gc,reloc    ] GC(337) Small Pages: 274 / 548M, Empty: 234M, Relocated: 6M, In-Place: 0
[45.438s][info][gc,reloc    ] GC(337) Medium Pages: 0 / 0M, Empty: 0M, Relocated: 0M, In-Place: 0
[45.438s][info][gc,reloc    ] GC(337) Large Pages: 0 / 0M, Empty: 0M, Relocated: 0M, In-Place: 0
[45.438s][info][gc,reloc    ] GC(337) Forwarding Usage: 3M
[45.438s][info][gc,heap     ] GC(337) Min Capacity: 8M(1%)
[45.439s][info][gc,heap     ] GC(337) Max Capacity: 1024M(100%)
[45.439s][info][gc,heap     ] GC(337) Soft Max Capacity: 1024M(100%)
[45.439s][info][gc,heap     ] GC(337)                Mark Start          Mark End        Relocate Start      Relocate End           High               Low         
[45.439s][info][gc,heap     ] GC(337)  Capacity:     1024M (100%)       1024M (100%)       1024M (100%)       1024M (100%)       1024M (100%)       1024M (100%)   
[45.439s][info][gc,heap     ] GC(337)      Free:      476M (46%)         338M (33%)         536M (52%)         758M (74%)         764M (75%)         320M (31%)    
[45.439s][info][gc,heap     ] GC(337)      Used:      548M (54%)         686M (67%)         488M (48%)         266M (26%)         704M (69%)         260M (25%)    
[45.439s][info][gc,heap     ] GC(337)      Live:         -                51M (5%)           51M (5%)           51M (5%)             -                  -          
[45.439s][info][gc,heap     ] GC(337) Allocated:         -               138M (13%)         174M (17%)         187M (18%)            -                  -          
[45.439s][info][gc,heap     ] GC(337)   Garbage:         -               496M (48%)         262M (26%)          26M (3%)             -                  -          
[45.439s][info][gc,heap     ] GC(337) Reclaimed:         -                  -               234M (23%)         469M (46%)            -                  -          
[45.439s][info][gc          ] GC(337) Garbage Collection (Allocation Rate) 548M(54%)->266M(26%)
[45.496s][info][gc,start    ] GC(338) Garbage Collection (Allocation Rate)
[45.496s][info][gc,task     ] GC(338) Using 10 workers
[45.497s][info][gc,phases   ] GC(338) Pause Mark Start 0.008ms
[45.524s][info][gc,phases   ] GC(338) Concurrent Mark 27.059ms
[45.524s][info][gc,phases   ] GC(338) Pause Mark End 0.025ms
[45.526s][info][gc,phases   ] GC(338) Concurrent Mark Free 0.002ms
[45.529s][info][gc,phases   ] GC(338) Concurrent Process Non-Strong References 2.334ms
[45.529s][info][gc,phases   ] GC(338) Concurrent Reset Relocation Set 0.036ms
[45.534s][info][gc,phases   ] GC(338) Concurrent Select Relocation Set 4.834ms
[45.534s][info][gc,phases   ] GC(338) Pause Relocate Start 0.009ms
[45.540s][info][gc,phases   ] GC(338) Concurrent Relocate 5.971ms
[45.540s][info][gc,load     ] GC(338) Load: 0.00/0.00/0.00
[45.540s][info][gc,mmu      ] GC(338) MMU: 2ms/95.9%, 5ms/98.4%, 10ms/99.2%, 20ms/99.6%, 50ms/99.8%, 100ms/99.9%
[45.540s][info][gc,marking  ] GC(338) Mark: 8 stripe(s), 3 proactive flush(es), 1 terminate flush(es), 0 completion(s), 0 continuation(s) 
[45.540s][info][gc,marking  ] GC(338) Mark Stack Usage: 32M
[45.540s][info][gc,nmethod  ] GC(338) NMethods: 4557 registered, 514 unregistered
[45.540s][info][gc,metaspace] GC(338) Metaspace: 72M used, 72M committed, 1088M reserved
[45.540s][info][gc,ref      ] GC(338) Soft: 2442 encountered, 0 discovered, 0 enqueued
[45.540s][info][gc,ref      ] GC(338) Weak: 10985 encountered, 2041 discovered, 0 enqueued
[45.540s][info][gc,ref      ] GC(338) Final: 289 encountered, 5 discovered, 0 enqueued
[45.540s][info][gc,ref      ] GC(338) Phantom: 424 encountered, 328 discovered, 0 enqueued
[45.540s][info][gc,reloc    ] GC(338) Small Pages: 277 / 554M, Empty: 232M, Relocated: 6M, In-Place: 0
[45.540s][info][gc,reloc    ] GC(338) Medium Pages: 0 / 0M, Empty: 0M, Relocated: 0M, In-Place: 0
[45.540s][info][gc,reloc    ] GC(338) Large Pages: 0 / 0M, Empty: 0M, Relocated: 0M, In-Place: 0
[45.540s][info][gc,reloc    ] GC(338) Forwarding Usage: 3M
[45.540s][info][gc,heap     ] GC(338) Min Capacity: 8M(1%)
[45.540s][info][gc,heap     ] GC(338) Max Capacity: 1024M(100%)
[45.540s][info][gc,heap     ] GC(338) Soft Max Capacity: 1024M(100%)
[45.540s][info][gc,heap     ] GC(338)                Mark Start          Mark End        Relocate Start      Relocate End           High               Low         
[45.541s][info][gc,heap     ] GC(338)  Capacity:     1024M (100%)       1024M (100%)       1024M (100%)       1024M (100%)       1024M (100%)       1024M (100%)   
[45.541s][info][gc,heap     ] GC(338)      Free:      470M (46%)         340M (33%)         528M (52%)         754M (74%)         766M (75%)         318M (31%)    
[45.541s][info][gc,heap     ] GC(338)      Used:      554M (54%)         684M (67%)         496M (48%)         270M (26%)         706M (69%)         258M (25%)    
[45.541s][info][gc,heap     ] GC(338)      Live:         -                51M (5%)           51M (5%)           51M (5%)             -                  -          
[45.541s][info][gc,heap     ] GC(338) Allocated:         -               130M (13%)         174M (17%)         191M (19%)            -                  -          
[45.541s][info][gc,heap     ] GC(338)   Garbage:         -               502M (49%)         270M (26%)          26M (3%)             -                  -          
[45.541s][info][gc,heap     ] GC(338) Reclaimed:         -                  -               232M (23%)         475M (46%)            -                  -          
[45.541s][info][gc          ] GC(338) Garbage Collection (Allocation Rate) 554M(54%)->270M(26%)
[45.596s][info][gc,start    ] GC(339) Garbage Collection (Allocation Rate)
[45.596s][info][gc,task     ] GC(339) Using 10 workers
[45.596s][info][gc,phases   ] GC(339) Pause Mark Start 0.011ms
[45.619s][info][gc,phases   ] GC(339) Concurrent Mark 22.469ms
[45.619s][info][gc,phases   ] GC(339) Pause Mark End 0.024ms
[45.620s][info][gc,phases   ] GC(339) Concurrent Mark Free 0.002ms
[45.622s][info][gc,phases   ] GC(339) Concurrent Process Non-Strong References 2.156ms
[45.622s][info][gc,phases   ] GC(339) Concurrent Reset Relocation Set 0.046ms
[45.633s][info][gc,phases   ] GC(339) Concurrent Select Relocation Set 10.245ms
[45.633s][info][gc,phases   ] GC(339) Pause Relocate Start 0.007ms
[45.639s][info][gc,phases   ] GC(339) Concurrent Relocate 5.843ms
[45.639s][info][gc,load     ] GC(339) Load: 0.00/0.00/0.00
[45.639s][info][gc,mmu      ] GC(339) MMU: 2ms/95.9%, 5ms/98.4%, 10ms/99.2%, 20ms/99.6%, 50ms/99.8%, 100ms/99.9%
[45.639s][info][gc,marking  ] GC(339) Mark: 8 stripe(s), 3 proactive flush(es), 1 terminate flush(es), 0 completion(s), 0 continuation(s) 
[45.640s][info][gc,marking  ] GC(339) Mark Stack Usage: 32M
[45.640s][info][gc,nmethod  ] GC(339) NMethods: 4557 registered, 514 unregistered
[45.640s][info][gc,metaspace] GC(339) Metaspace: 72M used, 72M committed, 1088M reserved
[45.640s][info][gc,ref      ] GC(339) Soft: 2442 encountered, 0 discovered, 0 enqueued
[45.640s][info][gc,ref      ] GC(339) Weak: 10985 encountered, 2302 discovered, 0 enqueued
[45.640s][info][gc,ref      ] GC(339) Final: 289 encountered, 10 discovered, 0 enqueued
[45.640s][info][gc,ref      ] GC(339) Phantom: 424 encountered, 299 discovered, 0 enqueued
[45.640s][info][gc,reloc    ] GC(339) Small Pages: 274 / 548M, Empty: 260M, Relocated: 6M, In-Place: 0
[45.640s][info][gc,reloc    ] GC(339) Medium Pages: 0 / 0M, Empty: 0M, Relocated: 0M, In-Place: 0
[45.640s][info][gc,reloc    ] GC(339) Large Pages: 0 / 0M, Empty: 0M, Relocated: 0M, In-Place: 0
[45.640s][info][gc,reloc    ] GC(339) Forwarding Usage: 2M
[45.640s][info][gc,heap     ] GC(339) Min Capacity: 8M(1%)
[45.640s][info][gc,heap     ] GC(339) Max Capacity: 1024M(100%)
[45.640s][info][gc,heap     ] GC(339) Soft Max Capacity: 1024M(100%)
[45.640s][info][gc,heap     ] GC(339)                Mark Start          Mark End        Relocate Start      Relocate End           High               Low         
[45.640s][info][gc,heap     ] GC(339)  Capacity:     1024M (100%)       1024M (100%)       1024M (100%)       1024M (100%)       1024M (100%)       1024M (100%)   
[45.640s][info][gc,heap     ] GC(339)      Free:      476M (46%)         366M (36%)         566M (55%)         758M (74%)         766M (75%)         352M (34%)    
[45.640s][info][gc,heap     ] GC(339)      Used:      548M (54%)         658M (64%)         458M (45%)         266M (26%)         672M (66%)         258M (25%)    
[45.640s][info][gc,heap     ] GC(339)      Live:         -                51M (5%)           51M (5%)           51M (5%)             -                  -          
[45.640s][info][gc,heap     ] GC(339) Allocated:         -               110M (11%)         170M (17%)         187M (18%)            -                  -          
[45.640s][info][gc,heap     ] GC(339)   Garbage:         -               496M (48%)         236M (23%)          26M (3%)             -                  -          
[45.640s][info][gc,heap     ] GC(339) Reclaimed:         -                  -               260M (25%)         469M (46%)            -                  -          
[45.640s][info][gc          ] GC(339) Garbage Collection (Allocation Rate) 548M(54%)->266M(26%)
[45.696s][info][gc,start    ] GC(340) Garbage Collection (Allocation Rate)
[45.696s][info][gc,task     ] GC(340) Using 10 workers
[45.697s][info][gc,phases   ] GC(340) Pause Mark Start 0.010ms
[45.725s][info][gc,phases   ] GC(340) Concurrent Mark 28.531ms
[45.726s][info][gc,phases   ] GC(340) Pause Mark End 0.023ms
[45.726s][info][gc,phases   ] GC(340) Concurrent Mark Free 0.001ms
[45.730s][info][gc,phases   ] GC(340) Concurrent Process Non-Strong References 4.205ms
[45.730s][info][gc,phases   ] GC(340) Concurrent Reset Relocation Set 0.033ms
[45.742s][info][gc,phases   ] GC(340) Concurrent Select Relocation Set 11.015ms
[45.742s][info][gc,phases   ] GC(340) Pause Relocate Start 0.008ms
[45.748s][info][gc,phases   ] GC(340) Concurrent Relocate 5.864ms
[45.748s][info][gc,load     ] GC(340) Load: 0.00/0.00/0.00
[45.748s][info][gc,mmu      ] GC(340) MMU: 2ms/95.9%, 5ms/98.4%, 10ms/99.2%, 20ms/99.6%, 50ms/99.8%, 100ms/99.9%
[45.748s][info][gc,marking  ] GC(340) Mark: 8 stripe(s), 6 proactive flush(es), 1 terminate flush(es), 0 completion(s), 0 continuation(s) 
[45.748s][info][gc,marking  ] GC(340) Mark Stack Usage: 32M
[45.748s][info][gc,nmethod  ] GC(340) NMethods: 4557 registered, 514 unregistered
[45.748s][info][gc,metaspace] GC(340) Metaspace: 72M used, 72M committed, 1088M reserved
[45.748s][info][gc,ref      ] GC(340) Soft: 2442 encountered, 0 discovered, 0 enqueued
[45.748s][info][gc,ref      ] GC(340) Weak: 10985 encountered, 2008 discovered, 0 enqueued
[45.748s][info][gc,ref      ] GC(340) Final: 289 encountered, 26 discovered, 0 enqueued
[45.748s][info][gc,ref      ] GC(340) Phantom: 424 encountered, 345 discovered, 0 enqueued
[45.748s][info][gc,reloc    ] GC(340) Small Pages: 277 / 554M, Empty: 254M, Relocated: 6M, In-Place: 0
[45.748s][info][gc,reloc    ] GC(340) Medium Pages: 0 / 0M, Empty: 0M, Relocated: 0M, In-Place: 0
[45.748s][info][gc,reloc    ] GC(340) Large Pages: 0 / 0M, Empty: 0M, Relocated: 0M, In-Place: 0
[45.749s][info][gc,reloc    ] GC(340) Forwarding Usage: 3M
[45.749s][info][gc,heap     ] GC(340) Min Capacity: 8M(1%)
[45.749s][info][gc,heap     ] GC(340) Max Capacity: 1024M(100%)
[45.749s][info][gc,heap     ] GC(340) Soft Max Capacity: 1024M(100%)
[45.749s][info][gc,heap     ] GC(340)                Mark Start          Mark End        Relocate Start      Relocate End           High               Low         
[45.749s][info][gc,heap     ] GC(340)  Capacity:     1024M (100%)       1024M (100%)       1024M (100%)       1024M (100%)       1024M (100%)       1024M (100%)   
[45.749s][info][gc,heap     ] GC(340)      Free:      470M (46%)         334M (33%)         518M (51%)         718M (70%)         728M (71%)         312M (30%)    
[45.749s][info][gc,heap     ] GC(340)      Used:      554M (54%)         690M (67%)         506M (49%)         306M (30%)         712M (70%)         296M (29%)    
[45.749s][info][gc,heap     ] GC(340)      Live:         -                51M (5%)           51M (5%)           51M (5%)             -                  -          
[45.749s][info][gc,heap     ] GC(340) Allocated:         -               136M (13%)         206M (20%)         227M (22%)            -                  -          
[45.749s][info][gc,heap     ] GC(340)   Garbage:         -               502M (49%)         248M (24%)          26M (3%)             -                  -          
[45.749s][info][gc,heap     ] GC(340) Reclaimed:         -                  -               254M (25%)         475M (46%)            -                  -          
[45.749s][info][gc          ] GC(340) Garbage Collection (Allocation Rate) 554M(54%)->306M(30%)
[45.796s][info][gc,start    ] GC(341) Garbage Collection (Allocation Rate)
[45.796s][info][gc,task     ] GC(341) Using 10 workers
[45.796s][info][gc,phases   ] GC(341) Pause Mark Start 0.010ms
[45.823s][info][gc,phases   ] GC(341) Concurrent Mark 26.369ms
[45.823s][info][gc,phases   ] GC(341) Pause Mark End 0.029ms
[45.825s][info][gc,phases   ] GC(341) Concurrent Mark Free 0.001ms
[45.828s][info][gc,phases   ] GC(341) Concurrent Process Non-Strong References 2.272ms
[45.828s][info][gc,phases   ] GC(341) Concurrent Reset Relocation Set 0.038ms
[45.833s][info][gc,phases   ] GC(341) Concurrent Select Relocation Set 4.906ms
[45.833s][info][gc,phases   ] GC(341) Pause Relocate Start 0.012ms
[45.839s][info][gc,phases   ] GC(341) Concurrent Relocate 5.691ms
[45.839s][info][gc,load     ] GC(341) Load: 0.00/0.00/0.00
[45.839s][info][gc,mmu      ] GC(341) MMU: 2ms/95.9%, 5ms/98.4%, 10ms/99.2%, 20ms/99.6%, 50ms/99.8%, 100ms/99.9%
[45.839s][info][gc,marking  ] GC(341) Mark: 8 stripe(s), 7 proactive flush(es), 1 terminate flush(es), 0 completion(s), 0 continuation(s) 
[45.839s][info][gc,marking  ] GC(341) Mark Stack Usage: 32M
[45.839s][info][gc,nmethod  ] GC(341) NMethods: 4557 registered, 514 unregistered
[45.839s][info][gc,metaspace] GC(341) Metaspace: 72M used, 72M committed, 1088M reserved
[45.839s][info][gc,ref      ] GC(341) Soft: 2442 encountered, 0 discovered, 0 enqueued
[45.839s][info][gc,ref      ] GC(341) Weak: 10985 encountered, 1531 discovered, 0 enqueued
[45.839s][info][gc,ref      ] GC(341) Final: 289 encountered, 9 discovered, 0 enqueued
[45.839s][info][gc,ref      ] GC(341) Phantom: 424 encountered, 328 discovered, 0 enqueued
[45.839s][info][gc,reloc    ] GC(341) Small Pages: 272 / 544M, Empty: 198M, Relocated: 6M, In-Place: 0
[45.839s][info][gc,reloc    ] GC(341) Medium Pages: 0 / 0M, Empty: 0M, Relocated: 0M, In-Place: 0
[45.839s][info][gc,reloc    ] GC(341) Large Pages: 0 / 0M, Empty: 0M, Relocated: 0M, In-Place: 0
[45.839s][info][gc,reloc    ] GC(341) Forwarding Usage: 3M
[45.839s][info][gc,heap     ] GC(341) Min Capacity: 8M(1%)
[45.839s][info][gc,heap     ] GC(341) Max Capacity: 1024M(100%)
[45.839s][info][gc,heap     ] GC(341) Soft Max Capacity: 1024M(100%)
[45.839s][info][gc,heap     ] GC(341)                Mark Start          Mark End        Relocate Start      Relocate End           High               Low         
[45.839s][info][gc,heap     ] GC(341)  Capacity:     1024M (100%)       1024M (100%)       1024M (100%)       1024M (100%)       1024M (100%)       1024M (100%)   
[45.839s][info][gc,heap     ] GC(341)      Free:      480M (47%)         352M (34%)         506M (49%)         758M (74%)         766M (75%)         332M (32%)    
[45.839s][info][gc,heap     ] GC(341)      Used:      544M (53%)         672M (66%)         518M (51%)         266M (26%)         692M (68%)         258M (25%)    
[45.839s][info][gc,heap     ] GC(341)      Live:         -                51M (5%)           51M (5%)           51M (5%)             -                  -          
[45.839s][info][gc,heap     ] GC(341) Allocated:         -               128M (13%)         172M (17%)         187M (18%)            -                  -          
[45.839s][info][gc,heap     ] GC(341)   Garbage:         -               492M (48%)         294M (29%)          26M (3%)             -                  -          
[45.839s][info][gc,heap     ] GC(341) Reclaimed:         -                  -               198M (19%)         465M (45%)            -                  -          
[45.840s][info][gc          ] GC(341) Garbage Collection (Allocation Rate) 544M(53%)->266M(26%)
[45.897s][info][gc,start    ] GC(342) Garbage Collection (Allocation Rate)
[45.897s][info][gc,task     ] GC(342) Using 10 workers
[45.897s][info][gc,phases   ] GC(342) Pause Mark Start 0.010ms
[45.920s][info][gc,phases   ] GC(342) Concurrent Mark 23.129ms
[45.920s][info][gc,phases   ] GC(342) Pause Mark End 0.024ms
[45.923s][info][gc,phases   ] GC(342) Concurrent Mark Free 0.002ms
[45.927s][info][gc,phases   ] GC(342) Concurrent Process Non-Strong References 4.447ms
[45.927s][info][gc,phases   ] GC(342) Concurrent Reset Relocation Set 0.037ms
[45.932s][info][gc,phases   ] GC(342) Concurrent Select Relocation Set 4.780ms
[45.932s][info][gc,phases   ] GC(342) Pause Relocate Start 0.008ms
[45.939s][info][gc,phases   ] GC(342) Concurrent Relocate 5.992ms
[45.939s][info][gc,load     ] GC(342) Load: 0.00/0.00/0.00
[45.939s][info][gc,mmu      ] GC(342) MMU: 2ms/95.9%, 5ms/98.4%, 10ms/99.2%, 20ms/99.6%, 50ms/99.8%, 100ms/99.9%
[45.939s][info][gc,marking  ] GC(342) Mark: 8 stripe(s), 4 proactive flush(es), 1 terminate flush(es), 0 completion(s), 0 continuation(s) 
[45.939s][info][gc,marking  ] GC(342) Mark Stack Usage: 32M
[45.939s][info][gc,nmethod  ] GC(342) NMethods: 4557 registered, 514 unregistered
[45.939s][info][gc,metaspace] GC(342) Metaspace: 72M used, 72M committed, 1088M reserved
[45.939s][info][gc,ref      ] GC(342) Soft: 2442 encountered, 0 discovered, 0 enqueued
[45.939s][info][gc,ref      ] GC(342) Weak: 10985 encountered, 1802 discovered, 0 enqueued
[45.939s][info][gc,ref      ] GC(342) Final: 289 encountered, 17 discovered, 0 enqueued
[45.939s][info][gc,ref      ] GC(342) Phantom: 424 encountered, 332 discovered, 0 enqueued
[45.939s][info][gc,reloc    ] GC(342) Small Pages: 278 / 556M, Empty: 228M, Relocated: 6M, In-Place: 0
[45.939s][info][gc,reloc    ] GC(342) Medium Pages: 0 / 0M, Empty: 0M, Relocated: 0M, In-Place: 0
[45.939s][info][gc,reloc    ] GC(342) Large Pages: 0 / 0M, Empty: 0M, Relocated: 0M, In-Place: 0
[45.939s][info][gc,reloc    ] GC(342) Forwarding Usage: 3M
[45.939s][info][gc,heap     ] GC(342) Min Capacity: 8M(1%)
[45.939s][info][gc,heap     ] GC(342) Max Capacity: 1024M(100%)
[45.939s][info][gc,heap     ] GC(342) Soft Max Capacity: 1024M(100%)
[45.939s][info][gc,heap     ] GC(342)                Mark Start          Mark End        Relocate Start      Relocate End           High               Low         
[45.939s][info][gc,heap     ] GC(342)  Capacity:     1024M (100%)       1024M (100%)       1024M (100%)       1024M (100%)       1024M (100%)       1024M (100%)   
[45.939s][info][gc,heap     ] GC(342)      Free:      468M (46%)         356M (35%)         532M (52%)         764M (75%)         770M (75%)         328M (32%)    
[45.939s][info][gc,heap     ] GC(342)      Used:      556M (54%)         668M (65%)         492M (48%)         260M (25%)         696M (68%)         254M (25%)    
[45.939s][info][gc,heap     ] GC(342)      Live:         -                51M (5%)           51M (5%)           51M (5%)             -                  -          
[45.939s][info][gc,heap     ] GC(342) Allocated:         -               112M (11%)         164M (16%)         181M (18%)            -                  -          
[45.939s][info][gc,heap     ] GC(342)   Garbage:         -               504M (49%)         276M (27%)          26M (3%)             -                  -          
[45.939s][info][gc,heap     ] GC(342) Reclaimed:         -                  -               228M (22%)         477M (47%)            -                  -          
[45.939s][info][gc          ] GC(342) Garbage Collection (Allocation Rate) 556M(54%)->260M(25%)
[45.997s][info][gc,start    ] GC(343) Garbage Collection (Allocation Rate)
[45.997s][info][gc,task     ] GC(343) Using 10 workers
[45.997s][info][gc,phases   ] GC(343) Pause Mark Start 0.010ms
[46.018s][info][gc,phases   ] GC(343) Concurrent Mark 21.126ms
[46.019s][info][gc,phases   ] GC(343) Pause Mark End 0.024ms
[46.021s][info][gc,phases   ] GC(343) Concurrent Mark Free 0.002ms
[46.024s][info][gc,phases   ] GC(343) Concurrent Process Non-Strong References 2.757ms
[46.024s][info][gc,phases   ] GC(343) Concurrent Reset Relocation Set 0.036ms
[46.033s][info][gc,phases   ] GC(343) Concurrent Select Relocation Set 9.482ms
[46.034s][info][gc,phases   ] GC(343) Pause Relocate Start 0.009ms
[46.041s][info][gc,phases   ] GC(343) Concurrent Relocate 6.022ms
[46.042s][info][gc,load     ] GC(343) Load: 0.00/0.00/0.00
[46.042s][info][gc,mmu      ] GC(343) MMU: 2ms/95.9%, 5ms/98.4%, 10ms/99.2%, 20ms/99.6%, 50ms/99.8%, 100ms/99.9%
[46.042s][info][gc,marking  ] GC(343) Mark: 8 stripe(s), 3 proactive flush(es), 1 terminate flush(es), 0 completion(s), 0 continuation(s) 
[46.042s][info][gc,marking  ] GC(343) Mark Stack Usage: 32M
[46.042s][info][gc,nmethod  ] GC(343) NMethods: 4562 registered, 515 unregistered
[46.042s][info][gc,metaspace] GC(343) Metaspace: 72M used, 72M committed, 1088M reserved
[46.042s][info][gc,ref      ] GC(343) Soft: 2442 encountered, 0 discovered, 0 enqueued
[46.042s][info][gc,ref      ] GC(343) Weak: 10933 encountered, 1956 discovered, 144 enqueued
[46.042s][info][gc,ref      ] GC(343) Final: 289 encountered, 7 discovered, 0 enqueued
[46.042s][info][gc,ref      ] GC(343) Phantom: 424 encountered, 253 discovered, 0 enqueued
[46.042s][info][gc,reloc    ] GC(343) Small Pages: 273 / 546M, Empty: 234M, Relocated: 10M, In-Place: 0
[46.042s][info][gc,reloc    ] GC(343) Medium Pages: 0 / 0M, Empty: 0M, Relocated: 0M, In-Place: 0
[46.042s][info][gc,reloc    ] GC(343) Large Pages: 0 / 0M, Empty: 0M, Relocated: 0M, In-Place: 0
[46.042s][info][gc,reloc    ] GC(343) Forwarding Usage: 3M
[46.042s][info][gc,heap     ] GC(343) Min Capacity: 8M(1%)
[46.042s][info][gc,heap     ] GC(343) Max Capacity: 1024M(100%)
[46.042s][info][gc,heap     ] GC(343) Soft Max Capacity: 1024M(100%)
[46.042s][info][gc,heap     ] GC(343)                Mark Start          Mark End        Relocate Start      Relocate End           High               Low         
[46.042s][info][gc,heap     ] GC(343)  Capacity:     1024M (100%)       1024M (100%)       1024M (100%)       1024M (100%)       1024M (100%)       1024M (100%)   
[46.042s][info][gc,heap     ] GC(343)      Free:      478M (47%)         374M (37%)         540M (53%)         760M (74%)         770M (75%)         352M (34%)    
[46.042s][info][gc,heap     ] GC(343)      Used:      546M (53%)         650M (63%)         484M (47%)         264M (26%)         672M (66%)         254M (25%)    
[46.042s][info][gc,heap     ] GC(343)      Live:         -                50M (5%)           50M (5%)           50M (5%)             -                  -          
[46.042s][info][gc,heap     ] GC(343) Allocated:         -               104M (10%)         172M (17%)         191M (19%)            -                  -          
[46.042s][info][gc,heap     ] GC(343)   Garbage:         -               495M (48%)         261M (26%)          22M (2%)             -                  -          
[46.042s][info][gc,heap     ] GC(343) Reclaimed:         -                  -               234M (23%)         473M (46%)            -                  -          
[46.042s][info][gc          ] GC(343) Garbage Collection (Allocation Rate) 546M(53%)->264M(26%)
[46.096s][info][gc,start    ] GC(344) Garbage Collection (Allocation Rate)
[46.096s][info][gc,task     ] GC(344) Using 10 workers
[46.096s][info][gc,phases   ] GC(344) Pause Mark Start 0.012ms
[46.119s][info][gc,phases   ] GC(344) Concurrent Mark 22.335ms
[46.119s][info][gc,phases   ] GC(344) Pause Mark End 0.033ms
[46.121s][info][gc,phases   ] GC(344) Concurrent Mark Free 0.001ms
[46.124s][info][gc,phases   ] GC(344) Concurrent Process Non-Strong References 2.590ms
[46.124s][info][gc,phases   ] GC(344) Concurrent Reset Relocation Set 0.043ms
[46.129s][info][gc,phases   ] GC(344) Concurrent Select Relocation Set 4.933ms
[46.129s][info][gc,phases   ] GC(344) Pause Relocate Start 0.011ms
[46.134s][info][gc,phases   ] GC(344) Concurrent Relocate 4.431ms
[46.134s][info][gc,load     ] GC(344) Load: 0.00/0.00/0.00
[46.134s][info][gc,mmu      ] GC(344) MMU: 2ms/95.9%, 5ms/98.4%, 10ms/99.2%, 20ms/99.6%, 50ms/99.8%, 100ms/99.9%
[46.134s][info][gc,marking  ] GC(344) Mark: 8 stripe(s), 3 proactive flush(es), 1 terminate flush(es), 0 completion(s), 0 continuation(s) 
[46.134s][info][gc,marking  ] GC(344) Mark Stack Usage: 32M
[46.134s][info][gc,nmethod  ] GC(344) NMethods: 4561 registered, 516 unregistered
[46.134s][info][gc,metaspace] GC(344) Metaspace: 72M used, 72M committed, 1088M reserved
[46.134s][info][gc,ref      ] GC(344) Soft: 2442 encountered, 0 discovered, 0 enqueued
[46.134s][info][gc,ref      ] GC(344) Weak: 10789 encountered, 1435 discovered, 0 enqueued
[46.134s][info][gc,ref      ] GC(344) Final: 289 encountered, 11 discovered, 0 enqueued
[46.134s][info][gc,ref      ] GC(344) Phantom: 424 encountered, 295 discovered, 0 enqueued
[46.134s][info][gc,reloc    ] GC(344) Small Pages: 267 / 534M, Empty: 244M, Relocated: 8M, In-Place: 0
[46.134s][info][gc,reloc    ] GC(344) Medium Pages: 0 / 0M, Empty: 0M, Relocated: 0M, In-Place: 0
[46.134s][info][gc,reloc    ] GC(344) Large Pages: 0 / 0M, Empty: 0M, Relocated: 0M, In-Place: 0
[46.134s][info][gc,reloc    ] GC(344) Forwarding Usage: 3M
[46.134s][info][gc,heap     ] GC(344) Min Capacity: 8M(1%)
[46.134s][info][gc,heap     ] GC(344) Max Capacity: 1024M(100%)
[46.134s][info][gc,heap     ] GC(344) Soft Max Capacity: 1024M(100%)
[46.134s][info][gc,heap     ] GC(344)                Mark Start          Mark End        Relocate Start      Relocate End           High               Low         
[46.134s][info][gc,heap     ] GC(344)  Capacity:     1024M (100%)       1024M (100%)       1024M (100%)       1024M (100%)       1024M (100%)       1024M (100%)   
[46.134s][info][gc,heap     ] GC(344)      Free:      490M (48%)         382M (37%)         580M (57%)         792M (77%)         794M (78%)         362M (35%)    
[46.134s][info][gc,heap     ] GC(344)      Used:      534M (52%)         642M (63%)         444M (43%)         232M (23%)         662M (65%)         230M (22%)    
[46.134s][info][gc,heap     ] GC(344)      Live:         -                50M (5%)           50M (5%)           50M (5%)             -                  -          
[46.134s][info][gc,heap     ] GC(344) Allocated:         -               108M (11%)         154M (15%)         159M (16%)            -                  -          
[46.134s][info][gc,heap     ] GC(344)   Garbage:         -               483M (47%)         239M (23%)          22M (2%)             -                  -          
[46.134s][info][gc,heap     ] GC(344) Reclaimed:         -                  -               244M (24%)         461M (45%)            -                  -          
[46.134s][info][gc          ] GC(344) Garbage Collection (Allocation Rate) 534M(52%)->232M(23%)
[46.197s][info][gc,start    ] GC(345) Garbage Collection (Allocation Rate)
[46.197s][info][gc,task     ] GC(345) Using 10 workers
[46.197s][info][gc,phases   ] GC(345) Pause Mark Start 0.010ms
[46.225s][info][gc,phases   ] GC(345) Concurrent Mark 27.719ms
[46.225s][info][gc,phases   ] GC(345) Pause Mark End 0.026ms
[46.225s][info][gc,phases   ] GC(345) Concurrent Mark Free 0.001ms
[46.230s][info][gc,phases   ] GC(345) Concurrent Process Non-Strong References 4.785ms
[46.230s][info][gc,phases   ] GC(345) Concurrent Reset Relocation Set 0.039ms
[46.240s][info][gc,phases   ] GC(345) Concurrent Select Relocation Set 9.614ms
[46.240s][info][gc,phases   ] GC(345) Pause Relocate Start 0.007ms
[46.245s][info][gc,phases   ] GC(345) Concurrent Relocate 4.626ms
[46.246s][info][gc,load     ] GC(345) Load: 0.00/0.00/0.00
[46.246s][info][gc,mmu      ] GC(345) MMU: 2ms/95.9%, 5ms/98.4%, 10ms/99.2%, 20ms/99.6%, 50ms/99.8%, 100ms/99.9%
[46.246s][info][gc,marking  ] GC(345) Mark: 8 stripe(s), 3 proactive flush(es), 1 terminate flush(es), 0 completion(s), 0 continuation(s) 
[46.246s][info][gc,marking  ] GC(345) Mark Stack Usage: 32M
[46.246s][info][gc,nmethod  ] GC(345) NMethods: 4563 registered, 516 unregistered
[46.246s][info][gc,metaspace] GC(345) Metaspace: 72M used, 72M committed, 1088M reserved
[46.246s][info][gc,ref      ] GC(345) Soft: 2442 encountered, 0 discovered, 0 enqueued
[46.246s][info][gc,ref      ] GC(345) Weak: 10789 encountered, 1909 discovered, 0 enqueued
[46.246s][info][gc,ref      ] GC(345) Final: 289 encountered, 19 discovered, 0 enqueued
[46.246s][info][gc,ref      ] GC(345) Phantom: 424 encountered, 334 discovered, 0 enqueued
[46.246s][info][gc,reloc    ] GC(345) Small Pages: 274 / 548M, Empty: 244M, Relocated: 8M, In-Place: 0
[46.246s][info][gc,reloc    ] GC(345) Medium Pages: 0 / 0M, Empty: 0M, Relocated: 0M, In-Place: 0
[46.246s][info][gc,reloc    ] GC(345) Large Pages: 0 / 0M, Empty: 0M, Relocated: 0M, In-Place: 0
[46.246s][info][gc,reloc    ] GC(345) Forwarding Usage: 3M
[46.246s][info][gc,heap     ] GC(345) Min Capacity: 8M(1%)
[46.246s][info][gc,heap     ] GC(345) Max Capacity: 1024M(100%)
[46.246s][info][gc,heap     ] GC(345) Soft Max Capacity: 1024M(100%)
[46.246s][info][gc,heap     ] GC(345)                Mark Start          Mark End        Relocate Start      Relocate End           High               Low         
[46.246s][info][gc,heap     ] GC(345)  Capacity:     1024M (100%)       1024M (100%)       1024M (100%)       1024M (100%)       1024M (100%)       1024M (100%)   
[46.246s][info][gc,heap     ] GC(345)      Free:      476M (46%)         346M (34%)         522M (51%)         742M (72%)         746M (73%)         320M (31%)    
[46.246s][info][gc,heap     ] GC(345)      Used:      548M (54%)         678M (66%)         502M (49%)         282M (28%)         704M (69%)         278M (27%)    
[46.246s][info][gc,heap     ] GC(345)      Live:         -                50M (5%)           50M (5%)           50M (5%)             -                  -          
[46.246s][info][gc,heap     ] GC(345) Allocated:         -               130M (13%)         198M (19%)         209M (20%)            -                  -          
[46.246s][info][gc,heap     ] GC(345)   Garbage:         -               497M (49%)         253M (25%)          22M (2%)             -                  -          
[46.246s][info][gc,heap     ] GC(345) Reclaimed:         -                  -               244M (24%)         475M (46%)            -                  -          
[46.246s][info][gc          ] GC(345) Garbage Collection (Allocation Rate) 548M(54%)->282M(28%)
[46.296s][info][gc,start    ] GC(346) Garbage Collection (Allocation Rate)
[46.296s][info][gc,task     ] GC(346) Using 10 workers
[46.296s][info][gc,phases   ] GC(346) Pause Mark Start 0.010ms
[46.320s][info][gc,phases   ] GC(346) Concurrent Mark 22.957ms
[46.320s][info][gc,phases   ] GC(346) Pause Mark End 0.025ms
[46.320s][info][gc,phases   ] GC(346) Concurrent Mark Free 0.001ms
[46.323s][info][gc,phases   ] GC(346) Concurrent Process Non-Strong References 2.918ms
[46.323s][info][gc,phases   ] GC(346) Concurrent Reset Relocation Set 0.034ms
[46.328s][info][gc,phases   ] GC(346) Concurrent Select Relocation Set 4.966ms
[46.329s][info][gc,phases   ] GC(346) Pause Relocate Start 0.009ms
[46.333s][info][gc,phases   ] GC(346) Concurrent Relocate 4.000ms
[46.333s][info][gc,load     ] GC(346) Load: 0.00/0.00/0.00
[46.333s][info][gc,mmu      ] GC(346) MMU: 2ms/95.9%, 5ms/98.4%, 10ms/99.2%, 20ms/99.6%, 50ms/99.8%, 100ms/99.9%
[46.333s][info][gc,marking  ] GC(346) Mark: 8 stripe(s), 3 proactive flush(es), 1 terminate flush(es), 0 completion(s), 0 continuation(s) 
[46.333s][info][gc,marking  ] GC(346) Mark Stack Usage: 32M
[46.333s][info][gc,nmethod  ] GC(346) NMethods: 4453 registered, 626 unregistered
[46.333s][info][gc,metaspace] GC(346) Metaspace: 72M used, 72M committed, 1088M reserved
[46.333s][info][gc,ref      ] GC(346) Soft: 2442 encountered, 0 discovered, 0 enqueued
[46.333s][info][gc,ref      ] GC(346) Weak: 10789 encountered, 1186 discovered, 0 enqueued
[46.333s][info][gc,ref      ] GC(346) Final: 289 encountered, 4 discovered, 0 enqueued
[46.333s][info][gc,ref      ] GC(346) Phantom: 424 encountered, 276 discovered, 0 enqueued
[46.333s][info][gc,reloc    ] GC(346) Small Pages: 267 / 534M, Empty: 228M, Relocated: 8M, In-Place: 0
[46.333s][info][gc,reloc    ] GC(346) Medium Pages: 0 / 0M, Empty: 0M, Relocated: 0M, In-Place: 0
[46.333s][info][gc,reloc    ] GC(346) Large Pages: 0 / 0M, Empty: 0M, Relocated: 0M, In-Place: 0
[46.333s][info][gc,reloc    ] GC(346) Forwarding Usage: 3M
[46.333s][info][gc,heap     ] GC(346) Min Capacity: 8M(1%)
[46.333s][info][gc,heap     ] GC(346) Max Capacity: 1024M(100%)
[46.333s][info][gc,heap     ] GC(346) Soft Max Capacity: 1024M(100%)
[46.333s][info][gc,heap     ] GC(346)                Mark Start          Mark End        Relocate Start      Relocate End           High               Low         
[46.333s][info][gc,heap     ] GC(346)  Capacity:     1024M (100%)       1024M (100%)       1024M (100%)       1024M (100%)       1024M (100%)       1024M (100%)   
[46.333s][info][gc,heap     ] GC(346)      Free:      490M (48%)         374M (37%)         564M (55%)         790M (77%)         790M (77%)         364M (36%)    
[46.333s][info][gc,heap     ] GC(346)      Used:      534M (52%)         650M (63%)         460M (45%)         234M (23%)         660M (64%)         234M (23%)    
[46.333s][info][gc,heap     ] GC(346)      Live:         -                49M (5%)           49M (5%)           49M (5%)             -                  -          
[46.333s][info][gc,heap     ] GC(346) Allocated:         -               116M (11%)         154M (15%)         161M (16%)            -                  -          
[46.333s][info][gc,heap     ] GC(346)   Garbage:         -               484M (47%)         256M (25%)          22M (2%)             -                  -          
[46.333s][info][gc,heap     ] GC(346) Reclaimed:         -                  -               228M (22%)         461M (45%)            -                  -          
[46.333s][info][gc          ] GC(346) Garbage Collection (Allocation Rate) 534M(52%)->234M(23%)
[46.397s][info][gc,start    ] GC(347) Garbage Collection (Allocation Rate)
[46.397s][info][gc,task     ] GC(347) Using 10 workers
[46.397s][info][gc,phases   ] GC(347) Pause Mark Start 0.011ms
[46.422s][info][gc,phases   ] GC(347) Concurrent Mark 25.060ms
[46.423s][info][gc,phases   ] GC(347) Pause Mark End 0.024ms
[46.424s][info][gc,phases   ] GC(347) Concurrent Mark Free 0.001ms
[46.426s][info][gc,phases   ] GC(347) Concurrent Process Non-Strong References 2.319ms
[46.426s][info][gc,phases   ] GC(347) Concurrent Reset Relocation Set 0.034ms
[46.435s][info][gc,phases   ] GC(347) Concurrent Select Relocation Set 9.114ms
[46.436s][info][gc,phases   ] GC(347) Pause Relocate Start 0.008ms
[46.441s][info][gc,phases   ] GC(347) Concurrent Relocate 4.941ms
[46.441s][info][gc,load     ] GC(347) Load: 0.00/0.00/0.00
[46.441s][info][gc,mmu      ] GC(347) MMU: 2ms/95.9%, 5ms/98.4%, 10ms/99.2%, 20ms/99.6%, 50ms/99.8%, 100ms/99.9%
[46.441s][info][gc,marking  ] GC(347) Mark: 8 stripe(s), 3 proactive flush(es), 1 terminate flush(es), 0 completion(s), 0 continuation(s) 
[46.441s][info][gc,marking  ] GC(347) Mark Stack Usage: 32M
[46.441s][info][gc,nmethod  ] GC(347) NMethods: 4453 registered, 626 unregistered
[46.441s][info][gc,metaspace] GC(347) Metaspace: 72M used, 72M committed, 1088M reserved
[46.441s][info][gc,ref      ] GC(347) Soft: 2442 encountered, 0 discovered, 0 enqueued
[46.441s][info][gc,ref      ] GC(347) Weak: 10789 encountered, 1825 discovered, 0 enqueued
[46.441s][info][gc,ref      ] GC(347) Final: 289 encountered, 29 discovered, 0 enqueued
[46.441s][info][gc,ref      ] GC(347) Phantom: 424 encountered, 283 discovered, 0 enqueued
[46.441s][info][gc,reloc    ] GC(347) Small Pages: 276 / 552M, Empty: 236M, Relocated: 8M, In-Place: 0
[46.441s][info][gc,reloc    ] GC(347) Medium Pages: 0 / 0M, Empty: 0M, Relocated: 0M, In-Place: 0
[46.441s][info][gc,reloc    ] GC(347) Large Pages: 0 / 0M, Empty: 0M, Relocated: 0M, In-Place: 0
[46.441s][info][gc,reloc    ] GC(347) Forwarding Usage: 3M
[46.441s][info][gc,heap     ] GC(347) Min Capacity: 8M(1%)
[46.441s][info][gc,heap     ] GC(347) Max Capacity: 1024M(100%)
[46.441s][info][gc,heap     ] GC(347) Soft Max Capacity: 1024M(100%)
[46.441s][info][gc,heap     ] GC(347)                Mark Start          Mark End        Relocate Start      Relocate End           High               Low         
[46.441s][info][gc,heap     ] GC(347)  Capacity:     1024M (100%)       1024M (100%)       1024M (100%)       1024M (100%)       1024M (100%)       1024M (100%)   
[46.441s][info][gc,heap     ] GC(347)      Free:      472M (46%)         352M (34%)         530M (52%)         760M (74%)         766M (75%)         336M (33%)    
[46.441s][info][gc,heap     ] GC(347)      Used:      552M (54%)         672M (66%)         494M (48%)         264M (26%)         688M (67%)         258M (25%)    
[46.441s][info][gc,heap     ] GC(347)      Live:         -                49M (5%)           49M (5%)           49M (5%)             -                  -          
[46.441s][info][gc,heap     ] GC(347) Allocated:         -               120M (12%)         178M (17%)         191M (19%)            -                  -          
[46.441s][info][gc,heap     ] GC(347)   Garbage:         -               502M (49%)         266M (26%)          22M (2%)             -                  -          
[46.441s][info][gc,heap     ] GC(347) Reclaimed:         -                  -               236M (23%)         479M (47%)            -                  -          
[46.441s][info][gc          ] GC(347) Garbage Collection (Allocation Rate) 552M(54%)->264M(26%)
[46.496s][info][gc,start    ] GC(348) Garbage Collection (Allocation Rate)
[46.497s][info][gc,task     ] GC(348) Using 10 workers
[46.497s][info][gc,phases   ] GC(348) Pause Mark Start 0.009ms
[46.522s][info][gc,phases   ] GC(348) Concurrent Mark 25.331ms
[46.523s][info][gc,phases   ] GC(348) Pause Mark End 0.025ms
[46.523s][info][gc,phases   ] GC(348) Concurrent Mark Free 0.001ms
[46.525s][info][gc,phases   ] GC(348) Concurrent Process Non-Strong References 2.287ms
[46.525s][info][gc,phases   ] GC(348) Concurrent Reset Relocation Set 0.035ms
[46.535s][info][gc,phases   ] GC(348) Concurrent Select Relocation Set 9.324ms
[46.535s][info][gc,phases   ] GC(348) Pause Relocate Start 0.011ms
[46.541s][info][gc,phases   ] GC(348) Concurrent Relocate 5.187ms
[46.541s][info][gc,load     ] GC(348) Load: 0.00/0.00/0.00
[46.541s][info][gc,mmu      ] GC(348) MMU: 2ms/95.9%, 5ms/98.4%, 10ms/99.2%, 20ms/99.6%, 50ms/99.8%, 100ms/99.9%
[46.541s][info][gc,marking  ] GC(348) Mark: 8 stripe(s), 3 proactive flush(es), 1 terminate flush(es), 0 completion(s), 0 continuation(s) 
[46.541s][info][gc,marking  ] GC(348) Mark Stack Usage: 32M
[46.541s][info][gc,nmethod  ] GC(348) NMethods: 4453 registered, 626 unregistered
[46.541s][info][gc,metaspace] GC(348) Metaspace: 72M used, 72M committed, 1088M reserved
[46.541s][info][gc,ref      ] GC(348) Soft: 2442 encountered, 0 discovered, 0 enqueued
[46.541s][info][gc,ref      ] GC(348) Weak: 10789 encountered, 1835 discovered, 0 enqueued
[46.541s][info][gc,ref      ] GC(348) Final: 289 encountered, 61 discovered, 0 enqueued
[46.541s][info][gc,ref      ] GC(348) Phantom: 424 encountered, 309 discovered, 0 enqueued
[46.541s][info][gc,reloc    ] GC(348) Small Pages: 271 / 542M, Empty: 226M, Relocated: 8M, In-Place: 0
[46.541s][info][gc,reloc    ] GC(348) Medium Pages: 0 / 0M, Empty: 0M, Relocated: 0M, In-Place: 0
[46.541s][info][gc,reloc    ] GC(348) Large Pages: 0 / 0M, Empty: 0M, Relocated: 0M, In-Place: 0
[46.541s][info][gc,reloc    ] GC(348) Forwarding Usage: 3M
[46.541s][info][gc,heap     ] GC(348) Min Capacity: 8M(1%)
[46.541s][info][gc,heap     ] GC(348) Max Capacity: 1024M(100%)
[46.541s][info][gc,heap     ] GC(348) Soft Max Capacity: 1024M(100%)
[46.541s][info][gc,heap     ] GC(348)                Mark Start          Mark End        Relocate Start      Relocate End           High               Low         
[46.541s][info][gc,heap     ] GC(348)  Capacity:     1024M (100%)       1024M (100%)       1024M (100%)       1024M (100%)       1024M (100%)       1024M (100%)   
[46.541s][info][gc,heap     ] GC(348)      Free:      482M (47%)         360M (35%)         530M (52%)         760M (74%)         764M (75%)         348M (34%)    
[46.541s][info][gc,heap     ] GC(348)      Used:      542M (53%)         664M (65%)         494M (48%)         264M (26%)         676M (66%)         260M (25%)    
[46.541s][info][gc,heap     ] GC(348)      Live:         -                49M (5%)           49M (5%)           49M (5%)             -                  -          
[46.541s][info][gc,heap     ] GC(348) Allocated:         -               122M (12%)         178M (17%)         191M (19%)            -                  -          
[46.541s][info][gc,heap     ] GC(348)   Garbage:         -               492M (48%)         266M (26%)          22M (2%)             -                  -          
[46.541s][info][gc,heap     ] GC(348) Reclaimed:         -                  -               226M (22%)         469M (46%)            -                  -          
[46.541s][info][gc          ] GC(348) Garbage Collection (Allocation Rate) 542M(53%)->264M(26%)
[46.596s][info][gc,start    ] GC(349) Garbage Collection (Allocation Rate)
[46.596s][info][gc,task     ] GC(349) Using 10 workers
[46.596s][info][gc,phases   ] GC(349) Pause Mark Start 0.014ms
[46.621s][info][gc,phases   ] GC(349) Concurrent Mark 24.630ms
[46.621s][info][gc,phases   ] GC(349) Pause Mark End 0.024ms
[46.621s][info][gc,phases   ] GC(349) Concurrent Mark Free 0.001ms
[46.624s][info][gc,phases   ] GC(349) Concurrent Process Non-Strong References 2.277ms
[46.624s][info][gc,phases   ] GC(349) Concurrent Reset Relocation Set 0.039ms
[46.633s][info][gc,phases   ] GC(349) Concurrent Select Relocation Set 9.680ms
[46.634s][info][gc,phases   ] GC(349) Pause Relocate Start 0.009ms
[46.638s][info][gc,phases   ] GC(349) Concurrent Relocate 4.373ms
[46.639s][info][gc,load     ] GC(349) Load: 0.00/0.00/0.00
[46.639s][info][gc,mmu      ] GC(349) MMU: 2ms/95.9%, 5ms/98.4%, 10ms/99.2%, 20ms/99.6%, 50ms/99.8%, 100ms/99.9%
[46.639s][info][gc,marking  ] GC(349) Mark: 8 stripe(s), 3 proactive flush(es), 1 terminate flush(es), 0 completion(s), 0 continuation(s) 
[46.639s][info][gc,marking  ] GC(349) Mark Stack Usage: 32M
[46.639s][info][gc,nmethod  ] GC(349) NMethods: 4453 registered, 626 unregistered
[46.639s][info][gc,metaspace] GC(349) Metaspace: 72M used, 72M committed, 1088M reserved
[46.639s][info][gc,ref      ] GC(349) Soft: 2442 encountered, 0 discovered, 0 enqueued
[46.639s][info][gc,ref      ] GC(349) Weak: 10789 encountered, 1652 discovered, 0 enqueued
[46.639s][info][gc,ref      ] GC(349) Final: 289 encountered, 42 discovered, 0 enqueued
[46.639s][info][gc,ref      ] GC(349) Phantom: 424 encountered, 334 discovered, 0 enqueued
[46.639s][info][gc,reloc    ] GC(349) Small Pages: 269 / 538M, Empty: 230M, Relocated: 8M, In-Place: 0
[46.639s][info][gc,reloc    ] GC(349) Medium Pages: 0 / 0M, Empty: 0M, Relocated: 0M, In-Place: 0
[46.639s][info][gc,reloc    ] GC(349) Large Pages: 0 / 0M, Empty: 0M, Relocated: 0M, In-Place: 0
[46.639s][info][gc,reloc    ] GC(349) Forwarding Usage: 3M
[46.639s][info][gc,heap     ] GC(349) Min Capacity: 8M(1%)
[46.639s][info][gc,heap     ] GC(349) Max Capacity: 1024M(100%)
[46.639s][info][gc,heap     ] GC(349) Soft Max Capacity: 1024M(100%)
[46.639s][info][gc,heap     ] GC(349)                Mark Start          Mark End        Relocate Start      Relocate End           High               Low         
[46.639s][info][gc,heap     ] GC(349)  Capacity:     1024M (100%)       1024M (100%)       1024M (100%)       1024M (100%)       1024M (100%)       1024M (100%)   
[46.639s][info][gc,heap     ] GC(349)      Free:      486M (47%)         366M (36%)         540M (53%)         766M (75%)         768M (75%)         358M (35%)    
[46.639s][info][gc,heap     ] GC(349)      Used:      538M (53%)         658M (64%)         484M (47%)         258M (25%)         666M (65%)         256M (25%)    
[46.639s][info][gc,heap     ] GC(349)      Live:         -                50M (5%)           50M (5%)           50M (5%)             -                  -          
[46.639s][info][gc,heap     ] GC(349) Allocated:         -               120M (12%)         176M (17%)         185M (18%)            -                  -          
[46.639s][info][gc,heap     ] GC(349)   Garbage:         -               487M (48%)         257M (25%)          22M (2%)             -                  -          
[46.639s][info][gc,heap     ] GC(349) Reclaimed:         -                  -               230M (22%)         465M (45%)            -                  -          
[46.639s][info][gc          ] GC(349) Garbage Collection (Allocation Rate) 538M(53%)->258M(25%)
[46.696s][info][gc,start    ] GC(350) Garbage Collection (Allocation Rate)
[46.696s][info][gc,task     ] GC(350) Using 10 workers
[46.696s][info][gc,phases   ] GC(350) Pause Mark Start 0.009ms
[46.723s][info][gc,phases   ] GC(350) Concurrent Mark 26.827ms
[46.723s][info][gc,phases   ] GC(350) Pause Mark End 0.023ms
[46.726s][info][gc,phases   ] GC(350) Concurrent Mark Free 0.002ms
[46.729s][info][gc,phases   ] GC(350) Concurrent Process Non-Strong References 2.400ms
[46.729s][info][gc,phases   ] GC(350) Concurrent Reset Relocation Set 0.040ms
[46.734s][info][gc,phases   ] GC(350) Concurrent Select Relocation Set 4.919ms
[46.734s][info][gc,phases   ] GC(350) Pause Relocate Start 0.008ms
[46.738s][info][gc,phases   ] GC(350) Concurrent Relocate 4.178ms
[46.739s][info][gc,load     ] GC(350) Load: 0.00/0.00/0.00
[46.739s][info][gc,mmu      ] GC(350) MMU: 2ms/95.9%, 5ms/98.4%, 10ms/99.2%, 20ms/99.6%, 50ms/99.8%, 100ms/99.9%
[46.739s][info][gc,marking  ] GC(350) Mark: 8 stripe(s), 3 proactive flush(es), 1 terminate flush(es), 0 completion(s), 0 continuation(s) 
[46.739s][info][gc,marking  ] GC(350) Mark Stack Usage: 32M
[46.739s][info][gc,nmethod  ] GC(350) NMethods: 4453 registered, 626 unregistered
[46.739s][info][gc,metaspace] GC(350) Metaspace: 72M used, 72M committed, 1088M reserved
[46.739s][info][gc,ref      ] GC(350) Soft: 2442 encountered, 0 discovered, 0 enqueued
[46.739s][info][gc,ref      ] GC(350) Weak: 10789 encountered, 1420 discovered, 0 enqueued
[46.739s][info][gc,ref      ] GC(350) Final: 289 encountered, 29 discovered, 0 enqueued
[46.739s][info][gc,ref      ] GC(350) Phantom: 424 encountered, 263 discovered, 0 enqueued
[46.739s][info][gc,reloc    ] GC(350) Small Pages: 272 / 544M, Empty: 244M, Relocated: 8M, In-Place: 0
[46.739s][info][gc,reloc    ] GC(350) Medium Pages: 0 / 0M, Empty: 0M, Relocated: 0M, In-Place: 0
[46.739s][info][gc,reloc    ] GC(350) Large Pages: 0 / 0M, Empty: 0M, Relocated: 0M, In-Place: 0
[46.739s][info][gc,reloc    ] GC(350) Forwarding Usage: 3M
[46.739s][info][gc,heap     ] GC(350) Min Capacity: 8M(1%)
[46.739s][info][gc,heap     ] GC(350) Max Capacity: 1024M(100%)
[46.739s][info][gc,heap     ] GC(350) Soft Max Capacity: 1024M(100%)
[46.739s][info][gc,heap     ] GC(350)                Mark Start          Mark End        Relocate Start      Relocate End           High               Low         
[46.739s][info][gc,heap     ] GC(350)  Capacity:     1024M (100%)       1024M (100%)       1024M (100%)       1024M (100%)       1024M (100%)       1024M (100%)   
[46.739s][info][gc,heap     ] GC(350)      Free:      480M (47%)         352M (34%)         546M (53%)         764M (75%)         766M (75%)         326M (32%)    
[46.739s][info][gc,heap     ] GC(350)      Used:      544M (53%)         672M (66%)         478M (47%)         260M (25%)         698M (68%)         258M (25%)    
[46.739s][info][gc,heap     ] GC(350)      Live:         -                50M (5%)           50M (5%)           50M (5%)             -                  -          
[46.739s][info][gc,heap     ] GC(350) Allocated:         -               128M (13%)         178M (17%)         187M (18%)            -                  -          
[46.739s][info][gc,heap     ] GC(350)   Garbage:         -               493M (48%)         249M (24%)          22M (2%)             -                  -          
[46.739s][info][gc,heap     ] GC(350) Reclaimed:         -                  -               244M (24%)         471M (46%)            -                  -          
[46.739s][info][gc          ] GC(350) Garbage Collection (Allocation Rate) 544M(53%)->260M(25%)
[46.796s][info][gc,start    ] GC(351) Garbage Collection (Allocation Rate)
[46.796s][info][gc,task     ] GC(351) Using 10 workers
[46.796s][info][gc,phases   ] GC(351) Pause Mark Start 0.010ms
[46.821s][info][gc,phases   ] GC(351) Concurrent Mark 24.361ms
[46.821s][info][gc,phases   ] GC(351) Pause Mark End 0.031ms
[46.824s][info][gc,phases   ] GC(351) Concurrent Mark Free 0.002ms
[46.826s][info][gc,phases   ] GC(351) Concurrent Process Non-Strong References 2.693ms
[46.826s][info][gc,phases   ] GC(351) Concurrent Reset Relocation Set 0.040ms
[46.836s][info][gc,phases   ] GC(351) Concurrent Select Relocation Set 9.343ms
[46.836s][info][gc,phases   ] GC(351) Pause Relocate Start 0.012ms
[46.841s][info][gc,phases   ] GC(351) Concurrent Relocate 5.019ms
[46.841s][info][gc,load     ] GC(351) Load: 0.00/0.00/0.00
[46.841s][info][gc,mmu      ] GC(351) MMU: 2ms/95.9%, 5ms/98.4%, 10ms/99.2%, 20ms/99.6%, 50ms/99.8%, 100ms/99.9%
[46.841s][info][gc,marking  ] GC(351) Mark: 8 stripe(s), 3 proactive flush(es), 1 terminate flush(es), 0 completion(s), 0 continuation(s) 
[46.841s][info][gc,marking  ] GC(351) Mark Stack Usage: 32M
[46.841s][info][gc,nmethod  ] GC(351) NMethods: 4453 registered, 626 unregistered
[46.841s][info][gc,metaspace] GC(351) Metaspace: 72M used, 72M committed, 1088M reserved
[46.841s][info][gc,ref      ] GC(351) Soft: 2442 encountered, 0 discovered, 0 enqueued
[46.841s][info][gc,ref      ] GC(351) Weak: 10789 encountered, 1351 discovered, 0 enqueued
[46.841s][info][gc,ref      ] GC(351) Final: 289 encountered, 19 discovered, 0 enqueued
[46.841s][info][gc,ref      ] GC(351) Phantom: 424 encountered, 307 discovered, 0 enqueued
[46.842s][info][gc,reloc    ] GC(351) Small Pages: 275 / 550M, Empty: 196M, Relocated: 8M, In-Place: 0
[46.842s][info][gc,reloc    ] GC(351) Medium Pages: 0 / 0M, Empty: 0M, Relocated: 0M, In-Place: 0
[46.842s][info][gc,reloc    ] GC(351) Large Pages: 0 / 0M, Empty: 0M, Relocated: 0M, In-Place: 0
[46.842s][info][gc,reloc    ] GC(351) Forwarding Usage: 3M
[46.842s][info][gc,heap     ] GC(351) Min Capacity: 8M(1%)
[46.842s][info][gc,heap     ] GC(351) Max Capacity: 1024M(100%)
[46.842s][info][gc,heap     ] GC(351) Soft Max Capacity: 1024M(100%)
[46.842s][info][gc,heap     ] GC(351)                Mark Start          Mark End        Relocate Start      Relocate End           High               Low         
[46.842s][info][gc,heap     ] GC(351)  Capacity:     1024M (100%)       1024M (100%)       1024M (100%)       1024M (100%)       1024M (100%)       1024M (100%)   
[46.842s][info][gc,heap     ] GC(351)      Free:      474M (46%)         358M (35%)         486M (47%)         756M (74%)         762M (74%)         334M (33%)    
[46.842s][info][gc,heap     ] GC(351)      Used:      550M (54%)         666M (65%)         538M (53%)         268M (26%)         690M (67%)         262M (26%)    
[46.842s][info][gc,heap     ] GC(351)      Live:         -                50M (5%)           50M (5%)           50M (5%)             -                  -          
[46.842s][info][gc,heap     ] GC(351) Allocated:         -               116M (11%)         184M (18%)         195M (19%)            -                  -          
[46.842s][info][gc,heap     ] GC(351)   Garbage:         -               499M (49%)         303M (30%)          22M (2%)             -                  -          
[46.842s][info][gc,heap     ] GC(351) Reclaimed:         -                  -               196M (19%)         477M (47%)            -                  -          
[46.842s][info][gc          ] GC(351) Garbage Collection (Allocation Rate) 550M(54%)->268M(26%)
[46.896s][info][gc,start    ] GC(352) Garbage Collection (Allocation Rate)
[46.896s][info][gc,task     ] GC(352) Using 10 workers
[46.896s][info][gc,phases   ] GC(352) Pause Mark Start 0.010ms
[46.922s][info][gc,phases   ] GC(352) Concurrent Mark 25.784ms
[46.923s][info][gc,phases   ] GC(352) Pause Mark End 0.024ms
[46.926s][info][gc,phases   ] GC(352) Concurrent Mark Free 0.002ms
[46.929s][info][gc,phases   ] GC(352) Concurrent Process Non-Strong References 3.006ms
[46.929s][info][gc,phases   ] GC(352) Concurrent Reset Relocation Set 0.039ms
[46.934s][info][gc,phases   ] GC(352) Concurrent Select Relocation Set 4.963ms
[46.934s][info][gc,phases   ] GC(352) Pause Relocate Start 0.009ms
[46.939s][info][gc,phases   ] GC(352) Concurrent Relocate 4.014ms
[46.939s][info][gc,load     ] GC(352) Load: 0.00/0.00/0.00
[46.939s][info][gc,mmu      ] GC(352) MMU: 2ms/95.9%, 5ms/98.4%, 10ms/99.2%, 20ms/99.6%, 50ms/99.8%, 100ms/99.9%
[46.939s][info][gc,marking  ] GC(352) Mark: 8 stripe(s), 3 proactive flush(es), 1 terminate flush(es), 0 completion(s), 0 continuation(s) 
[46.939s][info][gc,marking  ] GC(352) Mark Stack Usage: 32M
[46.939s][info][gc,nmethod  ] GC(352) NMethods: 4453 registered, 626 unregistered
[46.939s][info][gc,metaspace] GC(352) Metaspace: 72M used, 72M committed, 1088M reserved
[46.939s][info][gc,ref      ] GC(352) Soft: 2442 encountered, 0 discovered, 0 enqueued
[46.939s][info][gc,ref      ] GC(352) Weak: 10789 encountered, 1588 discovered, 0 enqueued
[46.939s][info][gc,ref      ] GC(352) Final: 289 encountered, 24 discovered, 0 enqueued
[46.939s][info][gc,ref      ] GC(352) Phantom: 424 encountered, 239 discovered, 0 enqueued
[46.939s][info][gc,reloc    ] GC(352) Small Pages: 271 / 542M, Empty: 228M, Relocated: 6M, In-Place: 0
[46.939s][info][gc,reloc    ] GC(352) Medium Pages: 0 / 0M, Empty: 0M, Relocated: 0M, In-Place: 0
[46.939s][info][gc,reloc    ] GC(352) Large Pages: 0 / 0M, Empty: 0M, Relocated: 0M, In-Place: 0
[46.939s][info][gc,reloc    ] GC(352) Forwarding Usage: 3M
[46.939s][info][gc,heap     ] GC(352) Min Capacity: 8M(1%)
[46.939s][info][gc,heap     ] GC(352) Max Capacity: 1024M(100%)
[46.939s][info][gc,heap     ] GC(352) Soft Max Capacity: 1024M(100%)
[46.939s][info][gc,heap     ] GC(352)                Mark Start          Mark End        Relocate Start      Relocate End           High               Low         
[46.939s][info][gc,heap     ] GC(352)  Capacity:     1024M (100%)       1024M (100%)       1024M (100%)       1024M (100%)       1024M (100%)       1024M (100%)   
[46.939s][info][gc,heap     ] GC(352)      Free:      482M (47%)         356M (35%)         532M (52%)         762M (74%)         762M (74%)         326M (32%)    
[46.939s][info][gc,heap     ] GC(352)      Used:      542M (53%)         668M (65%)         492M (48%)         262M (26%)         698M (68%)         262M (26%)    
[46.939s][info][gc,heap     ] GC(352)      Live:         -                49M (5%)           49M (5%)           49M (5%)             -                  -          
[46.939s][info][gc,heap     ] GC(352) Allocated:         -               126M (12%)         178M (17%)         187M (18%)            -                  -          
[46.939s][info][gc,heap     ] GC(352)   Garbage:         -               492M (48%)         264M (26%)          24M (2%)             -                  -          
[46.939s][info][gc,heap     ] GC(352) Reclaimed:         -                  -               228M (22%)         467M (46%)            -                  -          
[46.939s][info][gc          ] GC(352) Garbage Collection (Allocation Rate) 542M(53%)->262M(26%)
[46.997s][info][gc,start    ] GC(353) Garbage Collection (Allocation Rate)
[46.997s][info][gc,task     ] GC(353) Using 10 workers
[46.997s][info][gc,phases   ] GC(353) Pause Mark Start 0.011ms
[47.018s][info][gc,phases   ] GC(353) Concurrent Mark 20.416ms
[47.018s][info][gc,phases   ] GC(353) Pause Mark End 0.023ms
[47.018s][info][gc,phases   ] GC(353) Concurrent Mark Free 0.001ms
[47.023s][info][gc,phases   ] GC(353) Concurrent Process Non-Strong References 4.762ms
[47.023s][info][gc,phases   ] GC(353) Concurrent Reset Relocation Set 0.039ms
[47.032s][info][gc,phases   ] GC(353) Concurrent Select Relocation Set 9.184ms
[47.033s][info][gc,phases   ] GC(353) Pause Relocate Start 0.008ms
[47.037s][info][gc,phases   ] GC(353) Concurrent Relocate 4.570ms
[47.037s][info][gc,load     ] GC(353) Load: 0.00/0.00/0.00
[47.038s][info][gc,mmu      ] GC(353) MMU: 2ms/95.9%, 5ms/98.4%, 10ms/99.2%, 20ms/99.6%, 50ms/99.8%, 100ms/99.9%
[47.038s][info][gc,marking  ] GC(353) Mark: 8 stripe(s), 3 proactive flush(es), 1 terminate flush(es), 0 completion(s), 0 continuation(s) 
[47.038s][info][gc,marking  ] GC(353) Mark Stack Usage: 32M
[47.038s][info][gc,nmethod  ] GC(353) NMethods: 4453 registered, 626 unregistered
[47.038s][info][gc,metaspace] GC(353) Metaspace: 72M used, 72M committed, 1088M reserved
[47.038s][info][gc,ref      ] GC(353) Soft: 2442 encountered, 0 discovered, 0 enqueued
[47.038s][info][gc,ref      ] GC(353) Weak: 10789 encountered, 1504 discovered, 0 enqueued
[47.038s][info][gc,ref      ] GC(353) Final: 289 encountered, 7 discovered, 0 enqueued
[47.038s][info][gc,ref      ] GC(353) Phantom: 424 encountered, 325 discovered, 0 enqueued
[47.038s][info][gc,reloc    ] GC(353) Small Pages: 276 / 552M, Empty: 246M, Relocated: 8M, In-Place: 0
[47.038s][info][gc,reloc    ] GC(353) Medium Pages: 0 / 0M, Empty: 0M, Relocated: 0M, In-Place: 0
[47.038s][info][gc,reloc    ] GC(353) Large Pages: 0 / 0M, Empty: 0M, Relocated: 0M, In-Place: 0
[47.038s][info][gc,reloc    ] GC(353) Forwarding Usage: 3M
[47.038s][info][gc,heap     ] GC(353) Min Capacity: 8M(1%)
[47.038s][info][gc,heap     ] GC(353) Max Capacity: 1024M(100%)
[47.038s][info][gc,heap     ] GC(353) Soft Max Capacity: 1024M(100%)
[47.038s][info][gc,heap     ] GC(353)                Mark Start          Mark End        Relocate Start      Relocate End           High               Low         
[47.038s][info][gc,heap     ] GC(353)  Capacity:     1024M (100%)       1024M (100%)       1024M (100%)       1024M (100%)       1024M (100%)       1024M (100%)   
[47.038s][info][gc,heap     ] GC(353)      Free:      472M (46%)         372M (36%)         550M (54%)         774M (76%)         776M (76%)         346M (34%)    
[47.038s][info][gc,heap     ] GC(353)      Used:      552M (54%)         652M (64%)         474M (46%)         250M (24%)         678M (66%)         248M (24%)    
[47.038s][info][gc,heap     ] GC(353)      Live:         -                50M (5%)           50M (5%)           50M (5%)             -                  -          
[47.038s][info][gc,heap     ] GC(353) Allocated:         -               100M (10%)         168M (16%)         177M (17%)            -                  -          
[47.038s][info][gc,heap     ] GC(353)   Garbage:         -               501M (49%)         255M (25%)          22M (2%)             -                  -          
[47.038s][info][gc,heap     ] GC(353) Reclaimed:         -                  -               246M (24%)         479M (47%)            -                  -          
[47.038s][info][gc          ] GC(353) Garbage Collection (Allocation Rate) 552M(54%)->250M(24%)
[47.096s][info][gc,start    ] GC(354) Garbage Collection (Allocation Rate)
[47.096s][info][gc,task     ] GC(354) Using 10 workers
[47.097s][info][gc,phases   ] GC(354) Pause Mark Start 0.011ms
[47.124s][info][gc,phases   ] GC(354) Concurrent Mark 27.090ms
[47.124s][info][gc,phases   ] GC(354) Pause Mark End 0.033ms
[47.127s][info][gc,phases   ] GC(354) Concurrent Mark Free 0.002ms
[47.130s][info][gc,phases   ] GC(354) Concurrent Process Non-Strong References 2.345ms
[47.130s][info][gc,phases   ] GC(354) Concurrent Reset Relocation Set 0.036ms
[47.135s][info][gc,phases   ] GC(354) Concurrent Select Relocation Set 4.839ms
[47.135s][info][gc,phases   ] GC(354) Pause Relocate Start 0.009ms
[47.139s][info][gc,phases   ] GC(354) Concurrent Relocate 4.131ms
[47.140s][info][gc,load     ] GC(354) Load: 0.00/0.00/0.00
[47.140s][info][gc,mmu      ] GC(354) MMU: 2ms/95.9%, 5ms/98.4%, 10ms/99.2%, 20ms/99.6%, 50ms/99.8%, 100ms/99.9%
[47.140s][info][gc,marking  ] GC(354) Mark: 8 stripe(s), 3 proactive flush(es), 1 terminate flush(es), 0 completion(s), 0 continuation(s) 
[47.140s][info][gc,marking  ] GC(354) Mark Stack Usage: 32M
[47.140s][info][gc,nmethod  ] GC(354) NMethods: 4453 registered, 626 unregistered
[47.140s][info][gc,metaspace] GC(354) Metaspace: 72M used, 72M committed, 1088M reserved
[47.140s][info][gc,ref      ] GC(354) Soft: 2442 encountered, 0 discovered, 0 enqueued
[47.140s][info][gc,ref      ] GC(354) Weak: 10789 encountered, 1811 discovered, 0 enqueued
[47.140s][info][gc,ref      ] GC(354) Final: 289 encountered, 33 discovered, 0 enqueued
[47.140s][info][gc,ref      ] GC(354) Phantom: 424 encountered, 254 discovered, 0 enqueued
[47.140s][info][gc,reloc    ] GC(354) Small Pages: 272 / 544M, Empty: 256M, Relocated: 6M, In-Place: 0
[47.140s][info][gc,reloc    ] GC(354) Medium Pages: 0 / 0M, Empty: 0M, Relocated: 0M, In-Place: 0
[47.140s][info][gc,reloc    ] GC(354) Large Pages: 0 / 0M, Empty: 0M, Relocated: 0M, In-Place: 0
[47.140s][info][gc,reloc    ] GC(354) Forwarding Usage: 2M
[47.140s][info][gc,heap     ] GC(354) Min Capacity: 8M(1%)
[47.140s][info][gc,heap     ] GC(354) Max Capacity: 1024M(100%)
[47.140s][info][gc,heap     ] GC(354) Soft Max Capacity: 1024M(100%)
[47.140s][info][gc,heap     ] GC(354)                Mark Start          Mark End        Relocate Start      Relocate End           High               Low         
[47.140s][info][gc,heap     ] GC(354)  Capacity:     1024M (100%)       1024M (100%)       1024M (100%)       1024M (100%)       1024M (100%)       1024M (100%)   
[47.140s][info][gc,heap     ] GC(354)      Free:      480M (47%)         350M (34%)         560M (55%)         764M (75%)         766M (75%)         326M (32%)    
[47.140s][info][gc,heap     ] GC(354)      Used:      544M (53%)         674M (66%)         464M (45%)         260M (25%)         698M (68%)         258M (25%)    
[47.140s][info][gc,heap     ] GC(354)      Live:         -                50M (5%)           50M (5%)           50M (5%)             -                  -          
[47.140s][info][gc,heap     ] GC(354) Allocated:         -               130M (13%)         176M (17%)         185M (18%)            -                  -          
[47.140s][info][gc,heap     ] GC(354)   Garbage:         -               493M (48%)         237M (23%)          24M (2%)             -                  -          
[47.140s][info][gc,heap     ] GC(354) Reclaimed:         -                  -               256M (25%)         469M (46%)            -                  -          
[47.140s][info][gc          ] GC(354) Garbage Collection (Allocation Rate) 544M(53%)->260M(25%)
[47.195s][info][gc,start    ] GC(355) Garbage Collection (Allocation Rate)
[47.195s][info][gc,task     ] GC(355) Using 10 workers
[47.196s][info][gc,phases   ] GC(355) Pause Mark Start 0.011ms
[47.218s][info][gc,phases   ] GC(355) Concurrent Mark 22.009ms
[47.218s][info][gc,phases   ] GC(355) Pause Mark End 0.025ms
[47.221s][info][gc,phases   ] GC(355) Concurrent Mark Free 0.002ms
[47.224s][info][gc,phases   ] GC(355) Concurrent Process Non-Strong References 2.954ms
[47.224s][info][gc,phases   ] GC(355) Concurrent Reset Relocation Set 0.043ms
[47.235s][info][gc,phases   ] GC(355) Concurrent Select Relocation Set 11.415ms
[47.236s][info][gc,phases   ] GC(355) Pause Relocate Start 0.009ms
[47.241s][info][gc,phases   ] GC(355) Concurrent Relocate 4.886ms
[47.241s][info][gc,load     ] GC(355) Load: 0.00/0.00/0.00
[47.241s][info][gc,mmu      ] GC(355) MMU: 2ms/95.9%, 5ms/98.4%, 10ms/99.2%, 20ms/99.6%, 50ms/99.8%, 100ms/99.9%
[47.241s][info][gc,marking  ] GC(355) Mark: 8 stripe(s), 2 proactive flush(es), 1 terminate flush(es), 0 completion(s), 0 continuation(s) 
[47.241s][info][gc,marking  ] GC(355) Mark Stack Usage: 32M
[47.241s][info][gc,nmethod  ] GC(355) NMethods: 4453 registered, 626 unregistered
[47.241s][info][gc,metaspace] GC(355) Metaspace: 72M used, 72M committed, 1088M reserved
[47.241s][info][gc,ref      ] GC(355) Soft: 2442 encountered, 0 discovered, 0 enqueued
[47.241s][info][gc,ref      ] GC(355) Weak: 10789 encountered, 1298 discovered, 0 enqueued
[47.241s][info][gc,ref      ] GC(355) Final: 289 encountered, 21 discovered, 0 enqueued
[47.241s][info][gc,ref      ] GC(355) Phantom: 424 encountered, 299 discovered, 0 enqueued
[47.241s][info][gc,reloc    ] GC(355) Small Pages: 271 / 542M, Empty: 250M, Relocated: 6M, In-Place: 0
[47.242s][info][gc,reloc    ] GC(355) Medium Pages: 0 / 0M, Empty: 0M, Relocated: 0M, In-Place: 0
[47.242s][info][gc,reloc    ] GC(355) Large Pages: 0 / 0M, Empty: 0M, Relocated: 0M, In-Place: 0
[47.242s][info][gc,reloc    ] GC(355) Forwarding Usage: 3M
[47.242s][info][gc,heap     ] GC(355) Min Capacity: 8M(1%)
[47.242s][info][gc,heap     ] GC(355) Max Capacity: 1024M(100%)
[47.242s][info][gc,heap     ] GC(355) Soft Max Capacity: 1024M(100%)
[47.242s][info][gc,heap     ] GC(355)                Mark Start          Mark End        Relocate Start      Relocate End           High               Low         
[47.242s][info][gc,heap     ] GC(355)  Capacity:     1024M (100%)       1024M (100%)       1024M (100%)       1024M (100%)       1024M (100%)       1024M (100%)   
[47.242s][info][gc,heap     ] GC(355)      Free:      482M (47%)         374M (37%)         550M (54%)         750M (73%)         754M (74%)         348M (34%)    
[47.242s][info][gc,heap     ] GC(355)      Used:      542M (53%)         650M (63%)         474M (46%)         274M (27%)         676M (66%)         270M (26%)    
[47.242s][info][gc,heap     ] GC(355)      Live:         -                50M (5%)           50M (5%)           50M (5%)             -                  -          
[47.242s][info][gc,heap     ] GC(355) Allocated:         -               108M (11%)         182M (18%)         199M (19%)            -                  -          
[47.242s][info][gc,heap     ] GC(355)   Garbage:         -               491M (48%)         241M (24%)          24M (2%)             -                  -          
[47.242s][info][gc,heap     ] GC(355) Reclaimed:         -                  -               250M (24%)         467M (46%)            -                  -          
[47.242s][info][gc          ] GC(355) Garbage Collection (Allocation Rate) 542M(53%)->274M(27%)
[47.296s][info][gc,start    ] GC(356) Garbage Collection (Allocation Rate)
[47.296s][info][gc,task     ] GC(356) Using 10 workers
[47.296s][info][gc,phases   ] GC(356) Pause Mark Start 0.010ms
[47.320s][info][gc,phases   ] GC(356) Concurrent Mark 23.436ms
[47.320s][info][gc,phases   ] GC(356) Pause Mark End 0.030ms
[47.321s][info][gc,phases   ] GC(356) Concurrent Mark Free 0.001ms
[47.323s][info][gc,phases   ] GC(356) Concurrent Process Non-Strong References 2.256ms
[47.323s][info][gc,phases   ] GC(356) Concurrent Reset Relocation Set 0.038ms
[47.329s][info][gc,phases   ] GC(356) Concurrent Select Relocation Set 6.493ms
[47.330s][info][gc,phases   ] GC(356) Pause Relocate Start 0.010ms
[47.333s][info][gc,phases   ] GC(356) Concurrent Relocate 3.436ms
[47.333s][info][gc,load     ] GC(356) Load: 0.00/0.00/0.00
[47.333s][info][gc,mmu      ] GC(356) MMU: 2ms/95.9%, 5ms/98.4%, 10ms/99.2%, 20ms/99.6%, 50ms/99.8%, 100ms/99.9%
[47.333s][info][gc,marking  ] GC(356) Mark: 8 stripe(s), 3 proactive flush(es), 1 terminate flush(es), 0 completion(s), 0 continuation(s) 
[47.333s][info][gc,marking  ] GC(356) Mark Stack Usage: 32M
[47.333s][info][gc,nmethod  ] GC(356) NMethods: 4453 registered, 626 unregistered
[47.333s][info][gc,metaspace] GC(356) Metaspace: 72M used, 72M committed, 1088M reserved
[47.333s][info][gc,ref      ] GC(356) Soft: 2442 encountered, 0 discovered, 0 enqueued
[47.334s][info][gc,ref      ] GC(356) Weak: 10789 encountered, 1258 discovered, 0 enqueued
[47.334s][info][gc,ref      ] GC(356) Final: 289 encountered, 10 discovered, 0 enqueued
[47.334s][info][gc,ref      ] GC(356) Phantom: 424 encountered, 291 discovered, 0 enqueued
[47.334s][info][gc,reloc    ] GC(356) Small Pages: 272 / 544M, Empty: 256M, Relocated: 6M, In-Place: 0
[47.334s][info][gc,reloc    ] GC(356) Medium Pages: 0 / 0M, Empty: 0M, Relocated: 0M, In-Place: 0
[47.334s][info][gc,reloc    ] GC(356) Large Pages: 0 / 0M, Empty: 0M, Relocated: 0M, In-Place: 0
[47.334s][info][gc,reloc    ] GC(356) Forwarding Usage: 3M
[47.334s][info][gc,heap     ] GC(356) Min Capacity: 8M(1%)
[47.334s][info][gc,heap     ] GC(356) Max Capacity: 1024M(100%)
[47.334s][info][gc,heap     ] GC(356) Soft Max Capacity: 1024M(100%)
[47.334s][info][gc,heap     ] GC(356)                Mark Start          Mark End        Relocate Start      Relocate End           High               Low         
[47.334s][info][gc,heap     ] GC(356)  Capacity:     1024M (100%)       1024M (100%)       1024M (100%)       1024M (100%)       1024M (100%)       1024M (100%)   
[47.334s][info][gc,heap     ] GC(356)      Free:      480M (47%)         364M (36%)         580M (57%)         788M (77%)         788M (77%)         354M (35%)    
[47.334s][info][gc,heap     ] GC(356)      Used:      544M (53%)         660M (64%)         444M (43%)         236M (23%)         670M (65%)         236M (23%)    
[47.334s][info][gc,heap     ] GC(356)      Live:         -                50M (5%)           50M (5%)           50M (5%)             -                  -          
[47.334s][info][gc,heap     ] GC(356) Allocated:         -               116M (11%)         156M (15%)         161M (16%)            -                  -          
[47.334s][info][gc,heap     ] GC(356)   Garbage:         -               493M (48%)         237M (23%)          24M (2%)             -                  -          
[47.334s][info][gc,heap     ] GC(356) Reclaimed:         -                  -               256M (25%)         469M (46%)            -                  -          
[47.334s][info][gc          ] GC(356) Garbage Collection (Allocation Rate) 544M(53%)->236M(23%)
[47.397s][info][gc,start    ] GC(357) Garbage Collection (Allocation Rate)
[47.397s][info][gc,task     ] GC(357) Using 10 workers
[47.397s][info][gc,phases   ] GC(357) Pause Mark Start 0.011ms
[47.419s][info][gc,phases   ] GC(357) Concurrent Mark 22.070ms
[47.419s][info][gc,phases   ] GC(357) Pause Mark End 0.024ms
[47.422s][info][gc,phases   ] GC(357) Concurrent Mark Free 0.002ms
[47.424s][info][gc,phases   ] GC(357) Concurrent Process Non-Strong References 2.288ms
[47.424s][info][gc,phases   ] GC(357) Concurrent Reset Relocation Set 0.035ms
[47.429s][info][gc,phases   ] GC(357) Concurrent Select Relocation Set 4.794ms
[47.429s][info][gc,phases   ] GC(357) Pause Relocate Start 0.011ms
[47.434s][info][gc,phases   ] GC(357) Concurrent Relocate 4.246ms
[47.434s][info][gc,load     ] GC(357) Load: 0.00/0.00/0.00
[47.434s][info][gc,mmu      ] GC(357) MMU: 2ms/95.9%, 5ms/98.4%, 10ms/99.2%, 20ms/99.6%, 50ms/99.8%, 100ms/99.9%
[47.434s][info][gc,marking  ] GC(357) Mark: 8 stripe(s), 3 proactive flush(es), 1 terminate flush(es), 0 completion(s), 0 continuation(s) 
[47.434s][info][gc,marking  ] GC(357) Mark Stack Usage: 32M
[47.434s][info][gc,nmethod  ] GC(357) NMethods: 4453 registered, 626 unregistered
[47.434s][info][gc,metaspace] GC(357) Metaspace: 72M used, 72M committed, 1088M reserved
[47.434s][info][gc,ref      ] GC(357) Soft: 2442 encountered, 0 discovered, 0 enqueued
[47.434s][info][gc,ref      ] GC(357) Weak: 10789 encountered, 880 discovered, 0 enqueued
[47.434s][info][gc,ref      ] GC(357) Final: 289 encountered, 9 discovered, 0 enqueued
[47.434s][info][gc,ref      ] GC(357) Phantom: 424 encountered, 287 discovered, 0 enqueued
[47.434s][info][gc,reloc    ] GC(357) Small Pages: 277 / 554M, Empty: 224M, Relocated: 6M, In-Place: 0
[47.434s][info][gc,reloc    ] GC(357) Medium Pages: 0 / 0M, Empty: 0M, Relocated: 0M, In-Place: 0
[47.434s][info][gc,reloc    ] GC(357) Large Pages: 0 / 0M, Empty: 0M, Relocated: 0M, In-Place: 0
[47.434s][info][gc,reloc    ] GC(357) Forwarding Usage: 2M
[47.434s][info][gc,heap     ] GC(357) Min Capacity: 8M(1%)
[47.434s][info][gc,heap     ] GC(357) Max Capacity: 1024M(100%)
[47.434s][info][gc,heap     ] GC(357) Soft Max Capacity: 1024M(100%)
[47.434s][info][gc,heap     ] GC(357)                Mark Start          Mark End        Relocate Start      Relocate End           High               Low         
[47.434s][info][gc,heap     ] GC(357)  Capacity:     1024M (100%)       1024M (100%)       1024M (100%)       1024M (100%)       1024M (100%)       1024M (100%)   
[47.434s][info][gc,heap     ] GC(357)      Free:      470M (46%)         362M (35%)         540M (53%)         788M (77%)         788M (77%)         340M (33%)    
[47.434s][info][gc,heap     ] GC(357)      Used:      554M (54%)         662M (65%)         484M (47%)         236M (23%)         684M (67%)         236M (23%)    
[47.434s][info][gc,heap     ] GC(357)      Live:         -                50M (5%)           50M (5%)           50M (5%)             -                  -          
[47.434s][info][gc,heap     ] GC(357) Allocated:         -               108M (11%)         154M (15%)         161M (16%)            -                  -          
[47.434s][info][gc,heap     ] GC(357)   Garbage:         -               503M (49%)         279M (27%)          24M (2%)             -                  -          
[47.434s][info][gc,heap     ] GC(357) Reclaimed:         -                  -               224M (22%)         479M (47%)            -                  -          
[47.434s][info][gc          ] GC(357) Garbage Collection (Allocation Rate) 554M(54%)->236M(23%)
[47.497s][info][gc,start    ] GC(358) Garbage Collection (Allocation Rate)
[47.592s][info][gc,task     ] GC(358) Using 10 workers
[47.592s][info][gc,phases   ] GC(358) Pause Mark Start 0.011ms
[47.615s][info][gc,phases   ] GC(358) Concurrent Mark 22.041ms
[47.615s][info][gc,phases   ] GC(358) Pause Mark End 0.022ms
[47.615s][info][gc,phases   ] GC(358) Concurrent Mark Free 0.001ms
[47.616s][info][gc,phases   ] GC(358) Concurrent Process Non-Strong References 1.469ms
[47.616s][info][gc,phases   ] GC(358) Concurrent Reset Relocation Set 0.025ms
[47.617s][info][gc          ] Allocation Stall (finagle/netty4-2-31) 23.965ms
[47.617s][info][gc          ] Allocation Stall (finagle/netty4-2-72) 23.970ms
[47.617s][info][gc          ] Allocation Stall (finagle/netty4-2-50) 23.986ms
[47.617s][info][gc          ] Allocation Stall (finagle/netty4-2-41) 23.786ms
[47.617s][info][gc          ] Allocation Stall (finagle/netty4-2-18) 23.765ms
[47.617s][info][gc          ] Allocation Stall (finagle/netty4-2-2) 23.834ms
[47.617s][info][gc          ] Allocation Stall (finagle/netty4-2-21) 23.817ms
[47.617s][info][gc          ] Allocation Stall (finagle/netty4-2-24) 23.777ms
[47.617s][info][gc          ] Allocation Stall (finagle/netty4-2-73) 23.992ms
[47.617s][info][gc          ] Allocation Stall (finagle-http-worker-38) 23.990ms
[47.617s][info][gc          ] Allocation Stall (finagle/netty4-2-52) 23.932ms
[47.617s][info][gc          ] Allocation Stall (finagle/netty4-2-40) 23.950ms
[47.617s][info][gc          ] Allocation Stall (finagle/netty4-2-9) 23.796ms
[47.617s][info][gc          ] Allocation Stall (Netty 4 Timer-1) 17.607ms
[47.617s][info][gc          ] Allocation Stall (finagle/netty4-2-14) 23.870ms
[47.617s][info][gc          ] Allocation Stall (finagle-http-worker-6) 23.969ms
[47.617s][info][gc          ] Allocation Stall (finagle/netty4-2-45) 23.827ms
[47.617s][info][gc          ] Allocation Stall (finagle-http-worker-25) 23.980ms
[47.617s][info][gc          ] Allocation Stall (finagle/netty4-2-61) 24.031ms
[47.617s][info][gc          ] Allocation Stall (finagle/netty4-2-64) 24.034ms
[47.617s][info][gc          ] Allocation Stall (finagle/netty4-2-38) 24.088ms
[47.617s][info][gc          ] Allocation Stall (finagle-http-worker-7) 24.034ms
[47.617s][info][gc          ] Allocation Stall (finagle-http-worker-28) 24.032ms
[47.617s][info][gc          ] Allocation Stall (finagle/netty4-2-51) 24.097ms
[47.617s][info][gc          ] Allocation Stall (finagle/netty4-2-19) 24.007ms
[47.617s][info][gc          ] Allocation Stall (finagle/netty4-2-10) 24.051ms
[47.617s][info][gc          ] Allocation Stall (finagle-http-worker-27) 24.024ms
[47.617s][info][gc          ] Allocation Stall (finagle-http-worker-17) 24.079ms
[47.617s][info][gc          ] Allocation Stall (finagle/netty4-2-32) 24.051ms
[47.617s][info][gc          ] Allocation Stall (finagle/netty4-2-92) 24.045ms
[47.617s][info][gc          ] Allocation Stall (finagle-http-worker-39) 24.088ms
[47.617s][info][gc          ] Allocation Stall (finagle/netty4-2-55) 24.074ms
[47.617s][info][gc          ] Allocation Stall (finagle/netty4-2-88) 24.131ms
[47.617s][info][gc          ] Allocation Stall (finagle/netty4-2-79) 24.131ms
[47.617s][info][gc          ] Allocation Stall (finagle/netty4-2-17) 23.848ms
[47.617s][info][gc          ] Allocation Stall (finagle/netty4-2-8) 24.096ms
[47.617s][info][gc          ] Allocation Stall (finagle/netty4-2-11) 24.082ms
[47.617s][info][gc          ] Allocation Stall (finagle/netty4-2-89) 24.057ms
[47.617s][info][gc          ] Allocation Stall (finagle/netty4-2-16) 23.921ms
[47.617s][info][gc          ] Allocation Stall (finagle/netty4-2-53) 24.117ms
[47.617s][info][gc          ] Allocation Stall (finagle-http-worker-8) 24.069ms
[47.617s][info][gc          ] Allocation Stall (finagle-http-worker-5) 24.112ms
[47.617s][info][gc          ] Allocation Stall (finagle/netty4-2-42) 24.059ms
[47.617s][info][gc          ] Allocation Stall (finagle/netty4-2-33) 24.100ms
[47.617s][info][gc          ] Allocation Stall (finagle/netty4-2-5) 24.111ms
[47.617s][info][gc          ] Allocation Stall (finagle/netty4-2-90) 24.117ms
[47.617s][info][gc          ] Allocation Stall (finagle/netty4-2-68) 24.101ms
[47.617s][info][gc          ] Allocation Stall (finagle/netty4-2-78) 24.070ms
[47.617s][info][gc          ] Allocation Stall (finagle-http-worker-16) 24.084ms
[47.617s][info][gc          ] Allocation Stall (finagle/netty4-2-56) 24.096ms
[47.617s][info][gc          ] Allocation Stall (finagle/netty4-2-75) 24.078ms
[47.617s][info][gc          ] Allocation Stall (finagle/netty4-2-82) 24.142ms
[47.617s][info][gc          ] Allocation Stall (finagle/netty4-2-81) 24.124ms
[47.617s][info][gc          ] Allocation Stall (finagle/netty4-2-86) 24.100ms
[47.617s][info][gc          ] Allocation Stall (finagle/netty4-2-71) 24.100ms
[47.617s][info][gc          ] Allocation Stall (finagle-http-worker-19) 24.066ms
[47.617s][info][gc          ] Allocation Stall (finagle/netty4-2-30) 23.991ms
[47.626s][info][gc,phases   ] GC(358) Concurrent Select Relocation Set 9.928ms
[47.627s][info][gc,phases   ] GC(358) Pause Relocate Start 0.010ms
[47.632s][info][gc,phases   ] GC(358) Concurrent Relocate 4.521ms
[47.632s][info][gc,load     ] GC(358) Load: 0.00/0.00/0.00
[47.632s][info][gc,mmu      ] GC(358) MMU: 2ms/95.9%, 5ms/98.4%, 10ms/99.2%, 20ms/99.6%, 50ms/99.8%, 100ms/99.9%
[47.632s][info][gc,marking  ] GC(358) Mark: 8 stripe(s), 2 proactive flush(es), 1 terminate flush(es), 0 completion(s), 0 continuation(s) 
[47.632s][info][gc,marking  ] GC(358) Mark Stack Usage: 32M
[47.632s][info][gc,nmethod  ] GC(358) NMethods: 4453 registered, 626 unregistered
[47.632s][info][gc,metaspace] GC(358) Metaspace: 72M used, 72M committed, 1088M reserved
[47.632s][info][gc,ref      ] GC(358) Soft: 2442 encountered, 0 discovered, 0 enqueued
[47.632s][info][gc,ref      ] GC(358) Weak: 10789 encountered, 1561 discovered, 0 enqueued
[47.632s][info][gc,ref      ] GC(358) Final: 289 encountered, 28 discovered, 0 enqueued
[47.632s][info][gc,ref      ] GC(358) Phantom: 424 encountered, 364 discovered, 0 enqueued
[47.632s][info][gc,reloc    ] GC(358) Small Pages: 512 / 1024M, Empty: 656M, Relocated: 6M, In-Place: 0
[47.632s][info][gc,reloc    ] GC(358) Medium Pages: 0 / 0M, Empty: 0M, Relocated: 0M, In-Place: 0
[47.632s][info][gc,reloc    ] GC(358) Large Pages: 0 / 0M, Empty: 0M, Relocated: 0M, In-Place: 0
[47.632s][info][gc,reloc    ] GC(358) Forwarding Usage: 3M
[47.632s][info][gc,heap     ] GC(358) Min Capacity: 8M(1%)
[47.632s][info][gc,heap     ] GC(358) Max Capacity: 1024M(100%)
[47.632s][info][gc,heap     ] GC(358) Soft Max Capacity: 1024M(100%)
[47.632s][info][gc,heap     ] GC(358)                Mark Start          Mark End        Relocate Start      Relocate End           High               Low         
[47.632s][info][gc,heap     ] GC(358)  Capacity:     1024M (100%)       1024M (100%)       1024M (100%)       1024M (100%)       1024M (100%)       1024M (100%)   
[47.632s][info][gc,heap     ] GC(358)      Free:        0M (0%)            0M (0%)          608M (59%)         898M (88%)         898M (88%)           0M (0%)     
[47.632s][info][gc,heap     ] GC(358)      Used:     1024M (100%)       1024M (100%)        416M (41%)         126M (12%)        1024M (100%)        126M (12%)    
[47.632s][info][gc,heap     ] GC(358)      Live:         -                50M (5%)           50M (5%)           50M (5%)             -                  -          
[47.632s][info][gc,heap     ] GC(358) Allocated:         -                 0M (0%)           48M (5%)           51M (5%)             -                  -          
[47.632s][info][gc,heap     ] GC(358)   Garbage:         -               973M (95%)         317M (31%)          24M (2%)             -                  -          
[47.632s][info][gc,heap     ] GC(358) Reclaimed:         -                  -               656M (64%)         949M (93%)            -                  -          
[47.633s][info][gc          ] GC(358) Garbage Collection (Allocation Rate) 1024M(100%)->126M(12%)
[47.697s][info][gc,start    ] GC(359) Garbage Collection (Allocation Stall)
[47.697s][info][gc,ref      ] GC(359) Clearing All SoftReferences
[47.697s][info][gc,task     ] GC(359) Using 10 workers
[47.697s][info][gc,ref      ] GC(359) Clearing All SoftReferences
[47.697s][info][gc,phases   ] GC(359) Pause Mark Start 0.047ms
[47.722s][info][gc,phases   ] GC(359) Concurrent Mark 24.473ms
[47.722s][info][gc,phases   ] GC(359) Pause Mark End 0.024ms
[47.722s][info][gc,phases   ] GC(359) Concurrent Mark Free 0.002ms
[47.747s][info][gc,phases   ] GC(359) Concurrent Process Non-Strong References 24.854ms
[47.747s][info][gc,phases   ] GC(359) Concurrent Reset Relocation Set 0.052ms
[47.754s][info][gc,phases   ] GC(359) Concurrent Select Relocation Set 6.437ms
[47.754s][info][gc,phases   ] GC(359) Pause Relocate Start 0.010ms
[47.758s][info][gc,phases   ] GC(359) Concurrent Relocate 3.954ms
[47.758s][info][gc,load     ] GC(359) Load: 0.00/0.00/0.00
[47.759s][info][gc,mmu      ] GC(359) MMU: 2ms/95.9%, 5ms/98.4%, 10ms/99.2%, 20ms/99.6%, 50ms/99.8%, 100ms/99.9%
[47.759s][info][gc,marking  ] GC(359) Mark: 8 stripe(s), 3 proactive flush(es), 1 terminate flush(es), 0 completion(s), 0 continuation(s) 
[47.759s][info][gc,marking  ] GC(359) Mark Stack Usage: 32M
[47.759s][info][gc,nmethod  ] GC(359) NMethods: 4453 registered, 626 unregistered
[47.759s][info][gc,metaspace] GC(359) Metaspace: 72M used, 72M committed, 1088M reserved
[47.759s][info][gc,ref      ] GC(359) Soft: 2439 encountered, 2250 discovered, 50 enqueued
[47.759s][info][gc,ref      ] GC(359) Weak: 10789 encountered, 1713 discovered, 4 enqueued
[47.759s][info][gc,ref      ] GC(359) Final: 289 encountered, 18 discovered, 0 enqueued
[47.759s][info][gc,ref      ] GC(359) Phantom: 424 encountered, 252 discovered, 0 enqueued
[47.759s][info][gc,reloc    ] GC(359) Small Pages: 224 / 448M, Empty: 150M, Relocated: 6M, In-Place: 0
[47.759s][info][gc,reloc    ] GC(359) Medium Pages: 0 / 0M, Empty: 0M, Relocated: 0M, In-Place: 0
[47.759s][info][gc,reloc    ] GC(359) Large Pages: 0 / 0M, Empty: 0M, Relocated: 0M, In-Place: 0
[47.759s][info][gc,reloc    ] GC(359) Forwarding Usage: 2M
[47.759s][info][gc,heap     ] GC(359) Min Capacity: 8M(1%)
[47.759s][info][gc,heap     ] GC(359) Max Capacity: 1024M(100%)
[47.759s][info][gc,heap     ] GC(359) Soft Max Capacity: 1024M(100%)
[47.759s][info][gc,heap     ] GC(359)                Mark Start          Mark End        Relocate Start      Relocate End           High               Low         
[47.759s][info][gc,heap     ] GC(359)  Capacity:     1024M (100%)       1024M (100%)       1024M (100%)       1024M (100%)       1024M (100%)       1024M (100%)   
[47.759s][info][gc,heap     ] GC(359)      Free:      576M (56%)         456M (45%)         458M (45%)         674M (66%)         674M (66%)         334M (33%)    
[47.759s][info][gc,heap     ] GC(359)      Used:      448M (44%)         568M (55%)         566M (55%)         350M (34%)         690M (67%)         350M (34%)    
[47.759s][info][gc,heap     ] GC(359)      Live:         -                49M (5%)           49M (5%)           49M (5%)             -                  -          
[47.759s][info][gc,heap     ] GC(359) Allocated:         -               120M (12%)         268M (26%)         275M (27%)            -                  -          
[47.759s][info][gc,heap     ] GC(359)   Garbage:         -               398M (39%)         248M (24%)          24M (2%)             -                  -          
[47.759s][info][gc,heap     ] GC(359) Reclaimed:         -                  -               150M (15%)         373M (36%)            -                  -          
[47.759s][info][gc          ] GC(359) Garbage Collection (Allocation Stall) 448M(44%)->350M(34%)
[47.796s][info][gc,start    ] GC(360) Garbage Collection (Allocation Rate)
[47.796s][info][gc,task     ] GC(360) Using 10 workers
[47.796s][info][gc,phases   ] GC(360) Pause Mark Start 0.010ms
[47.818s][info][gc,phases   ] GC(360) Concurrent Mark 21.318ms
[47.818s][info][gc,phases   ] GC(360) Pause Mark End 0.031ms
[47.821s][info][gc,phases   ] GC(360) Concurrent Mark Free 0.002ms
[47.824s][info][gc,phases   ] GC(360) Concurrent Process Non-Strong References 2.472ms
[47.824s][info][gc,phases   ] GC(360) Concurrent Reset Relocation Set 0.041ms
[47.834s][info][gc,phases   ] GC(360) Concurrent Select Relocation Set 10.548ms
[47.835s][info][gc,phases   ] GC(360) Pause Relocate Start 0.010ms
[47.839s][info][gc,phases   ] GC(360) Concurrent Relocate 4.102ms
[47.839s][info][gc,load     ] GC(360) Load: 0.00/0.00/0.00
[47.839s][info][gc,mmu      ] GC(360) MMU: 2ms/95.9%, 5ms/98.4%, 10ms/99.2%, 20ms/99.6%, 50ms/99.8%, 100ms/99.9%
[47.839s][info][gc,marking  ] GC(360) Mark: 8 stripe(s), 3 proactive flush(es), 1 terminate flush(es), 0 completion(s), 0 continuation(s) 
[47.839s][info][gc,marking  ] GC(360) Mark Stack Usage: 32M
[47.839s][info][gc,nmethod  ] GC(360) NMethods: 4453 registered, 626 unregistered
[47.839s][info][gc,metaspace] GC(360) Metaspace: 72M used, 72M committed, 1088M reserved
[47.839s][info][gc,ref      ] GC(360) Soft: 2389 encountered, 0 discovered, 0 enqueued
[47.839s][info][gc,ref      ] GC(360) Weak: 10785 encountered, 1643 discovered, 0 enqueued
[47.839s][info][gc,ref      ] GC(360) Final: 289 encountered, 35 discovered, 0 enqueued
[47.839s][info][gc,ref      ] GC(360) Phantom: 424 encountered, 323 discovered, 0 enqueued
[47.839s][info][gc,reloc    ] GC(360) Small Pages: 270 / 540M, Empty: 184M, Relocated: 6M, In-Place: 0
[47.839s][info][gc,reloc    ] GC(360) Medium Pages: 0 / 0M, Empty: 0M, Relocated: 0M, In-Place: 0
[47.840s][info][gc,reloc    ] GC(360) Large Pages: 0 / 0M, Empty: 0M, Relocated: 0M, In-Place: 0
[47.840s][info][gc,reloc    ] GC(360) Forwarding Usage: 3M
[47.840s][info][gc,heap     ] GC(360) Min Capacity: 8M(1%)
[47.840s][info][gc,heap     ] GC(360) Max Capacity: 1024M(100%)
[47.840s][info][gc,heap     ] GC(360) Soft Max Capacity: 1024M(100%)
[47.840s][info][gc,heap     ] GC(360)                Mark Start          Mark End        Relocate Start      Relocate End           High               Low         
[47.840s][info][gc,heap     ] GC(360)  Capacity:     1024M (100%)       1024M (100%)       1024M (100%)       1024M (100%)       1024M (100%)       1024M (100%)   
[47.840s][info][gc,heap     ] GC(360)      Free:      484M (47%)         378M (37%)         488M (48%)         762M (74%)         762M (74%)         350M (34%)    
[47.840s][info][gc,heap     ] GC(360)      Used:      540M (53%)         646M (63%)         536M (52%)         262M (26%)         674M (66%)         262M (26%)    
[47.840s][info][gc,heap     ] GC(360)      Live:         -                50M (5%)           50M (5%)           50M (5%)             -                  -          
[47.840s][info][gc,heap     ] GC(360) Allocated:         -               106M (10%)         180M (18%)         187M (18%)            -                  -          
[47.840s][info][gc,heap     ] GC(360)   Garbage:         -               489M (48%)         305M (30%)          24M (2%)             -                  -          
[47.840s][info][gc,heap     ] GC(360) Reclaimed:         -                  -               184M (18%)         465M (45%)            -                  -          
[47.840s][info][gc          ] GC(360) Garbage Collection (Allocation Rate) 540M(53%)->262M(26%)
[47.896s][info][gc,start    ] GC(361) Garbage Collection (Allocation Rate)
[47.896s][info][gc,task     ] GC(361) Using 10 workers
[47.897s][info][gc,phases   ] GC(361) Pause Mark Start 0.010ms
[47.927s][info][gc,phases   ] GC(361) Concurrent Mark 30.381ms
[47.927s][info][gc,phases   ] GC(361) Pause Mark End 0.028ms
[47.928s][info][gc,phases   ] GC(361) Concurrent Mark Free 0.001ms
[47.930s][info][gc,phases   ] GC(361) Concurrent Process Non-Strong References 2.302ms
[47.930s][info][gc,phases   ] GC(361) Concurrent Reset Relocation Set 0.039ms
[47.939s][info][gc,phases   ] GC(361) Concurrent Select Relocation Set 9.161ms
[47.940s][info][gc,phases   ] GC(361) Pause Relocate Start 0.008ms
[47.944s][info][gc,phases   ] GC(361) Concurrent Relocate 3.995ms
[47.944s][info][gc,load     ] GC(361) Load: 0.00/0.00/0.00
[47.944s][info][gc,mmu      ] GC(361) MMU: 2ms/95.9%, 5ms/98.4%, 10ms/99.2%, 20ms/99.6%, 50ms/99.8%, 100ms/99.9%
[47.944s][info][gc,marking  ] GC(361) Mark: 8 stripe(s), 3 proactive flush(es), 1 terminate flush(es), 0 completion(s), 0 continuation(s) 
[47.944s][info][gc,marking  ] GC(361) Mark Stack Usage: 32M
[47.944s][info][gc,nmethod  ] GC(361) NMethods: 4453 registered, 626 unregistered
[47.944s][info][gc,metaspace] GC(361) Metaspace: 72M used, 72M committed, 1088M reserved
[47.944s][info][gc,ref      ] GC(361) Soft: 2389 encountered, 0 discovered, 0 enqueued
[47.944s][info][gc,ref      ] GC(361) Weak: 10785 encountered, 1172 discovered, 0 enqueued
[47.944s][info][gc,ref      ] GC(361) Final: 289 encountered, 21 discovered, 0 enqueued
[47.944s][info][gc,ref      ] GC(361) Phantom: 424 encountered, 254 discovered, 0 enqueued
[47.944s][info][gc,reloc    ] GC(361) Small Pages: 274 / 548M, Empty: 244M, Relocated: 8M, In-Place: 0
[47.944s][info][gc,reloc    ] GC(361) Medium Pages: 0 / 0M, Empty: 0M, Relocated: 0M, In-Place: 0
[47.944s][info][gc,reloc    ] GC(361) Large Pages: 0 / 0M, Empty: 0M, Relocated: 0M, In-Place: 0
[47.944s][info][gc,reloc    ] GC(361) Forwarding Usage: 3M
[47.944s][info][gc,heap     ] GC(361) Min Capacity: 8M(1%)
[47.944s][info][gc,heap     ] GC(361) Max Capacity: 1024M(100%)
[47.944s][info][gc,heap     ] GC(361) Soft Max Capacity: 1024M(100%)
[47.944s][info][gc,heap     ] GC(361)                Mark Start          Mark End        Relocate Start      Relocate End           High               Low         
[47.944s][info][gc,heap     ] GC(361)  Capacity:     1024M (100%)       1024M (100%)       1024M (100%)       1024M (100%)       1024M (100%)       1024M (100%)   
[47.944s][info][gc,heap     ] GC(361)      Free:      476M (46%)         328M (32%)         518M (51%)         740M (72%)         740M (72%)         316M (31%)    
[47.944s][info][gc,heap     ] GC(361)      Used:      548M (54%)         696M (68%)         506M (49%)         284M (28%)         708M (69%)         284M (28%)    
[47.944s][info][gc,heap     ] GC(361)      Live:         -                50M (5%)           50M (5%)           50M (5%)             -                  -          
[47.944s][info][gc,heap     ] GC(361) Allocated:         -               148M (14%)         202M (20%)         211M (21%)            -                  -          
[47.944s][info][gc,heap     ] GC(361)   Garbage:         -               497M (49%)         253M (25%)          22M (2%)             -                  -          
[47.944s][info][gc,heap     ] GC(361) Reclaimed:         -                  -               244M (24%)         475M (46%)            -                  -          
[47.944s][info][gc          ] GC(361) Garbage Collection (Allocation Rate) 548M(54%)->284M(28%)
[47.996s][info][gc,start    ] GC(362) Garbage Collection (Allocation Rate)
[47.996s][info][gc,task     ] GC(362) Using 10 workers
[47.996s][info][gc,phases   ] GC(362) Pause Mark Start 0.010ms
[48.028s][info][gc,phases   ] GC(362) Concurrent Mark 31.907ms
[48.029s][info][gc,phases   ] GC(362) Pause Mark End 0.027ms
[48.029s][info][gc,phases   ] GC(362) Concurrent Mark Free 0.001ms
[48.034s][info][gc,phases   ] GC(362) Concurrent Process Non-Strong References 4.793ms
[48.034s][info][gc,phases   ] GC(362) Concurrent Reset Relocation Set 0.035ms
[48.039s][info][gc,phases   ] GC(362) Concurrent Select Relocation Set 4.987ms
[48.039s][info][gc,phases   ] GC(362) Pause Relocate Start 0.008ms
[48.044s][info][gc,phases   ] GC(362) Concurrent Relocate 4.317ms
[48.044s][info][gc,load     ] GC(362) Load: 0.00/0.00/0.00
[48.044s][info][gc,mmu      ] GC(362) MMU: 2ms/95.9%, 5ms/98.4%, 10ms/99.2%, 20ms/99.6%, 50ms/99.8%, 100ms/99.9%
[48.044s][info][gc,marking  ] GC(362) Mark: 8 stripe(s), 3 proactive flush(es), 1 terminate flush(es), 0 completion(s), 0 continuation(s) 
[48.044s][info][gc,marking  ] GC(362) Mark Stack Usage: 32M
[48.044s][info][gc,nmethod  ] GC(362) NMethods: 4453 registered, 626 unregistered
[48.044s][info][gc,metaspace] GC(362) Metaspace: 72M used, 72M committed, 1088M reserved
[48.044s][info][gc,ref      ] GC(362) Soft: 2389 encountered, 0 discovered, 0 enqueued
[48.044s][info][gc,ref      ] GC(362) Weak: 10785 encountered, 1346 discovered, 0 enqueued
[48.044s][info][gc,ref      ] GC(362) Final: 289 encountered, 14 discovered, 0 enqueued
[48.044s][info][gc,ref      ] GC(362) Phantom: 424 encountered, 241 discovered, 0 enqueued
[48.044s][info][gc,reloc    ] GC(362) Small Pages: 272 / 544M, Empty: 244M, Relocated: 6M, In-Place: 0
[48.044s][info][gc,reloc    ] GC(362) Medium Pages: 0 / 0M, Empty: 0M, Relocated: 0M, In-Place: 0
[48.044s][info][gc,reloc    ] GC(362) Large Pages: 0 / 0M, Empty: 0M, Relocated: 0M, In-Place: 0
[48.044s][info][gc,reloc    ] GC(362) Forwarding Usage: 3M
[48.044s][info][gc,heap     ] GC(362) Min Capacity: 8M(1%)
[48.044s][info][gc,heap     ] GC(362) Max Capacity: 1024M(100%)
[48.044s][info][gc,heap     ] GC(362) Soft Max Capacity: 1024M(100%)
[48.044s][info][gc,heap     ] GC(362)                Mark Start          Mark End        Relocate Start      Relocate End           High               Low         
[48.044s][info][gc,heap     ] GC(362)  Capacity:     1024M (100%)       1024M (100%)       1024M (100%)       1024M (100%)       1024M (100%)       1024M (100%)   
[48.044s][info][gc,heap     ] GC(362)      Free:      480M (47%)         324M (32%)         524M (51%)         738M (72%)         740M (72%)         304M (30%)    
[48.044s][info][gc,heap     ] GC(362)      Used:      544M (53%)         700M (68%)         500M (49%)         286M (28%)         720M (70%)         284M (28%)    
[48.044s][info][gc,heap     ] GC(362)      Live:         -                50M (5%)           50M (5%)           50M (5%)             -                  -          
[48.044s][info][gc,heap     ] GC(362) Allocated:         -               156M (15%)         200M (20%)         211M (21%)            -                  -          
[48.044s][info][gc,heap     ] GC(362)   Garbage:         -               493M (48%)         249M (24%)          24M (2%)             -                  -          
[48.044s][info][gc,heap     ] GC(362) Reclaimed:         -                  -               244M (24%)         469M (46%)            -                  -          
[48.044s][info][gc          ] GC(362) Garbage Collection (Allocation Rate) 544M(53%)->286M(28%)
[48.096s][info][gc,start    ] GC(363) Garbage Collection (Allocation Rate)
[48.097s][info][gc,task     ] GC(363) Using 10 workers
[48.097s][info][gc,phases   ] GC(363) Pause Mark Start 0.010ms
[48.118s][info][gc,phases   ] GC(363) Concurrent Mark 21.330ms
[48.119s][info][gc,phases   ] GC(363) Pause Mark End 0.028ms
[48.120s][info][gc,phases   ] GC(363) Concurrent Mark Free 0.002ms
[48.122s][info][gc,phases   ] GC(363) Concurrent Process Non-Strong References 2.262ms
[48.122s][info][gc,phases   ] GC(363) Concurrent Reset Relocation Set 0.034ms
[48.127s][info][gc,phases   ] GC(363) Concurrent Select Relocation Set 4.869ms
[48.127s][info][gc,phases   ] GC(363) Pause Relocate Start 0.009ms
[48.133s][info][gc,phases   ] GC(363) Concurrent Relocate 5.097ms
[48.133s][info][gc,load     ] GC(363) Load: 0.00/0.00/0.00
[48.133s][info][gc,mmu      ] GC(363) MMU: 2ms/95.9%, 5ms/98.4%, 10ms/99.2%, 20ms/99.6%, 50ms/99.8%, 100ms/99.9%
[48.133s][info][gc,marking  ] GC(363) Mark: 8 stripe(s), 3 proactive flush(es), 1 terminate flush(es), 0 completion(s), 0 continuation(s) 
[48.133s][info][gc,marking  ] GC(363) Mark Stack Usage: 32M
[48.133s][info][gc,nmethod  ] GC(363) NMethods: 4453 registered, 626 unregistered
[48.133s][info][gc,metaspace] GC(363) Metaspace: 72M used, 72M committed, 1088M reserved
[48.133s][info][gc,ref      ] GC(363) Soft: 2389 encountered, 0 discovered, 0 enqueued
[48.133s][info][gc,ref      ] GC(363) Weak: 10785 encountered, 1375 discovered, 0 enqueued
[48.133s][info][gc,ref      ] GC(363) Final: 289 encountered, 24 discovered, 0 enqueued
[48.133s][info][gc,ref      ] GC(363) Phantom: 424 encountered, 330 discovered, 0 enqueued
[48.133s][info][gc,reloc    ] GC(363) Small Pages: 274 / 548M, Empty: 238M, Relocated: 6M, In-Place: 0
[48.133s][info][gc,reloc    ] GC(363) Medium Pages: 0 / 0M, Empty: 0M, Relocated: 0M, In-Place: 0
[48.133s][info][gc,reloc    ] GC(363) Large Pages: 0 / 0M, Empty: 0M, Relocated: 0M, In-Place: 0
[48.133s][info][gc,reloc    ] GC(363) Forwarding Usage: 2M
[48.133s][info][gc,heap     ] GC(363) Min Capacity: 8M(1%)
[48.133s][info][gc,heap     ] GC(363) Max Capacity: 1024M(100%)
[48.133s][info][gc,heap     ] GC(363) Soft Max Capacity: 1024M(100%)
[48.133s][info][gc,heap     ] GC(363)                Mark Start          Mark End        Relocate Start      Relocate End           High               Low         
[48.133s][info][gc,heap     ] GC(363)  Capacity:     1024M (100%)       1024M (100%)       1024M (100%)       1024M (100%)       1024M (100%)       1024M (100%)   
[48.133s][info][gc,heap     ] GC(363)      Free:      476M (46%)         372M (36%)         574M (56%)         794M (78%)         802M (78%)         358M (35%)    
[48.133s][info][gc,heap     ] GC(363)      Used:      548M (54%)         652M (64%)         450M (44%)         230M (22%)         666M (65%)         222M (22%)    
[48.133s][info][gc,heap     ] GC(363)      Live:         -                50M (5%)           50M (5%)           50M (5%)             -                  -          
[48.133s][info][gc,heap     ] GC(363) Allocated:         -               104M (10%)         140M (14%)         155M (15%)            -                  -          
[48.133s][info][gc,heap     ] GC(363)   Garbage:         -               497M (49%)         259M (25%)          24M (2%)             -                  -          
[48.133s][info][gc,heap     ] GC(363) Reclaimed:         -                  -               238M (23%)         473M (46%)            -                  -          
[48.133s][info][gc          ] GC(363) Garbage Collection (Allocation Rate) 548M(54%)->230M(22%)
[48.195s][info][gc,start    ] GC(364) Garbage Collection (Allocation Rate)
[48.196s][info][gc,task     ] GC(364) Using 10 workers
[48.196s][info][gc,phases   ] GC(364) Pause Mark Start 0.011ms
[48.222s][info][gc,phases   ] GC(364) Concurrent Mark 26.162ms
[48.222s][info][gc,phases   ] GC(364) Pause Mark End 0.024ms
[48.224s][info][gc,phases   ] GC(364) Concurrent Mark Free 0.001ms
[48.226s][info][gc,phases   ] GC(364) Concurrent Process Non-Strong References 2.421ms
[48.227s][info][gc,phases   ] GC(364) Concurrent Reset Relocation Set 0.040ms
[48.231s][info][gc,phases   ] GC(364) Concurrent Select Relocation Set 4.790ms
[48.232s][info][gc,phases   ] GC(364) Pause Relocate Start 0.008ms
[48.236s][info][gc,phases   ] GC(364) Concurrent Relocate 3.960ms
[48.236s][info][gc,load     ] GC(364) Load: 0.00/0.00/0.00
[48.236s][info][gc,mmu      ] GC(364) MMU: 2ms/95.9%, 5ms/98.4%, 10ms/99.2%, 20ms/99.6%, 50ms/99.8%, 100ms/99.9%
[48.236s][info][gc,marking  ] GC(364) Mark: 8 stripe(s), 3 proactive flush(es), 1 terminate flush(es), 0 completion(s), 0 continuation(s) 
[48.236s][info][gc,marking  ] GC(364) Mark Stack Usage: 32M
[48.236s][info][gc,nmethod  ] GC(364) NMethods: 4454 registered, 626 unregistered
[48.236s][info][gc,metaspace] GC(364) Metaspace: 72M used, 72M committed, 1088M reserved
[48.236s][info][gc,ref      ] GC(364) Soft: 2389 encountered, 0 discovered, 0 enqueued
[48.236s][info][gc,ref      ] GC(364) Weak: 10785 encountered, 1527 discovered, 0 enqueued
[48.236s][info][gc,ref      ] GC(364) Final: 289 encountered, 29 discovered, 0 enqueued
[48.236s][info][gc,ref      ] GC(364) Phantom: 424 encountered, 232 discovered, 0 enqueued
[48.236s][info][gc,reloc    ] GC(364) Small Pages: 271 / 542M, Empty: 234M, Relocated: 6M, In-Place: 0
[48.236s][info][gc,reloc    ] GC(364) Medium Pages: 0 / 0M, Empty: 0M, Relocated: 0M, In-Place: 0
[48.236s][info][gc,reloc    ] GC(364) Large Pages: 0 / 0M, Empty: 0M, Relocated: 0M, In-Place: 0
[48.236s][info][gc,reloc    ] GC(364) Forwarding Usage: 2M
[48.236s][info][gc,heap     ] GC(364) Min Capacity: 8M(1%)
[48.236s][info][gc,heap     ] GC(364) Max Capacity: 1024M(100%)
[48.236s][info][gc,heap     ] GC(364) Soft Max Capacity: 1024M(100%)
[48.236s][info][gc,heap     ] GC(364)                Mark Start          Mark End        Relocate Start      Relocate End           High               Low         
[48.236s][info][gc,heap     ] GC(364)  Capacity:     1024M (100%)       1024M (100%)       1024M (100%)       1024M (100%)       1024M (100%)       1024M (100%)   
[48.236s][info][gc,heap     ] GC(364)      Free:      482M (47%)         360M (35%)         552M (54%)         778M (76%)         778M (76%)         342M (33%)    
[48.236s][info][gc,heap     ] GC(364)      Used:      542M (53%)         664M (65%)         472M (46%)         246M (24%)         682M (67%)         246M (24%)    
[48.236s][info][gc,heap     ] GC(364)      Live:         -                49M (5%)           49M (5%)           49M (5%)             -                  -          
[48.236s][info][gc,heap     ] GC(364) Allocated:         -               122M (12%)         164M (16%)         171M (17%)            -                  -          
[48.236s][info][gc,heap     ] GC(364)   Garbage:         -               492M (48%)         258M (25%)          24M (2%)             -                  -          
[48.236s][info][gc,heap     ] GC(364) Reclaimed:         -                  -               234M (23%)         467M (46%)            -                  -          
[48.236s][info][gc          ] GC(364) Garbage Collection (Allocation Rate) 542M(53%)->246M(24%)
[48.296s][info][gc,start    ] GC(365) Garbage Collection (Allocation Rate)
[48.296s][info][gc,task     ] GC(365) Using 10 workers
[48.296s][info][gc,phases   ] GC(365) Pause Mark Start 0.009ms
[48.317s][info][gc,phases   ] GC(365) Concurrent Mark 21.330ms
[48.318s][info][gc,phases   ] GC(365) Pause Mark End 0.027ms
[48.321s][info][gc,phases   ] GC(365) Concurrent Mark Free 0.002ms
[48.323s][info][gc,phases   ] GC(365) Concurrent Process Non-Strong References 2.347ms
[48.323s][info][gc,phases   ] GC(365) Concurrent Reset Relocation Set 0.039ms
[48.332s][info][gc,phases   ] GC(365) Concurrent Select Relocation Set 9.279ms
[48.333s][info][gc,phases   ] GC(365) Pause Relocate Start 0.010ms
[48.338s][info][gc,phases   ] GC(365) Concurrent Relocate 4.568ms
[48.338s][info][gc,load     ] GC(365) Load: 0.00/0.00/0.00
[48.338s][info][gc,mmu      ] GC(365) MMU: 2ms/95.9%, 5ms/98.4%, 10ms/99.2%, 20ms/99.6%, 50ms/99.8%, 100ms/99.9%
[48.338s][info][gc,marking  ] GC(365) Mark: 8 stripe(s), 3 proactive flush(es), 1 terminate flush(es), 0 completion(s), 0 continuation(s) 
[48.338s][info][gc,marking  ] GC(365) Mark Stack Usage: 32M
[48.338s][info][gc,nmethod  ] GC(365) NMethods: 4442 registered, 638 unregistered
[48.338s][info][gc,metaspace] GC(365) Metaspace: 72M used, 72M committed, 1088M reserved
[48.338s][info][gc,ref      ] GC(365) Soft: 2389 encountered, 0 discovered, 0 enqueued
[48.338s][info][gc,ref      ] GC(365) Weak: 10785 encountered, 1202 discovered, 0 enqueued
[48.338s][info][gc,ref      ] GC(365) Final: 289 encountered, 37 discovered, 0 enqueued
[48.338s][info][gc,ref      ] GC(365) Phantom: 424 encountered, 336 discovered, 0 enqueued
[48.338s][info][gc,reloc    ] GC(365) Small Pages: 272 / 544M, Empty: 220M, Relocated: 6M, In-Place: 0
[48.338s][info][gc,reloc    ] GC(365) Medium Pages: 0 / 0M, Empty: 0M, Relocated: 0M, In-Place: 0
[48.338s][info][gc,reloc    ] GC(365) Large Pages: 0 / 0M, Empty: 0M, Relocated: 0M, In-Place: 0
[48.338s][info][gc,reloc    ] GC(365) Forwarding Usage: 3M
[48.338s][info][gc,heap     ] GC(365) Min Capacity: 8M(1%)
[48.338s][info][gc,heap     ] GC(365) Max Capacity: 1024M(100%)
[48.338s][info][gc,heap     ] GC(365) Soft Max Capacity: 1024M(100%)
[48.338s][info][gc,heap     ] GC(365)                Mark Start          Mark End        Relocate Start      Relocate End           High               Low         
[48.338s][info][gc,heap     ] GC(365)  Capacity:     1024M (100%)       1024M (100%)       1024M (100%)       1024M (100%)       1024M (100%)       1024M (100%)   
[48.338s][info][gc,heap     ] GC(365)      Free:      480M (47%)         376M (37%)         528M (52%)         766M (75%)         770M (75%)         354M (35%)    
[48.338s][info][gc,heap     ] GC(365)      Used:      544M (53%)         648M (63%)         496M (48%)         258M (25%)         670M (65%)         254M (25%)    
[48.338s][info][gc,heap     ] GC(365)      Live:         -                50M (5%)           50M (5%)           50M (5%)             -                  -          
[48.338s][info][gc,heap     ] GC(365) Allocated:         -               104M (10%)         172M (17%)         183M (18%)            -                  -          
[48.338s][info][gc,heap     ] GC(365)   Garbage:         -               493M (48%)         273M (27%)          24M (2%)             -                  -          
[48.338s][info][gc,heap     ] GC(365) Reclaimed:         -                  -               220M (21%)         469M (46%)            -                  -          
[48.338s][info][gc          ] GC(365) Garbage Collection (Allocation Rate) 544M(53%)->258M(25%)
[48.397s][info][gc,start    ] GC(366) Garbage Collection (Allocation Rate)
[48.397s][info][gc,task     ] GC(366) Using 10 workers
[48.397s][info][gc,phases   ] GC(366) Pause Mark Start 0.010ms
[48.420s][info][gc,phases   ] GC(366) Concurrent Mark 22.379ms
[48.420s][info][gc,phases   ] GC(366) Pause Mark End 0.030ms
[48.420s][info][gc,phases   ] GC(366) Concurrent Mark Free 0.001ms
[48.423s][info][gc,phases   ] GC(366) Concurrent Process Non-Strong References 2.376ms
[48.423s][info][gc,phases   ] GC(366) Concurrent Reset Relocation Set 0.038ms
[48.428s][info][gc,phases   ] GC(366) Concurrent Select Relocation Set 4.861ms
[48.428s][info][gc,phases   ] GC(366) Pause Relocate Start 0.009ms
[48.432s][info][gc,phases   ] GC(366) Concurrent Relocate 4.071ms
[48.433s][info][gc,load     ] GC(366) Load: 0.00/0.00/0.00
[48.433s][info][gc,mmu      ] GC(366) MMU: 2ms/95.9%, 5ms/98.4%, 10ms/99.2%, 20ms/99.6%, 50ms/99.8%, 100ms/99.9%
[48.433s][info][gc,marking  ] GC(366) Mark: 8 stripe(s), 3 proactive flush(es), 1 terminate flush(es), 0 completion(s), 0 continuation(s) 
[48.433s][info][gc,marking  ] GC(366) Mark Stack Usage: 32M
[48.433s][info][gc,nmethod  ] GC(366) NMethods: 4442 registered, 638 unregistered
[48.433s][info][gc,metaspace] GC(366) Metaspace: 72M used, 72M committed, 1088M reserved
[48.433s][info][gc,ref      ] GC(366) Soft: 2389 encountered, 0 discovered, 0 enqueued
[48.433s][info][gc,ref      ] GC(366) Weak: 10785 encountered, 1679 discovered, 0 enqueued
[48.433s][info][gc,ref      ] GC(366) Final: 289 encountered, 14 discovered, 0 enqueued
[48.433s][info][gc,ref      ] GC(366) Phantom: 424 encountered, 280 discovered, 0 enqueued
[48.433s][info][gc,reloc    ] GC(366) Small Pages: 276 / 552M, Empty: 244M, Relocated: 6M, In-Place: 0
[48.433s][info][gc,reloc    ] GC(366) Medium Pages: 0 / 0M, Empty: 0M, Relocated: 0M, In-Place: 0
[48.433s][info][gc,reloc    ] GC(366) Large Pages: 0 / 0M, Empty: 0M, Relocated: 0M, In-Place: 0
[48.433s][info][gc,reloc    ] GC(366) Forwarding Usage: 2M
[48.433s][info][gc,heap     ] GC(366) Min Capacity: 8M(1%)
[48.433s][info][gc,heap     ] GC(366) Max Capacity: 1024M(100%)
[48.433s][info][gc,heap     ] GC(366) Soft Max Capacity: 1024M(100%)
[48.433s][info][gc,heap     ] GC(366)                Mark Start          Mark End        Relocate Start      Relocate End           High               Low         
[48.433s][info][gc,heap     ] GC(366)  Capacity:     1024M (100%)       1024M (100%)       1024M (100%)       1024M (100%)       1024M (100%)       1024M (100%)   
[48.433s][info][gc,heap     ] GC(366)      Free:      472M (46%)         360M (35%)         570M (56%)         794M (78%)         796M (78%)         348M (34%)    
[48.433s][info][gc,heap     ] GC(366)      Used:      552M (54%)         664M (65%)         454M (44%)         230M (22%)         676M (66%)         228M (22%)    
[48.433s][info][gc,heap     ] GC(366)      Live:         -                49M (5%)           49M (5%)           49M (5%)             -                  -          
[48.433s][info][gc,heap     ] GC(366) Allocated:         -               112M (11%)         146M (14%)         155M (15%)            -                  -          
[48.433s][info][gc,heap     ] GC(366)   Garbage:         -               502M (49%)         258M (25%)          24M (2%)             -                  -          
[48.433s][info][gc,heap     ] GC(366) Reclaimed:         -                  -               244M (24%)         477M (47%)            -                  -          
[48.433s][info][gc          ] GC(366) Garbage Collection (Allocation Rate) 552M(54%)->230M(22%)
[48.496s][info][gc,start    ] GC(367) Garbage Collection (Allocation Rate)
[48.496s][info][gc,task     ] GC(367) Using 10 workers
[48.496s][info][gc,phases   ] GC(367) Pause Mark Start 0.010ms
[48.519s][info][gc,phases   ] GC(367) Concurrent Mark 22.056ms
[48.519s][info][gc,phases   ] GC(367) Pause Mark End 0.032ms
[48.521s][info][gc,phases   ] GC(367) Concurrent Mark Free 0.002ms
[48.525s][info][gc,phases   ] GC(367) Concurrent Process Non-Strong References 4.273ms
[48.525s][info][gc,phases   ] GC(367) Concurrent Reset Relocation Set 0.043ms
[48.530s][info][gc,phases   ] GC(367) Concurrent Select Relocation Set 4.942ms
[48.531s][info][gc,phases   ] GC(367) Pause Relocate Start 0.011ms
[48.534s][info][gc,phases   ] GC(367) Concurrent Relocate 3.443ms
[48.535s][info][gc,load     ] GC(367) Load: 0.00/0.00/0.00
[48.535s][info][gc,mmu      ] GC(367) MMU: 2ms/95.9%, 5ms/98.4%, 10ms/99.2%, 20ms/99.6%, 50ms/99.8%, 100ms/99.9%
[48.535s][info][gc,marking  ] GC(367) Mark: 8 stripe(s), 3 proactive flush(es), 1 terminate flush(es), 0 completion(s), 0 continuation(s) 
[48.535s][info][gc,marking  ] GC(367) Mark Stack Usage: 32M
[48.535s][info][gc,nmethod  ] GC(367) NMethods: 4442 registered, 638 unregistered
[48.535s][info][gc,metaspace] GC(367) Metaspace: 72M used, 72M committed, 1088M reserved
[48.535s][info][gc,ref      ] GC(367) Soft: 2389 encountered, 0 discovered, 0 enqueued
[48.535s][info][gc,ref      ] GC(367) Weak: 10785 encountered, 1812 discovered, 0 enqueued
[48.535s][info][gc,ref      ] GC(367) Final: 289 encountered, 34 discovered, 0 enqueued
[48.535s][info][gc,ref      ] GC(367) Phantom: 424 encountered, 345 discovered, 0 enqueued
[48.535s][info][gc,reloc    ] GC(367) Small Pages: 274 / 548M, Empty: 240M, Relocated: 6M, In-Place: 0
[48.535s][info][gc,reloc    ] GC(367) Medium Pages: 0 / 0M, Empty: 0M, Relocated: 0M, In-Place: 0
[48.535s][info][gc,reloc    ] GC(367) Large Pages: 0 / 0M, Empty: 0M, Relocated: 0M, In-Place: 0
[48.535s][info][gc,reloc    ] GC(367) Forwarding Usage: 2M
[48.535s][info][gc,heap     ] GC(367) Min Capacity: 8M(1%)
[48.535s][info][gc,heap     ] GC(367) Max Capacity: 1024M(100%)
[48.535s][info][gc,heap     ] GC(367) Soft Max Capacity: 1024M(100%)
[48.535s][info][gc,heap     ] GC(367)                Mark Start          Mark End        Relocate Start      Relocate End           High               Low         
[48.535s][info][gc,heap     ] GC(367)  Capacity:     1024M (100%)       1024M (100%)       1024M (100%)       1024M (100%)       1024M (100%)       1024M (100%)   
[48.535s][info][gc,heap     ] GC(367)      Free:      476M (46%)         368M (36%)         556M (54%)         784M (77%)         784M (77%)         340M (33%)    
[48.535s][info][gc,heap     ] GC(367)      Used:      548M (54%)         656M (64%)         468M (46%)         240M (23%)         684M (67%)         240M (23%)    
[48.535s][info][gc,heap     ] GC(367)      Live:         -                49M (5%)           49M (5%)           49M (5%)             -                  -          
[48.535s][info][gc,heap     ] GC(367) Allocated:         -               108M (11%)         160M (16%)         165M (16%)            -                  -          
[48.535s][info][gc,heap     ] GC(367)   Garbage:         -               498M (49%)         258M (25%)          24M (2%)             -                  -          
[48.535s][info][gc,heap     ] GC(367) Reclaimed:         -                  -               240M (23%)         473M (46%)            -                  -          
[48.535s][info][gc          ] GC(367) Garbage Collection (Allocation Rate) 548M(54%)->240M(23%)
[48.596s][info][gc,start    ] GC(368) Garbage Collection (Allocation Rate)
[48.596s][info][gc,task     ] GC(368) Using 10 workers
[48.597s][info][gc,phases   ] GC(368) Pause Mark Start 0.010ms
[48.621s][info][gc,phases   ] GC(368) Concurrent Mark 24.172ms
[48.621s][info][gc,phases   ] GC(368) Pause Mark End 0.026ms
[48.622s][info][gc,phases   ] GC(368) Concurrent Mark Free 0.001ms
[48.624s][info][gc,phases   ] GC(368) Concurrent Process Non-Strong References 2.302ms
[48.624s][info][gc,phases   ] GC(368) Concurrent Reset Relocation Set 0.036ms
[48.629s][info][gc,phases   ] GC(368) Concurrent Select Relocation Set 4.826ms
[48.629s][info][gc,phases   ] GC(368) Pause Relocate Start 0.008ms
[48.633s][info][gc,phases   ] GC(368) Concurrent Relocate 3.593ms
[48.634s][info][gc,load     ] GC(368) Load: 0.00/0.00/0.00
[48.634s][info][gc,mmu      ] GC(368) MMU: 2ms/95.9%, 5ms/98.4%, 10ms/99.2%, 20ms/99.6%, 50ms/99.8%, 100ms/99.9%
[48.634s][info][gc,marking  ] GC(368) Mark: 8 stripe(s), 3 proactive flush(es), 1 terminate flush(es), 0 completion(s), 0 continuation(s) 
[48.634s][info][gc,marking  ] GC(368) Mark Stack Usage: 32M
[48.634s][info][gc,nmethod  ] GC(368) NMethods: 4442 registered, 638 unregistered
[48.634s][info][gc,metaspace] GC(368) Metaspace: 72M used, 72M committed, 1088M reserved
[48.634s][info][gc,ref      ] GC(368) Soft: 2389 encountered, 0 discovered, 0 enqueued
[48.634s][info][gc,ref      ] GC(368) Weak: 10785 encountered, 1361 discovered, 0 enqueued
[48.634s][info][gc,ref      ] GC(368) Final: 289 encountered, 5 discovered, 0 enqueued
[48.634s][info][gc,ref      ] GC(368) Phantom: 424 encountered, 320 discovered, 0 enqueued
[48.634s][info][gc,reloc    ] GC(368) Small Pages: 274 / 548M, Empty: 244M, Relocated: 6M, In-Place: 0
[48.634s][info][gc,reloc    ] GC(368) Medium Pages: 0 / 0M, Empty: 0M, Relocated: 0M, In-Place: 0
[48.634s][info][gc,reloc    ] GC(368) Large Pages: 0 / 0M, Empty: 0M, Relocated: 0M, In-Place: 0
[48.634s][info][gc,reloc    ] GC(368) Forwarding Usage: 2M
[48.634s][info][gc,heap     ] GC(368) Min Capacity: 8M(1%)
[48.634s][info][gc,heap     ] GC(368) Max Capacity: 1024M(100%)
[48.634s][info][gc,heap     ] GC(368) Soft Max Capacity: 1024M(100%)
[48.634s][info][gc,heap     ] GC(368)                Mark Start          Mark End        Relocate Start      Relocate End           High               Low         
[48.634s][info][gc,heap     ] GC(368)  Capacity:     1024M (100%)       1024M (100%)       1024M (100%)       1024M (100%)       1024M (100%)       1024M (100%)   
[48.634s][info][gc,heap     ] GC(368)      Free:      476M (46%)         358M (35%)         566M (55%)         790M (77%)         792M (77%)         348M (34%)    
[48.634s][info][gc,heap     ] GC(368)      Used:      548M (54%)         666M (65%)         458M (45%)         234M (23%)         676M (66%)         232M (23%)    
[48.634s][info][gc,heap     ] GC(368)      Live:         -                49M (5%)           49M (5%)           49M (5%)             -                  -          
[48.634s][info][gc,heap     ] GC(368) Allocated:         -               118M (12%)         154M (15%)         159M (16%)            -                  -          
[48.634s][info][gc,heap     ] GC(368)   Garbage:         -               498M (49%)         254M (25%)          24M (2%)             -                  -          
[48.634s][info][gc,heap     ] GC(368) Reclaimed:         -                  -               244M (24%)         473M (46%)            -                  -          
[48.634s][info][gc          ] GC(368) Garbage Collection (Allocation Rate) 548M(54%)->234M(23%)
[48.696s][info][gc,start    ] GC(369) Garbage Collection (Allocation Rate)
[48.696s][info][gc,task     ] GC(369) Using 10 workers
[48.697s][info][gc,phases   ] GC(369) Pause Mark Start 0.009ms
[48.719s][info][gc,phases   ] GC(369) Concurrent Mark 21.989ms
[48.719s][info][gc,phases   ] GC(369) Pause Mark End 0.022ms
[48.720s][info][gc,phases   ] GC(369) Concurrent Mark Free 0.002ms
[48.723s][info][gc,phases   ] GC(369) Concurrent Process Non-Strong References 2.452ms
[48.723s][info][gc,phases   ] GC(369) Concurrent Reset Relocation Set 0.037ms
[48.728s][info][gc,phases   ] GC(369) Concurrent Select Relocation Set 4.765ms
[48.728s][info][gc,phases   ] GC(369) Pause Relocate Start 0.007ms
[48.731s][info][gc,phases   ] GC(369) Concurrent Relocate 3.236ms
[48.731s][info][gc,load     ] GC(369) Load: 0.00/0.00/0.00
[48.731s][info][gc,mmu      ] GC(369) MMU: 2ms/95.9%, 5ms/98.4%, 10ms/99.2%, 20ms/99.6%, 50ms/99.8%, 100ms/99.9%
[48.731s][info][gc,marking  ] GC(369) Mark: 8 stripe(s), 3 proactive flush(es), 1 terminate flush(es), 0 completion(s), 0 continuation(s) 
[48.731s][info][gc,marking  ] GC(369) Mark Stack Usage: 32M
[48.731s][info][gc,nmethod  ] GC(369) NMethods: 4442 registered, 638 unregistered
[48.731s][info][gc,metaspace] GC(369) Metaspace: 72M used, 72M committed, 1088M reserved
[48.731s][info][gc,ref      ] GC(369) Soft: 2389 encountered, 0 discovered, 0 enqueued
[48.732s][info][gc,ref      ] GC(369) Weak: 10785 encountered, 1839 discovered, 0 enqueued
[48.732s][info][gc,ref      ] GC(369) Final: 289 encountered, 46 discovered, 0 enqueued
[48.732s][info][gc,ref      ] GC(369) Phantom: 424 encountered, 360 discovered, 0 enqueued
[48.732s][info][gc,reloc    ] GC(369) Small Pages: 274 / 548M, Empty: 250M, Relocated: 6M, In-Place: 0
[48.732s][info][gc,reloc    ] GC(369) Medium Pages: 0 / 0M, Empty: 0M, Relocated: 0M, In-Place: 0
[48.732s][info][gc,reloc    ] GC(369) Large Pages: 0 / 0M, Empty: 0M, Relocated: 0M, In-Place: 0
[48.732s][info][gc,reloc    ] GC(369) Forwarding Usage: 2M
[48.732s][info][gc,heap     ] GC(369) Min Capacity: 8M(1%)
[48.732s][info][gc,heap     ] GC(369) Max Capacity: 1024M(100%)
[48.732s][info][gc,heap     ] GC(369) Soft Max Capacity: 1024M(100%)
[48.732s][info][gc,heap     ] GC(369)                Mark Start          Mark End        Relocate Start      Relocate End           High               Low         
[48.732s][info][gc,heap     ] GC(369)  Capacity:     1024M (100%)       1024M (100%)       1024M (100%)       1024M (100%)       1024M (100%)       1024M (100%)   
[48.732s][info][gc,heap     ] GC(369)      Free:      476M (46%)         368M (36%)         582M (57%)         800M (78%)         800M (78%)         354M (35%)    
[48.732s][info][gc,heap     ] GC(369)      Used:      548M (54%)         656M (64%)         442M (43%)         224M (22%)         670M (65%)         224M (22%)    
[48.732s][info][gc,heap     ] GC(369)      Live:         -                49M (5%)           49M (5%)           49M (5%)             -                  -          
[48.732s][info][gc,heap     ] GC(369) Allocated:         -               108M (11%)         144M (14%)         149M (15%)            -                  -          
[48.732s][info][gc,heap     ] GC(369)   Garbage:         -               498M (49%)         248M (24%)          24M (2%)             -                  -          
[48.732s][info][gc,heap     ] GC(369) Reclaimed:         -                  -               250M (24%)         473M (46%)            -                  -          
[48.732s][info][gc          ] GC(369) Garbage Collection (Allocation Rate) 548M(54%)->224M(22%)
[48.796s][info][gc,start    ] GC(370) Garbage Collection (Allocation Rate)
[48.796s][info][gc,task     ] GC(370) Using 10 workers
[48.796s][info][gc,phases   ] GC(370) Pause Mark Start 0.010ms
[48.820s][info][gc,phases   ] GC(370) Concurrent Mark 23.136ms
[48.820s][info][gc,phases   ] GC(370) Pause Mark End 0.026ms
[48.823s][info][gc,phases   ] GC(370) Concurrent Mark Free 0.001ms
[48.825s][info][gc,phases   ] GC(370) Concurrent Process Non-Strong References 2.481ms
[48.825s][info][gc,phases   ] GC(370) Concurrent Reset Relocation Set 0.032ms
[48.834s][info][gc,phases   ] GC(370) Concurrent Select Relocation Set 8.947ms
[48.835s][info][gc,phases   ] GC(370) Pause Relocate Start 0.009ms
[48.838s][info][gc,phases   ] GC(370) Concurrent Relocate 3.539ms
[48.839s][info][gc,load     ] GC(370) Load: 0.00/0.00/0.00
[48.839s][info][gc,mmu      ] GC(370) MMU: 2ms/95.9%, 5ms/98.4%, 10ms/99.2%, 20ms/99.6%, 50ms/99.8%, 100ms/99.9%
[48.839s][info][gc,marking  ] GC(370) Mark: 8 stripe(s), 4 proactive flush(es), 1 terminate flush(es), 0 completion(s), 0 continuation(s) 
[48.839s][info][gc,marking  ] GC(370) Mark Stack Usage: 32M
[48.839s][info][gc,nmethod  ] GC(370) NMethods: 4442 registered, 638 unregistered
[48.839s][info][gc,metaspace] GC(370) Metaspace: 72M used, 72M committed, 1088M reserved
[48.839s][info][gc,ref      ] GC(370) Soft: 2389 encountered, 0 discovered, 0 enqueued
[48.839s][info][gc,ref      ] GC(370) Weak: 10785 encountered, 1436 discovered, 0 enqueued
[48.839s][info][gc,ref      ] GC(370) Final: 289 encountered, 2 discovered, 0 enqueued
[48.839s][info][gc,ref      ] GC(370) Phantom: 424 encountered, 316 discovered, 0 enqueued
[48.839s][info][gc,reloc    ] GC(370) Small Pages: 275 / 550M, Empty: 190M, Relocated: 6M, In-Place: 0
[48.839s][info][gc,reloc    ] GC(370) Medium Pages: 0 / 0M, Empty: 0M, Relocated: 0M, In-Place: 0
[48.839s][info][gc,reloc    ] GC(370) Large Pages: 0 / 0M, Empty: 0M, Relocated: 0M, In-Place: 0
[48.839s][info][gc,reloc    ] GC(370) Forwarding Usage: 3M
[48.839s][info][gc,heap     ] GC(370) Min Capacity: 8M(1%)
[48.839s][info][gc,heap     ] GC(370) Max Capacity: 1024M(100%)
[48.839s][info][gc,heap     ] GC(370) Soft Max Capacity: 1024M(100%)
[48.839s][info][gc,heap     ] GC(370)                Mark Start          Mark End        Relocate Start      Relocate End           High               Low         
[48.839s][info][gc,heap     ] GC(370)  Capacity:     1024M (100%)       1024M (100%)       1024M (100%)       1024M (100%)       1024M (100%)       1024M (100%)   
[48.839s][info][gc,heap     ] GC(370)      Free:      474M (46%)         362M (35%)         488M (48%)         764M (75%)         764M (75%)         340M (33%)    
[48.839s][info][gc,heap     ] GC(370)      Used:      550M (54%)         662M (65%)         536M (52%)         260M (25%)         684M (67%)         260M (25%)    
[48.839s][info][gc,heap     ] GC(370)      Live:         -                50M (5%)           50M (5%)           50M (5%)             -                  -          
[48.839s][info][gc,heap     ] GC(370) Allocated:         -               112M (11%)         176M (17%)         185M (18%)            -                  -          
[48.839s][info][gc,heap     ] GC(370)   Garbage:         -               499M (49%)         309M (30%)          24M (2%)             -                  -          
[48.839s][info][gc,heap     ] GC(370) Reclaimed:         -                  -               190M (19%)         475M (46%)            -                  -          
[48.839s][info][gc          ] GC(370) Garbage Collection (Allocation Rate) 550M(54%)->260M(25%)
[48.895s][info][gc,start    ] GC(371) Garbage Collection (Allocation Rate)
[48.912s][info][gc,task     ] GC(371) Using 10 workers
[48.913s][info][gc,phases   ] GC(371) Pause Mark Start 0.011ms
[48.939s][info][gc,phases   ] GC(371) Concurrent Mark 25.576ms
[48.939s][info][gc,phases   ] GC(371) Pause Mark End 0.030ms
[48.943s][info][gc,phases   ] GC(371) Concurrent Mark Free 0.002ms
[48.946s][info][gc,phases   ] GC(371) Concurrent Process Non-Strong References 2.253ms
[48.946s][info][gc,phases   ] GC(371) Concurrent Reset Relocation Set 0.041ms
[48.955s][info][gc,phases   ] GC(371) Concurrent Select Relocation Set 9.227ms
[48.955s][info][gc,phases   ] GC(371) Pause Relocate Start 0.011ms
[48.960s][info][gc,phases   ] GC(371) Concurrent Relocate 4.028ms
[48.960s][info][gc,load     ] GC(371) Load: 0.00/0.00/0.00
[48.960s][info][gc,mmu      ] GC(371) MMU: 2ms/95.9%, 5ms/98.4%, 10ms/99.2%, 20ms/99.6%, 50ms/99.8%, 100ms/99.9%
[48.960s][info][gc,marking  ] GC(371) Mark: 8 stripe(s), 3 proactive flush(es), 1 terminate flush(es), 0 completion(s), 0 continuation(s) 
[48.960s][info][gc,marking  ] GC(371) Mark Stack Usage: 32M
[48.960s][info][gc,nmethod  ] GC(371) NMethods: 4442 registered, 638 unregistered
[48.960s][info][gc,metaspace] GC(371) Metaspace: 72M used, 72M committed, 1088M reserved
[48.960s][info][gc,ref      ] GC(371) Soft: 2389 encountered, 0 discovered, 0 enqueued
[48.960s][info][gc,ref      ] GC(371) Weak: 10785 encountered, 1305 discovered, 0 enqueued
[48.960s][info][gc,ref      ] GC(371) Final: 289 encountered, 16 discovered, 0 enqueued
[48.960s][info][gc,ref      ] GC(371) Phantom: 424 encountered, 317 discovered, 0 enqueued
[48.960s][info][gc,reloc    ] GC(371) Small Pages: 315 / 630M, Empty: 300M, Relocated: 6M, In-Place: 0
[48.960s][info][gc,reloc    ] GC(371) Medium Pages: 0 / 0M, Empty: 0M, Relocated: 0M, In-Place: 0
[48.960s][info][gc,reloc    ] GC(371) Large Pages: 0 / 0M, Empty: 0M, Relocated: 0M, In-Place: 0
[48.960s][info][gc,reloc    ] GC(371) Forwarding Usage: 3M
[48.960s][info][gc,heap     ] GC(371) Min Capacity: 8M(1%)
[48.960s][info][gc,heap     ] GC(371) Max Capacity: 1024M(100%)
[48.960s][info][gc,heap     ] GC(371) Soft Max Capacity: 1024M(100%)
[48.960s][info][gc,heap     ] GC(371)                Mark Start          Mark End        Relocate Start      Relocate End           High               Low         
[48.960s][info][gc,heap     ] GC(371)  Capacity:     1024M (100%)       1024M (100%)       1024M (100%)       1024M (100%)       1024M (100%)       1024M (100%)   
[48.960s][info][gc,heap     ] GC(371)      Free:      394M (38%)         270M (26%)         494M (48%)         742M (72%)         742M (72%)         238M (23%)    
[48.960s][info][gc,heap     ] GC(371)      Used:      630M (62%)         754M (74%)         530M (52%)         282M (28%)         786M (77%)         282M (28%)    
[48.960s][info][gc,heap     ] GC(371)      Live:         -                50M (5%)           50M (5%)           50M (5%)             -                  -          
[48.960s][info][gc,heap     ] GC(371) Allocated:         -               124M (12%)         200M (20%)         207M (20%)            -                  -          
[48.960s][info][gc,heap     ] GC(371)   Garbage:         -               579M (57%)         279M (27%)          24M (2%)             -                  -          
[48.960s][info][gc,heap     ] GC(371) Reclaimed:         -                  -               300M (29%)         555M (54%)            -                  -          
[48.960s][info][gc          ] GC(371) Garbage Collection (Allocation Rate) 630M(62%)->282M(28%)
[48.996s][info][gc,start    ] GC(372) Garbage Collection (Allocation Rate)
[48.996s][info][gc,task     ] GC(372) Using 10 workers
[48.996s][info][gc,phases   ] GC(372) Pause Mark Start 0.012ms
[49.020s][info][gc,phases   ] GC(372) Concurrent Mark 23.831ms
[49.020s][info][gc,phases   ] GC(372) Pause Mark End 0.021ms
[49.021s][info][gc,phases   ] GC(372) Concurrent Mark Free 0.001ms
[49.024s][info][gc,phases   ] GC(372) Concurrent Process Non-Strong References 2.316ms
[49.024s][info][gc,phases   ] GC(372) Concurrent Reset Relocation Set 0.040ms
[49.029s][info][gc,phases   ] GC(372) Concurrent Select Relocation Set 4.776ms
[49.029s][info][gc,phases   ] GC(372) Pause Relocate Start 0.010ms
[49.033s][info][gc,phases   ] GC(372) Concurrent Relocate 3.653ms
[49.033s][info][gc,load     ] GC(372) Load: 0.00/0.00/0.00
[49.033s][info][gc,mmu      ] GC(372) MMU: 2ms/95.9%, 5ms/98.4%, 10ms/99.2%, 20ms/99.6%, 50ms/99.8%, 100ms/99.9%
[49.033s][info][gc,marking  ] GC(372) Mark: 8 stripe(s), 3 proactive flush(es), 1 terminate flush(es), 0 completion(s), 0 continuation(s) 
[49.033s][info][gc,marking  ] GC(372) Mark Stack Usage: 32M
[49.033s][info][gc,nmethod  ] GC(372) NMethods: 4442 registered, 638 unregistered
[49.033s][info][gc,metaspace] GC(372) Metaspace: 72M used, 72M committed, 1088M reserved
[49.033s][info][gc,ref      ] GC(372) Soft: 2389 encountered, 0 discovered, 0 enqueued
[49.033s][info][gc,ref      ] GC(372) Weak: 10785 encountered, 1784 discovered, 0 enqueued
[49.033s][info][gc,ref      ] GC(372) Final: 289 encountered, 15 discovered, 0 enqueued
[49.033s][info][gc,ref      ] GC(372) Phantom: 424 encountered, 279 discovered, 0 enqueued
[49.033s][info][gc,reloc    ] GC(372) Small Pages: 231 / 462M, Empty: 190M, Relocated: 6M, In-Place: 0
[49.033s][info][gc,reloc    ] GC(372) Medium Pages: 0 / 0M, Empty: 0M, Relocated: 0M, In-Place: 0
[49.033s][info][gc,reloc    ] GC(372) Large Pages: 0 / 0M, Empty: 0M, Relocated: 0M, In-Place: 0
[49.033s][info][gc,reloc    ] GC(372) Forwarding Usage: 2M
[49.033s][info][gc,heap     ] GC(372) Min Capacity: 8M(1%)
[49.033s][info][gc,heap     ] GC(372) Max Capacity: 1024M(100%)
[49.033s][info][gc,heap     ] GC(372) Soft Max Capacity: 1024M(100%)
[49.033s][info][gc,heap     ] GC(372)                Mark Start          Mark End        Relocate Start      Relocate End           High               Low         
[49.033s][info][gc,heap     ] GC(372)  Capacity:     1024M (100%)       1024M (100%)       1024M (100%)       1024M (100%)       1024M (100%)       1024M (100%)   
[49.033s][info][gc,heap     ] GC(372)      Free:      562M (55%)         446M (44%)         598M (58%)         788M (77%)         788M (77%)         432M (42%)    
[49.033s][info][gc,heap     ] GC(372)      Used:      462M (45%)         578M (56%)         426M (42%)         236M (23%)         592M (58%)         236M (23%)    
[49.033s][info][gc,heap     ] GC(372)      Live:         -                50M (5%)           50M (5%)           50M (5%)             -                  -          
[49.033s][info][gc,heap     ] GC(372) Allocated:         -               116M (11%)         154M (15%)         161M (16%)            -                  -          
[49.033s][info][gc,heap     ] GC(372)   Garbage:         -               411M (40%)         221M (22%)          24M (2%)             -                  -          
[49.034s][info][gc,heap     ] GC(372) Reclaimed:         -                  -               190M (19%)         387M (38%)            -                  -          
[49.034s][info][gc          ] GC(372) Garbage Collection (Allocation Rate) 462M(45%)->236M(23%)
[49.096s][info][gc,start    ] GC(373) Garbage Collection (Allocation Rate)
[49.096s][info][gc,task     ] GC(373) Using 10 workers
[49.096s][info][gc,phases   ] GC(373) Pause Mark Start 0.011ms
[49.119s][info][gc,phases   ] GC(373) Concurrent Mark 22.739ms
[49.120s][info][gc,phases   ] GC(373) Pause Mark End 0.032ms
[49.122s][info][gc,phases   ] GC(373) Concurrent Mark Free 0.002ms
[49.127s][info][gc,phases   ] GC(373) Concurrent Process Non-Strong References 4.792ms
[49.127s][info][gc,phases   ] GC(373) Concurrent Reset Relocation Set 0.031ms
[49.132s][info][gc,phases   ] GC(373) Concurrent Select Relocation Set 4.815ms
[49.132s][info][gc,phases   ] GC(373) Pause Relocate Start 0.008ms
[49.136s][info][gc,phases   ] GC(373) Concurrent Relocate 4.095ms
[49.136s][info][gc,load     ] GC(373) Load: 0.00/0.00/0.00
[49.136s][info][gc,mmu      ] GC(373) MMU: 2ms/95.9%, 5ms/98.4%, 10ms/99.2%, 20ms/99.6%, 50ms/99.8%, 100ms/99.9%
[49.136s][info][gc,marking  ] GC(373) Mark: 8 stripe(s), 3 proactive flush(es), 1 terminate flush(es), 0 completion(s), 0 continuation(s) 
[49.136s][info][gc,marking  ] GC(373) Mark Stack Usage: 32M
[49.136s][info][gc,nmethod  ] GC(373) NMethods: 4442 registered, 638 unregistered
[49.136s][info][gc,metaspace] GC(373) Metaspace: 72M used, 72M committed, 1088M reserved
[49.136s][info][gc,ref      ] GC(373) Soft: 2389 encountered, 0 discovered, 0 enqueued
[49.136s][info][gc,ref      ] GC(373) Weak: 10785 encountered, 1392 discovered, 0 enqueued
[49.136s][info][gc,ref      ] GC(373) Final: 289 encountered, 19 discovered, 0 enqueued
[49.136s][info][gc,ref      ] GC(373) Phantom: 424 encountered, 284 discovered, 0 enqueued
[49.136s][info][gc,reloc    ] GC(373) Small Pages: 275 / 550M, Empty: 236M, Relocated: 6M, In-Place: 0
[49.137s][info][gc,reloc    ] GC(373) Medium Pages: 0 / 0M, Empty: 0M, Relocated: 0M, In-Place: 0
[49.137s][info][gc,reloc    ] GC(373) Large Pages: 0 / 0M, Empty: 0M, Relocated: 0M, In-Place: 0
[49.137s][info][gc,reloc    ] GC(373) Forwarding Usage: 2M
[49.137s][info][gc,heap     ] GC(373) Min Capacity: 8M(1%)
[49.137s][info][gc,heap     ] GC(373) Max Capacity: 1024M(100%)
[49.137s][info][gc,heap     ] GC(373) Soft Max Capacity: 1024M(100%)
[49.137s][info][gc,heap     ] GC(373)                Mark Start          Mark End        Relocate Start      Relocate End           High               Low         
[49.137s][info][gc,heap     ] GC(373)  Capacity:     1024M (100%)       1024M (100%)       1024M (100%)       1024M (100%)       1024M (100%)       1024M (100%)   
[49.137s][info][gc,heap     ] GC(373)      Free:      474M (46%)         364M (36%)         544M (53%)         774M (76%)         778M (76%)         330M (32%)    
[49.137s][info][gc,heap     ] GC(373)      Used:      550M (54%)         660M (64%)         480M (47%)         250M (24%)         694M (68%)         246M (24%)    
[49.137s][info][gc,heap     ] GC(373)      Live:         -                50M (5%)           50M (5%)           50M (5%)             -                  -          
[49.137s][info][gc,heap     ] GC(373) Allocated:         -               110M (11%)         166M (16%)         175M (17%)            -                  -          
[49.137s][info][gc,heap     ] GC(373)   Garbage:         -               499M (49%)         263M (26%)          24M (2%)             -                  -          
[49.137s][info][gc,heap     ] GC(373) Reclaimed:         -                  -               236M (23%)         475M (46%)            -                  -          
[49.137s][info][gc          ] GC(373) Garbage Collection (Allocation Rate) 550M(54%)->250M(24%)
[49.195s][info][gc,start    ] GC(374) Garbage Collection (Allocation Rate)
[49.195s][info][gc,task     ] GC(374) Using 10 workers
[49.196s][info][gc,phases   ] GC(374) Pause Mark Start 0.010ms
[49.225s][info][gc,phases   ] GC(374) Concurrent Mark 28.688ms
[49.225s][info][gc,phases   ] GC(374) Pause Mark End 0.024ms
[49.226s][info][gc,phases   ] GC(374) Concurrent Mark Free 0.001ms
[49.228s][info][gc,phases   ] GC(374) Concurrent Process Non-Strong References 2.664ms
[49.229s][info][gc,phases   ] GC(374) Concurrent Reset Relocation Set 0.034ms
[49.238s][info][gc,phases   ] GC(374) Concurrent Select Relocation Set 9.044ms
[49.238s][info][gc,phases   ] GC(374) Pause Relocate Start 0.009ms
[49.243s][info][gc,phases   ] GC(374) Concurrent Relocate 5.169ms
[49.243s][info][gc,load     ] GC(374) Load: 0.00/0.00/0.00
[49.243s][info][gc,mmu      ] GC(374) MMU: 2ms/95.9%, 5ms/98.4%, 10ms/99.2%, 20ms/99.6%, 50ms/99.8%, 100ms/99.9%
[49.243s][info][gc,marking  ] GC(374) Mark: 8 stripe(s), 3 proactive flush(es), 1 terminate flush(es), 0 completion(s), 0 continuation(s) 
[49.244s][info][gc,marking  ] GC(374) Mark Stack Usage: 32M
[49.244s][info][gc,nmethod  ] GC(374) NMethods: 4442 registered, 638 unregistered
[49.244s][info][gc,metaspace] GC(374) Metaspace: 72M used, 72M committed, 1088M reserved
[49.244s][info][gc,ref      ] GC(374) Soft: 2389 encountered, 0 discovered, 0 enqueued
[49.244s][info][gc,ref      ] GC(374) Weak: 10785 encountered, 1257 discovered, 0 enqueued
[49.244s][info][gc,ref      ] GC(374) Final: 289 encountered, 43 discovered, 0 enqueued
[49.244s][info][gc,ref      ] GC(374) Phantom: 424 encountered, 341 discovered, 0 enqueued
[49.244s][info][gc,reloc    ] GC(374) Small Pages: 272 / 544M, Empty: 242M, Relocated: 6M, In-Place: 0
[49.244s][info][gc,reloc    ] GC(374) Medium Pages: 0 / 0M, Empty: 0M, Relocated: 0M, In-Place: 0
[49.244s][info][gc,reloc    ] GC(374) Large Pages: 0 / 0M, Empty: 0M, Relocated: 0M, In-Place: 0
[49.244s][info][gc,reloc    ] GC(374) Forwarding Usage: 3M
[49.244s][info][gc,heap     ] GC(374) Min Capacity: 8M(1%)
[49.244s][info][gc,heap     ] GC(374) Max Capacity: 1024M(100%)
[49.244s][info][gc,heap     ] GC(374) Soft Max Capacity: 1024M(100%)
[49.244s][info][gc,heap     ] GC(374)                Mark Start          Mark End        Relocate Start      Relocate End           High               Low         
[49.244s][info][gc,heap     ] GC(374)  Capacity:     1024M (100%)       1024M (100%)       1024M (100%)       1024M (100%)       1024M (100%)       1024M (100%)   
[49.244s][info][gc,heap     ] GC(374)      Free:      480M (47%)         342M (33%)         526M (51%)         738M (72%)         744M (73%)         324M (32%)    
[49.244s][info][gc,heap     ] GC(374)      Used:      544M (53%)         682M (67%)         498M (49%)         286M (28%)         700M (68%)         280M (27%)    
[49.244s][info][gc,heap     ] GC(374)      Live:         -                50M (5%)           50M (5%)           50M (5%)             -                  -          
[49.244s][info][gc,heap     ] GC(374) Allocated:         -               138M (13%)         196M (19%)         211M (21%)            -                  -          
[49.244s][info][gc,heap     ] GC(374)   Garbage:         -               493M (48%)         251M (25%)          24M (2%)             -                  -          
[49.244s][info][gc,heap     ] GC(374) Reclaimed:         -                  -               242M (24%)         469M (46%)            -                  -          
[49.244s][info][gc          ] GC(374) Garbage Collection (Allocation Rate) 544M(53%)->286M(28%)
[49.296s][info][gc,start    ] GC(375) Garbage Collection (Allocation Rate)
[49.296s][info][gc,task     ] GC(375) Using 10 workers
[49.297s][info][gc,phases   ] GC(375) Pause Mark Start 0.010ms
[49.330s][info][gc,phases   ] GC(375) Concurrent Mark 32.696ms
[49.330s][info][gc,phases   ] GC(375) Pause Mark End 0.028ms
[49.331s][info][gc,phases   ] GC(375) Concurrent Mark Free 0.002ms
[49.334s][info][gc,phases   ] GC(375) Concurrent Process Non-Strong References 2.777ms
[49.334s][info][gc,phases   ] GC(375) Concurrent Reset Relocation Set 0.035ms
[49.339s][info][gc,phases   ] GC(375) Concurrent Select Relocation Set 4.986ms
[49.339s][info][gc,phases   ] GC(375) Pause Relocate Start 0.008ms
[49.344s][info][gc,phases   ] GC(375) Concurrent Relocate 4.476ms
[49.344s][info][gc,load     ] GC(375) Load: 0.00/0.00/0.00
[49.344s][info][gc,mmu      ] GC(375) MMU: 2ms/95.9%, 5ms/98.4%, 10ms/99.2%, 20ms/99.6%, 50ms/99.8%, 100ms/99.9%
[49.344s][info][gc,marking  ] GC(375) Mark: 8 stripe(s), 3 proactive flush(es), 1 terminate flush(es), 0 completion(s), 0 continuation(s) 
[49.344s][info][gc,marking  ] GC(375) Mark Stack Usage: 32M
[49.344s][info][gc,nmethod  ] GC(375) NMethods: 4456 registered, 639 unregistered
[49.344s][info][gc,metaspace] GC(375) Metaspace: 72M used, 72M committed, 1088M reserved
[49.344s][info][gc,ref      ] GC(375) Soft: 2389 encountered, 0 discovered, 0 enqueued
[49.344s][info][gc,ref      ] GC(375) Weak: 10785 encountered, 1362 discovered, 0 enqueued
[49.344s][info][gc,ref      ] GC(375) Final: 289 encountered, 1 discovered, 0 enqueued
[49.344s][info][gc,ref      ] GC(375) Phantom: 424 encountered, 264 discovered, 0 enqueued
[49.344s][info][gc,reloc    ] GC(375) Small Pages: 277 / 554M, Empty: 232M, Relocated: 6M, In-Place: 0
[49.344s][info][gc,reloc    ] GC(375) Medium Pages: 0 / 0M, Empty: 0M, Relocated: 0M, In-Place: 0
[49.344s][info][gc,reloc    ] GC(375) Large Pages: 0 / 0M, Empty: 0M, Relocated: 0M, In-Place: 0
[49.344s][info][gc,reloc    ] GC(375) Forwarding Usage: 3M
[49.344s][info][gc,heap     ] GC(375) Min Capacity: 8M(1%)
[49.344s][info][gc,heap     ] GC(375) Max Capacity: 1024M(100%)
[49.344s][info][gc,heap     ] GC(375) Soft Max Capacity: 1024M(100%)
[49.344s][info][gc,heap     ] GC(375)                Mark Start          Mark End        Relocate Start      Relocate End           High               Low         
[49.344s][info][gc,heap     ] GC(375)  Capacity:     1024M (100%)       1024M (100%)       1024M (100%)       1024M (100%)       1024M (100%)       1024M (100%)   
[49.344s][info][gc,heap     ] GC(375)      Free:      470M (46%)         308M (30%)         500M (49%)         736M (72%)         740M (72%)         290M (28%)    
[49.344s][info][gc,heap     ] GC(375)      Used:      554M (54%)         716M (70%)         524M (51%)         288M (28%)         734M (72%)         284M (28%)    
[49.344s][info][gc,heap     ] GC(375)      Live:         -                50M (5%)           50M (5%)           50M (5%)             -                  -          
[49.344s][info][gc,heap     ] GC(375) Allocated:         -               162M (16%)         202M (20%)         213M (21%)            -                  -          
[49.344s][info][gc,heap     ] GC(375)   Garbage:         -               503M (49%)         271M (27%)          24M (2%)             -                  -          
[49.344s][info][gc,heap     ] GC(375) Reclaimed:         -                  -               232M (23%)         479M (47%)            -                  -          
[49.344s][info][gc          ] GC(375) Garbage Collection (Allocation Rate) 554M(54%)->288M(28%)
[49.396s][info][gc,start    ] GC(376) Garbage Collection (Allocation Rate)
[49.396s][info][gc,task     ] GC(376) Using 10 workers
[49.396s][info][gc,phases   ] GC(376) Pause Mark Start 0.012ms
[49.417s][info][gc,phases   ] GC(376) Concurrent Mark 20.637ms
[49.417s][info][gc,phases   ] GC(376) Pause Mark End 0.030ms
[49.417s][info][gc,phases   ] GC(376) Concurrent Mark Free 0.002ms
[49.420s][info][gc,phases   ] GC(376) Concurrent Process Non-Strong References 2.902ms
[49.420s][info][gc,phases   ] GC(376) Concurrent Reset Relocation Set 0.035ms
[49.430s][info][gc,phases   ] GC(376) Concurrent Select Relocation Set 9.284ms
[49.430s][info][gc,phases   ] GC(376) Pause Relocate Start 0.010ms
[49.434s][info][gc,phases   ] GC(376) Concurrent Relocate 4.269ms
[49.435s][info][gc,load     ] GC(376) Load: 0.00/0.00/0.00
[49.435s][info][gc,mmu      ] GC(376) MMU: 2ms/95.9%, 5ms/98.4%, 10ms/99.2%, 20ms/99.6%, 50ms/99.8%, 100ms/99.9%
[49.435s][info][gc,marking  ] GC(376) Mark: 8 stripe(s), 3 proactive flush(es), 1 terminate flush(es), 0 completion(s), 0 continuation(s) 
[49.435s][info][gc,marking  ] GC(376) Mark Stack Usage: 32M
[49.435s][info][gc,nmethod  ] GC(376) NMethods: 4455 registered, 641 unregistered
[49.435s][info][gc,metaspace] GC(376) Metaspace: 72M used, 72M committed, 1088M reserved
[49.435s][info][gc,ref      ] GC(376) Soft: 2389 encountered, 0 discovered, 0 enqueued
[49.435s][info][gc,ref      ] GC(376) Weak: 10785 encountered, 1780 discovered, 0 enqueued
[49.435s][info][gc,ref      ] GC(376) Final: 289 encountered, 29 discovered, 0 enqueued
[49.435s][info][gc,ref      ] GC(376) Phantom: 424 encountered, 337 discovered, 0 enqueued
[49.435s][info][gc,reloc    ] GC(376) Small Pages: 273 / 546M, Empty: 240M, Relocated: 6M, In-Place: 0
[49.435s][info][gc,reloc    ] GC(376) Medium Pages: 0 / 0M, Empty: 0M, Relocated: 0M, In-Place: 0
[49.435s][info][gc,reloc    ] GC(376) Large Pages: 0 / 0M, Empty: 0M, Relocated: 0M, In-Place: 0
[49.435s][info][gc,reloc    ] GC(376) Forwarding Usage: 3M
[49.435s][info][gc,heap     ] GC(376) Min Capacity: 8M(1%)
[49.435s][info][gc,heap     ] GC(376) Max Capacity: 1024M(100%)
[49.435s][info][gc,heap     ] GC(376) Soft Max Capacity: 1024M(100%)
[49.435s][info][gc,heap     ] GC(376)                Mark Start          Mark End        Relocate Start      Relocate End           High               Low         
[49.435s][info][gc,heap     ] GC(376)  Capacity:     1024M (100%)       1024M (100%)       1024M (100%)       1024M (100%)       1024M (100%)       1024M (100%)   
[49.435s][info][gc,heap     ] GC(376)      Free:      478M (47%)         378M (37%)         560M (55%)         782M (76%)         784M (77%)         362M (35%)    
[49.435s][info][gc,heap     ] GC(376)      Used:      546M (53%)         646M (63%)         464M (45%)         242M (24%)         662M (65%)         240M (23%)    
[49.435s][info][gc,heap     ] GC(376)      Live:         -                50M (5%)           50M (5%)           50M (5%)             -                  -          
[49.435s][info][gc,heap     ] GC(376) Allocated:         -               100M (10%)         158M (15%)         167M (16%)            -                  -          
[49.435s][info][gc,heap     ] GC(376)   Garbage:         -               495M (48%)         255M (25%)          24M (2%)             -                  -          
[49.435s][info][gc,heap     ] GC(376) Reclaimed:         -                  -               240M (23%)         471M (46%)            -                  -          
[49.435s][info][gc          ] GC(376) Garbage Collection (Allocation Rate) 546M(53%)->242M(24%)
[49.496s][info][gc,start    ] GC(377) Garbage Collection (Allocation Rate)
[49.496s][info][gc,task     ] GC(377) Using 10 workers
[49.496s][info][gc,phases   ] GC(377) Pause Mark Start 0.010ms
[49.519s][info][gc,phases   ] GC(377) Concurrent Mark 22.375ms
[49.519s][info][gc,phases   ] GC(377) Pause Mark End 0.024ms
[49.522s][info][gc,phases   ] GC(377) Concurrent Mark Free 0.002ms
[49.524s][info][gc,phases   ] GC(377) Concurrent Process Non-Strong References 2.230ms
[49.524s][info][gc,phases   ] GC(377) Concurrent Reset Relocation Set 0.036ms
[49.529s][info][gc,phases   ] GC(377) Concurrent Select Relocation Set 4.887ms
[49.529s][info][gc,phases   ] GC(377) Pause Relocate Start 0.009ms
[49.534s][info][gc,phases   ] GC(377) Concurrent Relocate 4.063ms
[49.534s][info][gc,load     ] GC(377) Load: 0.00/0.00/0.00
[49.534s][info][gc,mmu      ] GC(377) MMU: 2ms/95.9%, 5ms/98.4%, 10ms/99.2%, 20ms/99.6%, 50ms/99.8%, 100ms/99.9%
[49.534s][info][gc,marking  ] GC(377) Mark: 8 stripe(s), 3 proactive flush(es), 1 terminate flush(es), 0 completion(s), 0 continuation(s) 
[49.534s][info][gc,marking  ] GC(377) Mark Stack Usage: 32M
[49.534s][info][gc,nmethod  ] GC(377) NMethods: 4455 registered, 641 unregistered
[49.534s][info][gc,metaspace] GC(377) Metaspace: 72M used, 72M committed, 1088M reserved
[49.534s][info][gc,ref      ] GC(377) Soft: 2389 encountered, 0 discovered, 0 enqueued
[49.534s][info][gc,ref      ] GC(377) Weak: 10785 encountered, 1637 discovered, 0 enqueued
[49.534s][info][gc,ref      ] GC(377) Final: 289 encountered, 43 discovered, 0 enqueued
[49.534s][info][gc,ref      ] GC(377) Phantom: 424 encountered, 309 discovered, 0 enqueued
[49.534s][info][gc,reloc    ] GC(377) Small Pages: 275 / 550M, Empty: 240M, Relocated: 6M, In-Place: 0
[49.534s][info][gc,reloc    ] GC(377) Medium Pages: 0 / 0M, Empty: 0M, Relocated: 0M, In-Place: 0
[49.534s][info][gc,reloc    ] GC(377) Large Pages: 0 / 0M, Empty: 0M, Relocated: 0M, In-Place: 0
[49.534s][info][gc,reloc    ] GC(377) Forwarding Usage: 2M
[49.534s][info][gc,heap     ] GC(377) Min Capacity: 8M(1%)
[49.534s][info][gc,heap     ] GC(377) Max Capacity: 1024M(100%)
[49.534s][info][gc,heap     ] GC(377) Soft Max Capacity: 1024M(100%)
[49.534s][info][gc,heap     ] GC(377)                Mark Start          Mark End        Relocate Start      Relocate End           High               Low         
[49.534s][info][gc,heap     ] GC(377)  Capacity:     1024M (100%)       1024M (100%)       1024M (100%)       1024M (100%)       1024M (100%)       1024M (100%)   
[49.534s][info][gc,heap     ] GC(377)      Free:      474M (46%)         364M (36%)         560M (55%)         786M (77%)         788M (77%)         342M (33%)    
[49.534s][info][gc,heap     ] GC(377)      Used:      550M (54%)         660M (64%)         464M (45%)         238M (23%)         682M (67%)         236M (23%)    
[49.534s][info][gc,heap     ] GC(377)      Live:         -                50M (5%)           50M (5%)           50M (5%)             -                  -          
[49.534s][info][gc,heap     ] GC(377) Allocated:         -               110M (11%)         154M (15%)         163M (16%)            -                  -          
[49.534s][info][gc,heap     ] GC(377)   Garbage:         -               499M (49%)         259M (25%)          24M (2%)             -                  -          
[49.534s][info][gc,heap     ] GC(377) Reclaimed:         -                  -               240M (23%)         475M (46%)            -                  -          
[49.534s][info][gc          ] GC(377) Garbage Collection (Allocation Rate) 550M(54%)->238M(23%)
[49.596s][info][gc,start    ] GC(378) Garbage Collection (Allocation Rate)
[49.596s][info][gc,task     ] GC(378) Using 10 workers
[49.596s][info][gc,phases   ] GC(378) Pause Mark Start 0.010ms
[49.619s][info][gc,phases   ] GC(378) Concurrent Mark 22.065ms
[49.619s][info][gc,phases   ] GC(378) Pause Mark End 0.031ms
[49.620s][info][gc,phases   ] GC(378) Concurrent Mark Free 0.002ms
[49.622s][info][gc,phases   ] GC(378) Concurrent Process Non-Strong References 2.285ms
[49.622s][info][gc,phases   ] GC(378) Concurrent Reset Relocation Set 0.036ms
[49.627s][info][gc,phases   ] GC(378) Concurrent Select Relocation Set 5.024ms
[49.627s][info][gc,phases   ] GC(378) Pause Relocate Start 0.010ms
[49.632s][info][gc,phases   ] GC(378) Concurrent Relocate 4.467ms
[49.632s][info][gc,load     ] GC(378) Load: 0.00/0.00/0.00
[49.632s][info][gc,mmu      ] GC(378) MMU: 2ms/95.9%, 5ms/98.4%, 10ms/99.2%, 20ms/99.6%, 50ms/99.8%, 100ms/99.9%
[49.632s][info][gc,marking  ] GC(378) Mark: 8 stripe(s), 3 proactive flush(es), 1 terminate flush(es), 0 completion(s), 0 continuation(s) 
[49.632s][info][gc,marking  ] GC(378) Mark Stack Usage: 32M
[49.632s][info][gc,nmethod  ] GC(378) NMethods: 4474 registered, 642 unregistered
[49.632s][info][gc,metaspace] GC(378) Metaspace: 72M used, 72M committed, 1088M reserved
[49.632s][info][gc,ref      ] GC(378) Soft: 2427 encountered, 0 discovered, 0 enqueued
[49.632s][info][gc,ref      ] GC(378) Weak: 10711 encountered, 1597 discovered, 20 enqueued
[49.632s][info][gc,ref      ] GC(378) Final: 289 encountered, 8 discovered, 0 enqueued
[49.632s][info][gc,ref      ] GC(378) Phantom: 424 encountered, 313 discovered, 0 enqueued
[49.632s][info][gc,reloc    ] GC(378) Small Pages: 274 / 548M, Empty: 206M, Relocated: 6M, In-Place: 0
[49.632s][info][gc,reloc    ] GC(378) Medium Pages: 0 / 0M, Empty: 0M, Relocated: 0M, In-Place: 0
[49.632s][info][gc,reloc    ] GC(378) Large Pages: 0 / 0M, Empty: 0M, Relocated: 0M, In-Place: 0
[49.632s][info][gc,reloc    ] GC(378) Forwarding Usage: 2M
[49.632s][info][gc,heap     ] GC(378) Min Capacity: 8M(1%)
[49.632s][info][gc,heap     ] GC(378) Max Capacity: 1024M(100%)
[49.633s][info][gc,heap     ] GC(378) Soft Max Capacity: 1024M(100%)
[49.633s][info][gc,heap     ] GC(378)                Mark Start          Mark End        Relocate Start      Relocate End           High               Low         
[49.633s][info][gc,heap     ] GC(378)  Capacity:     1024M (100%)       1024M (100%)       1024M (100%)       1024M (100%)       1024M (100%)       1024M (100%)   
[49.633s][info][gc,heap     ] GC(378)      Free:      476M (46%)         370M (36%)         542M (53%)         798M (78%)         800M (78%)         360M (35%)    
[49.633s][info][gc,heap     ] GC(378)      Used:      548M (54%)         654M (64%)         482M (47%)         226M (22%)         664M (65%)         224M (22%)    
[49.633s][info][gc,heap     ] GC(378)      Live:         -                49M (5%)           49M (5%)           49M (5%)             -                  -          
[49.633s][info][gc,heap     ] GC(378) Allocated:         -               106M (10%)         140M (14%)         151M (15%)            -                  -          
[49.633s][info][gc,heap     ] GC(378)   Garbage:         -               498M (49%)         292M (29%)          24M (2%)             -                  -          
[49.633s][info][gc,heap     ] GC(378) Reclaimed:         -                  -               206M (20%)         473M (46%)            -                  -          
[49.633s][info][gc          ] GC(378) Garbage Collection (Allocation Rate) 548M(54%)->226M(22%)
[49.695s][info][gc,start    ] GC(379) Garbage Collection (Allocation Rate)
[49.695s][info][gc,task     ] GC(379) Using 10 workers
[49.695s][info][gc,phases   ] GC(379) Pause Mark Start 0.012ms
[49.717s][info][gc,phases   ] GC(379) Concurrent Mark 21.235ms
[49.717s][info][gc,phases   ] GC(379) Pause Mark End 0.028ms
[49.718s][info][gc,phases   ] GC(379) Concurrent Mark Free 0.001ms
[49.720s][info][gc,phases   ] GC(379) Concurrent Process Non-Strong References 2.357ms
[49.720s][info][gc,phases   ] GC(379) Concurrent Reset Relocation Set 0.040ms
[49.729s][info][gc,phases   ] GC(379) Concurrent Select Relocation Set 9.085ms
[49.729s][info][gc,phases   ] GC(379) Pause Relocate Start 0.008ms
[49.733s][info][gc,phases   ] GC(379) Concurrent Relocate 3.941ms
[49.734s][info][gc,load     ] GC(379) Load: 0.00/0.00/0.00
[49.734s][info][gc,mmu      ] GC(379) MMU: 2ms/95.9%, 5ms/98.4%, 10ms/99.2%, 20ms/99.6%, 50ms/99.8%, 100ms/99.9%
[49.734s][info][gc,marking  ] GC(379) Mark: 8 stripe(s), 3 proactive flush(es), 1 terminate flush(es), 0 completion(s), 0 continuation(s) 
[49.734s][info][gc,marking  ] GC(379) Mark Stack Usage: 32M
[49.734s][info][gc,nmethod  ] GC(379) NMethods: 4474 registered, 642 unregistered
[49.734s][info][gc,metaspace] GC(379) Metaspace: 72M used, 72M committed, 1088M reserved
[49.734s][info][gc,ref      ] GC(379) Soft: 2427 encountered, 0 discovered, 0 enqueued
[49.734s][info][gc,ref      ] GC(379) Weak: 10642 encountered, 1375 discovered, 13 enqueued
[49.734s][info][gc,ref      ] GC(379) Final: 289 encountered, 0 discovered, 0 enqueued
[49.734s][info][gc,ref      ] GC(379) Phantom: 424 encountered, 289 discovered, 0 enqueued
[49.734s][info][gc,reloc    ] GC(379) Small Pages: 269 / 538M, Empty: 222M, Relocated: 6M, In-Place: 0
[49.734s][info][gc,reloc    ] GC(379) Medium Pages: 0 / 0M, Empty: 0M, Relocated: 0M, In-Place: 0
[49.734s][info][gc,reloc    ] GC(379) Large Pages: 0 / 0M, Empty: 0M, Relocated: 0M, In-Place: 0
[49.734s][info][gc,reloc    ] GC(379) Forwarding Usage: 2M
[49.734s][info][gc,heap     ] GC(379) Min Capacity: 8M(1%)
[49.734s][info][gc,heap     ] GC(379) Max Capacity: 1024M(100%)
[49.734s][info][gc,heap     ] GC(379) Soft Max Capacity: 1024M(100%)
[49.734s][info][gc,heap     ] GC(379)                Mark Start          Mark End        Relocate Start      Relocate End           High               Low         
[49.734s][info][gc,heap     ] GC(379)  Capacity:     1024M (100%)       1024M (100%)       1024M (100%)       1024M (100%)       1024M (100%)       1024M (100%)   
[49.734s][info][gc,heap     ] GC(379)      Free:      486M (47%)         386M (38%)         554M (54%)         788M (77%)         788M (77%)         374M (37%)    
[49.734s][info][gc,heap     ] GC(379)      Used:      538M (53%)         638M (62%)         470M (46%)         236M (23%)         650M (63%)         236M (23%)    
[49.734s][info][gc,heap     ] GC(379)      Live:         -                49M (5%)           49M (5%)           49M (5%)             -                  -          
[49.734s][info][gc,heap     ] GC(379) Allocated:         -               100M (10%)         154M (15%)         161M (16%)            -                  -          
[49.734s][info][gc,heap     ] GC(379)   Garbage:         -               488M (48%)         266M (26%)          24M (2%)             -                  -          
[49.734s][info][gc,heap     ] GC(379) Reclaimed:         -                  -               222M (22%)         463M (45%)            -                  -          
[49.734s][info][gc          ] GC(379) Garbage Collection (Allocation Rate) 538M(53%)->236M(23%)
[49.796s][info][gc,start    ] GC(380) Garbage Collection (Allocation Rate)
[49.796s][info][gc,task     ] GC(380) Using 10 workers
[49.796s][info][gc,phases   ] GC(380) Pause Mark Start 0.011ms
[49.816s][info][gc,phases   ] GC(380) Concurrent Mark 19.767ms
[49.816s][info][gc,phases   ] GC(380) Pause Mark End 0.026ms
[49.816s][info][gc,phases   ] GC(380) Concurrent Mark Free 0.001ms
[49.818s][info][gc,phases   ] GC(380) Concurrent Process Non-Strong References 2.098ms
[49.819s][info][gc,phases   ] GC(380) Concurrent Reset Relocation Set 0.041ms
[49.825s][info][gc,phases   ] GC(380) Concurrent Select Relocation Set 6.395ms
[49.825s][info][gc,phases   ] GC(380) Pause Relocate Start 0.008ms
[49.829s][info][gc,phases   ] GC(380) Concurrent Relocate 3.443ms
[49.829s][info][gc,load     ] GC(380) Load: 0.00/0.00/0.00
[49.829s][info][gc,mmu      ] GC(380) MMU: 2ms/95.9%, 5ms/98.4%, 10ms/99.2%, 20ms/99.6%, 50ms/99.8%, 100ms/99.9%
[49.829s][info][gc,marking  ] GC(380) Mark: 8 stripe(s), 3 proactive flush(es), 1 terminate flush(es), 0 completion(s), 0 continuation(s) 
[49.829s][info][gc,marking  ] GC(380) Mark Stack Usage: 32M
[49.829s][info][gc,nmethod  ] GC(380) NMethods: 4474 registered, 642 unregistered
[49.829s][info][gc,metaspace] GC(380) Metaspace: 72M used, 72M committed, 1088M reserved
[49.829s][info][gc,ref      ] GC(380) Soft: 2427 encountered, 0 discovered, 0 enqueued
[49.829s][info][gc,ref      ] GC(380) Weak: 10578 encountered, 1541 discovered, 12 enqueued
[49.829s][info][gc,ref      ] GC(380) Final: 289 encountered, 9 discovered, 0 enqueued
[49.829s][info][gc,ref      ] GC(380) Phantom: 424 encountered, 294 discovered, 0 enqueued
[49.829s][info][gc,reloc    ] GC(380) Small Pages: 273 / 546M, Empty: 210M, Relocated: 6M, In-Place: 0
[49.829s][info][gc,reloc    ] GC(380) Medium Pages: 0 / 0M, Empty: 0M, Relocated: 0M, In-Place: 0
[49.829s][info][gc,reloc    ] GC(380) Large Pages: 0 / 0M, Empty: 0M, Relocated: 0M, In-Place: 0
[49.829s][info][gc,reloc    ] GC(380) Forwarding Usage: 2M
[49.829s][info][gc,heap     ] GC(380) Min Capacity: 8M(1%)
[49.829s][info][gc,heap     ] GC(380) Max Capacity: 1024M(100%)
[49.829s][info][gc,heap     ] GC(380) Soft Max Capacity: 1024M(100%)
[49.829s][info][gc,heap     ] GC(380)                Mark Start          Mark End        Relocate Start      Relocate End           High               Low         
[49.829s][info][gc,heap     ] GC(380)  Capacity:     1024M (100%)       1024M (100%)       1024M (100%)       1024M (100%)       1024M (100%)       1024M (100%)   
[49.829s][info][gc,heap     ] GC(380)      Free:      478M (47%)         386M (38%)         558M (54%)         810M (79%)         810M (79%)         376M (37%)    
[49.829s][info][gc,heap     ] GC(380)      Used:      546M (53%)         638M (62%)         466M (46%)         214M (21%)         648M (63%)         214M (21%)    
[49.829s][info][gc,heap     ] GC(380)      Live:         -                49M (5%)           49M (5%)           49M (5%)             -                  -          
[49.829s][info][gc,heap     ] GC(380) Allocated:         -                92M (9%)          130M (13%)         139M (14%)            -                  -          
[49.829s][info][gc,heap     ] GC(380)   Garbage:         -               496M (48%)         286M (28%)          24M (2%)             -                  -          
[49.829s][info][gc,heap     ] GC(380) Reclaimed:         -                  -               210M (21%)         471M (46%)            -                  -          
[49.829s][info][gc          ] GC(380) Garbage Collection (Allocation Rate) 546M(53%)->214M(21%)
[49.896s][info][gc,start    ] GC(381) Garbage Collection (Allocation Rate)
[49.897s][info][gc,task     ] GC(381) Using 10 workers
[49.897s][info][gc,phases   ] GC(381) Pause Mark Start 0.012ms
[49.919s][info][gc,phases   ] GC(381) Concurrent Mark 22.145ms
[49.919s][info][gc,phases   ] GC(381) Pause Mark End 0.025ms
[49.920s][info][gc,phases   ] GC(381) Concurrent Mark Free 0.001ms
[49.922s][info][gc,phases   ] GC(381) Concurrent Process Non-Strong References 2.647ms
[49.922s][info][gc,phases   ] GC(381) Concurrent Reset Relocation Set 0.034ms
[49.929s][info][gc,phases   ] GC(381) Concurrent Select Relocation Set 6.450ms
[49.929s][info][gc,phases   ] GC(381) Pause Relocate Start 0.010ms
[49.933s][info][gc,phases   ] GC(381) Concurrent Relocate 4.078ms
[49.934s][info][gc,load     ] GC(381) Load: 0.00/0.00/0.00
[49.934s][info][gc,mmu      ] GC(381) MMU: 2ms/95.9%, 5ms/98.4%, 10ms/99.2%, 20ms/99.6%, 50ms/99.8%, 100ms/99.9%
[49.934s][info][gc,marking  ] GC(381) Mark: 8 stripe(s), 4 proactive flush(es), 1 terminate flush(es), 0 completion(s), 0 continuation(s) 
[49.934s][info][gc,marking  ] GC(381) Mark Stack Usage: 32M
[49.934s][info][gc,nmethod  ] GC(381) NMethods: 4474 registered, 642 unregistered
[49.934s][info][gc,metaspace] GC(381) Metaspace: 72M used, 72M committed, 1088M reserved
[49.934s][info][gc,ref      ] GC(381) Soft: 2427 encountered, 0 discovered, 0 enqueued
[49.934s][info][gc,ref      ] GC(381) Weak: 10518 encountered, 1713 discovered, 12 enqueued
[49.934s][info][gc,ref      ] GC(381) Final: 289 encountered, 34 discovered, 0 enqueued
[49.934s][info][gc,ref      ] GC(381) Phantom: 424 encountered, 298 discovered, 0 enqueued
[49.934s][info][gc,reloc    ] GC(381) Small Pages: 273 / 546M, Empty: 258M, Relocated: 6M, In-Place: 0
[49.934s][info][gc,reloc    ] GC(381) Medium Pages: 0 / 0M, Empty: 0M, Relocated: 0M, In-Place: 0
[49.934s][info][gc,reloc    ] GC(381) Large Pages: 0 / 0M, Empty: 0M, Relocated: 0M, In-Place: 0
[49.934s][info][gc,reloc    ] GC(381) Forwarding Usage: 2M
[49.934s][info][gc,heap     ] GC(381) Min Capacity: 8M(1%)
[49.934s][info][gc,heap     ] GC(381) Max Capacity: 1024M(100%)
[49.934s][info][gc,heap     ] GC(381) Soft Max Capacity: 1024M(100%)
[49.934s][info][gc,heap     ] GC(381)                Mark Start          Mark End        Relocate Start      Relocate End           High               Low         
[49.934s][info][gc,heap     ] GC(381)  Capacity:     1024M (100%)       1024M (100%)       1024M (100%)       1024M (100%)       1024M (100%)       1024M (100%)   
[49.934s][info][gc,heap     ] GC(381)      Free:      478M (47%)         380M (37%)         594M (58%)         796M (78%)         798M (78%)         366M (36%)    
[49.934s][info][gc,heap     ] GC(381)      Used:      546M (53%)         644M (63%)         430M (42%)         228M (22%)         658M (64%)         226M (22%)    
[49.934s][info][gc,heap     ] GC(381)      Live:         -                49M (5%)           49M (5%)           49M (5%)             -                  -          
[49.934s][info][gc,heap     ] GC(381) Allocated:         -                98M (10%)         142M (14%)         153M (15%)            -                  -          
[49.934s][info][gc,heap     ] GC(381)   Garbage:         -               496M (48%)         238M (23%)          24M (2%)             -                  -          
[49.934s][info][gc,heap     ] GC(381) Reclaimed:         -                  -               258M (25%)         471M (46%)            -                  -          
[49.934s][info][gc          ] GC(381) Garbage Collection (Allocation Rate) 546M(53%)->228M(22%)
[49.997s][info][gc,start    ] GC(382) Garbage Collection (Allocation Rate)
[49.997s][info][gc,task     ] GC(382) Using 10 workers
[49.997s][info][gc,phases   ] GC(382) Pause Mark Start 0.010ms
[50.020s][info][gc,phases   ] GC(382) Concurrent Mark 23.329ms
[50.021s][info][gc,phases   ] GC(382) Pause Mark End 0.023ms
[50.021s][info][gc,phases   ] GC(382) Concurrent Mark Free 0.001ms
[50.023s][info][gc,phases   ] GC(382) Concurrent Process Non-Strong References 2.376ms
[50.023s][info][gc,phases   ] GC(382) Concurrent Reset Relocation Set 0.035ms
[50.034s][info][gc,phases   ] GC(382) Concurrent Select Relocation Set 11.084ms
[50.035s][info][gc,phases   ] GC(382) Pause Relocate Start 0.009ms
[50.039s][info][gc,phases   ] GC(382) Concurrent Relocate 4.508ms
[50.039s][info][gc,load     ] GC(382) Load: 0.00/0.00/0.00
[50.039s][info][gc,mmu      ] GC(382) MMU: 2ms/95.9%, 5ms/98.4%, 10ms/99.2%, 20ms/99.6%, 50ms/99.8%, 100ms/99.9%
[50.039s][info][gc,marking  ] GC(382) Mark: 8 stripe(s), 3 proactive flush(es), 1 terminate flush(es), 0 completion(s), 0 continuation(s) 
[50.039s][info][gc,marking  ] GC(382) Mark Stack Usage: 32M
[50.040s][info][gc,nmethod  ] GC(382) NMethods: 4474 registered, 644 unregistered
[50.040s][info][gc,metaspace] GC(382) Metaspace: 72M used, 72M committed, 1088M reserved
[50.040s][info][gc,ref      ] GC(382) Soft: 2427 encountered, 0 discovered, 0 enqueued
[50.040s][info][gc,ref      ] GC(382) Weak: 10456 encountered, 1533 discovered, 13 enqueued
[50.040s][info][gc,ref      ] GC(382) Final: 289 encountered, 33 discovered, 0 enqueued
[50.040s][info][gc,ref      ] GC(382) Phantom: 424 encountered, 266 discovered, 0 enqueued
[50.040s][info][gc,reloc    ] GC(382) Small Pages: 264 / 528M, Empty: 288M, Relocated: 6M, In-Place: 0
[50.040s][info][gc,reloc    ] GC(382) Medium Pages: 0 / 0M, Empty: 0M, Relocated: 0M, In-Place: 0
[50.040s][info][gc,reloc    ] GC(382) Large Pages: 0 / 0M, Empty: 0M, Relocated: 0M, In-Place: 0
[50.040s][info][gc,reloc    ] GC(382) Forwarding Usage: 2M
[50.040s][info][gc,heap     ] GC(382) Min Capacity: 8M(1%)
[50.040s][info][gc,heap     ] GC(382) Max Capacity: 1024M(100%)
[50.040s][info][gc,heap     ] GC(382) Soft Max Capacity: 1024M(100%)
[50.040s][info][gc,heap     ] GC(382)                Mark Start          Mark End        Relocate Start      Relocate End           High               Low         
[50.040s][info][gc,heap     ] GC(382)  Capacity:     1024M (100%)       1024M (100%)       1024M (100%)       1024M (100%)       1024M (100%)       1024M (100%)   
[50.040s][info][gc,heap     ] GC(382)      Free:      496M (48%)         392M (38%)         622M (61%)         772M (75%)         778M (76%)         382M (37%)    
[50.040s][info][gc,heap     ] GC(382)      Used:      528M (52%)         632M (62%)         402M (39%)         252M (25%)         642M (63%)         246M (24%)    
[50.040s][info][gc,heap     ] GC(382)      Live:         -                49M (5%)           49M (5%)           49M (5%)             -                  -          
[50.040s][info][gc,heap     ] GC(382) Allocated:         -               104M (10%)         162M (16%)         177M (17%)            -                  -          
[50.040s][info][gc,heap     ] GC(382)   Garbage:         -               478M (47%)         190M (19%)          25M (2%)             -                  -          
[50.040s][info][gc,heap     ] GC(382) Reclaimed:         -                  -               288M (28%)         453M (44%)            -                  -          
[50.040s][info][gc          ] GC(382) Garbage Collection (Allocation Rate) 528M(52%)->252M(25%)
[50.095s][info][gc,stats    ] === Garbage Collection Statistics =======================================================================================================================
[50.096s][info][gc,stats    ]                                                              Last 10s              Last 10m              Last 10h                Total
[50.096s][info][gc,stats    ]                                                              Avg / Max             Avg / Max             Avg / Max             Avg / Max
[50.096s][info][gc,stats    ]   Collector: Garbage Collection Cycle                     41.438 / 135.304      46.661 / 227.632      46.661 / 227.632      46.661 / 227.632     ms
[50.096s][info][gc,stats    ]  Contention: Mark Segment Reset Contention                    42 / 58               39 / 77               39 / 77               39 / 77          ops/s
[50.096s][info][gc,stats    ]  Contention: Mark SeqNum Reset Contention                      7 / 12                6 / 17                6 / 17                6 / 17          ops/s
[50.096s][info][gc,stats    ]    Critical: Allocation Stall                                  5 / 57               10 / 214              10 / 214              10 / 214         ops/s
[50.096s][info][gc,stats    ]    Critical: Allocation Stall                             23.903 / 24.142       16.347 / 46.282       16.347 / 46.282       16.347 / 46.282      ms
[50.096s][info][gc,stats    ]    Critical: GC Locker Stall                                   0 / 0                 0 / 1                 0 / 1                 0 / 1           ops/s
[50.096s][info][gc,stats    ]    Critical: GC Locker Stall                               0.000 / 0.000         0.001 / 0.001         0.001 / 0.001         0.001 / 0.001       ms
[50.096s][info][gc,stats    ]    Critical: Relocation Stall                                  0 / 0                 0 / 0                 0 / 0                 0 / 0           ops/s
[50.096s][info][gc,stats    ]    Critical: Relocation Stall                              0.000 / 0.000         0.000 / 0.000         0.000 / 0.000         0.000 / 0.000       ms
[50.096s][info][gc,stats    ]      Memory: Allocation Rate                                5010 / 5948           3966 / 6056           3966 / 6056           3966 / 6056        MB/s
[50.096s][info][gc,stats    ]      Memory: Defragment                                        0 / 0                 0 / 0                 0 / 0                 0 / 0           ops/s
[50.096s][info][gc,stats    ]      Memory: Out Of Memory                                     0 / 0                 0 / 0                 0 / 0                 0 / 0           ops/s
[50.096s][info][gc,stats    ]      Memory: Page Cache Flush                                  0 / 0                 0 / 0                 0 / 0                 0 / 0           MB/s
[50.096s][info][gc,stats    ]      Memory: Page Cache Hit L1                              2599 / 3074           2048 / 3128           2048 / 3128           2048 / 3128        ops/s
[50.096s][info][gc,stats    ]      Memory: Page Cache Hit L2                                 0 / 0                 0 / 0                 0 / 0                 0 / 0           ops/s
[50.096s][info][gc,stats    ]      Memory: Page Cache Hit L3                                 0 / 0                10 / 186              10 / 186              10 / 186         ops/s
[50.096s][info][gc,stats    ]      Memory: Page Cache Miss                                   0 / 0                 0 / 1                 0 / 1                 0 / 1           ops/s
[50.096s][info][gc,stats    ]      Memory: Uncommit                                          0 / 0                 0 / 0                 0 / 0                 0 / 0           MB/s
[50.096s][info][gc,stats    ]      Memory: Undo Object Allocation Failed                   928 / 1266            887 / 3113            887 / 3113            887 / 3113        ops/s
[50.096s][info][gc,stats    ]      Memory: Undo Object Allocation Succeeded                 43 / 106              55 / 153              55 / 153              55 / 153         ops/s
[50.096s][info][gc,stats    ]      Memory: Undo Page Allocation                            490 / 620             381 / 666             381 / 666             381 / 666         ops/s
[50.096s][info][gc,stats    ]       Phase: Concurrent Mark                              24.273 / 45.634       26.346 / 164.365      26.346 / 164.365      26.346 / 164.365     ms
[50.096s][info][gc,stats    ]       Phase: Concurrent Mark Continue                      0.000 / 0.000         0.000 / 0.000         0.000 / 0.000         0.000 / 0.000       ms
[50.096s][info][gc,stats    ]       Phase: Concurrent Mark Free                          0.001 / 0.002         0.001 / 0.005         0.001 / 0.005         0.001 / 0.005       ms
[50.096s][info][gc,stats    ]       Phase: Concurrent Process Non-Strong References      2.732 / 24.854        4.132 / 41.839        4.132 / 41.839        4.132 / 41.839      ms
[50.096s][info][gc,stats    ]       Phase: Concurrent Relocate                           3.903 / 7.700         4.224 / 17.218        4.224 / 17.218        4.224 / 17.218      ms
[50.096s][info][gc,stats    ]       Phase: Concurrent Reset Relocation Set               0.030 / 0.053         0.031 / 0.081         0.031 / 0.081         0.031 / 0.081       ms
[50.096s][info][gc,stats    ]       Phase: Concurrent Select Relocation Set              6.311 / 11.415        6.389 / 19.177        6.389 / 19.177        6.389 / 19.177      ms
[50.096s][info][gc,stats    ]       Phase: Pause Mark End                                0.026 / 0.035         0.026 / 0.049         0.026 / 0.049         0.026 / 0.049       ms
[50.096s][info][gc,stats    ]       Phase: Pause Mark Start                              0.011 / 0.047         0.012 / 0.082         0.012 / 0.082         0.012 / 0.082       ms
[50.096s][info][gc,stats    ]       Phase: Pause Relocate Start                          0.009 / 0.015         0.009 / 0.015         0.009 / 0.015         0.009 / 0.015       ms
[50.096s][info][gc,stats    ]    Subphase: Concurrent Classes Purge                      0.055 / 2.093         0.168 / 22.287        0.168 / 22.287        0.168 / 22.287      ms
[50.096s][info][gc,stats    ]    Subphase: Concurrent Classes Unlink                     1.663 / 23.563        2.538 / 28.260        2.538 / 28.260        2.538 / 28.260      ms
[50.096s][info][gc,stats    ]    Subphase: Concurrent Mark                              20.272 / 32.818       21.865 / 157.163      21.865 / 157.163      21.865 / 157.163     ms
[50.096s][info][gc,stats    ]    Subphase: Concurrent Mark Try Flush                     0.832 / 6.141         1.275 / 98.502        1.275 / 98.502        1.275 / 98.502      ms
[50.096s][info][gc,stats    ]    Subphase: Concurrent Mark Try Terminate                 1.996 / 16.688        2.040 / 29.147        2.040 / 29.147        2.040 / 29.147      ms
[50.096s][info][gc,stats    ]    Subphase: Concurrent References Enqueue                 0.001 / 0.009         0.002 / 0.009         0.002 / 0.009         0.002 / 0.009       ms
[50.096s][info][gc,stats    ]    Subphase: Concurrent References Process                 0.148 / 0.536         0.153 / 0.746         0.153 / 0.746         0.153 / 0.746       ms
[50.096s][info][gc,stats    ]    Subphase: Concurrent Roots ClassLoaderDataGraph         0.055 / 0.569         0.057 / 1.405         0.057 / 1.405         0.057 / 1.405       ms
[50.096s][info][gc,stats    ]    Subphase: Concurrent Roots CodeCache                    0.000 / 0.000         0.000 / 0.000         0.000 / 0.000         0.000 / 0.000       ms
[50.096s][info][gc,stats    ]    Subphase: Concurrent Roots JavaThreads                  3.004 / 14.529        3.488 / 25.953        3.488 / 25.953        3.488 / 25.953      ms
[50.096s][info][gc,stats    ]    Subphase: Concurrent Roots OopStorageSet                0.026 / 0.069         0.027 / 0.966         0.027 / 0.966         0.027 / 0.966       ms
[50.096s][info][gc,stats    ]    Subphase: Concurrent Weak Roots OopStorageSet           0.267 / 0.791         0.312 / 1.175         0.312 / 1.175         0.312 / 1.175       ms
[50.096s][info][gc,stats    ]    Subphase: Pause Mark Try Complete                       0.000 / 0.000         0.001 / 0.003         0.001 / 0.003         0.001 / 0.003       ms
[50.096s][info][gc,stats    ]      System: Java Threads                                    191 / 211             180 / 211             180 / 211             180 / 211         threads
[50.096s][info][gc,stats    ] =========================================================================================================================================================
[50.096s][info][gc,start    ] GC(383) Garbage Collection (Allocation Rate)
[50.096s][info][gc,task     ] GC(383) Using 10 workers
[50.097s][info][gc,phases   ] GC(383) Pause Mark Start 0.010ms
[50.118s][info][gc,phases   ] GC(383) Concurrent Mark 20.881ms
[50.118s][info][gc,phases   ] GC(383) Pause Mark End 0.024ms
[50.118s][info][gc,phases   ] GC(383) Concurrent Mark Free 0.001ms
[50.120s][info][gc,phases   ] GC(383) Concurrent Process Non-Strong References 2.233ms
[50.120s][info][gc,phases   ] GC(383) Concurrent Reset Relocation Set 0.020ms
[50.127s][info][gc,phases   ] GC(383) Concurrent Select Relocation Set 6.198ms
[50.127s][info][gc,phases   ] GC(383) Pause Relocate Start 0.008ms
[50.130s][info][gc,phases   ] GC(383) Concurrent Relocate 2.879ms
[50.130s][info][gc,load     ] GC(383) Load: 0.00/0.00/0.00
[50.130s][info][gc,mmu      ] GC(383) MMU: 2ms/95.9%, 5ms/98.4%, 10ms/99.2%, 20ms/99.6%, 50ms/99.8%, 100ms/99.9%
[50.130s][info][gc,marking  ] GC(383) Mark: 8 stripe(s), 3 proactive flush(es), 1 terminate flush(es), 0 completion(s), 0 continuation(s) 
[50.130s][info][gc,marking  ] GC(383) Mark Stack Usage: 32M
[50.130s][info][gc,nmethod  ] GC(383) NMethods: 4478 registered, 644 unregistered
[50.130s][info][gc,metaspace] GC(383) Metaspace: 72M used, 72M committed, 1088M reserved
[50.130s][info][gc,ref      ] GC(383) Soft: 2427 encountered, 0 discovered, 0 enqueued
[50.130s][info][gc,ref      ] GC(383) Weak: 10344 encountered, 1298 discovered, 18 enqueued
[50.130s][info][gc,ref      ] GC(383) Final: 289 encountered, 22 discovered, 0 enqueued
[50.130s][info][gc,ref      ] GC(383) Phantom: 424 encountered, 223 discovered, 0 enqueued
[50.130s][info][gc,reloc    ] GC(383) Small Pages: 262 / 524M, Empty: 286M, Relocated: 5M, In-Place: 0
[50.130s][info][gc,reloc    ] GC(383) Medium Pages: 0 / 0M, Empty: 0M, Relocated: 0M, In-Place: 0
[50.130s][info][gc,reloc    ] GC(383) Large Pages: 0 / 0M, Empty: 0M, Relocated: 0M, In-Place: 0
[50.130s][info][gc,reloc    ] GC(383) Forwarding Usage: 2M
[50.130s][info][gc,heap     ] GC(383) Min Capacity: 8M(1%)
[50.130s][info][gc,heap     ] GC(383) Max Capacity: 1024M(100%)
[50.130s][info][gc,heap     ] GC(383) Soft Max Capacity: 1024M(100%)
[50.130s][info][gc,heap     ] GC(383)                Mark Start          Mark End        Relocate Start      Relocate End           High               Low         
[50.130s][info][gc,heap     ] GC(383)  Capacity:     1024M (100%)       1024M (100%)       1024M (100%)       1024M (100%)       1024M (100%)       1024M (100%)   
[50.130s][info][gc,heap     ] GC(383)      Free:      500M (49%)         408M (40%)         652M (64%)         810M (79%)         810M (79%)         394M (38%)    
[50.130s][info][gc,heap     ] GC(383)      Used:      524M (51%)         616M (60%)         372M (36%)         214M (21%)         630M (62%)         214M (21%)    
[50.130s][info][gc,heap     ] GC(383)      Live:         -                49M (5%)           49M (5%)           49M (5%)             -                  -          
[50.130s][info][gc,heap     ] GC(383) Allocated:         -                92M (9%)          134M (13%)         137M (13%)            -                  -          
[50.130s][info][gc,heap     ] GC(383)   Garbage:         -               474M (46%)         188M (18%)          27M (3%)             -                  -          
[50.130s][info][gc,heap     ] GC(383) Reclaimed:         -                  -               286M (28%)         447M (44%)            -                  -          
[50.130s][info][gc          ] GC(383) Garbage Collection (Allocation Rate) 524M(51%)->214M(21%)
[50.199s][info][gc,start    ] GC(384) Garbage Collection (Allocation Rate)
[50.199s][info][gc,task     ] GC(384) Using 10 workers
[50.199s][info][gc,phases   ] GC(384) Pause Mark Start 0.011ms
[50.224s][info][gc,phases   ] GC(384) Concurrent Mark 24.501ms
[50.224s][info][gc,phases   ] GC(384) Pause Mark End 0.019ms
[50.224s][info][gc,phases   ] GC(384) Concurrent Mark Free 0.001ms
[50.226s][info][gc,phases   ] GC(384) Concurrent Process Non-Strong References 2.472ms
[50.226s][info][gc,phases   ] GC(384) Concurrent Reset Relocation Set 0.024ms
[50.231s][info][gc,phases   ] GC(384) Concurrent Select Relocation Set 4.444ms
[50.231s][info][gc,phases   ] GC(384) Pause Relocate Start 0.009ms
[50.234s][info][gc,phases   ] GC(384) Concurrent Relocate 2.680ms
[50.234s][info][gc,load     ] GC(384) Load: 0.00/0.00/0.00
[50.234s][info][gc,mmu      ] GC(384) MMU: 2ms/95.9%, 5ms/98.4%, 10ms/99.2%, 20ms/99.6%, 50ms/99.8%, 100ms/99.9%
[50.234s][info][gc,marking  ] GC(384) Mark: 8 stripe(s), 3 proactive flush(es), 1 terminate flush(es), 0 completion(s), 0 continuation(s) 
[50.234s][info][gc,marking  ] GC(384) Mark Stack Usage: 32M
[50.234s][info][gc,nmethod  ] GC(384) NMethods: 4476 registered, 646 unregistered
[50.234s][info][gc,metaspace] GC(384) Metaspace: 72M used, 72M committed, 1088M reserved
[50.234s][info][gc,ref      ] GC(384) Soft: 2427 encountered, 0 discovered, 0 enqueued
[50.234s][info][gc,ref      ] GC(384) Weak: 10251 encountered, 1308 discovered, 25 enqueued
[50.234s][info][gc,ref      ] GC(384) Final: 289 encountered, 25 discovered, 0 enqueued
[50.234s][info][gc,ref      ] GC(384) Phantom: 424 encountered, 357 discovered, 0 enqueued
[50.234s][info][gc,reloc    ] GC(384) Small Pages: 264 / 528M, Empty: 292M, Relocated: 4M, In-Place: 0
[50.234s][info][gc,reloc    ] GC(384) Medium Pages: 0 / 0M, Empty: 0M, Relocated: 0M, In-Place: 0
[50.234s][info][gc,reloc    ] GC(384) Large Pages: 0 / 0M, Empty: 0M, Relocated: 0M, In-Place: 0
[50.234s][info][gc,reloc    ] GC(384) Forwarding Usage: 2M
[50.234s][info][gc,heap     ] GC(384) Min Capacity: 8M(1%)
[50.234s][info][gc,heap     ] GC(384) Max Capacity: 1024M(100%)
[50.234s][info][gc,heap     ] GC(384) Soft Max Capacity: 1024M(100%)
[50.234s][info][gc,heap     ] GC(384)                Mark Start          Mark End        Relocate Start      Relocate End           High               Low         
[50.234s][info][gc,heap     ] GC(384)  Capacity:     1024M (100%)       1024M (100%)       1024M (100%)       1024M (100%)       1024M (100%)       1024M (100%)   
[50.234s][info][gc,heap     ] GC(384)      Free:      496M (48%)         394M (38%)         656M (64%)         812M (79%)         812M (79%)         388M (38%)    
[50.234s][info][gc,heap     ] GC(384)      Used:      528M (52%)         630M (62%)         368M (36%)         212M (21%)         636M (62%)         212M (21%)    
[50.234s][info][gc,heap     ] GC(384)      Live:         -                49M (5%)           49M (5%)           49M (5%)             -                  -          
[50.234s][info][gc,heap     ] GC(384) Allocated:         -               102M (10%)         132M (13%)         135M (13%)            -                  -          
[50.234s][info][gc,heap     ] GC(384)   Garbage:         -               478M (47%)         186M (18%)          27M (3%)             -                  -          
[50.234s][info][gc,heap     ] GC(384) Reclaimed:         -                  -               292M (29%)         451M (44%)            -                  -          
[50.234s][info][gc          ] GC(384) Garbage Collection (Allocation Rate) 528M(52%)->212M(21%)
[50.296s][info][gc,start    ] GC(385) Garbage Collection (Allocation Rate)
[50.347s][info][gc,task     ] GC(385) Using 10 workers
[50.347s][info][gc,phases   ] GC(385) Pause Mark Start 0.009ms
[50.369s][info][gc,phases   ] GC(385) Concurrent Mark 21.207ms
[50.369s][info][gc,phases   ] GC(385) Pause Mark End 0.023ms
[50.369s][info][gc,phases   ] GC(385) Concurrent Mark Free 0.001ms
[50.371s][info][gc,phases   ] GC(385) Concurrent Process Non-Strong References 2.255ms
[50.371s][info][gc,phases   ] GC(385) Concurrent Reset Relocation Set 0.019ms
[50.378s][info][gc,phases   ] GC(385) Concurrent Select Relocation Set 7.221ms
[50.379s][info][gc,phases   ] GC(385) Pause Relocate Start 0.008ms
[50.385s][info][gc,phases   ] GC(385) Concurrent Relocate 6.049ms
[50.385s][info][gc,load     ] GC(385) Load: 0.00/0.00/0.00
[50.385s][info][gc,mmu      ] GC(385) MMU: 2ms/95.9%, 5ms/98.4%, 10ms/99.2%, 20ms/99.6%, 50ms/99.8%, 100ms/99.9%
[50.385s][info][gc,marking  ] GC(385) Mark: 8 stripe(s), 2 proactive flush(es), 1 terminate flush(es), 0 completion(s), 0 continuation(s) 
[50.385s][info][gc,marking  ] GC(385) Mark Stack Usage: 32M
[50.385s][info][gc,nmethod  ] GC(385) NMethods: 4476 registered, 646 unregistered
[50.385s][info][gc,metaspace] GC(385) Metaspace: 72M used, 72M committed, 1088M reserved
[50.385s][info][gc,ref      ] GC(385) Soft: 2427 encountered, 0 discovered, 0 enqueued
[50.385s][info][gc,ref      ] GC(385) Weak: 10177 encountered, 1314 discovered, 13 enqueued
[50.385s][info][gc,ref      ] GC(385) Final: 289 encountered, 13 discovered, 0 enqueued
[50.385s][info][gc,ref      ] GC(385) Phantom: 424 encountered, 319 discovered, 0 enqueued
[50.385s][info][gc,reloc    ] GC(385) Small Pages: 351 / 702M, Empty: 482M, Relocated: 8M, In-Place: 0
[50.385s][info][gc,reloc    ] GC(385) Medium Pages: 0 / 0M, Empty: 0M, Relocated: 0M, In-Place: 0
[50.385s][info][gc,reloc    ] GC(385) Large Pages: 0 / 0M, Empty: 0M, Relocated: 0M, In-Place: 0
[50.385s][info][gc,reloc    ] GC(385) Forwarding Usage: 2M
[50.385s][info][gc,heap     ] GC(385) Min Capacity: 8M(1%)
[50.385s][info][gc,heap     ] GC(385) Max Capacity: 1024M(100%)
[50.385s][info][gc,heap     ] GC(385) Soft Max Capacity: 1024M(100%)
[50.385s][info][gc,heap     ] GC(385)                Mark Start          Mark End        Relocate Start      Relocate End           High               Low         
[50.385s][info][gc,heap     ] GC(385)  Capacity:     1024M (100%)       1024M (100%)       1024M (100%)       1024M (100%)       1024M (100%)       1024M (100%)   
[50.385s][info][gc,heap     ] GC(385)      Free:      322M (31%)         232M (23%)         678M (66%)         806M (79%)         820M (80%)         226M (22%)    
[50.385s][info][gc,heap     ] GC(385)      Used:      702M (69%)         792M (77%)         346M (34%)         218M (21%)         798M (78%)         204M (20%)    
[50.385s][info][gc,heap     ] GC(385)      Live:         -                48M (5%)           48M (5%)           48M (5%)             -                  -          
[50.385s][info][gc,heap     ] GC(385) Allocated:         -                90M (9%)          126M (12%)         147M (14%)            -                  -          
[50.385s][info][gc,heap     ] GC(385)   Garbage:         -               653M (64%)         171M (17%)          21M (2%)             -                  -          
[50.385s][info][gc,heap     ] GC(385) Reclaimed:         -                  -               482M (47%)         631M (62%)            -                  -          
[50.385s][info][gc          ] GC(385) Garbage Collection (Allocation Rate) 702M(69%)->218M(21%)
[50.396s][info][gc,start    ] GC(386) Garbage Collection (Allocation Rate)
[50.396s][info][gc,task     ] GC(386) Using 10 workers
[50.396s][info][gc,phases   ] GC(386) Pause Mark Start 0.011ms
[50.421s][info][gc,phases   ] GC(386) Concurrent Mark 24.367ms
[50.421s][info][gc,phases   ] GC(386) Pause Mark End 0.054ms
[50.421s][info][gc,phases   ] GC(386) Concurrent Mark Free 0.001ms
[50.423s][info][gc,phases   ] GC(386) Concurrent Process Non-Strong References 2.287ms
[50.423s][info][gc,phases   ] GC(386) Concurrent Reset Relocation Set 0.020ms
[50.427s][info][gc,phases   ] GC(386) Concurrent Select Relocation Set 3.924ms
[50.428s][info][gc,phases   ] GC(386) Pause Relocate Start 0.008ms
[50.433s][info][gc,phases   ] GC(386) Concurrent Relocate 4.892ms
[50.433s][info][gc,load     ] GC(386) Load: 0.00/0.00/0.00
[50.433s][info][gc,mmu      ] GC(386) MMU: 2ms/95.9%, 5ms/98.4%, 10ms/99.2%, 20ms/99.6%, 50ms/99.8%, 100ms/99.9%
[50.433s][info][gc,marking  ] GC(386) Mark: 8 stripe(s), 2 proactive flush(es), 1 terminate flush(es), 1 completion(s), 0 continuation(s) 
[50.433s][info][gc,marking  ] GC(386) Mark Stack Usage: 32M
[50.433s][info][gc,nmethod  ] GC(386) NMethods: 4476 registered, 647 unregistered
[50.433s][info][gc,metaspace] GC(386) Metaspace: 72M used, 72M committed, 1088M reserved
[50.433s][info][gc,ref      ] GC(386) Soft: 2427 encountered, 0 discovered, 0 enqueued
[50.433s][info][gc,ref      ] GC(386) Weak: 10140 encountered, 891 discovered, 6 enqueued
[50.433s][info][gc,ref      ] GC(386) Final: 289 encountered, 3 discovered, 0 enqueued
[50.433s][info][gc,ref      ] GC(386) Phantom: 424 encountered, 279 discovered, 0 enqueued
[50.433s][info][gc,reloc    ] GC(386) Small Pages: 132 / 264M, Empty: 102M, Relocated: 8M, In-Place: 0
[50.433s][info][gc,reloc    ] GC(386) Medium Pages: 0 / 0M, Empty: 0M, Relocated: 0M, In-Place: 0
[50.433s][info][gc,reloc    ] GC(386) Large Pages: 0 / 0M, Empty: 0M, Relocated: 0M, In-Place: 0
[50.433s][info][gc,reloc    ] GC(386) Forwarding Usage: 2M
[50.433s][info][gc,heap     ] GC(386) Min Capacity: 8M(1%)
[50.433s][info][gc,heap     ] GC(386) Max Capacity: 1024M(100%)
[50.433s][info][gc,heap     ] GC(386) Soft Max Capacity: 1024M(100%)
[50.433s][info][gc,heap     ] GC(386)                Mark Start          Mark End        Relocate Start      Relocate End           High               Low         
[50.433s][info][gc,heap     ] GC(386)  Capacity:     1024M (100%)       1024M (100%)       1024M (100%)       1024M (100%)       1024M (100%)       1024M (100%)   
[50.433s][info][gc,heap     ] GC(386)      Free:      760M (74%)         664M (65%)         740M (72%)         812M (79%)         822M (80%)         638M (62%)    
[50.433s][info][gc,heap     ] GC(386)      Used:      264M (26%)         360M (35%)         284M (28%)         212M (21%)         386M (38%)         202M (20%)    
[50.433s][info][gc,heap     ] GC(386)      Live:         -                48M (5%)           48M (5%)           48M (5%)             -                  -          
[50.433s][info][gc,heap     ] GC(386) Allocated:         -                96M (9%)          122M (12%)         141M (14%)            -                  -          
[50.433s][info][gc,heap     ] GC(386)   Garbage:         -               215M (21%)         113M (11%)          21M (2%)             -                  -          
[50.433s][info][gc,heap     ] GC(386) Reclaimed:         -                  -               102M (10%)         193M (19%)            -                  -          
[50.433s][info][gc          ] GC(386) Garbage Collection (Allocation Rate) 264M(26%)->212M(21%)
[50.496s][info][gc,start    ] GC(387) Garbage Collection (Allocation Rate)
[50.496s][info][gc,task     ] GC(387) Using 10 workers
[50.496s][info][gc,phases   ] GC(387) Pause Mark Start 0.014ms
[50.528s][info][gc,phases   ] GC(387) Concurrent Mark 31.545ms
[50.528s][info][gc,phases   ] GC(387) Pause Mark End 0.033ms
[50.528s][info][gc,phases   ] GC(387) Concurrent Mark Free 0.000ms
[50.531s][info][gc,phases   ] GC(387) Concurrent Process Non-Strong References 2.241ms
[50.531s][info][gc,phases   ] GC(387) Concurrent Reset Relocation Set 0.014ms
[50.534s][info][gc,phases   ] GC(387) Concurrent Select Relocation Set 3.805ms
[50.535s][info][gc,phases   ] GC(387) Pause Relocate Start 0.008ms
[50.539s][info][gc,phases   ] GC(387) Concurrent Relocate 4.026ms
[50.539s][info][gc,load     ] GC(387) Load: 0.00/0.00/0.00
[50.539s][info][gc,mmu      ] GC(387) MMU: 2ms/95.9%, 5ms/98.4%, 10ms/99.2%, 20ms/99.6%, 50ms/99.8%, 100ms/99.9%
[50.539s][info][gc,marking  ] GC(387) Mark: 8 stripe(s), 3 proactive flush(es), 1 terminate flush(es), 0 completion(s), 0 continuation(s) 
[50.539s][info][gc,marking  ] GC(387) Mark Stack Usage: 32M
[50.539s][info][gc,nmethod  ] GC(387) NMethods: 4476 registered, 647 unregistered
[50.539s][info][gc,metaspace] GC(387) Metaspace: 72M used, 72M committed, 1088M reserved
[50.539s][info][gc,ref      ] GC(387) Soft: 2427 encountered, 0 discovered, 0 enqueued
[50.539s][info][gc,ref      ] GC(387) Weak: 10076 encountered, 1330 discovered, 12 enqueued
[50.539s][info][gc,ref      ] GC(387) Final: 289 encountered, 27 discovered, 0 enqueued
[50.539s][info][gc,ref      ] GC(387) Phantom: 424 encountered, 298 discovered, 0 enqueued
[50.539s][info][gc,reloc    ] GC(387) Small Pages: 233 / 466M, Empty: 268M, Relocated: 8M, In-Place: 0
[50.539s][info][gc,reloc    ] GC(387) Medium Pages: 0 / 0M, Empty: 0M, Relocated: 0M, In-Place: 0
[50.539s][info][gc,reloc    ] GC(387) Large Pages: 0 / 0M, Empty: 0M, Relocated: 0M, In-Place: 0
[50.539s][info][gc,reloc    ] GC(387) Forwarding Usage: 2M
[50.539s][info][gc,heap     ] GC(387) Min Capacity: 8M(1%)
[50.539s][info][gc,heap     ] GC(387) Max Capacity: 1024M(100%)
[50.539s][info][gc,heap     ] GC(387) Soft Max Capacity: 1024M(100%)
[50.539s][info][gc,heap     ] GC(387)                Mark Start          Mark End        Relocate Start      Relocate End           High               Low         
[50.539s][info][gc,heap     ] GC(387)  Capacity:     1024M (100%)       1024M (100%)       1024M (100%)       1024M (100%)       1024M (100%)       1024M (100%)   
[50.539s][info][gc,heap     ] GC(387)      Free:      558M (54%)         434M (42%)         682M (67%)         800M (78%)         800M (78%)         428M (42%)    
[50.539s][info][gc,heap     ] GC(387)      Used:      466M (46%)         590M (58%)         342M (33%)         224M (22%)         596M (58%)         224M (22%)    
[50.539s][info][gc,heap     ] GC(387)      Live:         -                48M (5%)           48M (5%)           48M (5%)             -                  -          
[50.539s][info][gc,heap     ] GC(387) Allocated:         -               124M (12%)         144M (14%)         153M (15%)            -                  -          
[50.539s][info][gc,heap     ] GC(387)   Garbage:         -               417M (41%)         149M (15%)          21M (2%)             -                  -          
[50.539s][info][gc,heap     ] GC(387) Reclaimed:         -                  -               268M (26%)         395M (39%)            -                  -          
[50.539s][info][gc          ] GC(387) Garbage Collection (Allocation Rate) 466M(46%)->224M(22%)
[50.603s][info][gc,start    ] GC(388) Garbage Collection (Allocation Rate)
[50.603s][info][gc,task     ] GC(388) Using 10 workers
[50.603s][info][gc,phases   ] GC(388) Pause Mark Start 0.011ms
[50.633s][info][gc,phases   ] GC(388) Concurrent Mark 29.781ms
[50.633s][info][gc,phases   ] GC(388) Pause Mark End 0.030ms
[50.633s][info][gc,phases   ] GC(388) Concurrent Mark Free 0.001ms
[50.636s][info][gc,phases   ] GC(388) Concurrent Process Non-Strong References 2.079ms
[50.636s][info][gc,phases   ] GC(388) Concurrent Reset Relocation Set 0.015ms
[50.640s][info][gc,phases   ] GC(388) Concurrent Select Relocation Set 4.265ms
[50.640s][info][gc,phases   ] GC(388) Pause Relocate Start 0.009ms
[50.643s][info][gc,phases   ] GC(388) Concurrent Relocate 2.397ms
[50.643s][info][gc,load     ] GC(388) Load: 0.00/0.00/0.00
[50.643s][info][gc,mmu      ] GC(388) MMU: 2ms/95.9%, 5ms/98.4%, 10ms/99.2%, 20ms/99.6%, 50ms/99.8%, 100ms/99.9%
[50.643s][info][gc,marking  ] GC(388) Mark: 8 stripe(s), 3 proactive flush(es), 1 terminate flush(es), 0 completion(s), 0 continuation(s) 
[50.643s][info][gc,marking  ] GC(388) Mark Stack Usage: 32M
[50.643s][info][gc,nmethod  ] GC(388) NMethods: 4476 registered, 647 unregistered
[50.643s][info][gc,metaspace] GC(388) Metaspace: 72M used, 72M committed, 1088M reserved
[50.643s][info][gc,ref      ] GC(388) Soft: 2427 encountered, 0 discovered, 0 enqueued
[50.643s][info][gc,ref      ] GC(388) Weak: 10022 encountered, 918 discovered, 12 enqueued
[50.643s][info][gc,ref      ] GC(388) Final: 289 encountered, 16 discovered, 0 enqueued
[50.643s][info][gc,ref      ] GC(388) Phantom: 424 encountered, 331 discovered, 0 enqueued
[50.643s][info][gc,reloc    ] GC(388) Small Pages: 233 / 466M, Empty: 274M, Relocated: 6M, In-Place: 0
[50.643s][info][gc,reloc    ] GC(388) Medium Pages: 0 / 0M, Empty: 0M, Relocated: 0M, In-Place: 0
[50.643s][info][gc,reloc    ] GC(388) Large Pages: 0 / 0M, Empty: 0M, Relocated: 0M, In-Place: 0
[50.643s][info][gc,reloc    ] GC(388) Forwarding Usage: 1M
[50.643s][info][gc,heap     ] GC(388) Min Capacity: 8M(1%)
[50.643s][info][gc,heap     ] GC(388) Max Capacity: 1024M(100%)
[50.643s][info][gc,heap     ] GC(388) Soft Max Capacity: 1024M(100%)
[50.643s][info][gc,heap     ] GC(388)                Mark Start          Mark End        Relocate Start      Relocate End           High               Low         
[50.643s][info][gc,heap     ] GC(388)  Capacity:     1024M (100%)       1024M (100%)       1024M (100%)       1024M (100%)       1024M (100%)       1024M (100%)   
[50.643s][info][gc,heap     ] GC(388)      Free:      558M (54%)         454M (44%)         702M (69%)         820M (80%)         820M (80%)         440M (43%)    
[50.643s][info][gc,heap     ] GC(388)      Used:      466M (46%)         570M (56%)         322M (31%)         204M (20%)         584M (57%)         204M (20%)    
[50.643s][info][gc,heap     ] GC(388)      Live:         -                48M (5%)           48M (5%)           48M (5%)             -                  -          
[50.643s][info][gc,heap     ] GC(388) Allocated:         -               104M (10%)         130M (13%)         131M (13%)            -                  -          
[50.643s][info][gc,heap     ] GC(388)   Garbage:         -               417M (41%)         143M (14%)          23M (2%)             -                  -          
[50.643s][info][gc,heap     ] GC(388) Reclaimed:         -                  -               274M (27%)         393M (38%)            -                  -          
[50.643s][info][gc          ] GC(388) Garbage Collection (Allocation Rate) 466M(46%)->204M(20%)
[50.696s][info][gc,start    ] GC(389) Garbage Collection (Allocation Rate)
[50.696s][info][gc,task     ] GC(389) Using 10 workers
[50.697s][info][gc,phases   ] GC(389) Pause Mark Start 0.011ms
[50.717s][info][gc,phases   ] GC(389) Concurrent Mark 20.598ms
[50.717s][info][gc,phases   ] GC(389) Pause Mark End 0.022ms
[50.717s][info][gc,phases   ] GC(389) Concurrent Mark Free 0.002ms
[50.720s][info][gc,phases   ] GC(389) Concurrent Process Non-Strong References 2.009ms
[50.720s][info][gc,phases   ] GC(389) Concurrent Reset Relocation Set 0.013ms
[50.724s][info][gc,phases   ] GC(389) Concurrent Select Relocation Set 4.634ms
[50.724s][info][gc,phases   ] GC(389) Pause Relocate Start 0.008ms
[50.728s][info][gc,phases   ] GC(389) Concurrent Relocate 3.036ms
[50.728s][info][gc,load     ] GC(389) Load: 0.00/0.00/0.00
[50.728s][info][gc,mmu      ] GC(389) MMU: 2ms/95.9%, 5ms/98.4%, 10ms/99.2%, 20ms/99.6%, 50ms/99.8%, 100ms/99.9%
[50.728s][info][gc,marking  ] GC(389) Mark: 8 stripe(s), 2 proactive flush(es), 1 terminate flush(es), 0 completion(s), 0 continuation(s) 
[50.728s][info][gc,marking  ] GC(389) Mark Stack Usage: 32M
[50.728s][info][gc,nmethod  ] GC(389) NMethods: 4476 registered, 647 unregistered
[50.728s][info][gc,metaspace] GC(389) Metaspace: 72M used, 72M committed, 1088M reserved
[50.728s][info][gc,ref      ] GC(389) Soft: 2427 encountered, 0 discovered, 0 enqueued
[50.728s][info][gc,ref      ] GC(389) Weak: 9935 encountered, 1017 discovered, 19 enqueued
[50.728s][info][gc,ref      ] GC(389) Final: 289 encountered, 34 discovered, 0 enqueued
[50.728s][info][gc,ref      ] GC(389) Phantom: 424 encountered, 316 discovered, 0 enqueued
[50.728s][info][gc,reloc    ] GC(389) Small Pages: 193 / 386M, Empty: 188M, Relocated: 5M, In-Place: 0
[50.728s][info][gc,reloc    ] GC(389) Medium Pages: 0 / 0M, Empty: 0M, Relocated: 0M, In-Place: 0
[50.728s][info][gc,reloc    ] GC(389) Large Pages: 0 / 0M, Empty: 0M, Relocated: 0M, In-Place: 0
[50.728s][info][gc,reloc    ] GC(389) Forwarding Usage: 1M
[50.728s][info][gc,heap     ] GC(389) Min Capacity: 8M(1%)
[50.728s][info][gc,heap     ] GC(389) Max Capacity: 1024M(100%)
[50.728s][info][gc,heap     ] GC(389) Soft Max Capacity: 1024M(100%)
[50.728s][info][gc,heap     ] GC(389)                Mark Start          Mark End        Relocate Start      Relocate End           High               Low         
[50.728s][info][gc,heap     ] GC(389)  Capacity:     1024M (100%)       1024M (100%)       1024M (100%)       1024M (100%)       1024M (100%)       1024M (100%)   
[50.728s][info][gc,heap     ] GC(389)      Free:      638M (62%)         572M (56%)         738M (72%)         858M (84%)         858M (84%)         566M (55%)    
[50.728s][info][gc,heap     ] GC(389)      Used:      386M (38%)         452M (44%)         286M (28%)         166M (16%)         458M (45%)         166M (16%)    
[50.728s][info][gc,heap     ] GC(389)      Live:         -                48M (5%)           48M (5%)           48M (5%)             -                  -          
[50.728s][info][gc,heap     ] GC(389) Allocated:         -                66M (6%)           88M (9%)           91M (9%)             -                  -          
[50.728s][info][gc,heap     ] GC(389)   Garbage:         -               337M (33%)         149M (15%)          25M (3%)             -                  -          
[50.728s][info][gc,heap     ] GC(389) Reclaimed:         -                  -               188M (18%)         311M (30%)            -                  -          
[50.728s][info][gc          ] GC(389) Garbage Collection (Allocation Rate) 386M(38%)->166M(16%)
[50.795s][info][gc,start    ] GC(390) Garbage Collection (Allocation Rate)
[50.795s][info][gc,task     ] GC(390) Using 10 workers
[50.796s][info][gc,phases   ] GC(390) Pause Mark Start 0.010ms
[50.814s][info][gc,phases   ] GC(390) Concurrent Mark 18.536ms
[50.814s][info][gc,phases   ] GC(390) Pause Mark End 0.022ms
[50.814s][info][gc,phases   ] GC(390) Concurrent Mark Free 0.001ms
[50.817s][info][gc,phases   ] GC(390) Concurrent Process Non-Strong References 2.124ms
[50.817s][info][gc,phases   ] GC(390) Concurrent Reset Relocation Set 0.010ms
[50.820s][info][gc,phases   ] GC(390) Concurrent Select Relocation Set 3.116ms
[50.820s][info][gc,phases   ] GC(390) Pause Relocate Start 0.007ms
[50.823s][info][gc,phases   ] GC(390) Concurrent Relocate 2.767ms
[50.823s][info][gc,load     ] GC(390) Load: 0.00/0.00/0.00
[50.823s][info][gc,mmu      ] GC(390) MMU: 2ms/95.9%, 5ms/98.4%, 10ms/99.2%, 20ms/99.6%, 50ms/99.8%, 100ms/99.9%
[50.823s][info][gc,marking  ] GC(390) Mark: 8 stripe(s), 3 proactive flush(es), 1 terminate flush(es), 0 completion(s), 0 continuation(s) 
[50.823s][info][gc,marking  ] GC(390) Mark Stack Usage: 32M
[50.823s][info][gc,nmethod  ] GC(390) NMethods: 4476 registered, 648 unregistered
[50.823s][info][gc,metaspace] GC(390) Metaspace: 72M used, 72M committed, 1088M reserved
[50.823s][info][gc,ref      ] GC(390) Soft: 2427 encountered, 0 discovered, 0 enqueued
[50.823s][info][gc,ref      ] GC(390) Weak: 9867 encountered, 757 discovered, 13 enqueued
[50.823s][info][gc,ref      ] GC(390) Final: 289 encountered, 24 discovered, 0 enqueued
[50.823s][info][gc,ref      ] GC(390) Phantom: 424 encountered, 281 discovered, 0 enqueued
[50.823s][info][gc,reloc    ] GC(390) Small Pages: 193 / 386M, Empty: 186M, Relocated: 5M, In-Place: 0
[50.823s][info][gc,reloc    ] GC(390) Medium Pages: 0 / 0M, Empty: 0M, Relocated: 0M, In-Place: 0
[50.823s][info][gc,reloc    ] GC(390) Large Pages: 0 / 0M, Empty: 0M, Relocated: 0M, In-Place: 0
[50.823s][info][gc,reloc    ] GC(390) Forwarding Usage: 1M
[50.823s][info][gc,heap     ] GC(390) Min Capacity: 8M(1%)
[50.823s][info][gc,heap     ] GC(390) Max Capacity: 1024M(100%)
[50.823s][info][gc,heap     ] GC(390) Soft Max Capacity: 1024M(100%)
[50.823s][info][gc,heap     ] GC(390)                Mark Start          Mark End        Relocate Start      Relocate End           High               Low         
[50.823s][info][gc,heap     ] GC(390)  Capacity:     1024M (100%)       1024M (100%)       1024M (100%)       1024M (100%)       1024M (100%)       1024M (100%)   
[50.823s][info][gc,heap     ] GC(390)      Free:      638M (62%)         588M (57%)         760M (74%)         876M (86%)         880M (86%)         578M (56%)    
[50.823s][info][gc,heap     ] GC(390)      Used:      386M (38%)         436M (43%)         264M (26%)         148M (14%)         446M (44%)         144M (14%)    
[50.823s][info][gc,heap     ] GC(390)      Live:         -                48M (5%)           48M (5%)           48M (5%)             -                  -          
[50.823s][info][gc,heap     ] GC(390) Allocated:         -                50M (5%)           64M (6%)           73M (7%)             -                  -          
[50.823s][info][gc,heap     ] GC(390)   Garbage:         -               337M (33%)         151M (15%)          26M (3%)             -                  -          
[50.823s][info][gc,heap     ] GC(390) Reclaimed:         -                  -               186M (18%)         311M (30%)            -                  -          
[50.823s][info][gc          ] GC(390) Garbage Collection (Allocation Rate) 386M(38%)->148M(14%)
[50.903s][info][gc,start    ] GC(391) Garbage Collection (Allocation Rate)
[50.903s][info][gc,task     ] GC(391) Using 10 workers
[50.903s][info][gc,phases   ] GC(391) Pause Mark Start 0.010ms
[50.923s][info][gc,phases   ] GC(391) Concurrent Mark 19.523ms
[50.923s][info][gc,phases   ] GC(391) Pause Mark End 0.023ms
[50.923s][info][gc,phases   ] GC(391) Concurrent Mark Free 0.001ms
[50.925s][info][gc,phases   ] GC(391) Concurrent Process Non-Strong References 2.016ms
[50.925s][info][gc,phases   ] GC(391) Concurrent Reset Relocation Set 0.014ms
[50.928s][info][gc,phases   ] GC(391) Concurrent Select Relocation Set 2.813ms
[50.928s][info][gc,phases   ] GC(391) Pause Relocate Start 0.008ms
[50.931s][info][gc,phases   ] GC(391) Concurrent Relocate 2.397ms
[50.931s][info][gc,load     ] GC(391) Load: 0.00/0.00/0.00
[50.931s][info][gc,mmu      ] GC(391) MMU: 2ms/95.9%, 5ms/98.4%, 10ms/99.2%, 20ms/99.6%, 50ms/99.8%, 100ms/99.9%
[50.931s][info][gc,marking  ] GC(391) Mark: 8 stripe(s), 4 proactive flush(es), 1 terminate flush(es), 0 completion(s), 0 continuation(s) 
[50.931s][info][gc,marking  ] GC(391) Mark Stack Usage: 32M
[50.931s][info][gc,nmethod  ] GC(391) NMethods: 4476 registered, 648 unregistered
[50.931s][info][gc,metaspace] GC(391) Metaspace: 72M used, 72M committed, 1088M reserved
[50.931s][info][gc,ref      ] GC(391) Soft: 2427 encountered, 0 discovered, 0 enqueued
[50.931s][info][gc,ref      ] GC(391) Weak: 9730 encountered, 742 discovered, 31 enqueued
[50.931s][info][gc,ref      ] GC(391) Final: 289 encountered, 5 discovered, 0 enqueued
[50.931s][info][gc,ref      ] GC(391) Phantom: 424 encountered, 326 discovered, 0 enqueued
[50.931s][info][gc,reloc    ] GC(391) Small Pages: 193 / 386M, Empty: 192M, Relocated: 4M, In-Place: 0
[50.931s][info][gc,reloc    ] GC(391) Medium Pages: 0 / 0M, Empty: 0M, Relocated: 0M, In-Place: 0
[50.931s][info][gc,reloc    ] GC(391) Large Pages: 0 / 0M, Empty: 0M, Relocated: 0M, In-Place: 0
[50.931s][info][gc,reloc    ] GC(391) Forwarding Usage: 1M
[50.931s][info][gc,heap     ] GC(391) Min Capacity: 8M(1%)
[50.931s][info][gc,heap     ] GC(391) Max Capacity: 1024M(100%)
[50.931s][info][gc,heap     ] GC(391) Soft Max Capacity: 1024M(100%)
[50.931s][info][gc,heap     ] GC(391)                Mark Start          Mark End        Relocate Start      Relocate End           High               Low         
[50.931s][info][gc,heap     ] GC(391)  Capacity:     1024M (100%)       1024M (100%)       1024M (100%)       1024M (100%)       1024M (100%)       1024M (100%)   
[50.931s][info][gc,heap     ] GC(391)      Free:      638M (62%)         592M (58%)         772M (75%)         890M (87%)         890M (87%)         588M (57%)    
[50.931s][info][gc,heap     ] GC(391)      Used:      386M (38%)         432M (42%)         252M (25%)         134M (13%)         436M (43%)         134M (13%)    
[50.931s][info][gc,heap     ] GC(391)      Live:         -                47M (5%)           47M (5%)           47M (5%)             -                  -          
[50.931s][info][gc,heap     ] GC(391) Allocated:         -                46M (4%)           58M (6%)           59M (6%)             -                  -          
[50.931s][info][gc,heap     ] GC(391)   Garbage:         -               338M (33%)         146M (14%)          26M (3%)             -                  -          
[50.931s][info][gc,heap     ] GC(391) Reclaimed:         -                  -               192M (19%)         311M (30%)            -                  -          
[50.931s][info][gc          ] GC(391) Garbage Collection (Allocation Rate) 386M(38%)->134M(13%)
[51.003s][info][gc,start    ] GC(392) Garbage Collection (Allocation Rate)
[51.003s][info][gc,task     ] GC(392) Using 10 workers
[51.003s][info][gc,phases   ] GC(392) Pause Mark Start 0.009ms
[51.023s][info][gc,phases   ] GC(392) Concurrent Mark 19.555ms
[51.023s][info][gc,phases   ] GC(392) Pause Mark End 0.021ms
[51.023s][info][gc,phases   ] GC(392) Concurrent Mark Free 0.001ms
[51.025s][info][gc,phases   ] GC(392) Concurrent Process Non-Strong References 1.583ms
[51.025s][info][gc,phases   ] GC(392) Concurrent Reset Relocation Set 0.013ms
[51.028s][info][gc,phases   ] GC(392) Concurrent Select Relocation Set 2.703ms
[51.028s][info][gc,phases   ] GC(392) Pause Relocate Start 0.008ms
[51.029s][info][gc,phases   ] GC(392) Concurrent Relocate 1.350ms
[51.029s][info][gc,load     ] GC(392) Load: 0.00/0.00/0.00
[51.029s][info][gc,mmu      ] GC(392) MMU: 2ms/95.9%, 5ms/98.4%, 10ms/99.2%, 20ms/99.6%, 50ms/99.8%, 100ms/99.9%
[51.029s][info][gc,marking  ] GC(392) Mark: 8 stripe(s), 2 proactive flush(es), 1 terminate flush(es), 0 completion(s), 0 continuation(s) 
[51.029s][info][gc,marking  ] GC(392) Mark Stack Usage: 32M
[51.029s][info][gc,nmethod  ] GC(392) NMethods: 4476 registered, 648 unregistered
[51.029s][info][gc,metaspace] GC(392) Metaspace: 72M used, 72M committed, 1088M reserved
[51.029s][info][gc,ref      ] GC(392) Soft: 2427 encountered, 0 discovered, 0 enqueued
[51.029s][info][gc,ref      ] GC(392) Weak: 9672 encountered, 730 discovered, 6 enqueued
[51.029s][info][gc,ref      ] GC(392) Final: 289 encountered, 18 discovered, 0 enqueued
[51.029s][info][gc,ref      ] GC(392) Phantom: 424 encountered, 240 discovered, 0 enqueued
[51.029s][info][gc,reloc    ] GC(392) Small Pages: 164 / 328M, Empty: 190M, Relocated: 3M, In-Place: 0
[51.029s][info][gc,reloc    ] GC(392) Medium Pages: 0 / 0M, Empty: 0M, Relocated: 0M, In-Place: 0
[51.029s][info][gc,reloc    ] GC(392) Large Pages: 0 / 0M, Empty: 0M, Relocated: 0M, In-Place: 0
[51.029s][info][gc,reloc    ] GC(392) Forwarding Usage: 1M
[51.030s][info][gc,heap     ] GC(392) Min Capacity: 8M(1%)
[51.030s][info][gc,heap     ] GC(392) Max Capacity: 1024M(100%)
[51.030s][info][gc,heap     ] GC(392) Soft Max Capacity: 1024M(100%)
[51.030s][info][gc,heap     ] GC(392)                Mark Start          Mark End        Relocate Start      Relocate End           High               Low         
[51.030s][info][gc,heap     ] GC(392)  Capacity:     1024M (100%)       1024M (100%)       1024M (100%)       1024M (100%)       1024M (100%)       1024M (100%)   
[51.030s][info][gc,heap     ] GC(392)      Free:      696M (68%)         652M (64%)         832M (81%)         894M (87%)         894M (87%)         646M (63%)    
[51.030s][info][gc,heap     ] GC(392)      Used:      328M (32%)         372M (36%)         192M (19%)         130M (13%)         378M (37%)         130M (13%)    
[51.030s][info][gc,heap     ] GC(392)      Live:         -                47M (5%)           47M (5%)           47M (5%)             -                  -          
[51.030s][info][gc,heap     ] GC(392) Allocated:         -                44M (4%)           54M (5%)           53M (5%)             -                  -          
[51.030s][info][gc,heap     ] GC(392)   Garbage:         -               280M (27%)          90M (9%)           28M (3%)             -                  -          
[51.030s][info][gc,heap     ] GC(392) Reclaimed:         -                  -               190M (19%)         251M (25%)            -                  -          
[51.030s][info][gc          ] GC(392) Garbage Collection (Allocation Rate) 328M(32%)->130M(13%)
[51.095s][info][gc,start    ] GC(393) Garbage Collection (Allocation Rate)
[51.095s][info][gc,task     ] GC(393) Using 10 workers
[51.095s][info][gc,phases   ] GC(393) Pause Mark Start 0.010ms
[51.113s][info][gc,phases   ] GC(393) Concurrent Mark 17.608ms
[51.113s][info][gc,phases   ] GC(393) Pause Mark End 0.024ms
[51.113s][info][gc,phases   ] GC(393) Concurrent Mark Free 0.001ms
[51.115s][info][gc,phases   ] GC(393) Concurrent Process Non-Strong References 1.481ms
[51.115s][info][gc,phases   ] GC(393) Concurrent Reset Relocation Set 0.006ms
[51.117s][info][gc,phases   ] GC(393) Concurrent Select Relocation Set 2.502ms
[51.117s][info][gc,phases   ] GC(393) Pause Relocate Start 0.007ms
[51.119s][info][gc,phases   ] GC(393) Concurrent Relocate 1.417ms
[51.119s][info][gc,load     ] GC(393) Load: 0.00/0.00/0.00
[51.119s][info][gc,mmu      ] GC(393) MMU: 2ms/95.9%, 5ms/98.4%, 10ms/99.2%, 20ms/99.6%, 50ms/99.8%, 100ms/99.9%
[51.119s][info][gc,marking  ] GC(393) Mark: 8 stripe(s), 2 proactive flush(es), 1 terminate flush(es), 0 completion(s), 0 continuation(s) 
[51.119s][info][gc,marking  ] GC(393) Mark Stack Usage: 32M
[51.119s][info][gc,nmethod  ] GC(393) NMethods: 4476 registered, 648 unregistered
[51.119s][info][gc,metaspace] GC(393) Metaspace: 72M used, 72M committed, 1088M reserved
[51.119s][info][gc,ref      ] GC(393) Soft: 2427 encountered, 0 discovered, 0 enqueued
[51.119s][info][gc,ref      ] GC(393) Weak: 9604 encountered, 649 discovered, 12 enqueued
[51.119s][info][gc,ref      ] GC(393) Final: 289 encountered, 9 discovered, 0 enqueued
[51.119s][info][gc,ref      ] GC(393) Phantom: 424 encountered, 285 discovered, 0 enqueued
[51.119s][info][gc,reloc    ] GC(393) Small Pages: 141 / 282M, Empty: 138M, Relocated: 3M, In-Place: 0
[51.119s][info][gc,reloc    ] GC(393) Medium Pages: 0 / 0M, Empty: 0M, Relocated: 0M, In-Place: 0
[51.119s][info][gc,reloc    ] GC(393) Large Pages: 0 / 0M, Empty: 0M, Relocated: 0M, In-Place: 0
[51.119s][info][gc,reloc    ] GC(393) Forwarding Usage: 1M
[51.119s][info][gc,heap     ] GC(393) Min Capacity: 8M(1%)
[51.119s][info][gc,heap     ] GC(393) Max Capacity: 1024M(100%)
[51.119s][info][gc,heap     ] GC(393) Soft Max Capacity: 1024M(100%)
[51.119s][info][gc,heap     ] GC(393)                Mark Start          Mark End        Relocate Start      Relocate End           High               Low         
[51.119s][info][gc,heap     ] GC(393)  Capacity:     1024M (100%)       1024M (100%)       1024M (100%)       1024M (100%)       1024M (100%)       1024M (100%)   
[51.119s][info][gc,heap     ] GC(393)      Free:      742M (72%)         708M (69%)         838M (82%)         904M (88%)         904M (88%)         702M (69%)    
[51.119s][info][gc,heap     ] GC(393)      Used:      282M (28%)         316M (31%)         186M (18%)         120M (12%)         322M (31%)         120M (12%)    
[51.119s][info][gc,heap     ] GC(393)      Live:         -                47M (5%)           47M (5%)           47M (5%)             -                  -          
[51.119s][info][gc,heap     ] GC(393) Allocated:         -                34M (3%)           42M (4%)           43M (4%)             -                  -          
[51.119s][info][gc,heap     ] GC(393)   Garbage:         -               234M (23%)          96M (9%)           28M (3%)             -                  -          
[51.119s][info][gc,heap     ] GC(393) Reclaimed:         -                  -               138M (13%)         205M (20%)            -                  -          
[51.119s][info][gc          ] GC(393) Garbage Collection (Allocation Rate) 282M(28%)->120M(12%)
[51.203s][info][gc,start    ] GC(394) Garbage Collection (Allocation Rate)
[51.203s][info][gc,task     ] GC(394) Using 10 workers
[51.203s][info][gc,phases   ] GC(394) Pause Mark Start 0.010ms
[51.218s][info][gc,phases   ] GC(394) Concurrent Mark 14.446ms
[51.218s][info][gc,phases   ] GC(394) Pause Mark End 0.019ms
[51.218s][info][gc,phases   ] GC(394) Concurrent Mark Free 0.000ms
[51.219s][info][gc,phases   ] GC(394) Concurrent Process Non-Strong References 1.458ms
[51.219s][info][gc,phases   ] GC(394) Concurrent Reset Relocation Set 0.005ms
[51.222s][info][gc,phases   ] GC(394) Concurrent Select Relocation Set 2.337ms
[51.222s][info][gc,phases   ] GC(394) Pause Relocate Start 0.007ms
[51.223s][info][gc,phases   ] GC(394) Concurrent Relocate 1.132ms
[51.223s][info][gc,load     ] GC(394) Load: 0.00/0.00/0.00
[51.223s][info][gc,mmu      ] GC(394) MMU: 2ms/95.9%, 5ms/98.4%, 10ms/99.2%, 20ms/99.6%, 50ms/99.8%, 100ms/99.9%
[51.223s][info][gc,marking  ] GC(394) Mark: 8 stripe(s), 2 proactive flush(es), 1 terminate flush(es), 0 completion(s), 0 continuation(s) 
[51.223s][info][gc,marking  ] GC(394) Mark Stack Usage: 32M
[51.223s][info][gc,nmethod  ] GC(394) NMethods: 4476 registered, 648 unregistered
[51.223s][info][gc,metaspace] GC(394) Metaspace: 72M used, 72M committed, 1088M reserved
[51.223s][info][gc,ref      ] GC(394) Soft: 2427 encountered, 0 discovered, 0 enqueued
[51.223s][info][gc,ref      ] GC(394) Weak: 9557 encountered, 771 discovered, 13 enqueued
[51.223s][info][gc,ref      ] GC(394) Final: 289 encountered, 25 discovered, 0 enqueued
[51.223s][info][gc,ref      ] GC(394) Phantom: 424 encountered, 313 discovered, 0 enqueued
[51.223s][info][gc,reloc    ] GC(394) Small Pages: 144 / 288M, Empty: 150M, Relocated: 3M, In-Place: 0
[51.223s][info][gc,reloc    ] GC(394) Medium Pages: 0 / 0M, Empty: 0M, Relocated: 0M, In-Place: 0
[51.223s][info][gc,reloc    ] GC(394) Large Pages: 0 / 0M, Empty: 0M, Relocated: 0M, In-Place: 0
[51.223s][info][gc,reloc    ] GC(394) Forwarding Usage: 1M
[51.223s][info][gc,heap     ] GC(394) Min Capacity: 8M(1%)
[51.223s][info][gc,heap     ] GC(394) Max Capacity: 1024M(100%)
[51.223s][info][gc,heap     ] GC(394) Soft Max Capacity: 1024M(100%)
[51.223s][info][gc,heap     ] GC(394)                Mark Start          Mark End        Relocate Start      Relocate End           High               Low         
[51.223s][info][gc,heap     ] GC(394)  Capacity:     1024M (100%)       1024M (100%)       1024M (100%)       1024M (100%)       1024M (100%)       1024M (100%)   
[51.223s][info][gc,heap     ] GC(394)      Free:      736M (72%)         710M (69%)         854M (83%)         914M (89%)         914M (89%)         708M (69%)    
[51.223s][info][gc,heap     ] GC(394)      Used:      288M (28%)         314M (31%)         170M (17%)         110M (11%)         316M (31%)         110M (11%)    
[51.223s][info][gc,heap     ] GC(394)      Live:         -                47M (5%)           47M (5%)           47M (5%)             -                  -          
[51.223s][info][gc,heap     ] GC(394) Allocated:         -                26M (3%)           32M (3%)           33M (3%)             -                  -          
[51.223s][info][gc,heap     ] GC(394)   Garbage:         -               240M (23%)          90M (9%)           28M (3%)             -                  -          
[51.223s][info][gc,heap     ] GC(394) Reclaimed:         -                  -               150M (15%)         211M (21%)            -                  -          
[51.224s][info][gc          ] GC(394) Garbage Collection (Allocation Rate) 288M(28%)->110M(11%)
[51.296s][info][gc,start    ] GC(395) Garbage Collection (Allocation Rate)
[51.296s][info][gc,task     ] GC(395) Using 10 workers
[51.296s][info][gc,phases   ] GC(395) Pause Mark Start 0.011ms
[51.323s][info][gc,phases   ] GC(395) Concurrent Mark 26.875ms
[51.323s][info][gc,phases   ] GC(395) Pause Mark End 0.023ms
[51.324s][info][gc,phases   ] GC(395) Concurrent Mark Free 0.001ms
[51.325s][info][gc,phases   ] GC(395) Concurrent Process Non-Strong References 1.487ms
[51.325s][info][gc,phases   ] GC(395) Concurrent Reset Relocation Set 0.005ms
[51.328s][info][gc,phases   ] GC(395) Concurrent Select Relocation Set 2.420ms
[51.328s][info][gc,phases   ] GC(395) Pause Relocate Start 0.007ms
[51.329s][info][gc,phases   ] GC(395) Concurrent Relocate 1.219ms
[51.329s][info][gc,load     ] GC(395) Load: 0.00/0.00/0.00
[51.329s][info][gc,mmu      ] GC(395) MMU: 2ms/95.9%, 5ms/98.4%, 10ms/99.2%, 20ms/99.6%, 50ms/99.8%, 100ms/99.9%
[51.329s][info][gc,marking  ] GC(395) Mark: 8 stripe(s), 3 proactive flush(es), 1 terminate flush(es), 0 completion(s), 0 continuation(s) 
[51.329s][info][gc,marking  ] GC(395) Mark Stack Usage: 32M
[51.329s][info][gc,nmethod  ] GC(395) NMethods: 4478 registered, 649 unregistered
[51.329s][info][gc,metaspace] GC(395) Metaspace: 72M used, 72M committed, 1088M reserved
[51.329s][info][gc,ref      ] GC(395) Soft: 2427 encountered, 0 discovered, 0 enqueued
[51.329s][info][gc,ref      ] GC(395) Weak: 9520 encountered, 1111 discovered, 7 enqueued
[51.329s][info][gc,ref      ] GC(395) Final: 289 encountered, 20 discovered, 0 enqueued
[51.329s][info][gc,ref      ] GC(395) Phantom: 424 encountered, 325 discovered, 0 enqueued
[51.329s][info][gc,reloc    ] GC(395) Small Pages: 124 / 248M, Empty: 132M, Relocated: 3M, In-Place: 0
[51.329s][info][gc,reloc    ] GC(395) Medium Pages: 0 / 0M, Empty: 0M, Relocated: 0M, In-Place: 0
[51.329s][info][gc,reloc    ] GC(395) Large Pages: 0 / 0M, Empty: 0M, Relocated: 0M, In-Place: 0
[51.329s][info][gc,reloc    ] GC(395) Forwarding Usage: 1M
[51.329s][info][gc,heap     ] GC(395) Min Capacity: 8M(1%)
[51.329s][info][gc,heap     ] GC(395) Max Capacity: 1024M(100%)
[51.329s][info][gc,heap     ] GC(395) Soft Max Capacity: 1024M(100%)
[51.329s][info][gc,heap     ] GC(395)                Mark Start          Mark End        Relocate Start      Relocate End           High               Low         
[51.329s][info][gc,heap     ] GC(395)  Capacity:     1024M (100%)       1024M (100%)       1024M (100%)       1024M (100%)       1024M (100%)       1024M (100%)   
[51.329s][info][gc,heap     ] GC(395)      Free:      776M (76%)         732M (71%)         858M (84%)         898M (88%)         898M (88%)         730M (71%)    
[51.329s][info][gc,heap     ] GC(395)      Used:      248M (24%)         292M (29%)         166M (16%)         126M (12%)         294M (29%)         126M (12%)    
[51.329s][info][gc,heap     ] GC(395)      Live:         -                47M (5%)           47M (5%)           47M (5%)             -                  -          
[51.329s][info][gc,heap     ] GC(395) Allocated:         -                44M (4%)           50M (5%)           49M (5%)             -                  -          
[51.329s][info][gc,heap     ] GC(395)   Garbage:         -               200M (20%)          68M (7%)           28M (3%)             -                  -          
[51.329s][info][gc,heap     ] GC(395) Reclaimed:         -                  -               132M (13%)         171M (17%)            -                  -          
[51.329s][info][gc          ] GC(395) Garbage Collection (Allocation Rate) 248M(24%)->126M(12%)
[51.395s][info][gc,start    ] GC(396) Garbage Collection (Allocation Rate)
[51.395s][info][gc,task     ] GC(396) Using 10 workers
[51.396s][info][gc,phases   ] GC(396) Pause Mark Start 0.012ms
[51.413s][info][gc,phases   ] GC(396) Concurrent Mark 17.509ms
[51.413s][info][gc,phases   ] GC(396) Pause Mark End 0.020ms
[51.413s][info][gc,phases   ] GC(396) Concurrent Mark Free 0.001ms
[51.415s][info][gc,phases   ] GC(396) Concurrent Process Non-Strong References 1.491ms
[51.415s][info][gc,phases   ] GC(396) Concurrent Reset Relocation Set 0.004ms
[51.417s][info][gc,phases   ] GC(396) Concurrent Select Relocation Set 2.379ms
[51.417s][info][gc,phases   ] GC(396) Pause Relocate Start 0.009ms
[51.419s][info][gc,phases   ] GC(396) Concurrent Relocate 1.101ms
[51.419s][info][gc,load     ] GC(396) Load: 0.00/0.00/0.00
[51.419s][info][gc,mmu      ] GC(396) MMU: 2ms/95.9%, 5ms/98.4%, 10ms/99.2%, 20ms/99.6%, 50ms/99.8%, 100ms/99.9%
[51.419s][info][gc,marking  ] GC(396) Mark: 8 stripe(s), 2 proactive flush(es), 1 terminate flush(es), 0 completion(s), 0 continuation(s) 
[51.419s][info][gc,marking  ] GC(396) Mark Stack Usage: 32M
[51.419s][info][gc,nmethod  ] GC(396) NMethods: 4476 registered, 651 unregistered
[51.419s][info][gc,metaspace] GC(396) Metaspace: 72M used, 72M committed, 1088M reserved
[51.419s][info][gc,ref      ] GC(396) Soft: 2427 encountered, 0 discovered, 0 enqueued
[51.419s][info][gc,ref      ] GC(396) Weak: 9513 encountered, 896 discovered, 0 enqueued
[51.419s][info][gc,ref      ] GC(396) Final: 289 encountered, 8 discovered, 0 enqueued
[51.419s][info][gc,ref      ] GC(396) Phantom: 424 encountered, 296 discovered, 0 enqueued
[51.419s][info][gc,reloc    ] GC(396) Small Pages: 119 / 238M, Empty: 132M, Relocated: 3M, In-Place: 0
[51.419s][info][gc,reloc    ] GC(396) Medium Pages: 0 / 0M, Empty: 0M, Relocated: 0M, In-Place: 0
[51.419s][info][gc,reloc    ] GC(396) Large Pages: 0 / 0M, Empty: 0M, Relocated: 0M, In-Place: 0
[51.419s][info][gc,reloc    ] GC(396) Forwarding Usage: 1M
[51.419s][info][gc,heap     ] GC(396) Min Capacity: 8M(1%)
[51.419s][info][gc,heap     ] GC(396) Max Capacity: 1024M(100%)
[51.419s][info][gc,heap     ] GC(396) Soft Max Capacity: 1024M(100%)
[51.419s][info][gc,heap     ] GC(396)                Mark Start          Mark End        Relocate Start      Relocate End           High               Low         
[51.419s][info][gc,heap     ] GC(396)  Capacity:     1024M (100%)       1024M (100%)       1024M (100%)       1024M (100%)       1024M (100%)       1024M (100%)   
[51.419s][info][gc,heap     ] GC(396)      Free:      786M (77%)         762M (74%)         886M (87%)         916M (89%)         916M (89%)         758M (74%)    
[51.419s][info][gc,heap     ] GC(396)      Used:      238M (23%)         262M (26%)         138M (13%)         108M (11%)         266M (26%)         108M (11%)    
[51.419s][info][gc,heap     ] GC(396)      Live:         -                47M (5%)           47M (5%)           47M (5%)             -                  -          
[51.419s][info][gc,heap     ] GC(396) Allocated:         -                24M (2%)           32M (3%)           31M (3%)             -                  -          
[51.419s][info][gc,heap     ] GC(396)   Garbage:         -               190M (19%)          58M (6%)           28M (3%)             -                  -          
[51.419s][info][gc,heap     ] GC(396) Reclaimed:         -                  -               132M (13%)         161M (16%)            -                  -          
[51.419s][info][gc          ] GC(396) Garbage Collection (Allocation Rate) 238M(23%)->108M(11%)
[51.503s][info][gc,start    ] GC(397) Garbage Collection (Allocation Rate)
[51.503s][info][gc,task     ] GC(397) Using 10 workers
[51.503s][info][gc,phases   ] GC(397) Pause Mark Start 0.013ms
[51.523s][info][gc,phases   ] GC(397) Concurrent Mark 19.551ms
[51.523s][info][gc,phases   ] GC(397) Pause Mark End 0.027ms
[51.523s][info][gc,phases   ] GC(397) Concurrent Mark Free 0.001ms
[51.525s][info][gc,phases   ] GC(397) Concurrent Process Non-Strong References 1.549ms
[51.525s][info][gc,phases   ] GC(397) Concurrent Reset Relocation Set 0.004ms
[51.527s][info][gc,phases   ] GC(397) Concurrent Select Relocation Set 2.397ms
[51.527s][info][gc,phases   ] GC(397) Pause Relocate Start 0.008ms
[51.529s][info][gc,phases   ] GC(397) Concurrent Relocate 1.257ms
[51.529s][info][gc,load     ] GC(397) Load: 0.00/0.00/0.00
[51.529s][info][gc,mmu      ] GC(397) MMU: 2ms/95.9%, 5ms/98.4%, 10ms/99.2%, 20ms/99.6%, 50ms/99.8%, 100ms/99.9%
[51.529s][info][gc,marking  ] GC(397) Mark: 8 stripe(s), 3 proactive flush(es), 1 terminate flush(es), 0 completion(s), 0 continuation(s) 
[51.529s][info][gc,marking  ] GC(397) Mark Stack Usage: 32M
[51.529s][info][gc,nmethod  ] GC(397) NMethods: 4476 registered, 651 unregistered
[51.529s][info][gc,metaspace] GC(397) Metaspace: 72M used, 72M committed, 1088M reserved
[51.529s][info][gc,ref      ] GC(397) Soft: 2427 encountered, 0 discovered, 0 enqueued
[51.529s][info][gc,ref      ] GC(397) Weak: 9513 encountered, 1352 discovered, 0 enqueued
[51.529s][info][gc,ref      ] GC(397) Final: 289 encountered, 16 discovered, 0 enqueued
[51.529s][info][gc,ref      ] GC(397) Phantom: 424 encountered, 311 discovered, 0 enqueued
[51.529s][info][gc,reloc    ] GC(397) Small Pages: 122 / 244M, Empty: 138M, Relocated: 3M, In-Place: 0
[51.529s][info][gc,reloc    ] GC(397) Medium Pages: 0 / 0M, Empty: 0M, Relocated: 0M, In-Place: 0
[51.529s][info][gc,reloc    ] GC(397) Large Pages: 0 / 0M, Empty: 0M, Relocated: 0M, In-Place: 0
[51.529s][info][gc,reloc    ] GC(397) Forwarding Usage: 1M
[51.529s][info][gc,heap     ] GC(397) Min Capacity: 8M(1%)
[51.529s][info][gc,heap     ] GC(397) Max Capacity: 1024M(100%)
[51.529s][info][gc,heap     ] GC(397) Soft Max Capacity: 1024M(100%)
[51.529s][info][gc,heap     ] GC(397)                Mark Start          Mark End        Relocate Start      Relocate End           High               Low         
[51.529s][info][gc,heap     ] GC(397)  Capacity:     1024M (100%)       1024M (100%)       1024M (100%)       1024M (100%)       1024M (100%)       1024M (100%)   
[51.529s][info][gc,heap     ] GC(397)      Free:      780M (76%)         752M (73%)         884M (86%)         912M (89%)         912M (89%)         750M (73%)    
[51.529s][info][gc,heap     ] GC(397)      Used:      244M (24%)         272M (27%)         140M (14%)         112M (11%)         274M (27%)         112M (11%)    
[51.529s][info][gc,heap     ] GC(397)      Live:         -                47M (5%)           47M (5%)           47M (5%)             -                  -          
[51.529s][info][gc,heap     ] GC(397) Allocated:         -                28M (3%)           34M (3%)           35M (4%)             -                  -          
[51.529s][info][gc,heap     ] GC(397)   Garbage:         -               196M (19%)          58M (6%)           28M (3%)             -                  -          
[51.529s][info][gc,heap     ] GC(397) Reclaimed:         -                  -               138M (13%)         167M (16%)            -                  -          
[51.529s][info][gc          ] GC(397) Garbage Collection (Allocation Rate) 244M(24%)->112M(11%)
[51.595s][info][gc,start    ] GC(398) Garbage Collection (Allocation Rate)
[51.595s][info][gc,task     ] GC(398) Using 10 workers
[51.595s][info][gc,phases   ] GC(398) Pause Mark Start 0.009ms
[51.613s][info][gc,phases   ] GC(398) Concurrent Mark 17.531ms
[51.613s][info][gc,phases   ] GC(398) Pause Mark End 0.020ms
[51.613s][info][gc,phases   ] GC(398) Concurrent Mark Free 0.001ms
[51.615s][info][gc,phases   ] GC(398) Concurrent Process Non-Strong References 1.447ms
[51.615s][info][gc,phases   ] GC(398) Concurrent Reset Relocation Set 0.004ms
[51.618s][info][gc,phases   ] GC(398) Concurrent Select Relocation Set 3.177ms
[51.618s][info][gc,phases   ] GC(398) Pause Relocate Start 0.009ms
[51.619s][info][gc,phases   ] GC(398) Concurrent Relocate 1.066ms
[51.619s][info][gc,load     ] GC(398) Load: 0.00/0.00/0.00
[51.619s][info][gc,mmu      ] GC(398) MMU: 2ms/95.9%, 5ms/98.4%, 10ms/99.2%, 20ms/99.6%, 50ms/99.8%, 100ms/99.9%
[51.619s][info][gc,marking  ] GC(398) Mark: 8 stripe(s), 2 proactive flush(es), 1 terminate flush(es), 0 completion(s), 0 continuation(s) 
[51.619s][info][gc,marking  ] GC(398) Mark Stack Usage: 32M
[51.619s][info][gc,nmethod  ] GC(398) NMethods: 4476 registered, 651 unregistered
[51.619s][info][gc,metaspace] GC(398) Metaspace: 72M used, 72M committed, 1088M reserved
[51.619s][info][gc,ref      ] GC(398) Soft: 2427 encountered, 0 discovered, 0 enqueued
[51.619s][info][gc,ref      ] GC(398) Weak: 9513 encountered, 804 discovered, 0 enqueued
[51.619s][info][gc,ref      ] GC(398) Final: 289 encountered, 11 discovered, 0 enqueued
[51.619s][info][gc,ref      ] GC(398) Phantom: 424 encountered, 347 discovered, 0 enqueued
[51.619s][info][gc,reloc    ] GC(398) Small Pages: 109 / 218M, Empty: 118M, Relocated: 3M, In-Place: 0
[51.619s][info][gc,reloc    ] GC(398) Medium Pages: 0 / 0M, Empty: 0M, Relocated: 0M, In-Place: 0
[51.619s][info][gc,reloc    ] GC(398) Large Pages: 0 / 0M, Empty: 0M, Relocated: 0M, In-Place: 0
[51.619s][info][gc,reloc    ] GC(398) Forwarding Usage: 1M
[51.619s][info][gc,heap     ] GC(398) Min Capacity: 8M(1%)
[51.619s][info][gc,heap     ] GC(398) Max Capacity: 1024M(100%)
[51.619s][info][gc,heap     ] GC(398) Soft Max Capacity: 1024M(100%)
[51.619s][info][gc,heap     ] GC(398)                Mark Start          Mark End        Relocate Start      Relocate End           High               Low         
[51.619s][info][gc,heap     ] GC(398)  Capacity:     1024M (100%)       1024M (100%)       1024M (100%)       1024M (100%)       1024M (100%)       1024M (100%)   
[51.619s][info][gc,heap     ] GC(398)      Free:      806M (79%)         780M (76%)         892M (87%)         914M (89%)         914M (89%)         774M (76%)    
[51.619s][info][gc,heap     ] GC(398)      Used:      218M (21%)         244M (24%)         132M (13%)         110M (11%)         250M (24%)         110M (11%)    
[51.619s][info][gc,heap     ] GC(398)      Live:         -                47M (5%)           47M (5%)           47M (5%)             -                  -          
[51.619s][info][gc,heap     ] GC(398) Allocated:         -                26M (3%)           32M (3%)           33M (3%)             -                  -          
[51.619s][info][gc,heap     ] GC(398)   Garbage:         -               170M (17%)          52M (5%)           28M (3%)             -                  -          
[51.619s][info][gc,heap     ] GC(398) Reclaimed:         -                  -               118M (12%)         141M (14%)            -                  -          
[51.619s][info][gc          ] GC(398) Garbage Collection (Allocation Rate) 218M(21%)->110M(11%)
[51.703s][info][gc,start    ] GC(399) Garbage Collection (Allocation Rate)
[51.738s][info][gc,task     ] GC(399) Using 10 workers
[51.738s][info][gc,phases   ] GC(399) Pause Mark Start 0.014ms
[51.755s][info][gc,phases   ] GC(399) Concurrent Mark 16.177ms
[51.755s][info][gc,phases   ] GC(399) Pause Mark End 0.023ms
[51.755s][info][gc,phases   ] GC(399) Concurrent Mark Free 0.001ms
[51.756s][info][gc,phases   ] GC(399) Concurrent Process Non-Strong References 1.447ms
[51.756s][info][gc,phases   ] GC(399) Concurrent Reset Relocation Set 0.004ms
[51.759s][info][gc,phases   ] GC(399) Concurrent Select Relocation Set 3.194ms
[51.760s][info][gc,phases   ] GC(399) Pause Relocate Start 0.008ms
[51.761s][info][gc,phases   ] GC(399) Concurrent Relocate 1.347ms
[51.761s][info][gc,load     ] GC(399) Load: 0.00/0.00/0.00
[51.761s][info][gc,mmu      ] GC(399) MMU: 2ms/95.9%, 5ms/98.4%, 10ms/99.2%, 20ms/99.6%, 50ms/99.8%, 100ms/99.9%
[51.761s][info][gc,marking  ] GC(399) Mark: 8 stripe(s), 3 proactive flush(es), 1 terminate flush(es), 0 completion(s), 0 continuation(s) 
[51.761s][info][gc,marking  ] GC(399) Mark Stack Usage: 32M
[51.761s][info][gc,nmethod  ] GC(399) NMethods: 4476 registered, 651 unregistered
[51.761s][info][gc,metaspace] GC(399) Metaspace: 72M used, 72M committed, 1088M reserved
[51.761s][info][gc,ref      ] GC(399) Soft: 2427 encountered, 0 discovered, 0 enqueued
[51.761s][info][gc,ref      ] GC(399) Weak: 9513 encountered, 770 discovered, 0 enqueued
[51.761s][info][gc,ref      ] GC(399) Final: 289 encountered, 9 discovered, 0 enqueued
[51.761s][info][gc,ref      ] GC(399) Phantom: 424 encountered, 337 discovered, 0 enqueued
[51.761s][info][gc,reloc    ] GC(399) Small Pages: 150 / 300M, Empty: 178M, Relocated: 3M, In-Place: 0
[51.761s][info][gc,reloc    ] GC(399) Medium Pages: 0 / 0M, Empty: 0M, Relocated: 0M, In-Place: 0
[51.761s][info][gc,reloc    ] GC(399) Large Pages: 0 / 0M, Empty: 0M, Relocated: 0M, In-Place: 0
[51.761s][info][gc,reloc    ] GC(399) Forwarding Usage: 1M
[51.761s][info][gc,heap     ] GC(399) Min Capacity: 8M(1%)
[51.761s][info][gc,heap     ] GC(399) Max Capacity: 1024M(100%)
[51.761s][info][gc,heap     ] GC(399) Soft Max Capacity: 1024M(100%)
[51.761s][info][gc,heap     ] GC(399)                Mark Start          Mark End        Relocate Start      Relocate End           High               Low         
[51.761s][info][gc,heap     ] GC(399)  Capacity:     1024M (100%)       1024M (100%)       1024M (100%)       1024M (100%)       1024M (100%)       1024M (100%)   
[51.761s][info][gc,heap     ] GC(399)      Free:      724M (71%)         700M (68%)         872M (85%)         916M (89%)         916M (89%)         698M (68%)    
[51.761s][info][gc,heap     ] GC(399)      Used:      300M (29%)         324M (32%)         152M (15%)         108M (11%)         326M (32%)         108M (11%)    
[51.761s][info][gc,heap     ] GC(399)      Live:         -                47M (5%)           47M (5%)           47M (5%)             -                  -          
[51.761s][info][gc,heap     ] GC(399) Allocated:         -                24M (2%)           30M (3%)           31M (3%)             -                  -          
[51.761s][info][gc,heap     ] GC(399)   Garbage:         -               252M (25%)          74M (7%)           28M (3%)             -                  -          
[51.761s][info][gc,heap     ] GC(399) Reclaimed:         -                  -               178M (17%)         223M (22%)            -                  -          
[51.761s][info][gc          ] GC(399) Garbage Collection (Allocation Rate) 300M(29%)->108M(11%)
[51.795s][info][gc,start    ] GC(400) Garbage Collection (Allocation Rate)
[51.796s][info][gc,task     ] GC(400) Using 10 workers
[51.796s][info][gc,phases   ] GC(400) Pause Mark Start 0.011ms
[51.815s][info][gc,phases   ] GC(400) Concurrent Mark 19.814ms
[51.816s][info][gc,phases   ] GC(400) Pause Mark End 0.024ms
[51.816s][info][gc,phases   ] GC(400) Concurrent Mark Free 0.001ms
[51.817s][info][gc,phases   ] GC(400) Concurrent Process Non-Strong References 1.494ms
[51.817s][info][gc,phases   ] GC(400) Concurrent Reset Relocation Set 0.005ms
[51.820s][info][gc,phases   ] GC(400) Concurrent Select Relocation Set 2.387ms
[51.820s][info][gc,phases   ] GC(400) Pause Relocate Start 0.007ms
[51.821s][info][gc,phases   ] GC(400) Concurrent Relocate 1.104ms
[51.821s][info][gc,load     ] GC(400) Load: 0.00/0.00/0.00
[51.821s][info][gc,mmu      ] GC(400) MMU: 2ms/95.9%, 5ms/98.4%, 10ms/99.2%, 20ms/99.6%, 50ms/99.8%, 100ms/99.9%
[51.821s][info][gc,marking  ] GC(400) Mark: 8 stripe(s), 3 proactive flush(es), 1 terminate flush(es), 0 completion(s), 0 continuation(s) 
[51.821s][info][gc,marking  ] GC(400) Mark Stack Usage: 32M
[51.821s][info][gc,nmethod  ] GC(400) NMethods: 4476 registered, 651 unregistered
[51.821s][info][gc,metaspace] GC(400) Metaspace: 72M used, 72M committed, 1088M reserved
[51.821s][info][gc,ref      ] GC(400) Soft: 2427 encountered, 0 discovered, 0 enqueued
[51.821s][info][gc,ref      ] GC(400) Weak: 9513 encountered, 795 discovered, 0 enqueued
[51.821s][info][gc,ref      ] GC(400) Final: 289 encountered, 25 discovered, 0 enqueued
[51.821s][info][gc,ref      ] GC(400) Phantom: 424 encountered, 294 discovered, 0 enqueued
[51.821s][info][gc,reloc    ] GC(400) Small Pages: 82 / 164M, Empty: 60M, Relocated: 3M, In-Place: 0
[51.821s][info][gc,reloc    ] GC(400) Medium Pages: 0 / 0M, Empty: 0M, Relocated: 0M, In-Place: 0
[51.821s][info][gc,reloc    ] GC(400) Large Pages: 0 / 0M, Empty: 0M, Relocated: 0M, In-Place: 0
[51.821s][info][gc,reloc    ] GC(400) Forwarding Usage: 1M
[51.821s][info][gc,heap     ] GC(400) Min Capacity: 8M(1%)
[51.821s][info][gc,heap     ] GC(400) Max Capacity: 1024M(100%)
[51.821s][info][gc,heap     ] GC(400) Soft Max Capacity: 1024M(100%)
[51.821s][info][gc,heap     ] GC(400)                Mark Start          Mark End        Relocate Start      Relocate End           High               Low         
[51.821s][info][gc,heap     ] GC(400)  Capacity:     1024M (100%)       1024M (100%)       1024M (100%)       1024M (100%)       1024M (100%)       1024M (100%)   
[51.821s][info][gc,heap     ] GC(400)      Free:      860M (84%)         828M (81%)         882M (86%)         910M (89%)         910M (89%)         822M (80%)    
[51.821s][info][gc,heap     ] GC(400)      Used:      164M (16%)         196M (19%)         142M (14%)         114M (11%)         202M (20%)         114M (11%)    
[51.821s][info][gc,heap     ] GC(400)      Live:         -                47M (5%)           47M (5%)           47M (5%)             -                  -          
[51.821s][info][gc,heap     ] GC(400) Allocated:         -                32M (3%)           38M (4%)           37M (4%)             -                  -          
[51.821s][info][gc,heap     ] GC(400)   Garbage:         -               116M (11%)          56M (6%)           28M (3%)             -                  -          
[51.821s][info][gc,heap     ] GC(400) Reclaimed:         -                  -                60M (6%)           87M (9%)             -                  -          
[51.821s][info][gc          ] GC(400) Garbage Collection (Allocation Rate) 164M(16%)->114M(11%)
[51.896s][info][gc,start    ] GC(401) Garbage Collection (Allocation Rate)
[51.896s][info][gc,task     ] GC(401) Using 10 workers
[51.896s][info][gc,phases   ] GC(401) Pause Mark Start 0.011ms
[51.923s][info][gc,phases   ] GC(401) Concurrent Mark 26.832ms
[51.923s][info][gc,phases   ] GC(401) Pause Mark End 0.026ms
[51.923s][info][gc,phases   ] GC(401) Concurrent Mark Free 0.001ms
[51.925s][info][gc,phases   ] GC(401) Concurrent Process Non-Strong References 1.502ms
[51.925s][info][gc,phases   ] GC(401) Concurrent Reset Relocation Set 0.004ms
[51.928s][info][gc,phases   ] GC(401) Concurrent Select Relocation Set 3.215ms
[51.928s][info][gc,phases   ] GC(401) Pause Relocate Start 0.007ms
[51.929s][info][gc,phases   ] GC(401) Concurrent Relocate 0.986ms
[51.929s][info][gc,load     ] GC(401) Load: 0.00/0.00/0.00
[51.929s][info][gc,mmu      ] GC(401) MMU: 2ms/95.9%, 5ms/98.4%, 10ms/99.2%, 20ms/99.6%, 50ms/99.8%, 100ms/99.9%
[51.929s][info][gc,marking  ] GC(401) Mark: 8 stripe(s), 2 proactive flush(es), 1 terminate flush(es), 0 completion(s), 0 continuation(s) 
[51.929s][info][gc,marking  ] GC(401) Mark Stack Usage: 32M
[51.929s][info][gc,nmethod  ] GC(401) NMethods: 4476 registered, 651 unregistered
[51.929s][info][gc,metaspace] GC(401) Metaspace: 72M used, 72M committed, 1088M reserved
[51.929s][info][gc,ref      ] GC(401) Soft: 2427 encountered, 0 discovered, 0 enqueued
[51.929s][info][gc,ref      ] GC(401) Weak: 9513 encountered, 655 discovered, 0 enqueued
[51.930s][info][gc,ref      ] GC(401) Final: 289 encountered, 37 discovered, 0 enqueued
[51.930s][info][gc,ref      ] GC(401) Phantom: 424 encountered, 327 discovered, 0 enqueued
[51.930s][info][gc,reloc    ] GC(401) Small Pages: 121 / 242M, Empty: 140M, Relocated: 3M, In-Place: 0
[51.930s][info][gc,reloc    ] GC(401) Medium Pages: 0 / 0M, Empty: 0M, Relocated: 0M, In-Place: 0
[51.930s][info][gc,reloc    ] GC(401) Large Pages: 0 / 0M, Empty: 0M, Relocated: 0M, In-Place: 0
[51.930s][info][gc,reloc    ] GC(401) Forwarding Usage: 1M
[51.930s][info][gc,heap     ] GC(401) Min Capacity: 8M(1%)
[51.930s][info][gc,heap     ] GC(401) Max Capacity: 1024M(100%)
[51.930s][info][gc,heap     ] GC(401) Soft Max Capacity: 1024M(100%)
[51.930s][info][gc,heap     ] GC(401)                Mark Start          Mark End        Relocate Start      Relocate End           High               Low         
[51.930s][info][gc,heap     ] GC(401)  Capacity:     1024M (100%)       1024M (100%)       1024M (100%)       1024M (100%)       1024M (100%)       1024M (100%)   
[51.930s][info][gc,heap     ] GC(401)      Free:      782M (76%)         740M (72%)         872M (85%)         898M (88%)         898M (88%)         736M (72%)    
[51.930s][info][gc,heap     ] GC(401)      Used:      242M (24%)         284M (28%)         152M (15%)         126M (12%)         288M (28%)         126M (12%)    
[51.930s][info][gc,heap     ] GC(401)      Live:         -                47M (5%)           47M (5%)           47M (5%)             -                  -          
[51.930s][info][gc,heap     ] GC(401) Allocated:         -                42M (4%)           50M (5%)           49M (5%)             -                  -          
[51.930s][info][gc,heap     ] GC(401)   Garbage:         -               194M (19%)          54M (5%)           28M (3%)             -                  -          
[51.930s][info][gc,heap     ] GC(401) Reclaimed:         -                  -               140M (14%)         165M (16%)            -                  -          
[51.930s][info][gc          ] GC(401) Garbage Collection (Allocation Rate) 242M(24%)->126M(12%)
[51.995s][info][gc,start    ] GC(402) Garbage Collection (Allocation Rate)
[51.995s][info][gc,task     ] GC(402) Using 10 workers
[51.996s][info][gc,phases   ] GC(402) Pause Mark Start 0.011ms
[52.016s][info][gc,phases   ] GC(402) Concurrent Mark 20.751ms
[52.016s][info][gc,phases   ] GC(402) Pause Mark End 0.020ms
[52.017s][info][gc,phases   ] GC(402) Concurrent Mark Free 0.001ms
[52.018s][info][gc,phases   ] GC(402) Concurrent Process Non-Strong References 1.447ms
[52.018s][info][gc,phases   ] GC(402) Concurrent Reset Relocation Set 0.004ms
[52.020s][info][gc,phases   ] GC(402) Concurrent Select Relocation Set 2.324ms
[52.020s][info][gc,phases   ] GC(402) Pause Relocate Start 0.006ms
[52.022s][info][gc,phases   ] GC(402) Concurrent Relocate 1.110ms
[52.022s][info][gc,load     ] GC(402) Load: 0.00/0.00/0.00
[52.022s][info][gc,mmu      ] GC(402) MMU: 2ms/95.9%, 5ms/98.4%, 10ms/99.2%, 20ms/99.6%, 50ms/99.8%, 100ms/99.9%
[52.022s][info][gc,marking  ] GC(402) Mark: 8 stripe(s), 5 proactive flush(es), 1 terminate flush(es), 0 completion(s), 0 continuation(s) 
[52.022s][info][gc,marking  ] GC(402) Mark Stack Usage: 32M
[52.022s][info][gc,nmethod  ] GC(402) NMethods: 4476 registered, 651 unregistered
[52.022s][info][gc,metaspace] GC(402) Metaspace: 72M used, 72M committed, 1088M reserved
[52.022s][info][gc,ref      ] GC(402) Soft: 2427 encountered, 0 discovered, 0 enqueued
[52.022s][info][gc,ref      ] GC(402) Weak: 9513 encountered, 800 discovered, 0 enqueued
[52.022s][info][gc,ref      ] GC(402) Final: 289 encountered, 24 discovered, 0 enqueued
[52.022s][info][gc,ref      ] GC(402) Phantom: 424 encountered, 301 discovered, 0 enqueued
[52.022s][info][gc,reloc    ] GC(402) Small Pages: 118 / 236M, Empty: 126M, Relocated: 3M, In-Place: 0
[52.022s][info][gc,reloc    ] GC(402) Medium Pages: 0 / 0M, Empty: 0M, Relocated: 0M, In-Place: 0
[52.022s][info][gc,reloc    ] GC(402) Large Pages: 0 / 0M, Empty: 0M, Relocated: 0M, In-Place: 0
[52.022s][info][gc,reloc    ] GC(402) Forwarding Usage: 1M
[52.022s][info][gc,heap     ] GC(402) Min Capacity: 8M(1%)
[52.022s][info][gc,heap     ] GC(402) Max Capacity: 1024M(100%)
[52.022s][info][gc,heap     ] GC(402) Soft Max Capacity: 1024M(100%)
[52.022s][info][gc,heap     ] GC(402)                Mark Start          Mark End        Relocate Start      Relocate End           High               Low         
[52.022s][info][gc,heap     ] GC(402)  Capacity:     1024M (100%)       1024M (100%)       1024M (100%)       1024M (100%)       1024M (100%)       1024M (100%)   
[52.022s][info][gc,heap     ] GC(402)      Free:      788M (77%)         756M (74%)         876M (86%)         910M (89%)         910M (89%)         752M (73%)    
[52.022s][info][gc,heap     ] GC(402)      Used:      236M (23%)         268M (26%)         148M (14%)         114M (11%)         272M (27%)         114M (11%)    
[52.022s][info][gc,heap     ] GC(402)      Live:         -                47M (5%)           47M (5%)           47M (5%)             -                  -          
[52.022s][info][gc,heap     ] GC(402) Allocated:         -                32M (3%)           38M (4%)           37M (4%)             -                  -          
[52.022s][info][gc,heap     ] GC(402)   Garbage:         -               188M (18%)          62M (6%)           28M (3%)             -                  -          
[52.022s][info][gc,heap     ] GC(402) Reclaimed:         -                  -               126M (12%)         159M (16%)            -                  -          
[52.022s][info][gc          ] GC(402) Garbage Collection (Allocation Rate) 236M(23%)->114M(11%)
[52.103s][info][gc,start    ] GC(403) Garbage Collection (Allocation Rate)
[52.103s][info][gc,task     ] GC(403) Using 10 workers
[52.103s][info][gc,phases   ] GC(403) Pause Mark Start 0.011ms
[52.123s][info][gc,phases   ] GC(403) Concurrent Mark 19.574ms
[52.123s][info][gc,phases   ] GC(403) Pause Mark End 0.023ms
[52.123s][info][gc,phases   ] GC(403) Concurrent Mark Free 0.001ms
[52.125s][info][gc,phases   ] GC(403) Concurrent Process Non-Strong References 1.484ms
[52.125s][info][gc,phases   ] GC(403) Concurrent Reset Relocation Set 0.005ms
[52.128s][info][gc,phases   ] GC(403) Concurrent Select Relocation Set 3.268ms
[52.128s][info][gc,phases   ] GC(403) Pause Relocate Start 0.008ms
[52.129s][info][gc,phases   ] GC(403) Concurrent Relocate 1.076ms
[52.129s][info][gc,load     ] GC(403) Load: 0.00/0.00/0.00
[52.129s][info][gc,mmu      ] GC(403) MMU: 2ms/95.9%, 5ms/98.4%, 10ms/99.2%, 20ms/99.6%, 50ms/99.8%, 100ms/99.9%
[52.129s][info][gc,marking  ] GC(403) Mark: 8 stripe(s), 2 proactive flush(es), 1 terminate flush(es), 0 completion(s), 0 continuation(s) 
[52.129s][info][gc,marking  ] GC(403) Mark Stack Usage: 32M
[52.129s][info][gc,nmethod  ] GC(403) NMethods: 4476 registered, 651 unregistered
[52.129s][info][gc,metaspace] GC(403) Metaspace: 72M used, 72M committed, 1088M reserved
[52.129s][info][gc,ref      ] GC(403) Soft: 2427 encountered, 0 discovered, 0 enqueued
[52.129s][info][gc,ref      ] GC(403) Weak: 9513 encountered, 604 discovered, 0 enqueued
[52.129s][info][gc,ref      ] GC(403) Final: 289 encountered, 11 discovered, 0 enqueued
[52.129s][info][gc,ref      ] GC(403) Phantom: 424 encountered, 313 discovered, 0 enqueued
[52.129s][info][gc,reloc    ] GC(403) Small Pages: 123 / 246M, Empty: 138M, Relocated: 3M, In-Place: 0
[52.129s][info][gc,reloc    ] GC(403) Medium Pages: 0 / 0M, Empty: 0M, Relocated: 0M, In-Place: 0
[52.129s][info][gc,reloc    ] GC(403) Large Pages: 0 / 0M, Empty: 0M, Relocated: 0M, In-Place: 0
[52.129s][info][gc,reloc    ] GC(403) Forwarding Usage: 1M
[52.129s][info][gc,heap     ] GC(403) Min Capacity: 8M(1%)
[52.129s][info][gc,heap     ] GC(403) Max Capacity: 1024M(100%)
[52.129s][info][gc,heap     ] GC(403) Soft Max Capacity: 1024M(100%)
[52.129s][info][gc,heap     ] GC(403)                Mark Start          Mark End        Relocate Start      Relocate End           High               Low         
[52.129s][info][gc,heap     ] GC(403)  Capacity:     1024M (100%)       1024M (100%)       1024M (100%)       1024M (100%)       1024M (100%)       1024M (100%)   
[52.129s][info][gc,heap     ] GC(403)      Free:      778M (76%)         748M (73%)         880M (86%)         910M (89%)         910M (89%)         746M (73%)    
[52.130s][info][gc,heap     ] GC(403)      Used:      246M (24%)         276M (27%)         144M (14%)         114M (11%)         278M (27%)         114M (11%)    
[52.130s][info][gc,heap     ] GC(403)      Live:         -                47M (5%)           47M (5%)           47M (5%)             -                  -          
[52.130s][info][gc,heap     ] GC(403) Allocated:         -                30M (3%)           36M (4%)           37M (4%)             -                  -          
[52.130s][info][gc,heap     ] GC(403)   Garbage:         -               198M (19%)          60M (6%)           28M (3%)             -                  -          
[52.130s][info][gc,heap     ] GC(403) Reclaimed:         -                  -               138M (13%)         169M (17%)            -                  -          
[52.130s][info][gc          ] GC(403) Garbage Collection (Allocation Rate) 246M(24%)->114M(11%)
[52.196s][info][gc,start    ] GC(404) Garbage Collection (Allocation Rate)
[52.196s][info][gc,task     ] GC(404) Using 10 workers
[52.196s][info][gc,phases   ] GC(404) Pause Mark Start 0.010ms
[52.223s][info][gc,phases   ] GC(404) Concurrent Mark 26.813ms
[52.223s][info][gc,phases   ] GC(404) Pause Mark End 0.026ms
[52.223s][info][gc,phases   ] GC(404) Concurrent Mark Free 0.001ms
[52.225s][info][gc,phases   ] GC(404) Concurrent Process Non-Strong References 1.531ms
[52.225s][info][gc,phases   ] GC(404) Concurrent Reset Relocation Set 0.003ms
[52.228s][info][gc,phases   ] GC(404) Concurrent Select Relocation Set 3.235ms
[52.228s][info][gc,phases   ] GC(404) Pause Relocate Start 0.008ms
[52.230s][info][gc,phases   ] GC(404) Concurrent Relocate 1.178ms
[52.230s][info][gc,load     ] GC(404) Load: 0.00/0.00/0.00
[52.230s][info][gc,mmu      ] GC(404) MMU: 2ms/95.9%, 5ms/98.4%, 10ms/99.2%, 20ms/99.6%, 50ms/99.8%, 100ms/99.9%
[52.230s][info][gc,marking  ] GC(404) Mark: 8 stripe(s), 2 proactive flush(es), 1 terminate flush(es), 0 completion(s), 0 continuation(s) 
[52.230s][info][gc,marking  ] GC(404) Mark Stack Usage: 32M
[52.230s][info][gc,nmethod  ] GC(404) NMethods: 4476 registered, 651 unregistered
[52.230s][info][gc,metaspace] GC(404) Metaspace: 72M used, 72M committed, 1088M reserved
[52.230s][info][gc,ref      ] GC(404) Soft: 2427 encountered, 0 discovered, 0 enqueued
[52.230s][info][gc,ref      ] GC(404) Weak: 9513 encountered, 912 discovered, 0 enqueued
[52.230s][info][gc,ref      ] GC(404) Final: 289 encountered, 6 discovered, 0 enqueued
[52.230s][info][gc,ref      ] GC(404) Phantom: 424 encountered, 280 discovered, 0 enqueued
[52.230s][info][gc,reloc    ] GC(404) Small Pages: 110 / 220M, Empty: 118M, Relocated: 3M, In-Place: 0
[52.230s][info][gc,reloc    ] GC(404) Medium Pages: 0 / 0M, Empty: 0M, Relocated: 0M, In-Place: 0
[52.230s][info][gc,reloc    ] GC(404) Large Pages: 0 / 0M, Empty: 0M, Relocated: 0M, In-Place: 0
[52.230s][info][gc,reloc    ] GC(404) Forwarding Usage: 1M
[52.230s][info][gc,heap     ] GC(404) Min Capacity: 8M(1%)
[52.230s][info][gc,heap     ] GC(404) Max Capacity: 1024M(100%)
[52.230s][info][gc,heap     ] GC(404) Soft Max Capacity: 1024M(100%)
[52.230s][info][gc,heap     ] GC(404)                Mark Start          Mark End        Relocate Start      Relocate End           High               Low         
[52.230s][info][gc,heap     ] GC(404)  Capacity:     1024M (100%)       1024M (100%)       1024M (100%)       1024M (100%)       1024M (100%)       1024M (100%)   
[52.230s][info][gc,heap     ] GC(404)      Free:      804M (79%)         764M (75%)         874M (85%)         900M (88%)         900M (88%)         758M (74%)    
[52.230s][info][gc,heap     ] GC(404)      Used:      220M (21%)         260M (25%)         150M (15%)         124M (12%)         266M (26%)         124M (12%)    
[52.230s][info][gc,heap     ] GC(404)      Live:         -                47M (5%)           47M (5%)           47M (5%)             -                  -          
[52.230s][info][gc,heap     ] GC(404) Allocated:         -                40M (4%)           48M (5%)           47M (5%)             -                  -          
[52.230s][info][gc,heap     ] GC(404)   Garbage:         -               172M (17%)          54M (5%)           28M (3%)             -                  -          
[52.230s][info][gc,heap     ] GC(404) Reclaimed:         -                  -               118M (12%)         143M (14%)            -                  -          
[52.230s][info][gc          ] GC(404) Garbage Collection (Allocation Rate) 220M(21%)->124M(12%)
[52.503s][info][gc,start    ] GC(405) Garbage Collection (Allocation Rate)
[52.503s][info][gc,task     ] GC(405) Using 10 workers
[52.503s][info][gc,phases   ] GC(405) Pause Mark Start 0.010ms
[52.533s][info][gc,phases   ] GC(405) Concurrent Mark 29.952ms
[52.533s][info][gc,phases   ] GC(405) Pause Mark End 0.025ms
[52.533s][info][gc,phases   ] GC(405) Concurrent Mark Free 0.001ms
[52.535s][info][gc,phases   ] GC(405) Concurrent Process Non-Strong References 1.535ms
[52.535s][info][gc,phases   ] GC(405) Concurrent Reset Relocation Set 0.003ms
[52.537s][info][gc,phases   ] GC(405) Concurrent Select Relocation Set 2.373ms
[52.538s][info][gc,phases   ] GC(405) Pause Relocate Start 0.007ms
[52.539s][info][gc,phases   ] GC(405) Concurrent Relocate 0.959ms
[52.539s][info][gc,load     ] GC(405) Load: 0.00/0.00/0.00
[52.539s][info][gc,mmu      ] GC(405) MMU: 2ms/95.9%, 5ms/98.4%, 10ms/99.2%, 20ms/99.6%, 50ms/99.8%, 100ms/99.9%
[52.539s][info][gc,marking  ] GC(405) Mark: 8 stripe(s), 3 proactive flush(es), 1 terminate flush(es), 0 completion(s), 0 continuation(s) 
[52.539s][info][gc,marking  ] GC(405) Mark Stack Usage: 32M
[52.539s][info][gc,nmethod  ] GC(405) NMethods: 4476 registered, 651 unregistered
[52.539s][info][gc,metaspace] GC(405) Metaspace: 72M used, 72M committed, 1088M reserved
[52.539s][info][gc,ref      ] GC(405) Soft: 2427 encountered, 0 discovered, 0 enqueued
[52.539s][info][gc,ref      ] GC(405) Weak: 9513 encountered, 804 discovered, 0 enqueued
[52.539s][info][gc,ref      ] GC(405) Final: 289 encountered, 18 discovered, 0 enqueued
[52.539s][info][gc,ref      ] GC(405) Phantom: 424 encountered, 283 discovered, 0 enqueued
[52.539s][info][gc,reloc    ] GC(405) Small Pages: 269 / 538M, Empty: 432M, Relocated: 3M, In-Place: 0
[52.539s][info][gc,reloc    ] GC(405) Medium Pages: 0 / 0M, Empty: 0M, Relocated: 0M, In-Place: 0
[52.539s][info][gc,reloc    ] GC(405) Large Pages: 0 / 0M, Empty: 0M, Relocated: 0M, In-Place: 0
[52.539s][info][gc,reloc    ] GC(405) Forwarding Usage: 1M
[52.539s][info][gc,heap     ] GC(405) Min Capacity: 8M(1%)
[52.539s][info][gc,heap     ] GC(405) Max Capacity: 1024M(100%)
[52.539s][info][gc,heap     ] GC(405) Soft Max Capacity: 1024M(100%)
[52.539s][info][gc,heap     ] GC(405)                Mark Start          Mark End        Relocate Start      Relocate End           High               Low         
[52.539s][info][gc,heap     ] GC(405)  Capacity:     1024M (100%)       1024M (100%)       1024M (100%)       1024M (100%)       1024M (100%)       1024M (100%)   
[52.539s][info][gc,heap     ] GC(405)      Free:      486M (47%)         440M (43%)         866M (85%)         896M (88%)         896M (88%)         438M (43%)    
[52.539s][info][gc,heap     ] GC(405)      Used:      538M (53%)         584M (57%)         158M (15%)         128M (13%)         586M (57%)         128M (13%)    
[52.539s][info][gc,heap     ] GC(405)      Live:         -                47M (5%)           47M (5%)           47M (5%)             -                  -          
[52.539s][info][gc,heap     ] GC(405) Allocated:         -                46M (4%)           52M (5%)           51M (5%)             -                  -          
[52.539s][info][gc,heap     ] GC(405)   Garbage:         -               490M (48%)          58M (6%)           28M (3%)             -                  -          
[52.539s][info][gc,heap     ] GC(405) Reclaimed:         -                  -               432M (42%)         461M (45%)            -                  -          
[52.539s][info][gc          ] GC(405) Garbage Collection (Allocation Rate) 538M(53%)->128M(13%)
[52.795s][info][gc,start    ] GC(406) Garbage Collection (Allocation Rate)
[52.795s][info][gc,task     ] GC(406) Using 3 workers
[52.796s][info][gc,phases   ] GC(406) Pause Mark Start 0.017ms
[52.843s][info][gc,phases   ] GC(406) Concurrent Mark 47.672ms
[52.843s][info][gc,phases   ] GC(406) Pause Mark End 0.019ms
[52.844s][info][gc,phases   ] GC(406) Concurrent Mark Free 0.001ms
[52.848s][info][gc,phases   ] GC(406) Concurrent Process Non-Strong References 4.530ms
[52.848s][info][gc,phases   ] GC(406) Concurrent Reset Relocation Set 0.005ms
[52.852s][info][gc,phases   ] GC(406) Concurrent Select Relocation Set 3.577ms
[52.852s][info][gc,phases   ] GC(406) Pause Relocate Start 0.007ms
[52.855s][info][gc,phases   ] GC(406) Concurrent Relocate 2.780ms
[52.855s][info][gc,load     ] GC(406) Load: 0.00/0.00/0.00
[52.855s][info][gc,mmu      ] GC(406) MMU: 2ms/95.9%, 5ms/98.4%, 10ms/99.2%, 20ms/99.6%, 50ms/99.8%, 100ms/99.9%
[52.855s][info][gc,marking  ] GC(406) Mark: 2 stripe(s), 2 proactive flush(es), 1 terminate flush(es), 0 completion(s), 0 continuation(s) 
[52.855s][info][gc,marking  ] GC(406) Mark Stack Usage: 32M
[52.855s][info][gc,nmethod  ] GC(406) NMethods: 4476 registered, 651 unregistered
[52.855s][info][gc,metaspace] GC(406) Metaspace: 72M used, 72M committed, 1088M reserved
[52.855s][info][gc,ref      ] GC(406) Soft: 2427 encountered, 0 discovered, 0 enqueued
[52.855s][info][gc,ref      ] GC(406) Weak: 9434 encountered, 900 discovered, 18 enqueued
[52.855s][info][gc,ref      ] GC(406) Final: 289 encountered, 59 discovered, 0 enqueued
[52.855s][info][gc,ref      ] GC(406) Phantom: 424 encountered, 292 discovered, 0 enqueued
[52.855s][info][gc,reloc    ] GC(406) Small Pages: 232 / 464M, Empty: 310M, Relocated: 2M, In-Place: 0
[52.855s][info][gc,reloc    ] GC(406) Medium Pages: 0 / 0M, Empty: 0M, Relocated: 0M, In-Place: 0
[52.855s][info][gc,reloc    ] GC(406) Large Pages: 0 / 0M, Empty: 0M, Relocated: 0M, In-Place: 0
[52.855s][info][gc,reloc    ] GC(406) Forwarding Usage: 1M
[52.855s][info][gc,heap     ] GC(406) Min Capacity: 8M(1%)
[52.855s][info][gc,heap     ] GC(406) Max Capacity: 1024M(100%)
[52.855s][info][gc,heap     ] GC(406) Soft Max Capacity: 1024M(100%)
[52.855s][info][gc,heap     ] GC(406)                Mark Start          Mark End        Relocate Start      Relocate End           High               Low         
[52.855s][info][gc,heap     ] GC(406)  Capacity:     1024M (100%)       1024M (100%)       1024M (100%)       1024M (100%)       1024M (100%)       1024M (100%)   
[52.855s][info][gc,heap     ] GC(406)      Free:      560M (55%)         538M (53%)         844M (82%)         936M (91%)         936M (91%)         536M (52%)    
[52.856s][info][gc,heap     ] GC(406)      Used:      464M (45%)         486M (47%)         180M (18%)          88M (9%)          488M (48%)          88M (9%)     
[52.856s][info][gc,heap     ] GC(406)      Live:         -                47M (5%)           47M (5%)           47M (5%)             -                  -          
[52.856s][info][gc,heap     ] GC(406) Allocated:         -                22M (2%)           26M (3%)           25M (3%)             -                  -          
[52.856s][info][gc,heap     ] GC(406)   Garbage:         -               416M (41%)         106M (10%)          14M (1%)             -                  -          
[52.856s][info][gc,heap     ] GC(406) Reclaimed:         -                  -               310M (30%)         401M (39%)            -                  -          
[52.856s][info][gc          ] GC(406) Garbage Collection (Allocation Rate) 464M(45%)->88M(9%)
[52.965s][info][gc,start    ] GC(407) Garbage Collection (System.gc())
[52.965s][info][gc,task     ] GC(407) Using 10 workers
[52.965s][info][gc,phases   ] GC(407) Pause Mark Start 0.015ms
[53.003s][info][gc,phases   ] GC(407) Concurrent Mark 37.674ms
[53.003s][info][gc,phases   ] GC(407) Pause Mark End 0.017ms
[53.003s][info][gc,phases   ] GC(407) Concurrent Mark Free 0.002ms
[53.005s][info][gc,phases   ] GC(407) Concurrent Process Non-Strong References 1.471ms
[53.005s][info][gc,phases   ] GC(407) Concurrent Reset Relocation Set 0.006ms
[53.009s][info][gc,phases   ] GC(407) Concurrent Select Relocation Set 3.804ms
[53.009s][info][gc,phases   ] GC(407) Pause Relocate Start 0.005ms
[53.011s][info][gc,phases   ] GC(407) Concurrent Relocate 2.316ms
[53.011s][info][gc,load     ] GC(407) Load: 0.00/0.00/0.00
[53.011s][info][gc,mmu      ] GC(407) MMU: 2ms/95.9%, 5ms/98.4%, 10ms/99.2%, 20ms/99.6%, 50ms/99.8%, 100ms/99.9%
[53.011s][info][gc,marking  ] GC(407) Mark: 8 stripe(s), 2 proactive flush(es), 1 terminate flush(es), 0 completion(s), 0 continuation(s) 
[53.011s][info][gc,marking  ] GC(407) Mark Stack Usage: 32M
[53.011s][info][gc,nmethod  ] GC(407) NMethods: 4607 registered, 654 unregistered
[53.011s][info][gc,metaspace] GC(407) Metaspace: 72M used, 72M committed, 1088M reserved
[53.011s][info][gc,ref      ] GC(407) Soft: 2428 encountered, 0 discovered, 0 enqueued
[53.011s][info][gc,ref      ] GC(407) Weak: 9508 encountered, 1024 discovered, 25 enqueued
[53.011s][info][gc,ref      ] GC(407) Final: 289 encountered, 20 discovered, 0 enqueued
[53.011s][info][gc,ref      ] GC(407) Phantom: 424 encountered, 318 discovered, 0 enqueued
[53.011s][info][gc,reloc    ] GC(407) Small Pages: 61 / 122M, Empty: 18M, Relocated: 4M, In-Place: 0
[53.012s][info][gc,reloc    ] GC(407) Medium Pages: 0 / 0M, Empty: 0M, Relocated: 0M, In-Place: 0
[53.012s][info][gc,reloc    ] GC(407) Large Pages: 0 / 0M, Empty: 0M, Relocated: 0M, In-Place: 0
[53.012s][info][gc,reloc    ] GC(407) Forwarding Usage: 1M
[53.012s][info][gc,heap     ] GC(407) Min Capacity: 8M(1%)
[53.012s][info][gc,heap     ] GC(407) Max Capacity: 1024M(100%)
[53.012s][info][gc,heap     ] GC(407) Soft Max Capacity: 1024M(100%)
[53.012s][info][gc,heap     ] GC(407)                Mark Start          Mark End        Relocate Start      Relocate End           High               Low         
[53.012s][info][gc,heap     ] GC(407)  Capacity:     1024M (100%)       1024M (100%)       1024M (100%)       1024M (100%)       1024M (100%)       1024M (100%)   
[53.012s][info][gc,heap     ] GC(407)      Free:      902M (88%)         886M (87%)         904M (88%)         934M (91%)         934M (91%)         884M (86%)    
[53.012s][info][gc,heap     ] GC(407)      Used:      122M (12%)         138M (13%)         120M (12%)          90M (9%)          140M (14%)          90M (9%)     
[53.012s][info][gc,heap     ] GC(407)      Live:         -                47M (5%)           47M (5%)           47M (5%)             -                  -          
[53.012s][info][gc,heap     ] GC(407) Allocated:         -                16M (2%)           16M (2%)           16M (2%)             -                  -          
[53.012s][info][gc,heap     ] GC(407)   Garbage:         -                74M (7%)           56M (5%)           26M (3%)             -                  -          
[53.012s][info][gc,heap     ] GC(407) Reclaimed:         -                  -                18M (2%)           48M (5%)             -                  -          
[53.012s][info][gc          ] GC(407) Garbage Collection (System.gc()) 122M(12%)->90M(9%)
[53.196s][info][gc,start    ] GC(408) Garbage Collection (Allocation Rate)
[53.197s][info][gc,task     ] GC(408) Using 10 workers
[53.197s][info][gc,phases   ] GC(408) Pause Mark Start 0.009ms
[53.225s][info][gc,phases   ] GC(408) Concurrent Mark 27.760ms
[53.225s][info][gc,phases   ] GC(408) Pause Mark End 0.023ms
[53.226s][info][gc,phases   ] GC(408) Concurrent Mark Free 0.002ms
[53.229s][info][gc,phases   ] GC(408) Concurrent Process Non-Strong References 3.171ms
[53.229s][info][gc,phases   ] GC(408) Concurrent Reset Relocation Set 0.008ms
[53.238s][info][gc,phases   ] GC(408) Concurrent Select Relocation Set 8.732ms
[53.238s][info][gc,phases   ] GC(408) Pause Relocate Start 0.008ms
[53.246s][info][gc,phases   ] GC(408) Concurrent Relocate 7.133ms
[53.246s][info][gc,load     ] GC(408) Load: 0.00/0.00/0.00
[53.246s][info][gc,mmu      ] GC(408) MMU: 2ms/95.9%, 5ms/98.4%, 10ms/99.2%, 20ms/99.6%, 50ms/99.8%, 100ms/99.9%
[53.246s][info][gc,marking  ] GC(408) Mark: 8 stripe(s), 3 proactive flush(es), 1 terminate flush(es), 0 completion(s), 0 continuation(s) 
[53.246s][info][gc,marking  ] GC(408) Mark Stack Usage: 32M
[53.246s][info][gc,nmethod  ] GC(408) NMethods: 4790 registered, 686 unregistered
[53.246s][info][gc,metaspace] GC(408) Metaspace: 72M used, 73M committed, 1088M reserved
[53.246s][info][gc,ref      ] GC(408) Soft: 2442 encountered, 0 discovered, 0 enqueued
[53.246s][info][gc,ref      ] GC(408) Weak: 10989 encountered, 1641 discovered, 3 enqueued
[53.246s][info][gc,ref      ] GC(408) Final: 289 encountered, 12 discovered, 0 enqueued
[53.246s][info][gc,ref      ] GC(408) Phantom: 427 encountered, 275 discovered, 3 enqueued
[53.246s][info][gc,reloc    ] GC(408) Small Pages: 423 / 846M, Empty: 308M, Relocated: 10M, In-Place: 0
[53.246s][info][gc,reloc    ] GC(408) Medium Pages: 0 / 0M, Empty: 0M, Relocated: 0M, In-Place: 0
[53.246s][info][gc,reloc    ] GC(408) Large Pages: 0 / 0M, Empty: 0M, Relocated: 0M, In-Place: 0
[53.246s][info][gc,reloc    ] GC(408) Forwarding Usage: 4M
[53.246s][info][gc,heap     ] GC(408) Min Capacity: 8M(1%)
[53.246s][info][gc,heap     ] GC(408) Max Capacity: 1024M(100%)
[53.246s][info][gc,heap     ] GC(408) Soft Max Capacity: 1024M(100%)
[53.246s][info][gc,heap     ] GC(408)                Mark Start          Mark End        Relocate Start      Relocate End           High               Low         
[53.246s][info][gc,heap     ] GC(408)  Capacity:     1024M (100%)       1024M (100%)       1024M (100%)       1024M (100%)       1024M (100%)       1024M (100%)   
[53.246s][info][gc,heap     ] GC(408)      Free:      178M (17%)          48M (5%)          298M (29%)         742M (72%)         752M (73%)          32M (3%)     
[53.246s][info][gc,heap     ] GC(408)      Used:      846M (83%)         976M (95%)         726M (71%)         282M (28%)         992M (97%)         272M (27%)    
[53.246s][info][gc,heap     ] GC(408)      Live:         -                51M (5%)           51M (5%)           51M (5%)             -                  -          
[53.246s][info][gc,heap     ] GC(408) Allocated:         -               130M (13%)         188M (18%)         208M (20%)            -                  -          
[53.247s][info][gc,heap     ] GC(408)   Garbage:         -               794M (78%)         486M (47%)          21M (2%)             -                  -          
[53.247s][info][gc,heap     ] GC(408) Reclaimed:         -                  -               308M (30%)         772M (75%)            -                  -          
[53.247s][info][gc          ] GC(408) Garbage Collection (Allocation Rate) 846M(83%)->282M(28%)
[53.296s][info][gc,start    ] GC(409) Garbage Collection (Allocation Rate)
[53.296s][info][gc,task     ] GC(409) Using 10 workers
[53.296s][info][gc,phases   ] GC(409) Pause Mark Start 0.009ms
[53.331s][info][gc,phases   ] GC(409) Concurrent Mark 34.506ms
[53.331s][info][gc,phases   ] GC(409) Pause Mark End 0.026ms
[53.332s][info][gc,phases   ] GC(409) Concurrent Mark Free 0.001ms
[53.335s][info][gc,phases   ] GC(409) Concurrent Process Non-Strong References 2.592ms
[53.335s][info][gc,phases   ] GC(409) Concurrent Reset Relocation Set 0.056ms
[53.339s][info][gc,phases   ] GC(409) Concurrent Select Relocation Set 4.258ms
[53.339s][info][gc,phases   ] GC(409) Pause Relocate Start 0.007ms
[53.347s][info][gc,phases   ] GC(409) Concurrent Relocate 6.451ms
[53.347s][info][gc,load     ] GC(409) Load: 0.00/0.00/0.00
[53.347s][info][gc,mmu      ] GC(409) MMU: 2ms/95.9%, 5ms/98.4%, 10ms/99.2%, 20ms/99.6%, 50ms/99.8%, 100ms/99.9%
[53.347s][info][gc,marking  ] GC(409) Mark: 8 stripe(s), 4 proactive flush(es), 1 terminate flush(es), 0 completion(s), 0 continuation(s) 
[53.347s][info][gc,marking  ] GC(409) Mark Stack Usage: 32M
[53.347s][info][gc,nmethod  ] GC(409) NMethods: 4800 registered, 689 unregistered
[53.347s][info][gc,metaspace] GC(409) Metaspace: 72M used, 73M committed, 1088M reserved
[53.347s][info][gc,ref      ] GC(409) Soft: 2442 encountered, 0 discovered, 0 enqueued
[53.347s][info][gc,ref      ] GC(409) Weak: 10986 encountered, 1046 discovered, 0 enqueued
[53.347s][info][gc,ref      ] GC(409) Final: 289 encountered, 4 discovered, 0 enqueued
[53.347s][info][gc,ref      ] GC(409) Phantom: 424 encountered, 244 discovered, 0 enqueued
[53.347s][info][gc,reloc    ] GC(409) Small Pages: 261 / 522M, Empty: 172M, Relocated: 10M, In-Place: 0
[53.347s][info][gc,reloc    ] GC(409) Medium Pages: 0 / 0M, Empty: 0M, Relocated: 0M, In-Place: 0
[53.347s][info][gc,reloc    ] GC(409) Large Pages: 0 / 0M, Empty: 0M, Relocated: 0M, In-Place: 0
[53.347s][info][gc,reloc    ] GC(409) Forwarding Usage: 3M
[53.347s][info][gc,heap     ] GC(409) Min Capacity: 8M(1%)
[53.347s][info][gc,heap     ] GC(409) Max Capacity: 1024M(100%)
[53.347s][info][gc,heap     ] GC(409) Soft Max Capacity: 1024M(100%)
[53.347s][info][gc,heap     ] GC(409)                Mark Start          Mark End        Relocate Start      Relocate End           High               Low         
[53.347s][info][gc,heap     ] GC(409)  Capacity:     1024M (100%)       1024M (100%)       1024M (100%)       1024M (100%)       1024M (100%)       1024M (100%)   
[53.347s][info][gc,heap     ] GC(409)      Free:      502M (49%)         382M (37%)         532M (52%)         788M (77%)         798M (78%)         372M (36%)    
[53.347s][info][gc,heap     ] GC(409)      Used:      522M (51%)         642M (63%)         492M (48%)         236M (23%)         652M (64%)         226M (22%)    
[53.347s][info][gc,heap     ] GC(409)      Live:         -                51M (5%)           51M (5%)           51M (5%)             -                  -          
[53.347s][info][gc,heap     ] GC(409) Allocated:         -               120M (12%)         142M (14%)         162M (16%)            -                  -          
[53.347s][info][gc,heap     ] GC(409)   Garbage:         -               470M (46%)         298M (29%)          21M (2%)             -                  -          
[53.348s][info][gc,heap     ] GC(409) Reclaimed:         -                  -               172M (17%)         448M (44%)            -                  -          
[53.348s][info][gc          ] GC(409) Garbage Collection (Allocation Rate) 522M(51%)->236M(23%)
[53.396s][info][gc,start    ] GC(410) Garbage Collection (Allocation Rate)
[53.396s][info][gc,task     ] GC(410) Using 10 workers
[53.396s][info][gc,phases   ] GC(410) Pause Mark Start 0.013ms
[53.421s][info][gc,phases   ] GC(410) Concurrent Mark 23.837ms
[53.421s][info][gc,phases   ] GC(410) Pause Mark End 0.030ms
[53.421s][info][gc,phases   ] GC(410) Concurrent Mark Free 0.001ms
[53.424s][info][gc,phases   ] GC(410) Concurrent Process Non-Strong References 2.869ms
[53.424s][info][gc,phases   ] GC(410) Concurrent Reset Relocation Set 0.043ms
[53.429s][info][gc,phases   ] GC(410) Concurrent Select Relocation Set 5.095ms
[53.429s][info][gc,phases   ] GC(410) Pause Relocate Start 0.009ms
[53.435s][info][gc,phases   ] GC(410) Concurrent Relocate 4.872ms
[53.435s][info][gc,load     ] GC(410) Load: 0.00/0.00/0.00
[53.435s][info][gc,mmu      ] GC(410) MMU: 2ms/95.9%, 5ms/98.4%, 10ms/99.2%, 20ms/99.6%, 50ms/99.8%, 100ms/99.9%
[53.435s][info][gc,marking  ] GC(410) Mark: 8 stripe(s), 3 proactive flush(es), 1 terminate flush(es), 0 completion(s), 0 continuation(s) 
[53.435s][info][gc,marking  ] GC(410) Mark Stack Usage: 32M
[53.435s][info][gc,nmethod  ] GC(410) NMethods: 4799 registered, 691 unregistered
[53.435s][info][gc,metaspace] GC(410) Metaspace: 72M used, 73M committed, 1088M reserved
[53.435s][info][gc,ref      ] GC(410) Soft: 2442 encountered, 0 discovered, 0 enqueued
[53.435s][info][gc,ref      ] GC(410) Weak: 10986 encountered, 1293 discovered, 0 enqueued
[53.435s][info][gc,ref      ] GC(410) Final: 289 encountered, 6 discovered, 0 enqueued
[53.435s][info][gc,ref      ] GC(410) Phantom: 424 encountered, 303 discovered, 0 enqueued
[53.435s][info][gc,reloc    ] GC(410) Small Pages: 242 / 484M, Empty: 172M, Relocated: 5M, In-Place: 0
[53.435s][info][gc,reloc    ] GC(410) Medium Pages: 0 / 0M, Empty: 0M, Relocated: 0M, In-Place: 0
[53.435s][info][gc,reloc    ] GC(410) Large Pages: 0 / 0M, Empty: 0M, Relocated: 0M, In-Place: 0
[53.435s][info][gc,reloc    ] GC(410) Forwarding Usage: 2M
[53.435s][info][gc,heap     ] GC(410) Min Capacity: 8M(1%)
[53.435s][info][gc,heap     ] GC(410) Max Capacity: 1024M(100%)
[53.435s][info][gc,heap     ] GC(410) Soft Max Capacity: 1024M(100%)
[53.435s][info][gc,heap     ] GC(410)                Mark Start          Mark End        Relocate Start      Relocate End           High               Low         
[53.435s][info][gc,heap     ] GC(410)  Capacity:     1024M (100%)       1024M (100%)       1024M (100%)       1024M (100%)       1024M (100%)       1024M (100%)   
[53.435s][info][gc,heap     ] GC(410)      Free:      540M (53%)         424M (41%)         560M (55%)         778M (76%)         786M (77%)         410M (40%)    
[53.435s][info][gc,heap     ] GC(410)      Used:      484M (47%)         600M (59%)         464M (45%)         246M (24%)         614M (60%)         238M (23%)    
[53.435s][info][gc,heap     ] GC(410)      Live:         -                51M (5%)           51M (5%)           51M (5%)             -                  -          
[53.435s][info][gc,heap     ] GC(410) Allocated:         -               116M (11%)         152M (15%)         165M (16%)            -                  -          
[53.435s][info][gc,heap     ] GC(410)   Garbage:         -               432M (42%)         260M (25%)          28M (3%)             -                  -          
[53.435s][info][gc,heap     ] GC(410) Reclaimed:         -                  -               172M (17%)         403M (39%)            -                  -          
[53.435s][info][gc          ] GC(410) Garbage Collection (Allocation Rate) 484M(47%)->246M(24%)
[53.495s][info][gc,start    ] GC(411) Garbage Collection (Allocation Rate)
[53.495s][info][gc,task     ] GC(411) Using 10 workers
[53.495s][info][gc,phases   ] GC(411) Pause Mark Start 0.010ms
[53.524s][info][gc,phases   ] GC(411) Concurrent Mark 28.284ms
[53.524s][info][gc,phases   ] GC(411) Pause Mark End 0.026ms
[53.525s][info][gc,phases   ] GC(411) Concurrent Mark Free 0.001ms
[53.527s][info][gc,phases   ] GC(411) Concurrent Process Non-Strong References 2.322ms
[53.527s][info][gc,phases   ] GC(411) Concurrent Reset Relocation Set 0.037ms
[53.532s][info][gc,phases   ] GC(411) Concurrent Select Relocation Set 4.761ms
[53.532s][info][gc,phases   ] GC(411) Pause Relocate Start 0.009ms
[53.538s][info][gc,phases   ] GC(411) Concurrent Relocate 5.672ms
[53.538s][info][gc,load     ] GC(411) Load: 0.00/0.00/0.00
[53.538s][info][gc,mmu      ] GC(411) MMU: 2ms/95.9%, 5ms/98.4%, 10ms/99.2%, 20ms/99.6%, 50ms/99.8%, 100ms/99.9%
[53.538s][info][gc,marking  ] GC(411) Mark: 8 stripe(s), 3 proactive flush(es), 1 terminate flush(es), 0 completion(s), 0 continuation(s) 
[53.538s][info][gc,marking  ] GC(411) Mark Stack Usage: 32M
[53.538s][info][gc,nmethod  ] GC(411) NMethods: 4798 registered, 692 unregistered
[53.538s][info][gc,metaspace] GC(411) Metaspace: 72M used, 73M committed, 1088M reserved
[53.538s][info][gc,ref      ] GC(411) Soft: 2442 encountered, 0 discovered, 0 enqueued
[53.538s][info][gc,ref      ] GC(411) Weak: 10986 encountered, 1202 discovered, 0 enqueued
[53.538s][info][gc,ref      ] GC(411) Final: 289 encountered, 20 discovered, 0 enqueued
[53.538s][info][gc,ref      ] GC(411) Phantom: 424 encountered, 330 discovered, 0 enqueued
[53.538s][info][gc,reloc    ] GC(411) Small Pages: 273 / 546M, Empty: 208M, Relocated: 5M, In-Place: 0
[53.538s][info][gc,reloc    ] GC(411) Medium Pages: 0 / 0M, Empty: 0M, Relocated: 0M, In-Place: 0
[53.539s][info][gc,reloc    ] GC(411) Large Pages: 0 / 0M, Empty: 0M, Relocated: 0M, In-Place: 0
[53.539s][info][gc,reloc    ] GC(411) Forwarding Usage: 2M
[53.539s][info][gc,heap     ] GC(411) Min Capacity: 8M(1%)
[53.539s][info][gc,heap     ] GC(411) Max Capacity: 1024M(100%)
[53.539s][info][gc,heap     ] GC(411) Soft Max Capacity: 1024M(100%)
[53.539s][info][gc,heap     ] GC(411)                Mark Start          Mark End        Relocate Start      Relocate End           High               Low         
[53.539s][info][gc,heap     ] GC(411)  Capacity:     1024M (100%)       1024M (100%)       1024M (100%)       1024M (100%)       1024M (100%)       1024M (100%)   
[53.539s][info][gc,heap     ] GC(411)      Free:      478M (47%)         344M (34%)         516M (50%)         758M (74%)         768M (75%)         330M (32%)    
[53.539s][info][gc,heap     ] GC(411)      Used:      546M (53%)         680M (66%)         508M (50%)         266M (26%)         694M (68%)         256M (25%)    
[53.539s][info][gc,heap     ] GC(411)      Live:         -                51M (5%)           51M (5%)           51M (5%)             -                  -          
[53.539s][info][gc,heap     ] GC(411) Allocated:         -               134M (13%)         170M (17%)         185M (18%)            -                  -          
[53.539s][info][gc,heap     ] GC(411)   Garbage:         -               494M (48%)         286M (28%)          28M (3%)             -                  -          
[53.539s][info][gc,heap     ] GC(411) Reclaimed:         -                  -               208M (20%)         465M (45%)            -                  -          
[53.539s][info][gc          ] GC(411) Garbage Collection (Allocation Rate) 546M(53%)->266M(26%)
[53.596s][info][gc,start    ] GC(412) Garbage Collection (Allocation Rate)
[53.596s][info][gc,task     ] GC(412) Using 10 workers
[53.596s][info][gc,phases   ] GC(412) Pause Mark Start 0.010ms
[53.624s][info][gc,phases   ] GC(412) Concurrent Mark 27.778ms
[53.624s][info][gc,phases   ] GC(412) Pause Mark End 0.025ms
[53.625s][info][gc,phases   ] GC(412) Concurrent Mark Free 0.001ms
[53.629s][info][gc,phases   ] GC(412) Concurrent Process Non-Strong References 3.232ms
[53.629s][info][gc,phases   ] GC(412) Concurrent Reset Relocation Set 0.043ms
[53.637s][info][gc,phases   ] GC(412) Concurrent Select Relocation Set 8.290ms
[53.637s][info][gc,phases   ] GC(412) Pause Relocate Start 0.010ms
[53.643s][info][gc,phases   ] GC(412) Concurrent Relocate 5.271ms
[53.643s][info][gc,load     ] GC(412) Load: 0.00/0.00/0.00
[53.643s][info][gc,mmu      ] GC(412) MMU: 2ms/95.9%, 5ms/98.4%, 10ms/99.2%, 20ms/99.6%, 50ms/99.8%, 100ms/99.9%
[53.643s][info][gc,marking  ] GC(412) Mark: 8 stripe(s), 4 proactive flush(es), 1 terminate flush(es), 0 completion(s), 0 continuation(s) 
[53.643s][info][gc,marking  ] GC(412) Mark Stack Usage: 32M
[53.643s][info][gc,nmethod  ] GC(412) NMethods: 4813 registered, 693 unregistered
[53.643s][info][gc,metaspace] GC(412) Metaspace: 72M used, 73M committed, 1088M reserved
[53.643s][info][gc,ref      ] GC(412) Soft: 2442 encountered, 0 discovered, 0 enqueued
[53.643s][info][gc,ref      ] GC(412) Weak: 10986 encountered, 1577 discovered, 0 enqueued
[53.643s][info][gc,ref      ] GC(412) Final: 289 encountered, 18 discovered, 0 enqueued
[53.643s][info][gc,ref      ] GC(412) Phantom: 424 encountered, 341 discovered, 0 enqueued
[53.643s][info][gc,reloc    ] GC(412) Small Pages: 273 / 546M, Empty: 216M, Relocated: 5M, In-Place: 0
[53.643s][info][gc,reloc    ] GC(412) Medium Pages: 0 / 0M, Empty: 0M, Relocated: 0M, In-Place: 0
[53.643s][info][gc,reloc    ] GC(412) Large Pages: 0 / 0M, Empty: 0M, Relocated: 0M, In-Place: 0
[53.643s][info][gc,reloc    ] GC(412) Forwarding Usage: 2M
[53.643s][info][gc,heap     ] GC(412) Min Capacity: 8M(1%)
[53.643s][info][gc,heap     ] GC(412) Max Capacity: 1024M(100%)
[53.643s][info][gc,heap     ] GC(412) Soft Max Capacity: 1024M(100%)
[53.643s][info][gc,heap     ] GC(412)                Mark Start          Mark End        Relocate Start      Relocate End           High               Low         
[53.643s][info][gc,heap     ] GC(412)  Capacity:     1024M (100%)       1024M (100%)       1024M (100%)       1024M (100%)       1024M (100%)       1024M (100%)   
[53.643s][info][gc,heap     ] GC(412)      Free:      478M (47%)         356M (35%)         518M (51%)         752M (73%)         762M (74%)         340M (33%)    
[53.643s][info][gc,heap     ] GC(412)      Used:      546M (53%)         668M (65%)         506M (49%)         272M (27%)         684M (67%)         262M (26%)    
[53.643s][info][gc,heap     ] GC(412)      Live:         -                51M (5%)           51M (5%)           51M (5%)             -                  -          
[53.643s][info][gc,heap     ] GC(412) Allocated:         -               122M (12%)         176M (17%)         191M (19%)            -                  -          
[53.643s][info][gc,heap     ] GC(412)   Garbage:         -               494M (48%)         278M (27%)          28M (3%)             -                  -          
[53.643s][info][gc,heap     ] GC(412) Reclaimed:         -                  -               216M (21%)         465M (45%)            -                  -          
[53.643s][info][gc          ] GC(412) Garbage Collection (Allocation Rate) 546M(53%)->272M(27%)
[53.696s][info][gc,start    ] GC(413) Garbage Collection (Allocation Rate)
[53.696s][info][gc,task     ] GC(413) Using 10 workers
[53.697s][info][gc,phases   ] GC(413) Pause Mark Start 0.011ms
[53.720s][info][gc,phases   ] GC(413) Concurrent Mark 22.912ms
[53.720s][info][gc,phases   ] GC(413) Pause Mark End 0.034ms
[53.720s][info][gc,phases   ] GC(413) Concurrent Mark Free 0.001ms
[53.723s][info][gc,phases   ] GC(413) Concurrent Process Non-Strong References 2.492ms
[53.723s][info][gc,phases   ] GC(413) Concurrent Reset Relocation Set 0.043ms
[53.728s][info][gc,phases   ] GC(413) Concurrent Select Relocation Set 4.939ms
[53.728s][info][gc,phases   ] GC(413) Pause Relocate Start 0.008ms
[53.733s][info][gc,phases   ] GC(413) Concurrent Relocate 4.417ms
[53.733s][info][gc,load     ] GC(413) Load: 0.00/0.00/0.00
[53.733s][info][gc,mmu      ] GC(413) MMU: 2ms/95.9%, 5ms/98.4%, 10ms/99.2%, 20ms/99.6%, 50ms/99.8%, 100ms/99.9%
[53.733s][info][gc,marking  ] GC(413) Mark: 8 stripe(s), 3 proactive flush(es), 1 terminate flush(es), 0 completion(s), 0 continuation(s) 
[53.733s][info][gc,marking  ] GC(413) Mark Stack Usage: 32M
[53.733s][info][gc,nmethod  ] GC(413) NMethods: 4811 registered, 695 unregistered
[53.733s][info][gc,metaspace] GC(413) Metaspace: 72M used, 73M committed, 1088M reserved
[53.733s][info][gc,ref      ] GC(413) Soft: 2442 encountered, 0 discovered, 0 enqueued
[53.733s][info][gc,ref      ] GC(413) Weak: 10986 encountered, 1477 discovered, 0 enqueued
[53.733s][info][gc,ref      ] GC(413) Final: 289 encountered, 10 discovered, 0 enqueued
[53.733s][info][gc,ref      ] GC(413) Phantom: 424 encountered, 263 discovered, 0 enqueued
[53.733s][info][gc,reloc    ] GC(413) Small Pages: 267 / 534M, Empty: 200M, Relocated: 5M, In-Place: 0
[53.733s][info][gc,reloc    ] GC(413) Medium Pages: 0 / 0M, Empty: 0M, Relocated: 0M, In-Place: 0
[53.733s][info][gc,reloc    ] GC(413) Large Pages: 0 / 0M, Empty: 0M, Relocated: 0M, In-Place: 0
[53.733s][info][gc,reloc    ] GC(413) Forwarding Usage: 2M
[53.733s][info][gc,heap     ] GC(413) Min Capacity: 8M(1%)
[53.733s][info][gc,heap     ] GC(413) Max Capacity: 1024M(100%)
[53.733s][info][gc,heap     ] GC(413) Soft Max Capacity: 1024M(100%)
[53.733s][info][gc,heap     ] GC(413)                Mark Start          Mark End        Relocate Start      Relocate End           High               Low         
[53.733s][info][gc,heap     ] GC(413)  Capacity:     1024M (100%)       1024M (100%)       1024M (100%)       1024M (100%)       1024M (100%)       1024M (100%)   
[53.733s][info][gc,heap     ] GC(413)      Free:      490M (48%)         380M (37%)         546M (53%)         788M (77%)         794M (78%)         368M (36%)    
[53.733s][info][gc,heap     ] GC(413)      Used:      534M (52%)         644M (63%)         478M (47%)         236M (23%)         656M (64%)         230M (22%)    
[53.733s][info][gc,heap     ] GC(413)      Live:         -                51M (5%)           51M (5%)           51M (5%)             -                  -          
[53.733s][info][gc,heap     ] GC(413) Allocated:         -               110M (11%)         144M (14%)         155M (15%)            -                  -          
[53.733s][info][gc,heap     ] GC(413)   Garbage:         -               482M (47%)         282M (28%)          28M (3%)             -                  -          
[53.734s][info][gc,heap     ] GC(413) Reclaimed:         -                  -               200M (20%)         453M (44%)            -                  -          
[53.734s][info][gc          ] GC(413) Garbage Collection (Allocation Rate) 534M(52%)->236M(23%)
[53.796s][info][gc,start    ] GC(414) Garbage Collection (Allocation Rate)
[53.796s][info][gc,task     ] GC(414) Using 10 workers
[53.796s][info][gc,phases   ] GC(414) Pause Mark Start 0.009ms
[53.823s][info][gc,phases   ] GC(414) Concurrent Mark 26.696ms
[53.824s][info][gc,phases   ] GC(414) Pause Mark End 0.026ms
[53.825s][info][gc,phases   ] GC(414) Concurrent Mark Free 0.002ms
[53.828s][info][gc,phases   ] GC(414) Concurrent Process Non-Strong References 2.609ms
[53.828s][info][gc,phases   ] GC(414) Concurrent Reset Relocation Set 0.036ms
[53.836s][info][gc,phases   ] GC(414) Concurrent Select Relocation Set 8.143ms
[53.836s][info][gc,phases   ] GC(414) Pause Relocate Start 0.008ms
[53.843s][info][gc,phases   ] GC(414) Concurrent Relocate 5.713ms
[53.843s][info][gc,load     ] GC(414) Load: 0.00/0.00/0.00
[53.843s][info][gc,mmu      ] GC(414) MMU: 2ms/95.9%, 5ms/98.4%, 10ms/99.2%, 20ms/99.6%, 50ms/99.8%, 100ms/99.9%
[53.843s][info][gc,marking  ] GC(414) Mark: 8 stripe(s), 4 proactive flush(es), 1 terminate flush(es), 0 completion(s), 0 continuation(s) 
[53.843s][info][gc,marking  ] GC(414) Mark Stack Usage: 32M
[53.843s][info][gc,nmethod  ] GC(414) NMethods: 4811 registered, 695 unregistered
[53.843s][info][gc,metaspace] GC(414) Metaspace: 72M used, 73M committed, 1088M reserved
[53.843s][info][gc,ref      ] GC(414) Soft: 2442 encountered, 0 discovered, 0 enqueued
[53.843s][info][gc,ref      ] GC(414) Weak: 10986 encountered, 1463 discovered, 0 enqueued
[53.843s][info][gc,ref      ] GC(414) Final: 289 encountered, 11 discovered, 0 enqueued
[53.843s][info][gc,ref      ] GC(414) Phantom: 424 encountered, 268 discovered, 0 enqueued
[53.843s][info][gc,reloc    ] GC(414) Small Pages: 275 / 550M, Empty: 132M, Relocated: 5M, In-Place: 0
[53.843s][info][gc,reloc    ] GC(414) Medium Pages: 0 / 0M, Empty: 0M, Relocated: 0M, In-Place: 0
[53.843s][info][gc,reloc    ] GC(414) Large Pages: 0 / 0M, Empty: 0M, Relocated: 0M, In-Place: 0
[53.843s][info][gc,reloc    ] GC(414) Forwarding Usage: 2M
[53.843s][info][gc,heap     ] GC(414) Min Capacity: 8M(1%)
[53.843s][info][gc,heap     ] GC(414) Max Capacity: 1024M(100%)
[53.843s][info][gc,heap     ] GC(414) Soft Max Capacity: 1024M(100%)
[53.843s][info][gc,heap     ] GC(414)                Mark Start          Mark End        Relocate Start      Relocate End           High               Low         
[53.843s][info][gc,heap     ] GC(414)  Capacity:     1024M (100%)       1024M (100%)       1024M (100%)       1024M (100%)       1024M (100%)       1024M (100%)   
[53.843s][info][gc,heap     ] GC(414)      Free:      474M (46%)         352M (34%)         424M (41%)         744M (73%)         756M (74%)         330M (32%)    
[53.843s][info][gc,heap     ] GC(414)      Used:      550M (54%)         672M (66%)         600M (59%)         280M (27%)         694M (68%)         268M (26%)    
[53.843s][info][gc,heap     ] GC(414)      Live:         -                51M (5%)           51M (5%)           51M (5%)             -                  -          
[53.843s][info][gc,heap     ] GC(414) Allocated:         -               122M (12%)         182M (18%)         199M (19%)            -                  -          
[53.843s][info][gc,heap     ] GC(414)   Garbage:         -               498M (49%)         366M (36%)          28M (3%)             -                  -          
[53.843s][info][gc,heap     ] GC(414) Reclaimed:         -                  -               132M (13%)         469M (46%)            -                  -          
[53.843s][info][gc          ] GC(414) Garbage Collection (Allocation Rate) 550M(54%)->280M(27%)
[53.897s][info][gc,start    ] GC(415) Garbage Collection (Allocation Rate)
[53.897s][info][gc,task     ] GC(415) Using 10 workers
[53.897s][info][gc,phases   ] GC(415) Pause Mark Start 0.011ms
[53.922s][info][gc,phases   ] GC(415) Concurrent Mark 24.346ms
[53.922s][info][gc,phases   ] GC(415) Pause Mark End 0.025ms
[53.924s][info][gc,phases   ] GC(415) Concurrent Mark Free 0.001ms
[53.927s][info][gc,phases   ] GC(415) Concurrent Process Non-Strong References 2.462ms
[53.927s][info][gc,phases   ] GC(415) Concurrent Reset Relocation Set 0.048ms
[53.932s][info][gc,phases   ] GC(415) Concurrent Select Relocation Set 4.832ms
[53.932s][info][gc,phases   ] GC(415) Pause Relocate Start 0.008ms
[53.937s][info][gc,phases   ] GC(415) Concurrent Relocate 5.139ms
[53.937s][info][gc,load     ] GC(415) Load: 0.00/0.00/0.00
[53.937s][info][gc,mmu      ] GC(415) MMU: 2ms/95.9%, 5ms/98.4%, 10ms/99.2%, 20ms/99.6%, 50ms/99.8%, 100ms/99.9%
[53.937s][info][gc,marking  ] GC(415) Mark: 8 stripe(s), 5 proactive flush(es), 1 terminate flush(es), 0 completion(s), 0 continuation(s) 
[53.937s][info][gc,marking  ] GC(415) Mark Stack Usage: 32M
[53.937s][info][gc,nmethod  ] GC(415) NMethods: 4811 registered, 695 unregistered
[53.937s][info][gc,metaspace] GC(415) Metaspace: 72M used, 73M committed, 1088M reserved
[53.937s][info][gc,ref      ] GC(415) Soft: 2442 encountered, 0 discovered, 0 enqueued
[53.937s][info][gc,ref      ] GC(415) Weak: 10986 encountered, 1354 discovered, 0 enqueued
[53.937s][info][gc,ref      ] GC(415) Final: 289 encountered, 3 discovered, 0 enqueued
[53.937s][info][gc,ref      ] GC(415) Phantom: 424 encountered, 314 discovered, 0 enqueued
[53.937s][info][gc,reloc    ] GC(415) Small Pages: 276 / 552M, Empty: 194M, Relocated: 5M, In-Place: 0
[53.938s][info][gc,reloc    ] GC(415) Medium Pages: 0 / 0M, Empty: 0M, Relocated: 0M, In-Place: 0
[53.938s][info][gc,reloc    ] GC(415) Large Pages: 0 / 0M, Empty: 0M, Relocated: 0M, In-Place: 0
[53.938s][info][gc,reloc    ] GC(415) Forwarding Usage: 2M
[53.938s][info][gc,heap     ] GC(415) Min Capacity: 8M(1%)
[53.938s][info][gc,heap     ] GC(415) Max Capacity: 1024M(100%)
[53.938s][info][gc,heap     ] GC(415) Soft Max Capacity: 1024M(100%)
[53.938s][info][gc,heap     ] GC(415)                Mark Start          Mark End        Relocate Start      Relocate End           High               Low         
[53.938s][info][gc,heap     ] GC(415)  Capacity:     1024M (100%)       1024M (100%)       1024M (100%)       1024M (100%)       1024M (100%)       1024M (100%)   
[53.938s][info][gc,heap     ] GC(415)      Free:      472M (46%)         354M (35%)         504M (49%)         766M (75%)         776M (76%)         334M (33%)    
[53.938s][info][gc,heap     ] GC(415)      Used:      552M (54%)         670M (65%)         520M (51%)         258M (25%)         690M (67%)         248M (24%)    
[53.938s][info][gc,heap     ] GC(415)      Live:         -                51M (5%)           51M (5%)           51M (5%)             -                  -          
[53.938s][info][gc,heap     ] GC(415) Allocated:         -               118M (12%)         162M (16%)         177M (17%)            -                  -          
[53.938s][info][gc,heap     ] GC(415)   Garbage:         -               500M (49%)         306M (30%)          28M (3%)             -                  -          
[53.938s][info][gc,heap     ] GC(415) Reclaimed:         -                  -               194M (19%)         471M (46%)            -                  -          
[53.938s][info][gc          ] GC(415) Garbage Collection (Allocation Rate) 552M(54%)->258M(25%)
[53.996s][info][gc,start    ] GC(416) Garbage Collection (Allocation Rate)
[53.996s][info][gc,task     ] GC(416) Using 10 workers
[53.996s][info][gc,phases   ] GC(416) Pause Mark Start 0.011ms
[54.022s][info][gc,phases   ] GC(416) Concurrent Mark 25.531ms
[54.022s][info][gc,phases   ] GC(416) Pause Mark End 0.023ms
[54.023s][info][gc,phases   ] GC(416) Concurrent Mark Free 0.002ms
[54.026s][info][gc,phases   ] GC(416) Concurrent Process Non-Strong References 2.449ms
[54.026s][info][gc,phases   ] GC(416) Concurrent Reset Relocation Set 0.046ms
[54.034s][info][gc,phases   ] GC(416) Concurrent Select Relocation Set 8.162ms
[54.034s][info][gc,phases   ] GC(416) Pause Relocate Start 0.008ms
[54.039s][info][gc,phases   ] GC(416) Concurrent Relocate 4.021ms
[54.039s][info][gc,load     ] GC(416) Load: 0.00/0.00/0.00
[54.039s][info][gc,mmu      ] GC(416) MMU: 2ms/95.9%, 5ms/98.4%, 10ms/99.2%, 20ms/99.6%, 50ms/99.8%, 100ms/99.9%
[54.039s][info][gc,marking  ] GC(416) Mark: 8 stripe(s), 6 proactive flush(es), 1 terminate flush(es), 0 completion(s), 0 continuation(s) 
[54.039s][info][gc,marking  ] GC(416) Mark Stack Usage: 32M
[54.039s][info][gc,nmethod  ] GC(416) NMethods: 4811 registered, 695 unregistered
[54.039s][info][gc,metaspace] GC(416) Metaspace: 72M used, 73M committed, 1088M reserved
[54.039s][info][gc,ref      ] GC(416) Soft: 2442 encountered, 0 discovered, 0 enqueued
[54.039s][info][gc,ref      ] GC(416) Weak: 10986 encountered, 1389 discovered, 0 enqueued
[54.039s][info][gc,ref      ] GC(416) Final: 289 encountered, 22 discovered, 0 enqueued
[54.039s][info][gc,ref      ] GC(416) Phantom: 424 encountered, 319 discovered, 0 enqueued
[54.039s][info][gc,reloc    ] GC(416) Small Pages: 276 / 552M, Empty: 208M, Relocated: 5M, In-Place: 0
[54.039s][info][gc,reloc    ] GC(416) Medium Pages: 0 / 0M, Empty: 0M, Relocated: 0M, In-Place: 0
[54.039s][info][gc,reloc    ] GC(416) Large Pages: 0 / 0M, Empty: 0M, Relocated: 0M, In-Place: 0
[54.039s][info][gc,reloc    ] GC(416) Forwarding Usage: 2M
[54.039s][info][gc,heap     ] GC(416) Min Capacity: 8M(1%)
[54.039s][info][gc,heap     ] GC(416) Max Capacity: 1024M(100%)
[54.039s][info][gc,heap     ] GC(416) Soft Max Capacity: 1024M(100%)
[54.039s][info][gc,heap     ] GC(416)                Mark Start          Mark End        Relocate Start      Relocate End           High               Low         
[54.039s][info][gc,heap     ] GC(416)  Capacity:     1024M (100%)       1024M (100%)       1024M (100%)       1024M (100%)       1024M (100%)       1024M (100%)   
[54.039s][info][gc,heap     ] GC(416)      Free:      472M (46%)         350M (34%)         504M (49%)         758M (74%)         764M (75%)         334M (33%)    
[54.039s][info][gc,heap     ] GC(416)      Used:      552M (54%)         674M (66%)         520M (51%)         266M (26%)         690M (67%)         260M (25%)    
[54.039s][info][gc,heap     ] GC(416)      Live:         -                51M (5%)           51M (5%)           51M (5%)             -                  -          
[54.039s][info][gc,heap     ] GC(416) Allocated:         -               122M (12%)         176M (17%)         185M (18%)            -                  -          
[54.039s][info][gc,heap     ] GC(416)   Garbage:         -               500M (49%)         292M (29%)          28M (3%)             -                  -          
[54.039s][info][gc,heap     ] GC(416) Reclaimed:         -                  -               208M (20%)         471M (46%)            -                  -          
[54.039s][info][gc          ] GC(416) Garbage Collection (Allocation Rate) 552M(54%)->266M(26%)
[54.096s][info][gc,start    ] GC(417) Garbage Collection (Allocation Rate)
[54.096s][info][gc,task     ] GC(417) Using 10 workers
[54.096s][info][gc,phases   ] GC(417) Pause Mark Start 0.013ms
[54.120s][info][gc,phases   ] GC(417) Concurrent Mark 23.333ms
[54.121s][info][gc,phases   ] GC(417) Pause Mark End 0.026ms
[54.122s][info][gc,phases   ] GC(417) Concurrent Mark Free 0.001ms
[54.124s][info][gc,phases   ] GC(417) Concurrent Process Non-Strong References 2.537ms
[54.125s][info][gc,phases   ] GC(417) Concurrent Reset Relocation Set 0.038ms
[54.129s][info][gc,phases   ] GC(417) Concurrent Select Relocation Set 4.774ms
[54.130s][info][gc,phases   ] GC(417) Pause Relocate Start 0.009ms
[54.134s][info][gc,phases   ] GC(417) Concurrent Relocate 4.434ms
[54.134s][info][gc,load     ] GC(417) Load: 0.00/0.00/0.00
[54.134s][info][gc,mmu      ] GC(417) MMU: 2ms/95.9%, 5ms/98.4%, 10ms/99.2%, 20ms/99.6%, 50ms/99.8%, 100ms/99.9%
[54.134s][info][gc,marking  ] GC(417) Mark: 8 stripe(s), 4 proactive flush(es), 1 terminate flush(es), 0 completion(s), 0 continuation(s) 
[54.134s][info][gc,marking  ] GC(417) Mark Stack Usage: 32M
[54.135s][info][gc,nmethod  ] GC(417) NMethods: 4811 registered, 695 unregistered
[54.135s][info][gc,metaspace] GC(417) Metaspace: 72M used, 73M committed, 1088M reserved
[54.135s][info][gc,ref      ] GC(417) Soft: 2442 encountered, 0 discovered, 0 enqueued
[54.135s][info][gc,ref      ] GC(417) Weak: 10986 encountered, 1049 discovered, 0 enqueued
[54.135s][info][gc,ref      ] GC(417) Final: 289 encountered, 14 discovered, 0 enqueued
[54.135s][info][gc,ref      ] GC(417) Phantom: 424 encountered, 284 discovered, 0 enqueued
[54.135s][info][gc,reloc    ] GC(417) Small Pages: 278 / 556M, Empty: 222M, Relocated: 5M, In-Place: 0
[54.135s][info][gc,reloc    ] GC(417) Medium Pages: 0 / 0M, Empty: 0M, Relocated: 0M, In-Place: 0
[54.135s][info][gc,reloc    ] GC(417) Large Pages: 0 / 0M, Empty: 0M, Relocated: 0M, In-Place: 0
[54.135s][info][gc,reloc    ] GC(417) Forwarding Usage: 2M
[54.135s][info][gc,heap     ] GC(417) Min Capacity: 8M(1%)
[54.135s][info][gc,heap     ] GC(417) Max Capacity: 1024M(100%)
[54.135s][info][gc,heap     ] GC(417) Soft Max Capacity: 1024M(100%)
[54.135s][info][gc,heap     ] GC(417)                Mark Start          Mark End        Relocate Start      Relocate End           High               Low         
[54.135s][info][gc,heap     ] GC(417)  Capacity:     1024M (100%)       1024M (100%)       1024M (100%)       1024M (100%)       1024M (100%)       1024M (100%)   
[54.135s][info][gc,heap     ] GC(417)      Free:      468M (46%)         354M (35%)         536M (52%)         778M (76%)         786M (77%)         336M (33%)    
[54.135s][info][gc,heap     ] GC(417)      Used:      556M (54%)         670M (65%)         488M (48%)         246M (24%)         688M (67%)         238M (23%)    
[54.135s][info][gc,heap     ] GC(417)      Live:         -                51M (5%)           51M (5%)           51M (5%)             -                  -          
[54.135s][info][gc,heap     ] GC(417) Allocated:         -               114M (11%)         154M (15%)         165M (16%)            -                  -          
[54.135s][info][gc,heap     ] GC(417)   Garbage:         -               504M (49%)         282M (28%)          28M (3%)             -                  -          
[54.135s][info][gc,heap     ] GC(417) Reclaimed:         -                  -               222M (22%)         475M (46%)            -                  -          
[54.135s][info][gc          ] GC(417) Garbage Collection (Allocation Rate) 556M(54%)->246M(24%)
[54.195s][info][gc,start    ] GC(418) Garbage Collection (Allocation Rate)
[54.196s][info][gc,task     ] GC(418) Using 10 workers
[54.196s][info][gc,phases   ] GC(418) Pause Mark Start 0.009ms
[54.222s][info][gc,phases   ] GC(418) Concurrent Mark 25.863ms
[54.222s][info][gc,phases   ] GC(418) Pause Mark End 0.023ms
[54.224s][info][gc,phases   ] GC(418) Concurrent Mark Free 0.001ms
[54.227s][info][gc,phases   ] GC(418) Concurrent Process Non-Strong References 2.457ms
[54.227s][info][gc,phases   ] GC(418) Concurrent Reset Relocation Set 0.039ms
[54.235s][info][gc,phases   ] GC(418) Concurrent Select Relocation Set 7.969ms
[54.235s][info][gc,phases   ] GC(418) Pause Relocate Start 0.008ms
[54.240s][info][gc,phases   ] GC(418) Concurrent Relocate 4.103ms
[54.240s][info][gc,load     ] GC(418) Load: 0.00/0.00/0.00
[54.240s][info][gc,mmu      ] GC(418) MMU: 2ms/95.9%, 5ms/98.4%, 10ms/99.2%, 20ms/99.6%, 50ms/99.8%, 100ms/99.9%
[54.240s][info][gc,marking  ] GC(418) Mark: 8 stripe(s), 6 proactive flush(es), 1 terminate flush(es), 0 completion(s), 0 continuation(s) 
[54.240s][info][gc,marking  ] GC(418) Mark Stack Usage: 32M
[54.240s][info][gc,nmethod  ] GC(418) NMethods: 4811 registered, 695 unregistered
[54.240s][info][gc,metaspace] GC(418) Metaspace: 72M used, 73M committed, 1088M reserved
[54.240s][info][gc,ref      ] GC(418) Soft: 2442 encountered, 0 discovered, 0 enqueued
[54.240s][info][gc,ref      ] GC(418) Weak: 10986 encountered, 1288 discovered, 0 enqueued
[54.240s][info][gc,ref      ] GC(418) Final: 289 encountered, 27 discovered, 0 enqueued
[54.240s][info][gc,ref      ] GC(418) Phantom: 424 encountered, 317 discovered, 0 enqueued
[54.240s][info][gc,reloc    ] GC(418) Small Pages: 276 / 552M, Empty: 234M, Relocated: 5M, In-Place: 0
[54.240s][info][gc,reloc    ] GC(418) Medium Pages: 0 / 0M, Empty: 0M, Relocated: 0M, In-Place: 0
[54.240s][info][gc,reloc    ] GC(418) Large Pages: 0 / 0M, Empty: 0M, Relocated: 0M, In-Place: 0
[54.240s][info][gc,reloc    ] GC(418) Forwarding Usage: 2M
[54.240s][info][gc,heap     ] GC(418) Min Capacity: 8M(1%)
[54.240s][info][gc,heap     ] GC(418) Max Capacity: 1024M(100%)
[54.240s][info][gc,heap     ] GC(418) Soft Max Capacity: 1024M(100%)
[54.240s][info][gc,heap     ] GC(418)                Mark Start          Mark End        Relocate Start      Relocate End           High               Low         
[54.240s][info][gc,heap     ] GC(418)  Capacity:     1024M (100%)       1024M (100%)       1024M (100%)       1024M (100%)       1024M (100%)       1024M (100%)   
[54.240s][info][gc,heap     ] GC(418)      Free:      472M (46%)         348M (34%)         522M (51%)         750M (73%)         754M (74%)         326M (32%)    
[54.240s][info][gc,heap     ] GC(418)      Used:      552M (54%)         676M (66%)         502M (49%)         274M (27%)         698M (68%)         270M (26%)    
[54.240s][info][gc,heap     ] GC(418)      Live:         -                51M (5%)           51M (5%)           51M (5%)             -                  -          
[54.240s][info][gc,heap     ] GC(418) Allocated:         -               124M (12%)         184M (18%)         193M (19%)            -                  -          
[54.240s][info][gc,heap     ] GC(418)   Garbage:         -               500M (49%)         266M (26%)          28M (3%)             -                  -          
[54.240s][info][gc,heap     ] GC(418) Reclaimed:         -                  -               234M (23%)         471M (46%)            -                  -          
[54.240s][info][gc          ] GC(418) Garbage Collection (Allocation Rate) 552M(54%)->274M(27%)
[54.296s][info][gc,start    ] GC(419) Garbage Collection (Allocation Rate)
[54.296s][info][gc,task     ] GC(419) Using 10 workers
[54.296s][info][gc,phases   ] GC(419) Pause Mark Start 0.009ms
[54.322s][info][gc,phases   ] GC(419) Concurrent Mark 25.222ms
[54.322s][info][gc,phases   ] GC(419) Pause Mark End 0.026ms
[54.323s][info][gc,phases   ] GC(419) Concurrent Mark Free 0.002ms
[54.325s][info][gc,phases   ] GC(419) Concurrent Process Non-Strong References 2.354ms
[54.326s][info][gc,phases   ] GC(419) Concurrent Reset Relocation Set 0.036ms
[54.330s][info][gc,phases   ] GC(419) Concurrent Select Relocation Set 4.689ms
[54.330s][info][gc,phases   ] GC(419) Pause Relocate Start 0.008ms
[54.337s][info][gc,phases   ] GC(419) Concurrent Relocate 6.239ms
[54.337s][info][gc,load     ] GC(419) Load: 0.00/0.00/0.00
[54.337s][info][gc,mmu      ] GC(419) MMU: 2ms/95.9%, 5ms/98.4%, 10ms/99.2%, 20ms/99.6%, 50ms/99.8%, 100ms/99.9%
[54.337s][info][gc,marking  ] GC(419) Mark: 8 stripe(s), 3 proactive flush(es), 1 terminate flush(es), 0 completion(s), 0 continuation(s) 
[54.337s][info][gc,marking  ] GC(419) Mark Stack Usage: 32M
[54.337s][info][gc,nmethod  ] GC(419) NMethods: 4811 registered, 695 unregistered
[54.337s][info][gc,metaspace] GC(419) Metaspace: 72M used, 73M committed, 1088M reserved
[54.337s][info][gc,ref      ] GC(419) Soft: 2442 encountered, 0 discovered, 0 enqueued
[54.337s][info][gc,ref      ] GC(419) Weak: 10986 encountered, 1374 discovered, 0 enqueued
[54.337s][info][gc,ref      ] GC(419) Final: 289 encountered, 6 discovered, 0 enqueued
[54.337s][info][gc,ref      ] GC(419) Phantom: 424 encountered, 275 discovered, 0 enqueued
[54.337s][info][gc,reloc    ] GC(419) Small Pages: 278 / 556M, Empty: 232M, Relocated: 5M, In-Place: 0
[54.337s][info][gc,reloc    ] GC(419) Medium Pages: 0 / 0M, Empty: 0M, Relocated: 0M, In-Place: 0
[54.337s][info][gc,reloc    ] GC(419) Large Pages: 0 / 0M, Empty: 0M, Relocated: 0M, In-Place: 0
[54.337s][info][gc,reloc    ] GC(419) Forwarding Usage: 2M
[54.337s][info][gc,heap     ] GC(419) Min Capacity: 8M(1%)
[54.337s][info][gc,heap     ] GC(419) Max Capacity: 1024M(100%)
[54.337s][info][gc,heap     ] GC(419) Soft Max Capacity: 1024M(100%)
[54.337s][info][gc,heap     ] GC(419)                Mark Start          Mark End        Relocate Start      Relocate End           High               Low         
[54.337s][info][gc,heap     ] GC(419)  Capacity:     1024M (100%)       1024M (100%)       1024M (100%)       1024M (100%)       1024M (100%)       1024M (100%)   
[54.337s][info][gc,heap     ] GC(419)      Free:      468M (46%)         348M (34%)         542M (53%)         764M (75%)         780M (76%)         332M (32%)    
[54.337s][info][gc,heap     ] GC(419)      Used:      556M (54%)         676M (66%)         482M (47%)         260M (25%)         692M (68%)         244M (24%)    
[54.337s][info][gc,heap     ] GC(419)      Live:         -                51M (5%)           51M (5%)           51M (5%)             -                  -          
[54.337s][info][gc,heap     ] GC(419) Allocated:         -               120M (12%)         158M (15%)         179M (18%)            -                  -          
[54.337s][info][gc,heap     ] GC(419)   Garbage:         -               504M (49%)         272M (27%)          28M (3%)             -                  -          
[54.337s][info][gc,heap     ] GC(419) Reclaimed:         -                  -               232M (23%)         475M (46%)            -                  -          
[54.337s][info][gc          ] GC(419) Garbage Collection (Allocation Rate) 556M(54%)->260M(25%)
[54.396s][info][gc,start    ] GC(420) Garbage Collection (Allocation Rate)
[54.397s][info][gc,task     ] GC(420) Using 10 workers
[54.397s][info][gc,phases   ] GC(420) Pause Mark Start 0.011ms
[54.420s][info][gc,phases   ] GC(420) Concurrent Mark 22.605ms
[54.455s][info][gc,phases   ] GC(420) Pause Mark End 0.032ms
[54.455s][info][gc,phases   ] GC(420) Concurrent Mark Free 0.003ms
[54.458s][info][gc,phases   ] GC(420) Concurrent Process Non-Strong References 2.597ms
[54.458s][info][gc,phases   ] GC(420) Concurrent Reset Relocation Set 0.037ms
[54.467s][info][gc,phases   ] GC(420) Concurrent Select Relocation Set 8.479ms
[54.467s][info][gc,phases   ] GC(420) Pause Relocate Start 0.008ms
[54.472s][info][gc,phases   ] GC(420) Concurrent Relocate 5.000ms
[54.472s][info][gc,load     ] GC(420) Load: 0.00/0.00/0.00
[54.472s][info][gc,mmu      ] GC(420) MMU: 2ms/95.9%, 5ms/98.4%, 10ms/99.2%, 20ms/99.6%, 50ms/99.8%, 100ms/99.9%
[54.472s][info][gc,marking  ] GC(420) Mark: 8 stripe(s), 4 proactive flush(es), 1 terminate flush(es), 0 completion(s), 0 continuation(s) 
[54.472s][info][gc,marking  ] GC(420) Mark Stack Usage: 32M
[54.472s][info][gc,nmethod  ] GC(420) NMethods: 4816 registered, 697 unregistered
[54.472s][info][gc,metaspace] GC(420) Metaspace: 72M used, 73M committed, 1088M reserved
[54.472s][info][gc,ref      ] GC(420) Soft: 2442 encountered, 0 discovered, 0 enqueued
[54.472s][info][gc,ref      ] GC(420) Weak: 10934 encountered, 1964 discovered, 144 enqueued
[54.472s][info][gc,ref      ] GC(420) Final: 289 encountered, 16 discovered, 0 enqueued
[54.472s][info][gc,ref      ] GC(420) Phantom: 424 encountered, 328 discovered, 0 enqueued
[54.472s][info][gc,reloc    ] GC(420) Small Pages: 277 / 554M, Empty: 214M, Relocated: 8M, In-Place: 0
[54.472s][info][gc,reloc    ] GC(420) Medium Pages: 0 / 0M, Empty: 0M, Relocated: 0M, In-Place: 0
[54.472s][info][gc,reloc    ] GC(420) Large Pages: 0 / 0M, Empty: 0M, Relocated: 0M, In-Place: 0
[54.472s][info][gc,reloc    ] GC(420) Forwarding Usage: 3M
[54.472s][info][gc,heap     ] GC(420) Min Capacity: 8M(1%)
[54.472s][info][gc,heap     ] GC(420) Max Capacity: 1024M(100%)
[54.472s][info][gc,heap     ] GC(420) Soft Max Capacity: 1024M(100%)
[54.472s][info][gc,heap     ] GC(420)                Mark Start          Mark End        Relocate Start      Relocate End           High               Low         
[54.473s][info][gc,heap     ] GC(420)  Capacity:     1024M (100%)       1024M (100%)       1024M (100%)       1024M (100%)       1024M (100%)       1024M (100%)   
[54.473s][info][gc,heap     ] GC(420)      Free:      470M (46%)         192M (19%)         352M (34%)         604M (59%)         606M (59%)         174M (17%)    
[54.473s][info][gc,heap     ] GC(420)      Used:      554M (54%)         832M (81%)         672M (66%)         420M (41%)         850M (83%)         418M (41%)    
[54.473s][info][gc,heap     ] GC(420)      Live:         -                50M (5%)           50M (5%)           50M (5%)             -                  -          
[54.473s][info][gc,heap     ] GC(420) Allocated:         -               278M (27%)         332M (32%)         347M (34%)            -                  -          
[54.473s][info][gc,heap     ] GC(420)   Garbage:         -               503M (49%)         289M (28%)          22M (2%)             -                  -          
[54.473s][info][gc,heap     ] GC(420) Reclaimed:         -                  -               214M (21%)         481M (47%)            -                  -          
[54.473s][info][gc          ] GC(420) Garbage Collection (Allocation Rate) 554M(54%)->420M(41%)
[54.496s][info][gc,start    ] GC(421) Garbage Collection (Allocation Rate)
[54.496s][info][gc,task     ] GC(421) Using 10 workers
[54.496s][info][gc,phases   ] GC(421) Pause Mark Start 0.010ms
[54.517s][info][gc,phases   ] GC(421) Concurrent Mark 20.765ms
[54.517s][info][gc,phases   ] GC(421) Pause Mark End 0.029ms
[54.518s][info][gc,phases   ] GC(421) Concurrent Mark Free 0.001ms
[54.520s][info][gc,phases   ] GC(421) Concurrent Process Non-Strong References 2.465ms
[54.520s][info][gc,phases   ] GC(421) Concurrent Reset Relocation Set 0.040ms
[54.526s][info][gc,phases   ] GC(421) Concurrent Select Relocation Set 5.109ms
[54.526s][info][gc,phases   ] GC(421) Pause Relocate Start 0.008ms
[54.532s][info][gc,phases   ] GC(421) Concurrent Relocate 5.395ms
[54.532s][info][gc,load     ] GC(421) Load: 0.00/0.00/0.00
[54.532s][info][gc,mmu      ] GC(421) MMU: 2ms/95.9%, 5ms/98.4%, 10ms/99.2%, 20ms/99.6%, 50ms/99.8%, 100ms/99.9%
[54.532s][info][gc,marking  ] GC(421) Mark: 8 stripe(s), 4 proactive flush(es), 1 terminate flush(es), 0 completion(s), 0 continuation(s) 
[54.532s][info][gc,marking  ] GC(421) Mark Stack Usage: 32M
[54.532s][info][gc,nmethod  ] GC(421) NMethods: 4816 registered, 697 unregistered
[54.532s][info][gc,metaspace] GC(421) Metaspace: 72M used, 73M committed, 1088M reserved
[54.532s][info][gc,ref      ] GC(421) Soft: 2442 encountered, 0 discovered, 0 enqueued
[54.532s][info][gc,ref      ] GC(421) Weak: 10790 encountered, 1748 discovered, 0 enqueued
[54.532s][info][gc,ref      ] GC(421) Final: 289 encountered, 24 discovered, 0 enqueued
[54.532s][info][gc,ref      ] GC(421) Phantom: 424 encountered, 299 discovered, 0 enqueued
[54.532s][info][gc,reloc    ] GC(421) Small Pages: 268 / 536M, Empty: 208M, Relocated: 8M, In-Place: 0
[54.532s][info][gc,reloc    ] GC(421) Medium Pages: 0 / 0M, Empty: 0M, Relocated: 0M, In-Place: 0
[54.532s][info][gc,reloc    ] GC(421) Large Pages: 0 / 0M, Empty: 0M, Relocated: 0M, In-Place: 0
[54.532s][info][gc,reloc    ] GC(421) Forwarding Usage: 3M
[54.532s][info][gc,heap     ] GC(421) Min Capacity: 8M(1%)
[54.532s][info][gc,heap     ] GC(421) Max Capacity: 1024M(100%)
[54.532s][info][gc,heap     ] GC(421) Soft Max Capacity: 1024M(100%)
[54.532s][info][gc,heap     ] GC(421)                Mark Start          Mark End        Relocate Start      Relocate End           High               Low         
[54.532s][info][gc,heap     ] GC(421)  Capacity:     1024M (100%)       1024M (100%)       1024M (100%)       1024M (100%)       1024M (100%)       1024M (100%)   
[54.532s][info][gc,heap     ] GC(421)      Free:      488M (48%)         386M (38%)         556M (54%)         798M (78%)         800M (78%)         370M (36%)    
[54.532s][info][gc,heap     ] GC(421)      Used:      536M (52%)         638M (62%)         468M (46%)         226M (22%)         654M (64%)         224M (22%)    
[54.532s][info][gc,heap     ] GC(421)      Live:         -                49M (5%)           49M (5%)           49M (5%)             -                  -          
[54.532s][info][gc,heap     ] GC(421) Allocated:         -               102M (10%)         140M (14%)         153M (15%)            -                  -          
[54.532s][info][gc,heap     ] GC(421)   Garbage:         -               486M (47%)         278M (27%)          22M (2%)             -                  -          
[54.532s][info][gc,heap     ] GC(421) Reclaimed:         -                  -               208M (20%)         463M (45%)            -                  -          
[54.532s][info][gc          ] GC(421) Garbage Collection (Allocation Rate) 536M(52%)->226M(22%)
[54.596s][info][gc,start    ] GC(422) Garbage Collection (Allocation Rate)
[54.597s][info][gc,task     ] GC(422) Using 10 workers
[54.597s][info][gc,phases   ] GC(422) Pause Mark Start 0.011ms
[54.621s][info][gc,phases   ] GC(422) Concurrent Mark 23.989ms
[54.621s][info][gc,phases   ] GC(422) Pause Mark End 0.026ms
[54.623s][info][gc,phases   ] GC(422) Concurrent Mark Free 0.002ms
[54.625s][info][gc,phases   ] GC(422) Concurrent Process Non-Strong References 2.567ms
[54.626s][info][gc,phases   ] GC(422) Concurrent Reset Relocation Set 0.049ms
[54.637s][info][gc,phases   ] GC(422) Concurrent Select Relocation Set 11.822ms
[54.638s][info][gc,phases   ] GC(422) Pause Relocate Start 0.008ms
[54.645s][info][gc,phases   ] GC(422) Concurrent Relocate 6.438ms
[54.645s][info][gc,load     ] GC(422) Load: 0.00/0.00/0.00
[54.645s][info][gc,mmu      ] GC(422) MMU: 2ms/95.9%, 5ms/98.4%, 10ms/99.2%, 20ms/99.6%, 50ms/99.8%, 100ms/99.9%
[54.645s][info][gc,marking  ] GC(422) Mark: 8 stripe(s), 3 proactive flush(es), 1 terminate flush(es), 0 completion(s), 0 continuation(s) 
[54.645s][info][gc,marking  ] GC(422) Mark Stack Usage: 32M
[54.645s][info][gc,nmethod  ] GC(422) NMethods: 4816 registered, 697 unregistered
[54.645s][info][gc,metaspace] GC(422) Metaspace: 72M used, 73M committed, 1088M reserved
[54.645s][info][gc,ref      ] GC(422) Soft: 2442 encountered, 0 discovered, 0 enqueued
[54.645s][info][gc,ref      ] GC(422) Weak: 10790 encountered, 1658 discovered, 0 enqueued
[54.645s][info][gc,ref      ] GC(422) Final: 289 encountered, 15 discovered, 0 enqueued
[54.645s][info][gc,ref      ] GC(422) Phantom: 424 encountered, 320 discovered, 0 enqueued
[54.645s][info][gc,reloc    ] GC(422) Small Pages: 275 / 550M, Empty: 234M, Relocated: 8M, In-Place: 0
[54.645s][info][gc,reloc    ] GC(422) Medium Pages: 0 / 0M, Empty: 0M, Relocated: 0M, In-Place: 0
[54.645s][info][gc,reloc    ] GC(422) Large Pages: 0 / 0M, Empty: 0M, Relocated: 0M, In-Place: 0
[54.645s][info][gc,reloc    ] GC(422) Forwarding Usage: 3M
[54.645s][info][gc,heap     ] GC(422) Min Capacity: 8M(1%)
[54.645s][info][gc,heap     ] GC(422) Max Capacity: 1024M(100%)
[54.645s][info][gc,heap     ] GC(422) Soft Max Capacity: 1024M(100%)
[54.645s][info][gc,heap     ] GC(422)                Mark Start          Mark End        Relocate Start      Relocate End           High               Low         
[54.645s][info][gc,heap     ] GC(422)  Capacity:     1024M (100%)       1024M (100%)       1024M (100%)       1024M (100%)       1024M (100%)       1024M (100%)   
[54.645s][info][gc,heap     ] GC(422)      Free:      474M (46%)         358M (35%)         520M (51%)         744M (73%)         756M (74%)         342M (33%)    
[54.645s][info][gc,heap     ] GC(422)      Used:      550M (54%)         666M (65%)         504M (49%)         280M (27%)         682M (67%)         268M (26%)    
[54.645s][info][gc,heap     ] GC(422)      Live:         -                50M (5%)           50M (5%)           50M (5%)             -                  -          
[54.645s][info][gc,heap     ] GC(422) Allocated:         -               116M (11%)         188M (18%)         207M (20%)            -                  -          
[54.645s][info][gc,heap     ] GC(422)   Garbage:         -               499M (49%)         265M (26%)          22M (2%)             -                  -          
[54.645s][info][gc,heap     ] GC(422) Reclaimed:         -                  -               234M (23%)         477M (47%)            -                  -          
[54.645s][info][gc          ] GC(422) Garbage Collection (Allocation Rate) 550M(54%)->280M(27%)
[54.695s][info][gc,start    ] GC(423) Garbage Collection (Allocation Rate)
[54.696s][info][gc,task     ] GC(423) Using 10 workers
[54.696s][info][gc,phases   ] GC(423) Pause Mark Start 0.012ms
[54.719s][info][gc,phases   ] GC(423) Concurrent Mark 22.683ms
[54.719s][info][gc,phases   ] GC(423) Pause Mark End 0.025ms
[54.721s][info][gc,phases   ] GC(423) Concurrent Mark Free 0.001ms
[54.723s][info][gc,phases   ] GC(423) Concurrent Process Non-Strong References 2.483ms
[54.723s][info][gc,phases   ] GC(423) Concurrent Reset Relocation Set 0.046ms
[54.735s][info][gc,phases   ] GC(423) Concurrent Select Relocation Set 11.908ms
[54.736s][info][gc,phases   ] GC(423) Pause Relocate Start 0.010ms
[54.741s][info][gc,phases   ] GC(423) Concurrent Relocate 5.169ms
[54.741s][info][gc,load     ] GC(423) Load: 0.00/0.00/0.00
[54.741s][info][gc,mmu      ] GC(423) MMU: 2ms/95.9%, 5ms/98.4%, 10ms/99.2%, 20ms/99.6%, 50ms/99.8%, 100ms/99.9%
[54.741s][info][gc,marking  ] GC(423) Mark: 8 stripe(s), 4 proactive flush(es), 1 terminate flush(es), 0 completion(s), 0 continuation(s) 
[54.741s][info][gc,marking  ] GC(423) Mark Stack Usage: 32M
[54.741s][info][gc,nmethod  ] GC(423) NMethods: 4817 registered, 697 unregistered
[54.741s][info][gc,metaspace] GC(423) Metaspace: 72M used, 73M committed, 1088M reserved
[54.741s][info][gc,ref      ] GC(423) Soft: 2442 encountered, 0 discovered, 0 enqueued
[54.741s][info][gc,ref      ] GC(423) Weak: 10790 encountered, 1486 discovered, 0 enqueued
[54.741s][info][gc,ref      ] GC(423) Final: 289 encountered, 12 discovered, 0 enqueued
[54.741s][info][gc,ref      ] GC(423) Phantom: 424 encountered, 325 discovered, 0 enqueued
[54.741s][info][gc,reloc    ] GC(423) Small Pages: 265 / 530M, Empty: 200M, Relocated: 8M, In-Place: 0
[54.741s][info][gc,reloc    ] GC(423) Medium Pages: 0 / 0M, Empty: 0M, Relocated: 0M, In-Place: 0
[54.741s][info][gc,reloc    ] GC(423) Large Pages: 0 / 0M, Empty: 0M, Relocated: 0M, In-Place: 0
[54.741s][info][gc,reloc    ] GC(423) Forwarding Usage: 3M
[54.741s][info][gc,heap     ] GC(423) Min Capacity: 8M(1%)
[54.741s][info][gc,heap     ] GC(423) Max Capacity: 1024M(100%)
[54.741s][info][gc,heap     ] GC(423) Soft Max Capacity: 1024M(100%)
[54.741s][info][gc,heap     ] GC(423)                Mark Start          Mark End        Relocate Start      Relocate End           High               Low         
[54.741s][info][gc,heap     ] GC(423)  Capacity:     1024M (100%)       1024M (100%)       1024M (100%)       1024M (100%)       1024M (100%)       1024M (100%)   
[54.741s][info][gc,heap     ] GC(423)      Free:      494M (48%)         384M (38%)         510M (50%)         756M (74%)         758M (74%)         368M (36%)    
[54.741s][info][gc,heap     ] GC(423)      Used:      530M (52%)         640M (63%)         514M (50%)         268M (26%)         656M (64%)         266M (26%)    
[54.741s][info][gc,heap     ] GC(423)      Live:         -                49M (5%)           49M (5%)           49M (5%)             -                  -          
[54.741s][info][gc,heap     ] GC(423) Allocated:         -               110M (11%)         184M (18%)         195M (19%)            -                  -          
[54.741s][info][gc,heap     ] GC(423)   Garbage:         -               480M (47%)         280M (27%)          22M (2%)             -                  -          
[54.741s][info][gc,heap     ] GC(423) Reclaimed:         -                  -               200M (20%)         457M (45%)            -                  -          
[54.741s][info][gc          ] GC(423) Garbage Collection (Allocation Rate) 530M(52%)->268M(26%)
[54.796s][info][gc,start    ] GC(424) Garbage Collection (Allocation Rate)
[54.796s][info][gc,task     ] GC(424) Using 10 workers
[54.796s][info][gc,phases   ] GC(424) Pause Mark Start 0.014ms
[54.821s][info][gc,phases   ] GC(424) Concurrent Mark 24.232ms
[54.821s][info][gc,phases   ] GC(424) Pause Mark End 0.028ms
[54.822s][info][gc,phases   ] GC(424) Concurrent Mark Free 0.001ms
[54.824s][info][gc,phases   ] GC(424) Concurrent Process Non-Strong References 2.574ms
[54.825s][info][gc,phases   ] GC(424) Concurrent Reset Relocation Set 0.046ms
[54.836s][info][gc,phases   ] GC(424) Concurrent Select Relocation Set 11.572ms
[54.836s][info][gc,phases   ] GC(424) Pause Relocate Start 0.009ms
[54.843s][info][gc,phases   ] GC(424) Concurrent Relocate 5.330ms
[54.843s][info][gc,load     ] GC(424) Load: 0.00/0.00/0.00
[54.843s][info][gc,mmu      ] GC(424) MMU: 2ms/95.9%, 5ms/98.4%, 10ms/99.2%, 20ms/99.6%, 50ms/99.8%, 100ms/99.9%
[54.843s][info][gc,marking  ] GC(424) Mark: 8 stripe(s), 3 proactive flush(es), 1 terminate flush(es), 0 completion(s), 0 continuation(s) 
[54.843s][info][gc,marking  ] GC(424) Mark Stack Usage: 32M
[54.843s][info][gc,nmethod  ] GC(424) NMethods: 4817 registered, 697 unregistered
[54.844s][info][gc,metaspace] GC(424) Metaspace: 72M used, 73M committed, 1088M reserved
[54.844s][info][gc,ref      ] GC(424) Soft: 2442 encountered, 0 discovered, 0 enqueued
[54.844s][info][gc,ref      ] GC(424) Weak: 10790 encountered, 1558 discovered, 0 enqueued
[54.844s][info][gc,ref      ] GC(424) Final: 289 encountered, 1 discovered, 0 enqueued
[54.844s][info][gc,ref      ] GC(424) Phantom: 424 encountered, 300 discovered, 0 enqueued
[54.844s][info][gc,reloc    ] GC(424) Small Pages: 273 / 546M, Empty: 144M, Relocated: 8M, In-Place: 0
[54.844s][info][gc,reloc    ] GC(424) Medium Pages: 0 / 0M, Empty: 0M, Relocated: 0M, In-Place: 0
[54.844s][info][gc,reloc    ] GC(424) Large Pages: 0 / 0M, Empty: 0M, Relocated: 0M, In-Place: 0
[54.844s][info][gc,reloc    ] GC(424) Forwarding Usage: 3M
[54.844s][info][gc,heap     ] GC(424) Min Capacity: 8M(1%)
[54.844s][info][gc,heap     ] GC(424) Max Capacity: 1024M(100%)
[54.844s][info][gc,heap     ] GC(424) Soft Max Capacity: 1024M(100%)
[54.844s][info][gc,heap     ] GC(424)                Mark Start          Mark End        Relocate Start      Relocate End           High               Low         
[54.844s][info][gc,heap     ] GC(424)  Capacity:     1024M (100%)       1024M (100%)       1024M (100%)       1024M (100%)       1024M (100%)       1024M (100%)   
[54.844s][info][gc,heap     ] GC(424)      Free:      478M (47%)         362M (35%)         438M (43%)         750M (73%)         756M (74%)         348M (34%)    
[54.844s][info][gc,heap     ] GC(424)      Used:      546M (53%)         662M (65%)         586M (57%)         274M (27%)         676M (66%)         268M (26%)    
[54.844s][info][gc,heap     ] GC(424)      Live:         -                50M (5%)           50M (5%)           50M (5%)             -                  -          
[54.844s][info][gc,heap     ] GC(424) Allocated:         -               116M (11%)         184M (18%)         200M (20%)            -                  -          
[54.844s][info][gc,heap     ] GC(424)   Garbage:         -               495M (48%)         351M (34%)          22M (2%)             -                  -          
[54.844s][info][gc,heap     ] GC(424) Reclaimed:         -                  -               144M (14%)         472M (46%)            -                  -          
[54.844s][info][gc          ] GC(424) Garbage Collection (Allocation Rate) 546M(53%)->274M(27%)
[54.896s][info][gc,start    ] GC(425) Garbage Collection (Allocation Rate)
[54.897s][info][gc,task     ] GC(425) Using 10 workers
[54.897s][info][gc,phases   ] GC(425) Pause Mark Start 0.014ms
[54.919s][info][gc,phases   ] GC(425) Concurrent Mark 21.618ms
[54.919s][info][gc,phases   ] GC(425) Pause Mark End 0.029ms
[54.920s][info][gc,phases   ] GC(425) Concurrent Mark Free 0.001ms
[54.923s][info][gc,phases   ] GC(425) Concurrent Process Non-Strong References 2.642ms
[54.923s][info][gc,phases   ] GC(425) Concurrent Reset Relocation Set 0.054ms
[54.929s][info][gc,phases   ] GC(425) Concurrent Select Relocation Set 6.601ms
[54.930s][info][gc,phases   ] GC(425) Pause Relocate Start 0.011ms
[54.936s][info][gc,phases   ] GC(425) Concurrent Relocate 6.031ms
[54.936s][info][gc,load     ] GC(425) Load: 0.00/0.00/0.00
[54.936s][info][gc,mmu      ] GC(425) MMU: 2ms/95.9%, 5ms/98.4%, 10ms/99.2%, 20ms/99.6%, 50ms/99.8%, 100ms/99.9%
[54.936s][info][gc,marking  ] GC(425) Mark: 8 stripe(s), 3 proactive flush(es), 1 terminate flush(es), 0 completion(s), 0 continuation(s) 
[54.936s][info][gc,marking  ] GC(425) Mark Stack Usage: 32M
[54.936s][info][gc,nmethod  ] GC(425) NMethods: 4817 registered, 697 unregistered
[54.936s][info][gc,metaspace] GC(425) Metaspace: 72M used, 73M committed, 1088M reserved
[54.936s][info][gc,ref      ] GC(425) Soft: 2442 encountered, 0 discovered, 0 enqueued
[54.936s][info][gc,ref      ] GC(425) Weak: 10790 encountered, 1407 discovered, 0 enqueued
[54.936s][info][gc,ref      ] GC(425) Final: 289 encountered, 10 discovered, 0 enqueued
[54.936s][info][gc,ref      ] GC(425) Phantom: 424 encountered, 312 discovered, 0 enqueued
[54.936s][info][gc,reloc    ] GC(425) Small Pages: 270 / 540M, Empty: 202M, Relocated: 8M, In-Place: 0
[54.936s][info][gc,reloc    ] GC(425) Medium Pages: 0 / 0M, Empty: 0M, Relocated: 0M, In-Place: 0
[54.936s][info][gc,reloc    ] GC(425) Large Pages: 0 / 0M, Empty: 0M, Relocated: 0M, In-Place: 0
[54.936s][info][gc,reloc    ] GC(425) Forwarding Usage: 3M
[54.936s][info][gc,heap     ] GC(425) Min Capacity: 8M(1%)
[54.936s][info][gc,heap     ] GC(425) Max Capacity: 1024M(100%)
[54.936s][info][gc,heap     ] GC(425) Soft Max Capacity: 1024M(100%)
[54.936s][info][gc,heap     ] GC(425)                Mark Start          Mark End        Relocate Start      Relocate End           High               Low         
[54.936s][info][gc,heap     ] GC(425)  Capacity:     1024M (100%)       1024M (100%)       1024M (100%)       1024M (100%)       1024M (100%)       1024M (100%)   
[54.937s][info][gc,heap     ] GC(425)      Free:      484M (47%)         376M (37%)         534M (52%)         780M (76%)         790M (77%)         362M (35%)    
[54.937s][info][gc,heap     ] GC(425)      Used:      540M (53%)         648M (63%)         490M (48%)         244M (24%)         662M (65%)         234M (23%)    
[54.937s][info][gc,heap     ] GC(425)      Live:         -                50M (5%)           50M (5%)           50M (5%)             -                  -          
[54.937s][info][gc,heap     ] GC(425) Allocated:         -               108M (11%)         152M (15%)         171M (17%)            -                  -          
[54.937s][info][gc,heap     ] GC(425)   Garbage:         -               489M (48%)         287M (28%)          22M (2%)             -                  -          
[54.937s][info][gc,heap     ] GC(425) Reclaimed:         -                  -               202M (20%)         467M (46%)            -                  -          
[54.937s][info][gc          ] GC(425) Garbage Collection (Allocation Rate) 540M(53%)->244M(24%)
[54.996s][info][gc,start    ] GC(426) Garbage Collection (Allocation Rate)
[54.996s][info][gc,task     ] GC(426) Using 10 workers
[54.996s][info][gc,phases   ] GC(426) Pause Mark Start 0.010ms
[55.019s][info][gc,phases   ] GC(426) Concurrent Mark 22.286ms
[55.019s][info][gc,phases   ] GC(426) Pause Mark End 0.025ms
[55.020s][info][gc,phases   ] GC(426) Concurrent Mark Free 0.002ms
[55.023s][info][gc,phases   ] GC(426) Concurrent Process Non-Strong References 2.726ms
[55.023s][info][gc,phases   ] GC(426) Concurrent Reset Relocation Set 0.037ms
[55.030s][info][gc,phases   ] GC(426) Concurrent Select Relocation Set 6.565ms
[55.030s][info][gc,phases   ] GC(426) Pause Relocate Start 0.008ms
[55.037s][info][gc,phases   ] GC(426) Concurrent Relocate 6.407ms
[55.037s][info][gc,load     ] GC(426) Load: 0.00/0.00/0.00
[55.037s][info][gc,mmu      ] GC(426) MMU: 2ms/95.9%, 5ms/98.4%, 10ms/99.2%, 20ms/99.6%, 50ms/99.8%, 100ms/99.9%
[55.037s][info][gc,marking  ] GC(426) Mark: 8 stripe(s), 4 proactive flush(es), 1 terminate flush(es), 0 completion(s), 0 continuation(s) 
[55.037s][info][gc,marking  ] GC(426) Mark Stack Usage: 32M
[55.037s][info][gc,nmethod  ] GC(426) NMethods: 4817 registered, 697 unregistered
[55.037s][info][gc,metaspace] GC(426) Metaspace: 72M used, 73M committed, 1088M reserved
[55.037s][info][gc,ref      ] GC(426) Soft: 2442 encountered, 0 discovered, 0 enqueued
[55.037s][info][gc,ref      ] GC(426) Weak: 10790 encountered, 1247 discovered, 0 enqueued
[55.037s][info][gc,ref      ] GC(426) Final: 289 encountered, 30 discovered, 0 enqueued
[55.037s][info][gc,ref      ] GC(426) Phantom: 424 encountered, 324 discovered, 0 enqueued
[55.037s][info][gc,reloc    ] GC(426) Small Pages: 272 / 544M, Empty: 228M, Relocated: 8M, In-Place: 0
[55.037s][info][gc,reloc    ] GC(426) Medium Pages: 0 / 0M, Empty: 0M, Relocated: 0M, In-Place: 0
[55.037s][info][gc,reloc    ] GC(426) Large Pages: 0 / 0M, Empty: 0M, Relocated: 0M, In-Place: 0
[55.037s][info][gc,reloc    ] GC(426) Forwarding Usage: 3M
[55.037s][info][gc,heap     ] GC(426) Min Capacity: 8M(1%)
[55.037s][info][gc,heap     ] GC(426) Max Capacity: 1024M(100%)
[55.037s][info][gc,heap     ] GC(426) Soft Max Capacity: 1024M(100%)
[55.037s][info][gc,heap     ] GC(426)                Mark Start          Mark End        Relocate Start      Relocate End           High               Low         
[55.037s][info][gc,heap     ] GC(426)  Capacity:     1024M (100%)       1024M (100%)       1024M (100%)       1024M (100%)       1024M (100%)       1024M (100%)   
[55.037s][info][gc,heap     ] GC(426)      Free:      480M (47%)         372M (36%)         558M (54%)         780M (76%)         792M (77%)         358M (35%)    
[55.037s][info][gc,heap     ] GC(426)      Used:      544M (53%)         652M (64%)         466M (46%)         244M (24%)         666M (65%)         232M (23%)    
[55.037s][info][gc,heap     ] GC(426)      Live:         -                50M (5%)           50M (5%)           50M (5%)             -                  -          
[55.037s][info][gc,heap     ] GC(426) Allocated:         -               108M (11%)         150M (15%)         171M (17%)            -                  -          
[55.037s][info][gc,heap     ] GC(426)   Garbage:         -               493M (48%)         265M (26%)          22M (2%)             -                  -          
[55.037s][info][gc,heap     ] GC(426) Reclaimed:         -                  -               228M (22%)         471M (46%)            -                  -          
[55.037s][info][gc          ] GC(426) Garbage Collection (Allocation Rate) 544M(53%)->244M(24%)
[55.096s][info][gc,start    ] GC(427) Garbage Collection (Allocation Rate)
[55.096s][info][gc,task     ] GC(427) Using 10 workers
[55.096s][info][gc,phases   ] GC(427) Pause Mark Start 0.009ms
[55.118s][info][gc,phases   ] GC(427) Concurrent Mark 21.721ms
[55.118s][info][gc,phases   ] GC(427) Pause Mark End 0.030ms
[55.120s][info][gc,phases   ] GC(427) Concurrent Mark Free 0.001ms
[55.122s][info][gc,phases   ] GC(427) Concurrent Process Non-Strong References 2.519ms
[55.122s][info][gc,phases   ] GC(427) Concurrent Reset Relocation Set 0.042ms
[55.127s][info][gc,phases   ] GC(427) Concurrent Select Relocation Set 4.919ms
[55.127s][info][gc,phases   ] GC(427) Pause Relocate Start 0.010ms
[55.134s][info][gc,phases   ] GC(427) Concurrent Relocate 6.109ms
[55.134s][info][gc,load     ] GC(427) Load: 0.00/0.00/0.00
[55.134s][info][gc,mmu      ] GC(427) MMU: 2ms/95.9%, 5ms/98.4%, 10ms/99.2%, 20ms/99.6%, 50ms/99.8%, 100ms/99.9%
[55.134s][info][gc,marking  ] GC(427) Mark: 8 stripe(s), 3 proactive flush(es), 2 terminate flush(es), 0 completion(s), 0 continuation(s) 
[55.134s][info][gc,marking  ] GC(427) Mark Stack Usage: 32M
[55.134s][info][gc,nmethod  ] GC(427) NMethods: 4817 registered, 697 unregistered
[55.134s][info][gc,metaspace] GC(427) Metaspace: 72M used, 73M committed, 1088M reserved
[55.134s][info][gc,ref      ] GC(427) Soft: 2442 encountered, 0 discovered, 0 enqueued
[55.134s][info][gc,ref      ] GC(427) Weak: 10790 encountered, 1281 discovered, 0 enqueued
[55.134s][info][gc,ref      ] GC(427) Final: 289 encountered, 6 discovered, 0 enqueued
[55.134s][info][gc,ref      ] GC(427) Phantom: 424 encountered, 256 discovered, 0 enqueued
[55.134s][info][gc,reloc    ] GC(427) Small Pages: 270 / 540M, Empty: 210M, Relocated: 8M, In-Place: 0
[55.134s][info][gc,reloc    ] GC(427) Medium Pages: 0 / 0M, Empty: 0M, Relocated: 0M, In-Place: 0
[55.134s][info][gc,reloc    ] GC(427) Large Pages: 0 / 0M, Empty: 0M, Relocated: 0M, In-Place: 0
[55.134s][info][gc,reloc    ] GC(427) Forwarding Usage: 3M
[55.134s][info][gc,heap     ] GC(427) Min Capacity: 8M(1%)
[55.134s][info][gc,heap     ] GC(427) Max Capacity: 1024M(100%)
[55.134s][info][gc,heap     ] GC(427) Soft Max Capacity: 1024M(100%)
[55.134s][info][gc,heap     ] GC(427)                Mark Start          Mark End        Relocate Start      Relocate End           High               Low         
[55.134s][info][gc,heap     ] GC(427)  Capacity:     1024M (100%)       1024M (100%)       1024M (100%)       1024M (100%)       1024M (100%)       1024M (100%)   
[55.134s][info][gc,heap     ] GC(427)      Free:      484M (47%)         380M (37%)         552M (54%)         790M (77%)         802M (78%)         364M (36%)    
[55.134s][info][gc,heap     ] GC(427)      Used:      540M (53%)         644M (63%)         472M (46%)         234M (23%)         660M (64%)         222M (22%)    
[55.134s][info][gc,heap     ] GC(427)      Live:         -                50M (5%)           50M (5%)           50M (5%)             -                  -          
[55.134s][info][gc,heap     ] GC(427) Allocated:         -               104M (10%)         142M (14%)         161M (16%)            -                  -          
[55.134s][info][gc,heap     ] GC(427)   Garbage:         -               489M (48%)         279M (27%)          22M (2%)             -                  -          
[55.134s][info][gc,heap     ] GC(427) Reclaimed:         -                  -               210M (21%)         467M (46%)            -                  -          
[55.135s][info][gc          ] GC(427) Garbage Collection (Allocation Rate) 540M(53%)->234M(23%)
[55.196s][info][gc,start    ] GC(428) Garbage Collection (Allocation Rate)
[55.196s][info][gc,task     ] GC(428) Using 10 workers
[55.196s][info][gc,phases   ] GC(428) Pause Mark Start 0.013ms
[55.217s][info][gc,phases   ] GC(428) Concurrent Mark 20.940ms
[55.218s][info][gc,phases   ] GC(428) Pause Mark End 0.029ms
[55.219s][info][gc,phases   ] GC(428) Concurrent Mark Free 0.001ms
[55.222s][info][gc,phases   ] GC(428) Concurrent Process Non-Strong References 2.849ms
[55.222s][info][gc,phases   ] GC(428) Concurrent Reset Relocation Set 0.037ms
[55.227s][info][gc,phases   ] GC(428) Concurrent Select Relocation Set 4.999ms
[55.227s][info][gc,phases   ] GC(428) Pause Relocate Start 0.010ms
[55.233s][info][gc,phases   ] GC(428) Concurrent Relocate 5.924ms
[55.233s][info][gc,load     ] GC(428) Load: 0.00/0.00/0.00
[55.233s][info][gc,mmu      ] GC(428) MMU: 2ms/95.9%, 5ms/98.4%, 10ms/99.2%, 20ms/99.6%, 50ms/99.8%, 100ms/99.9%
[55.233s][info][gc,marking  ] GC(428) Mark: 8 stripe(s), 3 proactive flush(es), 1 terminate flush(es), 0 completion(s), 0 continuation(s) 
[55.233s][info][gc,marking  ] GC(428) Mark Stack Usage: 32M
[55.233s][info][gc,nmethod  ] GC(428) NMethods: 4817 registered, 697 unregistered
[55.233s][info][gc,metaspace] GC(428) Metaspace: 72M used, 73M committed, 1088M reserved
[55.233s][info][gc,ref      ] GC(428) Soft: 2442 encountered, 0 discovered, 0 enqueued
[55.234s][info][gc,ref      ] GC(428) Weak: 10790 encountered, 1699 discovered, 0 enqueued
[55.234s][info][gc,ref      ] GC(428) Final: 289 encountered, 12 discovered, 0 enqueued
[55.234s][info][gc,ref      ] GC(428) Phantom: 424 encountered, 382 discovered, 0 enqueued
[55.234s][info][gc,reloc    ] GC(428) Small Pages: 271 / 542M, Empty: 220M, Relocated: 8M, In-Place: 0
[55.234s][info][gc,reloc    ] GC(428) Medium Pages: 0 / 0M, Empty: 0M, Relocated: 0M, In-Place: 0
[55.234s][info][gc,reloc    ] GC(428) Large Pages: 0 / 0M, Empty: 0M, Relocated: 0M, In-Place: 0
[55.234s][info][gc,reloc    ] GC(428) Forwarding Usage: 3M
[55.234s][info][gc,heap     ] GC(428) Min Capacity: 8M(1%)
[55.234s][info][gc,heap     ] GC(428) Max Capacity: 1024M(100%)
[55.234s][info][gc,heap     ] GC(428) Soft Max Capacity: 1024M(100%)
[55.234s][info][gc,heap     ] GC(428)                Mark Start          Mark End        Relocate Start      Relocate End           High               Low         
[55.234s][info][gc,heap     ] GC(428)  Capacity:     1024M (100%)       1024M (100%)       1024M (100%)       1024M (100%)       1024M (100%)       1024M (100%)   
[55.234s][info][gc,heap     ] GC(428)      Free:      482M (47%)         378M (37%)         558M (54%)         790M (77%)         798M (78%)         362M (35%)    
[55.234s][info][gc,heap     ] GC(428)      Used:      542M (53%)         646M (63%)         466M (46%)         234M (23%)         662M (65%)         226M (22%)    
[55.234s][info][gc,heap     ] GC(428)      Live:         -                49M (5%)           49M (5%)           49M (5%)             -                  -          
[55.234s][info][gc,heap     ] GC(428) Allocated:         -               104M (10%)         144M (14%)         161M (16%)            -                  -          
[55.234s][info][gc,heap     ] GC(428)   Garbage:         -               492M (48%)         272M (27%)          22M (2%)             -                  -          
[55.234s][info][gc,heap     ] GC(428) Reclaimed:         -                  -               220M (21%)         469M (46%)            -                  -          
[55.234s][info][gc          ] GC(428) Garbage Collection (Allocation Rate) 542M(53%)->234M(23%)
[55.296s][info][gc,start    ] GC(429) Garbage Collection (Allocation Rate)
[55.296s][info][gc,task     ] GC(429) Using 10 workers
[55.297s][info][gc,phases   ] GC(429) Pause Mark Start 0.013ms
[55.320s][info][gc,phases   ] GC(429) Concurrent Mark 22.504ms
[55.320s][info][gc,phases   ] GC(429) Pause Mark End 0.030ms
[55.320s][info][gc,phases   ] GC(429) Concurrent Mark Free 0.001ms
[55.323s][info][gc,phases   ] GC(429) Concurrent Process Non-Strong References 2.281ms
[55.323s][info][gc,phases   ] GC(429) Concurrent Reset Relocation Set 0.037ms
[55.332s][info][gc,phases   ] GC(429) Concurrent Select Relocation Set 9.143ms
[55.332s][info][gc,phases   ] GC(429) Pause Relocate Start 0.011ms
[55.338s][info][gc,phases   ] GC(429) Concurrent Relocate 5.729ms
[55.338s][info][gc,load     ] GC(429) Load: 0.00/0.00/0.00
[55.338s][info][gc,mmu      ] GC(429) MMU: 2ms/95.9%, 5ms/98.4%, 10ms/99.2%, 20ms/99.6%, 50ms/99.8%, 100ms/99.9%
[55.338s][info][gc,marking  ] GC(429) Mark: 8 stripe(s), 3 proactive flush(es), 1 terminate flush(es), 0 completion(s), 0 continuation(s) 
[55.338s][info][gc,marking  ] GC(429) Mark Stack Usage: 32M
[55.338s][info][gc,nmethod  ] GC(429) NMethods: 4817 registered, 697 unregistered
[55.338s][info][gc,metaspace] GC(429) Metaspace: 72M used, 73M committed, 1088M reserved
[55.338s][info][gc,ref      ] GC(429) Soft: 2442 encountered, 0 discovered, 0 enqueued
[55.338s][info][gc,ref      ] GC(429) Weak: 10790 encountered, 1303 discovered, 0 enqueued
[55.338s][info][gc,ref      ] GC(429) Final: 289 encountered, 35 discovered, 0 enqueued
[55.338s][info][gc,ref      ] GC(429) Phantom: 424 encountered, 314 discovered, 0 enqueued
[55.338s][info][gc,reloc    ] GC(429) Small Pages: 275 / 550M, Empty: 218M, Relocated: 8M, In-Place: 0
[55.338s][info][gc,reloc    ] GC(429) Medium Pages: 0 / 0M, Empty: 0M, Relocated: 0M, In-Place: 0
[55.338s][info][gc,reloc    ] GC(429) Large Pages: 0 / 0M, Empty: 0M, Relocated: 0M, In-Place: 0
[55.338s][info][gc,reloc    ] GC(429) Forwarding Usage: 3M
[55.338s][info][gc,heap     ] GC(429) Min Capacity: 8M(1%)
[55.339s][info][gc,heap     ] GC(429) Max Capacity: 1024M(100%)
[55.339s][info][gc,heap     ] GC(429) Soft Max Capacity: 1024M(100%)
[55.339s][info][gc,heap     ] GC(429)                Mark Start          Mark End        Relocate Start      Relocate End           High               Low         
[55.339s][info][gc,heap     ] GC(429)  Capacity:     1024M (100%)       1024M (100%)       1024M (100%)       1024M (100%)       1024M (100%)       1024M (100%)   
[55.339s][info][gc,heap     ] GC(429)      Free:      474M (46%)         366M (36%)         528M (52%)         772M (75%)         778M (76%)         352M (34%)    
[55.339s][info][gc,heap     ] GC(429)      Used:      550M (54%)         658M (64%)         496M (48%)         252M (25%)         672M (66%)         246M (24%)    
[55.339s][info][gc,heap     ] GC(429)      Live:         -                50M (5%)           50M (5%)           50M (5%)             -                  -          
[55.339s][info][gc,heap     ] GC(429) Allocated:         -               108M (11%)         164M (16%)         179M (18%)            -                  -          
[55.339s][info][gc,heap     ] GC(429)   Garbage:         -               499M (49%)         281M (28%)          22M (2%)             -                  -          
[55.339s][info][gc,heap     ] GC(429) Reclaimed:         -                  -               218M (21%)         477M (47%)            -                  -          
[55.339s][info][gc          ] GC(429) Garbage Collection (Allocation Rate) 550M(54%)->252M(25%)
[55.395s][info][gc,start    ] GC(430) Garbage Collection (Allocation Rate)
[55.396s][info][gc,task     ] GC(430) Using 10 workers
[55.396s][info][gc,phases   ] GC(430) Pause Mark Start 0.011ms
[55.419s][info][gc,phases   ] GC(430) Concurrent Mark 22.909ms
[55.419s][info][gc,phases   ] GC(430) Pause Mark End 0.027ms
[55.420s][info][gc,phases   ] GC(430) Concurrent Mark Free 0.001ms
[55.423s][info][gc,phases   ] GC(430) Concurrent Process Non-Strong References 2.755ms
[55.423s][info][gc,phases   ] GC(430) Concurrent Reset Relocation Set 0.039ms
[55.428s][info][gc,phases   ] GC(430) Concurrent Select Relocation Set 4.903ms
[55.428s][info][gc,phases   ] GC(430) Pause Relocate Start 0.010ms
[55.436s][info][gc,phases   ] GC(430) Concurrent Relocate 6.470ms
[55.436s][info][gc,load     ] GC(430) Load: 0.00/0.00/0.00
[55.436s][info][gc,mmu      ] GC(430) MMU: 2ms/95.9%, 5ms/98.4%, 10ms/99.2%, 20ms/99.6%, 50ms/99.8%, 100ms/99.9%
[55.436s][info][gc,marking  ] GC(430) Mark: 8 stripe(s), 3 proactive flush(es), 1 terminate flush(es), 0 completion(s), 0 continuation(s) 
[55.436s][info][gc,marking  ] GC(430) Mark Stack Usage: 32M
[55.436s][info][gc,nmethod  ] GC(430) NMethods: 4817 registered, 697 unregistered
[55.436s][info][gc,metaspace] GC(430) Metaspace: 72M used, 73M committed, 1088M reserved
[55.436s][info][gc,ref      ] GC(430) Soft: 2442 encountered, 0 discovered, 0 enqueued
[55.436s][info][gc,ref      ] GC(430) Weak: 10790 encountered, 1010 discovered, 0 enqueued
[55.436s][info][gc,ref      ] GC(430) Final: 289 encountered, 0 discovered, 0 enqueued
[55.436s][info][gc,ref      ] GC(430) Phantom: 424 encountered, 290 discovered, 0 enqueued
[55.436s][info][gc,reloc    ] GC(430) Small Pages: 270 / 540M, Empty: 196M, Relocated: 8M, In-Place: 0
[55.436s][info][gc,reloc    ] GC(430) Medium Pages: 0 / 0M, Empty: 0M, Relocated: 0M, In-Place: 0
[55.436s][info][gc,reloc    ] GC(430) Large Pages: 0 / 0M, Empty: 0M, Relocated: 0M, In-Place: 0
[55.436s][info][gc,reloc    ] GC(430) Forwarding Usage: 3M
[55.436s][info][gc,heap     ] GC(430) Min Capacity: 8M(1%)
[55.436s][info][gc,heap     ] GC(430) Max Capacity: 1024M(100%)
[55.436s][info][gc,heap     ] GC(430) Soft Max Capacity: 1024M(100%)
[55.436s][info][gc,heap     ] GC(430)                Mark Start          Mark End        Relocate Start      Relocate End           High               Low         
[55.436s][info][gc,heap     ] GC(430)  Capacity:     1024M (100%)       1024M (100%)       1024M (100%)       1024M (100%)       1024M (100%)       1024M (100%)   
[55.436s][info][gc,heap     ] GC(430)      Free:      484M (47%)         374M (37%)         532M (52%)         780M (76%)         792M (77%)         358M (35%)    
[55.436s][info][gc,heap     ] GC(430)      Used:      540M (53%)         650M (63%)         492M (48%)         244M (24%)         666M (65%)         232M (23%)    
[55.437s][info][gc,heap     ] GC(430)      Live:         -                50M (5%)           50M (5%)           50M (5%)             -                  -          
[55.437s][info][gc,heap     ] GC(430) Allocated:         -               110M (11%)         148M (14%)         170M (17%)            -                  -          
[55.437s][info][gc,heap     ] GC(430)   Garbage:         -               489M (48%)         293M (29%)          23M (2%)             -                  -          
[55.437s][info][gc,heap     ] GC(430) Reclaimed:         -                  -               196M (19%)         466M (46%)            -                  -          
[55.437s][info][gc          ] GC(430) Garbage Collection (Allocation Rate) 540M(53%)->244M(24%)
[55.497s][info][gc,start    ] GC(431) Garbage Collection (Allocation Rate)
[55.497s][info][gc,task     ] GC(431) Using 10 workers
[55.497s][info][gc,phases   ] GC(431) Pause Mark Start 0.013ms
[55.520s][info][gc,phases   ] GC(431) Concurrent Mark 22.904ms
[55.520s][info][gc,phases   ] GC(431) Pause Mark End 0.029ms
[55.521s][info][gc,phases   ] GC(431) Concurrent Mark Free 0.001ms
[55.523s][info][gc,phases   ] GC(431) Concurrent Process Non-Strong References 2.438ms
[55.523s][info][gc,phases   ] GC(431) Concurrent Reset Relocation Set 0.041ms
[55.533s][info][gc,phases   ] GC(431) Concurrent Select Relocation Set 9.384ms
[55.533s][info][gc,phases   ] GC(431) Pause Relocate Start 0.012ms
[55.539s][info][gc,phases   ] GC(431) Concurrent Relocate 5.757ms
[55.540s][info][gc,load     ] GC(431) Load: 0.00/0.00/0.00
[55.540s][info][gc,mmu      ] GC(431) MMU: 2ms/95.9%, 5ms/98.4%, 10ms/99.2%, 20ms/99.6%, 50ms/99.8%, 100ms/99.9%
[55.540s][info][gc,marking  ] GC(431) Mark: 8 stripe(s), 4 proactive flush(es), 1 terminate flush(es), 0 completion(s), 0 continuation(s) 
[55.540s][info][gc,marking  ] GC(431) Mark Stack Usage: 32M
[55.540s][info][gc,nmethod  ] GC(431) NMethods: 4818 registered, 697 unregistered
[55.540s][info][gc,metaspace] GC(431) Metaspace: 72M used, 73M committed, 1088M reserved
[55.540s][info][gc,ref      ] GC(431) Soft: 2442 encountered, 0 discovered, 0 enqueued
[55.540s][info][gc,ref      ] GC(431) Weak: 10790 encountered, 2146 discovered, 0 enqueued
[55.540s][info][gc,ref      ] GC(431) Final: 289 encountered, 2 discovered, 0 enqueued
[55.540s][info][gc,ref      ] GC(431) Phantom: 424 encountered, 272 discovered, 0 enqueued
[55.540s][info][gc,reloc    ] GC(431) Small Pages: 273 / 546M, Empty: 214M, Relocated: 8M, In-Place: 0
[55.540s][info][gc,reloc    ] GC(431) Medium Pages: 0 / 0M, Empty: 0M, Relocated: 0M, In-Place: 0
[55.540s][info][gc,reloc    ] GC(431) Large Pages: 0 / 0M, Empty: 0M, Relocated: 0M, In-Place: 0
[55.540s][info][gc,reloc    ] GC(431) Forwarding Usage: 3M
[55.540s][info][gc,heap     ] GC(431) Min Capacity: 8M(1%)
[55.540s][info][gc,heap     ] GC(431) Max Capacity: 1024M(100%)
[55.540s][info][gc,heap     ] GC(431) Soft Max Capacity: 1024M(100%)
[55.540s][info][gc,heap     ] GC(431)                Mark Start          Mark End        Relocate Start      Relocate End           High               Low         
[55.540s][info][gc,heap     ] GC(431)  Capacity:     1024M (100%)       1024M (100%)       1024M (100%)       1024M (100%)       1024M (100%)       1024M (100%)   
[55.540s][info][gc,heap     ] GC(431)      Free:      478M (47%)         370M (36%)         526M (51%)         768M (75%)         776M (76%)         358M (35%)    
[55.540s][info][gc,heap     ] GC(431)      Used:      546M (53%)         654M (64%)         498M (49%)         256M (25%)         666M (65%)         248M (24%)    
[55.540s][info][gc,heap     ] GC(431)      Live:         -                50M (5%)           50M (5%)           50M (5%)             -                  -          
[55.540s][info][gc,heap     ] GC(431) Allocated:         -               108M (11%)         166M (16%)         183M (18%)            -                  -          
[55.540s][info][gc,heap     ] GC(431)   Garbage:         -               495M (48%)         281M (28%)          22M (2%)             -                  -          
[55.540s][info][gc,heap     ] GC(431) Reclaimed:         -                  -               214M (21%)         473M (46%)            -                  -          
[55.540s][info][gc          ] GC(431) Garbage Collection (Allocation Rate) 546M(53%)->256M(25%)
[55.596s][info][gc,start    ] GC(432) Garbage Collection (Allocation Rate)
[55.596s][info][gc,task     ] GC(432) Using 10 workers
[55.596s][info][gc,phases   ] GC(432) Pause Mark Start 0.011ms
[55.620s][info][gc,phases   ] GC(432) Concurrent Mark 23.422ms
[55.620s][info][gc,phases   ] GC(432) Pause Mark End 0.027ms
[55.621s][info][gc,phases   ] GC(432) Concurrent Mark Free 0.002ms
[55.625s][info][gc,phases   ] GC(432) Concurrent Process Non-Strong References 3.273ms
[55.625s][info][gc,phases   ] GC(432) Concurrent Reset Relocation Set 0.038ms
[55.630s][info][gc,phases   ] GC(432) Concurrent Select Relocation Set 5.015ms
[55.630s][info][gc,phases   ] GC(432) Pause Relocate Start 0.012ms
[55.637s][info][gc,phases   ] GC(432) Concurrent Relocate 6.564ms
[55.637s][info][gc,load     ] GC(432) Load: 0.00/0.00/0.00
[55.637s][info][gc,mmu      ] GC(432) MMU: 2ms/95.9%, 5ms/98.4%, 10ms/99.2%, 20ms/99.6%, 50ms/99.8%, 100ms/99.9%
[55.637s][info][gc,marking  ] GC(432) Mark: 8 stripe(s), 4 proactive flush(es), 1 terminate flush(es), 0 completion(s), 0 continuation(s) 
[55.637s][info][gc,marking  ] GC(432) Mark Stack Usage: 32M
[55.637s][info][gc,nmethod  ] GC(432) NMethods: 4818 registered, 697 unregistered
[55.637s][info][gc,metaspace] GC(432) Metaspace: 72M used, 73M committed, 1088M reserved
[55.637s][info][gc,ref      ] GC(432) Soft: 2442 encountered, 0 discovered, 0 enqueued
[55.638s][info][gc,ref      ] GC(432) Weak: 10790 encountered, 1245 discovered, 0 enqueued
[55.638s][info][gc,ref      ] GC(432) Final: 289 encountered, 17 discovered, 0 enqueued
[55.638s][info][gc,ref      ] GC(432) Phantom: 424 encountered, 249 discovered, 0 enqueued
[55.638s][info][gc,reloc    ] GC(432) Small Pages: 269 / 538M, Empty: 202M, Relocated: 8M, In-Place: 0
[55.638s][info][gc,reloc    ] GC(432) Medium Pages: 0 / 0M, Empty: 0M, Relocated: 0M, In-Place: 0
[55.638s][info][gc,reloc    ] GC(432) Large Pages: 0 / 0M, Empty: 0M, Relocated: 0M, In-Place: 0
[55.638s][info][gc,reloc    ] GC(432) Forwarding Usage: 3M
[55.638s][info][gc,heap     ] GC(432) Min Capacity: 8M(1%)
[55.638s][info][gc,heap     ] GC(432) Max Capacity: 1024M(100%)
[55.638s][info][gc,heap     ] GC(432) Soft Max Capacity: 1024M(100%)
[55.638s][info][gc,heap     ] GC(432)                Mark Start          Mark End        Relocate Start      Relocate End           High               Low         
[55.638s][info][gc,heap     ] GC(432)  Capacity:     1024M (100%)       1024M (100%)       1024M (100%)       1024M (100%)       1024M (100%)       1024M (100%)   
[55.638s][info][gc,heap     ] GC(432)      Free:      486M (47%)         374M (37%)         534M (52%)         776M (76%)         786M (77%)         354M (35%)    
[55.638s][info][gc,heap     ] GC(432)      Used:      538M (53%)         650M (63%)         490M (48%)         248M (24%)         670M (65%)         238M (23%)    
[55.638s][info][gc,heap     ] GC(432)      Live:         -                50M (5%)           50M (5%)           50M (5%)             -                  -          
[55.638s][info][gc,heap     ] GC(432) Allocated:         -               112M (11%)         154M (15%)         175M (17%)            -                  -          
[55.638s][info][gc,heap     ] GC(432)   Garbage:         -               487M (48%)         285M (28%)          22M (2%)             -                  -          
[55.638s][info][gc,heap     ] GC(432) Reclaimed:         -                  -               202M (20%)         465M (45%)            -                  -          
[55.638s][info][gc          ] GC(432) Garbage Collection (Allocation Rate) 538M(53%)->248M(24%)
[55.696s][info][gc,start    ] GC(433) Garbage Collection (Allocation Rate)
[55.696s][info][gc,task     ] GC(433) Using 10 workers
[55.696s][info][gc,phases   ] GC(433) Pause Mark Start 0.010ms
[55.720s][info][gc,phases   ] GC(433) Concurrent Mark 23.608ms
[55.720s][info][gc,phases   ] GC(433) Pause Mark End 0.029ms
[55.721s][info][gc,phases   ] GC(433) Concurrent Mark Free 0.001ms
[55.723s][info][gc,phases   ] GC(433) Concurrent Process Non-Strong References 2.356ms
[55.723s][info][gc,phases   ] GC(433) Concurrent Reset Relocation Set 0.044ms
[55.733s][info][gc,phases   ] GC(433) Concurrent Select Relocation Set 9.526ms
[55.733s][info][gc,phases   ] GC(433) Pause Relocate Start 0.012ms
[55.739s][info][gc,phases   ] GC(433) Concurrent Relocate 5.846ms
[55.739s][info][gc,load     ] GC(433) Load: 0.00/0.00/0.00
[55.739s][info][gc,mmu      ] GC(433) MMU: 2ms/95.9%, 5ms/98.4%, 10ms/99.2%, 20ms/99.6%, 50ms/99.8%, 100ms/99.9%
[55.739s][info][gc,marking  ] GC(433) Mark: 8 stripe(s), 5 proactive flush(es), 1 terminate flush(es), 0 completion(s), 0 continuation(s) 
[55.739s][info][gc,marking  ] GC(433) Mark Stack Usage: 32M
[55.739s][info][gc,nmethod  ] GC(433) NMethods: 4818 registered, 697 unregistered
[55.739s][info][gc,metaspace] GC(433) Metaspace: 72M used, 73M committed, 1088M reserved
[55.739s][info][gc,ref      ] GC(433) Soft: 2442 encountered, 0 discovered, 0 enqueued
[55.739s][info][gc,ref      ] GC(433) Weak: 10790 encountered, 1289 discovered, 0 enqueued
[55.739s][info][gc,ref      ] GC(433) Final: 289 encountered, 25 discovered, 0 enqueued
[55.739s][info][gc,ref      ] GC(433) Phantom: 424 encountered, 306 discovered, 0 enqueued
[55.739s][info][gc,reloc    ] GC(433) Small Pages: 269 / 538M, Empty: 204M, Relocated: 8M, In-Place: 0
[55.739s][info][gc,reloc    ] GC(433) Medium Pages: 0 / 0M, Empty: 0M, Relocated: 0M, In-Place: 0
[55.739s][info][gc,reloc    ] GC(433) Large Pages: 0 / 0M, Empty: 0M, Relocated: 0M, In-Place: 0
[55.739s][info][gc,reloc    ] GC(433) Forwarding Usage: 3M
[55.739s][info][gc,heap     ] GC(433) Min Capacity: 8M(1%)
[55.739s][info][gc,heap     ] GC(433) Max Capacity: 1024M(100%)
[55.739s][info][gc,heap     ] GC(433) Soft Max Capacity: 1024M(100%)
[55.739s][info][gc,heap     ] GC(433)                Mark Start          Mark End        Relocate Start      Relocate End           High               Low         
[55.740s][info][gc,heap     ] GC(433)  Capacity:     1024M (100%)       1024M (100%)       1024M (100%)       1024M (100%)       1024M (100%)       1024M (100%)   
[55.740s][info][gc,heap     ] GC(433)      Free:      486M (47%)         376M (37%)         520M (51%)         766M (75%)         772M (75%)         364M (36%)    
[55.740s][info][gc,heap     ] GC(433)      Used:      538M (53%)         648M (63%)         504M (49%)         258M (25%)         660M (64%)         252M (25%)    
[55.740s][info][gc,heap     ] GC(433)      Live:         -                50M (5%)           50M (5%)           50M (5%)             -                  -          
[55.740s][info][gc,heap     ] GC(433) Allocated:         -               110M (11%)         170M (17%)         185M (18%)            -                  -          
[55.740s][info][gc,heap     ] GC(433)   Garbage:         -               487M (48%)         283M (28%)          22M (2%)             -                  -          
[55.740s][info][gc,heap     ] GC(433) Reclaimed:         -                  -               204M (20%)         465M (45%)            -                  -          
[55.740s][info][gc          ] GC(433) Garbage Collection (Allocation Rate) 538M(53%)->258M(25%)
[55.796s][info][gc,start    ] GC(434) Garbage Collection (Allocation Rate)
[55.796s][info][gc,task     ] GC(434) Using 10 workers
[55.796s][info][gc,phases   ] GC(434) Pause Mark Start 0.010ms
[55.818s][info][gc,phases   ] GC(434) Concurrent Mark 21.333ms
[55.818s][info][gc,phases   ] GC(434) Pause Mark End 0.027ms
[55.819s][info][gc,phases   ] GC(434) Concurrent Mark Free 0.001ms
[55.821s][info][gc,phases   ] GC(434) Concurrent Process Non-Strong References 2.394ms
[55.821s][info][gc,phases   ] GC(434) Concurrent Reset Relocation Set 0.035ms
[55.826s][info][gc,phases   ] GC(434) Concurrent Select Relocation Set 4.808ms
[55.826s][info][gc,phases   ] GC(434) Pause Relocate Start 0.008ms
[55.832s][info][gc,phases   ] GC(434) Concurrent Relocate 5.129ms
[55.832s][info][gc,load     ] GC(434) Load: 0.00/0.00/0.00
[55.832s][info][gc,mmu      ] GC(434) MMU: 2ms/95.9%, 5ms/98.4%, 10ms/99.2%, 20ms/99.6%, 50ms/99.8%, 100ms/99.9%
[55.832s][info][gc,marking  ] GC(434) Mark: 8 stripe(s), 3 proactive flush(es), 1 terminate flush(es), 0 completion(s), 0 continuation(s) 
[55.832s][info][gc,marking  ] GC(434) Mark Stack Usage: 32M
[55.832s][info][gc,nmethod  ] GC(434) NMethods: 4818 registered, 697 unregistered
[55.832s][info][gc,metaspace] GC(434) Metaspace: 72M used, 73M committed, 1088M reserved
[55.832s][info][gc,ref      ] GC(434) Soft: 2442 encountered, 0 discovered, 0 enqueued
[55.832s][info][gc,ref      ] GC(434) Weak: 10790 encountered, 1615 discovered, 0 enqueued
[55.832s][info][gc,ref      ] GC(434) Final: 289 encountered, 7 discovered, 0 enqueued
[55.832s][info][gc,ref      ] GC(434) Phantom: 424 encountered, 259 discovered, 0 enqueued
[55.832s][info][gc,reloc    ] GC(434) Small Pages: 269 / 538M, Empty: 138M, Relocated: 8M, In-Place: 0
[55.832s][info][gc,reloc    ] GC(434) Medium Pages: 0 / 0M, Empty: 0M, Relocated: 0M, In-Place: 0
[55.832s][info][gc,reloc    ] GC(434) Large Pages: 0 / 0M, Empty: 0M, Relocated: 0M, In-Place: 0
[55.832s][info][gc,reloc    ] GC(434) Forwarding Usage: 3M
[55.832s][info][gc,heap     ] GC(434) Min Capacity: 8M(1%)
[55.832s][info][gc,heap     ] GC(434) Max Capacity: 1024M(100%)
[55.832s][info][gc,heap     ] GC(434) Soft Max Capacity: 1024M(100%)
[55.832s][info][gc,heap     ] GC(434)                Mark Start          Mark End        Relocate Start      Relocate End           High               Low         
[55.832s][info][gc,heap     ] GC(434)  Capacity:     1024M (100%)       1024M (100%)       1024M (100%)       1024M (100%)       1024M (100%)       1024M (100%)   
[55.832s][info][gc,heap     ] GC(434)      Free:      486M (47%)         382M (37%)         484M (47%)         796M (78%)         802M (78%)         368M (36%)    
[55.832s][info][gc,heap     ] GC(434)      Used:      538M (53%)         642M (63%)         540M (53%)         228M (22%)         656M (64%)         222M (22%)    
[55.832s][info][gc,heap     ] GC(434)      Live:         -                50M (5%)           50M (5%)           50M (5%)             -                  -          
[55.832s][info][gc,heap     ] GC(434) Allocated:         -               104M (10%)         140M (14%)         155M (15%)            -                  -          
[55.832s][info][gc,heap     ] GC(434)   Garbage:         -               487M (48%)         349M (34%)          22M (2%)             -                  -          
[55.832s][info][gc,heap     ] GC(434) Reclaimed:         -                  -               138M (13%)         465M (45%)            -                  -          
[55.832s][info][gc          ] GC(434) Garbage Collection (Allocation Rate) 538M(53%)->228M(22%)
[55.896s][info][gc,start    ] GC(435) Garbage Collection (Allocation Rate)
[55.896s][info][gc,task     ] GC(435) Using 10 workers
[55.896s][info][gc,phases   ] GC(435) Pause Mark Start 0.010ms
[55.919s][info][gc,phases   ] GC(435) Concurrent Mark 22.197ms
[55.919s][info][gc,phases   ] GC(435) Pause Mark End 0.027ms
[55.920s][info][gc,phases   ] GC(435) Concurrent Mark Free 0.001ms
[55.922s][info][gc,phases   ] GC(435) Concurrent Process Non-Strong References 2.491ms
[55.922s][info][gc,phases   ] GC(435) Concurrent Reset Relocation Set 0.044ms
[55.932s][info][gc,phases   ] GC(435) Concurrent Select Relocation Set 9.164ms
[55.932s][info][gc,phases   ] GC(435) Pause Relocate Start 0.009ms
[55.937s][info][gc,phases   ] GC(435) Concurrent Relocate 5.160ms
[55.937s][info][gc,load     ] GC(435) Load: 0.00/0.00/0.00
[55.937s][info][gc,mmu      ] GC(435) MMU: 2ms/95.9%, 5ms/98.4%, 10ms/99.2%, 20ms/99.6%, 50ms/99.8%, 100ms/99.9%
[55.937s][info][gc,marking  ] GC(435) Mark: 8 stripe(s), 2 proactive flush(es), 1 terminate flush(es), 0 completion(s), 0 continuation(s) 
[55.938s][info][gc,marking  ] GC(435) Mark Stack Usage: 32M
[55.938s][info][gc,nmethod  ] GC(435) NMethods: 4818 registered, 697 unregistered
[55.938s][info][gc,metaspace] GC(435) Metaspace: 72M used, 73M committed, 1088M reserved
[55.938s][info][gc,ref      ] GC(435) Soft: 2442 encountered, 0 discovered, 0 enqueued
[55.938s][info][gc,ref      ] GC(435) Weak: 10790 encountered, 2071 discovered, 0 enqueued
[55.938s][info][gc,ref      ] GC(435) Final: 289 encountered, 16 discovered, 0 enqueued
[55.938s][info][gc,ref      ] GC(435) Phantom: 424 encountered, 318 discovered, 0 enqueued
[55.938s][info][gc,reloc    ] GC(435) Small Pages: 274 / 548M, Empty: 210M, Relocated: 8M, In-Place: 0
[55.938s][info][gc,reloc    ] GC(435) Medium Pages: 0 / 0M, Empty: 0M, Relocated: 0M, In-Place: 0
[55.938s][info][gc,reloc    ] GC(435) Large Pages: 0 / 0M, Empty: 0M, Relocated: 0M, In-Place: 0
[55.938s][info][gc,reloc    ] GC(435) Forwarding Usage: 3M
[55.938s][info][gc,heap     ] GC(435) Min Capacity: 8M(1%)
[55.938s][info][gc,heap     ] GC(435) Max Capacity: 1024M(100%)
[55.938s][info][gc,heap     ] GC(435) Soft Max Capacity: 1024M(100%)
[55.938s][info][gc,heap     ] GC(435)                Mark Start          Mark End        Relocate Start      Relocate End           High               Low         
[55.938s][info][gc,heap     ] GC(435)  Capacity:     1024M (100%)       1024M (100%)       1024M (100%)       1024M (100%)       1024M (100%)       1024M (100%)   
[55.938s][info][gc,heap     ] GC(435)      Free:      476M (46%)         368M (36%)         524M (51%)         772M (75%)         780M (76%)         356M (35%)    
[55.938s][info][gc,heap     ] GC(435)      Used:      548M (54%)         656M (64%)         500M (49%)         252M (25%)         668M (65%)         244M (24%)    
[55.938s][info][gc,heap     ] GC(435)      Live:         -                50M (5%)           50M (5%)           50M (5%)             -                  -          
[55.938s][info][gc,heap     ] GC(435) Allocated:         -               108M (11%)         162M (16%)         179M (18%)            -                  -          
[55.938s][info][gc,heap     ] GC(435)   Garbage:         -               497M (49%)         287M (28%)          22M (2%)             -                  -          
[55.938s][info][gc,heap     ] GC(435) Reclaimed:         -                  -               210M (21%)         475M (46%)            -                  -          
[55.938s][info][gc          ] GC(435) Garbage Collection (Allocation Rate) 548M(54%)->252M(25%)
[55.995s][info][gc,start    ] GC(436) Garbage Collection (Allocation Rate)
[55.995s][info][gc,task     ] GC(436) Using 10 workers
[55.996s][info][gc,phases   ] GC(436) Pause Mark Start 0.012ms
[56.017s][info][gc,phases   ] GC(436) Concurrent Mark 21.013ms
[56.017s][info][gc,phases   ] GC(436) Pause Mark End 0.026ms
[56.019s][info][gc,phases   ] GC(436) Concurrent Mark Free 0.001ms
[56.021s][info][gc,phases   ] GC(436) Concurrent Process Non-Strong References 2.542ms
[56.021s][info][gc,phases   ] GC(436) Concurrent Reset Relocation Set 0.041ms
[56.026s][info][gc,phases   ] GC(436) Concurrent Select Relocation Set 5.028ms
[56.027s][info][gc,phases   ] GC(436) Pause Relocate Start 0.009ms
[56.032s][info][gc,phases   ] GC(436) Concurrent Relocate 5.521ms
[56.033s][info][gc,load     ] GC(436) Load: 0.00/0.00/0.00
[56.033s][info][gc,mmu      ] GC(436) MMU: 2ms/95.9%, 5ms/98.4%, 10ms/99.2%, 20ms/99.6%, 50ms/99.8%, 100ms/99.9%
[56.033s][info][gc,marking  ] GC(436) Mark: 8 stripe(s), 3 proactive flush(es), 1 terminate flush(es), 0 completion(s), 0 continuation(s) 
[56.033s][info][gc,marking  ] GC(436) Mark Stack Usage: 32M
[56.033s][info][gc,nmethod  ] GC(436) NMethods: 4818 registered, 697 unregistered
[56.033s][info][gc,metaspace] GC(436) Metaspace: 72M used, 73M committed, 1088M reserved
[56.033s][info][gc,ref      ] GC(436) Soft: 2442 encountered, 0 discovered, 0 enqueued
[56.033s][info][gc,ref      ] GC(436) Weak: 10790 encountered, 932 discovered, 0 enqueued
[56.033s][info][gc,ref      ] GC(436) Final: 289 encountered, 3 discovered, 0 enqueued
[56.033s][info][gc,ref      ] GC(436) Phantom: 424 encountered, 272 discovered, 0 enqueued
[56.033s][info][gc,reloc    ] GC(436) Small Pages: 270 / 540M, Empty: 220M, Relocated: 6M, In-Place: 0
[56.033s][info][gc,reloc    ] GC(436) Medium Pages: 0 / 0M, Empty: 0M, Relocated: 0M, In-Place: 0
[56.033s][info][gc,reloc    ] GC(436) Large Pages: 0 / 0M, Empty: 0M, Relocated: 0M, In-Place: 0
[56.033s][info][gc,reloc    ] GC(436) Forwarding Usage: 3M
[56.033s][info][gc,heap     ] GC(436) Min Capacity: 8M(1%)
[56.033s][info][gc,heap     ] GC(436) Max Capacity: 1024M(100%)
[56.033s][info][gc,heap     ] GC(436) Soft Max Capacity: 1024M(100%)
[56.033s][info][gc,heap     ] GC(436)                Mark Start          Mark End        Relocate Start      Relocate End           High               Low         
[56.033s][info][gc,heap     ] GC(436)  Capacity:     1024M (100%)       1024M (100%)       1024M (100%)       1024M (100%)       1024M (100%)       1024M (100%)   
[56.033s][info][gc,heap     ] GC(436)      Free:      484M (47%)         380M (37%)         560M (55%)         790M (77%)         798M (78%)         364M (36%)    
[56.033s][info][gc,heap     ] GC(436)      Used:      540M (53%)         644M (63%)         464M (45%)         234M (23%)         660M (64%)         226M (22%)    
[56.033s][info][gc,heap     ] GC(436)      Live:         -                50M (5%)           50M (5%)           50M (5%)             -                  -          
[56.033s][info][gc,heap     ] GC(436) Allocated:         -               104M (10%)         144M (14%)         159M (16%)            -                  -          
[56.033s][info][gc,heap     ] GC(436)   Garbage:         -               489M (48%)         269M (26%)          24M (2%)             -                  -          
[56.033s][info][gc,heap     ] GC(436) Reclaimed:         -                  -               220M (21%)         465M (45%)            -                  -          
[56.033s][info][gc          ] GC(436) Garbage Collection (Allocation Rate) 540M(53%)->234M(23%)
[56.096s][info][gc,start    ] GC(437) Garbage Collection (Allocation Rate)
[56.096s][info][gc,task     ] GC(437) Using 10 workers
[56.096s][info][gc,phases   ] GC(437) Pause Mark Start 0.009ms
[56.118s][info][gc,phases   ] GC(437) Concurrent Mark 21.343ms
[56.118s][info][gc,phases   ] GC(437) Pause Mark End 0.028ms
[56.119s][info][gc,phases   ] GC(437) Concurrent Mark Free 0.001ms
[56.122s][info][gc,phases   ] GC(437) Concurrent Process Non-Strong References 2.425ms
[56.122s][info][gc,phases   ] GC(437) Concurrent Reset Relocation Set 0.039ms
[56.131s][info][gc,phases   ] GC(437) Concurrent Select Relocation Set 9.361ms
[56.131s][info][gc,phases   ] GC(437) Pause Relocate Start 0.008ms
[56.137s][info][gc,phases   ] GC(437) Concurrent Relocate 5.249ms
[56.137s][info][gc,load     ] GC(437) Load: 0.00/0.00/0.00
[56.137s][info][gc,mmu      ] GC(437) MMU: 2ms/95.9%, 5ms/98.4%, 10ms/99.2%, 20ms/99.6%, 50ms/99.8%, 100ms/99.9%
[56.137s][info][gc,marking  ] GC(437) Mark: 8 stripe(s), 3 proactive flush(es), 1 terminate flush(es), 0 completion(s), 0 continuation(s) 
[56.137s][info][gc,marking  ] GC(437) Mark Stack Usage: 32M
[56.137s][info][gc,nmethod  ] GC(437) NMethods: 4818 registered, 697 unregistered
[56.137s][info][gc,metaspace] GC(437) Metaspace: 72M used, 73M committed, 1088M reserved
[56.137s][info][gc,ref      ] GC(437) Soft: 2442 encountered, 0 discovered, 0 enqueued
[56.137s][info][gc,ref      ] GC(437) Weak: 10790 encountered, 876 discovered, 0 enqueued
[56.137s][info][gc,ref      ] GC(437) Final: 289 encountered, 13 discovered, 0 enqueued
[56.137s][info][gc,ref      ] GC(437) Phantom: 424 encountered, 307 discovered, 0 enqueued
[56.137s][info][gc,reloc    ] GC(437) Small Pages: 276 / 552M, Empty: 226M, Relocated: 8M, In-Place: 0
[56.137s][info][gc,reloc    ] GC(437) Medium Pages: 0 / 0M, Empty: 0M, Relocated: 0M, In-Place: 0
[56.137s][info][gc,reloc    ] GC(437) Large Pages: 0 / 0M, Empty: 0M, Relocated: 0M, In-Place: 0
[56.137s][info][gc,reloc    ] GC(437) Forwarding Usage: 3M
[56.137s][info][gc,heap     ] GC(437) Min Capacity: 8M(1%)
[56.137s][info][gc,heap     ] GC(437) Max Capacity: 1024M(100%)
[56.137s][info][gc,heap     ] GC(437) Soft Max Capacity: 1024M(100%)
[56.137s][info][gc,heap     ] GC(437)                Mark Start          Mark End        Relocate Start      Relocate End           High               Low         
[56.138s][info][gc,heap     ] GC(437)  Capacity:     1024M (100%)       1024M (100%)       1024M (100%)       1024M (100%)       1024M (100%)       1024M (100%)   
[56.138s][info][gc,heap     ] GC(437)      Free:      472M (46%)         368M (36%)         536M (52%)         776M (76%)         780M (76%)         354M (35%)    
[56.138s][info][gc,heap     ] GC(437)      Used:      552M (54%)         656M (64%)         488M (48%)         248M (24%)         670M (65%)         244M (24%)    
[56.138s][info][gc,heap     ] GC(437)      Live:         -                50M (5%)           50M (5%)           50M (5%)             -                  -          
[56.138s][info][gc,heap     ] GC(437) Allocated:         -               104M (10%)         162M (16%)         175M (17%)            -                  -          
[56.138s][info][gc,heap     ] GC(437)   Garbage:         -               501M (49%)         275M (27%)          22M (2%)             -                  -          
[56.138s][info][gc,heap     ] GC(437) Reclaimed:         -                  -               226M (22%)         479M (47%)            -                  -          
[56.138s][info][gc          ] GC(437) Garbage Collection (Allocation Rate) 552M(54%)->248M(24%)
[56.196s][info][gc,start    ] GC(438) Garbage Collection (Allocation Rate)
[56.196s][info][gc,task     ] GC(438) Using 10 workers
[56.196s][info][gc,phases   ] GC(438) Pause Mark Start 0.010ms
[56.219s][info][gc,phases   ] GC(438) Concurrent Mark 22.555ms
[56.220s][info][gc,phases   ] GC(438) Pause Mark End 0.030ms
[56.221s][info][gc,phases   ] GC(438) Concurrent Mark Free 0.002ms
[56.223s][info][gc,phases   ] GC(438) Concurrent Process Non-Strong References 2.667ms
[56.223s][info][gc,phases   ] GC(438) Concurrent Reset Relocation Set 0.044ms
[56.230s][info][gc,phases   ] GC(438) Concurrent Select Relocation Set 6.506ms
[56.230s][info][gc,phases   ] GC(438) Pause Relocate Start 0.011ms
[56.237s][info][gc,phases   ] GC(438) Concurrent Relocate 6.029ms
[56.237s][info][gc,load     ] GC(438) Load: 0.00/0.00/0.00
[56.237s][info][gc,mmu      ] GC(438) MMU: 2ms/95.9%, 5ms/98.4%, 10ms/99.2%, 20ms/99.6%, 50ms/99.8%, 100ms/99.9%
[56.237s][info][gc,marking  ] GC(438) Mark: 8 stripe(s), 3 proactive flush(es), 1 terminate flush(es), 0 completion(s), 0 continuation(s) 
[56.237s][info][gc,marking  ] GC(438) Mark Stack Usage: 32M
[56.237s][info][gc,nmethod  ] GC(438) NMethods: 4818 registered, 697 unregistered
[56.237s][info][gc,metaspace] GC(438) Metaspace: 72M used, 73M committed, 1088M reserved
[56.237s][info][gc,ref      ] GC(438) Soft: 2442 encountered, 0 discovered, 0 enqueued
[56.237s][info][gc,ref      ] GC(438) Weak: 10790 encountered, 1275 discovered, 0 enqueued
[56.237s][info][gc,ref      ] GC(438) Final: 289 encountered, 31 discovered, 0 enqueued
[56.237s][info][gc,ref      ] GC(438) Phantom: 424 encountered, 235 discovered, 0 enqueued
[56.237s][info][gc,reloc    ] GC(438) Small Pages: 271 / 542M, Empty: 228M, Relocated: 6M, In-Place: 0
[56.237s][info][gc,reloc    ] GC(438) Medium Pages: 0 / 0M, Empty: 0M, Relocated: 0M, In-Place: 0
[56.237s][info][gc,reloc    ] GC(438) Large Pages: 0 / 0M, Empty: 0M, Relocated: 0M, In-Place: 0
[56.237s][info][gc,reloc    ] GC(438) Forwarding Usage: 3M
[56.237s][info][gc,heap     ] GC(438) Min Capacity: 8M(1%)
[56.237s][info][gc,heap     ] GC(438) Max Capacity: 1024M(100%)
[56.237s][info][gc,heap     ] GC(438) Soft Max Capacity: 1024M(100%)
[56.237s][info][gc,heap     ] GC(438)                Mark Start          Mark End        Relocate Start      Relocate End           High               Low         
[56.237s][info][gc,heap     ] GC(438)  Capacity:     1024M (100%)       1024M (100%)       1024M (100%)       1024M (100%)       1024M (100%)       1024M (100%)   
[56.237s][info][gc,heap     ] GC(438)      Free:      482M (47%)         374M (37%)         556M (54%)         776M (76%)         790M (77%)         358M (35%)    
[56.237s][info][gc,heap     ] GC(438)      Used:      542M (53%)         650M (63%)         468M (46%)         248M (24%)         666M (65%)         234M (23%)    
[56.237s][info][gc,heap     ] GC(438)      Live:         -                50M (5%)           50M (5%)           50M (5%)             -                  -          
[56.237s][info][gc,heap     ] GC(438) Allocated:         -               108M (11%)         154M (15%)         173M (17%)            -                  -          
[56.237s][info][gc,heap     ] GC(438)   Garbage:         -               491M (48%)         263M (26%)          24M (2%)             -                  -          
[56.237s][info][gc,heap     ] GC(438) Reclaimed:         -                  -               228M (22%)         467M (46%)            -                  -          
[56.237s][info][gc          ] GC(438) Garbage Collection (Allocation Rate) 542M(53%)->248M(24%)
[56.297s][info][gc,start    ] GC(439) Garbage Collection (Allocation Rate)
[56.297s][info][gc,task     ] GC(439) Using 10 workers
[56.297s][info][gc,phases   ] GC(439) Pause Mark Start 0.010ms
[56.320s][info][gc,phases   ] GC(439) Concurrent Mark 22.646ms
[56.320s][info][gc,phases   ] GC(439) Pause Mark End 0.032ms
[56.321s][info][gc,phases   ] GC(439) Concurrent Mark Free 0.002ms
[56.324s][info][gc,phases   ] GC(439) Concurrent Process Non-Strong References 2.914ms
[56.324s][info][gc,phases   ] GC(439) Concurrent Reset Relocation Set 0.036ms
[56.330s][info][gc,phases   ] GC(439) Concurrent Select Relocation Set 6.643ms
[56.331s][info][gc,phases   ] GC(439) Pause Relocate Start 0.013ms
[56.337s][info][gc,phases   ] GC(439) Concurrent Relocate 5.682ms
[56.337s][info][gc,load     ] GC(439) Load: 0.00/0.00/0.00
[56.337s][info][gc,mmu      ] GC(439) MMU: 2ms/95.9%, 5ms/98.4%, 10ms/99.2%, 20ms/99.6%, 50ms/99.8%, 100ms/99.9%
[56.337s][info][gc,marking  ] GC(439) Mark: 8 stripe(s), 3 proactive flush(es), 1 terminate flush(es), 0 completion(s), 0 continuation(s) 
[56.337s][info][gc,marking  ] GC(439) Mark Stack Usage: 32M
[56.337s][info][gc,nmethod  ] GC(439) NMethods: 4818 registered, 697 unregistered
[56.337s][info][gc,metaspace] GC(439) Metaspace: 72M used, 73M committed, 1088M reserved
[56.337s][info][gc,ref      ] GC(439) Soft: 2442 encountered, 0 discovered, 0 enqueued
[56.337s][info][gc,ref      ] GC(439) Weak: 10790 encountered, 1848 discovered, 0 enqueued
[56.337s][info][gc,ref      ] GC(439) Final: 289 encountered, 7 discovered, 0 enqueued
[56.337s][info][gc,ref      ] GC(439) Phantom: 424 encountered, 340 discovered, 0 enqueued
[56.337s][info][gc,reloc    ] GC(439) Small Pages: 274 / 548M, Empty: 212M, Relocated: 6M, In-Place: 0
[56.337s][info][gc,reloc    ] GC(439) Medium Pages: 0 / 0M, Empty: 0M, Relocated: 0M, In-Place: 0
[56.337s][info][gc,reloc    ] GC(439) Large Pages: 0 / 0M, Empty: 0M, Relocated: 0M, In-Place: 0
[56.337s][info][gc,reloc    ] GC(439) Forwarding Usage: 3M
[56.337s][info][gc,heap     ] GC(439) Min Capacity: 8M(1%)
[56.337s][info][gc,heap     ] GC(439) Max Capacity: 1024M(100%)
[56.337s][info][gc,heap     ] GC(439) Soft Max Capacity: 1024M(100%)
[56.337s][info][gc,heap     ] GC(439)                Mark Start          Mark End        Relocate Start      Relocate End           High               Low         
[56.337s][info][gc,heap     ] GC(439)  Capacity:     1024M (100%)       1024M (100%)       1024M (100%)       1024M (100%)       1024M (100%)       1024M (100%)   
[56.337s][info][gc,heap     ] GC(439)      Free:      476M (46%)         368M (36%)         536M (52%)         780M (76%)         788M (77%)         354M (35%)    
[56.337s][info][gc,heap     ] GC(439)      Used:      548M (54%)         656M (64%)         488M (48%)         244M (24%)         670M (65%)         236M (23%)    
[56.337s][info][gc,heap     ] GC(439)      Live:         -                50M (5%)           50M (5%)           50M (5%)             -                  -          
[56.337s][info][gc,heap     ] GC(439) Allocated:         -               108M (11%)         152M (15%)         169M (17%)            -                  -          
[56.337s][info][gc,heap     ] GC(439)   Garbage:         -               497M (49%)         285M (28%)          24M (2%)             -                  -          
[56.337s][info][gc,heap     ] GC(439) Reclaimed:         -                  -               212M (21%)         473M (46%)            -                  -          
[56.337s][info][gc          ] GC(439) Garbage Collection (Allocation Rate) 548M(54%)->244M(24%)
[56.397s][info][gc,start    ] GC(440) Garbage Collection (Allocation Rate)
[56.397s][info][gc,task     ] GC(440) Using 10 workers
[56.398s][info][gc,phases   ] GC(440) Pause Mark Start 0.015ms
[56.421s][info][gc,phases   ] GC(440) Concurrent Mark 22.538ms
[56.421s][info][gc,phases   ] GC(440) Pause Mark End 0.024ms
[56.421s][info][gc,phases   ] GC(440) Concurrent Mark Free 0.002ms
[56.423s][info][gc,phases   ] GC(440) Concurrent Process Non-Strong References 2.414ms
[56.424s][info][gc,phases   ] GC(440) Concurrent Reset Relocation Set 0.037ms
[56.433s][info][gc,phases   ] GC(440) Concurrent Select Relocation Set 9.036ms
[56.433s][info][gc,phases   ] GC(440) Pause Relocate Start 0.009ms
[56.439s][info][gc,phases   ] GC(440) Concurrent Relocate 5.069ms
[56.439s][info][gc,load     ] GC(440) Load: 0.00/0.00/0.00
[56.439s][info][gc,mmu      ] GC(440) MMU: 2ms/95.9%, 5ms/98.4%, 10ms/99.2%, 20ms/99.6%, 50ms/99.8%, 100ms/99.9%
[56.439s][info][gc,marking  ] GC(440) Mark: 8 stripe(s), 3 proactive flush(es), 1 terminate flush(es), 0 completion(s), 0 continuation(s) 
[56.439s][info][gc,marking  ] GC(440) Mark Stack Usage: 32M
[56.439s][info][gc,nmethod  ] GC(440) NMethods: 4818 registered, 697 unregistered
[56.439s][info][gc,metaspace] GC(440) Metaspace: 72M used, 73M committed, 1088M reserved
[56.439s][info][gc,ref      ] GC(440) Soft: 2442 encountered, 0 discovered, 0 enqueued
[56.439s][info][gc,ref      ] GC(440) Weak: 10790 encountered, 1087 discovered, 0 enqueued
[56.439s][info][gc,ref      ] GC(440) Final: 289 encountered, 23 discovered, 0 enqueued
[56.439s][info][gc,ref      ] GC(440) Phantom: 424 encountered, 264 discovered, 0 enqueued
[56.439s][info][gc,reloc    ] GC(440) Small Pages: 274 / 548M, Empty: 232M, Relocated: 6M, In-Place: 0
[56.439s][info][gc,reloc    ] GC(440) Medium Pages: 0 / 0M, Empty: 0M, Relocated: 0M, In-Place: 0
[56.439s][info][gc,reloc    ] GC(440) Large Pages: 0 / 0M, Empty: 0M, Relocated: 0M, In-Place: 0
[56.439s][info][gc,reloc    ] GC(440) Forwarding Usage: 3M
[56.439s][info][gc,heap     ] GC(440) Min Capacity: 8M(1%)
[56.439s][info][gc,heap     ] GC(440) Max Capacity: 1024M(100%)
[56.439s][info][gc,heap     ] GC(440) Soft Max Capacity: 1024M(100%)
[56.439s][info][gc,heap     ] GC(440)                Mark Start          Mark End        Relocate Start      Relocate End           High               Low         
[56.439s][info][gc,heap     ] GC(440)  Capacity:     1024M (100%)       1024M (100%)       1024M (100%)       1024M (100%)       1024M (100%)       1024M (100%)   
[56.439s][info][gc,heap     ] GC(440)      Free:      476M (46%)         370M (36%)         548M (54%)         776M (76%)         778M (76%)         358M (35%)    
[56.439s][info][gc,heap     ] GC(440)      Used:      548M (54%)         654M (64%)         476M (46%)         248M (24%)         666M (65%)         246M (24%)    
[56.439s][info][gc,heap     ] GC(440)      Live:         -                50M (5%)           50M (5%)           50M (5%)             -                  -          
[56.439s][info][gc,heap     ] GC(440) Allocated:         -               106M (10%)         160M (16%)         173M (17%)            -                  -          
[56.439s][info][gc,heap     ] GC(440)   Garbage:         -               497M (49%)         265M (26%)          24M (2%)             -                  -          
[56.439s][info][gc,heap     ] GC(440) Reclaimed:         -                  -               232M (23%)         473M (46%)            -                  -          
[56.439s][info][gc          ] GC(440) Garbage Collection (Allocation Rate) 548M(54%)->248M(24%)
[56.497s][info][gc,start    ] GC(441) Garbage Collection (Allocation Rate)
[56.497s][info][gc,task     ] GC(441) Using 10 workers
[56.497s][info][gc,phases   ] GC(441) Pause Mark Start 0.012ms
[56.519s][info][gc,phases   ] GC(441) Concurrent Mark 22.164ms
[56.520s][info][gc,phases   ] GC(441) Pause Mark End 0.033ms
[56.520s][info][gc,phases   ] GC(441) Concurrent Mark Free 0.001ms
[56.523s][info][gc,phases   ] GC(441) Concurrent Process Non-Strong References 2.503ms
[56.523s][info][gc,phases   ] GC(441) Concurrent Reset Relocation Set 0.038ms
[56.532s][info][gc,phases   ] GC(441) Concurrent Select Relocation Set 9.084ms
[56.532s][info][gc,phases   ] GC(441) Pause Relocate Start 0.009ms
[56.538s][info][gc,phases   ] GC(441) Concurrent Relocate 5.037ms
[56.538s][info][gc,load     ] GC(441) Load: 0.00/0.00/0.00
[56.538s][info][gc,mmu      ] GC(441) MMU: 2ms/95.9%, 5ms/98.4%, 10ms/99.2%, 20ms/99.6%, 50ms/99.8%, 100ms/99.9%
[56.538s][info][gc,marking  ] GC(441) Mark: 8 stripe(s), 2 proactive flush(es), 1 terminate flush(es), 0 completion(s), 0 continuation(s) 
[56.538s][info][gc,marking  ] GC(441) Mark Stack Usage: 32M
[56.538s][info][gc,nmethod  ] GC(441) NMethods: 4818 registered, 697 unregistered
[56.538s][info][gc,metaspace] GC(441) Metaspace: 72M used, 73M committed, 1088M reserved
[56.538s][info][gc,ref      ] GC(441) Soft: 2442 encountered, 0 discovered, 0 enqueued
[56.538s][info][gc,ref      ] GC(441) Weak: 10790 encountered, 1600 discovered, 0 enqueued
[56.538s][info][gc,ref      ] GC(441) Final: 289 encountered, 31 discovered, 0 enqueued
[56.538s][info][gc,ref      ] GC(441) Phantom: 424 encountered, 321 discovered, 0 enqueued
[56.538s][info][gc,reloc    ] GC(441) Small Pages: 269 / 538M, Empty: 230M, Relocated: 6M, In-Place: 0
[56.538s][info][gc,reloc    ] GC(441) Medium Pages: 0 / 0M, Empty: 0M, Relocated: 0M, In-Place: 0
[56.538s][info][gc,reloc    ] GC(441) Large Pages: 0 / 0M, Empty: 0M, Relocated: 0M, In-Place: 0
[56.538s][info][gc,reloc    ] GC(441) Forwarding Usage: 3M
[56.538s][info][gc,heap     ] GC(441) Min Capacity: 8M(1%)
[56.538s][info][gc,heap     ] GC(441) Max Capacity: 1024M(100%)
[56.538s][info][gc,heap     ] GC(441) Soft Max Capacity: 1024M(100%)
[56.538s][info][gc,heap     ] GC(441)                Mark Start          Mark End        Relocate Start      Relocate End           High               Low         
[56.539s][info][gc,heap     ] GC(441)  Capacity:     1024M (100%)       1024M (100%)       1024M (100%)       1024M (100%)       1024M (100%)       1024M (100%)   
[56.539s][info][gc,heap     ] GC(441)      Free:      486M (47%)         378M (37%)         550M (54%)         770M (75%)         774M (76%)         364M (36%)    
[56.539s][info][gc,heap     ] GC(441)      Used:      538M (53%)         646M (63%)         474M (46%)         254M (25%)         660M (64%)         250M (24%)    
[56.539s][info][gc,heap     ] GC(441)      Live:         -                50M (5%)           50M (5%)           50M (5%)             -                  -          
[56.539s][info][gc,heap     ] GC(441) Allocated:         -               108M (11%)         166M (16%)         179M (18%)            -                  -          
[56.539s][info][gc,heap     ] GC(441)   Garbage:         -               487M (48%)         257M (25%)          24M (2%)             -                  -          
[56.539s][info][gc,heap     ] GC(441) Reclaimed:         -                  -               230M (22%)         463M (45%)            -                  -          
[56.539s][info][gc          ] GC(441) Garbage Collection (Allocation Rate) 538M(53%)->254M(25%)
[56.596s][info][gc,start    ] GC(442) Garbage Collection (Allocation Rate)
[56.596s][info][gc,task     ] GC(442) Using 10 workers
[56.596s][info][gc,phases   ] GC(442) Pause Mark Start 0.011ms
[56.620s][info][gc,phases   ] GC(442) Concurrent Mark 23.061ms
[56.620s][info][gc,phases   ] GC(442) Pause Mark End 0.025ms
[56.621s][info][gc,phases   ] GC(442) Concurrent Mark Free 0.001ms
[56.623s][info][gc,phases   ] GC(442) Concurrent Process Non-Strong References 2.347ms
[56.623s][info][gc,phases   ] GC(442) Concurrent Reset Relocation Set 0.044ms
[56.630s][info][gc,phases   ] GC(442) Concurrent Select Relocation Set 6.312ms
[56.630s][info][gc,phases   ] GC(442) Pause Relocate Start 0.009ms
[56.635s][info][gc,phases   ] GC(442) Concurrent Relocate 5.165ms
[56.636s][info][gc,load     ] GC(442) Load: 0.00/0.00/0.00
[56.636s][info][gc,mmu      ] GC(442) MMU: 2ms/95.9%, 5ms/98.4%, 10ms/99.2%, 20ms/99.6%, 50ms/99.8%, 100ms/99.9%
[56.636s][info][gc,marking  ] GC(442) Mark: 8 stripe(s), 3 proactive flush(es), 1 terminate flush(es), 0 completion(s), 0 continuation(s) 
[56.636s][info][gc,marking  ] GC(442) Mark Stack Usage: 32M
[56.636s][info][gc,nmethod  ] GC(442) NMethods: 4818 registered, 697 unregistered
[56.636s][info][gc,metaspace] GC(442) Metaspace: 72M used, 73M committed, 1088M reserved
[56.636s][info][gc,ref      ] GC(442) Soft: 2442 encountered, 0 discovered, 0 enqueued
[56.636s][info][gc,ref      ] GC(442) Weak: 10790 encountered, 828 discovered, 0 enqueued
[56.636s][info][gc,ref      ] GC(442) Final: 289 encountered, 6 discovered, 0 enqueued
[56.636s][info][gc,ref      ] GC(442) Phantom: 424 encountered, 273 discovered, 0 enqueued
[56.636s][info][gc,reloc    ] GC(442) Small Pages: 271 / 542M, Empty: 212M, Relocated: 6M, In-Place: 0
[56.636s][info][gc,reloc    ] GC(442) Medium Pages: 0 / 0M, Empty: 0M, Relocated: 0M, In-Place: 0
[56.636s][info][gc,reloc    ] GC(442) Large Pages: 0 / 0M, Empty: 0M, Relocated: 0M, In-Place: 0
[56.636s][info][gc,reloc    ] GC(442) Forwarding Usage: 3M
[56.636s][info][gc,heap     ] GC(442) Min Capacity: 8M(1%)
[56.636s][info][gc,heap     ] GC(442) Max Capacity: 1024M(100%)
[56.636s][info][gc,heap     ] GC(442) Soft Max Capacity: 1024M(100%)
[56.636s][info][gc,heap     ] GC(442)                Mark Start          Mark End        Relocate Start      Relocate End           High               Low         
[56.636s][info][gc,heap     ] GC(442)  Capacity:     1024M (100%)       1024M (100%)       1024M (100%)       1024M (100%)       1024M (100%)       1024M (100%)   
[56.636s][info][gc,heap     ] GC(442)      Free:      482M (47%)         370M (36%)         540M (53%)         778M (76%)         786M (77%)         356M (35%)    
[56.636s][info][gc,heap     ] GC(442)      Used:      542M (53%)         654M (64%)         484M (47%)         246M (24%)         668M (65%)         238M (23%)    
[56.636s][info][gc,heap     ] GC(442)      Live:         -                49M (5%)           49M (5%)           49M (5%)             -                  -          
[56.636s][info][gc,heap     ] GC(442) Allocated:         -               112M (11%)         154M (15%)         171M (17%)            -                  -          
[56.636s][info][gc,heap     ] GC(442)   Garbage:         -               492M (48%)         280M (27%)          24M (2%)             -                  -          
[56.636s][info][gc,heap     ] GC(442) Reclaimed:         -                  -               212M (21%)         467M (46%)            -                  -          
[56.636s][info][gc          ] GC(442) Garbage Collection (Allocation Rate) 542M(53%)->246M(24%)
[56.696s][info][gc,start    ] GC(443) Garbage Collection (Allocation Rate)
[56.696s][info][gc,task     ] GC(443) Using 10 workers
[56.696s][info][gc,phases   ] GC(443) Pause Mark Start 0.011ms
[56.731s][info][gc,phases   ] GC(443) Concurrent Mark 34.811ms
[56.732s][info][gc,phases   ] GC(443) Pause Mark End 0.026ms
[56.732s][info][gc,phases   ] GC(443) Concurrent Mark Free 0.001ms
[56.734s][info][gc,phases   ] GC(443) Concurrent Process Non-Strong References 2.449ms
[56.734s][info][gc,phases   ] GC(443) Concurrent Reset Relocation Set 0.038ms
[56.746s][info][gc,phases   ] GC(443) Concurrent Select Relocation Set 11.277ms
[56.746s][info][gc,phases   ] GC(443) Pause Relocate Start 0.010ms
[56.754s][info][gc,phases   ] GC(443) Concurrent Relocate 7.079ms
[56.755s][info][gc,load     ] GC(443) Load: 0.00/0.00/0.00
[56.755s][info][gc,mmu      ] GC(443) MMU: 2ms/95.9%, 5ms/98.4%, 10ms/99.2%, 20ms/99.6%, 50ms/99.8%, 100ms/99.9%
[56.755s][info][gc,marking  ] GC(443) Mark: 8 stripe(s), 3 proactive flush(es), 1 terminate flush(es), 0 completion(s), 0 continuation(s) 
[56.755s][info][gc,marking  ] GC(443) Mark Stack Usage: 32M
[56.755s][info][gc,nmethod  ] GC(443) NMethods: 4819 registered, 697 unregistered
[56.755s][info][gc,metaspace] GC(443) Metaspace: 72M used, 73M committed, 1088M reserved
[56.755s][info][gc,ref      ] GC(443) Soft: 2442 encountered, 0 discovered, 0 enqueued
[56.755s][info][gc,ref      ] GC(443) Weak: 10790 encountered, 1270 discovered, 0 enqueued
[56.755s][info][gc,ref      ] GC(443) Final: 289 encountered, 18 discovered, 0 enqueued
[56.755s][info][gc,ref      ] GC(443) Phantom: 424 encountered, 286 discovered, 0 enqueued
[56.755s][info][gc,reloc    ] GC(443) Small Pages: 274 / 548M, Empty: 212M, Relocated: 6M, In-Place: 0
[56.755s][info][gc,reloc    ] GC(443) Medium Pages: 0 / 0M, Empty: 0M, Relocated: 0M, In-Place: 0
[56.755s][info][gc,reloc    ] GC(443) Large Pages: 0 / 0M, Empty: 0M, Relocated: 0M, In-Place: 0
[56.755s][info][gc,reloc    ] GC(443) Forwarding Usage: 3M
[56.755s][info][gc,heap     ] GC(443) Min Capacity: 8M(1%)
[56.755s][info][gc,heap     ] GC(443) Max Capacity: 1024M(100%)
[56.755s][info][gc,heap     ] GC(443) Soft Max Capacity: 1024M(100%)
[56.755s][info][gc,heap     ] GC(443)                Mark Start          Mark End        Relocate Start      Relocate End           High               Low         
[56.755s][info][gc,heap     ] GC(443)  Capacity:     1024M (100%)       1024M (100%)       1024M (100%)       1024M (100%)       1024M (100%)       1024M (100%)   
[56.755s][info][gc,heap     ] GC(443)      Free:      476M (46%)         308M (30%)         454M (44%)         688M (67%)         704M (69%)         296M (29%)    
[56.755s][info][gc,heap     ] GC(443)      Used:      548M (54%)         716M (70%)         570M (56%)         336M (33%)         728M (71%)         320M (31%)    
[56.755s][info][gc,heap     ] GC(443)      Live:         -                50M (5%)           50M (5%)           50M (5%)             -                  -          
[56.755s][info][gc,heap     ] GC(443) Allocated:         -               168M (16%)         234M (23%)         260M (25%)            -                  -          
[56.755s][info][gc,heap     ] GC(443)   Garbage:         -               497M (49%)         285M (28%)          25M (2%)             -                  -          
[56.755s][info][gc,heap     ] GC(443) Reclaimed:         -                  -               212M (21%)         472M (46%)            -                  -          
[56.755s][info][gc          ] GC(443) Garbage Collection (Allocation Rate) 548M(54%)->336M(33%)
[56.797s][info][gc,start    ] GC(444) Garbage Collection (Allocation Rate)
[56.797s][info][gc,task     ] GC(444) Using 10 workers
[56.797s][info][gc,phases   ] GC(444) Pause Mark Start 0.010ms
[56.820s][info][gc,phases   ] GC(444) Concurrent Mark 22.794ms
[56.820s][info][gc,phases   ] GC(444) Pause Mark End 0.023ms
[56.821s][info][gc,phases   ] GC(444) Concurrent Mark Free 0.001ms
[56.826s][info][gc,phases   ] GC(444) Concurrent Process Non-Strong References 4.566ms
[56.826s][info][gc,phases   ] GC(444) Concurrent Reset Relocation Set 0.040ms
[56.835s][info][gc,phases   ] GC(444) Concurrent Select Relocation Set 9.100ms
[56.835s][info][gc,phases   ] GC(444) Pause Relocate Start 0.009ms
[56.841s][info][gc,phases   ] GC(444) Concurrent Relocate 4.771ms
[56.841s][info][gc,load     ] GC(444) Load: 0.00/0.00/0.00
[56.841s][info][gc,mmu      ] GC(444) MMU: 2ms/95.9%, 5ms/98.4%, 10ms/99.2%, 20ms/99.6%, 50ms/99.8%, 100ms/99.9%
[56.841s][info][gc,marking  ] GC(444) Mark: 8 stripe(s), 3 proactive flush(es), 1 terminate flush(es), 0 completion(s), 0 continuation(s) 
[56.841s][info][gc,marking  ] GC(444) Mark Stack Usage: 32M
[56.841s][info][gc,nmethod  ] GC(444) NMethods: 4819 registered, 698 unregistered
[56.841s][info][gc,metaspace] GC(444) Metaspace: 72M used, 73M committed, 1088M reserved
[56.841s][info][gc,ref      ] GC(444) Soft: 2442 encountered, 0 discovered, 0 enqueued
[56.841s][info][gc,ref      ] GC(444) Weak: 10790 encountered, 1338 discovered, 0 enqueued
[56.841s][info][gc,ref      ] GC(444) Final: 289 encountered, 2 discovered, 0 enqueued
[56.841s][info][gc,ref      ] GC(444) Phantom: 424 encountered, 291 discovered, 0 enqueued
[56.841s][info][gc,reloc    ] GC(444) Small Pages: 272 / 544M, Empty: 162M, Relocated: 6M, In-Place: 0
[56.841s][info][gc,reloc    ] GC(444) Medium Pages: 0 / 0M, Empty: 0M, Relocated: 0M, In-Place: 0
[56.841s][info][gc,reloc    ] GC(444) Large Pages: 0 / 0M, Empty: 0M, Relocated: 0M, In-Place: 0
[56.841s][info][gc,reloc    ] GC(444) Forwarding Usage: 3M
[56.841s][info][gc,heap     ] GC(444) Min Capacity: 8M(1%)
[56.841s][info][gc,heap     ] GC(444) Max Capacity: 1024M(100%)
[56.841s][info][gc,heap     ] GC(444) Soft Max Capacity: 1024M(100%)
[56.841s][info][gc,heap     ] GC(444)                Mark Start          Mark End        Relocate Start      Relocate End           High               Low         
[56.841s][info][gc,heap     ] GC(444)  Capacity:     1024M (100%)       1024M (100%)       1024M (100%)       1024M (100%)       1024M (100%)       1024M (100%)   
[56.841s][info][gc,heap     ] GC(444)      Free:      480M (47%)         368M (36%)         460M (45%)         756M (74%)         760M (74%)         342M (33%)    
[56.841s][info][gc,heap     ] GC(444)      Used:      544M (53%)         656M (64%)         564M (55%)         268M (26%)         682M (67%)         264M (26%)    
[56.841s][info][gc,heap     ] GC(444)      Live:         -                50M (5%)           50M (5%)           50M (5%)             -                  -          
[56.841s][info][gc,heap     ] GC(444) Allocated:         -               112M (11%)         182M (18%)         193M (19%)            -                  -          
[56.841s][info][gc,heap     ] GC(444)   Garbage:         -               493M (48%)         331M (32%)          24M (2%)             -                  -          
[56.841s][info][gc,heap     ] GC(444) Reclaimed:         -                  -               162M (16%)         469M (46%)            -                  -          
[56.841s][info][gc          ] GC(444) Garbage Collection (Allocation Rate) 544M(53%)->268M(26%)
[56.896s][info][gc,start    ] GC(445) Garbage Collection (Allocation Rate)
[56.897s][info][gc,task     ] GC(445) Using 10 workers
[56.897s][info][gc,phases   ] GC(445) Pause Mark Start 0.010ms
[56.918s][info][gc,phases   ] GC(445) Concurrent Mark 21.184ms
[56.918s][info][gc,phases   ] GC(445) Pause Mark End 0.024ms
[56.921s][info][gc,phases   ] GC(445) Concurrent Mark Free 0.002ms
[56.923s][info][gc,phases   ] GC(445) Concurrent Process Non-Strong References 2.425ms
[56.923s][info][gc,phases   ] GC(445) Concurrent Reset Relocation Set 0.041ms
[56.933s][info][gc,phases   ] GC(445) Concurrent Select Relocation Set 9.541ms
[56.933s][info][gc,phases   ] GC(445) Pause Relocate Start 0.009ms
[56.938s][info][gc,phases   ] GC(445) Concurrent Relocate 4.874ms
[56.938s][info][gc,load     ] GC(445) Load: 0.00/0.00/0.00
[56.939s][info][gc,mmu      ] GC(445) MMU: 2ms/95.9%, 5ms/98.4%, 10ms/99.2%, 20ms/99.6%, 50ms/99.8%, 100ms/99.9%
[56.939s][info][gc,marking  ] GC(445) Mark: 8 stripe(s), 4 proactive flush(es), 1 terminate flush(es), 0 completion(s), 0 continuation(s) 
[56.939s][info][gc,marking  ] GC(445) Mark Stack Usage: 32M
[56.939s][info][gc,nmethod  ] GC(445) NMethods: 4818 registered, 699 unregistered
[56.939s][info][gc,metaspace] GC(445) Metaspace: 72M used, 73M committed, 1088M reserved
[56.939s][info][gc,ref      ] GC(445) Soft: 2442 encountered, 0 discovered, 0 enqueued
[56.939s][info][gc,ref      ] GC(445) Weak: 10790 encountered, 1222 discovered, 0 enqueued
[56.939s][info][gc,ref      ] GC(445) Final: 289 encountered, 15 discovered, 0 enqueued
[56.939s][info][gc,ref      ] GC(445) Phantom: 424 encountered, 304 discovered, 0 enqueued
[56.939s][info][gc,reloc    ] GC(445) Small Pages: 274 / 548M, Empty: 210M, Relocated: 6M, In-Place: 0
[56.939s][info][gc,reloc    ] GC(445) Medium Pages: 0 / 0M, Empty: 0M, Relocated: 0M, In-Place: 0
[56.939s][info][gc,reloc    ] GC(445) Large Pages: 0 / 0M, Empty: 0M, Relocated: 0M, In-Place: 0
[56.939s][info][gc,reloc    ] GC(445) Forwarding Usage: 3M
[56.939s][info][gc,heap     ] GC(445) Min Capacity: 8M(1%)
[56.939s][info][gc,heap     ] GC(445) Max Capacity: 1024M(100%)
[56.939s][info][gc,heap     ] GC(445) Soft Max Capacity: 1024M(100%)
[56.939s][info][gc,heap     ] GC(445)                Mark Start          Mark End        Relocate Start      Relocate End           High               Low         
[56.939s][info][gc,heap     ] GC(445)  Capacity:     1024M (100%)       1024M (100%)       1024M (100%)       1024M (100%)       1024M (100%)       1024M (100%)   
[56.939s][info][gc,heap     ] GC(445)      Free:      476M (46%)         372M (36%)         520M (51%)         766M (75%)         774M (76%)         352M (34%)    
[56.939s][info][gc,heap     ] GC(445)      Used:      548M (54%)         652M (64%)         504M (49%)         258M (25%)         672M (66%)         250M (24%)    
[56.939s][info][gc,heap     ] GC(445)      Live:         -                50M (5%)           50M (5%)           50M (5%)             -                  -          
[56.939s][info][gc,heap     ] GC(445) Allocated:         -               104M (10%)         166M (16%)         183M (18%)            -                  -          
[56.939s][info][gc,heap     ] GC(445)   Garbage:         -               497M (49%)         287M (28%)          24M (2%)             -                  -          
[56.939s][info][gc,heap     ] GC(445) Reclaimed:         -                  -               210M (21%)         473M (46%)            -                  -          
[56.939s][info][gc          ] GC(445) Garbage Collection (Allocation Rate) 548M(54%)->258M(25%)
[56.996s][info][gc,start    ] GC(446) Garbage Collection (Allocation Rate)
[56.996s][info][gc,task     ] GC(446) Using 10 workers
[56.996s][info][gc,phases   ] GC(446) Pause Mark Start 0.015ms
[57.018s][info][gc,phases   ] GC(446) Concurrent Mark 21.502ms
[57.018s][info][gc,phases   ] GC(446) Pause Mark End 0.028ms
[57.019s][info][gc,phases   ] GC(446) Concurrent Mark Free 0.001ms
[57.022s][info][gc,phases   ] GC(446) Concurrent Process Non-Strong References 2.977ms
[57.022s][info][gc,phases   ] GC(446) Concurrent Reset Relocation Set 0.046ms
[57.031s][info][gc,phases   ] GC(446) Concurrent Select Relocation Set 9.486ms
[57.032s][info][gc,phases   ] GC(446) Pause Relocate Start 0.009ms
[57.037s][info][gc,phases   ] GC(446) Concurrent Relocate 5.480ms
[57.038s][info][gc,load     ] GC(446) Load: 0.00/0.00/0.00
[57.038s][info][gc,mmu      ] GC(446) MMU: 2ms/95.9%, 5ms/98.4%, 10ms/99.2%, 20ms/99.6%, 50ms/99.8%, 100ms/99.9%
[57.038s][info][gc,marking  ] GC(446) Mark: 8 stripe(s), 2 proactive flush(es), 1 terminate flush(es), 0 completion(s), 0 continuation(s) 
[57.038s][info][gc,marking  ] GC(446) Mark Stack Usage: 32M
[57.038s][info][gc,nmethod  ] GC(446) NMethods: 4818 registered, 699 unregistered
[57.038s][info][gc,metaspace] GC(446) Metaspace: 72M used, 73M committed, 1088M reserved
[57.038s][info][gc,ref      ] GC(446) Soft: 2442 encountered, 0 discovered, 0 enqueued
[57.038s][info][gc,ref      ] GC(446) Weak: 10790 encountered, 1384 discovered, 0 enqueued
[57.038s][info][gc,ref      ] GC(446) Final: 289 encountered, 41 discovered, 0 enqueued
[57.038s][info][gc,ref      ] GC(446) Phantom: 424 encountered, 325 discovered, 0 enqueued
[57.038s][info][gc,reloc    ] GC(446) Small Pages: 271 / 542M, Empty: 220M, Relocated: 6M, In-Place: 0
[57.038s][info][gc,reloc    ] GC(446) Medium Pages: 0 / 0M, Empty: 0M, Relocated: 0M, In-Place: 0
[57.038s][info][gc,reloc    ] GC(446) Large Pages: 0 / 0M, Empty: 0M, Relocated: 0M, In-Place: 0
[57.038s][info][gc,reloc    ] GC(446) Forwarding Usage: 3M
[57.038s][info][gc,heap     ] GC(446) Min Capacity: 8M(1%)
[57.038s][info][gc,heap     ] GC(446) Max Capacity: 1024M(100%)
[57.038s][info][gc,heap     ] GC(446) Soft Max Capacity: 1024M(100%)
[57.038s][info][gc,heap     ] GC(446)                Mark Start          Mark End        Relocate Start      Relocate End           High               Low         
[57.038s][info][gc,heap     ] GC(446)  Capacity:     1024M (100%)       1024M (100%)       1024M (100%)       1024M (100%)       1024M (100%)       1024M (100%)   
[57.038s][info][gc,heap     ] GC(446)      Free:      482M (47%)         376M (37%)         536M (52%)         768M (75%)         776M (76%)         362M (35%)    
[57.038s][info][gc,heap     ] GC(446)      Used:      542M (53%)         648M (63%)         488M (48%)         256M (25%)         662M (65%)         248M (24%)    
[57.038s][info][gc,heap     ] GC(446)      Live:         -                50M (5%)           50M (5%)           50M (5%)             -                  -          
[57.038s][info][gc,heap     ] GC(446) Allocated:         -               106M (10%)         166M (16%)         181M (18%)            -                  -          
[57.038s][info][gc,heap     ] GC(446)   Garbage:         -               491M (48%)         271M (27%)          24M (2%)             -                  -          
[57.038s][info][gc,heap     ] GC(446) Reclaimed:         -                  -               220M (21%)         467M (46%)            -                  -          
[57.038s][info][gc          ] GC(446) Garbage Collection (Allocation Rate) 542M(53%)->256M(25%)
[57.096s][info][gc,start    ] GC(447) Garbage Collection (Allocation Rate)
[57.096s][info][gc,task     ] GC(447) Using 10 workers
[57.096s][info][gc,phases   ] GC(447) Pause Mark Start 0.010ms
[57.120s][info][gc,phases   ] GC(447) Concurrent Mark 23.383ms
[57.120s][info][gc,phases   ] GC(447) Pause Mark End 0.025ms
[57.121s][info][gc,phases   ] GC(447) Concurrent Mark Free 0.002ms
[57.124s][info][gc,phases   ] GC(447) Concurrent Process Non-Strong References 2.486ms
[57.124s][info][gc,phases   ] GC(447) Concurrent Reset Relocation Set 0.036ms
[57.129s][info][gc,phases   ] GC(447) Concurrent Select Relocation Set 5.066ms
[57.129s][info][gc,phases   ] GC(447) Pause Relocate Start 0.009ms
[57.136s][info][gc,phases   ] GC(447) Concurrent Relocate 6.560ms
[57.136s][info][gc,load     ] GC(447) Load: 0.00/0.00/0.00
[57.136s][info][gc,mmu      ] GC(447) MMU: 2ms/95.9%, 5ms/98.4%, 10ms/99.2%, 20ms/99.6%, 50ms/99.8%, 100ms/99.9%
[57.136s][info][gc,marking  ] GC(447) Mark: 8 stripe(s), 3 proactive flush(es), 1 terminate flush(es), 0 completion(s), 0 continuation(s) 
[57.136s][info][gc,marking  ] GC(447) Mark Stack Usage: 32M
[57.136s][info][gc,nmethod  ] GC(447) NMethods: 4818 registered, 699 unregistered
[57.136s][info][gc,metaspace] GC(447) Metaspace: 72M used, 73M committed, 1088M reserved
[57.136s][info][gc,ref      ] GC(447) Soft: 2442 encountered, 0 discovered, 0 enqueued
[57.136s][info][gc,ref      ] GC(447) Weak: 10790 encountered, 1241 discovered, 0 enqueued
[57.136s][info][gc,ref      ] GC(447) Final: 289 encountered, 3 discovered, 0 enqueued
[57.136s][info][gc,ref      ] GC(447) Phantom: 424 encountered, 330 discovered, 0 enqueued
[57.136s][info][gc,reloc    ] GC(447) Small Pages: 274 / 548M, Empty: 226M, Relocated: 6M, In-Place: 0
[57.136s][info][gc,reloc    ] GC(447) Medium Pages: 0 / 0M, Empty: 0M, Relocated: 0M, In-Place: 0
[57.136s][info][gc,reloc    ] GC(447) Large Pages: 0 / 0M, Empty: 0M, Relocated: 0M, In-Place: 0
[57.136s][info][gc,reloc    ] GC(447) Forwarding Usage: 3M
[57.136s][info][gc,heap     ] GC(447) Min Capacity: 8M(1%)
[57.136s][info][gc,heap     ] GC(447) Max Capacity: 1024M(100%)
[57.136s][info][gc,heap     ] GC(447) Soft Max Capacity: 1024M(100%)
[57.136s][info][gc,heap     ] GC(447)                Mark Start          Mark End        Relocate Start      Relocate End           High               Low         
[57.136s][info][gc,heap     ] GC(447)  Capacity:     1024M (100%)       1024M (100%)       1024M (100%)       1024M (100%)       1024M (100%)       1024M (100%)   
[57.136s][info][gc,heap     ] GC(447)      Free:      476M (46%)         362M (35%)         550M (54%)         776M (76%)         788M (77%)         348M (34%)    
[57.136s][info][gc,heap     ] GC(447)      Used:      548M (54%)         662M (65%)         474M (46%)         248M (24%)         676M (66%)         236M (23%)    
[57.136s][info][gc,heap     ] GC(447)      Live:         -                50M (5%)           50M (5%)           50M (5%)             -                  -          
[57.136s][info][gc,heap     ] GC(447) Allocated:         -               114M (11%)         152M (15%)         173M (17%)            -                  -          
[57.136s][info][gc,heap     ] GC(447)   Garbage:         -               497M (49%)         271M (27%)          24M (2%)             -                  -          
[57.137s][info][gc,heap     ] GC(447) Reclaimed:         -                  -               226M (22%)         473M (46%)            -                  -          
[57.137s][info][gc          ] GC(447) Garbage Collection (Allocation Rate) 548M(54%)->248M(24%)
[57.197s][info][gc,start    ] GC(448) Garbage Collection (Allocation Rate)
[57.197s][info][gc,task     ] GC(448) Using 10 workers
[57.197s][info][gc,phases   ] GC(448) Pause Mark Start 0.010ms
[57.223s][info][gc,phases   ] GC(448) Concurrent Mark 25.583ms
[57.223s][info][gc,phases   ] GC(448) Pause Mark End 0.024ms
[57.224s][info][gc,phases   ] GC(448) Concurrent Mark Free 0.002ms
[57.227s][info][gc,phases   ] GC(448) Concurrent Process Non-Strong References 2.469ms
[57.227s][info][gc,phases   ] GC(448) Concurrent Reset Relocation Set 0.040ms
[57.237s][info][gc,phases   ] GC(448) Concurrent Select Relocation Set 9.644ms
[57.237s][info][gc,phases   ] GC(448) Pause Relocate Start 0.009ms
[57.243s][info][gc,phases   ] GC(448) Concurrent Relocate 5.888ms
[57.243s][info][gc,load     ] GC(448) Load: 0.00/0.00/0.00
[57.243s][info][gc,mmu      ] GC(448) MMU: 2ms/95.9%, 5ms/98.4%, 10ms/99.2%, 20ms/99.6%, 50ms/99.8%, 100ms/99.9%
[57.243s][info][gc,marking  ] GC(448) Mark: 8 stripe(s), 3 proactive flush(es), 2 terminate flush(es), 0 completion(s), 0 continuation(s) 
[57.243s][info][gc,marking  ] GC(448) Mark Stack Usage: 32M
[57.243s][info][gc,nmethod  ] GC(448) NMethods: 4818 registered, 699 unregistered
[57.243s][info][gc,metaspace] GC(448) Metaspace: 72M used, 73M committed, 1088M reserved
[57.243s][info][gc,ref      ] GC(448) Soft: 2442 encountered, 0 discovered, 0 enqueued
[57.243s][info][gc,ref      ] GC(448) Weak: 10790 encountered, 1381 discovered, 0 enqueued
[57.243s][info][gc,ref      ] GC(448) Final: 289 encountered, 15 discovered, 0 enqueued
[57.243s][info][gc,ref      ] GC(448) Phantom: 424 encountered, 270 discovered, 0 enqueued
[57.243s][info][gc,reloc    ] GC(448) Small Pages: 275 / 550M, Empty: 226M, Relocated: 6M, In-Place: 0
[57.243s][info][gc,reloc    ] GC(448) Medium Pages: 0 / 0M, Empty: 0M, Relocated: 0M, In-Place: 0
[57.243s][info][gc,reloc    ] GC(448) Large Pages: 0 / 0M, Empty: 0M, Relocated: 0M, In-Place: 0
[57.243s][info][gc,reloc    ] GC(448) Forwarding Usage: 3M
[57.243s][info][gc,heap     ] GC(448) Min Capacity: 8M(1%)
[57.243s][info][gc,heap     ] GC(448) Max Capacity: 1024M(100%)
[57.243s][info][gc,heap     ] GC(448) Soft Max Capacity: 1024M(100%)
[57.243s][info][gc,heap     ] GC(448)                Mark Start          Mark End        Relocate Start      Relocate End           High               Low         
[57.243s][info][gc,heap     ] GC(448)  Capacity:     1024M (100%)       1024M (100%)       1024M (100%)       1024M (100%)       1024M (100%)       1024M (100%)   
[57.243s][info][gc,heap     ] GC(448)      Free:      474M (46%)         354M (35%)         518M (51%)         750M (73%)         762M (74%)         338M (33%)    
[57.243s][info][gc,heap     ] GC(448)      Used:      550M (54%)         670M (65%)         506M (49%)         274M (27%)         686M (67%)         262M (26%)    
[57.243s][info][gc,heap     ] GC(448)      Live:         -                50M (5%)           50M (5%)           50M (5%)             -                  -          
[57.243s][info][gc,heap     ] GC(448) Allocated:         -               120M (12%)         182M (18%)         199M (19%)            -                  -          
[57.243s][info][gc,heap     ] GC(448)   Garbage:         -               499M (49%)         273M (27%)          24M (2%)             -                  -          
[57.243s][info][gc,heap     ] GC(448) Reclaimed:         -                  -               226M (22%)         475M (46%)            -                  -          
[57.243s][info][gc          ] GC(448) Garbage Collection (Allocation Rate) 550M(54%)->274M(27%)
[57.296s][info][gc,start    ] GC(449) Garbage Collection (Allocation Rate)
[57.296s][info][gc,task     ] GC(449) Using 10 workers
[57.296s][info][gc,phases   ] GC(449) Pause Mark Start 0.011ms
[57.320s][info][gc,phases   ] GC(449) Concurrent Mark 23.210ms
[57.320s][info][gc,phases   ] GC(449) Pause Mark End 0.027ms
[57.321s][info][gc,phases   ] GC(449) Concurrent Mark Free 0.001ms
[57.324s][info][gc,phases   ] GC(449) Concurrent Process Non-Strong References 2.391ms
[57.324s][info][gc,phases   ] GC(449) Concurrent Reset Relocation Set 0.037ms
[57.334s][info][gc,phases   ] GC(449) Concurrent Select Relocation Set 9.901ms
[57.334s][info][gc,phases   ] GC(449) Pause Relocate Start 0.010ms
[57.341s][info][gc,phases   ] GC(449) Concurrent Relocate 6.325ms
[57.341s][info][gc,load     ] GC(449) Load: 0.00/0.00/0.00
[57.341s][info][gc,mmu      ] GC(449) MMU: 2ms/95.9%, 5ms/98.4%, 10ms/99.2%, 20ms/99.6%, 50ms/99.8%, 100ms/99.9%
[57.341s][info][gc,marking  ] GC(449) Mark: 8 stripe(s), 3 proactive flush(es), 1 terminate flush(es), 0 completion(s), 0 continuation(s) 
[57.341s][info][gc,marking  ] GC(449) Mark Stack Usage: 32M
[57.341s][info][gc,nmethod  ] GC(449) NMethods: 4818 registered, 699 unregistered
[57.341s][info][gc,metaspace] GC(449) Metaspace: 72M used, 73M committed, 1088M reserved
[57.341s][info][gc,ref      ] GC(449) Soft: 2442 encountered, 0 discovered, 0 enqueued
[57.341s][info][gc,ref      ] GC(449) Weak: 10790 encountered, 1481 discovered, 0 enqueued
[57.341s][info][gc,ref      ] GC(449) Final: 289 encountered, 3 discovered, 0 enqueued
[57.341s][info][gc,ref      ] GC(449) Phantom: 424 encountered, 250 discovered, 0 enqueued
[57.341s][info][gc,reloc    ] GC(449) Small Pages: 269 / 538M, Empty: 220M, Relocated: 6M, In-Place: 0
[57.341s][info][gc,reloc    ] GC(449) Medium Pages: 0 / 0M, Empty: 0M, Relocated: 0M, In-Place: 0
[57.341s][info][gc,reloc    ] GC(449) Large Pages: 0 / 0M, Empty: 0M, Relocated: 0M, In-Place: 0
[57.341s][info][gc,reloc    ] GC(449) Forwarding Usage: 3M
[57.341s][info][gc,heap     ] GC(449) Min Capacity: 8M(1%)
[57.341s][info][gc,heap     ] GC(449) Max Capacity: 1024M(100%)
[57.341s][info][gc,heap     ] GC(449) Soft Max Capacity: 1024M(100%)
[57.341s][info][gc,heap     ] GC(449)                Mark Start          Mark End        Relocate Start      Relocate End           High               Low         
[57.341s][info][gc,heap     ] GC(449)  Capacity:     1024M (100%)       1024M (100%)       1024M (100%)       1024M (100%)       1024M (100%)       1024M (100%)   
[57.341s][info][gc,heap     ] GC(449)      Free:      486M (47%)         376M (37%)         534M (52%)         758M (74%)         766M (75%)         362M (35%)    
[57.341s][info][gc,heap     ] GC(449)      Used:      538M (53%)         648M (63%)         490M (48%)         266M (26%)         662M (65%)         258M (25%)    
[57.341s][info][gc,heap     ] GC(449)      Live:         -                49M (5%)           49M (5%)           49M (5%)             -                  -          
[57.341s][info][gc,heap     ] GC(449) Allocated:         -               110M (11%)         172M (17%)         191M (19%)            -                  -          
[57.342s][info][gc,heap     ] GC(449)   Garbage:         -               488M (48%)         268M (26%)          24M (2%)             -                  -          
[57.342s][info][gc,heap     ] GC(449) Reclaimed:         -                  -               220M (21%)         463M (45%)            -                  -          
[57.342s][info][gc          ] GC(449) Garbage Collection (Allocation Rate) 538M(53%)->266M(26%)
[57.396s][info][gc,start    ] GC(450) Garbage Collection (Allocation Rate)
[57.396s][info][gc,task     ] GC(450) Using 10 workers
[57.396s][info][gc,phases   ] GC(450) Pause Mark Start 0.011ms
[57.418s][info][gc,phases   ] GC(450) Concurrent Mark 21.137ms
[57.418s][info][gc,phases   ] GC(450) Pause Mark End 0.031ms
[57.418s][info][gc,phases   ] GC(450) Concurrent Mark Free 0.002ms
[57.421s][info][gc,phases   ] GC(450) Concurrent Process Non-Strong References 2.301ms
[57.421s][info][gc,phases   ] GC(450) Concurrent Reset Relocation Set 0.031ms
[57.426s][info][gc,phases   ] GC(450) Concurrent Select Relocation Set 4.882ms
[57.426s][info][gc,phases   ] GC(450) Pause Relocate Start 0.009ms
[57.431s][info][gc,phases   ] GC(450) Concurrent Relocate 4.780ms
[57.431s][info][gc,load     ] GC(450) Load: 0.00/0.00/0.00
[57.431s][info][gc,mmu      ] GC(450) MMU: 2ms/95.9%, 5ms/98.4%, 10ms/99.2%, 20ms/99.6%, 50ms/99.8%, 100ms/99.9%
[57.431s][info][gc,marking  ] GC(450) Mark: 8 stripe(s), 3 proactive flush(es), 1 terminate flush(es), 0 completion(s), 0 continuation(s) 
[57.431s][info][gc,marking  ] GC(450) Mark Stack Usage: 32M
[57.431s][info][gc,nmethod  ] GC(450) NMethods: 4818 registered, 699 unregistered
[57.431s][info][gc,metaspace] GC(450) Metaspace: 72M used, 73M committed, 1088M reserved
[57.431s][info][gc,ref      ] GC(450) Soft: 2442 encountered, 0 discovered, 0 enqueued
[57.432s][info][gc,ref      ] GC(450) Weak: 10790 encountered, 1130 discovered, 0 enqueued
[57.432s][info][gc,ref      ] GC(450) Final: 289 encountered, 16 discovered, 0 enqueued
[57.432s][info][gc,ref      ] GC(450) Phantom: 424 encountered, 275 discovered, 0 enqueued
[57.432s][info][gc,reloc    ] GC(450) Small Pages: 270 / 540M, Empty: 200M, Relocated: 6M, In-Place: 0
[57.432s][info][gc,reloc    ] GC(450) Medium Pages: 0 / 0M, Empty: 0M, Relocated: 0M, In-Place: 0
[57.432s][info][gc,reloc    ] GC(450) Large Pages: 0 / 0M, Empty: 0M, Relocated: 0M, In-Place: 0
[57.432s][info][gc,reloc    ] GC(450) Forwarding Usage: 3M
[57.432s][info][gc,heap     ] GC(450) Min Capacity: 8M(1%)
[57.432s][info][gc,heap     ] GC(450) Max Capacity: 1024M(100%)
[57.432s][info][gc,heap     ] GC(450) Soft Max Capacity: 1024M(100%)
[57.432s][info][gc,heap     ] GC(450)                Mark Start          Mark End        Relocate Start      Relocate End           High               Low         
[57.432s][info][gc,heap     ] GC(450)  Capacity:     1024M (100%)       1024M (100%)       1024M (100%)       1024M (100%)       1024M (100%)       1024M (100%)   
[57.432s][info][gc,heap     ] GC(450)      Free:      484M (47%)         382M (37%)         548M (54%)         800M (78%)         802M (78%)         370M (36%)    
[57.432s][info][gc,heap     ] GC(450)      Used:      540M (53%)         642M (63%)         476M (46%)         224M (22%)         654M (64%)         222M (22%)    
[57.432s][info][gc,heap     ] GC(450)      Live:         -                50M (5%)           50M (5%)           50M (5%)             -                  -          
[57.432s][info][gc,heap     ] GC(450) Allocated:         -               102M (10%)         136M (13%)         149M (15%)            -                  -          
[57.432s][info][gc,heap     ] GC(450)   Garbage:         -               489M (48%)         289M (28%)          24M (2%)             -                  -          
[57.432s][info][gc,heap     ] GC(450) Reclaimed:         -                  -               200M (20%)         465M (45%)            -                  -          
[57.432s][info][gc          ] GC(450) Garbage Collection (Allocation Rate) 540M(53%)->224M(22%)
[57.496s][info][gc,start    ] GC(451) Garbage Collection (Allocation Rate)
[57.496s][info][gc,task     ] GC(451) Using 10 workers
[57.496s][info][gc,phases   ] GC(451) Pause Mark Start 0.010ms
[57.517s][info][gc,phases   ] GC(451) Concurrent Mark 20.010ms
[57.517s][info][gc,phases   ] GC(451) Pause Mark End 0.031ms
[57.518s][info][gc,phases   ] GC(451) Concurrent Mark Free 0.001ms
[57.520s][info][gc,phases   ] GC(451) Concurrent Process Non-Strong References 2.361ms
[57.521s][info][gc,phases   ] GC(451) Concurrent Reset Relocation Set 0.050ms
[57.532s][info][gc,phases   ] GC(451) Concurrent Select Relocation Set 11.658ms
[57.532s][info][gc,phases   ] GC(451) Pause Relocate Start 0.009ms
[57.538s][info][gc,phases   ] GC(451) Concurrent Relocate 5.054ms
[57.538s][info][gc,load     ] GC(451) Load: 0.00/0.00/0.00
[57.538s][info][gc,mmu      ] GC(451) MMU: 2ms/95.9%, 5ms/98.4%, 10ms/99.2%, 20ms/99.6%, 50ms/99.8%, 100ms/99.9%
[57.539s][info][gc,marking  ] GC(451) Mark: 8 stripe(s), 3 proactive flush(es), 1 terminate flush(es), 0 completion(s), 0 continuation(s) 
[57.539s][info][gc,marking  ] GC(451) Mark Stack Usage: 32M
[57.539s][info][gc,nmethod  ] GC(451) NMethods: 4818 registered, 699 unregistered
[57.539s][info][gc,metaspace] GC(451) Metaspace: 72M used, 73M committed, 1088M reserved
[57.539s][info][gc,ref      ] GC(451) Soft: 2442 encountered, 0 discovered, 0 enqueued
[57.539s][info][gc,ref      ] GC(451) Weak: 10790 encountered, 1076 discovered, 0 enqueued
[57.539s][info][gc,ref      ] GC(451) Final: 289 encountered, 7 discovered, 0 enqueued
[57.539s][info][gc,ref      ] GC(451) Phantom: 424 encountered, 290 discovered, 0 enqueued
[57.539s][info][gc,reloc    ] GC(451) Small Pages: 275 / 550M, Empty: 222M, Relocated: 6M, In-Place: 0
[57.539s][info][gc,reloc    ] GC(451) Medium Pages: 0 / 0M, Empty: 0M, Relocated: 0M, In-Place: 0
[57.539s][info][gc,reloc    ] GC(451) Large Pages: 0 / 0M, Empty: 0M, Relocated: 0M, In-Place: 0
[57.539s][info][gc,reloc    ] GC(451) Forwarding Usage: 3M
[57.539s][info][gc,heap     ] GC(451) Min Capacity: 8M(1%)
[57.539s][info][gc,heap     ] GC(451) Max Capacity: 1024M(100%)
[57.539s][info][gc,heap     ] GC(451) Soft Max Capacity: 1024M(100%)
[57.539s][info][gc,heap     ] GC(451)                Mark Start          Mark End        Relocate Start      Relocate End           High               Low         
[57.539s][info][gc,heap     ] GC(451)  Capacity:     1024M (100%)       1024M (100%)       1024M (100%)       1024M (100%)       1024M (100%)       1024M (100%)   
[57.539s][info][gc,heap     ] GC(451)      Free:      474M (46%)         374M (37%)         530M (52%)         766M (75%)         772M (75%)         360M (35%)    
[57.539s][info][gc,heap     ] GC(451)      Used:      550M (54%)         650M (63%)         494M (48%)         258M (25%)         664M (65%)         252M (25%)    
[57.539s][info][gc,heap     ] GC(451)      Live:         -                50M (5%)           50M (5%)           50M (5%)             -                  -          
[57.539s][info][gc,heap     ] GC(451) Allocated:         -               100M (10%)         166M (16%)         183M (18%)            -                  -          
[57.539s][info][gc,heap     ] GC(451)   Garbage:         -               499M (49%)         277M (27%)          24M (2%)             -                  -          
[57.539s][info][gc,heap     ] GC(451) Reclaimed:         -                  -               222M (22%)         475M (46%)            -                  -          
[57.539s][info][gc          ] GC(451) Garbage Collection (Allocation Rate) 550M(54%)->258M(25%)
[57.596s][info][gc,start    ] GC(452) Garbage Collection (Allocation Rate)
[57.596s][info][gc,task     ] GC(452) Using 10 workers
[57.597s][info][gc,phases   ] GC(452) Pause Mark Start 0.012ms
[57.617s][info][gc,phases   ] GC(452) Concurrent Mark 19.811ms
[57.617s][info][gc,phases   ] GC(452) Pause Mark End 0.025ms
[57.618s][info][gc,phases   ] GC(452) Concurrent Mark Free 0.001ms
[57.621s][info][gc,phases   ] GC(452) Concurrent Process Non-Strong References 2.569ms
[57.621s][info][gc,phases   ] GC(452) Concurrent Reset Relocation Set 0.041ms
[57.627s][info][gc,phases   ] GC(452) Concurrent Select Relocation Set 6.346ms
[57.627s][info][gc,phases   ] GC(452) Pause Relocate Start 0.011ms
[57.632s][info][gc,phases   ] GC(452) Concurrent Relocate 4.436ms
[57.632s][info][gc,load     ] GC(452) Load: 0.00/0.00/0.00
[57.632s][info][gc,mmu      ] GC(452) MMU: 2ms/95.9%, 5ms/98.4%, 10ms/99.2%, 20ms/99.6%, 50ms/99.8%, 100ms/99.9%
[57.632s][info][gc,marking  ] GC(452) Mark: 8 stripe(s), 4 proactive flush(es), 1 terminate flush(es), 0 completion(s), 0 continuation(s) 
[57.632s][info][gc,marking  ] GC(452) Mark Stack Usage: 32M
[57.632s][info][gc,nmethod  ] GC(452) NMethods: 4818 registered, 699 unregistered
[57.632s][info][gc,metaspace] GC(452) Metaspace: 72M used, 73M committed, 1088M reserved
[57.632s][info][gc,ref      ] GC(452) Soft: 2442 encountered, 0 discovered, 0 enqueued
[57.632s][info][gc,ref      ] GC(452) Weak: 10790 encountered, 1227 discovered, 0 enqueued
[57.632s][info][gc,ref      ] GC(452) Final: 289 encountered, 49 discovered, 0 enqueued
[57.632s][info][gc,ref      ] GC(452) Phantom: 424 encountered, 296 discovered, 0 enqueued
[57.632s][info][gc,reloc    ] GC(452) Small Pages: 274 / 548M, Empty: 220M, Relocated: 6M, In-Place: 0
[57.632s][info][gc,reloc    ] GC(452) Medium Pages: 0 / 0M, Empty: 0M, Relocated: 0M, In-Place: 0
[57.632s][info][gc,reloc    ] GC(452) Large Pages: 0 / 0M, Empty: 0M, Relocated: 0M, In-Place: 0
[57.632s][info][gc,reloc    ] GC(452) Forwarding Usage: 3M
[57.632s][info][gc,heap     ] GC(452) Min Capacity: 8M(1%)
[57.632s][info][gc,heap     ] GC(452) Max Capacity: 1024M(100%)
[57.632s][info][gc,heap     ] GC(452) Soft Max Capacity: 1024M(100%)
[57.632s][info][gc,heap     ] GC(452)                Mark Start          Mark End        Relocate Start      Relocate End           High               Low         
[57.632s][info][gc,heap     ] GC(452)  Capacity:     1024M (100%)       1024M (100%)       1024M (100%)       1024M (100%)       1024M (100%)       1024M (100%)   
[57.632s][info][gc,heap     ] GC(452)      Free:      476M (46%)         378M (37%)         556M (54%)         800M (78%)         802M (78%)         364M (36%)    
[57.632s][info][gc,heap     ] GC(452)      Used:      548M (54%)         646M (63%)         468M (46%)         224M (22%)         660M (64%)         222M (22%)    
[57.632s][info][gc,heap     ] GC(452)      Live:         -                50M (5%)           50M (5%)           50M (5%)             -                  -          
[57.632s][info][gc,heap     ] GC(452) Allocated:         -                98M (10%)         140M (14%)         149M (15%)            -                  -          
[57.632s][info][gc,heap     ] GC(452)   Garbage:         -               497M (49%)         277M (27%)          24M (2%)             -                  -          
[57.632s][info][gc,heap     ] GC(452) Reclaimed:         -                  -               220M (21%)         473M (46%)            -                  -          
[57.633s][info][gc          ] GC(452) Garbage Collection (Allocation Rate) 548M(54%)->224M(22%)
[57.696s][info][gc,start    ] GC(453) Garbage Collection (Allocation Rate)
[57.696s][info][gc,task     ] GC(453) Using 10 workers
[57.696s][info][gc,phases   ] GC(453) Pause Mark Start 0.011ms
[57.717s][info][gc,phases   ] GC(453) Concurrent Mark 20.372ms
[57.717s][info][gc,phases   ] GC(453) Pause Mark End 0.029ms
[57.719s][info][gc,phases   ] GC(453) Concurrent Mark Free 0.002ms
[57.722s][info][gc,phases   ] GC(453) Concurrent Process Non-Strong References 2.376ms
[57.722s][info][gc,phases   ] GC(453) Concurrent Reset Relocation Set 0.045ms
[57.732s][info][gc,phases   ] GC(453) Concurrent Select Relocation Set 9.505ms
[57.732s][info][gc,phases   ] GC(453) Pause Relocate Start 0.010ms
[57.738s][info][gc,phases   ] GC(453) Concurrent Relocate 5.376ms
[57.738s][info][gc,load     ] GC(453) Load: 0.00/0.00/0.00
[57.738s][info][gc,mmu      ] GC(453) MMU: 2ms/95.9%, 5ms/98.4%, 10ms/99.2%, 20ms/99.6%, 50ms/99.8%, 100ms/99.9%
[57.738s][info][gc,marking  ] GC(453) Mark: 8 stripe(s), 3 proactive flush(es), 1 terminate flush(es), 0 completion(s), 0 continuation(s) 
[57.738s][info][gc,marking  ] GC(453) Mark Stack Usage: 32M
[57.738s][info][gc,nmethod  ] GC(453) NMethods: 4818 registered, 699 unregistered
[57.738s][info][gc,metaspace] GC(453) Metaspace: 72M used, 73M committed, 1088M reserved
[57.738s][info][gc,ref      ] GC(453) Soft: 2442 encountered, 0 discovered, 0 enqueued
[57.738s][info][gc,ref      ] GC(453) Weak: 10790 encountered, 1136 discovered, 0 enqueued
[57.738s][info][gc,ref      ] GC(453) Final: 289 encountered, 4 discovered, 0 enqueued
[57.738s][info][gc,ref      ] GC(453) Phantom: 424 encountered, 284 discovered, 0 enqueued
[57.738s][info][gc,reloc    ] GC(453) Small Pages: 272 / 544M, Empty: 216M, Relocated: 6M, In-Place: 0
[57.738s][info][gc,reloc    ] GC(453) Medium Pages: 0 / 0M, Empty: 0M, Relocated: 0M, In-Place: 0
[57.738s][info][gc,reloc    ] GC(453) Large Pages: 0 / 0M, Empty: 0M, Relocated: 0M, In-Place: 0
[57.738s][info][gc,reloc    ] GC(453) Forwarding Usage: 3M
[57.738s][info][gc,heap     ] GC(453) Min Capacity: 8M(1%)
[57.738s][info][gc,heap     ] GC(453) Max Capacity: 1024M(100%)
[57.738s][info][gc,heap     ] GC(453) Soft Max Capacity: 1024M(100%)
[57.738s][info][gc,heap     ] GC(453)                Mark Start          Mark End        Relocate Start      Relocate End           High               Low         
[57.738s][info][gc,heap     ] GC(453)  Capacity:     1024M (100%)       1024M (100%)       1024M (100%)       1024M (100%)       1024M (100%)       1024M (100%)   
[57.738s][info][gc,heap     ] GC(453)      Free:      480M (47%)         380M (37%)         532M (52%)         770M (75%)         776M (76%)         360M (35%)    
[57.738s][info][gc,heap     ] GC(453)      Used:      544M (53%)         644M (63%)         492M (48%)         254M (25%)         664M (65%)         248M (24%)    
[57.738s][info][gc,heap     ] GC(453)      Live:         -                50M (5%)           50M (5%)           50M (5%)             -                  -          
[57.738s][info][gc,heap     ] GC(453) Allocated:         -               100M (10%)         164M (16%)         179M (18%)            -                  -          
[57.738s][info][gc,heap     ] GC(453)   Garbage:         -               493M (48%)         277M (27%)          24M (2%)             -                  -          
[57.738s][info][gc,heap     ] GC(453) Reclaimed:         -                  -               216M (21%)         469M (46%)            -                  -          
[57.738s][info][gc          ] GC(453) Garbage Collection (Allocation Rate) 544M(53%)->254M(25%)
[57.796s][info][gc,start    ] GC(454) Garbage Collection (Allocation Rate)
[57.796s][info][gc,task     ] GC(454) Using 10 workers
[57.796s][info][gc,phases   ] GC(454) Pause Mark Start 0.010ms
[57.818s][info][gc,phases   ] GC(454) Concurrent Mark 21.716ms
[57.819s][info][gc,phases   ] GC(454) Pause Mark End 0.027ms
[57.820s][info][gc,phases   ] GC(454) Concurrent Mark Free 0.003ms
[57.822s][info][gc,phases   ] GC(454) Concurrent Process Non-Strong References 2.434ms
[57.822s][info][gc,phases   ] GC(454) Concurrent Reset Relocation Set 0.047ms
[57.829s][info][gc,phases   ] GC(454) Concurrent Select Relocation Set 6.390ms
[57.829s][info][gc,phases   ] GC(454) Pause Relocate Start 0.010ms
[57.834s][info][gc,phases   ] GC(454) Concurrent Relocate 4.933ms
[57.834s][info][gc,load     ] GC(454) Load: 0.00/0.00/0.00
[57.834s][info][gc,mmu      ] GC(454) MMU: 2ms/95.9%, 5ms/98.4%, 10ms/99.2%, 20ms/99.6%, 50ms/99.8%, 100ms/99.9%
[57.834s][info][gc,marking  ] GC(454) Mark: 8 stripe(s), 3 proactive flush(es), 1 terminate flush(es), 0 completion(s), 0 continuation(s) 
[57.834s][info][gc,marking  ] GC(454) Mark Stack Usage: 32M
[57.834s][info][gc,nmethod  ] GC(454) NMethods: 4818 registered, 699 unregistered
[57.834s][info][gc,metaspace] GC(454) Metaspace: 72M used, 73M committed, 1088M reserved
[57.834s][info][gc,ref      ] GC(454) Soft: 2442 encountered, 0 discovered, 0 enqueued
[57.834s][info][gc,ref      ] GC(454) Weak: 10790 encountered, 1159 discovered, 0 enqueued
[57.834s][info][gc,ref      ] GC(454) Final: 289 encountered, 13 discovered, 0 enqueued
[57.834s][info][gc,ref      ] GC(454) Phantom: 424 encountered, 225 discovered, 0 enqueued
[57.834s][info][gc,reloc    ] GC(454) Small Pages: 273 / 546M, Empty: 160M, Relocated: 6M, In-Place: 0
[57.834s][info][gc,reloc    ] GC(454) Medium Pages: 0 / 0M, Empty: 0M, Relocated: 0M, In-Place: 0
[57.834s][info][gc,reloc    ] GC(454) Large Pages: 0 / 0M, Empty: 0M, Relocated: 0M, In-Place: 0
[57.834s][info][gc,reloc    ] GC(454) Forwarding Usage: 3M
[57.834s][info][gc,heap     ] GC(454) Min Capacity: 8M(1%)
[57.834s][info][gc,heap     ] GC(454) Max Capacity: 1024M(100%)
[57.834s][info][gc,heap     ] GC(454) Soft Max Capacity: 1024M(100%)
[57.834s][info][gc,heap     ] GC(454)                Mark Start          Mark End        Relocate Start      Relocate End           High               Low         
[57.834s][info][gc,heap     ] GC(454)  Capacity:     1024M (100%)       1024M (100%)       1024M (100%)       1024M (100%)       1024M (100%)       1024M (100%)   
[57.834s][info][gc,heap     ] GC(454)      Free:      478M (47%)         372M (36%)         490M (48%)         788M (77%)         792M (77%)         358M (35%)    
[57.834s][info][gc,heap     ] GC(454)      Used:      546M (53%)         652M (64%)         534M (52%)         236M (23%)         666M (65%)         232M (23%)    
[57.834s][info][gc,heap     ] GC(454)      Live:         -                50M (5%)           50M (5%)           50M (5%)             -                  -          
[57.834s][info][gc,heap     ] GC(454) Allocated:         -               106M (10%)         148M (14%)         161M (16%)            -                  -          
[57.834s][info][gc,heap     ] GC(454)   Garbage:         -               495M (48%)         335M (33%)          24M (2%)             -                  -          
[57.835s][info][gc,heap     ] GC(454) Reclaimed:         -                  -               160M (16%)         471M (46%)            -                  -          
[57.835s][info][gc          ] GC(454) Garbage Collection (Allocation Rate) 546M(53%)->236M(23%)
[57.896s][info][gc,start    ] GC(455) Garbage Collection (Allocation Rate)
[57.897s][info][gc,task     ] GC(455) Using 10 workers
[57.897s][info][gc,phases   ] GC(455) Pause Mark Start 0.010ms
[57.919s][info][gc,phases   ] GC(455) Concurrent Mark 22.013ms
[57.919s][info][gc,phases   ] GC(455) Pause Mark End 0.023ms
[57.920s][info][gc,phases   ] GC(455) Concurrent Mark Free 0.002ms
[57.923s][info][gc,phases   ] GC(455) Concurrent Process Non-Strong References 2.259ms
[57.923s][info][gc,phases   ] GC(455) Concurrent Reset Relocation Set 0.045ms
[57.934s][info][gc,phases   ] GC(455) Concurrent Select Relocation Set 10.774ms
[57.934s][info][gc,phases   ] GC(455) Pause Relocate Start 0.009ms
[57.939s][info][gc,phases   ] GC(455) Concurrent Relocate 5.104ms
[57.939s][info][gc,load     ] GC(455) Load: 0.00/0.00/0.00
[57.939s][info][gc,mmu      ] GC(455) MMU: 2ms/95.9%, 5ms/98.4%, 10ms/99.2%, 20ms/99.6%, 50ms/99.8%, 100ms/99.9%
[57.940s][info][gc,marking  ] GC(455) Mark: 8 stripe(s), 4 proactive flush(es), 1 terminate flush(es), 0 completion(s), 0 continuation(s) 
[57.940s][info][gc,marking  ] GC(455) Mark Stack Usage: 32M
[57.940s][info][gc,nmethod  ] GC(455) NMethods: 4818 registered, 699 unregistered
[57.940s][info][gc,metaspace] GC(455) Metaspace: 72M used, 73M committed, 1088M reserved
[57.940s][info][gc,ref      ] GC(455) Soft: 2442 encountered, 0 discovered, 0 enqueued
[57.940s][info][gc,ref      ] GC(455) Weak: 10790 encountered, 1406 discovered, 0 enqueued
[57.940s][info][gc,ref      ] GC(455) Final: 289 encountered, 28 discovered, 0 enqueued
[57.940s][info][gc,ref      ] GC(455) Phantom: 424 encountered, 304 discovered, 0 enqueued
[57.940s][info][gc,reloc    ] GC(455) Small Pages: 274 / 548M, Empty: 222M, Relocated: 6M, In-Place: 0
[57.940s][info][gc,reloc    ] GC(455) Medium Pages: 0 / 0M, Empty: 0M, Relocated: 0M, In-Place: 0
[57.940s][info][gc,reloc    ] GC(455) Large Pages: 0 / 0M, Empty: 0M, Relocated: 0M, In-Place: 0
[57.940s][info][gc,reloc    ] GC(455) Forwarding Usage: 3M
[57.940s][info][gc,heap     ] GC(455) Min Capacity: 8M(1%)
[57.940s][info][gc,heap     ] GC(455) Max Capacity: 1024M(100%)
[57.940s][info][gc,heap     ] GC(455) Soft Max Capacity: 1024M(100%)
[57.940s][info][gc,heap     ] GC(455)                Mark Start          Mark End        Relocate Start      Relocate End           High               Low         
[57.940s][info][gc,heap     ] GC(455)  Capacity:     1024M (100%)       1024M (100%)       1024M (100%)       1024M (100%)       1024M (100%)       1024M (100%)   
[57.940s][info][gc,heap     ] GC(455)      Free:      476M (46%)         370M (36%)         526M (51%)         762M (74%)         766M (75%)         352M (34%)    
[57.940s][info][gc,heap     ] GC(455)      Used:      548M (54%)         654M (64%)         498M (49%)         262M (26%)         672M (66%)         258M (25%)    
[57.940s][info][gc,heap     ] GC(455)      Live:         -                50M (5%)           50M (5%)           50M (5%)             -                  -          
[57.940s][info][gc,heap     ] GC(455) Allocated:         -               106M (10%)         172M (17%)         187M (18%)            -                  -          
[57.940s][info][gc,heap     ] GC(455)   Garbage:         -               497M (49%)         275M (27%)          24M (2%)             -                  -          
[57.940s][info][gc,heap     ] GC(455) Reclaimed:         -                  -               222M (22%)         473M (46%)            -                  -          
[57.940s][info][gc          ] GC(455) Garbage Collection (Allocation Rate) 548M(54%)->262M(26%)
[57.995s][info][gc,start    ] GC(456) Garbage Collection (Allocation Rate)
[57.996s][info][gc,task     ] GC(456) Using 10 workers
[57.996s][info][gc,phases   ] GC(456) Pause Mark Start 0.011ms
[58.020s][info][gc,phases   ] GC(456) Concurrent Mark 23.711ms
[58.020s][info][gc,phases   ] GC(456) Pause Mark End 0.025ms
[58.020s][info][gc,phases   ] GC(456) Concurrent Mark Free 0.001ms
[58.023s][info][gc,phases   ] GC(456) Concurrent Process Non-Strong References 2.452ms
[58.023s][info][gc,phases   ] GC(456) Concurrent Reset Relocation Set 0.040ms
[58.033s][info][gc,phases   ] GC(456) Concurrent Select Relocation Set 9.805ms
[58.033s][info][gc,phases   ] GC(456) Pause Relocate Start 0.009ms
[58.038s][info][gc,phases   ] GC(456) Concurrent Relocate 4.973ms
[58.039s][info][gc,load     ] GC(456) Load: 0.00/0.00/0.00
[58.039s][info][gc,mmu      ] GC(456) MMU: 2ms/95.9%, 5ms/98.4%, 10ms/99.2%, 20ms/99.6%, 50ms/99.8%, 100ms/99.9%
[58.039s][info][gc,marking  ] GC(456) Mark: 8 stripe(s), 3 proactive flush(es), 1 terminate flush(es), 0 completion(s), 0 continuation(s) 
[58.039s][info][gc,marking  ] GC(456) Mark Stack Usage: 32M
[58.039s][info][gc,nmethod  ] GC(456) NMethods: 4833 registered, 699 unregistered
[58.039s][info][gc,metaspace] GC(456) Metaspace: 72M used, 73M committed, 1088M reserved
[58.039s][info][gc,ref      ] GC(456) Soft: 2442 encountered, 0 discovered, 0 enqueued
[58.039s][info][gc,ref      ] GC(456) Weak: 10817 encountered, 1495 discovered, 0 enqueued
[58.039s][info][gc,ref      ] GC(456) Final: 289 encountered, 32 discovered, 0 enqueued
[58.039s][info][gc,ref      ] GC(456) Phantom: 424 encountered, 331 discovered, 0 enqueued
[58.039s][info][gc,reloc    ] GC(456) Small Pages: 273 / 546M, Empty: 200M, Relocated: 6M, In-Place: 0
[58.039s][info][gc,reloc    ] GC(456) Medium Pages: 0 / 0M, Empty: 0M, Relocated: 0M, In-Place: 0
[58.039s][info][gc,reloc    ] GC(456) Large Pages: 0 / 0M, Empty: 0M, Relocated: 0M, In-Place: 0
[58.039s][info][gc,reloc    ] GC(456) Forwarding Usage: 3M
[58.039s][info][gc,heap     ] GC(456) Min Capacity: 8M(1%)
[58.039s][info][gc,heap     ] GC(456) Max Capacity: 1024M(100%)
[58.039s][info][gc,heap     ] GC(456) Soft Max Capacity: 1024M(100%)
[58.039s][info][gc,heap     ] GC(456)                Mark Start          Mark End        Relocate Start      Relocate End           High               Low         
[58.039s][info][gc,heap     ] GC(456)  Capacity:     1024M (100%)       1024M (100%)       1024M (100%)       1024M (100%)       1024M (100%)       1024M (100%)   
[58.039s][info][gc,heap     ] GC(456)      Free:      478M (47%)         364M (36%)         508M (50%)         766M (75%)         766M (75%)         354M (35%)    
[58.039s][info][gc,heap     ] GC(456)      Used:      546M (53%)         660M (64%)         516M (50%)         258M (25%)         670M (65%)         258M (25%)    
[58.039s][info][gc,heap     ] GC(456)      Live:         -                50M (5%)           50M (5%)           50M (5%)             -                  -          
[58.039s][info][gc,heap     ] GC(456) Allocated:         -               114M (11%)         170M (17%)         183M (18%)            -                  -          
[58.039s][info][gc,heap     ] GC(456)   Garbage:         -               495M (48%)         295M (29%)          24M (2%)             -                  -          
[58.039s][info][gc,heap     ] GC(456) Reclaimed:         -                  -               200M (20%)         471M (46%)            -                  -          
[58.039s][info][gc          ] GC(456) Garbage Collection (Allocation Rate) 546M(53%)->258M(25%)
[58.096s][info][gc,start    ] GC(457) Garbage Collection (Allocation Rate)
[58.096s][info][gc,task     ] GC(457) Using 10 workers
[58.096s][info][gc,phases   ] GC(457) Pause Mark Start 0.010ms
[58.117s][info][gc,phases   ] GC(457) Concurrent Mark 20.307ms
[58.117s][info][gc,phases   ] GC(457) Pause Mark End 0.033ms
[58.117s][info][gc,phases   ] GC(457) Concurrent Mark Free 0.001ms
[58.120s][info][gc,phases   ] GC(457) Concurrent Process Non-Strong References 2.372ms
[58.120s][info][gc,phases   ] GC(457) Concurrent Reset Relocation Set 0.041ms
[58.125s][info][gc,phases   ] GC(457) Concurrent Select Relocation Set 4.881ms
[58.125s][info][gc,phases   ] GC(457) Pause Relocate Start 0.009ms
[58.130s][info][gc,phases   ] GC(457) Concurrent Relocate 4.830ms
[58.130s][info][gc,load     ] GC(457) Load: 0.00/0.00/0.00
[58.130s][info][gc,mmu      ] GC(457) MMU: 2ms/95.9%, 5ms/98.4%, 10ms/99.2%, 20ms/99.6%, 50ms/99.8%, 100ms/99.9%
[58.130s][info][gc,marking  ] GC(457) Mark: 8 stripe(s), 3 proactive flush(es), 1 terminate flush(es), 0 completion(s), 0 continuation(s) 
[58.130s][info][gc,marking  ] GC(457) Mark Stack Usage: 32M
[58.130s][info][gc,nmethod  ] GC(457) NMethods: 4841 registered, 699 unregistered
[58.130s][info][gc,metaspace] GC(457) Metaspace: 72M used, 73M committed, 1088M reserved
[58.130s][info][gc,ref      ] GC(457) Soft: 2442 encountered, 0 discovered, 0 enqueued
[58.130s][info][gc,ref      ] GC(457) Weak: 10817 encountered, 1281 discovered, 0 enqueued
[58.130s][info][gc,ref      ] GC(457) Final: 289 encountered, 21 discovered, 0 enqueued
[58.130s][info][gc,ref      ] GC(457) Phantom: 424 encountered, 328 discovered, 0 enqueued
[58.130s][info][gc,reloc    ] GC(457) Small Pages: 273 / 546M, Empty: 190M, Relocated: 6M, In-Place: 0
[58.130s][info][gc,reloc    ] GC(457) Medium Pages: 0 / 0M, Empty: 0M, Relocated: 0M, In-Place: 0
[58.130s][info][gc,reloc    ] GC(457) Large Pages: 0 / 0M, Empty: 0M, Relocated: 0M, In-Place: 0
[58.130s][info][gc,reloc    ] GC(457) Forwarding Usage: 3M
[58.130s][info][gc,heap     ] GC(457) Min Capacity: 8M(1%)
[58.130s][info][gc,heap     ] GC(457) Max Capacity: 1024M(100%)
[58.131s][info][gc,heap     ] GC(457) Soft Max Capacity: 1024M(100%)
[58.131s][info][gc,heap     ] GC(457)                Mark Start          Mark End        Relocate Start      Relocate End           High               Low         
[58.131s][info][gc,heap     ] GC(457)  Capacity:     1024M (100%)       1024M (100%)       1024M (100%)       1024M (100%)       1024M (100%)       1024M (100%)   
[58.131s][info][gc,heap     ] GC(457)      Free:      478M (47%)         378M (37%)         536M (52%)         804M (79%)         806M (79%)         368M (36%)    
[58.131s][info][gc,heap     ] GC(457)      Used:      546M (53%)         646M (63%)         488M (48%)         220M (21%)         656M (64%)         218M (21%)    
[58.131s][info][gc,heap     ] GC(457)      Live:         -                50M (5%)           50M (5%)           50M (5%)             -                  -          
[58.131s][info][gc,heap     ] GC(457) Allocated:         -               100M (10%)         132M (13%)         145M (14%)            -                  -          
[58.131s][info][gc,heap     ] GC(457)   Garbage:         -               495M (48%)         305M (30%)          24M (2%)             -                  -          
[58.131s][info][gc,heap     ] GC(457) Reclaimed:         -                  -               190M (19%)         471M (46%)            -                  -          
[58.131s][info][gc          ] GC(457) Garbage Collection (Allocation Rate) 546M(53%)->220M(21%)
[58.196s][info][gc,start    ] GC(458) Garbage Collection (Allocation Rate)
[58.197s][info][gc,task     ] GC(458) Using 10 workers
[58.197s][info][gc,phases   ] GC(458) Pause Mark Start 0.010ms
[58.220s][info][gc,phases   ] GC(458) Concurrent Mark 23.183ms
[58.220s][info][gc,phases   ] GC(458) Pause Mark End 0.024ms
[58.221s][info][gc,phases   ] GC(458) Concurrent Mark Free 0.001ms
[58.223s][info][gc,phases   ] GC(458) Concurrent Process Non-Strong References 2.330ms
[58.223s][info][gc,phases   ] GC(458) Concurrent Reset Relocation Set 0.043ms
[58.228s][info][gc,phases   ] GC(458) Concurrent Select Relocation Set 4.855ms
[58.228s][info][gc,phases   ] GC(458) Pause Relocate Start 0.009ms
[58.234s][info][gc,phases   ] GC(458) Concurrent Relocate 4.969ms
[58.234s][info][gc,load     ] GC(458) Load: 0.00/0.00/0.00
[58.234s][info][gc,mmu      ] GC(458) MMU: 2ms/95.9%, 5ms/98.4%, 10ms/99.2%, 20ms/99.6%, 50ms/99.8%, 100ms/99.9%
[58.234s][info][gc,marking  ] GC(458) Mark: 8 stripe(s), 3 proactive flush(es), 1 terminate flush(es), 0 completion(s), 0 continuation(s) 
[58.234s][info][gc,marking  ] GC(458) Mark Stack Usage: 32M
[58.234s][info][gc,nmethod  ] GC(458) NMethods: 4841 registered, 699 unregistered
[58.234s][info][gc,metaspace] GC(458) Metaspace: 72M used, 73M committed, 1088M reserved
[58.234s][info][gc,ref      ] GC(458) Soft: 2442 encountered, 0 discovered, 0 enqueued
[58.234s][info][gc,ref      ] GC(458) Weak: 10793 encountered, 1510 discovered, 8 enqueued
[58.234s][info][gc,ref      ] GC(458) Final: 289 encountered, 6 discovered, 0 enqueued
[58.234s][info][gc,ref      ] GC(458) Phantom: 424 encountered, 284 discovered, 0 enqueued
[58.234s][info][gc,reloc    ] GC(458) Small Pages: 278 / 556M, Empty: 206M, Relocated: 6M, In-Place: 0
[58.234s][info][gc,reloc    ] GC(458) Medium Pages: 0 / 0M, Empty: 0M, Relocated: 0M, In-Place: 0
[58.234s][info][gc,reloc    ] GC(458) Large Pages: 0 / 0M, Empty: 0M, Relocated: 0M, In-Place: 0
[58.234s][info][gc,reloc    ] GC(458) Forwarding Usage: 3M
[58.234s][info][gc,heap     ] GC(458) Min Capacity: 8M(1%)
[58.234s][info][gc,heap     ] GC(458) Max Capacity: 1024M(100%)
[58.234s][info][gc,heap     ] GC(458) Soft Max Capacity: 1024M(100%)
[58.234s][info][gc,heap     ] GC(458)                Mark Start          Mark End        Relocate Start      Relocate End           High               Low         
[58.234s][info][gc,heap     ] GC(458)  Capacity:     1024M (100%)       1024M (100%)       1024M (100%)       1024M (100%)       1024M (100%)       1024M (100%)   
[58.234s][info][gc,heap     ] GC(458)      Free:      468M (46%)         356M (35%)         530M (52%)         788M (77%)         798M (78%)         346M (34%)    
[58.234s][info][gc,heap     ] GC(458)      Used:      556M (54%)         668M (65%)         494M (48%)         236M (23%)         678M (66%)         226M (22%)    
[58.234s][info][gc,heap     ] GC(458)      Live:         -                49M (5%)           49M (5%)           49M (5%)             -                  -          
[58.234s][info][gc,heap     ] GC(458) Allocated:         -               112M (11%)         144M (14%)         161M (16%)            -                  -          
[58.234s][info][gc,heap     ] GC(458)   Garbage:         -               506M (49%)         300M (29%)          24M (2%)             -                  -          
[58.234s][info][gc,heap     ] GC(458) Reclaimed:         -                  -               206M (20%)         481M (47%)            -                  -          
[58.234s][info][gc          ] GC(458) Garbage Collection (Allocation Rate) 556M(54%)->236M(23%)
[58.296s][info][gc,start    ] GC(459) Garbage Collection (Allocation Rate)
[58.296s][info][gc,task     ] GC(459) Using 10 workers
[58.296s][info][gc,phases   ] GC(459) Pause Mark Start 0.010ms
[58.318s][info][gc,phases   ] GC(459) Concurrent Mark 20.988ms
[58.318s][info][gc,phases   ] GC(459) Pause Mark End 0.025ms
[58.318s][info][gc,phases   ] GC(459) Concurrent Mark Free 0.002ms
[58.321s][info][gc,phases   ] GC(459) Concurrent Process Non-Strong References 2.867ms
[58.321s][info][gc,phases   ] GC(459) Concurrent Reset Relocation Set 0.039ms
[58.330s][info][gc,phases   ] GC(459) Concurrent Select Relocation Set 9.227ms
[58.331s][info][gc,phases   ] GC(459) Pause Relocate Start 0.011ms
[58.336s][info][gc,phases   ] GC(459) Concurrent Relocate 5.174ms
[58.336s][info][gc,load     ] GC(459) Load: 0.00/0.00/0.00
[58.337s][info][gc,mmu      ] GC(459) MMU: 2ms/95.9%, 5ms/98.4%, 10ms/99.2%, 20ms/99.6%, 50ms/99.8%, 100ms/99.9%
[58.337s][info][gc,marking  ] GC(459) Mark: 8 stripe(s), 4 proactive flush(es), 1 terminate flush(es), 0 completion(s), 0 continuation(s) 
[58.337s][info][gc,marking  ] GC(459) Mark Stack Usage: 32M
[58.337s][info][gc,nmethod  ] GC(459) NMethods: 4841 registered, 699 unregistered
[58.337s][info][gc,metaspace] GC(459) Metaspace: 72M used, 73M committed, 1088M reserved
[58.337s][info][gc,ref      ] GC(459) Soft: 2442 encountered, 0 discovered, 0 enqueued
[58.337s][info][gc,ref      ] GC(459) Weak: 10711 encountered, 1562 discovered, 19 enqueued
[58.337s][info][gc,ref      ] GC(459) Final: 289 encountered, 4 discovered, 0 enqueued
[58.337s][info][gc,ref      ] GC(459) Phantom: 424 encountered, 291 discovered, 0 enqueued
[58.337s][info][gc,reloc    ] GC(459) Small Pages: 274 / 548M, Empty: 198M, Relocated: 6M, In-Place: 0
[58.337s][info][gc,reloc    ] GC(459) Medium Pages: 0 / 0M, Empty: 0M, Relocated: 0M, In-Place: 0
[58.337s][info][gc,reloc    ] GC(459) Large Pages: 0 / 0M, Empty: 0M, Relocated: 0M, In-Place: 0
[58.337s][info][gc,reloc    ] GC(459) Forwarding Usage: 3M
[58.337s][info][gc,heap     ] GC(459) Min Capacity: 8M(1%)
[58.337s][info][gc,heap     ] GC(459) Max Capacity: 1024M(100%)
[58.337s][info][gc,heap     ] GC(459) Soft Max Capacity: 1024M(100%)
[58.337s][info][gc,heap     ] GC(459)                Mark Start          Mark End        Relocate Start      Relocate End           High               Low         
[58.337s][info][gc,heap     ] GC(459)  Capacity:     1024M (100%)       1024M (100%)       1024M (100%)       1024M (100%)       1024M (100%)       1024M (100%)   
[58.337s][info][gc,heap     ] GC(459)      Free:      476M (46%)         376M (37%)         516M (50%)         776M (76%)         782M (76%)         362M (35%)    
[58.337s][info][gc,heap     ] GC(459)      Used:      548M (54%)         648M (63%)         508M (50%)         248M (24%)         662M (65%)         242M (24%)    
[58.337s][info][gc,heap     ] GC(459)      Live:         -                49M (5%)           49M (5%)           49M (5%)             -                  -          
[58.337s][info][gc,heap     ] GC(459) Allocated:         -               100M (10%)         158M (15%)         173M (17%)            -                  -          
[58.337s][info][gc,heap     ] GC(459)   Garbage:         -               498M (49%)         300M (29%)          24M (2%)             -                  -          
[58.337s][info][gc,heap     ] GC(459) Reclaimed:         -                  -               198M (19%)         473M (46%)            -                  -          
[58.337s][info][gc          ] GC(459) Garbage Collection (Allocation Rate) 548M(54%)->248M(24%)
[58.395s][info][gc,start    ] GC(460) Garbage Collection (Allocation Rate)
[58.396s][info][gc,task     ] GC(460) Using 10 workers
[58.396s][info][gc,phases   ] GC(460) Pause Mark Start 0.010ms
[58.417s][info][gc,phases   ] GC(460) Concurrent Mark 20.992ms
[58.417s][info][gc,phases   ] GC(460) Pause Mark End 0.023ms
[58.417s][info][gc,phases   ] GC(460) Concurrent Mark Free 0.001ms
[58.420s][info][gc,phases   ] GC(460) Concurrent Process Non-Strong References 2.713ms
[58.420s][info][gc,phases   ] GC(460) Concurrent Reset Relocation Set 0.035ms
[58.425s][info][gc,phases   ] GC(460) Concurrent Select Relocation Set 4.858ms
[58.425s][info][gc,phases   ] GC(460) Pause Relocate Start 0.008ms
[58.430s][info][gc,phases   ] GC(460) Concurrent Relocate 4.716ms
[58.430s][info][gc,load     ] GC(460) Load: 0.00/0.00/0.00
[58.430s][info][gc,mmu      ] GC(460) MMU: 2ms/95.9%, 5ms/98.4%, 10ms/99.2%, 20ms/99.6%, 50ms/99.8%, 100ms/99.9%
[58.430s][info][gc,marking  ] GC(460) Mark: 8 stripe(s), 4 proactive flush(es), 1 terminate flush(es), 0 completion(s), 0 continuation(s) 
[58.430s][info][gc,marking  ] GC(460) Mark Stack Usage: 32M
[58.430s][info][gc,nmethod  ] GC(460) NMethods: 4841 registered, 699 unregistered
[58.430s][info][gc,metaspace] GC(460) Metaspace: 72M used, 73M committed, 1088M reserved
[58.430s][info][gc,ref      ] GC(460) Soft: 2442 encountered, 0 discovered, 0 enqueued
[58.430s][info][gc,ref      ] GC(460) Weak: 10668 encountered, 1504 discovered, 6 enqueued
[58.431s][info][gc,ref      ] GC(460) Final: 289 encountered, 34 discovered, 0 enqueued
[58.431s][info][gc,ref      ] GC(460) Phantom: 424 encountered, 375 discovered, 0 enqueued
[58.431s][info][gc,reloc    ] GC(460) Small Pages: 272 / 544M, Empty: 278M, Relocated: 6M, In-Place: 0
[58.431s][info][gc,reloc    ] GC(460) Medium Pages: 0 / 0M, Empty: 0M, Relocated: 0M, In-Place: 0
[58.431s][info][gc,reloc    ] GC(460) Large Pages: 0 / 0M, Empty: 0M, Relocated: 0M, In-Place: 0
[58.431s][info][gc,reloc    ] GC(460) Forwarding Usage: 3M
[58.431s][info][gc,heap     ] GC(460) Min Capacity: 8M(1%)
[58.431s][info][gc,heap     ] GC(460) Max Capacity: 1024M(100%)
[58.431s][info][gc,heap     ] GC(460) Soft Max Capacity: 1024M(100%)
[58.431s][info][gc,heap     ] GC(460)                Mark Start          Mark End        Relocate Start      Relocate End           High               Low         
[58.431s][info][gc,heap     ] GC(460)  Capacity:     1024M (100%)       1024M (100%)       1024M (100%)       1024M (100%)       1024M (100%)       1024M (100%)   
[58.431s][info][gc,heap     ] GC(460)      Free:      480M (47%)         382M (37%)         622M (61%)         800M (78%)         804M (79%)         368M (36%)    
[58.431s][info][gc,heap     ] GC(460)      Used:      544M (53%)         642M (63%)         402M (39%)         224M (22%)         656M (64%)         220M (21%)    
[58.431s][info][gc,heap     ] GC(460)      Live:         -                49M (5%)           49M (5%)           49M (5%)             -                  -          
[58.431s][info][gc,heap     ] GC(460) Allocated:         -                98M (10%)         136M (13%)         149M (15%)            -                  -          
[58.431s][info][gc,heap     ] GC(460)   Garbage:         -               494M (48%)         216M (21%)          24M (2%)             -                  -          
[58.431s][info][gc,heap     ] GC(460) Reclaimed:         -                  -               278M (27%)         469M (46%)            -                  -          
[58.431s][info][gc          ] GC(460) Garbage Collection (Allocation Rate) 544M(53%)->224M(22%)
[58.496s][info][gc,start    ] GC(461) Garbage Collection (Allocation Rate)
[58.496s][info][gc,task     ] GC(461) Using 10 workers
[58.496s][info][gc,phases   ] GC(461) Pause Mark Start 0.010ms
[58.518s][info][gc,phases   ] GC(461) Concurrent Mark 21.474ms
[58.518s][info][gc,phases   ] GC(461) Pause Mark End 0.049ms
[58.518s][info][gc,phases   ] GC(461) Concurrent Mark Free 0.001ms
[58.521s][info][gc,phases   ] GC(461) Concurrent Process Non-Strong References 2.928ms
[58.521s][info][gc,phases   ] GC(461) Concurrent Reset Relocation Set 0.031ms
[58.526s][info][gc,phases   ] GC(461) Concurrent Select Relocation Set 5.090ms
[58.527s][info][gc,phases   ] GC(461) Pause Relocate Start 0.009ms
[58.532s][info][gc,phases   ] GC(461) Concurrent Relocate 5.236ms
[58.532s][info][gc,load     ] GC(461) Load: 0.00/0.00/0.00
[58.532s][info][gc,mmu      ] GC(461) MMU: 2ms/95.9%, 5ms/98.4%, 10ms/99.2%, 20ms/99.6%, 50ms/99.8%, 100ms/99.9%
[58.532s][info][gc,marking  ] GC(461) Mark: 8 stripe(s), 3 proactive flush(es), 1 terminate flush(es), 1 completion(s), 0 continuation(s) 
[58.532s][info][gc,marking  ] GC(461) Mark Stack Usage: 32M
[58.532s][info][gc,nmethod  ] GC(461) NMethods: 4825 registered, 721 unregistered
[58.532s][info][gc,metaspace] GC(461) Metaspace: 72M used, 73M committed, 1088M reserved
[58.532s][info][gc,ref      ] GC(461) Soft: 2442 encountered, 0 discovered, 0 enqueued
[58.532s][info][gc,ref      ] GC(461) Weak: 10587 encountered, 1276 discovered, 18 enqueued
[58.532s][info][gc,ref      ] GC(461) Final: 289 encountered, 40 discovered, 0 enqueued
[58.532s][info][gc,ref      ] GC(461) Phantom: 424 encountered, 312 discovered, 0 enqueued
[58.532s][info][gc,reloc    ] GC(461) Small Pages: 272 / 544M, Empty: 266M, Relocated: 6M, In-Place: 0
[58.532s][info][gc,reloc    ] GC(461) Medium Pages: 0 / 0M, Empty: 0M, Relocated: 0M, In-Place: 0
[58.532s][info][gc,reloc    ] GC(461) Large Pages: 0 / 0M, Empty: 0M, Relocated: 0M, In-Place: 0
[58.532s][info][gc,reloc    ] GC(461) Forwarding Usage: 2M
[58.532s][info][gc,heap     ] GC(461) Min Capacity: 8M(1%)
[58.532s][info][gc,heap     ] GC(461) Max Capacity: 1024M(100%)
[58.532s][info][gc,heap     ] GC(461) Soft Max Capacity: 1024M(100%)
[58.532s][info][gc,heap     ] GC(461)                Mark Start          Mark End        Relocate Start      Relocate End           High               Low         
[58.532s][info][gc,heap     ] GC(461)  Capacity:     1024M (100%)       1024M (100%)       1024M (100%)       1024M (100%)       1024M (100%)       1024M (100%)   
[58.532s][info][gc,heap     ] GC(461)      Free:      480M (47%)         384M (38%)         612M (60%)         798M (78%)         808M (79%)         364M (36%)    
[58.532s][info][gc,heap     ] GC(461)      Used:      544M (53%)         640M (63%)         412M (40%)         226M (22%)         660M (64%)         216M (21%)    
[58.532s][info][gc,heap     ] GC(461)      Live:         -                49M (5%)           49M (5%)           49M (5%)             -                  -          
[58.532s][info][gc,heap     ] GC(461) Allocated:         -                96M (9%)          134M (13%)         151M (15%)            -                  -          
[58.533s][info][gc,heap     ] GC(461)   Garbage:         -               494M (48%)         228M (22%)          24M (2%)             -                  -          
[58.533s][info][gc,heap     ] GC(461) Reclaimed:         -                  -               266M (26%)         469M (46%)            -                  -          
[58.533s][info][gc          ] GC(461) Garbage Collection (Allocation Rate) 544M(53%)->226M(22%)
[58.596s][info][gc,start    ] GC(462) Garbage Collection (Allocation Rate)
[58.603s][info][gc,task     ] GC(462) Using 10 workers
[58.603s][info][gc,phases   ] GC(462) Pause Mark Start 0.009ms
[58.625s][info][gc,phases   ] GC(462) Concurrent Mark 21.175ms
[58.625s][info][gc,phases   ] GC(462) Pause Mark End 0.032ms
[58.625s][info][gc,phases   ] GC(462) Concurrent Mark Free 0.002ms
[58.628s][info][gc,phases   ] GC(462) Concurrent Process Non-Strong References 2.553ms
[58.628s][info][gc,phases   ] GC(462) Concurrent Reset Relocation Set 0.035ms
[58.635s][info][gc,phases   ] GC(462) Concurrent Select Relocation Set 6.502ms
[58.635s][info][gc,phases   ] GC(462) Pause Relocate Start 0.008ms
[58.641s][info][gc,phases   ] GC(462) Concurrent Relocate 6.075ms
[58.641s][info][gc,load     ] GC(462) Load: 0.00/0.00/0.00
[58.641s][info][gc,mmu      ] GC(462) MMU: 2ms/95.9%, 5ms/98.4%, 10ms/99.2%, 20ms/99.6%, 50ms/99.8%, 100ms/99.9%
[58.641s][info][gc,marking  ] GC(462) Mark: 8 stripe(s), 3 proactive flush(es), 1 terminate flush(es), 0 completion(s), 0 continuation(s) 
[58.641s][info][gc,marking  ] GC(462) Mark Stack Usage: 32M
[58.641s][info][gc,nmethod  ] GC(462) NMethods: 4830 registered, 721 unregistered
[58.641s][info][gc,metaspace] GC(462) Metaspace: 72M used, 73M committed, 1088M reserved
[58.641s][info][gc,ref      ] GC(462) Soft: 2442 encountered, 0 discovered, 0 enqueued
[58.641s][info][gc,ref      ] GC(462) Weak: 10519 encountered, 1809 discovered, 12 enqueued
[58.641s][info][gc,ref      ] GC(462) Final: 289 encountered, 22 discovered, 0 enqueued
[58.641s][info][gc,ref      ] GC(462) Phantom: 424 encountered, 331 discovered, 0 enqueued
[58.641s][info][gc,reloc    ] GC(462) Small Pages: 287 / 574M, Empty: 322M, Relocated: 6M, In-Place: 0
[58.641s][info][gc,reloc    ] GC(462) Medium Pages: 0 / 0M, Empty: 0M, Relocated: 0M, In-Place: 0
[58.641s][info][gc,reloc    ] GC(462) Large Pages: 0 / 0M, Empty: 0M, Relocated: 0M, In-Place: 0
[58.641s][info][gc,reloc    ] GC(462) Forwarding Usage: 2M
[58.641s][info][gc,heap     ] GC(462) Min Capacity: 8M(1%)
[58.641s][info][gc,heap     ] GC(462) Max Capacity: 1024M(100%)
[58.641s][info][gc,heap     ] GC(462) Soft Max Capacity: 1024M(100%)
[58.641s][info][gc,heap     ] GC(462)                Mark Start          Mark End        Relocate Start      Relocate End           High               Low         
[58.641s][info][gc,heap     ] GC(462)  Capacity:     1024M (100%)       1024M (100%)       1024M (100%)       1024M (100%)       1024M (100%)       1024M (100%)   
[58.641s][info][gc,heap     ] GC(462)      Free:      450M (44%)         352M (34%)         634M (62%)         794M (78%)         802M (78%)         340M (33%)    
[58.642s][info][gc,heap     ] GC(462)      Used:      574M (56%)         672M (66%)         390M (38%)         230M (22%)         684M (67%)         222M (22%)    
[58.642s][info][gc,heap     ] GC(462)      Live:         -                49M (5%)           49M (5%)           49M (5%)             -                  -          
[58.642s][info][gc,heap     ] GC(462) Allocated:         -                98M (10%)         138M (13%)         155M (15%)            -                  -          
[58.642s][info][gc,heap     ] GC(462)   Garbage:         -               524M (51%)         202M (20%)          25M (2%)             -                  -          
[58.642s][info][gc,heap     ] GC(462) Reclaimed:         -                  -               322M (31%)         499M (49%)            -                  -          
[58.642s][info][gc          ] GC(462) Garbage Collection (Allocation Rate) 574M(56%)->230M(22%)
[58.696s][info][gc,start    ] GC(463) Garbage Collection (Allocation Rate)
[58.696s][info][gc,task     ] GC(463) Using 10 workers
[58.696s][info][gc,phases   ] GC(463) Pause Mark Start 0.014ms
[58.718s][info][gc,phases   ] GC(463) Concurrent Mark 22.281ms
[58.719s][info][gc,phases   ] GC(463) Pause Mark End 0.022ms
[58.719s][info][gc,phases   ] GC(463) Concurrent Mark Free 0.001ms
[58.721s][info][gc,phases   ] GC(463) Concurrent Process Non-Strong References 2.547ms
[58.721s][info][gc,phases   ] GC(463) Concurrent Reset Relocation Set 0.033ms
[58.727s][info][gc,phases   ] GC(463) Concurrent Select Relocation Set 5.889ms
[58.728s][info][gc,phases   ] GC(463) Pause Relocate Start 0.009ms
[58.732s][info][gc,phases   ] GC(463) Concurrent Relocate 4.217ms
[58.732s][info][gc,load     ] GC(463) Load: 0.00/0.00/0.00
[58.732s][info][gc,mmu      ] GC(463) MMU: 2ms/95.9%, 5ms/98.4%, 10ms/99.2%, 20ms/99.6%, 50ms/99.8%, 100ms/99.9%
[58.732s][info][gc,marking  ] GC(463) Mark: 8 stripe(s), 4 proactive flush(es), 1 terminate flush(es), 0 completion(s), 0 continuation(s) 
[58.732s][info][gc,marking  ] GC(463) Mark Stack Usage: 32M
[58.732s][info][gc,nmethod  ] GC(463) NMethods: 4829 registered, 723 unregistered
[58.732s][info][gc,metaspace] GC(463) Metaspace: 72M used, 73M committed, 1088M reserved
[58.732s][info][gc,ref      ] GC(463) Soft: 2442 encountered, 0 discovered, 0 enqueued
[58.732s][info][gc,ref      ] GC(463) Weak: 10442 encountered, 764 discovered, 12 enqueued
[58.732s][info][gc,ref      ] GC(463) Final: 289 encountered, 5 discovered, 0 enqueued
[58.732s][info][gc,ref      ] GC(463) Phantom: 424 encountered, 287 discovered, 0 enqueued
[58.732s][info][gc,reloc    ] GC(463) Small Pages: 246 / 492M, Empty: 246M, Relocated: 5M, In-Place: 0
[58.732s][info][gc,reloc    ] GC(463) Medium Pages: 0 / 0M, Empty: 0M, Relocated: 0M, In-Place: 0
[58.732s][info][gc,reloc    ] GC(463) Large Pages: 0 / 0M, Empty: 0M, Relocated: 0M, In-Place: 0
[58.732s][info][gc,reloc    ] GC(463) Forwarding Usage: 2M
[58.732s][info][gc,heap     ] GC(463) Min Capacity: 8M(1%)
[58.732s][info][gc,heap     ] GC(463) Max Capacity: 1024M(100%)
[58.732s][info][gc,heap     ] GC(463) Soft Max Capacity: 1024M(100%)
[58.732s][info][gc,heap     ] GC(463)                Mark Start          Mark End        Relocate Start      Relocate End           High               Low         
[58.732s][info][gc,heap     ] GC(463)  Capacity:     1024M (100%)       1024M (100%)       1024M (100%)       1024M (100%)       1024M (100%)       1024M (100%)   
[58.732s][info][gc,heap     ] GC(463)      Free:      532M (52%)         430M (42%)         636M (62%)         800M (78%)         800M (78%)         420M (41%)    
[58.732s][info][gc,heap     ] GC(463)      Used:      492M (48%)         594M (58%)         388M (38%)         224M (22%)         604M (59%)         224M (22%)    
[58.732s][info][gc,heap     ] GC(463)      Live:         -                49M (5%)           49M (5%)           49M (5%)             -                  -          
[58.732s][info][gc,heap     ] GC(463) Allocated:         -               102M (10%)         142M (14%)         147M (14%)            -                  -          
[58.732s][info][gc,heap     ] GC(463)   Garbage:         -               442M (43%)         196M (19%)          27M (3%)             -                  -          
[58.732s][info][gc,heap     ] GC(463) Reclaimed:         -                  -               246M (24%)         415M (41%)            -                  -          
[58.732s][info][gc          ] GC(463) Garbage Collection (Allocation Rate) 492M(48%)->224M(22%)
[58.796s][info][gc,start    ] GC(464) Garbage Collection (Allocation Rate)
[58.796s][info][gc,task     ] GC(464) Using 10 workers
[58.796s][info][gc,phases   ] GC(464) Pause Mark Start 0.010ms
[58.818s][info][gc,phases   ] GC(464) Concurrent Mark 21.828ms
[58.818s][info][gc,phases   ] GC(464) Pause Mark End 0.025ms
[58.819s][info][gc,phases   ] GC(464) Concurrent Mark Free 0.001ms
[58.821s][info][gc,phases   ] GC(464) Concurrent Process Non-Strong References 2.607ms
[58.821s][info][gc,phases   ] GC(464) Concurrent Reset Relocation Set 0.029ms
[58.831s][info][gc,phases   ] GC(464) Concurrent Select Relocation Set 9.366ms
[58.831s][info][gc,phases   ] GC(464) Pause Relocate Start 0.009ms
[58.836s][info][gc,phases   ] GC(464) Concurrent Relocate 5.125ms
[58.836s][info][gc,load     ] GC(464) Load: 0.00/0.00/0.00
[58.836s][info][gc,mmu      ] GC(464) MMU: 2ms/95.9%, 5ms/98.4%, 10ms/99.2%, 20ms/99.6%, 50ms/99.8%, 100ms/99.9%
[58.836s][info][gc,marking  ] GC(464) Mark: 8 stripe(s), 3 proactive flush(es), 1 terminate flush(es), 0 completion(s), 0 continuation(s) 
[58.836s][info][gc,marking  ] GC(464) Mark Stack Usage: 32M
[58.836s][info][gc,nmethod  ] GC(464) NMethods: 4845 registered, 723 unregistered
[58.836s][info][gc,metaspace] GC(464) Metaspace: 72M used, 73M committed, 1088M reserved
[58.836s][info][gc,ref      ] GC(464) Soft: 2442 encountered, 0 discovered, 0 enqueued
[58.836s][info][gc,ref      ] GC(464) Weak: 10345 encountered, 742 discovered, 25 enqueued
[58.837s][info][gc,ref      ] GC(464) Final: 289 encountered, 7 discovered, 0 enqueued
[58.837s][info][gc,ref      ] GC(464) Phantom: 424 encountered, 323 discovered, 0 enqueued
[58.837s][info][gc,reloc    ] GC(464) Small Pages: 265 / 530M, Empty: 238M, Relocated: 5M, In-Place: 0
[58.837s][info][gc,reloc    ] GC(464) Medium Pages: 0 / 0M, Empty: 0M, Relocated: 0M, In-Place: 0
[58.837s][info][gc,reloc    ] GC(464) Large Pages: 0 / 0M, Empty: 0M, Relocated: 0M, In-Place: 0
[58.837s][info][gc,reloc    ] GC(464) Forwarding Usage: 2M
[58.837s][info][gc,heap     ] GC(464) Min Capacity: 8M(1%)
[58.837s][info][gc,heap     ] GC(464) Max Capacity: 1024M(100%)
[58.837s][info][gc,heap     ] GC(464) Soft Max Capacity: 1024M(100%)
[58.837s][info][gc,heap     ] GC(464)                Mark Start          Mark End        Relocate Start      Relocate End           High               Low         
[58.837s][info][gc,heap     ] GC(464)  Capacity:     1024M (100%)       1024M (100%)       1024M (100%)       1024M (100%)       1024M (100%)       1024M (100%)   
[58.837s][info][gc,heap     ] GC(464)      Free:      494M (48%)         398M (39%)         588M (57%)         780M (76%)         794M (78%)         390M (38%)    
[58.837s][info][gc,heap     ] GC(464)      Used:      530M (52%)         626M (61%)         436M (43%)         244M (24%)         634M (62%)         230M (22%)    
[58.837s][info][gc,heap     ] GC(464)      Live:         -                49M (5%)           49M (5%)           49M (5%)             -                  -          
[58.837s][info][gc,heap     ] GC(464) Allocated:         -                96M (9%)          144M (14%)         167M (16%)            -                  -          
[58.837s][info][gc,heap     ] GC(464)   Garbage:         -               480M (47%)         242M (24%)          27M (3%)             -                  -          
[58.837s][info][gc,heap     ] GC(464) Reclaimed:         -                  -               238M (23%)         453M (44%)            -                  -          
[58.837s][info][gc          ] GC(464) Garbage Collection (Allocation Rate) 530M(52%)->244M(24%)
[58.896s][info][gc,start    ] GC(465) Garbage Collection (Allocation Rate)
[58.896s][info][gc,task     ] GC(465) Using 10 workers
[58.897s][info][gc,phases   ] GC(465) Pause Mark Start 0.012ms
[58.919s][info][gc,phases   ] GC(465) Concurrent Mark 22.528ms
[58.919s][info][gc,phases   ] GC(465) Pause Mark End 0.025ms
[58.920s][info][gc,phases   ] GC(465) Concurrent Mark Free 0.001ms
[58.922s][info][gc,phases   ] GC(465) Concurrent Process Non-Strong References 2.461ms
[58.922s][info][gc,phases   ] GC(465) Concurrent Reset Relocation Set 0.026ms
[58.928s][info][gc,phases   ] GC(465) Concurrent Select Relocation Set 5.711ms
[58.928s][info][gc,phases   ] GC(465) Pause Relocate Start 0.007ms
[58.932s][info][gc,phases   ] GC(465) Concurrent Relocate 4.172ms
[58.933s][info][gc,load     ] GC(465) Load: 0.00/0.00/0.00
[58.933s][info][gc,mmu      ] GC(465) MMU: 2ms/95.9%, 5ms/98.4%, 10ms/99.2%, 20ms/99.6%, 50ms/99.8%, 100ms/99.9%
[58.933s][info][gc,marking  ] GC(465) Mark: 8 stripe(s), 4 proactive flush(es), 1 terminate flush(es), 0 completion(s), 0 continuation(s) 
[58.933s][info][gc,marking  ] GC(465) Mark Stack Usage: 32M
[58.933s][info][gc,nmethod  ] GC(465) NMethods: 4883 registered, 723 unregistered
[58.933s][info][gc,metaspace] GC(465) Metaspace: 72M used, 73M committed, 1088M reserved
[58.933s][info][gc,ref      ] GC(465) Soft: 2442 encountered, 0 discovered, 0 enqueued
[58.933s][info][gc,ref      ] GC(465) Weak: 10233 encountered, 836 discovered, 18 enqueued
[58.933s][info][gc,ref      ] GC(465) Final: 289 encountered, 0 discovered, 0 enqueued
[58.933s][info][gc,ref      ] GC(465) Phantom: 424 encountered, 272 discovered, 0 enqueued
[58.933s][info][gc,reloc    ] GC(465) Small Pages: 253 / 506M, Empty: 252M, Relocated: 4M, In-Place: 0
[58.933s][info][gc,reloc    ] GC(465) Medium Pages: 0 / 0M, Empty: 0M, Relocated: 0M, In-Place: 0
[58.933s][info][gc,reloc    ] GC(465) Large Pages: 0 / 0M, Empty: 0M, Relocated: 0M, In-Place: 0
[58.933s][info][gc,reloc    ] GC(465) Forwarding Usage: 2M
[58.933s][info][gc,heap     ] GC(465) Min Capacity: 8M(1%)
[58.933s][info][gc,heap     ] GC(465) Max Capacity: 1024M(100%)
[58.933s][info][gc,heap     ] GC(465) Soft Max Capacity: 1024M(100%)
[58.933s][info][gc,heap     ] GC(465)                Mark Start          Mark End        Relocate Start      Relocate End           High               Low         
[58.933s][info][gc,heap     ] GC(465)  Capacity:     1024M (100%)       1024M (100%)       1024M (100%)       1024M (100%)       1024M (100%)       1024M (100%)   
[58.933s][info][gc,heap     ] GC(465)      Free:      518M (51%)         424M (41%)         646M (63%)         814M (79%)         816M (80%)         418M (41%)    
[58.933s][info][gc,heap     ] GC(465)      Used:      506M (49%)         600M (59%)         378M (37%)         210M (21%)         606M (59%)         208M (20%)    
[58.933s][info][gc,heap     ] GC(465)      Live:         -                49M (5%)           49M (5%)           49M (5%)             -                  -          
[58.933s][info][gc,heap     ] GC(465) Allocated:         -                94M (9%)          124M (12%)         133M (13%)            -                  -          
[58.933s][info][gc,heap     ] GC(465)   Garbage:         -               456M (45%)         204M (20%)          27M (3%)             -                  -          
[58.933s][info][gc,heap     ] GC(465) Reclaimed:         -                  -               252M (25%)         429M (42%)            -                  -          
[58.933s][info][gc          ] GC(465) Garbage Collection (Allocation Rate) 506M(49%)->210M(21%)
[58.996s][info][gc,start    ] GC(466) Garbage Collection (Allocation Rate)
[58.996s][info][gc,task     ] GC(466) Using 10 workers
[58.996s][info][gc,phases   ] GC(466) Pause Mark Start 0.009ms
[59.017s][info][gc,phases   ] GC(466) Concurrent Mark 21.258ms
[59.018s][info][gc,phases   ] GC(466) Pause Mark End 0.024ms
[59.018s][info][gc,phases   ] GC(466) Concurrent Mark Free 0.001ms
[59.020s][info][gc,phases   ] GC(466) Concurrent Process Non-Strong References 2.508ms
[59.020s][info][gc,phases   ] GC(466) Concurrent Reset Relocation Set 0.021ms
[59.028s][info][gc,phases   ] GC(466) Concurrent Select Relocation Set 7.860ms
[59.028s][info][gc,phases   ] GC(466) Pause Relocate Start 0.008ms
[59.033s][info][gc,phases   ] GC(466) Concurrent Relocate 4.728ms
[59.033s][info][gc,load     ] GC(466) Load: 0.00/0.00/0.00
[59.033s][info][gc,mmu      ] GC(466) MMU: 2ms/95.9%, 5ms/98.4%, 10ms/99.2%, 20ms/99.6%, 50ms/99.8%, 100ms/99.9%
[59.033s][info][gc,marking  ] GC(466) Mark: 8 stripe(s), 3 proactive flush(es), 1 terminate flush(es), 0 completion(s), 0 continuation(s) 
[59.033s][info][gc,marking  ] GC(466) Mark Stack Usage: 32M
[59.033s][info][gc,nmethod  ] GC(466) NMethods: 4883 registered, 724 unregistered
[59.033s][info][gc,metaspace] GC(466) Metaspace: 72M used, 73M committed, 1088M reserved
[59.033s][info][gc,ref      ] GC(466) Soft: 2442 encountered, 0 discovered, 0 enqueued
[59.033s][info][gc,ref      ] GC(466) Weak: 10203 encountered, 828 discovered, 7 enqueued
[59.033s][info][gc,ref      ] GC(466) Final: 289 encountered, 12 discovered, 0 enqueued
[59.033s][info][gc,ref      ] GC(466) Phantom: 424 encountered, 310 discovered, 0 enqueued
[59.034s][info][gc,reloc    ] GC(466) Small Pages: 242 / 484M, Empty: 300M, Relocated: 4M, In-Place: 0
[59.034s][info][gc,reloc    ] GC(466) Medium Pages: 0 / 0M, Empty: 0M, Relocated: 0M, In-Place: 0
[59.034s][info][gc,reloc    ] GC(466) Large Pages: 0 / 0M, Empty: 0M, Relocated: 0M, In-Place: 0
[59.034s][info][gc,reloc    ] GC(466) Forwarding Usage: 2M
[59.034s][info][gc,heap     ] GC(466) Min Capacity: 8M(1%)
[59.034s][info][gc,heap     ] GC(466) Max Capacity: 1024M(100%)
[59.034s][info][gc,heap     ] GC(466) Soft Max Capacity: 1024M(100%)
[59.034s][info][gc,heap     ] GC(466)                Mark Start          Mark End        Relocate Start      Relocate End           High               Low         
[59.034s][info][gc,heap     ] GC(466)  Capacity:     1024M (100%)       1024M (100%)       1024M (100%)       1024M (100%)       1024M (100%)       1024M (100%)   
[59.034s][info][gc,heap     ] GC(466)      Free:      540M (53%)         448M (44%)         712M (70%)         800M (78%)         810M (79%)         442M (43%)    
[59.034s][info][gc,heap     ] GC(466)      Used:      484M (47%)         576M (56%)         312M (30%)         224M (22%)         582M (57%)         214M (21%)    
[59.034s][info][gc,heap     ] GC(466)      Live:         -                49M (5%)           49M (5%)           49M (5%)             -                  -          
[59.034s][info][gc,heap     ] GC(466) Allocated:         -                92M (9%)          128M (13%)         147M (14%)            -                  -          
[59.034s][info][gc,heap     ] GC(466)   Garbage:         -               434M (42%)         134M (13%)          27M (3%)             -                  -          
[59.034s][info][gc,heap     ] GC(466) Reclaimed:         -                  -               300M (29%)         407M (40%)            -                  -          
[59.034s][info][gc          ] GC(466) Garbage Collection (Allocation Rate) 484M(47%)->224M(22%)
[59.097s][info][gc,start    ] GC(467) Garbage Collection (Allocation Rate)
[59.097s][info][gc,task     ] GC(467) Using 10 workers
[59.097s][info][gc,phases   ] GC(467) Pause Mark Start 0.009ms
[59.117s][info][gc,phases   ] GC(467) Concurrent Mark 20.092ms
[59.117s][info][gc,phases   ] GC(467) Pause Mark End 0.022ms
[59.117s][info][gc,phases   ] GC(467) Concurrent Mark Free 0.002ms
[59.120s][info][gc,phases   ] GC(467) Concurrent Process Non-Strong References 2.427ms
[59.120s][info][gc,phases   ] GC(467) Concurrent Reset Relocation Set 0.015ms
[59.128s][info][gc,phases   ] GC(467) Concurrent Select Relocation Set 7.952ms
[59.128s][info][gc,phases   ] GC(467) Pause Relocate Start 0.008ms
[59.132s][info][gc,phases   ] GC(467) Concurrent Relocate 3.471ms
[59.132s][info][gc,load     ] GC(467) Load: 0.00/0.00/0.00
[59.132s][info][gc,mmu      ] GC(467) MMU: 2ms/95.9%, 5ms/98.4%, 10ms/99.2%, 20ms/99.6%, 50ms/99.8%, 100ms/99.9%
[59.132s][info][gc,marking  ] GC(467) Mark: 8 stripe(s), 2 proactive flush(es), 1 terminate flush(es), 0 completion(s), 0 continuation(s) 
[59.132s][info][gc,marking  ] GC(467) Mark Stack Usage: 32M
[59.132s][info][gc,nmethod  ] GC(467) NMethods: 4885 registered, 725 unregistered
[59.132s][info][gc,metaspace] GC(467) Metaspace: 72M used, 73M committed, 1088M reserved
[59.132s][info][gc,ref      ] GC(467) Soft: 2442 encountered, 0 discovered, 0 enqueued
[59.132s][info][gc,ref      ] GC(467) Weak: 10097 encountered, 598 discovered, 25 enqueued
[59.132s][info][gc,ref      ] GC(467) Final: 289 encountered, 8 discovered, 0 enqueued
[59.132s][info][gc,ref      ] GC(467) Phantom: 424 encountered, 248 discovered, 0 enqueued
[59.132s][info][gc,reloc    ] GC(467) Small Pages: 241 / 482M, Empty: 258M, Relocated: 8M, In-Place: 0
[59.132s][info][gc,reloc    ] GC(467) Medium Pages: 0 / 0M, Empty: 0M, Relocated: 0M, In-Place: 0
[59.132s][info][gc,reloc    ] GC(467) Large Pages: 0 / 0M, Empty: 0M, Relocated: 0M, In-Place: 0
[59.132s][info][gc,reloc    ] GC(467) Forwarding Usage: 2M
[59.132s][info][gc,heap     ] GC(467) Min Capacity: 8M(1%)
[59.132s][info][gc,heap     ] GC(467) Max Capacity: 1024M(100%)
[59.132s][info][gc,heap     ] GC(467) Soft Max Capacity: 1024M(100%)
[59.132s][info][gc,heap     ] GC(467)                Mark Start          Mark End        Relocate Start      Relocate End           High               Low         
[59.132s][info][gc,heap     ] GC(467)  Capacity:     1024M (100%)       1024M (100%)       1024M (100%)       1024M (100%)       1024M (100%)       1024M (100%)   
[59.132s][info][gc,heap     ] GC(467)      Free:      542M (53%)         462M (45%)         686M (67%)         826M (81%)         828M (81%)         456M (45%)    
[59.132s][info][gc,heap     ] GC(467)      Used:      482M (47%)         562M (55%)         338M (33%)         198M (19%)         568M (55%)         196M (19%)    
[59.132s][info][gc,heap     ] GC(467)      Live:         -                48M (5%)           48M (5%)           48M (5%)             -                  -          
[59.132s][info][gc,heap     ] GC(467) Allocated:         -                80M (8%)          114M (11%)         127M (12%)            -                  -          
[59.132s][info][gc,heap     ] GC(467)   Garbage:         -               433M (42%)         175M (17%)          21M (2%)             -                  -          
[59.132s][info][gc,heap     ] GC(467) Reclaimed:         -                  -               258M (25%)         411M (40%)            -                  -          
[59.132s][info][gc          ] GC(467) Garbage Collection (Allocation Rate) 482M(47%)->198M(19%)
[59.196s][info][gc,start    ] GC(468) Garbage Collection (Allocation Rate)
[59.196s][info][gc,task     ] GC(468) Using 10 workers
[59.196s][info][gc,phases   ] GC(468) Pause Mark Start 0.009ms
[59.217s][info][gc,phases   ] GC(468) Concurrent Mark 20.512ms
[59.217s][info][gc,phases   ] GC(468) Pause Mark End 0.019ms
[59.217s][info][gc,phases   ] GC(468) Concurrent Mark Free 0.001ms
[59.219s][info][gc,phases   ] GC(468) Concurrent Process Non-Strong References 2.365ms
[59.219s][info][gc,phases   ] GC(468) Concurrent Reset Relocation Set 0.021ms
[59.223s][info][gc,phases   ] GC(468) Concurrent Select Relocation Set 3.605ms
[59.223s][info][gc,phases   ] GC(468) Pause Relocate Start 0.007ms
[59.227s][info][gc,phases   ] GC(468) Concurrent Relocate 3.781ms
[59.227s][info][gc,load     ] GC(468) Load: 0.00/0.00/0.00
[59.227s][info][gc,mmu      ] GC(468) MMU: 2ms/95.9%, 5ms/98.4%, 10ms/99.2%, 20ms/99.6%, 50ms/99.8%, 100ms/99.9%
[59.227s][info][gc,marking  ] GC(468) Mark: 8 stripe(s), 2 proactive flush(es), 1 terminate flush(es), 0 completion(s), 0 continuation(s) 
[59.227s][info][gc,marking  ] GC(468) Mark Stack Usage: 32M
[59.227s][info][gc,nmethod  ] GC(468) NMethods: 4885 registered, 725 unregistered
[59.227s][info][gc,metaspace] GC(468) Metaspace: 72M used, 73M committed, 1088M reserved
[59.227s][info][gc,ref      ] GC(468) Soft: 2442 encountered, 0 discovered, 0 enqueued
[59.227s][info][gc,ref      ] GC(468) Weak: 10023 encountered, 955 discovered, 13 enqueued
[59.227s][info][gc,ref      ] GC(468) Final: 289 encountered, 17 discovered, 0 enqueued
[59.227s][info][gc,ref      ] GC(468) Phantom: 424 encountered, 297 discovered, 0 enqueued
[59.227s][info][gc,reloc    ] GC(468) Small Pages: 221 / 442M, Empty: 246M, Relocated: 6M, In-Place: 0
[59.227s][info][gc,reloc    ] GC(468) Medium Pages: 0 / 0M, Empty: 0M, Relocated: 0M, In-Place: 0
[59.227s][info][gc,reloc    ] GC(468) Large Pages: 0 / 0M, Empty: 0M, Relocated: 0M, In-Place: 0
[59.227s][info][gc,reloc    ] GC(468) Forwarding Usage: 2M
[59.227s][info][gc,heap     ] GC(468) Min Capacity: 8M(1%)
[59.227s][info][gc,heap     ] GC(468) Max Capacity: 1024M(100%)
[59.227s][info][gc,heap     ] GC(468) Soft Max Capacity: 1024M(100%)
[59.227s][info][gc,heap     ] GC(468)                Mark Start          Mark End        Relocate Start      Relocate End           High               Low         
[59.227s][info][gc,heap     ] GC(468)  Capacity:     1024M (100%)       1024M (100%)       1024M (100%)       1024M (100%)       1024M (100%)       1024M (100%)   
[59.227s][info][gc,heap     ] GC(468)      Free:      582M (57%)         510M (50%)         734M (72%)         852M (83%)         852M (83%)         504M (49%)    
[59.227s][info][gc,heap     ] GC(468)      Used:      442M (43%)         514M (50%)         290M (28%)         172M (17%)         520M (51%)         172M (17%)    
[59.227s][info][gc,heap     ] GC(468)      Live:         -                48M (5%)           48M (5%)           48M (5%)             -                  -          
[59.227s][info][gc,heap     ] GC(468) Allocated:         -                72M (7%)           94M (9%)           99M (10%)            -                  -          
[59.227s][info][gc,heap     ] GC(468)   Garbage:         -               393M (38%)         147M (14%)          23M (2%)             -                  -          
[59.227s][info][gc,heap     ] GC(468) Reclaimed:         -                  -               246M (24%)         369M (36%)            -                  -          
[59.227s][info][gc          ] GC(468) Garbage Collection (Allocation Rate) 442M(43%)->172M(17%)
[59.303s][info][gc,start    ] GC(469) Garbage Collection (Allocation Rate)
[59.303s][info][gc,task     ] GC(469) Using 10 workers
[59.303s][info][gc,phases   ] GC(469) Pause Mark Start 0.014ms
[59.333s][info][gc,phases   ] GC(469) Concurrent Mark 29.823ms
[59.333s][info][gc,phases   ] GC(469) Pause Mark End 0.027ms
[59.334s][info][gc,phases   ] GC(469) Concurrent Mark Free 0.001ms
[59.336s][info][gc,phases   ] GC(469) Concurrent Process Non-Strong References 2.443ms
[59.336s][info][gc,phases   ] GC(469) Concurrent Reset Relocation Set 0.015ms
[59.340s][info][gc,phases   ] GC(469) Concurrent Select Relocation Set 3.524ms
[59.340s][info][gc,phases   ] GC(469) Pause Relocate Start 0.008ms
[59.343s][info][gc,phases   ] GC(469) Concurrent Relocate 3.560ms
[59.343s][info][gc,load     ] GC(469) Load: 0.00/0.00/0.00
[59.344s][info][gc,mmu      ] GC(469) MMU: 2ms/95.9%, 5ms/98.4%, 10ms/99.2%, 20ms/99.6%, 50ms/99.8%, 100ms/99.9%
[59.344s][info][gc,marking  ] GC(469) Mark: 8 stripe(s), 2 proactive flush(es), 1 terminate flush(es), 0 completion(s), 0 continuation(s) 
[59.344s][info][gc,marking  ] GC(469) Mark Stack Usage: 32M
[59.344s][info][gc,nmethod  ] GC(469) NMethods: 4885 registered, 725 unregistered
[59.344s][info][gc,metaspace] GC(469) Metaspace: 72M used, 73M committed, 1088M reserved
[59.344s][info][gc,ref      ] GC(469) Soft: 2442 encountered, 0 discovered, 0 enqueued
[59.344s][info][gc,ref      ] GC(469) Weak: 10010 encountered, 1258 discovered, 0 enqueued
[59.344s][info][gc,ref      ] GC(469) Final: 289 encountered, 17 discovered, 0 enqueued
[59.344s][info][gc,ref      ] GC(469) Phantom: 424 encountered, 283 discovered, 0 enqueued
[59.344s][info][gc,reloc    ] GC(469) Small Pages: 223 / 446M, Empty: 266M, Relocated: 6M, In-Place: 0
[59.344s][info][gc,reloc    ] GC(469) Medium Pages: 0 / 0M, Empty: 0M, Relocated: 0M, In-Place: 0
[59.344s][info][gc,reloc    ] GC(469) Large Pages: 0 / 0M, Empty: 0M, Relocated: 0M, In-Place: 0
[59.344s][info][gc,reloc    ] GC(469) Forwarding Usage: 2M
[59.344s][info][gc,heap     ] GC(469) Min Capacity: 8M(1%)
[59.344s][info][gc,heap     ] GC(469) Max Capacity: 1024M(100%)
[59.344s][info][gc,heap     ] GC(469) Soft Max Capacity: 1024M(100%)
[59.344s][info][gc,heap     ] GC(469)                Mark Start          Mark End        Relocate Start      Relocate End           High               Low         
[59.344s][info][gc,heap     ] GC(469)  Capacity:     1024M (100%)       1024M (100%)       1024M (100%)       1024M (100%)       1024M (100%)       1024M (100%)   
[59.344s][info][gc,heap     ] GC(469)      Free:      578M (56%)         478M (47%)         722M (71%)         822M (80%)         822M (80%)         466M (46%)    
[59.344s][info][gc,heap     ] GC(469)      Used:      446M (44%)         546M (53%)         302M (29%)         202M (20%)         558M (54%)         202M (20%)    
[59.344s][info][gc,heap     ] GC(469)      Live:         -                48M (5%)           48M (5%)           48M (5%)             -                  -          
[59.344s][info][gc,heap     ] GC(469) Allocated:         -               100M (10%)         122M (12%)         129M (13%)            -                  -          
[59.344s][info][gc,heap     ] GC(469)   Garbage:         -               397M (39%)         131M (13%)          23M (2%)             -                  -          
[59.344s][info][gc,heap     ] GC(469) Reclaimed:         -                  -               266M (26%)         373M (36%)            -                  -          
[59.344s][info][gc          ] GC(469) Garbage Collection (Allocation Rate) 446M(44%)->202M(20%)
[59.403s][info][gc,start    ] GC(470) Garbage Collection (Allocation Rate)
[59.403s][info][gc,task     ] GC(470) Using 10 workers
[59.403s][info][gc,phases   ] GC(470) Pause Mark Start 0.014ms
[59.444s][info][gc,phases   ] GC(470) Concurrent Mark 40.336ms
[59.444s][info][gc,phases   ] GC(470) Pause Mark End 0.030ms
[59.444s][info][gc,phases   ] GC(470) Concurrent Mark Free 0.001ms
[59.447s][info][gc,phases   ] GC(470) Concurrent Process Non-Strong References 2.389ms
[59.447s][info][gc,phases   ] GC(470) Concurrent Reset Relocation Set 0.014ms
[59.450s][info][gc,phases   ] GC(470) Concurrent Select Relocation Set 3.282ms
[59.450s][info][gc,phases   ] GC(470) Pause Relocate Start 0.007ms
[59.455s][info][gc,phases   ] GC(470) Concurrent Relocate 4.921ms
[59.455s][info][gc,load     ] GC(470) Load: 0.00/0.00/0.00
[59.455s][info][gc,mmu      ] GC(470) MMU: 2ms/95.9%, 5ms/98.4%, 10ms/99.2%, 20ms/99.6%, 50ms/99.8%, 100ms/99.9%
[59.455s][info][gc,marking  ] GC(470) Mark: 8 stripe(s), 4 proactive flush(es), 1 terminate flush(es), 0 completion(s), 0 continuation(s) 
[59.455s][info][gc,marking  ] GC(470) Mark Stack Usage: 32M
[59.455s][info][gc,nmethod  ] GC(470) NMethods: 4888 registered, 726 unregistered
[59.455s][info][gc,metaspace] GC(470) Metaspace: 72M used, 73M committed, 1088M reserved
[59.455s][info][gc,ref      ] GC(470) Soft: 2442 encountered, 0 discovered, 0 enqueued
[59.455s][info][gc,ref      ] GC(470) Weak: 9936 encountered, 1269 discovered, 18 enqueued
[59.455s][info][gc,ref      ] GC(470) Final: 289 encountered, 19 discovered, 0 enqueued
[59.455s][info][gc,ref      ] GC(470) Phantom: 424 encountered, 307 discovered, 0 enqueued
[59.455s][info][gc,reloc    ] GC(470) Small Pages: 203 / 406M, Empty: 206M, Relocated: 6M, In-Place: 0
[59.455s][info][gc,reloc    ] GC(470) Medium Pages: 0 / 0M, Empty: 0M, Relocated: 0M, In-Place: 0
[59.455s][info][gc,reloc    ] GC(470) Large Pages: 0 / 0M, Empty: 0M, Relocated: 0M, In-Place: 0
[59.455s][info][gc,reloc    ] GC(470) Forwarding Usage: 2M
[59.455s][info][gc,heap     ] GC(470) Min Capacity: 8M(1%)
[59.455s][info][gc,heap     ] GC(470) Max Capacity: 1024M(100%)
[59.455s][info][gc,heap     ] GC(470) Soft Max Capacity: 1024M(100%)
[59.455s][info][gc,heap     ] GC(470)                Mark Start          Mark End        Relocate Start      Relocate End           High               Low         
[59.455s][info][gc,heap     ] GC(470)  Capacity:     1024M (100%)       1024M (100%)       1024M (100%)       1024M (100%)       1024M (100%)       1024M (100%)   
[59.455s][info][gc,heap     ] GC(470)      Free:      618M (60%)         492M (48%)         680M (66%)         798M (78%)         804M (79%)         488M (48%)    
[59.455s][info][gc,heap     ] GC(470)      Used:      406M (40%)         532M (52%)         344M (34%)         226M (22%)         536M (52%)         220M (21%)    
[59.455s][info][gc,heap     ] GC(470)      Live:         -                48M (5%)           48M (5%)           48M (5%)             -                  -          
[59.455s][info][gc,heap     ] GC(470) Allocated:         -               126M (12%)         144M (14%)         153M (15%)            -                  -          
[59.455s][info][gc,heap     ] GC(470)   Garbage:         -               357M (35%)         151M (15%)          23M (2%)             -                  -          
[59.455s][info][gc,heap     ] GC(470) Reclaimed:         -                  -               206M (20%)         333M (33%)            -                  -          
[59.455s][info][gc          ] GC(470) Garbage Collection (Allocation Rate) 406M(40%)->226M(22%)
[59.503s][info][gc,start    ] GC(471) Garbage Collection (Allocation Rate)
[59.503s][info][gc,task     ] GC(471) Using 10 workers
[59.504s][info][gc,phases   ] GC(471) Pause Mark Start 0.010ms
[59.523s][info][gc,phases   ] GC(471) Concurrent Mark 19.498ms
[59.523s][info][gc,phases   ] GC(471) Pause Mark End 0.026ms
[59.523s][info][gc,phases   ] GC(471) Concurrent Mark Free 0.001ms
[59.526s][info][gc,phases   ] GC(471) Concurrent Process Non-Strong References 2.344ms
[59.526s][info][gc,phases   ] GC(471) Concurrent Reset Relocation Set 0.013ms
[59.533s][info][gc,phases   ] GC(471) Concurrent Select Relocation Set 6.683ms
[59.533s][info][gc,phases   ] GC(471) Pause Relocate Start 0.009ms
[59.537s][info][gc,phases   ] GC(471) Concurrent Relocate 3.765ms
[59.537s][info][gc,load     ] GC(471) Load: 0.00/0.00/0.00
[59.537s][info][gc,mmu      ] GC(471) MMU: 2ms/95.9%, 5ms/98.4%, 10ms/99.2%, 20ms/99.6%, 50ms/99.8%, 100ms/99.9%
[59.537s][info][gc,marking  ] GC(471) Mark: 8 stripe(s), 4 proactive flush(es), 1 terminate flush(es), 0 completion(s), 0 continuation(s) 
[59.537s][info][gc,marking  ] GC(471) Mark Stack Usage: 32M
[59.537s][info][gc,nmethod  ] GC(471) NMethods: 4887 registered, 727 unregistered
[59.537s][info][gc,metaspace] GC(471) Metaspace: 72M used, 73M committed, 1088M reserved
[59.537s][info][gc,ref      ] GC(471) Soft: 2442 encountered, 0 discovered, 0 enqueued
[59.537s][info][gc,ref      ] GC(471) Weak: 9892 encountered, 1034 discovered, 6 enqueued
[59.537s][info][gc,ref      ] GC(471) Final: 289 encountered, 20 discovered, 0 enqueued
[59.537s][info][gc,ref      ] GC(471) Phantom: 424 encountered, 321 discovered, 0 enqueued
[59.537s][info][gc,reloc    ] GC(471) Small Pages: 190 / 380M, Empty: 220M, Relocated: 6M, In-Place: 0
[59.537s][info][gc,reloc    ] GC(471) Medium Pages: 0 / 0M, Empty: 0M, Relocated: 0M, In-Place: 0
[59.537s][info][gc,reloc    ] GC(471) Large Pages: 0 / 0M, Empty: 0M, Relocated: 0M, In-Place: 0
[59.537s][info][gc,reloc    ] GC(471) Forwarding Usage: 2M
[59.537s][info][gc,heap     ] GC(471) Min Capacity: 8M(1%)
[59.537s][info][gc,heap     ] GC(471) Max Capacity: 1024M(100%)
[59.537s][info][gc,heap     ] GC(471) Soft Max Capacity: 1024M(100%)
[59.537s][info][gc,heap     ] GC(471)                Mark Start          Mark End        Relocate Start      Relocate End           High               Low         
[59.537s][info][gc,heap     ] GC(471)  Capacity:     1024M (100%)       1024M (100%)       1024M (100%)       1024M (100%)       1024M (100%)       1024M (100%)   
[59.537s][info][gc,heap     ] GC(471)      Free:      644M (63%)         590M (58%)         786M (77%)         862M (84%)         864M (84%)         584M (57%)    
[59.537s][info][gc,heap     ] GC(471)      Used:      380M (37%)         434M (42%)         238M (23%)         162M (16%)         440M (43%)         160M (16%)    
[59.537s][info][gc,heap     ] GC(471)      Live:         -                48M (5%)           48M (5%)           48M (5%)             -                  -          
[59.537s][info][gc,heap     ] GC(471) Allocated:         -                54M (5%)           78M (8%)           89M (9%)             -                  -          
[59.537s][info][gc,heap     ] GC(471)   Garbage:         -               331M (32%)         111M (11%)          24M (2%)             -                  -          
[59.537s][info][gc,heap     ] GC(471) Reclaimed:         -                  -               220M (21%)         307M (30%)            -                  -          
[59.537s][info][gc          ] GC(471) Garbage Collection (Allocation Rate) 380M(37%)->162M(16%)
[59.604s][info][gc,start    ] GC(472) Garbage Collection (Allocation Rate)
[59.604s][info][gc,task     ] GC(472) Using 10 workers
[59.604s][info][gc,phases   ] GC(472) Pause Mark Start 0.010ms
[59.628s][info][gc,phases   ] GC(472) Concurrent Mark 24.135ms
[59.628s][info][gc,phases   ] GC(472) Pause Mark End 0.023ms
[59.628s][info][gc,phases   ] GC(472) Concurrent Mark Free 0.001ms
[59.631s][info][gc,phases   ] GC(472) Concurrent Process Non-Strong References 2.099ms
[59.631s][info][gc,phases   ] GC(472) Concurrent Reset Relocation Set 0.012ms
[59.635s][info][gc,phases   ] GC(472) Concurrent Select Relocation Set 4.368ms
[59.635s][info][gc,phases   ] GC(472) Pause Relocate Start 0.007ms
[59.639s][info][gc,phases   ] GC(472) Concurrent Relocate 3.793ms
[59.639s][info][gc,load     ] GC(472) Load: 0.00/0.00/0.00
[59.639s][info][gc,mmu      ] GC(472) MMU: 2ms/95.9%, 5ms/98.4%, 10ms/99.2%, 20ms/99.6%, 50ms/99.8%, 100ms/99.9%
[59.639s][info][gc,marking  ] GC(472) Mark: 8 stripe(s), 3 proactive flush(es), 1 terminate flush(es), 0 completion(s), 0 continuation(s) 
[59.639s][info][gc,marking  ] GC(472) Mark Stack Usage: 32M
[59.639s][info][gc,nmethod  ] GC(472) NMethods: 4888 registered, 727 unregistered
[59.639s][info][gc,metaspace] GC(472) Metaspace: 72M used, 73M committed, 1088M reserved
[59.639s][info][gc,ref      ] GC(472) Soft: 2442 encountered, 0 discovered, 0 enqueued
[59.639s][info][gc,ref      ] GC(472) Weak: 9787 encountered, 1167 discovered, 25 enqueued
[59.639s][info][gc,ref      ] GC(472) Final: 289 encountered, 18 discovered, 0 enqueued
[59.639s][info][gc,ref      ] GC(472) Phantom: 424 encountered, 327 discovered, 0 enqueued
[59.639s][info][gc,reloc    ] GC(472) Small Pages: 179 / 358M, Empty: 182M, Relocated: 4M, In-Place: 0
[59.639s][info][gc,reloc    ] GC(472) Medium Pages: 0 / 0M, Empty: 0M, Relocated: 0M, In-Place: 0
[59.639s][info][gc,reloc    ] GC(472) Large Pages: 0 / 0M, Empty: 0M, Relocated: 0M, In-Place: 0
[59.639s][info][gc,reloc    ] GC(472) Forwarding Usage: 1M
[59.639s][info][gc,heap     ] GC(472) Min Capacity: 8M(1%)
[59.639s][info][gc,heap     ] GC(472) Max Capacity: 1024M(100%)
[59.639s][info][gc,heap     ] GC(472) Soft Max Capacity: 1024M(100%)
[59.639s][info][gc,heap     ] GC(472)                Mark Start          Mark End        Relocate Start      Relocate End           High               Low         
[59.639s][info][gc,heap     ] GC(472)  Capacity:     1024M (100%)       1024M (100%)       1024M (100%)       1024M (100%)       1024M (100%)       1024M (100%)   
[59.639s][info][gc,heap     ] GC(472)      Free:      666M (65%)         606M (59%)         770M (75%)         864M (84%)         866M (85%)         602M (59%)    
[59.639s][info][gc,heap     ] GC(472)      Used:      358M (35%)         418M (41%)         254M (25%)         160M (16%)         422M (41%)         158M (15%)    
[59.639s][info][gc,heap     ] GC(472)      Live:         -                47M (5%)           47M (5%)           47M (5%)             -                  -          
[59.639s][info][gc,heap     ] GC(472) Allocated:         -                60M (6%)           78M (8%)           85M (8%)             -                  -          
[59.639s][info][gc,heap     ] GC(472)   Garbage:         -               310M (30%)         128M (13%)          26M (3%)             -                  -          
[59.639s][info][gc,heap     ] GC(472) Reclaimed:         -                  -               182M (18%)         283M (28%)            -                  -          
[59.639s][info][gc          ] GC(472) Garbage Collection (Allocation Rate) 358M(35%)->160M(16%)
[59.703s][info][gc,start    ] GC(473) Garbage Collection (Allocation Rate)
[59.703s][info][gc,task     ] GC(473) Using 10 workers
[59.704s][info][gc,phases   ] GC(473) Pause Mark Start 0.007ms
[59.723s][info][gc,phases   ] GC(473) Concurrent Mark 19.589ms
[59.723s][info][gc,phases   ] GC(473) Pause Mark End 0.023ms
[59.723s][info][gc,phases   ] GC(473) Concurrent Mark Free 0.000ms
[59.725s][info][gc,phases   ] GC(473) Concurrent Process Non-Strong References 1.781ms
[59.725s][info][gc,phases   ] GC(473) Concurrent Reset Relocation Set 0.012ms
[59.730s][info][gc,phases   ] GC(473) Concurrent Select Relocation Set 4.453ms
[59.730s][info][gc,phases   ] GC(473) Pause Relocate Start 0.008ms
[59.733s][info][gc,phases   ] GC(473) Concurrent Relocate 3.483ms
[59.734s][info][gc,load     ] GC(473) Load: 0.00/0.00/0.00
[59.734s][info][gc,mmu      ] GC(473) MMU: 2ms/95.9%, 5ms/98.4%, 10ms/99.2%, 20ms/99.6%, 50ms/99.8%, 100ms/99.9%
[59.734s][info][gc,marking  ] GC(473) Mark: 8 stripe(s), 2 proactive flush(es), 1 terminate flush(es), 0 completion(s), 0 continuation(s) 
[59.734s][info][gc,marking  ] GC(473) Mark Stack Usage: 32M
[59.734s][info][gc,nmethod  ] GC(473) NMethods: 4888 registered, 728 unregistered
[59.734s][info][gc,metaspace] GC(473) Metaspace: 72M used, 73M committed, 1088M reserved
[59.734s][info][gc,ref      ] GC(473) Soft: 2442 encountered, 0 discovered, 0 enqueued
[59.734s][info][gc,ref      ] GC(473) Weak: 9688 encountered, 1188 discovered, 19 enqueued
[59.734s][info][gc,ref      ] GC(473) Final: 289 encountered, 30 discovered, 0 enqueued
[59.734s][info][gc,ref      ] GC(473) Phantom: 424 encountered, 276 discovered, 0 enqueued
[59.734s][info][gc,reloc    ] GC(473) Small Pages: 166 / 332M, Empty: 160M, Relocated: 4M, In-Place: 0
[59.734s][info][gc,reloc    ] GC(473) Medium Pages: 0 / 0M, Empty: 0M, Relocated: 0M, In-Place: 0
[59.734s][info][gc,reloc    ] GC(473) Large Pages: 0 / 0M, Empty: 0M, Relocated: 0M, In-Place: 0
[59.734s][info][gc,reloc    ] GC(473) Forwarding Usage: 1M
[59.734s][info][gc,heap     ] GC(473) Min Capacity: 8M(1%)
[59.734s][info][gc,heap     ] GC(473) Max Capacity: 1024M(100%)
[59.734s][info][gc,heap     ] GC(473) Soft Max Capacity: 1024M(100%)
[59.734s][info][gc,heap     ] GC(473)                Mark Start          Mark End        Relocate Start      Relocate End           High               Low         
[59.734s][info][gc,heap     ] GC(473)  Capacity:     1024M (100%)       1024M (100%)       1024M (100%)       1024M (100%)       1024M (100%)       1024M (100%)   
[59.734s][info][gc,heap     ] GC(473)      Free:      692M (68%)         652M (64%)         798M (78%)         888M (87%)         888M (87%)         646M (63%)    
[59.734s][info][gc,heap     ] GC(473)      Used:      332M (32%)         372M (36%)         226M (22%)         136M (13%)         378M (37%)         136M (13%)    
[59.734s][info][gc,heap     ] GC(473)      Live:         -                47M (5%)           47M (5%)           47M (5%)             -                  -          
[59.734s][info][gc,heap     ] GC(473) Allocated:         -                40M (4%)           54M (5%)           61M (6%)             -                  -          
[59.734s][info][gc,heap     ] GC(473)   Garbage:         -               284M (28%)         124M (12%)          26M (3%)             -                  -          
[59.734s][info][gc,heap     ] GC(473) Reclaimed:         -                  -               160M (16%)         257M (25%)            -                  -          
[59.734s][info][gc          ] GC(473) Garbage Collection (Allocation Rate) 332M(32%)->136M(13%)
[59.796s][info][gc,start    ] GC(474) Garbage Collection (Allocation Rate)
[59.796s][info][gc,task     ] GC(474) Using 10 workers
[59.796s][info][gc,phases   ] GC(474) Pause Mark Start 0.010ms
[59.813s][info][gc,phases   ] GC(474) Concurrent Mark 16.466ms
[59.813s][info][gc,phases   ] GC(474) Pause Mark End 0.026ms
[59.813s][info][gc,phases   ] GC(474) Concurrent Mark Free 0.001ms
[59.815s][info][gc,phases   ] GC(474) Concurrent Process Non-Strong References 1.649ms
[59.815s][info][gc,phases   ] GC(474) Concurrent Reset Relocation Set 0.008ms
[59.818s][info][gc,phases   ] GC(474) Concurrent Select Relocation Set 2.536ms
[59.818s][info][gc,phases   ] GC(474) Pause Relocate Start 0.008ms
[59.819s][info][gc,phases   ] GC(474) Concurrent Relocate 1.607ms
[59.819s][info][gc,load     ] GC(474) Load: 0.00/0.00/0.00
[59.819s][info][gc,mmu      ] GC(474) MMU: 2ms/95.9%, 5ms/98.4%, 10ms/99.2%, 20ms/99.6%, 50ms/99.8%, 100ms/99.9%
[59.819s][info][gc,marking  ] GC(474) Mark: 8 stripe(s), 3 proactive flush(es), 1 terminate flush(es), 0 completion(s), 0 continuation(s) 
[59.819s][info][gc,marking  ] GC(474) Mark Stack Usage: 32M
[59.819s][info][gc,nmethod  ] GC(474) NMethods: 4889 registered, 729 unregistered
[59.819s][info][gc,metaspace] GC(474) Metaspace: 72M used, 73M committed, 1088M reserved
[59.819s][info][gc,ref      ] GC(474) Soft: 2442 encountered, 0 discovered, 0 enqueued
[59.819s][info][gc,ref      ] GC(474) Weak: 9620 encountered, 1601 discovered, 13 enqueued
[59.819s][info][gc,ref      ] GC(474) Final: 289 encountered, 32 discovered, 0 enqueued
[59.819s][info][gc,ref      ] GC(474) Phantom: 424 encountered, 337 discovered, 0 enqueued
[59.819s][info][gc,reloc    ] GC(474) Small Pages: 142 / 284M, Empty: 134M, Relocated: 3M, In-Place: 0
[59.819s][info][gc,reloc    ] GC(474) Medium Pages: 0 / 0M, Empty: 0M, Relocated: 0M, In-Place: 0
[59.819s][info][gc,reloc    ] GC(474) Large Pages: 0 / 0M, Empty: 0M, Relocated: 0M, In-Place: 0
[59.819s][info][gc,reloc    ] GC(474) Forwarding Usage: 1M
[59.819s][info][gc,heap     ] GC(474) Min Capacity: 8M(1%)
[59.819s][info][gc,heap     ] GC(474) Max Capacity: 1024M(100%)
[59.819s][info][gc,heap     ] GC(474) Soft Max Capacity: 1024M(100%)
[59.820s][info][gc,heap     ] GC(474)                Mark Start          Mark End        Relocate Start      Relocate End           High               Low         
[59.820s][info][gc,heap     ] GC(474)  Capacity:     1024M (100%)       1024M (100%)       1024M (100%)       1024M (100%)       1024M (100%)       1024M (100%)   
[59.820s][info][gc,heap     ] GC(474)      Free:      740M (72%)         710M (69%)         834M (81%)         908M (89%)         908M (89%)         708M (69%)    
[59.820s][info][gc,heap     ] GC(474)      Used:      284M (28%)         314M (31%)         190M (19%)         116M (11%)         316M (31%)         116M (11%)    
[59.820s][info][gc,heap     ] GC(474)      Live:         -                47M (5%)           47M (5%)           47M (5%)             -                  -          
[59.820s][info][gc,heap     ] GC(474) Allocated:         -                30M (3%)           40M (4%)           39M (4%)             -                  -          
[59.820s][info][gc,heap     ] GC(474)   Garbage:         -               236M (23%)         102M (10%)          28M (3%)             -                  -          
[59.820s][info][gc,heap     ] GC(474) Reclaimed:         -                  -               134M (13%)         207M (20%)            -                  -          
[59.820s][info][gc          ] GC(474) Garbage Collection (Allocation Rate) 284M(28%)->116M(11%)
[59.903s][info][gc,start    ] GC(475) Garbage Collection (Allocation Rate)
[59.903s][info][gc,task     ] GC(475) Using 10 workers
[59.903s][info][gc,phases   ] GC(475) Pause Mark Start 0.010ms
[59.923s][info][gc,phases   ] GC(475) Concurrent Mark 19.662ms
[59.941s][info][gc,phases   ] GC(475) Pause Mark End 0.026ms
[59.941s][info][gc,phases   ] GC(475) Concurrent Mark Free 0.001ms
[59.942s][info][gc,phases   ] GC(475) Concurrent Process Non-Strong References 1.656ms
[59.942s][info][gc,phases   ] GC(475) Concurrent Reset Relocation Set 0.007ms
[59.946s][info][gc,phases   ] GC(475) Concurrent Select Relocation Set 3.743ms
[59.946s][info][gc,phases   ] GC(475) Pause Relocate Start 0.007ms
[59.948s][info][gc,phases   ] GC(475) Concurrent Relocate 1.961ms
[59.948s][info][gc,load     ] GC(475) Load: 0.00/0.00/0.00
[59.948s][info][gc,mmu      ] GC(475) MMU: 2ms/95.9%, 5ms/98.4%, 10ms/99.2%, 20ms/99.6%, 50ms/99.8%, 100ms/99.9%
[59.948s][info][gc,marking  ] GC(475) Mark: 8 stripe(s), 2 proactive flush(es), 1 terminate flush(es), 0 completion(s), 0 continuation(s) 
[59.948s][info][gc,marking  ] GC(475) Mark Stack Usage: 32M
[59.948s][info][gc,nmethod  ] GC(475) NMethods: 4889 registered, 729 unregistered
[59.948s][info][gc,metaspace] GC(475) Metaspace: 72M used, 73M committed, 1088M reserved
[59.948s][info][gc,ref      ] GC(475) Soft: 2442 encountered, 0 discovered, 0 enqueued
[59.948s][info][gc,ref      ] GC(475) Weak: 9607 encountered, 823 discovered, 0 enqueued
[59.948s][info][gc,ref      ] GC(475) Final: 289 encountered, 17 discovered, 0 enqueued
[59.948s][info][gc,ref      ] GC(475) Phantom: 424 encountered, 311 discovered, 0 enqueued
[59.948s][info][gc,reloc    ] GC(475) Small Pages: 148 / 296M, Empty: 188M, Relocated: 4M, In-Place: 0
[59.948s][info][gc,reloc    ] GC(475) Medium Pages: 0 / 0M, Empty: 0M, Relocated: 0M, In-Place: 0
[59.948s][info][gc,reloc    ] GC(475) Large Pages: 0 / 0M, Empty: 0M, Relocated: 0M, In-Place: 0
[59.949s][info][gc,reloc    ] GC(475) Forwarding Usage: 1M
[59.949s][info][gc,heap     ] GC(475) Min Capacity: 8M(1%)
[59.949s][info][gc,heap     ] GC(475) Max Capacity: 1024M(100%)
[59.949s][info][gc,heap     ] GC(475) Soft Max Capacity: 1024M(100%)
[59.949s][info][gc,heap     ] GC(475)                Mark Start          Mark End        Relocate Start      Relocate End           High               Low         
[59.949s][info][gc,heap     ] GC(475)  Capacity:     1024M (100%)       1024M (100%)       1024M (100%)       1024M (100%)       1024M (100%)       1024M (100%)   
[59.949s][info][gc,heap     ] GC(475)      Free:      728M (71%)         654M (64%)         830M (81%)         862M (84%)         862M (84%)         648M (63%)    
[59.949s][info][gc,heap     ] GC(475)      Used:      296M (29%)         370M (36%)         194M (19%)         162M (16%)         376M (37%)         162M (16%)    
[59.949s][info][gc,heap     ] GC(475)      Live:         -                47M (5%)           47M (5%)           47M (5%)             -                  -          
[59.949s][info][gc,heap     ] GC(475) Allocated:         -                74M (7%)           86M (8%)           87M (9%)             -                  -          
[59.949s][info][gc,heap     ] GC(475)   Garbage:         -               248M (24%)          60M (6%)           26M (3%)             -                  -          
[59.949s][info][gc,heap     ] GC(475) Reclaimed:         -                  -               188M (18%)         221M (22%)            -                  -          
[59.949s][info][gc          ] GC(475) Garbage Collection (Allocation Rate) 296M(29%)->162M(16%)
[59.995s][info][gc,start    ] GC(476) Garbage Collection (Allocation Rate)
[59.995s][info][gc,task     ] GC(476) Using 10 workers
[59.995s][info][gc,phases   ] GC(476) Pause Mark Start 0.012ms
[60.013s][info][gc,phases   ] GC(476) Concurrent Mark 17.532ms
[60.013s][info][gc,phases   ] GC(476) Pause Mark End 0.025ms
[60.013s][info][gc,phases   ] GC(476) Concurrent Mark Free 0.001ms
[60.015s][info][gc,phases   ] GC(476) Concurrent Process Non-Strong References 1.782ms
[60.015s][info][gc,phases   ] GC(476) Concurrent Reset Relocation Set 0.006ms
[60.018s][info][gc,phases   ] GC(476) Concurrent Select Relocation Set 2.498ms
[60.018s][info][gc,phases   ] GC(476) Pause Relocate Start 0.007ms
[60.020s][info][gc,phases   ] GC(476) Concurrent Relocate 1.708ms
[60.020s][info][gc,load     ] GC(476) Load: 0.00/0.00/0.00
[60.020s][info][gc,mmu      ] GC(476) MMU: 2ms/95.9%, 5ms/98.4%, 10ms/99.2%, 20ms/99.6%, 50ms/99.8%, 100ms/99.9%
[60.020s][info][gc,marking  ] GC(476) Mark: 8 stripe(s), 2 proactive flush(es), 1 terminate flush(es), 0 completion(s), 0 continuation(s) 
[60.020s][info][gc,marking  ] GC(476) Mark Stack Usage: 32M
[60.020s][info][gc,nmethod  ] GC(476) NMethods: 4889 registered, 729 unregistered
[60.020s][info][gc,metaspace] GC(476) Metaspace: 72M used, 73M committed, 1088M reserved
[60.020s][info][gc,ref      ] GC(476) Soft: 2442 encountered, 0 discovered, 0 enqueued
[60.020s][info][gc,ref      ] GC(476) Weak: 9607 encountered, 627 discovered, 0 enqueued
[60.020s][info][gc,ref      ] GC(476) Final: 289 encountered, 24 discovered, 0 enqueued
[60.020s][info][gc,ref      ] GC(476) Phantom: 424 encountered, 311 discovered, 0 enqueued
[60.020s][info][gc,reloc    ] GC(476) Small Pages: 131 / 262M, Empty: 144M, Relocated: 3M, In-Place: 0
[60.020s][info][gc,reloc    ] GC(476) Medium Pages: 0 / 0M, Empty: 0M, Relocated: 0M, In-Place: 0
[60.020s][info][gc,reloc    ] GC(476) Large Pages: 0 / 0M, Empty: 0M, Relocated: 0M, In-Place: 0
[60.020s][info][gc,reloc    ] GC(476) Forwarding Usage: 1M
[60.020s][info][gc,heap     ] GC(476) Min Capacity: 8M(1%)
[60.020s][info][gc,heap     ] GC(476) Max Capacity: 1024M(100%)
[60.020s][info][gc,heap     ] GC(476) Soft Max Capacity: 1024M(100%)
[60.020s][info][gc,heap     ] GC(476)                Mark Start          Mark End        Relocate Start      Relocate End           High               Low         
[60.020s][info][gc,heap     ] GC(476)  Capacity:     1024M (100%)       1024M (100%)       1024M (100%)       1024M (100%)       1024M (100%)       1024M (100%)   
[60.020s][info][gc,heap     ] GC(476)      Free:      762M (74%)         730M (71%)         864M (84%)         904M (88%)         904M (88%)         722M (71%)    
[60.020s][info][gc,heap     ] GC(476)      Used:      262M (26%)         294M (29%)         160M (16%)         120M (12%)         302M (29%)         120M (12%)    
[60.020s][info][gc,heap     ] GC(476)      Live:         -                47M (5%)           47M (5%)           47M (5%)             -                  -          
[60.020s][info][gc,heap     ] GC(476) Allocated:         -                32M (3%)           42M (4%)           43M (4%)             -                  -          
[60.020s][info][gc,heap     ] GC(476)   Garbage:         -               214M (21%)          70M (7%)           28M (3%)             -                  -          
[60.020s][info][gc,heap     ] GC(476) Reclaimed:         -                  -               144M (14%)         185M (18%)            -                  -          
[60.020s][info][gc          ] GC(476) Garbage Collection (Allocation Rate) 262M(26%)->120M(12%)
[60.103s][info][gc,start    ] GC(477) Garbage Collection (Allocation Rate)
[60.103s][info][gc,task     ] GC(477) Using 10 workers
[60.103s][info][gc,stats    ] === Garbage Collection Statistics =======================================================================================================================
[60.103s][info][gc,stats    ]                                                              Last 10s              Last 10m              Last 10h                Total
[60.103s][info][gc,stats    ]                                                              Avg / Max             Avg / Max             Avg / Max             Avg / Max
[60.103s][info][gc,stats    ]   Collector: Garbage Collection Cycle                     39.474 / 88.761       45.245 / 227.632      45.245 / 227.632      45.245 / 227.632     ms
[60.103s][info][gc,stats    ]  Contention: Mark Segment Reset Contention                    37 / 46               39 / 77               39 / 77               39 / 77          ops/s
[60.103s][info][gc,phases   ] GC(477) Pause Mark Start 0.010ms
[60.103s][info][gc,stats    ]  Contention: Mark SeqNum Reset Contention                      8 / 14                6 / 17                6 / 17                6 / 17          ops/s
[60.103s][info][gc,stats    ]    Critical: Allocation Stall                                  0 / 0                 8 / 214               8 / 214               8 / 214         ops/s
[60.103s][info][gc,stats    ]    Critical: Allocation Stall                              0.000 / 0.000        16.347 / 46.282       16.347 / 46.282       16.347 / 46.282      ms
[60.103s][info][gc,stats    ]    Critical: GC Locker Stall                                   0 / 0                 0 / 1                 0 / 1                 0 / 1           ops/s
[60.103s][info][gc,stats    ]    Critical: GC Locker Stall                               0.000 / 0.000         0.001 / 0.001         0.001 / 0.001         0.001 / 0.001       ms
[60.104s][info][gc,stats    ]    Critical: Relocation Stall                                  0 / 0                 0 / 0                 0 / 0                 0 / 0           ops/s
[60.104s][info][gc,stats    ]    Critical: Relocation Stall                              0.000 / 0.000         0.000 / 0.000         0.000 / 0.000         0.000 / 0.000       ms
[60.104s][info][gc,stats    ]      Memory: Allocation Rate                                4556 / 5960           4064 / 6056           4064 / 6056           4064 / 6056        MB/s
[60.104s][info][gc,stats    ]      Memory: Defragment                                        0 / 0                 0 / 0                 0 / 0                 0 / 0           ops/s
[60.104s][info][gc,stats    ]      Memory: Out Of Memory                                     0 / 0                 0 / 0                 0 / 0                 0 / 0           ops/s
[60.104s][info][gc,stats    ]      Memory: Page Cache Flush                                  0 / 0                 0 / 0                 0 / 0                 0 / 0           MB/s
[60.104s][info][gc,stats    ]      Memory: Page Cache Hit L1                              2371 / 3080           2102 / 3128           2102 / 3128           2102 / 3128        ops/s
[60.104s][info][gc,stats    ]      Memory: Page Cache Hit L2                                 0 / 0                 0 / 0                 0 / 0                 0 / 0           ops/s
[60.104s][info][gc,stats    ]      Memory: Page Cache Hit L3                                 0 / 0                 8 / 186               8 / 186               8 / 186         ops/s
[60.104s][info][gc,stats    ]      Memory: Page Cache Miss                                   0 / 0                 0 / 1                 0 / 1                 0 / 1           ops/s
[60.104s][info][gc,stats    ]      Memory: Uncommit                                          0 / 0                 0 / 0                 0 / 0                 0 / 0           MB/s
[60.104s][info][gc,stats    ]      Memory: Undo Object Allocation Failed                   915 / 1295            892 / 3113            892 / 3113            892 / 3113        ops/s
[60.104s][info][gc,stats    ]      Memory: Undo Object Allocation Succeeded                 61 / 175              56 / 175              56 / 175              56 / 175         ops/s
[60.104s][info][gc,stats    ]      Memory: Undo Page Allocation                            417 / 629             387 / 666             387 / 666             387 / 666         ops/s
[60.104s][info][gc,stats    ]       Phase: Concurrent Mark                              23.248 / 47.672       25.735 / 164.365      25.735 / 164.365      25.735 / 164.365     ms
[60.104s][info][gc,stats    ]       Phase: Concurrent Mark Continue                      0.000 / 0.000         0.000 / 0.000         0.000 / 0.000         0.000 / 0.000       ms
[60.104s][info][gc,stats    ]       Phase: Concurrent Mark Free                          0.001 / 0.003         0.001 / 0.005         0.001 / 0.005         0.001 / 0.005       ms
[60.104s][info][gc,stats    ]       Phase: Concurrent Process Non-Strong References      2.348 / 4.566         3.781 / 41.839        3.781 / 41.839        3.781 / 41.839      ms
[60.104s][info][gc,stats    ]       Phase: Concurrent Relocate                           4.288 / 7.133         4.237 / 17.218        4.237 / 17.218        4.237 / 17.218      ms
[60.104s][info][gc,stats    ]       Phase: Concurrent Reset Relocation Set               0.028 / 0.056         0.030 / 0.081         0.030 / 0.081         0.030 / 0.081       ms
[60.104s][info][gc,stats    ]       Phase: Concurrent Select Relocation Set              6.027 / 11.908        6.318 / 19.177        6.318 / 19.177        6.318 / 19.177      ms
[60.104s][info][gc,stats    ]       Phase: Pause Mark End                                0.026 / 0.054         0.026 / 0.054         0.026 / 0.054         0.026 / 0.054       ms
[60.104s][info][gc,stats    ]       Phase: Pause Mark Start                              0.011 / 0.017         0.012 / 0.082         0.012 / 0.082         0.012 / 0.082       ms
[60.104s][info][gc,stats    ]       Phase: Pause Relocate Start                          0.009 / 0.013         0.009 / 0.015         0.009 / 0.015         0.009 / 0.015       ms
[60.104s][info][gc,stats    ]    Subphase: Concurrent Classes Purge                      0.021 / 0.323         0.139 / 22.287        0.139 / 22.287        0.139 / 22.287      ms
[60.104s][info][gc,stats    ]    Subphase: Concurrent Classes Unlink                     1.517 / 3.104         2.337 / 28.260        2.337 / 28.260        2.337 / 28.260      ms
[60.104s][info][gc,stats    ]    Subphase: Concurrent Mark                              19.274 / 37.308       21.352 / 157.163      21.352 / 157.163      21.352 / 157.163     ms
[60.104s][info][gc,stats    ]    Subphase: Concurrent Mark Try Flush                     0.511 / 13.281        1.120 / 98.502        1.120 / 98.502        1.120 / 98.502      ms
[60.104s][info][gc,stats    ]    Subphase: Concurrent Mark Try Terminate                 2.197 / 16.678        2.063 / 29.147        2.063 / 29.147        2.063 / 29.147      ms
[60.104s][info][gc,stats    ]    Subphase: Concurrent References Enqueue                 0.002 / 0.010         0.002 / 0.010         0.002 / 0.010         0.002 / 0.010       ms
[60.104s][info][gc,stats    ]    Subphase: Concurrent References Process                 0.126 / 0.400         0.148 / 0.746         0.148 / 0.746         0.148 / 0.746       ms
[60.104s][info][gc,stats    ]    Subphase: Concurrent Roots ClassLoaderDataGraph         0.056 / 0.569         0.057 / 1.405         0.057 / 1.405         0.057 / 1.405       ms
[60.104s][info][gc,stats    ]    Subphase: Concurrent Roots CodeCache                    0.000 / 0.000         0.000 / 0.000         0.000 / 0.000         0.000 / 0.000       ms
[60.104s][info][gc,stats    ]    Subphase: Concurrent Roots JavaThreads                  2.947 / 14.351        3.381 / 25.953        3.381 / 25.953        3.381 / 25.953      ms
[60.104s][info][gc,stats    ]    Subphase: Concurrent Roots OopStorageSet                0.026 / 0.067         0.027 / 0.966         0.027 / 0.966         0.027 / 0.966       ms
[60.104s][info][gc,stats    ]    Subphase: Concurrent Weak Roots OopStorageSet           0.274 / 1.112         0.305 / 1.175         0.305 / 1.175         0.305 / 1.175       ms
[60.104s][info][gc,stats    ]    Subphase: Pause Mark Try Complete                       0.001 / 0.005         0.001 / 0.005         0.001 / 0.005         0.001 / 0.005       ms
[60.104s][info][gc,stats    ]      System: Java Threads                                    193 / 218             182 / 218             182 / 218             182 / 218         threads
[60.104s][info][gc,stats    ] =========================================================================================================================================================
[60.123s][info][gc,phases   ] GC(477) Concurrent Mark 19.622ms
[60.123s][info][gc,phases   ] GC(477) Pause Mark End 0.024ms
[60.123s][info][gc,phases   ] GC(477) Concurrent Mark Free 0.001ms
[60.125s][info][gc,phases   ] GC(477) Concurrent Process Non-Strong References 1.662ms
[60.125s][info][gc,phases   ] GC(477) Concurrent Reset Relocation Set 0.004ms
[60.128s][info][gc,phases   ] GC(477) Concurrent Select Relocation Set 2.508ms
[60.128s][info][gc,phases   ] GC(477) Pause Relocate Start 0.008ms
[60.130s][info][gc,phases   ] GC(477) Concurrent Relocate 1.956ms
[60.130s][info][gc,load     ] GC(477) Load: 0.00/0.00/0.00
[60.130s][info][gc,mmu      ] GC(477) MMU: 2ms/95.9%, 5ms/98.4%, 10ms/99.2%, 20ms/99.6%, 50ms/99.8%, 100ms/99.9%
[60.130s][info][gc,marking  ] GC(477) Mark: 8 stripe(s), 2 proactive flush(es), 1 terminate flush(es), 0 completion(s), 0 continuation(s) 
[60.130s][info][gc,marking  ] GC(477) Mark Stack Usage: 32M
[60.130s][info][gc,nmethod  ] GC(477) NMethods: 4889 registered, 729 unregistered
[60.130s][info][gc,metaspace] GC(477) Metaspace: 72M used, 73M committed, 1088M reserved
[60.130s][info][gc,ref      ] GC(477) Soft: 2442 encountered, 0 discovered, 0 enqueued
[60.130s][info][gc,ref      ] GC(477) Weak: 9607 encountered, 1140 discovered, 0 enqueued
[60.130s][info][gc,ref      ] GC(477) Final: 289 encountered, 30 discovered, 0 enqueued
[60.130s][info][gc,ref      ] GC(477) Phantom: 424 encountered, 361 discovered, 0 enqueued
[60.130s][info][gc,reloc    ] GC(477) Small Pages: 150 / 300M, Empty: 192M, Relocated: 3M, In-Place: 0
[60.130s][info][gc,reloc    ] GC(477) Medium Pages: 0 / 0M, Empty: 0M, Relocated: 0M, In-Place: 0
[60.130s][info][gc,reloc    ] GC(477) Large Pages: 0 / 0M, Empty: 0M, Relocated: 0M, In-Place: 0
[60.130s][info][gc,reloc    ] GC(477) Forwarding Usage: 1M
[60.130s][info][gc,heap     ] GC(477) Min Capacity: 8M(1%)
[60.130s][info][gc,heap     ] GC(477) Max Capacity: 1024M(100%)
[60.130s][info][gc,heap     ] GC(477) Soft Max Capacity: 1024M(100%)
[60.130s][info][gc,heap     ] GC(477)                Mark Start          Mark End        Relocate Start      Relocate End           High               Low         
[60.130s][info][gc,heap     ] GC(477)  Capacity:     1024M (100%)       1024M (100%)       1024M (100%)       1024M (100%)       1024M (100%)       1024M (100%)   
[60.130s][info][gc,heap     ] GC(477)      Free:      724M (71%)         684M (67%)         868M (85%)         900M (88%)         900M (88%)         684M (67%)    
[60.130s][info][gc,heap     ] GC(477)      Used:      300M (29%)         340M (33%)         156M (15%)         124M (12%)         340M (33%)         124M (12%)    
[60.130s][info][gc,heap     ] GC(477)      Live:         -                47M (5%)           47M (5%)           47M (5%)             -                  -          
[60.130s][info][gc,heap     ] GC(477) Allocated:         -                40M (4%)           48M (5%)           47M (5%)             -                  -          
[60.130s][info][gc,heap     ] GC(477)   Garbage:         -               252M (25%)          60M (6%)           28M (3%)             -                  -          
[60.130s][info][gc,heap     ] GC(477) Reclaimed:         -                  -               192M (19%)         223M (22%)            -                  -          
[60.130s][info][gc          ] GC(477) Garbage Collection (Allocation Rate) 300M(29%)->124M(12%)
[60.195s][info][gc,start    ] GC(478) Garbage Collection (Allocation Rate)
[60.195s][info][gc,task     ] GC(478) Using 10 workers
[60.195s][info][gc,phases   ] GC(478) Pause Mark Start 0.011ms
[60.213s][info][gc,phases   ] GC(478) Concurrent Mark 17.587ms
[60.213s][info][gc,phases   ] GC(478) Pause Mark End 0.023ms
[60.213s][info][gc,phases   ] GC(478) Concurrent Mark Free 0.000ms
[60.215s][info][gc,phases   ] GC(478) Concurrent Process Non-Strong References 1.620ms
[60.215s][info][gc,phases   ] GC(478) Concurrent Reset Relocation Set 0.004ms
[60.219s][info][gc,phases   ] GC(478) Concurrent Select Relocation Set 3.623ms
[60.219s][info][gc,phases   ] GC(478) Pause Relocate Start 0.008ms
[60.222s][info][gc,phases   ] GC(478) Concurrent Relocate 2.744ms
[60.222s][info][gc,load     ] GC(478) Load: 0.00/0.00/0.00
[60.222s][info][gc,mmu      ] GC(478) MMU: 2ms/95.9%, 5ms/98.4%, 10ms/99.2%, 20ms/99.6%, 50ms/99.8%, 100ms/99.9%
[60.222s][info][gc,marking  ] GC(478) Mark: 8 stripe(s), 3 proactive flush(es), 1 terminate flush(es), 0 completion(s), 0 continuation(s) 
[60.222s][info][gc,marking  ] GC(478) Mark Stack Usage: 32M
[60.222s][info][gc,nmethod  ] GC(478) NMethods: 4889 registered, 729 unregistered
[60.222s][info][gc,metaspace] GC(478) Metaspace: 72M used, 73M committed, 1088M reserved
[60.222s][info][gc,ref      ] GC(478) Soft: 2442 encountered, 0 discovered, 0 enqueued
[60.222s][info][gc,ref      ] GC(478) Weak: 9607 encountered, 1378 discovered, 0 enqueued
[60.222s][info][gc,ref      ] GC(478) Final: 289 encountered, 31 discovered, 0 enqueued
[60.222s][info][gc,ref      ] GC(478) Phantom: 424 encountered, 331 discovered, 0 enqueued
[60.222s][info][gc,reloc    ] GC(478) Small Pages: 132 / 264M, Empty: 164M, Relocated: 3M, In-Place: 0
[60.222s][info][gc,reloc    ] GC(478) Medium Pages: 0 / 0M, Empty: 0M, Relocated: 0M, In-Place: 0
[60.222s][info][gc,reloc    ] GC(478) Large Pages: 0 / 0M, Empty: 0M, Relocated: 0M, In-Place: 0
[60.222s][info][gc,reloc    ] GC(478) Forwarding Usage: 1M
[60.222s][info][gc,heap     ] GC(478) Min Capacity: 8M(1%)
[60.222s][info][gc,heap     ] GC(478) Max Capacity: 1024M(100%)
[60.222s][info][gc,heap     ] GC(478) Soft Max Capacity: 1024M(100%)
[60.222s][info][gc,heap     ] GC(478)                Mark Start          Mark End        Relocate Start      Relocate End           High               Low         
[60.222s][info][gc,heap     ] GC(478)  Capacity:     1024M (100%)       1024M (100%)       1024M (100%)       1024M (100%)       1024M (100%)       1024M (100%)   
[60.222s][info][gc,heap     ] GC(478)      Free:      760M (74%)         728M (71%)         882M (86%)         900M (88%)         900M (88%)         722M (71%)    
[60.222s][info][gc,heap     ] GC(478)      Used:      264M (26%)         296M (29%)         142M (14%)         124M (12%)         302M (29%)         124M (12%)    
[60.222s][info][gc,heap     ] GC(478)      Live:         -                47M (5%)           47M (5%)           47M (5%)             -                  -          
[60.222s][info][gc,heap     ] GC(478) Allocated:         -                32M (3%)           42M (4%)           47M (5%)             -                  -          
[60.222s][info][gc,heap     ] GC(478)   Garbage:         -               216M (21%)          52M (5%)           28M (3%)             -                  -          
[60.222s][info][gc,heap     ] GC(478) Reclaimed:         -                  -               164M (16%)         187M (18%)            -                  -          
[60.222s][info][gc          ] GC(478) Garbage Collection (Allocation Rate) 264M(26%)->124M(12%)
[60.303s][info][gc,start    ] GC(479) Garbage Collection (Allocation Rate)
[60.303s][info][gc,task     ] GC(479) Using 10 workers
[60.303s][info][gc,phases   ] GC(479) Pause Mark Start 0.010ms
[60.333s][info][gc,phases   ] GC(479) Concurrent Mark 30.095ms
[60.334s][info][gc,phases   ] GC(479) Pause Mark End 0.024ms
[60.334s][info][gc,phases   ] GC(479) Concurrent Mark Free 0.001ms
[60.335s][info][gc,phases   ] GC(479) Concurrent Process Non-Strong References 1.770ms
[60.335s][info][gc,phases   ] GC(479) Concurrent Reset Relocation Set 0.005ms
[60.338s][info][gc,phases   ] GC(479) Concurrent Select Relocation Set 2.421ms
[60.338s][info][gc,phases   ] GC(479) Pause Relocate Start 0.008ms
[60.341s][info][gc,phases   ] GC(479) Concurrent Relocate 2.794ms
[60.341s][info][gc,load     ] GC(479) Load: 0.00/0.00/0.00
[60.341s][info][gc,mmu      ] GC(479) MMU: 2ms/95.9%, 5ms/98.4%, 10ms/99.2%, 20ms/99.6%, 50ms/99.8%, 100ms/99.9%
[60.341s][info][gc,marking  ] GC(479) Mark: 8 stripe(s), 3 proactive flush(es), 1 terminate flush(es), 0 completion(s), 0 continuation(s) 
[60.341s][info][gc,marking  ] GC(479) Mark Stack Usage: 32M
[60.341s][info][gc,nmethod  ] GC(479) NMethods: 4889 registered, 729 unregistered
[60.341s][info][gc,metaspace] GC(479) Metaspace: 72M used, 73M committed, 1088M reserved
[60.341s][info][gc,ref      ] GC(479) Soft: 2442 encountered, 0 discovered, 0 enqueued
[60.341s][info][gc,ref      ] GC(479) Weak: 9607 encountered, 1370 discovered, 0 enqueued
[60.341s][info][gc,ref      ] GC(479) Final: 289 encountered, 27 discovered, 0 enqueued
[60.341s][info][gc,ref      ] GC(479) Phantom: 424 encountered, 327 discovered, 0 enqueued
[60.341s][info][gc,reloc    ] GC(479) Small Pages: 149 / 298M, Empty: 172M, Relocated: 3M, In-Place: 0
[60.341s][info][gc,reloc    ] GC(479) Medium Pages: 0 / 0M, Empty: 0M, Relocated: 0M, In-Place: 0
[60.341s][info][gc,reloc    ] GC(479) Large Pages: 0 / 0M, Empty: 0M, Relocated: 0M, In-Place: 0
[60.341s][info][gc,reloc    ] GC(479) Forwarding Usage: 1M
[60.341s][info][gc,heap     ] GC(479) Min Capacity: 8M(1%)
[60.341s][info][gc,heap     ] GC(479) Max Capacity: 1024M(100%)
[60.341s][info][gc,heap     ] GC(479) Soft Max Capacity: 1024M(100%)
[60.341s][info][gc,heap     ] GC(479)                Mark Start          Mark End        Relocate Start      Relocate End           High               Low         
[60.341s][info][gc,heap     ] GC(479)  Capacity:     1024M (100%)       1024M (100%)       1024M (100%)       1024M (100%)       1024M (100%)       1024M (100%)   
[60.341s][info][gc,heap     ] GC(479)      Free:      726M (71%)         664M (65%)         828M (81%)         876M (86%)         876M (86%)         664M (65%)    
[60.341s][info][gc,heap     ] GC(479)      Used:      298M (29%)         360M (35%)         196M (19%)         148M (14%)         360M (35%)         148M (14%)    
[60.341s][info][gc,heap     ] GC(479)      Live:         -                47M (5%)           47M (5%)           47M (5%)             -                  -          
[60.341s][info][gc,heap     ] GC(479) Allocated:         -                62M (6%)           70M (7%)           71M (7%)             -                  -          
[60.341s][info][gc,heap     ] GC(479)   Garbage:         -               250M (24%)          78M (8%)           28M (3%)             -                  -          
[60.341s][info][gc,heap     ] GC(479) Reclaimed:         -                  -               172M (17%)         221M (22%)            -                  -          
[60.341s][info][gc          ] GC(479) Garbage Collection (Allocation Rate) 298M(29%)->148M(14%)
[60.395s][info][gc,start    ] GC(480) Garbage Collection (Allocation Rate)
[60.395s][info][gc,task     ] GC(480) Using 10 workers
[60.395s][info][gc,phases   ] GC(480) Pause Mark Start 0.010ms
[60.423s][info][gc,phases   ] GC(480) Concurrent Mark 27.844ms
[60.423s][info][gc,phases   ] GC(480) Pause Mark End 0.025ms
[60.423s][info][gc,phases   ] GC(480) Concurrent Mark Free 0.000ms
[60.425s][info][gc,phases   ] GC(480) Concurrent Process Non-Strong References 1.680ms
[60.425s][info][gc,phases   ] GC(480) Concurrent Reset Relocation Set 0.004ms
[60.429s][info][gc,phases   ] GC(480) Concurrent Select Relocation Set 3.385ms
[60.429s][info][gc,phases   ] GC(480) Pause Relocate Start 0.008ms
[60.431s][info][gc,phases   ] GC(480) Concurrent Relocate 2.712ms
[60.432s][info][gc,load     ] GC(480) Load: 0.00/0.00/0.00
[60.432s][info][gc,mmu      ] GC(480) MMU: 2ms/95.9%, 5ms/98.4%, 10ms/99.2%, 20ms/99.6%, 50ms/99.8%, 100ms/99.9%
[60.432s][info][gc,marking  ] GC(480) Mark: 8 stripe(s), 5 proactive flush(es), 1 terminate flush(es), 0 completion(s), 0 continuation(s) 
[60.432s][info][gc,marking  ] GC(480) Mark Stack Usage: 32M
[60.432s][info][gc,nmethod  ] GC(480) NMethods: 4889 registered, 729 unregistered
[60.432s][info][gc,metaspace] GC(480) Metaspace: 72M used, 73M committed, 1088M reserved
[60.432s][info][gc,ref      ] GC(480) Soft: 2442 encountered, 0 discovered, 0 enqueued
[60.432s][info][gc,ref      ] GC(480) Weak: 9607 encountered, 1158 discovered, 0 enqueued
[60.432s][info][gc,ref      ] GC(480) Final: 289 encountered, 23 discovered, 0 enqueued
[60.432s][info][gc,ref      ] GC(480) Phantom: 424 encountered, 331 discovered, 0 enqueued
[60.432s][info][gc,reloc    ] GC(480) Small Pages: 132 / 264M, Empty: 156M, Relocated: 3M, In-Place: 0
[60.432s][info][gc,reloc    ] GC(480) Medium Pages: 0 / 0M, Empty: 0M, Relocated: 0M, In-Place: 0
[60.432s][info][gc,reloc    ] GC(480) Large Pages: 0 / 0M, Empty: 0M, Relocated: 0M, In-Place: 0
[60.432s][info][gc,reloc    ] GC(480) Forwarding Usage: 1M
[60.432s][info][gc,heap     ] GC(480) Min Capacity: 8M(1%)
[60.432s][info][gc,heap     ] GC(480) Max Capacity: 1024M(100%)
[60.432s][info][gc,heap     ] GC(480) Soft Max Capacity: 1024M(100%)
[60.432s][info][gc,heap     ] GC(480)                Mark Start          Mark End        Relocate Start      Relocate End           High               Low         
[60.432s][info][gc,heap     ] GC(480)  Capacity:     1024M (100%)       1024M (100%)       1024M (100%)       1024M (100%)       1024M (100%)       1024M (100%)   
[60.432s][info][gc,heap     ] GC(480)      Free:      760M (74%)         704M (69%)         852M (83%)         878M (86%)         880M (86%)         702M (69%)    
[60.432s][info][gc,heap     ] GC(480)      Used:      264M (26%)         320M (31%)         172M (17%)         146M (14%)         322M (31%)         144M (14%)    
[60.432s][info][gc,heap     ] GC(480)      Live:         -                47M (5%)           47M (5%)           47M (5%)             -                  -          
[60.432s][info][gc,heap     ] GC(480) Allocated:         -                56M (5%)           64M (6%)           69M (7%)             -                  -          
[60.432s][info][gc,heap     ] GC(480)   Garbage:         -               216M (21%)          60M (6%)           28M (3%)             -                  -          
[60.432s][info][gc,heap     ] GC(480) Reclaimed:         -                  -               156M (15%)         187M (18%)            -                  -          
[60.432s][info][gc          ] GC(480) Garbage Collection (Allocation Rate) 264M(26%)->146M(14%)
[60.495s][info][gc,start    ] GC(481) Garbage Collection (Allocation Rate)
[60.495s][info][gc,task     ] GC(481) Using 10 workers
[60.495s][info][gc,phases   ] GC(481) Pause Mark Start 0.009ms
[60.513s][info][gc,phases   ] GC(481) Concurrent Mark 17.527ms
[60.513s][info][gc,phases   ] GC(481) Pause Mark End 0.021ms
[60.513s][info][gc,phases   ] GC(481) Concurrent Mark Free 0.001ms
[60.515s][info][gc,phases   ] GC(481) Concurrent Process Non-Strong References 1.580ms
[60.515s][info][gc,phases   ] GC(481) Concurrent Reset Relocation Set 0.006ms
[60.518s][info][gc,phases   ] GC(481) Concurrent Select Relocation Set 3.424ms
[60.519s][info][gc,phases   ] GC(481) Pause Relocate Start 0.009ms
[60.521s][info][gc,phases   ] GC(481) Concurrent Relocate 2.480ms
[60.521s][info][gc,load     ] GC(481) Load: 0.00/0.00/0.00
[60.521s][info][gc,mmu      ] GC(481) MMU: 2ms/95.9%, 5ms/98.4%, 10ms/99.2%, 20ms/99.6%, 50ms/99.8%, 100ms/99.9%
[60.521s][info][gc,marking  ] GC(481) Mark: 8 stripe(s), 4 proactive flush(es), 1 terminate flush(es), 0 completion(s), 0 continuation(s) 
[60.521s][info][gc,marking  ] GC(481) Mark Stack Usage: 32M
[60.521s][info][gc,nmethod  ] GC(481) NMethods: 4889 registered, 729 unregistered
[60.521s][info][gc,metaspace] GC(481) Metaspace: 72M used, 73M committed, 1088M reserved
[60.521s][info][gc,ref      ] GC(481) Soft: 2442 encountered, 0 discovered, 0 enqueued
[60.521s][info][gc,ref      ] GC(481) Weak: 9607 encountered, 792 discovered, 0 enqueued
[60.521s][info][gc,ref      ] GC(481) Final: 289 encountered, 24 discovered, 0 enqueued
[60.521s][info][gc,ref      ] GC(481) Phantom: 424 encountered, 328 discovered, 0 enqueued
[60.521s][info][gc,reloc    ] GC(481) Small Pages: 141 / 282M, Empty: 168M, Relocated: 3M, In-Place: 0
[60.521s][info][gc,reloc    ] GC(481) Medium Pages: 0 / 0M, Empty: 0M, Relocated: 0M, In-Place: 0
[60.521s][info][gc,reloc    ] GC(481) Large Pages: 0 / 0M, Empty: 0M, Relocated: 0M, In-Place: 0
[60.521s][info][gc,reloc    ] GC(481) Forwarding Usage: 1M
[60.521s][info][gc,heap     ] GC(481) Min Capacity: 8M(1%)
[60.521s][info][gc,heap     ] GC(481) Max Capacity: 1024M(100%)
[60.521s][info][gc,heap     ] GC(481) Soft Max Capacity: 1024M(100%)
[60.521s][info][gc,heap     ] GC(481)                Mark Start          Mark End        Relocate Start      Relocate End           High               Low         
[60.521s][info][gc,heap     ] GC(481)  Capacity:     1024M (100%)       1024M (100%)       1024M (100%)       1024M (100%)       1024M (100%)       1024M (100%)   
[60.521s][info][gc,heap     ] GC(481)      Free:      742M (72%)         710M (69%)         868M (85%)         900M (88%)         902M (88%)         704M (69%)    
[60.521s][info][gc,heap     ] GC(481)      Used:      282M (28%)         314M (31%)         156M (15%)         124M (12%)         320M (31%)         122M (12%)    
[60.521s][info][gc,heap     ] GC(481)      Live:         -                47M (5%)           47M (5%)           47M (5%)             -                  -          
[60.521s][info][gc,heap     ] GC(481) Allocated:         -                32M (3%)           42M (4%)           47M (5%)             -                  -          
[60.521s][info][gc,heap     ] GC(481)   Garbage:         -               234M (23%)          66M (6%)           28M (3%)             -                  -          
[60.521s][info][gc,heap     ] GC(481) Reclaimed:         -                  -               168M (16%)         205M (20%)            -                  -          
[60.521s][info][gc          ] GC(481) Garbage Collection (Allocation Rate) 282M(28%)->124M(12%)
[60.603s][info][gc,start    ] GC(482) Garbage Collection (Allocation Rate)
[60.603s][info][gc,task     ] GC(482) Using 10 workers
[60.603s][info][gc,phases   ] GC(482) Pause Mark Start 0.008ms
[60.618s][info][gc,phases   ] GC(482) Concurrent Mark 14.448ms
[60.618s][info][gc,phases   ] GC(482) Pause Mark End 0.022ms
[60.618s][info][gc,phases   ] GC(482) Concurrent Mark Free 0.001ms
[60.619s][info][gc,phases   ] GC(482) Concurrent Process Non-Strong References 1.595ms
[60.620s][info][gc,phases   ] GC(482) Concurrent Reset Relocation Set 0.005ms
[60.622s][info][gc,phases   ] GC(482) Concurrent Select Relocation Set 2.349ms
[60.622s][info][gc,phases   ] GC(482) Pause Relocate Start 0.007ms
[60.623s][info][gc,phases   ] GC(482) Concurrent Relocate 1.375ms
[60.623s][info][gc,load     ] GC(482) Load: 0.00/0.00/0.00
[60.623s][info][gc,mmu      ] GC(482) MMU: 2ms/95.9%, 5ms/98.4%, 10ms/99.2%, 20ms/99.6%, 50ms/99.8%, 100ms/99.9%
[60.623s][info][gc,marking  ] GC(482) Mark: 8 stripe(s), 3 proactive flush(es), 1 terminate flush(es), 0 completion(s), 0 continuation(s) 
[60.624s][info][gc,marking  ] GC(482) Mark Stack Usage: 32M
[60.624s][info][gc,nmethod  ] GC(482) NMethods: 4889 registered, 729 unregistered
[60.624s][info][gc,metaspace] GC(482) Metaspace: 72M used, 73M committed, 1088M reserved
[60.624s][info][gc,ref      ] GC(482) Soft: 2442 encountered, 0 discovered, 0 enqueued
[60.624s][info][gc,ref      ] GC(482) Weak: 9607 encountered, 716 discovered, 0 enqueued
[60.624s][info][gc,ref      ] GC(482) Final: 289 encountered, 14 discovered, 0 enqueued
[60.624s][info][gc,ref      ] GC(482) Phantom: 424 encountered, 335 discovered, 0 enqueued
[60.624s][info][gc,reloc    ] GC(482) Small Pages: 150 / 300M, Empty: 168M, Relocated: 3M, In-Place: 0
[60.624s][info][gc,reloc    ] GC(482) Medium Pages: 0 / 0M, Empty: 0M, Relocated: 0M, In-Place: 0
[60.624s][info][gc,reloc    ] GC(482) Large Pages: 0 / 0M, Empty: 0M, Relocated: 0M, In-Place: 0
[60.624s][info][gc,reloc    ] GC(482) Forwarding Usage: 1M
[60.624s][info][gc,heap     ] GC(482) Min Capacity: 8M(1%)
[60.624s][info][gc,heap     ] GC(482) Max Capacity: 1024M(100%)
[60.624s][info][gc,heap     ] GC(482) Soft Max Capacity: 1024M(100%)
[60.624s][info][gc,heap     ] GC(482)                Mark Start          Mark End        Relocate Start      Relocate End           High               Low         
[60.624s][info][gc,heap     ] GC(482)  Capacity:     1024M (100%)       1024M (100%)       1024M (100%)       1024M (100%)       1024M (100%)       1024M (100%)   
[60.624s][info][gc,heap     ] GC(482)      Free:      724M (71%)         698M (68%)         860M (84%)         914M (89%)         914M (89%)         694M (68%)    
[60.624s][info][gc,heap     ] GC(482)      Used:      300M (29%)         326M (32%)         164M (16%)         110M (11%)         330M (32%)         110M (11%)    
[60.624s][info][gc,heap     ] GC(482)      Live:         -                47M (5%)           47M (5%)           47M (5%)             -                  -          
[60.624s][info][gc,heap     ] GC(482) Allocated:         -                26M (3%)           32M (3%)           33M (3%)             -                  -          
[60.624s][info][gc,heap     ] GC(482)   Garbage:         -               252M (25%)          84M (8%)           28M (3%)             -                  -          
[60.624s][info][gc,heap     ] GC(482) Reclaimed:         -                  -               168M (16%)         223M (22%)            -                  -          
[60.624s][info][gc          ] GC(482) Garbage Collection (Allocation Rate) 300M(29%)->110M(11%)
[60.696s][info][gc,start    ] GC(483) Garbage Collection (Allocation Rate)
[60.696s][info][gc,task     ] GC(483) Using 10 workers
[60.696s][info][gc,phases   ] GC(483) Pause Mark Start 0.008ms
[60.723s][info][gc,phases   ] GC(483) Concurrent Mark 26.930ms
[60.723s][info][gc,phases   ] GC(483) Pause Mark End 0.026ms
[60.723s][info][gc,phases   ] GC(483) Concurrent Mark Free 0.001ms
[60.725s][info][gc,phases   ] GC(483) Concurrent Process Non-Strong References 1.644ms
[60.725s][info][gc,phases   ] GC(483) Concurrent Reset Relocation Set 0.004ms
[60.728s][info][gc,phases   ] GC(483) Concurrent Select Relocation Set 2.508ms
[60.728s][info][gc,phases   ] GC(483) Pause Relocate Start 0.007ms
[60.729s][info][gc,phases   ] GC(483) Concurrent Relocate 1.464ms
[60.729s][info][gc,load     ] GC(483) Load: 0.00/0.00/0.00
[60.729s][info][gc,mmu      ] GC(483) MMU: 2ms/95.9%, 5ms/98.4%, 10ms/99.2%, 20ms/99.6%, 50ms/99.8%, 100ms/99.9%
[60.729s][info][gc,marking  ] GC(483) Mark: 8 stripe(s), 2 proactive flush(es), 1 terminate flush(es), 0 completion(s), 0 continuation(s) 
[60.729s][info][gc,marking  ] GC(483) Mark Stack Usage: 32M
[60.729s][info][gc,nmethod  ] GC(483) NMethods: 4889 registered, 729 unregistered
[60.729s][info][gc,metaspace] GC(483) Metaspace: 72M used, 73M committed, 1088M reserved
[60.729s][info][gc,ref      ] GC(483) Soft: 2442 encountered, 0 discovered, 0 enqueued
[60.729s][info][gc,ref      ] GC(483) Weak: 9607 encountered, 717 discovered, 0 enqueued
[60.729s][info][gc,ref      ] GC(483) Final: 289 encountered, 10 discovered, 0 enqueued
[60.729s][info][gc,ref      ] GC(483) Phantom: 424 encountered, 285 discovered, 0 enqueued
[60.729s][info][gc,reloc    ] GC(483) Small Pages: 134 / 268M, Empty: 160M, Relocated: 3M, In-Place: 0
[60.729s][info][gc,reloc    ] GC(483) Medium Pages: 0 / 0M, Empty: 0M, Relocated: 0M, In-Place: 0
[60.729s][info][gc,reloc    ] GC(483) Large Pages: 0 / 0M, Empty: 0M, Relocated: 0M, In-Place: 0
[60.730s][info][gc,reloc    ] GC(483) Forwarding Usage: 1M
[60.730s][info][gc,heap     ] GC(483) Min Capacity: 8M(1%)
[60.730s][info][gc,heap     ] GC(483) Max Capacity: 1024M(100%)
[60.730s][info][gc,heap     ] GC(483) Soft Max Capacity: 1024M(100%)
[60.730s][info][gc,heap     ] GC(483)                Mark Start          Mark End        Relocate Start      Relocate End           High               Low         
[60.730s][info][gc,heap     ] GC(483)  Capacity:     1024M (100%)       1024M (100%)       1024M (100%)       1024M (100%)       1024M (100%)       1024M (100%)   
[60.730s][info][gc,heap     ] GC(483)      Free:      756M (74%)         704M (69%)         854M (83%)         886M (87%)         886M (87%)         698M (68%)    
[60.730s][info][gc,heap     ] GC(483)      Used:      268M (26%)         320M (31%)         170M (17%)         138M (13%)         326M (32%)         138M (13%)    
[60.730s][info][gc,heap     ] GC(483)      Live:         -                47M (5%)           47M (5%)           47M (5%)             -                  -          
[60.730s][info][gc,heap     ] GC(483) Allocated:         -                52M (5%)           62M (6%)           61M (6%)             -                  -          
[60.730s][info][gc,heap     ] GC(483)   Garbage:         -               220M (22%)          60M (6%)           28M (3%)             -                  -          
[60.730s][info][gc,heap     ] GC(483) Reclaimed:         -                  -               160M (16%)         191M (19%)            -                  -          
[60.730s][info][gc          ] GC(483) Garbage Collection (Allocation Rate) 268M(26%)->138M(13%)
[60.795s][info][gc,start    ] GC(484) Garbage Collection (Allocation Rate)
[60.795s][info][gc,task     ] GC(484) Using 10 workers
[60.795s][info][gc,phases   ] GC(484) Pause Mark Start 0.010ms
[60.813s][info][gc,phases   ] GC(484) Concurrent Mark 17.549ms
[60.813s][info][gc,phases   ] GC(484) Pause Mark End 0.023ms
[60.813s][info][gc,phases   ] GC(484) Concurrent Mark Free 0.001ms
[60.815s][info][gc,phases   ] GC(484) Concurrent Process Non-Strong References 1.620ms
[60.815s][info][gc,phases   ] GC(484) Concurrent Reset Relocation Set 0.004ms
[60.817s][info][gc,phases   ] GC(484) Concurrent Select Relocation Set 2.418ms
[60.817s][info][gc,phases   ] GC(484) Pause Relocate Start 0.007ms
[60.819s][info][gc,phases   ] GC(484) Concurrent Relocate 1.410ms
[60.819s][info][gc,load     ] GC(484) Load: 0.00/0.00/0.00
[60.819s][info][gc,mmu      ] GC(484) MMU: 2ms/95.9%, 5ms/98.4%, 10ms/99.2%, 20ms/99.6%, 50ms/99.8%, 100ms/99.9%
[60.819s][info][gc,marking  ] GC(484) Mark: 8 stripe(s), 3 proactive flush(es), 1 terminate flush(es), 0 completion(s), 0 continuation(s) 
[60.819s][info][gc,marking  ] GC(484) Mark Stack Usage: 32M
[60.819s][info][gc,nmethod  ] GC(484) NMethods: 4889 registered, 729 unregistered
[60.819s][info][gc,metaspace] GC(484) Metaspace: 72M used, 73M committed, 1088M reserved
[60.819s][info][gc,ref      ] GC(484) Soft: 2442 encountered, 0 discovered, 0 enqueued
[60.819s][info][gc,ref      ] GC(484) Weak: 9607 encountered, 875 discovered, 0 enqueued
[60.819s][info][gc,ref      ] GC(484) Final: 289 encountered, 28 discovered, 0 enqueued
[60.819s][info][gc,ref      ] GC(484) Phantom: 424 encountered, 308 discovered, 0 enqueued
[60.819s][info][gc,reloc    ] GC(484) Small Pages: 141 / 282M, Empty: 168M, Relocated: 3M, In-Place: 0
[60.819s][info][gc,reloc    ] GC(484) Medium Pages: 0 / 0M, Empty: 0M, Relocated: 0M, In-Place: 0
[60.819s][info][gc,reloc    ] GC(484) Large Pages: 0 / 0M, Empty: 0M, Relocated: 0M, In-Place: 0
[60.819s][info][gc,reloc    ] GC(484) Forwarding Usage: 1M
[60.819s][info][gc,heap     ] GC(484) Min Capacity: 8M(1%)
[60.819s][info][gc,heap     ] GC(484) Max Capacity: 1024M(100%)
[60.819s][info][gc,heap     ] GC(484) Soft Max Capacity: 1024M(100%)
[60.819s][info][gc,heap     ] GC(484)                Mark Start          Mark End        Relocate Start      Relocate End           High               Low         
[60.819s][info][gc,heap     ] GC(484)  Capacity:     1024M (100%)       1024M (100%)       1024M (100%)       1024M (100%)       1024M (100%)       1024M (100%)   
[60.819s][info][gc,heap     ] GC(484)      Free:      742M (72%)         710M (69%)         868M (85%)         906M (88%)         906M (88%)         704M (69%)    
[60.819s][info][gc,heap     ] GC(484)      Used:      282M (28%)         314M (31%)         156M (15%)         118M (12%)         320M (31%)         118M (12%)    
[60.819s][info][gc,heap     ] GC(484)      Live:         -                47M (5%)           47M (5%)           47M (5%)             -                  -          
[60.819s][info][gc,heap     ] GC(484) Allocated:         -                32M (3%)           42M (4%)           41M (4%)             -                  -          
[60.819s][info][gc,heap     ] GC(484)   Garbage:         -               234M (23%)          66M (6%)           28M (3%)             -                  -          
[60.819s][info][gc,heap     ] GC(484) Reclaimed:         -                  -               168M (16%)         205M (20%)            -                  -          
[60.819s][info][gc          ] GC(484) Garbage Collection (Allocation Rate) 282M(28%)->118M(12%)
[61.003s][info][gc,start    ] GC(485) Garbage Collection (Allocation Rate)
[61.003s][info][gc,task     ] GC(485) Using 4 workers
[61.003s][info][gc,phases   ] GC(485) Pause Mark Start 0.010ms
[61.030s][info][gc,phases   ] GC(485) Concurrent Mark 26.897ms
[61.030s][info][gc,phases   ] GC(485) Pause Mark End 0.019ms
[61.030s][info][gc,phases   ] GC(485) Concurrent Mark Free 0.001ms
[61.034s][info][gc,phases   ] GC(485) Concurrent Process Non-Strong References 3.139ms
[61.034s][info][gc,phases   ] GC(485) Concurrent Reset Relocation Set 0.005ms
[61.037s][info][gc,phases   ] GC(485) Concurrent Select Relocation Set 3.610ms
[61.037s][info][gc,phases   ] GC(485) Pause Relocate Start 0.008ms
[61.040s][info][gc,phases   ] GC(485) Concurrent Relocate 2.073ms
[61.040s][info][gc,load     ] GC(485) Load: 0.00/0.00/0.00
[61.040s][info][gc,mmu      ] GC(485) MMU: 2ms/95.9%, 5ms/98.4%, 10ms/99.2%, 20ms/99.6%, 50ms/99.8%, 100ms/99.9%
[61.040s][info][gc,marking  ] GC(485) Mark: 4 stripe(s), 2 proactive flush(es), 1 terminate flush(es), 0 completion(s), 0 continuation(s) 
[61.040s][info][gc,marking  ] GC(485) Mark Stack Usage: 32M
[61.040s][info][gc,nmethod  ] GC(485) NMethods: 4889 registered, 729 unregistered
[61.040s][info][gc,metaspace] GC(485) Metaspace: 72M used, 73M committed, 1088M reserved
[61.040s][info][gc,ref      ] GC(485) Soft: 2442 encountered, 0 discovered, 0 enqueued
[61.040s][info][gc,ref      ] GC(485) Weak: 9607 encountered, 707 discovered, 0 enqueued
[61.040s][info][gc,ref      ] GC(485) Final: 289 encountered, 70 discovered, 0 enqueued
[61.040s][info][gc,ref      ] GC(485) Phantom: 424 encountered, 329 discovered, 0 enqueued
[61.040s][info][gc,reloc    ] GC(485) Small Pages: 258 / 516M, Empty: 392M, Relocated: 3M, In-Place: 0
[61.040s][info][gc,reloc    ] GC(485) Medium Pages: 0 / 0M, Empty: 0M, Relocated: 0M, In-Place: 0
[61.040s][info][gc,reloc    ] GC(485) Large Pages: 0 / 0M, Empty: 0M, Relocated: 0M, In-Place: 0
[61.040s][info][gc,reloc    ] GC(485) Forwarding Usage: 1M
[61.040s][info][gc,heap     ] GC(485) Min Capacity: 8M(1%)
[61.040s][info][gc,heap     ] GC(485) Max Capacity: 1024M(100%)
[61.040s][info][gc,heap     ] GC(485) Soft Max Capacity: 1024M(100%)
[61.040s][info][gc,heap     ] GC(485)                Mark Start          Mark End        Relocate Start      Relocate End           High               Low         
[61.040s][info][gc,heap     ] GC(485)  Capacity:     1024M (100%)       1024M (100%)       1024M (100%)       1024M (100%)       1024M (100%)       1024M (100%)   
[61.040s][info][gc,heap     ] GC(485)      Free:      508M (50%)         454M (44%)         830M (81%)         888M (87%)         888M (87%)         446M (44%)    
[61.040s][info][gc,heap     ] GC(485)      Used:      516M (50%)         570M (56%)         194M (19%)         136M (13%)         578M (56%)         136M (13%)    
[61.040s][info][gc,heap     ] GC(485)      Live:         -                47M (5%)           47M (5%)           47M (5%)             -                  -          
[61.040s][info][gc,heap     ] GC(485) Allocated:         -                54M (5%)           70M (7%)           71M (7%)             -                  -          
[61.040s][info][gc,heap     ] GC(485)   Garbage:         -               468M (46%)          76M (7%)           16M (2%)             -                  -          
[61.040s][info][gc,heap     ] GC(485) Reclaimed:         -                  -               392M (38%)         451M (44%)            -                  -          
[61.040s][info][gc          ] GC(485) Garbage Collection (Allocation Rate) 516M(50%)->136M(13%)
[61.137s][info][gc,start    ] GC(486) Garbage Collection (System.gc())
[61.138s][info][gc,task     ] GC(486) Using 10 workers
[61.138s][info][gc,phases   ] GC(486) Pause Mark Start 0.012ms
[61.164s][info][gc,phases   ] GC(486) Concurrent Mark 26.154ms
[61.164s][info][gc,phases   ] GC(486) Pause Mark End 0.022ms
[61.164s][info][gc,phases   ] GC(486) Concurrent Mark Free 0.001ms
[61.166s][info][gc,phases   ] GC(486) Concurrent Process Non-Strong References 1.502ms
[61.166s][info][gc,phases   ] GC(486) Concurrent Reset Relocation Set 0.004ms
[61.169s][info][gc,phases   ] GC(486) Concurrent Select Relocation Set 3.519ms
[61.169s][info][gc,phases   ] GC(486) Pause Relocate Start 0.006ms
[61.172s][info][gc,phases   ] GC(486) Concurrent Relocate 2.245ms
[61.172s][info][gc,load     ] GC(486) Load: 0.00/0.00/0.00
[61.172s][info][gc,mmu      ] GC(486) MMU: 2ms/95.9%, 5ms/98.4%, 10ms/99.2%, 20ms/99.6%, 50ms/99.8%, 100ms/99.9%
[61.172s][info][gc,marking  ] GC(486) Mark: 8 stripe(s), 2 proactive flush(es), 1 terminate flush(es), 0 completion(s), 0 continuation(s) 
[61.172s][info][gc,marking  ] GC(486) Mark Stack Usage: 32M
[61.172s][info][gc,nmethod  ] GC(486) NMethods: 4943 registered, 734 unregistered
[61.172s][info][gc,metaspace] GC(486) Metaspace: 72M used, 73M committed, 1088M reserved
[61.172s][info][gc,ref      ] GC(486) Soft: 2442 encountered, 0 discovered, 0 enqueued
[61.172s][info][gc,ref      ] GC(486) Weak: 9632 encountered, 1601 discovered, 55 enqueued
[61.172s][info][gc,ref      ] GC(486) Final: 289 encountered, 14 discovered, 0 enqueued
[61.172s][info][gc,ref      ] GC(486) Phantom: 424 encountered, 291 discovered, 0 enqueued
[61.172s][info][gc,reloc    ] GC(486) Small Pages: 147 / 294M, Empty: 128M, Relocated: 5M, In-Place: 0
[61.172s][info][gc,reloc    ] GC(486) Medium Pages: 0 / 0M, Empty: 0M, Relocated: 0M, In-Place: 0
[61.172s][info][gc,reloc    ] GC(486) Large Pages: 0 / 0M, Empty: 0M, Relocated: 0M, In-Place: 0
[61.172s][info][gc,reloc    ] GC(486) Forwarding Usage: 2M
[61.172s][info][gc,heap     ] GC(486) Min Capacity: 8M(1%)
[61.172s][info][gc,heap     ] GC(486) Max Capacity: 1024M(100%)
[61.172s][info][gc,heap     ] GC(486) Soft Max Capacity: 1024M(100%)
[61.172s][info][gc,heap     ] GC(486)                Mark Start          Mark End        Relocate Start      Relocate End           High               Low         
[61.172s][info][gc,heap     ] GC(486)  Capacity:     1024M (100%)       1024M (100%)       1024M (100%)       1024M (100%)       1024M (100%)       1024M (100%)   
[61.172s][info][gc,heap     ] GC(486)      Free:      730M (71%)         714M (70%)         842M (82%)         934M (91%)         934M (91%)         714M (70%)    
[61.172s][info][gc,heap     ] GC(486)      Used:      294M (29%)         310M (30%)         182M (18%)          90M (9%)          310M (30%)          90M (9%)     
[61.172s][info][gc,heap     ] GC(486)      Live:         -                47M (5%)           47M (5%)           47M (5%)             -                  -          
[61.172s][info][gc,heap     ] GC(486) Allocated:         -                16M (2%)           16M (2%)           16M (2%)             -                  -          
[61.172s][info][gc,heap     ] GC(486)   Garbage:         -               246M (24%)         118M (12%)          26M (3%)             -                  -          
[61.172s][info][gc,heap     ] GC(486) Reclaimed:         -                  -               128M (13%)         220M (21%)            -                  -          
[61.172s][info][gc          ] GC(486) Garbage Collection (System.gc()) 294M(29%)->90M(9%)
[61.296s][info][gc,start    ] GC(487) Garbage Collection (Allocation Rate)
[61.297s][info][gc,task     ] GC(487) Using 6 workers
[61.297s][info][gc,phases   ] GC(487) Pause Mark Start 0.012ms
[61.331s][info][gc,phases   ] GC(487) Concurrent Mark 33.697ms
[61.331s][info][gc,phases   ] GC(487) Pause Mark End 0.025ms
[61.331s][info][gc,phases   ] GC(487) Concurrent Mark Free 0.002ms
[61.336s][info][gc,phases   ] GC(487) Concurrent Process Non-Strong References 4.601ms
[61.336s][info][gc,phases   ] GC(487) Concurrent Reset Relocation Set 0.019ms
[61.347s][info][gc,phases   ] GC(487) Concurrent Select Relocation Set 11.184ms
[61.347s][info][gc,phases   ] GC(487) Pause Relocate Start 0.008ms
[61.355s][info][gc,phases   ] GC(487) Concurrent Relocate 6.982ms
[61.355s][info][gc,load     ] GC(487) Load: 0.00/0.00/0.00
[61.355s][info][gc,mmu      ] GC(487) MMU: 2ms/95.9%, 5ms/98.4%, 10ms/99.2%, 20ms/99.6%, 50ms/99.8%, 100ms/99.9%
[61.355s][info][gc,marking  ] GC(487) Mark: 4 stripe(s), 2 proactive flush(es), 1 terminate flush(es), 0 completion(s), 0 continuation(s) 
[61.355s][info][gc,marking  ] GC(487) Mark Stack Usage: 32M
[61.355s][info][gc,nmethod  ] GC(487) NMethods: 5062 registered, 35 unregistered
[61.355s][info][gc,metaspace] GC(487) Metaspace: 72M used, 73M committed, 1088M reserved
[61.355s][info][gc,ref      ] GC(487) Soft: 2442 encountered, 0 discovered, 0 enqueued
[61.355s][info][gc,ref      ] GC(487) Weak: 11016 encountered, 2051 discovered, 1 enqueued
[61.355s][info][gc,ref      ] GC(487) Final: 289 encountered, 3 discovered, 0 enqueued
[61.355s][info][gc,ref      ] GC(487) Phantom: 428 encountered, 304 discovered, 4 enqueued
[61.355s][info][gc,reloc    ] GC(487) Small Pages: 305 / 610M, Empty: 148M, Relocated: 6M, In-Place: 0
[61.355s][info][gc,reloc    ] GC(487) Medium Pages: 0 / 0M, Empty: 0M, Relocated: 0M, In-Place: 0
[61.355s][info][gc,reloc    ] GC(487) Large Pages: 0 / 0M, Empty: 0M, Relocated: 0M, In-Place: 0
[61.355s][info][gc,reloc    ] GC(487) Forwarding Usage: 3M
[61.355s][info][gc,heap     ] GC(487) Min Capacity: 8M(1%)
[61.355s][info][gc,heap     ] GC(487) Max Capacity: 1024M(100%)
[61.355s][info][gc,heap     ] GC(487) Soft Max Capacity: 1024M(100%)
[61.355s][info][gc,heap     ] GC(487)                Mark Start          Mark End        Relocate Start      Relocate End           High               Low         
[61.355s][info][gc,heap     ] GC(487)  Capacity:     1024M (100%)       1024M (100%)       1024M (100%)       1024M (100%)       1024M (100%)       1024M (100%)   
[61.355s][info][gc,heap     ] GC(487)      Free:      414M (40%)         250M (24%)         322M (31%)         696M (68%)         702M (69%)         226M (22%)    
[61.355s][info][gc,heap     ] GC(487)      Used:      610M (60%)         774M (76%)         702M (69%)         328M (32%)         798M (78%)         322M (31%)    
[61.355s][info][gc,heap     ] GC(487)      Live:         -                52M (5%)           52M (5%)           52M (5%)             -                  -          
[61.355s][info][gc,heap     ] GC(487) Allocated:         -               164M (16%)         240M (23%)         256M (25%)            -                  -          
[61.356s][info][gc,heap     ] GC(487)   Garbage:         -               557M (54%)         409M (40%)          19M (2%)             -                  -          
[61.356s][info][gc,heap     ] GC(487) Reclaimed:         -                  -               148M (14%)         538M (53%)            -                  -          
[61.356s][info][gc          ] GC(487) Garbage Collection (Allocation Rate) 610M(60%)->328M(32%)
[61.396s][info][gc,start    ] GC(488) Garbage Collection (Allocation Rate)
[61.396s][info][gc,task     ] GC(488) Using 6 workers
[61.396s][info][gc,phases   ] GC(488) Pause Mark Start 0.015ms
[61.429s][info][gc,phases   ] GC(488) Concurrent Mark 32.338ms
[61.429s][info][gc,phases   ] GC(488) Pause Mark End 0.021ms
[61.429s][info][gc,phases   ] GC(488) Concurrent Mark Free 0.002ms
[61.433s][info][gc,phases   ] GC(488) Concurrent Process Non-Strong References 3.877ms
[61.433s][info][gc,phases   ] GC(488) Concurrent Reset Relocation Set 0.054ms
[61.445s][info][gc,phases   ] GC(488) Concurrent Select Relocation Set 11.502ms
[61.445s][info][gc,phases   ] GC(488) Pause Relocate Start 0.010ms
[61.452s][info][gc,phases   ] GC(488) Concurrent Relocate 6.962ms
[61.485s][info][gc,load     ] GC(488) Load: 0.00/0.00/0.00
[61.485s][info][gc,mmu      ] GC(488) MMU: 2ms/95.9%, 5ms/98.4%, 10ms/99.2%, 20ms/99.6%, 50ms/99.8%, 100ms/99.9%
[61.485s][info][gc,marking  ] GC(488) Mark: 4 stripe(s), 2 proactive flush(es), 1 terminate flush(es), 0 completion(s), 0 continuation(s) 
[61.485s][info][gc,marking  ] GC(488) Mark Stack Usage: 32M
[61.485s][info][gc,nmethod  ] GC(488) NMethods: 5062 registered, 35 unregistered
[61.485s][info][gc,metaspace] GC(488) Metaspace: 72M used, 73M committed, 1088M reserved
[61.485s][info][gc,ref      ] GC(488) Soft: 2442 encountered, 0 discovered, 0 enqueued
[61.485s][info][gc,ref      ] GC(488) Weak: 11015 encountered, 1763 discovered, 0 enqueued
[61.485s][info][gc,ref      ] GC(488) Final: 289 encountered, 20 discovered, 0 enqueued
[61.485s][info][gc,ref      ] GC(488) Phantom: 424 encountered, 285 discovered, 0 enqueued
[61.485s][info][gc,reloc    ] GC(488) Small Pages: 268 / 536M, Empty: 220M, Relocated: 6M, In-Place: 0
[61.485s][info][gc,reloc    ] GC(488) Medium Pages: 0 / 0M, Empty: 0M, Relocated: 0M, In-Place: 0
[61.485s][info][gc,reloc    ] GC(488) Large Pages: 0 / 0M, Empty: 0M, Relocated: 0M, In-Place: 0
[61.485s][info][gc,reloc    ] GC(488) Forwarding Usage: 3M
[61.485s][info][gc,heap     ] GC(488) Min Capacity: 8M(1%)
[61.485s][info][gc,heap     ] GC(488) Max Capacity: 1024M(100%)
[61.485s][info][gc,heap     ] GC(488) Soft Max Capacity: 1024M(100%)
[61.485s][info][gc,heap     ] GC(488)                Mark Start          Mark End        Relocate Start      Relocate End           High               Low         
[61.485s][info][gc,heap     ] GC(488)  Capacity:     1024M (100%)       1024M (100%)       1024M (100%)       1024M (100%)       1024M (100%)       1024M (100%)   
[61.485s][info][gc,heap     ] GC(488)      Free:      488M (48%)         332M (32%)         478M (47%)         706M (69%)         714M (70%)         312M (30%)    
[61.485s][info][gc,heap     ] GC(488)      Used:      536M (52%)         692M (68%)         546M (53%)         318M (31%)         712M (70%)         310M (30%)    
[61.485s][info][gc,heap     ] GC(488)      Live:         -                52M (5%)           52M (5%)           52M (5%)             -                  -          
[61.485s][info][gc,heap     ] GC(488) Allocated:         -               156M (15%)         230M (22%)         246M (24%)            -                  -          
[61.486s][info][gc,heap     ] GC(488)   Garbage:         -               483M (47%)         263M (26%)          19M (2%)             -                  -          
[61.486s][info][gc,heap     ] GC(488) Reclaimed:         -                  -               220M (21%)         464M (45%)            -                  -          
[61.486s][info][gc          ] GC(488) Garbage Collection (Allocation Rate) 536M(52%)->318M(31%)
[61.496s][info][gc,start    ] GC(489) Garbage Collection (Allocation Rate)
[61.496s][info][gc,task     ] GC(489) Using 10 workers
[61.496s][info][gc,phases   ] GC(489) Pause Mark Start 0.012ms
[61.519s][info][gc,phases   ] GC(489) Concurrent Mark 22.039ms
[61.519s][info][gc,phases   ] GC(489) Pause Mark End 0.026ms
[61.520s][info][gc,phases   ] GC(489) Concurrent Mark Free 0.002ms
[61.525s][info][gc,phases   ] GC(489) Concurrent Process Non-Strong References 4.849ms
[61.525s][info][gc,phases   ] GC(489) Concurrent Reset Relocation Set 0.037ms
[61.534s][info][gc,phases   ] GC(489) Concurrent Select Relocation Set 9.243ms
[61.535s][info][gc,phases   ] GC(489) Pause Relocate Start 0.009ms
[61.542s][info][gc,phases   ] GC(489) Concurrent Relocate 6.892ms
[61.542s][info][gc,load     ] GC(489) Load: 0.00/0.00/0.00
[61.542s][info][gc,mmu      ] GC(489) MMU: 2ms/95.9%, 5ms/98.4%, 10ms/99.2%, 20ms/99.6%, 50ms/99.8%, 100ms/99.9%
[61.542s][info][gc,marking  ] GC(489) Mark: 8 stripe(s), 3 proactive flush(es), 1 terminate flush(es), 0 completion(s), 0 continuation(s) 
[61.542s][info][gc,marking  ] GC(489) Mark Stack Usage: 32M
[61.542s][info][gc,nmethod  ] GC(489) NMethods: 5062 registered, 35 unregistered
[61.542s][info][gc,metaspace] GC(489) Metaspace: 72M used, 73M committed, 1088M reserved
[61.542s][info][gc,ref      ] GC(489) Soft: 2442 encountered, 0 discovered, 0 enqueued
[61.542s][info][gc,ref      ] GC(489) Weak: 11015 encountered, 2017 discovered, 0 enqueued
[61.542s][info][gc,ref      ] GC(489) Final: 289 encountered, 43 discovered, 0 enqueued
[61.542s][info][gc,ref      ] GC(489) Phantom: 424 encountered, 346 discovered, 0 enqueued
[61.542s][info][gc,reloc    ] GC(489) Small Pages: 268 / 536M, Empty: 224M, Relocated: 10M, In-Place: 0
[61.542s][info][gc,reloc    ] GC(489) Medium Pages: 0 / 0M, Empty: 0M, Relocated: 0M, In-Place: 0
[61.542s][info][gc,reloc    ] GC(489) Large Pages: 0 / 0M, Empty: 0M, Relocated: 0M, In-Place: 0
[61.542s][info][gc,reloc    ] GC(489) Forwarding Usage: 3M
[61.542s][info][gc,heap     ] GC(489) Min Capacity: 8M(1%)
[61.542s][info][gc,heap     ] GC(489) Max Capacity: 1024M(100%)
[61.542s][info][gc,heap     ] GC(489) Soft Max Capacity: 1024M(100%)
[61.542s][info][gc,heap     ] GC(489)                Mark Start          Mark End        Relocate Start      Relocate End           High               Low         
[61.542s][info][gc,heap     ] GC(489)  Capacity:     1024M (100%)       1024M (100%)       1024M (100%)       1024M (100%)       1024M (100%)       1024M (100%)   
[61.542s][info][gc,heap     ] GC(489)      Free:      488M (48%)         380M (37%)         534M (52%)         754M (74%)         760M (74%)         352M (34%)    
[61.542s][info][gc,heap     ] GC(489)      Used:      536M (52%)         644M (63%)         490M (48%)         270M (26%)         672M (66%)         264M (26%)    
[61.542s][info][gc,heap     ] GC(489)      Live:         -                51M (5%)           51M (5%)           51M (5%)             -                  -          
[61.542s][info][gc,heap     ] GC(489) Allocated:         -               108M (11%)         178M (17%)         197M (19%)            -                  -          
[61.542s][info][gc,heap     ] GC(489)   Garbage:         -               484M (47%)         260M (25%)          20M (2%)             -                  -          
[61.542s][info][gc,heap     ] GC(489) Reclaimed:         -                  -               224M (22%)         463M (45%)            -                  -          
[61.542s][info][gc          ] GC(489) Garbage Collection (Allocation Rate) 536M(52%)->270M(26%)
[61.597s][info][gc,start    ] GC(490) Garbage Collection (Allocation Rate)
[61.597s][info][gc,task     ] GC(490) Using 10 workers
[61.597s][info][gc,phases   ] GC(490) Pause Mark Start 0.011ms
[61.621s][info][gc,phases   ] GC(490) Concurrent Mark 23.570ms
[61.621s][info][gc,phases   ] GC(490) Pause Mark End 0.028ms
[61.622s][info][gc,phases   ] GC(490) Concurrent Mark Free 0.001ms
[61.625s][info][gc,phases   ] GC(490) Concurrent Process Non-Strong References 2.584ms
[61.625s][info][gc,phases   ] GC(490) Concurrent Reset Relocation Set 0.037ms
[61.630s][info][gc,phases   ] GC(490) Concurrent Select Relocation Set 4.718ms
[61.630s][info][gc,phases   ] GC(490) Pause Relocate Start 0.008ms
[61.637s][info][gc,phases   ] GC(490) Concurrent Relocate 6.747ms
[61.637s][info][gc,load     ] GC(490) Load: 0.00/0.00/0.00
[61.637s][info][gc,mmu      ] GC(490) MMU: 2ms/95.9%, 5ms/98.4%, 10ms/99.2%, 20ms/99.6%, 50ms/99.8%, 100ms/99.9%
[61.637s][info][gc,marking  ] GC(490) Mark: 8 stripe(s), 3 proactive flush(es), 1 terminate flush(es), 0 completion(s), 0 continuation(s) 
[61.637s][info][gc,marking  ] GC(490) Mark Stack Usage: 32M
[61.637s][info][gc,nmethod  ] GC(490) NMethods: 5062 registered, 35 unregistered
[61.637s][info][gc,metaspace] GC(490) Metaspace: 72M used, 73M committed, 1088M reserved
[61.637s][info][gc,ref      ] GC(490) Soft: 2442 encountered, 0 discovered, 0 enqueued
[61.637s][info][gc,ref      ] GC(490) Weak: 11015 encountered, 2095 discovered, 0 enqueued
[61.637s][info][gc,ref      ] GC(490) Final: 289 encountered, 3 discovered, 0 enqueued
[61.637s][info][gc,ref      ] GC(490) Phantom: 424 encountered, 301 discovered, 0 enqueued
[61.637s][info][gc,reloc    ] GC(490) Small Pages: 273 / 546M, Empty: 248M, Relocated: 10M, In-Place: 0
[61.637s][info][gc,reloc    ] GC(490) Medium Pages: 0 / 0M, Empty: 0M, Relocated: 0M, In-Place: 0
[61.637s][info][gc,reloc    ] GC(490) Large Pages: 0 / 0M, Empty: 0M, Relocated: 0M, In-Place: 0
[61.637s][info][gc,reloc    ] GC(490) Forwarding Usage: 3M
[61.637s][info][gc,heap     ] GC(490) Min Capacity: 8M(1%)
[61.637s][info][gc,heap     ] GC(490) Max Capacity: 1024M(100%)
[61.637s][info][gc,heap     ] GC(490) Soft Max Capacity: 1024M(100%)
[61.637s][info][gc,heap     ] GC(490)                Mark Start          Mark End        Relocate Start      Relocate End           High               Low         
[61.637s][info][gc,heap     ] GC(490)  Capacity:     1024M (100%)       1024M (100%)       1024M (100%)       1024M (100%)       1024M (100%)       1024M (100%)   
[61.637s][info][gc,heap     ] GC(490)      Free:      478M (47%)         366M (36%)         574M (56%)         780M (76%)         792M (77%)         350M (34%)    
[61.638s][info][gc,heap     ] GC(490)      Used:      546M (53%)         658M (64%)         450M (44%)         244M (24%)         674M (66%)         232M (23%)    
[61.638s][info][gc,heap     ] GC(490)      Live:         -                52M (5%)           52M (5%)           52M (5%)             -                  -          
[61.638s][info][gc,heap     ] GC(490) Allocated:         -               112M (11%)         152M (15%)         171M (17%)            -                  -          
[61.638s][info][gc,heap     ] GC(490)   Garbage:         -               493M (48%)         245M (24%)          20M (2%)             -                  -          
[61.638s][info][gc,heap     ] GC(490) Reclaimed:         -                  -               248M (24%)         473M (46%)            -                  -          
[61.638s][info][gc          ] GC(490) Garbage Collection (Allocation Rate) 546M(53%)->244M(24%)
[61.696s][info][gc,start    ] GC(491) Garbage Collection (Allocation Rate)
[61.696s][info][gc,task     ] GC(491) Using 10 workers
[61.696s][info][gc,phases   ] GC(491) Pause Mark Start 0.012ms
[61.720s][info][gc,phases   ] GC(491) Concurrent Mark 23.639ms
[61.720s][info][gc,phases   ] GC(491) Pause Mark End 0.032ms
[61.721s][info][gc,phases   ] GC(491) Concurrent Mark Free 0.001ms
[61.724s][info][gc,phases   ] GC(491) Concurrent Process Non-Strong References 2.630ms
[61.724s][info][gc,phases   ] GC(491) Concurrent Reset Relocation Set 0.039ms
[61.729s][info][gc,phases   ] GC(491) Concurrent Select Relocation Set 4.862ms
[61.729s][info][gc,phases   ] GC(491) Pause Relocate Start 0.009ms
[61.735s][info][gc,phases   ] GC(491) Concurrent Relocate 5.261ms
[61.735s][info][gc,load     ] GC(491) Load: 0.00/0.00/0.00
[61.735s][info][gc,mmu      ] GC(491) MMU: 2ms/95.9%, 5ms/98.4%, 10ms/99.2%, 20ms/99.6%, 50ms/99.8%, 100ms/99.9%
[61.735s][info][gc,marking  ] GC(491) Mark: 8 stripe(s), 3 proactive flush(es), 1 terminate flush(es), 0 completion(s), 0 continuation(s) 
[61.735s][info][gc,marking  ] GC(491) Mark Stack Usage: 32M
[61.735s][info][gc,nmethod  ] GC(491) NMethods: 5062 registered, 35 unregistered
[61.735s][info][gc,metaspace] GC(491) Metaspace: 72M used, 73M committed, 1088M reserved
[61.735s][info][gc,ref      ] GC(491) Soft: 2442 encountered, 0 discovered, 0 enqueued
[61.735s][info][gc,ref      ] GC(491) Weak: 11015 encountered, 1903 discovered, 0 enqueued
[61.735s][info][gc,ref      ] GC(491) Final: 289 encountered, 34 discovered, 0 enqueued
[61.735s][info][gc,ref      ] GC(491) Phantom: 424 encountered, 328 discovered, 0 enqueued
[61.735s][info][gc,reloc    ] GC(491) Small Pages: 270 / 540M, Empty: 216M, Relocated: 10M, In-Place: 0
[61.735s][info][gc,reloc    ] GC(491) Medium Pages: 0 / 0M, Empty: 0M, Relocated: 0M, In-Place: 0
[61.735s][info][gc,reloc    ] GC(491) Large Pages: 0 / 0M, Empty: 0M, Relocated: 0M, In-Place: 0
[61.735s][info][gc,reloc    ] GC(491) Forwarding Usage: 3M
[61.735s][info][gc,heap     ] GC(491) Min Capacity: 8M(1%)
[61.735s][info][gc,heap     ] GC(491) Max Capacity: 1024M(100%)
[61.735s][info][gc,heap     ] GC(491) Soft Max Capacity: 1024M(100%)
[61.735s][info][gc,heap     ] GC(491)                Mark Start          Mark End        Relocate Start      Relocate End           High               Low         
[61.735s][info][gc,heap     ] GC(491)  Capacity:     1024M (100%)       1024M (100%)       1024M (100%)       1024M (100%)       1024M (100%)       1024M (100%)   
[61.735s][info][gc,heap     ] GC(491)      Free:      484M (47%)         368M (36%)         548M (54%)         786M (77%)         790M (77%)         354M (35%)    
[61.735s][info][gc,heap     ] GC(491)      Used:      540M (53%)         656M (64%)         476M (46%)         238M (23%)         670M (65%)         234M (23%)    
[61.735s][info][gc,heap     ] GC(491)      Live:         -                52M (5%)           52M (5%)           52M (5%)             -                  -          
[61.735s][info][gc,heap     ] GC(491) Allocated:         -               116M (11%)         152M (15%)         165M (16%)            -                  -          
[61.735s][info][gc,heap     ] GC(491)   Garbage:         -               487M (48%)         271M (27%)          20M (2%)             -                  -          
[61.735s][info][gc,heap     ] GC(491) Reclaimed:         -                  -               216M (21%)         467M (46%)            -                  -          
[61.735s][info][gc          ] GC(491) Garbage Collection (Allocation Rate) 540M(53%)->238M(23%)
[61.797s][info][gc,start    ] GC(492) Garbage Collection (Allocation Rate)
[61.797s][info][gc,task     ] GC(492) Using 10 workers
[61.797s][info][gc,phases   ] GC(492) Pause Mark Start 0.010ms
[61.823s][info][gc,phases   ] GC(492) Concurrent Mark 25.854ms
[61.824s][info][gc,phases   ] GC(492) Pause Mark End 0.027ms
[61.826s][info][gc,phases   ] GC(492) Concurrent Mark Free 0.001ms
[61.829s][info][gc,phases   ] GC(492) Concurrent Process Non-Strong References 2.650ms
[61.829s][info][gc,phases   ] GC(492) Concurrent Reset Relocation Set 0.042ms
[61.834s][info][gc,phases   ] GC(492) Concurrent Select Relocation Set 5.039ms
[61.834s][info][gc,phases   ] GC(492) Pause Relocate Start 0.008ms
[61.838s][info][gc,phases   ] GC(492) Concurrent Relocate 3.174ms
[61.838s][info][gc,load     ] GC(492) Load: 0.00/0.00/0.00
[61.838s][info][gc,mmu      ] GC(492) MMU: 2ms/95.9%, 5ms/98.4%, 10ms/99.2%, 20ms/99.6%, 50ms/99.8%, 100ms/99.9%
[61.838s][info][gc,marking  ] GC(492) Mark: 8 stripe(s), 2 proactive flush(es), 1 terminate flush(es), 0 completion(s), 0 continuation(s) 
[61.839s][info][gc,marking  ] GC(492) Mark Stack Usage: 32M
[61.839s][info][gc,nmethod  ] GC(492) NMethods: 5062 registered, 35 unregistered
[61.839s][info][gc,metaspace] GC(492) Metaspace: 72M used, 73M committed, 1088M reserved
[61.839s][info][gc,ref      ] GC(492) Soft: 2442 encountered, 0 discovered, 0 enqueued
[61.839s][info][gc,ref      ] GC(492) Weak: 11015 encountered, 2174 discovered, 0 enqueued
[61.839s][info][gc,ref      ] GC(492) Final: 289 encountered, 6 discovered, 0 enqueued
[61.839s][info][gc,ref      ] GC(492) Phantom: 424 encountered, 317 discovered, 0 enqueued
[61.839s][info][gc,reloc    ] GC(492) Small Pages: 275 / 550M, Empty: 152M, Relocated: 5M, In-Place: 0
[61.839s][info][gc,reloc    ] GC(492) Medium Pages: 0 / 0M, Empty: 0M, Relocated: 0M, In-Place: 0
[61.839s][info][gc,reloc    ] GC(492) Large Pages: 0 / 0M, Empty: 0M, Relocated: 0M, In-Place: 0
[61.839s][info][gc,reloc    ] GC(492) Forwarding Usage: 2M
[61.839s][info][gc,heap     ] GC(492) Min Capacity: 8M(1%)
[61.839s][info][gc,heap     ] GC(492) Max Capacity: 1024M(100%)
[61.839s][info][gc,heap     ] GC(492) Soft Max Capacity: 1024M(100%)
[61.839s][info][gc,heap     ] GC(492)                Mark Start          Mark End        Relocate Start      Relocate End           High               Low         
[61.839s][info][gc,heap     ] GC(492)  Capacity:     1024M (100%)       1024M (100%)       1024M (100%)       1024M (100%)       1024M (100%)       1024M (100%)   
[61.839s][info][gc,heap     ] GC(492)      Free:      474M (46%)         354M (35%)         456M (45%)         766M (75%)         766M (75%)         326M (32%)    
[61.839s][info][gc,heap     ] GC(492)      Used:      550M (54%)         670M (65%)         568M (55%)         258M (25%)         698M (68%)         258M (25%)    
[61.839s][info][gc,heap     ] GC(492)      Live:         -                51M (5%)           51M (5%)           51M (5%)             -                  -          
[61.839s][info][gc,heap     ] GC(492) Allocated:         -               120M (12%)         170M (17%)         177M (17%)            -                  -          
[61.839s][info][gc,heap     ] GC(492)   Garbage:         -               498M (49%)         346M (34%)          28M (3%)             -                  -          
[61.839s][info][gc,heap     ] GC(492) Reclaimed:         -                  -               152M (15%)         469M (46%)            -                  -          
[61.839s][info][gc          ] GC(492) Garbage Collection (Allocation Rate) 550M(54%)->258M(25%)
[61.896s][info][gc,start    ] GC(493) Garbage Collection (Allocation Rate)
[61.896s][info][gc,task     ] GC(493) Using 10 workers
[61.897s][info][gc,phases   ] GC(493) Pause Mark Start 0.012ms
[61.919s][info][gc,phases   ] GC(493) Concurrent Mark 22.355ms
[61.920s][info][gc,phases   ] GC(493) Pause Mark End 0.025ms
[61.920s][info][gc,phases   ] GC(493) Concurrent Mark Free 0.001ms
[61.925s][info][gc,phases   ] GC(493) Concurrent Process Non-Strong References 4.238ms
[61.925s][info][gc,phases   ] GC(493) Concurrent Reset Relocation Set 0.058ms
[61.931s][info][gc,phases   ] GC(493) Concurrent Select Relocation Set 6.344ms
[61.931s][info][gc,phases   ] GC(493) Pause Relocate Start 0.009ms
[61.934s][info][gc,phases   ] GC(493) Concurrent Relocate 2.928ms
[61.935s][info][gc,load     ] GC(493) Load: 0.00/0.00/0.00
[61.935s][info][gc,mmu      ] GC(493) MMU: 2ms/95.9%, 5ms/98.4%, 10ms/99.2%, 20ms/99.6%, 50ms/99.8%, 100ms/99.9%
[61.935s][info][gc,marking  ] GC(493) Mark: 8 stripe(s), 3 proactive flush(es), 1 terminate flush(es), 0 completion(s), 0 continuation(s) 
[61.935s][info][gc,marking  ] GC(493) Mark Stack Usage: 32M
[61.935s][info][gc,nmethod  ] GC(493) NMethods: 5062 registered, 35 unregistered
[61.935s][info][gc,metaspace] GC(493) Metaspace: 72M used, 73M committed, 1088M reserved
[61.935s][info][gc,ref      ] GC(493) Soft: 2442 encountered, 0 discovered, 0 enqueued
[61.935s][info][gc,ref      ] GC(493) Weak: 11015 encountered, 1725 discovered, 0 enqueued
[61.935s][info][gc,ref      ] GC(493) Final: 289 encountered, 30 discovered, 0 enqueued
[61.935s][info][gc,ref      ] GC(493) Phantom: 424 encountered, 262 discovered, 0 enqueued
[61.935s][info][gc,reloc    ] GC(493) Small Pages: 274 / 548M, Empty: 220M, Relocated: 5M, In-Place: 0
[61.935s][info][gc,reloc    ] GC(493) Medium Pages: 0 / 0M, Empty: 0M, Relocated: 0M, In-Place: 0
[61.935s][info][gc,reloc    ] GC(493) Large Pages: 0 / 0M, Empty: 0M, Relocated: 0M, In-Place: 0
[61.935s][info][gc,reloc    ] GC(493) Forwarding Usage: 2M
[61.935s][info][gc,heap     ] GC(493) Min Capacity: 8M(1%)
[61.935s][info][gc,heap     ] GC(493) Max Capacity: 1024M(100%)
[61.935s][info][gc,heap     ] GC(493) Soft Max Capacity: 1024M(100%)
[61.935s][info][gc,heap     ] GC(493)                Mark Start          Mark End        Relocate Start      Relocate End           High               Low         
[61.935s][info][gc,heap     ] GC(493)  Capacity:     1024M (100%)       1024M (100%)       1024M (100%)       1024M (100%)       1024M (100%)       1024M (100%)   
[61.935s][info][gc,heap     ] GC(493)      Free:      476M (46%)         366M (36%)         534M (52%)         778M (76%)         778M (76%)         344M (34%)    
[61.935s][info][gc,heap     ] GC(493)      Used:      548M (54%)         658M (64%)         490M (48%)         246M (24%)         680M (66%)         246M (24%)    
[61.935s][info][gc,heap     ] GC(493)      Live:         -                52M (5%)           52M (5%)           52M (5%)             -                  -          
[61.935s][info][gc,heap     ] GC(493) Allocated:         -               110M (11%)         162M (16%)         165M (16%)            -                  -          
[61.935s][info][gc,heap     ] GC(493)   Garbage:         -               495M (48%)         275M (27%)          28M (3%)             -                  -          
[61.935s][info][gc,heap     ] GC(493) Reclaimed:         -                  -               220M (21%)         467M (46%)            -                  -          
[61.935s][info][gc          ] GC(493) Garbage Collection (Allocation Rate) 548M(54%)->246M(24%)
[61.995s][info][gc,start    ] GC(494) Garbage Collection (Allocation Rate)
[61.996s][info][gc,task     ] GC(494) Using 10 workers
[61.996s][info][gc,phases   ] GC(494) Pause Mark Start 0.012ms
[62.017s][info][gc,phases   ] GC(494) Concurrent Mark 21.036ms
[62.017s][info][gc,phases   ] GC(494) Pause Mark End 0.026ms
[62.018s][info][gc,phases   ] GC(494) Concurrent Mark Free 0.001ms
[62.020s][info][gc,phases   ] GC(494) Concurrent Process Non-Strong References 2.618ms
[62.020s][info][gc,phases   ] GC(494) Concurrent Reset Relocation Set 0.040ms
[62.030s][info][gc,phases   ] GC(494) Concurrent Select Relocation Set 9.750ms
[62.030s][info][gc,phases   ] GC(494) Pause Relocate Start 0.008ms
[62.035s][info][gc,phases   ] GC(494) Concurrent Relocate 4.549ms
[62.035s][info][gc,load     ] GC(494) Load: 0.00/0.00/0.00
[62.035s][info][gc,mmu      ] GC(494) MMU: 2ms/95.9%, 5ms/98.4%, 10ms/99.2%, 20ms/99.6%, 50ms/99.8%, 100ms/99.9%
[62.035s][info][gc,marking  ] GC(494) Mark: 8 stripe(s), 3 proactive flush(es), 1 terminate flush(es), 0 completion(s), 0 continuation(s) 
[62.035s][info][gc,marking  ] GC(494) Mark Stack Usage: 32M
[62.035s][info][gc,nmethod  ] GC(494) NMethods: 5062 registered, 35 unregistered
[62.035s][info][gc,metaspace] GC(494) Metaspace: 72M used, 73M committed, 1088M reserved
[62.035s][info][gc,ref      ] GC(494) Soft: 2442 encountered, 0 discovered, 0 enqueued
[62.035s][info][gc,ref      ] GC(494) Weak: 11015 encountered, 1881 discovered, 0 enqueued
[62.035s][info][gc,ref      ] GC(494) Final: 289 encountered, 3 discovered, 0 enqueued
[62.035s][info][gc,ref      ] GC(494) Phantom: 424 encountered, 270 discovered, 0 enqueued
[62.035s][info][gc,reloc    ] GC(494) Small Pages: 276 / 552M, Empty: 216M, Relocated: 5M, In-Place: 0
[62.035s][info][gc,reloc    ] GC(494) Medium Pages: 0 / 0M, Empty: 0M, Relocated: 0M, In-Place: 0
[62.035s][info][gc,reloc    ] GC(494) Large Pages: 0 / 0M, Empty: 0M, Relocated: 0M, In-Place: 0
[62.035s][info][gc,reloc    ] GC(494) Forwarding Usage: 2M
[62.035s][info][gc,heap     ] GC(494) Min Capacity: 8M(1%)
[62.035s][info][gc,heap     ] GC(494) Max Capacity: 1024M(100%)
[62.035s][info][gc,heap     ] GC(494) Soft Max Capacity: 1024M(100%)
[62.035s][info][gc,heap     ] GC(494)                Mark Start          Mark End        Relocate Start      Relocate End           High               Low         
[62.035s][info][gc,heap     ] GC(494)  Capacity:     1024M (100%)       1024M (100%)       1024M (100%)       1024M (100%)       1024M (100%)       1024M (100%)   
[62.036s][info][gc,heap     ] GC(494)      Free:      472M (46%)         370M (36%)         528M (52%)         770M (75%)         776M (76%)         356M (35%)    
[62.036s][info][gc,heap     ] GC(494)      Used:      552M (54%)         654M (64%)         496M (48%)         254M (25%)         668M (65%)         248M (24%)    
[62.036s][info][gc,heap     ] GC(494)      Live:         -                51M (5%)           51M (5%)           51M (5%)             -                  -          
[62.036s][info][gc,heap     ] GC(494) Allocated:         -               102M (10%)         160M (16%)         173M (17%)            -                  -          
[62.036s][info][gc,heap     ] GC(494)   Garbage:         -               500M (49%)         284M (28%)          28M (3%)             -                  -          
[62.036s][info][gc,heap     ] GC(494) Reclaimed:         -                  -               216M (21%)         471M (46%)            -                  -          
[62.036s][info][gc          ] GC(494) Garbage Collection (Allocation Rate) 552M(54%)->254M(25%)
[62.096s][info][gc,start    ] GC(495) Garbage Collection (Allocation Rate)
[62.096s][info][gc,task     ] GC(495) Using 10 workers
[62.096s][info][gc,phases   ] GC(495) Pause Mark Start 0.016ms
[62.122s][info][gc,phases   ] GC(495) Concurrent Mark 25.352ms
[62.122s][info][gc,phases   ] GC(495) Pause Mark End 0.027ms
[62.122s][info][gc,phases   ] GC(495) Concurrent Mark Free 0.001ms
[62.125s][info][gc,phases   ] GC(495) Concurrent Process Non-Strong References 2.398ms
[62.125s][info][gc,phases   ] GC(495) Concurrent Reset Relocation Set 0.038ms
[62.133s][info][gc,phases   ] GC(495) Concurrent Select Relocation Set 7.962ms
[62.133s][info][gc,phases   ] GC(495) Pause Relocate Start 0.010ms
[62.137s][info][gc,phases   ] GC(495) Concurrent Relocate 3.534ms
[62.137s][info][gc,load     ] GC(495) Load: 0.00/0.00/0.00
[62.137s][info][gc,mmu      ] GC(495) MMU: 2ms/95.9%, 5ms/98.4%, 10ms/99.2%, 20ms/99.6%, 50ms/99.8%, 100ms/99.9%
[62.137s][info][gc,marking  ] GC(495) Mark: 8 stripe(s), 5 proactive flush(es), 1 terminate flush(es), 0 completion(s), 0 continuation(s) 
[62.137s][info][gc,marking  ] GC(495) Mark Stack Usage: 32M
[62.137s][info][gc,nmethod  ] GC(495) NMethods: 5062 registered, 36 unregistered
[62.137s][info][gc,metaspace] GC(495) Metaspace: 72M used, 73M committed, 1088M reserved
[62.137s][info][gc,ref      ] GC(495) Soft: 2442 encountered, 0 discovered, 0 enqueued
[62.137s][info][gc,ref      ] GC(495) Weak: 11015 encountered, 1813 discovered, 0 enqueued
[62.137s][info][gc,ref      ] GC(495) Final: 289 encountered, 21 discovered, 0 enqueued
[62.137s][info][gc,ref      ] GC(495) Phantom: 424 encountered, 321 discovered, 0 enqueued
[62.137s][info][gc,reloc    ] GC(495) Small Pages: 278 / 556M, Empty: 222M, Relocated: 5M, In-Place: 0
[62.137s][info][gc,reloc    ] GC(495) Medium Pages: 0 / 0M, Empty: 0M, Relocated: 0M, In-Place: 0
[62.137s][info][gc,reloc    ] GC(495) Large Pages: 0 / 0M, Empty: 0M, Relocated: 0M, In-Place: 0
[62.137s][info][gc,reloc    ] GC(495) Forwarding Usage: 2M
[62.137s][info][gc,heap     ] GC(495) Min Capacity: 8M(1%)
[62.137s][info][gc,heap     ] GC(495) Max Capacity: 1024M(100%)
[62.137s][info][gc,heap     ] GC(495) Soft Max Capacity: 1024M(100%)
[62.137s][info][gc,heap     ] GC(495)                Mark Start          Mark End        Relocate Start      Relocate End           High               Low         
[62.137s][info][gc,heap     ] GC(495)  Capacity:     1024M (100%)       1024M (100%)       1024M (100%)       1024M (100%)       1024M (100%)       1024M (100%)   
[62.137s][info][gc,heap     ] GC(495)      Free:      468M (46%)         344M (34%)         518M (51%)         766M (75%)         766M (75%)         336M (33%)    
[62.137s][info][gc,heap     ] GC(495)      Used:      556M (54%)         680M (66%)         506M (49%)         258M (25%)         688M (67%)         258M (25%)    
[62.137s][info][gc,heap     ] GC(495)      Live:         -                52M (5%)           52M (5%)           52M (5%)             -                  -          
[62.137s][info][gc,heap     ] GC(495) Allocated:         -               124M (12%)         172M (17%)         177M (17%)            -                  -          
[62.137s][info][gc,heap     ] GC(495)   Garbage:         -               503M (49%)         281M (28%)          28M (3%)             -                  -          
[62.137s][info][gc,heap     ] GC(495) Reclaimed:         -                  -               222M (22%)         475M (46%)            -                  -          
[62.137s][info][gc          ] GC(495) Garbage Collection (Allocation Rate) 556M(54%)->258M(25%)
[62.196s][info][gc,start    ] GC(496) Garbage Collection (Allocation Rate)
[62.196s][info][gc,task     ] GC(496) Using 10 workers
[62.197s][info][gc,phases   ] GC(496) Pause Mark Start 0.010ms
[62.225s][info][gc,phases   ] GC(496) Concurrent Mark 28.129ms
[62.225s][info][gc,phases   ] GC(496) Pause Mark End 0.027ms
[62.227s][info][gc,phases   ] GC(496) Concurrent Mark Free 0.001ms
[62.229s][info][gc,phases   ] GC(496) Concurrent Process Non-Strong References 2.478ms
[62.229s][info][gc,phases   ] GC(496) Concurrent Reset Relocation Set 0.047ms
[62.236s][info][gc,phases   ] GC(496) Concurrent Select Relocation Set 6.219ms
[62.236s][info][gc,phases   ] GC(496) Pause Relocate Start 0.009ms
[62.240s][info][gc,phases   ] GC(496) Concurrent Relocate 3.591ms
[62.240s][info][gc,load     ] GC(496) Load: 0.00/0.00/0.00
[62.240s][info][gc,mmu      ] GC(496) MMU: 2ms/95.9%, 5ms/98.4%, 10ms/99.2%, 20ms/99.6%, 50ms/99.8%, 100ms/99.9%
[62.240s][info][gc,marking  ] GC(496) Mark: 8 stripe(s), 4 proactive flush(es), 1 terminate flush(es), 0 completion(s), 0 continuation(s) 
[62.240s][info][gc,marking  ] GC(496) Mark Stack Usage: 32M
[62.240s][info][gc,nmethod  ] GC(496) NMethods: 5062 registered, 36 unregistered
[62.240s][info][gc,metaspace] GC(496) Metaspace: 72M used, 73M committed, 1088M reserved
[62.240s][info][gc,ref      ] GC(496) Soft: 2442 encountered, 0 discovered, 0 enqueued
[62.240s][info][gc,ref      ] GC(496) Weak: 11015 encountered, 1546 discovered, 0 enqueued
[62.240s][info][gc,ref      ] GC(496) Final: 289 encountered, 28 discovered, 0 enqueued
[62.240s][info][gc,ref      ] GC(496) Phantom: 424 encountered, 288 discovered, 0 enqueued
[62.240s][info][gc,reloc    ] GC(496) Small Pages: 279 / 558M, Empty: 234M, Relocated: 5M, In-Place: 0
[62.240s][info][gc,reloc    ] GC(496) Medium Pages: 0 / 0M, Empty: 0M, Relocated: 0M, In-Place: 0
[62.240s][info][gc,reloc    ] GC(496) Large Pages: 0 / 0M, Empty: 0M, Relocated: 0M, In-Place: 0
[62.240s][info][gc,reloc    ] GC(496) Forwarding Usage: 2M
[62.240s][info][gc,heap     ] GC(496) Min Capacity: 8M(1%)
[62.240s][info][gc,heap     ] GC(496) Max Capacity: 1024M(100%)
[62.240s][info][gc,heap     ] GC(496) Soft Max Capacity: 1024M(100%)
[62.240s][info][gc,heap     ] GC(496)                Mark Start          Mark End        Relocate Start      Relocate End           High               Low         
[62.240s][info][gc,heap     ] GC(496)  Capacity:     1024M (100%)       1024M (100%)       1024M (100%)       1024M (100%)       1024M (100%)       1024M (100%)   
[62.240s][info][gc,heap     ] GC(496)      Free:      466M (46%)         330M (32%)         516M (50%)         752M (73%)         752M (73%)         314M (31%)    
[62.240s][info][gc,heap     ] GC(496)      Used:      558M (54%)         694M (68%)         508M (50%)         272M (27%)         710M (69%)         272M (27%)    
[62.240s][info][gc,heap     ] GC(496)      Live:         -                51M (5%)           51M (5%)           51M (5%)             -                  -          
[62.240s][info][gc,heap     ] GC(496) Allocated:         -               136M (13%)         184M (18%)         191M (19%)            -                  -          
[62.240s][info][gc,heap     ] GC(496)   Garbage:         -               506M (49%)         272M (27%)          28M (3%)             -                  -          
[62.240s][info][gc,heap     ] GC(496) Reclaimed:         -                  -               234M (23%)         477M (47%)            -                  -          
[62.240s][info][gc          ] GC(496) Garbage Collection (Allocation Rate) 558M(54%)->272M(27%)
[62.296s][info][gc,start    ] GC(497) Garbage Collection (Allocation Rate)
[62.296s][info][gc,task     ] GC(497) Using 10 workers
[62.296s][info][gc,phases   ] GC(497) Pause Mark Start 0.012ms
[62.321s][info][gc,phases   ] GC(497) Concurrent Mark 24.449ms
[62.321s][info][gc,phases   ] GC(497) Pause Mark End 0.027ms
[62.322s][info][gc,phases   ] GC(497) Concurrent Mark Free 0.002ms
[62.324s][info][gc,phases   ] GC(497) Concurrent Process Non-Strong References 2.406ms
[62.324s][info][gc,phases   ] GC(497) Concurrent Reset Relocation Set 0.035ms
[62.331s][info][gc,phases   ] GC(497) Concurrent Select Relocation Set 6.397ms
[62.331s][info][gc,phases   ] GC(497) Pause Relocate Start 0.008ms
[62.335s][info][gc,phases   ] GC(497) Concurrent Relocate 3.774ms
[62.335s][info][gc,load     ] GC(497) Load: 0.00/0.00/0.00
[62.335s][info][gc,mmu      ] GC(497) MMU: 2ms/95.9%, 5ms/98.4%, 10ms/99.2%, 20ms/99.6%, 50ms/99.8%, 100ms/99.9%
[62.335s][info][gc,marking  ] GC(497) Mark: 8 stripe(s), 3 proactive flush(es), 1 terminate flush(es), 0 completion(s), 0 continuation(s) 
[62.335s][info][gc,marking  ] GC(497) Mark Stack Usage: 32M
[62.335s][info][gc,nmethod  ] GC(497) NMethods: 5062 registered, 36 unregistered
[62.335s][info][gc,metaspace] GC(497) Metaspace: 72M used, 73M committed, 1088M reserved
[62.336s][info][gc,ref      ] GC(497) Soft: 2442 encountered, 0 discovered, 0 enqueued
[62.336s][info][gc,ref      ] GC(497) Weak: 11015 encountered, 1451 discovered, 0 enqueued
[62.336s][info][gc,ref      ] GC(497) Final: 289 encountered, 2 discovered, 0 enqueued
[62.336s][info][gc,ref      ] GC(497) Phantom: 424 encountered, 291 discovered, 0 enqueued
[62.336s][info][gc,reloc    ] GC(497) Small Pages: 276 / 552M, Empty: 210M, Relocated: 5M, In-Place: 0
[62.336s][info][gc,reloc    ] GC(497) Medium Pages: 0 / 0M, Empty: 0M, Relocated: 0M, In-Place: 0
[62.336s][info][gc,reloc    ] GC(497) Large Pages: 0 / 0M, Empty: 0M, Relocated: 0M, In-Place: 0
[62.336s][info][gc,reloc    ] GC(497) Forwarding Usage: 2M
[62.336s][info][gc,heap     ] GC(497) Min Capacity: 8M(1%)
[62.336s][info][gc,heap     ] GC(497) Max Capacity: 1024M(100%)
[62.336s][info][gc,heap     ] GC(497) Soft Max Capacity: 1024M(100%)
[62.336s][info][gc,heap     ] GC(497)                Mark Start          Mark End        Relocate Start      Relocate End           High               Low         
[62.336s][info][gc,heap     ] GC(497)  Capacity:     1024M (100%)       1024M (100%)       1024M (100%)       1024M (100%)       1024M (100%)       1024M (100%)   
[62.336s][info][gc,heap     ] GC(497)      Free:      472M (46%)         354M (35%)         524M (51%)         774M (76%)         778M (76%)         342M (33%)    
[62.336s][info][gc,heap     ] GC(497)      Used:      552M (54%)         670M (65%)         500M (49%)         250M (24%)         682M (67%)         246M (24%)    
[62.336s][info][gc,heap     ] GC(497)      Live:         -                51M (5%)           51M (5%)           51M (5%)             -                  -          
[62.336s][info][gc,heap     ] GC(497) Allocated:         -               118M (12%)         158M (15%)         169M (17%)            -                  -          
[62.336s][info][gc,heap     ] GC(497)   Garbage:         -               500M (49%)         290M (28%)          28M (3%)             -                  -          
[62.336s][info][gc,heap     ] GC(497) Reclaimed:         -                  -               210M (21%)         471M (46%)            -                  -          
[62.336s][info][gc          ] GC(497) Garbage Collection (Allocation Rate) 552M(54%)->250M(24%)
[62.396s][info][gc,start    ] GC(498) Garbage Collection (Allocation Rate)
[62.396s][info][gc,task     ] GC(498) Using 10 workers
[62.396s][info][gc,phases   ] GC(498) Pause Mark Start 0.011ms
[62.418s][info][gc,phases   ] GC(498) Concurrent Mark 21.046ms
[62.418s][info][gc,phases   ] GC(498) Pause Mark End 0.032ms
[62.419s][info][gc,phases   ] GC(498) Concurrent Mark Free 0.001ms
[62.424s][info][gc,phases   ] GC(498) Concurrent Process Non-Strong References 4.252ms
[62.424s][info][gc,phases   ] GC(498) Concurrent Reset Relocation Set 0.039ms
[62.432s][info][gc,phases   ] GC(498) Concurrent Select Relocation Set 7.926ms
[62.432s][info][gc,phases   ] GC(498) Pause Relocate Start 0.010ms
[62.437s][info][gc,phases   ] GC(498) Concurrent Relocate 4.500ms
[62.437s][info][gc,load     ] GC(498) Load: 0.00/0.00/0.00
[62.437s][info][gc,mmu      ] GC(498) MMU: 2ms/95.9%, 5ms/98.4%, 10ms/99.2%, 20ms/99.6%, 50ms/99.8%, 100ms/99.9%
[62.437s][info][gc,marking  ] GC(498) Mark: 8 stripe(s), 3 proactive flush(es), 1 terminate flush(es), 0 completion(s), 0 continuation(s) 
[62.437s][info][gc,marking  ] GC(498) Mark Stack Usage: 32M
[62.437s][info][gc,nmethod  ] GC(498) NMethods: 5062 registered, 36 unregistered
[62.437s][info][gc,metaspace] GC(498) Metaspace: 72M used, 73M committed, 1088M reserved
[62.437s][info][gc,ref      ] GC(498) Soft: 2442 encountered, 0 discovered, 0 enqueued
[62.437s][info][gc,ref      ] GC(498) Weak: 11015 encountered, 1747 discovered, 0 enqueued
[62.437s][info][gc,ref      ] GC(498) Final: 289 encountered, 5 discovered, 0 enqueued
[62.437s][info][gc,ref      ] GC(498) Phantom: 424 encountered, 263 discovered, 0 enqueued
[62.437s][info][gc,reloc    ] GC(498) Small Pages: 279 / 558M, Empty: 222M, Relocated: 5M, In-Place: 0
[62.437s][info][gc,reloc    ] GC(498) Medium Pages: 0 / 0M, Empty: 0M, Relocated: 0M, In-Place: 0
[62.437s][info][gc,reloc    ] GC(498) Large Pages: 0 / 0M, Empty: 0M, Relocated: 0M, In-Place: 0
[62.437s][info][gc,reloc    ] GC(498) Forwarding Usage: 2M
[62.437s][info][gc,heap     ] GC(498) Min Capacity: 8M(1%)
[62.437s][info][gc,heap     ] GC(498) Max Capacity: 1024M(100%)
[62.437s][info][gc,heap     ] GC(498) Soft Max Capacity: 1024M(100%)
[62.437s][info][gc,heap     ] GC(498)                Mark Start          Mark End        Relocate Start      Relocate End           High               Low         
[62.437s][info][gc,heap     ] GC(498)  Capacity:     1024M (100%)       1024M (100%)       1024M (100%)       1024M (100%)       1024M (100%)       1024M (100%)   
[62.437s][info][gc,heap     ] GC(498)      Free:      466M (46%)         360M (35%)         522M (51%)         762M (74%)         770M (75%)         338M (33%)    
[62.437s][info][gc,heap     ] GC(498)      Used:      558M (54%)         664M (65%)         502M (49%)         262M (26%)         686M (67%)         254M (25%)    
[62.437s][info][gc,heap     ] GC(498)      Live:         -                51M (5%)           51M (5%)           51M (5%)             -                  -          
[62.437s][info][gc,heap     ] GC(498) Allocated:         -               106M (10%)         166M (16%)         181M (18%)            -                  -          
[62.437s][info][gc,heap     ] GC(498)   Garbage:         -               506M (49%)         284M (28%)          28M (3%)             -                  -          
[62.438s][info][gc,heap     ] GC(498) Reclaimed:         -                  -               222M (22%)         477M (47%)            -                  -          
[62.438s][info][gc          ] GC(498) Garbage Collection (Allocation Rate) 558M(54%)->262M(26%)
[62.496s][info][gc,start    ] GC(499) Garbage Collection (Allocation Rate)
[62.496s][info][gc,task     ] GC(499) Using 10 workers
[62.496s][info][gc,phases   ] GC(499) Pause Mark Start 0.010ms
[62.522s][info][gc,phases   ] GC(499) Concurrent Mark 25.503ms
[62.523s][info][gc,phases   ] GC(499) Pause Mark End 0.030ms
[62.523s][info][gc,phases   ] GC(499) Concurrent Mark Free 0.002ms
[62.525s][info][gc,phases   ] GC(499) Concurrent Process Non-Strong References 2.448ms
[62.525s][info][gc,phases   ] GC(499) Concurrent Reset Relocation Set 0.043ms
[62.533s][info][gc,phases   ] GC(499) Concurrent Select Relocation Set 7.893ms
[62.534s][info][gc,phases   ] GC(499) Pause Relocate Start 0.010ms
[62.538s][info][gc,phases   ] GC(499) Concurrent Relocate 4.043ms
[62.538s][info][gc,load     ] GC(499) Load: 0.00/0.00/0.00
[62.538s][info][gc,mmu      ] GC(499) MMU: 2ms/95.9%, 5ms/98.4%, 10ms/99.2%, 20ms/99.6%, 50ms/99.8%, 100ms/99.9%
[62.538s][info][gc,marking  ] GC(499) Mark: 8 stripe(s), 3 proactive flush(es), 1 terminate flush(es), 0 completion(s), 0 continuation(s) 
[62.538s][info][gc,marking  ] GC(499) Mark Stack Usage: 32M
[62.538s][info][gc,nmethod  ] GC(499) NMethods: 5062 registered, 36 unregistered
[62.538s][info][gc,metaspace] GC(499) Metaspace: 72M used, 73M committed, 1088M reserved
[62.538s][info][gc,ref      ] GC(499) Soft: 2442 encountered, 0 discovered, 0 enqueued
[62.538s][info][gc,ref      ] GC(499) Weak: 11015 encountered, 1846 discovered, 0 enqueued
[62.538s][info][gc,ref      ] GC(499) Final: 289 encountered, 5 discovered, 0 enqueued
[62.538s][info][gc,ref      ] GC(499) Phantom: 424 encountered, 304 discovered, 0 enqueued
[62.538s][info][gc,reloc    ] GC(499) Small Pages: 280 / 560M, Empty: 228M, Relocated: 5M, In-Place: 0
[62.538s][info][gc,reloc    ] GC(499) Medium Pages: 0 / 0M, Empty: 0M, Relocated: 0M, In-Place: 0
[62.538s][info][gc,reloc    ] GC(499) Large Pages: 0 / 0M, Empty: 0M, Relocated: 0M, In-Place: 0
[62.539s][info][gc,reloc    ] GC(499) Forwarding Usage: 2M
[62.539s][info][gc,heap     ] GC(499) Min Capacity: 8M(1%)
[62.539s][info][gc,heap     ] GC(499) Max Capacity: 1024M(100%)
[62.539s][info][gc,heap     ] GC(499) Soft Max Capacity: 1024M(100%)
[62.539s][info][gc,heap     ] GC(499)                Mark Start          Mark End        Relocate Start      Relocate End           High               Low         
[62.539s][info][gc,heap     ] GC(499)  Capacity:     1024M (100%)       1024M (100%)       1024M (100%)       1024M (100%)       1024M (100%)       1024M (100%)   
[62.539s][info][gc,heap     ] GC(499)      Free:      464M (45%)         342M (33%)         520M (51%)         760M (74%)         764M (75%)         330M (32%)    
[62.539s][info][gc,heap     ] GC(499)      Used:      560M (55%)         682M (67%)         504M (49%)         264M (26%)         694M (68%)         260M (25%)    
[62.539s][info][gc,heap     ] GC(499)      Live:         -                51M (5%)           51M (5%)           51M (5%)             -                  -          
[62.539s][info][gc,heap     ] GC(499) Allocated:         -               122M (12%)         172M (17%)         183M (18%)            -                  -          
[62.539s][info][gc,heap     ] GC(499)   Garbage:         -               508M (50%)         280M (27%)          28M (3%)             -                  -          
[62.539s][info][gc,heap     ] GC(499) Reclaimed:         -                  -               228M (22%)         479M (47%)            -                  -          
[62.539s][info][gc          ] GC(499) Garbage Collection (Allocation Rate) 560M(55%)->264M(26%)
[62.595s][info][gc,start    ] GC(500) Garbage Collection (Allocation Rate)
[62.595s][info][gc,task     ] GC(500) Using 10 workers
[62.596s][info][gc,phases   ] GC(500) Pause Mark Start 0.010ms
[62.618s][info][gc,phases   ] GC(500) Concurrent Mark 22.463ms
[62.619s][info][gc,phases   ] GC(500) Pause Mark End 0.029ms
[62.619s][info][gc,phases   ] GC(500) Concurrent Mark Free 0.001ms
[62.621s][info][gc,phases   ] GC(500) Concurrent Process Non-Strong References 2.481ms
[62.622s][info][gc,phases   ] GC(500) Concurrent Reset Relocation Set 0.048ms
[62.632s][info][gc,phases   ] GC(500) Concurrent Select Relocation Set 10.483ms
[62.632s][info][gc,phases   ] GC(500) Pause Relocate Start 0.008ms
[62.637s][info][gc,phases   ] GC(500) Concurrent Relocate 4.184ms
[62.637s][info][gc,load     ] GC(500) Load: 0.00/0.00/0.00
[62.637s][info][gc,mmu      ] GC(500) MMU: 2ms/95.9%, 5ms/98.4%, 10ms/99.2%, 20ms/99.6%, 50ms/99.8%, 100ms/99.9%
[62.637s][info][gc,marking  ] GC(500) Mark: 8 stripe(s), 3 proactive flush(es), 1 terminate flush(es), 0 completion(s), 0 continuation(s) 
[62.637s][info][gc,marking  ] GC(500) Mark Stack Usage: 32M
[62.637s][info][gc,nmethod  ] GC(500) NMethods: 5062 registered, 36 unregistered
[62.637s][info][gc,metaspace] GC(500) Metaspace: 72M used, 73M committed, 1088M reserved
[62.637s][info][gc,ref      ] GC(500) Soft: 2442 encountered, 0 discovered, 0 enqueued
[62.637s][info][gc,ref      ] GC(500) Weak: 11015 encountered, 1379 discovered, 0 enqueued
[62.637s][info][gc,ref      ] GC(500) Final: 289 encountered, 7 discovered, 0 enqueued
[62.637s][info][gc,ref      ] GC(500) Phantom: 424 encountered, 219 discovered, 0 enqueued
[62.637s][info][gc,reloc    ] GC(500) Small Pages: 275 / 550M, Empty: 226M, Relocated: 5M, In-Place: 0
[62.637s][info][gc,reloc    ] GC(500) Medium Pages: 0 / 0M, Empty: 0M, Relocated: 0M, In-Place: 0
[62.637s][info][gc,reloc    ] GC(500) Large Pages: 0 / 0M, Empty: 0M, Relocated: 0M, In-Place: 0
[62.637s][info][gc,reloc    ] GC(500) Forwarding Usage: 2M
[62.637s][info][gc,heap     ] GC(500) Min Capacity: 8M(1%)
[62.638s][info][gc,heap     ] GC(500) Max Capacity: 1024M(100%)
[62.638s][info][gc,heap     ] GC(500) Soft Max Capacity: 1024M(100%)
[62.638s][info][gc,heap     ] GC(500)                Mark Start          Mark End        Relocate Start      Relocate End           High               Low         
[62.638s][info][gc,heap     ] GC(500)  Capacity:     1024M (100%)       1024M (100%)       1024M (100%)       1024M (100%)       1024M (100%)       1024M (100%)   
[62.638s][info][gc,heap     ] GC(500)      Free:      474M (46%)         364M (36%)         530M (52%)         764M (75%)         766M (75%)         352M (34%)    
[62.638s][info][gc,heap     ] GC(500)      Used:      550M (54%)         660M (64%)         494M (48%)         260M (25%)         672M (66%)         258M (25%)    
[62.638s][info][gc,heap     ] GC(500)      Live:         -                51M (5%)           51M (5%)           51M (5%)             -                  -          
[62.638s][info][gc,heap     ] GC(500) Allocated:         -               110M (11%)         170M (17%)         179M (18%)            -                  -          
[62.638s][info][gc,heap     ] GC(500)   Garbage:         -               498M (49%)         272M (27%)          28M (3%)             -                  -          
[62.638s][info][gc,heap     ] GC(500) Reclaimed:         -                  -               226M (22%)         469M (46%)            -                  -          
[62.638s][info][gc          ] GC(500) Garbage Collection (Allocation Rate) 550M(54%)->260M(25%)
[62.696s][info][gc,start    ] GC(501) Garbage Collection (Allocation Rate)
[62.696s][info][gc,task     ] GC(501) Using 10 workers
[62.696s][info][gc,phases   ] GC(501) Pause Mark Start 0.010ms
[62.721s][info][gc,phases   ] GC(501) Concurrent Mark 24.628ms
[62.721s][info][gc,phases   ] GC(501) Pause Mark End 0.023ms
[62.722s][info][gc,phases   ] GC(501) Concurrent Mark Free 0.002ms
[62.725s][info][gc,phases   ] GC(501) Concurrent Process Non-Strong References 2.716ms
[62.725s][info][gc,phases   ] GC(501) Concurrent Reset Relocation Set 0.046ms
[62.731s][info][gc,phases   ] GC(501) Concurrent Select Relocation Set 5.900ms
[62.731s][info][gc,phases   ] GC(501) Pause Relocate Start 0.009ms
[62.735s][info][gc,phases   ] GC(501) Concurrent Relocate 3.945ms
[62.735s][info][gc,load     ] GC(501) Load: 0.00/0.00/0.00
[62.735s][info][gc,mmu      ] GC(501) MMU: 2ms/95.9%, 5ms/98.4%, 10ms/99.2%, 20ms/99.6%, 50ms/99.8%, 100ms/99.9%
[62.735s][info][gc,marking  ] GC(501) Mark: 8 stripe(s), 6 proactive flush(es), 1 terminate flush(es), 0 completion(s), 0 continuation(s) 
[62.735s][info][gc,marking  ] GC(501) Mark Stack Usage: 32M
[62.735s][info][gc,nmethod  ] GC(501) NMethods: 5062 registered, 36 unregistered
[62.735s][info][gc,metaspace] GC(501) Metaspace: 72M used, 73M committed, 1088M reserved
[62.735s][info][gc,ref      ] GC(501) Soft: 2442 encountered, 0 discovered, 0 enqueued
[62.735s][info][gc,ref      ] GC(501) Weak: 11015 encountered, 1886 discovered, 0 enqueued
[62.735s][info][gc,ref      ] GC(501) Final: 289 encountered, 6 discovered, 0 enqueued
[62.735s][info][gc,ref      ] GC(501) Phantom: 424 encountered, 299 discovered, 0 enqueued
[62.736s][info][gc,reloc    ] GC(501) Small Pages: 278 / 556M, Empty: 216M, Relocated: 5M, In-Place: 0
[62.736s][info][gc,reloc    ] GC(501) Medium Pages: 0 / 0M, Empty: 0M, Relocated: 0M, In-Place: 0
[62.736s][info][gc,reloc    ] GC(501) Large Pages: 0 / 0M, Empty: 0M, Relocated: 0M, In-Place: 0
[62.736s][info][gc,reloc    ] GC(501) Forwarding Usage: 2M
[62.736s][info][gc,heap     ] GC(501) Min Capacity: 8M(1%)
[62.736s][info][gc,heap     ] GC(501) Max Capacity: 1024M(100%)
[62.736s][info][gc,heap     ] GC(501) Soft Max Capacity: 1024M(100%)
[62.736s][info][gc,heap     ] GC(501)                Mark Start          Mark End        Relocate Start      Relocate End           High               Low         
[62.736s][info][gc,heap     ] GC(501)  Capacity:     1024M (100%)       1024M (100%)       1024M (100%)       1024M (100%)       1024M (100%)       1024M (100%)   
[62.736s][info][gc,heap     ] GC(501)      Free:      468M (46%)         350M (34%)         526M (51%)         772M (75%)         774M (76%)         334M (33%)    
[62.736s][info][gc,heap     ] GC(501)      Used:      556M (54%)         674M (66%)         498M (49%)         252M (25%)         690M (67%)         250M (24%)    
[62.736s][info][gc,heap     ] GC(501)      Live:         -                51M (5%)           51M (5%)           51M (5%)             -                  -          
[62.736s][info][gc,heap     ] GC(501) Allocated:         -               118M (12%)         158M (15%)         171M (17%)            -                  -          
[62.736s][info][gc,heap     ] GC(501)   Garbage:         -               504M (49%)         288M (28%)          28M (3%)             -                  -          
[62.736s][info][gc,heap     ] GC(501) Reclaimed:         -                  -               216M (21%)         475M (46%)            -                  -          
[62.736s][info][gc          ] GC(501) Garbage Collection (Allocation Rate) 556M(54%)->252M(25%)
[62.796s][info][gc,start    ] GC(502) Garbage Collection (Allocation Rate)
[62.796s][info][gc,task     ] GC(502) Using 10 workers
[62.796s][info][gc,phases   ] GC(502) Pause Mark Start 0.013ms
[62.818s][info][gc,phases   ] GC(502) Concurrent Mark 21.435ms
[62.818s][info][gc,phases   ] GC(502) Pause Mark End 0.027ms
[62.819s][info][gc,phases   ] GC(502) Concurrent Mark Free 0.001ms
[62.824s][info][gc,phases   ] GC(502) Concurrent Process Non-Strong References 4.905ms
[62.824s][info][gc,phases   ] GC(502) Concurrent Reset Relocation Set 0.040ms
[62.831s][info][gc,phases   ] GC(502) Concurrent Select Relocation Set 6.373ms
[62.831s][info][gc,phases   ] GC(502) Pause Relocate Start 0.009ms
[62.835s][info][gc,phases   ] GC(502) Concurrent Relocate 3.418ms
[62.835s][info][gc,load     ] GC(502) Load: 0.00/0.00/0.00
[62.835s][info][gc,mmu      ] GC(502) MMU: 2ms/95.9%, 5ms/98.4%, 10ms/99.2%, 20ms/99.6%, 50ms/99.8%, 100ms/99.9%
[62.835s][info][gc,marking  ] GC(502) Mark: 8 stripe(s), 3 proactive flush(es), 1 terminate flush(es), 0 completion(s), 0 continuation(s) 
[62.835s][info][gc,marking  ] GC(502) Mark Stack Usage: 32M
[62.835s][info][gc,nmethod  ] GC(502) NMethods: 5062 registered, 36 unregistered
[62.835s][info][gc,metaspace] GC(502) Metaspace: 72M used, 73M committed, 1088M reserved
[62.835s][info][gc,ref      ] GC(502) Soft: 2442 encountered, 0 discovered, 0 enqueued
[62.835s][info][gc,ref      ] GC(502) Weak: 11015 encountered, 2082 discovered, 0 enqueued
[62.835s][info][gc,ref      ] GC(502) Final: 289 encountered, 15 discovered, 0 enqueued
[62.835s][info][gc,ref      ] GC(502) Phantom: 424 encountered, 319 discovered, 0 enqueued
[62.835s][info][gc,reloc    ] GC(502) Small Pages: 277 / 554M, Empty: 164M, Relocated: 5M, In-Place: 0
[62.835s][info][gc,reloc    ] GC(502) Medium Pages: 0 / 0M, Empty: 0M, Relocated: 0M, In-Place: 0
[62.835s][info][gc,reloc    ] GC(502) Large Pages: 0 / 0M, Empty: 0M, Relocated: 0M, In-Place: 0
[62.835s][info][gc,reloc    ] GC(502) Forwarding Usage: 2M
[62.835s][info][gc,heap     ] GC(502) Min Capacity: 8M(1%)
[62.835s][info][gc,heap     ] GC(502) Max Capacity: 1024M(100%)
[62.835s][info][gc,heap     ] GC(502) Soft Max Capacity: 1024M(100%)
[62.835s][info][gc,heap     ] GC(502)                Mark Start          Mark End        Relocate Start      Relocate End           High               Low         
[62.835s][info][gc,heap     ] GC(502)  Capacity:     1024M (100%)       1024M (100%)       1024M (100%)       1024M (100%)       1024M (100%)       1024M (100%)   
[62.835s][info][gc,heap     ] GC(502)      Free:      470M (46%)         364M (36%)         474M (46%)         776M (76%)         776M (76%)         338M (33%)    
[62.835s][info][gc,heap     ] GC(502)      Used:      554M (54%)         660M (64%)         550M (54%)         248M (24%)         686M (67%)         248M (24%)    
[62.835s][info][gc,heap     ] GC(502)      Live:         -                52M (5%)           52M (5%)           52M (5%)             -                  -          
[62.835s][info][gc,heap     ] GC(502) Allocated:         -               106M (10%)         160M (16%)         167M (16%)            -                  -          
[62.835s][info][gc,heap     ] GC(502)   Garbage:         -               501M (49%)         337M (33%)          28M (3%)             -                  -          
[62.836s][info][gc,heap     ] GC(502) Reclaimed:         -                  -               164M (16%)         473M (46%)            -                  -          
[62.836s][info][gc          ] GC(502) Garbage Collection (Allocation Rate) 554M(54%)->248M(24%)
[62.896s][info][gc,start    ] GC(503) Garbage Collection (Allocation Rate)
[62.896s][info][gc,task     ] GC(503) Using 10 workers
[62.896s][info][gc,phases   ] GC(503) Pause Mark Start 0.013ms
[62.921s][info][gc,phases   ] GC(503) Concurrent Mark 24.116ms
[62.921s][info][gc,phases   ] GC(503) Pause Mark End 0.031ms
[62.923s][info][gc,phases   ] GC(503) Concurrent Mark Free 0.002ms
[62.926s][info][gc,phases   ] GC(503) Concurrent Process Non-Strong References 2.407ms
[62.926s][info][gc,phases   ] GC(503) Concurrent Reset Relocation Set 0.045ms
[62.935s][info][gc,phases   ] GC(503) Concurrent Select Relocation Set 8.924ms
[62.935s][info][gc,phases   ] GC(503) Pause Relocate Start 0.009ms
[62.943s][info][gc,phases   ] GC(503) Concurrent Relocate 8.140ms
[62.944s][info][gc,load     ] GC(503) Load: 0.00/0.00/0.00
[62.944s][info][gc,mmu      ] GC(503) MMU: 2ms/95.9%, 5ms/98.4%, 10ms/99.2%, 20ms/99.6%, 50ms/99.8%, 100ms/99.9%
[62.944s][info][gc,marking  ] GC(503) Mark: 8 stripe(s), 3 proactive flush(es), 1 terminate flush(es), 0 completion(s), 0 continuation(s) 
[62.944s][info][gc,marking  ] GC(503) Mark Stack Usage: 32M
[62.944s][info][gc,nmethod  ] GC(503) NMethods: 5062 registered, 36 unregistered
[62.944s][info][gc,metaspace] GC(503) Metaspace: 72M used, 73M committed, 1088M reserved
[62.944s][info][gc,ref      ] GC(503) Soft: 2442 encountered, 0 discovered, 0 enqueued
[62.944s][info][gc,ref      ] GC(503) Weak: 11015 encountered, 1828 discovered, 0 enqueued
[62.944s][info][gc,ref      ] GC(503) Final: 289 encountered, 22 discovered, 0 enqueued
[62.944s][info][gc,ref      ] GC(503) Phantom: 424 encountered, 282 discovered, 0 enqueued
[62.944s][info][gc,reloc    ] GC(503) Small Pages: 279 / 558M, Empty: 212M, Relocated: 10M, In-Place: 0
[62.944s][info][gc,reloc    ] GC(503) Medium Pages: 0 / 0M, Empty: 0M, Relocated: 0M, In-Place: 0
[62.944s][info][gc,reloc    ] GC(503) Large Pages: 0 / 0M, Empty: 0M, Relocated: 0M, In-Place: 0
[62.944s][info][gc,reloc    ] GC(503) Forwarding Usage: 3M
[62.944s][info][gc,heap     ] GC(503) Min Capacity: 8M(1%)
[62.944s][info][gc,heap     ] GC(503) Max Capacity: 1024M(100%)
[62.944s][info][gc,heap     ] GC(503) Soft Max Capacity: 1024M(100%)
[62.944s][info][gc,heap     ] GC(503)                Mark Start          Mark End        Relocate Start      Relocate End           High               Low         
[62.944s][info][gc,heap     ] GC(503)  Capacity:     1024M (100%)       1024M (100%)       1024M (100%)       1024M (100%)       1024M (100%)       1024M (100%)   
[62.944s][info][gc,heap     ] GC(503)      Free:      466M (46%)         346M (34%)         496M (48%)         742M (72%)         756M (74%)         326M (32%)    
[62.944s][info][gc,heap     ] GC(503)      Used:      558M (54%)         678M (66%)         528M (52%)         282M (28%)         698M (68%)         268M (26%)    
[62.944s][info][gc,heap     ] GC(503)      Live:         -                52M (5%)           52M (5%)           52M (5%)             -                  -          
[62.944s][info][gc,heap     ] GC(503) Allocated:         -               120M (12%)         182M (18%)         209M (20%)            -                  -          
[62.944s][info][gc,heap     ] GC(503)   Garbage:         -               505M (49%)         293M (29%)          20M (2%)             -                  -          
[62.944s][info][gc,heap     ] GC(503) Reclaimed:         -                  -               212M (21%)         485M (47%)            -                  -          
[62.944s][info][gc          ] GC(503) Garbage Collection (Allocation Rate) 558M(54%)->282M(28%)
[62.996s][info][gc,start    ] GC(504) Garbage Collection (Allocation Rate)
[62.996s][info][gc,task     ] GC(504) Using 10 workers
[62.996s][info][gc,phases   ] GC(504) Pause Mark Start 0.010ms
[63.025s][info][gc,phases   ] GC(504) Concurrent Mark 28.502ms
[63.026s][info][gc,phases   ] GC(504) Pause Mark End 0.032ms
[63.027s][info][gc,phases   ] GC(504) Concurrent Mark Free 0.001ms
[63.030s][info][gc,phases   ] GC(504) Concurrent Process Non-Strong References 2.534ms
[63.030s][info][gc,phases   ] GC(504) Concurrent Reset Relocation Set 0.051ms
[63.037s][info][gc,phases   ] GC(504) Concurrent Select Relocation Set 6.716ms
[63.037s][info][gc,phases   ] GC(504) Pause Relocate Start 0.009ms
[63.041s][info][gc,phases   ] GC(504) Concurrent Relocate 3.612ms
[63.041s][info][gc,load     ] GC(504) Load: 0.00/0.00/0.00
[63.041s][info][gc,mmu      ] GC(504) MMU: 2ms/95.9%, 5ms/98.4%, 10ms/99.2%, 20ms/99.6%, 50ms/99.8%, 100ms/99.9%
[63.041s][info][gc,marking  ] GC(504) Mark: 8 stripe(s), 4 proactive flush(es), 1 terminate flush(es), 0 completion(s), 0 continuation(s) 
[63.041s][info][gc,marking  ] GC(504) Mark Stack Usage: 32M
[63.041s][info][gc,nmethod  ] GC(504) NMethods: 5062 registered, 36 unregistered
[63.041s][info][gc,metaspace] GC(504) Metaspace: 72M used, 73M committed, 1088M reserved
[63.041s][info][gc,ref      ] GC(504) Soft: 2442 encountered, 0 discovered, 0 enqueued
[63.041s][info][gc,ref      ] GC(504) Weak: 11015 encountered, 1606 discovered, 0 enqueued
[63.041s][info][gc,ref      ] GC(504) Final: 289 encountered, 15 discovered, 0 enqueued
[63.041s][info][gc,ref      ] GC(504) Phantom: 424 encountered, 259 discovered, 0 enqueued
[63.041s][info][gc,reloc    ] GC(504) Small Pages: 274 / 548M, Empty: 202M, Relocated: 5M, In-Place: 0
[63.041s][info][gc,reloc    ] GC(504) Medium Pages: 0 / 0M, Empty: 0M, Relocated: 0M, In-Place: 0
[63.041s][info][gc,reloc    ] GC(504) Large Pages: 0 / 0M, Empty: 0M, Relocated: 0M, In-Place: 0
[63.041s][info][gc,reloc    ] GC(504) Forwarding Usage: 2M
[63.041s][info][gc,heap     ] GC(504) Min Capacity: 8M(1%)
[63.041s][info][gc,heap     ] GC(504) Max Capacity: 1024M(100%)
[63.041s][info][gc,heap     ] GC(504) Soft Max Capacity: 1024M(100%)
[63.041s][info][gc,heap     ] GC(504)                Mark Start          Mark End        Relocate Start      Relocate End           High               Low         
[63.041s][info][gc,heap     ] GC(504)  Capacity:     1024M (100%)       1024M (100%)       1024M (100%)       1024M (100%)       1024M (100%)       1024M (100%)   
[63.042s][info][gc,heap     ] GC(504)      Free:      476M (46%)         340M (33%)         490M (48%)         748M (73%)         748M (73%)         322M (31%)    
[63.042s][info][gc,heap     ] GC(504)      Used:      548M (54%)         684M (67%)         534M (52%)         276M (27%)         702M (69%)         276M (27%)    
[63.042s][info][gc,heap     ] GC(504)      Live:         -                51M (5%)           51M (5%)           51M (5%)             -                  -          
[63.042s][info][gc,heap     ] GC(504) Allocated:         -               136M (13%)         188M (18%)         195M (19%)            -                  -          
[63.042s][info][gc,heap     ] GC(504)   Garbage:         -               496M (48%)         294M (29%)          28M (3%)             -                  -          
[63.042s][info][gc,heap     ] GC(504) Reclaimed:         -                  -               202M (20%)         467M (46%)            -                  -          
[63.042s][info][gc          ] GC(504) Garbage Collection (Allocation Rate) 548M(54%)->276M(27%)
[63.096s][info][gc,start    ] GC(505) Garbage Collection (Allocation Rate)
[63.096s][info][gc,task     ] GC(505) Using 10 workers
[63.096s][info][gc,phases   ] GC(505) Pause Mark Start 0.012ms
[63.120s][info][gc,phases   ] GC(505) Concurrent Mark 23.720ms
[63.120s][info][gc,phases   ] GC(505) Pause Mark End 0.033ms
[63.122s][info][gc,phases   ] GC(505) Concurrent Mark Free 0.001ms
[63.124s][info][gc,phases   ] GC(505) Concurrent Process Non-Strong References 2.380ms
[63.124s][info][gc,phases   ] GC(505) Concurrent Reset Relocation Set 0.038ms
[63.134s][info][gc,phases   ] GC(505) Concurrent Select Relocation Set 9.661ms
[63.134s][info][gc,phases   ] GC(505) Pause Relocate Start 0.009ms
[63.140s][info][gc,phases   ] GC(505) Concurrent Relocate 5.432ms
[63.140s][info][gc,load     ] GC(505) Load: 0.00/0.00/0.00
[63.140s][info][gc,mmu      ] GC(505) MMU: 2ms/95.9%, 5ms/98.4%, 10ms/99.2%, 20ms/99.6%, 50ms/99.8%, 100ms/99.9%
[63.141s][info][gc,marking  ] GC(505) Mark: 8 stripe(s), 3 proactive flush(es), 1 terminate flush(es), 0 completion(s), 0 continuation(s) 
[63.141s][info][gc,marking  ] GC(505) Mark Stack Usage: 32M
[63.141s][info][gc,nmethod  ] GC(505) NMethods: 5074 registered, 37 unregistered
[63.141s][info][gc,metaspace] GC(505) Metaspace: 72M used, 73M committed, 1088M reserved
[63.141s][info][gc,ref      ] GC(505) Soft: 2442 encountered, 0 discovered, 0 enqueued
[63.141s][info][gc,ref      ] GC(505) Weak: 10963 encountered, 1854 discovered, 144 enqueued
[63.141s][info][gc,ref      ] GC(505) Final: 289 encountered, 38 discovered, 0 enqueued
[63.141s][info][gc,ref      ] GC(505) Phantom: 424 encountered, 316 discovered, 0 enqueued
[63.141s][info][gc,reloc    ] GC(505) Small Pages: 275 / 550M, Empty: 214M, Relocated: 8M, In-Place: 0
[63.141s][info][gc,reloc    ] GC(505) Medium Pages: 0 / 0M, Empty: 0M, Relocated: 0M, In-Place: 0
[63.141s][info][gc,reloc    ] GC(505) Large Pages: 0 / 0M, Empty: 0M, Relocated: 0M, In-Place: 0
[63.141s][info][gc,reloc    ] GC(505) Forwarding Usage: 3M
[63.141s][info][gc,heap     ] GC(505) Min Capacity: 8M(1%)
[63.141s][info][gc,heap     ] GC(505) Max Capacity: 1024M(100%)
[63.141s][info][gc,heap     ] GC(505) Soft Max Capacity: 1024M(100%)
[63.141s][info][gc,heap     ] GC(505)                Mark Start          Mark End        Relocate Start      Relocate End           High               Low         
[63.141s][info][gc,heap     ] GC(505)  Capacity:     1024M (100%)       1024M (100%)       1024M (100%)       1024M (100%)       1024M (100%)       1024M (100%)   
[63.141s][info][gc,heap     ] GC(505)      Free:      474M (46%)         358M (35%)         512M (50%)         762M (74%)         766M (75%)         346M (34%)    
[63.141s][info][gc,heap     ] GC(505)      Used:      550M (54%)         666M (65%)         512M (50%)         262M (26%)         678M (66%)         258M (25%)    
[63.141s][info][gc,heap     ] GC(505)      Live:         -                50M (5%)           50M (5%)           50M (5%)             -                  -          
[63.141s][info][gc,heap     ] GC(505) Allocated:         -               116M (11%)         176M (17%)         189M (18%)            -                  -          
[63.141s][info][gc,heap     ] GC(505)   Garbage:         -               499M (49%)         285M (28%)          22M (2%)             -                  -          
[63.141s][info][gc,heap     ] GC(505) Reclaimed:         -                  -               214M (21%)         477M (47%)            -                  -          
[63.141s][info][gc          ] GC(505) Garbage Collection (Allocation Rate) 550M(54%)->262M(26%)
[63.196s][info][gc,start    ] GC(506) Garbage Collection (Allocation Rate)
[63.196s][info][gc,task     ] GC(506) Using 10 workers
[63.196s][info][gc,phases   ] GC(506) Pause Mark Start 0.011ms
[63.220s][info][gc,phases   ] GC(506) Concurrent Mark 23.515ms
[63.221s][info][gc,phases   ] GC(506) Pause Mark End 0.024ms
[63.222s][info][gc,phases   ] GC(506) Concurrent Mark Free 0.001ms
[63.224s][info][gc,phases   ] GC(506) Concurrent Process Non-Strong References 2.502ms
[63.224s][info][gc,phases   ] GC(506) Concurrent Reset Relocation Set 0.040ms
[63.229s][info][gc,phases   ] GC(506) Concurrent Select Relocation Set 4.954ms
[63.229s][info][gc,phases   ] GC(506) Pause Relocate Start 0.008ms
[63.235s][info][gc,phases   ] GC(506) Concurrent Relocate 5.326ms
[63.235s][info][gc,load     ] GC(506) Load: 0.00/0.00/0.00
[63.235s][info][gc,mmu      ] GC(506) MMU: 2ms/95.9%, 5ms/98.4%, 10ms/99.2%, 20ms/99.6%, 50ms/99.8%, 100ms/99.9%
[63.235s][info][gc,marking  ] GC(506) Mark: 8 stripe(s), 4 proactive flush(es), 1 terminate flush(es), 0 completion(s), 0 continuation(s) 
[63.235s][info][gc,marking  ] GC(506) Mark Stack Usage: 32M
[63.235s][info][gc,nmethod  ] GC(506) NMethods: 5074 registered, 37 unregistered
[63.235s][info][gc,metaspace] GC(506) Metaspace: 72M used, 73M committed, 1088M reserved
[63.235s][info][gc,ref      ] GC(506) Soft: 2442 encountered, 0 discovered, 0 enqueued
[63.235s][info][gc,ref      ] GC(506) Weak: 10819 encountered, 1981 discovered, 0 enqueued
[63.235s][info][gc,ref      ] GC(506) Final: 289 encountered, 23 discovered, 0 enqueued
[63.235s][info][gc,ref      ] GC(506) Phantom: 424 encountered, 305 discovered, 0 enqueued
[63.235s][info][gc,reloc    ] GC(506) Small Pages: 272 / 544M, Empty: 222M, Relocated: 8M, In-Place: 0
[63.235s][info][gc,reloc    ] GC(506) Medium Pages: 0 / 0M, Empty: 0M, Relocated: 0M, In-Place: 0
[63.235s][info][gc,reloc    ] GC(506) Large Pages: 0 / 0M, Empty: 0M, Relocated: 0M, In-Place: 0
[63.235s][info][gc,reloc    ] GC(506) Forwarding Usage: 3M
[63.235s][info][gc,heap     ] GC(506) Min Capacity: 8M(1%)
[63.235s][info][gc,heap     ] GC(506) Max Capacity: 1024M(100%)
[63.235s][info][gc,heap     ] GC(506) Soft Max Capacity: 1024M(100%)
[63.235s][info][gc,heap     ] GC(506)                Mark Start          Mark End        Relocate Start      Relocate End           High               Low         
[63.235s][info][gc,heap     ] GC(506)  Capacity:     1024M (100%)       1024M (100%)       1024M (100%)       1024M (100%)       1024M (100%)       1024M (100%)   
[63.235s][info][gc,heap     ] GC(506)      Free:      480M (47%)         362M (35%)         548M (54%)         782M (76%)         786M (77%)         350M (34%)    
[63.235s][info][gc,heap     ] GC(506)      Used:      544M (53%)         662M (65%)         476M (46%)         242M (24%)         674M (66%)         238M (23%)    
[63.235s][info][gc,heap     ] GC(506)      Live:         -                50M (5%)           50M (5%)           50M (5%)             -                  -          
[63.235s][info][gc,heap     ] GC(506) Allocated:         -               118M (12%)         154M (15%)         169M (17%)            -                  -          
[63.235s][info][gc,heap     ] GC(506)   Garbage:         -               493M (48%)         271M (27%)          22M (2%)             -                  -          
[63.235s][info][gc,heap     ] GC(506) Reclaimed:         -                  -               222M (22%)         471M (46%)            -                  -          
[63.235s][info][gc          ] GC(506) Garbage Collection (Allocation Rate) 544M(53%)->242M(24%)
[63.295s][info][gc,start    ] GC(507) Garbage Collection (Allocation Rate)
[63.295s][info][gc,task     ] GC(507) Using 10 workers
[63.295s][info][gc,phases   ] GC(507) Pause Mark Start 0.011ms
[63.322s][info][gc,phases   ] GC(507) Concurrent Mark 26.459ms
[63.322s][info][gc,phases   ] GC(507) Pause Mark End 0.024ms
[63.323s][info][gc,phases   ] GC(507) Concurrent Mark Free 0.001ms
[63.326s][info][gc,phases   ] GC(507) Concurrent Process Non-Strong References 2.524ms
[63.326s][info][gc,phases   ] GC(507) Concurrent Reset Relocation Set 0.046ms
[63.338s][info][gc,phases   ] GC(507) Concurrent Select Relocation Set 12.009ms
[63.338s][info][gc,phases   ] GC(507) Pause Relocate Start 0.010ms
[63.343s][info][gc,phases   ] GC(507) Concurrent Relocate 4.816ms
[63.343s][info][gc,load     ] GC(507) Load: 0.00/0.00/0.00
[63.343s][info][gc,mmu      ] GC(507) MMU: 2ms/95.9%, 5ms/98.4%, 10ms/99.2%, 20ms/99.6%, 50ms/99.8%, 100ms/99.9%
[63.343s][info][gc,marking  ] GC(507) Mark: 8 stripe(s), 3 proactive flush(es), 1 terminate flush(es), 0 completion(s), 0 continuation(s) 
[63.343s][info][gc,marking  ] GC(507) Mark Stack Usage: 32M
[63.343s][info][gc,nmethod  ] GC(507) NMethods: 5074 registered, 37 unregistered
[63.343s][info][gc,metaspace] GC(507) Metaspace: 72M used, 73M committed, 1088M reserved
[63.343s][info][gc,ref      ] GC(507) Soft: 2442 encountered, 0 discovered, 0 enqueued
[63.343s][info][gc,ref      ] GC(507) Weak: 10819 encountered, 2257 discovered, 0 enqueued
[63.344s][info][gc,ref      ] GC(507) Final: 289 encountered, 19 discovered, 0 enqueued
[63.344s][info][gc,ref      ] GC(507) Phantom: 424 encountered, 261 discovered, 0 enqueued
[63.344s][info][gc,reloc    ] GC(507) Small Pages: 273 / 546M, Empty: 214M, Relocated: 8M, In-Place: 0
[63.344s][info][gc,reloc    ] GC(507) Medium Pages: 0 / 0M, Empty: 0M, Relocated: 0M, In-Place: 0
[63.344s][info][gc,reloc    ] GC(507) Large Pages: 0 / 0M, Empty: 0M, Relocated: 0M, In-Place: 0
[63.344s][info][gc,reloc    ] GC(507) Forwarding Usage: 3M
[63.344s][info][gc,heap     ] GC(507) Min Capacity: 8M(1%)
[63.344s][info][gc,heap     ] GC(507) Max Capacity: 1024M(100%)
[63.344s][info][gc,heap     ] GC(507) Soft Max Capacity: 1024M(100%)
[63.344s][info][gc,heap     ] GC(507)                Mark Start          Mark End        Relocate Start      Relocate End           High               Low         
[63.344s][info][gc,heap     ] GC(507)  Capacity:     1024M (100%)       1024M (100%)       1024M (100%)       1024M (100%)       1024M (100%)       1024M (100%)   
[63.344s][info][gc,heap     ] GC(507)      Free:      478M (47%)         354M (35%)         498M (49%)         746M (73%)         750M (73%)         338M (33%)    
[63.344s][info][gc,heap     ] GC(507)      Used:      546M (53%)         670M (65%)         526M (51%)         278M (27%)         686M (67%)         274M (27%)    
[63.344s][info][gc,heap     ] GC(507)      Live:         -                50M (5%)           50M (5%)           50M (5%)             -                  -          
[63.344s][info][gc,heap     ] GC(507) Allocated:         -               124M (12%)         194M (19%)         205M (20%)            -                  -          
[63.344s][info][gc,heap     ] GC(507)   Garbage:         -               495M (48%)         281M (28%)          22M (2%)             -                  -          
[63.344s][info][gc,heap     ] GC(507) Reclaimed:         -                  -               214M (21%)         473M (46%)            -                  -          
[63.344s][info][gc          ] GC(507) Garbage Collection (Allocation Rate) 546M(53%)->278M(27%)
[63.396s][info][gc,start    ] GC(508) Garbage Collection (Allocation Rate)
[63.396s][info][gc,task     ] GC(508) Using 10 workers
[63.396s][info][gc,phases   ] GC(508) Pause Mark Start 0.009ms
[63.418s][info][gc,phases   ] GC(508) Concurrent Mark 22.075ms
[63.419s][info][gc,phases   ] GC(508) Pause Mark End 0.023ms
[63.420s][info][gc,phases   ] GC(508) Concurrent Mark Free 0.002ms
[63.423s][info][gc,phases   ] GC(508) Concurrent Process Non-Strong References 2.479ms
[63.423s][info][gc,phases   ] GC(508) Concurrent Reset Relocation Set 0.044ms
[63.429s][info][gc,phases   ] GC(508) Concurrent Select Relocation Set 6.409ms
[63.430s][info][gc,phases   ] GC(508) Pause Relocate Start 0.009ms
[63.435s][info][gc,phases   ] GC(508) Concurrent Relocate 5.371ms
[63.435s][info][gc,load     ] GC(508) Load: 0.00/0.00/0.00
[63.435s][info][gc,mmu      ] GC(508) MMU: 2ms/95.9%, 5ms/98.4%, 10ms/99.2%, 20ms/99.6%, 50ms/99.8%, 100ms/99.9%
[63.435s][info][gc,marking  ] GC(508) Mark: 8 stripe(s), 3 proactive flush(es), 1 terminate flush(es), 0 completion(s), 0 continuation(s) 
[63.435s][info][gc,marking  ] GC(508) Mark Stack Usage: 32M
[63.435s][info][gc,nmethod  ] GC(508) NMethods: 5074 registered, 37 unregistered
[63.435s][info][gc,metaspace] GC(508) Metaspace: 72M used, 73M committed, 1088M reserved
[63.435s][info][gc,ref      ] GC(508) Soft: 2442 encountered, 0 discovered, 0 enqueued
[63.435s][info][gc,ref      ] GC(508) Weak: 10819 encountered, 2018 discovered, 0 enqueued
[63.435s][info][gc,ref      ] GC(508) Final: 289 encountered, 22 discovered, 0 enqueued
[63.435s][info][gc,ref      ] GC(508) Phantom: 424 encountered, 309 discovered, 0 enqueued
[63.436s][info][gc,reloc    ] GC(508) Small Pages: 272 / 544M, Empty: 218M, Relocated: 8M, In-Place: 0
[63.436s][info][gc,reloc    ] GC(508) Medium Pages: 0 / 0M, Empty: 0M, Relocated: 0M, In-Place: 0
[63.436s][info][gc,reloc    ] GC(508) Large Pages: 0 / 0M, Empty: 0M, Relocated: 0M, In-Place: 0
[63.436s][info][gc,reloc    ] GC(508) Forwarding Usage: 3M
[63.436s][info][gc,heap     ] GC(508) Min Capacity: 8M(1%)
[63.436s][info][gc,heap     ] GC(508) Max Capacity: 1024M(100%)
[63.436s][info][gc,heap     ] GC(508) Soft Max Capacity: 1024M(100%)
[63.436s][info][gc,heap     ] GC(508)                Mark Start          Mark End        Relocate Start      Relocate End           High               Low         
[63.436s][info][gc,heap     ] GC(508)  Capacity:     1024M (100%)       1024M (100%)       1024M (100%)       1024M (100%)       1024M (100%)       1024M (100%)   
[63.436s][info][gc,heap     ] GC(508)      Free:      480M (47%)         372M (36%)         544M (53%)         782M (76%)         788M (77%)         352M (34%)    
[63.436s][info][gc,heap     ] GC(508)      Used:      544M (53%)         652M (64%)         480M (47%)         242M (24%)         672M (66%)         236M (23%)    
[63.436s][info][gc,heap     ] GC(508)      Live:         -                50M (5%)           50M (5%)           50M (5%)             -                  -          
[63.436s][info][gc,heap     ] GC(508) Allocated:         -               108M (11%)         154M (15%)         169M (17%)            -                  -          
[63.436s][info][gc,heap     ] GC(508)   Garbage:         -               493M (48%)         275M (27%)          22M (2%)             -                  -          
[63.436s][info][gc,heap     ] GC(508) Reclaimed:         -                  -               218M (21%)         471M (46%)            -                  -          
[63.436s][info][gc          ] GC(508) Garbage Collection (Allocation Rate) 544M(53%)->242M(24%)
[63.497s][info][gc,start    ] GC(509) Garbage Collection (Allocation Rate)
[63.497s][info][gc,task     ] GC(509) Using 10 workers
[63.497s][info][gc,phases   ] GC(509) Pause Mark Start 0.014ms
[63.518s][info][gc,phases   ] GC(509) Concurrent Mark 20.984ms
[63.518s][info][gc,phases   ] GC(509) Pause Mark End 0.026ms
[63.519s][info][gc,phases   ] GC(509) Concurrent Mark Free 0.001ms
[63.521s][info][gc,phases   ] GC(509) Concurrent Process Non-Strong References 2.402ms
[63.521s][info][gc,phases   ] GC(509) Concurrent Reset Relocation Set 0.039ms
[63.531s][info][gc,phases   ] GC(509) Concurrent Select Relocation Set 9.863ms
[63.531s][info][gc,phases   ] GC(509) Pause Relocate Start 0.012ms
[63.536s][info][gc,phases   ] GC(509) Concurrent Relocate 4.778ms
[63.537s][info][gc,load     ] GC(509) Load: 0.00/0.00/0.00
[63.537s][info][gc,mmu      ] GC(509) MMU: 2ms/95.9%, 5ms/98.4%, 10ms/99.2%, 20ms/99.6%, 50ms/99.8%, 100ms/99.9%
[63.537s][info][gc,marking  ] GC(509) Mark: 8 stripe(s), 3 proactive flush(es), 1 terminate flush(es), 0 completion(s), 0 continuation(s) 
[63.537s][info][gc,marking  ] GC(509) Mark Stack Usage: 32M
[63.537s][info][gc,nmethod  ] GC(509) NMethods: 5074 registered, 37 unregistered
[63.537s][info][gc,metaspace] GC(509) Metaspace: 72M used, 73M committed, 1088M reserved
[63.537s][info][gc,ref      ] GC(509) Soft: 2442 encountered, 0 discovered, 0 enqueued
[63.537s][info][gc,ref      ] GC(509) Weak: 10819 encountered, 1354 discovered, 0 enqueued
[63.537s][info][gc,ref      ] GC(509) Final: 289 encountered, 17 discovered, 0 enqueued
[63.537s][info][gc,ref      ] GC(509) Phantom: 424 encountered, 302 discovered, 0 enqueued
[63.537s][info][gc,reloc    ] GC(509) Small Pages: 275 / 550M, Empty: 218M, Relocated: 8M, In-Place: 0
[63.537s][info][gc,reloc    ] GC(509) Medium Pages: 0 / 0M, Empty: 0M, Relocated: 0M, In-Place: 0
[63.537s][info][gc,reloc    ] GC(509) Large Pages: 0 / 0M, Empty: 0M, Relocated: 0M, In-Place: 0
[63.537s][info][gc,reloc    ] GC(509) Forwarding Usage: 3M
[63.537s][info][gc,heap     ] GC(509) Min Capacity: 8M(1%)
[63.537s][info][gc,heap     ] GC(509) Max Capacity: 1024M(100%)
[63.537s][info][gc,heap     ] GC(509) Soft Max Capacity: 1024M(100%)
[63.537s][info][gc,heap     ] GC(509)                Mark Start          Mark End        Relocate Start      Relocate End           High               Low         
[63.537s][info][gc,heap     ] GC(509)  Capacity:     1024M (100%)       1024M (100%)       1024M (100%)       1024M (100%)       1024M (100%)       1024M (100%)   
[63.537s][info][gc,heap     ] GC(509)      Free:      474M (46%)         376M (37%)         534M (52%)         782M (76%)         784M (77%)         362M (35%)    
[63.537s][info][gc,heap     ] GC(509)      Used:      550M (54%)         648M (63%)         490M (48%)         242M (24%)         662M (65%)         240M (23%)    
[63.537s][info][gc,heap     ] GC(509)      Live:         -                50M (5%)           50M (5%)           50M (5%)             -                  -          
[63.537s][info][gc,heap     ] GC(509) Allocated:         -                98M (10%)         158M (15%)         169M (17%)            -                  -          
[63.537s][info][gc,heap     ] GC(509)   Garbage:         -               499M (49%)         281M (28%)          22M (2%)             -                  -          
[63.537s][info][gc,heap     ] GC(509) Reclaimed:         -                  -               218M (21%)         477M (47%)            -                  -          
[63.537s][info][gc          ] GC(509) Garbage Collection (Allocation Rate) 550M(54%)->242M(24%)
[63.597s][info][gc,start    ] GC(510) Garbage Collection (Allocation Rate)
[63.597s][info][gc,task     ] GC(510) Using 10 workers
[63.597s][info][gc,phases   ] GC(510) Pause Mark Start 0.010ms
[63.619s][info][gc,phases   ] GC(510) Concurrent Mark 21.657ms
[63.620s][info][gc,phases   ] GC(510) Pause Mark End 0.026ms
[63.620s][info][gc,phases   ] GC(510) Concurrent Mark Free 0.002ms
[63.623s][info][gc,phases   ] GC(510) Concurrent Process Non-Strong References 2.825ms
[63.623s][info][gc,phases   ] GC(510) Concurrent Reset Relocation Set 0.038ms
[63.633s][info][gc,phases   ] GC(510) Concurrent Select Relocation Set 9.834ms
[63.634s][info][gc,phases   ] GC(510) Pause Relocate Start 0.008ms
[63.640s][info][gc,phases   ] GC(510) Concurrent Relocate 6.277ms
[63.640s][info][gc,load     ] GC(510) Load: 0.00/0.00/0.00
[63.640s][info][gc,mmu      ] GC(510) MMU: 2ms/95.9%, 5ms/98.4%, 10ms/99.2%, 20ms/99.6%, 50ms/99.8%, 100ms/99.9%
[63.640s][info][gc,marking  ] GC(510) Mark: 8 stripe(s), 3 proactive flush(es), 1 terminate flush(es), 0 completion(s), 0 continuation(s) 
[63.640s][info][gc,marking  ] GC(510) Mark Stack Usage: 32M
[63.640s][info][gc,nmethod  ] GC(510) NMethods: 5074 registered, 37 unregistered
[63.640s][info][gc,metaspace] GC(510) Metaspace: 72M used, 73M committed, 1088M reserved
[63.640s][info][gc,ref      ] GC(510) Soft: 2442 encountered, 0 discovered, 0 enqueued
[63.640s][info][gc,ref      ] GC(510) Weak: 10819 encountered, 2062 discovered, 0 enqueued
[63.640s][info][gc,ref      ] GC(510) Final: 289 encountered, 13 discovered, 0 enqueued
[63.640s][info][gc,ref      ] GC(510) Phantom: 424 encountered, 352 discovered, 0 enqueued
[63.640s][info][gc,reloc    ] GC(510) Small Pages: 273 / 546M, Empty: 224M, Relocated: 8M, In-Place: 0
[63.640s][info][gc,reloc    ] GC(510) Medium Pages: 0 / 0M, Empty: 0M, Relocated: 0M, In-Place: 0
[63.641s][info][gc,reloc    ] GC(510) Large Pages: 0 / 0M, Empty: 0M, Relocated: 0M, In-Place: 0
[63.641s][info][gc,reloc    ] GC(510) Forwarding Usage: 3M
[63.641s][info][gc,heap     ] GC(510) Min Capacity: 8M(1%)
[63.641s][info][gc,heap     ] GC(510) Max Capacity: 1024M(100%)
[63.641s][info][gc,heap     ] GC(510) Soft Max Capacity: 1024M(100%)
[63.641s][info][gc,heap     ] GC(510)                Mark Start          Mark End        Relocate Start      Relocate End           High               Low         
[63.641s][info][gc,heap     ] GC(510)  Capacity:     1024M (100%)       1024M (100%)       1024M (100%)       1024M (100%)       1024M (100%)       1024M (100%)   
[63.641s][info][gc,heap     ] GC(510)      Free:      478M (47%)         370M (36%)         532M (52%)         762M (74%)         770M (75%)         354M (35%)    
[63.641s][info][gc,heap     ] GC(510)      Used:      546M (53%)         654M (64%)         492M (48%)         262M (26%)         670M (65%)         254M (25%)    
[63.641s][info][gc,heap     ] GC(510)      Live:         -                50M (5%)           50M (5%)           50M (5%)             -                  -          
[63.641s][info][gc,heap     ] GC(510) Allocated:         -               108M (11%)         170M (17%)         189M (18%)            -                  -          
[63.641s][info][gc,heap     ] GC(510)   Garbage:         -               495M (48%)         271M (27%)          22M (2%)             -                  -          
[63.641s][info][gc,heap     ] GC(510) Reclaimed:         -                  -               224M (22%)         473M (46%)            -                  -          
[63.641s][info][gc          ] GC(510) Garbage Collection (Allocation Rate) 546M(53%)->262M(26%)
[63.697s][info][gc,start    ] GC(511) Garbage Collection (Allocation Rate)
[63.697s][info][gc,task     ] GC(511) Using 10 workers
[63.697s][info][gc,phases   ] GC(511) Pause Mark Start 0.010ms
[63.719s][info][gc,phases   ] GC(511) Concurrent Mark 21.938ms
[63.720s][info][gc,phases   ] GC(511) Pause Mark End 0.031ms
[63.720s][info][gc,phases   ] GC(511) Concurrent Mark Free 0.001ms
[63.723s][info][gc,phases   ] GC(511) Concurrent Process Non-Strong References 2.624ms
[63.723s][info][gc,phases   ] GC(511) Concurrent Reset Relocation Set 0.041ms
[63.733s][info][gc,phases   ] GC(511) Concurrent Select Relocation Set 9.941ms
[63.733s][info][gc,phases   ] GC(511) Pause Relocate Start 0.008ms
[63.739s][info][gc,phases   ] GC(511) Concurrent Relocate 5.095ms
[63.739s][info][gc,load     ] GC(511) Load: 0.00/0.00/0.00
[63.739s][info][gc,mmu      ] GC(511) MMU: 2ms/95.9%, 5ms/98.4%, 10ms/99.2%, 20ms/99.6%, 50ms/99.8%, 100ms/99.9%
[63.739s][info][gc,marking  ] GC(511) Mark: 8 stripe(s), 3 proactive flush(es), 1 terminate flush(es), 0 completion(s), 0 continuation(s) 
[63.739s][info][gc,marking  ] GC(511) Mark Stack Usage: 32M
[63.739s][info][gc,nmethod  ] GC(511) NMethods: 5074 registered, 37 unregistered
[63.739s][info][gc,metaspace] GC(511) Metaspace: 72M used, 73M committed, 1088M reserved
[63.739s][info][gc,ref      ] GC(511) Soft: 2442 encountered, 0 discovered, 0 enqueued
[63.739s][info][gc,ref      ] GC(511) Weak: 10819 encountered, 1498 discovered, 0 enqueued
[63.739s][info][gc,ref      ] GC(511) Final: 289 encountered, 14 discovered, 0 enqueued
[63.739s][info][gc,ref      ] GC(511) Phantom: 424 encountered, 316 discovered, 0 enqueued
[63.739s][info][gc,reloc    ] GC(511) Small Pages: 273 / 546M, Empty: 212M, Relocated: 8M, In-Place: 0
[63.739s][info][gc,reloc    ] GC(511) Medium Pages: 0 / 0M, Empty: 0M, Relocated: 0M, In-Place: 0
[63.739s][info][gc,reloc    ] GC(511) Large Pages: 0 / 0M, Empty: 0M, Relocated: 0M, In-Place: 0
[63.739s][info][gc,reloc    ] GC(511) Forwarding Usage: 3M
[63.739s][info][gc,heap     ] GC(511) Min Capacity: 8M(1%)
[63.739s][info][gc,heap     ] GC(511) Max Capacity: 1024M(100%)
[63.739s][info][gc,heap     ] GC(511) Soft Max Capacity: 1024M(100%)
[63.739s][info][gc,heap     ] GC(511)                Mark Start          Mark End        Relocate Start      Relocate End           High               Low         
[63.739s][info][gc,heap     ] GC(511)  Capacity:     1024M (100%)       1024M (100%)       1024M (100%)       1024M (100%)       1024M (100%)       1024M (100%)   
[63.739s][info][gc,heap     ] GC(511)      Free:      478M (47%)         370M (36%)         522M (51%)         768M (75%)         770M (75%)         354M (35%)    
[63.739s][info][gc,heap     ] GC(511)      Used:      546M (53%)         654M (64%)         502M (49%)         256M (25%)         670M (65%)         254M (25%)    
[63.740s][info][gc,heap     ] GC(511)      Live:         -                50M (5%)           50M (5%)           50M (5%)             -                  -          
[63.740s][info][gc,heap     ] GC(511) Allocated:         -               108M (11%)         168M (16%)         183M (18%)            -                  -          
[63.740s][info][gc,heap     ] GC(511)   Garbage:         -               495M (48%)         283M (28%)          22M (2%)             -                  -          
[63.740s][info][gc,heap     ] GC(511) Reclaimed:         -                  -               212M (21%)         473M (46%)            -                  -          
[63.740s][info][gc          ] GC(511) Garbage Collection (Allocation Rate) 546M(53%)->256M(25%)
[63.796s][info][gc,start    ] GC(512) Garbage Collection (Allocation Rate)
[63.797s][info][gc,task     ] GC(512) Using 10 workers
[63.797s][info][gc,phases   ] GC(512) Pause Mark Start 0.009ms
[63.819s][info][gc,phases   ] GC(512) Concurrent Mark 22.052ms
[63.819s][info][gc,phases   ] GC(512) Pause Mark End 0.025ms
[63.820s][info][gc,phases   ] GC(512) Concurrent Mark Free 0.001ms
[63.823s][info][gc,phases   ] GC(512) Concurrent Process Non-Strong References 2.446ms
[63.823s][info][gc,phases   ] GC(512) Concurrent Reset Relocation Set 0.054ms
[63.829s][info][gc,phases   ] GC(512) Concurrent Select Relocation Set 6.201ms
[63.829s][info][gc,phases   ] GC(512) Pause Relocate Start 0.009ms
[63.834s][info][gc,phases   ] GC(512) Concurrent Relocate 4.845ms
[63.834s][info][gc,load     ] GC(512) Load: 0.00/0.00/0.00
[63.835s][info][gc,mmu      ] GC(512) MMU: 2ms/95.9%, 5ms/98.4%, 10ms/99.2%, 20ms/99.6%, 50ms/99.8%, 100ms/99.9%
[63.835s][info][gc,marking  ] GC(512) Mark: 8 stripe(s), 3 proactive flush(es), 1 terminate flush(es), 0 completion(s), 0 continuation(s) 
[63.835s][info][gc,marking  ] GC(512) Mark Stack Usage: 32M
[63.835s][info][gc,nmethod  ] GC(512) NMethods: 5074 registered, 37 unregistered
[63.835s][info][gc,metaspace] GC(512) Metaspace: 72M used, 73M committed, 1088M reserved
[63.835s][info][gc,ref      ] GC(512) Soft: 2442 encountered, 0 discovered, 0 enqueued
[63.835s][info][gc,ref      ] GC(512) Weak: 10819 encountered, 1537 discovered, 0 enqueued
[63.835s][info][gc,ref      ] GC(512) Final: 289 encountered, 16 discovered, 0 enqueued
[63.835s][info][gc,ref      ] GC(512) Phantom: 424 encountered, 278 discovered, 0 enqueued
[63.835s][info][gc,reloc    ] GC(512) Small Pages: 273 / 546M, Empty: 158M, Relocated: 8M, In-Place: 0
[63.835s][info][gc,reloc    ] GC(512) Medium Pages: 0 / 0M, Empty: 0M, Relocated: 0M, In-Place: 0
[63.835s][info][gc,reloc    ] GC(512) Large Pages: 0 / 0M, Empty: 0M, Relocated: 0M, In-Place: 0
[63.835s][info][gc,reloc    ] GC(512) Forwarding Usage: 3M
[63.835s][info][gc,heap     ] GC(512) Min Capacity: 8M(1%)
[63.835s][info][gc,heap     ] GC(512) Max Capacity: 1024M(100%)
[63.835s][info][gc,heap     ] GC(512) Soft Max Capacity: 1024M(100%)
[63.835s][info][gc,heap     ] GC(512)                Mark Start          Mark End        Relocate Start      Relocate End           High               Low         
[63.835s][info][gc,heap     ] GC(512)  Capacity:     1024M (100%)       1024M (100%)       1024M (100%)       1024M (100%)       1024M (100%)       1024M (100%)   
[63.835s][info][gc,heap     ] GC(512)      Free:      478M (47%)         372M (36%)         486M (47%)         792M (77%)         792M (77%)         358M (35%)    
[63.835s][info][gc,heap     ] GC(512)      Used:      546M (53%)         652M (64%)         538M (53%)         232M (23%)         666M (65%)         232M (23%)    
[63.835s][info][gc,heap     ] GC(512)      Live:         -                50M (5%)           50M (5%)           50M (5%)             -                  -          
[63.835s][info][gc,heap     ] GC(512) Allocated:         -               106M (10%)         150M (15%)         159M (16%)            -                  -          
[63.835s][info][gc,heap     ] GC(512)   Garbage:         -               495M (48%)         337M (33%)          22M (2%)             -                  -          
[63.835s][info][gc,heap     ] GC(512) Reclaimed:         -                  -               158M (15%)         473M (46%)            -                  -          
[63.835s][info][gc          ] GC(512) Garbage Collection (Allocation Rate) 546M(53%)->232M(23%)
[63.896s][info][gc,start    ] GC(513) Garbage Collection (Allocation Rate)
[63.896s][info][gc,task     ] GC(513) Using 10 workers
[63.896s][info][gc,phases   ] GC(513) Pause Mark Start 0.010ms
[63.917s][info][gc,phases   ] GC(513) Concurrent Mark 20.723ms
[63.918s][info][gc,phases   ] GC(513) Pause Mark End 0.025ms
[63.918s][info][gc,phases   ] GC(513) Concurrent Mark Free 0.001ms
[63.920s][info][gc,phases   ] GC(513) Concurrent Process Non-Strong References 2.363ms
[63.920s][info][gc,phases   ] GC(513) Concurrent Reset Relocation Set 0.037ms
[63.927s][info][gc,phases   ] GC(513) Concurrent Select Relocation Set 6.636ms
[63.927s][info][gc,phases   ] GC(513) Pause Relocate Start 0.010ms
[63.934s][info][gc,phases   ] GC(513) Concurrent Relocate 6.538ms
[63.934s][info][gc,load     ] GC(513) Load: 0.00/0.00/0.00
[63.934s][info][gc,mmu      ] GC(513) MMU: 2ms/95.9%, 5ms/98.4%, 10ms/99.2%, 20ms/99.6%, 50ms/99.8%, 100ms/99.9%
[63.934s][info][gc,marking  ] GC(513) Mark: 8 stripe(s), 3 proactive flush(es), 1 terminate flush(es), 0 completion(s), 0 continuation(s) 
[63.934s][info][gc,marking  ] GC(513) Mark Stack Usage: 32M
[63.934s][info][gc,nmethod  ] GC(513) NMethods: 5074 registered, 37 unregistered
[63.934s][info][gc,metaspace] GC(513) Metaspace: 72M used, 73M committed, 1088M reserved
[63.934s][info][gc,ref      ] GC(513) Soft: 2442 encountered, 0 discovered, 0 enqueued
[63.934s][info][gc,ref      ] GC(513) Weak: 10819 encountered, 1682 discovered, 0 enqueued
[63.934s][info][gc,ref      ] GC(513) Final: 289 encountered, 27 discovered, 0 enqueued
[63.934s][info][gc,ref      ] GC(513) Phantom: 424 encountered, 377 discovered, 0 enqueued
[63.934s][info][gc,reloc    ] GC(513) Small Pages: 271 / 542M, Empty: 214M, Relocated: 8M, In-Place: 0
[63.934s][info][gc,reloc    ] GC(513) Medium Pages: 0 / 0M, Empty: 0M, Relocated: 0M, In-Place: 0
[63.934s][info][gc,reloc    ] GC(513) Large Pages: 0 / 0M, Empty: 0M, Relocated: 0M, In-Place: 0
[63.934s][info][gc,reloc    ] GC(513) Forwarding Usage: 3M
[63.934s][info][gc,heap     ] GC(513) Min Capacity: 8M(1%)
[63.934s][info][gc,heap     ] GC(513) Max Capacity: 1024M(100%)
[63.934s][info][gc,heap     ] GC(513) Soft Max Capacity: 1024M(100%)
[63.934s][info][gc,heap     ] GC(513)                Mark Start          Mark End        Relocate Start      Relocate End           High               Low         
[63.934s][info][gc,heap     ] GC(513)  Capacity:     1024M (100%)       1024M (100%)       1024M (100%)       1024M (100%)       1024M (100%)       1024M (100%)   
[63.934s][info][gc,heap     ] GC(513)      Free:      482M (47%)         380M (37%)         554M (54%)         788M (77%)         798M (78%)         368M (36%)    
[63.934s][info][gc,heap     ] GC(513)      Used:      542M (53%)         644M (63%)         470M (46%)         236M (23%)         656M (64%)         226M (22%)    
[63.934s][info][gc,heap     ] GC(513)      Live:         -                50M (5%)           50M (5%)           50M (5%)             -                  -          
[63.934s][info][gc,heap     ] GC(513) Allocated:         -               102M (10%)         142M (14%)         163M (16%)            -                  -          
[63.935s][info][gc,heap     ] GC(513)   Garbage:         -               491M (48%)         277M (27%)          22M (2%)             -                  -          
[63.935s][info][gc,heap     ] GC(513) Reclaimed:         -                  -               214M (21%)         469M (46%)            -                  -          
[63.935s][info][gc          ] GC(513) Garbage Collection (Allocation Rate) 542M(53%)->236M(23%)
[63.996s][info][gc,start    ] GC(514) Garbage Collection (Allocation Rate)
[63.996s][info][gc,task     ] GC(514) Using 10 workers
[63.997s][info][gc,phases   ] GC(514) Pause Mark Start 0.010ms
[64.018s][info][gc,phases   ] GC(514) Concurrent Mark 21.198ms
[64.018s][info][gc,phases   ] GC(514) Pause Mark End 0.027ms
[64.020s][info][gc,phases   ] GC(514) Concurrent Mark Free 0.001ms
[64.023s][info][gc,phases   ] GC(514) Concurrent Process Non-Strong References 2.838ms
[64.023s][info][gc,phases   ] GC(514) Concurrent Reset Relocation Set 0.042ms
[64.033s][info][gc,phases   ] GC(514) Concurrent Select Relocation Set 9.843ms
[64.033s][info][gc,phases   ] GC(514) Pause Relocate Start 0.009ms
[64.040s][info][gc,phases   ] GC(514) Concurrent Relocate 6.004ms
[64.040s][info][gc,load     ] GC(514) Load: 0.00/0.00/0.00
[64.040s][info][gc,mmu      ] GC(514) MMU: 2ms/95.9%, 5ms/98.4%, 10ms/99.2%, 20ms/99.6%, 50ms/99.8%, 100ms/99.9%
[64.040s][info][gc,marking  ] GC(514) Mark: 8 stripe(s), 3 proactive flush(es), 1 terminate flush(es), 0 completion(s), 0 continuation(s) 
[64.040s][info][gc,marking  ] GC(514) Mark Stack Usage: 32M
[64.040s][info][gc,nmethod  ] GC(514) NMethods: 5074 registered, 37 unregistered
[64.040s][info][gc,metaspace] GC(514) Metaspace: 72M used, 73M committed, 1088M reserved
[64.040s][info][gc,ref      ] GC(514) Soft: 2442 encountered, 0 discovered, 0 enqueued
[64.040s][info][gc,ref      ] GC(514) Weak: 10819 encountered, 1913 discovered, 0 enqueued
[64.040s][info][gc,ref      ] GC(514) Final: 289 encountered, 16 discovered, 0 enqueued
[64.040s][info][gc,ref      ] GC(514) Phantom: 424 encountered, 292 discovered, 0 enqueued
[64.040s][info][gc,reloc    ] GC(514) Small Pages: 274 / 548M, Empty: 218M, Relocated: 8M, In-Place: 0
[64.040s][info][gc,reloc    ] GC(514) Medium Pages: 0 / 0M, Empty: 0M, Relocated: 0M, In-Place: 0
[64.041s][info][gc,reloc    ] GC(514) Large Pages: 0 / 0M, Empty: 0M, Relocated: 0M, In-Place: 0
[64.041s][info][gc,reloc    ] GC(514) Forwarding Usage: 3M
[64.041s][info][gc,heap     ] GC(514) Min Capacity: 8M(1%)
[64.041s][info][gc,heap     ] GC(514) Max Capacity: 1024M(100%)
[64.041s][info][gc,heap     ] GC(514) Soft Max Capacity: 1024M(100%)
[64.041s][info][gc,heap     ] GC(514)                Mark Start          Mark End        Relocate Start      Relocate End           High               Low         
[64.041s][info][gc,heap     ] GC(514)  Capacity:     1024M (100%)       1024M (100%)       1024M (100%)       1024M (100%)       1024M (100%)       1024M (100%)   
[64.041s][info][gc,heap     ] GC(514)      Free:      476M (46%)         372M (36%)         522M (51%)         762M (74%)         768M (75%)         352M (34%)    
[64.041s][info][gc,heap     ] GC(514)      Used:      548M (54%)         652M (64%)         502M (49%)         262M (26%)         672M (66%)         256M (25%)    
[64.041s][info][gc,heap     ] GC(514)      Live:         -                50M (5%)           50M (5%)           50M (5%)             -                  -          
[64.041s][info][gc,heap     ] GC(514) Allocated:         -               104M (10%)         172M (17%)         189M (18%)            -                  -          
[64.041s][info][gc,heap     ] GC(514)   Garbage:         -               497M (49%)         279M (27%)          22M (2%)             -                  -          
[64.041s][info][gc,heap     ] GC(514) Reclaimed:         -                  -               218M (21%)         475M (46%)            -                  -          
[64.041s][info][gc          ] GC(514) Garbage Collection (Allocation Rate) 548M(54%)->262M(26%)
[64.095s][info][gc,start    ] GC(515) Garbage Collection (Allocation Rate)
[64.095s][info][gc,task     ] GC(515) Using 10 workers
[64.096s][info][gc,phases   ] GC(515) Pause Mark Start 0.012ms
[64.118s][info][gc,phases   ] GC(515) Concurrent Mark 22.308ms
[64.118s][info][gc,phases   ] GC(515) Pause Mark End 0.025ms
[64.119s][info][gc,phases   ] GC(515) Concurrent Mark Free 0.001ms
[64.122s][info][gc,phases   ] GC(515) Concurrent Process Non-Strong References 2.485ms
[64.122s][info][gc,phases   ] GC(515) Concurrent Reset Relocation Set 0.038ms
[64.127s][info][gc,phases   ] GC(515) Concurrent Select Relocation Set 4.863ms
[64.127s][info][gc,phases   ] GC(515) Pause Relocate Start 0.009ms
[64.133s][info][gc,phases   ] GC(515) Concurrent Relocate 5.923ms
[64.134s][info][gc,load     ] GC(515) Load: 0.00/0.00/0.00
[64.134s][info][gc,mmu      ] GC(515) MMU: 2ms/95.9%, 5ms/98.4%, 10ms/99.2%, 20ms/99.6%, 50ms/99.8%, 100ms/99.9%
[64.134s][info][gc,marking  ] GC(515) Mark: 8 stripe(s), 3 proactive flush(es), 1 terminate flush(es), 0 completion(s), 0 continuation(s) 
[64.134s][info][gc,marking  ] GC(515) Mark Stack Usage: 32M
[64.134s][info][gc,nmethod  ] GC(515) NMethods: 5074 registered, 37 unregistered
[64.134s][info][gc,metaspace] GC(515) Metaspace: 72M used, 73M committed, 1088M reserved
[64.134s][info][gc,ref      ] GC(515) Soft: 2442 encountered, 0 discovered, 0 enqueued
[64.134s][info][gc,ref      ] GC(515) Weak: 10819 encountered, 1843 discovered, 0 enqueued
[64.134s][info][gc,ref      ] GC(515) Final: 289 encountered, 17 discovered, 0 enqueued
[64.134s][info][gc,ref      ] GC(515) Phantom: 424 encountered, 257 discovered, 0 enqueued
[64.134s][info][gc,reloc    ] GC(515) Small Pages: 270 / 540M, Empty: 212M, Relocated: 8M, In-Place: 0
[64.134s][info][gc,reloc    ] GC(515) Medium Pages: 0 / 0M, Empty: 0M, Relocated: 0M, In-Place: 0
[64.134s][info][gc,reloc    ] GC(515) Large Pages: 0 / 0M, Empty: 0M, Relocated: 0M, In-Place: 0
[64.134s][info][gc,reloc    ] GC(515) Forwarding Usage: 3M
[64.134s][info][gc,heap     ] GC(515) Min Capacity: 8M(1%)
[64.134s][info][gc,heap     ] GC(515) Max Capacity: 1024M(100%)
[64.134s][info][gc,heap     ] GC(515) Soft Max Capacity: 1024M(100%)
[64.134s][info][gc,heap     ] GC(515)                Mark Start          Mark End        Relocate Start      Relocate End           High               Low         
[64.134s][info][gc,heap     ] GC(515)  Capacity:     1024M (100%)       1024M (100%)       1024M (100%)       1024M (100%)       1024M (100%)       1024M (100%)   
[64.134s][info][gc,heap     ] GC(515)      Free:      484M (47%)         374M (37%)         548M (54%)         790M (77%)         796M (78%)         360M (35%)    
[64.134s][info][gc,heap     ] GC(515)      Used:      540M (53%)         650M (63%)         476M (46%)         234M (23%)         664M (65%)         228M (22%)    
[64.134s][info][gc,heap     ] GC(515)      Live:         -                50M (5%)           50M (5%)           50M (5%)             -                  -          
[64.134s][info][gc,heap     ] GC(515) Allocated:         -               110M (11%)         148M (14%)         161M (16%)            -                  -          
[64.134s][info][gc,heap     ] GC(515)   Garbage:         -               489M (48%)         277M (27%)          22M (2%)             -                  -          
[64.134s][info][gc,heap     ] GC(515) Reclaimed:         -                  -               212M (21%)         467M (46%)            -                  -          
[64.134s][info][gc          ] GC(515) Garbage Collection (Allocation Rate) 540M(53%)->234M(23%)
[64.195s][info][gc,start    ] GC(516) Garbage Collection (Allocation Rate)
[64.195s][info][gc,task     ] GC(516) Using 10 workers
[64.196s][info][gc,phases   ] GC(516) Pause Mark Start 0.010ms
[64.221s][info][gc,phases   ] GC(516) Concurrent Mark 25.170ms
[64.328s][info][gc,phases   ] GC(516) Pause Mark End 0.039ms
[64.328s][info][gc,phases   ] GC(516) Concurrent Mark Free 0.002ms
[64.331s][info][gc,phases   ] GC(516) Concurrent Process Non-Strong References 2.487ms
[64.331s][info][gc,phases   ] GC(516) Concurrent Reset Relocation Set 0.028ms
[64.331s][info][gc          ] Allocation Stall (finagle/netty4-2-92) 38.015ms
[64.331s][info][gc          ] Allocation Stall (finagle/netty4-2-83) 37.545ms
[64.331s][info][gc          ] Allocation Stall (finagle/netty4-2-59) 36.871ms
[64.331s][info][gc          ] Allocation Stall (finagle/netty4-2-64) 36.791ms
[64.331s][info][gc          ] Allocation Stall (finagle/netty4-2-55) 36.602ms
[64.331s][info][gc          ] Allocation Stall (finagle/netty4-2-78) 38.139ms
[64.331s][info][gc          ] Allocation Stall (finagle/netty4-2-2) 37.583ms
[64.331s][info][gc          ] Allocation Stall (finagle/netty4-2-33) 38.203ms
[64.331s][info][gc          ] Allocation Stall (finagle/netty4-2-13) 36.729ms
[64.331s][info][gc          ] Allocation Stall (finagle/netty4-2-81) 37.191ms
[64.331s][info][gc          ] Allocation Stall (finagle/netty4-2-63) 36.493ms
[64.331s][info][gc          ] Allocation Stall (finagle/netty4-2-96) 37.509ms
[64.331s][info][gc          ] Allocation Stall (finagle/netty4-2-82) 37.709ms
[64.331s][info][gc          ] Allocation Stall (finagle-http-worker-44) 37.290ms
[64.331s][info][gc          ] Allocation Stall (finagle/netty4-2-95) 37.921ms
[64.331s][info][gc          ] Allocation Stall (finagle/netty4-2-69) 38.563ms
[64.331s][info][gc          ] Allocation Stall (finagle/netty4-2-91) 36.734ms
[64.331s][info][gc          ] Allocation Stall (finagle/netty4-2-34) 38.103ms
[64.331s][info][gc          ] Allocation Stall (finagle/netty4-2-77) 37.428ms
[64.331s][info][gc          ] Allocation Stall (finagle-http-worker-19) 38.126ms
[64.331s][info][gc          ] Allocation Stall (finagle/netty4-2-7) 37.295ms
[64.331s][info][gc          ] Allocation Stall (finagle/netty4-2-65) 36.535ms
[64.331s][info][gc          ] Allocation Stall (finagle/netty4-2-24) 37.865ms
[64.331s][info][gc          ] Allocation Stall (finagle/netty4-2-1) 37.454ms
[64.331s][info][gc          ] Allocation Stall (finagle/netty4-2-58) 37.856ms
[64.331s][info][gc          ] Allocation Stall (finagle/netty4-2-86) 38.273ms
[64.331s][info][gc          ] Allocation Stall (finagle/netty4-2-79) 37.520ms
[64.331s][info][gc          ] Allocation Stall (finagle-http-worker-23) 37.566ms
[64.331s][info][gc          ] Allocation Stall (finagle/netty4-2-27) 38.300ms
[64.331s][info][gc          ] Allocation Stall (finagle-http-worker-7) 38.603ms
[64.331s][info][gc          ] Allocation Stall (finagle/netty4-2-49) 38.160ms
[64.331s][info][gc          ] Allocation Stall (finagle-http-worker-25) 37.921ms
[64.331s][info][gc          ] Allocation Stall (finagle/netty4-2-16) 37.802ms
[64.331s][info][gc          ] Allocation Stall (finagle/netty4-2-60) 36.079ms
[64.331s][info][gc          ] Allocation Stall (finagle/netty4-2-62) 38.559ms
[64.331s][info][gc          ] Allocation Stall (finagle/netty4-2-57) 36.534ms
[64.331s][info][gc          ] Allocation Stall (finagle/netty4-2-61) 36.749ms
[64.331s][info][gc          ] Allocation Stall (finagle/netty4-2-94) 36.565ms
[64.331s][info][gc          ] Allocation Stall (finagle/netty4-2-85) 38.224ms
[64.331s][info][gc          ] Allocation Stall (finagle-http-worker-26) 37.992ms
[64.331s][info][gc          ] Allocation Stall (finagle/netty4-2-67) 38.053ms
[64.331s][info][gc          ] Allocation Stall (finagle/netty4-2-93) 38.304ms
[64.331s][info][gc          ] Allocation Stall (finagle/netty4-2-30) 37.760ms
[64.331s][info][gc          ] Allocation Stall (finagle/netty4-2-90) 38.199ms
[64.331s][info][gc          ] Allocation Stall (finagle/netty4-2-89) 37.732ms
[64.331s][info][gc          ] Allocation Stall (finagle/netty4-2-56) 37.115ms
[64.331s][info][gc          ] Allocation Stall (finagle-http-worker-37) 37.172ms
[64.331s][info][gc          ] Allocation Stall (finagle/netty4-2-5) 38.685ms
[64.331s][info][gc          ] Allocation Stall (finagle/netty4-2-66) 38.027ms
[64.342s][info][gc,phases   ] GC(516) Concurrent Select Relocation Set 11.107ms
[64.342s][info][gc,phases   ] GC(516) Pause Relocate Start 0.013ms
[64.351s][info][gc,phases   ] GC(516) Concurrent Relocate 7.539ms
[64.351s][info][gc,load     ] GC(516) Load: 0.00/0.00/0.00
[64.351s][info][gc,mmu      ] GC(516) MMU: 2ms/95.9%, 5ms/98.4%, 10ms/99.2%, 20ms/99.6%, 50ms/99.8%, 100ms/99.9%
[64.351s][info][gc,marking  ] GC(516) Mark: 8 stripe(s), 3 proactive flush(es), 1 terminate flush(es), 0 completion(s), 0 continuation(s) 
[64.351s][info][gc,marking  ] GC(516) Mark Stack Usage: 32M
[64.351s][info][gc,nmethod  ] GC(516) NMethods: 5074 registered, 37 unregistered
[64.351s][info][gc,metaspace] GC(516) Metaspace: 72M used, 73M committed, 1088M reserved
[64.351s][info][gc,ref      ] GC(516) Soft: 2442 encountered, 0 discovered, 0 enqueued
[64.351s][info][gc,ref      ] GC(516) Weak: 10819 encountered, 1772 discovered, 0 enqueued
[64.351s][info][gc,ref      ] GC(516) Final: 289 encountered, 11 discovered, 0 enqueued
[64.351s][info][gc,ref      ] GC(516) Phantom: 424 encountered, 264 discovered, 0 enqueued
[64.351s][info][gc,reloc    ] GC(516) Small Pages: 274 / 548M, Empty: 214M, Relocated: 8M, In-Place: 0
[64.351s][info][gc,reloc    ] GC(516) Medium Pages: 0 / 0M, Empty: 0M, Relocated: 0M, In-Place: 0
[64.351s][info][gc,reloc    ] GC(516) Large Pages: 0 / 0M, Empty: 0M, Relocated: 0M, In-Place: 0
[64.351s][info][gc,reloc    ] GC(516) Forwarding Usage: 3M
[64.351s][info][gc,heap     ] GC(516) Min Capacity: 8M(1%)
[64.351s][info][gc,heap     ] GC(516) Max Capacity: 1024M(100%)
[64.351s][info][gc,heap     ] GC(516) Soft Max Capacity: 1024M(100%)
[64.351s][info][gc,heap     ] GC(516)                Mark Start          Mark End        Relocate Start      Relocate End           High               Low         
[64.351s][info][gc,heap     ] GC(516)  Capacity:     1024M (100%)       1024M (100%)       1024M (100%)       1024M (100%)       1024M (100%)       1024M (100%)   
[64.351s][info][gc,heap     ] GC(516)      Free:      476M (46%)           0M (0%)          178M (17%)         434M (42%)         476M (46%)           0M (0%)     
[64.351s][info][gc,heap     ] GC(516)      Used:      548M (54%)        1024M (100%)        846M (83%)         590M (58%)        1024M (100%)        548M (54%)    
[64.351s][info][gc,heap     ] GC(516)      Live:         -                50M (5%)           50M (5%)           50M (5%)             -                  -          
[64.351s][info][gc,heap     ] GC(516) Allocated:         -               476M (46%)         512M (50%)         517M (51%)            -                  -          
[64.351s][info][gc,heap     ] GC(516)   Garbage:         -               497M (49%)         283M (28%)          22M (2%)             -                  -          
[64.351s][info][gc,heap     ] GC(516) Reclaimed:         -                  -               214M (21%)         475M (46%)            -                  -          
[64.351s][info][gc          ] GC(516) Garbage Collection (Allocation Rate) 548M(54%)->590M(58%)
[64.396s][info][gc,start    ] GC(517) Garbage Collection (Allocation Stall)
[64.396s][info][gc,ref      ] GC(517) Clearing All SoftReferences
[64.396s][info][gc,task     ] GC(517) Using 10 workers
[64.396s][info][gc,ref      ] GC(517) Clearing All SoftReferences
[64.396s][info][gc,phases   ] GC(517) Pause Mark Start 0.048ms
[64.419s][info][gc,phases   ] GC(517) Concurrent Mark 22.444ms
[64.419s][info][gc,phases   ] GC(517) Pause Mark End 0.033ms
[64.419s][info][gc,phases   ] GC(517) Concurrent Mark Free 0.001ms
[64.445s][info][gc,phases   ] GC(517) Concurrent Process Non-Strong References 25.275ms
[64.445s][info][gc,phases   ] GC(517) Concurrent Reset Relocation Set 0.022ms
[64.445s][info][gc          ] Allocation Stall (finagle-http-worker-39) 2.205ms
[64.445s][info][gc          ] Allocation Stall (finagle/netty4-2-73) 0.771ms
[64.445s][info][gc          ] Allocation Stall (finagle/netty4-2-54) 0.965ms
[64.445s][info][gc          ] Allocation Stall (finagle-http-worker-11) 1.991ms
[64.445s][info][gc          ] Allocation Stall (finagle/netty4-2-55) 1.432ms
[64.445s][info][gc          ] Allocation Stall (finagle/netty4-2-67) 1.028ms
[64.445s][info][gc          ] Allocation Stall (finagle-http-worker-4) 0.878ms
[64.445s][info][gc          ] Allocation Stall (finagle/netty4-2-31) 1.048ms
[64.445s][info][gc          ] Allocation Stall (finagle/netty4-2-74) 1.204ms
[64.445s][info][gc          ] Allocation Stall (finagle/netty4-2-96) 1.653ms
[64.445s][info][gc          ] Allocation Stall (finagle/netty4-2-95) 1.721ms
[64.445s][info][gc          ] Allocation Stall (finagle/netty4-2-80) 2.887ms
[64.445s][info][gc          ] Allocation Stall (finagle/netty4-2-68) 1.717ms
[64.445s][info][gc          ] Allocation Stall (finagle-http-worker-34) 2.855ms
[64.445s][info][gc          ] Allocation Stall (finagle/netty4-2-56) 1.496ms
[64.445s][info][gc          ] Allocation Stall (finagle/netty4-2-50) 1.265ms
[64.445s][info][gc          ] Allocation Stall (finagle/netty4-2-59) 0.763ms
[64.445s][info][gc          ] Allocation Stall (finagle-http-worker-3) 1.280ms
[64.445s][info][gc          ] Allocation Stall (finagle/netty4-2-65) 2.861ms
[64.445s][info][gc          ] Allocation Stall (finagle/netty4-2-53) 1.062ms
[64.445s][info][gc          ] Allocation Stall (finagle/netty4-2-34) 1.234ms
[64.445s][info][gc          ] Allocation Stall (finagle/netty4-2-42) 1.907ms
[64.445s][info][gc          ] Allocation Stall (finagle/netty4-2-63) 1.312ms
[64.445s][info][gc          ] Allocation Stall (finagle-http-worker-23) 2.837ms
[64.445s][info][gc          ] Allocation Stall (finagle/netty4-2-66) 1.800ms
[64.445s][info][gc          ] Allocation Stall (finagle/netty4-2-84) 0.778ms
[64.445s][info][gc          ] Allocation Stall (finagle/netty4-2-93) 2.501ms
[64.445s][info][gc          ] Allocation Stall (finagle/netty4-2-79) 2.464ms
[64.445s][info][gc          ] Allocation Stall (finagle/netty4-2-15) 1.770ms
[64.445s][info][gc          ] Allocation Stall (finagle/netty4-2-82) 2.212ms
[64.445s][info][gc          ] Allocation Stall (finagle/netty4-2-89) 2.448ms
[64.445s][info][gc          ] Allocation Stall (finagle/netty4-2-75) 0.802ms
[64.445s][info][gc          ] Allocation Stall (finagle/netty4-2-78) 2.569ms
[64.445s][info][gc          ] Allocation Stall (finagle-http-worker-26) 1.756ms
[64.445s][info][gc          ] Allocation Stall (finagle/netty4-2-92) 1.966ms
[64.445s][info][gc          ] Allocation Stall (finagle/netty4-2-26) 1.609ms
[64.445s][info][gc          ] Allocation Stall (finagle-http-worker-28) 2.949ms
[64.445s][info][gc          ] Allocation Stall (finagle/netty4-2-52) 2.192ms
[64.445s][info][gc          ] Allocation Stall (finagle/netty4-2-61) 2.589ms
[64.445s][info][gc          ] Allocation Stall (finagle/netty4-2-38) 1.277ms
[64.445s][info][gc          ] Allocation Stall (finagle/netty4-2-72) 2.837ms
[64.445s][info][gc          ] Allocation Stall (finagle/netty4-2-83) 2.438ms
[64.445s][info][gc          ] Allocation Stall (finagle/netty4-2-45) 2.742ms
[64.445s][info][gc          ] Allocation Stall (finagle/netty4-2-60) 2.554ms
[64.445s][info][gc          ] Allocation Stall (finagle-http-worker-47) 2.688ms
[64.445s][info][gc          ] Allocation Stall (finagle/netty4-2-85) 2.099ms
[64.445s][info][gc          ] Allocation Stall (finagle/netty4-2-4) 2.605ms
[64.445s][info][gc          ] Allocation Stall (finagle-http-worker-27) 1.818ms
[64.454s][info][gc,phases   ] GC(517) Concurrent Select Relocation Set 9.193ms
[64.454s][info][gc,phases   ] GC(517) Pause Relocate Start 0.010ms
[64.461s][info][gc,phases   ] GC(517) Concurrent Relocate 6.058ms
[64.461s][info][gc,load     ] GC(517) Load: 0.00/0.00/0.00
[64.461s][info][gc,mmu      ] GC(517) MMU: 2ms/95.9%, 5ms/98.4%, 10ms/99.2%, 20ms/99.6%, 50ms/99.8%, 100ms/99.9%
[64.461s][info][gc,marking  ] GC(517) Mark: 8 stripe(s), 3 proactive flush(es), 1 terminate flush(es), 0 completion(s), 0 continuation(s) 
[64.461s][info][gc,marking  ] GC(517) Mark Stack Usage: 32M
[64.461s][info][gc,nmethod  ] GC(517) NMethods: 5074 registered, 37 unregistered
[64.461s][info][gc,metaspace] GC(517) Metaspace: 72M used, 73M committed, 1088M reserved
[64.461s][info][gc,ref      ] GC(517) Soft: 2439 encountered, 2246 discovered, 50 enqueued
[64.461s][info][gc,ref      ] GC(517) Weak: 10819 encountered, 1528 discovered, 4 enqueued
[64.461s][info][gc,ref      ] GC(517) Final: 289 encountered, 73 discovered, 0 enqueued
[64.461s][info][gc,ref      ] GC(517) Phantom: 424 encountered, 344 discovered, 0 enqueued
[64.461s][info][gc,reloc    ] GC(517) Small Pages: 404 / 808M, Empty: 458M, Relocated: 8M, In-Place: 0
[64.461s][info][gc,reloc    ] GC(517) Medium Pages: 0 / 0M, Empty: 0M, Relocated: 0M, In-Place: 0
[64.461s][info][gc,reloc    ] GC(517) Large Pages: 0 / 0M, Empty: 0M, Relocated: 0M, In-Place: 0
[64.461s][info][gc,reloc    ] GC(517) Forwarding Usage: 3M
[64.461s][info][gc,heap     ] GC(517) Min Capacity: 8M(1%)
[64.461s][info][gc,heap     ] GC(517) Max Capacity: 1024M(100%)
[64.461s][info][gc,heap     ] GC(517) Soft Max Capacity: 1024M(100%)
[64.461s][info][gc,heap     ] GC(517)                Mark Start          Mark End        Relocate Start      Relocate End           High               Low         
[64.461s][info][gc,heap     ] GC(517)  Capacity:     1024M (100%)       1024M (100%)       1024M (100%)       1024M (100%)       1024M (100%)       1024M (100%)   
[64.461s][info][gc,heap     ] GC(517)      Free:      216M (21%)         104M (10%)         406M (40%)         666M (65%)         676M (66%)           0M (0%)     
[64.461s][info][gc,heap     ] GC(517)      Used:      808M (79%)         920M (90%)         618M (60%)         358M (35%)        1024M (100%)        348M (34%)    
[64.461s][info][gc,heap     ] GC(517)      Live:         -                50M (5%)           50M (5%)           50M (5%)             -                  -          
[64.461s][info][gc,heap     ] GC(517) Allocated:         -               112M (11%)         268M (26%)         285M (28%)            -                  -          
[64.461s][info][gc,heap     ] GC(517)   Garbage:         -               757M (74%)         299M (29%)          22M (2%)             -                  -          
[64.461s][info][gc,heap     ] GC(517) Reclaimed:         -                  -               458M (45%)         735M (72%)            -                  -          
[64.461s][info][gc          ] GC(517) Garbage Collection (Allocation Stall) 808M(79%)->358M(35%)
[64.497s][info][gc,start    ] GC(518) Garbage Collection (Allocation Stall)
[64.497s][info][gc,ref      ] GC(518) Clearing All SoftReferences
[64.497s][info][gc,task     ] GC(518) Using 10 workers
[64.497s][info][gc,ref      ] GC(518) Clearing All SoftReferences
[64.497s][info][gc,phases   ] GC(518) Pause Mark Start 0.046ms
[64.521s][info][gc,phases   ] GC(518) Concurrent Mark 23.422ms
[64.521s][info][gc,phases   ] GC(518) Pause Mark End 0.024ms
[64.521s][info][gc,phases   ] GC(518) Concurrent Mark Free 0.001ms
[64.525s][info][gc,phases   ] GC(518) Concurrent Process Non-Strong References 3.136ms
[64.525s][info][gc,phases   ] GC(518) Concurrent Reset Relocation Set 0.034ms
[64.530s][info][gc,phases   ] GC(518) Concurrent Select Relocation Set 4.855ms
[64.530s][info][gc,phases   ] GC(518) Pause Relocate Start 0.011ms
[64.538s][info][gc,phases   ] GC(518) Concurrent Relocate 7.241ms
[64.538s][info][gc,load     ] GC(518) Load: 0.00/0.00/0.00
[64.538s][info][gc,mmu      ] GC(518) MMU: 2ms/95.9%, 5ms/98.4%, 10ms/99.2%, 20ms/99.6%, 50ms/99.8%, 100ms/99.9%
[64.538s][info][gc,marking  ] GC(518) Mark: 8 stripe(s), 3 proactive flush(es), 1 terminate flush(es), 0 completion(s), 0 continuation(s) 
[64.538s][info][gc,marking  ] GC(518) Mark Stack Usage: 32M
[64.538s][info][gc,nmethod  ] GC(518) NMethods: 5074 registered, 37 unregistered
[64.538s][info][gc,metaspace] GC(518) Metaspace: 72M used, 73M committed, 1088M reserved
[64.539s][info][gc,ref      ] GC(518) Soft: 2389 encountered, 1280 discovered, 0 enqueued
[64.539s][info][gc,ref      ] GC(518) Weak: 10815 encountered, 2270 discovered, 0 enqueued
[64.539s][info][gc,ref      ] GC(518) Final: 289 encountered, 22 discovered, 0 enqueued
[64.539s][info][gc,ref      ] GC(518) Phantom: 424 encountered, 304 discovered, 0 enqueued
[64.539s][info][gc,reloc    ] GC(518) Small Pages: 271 / 542M, Empty: 218M, Relocated: 8M, In-Place: 0
[64.539s][info][gc,reloc    ] GC(518) Medium Pages: 0 / 0M, Empty: 0M, Relocated: 0M, In-Place: 0
[64.539s][info][gc,reloc    ] GC(518) Large Pages: 0 / 0M, Empty: 0M, Relocated: 0M, In-Place: 0
[64.539s][info][gc,reloc    ] GC(518) Forwarding Usage: 3M
[64.539s][info][gc,heap     ] GC(518) Min Capacity: 8M(1%)
[64.539s][info][gc,heap     ] GC(518) Max Capacity: 1024M(100%)
[64.539s][info][gc,heap     ] GC(518) Soft Max Capacity: 1024M(100%)
[64.539s][info][gc,heap     ] GC(518)                Mark Start          Mark End        Relocate Start      Relocate End           High               Low         
[64.539s][info][gc,heap     ] GC(518)  Capacity:     1024M (100%)       1024M (100%)       1024M (100%)       1024M (100%)       1024M (100%)       1024M (100%)   
[64.539s][info][gc,heap     ] GC(518)      Free:      482M (47%)         372M (36%)         550M (54%)         774M (76%)         790M (77%)         354M (35%)    
[64.539s][info][gc,heap     ] GC(518)      Used:      542M (53%)         652M (64%)         474M (46%)         250M (24%)         670M (65%)         234M (23%)    
[64.539s][info][gc,heap     ] GC(518)      Live:         -                50M (5%)           50M (5%)           50M (5%)             -                  -          
[64.539s][info][gc,heap     ] GC(518) Allocated:         -               110M (11%)         150M (15%)         177M (17%)            -                  -          
[64.539s][info][gc,heap     ] GC(518)   Garbage:         -               491M (48%)         273M (27%)          22M (2%)             -                  -          
[64.539s][info][gc,heap     ] GC(518) Reclaimed:         -                  -               218M (21%)         469M (46%)            -                  -          
[64.539s][info][gc          ] GC(518) Garbage Collection (Allocation Stall) 542M(53%)->250M(24%)
[64.596s][info][gc,start    ] GC(519) Garbage Collection (Allocation Rate)
[64.596s][info][gc,task     ] GC(519) Using 10 workers
[64.596s][info][gc,phases   ] GC(519) Pause Mark Start 0.011ms
[64.618s][info][gc,phases   ] GC(519) Concurrent Mark 21.210ms
[64.618s][info][gc,phases   ] GC(519) Pause Mark End 0.033ms
[64.620s][info][gc,phases   ] GC(519) Concurrent Mark Free 0.002ms
[64.622s][info][gc,phases   ] GC(519) Concurrent Process Non-Strong References 2.697ms
[64.623s][info][gc,phases   ] GC(519) Concurrent Reset Relocation Set 0.045ms
[64.633s][info][gc,phases   ] GC(519) Concurrent Select Relocation Set 10.036ms
[64.633s][info][gc,phases   ] GC(519) Pause Relocate Start 0.010ms
[64.638s][info][gc,phases   ] GC(519) Concurrent Relocate 4.642ms
[64.638s][info][gc,load     ] GC(519) Load: 0.00/0.00/0.00
[64.638s][info][gc,mmu      ] GC(519) MMU: 2ms/95.9%, 5ms/98.4%, 10ms/99.2%, 20ms/99.6%, 50ms/99.8%, 100ms/99.9%
[64.638s][info][gc,marking  ] GC(519) Mark: 8 stripe(s), 4 proactive flush(es), 1 terminate flush(es), 0 completion(s), 0 continuation(s) 
[64.638s][info][gc,marking  ] GC(519) Mark Stack Usage: 32M
[64.638s][info][gc,nmethod  ] GC(519) NMethods: 5074 registered, 37 unregistered
[64.638s][info][gc,metaspace] GC(519) Metaspace: 72M used, 73M committed, 1088M reserved
[64.638s][info][gc,ref      ] GC(519) Soft: 2389 encountered, 0 discovered, 0 enqueued
[64.638s][info][gc,ref      ] GC(519) Weak: 10815 encountered, 1884 discovered, 0 enqueued
[64.638s][info][gc,ref      ] GC(519) Final: 289 encountered, 47 discovered, 0 enqueued
[64.638s][info][gc,ref      ] GC(519) Phantom: 424 encountered, 355 discovered, 0 enqueued
[64.638s][info][gc,reloc    ] GC(519) Small Pages: 269 / 538M, Empty: 206M, Relocated: 8M, In-Place: 0
[64.638s][info][gc,reloc    ] GC(519) Medium Pages: 0 / 0M, Empty: 0M, Relocated: 0M, In-Place: 0
[64.638s][info][gc,reloc    ] GC(519) Large Pages: 0 / 0M, Empty: 0M, Relocated: 0M, In-Place: 0
[64.638s][info][gc,reloc    ] GC(519) Forwarding Usage: 3M
[64.638s][info][gc,heap     ] GC(519) Min Capacity: 8M(1%)
[64.638s][info][gc,heap     ] GC(519) Max Capacity: 1024M(100%)
[64.638s][info][gc,heap     ] GC(519) Soft Max Capacity: 1024M(100%)
[64.638s][info][gc,heap     ] GC(519)                Mark Start          Mark End        Relocate Start      Relocate End           High               Low         
[64.638s][info][gc,heap     ] GC(519)  Capacity:     1024M (100%)       1024M (100%)       1024M (100%)       1024M (100%)       1024M (100%)       1024M (100%)   
[64.639s][info][gc,heap     ] GC(519)      Free:      486M (47%)         382M (37%)         522M (51%)         770M (75%)         770M (75%)         362M (35%)    
[64.639s][info][gc,heap     ] GC(519)      Used:      538M (53%)         642M (63%)         502M (49%)         254M (25%)         662M (65%)         254M (25%)    
[64.639s][info][gc,heap     ] GC(519)      Live:         -                50M (5%)           50M (5%)           50M (5%)             -                  -          
[64.639s][info][gc,heap     ] GC(519) Allocated:         -               104M (10%)         170M (17%)         181M (18%)            -                  -          
[64.639s][info][gc,heap     ] GC(519)   Garbage:         -               487M (48%)         281M (28%)          22M (2%)             -                  -          
[64.639s][info][gc,heap     ] GC(519) Reclaimed:         -                  -               206M (20%)         465M (45%)            -                  -          
[64.639s][info][gc          ] GC(519) Garbage Collection (Allocation Rate) 538M(53%)->254M(25%)
[64.696s][info][gc,start    ] GC(520) Garbage Collection (Allocation Rate)
[64.696s][info][gc,task     ] GC(520) Using 10 workers
[64.696s][info][gc,phases   ] GC(520) Pause Mark Start 0.010ms
[64.721s][info][gc,phases   ] GC(520) Concurrent Mark 24.168ms
[64.721s][info][gc,phases   ] GC(520) Pause Mark End 0.031ms
