[0.017s][info][gc,init] Initializing The Z Garbage Collector
[0.017s][info][gc,init] Version: 20+36-2344 (release)
[0.017s][info][gc,init] NUMA Support: Disabled
[0.017s][info][gc,init] CPUs: 48 total, 48 available
[0.018s][info][gc,init] Memory: 391843M
[0.018s][info][gc,init] Large Page Support: Disabled
[0.018s][info][gc,init] GC Workers: 12 (dynamic)
[0.019s][info][gc,init] Address Space Type: Contiguous/Unrestricted/Complete
[0.019s][info][gc,init] Address Space Size: 65536M x 3 = 196608M
[0.020s][info][gc,init] Min Capacity: 8M
[0.020s][info][gc,init] Initial Capacity: 2048M
[0.030s][info][gc,init] Max Capacity: 4096M
[0.030s][info][gc,init] Medium Page Size: 32M
[0.031s][info][gc,init] Pre-touch: Disabled
[0.031s][info][gc,init] Uncommit: Enabled
[0.031s][info][gc,init] Uncommit Delay: 300s
[0.108s][info][gc,init] Runtime Workers: 29
[0.111s][info][gc     ] Using The Z Garbage Collector
[0.112s][info][gc,metaspace] CDS archive(s) mapped at: [0x0000000800000000-0x0000000800c60000-0x0000000800c60000), size 12976128, SharedBaseAddress: 0x0000000800000000, ArchiveRelocationMode: 0.
[0.112s][info][gc,metaspace] Compressed class space mapped at: 0x0000000801000000-0x0000000841000000, reserved size: 1073741824
[0.112s][info][gc,metaspace] Narrow klass base: 0x0000000800000000, Narrow klass shift: 0, Narrow klass range: 0x100000000
[4.469s][info][gc,start    ] GC(0) Garbage Collection (Metadata GC Threshold)
[4.469s][info][gc,task     ] GC(0) Using 12 workers
[4.470s][info][gc,phases   ] GC(0) Pause Mark Start 0.017ms
[4.486s][info][gc,phases   ] GC(0) Concurrent Mark 16.571ms
[4.486s][info][gc,phases   ] GC(0) Pause Mark End 0.031ms
[4.487s][info][gc,phases   ] GC(0) Concurrent Mark Free 0.001ms
[4.488s][info][gc,phases   ] GC(0) Concurrent Process Non-Strong References 1.699ms
[4.488s][info][gc,phases   ] GC(0) Concurrent Reset Relocation Set 0.000ms
[4.504s][info][gc,phases   ] GC(0) Concurrent Select Relocation Set 15.374ms
[4.504s][info][gc,phases   ] GC(0) Pause Relocate Start 0.010ms
[4.509s][info][gc,phases   ] GC(0) Concurrent Relocate 5.124ms
[4.509s][info][gc,load     ] GC(0) Load: 0.00/0.00/0.00
[4.509s][info][gc,mmu      ] GC(0) MMU: 2ms/98.4%, 5ms/99.4%, 10ms/99.7%, 20ms/99.8%, 50ms/99.9%, 100ms/99.9%
[4.509s][info][gc,marking  ] GC(0) Mark: 8 stripe(s), 5 proactive flush(es), 1 terminate flush(es), 0 completion(s), 0 continuation(s) 
[4.509s][info][gc,marking  ] GC(0) Mark Stack Usage: 32M
[4.509s][info][gc,nmethod  ] GC(0) NMethods: 1653 registered, 271 unregistered
[4.509s][info][gc,metaspace] GC(0) Metaspace: 21M used, 21M committed, 1088M reserved
[4.509s][info][gc,ref      ] GC(0) Soft: 3349 encountered, 0 discovered, 0 enqueued
[4.509s][info][gc,ref      ] GC(0) Weak: 1372 encountered, 474 discovered, 444 enqueued
[4.509s][info][gc,ref      ] GC(0) Final: 1 encountered, 0 discovered, 0 enqueued
[4.509s][info][gc,ref      ] GC(0) Phantom: 521 encountered, 473 discovered, 299 enqueued
[4.509s][info][gc,reloc    ] GC(0) Small Pages: 49 / 98M, Empty: 0M, Relocated: 6M, In-Place: 0
[4.509s][info][gc,reloc    ] GC(0) Medium Pages: 0 / 0M, Empty: 0M, Relocated: 0M, In-Place: 0
[4.509s][info][gc,reloc    ] GC(0) Large Pages: 0 / 0M, Empty: 0M, Relocated: 0M, In-Place: 0
[4.509s][info][gc,reloc    ] GC(0) Forwarding Usage: 2M
[4.509s][info][gc,heap     ] GC(0) Min Capacity: 8M(0%)
[4.509s][info][gc,heap     ] GC(0) Max Capacity: 4096M(100%)
[4.509s][info][gc,heap     ] GC(0) Soft Max Capacity: 4096M(100%)
[4.510s][info][gc,heap     ] GC(0)                Mark Start          Mark End        Relocate Start      Relocate End           High               Low         
[4.510s][info][gc,heap     ] GC(0)  Capacity:     2048M (50%)        2048M (50%)        2048M (50%)        2048M (50%)        2048M (50%)        2048M (50%)    
[4.510s][info][gc,heap     ] GC(0)      Free:     3998M (98%)        3996M (98%)        3990M (97%)        4054M (99%)        4054M (99%)        3970M (97%)    
[4.510s][info][gc,heap     ] GC(0)      Used:       98M (2%)          100M (2%)          106M (3%)           42M (1%)          126M (3%)           42M (1%)     
[4.510s][info][gc,heap     ] GC(0)      Live:         -                 9M (0%)            9M (0%)            9M (0%)             -                  -          
[4.510s][info][gc,heap     ] GC(0) Allocated:         -                 2M (0%)            8M (0%)           13M (0%)             -                  -          
[4.510s][info][gc,heap     ] GC(0)   Garbage:         -                88M (2%)           88M (2%)           18M (0%)             -                  -          
[4.510s][info][gc,heap     ] GC(0) Reclaimed:         -                  -                 0M (0%)           69M (2%)             -                  -          
[4.510s][info][gc          ] GC(0) Garbage Collection (Metadata GC Threshold) 98M(2%)->42M(1%)
[5.205s][info][gc,start    ] GC(1) Garbage Collection (System.gc())
[5.205s][info][gc,task     ] GC(1) Using 12 workers
[5.206s][info][gc,phases   ] GC(1) Pause Mark Start 0.015ms
[5.228s][info][gc,phases   ] GC(1) Concurrent Mark 21.614ms
[5.228s][info][gc,phases   ] GC(1) Pause Mark End 0.022ms
[5.228s][info][gc,phases   ] GC(1) Concurrent Mark Free 0.001ms
[5.230s][info][gc,phases   ] GC(1) Concurrent Process Non-Strong References 1.720ms
[5.230s][info][gc,phases   ] GC(1) Concurrent Reset Relocation Set 0.006ms
[5.237s][info][gc,phases   ] GC(1) Concurrent Select Relocation Set 6.948ms
[5.237s][info][gc,phases   ] GC(1) Pause Relocate Start 0.009ms
[5.242s][info][gc,phases   ] GC(1) Concurrent Relocate 4.651ms
[5.242s][info][gc,load     ] GC(1) Load: 0.00/0.00/0.00
[5.242s][info][gc,mmu      ] GC(1) MMU: 2ms/98.4%, 5ms/99.4%, 10ms/99.7%, 20ms/99.8%, 50ms/99.9%, 100ms/99.9%
[5.242s][info][gc,marking  ] GC(1) Mark: 8 stripe(s), 2 proactive flush(es), 1 terminate flush(es), 0 completion(s), 0 continuation(s) 
[5.242s][info][gc,marking  ] GC(1) Mark Stack Usage: 32M
[5.242s][info][gc,nmethod  ] GC(1) NMethods: 2313 registered, 383 unregistered
[5.242s][info][gc,metaspace] GC(1) Metaspace: 29M used, 30M committed, 1088M reserved
[5.242s][info][gc,ref      ] GC(1) Soft: 3578 encountered, 0 discovered, 0 enqueued
[5.242s][info][gc,ref      ] GC(1) Weak: 2254 encountered, 689 discovered, 509 enqueued
[5.242s][info][gc,ref      ] GC(1) Final: 193 encountered, 0 discovered, 0 enqueued
[5.242s][info][gc,ref      ] GC(1) Phantom: 515 encountered, 398 discovered, 290 enqueued
[5.242s][info][gc,reloc    ] GC(1) Small Pages: 54 / 108M, Empty: 0M, Relocated: 10M, In-Place: 0
[5.242s][info][gc,reloc    ] GC(1) Medium Pages: 0 / 0M, Empty: 0M, Relocated: 0M, In-Place: 0
[5.242s][info][gc,reloc    ] GC(1) Large Pages: 0 / 0M, Empty: 0M, Relocated: 0M, In-Place: 0
[5.243s][info][gc,reloc    ] GC(1) Forwarding Usage: 3M
[5.243s][info][gc,heap     ] GC(1) Min Capacity: 8M(0%)
[5.243s][info][gc,heap     ] GC(1) Max Capacity: 4096M(100%)
[5.243s][info][gc,heap     ] GC(1) Soft Max Capacity: 4096M(100%)
[5.243s][info][gc,heap     ] GC(1)                Mark Start          Mark End        Relocate Start      Relocate End           High               Low         
[5.243s][info][gc,heap     ] GC(1)  Capacity:     2048M (50%)        2048M (50%)        2048M (50%)        2048M (50%)        2048M (50%)        2048M (50%)    
[5.243s][info][gc,heap     ] GC(1)      Free:     3988M (97%)        3984M (97%)        3978M (97%)        4052M (99%)        4052M (99%)        3968M (97%)    
[5.243s][info][gc,heap     ] GC(1)      Used:      108M (3%)          112M (3%)          118M (3%)           44M (1%)          128M (3%)           44M (1%)     
[5.243s][info][gc,heap     ] GC(1)      Live:         -                15M (0%)           15M (0%)           15M (0%)             -                  -          
[5.243s][info][gc,heap     ] GC(1) Allocated:         -                 4M (0%)           10M (0%)           11M (0%)             -                  -          
[5.243s][info][gc,heap     ] GC(1)   Garbage:         -                92M (2%)           92M (2%)           16M (0%)             -                  -          
[5.243s][info][gc,heap     ] GC(1) Reclaimed:         -                  -                 0M (0%)           75M (2%)             -                  -          
[5.243s][info][gc          ] GC(1) Garbage Collection (System.gc()) 108M(3%)->44M(1%)
[6.519s][info][gc,start    ] GC(2) Garbage Collection (Metadata GC Threshold)
[6.519s][info][gc,task     ] GC(2) Using 12 workers
[6.519s][info][gc,phases   ] GC(2) Pause Mark Start 0.013ms
[6.546s][info][gc,phases   ] GC(2) Concurrent Mark 26.304ms
[6.546s][info][gc,phases   ] GC(2) Pause Mark End 0.042ms
[6.546s][info][gc,phases   ] GC(2) Concurrent Mark Free 0.001ms
[6.563s][info][gc,phases   ] GC(2) Concurrent Process Non-Strong References 16.887ms
[6.563s][info][gc,phases   ] GC(2) Concurrent Reset Relocation Set 0.009ms
[6.571s][info][gc,phases   ] GC(2) Concurrent Select Relocation Set 7.763ms
[6.572s][info][gc,phases   ] GC(2) Pause Relocate Start 0.007ms
[6.581s][info][gc,phases   ] GC(2) Concurrent Relocate 8.164ms
[6.581s][info][gc,load     ] GC(2) Load: 0.00/0.00/0.00
[6.581s][info][gc,mmu      ] GC(2) MMU: 2ms/97.9%, 5ms/99.2%, 10ms/99.6%, 20ms/99.8%, 50ms/99.9%, 100ms/99.9%
[6.581s][info][gc,marking  ] GC(2) Mark: 8 stripe(s), 2 proactive flush(es), 1 terminate flush(es), 1 completion(s), 0 continuation(s) 
[6.581s][info][gc,marking  ] GC(2) Mark Stack Usage: 32M
[6.581s][info][gc,nmethod  ] GC(2) NMethods: 3454 registered, 266 unregistered
[6.581s][info][gc,metaspace] GC(2) Metaspace: 49M used, 50M committed, 1088M reserved
[6.581s][info][gc,ref      ] GC(2) Soft: 3653 encountered, 0 discovered, 0 enqueued
[6.581s][info][gc,ref      ] GC(2) Weak: 8689 encountered, 5968 discovered, 5431 enqueued
[6.581s][info][gc,ref      ] GC(2) Final: 193 encountered, 0 discovered, 0 enqueued
[6.581s][info][gc,ref      ] GC(2) Phantom: 5607 encountered, 5545 discovered, 5381 enqueued
[6.581s][info][gc,reloc    ] GC(2) Small Pages: 115 / 230M, Empty: 0M, Relocated: 10M, In-Place: 0
[6.581s][info][gc,reloc    ] GC(2) Medium Pages: 0 / 0M, Empty: 0M, Relocated: 0M, In-Place: 0
[6.581s][info][gc,reloc    ] GC(2) Large Pages: 0 / 0M, Empty: 0M, Relocated: 0M, In-Place: 0
[6.581s][info][gc,reloc    ] GC(2) Forwarding Usage: 3M
[6.581s][info][gc,heap     ] GC(2) Min Capacity: 8M(0%)
[6.581s][info][gc,heap     ] GC(2) Max Capacity: 4096M(100%)
[6.581s][info][gc,heap     ] GC(2) Soft Max Capacity: 4096M(100%)
[6.581s][info][gc,heap     ] GC(2)                Mark Start          Mark End        Relocate Start      Relocate End           High               Low         
[6.581s][info][gc,heap     ] GC(2)  Capacity:     2048M (50%)        2048M (50%)        2048M (50%)        2048M (50%)        2048M (50%)        2048M (50%)    
[6.581s][info][gc,heap     ] GC(2)      Free:     3866M (94%)        3786M (92%)        3784M (92%)        3962M (97%)        3962M (97%)        3758M (92%)    
[6.581s][info][gc,heap     ] GC(2)      Used:      230M (6%)          310M (8%)          312M (8%)          134M (3%)          338M (8%)          134M (3%)     
[6.581s][info][gc,heap     ] GC(2)      Live:         -                21M (1%)           21M (1%)           21M (1%)             -                  -          
[6.581s][info][gc,heap     ] GC(2) Allocated:         -                80M (2%)           82M (2%)           92M (2%)             -                  -          
[6.581s][info][gc,heap     ] GC(2)   Garbage:         -               208M (5%)          208M (5%)           19M (0%)             -                  -          
[6.581s][info][gc,heap     ] GC(2) Reclaimed:         -                  -                 0M (0%)          188M (5%)             -                  -          
[6.581s][info][gc          ] GC(2) Garbage Collection (Metadata GC Threshold) 230M(6%)->134M(3%)
[8.234s][info][gc,start    ] GC(3) Garbage Collection (Warmup)
[8.234s][info][gc,task     ] GC(3) Using 12 workers
[8.234s][info][gc,phases   ] GC(3) Pause Mark Start 0.010ms
[8.302s][info][gc,phases   ] GC(3) Concurrent Mark 67.267ms
[8.303s][info][gc,phases   ] GC(3) Pause Mark End 0.028ms
[8.309s][info][gc,phases   ] GC(3) Concurrent Mark Free 0.002ms
[8.347s][info][gc,phases   ] GC(3) Concurrent Process Non-Strong References 38.085ms
[8.348s][info][gc,phases   ] GC(3) Concurrent Reset Relocation Set 0.041ms
[8.361s][info][gc,phases   ] GC(3) Concurrent Select Relocation Set 13.640ms
[8.362s][info][gc,phases   ] GC(3) Pause Relocate Start 0.009ms
[8.389s][info][gc,phases   ] GC(3) Concurrent Relocate 27.336ms
[8.390s][info][gc,load     ] GC(3) Load: 0.00/0.00/0.00
[8.390s][info][gc,mmu      ] GC(3) MMU: 2ms/97.9%, 5ms/99.2%, 10ms/99.6%, 20ms/99.8%, 50ms/99.9%, 100ms/99.9%
[8.390s][info][gc,marking  ] GC(3) Mark: 8 stripe(s), 3 proactive flush(es), 1 terminate flush(es), 0 completion(s), 0 continuation(s) 
[8.390s][info][gc,marking  ] GC(3) Mark Stack Usage: 32M
[8.390s][info][gc,nmethod  ] GC(3) NMethods: 6693 registered, 828 unregistered
[8.390s][info][gc,metaspace] GC(3) Metaspace: 69M used, 70M committed, 1088M reserved
[8.390s][info][gc,ref      ] GC(3) Soft: 3815 encountered, 0 discovered, 0 enqueued
[8.390s][info][gc,ref      ] GC(3) Weak: 15936 encountered, 6640 discovered, 5354 enqueued
[8.390s][info][gc,ref      ] GC(3) Final: 289 encountered, 19 discovered, 0 enqueued
[8.390s][info][gc,ref      ] GC(3) Phantom: 5747 encountered, 5539 discovered, 5325 enqueued
[8.390s][info][gc,reloc    ] GC(3) Small Pages: 229 / 458M, Empty: 0M, Relocated: 40M, In-Place: 0
[8.390s][info][gc,reloc    ] GC(3) Medium Pages: 0 / 0M, Empty: 0M, Relocated: 0M, In-Place: 0
[8.390s][info][gc,reloc    ] GC(3) Large Pages: 0 / 0M, Empty: 0M, Relocated: 0M, In-Place: 0
[8.390s][info][gc,reloc    ] GC(3) Forwarding Usage: 7M
[8.390s][info][gc,heap     ] GC(3) Min Capacity: 8M(0%)
[8.390s][info][gc,heap     ] GC(3) Max Capacity: 4096M(100%)
[8.390s][info][gc,heap     ] GC(3) Soft Max Capacity: 4096M(100%)
[8.390s][info][gc,heap     ] GC(3)                Mark Start          Mark End        Relocate Start      Relocate End           High               Low         
[8.390s][info][gc,heap     ] GC(3)  Capacity:     2048M (50%)        2048M (50%)        2048M (50%)        2048M (50%)        2048M (50%)        2048M (50%)    
[8.390s][info][gc,heap     ] GC(3)      Free:     3638M (89%)        3540M (86%)        3502M (85%)        3876M (95%)        3876M (95%)        3480M (85%)    
[8.390s][info][gc,heap     ] GC(3)      Used:      458M (11%)         556M (14%)         594M (15%)         220M (5%)          616M (15%)         220M (5%)     
[8.390s][info][gc,heap     ] GC(3)      Live:         -                52M (1%)           52M (1%)           52M (1%)             -                  -          
[8.390s][info][gc,heap     ] GC(3) Allocated:         -                98M (2%)          136M (3%)          150M (4%)             -                  -          
[8.390s][info][gc,heap     ] GC(3)   Garbage:         -               405M (10%)         405M (10%)          17M (0%)             -                  -          
[8.390s][info][gc,heap     ] GC(3) Reclaimed:         -                  -                 0M (0%)          388M (9%)             -                  -          
[8.390s][info][gc          ] GC(3) Garbage Collection (Warmup) 458M(11%)->220M(5%)
[9.036s][info][gc,start    ] GC(4) Garbage Collection (Warmup)
[9.036s][info][gc,task     ] GC(4) Using 12 workers
[9.036s][info][gc,phases   ] GC(4) Pause Mark Start 0.010ms
[9.147s][info][gc,phases   ] GC(4) Concurrent Mark 110.676ms
[9.148s][info][gc,phases   ] GC(4) Pause Mark End 0.037ms
[9.209s][info][gc,phases   ] GC(4) Concurrent Mark Free 0.004ms
[9.253s][info][gc,phases   ] GC(4) Concurrent Process Non-Strong References 43.962ms
[9.253s][info][gc,phases   ] GC(4) Concurrent Reset Relocation Set 0.138ms
[9.263s][info][gc,phases   ] GC(4) Concurrent Select Relocation Set 9.499ms
[9.263s][info][gc,phases   ] GC(4) Pause Relocate Start 0.008ms
[9.268s][info][gc,phases   ] GC(4) Concurrent Relocate 4.028ms
[9.268s][info][gc,load     ] GC(4) Load: 0.00/0.00/0.00
[9.268s][info][gc,mmu      ] GC(4) MMU: 2ms/97.9%, 5ms/99.2%, 10ms/99.6%, 20ms/99.8%, 50ms/99.9%, 100ms/99.9%
[9.268s][info][gc,marking  ] GC(4) Mark: 8 stripe(s), 3 proactive flush(es), 1 terminate flush(es), 0 completion(s), 0 continuation(s) 
[9.268s][info][gc,marking  ] GC(4) Mark Stack Usage: 32M
[9.268s][info][gc,nmethod  ] GC(4) NMethods: 7736 registered, 1143 unregistered
[9.268s][info][gc,metaspace] GC(4) Metaspace: 69M used, 70M committed, 1088M reserved
[9.268s][info][gc,ref      ] GC(4) Soft: 3815 encountered, 0 discovered, 0 enqueued
[9.268s][info][gc,ref      ] GC(4) Weak: 10582 encountered, 1663 discovered, 0 enqueued
[9.268s][info][gc,ref      ] GC(4) Final: 289 encountered, 1 discovered, 0 enqueued
[9.268s][info][gc,ref      ] GC(4) Phantom: 422 encountered, 198 discovered, 0 enqueued
[9.268s][info][gc,reloc    ] GC(4) Small Pages: 437 / 874M, Empty: 198M, Relocated: 12M, In-Place: 0
[9.268s][info][gc,reloc    ] GC(4) Medium Pages: 0 / 0M, Empty: 0M, Relocated: 0M, In-Place: 0
[9.268s][info][gc,reloc    ] GC(4) Large Pages: 0 / 0M, Empty: 0M, Relocated: 0M, In-Place: 0
[9.268s][info][gc,reloc    ] GC(4) Forwarding Usage: 2M
[9.268s][info][gc,heap     ] GC(4) Min Capacity: 8M(0%)
[9.268s][info][gc,heap     ] GC(4) Max Capacity: 4096M(100%)
[9.268s][info][gc,heap     ] GC(4) Soft Max Capacity: 4096M(100%)
[9.268s][info][gc,heap     ] GC(4)                Mark Start          Mark End        Relocate Start      Relocate End           High               Low         
[9.268s][info][gc,heap     ] GC(4)  Capacity:     2048M (50%)        2048M (50%)        2048M (50%)        2048M (50%)        2048M (50%)        2048M (50%)    
[9.268s][info][gc,heap     ] GC(4)      Free:     3222M (79%)        3060M (75%)        3112M (76%)        3702M (90%)        3702M (90%)        2928M (71%)    
[9.268s][info][gc,heap     ] GC(4)      Used:      874M (21%)        1036M (25%)         984M (24%)         394M (10%)        1168M (29%)         394M (10%)    
[9.268s][info][gc,heap     ] GC(4)      Live:         -                52M (1%)           52M (1%)           52M (1%)             -                  -          
[9.268s][info][gc,heap     ] GC(4) Allocated:         -               162M (4%)          308M (8%)          321M (8%)             -                  -          
[9.268s][info][gc,heap     ] GC(4)   Garbage:         -               821M (20%)         623M (15%)          20M (1%)             -                  -          
[9.268s][info][gc,heap     ] GC(4) Reclaimed:         -                  -               198M (5%)          801M (20%)            -                  -          
[9.268s][info][gc          ] GC(4) Garbage Collection (Warmup) 874M(21%)->394M(10%)
[9.935s][info][gc,start    ] GC(5) Garbage Collection (Warmup)
[9.935s][info][gc,task     ] GC(5) Using 12 workers
[9.936s][info][gc,phases   ] GC(5) Pause Mark Start 0.010ms
[9.987s][info][gc,phases   ] GC(5) Concurrent Mark 51.072ms
[9.987s][info][gc,phases   ] GC(5) Pause Mark End 0.030ms
[10.041s][info][gc,phases   ] GC(5) Concurrent Mark Free 0.003ms
[10.049s][info][gc,phases   ] GC(5) Concurrent Process Non-Strong References 8.194ms
[10.049s][info][gc,phases   ] GC(5) Concurrent Reset Relocation Set 0.085ms
[10.064s][info][gc,phases   ] GC(5) Concurrent Select Relocation Set 14.731ms
[10.064s][info][gc,phases   ] GC(5) Pause Relocate Start 0.008ms
[10.079s][info][gc,phases   ] GC(5) Concurrent Relocate 13.556ms
[10.079s][info][gc,load     ] GC(5) Load: 0.00/0.00/0.00
[10.079s][info][gc,mmu      ] GC(5) MMU: 2ms/97.9%, 5ms/99.2%, 10ms/99.6%, 20ms/99.8%, 50ms/99.9%, 100ms/99.9%
[10.079s][info][gc,marking  ] GC(5) Mark: 8 stripe(s), 5 proactive flush(es), 1 terminate flush(es), 0 completion(s), 0 continuation(s) 
[10.079s][info][gc,marking  ] GC(5) Mark Stack Usage: 32M
[10.079s][info][gc,nmethod  ] GC(5) NMethods: 7777 registered, 1352 unregistered
[10.079s][info][gc,metaspace] GC(5) Metaspace: 69M used, 70M committed, 1088M reserved
[10.079s][info][gc,ref      ] GC(5) Soft: 3815 encountered, 0 discovered, 0 enqueued
[10.079s][info][gc,ref      ] GC(5) Weak: 10582 encountered, 1809 discovered, 0 enqueued
[10.079s][info][gc,ref      ] GC(5) Final: 289 encountered, 27 discovered, 0 enqueued
[10.079s][info][gc,ref      ] GC(5) Phantom: 422 encountered, 241 discovered, 0 enqueued
[10.079s][info][gc,reloc    ] GC(5) Small Pages: 682 / 1364M, Empty: 752M, Relocated: 11M, In-Place: 0
[10.079s][info][gc,reloc    ] GC(5) Medium Pages: 0 / 0M, Empty: 0M, Relocated: 0M, In-Place: 0
[10.079s][info][gc,reloc    ] GC(5) Large Pages: 0 / 0M, Empty: 0M, Relocated: 0M, In-Place: 0
[10.079s][info][gc,reloc    ] GC(5) Forwarding Usage: 3M
[10.079s][info][gc,heap     ] GC(5) Min Capacity: 8M(0%)
[10.079s][info][gc,heap     ] GC(5) Max Capacity: 4096M(100%)
[10.079s][info][gc,heap     ] GC(5) Soft Max Capacity: 4096M(100%)
[10.079s][info][gc,heap     ] GC(5)                Mark Start          Mark End        Relocate Start      Relocate End           High               Low         
[10.079s][info][gc,heap     ] GC(5)  Capacity:     2048M (50%)        2048M (50%)        2048M (50%)        2048M (50%)        2048M (50%)        2048M (50%)    
[10.079s][info][gc,heap     ] GC(5)      Free:     2732M (67%)        2628M (64%)        3258M (80%)        3776M (92%)        3778M (92%)        2530M (62%)    
[10.079s][info][gc,heap     ] GC(5)      Used:     1364M (33%)        1468M (36%)         838M (20%)         320M (8%)         1566M (38%)         318M (8%)     
[10.079s][info][gc,heap     ] GC(5)      Live:         -                52M (1%)           52M (1%)           52M (1%)             -                  -          
[10.079s][info][gc,heap     ] GC(5) Allocated:         -               104M (3%)          226M (6%)          246M (6%)             -                  -          
[10.079s][info][gc,heap     ] GC(5)   Garbage:         -              1311M (32%)         559M (14%)          20M (1%)             -                  -          
[10.079s][info][gc,heap     ] GC(5) Reclaimed:         -                  -               752M (18%)        1290M (32%)            -                  -          
[10.079s][info][gc          ] GC(5) Garbage Collection (Warmup) 1364M(33%)->320M(8%)
[10.136s][info][gc,stats    ] === Garbage Collection Statistics =======================================================================================================================
[10.136s][info][gc,stats    ]                                                              Last 10s              Last 10m              Last 10h                Total
[10.136s][info][gc,stats    ]                                                              Avg / Max             Avg / Max             Avg / Max             Avg / Max
[10.136s][info][gc,stats    ]   Collector: Garbage Collection Cycle                    111.663 / 232.291     111.663 / 232.291     111.663 / 232.291     111.663 / 232.291     ms
[10.136s][info][gc,stats    ]  Contention: Mark Segment Reset Contention                     2 / 16                2 / 16                2 / 16                2 / 16          ops/s
[10.136s][info][gc,stats    ]  Contention: Mark SeqNum Reset Contention                      0 / 3                 0 / 3                 0 / 3                 0 / 3           ops/s
[10.136s][info][gc,stats    ]    Critical: Allocation Stall                                  0 / 0                 0 / 0                 0 / 0                 0 / 0           ops/s
[10.136s][info][gc,stats    ]    Critical: Allocation Stall                              0.000 / 0.000         0.000 / 0.000         0.000 / 0.000         0.000 / 0.000       ms
[10.136s][info][gc,stats    ]    Critical: GC Locker Stall                                   0 / 0                 0 / 0                 0 / 0                 0 / 0           ops/s
[10.136s][info][gc,stats    ]    Critical: GC Locker Stall                               0.000 / 0.000         0.000 / 0.000         0.000 / 0.000         0.000 / 0.000       ms
[10.136s][info][gc,stats    ]    Critical: Relocation Stall                                  0 / 0                 0 / 0                 0 / 0                 0 / 0           ops/s
[10.136s][info][gc,stats    ]    Critical: Relocation Stall                              0.000 / 0.000         0.000 / 0.000         0.000 / 0.000         0.000 / 0.000       ms
[10.136s][info][gc,stats    ]      Memory: Allocation Rate                                 334 / 1514            334 / 1514            334 / 1514            334 / 1514        MB/s
[10.136s][info][gc,stats    ]      Memory: Defragment                                        0 / 0                 0 / 0                 0 / 0                 0 / 0           ops/s
[10.136s][info][gc,stats    ]      Memory: Out Of Memory                                     0 / 0                 0 / 0                 0 / 0                 0 / 0           ops/s
[10.136s][info][gc,stats    ]      Memory: Page Cache Flush                                  0 / 0                 0 / 0                 0 / 0                 0 / 0           MB/s
[10.136s][info][gc,stats    ]      Memory: Page Cache Hit L1                                97 / 511              97 / 511              97 / 511              97 / 511         ops/s
[10.136s][info][gc,stats    ]      Memory: Page Cache Hit L2                                 0 / 0                 0 / 0                 0 / 0                 0 / 0           ops/s
[10.136s][info][gc,stats    ]      Memory: Page Cache Hit L3                                78 / 317              78 / 317              78 / 317              78 / 317         ops/s
[10.136s][info][gc,stats    ]      Memory: Page Cache Miss                                   0 / 1                 0 / 1                 0 / 1                 0 / 1           ops/s
[10.136s][info][gc,stats    ]      Memory: Uncommit                                          0 / 0                 0 / 0                 0 / 0                 0 / 0           MB/s
[10.136s][info][gc,stats    ]      Memory: Undo Object Allocation Failed                     0 / 6                 0 / 6                 0 / 6                 0 / 6           ops/s
[10.136s][info][gc,stats    ]      Memory: Undo Object Allocation Succeeded                 90 / 471              90 / 471              90 / 471              90 / 471         ops/s
[10.136s][info][gc,stats    ]      Memory: Undo Page Allocation                              4 / 39                4 / 39                4 / 39                4 / 39          ops/s
[10.136s][info][gc,stats    ]       Phase: Concurrent Mark                              48.918 / 110.676      48.918 / 110.676      48.918 / 110.676      48.918 / 110.676     ms
[10.136s][info][gc,stats    ]       Phase: Concurrent Mark Continue                      0.000 / 0.000         0.000 / 0.000         0.000 / 0.000         0.000 / 0.000       ms
[10.136s][info][gc,stats    ]       Phase: Concurrent Mark Free                          0.002 / 0.004         0.002 / 0.004         0.002 / 0.004         0.002 / 0.004       ms
[10.136s][info][gc,stats    ]       Phase: Concurrent Process Non-Strong References     18.424 / 43.962       18.424 / 43.962       18.424 / 43.962       18.424 / 43.962      ms
[10.137s][info][gc,stats    ]       Phase: Concurrent Relocate                          10.476 / 27.336       10.476 / 27.336       10.476 / 27.336       10.476 / 27.336      ms
[10.137s][info][gc,stats    ]       Phase: Concurrent Reset Relocation Set               0.046 / 0.138         0.046 / 0.138         0.046 / 0.138         0.046 / 0.138       ms
[10.137s][info][gc,stats    ]       Phase: Concurrent Select Relocation Set             11.326 / 15.374       11.326 / 15.374       11.326 / 15.374       11.326 / 15.374      ms
[10.137s][info][gc,stats    ]       Phase: Pause Mark End                                0.032 / 0.042         0.032 / 0.042         0.032 / 0.042         0.032 / 0.042       ms
[10.137s][info][gc,stats    ]       Phase: Pause Mark Start                              0.013 / 0.017         0.013 / 0.017         0.013 / 0.017         0.013 / 0.017       ms
[10.137s][info][gc,stats    ]       Phase: Pause Relocate Start                          0.009 / 0.010         0.009 / 0.010         0.009 / 0.010         0.009 / 0.010       ms
[10.137s][info][gc,stats    ]    Subphase: Concurrent Classes Purge                      1.986 / 5.427         1.986 / 5.427         1.986 / 5.427         1.986 / 5.427       ms
[10.137s][info][gc,stats    ]    Subphase: Concurrent Classes Unlink                     8.131 / 27.473        8.131 / 27.473        8.131 / 27.473        8.131 / 27.473      ms
[10.137s][info][gc,stats    ]    Subphase: Concurrent Mark                              36.394 / 93.033       36.394 / 93.033       36.394 / 93.033       36.394 / 93.033      ms
[10.137s][info][gc,stats    ]    Subphase: Concurrent Mark Try Flush                     2.842 / 46.727        2.842 / 46.727        2.842 / 46.727        2.842 / 46.727      ms
[10.137s][info][gc,stats    ]    Subphase: Concurrent Mark Try Terminate                 1.819 / 4.245         1.819 / 4.245         1.819 / 4.245         1.819 / 4.245       ms
[10.137s][info][gc,stats    ]    Subphase: Concurrent References Enqueue                 0.004 / 0.010         0.004 / 0.010         0.004 / 0.010         0.004 / 0.010       ms
[10.137s][info][gc,stats    ]    Subphase: Concurrent References Process                 0.578 / 2.321         0.578 / 2.321         0.578 / 2.321         0.578 / 2.321       ms
[10.137s][info][gc,stats    ]    Subphase: Concurrent Roots ClassLoaderDataGraph         0.210 / 2.952         0.210 / 2.952         0.210 / 2.952         0.210 / 2.952       ms
[10.137s][info][gc,stats    ]    Subphase: Concurrent Roots CodeCache                    0.000 / 0.000         0.000 / 0.000         0.000 / 0.000         0.000 / 0.000       ms
[10.137s][info][gc,stats    ]    Subphase: Concurrent Roots JavaThreads                 11.585 / 24.476       11.585 / 24.476       11.585 / 24.476       11.585 / 24.476      ms
[10.137s][info][gc,stats    ]    Subphase: Concurrent Roots OopStorageSet                0.510 / 2.435         0.510 / 2.435         0.510 / 2.435         0.510 / 2.435       ms
[10.137s][info][gc,stats    ]    Subphase: Concurrent Weak Roots OopStorageSet           0.306 / 0.592         0.306 / 0.592         0.306 / 0.592         0.306 / 0.592       ms
[10.137s][info][gc,stats    ]    Subphase: Pause Mark Try Complete                       0.001 / 0.002         0.001 / 0.002         0.001 / 0.002         0.001 / 0.002       ms
[10.137s][info][gc,stats    ]      System: Java Threads                                    115 / 175             115 / 175             115 / 175             115 / 175         threads
[10.137s][info][gc,stats    ] =========================================================================================================================================================
[10.735s][info][gc,start    ] GC(6) Garbage Collection (Allocation Rate)
[10.735s][info][gc,task     ] GC(6) Using 3 workers
[10.736s][info][gc,phases   ] GC(6) Pause Mark Start 0.009ms
[10.827s][info][gc,phases   ] GC(6) Concurrent Mark 90.800ms
[10.827s][info][gc,phases   ] GC(6) Pause Mark End 0.024ms
[10.849s][info][gc,phases   ] GC(6) Concurrent Mark Free 0.003ms
[10.865s][info][gc,phases   ] GC(6) Concurrent Process Non-Strong References 16.113ms
[10.865s][info][gc,phases   ] GC(6) Concurrent Reset Relocation Set 0.090ms
[10.872s][info][gc,phases   ] GC(6) Concurrent Select Relocation Set 6.687ms
[10.872s][info][gc,phases   ] GC(6) Pause Relocate Start 0.009ms
[10.892s][info][gc,phases   ] GC(6) Concurrent Relocate 18.952ms
[10.892s][info][gc,load     ] GC(6) Load: 0.00/0.00/0.00
[10.892s][info][gc,mmu      ] GC(6) MMU: 2ms/97.9%, 5ms/99.2%, 10ms/99.6%, 20ms/99.8%, 50ms/99.9%, 100ms/99.9%
[10.892s][info][gc,marking  ] GC(6) Mark: 2 stripe(s), 2 proactive flush(es), 1 terminate flush(es), 0 completion(s), 0 continuation(s) 
[10.892s][info][gc,marking  ] GC(6) Mark Stack Usage: 32M
[10.892s][info][gc,nmethod  ] GC(6) NMethods: 7826 registered, 1610 unregistered
[10.892s][info][gc,metaspace] GC(6) Metaspace: 70M used, 70M committed, 1088M reserved
[10.892s][info][gc,ref      ] GC(6) Soft: 3815 encountered, 0 discovered, 0 enqueued
[10.892s][info][gc,ref      ] GC(6) Weak: 10653 encountered, 2030 discovered, 15 enqueued
[10.892s][info][gc,ref      ] GC(6) Final: 289 encountered, 21 discovered, 0 enqueued
[10.892s][info][gc,ref      ] GC(6) Phantom: 429 encountered, 293 discovered, 7 enqueued
[10.892s][info][gc,reloc    ] GC(6) Small Pages: 856 / 1712M, Empty: 948M, Relocated: 10M, In-Place: 0
[10.892s][info][gc,reloc    ] GC(6) Medium Pages: 0 / 0M, Empty: 0M, Relocated: 0M, In-Place: 0
[10.892s][info][gc,reloc    ] GC(6) Large Pages: 0 / 0M, Empty: 0M, Relocated: 0M, In-Place: 0
[10.892s][info][gc,reloc    ] GC(6) Forwarding Usage: 3M
[10.892s][info][gc,heap     ] GC(6) Min Capacity: 8M(0%)
[10.892s][info][gc,heap     ] GC(6) Max Capacity: 4096M(100%)
[10.892s][info][gc,heap     ] GC(6) Soft Max Capacity: 4096M(100%)
[10.892s][info][gc,heap     ] GC(6)                Mark Start          Mark End        Relocate Start      Relocate End           High               Low         
[10.892s][info][gc,heap     ] GC(6)  Capacity:     2048M (50%)        2048M (50%)        2048M (50%)        2048M (50%)        2048M (50%)        2048M (50%)    
[10.892s][info][gc,heap     ] GC(6)      Free:     2384M (58%)        2158M (53%)        2998M (73%)        3678M (90%)        3680M (90%)        2062M (50%)    
[10.892s][info][gc,heap     ] GC(6)      Used:     1712M (42%)        1938M (47%)        1098M (27%)         418M (10%)        2034M (50%)         416M (10%)    
[10.892s][info][gc,heap     ] GC(6)      Live:         -                51M (1%)           51M (1%)           51M (1%)             -                  -          
[10.892s][info][gc,heap     ] GC(6) Allocated:         -               226M (6%)          334M (8%)          355M (9%)             -                  -          
[10.892s][info][gc,heap     ] GC(6)   Garbage:         -              1660M (41%)         712M (17%)          10M (0%)             -                  -          
[10.892s][info][gc,heap     ] GC(6) Reclaimed:         -                  -               948M (23%)        1649M (40%)            -                  -          
[10.892s][info][gc          ] GC(6) Garbage Collection (Allocation Rate) 1712M(42%)->418M(10%)
[11.235s][info][gc,start    ] GC(7) Garbage Collection (Allocation Rate)
[11.235s][info][gc,task     ] GC(7) Using 3 workers
[11.235s][info][gc,phases   ] GC(7) Pause Mark Start 0.011ms
[11.340s][info][gc,phases   ] GC(7) Concurrent Mark 103.585ms
[11.340s][info][gc,phases   ] GC(7) Pause Mark End 0.023ms
[11.355s][info][gc,phases   ] GC(7) Concurrent Mark Free 0.002ms
[11.438s][info][gc,phases   ] GC(7) Concurrent Process Non-Strong References 83.049ms
[11.438s][info][gc,phases   ] GC(7) Concurrent Reset Relocation Set 0.102ms
[11.445s][info][gc,phases   ] GC(7) Concurrent Select Relocation Set 7.396ms
[11.446s][info][gc,phases   ] GC(7) Pause Relocate Start 0.009ms
[11.454s][info][gc,phases   ] GC(7) Concurrent Relocate 7.722ms
[11.454s][info][gc,load     ] GC(7) Load: 0.00/0.00/0.00
[11.454s][info][gc,mmu      ] GC(7) MMU: 2ms/97.9%, 5ms/99.2%, 10ms/99.6%, 20ms/99.8%, 50ms/99.9%, 100ms/99.9%
[11.454s][info][gc,marking  ] GC(7) Mark: 2 stripe(s), 2 proactive flush(es), 1 terminate flush(es), 0 completion(s), 0 continuation(s) 
[11.454s][info][gc,marking  ] GC(7) Mark Stack Usage: 32M
[11.454s][info][gc,nmethod  ] GC(7) NMethods: 7838 registered, 1759 unregistered
[11.454s][info][gc,metaspace] GC(7) Metaspace: 70M used, 70M committed, 1088M reserved
[11.454s][info][gc,ref      ] GC(7) Soft: 3815 encountered, 0 discovered, 0 enqueued
[11.454s][info][gc,ref      ] GC(7) Weak: 10638 encountered, 2333 discovered, 0 enqueued
[11.454s][info][gc,ref      ] GC(7) Final: 289 encountered, 22 discovered, 0 enqueued
[11.454s][info][gc,ref      ] GC(7) Phantom: 422 encountered, 209 discovered, 0 enqueued
[11.454s][info][gc,reloc    ] GC(7) Small Pages: 705 / 1410M, Empty: 900M, Relocated: 5M, In-Place: 0
[11.454s][info][gc,reloc    ] GC(7) Medium Pages: 0 / 0M, Empty: 0M, Relocated: 0M, In-Place: 0
[11.454s][info][gc,reloc    ] GC(7) Large Pages: 0 / 0M, Empty: 0M, Relocated: 0M, In-Place: 0
[11.454s][info][gc,reloc    ] GC(7) Forwarding Usage: 1M
[11.454s][info][gc,heap     ] GC(7) Min Capacity: 8M(0%)
[11.454s][info][gc,heap     ] GC(7) Max Capacity: 4096M(100%)
[11.454s][info][gc,heap     ] GC(7) Soft Max Capacity: 4096M(100%)
[11.454s][info][gc,heap     ] GC(7)                Mark Start          Mark End        Relocate Start      Relocate End           High               Low         
[11.454s][info][gc,heap     ] GC(7)  Capacity:     2048M (50%)        2048M (50%)        2048M (50%)        2048M (50%)        2048M (50%)        2048M (50%)    
[11.454s][info][gc,heap     ] GC(7)      Free:     2686M (66%)        2408M (59%)        2992M (73%)        3414M (83%)        3414M (83%)        2118M (52%)    
[11.454s][info][gc,heap     ] GC(7)      Used:     1410M (34%)        1688M (41%)        1104M (27%)         682M (17%)        1978M (48%)         682M (17%)    
[11.454s][info][gc,heap     ] GC(7)      Live:         -                51M (1%)           51M (1%)           51M (1%)             -                  -          
[11.454s][info][gc,heap     ] GC(7) Allocated:         -               278M (7%)          594M (15%)         617M (15%)            -                  -          
[11.454s][info][gc,heap     ] GC(7)   Garbage:         -              1358M (33%)         458M (11%)          12M (0%)             -                  -          
[11.454s][info][gc,heap     ] GC(7) Reclaimed:         -                  -               900M (22%)        1345M (33%)            -                  -          
[11.454s][info][gc          ] GC(7) Garbage Collection (Allocation Rate) 1410M(34%)->682M(17%)
[11.735s][info][gc,start    ] GC(8) Garbage Collection (Allocation Rate)
[11.736s][info][gc,task     ] GC(8) Using 3 workers
[11.736s][info][gc,phases   ] GC(8) Pause Mark Start 0.012ms
[11.810s][info][gc,phases   ] GC(8) Concurrent Mark 74.140ms
[11.810s][info][gc,phases   ] GC(8) Pause Mark End 0.024ms
[11.892s][info][gc,phases   ] GC(8) Concurrent Mark Free 0.002ms
[11.935s][info][gc,phases   ] GC(8) Concurrent Process Non-Strong References 42.887ms
[11.935s][info][gc,phases   ] GC(8) Concurrent Reset Relocation Set 0.056ms
[11.956s][info][gc,phases   ] GC(8) Concurrent Select Relocation Set 20.613ms
[11.956s][info][gc,phases   ] GC(8) Pause Relocate Start 0.008ms
[11.964s][info][gc,phases   ] GC(8) Concurrent Relocate 7.903ms
[11.964s][info][gc,load     ] GC(8) Load: 0.00/0.00/0.00
[11.964s][info][gc,mmu      ] GC(8) MMU: 2ms/97.9%, 5ms/99.2%, 10ms/99.6%, 20ms/99.8%, 50ms/99.9%, 100ms/99.9%
[11.964s][info][gc,marking  ] GC(8) Mark: 2 stripe(s), 2 proactive flush(es), 1 terminate flush(es), 0 completion(s), 0 continuation(s) 
[11.964s][info][gc,marking  ] GC(8) Mark Stack Usage: 32M
[11.964s][info][gc,nmethod  ] GC(8) NMethods: 7859 registered, 1939 unregistered
[11.964s][info][gc,metaspace] GC(8) Metaspace: 70M used, 70M committed, 1088M reserved
[11.964s][info][gc,ref      ] GC(8) Soft: 3815 encountered, 0 discovered, 0 enqueued
[11.964s][info][gc,ref      ] GC(8) Weak: 10638 encountered, 2194 discovered, 0 enqueued
[11.964s][info][gc,ref      ] GC(8) Final: 289 encountered, 31 discovered, 0 enqueued
[11.964s][info][gc,ref      ] GC(8) Phantom: 422 encountered, 226 discovered, 0 enqueued
[11.964s][info][gc,reloc    ] GC(8) Small Pages: 784 / 1568M, Empty: 934M, Relocated: 6M, In-Place: 0
[11.964s][info][gc,reloc    ] GC(8) Medium Pages: 0 / 0M, Empty: 0M, Relocated: 0M, In-Place: 0
[11.964s][info][gc,reloc    ] GC(8) Large Pages: 0 / 0M, Empty: 0M, Relocated: 0M, In-Place: 0
[11.964s][info][gc,reloc    ] GC(8) Forwarding Usage: 2M
[11.964s][info][gc,heap     ] GC(8) Min Capacity: 8M(0%)
[11.964s][info][gc,heap     ] GC(8) Max Capacity: 4096M(100%)
[11.965s][info][gc,heap     ] GC(8) Soft Max Capacity: 4096M(100%)
[11.965s][info][gc,heap     ] GC(8)                Mark Start          Mark End        Relocate Start      Relocate End           High               Low         
[11.965s][info][gc,heap     ] GC(8)  Capacity:     2048M (50%)        2048M (50%)        2196M (54%)        2196M (54%)        2196M (54%)        2048M (50%)    
[11.965s][info][gc,heap     ] GC(8)      Free:     2528M (62%)        2262M (55%)        2826M (69%)        3382M (83%)        3382M (83%)        1900M (46%)    
[11.965s][info][gc,heap     ] GC(8)      Used:     1568M (38%)        1834M (45%)        1270M (31%)         714M (17%)        2196M (54%)         714M (17%)    
[11.965s][info][gc,heap     ] GC(8)      Live:         -                51M (1%)           51M (1%)           51M (1%)             -                  -          
[11.965s][info][gc,heap     ] GC(8) Allocated:         -               266M (6%)          636M (16%)         650M (16%)            -                  -          
[11.965s][info][gc,heap     ] GC(8)   Garbage:         -              1516M (37%)         582M (14%)          11M (0%)             -                  -          
[11.965s][info][gc,heap     ] GC(8) Reclaimed:         -                  -               934M (23%)        1504M (37%)            -                  -          
[11.965s][info][gc          ] GC(8) Garbage Collection (Allocation Rate) 1568M(38%)->714M(17%)
[12.236s][info][gc,start    ] GC(9) Garbage Collection (Allocation Rate)
[12.236s][info][gc,task     ] GC(9) Using 3 workers
[12.236s][info][gc,phases   ] GC(9) Pause Mark Start 0.010ms
[12.309s][info][gc,phases   ] GC(9) Concurrent Mark 73.188ms
[12.310s][info][gc,phases   ] GC(9) Pause Mark End 0.022ms
[12.336s][info][gc,phases   ] GC(9) Concurrent Mark Free 0.004ms
[12.354s][info][gc,phases   ] GC(9) Concurrent Process Non-Strong References 17.922ms
[12.354s][info][gc,phases   ] GC(9) Concurrent Reset Relocation Set 0.076ms
[12.360s][info][gc,phases   ] GC(9) Concurrent Select Relocation Set 6.160ms
[12.360s][info][gc,phases   ] GC(9) Pause Relocate Start 0.009ms
[12.369s][info][gc,phases   ] GC(9) Concurrent Relocate 8.847ms
[12.370s][info][gc,load     ] GC(9) Load: 0.00/0.00/0.00
[12.370s][info][gc,mmu      ] GC(9) MMU: 2ms/97.9%, 5ms/99.2%, 10ms/99.6%, 20ms/99.8%, 50ms/99.9%, 100ms/99.9%
[12.370s][info][gc,marking  ] GC(9) Mark: 2 stripe(s), 2 proactive flush(es), 1 terminate flush(es), 0 completion(s), 0 continuation(s) 
[12.370s][info][gc,marking  ] GC(9) Mark Stack Usage: 32M
[12.370s][info][gc,nmethod  ] GC(9) NMethods: 7814 registered, 2186 unregistered
[12.370s][info][gc,metaspace] GC(9) Metaspace: 70M used, 70M committed, 1088M reserved
[12.370s][info][gc,ref      ] GC(9) Soft: 3815 encountered, 0 discovered, 0 enqueued
[12.370s][info][gc,ref      ] GC(9) Weak: 10638 encountered, 2405 discovered, 0 enqueued
[12.370s][info][gc,ref      ] GC(9) Final: 289 encountered, 73 discovered, 0 enqueued
[12.370s][info][gc,ref      ] GC(9) Phantom: 422 encountered, 245 discovered, 0 enqueued
[12.370s][info][gc,reloc    ] GC(9) Small Pages: 898 / 1796M, Empty: 1226M, Relocated: 5M, In-Place: 0
[12.370s][info][gc,reloc    ] GC(9) Medium Pages: 0 / 0M, Empty: 0M, Relocated: 0M, In-Place: 0
[12.370s][info][gc,reloc    ] GC(9) Large Pages: 0 / 0M, Empty: 0M, Relocated: 0M, In-Place: 0
[12.370s][info][gc,reloc    ] GC(9) Forwarding Usage: 1M
[12.370s][info][gc,heap     ] GC(9) Min Capacity: 8M(0%)
[12.370s][info][gc,heap     ] GC(9) Max Capacity: 4096M(100%)
[12.370s][info][gc,heap     ] GC(9) Soft Max Capacity: 4096M(100%)
[12.370s][info][gc,heap     ] GC(9)                Mark Start          Mark End        Relocate Start      Relocate End           High               Low         
[12.370s][info][gc,heap     ] GC(9)  Capacity:     2196M (54%)        2196M (54%)        2258M (55%)        2258M (55%)        2258M (55%)        2196M (54%)    
[12.370s][info][gc,heap     ] GC(9)      Free:     2300M (56%)        1992M (49%)        3042M (74%)        3520M (86%)        3520M (86%)        1838M (45%)    
[12.370s][info][gc,heap     ] GC(9)      Used:     1796M (44%)        2104M (51%)        1054M (26%)         576M (14%)        2258M (55%)         576M (14%)    
[12.370s][info][gc,heap     ] GC(9)      Live:         -                51M (1%)           51M (1%)           51M (1%)             -                  -          
[12.370s][info][gc,heap     ] GC(9) Allocated:         -               308M (8%)          484M (12%)         511M (12%)            -                  -          
[12.370s][info][gc,heap     ] GC(9)   Garbage:         -              1744M (43%)         518M (13%)          12M (0%)             -                  -          
[12.370s][info][gc,heap     ] GC(9) Reclaimed:         -                  -              1226M (30%)        1731M (42%)            -                  -          
[12.370s][info][gc          ] GC(9) Garbage Collection (Allocation Rate) 1796M(44%)->576M(14%)
[12.635s][info][gc,start    ] GC(10) Garbage Collection (Allocation Rate)
[12.635s][info][gc,task     ] GC(10) Using 2 workers
[12.635s][info][gc,phases   ] GC(10) Pause Mark Start 0.011ms
[12.744s][info][gc,phases   ] GC(10) Concurrent Mark 108.038ms
[12.744s][info][gc,phases   ] GC(10) Pause Mark End 0.023ms
[12.745s][info][gc,phases   ] GC(10) Concurrent Mark Free 0.001ms
[12.762s][info][gc,phases   ] GC(10) Concurrent Process Non-Strong References 17.044ms
[12.762s][info][gc,phases   ] GC(10) Concurrent Reset Relocation Set 0.064ms
[12.771s][info][gc,phases   ] GC(10) Concurrent Select Relocation Set 8.916ms
[12.772s][info][gc,phases   ] GC(10) Pause Relocate Start 0.009ms
[12.783s][info][gc,phases   ] GC(10) Concurrent Relocate 10.679ms
[12.783s][info][gc,load     ] GC(10) Load: 0.00/0.00/0.00
[12.783s][info][gc,mmu      ] GC(10) MMU: 2ms/97.9%, 5ms/99.2%, 10ms/99.6%, 20ms/99.8%, 50ms/99.9%, 100ms/99.9%
[12.783s][info][gc,marking  ] GC(10) Mark: 2 stripe(s), 2 proactive flush(es), 1 terminate flush(es), 0 completion(s), 0 continuation(s) 
[12.783s][info][gc,marking  ] GC(10) Mark Stack Usage: 32M
[12.783s][info][gc,nmethod  ] GC(10) NMethods: 7808 registered, 2416 unregistered
[12.783s][info][gc,metaspace] GC(10) Metaspace: 70M used, 70M committed, 1088M reserved
[12.783s][info][gc,ref      ] GC(10) Soft: 3815 encountered, 0 discovered, 0 enqueued
[12.783s][info][gc,ref      ] GC(10) Weak: 10640 encountered, 2797 discovered, 0 enqueued
[12.783s][info][gc,ref      ] GC(10) Final: 289 encountered, 39 discovered, 0 enqueued
[12.783s][info][gc,ref      ] GC(10) Phantom: 422 encountered, 238 discovered, 0 enqueued
[12.783s][info][gc,reloc    ] GC(10) Small Pages: 808 / 1616M, Empty: 1008M, Relocated: 5M, In-Place: 0
[12.783s][info][gc,reloc    ] GC(10) Medium Pages: 0 / 0M, Empty: 0M, Relocated: 0M, In-Place: 0
[12.783s][info][gc,reloc    ] GC(10) Large Pages: 0 / 0M, Empty: 0M, Relocated: 0M, In-Place: 0
[12.783s][info][gc,reloc    ] GC(10) Forwarding Usage: 1M
[12.783s][info][gc,heap     ] GC(10) Min Capacity: 8M(0%)
[12.783s][info][gc,heap     ] GC(10) Max Capacity: 4096M(100%)
[12.783s][info][gc,heap     ] GC(10) Soft Max Capacity: 4096M(100%)
[12.783s][info][gc,heap     ] GC(10)                Mark Start          Mark End        Relocate Start      Relocate End           High               Low         
[12.783s][info][gc,heap     ] GC(10)  Capacity:     2258M (55%)        2258M (55%)        2258M (55%)        2258M (55%)        2258M (55%)        2258M (55%)    
[12.783s][info][gc,heap     ] GC(10)      Free:     2480M (61%)        2002M (49%)        2874M (70%)        3384M (83%)        3392M (83%)        1918M (47%)    
[12.783s][info][gc,heap     ] GC(10)      Used:     1616M (39%)        2094M (51%)        1222M (30%)         712M (17%)        2178M (53%)         704M (17%)    
[12.783s][info][gc,heap     ] GC(10)      Live:         -                51M (1%)           51M (1%)           51M (1%)             -                  -          
[12.783s][info][gc,heap     ] GC(10) Allocated:         -               478M (12%)         614M (15%)         649M (16%)            -                  -          
[12.783s][info][gc,heap     ] GC(10)   Garbage:         -              1564M (38%)         556M (14%)          10M (0%)             -                  -          
[12.783s][info][gc,heap     ] GC(10) Reclaimed:         -                  -              1008M (25%)        1553M (38%)            -                  -          
[12.783s][info][gc          ] GC(10) Garbage Collection (Allocation Rate) 1616M(39%)->712M(17%)
[13.035s][info][gc,start    ] GC(11) Garbage Collection (Allocation Rate)
[13.035s][info][gc,task     ] GC(11) Using 2 workers
[13.036s][info][gc,phases   ] GC(11) Pause Mark Start 0.013ms
[13.255s][info][gc,phases   ] GC(11) Concurrent Mark 218.746ms
[13.258s][info][gc,phases   ] GC(11) Pause Mark End 0.023ms
[13.258s][info][gc,phases   ] GC(11) Concurrent Mark Free 0.001ms
[13.271s][info][gc,phases   ] GC(11) Concurrent Process Non-Strong References 12.284ms
[13.271s][info][gc,phases   ] GC(11) Concurrent Reset Relocation Set 0.046ms
[13.275s][info][gc,phases   ] GC(11) Concurrent Select Relocation Set 4.098ms
[13.275s][info][gc,phases   ] GC(11) Pause Relocate Start 0.007ms
[13.283s][info][gc,phases   ] GC(11) Concurrent Relocate 6.826ms
[13.283s][info][gc,load     ] GC(11) Load: 0.00/0.00/0.00
[13.283s][info][gc,mmu      ] GC(11) MMU: 2ms/97.9%, 5ms/99.2%, 10ms/99.6%, 20ms/99.8%, 50ms/99.9%, 100ms/99.9%
[13.283s][info][gc,marking  ] GC(11) Mark: 2 stripe(s), 3 proactive flush(es), 1 terminate flush(es), 0 completion(s), 0 continuation(s) 
[13.283s][info][gc,marking  ] GC(11) Mark Stack Usage: 32M
[13.283s][info][gc,nmethod  ] GC(11) NMethods: 7821 registered, 2438 unregistered
[13.283s][info][gc,metaspace] GC(11) Metaspace: 70M used, 70M committed, 1088M reserved
[13.283s][info][gc,ref      ] GC(11) Soft: 3815 encountered, 0 discovered, 0 enqueued
[13.283s][info][gc,ref      ] GC(11) Weak: 10640 encountered, 2020 discovered, 0 enqueued
[13.283s][info][gc,ref      ] GC(11) Final: 289 encountered, 35 discovered, 0 enqueued
[13.283s][info][gc,ref      ] GC(11) Phantom: 422 encountered, 298 discovered, 0 enqueued
[13.283s][info][gc,reloc    ] GC(11) Small Pages: 955 / 1910M, Empty: 1356M, Relocated: 5M, In-Place: 0
[13.283s][info][gc,reloc    ] GC(11) Medium Pages: 0 / 0M, Empty: 0M, Relocated: 0M, In-Place: 0
[13.283s][info][gc,reloc    ] GC(11) Large Pages: 0 / 0M, Empty: 0M, Relocated: 0M, In-Place: 0
[13.283s][info][gc,reloc    ] GC(11) Forwarding Usage: 1M
[13.283s][info][gc,heap     ] GC(11) Min Capacity: 8M(0%)
[13.283s][info][gc,heap     ] GC(11) Max Capacity: 4096M(100%)
[13.283s][info][gc,heap     ] GC(11) Soft Max Capacity: 4096M(100%)
[13.283s][info][gc,heap     ] GC(11)                Mark Start          Mark End        Relocate Start      Relocate End           High               Low         
[13.283s][info][gc,heap     ] GC(11)  Capacity:     2258M (55%)        2574M (63%)        2574M (63%)        2574M (63%)        2574M (63%)        2258M (55%)    
[13.283s][info][gc,heap     ] GC(11)      Free:     2186M (53%)        1552M (38%)        2874M (70%)        3358M (82%)        3358M (82%)        1522M (37%)    
[13.283s][info][gc,heap     ] GC(11)      Used:     1910M (47%)        2544M (62%)        1222M (30%)         738M (18%)        2574M (63%)         738M (18%)    
[13.283s][info][gc,heap     ] GC(11)      Live:         -                51M (1%)           51M (1%)           51M (1%)             -                  -          
[13.283s][info][gc,heap     ] GC(11) Allocated:         -               634M (15%)         668M (16%)         676M (17%)            -                  -          
[13.283s][info][gc,heap     ] GC(11)   Garbage:         -              1858M (45%)         502M (12%)           9M (0%)             -                  -          
[13.283s][info][gc,heap     ] GC(11) Reclaimed:         -                  -              1356M (33%)        1848M (45%)            -                  -          
[13.283s][info][gc          ] GC(11) Garbage Collection (Allocation Rate) 1910M(47%)->738M(18%)
[13.436s][info][gc,start    ] GC(12) Garbage Collection (Allocation Rate)
[13.436s][info][gc,task     ] GC(12) Using 2 workers
[13.436s][info][gc,phases   ] GC(12) Pause Mark Start 0.010ms
[13.519s][info][gc,phases   ] GC(12) Concurrent Mark 83.191ms
[13.520s][info][gc,phases   ] GC(12) Pause Mark End 0.024ms
[13.520s][info][gc,phases   ] GC(12) Concurrent Mark Free 0.001ms
[13.535s][info][gc,phases   ] GC(12) Concurrent Process Non-Strong References 14.951ms
[13.535s][info][gc,phases   ] GC(12) Concurrent Reset Relocation Set 0.071ms
[13.540s][info][gc,phases   ] GC(12) Concurrent Select Relocation Set 4.758ms
[13.540s][info][gc,phases   ] GC(12) Pause Relocate Start 0.009ms
[13.552s][info][gc,phases   ] GC(12) Concurrent Relocate 11.214ms
[13.552s][info][gc,load     ] GC(12) Load: 0.00/0.00/0.00
[13.552s][info][gc,mmu      ] GC(12) MMU: 2ms/97.9%, 5ms/99.2%, 10ms/99.6%, 20ms/99.8%, 50ms/99.9%, 100ms/99.9%
[13.552s][info][gc,marking  ] GC(12) Mark: 2 stripe(s), 2 proactive flush(es), 1 terminate flush(es), 0 completion(s), 0 continuation(s) 
[13.552s][info][gc,marking  ] GC(12) Mark Stack Usage: 32M
[13.552s][info][gc,nmethod  ] GC(12) NMethods: 7816 registered, 2447 unregistered
[13.552s][info][gc,metaspace] GC(12) Metaspace: 70M used, 70M committed, 1088M reserved
[13.552s][info][gc,ref      ] GC(12) Soft: 3815 encountered, 0 discovered, 0 enqueued
[13.552s][info][gc,ref      ] GC(12) Weak: 10640 encountered, 2612 discovered, 0 enqueued
[13.552s][info][gc,ref      ] GC(12) Final: 289 encountered, 23 discovered, 0 enqueued
[13.552s][info][gc,ref      ] GC(12) Phantom: 422 encountered, 227 discovered, 0 enqueued
[13.552s][info][gc,reloc    ] GC(12) Small Pages: 724 / 1448M, Empty: 836M, Relocated: 5M, In-Place: 0
[13.552s][info][gc,reloc    ] GC(12) Medium Pages: 0 / 0M, Empty: 0M, Relocated: 0M, In-Place: 0
[13.552s][info][gc,reloc    ] GC(12) Large Pages: 0 / 0M, Empty: 0M, Relocated: 0M, In-Place: 0
[13.552s][info][gc,reloc    ] GC(12) Forwarding Usage: 1M
[13.552s][info][gc,heap     ] GC(12) Min Capacity: 8M(0%)
[13.552s][info][gc,heap     ] GC(12) Max Capacity: 4096M(100%)
[13.552s][info][gc,heap     ] GC(12) Soft Max Capacity: 4096M(100%)
[13.552s][info][gc,heap     ] GC(12)                Mark Start          Mark End        Relocate Start      Relocate End           High               Low         
[13.552s][info][gc,heap     ] GC(12)  Capacity:     2574M (63%)        2574M (63%)        2574M (63%)        2574M (63%)        2574M (63%)        2574M (63%)    
[13.552s][info][gc,heap     ] GC(12)      Free:     2648M (65%)        2260M (55%)        3004M (73%)        3508M (86%)        3526M (86%)        2186M (53%)    
[13.552s][info][gc,heap     ] GC(12)      Used:     1448M (35%)        1836M (45%)        1092M (27%)         588M (14%)        1910M (47%)         570M (14%)    
[13.552s][info][gc,heap     ] GC(12)      Live:         -                51M (1%)           51M (1%)           51M (1%)             -                  -          
[13.552s][info][gc,heap     ] GC(12) Allocated:         -               388M (9%)          480M (12%)         525M (13%)            -                  -          
[13.552s][info][gc,heap     ] GC(12)   Garbage:         -              1396M (34%)         560M (14%)          10M (0%)             -                  -          
[13.552s][info][gc,heap     ] GC(12) Reclaimed:         -                  -               836M (20%)        1385M (34%)            -                  -          
[13.552s][info][gc          ] GC(12) Garbage Collection (Allocation Rate) 1448M(35%)->588M(14%)
[13.835s][info][gc,start    ] GC(13) Garbage Collection (Allocation Rate)
[13.835s][info][gc,task     ] GC(13) Using 2 workers
[13.835s][info][gc,phases   ] GC(13) Pause Mark Start 0.013ms
[13.942s][info][gc,phases   ] GC(13) Concurrent Mark 106.063ms
[13.942s][info][gc,phases   ] GC(13) Pause Mark End 0.026ms
[13.942s][info][gc,phases   ] GC(13) Concurrent Mark Free 0.002ms
[13.959s][info][gc,phases   ] GC(13) Concurrent Process Non-Strong References 16.571ms
[13.959s][info][gc,phases   ] GC(13) Concurrent Reset Relocation Set 0.071ms
[13.968s][info][gc,phases   ] GC(13) Concurrent Select Relocation Set 8.819ms
[13.968s][info][gc,phases   ] GC(13) Pause Relocate Start 0.009ms
[13.981s][info][gc,phases   ] GC(13) Concurrent Relocate 12.308ms
[13.981s][info][gc,load     ] GC(13) Load: 0.00/0.00/0.00
[13.981s][info][gc,mmu      ] GC(13) MMU: 2ms/97.9%, 5ms/99.2%, 10ms/99.6%, 20ms/99.8%, 50ms/99.9%, 100ms/99.9%
[13.981s][info][gc,marking  ] GC(13) Mark: 2 stripe(s), 2 proactive flush(es), 1 terminate flush(es), 0 completion(s), 0 continuation(s) 
[13.981s][info][gc,marking  ] GC(13) Mark Stack Usage: 32M
[13.981s][info][gc,nmethod  ] GC(13) NMethods: 7818 registered, 2455 unregistered
[13.981s][info][gc,metaspace] GC(13) Metaspace: 70M used, 70M committed, 1088M reserved
[13.981s][info][gc,ref      ] GC(13) Soft: 3815 encountered, 0 discovered, 0 enqueued
[13.981s][info][gc,ref      ] GC(13) Weak: 10640 encountered, 3333 discovered, 0 enqueued
[13.981s][info][gc,ref      ] GC(13) Final: 289 encountered, 30 discovered, 0 enqueued
[13.981s][info][gc,ref      ] GC(13) Phantom: 422 encountered, 276 discovered, 0 enqueued
[13.981s][info][gc,reloc    ] GC(13) Small Pages: 932 / 1864M, Empty: 1314M, Relocated: 5M, In-Place: 0
[13.981s][info][gc,reloc    ] GC(13) Medium Pages: 0 / 0M, Empty: 0M, Relocated: 0M, In-Place: 0
[13.981s][info][gc,reloc    ] GC(13) Large Pages: 0 / 0M, Empty: 0M, Relocated: 0M, In-Place: 0
[13.981s][info][gc,reloc    ] GC(13) Forwarding Usage: 1M
[13.981s][info][gc,heap     ] GC(13) Min Capacity: 8M(0%)
[13.981s][info][gc,heap     ] GC(13) Max Capacity: 4096M(100%)
[13.981s][info][gc,heap     ] GC(13) Soft Max Capacity: 4096M(100%)
[13.981s][info][gc,heap     ] GC(13)                Mark Start          Mark End        Relocate Start      Relocate End           High               Low         
[13.981s][info][gc,heap     ] GC(13)  Capacity:     2574M (63%)        2574M (63%)        2574M (63%)        2574M (63%)        2574M (63%)        2574M (63%)    
[13.981s][info][gc,heap     ] GC(13)      Free:     2232M (54%)        1726M (42%)        2918M (71%)        3344M (82%)        3360M (82%)        1646M (40%)    
[13.981s][info][gc,heap     ] GC(13)      Used:     1864M (46%)        2370M (58%)        1178M (29%)         752M (18%)        2450M (60%)         736M (18%)    
[13.981s][info][gc,heap     ] GC(13)      Live:         -                51M (1%)           51M (1%)           51M (1%)             -                  -          
[13.981s][info][gc,heap     ] GC(13) Allocated:         -               506M (12%)         628M (15%)         689M (17%)            -                  -          
[13.981s][info][gc,heap     ] GC(13)   Garbage:         -              1812M (44%)         498M (12%)          10M (0%)             -                  -          
[13.981s][info][gc,heap     ] GC(13) Reclaimed:         -                  -              1314M (32%)        1801M (44%)            -                  -          
[13.981s][info][gc          ] GC(13) Garbage Collection (Allocation Rate) 1864M(46%)->752M(18%)
[14.335s][info][gc,start    ] GC(14) Garbage Collection (Allocation Rate)
[14.335s][info][gc,task     ] GC(14) Using 2 workers
[14.335s][info][gc,phases   ] GC(14) Pause Mark Start 0.011ms
[14.529s][info][gc,phases   ] GC(14) Concurrent Mark 193.043ms
[14.532s][info][gc,phases   ] GC(14) Pause Mark End 0.023ms
[14.532s][info][gc,phases   ] GC(14) Concurrent Mark Free 0.001ms
[14.546s][info][gc,phases   ] GC(14) Concurrent Process Non-Strong References 13.807ms
[14.546s][info][gc,phases   ] GC(14) Concurrent Reset Relocation Set 0.083ms
[14.589s][info][gc,phases   ] GC(14) Concurrent Select Relocation Set 43.053ms
[14.590s][info][gc,phases   ] GC(14) Pause Relocate Start 0.009ms
[14.598s][info][gc,phases   ] GC(14) Concurrent Relocate 8.591ms
[14.599s][info][gc,load     ] GC(14) Load: 0.00/0.00/0.00
[14.599s][info][gc,mmu      ] GC(14) MMU: 2ms/97.9%, 5ms/99.2%, 10ms/99.6%, 20ms/99.8%, 50ms/99.9%, 100ms/99.9%
[14.599s][info][gc,marking  ] GC(14) Mark: 2 stripe(s), 2 proactive flush(es), 1 terminate flush(es), 0 completion(s), 0 continuation(s) 
[14.599s][info][gc,marking  ] GC(14) Mark Stack Usage: 32M
[14.599s][info][gc,nmethod  ] GC(14) NMethods: 7823 registered, 2462 unregistered
[14.599s][info][gc,metaspace] GC(14) Metaspace: 70M used, 70M committed, 1088M reserved
[14.599s][info][gc,ref      ] GC(14) Soft: 3815 encountered, 0 discovered, 0 enqueued
[14.599s][info][gc,ref      ] GC(14) Weak: 10640 encountered, 2438 discovered, 0 enqueued
[14.599s][info][gc,ref      ] GC(14) Final: 289 encountered, 38 discovered, 0 enqueued
[14.599s][info][gc,ref      ] GC(14) Phantom: 422 encountered, 175 discovered, 0 enqueued
[14.599s][info][gc,reloc    ] GC(14) Small Pages: 1271 / 2542M, Empty: 1958M, Relocated: 5M, In-Place: 0
[14.599s][info][gc,reloc    ] GC(14) Medium Pages: 0 / 0M, Empty: 0M, Relocated: 0M, In-Place: 0
[14.599s][info][gc,reloc    ] GC(14) Large Pages: 0 / 0M, Empty: 0M, Relocated: 0M, In-Place: 0
[14.599s][info][gc,reloc    ] GC(14) Forwarding Usage: 1M
[14.599s][info][gc,heap     ] GC(14) Min Capacity: 8M(0%)
[14.599s][info][gc,heap     ] GC(14) Max Capacity: 4096M(100%)
[14.599s][info][gc,heap     ] GC(14) Soft Max Capacity: 4096M(100%)
[14.599s][info][gc,heap     ] GC(14)                Mark Start          Mark End        Relocate Start      Relocate End           High               Low         
[14.599s][info][gc,heap     ] GC(14)  Capacity:     2574M (63%)        2956M (72%)        2956M (72%)        2956M (72%)        2956M (72%)        2574M (63%)    
[14.599s][info][gc,heap     ] GC(14)      Free:     1554M (38%)        1174M (29%)        3000M (73%)        3494M (85%)        3498M (85%)        1140M (28%)    
[14.599s][info][gc,heap     ] GC(14)      Used:     2542M (62%)        2922M (71%)        1096M (27%)         602M (15%)        2956M (72%)         598M (15%)    
[14.599s][info][gc,heap     ] GC(14)      Live:         -                51M (1%)           51M (1%)           51M (1%)             -                  -          
[14.599s][info][gc,heap     ] GC(14) Allocated:         -               380M (9%)          512M (13%)         539M (13%)            -                  -          
[14.599s][info][gc,heap     ] GC(14)   Garbage:         -              2490M (61%)         532M (13%)          10M (0%)             -                  -          
[14.599s][info][gc,heap     ] GC(14) Reclaimed:         -                  -              1958M (48%)        2479M (61%)            -                  -          
[14.599s][info][gc          ] GC(14) Garbage Collection (Allocation Rate) 2542M(62%)->602M(15%)
[14.835s][info][gc,start    ] GC(15) Garbage Collection (Allocation Rate)
[14.836s][info][gc,task     ] GC(15) Using 2 workers
[14.836s][info][gc,phases   ] GC(15) Pause Mark Start 0.017ms
[14.944s][info][gc,phases   ] GC(15) Concurrent Mark 107.848ms
[14.944s][info][gc,phases   ] GC(15) Pause Mark End 0.025ms
[14.944s][info][gc,phases   ] GC(15) Concurrent Mark Free 0.001ms
[14.962s][info][gc,phases   ] GC(15) Concurrent Process Non-Strong References 17.378ms
[14.962s][info][gc,phases   ] GC(15) Concurrent Reset Relocation Set 0.064ms
[14.969s][info][gc,phases   ] GC(15) Concurrent Select Relocation Set 7.209ms
[14.969s][info][gc,phases   ] GC(15) Pause Relocate Start 0.008ms
[14.985s][info][gc,phases   ] GC(15) Concurrent Relocate 15.358ms
[14.985s][info][gc,load     ] GC(15) Load: 0.00/0.00/0.00
[14.985s][info][gc,mmu      ] GC(15) MMU: 2ms/97.9%, 5ms/99.2%, 10ms/99.6%, 20ms/99.8%, 50ms/99.9%, 100ms/99.9%
[14.985s][info][gc,marking  ] GC(15) Mark: 2 stripe(s), 2 proactive flush(es), 1 terminate flush(es), 0 completion(s), 0 continuation(s) 
[14.985s][info][gc,marking  ] GC(15) Mark Stack Usage: 32M
[14.985s][info][gc,nmethod  ] GC(15) NMethods: 7831 registered, 2464 unregistered
[14.985s][info][gc,metaspace] GC(15) Metaspace: 70M used, 70M committed, 1088M reserved
[14.985s][info][gc,ref      ] GC(15) Soft: 3815 encountered, 0 discovered, 0 enqueued
[14.985s][info][gc,ref      ] GC(15) Weak: 10640 encountered, 2189 discovered, 0 enqueued
[14.985s][info][gc,ref      ] GC(15) Final: 289 encountered, 32 discovered, 0 enqueued
[14.985s][info][gc,ref      ] GC(15) Phantom: 422 encountered, 307 discovered, 0 enqueued
[14.986s][info][gc,reloc    ] GC(15) Small Pages: 904 / 1808M, Empty: 1148M, Relocated: 5M, In-Place: 0
[14.986s][info][gc,reloc    ] GC(15) Medium Pages: 0 / 0M, Empty: 0M, Relocated: 0M, In-Place: 0
[14.986s][info][gc,reloc    ] GC(15) Large Pages: 0 / 0M, Empty: 0M, Relocated: 0M, In-Place: 0
[14.986s][info][gc,reloc    ] GC(15) Forwarding Usage: 1M
[14.986s][info][gc,heap     ] GC(15) Min Capacity: 8M(0%)
[14.986s][info][gc,heap     ] GC(15) Max Capacity: 4096M(100%)
[14.986s][info][gc,heap     ] GC(15) Soft Max Capacity: 4096M(100%)
[14.986s][info][gc,heap     ] GC(15)                Mark Start          Mark End        Relocate Start      Relocate End           High               Low         
[14.986s][info][gc,heap     ] GC(15)  Capacity:     2956M (72%)        2956M (72%)        2956M (72%)        2956M (72%)        2956M (72%)        2956M (72%)    
[14.986s][info][gc,heap     ] GC(15)      Free:     2288M (56%)        1830M (45%)        2860M (70%)        3400M (83%)        3414M (83%)        1756M (43%)    
[14.986s][info][gc,heap     ] GC(15)      Used:     1808M (44%)        2266M (55%)        1236M (30%)         696M (17%)        2340M (57%)         682M (17%)    
[14.986s][info][gc,heap     ] GC(15)      Live:         -                51M (1%)           51M (1%)           51M (1%)             -                  -          
[14.986s][info][gc,heap     ] GC(15) Allocated:         -               458M (11%)         576M (14%)         633M (15%)            -                  -          
[14.986s][info][gc,heap     ] GC(15)   Garbage:         -              1756M (43%)         608M (15%)          10M (0%)             -                  -          
[14.986s][info][gc,heap     ] GC(15) Reclaimed:         -                  -              1148M (28%)        1745M (43%)            -                  -          
[14.986s][info][gc          ] GC(15) Garbage Collection (Allocation Rate) 1808M(44%)->696M(17%)
[15.335s][info][gc,start    ] GC(16) Garbage Collection (Allocation Rate)
[15.336s][info][gc,task     ] GC(16) Using 2 workers
[15.336s][info][gc,phases   ] GC(16) Pause Mark Start 0.010ms
[15.421s][info][gc,phases   ] GC(16) Concurrent Mark 84.732ms
[15.421s][info][gc,phases   ] GC(16) Pause Mark End 0.023ms
[15.422s][info][gc,phases   ] GC(16) Concurrent Mark Free 0.001ms
[15.842s][info][gc,phases   ] GC(16) Concurrent Process Non-Strong References 420.321ms
[15.842s][info][gc,phases   ] GC(16) Concurrent Reset Relocation Set 0.061ms
[15.847s][info][gc,phases   ] GC(16) Concurrent Select Relocation Set 5.275ms
[15.848s][info][gc,phases   ] GC(16) Pause Relocate Start 0.009ms
[15.871s][info][gc,phases   ] GC(16) Concurrent Relocate 21.491ms
[15.871s][info][gc,load     ] GC(16) Load: 0.00/0.00/0.00
[15.871s][info][gc,mmu      ] GC(16) MMU: 2ms/97.9%, 5ms/99.2%, 10ms/99.6%, 20ms/99.8%, 50ms/99.9%, 100ms/99.9%
[15.871s][info][gc,marking  ] GC(16) Mark: 2 stripe(s), 3 proactive flush(es), 1 terminate flush(es), 0 completion(s), 0 continuation(s) 
[15.871s][info][gc,marking  ] GC(16) Mark Stack Usage: 32M
[15.871s][info][gc,nmethod  ] GC(16) NMethods: 7855 registered, 2466 unregistered
[15.871s][info][gc,metaspace] GC(16) Metaspace: 70M used, 70M committed, 1088M reserved
[15.871s][info][gc,ref      ] GC(16) Soft: 3815 encountered, 0 discovered, 0 enqueued
[15.871s][info][gc,ref      ] GC(16) Weak: 10640 encountered, 1706 discovered, 0 enqueued
[15.871s][info][gc,ref      ] GC(16) Final: 289 encountered, 36 discovered, 0 enqueued
[15.871s][info][gc,ref      ] GC(16) Phantom: 422 encountered, 268 discovered, 0 enqueued
[15.871s][info][gc,reloc    ] GC(16) Small Pages: 1134 / 2268M, Empty: 1694M, Relocated: 5M, In-Place: 0
[15.871s][info][gc,reloc    ] GC(16) Medium Pages: 0 / 0M, Empty: 0M, Relocated: 0M, In-Place: 0
[15.871s][info][gc,reloc    ] GC(16) Large Pages: 0 / 0M, Empty: 0M, Relocated: 0M, In-Place: 0
[15.871s][info][gc,reloc    ] GC(16) Forwarding Usage: 1M
[15.871s][info][gc,heap     ] GC(16) Min Capacity: 8M(0%)
[15.872s][info][gc,heap     ] GC(16) Max Capacity: 4096M(100%)
[15.872s][info][gc,heap     ] GC(16) Soft Max Capacity: 4096M(100%)
[15.872s][info][gc,heap     ] GC(16)                Mark Start          Mark End        Relocate Start      Relocate End           High               Low         
[15.872s][info][gc,heap     ] GC(16)  Capacity:     2956M (72%)        2956M (72%)        3572M (87%)        3572M (87%)        3572M (87%)        2956M (72%)    
[15.872s][info][gc,heap     ] GC(16)      Free:     1828M (45%)        1392M (34%)        2236M (55%)        2720M (66%)        2730M (67%)         524M (13%)    
[15.872s][info][gc,heap     ] GC(16)      Used:     2268M (55%)        2704M (66%)        1860M (45%)        1376M (34%)        3572M (87%)        1366M (33%)    
[15.872s][info][gc,heap     ] GC(16)      Live:         -                51M (1%)           51M (1%)           51M (1%)             -                  -          
[15.872s][info][gc,heap     ] GC(16) Allocated:         -               436M (11%)        1286M (31%)        1313M (32%)            -                  -          
[15.872s][info][gc,heap     ] GC(16)   Garbage:         -              2216M (54%)         522M (13%)          10M (0%)             -                  -          
[15.872s][info][gc,heap     ] GC(16) Reclaimed:         -                  -              1694M (41%)        2205M (54%)            -                  -          
[15.872s][info][gc          ] GC(16) Garbage Collection (Allocation Rate) 2268M(55%)->1376M(34%)
[15.935s][info][gc,start    ] GC(17) Garbage Collection (Allocation Rate)
[15.935s][info][gc,task     ] GC(17) Using 6 workers
[15.935s][info][gc,phases   ] GC(17) Pause Mark Start 0.012ms
[15.971s][info][gc,phases   ] GC(17) Concurrent Mark 35.790ms
[15.971s][info][gc,phases   ] GC(17) Pause Mark End 0.025ms
[15.973s][info][gc,phases   ] GC(17) Concurrent Mark Free 0.002ms
[15.978s][info][gc,phases   ] GC(17) Concurrent Process Non-Strong References 5.200ms
[15.978s][info][gc,phases   ] GC(17) Concurrent Reset Relocation Set 0.064ms
[15.995s][info][gc,phases   ] GC(17) Concurrent Select Relocation Set 17.122ms
[15.995s][info][gc,phases   ] GC(17) Pause Relocate Start 0.009ms
[16.007s][info][gc,phases   ] GC(17) Concurrent Relocate 11.204ms
[16.007s][info][gc,load     ] GC(17) Load: 0.00/0.00/0.00
[16.007s][info][gc,mmu      ] GC(17) MMU: 2ms/97.9%, 5ms/99.2%, 10ms/99.6%, 20ms/99.8%, 50ms/99.9%, 100ms/99.9%
[16.007s][info][gc,marking  ] GC(17) Mark: 4 stripe(s), 2 proactive flush(es), 1 terminate flush(es), 0 completion(s), 0 continuation(s) 
[16.007s][info][gc,marking  ] GC(17) Mark Stack Usage: 32M
[16.007s][info][gc,nmethod  ] GC(17) NMethods: 7852 registered, 2471 unregistered
[16.007s][info][gc,metaspace] GC(17) Metaspace: 70M used, 70M committed, 1088M reserved
[16.007s][info][gc,ref      ] GC(17) Soft: 3815 encountered, 0 discovered, 0 enqueued
[16.007s][info][gc,ref      ] GC(17) Weak: 10661 encountered, 1990 discovered, 3 enqueued
[16.007s][info][gc,ref      ] GC(17) Final: 289 encountered, 11 discovered, 0 enqueued
[16.007s][info][gc,ref      ] GC(17) Phantom: 422 encountered, 267 discovered, 0 enqueued
[16.007s][info][gc,reloc    ] GC(17) Small Pages: 833 / 1666M, Empty: 1048M, Relocated: 6M, In-Place: 0
[16.007s][info][gc,reloc    ] GC(17) Medium Pages: 0 / 0M, Empty: 0M, Relocated: 0M, In-Place: 0
[16.007s][info][gc,reloc    ] GC(17) Large Pages: 0 / 0M, Empty: 0M, Relocated: 0M, In-Place: 0
[16.007s][info][gc,reloc    ] GC(17) Forwarding Usage: 2M
[16.007s][info][gc,heap     ] GC(17) Min Capacity: 8M(0%)
[16.007s][info][gc,heap     ] GC(17) Max Capacity: 4096M(100%)
[16.007s][info][gc,heap     ] GC(17) Soft Max Capacity: 4096M(100%)
[16.007s][info][gc,heap     ] GC(17)                Mark Start          Mark End        Relocate Start      Relocate End           High               Low         
[16.007s][info][gc,heap     ] GC(17)  Capacity:     3572M (87%)        3572M (87%)        3572M (87%)        3572M (87%)        3572M (87%)        3572M (87%)    
[16.007s][info][gc,heap     ] GC(17)      Free:     2430M (59%)        2228M (54%)        3184M (78%)        3702M (90%)        3714M (91%)        2200M (54%)    
[16.007s][info][gc,heap     ] GC(17)      Used:     1666M (41%)        1868M (46%)         912M (22%)         394M (10%)        1896M (46%)         382M (9%)     
[16.007s][info][gc,heap     ] GC(17)      Live:         -                51M (1%)           51M (1%)           51M (1%)             -                  -          
[16.007s][info][gc,heap     ] GC(17) Allocated:         -               202M (5%)          294M (7%)          325M (8%)             -                  -          
[16.007s][info][gc,heap     ] GC(17)   Garbage:         -              1614M (39%)         566M (14%)          16M (0%)             -                  -          
[16.007s][info][gc,heap     ] GC(17) Reclaimed:         -                  -              1048M (26%)        1597M (39%)            -                  -          
[16.007s][info][gc          ] GC(17) Garbage Collection (Allocation Rate) 1666M(41%)->394M(10%)
[16.335s][info][gc,start    ] GC(18) Garbage Collection (Allocation Rate)
[16.335s][info][gc,task     ] GC(18) Using 4 workers
[16.335s][info][gc,phases   ] GC(18) Pause Mark Start 0.009ms
[16.382s][info][gc,phases   ] GC(18) Concurrent Mark 45.650ms
[16.382s][info][gc,phases   ] GC(18) Pause Mark End 0.025ms
[16.383s][info][gc,phases   ] GC(18) Concurrent Mark Free 0.001ms
[16.392s][info][gc,phases   ] GC(18) Concurrent Process Non-Strong References 8.947ms
[16.393s][info][gc,phases   ] GC(18) Concurrent Reset Relocation Set 0.081ms
[16.399s][info][gc,phases   ] GC(18) Concurrent Select Relocation Set 5.918ms
[16.399s][info][gc,phases   ] GC(18) Pause Relocate Start 0.009ms
[16.406s][info][gc,phases   ] GC(18) Concurrent Relocate 6.627ms
[16.406s][info][gc,load     ] GC(18) Load: 0.00/0.00/0.00
[16.406s][info][gc,mmu      ] GC(18) MMU: 2ms/97.9%, 5ms/99.2%, 10ms/99.6%, 20ms/99.8%, 50ms/99.9%, 100ms/99.9%
[16.406s][info][gc,marking  ] GC(18) Mark: 4 stripe(s), 2 proactive flush(es), 1 terminate flush(es), 0 completion(s), 0 continuation(s) 
[16.406s][info][gc,marking  ] GC(18) Mark Stack Usage: 32M
[16.406s][info][gc,nmethod  ] GC(18) NMethods: 7868 registered, 2521 unregistered
[16.406s][info][gc,metaspace] GC(18) Metaspace: 70M used, 70M committed, 1088M reserved
[16.406s][info][gc,ref      ] GC(18) Soft: 3818 encountered, 0 discovered, 0 enqueued
[16.406s][info][gc,ref      ] GC(18) Weak: 10681 encountered, 2230 discovered, 48 enqueued
[16.406s][info][gc,ref      ] GC(18) Final: 289 encountered, 1 discovered, 0 enqueued
[16.406s][info][gc,ref      ] GC(18) Phantom: 444 encountered, 215 discovered, 22 enqueued
[16.406s][info][gc,reloc    ] GC(18) Small Pages: 811 / 1622M, Empty: 1018M, Relocated: 5M, In-Place: 0
[16.406s][info][gc,reloc    ] GC(18) Medium Pages: 0 / 0M, Empty: 0M, Relocated: 0M, In-Place: 0
[16.406s][info][gc,reloc    ] GC(18) Large Pages: 0 / 0M, Empty: 0M, Relocated: 0M, In-Place: 0
[16.406s][info][gc,reloc    ] GC(18) Forwarding Usage: 1M
[16.406s][info][gc,heap     ] GC(18) Min Capacity: 8M(0%)
[16.406s][info][gc,heap     ] GC(18) Max Capacity: 4096M(100%)
[16.406s][info][gc,heap     ] GC(18) Soft Max Capacity: 4096M(100%)
[16.406s][info][gc,heap     ] GC(18)                Mark Start          Mark End        Relocate Start      Relocate End           High               Low         
[16.406s][info][gc,heap     ] GC(18)  Capacity:     3572M (87%)        3572M (87%)        3572M (87%)        3572M (87%)        3572M (87%)        3572M (87%)    
[16.406s][info][gc,heap     ] GC(18)      Free:     2474M (60%)        2218M (54%)        3160M (77%)        3678M (90%)        3680M (90%)        2168M (53%)    
[16.406s][info][gc,heap     ] GC(18)      Used:     1622M (40%)        1878M (46%)         936M (23%)         418M (10%)        1928M (47%)         416M (10%)    
[16.406s][info][gc,heap     ] GC(18)      Live:         -                51M (1%)           51M (1%)           51M (1%)             -                  -          
[16.406s][info][gc,heap     ] GC(18) Allocated:         -               256M (6%)          332M (8%)          351M (9%)             -                  -          
[16.406s][info][gc,heap     ] GC(18)   Garbage:         -              1570M (38%)         552M (13%)          14M (0%)             -                  -          
[16.406s][info][gc,heap     ] GC(18) Reclaimed:         -                  -              1018M (25%)        1555M (38%)            -                  -          
[16.406s][info][gc          ] GC(18) Garbage Collection (Allocation Rate) 1622M(40%)->418M(10%)
[16.836s][info][gc,start    ] GC(19) Garbage Collection (Allocation Rate)
[16.836s][info][gc,task     ] GC(19) Using 3 workers
[16.836s][info][gc,phases   ] GC(19) Pause Mark Start 0.013ms
[16.916s][info][gc,phases   ] GC(19) Concurrent Mark 79.272ms
[16.916s][info][gc,phases   ] GC(19) Pause Mark End 0.026ms
[16.916s][info][gc,phases   ] GC(19) Concurrent Mark Free 0.001ms
[16.929s][info][gc,phases   ] GC(19) Concurrent Process Non-Strong References 13.364ms
[16.930s][info][gc,phases   ] GC(19) Concurrent Reset Relocation Set 0.066ms
[16.940s][info][gc,phases   ] GC(19) Concurrent Select Relocation Set 10.308ms
[16.940s][info][gc,phases   ] GC(19) Pause Relocate Start 0.009ms
[16.948s][info][gc,phases   ] GC(19) Concurrent Relocate 7.784ms
[16.948s][info][gc,load     ] GC(19) Load: 0.00/0.00/0.00
[16.948s][info][gc,mmu      ] GC(19) MMU: 2ms/97.9%, 5ms/99.2%, 10ms/99.6%, 20ms/99.8%, 50ms/99.9%, 100ms/99.9%
[16.948s][info][gc,marking  ] GC(19) Mark: 2 stripe(s), 2 proactive flush(es), 1 terminate flush(es), 0 completion(s), 0 continuation(s) 
[16.948s][info][gc,marking  ] GC(19) Mark Stack Usage: 32M
[16.948s][info][gc,nmethod  ] GC(19) NMethods: 7962 registered, 2597 unregistered
[16.948s][info][gc,metaspace] GC(19) Metaspace: 70M used, 70M committed, 1088M reserved
[16.948s][info][gc,ref      ] GC(19) Soft: 3818 encountered, 0 discovered, 0 enqueued
[16.948s][info][gc,ref      ] GC(19) Weak: 10196 encountered, 2195 discovered, 102 enqueued
[16.948s][info][gc,ref      ] GC(19) Final: 289 encountered, 49 discovered, 0 enqueued
[16.948s][info][gc,ref      ] GC(19) Phantom: 422 encountered, 258 discovered, 0 enqueued
[16.948s][info][gc,reloc    ] GC(19) Small Pages: 1142 / 2284M, Empty: 1516M, Relocated: 4M, In-Place: 0
[16.948s][info][gc,reloc    ] GC(19) Medium Pages: 0 / 0M, Empty: 0M, Relocated: 0M, In-Place: 0
[16.948s][info][gc,reloc    ] GC(19) Large Pages: 0 / 0M, Empty: 0M, Relocated: 0M, In-Place: 0
[16.948s][info][gc,reloc    ] GC(19) Forwarding Usage: 1M
[16.948s][info][gc,heap     ] GC(19) Min Capacity: 8M(0%)
[16.948s][info][gc,heap     ] GC(19) Max Capacity: 4096M(100%)
[16.949s][info][gc,heap     ] GC(19) Soft Max Capacity: 4096M(100%)
[16.949s][info][gc,heap     ] GC(19)                Mark Start          Mark End        Relocate Start      Relocate End           High               Low         
[16.949s][info][gc,heap     ] GC(19)  Capacity:     3572M (87%)        3572M (87%)        3572M (87%)        3572M (87%)        3572M (87%)        3572M (87%)    
[16.949s][info][gc,heap     ] GC(19)      Free:     1812M (44%)        1492M (36%)        2936M (72%)        3612M (88%)        3616M (88%)        1448M (35%)    
[16.949s][info][gc,heap     ] GC(19)      Used:     2284M (56%)        2604M (64%)        1160M (28%)         484M (12%)        2648M (65%)         480M (12%)    
[16.949s][info][gc,heap     ] GC(19)      Live:         -                50M (1%)           50M (1%)           50M (1%)             -                  -          
[16.949s][info][gc,heap     ] GC(19) Allocated:         -               320M (8%)          392M (10%)         420M (10%)            -                  -          
[16.949s][info][gc,heap     ] GC(19)   Garbage:         -              2233M (55%)         717M (18%)          12M (0%)             -                  -          
[16.949s][info][gc,heap     ] GC(19) Reclaimed:         -                  -              1516M (37%)        2220M (54%)            -                  -          
[16.949s][info][gc          ] GC(19) Garbage Collection (Allocation Rate) 2284M(56%)->484M(12%)
[17.235s][info][gc,start    ] GC(20) Garbage Collection (Allocation Rate)
[17.235s][info][gc,task     ] GC(20) Using 2 workers
[17.235s][info][gc,phases   ] GC(20) Pause Mark Start 0.011ms
[17.308s][info][gc,phases   ] GC(20) Concurrent Mark 72.810ms
[17.308s][info][gc,phases   ] GC(20) Pause Mark End 0.040ms
[17.308s][info][gc,phases   ] GC(20) Concurrent Mark Free 0.001ms
[17.321s][info][gc,phases   ] GC(20) Concurrent Process Non-Strong References 12.356ms
[17.321s][info][gc,phases   ] GC(20) Concurrent Reset Relocation Set 0.078ms
[17.326s][info][gc,phases   ] GC(20) Concurrent Select Relocation Set 4.725ms
[17.326s][info][gc,phases   ] GC(20) Pause Relocate Start 0.009ms
[17.330s][info][gc,phases   ] GC(20) Concurrent Relocate 3.980ms
[17.330s][info][gc,load     ] GC(20) Load: 0.00/0.00/0.00
[17.330s][info][gc,mmu      ] GC(20) MMU: 2ms/97.9%, 5ms/99.2%, 10ms/99.6%, 20ms/99.8%, 50ms/99.9%, 100ms/99.9%
[17.330s][info][gc,marking  ] GC(20) Mark: 2 stripe(s), 2 proactive flush(es), 1 terminate flush(es), 1 completion(s), 0 continuation(s) 
[17.330s][info][gc,marking  ] GC(20) Mark Stack Usage: 32M
[17.330s][info][gc,nmethod  ] GC(20) NMethods: 7967 registered, 2614 unregistered
[17.330s][info][gc,metaspace] GC(20) Metaspace: 70M used, 70M committed, 1088M reserved
[17.330s][info][gc,ref      ] GC(20) Soft: 3818 encountered, 0 discovered, 0 enqueued
[17.330s][info][gc,ref      ] GC(20) Weak: 9934 encountered, 2191 discovered, 42 enqueued
[17.330s][info][gc,ref      ] GC(20) Final: 289 encountered, 51 discovered, 0 enqueued
[17.330s][info][gc,ref      ] GC(20) Phantom: 422 encountered, 241 discovered, 0 enqueued
[17.330s][info][gc,reloc    ] GC(20) Small Pages: 833 / 1666M, Empty: 1232M, Relocated: 3M, In-Place: 0
[17.330s][info][gc,reloc    ] GC(20) Medium Pages: 0 / 0M, Empty: 0M, Relocated: 0M, In-Place: 0
[17.330s][info][gc,reloc    ] GC(20) Large Pages: 0 / 0M, Empty: 0M, Relocated: 0M, In-Place: 0
[17.330s][info][gc,reloc    ] GC(20) Forwarding Usage: 1M
[17.330s][info][gc,heap     ] GC(20) Min Capacity: 8M(0%)
[17.330s][info][gc,heap     ] GC(20) Max Capacity: 4096M(100%)
[17.330s][info][gc,heap     ] GC(20) Soft Max Capacity: 4096M(100%)
[17.330s][info][gc,heap     ] GC(20)                Mark Start          Mark End        Relocate Start      Relocate End           High               Low         
[17.330s][info][gc,heap     ] GC(20)  Capacity:     3572M (87%)        3572M (87%)        3572M (87%)        3572M (87%)        3572M (87%)        3572M (87%)    
[17.330s][info][gc,heap     ] GC(20)      Free:     2430M (59%)        2130M (52%)        3294M (80%)        3650M (89%)        3650M (89%)        2080M (51%)    
[17.330s][info][gc,heap     ] GC(20)      Used:     1666M (41%)        1966M (48%)         802M (20%)         446M (11%)        2016M (49%)         446M (11%)    
[17.330s][info][gc,heap     ] GC(20)      Live:         -                50M (1%)           50M (1%)           50M (1%)             -                  -          
[17.330s][info][gc,heap     ] GC(20) Allocated:         -               300M (7%)          368M (9%)          383M (9%)             -                  -          
[17.330s][info][gc,heap     ] GC(20)   Garbage:         -              1615M (39%)         383M (9%)           12M (0%)             -                  -          
[17.330s][info][gc,heap     ] GC(20) Reclaimed:         -                  -              1232M (30%)        1603M (39%)            -                  -          
[17.330s][info][gc          ] GC(20) Garbage Collection (Allocation Rate) 1666M(41%)->446M(11%)
[17.936s][info][gc,start    ] GC(21) Garbage Collection (Allocation Rate)
[17.936s][info][gc,task     ] GC(21) Using 2 workers
[17.936s][info][gc,phases   ] GC(21) Pause Mark Start 0.010ms
[17.983s][info][gc,phases   ] GC(21) Concurrent Mark 46.591ms
[17.983s][info][gc,phases   ] GC(21) Pause Mark End 0.022ms
[17.983s][info][gc,phases   ] GC(21) Concurrent Mark Free 0.000ms
[17.992s][info][gc,phases   ] GC(21) Concurrent Process Non-Strong References 8.715ms
[17.992s][info][gc,phases   ] GC(21) Concurrent Reset Relocation Set 0.026ms
[17.997s][info][gc,phases   ] GC(21) Concurrent Select Relocation Set 5.088ms
[17.997s][info][gc,phases   ] GC(21) Pause Relocate Start 0.009ms
[18.001s][info][gc,phases   ] GC(21) Concurrent Relocate 3.909ms
[18.001s][info][gc,load     ] GC(21) Load: 0.00/0.00/0.00
[18.001s][info][gc,mmu      ] GC(21) MMU: 2ms/97.9%, 5ms/99.2%, 10ms/99.6%, 20ms/99.8%, 50ms/99.9%, 100ms/99.9%
[18.001s][info][gc,marking  ] GC(21) Mark: 2 stripe(s), 2 proactive flush(es), 1 terminate flush(es), 0 completion(s), 0 continuation(s) 
[18.001s][info][gc,marking  ] GC(21) Mark Stack Usage: 32M
[18.001s][info][gc,nmethod  ] GC(21) NMethods: 8052 registered, 2642 unregistered
[18.001s][info][gc,metaspace] GC(21) Metaspace: 70M used, 70M committed, 1088M reserved
[18.001s][info][gc,ref      ] GC(21) Soft: 3818 encountered, 0 discovered, 0 enqueued
[18.001s][info][gc,ref      ] GC(21) Weak: 9566 encountered, 2234 discovered, 196 enqueued
[18.001s][info][gc,ref      ] GC(21) Final: 289 encountered, 50 discovered, 0 enqueued
[18.001s][info][gc,ref      ] GC(21) Phantom: 443 encountered, 230 discovered, 21 enqueued
[18.001s][info][gc,reloc    ] GC(21) Small Pages: 1094 / 2188M, Empty: 1730M, Relocated: 4M, In-Place: 0
[18.001s][info][gc,reloc    ] GC(21) Medium Pages: 0 / 0M, Empty: 0M, Relocated: 0M, In-Place: 0
[18.001s][info][gc,reloc    ] GC(21) Large Pages: 0 / 0M, Empty: 0M, Relocated: 0M, In-Place: 0
[18.001s][info][gc,reloc    ] GC(21) Forwarding Usage: 1M
[18.001s][info][gc,heap     ] GC(21) Min Capacity: 8M(0%)
[18.001s][info][gc,heap     ] GC(21) Max Capacity: 4096M(100%)
[18.001s][info][gc,heap     ] GC(21) Soft Max Capacity: 4096M(100%)
[18.001s][info][gc,heap     ] GC(21)                Mark Start          Mark End        Relocate Start      Relocate End           High               Low         
[18.001s][info][gc,heap     ] GC(21)  Capacity:     3572M (87%)        3572M (87%)        3572M (87%)        3572M (87%)        3572M (87%)        3572M (87%)    
[18.001s][info][gc,heap     ] GC(21)      Free:     1908M (47%)        1782M (44%)        3486M (85%)        3872M (95%)        3872M (95%)        1764M (43%)    
[18.001s][info][gc,heap     ] GC(21)      Used:     2188M (53%)        2314M (56%)         610M (15%)         224M (5%)         2332M (57%)         224M (5%)     
[18.001s][info][gc,heap     ] GC(21)      Live:         -                48M (1%)           48M (1%)           48M (1%)             -                  -          
[18.001s][info][gc,heap     ] GC(21) Allocated:         -               126M (3%)          152M (4%)          163M (4%)             -                  -          
[18.001s][info][gc,heap     ] GC(21)   Garbage:         -              2139M (52%)         409M (10%)          12M (0%)             -                  -          
[18.001s][info][gc,heap     ] GC(21) Reclaimed:         -                  -              1730M (42%)        2127M (52%)            -                  -          
[18.001s][info][gc          ] GC(21) Garbage Collection (Allocation Rate) 2188M(53%)->224M(5%)
[18.435s][info][gc,start    ] GC(22) Garbage Collection (Allocation Rate)
[18.435s][info][gc,task     ] GC(22) Using 6 workers
[18.435s][info][gc,phases   ] GC(22) Pause Mark Start 0.009ms
[18.462s][info][gc,phases   ] GC(22) Concurrent Mark 26.741ms
[18.462s][info][gc,phases   ] GC(22) Pause Mark End 0.021ms
[18.462s][info][gc,phases   ] GC(22) Concurrent Mark Free 0.001ms
[18.465s][info][gc,phases   ] GC(22) Concurrent Process Non-Strong References 3.333ms
[18.466s][info][gc,phases   ] GC(22) Concurrent Reset Relocation Set 0.019ms
[18.468s][info][gc,phases   ] GC(22) Concurrent Select Relocation Set 2.516ms
[18.468s][info][gc,phases   ] GC(22) Pause Relocate Start 0.007ms
[18.470s][info][gc,phases   ] GC(22) Concurrent Relocate 1.310ms
[18.470s][info][gc,load     ] GC(22) Load: 0.00/0.00/0.00
[18.470s][info][gc,mmu      ] GC(22) MMU: 2ms/97.9%, 5ms/99.2%, 10ms/99.6%, 20ms/99.8%, 50ms/99.9%, 100ms/99.9%
[18.470s][info][gc,marking  ] GC(22) Mark: 4 stripe(s), 2 proactive flush(es), 1 terminate flush(es), 0 completion(s), 0 continuation(s) 
[18.470s][info][gc,marking  ] GC(22) Mark Stack Usage: 32M
[18.470s][info][gc,nmethod  ] GC(22) NMethods: 8052 registered, 2643 unregistered
[18.470s][info][gc,metaspace] GC(22) Metaspace: 70M used, 70M committed, 1088M reserved
[18.470s][info][gc,ref      ] GC(22) Soft: 3818 encountered, 0 discovered, 0 enqueued
[18.470s][info][gc,ref      ] GC(22) Weak: 9346 encountered, 1533 discovered, 7 enqueued
[18.470s][info][gc,ref      ] GC(22) Final: 289 encountered, 29 discovered, 0 enqueued
[18.470s][info][gc,ref      ] GC(22) Phantom: 422 encountered, 285 discovered, 0 enqueued
[18.470s][info][gc,reloc    ] GC(22) Small Pages: 550 / 1100M, Empty: 846M, Relocated: 1M, In-Place: 0
[18.470s][info][gc,reloc    ] GC(22) Medium Pages: 0 / 0M, Empty: 0M, Relocated: 0M, In-Place: 0
[18.470s][info][gc,reloc    ] GC(22) Large Pages: 0 / 0M, Empty: 0M, Relocated: 0M, In-Place: 0
[18.470s][info][gc,reloc    ] GC(22) Forwarding Usage: 0M
[18.470s][info][gc,heap     ] GC(22) Min Capacity: 8M(0%)
[18.470s][info][gc,heap     ] GC(22) Max Capacity: 4096M(100%)
[18.470s][info][gc,heap     ] GC(22) Soft Max Capacity: 4096M(100%)
[18.470s][info][gc,heap     ] GC(22)                Mark Start          Mark End        Relocate Start      Relocate End           High               Low         
[18.470s][info][gc,heap     ] GC(22)  Capacity:     3572M (87%)        3572M (87%)        3572M (87%)        3572M (87%)        3572M (87%)        3572M (87%)    
[18.470s][info][gc,heap     ] GC(22)      Free:     2996M (73%)        2932M (72%)        3754M (92%)        3934M (96%)        3934M (96%)        2928M (71%)    
[18.470s][info][gc,heap     ] GC(22)      Used:     1100M (27%)        1164M (28%)         342M (8%)          162M (4%)         1168M (29%)         162M (4%)     
[18.470s][info][gc,heap     ] GC(22)      Live:         -                48M (1%)           48M (1%)           48M (1%)             -                  -          
[18.470s][info][gc,heap     ] GC(22) Allocated:         -                64M (2%)           88M (2%)           91M (2%)             -                  -          
[18.470s][info][gc,heap     ] GC(22)   Garbage:         -              1051M (26%)         205M (5%)           21M (1%)             -                  -          
[18.470s][info][gc,heap     ] GC(22) Reclaimed:         -                  -               846M (21%)        1029M (25%)            -                  -          
[18.470s][info][gc          ] GC(22) Garbage Collection (Allocation Rate) 1100M(27%)->162M(4%)
[19.231s][info][gc,start    ] GC(23) Garbage Collection (System.gc())
[19.231s][info][gc,task     ] GC(23) Using 12 workers
[19.231s][info][gc,phases   ] GC(23) Pause Mark Start 0.015ms
[19.258s][info][gc,phases   ] GC(23) Concurrent Mark 26.183ms
[19.258s][info][gc,phases   ] GC(23) Pause Mark End 0.034ms
[19.258s][info][gc,phases   ] GC(23) Concurrent Mark Free 0.001ms
[19.260s][info][gc,phases   ] GC(23) Concurrent Process Non-Strong References 2.286ms
[19.260s][info][gc,phases   ] GC(23) Concurrent Reset Relocation Set 0.014ms
[19.264s][info][gc,phases   ] GC(23) Concurrent Select Relocation Set 3.202ms
[19.264s][info][gc,phases   ] GC(23) Pause Relocate Start 0.007ms
[19.265s][info][gc,phases   ] GC(23) Concurrent Relocate 1.454ms
[19.265s][info][gc,load     ] GC(23) Load: 0.00/0.00/0.00
[19.265s][info][gc,mmu      ] GC(23) MMU: 2ms/97.9%, 5ms/99.2%, 10ms/99.6%, 20ms/99.8%, 50ms/99.9%, 100ms/99.9%
[19.265s][info][gc,marking  ] GC(23) Mark: 8 stripe(s), 3 proactive flush(es), 1 terminate flush(es), 0 completion(s), 0 continuation(s) 
[19.265s][info][gc,marking  ] GC(23) Mark Stack Usage: 32M
[19.265s][info][gc,nmethod  ] GC(23) NMethods: 8290 registered, 2660 unregistered
[19.265s][info][gc,metaspace] GC(23) Metaspace: 70M used, 71M committed, 1088M reserved
[19.265s][info][gc,ref      ] GC(23) Soft: 3824 encountered, 0 discovered, 0 enqueued
[19.265s][info][gc,ref      ] GC(23) Weak: 9343 encountered, 1533 discovered, 55 enqueued
[19.265s][info][gc,ref      ] GC(23) Final: 289 encountered, 20 discovered, 0 enqueued
[19.265s][info][gc,ref      ] GC(23) Phantom: 424 encountered, 324 discovered, 2 enqueued
[19.265s][info][gc,reloc    ] GC(23) Small Pages: 810 / 1620M, Empty: 1378M, Relocated: 3M, In-Place: 0
[19.265s][info][gc,reloc    ] GC(23) Medium Pages: 0 / 0M, Empty: 0M, Relocated: 0M, In-Place: 0
[19.265s][info][gc,reloc    ] GC(23) Large Pages: 0 / 0M, Empty: 0M, Relocated: 0M, In-Place: 0
[19.265s][info][gc,reloc    ] GC(23) Forwarding Usage: 1M
[19.265s][info][gc,heap     ] GC(23) Min Capacity: 8M(0%)
[19.265s][info][gc,heap     ] GC(23) Max Capacity: 4096M(100%)
[19.265s][info][gc,heap     ] GC(23) Soft Max Capacity: 4096M(100%)
[19.265s][info][gc,heap     ] GC(23)                Mark Start          Mark End        Relocate Start      Relocate End           High               Low         
[19.265s][info][gc,heap     ] GC(23)  Capacity:     3572M (87%)        3572M (87%)        3572M (87%)        3572M (87%)        3572M (87%)        3572M (87%)    
[19.265s][info][gc,heap     ] GC(23)      Free:     2476M (60%)        2384M (58%)        3762M (92%)        3924M (96%)        3924M (96%)        2384M (58%)    
[19.265s][info][gc,heap     ] GC(23)      Used:     1620M (40%)        1712M (42%)         334M (8%)          172M (4%)         1712M (42%)         172M (4%)     
[19.266s][info][gc,heap     ] GC(23)      Live:         -                48M (1%)           48M (1%)           48M (1%)             -                  -          
[19.266s][info][gc,heap     ] GC(23) Allocated:         -                92M (2%)           92M (2%)           91M (2%)             -                  -          
[19.266s][info][gc,heap     ] GC(23)   Garbage:         -              1571M (38%)         193M (5%)           31M (1%)             -                  -          
[19.266s][info][gc,heap     ] GC(23) Reclaimed:         -                  -              1378M (34%)        1539M (38%)            -                  -          
[19.266s][info][gc          ] GC(23) Garbage Collection (System.gc()) 1620M(40%)->172M(4%)
[20.135s][info][gc,start    ] GC(24) Garbage Collection (Allocation Rate)
[20.136s][info][gc,task     ] GC(24) Using 2 workers
[20.136s][info][gc,phases   ] GC(24) Pause Mark Start 0.011ms
[20.136s][info][gc,stats    ] === Garbage Collection Statistics =======================================================================================================================
[20.136s][info][gc,stats    ]                                                              Last 10s              Last 10m              Last 10h                Total
[20.136s][info][gc,stats    ]                                                              Avg / Max             Avg / Max             Avg / Max             Avg / Max
[20.136s][info][gc,stats    ]   Collector: Garbage Collection Cycle                    157.252 / 535.778     145.855 / 535.778     145.855 / 535.778     145.855 / 535.778     ms
[20.136s][info][gc,stats    ]  Contention: Mark Segment Reset Contention                     3 / 11                3 / 16                3 / 16                3 / 16          ops/s
[20.136s][info][gc,stats    ]  Contention: Mark SeqNum Reset Contention                      0 / 2                 0 / 3                 0 / 3                 0 / 3           ops/s
[20.136s][info][gc,stats    ]    Critical: Allocation Stall                                  0 / 0                 0 / 0                 0 / 0                 0 / 0           ops/s
[20.137s][info][gc,stats    ]    Critical: Allocation Stall                              0.000 / 0.000         0.000 / 0.000         0.000 / 0.000         0.000 / 0.000       ms
[20.137s][info][gc,stats    ]    Critical: GC Locker Stall                                   0 / 0                 0 / 0                 0 / 0                 0 / 0           ops/s
[20.137s][info][gc,stats    ]    Critical: GC Locker Stall                               0.000 / 0.000         0.000 / 0.000         0.000 / 0.000         0.000 / 0.000       ms
[20.137s][info][gc,stats    ]    Critical: Relocation Stall                                  0 / 0                 0 / 0                 0 / 0                 0 / 0           ops/s
[20.137s][info][gc,stats    ]    Critical: Relocation Stall                              0.000 / 0.000         0.000 / 0.000         0.000 / 0.000         0.000 / 0.000       ms
[20.137s][info][gc,stats    ]      Memory: Allocation Rate                                3440 / 4424           1887 / 4424           1887 / 4424           1887 / 4424        MB/s
[20.137s][info][gc,stats    ]      Memory: Defragment                                        0 / 0                 0 / 0                 0 / 0                 0 / 0           ops/s
[20.137s][info][gc,stats    ]      Memory: Out Of Memory                                     0 / 0                 0 / 0                 0 / 0                 0 / 0           ops/s
[20.137s][info][gc,stats    ]      Memory: Page Cache Flush                                  0 / 0                 0 / 0                 0 / 0                 0 / 0           MB/s
[20.137s][info][gc,stats    ]      Memory: Page Cache Hit L1                              1626 / 2105            861 / 2105            861 / 2105            861 / 2105        ops/s
[20.137s][info][gc,stats    ]      Memory: Page Cache Hit L2                                 0 / 0                 0 / 0                 0 / 0                 0 / 0           ops/s
[20.137s][info][gc,stats    ]      Memory: Page Cache Hit L3                                24 / 234              51 / 317              51 / 317              51 / 317         ops/s
[20.137s][info][gc,stats    ]      Memory: Page Cache Miss                                  76 / 308              38 / 308              38 / 308              38 / 308         ops/s
[20.137s][info][gc,stats    ]      Memory: Uncommit                                          0 / 0                 0 / 0                 0 / 0                 0 / 0           MB/s
[20.137s][info][gc,stats    ]      Memory: Undo Object Allocation Failed                     0 / 2                 0 / 6                 0 / 6                 0 / 6           ops/s
[20.137s][info][gc,stats    ]      Memory: Undo Object Allocation Succeeded                254 / 507             172 / 507             172 / 507             172 / 507         ops/s
[20.137s][info][gc,stats    ]      Memory: Undo Page Allocation                             57 / 227              31 / 227              31 / 227              31 / 227         ops/s
[20.137s][info][gc,stats    ]       Phase: Concurrent Mark                              87.578 / 218.746      77.913 / 218.746      77.913 / 218.746      77.913 / 218.746     ms
[20.137s][info][gc,stats    ]       Phase: Concurrent Mark Continue                      0.000 / 0.000         0.000 / 0.000         0.000 / 0.000         0.000 / 0.000       ms
[20.137s][info][gc,stats    ]       Phase: Concurrent Mark Free                          0.001 / 0.004         0.002 / 0.004         0.002 / 0.004         0.002 / 0.004       ms
[20.137s][info][gc,stats    ]       Phase: Concurrent Process Non-Strong References     40.363 / 420.321      34.878 / 420.321      34.878 / 420.321      34.878 / 420.321     ms
[20.137s][info][gc,stats    ]       Phase: Concurrent Relocate                           9.231 / 21.491        9.542 / 27.336        9.542 / 27.336        9.542 / 27.336      ms
[20.137s][info][gc,stats    ]       Phase: Concurrent Reset Relocation Set               0.063 / 0.102         0.059 / 0.138         0.059 / 0.138         0.059 / 0.138       ms
[20.137s][info][gc,stats    ]       Phase: Concurrent Select Relocation Set              9.548 / 43.053        9.992 / 43.053        9.992 / 43.053        9.992 / 43.053      ms
[20.137s][info][gc,stats    ]       Phase: Pause Mark End                                0.025 / 0.040         0.027 / 0.042         0.027 / 0.042         0.027 / 0.042       ms
[20.137s][info][gc,stats    ]       Phase: Pause Mark Start                              0.011 / 0.017         0.012 / 0.017         0.012 / 0.017         0.012 / 0.017       ms
[20.137s][info][gc,stats    ]       Phase: Pause Relocate Start                          0.008 / 0.009         0.009 / 0.010         0.009 / 0.010         0.009 / 0.010       ms
[20.137s][info][gc,stats    ]    Subphase: Concurrent Classes Purge                      0.483 / 1.609         0.859 / 5.427         0.859 / 5.427         0.859 / 5.427       ms
[20.137s][info][gc,stats    ]    Subphase: Concurrent Classes Unlink                    29.510 / 359.004      24.165 / 359.004      24.165 / 359.004      24.165 / 359.004     ms
[20.137s][info][gc,stats    ]    Subphase: Concurrent Mark                              59.346 / 213.324      46.921 / 213.324      46.921 / 213.324      46.921 / 213.324     ms
[20.137s][info][gc,stats    ]    Subphase: Concurrent Mark Try Flush                     5.189 / 52.897        4.454 / 52.897        4.454 / 52.897        4.454 / 52.897      ms
[20.137s][info][gc,stats    ]    Subphase: Concurrent Mark Try Terminate                 2.036 / 44.933        1.883 / 44.933        1.883 / 44.933        1.883 / 44.933      ms
[20.137s][info][gc,stats    ]    Subphase: Concurrent References Enqueue                 0.002 / 0.007         0.003 / 0.010         0.003 / 0.010         0.003 / 0.010       ms
[20.137s][info][gc,stats    ]    Subphase: Concurrent References Process                 0.428 / 0.712         0.466 / 2.321         0.466 / 2.321         0.466 / 2.321       ms
[20.137s][info][gc,stats    ]    Subphase: Concurrent Roots ClassLoaderDataGraph         0.147 / 0.726         0.170 / 2.952         0.170 / 2.952         0.170 / 2.952       ms
[20.137s][info][gc,stats    ]    Subphase: Concurrent Roots CodeCache                    0.000 / 0.000         0.000 / 0.000         0.000 / 0.000         0.000 / 0.000       ms
[20.137s][info][gc,stats    ]    Subphase: Concurrent Roots JavaThreads                  8.233 / 16.609        9.987 / 24.476        9.987 / 24.476        9.987 / 24.476      ms
[20.137s][info][gc,stats    ]    Subphase: Concurrent Roots OopStorageSet                0.133 / 0.605         0.317 / 2.435         0.317 / 2.435         0.317 / 2.435       ms
[20.137s][info][gc,stats    ]    Subphase: Concurrent Weak Roots OopStorageSet           0.885 / 2.069         0.572 / 2.069         0.572 / 2.069         0.572 / 2.069       ms
[20.137s][info][gc,stats    ]    Subphase: Pause Mark Try Complete                       0.001 / 0.002         0.001 / 0.002         0.001 / 0.002         0.001 / 0.002       ms
[20.137s][info][gc,stats    ]      System: Java Threads                                    171 / 193             157 / 193             157 / 193             157 / 193         threads
[20.137s][info][gc,stats    ] =========================================================================================================================================================
[20.559s][info][gc,phases   ] GC(24) Concurrent Mark 422.516ms
[20.559s][info][gc,phases   ] GC(24) Pause Mark End 0.024ms
[20.563s][info][gc,phases   ] GC(24) Concurrent Mark Free 0.002ms
[20.657s][info][gc,phases   ] GC(24) Concurrent Process Non-Strong References 93.595ms
[20.657s][info][gc,phases   ] GC(24) Concurrent Reset Relocation Set 0.032ms
[20.666s][info][gc,phases   ] GC(24) Concurrent Select Relocation Set 9.080ms
[20.666s][info][gc,phases   ] GC(24) Pause Relocate Start 0.009ms
[20.685s][info][gc,phases   ] GC(24) Concurrent Relocate 18.510ms
[20.685s][info][gc,load     ] GC(24) Load: 0.00/0.00/0.00
[20.685s][info][gc,mmu      ] GC(24) MMU: 2ms/97.9%, 5ms/99.2%, 10ms/99.6%, 20ms/99.8%, 50ms/99.9%, 100ms/99.9%
[20.685s][info][gc,marking  ] GC(24) Mark: 2 stripe(s), 2 proactive flush(es), 1 terminate flush(es), 0 completion(s), 0 continuation(s) 
[20.686s][info][gc,marking  ] GC(24) Mark Stack Usage: 32M
[20.686s][info][gc,nmethod  ] GC(24) NMethods: 8487 registered, 2978 unregistered
[20.686s][info][gc,metaspace] GC(24) Metaspace: 70M used, 71M committed, 1088M reserved
[20.686s][info][gc,ref      ] GC(24) Soft: 3829 encountered, 0 discovered, 0 enqueued
[20.686s][info][gc,ref      ] GC(24) Weak: 10821 encountered, 2131 discovered, 8 enqueued
[20.686s][info][gc,ref      ] GC(24) Final: 289 encountered, 37 discovered, 0 enqueued
[20.686s][info][gc,ref      ] GC(24) Phantom: 425 encountered, 212 discovered, 3 enqueued
[20.686s][info][gc,reloc    ] GC(24) Small Pages: 1319 / 2638M, Empty: 2076M, Relocated: 5M, In-Place: 0
[20.686s][info][gc,reloc    ] GC(24) Medium Pages: 0 / 0M, Empty: 0M, Relocated: 0M, In-Place: 0
[20.686s][info][gc,reloc    ] GC(24) Large Pages: 0 / 0M, Empty: 0M, Relocated: 0M, In-Place: 0
[20.686s][info][gc,reloc    ] GC(24) Forwarding Usage: 2M
[20.686s][info][gc,heap     ] GC(24) Min Capacity: 8M(0%)
[20.686s][info][gc,heap     ] GC(24) Max Capacity: 4096M(100%)
[20.686s][info][gc,heap     ] GC(24) Soft Max Capacity: 4096M(100%)
[20.686s][info][gc,heap     ] GC(24)                Mark Start          Mark End        Relocate Start      Relocate End           High               Low         
[20.686s][info][gc,heap     ] GC(24)  Capacity:     3572M (87%)        3572M (87%)        3572M (87%)        3572M (87%)        3572M (87%)        3572M (87%)    
[20.686s][info][gc,heap     ] GC(24)      Free:     1458M (36%)        1012M (25%)        2706M (66%)        3132M (76%)        3136M (77%)         658M (16%)    
[20.686s][info][gc,heap     ] GC(24)      Used:     2638M (64%)        3084M (75%)        1390M (34%)         964M (24%)        3438M (84%)         960M (23%)    
[20.686s][info][gc,heap     ] GC(24)      Live:         -                52M (1%)           52M (1%)           52M (1%)             -                  -          
[20.686s][info][gc,heap     ] GC(24) Allocated:         -               446M (11%)         828M (20%)         898M (22%)            -                  -          
[20.686s][info][gc,heap     ] GC(24)   Garbage:         -              2585M (63%)         509M (12%)          12M (0%)             -                  -          
[20.686s][info][gc,heap     ] GC(24) Reclaimed:         -                  -              2076M (51%)        2572M (63%)            -                  -          
[20.686s][info][gc          ] GC(24) Garbage Collection (Allocation Rate) 2638M(64%)->964M(24%)
[20.735s][info][gc,start    ] GC(25) Garbage Collection (Allocation Rate)
[20.736s][info][gc,task     ] GC(25) Using 3 workers
[20.736s][info][gc,phases   ] GC(25) Pause Mark Start 0.011ms
[20.833s][info][gc,phases   ] GC(25) Concurrent Mark 97.080ms
[20.834s][info][gc,phases   ] GC(25) Pause Mark End 0.024ms
[20.834s][info][gc,phases   ] GC(25) Concurrent Mark Free 0.001ms
[21.268s][info][gc,phases   ] GC(25) Concurrent Process Non-Strong References 434.483ms
[21.269s][info][gc,phases   ] GC(25) Concurrent Reset Relocation Set 0.076ms
[21.274s][info][gc,phases   ] GC(25) Concurrent Select Relocation Set 5.863ms
[21.275s][info][gc,phases   ] GC(25) Pause Relocate Start 0.010ms
[21.287s][info][gc,phases   ] GC(25) Concurrent Relocate 11.355ms
[21.287s][info][gc,load     ] GC(25) Load: 0.00/0.00/0.00
[21.287s][info][gc,mmu      ] GC(25) MMU: 2ms/97.9%, 5ms/99.2%, 10ms/99.6%, 20ms/99.8%, 50ms/99.9%, 100ms/99.9%
[21.287s][info][gc,marking  ] GC(25) Mark: 2 stripe(s), 2 proactive flush(es), 1 terminate flush(es), 0 completion(s), 0 continuation(s) 
[21.287s][info][gc,marking  ] GC(25) Mark Stack Usage: 32M
[21.287s][info][gc,nmethod  ] GC(25) NMethods: 8424 registered, 89 unregistered
[21.287s][info][gc,metaspace] GC(25) Metaspace: 70M used, 71M committed, 1088M reserved
[21.287s][info][gc,ref      ] GC(25) Soft: 3829 encountered, 0 discovered, 0 enqueued
[21.287s][info][gc,ref      ] GC(25) Weak: 10813 encountered, 2498 discovered, 0 enqueued
[21.287s][info][gc,ref      ] GC(25) Final: 289 encountered, 29 discovered, 0 enqueued
[21.287s][info][gc,ref      ] GC(25) Phantom: 422 encountered, 233 discovered, 0 enqueued
[21.287s][info][gc,reloc    ] GC(25) Small Pages: 589 / 1178M, Empty: 592M, Relocated: 4M, In-Place: 0
[21.287s][info][gc,reloc    ] GC(25) Medium Pages: 0 / 0M, Empty: 0M, Relocated: 0M, In-Place: 0
[21.287s][info][gc,reloc    ] GC(25) Large Pages: 0 / 0M, Empty: 0M, Relocated: 0M, In-Place: 0
[21.287s][info][gc,reloc    ] GC(25) Forwarding Usage: 2M
[21.287s][info][gc,heap     ] GC(25) Min Capacity: 8M(0%)
[21.287s][info][gc,heap     ] GC(25) Max Capacity: 4096M(100%)
[21.287s][info][gc,heap     ] GC(25) Soft Max Capacity: 4096M(100%)
[21.287s][info][gc,heap     ] GC(25)                Mark Start          Mark End        Relocate Start      Relocate End           High               Low         
[21.287s][info][gc,heap     ] GC(25)  Capacity:     3572M (87%)        3572M (87%)        3572M (87%)        3572M (87%)        3572M (87%)        3572M (87%)    
[21.287s][info][gc,heap     ] GC(25)      Free:     2918M (71%)        2498M (61%)        2090M (51%)        2558M (62%)        2918M (71%)        1516M (37%)    
[21.287s][info][gc,heap     ] GC(25)      Used:     1178M (29%)        1598M (39%)        2006M (49%)        1538M (38%)        2580M (63%)        1178M (29%)    
[21.287s][info][gc,heap     ] GC(25)      Live:         -                52M (1%)           52M (1%)           52M (1%)             -                  -          
[21.287s][info][gc,heap     ] GC(25) Allocated:         -               420M (10%)        1420M (35%)        1470M (36%)            -                  -          
[21.287s][info][gc,heap     ] GC(25)   Garbage:         -              1125M (27%)         533M (13%)          14M (0%)             -                  -          
[21.287s][info][gc,heap     ] GC(25) Reclaimed:         -                  -               592M (14%)        1110M (27%)            -                  -          
[21.287s][info][gc          ] GC(25) Garbage Collection (Allocation Rate) 1178M(29%)->1538M(38%)
[21.335s][info][gc,start    ] GC(26) Garbage Collection (Allocation Rate)
[21.336s][info][gc,task     ] GC(26) Using 5 workers
[21.336s][info][gc,phases   ] GC(26) Pause Mark Start 0.010ms
[21.383s][info][gc,phases   ] GC(26) Concurrent Mark 47.182ms
[21.384s][info][gc,phases   ] GC(26) Pause Mark End 0.025ms
[21.384s][info][gc,phases   ] GC(26) Concurrent Mark Free 0.002ms
[21.391s][info][gc,phases   ] GC(26) Concurrent Process Non-Strong References 6.897ms
[21.391s][info][gc,phases   ] GC(26) Concurrent Reset Relocation Set 0.068ms
[21.401s][info][gc,phases   ] GC(26) Concurrent Select Relocation Set 9.615ms
[21.401s][info][gc,phases   ] GC(26) Pause Relocate Start 0.010ms
[21.410s][info][gc,phases   ] GC(26) Concurrent Relocate 8.654ms
[21.410s][info][gc,load     ] GC(26) Load: 0.00/0.00/0.00
[21.410s][info][gc,mmu      ] GC(26) MMU: 2ms/97.9%, 5ms/99.2%, 10ms/99.6%, 20ms/99.8%, 50ms/99.9%, 100ms/99.9%
[21.410s][info][gc,marking  ] GC(26) Mark: 4 stripe(s), 2 proactive flush(es), 1 terminate flush(es), 0 completion(s), 0 continuation(s) 
[21.410s][info][gc,marking  ] GC(26) Mark Stack Usage: 32M
[21.410s][info][gc,nmethod  ] GC(26) NMethods: 8420 registered, 95 unregistered
[21.410s][info][gc,metaspace] GC(26) Metaspace: 70M used, 71M committed, 1088M reserved
[21.410s][info][gc,ref      ] GC(26) Soft: 3829 encountered, 0 discovered, 0 enqueued
[21.410s][info][gc,ref      ] GC(26) Weak: 10813 encountered, 1523 discovered, 0 enqueued
[21.410s][info][gc,ref      ] GC(26) Final: 289 encountered, 11 discovered, 0 enqueued
[21.410s][info][gc,ref      ] GC(26) Phantom: 422 encountered, 258 discovered, 0 enqueued
[21.410s][info][gc,reloc    ] GC(26) Small Pages: 889 / 1778M, Empty: 1268M, Relocated: 5M, In-Place: 0
[21.410s][info][gc,reloc    ] GC(26) Medium Pages: 0 / 0M, Empty: 0M, Relocated: 0M, In-Place: 0
[21.410s][info][gc,reloc    ] GC(26) Large Pages: 0 / 0M, Empty: 0M, Relocated: 0M, In-Place: 0
[21.410s][info][gc,reloc    ] GC(26) Forwarding Usage: 2M
[21.410s][info][gc,heap     ] GC(26) Min Capacity: 8M(0%)
[21.410s][info][gc,heap     ] GC(26) Max Capacity: 4096M(100%)
[21.410s][info][gc,heap     ] GC(26) Soft Max Capacity: 4096M(100%)
[21.410s][info][gc,heap     ] GC(26)                Mark Start          Mark End        Relocate Start      Relocate End           High               Low         
[21.410s][info][gc,heap     ] GC(26)  Capacity:     3572M (87%)        3572M (87%)        3572M (87%)        3572M (87%)        3572M (87%)        3572M (87%)    
[21.410s][info][gc,heap     ] GC(26)      Free:     2318M (57%)        2052M (50%)        3238M (79%)        3648M (89%)        3658M (89%)        2016M (49%)    
[21.410s][info][gc,heap     ] GC(26)      Used:     1778M (43%)        2044M (50%)         858M (21%)         448M (11%)        2080M (51%)         438M (11%)    
[21.410s][info][gc,heap     ] GC(26)      Live:         -                52M (1%)           52M (1%)           52M (1%)             -                  -          
[21.411s][info][gc,heap     ] GC(26) Allocated:         -               266M (6%)          348M (8%)          376M (9%)             -                  -          
[21.411s][info][gc,heap     ] GC(26)   Garbage:         -              1725M (42%)         457M (11%)          18M (0%)             -                  -          
[21.411s][info][gc,heap     ] GC(26) Reclaimed:         -                  -              1268M (31%)        1706M (42%)            -                  -          
[21.411s][info][gc          ] GC(26) Garbage Collection (Allocation Rate) 1778M(43%)->448M(11%)
[21.535s][info][gc,start    ] GC(27) Garbage Collection (Allocation Rate)
[21.535s][info][gc,task     ] GC(27) Using 6 workers
[21.535s][info][gc,phases   ] GC(27) Pause Mark Start 0.011ms
[21.568s][info][gc,phases   ] GC(27) Concurrent Mark 32.209ms
[21.568s][info][gc,phases   ] GC(27) Pause Mark End 0.023ms
[21.569s][info][gc,phases   ] GC(27) Concurrent Mark Free 0.001ms
[21.575s][info][gc,phases   ] GC(27) Concurrent Process Non-Strong References 5.970ms
[21.575s][info][gc,phases   ] GC(27) Concurrent Reset Relocation Set 0.082ms
[21.582s][info][gc,phases   ] GC(27) Concurrent Select Relocation Set 7.195ms
[21.582s][info][gc,phases   ] GC(27) Pause Relocate Start 0.009ms
[21.591s][info][gc,phases   ] GC(27) Concurrent Relocate 8.698ms
[21.591s][info][gc,load     ] GC(27) Load: 0.00/0.00/0.00
[21.591s][info][gc,mmu      ] GC(27) MMU: 2ms/97.9%, 5ms/99.2%, 10ms/99.6%, 20ms/99.8%, 50ms/99.9%, 100ms/99.9%
[21.591s][info][gc,marking  ] GC(27) Mark: 4 stripe(s), 2 proactive flush(es), 1 terminate flush(es), 0 completion(s), 0 continuation(s) 
[21.591s][info][gc,marking  ] GC(27) Mark Stack Usage: 32M
[21.591s][info][gc,nmethod  ] GC(27) NMethods: 8420 registered, 95 unregistered
[21.591s][info][gc,metaspace] GC(27) Metaspace: 70M used, 71M committed, 1088M reserved
[21.592s][info][gc,ref      ] GC(27) Soft: 3829 encountered, 0 discovered, 0 enqueued
[21.592s][info][gc,ref      ] GC(27) Weak: 10813 encountered, 2318 discovered, 0 enqueued
[21.592s][info][gc,ref      ] GC(27) Final: 289 encountered, 2 discovered, 0 enqueued
[21.592s][info][gc,ref      ] GC(27) Phantom: 422 encountered, 204 discovered, 0 enqueued
[21.592s][info][gc,reloc    ] GC(27) Small Pages: 543 / 1086M, Empty: 470M, Relocated: 4M, In-Place: 0
[21.592s][info][gc,reloc    ] GC(27) Medium Pages: 0 / 0M, Empty: 0M, Relocated: 0M, In-Place: 0
[21.592s][info][gc,reloc    ] GC(27) Large Pages: 0 / 0M, Empty: 0M, Relocated: 0M, In-Place: 0
[21.592s][info][gc,reloc    ] GC(27) Forwarding Usage: 2M
[21.592s][info][gc,heap     ] GC(27) Min Capacity: 8M(0%)
[21.592s][info][gc,heap     ] GC(27) Max Capacity: 4096M(100%)
[21.592s][info][gc,heap     ] GC(27) Soft Max Capacity: 4096M(100%)
[21.592s][info][gc,heap     ] GC(27)                Mark Start          Mark End        Relocate Start      Relocate End           High               Low         
[21.592s][info][gc,heap     ] GC(27)  Capacity:     3572M (87%)        3572M (87%)        3572M (87%)        3572M (87%)        3572M (87%)        3572M (87%)    
[21.592s][info][gc,heap     ] GC(27)      Free:     3010M (73%)        2804M (68%)        3226M (79%)        3722M (91%)        3746M (91%)        2778M (68%)    
[21.592s][info][gc,heap     ] GC(27)      Used:     1086M (27%)        1292M (32%)         870M (21%)         374M (9%)         1318M (32%)         350M (9%)     
[21.592s][info][gc,heap     ] GC(27)      Live:         -                52M (1%)           52M (1%)           52M (1%)             -                  -          
[21.592s][info][gc,heap     ] GC(27) Allocated:         -               206M (5%)          254M (6%)          300M (7%)             -                  -          
[21.592s][info][gc,heap     ] GC(27)   Garbage:         -              1033M (25%)         563M (14%)          20M (1%)             -                  -          
[21.592s][info][gc,heap     ] GC(27) Reclaimed:         -                  -               470M (11%)        1012M (25%)            -                  -          
[21.592s][info][gc          ] GC(27) Garbage Collection (Allocation Rate) 1086M(27%)->374M(9%)
[21.836s][info][gc,start    ] GC(28) Garbage Collection (Allocation Rate)
[21.836s][info][gc,task     ] GC(28) Using 6 workers
[21.836s][info][gc,phases   ] GC(28) Pause Mark Start 0.010ms
[21.872s][info][gc,phases   ] GC(28) Concurrent Mark 35.225ms
[21.872s][info][gc,phases   ] GC(28) Pause Mark End 0.027ms
[21.874s][info][gc,phases   ] GC(28) Concurrent Mark Free 0.001ms
[21.880s][info][gc,phases   ] GC(28) Concurrent Process Non-Strong References 5.670ms
[21.880s][info][gc,phases   ] GC(28) Concurrent Reset Relocation Set 0.069ms
[21.887s][info][gc,phases   ] GC(28) Concurrent Select Relocation Set 6.788ms
[21.887s][info][gc,phases   ] GC(28) Pause Relocate Start 0.009ms
[21.897s][info][gc,phases   ] GC(28) Concurrent Relocate 9.177ms
[21.897s][info][gc,load     ] GC(28) Load: 0.00/0.00/0.00
[21.897s][info][gc,mmu      ] GC(28) MMU: 2ms/97.9%, 5ms/99.2%, 10ms/99.6%, 20ms/99.8%, 50ms/99.9%, 100ms/99.9%
[21.897s][info][gc,marking  ] GC(28) Mark: 4 stripe(s), 2 proactive flush(es), 1 terminate flush(es), 0 completion(s), 0 continuation(s) 
[21.897s][info][gc,marking  ] GC(28) Mark Stack Usage: 32M
[21.897s][info][gc,nmethod  ] GC(28) NMethods: 8419 registered, 97 unregistered
[21.897s][info][gc,metaspace] GC(28) Metaspace: 70M used, 71M committed, 1088M reserved
[21.897s][info][gc,ref      ] GC(28) Soft: 3829 encountered, 0 discovered, 0 enqueued
[21.897s][info][gc,ref      ] GC(28) Weak: 10813 encountered, 2162 discovered, 0 enqueued
[21.897s][info][gc,ref      ] GC(28) Final: 289 encountered, 15 discovered, 0 enqueued
[21.897s][info][gc,ref      ] GC(28) Phantom: 422 encountered, 353 discovered, 0 enqueued
[21.897s][info][gc,reloc    ] GC(28) Small Pages: 802 / 1604M, Empty: 1066M, Relocated: 4M, In-Place: 0
[21.897s][info][gc,reloc    ] GC(28) Medium Pages: 0 / 0M, Empty: 0M, Relocated: 0M, In-Place: 0
[21.897s][info][gc,reloc    ] GC(28) Large Pages: 0 / 0M, Empty: 0M, Relocated: 0M, In-Place: 0
[21.897s][info][gc,reloc    ] GC(28) Forwarding Usage: 2M
[21.897s][info][gc,heap     ] GC(28) Min Capacity: 8M(0%)
[21.897s][info][gc,heap     ] GC(28) Max Capacity: 4096M(100%)
[21.897s][info][gc,heap     ] GC(28) Soft Max Capacity: 4096M(100%)
[21.897s][info][gc,heap     ] GC(28)                Mark Start          Mark End        Relocate Start      Relocate End           High               Low         
[21.897s][info][gc,heap     ] GC(28)  Capacity:     3572M (87%)        3572M (87%)        3572M (87%)        3572M (87%)        3572M (87%)        3572M (87%)    
[21.897s][info][gc,heap     ] GC(28)      Free:     2492M (61%)        2286M (56%)        3292M (80%)        3716M (91%)        3738M (91%)        2252M (55%)    
[21.897s][info][gc,heap     ] GC(28)      Used:     1604M (39%)        1810M (44%)         804M (20%)         380M (9%)         1844M (45%)         358M (9%)     
[21.897s][info][gc,heap     ] GC(28)      Live:         -                52M (1%)           52M (1%)           52M (1%)             -                  -          
[21.897s][info][gc,heap     ] GC(28) Allocated:         -               206M (5%)          266M (6%)          307M (7%)             -                  -          
[21.897s][info][gc,heap     ] GC(28)   Garbage:         -              1551M (38%)         485M (12%)          20M (0%)             -                  -          
[21.897s][info][gc,heap     ] GC(28) Reclaimed:         -                  -              1066M (26%)        1531M (37%)            -                  -          
[21.897s][info][gc          ] GC(28) Garbage Collection (Allocation Rate) 1604M(39%)->380M(9%)
[22.135s][info][gc,start    ] GC(29) Garbage Collection (Allocation Rate)
[22.135s][info][gc,task     ] GC(29) Using 6 workers
[22.135s][info][gc,phases   ] GC(29) Pause Mark Start 0.014ms
[22.174s][info][gc,phases   ] GC(29) Concurrent Mark 38.285ms
[22.174s][info][gc,phases   ] GC(29) Pause Mark End 0.025ms
[22.175s][info][gc,phases   ] GC(29) Concurrent Mark Free 0.001ms
[22.182s][info][gc,phases   ] GC(29) Concurrent Process Non-Strong References 6.049ms
[22.182s][info][gc,phases   ] GC(29) Concurrent Reset Relocation Set 0.067ms
[22.192s][info][gc,phases   ] GC(29) Concurrent Select Relocation Set 10.008ms
[22.192s][info][gc,phases   ] GC(29) Pause Relocate Start 0.009ms
[22.201s][info][gc,phases   ] GC(29) Concurrent Relocate 8.229ms
[22.201s][info][gc,load     ] GC(29) Load: 0.00/0.00/0.00
[22.201s][info][gc,mmu      ] GC(29) MMU: 2ms/97.9%, 5ms/99.2%, 10ms/99.6%, 20ms/99.8%, 50ms/99.9%, 100ms/99.9%
[22.201s][info][gc,marking  ] GC(29) Mark: 4 stripe(s), 2 proactive flush(es), 1 terminate flush(es), 0 completion(s), 0 continuation(s) 
[22.201s][info][gc,marking  ] GC(29) Mark Stack Usage: 32M
[22.201s][info][gc,nmethod  ] GC(29) NMethods: 8420 registered, 99 unregistered
[22.201s][info][gc,metaspace] GC(29) Metaspace: 70M used, 71M committed, 1088M reserved
[22.201s][info][gc,ref      ] GC(29) Soft: 3829 encountered, 0 discovered, 0 enqueued
[22.201s][info][gc,ref      ] GC(29) Weak: 10813 encountered, 2480 discovered, 0 enqueued
[22.201s][info][gc,ref      ] GC(29) Final: 289 encountered, 63 discovered, 0 enqueued
[22.201s][info][gc,ref      ] GC(29) Phantom: 422 encountered, 216 discovered, 0 enqueued
[22.201s][info][gc,reloc    ] GC(29) Small Pages: 792 / 1584M, Empty: 1028M, Relocated: 4M, In-Place: 0
[22.201s][info][gc,reloc    ] GC(29) Medium Pages: 0 / 0M, Empty: 0M, Relocated: 0M, In-Place: 0
[22.201s][info][gc,reloc    ] GC(29) Large Pages: 0 / 0M, Empty: 0M, Relocated: 0M, In-Place: 0
[22.201s][info][gc,reloc    ] GC(29) Forwarding Usage: 2M
[22.201s][info][gc,heap     ] GC(29) Min Capacity: 8M(0%)
[22.201s][info][gc,heap     ] GC(29) Max Capacity: 4096M(100%)
[22.201s][info][gc,heap     ] GC(29) Soft Max Capacity: 4096M(100%)
[22.201s][info][gc,heap     ] GC(29)                Mark Start          Mark End        Relocate Start      Relocate End           High               Low         
[22.201s][info][gc,heap     ] GC(29)  Capacity:     3572M (87%)        3572M (87%)        3572M (87%)        3572M (87%)        3572M (87%)        3572M (87%)    
[22.201s][info][gc,heap     ] GC(29)      Free:     2512M (61%)        2304M (56%)        3248M (79%)        3700M (90%)        3712M (91%)        2272M (55%)    
[22.201s][info][gc,heap     ] GC(29)      Used:     1584M (39%)        1792M (44%)         848M (21%)         396M (10%)        1824M (45%)         384M (9%)     
[22.201s][info][gc,heap     ] GC(29)      Live:         -                52M (1%)           52M (1%)           52M (1%)             -                  -          
[22.201s][info][gc,heap     ] GC(29) Allocated:         -               208M (5%)          292M (7%)          323M (8%)             -                  -          
[22.201s][info][gc,heap     ] GC(29)   Garbage:         -              1531M (37%)         503M (12%)          20M (0%)             -                  -          
[22.201s][info][gc,heap     ] GC(29) Reclaimed:         -                  -              1028M (25%)        1511M (37%)            -                  -          
[22.201s][info][gc          ] GC(29) Garbage Collection (Allocation Rate) 1584M(39%)->396M(10%)
[22.436s][info][gc,start    ] GC(30) Garbage Collection (Allocation Rate)
[22.436s][info][gc,task     ] GC(30) Using 3 workers
[22.436s][info][gc,phases   ] GC(30) Pause Mark Start 0.010ms
[22.507s][info][gc,phases   ] GC(30) Concurrent Mark 70.343ms
[22.507s][info][gc,phases   ] GC(30) Pause Mark End 0.022ms
[22.507s][info][gc,phases   ] GC(30) Concurrent Mark Free 0.001ms
[22.520s][info][gc,phases   ] GC(30) Concurrent Process Non-Strong References 12.258ms
[22.520s][info][gc,phases   ] GC(30) Concurrent Reset Relocation Set 0.067ms
[22.525s][info][gc,phases   ] GC(30) Concurrent Select Relocation Set 5.438ms
[22.525s][info][gc,phases   ] GC(30) Pause Relocate Start 0.008ms
[22.537s][info][gc,phases   ] GC(30) Concurrent Relocate 11.012ms
[22.537s][info][gc,load     ] GC(30) Load: 0.00/0.00/0.00
[22.537s][info][gc,mmu      ] GC(30) MMU: 2ms/97.9%, 5ms/99.2%, 10ms/99.6%, 20ms/99.8%, 50ms/99.9%, 100ms/99.9%
[22.537s][info][gc,marking  ] GC(30) Mark: 2 stripe(s), 2 proactive flush(es), 1 terminate flush(es), 0 completion(s), 0 continuation(s) 
[22.537s][info][gc,marking  ] GC(30) Mark Stack Usage: 32M
[22.537s][info][gc,nmethod  ] GC(30) NMethods: 8425 registered, 105 unregistered
[22.537s][info][gc,metaspace] GC(30) Metaspace: 70M used, 71M committed, 1088M reserved
[22.537s][info][gc,ref      ] GC(30) Soft: 3829 encountered, 0 discovered, 0 enqueued
[22.537s][info][gc,ref      ] GC(30) Weak: 10813 encountered, 2643 discovered, 0 enqueued
[22.537s][info][gc,ref      ] GC(30) Final: 289 encountered, 26 discovered, 0 enqueued
[22.537s][info][gc,ref      ] GC(30) Phantom: 422 encountered, 213 discovered, 0 enqueued
[22.537s][info][gc,reloc    ] GC(30) Small Pages: 767 / 1534M, Empty: 928M, Relocated: 4M, In-Place: 0
[22.537s][info][gc,reloc    ] GC(30) Medium Pages: 0 / 0M, Empty: 0M, Relocated: 0M, In-Place: 0
[22.537s][info][gc,reloc    ] GC(30) Large Pages: 0 / 0M, Empty: 0M, Relocated: 0M, In-Place: 0
[22.537s][info][gc,reloc    ] GC(30) Forwarding Usage: 2M
[22.537s][info][gc,heap     ] GC(30) Min Capacity: 8M(0%)
[22.537s][info][gc,heap     ] GC(30) Max Capacity: 4096M(100%)
[22.537s][info][gc,heap     ] GC(30) Soft Max Capacity: 4096M(100%)
[22.537s][info][gc,heap     ] GC(30)                Mark Start          Mark End        Relocate Start      Relocate End           High               Low         
[22.537s][info][gc,heap     ] GC(30)  Capacity:     3572M (87%)        3572M (87%)        3572M (87%)        3572M (87%)        3572M (87%)        3572M (87%)    
[22.537s][info][gc,heap     ] GC(30)      Free:     2562M (63%)        2190M (53%)        3038M (74%)        3532M (86%)        3556M (87%)        2138M (52%)    
[22.537s][info][gc,heap     ] GC(30)      Used:     1534M (37%)        1906M (47%)        1058M (26%)         564M (14%)        1958M (48%)         540M (13%)    
[22.537s][info][gc,heap     ] GC(30)      Live:         -                52M (1%)           52M (1%)           52M (1%)             -                  -          
[22.537s][info][gc,heap     ] GC(30) Allocated:         -               372M (9%)          452M (11%)         496M (12%)            -                  -          
[22.537s][info][gc,heap     ] GC(30)   Garbage:         -              1481M (36%)         553M (14%)          14M (0%)             -                  -          
[22.537s][info][gc,heap     ] GC(30) Reclaimed:         -                  -               928M (23%)        1466M (36%)            -                  -          
[22.537s][info][gc          ] GC(30) Garbage Collection (Allocation Rate) 1534M(37%)->564M(14%)
[22.735s][info][gc,start    ] GC(31) Garbage Collection (Allocation Rate)
[22.735s][info][gc,task     ] GC(31) Using 2 workers
[22.735s][info][gc,phases   ] GC(31) Pause Mark Start 0.011ms
[22.830s][info][gc,phases   ] GC(31) Concurrent Mark 94.091ms
[22.830s][info][gc,phases   ] GC(31) Pause Mark End 0.023ms
[22.832s][info][gc,phases   ] GC(31) Concurrent Mark Free 0.001ms
[22.851s][info][gc,phases   ] GC(31) Concurrent Process Non-Strong References 18.908ms
[22.851s][info][gc,phases   ] GC(31) Concurrent Reset Relocation Set 0.077ms
[22.863s][info][gc,phases   ] GC(31) Concurrent Select Relocation Set 12.275ms
[22.863s][info][gc,phases   ] GC(31) Pause Relocate Start 0.009ms
[22.878s][info][gc,phases   ] GC(31) Concurrent Relocate 14.194ms
[22.878s][info][gc,load     ] GC(31) Load: 0.00/0.00/0.00
[22.878s][info][gc,mmu      ] GC(31) MMU: 2ms/97.9%, 5ms/99.2%, 10ms/99.6%, 20ms/99.8%, 50ms/99.9%, 100ms/99.9%
[22.878s][info][gc,marking  ] GC(31) Mark: 2 stripe(s), 2 proactive flush(es), 1 terminate flush(es), 0 completion(s), 0 continuation(s) 
[22.878s][info][gc,marking  ] GC(31) Mark Stack Usage: 32M
[22.878s][info][gc,nmethod  ] GC(31) NMethods: 8427 registered, 111 unregistered
[22.878s][info][gc,metaspace] GC(31) Metaspace: 70M used, 71M committed, 1088M reserved
[22.878s][info][gc,ref      ] GC(31) Soft: 3829 encountered, 0 discovered, 0 enqueued
[22.878s][info][gc,ref      ] GC(31) Weak: 10793 encountered, 1824 discovered, 48 enqueued
[22.878s][info][gc,ref      ] GC(31) Final: 289 encountered, 9 discovered, 0 enqueued
[22.878s][info][gc,ref      ] GC(31) Phantom: 422 encountered, 244 discovered, 0 enqueued
[22.878s][info][gc,reloc    ] GC(31) Small Pages: 783 / 1566M, Empty: 1008M, Relocated: 4M, In-Place: 0
[22.878s][info][gc,reloc    ] GC(31) Medium Pages: 0 / 0M, Empty: 0M, Relocated: 0M, In-Place: 0
[22.878s][info][gc,reloc    ] GC(31) Large Pages: 0 / 0M, Empty: 0M, Relocated: 0M, In-Place: 0
[22.878s][info][gc,reloc    ] GC(31) Forwarding Usage: 2M
[22.878s][info][gc,heap     ] GC(31) Min Capacity: 8M(0%)
[22.878s][info][gc,heap     ] GC(31) Max Capacity: 4096M(100%)
[22.878s][info][gc,heap     ] GC(31) Soft Max Capacity: 4096M(100%)
[22.878s][info][gc,heap     ] GC(31)                Mark Start          Mark End        Relocate Start      Relocate End           High               Low         
[22.878s][info][gc,heap     ] GC(31)  Capacity:     3572M (87%)        3572M (87%)        3572M (87%)        3572M (87%)        3572M (87%)        3572M (87%)    
[22.878s][info][gc,heap     ] GC(31)      Free:     2530M (62%)        2034M (50%)        2904M (71%)        3322M (81%)        3358M (82%)        1940M (47%)    
[22.878s][info][gc,heap     ] GC(31)      Used:     1566M (38%)        2062M (50%)        1192M (29%)         774M (19%)        2156M (53%)         738M (18%)    
[22.878s][info][gc,heap     ] GC(31)      Live:         -                51M (1%)           51M (1%)           51M (1%)             -                  -          
[22.878s][info][gc,heap     ] GC(31) Allocated:         -               496M (12%)         634M (15%)         706M (17%)            -                  -          
[22.878s][info][gc,heap     ] GC(31)   Garbage:         -              1514M (37%)         506M (12%)          15M (0%)             -                  -          
[22.878s][info][gc,heap     ] GC(31) Reclaimed:         -                  -              1008M (25%)        1498M (37%)            -                  -          
[22.878s][info][gc          ] GC(31) Garbage Collection (Allocation Rate) 1566M(38%)->774M(19%)
[23.235s][info][gc,start    ] GC(32) Garbage Collection (Allocation Rate)
[23.235s][info][gc,task     ] GC(32) Using 2 workers
[23.236s][info][gc,phases   ] GC(32) Pause Mark Start 0.012ms
[23.347s][info][gc,phases   ] GC(32) Concurrent Mark 111.047ms
[23.347s][info][gc,phases   ] GC(32) Pause Mark End 0.023ms
[23.349s][info][gc,phases   ] GC(32) Concurrent Mark Free 0.002ms
[23.366s][info][gc,phases   ] GC(32) Concurrent Process Non-Strong References 17.040ms
[23.366s][info][gc,phases   ] GC(32) Concurrent Reset Relocation Set 0.090ms
[23.378s][info][gc,phases   ] GC(32) Concurrent Select Relocation Set 12.061ms
[23.378s][info][gc,phases   ] GC(32) Pause Relocate Start 0.008ms
[23.396s][info][gc,phases   ] GC(32) Concurrent Relocate 17.008ms
[23.396s][info][gc,load     ] GC(32) Load: 0.00/0.00/0.00
[23.396s][info][gc,mmu      ] GC(32) MMU: 2ms/97.9%, 5ms/99.2%, 10ms/99.6%, 20ms/99.8%, 50ms/99.9%, 100ms/99.9%
[23.396s][info][gc,marking  ] GC(32) Mark: 2 stripe(s), 2 proactive flush(es), 1 terminate flush(es), 0 completion(s), 0 continuation(s) 
[23.396s][info][gc,marking  ] GC(32) Mark Stack Usage: 32M
[23.396s][info][gc,nmethod  ] GC(32) NMethods: 8428 registered, 113 unregistered
[23.396s][info][gc,metaspace] GC(32) Metaspace: 70M used, 71M committed, 1088M reserved
[23.396s][info][gc,ref      ] GC(32) Soft: 3829 encountered, 0 discovered, 0 enqueued
[23.396s][info][gc,ref      ] GC(32) Weak: 10745 encountered, 3483 discovered, 0 enqueued
[23.396s][info][gc,ref      ] GC(32) Final: 289 encountered, 20 discovered, 0 enqueued
[23.396s][info][gc,ref      ] GC(32) Phantom: 422 encountered, 212 discovered, 0 enqueued
[23.396s][info][gc,reloc    ] GC(32) Small Pages: 1287 / 2574M, Empty: 1978M, Relocated: 4M, In-Place: 0
[23.396s][info][gc,reloc    ] GC(32) Medium Pages: 0 / 0M, Empty: 0M, Relocated: 0M, In-Place: 0
[23.396s][info][gc,reloc    ] GC(32) Large Pages: 0 / 0M, Empty: 0M, Relocated: 0M, In-Place: 0
[23.396s][info][gc,reloc    ] GC(32) Forwarding Usage: 2M
[23.396s][info][gc,heap     ] GC(32) Min Capacity: 8M(0%)
[23.396s][info][gc,heap     ] GC(32) Max Capacity: 4096M(100%)
[23.396s][info][gc,heap     ] GC(32) Soft Max Capacity: 4096M(100%)
[23.396s][info][gc,heap     ] GC(32)                Mark Start          Mark End        Relocate Start      Relocate End           High               Low         
[23.396s][info][gc,heap     ] GC(32)  Capacity:     3572M (87%)        3572M (87%)        3572M (87%)        3572M (87%)        3572M (87%)        3572M (87%)    
[23.396s][info][gc,heap     ] GC(32)      Free:     1522M (37%)         950M (23%)        2788M (68%)        3238M (79%)        3274M (80%)         860M (21%)    
[23.396s][info][gc,heap     ] GC(32)      Used:     2574M (63%)        3146M (77%)        1308M (32%)         858M (21%)        3236M (79%)         822M (20%)    
[23.396s][info][gc,heap     ] GC(32)      Live:         -                51M (1%)           51M (1%)           51M (1%)             -                  -          
[23.396s][info][gc,heap     ] GC(32) Allocated:         -               572M (14%)         712M (17%)         792M (19%)            -                  -          
[23.396s][info][gc,heap     ] GC(32)   Garbage:         -              2522M (62%)         544M (13%)          13M (0%)             -                  -          
[23.396s][info][gc,heap     ] GC(32) Reclaimed:         -                  -              1978M (48%)        2508M (61%)            -                  -          
[23.396s][info][gc          ] GC(32) Garbage Collection (Allocation Rate) 2574M(63%)->858M(21%)
[23.736s][info][gc,start    ] GC(33) Garbage Collection (Allocation Rate)
[23.736s][info][gc,task     ] GC(33) Using 2 workers
[23.736s][info][gc,phases   ] GC(33) Pause Mark Start 0.010ms
[23.820s][info][gc,phases   ] GC(33) Concurrent Mark 84.316ms
[23.821s][info][gc,phases   ] GC(33) Pause Mark End 0.026ms
[23.821s][info][gc,phases   ] GC(33) Concurrent Mark Free 0.001ms
[23.838s][info][gc,phases   ] GC(33) Concurrent Process Non-Strong References 17.374ms
[23.839s][info][gc,phases   ] GC(33) Concurrent Reset Relocation Set 0.072ms
[23.850s][info][gc,phases   ] GC(33) Concurrent Select Relocation Set 11.142ms
[23.850s][info][gc,phases   ] GC(33) Pause Relocate Start 0.007ms
[23.864s][info][gc,phases   ] GC(33) Concurrent Relocate 13.512ms
[23.864s][info][gc,load     ] GC(33) Load: 0.00/0.00/0.00
[23.864s][info][gc,mmu      ] GC(33) MMU: 2ms/97.9%, 5ms/99.2%, 10ms/99.6%, 20ms/99.8%, 50ms/99.9%, 100ms/99.9%
[23.864s][info][gc,marking  ] GC(33) Mark: 2 stripe(s), 2 proactive flush(es), 1 terminate flush(es), 0 completion(s), 0 continuation(s) 
[23.864s][info][gc,marking  ] GC(33) Mark Stack Usage: 32M
[23.864s][info][gc,nmethod  ] GC(33) NMethods: 8430 registered, 115 unregistered
[23.864s][info][gc,metaspace] GC(33) Metaspace: 70M used, 71M committed, 1088M reserved
[23.864s][info][gc,ref      ] GC(33) Soft: 3829 encountered, 0 discovered, 0 enqueued
[23.864s][info][gc,ref      ] GC(33) Weak: 10745 encountered, 1532 discovered, 0 enqueued
[23.864s][info][gc,ref      ] GC(33) Final: 289 encountered, 16 discovered, 0 enqueued
[23.864s][info][gc,ref      ] GC(33) Phantom: 422 encountered, 255 discovered, 0 enqueued
[23.864s][info][gc,reloc    ] GC(33) Small Pages: 1294 / 2588M, Empty: 1928M, Relocated: 4M, In-Place: 0
[23.864s][info][gc,reloc    ] GC(33) Medium Pages: 0 / 0M, Empty: 0M, Relocated: 0M, In-Place: 0
[23.864s][info][gc,reloc    ] GC(33) Large Pages: 0 / 0M, Empty: 0M, Relocated: 0M, In-Place: 0
[23.864s][info][gc,reloc    ] GC(33) Forwarding Usage: 2M
[23.864s][info][gc,heap     ] GC(33) Min Capacity: 8M(0%)
[23.864s][info][gc,heap     ] GC(33) Max Capacity: 4096M(100%)
[23.864s][info][gc,heap     ] GC(33) Soft Max Capacity: 4096M(100%)
[23.864s][info][gc,heap     ] GC(33)                Mark Start          Mark End        Relocate Start      Relocate End           High               Low         
[23.864s][info][gc,heap     ] GC(33)  Capacity:     3572M (87%)        3572M (87%)        3572M (87%)        3572M (87%)        3572M (87%)        3572M (87%)    
[23.864s][info][gc,heap     ] GC(33)      Free:     1508M (37%)        1058M (26%)        2842M (69%)        3384M (83%)        3406M (83%)         982M (24%)    
[23.864s][info][gc,heap     ] GC(33)      Used:     2588M (63%)        3038M (74%)        1254M (31%)         712M (17%)        3114M (76%)         690M (17%)    
[23.864s][info][gc,heap     ] GC(33)      Live:         -                51M (1%)           51M (1%)           51M (1%)             -                  -          
[23.864s][info][gc,heap     ] GC(33) Allocated:         -               450M (11%)         594M (15%)         646M (16%)            -                  -          
[23.864s][info][gc,heap     ] GC(33)   Garbage:         -              2536M (62%)         608M (15%)          13M (0%)             -                  -          
[23.864s][info][gc,heap     ] GC(33) Reclaimed:         -                  -              1928M (47%)        2522M (62%)            -                  -          
[23.864s][info][gc          ] GC(33) Garbage Collection (Allocation Rate) 2588M(63%)->712M(17%)
[24.336s][info][gc,start    ] GC(34) Garbage Collection (Allocation Rate)
[24.336s][info][gc,task     ] GC(34) Using 2 workers
[24.336s][info][gc,phases   ] GC(34) Pause Mark Start 0.010ms
[24.443s][info][gc,phases   ] GC(34) Concurrent Mark 107.029ms
[24.444s][info][gc,phases   ] GC(34) Pause Mark End 0.025ms
[24.444s][info][gc,phases   ] GC(34) Concurrent Mark Free 0.001ms
[24.477s][info][gc,phases   ] GC(34) Concurrent Process Non-Strong References 32.531ms
[24.477s][info][gc,phases   ] GC(34) Concurrent Reset Relocation Set 0.073ms
[24.482s][info][gc,phases   ] GC(34) Concurrent Select Relocation Set 4.658ms
[24.483s][info][gc,phases   ] GC(34) Pause Relocate Start 0.008ms
[24.503s][info][gc,phases   ] GC(34) Concurrent Relocate 18.907ms
[24.503s][info][gc,load     ] GC(34) Load: 0.00/0.00/0.00
[24.503s][info][gc,mmu      ] GC(34) MMU: 2ms/97.9%, 5ms/99.2%, 10ms/99.6%, 20ms/99.8%, 50ms/99.9%, 100ms/99.9%
[24.503s][info][gc,marking  ] GC(34) Mark: 2 stripe(s), 3 proactive flush(es), 1 terminate flush(es), 0 completion(s), 0 continuation(s) 
[24.503s][info][gc,marking  ] GC(34) Mark Stack Usage: 32M
[24.503s][info][gc,nmethod  ] GC(34) NMethods: 8472 registered, 121 unregistered
[24.503s][info][gc,metaspace] GC(34) Metaspace: 70M used, 71M committed, 1088M reserved
[24.503s][info][gc,ref      ] GC(34) Soft: 3829 encountered, 0 discovered, 0 enqueued
[24.503s][info][gc,ref      ] GC(34) Weak: 10775 encountered, 1481 discovered, 0 enqueued
[24.503s][info][gc,ref      ] GC(34) Final: 289 encountered, 1 discovered, 0 enqueued
[24.503s][info][gc,ref      ] GC(34) Phantom: 422 encountered, 214 discovered, 0 enqueued
[24.503s][info][gc,reloc    ] GC(34) Small Pages: 1513 / 3026M, Empty: 2390M, Relocated: 4M, In-Place: 0
[24.503s][info][gc,reloc    ] GC(34) Medium Pages: 0 / 0M, Empty: 0M, Relocated: 0M, In-Place: 0
[24.503s][info][gc,reloc    ] GC(34) Large Pages: 0 / 0M, Empty: 0M, Relocated: 0M, In-Place: 0
[24.503s][info][gc,reloc    ] GC(34) Forwarding Usage: 2M
[24.503s][info][gc,heap     ] GC(34) Min Capacity: 8M(0%)
[24.503s][info][gc,heap     ] GC(34) Max Capacity: 4096M(100%)
[24.503s][info][gc,heap     ] GC(34) Soft Max Capacity: 4096M(100%)
[24.503s][info][gc,heap     ] GC(34)                Mark Start          Mark End        Relocate Start      Relocate End           High               Low         
[24.503s][info][gc,heap     ] GC(34)  Capacity:     3572M (87%)        3578M (87%)        3710M (91%)        3710M (91%)        3710M (91%)        3572M (87%)    
[24.503s][info][gc,heap     ] GC(34)      Free:     1070M (26%)         518M (13%)        2804M (68%)        3336M (81%)        3356M (82%)         386M (9%)     
[24.503s][info][gc,heap     ] GC(34)      Used:     3026M (74%)        3578M (87%)        1292M (32%)         760M (19%)        3710M (91%)         740M (18%)    
[24.503s][info][gc,heap     ] GC(34)      Live:         -                51M (1%)           51M (1%)           51M (1%)             -                  -          
[24.503s][info][gc,heap     ] GC(34) Allocated:         -               552M (13%)         656M (16%)         692M (17%)            -                  -          
[24.503s][info][gc,heap     ] GC(34)   Garbage:         -              2974M (73%)         584M (14%)          15M (0%)             -                  -          
[24.504s][info][gc,heap     ] GC(34) Reclaimed:         -                  -              2390M (58%)        2958M (72%)            -                  -          
[24.504s][info][gc          ] GC(34) Garbage Collection (Allocation Rate) 3026M(74%)->760M(19%)
[24.836s][info][gc,start    ] GC(35) Garbage Collection (Allocation Rate)
[24.836s][info][gc,task     ] GC(35) Using 2 workers
[24.836s][info][gc,phases   ] GC(35) Pause Mark Start 0.011ms
[24.926s][info][gc,phases   ] GC(35) Concurrent Mark 89.056ms
[24.926s][info][gc,phases   ] GC(35) Pause Mark End 0.023ms
[24.926s][info][gc,phases   ] GC(35) Concurrent Mark Free 0.001ms
[24.943s][info][gc,phases   ] GC(35) Concurrent Process Non-Strong References 17.279ms
[24.944s][info][gc,phases   ] GC(35) Concurrent Reset Relocation Set 0.072ms
[24.956s][info][gc,phases   ] GC(35) Concurrent Select Relocation Set 12.049ms
[24.956s][info][gc,phases   ] GC(35) Pause Relocate Start 0.009ms
[24.972s][info][gc,phases   ] GC(35) Concurrent Relocate 15.288ms
[24.972s][info][gc,load     ] GC(35) Load: 0.00/0.00/0.00
[24.972s][info][gc,mmu      ] GC(35) MMU: 2ms/97.9%, 5ms/99.2%, 10ms/99.6%, 20ms/99.8%, 50ms/99.9%, 100ms/99.9%
[24.972s][info][gc,marking  ] GC(35) Mark: 2 stripe(s), 2 proactive flush(es), 1 terminate flush(es), 0 completion(s), 0 continuation(s) 
[24.972s][info][gc,marking  ] GC(35) Mark Stack Usage: 32M
[24.972s][info][gc,nmethod  ] GC(35) NMethods: 8474 registered, 121 unregistered
[24.972s][info][gc,metaspace] GC(35) Metaspace: 70M used, 71M committed, 1088M reserved
[24.972s][info][gc,ref      ] GC(35) Soft: 3829 encountered, 0 discovered, 0 enqueued
[24.972s][info][gc,ref      ] GC(35) Weak: 10777 encountered, 2747 discovered, 0 enqueued
[24.972s][info][gc,ref      ] GC(35) Final: 289 encountered, 31 discovered, 0 enqueued
[24.972s][info][gc,ref      ] GC(35) Phantom: 422 encountered, 214 discovered, 0 enqueued
[24.972s][info][gc,reloc    ] GC(35) Small Pages: 1201 / 2402M, Empty: 1712M, Relocated: 5M, In-Place: 0
[24.972s][info][gc,reloc    ] GC(35) Medium Pages: 0 / 0M, Empty: 0M, Relocated: 0M, In-Place: 0
[24.972s][info][gc,reloc    ] GC(35) Large Pages: 0 / 0M, Empty: 0M, Relocated: 0M, In-Place: 0
[24.972s][info][gc,reloc    ] GC(35) Forwarding Usage: 2M
[24.972s][info][gc,heap     ] GC(35) Min Capacity: 8M(0%)
[24.972s][info][gc,heap     ] GC(35) Max Capacity: 4096M(100%)
[24.972s][info][gc,heap     ] GC(35) Soft Max Capacity: 4096M(100%)
[24.972s][info][gc,heap     ] GC(35)                Mark Start          Mark End        Relocate Start      Relocate End           High               Low         
[24.972s][info][gc,heap     ] GC(35)  Capacity:     3710M (91%)        3710M (91%)        3710M (91%)        3710M (91%)        3710M (91%)        3710M (91%)    
[24.972s][info][gc,heap     ] GC(35)      Free:     1694M (41%)        1222M (30%)        2792M (68%)        3348M (82%)        3374M (82%)        1136M (28%)    
[24.972s][info][gc,heap     ] GC(35)      Used:     2402M (59%)        2874M (70%)        1304M (32%)         748M (18%)        2960M (72%)         722M (18%)    
[24.972s][info][gc,heap     ] GC(35)      Live:         -                52M (1%)           52M (1%)           52M (1%)             -                  -          
[24.972s][info][gc,heap     ] GC(35) Allocated:         -               472M (12%)         614M (15%)         680M (17%)            -                  -          
[24.972s][info][gc,heap     ] GC(35)   Garbage:         -              2349M (57%)         637M (16%)          15M (0%)             -                  -          
[24.972s][info][gc,heap     ] GC(35) Reclaimed:         -                  -              1712M (42%)        2334M (57%)            -                  -          
[24.972s][info][gc          ] GC(35) Garbage Collection (Allocation Rate) 2402M(59%)->748M(18%)
[25.436s][info][gc,start    ] GC(36) Garbage Collection (Allocation Rate)
[25.436s][info][gc,task     ] GC(36) Using 2 workers
[25.436s][info][gc,phases   ] GC(36) Pause Mark Start 0.010ms
[25.523s][info][gc,phases   ] GC(36) Concurrent Mark 86.193ms
[25.523s][info][gc,phases   ] GC(36) Pause Mark End 0.025ms
[25.523s][info][gc,phases   ] GC(36) Concurrent Mark Free 0.002ms
[25.539s][info][gc,phases   ] GC(36) Concurrent Process Non-Strong References 15.866ms
[25.539s][info][gc,phases   ] GC(36) Concurrent Reset Relocation Set 0.095ms
[25.553s][info][gc,phases   ] GC(36) Concurrent Select Relocation Set 13.745ms
[25.553s][info][gc,phases   ] GC(36) Pause Relocate Start 0.009ms
[25.572s][info][gc,phases   ] GC(36) Concurrent Relocate 18.498ms
[25.572s][info][gc,load     ] GC(36) Load: 0.00/0.00/0.00
[25.572s][info][gc,mmu      ] GC(36) MMU: 2ms/97.9%, 5ms/99.2%, 10ms/99.6%, 20ms/99.8%, 50ms/99.9%, 100ms/99.9%
[25.572s][info][gc,marking  ] GC(36) Mark: 2 stripe(s), 2 proactive flush(es), 1 terminate flush(es), 0 completion(s), 0 continuation(s) 
[25.572s][info][gc,marking  ] GC(36) Mark Stack Usage: 32M
[25.572s][info][gc,nmethod  ] GC(36) NMethods: 8501 registered, 131 unregistered
[25.572s][info][gc,metaspace] GC(36) Metaspace: 70M used, 71M committed, 1088M reserved
[25.572s][info][gc,ref      ] GC(36) Soft: 3829 encountered, 0 discovered, 0 enqueued
[25.572s][info][gc,ref      ] GC(36) Weak: 10554 encountered, 2617 discovered, 55 enqueued
[25.572s][info][gc,ref      ] GC(36) Final: 289 encountered, 37 discovered, 0 enqueued
[25.572s][info][gc,ref      ] GC(36) Phantom: 422 encountered, 249 discovered, 0 enqueued
[25.572s][info][gc,reloc    ] GC(36) Small Pages: 1516 / 3032M, Empty: 2278M, Relocated: 6M, In-Place: 0
[25.572s][info][gc,reloc    ] GC(36) Medium Pages: 0 / 0M, Empty: 0M, Relocated: 0M, In-Place: 0
[25.572s][info][gc,reloc    ] GC(36) Large Pages: 0 / 0M, Empty: 0M, Relocated: 0M, In-Place: 0
[25.572s][info][gc,reloc    ] GC(36) Forwarding Usage: 2M
[25.572s][info][gc,heap     ] GC(36) Min Capacity: 8M(0%)
[25.572s][info][gc,heap     ] GC(36) Max Capacity: 4096M(100%)
[25.572s][info][gc,heap     ] GC(36) Soft Max Capacity: 4096M(100%)
[25.572s][info][gc,heap     ] GC(36)                Mark Start          Mark End        Relocate Start      Relocate End           High               Low         
[25.572s][info][gc,heap     ] GC(36)  Capacity:     3710M (91%)        3710M (91%)        3710M (91%)        3710M (91%)        3710M (91%)        3710M (91%)    
[25.573s][info][gc,heap     ] GC(36)      Free:     1064M (26%)         610M (15%)        2752M (67%)        3356M (82%)        3412M (83%)         542M (13%)    
[25.573s][info][gc,heap     ] GC(36)      Used:     3032M (74%)        3486M (85%)        1344M (33%)         740M (18%)        3554M (87%)         684M (17%)    
[25.573s][info][gc,heap     ] GC(36)      Live:         -                51M (1%)           51M (1%)           51M (1%)             -                  -          
[25.573s][info][gc,heap     ] GC(36) Allocated:         -               454M (11%)         590M (14%)         674M (16%)            -                  -          
[25.573s][info][gc,heap     ] GC(36)   Garbage:         -              2980M (73%)         702M (17%)          13M (0%)             -                  -          
[25.573s][info][gc,heap     ] GC(36) Reclaimed:         -                  -              2278M (56%)        2966M (72%)            -                  -          
[25.573s][info][gc          ] GC(36) Garbage Collection (Allocation Rate) 3032M(74%)->740M(18%)
[26.035s][info][gc,start    ] GC(37) Garbage Collection (Allocation Rate)
[26.035s][info][gc,task     ] GC(37) Using 2 workers
[26.035s][info][gc,phases   ] GC(37) Pause Mark Start 0.014ms
[26.111s][info][gc,phases   ] GC(37) Concurrent Mark 75.811ms
[26.111s][info][gc,phases   ] GC(37) Pause Mark End 0.027ms
[26.112s][info][gc,phases   ] GC(37) Concurrent Mark Free 0.001ms
[26.125s][info][gc,phases   ] GC(37) Concurrent Process Non-Strong References 13.428ms
[26.125s][info][gc,phases   ] GC(37) Concurrent Reset Relocation Set 0.063ms
[26.135s][info][gc,phases   ] GC(37) Concurrent Select Relocation Set 10.185ms
[26.136s][info][gc,phases   ] GC(37) Pause Relocate Start 0.008ms
[26.149s][info][gc,phases   ] GC(37) Concurrent Relocate 12.952ms
[26.149s][info][gc,load     ] GC(37) Load: 0.00/0.00/0.00
[26.149s][info][gc,mmu      ] GC(37) MMU: 2ms/97.9%, 5ms/99.2%, 10ms/99.6%, 20ms/99.8%, 50ms/99.9%, 100ms/99.9%
[26.149s][info][gc,marking  ] GC(37) Mark: 2 stripe(s), 2 proactive flush(es), 1 terminate flush(es), 0 completion(s), 0 continuation(s) 
[26.149s][info][gc,marking  ] GC(37) Mark Stack Usage: 32M
[26.149s][info][gc,nmethod  ] GC(37) NMethods: 8523 registered, 142 unregistered
[26.149s][info][gc,metaspace] GC(37) Metaspace: 70M used, 71M committed, 1088M reserved
[26.149s][info][gc,ref      ] GC(37) Soft: 3829 encountered, 0 discovered, 0 enqueued
[26.149s][info][gc,ref      ] GC(37) Weak: 10074 encountered, 1210 discovered, 103 enqueued
[26.149s][info][gc,ref      ] GC(37) Final: 289 encountered, 4 discovered, 0 enqueued
[26.149s][info][gc,ref      ] GC(37) Phantom: 422 encountered, 298 discovered, 0 enqueued
[26.149s][info][gc,reloc    ] GC(37) Small Pages: 1389 / 2778M, Empty: 2160M, Relocated: 8M, In-Place: 0
[26.149s][info][gc,reloc    ] GC(37) Medium Pages: 0 / 0M, Empty: 0M, Relocated: 0M, In-Place: 0
[26.149s][info][gc,reloc    ] GC(37) Large Pages: 0 / 0M, Empty: 0M, Relocated: 0M, In-Place: 0
[26.149s][info][gc,reloc    ] GC(37) Forwarding Usage: 3M
[26.149s][info][gc,heap     ] GC(37) Min Capacity: 8M(0%)
[26.149s][info][gc,heap     ] GC(37) Max Capacity: 4096M(100%)
[26.149s][info][gc,heap     ] GC(37) Soft Max Capacity: 4096M(100%)
[26.149s][info][gc,heap     ] GC(37)                Mark Start          Mark End        Relocate Start      Relocate End           High               Low         
[26.149s][info][gc,heap     ] GC(37)  Capacity:     3710M (91%)        3710M (91%)        3710M (91%)        3710M (91%)        3710M (91%)        3710M (91%)    
[26.149s][info][gc,heap     ] GC(37)      Free:     1318M (32%)        1002M (24%)        3074M (75%)        3592M (88%)        3610M (88%)         966M (24%)    
[26.149s][info][gc,heap     ] GC(37)      Used:     2778M (68%)        3094M (76%)        1022M (25%)         504M (12%)        3130M (76%)         486M (12%)    
[26.149s][info][gc,heap     ] GC(37)      Live:         -                50M (1%)           50M (1%)           50M (1%)             -                  -          
[26.149s][info][gc,heap     ] GC(37) Allocated:         -               316M (8%)          404M (10%)         443M (11%)            -                  -          
[26.149s][info][gc,heap     ] GC(37)   Garbage:         -              2727M (67%)         567M (14%)          10M (0%)             -                  -          
[26.149s][info][gc,heap     ] GC(37) Reclaimed:         -                  -              2160M (53%)        2717M (66%)            -                  -          
[26.149s][info][gc          ] GC(37) Garbage Collection (Allocation Rate) 2778M(68%)->504M(12%)
[26.835s][info][gc,start    ] GC(38) Garbage Collection (Allocation Rate)
[26.835s][info][gc,task     ] GC(38) Using 2 workers
[26.835s][info][gc,phases   ] GC(38) Pause Mark Start 0.010ms
[26.888s][info][gc,phases   ] GC(38) Concurrent Mark 52.655ms
[26.888s][info][gc,phases   ] GC(38) Pause Mark End 0.023ms
[26.888s][info][gc,phases   ] GC(38) Concurrent Mark Free 0.001ms
[26.897s][info][gc,phases   ] GC(38) Concurrent Process Non-Strong References 8.911ms
[26.897s][info][gc,phases   ] GC(38) Concurrent Reset Relocation Set 0.037ms
[26.900s][info][gc,phases   ] GC(38) Concurrent Select Relocation Set 2.903ms
[26.900s][info][gc,phases   ] GC(38) Pause Relocate Start 0.007ms
[26.904s][info][gc,phases   ] GC(38) Concurrent Relocate 3.135ms
[26.904s][info][gc,load     ] GC(38) Load: 0.00/0.00/0.00
[26.904s][info][gc,mmu      ] GC(38) MMU: 2ms/97.9%, 5ms/99.2%, 10ms/99.6%, 20ms/99.8%, 50ms/99.9%, 100ms/99.9%
[26.904s][info][gc,marking  ] GC(38) Mark: 2 stripe(s), 2 proactive flush(es), 1 terminate flush(es), 0 completion(s), 0 continuation(s) 
[26.904s][info][gc,marking  ] GC(38) Mark Stack Usage: 32M
[26.904s][info][gc,nmethod  ] GC(38) NMethods: 8538 registered, 148 unregistered
[26.904s][info][gc,metaspace] GC(38) Metaspace: 70M used, 71M committed, 1088M reserved
[26.904s][info][gc,ref      ] GC(38) Soft: 3829 encountered, 0 discovered, 0 enqueued
[26.904s][info][gc,ref      ] GC(38) Weak: 9607 encountered, 1733 discovered, 84 enqueued
[26.904s][info][gc,ref      ] GC(38) Final: 289 encountered, 47 discovered, 0 enqueued
[26.904s][info][gc,ref      ] GC(38) Phantom: 422 encountered, 230 discovered, 0 enqueued
[26.904s][info][gc,reloc    ] GC(38) Small Pages: 1194 / 2388M, Empty: 1950M, Relocated: 5M, In-Place: 0
[26.904s][info][gc,reloc    ] GC(38) Medium Pages: 0 / 0M, Empty: 0M, Relocated: 0M, In-Place: 0
[26.904s][info][gc,reloc    ] GC(38) Large Pages: 0 / 0M, Empty: 0M, Relocated: 0M, In-Place: 0
[26.904s][info][gc,reloc    ] GC(38) Forwarding Usage: 1M
[26.904s][info][gc,heap     ] GC(38) Min Capacity: 8M(0%)
[26.904s][info][gc,heap     ] GC(38) Max Capacity: 4096M(100%)
[26.904s][info][gc,heap     ] GC(38) Soft Max Capacity: 4096M(100%)
[26.904s][info][gc,heap     ] GC(38)                Mark Start          Mark End        Relocate Start      Relocate End           High               Low         
[26.904s][info][gc,heap     ] GC(38)  Capacity:     3710M (91%)        3710M (91%)        3710M (91%)        3710M (91%)        3710M (91%)        3710M (91%)    
[26.904s][info][gc,heap     ] GC(38)      Free:     1708M (42%)        1590M (39%)        3520M (86%)        3896M (95%)        3896M (95%)        1570M (38%)    
[26.904s][info][gc,heap     ] GC(38)      Used:     2388M (58%)        2506M (61%)         576M (14%)         200M (5%)         2526M (62%)         200M (5%)     
[26.904s][info][gc,heap     ] GC(38)      Live:         -                49M (1%)           49M (1%)           49M (1%)             -                  -          
[26.904s][info][gc,heap     ] GC(38) Allocated:         -               118M (3%)          138M (3%)          139M (3%)             -                  -          
[26.904s][info][gc,heap     ] GC(38)   Garbage:         -              2338M (57%)         388M (9%)           10M (0%)             -                  -          
[26.904s][info][gc,heap     ] GC(38) Reclaimed:         -                  -              1950M (48%)        2327M (57%)            -                  -          
[26.904s][info][gc          ] GC(38) Garbage Collection (Allocation Rate) 2388M(58%)->200M(5%)
[27.036s][info][gc,start    ] GC(39) Garbage Collection (Allocation Rate)
[27.036s][info][gc,task     ] GC(39) Using 6 workers
[27.036s][info][gc,phases   ] GC(39) Pause Mark Start 0.009ms
[27.059s][info][gc,phases   ] GC(39) Concurrent Mark 22.700ms
[27.059s][info][gc,phases   ] GC(39) Pause Mark End 0.018ms
[27.059s][info][gc,phases   ] GC(39) Concurrent Mark Free 0.001ms
[27.062s][info][gc,phases   ] GC(39) Concurrent Process Non-Strong References 3.260ms
[27.121s][info][gc,phases   ] GC(39) Concurrent Reset Relocation Set 0.027ms
[27.124s][info][gc,phases   ] GC(39) Concurrent Select Relocation Set 2.835ms
[27.124s][info][gc,phases   ] GC(39) Pause Relocate Start 0.008ms
[27.125s][info][gc,phases   ] GC(39) Concurrent Relocate 1.371ms
[27.126s][info][gc,load     ] GC(39) Load: 0.00/0.00/0.00
[27.126s][info][gc,mmu      ] GC(39) MMU: 2ms/97.9%, 5ms/99.2%, 10ms/99.6%, 20ms/99.8%, 50ms/99.9%, 100ms/99.9%
[27.126s][info][gc,marking  ] GC(39) Mark: 4 stripe(s), 3 proactive flush(es), 1 terminate flush(es), 0 completion(s), 0 continuation(s) 
[27.126s][info][gc,marking  ] GC(39) Mark Stack Usage: 32M
[27.126s][info][gc,nmethod  ] GC(39) NMethods: 8537 registered, 149 unregistered
[27.126s][info][gc,metaspace] GC(39) Metaspace: 70M used, 71M committed, 1088M reserved
[27.126s][info][gc,ref      ] GC(39) Soft: 3829 encountered, 0 discovered, 0 enqueued
[27.126s][info][gc,ref      ] GC(39) Weak: 9513 encountered, 1469 discovered, 7 enqueued
[27.126s][info][gc,ref      ] GC(39) Final: 289 encountered, 37 discovered, 0 enqueued
[27.126s][info][gc,ref      ] GC(39) Phantom: 422 encountered, 250 discovered, 0 enqueued
[27.126s][info][gc,reloc    ] GC(39) Small Pages: 211 / 422M, Empty: 252M, Relocated: 1M, In-Place: 0
[27.126s][info][gc,reloc    ] GC(39) Medium Pages: 0 / 0M, Empty: 0M, Relocated: 0M, In-Place: 0
[27.126s][info][gc,reloc    ] GC(39) Large Pages: 0 / 0M, Empty: 0M, Relocated: 0M, In-Place: 0
[27.126s][info][gc,reloc    ] GC(39) Forwarding Usage: 0M
[27.126s][info][gc,heap     ] GC(39) Min Capacity: 8M(0%)
[27.126s][info][gc,heap     ] GC(39) Max Capacity: 4096M(100%)
[27.126s][info][gc,heap     ] GC(39) Soft Max Capacity: 4096M(100%)
[27.126s][info][gc,heap     ] GC(39)                Mark Start          Mark End        Relocate Start      Relocate End           High               Low         
[27.126s][info][gc,heap     ] GC(39)  Capacity:     3710M (91%)        3710M (91%)        3710M (91%)        3710M (91%)        3710M (91%)        3710M (91%)    
[27.126s][info][gc,heap     ] GC(39)      Free:     3674M (90%)        3614M (88%)        3750M (92%)        3844M (94%)        3844M (94%)        3506M (86%)    
[27.126s][info][gc,heap     ] GC(39)      Used:      422M (10%)         482M (12%)         346M (8%)          252M (6%)          590M (14%)         252M (6%)     
[27.126s][info][gc,heap     ] GC(39)      Live:         -                49M (1%)           49M (1%)           49M (1%)             -                  -          
[27.126s][info][gc,heap     ] GC(39) Allocated:         -                60M (1%)          176M (4%)          181M (4%)             -                  -          
[27.126s][info][gc,heap     ] GC(39)   Garbage:         -               372M (9%)          120M (3%)           20M (1%)             -                  -          
[27.126s][info][gc,heap     ] GC(39) Reclaimed:         -                  -               252M (6%)          351M (9%)             -                  -          
[27.126s][info][gc          ] GC(39) Garbage Collection (Allocation Rate) 422M(10%)->252M(6%)
[28.379s][info][gc,start    ] GC(40) Garbage Collection (System.gc())
[28.379s][info][gc,task     ] GC(40) Using 12 workers
[28.379s][info][gc,phases   ] GC(40) Pause Mark Start 0.014ms
[28.409s][info][gc,phases   ] GC(40) Concurrent Mark 29.085ms
[28.409s][info][gc,phases   ] GC(40) Pause Mark End 0.024ms
[28.409s][info][gc,phases   ] GC(40) Concurrent Mark Free 0.001ms
[28.411s][info][gc,phases   ] GC(40) Concurrent Process Non-Strong References 2.020ms
[28.411s][info][gc,phases   ] GC(40) Concurrent Reset Relocation Set 0.010ms
[28.415s][info][gc,phases   ] GC(40) Concurrent Select Relocation Set 3.593ms
[28.415s][info][gc,phases   ] GC(40) Pause Relocate Start 0.007ms
[28.417s][info][gc,phases   ] GC(40) Concurrent Relocate 2.375ms
[28.417s][info][gc,load     ] GC(40) Load: 0.00/0.00/0.00
[28.417s][info][gc,mmu      ] GC(40) MMU: 2ms/97.9%, 5ms/99.2%, 10ms/99.6%, 20ms/99.8%, 50ms/99.9%, 100ms/99.9%
[28.417s][info][gc,marking  ] GC(40) Mark: 8 stripe(s), 4 proactive flush(es), 1 terminate flush(es), 0 completion(s), 0 continuation(s) 
[28.417s][info][gc,marking  ] GC(40) Mark Stack Usage: 32M
[28.417s][info][gc,nmethod  ] GC(40) NMethods: 8703 registered, 154 unregistered
[28.417s][info][gc,metaspace] GC(40) Metaspace: 70M used, 71M committed, 1088M reserved
[28.417s][info][gc,ref      ] GC(40) Soft: 3829 encountered, 0 discovered, 0 enqueued
[28.417s][info][gc,ref      ] GC(40) Weak: 9553 encountered, 1791 discovered, 43 enqueued
[28.417s][info][gc,ref      ] GC(40) Final: 289 encountered, 18 discovered, 0 enqueued
[28.417s][info][gc,ref      ] GC(40) Phantom: 422 encountered, 299 discovered, 0 enqueued
[28.417s][info][gc,reloc    ] GC(40) Small Pages: 884 / 1768M, Empty: 1560M, Relocated: 5M, In-Place: 0
[28.417s][info][gc,reloc    ] GC(40) Medium Pages: 0 / 0M, Empty: 0M, Relocated: 0M, In-Place: 0
[28.417s][info][gc,reloc    ] GC(40) Large Pages: 0 / 0M, Empty: 0M, Relocated: 0M, In-Place: 0
[28.417s][info][gc,reloc    ] GC(40) Forwarding Usage: 1M
[28.417s][info][gc,heap     ] GC(40) Min Capacity: 8M(0%)
[28.417s][info][gc,heap     ] GC(40) Max Capacity: 4096M(100%)
[28.417s][info][gc,heap     ] GC(40) Soft Max Capacity: 4096M(100%)
[28.417s][info][gc,heap     ] GC(40)                Mark Start          Mark End        Relocate Start      Relocate End           High               Low         
[28.417s][info][gc,heap     ] GC(40)  Capacity:     3710M (91%)        3710M (91%)        3710M (91%)        3710M (91%)        3710M (91%)        3710M (91%)    
[28.417s][info][gc,heap     ] GC(40)      Free:     2328M (57%)        2270M (55%)        3830M (94%)        3960M (97%)        3960M (97%)        2270M (55%)    
[28.417s][info][gc,heap     ] GC(40)      Used:     1768M (43%)        1826M (45%)         266M (6%)          136M (3%)         1826M (45%)         136M (3%)     
[28.417s][info][gc,heap     ] GC(40)      Live:         -                49M (1%)           49M (1%)           49M (1%)             -                  -          
[28.417s][info][gc,heap     ] GC(40) Allocated:         -                58M (1%)           58M (1%)           58M (1%)             -                  -          
[28.417s][info][gc,heap     ] GC(40)   Garbage:         -              1718M (42%)         158M (4%)           28M (1%)             -                  -          
[28.417s][info][gc,heap     ] GC(40) Reclaimed:         -                  -              1560M (38%)        1690M (41%)            -                  -          
[28.417s][info][gc          ] GC(40) Garbage Collection (System.gc()) 1768M(43%)->136M(3%)
[29.036s][info][gc,start    ] GC(41) Garbage Collection (Allocation Rate)
[29.036s][info][gc,task     ] GC(41) Using 12 workers
[29.036s][info][gc,phases   ] GC(41) Pause Mark Start 0.011ms
[29.060s][info][gc,phases   ] GC(41) Concurrent Mark 23.127ms
[29.060s][info][gc,phases   ] GC(41) Pause Mark End 0.031ms
[29.062s][info][gc,phases   ] GC(41) Concurrent Mark Free 0.002ms
[29.066s][info][gc,phases   ] GC(41) Concurrent Process Non-Strong References 4.204ms
[29.067s][info][gc,phases   ] GC(41) Concurrent Reset Relocation Set 0.027ms
[29.076s][info][gc,phases   ] GC(41) Concurrent Select Relocation Set 9.893ms
[29.077s][info][gc,phases   ] GC(41) Pause Relocate Start 0.008ms
[29.080s][info][gc,phases   ] GC(41) Concurrent Relocate 2.782ms
[29.080s][info][gc,load     ] GC(41) Load: 0.00/0.00/0.00
[29.080s][info][gc,mmu      ] GC(41) MMU: 2ms/97.9%, 5ms/99.2%, 10ms/99.6%, 20ms/99.8%, 50ms/99.9%, 100ms/99.9%
[29.080s][info][gc,marking  ] GC(41) Mark: 8 stripe(s), 3 proactive flush(es), 1 terminate flush(es), 0 completion(s), 0 continuation(s) 
[29.080s][info][gc,marking  ] GC(41) Mark Stack Usage: 32M
[29.080s][info][gc,nmethod  ] GC(41) NMethods: 8878 registered, 208 unregistered
[29.080s][info][gc,metaspace] GC(41) Metaspace: 70M used, 71M committed, 1088M reserved
[29.080s][info][gc,ref      ] GC(41) Soft: 3829 encountered, 0 discovered, 0 enqueued
[29.080s][info][gc,ref      ] GC(41) Weak: 10975 encountered, 1499 discovered, 1 enqueued
[29.080s][info][gc,ref      ] GC(41) Final: 289 encountered, 5 discovered, 0 enqueued
[29.080s][info][gc,ref      ] GC(41) Phantom: 438 encountered, 217 discovered, 16 enqueued
[29.080s][info][gc,reloc    ] GC(41) Small Pages: 1525 / 3050M, Empty: 2316M, Relocated: 5M, In-Place: 0
[29.080s][info][gc,reloc    ] GC(41) Medium Pages: 0 / 0M, Empty: 0M, Relocated: 0M, In-Place: 0
[29.080s][info][gc,reloc    ] GC(41) Large Pages: 0 / 0M, Empty: 0M, Relocated: 0M, In-Place: 0
[29.080s][info][gc,reloc    ] GC(41) Forwarding Usage: 2M
[29.080s][info][gc,heap     ] GC(41) Min Capacity: 8M(0%)
[29.080s][info][gc,heap     ] GC(41) Max Capacity: 4096M(100%)
[29.080s][info][gc,heap     ] GC(41) Soft Max Capacity: 4096M(100%)
[29.080s][info][gc,heap     ] GC(41)                Mark Start          Mark End        Relocate Start      Relocate End           High               Low         
[29.080s][info][gc,heap     ] GC(41)  Capacity:     3710M (91%)        3710M (91%)        3710M (91%)        3710M (91%)        3710M (91%)        3710M (91%)    
[29.080s][info][gc,heap     ] GC(41)      Free:     1046M (26%)         896M (22%)        3146M (77%)        3776M (92%)        3776M (92%)         866M (21%)    
[29.080s][info][gc,heap     ] GC(41)      Used:     3050M (74%)        3200M (78%)         950M (23%)         320M (8%)         3230M (79%)         320M (8%)     
[29.080s][info][gc,heap     ] GC(41)      Live:         -                53M (1%)           53M (1%)           53M (1%)             -                  -          
[29.080s][info][gc,heap     ] GC(41) Allocated:         -               150M (4%)          216M (5%)          235M (6%)             -                  -          
[29.080s][info][gc,heap     ] GC(41)   Garbage:         -              2996M (73%)         680M (17%)          31M (1%)             -                  -          
[29.080s][info][gc,heap     ] GC(41) Reclaimed:         -                  -              2316M (57%)        2965M (72%)            -                  -          
[29.080s][info][gc          ] GC(41) Garbage Collection (Allocation Rate) 3050M(74%)->320M(8%)
[29.435s][info][gc,start    ] GC(42) Garbage Collection (Allocation Rate)
[29.435s][info][gc,task     ] GC(42) Using 12 workers
[29.435s][info][gc,phases   ] GC(42) Pause Mark Start 0.010ms
[29.457s][info][gc,phases   ] GC(42) Concurrent Mark 21.209ms
[29.457s][info][gc,phases   ] GC(42) Pause Mark End 0.024ms
[29.458s][info][gc,phases   ] GC(42) Concurrent Mark Free 0.001ms
[29.462s][info][gc,phases   ] GC(42) Concurrent Process Non-Strong References 3.236ms
[29.462s][info][gc,phases   ] GC(42) Concurrent Reset Relocation Set 0.089ms
[29.472s][info][gc,phases   ] GC(42) Concurrent Select Relocation Set 10.649ms
[29.473s][info][gc,phases   ] GC(42) Pause Relocate Start 0.009ms
[29.477s][info][gc,phases   ] GC(42) Concurrent Relocate 4.180ms
[29.477s][info][gc,load     ] GC(42) Load: 0.00/0.00/0.00
[29.477s][info][gc,mmu      ] GC(42) MMU: 2ms/97.9%, 5ms/99.2%, 10ms/99.6%, 20ms/99.8%, 50ms/99.9%, 100ms/99.9%
[29.477s][info][gc,marking  ] GC(42) Mark: 8 stripe(s), 3 proactive flush(es), 1 terminate flush(es), 0 completion(s), 0 continuation(s) 
[29.477s][info][gc,marking  ] GC(42) Mark Stack Usage: 32M
[29.477s][info][gc,nmethod  ] GC(42) NMethods: 8897 registered, 213 unregistered
[29.477s][info][gc,metaspace] GC(42) Metaspace: 70M used, 71M committed, 1088M reserved
[29.477s][info][gc,ref      ] GC(42) Soft: 3829 encountered, 0 discovered, 0 enqueued
[29.477s][info][gc,ref      ] GC(42) Weak: 10922 encountered, 1261 discovered, 144 enqueued
[29.477s][info][gc,ref      ] GC(42) Final: 289 encountered, 0 discovered, 0 enqueued
[29.477s][info][gc,ref      ] GC(42) Phantom: 422 encountered, 306 discovered, 0 enqueued
[29.477s][info][gc,reloc    ] GC(42) Small Pages: 1048 / 2096M, Empty: 1358M, Relocated: 6M, In-Place: 0
[29.477s][info][gc,reloc    ] GC(42) Medium Pages: 0 / 0M, Empty: 0M, Relocated: 0M, In-Place: 0
[29.477s][info][gc,reloc    ] GC(42) Large Pages: 0 / 0M, Empty: 0M, Relocated: 0M, In-Place: 0
[29.477s][info][gc,reloc    ] GC(42) Forwarding Usage: 3M
[29.477s][info][gc,heap     ] GC(42) Min Capacity: 8M(0%)
[29.477s][info][gc,heap     ] GC(42) Max Capacity: 4096M(100%)
[29.477s][info][gc,heap     ] GC(42) Soft Max Capacity: 4096M(100%)
[29.477s][info][gc,heap     ] GC(42)                Mark Start          Mark End        Relocate Start      Relocate End           High               Low         
[29.478s][info][gc,heap     ] GC(42)  Capacity:     3710M (91%)        3710M (91%)        3710M (91%)        3710M (91%)        3710M (91%)        3710M (91%)    
[29.478s][info][gc,heap     ] GC(42)      Free:     2000M (49%)        1852M (45%)        3154M (77%)        3790M (93%)        3794M (93%)        1844M (45%)    
[29.478s][info][gc,heap     ] GC(42)      Used:     2096M (51%)        2244M (55%)         942M (23%)         306M (7%)         2252M (55%)         302M (7%)     
[29.478s][info][gc,heap     ] GC(42)      Live:         -                51M (1%)           51M (1%)           51M (1%)             -                  -          
[29.478s][info][gc,heap     ] GC(42) Allocated:         -               148M (4%)          204M (5%)          225M (6%)             -                  -          
[29.478s][info][gc,heap     ] GC(42)   Garbage:         -              2044M (50%)         686M (17%)          28M (1%)             -                  -          
[29.478s][info][gc,heap     ] GC(42) Reclaimed:         -                  -              1358M (33%)        2015M (49%)            -                  -          
[29.478s][info][gc          ] GC(42) Garbage Collection (Allocation Rate) 2096M(51%)->306M(7%)
[29.935s][info][gc,start    ] GC(43) Garbage Collection (Allocation Rate)
[29.935s][info][gc,task     ] GC(43) Using 4 workers
[29.936s][info][gc,phases   ] GC(43) Pause Mark Start 0.010ms
[29.990s][info][gc,phases   ] GC(43) Concurrent Mark 54.279ms
[29.990s][info][gc,phases   ] GC(43) Pause Mark End 0.029ms
[29.991s][info][gc,phases   ] GC(43) Concurrent Mark Free 0.001ms
[30.002s][info][gc,phases   ] GC(43) Concurrent Process Non-Strong References 11.006ms
[30.002s][info][gc,phases   ] GC(43) Concurrent Reset Relocation Set 0.086ms
[30.013s][info][gc,phases   ] GC(43) Concurrent Select Relocation Set 10.742ms
[30.013s][info][gc,phases   ] GC(43) Pause Relocate Start 0.010ms
[30.023s][info][gc,phases   ] GC(43) Concurrent Relocate 9.571ms
[30.023s][info][gc,load     ] GC(43) Load: 0.00/0.00/0.00
[30.024s][info][gc,mmu      ] GC(43) MMU: 2ms/97.9%, 5ms/99.2%, 10ms/99.6%, 20ms/99.8%, 50ms/99.9%, 100ms/99.9%
[30.024s][info][gc,marking  ] GC(43) Mark: 4 stripe(s), 3 proactive flush(es), 1 terminate flush(es), 0 completion(s), 0 continuation(s) 
[30.024s][info][gc,marking  ] GC(43) Mark Stack Usage: 32M
[30.024s][info][gc,nmethod  ] GC(43) NMethods: 8897 registered, 213 unregistered
[30.024s][info][gc,metaspace] GC(43) Metaspace: 70M used, 71M committed, 1088M reserved
[30.024s][info][gc,ref      ] GC(43) Soft: 3829 encountered, 0 discovered, 0 enqueued
[30.024s][info][gc,ref      ] GC(43) Weak: 10778 encountered, 958 discovered, 0 enqueued
[30.024s][info][gc,ref      ] GC(43) Final: 289 encountered, 39 discovered, 0 enqueued
[30.024s][info][gc,ref      ] GC(43) Phantom: 422 encountered, 311 discovered, 0 enqueued
[30.024s][info][gc,reloc    ] GC(43) Small Pages: 1261 / 2522M, Empty: 1916M, Relocated: 6M, In-Place: 0
[30.024s][info][gc,reloc    ] GC(43) Medium Pages: 0 / 0M, Empty: 0M, Relocated: 0M, In-Place: 0
[30.024s][info][gc,reloc    ] GC(43) Large Pages: 0 / 0M, Empty: 0M, Relocated: 0M, In-Place: 0
[30.024s][info][gc,reloc    ] GC(43) Forwarding Usage: 3M
[30.024s][info][gc,heap     ] GC(43) Min Capacity: 8M(0%)
[30.024s][info][gc,heap     ] GC(43) Max Capacity: 4096M(100%)
[30.024s][info][gc,heap     ] GC(43) Soft Max Capacity: 4096M(100%)
[30.024s][info][gc,heap     ] GC(43)                Mark Start          Mark End        Relocate Start      Relocate End           High               Low         
[30.024s][info][gc,heap     ] GC(43)  Capacity:     3710M (91%)        3710M (91%)        3710M (91%)        3710M (91%)        3710M (91%)        3710M (91%)    
[30.024s][info][gc,heap     ] GC(43)      Free:     1574M (38%)        1278M (31%)        3104M (76%)        3598M (88%)        3610M (88%)        1238M (30%)    
[30.024s][info][gc,heap     ] GC(43)      Used:     2522M (62%)        2818M (69%)         992M (24%)         498M (12%)        2858M (70%)         486M (12%)    
[30.024s][info][gc,heap     ] GC(43)      Live:         -                51M (1%)           51M (1%)           51M (1%)             -                  -          
[30.024s][info][gc,heap     ] GC(43) Allocated:         -               296M (7%)          386M (9%)          432M (11%)            -                  -          
[30.024s][info][gc,heap     ] GC(43)   Garbage:         -              2470M (60%)         554M (14%)          13M (0%)             -                  -          
[30.024s][info][gc,heap     ] GC(43) Reclaimed:         -                  -              1916M (47%)        2456M (60%)            -                  -          
[30.024s][info][gc          ] GC(43) Garbage Collection (Allocation Rate) 2522M(62%)->498M(12%)
[30.136s][info][gc,stats    ] === Garbage Collection Statistics =======================================================================================================================
[30.136s][info][gc,stats    ]                                                              Last 10s              Last 10m              Last 10h                Total
[30.136s][info][gc,stats    ]                                                              Avg / Max             Avg / Max             Avg / Max             Avg / Max
[30.136s][info][gc,stats    ]   Collector: Garbage Collection Cycle                    140.818 / 551.271     143.565 / 551.271     143.565 / 551.271     143.565 / 551.271     ms
[30.136s][info][gc,stats    ]  Contention: Mark Segment Reset Contention                     5 / 15                3 / 16                3 / 16                3 / 16          ops/s
[30.136s][info][gc,stats    ]  Contention: Mark SeqNum Reset Contention                      1 / 7                 1 / 7                 1 / 7                 1 / 7           ops/s
[30.136s][info][gc,stats    ]    Critical: Allocation Stall                                  0 / 0                 0 / 0                 0 / 0                 0 / 0           ops/s
[30.136s][info][gc,stats    ]    Critical: Allocation Stall                              0.000 / 0.000         0.000 / 0.000         0.000 / 0.000         0.000 / 0.000       ms
[30.136s][info][gc,stats    ]    Critical: GC Locker Stall                                   0 / 0                 0 / 0                 0 / 0                 0 / 0           ops/s
[30.136s][info][gc,stats    ]    Critical: GC Locker Stall                               0.000 / 0.000         0.000 / 0.000         0.000 / 0.000         0.000 / 0.000       ms
[30.136s][info][gc,stats    ]    Critical: Relocation Stall                                  0 / 0                 0 / 0                 0 / 0                 0 / 0           ops/s
[30.136s][info][gc,stats    ]    Critical: Relocation Stall                              0.000 / 0.000         0.000 / 0.000         0.000 / 0.000         0.000 / 0.000       ms
[30.136s][info][gc,stats    ]      Memory: Allocation Rate                                3868 / 5038           2547 / 5038           2547 / 5038           2547 / 5038        MB/s
[30.136s][info][gc,stats    ]      Memory: Defragment                                        0 / 0                 0 / 0                 0 / 0                 0 / 0           ops/s
[30.136s][info][gc,stats    ]      Memory: Out Of Memory                                     0 / 0                 0 / 0                 0 / 0                 0 / 0           ops/s
[30.137s][info][gc,stats    ]      Memory: Page Cache Flush                                  0 / 0                 0 / 0                 0 / 0                 0 / 0           MB/s
[30.137s][info][gc,stats    ]      Memory: Page Cache Hit L1                              1937 / 2523           1220 / 2523           1220 / 2523           1220 / 2523        ops/s
[30.137s][info][gc,stats    ]      Memory: Page Cache Hit L2                                 0 / 0                 0 / 0                 0 / 0                 0 / 0           ops/s
[30.137s][info][gc,stats    ]      Memory: Page Cache Hit L3                                 0 / 0                34 / 317              34 / 317              34 / 317         ops/s
[30.137s][info][gc,stats    ]      Memory: Page Cache Miss                                   6 / 69               27 / 308              27 / 308              27 / 308         ops/s
[30.137s][info][gc,stats    ]      Memory: Uncommit                                          0 / 0                 0 / 0                 0 / 0                 0 / 0           MB/s
[30.137s][info][gc,stats    ]      Memory: Undo Object Allocation Failed                     0 / 1                 0 / 6                 0 / 6                 0 / 6           ops/s
[30.137s][info][gc,stats    ]      Memory: Undo Object Allocation Succeeded                326 / 816             223 / 816             223 / 816             223 / 816         ops/s
[30.137s][info][gc,stats    ]      Memory: Undo Page Allocation                              6 / 44               23 / 227              23 / 227              23 / 227         ops/s
[30.137s][info][gc,stats    ]       Phase: Concurrent Mark                              79.672 / 422.516      78.713 / 422.516      78.713 / 422.516      78.713 / 422.516     ms
[30.137s][info][gc,stats    ]       Phase: Concurrent Mark Continue                      0.000 / 0.000         0.000 / 0.000         0.000 / 0.000         0.000 / 0.000       ms
[30.137s][info][gc,stats    ]       Phase: Concurrent Mark Free                          0.001 / 0.002         0.001 / 0.004         0.001 / 0.004         0.001 / 0.004       ms
[30.137s][info][gc,stats    ]       Phase: Concurrent Process Non-Strong References     36.499 / 434.483      35.615 / 434.483      35.615 / 434.483      35.615 / 434.483     ms
[30.137s][info][gc,stats    ]       Phase: Concurrent Relocate                          10.470 / 18.907        9.964 / 27.336        9.964 / 27.336        9.964 / 27.336      ms
[30.137s][info][gc,stats    ]       Phase: Concurrent Reset Relocation Set               0.064 / 0.095         0.061 / 0.138         0.061 / 0.138         0.061 / 0.138       ms
[30.137s][info][gc,stats    ]       Phase: Concurrent Select Relocation Set              8.536 / 13.745        9.330 / 43.053        9.330 / 43.053        9.330 / 43.053      ms
[30.137s][info][gc,stats    ]       Phase: Pause Mark End                                0.025 / 0.031         0.026 / 0.042         0.026 / 0.042         0.026 / 0.042       ms
[30.137s][info][gc,stats    ]       Phase: Pause Mark Start                              0.011 / 0.014         0.011 / 0.017         0.011 / 0.017         0.011 / 0.017       ms
[30.137s][info][gc,stats    ]       Phase: Pause Relocate Start                          0.008 / 0.010         0.008 / 0.010         0.008 / 0.010         0.008 / 0.010       ms
[30.137s][info][gc,stats    ]    Subphase: Concurrent Classes Purge                      0.494 / 5.379         0.693 / 5.427         0.693 / 5.427         0.693 / 5.427       ms
[30.137s][info][gc,stats    ]    Subphase: Concurrent Classes Unlink                    31.637 / 432.052      27.561 / 432.052      27.561 / 432.052      27.561 / 432.052     ms
[30.137s][info][gc,stats    ]    Subphase: Concurrent Mark                              45.766 / 409.811      46.446 / 409.811      46.446 / 409.811      46.446 / 409.811     ms
[30.137s][info][gc,stats    ]    Subphase: Concurrent Mark Try Flush                     5.702 / 307.885       5.011 / 307.885       5.011 / 307.885       5.011 / 307.885     ms
[30.137s][info][gc,stats    ]    Subphase: Concurrent Mark Try Terminate                 1.725 / 19.011        1.830 / 44.933        1.830 / 44.933        1.830 / 44.933      ms
[30.137s][info][gc,stats    ]    Subphase: Concurrent References Enqueue                 0.003 / 0.011         0.003 / 0.011         0.003 / 0.011         0.003 / 0.011       ms
[30.137s][info][gc,stats    ]    Subphase: Concurrent References Process                 0.340 / 0.661         0.409 / 2.321         0.409 / 2.321         0.409 / 2.321       ms
[30.137s][info][gc,stats    ]    Subphase: Concurrent Roots ClassLoaderDataGraph         0.116 / 0.597         0.142 / 2.952         0.142 / 2.952         0.142 / 2.952       ms
[30.137s][info][gc,stats    ]    Subphase: Concurrent Roots CodeCache                    0.000 / 0.000         0.000 / 0.000         0.000 / 0.000         0.000 / 0.000       ms
[30.137s][info][gc,stats    ]    Subphase: Concurrent Roots JavaThreads                  5.322 / 22.878        8.024 / 24.476        8.024 / 24.476        8.024 / 24.476      ms
[30.137s][info][gc,stats    ]    Subphase: Concurrent Roots OopStorageSet                0.062 / 0.180         0.207 / 2.435         0.207 / 2.435         0.207 / 2.435       ms
[30.137s][info][gc,stats    ]    Subphase: Concurrent Weak Roots OopStorageSet           0.688 / 1.962         0.619 / 2.069         0.619 / 2.069         0.619 / 2.069       ms
[30.137s][info][gc,stats    ]    Subphase: Pause Mark Try Complete                       0.000 / 0.000         0.001 / 0.002         0.001 / 0.002         0.001 / 0.002       ms
[30.137s][info][gc,stats    ]      System: Java Threads                                    182 / 200             168 / 200             168 / 200             168 / 200         threads
[30.137s][info][gc,stats    ] =========================================================================================================================================================
[30.435s][info][gc,start    ] GC(44) Garbage Collection (Allocation Rate)
[30.436s][info][gc,task     ] GC(44) Using 2 workers
[30.436s][info][gc,phases   ] GC(44) Pause Mark Start 0.011ms
[30.523s][info][gc,phases   ] GC(44) Concurrent Mark 87.012ms
[30.523s][info][gc,phases   ] GC(44) Pause Mark End 0.024ms
[30.525s][info][gc,phases   ] GC(44) Concurrent Mark Free 0.001ms
[30.541s][info][gc,phases   ] GC(44) Concurrent Process Non-Strong References 15.623ms
[30.541s][info][gc,phases   ] GC(44) Concurrent Reset Relocation Set 0.073ms
[30.547s][info][gc,phases   ] GC(44) Concurrent Select Relocation Set 6.191ms
[30.548s][info][gc,phases   ] GC(44) Pause Relocate Start 0.008ms
[30.562s][info][gc,phases   ] GC(44) Concurrent Relocate 13.862ms
[30.562s][info][gc,load     ] GC(44) Load: 0.00/0.00/0.00
[30.562s][info][gc,mmu      ] GC(44) MMU: 2ms/97.9%, 5ms/99.2%, 10ms/99.6%, 20ms/99.8%, 50ms/99.9%, 100ms/99.9%
[30.562s][info][gc,marking  ] GC(44) Mark: 2 stripe(s), 2 proactive flush(es), 1 terminate flush(es), 0 completion(s), 0 continuation(s) 
[30.562s][info][gc,marking  ] GC(44) Mark Stack Usage: 32M
[30.562s][info][gc,nmethod  ] GC(44) NMethods: 8897 registered, 213 unregistered
[30.562s][info][gc,metaspace] GC(44) Metaspace: 70M used, 71M committed, 1088M reserved
[30.562s][info][gc,ref      ] GC(44) Soft: 3829 encountered, 0 discovered, 0 enqueued
[30.562s][info][gc,ref      ] GC(44) Weak: 10778 encountered, 1525 discovered, 0 enqueued
[30.562s][info][gc,ref      ] GC(44) Final: 289 encountered, 0 discovered, 0 enqueued
[30.562s][info][gc,ref      ] GC(44) Phantom: 422 encountered, 193 discovered, 0 enqueued
[30.562s][info][gc,reloc    ] GC(44) Small Pages: 1223 / 2446M, Empty: 1798M, Relocated: 5M, In-Place: 0
[30.562s][info][gc,reloc    ] GC(44) Medium Pages: 0 / 0M, Empty: 0M, Relocated: 0M, In-Place: 0
[30.562s][info][gc,reloc    ] GC(44) Large Pages: 0 / 0M, Empty: 0M, Relocated: 0M, In-Place: 0
[30.562s][info][gc,reloc    ] GC(44) Forwarding Usage: 2M
[30.562s][info][gc,heap     ] GC(44) Min Capacity: 8M(0%)
[30.562s][info][gc,heap     ] GC(44) Max Capacity: 4096M(100%)
[30.562s][info][gc,heap     ] GC(44) Soft Max Capacity: 4096M(100%)
[30.562s][info][gc,heap     ] GC(44)                Mark Start          Mark End        Relocate Start      Relocate End           High               Low         
[30.562s][info][gc,heap     ] GC(44)  Capacity:     3710M (91%)        3710M (91%)        3710M (91%)        3710M (91%)        3710M (91%)        3710M (91%)    
[30.562s][info][gc,heap     ] GC(44)      Free:     1650M (40%)        1206M (29%)        2884M (70%)        3410M (83%)        3432M (84%)        1116M (27%)    
[30.562s][info][gc,heap     ] GC(44)      Used:     2446M (60%)        2890M (71%)        1212M (30%)         686M (17%)        2980M (73%)         664M (16%)    
[30.562s][info][gc,heap     ] GC(44)      Live:         -                51M (1%)           51M (1%)           51M (1%)             -                  -          
[30.562s][info][gc,heap     ] GC(44) Allocated:         -               444M (11%)         564M (14%)         620M (15%)            -                  -          
[30.562s][info][gc,heap     ] GC(44)   Garbage:         -              2394M (58%)         596M (15%)          13M (0%)             -                  -          
[30.563s][info][gc,heap     ] GC(44) Reclaimed:         -                  -              1798M (44%)        2380M (58%)            -                  -          
[30.563s][info][gc          ] GC(44) Garbage Collection (Allocation Rate) 2446M(60%)->686M(17%)
[30.936s][info][gc,start    ] GC(45) Garbage Collection (Allocation Rate)
[30.936s][info][gc,task     ] GC(45) Using 2 workers
[30.936s][info][gc,phases   ] GC(45) Pause Mark Start 0.011ms
[31.022s][info][gc,phases   ] GC(45) Concurrent Mark 86.188ms
[31.023s][info][gc,phases   ] GC(45) Pause Mark End 0.024ms
[31.024s][info][gc,phases   ] GC(45) Concurrent Mark Free 0.002ms
[31.041s][info][gc,phases   ] GC(45) Concurrent Process Non-Strong References 17.047ms
[31.042s][info][gc,phases   ] GC(45) Concurrent Reset Relocation Set 0.091ms
[31.049s][info][gc,phases   ] GC(45) Concurrent Select Relocation Set 7.168ms
[31.049s][info][gc,phases   ] GC(45) Pause Relocate Start 0.009ms
[31.063s][info][gc,phases   ] GC(45) Concurrent Relocate 13.037ms
[31.063s][info][gc,load     ] GC(45) Load: 0.00/0.00/0.00
[31.063s][info][gc,mmu      ] GC(45) MMU: 2ms/97.9%, 5ms/99.2%, 10ms/99.6%, 20ms/99.8%, 50ms/99.9%, 100ms/99.9%
[31.063s][info][gc,marking  ] GC(45) Mark: 2 stripe(s), 2 proactive flush(es), 1 terminate flush(es), 0 completion(s), 0 continuation(s) 
[31.063s][info][gc,marking  ] GC(45) Mark Stack Usage: 32M
[31.063s][info][gc,nmethod  ] GC(45) NMethods: 8897 registered, 213 unregistered
[31.063s][info][gc,metaspace] GC(45) Metaspace: 70M used, 71M committed, 1088M reserved
[31.063s][info][gc,ref      ] GC(45) Soft: 3829 encountered, 0 discovered, 0 enqueued
[31.063s][info][gc,ref      ] GC(45) Weak: 10778 encountered, 1643 discovered, 0 enqueued
[31.063s][info][gc,ref      ] GC(45) Final: 289 encountered, 5 discovered, 0 enqueued
[31.063s][info][gc,ref      ] GC(45) Phantom: 422 encountered, 211 discovered, 0 enqueued
[31.063s][info][gc,reloc    ] GC(45) Small Pages: 1225 / 2450M, Empty: 1848M, Relocated: 5M, In-Place: 0
[31.063s][info][gc,reloc    ] GC(45) Medium Pages: 0 / 0M, Empty: 0M, Relocated: 0M, In-Place: 0
[31.063s][info][gc,reloc    ] GC(45) Large Pages: 0 / 0M, Empty: 0M, Relocated: 0M, In-Place: 0
[31.063s][info][gc,reloc    ] GC(45) Forwarding Usage: 2M
[31.063s][info][gc,heap     ] GC(45) Min Capacity: 8M(0%)
[31.063s][info][gc,heap     ] GC(45) Max Capacity: 4096M(100%)
[31.063s][info][gc,heap     ] GC(45) Soft Max Capacity: 4096M(100%)
[31.063s][info][gc,heap     ] GC(45)                Mark Start          Mark End        Relocate Start      Relocate End           High               Low         
[31.063s][info][gc,heap     ] GC(45)  Capacity:     3710M (91%)        3710M (91%)        3710M (91%)        3710M (91%)        3710M (91%)        3710M (91%)    
[31.063s][info][gc,heap     ] GC(45)      Free:     1646M (40%)        1206M (29%)        2938M (72%)        3424M (84%)        3450M (84%)        1128M (28%)    
[31.063s][info][gc,heap     ] GC(45)      Used:     2450M (60%)        2890M (71%)        1158M (28%)         672M (16%)        2968M (72%)         646M (16%)    
[31.063s][info][gc,heap     ] GC(45)      Live:         -                51M (1%)           51M (1%)           51M (1%)             -                  -          
[31.063s][info][gc,heap     ] GC(45) Allocated:         -               440M (11%)         556M (14%)         606M (15%)            -                  -          
[31.063s][info][gc,heap     ] GC(45)   Garbage:         -              2398M (59%)         550M (13%)          13M (0%)             -                  -          
[31.063s][info][gc,heap     ] GC(45) Reclaimed:         -                  -              1848M (45%)        2384M (58%)            -                  -          
[31.063s][info][gc          ] GC(45) Garbage Collection (Allocation Rate) 2450M(60%)->672M(16%)
[31.536s][info][gc,start    ] GC(46) Garbage Collection (Allocation Rate)
[31.536s][info][gc,task     ] GC(46) Using 2 workers
[31.536s][info][gc,phases   ] GC(46) Pause Mark Start 0.014ms
[31.620s][info][gc,phases   ] GC(46) Concurrent Mark 83.950ms
[31.621s][info][gc,phases   ] GC(46) Pause Mark End 0.024ms
[31.621s][info][gc,phases   ] GC(46) Concurrent Mark Free 0.001ms
[31.636s][info][gc,phases   ] GC(46) Concurrent Process Non-Strong References 15.324ms
[31.637s][info][gc,phases   ] GC(46) Concurrent Reset Relocation Set 0.071ms
[31.644s][info][gc,phases   ] GC(46) Concurrent Select Relocation Set 7.443ms
[31.644s][info][gc,phases   ] GC(46) Pause Relocate Start 0.008ms
[31.658s][info][gc,phases   ] GC(46) Concurrent Relocate 13.473ms
[31.658s][info][gc,load     ] GC(46) Load: 0.00/0.00/0.00
[31.658s][info][gc,mmu      ] GC(46) MMU: 2ms/97.9%, 5ms/99.2%, 10ms/99.6%, 20ms/99.8%, 50ms/99.9%, 100ms/99.9%
[31.658s][info][gc,marking  ] GC(46) Mark: 2 stripe(s), 2 proactive flush(es), 1 terminate flush(es), 0 completion(s), 0 continuation(s) 
[31.658s][info][gc,marking  ] GC(46) Mark Stack Usage: 32M
[31.658s][info][gc,nmethod  ] GC(46) NMethods: 8900 registered, 218 unregistered
[31.658s][info][gc,metaspace] GC(46) Metaspace: 70M used, 71M committed, 1088M reserved
[31.658s][info][gc,ref      ] GC(46) Soft: 3829 encountered, 0 discovered, 0 enqueued
[31.659s][info][gc,ref      ] GC(46) Weak: 10778 encountered, 1600 discovered, 0 enqueued
[31.659s][info][gc,ref      ] GC(46) Final: 289 encountered, 17 discovered, 0 enqueued
[31.659s][info][gc,ref      ] GC(46) Phantom: 422 encountered, 178 discovered, 0 enqueued
[31.659s][info][gc,reloc    ] GC(46) Small Pages: 1460 / 2920M, Empty: 2202M, Relocated: 5M, In-Place: 0
[31.659s][info][gc,reloc    ] GC(46) Medium Pages: 0 / 0M, Empty: 0M, Relocated: 0M, In-Place: 0
[31.659s][info][gc,reloc    ] GC(46) Large Pages: 0 / 0M, Empty: 0M, Relocated: 0M, In-Place: 0
[31.659s][info][gc,reloc    ] GC(46) Forwarding Usage: 2M
[31.659s][info][gc,heap     ] GC(46) Min Capacity: 8M(0%)
[31.659s][info][gc,heap     ] GC(46) Max Capacity: 4096M(100%)
[31.659s][info][gc,heap     ] GC(46) Soft Max Capacity: 4096M(100%)
[31.659s][info][gc,heap     ] GC(46)                Mark Start          Mark End        Relocate Start      Relocate End           High               Low         
[31.659s][info][gc,heap     ] GC(46)  Capacity:     3710M (91%)        3710M (91%)        3710M (91%)        3710M (91%)        3710M (91%)        3710M (91%)    
[31.659s][info][gc,heap     ] GC(46)      Free:     1176M (29%)         730M (18%)        2830M (69%)        3418M (83%)        3440M (84%)         656M (16%)    
[31.659s][info][gc,heap     ] GC(46)      Used:     2920M (71%)        3366M (82%)        1266M (31%)         678M (17%)        3440M (84%)         656M (16%)    
[31.659s][info][gc,heap     ] GC(46)      Live:         -                51M (1%)           51M (1%)           51M (1%)             -                  -          
[31.659s][info][gc,heap     ] GC(46) Allocated:         -               446M (11%)         548M (13%)         614M (15%)            -                  -          
[31.659s][info][gc,heap     ] GC(46)   Garbage:         -              2868M (70%)         666M (16%)          11M (0%)             -                  -          
[31.659s][info][gc,heap     ] GC(46) Reclaimed:         -                  -              2202M (54%)        2856M (70%)            -                  -          
[31.659s][info][gc          ] GC(46) Garbage Collection (Allocation Rate) 2920M(71%)->678M(17%)
[32.136s][info][gc,start    ] GC(47) Garbage Collection (Allocation Rate)
[32.136s][info][gc,task     ] GC(47) Using 2 workers
[32.136s][info][gc,phases   ] GC(47) Pause Mark Start 0.009ms
[32.231s][info][gc,phases   ] GC(47) Concurrent Mark 94.007ms
[32.231s][info][gc,phases   ] GC(47) Pause Mark End 0.021ms
[32.235s][info][gc,phases   ] GC(47) Concurrent Mark Free 0.002ms
[32.250s][info][gc,phases   ] GC(47) Concurrent Process Non-Strong References 15.228ms
[32.251s][info][gc,phases   ] GC(47) Concurrent Reset Relocation Set 0.080ms
[32.257s][info][gc,phases   ] GC(47) Concurrent Select Relocation Set 6.447ms
[32.257s][info][gc,phases   ] GC(47) Pause Relocate Start 0.009ms
[32.272s][info][gc,phases   ] GC(47) Concurrent Relocate 13.932ms
[32.272s][info][gc,load     ] GC(47) Load: 0.00/0.00/0.00
[32.272s][info][gc,mmu      ] GC(47) MMU: 2ms/97.9%, 5ms/99.2%, 10ms/99.6%, 20ms/99.8%, 50ms/99.9%, 100ms/99.9%
[32.272s][info][gc,marking  ] GC(47) Mark: 2 stripe(s), 3 proactive flush(es), 1 terminate flush(es), 0 completion(s), 0 continuation(s) 
[32.272s][info][gc,marking  ] GC(47) Mark Stack Usage: 32M
[32.272s][info][gc,nmethod  ] GC(47) NMethods: 8906 registered, 221 unregistered
[32.272s][info][gc,metaspace] GC(47) Metaspace: 70M used, 71M committed, 1088M reserved
[32.272s][info][gc,ref      ] GC(47) Soft: 3829 encountered, 0 discovered, 0 enqueued
[32.272s][info][gc,ref      ] GC(47) Weak: 10778 encountered, 1341 discovered, 0 enqueued
[32.272s][info][gc,ref      ] GC(47) Final: 289 encountered, 37 discovered, 0 enqueued
[32.272s][info][gc,ref      ] GC(47) Phantom: 422 encountered, 199 discovered, 0 enqueued
[32.272s][info][gc,reloc    ] GC(47) Small Pages: 1517 / 3034M, Empty: 2414M, Relocated: 5M, In-Place: 0
[32.272s][info][gc,reloc    ] GC(47) Medium Pages: 0 / 0M, Empty: 0M, Relocated: 0M, In-Place: 0
[32.272s][info][gc,reloc    ] GC(47) Large Pages: 0 / 0M, Empty: 0M, Relocated: 0M, In-Place: 0
[32.272s][info][gc,reloc    ] GC(47) Forwarding Usage: 2M
[32.272s][info][gc,heap     ] GC(47) Min Capacity: 8M(0%)
[32.272s][info][gc,heap     ] GC(47) Max Capacity: 4096M(100%)
[32.272s][info][gc,heap     ] GC(47) Soft Max Capacity: 4096M(100%)
[32.272s][info][gc,heap     ] GC(47)                Mark Start          Mark End        Relocate Start      Relocate End           High               Low         
[32.272s][info][gc,heap     ] GC(47)  Capacity:     3710M (91%)        3710M (91%)        3710M (91%)        3710M (91%)        3710M (91%)        3710M (91%)    
[32.272s][info][gc,heap     ] GC(47)      Free:     1062M (26%)         696M (17%)        2994M (73%)        3496M (85%)        3518M (86%)         610M (15%)    
[32.272s][info][gc,heap     ] GC(47)      Used:     3034M (74%)        3400M (83%)        1102M (27%)         600M (15%)        3486M (85%)         578M (14%)    
[32.272s][info][gc,heap     ] GC(47)      Live:         -                51M (1%)           51M (1%)           51M (1%)             -                  -          
[32.272s][info][gc,heap     ] GC(47) Allocated:         -               366M (9%)          482M (12%)         536M (13%)            -                  -          
[32.272s][info][gc,heap     ] GC(47)   Garbage:         -              2982M (73%)         568M (14%)          11M (0%)             -                  -          
[32.272s][info][gc,heap     ] GC(47) Reclaimed:         -                  -              2414M (59%)        2970M (73%)            -                  -          
[32.272s][info][gc          ] GC(47) Garbage Collection (Allocation Rate) 3034M(74%)->600M(15%)
[32.736s][info][gc,start    ] GC(48) Garbage Collection (Allocation Rate)
[32.736s][info][gc,task     ] GC(48) Using 2 workers
[32.736s][info][gc,phases   ] GC(48) Pause Mark Start 0.011ms
[32.836s][info][gc,phases   ] GC(48) Concurrent Mark 99.013ms
[32.836s][info][gc,phases   ] GC(48) Pause Mark End 0.029ms
[32.837s][info][gc,phases   ] GC(48) Concurrent Mark Free 0.002ms
[32.858s][info][gc,phases   ] GC(48) Concurrent Process Non-Strong References 20.708ms
[32.858s][info][gc,phases   ] GC(48) Concurrent Reset Relocation Set 0.076ms
[32.868s][info][gc,phases   ] GC(48) Concurrent Select Relocation Set 10.245ms
[32.868s][info][gc,phases   ] GC(48) Pause Relocate Start 0.008ms
[32.883s][info][gc,phases   ] GC(48) Concurrent Relocate 14.220ms
[32.883s][info][gc,load     ] GC(48) Load: 0.00/0.00/0.00
[32.883s][info][gc,mmu      ] GC(48) MMU: 2ms/97.9%, 5ms/99.2%, 10ms/99.6%, 20ms/99.8%, 50ms/99.9%, 100ms/99.9%
[32.883s][info][gc,marking  ] GC(48) Mark: 2 stripe(s), 2 proactive flush(es), 1 terminate flush(es), 0 completion(s), 0 continuation(s) 
[32.883s][info][gc,marking  ] GC(48) Mark Stack Usage: 32M
[32.883s][info][gc,nmethod  ] GC(48) NMethods: 8903 registered, 227 unregistered
[32.883s][info][gc,metaspace] GC(48) Metaspace: 70M used, 71M committed, 1088M reserved
[32.883s][info][gc,ref      ] GC(48) Soft: 3829 encountered, 0 discovered, 0 enqueued
[32.883s][info][gc,ref      ] GC(48) Weak: 10778 encountered, 1729 discovered, 0 enqueued
[32.883s][info][gc,ref      ] GC(48) Final: 289 encountered, 0 discovered, 0 enqueued
[32.883s][info][gc,ref      ] GC(48) Phantom: 422 encountered, 227 discovered, 0 enqueued
[32.883s][info][gc,reloc    ] GC(48) Small Pages: 1418 / 2836M, Empty: 2136M, Relocated: 5M, In-Place: 0
[32.883s][info][gc,reloc    ] GC(48) Medium Pages: 0 / 0M, Empty: 0M, Relocated: 0M, In-Place: 0
[32.883s][info][gc,reloc    ] GC(48) Large Pages: 0 / 0M, Empty: 0M, Relocated: 0M, In-Place: 0
[32.883s][info][gc,reloc    ] GC(48) Forwarding Usage: 2M
[32.883s][info][gc,heap     ] GC(48) Min Capacity: 8M(0%)
[32.883s][info][gc,heap     ] GC(48) Max Capacity: 4096M(100%)
[32.883s][info][gc,heap     ] GC(48) Soft Max Capacity: 4096M(100%)
[32.883s][info][gc,heap     ] GC(48)                Mark Start          Mark End        Relocate Start      Relocate End           High               Low         
[32.883s][info][gc,heap     ] GC(48)  Capacity:     3710M (91%)        3710M (91%)        3710M (91%)        3710M (91%)        3710M (91%)        3710M (91%)    
[32.883s][info][gc,heap     ] GC(48)      Free:     1260M (31%)         756M (18%)        2728M (67%)        3308M (81%)        3332M (81%)         650M (16%)    
[32.883s][info][gc,heap     ] GC(48)      Used:     2836M (69%)        3340M (82%)        1368M (33%)         788M (19%)        3446M (84%)         764M (19%)    
[32.883s][info][gc,heap     ] GC(48)      Live:         -                51M (1%)           51M (1%)           51M (1%)             -                  -          
[32.883s][info][gc,heap     ] GC(48) Allocated:         -               504M (12%)         668M (16%)         722M (18%)            -                  -          
[32.883s][info][gc,heap     ] GC(48)   Garbage:         -              2784M (68%)         648M (16%)          13M (0%)             -                  -          
[32.883s][info][gc,heap     ] GC(48) Reclaimed:         -                  -              2136M (52%)        2770M (68%)            -                  -          
[32.883s][info][gc          ] GC(48) Garbage Collection (Allocation Rate) 2836M(69%)->788M(19%)
[33.336s][info][gc,start    ] GC(49) Garbage Collection (Allocation Rate)
[33.336s][info][gc,task     ] GC(49) Using 2 workers
[33.336s][info][gc,phases   ] GC(49) Pause Mark Start 0.012ms
[33.442s][info][gc,phases   ] GC(49) Concurrent Mark 105.173ms
[33.442s][info][gc,phases   ] GC(49) Pause Mark End 0.031ms
[33.445s][info][gc,phases   ] GC(49) Concurrent Mark Free 0.002ms
[33.462s][info][gc,phases   ] GC(49) Concurrent Process Non-Strong References 16.657ms
[33.462s][info][gc,phases   ] GC(49) Concurrent Reset Relocation Set 0.079ms
[33.468s][info][gc,phases   ] GC(49) Concurrent Select Relocation Set 6.414ms
[33.469s][info][gc,phases   ] GC(49) Pause Relocate Start 0.010ms
[33.486s][info][gc,phases   ] GC(49) Concurrent Relocate 16.714ms
[33.486s][info][gc,load     ] GC(49) Load: 0.00/0.00/0.00
[33.486s][info][gc,mmu      ] GC(49) MMU: 2ms/97.9%, 5ms/99.2%, 10ms/99.6%, 20ms/99.8%, 50ms/99.9%, 100ms/99.9%
[33.486s][info][gc,marking  ] GC(49) Mark: 2 stripe(s), 2 proactive flush(es), 1 terminate flush(es), 0 completion(s), 0 continuation(s) 
[33.486s][info][gc,marking  ] GC(49) Mark Stack Usage: 32M
[33.486s][info][gc,nmethod  ] GC(49) NMethods: 8938 registered, 227 unregistered
[33.486s][info][gc,metaspace] GC(49) Metaspace: 70M used, 71M committed, 1088M reserved
[33.486s][info][gc,ref      ] GC(49) Soft: 3829 encountered, 0 discovered, 0 enqueued
[33.486s][info][gc,ref      ] GC(49) Weak: 10764 encountered, 1317 discovered, 1 enqueued
[33.486s][info][gc,ref      ] GC(49) Final: 289 encountered, 16 discovered, 0 enqueued
[33.486s][info][gc,ref      ] GC(49) Phantom: 422 encountered, 246 discovered, 0 enqueued
[33.486s][info][gc,reloc    ] GC(49) Small Pages: 1507 / 3014M, Empty: 2426M, Relocated: 5M, In-Place: 0
[33.486s][info][gc,reloc    ] GC(49) Medium Pages: 0 / 0M, Empty: 0M, Relocated: 0M, In-Place: 0
[33.486s][info][gc,reloc    ] GC(49) Large Pages: 0 / 0M, Empty: 0M, Relocated: 0M, In-Place: 0
[33.486s][info][gc,reloc    ] GC(49) Forwarding Usage: 2M
[33.486s][info][gc,heap     ] GC(49) Min Capacity: 8M(0%)
[33.486s][info][gc,heap     ] GC(49) Max Capacity: 4096M(100%)
[33.486s][info][gc,heap     ] GC(49) Soft Max Capacity: 4096M(100%)
[33.486s][info][gc,heap     ] GC(49)                Mark Start          Mark End        Relocate Start      Relocate End           High               Low         
[33.486s][info][gc,heap     ] GC(49)  Capacity:     3710M (91%)        3710M (91%)        3710M (91%)        3710M (91%)        3710M (91%)        3710M (91%)    
[33.486s][info][gc,heap     ] GC(49)      Free:     1082M (26%)         564M (14%)        2870M (70%)        3324M (81%)        3348M (82%)         476M (12%)    
[33.486s][info][gc,heap     ] GC(49)      Used:     3014M (74%)        3532M (86%)        1226M (30%)         772M (19%)        3620M (88%)         748M (18%)    
[33.486s][info][gc,heap     ] GC(49)      Live:         -                51M (1%)           51M (1%)           51M (1%)             -                  -          
[33.486s][info][gc,heap     ] GC(49) Allocated:         -               518M (13%)         638M (16%)         706M (17%)            -                  -          
[33.486s][info][gc,heap     ] GC(49)   Garbage:         -              2962M (72%)         536M (13%)          13M (0%)             -                  -          
[33.486s][info][gc,heap     ] GC(49) Reclaimed:         -                  -              2426M (59%)        2948M (72%)            -                  -          
[33.486s][info][gc          ] GC(49) Garbage Collection (Allocation Rate) 3014M(74%)->772M(19%)
[33.936s][info][gc,start    ] GC(50) Garbage Collection (Allocation Rate)
[33.936s][info][gc,task     ] GC(50) Using 2 workers
[33.936s][info][gc,phases   ] GC(50) Pause Mark Start 0.010ms
[34.020s][info][gc,phases   ] GC(50) Concurrent Mark 83.427ms
[34.020s][info][gc,phases   ] GC(50) Pause Mark End 0.028ms
[34.020s][info][gc,phases   ] GC(50) Concurrent Mark Free 0.001ms
[34.037s][info][gc,phases   ] GC(50) Concurrent Process Non-Strong References 17.361ms
[34.038s][info][gc,phases   ] GC(50) Concurrent Reset Relocation Set 0.065ms
[34.044s][info][gc,phases   ] GC(50) Concurrent Select Relocation Set 6.009ms
[34.044s][info][gc,phases   ] GC(50) Pause Relocate Start 0.008ms
[34.055s][info][gc,phases   ] GC(50) Concurrent Relocate 11.019ms
[34.055s][info][gc,load     ] GC(50) Load: 0.00/0.00/0.00
[34.055s][info][gc,mmu      ] GC(50) MMU: 2ms/97.9%, 5ms/99.2%, 10ms/99.6%, 20ms/99.8%, 50ms/99.9%, 100ms/99.9%
[34.055s][info][gc,marking  ] GC(50) Mark: 2 stripe(s), 2 proactive flush(es), 1 terminate flush(es), 0 completion(s), 0 continuation(s) 
[34.055s][info][gc,marking  ] GC(50) Mark Stack Usage: 32M
[34.055s][info][gc,nmethod  ] GC(50) NMethods: 8940 registered, 231 unregistered
[34.055s][info][gc,metaspace] GC(50) Metaspace: 70M used, 71M committed, 1088M reserved
[34.055s][info][gc,ref      ] GC(50) Soft: 3829 encountered, 0 discovered, 0 enqueued
[34.055s][info][gc,ref      ] GC(50) Weak: 10457 encountered, 1484 discovered, 84 enqueued
[34.055s][info][gc,ref      ] GC(50) Final: 289 encountered, 0 discovered, 0 enqueued
[34.055s][info][gc,ref      ] GC(50) Phantom: 422 encountered, 182 discovered, 0 enqueued
[34.055s][info][gc,reloc    ] GC(50) Small Pages: 1438 / 2876M, Empty: 2040M, Relocated: 3M, In-Place: 0
[34.055s][info][gc,reloc    ] GC(50) Medium Pages: 0 / 0M, Empty: 0M, Relocated: 0M, In-Place: 0
[34.055s][info][gc,reloc    ] GC(50) Large Pages: 0 / 0M, Empty: 0M, Relocated: 0M, In-Place: 0
[34.055s][info][gc,reloc    ] GC(50) Forwarding Usage: 1M
[34.055s][info][gc,heap     ] GC(50) Min Capacity: 8M(0%)
[34.055s][info][gc,heap     ] GC(50) Max Capacity: 4096M(100%)
[34.055s][info][gc,heap     ] GC(50) Soft Max Capacity: 4096M(100%)
[34.055s][info][gc,heap     ] GC(50)                Mark Start          Mark End        Relocate Start      Relocate End           High               Low         
[34.055s][info][gc,heap     ] GC(50)  Capacity:     3710M (91%)        3710M (91%)        3710M (91%)        3710M (91%)        3710M (91%)        3710M (91%)    
[34.055s][info][gc,heap     ] GC(50)      Free:     1220M (30%)         794M (19%)        2732M (67%)        3452M (84%)        3464M (85%)         714M (17%)    
[34.055s][info][gc,heap     ] GC(50)      Used:     2876M (70%)        3302M (81%)        1364M (33%)         644M (16%)        3382M (83%)         632M (15%)    
[34.056s][info][gc,heap     ] GC(50)      Live:         -                51M (1%)           51M (1%)           51M (1%)             -                  -          
[34.056s][info][gc,heap     ] GC(50) Allocated:         -               426M (10%)         528M (13%)         579M (14%)            -                  -          
[34.056s][info][gc,heap     ] GC(50)   Garbage:         -              2824M (69%)         784M (19%)          13M (0%)             -                  -          
[34.056s][info][gc,heap     ] GC(50) Reclaimed:         -                  -              2040M (50%)        2811M (69%)            -                  -          
[34.056s][info][gc          ] GC(50) Garbage Collection (Allocation Rate) 2876M(70%)->644M(16%)
[34.636s][info][gc,start    ] GC(51) Garbage Collection (Allocation Rate)
[34.636s][info][gc,task     ] GC(51) Using 2 workers
[34.636s][info][gc,phases   ] GC(51) Pause Mark Start 0.011ms
[34.696s][info][gc,phases   ] GC(51) Concurrent Mark 59.544ms
[34.696s][info][gc,phases   ] GC(51) Pause Mark End 0.022ms
[34.696s][info][gc,phases   ] GC(51) Concurrent Mark Free 0.001ms
[34.707s][info][gc,phases   ] GC(51) Concurrent Process Non-Strong References 10.938ms
[34.707s][info][gc,phases   ] GC(51) Concurrent Reset Relocation Set 0.050ms
[34.710s][info][gc,phases   ] GC(51) Concurrent Select Relocation Set 3.148ms
[34.710s][info][gc,phases   ] GC(51) Pause Relocate Start 0.007ms
[34.715s][info][gc,phases   ] GC(51) Concurrent Relocate 4.883ms
[34.715s][info][gc,load     ] GC(51) Load: 0.00/0.00/0.00
[34.715s][info][gc,mmu      ] GC(51) MMU: 2ms/97.9%, 5ms/99.2%, 10ms/99.6%, 20ms/99.8%, 50ms/99.9%, 100ms/99.9%
[34.715s][info][gc,marking  ] GC(51) Mark: 2 stripe(s), 2 proactive flush(es), 1 terminate flush(es), 0 completion(s), 0 continuation(s) 
[34.715s][info][gc,marking  ] GC(51) Mark Stack Usage: 32M
[34.715s][info][gc,nmethod  ] GC(51) NMethods: 9106 registered, 234 unregistered
[34.715s][info][gc,metaspace] GC(51) Metaspace: 70M used, 71M committed, 1088M reserved
[34.715s][info][gc,ref      ] GC(51) Soft: 3829 encountered, 0 discovered, 0 enqueued
[34.715s][info][gc,ref      ] GC(51) Weak: 9823 encountered, 1239 discovered, 132 enqueued
[34.715s][info][gc,ref      ] GC(51) Final: 289 encountered, 25 discovered, 0 enqueued
[34.715s][info][gc,ref      ] GC(51) Phantom: 422 encountered, 224 discovered, 0 enqueued
[34.715s][info][gc,reloc    ] GC(51) Small Pages: 1402 / 2804M, Empty: 2178M, Relocated: 3M, In-Place: 0
[34.715s][info][gc,reloc    ] GC(51) Medium Pages: 0 / 0M, Empty: 0M, Relocated: 0M, In-Place: 0
[34.715s][info][gc,reloc    ] GC(51) Large Pages: 0 / 0M, Empty: 0M, Relocated: 0M, In-Place: 0
[34.715s][info][gc,reloc    ] GC(51) Forwarding Usage: 1M
[34.715s][info][gc,heap     ] GC(51) Min Capacity: 8M(0%)
[34.715s][info][gc,heap     ] GC(51) Max Capacity: 4096M(100%)
[34.715s][info][gc,heap     ] GC(51) Soft Max Capacity: 4096M(100%)
[34.715s][info][gc,heap     ] GC(51)                Mark Start          Mark End        Relocate Start      Relocate End           High               Low         
[34.715s][info][gc,heap     ] GC(51)  Capacity:     3710M (91%)        3710M (91%)        3710M (91%)        3710M (91%)        3710M (91%)        3710M (91%)    
[34.715s][info][gc,heap     ] GC(51)      Free:     1292M (32%)        1106M (27%)        3240M (79%)        3796M (93%)        3796M (93%)        1080M (26%)    
[34.715s][info][gc,heap     ] GC(51)      Used:     2804M (68%)        2990M (73%)         856M (21%)         300M (7%)         3016M (74%)         300M (7%)     
[34.715s][info][gc,heap     ] GC(51)      Live:         -                49M (1%)           49M (1%)           49M (1%)             -                  -          
[34.716s][info][gc,heap     ] GC(51) Allocated:         -               186M (5%)          230M (6%)          237M (6%)             -                  -          
[34.716s][info][gc,heap     ] GC(51)   Garbage:         -              2754M (67%)         576M (14%)          12M (0%)             -                  -          
[34.716s][info][gc,heap     ] GC(51) Reclaimed:         -                  -              2178M (53%)        2741M (67%)            -                  -          
[34.716s][info][gc          ] GC(51) Garbage Collection (Allocation Rate) 2804M(68%)->300M(7%)
[35.236s][info][gc,start    ] GC(52) Garbage Collection (Allocation Rate)
[35.236s][info][gc,task     ] GC(52) Using 6 workers
[35.236s][info][gc,phases   ] GC(52) Pause Mark Start 0.010ms
[35.257s][info][gc,phases   ] GC(52) Concurrent Mark 20.671ms
[35.257s][info][gc,phases   ] GC(52) Pause Mark End 0.022ms
[35.257s][info][gc,phases   ] GC(52) Concurrent Mark Free 0.001ms
[35.260s][info][gc,phases   ] GC(52) Concurrent Process Non-Strong References 3.510ms
[35.260s][info][gc,phases   ] GC(52) Concurrent Reset Relocation Set 0.032ms
[35.263s][info][gc,phases   ] GC(52) Concurrent Select Relocation Set 2.629ms
[35.263s][info][gc,phases   ] GC(52) Pause Relocate Start 0.008ms
[35.265s][info][gc,phases   ] GC(52) Concurrent Relocate 1.725ms
[35.265s][info][gc,load     ] GC(52) Load: 0.00/0.00/0.00
[35.265s][info][gc,mmu      ] GC(52) MMU: 2ms/97.9%, 5ms/99.2%, 10ms/99.6%, 20ms/99.8%, 50ms/99.9%, 100ms/99.9%
[35.265s][info][gc,marking  ] GC(52) Mark: 4 stripe(s), 2 proactive flush(es), 1 terminate flush(es), 0 completion(s), 0 continuation(s) 
[35.265s][info][gc,marking  ] GC(52) Mark Stack Usage: 32M
[35.265s][info][gc,nmethod  ] GC(52) NMethods: 9106 registered, 236 unregistered
[35.265s][info][gc,metaspace] GC(52) Metaspace: 70M used, 71M committed, 1088M reserved
[35.265s][info][gc,ref      ] GC(52) Soft: 3829 encountered, 0 discovered, 0 enqueued
[35.265s][info][gc,ref      ] GC(52) Weak: 9566 encountered, 838 discovered, 31 enqueued
[35.265s][info][gc,ref      ] GC(52) Final: 289 encountered, 43 discovered, 0 enqueued
[35.265s][info][gc,ref      ] GC(52) Phantom: 422 encountered, 300 discovered, 0 enqueued
[35.265s][info][gc,reloc    ] GC(52) Small Pages: 679 / 1358M, Empty: 1092M, Relocated: 1M, In-Place: 0
[35.265s][info][gc,reloc    ] GC(52) Medium Pages: 0 / 0M, Empty: 0M, Relocated: 0M, In-Place: 0
[35.265s][info][gc,reloc    ] GC(52) Large Pages: 0 / 0M, Empty: 0M, Relocated: 0M, In-Place: 0
[35.265s][info][gc,reloc    ] GC(52) Forwarding Usage: 0M
[35.265s][info][gc,heap     ] GC(52) Min Capacity: 8M(0%)
[35.265s][info][gc,heap     ] GC(52) Max Capacity: 4096M(100%)
[35.265s][info][gc,heap     ] GC(52) Soft Max Capacity: 4096M(100%)
[35.265s][info][gc,heap     ] GC(52)                Mark Start          Mark End        Relocate Start      Relocate End           High               Low         
[35.265s][info][gc,heap     ] GC(52)  Capacity:     3710M (91%)        3710M (91%)        3710M (91%)        3710M (91%)        3710M (91%)        3710M (91%)    
[35.265s][info][gc,heap     ] GC(52)      Free:     2738M (67%)        2674M (65%)        3760M (92%)        3952M (96%)        3952M (96%)        2668M (65%)    
[35.265s][info][gc,heap     ] GC(52)      Used:     1358M (33%)        1422M (35%)         336M (8%)          144M (4%)         1428M (35%)         144M (4%)     
[35.265s][info][gc,heap     ] GC(52)      Live:         -                49M (1%)           49M (1%)           49M (1%)             -                  -          
[35.265s][info][gc,heap     ] GC(52) Allocated:         -                64M (2%)           70M (2%)           71M (2%)             -                  -          
[35.265s][info][gc,heap     ] GC(52)   Garbage:         -              1308M (32%)         216M (5%)           22M (1%)             -                  -          
[35.265s][info][gc,heap     ] GC(52) Reclaimed:         -                  -              1092M (27%)        1285M (31%)            -                  -          
[35.265s][info][gc          ] GC(52) Garbage Collection (Allocation Rate) 1358M(33%)->144M(4%)
[36.303s][info][gc,start    ] GC(53) Garbage Collection (System.gc())
[36.303s][info][gc,task     ] GC(53) Using 12 workers
[36.303s][info][gc,phases   ] GC(53) Pause Mark Start 0.014ms
[36.329s][info][gc,phases   ] GC(53) Concurrent Mark 25.371ms
[36.329s][info][gc,phases   ] GC(53) Pause Mark End 0.020ms
[36.329s][info][gc,phases   ] GC(53) Concurrent Mark Free 0.001ms
[36.331s][info][gc,phases   ] GC(53) Concurrent Process Non-Strong References 1.903ms
[36.331s][info][gc,phases   ] GC(53) Concurrent Reset Relocation Set 0.016ms
[36.335s][info][gc,phases   ] GC(53) Concurrent Select Relocation Set 3.496ms
[36.335s][info][gc,phases   ] GC(53) Pause Relocate Start 0.006ms
[36.337s][info][gc,phases   ] GC(53) Concurrent Relocate 2.226ms
[36.337s][info][gc,load     ] GC(53) Load: 0.00/0.00/0.00
[36.337s][info][gc,mmu      ] GC(53) MMU: 2ms/97.9%, 5ms/99.2%, 10ms/99.6%, 20ms/99.8%, 50ms/99.9%, 100ms/99.9%
[36.337s][info][gc,marking  ] GC(53) Mark: 8 stripe(s), 5 proactive flush(es), 1 terminate flush(es), 0 completion(s), 0 continuation(s) 
[36.337s][info][gc,marking  ] GC(53) Mark Stack Usage: 32M
[36.337s][info][gc,nmethod  ] GC(53) NMethods: 9187 registered, 238 unregistered
[36.337s][info][gc,metaspace] GC(53) Metaspace: 70M used, 71M committed, 1088M reserved
[36.337s][info][gc,ref      ] GC(53) Soft: 3829 encountered, 0 discovered, 0 enqueued
[36.337s][info][gc,ref      ] GC(53) Weak: 9522 encountered, 973 discovered, 49 enqueued
[36.337s][info][gc,ref      ] GC(53) Final: 289 encountered, 1 discovered, 0 enqueued
[36.337s][info][gc,ref      ] GC(53) Phantom: 422 encountered, 381 discovered, 0 enqueued
[36.337s][info][gc,reloc    ] GC(53) Small Pages: 1030 / 2060M, Empty: 1824M, Relocated: 6M, In-Place: 0
[36.337s][info][gc,reloc    ] GC(53) Medium Pages: 0 / 0M, Empty: 0M, Relocated: 0M, In-Place: 0
[36.337s][info][gc,reloc    ] GC(53) Large Pages: 0 / 0M, Empty: 0M, Relocated: 0M, In-Place: 0
[36.337s][info][gc,reloc    ] GC(53) Forwarding Usage: 2M
[36.337s][info][gc,heap     ] GC(53) Min Capacity: 8M(0%)
[36.337s][info][gc,heap     ] GC(53) Max Capacity: 4096M(100%)
[36.337s][info][gc,heap     ] GC(53) Soft Max Capacity: 4096M(100%)
[36.337s][info][gc,heap     ] GC(53)                Mark Start          Mark End        Relocate Start      Relocate End           High               Low         
[36.337s][info][gc,heap     ] GC(53)  Capacity:     3710M (91%)        3710M (91%)        3710M (91%)        3710M (91%)        3710M (91%)        3710M (91%)    
[36.337s][info][gc,heap     ] GC(53)      Free:     2036M (50%)        1982M (48%)        3806M (93%)        3966M (97%)        3966M (97%)        1982M (48%)    
[36.337s][info][gc,heap     ] GC(53)      Used:     2060M (50%)        2114M (52%)         290M (7%)          130M (3%)         2114M (52%)         130M (3%)     
[36.337s][info][gc,heap     ] GC(53)      Live:         -                49M (1%)           49M (1%)           49M (1%)             -                  -          
[36.337s][info][gc,heap     ] GC(53) Allocated:         -                54M (1%)           54M (1%)           53M (1%)             -                  -          
[36.337s][info][gc,heap     ] GC(53)   Garbage:         -              2010M (49%)         186M (5%)           26M (1%)             -                  -          
[36.337s][info][gc,heap     ] GC(53) Reclaimed:         -                  -              1824M (45%)        1983M (48%)            -                  -          
[36.337s][info][gc          ] GC(53) Garbage Collection (System.gc()) 2060M(50%)->130M(3%)
[36.935s][info][gc,start    ] GC(54) Garbage Collection (Allocation Rate)
[36.935s][info][gc,task     ] GC(54) Using 12 workers
[36.935s][info][gc,phases   ] GC(54) Pause Mark Start 0.013ms
[36.961s][info][gc,phases   ] GC(54) Concurrent Mark 25.150ms
[36.961s][info][gc,phases   ] GC(54) Pause Mark End 0.031ms
[36.963s][info][gc,phases   ] GC(54) Concurrent Mark Free 0.001ms
[36.966s][info][gc,phases   ] GC(54) Concurrent Process Non-Strong References 3.804ms
[36.966s][info][gc,phases   ] GC(54) Concurrent Reset Relocation Set 0.027ms
[36.976s][info][gc,phases   ] GC(54) Concurrent Select Relocation Set 9.724ms
[36.976s][info][gc,phases   ] GC(54) Pause Relocate Start 0.011ms
[36.982s][info][gc,phases   ] GC(54) Concurrent Relocate 4.839ms
[36.982s][info][gc,load     ] GC(54) Load: 0.00/0.00/0.00
[36.982s][info][gc,mmu      ] GC(54) MMU: 2ms/97.9%, 5ms/99.2%, 10ms/99.6%, 20ms/99.8%, 50ms/99.9%, 100ms/99.9%
[36.982s][info][gc,marking  ] GC(54) Mark: 8 stripe(s), 3 proactive flush(es), 1 terminate flush(es), 0 completion(s), 0 continuation(s) 
[36.982s][info][gc,marking  ] GC(54) Mark Stack Usage: 32M
[36.982s][info][gc,nmethod  ] GC(54) NMethods: 9306 registered, 287 unregistered
[36.982s][info][gc,metaspace] GC(54) Metaspace: 70M used, 71M committed, 1088M reserved
[36.982s][info][gc,ref      ] GC(54) Soft: 3829 encountered, 0 discovered, 0 enqueued
[36.982s][info][gc,ref      ] GC(54) Weak: 10975 encountered, 1984 discovered, 1 enqueued
[36.982s][info][gc,ref      ] GC(54) Final: 289 encountered, 2 discovered, 0 enqueued
[36.982s][info][gc,ref      ] GC(54) Phantom: 424 encountered, 196 discovered, 2 enqueued
[36.982s][info][gc,reloc    ] GC(54) Small Pages: 1529 / 3058M, Empty: 2384M, Relocated: 6M, In-Place: 0
[36.982s][info][gc,reloc    ] GC(54) Medium Pages: 0 / 0M, Empty: 0M, Relocated: 0M, In-Place: 0
[36.982s][info][gc,reloc    ] GC(54) Large Pages: 0 / 0M, Empty: 0M, Relocated: 0M, In-Place: 0
[36.982s][info][gc,reloc    ] GC(54) Forwarding Usage: 3M
[36.982s][info][gc,heap     ] GC(54) Min Capacity: 8M(0%)
[36.982s][info][gc,heap     ] GC(54) Max Capacity: 4096M(100%)
[36.982s][info][gc,heap     ] GC(54) Soft Max Capacity: 4096M(100%)
[36.982s][info][gc,heap     ] GC(54)                Mark Start          Mark End        Relocate Start      Relocate End           High               Low         
[36.982s][info][gc,heap     ] GC(54)  Capacity:     3710M (91%)        3710M (91%)        3710M (91%)        3710M (91%)        3710M (91%)        3710M (91%)    
[36.982s][info][gc,heap     ] GC(54)      Free:     1038M (25%)         882M (22%)        3194M (78%)        3770M (92%)        3772M (92%)         860M (21%)    
[36.982s][info][gc,heap     ] GC(54)      Used:     3058M (75%)        3214M (78%)         902M (22%)         326M (8%)         3236M (79%)         324M (8%)     
[36.982s][info][gc,heap     ] GC(54)      Live:         -                53M (1%)           53M (1%)           53M (1%)             -                  -          
[36.982s][info][gc,heap     ] GC(54) Allocated:         -               156M (4%)          228M (6%)          243M (6%)             -                  -          
[36.982s][info][gc,heap     ] GC(54)   Garbage:         -              3004M (73%)         620M (15%)          29M (1%)             -                  -          
[36.982s][info][gc,heap     ] GC(54) Reclaimed:         -                  -              2384M (58%)        2975M (73%)            -                  -          
[36.982s][info][gc          ] GC(54) Garbage Collection (Allocation Rate) 3058M(75%)->326M(8%)
[37.435s][info][gc,start    ] GC(55) Garbage Collection (Allocation Rate)
[37.435s][info][gc,task     ] GC(55) Using 12 workers
[37.436s][info][gc,phases   ] GC(55) Pause Mark Start 0.011ms
[37.457s][info][gc,phases   ] GC(55) Concurrent Mark 21.184ms
[37.457s][info][gc,phases   ] GC(55) Pause Mark End 0.029ms
[37.459s][info][gc,phases   ] GC(55) Concurrent Mark Free 0.002ms
[37.462s][info][gc,phases   ] GC(55) Concurrent Process Non-Strong References 3.176ms
[37.462s][info][gc,phases   ] GC(55) Concurrent Reset Relocation Set 0.082ms
[37.474s][info][gc,phases   ] GC(55) Concurrent Select Relocation Set 11.841ms
[37.474s][info][gc,phases   ] GC(55) Pause Relocate Start 0.008ms
[37.481s][info][gc,phases   ] GC(55) Concurrent Relocate 6.157ms
[37.481s][info][gc,load     ] GC(55) Load: 0.00/0.00/0.00
[37.481s][info][gc,mmu      ] GC(55) MMU: 2ms/97.9%, 5ms/99.2%, 10ms/99.6%, 20ms/99.8%, 50ms/99.9%, 100ms/99.9%
[37.481s][info][gc,marking  ] GC(55) Mark: 8 stripe(s), 3 proactive flush(es), 1 terminate flush(es), 0 completion(s), 0 continuation(s) 
[37.481s][info][gc,marking  ] GC(55) Mark Stack Usage: 32M
[37.481s][info][gc,nmethod  ] GC(55) NMethods: 9306 registered, 289 unregistered
[37.481s][info][gc,metaspace] GC(55) Metaspace: 70M used, 71M committed, 1088M reserved
[37.481s][info][gc,ref      ] GC(55) Soft: 3829 encountered, 0 discovered, 0 enqueued
[37.481s][info][gc,ref      ] GC(55) Weak: 10974 encountered, 1296 discovered, 0 enqueued
[37.481s][info][gc,ref      ] GC(55) Final: 289 encountered, 1 discovered, 0 enqueued
[37.481s][info][gc,ref      ] GC(55) Phantom: 422 encountered, 232 discovered, 0 enqueued
[37.481s][info][gc,reloc    ] GC(55) Small Pages: 1316 / 2632M, Empty: 1938M, Relocated: 8M, In-Place: 0
[37.481s][info][gc,reloc    ] GC(55) Medium Pages: 0 / 0M, Empty: 0M, Relocated: 0M, In-Place: 0
[37.481s][info][gc,reloc    ] GC(55) Large Pages: 0 / 0M, Empty: 0M, Relocated: 0M, In-Place: 0
[37.481s][info][gc,reloc    ] GC(55) Forwarding Usage: 3M
[37.481s][info][gc,heap     ] GC(55) Min Capacity: 8M(0%)
[37.481s][info][gc,heap     ] GC(55) Max Capacity: 4096M(100%)
[37.481s][info][gc,heap     ] GC(55) Soft Max Capacity: 4096M(100%)
[37.481s][info][gc,heap     ] GC(55)                Mark Start          Mark End        Relocate Start      Relocate End           High               Low         
[37.481s][info][gc,heap     ] GC(55)  Capacity:     3710M (91%)        3710M (91%)        3710M (91%)        3710M (91%)        3710M (91%)        3710M (91%)    
[37.481s][info][gc,heap     ] GC(55)      Free:     1464M (36%)        1318M (32%)        3176M (78%)        3770M (92%)        3772M (92%)        1298M (32%)    
[37.481s][info][gc,heap     ] GC(55)      Used:     2632M (64%)        2778M (68%)         920M (22%)         326M (8%)         2798M (68%)         324M (8%)     
[37.481s][info][gc,heap     ] GC(55)      Live:         -                53M (1%)           53M (1%)           53M (1%)             -                  -          
[37.481s][info][gc,heap     ] GC(55) Allocated:         -               146M (4%)          226M (6%)          245M (6%)             -                  -          
[37.481s][info][gc,heap     ] GC(55)   Garbage:         -              2578M (63%)         640M (16%)          26M (1%)             -                  -          
[37.481s][info][gc,heap     ] GC(55) Reclaimed:         -                  -              1938M (47%)        2551M (62%)            -                  -          
[37.481s][info][gc          ] GC(55) Garbage Collection (Allocation Rate) 2632M(64%)->326M(8%)
[37.735s][info][gc,start    ] GC(56) Garbage Collection (Allocation Rate)
[37.735s][info][gc,task     ] GC(56) Using 3 workers
[37.736s][info][gc,phases   ] GC(56) Pause Mark Start 0.012ms
[37.808s][info][gc,phases   ] GC(56) Concurrent Mark 72.121ms
[37.808s][info][gc,phases   ] GC(56) Pause Mark End 0.023ms
[37.809s][info][gc,phases   ] GC(56) Concurrent Mark Free 0.001ms
[37.820s][info][gc,phases   ] GC(56) Concurrent Process Non-Strong References 10.873ms
[37.820s][info][gc,phases   ] GC(56) Concurrent Reset Relocation Set 0.106ms
[37.827s][info][gc,phases   ] GC(56) Concurrent Select Relocation Set 7.272ms
[37.828s][info][gc,phases   ] GC(56) Pause Relocate Start 0.009ms
[37.839s][info][gc,phases   ] GC(56) Concurrent Relocate 11.421ms
[37.840s][info][gc,load     ] GC(56) Load: 0.00/0.00/0.00
[37.840s][info][gc,mmu      ] GC(56) MMU: 2ms/97.9%, 5ms/99.2%, 10ms/99.6%, 20ms/99.8%, 50ms/99.9%, 100ms/99.9%
[37.840s][info][gc,marking  ] GC(56) Mark: 2 stripe(s), 2 proactive flush(es), 1 terminate flush(es), 0 completion(s), 0 continuation(s) 
[37.840s][info][gc,marking  ] GC(56) Mark Stack Usage: 32M
[37.840s][info][gc,nmethod  ] GC(56) NMethods: 9307 registered, 289 unregistered
[37.840s][info][gc,metaspace] GC(56) Metaspace: 70M used, 71M committed, 1088M reserved
[37.840s][info][gc,ref      ] GC(56) Soft: 3829 encountered, 0 discovered, 0 enqueued
[37.840s][info][gc,ref      ] GC(56) Weak: 10974 encountered, 1370 discovered, 0 enqueued
[37.840s][info][gc,ref      ] GC(56) Final: 289 encountered, 31 discovered, 0 enqueued
[37.840s][info][gc,ref      ] GC(56) Phantom: 422 encountered, 301 discovered, 0 enqueued
[37.840s][info][gc,reloc    ] GC(56) Small Pages: 812 / 1624M, Empty: 1092M, Relocated: 6M, In-Place: 0
[37.840s][info][gc,reloc    ] GC(56) Medium Pages: 0 / 0M, Empty: 0M, Relocated: 0M, In-Place: 0
[37.840s][info][gc,reloc    ] GC(56) Large Pages: 0 / 0M, Empty: 0M, Relocated: 0M, In-Place: 0
[37.840s][info][gc,reloc    ] GC(56) Forwarding Usage: 3M
[37.840s][info][gc,heap     ] GC(56) Min Capacity: 8M(0%)
[37.840s][info][gc,heap     ] GC(56) Max Capacity: 4096M(100%)
[37.840s][info][gc,heap     ] GC(56) Soft Max Capacity: 4096M(100%)
[37.840s][info][gc,heap     ] GC(56)                Mark Start          Mark End        Relocate Start      Relocate End           High               Low         
[37.840s][info][gc,heap     ] GC(56)  Capacity:     3710M (91%)        3710M (91%)        3710M (91%)        3710M (91%)        3710M (91%)        3710M (91%)    
[37.840s][info][gc,heap     ] GC(56)      Free:     2472M (60%)        2076M (51%)        3078M (75%)        3494M (85%)        3520M (86%)        2020M (49%)    
[37.840s][info][gc,heap     ] GC(56)      Used:     1624M (40%)        2020M (49%)        1018M (25%)         602M (15%)        2076M (51%)         576M (14%)    
[37.840s][info][gc,heap     ] GC(56)      Live:         -                53M (1%)           53M (1%)           53M (1%)             -                  -          
[37.840s][info][gc,heap     ] GC(56) Allocated:         -               396M (10%)         486M (12%)         532M (13%)            -                  -          
[37.840s][info][gc,heap     ] GC(56)   Garbage:         -              1570M (38%)         478M (12%)          15M (0%)             -                  -          
[37.840s][info][gc,heap     ] GC(56) Reclaimed:         -                  -              1092M (27%)        1554M (38%)            -                  -          
[37.840s][info][gc          ] GC(56) Garbage Collection (Allocation Rate) 1624M(40%)->602M(15%)
[38.135s][info][gc,start    ] GC(57) Garbage Collection (Allocation Rate)
[38.135s][info][gc,task     ] GC(57) Using 2 workers
[38.136s][info][gc,phases   ] GC(57) Pause Mark Start 0.013ms
[38.228s][info][gc,phases   ] GC(57) Concurrent Mark 92.272ms
[38.228s][info][gc,phases   ] GC(57) Pause Mark End 0.028ms
[38.229s][info][gc,phases   ] GC(57) Concurrent Mark Free 0.001ms
[38.245s][info][gc,phases   ] GC(57) Concurrent Process Non-Strong References 16.382ms
[38.245s][info][gc,phases   ] GC(57) Concurrent Reset Relocation Set 0.065ms
[38.253s][info][gc,phases   ] GC(57) Concurrent Select Relocation Set 7.696ms
[38.253s][info][gc,phases   ] GC(57) Pause Relocate Start 0.009ms
[38.267s][info][gc,phases   ] GC(57) Concurrent Relocate 13.197ms
[38.267s][info][gc,load     ] GC(57) Load: 0.00/0.00/0.00
[38.267s][info][gc,mmu      ] GC(57) MMU: 2ms/97.9%, 5ms/99.2%, 10ms/99.6%, 20ms/99.8%, 50ms/99.9%, 100ms/99.9%
[38.267s][info][gc,marking  ] GC(57) Mark: 2 stripe(s), 2 proactive flush(es), 1 terminate flush(es), 0 completion(s), 0 continuation(s) 
[38.267s][info][gc,marking  ] GC(57) Mark Stack Usage: 32M
[38.267s][info][gc,nmethod  ] GC(57) NMethods: 9306 registered, 290 unregistered
[38.267s][info][gc,metaspace] GC(57) Metaspace: 70M used, 71M committed, 1088M reserved
[38.267s][info][gc,ref      ] GC(57) Soft: 3829 encountered, 0 discovered, 0 enqueued
[38.267s][info][gc,ref      ] GC(57) Weak: 10974 encountered, 2198 discovered, 0 enqueued
[38.267s][info][gc,ref      ] GC(57) Final: 289 encountered, 36 discovered, 0 enqueued
[38.267s][info][gc,ref      ] GC(57) Phantom: 422 encountered, 296 discovered, 0 enqueued
[38.267s][info][gc,reloc    ] GC(57) Small Pages: 1051 / 2102M, Empty: 1544M, Relocated: 5M, In-Place: 0
[38.267s][info][gc,reloc    ] GC(57) Medium Pages: 0 / 0M, Empty: 0M, Relocated: 0M, In-Place: 0
[38.267s][info][gc,reloc    ] GC(57) Large Pages: 0 / 0M, Empty: 0M, Relocated: 0M, In-Place: 0
[38.267s][info][gc,reloc    ] GC(57) Forwarding Usage: 2M
[38.267s][info][gc,heap     ] GC(57) Min Capacity: 8M(0%)
[38.267s][info][gc,heap     ] GC(57) Max Capacity: 4096M(100%)
[38.267s][info][gc,heap     ] GC(57) Soft Max Capacity: 4096M(100%)
[38.267s][info][gc,heap     ] GC(57)                Mark Start          Mark End        Relocate Start      Relocate End           High               Low         
[38.267s][info][gc,heap     ] GC(57)  Capacity:     3710M (91%)        3710M (91%)        3710M (91%)        3710M (91%)        3710M (91%)        3710M (91%)    
[38.267s][info][gc,heap     ] GC(57)      Free:     1994M (49%)        1508M (37%)        2930M (72%)        3354M (82%)        3384M (83%)        1414M (35%)    
[38.267s][info][gc,heap     ] GC(57)      Used:     2102M (51%)        2588M (63%)        1166M (28%)         742M (18%)        2682M (65%)         712M (17%)    
[38.267s][info][gc,heap     ] GC(57)      Live:         -                53M (1%)           53M (1%)           53M (1%)             -                  -          
[38.267s][info][gc,heap     ] GC(57) Allocated:         -               486M (12%)         608M (15%)         674M (16%)            -                  -          
[38.267s][info][gc,heap     ] GC(57)   Garbage:         -              2048M (50%)         504M (12%)          13M (0%)             -                  -          
[38.267s][info][gc,heap     ] GC(57) Reclaimed:         -                  -              1544M (38%)        2034M (50%)            -                  -          
[38.267s][info][gc          ] GC(57) Garbage Collection (Allocation Rate) 2102M(51%)->742M(18%)
[38.635s][info][gc,start    ] GC(58) Garbage Collection (Allocation Rate)
[38.635s][info][gc,task     ] GC(58) Using 2 workers
[38.635s][info][gc,phases   ] GC(58) Pause Mark Start 0.010ms
[38.717s][info][gc,phases   ] GC(58) Concurrent Mark 81.602ms
[38.717s][info][gc,phases   ] GC(58) Pause Mark End 0.021ms
[38.719s][info][gc,phases   ] GC(58) Concurrent Mark Free 0.001ms
[38.734s][info][gc,phases   ] GC(58) Concurrent Process Non-Strong References 15.790ms
[38.735s][info][gc,phases   ] GC(58) Concurrent Reset Relocation Set 0.063ms
[38.745s][info][gc,phases   ] GC(58) Concurrent Select Relocation Set 9.961ms
[38.745s][info][gc,phases   ] GC(58) Pause Relocate Start 0.009ms
[38.759s][info][gc,phases   ] GC(58) Concurrent Relocate 13.834ms
[38.759s][info][gc,load     ] GC(58) Load: 0.00/0.00/0.00
[38.759s][info][gc,mmu      ] GC(58) MMU: 2ms/97.9%, 5ms/99.2%, 10ms/99.6%, 20ms/99.8%, 50ms/99.9%, 100ms/99.9%
[38.759s][info][gc,marking  ] GC(58) Mark: 2 stripe(s), 3 proactive flush(es), 1 terminate flush(es), 0 completion(s), 0 continuation(s) 
[38.759s][info][gc,marking  ] GC(58) Mark Stack Usage: 32M
[38.759s][info][gc,nmethod  ] GC(58) NMethods: 9323 registered, 292 unregistered
[38.759s][info][gc,metaspace] GC(58) Metaspace: 70M used, 71M committed, 1088M reserved
[38.759s][info][gc,ref      ] GC(58) Soft: 3829 encountered, 0 discovered, 0 enqueued
[38.759s][info][gc,ref      ] GC(58) Weak: 10924 encountered, 1796 discovered, 138 enqueued
[38.759s][info][gc,ref      ] GC(58) Final: 289 encountered, 1 discovered, 0 enqueued
[38.759s][info][gc,ref      ] GC(58) Phantom: 422 encountered, 310 discovered, 0 enqueued
[38.759s][info][gc,reloc    ] GC(58) Small Pages: 1302 / 2604M, Empty: 1874M, Relocated: 5M, In-Place: 0
[38.759s][info][gc,reloc    ] GC(58) Medium Pages: 0 / 0M, Empty: 0M, Relocated: 0M, In-Place: 0
[38.759s][info][gc,reloc    ] GC(58) Large Pages: 0 / 0M, Empty: 0M, Relocated: 0M, In-Place: 0
[38.759s][info][gc,reloc    ] GC(58) Forwarding Usage: 2M
[38.759s][info][gc,heap     ] GC(58) Min Capacity: 8M(0%)
[38.759s][info][gc,heap     ] GC(58) Max Capacity: 4096M(100%)
[38.759s][info][gc,heap     ] GC(58) Soft Max Capacity: 4096M(100%)
[38.759s][info][gc,heap     ] GC(58)                Mark Start          Mark End        Relocate Start      Relocate End           High               Low         
[38.759s][info][gc,heap     ] GC(58)  Capacity:     3710M (91%)        3710M (91%)        3710M (91%)        3710M (91%)        3710M (91%)        3710M (91%)    
[38.759s][info][gc,heap     ] GC(58)      Free:     1492M (36%)        1054M (26%)        2804M (68%)        3398M (83%)        3418M (83%)         972M (24%)    
[38.759s][info][gc,heap     ] GC(58)      Used:     2604M (64%)        3042M (74%)        1292M (32%)         698M (17%)        3124M (76%)         678M (17%)    
[38.759s][info][gc,heap     ] GC(58)      Live:         -                51M (1%)           51M (1%)           51M (1%)             -                  -          
[38.759s][info][gc,heap     ] GC(58) Allocated:         -               438M (11%)         562M (14%)         632M (15%)            -                  -          
[38.759s][info][gc,heap     ] GC(58)   Garbage:         -              2552M (62%)         678M (17%)          13M (0%)             -                  -          
[38.759s][info][gc,heap     ] GC(58) Reclaimed:         -                  -              1874M (46%)        2538M (62%)            -                  -          
[38.759s][info][gc          ] GC(58) Garbage Collection (Allocation Rate) 2604M(64%)->698M(17%)
[39.135s][info][gc,start    ] GC(59) Garbage Collection (Allocation Rate)
[39.135s][info][gc,task     ] GC(59) Using 2 workers
[39.135s][info][gc,phases   ] GC(59) Pause Mark Start 0.009ms
[39.220s][info][gc,phases   ] GC(59) Concurrent Mark 84.389ms
[39.220s][info][gc,phases   ] GC(59) Pause Mark End 0.022ms
[39.220s][info][gc,phases   ] GC(59) Concurrent Mark Free 0.002ms
[39.236s][info][gc,phases   ] GC(59) Concurrent Process Non-Strong References 15.670ms
[39.236s][info][gc,phases   ] GC(59) Concurrent Reset Relocation Set 0.076ms
[39.242s][info][gc,phases   ] GC(59) Concurrent Select Relocation Set 5.824ms
[39.242s][info][gc,phases   ] GC(59) Pause Relocate Start 0.008ms
[39.256s][info][gc,phases   ] GC(59) Concurrent Relocate 13.732ms
[39.257s][info][gc,load     ] GC(59) Load: 0.00/0.00/0.00
[39.257s][info][gc,mmu      ] GC(59) MMU: 2ms/97.9%, 5ms/99.2%, 10ms/99.6%, 20ms/99.8%, 50ms/99.9%, 100ms/99.9%
[39.257s][info][gc,marking  ] GC(59) Mark: 2 stripe(s), 3 proactive flush(es), 1 terminate flush(es), 0 completion(s), 0 continuation(s) 
[39.257s][info][gc,marking  ] GC(59) Mark Stack Usage: 32M
[39.257s][info][gc,nmethod  ] GC(59) NMethods: 9322 registered, 293 unregistered
[39.257s][info][gc,metaspace] GC(59) Metaspace: 70M used, 71M committed, 1088M reserved
[39.257s][info][gc,ref      ] GC(59) Soft: 3829 encountered, 0 discovered, 0 enqueued
[39.257s][info][gc,ref      ] GC(59) Weak: 10786 encountered, 1433 discovered, 0 enqueued
[39.257s][info][gc,ref      ] GC(59) Final: 289 encountered, 27 discovered, 0 enqueued
[39.257s][info][gc,ref      ] GC(59) Phantom: 422 encountered, 204 discovered, 0 enqueued
[39.257s][info][gc,reloc    ] GC(59) Small Pages: 1298 / 2596M, Empty: 2004M, Relocated: 5M, In-Place: 0
[39.257s][info][gc,reloc    ] GC(59) Medium Pages: 0 / 0M, Empty: 0M, Relocated: 0M, In-Place: 0
[39.257s][info][gc,reloc    ] GC(59) Large Pages: 0 / 0M, Empty: 0M, Relocated: 0M, In-Place: 0
[39.257s][info][gc,reloc    ] GC(59) Forwarding Usage: 2M
[39.257s][info][gc,heap     ] GC(59) Min Capacity: 8M(0%)
[39.257s][info][gc,heap     ] GC(59) Max Capacity: 4096M(100%)
[39.257s][info][gc,heap     ] GC(59) Soft Max Capacity: 4096M(100%)
[39.257s][info][gc,heap     ] GC(59)                Mark Start          Mark End        Relocate Start      Relocate End           High               Low         
[39.257s][info][gc,heap     ] GC(59)  Capacity:     3710M (91%)        3710M (91%)        3710M (91%)        3710M (91%)        3710M (91%)        3710M (91%)    
[39.257s][info][gc,heap     ] GC(59)      Free:     1500M (37%)        1046M (26%)        2944M (72%)        3396M (83%)        3426M (84%)         966M (24%)    
[39.257s][info][gc,heap     ] GC(59)      Used:     2596M (63%)        3050M (74%)        1152M (28%)         700M (17%)        3130M (76%)         670M (16%)    
[39.257s][info][gc,heap     ] GC(59)      Live:         -                51M (1%)           51M (1%)           51M (1%)             -                  -          
[39.257s][info][gc,heap     ] GC(59) Allocated:         -               454M (11%)         560M (14%)         634M (15%)            -                  -          
[39.257s][info][gc,heap     ] GC(59)   Garbage:         -              2544M (62%)         540M (13%)          13M (0%)             -                  -          
[39.257s][info][gc,heap     ] GC(59) Reclaimed:         -                  -              2004M (49%)        2530M (62%)            -                  -          
[39.257s][info][gc          ] GC(59) Garbage Collection (Allocation Rate) 2596M(63%)->700M(17%)
[39.736s][info][gc,start    ] GC(60) Garbage Collection (Allocation Rate)
[39.736s][info][gc,task     ] GC(60) Using 2 workers
[39.736s][info][gc,phases   ] GC(60) Pause Mark Start 0.010ms
[39.820s][info][gc,phases   ] GC(60) Concurrent Mark 83.744ms
[39.820s][info][gc,phases   ] GC(60) Pause Mark End 0.028ms
[39.821s][info][gc,phases   ] GC(60) Concurrent Mark Free 0.001ms
[39.841s][info][gc,phases   ] GC(60) Concurrent Process Non-Strong References 20.052ms
[39.841s][info][gc,phases   ] GC(60) Concurrent Reset Relocation Set 0.069ms
[39.851s][info][gc,phases   ] GC(60) Concurrent Select Relocation Set 9.801ms
[39.851s][info][gc,phases   ] GC(60) Pause Relocate Start 0.009ms
[39.866s][info][gc,phases   ] GC(60) Concurrent Relocate 14.266ms
[39.866s][info][gc,load     ] GC(60) Load: 0.00/0.00/0.00
[39.866s][info][gc,mmu      ] GC(60) MMU: 2ms/97.9%, 5ms/99.2%, 10ms/99.6%, 20ms/99.8%, 50ms/99.9%, 100ms/99.9%
[39.866s][info][gc,marking  ] GC(60) Mark: 2 stripe(s), 3 proactive flush(es), 1 terminate flush(es), 0 completion(s), 0 continuation(s) 
[39.866s][info][gc,marking  ] GC(60) Mark Stack Usage: 32M
[39.866s][info][gc,nmethod  ] GC(60) NMethods: 9322 registered, 293 unregistered
[39.866s][info][gc,metaspace] GC(60) Metaspace: 70M used, 71M committed, 1088M reserved
[39.866s][info][gc,ref      ] GC(60) Soft: 3829 encountered, 0 discovered, 0 enqueued
[39.866s][info][gc,ref      ] GC(60) Weak: 10786 encountered, 2413 discovered, 0 enqueued
[39.866s][info][gc,ref      ] GC(60) Final: 289 encountered, 33 discovered, 0 enqueued
[39.866s][info][gc,ref      ] GC(60) Phantom: 422 encountered, 315 discovered, 0 enqueued
[39.866s][info][gc,reloc    ] GC(60) Small Pages: 1567 / 3134M, Empty: 2412M, Relocated: 5M, In-Place: 0
[39.866s][info][gc,reloc    ] GC(60) Medium Pages: 0 / 0M, Empty: 0M, Relocated: 0M, In-Place: 0
[39.866s][info][gc,reloc    ] GC(60) Large Pages: 0 / 0M, Empty: 0M, Relocated: 0M, In-Place: 0
[39.866s][info][gc,reloc    ] GC(60) Forwarding Usage: 2M
[39.866s][info][gc,heap     ] GC(60) Min Capacity: 8M(0%)
[39.866s][info][gc,heap     ] GC(60) Max Capacity: 4096M(100%)
[39.866s][info][gc,heap     ] GC(60) Soft Max Capacity: 4096M(100%)
[39.866s][info][gc,heap     ] GC(60)                Mark Start          Mark End        Relocate Start      Relocate End           High               Low         
[39.866s][info][gc,heap     ] GC(60)  Capacity:     3710M (91%)        3710M (91%)        3710M (91%)        3710M (91%)        3710M (91%)        3710M (91%)    
[39.866s][info][gc,heap     ] GC(60)      Free:      962M (23%)         508M (12%)        2768M (68%)        3364M (82%)        3394M (83%)         408M (10%)    
[39.866s][info][gc,heap     ] GC(60)      Used:     3134M (77%)        3588M (88%)        1328M (32%)         732M (18%)        3688M (90%)         702M (17%)    
[39.867s][info][gc,heap     ] GC(60)      Live:         -                51M (1%)           51M (1%)           51M (1%)             -                  -          
[39.867s][info][gc,heap     ] GC(60) Allocated:         -               454M (11%)         606M (15%)         666M (16%)            -                  -          
[39.867s][info][gc,heap     ] GC(60)   Garbage:         -              3082M (75%)         670M (16%)          13M (0%)             -                  -          
[39.867s][info][gc,heap     ] GC(60) Reclaimed:         -                  -              2412M (59%)        3068M (75%)            -                  -          
[39.867s][info][gc          ] GC(60) Garbage Collection (Allocation Rate) 3134M(77%)->732M(18%)
[40.137s][info][gc,stats    ] === Garbage Collection Statistics =======================================================================================================================
[40.137s][info][gc,stats    ]                                                              Last 10s              Last 10m              Last 10h                Total
[40.137s][info][gc,stats    ]                                                              Avg / Max             Avg / Max             Avg / Max             Avg / Max
[40.137s][info][gc,stats    ]   Collector: Garbage Collection Cycle                    104.481 / 149.929     132.673 / 551.271     132.673 / 551.271     132.673 / 551.271     ms
[40.137s][info][gc,stats    ]  Contention: Mark Segment Reset Contention                     4 / 25                3 / 25                3 / 25                3 / 25          ops/s
[40.137s][info][gc,stats    ]  Contention: Mark SeqNum Reset Contention                      1 / 3                 1 / 7                 1 / 7                 1 / 7           ops/s
[40.137s][info][gc,stats    ]    Critical: Allocation Stall                                  0 / 0                 0 / 0                 0 / 0                 0 / 0           ops/s
[40.137s][info][gc,stats    ]    Critical: Allocation Stall                              0.000 / 0.000         0.000 / 0.000         0.000 / 0.000         0.000 / 0.000       ms
[40.137s][info][gc,stats    ]    Critical: GC Locker Stall                                   0 / 0                 0 / 0                 0 / 0                 0 / 0           ops/s
[40.137s][info][gc,stats    ]    Critical: GC Locker Stall                               0.000 / 0.000         0.000 / 0.000         0.000 / 0.000         0.000 / 0.000       ms
[40.137s][info][gc,stats    ]    Critical: Relocation Stall                                  0 / 0                 0 / 0                 0 / 0                 0 / 0           ops/s
[40.137s][info][gc,stats    ]    Critical: Relocation Stall                              0.000 / 0.000         0.000 / 0.000         0.000 / 0.000         0.000 / 0.000       ms
[40.137s][info][gc,stats    ]      Memory: Allocation Rate                                4352 / 5206           2998 / 5206           2998 / 5206           2998 / 5206        MB/s
[40.137s][info][gc,stats    ]      Memory: Defragment                                        0 / 0                 0 / 0                 0 / 0                 0 / 0           ops/s
[40.137s][info][gc,stats    ]      Memory: Out Of Memory                                     0 / 0                 0 / 0                 0 / 0                 0 / 0           ops/s
[40.137s][info][gc,stats    ]      Memory: Page Cache Flush                                  0 / 0                 0 / 0                 0 / 0                 0 / 0           MB/s
[40.137s][info][gc,stats    ]      Memory: Page Cache Hit L1                              2184 / 2620           1461 / 2620           1461 / 2620           1461 / 2620        ops/s
[40.137s][info][gc,stats    ]      Memory: Page Cache Hit L2                                 0 / 0                 0 / 0                 0 / 0                 0 / 0           ops/s
[40.137s][info][gc,stats    ]      Memory: Page Cache Hit L3                                 0 / 0                25 / 317              25 / 317              25 / 317         ops/s
[40.137s][info][gc,stats    ]      Memory: Page Cache Miss                                   0 / 0                20 / 308              20 / 308              20 / 308         ops/s
[40.137s][info][gc,stats    ]      Memory: Uncommit                                          0 / 0                 0 / 0                 0 / 0                 0 / 0           MB/s
[40.137s][info][gc,stats    ]      Memory: Undo Object Allocation Failed                     0 / 1                 0 / 6                 0 / 6                 0 / 6           ops/s
[40.137s][info][gc,stats    ]      Memory: Undo Object Allocation Succeeded                215 / 570             221 / 816             221 / 816             221 / 816         ops/s
[40.137s][info][gc,stats    ]      Memory: Undo Page Allocation                              2 / 8                18 / 227              18 / 227              18 / 227         ops/s
[40.137s][info][gc,stats    ]       Phase: Concurrent Mark                              70.872 / 105.173      76.527 / 422.516      76.527 / 422.516      76.527 / 422.516     ms
[40.137s][info][gc,stats    ]       Phase: Concurrent Mark Continue                      0.000 / 0.000         0.000 / 0.000         0.000 / 0.000         0.000 / 0.000       ms
[40.137s][info][gc,stats    ]       Phase: Concurrent Mark Free                          0.001 / 0.002         0.001 / 0.004         0.001 / 0.004         0.001 / 0.004       ms
[40.137s][info][gc,stats    ]       Phase: Concurrent Process Non-Strong References     12.944 / 20.708       29.297 / 434.483      29.297 / 434.483      29.297 / 434.483     ms
[40.137s][info][gc,stats    ]       Phase: Concurrent Relocate                          10.738 / 16.714       10.180 / 27.336       10.180 / 27.336       10.180 / 27.336      ms
[40.137s][info][gc,stats    ]       Phase: Concurrent Reset Relocation Set               0.066 / 0.106         0.063 / 0.138         0.063 / 0.138         0.063 / 0.138       ms
[40.137s][info][gc,stats    ]       Phase: Concurrent Select Relocation Set              7.136 / 11.841        8.719 / 43.053        8.719 / 43.053        8.719 / 43.053      ms
[40.137s][info][gc,stats    ]       Phase: Pause Mark End                                0.025 / 0.031         0.026 / 0.042         0.026 / 0.042         0.026 / 0.042       ms
[40.137s][info][gc,stats    ]       Phase: Pause Mark Start                              0.011 / 0.014         0.011 / 0.017         0.011 / 0.017         0.011 / 0.017       ms
[40.138s][info][gc,stats    ]       Phase: Pause Relocate Start                          0.009 / 0.011         0.009 / 0.011         0.009 / 0.011         0.009 / 0.011       ms
[40.138s][info][gc,stats    ]    Subphase: Concurrent Classes Purge                      0.050 / 0.279         0.514 / 5.427         0.514 / 5.427         0.514 / 5.427       ms
[40.138s][info][gc,stats    ]    Subphase: Concurrent Classes Unlink                    10.627 / 17.354       22.842 / 432.052      22.842 / 432.052      22.842 / 432.052     ms
[40.138s][info][gc,stats    ]    Subphase: Concurrent Mark                              41.814 / 99.759       45.362 / 409.811      45.362 / 409.811      45.362 / 409.811     ms
[40.138s][info][gc,stats    ]    Subphase: Concurrent Mark Try Flush                     0.383 / 3.144         3.689 / 307.885       3.689 / 307.885       3.689 / 307.885     ms
[40.138s][info][gc,stats    ]    Subphase: Concurrent Mark Try Terminate                 1.313 / 2.050         1.769 / 44.933        1.769 / 44.933        1.769 / 44.933      ms
[40.138s][info][gc,stats    ]    Subphase: Concurrent References Enqueue                 0.002 / 0.005         0.003 / 0.011         0.003 / 0.011         0.003 / 0.011       ms
[40.138s][info][gc,stats    ]    Subphase: Concurrent References Process                 0.305 / 0.790         0.380 / 2.321         0.380 / 2.321         0.380 / 2.321       ms
[40.138s][info][gc,stats    ]    Subphase: Concurrent Roots ClassLoaderDataGraph         0.123 / 0.620         0.137 / 2.952         0.137 / 2.952         0.137 / 2.952       ms
[40.138s][info][gc,stats    ]    Subphase: Concurrent Roots CodeCache                    0.000 / 0.000         0.000 / 0.000         0.000 / 0.000         0.000 / 0.000       ms
[40.138s][info][gc,stats    ]    Subphase: Concurrent Roots JavaThreads                  5.000 / 9.819         7.305 / 24.476        7.305 / 24.476        7.305 / 24.476      ms
[40.138s][info][gc,stats    ]    Subphase: Concurrent Roots OopStorageSet                0.057 / 0.143         0.170 / 2.435         0.170 / 2.435         0.170 / 2.435       ms
[40.138s][info][gc,stats    ]    Subphase: Concurrent Weak Roots OopStorageSet           0.765 / 1.995         0.653 / 2.069         0.653 / 2.069         0.653 / 2.069       ms
[40.138s][info][gc,stats    ]    Subphase: Pause Mark Try Complete                       0.000 / 0.000         0.001 / 0.002         0.001 / 0.002         0.001 / 0.002       ms
[40.138s][info][gc,stats    ]      System: Java Threads                                    187 / 197             173 / 200             173 / 200             173 / 200         threads
[40.138s][info][gc,stats    ] =========================================================================================================================================================
[40.335s][info][gc,start    ] GC(61) Garbage Collection (Allocation Rate)
[40.335s][info][gc,task     ] GC(61) Using 2 workers
[40.336s][info][gc,phases   ] GC(61) Pause Mark Start 0.011ms
[40.418s][info][gc,phases   ] GC(61) Concurrent Mark 82.220ms
[40.418s][info][gc,phases   ] GC(61) Pause Mark End 0.025ms
[40.420s][info][gc,phases   ] GC(61) Concurrent Mark Free 0.001ms
[40.437s][info][gc,phases   ] GC(61) Concurrent Process Non-Strong References 17.834ms
[40.438s][info][gc,phases   ] GC(61) Concurrent Reset Relocation Set 0.076ms
[40.444s][info][gc,phases   ] GC(61) Concurrent Select Relocation Set 6.136ms
[40.444s][info][gc,phases   ] GC(61) Pause Relocate Start 0.009ms
[40.458s][info][gc,phases   ] GC(61) Concurrent Relocate 13.993ms
[40.459s][info][gc,load     ] GC(61) Load: 0.00/0.00/0.00
[40.459s][info][gc,mmu      ] GC(61) MMU: 2ms/97.9%, 5ms/99.2%, 10ms/99.6%, 20ms/99.8%, 50ms/99.9%, 100ms/99.9%
[40.459s][info][gc,marking  ] GC(61) Mark: 2 stripe(s), 3 proactive flush(es), 1 terminate flush(es), 0 completion(s), 0 continuation(s) 
[40.459s][info][gc,marking  ] GC(61) Mark Stack Usage: 32M
[40.459s][info][gc,nmethod  ] GC(61) NMethods: 9324 registered, 299 unregistered
[40.459s][info][gc,metaspace] GC(61) Metaspace: 70M used, 71M committed, 1088M reserved
[40.459s][info][gc,ref      ] GC(61) Soft: 3829 encountered, 0 discovered, 0 enqueued
[40.459s][info][gc,ref      ] GC(61) Weak: 10786 encountered, 1844 discovered, 0 enqueued
[40.459s][info][gc,ref      ] GC(61) Final: 289 encountered, 20 discovered, 0 enqueued
[40.459s][info][gc,ref      ] GC(61) Phantom: 422 encountered, 305 discovered, 0 enqueued
[40.459s][info][gc,reloc    ] GC(61) Small Pages: 1527 / 3054M, Empty: 2420M, Relocated: 5M, In-Place: 0
[40.459s][info][gc,reloc    ] GC(61) Medium Pages: 0 / 0M, Empty: 0M, Relocated: 0M, In-Place: 0
[40.459s][info][gc,reloc    ] GC(61) Large Pages: 0 / 0M, Empty: 0M, Relocated: 0M, In-Place: 0
[40.459s][info][gc,reloc    ] GC(61) Forwarding Usage: 2M
[40.459s][info][gc,heap     ] GC(61) Min Capacity: 8M(0%)
[40.459s][info][gc,heap     ] GC(61) Max Capacity: 4096M(100%)
[40.459s][info][gc,heap     ] GC(61) Soft Max Capacity: 4096M(100%)
[40.459s][info][gc,heap     ] GC(61)                Mark Start          Mark End        Relocate Start      Relocate End           High               Low         
[40.459s][info][gc,heap     ] GC(61)  Capacity:     3710M (91%)        3710M (91%)        3710M (91%)        3710M (91%)        3710M (91%)        3710M (91%)    
[40.459s][info][gc,heap     ] GC(61)      Free:     1042M (25%)         598M (15%)        2900M (71%)        3394M (83%)        3426M (84%)         504M (12%)    
[40.459s][info][gc,heap     ] GC(61)      Used:     3054M (75%)        3498M (85%)        1196M (29%)         702M (17%)        3592M (88%)         670M (16%)    
[40.459s][info][gc,heap     ] GC(61)      Live:         -                51M (1%)           51M (1%)           51M (1%)             -                  -          
[40.459s][info][gc,heap     ] GC(61) Allocated:         -               444M (11%)         562M (14%)         636M (16%)            -                  -          
[40.459s][info][gc,heap     ] GC(61)   Garbage:         -              3002M (73%)         582M (14%)          13M (0%)             -                  -          
[40.459s][info][gc,heap     ] GC(61) Reclaimed:         -                  -              2420M (59%)        2988M (73%)            -                  -          
[40.459s][info][gc          ] GC(61) Garbage Collection (Allocation Rate) 3054M(75%)->702M(17%)
[40.935s][info][gc,start    ] GC(62) Garbage Collection (Allocation Rate)
[40.935s][info][gc,task     ] GC(62) Using 2 workers
[40.935s][info][gc,phases   ] GC(62) Pause Mark Start 0.010ms
[41.034s][info][gc,phases   ] GC(62) Concurrent Mark 98.531ms
[41.034s][info][gc,phases   ] GC(62) Pause Mark End 0.024ms
[41.035s][info][gc,phases   ] GC(62) Concurrent Mark Free 0.002ms
[41.051s][info][gc,phases   ] GC(62) Concurrent Process Non-Strong References 16.201ms
[41.051s][info][gc,phases   ] GC(62) Concurrent Reset Relocation Set 0.069ms
[41.057s][info][gc,phases   ] GC(62) Concurrent Select Relocation Set 5.793ms
[41.057s][info][gc,phases   ] GC(62) Pause Relocate Start 0.008ms
[41.072s][info][gc,phases   ] GC(62) Concurrent Relocate 14.313ms
[41.072s][info][gc,load     ] GC(62) Load: 0.00/0.00/0.00
[41.072s][info][gc,mmu      ] GC(62) MMU: 2ms/97.9%, 5ms/99.2%, 10ms/99.6%, 20ms/99.8%, 50ms/99.9%, 100ms/99.9%
[41.072s][info][gc,marking  ] GC(62) Mark: 2 stripe(s), 2 proactive flush(es), 1 terminate flush(es), 0 completion(s), 0 continuation(s) 
[41.072s][info][gc,marking  ] GC(62) Mark Stack Usage: 32M
[41.072s][info][gc,nmethod  ] GC(62) NMethods: 9324 registered, 302 unregistered
[41.072s][info][gc,metaspace] GC(62) Metaspace: 70M used, 71M committed, 1088M reserved
[41.072s][info][gc,ref      ] GC(62) Soft: 3829 encountered, 0 discovered, 0 enqueued
[41.072s][info][gc,ref      ] GC(62) Weak: 10786 encountered, 1409 discovered, 0 enqueued
[41.072s][info][gc,ref      ] GC(62) Final: 289 encountered, 32 discovered, 0 enqueued
[41.072s][info][gc,ref      ] GC(62) Phantom: 422 encountered, 282 discovered, 0 enqueued
[41.073s][info][gc,reloc    ] GC(62) Small Pages: 1509 / 3018M, Empty: 2270M, Relocated: 5M, In-Place: 0
[41.073s][info][gc,reloc    ] GC(62) Medium Pages: 0 / 0M, Empty: 0M, Relocated: 0M, In-Place: 0
[41.073s][info][gc,reloc    ] GC(62) Large Pages: 0 / 0M, Empty: 0M, Relocated: 0M, In-Place: 0
[41.073s][info][gc,reloc    ] GC(62) Forwarding Usage: 2M
[41.073s][info][gc,heap     ] GC(62) Min Capacity: 8M(0%)
[41.073s][info][gc,heap     ] GC(62) Max Capacity: 4096M(100%)
[41.073s][info][gc,heap     ] GC(62) Soft Max Capacity: 4096M(100%)
[41.073s][info][gc,heap     ] GC(62)                Mark Start          Mark End        Relocate Start      Relocate End           High               Low         
[41.073s][info][gc,heap     ] GC(62)  Capacity:     3710M (91%)        3710M (91%)        3710M (91%)        3710M (91%)        3710M (91%)        3710M (91%)    
[41.073s][info][gc,heap     ] GC(62)      Free:     1078M (26%)         560M (14%)        2730M (67%)        3340M (82%)        3366M (82%)         480M (12%)    
[41.073s][info][gc,heap     ] GC(62)      Used:     3018M (74%)        3536M (86%)        1366M (33%)         756M (18%)        3616M (88%)         730M (18%)    
[41.073s][info][gc,heap     ] GC(62)      Live:         -                51M (1%)           51M (1%)           51M (1%)             -                  -          
[41.073s][info][gc,heap     ] GC(62) Allocated:         -               518M (13%)         618M (15%)         690M (17%)            -                  -          
[41.073s][info][gc,heap     ] GC(62)   Garbage:         -              2966M (72%)         696M (17%)          13M (0%)             -                  -          
[41.073s][info][gc,heap     ] GC(62) Reclaimed:         -                  -              2270M (55%)        2952M (72%)            -                  -          
[41.073s][info][gc          ] GC(62) Garbage Collection (Allocation Rate) 3018M(74%)->756M(18%)
[41.535s][info][gc,start    ] GC(63) Garbage Collection (Allocation Rate)
[41.535s][info][gc,task     ] GC(63) Using 2 workers
[41.536s][info][gc,phases   ] GC(63) Pause Mark Start 0.011ms
[41.616s][info][gc,phases   ] GC(63) Concurrent Mark 80.052ms
[41.616s][info][gc,phases   ] GC(63) Pause Mark End 0.024ms
[41.616s][info][gc,phases   ] GC(63) Concurrent Mark Free 0.001ms
[41.655s][info][gc,phases   ] GC(63) Concurrent Process Non-Strong References 38.888ms
[41.655s][info][gc,phases   ] GC(63) Concurrent Reset Relocation Set 0.083ms
[41.667s][info][gc,phases   ] GC(63) Concurrent Select Relocation Set 11.348ms
[41.667s][info][gc,phases   ] GC(63) Pause Relocate Start 0.011ms
[41.682s][info][gc,phases   ] GC(63) Concurrent Relocate 15.105ms
[41.682s][info][gc,load     ] GC(63) Load: 0.00/0.00/0.00
[41.682s][info][gc,mmu      ] GC(63) MMU: 2ms/97.9%, 5ms/99.2%, 10ms/99.6%, 20ms/99.8%, 50ms/99.9%, 100ms/99.9%
[41.682s][info][gc,marking  ] GC(63) Mark: 2 stripe(s), 2 proactive flush(es), 1 terminate flush(es), 0 completion(s), 0 continuation(s) 
[41.682s][info][gc,marking  ] GC(63) Mark Stack Usage: 32M
[41.682s][info][gc,nmethod  ] GC(63) NMethods: 6109 registered, 3599 unregistered
[41.682s][info][gc,metaspace] GC(63) Metaspace: 71M used, 71M committed, 1088M reserved
[41.682s][info][gc,ref      ] GC(63) Soft: 3829 encountered, 0 discovered, 0 enqueued
[41.682s][info][gc,ref      ] GC(63) Weak: 10429 encountered, 1380 discovered, 112 enqueued
[41.682s][info][gc,ref      ] GC(63) Final: 289 encountered, 18 discovered, 0 enqueued
[41.682s][info][gc,ref      ] GC(63) Phantom: 422 encountered, 277 discovered, 0 enqueued
[41.682s][info][gc,reloc    ] GC(63) Small Pages: 1528 / 3056M, Empty: 2248M, Relocated: 6M, In-Place: 0
[41.682s][info][gc,reloc    ] GC(63) Medium Pages: 0 / 0M, Empty: 0M, Relocated: 0M, In-Place: 0
[41.682s][info][gc,reloc    ] GC(63) Large Pages: 0 / 0M, Empty: 0M, Relocated: 0M, In-Place: 0
[41.682s][info][gc,reloc    ] GC(63) Forwarding Usage: 3M
[41.682s][info][gc,heap     ] GC(63) Min Capacity: 8M(0%)
[41.682s][info][gc,heap     ] GC(63) Max Capacity: 4096M(100%)
[41.683s][info][gc,heap     ] GC(63) Soft Max Capacity: 4096M(100%)
[41.683s][info][gc,heap     ] GC(63)                Mark Start          Mark End        Relocate Start      Relocate End           High               Low         
[41.683s][info][gc,heap     ] GC(63)  Capacity:     3710M (91%)        3710M (91%)        3710M (91%)        3710M (91%)        3710M (91%)        3710M (91%)    
[41.683s][info][gc,heap     ] GC(63)      Free:     1040M (25%)         634M (15%)        2644M (65%)        3332M (81%)        3368M (82%)         450M (11%)    
[41.683s][info][gc,heap     ] GC(63)      Used:     3056M (75%)        3462M (85%)        1452M (35%)         764M (19%)        3646M (89%)         728M (18%)    
[41.683s][info][gc,heap     ] GC(63)      Live:         -                50M (1%)           50M (1%)           50M (1%)             -                  -          
[41.683s][info][gc,heap     ] GC(63) Allocated:         -               406M (10%)         644M (16%)         701M (17%)            -                  -          
[41.683s][info][gc,heap     ] GC(63)   Garbage:         -              3005M (73%)         757M (18%)          12M (0%)             -                  -          
[41.683s][info][gc,heap     ] GC(63) Reclaimed:         -                  -              2248M (55%)        2993M (73%)            -                  -          
[41.683s][info][gc          ] GC(63) Garbage Collection (Allocation Rate) 3056M(75%)->764M(19%)
[42.136s][info][gc,start    ] GC(64) Garbage Collection (Allocation Rate)
[42.136s][info][gc,task     ] GC(64) Using 2 workers
[42.136s][info][gc,phases   ] GC(64) Pause Mark Start 0.011ms
[42.207s][info][gc,phases   ] GC(64) Concurrent Mark 71.519ms
[42.208s][info][gc,phases   ] GC(64) Pause Mark End 0.022ms
[42.208s][info][gc,phases   ] GC(64) Concurrent Mark Free 0.001ms
[42.219s][info][gc,phases   ] GC(64) Concurrent Process Non-Strong References 11.273ms
[42.219s][info][gc,phases   ] GC(64) Concurrent Reset Relocation Set 0.065ms
[42.224s][info][gc,phases   ] GC(64) Concurrent Select Relocation Set 4.520ms
[42.224s][info][gc,phases   ] GC(64) Pause Relocate Start 0.009ms
[42.229s][info][gc,phases   ] GC(64) Concurrent Relocate 4.965ms
[42.229s][info][gc,load     ] GC(64) Load: 0.00/0.00/0.00
[42.229s][info][gc,mmu      ] GC(64) MMU: 2ms/97.9%, 5ms/99.2%, 10ms/99.6%, 20ms/99.8%, 50ms/99.9%, 100ms/99.9%
[42.229s][info][gc,marking  ] GC(64) Mark: 2 stripe(s), 2 proactive flush(es), 1 terminate flush(es), 0 completion(s), 0 continuation(s) 
[42.229s][info][gc,marking  ] GC(64) Mark Stack Usage: 32M
[42.229s][info][gc,nmethod  ] GC(64) NMethods: 6111 registered, 3599 unregistered
[42.229s][info][gc,metaspace] GC(64) Metaspace: 71M used, 71M committed, 1088M reserved
[42.229s][info][gc,ref      ] GC(64) Soft: 3829 encountered, 0 discovered, 0 enqueued
[42.229s][info][gc,ref      ] GC(64) Weak: 9977 encountered, 1240 discovered, 78 enqueued
[42.229s][info][gc,ref      ] GC(64) Final: 289 encountered, 24 discovered, 0 enqueued
[42.229s][info][gc,ref      ] GC(64) Phantom: 422 encountered, 224 discovered, 0 enqueued
[42.229s][info][gc,reloc    ] GC(64) Small Pages: 1332 / 2664M, Empty: 2124M, Relocated: 3M, In-Place: 0
[42.229s][info][gc,reloc    ] GC(64) Medium Pages: 0 / 0M, Empty: 0M, Relocated: 0M, In-Place: 0
[42.229s][info][gc,reloc    ] GC(64) Large Pages: 0 / 0M, Empty: 0M, Relocated: 0M, In-Place: 0
[42.229s][info][gc,reloc    ] GC(64) Forwarding Usage: 1M
[42.229s][info][gc,heap     ] GC(64) Min Capacity: 8M(0%)
[42.229s][info][gc,heap     ] GC(64) Max Capacity: 4096M(100%)
[42.229s][info][gc,heap     ] GC(64) Soft Max Capacity: 4096M(100%)
[42.229s][info][gc,heap     ] GC(64)                Mark Start          Mark End        Relocate Start      Relocate End           High               Low         
[42.229s][info][gc,heap     ] GC(64)  Capacity:     3710M (91%)        3710M (91%)        3710M (91%)        3710M (91%)        3710M (91%)        3710M (91%)    
[42.229s][info][gc,heap     ] GC(64)      Free:     1432M (35%)        1172M (29%)        3236M (79%)        3710M (91%)        3710M (91%)        1124M (27%)    
[42.229s][info][gc,heap     ] GC(64)      Used:     2664M (65%)        2924M (71%)         860M (21%)         386M (9%)         2972M (73%)         386M (9%)     
[42.229s][info][gc,heap     ] GC(64)      Live:         -                50M (1%)           50M (1%)           50M (1%)             -                  -          
[42.229s][info][gc,heap     ] GC(64) Allocated:         -               260M (6%)          320M (8%)          323M (8%)             -                  -          
[42.229s][info][gc,heap     ] GC(64)   Garbage:         -              2613M (64%)         489M (12%)          12M (0%)             -                  -          
[42.229s][info][gc,heap     ] GC(64) Reclaimed:         -                  -              2124M (52%)        2601M (64%)            -                  -          
[42.229s][info][gc          ] GC(64) Garbage Collection (Allocation Rate) 2664M(65%)->386M(9%)
[42.936s][info][gc,start    ] GC(65) Garbage Collection (Allocation Rate)
[42.936s][info][gc,task     ] GC(65) Using 6 workers
[42.936s][info][gc,phases   ] GC(65) Pause Mark Start 0.011ms
[42.962s][info][gc,phases   ] GC(65) Concurrent Mark 25.918ms
[42.962s][info][gc,phases   ] GC(65) Pause Mark End 0.025ms
[42.962s][info][gc,phases   ] GC(65) Concurrent Mark Free 0.001ms
[42.965s][info][gc,phases   ] GC(65) Concurrent Process Non-Strong References 3.183ms
[42.966s][info][gc,phases   ] GC(65) Concurrent Reset Relocation Set 0.032ms
[42.971s][info][gc,phases   ] GC(65) Concurrent Select Relocation Set 5.339ms
[42.971s][info][gc,phases   ] GC(65) Pause Relocate Start 0.008ms
[42.974s][info][gc,phases   ] GC(65) Concurrent Relocate 2.674ms
[42.974s][info][gc,load     ] GC(65) Load: 0.00/0.00/0.00
[42.974s][info][gc,mmu      ] GC(65) MMU: 2ms/97.9%, 5ms/99.2%, 10ms/99.6%, 20ms/99.8%, 50ms/99.9%, 100ms/99.9%
[42.974s][info][gc,marking  ] GC(65) Mark: 4 stripe(s), 2 proactive flush(es), 1 terminate flush(es), 0 completion(s), 0 continuation(s) 
[42.974s][info][gc,marking  ] GC(65) Mark Stack Usage: 32M
[42.974s][info][gc,nmethod  ] GC(65) NMethods: 6110 registered, 3602 unregistered
[42.974s][info][gc,metaspace] GC(65) Metaspace: 71M used, 71M committed, 1088M reserved
[42.974s][info][gc,ref      ] GC(65) Soft: 3829 encountered, 0 discovered, 0 enqueued
[42.974s][info][gc,ref      ] GC(65) Weak: 9639 encountered, 916 discovered, 67 enqueued
[42.974s][info][gc,ref      ] GC(65) Final: 289 encountered, 18 discovered, 0 enqueued
[42.974s][info][gc,ref      ] GC(65) Phantom: 422 encountered, 224 discovered, 0 enqueued
[42.974s][info][gc,reloc    ] GC(65) Small Pages: 1048 / 2096M, Empty: 1704M, Relocated: 5M, In-Place: 0
[42.974s][info][gc,reloc    ] GC(65) Medium Pages: 0 / 0M, Empty: 0M, Relocated: 0M, In-Place: 0
[42.974s][info][gc,reloc    ] GC(65) Large Pages: 0 / 0M, Empty: 0M, Relocated: 0M, In-Place: 0
[42.974s][info][gc,reloc    ] GC(65) Forwarding Usage: 2M
[42.974s][info][gc,heap     ] GC(65) Min Capacity: 8M(0%)
[42.974s][info][gc,heap     ] GC(65) Max Capacity: 4096M(100%)
[42.974s][info][gc,heap     ] GC(65) Soft Max Capacity: 4096M(100%)
[42.974s][info][gc,heap     ] GC(65)                Mark Start          Mark End        Relocate Start      Relocate End           High               Low         
[42.974s][info][gc,heap     ] GC(65)  Capacity:     3710M (91%)        3710M (91%)        3710M (91%)        3710M (91%)        3710M (91%)        3710M (91%)    
[42.974s][info][gc,heap     ] GC(65)      Free:     2000M (49%)        1924M (47%)        3614M (88%)        3936M (96%)        3936M (96%)        1922M (47%)    
[42.974s][info][gc,heap     ] GC(65)      Used:     2096M (51%)        2172M (53%)         482M (12%)         160M (4%)         2174M (53%)         160M (4%)     
[42.974s][info][gc,heap     ] GC(65)      Live:         -                49M (1%)           49M (1%)           49M (1%)             -                  -          
[42.974s][info][gc,heap     ] GC(65) Allocated:         -                76M (2%)           90M (2%)           93M (2%)             -                  -          
[42.974s][info][gc,heap     ] GC(65)   Garbage:         -              2046M (50%)         342M (8%)           16M (0%)             -                  -          
[42.974s][info][gc,heap     ] GC(65) Reclaimed:         -                  -              1704M (42%)        2029M (50%)            -                  -          
[42.974s][info][gc          ] GC(65) Garbage Collection (Allocation Rate) 2096M(51%)->160M(4%)
[43.757s][info][gc,start    ] GC(66) Garbage Collection (System.gc())
[43.778s][info][gc,task     ] GC(66) Using 12 workers
[43.778s][info][gc,phases   ] GC(66) Pause Mark Start 0.013ms
[43.798s][info][gc,phases   ] GC(66) Concurrent Mark 20.143ms
[43.798s][info][gc,phases   ] GC(66) Pause Mark End 0.025ms
[43.799s][info][gc,phases   ] GC(66) Concurrent Mark Free 0.001ms
[43.804s][info][gc,phases   ] GC(66) Concurrent Process Non-Strong References 5.378ms
[43.804s][info][gc,phases   ] GC(66) Concurrent Reset Relocation Set 0.019ms
[43.807s][info][gc,phases   ] GC(66) Concurrent Select Relocation Set 3.083ms
[43.807s][info][gc,phases   ] GC(66) Pause Relocate Start 0.008ms
[43.810s][info][gc,phases   ] GC(66) Concurrent Relocate 2.493ms
[43.810s][info][gc,load     ] GC(66) Load: 0.00/0.00/0.00
[43.810s][info][gc,mmu      ] GC(66) MMU: 2ms/97.9%, 5ms/99.2%, 10ms/99.6%, 20ms/99.8%, 50ms/99.9%, 100ms/99.9%
[43.810s][info][gc,marking  ] GC(66) Mark: 8 stripe(s), 2 proactive flush(es), 1 terminate flush(es), 0 completion(s), 0 continuation(s) 
[43.810s][info][gc,marking  ] GC(66) Mark Stack Usage: 32M
[43.810s][info][gc,nmethod  ] GC(66) NMethods: 5731 registered, 4082 unregistered
[43.810s][info][gc,metaspace] GC(66) Metaspace: 71M used, 71M committed, 1088M reserved
[43.810s][info][gc,ref      ] GC(66) Soft: 3829 encountered, 0 discovered, 0 enqueued
[43.810s][info][gc,ref      ] GC(66) Weak: 10117 encountered, 1165 discovered, 56 enqueued
[43.810s][info][gc,ref      ] GC(66) Final: 289 encountered, 0 discovered, 0 enqueued
[43.810s][info][gc,ref      ] GC(66) Phantom: 422 encountered, 310 discovered, 0 enqueued
[43.810s][info][gc,reloc    ] GC(66) Small Pages: 920 / 1840M, Empty: 1580M, Relocated: 3M, In-Place: 0
[43.810s][info][gc,reloc    ] GC(66) Medium Pages: 0 / 0M, Empty: 0M, Relocated: 0M, In-Place: 0
[43.810s][info][gc,reloc    ] GC(66) Large Pages: 0 / 0M, Empty: 0M, Relocated: 0M, In-Place: 0
[43.810s][info][gc,reloc    ] GC(66) Forwarding Usage: 1M
[43.810s][info][gc,heap     ] GC(66) Min Capacity: 8M(0%)
[43.810s][info][gc,heap     ] GC(66) Max Capacity: 4096M(100%)
[43.810s][info][gc,heap     ] GC(66) Soft Max Capacity: 4096M(100%)
[43.810s][info][gc,heap     ] GC(66)                Mark Start          Mark End        Relocate Start      Relocate End           High               Low         
[43.810s][info][gc,heap     ] GC(66)  Capacity:     3710M (91%)        3710M (91%)        3710M (91%)        3710M (91%)        3710M (91%)        3710M (91%)    
[43.810s][info][gc,heap     ] GC(66)      Free:     2256M (55%)        2254M (55%)        3834M (94%)        4012M (98%)        4012M (98%)        2254M (55%)    
[43.810s][info][gc,heap     ] GC(66)      Used:     1840M (45%)        1842M (45%)         262M (6%)           84M (2%)         1842M (45%)          84M (2%)     
[43.810s][info][gc,heap     ] GC(66)      Live:         -                49M (1%)           49M (1%)           49M (1%)             -                  -          
[43.810s][info][gc,heap     ] GC(66) Allocated:         -                 2M (0%)            2M (0%)            1M (0%)             -                  -          
[43.810s][info][gc,heap     ] GC(66)   Garbage:         -              1790M (44%)         210M (5%)           32M (1%)             -                  -          
[43.810s][info][gc,heap     ] GC(66) Reclaimed:         -                  -              1580M (39%)        1757M (43%)            -                  -          
[43.810s][info][gc          ] GC(66) Garbage Collection (System.gc()) 1840M(45%)->84M(2%)
[44.435s][info][gc,start    ] GC(67) Garbage Collection (Allocation Rate)
[44.435s][info][gc,task     ] GC(67) Using 12 workers
[44.436s][info][gc,phases   ] GC(67) Pause Mark Start 0.011ms
[44.457s][info][gc,phases   ] GC(67) Concurrent Mark 21.206ms
[44.457s][info][gc,phases   ] GC(67) Pause Mark End 0.031ms
[44.460s][info][gc,phases   ] GC(67) Concurrent Mark Free 0.002ms
[44.463s][info][gc,phases   ] GC(67) Concurrent Process Non-Strong References 3.205ms
[44.463s][info][gc,phases   ] GC(67) Concurrent Reset Relocation Set 0.032ms
[44.475s][info][gc,phases   ] GC(67) Concurrent Select Relocation Set 11.706ms
[44.475s][info][gc,phases   ] GC(67) Pause Relocate Start 0.009ms
[44.483s][info][gc,phases   ] GC(67) Concurrent Relocate 7.372ms
[44.483s][info][gc,load     ] GC(67) Load: 0.00/0.00/0.00
[44.483s][info][gc,mmu      ] GC(67) MMU: 2ms/97.9%, 5ms/99.2%, 10ms/99.6%, 20ms/99.8%, 50ms/99.9%, 100ms/99.9%
[44.483s][info][gc,marking  ] GC(67) Mark: 8 stripe(s), 4 proactive flush(es), 1 terminate flush(es), 0 completion(s), 0 continuation(s) 
[44.483s][info][gc,marking  ] GC(67) Mark Stack Usage: 32M
[44.483s][info][gc,nmethod  ] GC(67) NMethods: 5863 registered, 4106 unregistered
[44.483s][info][gc,metaspace] GC(67) Metaspace: 71M used, 71M committed, 1088M reserved
[44.483s][info][gc,ref      ] GC(67) Soft: 3829 encountered, 0 discovered, 0 enqueued
[44.483s][info][gc,ref      ] GC(67) Weak: 10978 encountered, 1599 discovered, 0 enqueued
[44.483s][info][gc,ref      ] GC(67) Final: 289 encountered, 1 discovered, 0 enqueued
[44.483s][info][gc,ref      ] GC(67) Phantom: 427 encountered, 338 discovered, 5 enqueued
[44.483s][info][gc,reloc    ] GC(67) Small Pages: 1568 / 3136M, Empty: 2318M, Relocated: 8M, In-Place: 0
[44.483s][info][gc,reloc    ] GC(67) Medium Pages: 0 / 0M, Empty: 0M, Relocated: 0M, In-Place: 0
[44.483s][info][gc,reloc    ] GC(67) Large Pages: 0 / 0M, Empty: 0M, Relocated: 0M, In-Place: 0
[44.484s][info][gc,reloc    ] GC(67) Forwarding Usage: 4M
[44.484s][info][gc,heap     ] GC(67) Min Capacity: 8M(0%)
[44.484s][info][gc,heap     ] GC(67) Max Capacity: 4096M(100%)
[44.484s][info][gc,heap     ] GC(67) Soft Max Capacity: 4096M(100%)
[44.484s][info][gc,heap     ] GC(67)                Mark Start          Mark End        Relocate Start      Relocate End           High               Low         
[44.484s][info][gc,heap     ] GC(67)  Capacity:     3710M (91%)        3710M (91%)        3710M (91%)        3710M (91%)        3710M (91%)        3710M (91%)    
[44.484s][info][gc,heap     ] GC(67)      Free:      960M (23%)         814M (20%)        3058M (75%)        3762M (92%)        3774M (92%)         788M (19%)    
[44.484s][info][gc,heap     ] GC(67)      Used:     3136M (77%)        3282M (80%)        1038M (25%)         334M (8%)         3308M (81%)         322M (8%)     
[44.484s][info][gc,heap     ] GC(67)      Live:         -                53M (1%)           53M (1%)           53M (1%)             -                  -          
[44.484s][info][gc,heap     ] GC(67) Allocated:         -               146M (4%)          220M (5%)          253M (6%)             -                  -          
[44.484s][info][gc,heap     ] GC(67)   Garbage:         -              3082M (75%)         764M (19%)          27M (1%)             -                  -          
[44.484s][info][gc,heap     ] GC(67) Reclaimed:         -                  -              2318M (57%)        3055M (75%)            -                  -          
[44.484s][info][gc          ] GC(67) Garbage Collection (Allocation Rate) 3136M(77%)->334M(8%)
[44.935s][info][gc,start    ] GC(68) Garbage Collection (Allocation Rate)
[44.950s][info][gc,task     ] GC(68) Using 12 workers
[44.950s][info][gc,phases   ] GC(68) Pause Mark Start 0.011ms
[44.982s][info][gc,phases   ] GC(68) Concurrent Mark 31.678ms
[44.982s][info][gc,phases   ] GC(68) Pause Mark End 0.028ms
[44.984s][info][gc,phases   ] GC(68) Concurrent Mark Free 0.001ms
[44.987s][info][gc,phases   ] GC(68) Concurrent Process Non-Strong References 2.673ms
[44.987s][info][gc,phases   ] GC(68) Concurrent Reset Relocation Set 0.094ms
[44.994s][info][gc,phases   ] GC(68) Concurrent Select Relocation Set 7.473ms
[44.994s][info][gc,phases   ] GC(68) Pause Relocate Start 0.008ms
[45.003s][info][gc,phases   ] GC(68) Concurrent Relocate 7.979ms
[45.003s][info][gc,load     ] GC(68) Load: 0.00/0.00/0.00
[45.003s][info][gc,mmu      ] GC(68) MMU: 2ms/97.9%, 5ms/99.2%, 10ms/99.6%, 20ms/99.8%, 50ms/99.9%, 100ms/99.9%
[45.003s][info][gc,marking  ] GC(68) Mark: 8 stripe(s), 6 proactive flush(es), 1 terminate flush(es), 0 completion(s), 0 continuation(s) 
[45.003s][info][gc,marking  ] GC(68) Mark Stack Usage: 32M
[45.003s][info][gc,nmethod  ] GC(68) NMethods: 5863 registered, 4106 unregistered
[45.003s][info][gc,metaspace] GC(68) Metaspace: 71M used, 71M committed, 1088M reserved
[45.003s][info][gc,ref      ] GC(68) Soft: 3829 encountered, 0 discovered, 0 enqueued
[45.003s][info][gc,ref      ] GC(68) Weak: 10978 encountered, 1328 discovered, 0 enqueued
[45.003s][info][gc,ref      ] GC(68) Final: 289 encountered, 0 discovered, 0 enqueued
[45.003s][info][gc,ref      ] GC(68) Phantom: 422 encountered, 301 discovered, 0 enqueued
[45.003s][info][gc,reloc    ] GC(68) Small Pages: 1337 / 2674M, Empty: 2054M, Relocated: 6M, In-Place: 0
[45.003s][info][gc,reloc    ] GC(68) Medium Pages: 0 / 0M, Empty: 0M, Relocated: 0M, In-Place: 0
[45.003s][info][gc,reloc    ] GC(68) Large Pages: 0 / 0M, Empty: 0M, Relocated: 0M, In-Place: 0
[45.003s][info][gc,reloc    ] GC(68) Forwarding Usage: 3M
[45.003s][info][gc,heap     ] GC(68) Min Capacity: 8M(0%)
[45.003s][info][gc,heap     ] GC(68) Max Capacity: 4096M(100%)
[45.003s][info][gc,heap     ] GC(68) Soft Max Capacity: 4096M(100%)
[45.003s][info][gc,heap     ] GC(68)                Mark Start          Mark End        Relocate Start      Relocate End           High               Low         
[45.003s][info][gc,heap     ] GC(68)  Capacity:     3710M (91%)        3710M (91%)        3710M (91%)        3710M (91%)        3710M (91%)        3710M (91%)    
[45.003s][info][gc,heap     ] GC(68)      Free:     1422M (35%)        1232M (30%)        3234M (79%)        3744M (91%)        3756M (92%)        1218M (30%)    
[45.003s][info][gc,heap     ] GC(68)      Used:     2674M (65%)        2864M (70%)         862M (21%)         352M (9%)         2878M (70%)         340M (8%)     
[45.003s][info][gc,heap     ] GC(68)      Live:         -                53M (1%)           53M (1%)           53M (1%)             -                  -          
[45.003s][info][gc,heap     ] GC(68) Allocated:         -               190M (5%)          242M (6%)          269M (7%)             -                  -          
[45.003s][info][gc,heap     ] GC(68)   Garbage:         -              2620M (64%)         566M (14%)          29M (1%)             -                  -          
[45.003s][info][gc,heap     ] GC(68) Reclaimed:         -                  -              2054M (50%)        2591M (63%)            -                  -          
[45.003s][info][gc          ] GC(68) Garbage Collection (Allocation Rate) 2674M(65%)->352M(9%)
[45.235s][info][gc,start    ] GC(69) Garbage Collection (Allocation Rate)
[45.235s][info][gc,task     ] GC(69) Using 4 workers
[45.235s][info][gc,phases   ] GC(69) Pause Mark Start 0.011ms
[45.283s][info][gc,phases   ] GC(69) Concurrent Mark 47.692ms
[45.283s][info][gc,phases   ] GC(69) Pause Mark End 0.022ms
[45.284s][info][gc,phases   ] GC(69) Concurrent Mark Free 0.001ms
[45.290s][info][gc,phases   ] GC(69) Concurrent Process Non-Strong References 6.012ms
[45.290s][info][gc,phases   ] GC(69) Concurrent Reset Relocation Set 0.076ms
[45.296s][info][gc,phases   ] GC(69) Concurrent Select Relocation Set 5.469ms
[45.296s][info][gc,phases   ] GC(69) Pause Relocate Start 0.009ms
[45.307s][info][gc,phases   ] GC(69) Concurrent Relocate 10.144ms
[45.307s][info][gc,load     ] GC(69) Load: 0.00/0.00/0.00
[45.307s][info][gc,mmu      ] GC(69) MMU: 2ms/97.9%, 5ms/99.2%, 10ms/99.6%, 20ms/99.8%, 50ms/99.9%, 100ms/99.9%
[45.307s][info][gc,marking  ] GC(69) Mark: 4 stripe(s), 3 proactive flush(es), 1 terminate flush(es), 0 completion(s), 0 continuation(s) 
[45.307s][info][gc,marking  ] GC(69) Mark Stack Usage: 32M
[45.307s][info][gc,nmethod  ] GC(69) NMethods: 5863 registered, 4106 unregistered
[45.307s][info][gc,metaspace] GC(69) Metaspace: 71M used, 71M committed, 1088M reserved
[45.307s][info][gc,ref      ] GC(69) Soft: 3829 encountered, 0 discovered, 0 enqueued
[45.307s][info][gc,ref      ] GC(69) Weak: 10978 encountered, 3012 discovered, 0 enqueued
[45.307s][info][gc,ref      ] GC(69) Final: 289 encountered, 13 discovered, 0 enqueued
[45.307s][info][gc,ref      ] GC(69) Phantom: 422 encountered, 253 discovered, 0 enqueued
[45.307s][info][gc,reloc    ] GC(69) Small Pages: 763 / 1526M, Empty: 990M, Relocated: 6M, In-Place: 0
[45.307s][info][gc,reloc    ] GC(69) Medium Pages: 0 / 0M, Empty: 0M, Relocated: 0M, In-Place: 0
[45.307s][info][gc,reloc    ] GC(69) Large Pages: 0 / 0M, Empty: 0M, Relocated: 0M, In-Place: 0
[45.307s][info][gc,reloc    ] GC(69) Forwarding Usage: 3M
[45.307s][info][gc,heap     ] GC(69) Min Capacity: 8M(0%)
[45.307s][info][gc,heap     ] GC(69) Max Capacity: 4096M(100%)
[45.307s][info][gc,heap     ] GC(69) Soft Max Capacity: 4096M(100%)
[45.307s][info][gc,heap     ] GC(69)                Mark Start          Mark End        Relocate Start      Relocate End           High               Low         
[45.307s][info][gc,heap     ] GC(69)  Capacity:     3710M (91%)        3710M (91%)        3710M (91%)        3710M (91%)        3710M (91%)        3710M (91%)    
[45.307s][info][gc,heap     ] GC(69)      Free:     2570M (63%)        2292M (56%)        3222M (79%)        3642M (89%)        3658M (89%)        2256M (55%)    
[45.307s][info][gc,heap     ] GC(69)      Used:     1526M (37%)        1804M (44%)         874M (21%)         454M (11%)        1840M (45%)         438M (11%)    
[45.307s][info][gc,heap     ] GC(69)      Live:         -                53M (1%)           53M (1%)           53M (1%)             -                  -          
[45.307s][info][gc,heap     ] GC(69) Allocated:         -               278M (7%)          338M (8%)          386M (9%)             -                  -          
[45.307s][info][gc,heap     ] GC(69)   Garbage:         -              1472M (36%)         482M (12%)          13M (0%)             -                  -          
[45.307s][info][gc,heap     ] GC(69) Reclaimed:         -                  -               990M (24%)        1458M (36%)            -                  -          
[45.307s][info][gc          ] GC(69) Garbage Collection (Allocation Rate) 1526M(37%)->454M(11%)
[45.636s][info][gc,start    ] GC(70) Garbage Collection (Allocation Rate)
[45.636s][info][gc,task     ] GC(70) Using 3 workers
[45.636s][info][gc,phases   ] GC(70) Pause Mark Start 0.010ms
[45.700s][info][gc,phases   ] GC(70) Concurrent Mark 64.103ms
[45.700s][info][gc,phases   ] GC(70) Pause Mark End 0.025ms
[45.701s][info][gc,phases   ] GC(70) Concurrent Mark Free 0.001ms
[45.709s][info][gc,phases   ] GC(70) Concurrent Process Non-Strong References 7.933ms
[45.709s][info][gc,phases   ] GC(70) Concurrent Reset Relocation Set 0.065ms
[45.715s][info][gc,phases   ] GC(70) Concurrent Select Relocation Set 5.739ms
[45.715s][info][gc,phases   ] GC(70) Pause Relocate Start 0.008ms
[45.728s][info][gc,phases   ] GC(70) Concurrent Relocate 12.692ms
[45.728s][info][gc,load     ] GC(70) Load: 0.00/0.00/0.00
[45.728s][info][gc,mmu      ] GC(70) MMU: 2ms/97.9%, 5ms/99.2%, 10ms/99.6%, 20ms/99.8%, 50ms/99.9%, 100ms/99.9%
[45.728s][info][gc,marking  ] GC(70) Mark: 2 stripe(s), 2 proactive flush(es), 1 terminate flush(es), 0 completion(s), 0 continuation(s) 
[45.728s][info][gc,marking  ] GC(70) Mark Stack Usage: 32M
[45.728s][info][gc,nmethod  ] GC(70) NMethods: 5863 registered, 4107 unregistered
[45.728s][info][gc,metaspace] GC(70) Metaspace: 71M used, 71M committed, 1088M reserved
[45.728s][info][gc,ref      ] GC(70) Soft: 3829 encountered, 0 discovered, 0 enqueued
[45.728s][info][gc,ref      ] GC(70) Weak: 10978 encountered, 2363 discovered, 0 enqueued
[45.728s][info][gc,ref      ] GC(70) Final: 289 encountered, 9 discovered, 0 enqueued
[45.728s][info][gc,ref      ] GC(70) Phantom: 422 encountered, 303 discovered, 0 enqueued
[45.728s][info][gc,reloc    ] GC(70) Small Pages: 1059 / 2118M, Empty: 1438M, Relocated: 6M, In-Place: 0
[45.728s][info][gc,reloc    ] GC(70) Medium Pages: 0 / 0M, Empty: 0M, Relocated: 0M, In-Place: 0
[45.728s][info][gc,reloc    ] GC(70) Large Pages: 0 / 0M, Empty: 0M, Relocated: 0M, In-Place: 0
[45.728s][info][gc,reloc    ] GC(70) Forwarding Usage: 2M
[45.728s][info][gc,heap     ] GC(70) Min Capacity: 8M(0%)
[45.729s][info][gc,heap     ] GC(70) Max Capacity: 4096M(100%)
[45.729s][info][gc,heap     ] GC(70) Soft Max Capacity: 4096M(100%)
[45.729s][info][gc,heap     ] GC(70)                Mark Start          Mark End        Relocate Start      Relocate End           High               Low         
[45.729s][info][gc,heap     ] GC(70)  Capacity:     3710M (91%)        3710M (91%)        3710M (91%)        3710M (91%)        3710M (91%)        3710M (91%)    
[45.729s][info][gc,heap     ] GC(70)      Free:     1978M (48%)        1624M (40%)        2996M (73%)        3554M (87%)        3582M (87%)        1590M (39%)    
[45.729s][info][gc,heap     ] GC(70)      Used:     2118M (52%)        2472M (60%)        1100M (27%)         542M (13%)        2506M (61%)         514M (13%)    
[45.729s][info][gc,heap     ] GC(70)      Live:         -                53M (1%)           53M (1%)           53M (1%)             -                  -          
[45.729s][info][gc,heap     ] GC(70) Allocated:         -               354M (9%)          420M (10%)         474M (12%)            -                  -          
[45.729s][info][gc,heap     ] GC(70)   Garbage:         -              2064M (50%)         626M (15%)          13M (0%)             -                  -          
[45.729s][info][gc,heap     ] GC(70) Reclaimed:         -                  -              1438M (35%)        2050M (50%)            -                  -          
[45.729s][info][gc          ] GC(70) Garbage Collection (Allocation Rate) 2118M(52%)->542M(13%)
[46.135s][info][gc,start    ] GC(71) Garbage Collection (Allocation Rate)
[46.135s][info][gc,task     ] GC(71) Using 2 workers
[46.135s][info][gc,phases   ] GC(71) Pause Mark Start 0.011ms
[46.224s][info][gc,phases   ] GC(71) Concurrent Mark 88.760ms
[46.224s][info][gc,phases   ] GC(71) Pause Mark End 0.024ms
[46.226s][info][gc,phases   ] GC(71) Concurrent Mark Free 0.002ms
[46.240s][info][gc,phases   ] GC(71) Concurrent Process Non-Strong References 13.651ms
[46.240s][info][gc,phases   ] GC(71) Concurrent Reset Relocation Set 0.080ms
[46.246s][info][gc,phases   ] GC(71) Concurrent Select Relocation Set 5.931ms
[46.246s][info][gc,phases   ] GC(71) Pause Relocate Start 0.008ms
[46.260s][info][gc,phases   ] GC(71) Concurrent Relocate 13.185ms
[46.260s][info][gc,load     ] GC(71) Load: 0.00/0.00/0.00
[46.260s][info][gc,mmu      ] GC(71) MMU: 2ms/97.9%, 5ms/99.2%, 10ms/99.6%, 20ms/99.8%, 50ms/99.9%, 100ms/99.9%
[46.260s][info][gc,marking  ] GC(71) Mark: 2 stripe(s), 2 proactive flush(es), 1 terminate flush(es), 0 completion(s), 0 continuation(s) 
[46.260s][info][gc,marking  ] GC(71) Mark Stack Usage: 32M
[46.260s][info][gc,nmethod  ] GC(71) NMethods: 5863 registered, 4112 unregistered
[46.260s][info][gc,metaspace] GC(71) Metaspace: 71M used, 71M committed, 1088M reserved
[46.260s][info][gc,ref      ] GC(71) Soft: 3829 encountered, 0 discovered, 0 enqueued
[46.260s][info][gc,ref      ] GC(71) Weak: 10978 encountered, 2357 discovered, 0 enqueued
[46.260s][info][gc,ref      ] GC(71) Final: 289 encountered, 15 discovered, 0 enqueued
[46.260s][info][gc,ref      ] GC(71) Phantom: 422 encountered, 195 discovered, 0 enqueued
[46.260s][info][gc,reloc    ] GC(71) Small Pages: 1304 / 2608M, Empty: 2016M, Relocated: 5M, In-Place: 0
[46.260s][info][gc,reloc    ] GC(71) Medium Pages: 0 / 0M, Empty: 0M, Relocated: 0M, In-Place: 0
[46.260s][info][gc,reloc    ] GC(71) Large Pages: 0 / 0M, Empty: 0M, Relocated: 0M, In-Place: 0
[46.260s][info][gc,reloc    ] GC(71) Forwarding Usage: 2M
[46.260s][info][gc,heap     ] GC(71) Min Capacity: 8M(0%)
[46.260s][info][gc,heap     ] GC(71) Max Capacity: 4096M(100%)
[46.260s][info][gc,heap     ] GC(71) Soft Max Capacity: 4096M(100%)
[46.260s][info][gc,heap     ] GC(71)                Mark Start          Mark End        Relocate Start      Relocate End           High               Low         
[46.260s][info][gc,heap     ] GC(71)  Capacity:     3710M (91%)        3710M (91%)        3710M (91%)        3710M (91%)        3710M (91%)        3710M (91%)    
[46.260s][info][gc,heap     ] GC(71)      Free:     1488M (36%)        1002M (24%)        2916M (71%)        3388M (83%)        3404M (83%)         926M (23%)    
[46.260s][info][gc,heap     ] GC(71)      Used:     2608M (64%)        3094M (76%)        1180M (29%)         708M (17%)        3170M (77%)         692M (17%)    
[46.260s][info][gc,heap     ] GC(71)      Live:         -                53M (1%)           53M (1%)           53M (1%)             -                  -          
[46.260s][info][gc,heap     ] GC(71) Allocated:         -               486M (12%)         588M (14%)         640M (16%)            -                  -          
[46.260s][info][gc,heap     ] GC(71)   Garbage:         -              2554M (62%)         538M (13%)          13M (0%)             -                  -          
[46.260s][info][gc,heap     ] GC(71) Reclaimed:         -                  -              2016M (49%)        2540M (62%)            -                  -          
[46.260s][info][gc          ] GC(71) Garbage Collection (Allocation Rate) 2608M(64%)->708M(17%)
[46.636s][info][gc,start    ] GC(72) Garbage Collection (Allocation Rate)
[46.636s][info][gc,task     ] GC(72) Using 2 workers
[46.636s][info][gc,phases   ] GC(72) Pause Mark Start 0.013ms
[46.714s][info][gc,phases   ] GC(72) Concurrent Mark 78.032ms
[46.715s][info][gc,phases   ] GC(72) Pause Mark End 0.024ms
[46.716s][info][gc,phases   ] GC(72) Concurrent Mark Free 0.001ms
[46.729s][info][gc,phases   ] GC(72) Concurrent Process Non-Strong References 13.206ms
[46.729s][info][gc,phases   ] GC(72) Concurrent Reset Relocation Set 0.074ms
[46.739s][info][gc,phases   ] GC(72) Concurrent Select Relocation Set 9.810ms
[46.739s][info][gc,phases   ] GC(72) Pause Relocate Start 0.008ms
[46.756s][info][gc,phases   ] GC(72) Concurrent Relocate 16.751ms
[46.757s][info][gc,load     ] GC(72) Load: 0.00/0.00/0.00
[46.757s][info][gc,mmu      ] GC(72) MMU: 2ms/97.9%, 5ms/99.2%, 10ms/99.6%, 20ms/99.8%, 50ms/99.9%, 100ms/99.9%
[46.757s][info][gc,marking  ] GC(72) Mark: 2 stripe(s), 2 proactive flush(es), 1 terminate flush(es), 0 completion(s), 0 continuation(s) 
[46.757s][info][gc,marking  ] GC(72) Mark Stack Usage: 32M
[46.757s][info][gc,nmethod  ] GC(72) NMethods: 5870 registered, 4112 unregistered
[46.757s][info][gc,metaspace] GC(72) Metaspace: 71M used, 71M committed, 1088M reserved
[46.757s][info][gc,ref      ] GC(72) Soft: 3829 encountered, 0 discovered, 0 enqueued
[46.757s][info][gc,ref      ] GC(72) Weak: 10933 encountered, 1920 discovered, 123 enqueued
[46.757s][info][gc,ref      ] GC(72) Final: 289 encountered, 15 discovered, 0 enqueued
[46.757s][info][gc,ref      ] GC(72) Phantom: 422 encountered, 207 discovered, 0 enqueued
[46.757s][info][gc,reloc    ] GC(72) Small Pages: 1310 / 2620M, Empty: 1950M, Relocated: 6M, In-Place: 0
[46.757s][info][gc,reloc    ] GC(72) Medium Pages: 0 / 0M, Empty: 0M, Relocated: 0M, In-Place: 0
[46.757s][info][gc,reloc    ] GC(72) Large Pages: 0 / 0M, Empty: 0M, Relocated: 0M, In-Place: 0
[46.757s][info][gc,reloc    ] GC(72) Forwarding Usage: 2M
[46.757s][info][gc,heap     ] GC(72) Min Capacity: 8M(0%)
[46.757s][info][gc,heap     ] GC(72) Max Capacity: 4096M(100%)
[46.757s][info][gc,heap     ] GC(72) Soft Max Capacity: 4096M(100%)
[46.757s][info][gc,heap     ] GC(72)                Mark Start          Mark End        Relocate Start      Relocate End           High               Low         
[46.757s][info][gc,heap     ] GC(72)  Capacity:     3710M (91%)        3710M (91%)        3710M (91%)        3710M (91%)        3710M (91%)        3710M (91%)    
[46.757s][info][gc,heap     ] GC(72)      Free:     1476M (36%)        1040M (25%)        2880M (70%)        3410M (83%)        3448M (84%)         970M (24%)    
[46.757s][info][gc,heap     ] GC(72)      Used:     2620M (64%)        3056M (75%)        1216M (30%)         686M (17%)        3126M (76%)         648M (16%)    
[46.757s][info][gc,heap     ] GC(72)      Live:         -                51M (1%)           51M (1%)           51M (1%)             -                  -          
[46.757s][info][gc,heap     ] GC(72) Allocated:         -               436M (11%)         546M (13%)         620M (15%)            -                  -          
[46.757s][info][gc,heap     ] GC(72)   Garbage:         -              2568M (63%)         618M (15%)          13M (0%)             -                  -          
[46.757s][info][gc,heap     ] GC(72) Reclaimed:         -                  -              1950M (48%)        2554M (62%)            -                  -          
[46.757s][info][gc          ] GC(72) Garbage Collection (Allocation Rate) 2620M(64%)->686M(17%)
[47.235s][info][gc,start    ] GC(73) Garbage Collection (Allocation Rate)
[47.235s][info][gc,task     ] GC(73) Using 2 workers
[47.235s][info][gc,phases   ] GC(73) Pause Mark Start 0.013ms
[47.326s][info][gc,phases   ] GC(73) Concurrent Mark 90.329ms
[47.326s][info][gc,phases   ] GC(73) Pause Mark End 0.024ms
[47.327s][info][gc,phases   ] GC(73) Concurrent Mark Free 0.002ms
[47.342s][info][gc,phases   ] GC(73) Concurrent Process Non-Strong References 15.182ms
[47.342s][info][gc,phases   ] GC(73) Concurrent Reset Relocation Set 0.077ms
[47.348s][info][gc,phases   ] GC(73) Concurrent Select Relocation Set 5.881ms
[47.349s][info][gc,phases   ] GC(73) Pause Relocate Start 0.009ms
[47.367s][info][gc,phases   ] GC(73) Concurrent Relocate 17.512ms
[47.367s][info][gc,load     ] GC(73) Load: 0.00/0.00/0.00
[47.367s][info][gc,mmu      ] GC(73) MMU: 2ms/97.9%, 5ms/99.2%, 10ms/99.6%, 20ms/99.8%, 50ms/99.9%, 100ms/99.9%
[47.367s][info][gc,marking  ] GC(73) Mark: 2 stripe(s), 3 proactive flush(es), 1 terminate flush(es), 0 completion(s), 0 continuation(s) 
[47.367s][info][gc,marking  ] GC(73) Mark Stack Usage: 32M
[47.367s][info][gc,nmethod  ] GC(73) NMethods: 5870 registered, 4112 unregistered
[47.367s][info][gc,metaspace] GC(73) Metaspace: 71M used, 71M committed, 1088M reserved
[47.367s][info][gc,ref      ] GC(73) Soft: 3829 encountered, 0 discovered, 0 enqueued
[47.367s][info][gc,ref      ] GC(73) Weak: 10810 encountered, 1515 discovered, 0 enqueued
[47.367s][info][gc,ref      ] GC(73) Final: 289 encountered, 13 discovered, 0 enqueued
[47.367s][info][gc,ref      ] GC(73) Phantom: 422 encountered, 186 discovered, 0 enqueued
[47.367s][info][gc,reloc    ] GC(73) Small Pages: 1545 / 3090M, Empty: 2510M, Relocated: 6M, In-Place: 0
[47.367s][info][gc,reloc    ] GC(73) Medium Pages: 0 / 0M, Empty: 0M, Relocated: 0M, In-Place: 0
[47.367s][info][gc,reloc    ] GC(73) Large Pages: 0 / 0M, Empty: 0M, Relocated: 0M, In-Place: 0
[47.367s][info][gc,reloc    ] GC(73) Forwarding Usage: 2M
[47.367s][info][gc,heap     ] GC(73) Min Capacity: 8M(0%)
[47.367s][info][gc,heap     ] GC(73) Max Capacity: 4096M(100%)
[47.367s][info][gc,heap     ] GC(73) Soft Max Capacity: 4096M(100%)
[47.367s][info][gc,heap     ] GC(73)                Mark Start          Mark End        Relocate Start      Relocate End           High               Low         
[47.367s][info][gc,heap     ] GC(73)  Capacity:     3710M (91%)        3710M (91%)        3710M (91%)        3710M (91%)        3710M (91%)        3710M (91%)    
[47.367s][info][gc,heap     ] GC(73)      Free:     1006M (25%)         522M (13%)        2920M (71%)        3352M (82%)        3400M (83%)         442M (11%)    
[47.367s][info][gc,heap     ] GC(73)      Used:     3090M (75%)        3574M (87%)        1176M (29%)         744M (18%)        3654M (89%)         696M (17%)    
[47.367s][info][gc,heap     ] GC(73)      Live:         -                51M (1%)           51M (1%)           51M (1%)             -                  -          
[47.367s][info][gc,heap     ] GC(73) Allocated:         -               484M (12%)         596M (15%)         678M (17%)            -                  -          
[47.367s][info][gc,heap     ] GC(73)   Garbage:         -              3038M (74%)         528M (13%)          13M (0%)             -                  -          
[47.367s][info][gc,heap     ] GC(73) Reclaimed:         -                  -              2510M (61%)        3024M (74%)            -                  -          
[47.367s][info][gc          ] GC(73) Garbage Collection (Allocation Rate) 3090M(75%)->744M(18%)
[47.835s][info][gc,start    ] GC(74) Garbage Collection (Allocation Rate)
[47.835s][info][gc,task     ] GC(74) Using 2 workers
[47.835s][info][gc,phases   ] GC(74) Pause Mark Start 0.011ms
[47.934s][info][gc,phases   ] GC(74) Concurrent Mark 97.950ms
[47.934s][info][gc,phases   ] GC(74) Pause Mark End 0.026ms
[47.935s][info][gc,phases   ] GC(74) Concurrent Mark Free 0.001ms
[47.947s][info][gc,phases   ] GC(74) Concurrent Process Non-Strong References 12.072ms
[47.948s][info][gc,phases   ] GC(74) Concurrent Reset Relocation Set 0.077ms
[47.954s][info][gc,phases   ] GC(74) Concurrent Select Relocation Set 6.175ms
[47.954s][info][gc,phases   ] GC(74) Pause Relocate Start 0.008ms
[47.971s][info][gc,phases   ] GC(74) Concurrent Relocate 16.592ms
[47.971s][info][gc,load     ] GC(74) Load: 0.00/0.00/0.00
[47.971s][info][gc,mmu      ] GC(74) MMU: 2ms/97.9%, 5ms/99.2%, 10ms/99.6%, 20ms/99.8%, 50ms/99.9%, 100ms/99.9%
[47.971s][info][gc,marking  ] GC(74) Mark: 2 stripe(s), 2 proactive flush(es), 1 terminate flush(es), 0 completion(s), 0 continuation(s) 
[47.971s][info][gc,marking  ] GC(74) Mark Stack Usage: 32M
[47.971s][info][gc,nmethod  ] GC(74) NMethods: 5870 registered, 4113 unregistered
[47.971s][info][gc,metaspace] GC(74) Metaspace: 71M used, 71M committed, 1088M reserved
[47.971s][info][gc,ref      ] GC(74) Soft: 3829 encountered, 0 discovered, 0 enqueued
[47.971s][info][gc,ref      ] GC(74) Weak: 10810 encountered, 1349 discovered, 0 enqueued
[47.971s][info][gc,ref      ] GC(74) Final: 289 encountered, 19 discovered, 0 enqueued
[47.971s][info][gc,ref      ] GC(74) Phantom: 422 encountered, 221 discovered, 0 enqueued
[47.971s][info][gc,reloc    ] GC(74) Small Pages: 1549 / 3098M, Empty: 2418M, Relocated: 6M, In-Place: 0
[47.971s][info][gc,reloc    ] GC(74) Medium Pages: 0 / 0M, Empty: 0M, Relocated: 0M, In-Place: 0
[47.971s][info][gc,reloc    ] GC(74) Large Pages: 0 / 0M, Empty: 0M, Relocated: 0M, In-Place: 0
[47.971s][info][gc,reloc    ] GC(74) Forwarding Usage: 2M
[47.971s][info][gc,heap     ] GC(74) Min Capacity: 8M(0%)
[47.971s][info][gc,heap     ] GC(74) Max Capacity: 4096M(100%)
[47.971s][info][gc,heap     ] GC(74) Soft Max Capacity: 4096M(100%)
[47.971s][info][gc,heap     ] GC(74)                Mark Start          Mark End        Relocate Start      Relocate End           High               Low         
[47.971s][info][gc,heap     ] GC(74)  Capacity:     3710M (91%)        3710M (91%)        3710M (91%)        3710M (91%)        3710M (91%)        3710M (91%)    
[47.971s][info][gc,heap     ] GC(74)      Free:      998M (24%)         474M (12%)        2808M (69%)        3360M (82%)        3380M (83%)         416M (10%)    
[47.971s][info][gc,heap     ] GC(74)      Used:     3098M (76%)        3622M (88%)        1288M (31%)         736M (18%)        3680M (90%)         716M (17%)    
[47.971s][info][gc,heap     ] GC(74)      Live:         -                51M (1%)           51M (1%)           51M (1%)             -                  -          
[47.971s][info][gc,heap     ] GC(74) Allocated:         -               524M (13%)         608M (15%)         670M (16%)            -                  -          
[47.971s][info][gc,heap     ] GC(74)   Garbage:         -              3046M (74%)         628M (15%)          13M (0%)             -                  -          
[47.971s][info][gc,heap     ] GC(74) Reclaimed:         -                  -              2418M (59%)        3032M (74%)            -                  -          
[47.971s][info][gc          ] GC(74) Garbage Collection (Allocation Rate) 3098M(76%)->736M(18%)
[48.435s][info][gc,start    ] GC(75) Garbage Collection (Allocation Rate)
[48.435s][info][gc,task     ] GC(75) Using 2 workers
[48.435s][info][gc,phases   ] GC(75) Pause Mark Start 0.014ms
[48.526s][info][gc,phases   ] GC(75) Concurrent Mark 90.218ms
[48.526s][info][gc,phases   ] GC(75) Pause Mark End 0.028ms
[48.528s][info][gc,phases   ] GC(75) Concurrent Mark Free 0.002ms
[48.540s][info][gc,phases   ] GC(75) Concurrent Process Non-Strong References 11.949ms
[48.540s][info][gc,phases   ] GC(75) Concurrent Reset Relocation Set 0.076ms
[48.546s][info][gc,phases   ] GC(75) Concurrent Select Relocation Set 5.905ms
[48.546s][info][gc,phases   ] GC(75) Pause Relocate Start 0.009ms
[48.563s][info][gc,phases   ] GC(75) Concurrent Relocate 16.784ms
[48.563s][info][gc,load     ] GC(75) Load: 0.00/0.00/0.00
[48.563s][info][gc,mmu      ] GC(75) MMU: 2ms/97.9%, 5ms/99.2%, 10ms/99.6%, 20ms/99.8%, 50ms/99.9%, 100ms/99.9%
[48.563s][info][gc,marking  ] GC(75) Mark: 2 stripe(s), 2 proactive flush(es), 1 terminate flush(es), 0 completion(s), 0 continuation(s) 
[48.563s][info][gc,marking  ] GC(75) Mark Stack Usage: 32M
[48.563s][info][gc,nmethod  ] GC(75) NMethods: 5870 registered, 4113 unregistered
[48.563s][info][gc,metaspace] GC(75) Metaspace: 71M used, 71M committed, 1088M reserved
[48.563s][info][gc,ref      ] GC(75) Soft: 3829 encountered, 0 discovered, 0 enqueued
[48.563s][info][gc,ref      ] GC(75) Weak: 10810 encountered, 1800 discovered, 0 enqueued
[48.563s][info][gc,ref      ] GC(75) Final: 289 encountered, 34 discovered, 0 enqueued
[48.563s][info][gc,ref      ] GC(75) Phantom: 422 encountered, 189 discovered, 0 enqueued
[48.563s][info][gc,reloc    ] GC(75) Small Pages: 1517 / 3034M, Empty: 2346M, Relocated: 6M, In-Place: 0
[48.563s][info][gc,reloc    ] GC(75) Medium Pages: 0 / 0M, Empty: 0M, Relocated: 0M, In-Place: 0
[48.563s][info][gc,reloc    ] GC(75) Large Pages: 0 / 0M, Empty: 0M, Relocated: 0M, In-Place: 0
[48.564s][info][gc,reloc    ] GC(75) Forwarding Usage: 2M
[48.564s][info][gc,heap     ] GC(75) Min Capacity: 8M(0%)
[48.564s][info][gc,heap     ] GC(75) Max Capacity: 4096M(100%)
[48.564s][info][gc,heap     ] GC(75) Soft Max Capacity: 4096M(100%)
[48.564s][info][gc,heap     ] GC(75)                Mark Start          Mark End        Relocate Start      Relocate End           High               Low         
[48.564s][info][gc,heap     ] GC(75)  Capacity:     3710M (91%)        3710M (91%)        3710M (91%)        3710M (91%)        3710M (91%)        3710M (91%)    
[48.564s][info][gc,heap     ] GC(75)      Free:     1062M (26%)         592M (14%)        2842M (69%)        3396M (83%)        3434M (84%)         526M (13%)    
[48.564s][info][gc,heap     ] GC(75)      Used:     3034M (74%)        3504M (86%)        1254M (31%)         700M (17%)        3570M (87%)         662M (16%)    
[48.564s][info][gc,heap     ] GC(75)      Live:         -                51M (1%)           51M (1%)           51M (1%)             -                  -          
[48.564s][info][gc,heap     ] GC(75) Allocated:         -               470M (11%)         566M (14%)         634M (15%)            -                  -          
[48.564s][info][gc,heap     ] GC(75)   Garbage:         -              2982M (73%)         636M (16%)          13M (0%)             -                  -          
[48.564s][info][gc,heap     ] GC(75) Reclaimed:         -                  -              2346M (57%)        2968M (72%)            -                  -          
[48.564s][info][gc          ] GC(75) Garbage Collection (Allocation Rate) 3034M(74%)->700M(17%)
[49.035s][info][gc,start    ] GC(76) Garbage Collection (Allocation Rate)
[49.035s][info][gc,task     ] GC(76) Using 2 workers
[49.035s][info][gc,phases   ] GC(76) Pause Mark Start 0.010ms
[49.117s][info][gc,phases   ] GC(76) Concurrent Mark 81.426ms
[49.117s][info][gc,phases   ] GC(76) Pause Mark End 0.024ms
[49.117s][info][gc,phases   ] GC(76) Concurrent Mark Free 0.001ms
[49.132s][info][gc,phases   ] GC(76) Concurrent Process Non-Strong References 14.346ms
[49.132s][info][gc,phases   ] GC(76) Concurrent Reset Relocation Set 0.096ms
[49.145s][info][gc,phases   ] GC(76) Concurrent Select Relocation Set 12.644ms
[49.145s][info][gc,phases   ] GC(76) Pause Relocate Start 0.009ms
[49.167s][info][gc,phases   ] GC(76) Concurrent Relocate 21.447ms
[49.167s][info][gc,load     ] GC(76) Load: 0.00/0.00/0.00
[49.167s][info][gc,mmu      ] GC(76) MMU: 2ms/97.9%, 5ms/99.2%, 10ms/99.6%, 20ms/99.8%, 50ms/99.9%, 100ms/99.9%
[49.167s][info][gc,marking  ] GC(76) Mark: 2 stripe(s), 3 proactive flush(es), 1 terminate flush(es), 0 completion(s), 0 continuation(s) 
[49.167s][info][gc,marking  ] GC(76) Mark Stack Usage: 32M
[49.167s][info][gc,nmethod  ] GC(76) NMethods: 5573 registered, 4431 unregistered
[49.167s][info][gc,metaspace] GC(76) Metaspace: 71M used, 71M committed, 1088M reserved
[49.167s][info][gc,ref      ] GC(76) Soft: 3829 encountered, 0 discovered, 0 enqueued
[49.167s][info][gc,ref      ] GC(76) Weak: 10520 encountered, 1474 discovered, 85 enqueued
[49.167s][info][gc,ref      ] GC(76) Final: 289 encountered, 0 discovered, 0 enqueued
[49.167s][info][gc,ref      ] GC(76) Phantom: 422 encountered, 287 discovered, 0 enqueued
[49.167s][info][gc,reloc    ] GC(76) Small Pages: 1486 / 2972M, Empty: 2210M, Relocated: 8M, In-Place: 0
[49.167s][info][gc,reloc    ] GC(76) Medium Pages: 0 / 0M, Empty: 0M, Relocated: 0M, In-Place: 0
[49.167s][info][gc,reloc    ] GC(76) Large Pages: 0 / 0M, Empty: 0M, Relocated: 0M, In-Place: 0
[49.167s][info][gc,reloc    ] GC(76) Forwarding Usage: 3M
[49.167s][info][gc,heap     ] GC(76) Min Capacity: 8M(0%)
[49.167s][info][gc,heap     ] GC(76) Max Capacity: 4096M(100%)
[49.167s][info][gc,heap     ] GC(76) Soft Max Capacity: 4096M(100%)
[49.167s][info][gc,heap     ] GC(76)                Mark Start          Mark End        Relocate Start      Relocate End           High               Low         
[49.167s][info][gc,heap     ] GC(76)  Capacity:     3710M (91%)        3710M (91%)        3710M (91%)        3710M (91%)        3710M (91%)        3710M (91%)    
[49.167s][info][gc,heap     ] GC(76)      Free:     1124M (27%)         696M (17%)        2780M (68%)        3380M (83%)        3440M (84%)         632M (15%)    
[49.167s][info][gc,heap     ] GC(76)      Used:     2972M (73%)        3400M (83%)        1316M (32%)         716M (17%)        3464M (85%)         656M (16%)    
[49.167s][info][gc,heap     ] GC(76)      Live:         -                51M (1%)           51M (1%)           51M (1%)             -                  -          
[49.167s][info][gc,heap     ] GC(76) Allocated:         -               428M (10%)         554M (14%)         652M (16%)            -                  -          
[49.167s][info][gc,heap     ] GC(76)   Garbage:         -              2920M (71%)         710M (17%)          11M (0%)             -                  -          
[49.167s][info][gc,heap     ] GC(76) Reclaimed:         -                  -              2210M (54%)        2908M (71%)            -                  -          
[49.167s][info][gc          ] GC(76) Garbage Collection (Allocation Rate) 2972M(73%)->716M(17%)
[49.636s][info][gc,start    ] GC(77) Garbage Collection (Allocation Rate)
[49.636s][info][gc,task     ] GC(77) Using 2 workers
[49.636s][info][gc,phases   ] GC(77) Pause Mark Start 0.011ms
[49.707s][info][gc,phases   ] GC(77) Concurrent Mark 70.542ms
[49.707s][info][gc,phases   ] GC(77) Pause Mark End 0.020ms
[49.707s][info][gc,phases   ] GC(77) Concurrent Mark Free 0.001ms
[49.716s][info][gc,phases   ] GC(77) Concurrent Process Non-Strong References 8.637ms
[49.716s][info][gc,phases   ] GC(77) Concurrent Reset Relocation Set 0.056ms
[49.721s][info][gc,phases   ] GC(77) Concurrent Select Relocation Set 4.957ms
[49.721s][info][gc,phases   ] GC(77) Pause Relocate Start 0.008ms
[49.733s][info][gc,phases   ] GC(77) Concurrent Relocate 11.863ms
[49.733s][info][gc,load     ] GC(77) Load: 0.00/0.00/0.00
[49.733s][info][gc,mmu      ] GC(77) MMU: 2ms/97.9%, 5ms/99.2%, 10ms/99.6%, 20ms/99.8%, 50ms/99.9%, 100ms/99.9%
[49.733s][info][gc,marking  ] GC(77) Mark: 2 stripe(s), 2 proactive flush(es), 1 terminate flush(es), 0 completion(s), 0 continuation(s) 
[49.733s][info][gc,marking  ] GC(77) Mark Stack Usage: 32M
[49.733s][info][gc,nmethod  ] GC(77) NMethods: 5575 registered, 4433 unregistered
[49.733s][info][gc,metaspace] GC(77) Metaspace: 71M used, 71M committed, 1088M reserved
[49.733s][info][gc,ref      ] GC(77) Soft: 3829 encountered, 0 discovered, 0 enqueued
[49.733s][info][gc,ref      ] GC(77) Weak: 10012 encountered, 1193 discovered, 102 enqueued
[49.733s][info][gc,ref      ] GC(77) Final: 289 encountered, 22 discovered, 0 enqueued
[49.733s][info][gc,ref      ] GC(77) Phantom: 422 encountered, 201 discovered, 0 enqueued
[49.733s][info][gc,reloc    ] GC(77) Small Pages: 1379 / 2758M, Empty: 2062M, Relocated: 6M, In-Place: 0
[49.733s][info][gc,reloc    ] GC(77) Medium Pages: 0 / 0M, Empty: 0M, Relocated: 0M, In-Place: 0
[49.733s][info][gc,reloc    ] GC(77) Large Pages: 0 / 0M, Empty: 0M, Relocated: 0M, In-Place: 0
[49.733s][info][gc,reloc    ] GC(77) Forwarding Usage: 2M
[49.733s][info][gc,heap     ] GC(77) Min Capacity: 8M(0%)
[49.733s][info][gc,heap     ] GC(77) Max Capacity: 4096M(100%)
[49.733s][info][gc,heap     ] GC(77) Soft Max Capacity: 4096M(100%)
[49.733s][info][gc,heap     ] GC(77)                Mark Start          Mark End        Relocate Start      Relocate End           High               Low         
[49.733s][info][gc,heap     ] GC(77)  Capacity:     3710M (91%)        3710M (91%)        3710M (91%)        3710M (91%)        3710M (91%)        3710M (91%)    
[49.733s][info][gc,heap     ] GC(77)      Free:     1338M (33%)        1074M (26%)        3096M (76%)        3692M (90%)        3702M (90%)        1050M (26%)    
[49.733s][info][gc,heap     ] GC(77)      Used:     2758M (67%)        3022M (74%)        1000M (24%)         404M (10%)        3046M (74%)         394M (10%)    
[49.733s][info][gc,heap     ] GC(77)      Live:         -                50M (1%)           50M (1%)           50M (1%)             -                  -          
[49.733s][info][gc,heap     ] GC(77) Allocated:         -               264M (6%)          304M (7%)          343M (8%)             -                  -          
[49.733s][info][gc,heap     ] GC(77)   Garbage:         -              2707M (66%)         645M (16%)          10M (0%)             -                  -          
[49.733s][info][gc,heap     ] GC(77) Reclaimed:         -                  -              2062M (50%)        2697M (66%)            -                  -          
[49.733s][info][gc          ] GC(77) Garbage Collection (Allocation Rate) 2758M(67%)->404M(10%)
[50.136s][info][gc,stats    ] === Garbage Collection Statistics =======================================================================================================================
[50.136s][info][gc,stats    ]                                                              Last 10s              Last 10m              Last 10h                Total
[50.136s][info][gc,stats    ]                                                              Avg / Max             Avg / Max             Avg / Max             Avg / Max
[50.136s][info][gc,stats    ]   Collector: Garbage Collection Cycle                    102.582 / 147.024     126.115 / 551.271     126.115 / 551.271     126.115 / 551.271     ms
[50.136s][info][gc,stats    ]  Contention: Mark Segment Reset Contention                     5 / 36                4 / 36                4 / 36                4 / 36          ops/s
[50.136s][info][gc,stats    ]  Contention: Mark SeqNum Reset Contention                      0 / 2                 0 / 7                 0 / 7                 0 / 7           ops/s
[50.136s][info][gc,stats    ]    Critical: Allocation Stall                                  0 / 0                 0 / 0                 0 / 0                 0 / 0           ops/s
[50.136s][info][gc,stats    ]    Critical: Allocation Stall                              0.000 / 0.000         0.000 / 0.000         0.000 / 0.000         0.000 / 0.000       ms
[50.136s][info][gc,stats    ]    Critical: GC Locker Stall                                   0 / 0                 0 / 0                 0 / 0                 0 / 0           ops/s
[50.136s][info][gc,stats    ]    Critical: GC Locker Stall                               0.000 / 0.000         0.000 / 0.000         0.000 / 0.000         0.000 / 0.000       ms
[50.136s][info][gc,stats    ]    Critical: Relocation Stall                                  0 / 0                 0 / 0                 0 / 0                 0 / 0           ops/s
[50.136s][info][gc,stats    ]    Critical: Relocation Stall                              0.000 / 0.000         0.000 / 0.000         0.000 / 0.000         0.000 / 0.000       ms
[50.136s][info][gc,stats    ]      Memory: Allocation Rate                                4352 / 5202           3269 / 5206           3269 / 5206           3269 / 5206        MB/s
[50.136s][info][gc,stats    ]      Memory: Defragment                                        0 / 0                 0 / 0                 0 / 0                 0 / 0           ops/s
[50.136s][info][gc,stats    ]      Memory: Out Of Memory                                     0 / 0                 0 / 0                 0 / 0                 0 / 0           ops/s
[50.136s][info][gc,stats    ]      Memory: Page Cache Flush                                  0 / 0                 0 / 0                 0 / 0                 0 / 0           MB/s
[50.136s][info][gc,stats    ]      Memory: Page Cache Hit L1                              2185 / 2609           1606 / 2620           1606 / 2620           1606 / 2620        ops/s
[50.136s][info][gc,stats    ]      Memory: Page Cache Hit L2                                 0 / 0                 0 / 0                 0 / 0                 0 / 0           ops/s
[50.136s][info][gc,stats    ]      Memory: Page Cache Hit L3                                 0 / 0                20 / 317              20 / 317              20 / 317         ops/s
[50.136s][info][gc,stats    ]      Memory: Page Cache Miss                                   0 / 0                16 / 308              16 / 308              16 / 308         ops/s
[50.136s][info][gc,stats    ]      Memory: Uncommit                                          0 / 0                 0 / 0                 0 / 0                 0 / 0           MB/s
[50.136s][info][gc,stats    ]      Memory: Undo Object Allocation Failed                     0 / 0                 0 / 6                 0 / 6                 0 / 6           ops/s
[50.136s][info][gc,stats    ]      Memory: Undo Object Allocation Succeeded                128 / 237             203 / 816             203 / 816             203 / 816         ops/s
[50.136s][info][gc,stats    ]      Memory: Undo Page Allocation                              2 / 7                14 / 227              14 / 227              14 / 227         ops/s
[50.136s][info][gc,stats    ]       Phase: Concurrent Mark                              67.077 / 98.531       74.468 / 422.516      74.468 / 422.516      74.468 / 422.516     ms
[50.136s][info][gc,stats    ]       Phase: Concurrent Mark Continue                      0.000 / 0.000         0.000 / 0.000         0.000 / 0.000         0.000 / 0.000       ms
[50.136s][info][gc,stats    ]       Phase: Concurrent Mark Free                          0.001 / 0.002         0.001 / 0.004         0.001 / 0.004         0.001 / 0.004       ms
[50.136s][info][gc,stats    ]       Phase: Concurrent Process Non-Strong References     11.860 / 38.888       25.496 / 434.483      25.496 / 434.483      25.496 / 434.483     ms
[50.136s][info][gc,stats    ]       Phase: Concurrent Relocate                          12.110 / 21.447       10.600 / 27.336       10.600 / 27.336       10.600 / 27.336      ms
[50.136s][info][gc,stats    ]       Phase: Concurrent Reset Relocation Set               0.068 / 0.096         0.064 / 0.138         0.064 / 0.138         0.064 / 0.138       ms
[50.136s][info][gc,stats    ]       Phase: Concurrent Select Relocation Set              6.936 / 12.644        8.330 / 43.053        8.330 / 43.053        8.330 / 43.053      ms
[50.136s][info][gc,stats    ]       Phase: Pause Mark End                                0.025 / 0.031         0.025 / 0.042         0.025 / 0.042         0.025 / 0.042       ms
[50.136s][info][gc,stats    ]       Phase: Pause Mark Start                              0.011 / 0.014         0.011 / 0.017         0.011 / 0.017         0.011 / 0.017       ms
[50.136s][info][gc,stats    ]       Phase: Pause Relocate Start                          0.009 / 0.011         0.009 / 0.011         0.009 / 0.011         0.009 / 0.011       ms
[50.136s][info][gc,stats    ]    Subphase: Concurrent Classes Purge                      1.519 / 18.627        0.733 / 18.627        0.733 / 18.627        0.733 / 18.627      ms
[50.136s][info][gc,stats    ]    Subphase: Concurrent Classes Unlink                     8.189 / 17.611       19.648 / 432.052      19.648 / 432.052      19.648 / 432.052     ms
[50.136s][info][gc,stats    ]    Subphase: Concurrent Mark                              41.148 / 93.425       44.545 / 409.811      44.545 / 409.811      44.545 / 409.811     ms
[50.136s][info][gc,stats    ]    Subphase: Concurrent Mark Try Flush                     0.575 / 3.178         2.988 / 307.885       2.988 / 307.885       2.988 / 307.885     ms
[50.136s][info][gc,stats    ]    Subphase: Concurrent Mark Try Terminate                 1.636 / 7.115         1.752 / 44.933        1.752 / 44.933        1.752 / 44.933      ms
[50.136s][info][gc,stats    ]    Subphase: Concurrent References Enqueue                 0.003 / 0.007         0.003 / 0.011         0.003 / 0.011         0.003 / 0.011       ms
[50.136s][info][gc,stats    ]    Subphase: Concurrent References Process                 0.299 / 0.623         0.362 / 2.321         0.362 / 2.321         0.362 / 2.321       ms
[50.136s][info][gc,stats    ]    Subphase: Concurrent Roots ClassLoaderDataGraph         0.121 / 0.514         0.134 / 2.952         0.134 / 2.952         0.134 / 2.952       ms
[50.136s][info][gc,stats    ]    Subphase: Concurrent Roots CodeCache                    0.000 / 0.000         0.000 / 0.000         0.000 / 0.000         0.000 / 0.000       ms
[50.136s][info][gc,stats    ]    Subphase: Concurrent Roots JavaThreads                  4.207 / 10.609        6.695 / 24.476        6.695 / 24.476        6.695 / 24.476      ms
[50.136s][info][gc,stats    ]    Subphase: Concurrent Roots OopStorageSet                0.054 / 0.134         0.147 / 2.435         0.147 / 2.435         0.147 / 2.435       ms
[50.136s][info][gc,stats    ]    Subphase: Concurrent Weak Roots OopStorageSet           0.790 / 2.210         0.680 / 2.210         0.680 / 2.210         0.680 / 2.210       ms
[50.136s][info][gc,stats    ]    Subphase: Pause Mark Try Complete                       0.000 / 0.000         0.001 / 0.002         0.001 / 0.002         0.001 / 0.002       ms
[50.136s][info][gc,stats    ]      System: Java Threads                                    192 / 205             177 / 205             177 / 205             177 / 205         threads
[50.136s][info][gc,stats    ] =========================================================================================================================================================
[50.236s][info][gc,start    ] GC(78) Garbage Collection (Allocation Rate)
[50.236s][info][gc,task     ] GC(78) Using 1 workers
[50.236s][info][gc,phases   ] GC(78) Pause Mark Start 0.010ms
[50.335s][info][gc,phases   ] GC(78) Concurrent Mark 98.838ms
[50.335s][info][gc,phases   ] GC(78) Pause Mark End 0.021ms
[50.335s][info][gc,phases   ] GC(78) Concurrent Mark Free 0.001ms
[50.349s][info][gc,phases   ] GC(78) Concurrent Process Non-Strong References 13.644ms
[50.349s][info][gc,phases   ] GC(78) Concurrent Reset Relocation Set 0.039ms
[50.352s][info][gc,phases   ] GC(78) Concurrent Select Relocation Set 2.909ms
[50.352s][info][gc,phases   ] GC(78) Pause Relocate Start 0.008ms
[50.356s][info][gc,phases   ] GC(78) Concurrent Relocate 4.579ms
[50.357s][info][gc,load     ] GC(78) Load: 0.00/0.00/0.00
[50.357s][info][gc,mmu      ] GC(78) MMU: 2ms/97.9%, 5ms/99.2%, 10ms/99.6%, 20ms/99.8%, 50ms/99.9%, 100ms/99.9%
[50.357s][info][gc,marking  ] GC(78) Mark: 1 stripe(s), 2 proactive flush(es), 1 terminate flush(es), 0 completion(s), 0 continuation(s) 
[50.357s][info][gc,marking  ] GC(78) Mark Stack Usage: 32M
[50.357s][info][gc,nmethod  ] GC(78) NMethods: 5481 registered, 4531 unregistered
[50.357s][info][gc,metaspace] GC(78) Metaspace: 71M used, 71M committed, 1088M reserved
[50.357s][info][gc,ref      ] GC(78) Soft: 3829 encountered, 0 discovered, 0 enqueued
[50.357s][info][gc,ref      ] GC(78) Weak: 9600 encountered, 1014 discovered, 79 enqueued
[50.357s][info][gc,ref      ] GC(78) Final: 289 encountered, 96 discovered, 0 enqueued
[50.357s][info][gc,ref      ] GC(78) Phantom: 422 encountered, 299 discovered, 0 enqueued
[50.357s][info][gc,reloc    ] GC(78) Small Pages: 748 / 1496M, Empty: 1162M, Relocated: 3M, In-Place: 0
[50.357s][info][gc,reloc    ] GC(78) Medium Pages: 0 / 0M, Empty: 0M, Relocated: 0M, In-Place: 0
[50.357s][info][gc,reloc    ] GC(78) Large Pages: 0 / 0M, Empty: 0M, Relocated: 0M, In-Place: 0
[50.357s][info][gc,reloc    ] GC(78) Forwarding Usage: 1M
[50.357s][info][gc,heap     ] GC(78) Min Capacity: 8M(0%)
[50.357s][info][gc,heap     ] GC(78) Max Capacity: 4096M(100%)
[50.357s][info][gc,heap     ] GC(78) Soft Max Capacity: 4096M(100%)
[50.357s][info][gc,heap     ] GC(78)                Mark Start          Mark End        Relocate Start      Relocate End           High               Low         
[50.357s][info][gc,heap     ] GC(78)  Capacity:     3710M (91%)        3710M (91%)        3710M (91%)        3710M (91%)        3710M (91%)        3710M (91%)    
[50.357s][info][gc,heap     ] GC(78)      Free:     2600M (63%)        2416M (59%)        3550M (87%)        3800M (93%)        3808M (93%)        2394M (58%)    
[50.357s][info][gc,heap     ] GC(78)      Used:     1496M (37%)        1680M (41%)         546M (13%)         296M (7%)         1702M (42%)         288M (7%)     
[50.357s][info][gc,heap     ] GC(78)      Live:         -                49M (1%)           49M (1%)           49M (1%)             -                  -          
[50.357s][info][gc,heap     ] GC(78) Allocated:         -               184M (4%)          212M (5%)          235M (6%)             -                  -          
[50.357s][info][gc,heap     ] GC(78)   Garbage:         -              1446M (35%)         284M (7%)           11M (0%)             -                  -          
[50.357s][info][gc,heap     ] GC(78) Reclaimed:         -                  -              1162M (28%)        1435M (35%)            -                  -          
[50.357s][info][gc          ] GC(78) Garbage Collection (Allocation Rate) 1496M(37%)->296M(7%)
[50.436s][info][gc,start    ] GC(79) Garbage Collection (Allocation Rate)
[50.436s][info][gc,task     ] GC(79) Using 6 workers
[50.436s][info][gc,phases   ] GC(79) Pause Mark Start 0.010ms
[50.457s][info][gc,phases   ] GC(79) Concurrent Mark 20.680ms
[50.457s][info][gc,phases   ] GC(79) Pause Mark End 0.022ms
[50.457s][info][gc,phases   ] GC(79) Concurrent Mark Free 0.001ms
[50.459s][info][gc,phases   ] GC(79) Concurrent Process Non-Strong References 2.435ms
[50.459s][info][gc,phases   ] GC(79) Concurrent Reset Relocation Set 0.015ms
[50.462s][info][gc,phases   ] GC(79) Concurrent Select Relocation Set 2.406ms
[50.462s][info][gc,phases   ] GC(79) Pause Relocate Start 0.006ms
[50.463s][info][gc,phases   ] GC(79) Concurrent Relocate 1.200ms
[50.463s][info][gc,load     ] GC(79) Load: 0.00/0.00/0.00
[50.463s][info][gc,mmu      ] GC(79) MMU: 2ms/97.9%, 5ms/99.2%, 10ms/99.6%, 20ms/99.8%, 50ms/99.9%, 100ms/99.9%
[50.463s][info][gc,marking  ] GC(79) Mark: 4 stripe(s), 2 proactive flush(es), 1 terminate flush(es), 0 completion(s), 0 continuation(s) 
[50.463s][info][gc,marking  ] GC(79) Mark Stack Usage: 32M
[50.463s][info][gc,nmethod  ] GC(79) NMethods: 5481 registered, 4531 unregistered
[50.463s][info][gc,metaspace] GC(79) Metaspace: 71M used, 71M committed, 1088M reserved
[50.463s][info][gc,ref      ] GC(79) Soft: 3829 encountered, 0 discovered, 0 enqueued
[50.463s][info][gc,ref      ] GC(79) Weak: 9521 encountered, 1818 discovered, 0 enqueued
[50.463s][info][gc,ref      ] GC(79) Final: 289 encountered, 23 discovered, 0 enqueued
[50.463s][info][gc,ref      ] GC(79) Phantom: 422 encountered, 218 discovered, 0 enqueued
[50.463s][info][gc,reloc    ] GC(79) Small Pages: 211 / 422M, Empty: 226M, Relocated: 1M, In-Place: 0
[50.463s][info][gc,reloc    ] GC(79) Medium Pages: 0 / 0M, Empty: 0M, Relocated: 0M, In-Place: 0
[50.463s][info][gc,reloc    ] GC(79) Large Pages: 0 / 0M, Empty: 0M, Relocated: 0M, In-Place: 0
[50.463s][info][gc,reloc    ] GC(79) Forwarding Usage: 0M
[50.463s][info][gc,heap     ] GC(79) Min Capacity: 8M(0%)
[50.463s][info][gc,heap     ] GC(79) Max Capacity: 4096M(100%)
[50.463s][info][gc,heap     ] GC(79) Soft Max Capacity: 4096M(100%)
[50.463s][info][gc,heap     ] GC(79)                Mark Start          Mark End        Relocate Start      Relocate End           High               Low         
[50.463s][info][gc,heap     ] GC(79)  Capacity:     3710M (91%)        3710M (91%)        3710M (91%)        3710M (91%)        3710M (91%)        3710M (91%)    
[50.463s][info][gc,heap     ] GC(79)      Free:     3674M (90%)        3618M (88%)        3842M (94%)        3966M (97%)        3966M (97%)        3618M (88%)    
[50.463s][info][gc,heap     ] GC(79)      Used:      422M (10%)         478M (12%)         254M (6%)          130M (3%)          478M (12%)         130M (3%)     
[50.463s][info][gc,heap     ] GC(79)      Live:         -                49M (1%)           49M (1%)           49M (1%)             -                  -          
[50.463s][info][gc,heap     ] GC(79) Allocated:         -                56M (1%)           58M (1%)           59M (1%)             -                  -          
[50.463s][info][gc,heap     ] GC(79)   Garbage:         -               372M (9%)          146M (4%)           20M (1%)             -                  -          
[50.463s][info][gc,heap     ] GC(79) Reclaimed:         -                  -               226M (6%)          351M (9%)             -                  -          
[50.463s][info][gc          ] GC(79) Garbage Collection (Allocation Rate) 422M(10%)->130M(3%)
[51.708s][info][gc,start    ] GC(80) Garbage Collection (System.gc())
[51.709s][info][gc,task     ] GC(80) Using 12 workers
[51.709s][info][gc,phases   ] GC(80) Pause Mark Start 0.015ms
[51.732s][info][gc,phases   ] GC(80) Concurrent Mark 23.366ms
[51.733s][info][gc,phases   ] GC(80) Pause Mark End 0.020ms
[51.733s][info][gc,phases   ] GC(80) Concurrent Mark Free 0.001ms
[51.738s][info][gc,phases   ] GC(80) Concurrent Process Non-Strong References 5.491ms
[51.738s][info][gc,phases   ] GC(80) Concurrent Reset Relocation Set 0.009ms
[51.741s][info][gc,phases   ] GC(80) Concurrent Select Relocation Set 3.057ms
[51.741s][info][gc,phases   ] GC(80) Pause Relocate Start 0.006ms
[51.743s][info][gc,phases   ] GC(80) Concurrent Relocate 1.840ms
[51.743s][info][gc,load     ] GC(80) Load: 0.00/0.00/0.00
[51.743s][info][gc,mmu      ] GC(80) MMU: 2ms/97.9%, 5ms/99.2%, 10ms/99.6%, 20ms/99.8%, 50ms/99.9%, 100ms/99.9%
[51.743s][info][gc,marking  ] GC(80) Mark: 8 stripe(s), 3 proactive flush(es), 1 terminate flush(es), 0 completion(s), 0 continuation(s) 
[51.743s][info][gc,marking  ] GC(80) Mark Stack Usage: 32M
[51.743s][info][gc,nmethod  ] GC(80) NMethods: 4908 registered, 5222 unregistered
[51.743s][info][gc,metaspace] GC(80) Metaspace: 71M used, 71M committed, 1088M reserved
[51.743s][info][gc,ref      ] GC(80) Soft: 3829 encountered, 0 discovered, 0 enqueued
[51.743s][info][gc,ref      ] GC(80) Weak: 9561 encountered, 1004 discovered, 43 enqueued
[51.743s][info][gc,ref      ] GC(80) Final: 289 encountered, 15 discovered, 0 enqueued
[51.743s][info][gc,ref      ] GC(80) Phantom: 422 encountered, 289 discovered, 0 enqueued
[51.743s][info][gc,reloc    ] GC(80) Small Pages: 993 / 1986M, Empty: 1784M, Relocated: 3M, In-Place: 0
[51.743s][info][gc,reloc    ] GC(80) Medium Pages: 0 / 0M, Empty: 0M, Relocated: 0M, In-Place: 0
[51.743s][info][gc,reloc    ] GC(80) Large Pages: 0 / 0M, Empty: 0M, Relocated: 0M, In-Place: 0
[51.743s][info][gc,reloc    ] GC(80) Forwarding Usage: 0M
[51.743s][info][gc,heap     ] GC(80) Min Capacity: 8M(0%)
[51.743s][info][gc,heap     ] GC(80) Max Capacity: 4096M(100%)
[51.743s][info][gc,heap     ] GC(80) Soft Max Capacity: 4096M(100%)
[51.743s][info][gc,heap     ] GC(80)                Mark Start          Mark End        Relocate Start      Relocate End           High               Low         
[51.743s][info][gc,heap     ] GC(80)  Capacity:     3710M (91%)        3710M (91%)        3710M (91%)        3710M (91%)        3710M (91%)        3710M (91%)    
[51.743s][info][gc,heap     ] GC(80)      Free:     2110M (52%)        2042M (50%)        3826M (93%)        3948M (96%)        3948M (96%)        2042M (50%)    
[51.743s][info][gc,heap     ] GC(80)      Used:     1986M (48%)        2054M (50%)         270M (7%)          148M (4%)         2054M (50%)         148M (4%)     
[51.743s][info][gc,heap     ] GC(80)      Live:         -                49M (1%)           49M (1%)           49M (1%)             -                  -          
[51.743s][info][gc,heap     ] GC(80) Allocated:         -                68M (2%)           68M (2%)           68M (2%)             -                  -          
[51.743s][info][gc,heap     ] GC(80)   Garbage:         -              1936M (47%)         152M (4%)           30M (1%)             -                  -          
[51.743s][info][gc,heap     ] GC(80) Reclaimed:         -                  -              1784M (44%)        1906M (47%)            -                  -          
[51.744s][info][gc          ] GC(80) Garbage Collection (System.gc()) 1986M(48%)->148M(4%)
[52.335s][info][gc,start    ] GC(81) Garbage Collection (Allocation Rate)
[52.336s][info][gc,task     ] GC(81) Using 12 workers
[52.336s][info][gc,phases   ] GC(81) Pause Mark Start 0.011ms
[52.358s][info][gc,phases   ] GC(81) Concurrent Mark 22.087ms
[52.359s][info][gc,phases   ] GC(81) Pause Mark End 0.031ms
[52.360s][info][gc,phases   ] GC(81) Concurrent Mark Free 0.001ms
[52.362s][info][gc,phases   ] GC(81) Concurrent Process Non-Strong References 2.675ms
[52.362s][info][gc,phases   ] GC(81) Concurrent Reset Relocation Set 0.018ms
[52.370s][info][gc,phases   ] GC(81) Concurrent Select Relocation Set 7.662ms
[52.370s][info][gc,phases   ] GC(81) Pause Relocate Start 0.008ms
[52.376s][info][gc,phases   ] GC(81) Concurrent Relocate 5.414ms
[52.376s][info][gc,load     ] GC(81) Load: 0.00/0.00/0.00
[52.376s][info][gc,mmu      ] GC(81) MMU: 2ms/97.9%, 5ms/99.2%, 10ms/99.6%, 20ms/99.8%, 50ms/99.9%, 100ms/99.9%
[52.376s][info][gc,marking  ] GC(81) Mark: 8 stripe(s), 3 proactive flush(es), 1 terminate flush(es), 0 completion(s), 0 continuation(s) 
[52.376s][info][gc,marking  ] GC(81) Mark Stack Usage: 32M
[52.376s][info][gc,nmethod  ] GC(81) NMethods: 5074 registered, 31 unregistered
[52.376s][info][gc,metaspace] GC(81) Metaspace: 71M used, 72M committed, 1088M reserved
[52.376s][info][gc,ref      ] GC(81) Soft: 3829 encountered, 0 discovered, 0 enqueued
[52.376s][info][gc,ref      ] GC(81) Weak: 10990 encountered, 1838 discovered, 1 enqueued
[52.376s][info][gc,ref      ] GC(81) Final: 289 encountered, 21 discovered, 0 enqueued
[52.376s][info][gc,ref      ] GC(81) Phantom: 423 encountered, 210 discovered, 1 enqueued
[52.376s][info][gc,reloc    ] GC(81) Small Pages: 1500 / 3000M, Empty: 2280M, Relocated: 6M, In-Place: 0
[52.376s][info][gc,reloc    ] GC(81) Medium Pages: 0 / 0M, Empty: 0M, Relocated: 0M, In-Place: 0
[52.376s][info][gc,reloc    ] GC(81) Large Pages: 0 / 0M, Empty: 0M, Relocated: 0M, In-Place: 0
[52.376s][info][gc,reloc    ] GC(81) Forwarding Usage: 3M
[52.376s][info][gc,heap     ] GC(81) Min Capacity: 8M(0%)
[52.376s][info][gc,heap     ] GC(81) Max Capacity: 4096M(100%)
[52.376s][info][gc,heap     ] GC(81) Soft Max Capacity: 4096M(100%)
[52.376s][info][gc,heap     ] GC(81)                Mark Start          Mark End        Relocate Start      Relocate End           High               Low         
[52.376s][info][gc,heap     ] GC(81)  Capacity:     3710M (91%)        3710M (91%)        3710M (91%)        3710M (91%)        3710M (91%)        3710M (91%)    
[52.376s][info][gc,heap     ] GC(81)      Free:     1096M (27%)         942M (23%)        3184M (78%)        3798M (93%)        3804M (93%)         930M (23%)    
[52.376s][info][gc,heap     ] GC(81)      Used:     3000M (73%)        3154M (77%)         912M (22%)         298M (7%)         3166M (77%)         292M (7%)     
[52.376s][info][gc,heap     ] GC(81)      Live:         -                53M (1%)           53M (1%)           53M (1%)             -                  -          
[52.376s][info][gc,heap     ] GC(81) Allocated:         -               154M (4%)          192M (5%)          215M (5%)             -                  -          
[52.376s][info][gc,heap     ] GC(81)   Garbage:         -              2946M (72%)         666M (16%)          29M (1%)             -                  -          
[52.376s][info][gc,heap     ] GC(81) Reclaimed:         -                  -              2280M (56%)        2917M (71%)            -                  -          
[52.377s][info][gc          ] GC(81) Garbage Collection (Allocation Rate) 3000M(73%)->298M(7%)
[52.836s][info][gc,start    ] GC(82) Garbage Collection (Allocation Rate)
[52.836s][info][gc,task     ] GC(82) Using 12 workers
[52.836s][info][gc,phases   ] GC(82) Pause Mark Start 0.010ms
[52.859s][info][gc,phases   ] GC(82) Concurrent Mark 22.340ms
[52.859s][info][gc,phases   ] GC(82) Pause Mark End 0.029ms
[52.860s][info][gc,phases   ] GC(82) Concurrent Mark Free 0.002ms
[52.862s][info][gc,phases   ] GC(82) Concurrent Process Non-Strong References 2.264ms
[52.862s][info][gc,phases   ] GC(82) Concurrent Reset Relocation Set 0.101ms
[52.870s][info][gc,phases   ] GC(82) Concurrent Select Relocation Set 7.282ms
[52.870s][info][gc,phases   ] GC(82) Pause Relocate Start 0.008ms
[52.874s][info][gc,phases   ] GC(82) Concurrent Relocate 3.236ms
[52.874s][info][gc,load     ] GC(82) Load: 0.00/0.00/0.00
[52.874s][info][gc,mmu      ] GC(82) MMU: 2ms/97.9%, 5ms/99.2%, 10ms/99.6%, 20ms/99.8%, 50ms/99.9%, 100ms/99.9%
[52.874s][info][gc,marking  ] GC(82) Mark: 8 stripe(s), 3 proactive flush(es), 1 terminate flush(es), 0 completion(s), 0 continuation(s) 
[52.874s][info][gc,marking  ] GC(82) Mark Stack Usage: 32M
[52.874s][info][gc,nmethod  ] GC(82) NMethods: 5074 registered, 31 unregistered
[52.874s][info][gc,metaspace] GC(82) Metaspace: 71M used, 72M committed, 1088M reserved
[52.874s][info][gc,ref      ] GC(82) Soft: 3829 encountered, 0 discovered, 0 enqueued
[52.874s][info][gc,ref      ] GC(82) Weak: 10989 encountered, 1753 discovered, 0 enqueued
[52.874s][info][gc,ref      ] GC(82) Final: 289 encountered, 16 discovered, 0 enqueued
[52.874s][info][gc,ref      ] GC(82) Phantom: 422 encountered, 238 discovered, 0 enqueued
[52.874s][info][gc,reloc    ] GC(82) Small Pages: 1304 / 2608M, Empty: 1926M, Relocated: 5M, In-Place: 0
[52.874s][info][gc,reloc    ] GC(82) Medium Pages: 0 / 0M, Empty: 0M, Relocated: 0M, In-Place: 0
[52.874s][info][gc,reloc    ] GC(82) Large Pages: 0 / 0M, Empty: 0M, Relocated: 0M, In-Place: 0
[52.874s][info][gc,reloc    ] GC(82) Forwarding Usage: 2M
[52.874s][info][gc,heap     ] GC(82) Min Capacity: 8M(0%)
[52.874s][info][gc,heap     ] GC(82) Max Capacity: 4096M(100%)
[52.874s][info][gc,heap     ] GC(82) Soft Max Capacity: 4096M(100%)
[52.874s][info][gc,heap     ] GC(82)                Mark Start          Mark End        Relocate Start      Relocate End           High               Low         
[52.874s][info][gc,heap     ] GC(82)  Capacity:     3710M (91%)        3710M (91%)        3710M (91%)        3710M (91%)        3710M (91%)        3710M (91%)    
[52.874s][info][gc,heap     ] GC(82)      Free:     1488M (36%)        1336M (33%)        3216M (79%)        3804M (93%)        3804M (93%)        1322M (32%)    
[52.874s][info][gc,heap     ] GC(82)      Used:     2608M (64%)        2760M (67%)         880M (21%)         292M (7%)         2774M (68%)         292M (7%)     
[52.874s][info][gc,heap     ] GC(82)      Live:         -                53M (1%)           53M (1%)           53M (1%)             -                  -          
[52.874s][info][gc,heap     ] GC(82) Allocated:         -               152M (4%)          198M (5%)          207M (5%)             -                  -          
[52.874s][info][gc,heap     ] GC(82)   Garbage:         -              2554M (62%)         628M (15%)          31M (1%)             -                  -          
[52.874s][info][gc,heap     ] GC(82) Reclaimed:         -                  -              1926M (47%)        2523M (62%)            -                  -          
[52.874s][info][gc          ] GC(82) Garbage Collection (Allocation Rate) 2608M(64%)->292M(7%)
[53.235s][info][gc,start    ] GC(83) Garbage Collection (Allocation Rate)
[53.326s][info][gc,task     ] GC(83) Using 3 workers
[53.327s][info][gc,phases   ] GC(83) Pause Mark Start 0.011ms
[53.390s][info][gc,phases   ] GC(83) Concurrent Mark 62.548ms
[53.390s][info][gc,phases   ] GC(83) Pause Mark End 0.024ms
[53.390s][info][gc,phases   ] GC(83) Concurrent Mark Free 0.002ms
[53.400s][info][gc,phases   ] GC(83) Concurrent Process Non-Strong References 9.636ms
[53.400s][info][gc,phases   ] GC(83) Concurrent Reset Relocation Set 0.075ms
[53.413s][info][gc,phases   ] GC(83) Concurrent Select Relocation Set 12.157ms
[53.413s][info][gc,phases   ] GC(83) Pause Relocate Start 0.009ms
[53.424s][info][gc,phases   ] GC(83) Concurrent Relocate 10.314ms
[53.424s][info][gc,load     ] GC(83) Load: 0.00/0.00/0.00
[53.424s][info][gc,mmu      ] GC(83) MMU: 2ms/97.9%, 5ms/99.2%, 10ms/99.6%, 20ms/99.8%, 50ms/99.9%, 100ms/99.9%
[53.424s][info][gc,marking  ] GC(83) Mark: 2 stripe(s), 2 proactive flush(es), 1 terminate flush(es), 0 completion(s), 0 continuation(s) 
[53.424s][info][gc,marking  ] GC(83) Mark Stack Usage: 32M
[53.424s][info][gc,nmethod  ] GC(83) NMethods: 5074 registered, 31 unregistered
[53.424s][info][gc,metaspace] GC(83) Metaspace: 71M used, 72M committed, 1088M reserved
[53.424s][info][gc,ref      ] GC(83) Soft: 3829 encountered, 0 discovered, 0 enqueued
[53.424s][info][gc,ref      ] GC(83) Weak: 10989 encountered, 808 discovered, 0 enqueued
[53.424s][info][gc,ref      ] GC(83) Final: 289 encountered, 7 discovered, 0 enqueued
[53.424s][info][gc,ref      ] GC(83) Phantom: 422 encountered, 204 discovered, 0 enqueued
[53.424s][info][gc,reloc    ] GC(83) Small Pages: 1273 / 2546M, Empty: 1934M, Relocated: 5M, In-Place: 0
[53.424s][info][gc,reloc    ] GC(83) Medium Pages: 0 / 0M, Empty: 0M, Relocated: 0M, In-Place: 0
[53.424s][info][gc,reloc    ] GC(83) Large Pages: 0 / 0M, Empty: 0M, Relocated: 0M, In-Place: 0
[53.424s][info][gc,reloc    ] GC(83) Forwarding Usage: 2M
[53.424s][info][gc,heap     ] GC(83) Min Capacity: 8M(0%)
[53.424s][info][gc,heap     ] GC(83) Max Capacity: 4096M(100%)
[53.424s][info][gc,heap     ] GC(83) Soft Max Capacity: 4096M(100%)
[53.424s][info][gc,heap     ] GC(83)                Mark Start          Mark End        Relocate Start      Relocate End           High               Low         
[53.424s][info][gc,heap     ] GC(83)  Capacity:     3710M (91%)        3710M (91%)        3710M (91%)        3710M (91%)        3710M (91%)        3710M (91%)    
[53.424s][info][gc,heap     ] GC(83)      Free:     1550M (38%)        1204M (29%)        3034M (74%)        3538M (86%)        3540M (86%)        1162M (28%)    
[53.424s][info][gc,heap     ] GC(83)      Used:     2546M (62%)        2892M (71%)        1062M (26%)         558M (14%)        2934M (72%)         556M (14%)    
[53.424s][info][gc,heap     ] GC(83)      Live:         -                53M (1%)           53M (1%)           53M (1%)             -                  -          
[53.424s][info][gc,heap     ] GC(83) Allocated:         -               346M (8%)          450M (11%)         490M (12%)            -                  -          
[53.424s][info][gc,heap     ] GC(83)   Garbage:         -              2492M (61%)         558M (14%)          13M (0%)             -                  -          
[53.424s][info][gc,heap     ] GC(83) Reclaimed:         -                  -              1934M (47%)        2478M (61%)            -                  -          
[53.424s][info][gc          ] GC(83) Garbage Collection (Allocation Rate) 2546M(62%)->558M(14%)
[53.835s][info][gc,start    ] GC(84) Garbage Collection (Allocation Rate)
[53.835s][info][gc,task     ] GC(84) Using 2 workers
[53.836s][info][gc,phases   ] GC(84) Pause Mark Start 0.011ms
[53.927s][info][gc,phases   ] GC(84) Concurrent Mark 91.059ms
[53.927s][info][gc,phases   ] GC(84) Pause Mark End 0.025ms
[53.929s][info][gc,phases   ] GC(84) Concurrent Mark Free 0.002ms
[53.941s][info][gc,phases   ] GC(84) Concurrent Process Non-Strong References 11.959ms
[53.941s][info][gc,phases   ] GC(84) Concurrent Reset Relocation Set 0.093ms
[53.949s][info][gc,phases   ] GC(84) Concurrent Select Relocation Set 7.488ms
[53.949s][info][gc,phases   ] GC(84) Pause Relocate Start 0.009ms
[53.967s][info][gc,phases   ] GC(84) Concurrent Relocate 16.988ms
[53.967s][info][gc,load     ] GC(84) Load: 0.00/0.00/0.00
[53.967s][info][gc,mmu      ] GC(84) MMU: 2ms/97.9%, 5ms/99.2%, 10ms/99.6%, 20ms/99.8%, 50ms/99.9%, 100ms/99.9%
[53.967s][info][gc,marking  ] GC(84) Mark: 2 stripe(s), 2 proactive flush(es), 1 terminate flush(es), 0 completion(s), 0 continuation(s) 
[53.967s][info][gc,marking  ] GC(84) Mark Stack Usage: 32M
[53.967s][info][gc,nmethod  ] GC(84) NMethods: 5075 registered, 31 unregistered
[53.967s][info][gc,metaspace] GC(84) Metaspace: 71M used, 72M committed, 1088M reserved
[53.967s][info][gc,ref      ] GC(84) Soft: 3829 encountered, 0 discovered, 0 enqueued
[53.967s][info][gc,ref      ] GC(84) Weak: 10989 encountered, 1437 discovered, 0 enqueued
[53.967s][info][gc,ref      ] GC(84) Final: 289 encountered, 0 discovered, 0 enqueued
[53.967s][info][gc,ref      ] GC(84) Phantom: 422 encountered, 239 discovered, 0 enqueued
[53.967s][info][gc,reloc    ] GC(84) Small Pages: 1325 / 2650M, Empty: 1922M, Relocated: 5M, In-Place: 0
[53.967s][info][gc,reloc    ] GC(84) Medium Pages: 0 / 0M, Empty: 0M, Relocated: 0M, In-Place: 0
[53.967s][info][gc,reloc    ] GC(84) Large Pages: 0 / 0M, Empty: 0M, Relocated: 0M, In-Place: 0
[53.967s][info][gc,reloc    ] GC(84) Forwarding Usage: 2M
[53.967s][info][gc,heap     ] GC(84) Min Capacity: 8M(0%)
[53.967s][info][gc,heap     ] GC(84) Max Capacity: 4096M(100%)
[53.967s][info][gc,heap     ] GC(84) Soft Max Capacity: 4096M(100%)
[53.967s][info][gc,heap     ] GC(84)                Mark Start          Mark End        Relocate Start      Relocate End           High               Low         
[53.967s][info][gc,heap     ] GC(84)  Capacity:     3710M (91%)        3710M (91%)        3710M (91%)        3710M (91%)        3710M (91%)        3710M (91%)    
[53.967s][info][gc,heap     ] GC(84)      Free:     1446M (35%)         970M (24%)        2790M (68%)        3378M (82%)        3404M (83%)         900M (22%)    
[53.967s][info][gc,heap     ] GC(84)      Used:     2650M (65%)        3126M (76%)        1306M (32%)         718M (18%)        3196M (78%)         692M (17%)    
[53.967s][info][gc,heap     ] GC(84)      Live:         -                53M (1%)           53M (1%)           53M (1%)             -                  -          
[53.967s][info][gc,heap     ] GC(84) Allocated:         -               476M (12%)         578M (14%)         650M (16%)            -                  -          
[53.967s][info][gc,heap     ] GC(84)   Garbage:         -              2596M (63%)         674M (16%)          13M (0%)             -                  -          
[53.967s][info][gc,heap     ] GC(84) Reclaimed:         -                  -              1922M (47%)        2582M (63%)            -                  -          
[53.967s][info][gc          ] GC(84) Garbage Collection (Allocation Rate) 2650M(65%)->718M(18%)
[54.336s][info][gc,start    ] GC(85) Garbage Collection (Allocation Rate)
[54.336s][info][gc,task     ] GC(85) Using 2 workers
[54.336s][info][gc,phases   ] GC(85) Pause Mark Start 0.010ms
[54.433s][info][gc,phases   ] GC(85) Concurrent Mark 96.994ms
[54.434s][info][gc,phases   ] GC(85) Pause Mark End 0.025ms
[54.434s][info][gc,phases   ] GC(85) Concurrent Mark Free 0.002ms
[54.446s][info][gc,phases   ] GC(85) Concurrent Process Non-Strong References 12.310ms
[54.447s][info][gc,phases   ] GC(85) Concurrent Reset Relocation Set 0.101ms
[54.460s][info][gc,phases   ] GC(85) Concurrent Select Relocation Set 12.965ms
[54.460s][info][gc,phases   ] GC(85) Pause Relocate Start 0.008ms
[54.484s][info][gc,phases   ] GC(85) Concurrent Relocate 24.274ms
[54.485s][info][gc,load     ] GC(85) Load: 0.00/0.00/0.00
[54.485s][info][gc,mmu      ] GC(85) MMU: 2ms/97.9%, 5ms/99.2%, 10ms/99.6%, 20ms/99.8%, 50ms/99.9%, 100ms/99.9%
[54.485s][info][gc,marking  ] GC(85) Mark: 2 stripe(s), 2 proactive flush(es), 1 terminate flush(es), 0 completion(s), 0 continuation(s) 
[54.485s][info][gc,marking  ] GC(85) Mark Stack Usage: 32M
[54.485s][info][gc,nmethod  ] GC(85) NMethods: 5076 registered, 31 unregistered
[54.485s][info][gc,metaspace] GC(85) Metaspace: 71M used, 72M committed, 1088M reserved
[54.485s][info][gc,ref      ] GC(85) Soft: 3829 encountered, 0 discovered, 0 enqueued
[54.485s][info][gc,ref      ] GC(85) Weak: 10943 encountered, 1913 discovered, 126 enqueued
[54.485s][info][gc,ref      ] GC(85) Final: 289 encountered, 0 discovered, 0 enqueued
[54.485s][info][gc,ref      ] GC(85) Phantom: 422 encountered, 200 discovered, 0 enqueued
[54.485s][info][gc,reloc    ] GC(85) Small Pages: 1288 / 2576M, Empty: 1998M, Relocated: 10M, In-Place: 0
[54.485s][info][gc,reloc    ] GC(85) Medium Pages: 0 / 0M, Empty: 0M, Relocated: 0M, In-Place: 0
[54.485s][info][gc,reloc    ] GC(85) Large Pages: 0 / 0M, Empty: 0M, Relocated: 0M, In-Place: 0
[54.485s][info][gc,reloc    ] GC(85) Forwarding Usage: 3M
[54.485s][info][gc,heap     ] GC(85) Min Capacity: 8M(0%)
[54.485s][info][gc,heap     ] GC(85) Max Capacity: 4096M(100%)
[54.485s][info][gc,heap     ] GC(85) Soft Max Capacity: 4096M(100%)
[54.485s][info][gc,heap     ] GC(85)                Mark Start          Mark End        Relocate Start      Relocate End           High               Low         
[54.485s][info][gc,heap     ] GC(85)  Capacity:     3710M (91%)        3710M (91%)        3710M (91%)        3710M (91%)        3710M (91%)        3710M (91%)    
[54.485s][info][gc,heap     ] GC(85)      Free:     1520M (37%)        1014M (25%)        2890M (71%)        3302M (81%)        3362M (82%)         950M (23%)    
[54.485s][info][gc,heap     ] GC(85)      Used:     2576M (63%)        3082M (75%)        1206M (29%)         794M (19%)        3146M (77%)         734M (18%)    
[54.485s][info][gc,heap     ] GC(85)      Live:         -                51M (1%)           51M (1%)           51M (1%)             -                  -          
[54.485s][info][gc,heap     ] GC(85) Allocated:         -               506M (12%)         628M (15%)         730M (18%)            -                  -          
[54.485s][info][gc,heap     ] GC(85)   Garbage:         -              2524M (62%)         526M (13%)          11M (0%)             -                  -          
[54.485s][info][gc,heap     ] GC(85) Reclaimed:         -                  -              1998M (49%)        2512M (61%)            -                  -          
[54.485s][info][gc          ] GC(85) Garbage Collection (Allocation Rate) 2576M(63%)->794M(19%)
[54.936s][info][gc,start    ] GC(86) Garbage Collection (Allocation Rate)
[54.936s][info][gc,task     ] GC(86) Using 2 workers
[54.936s][info][gc,phases   ] GC(86) Pause Mark Start 0.009ms
[55.029s][info][gc,phases   ] GC(86) Concurrent Mark 93.162ms
[55.030s][info][gc,phases   ] GC(86) Pause Mark End 0.028ms
[55.032s][info][gc,phases   ] GC(86) Concurrent Mark Free 0.002ms
[55.043s][info][gc,phases   ] GC(86) Concurrent Process Non-Strong References 11.370ms
[55.043s][info][gc,phases   ] GC(86) Concurrent Reset Relocation Set 0.063ms
[55.051s][info][gc,phases   ] GC(86) Concurrent Select Relocation Set 7.706ms
[55.051s][info][gc,phases   ] GC(86) Pause Relocate Start 0.009ms
[55.068s][info][gc,phases   ] GC(86) Concurrent Relocate 16.137ms
[55.068s][info][gc,load     ] GC(86) Load: 0.00/0.00/0.00
[55.068s][info][gc,mmu      ] GC(86) MMU: 2ms/97.9%, 5ms/99.2%, 10ms/99.6%, 20ms/99.8%, 50ms/99.9%, 100ms/99.9%
[55.068s][info][gc,marking  ] GC(86) Mark: 2 stripe(s), 2 proactive flush(es), 1 terminate flush(es), 0 completion(s), 0 continuation(s) 
[55.068s][info][gc,marking  ] GC(86) Mark Stack Usage: 32M
[55.068s][info][gc,nmethod  ] GC(86) NMethods: 5075 registered, 33 unregistered
[55.068s][info][gc,metaspace] GC(86) Metaspace: 71M used, 72M committed, 1088M reserved
[55.068s][info][gc,ref      ] GC(86) Soft: 3829 encountered, 0 discovered, 0 enqueued
[55.068s][info][gc,ref      ] GC(86) Weak: 10817 encountered, 1265 discovered, 0 enqueued
[55.068s][info][gc,ref      ] GC(86) Final: 289 encountered, 28 discovered, 0 enqueued
[55.068s][info][gc,ref      ] GC(86) Phantom: 422 encountered, 191 discovered, 0 enqueued
[55.068s][info][gc,reloc    ] GC(86) Small Pages: 1536 / 3072M, Empty: 2348M, Relocated: 6M, In-Place: 0
[55.068s][info][gc,reloc    ] GC(86) Medium Pages: 0 / 0M, Empty: 0M, Relocated: 0M, In-Place: 0
[55.068s][info][gc,reloc    ] GC(86) Large Pages: 0 / 0M, Empty: 0M, Relocated: 0M, In-Place: 0
[55.068s][info][gc,reloc    ] GC(86) Forwarding Usage: 2M
[55.068s][info][gc,heap     ] GC(86) Min Capacity: 8M(0%)
[55.068s][info][gc,heap     ] GC(86) Max Capacity: 4096M(100%)
[55.068s][info][gc,heap     ] GC(86) Soft Max Capacity: 4096M(100%)
[55.068s][info][gc,heap     ] GC(86)                Mark Start          Mark End        Relocate Start      Relocate End           High               Low         
[55.068s][info][gc,heap     ] GC(86)  Capacity:     3710M (91%)        3710M (91%)        3710M (91%)        3710M (91%)        3710M (91%)        3710M (91%)    
[55.068s][info][gc,heap     ] GC(86)      Free:     1024M (25%)         520M (13%)        2772M (68%)        3354M (82%)        3394M (83%)         456M (11%)    
[55.068s][info][gc,heap     ] GC(86)      Used:     3072M (75%)        3576M (87%)        1324M (32%)         742M (18%)        3640M (89%)         702M (17%)    
[55.068s][info][gc,heap     ] GC(86)      Live:         -                52M (1%)           52M (1%)           52M (1%)             -                  -          
[55.068s][info][gc,heap     ] GC(86) Allocated:         -               504M (12%)         600M (15%)         678M (17%)            -                  -          
[55.068s][info][gc,heap     ] GC(86)   Garbage:         -              3019M (74%)         671M (16%)          11M (0%)             -                  -          
[55.068s][info][gc,heap     ] GC(86) Reclaimed:         -                  -              2348M (57%)        3008M (73%)            -                  -          
[55.068s][info][gc          ] GC(86) Garbage Collection (Allocation Rate) 3072M(75%)->742M(18%)
[55.536s][info][gc,start    ] GC(87) Garbage Collection (Allocation Rate)
[55.536s][info][gc,task     ] GC(87) Using 2 workers
[55.536s][info][gc,phases   ] GC(87) Pause Mark Start 0.012ms
[55.621s][info][gc,phases   ] GC(87) Concurrent Mark 84.613ms
[55.621s][info][gc,phases   ] GC(87) Pause Mark End 0.027ms
[55.622s][info][gc,phases   ] GC(87) Concurrent Mark Free 0.002ms
[55.633s][info][gc,phases   ] GC(87) Concurrent Process Non-Strong References 11.422ms
[55.633s][info][gc,phases   ] GC(87) Concurrent Reset Relocation Set 0.082ms
[55.644s][info][gc,phases   ] GC(87) Concurrent Select Relocation Set 10.518ms
[55.644s][info][gc,phases   ] GC(87) Pause Relocate Start 0.009ms
[55.661s][info][gc,phases   ] GC(87) Concurrent Relocate 16.407ms
[55.661s][info][gc,load     ] GC(87) Load: 0.00/0.00/0.00
[55.661s][info][gc,mmu      ] GC(87) MMU: 2ms/97.9%, 5ms/99.2%, 10ms/99.6%, 20ms/99.8%, 50ms/99.9%, 100ms/99.9%
[55.661s][info][gc,marking  ] GC(87) Mark: 2 stripe(s), 2 proactive flush(es), 1 terminate flush(es), 0 completion(s), 0 continuation(s) 
[55.661s][info][gc,marking  ] GC(87) Mark Stack Usage: 32M
[55.661s][info][gc,nmethod  ] GC(87) NMethods: 5076 registered, 33 unregistered
[55.661s][info][gc,metaspace] GC(87) Metaspace: 71M used, 72M committed, 1088M reserved
[55.661s][info][gc,ref      ] GC(87) Soft: 3829 encountered, 0 discovered, 0 enqueued
[55.661s][info][gc,ref      ] GC(87) Weak: 10817 encountered, 1207 discovered, 0 enqueued
[55.661s][info][gc,ref      ] GC(87) Final: 289 encountered, 26 discovered, 0 enqueued
[55.661s][info][gc,ref      ] GC(87) Phantom: 422 encountered, 191 discovered, 0 enqueued
[55.661s][info][gc,reloc    ] GC(87) Small Pages: 1557 / 3114M, Empty: 2418M, Relocated: 6M, In-Place: 0
[55.661s][info][gc,reloc    ] GC(87) Medium Pages: 0 / 0M, Empty: 0M, Relocated: 0M, In-Place: 0
[55.661s][info][gc,reloc    ] GC(87) Large Pages: 0 / 0M, Empty: 0M, Relocated: 0M, In-Place: 0
[55.661s][info][gc,reloc    ] GC(87) Forwarding Usage: 2M
[55.661s][info][gc,heap     ] GC(87) Min Capacity: 8M(0%)
[55.661s][info][gc,heap     ] GC(87) Max Capacity: 4096M(100%)
[55.661s][info][gc,heap     ] GC(87) Soft Max Capacity: 4096M(100%)
[55.661s][info][gc,heap     ] GC(87)                Mark Start          Mark End        Relocate Start      Relocate End           High               Low         
[55.661s][info][gc,heap     ] GC(87)  Capacity:     3710M (91%)        3710M (91%)        3710M (91%)        3710M (91%)        3710M (91%)        3710M (91%)    
[55.661s][info][gc,heap     ] GC(87)      Free:      982M (24%)         530M (13%)        2834M (69%)        3400M (83%)        3434M (84%)         464M (11%)    
[55.661s][info][gc,heap     ] GC(87)      Used:     3114M (76%)        3566M (87%)        1262M (31%)         696M (17%)        3632M (89%)         662M (16%)    
[55.661s][info][gc,heap     ] GC(87)      Live:         -                52M (1%)           52M (1%)           52M (1%)             -                  -          
[55.661s][info][gc,heap     ] GC(87) Allocated:         -               452M (11%)         566M (14%)         634M (15%)            -                  -          
[55.661s][info][gc,heap     ] GC(87)   Garbage:         -              3061M (75%)         643M (16%)           9M (0%)             -                  -          
[55.661s][info][gc,heap     ] GC(87) Reclaimed:         -                  -              2418M (59%)        3052M (75%)            -                  -          
[55.661s][info][gc          ] GC(87) Garbage Collection (Allocation Rate) 3114M(76%)->696M(17%)
[56.135s][info][gc,start    ] GC(88) Garbage Collection (Allocation Rate)
[56.135s][info][gc,task     ] GC(88) Using 2 workers
[56.135s][info][gc,phases   ] GC(88) Pause Mark Start 0.013ms
[56.216s][info][gc,phases   ] GC(88) Concurrent Mark 80.709ms
[56.217s][info][gc,phases   ] GC(88) Pause Mark End 0.027ms
[56.217s][info][gc,phases   ] GC(88) Concurrent Mark Free 0.001ms
[56.228s][info][gc,phases   ] GC(88) Concurrent Process Non-Strong References 10.334ms
[56.228s][info][gc,phases   ] GC(88) Concurrent Reset Relocation Set 0.083ms
[56.238s][info][gc,phases   ] GC(88) Concurrent Select Relocation Set 10.587ms
[56.239s][info][gc,phases   ] GC(88) Pause Relocate Start 0.010ms
[56.257s][info][gc,phases   ] GC(88) Concurrent Relocate 17.651ms
[56.257s][info][gc,load     ] GC(88) Load: 0.00/0.00/0.00
[56.257s][info][gc,mmu      ] GC(88) MMU: 2ms/97.9%, 5ms/99.2%, 10ms/99.6%, 20ms/99.8%, 50ms/99.9%, 100ms/99.9%
[56.257s][info][gc,marking  ] GC(88) Mark: 2 stripe(s), 2 proactive flush(es), 1 terminate flush(es), 0 completion(s), 0 continuation(s) 
[56.257s][info][gc,marking  ] GC(88) Mark Stack Usage: 32M
[56.257s][info][gc,nmethod  ] GC(88) NMethods: 5076 registered, 33 unregistered
[56.257s][info][gc,metaspace] GC(88) Metaspace: 71M used, 72M committed, 1088M reserved
[56.257s][info][gc,ref      ] GC(88) Soft: 3829 encountered, 0 discovered, 0 enqueued
[56.257s][info][gc,ref      ] GC(88) Weak: 10817 encountered, 1133 discovered, 0 enqueued
[56.257s][info][gc,ref      ] GC(88) Final: 289 encountered, 25 discovered, 0 enqueued
[56.257s][info][gc,ref      ] GC(88) Phantom: 422 encountered, 186 discovered, 0 enqueued
[56.257s][info][gc,reloc    ] GC(88) Small Pages: 1545 / 3090M, Empty: 2494M, Relocated: 6M, In-Place: 0
[56.257s][info][gc,reloc    ] GC(88) Medium Pages: 0 / 0M, Empty: 0M, Relocated: 0M, In-Place: 0
[56.257s][info][gc,reloc    ] GC(88) Large Pages: 0 / 0M, Empty: 0M, Relocated: 0M, In-Place: 0
[56.257s][info][gc,reloc    ] GC(88) Forwarding Usage: 3M
[56.257s][info][gc,heap     ] GC(88) Min Capacity: 8M(0%)
[56.257s][info][gc,heap     ] GC(88) Max Capacity: 4096M(100%)
[56.257s][info][gc,heap     ] GC(88) Soft Max Capacity: 4096M(100%)
[56.257s][info][gc,heap     ] GC(88)                Mark Start          Mark End        Relocate Start      Relocate End           High               Low         
[56.257s][info][gc,heap     ] GC(88)  Capacity:     3710M (91%)        3710M (91%)        3710M (91%)        3710M (91%)        3710M (91%)        3710M (91%)    
[56.257s][info][gc,heap     ] GC(88)      Free:     1006M (25%)         560M (14%)        2950M (72%)        3406M (83%)        3446M (84%)         518M (13%)    
[56.257s][info][gc,heap     ] GC(88)      Used:     3090M (75%)        3536M (86%)        1146M (28%)         690M (17%)        3578M (87%)         650M (16%)    
[56.257s][info][gc,heap     ] GC(88)      Live:         -                51M (1%)           51M (1%)           51M (1%)             -                  -          
[56.257s][info][gc,heap     ] GC(88) Allocated:         -               446M (11%)         550M (13%)         628M (15%)            -                  -          
[56.257s][info][gc,heap     ] GC(88)   Garbage:         -              3038M (74%)         544M (13%)           9M (0%)             -                  -          
[56.257s][info][gc,heap     ] GC(88) Reclaimed:         -                  -              2494M (61%)        3028M (74%)            -                  -          
[56.257s][info][gc          ] GC(88) Garbage Collection (Allocation Rate) 3090M(75%)->690M(17%)
[56.735s][info][gc,start    ] GC(89) Garbage Collection (Allocation Rate)
[56.735s][info][gc,task     ] GC(89) Using 2 workers
[56.735s][info][gc,phases   ] GC(89) Pause Mark Start 0.011ms
[56.821s][info][gc,phases   ] GC(89) Concurrent Mark 85.628ms
[56.821s][info][gc,phases   ] GC(89) Pause Mark End 0.030ms
[56.822s][info][gc,phases   ] GC(89) Concurrent Mark Free 0.002ms
[56.832s][info][gc,phases   ] GC(89) Concurrent Process Non-Strong References 10.276ms
[56.832s][info][gc,phases   ] GC(89) Concurrent Reset Relocation Set 0.066ms
[56.838s][info][gc,phases   ] GC(89) Concurrent Select Relocation Set 6.430ms
[56.839s][info][gc,phases   ] GC(89) Pause Relocate Start 0.008ms
[56.855s][info][gc,phases   ] GC(89) Concurrent Relocate 15.662ms
[56.855s][info][gc,load     ] GC(89) Load: 0.00/0.00/0.00
[56.855s][info][gc,mmu      ] GC(89) MMU: 2ms/97.9%, 5ms/99.2%, 10ms/99.6%, 20ms/99.8%, 50ms/99.9%, 100ms/99.9%
[56.855s][info][gc,marking  ] GC(89) Mark: 2 stripe(s), 2 proactive flush(es), 1 terminate flush(es), 0 completion(s), 0 continuation(s) 
[56.855s][info][gc,marking  ] GC(89) Mark Stack Usage: 32M
[56.855s][info][gc,nmethod  ] GC(89) NMethods: 5105 registered, 34 unregistered
[56.855s][info][gc,metaspace] GC(89) Metaspace: 71M used, 72M committed, 1088M reserved
[56.855s][info][gc,ref      ] GC(89) Soft: 3829 encountered, 0 discovered, 0 enqueued
[56.855s][info][gc,ref      ] GC(89) Weak: 10745 encountered, 1595 discovered, 19 enqueued
[56.855s][info][gc,ref      ] GC(89) Final: 289 encountered, 28 discovered, 0 enqueued
[56.855s][info][gc,ref      ] GC(89) Phantom: 422 encountered, 206 discovered, 0 enqueued
[56.855s][info][gc,reloc    ] GC(89) Small Pages: 1545 / 3090M, Empty: 2324M, Relocated: 6M, In-Place: 0
[56.855s][info][gc,reloc    ] GC(89) Medium Pages: 0 / 0M, Empty: 0M, Relocated: 0M, In-Place: 0
[56.855s][info][gc,reloc    ] GC(89) Large Pages: 0 / 0M, Empty: 0M, Relocated: 0M, In-Place: 0
[56.855s][info][gc,reloc    ] GC(89) Forwarding Usage: 2M
[56.855s][info][gc,heap     ] GC(89) Min Capacity: 8M(0%)
[56.855s][info][gc,heap     ] GC(89) Max Capacity: 4096M(100%)
[56.855s][info][gc,heap     ] GC(89) Soft Max Capacity: 4096M(100%)
[56.855s][info][gc,heap     ] GC(89)                Mark Start          Mark End        Relocate Start      Relocate End           High               Low         
[56.855s][info][gc,heap     ] GC(89)  Capacity:     3710M (91%)        3710M (91%)        3710M (91%)        3710M (91%)        3710M (91%)        3710M (91%)    
[56.855s][info][gc,heap     ] GC(89)      Free:     1006M (25%)         540M (13%)        2794M (68%)        3422M (84%)        3456M (84%)         494M (12%)    
[56.855s][info][gc,heap     ] GC(89)      Used:     3090M (75%)        3556M (87%)        1302M (32%)         674M (16%)        3602M (88%)         640M (16%)    
[56.855s][info][gc,heap     ] GC(89)      Live:         -                51M (1%)           51M (1%)           51M (1%)             -                  -          
[56.855s][info][gc,heap     ] GC(89) Allocated:         -               466M (11%)         536M (13%)         612M (15%)            -                  -          
[56.855s][info][gc,heap     ] GC(89)   Garbage:         -              3038M (74%)         714M (17%)           9M (0%)             -                  -          
[56.855s][info][gc,heap     ] GC(89) Reclaimed:         -                  -              2324M (57%)        3028M (74%)            -                  -          
[56.855s][info][gc          ] GC(89) Garbage Collection (Allocation Rate) 3090M(75%)->674M(16%)
[57.335s][info][gc,start    ] GC(90) Garbage Collection (Allocation Rate)
[57.499s][info][gc,task     ] GC(90) Using 2 workers
[57.499s][info][gc,phases   ] GC(90) Pause Mark Start 0.010ms
[57.571s][info][gc,phases   ] GC(90) Concurrent Mark 71.606ms
[57.571s][info][gc,phases   ] GC(90) Pause Mark End 0.029ms
[57.572s][info][gc,phases   ] GC(90) Concurrent Mark Free 0.001ms
[57.580s][info][gc,phases   ] GC(90) Concurrent Process Non-Strong References 8.309ms
[57.580s][info][gc,phases   ] GC(90) Concurrent Reset Relocation Set 0.061ms
[57.585s][info][gc,phases   ] GC(90) Concurrent Select Relocation Set 4.495ms
[57.585s][info][gc,phases   ] GC(90) Pause Relocate Start 0.008ms
[57.591s][info][gc,phases   ] GC(90) Concurrent Relocate 6.520ms
[57.591s][info][gc,load     ] GC(90) Load: 0.00/0.00/0.00
[57.591s][info][gc,mmu      ] GC(90) MMU: 2ms/97.9%, 5ms/99.2%, 10ms/99.6%, 20ms/99.8%, 50ms/99.9%, 100ms/99.9%
[57.591s][info][gc,marking  ] GC(90) Mark: 2 stripe(s), 2 proactive flush(es), 1 terminate flush(es), 0 completion(s), 0 continuation(s) 
[57.592s][info][gc,marking  ] GC(90) Mark Stack Usage: 32M
[57.592s][info][gc,nmethod  ] GC(90) NMethods: 5156 registered, 38 unregistered
[57.592s][info][gc,metaspace] GC(90) Metaspace: 71M used, 72M committed, 1088M reserved
[57.592s][info][gc,ref      ] GC(90) Soft: 3829 encountered, 0 discovered, 0 enqueued
[57.592s][info][gc,ref      ] GC(90) Weak: 10149 encountered, 1223 discovered, 148 enqueued
[57.592s][info][gc,ref      ] GC(90) Final: 289 encountered, 40 discovered, 0 enqueued
[57.592s][info][gc,ref      ] GC(90) Phantom: 422 encountered, 212 discovered, 0 enqueued
[57.592s][info][gc,reloc    ] GC(90) Small Pages: 1821 / 3642M, Empty: 2748M, Relocated: 5M, In-Place: 0
[57.592s][info][gc,reloc    ] GC(90) Medium Pages: 0 / 0M, Empty: 0M, Relocated: 0M, In-Place: 0
[57.592s][info][gc,reloc    ] GC(90) Large Pages: 0 / 0M, Empty: 0M, Relocated: 0M, In-Place: 0
[57.592s][info][gc,reloc    ] GC(90) Forwarding Usage: 1M
[57.592s][info][gc,heap     ] GC(90) Min Capacity: 8M(0%)
[57.592s][info][gc,heap     ] GC(90) Max Capacity: 4096M(100%)
[57.592s][info][gc,heap     ] GC(90) Soft Max Capacity: 4096M(100%)
[57.592s][info][gc,heap     ] GC(90)                Mark Start          Mark End        Relocate Start      Relocate End           High               Low         
[57.592s][info][gc,heap     ] GC(90)  Capacity:     3710M (91%)        3858M (94%)        3880M (95%)        3880M (95%)        3880M (95%)        3710M (91%)    
[57.592s][info][gc,heap     ] GC(90)      Free:      454M (11%)         238M (6%)         2956M (72%)        3770M (92%)        3772M (92%)         216M (5%)     
[57.592s][info][gc,heap     ] GC(90)      Used:     3642M (89%)        3858M (94%)        1140M (28%)         326M (8%)         3880M (95%)         324M (8%)     
[57.592s][info][gc,heap     ] GC(90)      Live:         -                50M (1%)           50M (1%)           50M (1%)             -                  -          
[57.592s][info][gc,heap     ] GC(90) Allocated:         -               216M (5%)          246M (6%)          265M (6%)             -                  -          
[57.592s][info][gc,heap     ] GC(90)   Garbage:         -              3591M (88%)         843M (21%)          10M (0%)             -                  -          
[57.592s][info][gc,heap     ] GC(90) Reclaimed:         -                  -              2748M (67%)        3581M (87%)            -                  -          
[57.592s][info][gc          ] GC(90) Garbage Collection (Allocation Rate) 3642M(89%)->326M(8%)
[58.042s][info][gc,start    ] GC(91) Garbage Collection (Allocation Rate)
[58.042s][info][gc,task     ] GC(91) Using 1 workers
[58.042s][info][gc,phases   ] GC(91) Pause Mark Start 0.011ms
[58.131s][info][gc,phases   ] GC(91) Concurrent Mark 88.926ms
[58.131s][info][gc,phases   ] GC(91) Pause Mark End 0.021ms
[58.131s][info][gc,phases   ] GC(91) Concurrent Mark Free 0.001ms
[58.143s][info][gc,phases   ] GC(91) Concurrent Process Non-Strong References 11.352ms
[58.143s][info][gc,phases   ] GC(91) Concurrent Reset Relocation Set 0.049ms
[58.145s][info][gc,phases   ] GC(91) Concurrent Select Relocation Set 2.648ms
[58.146s][info][gc,phases   ] GC(91) Pause Relocate Start 0.008ms
[58.148s][info][gc,phases   ] GC(91) Concurrent Relocate 2.779ms
[58.148s][info][gc,load     ] GC(91) Load: 0.00/0.00/0.00
[58.148s][info][gc,mmu      ] GC(91) MMU: 2ms/97.9%, 5ms/99.2%, 10ms/99.6%, 20ms/99.8%, 50ms/99.9%, 100ms/99.9%
[58.149s][info][gc,marking  ] GC(91) Mark: 1 stripe(s), 2 proactive flush(es), 1 terminate flush(es), 0 completion(s), 0 continuation(s) 
[58.149s][info][gc,marking  ] GC(91) Mark Stack Usage: 32M
[58.149s][info][gc,nmethod  ] GC(91) NMethods: 5156 registered, 43 unregistered
[58.149s][info][gc,metaspace] GC(91) Metaspace: 71M used, 72M committed, 1088M reserved
[58.149s][info][gc,ref      ] GC(91) Soft: 3829 encountered, 0 discovered, 0 enqueued
[58.149s][info][gc,ref      ] GC(91) Weak: 9652 encountered, 1050 discovered, 85 enqueued
[58.149s][info][gc,ref      ] GC(91) Final: 289 encountered, 96 discovered, 0 enqueued
[58.149s][info][gc,ref      ] GC(91) Phantom: 422 encountered, 299 discovered, 0 enqueued
[58.149s][info][gc,reloc    ] GC(91) Small Pages: 745 / 1490M, Empty: 1106M, Relocated: 1M, In-Place: 0
[58.149s][info][gc,reloc    ] GC(91) Medium Pages: 0 / 0M, Empty: 0M, Relocated: 0M, In-Place: 0
[58.149s][info][gc,reloc    ] GC(91) Large Pages: 0 / 0M, Empty: 0M, Relocated: 0M, In-Place: 0
[58.149s][info][gc,reloc    ] GC(91) Forwarding Usage: 0M
[58.149s][info][gc,heap     ] GC(91) Min Capacity: 8M(0%)
[58.149s][info][gc,heap     ] GC(91) Max Capacity: 4096M(100%)
[58.149s][info][gc,heap     ] GC(91) Soft Max Capacity: 4096M(100%)
[58.149s][info][gc,heap     ] GC(91)                Mark Start          Mark End        Relocate Start      Relocate End           High               Low         
[58.149s][info][gc,heap     ] GC(91)  Capacity:     3880M (95%)        3880M (95%)        3880M (95%)        3880M (95%)        3880M (95%)        3880M (95%)    
[58.149s][info][gc,heap     ] GC(91)      Free:     2606M (64%)        2410M (59%)        3482M (85%)        3804M (93%)        3804M (93%)        2390M (58%)    
[58.149s][info][gc,heap     ] GC(91)      Used:     1490M (36%)        1686M (41%)         614M (15%)         292M (7%)         1706M (42%)         292M (7%)     
[58.149s][info][gc,heap     ] GC(91)      Live:         -                49M (1%)           49M (1%)           49M (1%)             -                  -          
[58.149s][info][gc,heap     ] GC(91) Allocated:         -               196M (5%)          230M (6%)          231M (6%)             -                  -          
[58.149s][info][gc,heap     ] GC(91)   Garbage:         -              1440M (35%)         334M (8%)           10M (0%)             -                  -          
[58.149s][info][gc,heap     ] GC(91) Reclaimed:         -                  -              1106M (27%)        1429M (35%)            -                  -          
[58.149s][info][gc          ] GC(91) Garbage Collection (Allocation Rate) 1490M(36%)->292M(7%)
[58.235s][info][gc,start    ] GC(92) Garbage Collection (Allocation Rate)
[58.235s][info][gc,task     ] GC(92) Using 6 workers
[58.235s][info][gc,phases   ] GC(92) Pause Mark Start 0.010ms
[58.255s][info][gc,phases   ] GC(92) Concurrent Mark 19.884ms
[58.255s][info][gc,phases   ] GC(92) Pause Mark End 0.023ms
[58.255s][info][gc,phases   ] GC(92) Concurrent Mark Free 0.000ms
[58.257s][info][gc,phases   ] GC(92) Concurrent Process Non-Strong References 2.329ms
[58.258s][info][gc,phases   ] GC(92) Concurrent Reset Relocation Set 0.019ms
[58.260s][info][gc,phases   ] GC(92) Concurrent Select Relocation Set 2.378ms
[58.260s][info][gc,phases   ] GC(92) Pause Relocate Start 0.006ms
[58.261s][info][gc,phases   ] GC(92) Concurrent Relocate 1.099ms
[58.261s][info][gc,load     ] GC(92) Load: 0.00/0.00/0.00
[58.261s][info][gc,mmu      ] GC(92) MMU: 2ms/97.9%, 5ms/99.2%, 10ms/99.6%, 20ms/99.8%, 50ms/99.9%, 100ms/99.9%
[58.261s][info][gc,marking  ] GC(92) Mark: 4 stripe(s), 2 proactive flush(es), 1 terminate flush(es), 0 completion(s), 0 continuation(s) 
[58.261s][info][gc,marking  ] GC(92) Mark Stack Usage: 32M
[58.261s][info][gc,nmethod  ] GC(92) NMethods: 5156 registered, 43 unregistered
[58.261s][info][gc,metaspace] GC(92) Metaspace: 71M used, 72M committed, 1088M reserved
[58.261s][info][gc,ref      ] GC(92) Soft: 3829 encountered, 0 discovered, 0 enqueued
[58.261s][info][gc,ref      ] GC(92) Weak: 9567 encountered, 1667 discovered, 0 enqueued
[58.261s][info][gc,ref      ] GC(92) Final: 289 encountered, 31 discovered, 0 enqueued
[58.261s][info][gc,ref      ] GC(92) Phantom: 422 encountered, 203 discovered, 0 enqueued
[58.261s][info][gc,reloc    ] GC(92) Small Pages: 232 / 464M, Empty: 284M, Relocated: 1M, In-Place: 0
[58.261s][info][gc,reloc    ] GC(92) Medium Pages: 0 / 0M, Empty: 0M, Relocated: 0M, In-Place: 0
[58.261s][info][gc,reloc    ] GC(92) Large Pages: 0 / 0M, Empty: 0M, Relocated: 0M, In-Place: 0
[58.261s][info][gc,reloc    ] GC(92) Forwarding Usage: 0M
[58.261s][info][gc,heap     ] GC(92) Min Capacity: 8M(0%)
[58.261s][info][gc,heap     ] GC(92) Max Capacity: 4096M(100%)
[58.261s][info][gc,heap     ] GC(92) Soft Max Capacity: 4096M(100%)
[58.261s][info][gc,heap     ] GC(92)                Mark Start          Mark End        Relocate Start      Relocate End           High               Low         
[58.261s][info][gc,heap     ] GC(92)  Capacity:     3880M (95%)        3880M (95%)        3880M (95%)        3880M (95%)        3880M (95%)        3880M (95%)    
[58.261s][info][gc,heap     ] GC(92)      Free:     3632M (89%)        3572M (87%)        3846M (94%)        3954M (97%)        3954M (97%)        3562M (87%)    
[58.261s][info][gc,heap     ] GC(92)      Used:      464M (11%)         524M (13%)         250M (6%)          142M (3%)          534M (13%)         142M (3%)     
[58.261s][info][gc,heap     ] GC(92)      Live:         -                49M (1%)           49M (1%)           49M (1%)             -                  -          
[58.261s][info][gc,heap     ] GC(92) Allocated:         -                60M (1%)           70M (2%)           71M (2%)             -                  -          
[58.262s][info][gc,heap     ] GC(92)   Garbage:         -               414M (10%)         130M (3%)           20M (1%)             -                  -          
[58.262s][info][gc,heap     ] GC(92) Reclaimed:         -                  -               284M (7%)          393M (10%)            -                  -          
[58.262s][info][gc          ] GC(92) Garbage Collection (Allocation Rate) 464M(11%)->142M(3%)
[59.252s][info][gc,start    ] GC(93) Garbage Collection (System.gc())
[59.252s][info][gc,task     ] GC(93) Using 12 workers
[59.252s][info][gc,phases   ] GC(93) Pause Mark Start 0.015ms
[59.272s][info][gc,phases   ] GC(93) Concurrent Mark 20.057ms
[59.273s][info][gc,phases   ] GC(93) Pause Mark End 0.024ms
[59.273s][info][gc,phases   ] GC(93) Concurrent Mark Free 0.001ms
[59.274s][info][gc,phases   ] GC(93) Concurrent Process Non-Strong References 1.553ms
[59.274s][info][gc,phases   ] GC(93) Concurrent Reset Relocation Set 0.009ms
[59.278s][info][gc,phases   ] GC(93) Concurrent Select Relocation Set 3.484ms
[59.278s][info][gc,phases   ] GC(93) Pause Relocate Start 0.006ms
[59.280s][info][gc,phases   ] GC(93) Concurrent Relocate 2.253ms
[59.280s][info][gc,load     ] GC(93) Load: 0.00/0.00/0.00
[59.280s][info][gc,mmu      ] GC(93) MMU: 2ms/97.9%, 5ms/99.2%, 10ms/99.6%, 20ms/99.8%, 50ms/99.9%, 100ms/99.9%
[59.280s][info][gc,marking  ] GC(93) Mark: 8 stripe(s), 3 proactive flush(es), 1 terminate flush(es), 0 completion(s), 0 continuation(s) 
[59.280s][info][gc,marking  ] GC(93) Mark Stack Usage: 32M
[59.280s][info][gc,nmethod  ] GC(93) NMethods: 5204 registered, 51 unregistered
[59.280s][info][gc,metaspace] GC(93) Metaspace: 71M used, 72M committed, 1088M reserved
[59.280s][info][gc,ref      ] GC(93) Soft: 3829 encountered, 0 discovered, 0 enqueued
[59.280s][info][gc,ref      ] GC(93) Weak: 9607 encountered, 970 discovered, 49 enqueued
[59.280s][info][gc,ref      ] GC(93) Final: 289 encountered, 12 discovered, 0 enqueued
[59.280s][info][gc,ref      ] GC(93) Phantom: 422 encountered, 324 discovered, 0 enqueued
[59.280s][info][gc,reloc    ] GC(93) Small Pages: 1055 / 2110M, Empty: 1892M, Relocated: 3M, In-Place: 0
[59.280s][info][gc,reloc    ] GC(93) Medium Pages: 0 / 0M, Empty: 0M, Relocated: 0M, In-Place: 0
[59.280s][info][gc,reloc    ] GC(93) Large Pages: 0 / 0M, Empty: 0M, Relocated: 0M, In-Place: 0
[59.280s][info][gc,reloc    ] GC(93) Forwarding Usage: 1M
[59.280s][info][gc,heap     ] GC(93) Min Capacity: 8M(0%)
[59.280s][info][gc,heap     ] GC(93) Max Capacity: 4096M(100%)
[59.280s][info][gc,heap     ] GC(93) Soft Max Capacity: 4096M(100%)
[59.280s][info][gc,heap     ] GC(93)                Mark Start          Mark End        Relocate Start      Relocate End           High               Low         
[59.280s][info][gc,heap     ] GC(93)  Capacity:     3880M (95%)        3880M (95%)        3880M (95%)        3880M (95%)        3880M (95%)        3880M (95%)    
[59.280s][info][gc,heap     ] GC(93)      Free:     1986M (48%)        1918M (47%)        3810M (93%)        3948M (96%)        3948M (96%)        1918M (47%)    
[59.281s][info][gc,heap     ] GC(93)      Used:     2110M (52%)        2178M (53%)         286M (7%)          148M (4%)         2178M (53%)         148M (4%)     
[59.281s][info][gc,heap     ] GC(93)      Live:         -                49M (1%)           49M (1%)           49M (1%)             -                  -          
[59.281s][info][gc,heap     ] GC(93) Allocated:         -                68M (2%)           68M (2%)           67M (2%)             -                  -          
[59.281s][info][gc,heap     ] GC(93)   Garbage:         -              2060M (50%)         168M (4%)           30M (1%)             -                  -          
[59.281s][info][gc,heap     ] GC(93) Reclaimed:         -                  -              1892M (46%)        2029M (50%)            -                  -          
[59.281s][info][gc          ] GC(93) Garbage Collection (System.gc()) 2110M(52%)->148M(4%)
[59.935s][info][gc,start    ] GC(94) Garbage Collection (Allocation Rate)
[59.935s][info][gc,task     ] GC(94) Using 12 workers
[59.936s][info][gc,phases   ] GC(94) Pause Mark Start 0.010ms
[59.960s][info][gc,phases   ] GC(94) Concurrent Mark 23.768ms
[59.960s][info][gc,phases   ] GC(94) Pause Mark End 0.034ms
[59.961s][info][gc,phases   ] GC(94) Concurrent Mark Free 0.002ms
[59.966s][info][gc,phases   ] GC(94) Concurrent Process Non-Strong References 4.542ms
[59.966s][info][gc,phases   ] GC(94) Concurrent Reset Relocation Set 0.020ms
[59.976s][info][gc,phases   ] GC(94) Concurrent Select Relocation Set 9.800ms
[59.976s][info][gc,phases   ] GC(94) Pause Relocate Start 0.010ms
[59.985s][info][gc,phases   ] GC(94) Concurrent Relocate 8.230ms
[59.985s][info][gc,load     ] GC(94) Load: 0.00/0.00/0.00
[59.985s][info][gc,mmu      ] GC(94) MMU: 2ms/97.9%, 5ms/99.2%, 10ms/99.6%, 20ms/99.8%, 50ms/99.9%, 100ms/99.9%
[59.985s][info][gc,marking  ] GC(94) Mark: 8 stripe(s), 3 proactive flush(es), 1 terminate flush(es), 0 completion(s), 0 continuation(s) 
[59.985s][info][gc,marking  ] GC(94) Mark Stack Usage: 32M
[59.985s][info][gc,nmethod  ] GC(94) NMethods: 5042 registered, 392 unregistered
[59.985s][info][gc,metaspace] GC(94) Metaspace: 71M used, 72M committed, 1088M reserved
[59.985s][info][gc,ref      ] GC(94) Soft: 3829 encountered, 0 discovered, 0 enqueued
[59.985s][info][gc,ref      ] GC(94) Weak: 11005 encountered, 1083 discovered, 1 enqueued
[59.985s][info][gc,ref      ] GC(94) Final: 289 encountered, 3 discovered, 0 enqueued
[59.985s][info][gc,ref      ] GC(94) Phantom: 426 encountered, 303 discovered, 4 enqueued
[59.985s][info][gc,reloc    ] GC(94) Small Pages: 1655 / 3310M, Empty: 2466M, Relocated: 10M, In-Place: 0
[59.985s][info][gc,reloc    ] GC(94) Medium Pages: 0 / 0M, Empty: 0M, Relocated: 0M, In-Place: 0
[59.985s][info][gc,reloc    ] GC(94) Large Pages: 0 / 0M, Empty: 0M, Relocated: 0M, In-Place: 0
[59.985s][info][gc,reloc    ] GC(94) Forwarding Usage: 3M
[59.985s][info][gc,heap     ] GC(94) Min Capacity: 8M(0%)
[59.985s][info][gc,heap     ] GC(94) Max Capacity: 4096M(100%)
[59.985s][info][gc,heap     ] GC(94) Soft Max Capacity: 4096M(100%)
[59.985s][info][gc,heap     ] GC(94)                Mark Start          Mark End        Relocate Start      Relocate End           High               Low         
[59.985s][info][gc,heap     ] GC(94)  Capacity:     3880M (95%)        3880M (95%)        3880M (95%)        3880M (95%)        3880M (95%)        3880M (95%)    
[59.985s][info][gc,heap     ] GC(94)      Free:      786M (19%)         628M (15%)        3024M (74%)        3764M (92%)        3774M (92%)         608M (15%)    
[59.985s][info][gc,heap     ] GC(94)      Used:     3310M (81%)        3468M (85%)        1072M (26%)         332M (8%)         3488M (85%)         322M (8%)     
[59.985s][info][gc,heap     ] GC(94)      Live:         -                53M (1%)           53M (1%)           53M (1%)             -                  -          
[59.985s][info][gc,heap     ] GC(94) Allocated:         -               158M (4%)          228M (6%)          254M (6%)             -                  -          
[59.985s][info][gc,heap     ] GC(94)   Garbage:         -              3256M (79%)         790M (19%)          23M (1%)             -                  -          
[59.985s][info][gc,heap     ] GC(94) Reclaimed:         -                  -              2466M (60%)        3232M (79%)            -                  -          
[59.985s][info][gc          ] GC(94) Garbage Collection (Allocation Rate) 3310M(81%)->332M(8%)
[60.137s][info][gc,stats    ] === Garbage Collection Statistics =======================================================================================================================
[60.137s][info][gc,stats    ]                                                              Last 10s              Last 10m              Last 10h                Total
[60.137s][info][gc,stats    ]                                                              Avg / Max             Avg / Max             Avg / Max             Avg / Max
[60.137s][info][gc,stats    ]   Collector: Garbage Collection Cycle                     99.875 / 256.943     121.419 / 551.271     121.419 / 551.271     121.419 / 551.271     ms
[60.137s][info][gc,stats    ]  Contention: Mark Segment Reset Contention                     6 / 24                4 / 36                4 / 36                4 / 36          ops/s
[60.137s][info][gc,stats    ]  Contention: Mark SeqNum Reset Contention                      1 / 4                 1 / 7                 1 / 7                 1 / 7           ops/s
[60.137s][info][gc,stats    ]    Critical: Allocation Stall                                  0 / 0                 0 / 0                 0 / 0                 0 / 0           ops/s
[60.137s][info][gc,stats    ]    Critical: Allocation Stall                              0.000 / 0.000         0.000 / 0.000         0.000 / 0.000         0.000 / 0.000       ms
[60.137s][info][gc,stats    ]    Critical: GC Locker Stall                                   0 / 0                 0 / 0                 0 / 0                 0 / 0           ops/s
[60.137s][info][gc,stats    ]    Critical: GC Locker Stall                               0.000 / 0.000         0.000 / 0.000         0.000 / 0.000         0.000 / 0.000       ms
[60.137s][info][gc,stats    ]    Critical: Relocation Stall                                  0 / 0                 0 / 0                 0 / 0                 0 / 0           ops/s
[60.137s][info][gc,stats    ]    Critical: Relocation Stall                              0.000 / 0.000         0.000 / 0.000         0.000 / 0.000         0.000 / 0.000       ms
[60.137s][info][gc,stats    ]      Memory: Allocation Rate                                3935 / 5058           3380 / 5206           3380 / 5206           3380 / 5206        MB/s
[60.137s][info][gc,stats    ]      Memory: Defragment                                        0 / 0                 0 / 0                 0 / 0                 0 / 0           ops/s
[60.137s][info][gc,stats    ]      Memory: Out Of Memory                                     0 / 0                 0 / 0                 0 / 0                 0 / 0           ops/s
[60.137s][info][gc,stats    ]      Memory: Page Cache Flush                                  0 / 0                 0 / 0                 0 / 0                 0 / 0           MB/s
[60.137s][info][gc,stats    ]      Memory: Page Cache Hit L1                              1969 / 2551           1666 / 2620           1666 / 2620           1666 / 2620        ops/s
[60.137s][info][gc,stats    ]      Memory: Page Cache Hit L2                                 0 / 0                 0 / 0                 0 / 0                 0 / 0           ops/s
[60.137s][info][gc,stats    ]      Memory: Page Cache Hit L3                                 0 / 0                17 / 317              17 / 317              17 / 317         ops/s
[60.137s][info][gc,stats    ]      Memory: Page Cache Miss                                   8 / 85               15 / 308              15 / 308              15 / 308         ops/s
[60.137s][info][gc,stats    ]      Memory: Uncommit                                          0 / 0                 0 / 0                 0 / 0                 0 / 0           MB/s
[60.137s][info][gc,stats    ]      Memory: Undo Object Allocation Failed                     0 / 1                 0 / 6                 0 / 6                 0 / 6           ops/s
[60.137s][info][gc,stats    ]      Memory: Undo Object Allocation Succeeded                241 / 584             209 / 816             209 / 816             209 / 816         ops/s
[60.137s][info][gc,stats    ]      Memory: Undo Page Allocation                              3 / 12               13 / 227              13 / 227              13 / 227         ops/s
[60.137s][info][gc,stats    ]       Phase: Concurrent Mark                              59.192 / 98.838       71.734 / 422.516      71.734 / 422.516      71.734 / 422.516     ms
[60.137s][info][gc,stats    ]       Phase: Concurrent Mark Continue                      0.000 / 0.000         0.000 / 0.000         0.000 / 0.000         0.000 / 0.000       ms
[60.137s][info][gc,stats    ]       Phase: Concurrent Mark Free                          0.001 / 0.002         0.001 / 0.004         0.001 / 0.004         0.001 / 0.004       ms
[60.137s][info][gc,stats    ]       Phase: Concurrent Process Non-Strong References      7.759 / 13.644       22.322 / 434.483      22.322 / 434.483      22.322 / 434.483     ms
[60.137s][info][gc,stats    ]       Phase: Concurrent Relocate                           9.093 / 24.274       10.330 / 27.336       10.330 / 27.336       10.330 / 27.336      ms
[60.137s][info][gc,stats    ]       Phase: Concurrent Reset Relocation Set               0.053 / 0.101         0.062 / 0.138         0.062 / 0.138         0.062 / 0.138       ms
[60.137s][info][gc,stats    ]       Phase: Concurrent Select Relocation Set              6.704 / 12.965        8.039 / 43.053        8.039 / 43.053        8.039 / 43.053      ms
[60.137s][info][gc,stats    ]       Phase: Pause Mark End                                0.026 / 0.034         0.025 / 0.042         0.025 / 0.042         0.025 / 0.042       ms
[60.137s][info][gc,stats    ]       Phase: Pause Mark Start                              0.011 / 0.015         0.011 / 0.017         0.011 / 0.017         0.011 / 0.017       ms
[60.138s][info][gc,stats    ]       Phase: Pause Relocate Start                          0.008 / 0.010         0.008 / 0.011         0.008 / 0.011         0.008 / 0.011       ms
[60.138s][info][gc,stats    ]    Subphase: Concurrent Classes Purge                      0.445 / 3.992         0.681 / 18.627        0.681 / 18.627        0.681 / 18.627      ms
[60.138s][info][gc,stats    ]    Subphase: Concurrent Classes Unlink                     5.262 / 10.334       17.074 / 432.052      17.074 / 432.052      17.074 / 432.052     ms
[60.138s][info][gc,stats    ]    Subphase: Concurrent Mark                              28.854 / 91.496       41.420 / 409.811      41.420 / 409.811      41.420 / 409.811     ms
[60.138s][info][gc,stats    ]    Subphase: Concurrent Mark Try Flush                     0.551 / 4.132         2.571 / 307.885       2.571 / 307.885       2.571 / 307.885     ms
[60.138s][info][gc,stats    ]    Subphase: Concurrent Mark Try Terminate                 1.372 / 3.019         1.710 / 44.933        1.710 / 44.933        1.710 / 44.933      ms
[60.138s][info][gc,stats    ]    Subphase: Concurrent References Enqueue                 0.002 / 0.005         0.003 / 0.011         0.003 / 0.011         0.003 / 0.011       ms
[60.138s][info][gc,stats    ]    Subphase: Concurrent References Process                 0.210 / 0.393         0.335 / 2.321         0.335 / 2.321         0.335 / 2.321       ms
[60.138s][info][gc,stats    ]    Subphase: Concurrent Roots ClassLoaderDataGraph         0.087 / 0.623         0.124 / 2.952         0.124 / 2.952         0.124 / 2.952       ms
[60.138s][info][gc,stats    ]    Subphase: Concurrent Roots CodeCache                    0.000 / 0.000         0.000 / 0.000         0.000 / 0.000         0.000 / 0.000       ms
[60.138s][info][gc,stats    ]    Subphase: Concurrent Roots JavaThreads                  5.212 / 15.801        6.397 / 24.476        6.397 / 24.476        6.397 / 24.476      ms
[60.138s][info][gc,stats    ]    Subphase: Concurrent Roots OopStorageSet                0.043 / 0.160         0.126 / 2.435         0.126 / 2.435         0.126 / 2.435       ms
[60.138s][info][gc,stats    ]    Subphase: Concurrent Weak Roots OopStorageSet           0.519 / 2.598         0.648 / 2.598         0.648 / 2.598         0.648 / 2.598       ms
[60.138s][info][gc,stats    ]    Subphase: Pause Mark Try Complete                       0.000 / 0.000         0.001 / 0.002         0.001 / 0.002         0.001 / 0.002       ms
[60.138s][info][gc,stats    ]      System: Java Threads                                    192 / 212             180 / 212             180 / 212             180 / 212         threads
[60.138s][info][gc,stats    ] =========================================================================================================================================================
[60.435s][info][gc,start    ] GC(95) Garbage Collection (Allocation Rate)
[60.435s][info][gc,task     ] GC(95) Using 12 workers
[60.435s][info][gc,phases   ] GC(95) Pause Mark Start 0.010ms
[60.463s][info][gc,phases   ] GC(95) Concurrent Mark 27.319ms
[60.463s][info][gc,phases   ] GC(95) Pause Mark End 0.031ms
[60.464s][info][gc,phases   ] GC(95) Concurrent Mark Free 0.001ms
[60.468s][info][gc,phases   ] GC(95) Concurrent Process Non-Strong References 4.186ms
[60.468s][info][gc,phases   ] GC(95) Concurrent Reset Relocation Set 0.103ms
[60.483s][info][gc,phases   ] GC(95) Concurrent Select Relocation Set 14.961ms
[60.483s][info][gc,phases   ] GC(95) Pause Relocate Start 0.009ms
[60.490s][info][gc,phases   ] GC(95) Concurrent Relocate 6.034ms
[60.490s][info][gc,load     ] GC(95) Load: 0.00/0.00/0.00
[60.490s][info][gc,mmu      ] GC(95) MMU: 2ms/97.9%, 5ms/99.2%, 10ms/99.6%, 20ms/99.8%, 50ms/99.9%, 100ms/99.9%
[60.490s][info][gc,marking  ] GC(95) Mark: 8 stripe(s), 6 proactive flush(es), 1 terminate flush(es), 0 completion(s), 0 continuation(s) 
[60.490s][info][gc,marking  ] GC(95) Mark Stack Usage: 32M
[60.490s][info][gc,nmethod  ] GC(95) NMethods: 5042 registered, 392 unregistered
[60.490s][info][gc,metaspace] GC(95) Metaspace: 71M used, 72M committed, 1088M reserved
[60.490s][info][gc,ref      ] GC(95) Soft: 3829 encountered, 0 discovered, 0 enqueued
[60.490s][info][gc,ref      ] GC(95) Weak: 11004 encountered, 2204 discovered, 0 enqueued
[60.490s][info][gc,ref      ] GC(95) Final: 289 encountered, 26 discovered, 0 enqueued
[60.490s][info][gc,ref      ] GC(95) Phantom: 422 encountered, 252 discovered, 0 enqueued
[60.490s][info][gc,reloc    ] GC(95) Small Pages: 1314 / 2628M, Empty: 1968M, Relocated: 10M, In-Place: 0
[60.490s][info][gc,reloc    ] GC(95) Medium Pages: 0 / 0M, Empty: 0M, Relocated: 0M, In-Place: 0
[60.490s][info][gc,reloc    ] GC(95) Large Pages: 0 / 0M, Empty: 0M, Relocated: 0M, In-Place: 0
[60.490s][info][gc,reloc    ] GC(95) Forwarding Usage: 3M
[60.490s][info][gc,heap     ] GC(95) Min Capacity: 8M(0%)
[60.490s][info][gc,heap     ] GC(95) Max Capacity: 4096M(100%)
[60.490s][info][gc,heap     ] GC(95) Soft Max Capacity: 4096M(100%)
[60.490s][info][gc,heap     ] GC(95)                Mark Start          Mark End        Relocate Start      Relocate End           High               Low         
[60.490s][info][gc,heap     ] GC(95)  Capacity:     3880M (95%)        3880M (95%)        3880M (95%)        3880M (95%)        3880M (95%)        3880M (95%)    
[60.490s][info][gc,heap     ] GC(95)      Free:     1468M (36%)        1294M (32%)        3172M (77%)        3738M (91%)        3744M (91%)        1280M (31%)    
[60.490s][info][gc,heap     ] GC(95)      Used:     2628M (64%)        2802M (68%)         924M (23%)         358M (9%)         2816M (69%)         352M (9%)     
[60.490s][info][gc,heap     ] GC(95)      Live:         -                53M (1%)           53M (1%)           53M (1%)             -                  -          
[60.490s][info][gc,heap     ] GC(95) Allocated:         -               174M (4%)          264M (6%)          281M (7%)             -                  -          
[60.490s][info][gc,heap     ] GC(95)   Garbage:         -              2574M (63%)         606M (15%)          23M (1%)             -                  -          
[60.490s][info][gc,heap     ] GC(95) Reclaimed:         -                  -              1968M (48%)        2551M (62%)            -                  -          
[60.490s][info][gc          ] GC(95) Garbage Collection (Allocation Rate) 2628M(64%)->358M(9%)
[60.734s][info][gc,start    ] GC(96) Garbage Collection (Allocation Rate)
[60.734s][info][gc,task     ] GC(96) Using 3 workers
[60.735s][info][gc,phases   ] GC(96) Pause Mark Start 0.011ms
[60.800s][info][gc,phases   ] GC(96) Concurrent Mark 64.703ms
[60.800s][info][gc,phases   ] GC(96) Pause Mark End 0.024ms
[60.800s][info][gc,phases   ] GC(96) Concurrent Mark Free 0.002ms
[60.809s][info][gc,phases   ] GC(96) Concurrent Process Non-Strong References 8.258ms
[60.809s][info][gc,phases   ] GC(96) Concurrent Reset Relocation Set 0.093ms
[60.816s][info][gc,phases   ] GC(96) Concurrent Select Relocation Set 7.524ms
[60.817s][info][gc,phases   ] GC(96) Pause Relocate Start 0.010ms
[60.826s][info][gc,phases   ] GC(96) Concurrent Relocate 8.551ms
[60.826s][info][gc,load     ] GC(96) Load: 0.00/0.00/0.00
[60.826s][info][gc,mmu      ] GC(96) MMU: 2ms/97.9%, 5ms/99.2%, 10ms/99.6%, 20ms/99.8%, 50ms/99.9%, 100ms/99.9%
[60.826s][info][gc,marking  ] GC(96) Mark: 2 stripe(s), 2 proactive flush(es), 1 terminate flush(es), 0 completion(s), 0 continuation(s) 
[60.826s][info][gc,marking  ] GC(96) Mark Stack Usage: 32M
[60.826s][info][gc,nmethod  ] GC(96) NMethods: 5042 registered, 392 unregistered
[60.826s][info][gc,metaspace] GC(96) Metaspace: 71M used, 72M committed, 1088M reserved
[60.826s][info][gc,ref      ] GC(96) Soft: 3829 encountered, 0 discovered, 0 enqueued
[60.826s][info][gc,ref      ] GC(96) Weak: 11004 encountered, 1905 discovered, 0 enqueued
[60.826s][info][gc,ref      ] GC(96) Final: 289 encountered, 12 discovered, 0 enqueued
[60.826s][info][gc,ref      ] GC(96) Phantom: 422 encountered, 195 discovered, 0 enqueued
[60.826s][info][gc,reloc    ] GC(96) Small Pages: 797 / 1594M, Empty: 1068M, Relocated: 5M, In-Place: 0
[60.826s][info][gc,reloc    ] GC(96) Medium Pages: 0 / 0M, Empty: 0M, Relocated: 0M, In-Place: 0
[60.826s][info][gc,reloc    ] GC(96) Large Pages: 0 / 0M, Empty: 0M, Relocated: 0M, In-Place: 0
[60.826s][info][gc,reloc    ] GC(96) Forwarding Usage: 2M
[60.826s][info][gc,heap     ] GC(96) Min Capacity: 8M(0%)
[60.826s][info][gc,heap     ] GC(96) Max Capacity: 4096M(100%)
[60.826s][info][gc,heap     ] GC(96) Soft Max Capacity: 4096M(100%)
[60.826s][info][gc,heap     ] GC(96)                Mark Start          Mark End        Relocate Start      Relocate End           High               Low         
[60.826s][info][gc,heap     ] GC(96)  Capacity:     3880M (95%)        3880M (95%)        3880M (95%)        3880M (95%)        3880M (95%)        3880M (95%)    
[60.826s][info][gc,heap     ] GC(96)      Free:     2502M (61%)        2140M (52%)        3126M (76%)        3554M (87%)        3558M (87%)        2094M (51%)    
[60.826s][info][gc,heap     ] GC(96)      Used:     1594M (39%)        1956M (48%)         970M (24%)         542M (13%)        2002M (49%)         538M (13%)    
[60.826s][info][gc,heap     ] GC(96)      Live:         -                53M (1%)           53M (1%)           53M (1%)             -                  -          
[60.826s][info][gc,heap     ] GC(96) Allocated:         -               362M (9%)          444M (11%)         474M (12%)            -                  -          
[60.826s][info][gc,heap     ] GC(96)   Garbage:         -              1540M (38%)         472M (12%)          13M (0%)             -                  -          
[60.826s][info][gc,heap     ] GC(96) Reclaimed:         -                  -              1068M (26%)        1526M (37%)            -                  -          
[60.826s][info][gc          ] GC(96) Garbage Collection (Allocation Rate) 1594M(39%)->542M(13%)
[61.036s][info][gc,start    ] GC(97) Garbage Collection (Allocation Rate)
[61.036s][info][gc,task     ] GC(97) Using 2 workers
[61.036s][info][gc,phases   ] GC(97) Pause Mark Start 0.011ms
[61.141s][info][gc,phases   ] GC(97) Concurrent Mark 104.460ms
[61.141s][info][gc,phases   ] GC(97) Pause Mark End 0.022ms
[61.141s][info][gc,phases   ] GC(97) Concurrent Mark Free 0.001ms
[61.153s][info][gc,phases   ] GC(97) Concurrent Process Non-Strong References 11.784ms
[61.153s][info][gc,phases   ] GC(97) Concurrent Reset Relocation Set 0.058ms
[61.161s][info][gc,phases   ] GC(97) Concurrent Select Relocation Set 7.274ms
[61.161s][info][gc,phases   ] GC(97) Pause Relocate Start 0.008ms
[61.174s][info][gc,phases   ] GC(97) Concurrent Relocate 12.577ms
[61.174s][info][gc,load     ] GC(97) Load: 0.00/0.00/0.00
[61.174s][info][gc,mmu      ] GC(97) MMU: 2ms/97.9%, 5ms/99.2%, 10ms/99.6%, 20ms/99.8%, 50ms/99.9%, 100ms/99.9%
[61.174s][info][gc,marking  ] GC(97) Mark: 2 stripe(s), 2 proactive flush(es), 1 terminate flush(es), 0 completion(s), 0 continuation(s) 
[61.174s][info][gc,marking  ] GC(97) Mark Stack Usage: 32M
[61.174s][info][gc,nmethod  ] GC(97) NMethods: 5042 registered, 392 unregistered
[61.174s][info][gc,metaspace] GC(97) Metaspace: 71M used, 72M committed, 1088M reserved
[61.174s][info][gc,ref      ] GC(97) Soft: 3829 encountered, 0 discovered, 0 enqueued
[61.174s][info][gc,ref      ] GC(97) Weak: 11004 encountered, 2034 discovered, 0 enqueued
[61.174s][info][gc,ref      ] GC(97) Final: 289 encountered, 42 discovered, 0 enqueued
[61.174s][info][gc,ref      ] GC(97) Phantom: 422 encountered, 271 discovered, 0 enqueued
[61.174s][info][gc,reloc    ] GC(97) Small Pages: 802 / 1604M, Empty: 1032M, Relocated: 5M, In-Place: 0
[61.174s][info][gc,reloc    ] GC(97) Medium Pages: 0 / 0M, Empty: 0M, Relocated: 0M, In-Place: 0
[61.174s][info][gc,reloc    ] GC(97) Large Pages: 0 / 0M, Empty: 0M, Relocated: 0M, In-Place: 0
[61.174s][info][gc,reloc    ] GC(97) Forwarding Usage: 2M
[61.174s][info][gc,heap     ] GC(97) Min Capacity: 8M(0%)
[61.174s][info][gc,heap     ] GC(97) Max Capacity: 4096M(100%)
[61.174s][info][gc,heap     ] GC(97) Soft Max Capacity: 4096M(100%)
[61.174s][info][gc,heap     ] GC(97)                Mark Start          Mark End        Relocate Start      Relocate End           High               Low         
[61.174s][info][gc,heap     ] GC(97)  Capacity:     3880M (95%)        3880M (95%)        3880M (95%)        3880M (95%)        3880M (95%)        3880M (95%)    
[61.174s][info][gc,heap     ] GC(97)      Free:     2492M (61%)        1942M (47%)        2878M (70%)        3330M (81%)        3348M (82%)        1882M (46%)    
[61.174s][info][gc,heap     ] GC(97)      Used:     1604M (39%)        2154M (53%)        1218M (30%)         766M (19%)        2214M (54%)         748M (18%)    
[61.174s][info][gc,heap     ] GC(97)      Live:         -                53M (1%)           53M (1%)           53M (1%)             -                  -          
[61.174s][info][gc,heap     ] GC(97) Allocated:         -               550M (13%)         646M (16%)         700M (17%)            -                  -          
[61.174s][info][gc,heap     ] GC(97)   Garbage:         -              1550M (38%)         518M (13%)          11M (0%)             -                  -          
[61.174s][info][gc,heap     ] GC(97) Reclaimed:         -                  -              1032M (25%)        1538M (38%)            -                  -          
[61.174s][info][gc          ] GC(97) Garbage Collection (Allocation Rate) 1604M(39%)->766M(19%)
[61.535s][info][gc,start    ] GC(98) Garbage Collection (Allocation Rate)
[61.535s][info][gc,task     ] GC(98) Using 2 workers
[61.535s][info][gc,phases   ] GC(98) Pause Mark Start 0.011ms
[61.628s][info][gc,phases   ] GC(98) Concurrent Mark 92.186ms
[61.628s][info][gc,phases   ] GC(98) Pause Mark End 0.025ms
[61.629s][info][gc,phases   ] GC(98) Concurrent Mark Free 0.001ms
[61.639s][info][gc,phases   ] GC(98) Concurrent Process Non-Strong References 10.168ms
[61.639s][info][gc,phases   ] GC(98) Concurrent Reset Relocation Set 0.064ms
[61.649s][info][gc,phases   ] GC(98) Concurrent Select Relocation Set 9.519ms
[61.649s][info][gc,phases   ] GC(98) Pause Relocate Start 0.009ms
[61.662s][info][gc,phases   ] GC(98) Concurrent Relocate 12.952ms
[61.672s][info][gc,load     ] GC(98) Load: 0.00/0.00/0.00
[61.672s][info][gc,mmu      ] GC(98) MMU: 2ms/97.9%, 5ms/99.2%, 10ms/99.6%, 20ms/99.8%, 50ms/99.9%, 100ms/99.9%
[61.672s][info][gc,marking  ] GC(98) Mark: 2 stripe(s), 2 proactive flush(es), 1 terminate flush(es), 0 completion(s), 0 continuation(s) 
[61.672s][info][gc,marking  ] GC(98) Mark Stack Usage: 32M
[61.672s][info][gc,nmethod  ] GC(98) NMethods: 5042 registered, 392 unregistered
[61.672s][info][gc,metaspace] GC(98) Metaspace: 71M used, 72M committed, 1088M reserved
[61.672s][info][gc,ref      ] GC(98) Soft: 3829 encountered, 0 discovered, 0 enqueued
[61.672s][info][gc,ref      ] GC(98) Weak: 11004 encountered, 1611 discovered, 0 enqueued
[61.672s][info][gc,ref      ] GC(98) Final: 289 encountered, 19 discovered, 0 enqueued
[61.672s][info][gc,ref      ] GC(98) Phantom: 422 encountered, 207 discovered, 0 enqueued
[61.672s][info][gc,reloc    ] GC(98) Small Pages: 1300 / 2600M, Empty: 1898M, Relocated: 5M, In-Place: 0
[61.672s][info][gc,reloc    ] GC(98) Medium Pages: 0 / 0M, Empty: 0M, Relocated: 0M, In-Place: 0
[61.672s][info][gc,reloc    ] GC(98) Large Pages: 0 / 0M, Empty: 0M, Relocated: 0M, In-Place: 0
[61.672s][info][gc,reloc    ] GC(98) Forwarding Usage: 2M
[61.672s][info][gc,heap     ] GC(98) Min Capacity: 8M(0%)
[61.672s][info][gc,heap     ] GC(98) Max Capacity: 4096M(100%)
[61.672s][info][gc,heap     ] GC(98) Soft Max Capacity: 4096M(100%)
[61.672s][info][gc,heap     ] GC(98)                Mark Start          Mark End        Relocate Start      Relocate End           High               Low         
[61.672s][info][gc,heap     ] GC(98)  Capacity:     3880M (95%)        3880M (95%)        3880M (95%)        3880M (95%)        3880M (95%)        3880M (95%)    
[61.672s][info][gc,heap     ] GC(98)      Free:     1496M (37%)         994M (24%)        2806M (69%)        3372M (82%)        3404M (83%)         938M (23%)    
[61.672s][info][gc,heap     ] GC(98)      Used:     2600M (63%)        3102M (76%)        1290M (31%)         724M (18%)        3158M (77%)         692M (17%)    
[61.672s][info][gc,heap     ] GC(98)      Live:         -                53M (1%)           53M (1%)           53M (1%)             -                  -          
[61.672s][info][gc,heap     ] GC(98) Allocated:         -               502M (12%)         588M (14%)         658M (16%)            -                  -          
[61.672s][info][gc,heap     ] GC(98)   Garbage:         -              2546M (62%)         648M (16%)          11M (0%)             -                  -          
[61.672s][info][gc,heap     ] GC(98) Reclaimed:         -                  -              1898M (46%)        2534M (62%)            -                  -          
[61.672s][info][gc          ] GC(98) Garbage Collection (Allocation Rate) 2600M(63%)->724M(18%)
[62.035s][info][gc,start    ] GC(99) Garbage Collection (Allocation Rate)
[62.036s][info][gc,task     ] GC(99) Using 2 workers
[62.036s][info][gc,phases   ] GC(99) Pause Mark Start 0.010ms
[62.119s][info][gc,phases   ] GC(99) Concurrent Mark 83.214ms
[62.119s][info][gc,phases   ] GC(99) Pause Mark End 0.026ms
[62.123s][info][gc,phases   ] GC(99) Concurrent Mark Free 0.002ms
[62.134s][info][gc,phases   ] GC(99) Concurrent Process Non-Strong References 11.168ms
[62.134s][info][gc,phases   ] GC(99) Concurrent Reset Relocation Set 0.087ms
[62.144s][info][gc,phases   ] GC(99) Concurrent Select Relocation Set 10.161ms
[62.144s][info][gc,phases   ] GC(99) Pause Relocate Start 0.008ms
[62.163s][info][gc,phases   ] GC(99) Concurrent Relocate 17.752ms
[62.163s][info][gc,load     ] GC(99) Load: 0.00/0.00/0.00
[62.163s][info][gc,mmu      ] GC(99) MMU: 2ms/97.9%, 5ms/99.2%, 10ms/99.6%, 20ms/99.8%, 50ms/99.9%, 100ms/99.9%
[62.163s][info][gc,marking  ] GC(99) Mark: 2 stripe(s), 2 proactive flush(es), 1 terminate flush(es), 0 completion(s), 0 continuation(s) 
[62.163s][info][gc,marking  ] GC(99) Mark Stack Usage: 32M
[62.163s][info][gc,nmethod  ] GC(99) NMethods: 5063 registered, 392 unregistered
[62.163s][info][gc,metaspace] GC(99) Metaspace: 71M used, 72M committed, 1088M reserved
[62.163s][info][gc,ref      ] GC(99) Soft: 3829 encountered, 0 discovered, 0 enqueued
[62.163s][info][gc,ref      ] GC(99) Weak: 10955 encountered, 1556 discovered, 135 enqueued
[62.163s][info][gc,ref      ] GC(99) Final: 289 encountered, 23 discovered, 0 enqueued
[62.163s][info][gc,ref      ] GC(99) Phantom: 422 encountered, 203 discovered, 0 enqueued
[62.163s][info][gc,reloc    ] GC(99) Small Pages: 1298 / 2596M, Empty: 2000M, Relocated: 8M, In-Place: 0
[62.163s][info][gc,reloc    ] GC(99) Medium Pages: 0 / 0M, Empty: 0M, Relocated: 0M, In-Place: 0
[62.163s][info][gc,reloc    ] GC(99) Large Pages: 0 / 0M, Empty: 0M, Relocated: 0M, In-Place: 0
[62.163s][info][gc,reloc    ] GC(99) Forwarding Usage: 3M
[62.163s][info][gc,heap     ] GC(99) Min Capacity: 8M(0%)
[62.163s][info][gc,heap     ] GC(99) Max Capacity: 4096M(100%)
[62.163s][info][gc,heap     ] GC(99) Soft Max Capacity: 4096M(100%)
[62.163s][info][gc,heap     ] GC(99)                Mark Start          Mark End        Relocate Start      Relocate End           High               Low         
[62.163s][info][gc,heap     ] GC(99)  Capacity:     3880M (95%)        3880M (95%)        3880M (95%)        3880M (95%)        3880M (95%)        3880M (95%)    
[62.163s][info][gc,heap     ] GC(99)      Free:     1500M (37%)        1046M (26%)        2924M (71%)        3374M (82%)        3426M (84%)         976M (24%)    
[62.163s][info][gc,heap     ] GC(99)      Used:     2596M (63%)        3050M (74%)        1172M (29%)         722M (18%)        3120M (76%)         670M (16%)    
[62.163s][info][gc,heap     ] GC(99)      Live:         -                52M (1%)           52M (1%)           52M (1%)             -                  -          
[62.163s][info][gc,heap     ] GC(99) Allocated:         -               454M (11%)         576M (14%)         659M (16%)            -                  -          
[62.163s][info][gc,heap     ] GC(99)   Garbage:         -              2543M (62%)         543M (13%)          10M (0%)             -                  -          
[62.163s][info][gc,heap     ] GC(99) Reclaimed:         -                  -              2000M (49%)        2533M (62%)            -                  -          
[62.163s][info][gc          ] GC(99) Garbage Collection (Allocation Rate) 2596M(63%)->722M(18%)
[62.635s][info][gc,start    ] GC(100) Garbage Collection (Allocation Rate)
[62.635s][info][gc,task     ] GC(100) Using 2 workers
[62.635s][info][gc,phases   ] GC(100) Pause Mark Start 0.010ms
[62.716s][info][gc,phases   ] GC(100) Concurrent Mark 81.004ms
[62.717s][info][gc,phases   ] GC(100) Pause Mark End 0.023ms
[62.718s][info][gc,phases   ] GC(100) Concurrent Mark Free 0.001ms
[62.728s][info][gc,phases   ] GC(100) Concurrent Process Non-Strong References 10.571ms
[62.729s][info][gc,phases   ] GC(100) Concurrent Reset Relocation Set 0.089ms
[62.742s][info][gc,phases   ] GC(100) Concurrent Select Relocation Set 12.987ms
[62.742s][info][gc,phases   ] GC(100) Pause Relocate Start 0.010ms
[62.759s][info][gc,phases   ] GC(100) Concurrent Relocate 16.983ms
[62.759s][info][gc,load     ] GC(100) Load: 0.00/0.00/0.00
[62.759s][info][gc,mmu      ] GC(100) MMU: 2ms/97.9%, 5ms/99.2%, 10ms/99.6%, 20ms/99.8%, 50ms/99.9%, 100ms/99.9%
[62.759s][info][gc,marking  ] GC(100) Mark: 2 stripe(s), 2 proactive flush(es), 1 terminate flush(es), 0 completion(s), 0 continuation(s) 
[62.759s][info][gc,marking  ] GC(100) Mark Stack Usage: 32M
[62.759s][info][gc,nmethod  ] GC(100) NMethods: 5063 registered, 392 unregistered
[62.759s][info][gc,metaspace] GC(100) Metaspace: 71M used, 72M committed, 1088M reserved
[62.759s][info][gc,ref      ] GC(100) Soft: 3829 encountered, 0 discovered, 0 enqueued
[62.759s][info][gc,ref      ] GC(100) Weak: 10820 encountered, 1543 discovered, 0 enqueued
[62.759s][info][gc,ref      ] GC(100) Final: 289 encountered, 22 discovered, 0 enqueued
[62.759s][info][gc,ref      ] GC(100) Phantom: 422 encountered, 210 discovered, 0 enqueued
[62.759s][info][gc,reloc    ] GC(100) Small Pages: 1543 / 3086M, Empty: 2364M, Relocated: 8M, In-Place: 0
[62.759s][info][gc,reloc    ] GC(100) Medium Pages: 0 / 0M, Empty: 0M, Relocated: 0M, In-Place: 0
[62.759s][info][gc,reloc    ] GC(100) Large Pages: 0 / 0M, Empty: 0M, Relocated: 0M, In-Place: 0
[62.759s][info][gc,reloc    ] GC(100) Forwarding Usage: 3M
[62.759s][info][gc,heap     ] GC(100) Min Capacity: 8M(0%)
[62.760s][info][gc,heap     ] GC(100) Max Capacity: 4096M(100%)
[62.760s][info][gc,heap     ] GC(100) Soft Max Capacity: 4096M(100%)
[62.760s][info][gc,heap     ] GC(100)                Mark Start          Mark End        Relocate Start      Relocate End           High               Low         
[62.760s][info][gc,heap     ] GC(100)  Capacity:     3880M (95%)        3880M (95%)        3880M (95%)        3880M (95%)        3880M (95%)        3880M (95%)    
[62.760s][info][gc,heap     ] GC(100)      Free:     1010M (25%)         570M (14%)        2810M (69%)        3402M (83%)        3442M (84%)         514M (13%)    
[62.760s][info][gc,heap     ] GC(100)      Used:     3086M (75%)        3526M (86%)        1286M (31%)         694M (17%)        3582M (87%)         654M (16%)    
[62.760s][info][gc,heap     ] GC(100)      Live:         -                52M (1%)           52M (1%)           52M (1%)             -                  -          
[62.760s][info][gc,heap     ] GC(100) Allocated:         -               440M (11%)         564M (14%)         631M (15%)            -                  -          
[62.760s][info][gc,heap     ] GC(100)   Garbage:         -              3033M (74%)         669M (16%)          10M (0%)             -                  -          
[62.760s][info][gc,heap     ] GC(100) Reclaimed:         -                  -              2364M (58%)        3023M (74%)            -                  -          
[62.760s][info][gc          ] GC(100) Garbage Collection (Allocation Rate) 3086M(75%)->694M(17%)
[63.235s][info][gc,start    ] GC(101) Garbage Collection (Allocation Rate)
[63.235s][info][gc,task     ] GC(101) Using 2 workers
[63.235s][info][gc,phases   ] GC(101) Pause Mark Start 0.013ms
[63.322s][info][gc,phases   ] GC(101) Concurrent Mark 86.419ms
[63.323s][info][gc,phases   ] GC(101) Pause Mark End 0.023ms
[63.324s][info][gc,phases   ] GC(101) Concurrent Mark Free 0.001ms
[63.335s][info][gc,phases   ] GC(101) Concurrent Process Non-Strong References 10.812ms
[63.335s][info][gc,phases   ] GC(101) Concurrent Reset Relocation Set 0.074ms
[63.343s][info][gc,phases   ] GC(101) Concurrent Select Relocation Set 7.582ms
[63.343s][info][gc,phases   ] GC(101) Pause Relocate Start 0.010ms
[63.363s][info][gc,phases   ] GC(101) Concurrent Relocate 20.219ms
[63.364s][info][gc,load     ] GC(101) Load: 0.00/0.00/0.00
[63.364s][info][gc,mmu      ] GC(101) MMU: 2ms/97.9%, 5ms/99.2%, 10ms/99.6%, 20ms/99.8%, 50ms/99.9%, 100ms/99.9%
[63.364s][info][gc,marking  ] GC(101) Mark: 2 stripe(s), 2 proactive flush(es), 1 terminate flush(es), 0 completion(s), 0 continuation(s) 
[63.364s][info][gc,marking  ] GC(101) Mark Stack Usage: 32M
[63.364s][info][gc,nmethod  ] GC(101) NMethods: 5069 registered, 393 unregistered
[63.364s][info][gc,metaspace] GC(101) Metaspace: 71M used, 72M committed, 1088M reserved
[63.364s][info][gc,ref      ] GC(101) Soft: 3829 encountered, 0 discovered, 0 enqueued
[63.364s][info][gc,ref      ] GC(101) Weak: 10820 encountered, 1373 discovered, 0 enqueued
[63.364s][info][gc,ref      ] GC(101) Final: 289 encountered, 12 discovered, 0 enqueued
[63.364s][info][gc,ref      ] GC(101) Phantom: 422 encountered, 187 discovered, 0 enqueued
[63.364s][info][gc,reloc    ] GC(101) Small Pages: 1548 / 3096M, Empty: 2518M, Relocated: 8M, In-Place: 0
[63.364s][info][gc,reloc    ] GC(101) Medium Pages: 0 / 0M, Empty: 0M, Relocated: 0M, In-Place: 0
[63.364s][info][gc,reloc    ] GC(101) Large Pages: 0 / 0M, Empty: 0M, Relocated: 0M, In-Place: 0
[63.364s][info][gc,reloc    ] GC(101) Forwarding Usage: 3M
[63.364s][info][gc,heap     ] GC(101) Min Capacity: 8M(0%)
[63.364s][info][gc,heap     ] GC(101) Max Capacity: 4096M(100%)
[63.364s][info][gc,heap     ] GC(101) Soft Max Capacity: 4096M(100%)
[63.364s][info][gc,heap     ] GC(101)                Mark Start          Mark End        Relocate Start      Relocate End           High               Low         
[63.364s][info][gc,heap     ] GC(101)  Capacity:     3880M (95%)        3880M (95%)        3880M (95%)        3880M (95%)        3880M (95%)        3880M (95%)    
[63.364s][info][gc,heap     ] GC(101)      Free:     1000M (24%)         534M (13%)        2958M (72%)        3392M (83%)        3428M (84%)         474M (12%)    
[63.364s][info][gc,heap     ] GC(101)      Used:     3096M (76%)        3562M (87%)        1138M (28%)         704M (17%)        3622M (88%)         668M (16%)    
[63.364s][info][gc,heap     ] GC(101)      Live:         -                51M (1%)           51M (1%)           51M (1%)             -                  -          
[63.364s][info][gc,heap     ] GC(101) Allocated:         -               466M (11%)         560M (14%)         641M (16%)            -                  -          
[63.364s][info][gc,heap     ] GC(101)   Garbage:         -              3044M (74%)         526M (13%)          10M (0%)             -                  -          
[63.364s][info][gc,heap     ] GC(101) Reclaimed:         -                  -              2518M (61%)        3033M (74%)            -                  -          
[63.364s][info][gc          ] GC(101) Garbage Collection (Allocation Rate) 3096M(76%)->704M(17%)
[63.835s][info][gc,start    ] GC(102) Garbage Collection (Allocation Rate)
[63.835s][info][gc,task     ] GC(102) Using 2 workers
[63.835s][info][gc,phases   ] GC(102) Pause Mark Start 0.010ms
[63.922s][info][gc,phases   ] GC(102) Concurrent Mark 86.401ms
[63.922s][info][gc,phases   ] GC(102) Pause Mark End 0.025ms
[63.923s][info][gc,phases   ] GC(102) Concurrent Mark Free 0.001ms
[63.934s][info][gc,phases   ] GC(102) Concurrent Process Non-Strong References 10.737ms
[63.934s][info][gc,phases   ] GC(102) Concurrent Reset Relocation Set 0.073ms
[63.945s][info][gc,phases   ] GC(102) Concurrent Select Relocation Set 11.130ms
[63.945s][info][gc,phases   ] GC(102) Pause Relocate Start 0.010ms
[63.964s][info][gc,phases   ] GC(102) Concurrent Relocate 18.470ms
[63.964s][info][gc,load     ] GC(102) Load: 0.00/0.00/0.00
[63.964s][info][gc,mmu      ] GC(102) MMU: 2ms/97.9%, 5ms/99.2%, 10ms/99.6%, 20ms/99.8%, 50ms/99.9%, 100ms/99.9%
[63.964s][info][gc,marking  ] GC(102) Mark: 2 stripe(s), 2 proactive flush(es), 1 terminate flush(es), 0 completion(s), 0 continuation(s) 
[63.964s][info][gc,marking  ] GC(102) Mark Stack Usage: 32M
[63.964s][info][gc,nmethod  ] GC(102) NMethods: 5067 registered, 396 unregistered
[63.964s][info][gc,metaspace] GC(102) Metaspace: 71M used, 72M committed, 1088M reserved
[63.964s][info][gc,ref      ] GC(102) Soft: 3829 encountered, 0 discovered, 0 enqueued
[63.964s][info][gc,ref      ] GC(102) Weak: 10820 encountered, 2303 discovered, 0 enqueued
[63.964s][info][gc,ref      ] GC(102) Final: 289 encountered, 15 discovered, 0 enqueued
[63.965s][info][gc,ref      ] GC(102) Phantom: 422 encountered, 172 discovered, 0 enqueued
[63.965s][info][gc,reloc    ] GC(102) Small Pages: 1554 / 3108M, Empty: 2414M, Relocated: 8M, In-Place: 0
[63.965s][info][gc,reloc    ] GC(102) Medium Pages: 0 / 0M, Empty: 0M, Relocated: 0M, In-Place: 0
[63.965s][info][gc,reloc    ] GC(102) Large Pages: 0 / 0M, Empty: 0M, Relocated: 0M, In-Place: 0
[63.965s][info][gc,reloc    ] GC(102) Forwarding Usage: 3M
[63.965s][info][gc,heap     ] GC(102) Min Capacity: 8M(0%)
[63.965s][info][gc,heap     ] GC(102) Max Capacity: 4096M(100%)
[63.965s][info][gc,heap     ] GC(102) Soft Max Capacity: 4096M(100%)
[63.965s][info][gc,heap     ] GC(102)                Mark Start          Mark End        Relocate Start      Relocate End           High               Low         
[63.965s][info][gc,heap     ] GC(102)  Capacity:     3880M (95%)        3880M (95%)        3880M (95%)        3880M (95%)        3880M (95%)        3880M (95%)    
[63.965s][info][gc,heap     ] GC(102)      Free:      988M (24%)         518M (13%)        2818M (69%)        3374M (82%)        3416M (83%)         460M (11%)    
[63.965s][info][gc,heap     ] GC(102)      Used:     3108M (76%)        3578M (87%)        1278M (31%)         722M (18%)        3636M (89%)         680M (17%)    
[63.965s][info][gc,heap     ] GC(102)      Live:         -                52M (1%)           52M (1%)           52M (1%)             -                  -          
[63.965s][info][gc,heap     ] GC(102) Allocated:         -               470M (11%)         584M (14%)         659M (16%)            -                  -          
[63.965s][info][gc,heap     ] GC(102)   Garbage:         -              3055M (75%)         641M (16%)          10M (0%)             -                  -          
[63.965s][info][gc,heap     ] GC(102) Reclaimed:         -                  -              2414M (59%)        3045M (74%)            -                  -          
[63.965s][info][gc          ] GC(102) Garbage Collection (Allocation Rate) 3108M(76%)->722M(18%)
[64.435s][info][gc,start    ] GC(103) Garbage Collection (Allocation Rate)
[64.435s][info][gc,task     ] GC(103) Using 2 workers
[64.435s][info][gc,phases   ] GC(103) Pause Mark Start 0.011ms
[64.537s][info][gc,phases   ] GC(103) Concurrent Mark 101.202ms
[64.537s][info][gc,phases   ] GC(103) Pause Mark End 0.021ms
[64.537s][info][gc,phases   ] GC(103) Concurrent Mark Free 0.002ms
[64.548s][info][gc,phases   ] GC(103) Concurrent Process Non-Strong References 10.942ms
[64.549s][info][gc,phases   ] GC(103) Concurrent Reset Relocation Set 0.071ms
[64.555s][info][gc,phases   ] GC(103) Concurrent Select Relocation Set 6.226ms
[64.555s][info][gc,phases   ] GC(103) Pause Relocate Start 0.008ms
[64.570s][info][gc,phases   ] GC(103) Concurrent Relocate 14.785ms
[64.570s][info][gc,load     ] GC(103) Load: 0.00/0.00/0.00
[64.570s][info][gc,mmu      ] GC(103) MMU: 2ms/97.9%, 5ms/99.2%, 10ms/99.6%, 20ms/99.8%, 50ms/99.9%, 100ms/99.9%
[64.570s][info][gc,marking  ] GC(103) Mark: 2 stripe(s), 2 proactive flush(es), 1 terminate flush(es), 0 completion(s), 0 continuation(s) 
[64.570s][info][gc,marking  ] GC(103) Mark Stack Usage: 32M
[64.570s][info][gc,nmethod  ] GC(103) NMethods: 5071 registered, 400 unregistered
[64.570s][info][gc,metaspace] GC(103) Metaspace: 71M used, 72M committed, 1088M reserved
[64.570s][info][gc,ref      ] GC(103) Soft: 3829 encountered, 0 discovered, 0 enqueued
[64.570s][info][gc,ref      ] GC(103) Weak: 10712 encountered, 1690 discovered, 34 enqueued
[64.570s][info][gc,ref      ] GC(103) Final: 289 encountered, 21 discovered, 0 enqueued
[64.570s][info][gc,ref      ] GC(103) Phantom: 422 encountered, 247 discovered, 0 enqueued
[64.570s][info][gc,reloc    ] GC(103) Small Pages: 1550 / 3100M, Empty: 2328M, Relocated: 6M, In-Place: 0
[64.570s][info][gc,reloc    ] GC(103) Medium Pages: 0 / 0M, Empty: 0M, Relocated: 0M, In-Place: 0
[64.570s][info][gc,reloc    ] GC(103) Large Pages: 0 / 0M, Empty: 0M, Relocated: 0M, In-Place: 0
[64.570s][info][gc,reloc    ] GC(103) Forwarding Usage: 2M
[64.570s][info][gc,heap     ] GC(103) Min Capacity: 8M(0%)
[64.570s][info][gc,heap     ] GC(103) Max Capacity: 4096M(100%)
[64.570s][info][gc,heap     ] GC(103) Soft Max Capacity: 4096M(100%)
[64.570s][info][gc,heap     ] GC(103)                Mark Start          Mark End        Relocate Start      Relocate End           High               Low         
[64.570s][info][gc,heap     ] GC(103)  Capacity:     3880M (95%)        3880M (95%)        3880M (95%)        3880M (95%)        3880M (95%)        3880M (95%)    
[64.570s][info][gc,heap     ] GC(103)      Free:      996M (24%)         466M (11%)        2708M (66%)        3356M (82%)        3378M (82%)         412M (10%)    
[64.570s][info][gc,heap     ] GC(103)      Used:     3100M (76%)        3630M (89%)        1388M (34%)         740M (18%)        3684M (90%)         718M (18%)    
[64.571s][info][gc,heap     ] GC(103)      Live:         -                51M (1%)           51M (1%)           51M (1%)             -                  -          
[64.571s][info][gc,heap     ] GC(103) Allocated:         -               530M (13%)         616M (15%)         678M (17%)            -                  -          
[64.571s][info][gc,heap     ] GC(103)   Garbage:         -              3048M (74%)         720M (18%)          10M (0%)             -                  -          
[64.571s][info][gc,heap     ] GC(103) Reclaimed:         -                  -              2328M (57%)        3038M (74%)            -                  -          
[64.571s][info][gc          ] GC(103) Garbage Collection (Allocation Rate) 3100M(76%)->740M(18%)
[65.042s][info][gc,start    ] GC(104) Garbage Collection (Allocation Rate)
[65.042s][info][gc,task     ] GC(104) Using 2 workers
[65.042s][info][gc,phases   ] GC(104) Pause Mark Start 0.010ms
[65.112s][info][gc,phases   ] GC(104) Concurrent Mark 69.471ms
[65.112s][info][gc,phases   ] GC(104) Pause Mark End 0.023ms
[65.112s][info][gc,phases   ] GC(104) Concurrent Mark Free 0.001ms
[65.119s][info][gc,phases   ] GC(104) Concurrent Process Non-Strong References 7.258ms
[65.119s][info][gc,phases   ] GC(104) Concurrent Reset Relocation Set 0.044ms
[65.123s][info][gc,phases   ] GC(104) Concurrent Select Relocation Set 3.259ms
[65.123s][info][gc,phases   ] GC(104) Pause Relocate Start 0.008ms
[65.132s][info][gc,phases   ] GC(104) Concurrent Relocate 9.690ms
[65.133s][info][gc,load     ] GC(104) Load: 0.00/0.00/0.00
[65.133s][info][gc,mmu      ] GC(104) MMU: 2ms/97.9%, 5ms/99.2%, 10ms/99.6%, 20ms/99.8%, 50ms/99.9%, 100ms/99.9%
[65.133s][info][gc,marking  ] GC(104) Mark: 2 stripe(s), 2 proactive flush(es), 1 terminate flush(es), 0 completion(s), 0 continuation(s) 
[65.133s][info][gc,marking  ] GC(104) Mark Stack Usage: 32M
[65.133s][info][gc,nmethod  ] GC(104) NMethods: 5074 registered, 401 unregistered
[65.133s][info][gc,metaspace] GC(104) Metaspace: 71M used, 72M committed, 1088M reserved
[65.133s][info][gc,ref      ] GC(104) Soft: 3829 encountered, 0 discovered, 0 enqueued
[65.133s][info][gc,ref      ] GC(104) Weak: 9995 encountered, 1148 discovered, 168 enqueued
[65.133s][info][gc,ref      ] GC(104) Final: 289 encountered, 15 discovered, 0 enqueued
[65.133s][info][gc,ref      ] GC(104) Phantom: 422 encountered, 185 discovered, 0 enqueued
[65.133s][info][gc,reloc    ] GC(104) Small Pages: 1355 / 2710M, Empty: 1978M, Relocated: 6M, In-Place: 0
[65.133s][info][gc,reloc    ] GC(104) Medium Pages: 0 / 0M, Empty: 0M, Relocated: 0M, In-Place: 0
[65.133s][info][gc,reloc    ] GC(104) Large Pages: 0 / 0M, Empty: 0M, Relocated: 0M, In-Place: 0
[65.133s][info][gc,reloc    ] GC(104) Forwarding Usage: 1M
[65.133s][info][gc,heap     ] GC(104) Min Capacity: 8M(0%)
[65.133s][info][gc,heap     ] GC(104) Max Capacity: 4096M(100%)
[65.133s][info][gc,heap     ] GC(104) Soft Max Capacity: 4096M(100%)
[65.133s][info][gc,heap     ] GC(104)                Mark Start          Mark End        Relocate Start      Relocate End           High               Low         
[65.133s][info][gc,heap     ] GC(104)  Capacity:     3880M (95%)        3880M (95%)        3880M (95%)        3880M (95%)        3880M (95%)        3880M (95%)    
[65.133s][info][gc,heap     ] GC(104)      Free:     1386M (34%)        1146M (28%)        3098M (76%)        3746M (91%)        3754M (92%)        1134M (28%)    
[65.133s][info][gc,heap     ] GC(104)      Used:     2710M (66%)        2950M (72%)         998M (24%)         350M (9%)         2962M (72%)         342M (8%)     
[65.133s][info][gc,heap     ] GC(104)      Live:         -                49M (1%)           49M (1%)           49M (1%)             -                  -          
[65.133s][info][gc,heap     ] GC(104) Allocated:         -               240M (6%)          266M (6%)          289M (7%)             -                  -          
[65.133s][info][gc,heap     ] GC(104)   Garbage:         -              2660M (65%)         682M (17%)          10M (0%)             -                  -          
[65.133s][info][gc,heap     ] GC(104) Reclaimed:         -                  -              1978M (48%)        2649M (65%)            -                  -          
[65.133s][info][gc          ] GC(104) Garbage Collection (Allocation Rate) 2710M(66%)->350M(9%)
[65.742s][info][gc,start    ] GC(105) Garbage Collection (Allocation Rate)
[65.742s][info][gc,task     ] GC(105) Using 6 workers
[65.742s][info][gc,phases   ] GC(105) Pause Mark Start 0.010ms
[65.763s][info][gc,phases   ] GC(105) Concurrent Mark 20.630ms
[65.763s][info][gc,phases   ] GC(105) Pause Mark End 0.024ms
[65.763s][info][gc,phases   ] GC(105) Concurrent Mark Free 0.001ms
[65.765s][info][gc,phases   ] GC(105) Concurrent Process Non-Strong References 2.545ms
[65.766s][info][gc,phases   ] GC(105) Concurrent Reset Relocation Set 0.042ms
[65.768s][info][gc,phases   ] GC(105) Concurrent Select Relocation Set 2.722ms
[65.768s][info][gc,phases   ] GC(105) Pause Relocate Start 0.007ms
[65.770s][info][gc,phases   ] GC(105) Concurrent Relocate 1.501ms
[65.770s][info][gc,load     ] GC(105) Load: 0.00/0.00/0.00
[65.770s][info][gc,mmu      ] GC(105) MMU: 2ms/97.9%, 5ms/99.2%, 10ms/99.6%, 20ms/99.8%, 50ms/99.9%, 100ms/99.9%
[65.770s][info][gc,marking  ] GC(105) Mark: 4 stripe(s), 2 proactive flush(es), 1 terminate flush(es), 0 completion(s), 0 continuation(s) 
[65.770s][info][gc,marking  ] GC(105) Mark Stack Usage: 32M
[65.770s][info][gc,nmethod  ] GC(105) NMethods: 5073 registered, 402 unregistered
[65.770s][info][gc,metaspace] GC(105) Metaspace: 71M used, 72M committed, 1088M reserved
[65.770s][info][gc,ref      ] GC(105) Soft: 3829 encountered, 0 discovered, 0 enqueued
[65.770s][info][gc,ref      ] GC(105) Weak: 9628 encountered, 2107 discovered, 49 enqueued
[65.770s][info][gc,ref      ] GC(105) Final: 289 encountered, 15 discovered, 0 enqueued
[65.770s][info][gc,ref      ] GC(105) Phantom: 422 encountered, 360 discovered, 0 enqueued
[65.770s][info][gc,reloc    ] GC(105) Small Pages: 879 / 1758M, Empty: 1424M, Relocated: 2M, In-Place: 0
[65.770s][info][gc,reloc    ] GC(105) Medium Pages: 0 / 0M, Empty: 0M, Relocated: 0M, In-Place: 0
[65.770s][info][gc,reloc    ] GC(105) Large Pages: 0 / 0M, Empty: 0M, Relocated: 0M, In-Place: 0
[65.770s][info][gc,reloc    ] GC(105) Forwarding Usage: 0M
[65.770s][info][gc,heap     ] GC(105) Min Capacity: 8M(0%)
[65.770s][info][gc,heap     ] GC(105) Max Capacity: 4096M(100%)
[65.770s][info][gc,heap     ] GC(105) Soft Max Capacity: 4096M(100%)
[65.770s][info][gc,heap     ] GC(105)                Mark Start          Mark End        Relocate Start      Relocate End           High               Low         
[65.770s][info][gc,heap     ] GC(105)  Capacity:     3880M (95%)        3880M (95%)        3880M (95%)        3880M (95%)        3880M (95%)        3880M (95%)    
[65.770s][info][gc,heap     ] GC(105)      Free:     2338M (57%)        2274M (56%)        3696M (90%)        3954M (97%)        3954M (97%)        2272M (55%)    
[65.770s][info][gc,heap     ] GC(105)      Used:     1758M (43%)        1822M (44%)         400M (10%)         142M (3%)         1824M (45%)         142M (3%)     
[65.770s][info][gc,heap     ] GC(105)      Live:         -                49M (1%)           49M (1%)           49M (1%)             -                  -          
[65.770s][info][gc,heap     ] GC(105) Allocated:         -                64M (2%)           66M (2%)           73M (2%)             -                  -          
[65.770s][info][gc,heap     ] GC(105)   Garbage:         -              1708M (42%)         284M (7%)           18M (0%)             -                  -          
[65.770s][info][gc,heap     ] GC(105) Reclaimed:         -                  -              1424M (35%)        1689M (41%)            -                  -          
[65.770s][info][gc          ] GC(105) Garbage Collection (Allocation Rate) 1758M(43%)->142M(3%)
[66.859s][info][gc,start    ] GC(106) Garbage Collection (System.gc())
[66.859s][info][gc,task     ] GC(106) Using 12 workers
[66.859s][info][gc,phases   ] GC(106) Pause Mark Start 0.016ms
[66.884s][info][gc,phases   ] GC(106) Concurrent Mark 24.661ms
[66.884s][info][gc,phases   ] GC(106) Pause Mark End 0.020ms
[66.884s][info][gc,phases   ] GC(106) Concurrent Mark Free 0.001ms
[66.886s][info][gc,phases   ] GC(106) Concurrent Process Non-Strong References 1.600ms
[66.886s][info][gc,phases   ] GC(106) Concurrent Reset Relocation Set 0.018ms
[66.889s][info][gc,phases   ] GC(106) Concurrent Select Relocation Set 3.194ms
[66.889s][info][gc,phases   ] GC(106) Pause Relocate Start 0.006ms
[66.890s][info][gc,phases   ] GC(106) Concurrent Relocate 1.240ms
[66.890s][info][gc,load     ] GC(106) Load: 0.00/0.00/0.00
[66.890s][info][gc,mmu      ] GC(106) MMU: 2ms/97.9%, 5ms/99.2%, 10ms/99.6%, 20ms/99.8%, 50ms/99.9%, 100ms/99.9%
[66.890s][info][gc,marking  ] GC(106) Mark: 8 stripe(s), 2 proactive flush(es), 1 terminate flush(es), 0 completion(s), 0 continuation(s) 
[66.890s][info][gc,marking  ] GC(106) Mark Stack Usage: 32M
[66.890s][info][gc,nmethod  ] GC(106) NMethods: 5147 registered, 403 unregistered
[66.890s][info][gc,metaspace] GC(106) Metaspace: 71M used, 72M committed, 1088M reserved
[66.890s][info][gc,ref      ] GC(106) Soft: 3829 encountered, 0 discovered, 0 enqueued
[66.890s][info][gc,ref      ] GC(106) Weak: 9624 encountered, 1023 discovered, 49 enqueued
[66.890s][info][gc,ref      ] GC(106) Final: 289 encountered, 8 discovered, 0 enqueued
[66.890s][info][gc,ref      ] GC(106) Phantom: 422 encountered, 289 discovered, 0 enqueued
[66.890s][info][gc,reloc    ] GC(106) Small Pages: 1118 / 2236M, Empty: 2004M, Relocated: 3M, In-Place: 0
[66.890s][info][gc,reloc    ] GC(106) Medium Pages: 0 / 0M, Empty: 0M, Relocated: 0M, In-Place: 0
[66.890s][info][gc,reloc    ] GC(106) Large Pages: 0 / 0M, Empty: 0M, Relocated: 0M, In-Place: 0
[66.890s][info][gc,reloc    ] GC(106) Forwarding Usage: 1M
[66.890s][info][gc,heap     ] GC(106) Min Capacity: 8M(0%)
[66.890s][info][gc,heap     ] GC(106) Max Capacity: 4096M(100%)
[66.891s][info][gc,heap     ] GC(106) Soft Max Capacity: 4096M(100%)
[66.891s][info][gc,heap     ] GC(106)                Mark Start          Mark End        Relocate Start      Relocate End           High               Low         
[66.891s][info][gc,heap     ] GC(106)  Capacity:     3880M (95%)        3880M (95%)        3880M (95%)        3880M (95%)        3880M (95%)        3880M (95%)    
[66.891s][info][gc,heap     ] GC(106)      Free:     1860M (45%)        1792M (44%)        3796M (93%)        3948M (96%)        3948M (96%)        1792M (44%)    
[66.891s][info][gc,heap     ] GC(106)      Used:     2236M (55%)        2304M (56%)         300M (7%)          148M (4%)         2304M (56%)         148M (4%)     
[66.891s][info][gc,heap     ] GC(106)      Live:         -                49M (1%)           49M (1%)           49M (1%)             -                  -          
[66.891s][info][gc,heap     ] GC(106) Allocated:         -                68M (2%)           68M (2%)           68M (2%)             -                  -          
[66.891s][info][gc,heap     ] GC(106)   Garbage:         -              2186M (53%)         182M (4%)           30M (1%)             -                  -          
[66.891s][info][gc,heap     ] GC(106) Reclaimed:         -                  -              2004M (49%)        2156M (53%)            -                  -          
[66.891s][info][gc          ] GC(106) Garbage Collection (System.gc()) 2236M(55%)->148M(4%)
[67.535s][info][gc,start    ] GC(107) Garbage Collection (Allocation Rate)
[67.535s][info][gc,task     ] GC(107) Using 12 workers
[67.536s][info][gc,phases   ] GC(107) Pause Mark Start 0.013ms
[67.559s][info][gc,phases   ] GC(107) Concurrent Mark 23.321ms
[67.559s][info][gc,phases   ] GC(107) Pause Mark End 0.029ms
[67.561s][info][gc,phases   ] GC(107) Concurrent Mark Free 0.001ms
[67.564s][info][gc,phases   ] GC(107) Concurrent Process Non-Strong References 3.451ms
[67.564s][info][gc,phases   ] GC(107) Concurrent Reset Relocation Set 0.025ms
[67.573s][info][gc,phases   ] GC(107) Concurrent Select Relocation Set 9.215ms
[67.574s][info][gc,phases   ] GC(107) Pause Relocate Start 0.009ms
[67.582s][info][gc,phases   ] GC(107) Concurrent Relocate 7.656ms
[67.582s][info][gc,load     ] GC(107) Load: 0.00/0.00/0.00
[67.582s][info][gc,mmu      ] GC(107) MMU: 2ms/97.9%, 5ms/99.2%, 10ms/99.6%, 20ms/99.8%, 50ms/99.9%, 100ms/99.9%
[67.582s][info][gc,marking  ] GC(107) Mark: 8 stripe(s), 3 proactive flush(es), 1 terminate flush(es), 0 completion(s), 0 continuation(s) 
[67.582s][info][gc,marking  ] GC(107) Mark Stack Usage: 32M
[67.582s][info][gc,nmethod  ] GC(107) NMethods: 5243 registered, 446 unregistered
[67.582s][info][gc,metaspace] GC(107) Metaspace: 71M used, 72M committed, 1088M reserved
[67.582s][info][gc,ref      ] GC(107) Soft: 3829 encountered, 0 discovered, 0 enqueued
[67.582s][info][gc,ref      ] GC(107) Weak: 11017 encountered, 1529 discovered, 1 enqueued
[67.582s][info][gc,ref      ] GC(107) Final: 289 encountered, 26 discovered, 0 enqueued
[67.582s][info][gc,ref      ] GC(107) Phantom: 429 encountered, 305 discovered, 7 enqueued
[67.582s][info][gc,reloc    ] GC(107) Small Pages: 1632 / 3264M, Empty: 2394M, Relocated: 10M, In-Place: 0
[67.582s][info][gc,reloc    ] GC(107) Medium Pages: 0 / 0M, Empty: 0M, Relocated: 0M, In-Place: 0
[67.582s][info][gc,reloc    ] GC(107) Large Pages: 0 / 0M, Empty: 0M, Relocated: 0M, In-Place: 0
[67.582s][info][gc,reloc    ] GC(107) Forwarding Usage: 4M
[67.582s][info][gc,heap     ] GC(107) Min Capacity: 8M(0%)
[67.582s][info][gc,heap     ] GC(107) Max Capacity: 4096M(100%)
[67.582s][info][gc,heap     ] GC(107) Soft Max Capacity: 4096M(100%)
[67.582s][info][gc,heap     ] GC(107)                Mark Start          Mark End        Relocate Start      Relocate End           High               Low         
[67.582s][info][gc,heap     ] GC(107)  Capacity:     3880M (95%)        3880M (95%)        3880M (95%)        3880M (95%)        3880M (95%)        3880M (95%)    
[67.582s][info][gc,heap     ] GC(107)      Free:      832M (20%)         672M (16%)        3014M (74%)        3782M (92%)        3786M (92%)         664M (16%)    
[67.582s][info][gc,heap     ] GC(107)      Used:     3264M (80%)        3424M (84%)        1082M (26%)         314M (8%)         3432M (84%)         310M (8%)     
[67.582s][info][gc,heap     ] GC(107)      Live:         -                53M (1%)           53M (1%)           53M (1%)             -                  -          
[67.582s][info][gc,heap     ] GC(107) Allocated:         -               160M (4%)          212M (5%)          236M (6%)             -                  -          
[67.582s][info][gc,heap     ] GC(107)   Garbage:         -              3210M (78%)         816M (20%)          23M (1%)             -                  -          
[67.582s][info][gc,heap     ] GC(107) Reclaimed:         -                  -              2394M (58%)        3186M (78%)            -                  -          
[67.582s][info][gc          ] GC(107) Garbage Collection (Allocation Rate) 3264M(80%)->314M(8%)
[68.035s][info][gc,start    ] GC(108) Garbage Collection (Allocation Rate)
[68.035s][info][gc,task     ] GC(108) Using 12 workers
[68.035s][info][gc,phases   ] GC(108) Pause Mark Start 0.011ms
[68.060s][info][gc,phases   ] GC(108) Concurrent Mark 24.268ms
[68.060s][info][gc,phases   ] GC(108) Pause Mark End 0.031ms
[68.061s][info][gc,phases   ] GC(108) Concurrent Mark Free 0.001ms
[68.066s][info][gc,phases   ] GC(108) Concurrent Process Non-Strong References 4.595ms
[68.066s][info][gc,phases   ] GC(108) Concurrent Reset Relocation Set 0.096ms
[68.072s][info][gc,phases   ] GC(108) Concurrent Select Relocation Set 5.757ms
[68.072s][info][gc,phases   ] GC(108) Pause Relocate Start 0.009ms
[68.081s][info][gc,phases   ] GC(108) Concurrent Relocate 8.986ms
[68.082s][info][gc,load     ] GC(108) Load: 0.00/0.00/0.00
[68.082s][info][gc,mmu      ] GC(108) MMU: 2ms/97.9%, 5ms/99.2%, 10ms/99.6%, 20ms/99.8%, 50ms/99.9%, 100ms/99.9%
[68.082s][info][gc,marking  ] GC(108) Mark: 8 stripe(s), 2 proactive flush(es), 1 terminate flush(es), 0 completion(s), 0 continuation(s) 
[68.082s][info][gc,marking  ] GC(108) Mark Stack Usage: 32M
[68.082s][info][gc,nmethod  ] GC(108) NMethods: 5243 registered, 446 unregistered
[68.082s][info][gc,metaspace] GC(108) Metaspace: 71M used, 72M committed, 1088M reserved
[68.082s][info][gc,ref      ] GC(108) Soft: 3829 encountered, 0 discovered, 0 enqueued
[68.082s][info][gc,ref      ] GC(108) Weak: 11016 encountered, 1481 discovered, 0 enqueued
[68.082s][info][gc,ref      ] GC(108) Final: 289 encountered, 0 discovered, 0 enqueued
[68.082s][info][gc,ref      ] GC(108) Phantom: 422 encountered, 308 discovered, 0 enqueued
[68.082s][info][gc,reloc    ] GC(108) Small Pages: 1302 / 2604M, Empty: 1990M, Relocated: 10M, In-Place: 0
[68.082s][info][gc,reloc    ] GC(108) Medium Pages: 0 / 0M, Empty: 0M, Relocated: 0M, In-Place: 0
[68.082s][info][gc,reloc    ] GC(108) Large Pages: 0 / 0M, Empty: 0M, Relocated: 0M, In-Place: 0
[68.082s][info][gc,reloc    ] GC(108) Forwarding Usage: 4M
[68.082s][info][gc,heap     ] GC(108) Min Capacity: 8M(0%)
[68.082s][info][gc,heap     ] GC(108) Max Capacity: 4096M(100%)
[68.082s][info][gc,heap     ] GC(108) Soft Max Capacity: 4096M(100%)
[68.082s][info][gc,heap     ] GC(108)                Mark Start          Mark End        Relocate Start      Relocate End           High               Low         
[68.082s][info][gc,heap     ] GC(108)  Capacity:     3880M (95%)        3880M (95%)        3880M (95%)        3880M (95%)        3880M (95%)        3880M (95%)    
[68.082s][info][gc,heap     ] GC(108)      Free:     1492M (36%)        1340M (33%)        3274M (80%)        3768M (92%)        3786M (92%)        1312M (32%)    
[68.082s][info][gc,heap     ] GC(108)      Used:     2604M (64%)        2756M (67%)         822M (20%)         328M (8%)         2784M (68%)         310M (8%)     
[68.082s][info][gc,heap     ] GC(108)      Live:         -                53M (1%)           53M (1%)           53M (1%)             -                  -          
[68.082s][info][gc,heap     ] GC(108) Allocated:         -               152M (4%)          208M (5%)          250M (6%)             -                  -          
[68.082s][info][gc,heap     ] GC(108)   Garbage:         -              2550M (62%)         560M (14%)          23M (1%)             -                  -          
[68.082s][info][gc,heap     ] GC(108) Reclaimed:         -                  -              1990M (49%)        2526M (62%)            -                  -          
[68.082s][info][gc          ] GC(108) Garbage Collection (Allocation Rate) 2604M(64%)->328M(8%)
[68.336s][info][gc,start    ] GC(109) Garbage Collection (Allocation Rate)
[68.336s][info][gc,task     ] GC(109) Using 3 workers
[68.336s][info][gc,phases   ] GC(109) Pause Mark Start 0.010ms
[68.406s][info][gc,phases   ] GC(109) Concurrent Mark 69.365ms
[68.406s][info][gc,phases   ] GC(109) Pause Mark End 0.026ms
[68.406s][info][gc,phases   ] GC(109) Concurrent Mark Free 0.001ms
[68.416s][info][gc,phases   ] GC(109) Concurrent Process Non-Strong References 9.814ms
[68.416s][info][gc,phases   ] GC(109) Concurrent Reset Relocation Set 0.077ms
[68.430s][info][gc,phases   ] GC(109) Concurrent Select Relocation Set 13.577ms
[68.430s][info][gc,phases   ] GC(109) Pause Relocate Start 0.008ms
[68.445s][info][gc,phases   ] GC(109) Concurrent Relocate 14.765ms
[68.445s][info][gc,load     ] GC(109) Load: 0.00/0.00/0.00
[68.445s][info][gc,mmu      ] GC(109) MMU: 2ms/97.9%, 5ms/99.2%, 10ms/99.6%, 20ms/99.8%, 50ms/99.9%, 100ms/99.9%
[68.445s][info][gc,marking  ] GC(109) Mark: 2 stripe(s), 2 proactive flush(es), 1 terminate flush(es), 0 completion(s), 0 continuation(s) 
[68.445s][info][gc,marking  ] GC(109) Mark Stack Usage: 32M
[68.445s][info][gc,nmethod  ] GC(109) NMethods: 5243 registered, 446 unregistered
[68.445s][info][gc,metaspace] GC(109) Metaspace: 71M used, 72M committed, 1088M reserved
[68.445s][info][gc,ref      ] GC(109) Soft: 3829 encountered, 0 discovered, 0 enqueued
[68.445s][info][gc,ref      ] GC(109) Weak: 11016 encountered, 1334 discovered, 0 enqueued
[68.445s][info][gc,ref      ] GC(109) Final: 289 encountered, 0 discovered, 0 enqueued
[68.445s][info][gc,ref      ] GC(109) Phantom: 422 encountered, 184 discovered, 0 enqueued
[68.445s][info][gc,reloc    ] GC(109) Small Pages: 798 / 1596M, Empty: 1046M, Relocated: 10M, In-Place: 0
[68.445s][info][gc,reloc    ] GC(109) Medium Pages: 0 / 0M, Empty: 0M, Relocated: 0M, In-Place: 0
[68.445s][info][gc,reloc    ] GC(109) Large Pages: 0 / 0M, Empty: 0M, Relocated: 0M, In-Place: 0
[68.445s][info][gc,reloc    ] GC(109) Forwarding Usage: 4M
[68.445s][info][gc,heap     ] GC(109) Min Capacity: 8M(0%)
[68.445s][info][gc,heap     ] GC(109) Max Capacity: 4096M(100%)
[68.445s][info][gc,heap     ] GC(109) Soft Max Capacity: 4096M(100%)
[68.445s][info][gc,heap     ] GC(109)                Mark Start          Mark End        Relocate Start      Relocate End           High               Low         
[68.445s][info][gc,heap     ] GC(109)  Capacity:     3880M (95%)        3880M (95%)        3880M (95%)        3880M (95%)        3880M (95%)        3880M (95%)    
[68.445s][info][gc,heap     ] GC(109)      Free:     2500M (61%)        2118M (52%)        3056M (75%)        3478M (85%)        3502M (85%)        2076M (51%)    
[68.446s][info][gc,heap     ] GC(109)      Used:     1596M (39%)        1978M (48%)        1040M (25%)         618M (15%)        2020M (49%)         594M (15%)    
[68.446s][info][gc,heap     ] GC(109)      Live:         -                53M (1%)           53M (1%)           53M (1%)             -                  -          
[68.446s][info][gc,heap     ] GC(109) Allocated:         -               382M (9%)          490M (12%)         551M (13%)            -                  -          
[68.446s][info][gc,heap     ] GC(109)   Garbage:         -              1542M (38%)         496M (12%)          12M (0%)             -                  -          
[68.446s][info][gc,heap     ] GC(109) Reclaimed:         -                  -              1046M (26%)        1529M (37%)            -                  -          
[68.446s][info][gc          ] GC(109) Garbage Collection (Allocation Rate) 1596M(39%)->618M(15%)
[68.635s][info][gc,start    ] GC(110) Garbage Collection (Allocation Rate)
[68.769s][info][gc,task     ] GC(110) Using 2 workers
[68.769s][info][gc,phases   ] GC(110) Pause Mark Start 0.013ms
[68.863s][info][gc,phases   ] GC(110) Concurrent Mark 93.947ms
[68.864s][info][gc,phases   ] GC(110) Pause Mark End 0.028ms
[68.865s][info][gc,phases   ] GC(110) Concurrent Mark Free 0.001ms
[68.875s][info][gc,phases   ] GC(110) Concurrent Process Non-Strong References 10.348ms
[68.875s][info][gc,phases   ] GC(110) Concurrent Reset Relocation Set 0.066ms
[68.881s][info][gc,phases   ] GC(110) Concurrent Select Relocation Set 6.181ms
[68.882s][info][gc,phases   ] GC(110) Pause Relocate Start 0.008ms
[68.902s][info][gc,phases   ] GC(110) Concurrent Relocate 19.852ms
[68.902s][info][gc,load     ] GC(110) Load: 0.00/0.00/0.00
[68.902s][info][gc,mmu      ] GC(110) MMU: 2ms/97.9%, 5ms/99.2%, 10ms/99.6%, 20ms/99.8%, 50ms/99.9%, 100ms/99.9%
[68.902s][info][gc,marking  ] GC(110) Mark: 2 stripe(s), 2 proactive flush(es), 1 terminate flush(es), 0 completion(s), 0 continuation(s) 
[68.902s][info][gc,marking  ] GC(110) Mark Stack Usage: 32M
[68.902s][info][gc,nmethod  ] GC(110) NMethods: 5243 registered, 448 unregistered
[68.902s][info][gc,metaspace] GC(110) Metaspace: 71M used, 72M committed, 1088M reserved
[68.902s][info][gc,ref      ] GC(110) Soft: 3829 encountered, 0 discovered, 0 enqueued
[68.902s][info][gc,ref      ] GC(110) Weak: 11016 encountered, 1463 discovered, 0 enqueued
[68.902s][info][gc,ref      ] GC(110) Final: 289 encountered, 17 discovered, 0 enqueued
[68.902s][info][gc,ref      ] GC(110) Phantom: 422 encountered, 200 discovered, 0 enqueued
[68.902s][info][gc,reloc    ] GC(110) Small Pages: 1133 / 2266M, Empty: 1594M, Relocated: 8M, In-Place: 0
[68.902s][info][gc,reloc    ] GC(110) Medium Pages: 0 / 0M, Empty: 0M, Relocated: 0M, In-Place: 0
[68.902s][info][gc,reloc    ] GC(110) Large Pages: 0 / 0M, Empty: 0M, Relocated: 0M, In-Place: 0
[68.902s][info][gc,reloc    ] GC(110) Forwarding Usage: 3M
[68.902s][info][gc,heap     ] GC(110) Min Capacity: 8M(0%)
[68.902s][info][gc,heap     ] GC(110) Max Capacity: 4096M(100%)
[68.902s][info][gc,heap     ] GC(110) Soft Max Capacity: 4096M(100%)
[68.902s][info][gc,heap     ] GC(110)                Mark Start          Mark End        Relocate Start      Relocate End           High               Low         
[68.902s][info][gc,heap     ] GC(110)  Capacity:     3880M (95%)        3880M (95%)        3880M (95%)        3880M (95%)        3880M (95%)        3880M (95%)    
[68.902s][info][gc,heap     ] GC(110)      Free:     1830M (45%)        1326M (32%)        2838M (69%)        3364M (82%)        3410M (83%)        1278M (31%)    
[68.902s][info][gc,heap     ] GC(110)      Used:     2266M (55%)        2770M (68%)        1258M (31%)         732M (18%)        2818M (69%)         686M (17%)    
[68.902s][info][gc,heap     ] GC(110)      Live:         -                53M (1%)           53M (1%)           53M (1%)             -                  -          
[68.902s][info][gc,heap     ] GC(110) Allocated:         -               504M (12%)         586M (14%)         667M (16%)            -                  -          
[68.902s][info][gc,heap     ] GC(110)   Garbage:         -              2212M (54%)         618M (15%)          10M (0%)             -                  -          
[68.902s][info][gc,heap     ] GC(110) Reclaimed:         -                  -              1594M (39%)        2201M (54%)            -                  -          
[68.902s][info][gc          ] GC(110) Garbage Collection (Allocation Rate) 2266M(55%)->732M(18%)
[69.235s][info][gc,start    ] GC(111) Garbage Collection (Allocation Rate)
[69.235s][info][gc,task     ] GC(111) Using 2 workers
[69.236s][info][gc,phases   ] GC(111) Pause Mark Start 0.011ms
[69.325s][info][gc,phases   ] GC(111) Concurrent Mark 88.976ms
[69.325s][info][gc,phases   ] GC(111) Pause Mark End 0.021ms
[69.325s][info][gc,phases   ] GC(111) Concurrent Mark Free 0.002ms
[69.336s][info][gc,phases   ] GC(111) Concurrent Process Non-Strong References 10.513ms
[69.336s][info][gc,phases   ] GC(111) Concurrent Reset Relocation Set 0.070ms
[69.342s][info][gc,phases   ] GC(111) Concurrent Select Relocation Set 5.936ms
[69.342s][info][gc,phases   ] GC(111) Pause Relocate Start 0.008ms
[69.358s][info][gc,phases   ] GC(111) Concurrent Relocate 14.948ms
[69.358s][info][gc,load     ] GC(111) Load: 0.00/0.00/0.00
[69.358s][info][gc,mmu      ] GC(111) MMU: 2ms/97.9%, 5ms/99.2%, 10ms/99.6%, 20ms/99.8%, 50ms/99.9%, 100ms/99.9%
[69.358s][info][gc,marking  ] GC(111) Mark: 2 stripe(s), 2 proactive flush(es), 1 terminate flush(es), 0 completion(s), 0 continuation(s) 
[69.358s][info][gc,marking  ] GC(111) Mark Stack Usage: 32M
[69.358s][info][gc,nmethod  ] GC(111) NMethods: 5251 registered, 448 unregistered
[69.358s][info][gc,metaspace] GC(111) Metaspace: 71M used, 72M committed, 1088M reserved
[69.358s][info][gc,ref      ] GC(111) Soft: 3829 encountered, 0 discovered, 0 enqueued
[69.358s][info][gc,ref      ] GC(111) Weak: 11016 encountered, 1959 discovered, 0 enqueued
[69.358s][info][gc,ref      ] GC(111) Final: 289 encountered, 14 discovered, 0 enqueued
[69.358s][info][gc,ref      ] GC(111) Phantom: 422 encountered, 191 discovered, 0 enqueued
[69.358s][info][gc,reloc    ] GC(111) Small Pages: 1217 / 2434M, Empty: 1860M, Relocated: 6M, In-Place: 0
[69.358s][info][gc,reloc    ] GC(111) Medium Pages: 0 / 0M, Empty: 0M, Relocated: 0M, In-Place: 0
[69.358s][info][gc,reloc    ] GC(111) Large Pages: 0 / 0M, Empty: 0M, Relocated: 0M, In-Place: 0
[69.358s][info][gc,reloc    ] GC(111) Forwarding Usage: 2M
[69.358s][info][gc,heap     ] GC(111) Min Capacity: 8M(0%)
[69.358s][info][gc,heap     ] GC(111) Max Capacity: 4096M(100%)
[69.358s][info][gc,heap     ] GC(111) Soft Max Capacity: 4096M(100%)
[69.358s][info][gc,heap     ] GC(111)                Mark Start          Mark End        Relocate Start      Relocate End           High               Low         
[69.358s][info][gc,heap     ] GC(111)  Capacity:     3880M (95%)        3880M (95%)        3880M (95%)        3880M (95%)        3880M (95%)        3880M (95%)    
[69.358s][info][gc,heap     ] GC(111)      Free:     1662M (41%)        1176M (29%)        2948M (72%)        3408M (83%)        3430M (84%)        1138M (28%)    
[69.358s][info][gc,heap     ] GC(111)      Used:     2434M (59%)        2920M (71%)        1148M (28%)         688M (17%)        2958M (72%)         666M (16%)    
[69.358s][info][gc,heap     ] GC(111)      Live:         -                53M (1%)           53M (1%)           53M (1%)             -                  -          
[69.358s][info][gc,heap     ] GC(111) Allocated:         -               486M (12%)         574M (14%)         621M (15%)            -                  -          
[69.358s][info][gc,heap     ] GC(111)   Garbage:         -              2380M (58%)         520M (13%)          12M (0%)             -                  -          
[69.358s][info][gc,heap     ] GC(111) Reclaimed:         -                  -              1860M (45%)        2367M (58%)            -                  -          
[69.358s][info][gc          ] GC(111) Garbage Collection (Allocation Rate) 2434M(59%)->688M(17%)
[69.735s][info][gc,start    ] GC(112) Garbage Collection (Allocation Rate)
[69.735s][info][gc,task     ] GC(112) Using 2 workers
[69.735s][info][gc,phases   ] GC(112) Pause Mark Start 0.010ms
[69.831s][info][gc,phases   ] GC(112) Concurrent Mark 95.117ms
[69.831s][info][gc,phases   ] GC(112) Pause Mark End 0.022ms
[69.832s][info][gc,phases   ] GC(112) Concurrent Mark Free 0.001ms
[69.843s][info][gc,phases   ] GC(112) Concurrent Process Non-Strong References 11.069ms
[69.843s][info][gc,phases   ] GC(112) Concurrent Reset Relocation Set 0.069ms
[69.853s][info][gc,phases   ] GC(112) Concurrent Select Relocation Set 10.176ms
[69.853s][info][gc,phases   ] GC(112) Pause Relocate Start 0.010ms
[69.870s][info][gc,phases   ] GC(112) Concurrent Relocate 16.205ms
[69.870s][info][gc,load     ] GC(112) Load: 0.00/0.00/0.00
[69.870s][info][gc,mmu      ] GC(112) MMU: 2ms/97.9%, 5ms/99.2%, 10ms/99.6%, 20ms/99.8%, 50ms/99.9%, 100ms/99.9%
[69.870s][info][gc,marking  ] GC(112) Mark: 2 stripe(s), 2 proactive flush(es), 1 terminate flush(es), 0 completion(s), 0 continuation(s) 
[69.870s][info][gc,marking  ] GC(112) Mark Stack Usage: 32M
[69.870s][info][gc,nmethod  ] GC(112) NMethods: 5251 registered, 448 unregistered
[69.870s][info][gc,metaspace] GC(112) Metaspace: 71M used, 72M committed, 1088M reserved
[69.870s][info][gc,ref      ] GC(112) Soft: 3829 encountered, 0 discovered, 0 enqueued
[69.870s][info][gc,ref      ] GC(112) Weak: 10967 encountered, 1659 discovered, 135 enqueued
[69.870s][info][gc,ref      ] GC(112) Final: 289 encountered, 25 discovered, 0 enqueued
[69.870s][info][gc,ref      ] GC(112) Phantom: 422 encountered, 184 discovered, 0 enqueued
[69.870s][info][gc,reloc    ] GC(112) Small Pages: 1300 / 2600M, Empty: 1926M, Relocated: 8M, In-Place: 0
[69.870s][info][gc,reloc    ] GC(112) Medium Pages: 0 / 0M, Empty: 0M, Relocated: 0M, In-Place: 0
[69.870s][info][gc,reloc    ] GC(112) Large Pages: 0 / 0M, Empty: 0M, Relocated: 0M, In-Place: 0
[69.870s][info][gc,reloc    ] GC(112) Forwarding Usage: 3M
[69.870s][info][gc,heap     ] GC(112) Min Capacity: 8M(0%)
[69.870s][info][gc,heap     ] GC(112) Max Capacity: 4096M(100%)
[69.870s][info][gc,heap     ] GC(112) Soft Max Capacity: 4096M(100%)
[69.870s][info][gc,heap     ] GC(112)                Mark Start          Mark End        Relocate Start      Relocate End           High               Low         
[69.870s][info][gc,heap     ] GC(112)  Capacity:     3880M (95%)        3880M (95%)        3880M (95%)        3880M (95%)        3880M (95%)        3880M (95%)    
[69.870s][info][gc,heap     ] GC(112)      Free:     1496M (37%)         988M (24%)        2806M (69%)        3344M (82%)        3386M (83%)         938M (23%)    
[69.870s][info][gc,heap     ] GC(112)      Used:     2600M (63%)        3108M (76%)        1290M (31%)         752M (18%)        3158M (77%)         710M (17%)    
[69.870s][info][gc,heap     ] GC(112)      Live:         -                51M (1%)           51M (1%)           51M (1%)             -                  -          
[69.870s][info][gc,heap     ] GC(112) Allocated:         -               508M (12%)         616M (15%)         689M (17%)            -                  -          
[69.870s][info][gc,heap     ] GC(112)   Garbage:         -              2548M (62%)         622M (15%)          10M (0%)             -                  -          
[69.870s][info][gc,heap     ] GC(112) Reclaimed:         -                  -              1926M (47%)        2537M (62%)            -                  -          
[69.870s][info][gc          ] GC(112) Garbage Collection (Allocation Rate) 2600M(63%)->752M(18%)
[70.136s][info][gc,stats    ] === Garbage Collection Statistics =======================================================================================================================
[70.158s][info][gc,stats    ]                                                              Last 10s              Last 10m              Last 10h                Total
[70.158s][info][gc,stats    ]                                                              Avg / Max             Avg / Max             Avg / Max             Avg / Max
[70.158s][info][gc,stats    ]   Collector: Garbage Collection Cycle                    107.946 / 267.130     119.273 / 551.271     119.273 / 551.271     119.273 / 551.271     ms
[70.158s][info][gc,stats    ]  Contention: Mark Segment Reset Contention                     6 / 28                4 / 36                4 / 36                4 / 36          ops/s
[70.158s][info][gc,stats    ]  Contention: Mark SeqNum Reset Contention                      1 / 3                 1 / 7                 1 / 7                 1 / 7           ops/s
[70.158s][info][gc,stats    ]    Critical: Allocation Stall                                  0 / 0                 0 / 0                 0 / 0                 0 / 0           ops/s
[70.158s][info][gc,stats    ]    Critical: Allocation Stall                              0.000 / 0.000         0.000 / 0.000         0.000 / 0.000         0.000 / 0.000       ms
[70.158s][info][gc,stats    ]    Critical: GC Locker Stall                                   0 / 0                 0 / 0                 0 / 0                 0 / 0           ops/s
[70.158s][info][gc,stats    ]    Critical: GC Locker Stall                               0.000 / 0.000         0.000 / 0.000         0.000 / 0.000         0.000 / 0.000       ms
[70.158s][info][gc,stats    ]    Critical: Relocation Stall                                  0 / 0                 0 / 0                 0 / 0                 0 / 0           ops/s
[70.158s][info][gc,stats    ]    Critical: Relocation Stall                              0.000 / 0.000         0.000 / 0.000         0.000 / 0.000         0.000 / 0.000       ms
[70.158s][info][gc,stats    ]      Memory: Allocation Rate                                4473 / 5120           3536 / 5206           3536 / 5206           3536 / 5206        MB/s
[70.158s][info][gc,stats    ]      Memory: Defragment                                        0 / 0                 0 / 0                 0 / 0                 0 / 0           ops/s
[70.158s][info][gc,stats    ]      Memory: Out Of Memory                                     0 / 0                 0 / 0                 0 / 0                 0 / 0           ops/s
[70.158s][info][gc,stats    ]      Memory: Page Cache Flush                                  0 / 0                 0 / 0                 0 / 0                 0 / 0           MB/s
[70.159s][info][gc,stats    ]      Memory: Page Cache Hit L1                              2246 / 2575           1749 / 2620           1749 / 2620           1749 / 2620        ops/s
[70.159s][info][gc,stats    ]      Memory: Page Cache Hit L2                                 0 / 0                 0 / 0                 0 / 0                 0 / 0           ops/s
[70.159s][info][gc,stats    ]      Memory: Page Cache Hit L3                                 0 / 0                14 / 317              14 / 317              14 / 317         ops/s
[70.159s][info][gc,stats    ]      Memory: Page Cache Miss                                   0 / 0                13 / 308              13 / 308              13 / 308         ops/s
[70.159s][info][gc,stats    ]      Memory: Uncommit                                          0 / 0                 0 / 0                 0 / 0                 0 / 0           MB/s
[70.159s][info][gc,stats    ]      Memory: Undo Object Allocation Failed                     0 / 1                 0 / 6                 0 / 6                 0 / 6           ops/s
[70.159s][info][gc,stats    ]      Memory: Undo Object Allocation Succeeded                368 / 700             232 / 816             232 / 816             232 / 816         ops/s
[70.159s][info][gc,stats    ]      Memory: Undo Page Allocation                              2 / 6                11 / 227              11 / 227              11 / 227         ops/s
[70.159s][info][gc,stats    ]       Phase: Concurrent Mark                              68.704 / 104.460      71.251 / 422.516      71.251 / 422.516      71.251 / 422.516     ms
[70.159s][info][gc,stats    ]       Phase: Concurrent Mark Continue                      0.000 / 0.000         0.000 / 0.000         0.000 / 0.000         0.000 / 0.000       ms
[70.159s][info][gc,stats    ]       Phase: Concurrent Mark Free                          0.001 / 0.002         0.001 / 0.004         0.001 / 0.004         0.001 / 0.004       ms
[70.159s][info][gc,stats    ]       Phase: Concurrent Process Non-Strong References      8.323 / 11.784       20.092 / 434.483      20.092 / 434.483      20.092 / 434.483     ms
[70.159s][info][gc,stats    ]       Phase: Concurrent Relocate                          12.398 / 20.219       10.660 / 27.336       10.660 / 27.336       10.660 / 27.336      ms
[70.159s][info][gc,stats    ]       Phase: Concurrent Reset Relocation Set               0.068 / 0.103         0.063 / 0.138         0.063 / 0.138         0.063 / 0.138       ms
[70.159s][info][gc,stats    ]       Phase: Concurrent Select Relocation Set              8.188 / 14.961        8.063 / 43.053        8.063 / 43.053        8.063 / 43.053      ms
[70.159s][info][gc,stats    ]       Phase: Pause Mark End                                0.025 / 0.031         0.025 / 0.042         0.025 / 0.042         0.025 / 0.042       ms
[70.159s][info][gc,stats    ]       Phase: Pause Mark Start                              0.011 / 0.016         0.011 / 0.017         0.011 / 0.017         0.011 / 0.017       ms
[70.159s][info][gc,stats    ]       Phase: Pause Relocate Start                          0.009 / 0.010         0.008 / 0.011         0.008 / 0.011         0.008 / 0.011       ms
[70.159s][info][gc,stats    ]    Subphase: Concurrent Classes Purge                      0.047 / 0.481         0.580 / 18.627        0.580 / 18.627        0.580 / 18.627      ms
[70.159s][info][gc,stats    ]    Subphase: Concurrent Classes Unlink                     6.035 / 9.443        15.316 / 432.052      15.316 / 432.052      15.316 / 432.052     ms
[70.159s][info][gc,stats    ]    Subphase: Concurrent Mark                              39.675 / 99.132       41.155 / 409.811      41.155 / 409.811      41.155 / 409.811     ms
[70.159s][info][gc,stats    ]    Subphase: Concurrent Mark Try Flush                     0.689 / 4.595         2.283 / 307.885       2.283 / 307.885       2.283 / 307.885     ms
[70.159s][info][gc,stats    ]    Subphase: Concurrent Mark Try Terminate                 1.448 / 4.916         1.678 / 44.933        1.678 / 44.933        1.678 / 44.933      ms
[70.159s][info][gc,stats    ]    Subphase: Concurrent References Enqueue                 0.002 / 0.007         0.002 / 0.011         0.002 / 0.011         0.002 / 0.011       ms
[70.159s][info][gc,stats    ]    Subphase: Concurrent References Process                 0.325 / 0.656         0.333 / 2.321         0.333 / 2.321         0.333 / 2.321       ms
[70.159s][info][gc,stats    ]    Subphase: Concurrent Roots ClassLoaderDataGraph         0.099 / 0.644         0.120 / 2.952         0.120 / 2.952         0.120 / 2.952       ms
[70.159s][info][gc,stats    ]    Subphase: Concurrent Roots CodeCache                    0.000 / 0.000         0.000 / 0.000         0.000 / 0.000         0.000 / 0.000       ms
[70.159s][info][gc,stats    ]    Subphase: Concurrent Roots JavaThreads                  4.598 / 13.222        6.121 / 24.476        6.121 / 24.476        6.121 / 24.476      ms
[70.159s][info][gc,stats    ]    Subphase: Concurrent Roots OopStorageSet                0.057 / 0.133         0.115 / 2.435         0.115 / 2.435         0.115 / 2.435       ms
[70.159s][info][gc,stats    ]    Subphase: Concurrent Weak Roots OopStorageSet           0.658 / 1.991         0.649 / 2.598         0.649 / 2.598         0.649 / 2.598       ms
[70.159s][info][gc,stats    ]    Subphase: Pause Mark Try Complete                       0.000 / 0.000         0.001 / 0.002         0.001 / 0.002         0.001 / 0.002       ms
[70.159s][info][gc,stats    ]      System: Java Threads                                    205 / 218             184 / 218             184 / 218             184 / 218         threads
[70.159s][info][gc,stats    ] =========================================================================================================================================================
[70.335s][info][gc,start    ] GC(113) Garbage Collection (Allocation Rate)
[70.335s][info][gc,task     ] GC(113) Using 2 workers
[70.335s][info][gc,phases   ] GC(113) Pause Mark Start 0.010ms
[70.419s][info][gc,phases   ] GC(113) Concurrent Mark 83.144ms
[70.419s][info][gc,phases   ] GC(113) Pause Mark End 0.025ms
[70.420s][info][gc,phases   ] GC(113) Concurrent Mark Free 0.001ms
[70.431s][info][gc,phases   ] GC(113) Concurrent Process Non-Strong References 10.618ms
[70.431s][info][gc,phases   ] GC(113) Concurrent Reset Relocation Set 0.074ms
[70.442s][info][gc,phases   ] GC(113) Concurrent Select Relocation Set 10.643ms
[70.442s][info][gc,phases   ] GC(113) Pause Relocate Start 0.008ms
[70.460s][info][gc,phases   ] GC(113) Concurrent Relocate 17.073ms
[70.460s][info][gc,load     ] GC(113) Load: 0.00/0.00/0.00
[70.460s][info][gc,mmu      ] GC(113) MMU: 2ms/97.9%, 5ms/99.2%, 10ms/99.6%, 20ms/99.8%, 50ms/99.9%, 100ms/99.9%
[70.460s][info][gc,marking  ] GC(113) Mark: 2 stripe(s), 2 proactive flush(es), 1 terminate flush(es), 0 completion(s), 0 continuation(s) 
[70.460s][info][gc,marking  ] GC(113) Mark Stack Usage: 32M
[70.460s][info][gc,nmethod  ] GC(113) NMethods: 5251 registered, 448 unregistered
[70.460s][info][gc,metaspace] GC(113) Metaspace: 71M used, 72M committed, 1088M reserved
[70.460s][info][gc,ref      ] GC(113) Soft: 3829 encountered, 0 discovered, 0 enqueued
[70.460s][info][gc,ref      ] GC(113) Weak: 10832 encountered, 1237 discovered, 0 enqueued
[70.460s][info][gc,ref      ] GC(113) Final: 289 encountered, 28 discovered, 0 enqueued
[70.460s][info][gc,ref      ] GC(113) Phantom: 422 encountered, 261 discovered, 0 enqueued
[70.460s][info][gc,reloc    ] GC(113) Small Pages: 1556 / 3112M, Empty: 2492M, Relocated: 8M, In-Place: 0
[70.460s][info][gc,reloc    ] GC(113) Medium Pages: 0 / 0M, Empty: 0M, Relocated: 0M, In-Place: 0
[70.460s][info][gc,reloc    ] GC(113) Large Pages: 0 / 0M, Empty: 0M, Relocated: 0M, In-Place: 0
[70.460s][info][gc,reloc    ] GC(113) Forwarding Usage: 3M
[70.460s][info][gc,heap     ] GC(113) Min Capacity: 8M(0%)
[70.460s][info][gc,heap     ] GC(113) Max Capacity: 4096M(100%)
[70.460s][info][gc,heap     ] GC(113) Soft Max Capacity: 4096M(100%)
[70.460s][info][gc,heap     ] GC(113)                Mark Start          Mark End        Relocate Start      Relocate End           High               Low         
[70.460s][info][gc,heap     ] GC(113)  Capacity:     3880M (95%)        3880M (95%)        3880M (95%)        3880M (95%)        3880M (95%)        3880M (95%)    
[70.460s][info][gc,heap     ] GC(113)      Free:      984M (24%)         534M (13%)        2910M (71%)        3396M (83%)        3436M (84%)         472M (12%)    
[70.460s][info][gc,heap     ] GC(113)      Used:     3112M (76%)        3562M (87%)        1186M (29%)         700M (17%)        3624M (88%)         660M (16%)    
[70.460s][info][gc,heap     ] GC(113)      Live:         -                51M (1%)           51M (1%)           51M (1%)             -                  -          
[70.460s][info][gc,heap     ] GC(113) Allocated:         -               450M (11%)         566M (14%)         637M (16%)            -                  -          
[70.460s][info][gc,heap     ] GC(113)   Garbage:         -              3060M (75%)         568M (14%)          10M (0%)             -                  -          
[70.460s][info][gc,heap     ] GC(113) Reclaimed:         -                  -              2492M (61%)        3049M (74%)            -                  -          
[70.460s][info][gc          ] GC(113) Garbage Collection (Allocation Rate) 3112M(76%)->700M(17%)
[70.935s][info][gc,start    ] GC(114) Garbage Collection (Allocation Rate)
[70.935s][info][gc,task     ] GC(114) Using 2 workers
[70.935s][info][gc,phases   ] GC(114) Pause Mark Start 0.010ms
[71.025s][info][gc,phases   ] GC(114) Concurrent Mark 89.501ms
[71.025s][info][gc,phases   ] GC(114) Pause Mark End 0.024ms
[71.026s][info][gc,phases   ] GC(114) Concurrent Mark Free 0.001ms
[71.039s][info][gc,phases   ] GC(114) Concurrent Process Non-Strong References 12.313ms
[71.039s][info][gc,phases   ] GC(114) Concurrent Reset Relocation Set 0.066ms
[71.049s][info][gc,phases   ] GC(114) Concurrent Select Relocation Set 10.743ms
[71.050s][info][gc,phases   ] GC(114) Pause Relocate Start 0.009ms
[71.065s][info][gc,phases   ] GC(114) Concurrent Relocate 14.931ms
[71.065s][info][gc,load     ] GC(114) Load: 0.00/0.00/0.00
[71.065s][info][gc,mmu      ] GC(114) MMU: 2ms/97.9%, 5ms/99.2%, 10ms/99.6%, 20ms/99.8%, 50ms/99.9%, 100ms/99.9%
[71.065s][info][gc,marking  ] GC(114) Mark: 2 stripe(s), 2 proactive flush(es), 1 terminate flush(es), 0 completion(s), 0 continuation(s) 
[71.065s][info][gc,marking  ] GC(114) Mark Stack Usage: 32M
[71.065s][info][gc,nmethod  ] GC(114) NMethods: 5251 registered, 448 unregistered
[71.065s][info][gc,metaspace] GC(114) Metaspace: 71M used, 72M committed, 1088M reserved
[71.065s][info][gc,ref      ] GC(114) Soft: 3829 encountered, 0 discovered, 0 enqueued
[71.065s][info][gc,ref      ] GC(114) Weak: 10832 encountered, 1800 discovered, 0 enqueued
[71.065s][info][gc,ref      ] GC(114) Final: 289 encountered, 0 discovered, 0 enqueued
[71.065s][info][gc,ref      ] GC(114) Phantom: 422 encountered, 229 discovered, 0 enqueued
[71.065s][info][gc,reloc    ] GC(114) Small Pages: 1556 / 3112M, Empty: 2396M, Relocated: 8M, In-Place: 0
[71.065s][info][gc,reloc    ] GC(114) Medium Pages: 0 / 0M, Empty: 0M, Relocated: 0M, In-Place: 0
[71.065s][info][gc,reloc    ] GC(114) Large Pages: 0 / 0M, Empty: 0M, Relocated: 0M, In-Place: 0
[71.065s][info][gc,reloc    ] GC(114) Forwarding Usage: 3M
[71.065s][info][gc,heap     ] GC(114) Min Capacity: 8M(0%)
[71.065s][info][gc,heap     ] GC(114) Max Capacity: 4096M(100%)
[71.065s][info][gc,heap     ] GC(114) Soft Max Capacity: 4096M(100%)
[71.065s][info][gc,heap     ] GC(114)                Mark Start          Mark End        Relocate Start      Relocate End           High               Low         
[71.065s][info][gc,heap     ] GC(114)  Capacity:     3880M (95%)        3880M (95%)        3880M (95%)        3880M (95%)        3880M (95%)        3880M (95%)    
[71.065s][info][gc,heap     ] GC(114)      Free:      984M (24%)         512M (13%)        2788M (68%)        3368M (82%)        3408M (83%)         440M (11%)    
[71.065s][info][gc,heap     ] GC(114)      Used:     3112M (76%)        3584M (88%)        1308M (32%)         728M (18%)        3656M (89%)         688M (17%)    
[71.065s][info][gc,heap     ] GC(114)      Live:         -                51M (1%)           51M (1%)           51M (1%)             -                  -          
[71.065s][info][gc,heap     ] GC(114) Allocated:         -               472M (12%)         592M (14%)         665M (16%)            -                  -          
[71.065s][info][gc,heap     ] GC(114)   Garbage:         -              3060M (75%)         664M (16%)          10M (0%)             -                  -          
[71.065s][info][gc,heap     ] GC(114) Reclaimed:         -                  -              2396M (58%)        3049M (74%)            -                  -          
[71.065s][info][gc          ] GC(114) Garbage Collection (Allocation Rate) 3112M(76%)->728M(18%)
[71.534s][info][gc,start    ] GC(115) Garbage Collection (Allocation Rate)
[71.534s][info][gc,task     ] GC(115) Using 2 workers
[71.535s][info][gc,phases   ] GC(115) Pause Mark Start 0.010ms
[71.637s][info][gc,phases   ] GC(115) Concurrent Mark 102.049ms
[71.637s][info][gc,phases   ] GC(115) Pause Mark End 0.022ms
[71.639s][info][gc,phases   ] GC(115) Concurrent Mark Free 0.001ms
[71.650s][info][gc,phases   ] GC(115) Concurrent Process Non-Strong References 11.408ms
[71.650s][info][gc,phases   ] GC(115) Concurrent Reset Relocation Set 0.076ms
[71.657s][info][gc,phases   ] GC(115) Concurrent Select Relocation Set 6.480ms
[71.657s][info][gc,phases   ] GC(115) Pause Relocate Start 0.009ms
[71.676s][info][gc,phases   ] GC(115) Concurrent Relocate 18.285ms
[71.676s][info][gc,load     ] GC(115) Load: 0.00/0.00/0.00
[71.676s][info][gc,mmu      ] GC(115) MMU: 2ms/97.9%, 5ms/99.2%, 10ms/99.6%, 20ms/99.8%, 50ms/99.9%, 100ms/99.9%
[71.676s][info][gc,marking  ] GC(115) Mark: 2 stripe(s), 3 proactive flush(es), 1 terminate flush(es), 0 completion(s), 0 continuation(s) 
[71.676s][info][gc,marking  ] GC(115) Mark Stack Usage: 32M
[71.676s][info][gc,nmethod  ] GC(115) NMethods: 5251 registered, 449 unregistered
[71.676s][info][gc,metaspace] GC(115) Metaspace: 71M used, 72M committed, 1088M reserved
[71.676s][info][gc,ref      ] GC(115) Soft: 3829 encountered, 0 discovered, 0 enqueued
[71.676s][info][gc,ref      ] GC(115) Weak: 10832 encountered, 1478 discovered, 0 enqueued
[71.676s][info][gc,ref      ] GC(115) Final: 289 encountered, 27 discovered, 0 enqueued
[71.676s][info][gc,ref      ] GC(115) Phantom: 422 encountered, 226 discovered, 0 enqueued
[71.676s][info][gc,reloc    ] GC(115) Small Pages: 1533 / 3066M, Empty: 2348M, Relocated: 8M, In-Place: 0
[71.676s][info][gc,reloc    ] GC(115) Medium Pages: 0 / 0M, Empty: 0M, Relocated: 0M, In-Place: 0
[71.676s][info][gc,reloc    ] GC(115) Large Pages: 0 / 0M, Empty: 0M, Relocated: 0M, In-Place: 0
[71.676s][info][gc,reloc    ] GC(115) Forwarding Usage: 3M
[71.676s][info][gc,heap     ] GC(115) Min Capacity: 8M(0%)
[71.676s][info][gc,heap     ] GC(115) Max Capacity: 4096M(100%)
[71.676s][info][gc,heap     ] GC(115) Soft Max Capacity: 4096M(100%)
[71.676s][info][gc,heap     ] GC(115)                Mark Start          Mark End        Relocate Start      Relocate End           High               Low         
[71.676s][info][gc,heap     ] GC(115)  Capacity:     3880M (95%)        3880M (95%)        3880M (95%)        3880M (95%)        3880M (95%)        3880M (95%)    
[71.676s][info][gc,heap     ] GC(115)      Free:     1030M (25%)         496M (12%)        2746M (67%)        3314M (81%)        3356M (82%)         426M (10%)    
[71.676s][info][gc,heap     ] GC(115)      Used:     3066M (75%)        3600M (88%)        1350M (33%)         782M (19%)        3670M (90%)         740M (18%)    
[71.676s][info][gc,heap     ] GC(115)      Live:         -                52M (1%)           52M (1%)           52M (1%)             -                  -          
[71.676s][info][gc,heap     ] GC(115) Allocated:         -               534M (13%)         632M (15%)         719M (18%)            -                  -          
[71.676s][info][gc,heap     ] GC(115)   Garbage:         -              3013M (74%)         665M (16%)          10M (0%)             -                  -          
[71.676s][info][gc,heap     ] GC(115) Reclaimed:         -                  -              2348M (57%)        3003M (73%)            -                  -          
[71.676s][info][gc          ] GC(115) Garbage Collection (Allocation Rate) 3066M(75%)->782M(19%)
[72.135s][info][gc,start    ] GC(116) Garbage Collection (Allocation Rate)
[72.135s][info][gc,task     ] GC(116) Using 2 workers
[72.136s][info][gc,phases   ] GC(116) Pause Mark Start 0.013ms
[72.233s][info][gc,phases   ] GC(116) Concurrent Mark 96.941ms
[72.233s][info][gc,phases   ] GC(116) Pause Mark End 0.025ms
[72.233s][info][gc,phases   ] GC(116) Concurrent Mark Free 0.002ms
[72.246s][info][gc,phases   ] GC(116) Concurrent Process Non-Strong References 12.679ms
[72.246s][info][gc,phases   ] GC(116) Concurrent Reset Relocation Set 0.077ms
[72.252s][info][gc,phases   ] GC(116) Concurrent Select Relocation Set 6.084ms
[72.252s][info][gc,phases   ] GC(116) Pause Relocate Start 0.009ms
[72.266s][info][gc,phases   ] GC(116) Concurrent Relocate 13.748ms
[72.266s][info][gc,load     ] GC(116) Load: 0.00/0.00/0.00
[72.266s][info][gc,mmu      ] GC(116) MMU: 2ms/97.9%, 5ms/99.2%, 10ms/99.6%, 20ms/99.8%, 50ms/99.9%, 100ms/99.9%
[72.266s][info][gc,marking  ] GC(116) Mark: 2 stripe(s), 2 proactive flush(es), 1 terminate flush(es), 0 completion(s), 0 continuation(s) 
[72.266s][info][gc,marking  ] GC(116) Mark Stack Usage: 32M
[72.267s][info][gc,nmethod  ] GC(116) NMethods: 5270 registered, 458 unregistered
[72.267s][info][gc,metaspace] GC(116) Metaspace: 71M used, 72M committed, 1088M reserved
[72.267s][info][gc,ref      ] GC(116) Soft: 3829 encountered, 0 discovered, 0 enqueued
[72.267s][info][gc,ref      ] GC(116) Weak: 10573 encountered, 1591 discovered, 64 enqueued
[72.267s][info][gc,ref      ] GC(116) Final: 289 encountered, 14 discovered, 0 enqueued
[72.267s][info][gc,ref      ] GC(116) Phantom: 422 encountered, 271 discovered, 0 enqueued
[72.267s][info][gc,reloc    ] GC(116) Small Pages: 1547 / 3094M, Empty: 2302M, Relocated: 6M, In-Place: 0
[72.267s][info][gc,reloc    ] GC(116) Medium Pages: 0 / 0M, Empty: 0M, Relocated: 0M, In-Place: 0
[72.267s][info][gc,reloc    ] GC(116) Large Pages: 0 / 0M, Empty: 0M, Relocated: 0M, In-Place: 0
[72.267s][info][gc,reloc    ] GC(116) Forwarding Usage: 2M
[72.267s][info][gc,heap     ] GC(116) Min Capacity: 8M(0%)
[72.267s][info][gc,heap     ] GC(116) Max Capacity: 4096M(100%)
[72.267s][info][gc,heap     ] GC(116) Soft Max Capacity: 4096M(100%)
[72.267s][info][gc,heap     ] GC(116)                Mark Start          Mark End        Relocate Start      Relocate End           High               Low         
[72.267s][info][gc,heap     ] GC(116)  Capacity:     3880M (95%)        3880M (95%)        3880M (95%)        3880M (95%)        3880M (95%)        3880M (95%)    
[72.267s][info][gc,heap     ] GC(116)      Free:     1002M (24%)         492M (12%)        2698M (66%)        3376M (82%)        3396M (83%)         430M (10%)    
[72.267s][info][gc,heap     ] GC(116)      Used:     3094M (76%)        3604M (88%)        1398M (34%)         720M (18%)        3666M (90%)         700M (17%)    
[72.267s][info][gc,heap     ] GC(116)      Live:         -                51M (1%)           51M (1%)           51M (1%)             -                  -          
[72.267s][info][gc,heap     ] GC(116) Allocated:         -               510M (12%)         606M (15%)         656M (16%)            -                  -          
[72.267s][info][gc,heap     ] GC(116)   Garbage:         -              3042M (74%)         740M (18%)          12M (0%)             -                  -          
[72.267s][info][gc,heap     ] GC(116) Reclaimed:         -                  -              2302M (56%)        3030M (74%)            -                  -          
[72.267s][info][gc          ] GC(116) Garbage Collection (Allocation Rate) 3094M(76%)->720M(18%)
[72.735s][info][gc,start    ] GC(117) Garbage Collection (Allocation Rate)
[72.735s][info][gc,task     ] GC(117) Using 2 workers
[72.735s][info][gc,phases   ] GC(117) Pause Mark Start 0.010ms
[72.802s][info][gc,phases   ] GC(117) Concurrent Mark 66.374ms
[72.802s][info][gc,phases   ] GC(117) Pause Mark End 0.022ms
[72.802s][info][gc,phases   ] GC(117) Concurrent Mark Free 0.001ms
[72.810s][info][gc,phases   ] GC(117) Concurrent Process Non-Strong References 7.688ms
[72.810s][info][gc,phases   ] GC(117) Concurrent Reset Relocation Set 0.045ms
[72.813s][info][gc,phases   ] GC(117) Concurrent Select Relocation Set 3.239ms
[72.813s][info][gc,phases   ] GC(117) Pause Relocate Start 0.008ms
[72.820s][info][gc,phases   ] GC(117) Concurrent Relocate 6.776ms
[72.820s][info][gc,load     ] GC(117) Load: 0.00/0.00/0.00
[72.820s][info][gc,mmu      ] GC(117) MMU: 2ms/97.9%, 5ms/99.2%, 10ms/99.6%, 20ms/99.8%, 50ms/99.9%, 100ms/99.9%
[72.820s][info][gc,marking  ] GC(117) Mark: 2 stripe(s), 2 proactive flush(es), 1 terminate flush(es), 0 completion(s), 0 continuation(s) 
[72.820s][info][gc,marking  ] GC(117) Mark Stack Usage: 32M
[72.820s][info][gc,nmethod  ] GC(117) NMethods: 5270 registered, 458 unregistered
[72.820s][info][gc,metaspace] GC(117) Metaspace: 71M used, 72M committed, 1088M reserved
[72.820s][info][gc,ref      ] GC(117) Soft: 3829 encountered, 0 discovered, 0 enqueued
[72.820s][info][gc,ref      ] GC(117) Weak: 9972 encountered, 1235 discovered, 132 enqueued
[72.820s][info][gc,ref      ] GC(117) Final: 289 encountered, 19 discovered, 0 enqueued
[72.820s][info][gc,ref      ] GC(117) Phantom: 422 encountered, 212 discovered, 0 enqueued
[72.820s][info][gc,reloc    ] GC(117) Small Pages: 1317 / 2634M, Empty: 1942M, Relocated: 6M, In-Place: 0
[72.820s][info][gc,reloc    ] GC(117) Medium Pages: 0 / 0M, Empty: 0M, Relocated: 0M, In-Place: 0
[72.820s][info][gc,reloc    ] GC(117) Large Pages: 0 / 0M, Empty: 0M, Relocated: 0M, In-Place: 0
[72.820s][info][gc,reloc    ] GC(117) Forwarding Usage: 2M
[72.820s][info][gc,heap     ] GC(117) Min Capacity: 8M(0%)
[72.821s][info][gc,heap     ] GC(117) Max Capacity: 4096M(100%)
[72.821s][info][gc,heap     ] GC(117) Soft Max Capacity: 4096M(100%)
[72.821s][info][gc,heap     ] GC(117)                Mark Start          Mark End        Relocate Start      Relocate End           High               Low         
[72.821s][info][gc,heap     ] GC(117)  Capacity:     3880M (95%)        3880M (95%)        3880M (95%)        3880M (95%)        3880M (95%)        3880M (95%)    
[72.821s][info][gc,heap     ] GC(117)      Free:     1462M (36%)        1248M (30%)        3150M (77%)        3768M (92%)        3772M (92%)        1222M (30%)    
[72.821s][info][gc,heap     ] GC(117)      Used:     2634M (64%)        2848M (70%)         946M (23%)         328M (8%)         2874M (70%)         324M (8%)     
[72.821s][info][gc,heap     ] GC(117)      Live:         -                50M (1%)           50M (1%)           50M (1%)             -                  -          
[72.821s][info][gc,heap     ] GC(117) Allocated:         -               214M (5%)          254M (6%)          267M (7%)             -                  -          
[72.821s][info][gc,heap     ] GC(117)   Garbage:         -              2583M (63%)         641M (16%)          10M (0%)             -                  -          
[72.821s][info][gc,heap     ] GC(117) Reclaimed:         -                  -              1942M (47%)        2573M (63%)            -                  -          
[72.821s][info][gc          ] GC(117) Garbage Collection (Allocation Rate) 2634M(64%)->328M(8%)
[73.335s][info][gc,start    ] GC(118) Garbage Collection (Allocation Rate)
[73.335s][info][gc,task     ] GC(118) Using 6 workers
[73.335s][info][gc,phases   ] GC(118) Pause Mark Start 0.010ms
[73.356s][info][gc,phases   ] GC(118) Concurrent Mark 20.657ms
[73.356s][info][gc,phases   ] GC(118) Pause Mark End 0.024ms
[73.356s][info][gc,phases   ] GC(118) Concurrent Mark Free 0.001ms
[73.359s][info][gc,phases   ] GC(118) Concurrent Process Non-Strong References 2.519ms
[73.359s][info][gc,phases   ] GC(118) Concurrent Reset Relocation Set 0.034ms
[73.361s][info][gc,phases   ] GC(118) Concurrent Select Relocation Set 2.718ms
[73.361s][info][gc,phases   ] GC(118) Pause Relocate Start 0.007ms
[73.363s][info][gc,phases   ] GC(118) Concurrent Relocate 1.336ms
[73.363s][info][gc,load     ] GC(118) Load: 0.00/0.00/0.00
[73.363s][info][gc,mmu      ] GC(118) MMU: 2ms/97.9%, 5ms/99.2%, 10ms/99.6%, 20ms/99.8%, 50ms/99.9%, 100ms/99.9%
[73.363s][info][gc,marking  ] GC(118) Mark: 4 stripe(s), 2 proactive flush(es), 1 terminate flush(es), 0 completion(s), 0 continuation(s) 
[73.363s][info][gc,marking  ] GC(118) Mark Stack Usage: 32M
[73.363s][info][gc,nmethod  ] GC(118) NMethods: 5270 registered, 458 unregistered
[73.363s][info][gc,metaspace] GC(118) Metaspace: 71M used, 72M committed, 1088M reserved
[73.363s][info][gc,ref      ] GC(118) Soft: 3829 encountered, 0 discovered, 0 enqueued
[73.363s][info][gc,ref      ] GC(118) Weak: 9642 encountered, 2087 discovered, 49 enqueued
[73.363s][info][gc,ref      ] GC(118) Final: 289 encountered, 40 discovered, 0 enqueued
[73.363s][info][gc,ref      ] GC(118) Phantom: 422 encountered, 267 discovered, 0 enqueued
[73.363s][info][gc,reloc    ] GC(118) Small Pages: 736 / 1472M, Empty: 1184M, Relocated: 2M, In-Place: 0
[73.363s][info][gc,reloc    ] GC(118) Medium Pages: 0 / 0M, Empty: 0M, Relocated: 0M, In-Place: 0
[73.363s][info][gc,reloc    ] GC(118) Large Pages: 0 / 0M, Empty: 0M, Relocated: 0M, In-Place: 0
[73.363s][info][gc,reloc    ] GC(118) Forwarding Usage: 0M
[73.363s][info][gc,heap     ] GC(118) Min Capacity: 8M(0%)
[73.363s][info][gc,heap     ] GC(118) Max Capacity: 4096M(100%)
[73.363s][info][gc,heap     ] GC(118) Soft Max Capacity: 4096M(100%)
[73.363s][info][gc,heap     ] GC(118)                Mark Start          Mark End        Relocate Start      Relocate End           High               Low         
[73.363s][info][gc,heap     ] GC(118)  Capacity:     3880M (95%)        3880M (95%)        3880M (95%)        3880M (95%)        3880M (95%)        3880M (95%)    
[73.363s][info][gc,heap     ] GC(118)      Free:     2624M (64%)        2558M (62%)        3738M (91%)        3954M (97%)        3954M (97%)        2556M (62%)    
[73.363s][info][gc,heap     ] GC(118)      Used:     1472M (36%)        1538M (38%)         358M (9%)          142M (3%)         1540M (38%)         142M (3%)     
[73.363s][info][gc,heap     ] GC(118)      Live:         -                49M (1%)           49M (1%)           49M (1%)             -                  -          
[73.363s][info][gc,heap     ] GC(118) Allocated:         -                66M (2%)           70M (2%)           73M (2%)             -                  -          
[73.363s][info][gc,heap     ] GC(118)   Garbage:         -              1422M (35%)         238M (6%)           18M (0%)             -                  -          
[73.363s][info][gc,heap     ] GC(118) Reclaimed:         -                  -              1184M (29%)        1403M (34%)            -                  -          
[73.363s][info][gc          ] GC(118) Garbage Collection (Allocation Rate) 1472M(36%)->142M(3%)
[74.395s][info][gc,start    ] GC(119) Garbage Collection (System.gc())
[74.395s][info][gc,task     ] GC(119) Using 12 workers
[74.395s][info][gc,phases   ] GC(119) Pause Mark Start 0.021ms
[74.422s][info][gc,phases   ] GC(119) Concurrent Mark 26.299ms
[74.422s][info][gc,phases   ] GC(119) Pause Mark End 0.029ms
[74.422s][info][gc,phases   ] GC(119) Concurrent Mark Free 0.001ms
[74.425s][info][gc,phases   ] GC(119) Concurrent Process Non-Strong References 2.672ms
[74.425s][info][gc,phases   ] GC(119) Concurrent Reset Relocation Set 0.017ms
[74.428s][info][gc,phases   ] GC(119) Concurrent Select Relocation Set 3.542ms
[74.429s][info][gc,phases   ] GC(119) Pause Relocate Start 0.007ms
[74.430s][info][gc,phases   ] GC(119) Concurrent Relocate 1.649ms
[74.430s][info][gc,load     ] GC(119) Load: 0.00/0.00/0.00
[74.430s][info][gc,mmu      ] GC(119) MMU: 2ms/97.9%, 5ms/99.2%, 10ms/99.6%, 20ms/99.8%, 50ms/99.9%, 100ms/99.9%
[74.430s][info][gc,marking  ] GC(119) Mark: 8 stripe(s), 2 proactive flush(es), 1 terminate flush(es), 0 completion(s), 0 continuation(s) 
[74.430s][info][gc,marking  ] GC(119) Mark Stack Usage: 32M
[74.430s][info][gc,nmethod  ] GC(119) NMethods: 5182 registered, 229 unregistered
[74.430s][info][gc,metaspace] GC(119) Metaspace: 71M used, 72M committed, 1088M reserved
[74.430s][info][gc,ref      ] GC(119) Soft: 3829 encountered, 0 discovered, 0 enqueued
[74.430s][info][gc,ref      ] GC(119) Weak: 9649 encountered, 969 discovered, 49 enqueued
[74.430s][info][gc,ref      ] GC(119) Final: 289 encountered, 3 discovered, 0 enqueued
[74.430s][info][gc,ref      ] GC(119) Phantom: 422 encountered, 350 discovered, 0 enqueued
[74.430s][info][gc,reloc    ] GC(119) Small Pages: 1097 / 2194M, Empty: 1950M, Relocated: 3M, In-Place: 0
[74.431s][info][gc,reloc    ] GC(119) Medium Pages: 0 / 0M, Empty: 0M, Relocated: 0M, In-Place: 0
[74.431s][info][gc,reloc    ] GC(119) Large Pages: 0 / 0M, Empty: 0M, Relocated: 0M, In-Place: 0
[74.431s][info][gc,reloc    ] GC(119) Forwarding Usage: 1M
[74.431s][info][gc,heap     ] GC(119) Min Capacity: 8M(0%)
[74.431s][info][gc,heap     ] GC(119) Max Capacity: 4096M(100%)
[74.431s][info][gc,heap     ] GC(119) Soft Max Capacity: 4096M(100%)
[74.431s][info][gc,heap     ] GC(119)                Mark Start          Mark End        Relocate Start      Relocate End           High               Low         
[74.431s][info][gc,heap     ] GC(119)  Capacity:     3880M (95%)        3880M (95%)        3880M (95%)        3880M (95%)        3880M (95%)        3880M (95%)    
[74.431s][info][gc,heap     ] GC(119)      Free:     1902M (46%)        1852M (45%)        3802M (93%)        3966M (97%)        3966M (97%)        1852M (45%)    
[74.431s][info][gc,heap     ] GC(119)      Used:     2194M (54%)        2244M (55%)         294M (7%)          130M (3%)         2244M (55%)         130M (3%)     
[74.431s][info][gc,heap     ] GC(119)      Live:         -                49M (1%)           49M (1%)           49M (1%)             -                  -          
[74.431s][info][gc,heap     ] GC(119) Allocated:         -                50M (1%)           50M (1%)           50M (1%)             -                  -          
[74.431s][info][gc,heap     ] GC(119)   Garbage:         -              2144M (52%)         194M (5%)           30M (1%)             -                  -          
[74.431s][info][gc,heap     ] GC(119) Reclaimed:         -                  -              1950M (48%)        2114M (52%)            -                  -          
[74.431s][info][gc          ] GC(119) Garbage Collection (System.gc()) 2194M(54%)->130M(3%)
[75.035s][info][gc,start    ] GC(120) Garbage Collection (Allocation Rate)
[75.036s][info][gc,task     ] GC(120) Using 12 workers
[75.036s][info][gc,phases   ] GC(120) Pause Mark Start 0.011ms
[75.064s][info][gc,phases   ] GC(120) Concurrent Mark 28.292ms
[75.065s][info][gc,phases   ] GC(120) Pause Mark End 0.027ms
[75.067s][info][gc,phases   ] GC(120) Concurrent Mark Free 0.002ms
[75.070s][info][gc,phases   ] GC(120) Concurrent Process Non-Strong References 2.935ms
[75.071s][info][gc,phases   ] GC(120) Concurrent Reset Relocation Set 0.024ms
[75.079s][info][gc,phases   ] GC(120) Concurrent Select Relocation Set 8.641ms
[75.079s][info][gc,phases   ] GC(120) Pause Relocate Start 0.008ms
[75.084s][info][gc,phases   ] GC(120) Concurrent Relocate 4.564ms
[75.085s][info][gc,load     ] GC(120) Load: 0.00/0.00/0.00
[75.085s][info][gc,mmu      ] GC(120) MMU: 2ms/97.9%, 5ms/99.2%, 10ms/99.6%, 20ms/99.8%, 50ms/99.9%, 100ms/99.9%
[75.085s][info][gc,marking  ] GC(120) Mark: 8 stripe(s), 6 proactive flush(es), 1 terminate flush(es), 0 completion(s), 0 continuation(s) 
[75.085s][info][gc,marking  ] GC(120) Mark Stack Usage: 32M
[75.085s][info][gc,nmethod  ] GC(120) NMethods: 5275 registered, 250 unregistered
[75.085s][info][gc,metaspace] GC(120) Metaspace: 71M used, 72M committed, 1088M reserved
[75.085s][info][gc,ref      ] GC(120) Soft: 3829 encountered, 0 discovered, 0 enqueued
[75.085s][info][gc,ref      ] GC(120) Weak: 11032 encountered, 1695 discovered, 1 enqueued
[75.085s][info][gc,ref      ] GC(120) Final: 289 encountered, 14 discovered, 0 enqueued
[75.085s][info][gc,ref      ] GC(120) Phantom: 423 encountered, 307 discovered, 1 enqueued
[75.085s][info][gc,reloc    ] GC(120) Small Pages: 1529 / 3058M, Empty: 2424M, Relocated: 6M, In-Place: 0
[75.085s][info][gc,reloc    ] GC(120) Medium Pages: 0 / 0M, Empty: 0M, Relocated: 0M, In-Place: 0
[75.085s][info][gc,reloc    ] GC(120) Large Pages: 0 / 0M, Empty: 0M, Relocated: 0M, In-Place: 0
[75.085s][info][gc,reloc    ] GC(120) Forwarding Usage: 3M
[75.085s][info][gc,heap     ] GC(120) Min Capacity: 8M(0%)
[75.085s][info][gc,heap     ] GC(120) Max Capacity: 4096M(100%)
[75.085s][info][gc,heap     ] GC(120) Soft Max Capacity: 4096M(100%)
[75.085s][info][gc,heap     ] GC(120)                Mark Start          Mark End        Relocate Start      Relocate End           High               Low         
[75.085s][info][gc,heap     ] GC(120)  Capacity:     3880M (95%)        3880M (95%)        3880M (95%)        3880M (95%)        3880M (95%)        3880M (95%)    
[75.085s][info][gc,heap     ] GC(120)      Free:     1038M (25%)         864M (21%)        3214M (78%)        3752M (92%)        3756M (92%)         838M (20%)    
[75.085s][info][gc,heap     ] GC(120)      Used:     3058M (75%)        3232M (79%)         882M (22%)         344M (8%)         3258M (80%)         340M (8%)     
[75.085s][info][gc,heap     ] GC(120)      Live:         -                53M (1%)           53M (1%)           53M (1%)             -                  -          
[75.085s][info][gc,heap     ] GC(120) Allocated:         -               174M (4%)          248M (6%)          260M (6%)             -                  -          
[75.085s][info][gc,heap     ] GC(120)   Garbage:         -              3004M (73%)         580M (14%)          29M (1%)             -                  -          
[75.085s][info][gc,heap     ] GC(120) Reclaimed:         -                  -              2424M (59%)        2974M (73%)            -                  -          
[75.085s][info][gc          ] GC(120) Garbage Collection (Allocation Rate) 3058M(75%)->344M(8%)
[75.535s][info][gc,start    ] GC(121) Garbage Collection (Allocation Rate)
[75.535s][info][gc,task     ] GC(121) Using 12 workers
[75.535s][info][gc,phases   ] GC(121) Pause Mark Start 0.009ms
[75.560s][info][gc,phases   ] GC(121) Concurrent Mark 24.290ms
[75.560s][info][gc,phases   ] GC(121) Pause Mark End 0.029ms
[75.561s][info][gc,phases   ] GC(121) Concurrent Mark Free 0.001ms
[75.563s][info][gc,phases   ] GC(121) Concurrent Process Non-Strong References 2.235ms
[75.563s][info][gc,phases   ] GC(121) Concurrent Reset Relocation Set 0.079ms
[75.569s][info][gc,phases   ] GC(121) Concurrent Select Relocation Set 5.663ms
[75.569s][info][gc,phases   ] GC(121) Pause Relocate Start 0.010ms
[75.575s][info][gc,phases   ] GC(121) Concurrent Relocate 5.652ms
[75.575s][info][gc,load     ] GC(121) Load: 0.00/0.00/0.00
[75.575s][info][gc,mmu      ] GC(121) MMU: 2ms/97.9%, 5ms/99.2%, 10ms/99.6%, 20ms/99.8%, 50ms/99.9%, 100ms/99.9%
[75.575s][info][gc,marking  ] GC(121) Mark: 8 stripe(s), 4 proactive flush(es), 1 terminate flush(es), 0 completion(s), 0 continuation(s) 
[75.575s][info][gc,marking  ] GC(121) Mark Stack Usage: 32M
[75.575s][info][gc,nmethod  ] GC(121) NMethods: 5275 registered, 250 unregistered
[75.575s][info][gc,metaspace] GC(121) Metaspace: 71M used, 72M committed, 1088M reserved
[75.575s][info][gc,ref      ] GC(121) Soft: 3829 encountered, 0 discovered, 0 enqueued
[75.575s][info][gc,ref      ] GC(121) Weak: 11031 encountered, 1405 discovered, 0 enqueued
[75.575s][info][gc,ref      ] GC(121) Final: 289 encountered, 1 discovered, 0 enqueued
[75.575s][info][gc,ref      ] GC(121) Phantom: 422 encountered, 320 discovered, 0 enqueued
[75.575s][info][gc,reloc    ] GC(121) Small Pages: 1304 / 2608M, Empty: 1882M, Relocated: 6M, In-Place: 0
[75.575s][info][gc,reloc    ] GC(121) Medium Pages: 0 / 0M, Empty: 0M, Relocated: 0M, In-Place: 0
[75.575s][info][gc,reloc    ] GC(121) Large Pages: 0 / 0M, Empty: 0M, Relocated: 0M, In-Place: 0
[75.575s][info][gc,reloc    ] GC(121) Forwarding Usage: 2M
[75.575s][info][gc,heap     ] GC(121) Min Capacity: 8M(0%)
[75.575s][info][gc,heap     ] GC(121) Max Capacity: 4096M(100%)
[75.575s][info][gc,heap     ] GC(121) Soft Max Capacity: 4096M(100%)
[75.575s][info][gc,heap     ] GC(121)                Mark Start          Mark End        Relocate Start      Relocate End           High               Low         
[75.575s][info][gc,heap     ] GC(121)  Capacity:     3880M (95%)        3880M (95%)        3880M (95%)        3880M (95%)        3880M (95%)        3880M (95%)    
[75.575s][info][gc,heap     ] GC(121)      Free:     1488M (36%)        1330M (32%)        3170M (77%)        3794M (93%)        3798M (93%)        1324M (32%)    
[75.575s][info][gc,heap     ] GC(121)      Used:     2608M (64%)        2766M (68%)         926M (23%)         302M (7%)         2772M (68%)         298M (7%)     
[75.575s][info][gc,heap     ] GC(121)      Live:         -                53M (1%)           53M (1%)           53M (1%)             -                  -          
[75.575s][info][gc,heap     ] GC(121) Allocated:         -               158M (4%)          200M (5%)          219M (5%)             -                  -          
[75.575s][info][gc,heap     ] GC(121)   Garbage:         -              2554M (62%)         672M (16%)          29M (1%)             -                  -          
[75.576s][info][gc,heap     ] GC(121) Reclaimed:         -                  -              1882M (46%)        2525M (62%)            -                  -          
[75.576s][info][gc          ] GC(121) Garbage Collection (Allocation Rate) 2608M(64%)->302M(7%)
[75.835s][info][gc,start    ] GC(122) Garbage Collection (Allocation Rate)
[75.835s][info][gc,task     ] GC(122) Using 3 workers
[75.835s][info][gc,phases   ] GC(122) Pause Mark Start 0.011ms
[75.912s][info][gc,phases   ] GC(122) Concurrent Mark 76.194ms
[75.912s][info][gc,phases   ] GC(122) Pause Mark End 0.024ms
[75.912s][info][gc,phases   ] GC(122) Concurrent Mark Free 0.001ms
[75.920s][info][gc,phases   ] GC(122) Concurrent Process Non-Strong References 7.584ms
[75.920s][info][gc,phases   ] GC(122) Concurrent Reset Relocation Set 0.083ms
[75.931s][info][gc,phases   ] GC(122) Concurrent Select Relocation Set 10.701ms
[75.931s][info][gc,phases   ] GC(122) Pause Relocate Start 0.010ms
[75.943s][info][gc,phases   ] GC(122) Concurrent Relocate 11.294ms
[75.943s][info][gc,load     ] GC(122) Load: 0.00/0.00/0.00
[75.943s][info][gc,mmu      ] GC(122) MMU: 2ms/97.9%, 5ms/99.2%, 10ms/99.6%, 20ms/99.8%, 50ms/99.9%, 100ms/99.9%
[75.943s][info][gc,marking  ] GC(122) Mark: 2 stripe(s), 2 proactive flush(es), 1 terminate flush(es), 0 completion(s), 0 continuation(s) 
[75.943s][info][gc,marking  ] GC(122) Mark Stack Usage: 32M
[75.943s][info][gc,nmethod  ] GC(122) NMethods: 5275 registered, 250 unregistered
[75.943s][info][gc,metaspace] GC(122) Metaspace: 71M used, 72M committed, 1088M reserved
[75.943s][info][gc,ref      ] GC(122) Soft: 3829 encountered, 0 discovered, 0 enqueued
[75.943s][info][gc,ref      ] GC(122) Weak: 11031 encountered, 2647 discovered, 0 enqueued
[75.943s][info][gc,ref      ] GC(122) Final: 289 encountered, 13 discovered, 0 enqueued
[75.943s][info][gc,ref      ] GC(122) Phantom: 422 encountered, 194 discovered, 0 enqueued
[75.943s][info][gc,reloc    ] GC(122) Small Pages: 804 / 1608M, Empty: 1074M, Relocated: 6M, In-Place: 0
[75.943s][info][gc,reloc    ] GC(122) Medium Pages: 0 / 0M, Empty: 0M, Relocated: 0M, In-Place: 0
[75.943s][info][gc,reloc    ] GC(122) Large Pages: 0 / 0M, Empty: 0M, Relocated: 0M, In-Place: 0
[75.943s][info][gc,reloc    ] GC(122) Forwarding Usage: 3M
[75.943s][info][gc,heap     ] GC(122) Min Capacity: 8M(0%)
[75.943s][info][gc,heap     ] GC(122) Max Capacity: 4096M(100%)
[75.943s][info][gc,heap     ] GC(122) Soft Max Capacity: 4096M(100%)
[75.943s][info][gc,heap     ] GC(122)                Mark Start          Mark End        Relocate Start      Relocate End           High               Low         
[75.943s][info][gc,heap     ] GC(122)  Capacity:     3880M (95%)        3880M (95%)        3880M (95%)        3880M (95%)        3880M (95%)        3880M (95%)    
[75.943s][info][gc,heap     ] GC(122)      Free:     2488M (61%)        2072M (51%)        3058M (75%)        3480M (85%)        3490M (85%)        2040M (50%)    
[75.943s][info][gc,heap     ] GC(122)      Used:     1608M (39%)        2024M (49%)        1038M (25%)         616M (15%)        2056M (50%)         606M (15%)    
[75.943s][info][gc,heap     ] GC(122)      Live:         -                53M (1%)           53M (1%)           53M (1%)             -                  -          
[75.943s][info][gc,heap     ] GC(122) Allocated:         -               416M (10%)         504M (12%)         550M (13%)            -                  -          
[75.943s][info][gc,heap     ] GC(122)   Garbage:         -              1554M (38%)         480M (12%)          11M (0%)             -                  -          
[75.943s][info][gc,heap     ] GC(122) Reclaimed:         -                  -              1074M (26%)        1542M (38%)            -                  -          
[75.943s][info][gc          ] GC(122) Garbage Collection (Allocation Rate) 1608M(39%)->616M(15%)
[76.234s][info][gc,start    ] GC(123) Garbage Collection (Allocation Rate)
[76.234s][info][gc,task     ] GC(123) Using 2 workers
[76.235s][info][gc,phases   ] GC(123) Pause Mark Start 0.011ms
[76.327s][info][gc,phases   ] GC(123) Concurrent Mark 91.775ms
[76.327s][info][gc,phases   ] GC(123) Pause Mark End 0.026ms
[76.329s][info][gc,phases   ] GC(123) Concurrent Mark Free 0.001ms
[76.340s][info][gc,phases   ] GC(123) Concurrent Process Non-Strong References 10.950ms
[76.340s][info][gc,phases   ] GC(123) Concurrent Reset Relocation Set 0.085ms
[76.348s][info][gc,phases   ] GC(123) Concurrent Select Relocation Set 7.494ms
[76.348s][info][gc,phases   ] GC(123) Pause Relocate Start 0.008ms
[76.362s][info][gc,phases   ] GC(123) Concurrent Relocate 14.091ms
[76.363s][info][gc,load     ] GC(123) Load: 0.00/0.00/0.00
[76.363s][info][gc,mmu      ] GC(123) MMU: 2ms/97.9%, 5ms/99.2%, 10ms/99.6%, 20ms/99.8%, 50ms/99.9%, 100ms/99.9%
[76.363s][info][gc,marking  ] GC(123) Mark: 2 stripe(s), 2 proactive flush(es), 1 terminate flush(es), 0 completion(s), 0 continuation(s) 
[76.363s][info][gc,marking  ] GC(123) Mark Stack Usage: 32M
[76.363s][info][gc,nmethod  ] GC(123) NMethods: 5275 registered, 250 unregistered
[76.363s][info][gc,metaspace] GC(123) Metaspace: 71M used, 72M committed, 1088M reserved
[76.363s][info][gc,ref      ] GC(123) Soft: 3829 encountered, 0 discovered, 0 enqueued
[76.363s][info][gc,ref      ] GC(123) Weak: 11031 encountered, 1394 discovered, 0 enqueued
[76.363s][info][gc,ref      ] GC(123) Final: 289 encountered, 29 discovered, 0 enqueued
[76.363s][info][gc,ref      ] GC(123) Phantom: 422 encountered, 182 discovered, 0 enqueued
[76.363s][info][gc,reloc    ] GC(123) Small Pages: 1050 / 2100M, Empty: 1550M, Relocated: 4M, In-Place: 0
[76.363s][info][gc,reloc    ] GC(123) Medium Pages: 0 / 0M, Empty: 0M, Relocated: 0M, In-Place: 0
[76.363s][info][gc,reloc    ] GC(123) Large Pages: 0 / 0M, Empty: 0M, Relocated: 0M, In-Place: 0
[76.363s][info][gc,reloc    ] GC(123) Forwarding Usage: 2M
[76.363s][info][gc,heap     ] GC(123) Min Capacity: 8M(0%)
[76.363s][info][gc,heap     ] GC(123) Max Capacity: 4096M(100%)
[76.363s][info][gc,heap     ] GC(123) Soft Max Capacity: 4096M(100%)
[76.363s][info][gc,heap     ] GC(123)                Mark Start          Mark End        Relocate Start      Relocate End           High               Low         
[76.363s][info][gc,heap     ] GC(123)  Capacity:     3880M (95%)        3880M (95%)        3880M (95%)        3880M (95%)        3880M (95%)        3880M (95%)    
[76.363s][info][gc,heap     ] GC(123)      Free:     1996M (49%)        1498M (37%)        2948M (72%)        3368M (82%)        3400M (83%)        1434M (35%)    
[76.363s][info][gc,heap     ] GC(123)      Used:     2100M (51%)        2598M (63%)        1148M (28%)         728M (18%)        2662M (65%)         696M (17%)    
[76.363s][info][gc,heap     ] GC(123)      Live:         -                53M (1%)           53M (1%)           53M (1%)             -                  -          
[76.363s][info][gc,heap     ] GC(123) Allocated:         -               498M (12%)         598M (15%)         662M (16%)            -                  -          
[76.363s][info][gc,heap     ] GC(123)   Garbage:         -              2046M (50%)         496M (12%)          11M (0%)             -                  -          
[76.363s][info][gc,heap     ] GC(123) Reclaimed:         -                  -              1550M (38%)        2034M (50%)            -                  -          
[76.363s][info][gc          ] GC(123) Garbage Collection (Allocation Rate) 2100M(51%)->728M(18%)
[76.735s][info][gc,start    ] GC(124) Garbage Collection (Allocation Rate)
[76.735s][info][gc,task     ] GC(124) Using 2 workers
[76.735s][info][gc,phases   ] GC(124) Pause Mark Start 0.009ms
[76.822s][info][gc,phases   ] GC(124) Concurrent Mark 86.102ms
[76.822s][info][gc,phases   ] GC(124) Pause Mark End 0.025ms
[76.823s][info][gc,phases   ] GC(124) Concurrent Mark Free 0.001ms
[76.836s][info][gc,phases   ] GC(124) Concurrent Process Non-Strong References 12.383ms
[76.836s][info][gc,phases   ] GC(124) Concurrent Reset Relocation Set 0.076ms
[76.848s][info][gc,phases   ] GC(124) Concurrent Select Relocation Set 11.631ms
[76.848s][info][gc,phases   ] GC(124) Pause Relocate Start 0.009ms
[76.864s][info][gc,phases   ] GC(124) Concurrent Relocate 15.735ms
[76.887s][info][gc,load     ] GC(124) Load: 0.00/0.00/0.00
[76.887s][info][gc,mmu      ] GC(124) MMU: 2ms/97.9%, 5ms/99.2%, 10ms/99.6%, 20ms/99.8%, 50ms/99.9%, 100ms/99.9%
[76.887s][info][gc,marking  ] GC(124) Mark: 2 stripe(s), 2 proactive flush(es), 1 terminate flush(es), 0 completion(s), 0 continuation(s) 
[76.887s][info][gc,marking  ] GC(124) Mark Stack Usage: 32M
[76.887s][info][gc,nmethod  ] GC(124) NMethods: 5275 registered, 250 unregistered
[76.887s][info][gc,metaspace] GC(124) Metaspace: 71M used, 72M committed, 1088M reserved
[76.887s][info][gc,ref      ] GC(124) Soft: 3829 encountered, 0 discovered, 0 enqueued
[76.887s][info][gc,ref      ] GC(124) Weak: 11031 encountered, 2003 discovered, 0 enqueued
[76.888s][info][gc,ref      ] GC(124) Final: 289 encountered, 19 discovered, 0 enqueued
[76.888s][info][gc,ref      ] GC(124) Phantom: 422 encountered, 157 discovered, 0 enqueued
[76.888s][info][gc,reloc    ] GC(124) Small Pages: 1304 / 2608M, Empty: 1936M, Relocated: 4M, In-Place: 0
[76.888s][info][gc,reloc    ] GC(124) Medium Pages: 0 / 0M, Empty: 0M, Relocated: 0M, In-Place: 0
[76.888s][info][gc,reloc    ] GC(124) Large Pages: 0 / 0M, Empty: 0M, Relocated: 0M, In-Place: 0
[76.888s][info][gc,reloc    ] GC(124) Forwarding Usage: 2M
[76.888s][info][gc,heap     ] GC(124) Min Capacity: 8M(0%)
[76.888s][info][gc,heap     ] GC(124) Max Capacity: 4096M(100%)
[76.888s][info][gc,heap     ] GC(124) Soft Max Capacity: 4096M(100%)
[76.888s][info][gc,heap     ] GC(124)                Mark Start          Mark End        Relocate Start      Relocate End           High               Low         
[76.888s][info][gc,heap     ] GC(124)  Capacity:     3880M (95%)        3880M (95%)        3880M (95%)        3880M (95%)        3880M (95%)        3880M (95%)    
[76.888s][info][gc,heap     ] GC(124)      Free:     1488M (36%)        1032M (25%)        2840M (69%)        3374M (82%)        3412M (83%)         960M (23%)    
[76.888s][info][gc,heap     ] GC(124)      Used:     2608M (64%)        3064M (75%)        1256M (31%)         722M (18%)        3136M (77%)         684M (17%)    
[76.888s][info][gc,heap     ] GC(124)      Live:         -                53M (1%)           53M (1%)           53M (1%)             -                  -          
[76.888s][info][gc,heap     ] GC(124) Allocated:         -               456M (11%)         584M (14%)         656M (16%)            -                  -          
[76.888s][info][gc,heap     ] GC(124)   Garbage:         -              2554M (62%)         618M (15%)          11M (0%)             -                  -          
[76.888s][info][gc,heap     ] GC(124) Reclaimed:         -                  -              1936M (47%)        2542M (62%)            -                  -          
[76.888s][info][gc          ] GC(124) Garbage Collection (Allocation Rate) 2608M(64%)->722M(18%)
[77.235s][info][gc,start    ] GC(125) Garbage Collection (Allocation Rate)
[77.235s][info][gc,task     ] GC(125) Using 2 workers
[77.235s][info][gc,phases   ] GC(125) Pause Mark Start 0.011ms
[77.331s][info][gc,phases   ] GC(125) Concurrent Mark 95.607ms
[77.331s][info][gc,phases   ] GC(125) Pause Mark End 0.025ms
[77.332s][info][gc,phases   ] GC(125) Concurrent Mark Free 0.002ms
[77.343s][info][gc,phases   ] GC(125) Concurrent Process Non-Strong References 11.342ms
[77.343s][info][gc,phases   ] GC(125) Concurrent Reset Relocation Set 0.081ms
[77.354s][info][gc,phases   ] GC(125) Concurrent Select Relocation Set 10.759ms
[77.354s][info][gc,phases   ] GC(125) Pause Relocate Start 0.009ms
[77.373s][info][gc,phases   ] GC(125) Concurrent Relocate 18.446ms
[77.373s][info][gc,load     ] GC(125) Load: 0.00/0.00/0.00
[77.373s][info][gc,mmu      ] GC(125) MMU: 2ms/97.9%, 5ms/99.2%, 10ms/99.6%, 20ms/99.8%, 50ms/99.9%, 100ms/99.9%
[77.373s][info][gc,marking  ] GC(125) Mark: 2 stripe(s), 2 proactive flush(es), 1 terminate flush(es), 0 completion(s), 0 continuation(s) 
[77.373s][info][gc,marking  ] GC(125) Mark Stack Usage: 32M
[77.373s][info][gc,nmethod  ] GC(125) NMethods: 5276 registered, 252 unregistered
[77.373s][info][gc,metaspace] GC(125) Metaspace: 71M used, 72M committed, 1088M reserved
[77.373s][info][gc,ref      ] GC(125) Soft: 3829 encountered, 0 discovered, 0 enqueued
[77.373s][info][gc,ref      ] GC(125) Weak: 10980 encountered, 1453 discovered, 141 enqueued
[77.373s][info][gc,ref      ] GC(125) Final: 289 encountered, 22 discovered, 0 enqueued
[77.373s][info][gc,ref      ] GC(125) Phantom: 422 encountered, 183 discovered, 0 enqueued
[77.373s][info][gc,reloc    ] GC(125) Small Pages: 1302 / 2604M, Empty: 2000M, Relocated: 8M, In-Place: 0
[77.373s][info][gc,reloc    ] GC(125) Medium Pages: 0 / 0M, Empty: 0M, Relocated: 0M, In-Place: 0
[77.373s][info][gc,reloc    ] GC(125) Large Pages: 0 / 0M, Empty: 0M, Relocated: 0M, In-Place: 0
[77.373s][info][gc,reloc    ] GC(125) Forwarding Usage: 3M
[77.373s][info][gc,heap     ] GC(125) Min Capacity: 8M(0%)
[77.374s][info][gc,heap     ] GC(125) Max Capacity: 4096M(100%)
[77.374s][info][gc,heap     ] GC(125) Soft Max Capacity: 4096M(100%)
[77.374s][info][gc,heap     ] GC(125)                Mark Start          Mark End        Relocate Start      Relocate End           High               Low         
[77.374s][info][gc,heap     ] GC(125)  Capacity:     3880M (95%)        3880M (95%)        3880M (95%)        3880M (95%)        3880M (95%)        3880M (95%)    
[77.374s][info][gc,heap     ] GC(125)      Free:     1492M (36%)         982M (24%)        2874M (70%)        3332M (81%)        3368M (82%)         912M (22%)    
[77.374s][info][gc,heap     ] GC(125)      Used:     2604M (64%)        3114M (76%)        1222M (30%)         764M (19%)        3184M (78%)         728M (18%)    
[77.374s][info][gc,heap     ] GC(125)      Live:         -                51M (1%)           51M (1%)           51M (1%)             -                  -          
[77.374s][info][gc,heap     ] GC(125) Allocated:         -               510M (12%)         618M (15%)         701M (17%)            -                  -          
[77.374s][info][gc,heap     ] GC(125)   Garbage:         -              2552M (62%)         552M (13%)          10M (0%)             -                  -          
[77.374s][info][gc,heap     ] GC(125) Reclaimed:         -                  -              2000M (49%)        2541M (62%)            -                  -          
[77.374s][info][gc          ] GC(125) Garbage Collection (Allocation Rate) 2604M(64%)->764M(19%)
[77.735s][info][gc,start    ] GC(126) Garbage Collection (Allocation Rate)
[77.735s][info][gc,task     ] GC(126) Using 2 workers
[77.735s][info][gc,phases   ] GC(126) Pause Mark Start 0.012ms
[77.823s][info][gc,phases   ] GC(126) Concurrent Mark 87.817ms
[77.824s][info][gc,phases   ] GC(126) Pause Mark End 0.024ms
[77.824s][info][gc,phases   ] GC(126) Concurrent Mark Free 0.002ms
[77.835s][info][gc,phases   ] GC(126) Concurrent Process Non-Strong References 11.027ms
[77.835s][info][gc,phases   ] GC(126) Concurrent Reset Relocation Set 0.065ms
[77.841s][info][gc,phases   ] GC(126) Concurrent Select Relocation Set 5.783ms
[77.842s][info][gc,phases   ] GC(126) Pause Relocate Start 0.008ms
[77.860s][info][gc,phases   ] GC(126) Concurrent Relocate 18.300ms
[77.860s][info][gc,load     ] GC(126) Load: 0.00/0.00/0.00
[77.860s][info][gc,mmu      ] GC(126) MMU: 2ms/97.9%, 5ms/99.2%, 10ms/99.6%, 20ms/99.8%, 50ms/99.9%, 100ms/99.9%
[77.860s][info][gc,marking  ] GC(126) Mark: 2 stripe(s), 3 proactive flush(es), 1 terminate flush(es), 0 completion(s), 0 continuation(s) 
[77.860s][info][gc,marking  ] GC(126) Mark Stack Usage: 32M
[77.860s][info][gc,nmethod  ] GC(126) NMethods: 5276 registered, 252 unregistered
[77.860s][info][gc,metaspace] GC(126) Metaspace: 71M used, 72M committed, 1088M reserved
[77.860s][info][gc,ref      ] GC(126) Soft: 3829 encountered, 0 discovered, 0 enqueued
[77.860s][info][gc,ref      ] GC(126) Weak: 10839 encountered, 1191 discovered, 0 enqueued
[77.860s][info][gc,ref      ] GC(126) Final: 289 encountered, 12 discovered, 0 enqueued
[77.860s][info][gc,ref      ] GC(126) Phantom: 422 encountered, 240 discovered, 0 enqueued
[77.860s][info][gc,reloc    ] GC(126) Small Pages: 1296 / 2592M, Empty: 1948M, Relocated: 8M, In-Place: 0
[77.860s][info][gc,reloc    ] GC(126) Medium Pages: 0 / 0M, Empty: 0M, Relocated: 0M, In-Place: 0
[77.860s][info][gc,reloc    ] GC(126) Large Pages: 0 / 0M, Empty: 0M, Relocated: 0M, In-Place: 0
[77.860s][info][gc,reloc    ] GC(126) Forwarding Usage: 3M
[77.860s][info][gc,heap     ] GC(126) Min Capacity: 8M(0%)
[77.860s][info][gc,heap     ] GC(126) Max Capacity: 4096M(100%)
[77.860s][info][gc,heap     ] GC(126) Soft Max Capacity: 4096M(100%)
[77.860s][info][gc,heap     ] GC(126)                Mark Start          Mark End        Relocate Start      Relocate End           High               Low         
[77.860s][info][gc,heap     ] GC(126)  Capacity:     3880M (95%)        3880M (95%)        3880M (95%)        3880M (95%)        3880M (95%)        3880M (95%)    
[77.861s][info][gc,heap     ] GC(126)      Free:     1504M (37%)        1036M (25%)        2896M (71%)        3398M (83%)        3440M (84%)         968M (24%)    
[77.861s][info][gc,heap     ] GC(126)      Used:     2592M (63%)        3060M (75%)        1200M (29%)         698M (17%)        3128M (76%)         656M (16%)    
[77.861s][info][gc,heap     ] GC(126)      Live:         -                52M (1%)           52M (1%)           52M (1%)             -                  -          
[77.861s][info][gc,heap     ] GC(126) Allocated:         -               468M (11%)         556M (14%)         635M (16%)            -                  -          
[77.861s][info][gc,heap     ] GC(126)   Garbage:         -              2539M (62%)         591M (14%)          10M (0%)             -                  -          
[77.861s][info][gc,heap     ] GC(126) Reclaimed:         -                  -              1948M (48%)        2529M (62%)            -                  -          
[77.861s][info][gc          ] GC(126) Garbage Collection (Allocation Rate) 2592M(63%)->698M(17%)
[78.335s][info][gc,start    ] GC(127) Garbage Collection (Allocation Rate)
[78.335s][info][gc,task     ] GC(127) Using 2 workers
[78.335s][info][gc,phases   ] GC(127) Pause Mark Start 0.010ms
[78.439s][info][gc,phases   ] GC(127) Concurrent Mark 102.787ms
[78.439s][info][gc,phases   ] GC(127) Pause Mark End 0.027ms
[78.440s][info][gc,phases   ] GC(127) Concurrent Mark Free 0.002ms
[78.452s][info][gc,phases   ] GC(127) Concurrent Process Non-Strong References 11.687ms
[78.452s][info][gc,phases   ] GC(127) Concurrent Reset Relocation Set 0.072ms
[78.458s][info][gc,phases   ] GC(127) Concurrent Select Relocation Set 6.036ms
[78.458s][info][gc,phases   ] GC(127) Pause Relocate Start 0.009ms
[78.480s][info][gc,phases   ] GC(127) Concurrent Relocate 20.893ms
[78.480s][info][gc,load     ] GC(127) Load: 0.00/0.00/0.00
[78.480s][info][gc,mmu      ] GC(127) MMU: 2ms/97.9%, 5ms/99.2%, 10ms/99.6%, 20ms/99.8%, 50ms/99.9%, 100ms/99.9%
[78.480s][info][gc,marking  ] GC(127) Mark: 2 stripe(s), 2 proactive flush(es), 1 terminate flush(es), 0 completion(s), 0 continuation(s) 
[78.480s][info][gc,marking  ] GC(127) Mark Stack Usage: 32M
[78.480s][info][gc,nmethod  ] GC(127) NMethods: 5276 registered, 252 unregistered
[78.480s][info][gc,metaspace] GC(127) Metaspace: 71M used, 72M committed, 1088M reserved
[78.480s][info][gc,ref      ] GC(127) Soft: 3829 encountered, 0 discovered, 0 enqueued
[78.480s][info][gc,ref      ] GC(127) Weak: 10839 encountered, 1673 discovered, 0 enqueued
[78.480s][info][gc,ref      ] GC(127) Final: 289 encountered, 28 discovered, 0 enqueued
[78.480s][info][gc,ref      ] GC(127) Phantom: 422 encountered, 190 discovered, 0 enqueued
[78.480s][info][gc,reloc    ] GC(127) Small Pages: 1555 / 3110M, Empty: 2516M, Relocated: 8M, In-Place: 0
[78.480s][info][gc,reloc    ] GC(127) Medium Pages: 0 / 0M, Empty: 0M, Relocated: 0M, In-Place: 0
[78.480s][info][gc,reloc    ] GC(127) Large Pages: 0 / 0M, Empty: 0M, Relocated: 0M, In-Place: 0
[78.480s][info][gc,reloc    ] GC(127) Forwarding Usage: 3M
[78.480s][info][gc,heap     ] GC(127) Min Capacity: 8M(0%)
[78.480s][info][gc,heap     ] GC(127) Max Capacity: 4096M(100%)
[78.480s][info][gc,heap     ] GC(127) Soft Max Capacity: 4096M(100%)
[78.480s][info][gc,heap     ] GC(127)                Mark Start          Mark End        Relocate Start      Relocate End           High               Low         
[78.480s][info][gc,heap     ] GC(127)  Capacity:     3880M (95%)        3880M (95%)        3880M (95%)        3880M (95%)        3880M (95%)        3880M (95%)    
[78.480s][info][gc,heap     ] GC(127)      Free:      986M (24%)         432M (11%)        2864M (70%)        3296M (80%)        3342M (82%)         364M (9%)     
[78.480s][info][gc,heap     ] GC(127)      Used:     3110M (76%)        3664M (89%)        1232M (30%)         800M (20%)        3732M (91%)         754M (18%)    
[78.480s][info][gc,heap     ] GC(127)      Live:         -                52M (1%)           52M (1%)           52M (1%)             -                  -          
[78.480s][info][gc,heap     ] GC(127) Allocated:         -               554M (14%)         638M (16%)         737M (18%)            -                  -          
[78.480s][info][gc,heap     ] GC(127)   Garbage:         -              3057M (75%)         541M (13%)          10M (0%)             -                  -          
[78.480s][info][gc,heap     ] GC(127) Reclaimed:         -                  -              2516M (61%)        3047M (74%)            -                  -          
[78.480s][info][gc          ] GC(127) Garbage Collection (Allocation Rate) 3110M(76%)->800M(20%)
[78.836s][info][gc,start    ] GC(128) Garbage Collection (Allocation Rate)
[78.836s][info][gc,task     ] GC(128) Using 2 workers
[78.836s][info][gc,phases   ] GC(128) Pause Mark Start 0.011ms
[78.923s][info][gc,phases   ] GC(128) Concurrent Mark 86.936ms
[78.923s][info][gc,phases   ] GC(128) Pause Mark End 0.025ms
[78.923s][info][gc,phases   ] GC(128) Concurrent Mark Free 0.001ms
[78.934s][info][gc,phases   ] GC(128) Concurrent Process Non-Strong References 10.885ms
[78.935s][info][gc,phases   ] GC(128) Concurrent Reset Relocation Set 0.067ms
[78.940s][info][gc,phases   ] GC(128) Concurrent Select Relocation Set 5.878ms
[78.941s][info][gc,phases   ] GC(128) Pause Relocate Start 0.009ms
[78.955s][info][gc,phases   ] GC(128) Concurrent Relocate 13.918ms
[78.955s][info][gc,load     ] GC(128) Load: 0.00/0.00/0.00
[78.955s][info][gc,mmu      ] GC(128) MMU: 2ms/97.9%, 5ms/99.2%, 10ms/99.6%, 20ms/99.8%, 50ms/99.9%, 100ms/99.9%
[78.955s][info][gc,marking  ] GC(128) Mark: 2 stripe(s), 2 proactive flush(es), 1 terminate flush(es), 0 completion(s), 0 continuation(s) 
[78.955s][info][gc,marking  ] GC(128) Mark Stack Usage: 32M
[78.955s][info][gc,nmethod  ] GC(128) NMethods: 5276 registered, 252 unregistered
[78.955s][info][gc,metaspace] GC(128) Metaspace: 71M used, 72M committed, 1088M reserved
[78.955s][info][gc,ref      ] GC(128) Soft: 3829 encountered, 0 discovered, 0 enqueued
[78.955s][info][gc,ref      ] GC(128) Weak: 10839 encountered, 1917 discovered, 0 enqueued
[78.955s][info][gc,ref      ] GC(128) Final: 289 encountered, 1 discovered, 0 enqueued
[78.955s][info][gc,ref      ] GC(128) Phantom: 422 encountered, 174 discovered, 0 enqueued
[78.955s][info][gc,reloc    ] GC(128) Small Pages: 1305 / 2610M, Empty: 1928M, Relocated: 6M, In-Place: 0
[78.955s][info][gc,reloc    ] GC(128) Medium Pages: 0 / 0M, Empty: 0M, Relocated: 0M, In-Place: 0
[78.955s][info][gc,reloc    ] GC(128) Large Pages: 0 / 0M, Empty: 0M, Relocated: 0M, In-Place: 0
[78.955s][info][gc,reloc    ] GC(128) Forwarding Usage: 2M
[78.955s][info][gc,heap     ] GC(128) Min Capacity: 8M(0%)
[78.955s][info][gc,heap     ] GC(128) Max Capacity: 4096M(100%)
[78.955s][info][gc,heap     ] GC(128) Soft Max Capacity: 4096M(100%)
[78.955s][info][gc,heap     ] GC(128)                Mark Start          Mark End        Relocate Start      Relocate End           High               Low         
[78.955s][info][gc,heap     ] GC(128)  Capacity:     3880M (95%)        3880M (95%)        3880M (95%)        3880M (95%)        3880M (95%)        3880M (95%)    
[78.955s][info][gc,heap     ] GC(128)      Free:     1486M (36%)        1020M (25%)        2862M (70%)        3426M (84%)        3442M (84%)         962M (23%)    
[78.955s][info][gc,heap     ] GC(128)      Used:     2610M (64%)        3076M (75%)        1234M (30%)         670M (16%)        3134M (77%)         654M (16%)    
[78.956s][info][gc,heap     ] GC(128)      Live:         -                52M (1%)           52M (1%)           52M (1%)             -                  -          
[78.956s][info][gc,heap     ] GC(128) Allocated:         -               466M (11%)         552M (13%)         607M (15%)            -                  -          
[78.956s][info][gc,heap     ] GC(128)   Garbage:         -              2557M (62%)         629M (15%)          10M (0%)             -                  -          
[78.956s][info][gc,heap     ] GC(128) Reclaimed:         -                  -              1928M (47%)        2547M (62%)            -                  -          
[78.956s][info][gc          ] GC(128) Garbage Collection (Allocation Rate) 2610M(64%)->670M(16%)
[79.435s][info][gc,start    ] GC(129) Garbage Collection (Allocation Rate)
[79.435s][info][gc,task     ] GC(129) Using 2 workers
[79.435s][info][gc,phases   ] GC(129) Pause Mark Start 0.013ms
[79.517s][info][gc,phases   ] GC(129) Concurrent Mark 81.046ms
[79.517s][info][gc,phases   ] GC(129) Pause Mark End 0.027ms
[79.517s][info][gc,phases   ] GC(129) Concurrent Mark Free 0.002ms
[79.531s][info][gc,phases   ] GC(129) Concurrent Process Non-Strong References 13.479ms
[79.531s][info][gc,phases   ] GC(129) Concurrent Reset Relocation Set 0.078ms
[79.537s][info][gc,phases   ] GC(129) Concurrent Select Relocation Set 5.978ms
[79.537s][info][gc,phases   ] GC(129) Pause Relocate Start 0.010ms
[79.549s][info][gc,phases   ] GC(129) Concurrent Relocate 12.006ms
[79.549s][info][gc,load     ] GC(129) Load: 0.00/0.00/0.00
[79.549s][info][gc,mmu      ] GC(129) MMU: 2ms/97.9%, 5ms/99.2%, 10ms/99.6%, 20ms/99.8%, 50ms/99.9%, 100ms/99.9%
[79.549s][info][gc,marking  ] GC(129) Mark: 2 stripe(s), 2 proactive flush(es), 1 terminate flush(es), 0 completion(s), 0 continuation(s) 
[79.549s][info][gc,marking  ] GC(129) Mark Stack Usage: 32M
[79.549s][info][gc,nmethod  ] GC(129) NMethods: 5005 registered, 561 unregistered
[79.549s][info][gc,metaspace] GC(129) Metaspace: 71M used, 72M committed, 1088M reserved
[79.549s][info][gc,ref      ] GC(129) Soft: 3829 encountered, 0 discovered, 0 enqueued
[79.549s][info][gc,ref      ] GC(129) Weak: 10674 encountered, 1538 discovered, 43 enqueued
[79.549s][info][gc,ref      ] GC(129) Final: 289 encountered, 6 discovered, 0 enqueued
[79.549s][info][gc,ref      ] GC(129) Phantom: 422 encountered, 182 discovered, 0 enqueued
[79.549s][info][gc,reloc    ] GC(129) Small Pages: 1557 / 3114M, Empty: 2324M, Relocated: 5M, In-Place: 0
[79.550s][info][gc,reloc    ] GC(129) Medium Pages: 0 / 0M, Empty: 0M, Relocated: 0M, In-Place: 0
[79.550s][info][gc,reloc    ] GC(129) Large Pages: 0 / 0M, Empty: 0M, Relocated: 0M, In-Place: 0
[79.550s][info][gc,reloc    ] GC(129) Forwarding Usage: 2M
[79.550s][info][gc,heap     ] GC(129) Min Capacity: 8M(0%)
[79.550s][info][gc,heap     ] GC(129) Max Capacity: 4096M(100%)
[79.550s][info][gc,heap     ] GC(129) Soft Max Capacity: 4096M(100%)
[79.550s][info][gc,heap     ] GC(129)                Mark Start          Mark End        Relocate Start      Relocate End           High               Low         
[79.550s][info][gc,heap     ] GC(129)  Capacity:     3880M (95%)        3880M (95%)        3880M (95%)        3880M (95%)        3880M (95%)        3880M (95%)    
[79.550s][info][gc,heap     ] GC(129)      Free:      982M (24%)         538M (13%)        2770M (68%)        3450M (84%)        3454M (84%)         474M (12%)    
[79.550s][info][gc,heap     ] GC(129)      Used:     3114M (76%)        3558M (87%)        1326M (32%)         646M (16%)        3622M (88%)         642M (16%)    
[79.550s][info][gc,heap     ] GC(129)      Live:         -                51M (1%)           51M (1%)           51M (1%)             -                  -          
[79.550s][info][gc,heap     ] GC(129) Allocated:         -               444M (11%)         536M (13%)         584M (14%)            -                  -          
[79.550s][info][gc,heap     ] GC(129)   Garbage:         -              3062M (75%)         738M (18%)           9M (0%)             -                  -          
[79.550s][info][gc,heap     ] GC(129) Reclaimed:         -                  -              2324M (57%)        3052M (75%)            -                  -          
[79.550s][info][gc          ] GC(129) Garbage Collection (Allocation Rate) 3114M(76%)->646M(16%)
[80.036s][info][gc,start    ] GC(130) Garbage Collection (Allocation Rate)
[80.036s][info][gc,task     ] GC(130) Using 2 workers
[80.036s][info][gc,phases   ] GC(130) Pause Mark Start 0.009ms
[80.107s][info][gc,phases   ] GC(130) Concurrent Mark 71.122ms
[80.107s][info][gc,phases   ] GC(130) Pause Mark End 0.022ms
[80.108s][info][gc,phases   ] GC(130) Concurrent Mark Free 0.001ms
[80.117s][info][gc,phases   ] GC(130) Concurrent Process Non-Strong References 9.307ms
[80.117s][info][gc,phases   ] GC(130) Concurrent Reset Relocation Set 0.064ms
[80.121s][info][gc,phases   ] GC(130) Concurrent Select Relocation Set 4.282ms
[80.121s][info][gc,phases   ] GC(130) Pause Relocate Start 0.008ms
[80.126s][info][gc,phases   ] GC(130) Concurrent Relocate 4.526ms
[80.126s][info][gc,load     ] GC(130) Load: 0.00/0.00/0.00
[80.126s][info][gc,mmu      ] GC(130) MMU: 2ms/97.9%, 5ms/99.2%, 10ms/99.6%, 20ms/99.8%, 50ms/99.9%, 100ms/99.9%
[80.126s][info][gc,marking  ] GC(130) Mark: 2 stripe(s), 2 proactive flush(es), 1 terminate flush(es), 0 completion(s), 0 continuation(s) 
[80.126s][info][gc,marking  ] GC(130) Mark Stack Usage: 32M
[80.126s][info][gc,nmethod  ] GC(130) NMethods: 5006 registered, 561 unregistered
[80.126s][info][gc,metaspace] GC(130) Metaspace: 71M used, 72M committed, 1088M reserved
[80.126s][info][gc,ref      ] GC(130) Soft: 3829 encountered, 0 discovered, 0 enqueued
[80.126s][info][gc,ref      ] GC(130) Weak: 10248 encountered, 1418 discovered, 111 enqueued
[80.126s][info][gc,ref      ] GC(130) Final: 289 encountered, 21 discovered, 0 enqueued
[80.126s][info][gc,ref      ] GC(130) Phantom: 422 encountered, 196 discovered, 0 enqueued
[80.126s][info][gc,reloc    ] GC(130) Small Pages: 1492 / 2984M, Empty: 2280M, Relocated: 3M, In-Place: 0
[80.126s][info][gc,reloc    ] GC(130) Medium Pages: 0 / 0M, Empty: 0M, Relocated: 0M, In-Place: 0
[80.126s][info][gc,reloc    ] GC(130) Large Pages: 0 / 0M, Empty: 0M, Relocated: 0M, In-Place: 0
[80.126s][info][gc,reloc    ] GC(130) Forwarding Usage: 1M
[80.126s][info][gc,heap     ] GC(130) Min Capacity: 8M(0%)
[80.126s][info][gc,heap     ] GC(130) Max Capacity: 4096M(100%)
[80.126s][info][gc,heap     ] GC(130) Soft Max Capacity: 4096M(100%)
[80.126s][info][gc,heap     ] GC(130)                Mark Start          Mark End        Relocate Start      Relocate End           High               Low         
[80.126s][info][gc,heap     ] GC(130)  Capacity:     3880M (95%)        3880M (95%)        3880M (95%)        3880M (95%)        3880M (95%)        3880M (95%)    
[80.126s][info][gc,heap     ] GC(130)      Free:     1112M (27%)         776M (19%)        3010M (73%)        3628M (89%)        3628M (89%)         742M (18%)    
[80.126s][info][gc,heap     ] GC(130)      Used:     2984M (73%)        3320M (81%)        1086M (27%)         468M (11%)        3354M (82%)         468M (11%)    
[80.126s][info][gc,heap     ] GC(130)      Live:         -                50M (1%)           50M (1%)           50M (1%)             -                  -          
[80.126s][info][gc,heap     ] GC(130) Allocated:         -               336M (8%)          382M (9%)          405M (10%)            -                  -          
[80.126s][info][gc,heap     ] GC(130)   Garbage:         -              2933M (72%)         653M (16%)          12M (0%)             -                  -          
[80.126s][info][gc,heap     ] GC(130) Reclaimed:         -                  -              2280M (56%)        2921M (71%)            -                  -          
[80.127s][info][gc          ] GC(130) Garbage Collection (Allocation Rate) 2984M(73%)->468M(11%)
[80.136s][info][gc,stats    ] === Garbage Collection Statistics =======================================================================================================================
[80.136s][info][gc,stats    ]                                                              Last 10s              Last 10m              Last 10h                Total
[80.136s][info][gc,stats    ]                                                              Avg / Max             Avg / Max             Avg / Max             Avg / Max
[80.136s][info][gc,stats    ]   Collector: Garbage Collection Cycle                    104.830 / 152.643     117.289 / 551.271     117.289 / 551.271     117.289 / 551.271     ms
[80.136s][info][gc,stats    ]  Contention: Mark Segment Reset Contention                     3 / 15                4 / 36                4 / 36                4 / 36          ops/s
[80.136s][info][gc,stats    ]  Contention: Mark SeqNum Reset Contention                      0 / 2                 1 / 7                 1 / 7                 1 / 7           ops/s
[80.136s][info][gc,stats    ]    Critical: Allocation Stall                                  0 / 0                 0 / 0                 0 / 0                 0 / 0           ops/s
[80.136s][info][gc,stats    ]    Critical: Allocation Stall                              0.000 / 0.000         0.000 / 0.000         0.000 / 0.000         0.000 / 0.000       ms
[80.136s][info][gc,stats    ]    Critical: GC Locker Stall                                   0 / 0                 0 / 0                 0 / 0                 0 / 0           ops/s
[80.136s][info][gc,stats    ]    Critical: GC Locker Stall                               0.000 / 0.000         0.000 / 0.000         0.000 / 0.000         0.000 / 0.000       ms
[80.136s][info][gc,stats    ]    Critical: Relocation Stall                                  0 / 0                 0 / 0                 0 / 0                 0 / 0           ops/s
[80.136s][info][gc,stats    ]    Critical: Relocation Stall                              0.000 / 0.000         0.000 / 0.000         0.000 / 0.000         0.000 / 0.000       ms
[80.136s][info][gc,stats    ]      Memory: Allocation Rate                                4498 / 5126           3656 / 5206           3656 / 5206           3656 / 5206        MB/s
[80.136s][info][gc,stats    ]      Memory: Defragment                                        0 / 0                 0 / 0                 0 / 0                 0 / 0           ops/s
[80.136s][info][gc,stats    ]      Memory: Out Of Memory                                     0 / 0                 0 / 0                 0 / 0                 0 / 0           ops/s
[80.136s][info][gc,stats    ]      Memory: Page Cache Flush                                  0 / 0                 0 / 0                 0 / 0                 0 / 0           MB/s
[80.136s][info][gc,stats    ]      Memory: Page Cache Hit L1                              2258 / 2567           1813 / 2620           1813 / 2620           1813 / 2620        ops/s
[80.136s][info][gc,stats    ]      Memory: Page Cache Hit L2                                 0 / 0                 0 / 0                 0 / 0                 0 / 0           ops/s
[80.136s][info][gc,stats    ]      Memory: Page Cache Hit L3                                 0 / 0                12 / 317              12 / 317              12 / 317         ops/s
[80.136s][info][gc,stats    ]      Memory: Page Cache Miss                                   0 / 0                11 / 308              11 / 308              11 / 308         ops/s
[80.136s][info][gc,stats    ]      Memory: Uncommit                                          0 / 0                 0 / 0                 0 / 0                 0 / 0           MB/s
[80.136s][info][gc,stats    ]      Memory: Undo Object Allocation Failed                     0 / 1                 0 / 6                 0 / 6                 0 / 6           ops/s
[80.136s][info][gc,stats    ]      Memory: Undo Object Allocation Succeeded                300 / 715             240 / 816             240 / 816             240 / 816         ops/s
[80.136s][info][gc,stats    ]      Memory: Undo Page Allocation                              3 / 7                10 / 227              10 / 227              10 / 227         ops/s
[80.136s][info][gc,stats    ]       Phase: Concurrent Mark                              73.163 / 102.787      71.514 / 422.516      71.514 / 422.516      71.514 / 422.516     ms
[80.136s][info][gc,stats    ]       Phase: Concurrent Mark Continue                      0.000 / 0.000         0.000 / 0.000         0.000 / 0.000         0.000 / 0.000       ms
[80.136s][info][gc,stats    ]       Phase: Concurrent Mark Free                          0.001 / 0.002         0.001 / 0.004         0.001 / 0.004         0.001 / 0.004       ms
[80.136s][info][gc,stats    ]       Phase: Concurrent Process Non-Strong References      9.095 / 13.479       18.581 / 434.483      18.581 / 434.483      18.581 / 434.483     ms
[80.136s][info][gc,stats    ]       Phase: Concurrent Relocate                          11.846 / 20.893       10.823 / 27.336       10.823 / 27.336       10.823 / 27.336      ms
[80.136s][info][gc,stats    ]       Phase: Concurrent Reset Relocation Set               0.065 / 0.085         0.063 / 0.138         0.063 / 0.138         0.063 / 0.138       ms
[80.136s][info][gc,stats    ]       Phase: Concurrent Select Relocation Set              7.016 / 11.631        7.919 / 43.053        7.919 / 43.053        7.919 / 43.053      ms
[80.136s][info][gc,stats    ]       Phase: Pause Mark End                                0.025 / 0.029         0.025 / 0.042         0.025 / 0.042         0.025 / 0.042       ms
[80.136s][info][gc,stats    ]       Phase: Pause Mark Start                              0.011 / 0.021         0.011 / 0.021         0.011 / 0.021         0.011 / 0.021       ms
[80.136s][info][gc,stats    ]       Phase: Pause Relocate Start                          0.009 / 0.010         0.008 / 0.011         0.008 / 0.011         0.008 / 0.011       ms
[80.137s][info][gc,stats    ]    Subphase: Concurrent Classes Purge                      0.185 / 1.855         0.526 / 18.627        0.526 / 18.627        0.526 / 18.627      ms
[80.137s][info][gc,stats    ]    Subphase: Concurrent Classes Unlink                     6.927 / 10.202       14.163 / 432.052      14.163 / 432.052      14.163 / 432.052     ms
[80.137s][info][gc,stats    ]    Subphase: Concurrent Mark                              44.987 / 97.841       41.601 / 409.811      41.601 / 409.811      41.601 / 409.811     ms
[80.137s][info][gc,stats    ]    Subphase: Concurrent Mark Try Flush                     0.495 / 2.859         2.035 / 307.885       2.035 / 307.885       2.035 / 307.885     ms
[80.137s][info][gc,stats    ]    Subphase: Concurrent Mark Try Terminate                 1.750 / 10.501        1.684 / 44.933        1.684 / 44.933        1.684 / 44.933      ms
[80.137s][info][gc,stats    ]    Subphase: Concurrent References Enqueue                 0.002 / 0.006         0.002 / 0.011         0.002 / 0.011         0.002 / 0.011       ms
[80.137s][info][gc,stats    ]    Subphase: Concurrent References Process                 0.334 / 0.530         0.333 / 2.321         0.333 / 2.321         0.333 / 2.321       ms
[80.137s][info][gc,stats    ]    Subphase: Concurrent Roots ClassLoaderDataGraph         0.103 / 0.377         0.117 / 2.952         0.117 / 2.952         0.117 / 2.952       ms
[80.137s][info][gc,stats    ]    Subphase: Concurrent Roots CodeCache                    0.000 / 0.000         0.000 / 0.000         0.000 / 0.000         0.000 / 0.000       ms
[80.137s][info][gc,stats    ]    Subphase: Concurrent Roots JavaThreads                  4.762 / 10.528        5.961 / 24.476        5.961 / 24.476        5.961 / 24.476      ms
[80.137s][info][gc,stats    ]    Subphase: Concurrent Roots OopStorageSet                0.058 / 0.131         0.108 / 2.435         0.108 / 2.435         0.108 / 2.435       ms
[80.137s][info][gc,stats    ]    Subphase: Concurrent Weak Roots OopStorageSet           0.749 / 2.058         0.661 / 2.598         0.661 / 2.598         0.661 / 2.598       ms
[80.137s][info][gc,stats    ]    Subphase: Pause Mark Try Complete                       0.000 / 0.000         0.001 / 0.002         0.001 / 0.002         0.001 / 0.002       ms
[80.137s][info][gc,stats    ]      System: Java Threads                                    204 / 215             187 / 218             187 / 218             187 / 218         threads
[80.137s][info][gc,stats    ] =========================================================================================================================================================
[80.542s][info][gc,start    ] GC(131) Garbage Collection (Allocation Rate)
[80.542s][info][gc,task     ] GC(131) Using 1 workers
[80.542s][info][gc,phases   ] GC(131) Pause Mark Start 0.010ms
[80.630s][info][gc,phases   ] GC(131) Concurrent Mark 87.847ms
[80.630s][info][gc,phases   ] GC(131) Pause Mark End 0.018ms
[80.630s][info][gc,phases   ] GC(131) Concurrent Mark Free 0.001ms
[80.642s][info][gc,phases   ] GC(131) Concurrent Process Non-Strong References 11.534ms
[80.642s][info][gc,phases   ] GC(131) Concurrent Reset Relocation Set 0.043ms
[80.645s][info][gc,phases   ] GC(131) Concurrent Select Relocation Set 2.664ms
[80.645s][info][gc,phases   ] GC(131) Pause Relocate Start 0.008ms
[80.649s][info][gc,phases   ] GC(131) Concurrent Relocate 4.490ms
[80.649s][info][gc,load     ] GC(131) Load: 0.00/0.00/0.00
[80.649s][info][gc,mmu      ] GC(131) MMU: 2ms/97.9%, 5ms/99.2%, 10ms/99.6%, 20ms/99.8%, 50ms/99.9%, 100ms/99.9%
[80.649s][info][gc,marking  ] GC(131) Mark: 1 stripe(s), 2 proactive flush(es), 1 terminate flush(es), 0 completion(s), 0 continuation(s) 
[80.649s][info][gc,marking  ] GC(131) Mark Stack Usage: 32M
[80.649s][info][gc,nmethod  ] GC(131) NMethods: 5005 registered, 563 unregistered
[80.649s][info][gc,metaspace] GC(131) Metaspace: 71M used, 72M committed, 1088M reserved
[80.649s][info][gc,ref      ] GC(131) Soft: 3829 encountered, 0 discovered, 0 enqueued
[80.649s][info][gc,ref      ] GC(131) Weak: 9688 encountered, 1068 discovered, 109 enqueued
[80.649s][info][gc,ref      ] GC(131) Final: 289 encountered, 96 discovered, 0 enqueued
[80.649s][info][gc,ref      ] GC(131) Phantom: 422 encountered, 299 discovered, 0 enqueued
[80.649s][info][gc,reloc    ] GC(131) Small Pages: 840 / 1680M, Empty: 1204M, Relocated: 3M, In-Place: 0
[80.649s][info][gc,reloc    ] GC(131) Medium Pages: 0 / 0M, Empty: 0M, Relocated: 0M, In-Place: 0
[80.649s][info][gc,reloc    ] GC(131) Large Pages: 0 / 0M, Empty: 0M, Relocated: 0M, In-Place: 0
[80.649s][info][gc,reloc    ] GC(131) Forwarding Usage: 1M
[80.649s][info][gc,heap     ] GC(131) Min Capacity: 8M(0%)
[80.650s][info][gc,heap     ] GC(131) Max Capacity: 4096M(100%)
[80.650s][info][gc,heap     ] GC(131) Soft Max Capacity: 4096M(100%)
[80.650s][info][gc,heap     ] GC(131)                Mark Start          Mark End        Relocate Start      Relocate End           High               Low         
[80.650s][info][gc,heap     ] GC(131)  Capacity:     3880M (95%)        3880M (95%)        3880M (95%)        3880M (95%)        3880M (95%)        3880M (95%)    
[80.650s][info][gc,heap     ] GC(131)      Free:     2416M (59%)        2224M (54%)        3406M (83%)        3806M (93%)        3806M (93%)        2204M (54%)    
[80.650s][info][gc,heap     ] GC(131)      Used:     1680M (41%)        1872M (46%)         690M (17%)         290M (7%)         1892M (46%)         290M (7%)     
[80.650s][info][gc,heap     ] GC(131)      Live:         -                49M (1%)           49M (1%)           49M (1%)             -                  -          
[80.650s][info][gc,heap     ] GC(131) Allocated:         -               192M (5%)          214M (5%)          229M (6%)             -                  -          
[80.650s][info][gc,heap     ] GC(131)   Garbage:         -              1630M (40%)         426M (10%)          11M (0%)             -                  -          
[80.650s][info][gc,heap     ] GC(131) Reclaimed:         -                  -              1204M (29%)        1619M (40%)            -                  -          
[80.650s][info][gc          ] GC(131) Garbage Collection (Allocation Rate) 1680M(41%)->290M(7%)
[80.936s][info][gc,start    ] GC(132) Garbage Collection (Allocation Rate)
[80.936s][info][gc,task     ] GC(132) Using 6 workers
[80.936s][info][gc,phases   ] GC(132) Pause Mark Start 0.010ms
[80.957s][info][gc,phases   ] GC(132) Concurrent Mark 20.712ms
[80.957s][info][gc,phases   ] GC(132) Pause Mark End 0.019ms
[80.957s][info][gc,phases   ] GC(132) Concurrent Mark Free 0.000ms
[80.959s][info][gc,phases   ] GC(132) Concurrent Process Non-Strong References 2.395ms
[80.959s][info][gc,phases   ] GC(132) Concurrent Reset Relocation Set 0.022ms
[80.962s][info][gc,phases   ] GC(132) Concurrent Select Relocation Set 2.520ms
[80.962s][info][gc,phases   ] GC(132) Pause Relocate Start 0.007ms
[80.963s][info][gc,phases   ] GC(132) Concurrent Relocate 1.406ms
[80.963s][info][gc,load     ] GC(132) Load: 0.00/0.00/0.00
[80.963s][info][gc,mmu      ] GC(132) MMU: 2ms/97.9%, 5ms/99.2%, 10ms/99.6%, 20ms/99.8%, 50ms/99.9%, 100ms/99.9%
[80.963s][info][gc,marking  ] GC(132) Mark: 4 stripe(s), 2 proactive flush(es), 1 terminate flush(es), 0 completion(s), 0 continuation(s) 
[80.963s][info][gc,marking  ] GC(132) Mark Stack Usage: 32M
[80.963s][info][gc,nmethod  ] GC(132) NMethods: 5005 registered, 563 unregistered
[80.963s][info][gc,metaspace] GC(132) Metaspace: 71M used, 72M committed, 1088M reserved
[80.963s][info][gc,ref      ] GC(132) Soft: 3829 encountered, 0 discovered, 0 enqueued
[80.963s][info][gc,ref      ] GC(132) Weak: 9579 encountered, 1165 discovered, 0 enqueued
[80.964s][info][gc,ref      ] GC(132) Final: 289 encountered, 0 discovered, 0 enqueued
[80.964s][info][gc,ref      ] GC(132) Phantom: 422 encountered, 349 discovered, 0 enqueued
[80.964s][info][gc,reloc    ] GC(132) Small Pages: 434 / 868M, Empty: 670M, Relocated: 2M, In-Place: 0
[80.964s][info][gc,reloc    ] GC(132) Medium Pages: 0 / 0M, Empty: 0M, Relocated: 0M, In-Place: 0
[80.964s][info][gc,reloc    ] GC(132) Large Pages: 0 / 0M, Empty: 0M, Relocated: 0M, In-Place: 0
[80.964s][info][gc,reloc    ] GC(132) Forwarding Usage: 0M
[80.964s][info][gc,heap     ] GC(132) Min Capacity: 8M(0%)
[80.964s][info][gc,heap     ] GC(132) Max Capacity: 4096M(100%)
[80.964s][info][gc,heap     ] GC(132) Soft Max Capacity: 4096M(100%)
[80.964s][info][gc,heap     ] GC(132)                Mark Start          Mark End        Relocate Start      Relocate End           High               Low         
[80.964s][info][gc,heap     ] GC(132)  Capacity:     3880M (95%)        3880M (95%)        3880M (95%)        3880M (95%)        3880M (95%)        3880M (95%)    
[80.964s][info][gc,heap     ] GC(132)      Free:     3228M (79%)        3162M (77%)        3830M (94%)        3956M (97%)        3956M (97%)        3162M (77%)    
[80.964s][info][gc,heap     ] GC(132)      Used:      868M (21%)         934M (23%)         266M (6%)          140M (3%)          934M (23%)         140M (3%)     
[80.964s][info][gc,heap     ] GC(132)      Live:         -                49M (1%)           49M (1%)           49M (1%)             -                  -          
[80.964s][info][gc,heap     ] GC(132) Allocated:         -                66M (2%)           68M (2%)           71M (2%)             -                  -          
[80.964s][info][gc,heap     ] GC(132)   Garbage:         -               818M (20%)         148M (4%)           18M (0%)             -                  -          
[80.964s][info][gc,heap     ] GC(132) Reclaimed:         -                  -               670M (16%)         799M (20%)            -                  -          
[80.964s][info][gc          ] GC(132) Garbage Collection (Allocation Rate) 868M(21%)->140M(3%)
[81.933s][info][gc,start    ] GC(133) Garbage Collection (System.gc())
[81.933s][info][gc,task     ] GC(133) Using 12 workers
[81.933s][info][gc,phases   ] GC(133) Pause Mark Start 0.015ms
[81.957s][info][gc,phases   ] GC(133) Concurrent Mark 23.526ms
[81.957s][info][gc,phases   ] GC(133) Pause Mark End 0.021ms
[81.957s][info][gc,phases   ] GC(133) Concurrent Mark Free 0.001ms
[81.959s][info][gc,phases   ] GC(133) Concurrent Process Non-Strong References 1.952ms
[81.959s][info][gc,phases   ] GC(133) Concurrent Reset Relocation Set 0.009ms
[81.963s][info][gc,phases   ] GC(133) Concurrent Select Relocation Set 3.390ms
[81.963s][info][gc,phases   ] GC(133) Pause Relocate Start 0.006ms
[81.965s][info][gc,phases   ] GC(133) Concurrent Relocate 1.792ms
[81.965s][info][gc,load     ] GC(133) Load: 0.00/0.00/0.00
[81.965s][info][gc,mmu      ] GC(133) MMU: 2ms/97.9%, 5ms/99.2%, 10ms/99.6%, 20ms/99.8%, 50ms/99.9%, 100ms/99.9%
[81.965s][info][gc,marking  ] GC(133) Mark: 8 stripe(s), 4 proactive flush(es), 1 terminate flush(es), 0 completion(s), 0 continuation(s) 
[81.965s][info][gc,marking  ] GC(133) Mark Stack Usage: 32M
[81.965s][info][gc,nmethod  ] GC(133) NMethods: 4894 registered, 682 unregistered
[81.965s][info][gc,metaspace] GC(133) Metaspace: 71M used, 72M committed, 1088M reserved
[81.965s][info][gc,ref      ] GC(133) Soft: 3829 encountered, 0 discovered, 0 enqueued
[81.965s][info][gc,ref      ] GC(133) Weak: 9571 encountered, 907 discovered, 49 enqueued
[81.965s][info][gc,ref      ] GC(133) Final: 289 encountered, 13 discovered, 0 enqueued
[81.965s][info][gc,ref      ] GC(133) Phantom: 422 encountered, 305 discovered, 0 enqueued
[81.965s][info][gc,reloc    ] GC(133) Small Pages: 999 / 1998M, Empty: 1778M, Relocated: 3M, In-Place: 0
[81.965s][info][gc,reloc    ] GC(133) Medium Pages: 0 / 0M, Empty: 0M, Relocated: 0M, In-Place: 0
[81.965s][info][gc,reloc    ] GC(133) Large Pages: 0 / 0M, Empty: 0M, Relocated: 0M, In-Place: 0
[81.965s][info][gc,reloc    ] GC(133) Forwarding Usage: 1M
[81.965s][info][gc,heap     ] GC(133) Min Capacity: 8M(0%)
[81.965s][info][gc,heap     ] GC(133) Max Capacity: 4096M(100%)
[81.965s][info][gc,heap     ] GC(133) Soft Max Capacity: 4096M(100%)
[81.965s][info][gc,heap     ] GC(133)                Mark Start          Mark End        Relocate Start      Relocate End           High               Low         
[81.965s][info][gc,heap     ] GC(133)  Capacity:     3880M (95%)        3880M (95%)        3880M (95%)        3880M (95%)        3880M (95%)        3880M (95%)    
[81.965s][info][gc,heap     ] GC(133)      Free:     2098M (51%)        2044M (50%)        3822M (93%)        3962M (97%)        3962M (97%)        2044M (50%)    
[81.965s][info][gc,heap     ] GC(133)      Used:     1998M (49%)        2052M (50%)         274M (7%)          134M (3%)         2052M (50%)         134M (3%)     
[81.965s][info][gc,heap     ] GC(133)      Live:         -                49M (1%)           49M (1%)           49M (1%)             -                  -          
[81.965s][info][gc,heap     ] GC(133) Allocated:         -                54M (1%)           54M (1%)           54M (1%)             -                  -          
[81.965s][info][gc,heap     ] GC(133)   Garbage:         -              1948M (48%)         170M (4%)           30M (1%)             -                  -          
[81.965s][info][gc,heap     ] GC(133) Reclaimed:         -                  -              1778M (43%)        1918M (47%)            -                  -          
[81.965s][info][gc          ] GC(133) Garbage Collection (System.gc()) 1998M(49%)->134M(3%)
[82.635s][info][gc,start    ] GC(134) Garbage Collection (Allocation Rate)
[82.635s][info][gc,task     ] GC(134) Using 12 workers
[82.635s][info][gc,phases   ] GC(134) Pause Mark Start 0.011ms
[82.659s][info][gc,phases   ] GC(134) Concurrent Mark 23.325ms
[82.659s][info][gc,phases   ] GC(134) Pause Mark End 0.027ms
[82.660s][info][gc,phases   ] GC(134) Concurrent Mark Free 0.002ms
[82.662s][info][gc,phases   ] GC(134) Concurrent Process Non-Strong References 2.470ms
[82.662s][info][gc,phases   ] GC(134) Concurrent Reset Relocation Set 0.025ms
[82.671s][info][gc,phases   ] GC(134) Concurrent Select Relocation Set 8.498ms
[82.671s][info][gc,phases   ] GC(134) Pause Relocate Start 0.009ms
[82.677s][info][gc,phases   ] GC(134) Concurrent Relocate 5.987ms
[82.677s][info][gc,load     ] GC(134) Load: 0.00/0.00/0.00
[82.677s][info][gc,mmu      ] GC(134) MMU: 2ms/97.9%, 5ms/99.2%, 10ms/99.6%, 20ms/99.8%, 50ms/99.9%, 100ms/99.9%
[82.677s][info][gc,marking  ] GC(134) Mark: 8 stripe(s), 4 proactive flush(es), 1 terminate flush(es), 0 completion(s), 0 continuation(s) 
[82.677s][info][gc,marking  ] GC(134) Mark Stack Usage: 32M
[82.677s][info][gc,nmethod  ] GC(134) NMethods: 4981 registered, 695 unregistered
[82.677s][info][gc,metaspace] GC(134) Metaspace: 71M used, 72M committed, 1088M reserved
[82.677s][info][gc,ref      ] GC(134) Soft: 3829 encountered, 0 discovered, 0 enqueued
[82.677s][info][gc,ref      ] GC(134) Weak: 11017 encountered, 1561 discovered, 1 enqueued
[82.678s][info][gc,ref      ] GC(134) Final: 289 encountered, 6 discovered, 0 enqueued
[82.678s][info][gc,ref      ] GC(134) Phantom: 426 encountered, 282 discovered, 4 enqueued
[82.678s][info][gc,reloc    ] GC(134) Small Pages: 1727 / 3454M, Empty: 2632M, Relocated: 8M, In-Place: 0
[82.678s][info][gc,reloc    ] GC(134) Medium Pages: 0 / 0M, Empty: 0M, Relocated: 0M, In-Place: 0
[82.678s][info][gc,reloc    ] GC(134) Large Pages: 0 / 0M, Empty: 0M, Relocated: 0M, In-Place: 0
[82.678s][info][gc,reloc    ] GC(134) Forwarding Usage: 3M
[82.678s][info][gc,heap     ] GC(134) Min Capacity: 8M(0%)
[82.678s][info][gc,heap     ] GC(134) Max Capacity: 4096M(100%)
[82.678s][info][gc,heap     ] GC(134) Soft Max Capacity: 4096M(100%)
[82.678s][info][gc,heap     ] GC(134)                Mark Start          Mark End        Relocate Start      Relocate End           High               Low         
[82.678s][info][gc,heap     ] GC(134)  Capacity:     3880M (95%)        3880M (95%)        3880M (95%)        3880M (95%)        3880M (95%)        3880M (95%)    
[82.678s][info][gc,heap     ] GC(134)      Free:      642M (16%)         482M (12%)        3078M (75%)        3790M (93%)        3794M (93%)         480M (12%)    
[82.678s][info][gc,heap     ] GC(134)      Used:     3454M (84%)        3614M (88%)        1018M (25%)         306M (7%)         3616M (88%)         302M (7%)     
[82.678s][info][gc,heap     ] GC(134)      Live:         -                53M (1%)           53M (1%)           53M (1%)             -                  -          
[82.678s][info][gc,heap     ] GC(134) Allocated:         -               160M (4%)          196M (5%)          226M (6%)             -                  -          
[82.678s][info][gc,heap     ] GC(134)   Garbage:         -              3400M (83%)         768M (19%)          25M (1%)             -                  -          
[82.678s][info][gc,heap     ] GC(134) Reclaimed:         -                  -              2632M (64%)        3374M (82%)            -                  -          
[82.678s][info][gc          ] GC(134) Garbage Collection (Allocation Rate) 3454M(84%)->306M(7%)
[83.135s][info][gc,start    ] GC(135) Garbage Collection (Allocation Rate)
[83.135s][info][gc,task     ] GC(135) Using 12 workers
[83.135s][info][gc,phases   ] GC(135) Pause Mark Start 0.009ms
[83.156s][info][gc,phases   ] GC(135) Concurrent Mark 20.879ms
[83.157s][info][gc,phases   ] GC(135) Pause Mark End 0.026ms
[83.158s][info][gc,phases   ] GC(135) Concurrent Mark Free 0.001ms
[83.160s][info][gc,phases   ] GC(135) Concurrent Process Non-Strong References 2.377ms
[83.160s][info][gc,phases   ] GC(135) Concurrent Reset Relocation Set 0.091ms
[83.171s][info][gc,phases   ] GC(135) Concurrent Select Relocation Set 11.011ms
[83.171s][info][gc,phases   ] GC(135) Pause Relocate Start 0.011ms
[83.178s][info][gc,phases   ] GC(135) Concurrent Relocate 5.855ms
[83.178s][info][gc,load     ] GC(135) Load: 0.00/0.00/0.00
[83.178s][info][gc,mmu      ] GC(135) MMU: 2ms/97.9%, 5ms/99.2%, 10ms/99.6%, 20ms/99.8%, 50ms/99.9%, 100ms/99.9%
[83.178s][info][gc,marking  ] GC(135) Mark: 8 stripe(s), 4 proactive flush(es), 1 terminate flush(es), 0 completion(s), 0 continuation(s) 
[83.178s][info][gc,marking  ] GC(135) Mark Stack Usage: 32M
[83.178s][info][gc,nmethod  ] GC(135) NMethods: 4981 registered, 695 unregistered
[83.178s][info][gc,metaspace] GC(135) Metaspace: 71M used, 72M committed, 1088M reserved
[83.178s][info][gc,ref      ] GC(135) Soft: 3829 encountered, 0 discovered, 0 enqueued
[83.178s][info][gc,ref      ] GC(135) Weak: 11016 encountered, 1344 discovered, 0 enqueued
[83.178s][info][gc,ref      ] GC(135) Final: 289 encountered, 0 discovered, 0 enqueued
[83.178s][info][gc,ref      ] GC(135) Phantom: 422 encountered, 285 discovered, 0 enqueued
[83.178s][info][gc,reloc    ] GC(135) Small Pages: 1312 / 2624M, Empty: 2078M, Relocated: 8M, In-Place: 0
[83.178s][info][gc,reloc    ] GC(135) Medium Pages: 0 / 0M, Empty: 0M, Relocated: 0M, In-Place: 0
[83.178s][info][gc,reloc    ] GC(135) Large Pages: 0 / 0M, Empty: 0M, Relocated: 0M, In-Place: 0
[83.178s][info][gc,reloc    ] GC(135) Forwarding Usage: 3M
[83.178s][info][gc,heap     ] GC(135) Min Capacity: 8M(0%)
[83.178s][info][gc,heap     ] GC(135) Max Capacity: 4096M(100%)
[83.178s][info][gc,heap     ] GC(135) Soft Max Capacity: 4096M(100%)
[83.178s][info][gc,heap     ] GC(135)                Mark Start          Mark End        Relocate Start      Relocate End           High               Low         
[83.178s][info][gc,heap     ] GC(135)  Capacity:     3880M (95%)        3880M (95%)        3880M (95%)        3880M (95%)        3880M (95%)        3880M (95%)    
[83.178s][info][gc,heap     ] GC(135)      Free:     1472M (36%)        1330M (32%)        3346M (82%)        3786M (92%)        3796M (93%)        1316M (32%)    
[83.178s][info][gc,heap     ] GC(135)      Used:     2624M (64%)        2766M (68%)         750M (18%)         310M (8%)         2780M (68%)         300M (7%)     
[83.178s][info][gc,heap     ] GC(135)      Live:         -                53M (1%)           53M (1%)           53M (1%)             -                  -          
[83.178s][info][gc,heap     ] GC(135) Allocated:         -               142M (3%)          204M (5%)          231M (6%)             -                  -          
[83.178s][info][gc,heap     ] GC(135)   Garbage:         -              2570M (63%)         492M (12%)          25M (1%)             -                  -          
[83.178s][info][gc,heap     ] GC(135) Reclaimed:         -                  -              2078M (51%)        2545M (62%)            -                  -          
[83.178s][info][gc          ] GC(135) Garbage Collection (Allocation Rate) 2624M(64%)->310M(8%)
[83.535s][info][gc,start    ] GC(136) Garbage Collection (Allocation Rate)
[83.535s][info][gc,task     ] GC(136) Using 3 workers
[83.535s][info][gc,phases   ] GC(136) Pause Mark Start 0.013ms
[83.600s][info][gc,phases   ] GC(136) Concurrent Mark 64.087ms
[83.600s][info][gc,phases   ] GC(136) Pause Mark End 0.026ms
[83.601s][info][gc,phases   ] GC(136) Concurrent Mark Free 0.001ms
[83.609s][info][gc,phases   ] GC(136) Concurrent Process Non-Strong References 7.276ms
[83.609s][info][gc,phases   ] GC(136) Concurrent Reset Relocation Set 0.066ms
[83.615s][info][gc,phases   ] GC(136) Concurrent Select Relocation Set 5.812ms
[83.615s][info][gc,phases   ] GC(136) Pause Relocate Start 0.011ms
[83.629s][info][gc,phases   ] GC(136) Concurrent Relocate 13.760ms
[83.629s][info][gc,load     ] GC(136) Load: 0.00/0.00/0.00
[83.629s][info][gc,mmu      ] GC(136) MMU: 2ms/97.9%, 5ms/99.2%, 10ms/99.6%, 20ms/99.8%, 50ms/99.9%, 100ms/99.9%
[83.629s][info][gc,marking  ] GC(136) Mark: 2 stripe(s), 2 proactive flush(es), 1 terminate flush(es), 0 completion(s), 0 continuation(s) 
[83.629s][info][gc,marking  ] GC(136) Mark Stack Usage: 32M
[83.629s][info][gc,nmethod  ] GC(136) NMethods: 4981 registered, 696 unregistered
[83.629s][info][gc,metaspace] GC(136) Metaspace: 71M used, 72M committed, 1088M reserved
[83.629s][info][gc,ref      ] GC(136) Soft: 3829 encountered, 0 discovered, 0 enqueued
[83.629s][info][gc,ref      ] GC(136) Weak: 11016 encountered, 1302 discovered, 0 enqueued
[83.629s][info][gc,ref      ] GC(136) Final: 289 encountered, 0 discovered, 0 enqueued
[83.629s][info][gc,ref      ] GC(136) Phantom: 422 encountered, 176 discovered, 0 enqueued
[83.629s][info][gc,reloc    ] GC(136) Small Pages: 1061 / 2122M, Empty: 1440M, Relocated: 8M, In-Place: 0
[83.629s][info][gc,reloc    ] GC(136) Medium Pages: 0 / 0M, Empty: 0M, Relocated: 0M, In-Place: 0
[83.629s][info][gc,reloc    ] GC(136) Large Pages: 0 / 0M, Empty: 0M, Relocated: 0M, In-Place: 0
[83.629s][info][gc,reloc    ] GC(136) Forwarding Usage: 3M
[83.629s][info][gc,heap     ] GC(136) Min Capacity: 8M(0%)
[83.629s][info][gc,heap     ] GC(136) Max Capacity: 4096M(100%)
[83.629s][info][gc,heap     ] GC(136) Soft Max Capacity: 4096M(100%)
[83.629s][info][gc,heap     ] GC(136)                Mark Start          Mark End        Relocate Start      Relocate End           High               Low         
[83.630s][info][gc,heap     ] GC(136)  Capacity:     3880M (95%)        3880M (95%)        3880M (95%)        3880M (95%)        3880M (95%)        3880M (95%)    
[83.630s][info][gc,heap     ] GC(136)      Free:     1974M (48%)        1620M (40%)        2994M (73%)        3542M (86%)        3578M (87%)        1578M (39%)    
[83.630s][info][gc,heap     ] GC(136)      Used:     2122M (52%)        2476M (60%)        1102M (27%)         554M (14%)        2518M (61%)         518M (13%)    
[83.630s][info][gc,heap     ] GC(136)      Live:         -                53M (1%)           53M (1%)           53M (1%)             -                  -          
[83.630s][info][gc,heap     ] GC(136) Allocated:         -               354M (9%)          420M (10%)         486M (12%)            -                  -          
[83.630s][info][gc,heap     ] GC(136)   Garbage:         -              2068M (50%)         628M (15%)          13M (0%)             -                  -          
[83.630s][info][gc,heap     ] GC(136) Reclaimed:         -                  -              1440M (35%)        2054M (50%)            -                  -          
[83.630s][info][gc          ] GC(136) Garbage Collection (Allocation Rate) 2122M(52%)->554M(14%)
[84.035s][info][gc,start    ] GC(137) Garbage Collection (Allocation Rate)
[84.036s][info][gc,task     ] GC(137) Using 2 workers
[84.036s][info][gc,phases   ] GC(137) Pause Mark Start 0.011ms
[84.124s][info][gc,phases   ] GC(137) Concurrent Mark 88.177ms
[84.124s][info][gc,phases   ] GC(137) Pause Mark End 0.023ms
[84.125s][info][gc,phases   ] GC(137) Concurrent Mark Free 0.001ms
[84.135s][info][gc,phases   ] GC(137) Concurrent Process Non-Strong References 10.538ms
[84.136s][info][gc,phases   ] GC(137) Concurrent Reset Relocation Set 0.073ms
[84.142s][info][gc,phases   ] GC(137) Concurrent Select Relocation Set 5.974ms
[84.142s][info][gc,phases   ] GC(137) Pause Relocate Start 0.007ms
[84.164s][info][gc,phases   ] GC(137) Concurrent Relocate 21.579ms
[84.164s][info][gc,load     ] GC(137) Load: 0.00/0.00/0.00
[84.164s][info][gc,mmu      ] GC(137) MMU: 2ms/97.9%, 5ms/99.2%, 10ms/99.6%, 20ms/99.8%, 50ms/99.9%, 100ms/99.9%
[84.164s][info][gc,marking  ] GC(137) Mark: 2 stripe(s), 2 proactive flush(es), 1 terminate flush(es), 0 completion(s), 0 continuation(s) 
[84.164s][info][gc,marking  ] GC(137) Mark Stack Usage: 32M
[84.164s][info][gc,nmethod  ] GC(137) NMethods: 4981 registered, 696 unregistered
[84.164s][info][gc,metaspace] GC(137) Metaspace: 71M used, 72M committed, 1088M reserved
[84.164s][info][gc,ref      ] GC(137) Soft: 3829 encountered, 0 discovered, 0 enqueued
[84.164s][info][gc,ref      ] GC(137) Weak: 11016 encountered, 1532 discovered, 0 enqueued
[84.164s][info][gc,ref      ] GC(137) Final: 289 encountered, 29 discovered, 0 enqueued
[84.164s][info][gc,ref      ] GC(137) Phantom: 422 encountered, 182 discovered, 0 enqueued
[84.164s][info][gc,reloc    ] GC(137) Small Pages: 1303 / 2606M, Empty: 2006M, Relocated: 8M, In-Place: 0
[84.164s][info][gc,reloc    ] GC(137) Medium Pages: 0 / 0M, Empty: 0M, Relocated: 0M, In-Place: 0
[84.164s][info][gc,reloc    ] GC(137) Large Pages: 0 / 0M, Empty: 0M, Relocated: 0M, In-Place: 0
[84.164s][info][gc,reloc    ] GC(137) Forwarding Usage: 3M
[84.164s][info][gc,heap     ] GC(137) Min Capacity: 8M(0%)
[84.164s][info][gc,heap     ] GC(137) Max Capacity: 4096M(100%)
[84.164s][info][gc,heap     ] GC(137) Soft Max Capacity: 4096M(100%)
[84.164s][info][gc,heap     ] GC(137)                Mark Start          Mark End        Relocate Start      Relocate End           High               Low         
[84.164s][info][gc,heap     ] GC(137)  Capacity:     3880M (95%)        3880M (95%)        3880M (95%)        3880M (95%)        3880M (95%)        3880M (95%)    
[84.164s][info][gc,heap     ] GC(137)      Free:     1490M (36%)        1014M (25%)        2944M (72%)        3376M (82%)        3424M (84%)         956M (23%)    
[84.164s][info][gc,heap     ] GC(137)      Used:     2606M (64%)        3082M (75%)        1152M (28%)         720M (18%)        3140M (77%)         672M (16%)    
[84.164s][info][gc,heap     ] GC(137)      Live:         -                53M (1%)           53M (1%)           53M (1%)             -                  -          
[84.164s][info][gc,heap     ] GC(137) Allocated:         -               476M (12%)         552M (13%)         656M (16%)            -                  -          
[84.164s][info][gc,heap     ] GC(137)   Garbage:         -              2552M (62%)         546M (13%)          10M (0%)             -                  -          
[84.164s][info][gc,heap     ] GC(137) Reclaimed:         -                  -              2006M (49%)        2542M (62%)            -                  -          
[84.164s][info][gc          ] GC(137) Garbage Collection (Allocation Rate) 2606M(64%)->720M(18%)
[84.536s][info][gc,start    ] GC(138) Garbage Collection (Allocation Rate)
[84.536s][info][gc,task     ] GC(138) Using 2 workers
[84.536s][info][gc,phases   ] GC(138) Pause Mark Start 0.010ms
[84.620s][info][gc,phases   ] GC(138) Concurrent Mark 83.777ms
[84.620s][info][gc,phases   ] GC(138) Pause Mark End 0.026ms
[84.621s][info][gc,phases   ] GC(138) Concurrent Mark Free 0.001ms
[84.632s][info][gc,phases   ] GC(138) Concurrent Process Non-Strong References 11.222ms
[84.632s][info][gc,phases   ] GC(138) Concurrent Reset Relocation Set 0.069ms
[84.638s][info][gc,phases   ] GC(138) Concurrent Select Relocation Set 5.826ms
[84.638s][info][gc,phases   ] GC(138) Pause Relocate Start 0.008ms
[84.653s][info][gc,phases   ] GC(138) Concurrent Relocate 14.972ms
[84.654s][info][gc,load     ] GC(138) Load: 0.00/0.00/0.00
[84.654s][info][gc,mmu      ] GC(138) MMU: 2ms/97.9%, 5ms/99.2%, 10ms/99.6%, 20ms/99.8%, 50ms/99.9%, 100ms/99.9%
[84.654s][info][gc,marking  ] GC(138) Mark: 2 stripe(s), 2 proactive flush(es), 1 terminate flush(es), 0 completion(s), 0 continuation(s) 
[84.654s][info][gc,marking  ] GC(138) Mark Stack Usage: 32M
[84.654s][info][gc,nmethod  ] GC(138) NMethods: 4982 registered, 699 unregistered
[84.654s][info][gc,metaspace] GC(138) Metaspace: 71M used, 72M committed, 1088M reserved
[84.654s][info][gc,ref      ] GC(138) Soft: 3829 encountered, 0 discovered, 0 enqueued
[84.654s][info][gc,ref      ] GC(138) Weak: 10971 encountered, 2480 discovered, 123 enqueued
[84.654s][info][gc,ref      ] GC(138) Final: 289 encountered, 25 discovered, 0 enqueued
[84.654s][info][gc,ref      ] GC(138) Phantom: 422 encountered, 250 discovered, 0 enqueued
[84.654s][info][gc,reloc    ] GC(138) Small Pages: 1308 / 2616M, Empty: 1896M, Relocated: 6M, In-Place: 0
[84.654s][info][gc,reloc    ] GC(138) Medium Pages: 0 / 0M, Empty: 0M, Relocated: 0M, In-Place: 0
[84.654s][info][gc,reloc    ] GC(138) Large Pages: 0 / 0M, Empty: 0M, Relocated: 0M, In-Place: 0
[84.654s][info][gc,reloc    ] GC(138) Forwarding Usage: 2M
[84.654s][info][gc,heap     ] GC(138) Min Capacity: 8M(0%)
[84.654s][info][gc,heap     ] GC(138) Max Capacity: 4096M(100%)
[84.654s][info][gc,heap     ] GC(138) Soft Max Capacity: 4096M(100%)
[84.654s][info][gc,heap     ] GC(138)                Mark Start          Mark End        Relocate Start      Relocate End           High               Low         
[84.654s][info][gc,heap     ] GC(138)  Capacity:     3880M (95%)        3880M (95%)        3880M (95%)        3880M (95%)        3880M (95%)        3880M (95%)    
[84.654s][info][gc,heap     ] GC(138)      Free:     1480M (36%)        1020M (25%)        2832M (69%)        3406M (83%)        3450M (84%)         962M (23%)    
[84.654s][info][gc,heap     ] GC(138)      Used:     2616M (64%)        3076M (75%)        1264M (31%)         690M (17%)        3134M (77%)         646M (16%)    
[84.654s][info][gc,heap     ] GC(138)      Live:         -                51M (1%)           51M (1%)           51M (1%)             -                  -          
[84.654s][info][gc,heap     ] GC(138) Allocated:         -               460M (11%)         544M (13%)         625M (15%)            -                  -          
[84.654s][info][gc,heap     ] GC(138)   Garbage:         -              2564M (63%)         668M (16%)          12M (0%)             -                  -          
[84.654s][info][gc,heap     ] GC(138) Reclaimed:         -                  -              1896M (46%)        2551M (62%)            -                  -          
[84.654s][info][gc          ] GC(138) Garbage Collection (Allocation Rate) 2616M(64%)->690M(17%)
[85.135s][info][gc,start    ] GC(139) Garbage Collection (Allocation Rate)
[85.145s][info][gc,task     ] GC(139) Using 2 workers
[85.145s][info][gc,phases   ] GC(139) Pause Mark Start 0.010ms
[85.229s][info][gc,phases   ] GC(139) Concurrent Mark 84.276ms
[85.230s][info][gc,phases   ] GC(139) Pause Mark End 0.021ms
[85.231s][info][gc,phases   ] GC(139) Concurrent Mark Free 0.001ms
[85.243s][info][gc,phases   ] GC(139) Concurrent Process Non-Strong References 11.850ms
[85.243s][info][gc,phases   ] GC(139) Concurrent Reset Relocation Set 0.080ms
[85.253s][info][gc,phases   ] GC(139) Concurrent Select Relocation Set 10.428ms
[85.254s][info][gc,phases   ] GC(139) Pause Relocate Start 0.008ms
[85.268s][info][gc,phases   ] GC(139) Concurrent Relocate 13.379ms
[85.268s][info][gc,load     ] GC(139) Load: 0.00/0.00/0.00
[85.268s][info][gc,mmu      ] GC(139) MMU: 2ms/97.9%, 5ms/99.2%, 10ms/99.6%, 20ms/99.8%, 50ms/99.9%, 100ms/99.9%
[85.268s][info][gc,marking  ] GC(139) Mark: 2 stripe(s), 2 proactive flush(es), 1 terminate flush(es), 0 completion(s), 0 continuation(s) 
[85.268s][info][gc,marking  ] GC(139) Mark Stack Usage: 32M
[85.268s][info][gc,nmethod  ] GC(139) NMethods: 4982 registered, 699 unregistered
[85.268s][info][gc,metaspace] GC(139) Metaspace: 71M used, 72M committed, 1088M reserved
[85.268s][info][gc,ref      ] GC(139) Soft: 3829 encountered, 0 discovered, 0 enqueued
[85.268s][info][gc,ref      ] GC(139) Weak: 10848 encountered, 1392 discovered, 0 enqueued
[85.268s][info][gc,ref      ] GC(139) Final: 289 encountered, 28 discovered, 0 enqueued
[85.268s][info][gc,ref      ] GC(139) Phantom: 422 encountered, 211 discovered, 0 enqueued
[85.268s][info][gc,reloc    ] GC(139) Small Pages: 1597 / 3194M, Empty: 2584M, Relocated: 6M, In-Place: 0
[85.268s][info][gc,reloc    ] GC(139) Medium Pages: 0 / 0M, Empty: 0M, Relocated: 0M, In-Place: 0
[85.268s][info][gc,reloc    ] GC(139) Large Pages: 0 / 0M, Empty: 0M, Relocated: 0M, In-Place: 0
[85.268s][info][gc,reloc    ] GC(139) Forwarding Usage: 2M
[85.268s][info][gc,heap     ] GC(139) Min Capacity: 8M(0%)
[85.268s][info][gc,heap     ] GC(139) Max Capacity: 4096M(100%)
[85.268s][info][gc,heap     ] GC(139) Soft Max Capacity: 4096M(100%)
[85.268s][info][gc,heap     ] GC(139)                Mark Start          Mark End        Relocate Start      Relocate End           High               Low         
[85.268s][info][gc,heap     ] GC(139)  Capacity:     3880M (95%)        3880M (95%)        3880M (95%)        3880M (95%)        3880M (95%)        3880M (95%)    
[85.268s][info][gc,heap     ] GC(139)      Free:      902M (22%)         442M (11%)        2906M (71%)        3388M (83%)        3422M (84%)         378M (9%)     
[85.268s][info][gc,heap     ] GC(139)      Used:     3194M (78%)        3654M (89%)        1190M (29%)         708M (17%)        3718M (91%)         674M (16%)    
[85.268s][info][gc,heap     ] GC(139)      Live:         -                52M (1%)           52M (1%)           52M (1%)             -                  -          
[85.268s][info][gc,heap     ] GC(139) Allocated:         -               460M (11%)         580M (14%)         643M (16%)            -                  -          
[85.268s][info][gc,heap     ] GC(139)   Garbage:         -              3141M (77%)         557M (14%)          12M (0%)             -                  -          
[85.268s][info][gc,heap     ] GC(139) Reclaimed:         -                  -              2584M (63%)        3129M (76%)            -                  -          
[85.268s][info][gc          ] GC(139) Garbage Collection (Allocation Rate) 3194M(78%)->708M(17%)
[85.734s][info][gc,start    ] GC(140) Garbage Collection (Allocation Rate)
[85.734s][info][gc,task     ] GC(140) Using 2 workers
[85.734s][info][gc,phases   ] GC(140) Pause Mark Start 0.010ms
[85.829s][info][gc,phases   ] GC(140) Concurrent Mark 94.446ms
[85.830s][info][gc,phases   ] GC(140) Pause Mark End 0.022ms
[85.830s][info][gc,phases   ] GC(140) Concurrent Mark Free 0.001ms
[85.843s][info][gc,phases   ] GC(140) Concurrent Process Non-Strong References 12.525ms
[85.843s][info][gc,phases   ] GC(140) Concurrent Reset Relocation Set 0.069ms
[85.849s][info][gc,phases   ] GC(140) Concurrent Select Relocation Set 5.854ms
[85.849s][info][gc,phases   ] GC(140) Pause Relocate Start 0.008ms
[85.863s][info][gc,phases   ] GC(140) Concurrent Relocate 13.901ms
[85.863s][info][gc,load     ] GC(140) Load: 0.00/0.00/0.00
[85.863s][info][gc,mmu      ] GC(140) MMU: 2ms/97.9%, 5ms/99.2%, 10ms/99.6%, 20ms/99.8%, 50ms/99.9%, 100ms/99.9%
[85.863s][info][gc,marking  ] GC(140) Mark: 2 stripe(s), 2 proactive flush(es), 1 terminate flush(es), 0 completion(s), 0 continuation(s) 
[85.863s][info][gc,marking  ] GC(140) Mark Stack Usage: 32M
[85.863s][info][gc,nmethod  ] GC(140) NMethods: 4982 registered, 699 unregistered
[85.863s][info][gc,metaspace] GC(140) Metaspace: 71M used, 72M committed, 1088M reserved
[85.863s][info][gc,ref      ] GC(140) Soft: 3829 encountered, 0 discovered, 0 enqueued
[85.863s][info][gc,ref      ] GC(140) Weak: 10848 encountered, 1799 discovered, 0 enqueued
[85.863s][info][gc,ref      ] GC(140) Final: 289 encountered, 10 discovered, 0 enqueued
[85.863s][info][gc,ref      ] GC(140) Phantom: 422 encountered, 219 discovered, 0 enqueued
[85.863s][info][gc,reloc    ] GC(140) Small Pages: 1534 / 3068M, Empty: 2378M, Relocated: 6M, In-Place: 0
[85.863s][info][gc,reloc    ] GC(140) Medium Pages: 0 / 0M, Empty: 0M, Relocated: 0M, In-Place: 0
[85.863s][info][gc,reloc    ] GC(140) Large Pages: 0 / 0M, Empty: 0M, Relocated: 0M, In-Place: 0
[85.863s][info][gc,reloc    ] GC(140) Forwarding Usage: 2M
[85.863s][info][gc,heap     ] GC(140) Min Capacity: 8M(0%)
[85.863s][info][gc,heap     ] GC(140) Max Capacity: 4096M(100%)
[85.863s][info][gc,heap     ] GC(140) Soft Max Capacity: 4096M(100%)
[85.863s][info][gc,heap     ] GC(140)                Mark Start          Mark End        Relocate Start      Relocate End           High               Low         
[85.863s][info][gc,heap     ] GC(140)  Capacity:     3880M (95%)        3880M (95%)        3880M (95%)        3880M (95%)        3880M (95%)        3880M (95%)    
[85.863s][info][gc,heap     ] GC(140)      Free:     1028M (25%)         520M (13%)        2804M (68%)        3370M (82%)        3400M (83%)         456M (11%)    
[85.864s][info][gc,heap     ] GC(140)      Used:     3068M (75%)        3576M (87%)        1292M (32%)         726M (18%)        3640M (89%)         696M (17%)    
[85.864s][info][gc,heap     ] GC(140)      Live:         -                52M (1%)           52M (1%)           52M (1%)             -                  -          
[85.864s][info][gc,heap     ] GC(140) Allocated:         -               508M (12%)         602M (15%)         661M (16%)            -                  -          
[85.864s][info][gc,heap     ] GC(140)   Garbage:         -              3015M (74%)         637M (16%)          12M (0%)             -                  -          
[85.864s][info][gc,heap     ] GC(140) Reclaimed:         -                  -              2378M (58%)        3003M (73%)            -                  -          
[85.864s][info][gc          ] GC(140) Garbage Collection (Allocation Rate) 3068M(75%)->726M(18%)
[86.334s][info][gc,start    ] GC(141) Garbage Collection (Allocation Rate)
[86.334s][info][gc,task     ] GC(141) Using 2 workers
[86.335s][info][gc,phases   ] GC(141) Pause Mark Start 0.011ms
[86.418s][info][gc,phases   ] GC(141) Concurrent Mark 83.050ms
[86.418s][info][gc,phases   ] GC(141) Pause Mark End 0.023ms
[86.419s][info][gc,phases   ] GC(141) Concurrent Mark Free 0.001ms
[86.432s][info][gc,phases   ] GC(141) Concurrent Process Non-Strong References 13.447ms
[86.432s][info][gc,phases   ] GC(141) Concurrent Reset Relocation Set 0.100ms
[86.440s][info][gc,phases   ] GC(141) Concurrent Select Relocation Set 7.438ms
[86.440s][info][gc,phases   ] GC(141) Pause Relocate Start 0.009ms
[86.458s][info][gc,phases   ] GC(141) Concurrent Relocate 17.609ms
[86.458s][info][gc,load     ] GC(141) Load: 0.00/0.00/0.00
[86.458s][info][gc,mmu      ] GC(141) MMU: 2ms/97.9%, 5ms/99.2%, 10ms/99.6%, 20ms/99.8%, 50ms/99.9%, 100ms/99.9%
[86.458s][info][gc,marking  ] GC(141) Mark: 2 stripe(s), 2 proactive flush(es), 1 terminate flush(es), 0 completion(s), 0 continuation(s) 
[86.458s][info][gc,marking  ] GC(141) Mark Stack Usage: 32M
[86.458s][info][gc,nmethod  ] GC(141) NMethods: 4977 registered, 707 unregistered
[86.458s][info][gc,metaspace] GC(141) Metaspace: 71M used, 72M committed, 1088M reserved
[86.458s][info][gc,ref      ] GC(141) Soft: 3829 encountered, 0 discovered, 0 enqueued
[86.458s][info][gc,ref      ] GC(141) Weak: 10848 encountered, 1334 discovered, 0 enqueued
[86.458s][info][gc,ref      ] GC(141) Final: 289 encountered, 23 discovered, 0 enqueued
[86.458s][info][gc,ref      ] GC(141) Phantom: 422 encountered, 188 discovered, 0 enqueued
[86.458s][info][gc,reloc    ] GC(141) Small Pages: 1551 / 3102M, Empty: 2496M, Relocated: 6M, In-Place: 0
[86.458s][info][gc,reloc    ] GC(141) Medium Pages: 0 / 0M, Empty: 0M, Relocated: 0M, In-Place: 0
[86.458s][info][gc,reloc    ] GC(141) Large Pages: 0 / 0M, Empty: 0M, Relocated: 0M, In-Place: 0
[86.458s][info][gc,reloc    ] GC(141) Forwarding Usage: 2M
[86.458s][info][gc,heap     ] GC(141) Min Capacity: 8M(0%)
[86.458s][info][gc,heap     ] GC(141) Max Capacity: 4096M(100%)
[86.458s][info][gc,heap     ] GC(141) Soft Max Capacity: 4096M(100%)
[86.458s][info][gc,heap     ] GC(141)                Mark Start          Mark End        Relocate Start      Relocate End           High               Low         
[86.458s][info][gc,heap     ] GC(141)  Capacity:     3880M (95%)        3880M (95%)        3880M (95%)        3880M (95%)        3880M (95%)        3880M (95%)    
[86.458s][info][gc,heap     ] GC(141)      Free:      994M (24%)         546M (13%)        2934M (72%)        3388M (83%)        3430M (84%)         472M (12%)    
[86.459s][info][gc,heap     ] GC(141)      Used:     3102M (76%)        3550M (87%)        1162M (28%)         708M (17%)        3624M (88%)         666M (16%)    
[86.459s][info][gc,heap     ] GC(141)      Live:         -                51M (1%)           51M (1%)           51M (1%)             -                  -          
[86.459s][info][gc,heap     ] GC(141) Allocated:         -               448M (11%)         556M (14%)         643M (16%)            -                  -          
[86.459s][info][gc,heap     ] GC(141)   Garbage:         -              3050M (74%)         554M (14%)          12M (0%)             -                  -          
[86.459s][info][gc,heap     ] GC(141) Reclaimed:         -                  -              2496M (61%)        3037M (74%)            -                  -          
[86.459s][info][gc          ] GC(141) Garbage Collection (Allocation Rate) 3102M(76%)->708M(17%)
[86.935s][info][gc,start    ] GC(142) Garbage Collection (Allocation Rate)
[86.935s][info][gc,task     ] GC(142) Using 2 workers
[86.936s][info][gc,phases   ] GC(142) Pause Mark Start 0.010ms
[87.019s][info][gc,phases   ] GC(142) Concurrent Mark 83.276ms
[87.019s][info][gc,phases   ] GC(142) Pause Mark End 0.025ms
[87.019s][info][gc,phases   ] GC(142) Concurrent Mark Free 0.001ms
[87.031s][info][gc,phases   ] GC(142) Concurrent Process Non-Strong References 11.416ms
[87.031s][info][gc,phases   ] GC(142) Concurrent Reset Relocation Set 0.063ms
[87.039s][info][gc,phases   ] GC(142) Concurrent Select Relocation Set 7.400ms
[87.039s][info][gc,phases   ] GC(142) Pause Relocate Start 0.008ms
[87.056s][info][gc,phases   ] GC(142) Concurrent Relocate 16.955ms
[87.056s][info][gc,load     ] GC(142) Load: 0.00/0.00/0.00
[87.056s][info][gc,mmu      ] GC(142) MMU: 2ms/97.9%, 5ms/99.2%, 10ms/99.6%, 20ms/99.8%, 50ms/99.9%, 100ms/99.9%
[87.056s][info][gc,marking  ] GC(142) Mark: 2 stripe(s), 2 proactive flush(es), 1 terminate flush(es), 0 completion(s), 0 continuation(s) 
[87.056s][info][gc,marking  ] GC(142) Mark Stack Usage: 32M
[87.056s][info][gc,nmethod  ] GC(142) NMethods: 4981 registered, 708 unregistered
[87.056s][info][gc,metaspace] GC(142) Metaspace: 71M used, 72M committed, 1088M reserved
[87.056s][info][gc,ref      ] GC(142) Soft: 3829 encountered, 0 discovered, 0 enqueued
[87.056s][info][gc,ref      ] GC(142) Weak: 10737 encountered, 1548 discovered, 25 enqueued
[87.056s][info][gc,ref      ] GC(142) Final: 289 encountered, 0 discovered, 0 enqueued
[87.056s][info][gc,ref      ] GC(142) Phantom: 422 encountered, 204 discovered, 0 enqueued
[87.056s][info][gc,reloc    ] GC(142) Small Pages: 1564 / 3128M, Empty: 2374M, Relocated: 6M, In-Place: 0
[87.056s][info][gc,reloc    ] GC(142) Medium Pages: 0 / 0M, Empty: 0M, Relocated: 0M, In-Place: 0
[87.056s][info][gc,reloc    ] GC(142) Large Pages: 0 / 0M, Empty: 0M, Relocated: 0M, In-Place: 0
[87.056s][info][gc,reloc    ] GC(142) Forwarding Usage: 2M
[87.056s][info][gc,heap     ] GC(142) Min Capacity: 8M(0%)
[87.056s][info][gc,heap     ] GC(142) Max Capacity: 4096M(100%)
[87.056s][info][gc,heap     ] GC(142) Soft Max Capacity: 4096M(100%)
[87.056s][info][gc,heap     ] GC(142)                Mark Start          Mark End        Relocate Start      Relocate End           High               Low         
[87.056s][info][gc,heap     ] GC(142)  Capacity:     3880M (95%)        3880M (95%)        3880M (95%)        3880M (95%)        3880M (95%)        3880M (95%)    
[87.057s][info][gc,heap     ] GC(142)      Free:      968M (24%)         514M (13%)        2790M (68%)        3410M (83%)        3440M (84%)         454M (11%)    
[87.057s][info][gc,heap     ] GC(142)      Used:     3128M (76%)        3582M (87%)        1306M (32%)         686M (17%)        3642M (89%)         656M (16%)    
[87.057s][info][gc,heap     ] GC(142)      Live:         -                51M (1%)           51M (1%)           51M (1%)             -                  -          
[87.057s][info][gc,heap     ] GC(142) Allocated:         -               454M (11%)         552M (13%)         622M (15%)            -                  -          
[87.057s][info][gc,heap     ] GC(142)   Garbage:         -              3076M (75%)         702M (17%)          12M (0%)             -                  -          
[87.057s][info][gc,heap     ] GC(142) Reclaimed:         -                  -              2374M (58%)        3064M (75%)            -                  -          
[87.057s][info][gc          ] GC(142) Garbage Collection (Allocation Rate) 3128M(76%)->686M(17%)
[87.535s][info][gc,start    ] GC(143) Garbage Collection (Allocation Rate)
[87.535s][info][gc,task     ] GC(143) Using 2 workers
[87.535s][info][gc,phases   ] GC(143) Pause Mark Start 0.010ms
[87.607s][info][gc,phases   ] GC(143) Concurrent Mark 71.332ms
[87.607s][info][gc,phases   ] GC(143) Pause Mark End 0.026ms
[87.607s][info][gc,phases   ] GC(143) Concurrent Mark Free 0.001ms
[87.616s][info][gc,phases   ] GC(143) Concurrent Process Non-Strong References 9.038ms
[87.616s][info][gc,phases   ] GC(143) Concurrent Reset Relocation Set 0.057ms
[87.621s][info][gc,phases   ] GC(143) Concurrent Select Relocation Set 4.147ms
[87.621s][info][gc,phases   ] GC(143) Pause Relocate Start 0.009ms
[87.629s][info][gc,phases   ] GC(143) Concurrent Relocate 7.992ms
[87.629s][info][gc,load     ] GC(143) Load: 0.00/0.00/0.00
[87.629s][info][gc,mmu      ] GC(143) MMU: 2ms/97.9%, 5ms/99.2%, 10ms/99.6%, 20ms/99.8%, 50ms/99.9%, 100ms/99.9%
[87.629s][info][gc,marking  ] GC(143) Mark: 2 stripe(s), 2 proactive flush(es), 1 terminate flush(es), 0 completion(s), 0 continuation(s) 
[87.629s][info][gc,marking  ] GC(143) Mark Stack Usage: 32M
[87.629s][info][gc,nmethod  ] GC(143) NMethods: 4980 registered, 713 unregistered
[87.629s][info][gc,metaspace] GC(143) Metaspace: 71M used, 72M committed, 1088M reserved
[87.629s][info][gc,ref      ] GC(143) Soft: 3829 encountered, 0 discovered, 0 enqueued
[87.629s][info][gc,ref      ] GC(143) Weak: 10216 encountered, 1212 discovered, 132 enqueued
[87.629s][info][gc,ref      ] GC(143) Final: 289 encountered, 20 discovered, 0 enqueued
[87.629s][info][gc,ref      ] GC(143) Phantom: 422 encountered, 197 discovered, 0 enqueued
[87.629s][info][gc,reloc    ] GC(143) Small Pages: 1488 / 2976M, Empty: 2138M, Relocated: 6M, In-Place: 0
[87.629s][info][gc,reloc    ] GC(143) Medium Pages: 0 / 0M, Empty: 0M, Relocated: 0M, In-Place: 0
[87.629s][info][gc,reloc    ] GC(143) Large Pages: 0 / 0M, Empty: 0M, Relocated: 0M, In-Place: 0
[87.629s][info][gc,reloc    ] GC(143) Forwarding Usage: 2M
[87.629s][info][gc,heap     ] GC(143) Min Capacity: 8M(0%)
[87.629s][info][gc,heap     ] GC(143) Max Capacity: 4096M(100%)
[87.629s][info][gc,heap     ] GC(143) Soft Max Capacity: 4096M(100%)
[87.629s][info][gc,heap     ] GC(143)                Mark Start          Mark End        Relocate Start      Relocate End           High               Low         
[87.629s][info][gc,heap     ] GC(143)  Capacity:     3880M (95%)        3880M (95%)        3880M (95%)        3880M (95%)        3880M (95%)        3880M (95%)    
[87.629s][info][gc,heap     ] GC(143)      Free:     1120M (27%)         804M (20%)        2886M (70%)        3646M (89%)        3652M (89%)         768M (19%)    
[87.629s][info][gc,heap     ] GC(143)      Used:     2976M (73%)        3292M (80%)        1210M (30%)         450M (11%)        3328M (81%)         444M (11%)    
[87.629s][info][gc,heap     ] GC(143)      Live:         -                50M (1%)           50M (1%)           50M (1%)             -                  -          
[87.629s][info][gc,heap     ] GC(143) Allocated:         -               316M (8%)          372M (9%)          388M (9%)             -                  -          
[87.629s][info][gc,heap     ] GC(143)   Garbage:         -              2925M (71%)         787M (19%)          10M (0%)             -                  -          
[87.629s][info][gc,heap     ] GC(143) Reclaimed:         -                  -              2138M (52%)        2914M (71%)            -                  -          
[87.629s][info][gc          ] GC(143) Garbage Collection (Allocation Rate) 2976M(73%)->450M(11%)
[88.042s][info][gc,start    ] GC(144) Garbage Collection (Allocation Rate)
[88.109s][info][gc,task     ] GC(144) Using 1 workers
[88.109s][info][gc,phases   ] GC(144) Pause Mark Start 0.010ms
[88.200s][info][gc,phases   ] GC(144) Concurrent Mark 90.727ms
[88.200s][info][gc,phases   ] GC(144) Pause Mark End 0.021ms
[88.200s][info][gc,phases   ] GC(144) Concurrent Mark Free 0.001ms
[88.212s][info][gc,phases   ] GC(144) Concurrent Process Non-Strong References 11.559ms
[88.212s][info][gc,phases   ] GC(144) Concurrent Reset Relocation Set 0.046ms
[88.215s][info][gc,phases   ] GC(144) Concurrent Select Relocation Set 2.772ms
[88.215s][info][gc,phases   ] GC(144) Pause Relocate Start 0.007ms
[88.219s][info][gc,phases   ] GC(144) Concurrent Relocate 3.845ms
[88.219s][info][gc,load     ] GC(144) Load: 0.00/0.00/0.00
[88.219s][info][gc,mmu      ] GC(144) MMU: 2ms/97.9%, 5ms/99.2%, 10ms/99.6%, 20ms/99.8%, 50ms/99.9%, 100ms/99.9%
[88.219s][info][gc,marking  ] GC(144) Mark: 1 stripe(s), 2 proactive flush(es), 1 terminate flush(es), 0 completion(s), 0 continuation(s) 
[88.219s][info][gc,marking  ] GC(144) Mark Stack Usage: 32M
[88.219s][info][gc,nmethod  ] GC(144) NMethods: 4979 registered, 714 unregistered
[88.219s][info][gc,metaspace] GC(144) Metaspace: 71M used, 72M committed, 1088M reserved
[88.219s][info][gc,ref      ] GC(144) Soft: 3829 encountered, 0 discovered, 0 enqueued
[88.219s][info][gc,ref      ] GC(144) Weak: 9710 encountered, 1082 discovered, 96 enqueued
[88.219s][info][gc,ref      ] GC(144) Final: 289 encountered, 96 discovered, 0 enqueued
[88.219s][info][gc,ref      ] GC(144) Phantom: 422 encountered, 299 discovered, 0 enqueued
[88.219s][info][gc,reloc    ] GC(144) Small Pages: 917 / 1834M, Empty: 1402M, Relocated: 3M, In-Place: 0
[88.219s][info][gc,reloc    ] GC(144) Medium Pages: 0 / 0M, Empty: 0M, Relocated: 0M, In-Place: 0
[88.219s][info][gc,reloc    ] GC(144) Large Pages: 0 / 0M, Empty: 0M, Relocated: 0M, In-Place: 0
[88.219s][info][gc,reloc    ] GC(144) Forwarding Usage: 0M
[88.219s][info][gc,heap     ] GC(144) Min Capacity: 8M(0%)
[88.219s][info][gc,heap     ] GC(144) Max Capacity: 4096M(100%)
[88.219s][info][gc,heap     ] GC(144) Soft Max Capacity: 4096M(100%)
[88.219s][info][gc,heap     ] GC(144)                Mark Start          Mark End        Relocate Start      Relocate End           High               Low         
[88.219s][info][gc,heap     ] GC(144)  Capacity:     3880M (95%)        3880M (95%)        3880M (95%)        3880M (95%)        3880M (95%)        3880M (95%)    
[88.219s][info][gc,heap     ] GC(144)      Free:     2262M (55%)        2048M (50%)        3424M (84%)        3790M (93%)        3790M (93%)        2032M (50%)    
[88.219s][info][gc,heap     ] GC(144)      Used:     1834M (45%)        2048M (50%)         672M (16%)         306M (7%)         2064M (50%)         306M (7%)     
[88.219s][info][gc,heap     ] GC(144)      Live:         -                49M (1%)           49M (1%)           49M (1%)             -                  -          
[88.219s][info][gc,heap     ] GC(144) Allocated:         -               214M (5%)          240M (6%)          245M (6%)             -                  -          
[88.219s][info][gc,heap     ] GC(144)   Garbage:         -              1784M (44%)         382M (9%)           11M (0%)             -                  -          
[88.219s][info][gc,heap     ] GC(144) Reclaimed:         -                  -              1402M (34%)        1773M (43%)            -                  -          
[88.219s][info][gc          ] GC(144) Garbage Collection (Allocation Rate) 1834M(45%)->306M(7%)
[88.435s][info][gc,start    ] GC(145) Garbage Collection (Allocation Rate)
[88.435s][info][gc,task     ] GC(145) Using 6 workers
[88.435s][info][gc,phases   ] GC(145) Pause Mark Start 0.010ms
[88.456s][info][gc,phases   ] GC(145) Concurrent Mark 20.529ms
[88.456s][info][gc,phases   ] GC(145) Pause Mark End 0.022ms
[88.456s][info][gc,phases   ] GC(145) Concurrent Mark Free 0.000ms
[88.458s][info][gc,phases   ] GC(145) Concurrent Process Non-Strong References 2.343ms
[88.458s][info][gc,phases   ] GC(145) Concurrent Reset Relocation Set 0.021ms
[88.461s][info][gc,phases   ] GC(145) Concurrent Select Relocation Set 2.419ms
[88.461s][info][gc,phases   ] GC(145) Pause Relocate Start 0.008ms
[88.462s][info][gc,phases   ] GC(145) Concurrent Relocate 0.785ms
[88.462s][info][gc,load     ] GC(145) Load: 0.00/0.00/0.00
[88.462s][info][gc,mmu      ] GC(145) MMU: 2ms/97.9%, 5ms/99.2%, 10ms/99.6%, 20ms/99.8%, 50ms/99.9%, 100ms/99.9%
[88.462s][info][gc,marking  ] GC(145) Mark: 4 stripe(s), 2 proactive flush(es), 1 terminate flush(es), 0 completion(s), 0 continuation(s) 
[88.462s][info][gc,marking  ] GC(145) Mark Stack Usage: 32M
[88.462s][info][gc,nmethod  ] GC(145) NMethods: 4979 registered, 714 unregistered
[88.462s][info][gc,metaspace] GC(145) Metaspace: 71M used, 72M committed, 1088M reserved
[88.462s][info][gc,ref      ] GC(145) Soft: 3829 encountered, 0 discovered, 0 enqueued
[88.462s][info][gc,ref      ] GC(145) Weak: 9590 encountered, 1983 discovered, 7 enqueued
[88.462s][info][gc,ref      ] GC(145) Final: 289 encountered, 37 discovered, 0 enqueued
[88.462s][info][gc,ref      ] GC(145) Phantom: 422 encountered, 271 discovered, 0 enqueued
[88.462s][info][gc,reloc    ] GC(145) Small Pages: 372 / 744M, Empty: 514M, Relocated: 1M, In-Place: 0
[88.462s][info][gc,reloc    ] GC(145) Medium Pages: 0 / 0M, Empty: 0M, Relocated: 0M, In-Place: 0
[88.462s][info][gc,reloc    ] GC(145) Large Pages: 0 / 0M, Empty: 0M, Relocated: 0M, In-Place: 0
[88.462s][info][gc,reloc    ] GC(145) Forwarding Usage: 0M
[88.462s][info][gc,heap     ] GC(145) Min Capacity: 8M(0%)
[88.462s][info][gc,heap     ] GC(145) Max Capacity: 4096M(100%)
[88.462s][info][gc,heap     ] GC(145) Soft Max Capacity: 4096M(100%)
[88.462s][info][gc,heap     ] GC(145)                Mark Start          Mark End        Relocate Start      Relocate End           High               Low         
[88.462s][info][gc,heap     ] GC(145)  Capacity:     3880M (95%)        3880M (95%)        3880M (95%)        3880M (95%)        3880M (95%)        3880M (95%)    
[88.462s][info][gc,heap     ] GC(145)      Free:     3352M (82%)        3286M (80%)        3798M (93%)        3952M (96%)        3952M (96%)        3284M (80%)    
[88.462s][info][gc,heap     ] GC(145)      Used:      744M (18%)         810M (20%)         298M (7%)          144M (4%)          812M (20%)         144M (4%)     
[88.462s][info][gc,heap     ] GC(145)      Live:         -                49M (1%)           49M (1%)           49M (1%)             -                  -          
[88.462s][info][gc,heap     ] GC(145) Allocated:         -                66M (2%)           68M (2%)           73M (2%)             -                  -          
[88.462s][info][gc,heap     ] GC(145)   Garbage:         -               694M (17%)         180M (4%)           20M (1%)             -                  -          
[88.462s][info][gc,heap     ] GC(145) Reclaimed:         -                  -               514M (13%)         673M (16%)            -                  -          
[88.462s][info][gc          ] GC(145) Garbage Collection (Allocation Rate) 744M(18%)->144M(4%)
[89.390s][info][gc,start    ] GC(146) Garbage Collection (System.gc())
[89.390s][info][gc,task     ] GC(146) Using 12 workers
[89.390s][info][gc,phases   ] GC(146) Pause Mark Start 0.016ms
[89.420s][info][gc,phases   ] GC(146) Concurrent Mark 30.151ms
[89.421s][info][gc,phases   ] GC(146) Pause Mark End 0.019ms
[89.421s][info][gc,phases   ] GC(146) Concurrent Mark Free 0.001ms
[89.422s][info][gc,phases   ] GC(146) Concurrent Process Non-Strong References 1.566ms
[89.422s][info][gc,phases   ] GC(146) Concurrent Reset Relocation Set 0.014ms
[89.426s][info][gc,phases   ] GC(146) Concurrent Select Relocation Set 3.682ms
[89.426s][info][gc,phases   ] GC(146) Pause Relocate Start 0.006ms
[89.428s][info][gc,phases   ] GC(146) Concurrent Relocate 1.740ms
[89.428s][info][gc,load     ] GC(146) Load: 0.00/0.00/0.00
[89.428s][info][gc,mmu      ] GC(146) MMU: 2ms/97.9%, 5ms/99.2%, 10ms/99.6%, 20ms/99.8%, 50ms/99.9%, 100ms/99.9%
[89.428s][info][gc,marking  ] GC(146) Mark: 8 stripe(s), 2 proactive flush(es), 1 terminate flush(es), 0 completion(s), 0 continuation(s) 
[89.428s][info][gc,marking  ] GC(146) Mark Stack Usage: 32M
[89.428s][info][gc,nmethod  ] GC(146) NMethods: 5070 registered, 3 unregistered
[89.428s][info][gc,metaspace] GC(146) Metaspace: 72M used, 72M committed, 1088M reserved
[89.428s][info][gc,ref      ] GC(146) Soft: 3829 encountered, 0 discovered, 0 enqueued
[89.428s][info][gc,ref      ] GC(146) Weak: 9582 encountered, 2032 discovered, 49 enqueued
[89.428s][info][gc,ref      ] GC(146) Final: 289 encountered, 31 discovered, 0 enqueued
[89.428s][info][gc,ref      ] GC(146) Phantom: 422 encountered, 324 discovered, 0 enqueued
[89.428s][info][gc,reloc    ] GC(146) Small Pages: 980 / 1960M, Empty: 1752M, Relocated: 3M, In-Place: 0
[89.428s][info][gc,reloc    ] GC(146) Medium Pages: 0 / 0M, Empty: 0M, Relocated: 0M, In-Place: 0
[89.428s][info][gc,reloc    ] GC(146) Large Pages: 0 / 0M, Empty: 0M, Relocated: 0M, In-Place: 0
[89.428s][info][gc,reloc    ] GC(146) Forwarding Usage: 0M
[89.428s][info][gc,heap     ] GC(146) Min Capacity: 8M(0%)
[89.428s][info][gc,heap     ] GC(146) Max Capacity: 4096M(100%)
[89.428s][info][gc,heap     ] GC(146) Soft Max Capacity: 4096M(100%)
[89.428s][info][gc,heap     ] GC(146)                Mark Start          Mark End        Relocate Start      Relocate End           High               Low         
[89.428s][info][gc,heap     ] GC(146)  Capacity:     3880M (95%)        3880M (95%)        3880M (95%)        3880M (95%)        3880M (95%)        3880M (95%)    
[89.428s][info][gc,heap     ] GC(146)      Free:     2136M (52%)        2074M (51%)        3826M (93%)        3954M (97%)        3954M (97%)        2074M (51%)    
[89.428s][info][gc,heap     ] GC(146)      Used:     1960M (48%)        2022M (49%)         270M (7%)          142M (3%)         2022M (49%)         142M (3%)     
[89.428s][info][gc,heap     ] GC(146)      Live:         -                49M (1%)           49M (1%)           49M (1%)             -                  -          
[89.428s][info][gc,heap     ] GC(146) Allocated:         -                62M (2%)           62M (2%)           62M (2%)             -                  -          
[89.428s][info][gc,heap     ] GC(146)   Garbage:         -              1910M (47%)         158M (4%)           30M (1%)             -                  -          
[89.428s][info][gc,heap     ] GC(146) Reclaimed:         -                  -              1752M (43%)        1880M (46%)            -                  -          
[89.428s][info][gc          ] GC(146) Garbage Collection (System.gc()) 1960M(48%)->142M(3%)
[90.035s][info][gc,start    ] GC(147) Garbage Collection (Allocation Rate)
[90.035s][info][gc,task     ] GC(147) Using 12 workers
[90.035s][info][gc,phases   ] GC(147) Pause Mark Start 0.011ms
[90.061s][info][gc,phases   ] GC(147) Concurrent Mark 25.074ms
[90.061s][info][gc,phases   ] GC(147) Pause Mark End 0.027ms
[90.063s][info][gc,phases   ] GC(147) Concurrent Mark Free 0.002ms
[90.066s][info][gc,phases   ] GC(147) Concurrent Process Non-Strong References 3.122ms
[90.066s][info][gc,phases   ] GC(147) Concurrent Reset Relocation Set 0.022ms
[90.075s][info][gc,phases   ] GC(147) Concurrent Select Relocation Set 8.636ms
[90.075s][info][gc,phases   ] GC(147) Pause Relocate Start 0.008ms
[90.081s][info][gc,phases   ] GC(147) Concurrent Relocate 6.156ms
[90.082s][info][gc,load     ] GC(147) Load: 0.00/0.00/0.00
[90.082s][info][gc,mmu      ] GC(147) MMU: 2ms/97.9%, 5ms/99.2%, 10ms/99.6%, 20ms/99.8%, 50ms/99.9%, 100ms/99.9%
[90.082s][info][gc,marking  ] GC(147) Mark: 8 stripe(s), 3 proactive flush(es), 1 terminate flush(es), 0 completion(s), 0 continuation(s) 
[90.082s][info][gc,marking  ] GC(147) Mark Stack Usage: 32M
[90.082s][info][gc,nmethod  ] GC(147) NMethods: 5076 registered, 79 unregistered
[90.082s][info][gc,metaspace] GC(147) Metaspace: 72M used, 72M committed, 1088M reserved
[90.082s][info][gc,ref      ] GC(147) Soft: 3829 encountered, 0 discovered, 0 enqueued
[90.082s][info][gc,ref      ] GC(147) Weak: 11022 encountered, 1890 discovered, 1 enqueued
[90.082s][info][gc,ref      ] GC(147) Final: 289 encountered, 20 discovered, 0 enqueued
[90.082s][info][gc,ref      ] GC(147) Phantom: 422 encountered, 305 discovered, 0 enqueued
[90.082s][info][gc,reloc    ] GC(147) Small Pages: 1554 / 3108M, Empty: 2428M, Relocated: 8M, In-Place: 0
[90.082s][info][gc,reloc    ] GC(147) Medium Pages: 0 / 0M, Empty: 0M, Relocated: 0M, In-Place: 0
[90.082s][info][gc,reloc    ] GC(147) Large Pages: 0 / 0M, Empty: 0M, Relocated: 0M, In-Place: 0
[90.082s][info][gc,reloc    ] GC(147) Forwarding Usage: 3M
[90.082s][info][gc,heap     ] GC(147) Min Capacity: 8M(0%)
[90.082s][info][gc,heap     ] GC(147) Max Capacity: 4096M(100%)
[90.082s][info][gc,heap     ] GC(147) Soft Max Capacity: 4096M(100%)
[90.082s][info][gc,heap     ] GC(147)                Mark Start          Mark End        Relocate Start      Relocate End           High               Low         
[90.082s][info][gc,heap     ] GC(147)  Capacity:     3880M (95%)        3880M (95%)        3880M (95%)        3880M (95%)        3880M (95%)        3880M (95%)    
[90.082s][info][gc,heap     ] GC(147)      Free:      988M (24%)         826M (20%)        3196M (78%)        3770M (92%)        3776M (92%)         804M (20%)    
[90.082s][info][gc,heap     ] GC(147)      Used:     3108M (76%)        3270M (80%)         900M (22%)         326M (8%)         3292M (80%)         320M (8%)     
[90.082s][info][gc,heap     ] GC(147)      Live:         -                53M (1%)           53M (1%)           53M (1%)             -                  -          
[90.082s][info][gc,heap     ] GC(147) Allocated:         -               162M (4%)          220M (5%)          246M (6%)             -                  -          
[90.082s][info][gc,heap     ] GC(147)   Garbage:         -              3054M (75%)         626M (15%)          25M (1%)             -                  -          
[90.082s][info][gc,heap     ] GC(147) Reclaimed:         -                  -              2428M (59%)        3028M (74%)            -                  -          
[90.082s][info][gc          ] GC(147) Garbage Collection (Allocation Rate) 3108M(76%)->326M(8%)
[90.136s][info][gc,stats    ] === Garbage Collection Statistics =======================================================================================================================
[90.136s][info][gc,stats    ]                                                              Last 10s              Last 10m              Last 10h                Total
[90.136s][info][gc,stats    ]                                                              Avg / Max             Avg / Max             Avg / Max             Avg / Max
[90.137s][info][gc,stats    ]   Collector: Garbage Collection Cycle                     87.172 / 177.270     113.829 / 551.271     113.829 / 551.271     113.829 / 551.271     ms
[90.137s][info][gc,stats    ]  Contention: Mark Segment Reset Contention                     6 / 20                4 / 36                4 / 36                4 / 36          ops/s
[90.137s][info][gc,stats    ]  Contention: Mark SeqNum Reset Contention                      1 / 4                 1 / 7                 1 / 7                 1 / 7           ops/s
[90.137s][info][gc,stats    ]    Critical: Allocation Stall                                  0 / 0                 0 / 0                 0 / 0                 0 / 0           ops/s
[90.137s][info][gc,stats    ]    Critical: Allocation Stall                              0.000 / 0.000         0.000 / 0.000         0.000 / 0.000         0.000 / 0.000       ms
[90.137s][info][gc,stats    ]    Critical: GC Locker Stall                                   0 / 0                 0 / 0                 0 / 0                 0 / 0           ops/s
[90.137s][info][gc,stats    ]    Critical: GC Locker Stall                               0.000 / 0.000         0.000 / 0.000         0.000 / 0.000         0.000 / 0.000       ms
[90.137s][info][gc,stats    ]    Critical: Relocation Stall                                  0 / 0                 0 / 0                 0 / 0                 0 / 0           ops/s
[90.137s][info][gc,stats    ]    Critical: Relocation Stall                              0.000 / 0.000         0.000 / 0.000         0.000 / 0.000         0.000 / 0.000       ms
[90.137s][info][gc,stats    ]      Memory: Allocation Rate                                4007 / 5186           3695 / 5206           3695 / 5206           3695 / 5206        MB/s
[90.137s][info][gc,stats    ]      Memory: Defragment                                        0 / 0                 0 / 0                 0 / 0                 0 / 0           ops/s
[90.137s][info][gc,stats    ]      Memory: Out Of Memory                                     0 / 0                 0 / 0                 0 / 0                 0 / 0           ops/s
[90.137s][info][gc,stats    ]      Memory: Page Cache Flush                                  0 / 0                 0 / 0                 0 / 0                 0 / 0           MB/s
[90.137s][info][gc,stats    ]      Memory: Page Cache Hit L1                              2014 / 2605           1835 / 2620           1835 / 2620           1835 / 2620        ops/s
[90.137s][info][gc,stats    ]      Memory: Page Cache Hit L2                                 0 / 0                 0 / 0                 0 / 0                 0 / 0           ops/s
[90.137s][info][gc,stats    ]      Memory: Page Cache Hit L3                                 0 / 0                11 / 317              11 / 317              11 / 317         ops/s
[90.137s][info][gc,stats    ]      Memory: Page Cache Miss                                   0 / 0                10 / 308              10 / 308              10 / 308         ops/s
[90.137s][info][gc,stats    ]      Memory: Uncommit                                          0 / 0                 0 / 0                 0 / 0                 0 / 0           MB/s
[90.137s][info][gc,stats    ]      Memory: Undo Object Allocation Failed                     0 / 1                 0 / 6                 0 / 6                 0 / 6           ops/s
[90.137s][info][gc,stats    ]      Memory: Undo Object Allocation Succeeded                215 / 581             237 / 816             237 / 816             237 / 816         ops/s
[90.137s][info][gc,stats    ]      Memory: Undo Page Allocation                              2 / 5                 9 / 227               9 / 227               9 / 227         ops/s
[90.137s][info][gc,stats    ]       Phase: Concurrent Mark                              58.541 / 94.446       70.024 / 422.516      70.024 / 422.516      70.024 / 422.516     ms
[90.137s][info][gc,stats    ]       Phase: Concurrent Mark Continue                      0.000 / 0.000         0.000 / 0.000         0.000 / 0.000         0.000 / 0.000       ms
[90.137s][info][gc,stats    ]       Phase: Concurrent Mark Free                          0.001 / 0.002         0.001 / 0.004         0.001 / 0.004         0.001 / 0.004       ms
[90.137s][info][gc,stats    ]       Phase: Concurrent Process Non-Strong References      7.449 / 13.447       17.302 / 434.483      17.302 / 434.483      17.302 / 434.483     ms
[90.137s][info][gc,stats    ]       Phase: Concurrent Relocate                           8.953 / 21.579       10.608 / 27.336       10.608 / 27.336       10.608 / 27.336      ms
[90.137s][info][gc,stats    ]       Phase: Concurrent Reset Relocation Set               0.051 / 0.100         0.062 / 0.138         0.062 / 0.138         0.062 / 0.138       ms
[90.137s][info][gc,stats    ]       Phase: Concurrent Select Relocation Set              5.792 / 11.011        7.675 / 43.053        7.675 / 43.053        7.675 / 43.053      ms
[90.137s][info][gc,stats    ]       Phase: Pause Mark End                                0.023 / 0.027         0.025 / 0.042         0.025 / 0.042         0.025 / 0.042       ms
[90.137s][info][gc,stats    ]       Phase: Pause Mark Start                              0.011 / 0.016         0.011 / 0.021         0.011 / 0.021         0.011 / 0.021       ms
[90.137s][info][gc,stats    ]       Phase: Pause Relocate Start                          0.008 / 0.011         0.008 / 0.011         0.008 / 0.011         0.008 / 0.011       ms
[90.137s][info][gc,stats    ]    Subphase: Concurrent Classes Purge                      0.105 / 0.548         0.478 / 18.627        0.478 / 18.627        0.478 / 18.627      ms
[90.137s][info][gc,stats    ]    Subphase: Concurrent Classes Unlink                     5.595 / 10.723       13.179 / 432.052      13.179 / 432.052      13.179 / 432.052     ms
[90.137s][info][gc,stats    ]    Subphase: Concurrent Mark                              29.572 / 89.249       40.039 / 409.811      40.039 / 409.811      40.039 / 409.811     ms
[90.137s][info][gc,stats    ]    Subphase: Concurrent Mark Try Flush                     0.449 / 2.724         1.854 / 307.885       1.854 / 307.885       1.854 / 307.885     ms
[90.137s][info][gc,stats    ]    Subphase: Concurrent Mark Try Terminate                 1.664 / 7.630         1.682 / 44.933        1.682 / 44.933        1.682 / 44.933      ms
[90.137s][info][gc,stats    ]    Subphase: Concurrent References Enqueue                 0.002 / 0.005         0.002 / 0.011         0.002 / 0.011         0.002 / 0.011       ms
[90.137s][info][gc,stats    ]    Subphase: Concurrent References Process                 0.227 / 0.562         0.321 / 2.321         0.321 / 2.321         0.321 / 2.321       ms
[90.137s][info][gc,stats    ]    Subphase: Concurrent Roots ClassLoaderDataGraph         0.087 / 0.630         0.113 / 2.952         0.113 / 2.952         0.113 / 2.952       ms
[90.137s][info][gc,stats    ]    Subphase: Concurrent Roots CodeCache                    0.000 / 0.000         0.000 / 0.000         0.000 / 0.000         0.000 / 0.000       ms
[90.137s][info][gc,stats    ]    Subphase: Concurrent Roots JavaThreads                  5.448 / 16.321        5.894 / 24.476        5.894 / 24.476        5.894 / 24.476      ms
[90.137s][info][gc,stats    ]    Subphase: Concurrent Roots OopStorageSet                0.042 / 0.143         0.099 / 2.435         0.099 / 2.435         0.099 / 2.435       ms
[90.137s][info][gc,stats    ]    Subphase: Concurrent Weak Roots OopStorageSet           0.507 / 1.836         0.641 / 2.598         0.641 / 2.598         0.641 / 2.598       ms
[90.137s][info][gc,stats    ]    Subphase: Pause Mark Try Complete                       0.000 / 0.000         0.001 / 0.002         0.001 / 0.002         0.001 / 0.002       ms
[90.137s][info][gc,stats    ]      System: Java Threads                                    199 / 220             188 / 220             188 / 220             188 / 220         threads
[90.137s][info][gc,stats    ] =========================================================================================================================================================
[90.535s][info][gc,start    ] GC(148) Garbage Collection (Allocation Rate)
[90.535s][info][gc,task     ] GC(148) Using 12 workers
[90.535s][info][gc,phases   ] GC(148) Pause Mark Start 0.014ms
[90.561s][info][gc,phases   ] GC(148) Concurrent Mark 25.312ms
[90.561s][info][gc,phases   ] GC(148) Pause Mark End 0.029ms
[90.562s][info][gc,phases   ] GC(148) Concurrent Mark Free 0.002ms
[90.565s][info][gc,phases   ] GC(148) Concurrent Process Non-Strong References 2.494ms
[90.565s][info][gc,phases   ] GC(148) Concurrent Reset Relocation Set 0.078ms
[90.577s][info][gc,phases   ] GC(148) Concurrent Select Relocation Set 11.812ms
[90.577s][info][gc,phases   ] GC(148) Pause Relocate Start 0.009ms
[90.584s][info][gc,phases   ] GC(148) Concurrent Relocate 6.523ms
[90.584s][info][gc,load     ] GC(148) Load: 0.00/0.00/0.00
[90.584s][info][gc,mmu      ] GC(148) MMU: 2ms/97.9%, 5ms/99.2%, 10ms/99.6%, 20ms/99.8%, 50ms/99.9%, 100ms/99.9%
[90.584s][info][gc,marking  ] GC(148) Mark: 8 stripe(s), 4 proactive flush(es), 1 terminate flush(es), 0 completion(s), 0 continuation(s) 
[90.584s][info][gc,marking  ] GC(148) Mark Stack Usage: 32M
[90.584s][info][gc,nmethod  ] GC(148) NMethods: 5076 registered, 79 unregistered
[90.584s][info][gc,metaspace] GC(148) Metaspace: 72M used, 72M committed, 1088M reserved
[90.584s][info][gc,ref      ] GC(148) Soft: 3829 encountered, 0 discovered, 0 enqueued
[90.584s][info][gc,ref      ] GC(148) Weak: 11021 encountered, 1784 discovered, 0 enqueued
[90.584s][info][gc,ref      ] GC(148) Final: 289 encountered, 16 discovered, 0 enqueued
[90.584s][info][gc,ref      ] GC(148) Phantom: 422 encountered, 300 discovered, 0 enqueued
[90.584s][info][gc,reloc    ] GC(148) Small Pages: 1307 / 2614M, Empty: 1886M, Relocated: 10M, In-Place: 0
[90.584s][info][gc,reloc    ] GC(148) Medium Pages: 0 / 0M, Empty: 0M, Relocated: 0M, In-Place: 0
[90.584s][info][gc,reloc    ] GC(148) Large Pages: 0 / 0M, Empty: 0M, Relocated: 0M, In-Place: 0
[90.584s][info][gc,reloc    ] GC(148) Forwarding Usage: 3M
[90.584s][info][gc,heap     ] GC(148) Min Capacity: 8M(0%)
[90.584s][info][gc,heap     ] GC(148) Max Capacity: 4096M(100%)
[90.584s][info][gc,heap     ] GC(148) Soft Max Capacity: 4096M(100%)
[90.584s][info][gc,heap     ] GC(148)                Mark Start          Mark End        Relocate Start      Relocate End           High               Low         
[90.584s][info][gc,heap     ] GC(148)  Capacity:     3880M (95%)        3880M (95%)        3880M (95%)        3880M (95%)        3880M (95%)        3880M (95%)    
[90.585s][info][gc,heap     ] GC(148)      Free:     1482M (36%)        1316M (32%)        3134M (77%)        3762M (92%)        3768M (92%)        1304M (32%)    
[90.585s][info][gc,heap     ] GC(148)      Used:     2614M (64%)        2780M (68%)         962M (23%)         334M (8%)         2792M (68%)         328M (8%)     
[90.585s][info][gc,heap     ] GC(148)      Live:         -                53M (1%)           53M (1%)           53M (1%)             -                  -          
[90.585s][info][gc,heap     ] GC(148) Allocated:         -               166M (4%)          234M (6%)          256M (6%)             -                  -          
[90.585s][info][gc,heap     ] GC(148)   Garbage:         -              2560M (63%)         674M (16%)          23M (1%)             -                  -          
[90.585s][info][gc,heap     ] GC(148) Reclaimed:         -                  -              1886M (46%)        2536M (62%)            -                  -          
[90.585s][info][gc          ] GC(148) Garbage Collection (Allocation Rate) 2614M(64%)->334M(8%)
[90.835s][info][gc,start    ] GC(149) Garbage Collection (Allocation Rate)
[90.835s][info][gc,task     ] GC(149) Using 3 workers
[90.835s][info][gc,phases   ] GC(149) Pause Mark Start 0.013ms
[90.900s][info][gc,phases   ] GC(149) Concurrent Mark 65.028ms
[90.901s][info][gc,phases   ] GC(149) Pause Mark End 0.024ms
[90.902s][info][gc,phases   ] GC(149) Concurrent Mark Free 0.001ms
[90.910s][info][gc,phases   ] GC(149) Concurrent Process Non-Strong References 7.716ms
[90.910s][info][gc,phases   ] GC(149) Concurrent Reset Relocation Set 0.081ms
[90.916s][info][gc,phases   ] GC(149) Concurrent Select Relocation Set 5.934ms
[90.916s][info][gc,phases   ] GC(149) Pause Relocate Start 0.007ms
[90.929s][info][gc,phases   ] GC(149) Concurrent Relocate 11.723ms
[90.929s][info][gc,load     ] GC(149) Load: 0.00/0.00/0.00
[90.929s][info][gc,mmu      ] GC(149) MMU: 2ms/97.9%, 5ms/99.2%, 10ms/99.6%, 20ms/99.8%, 50ms/99.9%, 100ms/99.9%
[90.929s][info][gc,marking  ] GC(149) Mark: 2 stripe(s), 2 proactive flush(es), 1 terminate flush(es), 0 completion(s), 0 continuation(s) 
[90.929s][info][gc,marking  ] GC(149) Mark Stack Usage: 32M
[90.929s][info][gc,nmethod  ] GC(149) NMethods: 5079 registered, 83 unregistered
[90.929s][info][gc,metaspace] GC(149) Metaspace: 72M used, 72M committed, 1088M reserved
[90.929s][info][gc,ref      ] GC(149) Soft: 3829 encountered, 0 discovered, 0 enqueued
[90.929s][info][gc,ref      ] GC(149) Weak: 11021 encountered, 1491 discovered, 0 enqueued
[90.929s][info][gc,ref      ] GC(149) Final: 289 encountered, 3 discovered, 0 enqueued
[90.929s][info][gc,ref      ] GC(149) Phantom: 422 encountered, 162 discovered, 0 enqueued
[90.929s][info][gc,reloc    ] GC(149) Small Pages: 772 / 1544M, Empty: 978M, Relocated: 8M, In-Place: 0
[90.929s][info][gc,reloc    ] GC(149) Medium Pages: 0 / 0M, Empty: 0M, Relocated: 0M, In-Place: 0
[90.929s][info][gc,reloc    ] GC(149) Large Pages: 0 / 0M, Empty: 0M, Relocated: 0M, In-Place: 0
[90.929s][info][gc,reloc    ] GC(149) Forwarding Usage: 3M
[90.929s][info][gc,heap     ] GC(149) Min Capacity: 8M(0%)
[90.929s][info][gc,heap     ] GC(149) Max Capacity: 4096M(100%)
[90.929s][info][gc,heap     ] GC(149) Soft Max Capacity: 4096M(100%)
[90.929s][info][gc,heap     ] GC(149)                Mark Start          Mark End        Relocate Start      Relocate End           High               Low         
[90.929s][info][gc,heap     ] GC(149)  Capacity:     3880M (95%)        3880M (95%)        3880M (95%)        3880M (95%)        3880M (95%)        3880M (95%)    
[90.929s][info][gc,heap     ] GC(149)      Free:     2552M (62%)        2184M (53%)        3102M (76%)        3544M (87%)        3558M (87%)        2150M (52%)    
[90.929s][info][gc,heap     ] GC(149)      Used:     1544M (38%)        1912M (47%)         994M (24%)         552M (13%)        1946M (48%)         538M (13%)    
[90.929s][info][gc,heap     ] GC(149)      Live:         -                53M (1%)           53M (1%)           53M (1%)             -                  -          
[90.929s][info][gc,heap     ] GC(149) Allocated:         -               368M (9%)          428M (10%)         486M (12%)            -                  -          
[90.929s][info][gc,heap     ] GC(149)   Garbage:         -              1490M (36%)         512M (13%)          12M (0%)             -                  -          
[90.929s][info][gc,heap     ] GC(149) Reclaimed:         -                  -               978M (24%)        1478M (36%)            -                  -          
[90.929s][info][gc          ] GC(149) Garbage Collection (Allocation Rate) 1544M(38%)->552M(13%)
[91.135s][info][gc,start    ] GC(150) Garbage Collection (Allocation Rate)
[91.135s][info][gc,task     ] GC(150) Using 2 workers
[91.136s][info][gc,phases   ] GC(150) Pause Mark Start 0.010ms
[91.242s][info][gc,phases   ] GC(150) Concurrent Mark 106.348ms
[91.242s][info][gc,phases   ] GC(150) Pause Mark End 0.030ms
[91.243s][info][gc,phases   ] GC(150) Concurrent Mark Free 0.001ms
[91.253s][info][gc,phases   ] GC(150) Concurrent Process Non-Strong References 10.349ms
[91.253s][info][gc,phases   ] GC(150) Concurrent Reset Relocation Set 0.080ms
[91.264s][info][gc,phases   ] GC(150) Concurrent Select Relocation Set 10.459ms
[91.264s][info][gc,phases   ] GC(150) Pause Relocate Start 0.009ms
[91.283s][info][gc,phases   ] GC(150) Concurrent Relocate 18.177ms
[91.283s][info][gc,load     ] GC(150) Load: 0.00/0.00/0.00
[91.283s][info][gc,mmu      ] GC(150) MMU: 2ms/97.9%, 5ms/99.2%, 10ms/99.6%, 20ms/99.8%, 50ms/99.9%, 100ms/99.9%
[91.283s][info][gc,marking  ] GC(150) Mark: 2 stripe(s), 2 proactive flush(es), 1 terminate flush(es), 0 completion(s), 0 continuation(s) 
[91.283s][info][gc,marking  ] GC(150) Mark Stack Usage: 32M
[91.283s][info][gc,nmethod  ] GC(150) NMethods: 5079 registered, 83 unregistered
[91.283s][info][gc,metaspace] GC(150) Metaspace: 72M used, 72M committed, 1088M reserved
[91.283s][info][gc,ref      ] GC(150) Soft: 3829 encountered, 0 discovered, 0 enqueued
[91.283s][info][gc,ref      ] GC(150) Weak: 11021 encountered, 1469 discovered, 0 enqueued
[91.283s][info][gc,ref      ] GC(150) Final: 289 encountered, 17 discovered, 0 enqueued
[91.283s][info][gc,ref      ] GC(150) Phantom: 422 encountered, 200 discovered, 0 enqueued
[91.283s][info][gc,reloc    ] GC(150) Small Pages: 795 / 1590M, Empty: 1044M, Relocated: 8M, In-Place: 0
[91.283s][info][gc,reloc    ] GC(150) Medium Pages: 0 / 0M, Empty: 0M, Relocated: 0M, In-Place: 0
[91.283s][info][gc,reloc    ] GC(150) Large Pages: 0 / 0M, Empty: 0M, Relocated: 0M, In-Place: 0
[91.283s][info][gc,reloc    ] GC(150) Forwarding Usage: 3M
[91.283s][info][gc,heap     ] GC(150) Min Capacity: 8M(0%)
[91.283s][info][gc,heap     ] GC(150) Max Capacity: 4096M(100%)
[91.283s][info][gc,heap     ] GC(150) Soft Max Capacity: 4096M(100%)
[91.283s][info][gc,heap     ] GC(150)                Mark Start          Mark End        Relocate Start      Relocate End           High               Low         
[91.283s][info][gc,heap     ] GC(150)  Capacity:     3880M (95%)        3880M (95%)        3880M (95%)        3880M (95%)        3880M (95%)        3880M (95%)    
[91.283s][info][gc,heap     ] GC(150)      Free:     2506M (61%)        1948M (48%)        2894M (71%)        3292M (80%)        3334M (81%)        1900M (46%)    
[91.283s][info][gc,heap     ] GC(150)      Used:     1590M (39%)        2148M (52%)        1202M (29%)         804M (20%)        2196M (54%)         762M (19%)    
[91.283s][info][gc,heap     ] GC(150)      Live:         -                53M (1%)           53M (1%)           53M (1%)             -                  -          
[91.283s][info][gc,heap     ] GC(150) Allocated:         -               558M (14%)         656M (16%)         739M (18%)            -                  -          
[91.283s][info][gc,heap     ] GC(150)   Garbage:         -              1536M (38%)         492M (12%)          10M (0%)             -                  -          
[91.283s][info][gc,heap     ] GC(150) Reclaimed:         -                  -              1044M (25%)        1525M (37%)            -                  -          
[91.283s][info][gc          ] GC(150) Garbage Collection (Allocation Rate) 1590M(39%)->804M(20%)
[91.635s][info][gc,start    ] GC(151) Garbage Collection (Allocation Rate)
[91.635s][info][gc,task     ] GC(151) Using 2 workers
[91.636s][info][gc,phases   ] GC(151) Pause Mark Start 0.011ms
[91.731s][info][gc,phases   ] GC(151) Concurrent Mark 95.228ms
[91.731s][info][gc,phases   ] GC(151) Pause Mark End 0.023ms
[91.733s][info][gc,phases   ] GC(151) Concurrent Mark Free 0.001ms
[91.744s][info][gc,phases   ] GC(151) Concurrent Process Non-Strong References 11.111ms
[91.744s][info][gc,phases   ] GC(151) Concurrent Reset Relocation Set 0.063ms
[91.750s][info][gc,phases   ] GC(151) Concurrent Select Relocation Set 5.872ms
[91.750s][info][gc,phases   ] GC(151) Pause Relocate Start 0.008ms
[91.767s][info][gc,phases   ] GC(151) Concurrent Relocate 16.472ms
[91.767s][info][gc,load     ] GC(151) Load: 0.00/0.00/0.00
[91.767s][info][gc,mmu      ] GC(151) MMU: 2ms/97.9%, 5ms/99.2%, 10ms/99.6%, 20ms/99.8%, 50ms/99.9%, 100ms/99.9%
[91.767s][info][gc,marking  ] GC(151) Mark: 2 stripe(s), 2 proactive flush(es), 1 terminate flush(es), 0 completion(s), 0 continuation(s) 
[91.767s][info][gc,marking  ] GC(151) Mark Stack Usage: 32M
[91.767s][info][gc,nmethod  ] GC(151) NMethods: 5079 registered, 83 unregistered
[91.767s][info][gc,metaspace] GC(151) Metaspace: 72M used, 72M committed, 1088M reserved
[91.767s][info][gc,ref      ] GC(151) Soft: 3829 encountered, 0 discovered, 0 enqueued
[91.767s][info][gc,ref      ] GC(151) Weak: 11021 encountered, 1768 discovered, 0 enqueued
[91.767s][info][gc,ref      ] GC(151) Final: 289 encountered, 20 discovered, 0 enqueued
[91.767s][info][gc,ref      ] GC(151) Phantom: 422 encountered, 251 discovered, 0 enqueued
[91.767s][info][gc,reloc    ] GC(151) Small Pages: 1291 / 2582M, Empty: 1882M, Relocated: 6M, In-Place: 0
[91.767s][info][gc,reloc    ] GC(151) Medium Pages: 0 / 0M, Empty: 0M, Relocated: 0M, In-Place: 0
[91.767s][info][gc,reloc    ] GC(151) Large Pages: 0 / 0M, Empty: 0M, Relocated: 0M, In-Place: 0
[91.767s][info][gc,reloc    ] GC(151) Forwarding Usage: 2M
[91.767s][info][gc,heap     ] GC(151) Min Capacity: 8M(0%)
[91.767s][info][gc,heap     ] GC(151) Max Capacity: 4096M(100%)
[91.767s][info][gc,heap     ] GC(151) Soft Max Capacity: 4096M(100%)
[91.768s][info][gc,heap     ] GC(151)                Mark Start          Mark End        Relocate Start      Relocate End           High               Low         
[91.768s][info][gc,heap     ] GC(151)  Capacity:     3880M (95%)        3880M (95%)        3880M (95%)        3880M (95%)        3880M (95%)        3880M (95%)    
[91.768s][info][gc,heap     ] GC(151)      Free:     1514M (37%)        1006M (25%)        2800M (68%)        3352M (82%)        3380M (83%)         938M (23%)    
[91.768s][info][gc,heap     ] GC(151)      Used:     2582M (63%)        3090M (75%)        1296M (32%)         744M (18%)        3158M (77%)         716M (17%)    
[91.768s][info][gc,heap     ] GC(151)      Live:         -                53M (1%)           53M (1%)           53M (1%)             -                  -          
[91.768s][info][gc,heap     ] GC(151) Allocated:         -               508M (12%)         596M (15%)         679M (17%)            -                  -          
[91.768s][info][gc,heap     ] GC(151)   Garbage:         -              2528M (62%)         646M (16%)          10M (0%)             -                  -          
[91.768s][info][gc,heap     ] GC(151) Reclaimed:         -                  -              1882M (46%)        2517M (61%)            -                  -          
[91.768s][info][gc          ] GC(151) Garbage Collection (Allocation Rate) 2582M(63%)->744M(18%)
[92.136s][info][gc,start    ] GC(152) Garbage Collection (Allocation Rate)
[92.136s][info][gc,task     ] GC(152) Using 2 workers
[92.136s][info][gc,phases   ] GC(152) Pause Mark Start 0.010ms
[92.235s][info][gc,phases   ] GC(152) Concurrent Mark 99.075ms
[92.236s][info][gc,phases   ] GC(152) Pause Mark End 0.026ms
[92.236s][info][gc,phases   ] GC(152) Concurrent Mark Free 0.001ms
[92.248s][info][gc,phases   ] GC(152) Concurrent Process Non-Strong References 11.978ms
[92.249s][info][gc,phases   ] GC(152) Concurrent Reset Relocation Set 0.079ms
[92.259s][info][gc,phases   ] GC(152) Concurrent Select Relocation Set 10.410ms
[92.259s][info][gc,phases   ] GC(152) Pause Relocate Start 0.009ms
[92.277s][info][gc,phases   ] GC(152) Concurrent Relocate 17.592ms
[92.277s][info][gc,load     ] GC(152) Load: 0.00/0.00/0.00
[92.277s][info][gc,mmu      ] GC(152) MMU: 2ms/97.9%, 5ms/99.2%, 10ms/99.6%, 20ms/99.8%, 50ms/99.9%, 100ms/99.9%
[92.277s][info][gc,marking  ] GC(152) Mark: 2 stripe(s), 2 proactive flush(es), 1 terminate flush(es), 0 completion(s), 0 continuation(s) 
[92.277s][info][gc,marking  ] GC(152) Mark Stack Usage: 32M
[92.277s][info][gc,nmethod  ] GC(152) NMethods: 4948 registered, 215 unregistered
[92.277s][info][gc,metaspace] GC(152) Metaspace: 72M used, 72M committed, 1088M reserved
[92.277s][info][gc,ref      ] GC(152) Soft: 3829 encountered, 0 discovered, 0 enqueued
[92.277s][info][gc,ref      ] GC(152) Weak: 10975 encountered, 1803 discovered, 126 enqueued
[92.277s][info][gc,ref      ] GC(152) Final: 289 encountered, 0 discovered, 0 enqueued
[92.277s][info][gc,ref      ] GC(152) Phantom: 422 encountered, 165 discovered, 0 enqueued
[92.277s][info][gc,reloc    ] GC(152) Small Pages: 1311 / 2622M, Empty: 2010M, Relocated: 8M, In-Place: 0
[92.277s][info][gc,reloc    ] GC(152) Medium Pages: 0 / 0M, Empty: 0M, Relocated: 0M, In-Place: 0
[92.277s][info][gc,reloc    ] GC(152) Large Pages: 0 / 0M, Empty: 0M, Relocated: 0M, In-Place: 0
[92.277s][info][gc,reloc    ] GC(152) Forwarding Usage: 3M
[92.278s][info][gc,heap     ] GC(152) Min Capacity: 8M(0%)
[92.278s][info][gc,heap     ] GC(152) Max Capacity: 4096M(100%)
[92.278s][info][gc,heap     ] GC(152) Soft Max Capacity: 4096M(100%)
[92.278s][info][gc,heap     ] GC(152)                Mark Start          Mark End        Relocate Start      Relocate End           High               Low         
[92.278s][info][gc,heap     ] GC(152)  Capacity:     3880M (95%)        3880M (95%)        3880M (95%)        3880M (95%)        3880M (95%)        3880M (95%)    
[92.278s][info][gc,heap     ] GC(152)      Free:     1474M (36%)         954M (23%)        2854M (70%)        3332M (81%)        3346M (82%)         878M (21%)    
[92.278s][info][gc,heap     ] GC(152)      Used:     2622M (64%)        3142M (77%)        1242M (30%)         764M (19%)        3218M (79%)         750M (18%)    
[92.278s][info][gc,heap     ] GC(152)      Live:         -                52M (1%)           52M (1%)           52M (1%)             -                  -          
[92.278s][info][gc,heap     ] GC(152) Allocated:         -               520M (13%)         630M (15%)         701M (17%)            -                  -          
[92.278s][info][gc,heap     ] GC(152)   Garbage:         -              2569M (63%)         559M (14%)          10M (0%)             -                  -          
[92.278s][info][gc,heap     ] GC(152) Reclaimed:         -                  -              2010M (49%)        2559M (62%)            -                  -          
[92.278s][info][gc          ] GC(152) Garbage Collection (Allocation Rate) 2622M(64%)->764M(19%)
[92.736s][info][gc,start    ] GC(153) Garbage Collection (Allocation Rate)
[92.736s][info][gc,task     ] GC(153) Using 2 workers
[92.736s][info][gc,phases   ] GC(153) Pause Mark Start 0.010ms
[92.829s][info][gc,phases   ] GC(153) Concurrent Mark 93.177ms
[92.830s][info][gc,phases   ] GC(153) Pause Mark End 0.026ms
[92.830s][info][gc,phases   ] GC(153) Concurrent Mark Free 0.002ms
[92.841s][info][gc,phases   ] GC(153) Concurrent Process Non-Strong References 10.664ms
[92.841s][info][gc,phases   ] GC(153) Concurrent Reset Relocation Set 0.059ms
[92.847s][info][gc,phases   ] GC(153) Concurrent Select Relocation Set 6.076ms
[92.848s][info][gc,phases   ] GC(153) Pause Relocate Start 0.008ms
[92.864s][info][gc,phases   ] GC(153) Concurrent Relocate 15.640ms
[92.864s][info][gc,load     ] GC(153) Load: 0.00/0.00/0.00
[92.864s][info][gc,mmu      ] GC(153) MMU: 2ms/97.9%, 5ms/99.2%, 10ms/99.6%, 20ms/99.8%, 50ms/99.9%, 100ms/99.9%
[92.864s][info][gc,marking  ] GC(153) Mark: 2 stripe(s), 3 proactive flush(es), 1 terminate flush(es), 0 completion(s), 0 continuation(s) 
[92.864s][info][gc,marking  ] GC(153) Mark Stack Usage: 32M
[92.864s][info][gc,nmethod  ] GC(153) NMethods: 4949 registered, 215 unregistered
[92.864s][info][gc,metaspace] GC(153) Metaspace: 72M used, 72M committed, 1088M reserved
[92.864s][info][gc,ref      ] GC(153) Soft: 3829 encountered, 0 discovered, 0 enqueued
[92.864s][info][gc,ref      ] GC(153) Weak: 10849 encountered, 1723 discovered, 0 enqueued
[92.864s][info][gc,ref      ] GC(153) Final: 289 encountered, 20 discovered, 0 enqueued
[92.864s][info][gc,ref      ] GC(153) Phantom: 422 encountered, 180 discovered, 0 enqueued
[92.864s][info][gc,reloc    ] GC(153) Small Pages: 1544 / 3088M, Empty: 2348M, Relocated: 6M, In-Place: 0
[92.864s][info][gc,reloc    ] GC(153) Medium Pages: 0 / 0M, Empty: 0M, Relocated: 0M, In-Place: 0
[92.864s][info][gc,reloc    ] GC(153) Large Pages: 0 / 0M, Empty: 0M, Relocated: 0M, In-Place: 0
[92.864s][info][gc,reloc    ] GC(153) Forwarding Usage: 2M
[92.864s][info][gc,heap     ] GC(153) Min Capacity: 8M(0%)
[92.864s][info][gc,heap     ] GC(153) Max Capacity: 4096M(100%)
[92.864s][info][gc,heap     ] GC(153) Soft Max Capacity: 4096M(100%)
[92.864s][info][gc,heap     ] GC(153)                Mark Start          Mark End        Relocate Start      Relocate End           High               Low         
[92.864s][info][gc,heap     ] GC(153)  Capacity:     3880M (95%)        3880M (95%)        3880M (95%)        3880M (95%)        3880M (95%)        3880M (95%)    
[92.864s][info][gc,heap     ] GC(153)      Free:     1008M (25%)         502M (12%)        2768M (68%)        3376M (82%)        3400M (83%)         454M (11%)    
[92.864s][info][gc,heap     ] GC(153)      Used:     3088M (75%)        3594M (88%)        1328M (32%)         720M (18%)        3642M (89%)         696M (17%)    
[92.864s][info][gc,heap     ] GC(153)      Live:         -                52M (1%)           52M (1%)           52M (1%)             -                  -          
[92.864s][info][gc,heap     ] GC(153) Allocated:         -               506M (12%)         588M (14%)         657M (16%)            -                  -          
[92.864s][info][gc,heap     ] GC(153)   Garbage:         -              3035M (74%)         687M (17%)          10M (0%)             -                  -          
[92.864s][info][gc,heap     ] GC(153) Reclaimed:         -                  -              2348M (57%)        3025M (74%)            -                  -          
[92.864s][info][gc          ] GC(153) Garbage Collection (Allocation Rate) 3088M(75%)->720M(18%)
[93.336s][info][gc,start    ] GC(154) Garbage Collection (Allocation Rate)
[93.336s][info][gc,task     ] GC(154) Using 2 workers
[93.336s][info][gc,phases   ] GC(154) Pause Mark Start 0.010ms
[93.437s][info][gc,phases   ] GC(154) Concurrent Mark 101.311ms
[93.453s][info][gc,phases   ] GC(154) Pause Mark End 0.027ms
[93.455s][info][gc,phases   ] GC(154) Concurrent Mark Free 0.002ms
[93.468s][info][gc,phases   ] GC(154) Concurrent Process Non-Strong References 12.320ms
[93.468s][info][gc,phases   ] GC(154) Concurrent Reset Relocation Set 0.076ms
[93.478s][info][gc,phases   ] GC(154) Concurrent Select Relocation Set 9.913ms
[93.478s][info][gc,phases   ] GC(154) Pause Relocate Start 0.009ms
[93.494s][info][gc,phases   ] GC(154) Concurrent Relocate 15.144ms
[93.494s][info][gc,load     ] GC(154) Load: 0.00/0.00/0.00
[93.494s][info][gc,mmu      ] GC(154) MMU: 2ms/97.9%, 5ms/99.2%, 10ms/99.6%, 20ms/99.8%, 50ms/99.9%, 100ms/99.9%
[93.494s][info][gc,marking  ] GC(154) Mark: 2 stripe(s), 2 proactive flush(es), 1 terminate flush(es), 0 completion(s), 0 continuation(s) 
[93.494s][info][gc,marking  ] GC(154) Mark Stack Usage: 32M
[93.494s][info][gc,nmethod  ] GC(154) NMethods: 4948 registered, 217 unregistered
[93.494s][info][gc,metaspace] GC(154) Metaspace: 72M used, 72M committed, 1088M reserved
[93.494s][info][gc,ref      ] GC(154) Soft: 3829 encountered, 0 discovered, 0 enqueued
[93.494s][info][gc,ref      ] GC(154) Weak: 10849 encountered, 1494 discovered, 0 enqueued
[93.494s][info][gc,ref      ] GC(154) Final: 289 encountered, 30 discovered, 0 enqueued
[93.494s][info][gc,ref      ] GC(154) Phantom: 422 encountered, 199 discovered, 0 enqueued
[93.494s][info][gc,reloc    ] GC(154) Small Pages: 1555 / 3110M, Empty: 2476M, Relocated: 6M, In-Place: 0
[93.494s][info][gc,reloc    ] GC(154) Medium Pages: 0 / 0M, Empty: 0M, Relocated: 0M, In-Place: 0
[93.494s][info][gc,reloc    ] GC(154) Large Pages: 0 / 0M, Empty: 0M, Relocated: 0M, In-Place: 0
[93.494s][info][gc,reloc    ] GC(154) Forwarding Usage: 2M
[93.494s][info][gc,heap     ] GC(154) Min Capacity: 8M(0%)
[93.494s][info][gc,heap     ] GC(154) Max Capacity: 4096M(100%)
[93.494s][info][gc,heap     ] GC(154) Soft Max Capacity: 4096M(100%)
[93.494s][info][gc,heap     ] GC(154)                Mark Start          Mark End        Relocate Start      Relocate End           High               Low         
[93.494s][info][gc,heap     ] GC(154)  Capacity:     3880M (95%)        3880M (95%)        3880M (95%)        3880M (95%)        3880M (95%)        3880M (95%)    
[93.494s][info][gc,heap     ] GC(154)      Free:      986M (24%)         362M (9%)         2724M (67%)        3220M (79%)        3256M (79%)         292M (7%)     
[93.494s][info][gc,heap     ] GC(154)      Used:     3110M (76%)        3734M (91%)        1372M (33%)         876M (21%)        3804M (93%)         840M (21%)    
[93.494s][info][gc,heap     ] GC(154)      Live:         -                51M (1%)           51M (1%)           51M (1%)             -                  -          
[93.494s][info][gc,heap     ] GC(154) Allocated:         -               624M (15%)         738M (18%)         813M (20%)            -                  -          
[93.494s][info][gc,heap     ] GC(154)   Garbage:         -              3058M (75%)         582M (14%)          10M (0%)             -                  -          
[93.494s][info][gc,heap     ] GC(154) Reclaimed:         -                  -              2476M (60%)        3047M (74%)            -                  -          
[93.494s][info][gc          ] GC(154) Garbage Collection (Allocation Rate) 3110M(76%)->876M(21%)
[93.836s][info][gc,start    ] GC(155) Garbage Collection (Allocation Rate)
[93.836s][info][gc,task     ] GC(155) Using 2 workers
[93.836s][info][gc,phases   ] GC(155) Pause Mark Start 0.009ms
[93.925s][info][gc,phases   ] GC(155) Concurrent Mark 88.160ms
[93.925s][info][gc,phases   ] GC(155) Pause Mark End 0.029ms
[93.926s][info][gc,phases   ] GC(155) Concurrent Mark Free 0.002ms
[93.937s][info][gc,phases   ] GC(155) Concurrent Process Non-Strong References 10.899ms
[93.937s][info][gc,phases   ] GC(155) Concurrent Reset Relocation Set 0.093ms
[93.949s][info][gc,phases   ] GC(155) Concurrent Select Relocation Set 12.232ms
[93.950s][info][gc,phases   ] GC(155) Pause Relocate Start 0.009ms
[93.965s][info][gc,phases   ] GC(155) Concurrent Relocate 14.647ms
[93.965s][info][gc,load     ] GC(155) Load: 0.00/0.00/0.00
[93.965s][info][gc,mmu      ] GC(155) MMU: 2ms/97.9%, 5ms/99.2%, 10ms/99.6%, 20ms/99.8%, 50ms/99.9%, 100ms/99.9%
[93.965s][info][gc,marking  ] GC(155) Mark: 2 stripe(s), 2 proactive flush(es), 1 terminate flush(es), 0 completion(s), 0 continuation(s) 
[93.965s][info][gc,marking  ] GC(155) Mark Stack Usage: 32M
[93.965s][info][gc,nmethod  ] GC(155) NMethods: 4948 registered, 217 unregistered
[93.965s][info][gc,metaspace] GC(155) Metaspace: 72M used, 72M committed, 1088M reserved
[93.965s][info][gc,ref      ] GC(155) Soft: 3829 encountered, 0 discovered, 0 enqueued
[93.965s][info][gc,ref      ] GC(155) Weak: 10849 encountered, 1277 discovered, 0 enqueued
[93.965s][info][gc,ref      ] GC(155) Final: 289 encountered, 1 discovered, 0 enqueued
[93.965s][info][gc,ref      ] GC(155) Phantom: 422 encountered, 188 discovered, 0 enqueued
[93.965s][info][gc,reloc    ] GC(155) Small Pages: 1312 / 2624M, Empty: 1918M, Relocated: 6M, In-Place: 0
[93.965s][info][gc,reloc    ] GC(155) Medium Pages: 0 / 0M, Empty: 0M, Relocated: 0M, In-Place: 0
[93.965s][info][gc,reloc    ] GC(155) Large Pages: 0 / 0M, Empty: 0M, Relocated: 0M, In-Place: 0
[93.965s][info][gc,reloc    ] GC(155) Forwarding Usage: 2M
[93.965s][info][gc,heap     ] GC(155) Min Capacity: 8M(0%)
[93.965s][info][gc,heap     ] GC(155) Max Capacity: 4096M(100%)
[93.965s][info][gc,heap     ] GC(155) Soft Max Capacity: 4096M(100%)
[93.965s][info][gc,heap     ] GC(155)                Mark Start          Mark End        Relocate Start      Relocate End           High               Low         
[93.965s][info][gc,heap     ] GC(155)  Capacity:     3880M (95%)        3880M (95%)        3880M (95%)        3880M (95%)        3880M (95%)        3880M (95%)    
[93.965s][info][gc,heap     ] GC(155)      Free:     1472M (36%)         988M (24%)        2796M (68%)        3366M (82%)        3400M (83%)         936M (23%)    
[93.965s][info][gc,heap     ] GC(155)      Used:     2624M (64%)        3108M (76%)        1300M (32%)         730M (18%)        3160M (77%)         696M (17%)    
[93.965s][info][gc,heap     ] GC(155)      Live:         -                52M (1%)           52M (1%)           52M (1%)             -                  -          
[93.965s][info][gc,heap     ] GC(155) Allocated:         -               484M (12%)         594M (15%)         667M (16%)            -                  -          
[93.965s][info][gc,heap     ] GC(155)   Garbage:         -              2571M (63%)         653M (16%)          10M (0%)             -                  -          
[93.965s][info][gc,heap     ] GC(155) Reclaimed:         -                  -              1918M (47%)        2561M (63%)            -                  -          
[93.965s][info][gc          ] GC(155) Garbage Collection (Allocation Rate) 2624M(64%)->730M(18%)
[94.335s][info][gc,start    ] GC(156) Garbage Collection (Allocation Rate)
[94.335s][info][gc,task     ] GC(156) Using 2 workers
[94.335s][info][gc,phases   ] GC(156) Pause Mark Start 0.010ms
[94.434s][info][gc,phases   ] GC(156) Concurrent Mark 98.775ms
[94.435s][info][gc,phases   ] GC(156) Pause Mark End 0.025ms
[94.435s][info][gc,phases   ] GC(156) Concurrent Mark Free 0.001ms
[94.445s][info][gc,phases   ] GC(156) Concurrent Process Non-Strong References 10.567ms
[94.446s][info][gc,phases   ] GC(156) Concurrent Reset Relocation Set 0.101ms
[94.458s][info][gc,phases   ] GC(156) Concurrent Select Relocation Set 12.030ms
[94.458s][info][gc,phases   ] GC(156) Pause Relocate Start 0.009ms
[94.474s][info][gc,phases   ] GC(156) Concurrent Relocate 15.100ms
[94.474s][info][gc,load     ] GC(156) Load: 0.00/0.00/0.00
[94.474s][info][gc,mmu      ] GC(156) MMU: 2ms/97.9%, 5ms/99.2%, 10ms/99.6%, 20ms/99.8%, 50ms/99.9%, 100ms/99.9%
[94.474s][info][gc,marking  ] GC(156) Mark: 2 stripe(s), 2 proactive flush(es), 1 terminate flush(es), 0 completion(s), 0 continuation(s) 
[94.474s][info][gc,marking  ] GC(156) Mark Stack Usage: 32M
[94.474s][info][gc,nmethod  ] GC(156) NMethods: 4950 registered, 217 unregistered
[94.474s][info][gc,metaspace] GC(156) Metaspace: 72M used, 72M committed, 1088M reserved
[94.474s][info][gc,ref      ] GC(156) Soft: 3829 encountered, 0 discovered, 0 enqueued
[94.474s][info][gc,ref      ] GC(156) Weak: 10815 encountered, 1692 discovered, 7 enqueued
[94.474s][info][gc,ref      ] GC(156) Final: 289 encountered, 21 discovered, 0 enqueued
[94.474s][info][gc,ref      ] GC(156) Phantom: 422 encountered, 173 discovered, 0 enqueued
[94.474s][info][gc,reloc    ] GC(156) Small Pages: 1313 / 2626M, Empty: 1994M, Relocated: 6M, In-Place: 0
[94.474s][info][gc,reloc    ] GC(156) Medium Pages: 0 / 0M, Empty: 0M, Relocated: 0M, In-Place: 0
[94.474s][info][gc,reloc    ] GC(156) Large Pages: 0 / 0M, Empty: 0M, Relocated: 0M, In-Place: 0
[94.474s][info][gc,reloc    ] GC(156) Forwarding Usage: 2M
[94.474s][info][gc,heap     ] GC(156) Min Capacity: 8M(0%)
[94.474s][info][gc,heap     ] GC(156) Max Capacity: 4096M(100%)
[94.474s][info][gc,heap     ] GC(156) Soft Max Capacity: 4096M(100%)
[94.474s][info][gc,heap     ] GC(156)                Mark Start          Mark End        Relocate Start      Relocate End           High               Low         
[94.474s][info][gc,heap     ] GC(156)  Capacity:     3880M (95%)        3880M (95%)        3880M (95%)        3880M (95%)        3880M (95%)        3880M (95%)    
[94.474s][info][gc,heap     ] GC(156)      Free:     1470M (36%)         934M (23%)        2830M (69%)        3330M (81%)        3366M (82%)         888M (22%)    
[94.474s][info][gc,heap     ] GC(156)      Used:     2626M (64%)        3162M (77%)        1266M (31%)         766M (19%)        3208M (78%)         730M (18%)    
[94.474s][info][gc,heap     ] GC(156)      Live:         -                51M (1%)           51M (1%)           51M (1%)             -                  -          
[94.474s][info][gc,heap     ] GC(156) Allocated:         -               536M (13%)         634M (15%)         702M (17%)            -                  -          
[94.474s][info][gc,heap     ] GC(156)   Garbage:         -              2574M (63%)         580M (14%)          11M (0%)             -                  -          
[94.474s][info][gc,heap     ] GC(156) Reclaimed:         -                  -              1994M (49%)        2562M (63%)            -                  -          
[94.474s][info][gc          ] GC(156) Garbage Collection (Allocation Rate) 2626M(64%)->766M(19%)
[94.935s][info][gc,start    ] GC(157) Garbage Collection (Allocation Rate)
[94.935s][info][gc,task     ] GC(157) Using 2 workers
[94.935s][info][gc,phases   ] GC(157) Pause Mark Start 0.010ms
[95.013s][info][gc,phases   ] GC(157) Concurrent Mark 77.461ms
[95.013s][info][gc,phases   ] GC(157) Pause Mark End 0.022ms
[95.013s][info][gc,phases   ] GC(157) Concurrent Mark Free 0.001ms
[95.022s][info][gc,phases   ] GC(157) Concurrent Process Non-Strong References 8.923ms
[95.022s][info][gc,phases   ] GC(157) Concurrent Reset Relocation Set 0.059ms
[95.027s][info][gc,phases   ] GC(157) Concurrent Select Relocation Set 4.992ms
[95.028s][info][gc,phases   ] GC(157) Pause Relocate Start 0.010ms
[95.035s][info][gc,phases   ] GC(157) Concurrent Relocate 7.216ms
[95.035s][info][gc,load     ] GC(157) Load: 0.00/0.00/0.00
[95.035s][info][gc,mmu      ] GC(157) MMU: 2ms/97.9%, 5ms/99.2%, 10ms/99.6%, 20ms/99.8%, 50ms/99.9%, 100ms/99.9%
[95.035s][info][gc,marking  ] GC(157) Mark: 2 stripe(s), 2 proactive flush(es), 1 terminate flush(es), 0 completion(s), 0 continuation(s) 
[95.035s][info][gc,marking  ] GC(157) Mark Stack Usage: 32M
[95.035s][info][gc,nmethod  ] GC(157) NMethods: 4948 registered, 219 unregistered
[95.035s][info][gc,metaspace] GC(157) Metaspace: 72M used, 72M committed, 1088M reserved
[95.035s][info][gc,ref      ] GC(157) Soft: 3829 encountered, 0 discovered, 0 enqueued
[95.035s][info][gc,ref      ] GC(157) Weak: 10306 encountered, 1014 discovered, 129 enqueued
[95.035s][info][gc,ref      ] GC(157) Final: 289 encountered, 19 discovered, 0 enqueued
[95.035s][info][gc,ref      ] GC(157) Phantom: 422 encountered, 181 discovered, 0 enqueued
[95.035s][info][gc,reloc    ] GC(157) Small Pages: 1484 / 2968M, Empty: 2210M, Relocated: 4M, In-Place: 0
[95.035s][info][gc,reloc    ] GC(157) Medium Pages: 0 / 0M, Empty: 0M, Relocated: 0M, In-Place: 0
[95.035s][info][gc,reloc    ] GC(157) Large Pages: 0 / 0M, Empty: 0M, Relocated: 0M, In-Place: 0
[95.035s][info][gc,reloc    ] GC(157) Forwarding Usage: 1M
[95.035s][info][gc,heap     ] GC(157) Min Capacity: 8M(0%)
[95.035s][info][gc,heap     ] GC(157) Max Capacity: 4096M(100%)
[95.035s][info][gc,heap     ] GC(157) Soft Max Capacity: 4096M(100%)
[95.035s][info][gc,heap     ] GC(157)                Mark Start          Mark End        Relocate Start      Relocate End           High               Low         
[95.035s][info][gc,heap     ] GC(157)  Capacity:     3880M (95%)        3880M (95%)        3880M (95%)        3880M (95%)        3880M (95%)        3880M (95%)    
[95.035s][info][gc,heap     ] GC(157)      Free:     1128M (28%)         776M (19%)        2922M (71%)        3598M (88%)        3602M (88%)         734M (18%)    
[95.035s][info][gc,heap     ] GC(157)      Used:     2968M (72%)        3320M (81%)        1174M (29%)         498M (12%)        3362M (82%)         494M (12%)    
[95.035s][info][gc,heap     ] GC(157)      Live:         -                50M (1%)           50M (1%)           50M (1%)             -                  -          
[95.035s][info][gc,heap     ] GC(157) Allocated:         -               352M (9%)          416M (10%)         436M (11%)            -                  -          
[95.035s][info][gc,heap     ] GC(157)   Garbage:         -              2917M (71%)         707M (17%)          10M (0%)             -                  -          
[95.035s][info][gc,heap     ] GC(157) Reclaimed:         -                  -              2210M (54%)        2906M (71%)            -                  -          
[95.035s][info][gc          ] GC(157) Garbage Collection (Allocation Rate) 2968M(72%)->498M(12%)
[95.636s][info][gc,start    ] GC(158) Garbage Collection (Allocation Rate)
[95.636s][info][gc,task     ] GC(158) Using 2 workers
[95.636s][info][gc,phases   ] GC(158) Pause Mark Start 0.011ms
[95.682s][info][gc,phases   ] GC(158) Concurrent Mark 45.656ms
[95.682s][info][gc,phases   ] GC(158) Pause Mark End 0.025ms
[95.682s][info][gc,phases   ] GC(158) Concurrent Mark Free 0.001ms
[95.688s][info][gc,phases   ] GC(158) Concurrent Process Non-Strong References 5.980ms
[95.688s][info][gc,phases   ] GC(158) Concurrent Reset Relocation Set 0.044ms
[95.692s][info][gc,phases   ] GC(158) Concurrent Select Relocation Set 4.088ms
[95.692s][info][gc,phases   ] GC(158) Pause Relocate Start 0.007ms
[95.695s][info][gc,phases   ] GC(158) Concurrent Relocate 2.324ms
[95.695s][info][gc,load     ] GC(158) Load: 0.00/0.00/0.00
[95.695s][info][gc,mmu      ] GC(158) MMU: 2ms/97.9%, 5ms/99.2%, 10ms/99.6%, 20ms/99.8%, 50ms/99.9%, 100ms/99.9%
[95.695s][info][gc,marking  ] GC(158) Mark: 2 stripe(s), 2 proactive flush(es), 1 terminate flush(es), 0 completion(s), 0 continuation(s) 
[95.695s][info][gc,marking  ] GC(158) Mark Stack Usage: 32M
[95.695s][info][gc,nmethod  ] GC(158) NMethods: 4978 registered, 219 unregistered
[95.695s][info][gc,metaspace] GC(158) Metaspace: 72M used, 72M committed, 1088M reserved
[95.695s][info][gc,ref      ] GC(158) Soft: 3829 encountered, 0 discovered, 0 enqueued
[95.695s][info][gc,ref      ] GC(158) Weak: 9718 encountered, 1092 discovered, 121 enqueued
[95.695s][info][gc,ref      ] GC(158) Final: 289 encountered, 23 discovered, 0 enqueued
[95.695s][info][gc,ref      ] GC(158) Phantom: 422 encountered, 223 discovered, 0 enqueued
[95.695s][info][gc,reloc    ] GC(158) Small Pages: 1120 / 2240M, Empty: 1734M, Relocated: 3M, In-Place: 0
[95.695s][info][gc,reloc    ] GC(158) Medium Pages: 0 / 0M, Empty: 0M, Relocated: 0M, In-Place: 0
[95.695s][info][gc,reloc    ] GC(158) Large Pages: 0 / 0M, Empty: 0M, Relocated: 0M, In-Place: 0
[95.695s][info][gc,reloc    ] GC(158) Forwarding Usage: 1M
[95.695s][info][gc,heap     ] GC(158) Min Capacity: 8M(0%)
[95.695s][info][gc,heap     ] GC(158) Max Capacity: 4096M(100%)
[95.695s][info][gc,heap     ] GC(158) Soft Max Capacity: 4096M(100%)
[95.695s][info][gc,heap     ] GC(158)                Mark Start          Mark End        Relocate Start      Relocate End           High               Low         
[95.695s][info][gc,heap     ] GC(158)  Capacity:     3880M (95%)        3880M (95%)        3880M (95%)        3880M (95%)        3880M (95%)        3880M (95%)    
[95.695s][info][gc,heap     ] GC(158)      Free:     1856M (45%)        1744M (43%)        3462M (85%)        3908M (95%)        3908M (95%)        1742M (43%)    
[95.695s][info][gc,heap     ] GC(158)      Used:     2240M (55%)        2352M (57%)         634M (15%)         188M (5%)         2354M (57%)         188M (5%)     
[95.695s][info][gc,heap     ] GC(158)      Live:         -                49M (1%)           49M (1%)           49M (1%)             -                  -          
[95.695s][info][gc,heap     ] GC(158) Allocated:         -               112M (3%)          128M (3%)          127M (3%)             -                  -          
[95.695s][info][gc,heap     ] GC(158)   Garbage:         -              2190M (53%)         456M (11%)          11M (0%)             -                  -          
[95.695s][info][gc,heap     ] GC(158) Reclaimed:         -                  -              1734M (42%)        2179M (53%)            -                  -          
[95.695s][info][gc          ] GC(158) Garbage Collection (Allocation Rate) 2240M(55%)->188M(5%)
[95.835s][info][gc,start    ] GC(159) Garbage Collection (Allocation Rate)
[95.836s][info][gc,task     ] GC(159) Using 6 workers
[95.836s][info][gc,phases   ] GC(159) Pause Mark Start 0.009ms
[95.855s][info][gc,phases   ] GC(159) Concurrent Mark 19.705ms
[95.856s][info][gc,phases   ] GC(159) Pause Mark End 0.025ms
[95.856s][info][gc,phases   ] GC(159) Concurrent Mark Free 0.001ms
[95.858s][info][gc,phases   ] GC(159) Concurrent Process Non-Strong References 2.472ms
[95.858s][info][gc,phases   ] GC(159) Concurrent Reset Relocation Set 0.026ms
[95.861s][info][gc,phases   ] GC(159) Concurrent Select Relocation Set 2.416ms
[95.861s][info][gc,phases   ] GC(159) Pause Relocate Start 0.007ms
[95.862s][info][gc,phases   ] GC(159) Concurrent Relocate 1.521ms
[95.862s][info][gc,load     ] GC(159) Load: 0.00/0.00/0.00
[95.862s][info][gc,mmu      ] GC(159) MMU: 2ms/97.9%, 5ms/99.2%, 10ms/99.6%, 20ms/99.8%, 50ms/99.9%, 100ms/99.9%
[95.862s][info][gc,marking  ] GC(159) Mark: 4 stripe(s), 2 proactive flush(es), 1 terminate flush(es), 0 completion(s), 0 continuation(s) 
[95.862s][info][gc,marking  ] GC(159) Mark Stack Usage: 32M
[95.862s][info][gc,nmethod  ] GC(159) NMethods: 4978 registered, 219 unregistered
[95.862s][info][gc,metaspace] GC(159) Metaspace: 72M used, 72M committed, 1088M reserved
[95.862s][info][gc,ref      ] GC(159) Soft: 3829 encountered, 0 discovered, 0 enqueued
[95.862s][info][gc,ref      ] GC(159) Weak: 9597 encountered, 1894 discovered, 0 enqueued
[95.862s][info][gc,ref      ] GC(159) Final: 289 encountered, 6 discovered, 0 enqueued
[95.862s][info][gc,ref      ] GC(159) Phantom: 422 encountered, 311 discovered, 0 enqueued
[95.862s][info][gc,reloc    ] GC(159) Small Pages: 236 / 472M, Empty: 294M, Relocated: 3M, In-Place: 0
[95.862s][info][gc,reloc    ] GC(159) Medium Pages: 0 / 0M, Empty: 0M, Relocated: 0M, In-Place: 0
[95.862s][info][gc,reloc    ] GC(159) Large Pages: 0 / 0M, Empty: 0M, Relocated: 0M, In-Place: 0
[95.862s][info][gc,reloc    ] GC(159) Forwarding Usage: 0M
[95.862s][info][gc,heap     ] GC(159) Min Capacity: 8M(0%)
[95.863s][info][gc,heap     ] GC(159) Max Capacity: 4096M(100%)
[95.863s][info][gc,heap     ] GC(159) Soft Max Capacity: 4096M(100%)
[95.863s][info][gc,heap     ] GC(159)                Mark Start          Mark End        Relocate Start      Relocate End           High               Low         
[95.863s][info][gc,heap     ] GC(159)  Capacity:     3880M (95%)        3880M (95%)        3880M (95%)        3880M (95%)        3880M (95%)        3880M (95%)    
[95.863s][info][gc,heap     ] GC(159)      Free:     3624M (88%)        3572M (87%)        3848M (94%)        3958M (97%)        3958M (97%)        3558M (87%)    
[95.863s][info][gc,heap     ] GC(159)      Used:      472M (12%)         524M (13%)         248M (6%)          138M (3%)          538M (13%)         138M (3%)     
[95.863s][info][gc,heap     ] GC(159)      Live:         -                49M (1%)           49M (1%)           49M (1%)             -                  -          
[95.863s][info][gc,heap     ] GC(159) Allocated:         -                52M (1%)           70M (2%)           69M (2%)             -                  -          
[95.863s][info][gc,heap     ] GC(159)   Garbage:         -               422M (10%)         128M (3%)           18M (0%)             -                  -          
[95.863s][info][gc,heap     ] GC(159) Reclaimed:         -                  -               294M (7%)          403M (10%)            -                  -          
[95.863s][info][gc          ] GC(159) Garbage Collection (Allocation Rate) 472M(12%)->138M(3%)
[97.000s][info][gc,start    ] GC(160) Garbage Collection (System.gc())
[97.000s][info][gc,task     ] GC(160) Using 12 workers
[97.001s][info][gc,phases   ] GC(160) Pause Mark Start 0.015ms
[97.042s][info][gc,phases   ] GC(160) Concurrent Mark 40.992ms
[97.042s][info][gc,phases   ] GC(160) Pause Mark End 0.033ms
[97.042s][info][gc,phases   ] GC(160) Concurrent Mark Free 0.001ms
[97.044s][info][gc,phases   ] GC(160) Concurrent Process Non-Strong References 2.101ms
[97.044s][info][gc,phases   ] GC(160) Concurrent Reset Relocation Set 0.010ms
[97.049s][info][gc,phases   ] GC(160) Concurrent Select Relocation Set 4.956ms
[97.050s][info][gc,phases   ] GC(160) Pause Relocate Start 0.010ms
[97.052s][info][gc,phases   ] GC(160) Concurrent Relocate 2.278ms
[97.052s][info][gc,load     ] GC(160) Load: 0.00/0.00/0.00
[97.052s][info][gc,mmu      ] GC(160) MMU: 2ms/97.9%, 5ms/99.2%, 10ms/99.6%, 20ms/99.8%, 50ms/99.9%, 100ms/99.9%
[97.052s][info][gc,marking  ] GC(160) Mark: 8 stripe(s), 4 proactive flush(es), 1 terminate flush(es), 0 completion(s), 0 continuation(s) 
[97.052s][info][gc,marking  ] GC(160) Mark Stack Usage: 32M
[97.052s][info][gc,nmethod  ] GC(160) NMethods: 5075 registered, 220 unregistered
[97.052s][info][gc,metaspace] GC(160) Metaspace: 72M used, 72M committed, 1088M reserved
[97.052s][info][gc,ref      ] GC(160) Soft: 3829 encountered, 0 discovered, 0 enqueued
[97.052s][info][gc,ref      ] GC(160) Weak: 9582 encountered, 911 discovered, 49 enqueued
[97.052s][info][gc,ref      ] GC(160) Final: 289 encountered, 2 discovered, 0 enqueued
[97.052s][info][gc,ref      ] GC(160) Phantom: 422 encountered, 322 discovered, 0 enqueued
[97.052s][info][gc,reloc    ] GC(160) Small Pages: 1180 / 2360M, Empty: 2124M, Relocated: 3M, In-Place: 0
[97.052s][info][gc,reloc    ] GC(160) Medium Pages: 0 / 0M, Empty: 0M, Relocated: 0M, In-Place: 0
[97.052s][info][gc,reloc    ] GC(160) Large Pages: 0 / 0M, Empty: 0M, Relocated: 0M, In-Place: 0
[97.052s][info][gc,reloc    ] GC(160) Forwarding Usage: 1M
[97.052s][info][gc,heap     ] GC(160) Min Capacity: 8M(0%)
[97.052s][info][gc,heap     ] GC(160) Max Capacity: 4096M(100%)
[97.052s][info][gc,heap     ] GC(160) Soft Max Capacity: 4096M(100%)
[97.052s][info][gc,heap     ] GC(160)                Mark Start          Mark End        Relocate Start      Relocate End           High               Low         
[97.053s][info][gc,heap     ] GC(160)  Capacity:     3880M (95%)        3880M (95%)        3880M (95%)        3880M (95%)        3880M (95%)        3880M (95%)    
[97.053s][info][gc,heap     ] GC(160)      Free:     1736M (42%)        1682M (41%)        3806M (93%)        3962M (97%)        3962M (97%)        1682M (41%)    
[97.053s][info][gc,heap     ] GC(160)      Used:     2360M (58%)        2414M (59%)         290M (7%)          134M (3%)         2414M (59%)         134M (3%)     
[97.053s][info][gc,heap     ] GC(160)      Live:         -                49M (1%)           49M (1%)           49M (1%)             -                  -          
[97.053s][info][gc,heap     ] GC(160) Allocated:         -                54M (1%)           54M (1%)           54M (1%)             -                  -          
[97.053s][info][gc,heap     ] GC(160)   Garbage:         -              2310M (56%)         186M (5%)           30M (1%)             -                  -          
[97.053s][info][gc,heap     ] GC(160) Reclaimed:         -                  -              2124M (52%)        2280M (56%)            -                  -          
[97.053s][info][gc          ] GC(160) Garbage Collection (System.gc()) 2360M(58%)->134M(3%)
[97.635s][info][gc,start    ] GC(161) Garbage Collection (Allocation Rate)
[97.635s][info][gc,task     ] GC(161) Using 12 workers
[97.635s][info][gc,phases   ] GC(161) Pause Mark Start 0.011ms
[97.660s][info][gc,phases   ] GC(161) Concurrent Mark 24.920ms
[97.660s][info][gc,phases   ] GC(161) Pause Mark End 0.029ms
[97.661s][info][gc,phases   ] GC(161) Concurrent Mark Free 0.001ms
[97.664s][info][gc,phases   ] GC(161) Concurrent Process Non-Strong References 2.733ms
[97.664s][info][gc,phases   ] GC(161) Concurrent Reset Relocation Set 0.029ms
[97.673s][info][gc,phases   ] GC(161) Concurrent Select Relocation Set 8.607ms
[97.673s][info][gc,phases   ] GC(161) Pause Relocate Start 0.009ms
[97.680s][info][gc,phases   ] GC(161) Concurrent Relocate 6.065ms
[97.680s][info][gc,load     ] GC(161) Load: 0.00/0.00/0.00
[97.680s][info][gc,mmu      ] GC(161) MMU: 2ms/97.9%, 5ms/99.2%, 10ms/99.6%, 20ms/99.8%, 50ms/99.9%, 100ms/99.9%
[97.680s][info][gc,marking  ] GC(161) Mark: 8 stripe(s), 5 proactive flush(es), 1 terminate flush(es), 0 completion(s), 0 continuation(s) 
[97.680s][info][gc,marking  ] GC(161) Mark Stack Usage: 32M
[97.680s][info][gc,nmethod  ] GC(161) NMethods: 5162 registered, 235 unregistered
[97.680s][info][gc,metaspace] GC(161) Metaspace: 72M used, 72M committed, 1088M reserved
[97.680s][info][gc,ref      ] GC(161) Soft: 3829 encountered, 0 discovered, 0 enqueued
[97.680s][info][gc,ref      ] GC(161) Weak: 11035 encountered, 1749 discovered, 1 enqueued
[97.680s][info][gc,ref      ] GC(161) Final: 289 encountered, 7 discovered, 0 enqueued
[97.680s][info][gc,ref      ] GC(161) Phantom: 426 encountered, 315 discovered, 4 enqueued
[97.680s][info][gc,reloc    ] GC(161) Small Pages: 1493 / 2986M, Empty: 2188M, Relocated: 8M, In-Place: 0
[97.680s][info][gc,reloc    ] GC(161) Medium Pages: 0 / 0M, Empty: 0M, Relocated: 0M, In-Place: 0
[97.680s][info][gc,reloc    ] GC(161) Large Pages: 0 / 0M, Empty: 0M, Relocated: 0M, In-Place: 0
[97.680s][info][gc,reloc    ] GC(161) Forwarding Usage: 3M
[97.680s][info][gc,heap     ] GC(161) Min Capacity: 8M(0%)
[97.680s][info][gc,heap     ] GC(161) Max Capacity: 4096M(100%)
[97.680s][info][gc,heap     ] GC(161) Soft Max Capacity: 4096M(100%)
[97.680s][info][gc,heap     ] GC(161)                Mark Start          Mark End        Relocate Start      Relocate End           High               Low         
[97.680s][info][gc,heap     ] GC(161)  Capacity:     3880M (95%)        3880M (95%)        3880M (95%)        3880M (95%)        3880M (95%)        3880M (95%)    
[97.680s][info][gc,heap     ] GC(161)      Free:     1110M (27%)         954M (23%)        3086M (75%)        3784M (92%)        3784M (92%)         936M (23%)    
[97.680s][info][gc,heap     ] GC(161)      Used:     2986M (73%)        3142M (77%)        1010M (25%)         312M (8%)         3160M (77%)         312M (8%)     
[97.680s][info][gc,heap     ] GC(161)      Live:         -                53M (1%)           53M (1%)           53M (1%)             -                  -          
[97.680s][info][gc,heap     ] GC(161) Allocated:         -               156M (4%)          212M (5%)          232M (6%)             -                  -          
[97.680s][info][gc,heap     ] GC(161)   Garbage:         -              2932M (72%)         744M (18%)          26M (1%)             -                  -          
[97.680s][info][gc,heap     ] GC(161) Reclaimed:         -                  -              2188M (53%)        2906M (71%)            -                  -          
[97.680s][info][gc          ] GC(161) Garbage Collection (Allocation Rate) 2986M(73%)->312M(8%)
[98.136s][info][gc,start    ] GC(162) Garbage Collection (Allocation Rate)
[98.136s][info][gc,task     ] GC(162) Using 12 workers
[98.136s][info][gc,phases   ] GC(162) Pause Mark Start 0.010ms
[98.162s][info][gc,phases   ] GC(162) Concurrent Mark 25.640ms
[98.162s][info][gc,phases   ] GC(162) Pause Mark End 0.031ms
[98.163s][info][gc,phases   ] GC(162) Concurrent Mark Free 0.001ms
[98.165s][info][gc,phases   ] GC(162) Concurrent Process Non-Strong References 2.395ms
[98.165s][info][gc,phases   ] GC(162) Concurrent Reset Relocation Set 0.083ms
[98.171s][info][gc,phases   ] GC(162) Concurrent Select Relocation Set 5.563ms
[98.171s][info][gc,phases   ] GC(162) Pause Relocate Start 0.008ms
[98.177s][info][gc,phases   ] GC(162) Concurrent Relocate 5.250ms
[98.177s][info][gc,load     ] GC(162) Load: 0.00/0.00/0.00
[98.177s][info][gc,mmu      ] GC(162) MMU: 2ms/97.9%, 5ms/99.2%, 10ms/99.6%, 20ms/99.8%, 50ms/99.9%, 100ms/99.9%
[98.177s][info][gc,marking  ] GC(162) Mark: 8 stripe(s), 3 proactive flush(es), 1 terminate flush(es), 0 completion(s), 0 continuation(s) 
[98.177s][info][gc,marking  ] GC(162) Mark Stack Usage: 32M
[98.177s][info][gc,nmethod  ] GC(162) NMethods: 5162 registered, 235 unregistered
[98.177s][info][gc,metaspace] GC(162) Metaspace: 72M used, 72M committed, 1088M reserved
[98.177s][info][gc,ref      ] GC(162) Soft: 3829 encountered, 0 discovered, 0 enqueued
[98.177s][info][gc,ref      ] GC(162) Weak: 11034 encountered, 1440 discovered, 0 enqueued
[98.177s][info][gc,ref      ] GC(162) Final: 289 encountered, 32 discovered, 0 enqueued
[98.177s][info][gc,ref      ] GC(162) Phantom: 422 encountered, 275 discovered, 0 enqueued
[98.177s][info][gc,reloc    ] GC(162) Small Pages: 1319 / 2638M, Empty: 2034M, Relocated: 8M, In-Place: 0
[98.177s][info][gc,reloc    ] GC(162) Medium Pages: 0 / 0M, Empty: 0M, Relocated: 0M, In-Place: 0
[98.177s][info][gc,reloc    ] GC(162) Large Pages: 0 / 0M, Empty: 0M, Relocated: 0M, In-Place: 0
[98.177s][info][gc,reloc    ] GC(162) Forwarding Usage: 3M
[98.177s][info][gc,heap     ] GC(162) Min Capacity: 8M(0%)
[98.177s][info][gc,heap     ] GC(162) Max Capacity: 4096M(100%)
[98.177s][info][gc,heap     ] GC(162) Soft Max Capacity: 4096M(100%)
[98.177s][info][gc,heap     ] GC(162)                Mark Start          Mark End        Relocate Start      Relocate End           High               Low         
[98.177s][info][gc,heap     ] GC(162)  Capacity:     3880M (95%)        3880M (95%)        3880M (95%)        3880M (95%)        3880M (95%)        3880M (95%)    
[98.177s][info][gc,heap     ] GC(162)      Free:     1458M (36%)        1298M (32%)        3284M (80%)        3796M (93%)        3796M (93%)        1288M (31%)    
[98.177s][info][gc,heap     ] GC(162)      Used:     2638M (64%)        2798M (68%)         812M (20%)         300M (7%)         2808M (69%)         300M (7%)     
[98.177s][info][gc,heap     ] GC(162)      Live:         -                53M (1%)           53M (1%)           53M (1%)             -                  -          
[98.177s][info][gc,heap     ] GC(162) Allocated:         -               160M (4%)          208M (5%)          221M (5%)             -                  -          
[98.177s][info][gc,heap     ] GC(162)   Garbage:         -              2584M (63%)         550M (13%)          25M (1%)             -                  -          
[98.177s][info][gc,heap     ] GC(162) Reclaimed:         -                  -              2034M (50%)        2559M (62%)            -                  -          
[98.177s][info][gc          ] GC(162) Garbage Collection (Allocation Rate) 2638M(64%)->300M(7%)
[98.435s][info][gc,start    ] GC(163) Garbage Collection (Allocation Rate)
[98.435s][info][gc,task     ] GC(163) Using 3 workers
[98.435s][info][gc,phases   ] GC(163) Pause Mark Start 0.011ms
[98.510s][info][gc,phases   ] GC(163) Concurrent Mark 74.141ms
[98.510s][info][gc,phases   ] GC(163) Pause Mark End 0.028ms
[98.511s][info][gc,phases   ] GC(163) Concurrent Mark Free 0.001ms
[98.519s][info][gc,phases   ] GC(163) Concurrent Process Non-Strong References 8.402ms
[98.519s][info][gc,phases   ] GC(163) Concurrent Reset Relocation Set 0.069ms
[98.530s][info][gc,phases   ] GC(163) Concurrent Select Relocation Set 10.851ms
[98.530s][info][gc,phases   ] GC(163) Pause Relocate Start 0.009ms
[98.543s][info][gc,phases   ] GC(163) Concurrent Relocate 12.912ms
[98.544s][info][gc,load     ] GC(163) Load: 0.00/0.00/0.00
[98.544s][info][gc,mmu      ] GC(163) MMU: 2ms/97.9%, 5ms/99.2%, 10ms/99.6%, 20ms/99.8%, 50ms/99.9%, 100ms/99.9%
[98.544s][info][gc,marking  ] GC(163) Mark: 2 stripe(s), 2 proactive flush(es), 1 terminate flush(es), 0 completion(s), 0 continuation(s) 
[98.544s][info][gc,marking  ] GC(163) Mark Stack Usage: 32M
[98.544s][info][gc,nmethod  ] GC(163) NMethods: 5162 registered, 235 unregistered
[98.544s][info][gc,metaspace] GC(163) Metaspace: 72M used, 72M committed, 1088M reserved
[98.544s][info][gc,ref      ] GC(163) Soft: 3829 encountered, 0 discovered, 0 enqueued
[98.544s][info][gc,ref      ] GC(163) Weak: 11034 encountered, 1232 discovered, 0 enqueued
[98.544s][info][gc,ref      ] GC(163) Final: 289 encountered, 16 discovered, 0 enqueued
[98.544s][info][gc,ref      ] GC(163) Phantom: 422 encountered, 176 discovered, 0 enqueued
[98.544s][info][gc,reloc    ] GC(163) Small Pages: 793 / 1586M, Empty: 972M, Relocated: 8M, In-Place: 0
[98.544s][info][gc,reloc    ] GC(163) Medium Pages: 0 / 0M, Empty: 0M, Relocated: 0M, In-Place: 0
[98.544s][info][gc,reloc    ] GC(163) Large Pages: 0 / 0M, Empty: 0M, Relocated: 0M, In-Place: 0
[98.544s][info][gc,reloc    ] GC(163) Forwarding Usage: 3M
[98.544s][info][gc,heap     ] GC(163) Min Capacity: 8M(0%)
[98.544s][info][gc,heap     ] GC(163) Max Capacity: 4096M(100%)
[98.544s][info][gc,heap     ] GC(163) Soft Max Capacity: 4096M(100%)
[98.544s][info][gc,heap     ] GC(163)                Mark Start          Mark End        Relocate Start      Relocate End           High               Low         
[98.544s][info][gc,heap     ] GC(163)  Capacity:     3880M (95%)        3880M (95%)        3880M (95%)        3880M (95%)        3880M (95%)        3880M (95%)    
[98.544s][info][gc,heap     ] GC(163)      Free:     2510M (61%)        2104M (51%)        2982M (73%)        3476M (85%)        3496M (85%)        2068M (50%)    
[98.544s][info][gc,heap     ] GC(163)      Used:     1586M (39%)        1992M (49%)        1114M (27%)         620M (15%)        2028M (50%)         600M (15%)    
[98.544s][info][gc,heap     ] GC(163)      Live:         -                53M (1%)           53M (1%)           53M (1%)             -                  -          
[98.544s][info][gc,heap     ] GC(163) Allocated:         -               406M (10%)         500M (12%)         551M (13%)            -                  -          
[98.544s][info][gc,heap     ] GC(163)   Garbage:         -              1532M (37%)         560M (14%)          14M (0%)             -                  -          
[98.544s][info][gc,heap     ] GC(163) Reclaimed:         -                  -               972M (24%)        1517M (37%)            -                  -          
[98.544s][info][gc          ] GC(163) Garbage Collection (Allocation Rate) 1586M(39%)->620M(15%)
[98.835s][info][gc,start    ] GC(164) Garbage Collection (Allocation Rate)
[98.835s][info][gc,task     ] GC(164) Using 2 workers
[98.836s][info][gc,phases   ] GC(164) Pause Mark Start 0.010ms
[98.929s][info][gc,phases   ] GC(164) Concurrent Mark 93.259ms
[98.929s][info][gc,phases   ] GC(164) Pause Mark End 0.032ms
[98.930s][info][gc,phases   ] GC(164) Concurrent Mark Free 0.001ms
[98.941s][info][gc,phases   ] GC(164) Concurrent Process Non-Strong References 11.297ms
[98.941s][info][gc,phases   ] GC(164) Concurrent Reset Relocation Set 0.065ms
[98.948s][info][gc,phases   ] GC(164) Concurrent Select Relocation Set 6.471ms
[98.948s][info][gc,phases   ] GC(164) Pause Relocate Start 0.009ms
[98.957s][info][gc,phases   ] GC(164) Concurrent Relocate 8.675ms
[98.957s][info][gc,load     ] GC(164) Load: 0.00/0.00/0.00
[98.957s][info][gc,mmu      ] GC(164) MMU: 2ms/97.9%, 5ms/99.2%, 10ms/99.6%, 20ms/99.8%, 50ms/99.9%, 100ms/99.9%
[98.957s][info][gc,marking  ] GC(164) Mark: 2 stripe(s), 2 proactive flush(es), 1 terminate flush(es), 0 completion(s), 0 continuation(s) 
[98.957s][info][gc,marking  ] GC(164) Mark Stack Usage: 32M
[98.957s][info][gc,nmethod  ] GC(164) NMethods: 5162 registered, 235 unregistered
[98.957s][info][gc,metaspace] GC(164) Metaspace: 72M used, 72M committed, 1088M reserved
[98.957s][info][gc,ref      ] GC(164) Soft: 3829 encountered, 0 discovered, 0 enqueued
[98.957s][info][gc,ref      ] GC(164) Weak: 11034 encountered, 1831 discovered, 0 enqueued
[98.957s][info][gc,ref      ] GC(164) Final: 289 encountered, 26 discovered, 0 enqueued
[98.957s][info][gc,ref      ] GC(164) Phantom: 422 encountered, 198 discovered, 0 enqueued
[98.957s][info][gc,reloc    ] GC(164) Small Pages: 1052 / 2104M, Empty: 1534M, Relocated: 4M, In-Place: 0
[98.957s][info][gc,reloc    ] GC(164) Medium Pages: 0 / 0M, Empty: 0M, Relocated: 0M, In-Place: 0
[98.957s][info][gc,reloc    ] GC(164) Large Pages: 0 / 0M, Empty: 0M, Relocated: 0M, In-Place: 0
[98.957s][info][gc,reloc    ] GC(164) Forwarding Usage: 1M
[98.957s][info][gc,heap     ] GC(164) Min Capacity: 8M(0%)
[98.957s][info][gc,heap     ] GC(164) Max Capacity: 4096M(100%)
[98.957s][info][gc,heap     ] GC(164) Soft Max Capacity: 4096M(100%)
[98.957s][info][gc,heap     ] GC(164)                Mark Start          Mark End        Relocate Start      Relocate End           High               Low         
[98.957s][info][gc,heap     ] GC(164)  Capacity:     3880M (95%)        3880M (95%)        3880M (95%)        3880M (95%)        3880M (95%)        3880M (95%)    
[98.957s][info][gc,heap     ] GC(164)      Free:     1992M (49%)        1482M (36%)        2932M (72%)        3404M (83%)        3404M (83%)        1424M (35%)    
[98.957s][info][gc,heap     ] GC(164)      Used:     2104M (51%)        2614M (64%)        1164M (28%)         692M (17%)        2672M (65%)         692M (17%)    
[98.957s][info][gc,heap     ] GC(164)      Live:         -                53M (1%)           53M (1%)           53M (1%)             -                  -          
[98.957s][info][gc,heap     ] GC(164) Allocated:         -               510M (12%)         594M (15%)         625M (15%)            -                  -          
[98.957s][info][gc,heap     ] GC(164)   Garbage:         -              2050M (50%)         516M (13%)          12M (0%)             -                  -          
[98.957s][info][gc,heap     ] GC(164) Reclaimed:         -                  -              1534M (37%)        2037M (50%)            -                  -          
[98.957s][info][gc          ] GC(164) Garbage Collection (Allocation Rate) 2104M(51%)->692M(17%)
[99.335s][info][gc,start    ] GC(165) Garbage Collection (Allocation Rate)
[99.336s][info][gc,task     ] GC(165) Using 2 workers
[99.336s][info][gc,phases   ] GC(165) Pause Mark Start 0.011ms
[99.422s][info][gc,phases   ] GC(165) Concurrent Mark 86.191ms
[99.423s][info][gc,phases   ] GC(165) Pause Mark End 0.024ms
[99.424s][info][gc,phases   ] GC(165) Concurrent Mark Free 0.001ms
[99.435s][info][gc,phases   ] GC(165) Concurrent Process Non-Strong References 11.179ms
[99.435s][info][gc,phases   ] GC(165) Concurrent Reset Relocation Set 0.063ms
[99.444s][info][gc,phases   ] GC(165) Concurrent Select Relocation Set 9.179ms
[99.445s][info][gc,phases   ] GC(165) Pause Relocate Start 0.009ms
[99.467s][info][gc,phases   ] GC(165) Concurrent Relocate 21.748ms
[99.467s][info][gc,load     ] GC(165) Load: 0.00/0.00/0.00
[99.467s][info][gc,mmu      ] GC(165) MMU: 2ms/97.9%, 5ms/99.2%, 10ms/99.6%, 20ms/99.8%, 50ms/99.9%, 100ms/99.9%
[99.467s][info][gc,marking  ] GC(165) Mark: 2 stripe(s), 3 proactive flush(es), 1 terminate flush(es), 0 completion(s), 0 continuation(s) 
[99.467s][info][gc,marking  ] GC(165) Mark Stack Usage: 32M
[99.467s][info][gc,nmethod  ] GC(165) NMethods: 5162 registered, 235 unregistered
[99.467s][info][gc,metaspace] GC(165) Metaspace: 72M used, 72M committed, 1088M reserved
[99.467s][info][gc,ref      ] GC(165) Soft: 3829 encountered, 0 discovered, 0 enqueued
[99.467s][info][gc,ref      ] GC(165) Weak: 11034 encountered, 1489 discovered, 0 enqueued
[99.467s][info][gc,ref      ] GC(165) Final: 289 encountered, 17 discovered, 0 enqueued
[99.467s][info][gc,ref      ] GC(165) Phantom: 422 encountered, 197 discovered, 0 enqueued
[99.467s][info][gc,reloc    ] GC(165) Small Pages: 1319 / 2638M, Empty: 2034M, Relocated: 8M, In-Place: 0
[99.467s][info][gc,reloc    ] GC(165) Medium Pages: 0 / 0M, Empty: 0M, Relocated: 0M, In-Place: 0
[99.467s][info][gc,reloc    ] GC(165) Large Pages: 0 / 0M, Empty: 0M, Relocated: 0M, In-Place: 0
[99.467s][info][gc,reloc    ] GC(165) Forwarding Usage: 3M
[99.467s][info][gc,heap     ] GC(165) Min Capacity: 8M(0%)
[99.467s][info][gc,heap     ] GC(165) Max Capacity: 4096M(100%)
[99.467s][info][gc,heap     ] GC(165) Soft Max Capacity: 4096M(100%)
[99.467s][info][gc,heap     ] GC(165)                Mark Start          Mark End        Relocate Start      Relocate End           High               Low         
[99.467s][info][gc,heap     ] GC(165)  Capacity:     3880M (95%)        3880M (95%)        3880M (95%)        3880M (95%)        3880M (95%)        3880M (95%)    
[99.467s][info][gc,heap     ] GC(165)      Free:     1458M (36%)         992M (24%)        2922M (71%)        3358M (82%)        3422M (84%)         932M (23%)    
[99.467s][info][gc,heap     ] GC(165)      Used:     2638M (64%)        3104M (76%)        1174M (29%)         738M (18%)        3164M (77%)         674M (16%)    
[99.467s][info][gc,heap     ] GC(165)      Live:         -                53M (1%)           53M (1%)           53M (1%)             -                  -          
[99.467s][info][gc,heap     ] GC(165) Allocated:         -               466M (11%)         570M (14%)         673M (16%)            -                  -          
[99.467s][info][gc,heap     ] GC(165)   Garbage:         -              2584M (63%)         550M (13%)          10M (0%)             -                  -          
[99.467s][info][gc,heap     ] GC(165) Reclaimed:         -                  -              2034M (50%)        2573M (63%)            -                  -          
[99.467s][info][gc          ] GC(165) Garbage Collection (Allocation Rate) 2638M(64%)->738M(18%)
[99.836s][info][gc,start    ] GC(166) Garbage Collection (Allocation Rate)
[99.836s][info][gc,task     ] GC(166) Using 2 workers
[99.836s][info][gc,phases   ] GC(166) Pause Mark Start 0.009ms
[99.923s][info][gc,phases   ] GC(166) Concurrent Mark 86.177ms
[99.923s][info][gc,phases   ] GC(166) Pause Mark End 0.028ms
[99.923s][info][gc,phases   ] GC(166) Concurrent Mark Free 0.002ms
[99.934s][info][gc,phases   ] GC(166) Concurrent Process Non-Strong References 11.031ms
[99.934s][info][gc,phases   ] GC(166) Concurrent Reset Relocation Set 0.070ms
[99.945s][info][gc,phases   ] GC(166) Concurrent Select Relocation Set 10.729ms
[99.945s][info][gc,phases   ] GC(166) Pause Relocate Start 0.008ms
[99.964s][info][gc,phases   ] GC(166) Concurrent Relocate 17.803ms
[99.964s][info][gc,load     ] GC(166) Load: 0.00/0.00/0.00
[99.964s][info][gc,mmu      ] GC(166) MMU: 2ms/97.9%, 5ms/99.2%, 10ms/99.6%, 20ms/99.8%, 50ms/99.9%, 100ms/99.9%
[99.964s][info][gc,marking  ] GC(166) Mark: 2 stripe(s), 2 proactive flush(es), 1 terminate flush(es), 0 completion(s), 0 continuation(s) 
[99.964s][info][gc,marking  ] GC(166) Mark Stack Usage: 32M
[99.964s][info][gc,nmethod  ] GC(166) NMethods: 5162 registered, 236 unregistered
[99.964s][info][gc,metaspace] GC(166) Metaspace: 72M used, 72M committed, 1088M reserved
[99.964s][info][gc,ref      ] GC(166) Soft: 3829 encountered, 0 discovered, 0 enqueued
[99.964s][info][gc,ref      ] GC(166) Weak: 10987 encountered, 1481 discovered, 129 enqueued
[99.964s][info][gc,ref      ] GC(166) Final: 289 encountered, 9 discovered, 0 enqueued
[99.964s][info][gc,ref      ] GC(166) Phantom: 422 encountered, 166 discovered, 0 enqueued
[99.964s][info][gc,reloc    ] GC(166) Small Pages: 1302 / 2604M, Empty: 1884M, Relocated: 8M, In-Place: 0
[99.964s][info][gc,reloc    ] GC(166) Medium Pages: 0 / 0M, Empty: 0M, Relocated: 0M, In-Place: 0
[99.964s][info][gc,reloc    ] GC(166) Large Pages: 0 / 0M, Empty: 0M, Relocated: 0M, In-Place: 0
[99.964s][info][gc,reloc    ] GC(166) Forwarding Usage: 3M
[99.964s][info][gc,heap     ] GC(166) Min Capacity: 8M(0%)
[99.964s][info][gc,heap     ] GC(166) Max Capacity: 4096M(100%)
[99.964s][info][gc,heap     ] GC(166) Soft Max Capacity: 4096M(100%)
[99.964s][info][gc,heap     ] GC(166)                Mark Start          Mark End        Relocate Start      Relocate End           High               Low         
[99.964s][info][gc,heap     ] GC(166)  Capacity:     3880M (95%)        3880M (95%)        3880M (95%)        3880M (95%)        3880M (95%)        3880M (95%)    
[99.964s][info][gc,heap     ] GC(166)      Free:     1492M (36%)        1022M (25%)        2796M (68%)        3384M (83%)        3418M (83%)         972M (24%)    
[99.964s][info][gc,heap     ] GC(166)      Used:     2604M (64%)        3074M (75%)        1300M (32%)         712M (17%)        3124M (76%)         678M (17%)    
[99.964s][info][gc,heap     ] GC(166)      Live:         -                52M (1%)           52M (1%)           52M (1%)             -                  -          
[99.964s][info][gc,heap     ] GC(166) Allocated:         -               470M (11%)         580M (14%)         649M (16%)            -                  -          
[99.964s][info][gc,heap     ] GC(166)   Garbage:         -              2551M (62%)         667M (16%)          10M (0%)             -                  -          
[99.964s][info][gc,heap     ] GC(166) Reclaimed:         -                  -              1884M (46%)        2541M (62%)            -                  -          
[99.964s][info][gc          ] GC(166) Garbage Collection (Allocation Rate) 2604M(64%)->712M(17%)
[100.136s][info][gc,stats    ] === Garbage Collection Statistics =======================================================================================================================
[100.136s][info][gc,stats    ]                                                              Last 10s              Last 10m              Last 10h                Total
[100.136s][info][gc,stats    ]                                                              Avg / Max             Avg / Max             Avg / Max             Avg / Max
[100.136s][info][gc,stats    ]   Collector: Garbage Collection Cycle                    101.680 / 158.305     112.447 / 551.271     112.447 / 551.271     112.447 / 551.271     ms
[100.136s][info][gc,stats    ]  Contention: Mark Segment Reset Contention                     5 / 15                4 / 36                4 / 36                4 / 36          ops/s
[100.136s][info][gc,stats    ]  Contention: Mark SeqNum Reset Contention                      1 / 7                 1 / 7                 1 / 7                 1 / 7           ops/s
[100.137s][info][gc,stats    ]    Critical: Allocation Stall                                  0 / 0                 0 / 0                 0 / 0                 0 / 0           ops/s
[100.137s][info][gc,stats    ]    Critical: Allocation Stall                              0.000 / 0.000         0.000 / 0.000         0.000 / 0.000         0.000 / 0.000       ms
[100.137s][info][gc,stats    ]    Critical: GC Locker Stall                                   0 / 0                 0 / 0                 0 / 0                 0 / 0           ops/s
[100.137s][info][gc,stats    ]    Critical: GC Locker Stall                               0.000 / 0.000         0.000 / 0.000         0.000 / 0.000         0.000 / 0.000       ms
[100.137s][info][gc,stats    ]    Critical: Relocation Stall                                  0 / 0                 0 / 0                 0 / 0                 0 / 0           ops/s
[100.137s][info][gc,stats    ]    Critical: Relocation Stall                              0.000 / 0.000         0.000 / 0.000         0.000 / 0.000         0.000 / 0.000       ms
[100.137s][info][gc,stats    ]      Memory: Allocation Rate                                4481 / 5164           3774 / 5206           3774 / 5206           3774 / 5206        MB/s
[100.137s][info][gc,stats    ]      Memory: Defragment                                        0 / 0                 0 / 0                 0 / 0                 0 / 0           ops/s
[100.137s][info][gc,stats    ]      Memory: Out Of Memory                                     0 / 0                 0 / 0                 0 / 0                 0 / 0           ops/s
[100.137s][info][gc,stats    ]      Memory: Page Cache Flush                                  0 / 0                 0 / 0                 0 / 0                 0 / 0           MB/s
[100.137s][info][gc,stats    ]      Memory: Page Cache Hit L1                              2250 / 2594           1877 / 2620           1877 / 2620           1877 / 2620        ops/s
[100.137s][info][gc,stats    ]      Memory: Page Cache Hit L2                                 0 / 0                 0 / 0                 0 / 0                 0 / 0           ops/s
[100.137s][info][gc,stats    ]      Memory: Page Cache Hit L3                                 0 / 0                10 / 317              10 / 317              10 / 317         ops/s
[100.137s][info][gc,stats    ]      Memory: Page Cache Miss                                   0 / 0                 9 / 308               9 / 308               9 / 308         ops/s
[100.137s][info][gc,stats    ]      Memory: Uncommit                                          0 / 0                 0 / 0                 0 / 0                 0 / 0           MB/s
[100.137s][info][gc,stats    ]      Memory: Undo Object Allocation Failed                     0 / 1                 0 / 6                 0 / 6                 0 / 6           ops/s
[100.137s][info][gc,stats    ]      Memory: Undo Object Allocation Succeeded                329 / 539             247 / 816             247 / 816             247 / 816         ops/s
[100.137s][info][gc,stats    ]      Memory: Undo Page Allocation                              2 / 7                 8 / 227               8 / 227               8 / 227         ops/s
[100.137s][info][gc,stats    ]       Phase: Concurrent Mark                              70.871 / 106.348      70.120 / 422.516      70.120 / 422.516      70.120 / 422.516     ms
[100.137s][info][gc,stats    ]       Phase: Concurrent Mark Continue                      0.000 / 0.000         0.000 / 0.000         0.000 / 0.000         0.000 / 0.000       ms
[100.137s][info][gc,stats    ]       Phase: Concurrent Mark Free                          0.001 / 0.002         0.001 / 0.004         0.001 / 0.004         0.001 / 0.004       ms
[100.137s][info][gc,stats    ]       Phase: Concurrent Process Non-Strong References      8.137 / 12.320       16.260 / 434.483      16.260 / 434.483      16.260 / 434.483     ms
[100.137s][info][gc,stats    ]       Phase: Concurrent Relocate                          11.411 / 21.748       10.699 / 27.336       10.699 / 27.336       10.699 / 27.336      ms
[100.137s][info][gc,stats    ]       Phase: Concurrent Reset Relocation Set               0.065 / 0.101         0.062 / 0.138         0.062 / 0.138         0.062 / 0.138       ms
[100.137s][info][gc,stats    ]       Phase: Concurrent Select Relocation Set              8.031 / 12.232        7.715 / 43.053        7.715 / 43.053        7.715 / 43.053      ms
[100.137s][info][gc,stats    ]       Phase: Pause Mark End                                0.027 / 0.033         0.025 / 0.042         0.025 / 0.042         0.025 / 0.042       ms
[100.137s][info][gc,stats    ]       Phase: Pause Mark Start                              0.011 / 0.015         0.011 / 0.021         0.011 / 0.021         0.011 / 0.021       ms
[100.137s][info][gc,stats    ]       Phase: Pause Relocate Start                          0.008 / 0.010         0.008 / 0.011         0.008 / 0.011         0.008 / 0.011       ms
[100.137s][info][gc,stats    ]    Subphase: Concurrent Classes Purge                      0.068 / 0.837         0.431 / 18.627        0.431 / 18.627        0.431 / 18.627      ms
[100.137s][info][gc,stats    ]    Subphase: Concurrent Classes Unlink                     6.208 / 9.787        12.386 / 432.052      12.386 / 432.052      12.386 / 432.052     ms
[100.137s][info][gc,stats    ]    Subphase: Concurrent Mark                              41.313 / 101.006      40.175 / 409.811      40.175 / 409.811      40.175 / 409.811     ms
[100.137s][info][gc,stats    ]    Subphase: Concurrent Mark Try Flush                     0.646 / 4.600         1.712 / 307.885       1.712 / 307.885       1.712 / 307.885     ms
[100.137s][info][gc,stats    ]    Subphase: Concurrent Mark Try Terminate                 1.409 / 16.183        1.656 / 44.933        1.656 / 44.933        1.656 / 44.933      ms
[100.137s][info][gc,stats    ]    Subphase: Concurrent References Enqueue                 0.002 / 0.009         0.002 / 0.011         0.002 / 0.011         0.002 / 0.011       ms
[100.137s][info][gc,stats    ]    Subphase: Concurrent References Process                 0.264 / 0.497         0.315 / 2.321         0.315 / 2.321         0.315 / 2.321       ms
[100.137s][info][gc,stats    ]    Subphase: Concurrent Roots ClassLoaderDataGraph         0.100 / 0.475         0.112 / 2.952         0.112 / 2.952         0.112 / 2.952       ms
[100.137s][info][gc,stats    ]    Subphase: Concurrent Roots CodeCache                    0.000 / 0.000         0.000 / 0.000         0.000 / 0.000         0.000 / 0.000       ms
[100.137s][info][gc,stats    ]    Subphase: Concurrent Roots JavaThreads                  4.458 / 8.459         5.739 / 24.476        5.739 / 24.476        5.739 / 24.476      ms
[100.137s][info][gc,stats    ]    Subphase: Concurrent Roots OopStorageSet                0.052 / 0.133         0.094 / 2.435         0.094 / 2.435         0.094 / 2.435       ms
[100.137s][info][gc,stats    ]    Subphase: Concurrent Weak Roots OopStorageSet           0.673 / 1.882         0.645 / 2.598         0.645 / 2.598         0.645 / 2.598       ms
[100.137s][info][gc,stats    ]    Subphase: Pause Mark Try Complete                       0.000 / 0.000         0.001 / 0.002         0.001 / 0.002         0.001 / 0.002       ms
[100.137s][info][gc,stats    ]      System: Java Threads                                    212 / 224             191 / 224             191 / 224             191 / 224         threads
[100.137s][info][gc,stats    ] =========================================================================================================================================================
[100.436s][info][gc,start    ] GC(167) Garbage Collection (Allocation Rate)
[100.436s][info][gc,task     ] GC(167) Using 2 workers
[100.436s][info][gc,phases   ] GC(167) Pause Mark Start 0.013ms
[100.544s][info][gc,phases   ] GC(167) Concurrent Mark 107.316ms
[100.544s][info][gc,phases   ] GC(167) Pause Mark End 0.030ms
[100.546s][info][gc,phases   ] GC(167) Concurrent Mark Free 0.001ms
[100.557s][info][gc,phases   ] GC(167) Concurrent Process Non-Strong References 11.144ms
[100.558s][info][gc,phases   ] GC(167) Concurrent Reset Relocation Set 0.102ms
[100.565s][info][gc,phases   ] GC(167) Concurrent Select Relocation Set 7.538ms
[100.565s][info][gc,phases   ] GC(167) Pause Relocate Start 0.008ms
[100.584s][info][gc,phases   ] GC(167) Concurrent Relocate 18.578ms
[100.584s][info][gc,load     ] GC(167) Load: 0.00/0.00/0.00
[100.584s][info][gc,mmu      ] GC(167) MMU: 2ms/97.9%, 5ms/99.2%, 10ms/99.6%, 20ms/99.8%, 50ms/99.9%, 100ms/99.9%
[100.584s][info][gc,marking  ] GC(167) Mark: 2 stripe(s), 2 proactive flush(es), 1 terminate flush(es), 0 completion(s), 0 continuation(s) 
[100.584s][info][gc,marking  ] GC(167) Mark Stack Usage: 32M
[100.585s][info][gc,nmethod  ] GC(167) NMethods: 5162 registered, 236 unregistered
[100.585s][info][gc,metaspace] GC(167) Metaspace: 72M used, 72M committed, 1088M reserved
[100.585s][info][gc,ref      ] GC(167) Soft: 3829 encountered, 0 discovered, 0 enqueued
[100.585s][info][gc,ref      ] GC(167) Weak: 10858 encountered, 1170 discovered, 0 enqueued
[100.585s][info][gc,ref      ] GC(167) Final: 289 encountered, 32 discovered, 0 enqueued
[100.585s][info][gc,ref      ] GC(167) Phantom: 422 encountered, 189 discovered, 0 enqueued
[100.585s][info][gc,reloc    ] GC(167) Small Pages: 1568 / 3136M, Empty: 2430M, Relocated: 8M, In-Place: 0
[100.585s][info][gc,reloc    ] GC(167) Medium Pages: 0 / 0M, Empty: 0M, Relocated: 0M, In-Place: 0
[100.585s][info][gc,reloc    ] GC(167) Large Pages: 0 / 0M, Empty: 0M, Relocated: 0M, In-Place: 0
[100.585s][info][gc,reloc    ] GC(167) Forwarding Usage: 3M
[100.585s][info][gc,heap     ] GC(167) Min Capacity: 8M(0%)
[100.585s][info][gc,heap     ] GC(167) Max Capacity: 4096M(100%)
[100.585s][info][gc,heap     ] GC(167) Soft Max Capacity: 4096M(100%)
[100.585s][info][gc,heap     ] GC(167)                Mark Start          Mark End        Relocate Start      Relocate End           High               Low         
[100.585s][info][gc,heap     ] GC(167)  Capacity:     3880M (95%)        3880M (95%)        3880M (95%)        3880M (95%)        3880M (95%)        3880M (95%)    
[100.585s][info][gc,heap     ] GC(167)      Free:      960M (23%)         392M (10%)        2714M (66%)        3270M (80%)        3316M (81%)         322M (8%)     
[100.585s][info][gc,heap     ] GC(167)      Used:     3136M (77%)        3704M (90%)        1382M (34%)         826M (20%)        3774M (92%)         780M (19%)    
[100.585s][info][gc,heap     ] GC(167)      Live:         -                51M (1%)           51M (1%)           51M (1%)             -                  -          
[100.585s][info][gc,heap     ] GC(167) Allocated:         -               568M (14%)         676M (17%)         763M (19%)            -                  -          
[100.585s][info][gc,heap     ] GC(167)   Garbage:         -              3084M (75%)         654M (16%)          10M (0%)             -                  -          
[100.585s][info][gc,heap     ] GC(167) Reclaimed:         -                  -              2430M (59%)        3073M (75%)            -                  -          
[100.585s][info][gc          ] GC(167) Garbage Collection (Allocation Rate) 3136M(77%)->826M(20%)
[101.036s][info][gc,start    ] GC(168) Garbage Collection (Allocation Rate)
[101.036s][info][gc,task     ] GC(168) Using 2 workers
[101.036s][info][gc,phases   ] GC(168) Pause Mark Start 0.010ms
[101.143s][info][gc,phases   ] GC(168) Concurrent Mark 106.172ms
[101.143s][info][gc,phases   ] GC(168) Pause Mark End 0.025ms
[101.143s][info][gc,phases   ] GC(168) Concurrent Mark Free 0.001ms
[101.155s][info][gc,phases   ] GC(168) Concurrent Process Non-Strong References 11.380ms
[101.155s][info][gc,phases   ] GC(168) Concurrent Reset Relocation Set 0.078ms
[101.163s][info][gc,phases   ] GC(168) Concurrent Select Relocation Set 7.837ms
[101.163s][info][gc,phases   ] GC(168) Pause Relocate Start 0.009ms
[101.181s][info][gc,phases   ] GC(168) Concurrent Relocate 17.710ms
[101.181s][info][gc,load     ] GC(168) Load: 0.00/0.00/0.00
[101.181s][info][gc,mmu      ] GC(168) MMU: 2ms/97.9%, 5ms/99.2%, 10ms/99.6%, 20ms/99.8%, 50ms/99.9%, 100ms/99.9%
[101.181s][info][gc,marking  ] GC(168) Mark: 2 stripe(s), 2 proactive flush(es), 1 terminate flush(es), 0 completion(s), 0 continuation(s) 
[101.181s][info][gc,marking  ] GC(168) Mark Stack Usage: 32M
[101.181s][info][gc,nmethod  ] GC(168) NMethods: 5162 registered, 236 unregistered
[101.181s][info][gc,metaspace] GC(168) Metaspace: 72M used, 72M committed, 1088M reserved
[101.181s][info][gc,ref      ] GC(168) Soft: 3829 encountered, 0 discovered, 0 enqueued
[101.181s][info][gc,ref      ] GC(168) Weak: 10858 encountered, 1464 discovered, 0 enqueued
[101.181s][info][gc,ref      ] GC(168) Final: 289 encountered, 30 discovered, 0 enqueued
[101.181s][info][gc,ref      ] GC(168) Phantom: 422 encountered, 214 discovered, 0 enqueued
[101.181s][info][gc,reloc    ] GC(168) Small Pages: 1549 / 3098M, Empty: 2498M, Relocated: 8M, In-Place: 0
[101.181s][info][gc,reloc    ] GC(168) Medium Pages: 0 / 0M, Empty: 0M, Relocated: 0M, In-Place: 0
[101.181s][info][gc,reloc    ] GC(168) Large Pages: 0 / 0M, Empty: 0M, Relocated: 0M, In-Place: 0
[101.181s][info][gc,reloc    ] GC(168) Forwarding Usage: 3M
[101.181s][info][gc,heap     ] GC(168) Min Capacity: 8M(0%)
[101.181s][info][gc,heap     ] GC(168) Max Capacity: 4096M(100%)
[101.181s][info][gc,heap     ] GC(168) Soft Max Capacity: 4096M(100%)
[101.181s][info][gc,heap     ] GC(168)                Mark Start          Mark End        Relocate Start      Relocate End           High               Low         
[101.181s][info][gc,heap     ] GC(168)  Capacity:     3880M (95%)        3880M (95%)        3880M (95%)        3880M (95%)        3880M (95%)        3880M (95%)    
[101.182s][info][gc,heap     ] GC(168)      Free:      998M (24%)         432M (11%)        2826M (69%)        3294M (80%)        3334M (81%)         372M (9%)     
[101.182s][info][gc,heap     ] GC(168)      Used:     3098M (76%)        3664M (89%)        1270M (31%)         802M (20%)        3724M (91%)         762M (19%)    
[101.182s][info][gc,heap     ] GC(168)      Live:         -                51M (1%)           51M (1%)           51M (1%)             -                  -          
[101.182s][info][gc,heap     ] GC(168) Allocated:         -               566M (14%)         670M (16%)         739M (18%)            -                  -          
[101.182s][info][gc,heap     ] GC(168)   Garbage:         -              3046M (74%)         548M (13%)          10M (0%)             -                  -          
[101.182s][info][gc,heap     ] GC(168) Reclaimed:         -                  -              2498M (61%)        3035M (74%)            -                  -          
[101.182s][info][gc          ] GC(168) Garbage Collection (Allocation Rate) 3098M(76%)->802M(20%)
[101.636s][info][gc,start    ] GC(169) Garbage Collection (Allocation Rate)
[101.636s][info][gc,task     ] GC(169) Using 2 workers
[101.636s][info][gc,phases   ] GC(169) Pause Mark Start 0.011ms
[101.727s][info][gc,phases   ] GC(169) Concurrent Mark 90.078ms
[101.727s][info][gc,phases   ] GC(169) Pause Mark End 0.026ms
[101.728s][info][gc,phases   ] GC(169) Concurrent Mark Free 0.002ms
[101.739s][info][gc,phases   ] GC(169) Concurrent Process Non-Strong References 11.160ms
[101.739s][info][gc,phases   ] GC(169) Concurrent Reset Relocation Set 0.063ms
[101.750s][info][gc,phases   ] GC(169) Concurrent Select Relocation Set 10.951ms
[101.751s][info][gc,phases   ] GC(169) Pause Relocate Start 0.008ms
[101.769s][info][gc,phases   ] GC(169) Concurrent Relocate 17.540ms
[101.769s][info][gc,load     ] GC(169) Load: 0.00/0.00/0.00
[101.769s][info][gc,mmu      ] GC(169) MMU: 2ms/97.9%, 5ms/99.2%, 10ms/99.6%, 20ms/99.8%, 50ms/99.9%, 100ms/99.9%
[101.769s][info][gc,marking  ] GC(169) Mark: 2 stripe(s), 2 proactive flush(es), 1 terminate flush(es), 0 completion(s), 0 continuation(s) 
[101.769s][info][gc,marking  ] GC(169) Mark Stack Usage: 32M
[101.769s][info][gc,nmethod  ] GC(169) NMethods: 5162 registered, 236 unregistered
[101.769s][info][gc,metaspace] GC(169) Metaspace: 72M used, 72M committed, 1088M reserved
[101.769s][info][gc,ref      ] GC(169) Soft: 3829 encountered, 0 discovered, 0 enqueued
[101.769s][info][gc,ref      ] GC(169) Weak: 10858 encountered, 1230 discovered, 0 enqueued
[101.769s][info][gc,ref      ] GC(169) Final: 289 encountered, 22 discovered, 0 enqueued
[101.769s][info][gc,ref      ] GC(169) Phantom: 422 encountered, 216 discovered, 0 enqueued
[101.769s][info][gc,reloc    ] GC(169) Small Pages: 1556 / 3112M, Empty: 2378M, Relocated: 8M, In-Place: 0
[101.769s][info][gc,reloc    ] GC(169) Medium Pages: 0 / 0M, Empty: 0M, Relocated: 0M, In-Place: 0
[101.769s][info][gc,reloc    ] GC(169) Large Pages: 0 / 0M, Empty: 0M, Relocated: 0M, In-Place: 0
[101.769s][info][gc,reloc    ] GC(169) Forwarding Usage: 3M
[101.769s][info][gc,heap     ] GC(169) Min Capacity: 8M(0%)
[101.769s][info][gc,heap     ] GC(169) Max Capacity: 4096M(100%)
[101.769s][info][gc,heap     ] GC(169) Soft Max Capacity: 4096M(100%)
[101.769s][info][gc,heap     ] GC(169)                Mark Start          Mark End        Relocate Start      Relocate End           High               Low         
[101.769s][info][gc,heap     ] GC(169)  Capacity:     3880M (95%)        3880M (95%)        3880M (95%)        3880M (95%)        3880M (95%)        3880M (95%)    
[101.769s][info][gc,heap     ] GC(169)      Free:      984M (24%)         502M (12%)        2754M (67%)        3352M (82%)        3392M (83%)         440M (11%)    
[101.769s][info][gc,heap     ] GC(169)      Used:     3112M (76%)        3594M (88%)        1342M (33%)         744M (18%)        3656M (89%)         704M (17%)    
[101.769s][info][gc,heap     ] GC(169)      Live:         -                52M (1%)           52M (1%)           52M (1%)             -                  -          
[101.769s][info][gc,heap     ] GC(169) Allocated:         -               482M (12%)         608M (15%)         681M (17%)            -                  -          
[101.769s][info][gc,heap     ] GC(169)   Garbage:         -              3059M (75%)         681M (17%)          10M (0%)             -                  -          
[101.769s][info][gc,heap     ] GC(169) Reclaimed:         -                  -              2378M (58%)        3049M (74%)            -                  -          
[101.769s][info][gc          ] GC(169) Garbage Collection (Allocation Rate) 3112M(76%)->744M(18%)
[102.236s][info][gc,start    ] GC(170) Garbage Collection (Allocation Rate)
[102.236s][info][gc,task     ] GC(170) Using 2 workers
[102.236s][info][gc,phases   ] GC(170) Pause Mark Start 0.011ms
[102.332s][info][gc,phases   ] GC(170) Concurrent Mark 95.328ms
[102.332s][info][gc,phases   ] GC(170) Pause Mark End 0.022ms
[102.332s][info][gc,phases   ] GC(170) Concurrent Mark Free 0.001ms
[102.343s][info][gc,phases   ] GC(170) Concurrent Process Non-Strong References 11.263ms
[102.343s][info][gc,phases   ] GC(170) Concurrent Reset Relocation Set 0.074ms
[102.350s][info][gc,phases   ] GC(170) Concurrent Select Relocation Set 6.077ms
[102.350s][info][gc,phases   ] GC(170) Pause Relocate Start 0.009ms
[102.363s][info][gc,phases   ] GC(170) Concurrent Relocate 13.341ms
[102.363s][info][gc,load     ] GC(170) Load: 0.00/0.00/0.00
[102.363s][info][gc,mmu      ] GC(170) MMU: 2ms/97.9%, 5ms/99.2%, 10ms/99.6%, 20ms/99.8%, 50ms/99.9%, 100ms/99.9%
[102.363s][info][gc,marking  ] GC(170) Mark: 2 stripe(s), 2 proactive flush(es), 1 terminate flush(es), 0 completion(s), 0 continuation(s) 
[102.364s][info][gc,marking  ] GC(170) Mark Stack Usage: 32M
[102.364s][info][gc,nmethod  ] GC(170) NMethods: 5163 registered, 239 unregistered
[102.364s][info][gc,metaspace] GC(170) Metaspace: 72M used, 72M committed, 1088M reserved
[102.364s][info][gc,ref      ] GC(170) Soft: 3829 encountered, 0 discovered, 0 enqueued
[102.364s][info][gc,ref      ] GC(170) Weak: 10613 encountered, 1289 discovered, 85 enqueued
[102.364s][info][gc,ref      ] GC(170) Final: 289 encountered, 20 discovered, 0 enqueued
[102.364s][info][gc,ref      ] GC(170) Phantom: 422 encountered, 210 discovered, 0 enqueued
[102.364s][info][gc,reloc    ] GC(170) Small Pages: 1556 / 3112M, Empty: 2404M, Relocated: 6M, In-Place: 0
[102.364s][info][gc,reloc    ] GC(170) Medium Pages: 0 / 0M, Empty: 0M, Relocated: 0M, In-Place: 0
[102.364s][info][gc,reloc    ] GC(170) Large Pages: 0 / 0M, Empty: 0M, Relocated: 0M, In-Place: 0
[102.364s][info][gc,reloc    ] GC(170) Forwarding Usage: 2M
[102.364s][info][gc,heap     ] GC(170) Min Capacity: 8M(0%)
[102.364s][info][gc,heap     ] GC(170) Max Capacity: 4096M(100%)
[102.364s][info][gc,heap     ] GC(170) Soft Max Capacity: 4096M(100%)
[102.364s][info][gc,heap     ] GC(170)                Mark Start          Mark End        Relocate Start      Relocate End           High               Low         
[102.364s][info][gc,heap     ] GC(170)  Capacity:     3880M (95%)        3880M (95%)        3880M (95%)        3880M (95%)        3880M (95%)        3880M (95%)    
[102.364s][info][gc,heap     ] GC(170)      Free:      984M (24%)         484M (12%)        2806M (69%)        3392M (83%)        3420M (83%)         430M (10%)    
[102.364s][info][gc,heap     ] GC(170)      Used:     3112M (76%)        3612M (88%)        1290M (31%)         704M (17%)        3666M (90%)         676M (17%)    
[102.364s][info][gc,heap     ] GC(170)      Live:         -                51M (1%)           51M (1%)           51M (1%)             -                  -          
[102.364s][info][gc,heap     ] GC(170) Allocated:         -               500M (12%)         582M (14%)         642M (16%)            -                  -          
[102.364s][info][gc,heap     ] GC(170)   Garbage:         -              3060M (75%)         656M (16%)          10M (0%)             -                  -          
[102.364s][info][gc,heap     ] GC(170) Reclaimed:         -                  -              2404M (59%)        3050M (74%)            -                  -          
[102.364s][info][gc          ] GC(170) Garbage Collection (Allocation Rate) 3112M(76%)->704M(17%)
[102.836s][info][gc,start    ] GC(171) Garbage Collection (Allocation Rate)
[102.836s][info][gc,task     ] GC(171) Using 2 workers
[102.836s][info][gc,phases   ] GC(171) Pause Mark Start 0.010ms
[102.901s][info][gc,phases   ] GC(171) Concurrent Mark 64.555ms
[102.901s][info][gc,phases   ] GC(171) Pause Mark End 0.019ms
[102.901s][info][gc,phases   ] GC(171) Concurrent Mark Free 0.001ms
[102.909s][info][gc,phases   ] GC(171) Concurrent Process Non-Strong References 8.419ms
[102.910s][info][gc,phases   ] GC(171) Concurrent Reset Relocation Set 0.055ms
[102.913s][info][gc,phases   ] GC(171) Concurrent Select Relocation Set 3.445ms
[102.913s][info][gc,phases   ] GC(171) Pause Relocate Start 0.008ms
[102.921s][info][gc,phases   ] GC(171) Concurrent Relocate 7.524ms
[102.921s][info][gc,load     ] GC(171) Load: 0.00/0.00/0.00
[102.921s][info][gc,mmu      ] GC(171) MMU: 2ms/97.9%, 5ms/99.2%, 10ms/99.6%, 20ms/99.8%, 50ms/99.9%, 100ms/99.9%
[102.921s][info][gc,marking  ] GC(171) Mark: 2 stripe(s), 2 proactive flush(es), 1 terminate flush(es), 0 completion(s), 0 continuation(s) 
[102.921s][info][gc,marking  ] GC(171) Mark Stack Usage: 32M
[102.921s][info][gc,nmethod  ] GC(171) NMethods: 5162 registered, 244 unregistered
[102.921s][info][gc,metaspace] GC(171) Metaspace: 72M used, 72M committed, 1088M reserved
[102.921s][info][gc,ref      ] GC(171) Soft: 3829 encountered, 0 discovered, 0 enqueued
[102.921s][info][gc,ref      ] GC(171) Weak: 10038 encountered, 974 discovered, 114 enqueued
[102.921s][info][gc,ref      ] GC(171) Final: 289 encountered, 24 discovered, 0 enqueued
[102.921s][info][gc,ref      ] GC(171) Phantom: 422 encountered, 204 discovered, 0 enqueued
[102.921s][info][gc,reloc    ] GC(171) Small Pages: 1357 / 2714M, Empty: 2040M, Relocated: 6M, In-Place: 0
[102.921s][info][gc,reloc    ] GC(171) Medium Pages: 0 / 0M, Empty: 0M, Relocated: 0M, In-Place: 0
[102.921s][info][gc,reloc    ] GC(171) Large Pages: 0 / 0M, Empty: 0M, Relocated: 0M, In-Place: 0
[102.921s][info][gc,reloc    ] GC(171) Forwarding Usage: 1M
[102.921s][info][gc,heap     ] GC(171) Min Capacity: 8M(0%)
[102.921s][info][gc,heap     ] GC(171) Max Capacity: 4096M(100%)
[102.921s][info][gc,heap     ] GC(171) Soft Max Capacity: 4096M(100%)
[102.921s][info][gc,heap     ] GC(171)                Mark Start          Mark End        Relocate Start      Relocate End           High               Low         
[102.921s][info][gc,heap     ] GC(171)  Capacity:     3880M (95%)        3880M (95%)        3880M (95%)        3880M (95%)        3880M (95%)        3880M (95%)    
[102.921s][info][gc,heap     ] GC(171)      Free:     1382M (34%)        1138M (28%)        3144M (77%)        3738M (91%)        3740M (91%)        1110M (27%)    
[102.921s][info][gc,heap     ] GC(171)      Used:     2714M (66%)        2958M (72%)         952M (23%)         358M (9%)         2986M (73%)         356M (9%)     
[102.921s][info][gc,heap     ] GC(171)      Live:         -                50M (1%)           50M (1%)           50M (1%)             -                  -          
[102.921s][info][gc,heap     ] GC(171) Allocated:         -               244M (6%)          278M (7%)          297M (7%)             -                  -          
[102.921s][info][gc,heap     ] GC(171)   Garbage:         -              2663M (65%)         623M (15%)          10M (0%)             -                  -          
[102.921s][info][gc,heap     ] GC(171) Reclaimed:         -                  -              2040M (50%)        2653M (65%)            -                  -          
[102.921s][info][gc          ] GC(171) Garbage Collection (Allocation Rate) 2714M(66%)->358M(9%)
[103.536s][info][gc,start    ] GC(172) Garbage Collection (Allocation Rate)
[103.536s][info][gc,task     ] GC(172) Using 6 workers
[103.536s][info][gc,phases   ] GC(172) Pause Mark Start 0.010ms
[103.558s][info][gc,phases   ] GC(172) Concurrent Mark 21.700ms
[103.558s][info][gc,phases   ] GC(172) Pause Mark End 0.027ms
[103.558s][info][gc,phases   ] GC(172) Concurrent Mark Free 0.001ms
[103.561s][info][gc,phases   ] GC(172) Concurrent Process Non-Strong References 2.593ms
[103.561s][info][gc,phases   ] GC(172) Concurrent Reset Relocation Set 0.036ms
[103.563s][info][gc,phases   ] GC(172) Concurrent Select Relocation Set 2.684ms
[103.563s][info][gc,phases   ] GC(172) Pause Relocate Start 0.007ms
[103.565s][info][gc,phases   ] GC(172) Concurrent Relocate 1.185ms
[103.565s][info][gc,load     ] GC(172) Load: 0.00/0.00/0.00
[103.565s][info][gc,mmu      ] GC(172) MMU: 2ms/97.9%, 5ms/99.2%, 10ms/99.6%, 20ms/99.8%, 50ms/99.9%, 100ms/99.9%
[103.565s][info][gc,marking  ] GC(172) Mark: 4 stripe(s), 2 proactive flush(es), 1 terminate flush(es), 0 completion(s), 0 continuation(s) 
[103.565s][info][gc,marking  ] GC(172) Mark Stack Usage: 32M
[103.565s][info][gc,nmethod  ] GC(172) NMethods: 5162 registered, 246 unregistered
[103.565s][info][gc,metaspace] GC(172) Metaspace: 72M used, 72M committed, 1088M reserved
[103.565s][info][gc,ref      ] GC(172) Soft: 3829 encountered, 0 discovered, 0 enqueued
[103.565s][info][gc,ref      ] GC(172) Weak: 9667 encountered, 1776 discovered, 67 enqueued
[103.565s][info][gc,ref      ] GC(172) Final: 289 encountered, 30 discovered, 0 enqueued
[103.565s][info][gc,ref      ] GC(172) Phantom: 422 encountered, 316 discovered, 0 enqueued
[103.565s][info][gc,reloc    ] GC(172) Small Pages: 855 / 1710M, Empty: 1354M, Relocated: 2M, In-Place: 0
[103.565s][info][gc,reloc    ] GC(172) Medium Pages: 0 / 0M, Empty: 0M, Relocated: 0M, In-Place: 0
[103.565s][info][gc,reloc    ] GC(172) Large Pages: 0 / 0M, Empty: 0M, Relocated: 0M, In-Place: 0
[103.565s][info][gc,reloc    ] GC(172) Forwarding Usage: 0M
[103.565s][info][gc,heap     ] GC(172) Min Capacity: 8M(0%)
[103.565s][info][gc,heap     ] GC(172) Max Capacity: 4096M(100%)
[103.565s][info][gc,heap     ] GC(172) Soft Max Capacity: 4096M(100%)
[103.565s][info][gc,heap     ] GC(172)                Mark Start          Mark End        Relocate Start      Relocate End           High               Low         
[103.565s][info][gc,heap     ] GC(172)  Capacity:     3880M (95%)        3880M (95%)        3880M (95%)        3880M (95%)        3880M (95%)        3880M (95%)    
[103.565s][info][gc,heap     ] GC(172)      Free:     2386M (58%)        2322M (57%)        3670M (90%)        3954M (97%)        3954M (97%)        2316M (57%)    
[103.565s][info][gc,heap     ] GC(172)      Used:     1710M (42%)        1774M (43%)         426M (10%)         142M (3%)         1780M (43%)         142M (3%)     
[103.565s][info][gc,heap     ] GC(172)      Live:         -                49M (1%)           49M (1%)           49M (1%)             -                  -          
[103.565s][info][gc,heap     ] GC(172) Allocated:         -                64M (2%)           70M (2%)           73M (2%)             -                  -          
[103.565s][info][gc,heap     ] GC(172)   Garbage:         -              1660M (41%)         306M (7%)           18M (0%)             -                  -          
[103.565s][info][gc,heap     ] GC(172) Reclaimed:         -                  -              1354M (33%)        1641M (40%)            -                  -          
[103.565s][info][gc          ] GC(172) Garbage Collection (Allocation Rate) 1710M(42%)->142M(3%)
[104.560s][info][gc,heap,exit] Heap
[104.560s][info][gc,heap,exit]  ZHeap           used 2010M, capacity 3880M, max capacity 4096M
[104.560s][info][gc,heap,exit]  Metaspace       used 74267K, committed 74752K, reserved 1114112K
[104.560s][info][gc,heap,exit]   class space    used 15047K, committed 15296K, reserved 1048576K
