[0.016s][info][gc,init] CardTable entry size: 512
[0.017s][info][gc     ] Using G1
[0.029s][info][gc,init] Version: 20+36-2344 (release)
[0.029s][info][gc,init] CPUs: 48 total, 48 available
[0.029s][info][gc,init] Memory: 382G
[0.029s][info][gc,init] Large Page Support: Disabled
[0.029s][info][gc,init] NUMA Support: Disabled
[0.029s][info][gc,init] Compressed Oops: Enabled (Zero based)
[0.029s][info][gc,init] Heap Region Size: 16M
[0.029s][info][gc,init] Heap Min Capacity: 16M
[0.029s][info][gc,init] Heap Initial Capacity: 2G
[0.029s][info][gc,init] Heap Max Capacity: 30208M
[0.047s][info][gc,init] Pre-touch: Disabled
[0.047s][info][gc,init] Parallel Workers: 33
[0.047s][info][gc,init] Concurrent Workers: 8
[0.047s][info][gc,init] Concurrent Refinement Workers: 33
[0.047s][info][gc,init] Periodic GC: Disabled
[0.048s][info][gc,metaspace] CDS archive(s) mapped at: [0x0000000800000000-0x0000000800c60000-0x0000000800c60000), size 12976128, SharedBaseAddress: 0x0000000800000000, ArchiveRelocationMode: 0.
[0.048s][info][gc,metaspace] Compressed class space mapped at: 0x0000000801000000-0x0000000841000000, reserved size: 1073741824
[0.048s][info][gc,metaspace] Narrow klass base: 0x0000000800000000, Narrow klass shift: 0, Narrow klass range: 0x100000000
[9.311s][info][gc,start    ] GC(0) Pause Young (Normal) (G1 Evacuation Pause)
[9.314s][info][gc,task     ] GC(0) Using 33 workers of 33 for evacuation
[9.332s][info][gc,phases   ] GC(0)   Pre Evacuate Collection Set: 0.2ms
[9.332s][info][gc,phases   ] GC(0)   Merge Heap Roots: 0.6ms
[9.332s][info][gc,phases   ] GC(0)   Evacuate Collection Set: 16.0ms
[9.332s][info][gc,phases   ] GC(0)   Post Evacuate Collection Set: 1.1ms
[9.332s][info][gc,phases   ] GC(0)   Other: 2.2ms
[9.332s][info][gc,heap     ] GC(0) Eden regions: 6->0(5)
[9.332s][info][gc,heap     ] GC(0) Survivor regions: 0->1(1)
[9.332s][info][gc,heap     ] GC(0) Old regions: 0->1
[9.332s][info][gc,heap     ] GC(0) Archive regions: 0->0
[9.332s][info][gc,heap     ] GC(0) Humongous regions: 0->0
[9.332s][info][gc,metaspace] GC(0) Metaspace: 20403K(20672K)->20403K(20672K) NonClass: 17806K(17920K)->17806K(17920K) Class: 2597K(2752K)->2597K(2752K)
[9.332s][info][gc          ] GC(0) Pause Young (Normal) (G1 Evacuation Pause) 96M->17M(2048M) 20.654ms
[9.332s][info][gc,cpu      ] GC(0) User=0.05s Sys=0.47s Real=0.02s
[9.381s][info][gc,start    ] GC(1) Pause Young (Concurrent Start) (Metadata GC Threshold)
[9.382s][info][gc,task     ] GC(1) Using 33 workers of 33 for evacuation
[9.396s][info][gc,phases   ] GC(1)   Pre Evacuate Collection Set: 0.3ms
[9.396s][info][gc,phases   ] GC(1)   Merge Heap Roots: 0.2ms
[9.396s][info][gc,phases   ] GC(1)   Evacuate Collection Set: 13.0ms
[9.396s][info][gc,phases   ] GC(1)   Post Evacuate Collection Set: 0.9ms
[9.396s][info][gc,phases   ] GC(1)   Other: 0.1ms
[9.396s][info][gc,heap     ] GC(1) Eden regions: 1->0(5)
[9.396s][info][gc,heap     ] GC(1) Survivor regions: 1->1(1)
[9.396s][info][gc,heap     ] GC(1) Old regions: 1->2
[9.396s][info][gc,heap     ] GC(1) Archive regions: 0->0
[9.396s][info][gc,heap     ] GC(1) Humongous regions: 0->0
[9.396s][info][gc,metaspace] GC(1) Metaspace: 21280K(21504K)->21280K(21504K) NonClass: 18561K(18688K)->18561K(18688K) Class: 2719K(2816K)->2719K(2816K)
[9.396s][info][gc          ] GC(1) Pause Young (Concurrent Start) (Metadata GC Threshold) 22M->19M(2048M) 14.945ms
[9.396s][info][gc          ] GC(2) Concurrent Mark Cycle
[9.396s][info][gc,cpu      ] GC(1) User=0.09s Sys=0.42s Real=0.02s
[9.396s][info][gc,marking  ] GC(2) Concurrent Scan Root Regions
[9.402s][info][gc,marking  ] GC(2) Concurrent Scan Root Regions 5.519ms
[9.402s][info][gc,marking  ] GC(2) Concurrent Mark
[9.402s][info][gc,marking  ] GC(2) Concurrent Mark From Roots
[9.402s][info][gc,task     ] GC(2) Using 8 workers of 8 for marking
[9.407s][info][gc,marking  ] GC(2) Concurrent Mark From Roots 5.051ms
[9.407s][info][gc,marking  ] GC(2) Concurrent Preclean
[9.407s][info][gc,marking  ] GC(2) Concurrent Preclean 0.028ms
[9.407s][info][gc,start    ] GC(2) Pause Remark
[9.410s][info][gc          ] GC(2) Pause Remark 22M->22M(224M) 3.168ms
[9.411s][info][gc,cpu      ] GC(2) User=0.00s Sys=0.00s Real=0.00s
[9.411s][info][gc,marking  ] GC(2) Concurrent Mark 8.536ms
[9.411s][info][gc,marking  ] GC(2) Concurrent Rebuild Remembered Sets and Scrub Regions
[9.416s][info][gc,marking  ] GC(2) Concurrent Rebuild Remembered Sets and Scrub Regions 5.288ms
[9.416s][info][gc,start    ] GC(2) Pause Cleanup
[9.416s][info][gc          ] GC(2) Pause Cleanup 22M->22M(224M) 0.117ms
[9.416s][info][gc,cpu      ] GC(2) User=0.00s Sys=0.00s Real=0.00s
[9.416s][info][gc,marking  ] GC(2) Concurrent Clear Claimed Marks
[9.416s][info][gc,marking  ] GC(2) Concurrent Clear Claimed Marks 0.038ms
[9.416s][info][gc,marking  ] GC(2) Concurrent Cleanup for Next Mark
[9.418s][info][gc,marking  ] GC(2) Concurrent Cleanup for Next Mark 1.480ms
[9.418s][info][gc          ] GC(2) Concurrent Mark Cycle 21.552ms
[10.417s][info][gc,start    ] GC(3) Pause Young (Prepare Mixed) (Metadata GC Threshold)
[10.417s][info][gc,task     ] GC(3) Using 19 workers of 33 for evacuation
[10.423s][info][gc,phases   ] GC(3)   Pre Evacuate Collection Set: 0.1ms
[10.423s][info][gc,phases   ] GC(3)   Merge Heap Roots: 0.1ms
[10.423s][info][gc,phases   ] GC(3)   Evacuate Collection Set: 5.0ms
[10.423s][info][gc,phases   ] GC(3)   Post Evacuate Collection Set: 0.8ms
[10.424s][info][gc,phases   ] GC(3)   Other: 0.1ms
[10.424s][info][gc,heap     ] GC(3) Eden regions: 5->0(7)
[10.424s][info][gc,heap     ] GC(3) Survivor regions: 1->1(1)
[10.424s][info][gc,heap     ] GC(3) Old regions: 2->2
[10.424s][info][gc,heap     ] GC(3) Archive regions: 0->0
[10.424s][info][gc,heap     ] GC(3) Humongous regions: 0->0
[10.424s][info][gc,metaspace] GC(3) Metaspace: 35940K(36288K)->35940K(36288K) NonClass: 31408K(31616K)->31408K(31616K) Class: 4531K(4672K)->4531K(4672K)
[10.424s][info][gc          ] GC(3) Pause Young (Prepare Mixed) (Metadata GC Threshold) 87M->24M(224M) 6.749ms
[10.424s][info][gc,cpu      ] GC(3) User=0.03s Sys=0.00s Real=0.02s
[10.448s][info][gc,start    ] GC(4) Pause Young (Mixed) (Metadata GC Threshold)
[10.448s][info][gc,task     ] GC(4) Using 12 workers of 33 for evacuation
[10.454s][info][gc,phases   ] GC(4)   Pre Evacuate Collection Set: 0.1ms
[10.454s][info][gc,phases   ] GC(4)   Merge Heap Roots: 0.1ms
[10.454s][info][gc,phases   ] GC(4)   Evacuate Collection Set: 5.2ms
[10.454s][info][gc,phases   ] GC(4)   Post Evacuate Collection Set: 0.7ms
[10.454s][info][gc,phases   ] GC(4)   Other: 0.1ms
[10.454s][info][gc,heap     ] GC(4) Eden regions: 1->0(7)
[10.454s][info][gc,heap     ] GC(4) Survivor regions: 1->1(1)
[10.454s][info][gc,heap     ] GC(4) Old regions: 2->2
[10.454s][info][gc,heap     ] GC(4) Archive regions: 0->0
[10.454s][info][gc,heap     ] GC(4) Humongous regions: 0->0
[10.454s][info][gc,metaspace] GC(4) Metaspace: 36273K(36608K)->36273K(36608K) NonClass: 31688K(31872K)->31688K(31872K) Class: 4585K(4736K)->4585K(4736K)
[10.454s][info][gc          ] GC(4) Pause Young (Mixed) (Metadata GC Threshold) 27M->24M(224M) 6.730ms
[10.454s][info][gc,cpu      ] GC(4) User=0.00s Sys=0.02s Real=0.02s
[10.493s][info][gc,start    ] GC(5) Pause Young (Concurrent Start) (Metadata GC Threshold)
[10.493s][info][gc,task     ] GC(5) Using 8 workers of 33 for evacuation
[10.499s][info][gc,phases   ] GC(5)   Pre Evacuate Collection Set: 0.2ms
[10.499s][info][gc,phases   ] GC(5)   Merge Heap Roots: 0.1ms
[10.499s][info][gc,phases   ] GC(5)   Evacuate Collection Set: 5.2ms
[10.499s][info][gc,phases   ] GC(5)   Post Evacuate Collection Set: 0.7ms
[10.499s][info][gc,phases   ] GC(5)   Other: 0.1ms
[10.499s][info][gc,heap     ] GC(5) Eden regions: 1->0(7)
[10.499s][info][gc,heap     ] GC(5) Survivor regions: 1->1(1)
[10.499s][info][gc,heap     ] GC(5) Old regions: 2->2
[10.499s][info][gc,heap     ] GC(5) Archive regions: 0->0
[10.499s][info][gc,heap     ] GC(5) Humongous regions: 0->0
[10.499s][info][gc,metaspace] GC(5) Metaspace: 36570K(36928K)->36570K(36928K) NonClass: 31951K(32128K)->31951K(32128K) Class: 4619K(4800K)->4619K(4800K)
[10.500s][info][gc          ] GC(5) Pause Young (Concurrent Start) (Metadata GC Threshold) 27M->24M(224M) 7.028ms
[10.500s][info][gc          ] GC(6) Concurrent Mark Cycle
[10.500s][info][gc,cpu      ] GC(5) User=0.00s Sys=0.00s Real=0.00s
[10.500s][info][gc,marking  ] GC(6) Concurrent Scan Root Regions
[10.506s][info][gc,marking  ] GC(6) Concurrent Scan Root Regions 6.003ms
[10.506s][info][gc,marking  ] GC(6) Concurrent Mark
[10.506s][info][gc,marking  ] GC(6) Concurrent Mark From Roots
[10.506s][info][gc,task     ] GC(6) Using 8 workers of 8 for marking
[10.516s][info][gc,marking  ] GC(6) Concurrent Mark From Roots 10.415ms
[10.516s][info][gc,marking  ] GC(6) Concurrent Preclean
[10.516s][info][gc,marking  ] GC(6) Concurrent Preclean 0.083ms
[10.516s][info][gc,start    ] GC(6) Pause Remark
[10.521s][info][gc          ] GC(6) Pause Remark 27M->27M(224M) 4.340ms
[10.521s][info][gc,cpu      ] GC(6) User=0.05s Sys=0.08s Real=0.02s
[10.521s][info][gc,marking  ] GC(6) Concurrent Mark 15.211ms
[10.521s][info][gc,marking  ] GC(6) Concurrent Rebuild Remembered Sets and Scrub Regions
[10.530s][info][gc,marking  ] GC(6) Concurrent Rebuild Remembered Sets and Scrub Regions 8.563ms
[10.530s][info][gc,start    ] GC(6) Pause Cleanup
[10.530s][info][gc          ] GC(6) Pause Cleanup 27M->27M(224M) 0.098ms
[10.530s][info][gc,cpu      ] GC(6) User=0.00s Sys=0.00s Real=0.00s
[10.530s][info][gc,marking  ] GC(6) Concurrent Clear Claimed Marks
[10.530s][info][gc,marking  ] GC(6) Concurrent Clear Claimed Marks 0.047ms
[10.530s][info][gc,marking  ] GC(6) Concurrent Cleanup for Next Mark
[10.530s][info][gc,marking  ] GC(6) Concurrent Cleanup for Next Mark 0.234ms
[10.530s][info][gc          ] GC(6) Concurrent Mark Cycle 30.678ms
[10.942s][info][gc,start    ] GC(7) Pause Young (Prepare Mixed) (G1 Evacuation Pause)
[10.942s][info][gc,task     ] GC(7) Using 6 workers of 33 for evacuation
[11.770s][info][gc,mmu      ] GC(7) MMU target violated: 201.0ms (200.0ms/201.0ms)
[11.770s][info][gc,phases   ] GC(7)   Pre Evacuate Collection Set: 0.1ms
[11.770s][info][gc,phases   ] GC(7)   Merge Heap Roots: 0.1ms
[11.770s][info][gc,phases   ] GC(7)   Evacuate Collection Set: 827.3ms
[11.770s][info][gc,phases   ] GC(7)   Post Evacuate Collection Set: 0.9ms
[11.771s][info][gc,phases   ] GC(7)   Other: 0.3ms
[11.771s][info][gc,heap     ] GC(7) Eden regions: 7->0(2)
[11.771s][info][gc,heap     ] GC(7) Survivor regions: 1->1(1)
[11.771s][info][gc,heap     ] GC(7) Old regions: 2->7
[11.771s][info][gc,heap     ] GC(7) Archive regions: 0->0
[11.771s][info][gc,heap     ] GC(7) Humongous regions: 0->0
[11.771s][info][gc,metaspace] GC(7) Metaspace: 42257K(42688K)->42257K(42688K) NonClass: 36952K(37184K)->36952K(37184K) Class: 5304K(5504K)->5304K(5504K)
[11.771s][info][gc          ] GC(7) Pause Young (Prepare Mixed) (G1 Evacuation Pause) 136M->111M(256M) 829.230ms
[11.771s][info][gc,cpu      ] GC(7) User=2.98s Sys=0.05s Real=0.84s
[11.840s][info][gc,start    ] GC(8) Pause Young (Mixed) (G1 Evacuation Pause)
[11.840s][info][gc,task     ] GC(8) Using 6 workers of 33 for evacuation
[12.020s][info][gc,phases   ] GC(8)   Pre Evacuate Collection Set: 0.1ms
[12.020s][info][gc,phases   ] GC(8)   Merge Heap Roots: 0.2ms
[12.020s][info][gc,phases   ] GC(8)   Evacuate Collection Set: 178.8ms
[12.020s][info][gc,phases   ] GC(8)   Post Evacuate Collection Set: 0.6ms
[12.020s][info][gc,phases   ] GC(8)   Other: 0.1ms
[12.020s][info][gc,heap     ] GC(8) Eden regions: 2->0(1)
[12.020s][info][gc,heap     ] GC(8) Survivor regions: 1->1(1)
[12.020s][info][gc,heap     ] GC(8) Old regions: 7->9
[12.020s][info][gc,heap     ] GC(8) Archive regions: 0->0
[12.020s][info][gc,heap     ] GC(8) Humongous regions: 0->0
[12.020s][info][gc,metaspace] GC(8) Metaspace: 42264K(42688K)->42264K(42688K) NonClass: 36959K(37184K)->36959K(37184K) Class: 5305K(5504K)->5305K(5504K)
[12.020s][info][gc          ] GC(8) Pause Young (Mixed) (G1 Evacuation Pause) 143M->149M(256M) 180.085ms
[12.020s][info][gc,cpu      ] GC(8) User=0.97s Sys=0.00s Real=0.19s
[12.065s][info][gc,start    ] GC(9) Pause Young (Concurrent Start) (G1 Evacuation Pause)
[12.065s][info][gc,task     ] GC(9) Using 6 workers of 33 for evacuation
[12.164s][info][gc,phases   ] GC(9)   Pre Evacuate Collection Set: 0.2ms
[12.164s][info][gc,phases   ] GC(9)   Merge Heap Roots: 0.2ms
[12.164s][info][gc,phases   ] GC(9)   Evacuate Collection Set: 92.6ms
[12.164s][info][gc,phases   ] GC(9)   Post Evacuate Collection Set: 6.4ms
[12.164s][info][gc,phases   ] GC(9)   Other: 0.1ms
[12.164s][info][gc,heap     ] GC(9) Eden regions: 1->0(2)
[12.164s][info][gc,heap     ] GC(9) Survivor regions: 1->1(1)
[12.164s][info][gc,heap     ] GC(9) Old regions: 9->10
[12.164s][info][gc,heap     ] GC(9) Archive regions: 0->0
[12.165s][info][gc,heap     ] GC(9) Humongous regions: 0->0
[12.165s][info][gc,metaspace] GC(9) Metaspace: 42264K(42688K)->42264K(42688K) NonClass: 36959K(37184K)->36959K(37184K) Class: 5305K(5504K)->5305K(5504K)
[12.165s][info][gc          ] GC(9) Pause Young (Concurrent Start) (G1 Evacuation Pause) 165M->170M(1152M) 100.085ms
[12.165s][info][gc          ] GC(10) Concurrent Mark Cycle
[12.165s][info][gc,cpu      ] GC(9) User=0.48s Sys=0.00s Real=0.09s
[12.165s][info][gc,marking  ] GC(10) Concurrent Scan Root Regions
[12.183s][info][gc,marking  ] GC(10) Concurrent Scan Root Regions 18.229ms
[12.183s][info][gc,marking  ] GC(10) Concurrent Mark
[12.183s][info][gc,marking  ] GC(10) Concurrent Mark From Roots
[12.183s][info][gc,task     ] GC(10) Using 8 workers of 8 for marking
[12.238s][info][gc,start    ] GC(11) Pause Young (Normal) (G1 Evacuation Pause)
[12.238s][info][gc,task     ] GC(11) Using 27 workers of 33 for evacuation
[12.466s][info][gc,mmu      ] GC(11) MMU target violated: 201.0ms (200.0ms/201.0ms)
[12.467s][info][gc,phases   ] GC(11)   Pre Evacuate Collection Set: 0.1ms
[12.467s][info][gc,phases   ] GC(11)   Merge Heap Roots: 0.1ms
[12.467s][info][gc,phases   ] GC(11)   Evacuate Collection Set: 227.8ms
[12.467s][info][gc,phases   ] GC(11)   Post Evacuate Collection Set: 0.5ms
[12.467s][info][gc,phases   ] GC(11)   Other: 0.2ms
[12.467s][info][gc,heap     ] GC(11) Eden regions: 2->0(2)
[12.467s][info][gc,heap     ] GC(11) Survivor regions: 1->1(1)
[12.467s][info][gc,heap     ] GC(11) Old regions: 10->12
[12.467s][info][gc,heap     ] GC(11) Archive regions: 0->0
[12.467s][info][gc,heap     ] GC(11) Humongous regions: 0->0
[12.467s][info][gc,metaspace] GC(11) Metaspace: 42264K(42688K)->42264K(42688K) NonClass: 36959K(37184K)->36959K(37184K) Class: 5305K(5504K)->5305K(5504K)
[12.467s][info][gc          ] GC(11) Pause Young (Normal) (G1 Evacuation Pause) 202M->203M(1152M) 229.193ms
[12.467s][info][gc,cpu      ] GC(11) User=1.53s Sys=0.03s Real=0.23s
[12.545s][info][gc,start    ] GC(12) Pause Young (Normal) (G1 Evacuation Pause)
[12.545s][info][gc,task     ] GC(12) Using 27 workers of 33 for evacuation
[12.780s][info][gc,mmu      ] GC(12) MMU target violated: 201.0ms (200.0ms/201.0ms)
[12.780s][info][gc,phases   ] GC(12)   Pre Evacuate Collection Set: 0.1ms
[12.780s][info][gc,phases   ] GC(12)   Merge Heap Roots: 0.1ms
[12.780s][info][gc,phases   ] GC(12)   Evacuate Collection Set: 233.3ms
[12.780s][info][gc,phases   ] GC(12)   Post Evacuate Collection Set: 0.5ms
[12.780s][info][gc,phases   ] GC(12)   Other: 0.2ms
[12.780s][info][gc,heap     ] GC(12) Eden regions: 2->0(2)
[12.780s][info][gc,heap     ] GC(12) Survivor regions: 1->1(1)
[12.780s][info][gc,heap     ] GC(12) Old regions: 12->14
[12.780s][info][gc,heap     ] GC(12) Archive regions: 0->0
[12.780s][info][gc,heap     ] GC(12) Humongous regions: 0->0
[12.780s][info][gc,metaspace] GC(12) Metaspace: 42264K(42688K)->42264K(42688K) NonClass: 36959K(37184K)->36959K(37184K) Class: 5305K(5504K)->5305K(5504K)
[12.780s][info][gc          ] GC(12) Pause Young (Normal) (G1 Evacuation Pause) 235M->237M(1152M) 234.747ms
[12.780s][info][gc,cpu      ] GC(12) User=1.92s Sys=0.05s Real=0.23s
[12.852s][info][gc,start    ] GC(13) Pause Young (Normal) (G1 Evacuation Pause)
[12.852s][info][gc,task     ] GC(13) Using 27 workers of 33 for evacuation
[13.072s][info][gc,mmu      ] GC(13) MMU target violated: 201.0ms (200.0ms/201.0ms)
[13.072s][info][gc,phases   ] GC(13)   Pre Evacuate Collection Set: 0.1ms
[13.072s][info][gc,phases   ] GC(13)   Merge Heap Roots: 0.1ms
[13.072s][info][gc,phases   ] GC(13)   Evacuate Collection Set: 219.1ms
[13.072s][info][gc,phases   ] GC(13)   Post Evacuate Collection Set: 0.5ms
[13.072s][info][gc,phases   ] GC(13)   Other: 0.2ms
[13.072s][info][gc,heap     ] GC(13) Eden regions: 2->0(2)
[13.072s][info][gc,heap     ] GC(13) Survivor regions: 1->1(1)
[13.072s][info][gc,heap     ] GC(13) Old regions: 14->16
[13.072s][info][gc,heap     ] GC(13) Archive regions: 0->0
[13.072s][info][gc,heap     ] GC(13) Humongous regions: 0->0
[13.072s][info][gc,metaspace] GC(13) Metaspace: 42264K(42688K)->42264K(42688K) NonClass: 36959K(37184K)->36959K(37184K) Class: 5305K(5504K)->5305K(5504K)
[13.072s][info][gc          ] GC(13) Pause Young (Normal) (G1 Evacuation Pause) 269M->272M(1152M) 220.526ms
[13.072s][info][gc,cpu      ] GC(13) User=2.23s Sys=0.08s Real=0.23s
[13.086s][info][gc,marking  ] GC(10) Concurrent Mark From Roots 902.852ms
[13.086s][info][gc,marking  ] GC(10) Concurrent Preclean
[13.086s][info][gc,marking  ] GC(10) Concurrent Preclean 0.252ms
[13.086s][info][gc,start    ] GC(10) Pause Remark
[13.089s][info][gc          ] GC(10) Pause Remark 275M->275M(960M) 2.881ms
[13.089s][info][gc,cpu      ] GC(10) User=0.00s Sys=0.00s Real=0.00s
[13.089s][info][gc,marking  ] GC(10) Concurrent Mark 906.347ms
[13.089s][info][gc,marking  ] GC(10) Concurrent Rebuild Remembered Sets and Scrub Regions
[13.116s][info][gc,marking  ] GC(10) Concurrent Rebuild Remembered Sets and Scrub Regions 26.798ms
[13.116s][info][gc,start    ] GC(10) Pause Cleanup
[13.117s][info][gc          ] GC(10) Pause Cleanup 286M->286M(960M) 0.165ms
[13.117s][info][gc,cpu      ] GC(10) User=0.00s Sys=0.00s Real=0.00s
[13.117s][info][gc,marking  ] GC(10) Concurrent Clear Claimed Marks
[13.117s][info][gc,marking  ] GC(10) Concurrent Clear Claimed Marks 0.049ms
[13.117s][info][gc,marking  ] GC(10) Concurrent Cleanup for Next Mark
[13.121s][info][gc,marking  ] GC(10) Concurrent Cleanup for Next Mark 3.947ms
[13.121s][info][gc          ] GC(10) Concurrent Mark Cycle 955.997ms
[13.154s][info][gc,start    ] GC(14) Pause Young (Prepare Mixed) (G1 Evacuation Pause)
[13.154s][info][gc,task     ] GC(14) Using 25 workers of 33 for evacuation
[13.399s][info][gc,mmu      ] GC(14) MMU target violated: 201.0ms (200.0ms/201.0ms)
[13.399s][info][gc,phases   ] GC(14)   Pre Evacuate Collection Set: 0.1ms
[13.399s][info][gc,phases   ] GC(14)   Merge Heap Roots: 0.2ms
[13.399s][info][gc,phases   ] GC(14)   Evacuate Collection Set: 243.3ms
[13.399s][info][gc,phases   ] GC(14)   Post Evacuate Collection Set: 0.5ms
[13.399s][info][gc,phases   ] GC(14)   Other: 0.2ms
[13.399s][info][gc,heap     ] GC(14) Eden regions: 2->0(2)
[13.399s][info][gc,heap     ] GC(14) Survivor regions: 1->1(1)
[13.399s][info][gc,heap     ] GC(14) Old regions: 16->19
[13.399s][info][gc,heap     ] GC(14) Archive regions: 0->0
[13.399s][info][gc,heap     ] GC(14) Humongous regions: 0->0
[13.399s][info][gc,metaspace] GC(14) Metaspace: 42264K(42688K)->42264K(42688K) NonClass: 36959K(37184K)->36959K(37184K) Class: 5305K(5504K)->5305K(5504K)
[13.399s][info][gc          ] GC(14) Pause Young (Prepare Mixed) (G1 Evacuation Pause) 304M->306M(960M) 244.744ms
[13.399s][info][gc,cpu      ] GC(14) User=1.98s Sys=0.09s Real=0.25s
[13.476s][info][gc,start    ] GC(15) Pause Young (Mixed) (G1 Evacuation Pause)
[13.477s][info][gc,task     ] GC(15) Using 24 workers of 33 for evacuation
[13.738s][info][gc,mmu      ] GC(15) MMU target violated: 201.0ms (200.0ms/201.0ms)
[13.738s][info][gc,phases   ] GC(15)   Pre Evacuate Collection Set: 0.1ms
[13.738s][info][gc,phases   ] GC(15)   Merge Heap Roots: 0.4ms
[13.738s][info][gc,phases   ] GC(15)   Evacuate Collection Set: 247.9ms
[13.738s][info][gc,phases   ] GC(15)   Post Evacuate Collection Set: 12.6ms
[13.738s][info][gc,phases   ] GC(15)   Other: 0.2ms
[13.738s][info][gc,heap     ] GC(15) Eden regions: 2->0(8)
[13.738s][info][gc,heap     ] GC(15) Survivor regions: 1->1(1)
[13.738s][info][gc,heap     ] GC(15) Old regions: 19->21
[13.738s][info][gc,heap     ] GC(15) Archive regions: 0->0
[13.738s][info][gc,heap     ] GC(15) Humongous regions: 0->0
[13.738s][info][gc,metaspace] GC(15) Metaspace: 42264K(42688K)->42264K(42688K) NonClass: 36959K(37184K)->36959K(37184K) Class: 5305K(5504K)->5305K(5504K)
[13.738s][info][gc          ] GC(15) Pause Young (Mixed) (G1 Evacuation Pause) 338M->336M(2880M) 261.649ms
[13.738s][info][gc,cpu      ] GC(15) User=2.44s Sys=0.05s Real=0.26s
[14.032s][info][gc,start    ] GC(16) Pause Young (Normal) (G1 Evacuation Pause)
[14.032s][info][gc,task     ] GC(16) Using 33 workers of 33 for evacuation
[15.281s][info][gc,mmu      ] GC(16) MMU target violated: 201.0ms (200.0ms/201.0ms)
[15.281s][info][gc,phases   ] GC(16)   Pre Evacuate Collection Set: 0.2ms
[15.281s][info][gc,phases   ] GC(16)   Merge Heap Roots: 0.2ms
[15.281s][info][gc,phases   ] GC(16)   Evacuate Collection Set: 1247.6ms
[15.282s][info][gc,phases   ] GC(16)   Post Evacuate Collection Set: 0.8ms
[15.282s][info][gc,phases   ] GC(16)   Other: 0.3ms
[15.282s][info][gc,heap     ] GC(16) Eden regions: 8->0(7)
[15.282s][info][gc,heap     ] GC(16) Survivor regions: 1->2(2)
[15.282s][info][gc,heap     ] GC(16) Old regions: 21->28
[15.282s][info][gc,heap     ] GC(16) Archive regions: 0->0
[15.282s][info][gc,heap     ] GC(16) Humongous regions: 0->0
[15.282s][info][gc,metaspace] GC(16) Metaspace: 42264K(42688K)->42264K(42688K) NonClass: 36959K(37184K)->36959K(37184K) Class: 5305K(5504K)->5305K(5504K)
[15.282s][info][gc          ] GC(16) Pause Young (Normal) (G1 Evacuation Pause) 464M->471M(2880M) 1249.476ms
[15.282s][info][gc,cpu      ] GC(16) User=5.55s Sys=0.27s Real=1.25s
[15.494s][info][gc,start    ] GC(17) Pause Young (Normal) (G1 Evacuation Pause)
[15.495s][info][gc,task     ] GC(17) Using 33 workers of 33 for evacuation
[16.669s][info][gc,mmu      ] GC(17) MMU target violated: 201.0ms (200.0ms/201.0ms)
[16.669s][info][gc,phases   ] GC(17)   Pre Evacuate Collection Set: 0.2ms
[16.669s][info][gc,phases   ] GC(17)   Merge Heap Roots: 0.2ms
[16.669s][info][gc,phases   ] GC(17)   Evacuate Collection Set: 1173.3ms
[16.669s][info][gc,phases   ] GC(17)   Post Evacuate Collection Set: 0.6ms
[16.669s][info][gc,phases   ] GC(17)   Other: 0.3ms
[16.669s][info][gc,heap     ] GC(17) Eden regions: 7->0(7)
[16.669s][info][gc,heap     ] GC(17) Survivor regions: 2->2(2)
[16.669s][info][gc,heap     ] GC(17) Old regions: 28->35
[16.669s][info][gc,heap     ] GC(17) Archive regions: 0->0
[16.669s][info][gc,heap     ] GC(17) Humongous regions: 0->0
[16.669s][info][gc,metaspace] GC(17) Metaspace: 42264K(42688K)->42264K(42688K) NonClass: 36959K(37184K)->36959K(37184K) Class: 5305K(5504K)->5305K(5504K)
[16.670s][info][gc          ] GC(17) Pause Young (Normal) (G1 Evacuation Pause) 583M->591M(2880M) 1175.043ms
[16.670s][info][gc,cpu      ] GC(17) User=8.67s Sys=0.33s Real=1.17s
[18.054s][info][gc,start    ] GC(18) Pause Full (System.gc())
[18.054s][info][gc,task     ] GC(18) Using 18 workers of 33 for full compaction
[18.055s][info][gc,phases,start] GC(18) Phase 1: Mark live objects
[18.068s][info][gc,phases      ] GC(18) Phase 1: Mark live objects 12.718ms
[18.068s][info][gc,phases,start] GC(18) Phase 2: Prepare compaction
[18.071s][info][gc,phases      ] GC(18) Phase 2: Prepare compaction 2.809ms
[18.071s][info][gc,phases,start] GC(18) Phase 3: Adjust pointers
[18.077s][info][gc,phases      ] GC(18) Phase 3: Adjust pointers 6.793ms
[18.077s][info][gc,phases,start] GC(18) Phase 4: Compact heap
[18.081s][info][gc,phases      ] GC(18) Phase 4: Compact heap 3.914ms
[18.101s][info][gc,heap        ] GC(18) Eden regions: 7->0(5)
[18.101s][info][gc,heap        ] GC(18) Survivor regions: 2->0(2)
[18.101s][info][gc,heap        ] GC(18) Old regions: 35->9
[18.101s][info][gc,heap        ] GC(18) Archive regions: 0->0
[18.101s][info][gc,heap        ] GC(18) Humongous regions: 0->0
[18.101s][info][gc,metaspace   ] GC(18) Metaspace: 49925K(50432K)->49925K(50432K) NonClass: 43621K(43904K)->43621K(43904K) Class: 6304K(6528K)->6304K(6528K)
[18.102s][info][gc             ] GC(18) Pause Full (System.gc()) 696M->26M(480M) 47.229ms
[18.102s][info][gc,cpu         ] GC(18) User=0.34s Sys=0.48s Real=0.05s
[18.871s][info][gc,start       ] GC(19) Pause Young (Concurrent Start) (G1 Evacuation Pause)
[18.871s][info][gc,task        ] GC(19) Using 14 workers of 33 for evacuation
[18.874s][info][gc,phases      ] GC(19)   Pre Evacuate Collection Set: 0.2ms
[18.874s][info][gc,phases      ] GC(19)   Merge Heap Roots: 0.1ms
[18.874s][info][gc,phases      ] GC(19)   Evacuate Collection Set: 2.0ms
[18.874s][info][gc,phases      ] GC(19)   Post Evacuate Collection Set: 0.6ms
[18.874s][info][gc,phases      ] GC(19)   Other: 0.1ms
[18.874s][info][gc,heap        ] GC(19) Eden regions: 5->0(6)
[18.874s][info][gc,heap        ] GC(19) Survivor regions: 0->1(1)
[18.874s][info][gc,heap        ] GC(19) Old regions: 9->9
[18.874s][info][gc,heap        ] GC(19) Archive regions: 0->0
[18.874s][info][gc,heap        ] GC(19) Humongous regions: 0->0
[18.874s][info][gc,metaspace   ] GC(19) Metaspace: 58860K(59712K)->58860K(59712K) NonClass: 51390K(51840K)->51390K(51840K) Class: 7470K(7872K)->7470K(7872K)
[18.874s][info][gc             ] GC(19) Pause Young (Concurrent Start) (G1 Evacuation Pause) 106M->35M(480M) 3.337ms
[18.874s][info][gc             ] GC(20) Concurrent Mark Cycle
[18.874s][info][gc,cpu         ] GC(19) User=0.00s Sys=0.00s Real=0.00s
[18.874s][info][gc,marking     ] GC(20) Concurrent Scan Root Regions
[18.879s][info][gc,marking     ] GC(20) Concurrent Scan Root Regions 4.742ms
[18.879s][info][gc,marking     ] GC(20) Concurrent Mark
[18.879s][info][gc,marking     ] GC(20) Concurrent Mark From Roots
[18.879s][info][gc,task        ] GC(20) Using 8 workers of 8 for marking
[18.893s][info][gc,marking     ] GC(20) Concurrent Mark From Roots 13.681ms
[18.893s][info][gc,marking     ] GC(20) Concurrent Preclean
[18.893s][info][gc,marking     ] GC(20) Concurrent Preclean 0.210ms
[18.893s][info][gc,start       ] GC(20) Pause Remark
[18.895s][info][gc             ] GC(20) Pause Remark 42M->42M(480M) 1.871ms
[18.895s][info][gc,cpu         ] GC(20) User=0.05s Sys=0.00s Real=0.02s
[18.895s][info][gc,marking     ] GC(20) Concurrent Mark 16.071ms
[18.895s][info][gc,marking     ] GC(20) Concurrent Rebuild Remembered Sets and Scrub Regions
[18.900s][info][gc,marking     ] GC(20) Concurrent Rebuild Remembered Sets and Scrub Regions 5.289ms
[18.901s][info][gc,start       ] GC(20) Pause Cleanup
[18.901s][info][gc             ] GC(20) Pause Cleanup 44M->44M(480M) 0.103ms
[18.901s][info][gc,cpu         ] GC(20) User=0.00s Sys=0.00s Real=0.00s
[18.901s][info][gc,marking     ] GC(20) Concurrent Clear Claimed Marks
[18.901s][info][gc,marking     ] GC(20) Concurrent Clear Claimed Marks 0.069ms
[18.901s][info][gc,marking     ] GC(20) Concurrent Cleanup for Next Mark
[18.901s][info][gc,marking     ] GC(20) Concurrent Cleanup for Next Mark 0.308ms
[18.901s][info][gc             ] GC(20) Concurrent Mark Cycle 26.963ms
[19.007s][info][gc,start       ] GC(21) Pause Young (Prepare Mixed) (G1 Evacuation Pause)
[19.007s][info][gc,task        ] GC(21) Using 12 workers of 33 for evacuation
[19.010s][info][gc,phases      ] GC(21)   Pre Evacuate Collection Set: 0.1ms
[19.010s][info][gc,phases      ] GC(21)   Merge Heap Roots: 0.1ms
[19.010s][info][gc,phases      ] GC(21)   Evacuate Collection Set: 2.0ms
[19.010s][info][gc,phases      ] GC(21)   Post Evacuate Collection Set: 0.7ms
[19.010s][info][gc,phases      ] GC(21)   Other: 0.1ms
[19.010s][info][gc,heap        ] GC(21) Eden regions: 6->0(7)
[19.010s][info][gc,heap        ] GC(21) Survivor regions: 1->1(1)
[19.010s][info][gc,heap        ] GC(21) Old regions: 7->7
[19.010s][info][gc,heap        ] GC(21) Archive regions: 0->0
[19.010s][info][gc,heap        ] GC(21) Humongous regions: 0->0
[19.010s][info][gc,metaspace   ] GC(21) Metaspace: 58865K(59712K)->58865K(59712K) NonClass: 51395K(51840K)->51395K(51840K) Class: 7470K(7872K)->7470K(7872K)
[19.010s][info][gc             ] GC(21) Pause Young (Prepare Mixed) (G1 Evacuation Pause) 131M->33M(480M) 3.581ms
[19.010s][info][gc,cpu         ] GC(21) User=0.02s Sys=0.00s Real=0.01s
[19.083s][info][gc,start       ] GC(22) Pause Young (Mixed) (G1 Evacuation Pause)
[19.083s][info][gc,task        ] GC(22) Using 11 workers of 33 for evacuation
[19.088s][info][gc,phases      ] GC(22)   Pre Evacuate Collection Set: 0.1ms
[19.088s][info][gc,phases      ] GC(22)   Merge Heap Roots: 0.1ms
[19.088s][info][gc,phases      ] GC(22)   Evacuate Collection Set: 2.2ms
[19.088s][info][gc,phases      ] GC(22)   Post Evacuate Collection Set: 2.8ms
[19.088s][info][gc,phases      ] GC(22)   Other: 0.1ms
[19.088s][info][gc,heap        ] GC(22) Eden regions: 7->0(12)
[19.088s][info][gc,heap        ] GC(22) Survivor regions: 1->1(1)
[19.088s][info][gc,heap        ] GC(22) Old regions: 7->5
[19.088s][info][gc,heap        ] GC(22) Archive regions: 0->0
[19.088s][info][gc,heap        ] GC(22) Humongous regions: 0->0
[19.088s][info][gc,metaspace   ] GC(22) Metaspace: 58867K(59712K)->58867K(59712K) NonClass: 51396K(51840K)->51396K(51840K) Class: 7470K(7872K)->7470K(7872K)
[19.088s][info][gc             ] GC(22) Pause Young (Mixed) (G1 Evacuation Pause) 145M->33M(1264M) 5.552ms
[19.088s][info][gc,cpu         ] GC(22) User=0.03s Sys=0.00s Real=0.02s
[19.192s][info][gc,start       ] GC(23) Pause Young (Mixed) (G1 Evacuation Pause)
[19.192s][info][gc,task        ] GC(23) Using 30 workers of 33 for evacuation
[19.199s][info][gc,phases      ] GC(23)   Pre Evacuate Collection Set: 0.1ms
[19.199s][info][gc,phases      ] GC(23)   Merge Heap Roots: 0.2ms
[19.199s][info][gc,phases      ] GC(23)   Evacuate Collection Set: 5.5ms
[19.199s][info][gc,phases      ] GC(23)   Post Evacuate Collection Set: 0.6ms
[19.199s][info][gc,phases      ] GC(23)   Other: 0.2ms
[19.199s][info][gc,heap        ] GC(23) Eden regions: 12->0(46)
[19.199s][info][gc,heap        ] GC(23) Survivor regions: 1->1(2)
[19.199s][info][gc,heap        ] GC(23) Old regions: 5->4
[19.199s][info][gc,heap        ] GC(23) Archive regions: 0->0
[19.199s][info][gc,heap        ] GC(23) Humongous regions: 0->0
[19.199s][info][gc,metaspace   ] GC(23) Metaspace: 58867K(59712K)->58867K(59712K) NonClass: 51396K(51840K)->51396K(51840K) Class: 7470K(7872K)->7470K(7872K)
[19.199s][info][gc             ] GC(23) Pause Young (Mixed) (G1 Evacuation Pause) 225M->33M(1264M) 7.125ms
[19.199s][info][gc,cpu         ] GC(23) User=0.19s Sys=0.28s Real=0.02s
[19.492s][info][gc,start       ] GC(24) Pause Young (Normal) (G1 Evacuation Pause)
[19.492s][info][gc,task        ] GC(24) Using 30 workers of 33 for evacuation
[19.499s][info][gc,phases      ] GC(24)   Pre Evacuate Collection Set: 0.1ms
[19.500s][info][gc,phases      ] GC(24)   Merge Heap Roots: 0.2ms
[19.500s][info][gc,phases      ] GC(24)   Evacuate Collection Set: 5.8ms
[19.500s][info][gc,phases      ] GC(24)   Post Evacuate Collection Set: 0.7ms
[19.500s][info][gc,phases      ] GC(24)   Other: 0.2ms
[19.500s][info][gc,heap        ] GC(24) Eden regions: 46->0(46)
[19.500s][info][gc,heap        ] GC(24) Survivor regions: 1->1(6)
[19.500s][info][gc,heap        ] GC(24) Old regions: 4->4
[19.500s][info][gc,heap        ] GC(24) Archive regions: 0->0
[19.500s][info][gc,heap        ] GC(24) Humongous regions: 0->0
[19.500s][info][gc,metaspace   ] GC(24) Metaspace: 58885K(59712K)->58885K(59712K) NonClass: 51414K(51840K)->51414K(51840K) Class: 7470K(7872K)->7470K(7872K)
[19.500s][info][gc             ] GC(24) Pause Young (Normal) (G1 Evacuation Pause) 769M->33M(1264M) 7.532ms
[19.500s][info][gc,cpu         ] GC(24) User=0.06s Sys=0.41s Real=0.02s
[19.760s][info][gc,start       ] GC(25) Pause Young (Normal) (GCLocker Initiated GC)
[19.760s][info][gc,task        ] GC(25) Using 30 workers of 33 for evacuation
[19.764s][info][gc,phases      ] GC(25)   Pre Evacuate Collection Set: 0.1ms
[19.764s][info][gc,phases      ] GC(25)   Merge Heap Roots: 0.2ms
[19.764s][info][gc,phases      ] GC(25)   Evacuate Collection Set: 2.6ms
[19.764s][info][gc,phases      ] GC(25)   Post Evacuate Collection Set: 1.0ms
[19.764s][info][gc,phases      ] GC(25)   Other: 0.1ms
[19.764s][info][gc,heap        ] GC(25) Eden regions: 46->0(46)
[19.764s][info][gc,heap        ] GC(25) Survivor regions: 1->1(6)
[19.764s][info][gc,heap        ] GC(25) Old regions: 4->4
[19.764s][info][gc,heap        ] GC(25) Archive regions: 0->0
[19.764s][info][gc,heap        ] GC(25) Humongous regions: 0->0
[19.764s][info][gc,metaspace   ] GC(25) Metaspace: 59163K(60096K)->59163K(60096K) NonClass: 51633K(52160K)->51633K(52160K) Class: 7529K(7936K)->7529K(7936K)
[19.764s][info][gc             ] GC(25) Pause Young (Normal) (GCLocker Initiated GC) 769M->32M(1264M) 4.716ms
[19.764s][info][gc,cpu         ] GC(25) User=0.00s Sys=0.00s Real=0.00s
[20.050s][info][gc,start       ] GC(26) Pause Young (Normal) (G1 Evacuation Pause)
[20.050s][info][gc,task        ] GC(26) Using 30 workers of 33 for evacuation
[20.056s][info][gc,phases      ] GC(26)   Pre Evacuate Collection Set: 0.1ms
[20.056s][info][gc,phases      ] GC(26)   Merge Heap Roots: 0.2ms
[20.056s][info][gc,phases      ] GC(26)   Evacuate Collection Set: 2.8ms
[20.056s][info][gc,phases      ] GC(26)   Post Evacuate Collection Set: 2.3ms
[20.056s][info][gc,phases      ] GC(26)   Other: 0.1ms
[20.056s][info][gc,heap        ] GC(26) Eden regions: 46->0(65)
[20.056s][info][gc,heap        ] GC(26) Survivor regions: 1->1(6)
[20.056s][info][gc,heap        ] GC(26) Old regions: 4->4
[20.056s][info][gc,heap        ] GC(26) Archive regions: 0->0
[20.056s][info][gc,heap        ] GC(26) Humongous regions: 0->0
[20.056s][info][gc,metaspace   ] GC(26) Metaspace: 59429K(60352K)->59429K(60352K) NonClass: 51847K(52352K)->51847K(52352K) Class: 7581K(8000K)->7581K(8000K)
[20.056s][info][gc             ] GC(26) Pause Young (Normal) (G1 Evacuation Pause) 768M->33M(1776M) 5.878ms
[20.056s][info][gc,cpu         ] GC(26) User=0.00s Sys=0.00s Real=0.00s
[20.565s][info][gc,start       ] GC(27) Pause Young (Normal) (G1 Evacuation Pause)
[20.565s][info][gc,task        ] GC(27) Using 33 workers of 33 for evacuation
[20.569s][info][gc,phases      ] GC(27)   Pre Evacuate Collection Set: 0.2ms
[20.569s][info][gc,phases      ] GC(27)   Merge Heap Roots: 0.2ms
[20.569s][info][gc,phases      ] GC(27)   Evacuate Collection Set: 2.4ms
[20.569s][info][gc,phases      ] GC(27)   Post Evacuate Collection Set: 1.1ms
[20.569s][info][gc,phases      ] GC(27)   Other: 0.2ms
[20.569s][info][gc,heap        ] GC(27) Eden regions: 65->0(65)
[20.569s][info][gc,heap        ] GC(27) Survivor regions: 1->1(9)
[20.569s][info][gc,heap        ] GC(27) Old regions: 4->4
[20.569s][info][gc,heap        ] GC(27) Archive regions: 0->0
[20.569s][info][gc,heap        ] GC(27) Humongous regions: 0->0
[20.569s][info][gc,metaspace   ] GC(27) Metaspace: 59430K(60352K)->59430K(60352K) NonClass: 51848K(52352K)->51848K(52352K) Class: 7581K(8000K)->7581K(8000K)
[20.569s][info][gc             ] GC(27) Pause Young (Normal) (G1 Evacuation Pause) 1073M->33M(1776M) 4.530ms
[20.569s][info][gc,cpu         ] GC(27) User=0.00s Sys=0.00s Real=0.00s
[21.008s][info][gc,start       ] GC(28) Pause Young (Normal) (G1 Evacuation Pause)
[21.009s][info][gc,task        ] GC(28) Using 33 workers of 33 for evacuation
[21.013s][info][gc,phases      ] GC(28)   Pre Evacuate Collection Set: 0.2ms
[21.013s][info][gc,phases      ] GC(28)   Merge Heap Roots: 0.2ms
[21.013s][info][gc,phases      ] GC(28)   Evacuate Collection Set: 2.8ms
[21.013s][info][gc,phases      ] GC(28)   Post Evacuate Collection Set: 1.0ms
[21.013s][info][gc,phases      ] GC(28)   Other: 0.1ms
[21.013s][info][gc,heap        ] GC(28) Eden regions: 65->0(65)
[21.013s][info][gc,heap        ] GC(28) Survivor regions: 1->1(9)
[21.013s][info][gc,heap        ] GC(28) Old regions: 4->4
[21.013s][info][gc,heap        ] GC(28) Archive regions: 0->0
[21.013s][info][gc,heap        ] GC(28) Humongous regions: 0->0
[21.013s][info][gc,metaspace   ] GC(28) Metaspace: 59430K(60352K)->59430K(60352K) NonClass: 51848K(52352K)->51848K(52352K) Class: 7581K(8000K)->7581K(8000K)
[21.013s][info][gc             ] GC(28) Pause Young (Normal) (G1 Evacuation Pause) 1073M->33M(1776M) 4.849ms
[21.013s][info][gc,cpu         ] GC(28) User=0.00s Sys=0.00s Real=0.00s
[22.722s][info][gc,start       ] GC(29) Pause Young (Normal) (G1 Evacuation Pause)
[22.722s][info][gc,task        ] GC(29) Using 33 workers of 33 for evacuation
[22.748s][info][gc,phases      ] GC(29)   Pre Evacuate Collection Set: 0.1ms
[22.748s][info][gc,phases      ] GC(29)   Merge Heap Roots: 0.2ms
[22.748s][info][gc,phases      ] GC(29)   Evacuate Collection Set: 24.6ms
[22.748s][info][gc,phases      ] GC(29)   Post Evacuate Collection Set: 0.9ms
[22.748s][info][gc,phases      ] GC(29)   Other: 0.1ms
[22.748s][info][gc,heap        ] GC(29) Eden regions: 65->0(58)
[22.748s][info][gc,heap        ] GC(29) Survivor regions: 1->8(9)
[22.748s][info][gc,heap        ] GC(29) Old regions: 4->4
[22.748s][info][gc,heap        ] GC(29) Archive regions: 0->0
[22.748s][info][gc,heap        ] GC(29) Humongous regions: 0->0
[22.748s][info][gc,metaspace   ] GC(29) Metaspace: 61613K(62592K)->61613K(62592K) NonClass: 53665K(54208K)->53665K(54208K) Class: 7947K(8384K)->7947K(8384K)
[22.748s][info][gc             ] GC(29) Pause Young (Normal) (G1 Evacuation Pause) 1073M->143M(1776M) 26.344ms
[22.748s][info][gc,cpu         ] GC(29) User=1.03s Sys=0.00s Real=0.03s
[23.516s][info][gc,start       ] GC(30) Pause Young (Normal) (G1 Evacuation Pause)
[23.516s][info][gc,task        ] GC(30) Using 33 workers of 33 for evacuation
[23.570s][info][gc,phases      ] GC(30)   Pre Evacuate Collection Set: 0.2ms
[23.570s][info][gc,phases      ] GC(30)   Merge Heap Roots: 0.2ms
[23.570s][info][gc,phases      ] GC(30)   Evacuate Collection Set: 52.5ms
[23.570s][info][gc,phases      ] GC(30)   Post Evacuate Collection Set: 0.7ms
[23.570s][info][gc,phases      ] GC(30)   Other: 0.1ms
[23.570s][info][gc,heap        ] GC(30) Eden regions: 58->0(57)
[23.570s][info][gc,heap        ] GC(30) Survivor regions: 8->9(9)
[23.570s][info][gc,heap        ] GC(30) Old regions: 4->11
[23.570s][info][gc,heap        ] GC(30) Archive regions: 0->0
[23.570s][info][gc,heap        ] GC(30) Humongous regions: 0->0
[23.570s][info][gc,metaspace   ] GC(30) Metaspace: 62267K(63296K)->62267K(63296K) NonClass: 54202K(54784K)->54202K(54784K) Class: 8065K(8512K)->8065K(8512K)
[23.570s][info][gc             ] GC(30) Pause Young (Normal) (G1 Evacuation Pause) 1071M->296M(1776M) 53.904ms
[23.570s][info][gc,cpu         ] GC(30) User=1.55s Sys=0.00s Real=0.05s
[24.028s][info][gc,start       ] GC(31) Pause Young (Normal) (G1 Evacuation Pause)
[24.028s][info][gc,task        ] GC(31) Using 33 workers of 33 for evacuation
[24.073s][info][gc,phases      ] GC(31)   Pre Evacuate Collection Set: 0.2ms
[24.073s][info][gc,phases      ] GC(31)   Merge Heap Roots: 0.2ms
[24.073s][info][gc,phases      ] GC(31)   Evacuate Collection Set: 43.7ms
[24.073s][info][gc,phases      ] GC(31)   Post Evacuate Collection Set: 0.5ms
[24.073s][info][gc,phases      ] GC(31)   Other: 0.1ms
[24.073s][info][gc,heap        ] GC(31) Eden regions: 57->0(61)
[24.073s][info][gc,heap        ] GC(31) Survivor regions: 9->5(9)
[24.073s][info][gc,heap        ] GC(31) Old regions: 11->20
[24.073s][info][gc,heap        ] GC(31) Archive regions: 0->0
[24.073s][info][gc,heap        ] GC(31) Humongous regions: 0->0
[24.073s][info][gc,metaspace   ] GC(31) Metaspace: 62268K(63296K)->62268K(63296K) NonClass: 54203K(54784K)->54203K(54784K) Class: 8065K(8512K)->8065K(8512K)
[24.073s][info][gc             ] GC(31) Pause Young (Normal) (G1 Evacuation Pause) 1208M->363M(1776M) 45.047ms
[24.073s][info][gc,cpu         ] GC(31) User=1.55s Sys=0.00s Real=0.05s
[25.765s][info][gc,start       ] GC(32) Pause Young (Normal) (G1 Evacuation Pause)
[25.765s][info][gc,task        ] GC(32) Using 33 workers of 33 for evacuation
[25.820s][info][gc,phases      ] GC(32)   Pre Evacuate Collection Set: 0.2ms
[25.820s][info][gc,phases      ] GC(32)   Merge Heap Roots: 0.7ms
[25.820s][info][gc,phases      ] GC(32)   Evacuate Collection Set: 50.9ms
[25.820s][info][gc,phases      ] GC(32)   Post Evacuate Collection Set: 2.9ms
[25.820s][info][gc,phases      ] GC(32)   Other: 0.2ms
[25.820s][info][gc,heap        ] GC(32) Eden regions: 61->0(90)
[25.820s][info][gc,heap        ] GC(32) Survivor regions: 5->9(9)
[25.820s][info][gc,heap        ] GC(32) Old regions: 20->24
[25.820s][info][gc,heap        ] GC(32) Archive regions: 0->0
[25.820s][info][gc,heap        ] GC(32) Humongous regions: 0->0
[25.820s][info][gc,metaspace   ] GC(32) Metaspace: 62626K(63744K)->62626K(63744K) NonClass: 54533K(55168K)->54533K(55168K) Class: 8092K(8576K)->8092K(8576K)
[25.820s][info][gc             ] GC(32) Pause Young (Normal) (G1 Evacuation Pause) 1339M->489M(2640M) 55.172ms
[25.820s][info][gc,cpu         ] GC(32) User=1.67s Sys=0.03s Real=0.06s
[27.660s][info][gc,start       ] GC(33) Pause Young (Normal) (G1 Evacuation Pause)
[27.660s][info][gc,task        ] GC(33) Using 33 workers of 33 for evacuation
[27.689s][info][gc,phases      ] GC(33)   Pre Evacuate Collection Set: 0.2ms
[27.689s][info][gc,phases      ] GC(33)   Merge Heap Roots: 0.3ms
[27.689s][info][gc,phases      ] GC(33)   Evacuate Collection Set: 27.5ms
[27.689s][info][gc,phases      ] GC(33)   Post Evacuate Collection Set: 0.8ms
[27.689s][info][gc,phases      ] GC(33)   Other: 0.2ms
[27.689s][info][gc,heap        ] GC(33) Eden regions: 90->0(96)
[27.689s][info][gc,heap        ] GC(33) Survivor regions: 9->3(13)
[27.689s][info][gc,heap        ] GC(33) Old regions: 24->27
[27.689s][info][gc,heap        ] GC(33) Archive regions: 0->0
[27.690s][info][gc,heap        ] GC(33) Humongous regions: 0->0
[27.690s][info][gc,metaspace   ] GC(33) Metaspace: 63261K(64448K)->63261K(64448K) NonClass: 55066K(55744K)->55066K(55744K) Class: 8194K(8704K)->8194K(8704K)
[27.690s][info][gc             ] GC(33) Pause Young (Normal) (G1 Evacuation Pause) 1929M->446M(2640M) 29.353ms
[27.690s][info][gc,cpu         ] GC(33) User=1.06s Sys=0.00s Real=0.03s
[29.862s][info][gc,start       ] GC(34) Pause Young (Normal) (G1 Evacuation Pause)
[29.862s][info][gc,task        ] GC(34) Using 33 workers of 33 for evacuation
[29.885s][info][gc,phases      ] GC(34)   Pre Evacuate Collection Set: 0.2ms
[29.885s][info][gc,phases      ] GC(34)   Merge Heap Roots: 0.3ms
[29.885s][info][gc,phases      ] GC(34)   Evacuate Collection Set: 20.3ms
[29.885s][info][gc,phases      ] GC(34)   Post Evacuate Collection Set: 1.0ms
[29.885s][info][gc,phases      ] GC(34)   Other: 0.2ms
[29.885s][info][gc,heap        ] GC(34) Eden regions: 96->0(94)
[29.885s][info][gc,heap        ] GC(34) Survivor regions: 3->5(13)
[29.885s][info][gc,heap        ] GC(34) Old regions: 27->27
[29.885s][info][gc,heap        ] GC(34) Archive regions: 0->0
[29.885s][info][gc,heap        ] GC(34) Humongous regions: 4->0
[29.885s][info][gc,metaspace   ] GC(34) Metaspace: 65196K(66432K)->65196K(66432K) NonClass: 56732K(57472K)->56732K(57472K) Class: 8463K(8960K)->8463K(8960K)
[29.885s][info][gc             ] GC(34) Pause Young (Normal) (G1 Evacuation Pause) 2046M->470M(2640M) 22.506ms
[29.885s][info][gc,cpu         ] GC(34) User=1.03s Sys=0.00s Real=0.03s
[30.246s][info][gc,start       ] GC(35) Pause Full (System.gc())
[30.246s][info][gc,task        ] GC(35) Using 16 workers of 33 for full compaction
[30.247s][info][gc,phases,start] GC(35) Phase 1: Mark live objects
[30.290s][info][gc,phases      ] GC(35) Phase 1: Mark live objects 42.181ms
[30.290s][info][gc,phases,start] GC(35) Phase 2: Prepare compaction
[30.300s][info][gc,phases      ] GC(35) Phase 2: Prepare compaction 9.968ms
[30.300s][info][gc,phases,start] GC(35) Phase 3: Adjust pointers
[30.316s][info][gc,phases      ] GC(35) Phase 3: Adjust pointers 16.471ms
[30.316s][info][gc,phases,start] GC(35) Phase 4: Compact heap
[30.328s][info][gc,phases      ] GC(35) Phase 4: Compact heap 11.584ms
[30.354s][info][gc,heap        ] GC(35) Eden regions: 37->0(35)
[30.354s][info][gc,heap        ] GC(35) Survivor regions: 5->0(13)
[30.354s][info][gc,heap        ] GC(35) Old regions: 27->20
[30.354s][info][gc,heap        ] GC(35) Archive regions: 0->0
[30.355s][info][gc,heap        ] GC(35) Humongous regions: 0->0
[30.355s][info][gc,metaspace   ] GC(35) Metaspace: 65401K(66624K)->65014K(66624K) NonClass: 56908K(57600K)->56631K(57600K) Class: 8493K(9024K)->8382K(9024K)
[30.355s][info][gc             ] GC(35) Pause Full (System.gc()) 1054M->145M(1072M) 108.232ms
[30.355s][info][gc,cpu         ] GC(35) User=1.14s Sys=0.50s Real=0.11s
[30.672s][info][gc,start       ] GC(36) Pause Young (Concurrent Start) (G1 Evacuation Pause)
[30.672s][info][gc,task        ] GC(36) Using 25 workers of 33 for evacuation
[30.704s][info][gc,phases      ] GC(36)   Pre Evacuate Collection Set: 0.3ms
[30.704s][info][gc,phases      ] GC(36)   Merge Heap Roots: 0.1ms
[30.704s][info][gc,phases      ] GC(36)   Evacuate Collection Set: 30.7ms
[30.704s][info][gc,phases      ] GC(36)   Post Evacuate Collection Set: 0.5ms
[30.704s][info][gc,phases      ] GC(36)   Other: 0.2ms
[30.704s][info][gc,heap        ] GC(36) Eden regions: 35->0(27)
[30.704s][info][gc,heap        ] GC(36) Survivor regions: 0->5(5)
[30.704s][info][gc,heap        ] GC(36) Old regions: 20->23
[30.704s][info][gc,heap        ] GC(36) Archive regions: 0->0
[30.704s][info][gc,heap        ] GC(36) Humongous regions: 0->0
[30.704s][info][gc,metaspace   ] GC(36) Metaspace: 65074K(66624K)->65074K(66624K) NonClass: 56690K(57600K)->56690K(57600K) Class: 8383K(9024K)->8383K(9024K)
[30.704s][info][gc             ] GC(36) Pause Young (Concurrent Start) (G1 Evacuation Pause) 705M->269M(1072M) 32.199ms
[30.704s][info][gc             ] GC(37) Concurrent Mark Cycle
[30.704s][info][gc,cpu         ] GC(36) User=0.75s Sys=0.03s Real=0.03s
[30.704s][info][gc,marking     ] GC(37) Concurrent Scan Root Regions
[30.738s][info][gc,marking     ] GC(37) Concurrent Scan Root Regions 33.211ms
[30.738s][info][gc,marking     ] GC(37) Concurrent Mark
[30.738s][info][gc,marking     ] GC(37) Concurrent Mark From Roots
[30.738s][info][gc,task        ] GC(37) Using 8 workers of 8 for marking
[30.776s][info][gc,marking     ] GC(37) Concurrent Mark From Roots 38.681ms
[30.776s][info][gc,marking     ] GC(37) Concurrent Preclean
[30.777s][info][gc,marking     ] GC(37) Concurrent Preclean 0.351ms
[30.785s][info][gc,start       ] GC(37) Pause Remark
[30.794s][info][gc             ] GC(37) Pause Remark 397M->397M(1072M) 9.080ms
[30.794s][info][gc,cpu         ] GC(37) User=0.00s Sys=0.00s Real=0.00s
[30.794s][info][gc,marking     ] GC(37) Concurrent Mark 56.141ms
[30.794s][info][gc,marking     ] GC(37) Concurrent Rebuild Remembered Sets and Scrub Regions
[30.828s][info][gc,marking     ] GC(37) Concurrent Rebuild Remembered Sets and Scrub Regions 34.566ms
[30.829s][info][gc,start       ] GC(37) Pause Cleanup
[30.829s][info][gc             ] GC(37) Pause Cleanup 460M->460M(1072M) 0.147ms
[30.829s][info][gc,cpu         ] GC(37) User=0.00s Sys=0.00s Real=0.00s
[30.829s][info][gc,marking     ] GC(37) Concurrent Clear Claimed Marks
[30.829s][info][gc,marking     ] GC(37) Concurrent Clear Claimed Marks 0.115ms
[30.829s][info][gc,marking     ] GC(37) Concurrent Cleanup for Next Mark
[30.830s][info][gc,marking     ] GC(37) Concurrent Cleanup for Next Mark 0.873ms
[30.830s][info][gc             ] GC(37) Concurrent Mark Cycle 125.579ms
[30.970s][info][gc,start       ] GC(38) Pause Young (Prepare Mixed) (G1 Evacuation Pause)
[30.970s][info][gc,task        ] GC(38) Using 25 workers of 33 for evacuation
[31.005s][info][gc,phases      ] GC(38)   Pre Evacuate Collection Set: 0.1ms
[31.005s][info][gc,phases      ] GC(38)   Merge Heap Roots: 0.2ms
[31.005s][info][gc,phases      ] GC(38)   Evacuate Collection Set: 34.1ms
[31.005s][info][gc,phases      ] GC(38)   Post Evacuate Collection Set: 0.4ms
[31.005s][info][gc,phases      ] GC(38)   Other: 0.1ms
[31.005s][info][gc,heap        ] GC(38) Eden regions: 27->0(25)
[31.005s][info][gc,heap        ] GC(38) Survivor regions: 5->4(4)
[31.006s][info][gc,heap        ] GC(38) Old regions: 23->27
[31.006s][info][gc,heap        ] GC(38) Archive regions: 0->0
[31.006s][info][gc,heap        ] GC(38) Humongous regions: 0->0
[31.006s][info][gc,metaspace   ] GC(38) Metaspace: 65074K(66624K)->65074K(66624K) NonClass: 56690K(57600K)->56690K(57600K) Class: 8383K(9024K)->8383K(9024K)
[31.006s][info][gc             ] GC(38) Pause Young (Prepare Mixed) (G1 Evacuation Pause) 701M->310M(1072M) 35.394ms
[31.006s][info][gc,cpu         ] GC(38) User=0.72s Sys=0.00s Real=0.03s
[31.197s][info][gc,start       ] GC(39) Pause Young (Mixed) (G1 Evacuation Pause)
[31.197s][info][gc,task        ] GC(39) Using 25 workers of 33 for evacuation
[31.229s][info][gc,phases      ] GC(39)   Pre Evacuate Collection Set: 0.2ms
[31.229s][info][gc,phases      ] GC(39)   Merge Heap Roots: 0.2ms
[31.229s][info][gc,phases      ] GC(39)   Evacuate Collection Set: 27.3ms
[31.229s][info][gc,phases      ] GC(39)   Post Evacuate Collection Set: 4.1ms
[31.229s][info][gc,phases      ] GC(39)   Other: 0.1ms
[31.229s][info][gc,heap        ] GC(39) Eden regions: 25->0(77)
[31.229s][info][gc,heap        ] GC(39) Survivor regions: 4->3(4)
[31.229s][info][gc,heap        ] GC(39) Old regions: 27->24
[31.229s][info][gc,heap        ] GC(39) Archive regions: 0->0
[31.229s][info][gc,heap        ] GC(39) Humongous regions: 0->0
[31.229s][info][gc,metaspace   ] GC(39) Metaspace: 65084K(66624K)->65084K(66624K) NonClass: 56700K(57600K)->56700K(57600K) Class: 8384K(9024K)->8384K(9024K)
[31.229s][info][gc             ] GC(39) Pause Young (Mixed) (G1 Evacuation Pause) 710M->348M(2144M) 32.218ms
[31.229s][info][gc,cpu         ] GC(39) User=0.78s Sys=0.00s Real=0.03s
[32.904s][info][gc,start       ] GC(40) Pause Young (Mixed) (G1 Evacuation Pause)
[32.904s][info][gc,task        ] GC(40) Using 33 workers of 33 for evacuation
[32.953s][info][gc,phases      ] GC(40)   Pre Evacuate Collection Set: 0.2ms
[32.953s][info][gc,phases      ] GC(40)   Merge Heap Roots: 0.9ms
[32.953s][info][gc,phases      ] GC(40)   Evacuate Collection Set: 46.9ms
[32.953s][info][gc,phases      ] GC(40)   Post Evacuate Collection Set: 0.6ms
[32.953s][info][gc,phases      ] GC(40)   Other: 0.2ms
[32.953s][info][gc,heap        ] GC(40) Eden regions: 77->0(70)
[32.953s][info][gc,heap        ] GC(40) Survivor regions: 3->10(10)
[32.953s][info][gc,heap        ] GC(40) Old regions: 24->24
[32.953s][info][gc,heap        ] GC(40) Archive regions: 0->0
[32.953s][info][gc,heap        ] GC(40) Humongous regions: 0->0
[32.953s][info][gc,metaspace   ] GC(40) Metaspace: 65135K(66688K)->65135K(66688K) NonClass: 56751K(57664K)->56751K(57664K) Class: 8384K(9024K)->8384K(9024K)
[32.953s][info][gc             ] GC(40) Pause Young (Mixed) (G1 Evacuation Pause) 1580M->484M(2144M) 49.105ms
[32.953s][info][gc,cpu         ] GC(40) User=1.55s Sys=0.02s Real=0.06s
[34.197s][info][gc,start       ] GC(41) Pause Young (Normal) (G1 Evacuation Pause)
[34.197s][info][gc,task        ] GC(41) Using 33 workers of 33 for evacuation
[34.216s][info][gc,phases      ] GC(41)   Pre Evacuate Collection Set: 0.2ms
[34.216s][info][gc,phases      ] GC(41)   Merge Heap Roots: 0.4ms
[34.216s][info][gc,phases      ] GC(41)   Evacuate Collection Set: 17.1ms
[34.216s][info][gc,phases      ] GC(41)   Post Evacuate Collection Set: 0.7ms
[34.216s][info][gc,phases      ] GC(41)   Other: 0.1ms
[34.216s][info][gc,heap        ] GC(41) Eden regions: 70->0(78)
[34.216s][info][gc,heap        ] GC(41) Survivor regions: 10->2(10)
[34.216s][info][gc,heap        ] GC(41) Old regions: 24->27
[34.216s][info][gc,heap        ] GC(41) Archive regions: 0->0
[34.216s][info][gc,heap        ] GC(41) Humongous regions: 0->0
[34.216s][info][gc,metaspace   ] GC(41) Metaspace: 65167K(66688K)->65167K(66688K) NonClass: 56782K(57664K)->56782K(57664K) Class: 8384K(9024K)->8384K(9024K)
[34.216s][info][gc             ] GC(41) Pause Young (Normal) (G1 Evacuation Pause) 1604M->399M(2144M) 18.911ms
[34.216s][info][gc,cpu         ] GC(41) User=0.52s Sys=0.00s Real=0.02s
[35.590s][info][gc,start       ] GC(42) Pause Young (Normal) (G1 Evacuation Pause)
[35.590s][info][gc,task        ] GC(42) Using 33 workers of 33 for evacuation
[35.611s][info][gc,phases      ] GC(42)   Pre Evacuate Collection Set: 0.2ms
[35.611s][info][gc,phases      ] GC(42)   Merge Heap Roots: 0.2ms
[35.611s][info][gc,phases      ] GC(42)   Evacuate Collection Set: 19.4ms
[35.611s][info][gc,phases      ] GC(42)   Post Evacuate Collection Set: 0.8ms
[35.611s][info][gc,phases      ] GC(42)   Other: 0.2ms
[35.611s][info][gc,heap        ] GC(42) Eden regions: 78->0(75)
[35.611s][info][gc,heap        ] GC(42) Survivor regions: 2->5(10)
[35.611s][info][gc,heap        ] GC(42) Old regions: 27->27
[35.611s][info][gc,heap        ] GC(42) Archive regions: 0->0
[35.611s][info][gc,heap        ] GC(42) Humongous regions: 0->0
[35.611s][info][gc,metaspace   ] GC(42) Metaspace: 65301K(66688K)->65301K(66688K) NonClass: 56914K(57664K)->56914K(57664K) Class: 8386K(9024K)->8386K(9024K)
[35.611s][info][gc             ] GC(42) Pause Young (Normal) (G1 Evacuation Pause) 1647M->439M(2144M) 21.143ms
[35.611s][info][gc,cpu         ] GC(42) User=0.53s Sys=0.00s Real=0.03s
[36.607s][info][gc,start       ] GC(43) Pause Young (Normal) (G1 Evacuation Pause)
[36.607s][info][gc,task        ] GC(43) Using 33 workers of 33 for evacuation
[36.983s][info][gc,mmu         ] GC(43) MMU target violated: 201.0ms (200.0ms/201.0ms)
[36.983s][info][gc,phases      ] GC(43)   Pre Evacuate Collection Set: 0.2ms
[36.983s][info][gc,phases      ] GC(43)   Merge Heap Roots: 0.2ms
[36.983s][info][gc,phases      ] GC(43)   Evacuate Collection Set: 367.0ms
[36.983s][info][gc,phases      ] GC(43)   Post Evacuate Collection Set: 8.7ms
[36.983s][info][gc,phases      ] GC(43)   Other: 0.3ms
[36.983s][info][gc,heap        ] GC(43) Eden regions: 75->0(114)
[36.983s][info][gc,heap        ] GC(43) Survivor regions: 5->7(10)
[36.983s][info][gc,heap        ] GC(43) Old regions: 27->27
[36.983s][info][gc,heap        ] GC(43) Archive regions: 0->0
[36.983s][info][gc,heap        ] GC(43) Humongous regions: 3->0
[36.983s][info][gc,metaspace   ] GC(43) Metaspace: 65388K(66752K)->65388K(66752K) NonClass: 57001K(57728K)->57001K(57728K) Class: 8386K(9024K)->8386K(9024K)
[36.984s][info][gc             ] GC(43) Pause Young (Normal) (G1 Evacuation Pause) 1687M->486M(3248M) 377.026ms
[36.984s][info][gc,cpu         ] GC(43) User=2.63s Sys=0.03s Real=0.38s
[37.020s][info][gc,start       ] GC(44) Pause Full (System.gc())
[37.020s][info][gc,task        ] GC(44) Using 20 workers of 33 for full compaction
[37.021s][info][gc,phases,start] GC(44) Phase 1: Mark live objects
[37.057s][info][gc,phases      ] GC(44) Phase 1: Mark live objects 35.970ms
[37.057s][info][gc,phases,start] GC(44) Phase 2: Prepare compaction
[37.065s][info][gc,phases      ] GC(44) Phase 2: Prepare compaction 7.431ms
[37.065s][info][gc,phases,start] GC(44) Phase 3: Adjust pointers
[37.076s][info][gc,phases      ] GC(44) Phase 3: Adjust pointers 11.538ms
[37.076s][info][gc,phases,start] GC(44) Phase 4: Compact heap
[37.083s][info][gc,phases      ] GC(44) Phase 4: Compact heap 7.088ms
[37.109s][info][gc,heap        ] GC(44) Eden regions: 2->0(35)
[37.109s][info][gc,heap        ] GC(44) Survivor regions: 7->0(10)
[37.109s][info][gc,heap        ] GC(44) Old regions: 27->21
[37.109s][info][gc,heap        ] GC(44) Archive regions: 0->0
[37.109s][info][gc,heap        ] GC(44) Humongous regions: 0->0
[37.109s][info][gc,metaspace   ] GC(44) Metaspace: 65399K(66752K)->65399K(66752K) NonClass: 57013K(57728K)->57013K(57728K) Class: 8386K(9024K)->8386K(9024K)
[37.109s][info][gc             ] GC(44) Pause Full (System.gc()) 513M->146M(1120M) 88.864ms
[37.109s][info][gc,cpu         ] GC(44) User=0.80s Sys=0.52s Real=0.09s
[37.447s][info][gc,start       ] GC(45) Pause Young (Concurrent Start) (G1 Evacuation Pause)
[37.447s][info][gc,task        ] GC(45) Using 26 workers of 33 for evacuation
[37.479s][info][gc,phases      ] GC(45)   Pre Evacuate Collection Set: 0.3ms
[37.479s][info][gc,phases      ] GC(45)   Merge Heap Roots: 0.2ms
[37.479s][info][gc,phases      ] GC(45)   Evacuate Collection Set: 30.9ms
[37.479s][info][gc,phases      ] GC(45)   Post Evacuate Collection Set: 0.6ms
[37.479s][info][gc,phases      ] GC(45)   Other: 0.2ms
[37.479s][info][gc,heap        ] GC(45) Eden regions: 35->0(28)
[37.479s][info][gc,heap        ] GC(45) Survivor regions: 0->5(5)
[37.479s][info][gc,heap        ] GC(45) Old regions: 21->23
[37.479s][info][gc,heap        ] GC(45) Archive regions: 0->0
[37.479s][info][gc,heap        ] GC(45) Humongous regions: 0->0
[37.479s][info][gc,metaspace   ] GC(45) Metaspace: 65486K(66816K)->65486K(66816K) NonClass: 57100K(57792K)->57100K(57792K) Class: 8386K(9024K)->8386K(9024K)
[37.479s][info][gc             ] GC(45) Pause Young (Concurrent Start) (G1 Evacuation Pause) 706M->258M(1120M) 32.469ms
[37.479s][info][gc             ] GC(46) Concurrent Mark Cycle
[37.479s][info][gc,cpu         ] GC(45) User=0.83s Sys=0.00s Real=0.05s
[37.479s][info][gc,marking     ] GC(46) Concurrent Scan Root Regions
[37.528s][info][gc,marking     ] GC(46) Concurrent Scan Root Regions 48.309ms
[37.528s][info][gc,marking     ] GC(46) Concurrent Mark
[37.528s][info][gc,marking     ] GC(46) Concurrent Mark From Roots
[37.528s][info][gc,task        ] GC(46) Using 8 workers of 8 for marking
[37.568s][info][gc,marking     ] GC(46) Concurrent Mark From Roots 40.561ms
[37.568s][info][gc,marking     ] GC(46) Concurrent Preclean
[37.569s][info][gc,marking     ] GC(46) Concurrent Preclean 0.415ms
[37.569s][info][gc,start       ] GC(46) Pause Remark
[37.572s][info][gc             ] GC(46) Pause Remark 418M->418M(1120M) 2.884ms
[37.572s][info][gc,cpu         ] GC(46) User=0.00s Sys=0.00s Real=0.00s
[37.572s][info][gc,marking     ] GC(46) Concurrent Mark 44.202ms
[37.572s][info][gc,marking     ] GC(46) Concurrent Rebuild Remembered Sets and Scrub Regions
[37.596s][info][gc,marking     ] GC(46) Concurrent Rebuild Remembered Sets and Scrub Regions 24.081ms
[37.605s][info][gc,start       ] GC(46) Pause Cleanup
[37.605s][info][gc             ] GC(46) Pause Cleanup 466M->466M(1120M) 0.151ms
[37.605s][info][gc,cpu         ] GC(46) User=0.00s Sys=0.00s Real=0.00s
[37.605s][info][gc,marking     ] GC(46) Concurrent Clear Claimed Marks
[37.605s][info][gc,marking     ] GC(46) Concurrent Clear Claimed Marks 0.113ms
[37.605s][info][gc,marking     ] GC(46) Concurrent Cleanup for Next Mark
[37.606s][info][gc,marking     ] GC(46) Concurrent Cleanup for Next Mark 0.904ms
[37.606s][info][gc             ] GC(46) Concurrent Mark Cycle 126.734ms
[37.743s][info][gc,start       ] GC(47) Pause Young (Prepare Mixed) (G1 Evacuation Pause)
[37.744s][info][gc,task        ] GC(47) Using 26 workers of 33 for evacuation
[37.781s][info][gc,phases      ] GC(47)   Pre Evacuate Collection Set: 0.2ms
[37.781s][info][gc,phases      ] GC(47)   Merge Heap Roots: 0.2ms
[37.781s][info][gc,phases      ] GC(47)   Evacuate Collection Set: 36.6ms
[37.781s][info][gc,phases      ] GC(47)   Post Evacuate Collection Set: 0.4ms
[37.781s][info][gc,phases      ] GC(47)   Other: 0.1ms
[37.781s][info][gc,heap        ] GC(47) Eden regions: 28->0(27)
[37.781s][info][gc,heap        ] GC(47) Survivor regions: 5->4(5)
[37.781s][info][gc,heap        ] GC(47) Old regions: 22->27
[37.781s][info][gc,heap        ] GC(47) Archive regions: 0->0
[37.781s][info][gc,heap        ] GC(47) Humongous regions: 0->0
[37.781s][info][gc,metaspace   ] GC(47) Metaspace: 65488K(66816K)->65488K(66816K) NonClass: 57101K(57792K)->57101K(57792K) Class: 8386K(9024K)->8386K(9024K)
[37.781s][info][gc             ] GC(47) Pause Young (Prepare Mixed) (G1 Evacuation Pause) 706M->309M(1120M) 37.857ms
[37.781s][info][gc,cpu         ] GC(47) User=0.61s Sys=0.00s Real=0.05s
[37.991s][info][gc,start       ] GC(48) Pause Young (Mixed) (G1 Evacuation Pause)
[37.991s][info][gc,task        ] GC(48) Using 26 workers of 33 for evacuation
[38.026s][info][gc,phases      ] GC(48)   Pre Evacuate Collection Set: 0.2ms
[38.026s][info][gc,phases      ] GC(48)   Merge Heap Roots: 0.2ms
[38.026s][info][gc,phases      ] GC(48)   Evacuate Collection Set: 33.4ms
[38.026s][info][gc,phases      ] GC(48)   Post Evacuate Collection Set: 0.6ms
[38.026s][info][gc,phases      ] GC(48)   Other: 0.1ms
[38.026s][info][gc,heap        ] GC(48) Eden regions: 27->0(32)
[38.026s][info][gc,heap        ] GC(48) Survivor regions: 4->3(4)
[38.026s][info][gc,heap        ] GC(48) Old regions: 27->23
[38.026s][info][gc,heap        ] GC(48) Archive regions: 0->0
[38.026s][info][gc,heap        ] GC(48) Humongous regions: 0->0
[38.026s][info][gc,metaspace   ] GC(48) Metaspace: 65502K(66816K)->65502K(66816K) NonClass: 57116K(57792K)->57116K(57792K) Class: 8386K(9024K)->8386K(9024K)
[38.026s][info][gc             ] GC(48) Pause Young (Mixed) (G1 Evacuation Pause) 741M->337M(1120M) 34.771ms
[38.026s][info][gc,cpu         ] GC(48) User=0.48s Sys=0.00s Real=0.03s
[38.918s][info][gc,start       ] GC(49) Pause Young (Mixed) (G1 Evacuation Pause)
[38.918s][info][gc,task        ] GC(49) Using 26 workers of 33 for evacuation
[38.950s][info][gc,phases      ] GC(49)   Pre Evacuate Collection Set: 0.2ms
[38.950s][info][gc,phases      ] GC(49)   Merge Heap Roots: 0.7ms
[38.950s][info][gc,phases      ] GC(49)   Evacuate Collection Set: 30.2ms
[38.950s][info][gc,phases      ] GC(49)   Post Evacuate Collection Set: 0.6ms
[38.950s][info][gc,phases      ] GC(49)   Other: 0.1ms
[38.950s][info][gc,heap        ] GC(49) Eden regions: 32->0(31)
[38.950s][info][gc,heap        ] GC(49) Survivor regions: 3->5(5)
[38.950s][info][gc,heap        ] GC(49) Old regions: 23->23
[38.950s][info][gc,heap        ] GC(49) Archive regions: 0->0
[38.950s][info][gc,heap        ] GC(49) Humongous regions: 0->0
[38.950s][info][gc,metaspace   ] GC(49) Metaspace: 65554K(66816K)->65554K(66816K) NonClass: 57166K(57792K)->57166K(57792K) Class: 8388K(9024K)->8388K(9024K)
[38.950s][info][gc             ] GC(49) Pause Young (Mixed) (G1 Evacuation Pause) 849M->385M(1120M) 32.177ms
[38.950s][info][gc,cpu         ] GC(49) User=0.83s Sys=0.00s Real=0.03s
[39.283s][info][gc,start       ] GC(50) Pause Young (Normal) (G1 Evacuation Pause)
[39.283s][info][gc,task        ] GC(50) Using 26 workers of 33 for evacuation
[39.329s][info][gc,phases      ] GC(50)   Pre Evacuate Collection Set: 0.2ms
[39.329s][info][gc,phases      ] GC(50)   Merge Heap Roots: 0.3ms
[39.329s][info][gc,phases      ] GC(50)   Evacuate Collection Set: 39.1ms
[39.329s][info][gc,phases      ] GC(50)   Post Evacuate Collection Set: 6.2ms
[39.329s][info][gc,phases      ] GC(50)   Other: 0.1ms
[39.329s][info][gc,heap        ] GC(50) Eden regions: 31->0(119)
[39.329s][info][gc,heap        ] GC(50) Survivor regions: 5->5(5)
[39.329s][info][gc,heap        ] GC(50) Old regions: 23->27
[39.329s][info][gc,heap        ] GC(50) Archive regions: 0->0
[39.329s][info][gc,heap        ] GC(50) Humongous regions: 0->0
[39.329s][info][gc,metaspace   ] GC(50) Metaspace: 65566K(66816K)->65566K(66816K) NonClass: 57177K(57792K)->57177K(57792K) Class: 8388K(9024K)->8388K(9024K)
[39.329s][info][gc             ] GC(50) Pause Young (Normal) (G1 Evacuation Pause) 881M->454M(3312M) 46.220ms
[39.329s][info][gc,cpu         ] GC(50) User=0.81s Sys=0.02s Real=0.05s
[41.491s][info][gc,start       ] GC(51) Pause Young (Normal) (G1 Evacuation Pause)
[41.491s][info][gc,task        ] GC(51) Using 33 workers of 33 for evacuation
[41.515s][info][gc,phases      ] GC(51)   Pre Evacuate Collection Set: 0.2ms
[41.515s][info][gc,phases      ] GC(51)   Merge Heap Roots: 0.2ms
[41.515s][info][gc,phases      ] GC(51)   Evacuate Collection Set: 22.6ms
[41.515s][info][gc,phases      ] GC(51)   Post Evacuate Collection Set: 0.8ms
[41.515s][info][gc,phases      ] GC(51)   Other: 0.2ms
[41.515s][info][gc,heap        ] GC(51) Eden regions: 119->0(121)
[41.515s][info][gc,heap        ] GC(51) Survivor regions: 5->3(16)
[41.515s][info][gc,heap        ] GC(51) Old regions: 27->27
[41.515s][info][gc,heap        ] GC(51) Archive regions: 0->0
[41.515s][info][gc,heap        ] GC(51) Humongous regions: 0->0
[41.515s][info][gc,metaspace   ] GC(51) Metaspace: 65690K(66944K)->65690K(66944K) NonClass: 57301K(57920K)->57301K(57920K) Class: 8389K(9024K)->8389K(9024K)
[41.515s][info][gc             ] GC(51) Pause Young (Normal) (G1 Evacuation Pause) 2358M->415M(3312M) 24.545ms
[41.515s][info][gc,cpu         ] GC(51) User=0.28s Sys=0.09s Real=0.03s
[43.043s][info][gc,start       ] GC(52) Pause Full (System.gc())
[43.043s][info][gc,task        ] GC(52) Using 20 workers of 33 for full compaction
[43.044s][info][gc,phases,start] GC(52) Phase 1: Mark live objects
[43.078s][info][gc,phases      ] GC(52) Phase 1: Mark live objects 33.950ms
[43.078s][info][gc,phases,start] GC(52) Phase 2: Prepare compaction
[43.088s][info][gc,phases      ] GC(52) Phase 2: Prepare compaction 10.016ms
[43.088s][info][gc,phases,start] GC(52) Phase 3: Adjust pointers
[43.098s][info][gc,phases      ] GC(52) Phase 3: Adjust pointers 10.366ms
[43.098s][info][gc,phases,start] GC(52) Phase 4: Compact heap
[43.107s][info][gc,phases      ] GC(52) Phase 4: Compact heap 8.395ms
[43.118s][info][gc,heap        ] GC(52) Eden regions: 117->0(40)
[43.118s][info][gc,heap        ] GC(52) Survivor regions: 3->0(16)
[43.118s][info][gc,heap        ] GC(52) Old regions: 27->23
[43.118s][info][gc,heap        ] GC(52) Archive regions: 0->0
[43.118s][info][gc,heap        ] GC(52) Humongous regions: 6->0
[43.118s][info][gc,metaspace   ] GC(52) Metaspace: 65792K(67008K)->65792K(67008K) NonClass: 57401K(57984K)->57401K(57984K) Class: 8391K(9024K)->8391K(9024K)
[43.118s][info][gc             ] GC(52) Pause Full (System.gc()) 2371M->146M(1232M) 75.176ms
[43.118s][info][gc,cpu         ] GC(52) User=0.89s Sys=0.00s Real=0.08s
[43.488s][info][gc,start       ] GC(53) Pause Young (Concurrent Start) (G1 Evacuation Pause)
[43.488s][info][gc,task        ] GC(53) Using 29 workers of 33 for evacuation
[43.526s][info][gc,phases      ] GC(53)   Pre Evacuate Collection Set: 0.3ms
[43.526s][info][gc,phases      ] GC(53)   Merge Heap Roots: 0.2ms
[43.526s][info][gc,phases      ] GC(53)   Evacuate Collection Set: 36.6ms
[43.526s][info][gc,phases      ] GC(53)   Post Evacuate Collection Set: 0.5ms
[43.526s][info][gc,phases      ] GC(53)   Other: 0.2ms
[43.526s][info][gc,heap        ] GC(53) Eden regions: 40->0(31)
[43.526s][info][gc,heap        ] GC(53) Survivor regions: 0->5(5)
[43.526s][info][gc,heap        ] GC(53) Old regions: 23->26
[43.526s][info][gc,heap        ] GC(53) Archive regions: 0->0
[43.526s][info][gc,heap        ] GC(53) Humongous regions: 0->0
[43.526s][info][gc,metaspace   ] GC(53) Metaspace: 65851K(67072K)->65851K(67072K) NonClass: 57457K(58048K)->57457K(58048K) Class: 8393K(9024K)->8393K(9024K)
[43.526s][info][gc             ] GC(53) Pause Young (Concurrent Start) (G1 Evacuation Pause) 786M->269M(1232M) 38.228ms
[43.526s][info][gc             ] GC(54) Concurrent Mark Cycle
[43.526s][info][gc,cpu         ] GC(53) User=0.64s Sys=0.00s Real=0.03s
[43.526s][info][gc,marking     ] GC(54) Concurrent Scan Root Regions
[43.557s][info][gc,marking     ] GC(54) Concurrent Scan Root Regions 30.569ms
[43.557s][info][gc,marking     ] GC(54) Concurrent Mark
[43.557s][info][gc,marking     ] GC(54) Concurrent Mark From Roots
[43.557s][info][gc,task        ] GC(54) Using 8 workers of 8 for marking
[43.600s][info][gc,marking     ] GC(54) Concurrent Mark From Roots 43.315ms
[43.600s][info][gc,marking     ] GC(54) Concurrent Preclean
[43.600s][info][gc,marking     ] GC(54) Concurrent Preclean 0.361ms
[43.607s][info][gc,start       ] GC(54) Pause Remark
[43.610s][info][gc             ] GC(54) Pause Remark 411M->411M(1232M) 3.120ms
[43.610s][info][gc,cpu         ] GC(54) User=0.00s Sys=0.00s Real=0.00s
[43.610s][info][gc,marking     ] GC(54) Concurrent Mark 53.879ms
[43.611s][info][gc,marking     ] GC(54) Concurrent Rebuild Remembered Sets and Scrub Regions
[43.634s][info][gc,marking     ] GC(54) Concurrent Rebuild Remembered Sets and Scrub Regions 23.735ms
[43.640s][info][gc,start       ] GC(54) Pause Cleanup
[43.640s][info][gc             ] GC(54) Pause Cleanup 461M->461M(1232M) 0.151ms
[43.640s][info][gc,cpu         ] GC(54) User=0.00s Sys=0.00s Real=0.00s
[43.640s][info][gc,marking     ] GC(54) Concurrent Clear Claimed Marks
[43.641s][info][gc,marking     ] GC(54) Concurrent Clear Claimed Marks 0.116ms
[43.641s][info][gc,marking     ] GC(54) Concurrent Cleanup for Next Mark
[43.642s][info][gc,marking     ] GC(54) Concurrent Cleanup for Next Mark 0.942ms
[43.642s][info][gc             ] GC(54) Concurrent Mark Cycle 115.728ms
[43.803s][info][gc,start       ] GC(55) Pause Young (Prepare Mixed) (G1 Evacuation Pause)
[43.803s][info][gc,task        ] GC(55) Using 29 workers of 33 for evacuation
[43.837s][info][gc,phases      ] GC(55)   Pre Evacuate Collection Set: 0.2ms
[43.837s][info][gc,phases      ] GC(55)   Merge Heap Roots: 0.2ms
[43.837s][info][gc,phases      ] GC(55)   Evacuate Collection Set: 33.1ms
[43.837s][info][gc,phases      ] GC(55)   Post Evacuate Collection Set: 0.4ms
[43.838s][info][gc,phases      ] GC(55)   Other: 0.1ms
[43.838s][info][gc,heap        ] GC(55) Eden regions: 31->0(29)
[43.838s][info][gc,heap        ] GC(55) Survivor regions: 5->4(5)
[43.838s][info][gc,heap        ] GC(55) Old regions: 26->31
[43.838s][info][gc,heap        ] GC(55) Archive regions: 0->0
[43.838s][info][gc,heap        ] GC(55) Humongous regions: 0->0
[43.838s][info][gc,metaspace   ] GC(55) Metaspace: 65856K(67072K)->65856K(67072K) NonClass: 57462K(58048K)->57462K(58048K) Class: 8393K(9024K)->8393K(9024K)
[43.838s][info][gc             ] GC(55) Pause Young (Prepare Mixed) (G1 Evacuation Pause) 765M->321M(1232M) 34.287ms
[43.838s][info][gc,cpu         ] GC(55) User=1.09s Sys=0.02s Real=0.05s
[44.067s][info][gc,start       ] GC(56) Pause Young (Mixed) (G1 Evacuation Pause)
[44.067s][info][gc,task        ] GC(56) Using 29 workers of 33 for evacuation
[44.096s][info][gc,phases      ] GC(56)   Pre Evacuate Collection Set: 0.2ms
[44.096s][info][gc,phases      ] GC(56)   Merge Heap Roots: 0.2ms
[44.096s][info][gc,phases      ] GC(56)   Evacuate Collection Set: 28.3ms
[44.096s][info][gc,phases      ] GC(56)   Post Evacuate Collection Set: 0.7ms
[44.096s][info][gc,phases      ] GC(56)   Other: 0.2ms
[44.096s][info][gc,heap        ] GC(56) Eden regions: 29->0(35)
[44.096s][info][gc,heap        ] GC(56) Survivor regions: 4->3(5)
[44.096s][info][gc,heap        ] GC(56) Old regions: 31->26
[44.096s][info][gc,heap        ] GC(56) Archive regions: 0->0
[44.096s][info][gc,heap        ] GC(56) Humongous regions: 0->0
[44.096s][info][gc,metaspace   ] GC(56) Metaspace: 65856K(67072K)->65856K(67072K) NonClass: 57462K(58048K)->57462K(58048K) Class: 8393K(9024K)->8393K(9024K)
[44.097s][info][gc             ] GC(56) Pause Young (Mixed) (G1 Evacuation Pause) 785M->342M(1232M) 29.824ms
[44.097s][info][gc,cpu         ] GC(56) User=0.64s Sys=0.00s Real=0.03s
[45.110s][info][gc,start       ] GC(57) Pause Young (Mixed) (G1 Evacuation Pause)
[45.110s][info][gc,task        ] GC(57) Using 29 workers of 33 for evacuation
[45.152s][info][gc,phases      ] GC(57)   Pre Evacuate Collection Set: 0.2ms
[45.152s][info][gc,phases      ] GC(57)   Merge Heap Roots: 1.0ms
[45.152s][info][gc,phases      ] GC(57)   Evacuate Collection Set: 36.7ms
[45.152s][info][gc,phases      ] GC(57)   Post Evacuate Collection Set: 3.8ms
[45.152s][info][gc,phases      ] GC(57)   Other: 0.2ms
[45.152s][info][gc,heap        ] GC(57) Eden regions: 35->0(87)
[45.152s][info][gc,heap        ] GC(57) Survivor regions: 3->5(5)
[45.152s][info][gc,heap        ] GC(57) Old regions: 26->26
[45.152s][info][gc,heap        ] GC(57) Archive regions: 0->0
[45.152s][info][gc,heap        ] GC(57) Humongous regions: 0->0
[45.152s][info][gc,metaspace   ] GC(57) Metaspace: 65943K(67136K)->65943K(67136K) NonClass: 57550K(58112K)->57550K(58112K) Class: 8393K(9024K)->8393K(9024K)
[45.152s][info][gc             ] GC(57) Pause Young (Mixed) (G1 Evacuation Pause) 902M->421M(2464M) 42.058ms
[45.152s][info][gc,cpu         ] GC(57) User=1.36s Sys=0.00s Real=0.05s
[45.986s][info][gc,start       ] GC(58) Pause Young (Normal) (G1 Evacuation Pause)
[45.987s][info][gc,task        ] GC(58) Using 33 workers of 33 for evacuation
[46.042s][info][gc,phases      ] GC(58)   Pre Evacuate Collection Set: 0.2ms
[46.042s][info][gc,phases      ] GC(58)   Merge Heap Roots: 0.6ms
[46.042s][info][gc,phases      ] GC(58)   Evacuate Collection Set: 53.6ms
[46.042s][info][gc,phases      ] GC(58)   Post Evacuate Collection Set: 0.7ms
[46.042s][info][gc,phases      ] GC(58)   Other: 0.2ms
[46.042s][info][gc,heap        ] GC(58) Eden regions: 87->0(80)
[46.042s][info][gc,heap        ] GC(58) Survivor regions: 5->12(12)
[46.042s][info][gc,heap        ] GC(58) Old regions: 26->26
[46.042s][info][gc,heap        ] GC(58) Archive regions: 0->0
[46.042s][info][gc,heap        ] GC(58) Humongous regions: 0->0
[46.042s][info][gc,metaspace   ] GC(58) Metaspace: 65943K(67136K)->65943K(67136K) NonClass: 57550K(58112K)->57550K(58112K) Class: 8393K(9024K)->8393K(9024K)
[46.042s][info][gc             ] GC(58) Pause Young (Normal) (G1 Evacuation Pause) 1813M->545M(2464M) 55.651ms
[46.042s][info][gc,cpu         ] GC(58) User=1.55s Sys=0.00s Real=0.05s
[47.741s][info][gc,start       ] GC(59) Pause Young (Normal) (G1 Evacuation Pause)
[47.741s][info][gc,task        ] GC(59) Using 33 workers of 33 for evacuation
[47.769s][info][gc,phases      ] GC(59)   Pre Evacuate Collection Set: 0.2ms
[47.769s][info][gc,phases      ] GC(59)   Merge Heap Roots: 0.5ms
[47.769s][info][gc,phases      ] GC(59)   Evacuate Collection Set: 26.5ms
[47.769s][info][gc,phases      ] GC(59)   Post Evacuate Collection Set: 0.7ms
[47.769s][info][gc,phases      ] GC(59)   Other: 0.2ms
[47.769s][info][gc,heap        ] GC(59) Eden regions: 80->0(88)
[47.769s][info][gc,heap        ] GC(59) Survivor regions: 12->4(12)
[47.769s][info][gc,heap        ] GC(59) Old regions: 26->29
[47.769s][info][gc,heap        ] GC(59) Archive regions: 0->0
[47.770s][info][gc,heap        ] GC(59) Humongous regions: 0->0
[47.770s][info][gc,metaspace   ] GC(59) Metaspace: 66039K(67200K)->66039K(67200K) NonClass: 57644K(58176K)->57644K(58176K) Class: 8395K(9024K)->8395K(9024K)
[47.770s][info][gc             ] GC(59) Pause Young (Normal) (G1 Evacuation Pause) 1825M->454M(2464M) 28.483ms
[47.770s][info][gc,cpu         ] GC(59) User=1.03s Sys=0.00s Real=0.03s
[48.725s][info][gc,start       ] GC(60) Pause Full (System.gc())
[48.725s][info][gc,task        ] GC(60) Using 14 workers of 33 for full compaction
[48.726s][info][gc,phases,start] GC(60) Phase 1: Mark live objects
[48.762s][info][gc,phases      ] GC(60) Phase 1: Mark live objects 35.815ms
[48.762s][info][gc,phases,start] GC(60) Phase 2: Prepare compaction
[48.771s][info][gc,phases      ] GC(60) Phase 2: Prepare compaction 9.315ms
[48.771s][info][gc,phases,start] GC(60) Phase 3: Adjust pointers
[48.785s][info][gc,phases      ] GC(60) Phase 3: Adjust pointers 14.200ms
[48.786s][info][gc,phases,start] GC(60) Phase 4: Compact heap
[48.792s][info][gc,phases      ] GC(60) Phase 4: Compact heap 6.715ms
[48.802s][info][gc,heap        ] GC(60) Eden regions: 86->0(36)
[48.802s][info][gc,heap        ] GC(60) Survivor regions: 4->0(12)
[48.802s][info][gc,heap        ] GC(60) Old regions: 29->20
[48.802s][info][gc,heap        ] GC(60) Archive regions: 0->0
[48.802s][info][gc,heap        ] GC(60) Humongous regions: 6->0
[48.802s][info][gc,metaspace   ] GC(60) Metaspace: 66070K(67200K)->66070K(67200K) NonClass: 57674K(58176K)->57674K(58176K) Class: 8395K(9024K)->8395K(9024K)
[48.802s][info][gc             ] GC(60) Pause Full (System.gc()) 1915M->146M(1072M) 76.857ms
[48.802s][info][gc,cpu         ] GC(60) User=0.59s Sys=0.02s Real=0.08s
[49.125s][info][gc,start       ] GC(61) Pause Young (Concurrent Start) (G1 Evacuation Pause)
[49.125s][info][gc,task        ] GC(61) Using 25 workers of 33 for evacuation
[49.160s][info][gc,phases      ] GC(61)   Pre Evacuate Collection Set: 0.3ms
[49.160s][info][gc,phases      ] GC(61)   Merge Heap Roots: 0.2ms
[49.160s][info][gc,phases      ] GC(61)   Evacuate Collection Set: 34.1ms
[49.161s][info][gc,phases      ] GC(61)   Post Evacuate Collection Set: 0.5ms
[49.161s][info][gc,phases      ] GC(61)   Other: 0.2ms
[49.161s][info][gc,heap        ] GC(61) Eden regions: 36->0(27)
[49.161s][info][gc,heap        ] GC(61) Survivor regions: 0->5(5)
[49.161s][info][gc,heap        ] GC(61) Old regions: 20->23
[49.161s][info][gc,heap        ] GC(61) Archive regions: 0->0
[49.161s][info][gc,heap        ] GC(61) Humongous regions: 0->0
[49.161s][info][gc,metaspace   ] GC(61) Metaspace: 66098K(67264K)->66098K(67264K) NonClass: 57702K(58240K)->57702K(58240K) Class: 8395K(9024K)->8395K(9024K)
[49.161s][info][gc             ] GC(61) Pause Young (Concurrent Start) (G1 Evacuation Pause) 722M->265M(1072M) 35.699ms
[49.161s][info][gc             ] GC(62) Concurrent Mark Cycle
[49.161s][info][gc,cpu         ] GC(61) User=0.78s Sys=0.00s Real=0.03s
[49.161s][info][gc,marking     ] GC(62) Concurrent Scan Root Regions
[49.205s][info][gc,marking     ] GC(62) Concurrent Scan Root Regions 44.199ms
[49.205s][info][gc,marking     ] GC(62) Concurrent Mark
[49.205s][info][gc,marking     ] GC(62) Concurrent Mark From Roots
[49.205s][info][gc,task        ] GC(62) Using 8 workers of 8 for marking
[49.243s][info][gc,marking     ] GC(62) Concurrent Mark From Roots 37.801ms
[49.243s][info][gc,marking     ] GC(62) Concurrent Preclean
[49.243s][info][gc,marking     ] GC(62) Concurrent Preclean 0.368ms
[49.258s][info][gc,start       ] GC(62) Pause Remark
[49.260s][info][gc             ] GC(62) Pause Remark 425M->425M(1072M) 2.746ms
[49.260s][info][gc,cpu         ] GC(62) User=0.39s Sys=0.00s Real=0.02s
[49.260s][info][gc,marking     ] GC(62) Concurrent Mark 55.433ms
[49.261s][info][gc,marking     ] GC(62) Concurrent Rebuild Remembered Sets and Scrub Regions
[49.283s][info][gc,marking     ] GC(62) Concurrent Rebuild Remembered Sets and Scrub Regions 22.433ms
[49.290s][info][gc,start       ] GC(62) Pause Cleanup
[49.290s][info][gc             ] GC(62) Pause Cleanup 473M->473M(1072M) 0.159ms
[49.290s][info][gc,cpu         ] GC(62) User=0.00s Sys=0.00s Real=0.00s
[49.290s][info][gc,marking     ] GC(62) Concurrent Clear Claimed Marks
[49.291s][info][gc,marking     ] GC(62) Concurrent Clear Claimed Marks 0.107ms
[49.291s][info][gc,marking     ] GC(62) Concurrent Cleanup for Next Mark
[49.291s][info][gc,marking     ] GC(62) Concurrent Cleanup for Next Mark 0.856ms
[49.291s][info][gc             ] GC(62) Concurrent Mark Cycle 130.770ms
[49.417s][info][gc,start       ] GC(63) Pause Young (Prepare Mixed) (G1 Evacuation Pause)
[49.417s][info][gc,task        ] GC(63) Using 25 workers of 33 for evacuation
[49.455s][info][gc,phases      ] GC(63)   Pre Evacuate Collection Set: 0.2ms
[49.455s][info][gc,phases      ] GC(63)   Merge Heap Roots: 0.2ms
[49.455s][info][gc,phases      ] GC(63)   Evacuate Collection Set: 36.8ms
[49.455s][info][gc,phases      ] GC(63)   Post Evacuate Collection Set: 0.4ms
[49.455s][info][gc,phases      ] GC(63)   Other: 0.2ms
[49.455s][info][gc,heap        ] GC(63) Eden regions: 27->0(25)
[49.455s][info][gc,heap        ] GC(63) Survivor regions: 5->4(4)
[49.455s][info][gc,heap        ] GC(63) Old regions: 23->27
[49.455s][info][gc,heap        ] GC(63) Archive regions: 0->0
[49.455s][info][gc,heap        ] GC(63) Humongous regions: 0->0
[49.455s][info][gc,metaspace   ] GC(63) Metaspace: 66098K(67264K)->66098K(67264K) NonClass: 57702K(58240K)->57702K(58240K) Class: 8395K(9024K)->8395K(9024K)
[49.455s][info][gc             ] GC(63) Pause Young (Prepare Mixed) (G1 Evacuation Pause) 697M->317M(1072M) 38.047ms
[49.455s][info][gc,cpu         ] GC(63) User=0.61s Sys=0.00s Real=0.03s
[49.645s][info][gc,start       ] GC(64) Pause Young (Mixed) (G1 Evacuation Pause)
[49.645s][info][gc,task        ] GC(64) Using 25 workers of 33 for evacuation
[49.679s][info][gc,phases      ] GC(64)   Pre Evacuate Collection Set: 0.2ms
[49.679s][info][gc,phases      ] GC(64)   Merge Heap Roots: 0.2ms
[49.679s][info][gc,phases      ] GC(64)   Evacuate Collection Set: 29.9ms
[49.679s][info][gc,phases      ] GC(64)   Post Evacuate Collection Set: 4.0ms
[49.679s][info][gc,phases      ] GC(64)   Other: 0.1ms
[49.679s][info][gc,heap        ] GC(64) Eden regions: 25->0(78)
[49.679s][info][gc,heap        ] GC(64) Survivor regions: 4->2(4)
[49.679s][info][gc,heap        ] GC(64) Old regions: 27->24
[49.679s][info][gc,heap        ] GC(64) Archive regions: 0->0
[49.679s][info][gc,heap        ] GC(64) Humongous regions: 0->0
[49.679s][info][gc,metaspace   ] GC(64) Metaspace: 66098K(67264K)->66098K(67264K) NonClass: 57702K(58240K)->57702K(58240K) Class: 8395K(9024K)->8395K(9024K)
[49.679s][info][gc             ] GC(64) Pause Young (Mixed) (G1 Evacuation Pause) 717M->345M(2144M) 34.772ms
[49.679s][info][gc,cpu         ] GC(64) User=0.48s Sys=0.00s Real=0.03s
[51.185s][info][gc,start       ] GC(65) Pause Young (Mixed) (G1 Evacuation Pause)
[51.185s][info][gc,task        ] GC(65) Using 33 workers of 33 for evacuation
[51.235s][info][gc,phases      ] GC(65)   Pre Evacuate Collection Set: 0.2ms
[51.235s][info][gc,phases      ] GC(65)   Merge Heap Roots: 0.9ms
[51.235s][info][gc,phases      ] GC(65)   Evacuate Collection Set: 47.9ms
[51.235s][info][gc,phases      ] GC(65)   Post Evacuate Collection Set: 0.6ms
[51.235s][info][gc,phases      ] GC(65)   Other: 0.2ms
[51.235s][info][gc,heap        ] GC(65) Eden regions: 78->0(70)
[51.235s][info][gc,heap        ] GC(65) Survivor regions: 2->10(10)
[51.235s][info][gc,heap        ] GC(65) Old regions: 24->24
[51.235s][info][gc,heap        ] GC(65) Archive regions: 0->0
[51.235s][info][gc,heap        ] GC(65) Humongous regions: 0->0
[51.235s][info][gc,metaspace   ] GC(65) Metaspace: 66118K(67264K)->66118K(67264K) NonClass: 57721K(58240K)->57721K(58240K) Class: 8396K(9024K)->8396K(9024K)
[51.235s][info][gc             ] GC(65) Pause Young (Mixed) (G1 Evacuation Pause) 1593M->483M(2144M) 50.099ms
[51.235s][info][gc,cpu         ] GC(65) User=2.06s Sys=0.00s Real=0.06s
[52.414s][info][gc,start       ] GC(66) Pause Young (Normal) (G1 Evacuation Pause)
[52.414s][info][gc,task        ] GC(66) Using 33 workers of 33 for evacuation
[52.436s][info][gc,phases      ] GC(66)   Pre Evacuate Collection Set: 0.2ms
[52.436s][info][gc,phases      ] GC(66)   Merge Heap Roots: 0.4ms
[52.436s][info][gc,phases      ] GC(66)   Evacuate Collection Set: 20.9ms
[52.436s][info][gc,phases      ] GC(66)   Post Evacuate Collection Set: 0.6ms
[52.436s][info][gc,phases      ] GC(66)   Other: 0.2ms
[52.436s][info][gc,heap        ] GC(66) Eden regions: 70->0(78)
[52.436s][info][gc,heap        ] GC(66) Survivor regions: 10->2(10)
[52.436s][info][gc,heap        ] GC(66) Old regions: 24->27
[52.436s][info][gc,heap        ] GC(66) Archive regions: 0->0
[52.436s][info][gc,heap        ] GC(66) Humongous regions: 0->0
[52.436s][info][gc,metaspace   ] GC(66) Metaspace: 66140K(67264K)->66140K(67264K) NonClass: 57743K(58240K)->57743K(58240K) Class: 8396K(9024K)->8396K(9024K)
[52.437s][info][gc             ] GC(66) Pause Young (Normal) (G1 Evacuation Pause) 1603M->400M(2144M) 22.738ms
[52.437s][info][gc,cpu         ] GC(66) User=1.03s Sys=0.00s Real=0.03s
[53.641s][info][gc,start       ] GC(67) Pause Young (Normal) (G1 Evacuation Pause)
[53.641s][info][gc,task        ] GC(67) Using 33 workers of 33 for evacuation
[53.664s][info][gc,phases      ] GC(67)   Pre Evacuate Collection Set: 0.2ms
[53.664s][info][gc,phases      ] GC(67)   Merge Heap Roots: 0.2ms
[53.664s][info][gc,phases      ] GC(67)   Evacuate Collection Set: 22.2ms
[53.664s][info][gc,phases      ] GC(67)   Post Evacuate Collection Set: 0.8ms
[53.664s][info][gc,phases      ] GC(67)   Other: 0.2ms
[53.664s][info][gc,heap        ] GC(67) Eden regions: 78->0(75)
[53.664s][info][gc,heap        ] GC(67) Survivor regions: 2->5(10)
[53.664s][info][gc,heap        ] GC(67) Old regions: 27->27
[53.664s][info][gc,heap        ] GC(67) Archive regions: 0->0
[53.664s][info][gc,heap        ] GC(67) Humongous regions: 0->0
[53.665s][info][gc,metaspace   ] GC(67) Metaspace: 66270K(67456K)->66270K(67456K) NonClass: 57872K(58432K)->57872K(58432K) Class: 8397K(9024K)->8397K(9024K)
[53.665s][info][gc             ] GC(67) Pause Young (Normal) (G1 Evacuation Pause) 1648M->442M(2144M) 24.009ms
[53.665s][info][gc,cpu         ] GC(67) User=0.52s Sys=0.00s Real=0.02s
[54.461s][info][gc,start       ] GC(68) Pause Full (System.gc())
[54.461s][info][gc,task        ] GC(68) Using 12 workers of 33 for full compaction
[54.462s][info][gc,phases,start] GC(68) Phase 1: Mark live objects
[54.500s][info][gc,phases      ] GC(68) Phase 1: Mark live objects 37.616ms
[54.500s][info][gc,phases,start] GC(68) Phase 2: Prepare compaction
[54.507s][info][gc,phases      ] GC(68) Phase 2: Prepare compaction 7.487ms
[54.507s][info][gc,phases,start] GC(68) Phase 3: Adjust pointers
[54.522s][info][gc,phases      ] GC(68) Phase 3: Adjust pointers 14.567ms
[54.522s][info][gc,phases,start] GC(68) Phase 4: Compact heap
[54.527s][info][gc,phases      ] GC(68) Phase 4: Compact heap 5.121ms
[54.536s][info][gc,heap        ] GC(68) Eden regions: 73->0(30)
[54.536s][info][gc,heap        ] GC(68) Survivor regions: 5->0(10)
[54.536s][info][gc,heap        ] GC(68) Old regions: 27->18
[54.536s][info][gc,heap        ] GC(68) Archive regions: 0->0
[54.536s][info][gc,heap        ] GC(68) Humongous regions: 5->0
[54.536s][info][gc,metaspace   ] GC(68) Metaspace: 66317K(67456K)->66317K(67456K) NonClass: 57919K(58432K)->57919K(58432K) Class: 8397K(9024K)->8397K(9024K)
[54.536s][info][gc             ] GC(68) Pause Full (System.gc()) 1690M->146M(960M) 74.945ms
[54.536s][info][gc,cpu         ] GC(68) User=0.75s Sys=0.02s Real=0.08s
[54.846s][info][gc,start       ] GC(69) Pause Young (Concurrent Start) (G1 Evacuation Pause)
[54.846s][info][gc,task        ] GC(69) Using 23 workers of 33 for evacuation
[54.880s][info][gc,phases      ] GC(69)   Pre Evacuate Collection Set: 0.3ms
[54.880s][info][gc,phases      ] GC(69)   Merge Heap Roots: 0.2ms
[54.880s][info][gc,phases      ] GC(69)   Evacuate Collection Set: 30.5ms
[54.880s][info][gc,phases      ] GC(69)   Post Evacuate Collection Set: 2.9ms
[54.880s][info][gc,phases      ] GC(69)   Other: 0.2ms
[54.880s][info][gc,heap        ] GC(69) Eden regions: 30->0(61)
[54.880s][info][gc,heap        ] GC(69) Survivor regions: 0->4(4)
[54.880s][info][gc,heap        ] GC(69) Old regions: 18->21
[54.880s][info][gc,heap        ] GC(69) Archive regions: 0->0
[54.880s][info][gc,heap        ] GC(69) Humongous regions: 0->0
[54.880s][info][gc,metaspace   ] GC(69) Metaspace: 66333K(67456K)->66333K(67456K) NonClass: 57936K(58432K)->57936K(58432K) Class: 8397K(9024K)->8397K(9024K)
[54.880s][info][gc             ] GC(69) Pause Young (Concurrent Start) (G1 Evacuation Pause) 626M->255M(1744M) 34.447ms
[54.880s][info][gc             ] GC(70) Concurrent Mark Cycle
[54.880s][info][gc,cpu         ] GC(69) User=0.67s Sys=0.00s Real=0.03s
[54.880s][info][gc,marking     ] GC(70) Concurrent Scan Root Regions
[54.932s][info][gc,marking     ] GC(70) Concurrent Scan Root Regions 51.613ms
[54.932s][info][gc,marking     ] GC(70) Concurrent Mark
[54.932s][info][gc,marking     ] GC(70) Concurrent Mark From Roots
[54.932s][info][gc,task        ] GC(70) Using 8 workers of 8 for marking
[54.972s][info][gc,marking     ] GC(70) Concurrent Mark From Roots 39.992ms
[54.975s][info][gc,marking     ] GC(70) Concurrent Preclean
[54.976s][info][gc,marking     ] GC(70) Concurrent Preclean 0.390ms
[54.976s][info][gc,start       ] GC(70) Pause Remark
[54.978s][info][gc             ] GC(70) Pause Remark 434M->434M(1744M) 2.347ms
[54.978s][info][gc,cpu         ] GC(70) User=0.00s Sys=0.00s Real=0.00s
[54.978s][info][gc,marking     ] GC(70) Concurrent Mark 46.404ms
[54.979s][info][gc,marking     ] GC(70) Concurrent Rebuild Remembered Sets and Scrub Regions
[55.000s][info][gc,marking     ] GC(70) Concurrent Rebuild Remembered Sets and Scrub Regions 21.037ms
[55.000s][info][gc,start       ] GC(70) Pause Cleanup
[55.000s][info][gc             ] GC(70) Pause Cleanup 472M->472M(1744M) 0.129ms
[55.000s][info][gc,cpu         ] GC(70) User=0.00s Sys=0.00s Real=0.00s
[55.000s][info][gc,marking     ] GC(70) Concurrent Clear Claimed Marks
[55.000s][info][gc,marking     ] GC(70) Concurrent Clear Claimed Marks 0.118ms
[55.000s][info][gc,marking     ] GC(70) Concurrent Cleanup for Next Mark
[55.002s][info][gc,marking     ] GC(70) Concurrent Cleanup for Next Mark 1.870ms
[55.002s][info][gc             ] GC(70) Concurrent Mark Cycle 121.739ms
[55.410s][info][gc,start       ] GC(71) Pause Young (Prepare Mixed) (G1 Evacuation Pause)
[55.410s][info][gc,task        ] GC(71) Using 33 workers of 33 for evacuation
[55.449s][info][gc,phases      ] GC(71)   Pre Evacuate Collection Set: 0.2ms
[55.449s][info][gc,phases      ] GC(71)   Merge Heap Roots: 0.2ms
[55.449s][info][gc,phases      ] GC(71)   Evacuate Collection Set: 38.1ms
[55.449s][info][gc,phases      ] GC(71)   Post Evacuate Collection Set: 0.6ms
[55.449s][info][gc,phases      ] GC(71)   Other: 0.2ms
[55.449s][info][gc,heap        ] GC(71) Eden regions: 61->0(56)
[55.449s][info][gc,heap        ] GC(71) Survivor regions: 4->9(9)
[55.449s][info][gc,heap        ] GC(71) Old regions: 21->21
[55.449s][info][gc,heap        ] GC(71) Archive regions: 0->0
[55.449s][info][gc,heap        ] GC(71) Humongous regions: 0->0
[55.449s][info][gc,metaspace   ] GC(71) Metaspace: 66333K(67456K)->66333K(67456K) NonClass: 57936K(58432K)->57936K(58432K) Class: 8397K(9024K)->8397K(9024K)
[55.449s][info][gc             ] GC(71) Pause Young (Prepare Mixed) (G1 Evacuation Pause) 1231M->335M(1744M) 39.505ms
[55.449s][info][gc,cpu         ] GC(71) User=0.89s Sys=0.00s Real=0.05s
[56.534s][info][gc,start       ] GC(72) Pause Young (Mixed) (G1 Evacuation Pause)
[56.535s][info][gc,task        ] GC(72) Using 33 workers of 33 for evacuation
[56.558s][info][gc,phases      ] GC(72)   Pre Evacuate Collection Set: 0.2ms
[56.558s][info][gc,phases      ] GC(72)   Merge Heap Roots: 0.2ms
[56.558s][info][gc,phases      ] GC(72)   Evacuate Collection Set: 21.9ms
[56.558s][info][gc,phases      ] GC(72)   Post Evacuate Collection Set: 0.7ms
[56.558s][info][gc,phases      ] GC(72)   Other: 0.2ms
[56.558s][info][gc,heap        ] GC(72) Eden regions: 56->0(58)
[56.558s][info][gc,heap        ] GC(72) Survivor regions: 9->7(9)
[56.558s][info][gc,heap        ] GC(72) Old regions: 21->17
[56.558s][info][gc,heap        ] GC(72) Archive regions: 0->0
[56.558s][info][gc,heap        ] GC(72) Humongous regions: 0->0
[56.558s][info][gc,metaspace   ] GC(72) Metaspace: 66345K(67520K)->66345K(67520K) NonClass: 57946K(58496K)->57946K(58496K) Class: 8398K(9024K)->8398K(9024K)
[56.558s][info][gc             ] GC(72) Pause Young (Mixed) (G1 Evacuation Pause) 1231M->290M(1744M) 23.478ms
[56.558s][info][gc,cpu         ] GC(72) User=0.52s Sys=0.00s Real=0.02s
[57.028s][info][gc,start       ] GC(73) Pause Young (Normal) (G1 Evacuation Pause)
[57.028s][info][gc,task        ] GC(73) Using 33 workers of 33 for evacuation
[57.074s][info][gc,phases      ] GC(73)   Pre Evacuate Collection Set: 0.2ms
[57.074s][info][gc,phases      ] GC(73)   Merge Heap Roots: 0.2ms
[57.074s][info][gc,phases      ] GC(73)   Evacuate Collection Set: 44.5ms
[57.074s][info][gc,phases      ] GC(73)   Post Evacuate Collection Set: 0.4ms
[57.074s][info][gc,phases      ] GC(73)   Other: 0.2ms
[57.074s][info][gc,heap        ] GC(73) Eden regions: 58->0(59)
[57.074s][info][gc,heap        ] GC(73) Survivor regions: 7->6(9)
[57.074s][info][gc,heap        ] GC(73) Old regions: 17->23
[57.074s][info][gc,heap        ] GC(73) Archive regions: 0->0
[57.074s][info][gc,heap        ] GC(73) Humongous regions: 0->0
[57.074s][info][gc,metaspace   ] GC(73) Metaspace: 66345K(67520K)->66345K(67520K) NonClass: 57946K(58496K)->57946K(58496K) Class: 8398K(9024K)->8398K(9024K)
[57.074s][info][gc             ] GC(73) Pause Young (Normal) (G1 Evacuation Pause) 1218M->374M(1744M) 45.876ms
[57.074s][info][gc,cpu         ] GC(73) User=1.00s Sys=0.00s Real=0.05s
[58.297s][info][gc,start       ] GC(74) Pause Young (Normal) (G1 Evacuation Pause)
[58.297s][info][gc,task        ] GC(74) Using 33 workers of 33 for evacuation
[58.336s][info][gc,phases      ] GC(74)   Pre Evacuate Collection Set: 0.2ms
[58.336s][info][gc,phases      ] GC(74)   Merge Heap Roots: 0.2ms
[58.336s][info][gc,phases      ] GC(74)   Evacuate Collection Set: 37.7ms
[58.336s][info][gc,phases      ] GC(74)   Post Evacuate Collection Set: 0.8ms
[58.336s][info][gc,phases      ] GC(74)   Other: 0.2ms
[58.336s][info][gc,heap        ] GC(74) Eden regions: 59->0(63)
[58.336s][info][gc,heap        ] GC(74) Survivor regions: 6->2(9)
[58.336s][info][gc,heap        ] GC(74) Old regions: 23->28
[58.336s][info][gc,heap        ] GC(74) Archive regions: 0->0
[58.337s][info][gc,heap        ] GC(74) Humongous regions: 0->0
[58.337s][info][gc,metaspace   ] GC(74) Metaspace: 66483K(67584K)->66483K(67584K) NonClass: 58074K(58560K)->58074K(58560K) Class: 8409K(9024K)->8409K(9024K)
[58.337s][info][gc             ] GC(74) Pause Young (Normal) (G1 Evacuation Pause) 1318M->392M(1744M) 39.486ms
[58.337s][info][gc,cpu         ] GC(74) User=0.61s Sys=0.00s Real=0.05s
[59.370s][info][gc,start       ] GC(75) Pause Young (Concurrent Start) (G1 Evacuation Pause)
[59.370s][info][gc,task        ] GC(75) Using 33 workers of 33 for evacuation
[59.400s][info][gc,phases      ] GC(75)   Pre Evacuate Collection Set: 0.3ms
[59.400s][info][gc,phases      ] GC(75)   Merge Heap Roots: 1.0ms
[59.400s][info][gc,phases      ] GC(75)   Evacuate Collection Set: 23.2ms
[59.400s][info][gc,phases      ] GC(75)   Post Evacuate Collection Set: 5.3ms
[59.400s][info][gc,phases      ] GC(75)   Other: 0.2ms
[59.400s][info][gc,heap        ] GC(75) Eden regions: 63->0(99)
[59.400s][info][gc,heap        ] GC(75) Survivor regions: 2->6(9)
[59.400s][info][gc,heap        ] GC(75) Old regions: 28->28
[59.400s][info][gc,heap        ] GC(75) Archive regions: 0->0
[59.401s][info][gc,heap        ] GC(75) Humongous regions: 0->0
[59.401s][info][gc,metaspace   ] GC(75) Metaspace: 66519K(67648K)->66519K(67648K) NonClass: 58110K(58624K)->58110K(58624K) Class: 8409K(9024K)->8409K(9024K)
[59.401s][info][gc             ] GC(75) Pause Young (Concurrent Start) (G1 Evacuation Pause) 1400M->456M(2816M) 30.312ms
[59.401s][info][gc             ] GC(76) Concurrent Mark Cycle
[59.401s][info][gc,cpu         ] GC(75) User=1.03s Sys=0.00s Real=0.03s
[59.401s][info][gc,marking     ] GC(76) Concurrent Scan Root Regions
[59.411s][info][gc,marking     ] GC(76) Concurrent Scan Root Regions 10.521ms
[59.411s][info][gc,marking     ] GC(76) Concurrent Mark
[59.411s][info][gc,marking     ] GC(76) Concurrent Mark From Roots
[59.411s][info][gc,task        ] GC(76) Using 8 workers of 8 for marking
[59.446s][info][gc,marking     ] GC(76) Concurrent Mark From Roots 34.661ms
[59.446s][info][gc,marking     ] GC(76) Concurrent Preclean
[59.446s][info][gc,marking     ] GC(76) Concurrent Preclean 0.485ms
[59.447s][info][gc,start       ] GC(76) Pause Remark
[59.449s][info][gc             ] GC(76) Pause Remark 515M->333M(1392M) 2.457ms
[59.449s][info][gc,cpu         ] GC(76) User=0.00s Sys=0.00s Real=0.00s
[59.449s][info][gc,marking     ] GC(76) Concurrent Mark 37.995ms
[59.449s][info][gc,marking     ] GC(76) Concurrent Rebuild Remembered Sets and Scrub Regions
[59.466s][info][gc,marking     ] GC(76) Concurrent Rebuild Remembered Sets and Scrub Regions 17.153ms
[59.467s][info][gc,start       ] GC(76) Pause Cleanup
[59.467s][info][gc             ] GC(76) Pause Cleanup 382M->382M(1392M) 0.143ms
[59.468s][info][gc,cpu         ] GC(76) User=0.00s Sys=0.00s Real=0.00s
[59.468s][info][gc,marking     ] GC(76) Concurrent Clear Claimed Marks
[59.468s][info][gc,marking     ] GC(76) Concurrent Clear Claimed Marks 0.080ms
[59.468s][info][gc,marking     ] GC(76) Concurrent Cleanup for Next Mark
[59.469s][info][gc,marking     ] GC(76) Concurrent Cleanup for Next Mark 1.728ms
[59.469s][info][gc             ] GC(76) Concurrent Mark Cycle 68.823ms
[59.836s][info][gc,start       ] GC(77) Pause Young (Prepare Mixed) (G1 Evacuation Pause)
[59.836s][info][gc,task        ] GC(77) Using 33 workers of 33 for evacuation
[59.859s][info][gc,phases      ] GC(77)   Pre Evacuate Collection Set: 0.3ms
[59.859s][info][gc,phases      ] GC(77)   Merge Heap Roots: 0.3ms
[59.859s][info][gc,phases      ] GC(77)   Evacuate Collection Set: 21.5ms
[59.859s][info][gc,phases      ] GC(77)   Post Evacuate Collection Set: 0.6ms
[59.859s][info][gc,phases      ] GC(77)   Other: 0.2ms
[59.859s][info][gc,heap        ] GC(77) Eden regions: 46->0(47)
[59.859s][info][gc,heap        ] GC(77) Survivor regions: 6->5(7)
[59.859s][info][gc,heap        ] GC(77) Old regions: 16->17
[59.859s][info][gc,heap        ] GC(77) Archive regions: 0->0
[59.859s][info][gc,heap        ] GC(77) Humongous regions: 4->0
[59.859s][info][gc,metaspace   ] GC(77) Metaspace: 66536K(67648K)->66536K(67648K) NonClass: 58127K(58624K)->58127K(58624K) Class: 8409K(9024K)->8409K(9024K)
[59.859s][info][gc             ] GC(77) Pause Young (Prepare Mixed) (G1 Evacuation Pause) 1074M->245M(1392M) 23.260ms
[59.859s][info][gc,cpu         ] GC(77) User=0.52s Sys=0.00s Real=0.02s
[60.014s][info][gc,start       ] GC(78) Pause Full (System.gc())
[60.014s][info][gc,task        ] GC(78) Using 8 workers of 33 for full compaction
[60.015s][info][gc,phases,start] GC(78) Phase 1: Mark live objects
[60.069s][info][gc,phases      ] GC(78) Phase 1: Mark live objects 54.297ms
[60.069s][info][gc,phases,start] GC(78) Phase 2: Prepare compaction
[60.081s][info][gc,phases      ] GC(78) Phase 2: Prepare compaction 11.955ms
[60.081s][info][gc,phases,start] GC(78) Phase 3: Adjust pointers
[60.098s][info][gc,phases      ] GC(78) Phase 3: Adjust pointers 17.090ms
[60.098s][info][gc,phases,start] GC(78) Phase 4: Compact heap
[60.107s][info][gc,phases      ] GC(78) Phase 4: Compact heap 8.245ms
[60.119s][info][gc,heap        ] GC(78) Eden regions: 13->0(24)
[60.119s][info][gc,heap        ] GC(78) Survivor regions: 5->0(7)
[60.119s][info][gc,heap        ] GC(78) Old regions: 17->14
[60.119s][info][gc,heap        ] GC(78) Archive regions: 0->0
[60.120s][info][gc,heap        ] GC(78) Humongous regions: 0->0
[60.120s][info][gc,metaspace   ] GC(78) Metaspace: 66536K(67648K)->66536K(67648K) NonClass: 58127K(58624K)->58127K(58624K) Class: 8409K(9024K)->8409K(9024K)
[60.120s][info][gc             ] GC(78) Pause Full (System.gc()) 448M->146M(752M) 105.333ms
[60.120s][info][gc,cpu         ] GC(78) User=0.64s Sys=0.00s Real=0.11s
[60.333s][info][gc,start       ] GC(79) Pause Young (Concurrent Start) (G1 Evacuation Pause)
[60.333s][info][gc,task        ] GC(79) Using 18 workers of 33 for evacuation
[60.363s][info][gc,phases      ] GC(79)   Pre Evacuate Collection Set: 0.3ms
[60.363s][info][gc,phases      ] GC(79)   Merge Heap Roots: 0.1ms
[60.363s][info][gc,phases      ] GC(79)   Evacuate Collection Set: 28.5ms
[60.363s][info][gc,phases      ] GC(79)   Post Evacuate Collection Set: 0.5ms
[60.363s][info][gc,phases      ] GC(79)   Other: 0.2ms
[60.363s][info][gc,heap        ] GC(79) Eden regions: 24->0(17)
[60.363s][info][gc,heap        ] GC(79) Survivor regions: 0->3(3)
[60.363s][info][gc,heap        ] GC(79) Old regions: 14->17
[60.363s][info][gc,heap        ] GC(79) Archive regions: 0->0
[60.363s][info][gc,heap        ] GC(79) Humongous regions: 0->0
[60.363s][info][gc,metaspace   ] GC(79) Metaspace: 66548K(67648K)->66548K(67648K) NonClass: 58139K(58624K)->58139K(58624K) Class: 8409K(9024K)->8409K(9024K)
[60.363s][info][gc             ] GC(79) Pause Young (Concurrent Start) (G1 Evacuation Pause) 530M->241M(752M) 29.884ms
[60.363s][info][gc             ] GC(80) Concurrent Mark Cycle
[60.363s][info][gc,cpu         ] GC(79) User=0.56s Sys=0.00s Real=0.03s
[60.363s][info][gc,marking     ] GC(80) Concurrent Scan Root Regions
[60.395s][info][gc,marking     ] GC(80) Concurrent Scan Root Regions 31.996ms
[60.395s][info][gc,marking     ] GC(80) Concurrent Mark
[60.395s][info][gc,marking     ] GC(80) Concurrent Mark From Roots
[60.395s][info][gc,task        ] GC(80) Using 8 workers of 8 for marking
[60.432s][info][gc,marking     ] GC(80) Concurrent Mark From Roots 36.216ms
[60.432s][info][gc,marking     ] GC(80) Concurrent Preclean
[60.432s][info][gc,marking     ] GC(80) Concurrent Preclean 0.315ms
[60.432s][info][gc,start       ] GC(80) Pause Remark
[60.434s][info][gc             ] GC(80) Pause Remark 371M->371M(784M) 1.871ms
[60.434s][info][gc,cpu         ] GC(80) User=0.00s Sys=0.00s Real=0.00s
[60.434s][info][gc,marking     ] GC(80) Concurrent Mark 38.738ms
[60.434s][info][gc,marking     ] GC(80) Concurrent Rebuild Remembered Sets and Scrub Regions
[60.455s][info][gc,marking     ] GC(80) Concurrent Rebuild Remembered Sets and Scrub Regions 20.929ms
[60.455s][info][gc,start       ] GC(80) Pause Cleanup
[60.455s][info][gc             ] GC(80) Pause Cleanup 397M->397M(784M) 0.100ms
[60.455s][info][gc,cpu         ] GC(80) User=0.00s Sys=0.00s Real=0.00s
[60.455s][info][gc,marking     ] GC(80) Concurrent Clear Claimed Marks
[60.455s][info][gc,marking     ] GC(80) Concurrent Clear Claimed Marks 0.084ms
[60.455s][info][gc,marking     ] GC(80) Concurrent Cleanup for Next Mark
[60.456s][info][gc,marking     ] GC(80) Concurrent Cleanup for Next Mark 0.637ms
[60.456s][info][gc             ] GC(80) Concurrent Mark Cycle 92.945ms
[60.513s][info][gc,start       ] GC(81) Pause Young (Prepare Mixed) (G1 Evacuation Pause)
[60.514s][info][gc,task        ] GC(81) Using 18 workers of 33 for evacuation
[60.541s][info][gc,phases      ] GC(81)   Pre Evacuate Collection Set: 0.2ms
[60.541s][info][gc,phases      ] GC(81)   Merge Heap Roots: 0.1ms
[60.541s][info][gc,phases      ] GC(81)   Evacuate Collection Set: 26.8ms
[60.541s][info][gc,phases      ] GC(81)   Post Evacuate Collection Set: 0.4ms
[60.541s][info][gc,phases      ] GC(81)   Other: 0.1ms
[60.541s][info][gc,heap        ] GC(81) Eden regions: 17->0(17)
[60.541s][info][gc,heap        ] GC(81) Survivor regions: 3->3(3)
[60.541s][info][gc,heap        ] GC(81) Old regions: 17->20
[60.541s][info][gc,heap        ] GC(81) Archive regions: 0->0
[60.541s][info][gc,heap        ] GC(81) Humongous regions: 0->0
[60.541s][info][gc,metaspace   ] GC(81) Metaspace: 66548K(67648K)->66548K(67648K) NonClass: 58139K(58624K)->58139K(58624K) Class: 8409K(9024K)->8409K(9024K)
[60.541s][info][gc             ] GC(81) Pause Young (Prepare Mixed) (G1 Evacuation Pause) 513M->278M(784M) 28.012ms
[60.542s][info][gc,cpu         ] GC(81) User=0.56s Sys=0.00s Real=0.03s
[60.685s][info][gc,start       ] GC(82) Pause Young (Mixed) (G1 Evacuation Pause)
[60.685s][info][gc,task        ] GC(82) Using 18 workers of 33 for evacuation
[60.712s][info][gc,phases      ] GC(82)   Pre Evacuate Collection Set: 0.1ms
[60.713s][info][gc,phases      ] GC(82)   Merge Heap Roots: 0.1ms
[60.713s][info][gc,phases      ] GC(82)   Evacuate Collection Set: 26.8ms
[60.713s][info][gc,phases      ] GC(82)   Post Evacuate Collection Set: 0.4ms
[60.713s][info][gc,phases      ] GC(82)   Other: 0.1ms
[60.713s][info][gc,heap        ] GC(82) Eden regions: 17->0(18)
[60.713s][info][gc,heap        ] GC(82) Survivor regions: 3->3(3)
[60.713s][info][gc,heap        ] GC(82) Old regions: 20->19
[60.713s][info][gc,heap        ] GC(82) Archive regions: 0->0
[60.713s][info][gc,heap        ] GC(82) Humongous regions: 0->0
[60.713s][info][gc,metaspace   ] GC(82) Metaspace: 66548K(67648K)->66548K(67648K) NonClass: 58139K(58624K)->58139K(58624K) Class: 8409K(9024K)->8409K(9024K)
[60.713s][info][gc             ] GC(82) Pause Young (Mixed) (G1 Evacuation Pause) 550M->306M(784M) 27.858ms
[60.713s][info][gc,cpu         ] GC(82) User=0.56s Sys=0.00s Real=0.03s
[60.848s][info][gc,start       ] GC(83) Pause Young (Concurrent Start) (G1 Evacuation Pause)
[60.849s][info][gc,task        ] GC(83) Using 18 workers of 33 for evacuation
[60.877s][info][gc,phases      ] GC(83)   Pre Evacuate Collection Set: 0.3ms
[60.877s][info][gc,phases      ] GC(83)   Merge Heap Roots: 0.1ms
[60.877s][info][gc,phases      ] GC(83)   Evacuate Collection Set: 27.2ms
[60.877s][info][gc,phases      ] GC(83)   Post Evacuate Collection Set: 0.5ms
[60.877s][info][gc,phases      ] GC(83)   Other: 0.2ms
[60.877s][info][gc,heap        ] GC(83) Eden regions: 18->0(17)
[60.877s][info][gc,heap        ] GC(83) Survivor regions: 3->2(3)
[60.877s][info][gc,heap        ] GC(83) Old regions: 19->22
[60.877s][info][gc,heap        ] GC(83) Archive regions: 0->0
[60.877s][info][gc,heap        ] GC(83) Humongous regions: 0->0
[60.877s][info][gc,metaspace   ] GC(83) Metaspace: 66548K(67648K)->66548K(67648K) NonClass: 58139K(58624K)->58139K(58624K) Class: 8409K(9024K)->8409K(9024K)
[60.877s][info][gc             ] GC(83) Pause Young (Concurrent Start) (G1 Evacuation Pause) 594M->327M(784M) 28.593ms
[60.877s][info][gc             ] GC(84) Concurrent Mark Cycle
[60.877s][info][gc,cpu         ] GC(83) User=0.39s Sys=0.00s Real=0.03s
[60.877s][info][gc,marking     ] GC(84) Concurrent Scan Root Regions
[60.922s][info][gc,marking     ] GC(84) Concurrent Scan Root Regions 45.277ms
[60.922s][info][gc,marking     ] GC(84) Concurrent Mark
[60.922s][info][gc,marking     ] GC(84) Concurrent Mark From Roots
[60.923s][info][gc,task        ] GC(84) Using 8 workers of 8 for marking
[60.989s][info][gc,marking     ] GC(84) Concurrent Mark From Roots 66.459ms
[60.989s][info][gc,marking     ] GC(84) Concurrent Preclean
[60.989s][info][gc,marking     ] GC(84) Concurrent Preclean 0.288ms
[60.990s][info][gc,start       ] GC(84) Pause Remark
[60.992s][info][gc             ] GC(84) Pause Remark 502M->502M(944M) 2.210ms
[60.992s][info][gc,cpu         ] GC(84) User=0.00s Sys=0.00s Real=0.00s
[60.992s][info][gc,marking     ] GC(84) Concurrent Mark 69.355ms
[60.992s][info][gc,marking     ] GC(84) Concurrent Rebuild Remembered Sets and Scrub Regions
[61.054s][info][gc,start       ] GC(85) Pause Young (Normal) (G1 Evacuation Pause)
[61.054s][info][gc,task        ] GC(85) Using 22 workers of 33 for evacuation
[61.079s][info][gc,phases      ] GC(85)   Pre Evacuate Collection Set: 0.1ms
[61.079s][info][gc,phases      ] GC(85)   Merge Heap Roots: 0.5ms
[61.079s][info][gc,phases      ] GC(85)   Evacuate Collection Set: 19.5ms
[61.079s][info][gc,phases      ] GC(85)   Post Evacuate Collection Set: 4.5ms
[61.079s][info][gc,phases      ] GC(85)   Other: 0.1ms
[61.079s][info][gc,heap        ] GC(85) Eden regions: 17->0(91)
[61.079s][info][gc,heap        ] GC(85) Survivor regions: 2->3(3)
[61.079s][info][gc,heap        ] GC(85) Old regions: 22->22
[61.079s][info][gc,heap        ] GC(85) Archive regions: 0->0
[61.079s][info][gc,heap        ] GC(85) Humongous regions: 0->0
[61.079s][info][gc,metaspace   ] GC(85) Metaspace: 66548K(67648K)->66548K(67648K) NonClass: 58139K(58624K)->58139K(58624K) Class: 8409K(9024K)->8409K(9024K)
[61.079s][info][gc             ] GC(85) Pause Young (Normal) (G1 Evacuation Pause) 599M->343M(2512M) 25.055ms
[61.079s][info][gc,cpu         ] GC(85) User=0.64s Sys=0.05s Real=0.03s
[61.089s][info][gc,marking     ] GC(84) Concurrent Rebuild Remembered Sets and Scrub Regions 96.624ms
[61.089s][info][gc,start       ] GC(84) Pause Cleanup
[61.089s][info][gc             ] GC(84) Pause Cleanup 359M->359M(2512M) 0.110ms
[61.089s][info][gc,cpu         ] GC(84) User=0.00s Sys=0.00s Real=0.00s
[61.089s][info][gc,marking     ] GC(84) Concurrent Clear Claimed Marks
[61.089s][info][gc,marking     ] GC(84) Concurrent Clear Claimed Marks 0.094ms
[61.089s][info][gc,marking     ] GC(84) Concurrent Cleanup for Next Mark
[61.098s][info][gc,marking     ] GC(84) Concurrent Cleanup for Next Mark 9.060ms
[61.098s][info][gc             ] GC(84) Concurrent Mark Cycle 220.942ms
[62.690s][info][gc,start       ] GC(86) Pause Young (Prepare Mixed) (G1 Evacuation Pause)
[62.690s][info][gc,task        ] GC(86) Using 33 workers of 33 for evacuation
[62.761s][info][gc,phases      ] GC(86)   Pre Evacuate Collection Set: 0.2ms
[62.762s][info][gc,phases      ] GC(86)   Merge Heap Roots: 0.5ms
[62.762s][info][gc,phases      ] GC(86)   Evacuate Collection Set: 70.0ms
[62.762s][info][gc,phases      ] GC(86)   Post Evacuate Collection Set: 0.6ms
[62.762s][info][gc,phases      ] GC(86)   Other: 0.2ms
[62.762s][info][gc,heap        ] GC(86) Eden regions: 91->0(82)
[62.762s][info][gc,heap        ] GC(86) Survivor regions: 3->12(12)
[62.762s][info][gc,heap        ] GC(86) Old regions: 22->22
[62.762s][info][gc,heap        ] GC(86) Archive regions: 0->0
[62.762s][info][gc,heap        ] GC(86) Humongous regions: 0->0
[62.762s][info][gc,metaspace   ] GC(86) Metaspace: 66571K(67648K)->66571K(67648K) NonClass: 58161K(58624K)->58161K(58624K) Class: 8409K(9024K)->8409K(9024K)
[62.762s][info][gc             ] GC(86) Pause Young (Prepare Mixed) (G1 Evacuation Pause) 1799M->504M(2512M) 71.871ms
[62.762s][info][gc,cpu         ] GC(86) User=2.08s Sys=0.22s Real=0.08s
[64.230s][info][gc,start       ] GC(87) Pause Young (Mixed) (G1 Evacuation Pause)
[64.231s][info][gc,task        ] GC(87) Using 33 workers of 33 for evacuation
[64.252s][info][gc,phases      ] GC(87)   Pre Evacuate Collection Set: 0.2ms
[64.252s][info][gc,phases      ] GC(87)   Merge Heap Roots: 0.4ms
[64.252s][info][gc,phases      ] GC(87)   Evacuate Collection Set: 19.8ms
[64.252s][info][gc,phases      ] GC(87)   Post Evacuate Collection Set: 0.8ms
[64.252s][info][gc,phases      ] GC(87)   Other: 0.2ms
[64.252s][info][gc,heap        ] GC(87) Eden regions: 82->0(91)
[64.252s][info][gc,heap        ] GC(87) Survivor regions: 12->3(12)
[64.252s][info][gc,heap        ] GC(87) Old regions: 22->25
[64.252s][info][gc,heap        ] GC(87) Archive regions: 0->0
[64.252s][info][gc,heap        ] GC(87) Humongous regions: 0->0
[64.252s][info][gc,metaspace   ] GC(87) Metaspace: 66613K(67712K)->66613K(67712K) NonClass: 58201K(58688K)->58201K(58688K) Class: 8412K(9024K)->8412K(9024K)
[64.252s][info][gc             ] GC(87) Pause Young (Mixed) (G1 Evacuation Pause) 1816M->401M(2512M) 21.802ms
[64.252s][info][gc,cpu         ] GC(87) User=0.52s Sys=0.00s Real=0.02s
[65.741s][info][gc,start       ] GC(88) Pause Young (Normal) (G1 Evacuation Pause)
[65.741s][info][gc,task        ] GC(88) Using 33 workers of 33 for evacuation
[65.764s][info][gc,phases      ] GC(88)   Pre Evacuate Collection Set: 0.3ms
[65.764s][info][gc,phases      ] GC(88)   Merge Heap Roots: 0.2ms
[65.764s][info][gc,phases      ] GC(88)   Evacuate Collection Set: 21.5ms
[65.764s][info][gc,phases      ] GC(88)   Post Evacuate Collection Set: 0.8ms
[65.764s][info][gc,phases      ] GC(88)   Other: 0.2ms
[65.764s][info][gc,heap        ] GC(88) Eden regions: 91->0(89)
[65.764s][info][gc,heap        ] GC(88) Survivor regions: 3->5(12)
[65.764s][info][gc,heap        ] GC(88) Old regions: 25->25
[65.764s][info][gc,heap        ] GC(88) Archive regions: 0->0
[65.764s][info][gc,heap        ] GC(88) Humongous regions: 4->0
[65.764s][info][gc,metaspace   ] GC(88) Metaspace: 66745K(67904K)->66745K(67904K) NonClass: 58332K(58880K)->58332K(58880K) Class: 8412K(9024K)->8412K(9024K)
[65.764s][info][gc             ] GC(88) Pause Young (Normal) (G1 Evacuation Pause) 1921M->430M(2512M) 23.378ms
[65.764s][info][gc,cpu         ] GC(88) User=1.03s Sys=0.00s Real=0.03s
[66.005s][info][gc,start       ] GC(89) Pause Full (System.gc())
[66.005s][info][gc,task        ] GC(89) Using 14 workers of 33 for full compaction
[66.006s][info][gc,phases,start] GC(89) Phase 1: Mark live objects
[66.045s][info][gc,phases      ] GC(89) Phase 1: Mark live objects 38.632ms
[66.045s][info][gc,phases,start] GC(89) Phase 2: Prepare compaction
[66.052s][info][gc,phases      ] GC(89) Phase 2: Prepare compaction 7.402ms
[66.052s][info][gc,phases,start] GC(89) Phase 3: Adjust pointers
[66.066s][info][gc,phases      ] GC(89) Phase 3: Adjust pointers 14.166ms
[66.066s][info][gc,phases,start] GC(89) Phase 4: Compact heap
[66.074s][info][gc,phases      ] GC(89) Phase 4: Compact heap 7.570ms
[66.088s][info][gc,heap        ] GC(89) Eden regions: 28->0(30)
[66.088s][info][gc,heap        ] GC(89) Survivor regions: 5->0(12)
[66.088s][info][gc,heap        ] GC(89) Old regions: 25->17
[66.088s][info][gc,heap        ] GC(89) Archive regions: 0->0
[66.088s][info][gc,heap        ] GC(89) Humongous regions: 0->0
[66.088s][info][gc,metaspace   ] GC(89) Metaspace: 66753K(67904K)->66753K(67904K) NonClass: 58340K(58880K)->58340K(58880K) Class: 8412K(9024K)->8412K(9024K)
[66.088s][info][gc             ] GC(89) Pause Full (System.gc()) 871M->146M(912M) 82.622ms
[66.088s][info][gc,cpu         ] GC(89) User=1.09s Sys=0.00s Real=0.08s
[66.356s][info][gc,start       ] GC(90) Pause Young (Concurrent Start) (G1 Evacuation Pause)
[66.356s][info][gc,task        ] GC(90) Using 21 workers of 33 for evacuation
[66.388s][info][gc,phases      ] GC(90)   Pre Evacuate Collection Set: 0.3ms
[66.388s][info][gc,phases      ] GC(90)   Merge Heap Roots: 0.1ms
[66.388s][info][gc,phases      ] GC(90)   Evacuate Collection Set: 31.4ms
[66.388s][info][gc,phases      ] GC(90)   Post Evacuate Collection Set: 0.5ms
[66.388s][info][gc,phases      ] GC(90)   Other: 0.1ms
[66.388s][info][gc,heap        ] GC(90) Eden regions: 30->0(22)
[66.388s][info][gc,heap        ] GC(90) Survivor regions: 0->4(4)
[66.388s][info][gc,heap        ] GC(90) Old regions: 17->20
[66.388s][info][gc,heap        ] GC(90) Archive regions: 0->0
[66.388s][info][gc,heap        ] GC(90) Humongous regions: 0->0
[66.388s][info][gc,metaspace   ] GC(90) Metaspace: 66769K(67968K)->66769K(67968K) NonClass: 58356K(58944K)->58356K(58944K) Class: 8412K(9024K)->8412K(9024K)
[66.388s][info][gc             ] GC(90) Pause Young (Concurrent Start) (G1 Evacuation Pause) 626M->251M(912M) 32.802ms
[66.389s][info][gc             ] GC(91) Concurrent Mark Cycle
[66.389s][info][gc,cpu         ] GC(90) User=0.66s Sys=0.00s Real=0.03s
[66.389s][info][gc,marking     ] GC(91) Concurrent Scan Root Regions
[66.432s][info][gc,marking     ] GC(91) Concurrent Scan Root Regions 43.904ms
[66.433s][info][gc,marking     ] GC(91) Concurrent Mark
[66.433s][info][gc,marking     ] GC(91) Concurrent Mark From Roots
[66.433s][info][gc,task        ] GC(91) Using 8 workers of 8 for marking
[66.482s][info][gc,marking     ] GC(91) Concurrent Mark From Roots 49.815ms
[66.482s][info][gc,marking     ] GC(91) Concurrent Preclean
[66.483s][info][gc,marking     ] GC(91) Concurrent Preclean 0.364ms
[66.496s][info][gc,start       ] GC(91) Pause Remark
[66.498s][info][gc             ] GC(91) Pause Remark 427M->427M(944M) 2.475ms
[66.498s][info][gc,cpu         ] GC(91) User=0.00s Sys=0.00s Real=0.00s
[66.498s][info][gc,marking     ] GC(91) Concurrent Mark 65.848ms
[66.498s][info][gc,marking     ] GC(91) Concurrent Rebuild Remembered Sets and Scrub Regions
[66.523s][info][gc,marking     ] GC(91) Concurrent Rebuild Remembered Sets and Scrub Regions 24.950ms
[66.527s][info][gc,start       ] GC(91) Pause Cleanup
[66.527s][info][gc             ] GC(91) Pause Cleanup 475M->475M(944M) 0.131ms
[66.527s][info][gc,cpu         ] GC(91) User=0.00s Sys=0.00s Real=0.00s
[66.528s][info][gc,marking     ] GC(91) Concurrent Clear Claimed Marks
[66.528s][info][gc,marking     ] GC(91) Concurrent Clear Claimed Marks 0.123ms
[66.528s][info][gc,marking     ] GC(91) Concurrent Cleanup for Next Mark
[66.528s][info][gc,marking     ] GC(91) Concurrent Cleanup for Next Mark 0.702ms
[66.528s][info][gc             ] GC(91) Concurrent Mark Cycle 139.905ms
[66.590s][info][gc,start       ] GC(92) Pause Young (Prepare Mixed) (G1 Evacuation Pause)
[66.590s][info][gc,task        ] GC(92) Using 22 workers of 33 for evacuation
[66.621s][info][gc,phases      ] GC(92)   Pre Evacuate Collection Set: 0.2ms
[66.621s][info][gc,phases      ] GC(92)   Merge Heap Roots: 0.2ms
[66.621s][info][gc,phases      ] GC(92)   Evacuate Collection Set: 29.8ms
[66.621s][info][gc,phases      ] GC(92)   Post Evacuate Collection Set: 0.4ms
[66.621s][info][gc,phases      ] GC(92)   Other: 0.1ms
[66.621s][info][gc,heap        ] GC(92) Eden regions: 22->0(21)
[66.621s][info][gc,heap        ] GC(92) Survivor regions: 4->4(4)
[66.621s][info][gc,heap        ] GC(92) Old regions: 20->24
[66.621s][info][gc,heap        ] GC(92) Archive regions: 0->0
[66.621s][info][gc,heap        ] GC(92) Humongous regions: 0->0
[66.621s][info][gc,metaspace   ] GC(92) Metaspace: 66769K(67968K)->66769K(67968K) NonClass: 58356K(58944K)->58356K(58944K) Class: 8412K(9024K)->8412K(9024K)
[66.621s][info][gc             ] GC(92) Pause Young (Prepare Mixed) (G1 Evacuation Pause) 602M->299M(944M) 31.021ms
[66.621s][info][gc,cpu         ] GC(92) User=0.69s Sys=0.00s Real=0.03s
[66.788s][info][gc,start       ] GC(93) Pause Young (Mixed) (G1 Evacuation Pause)
[66.788s][info][gc,task        ] GC(93) Using 22 workers of 33 for evacuation
[66.820s][info][gc,phases      ] GC(93)   Pre Evacuate Collection Set: 0.2ms
[66.820s][info][gc,phases      ] GC(93)   Merge Heap Roots: 0.2ms
[66.820s][info][gc,phases      ] GC(93)   Evacuate Collection Set: 27.8ms
[66.820s][info][gc,phases      ] GC(93)   Post Evacuate Collection Set: 4.1ms
[66.820s][info][gc,phases      ] GC(93)   Other: 0.2ms
[66.820s][info][gc,heap        ] GC(93) Eden regions: 21->0(75)
[66.820s][info][gc,heap        ] GC(93) Survivor regions: 4->3(4)
[66.820s][info][gc,heap        ] GC(93) Old regions: 24->21
[66.820s][info][gc,heap        ] GC(93) Archive regions: 0->0
[66.820s][info][gc,heap        ] GC(93) Humongous regions: 0->0
[66.820s][info][gc,metaspace   ] GC(93) Metaspace: 66769K(67968K)->66769K(67968K) NonClass: 58356K(58944K)->58356K(58944K) Class: 8412K(9024K)->8412K(9024K)
[66.820s][info][gc             ] GC(93) Pause Young (Mixed) (G1 Evacuation Pause) 635M->330M(2096M) 32.748ms
[66.820s][info][gc,cpu         ] GC(93) User=0.69s Sys=0.00s Real=0.03s
[68.258s][info][gc,start       ] GC(94) Pause Young (Normal) (G1 Evacuation Pause)
[68.258s][info][gc,task        ] GC(94) Using 33 workers of 33 for evacuation
[68.302s][info][gc,phases      ] GC(94)   Pre Evacuate Collection Set: 0.2ms
[68.302s][info][gc,phases      ] GC(94)   Merge Heap Roots: 0.6ms
[68.302s][info][gc,phases      ] GC(94)   Evacuate Collection Set: 42.4ms
[68.302s][info][gc,phases      ] GC(94)   Post Evacuate Collection Set: 0.6ms
[68.302s][info][gc,phases      ] GC(94)   Other: 0.2ms
[68.302s][info][gc,heap        ] GC(94) Eden regions: 75->0(68)
[68.302s][info][gc,heap        ] GC(94) Survivor regions: 3->10(10)
[68.302s][info][gc,heap        ] GC(94) Old regions: 21->21
[68.302s][info][gc,heap        ] GC(94) Archive regions: 0->0
[68.302s][info][gc,heap        ] GC(94) Humongous regions: 0->0
[68.302s][info][gc,metaspace   ] GC(94) Metaspace: 66788K(67968K)->66788K(67968K) NonClass: 58375K(58944K)->58375K(58944K) Class: 8413K(9024K)->8413K(9024K)
[68.302s][info][gc             ] GC(94) Pause Young (Normal) (G1 Evacuation Pause) 1530M->447M(2096M) 44.247ms
[68.302s][info][gc,cpu         ] GC(94) User=1.55s Sys=0.00s Real=0.05s
[68.846s][info][gc,start       ] GC(95) Pause Young (Normal) (G1 Evacuation Pause)
[68.846s][info][gc,task        ] GC(95) Using 33 workers of 33 for evacuation
[68.902s][info][gc,phases      ] GC(95)   Pre Evacuate Collection Set: 0.2ms
[68.902s][info][gc,phases      ] GC(95)   Merge Heap Roots: 0.3ms
[68.902s][info][gc,phases      ] GC(95)   Evacuate Collection Set: 53.8ms
[68.902s][info][gc,phases      ] GC(95)   Post Evacuate Collection Set: 0.5ms
[68.902s][info][gc,phases      ] GC(95)   Other: 0.2ms
[68.902s][info][gc,heap        ] GC(95) Eden regions: 68->0(71)
[68.902s][info][gc,heap        ] GC(95) Survivor regions: 10->7(10)
[68.902s][info][gc,heap        ] GC(95) Old regions: 21->31
[68.902s][info][gc,heap        ] GC(95) Archive regions: 0->0
[68.902s][info][gc,heap        ] GC(95) Humongous regions: 0->0
[68.902s][info][gc,metaspace   ] GC(95) Metaspace: 66788K(67968K)->66788K(67968K) NonClass: 58375K(58944K)->58375K(58944K) Class: 8413K(9024K)->8413K(9024K)
[68.902s][info][gc             ] GC(95) Pause Young (Normal) (G1 Evacuation Pause) 1535M->546M(2096M) 55.376ms
[68.902s][info][gc,cpu         ] GC(95) User=1.55s Sys=0.00s Real=0.05s
[70.553s][info][gc,start       ] GC(96) Pause Young (Normal) (G1 Evacuation Pause)
[70.554s][info][gc,task        ] GC(96) Using 33 workers of 33 for evacuation
[70.588s][info][gc,phases      ] GC(96)   Pre Evacuate Collection Set: 0.2ms
[70.588s][info][gc,phases      ] GC(96)   Merge Heap Roots: 0.2ms
[70.588s][info][gc,phases      ] GC(96)   Evacuate Collection Set: 33.2ms
[70.588s][info][gc,phases      ] GC(96)   Post Evacuate Collection Set: 0.8ms
[70.588s][info][gc,phases      ] GC(96)   Other: 0.2ms
[70.588s][info][gc,heap        ] GC(96) Eden regions: 71->0(75)
[70.588s][info][gc,heap        ] GC(96) Survivor regions: 7->2(10)
[70.588s][info][gc,heap        ] GC(96) Old regions: 31->37
[70.588s][info][gc,heap        ] GC(96) Archive regions: 0->0
[70.588s][info][gc,heap        ] GC(96) Humongous regions: 0->0
[70.588s][info][gc,metaspace   ] GC(96) Metaspace: 66966K(68096K)->66966K(68096K) NonClass: 58552K(59072K)->58552K(59072K) Class: 8414K(9024K)->8414K(9024K)
[70.588s][info][gc             ] GC(96) Pause Young (Normal) (G1 Evacuation Pause) 1682M->568M(2096M) 34.908ms
[70.588s][info][gc,cpu         ] GC(96) User=1.03s Sys=0.00s Real=0.03s
[71.180s][info][gc,start       ] GC(97) Pause Young (Concurrent Start) (G1 Humongous Allocation)
[71.181s][info][gc,task        ] GC(97) Using 33 workers of 33 for evacuation
[71.215s][info][gc,phases      ] GC(97)   Pre Evacuate Collection Set: 0.3ms
[71.215s][info][gc,phases      ] GC(97)   Merge Heap Roots: 0.8ms
[71.215s][info][gc,phases      ] GC(97)   Evacuate Collection Set: 26.5ms
[71.215s][info][gc,phases      ] GC(97)   Post Evacuate Collection Set: 6.3ms
[71.215s][info][gc,phases      ] GC(97)   Other: 0.2ms
[71.215s][info][gc,heap        ] GC(97) Eden regions: 41->0(139)
[71.215s][info][gc,heap        ] GC(97) Survivor regions: 2->6(10)
[71.215s][info][gc,heap        ] GC(97) Old regions: 37->37
[71.215s][info][gc,heap        ] GC(97) Archive regions: 0->0
[71.215s][info][gc,heap        ] GC(97) Humongous regions: 0->0
[71.215s][info][gc,metaspace   ] GC(97) Metaspace: 66997K(68096K)->66997K(68096K) NonClass: 58583K(59072K)->58583K(59072K) Class: 8414K(9024K)->8414K(9024K)
[71.215s][info][gc             ] GC(97) Pause Young (Concurrent Start) (G1 Humongous Allocation) 1214M->634M(3888M) 34.465ms
[71.215s][info][gc             ] GC(98) Concurrent Undo Cycle
[71.215s][info][gc,cpu         ] GC(97) User=1.03s Sys=0.00s Real=0.03s
[71.215s][info][gc,marking     ] GC(98) Concurrent Clear Claimed Marks
[71.215s][info][gc,marking     ] GC(98) Concurrent Clear Claimed Marks 0.093ms
[71.215s][info][gc,marking     ] GC(98) Concurrent Cleanup for Next Mark
[71.215s][info][gc,marking     ] GC(98) Concurrent Cleanup for Next Mark 0.188ms
[71.215s][info][gc             ] GC(98) Concurrent Undo Cycle 0.465ms
[71.949s][info][gc,start       ] GC(99) Pause Full (System.gc())
[71.949s][info][gc,task        ] GC(99) Using 24 workers of 33 for full compaction
[71.950s][info][gc,phases,start] GC(99) Phase 1: Mark live objects
[71.983s][info][gc,phases      ] GC(99) Phase 1: Mark live objects 33.012ms
[71.983s][info][gc,phases,start] GC(99) Phase 2: Prepare compaction
[71.992s][info][gc,phases      ] GC(99) Phase 2: Prepare compaction 8.213ms
[71.992s][info][gc,phases,start] GC(99) Phase 3: Adjust pointers
[72.005s][info][gc,phases      ] GC(99) Phase 3: Adjust pointers 13.751ms
[72.005s][info][gc,phases,start] GC(99) Phase 4: Compact heap
[72.010s][info][gc,phases      ] GC(99) Phase 4: Compact heap 4.798ms
[72.032s][info][gc,heap        ] GC(99) Eden regions: 60->0(47)
[72.032s][info][gc,heap        ] GC(99) Survivor regions: 6->0(10)
[72.032s][info][gc,heap        ] GC(99) Old regions: 37->26
[72.032s][info][gc,heap        ] GC(99) Archive regions: 0->0
[72.032s][info][gc,heap        ] GC(99) Humongous regions: 6->0
[72.032s][info][gc,metaspace   ] GC(99) Metaspace: 67032K(68160K)->67032K(68160K) NonClass: 58618K(59136K)->58618K(59136K) Class: 8414K(9024K)->8414K(9024K)
[72.032s][info][gc             ] GC(99) Pause Full (System.gc()) 1678M->146M(1392M) 83.203ms
[72.032s][info][gc,cpu         ] GC(99) User=0.83s Sys=0.50s Real=0.08s
[72.411s][info][gc,start       ] GC(100) Pause Young (Concurrent Start) (G1 Evacuation Pause)
[72.411s][info][gc,task        ] GC(100) Using 33 workers of 33 for evacuation
[72.446s][info][gc,phases      ] GC(100)   Pre Evacuate Collection Set: 0.3ms
[72.446s][info][gc,phases      ] GC(100)   Merge Heap Roots: 0.2ms
[72.446s][info][gc,phases      ] GC(100)   Evacuate Collection Set: 34.4ms
[72.446s][info][gc,phases      ] GC(100)   Post Evacuate Collection Set: 0.5ms
[72.447s][info][gc,phases      ] GC(100)   Other: 0.2ms
[72.447s][info][gc,heap        ] GC(100) Eden regions: 47->0(37)
[72.447s][info][gc,heap        ] GC(100) Survivor regions: 0->6(6)
[72.447s][info][gc,heap        ] GC(100) Old regions: 26->29
[72.447s][info][gc,heap        ] GC(100) Archive regions: 0->0
[72.447s][info][gc,heap        ] GC(100) Humongous regions: 0->0
[72.447s][info][gc,metaspace   ] GC(100) Metaspace: 67049K(68160K)->67049K(68160K) NonClass: 58634K(59136K)->58634K(59136K) Class: 8415K(9024K)->8415K(9024K)
[72.447s][info][gc             ] GC(100) Pause Young (Concurrent Start) (G1 Evacuation Pause) 898M->277M(1392M) 35.881ms
[72.447s][info][gc             ] GC(101) Concurrent Mark Cycle
[72.447s][info][gc,cpu         ] GC(100) User=0.78s Sys=0.00s Real=0.03s
[72.447s][info][gc,marking     ] GC(101) Concurrent Scan Root Regions
[72.478s][info][gc,marking     ] GC(101) Concurrent Scan Root Regions 31.020ms
[72.478s][info][gc,marking     ] GC(101) Concurrent Mark
[72.478s][info][gc,marking     ] GC(101) Concurrent Mark From Roots
[72.478s][info][gc,task        ] GC(101) Using 8 workers of 8 for marking
[72.535s][info][gc,marking     ] GC(101) Concurrent Mark From Roots 56.801ms
[72.535s][info][gc,marking     ] GC(101) Concurrent Preclean
[72.535s][info][gc,marking     ] GC(101) Concurrent Preclean 0.375ms
[72.546s][info][gc,start       ] GC(101) Pause Remark
[72.550s][info][gc             ] GC(101) Pause Remark 421M->421M(1392M) 3.479ms
[72.550s][info][gc,cpu         ] GC(101) User=0.00s Sys=0.00s Real=0.00s
[72.550s][info][gc,marking     ] GC(101) Concurrent Mark 72.190ms
[72.550s][info][gc,marking     ] GC(101) Concurrent Rebuild Remembered Sets and Scrub Regions
[72.580s][info][gc,marking     ] GC(101) Concurrent Rebuild Remembered Sets and Scrub Regions 29.979ms
[72.580s][info][gc,start       ] GC(101) Pause Cleanup
[72.580s][info][gc             ] GC(101) Pause Cleanup 468M->468M(1392M) 0.151ms
[72.580s][info][gc,cpu         ] GC(101) User=0.00s Sys=0.00s Real=0.00s
[72.580s][info][gc,marking     ] GC(101) Concurrent Clear Claimed Marks
[72.581s][info][gc,marking     ] GC(101) Concurrent Clear Claimed Marks 0.109ms
[72.581s][info][gc,marking     ] GC(101) Concurrent Cleanup for Next Mark
[72.582s][info][gc,marking     ] GC(101) Concurrent Cleanup for Next Mark 1.065ms
[72.582s][info][gc             ] GC(101) Concurrent Mark Cycle 135.044ms
[72.794s][info][gc,start       ] GC(102) Pause Young (Prepare Mixed) (G1 Evacuation Pause)
[72.794s][info][gc,task        ] GC(102) Using 33 workers of 33 for evacuation
[72.834s][info][gc,phases      ] GC(102)   Pre Evacuate Collection Set: 0.2ms
[72.834s][info][gc,phases      ] GC(102)   Merge Heap Roots: 0.2ms
[72.834s][info][gc,phases      ] GC(102)   Evacuate Collection Set: 38.7ms
[72.834s][info][gc,phases      ] GC(102)   Post Evacuate Collection Set: 0.5ms
[72.834s][info][gc,phases      ] GC(102)   Other: 0.2ms
[72.834s][info][gc,heap        ] GC(102) Eden regions: 37->0(35)
[72.834s][info][gc,heap        ] GC(102) Survivor regions: 6->5(6)
[72.834s][info][gc,heap        ] GC(102) Old regions: 29->34
[72.834s][info][gc,heap        ] GC(102) Archive regions: 0->0
[72.834s][info][gc,heap        ] GC(102) Humongous regions: 0->0
[72.834s][info][gc,metaspace   ] GC(102) Metaspace: 67049K(68160K)->67049K(68160K) NonClass: 58634K(59136K)->58634K(59136K) Class: 8415K(9024K)->8415K(9024K)
[72.834s][info][gc             ] GC(102) Pause Young (Prepare Mixed) (G1 Evacuation Pause) 869M->332M(1392M) 40.124ms
[72.834s][info][gc,cpu         ] GC(102) User=0.78s Sys=0.00s Real=0.05s
[73.630s][info][gc,start       ] GC(103) Pause Young (Mixed) (G1 Evacuation Pause)
[73.630s][info][gc,task        ] GC(103) Using 33 workers of 33 for evacuation
[73.663s][info][gc,phases      ] GC(103)   Pre Evacuate Collection Set: 0.2ms
[73.663s][info][gc,phases      ] GC(103)   Merge Heap Roots: 0.2ms
[73.663s][info][gc,phases      ] GC(103)   Evacuate Collection Set: 31.7ms
[73.663s][info][gc,phases      ] GC(103)   Post Evacuate Collection Set: 0.7ms
[73.663s][info][gc,phases      ] GC(103)   Other: 0.2ms
[73.663s][info][gc,heap        ] GC(103) Eden regions: 35->0(42)
[73.663s][info][gc,heap        ] GC(103) Survivor regions: 5->3(5)
[73.663s][info][gc,heap        ] GC(103) Old regions: 34->28
[73.663s][info][gc,heap        ] GC(103) Archive regions: 0->0
[73.663s][info][gc,heap        ] GC(103) Humongous regions: 0->0
[73.663s][info][gc,metaspace   ] GC(103) Metaspace: 67060K(68160K)->67060K(68160K) NonClass: 58644K(59136K)->58644K(59136K) Class: 8415K(9024K)->8415K(9024K)
[73.663s][info][gc             ] GC(103) Pause Young (Mixed) (G1 Evacuation Pause) 892M->368M(1392M) 33.377ms
[73.663s][info][gc,cpu         ] GC(103) User=1.02s Sys=0.00s Real=0.03s
[74.109s][info][gc,start       ] GC(104) Pause Young (Mixed) (G1 Evacuation Pause)
[74.109s][info][gc,task        ] GC(104) Using 33 workers of 33 for evacuation
[74.148s][info][gc,phases      ] GC(104)   Pre Evacuate Collection Set: 0.2ms
[74.148s][info][gc,phases      ] GC(104)   Merge Heap Roots: 0.9ms
[74.148s][info][gc,phases      ] GC(104)   Evacuate Collection Set: 36.9ms
[74.148s][info][gc,phases      ] GC(104)   Post Evacuate Collection Set: 0.6ms
[74.148s][info][gc,phases      ] GC(104)   Other: 0.2ms
[74.148s][info][gc,heap        ] GC(104) Eden regions: 42->0(37)
[74.148s][info][gc,heap        ] GC(104) Survivor regions: 3->6(6)
[74.148s][info][gc,heap        ] GC(104) Old regions: 28->28
[74.148s][info][gc,heap        ] GC(104) Archive regions: 0->0
[74.148s][info][gc,heap        ] GC(104) Humongous regions: 0->0
[74.148s][info][gc,metaspace   ] GC(104) Metaspace: 67060K(68160K)->67060K(68160K) NonClass: 58644K(59136K)->58644K(59136K) Class: 8415K(9024K)->8415K(9024K)
[74.148s][info][gc             ] GC(104) Pause Young (Mixed) (G1 Evacuation Pause) 1040M->468M(1392M) 38.988ms
[74.148s][info][gc,cpu         ] GC(104) User=1.55s Sys=0.00s Real=0.05s
[74.440s][info][gc,start       ] GC(105) Pause Young (Normal) (G1 Evacuation Pause)
[74.440s][info][gc,task        ] GC(105) Using 33 workers of 33 for evacuation
[74.483s][info][gc,phases      ] GC(105)   Pre Evacuate Collection Set: 0.2ms
[74.483s][info][gc,phases      ] GC(105)   Merge Heap Roots: 0.4ms
[74.483s][info][gc,phases      ] GC(105)   Evacuate Collection Set: 38.4ms
[74.483s][info][gc,phases      ] GC(105)   Post Evacuate Collection Set: 4.1ms
[74.483s][info][gc,phases      ] GC(105)   Other: 0.2ms
[74.483s][info][gc,heap        ] GC(105) Eden regions: 37->0(99)
[74.483s][info][gc,heap        ] GC(105) Survivor regions: 6->5(6)
[74.483s][info][gc,heap        ] GC(105) Old regions: 28->33
[74.483s][info][gc,heap        ] GC(105) Archive regions: 0->0
[74.483s][info][gc,heap        ] GC(105) Humongous regions: 0->0
[74.483s][info][gc,metaspace   ] GC(105) Metaspace: 67060K(68160K)->67060K(68160K) NonClass: 58644K(59136K)->58644K(59136K) Class: 8415K(9024K)->8415K(9024K)
[74.483s][info][gc             ] GC(105) Pause Young (Normal) (G1 Evacuation Pause) 1060M->534M(2784M) 43.479ms
[74.483s][info][gc,cpu         ] GC(105) User=1.55s Sys=0.00s Real=0.05s
[76.631s][info][gc,start       ] GC(106) Pause Young (Normal) (G1 Evacuation Pause)
[76.632s][info][gc,task        ] GC(106) Using 33 workers of 33 for evacuation
[76.668s][info][gc,phases      ] GC(106)   Pre Evacuate Collection Set: 0.2ms
[76.668s][info][gc,phases      ] GC(106)   Merge Heap Roots: 0.2ms
[76.668s][info][gc,phases      ] GC(106)   Evacuate Collection Set: 35.0ms
[76.668s][info][gc,phases      ] GC(106)   Post Evacuate Collection Set: 0.6ms
[76.668s][info][gc,phases      ] GC(106)   Other: 0.2ms
[76.668s][info][gc,heap        ] GC(106) Eden regions: 99->0(96)
[76.668s][info][gc,heap        ] GC(106) Survivor regions: 5->8(13)
[76.668s][info][gc,heap        ] GC(106) Old regions: 33->33
[76.668s][info][gc,heap        ] GC(106) Archive regions: 0->0
[76.668s][info][gc,heap        ] GC(106) Humongous regions: 0->0
[76.668s][info][gc,metaspace   ] GC(106) Metaspace: 67126K(68224K)->67126K(68224K) NonClass: 58711K(59200K)->58711K(59200K) Class: 8415K(9024K)->8415K(9024K)
[76.668s][info][gc             ] GC(106) Pause Young (Normal) (G1 Evacuation Pause) 2118M->580M(2784M) 36.662ms
[76.668s][info][gc,cpu         ] GC(106) User=1.33s Sys=0.00s Real=0.05s
[77.668s][info][gc,start       ] GC(107) Pause Full (System.gc())
[77.669s][info][gc,task        ] GC(107) Using 16 workers of 33 for full compaction
[77.669s][info][gc,phases,start] GC(107) Phase 1: Mark live objects
[77.702s][info][gc,phases      ] GC(107) Phase 1: Mark live objects 32.762ms
[77.702s][info][gc,phases,start] GC(107) Phase 2: Prepare compaction
[77.710s][info][gc,phases      ] GC(107) Phase 2: Prepare compaction 8.373ms
[77.711s][info][gc,phases,start] GC(107) Phase 3: Adjust pointers
[77.723s][info][gc,phases      ] GC(107) Phase 3: Adjust pointers 12.882ms
[77.723s][info][gc,phases,start] GC(107) Phase 4: Compact heap
[77.729s][info][gc,phases      ] GC(107) Phase 4: Compact heap 5.599ms
[77.740s][info][gc,heap        ] GC(107) Eden regions: 89->0(36)
[77.740s][info][gc,heap        ] GC(107) Survivor regions: 8->0(13)
[77.740s][info][gc,heap        ] GC(107) Old regions: 33->21
[77.740s][info][gc,heap        ] GC(107) Archive regions: 0->0
[77.740s][info][gc,heap        ] GC(107) Humongous regions: 6->0
[77.740s][info][gc,metaspace   ] GC(107) Metaspace: 67136K(68224K)->67136K(68224K) NonClass: 58720K(59200K)->58720K(59200K) Class: 8416K(9024K)->8416K(9024K)
[77.740s][info][gc             ] GC(107) Pause Full (System.gc()) 2098M->146M(1120M) 71.422ms
[77.740s][info][gc,cpu         ] GC(107) User=0.73s Sys=0.05s Real=0.08s
[78.053s][info][gc,start       ] GC(108) Pause Young (Concurrent Start) (G1 Evacuation Pause)
[78.053s][info][gc,task        ] GC(108) Using 26 workers of 33 for evacuation
[78.088s][info][gc,phases      ] GC(108)   Pre Evacuate Collection Set: 0.3ms
[78.088s][info][gc,phases      ] GC(108)   Merge Heap Roots: 0.2ms
[78.089s][info][gc,phases      ] GC(108)   Evacuate Collection Set: 34.1ms
[78.089s][info][gc,phases      ] GC(108)   Post Evacuate Collection Set: 0.5ms
[78.089s][info][gc,phases      ] GC(108)   Other: 0.2ms
[78.089s][info][gc,heap        ] GC(108) Eden regions: 36->0(28)
[78.089s][info][gc,heap        ] GC(108) Survivor regions: 0->5(5)
[78.089s][info][gc,heap        ] GC(108) Old regions: 21->24
[78.089s][info][gc,heap        ] GC(108) Archive regions: 0->0
[78.089s][info][gc,heap        ] GC(108) Humongous regions: 0->0
[78.089s][info][gc,metaspace   ] GC(108) Metaspace: 67141K(68288K)->67141K(68288K) NonClass: 58725K(59264K)->58725K(59264K) Class: 8416K(9024K)->8416K(9024K)
[78.089s][info][gc             ] GC(108) Pause Young (Concurrent Start) (G1 Evacuation Pause) 722M->267M(1120M) 35.688ms
[78.089s][info][gc             ] GC(109) Concurrent Mark Cycle
[78.089s][info][gc,cpu         ] GC(108) User=0.61s Sys=0.00s Real=0.03s
[78.089s][info][gc,marking     ] GC(109) Concurrent Scan Root Regions
[78.139s][info][gc,marking     ] GC(109) Concurrent Scan Root Regions 50.258ms
[78.139s][info][gc,marking     ] GC(109) Concurrent Mark
[78.139s][info][gc,marking     ] GC(109) Concurrent Mark From Roots
[78.139s][info][gc,task        ] GC(109) Using 8 workers of 8 for marking
[78.188s][info][gc,marking     ] GC(109) Concurrent Mark From Roots 48.747ms
[78.188s][info][gc,marking     ] GC(109) Concurrent Preclean
[78.188s][info][gc,marking     ] GC(109) Concurrent Preclean 0.361ms
[78.196s][info][gc,start       ] GC(109) Pause Remark
[78.199s][info][gc             ] GC(109) Pause Remark 459M->459M(1120M) 2.331ms
[78.199s][info][gc,cpu         ] GC(109) User=0.41s Sys=0.00s Real=0.02s
[78.199s][info][gc,marking     ] GC(109) Concurrent Mark 59.701ms
[78.199s][info][gc,marking     ] GC(109) Concurrent Rebuild Remembered Sets and Scrub Regions
[78.222s][info][gc,marking     ] GC(109) Concurrent Rebuild Remembered Sets and Scrub Regions 23.391ms
[78.229s][info][gc,start       ] GC(109) Pause Cleanup
[78.229s][info][gc             ] GC(109) Pause Cleanup 507M->507M(1120M) 0.134ms
[78.229s][info][gc,cpu         ] GC(109) User=0.00s Sys=0.00s Real=0.00s
[78.229s][info][gc,marking     ] GC(109) Concurrent Clear Claimed Marks
[78.230s][info][gc,marking     ] GC(109) Concurrent Clear Claimed Marks 0.090ms
[78.230s][info][gc,marking     ] GC(109) Concurrent Cleanup for Next Mark
[78.230s][info][gc,marking     ] GC(109) Concurrent Cleanup for Next Mark 0.877ms
[78.231s][info][gc             ] GC(109) Concurrent Mark Cycle 141.837ms
[78.346s][info][gc,start       ] GC(110) Pause Young (Prepare Mixed) (G1 Evacuation Pause)
[78.346s][info][gc,task        ] GC(110) Using 26 workers of 33 for evacuation
[78.383s][info][gc,phases      ] GC(110)   Pre Evacuate Collection Set: 0.2ms
[78.383s][info][gc,phases      ] GC(110)   Merge Heap Roots: 0.2ms
[78.383s][info][gc,phases      ] GC(110)   Evacuate Collection Set: 35.5ms
[78.383s][info][gc,phases      ] GC(110)   Post Evacuate Collection Set: 0.4ms
[78.383s][info][gc,phases      ] GC(110)   Other: 0.2ms
[78.383s][info][gc,heap        ] GC(110) Eden regions: 28->0(25)
[78.383s][info][gc,heap        ] GC(110) Survivor regions: 5->5(5)
[78.383s][info][gc,heap        ] GC(110) Old regions: 24->29
[78.383s][info][gc,heap        ] GC(110) Archive regions: 0->0
[78.383s][info][gc,heap        ] GC(110) Humongous regions: 0->0
[78.383s][info][gc,metaspace   ] GC(110) Metaspace: 67141K(68288K)->67141K(68288K) NonClass: 58725K(59264K)->58725K(59264K) Class: 8416K(9024K)->8416K(9024K)
[78.383s][info][gc             ] GC(110) Pause Young (Prepare Mixed) (G1 Evacuation Pause) 715M->324M(1120M) 36.837ms
[78.383s][info][gc,cpu         ] GC(110) User=0.75s Sys=0.00s Real=0.03s
[78.578s][info][gc,start       ] GC(111) Pause Young (Mixed) (G1 Evacuation Pause)
[78.578s][info][gc,task        ] GC(111) Using 26 workers of 33 for evacuation
[78.609s][info][gc,phases      ] GC(111)   Pre Evacuate Collection Set: 0.2ms
[78.609s][info][gc,phases      ] GC(111)   Merge Heap Roots: 0.2ms
[78.609s][info][gc,phases      ] GC(111)   Evacuate Collection Set: 29.2ms
[78.609s][info][gc,phases      ] GC(111)   Post Evacuate Collection Set: 0.6ms
[78.609s][info][gc,phases      ] GC(111)   Other: 0.1ms
[78.609s][info][gc,heap        ] GC(111) Eden regions: 25->0(31)
[78.609s][info][gc,heap        ] GC(111) Survivor regions: 5->2(4)
[78.609s][info][gc,heap        ] GC(111) Old regions: 29->25
[78.609s][info][gc,heap        ] GC(111) Archive regions: 0->0
[78.609s][info][gc,heap        ] GC(111) Humongous regions: 0->0
[78.609s][info][gc,metaspace   ] GC(111) Metaspace: 67141K(68288K)->67141K(68288K) NonClass: 58725K(59264K)->58725K(59264K) Class: 8416K(9024K)->8416K(9024K)
[78.609s][info][gc             ] GC(111) Pause Young (Mixed) (G1 Evacuation Pause) 724M->342M(1120M) 30.673ms
[78.609s][info][gc,cpu         ] GC(111) User=0.66s Sys=0.00s Real=0.03s
[79.471s][info][gc,start       ] GC(112) Pause Young (Mixed) (G1 Evacuation Pause)
[79.471s][info][gc,task        ] GC(112) Using 26 workers of 33 for evacuation
[79.505s][info][gc,phases      ] GC(112)   Pre Evacuate Collection Set: 0.2ms
[79.505s][info][gc,phases      ] GC(112)   Merge Heap Roots: 0.8ms
[79.505s][info][gc,phases      ] GC(112)   Evacuate Collection Set: 28.8ms
[79.505s][info][gc,phases      ] GC(112)   Post Evacuate Collection Set: 4.0ms
[79.505s][info][gc,phases      ] GC(112)   Other: 0.2ms
[79.505s][info][gc,heap        ] GC(112) Eden regions: 31->0(83)
[79.505s][info][gc,heap        ] GC(112) Survivor regions: 2->5(5)
[79.505s][info][gc,heap        ] GC(112) Old regions: 25->23
[79.505s][info][gc,heap        ] GC(112) Archive regions: 0->0
[79.505s][info][gc,heap        ] GC(112) Humongous regions: 0->0
[79.505s][info][gc,metaspace   ] GC(112) Metaspace: 67148K(68288K)->67148K(68288K) NonClass: 58732K(59264K)->58732K(59264K) Class: 8416K(9024K)->8416K(9024K)
[79.505s][info][gc             ] GC(112) Pause Young (Mixed) (G1 Evacuation Pause) 838M->385M(2368M) 34.236ms
[79.505s][info][gc,cpu         ] GC(112) User=0.42s Sys=0.00s Real=0.03s
[80.412s][info][gc,start       ] GC(113) Pause Young (Normal) (G1 Evacuation Pause)
[80.412s][info][gc,task        ] GC(113) Using 33 workers of 33 for evacuation
[80.469s][info][gc,phases      ] GC(113)   Pre Evacuate Collection Set: 0.2ms
[80.469s][info][gc,phases      ] GC(113)   Merge Heap Roots: 0.4ms
[80.469s][info][gc,phases      ] GC(113)   Evacuate Collection Set: 55.2ms
[80.469s][info][gc,phases      ] GC(113)   Post Evacuate Collection Set: 0.6ms
[80.469s][info][gc,phases      ] GC(113)   Other: 0.2ms
[80.469s][info][gc,heap        ] GC(113) Eden regions: 83->0(77)
[80.469s][info][gc,heap        ] GC(113) Survivor regions: 5->11(11)
[80.469s][info][gc,heap        ] GC(113) Old regions: 23->25
[80.469s][info][gc,heap        ] GC(113) Archive regions: 0->0
[80.469s][info][gc,heap        ] GC(113) Humongous regions: 0->0
[80.469s][info][gc,metaspace   ] GC(113) Metaspace: 67148K(68288K)->67148K(68288K) NonClass: 58732K(59264K)->58732K(59264K) Class: 8416K(9024K)->8416K(9024K)
[80.469s][info][gc             ] GC(113) Pause Young (Normal) (G1 Evacuation Pause) 1713M->528M(2368M) 56.940ms
[80.469s][info][gc,cpu         ] GC(113) User=2.06s Sys=0.00s Real=0.06s
[82.017s][info][gc,start       ] GC(114) Pause Young (Normal) (G1 Evacuation Pause)
[82.017s][info][gc,task        ] GC(114) Using 33 workers of 33 for evacuation
[82.045s][info][gc,phases      ] GC(114)   Pre Evacuate Collection Set: 0.2ms
[82.045s][info][gc,phases      ] GC(114)   Merge Heap Roots: 0.4ms
[82.045s][info][gc,phases      ] GC(114)   Evacuate Collection Set: 26.6ms
[82.045s][info][gc,phases      ] GC(114)   Post Evacuate Collection Set: 0.8ms
[82.046s][info][gc,phases      ] GC(114)   Other: 0.2ms
[82.046s][info][gc,heap        ] GC(114) Eden regions: 77->0(85)
[82.046s][info][gc,heap        ] GC(114) Survivor regions: 11->3(11)
[82.046s][info][gc,heap        ] GC(114) Old regions: 25->28
[82.046s][info][gc,heap        ] GC(114) Archive regions: 0->0
[82.046s][info][gc,heap        ] GC(114) Humongous regions: 0->0
[82.046s][info][gc,metaspace   ] GC(114) Metaspace: 67180K(68352K)->67180K(68352K) NonClass: 58762K(59328K)->58762K(59328K) Class: 8417K(9024K)->8417K(9024K)
[82.046s][info][gc             ] GC(114) Pause Young (Normal) (G1 Evacuation Pause) 1760M->446M(2368M) 28.567ms
[82.046s][info][gc,cpu         ] GC(114) User=1.03s Sys=0.00s Real=0.03s
[83.196s][info][gc,start       ] GC(115) Pause Young (Normal) (G1 Evacuation Pause)
[83.196s][info][gc,task        ] GC(115) Using 33 workers of 33 for evacuation
[83.219s][info][gc,phases      ] GC(115)   Pre Evacuate Collection Set: 0.3ms
[83.219s][info][gc,phases      ] GC(115)   Merge Heap Roots: 0.3ms
[83.219s][info][gc,phases      ] GC(115)   Evacuate Collection Set: 21.6ms
[83.219s][info][gc,phases      ] GC(115)   Post Evacuate Collection Set: 0.7ms
[83.219s][info][gc,phases      ] GC(115)   Other: 0.2ms
[83.219s][info][gc,heap        ] GC(115) Eden regions: 85->0(83)
[83.219s][info][gc,heap        ] GC(115) Survivor regions: 3->5(11)
[83.219s][info][gc,heap        ] GC(115) Old regions: 28->28
[83.219s][info][gc,heap        ] GC(115) Archive regions: 0->0
[83.219s][info][gc,heap        ] GC(115) Humongous regions: 4->0
[83.220s][info][gc,metaspace   ] GC(115) Metaspace: 67228K(68352K)->67228K(68352K) NonClass: 58810K(59328K)->58810K(59328K) Class: 8417K(9024K)->8417K(9024K)
[83.220s][info][gc             ] GC(115) Pause Young (Normal) (G1 Evacuation Pause) 1870M->467M(2368M) 23.408ms
[83.220s][info][gc,cpu         ] GC(115) User=1.03s Sys=0.00s Real=0.03s
[83.412s][info][gc,start       ] GC(116) Pause Full (System.gc())
[83.412s][info][gc,task        ] GC(116) Using 14 workers of 33 for full compaction
[83.413s][info][gc,phases,start] GC(116) Phase 1: Mark live objects
[83.452s][info][gc,phases      ] GC(116) Phase 1: Mark live objects 39.024ms
[83.452s][info][gc,phases,start] GC(116) Phase 2: Prepare compaction
[83.458s][info][gc,phases      ] GC(116) Phase 2: Prepare compaction 6.242ms
[83.458s][info][gc,phases,start] GC(116) Phase 3: Adjust pointers
[83.471s][info][gc,phases      ] GC(116) Phase 3: Adjust pointers 13.065ms
[83.471s][info][gc,phases,start] GC(116) Phase 4: Compact heap
[83.477s][info][gc,phases      ] GC(116) Phase 4: Compact heap 5.731ms
[83.493s][info][gc,heap        ] GC(116) Eden regions: 22->0(33)
[83.493s][info][gc,heap        ] GC(116) Survivor regions: 5->0(11)
[83.493s][info][gc,heap        ] GC(116) Old regions: 28->19
[83.493s][info][gc,heap        ] GC(116) Archive regions: 0->0
[83.493s][info][gc,heap        ] GC(116) Humongous regions: 0->0
[83.493s][info][gc,metaspace   ] GC(116) Metaspace: 67228K(68352K)->67228K(68352K) NonClass: 58811K(59328K)->58811K(59328K) Class: 8417K(9024K)->8417K(9024K)
[83.493s][info][gc             ] GC(116) Pause Full (System.gc()) 806M->147M(1024M) 81.469ms
[83.493s][info][gc,cpu         ] GC(116) User=0.75s Sys=0.50s Real=0.08s
[83.805s][info][gc,start       ] GC(117) Pause Young (Concurrent Start) (G1 Evacuation Pause)
[83.805s][info][gc,task        ] GC(117) Using 24 workers of 33 for evacuation
[83.841s][info][gc,phases      ] GC(117)   Pre Evacuate Collection Set: 0.3ms
[83.841s][info][gc,phases      ] GC(117)   Merge Heap Roots: 0.2ms
[83.841s][info][gc,phases      ] GC(117)   Evacuate Collection Set: 32.0ms
[83.841s][info][gc,phases      ] GC(117)   Post Evacuate Collection Set: 3.4ms
[83.841s][info][gc,phases      ] GC(117)   Other: 0.2ms
[83.841s][info][gc,heap        ] GC(117) Eden regions: 33->0(71)
[83.841s][info][gc,heap        ] GC(117) Survivor regions: 0->5(5)
[83.841s][info][gc,heap        ] GC(117) Old regions: 19->21
[83.841s][info][gc,heap        ] GC(117) Archive regions: 0->0
[83.841s][info][gc,heap        ] GC(117) Humongous regions: 0->0
[83.841s][info][gc,metaspace   ] GC(117) Metaspace: 67233K(68416K)->67233K(68416K) NonClass: 58815K(59392K)->58815K(59392K) Class: 8417K(9024K)->8417K(9024K)
[83.841s][info][gc             ] GC(117) Pause Young (Concurrent Start) (G1 Evacuation Pause) 675M->257M(2048M) 36.423ms
[83.841s][info][gc             ] GC(118) Concurrent Mark Cycle
[83.841s][info][gc,cpu         ] GC(117) User=0.61s Sys=0.00s Real=0.03s
[83.841s][info][gc,marking     ] GC(118) Concurrent Scan Root Regions
[83.879s][info][gc,marking     ] GC(118) Concurrent Scan Root Regions 37.703ms
[83.879s][info][gc,marking     ] GC(118) Concurrent Mark
[83.879s][info][gc,marking     ] GC(118) Concurrent Mark From Roots
[83.879s][info][gc,task        ] GC(118) Using 8 workers of 8 for marking
[83.918s][info][gc,marking     ] GC(118) Concurrent Mark From Roots 38.789ms
[83.918s][info][gc,marking     ] GC(118) Concurrent Preclean
[83.918s][info][gc,marking     ] GC(118) Concurrent Preclean 0.362ms
[83.918s][info][gc,start       ] GC(118) Pause Remark
[83.920s][info][gc             ] GC(118) Pause Remark 401M->401M(1872M) 1.872ms
[83.920s][info][gc,cpu         ] GC(118) User=0.00s Sys=0.00s Real=0.00s
[83.920s][info][gc,marking     ] GC(118) Concurrent Mark 41.386ms
[83.920s][info][gc,marking     ] GC(118) Concurrent Rebuild Remembered Sets and Scrub Regions
[83.938s][info][gc,marking     ] GC(118) Concurrent Rebuild Remembered Sets and Scrub Regions 18.131ms
[83.939s][info][gc,start       ] GC(118) Pause Cleanup
[83.939s][info][gc             ] GC(118) Pause Cleanup 441M->441M(1872M) 0.134ms
[83.939s][info][gc,cpu         ] GC(118) User=0.00s Sys=0.00s Real=0.00s
[83.939s][info][gc,marking     ] GC(118) Concurrent Clear Claimed Marks
[83.939s][info][gc,marking     ] GC(118) Concurrent Clear Claimed Marks 0.092ms
[83.939s][info][gc,marking     ] GC(118) Concurrent Cleanup for Next Mark
[83.941s][info][gc,marking     ] GC(118) Concurrent Cleanup for Next Mark 2.128ms
[83.941s][info][gc             ] GC(118) Concurrent Mark Cycle 100.027ms
[84.415s][info][gc,start       ] GC(119) Pause Young (Prepare Mixed) (G1 Evacuation Pause)
[84.415s][info][gc,task        ] GC(119) Using 33 workers of 33 for evacuation
[84.456s][info][gc,phases      ] GC(119)   Pre Evacuate Collection Set: 0.2ms
[84.456s][info][gc,phases      ] GC(119)   Merge Heap Roots: 0.2ms
[84.456s][info][gc,phases      ] GC(119)   Evacuate Collection Set: 39.9ms
[84.456s][info][gc,phases      ] GC(119)   Post Evacuate Collection Set: 0.4ms
[84.456s][info][gc,phases      ] GC(119)   Other: 0.2ms
[84.456s][info][gc,heap        ] GC(119) Eden regions: 65->0(64)
[84.456s][info][gc,heap        ] GC(119) Survivor regions: 5->6(9)
[84.456s][info][gc,heap        ] GC(119) Old regions: 21->26
[84.456s][info][gc,heap        ] GC(119) Archive regions: 0->0
[84.456s][info][gc,heap        ] GC(119) Humongous regions: 0->0
[84.456s][info][gc,metaspace   ] GC(119) Metaspace: 67233K(68416K)->67233K(68416K) NonClass: 58815K(59392K)->58815K(59392K) Class: 8417K(9024K)->8417K(9024K)
[84.456s][info][gc             ] GC(119) Pause Young (Prepare Mixed) (G1 Evacuation Pause) 1297M->343M(1872M) 41.221ms
[84.456s][info][gc,cpu         ] GC(119) User=1.55s Sys=0.00s Real=0.05s
[85.586s][info][gc,start       ] GC(120) Pause Young (Mixed) (G1 Evacuation Pause)
[85.586s][info][gc,task        ] GC(120) Using 33 workers of 33 for evacuation
[85.641s][info][gc,phases      ] GC(120)   Pre Evacuate Collection Set: 0.2ms
[85.641s][info][gc,phases      ] GC(120)   Merge Heap Roots: 0.2ms
[85.641s][info][gc,phases      ] GC(120)   Evacuate Collection Set: 53.5ms
[85.641s][info][gc,phases      ] GC(120)   Post Evacuate Collection Set: 0.7ms
[85.641s][info][gc,phases      ] GC(120)   Other: 0.2ms
[85.641s][info][gc,heap        ] GC(120) Eden regions: 64->0(61)
[85.641s][info][gc,heap        ] GC(120) Survivor regions: 6->9(9)
[85.641s][info][gc,heap        ] GC(120) Old regions: 26->27
[85.641s][info][gc,heap        ] GC(120) Archive regions: 0->0
[85.641s][info][gc,heap        ] GC(120) Humongous regions: 0->0
[85.641s][info][gc,metaspace   ] GC(120) Metaspace: 67257K(68416K)->67257K(68416K) NonClass: 58839K(59392K)->58839K(59392K) Class: 8418K(9024K)->8418K(9024K)
[85.641s][info][gc             ] GC(120) Pause Young (Mixed) (G1 Evacuation Pause) 1367M->477M(1872M) 55.120ms
[85.641s][info][gc,cpu         ] GC(120) User=2.06s Sys=0.00s Real=0.06s
[86.126s][info][gc,start       ] GC(121) Pause Young (Normal) (G1 Evacuation Pause)
[86.127s][info][gc,task        ] GC(121) Using 33 workers of 33 for evacuation
[86.174s][info][gc,phases      ] GC(121)   Pre Evacuate Collection Set: 0.2ms
[86.174s][info][gc,phases      ] GC(121)   Merge Heap Roots: 0.8ms
[86.174s][info][gc,phases      ] GC(121)   Evacuate Collection Set: 45.9ms
[86.174s][info][gc,phases      ] GC(121)   Post Evacuate Collection Set: 0.5ms
[86.174s][info][gc,phases      ] GC(121)   Other: 0.2ms
[86.174s][info][gc,heap        ] GC(121) Eden regions: 61->0(59)
[86.174s][info][gc,heap        ] GC(121) Survivor regions: 9->6(9)
[86.174s][info][gc,heap        ] GC(121) Old regions: 27->34
[86.174s][info][gc,heap        ] GC(121) Archive regions: 0->0
[86.174s][info][gc,heap        ] GC(121) Humongous regions: 0->0
[86.174s][info][gc,metaspace   ] GC(121) Metaspace: 67257K(68416K)->67257K(68416K) NonClass: 58839K(59392K)->58839K(59392K) Class: 8418K(9024K)->8418K(9024K)
[86.174s][info][gc             ] GC(121) Pause Young (Normal) (G1 Evacuation Pause) 1453M->525M(1872M) 47.867ms
[86.174s][info][gc,cpu         ] GC(121) User=1.42s Sys=0.00s Real=0.05s
[87.666s][info][gc,start       ] GC(122) Pause Young (Concurrent Start) (G1 Evacuation Pause)
[87.666s][info][gc,task        ] GC(122) Using 33 workers of 33 for evacuation
[87.700s][info][gc,phases      ] GC(122)   Pre Evacuate Collection Set: 0.4ms
[87.700s][info][gc,phases      ] GC(122)   Merge Heap Roots: 0.2ms
[87.700s][info][gc,phases      ] GC(122)   Evacuate Collection Set: 32.1ms
[87.700s][info][gc,phases      ] GC(122)   Post Evacuate Collection Set: 0.7ms
[87.700s][info][gc,phases      ] GC(122)   Other: 0.2ms
[87.700s][info][gc,heap        ] GC(122) Eden regions: 59->0(62)
[87.700s][info][gc,heap        ] GC(122) Survivor regions: 6->1(9)
[87.700s][info][gc,heap        ] GC(122) Old regions: 34->39
[87.700s][info][gc,heap        ] GC(122) Archive regions: 0->0
[87.700s][info][gc,heap        ] GC(122) Humongous regions: 0->0
[87.700s][info][gc,metaspace   ] GC(122) Metaspace: 67346K(68480K)->67346K(68480K) NonClass: 58928K(59456K)->58928K(59456K) Class: 8418K(9024K)->8418K(9024K)
[87.700s][info][gc             ] GC(122) Pause Young (Concurrent Start) (G1 Evacuation Pause) 1468M->536M(1872M) 33.812ms
[87.700s][info][gc             ] GC(123) Concurrent Mark Cycle
[87.700s][info][gc,cpu         ] GC(122) User=0.72s Sys=0.00s Real=0.03s
[87.700s][info][gc,marking     ] GC(123) Concurrent Scan Root Regions
[87.740s][info][gc,marking     ] GC(123) Concurrent Scan Root Regions 40.218ms
[87.740s][info][gc,marking     ] GC(123) Concurrent Mark
[87.740s][info][gc,marking     ] GC(123) Concurrent Mark From Roots
[87.740s][info][gc,task        ] GC(123) Using 8 workers of 8 for marking
[87.790s][info][gc,marking     ] GC(123) Concurrent Mark From Roots 49.186ms
[87.790s][info][gc,marking     ] GC(123) Concurrent Preclean
[87.790s][info][gc,marking     ] GC(123) Concurrent Preclean 0.341ms
[87.790s][info][gc,start       ] GC(123) Pause Remark
[87.792s][info][gc             ] GC(123) Pause Remark 712M->585M(1872M) 2.283ms
[87.792s][info][gc,cpu         ] GC(123) User=0.00s Sys=0.00s Real=0.00s
[87.793s][info][gc,marking     ] GC(123) Concurrent Mark 52.168ms
[87.793s][info][gc,marking     ] GC(123) Concurrent Rebuild Remembered Sets and Scrub Regions
[87.845s][info][gc,marking     ] GC(123) Concurrent Rebuild Remembered Sets and Scrub Regions 52.513ms
[87.845s][info][gc,start       ] GC(123) Pause Cleanup
[87.845s][info][gc             ] GC(123) Pause Cleanup 698M->698M(1872M) 0.187ms
[87.845s][info][gc,cpu         ] GC(123) User=0.00s Sys=0.00s Real=0.00s
[87.846s][info][gc,marking     ] GC(123) Concurrent Clear Claimed Marks
[87.846s][info][gc,marking     ] GC(123) Concurrent Clear Claimed Marks 0.103ms
[87.846s][info][gc,marking     ] GC(123) Concurrent Cleanup for Next Mark
[87.847s][info][gc,marking     ] GC(123) Concurrent Cleanup for Next Mark 1.443ms
[87.847s][info][gc             ] GC(123) Concurrent Mark Cycle 147.124ms
[88.455s][info][gc,start       ] GC(124) Pause Young (Prepare Mixed) (G1 Evacuation Pause)
[88.455s][info][gc,task        ] GC(124) Using 33 workers of 33 for evacuation
[88.478s][info][gc,phases      ] GC(124)   Pre Evacuate Collection Set: 0.2ms
[88.478s][info][gc,phases      ] GC(124)   Merge Heap Roots: 0.6ms
[88.478s][info][gc,phases      ] GC(124)   Evacuate Collection Set: 21.2ms
[88.478s][info][gc,phases      ] GC(124)   Post Evacuate Collection Set: 0.7ms
[88.478s][info][gc,phases      ] GC(124)   Other: 0.2ms
[88.478s][info][gc,heap        ] GC(124) Eden regions: 62->0(62)
[88.478s][info][gc,heap        ] GC(124) Survivor regions: 1->6(8)
[88.478s][info][gc,heap        ] GC(124) Old regions: 31->31
[88.478s][info][gc,heap        ] GC(124) Archive regions: 0->0
[88.478s][info][gc,heap        ] GC(124) Humongous regions: 7->3
[88.478s][info][gc,metaspace   ] GC(124) Metaspace: 67367K(68480K)->67367K(68480K) NonClass: 58948K(59456K)->58948K(59456K) Class: 8418K(9024K)->8418K(9024K)
[88.478s][info][gc             ] GC(124) Pause Young (Prepare Mixed) (G1 Evacuation Pause) 1514M->528M(1872M) 23.360ms
[88.478s][info][gc,cpu         ] GC(124) User=1.03s Sys=0.00s Real=0.03s
[88.839s][info][gc,start       ] GC(125) Pause Full (System.gc())
[88.839s][info][gc,task        ] GC(125) Using 10 workers of 33 for full compaction
[88.840s][info][gc,phases,start] GC(125) Phase 1: Mark live objects
[88.881s][info][gc,phases      ] GC(125) Phase 1: Mark live objects 40.902ms
[88.881s][info][gc,phases,start] GC(125) Phase 2: Prepare compaction
[88.893s][info][gc,phases      ] GC(125) Phase 2: Prepare compaction 12.279ms
[88.893s][info][gc,phases,start] GC(125) Phase 3: Adjust pointers
[88.908s][info][gc,phases      ] GC(125) Phase 3: Adjust pointers 15.527ms
[88.909s][info][gc,phases,start] GC(125) Phase 4: Compact heap
[88.916s][info][gc,phases      ] GC(125) Phase 4: Compact heap 7.340ms
[88.930s][info][gc,heap        ] GC(125) Eden regions: 42->0(29)
[88.930s][info][gc,heap        ] GC(125) Survivor regions: 6->0(8)
[88.930s][info][gc,heap        ] GC(125) Old regions: 31->17
[88.930s][info][gc,heap        ] GC(125) Archive regions: 0->0
[88.930s][info][gc,heap        ] GC(125) Humongous regions: 3->0
[88.930s][info][gc,metaspace   ] GC(125) Metaspace: 67368K(68480K)->67368K(68480K) NonClass: 58949K(59456K)->58949K(59456K) Class: 8418K(9024K)->8418K(9024K)
[88.930s][info][gc             ] GC(125) Pause Full (System.gc()) 1188M->147M(912M) 90.938ms
[88.930s][info][gc,cpu         ] GC(125) User=0.67s Sys=0.00s Real=0.09s
[89.207s][info][gc,start       ] GC(126) Pause Young (Concurrent Start) (G1 Evacuation Pause)
[89.207s][info][gc,task        ] GC(126) Using 21 workers of 33 for evacuation
[89.241s][info][gc,phases      ] GC(126)   Pre Evacuate Collection Set: 0.2ms
[89.241s][info][gc,phases      ] GC(126)   Merge Heap Roots: 0.1ms
[89.241s][info][gc,phases      ] GC(126)   Evacuate Collection Set: 30.2ms
[89.241s][info][gc,phases      ] GC(126)   Post Evacuate Collection Set: 3.1ms
[89.241s][info][gc,phases      ] GC(126)   Other: 0.1ms
[89.241s][info][gc,heap        ] GC(126) Eden regions: 29->0(64)
[89.241s][info][gc,heap        ] GC(126) Survivor regions: 0->4(4)
[89.241s][info][gc,heap        ] GC(126) Old regions: 17->20
[89.241s][info][gc,heap        ] GC(126) Archive regions: 0->0
[89.241s][info][gc,heap        ] GC(126) Humongous regions: 0->0
[89.241s][info][gc,metaspace   ] GC(126) Metaspace: 67385K(68544K)->67385K(68544K) NonClass: 58967K(59520K)->58967K(59520K) Class: 8418K(9024K)->8418K(9024K)
[89.241s][info][gc             ] GC(126) Pause Young (Concurrent Start) (G1 Evacuation Pause) 611M->252M(1824M) 33.991ms
[89.241s][info][gc             ] GC(127) Concurrent Mark Cycle
[89.241s][info][gc,cpu         ] GC(126) User=0.66s Sys=0.00s Real=0.03s
[89.241s][info][gc,marking     ] GC(127) Concurrent Scan Root Regions
[89.278s][info][gc,marking     ] GC(127) Concurrent Scan Root Regions 36.998ms
[89.278s][info][gc,marking     ] GC(127) Concurrent Mark
[89.278s][info][gc,marking     ] GC(127) Concurrent Mark From Roots
[89.278s][info][gc,task        ] GC(127) Using 8 workers of 8 for marking
[89.316s][info][gc,marking     ] GC(127) Concurrent Mark From Roots 38.216ms
[89.316s][info][gc,marking     ] GC(127) Concurrent Preclean
[89.317s][info][gc,marking     ] GC(127) Concurrent Preclean 0.356ms
[89.317s][info][gc,start       ] GC(127) Pause Remark
[89.319s][info][gc             ] GC(127) Pause Remark 389M->389M(1760M) 1.799ms
[89.319s][info][gc,cpu         ] GC(127) User=0.00s Sys=0.00s Real=0.00s
[89.319s][info][gc,marking     ] GC(127) Concurrent Mark 40.705ms
[89.319s][info][gc,marking     ] GC(127) Concurrent Rebuild Remembered Sets and Scrub Regions
[89.336s][info][gc,marking     ] GC(127) Concurrent Rebuild Remembered Sets and Scrub Regions 17.600ms
[89.337s][info][gc,start       ] GC(127) Pause Cleanup
[89.337s][info][gc             ] GC(127) Pause Cleanup 424M->424M(1760M) 0.129ms
[89.337s][info][gc,cpu         ] GC(127) User=0.00s Sys=0.00s Real=0.00s
[89.337s][info][gc,marking     ] GC(127) Concurrent Clear Claimed Marks
[89.337s][info][gc,marking     ] GC(127) Concurrent Clear Claimed Marks 0.098ms
[89.337s][info][gc,marking     ] GC(127) Concurrent Cleanup for Next Mark
[89.339s][info][gc,marking     ] GC(127) Concurrent Cleanup for Next Mark 2.364ms
[89.339s][info][gc             ] GC(127) Concurrent Mark Cycle 98.383ms
[89.797s][info][gc,start       ] GC(128) Pause Young (Prepare Mixed) (G1 Evacuation Pause)
[89.797s][info][gc,task        ] GC(128) Using 33 workers of 33 for evacuation
[89.837s][info][gc,phases      ] GC(128)   Pre Evacuate Collection Set: 0.2ms
[89.837s][info][gc,phases      ] GC(128)   Merge Heap Roots: 0.2ms
[89.837s][info][gc,phases      ] GC(128)   Evacuate Collection Set: 38.7ms
[89.837s][info][gc,phases      ] GC(128)   Post Evacuate Collection Set: 0.5ms
[89.837s][info][gc,phases      ] GC(128)   Other: 0.2ms
[89.837s][info][gc,heap        ] GC(128) Eden regions: 62->0(57)
[89.837s][info][gc,heap        ] GC(128) Survivor regions: 4->9(9)
[89.837s][info][gc,heap        ] GC(128) Old regions: 20->21
[89.837s][info][gc,heap        ] GC(128) Archive regions: 0->0
[89.837s][info][gc,heap        ] GC(128) Humongous regions: 0->0
[89.837s][info][gc,metaspace   ] GC(128) Metaspace: 67385K(68544K)->67385K(68544K) NonClass: 58967K(59520K)->58967K(59520K) Class: 8418K(9024K)->8418K(9024K)
[89.837s][info][gc             ] GC(128) Pause Young (Prepare Mixed) (G1 Evacuation Pause) 1244M->336M(1760M) 40.151ms
[89.837s][info][gc,cpu         ] GC(128) User=0.86s Sys=0.00s Real=0.05s
[90.915s][info][gc,start       ] GC(129) Pause Young (Mixed) (G1 Evacuation Pause)
[90.915s][info][gc,task        ] GC(129) Using 33 workers of 33 for evacuation
[90.938s][info][gc,phases      ] GC(129)   Pre Evacuate Collection Set: 0.2ms
[90.938s][info][gc,phases      ] GC(129)   Merge Heap Roots: 0.2ms
[90.938s][info][gc,phases      ] GC(129)   Evacuate Collection Set: 22.0ms
[90.938s][info][gc,phases      ] GC(129)   Post Evacuate Collection Set: 0.6ms
[90.938s][info][gc,phases      ] GC(129)   Other: 0.2ms
[90.938s][info][gc,heap        ] GC(129) Eden regions: 57->0(59)
[90.938s][info][gc,heap        ] GC(129) Survivor regions: 9->7(9)
[90.938s][info][gc,heap        ] GC(129) Old regions: 21->18
[90.938s][info][gc,heap        ] GC(129) Archive regions: 0->0
[90.938s][info][gc,heap        ] GC(129) Humongous regions: 0->0
[90.938s][info][gc,metaspace   ] GC(129) Metaspace: 67389K(68544K)->67389K(68544K) NonClass: 58970K(59520K)->58970K(59520K) Class: 8418K(9024K)->8418K(9024K)
[90.938s][info][gc             ] GC(129) Pause Young (Mixed) (G1 Evacuation Pause) 1248M->292M(1760M) 23.619ms
[90.938s][info][gc,cpu         ] GC(129) User=1.03s Sys=0.00s Real=0.03s
[91.420s][info][gc,start       ] GC(130) Pause Young (Normal) (G1 Evacuation Pause)
[91.420s][info][gc,task        ] GC(130) Using 33 workers of 33 for evacuation
[91.465s][info][gc,phases      ] GC(130)   Pre Evacuate Collection Set: 0.2ms
[91.465s][info][gc,phases      ] GC(130)   Merge Heap Roots: 0.2ms
[91.465s][info][gc,phases      ] GC(130)   Evacuate Collection Set: 44.4ms
[91.465s][info][gc,phases      ] GC(130)   Post Evacuate Collection Set: 0.5ms
[91.465s][info][gc,phases      ] GC(130)   Other: 0.2ms
[91.465s][info][gc,heap        ] GC(130) Eden regions: 59->0(60)
[91.466s][info][gc,heap        ] GC(130) Survivor regions: 7->6(9)
[91.466s][info][gc,heap        ] GC(130) Old regions: 18->23
[91.466s][info][gc,heap        ] GC(130) Archive regions: 0->0
[91.466s][info][gc,heap        ] GC(130) Humongous regions: 0->0
[91.466s][info][gc,metaspace   ] GC(130) Metaspace: 67391K(68544K)->67391K(68544K) NonClass: 58972K(59520K)->58972K(59520K) Class: 8418K(9024K)->8418K(9024K)
[91.466s][info][gc             ] GC(130) Pause Young (Normal) (G1 Evacuation Pause) 1236M->375M(1760M) 45.800ms
[91.466s][info][gc,cpu         ] GC(130) User=1.38s Sys=0.00s Real=0.05s
[92.725s][info][gc,start       ] GC(131) Pause Young (Normal) (G1 Evacuation Pause)
[92.725s][info][gc,task        ] GC(131) Using 33 workers of 33 for evacuation
[92.765s][info][gc,phases      ] GC(131)   Pre Evacuate Collection Set: 0.2ms
[92.765s][info][gc,phases      ] GC(131)   Merge Heap Roots: 0.2ms
[92.765s][info][gc,phases      ] GC(131)   Evacuate Collection Set: 38.4ms
[92.765s][info][gc,phases      ] GC(131)   Post Evacuate Collection Set: 0.8ms
[92.765s][info][gc,phases      ] GC(131)   Other: 0.2ms
[92.765s][info][gc,heap        ] GC(131) Eden regions: 60->0(63)
[92.765s][info][gc,heap        ] GC(131) Survivor regions: 6->3(9)
[92.765s][info][gc,heap        ] GC(131) Old regions: 23->28
[92.765s][info][gc,heap        ] GC(131) Archive regions: 0->0
[92.765s][info][gc,heap        ] GC(131) Humongous regions: 0->0
[92.765s][info][gc,metaspace   ] GC(131) Metaspace: 67427K(68544K)->67427K(68544K) NonClass: 59007K(59520K)->59007K(59520K) Class: 8419K(9024K)->8419K(9024K)
[92.765s][info][gc             ] GC(131) Pause Young (Normal) (G1 Evacuation Pause) 1335M->409M(1760M) 40.110ms
[92.765s][info][gc,cpu         ] GC(131) User=1.03s Sys=0.00s Real=0.03s
[93.795s][info][gc,start       ] GC(132) Pause Young (Concurrent Start) (G1 Evacuation Pause)
[93.795s][info][gc,task        ] GC(132) Using 33 workers of 33 for evacuation
[93.827s][info][gc,phases      ] GC(132)   Pre Evacuate Collection Set: 0.3ms
[93.827s][info][gc,phases      ] GC(132)   Merge Heap Roots: 0.8ms
[93.827s][info][gc,phases      ] GC(132)   Evacuate Collection Set: 25.8ms
[93.827s][info][gc,phases      ] GC(132)   Post Evacuate Collection Set: 4.0ms
[93.827s][info][gc,phases      ] GC(132)   Other: 0.2ms
[93.827s][info][gc,heap        ] GC(132) Eden regions: 63->0(97)
[93.827s][info][gc,heap        ] GC(132) Survivor regions: 3->7(9)
[93.827s][info][gc,heap        ] GC(132) Old regions: 28->28
[93.827s][info][gc,heap        ] GC(132) Archive regions: 0->0
[93.827s][info][gc,heap        ] GC(132) Humongous regions: 0->0
[93.827s][info][gc,metaspace   ] GC(132) Metaspace: 67437K(68544K)->67437K(68544K) NonClass: 59018K(59520K)->59018K(59520K) Class: 8419K(9024K)->8419K(9024K)
[93.827s][info][gc             ] GC(132) Pause Young (Concurrent Start) (G1 Evacuation Pause) 1415M->468M(2784M) 31.648ms
[93.827s][info][gc             ] GC(133) Concurrent Mark Cycle
[93.827s][info][gc,cpu         ] GC(132) User=1.05s Sys=0.00s Real=0.03s
[93.827s][info][gc,marking     ] GC(133) Concurrent Scan Root Regions
[93.839s][info][gc,marking     ] GC(133) Concurrent Scan Root Regions 11.692ms
[93.839s][info][gc,marking     ] GC(133) Concurrent Mark
[93.839s][info][gc,marking     ] GC(133) Concurrent Mark From Roots
[93.839s][info][gc,task        ] GC(133) Using 8 workers of 8 for marking
[93.871s][info][gc,marking     ] GC(133) Concurrent Mark From Roots 32.345ms
[93.871s][info][gc,marking     ] GC(133) Concurrent Preclean
[93.872s][info][gc,marking     ] GC(133) Concurrent Preclean 0.323ms
[93.872s][info][gc,start       ] GC(133) Pause Remark
[93.874s][info][gc             ] GC(133) Pause Remark 572M->420M(1712M) 2.416ms
[93.874s][info][gc,cpu         ] GC(133) User=0.00s Sys=0.00s Real=0.00s
[93.874s][info][gc,marking     ] GC(133) Concurrent Mark 35.443ms
[93.874s][info][gc,marking     ] GC(133) Concurrent Rebuild Remembered Sets and Scrub Regions
[93.892s][info][gc,marking     ] GC(133) Concurrent Rebuild Remembered Sets and Scrub Regions 17.238ms
[93.892s][info][gc,start       ] GC(133) Pause Cleanup
[93.892s][info][gc             ] GC(133) Pause Cleanup 458M->458M(1712M) 0.164ms
[93.892s][info][gc,cpu         ] GC(133) User=0.00s Sys=0.00s Real=0.00s
[93.892s][info][gc,marking     ] GC(133) Concurrent Clear Claimed Marks
[93.892s][info][gc,marking     ] GC(133) Concurrent Clear Claimed Marks 0.091ms
[93.892s][info][gc,marking     ] GC(133) Concurrent Cleanup for Next Mark
[93.895s][info][gc,marking     ] GC(133) Concurrent Cleanup for Next Mark 2.559ms
[93.895s][info][gc             ] GC(133) Concurrent Mark Cycle 67.710ms
[94.376s][info][gc,start       ] GC(134) Pause Full (System.gc())
[94.377s][info][gc,task        ] GC(134) Using 10 workers of 33 for full compaction
[94.377s][info][gc,phases,start] GC(134) Phase 1: Mark live objects
[94.419s][info][gc,phases      ] GC(134) Phase 1: Mark live objects 42.023ms
[94.419s][info][gc,phases,start] GC(134) Phase 2: Prepare compaction
[94.432s][info][gc,phases      ] GC(134) Phase 2: Prepare compaction 12.532ms
[94.432s][info][gc,phases,start] GC(134) Phase 3: Adjust pointers
[94.448s][info][gc,phases      ] GC(134) Phase 3: Adjust pointers 16.539ms
[94.448s][info][gc,phases,start] GC(134) Phase 4: Compact heap
[94.459s][info][gc,phases      ] GC(134) Phase 4: Compact heap 10.885ms
[94.473s][info][gc,heap        ] GC(134) Eden regions: 56->0(28)
[94.473s][info][gc,heap        ] GC(134) Survivor regions: 7->0(9)
[94.473s][info][gc,heap        ] GC(134) Old regions: 18->17
[94.473s][info][gc,heap        ] GC(134) Archive regions: 0->0
[94.473s][info][gc,heap        ] GC(134) Humongous regions: 4->0
[94.473s][info][gc,metaspace   ] GC(134) Metaspace: 67441K(68608K)->67441K(68608K) NonClass: 59021K(59584K)->59021K(59584K) Class: 8419K(9024K)->8419K(9024K)
[94.473s][info][gc             ] GC(134) Pause Full (System.gc()) 1269M->147M(912M) 96.247ms
[94.473s][info][gc,cpu         ] GC(134) User=0.67s Sys=0.00s Real=0.09s
[94.718s][info][gc,start       ] GC(135) Pause Young (Concurrent Start) (G1 Evacuation Pause)
[94.718s][info][gc,task        ] GC(135) Using 21 workers of 33 for evacuation
[94.749s][info][gc,phases      ] GC(135)   Pre Evacuate Collection Set: 0.3ms
[94.749s][info][gc,phases      ] GC(135)   Merge Heap Roots: 0.1ms
[94.749s][info][gc,phases      ] GC(135)   Evacuate Collection Set: 30.0ms
[94.749s][info][gc,phases      ] GC(135)   Post Evacuate Collection Set: 0.5ms
[94.749s][info][gc,phases      ] GC(135)   Other: 0.1ms
[94.749s][info][gc,heap        ] GC(135) Eden regions: 28->0(21)
[94.749s][info][gc,heap        ] GC(135) Survivor regions: 0->4(4)
[94.749s][info][gc,heap        ] GC(135) Old regions: 17->20
[94.749s][info][gc,heap        ] GC(135) Archive regions: 0->0
[94.749s][info][gc,heap        ] GC(135) Humongous regions: 0->0
[94.749s][info][gc,metaspace   ] GC(135) Metaspace: 67459K(68608K)->67459K(68608K) NonClass: 59039K(59584K)->59039K(59584K) Class: 8419K(9024K)->8419K(9024K)
[94.749s][info][gc             ] GC(135) Pause Young (Concurrent Start) (G1 Evacuation Pause) 595M->249M(912M) 31.366ms
[94.749s][info][gc             ] GC(136) Concurrent Mark Cycle
[94.749s][info][gc,cpu         ] GC(135) User=0.66s Sys=0.00s Real=0.03s
[94.749s][info][gc,marking     ] GC(136) Concurrent Scan Root Regions
[94.781s][info][gc,marking     ] GC(136) Concurrent Scan Root Regions 31.646ms
[94.781s][info][gc,marking     ] GC(136) Concurrent Mark
[94.781s][info][gc,marking     ] GC(136) Concurrent Mark From Roots
[94.781s][info][gc,task        ] GC(136) Using 8 workers of 8 for marking
[94.820s][info][gc,marking     ] GC(136) Concurrent Mark From Roots 39.460ms
[94.821s][info][gc,marking     ] GC(136) Concurrent Preclean
[94.821s][info][gc,marking     ] GC(136) Concurrent Preclean 0.318ms
[94.821s][info][gc,start       ] GC(136) Pause Remark
[94.823s][info][gc             ] GC(136) Pause Remark 359M->359M(912M) 1.819ms
[94.823s][info][gc,cpu         ] GC(136) User=0.33s Sys=0.00s Real=0.02s
[94.823s][info][gc,marking     ] GC(136) Concurrent Mark 41.941ms
[94.823s][info][gc,marking     ] GC(136) Concurrent Rebuild Remembered Sets and Scrub Regions
[94.844s][info][gc,marking     ] GC(136) Concurrent Rebuild Remembered Sets and Scrub Regions 21.267ms
[94.844s][info][gc,start       ] GC(136) Pause Cleanup
[94.845s][info][gc             ] GC(136) Pause Cleanup 395M->395M(912M) 0.112ms
[94.845s][info][gc,cpu         ] GC(136) User=0.00s Sys=0.00s Real=0.00s
[94.845s][info][gc,marking     ] GC(136) Concurrent Clear Claimed Marks
[94.845s][info][gc,marking     ] GC(136) Concurrent Clear Claimed Marks 0.090ms
[94.845s][info][gc,marking     ] GC(136) Concurrent Cleanup for Next Mark
[94.845s][info][gc,marking     ] GC(136) Concurrent Cleanup for Next Mark 0.695ms
[94.845s][info][gc             ] GC(136) Concurrent Mark Cycle 96.195ms
[94.934s][info][gc,start       ] GC(137) Pause Young (Prepare Mixed) (G1 Evacuation Pause)
[94.934s][info][gc,task        ] GC(137) Using 21 workers of 33 for evacuation
[94.966s][info][gc,phases      ] GC(137)   Pre Evacuate Collection Set: 0.2ms
[94.967s][info][gc,phases      ] GC(137)   Merge Heap Roots: 0.2ms
[94.967s][info][gc,phases      ] GC(137)   Evacuate Collection Set: 31.2ms
[94.967s][info][gc,phases      ] GC(137)   Post Evacuate Collection Set: 0.4ms
[94.967s][info][gc,phases      ] GC(137)   Other: 0.1ms
[94.967s][info][gc,heap        ] GC(137) Eden regions: 21->0(19)
[94.967s][info][gc,heap        ] GC(137) Survivor regions: 4->3(4)
[94.967s][info][gc,heap        ] GC(137) Old regions: 20->24
[94.967s][info][gc,heap        ] GC(137) Archive regions: 0->0
[94.967s][info][gc,heap        ] GC(137) Humongous regions: 0->0
[94.967s][info][gc,metaspace   ] GC(137) Metaspace: 67459K(68608K)->67459K(68608K) NonClass: 59039K(59584K)->59039K(59584K) Class: 8419K(9024K)->8419K(9024K)
[94.967s][info][gc             ] GC(137) Pause Young (Prepare Mixed) (G1 Evacuation Pause) 585M->288M(912M) 32.360ms
[94.967s][info][gc,cpu         ] GC(137) User=0.66s Sys=0.00s Real=0.03s
[95.118s][info][gc,start       ] GC(138) Pause Young (Mixed) (G1 Evacuation Pause)
[95.118s][info][gc,task        ] GC(138) Using 21 workers of 33 for evacuation
[95.151s][info][gc,phases      ] GC(138)   Pre Evacuate Collection Set: 0.2ms
[95.151s][info][gc,phases      ] GC(138)   Merge Heap Roots: 0.1ms
[95.151s][info][gc,phases      ] GC(138)   Evacuate Collection Set: 32.5ms
[95.151s][info][gc,phases      ] GC(138)   Post Evacuate Collection Set: 0.4ms
[95.152s][info][gc,phases      ] GC(138)   Other: 0.2ms
[95.152s][info][gc,heap        ] GC(138) Eden regions: 19->0(22)
[95.152s][info][gc,heap        ] GC(138) Survivor regions: 3->3(3)
[95.152s][info][gc,heap        ] GC(138) Old regions: 24->21
[95.152s][info][gc,heap        ] GC(138) Archive regions: 0->0
[95.152s][info][gc,heap        ] GC(138) Humongous regions: 0->0
[95.152s][info][gc,metaspace   ] GC(138) Metaspace: 67459K(68608K)->67459K(68608K) NonClass: 59039K(59584K)->59039K(59584K) Class: 8419K(9024K)->8419K(9024K)
[95.152s][info][gc             ] GC(138) Pause Young (Mixed) (G1 Evacuation Pause) 592M->317M(912M) 33.871ms
[95.152s][info][gc,cpu         ] GC(138) User=0.47s Sys=0.00s Real=0.05s
[95.319s][info][gc,start       ] GC(139) Pause Young (Concurrent Start) (G1 Evacuation Pause)
[95.319s][info][gc,task        ] GC(139) Using 21 workers of 33 for evacuation
[95.347s][info][gc,phases      ] GC(139)   Pre Evacuate Collection Set: 0.3ms
[95.347s][info][gc,phases      ] GC(139)   Merge Heap Roots: 0.1ms
[95.347s][info][gc,phases      ] GC(139)   Evacuate Collection Set: 27.4ms
[95.347s][info][gc,phases      ] GC(139)   Post Evacuate Collection Set: 0.5ms
[95.347s][info][gc,phases      ] GC(139)   Other: 0.2ms
[95.347s][info][gc,heap        ] GC(139) Eden regions: 22->0(23)
[95.347s][info][gc,heap        ] GC(139) Survivor regions: 3->2(4)
[95.347s][info][gc,heap        ] GC(139) Old regions: 21->23
[95.347s][info][gc,heap        ] GC(139) Archive regions: 0->0
[95.347s][info][gc,heap        ] GC(139) Humongous regions: 0->0
[95.347s][info][gc,metaspace   ] GC(139) Metaspace: 67459K(68608K)->67459K(68608K) NonClass: 59039K(59584K)->59039K(59584K) Class: 8419K(9024K)->8419K(9024K)
[95.347s][info][gc             ] GC(139) Pause Young (Concurrent Start) (G1 Evacuation Pause) 669M->342M(912M) 28.840ms
[95.348s][info][gc             ] GC(140) Concurrent Mark Cycle
[95.348s][info][gc,cpu         ] GC(139) User=0.44s Sys=0.00s Real=0.03s
[95.348s][info][gc,marking     ] GC(140) Concurrent Scan Root Regions
[95.400s][info][gc,marking     ] GC(140) Concurrent Scan Root Regions 52.039ms
[95.400s][info][gc,marking     ] GC(140) Concurrent Mark
[95.400s][info][gc,marking     ] GC(140) Concurrent Mark From Roots
[95.400s][info][gc,task        ] GC(140) Using 8 workers of 8 for marking
[95.471s][info][gc,marking     ] GC(140) Concurrent Mark From Roots 70.951ms
[95.471s][info][gc,marking     ] GC(140) Concurrent Preclean
[95.471s][info][gc,marking     ] GC(140) Concurrent Preclean 0.273ms
[95.471s][info][gc,start       ] GC(140) Pause Remark
[95.473s][info][gc             ] GC(140) Pause Remark 564M->564M(1040M) 2.107ms
[95.473s][info][gc,cpu         ] GC(140) User=0.00s Sys=0.00s Real=0.00s
[95.473s][info][gc,marking     ] GC(140) Concurrent Mark 73.669ms
[95.473s][info][gc,marking     ] GC(140) Concurrent Rebuild Remembered Sets and Scrub Regions
[95.562s][info][gc,marking     ] GC(140) Concurrent Rebuild Remembered Sets and Scrub Regions 88.087ms
[95.562s][info][gc,start       ] GC(140) Pause Cleanup
[95.562s][info][gc             ] GC(140) Pause Cleanup 662M->662M(1040M) 0.146ms
[95.562s][info][gc,cpu         ] GC(140) User=0.00s Sys=0.00s Real=0.00s
[95.562s][info][gc,marking     ] GC(140) Concurrent Clear Claimed Marks
[95.562s][info][gc,marking     ] GC(140) Concurrent Clear Claimed Marks 0.116ms
[95.562s][info][gc,marking     ] GC(140) Concurrent Cleanup for Next Mark
[95.564s][info][gc,marking     ] GC(140) Concurrent Cleanup for Next Mark 1.499ms
[95.564s][info][gc             ] GC(140) Concurrent Mark Cycle 216.098ms
[96.029s][info][gc,start       ] GC(141) Pause Young (Prepare Mixed) (G1 Evacuation Pause)
[96.029s][info][gc,task        ] GC(141) Using 25 workers of 33 for evacuation
[96.053s][info][gc,phases      ] GC(141)   Pre Evacuate Collection Set: 0.2ms
[96.053s][info][gc,phases      ] GC(141)   Merge Heap Roots: 0.8ms
[96.053s][info][gc,phases      ] GC(141)   Evacuate Collection Set: 22.0ms
[96.053s][info][gc,phases      ] GC(141)   Post Evacuate Collection Set: 0.6ms
[96.053s][info][gc,phases      ] GC(141)   Other: 0.1ms
[96.053s][info][gc,heap        ] GC(141) Eden regions: 23->0(30)
[96.053s][info][gc,heap        ] GC(141) Survivor regions: 2->3(4)
[96.053s][info][gc,heap        ] GC(141) Old regions: 23->23
[96.053s][info][gc,heap        ] GC(141) Archive regions: 0->0
[96.053s][info][gc,heap        ] GC(141) Humongous regions: 0->0
[96.053s][info][gc,metaspace   ] GC(141) Metaspace: 67489K(68608K)->67489K(68608K) NonClass: 59069K(59584K)->59069K(59584K) Class: 8419K(9024K)->8419K(9024K)
[96.053s][info][gc             ] GC(141) Pause Young (Prepare Mixed) (G1 Evacuation Pause) 710M->359M(1040M) 24.059ms
[96.053s][info][gc,cpu         ] GC(141) User=0.78s Sys=0.00s Real=0.03s
[96.547s][info][gc,start       ] GC(142) Pause Young (Mixed) (G1 Evacuation Pause)
[96.547s][info][gc,task        ] GC(142) Using 25 workers of 33 for evacuation
[96.594s][info][gc,phases      ] GC(142)   Pre Evacuate Collection Set: 0.2ms
[96.594s][info][gc,phases      ] GC(142)   Merge Heap Roots: 0.3ms
[96.594s][info][gc,phases      ] GC(142)   Evacuate Collection Set: 42.9ms
[96.595s][info][gc,phases      ] GC(142)   Post Evacuate Collection Set: 4.0ms
[96.595s][info][gc,phases      ] GC(142)   Other: 0.1ms
[96.595s][info][gc,heap        ] GC(142) Eden regions: 30->0(83)
[96.595s][info][gc,heap        ] GC(142) Survivor regions: 3->5(5)
[96.595s][info][gc,heap        ] GC(142) Old regions: 23->26
[96.595s][info][gc,heap        ] GC(142) Archive regions: 0->0
[96.595s][info][gc,heap        ] GC(142) Humongous regions: 0->0
[96.595s][info][gc,metaspace   ] GC(142) Metaspace: 67583K(68736K)->67583K(68736K) NonClass: 59163K(59712K)->59163K(59712K) Class: 8419K(9024K)->8419K(9024K)
[96.595s][info][gc             ] GC(142) Pause Young (Mixed) (G1 Evacuation Pause) 839M->461M(2352M) 47.825ms
[96.595s][info][gc,cpu         ] GC(142) User=1.17s Sys=0.00s Real=0.05s
[97.412s][info][gc,start       ] GC(143) Pause Young (Normal) (G1 Evacuation Pause)
[97.412s][info][gc,task        ] GC(143) Using 33 workers of 33 for evacuation
[97.455s][info][gc,phases      ] GC(143)   Pre Evacuate Collection Set: 0.2ms
[97.455s][info][gc,phases      ] GC(143)   Merge Heap Roots: 0.5ms
[97.455s][info][gc,phases      ] GC(143)   Evacuate Collection Set: 41.6ms
[97.455s][info][gc,phases      ] GC(143)   Post Evacuate Collection Set: 0.6ms
[97.455s][info][gc,phases      ] GC(143)   Other: 0.2ms
[97.455s][info][gc,heap        ] GC(143) Eden regions: 83->0(79)
[97.455s][info][gc,heap        ] GC(143) Survivor regions: 5->9(11)
[97.455s][info][gc,heap        ] GC(143) Old regions: 26->26
[97.455s][info][gc,heap        ] GC(143) Archive regions: 0->0
[97.455s][info][gc,heap        ] GC(143) Humongous regions: 0->0
[97.455s][info][gc,metaspace   ] GC(143) Metaspace: 67583K(68736K)->67583K(68736K) NonClass: 59163K(59712K)->59163K(59712K) Class: 8419K(9024K)->8419K(9024K)
[97.456s][info][gc             ] GC(143) Pause Young (Normal) (G1 Evacuation Pause) 1789M->522M(2352M) 43.455ms
[97.456s][info][gc,cpu         ] GC(143) User=1.55s Sys=0.00s Real=0.05s
[99.049s][info][gc,start       ] GC(144) Pause Young (Normal) (G1 Evacuation Pause)
[99.049s][info][gc,task        ] GC(144) Using 33 workers of 33 for evacuation
[99.074s][info][gc,phases      ] GC(144)   Pre Evacuate Collection Set: 0.2ms
[99.074s][info][gc,phases      ] GC(144)   Merge Heap Roots: 0.4ms
[99.074s][info][gc,phases      ] GC(144)   Evacuate Collection Set: 23.5ms
[99.074s][info][gc,phases      ] GC(144)   Post Evacuate Collection Set: 0.8ms
[99.074s][info][gc,phases      ] GC(144)   Other: 0.2ms
[99.074s][info][gc,heap        ] GC(144) Eden regions: 79->0(84)
[99.074s][info][gc,heap        ] GC(144) Survivor regions: 9->4(11)
[99.074s][info][gc,heap        ] GC(144) Old regions: 26->28
[99.074s][info][gc,heap        ] GC(144) Archive regions: 0->0
[99.074s][info][gc,heap        ] GC(144) Humongous regions: 0->0
[99.075s][info][gc,metaspace   ] GC(144) Metaspace: 67691K(68800K)->67691K(68800K) NonClass: 59269K(59776K)->59269K(59776K) Class: 8421K(9024K)->8421K(9024K)
[99.075s][info][gc             ] GC(144) Pause Young (Normal) (G1 Evacuation Pause) 1786M->460M(2352M) 25.500ms
[99.075s][info][gc,cpu         ] GC(144) User=1.03s Sys=0.00s Real=0.03s
[100.059s][info][gc,start       ] GC(145) Pause Full (System.gc())
[100.059s][info][gc,task        ] GC(145) Using 14 workers of 33 for full compaction
[100.060s][info][gc,phases,start] GC(145) Phase 1: Mark live objects
[100.095s][info][gc,phases      ] GC(145) Phase 1: Mark live objects 35.738ms
[100.095s][info][gc,phases,start] GC(145) Phase 2: Prepare compaction
[100.105s][info][gc,phases      ] GC(145) Phase 2: Prepare compaction 9.933ms
[100.105s][info][gc,phases,start] GC(145) Phase 3: Adjust pointers
[100.119s][info][gc,phases      ] GC(145) Phase 3: Adjust pointers 13.909ms
[100.119s][info][gc,phases,start] GC(145) Phase 4: Compact heap
[100.126s][info][gc,phases      ] GC(145) Phase 4: Compact heap 6.417ms
[100.136s][info][gc,heap        ] GC(145) Eden regions: 81->0(38)
[100.136s][info][gc,heap        ] GC(145) Survivor regions: 4->0(11)
[100.136s][info][gc,heap        ] GC(145) Old regions: 28->21
[100.136s][info][gc,heap        ] GC(145) Archive regions: 0->0
[100.136s][info][gc,heap        ] GC(145) Humongous regions: 5->0
[100.136s][info][gc,metaspace   ] GC(145) Metaspace: 67715K(68800K)->67715K(68800K) NonClass: 59293K(59776K)->59293K(59776K) Class: 8421K(9024K)->8421K(9024K)
[100.136s][info][gc             ] GC(145) Pause Full (System.gc()) 1832M->147M(1120M) 77.431ms
[100.136s][info][gc,cpu         ] GC(145) User=0.86s Sys=0.00s Real=0.08s
[100.489s][info][gc,start       ] GC(146) Pause Young (Concurrent Start) (G1 Evacuation Pause)
[100.489s][info][gc,task        ] GC(146) Using 26 workers of 33 for evacuation
[100.527s][info][gc,phases      ] GC(146)   Pre Evacuate Collection Set: 0.3ms
[100.527s][info][gc,phases      ] GC(146)   Merge Heap Roots: 0.2ms
[100.527s][info][gc,phases      ] GC(146)   Evacuate Collection Set: 36.2ms
[100.527s][info][gc,phases      ] GC(146)   Post Evacuate Collection Set: 0.5ms
[100.527s][info][gc,phases      ] GC(146)   Other: 0.2ms
[100.527s][info][gc,heap        ] GC(146) Eden regions: 38->0(28)
[100.527s][info][gc,heap        ] GC(146) Survivor regions: 0->5(5)
[100.527s][info][gc,heap        ] GC(146) Old regions: 21->24
[100.527s][info][gc,heap        ] GC(146) Archive regions: 0->0
[100.527s][info][gc,heap        ] GC(146) Humongous regions: 0->0
[100.527s][info][gc,metaspace   ] GC(146) Metaspace: 67722K(68864K)->67722K(68864K) NonClass: 59301K(59840K)->59301K(59840K) Class: 8421K(9024K)->8421K(9024K)
[100.527s][info][gc             ] GC(146) Pause Young (Concurrent Start) (G1 Evacuation Pause) 755M->269M(1120M) 37.692ms
[100.527s][info][gc             ] GC(147) Concurrent Mark Cycle
[100.527s][info][gc,cpu         ] GC(146) User=0.58s Sys=0.00s Real=0.04s
[100.527s][info][gc,marking     ] GC(147) Concurrent Scan Root Regions
[100.567s][info][gc,marking     ] GC(147) Concurrent Scan Root Regions 39.693ms
[100.567s][info][gc,marking     ] GC(147) Concurrent Mark
[100.567s][info][gc,marking     ] GC(147) Concurrent Mark From Roots
[100.567s][info][gc,task        ] GC(147) Using 8 workers of 8 for marking
[100.614s][info][gc,marking     ] GC(147) Concurrent Mark From Roots 47.293ms
[100.614s][info][gc,marking     ] GC(147) Concurrent Preclean
[100.614s][info][gc,marking     ] GC(147) Concurrent Preclean 0.375ms
[100.617s][info][gc,start       ] GC(147) Pause Remark
[100.619s][info][gc             ] GC(147) Pause Remark 429M->429M(1120M) 2.184ms
[100.619s][info][gc,cpu         ] GC(147) User=0.00s Sys=0.00s Real=0.00s
[100.619s][info][gc,marking     ] GC(147) Concurrent Mark 52.351ms
[100.619s][info][gc,marking     ] GC(147) Concurrent Rebuild Remembered Sets and Scrub Regions
[100.637s][info][gc,marking     ] GC(147) Concurrent Rebuild Remembered Sets and Scrub Regions 17.761ms
[100.642s][info][gc,start       ] GC(147) Pause Cleanup
[100.642s][info][gc             ] GC(147) Pause Cleanup 461M->461M(1120M) 0.127ms
[100.642s][info][gc,cpu         ] GC(147) User=0.00s Sys=0.00s Real=0.00s
[100.642s][info][gc,marking     ] GC(147) Concurrent Clear Claimed Marks
[100.642s][info][gc,marking     ] GC(147) Concurrent Clear Claimed Marks 0.083ms
[100.642s][info][gc,marking     ] GC(147) Concurrent Cleanup for Next Mark
[100.643s][info][gc,marking     ] GC(147) Concurrent Cleanup for Next Mark 0.848ms
[100.643s][info][gc             ] GC(147) Concurrent Mark Cycle 115.964ms
[100.778s][info][gc,start       ] GC(148) Pause Young (Prepare Mixed) (G1 Evacuation Pause)
[100.778s][info][gc,task        ] GC(148) Using 26 workers of 33 for evacuation
[100.815s][info][gc,phases      ] GC(148)   Pre Evacuate Collection Set: 0.2ms
[100.815s][info][gc,phases      ] GC(148)   Merge Heap Roots: 0.2ms
[100.815s][info][gc,phases      ] GC(148)   Evacuate Collection Set: 35.6ms
[100.815s][info][gc,phases      ] GC(148)   Post Evacuate Collection Set: 0.4ms
[100.815s][info][gc,phases      ] GC(148)   Other: 0.2ms
[100.815s][info][gc,heap        ] GC(148) Eden regions: 28->0(27)
[100.815s][info][gc,heap        ] GC(148) Survivor regions: 5->4(5)
[100.815s][info][gc,heap        ] GC(148) Old regions: 24->28
[100.815s][info][gc,heap        ] GC(148) Archive regions: 0->0
[100.815s][info][gc,heap        ] GC(148) Humongous regions: 0->0
[100.815s][info][gc,metaspace   ] GC(148) Metaspace: 67722K(68864K)->67722K(68864K) NonClass: 59301K(59840K)->59301K(59840K) Class: 8421K(9024K)->8421K(9024K)
[100.815s][info][gc             ] GC(148) Pause Young (Prepare Mixed) (G1 Evacuation Pause) 717M->323M(1120M) 36.919ms
[100.815s][info][gc,cpu         ] GC(148) User=0.81s Sys=0.00s Real=0.03s
[101.024s][info][gc,start       ] GC(149) Pause Young (Mixed) (G1 Evacuation Pause)
[101.024s][info][gc,task        ] GC(149) Using 26 workers of 33 for evacuation
[101.063s][info][gc,phases      ] GC(149)   Pre Evacuate Collection Set: 0.2ms
[101.063s][info][gc,phases      ] GC(149)   Merge Heap Roots: 0.2ms
[101.063s][info][gc,phases      ] GC(149)   Evacuate Collection Set: 35.4ms
[101.063s][info][gc,phases      ] GC(149)   Post Evacuate Collection Set: 3.5ms
[101.063s][info][gc,phases      ] GC(149)   Other: 0.1ms
[101.063s][info][gc,heap        ] GC(149) Eden regions: 27->0(81)
[101.063s][info][gc,heap        ] GC(149) Survivor regions: 4->3(4)
[101.063s][info][gc,heap        ] GC(149) Old regions: 28->25
[101.063s][info][gc,heap        ] GC(149) Archive regions: 0->0
[101.063s][info][gc,heap        ] GC(149) Humongous regions: 0->0
[101.063s][info][gc,metaspace   ] GC(149) Metaspace: 67722K(68864K)->67722K(68864K) NonClass: 59301K(59840K)->59301K(59840K) Class: 8421K(9024K)->8421K(9024K)
[101.063s][info][gc             ] GC(149) Pause Young (Mixed) (G1 Evacuation Pause) 755M->341M(2240M) 39.691ms
[101.063s][info][gc,cpu         ] GC(149) User=0.48s Sys=0.00s Real=0.03s
[102.532s][info][gc,start       ] GC(150) Pause Young (Mixed) (G1 Evacuation Pause)
[102.532s][info][gc,task        ] GC(150) Using 33 workers of 33 for evacuation
[102.583s][info][gc,phases      ] GC(150)   Pre Evacuate Collection Set: 0.3ms
[102.583s][info][gc,phases      ] GC(150)   Merge Heap Roots: 0.9ms
[102.583s][info][gc,phases      ] GC(150)   Evacuate Collection Set: 49.2ms
[102.583s][info][gc,phases      ] GC(150)   Post Evacuate Collection Set: 0.6ms
[102.583s][info][gc,phases      ] GC(150)   Other: 0.2ms
[102.583s][info][gc,heap        ] GC(150) Eden regions: 81->0(73)
[102.583s][info][gc,heap        ] GC(150) Survivor regions: 3->11(11)
[102.583s][info][gc,heap        ] GC(150) Old regions: 25->23
[102.583s][info][gc,heap        ] GC(150) Archive regions: 0->0
[102.583s][info][gc,heap        ] GC(150) Humongous regions: 0->0
[102.583s][info][gc,metaspace   ] GC(150) Metaspace: 67766K(68864K)->67766K(68864K) NonClass: 59344K(59840K)->59344K(59840K) Class: 8421K(9024K)->8421K(9024K)
[102.583s][info][gc             ] GC(150) Pause Young (Mixed) (G1 Evacuation Pause) 1637M->491M(2240M) 51.505ms
[102.583s][info][gc,cpu         ] GC(150) User=1.55s Sys=0.00s Real=0.05s
[103.859s][info][gc,start       ] GC(151) Pause Young (Normal) (G1 Evacuation Pause)
[103.860s][info][gc,task        ] GC(151) Using 33 workers of 33 for evacuation
[103.876s][info][gc,phases      ] GC(151)   Pre Evacuate Collection Set: 0.2ms
[103.876s][info][gc,phases      ] GC(151)   Merge Heap Roots: 0.4ms
[103.876s][info][gc,phases      ] GC(151)   Evacuate Collection Set: 15.2ms
[103.876s][info][gc,phases      ] GC(151)   Post Evacuate Collection Set: 0.7ms
[103.876s][info][gc,phases      ] GC(151)   Other: 0.2ms
[103.876s][info][gc,heap        ] GC(151) Eden regions: 73->0(82)
[103.876s][info][gc,heap        ] GC(151) Survivor regions: 11->2(11)
[103.876s][info][gc,heap        ] GC(151) Old regions: 23->26
[103.877s][info][gc,heap        ] GC(151) Archive regions: 0->0
[103.877s][info][gc,heap        ] GC(151) Humongous regions: 0->0
[103.877s][info][gc,metaspace   ] GC(151) Metaspace: 67787K(68928K)->67787K(68928K) NonClass: 59366K(59904K)->59366K(59904K) Class: 8421K(9024K)->8421K(9024K)
[103.877s][info][gc             ] GC(151) Pause Young (Normal) (G1 Evacuation Pause) 1659M->382M(2240M) 17.119ms
[103.877s][info][gc,cpu         ] GC(151) User=0.53s Sys=0.00s Real=0.03s
[105.213s][info][gc,start       ] GC(152) Pause Young (Normal) (G1 Evacuation Pause)
[105.213s][info][gc,task        ] GC(152) Using 33 workers of 33 for evacuation
[105.234s][info][gc,phases      ] GC(152)   Pre Evacuate Collection Set: 0.2ms
[105.234s][info][gc,phases      ] GC(152)   Merge Heap Roots: 0.2ms
[105.234s][info][gc,phases      ] GC(152)   Evacuate Collection Set: 19.6ms
[105.234s][info][gc,phases      ] GC(152)   Post Evacuate Collection Set: 0.7ms
[105.234s][info][gc,phases      ] GC(152)   Other: 0.2ms
[105.234s][info][gc,heap        ] GC(152) Eden regions: 82->0(78)
[105.234s][info][gc,heap        ] GC(152) Survivor regions: 2->6(11)
[105.234s][info][gc,heap        ] GC(152) Old regions: 26->26
[105.234s][info][gc,heap        ] GC(152) Archive regions: 0->0
[105.234s][info][gc,heap        ] GC(152) Humongous regions: 1->0
[105.234s][info][gc,metaspace   ] GC(152) Metaspace: 67798K(68928K)->67798K(68928K) NonClass: 59376K(59904K)->59376K(59904K) Class: 8421K(9024K)->8421K(9024K)
[105.234s][info][gc             ] GC(152) Pause Young (Normal) (G1 Evacuation Pause) 1706M->451M(2240M) 21.371ms
[105.234s][info][gc,cpu         ] GC(152) User=1.03s Sys=0.00s Real=0.03s
[105.782s][info][gc,start       ] GC(153) Pause Full (System.gc())
[105.782s][info][gc,task        ] GC(153) Using 14 workers of 33 for full compaction
[105.783s][info][gc,phases,start] GC(153) Phase 1: Mark live objects
[105.822s][info][gc,phases      ] GC(153) Phase 1: Mark live objects 38.767ms
[105.822s][info][gc,phases,start] GC(153) Phase 2: Prepare compaction
[105.830s][info][gc,phases      ] GC(153) Phase 2: Prepare compaction 8.736ms
[105.830s][info][gc,phases,start] GC(153) Phase 3: Adjust pointers
[105.845s][info][gc,phases      ] GC(153) Phase 3: Adjust pointers 14.548ms
[105.845s][info][gc,phases,start] GC(153) Phase 4: Compact heap
[105.850s][info][gc,phases      ] GC(153) Phase 4: Compact heap 5.005ms
[105.864s][info][gc,heap        ] GC(153) Eden regions: 56->0(34)
[105.864s][info][gc,heap        ] GC(153) Survivor regions: 6->0(11)
[105.864s][info][gc,heap        ] GC(153) Old regions: 26->19
[105.864s][info][gc,heap        ] GC(153) Archive regions: 0->0
[105.864s][info][gc,heap        ] GC(153) Humongous regions: 4->0
[105.864s][info][gc,metaspace   ] GC(153) Metaspace: 67805K(68928K)->67805K(68928K) NonClass: 59383K(59904K)->59383K(59904K) Class: 8421K(9024K)->8421K(9024K)
[105.864s][info][gc             ] GC(153) Pause Full (System.gc()) 1404M->147M(1024M) 82.344ms
[105.864s][info][gc,cpu         ] GC(153) User=0.58s Sys=0.02s Real=0.08s
[106.174s][info][gc,start       ] GC(154) Pause Young (Concurrent Start) (G1 Evacuation Pause)
[106.174s][info][gc,task        ] GC(154) Using 24 workers of 33 for evacuation
[106.210s][info][gc,phases      ] GC(154)   Pre Evacuate Collection Set: 0.3ms
[106.210s][info][gc,phases      ] GC(154)   Merge Heap Roots: 0.2ms
[106.210s][info][gc,phases      ] GC(154)   Evacuate Collection Set: 32.1ms
[106.210s][info][gc,phases      ] GC(154)   Post Evacuate Collection Set: 3.3ms
[106.210s][info][gc,phases      ] GC(154)   Other: 0.2ms
[106.210s][info][gc,heap        ] GC(154) Eden regions: 34->0(70)
[106.210s][info][gc,heap        ] GC(154) Survivor regions: 0->5(5)
[106.210s][info][gc,heap        ] GC(154) Old regions: 19->23
[106.210s][info][gc,heap        ] GC(154) Archive regions: 0->0
[106.210s][info][gc,heap        ] GC(154) Humongous regions: 0->0
[106.210s][info][gc,metaspace   ] GC(154) Metaspace: 67834K(68928K)->67834K(68928K) NonClass: 59411K(59904K)->59411K(59904K) Class: 8422K(9024K)->8422K(9024K)
[106.210s][info][gc             ] GC(154) Pause Young (Concurrent Start) (G1 Evacuation Pause) 691M->277M(2000M) 36.350ms
[106.210s][info][gc             ] GC(155) Concurrent Mark Cycle
[106.210s][info][gc,cpu         ] GC(154) User=0.72s Sys=0.00s Real=0.03s
[106.210s][info][gc,marking     ] GC(155) Concurrent Scan Root Regions
[106.242s][info][gc,marking     ] GC(155) Concurrent Scan Root Regions 31.734ms
[106.242s][info][gc,marking     ] GC(155) Concurrent Mark
[106.242s][info][gc,marking     ] GC(155) Concurrent Mark From Roots
[106.242s][info][gc,task        ] GC(155) Using 8 workers of 8 for marking
[106.288s][info][gc,marking     ] GC(155) Concurrent Mark From Roots 45.439ms
[106.288s][info][gc,marking     ] GC(155) Concurrent Preclean
[106.288s][info][gc,marking     ] GC(155) Concurrent Preclean 0.407ms
[106.288s][info][gc,start       ] GC(155) Pause Remark
[106.291s][info][gc             ] GC(155) Pause Remark 425M->425M(2000M) 2.325ms
[106.291s][info][gc,cpu         ] GC(155) User=0.00s Sys=0.02s Real=0.02s
[106.291s][info][gc,marking     ] GC(155) Concurrent Mark 48.527ms
[106.291s][info][gc,marking     ] GC(155) Concurrent Rebuild Remembered Sets and Scrub Regions
[106.313s][info][gc,marking     ] GC(155) Concurrent Rebuild Remembered Sets and Scrub Regions 22.498ms
[106.313s][info][gc,start       ] GC(155) Pause Cleanup
[106.314s][info][gc             ] GC(155) Pause Cleanup 465M->465M(2000M) 0.154ms
[106.314s][info][gc,cpu         ] GC(155) User=0.00s Sys=0.00s Real=0.00s
[106.314s][info][gc,marking     ] GC(155) Concurrent Clear Claimed Marks
[106.314s][info][gc,marking     ] GC(155) Concurrent Clear Claimed Marks 0.106ms
[106.314s][info][gc,marking     ] GC(155) Concurrent Cleanup for Next Mark
[106.317s][info][gc,marking     ] GC(155) Concurrent Cleanup for Next Mark 2.740ms
[106.317s][info][gc             ] GC(155) Concurrent Mark Cycle 106.254ms
[106.822s][info][gc,start       ] GC(156) Pause Young (Prepare Mixed) (G1 Evacuation Pause)
[106.822s][info][gc,task        ] GC(156) Using 33 workers of 33 for evacuation
[106.865s][info][gc,phases      ] GC(156)   Pre Evacuate Collection Set: 0.2ms
[106.865s][info][gc,phases      ] GC(156)   Merge Heap Roots: 0.2ms
[106.865s][info][gc,phases      ] GC(156)   Evacuate Collection Set: 41.3ms
[106.865s][info][gc,phases      ] GC(156)   Post Evacuate Collection Set: 0.6ms
[106.865s][info][gc,phases      ] GC(156)   Other: 0.2ms
[106.865s][info][gc,heap        ] GC(156) Eden regions: 70->0(65)
[106.865s][info][gc,heap        ] GC(156) Survivor regions: 5->10(10)
[106.865s][info][gc,heap        ] GC(156) Old regions: 23->23
[106.865s][info][gc,heap        ] GC(156) Archive regions: 0->0
[106.865s][info][gc,heap        ] GC(156) Humongous regions: 0->0
[106.865s][info][gc,metaspace   ] GC(156) Metaspace: 67834K(68928K)->67834K(68928K) NonClass: 59411K(59904K)->59411K(59904K) Class: 8422K(9024K)->8422K(9024K)
[106.865s][info][gc             ] GC(156) Pause Young (Prepare Mixed) (G1 Evacuation Pause) 1397M->345M(2000M) 42.771ms
[106.865s][info][gc,cpu         ] GC(156) User=1.17s Sys=0.00s Real=0.05s
[107.977s][info][gc,start       ] GC(157) Pause Young (Mixed) (G1 Evacuation Pause)
[107.978s][info][gc,task        ] GC(157) Using 33 workers of 33 for evacuation
[108.013s][info][gc,phases      ] GC(157)   Pre Evacuate Collection Set: 0.2ms
[108.013s][info][gc,phases      ] GC(157)   Merge Heap Roots: 0.2ms
[108.013s][info][gc,phases      ] GC(157)   Evacuate Collection Set: 33.8ms
[108.013s][info][gc,phases      ] GC(157)   Post Evacuate Collection Set: 0.6ms
[108.013s][info][gc,phases      ] GC(157)   Other: 0.2ms
[108.013s][info][gc,heap        ] GC(157) Eden regions: 65->0(66)
[108.013s][info][gc,heap        ] GC(157) Survivor regions: 10->9(10)
[108.013s][info][gc,heap        ] GC(157) Old regions: 23->19
[108.013s][info][gc,heap        ] GC(157) Archive regions: 0->0
[108.013s][info][gc,heap        ] GC(157) Humongous regions: 0->0
[108.013s][info][gc,metaspace   ] GC(157) Metaspace: 67839K(68928K)->67839K(68928K) NonClass: 59416K(59904K)->59416K(59904K) Class: 8422K(9024K)->8422K(9024K)
[108.013s][info][gc             ] GC(157) Pause Young (Mixed) (G1 Evacuation Pause) 1385M->337M(2000M) 35.491ms
[108.013s][info][gc,cpu         ] GC(157) User=1.03s Sys=0.00s Real=0.03s
[109.093s][info][gc,start       ] GC(158) Pause Young (Normal) (G1 Evacuation Pause)
[109.093s][info][gc,task        ] GC(158) Using 33 workers of 33 for evacuation
[109.103s][info][gc,phases      ] GC(158)   Pre Evacuate Collection Set: 0.2ms
[109.103s][info][gc,phases      ] GC(158)   Merge Heap Roots: 0.2ms
[109.103s][info][gc,phases      ] GC(158)   Evacuate Collection Set: 8.9ms
[109.103s][info][gc,phases      ] GC(158)   Post Evacuate Collection Set: 0.8ms
[109.103s][info][gc,phases      ] GC(158)   Other: 0.2ms
[109.103s][info][gc,heap        ] GC(158) Eden regions: 66->0(73)
[109.103s][info][gc,heap        ] GC(158) Survivor regions: 9->2(10)
[109.103s][info][gc,heap        ] GC(158) Old regions: 19->19
[109.103s][info][gc,heap        ] GC(158) Archive regions: 0->0
[109.103s][info][gc,heap        ] GC(158) Humongous regions: 0->0
[109.103s][info][gc,metaspace   ] GC(158) Metaspace: 67840K(68928K)->67840K(68928K) NonClass: 59417K(59904K)->59417K(59904K) Class: 8422K(9024K)->8422K(9024K)
[109.104s][info][gc             ] GC(158) Pause Young (Normal) (G1 Evacuation Pause) 1393M->230M(2000M) 10.957ms
[109.104s][info][gc,cpu         ] GC(158) User=0.52s Sys=0.00s Real=0.02s
[110.249s][info][gc,start       ] GC(159) Pause Young (Normal) (G1 Evacuation Pause)
[110.249s][info][gc,task        ] GC(159) Using 33 workers of 33 for evacuation
[110.268s][info][gc,phases      ] GC(159)   Pre Evacuate Collection Set: 0.2ms
[110.268s][info][gc,phases      ] GC(159)   Merge Heap Roots: 0.2ms
[110.268s][info][gc,phases      ] GC(159)   Evacuate Collection Set: 17.7ms
[110.268s][info][gc,phases      ] GC(159)   Post Evacuate Collection Set: 0.8ms
[110.268s][info][gc,phases      ] GC(159)   Other: 0.1ms
[110.268s][info][gc,heap        ] GC(159) Eden regions: 73->0(71)
[110.268s][info][gc,heap        ] GC(159) Survivor regions: 2->4(10)
[110.268s][info][gc,heap        ] GC(159) Old regions: 19->19
[110.268s][info][gc,heap        ] GC(159) Archive regions: 0->0
[110.268s][info][gc,heap        ] GC(159) Humongous regions: 0->0
[110.268s][info][gc,metaspace   ] GC(159) Metaspace: 67875K(68992K)->67875K(68992K) NonClass: 59452K(59968K)->59452K(59968K) Class: 8422K(9024K)->8422K(9024K)
[110.268s][info][gc             ] GC(159) Pause Young (Normal) (G1 Evacuation Pause) 1398M->257M(2000M) 19.386ms
[110.268s][info][gc,cpu         ] GC(159) User=0.52s Sys=0.00s Real=0.02s
[111.074s][info][gc,start       ] GC(160) Pause Young (Normal) (G1 Evacuation Pause)
[111.143s][info][gc,task        ] GC(160) Using 33 workers of 33 for evacuation
[111.371s][info][gc,mmu         ] GC(160) MMU target violated: 201.0ms (200.0ms/201.0ms)
[111.371s][info][gc,phases      ] GC(160)   Pre Evacuate Collection Set: 0.3ms
[111.371s][info][gc,phases      ] GC(160)   Merge Heap Roots: 0.3ms
[111.371s][info][gc,phases      ] GC(160)   Evacuate Collection Set: 225.8ms
[111.371s][info][gc,phases      ] GC(160)   Post Evacuate Collection Set: 1.0ms
[111.371s][info][gc,phases      ] GC(160)   Other: 0.3ms
[111.371s][info][gc,heap        ] GC(160) Eden regions: 71->0(68)
[111.371s][info][gc,heap        ] GC(160) Survivor regions: 4->7(10)
[111.371s][info][gc,heap        ] GC(160) Old regions: 19->19
[111.371s][info][gc,heap        ] GC(160) Archive regions: 0->0
[111.371s][info][gc,heap        ] GC(160) Humongous regions: 5->0
[111.371s][info][gc,metaspace   ] GC(160) Metaspace: 67886K(69056K)->67886K(69056K) NonClass: 59463K(60032K)->59463K(60032K) Class: 8422K(9024K)->8422K(9024K)
[111.371s][info][gc             ] GC(160) Pause Young (Normal) (G1 Evacuation Pause) 1473M->307M(2000M) 297.378ms
[111.371s][info][gc,cpu         ] GC(160) User=2.33s Sys=0.11s Real=0.30s
[111.453s][info][gc,start       ] GC(161) Pause Full (System.gc())
[111.453s][info][gc,task        ] GC(161) Using 12 workers of 33 for full compaction
[111.453s][info][gc,phases,start] GC(161) Phase 1: Mark live objects
[111.493s][info][gc,phases      ] GC(161) Phase 1: Mark live objects 39.182ms
[111.493s][info][gc,phases,start] GC(161) Phase 2: Prepare compaction
[111.498s][info][gc,phases      ] GC(161) Phase 2: Prepare compaction 5.757ms
[111.498s][info][gc,phases,start] GC(161) Phase 3: Adjust pointers
[111.516s][info][gc,phases      ] GC(161) Phase 3: Adjust pointers 17.314ms
[111.516s][info][gc,phases,start] GC(161) Phase 4: Compact heap
[111.521s][info][gc,phases      ] GC(161) Phase 4: Compact heap 5.172ms
[111.532s][info][gc,heap        ] GC(161) Eden regions: 7->0(27)
[111.532s][info][gc,heap        ] GC(161) Survivor regions: 7->0(10)
[111.532s][info][gc,heap        ] GC(161) Old regions: 19->16
[111.532s][info][gc,heap        ] GC(161) Archive regions: 0->0
[111.532s][info][gc,heap        ] GC(161) Humongous regions: 0->0
[111.532s][info][gc,metaspace   ] GC(161) Metaspace: 67890K(69056K)->67890K(69056K) NonClass: 59467K(60032K)->59467K(60032K) Class: 8422K(9024K)->8422K(9024K)
[111.533s][info][gc             ] GC(161) Pause Full (System.gc()) 408M->147M(864M) 79.871ms
[111.533s][info][gc,cpu         ] GC(161) User=0.61s Sys=0.00s Real=0.08s
[111.803s][info][gc,start       ] GC(162) Pause Young (Concurrent Start) (G1 Evacuation Pause)
[111.803s][info][gc,task        ] GC(162) Using 20 workers of 33 for evacuation
[111.835s][info][gc,phases      ] GC(162)   Pre Evacuate Collection Set: 0.3ms
[111.835s][info][gc,phases      ] GC(162)   Merge Heap Roots: 0.2ms
[111.835s][info][gc,phases      ] GC(162)   Evacuate Collection Set: 27.5ms
[111.835s][info][gc,phases      ] GC(162)   Post Evacuate Collection Set: 3.8ms
[111.835s][info][gc,phases      ] GC(162)   Other: 0.2ms
[111.835s][info][gc,heap        ] GC(162) Eden regions: 27->0(66)
[111.835s][info][gc,heap        ] GC(162) Survivor regions: 0->4(4)
[111.835s][info][gc,heap        ] GC(162) Old regions: 16->19
[111.835s][info][gc,heap        ] GC(162) Archive regions: 0->0
[111.835s][info][gc,heap        ] GC(162) Humongous regions: 0->0
[111.835s][info][gc,metaspace   ] GC(162) Metaspace: 67902K(69056K)->67902K(69056K) NonClass: 59478K(60032K)->59478K(60032K) Class: 8424K(9024K)->8424K(9024K)
[111.835s][info][gc             ] GC(162) Pause Young (Concurrent Start) (G1 Evacuation Pause) 579M->245M(1888M) 32.195ms
[111.835s][info][gc             ] GC(163) Concurrent Mark Cycle
[111.835s][info][gc,cpu         ] GC(162) User=0.63s Sys=0.00s Real=0.03s
[111.835s][info][gc,marking     ] GC(163) Concurrent Scan Root Regions
[111.881s][info][gc,marking     ] GC(163) Concurrent Scan Root Regions 46.182ms
[111.881s][info][gc,marking     ] GC(163) Concurrent Mark
[111.881s][info][gc,marking     ] GC(163) Concurrent Mark From Roots
[111.881s][info][gc,task        ] GC(163) Using 8 workers of 8 for marking
[111.923s][info][gc,marking     ] GC(163) Concurrent Mark From Roots 41.542ms
[111.923s][info][gc,marking     ] GC(163) Concurrent Preclean
[111.923s][info][gc,marking     ] GC(163) Concurrent Preclean 0.369ms
[111.923s][info][gc,start       ] GC(163) Pause Remark
[111.925s][info][gc             ] GC(163) Pause Remark 419M->419M(1824M) 1.970ms
[111.925s][info][gc,cpu         ] GC(163) User=0.00s Sys=0.00s Real=0.00s
[111.926s][info][gc,marking     ] GC(163) Concurrent Mark 44.217ms
[111.926s][info][gc,marking     ] GC(163) Concurrent Rebuild Remembered Sets and Scrub Regions
[111.945s][info][gc,marking     ] GC(163) Concurrent Rebuild Remembered Sets and Scrub Regions 19.913ms
[111.946s][info][gc,start       ] GC(163) Pause Cleanup
[111.946s][info][gc             ] GC(163) Pause Cleanup 444M->444M(1824M) 0.131ms
[111.946s][info][gc,cpu         ] GC(163) User=0.00s Sys=0.00s Real=0.00s
[111.946s][info][gc,marking     ] GC(163) Concurrent Clear Claimed Marks
[111.946s][info][gc,marking     ] GC(163) Concurrent Clear Claimed Marks 0.089ms
[111.946s][info][gc,marking     ] GC(163) Concurrent Cleanup for Next Mark
[111.948s][info][gc,marking     ] GC(163) Concurrent Cleanup for Next Mark 2.475ms
[111.948s][info][gc             ] GC(163) Concurrent Mark Cycle 113.495ms
[112.406s][info][gc,start       ] GC(164) Pause Young (Prepare Mixed) (G1 Evacuation Pause)
[112.406s][info][gc,task        ] GC(164) Using 33 workers of 33 for evacuation
[112.451s][info][gc,phases      ] GC(164)   Pre Evacuate Collection Set: 0.2ms
[112.451s][info][gc,phases      ] GC(164)   Merge Heap Roots: 0.2ms
[112.451s][info][gc,phases      ] GC(164)   Evacuate Collection Set: 44.5ms
[112.451s][info][gc,phases      ] GC(164)   Post Evacuate Collection Set: 0.5ms
[112.451s][info][gc,phases      ] GC(164)   Other: 0.2ms
[112.451s][info][gc,heap        ] GC(164) Eden regions: 64->0(59)
[112.451s][info][gc,heap        ] GC(164) Survivor regions: 4->9(9)
[112.451s][info][gc,heap        ] GC(164) Old regions: 19->20
[112.451s][info][gc,heap        ] GC(164) Archive regions: 0->0
[112.451s][info][gc,heap        ] GC(164) Humongous regions: 0->0
[112.451s][info][gc,metaspace   ] GC(164) Metaspace: 67902K(69056K)->67902K(69056K) NonClass: 59478K(60032K)->59478K(60032K) Class: 8424K(9024K)->8424K(9024K)
[112.452s][info][gc             ] GC(164) Pause Young (Prepare Mixed) (G1 Evacuation Pause) 1269M->332M(1824M) 45.994ms
[112.452s][info][gc,cpu         ] GC(164) User=1.20s Sys=0.00s Real=0.05s
[113.553s][info][gc,start       ] GC(165) Pause Young (Mixed) (G1 Evacuation Pause)
[113.554s][info][gc,task        ] GC(165) Using 33 workers of 33 for evacuation
[113.578s][info][gc,phases      ] GC(165)   Pre Evacuate Collection Set: 0.2ms
[113.578s][info][gc,phases      ] GC(165)   Merge Heap Roots: 0.2ms
[113.578s][info][gc,phases      ] GC(165)   Evacuate Collection Set: 23.4ms
[113.578s][info][gc,phases      ] GC(165)   Post Evacuate Collection Set: 0.6ms
[113.578s][info][gc,phases      ] GC(165)   Other: 0.2ms
[113.578s][info][gc,heap        ] GC(165) Eden regions: 59->0(61)
[113.578s][info][gc,heap        ] GC(165) Survivor regions: 9->7(9)
[113.578s][info][gc,heap        ] GC(165) Old regions: 20->18
[113.578s][info][gc,heap        ] GC(165) Archive regions: 0->0
[113.578s][info][gc,heap        ] GC(165) Humongous regions: 0->0
[113.578s][info][gc,metaspace   ] GC(165) Metaspace: 67915K(69056K)->67915K(69056K) NonClass: 59489K(60032K)->59489K(60032K) Class: 8426K(9024K)->8426K(9024K)
[113.578s][info][gc             ] GC(165) Pause Young (Mixed) (G1 Evacuation Pause) 1276M->294M(1824M) 25.021ms
[113.579s][info][gc,cpu         ] GC(165) User=0.53s Sys=0.00s Real=0.03s
[114.062s][info][gc,start       ] GC(166) Pause Young (Normal) (G1 Evacuation Pause)
[114.062s][info][gc,task        ] GC(166) Using 33 workers of 33 for evacuation
[114.107s][info][gc,phases      ] GC(166)   Pre Evacuate Collection Set: 0.2ms
[114.107s][info][gc,phases      ] GC(166)   Merge Heap Roots: 0.2ms
[114.107s][info][gc,phases      ] GC(166)   Evacuate Collection Set: 44.0ms
[114.107s][info][gc,phases      ] GC(166)   Post Evacuate Collection Set: 0.5ms
[114.107s][info][gc,phases      ] GC(166)   Other: 0.2ms
[114.107s][info][gc,heap        ] GC(166) Eden regions: 61->0(62)
[114.107s][info][gc,heap        ] GC(166) Survivor regions: 7->6(9)
[114.107s][info][gc,heap        ] GC(166) Old regions: 18->24
[114.107s][info][gc,heap        ] GC(166) Archive regions: 0->0
[114.107s][info][gc,heap        ] GC(166) Humongous regions: 0->0
[114.107s][info][gc,metaspace   ] GC(166) Metaspace: 67915K(69056K)->67915K(69056K) NonClass: 59489K(60032K)->59489K(60032K) Class: 8426K(9024K)->8426K(9024K)
[114.107s][info][gc             ] GC(166) Pause Young (Normal) (G1 Evacuation Pause) 1270M->373M(1824M) 45.350ms
[114.107s][info][gc,cpu         ] GC(166) User=1.25s Sys=0.00s Real=0.05s
[115.437s][info][gc,start       ] GC(167) Pause Young (Normal) (G1 Evacuation Pause)
[115.437s][info][gc,task        ] GC(167) Using 33 workers of 33 for evacuation
[115.490s][info][gc,phases      ] GC(167)   Pre Evacuate Collection Set: 0.2ms
[115.490s][info][gc,phases      ] GC(167)   Merge Heap Roots: 0.2ms
[115.490s][info][gc,phases      ] GC(167)   Evacuate Collection Set: 51.6ms
[115.490s][info][gc,phases      ] GC(167)   Post Evacuate Collection Set: 0.8ms
[115.490s][info][gc,phases      ] GC(167)   Other: 0.2ms
[115.490s][info][gc,heap        ] GC(167) Eden regions: 62->0(64)
[115.490s][info][gc,heap        ] GC(167) Survivor regions: 6->4(9)
[115.490s][info][gc,heap        ] GC(167) Old regions: 24->29
[115.490s][info][gc,heap        ] GC(167) Archive regions: 0->0
[115.490s][info][gc,heap        ] GC(167) Humongous regions: 0->0
[115.490s][info][gc,metaspace   ] GC(167) Metaspace: 67989K(69120K)->67989K(69120K) NonClass: 59561K(60096K)->59561K(60096K) Class: 8428K(9024K)->8428K(9024K)
[115.490s][info][gc             ] GC(167) Pause Young (Normal) (G1 Evacuation Pause) 1365M->422M(1824M) 53.307ms
[115.490s][info][gc,cpu         ] GC(167) User=1.69s Sys=0.00s Real=0.06s
[116.426s][info][gc,start       ] GC(168) Pause Young (Concurrent Start) (G1 Humongous Allocation)
[116.426s][info][gc,task        ] GC(168) Using 33 workers of 33 for evacuation
[116.460s][info][gc,phases      ] GC(168)   Pre Evacuate Collection Set: 0.3ms
[116.460s][info][gc,phases      ] GC(168)   Merge Heap Roots: 0.9ms
[116.460s][info][gc,phases      ] GC(168)   Evacuate Collection Set: 28.6ms
[116.460s][info][gc,phases      ] GC(168)   Post Evacuate Collection Set: 3.8ms
[116.460s][info][gc,phases      ] GC(168)   Other: 0.2ms
[116.460s][info][gc,heap        ] GC(168) Eden regions: 55->0(106)
[116.460s][info][gc,heap        ] GC(168) Survivor regions: 4->6(9)
[116.460s][info][gc,heap        ] GC(168) Old regions: 29->29
[116.460s][info][gc,heap        ] GC(168) Archive regions: 0->0
[116.460s][info][gc,heap        ] GC(168) Humongous regions: 1->1
[116.460s][info][gc,metaspace   ] GC(168) Metaspace: 68051K(69184K)->68051K(69184K) NonClass: 59622K(60160K)->59622K(60160K) Class: 8428K(9024K)->8428K(9024K)
[116.460s][info][gc             ] GC(168) Pause Young (Concurrent Start) (G1 Humongous Allocation) 1318M->468M(2992M) 34.171ms
[116.461s][info][gc             ] GC(169) Concurrent Undo Cycle
[116.461s][info][gc,cpu         ] GC(168) User=1.03s Sys=0.00s Real=0.03s
[116.461s][info][gc,marking     ] GC(169) Concurrent Clear Claimed Marks
[116.461s][info][gc,marking     ] GC(169) Concurrent Clear Claimed Marks 0.133ms
[116.461s][info][gc,marking     ] GC(169) Concurrent Cleanup for Next Mark
[116.461s][info][gc,marking     ] GC(169) Concurrent Cleanup for Next Mark 0.166ms
[116.461s][info][gc             ] GC(169) Concurrent Undo Cycle 0.460ms
[117.141s][info][gc,start       ] GC(170) Pause Full (System.gc())
[117.141s][info][gc,task        ] GC(170) Using 18 workers of 33 for full compaction
[117.142s][info][gc,phases,start] GC(170) Phase 1: Mark live objects
[117.180s][info][gc,phases      ] GC(170) Phase 1: Mark live objects 37.929ms
[117.180s][info][gc,phases,start] GC(170) Phase 2: Prepare compaction
[117.188s][info][gc,phases      ] GC(170) Phase 2: Prepare compaction 7.153ms
[117.188s][info][gc,phases,start] GC(170) Phase 3: Adjust pointers
[117.198s][info][gc,phases      ] GC(170) Phase 3: Adjust pointers 10.847ms
[117.198s][info][gc,phases,start] GC(170) Phase 4: Compact heap
[117.205s][info][gc,phases      ] GC(170) Phase 4: Compact heap 6.422ms
[117.220s][info][gc,heap        ] GC(170) Eden regions: 57->0(36)
[117.220s][info][gc,heap        ] GC(170) Survivor regions: 6->0(9)
[117.220s][info][gc,heap        ] GC(170) Old regions: 29->21
[117.220s][info][gc,heap        ] GC(170) Archive regions: 0->0
[117.220s][info][gc,heap        ] GC(170) Humongous regions: 5->0
[117.220s][info][gc,metaspace   ] GC(170) Metaspace: 68102K(69248K)->68102K(69248K) NonClass: 59673K(60224K)->59673K(60224K) Class: 8428K(9024K)->8428K(9024K)
[117.220s][info][gc             ] GC(170) Pause Full (System.gc()) 1432M->147M(1120M) 78.585ms
[117.220s][info][gc,cpu         ] GC(170) User=0.75s Sys=0.31s Real=0.08s
[117.536s][info][gc,start       ] GC(171) Pause Young (Concurrent Start) (G1 Evacuation Pause)
[117.536s][info][gc,task        ] GC(171) Using 26 workers of 33 for evacuation
[117.569s][info][gc,phases      ] GC(171)   Pre Evacuate Collection Set: 0.3ms
[117.569s][info][gc,phases      ] GC(171)   Merge Heap Roots: 0.2ms
[117.569s][info][gc,phases      ] GC(171)   Evacuate Collection Set: 32.2ms
[117.569s][info][gc,phases      ] GC(171)   Post Evacuate Collection Set: 0.5ms
[117.569s][info][gc,phases      ] GC(171)   Other: 0.2ms
[117.569s][info][gc,heap        ] GC(171) Eden regions: 36->0(27)
[117.569s][info][gc,heap        ] GC(171) Survivor regions: 0->5(5)
[117.569s][info][gc,heap        ] GC(171) Old regions: 21->24
[117.569s][info][gc,heap        ] GC(171) Archive regions: 0->0
[117.569s][info][gc,heap        ] GC(171) Humongous regions: 0->0
[117.569s][info][gc,metaspace   ] GC(171) Metaspace: 68132K(69248K)->68132K(69248K) NonClass: 59700K(60224K)->59700K(60224K) Class: 8431K(9024K)->8431K(9024K)
[117.569s][info][gc             ] GC(171) Pause Young (Concurrent Start) (G1 Evacuation Pause) 723M->274M(1120M) 33.721ms
[117.569s][info][gc             ] GC(172) Concurrent Mark Cycle
[117.569s][info][gc,cpu         ] GC(171) User=0.77s Sys=0.00s Real=0.03s
[117.569s][info][gc,marking     ] GC(172) Concurrent Scan Root Regions
[117.605s][info][gc,marking     ] GC(172) Concurrent Scan Root Regions 35.495ms
[117.605s][info][gc,marking     ] GC(172) Concurrent Mark
[117.605s][info][gc,marking     ] GC(172) Concurrent Mark From Roots
[117.605s][info][gc,task        ] GC(172) Using 8 workers of 8 for marking
[117.655s][info][gc,marking     ] GC(172) Concurrent Mark From Roots 50.179ms
[117.655s][info][gc,marking     ] GC(172) Concurrent Preclean
[117.656s][info][gc,marking     ] GC(172) Concurrent Preclean 0.333ms
[117.656s][info][gc,start       ] GC(172) Pause Remark
[117.659s][info][gc             ] GC(172) Pause Remark 438M->438M(1120M) 3.110ms
[117.659s][info][gc,cpu         ] GC(172) User=0.00s Sys=0.00s Real=0.00s
[117.659s][info][gc,marking     ] GC(172) Concurrent Mark 53.975ms
[117.659s][info][gc,marking     ] GC(172) Concurrent Rebuild Remembered Sets and Scrub Regions
[117.684s][info][gc,marking     ] GC(172) Concurrent Rebuild Remembered Sets and Scrub Regions 24.604ms
[117.684s][info][gc,start       ] GC(172) Pause Cleanup
[117.684s][info][gc             ] GC(172) Pause Cleanup 480M->480M(1120M) 0.131ms
[117.684s][info][gc,cpu         ] GC(172) User=0.00s Sys=0.00s Real=0.00s
[117.684s][info][gc,marking     ] GC(172) Concurrent Clear Claimed Marks
[117.684s][info][gc,marking     ] GC(172) Concurrent Clear Claimed Marks 0.098ms
[117.684s][info][gc,marking     ] GC(172) Concurrent Cleanup for Next Mark
[117.685s][info][gc,marking     ] GC(172) Concurrent Cleanup for Next Mark 0.872ms
[117.685s][info][gc             ] GC(172) Concurrent Mark Cycle 115.669ms
[117.817s][info][gc,start       ] GC(173) Pause Young (Prepare Mixed) (G1 Evacuation Pause)
[117.817s][info][gc,task        ] GC(173) Using 26 workers of 33 for evacuation
[117.850s][info][gc,phases      ] GC(173)   Pre Evacuate Collection Set: 0.2ms
[117.850s][info][gc,phases      ] GC(173)   Merge Heap Roots: 0.2ms
[117.850s][info][gc,phases      ] GC(173)   Evacuate Collection Set: 32.4ms
[117.850s][info][gc,phases      ] GC(173)   Post Evacuate Collection Set: 0.4ms
[117.850s][info][gc,phases      ] GC(173)   Other: 0.2ms
[117.850s][info][gc,heap        ] GC(173) Eden regions: 27->0(26)
[117.850s][info][gc,heap        ] GC(173) Survivor regions: 5->4(4)
[117.850s][info][gc,heap        ] GC(173) Old regions: 24->28
[117.850s][info][gc,heap        ] GC(173) Archive regions: 0->0
[117.850s][info][gc,heap        ] GC(173) Humongous regions: 0->0
[117.850s][info][gc,metaspace   ] GC(173) Metaspace: 68132K(69248K)->68132K(69248K) NonClass: 59700K(60224K)->59700K(60224K) Class: 8431K(9024K)->8431K(9024K)
[117.850s][info][gc             ] GC(173) Pause Young (Prepare Mixed) (G1 Evacuation Pause) 706M->317M(1120M) 33.711ms
[117.850s][info][gc,cpu         ] GC(173) User=0.81s Sys=0.00s Real=0.03s
[118.051s][info][gc,start       ] GC(174) Pause Young (Mixed) (G1 Evacuation Pause)
[118.051s][info][gc,task        ] GC(174) Using 26 workers of 33 for evacuation
[118.082s][info][gc,phases      ] GC(174)   Pre Evacuate Collection Set: 0.2ms
[118.082s][info][gc,phases      ] GC(174)   Merge Heap Roots: 0.2ms
[118.082s][info][gc,phases      ] GC(174)   Evacuate Collection Set: 29.7ms
[118.082s][info][gc,phases      ] GC(174)   Post Evacuate Collection Set: 0.6ms
[118.082s][info][gc,phases      ] GC(174)   Other: 0.2ms
[118.082s][info][gc,heap        ] GC(174) Eden regions: 26->0(31)
[118.082s][info][gc,heap        ] GC(174) Survivor regions: 4->2(4)
[118.082s][info][gc,heap        ] GC(174) Old regions: 28->25
[118.082s][info][gc,heap        ] GC(174) Archive regions: 0->0
[118.082s][info][gc,heap        ] GC(174) Humongous regions: 0->0
[118.082s][info][gc,metaspace   ] GC(174) Metaspace: 68132K(69248K)->68132K(69248K) NonClass: 59700K(60224K)->59700K(60224K) Class: 8431K(9024K)->8431K(9024K)
[118.082s][info][gc             ] GC(174) Pause Young (Mixed) (G1 Evacuation Pause) 733M->341M(1120M) 31.110ms
[118.082s][info][gc,cpu         ] GC(174) User=0.48s Sys=0.00s Real=0.03s
[118.923s][info][gc,start       ] GC(175) Pause Young (Mixed) (G1 Evacuation Pause)
[118.923s][info][gc,task        ] GC(175) Using 26 workers of 33 for evacuation
[118.956s][info][gc,phases      ] GC(175)   Pre Evacuate Collection Set: 0.2ms
[118.956s][info][gc,phases      ] GC(175)   Merge Heap Roots: 0.8ms
[118.956s][info][gc,phases      ] GC(175)   Evacuate Collection Set: 31.3ms
[118.956s][info][gc,phases      ] GC(175)   Post Evacuate Collection Set: 0.6ms
[118.956s][info][gc,phases      ] GC(175)   Other: 0.2ms
[118.957s][info][gc,heap        ] GC(175) Eden regions: 31->0(31)
[118.957s][info][gc,heap        ] GC(175) Survivor regions: 2->5(5)
[118.957s][info][gc,heap        ] GC(175) Old regions: 25->23
[118.957s][info][gc,heap        ] GC(175) Archive regions: 0->0
[118.957s][info][gc,heap        ] GC(175) Humongous regions: 0->0
[118.957s][info][gc,metaspace   ] GC(175) Metaspace: 68142K(69248K)->68142K(69248K) NonClass: 59710K(60224K)->59710K(60224K) Class: 8432K(9024K)->8432K(9024K)
[118.957s][info][gc             ] GC(175) Pause Young (Mixed) (G1 Evacuation Pause) 837M->388M(1120M) 33.397ms
[118.957s][info][gc,cpu         ] GC(175) User=0.83s Sys=0.00s Real=0.05s
[119.308s][info][gc,start       ] GC(176) Pause Young (Normal) (G1 Evacuation Pause)
[119.308s][info][gc,task        ] GC(176) Using 26 workers of 33 for evacuation
[119.353s][info][gc,phases      ] GC(176)   Pre Evacuate Collection Set: 0.2ms
[119.353s][info][gc,phases      ] GC(176)   Merge Heap Roots: 0.3ms
[119.353s][info][gc,phases      ] GC(176)   Evacuate Collection Set: 40.6ms
[119.353s][info][gc,phases      ] GC(176)   Post Evacuate Collection Set: 3.4ms
[119.353s][info][gc,phases      ] GC(176)   Other: 0.2ms
[119.353s][info][gc,heap        ] GC(176) Eden regions: 31->0(79)
[119.353s][info][gc,heap        ] GC(176) Survivor regions: 5->5(5)
[119.353s][info][gc,heap        ] GC(176) Old regions: 23->27
[119.353s][info][gc,heap        ] GC(176) Archive regions: 0->0
[119.353s][info][gc,heap        ] GC(176) Humongous regions: 0->0
[119.353s][info][gc,metaspace   ] GC(176) Metaspace: 68142K(69248K)->68142K(69248K) NonClass: 59710K(60224K)->59710K(60224K) Class: 8432K(9024K)->8432K(9024K)
[119.353s][info][gc             ] GC(176) Pause Young (Normal) (G1 Evacuation Pause) 884M->459M(2240M) 44.992ms
[119.353s][info][gc,cpu         ] GC(176) User=1.22s Sys=0.00s Real=0.05s
[120.684s][info][gc,start       ] GC(177) Pause Young (Normal) (G1 Evacuation Pause)
[120.684s][info][gc,task        ] GC(177) Using 33 workers of 33 for evacuation
[120.686s][info][gc,phases      ] GC(177)   Pre Evacuate Collection Set: 0.3ms
[120.686s][info][gc,phases      ] GC(177)   Merge Heap Roots: 0.2ms
[120.687s][info][gc,phases      ] GC(177)   Evacuate Collection Set: 1.1ms
[120.687s][info][gc,phases      ] GC(177)   Post Evacuate Collection Set: 1.0ms
[120.687s][info][gc,phases      ] GC(177)   Other: 0.2ms
[120.687s][info][gc,heap        ] GC(177) Eden regions: 79->0(83)
[120.687s][info][gc,heap        ] GC(177) Survivor regions: 5->1(11)
[120.687s][info][gc,heap        ] GC(177) Old regions: 27->27
[120.687s][info][gc,heap        ] GC(177) Archive regions: 0->0
[120.687s][info][gc,heap        ] GC(177) Humongous regions: 0->0
[120.687s][info][gc,metaspace   ] GC(177) Metaspace: 68144K(69248K)->68144K(69248K) NonClass: 59712K(60224K)->59712K(60224K) Class: 8432K(9024K)->8432K(9024K)
[120.687s][info][gc             ] GC(177) Pause Young (Normal) (G1 Evacuation Pause) 1723M->391M(2240M) 3.308ms
[120.687s][info][gc,cpu         ] GC(177) User=0.00s Sys=0.00s Real=0.00s
[121.915s][info][gc,start       ] GC(178) Pause Young (Normal) (G1 Evacuation Pause)
[121.915s][info][gc,task        ] GC(178) Using 33 workers of 33 for evacuation
[121.938s][info][gc,phases      ] GC(178)   Pre Evacuate Collection Set: 0.2ms
[121.938s][info][gc,phases      ] GC(178)   Merge Heap Roots: 0.2ms
[121.938s][info][gc,phases      ] GC(178)   Evacuate Collection Set: 21.9ms
[121.938s][info][gc,phases      ] GC(178)   Post Evacuate Collection Set: 0.7ms
[121.938s][info][gc,phases      ] GC(178)   Other: 0.2ms
[121.938s][info][gc,heap        ] GC(178) Eden regions: 83->0(79)
[121.938s][info][gc,heap        ] GC(178) Survivor regions: 1->5(11)
[121.938s][info][gc,heap        ] GC(178) Old regions: 27->27
[121.938s][info][gc,heap        ] GC(178) Archive regions: 0->0
[121.938s][info][gc,heap        ] GC(178) Humongous regions: 0->0
[121.938s][info][gc,metaspace   ] GC(178) Metaspace: 68172K(69312K)->68172K(69312K) NonClass: 59737K(60288K)->59737K(60288K) Class: 8434K(9024K)->8434K(9024K)
[121.938s][info][gc             ] GC(178) Pause Young (Normal) (G1 Evacuation Pause) 1719M->455M(2240M) 23.598ms
[121.938s][info][gc,cpu         ] GC(178) User=0.52s Sys=0.00s Real=0.02s
[122.791s][info][gc,start       ] GC(179) Pause Full (System.gc())
[122.791s][info][gc,task        ] GC(179) Using 14 workers of 33 for full compaction
[122.792s][info][gc,phases,start] GC(179) Phase 1: Mark live objects
[122.832s][info][gc,phases      ] GC(179) Phase 1: Mark live objects 39.565ms
[122.832s][info][gc,phases,start] GC(179) Phase 2: Prepare compaction
[122.840s][info][gc,phases      ] GC(179) Phase 2: Prepare compaction 7.944ms
[122.840s][info][gc,phases,start] GC(179) Phase 3: Adjust pointers
[122.856s][info][gc,phases      ] GC(179) Phase 3: Adjust pointers 16.194ms
[122.856s][info][gc,phases,start] GC(179) Phase 4: Compact heap
[122.862s][info][gc,phases      ] GC(179) Phase 4: Compact heap 5.569ms
[122.874s][info][gc,heap        ] GC(179) Eden regions: 72->0(37)
[122.874s][info][gc,heap        ] GC(179) Survivor regions: 5->0(11)
[122.874s][info][gc,heap        ] GC(179) Old regions: 27->21
[122.874s][info][gc,heap        ] GC(179) Archive regions: 0->0
[122.874s][info][gc,heap        ] GC(179) Humongous regions: 6->0
[122.874s][info][gc,metaspace   ] GC(179) Metaspace: 68178K(69312K)->68178K(69312K) NonClass: 59744K(60288K)->59744K(60288K) Class: 8434K(9024K)->8434K(9024K)
[122.874s][info][gc             ] GC(179) Pause Full (System.gc()) 1703M->147M(1120M) 82.413ms
[122.874s][info][gc,cpu         ] GC(179) User=0.58s Sys=0.00s Real=0.08s
[123.203s][info][gc,start       ] GC(180) Pause Young (Concurrent Start) (G1 Evacuation Pause)
[123.203s][info][gc,task        ] GC(180) Using 26 workers of 33 for evacuation
[123.237s][info][gc,phases      ] GC(180)   Pre Evacuate Collection Set: 0.3ms
[123.237s][info][gc,phases      ] GC(180)   Merge Heap Roots: 0.1ms
[123.237s][info][gc,phases      ] GC(180)   Evacuate Collection Set: 32.9ms
[123.237s][info][gc,phases      ] GC(180)   Post Evacuate Collection Set: 0.5ms
[123.237s][info][gc,phases      ] GC(180)   Other: 0.1ms
[123.237s][info][gc,heap        ] GC(180) Eden regions: 37->0(28)
[123.237s][info][gc,heap        ] GC(180) Survivor regions: 0->5(5)
[123.237s][info][gc,heap        ] GC(180) Old regions: 21->24
[123.237s][info][gc,heap        ] GC(180) Archive regions: 0->0
[123.237s][info][gc,heap        ] GC(180) Humongous regions: 0->0
[123.237s][info][gc,metaspace   ] GC(180) Metaspace: 68180K(69312K)->68180K(69312K) NonClass: 59745K(60288K)->59745K(60288K) Class: 8434K(9024K)->8434K(9024K)
[123.237s][info][gc             ] GC(180) Pause Young (Concurrent Start) (G1 Evacuation Pause) 739M->265M(1120M) 34.193ms
[123.237s][info][gc             ] GC(181) Concurrent Mark Cycle
[123.237s][info][gc,cpu         ] GC(180) User=0.70s Sys=0.00s Real=0.03s
[123.237s][info][gc,marking     ] GC(181) Concurrent Scan Root Regions
[123.276s][info][gc,marking     ] GC(181) Concurrent Scan Root Regions 39.162ms
[123.276s][info][gc,marking     ] GC(181) Concurrent Mark
[123.276s][info][gc,marking     ] GC(181) Concurrent Mark From Roots
[123.276s][info][gc,task        ] GC(181) Using 8 workers of 8 for marking
[123.331s][info][gc,marking     ] GC(181) Concurrent Mark From Roots 54.150ms
[123.331s][info][gc,marking     ] GC(181) Concurrent Preclean
[123.331s][info][gc,marking     ] GC(181) Concurrent Preclean 0.340ms
[123.331s][info][gc,start       ] GC(181) Pause Remark
[123.335s][info][gc             ] GC(181) Pause Remark 441M->441M(1120M) 3.510ms
[123.335s][info][gc,cpu         ] GC(181) User=0.00s Sys=0.00s Real=0.00s
[123.335s][info][gc,marking     ] GC(181) Concurrent Mark 58.344ms
[123.335s][info][gc,marking     ] GC(181) Concurrent Rebuild Remembered Sets and Scrub Regions
[123.354s][info][gc,marking     ] GC(181) Concurrent Rebuild Remembered Sets and Scrub Regions 19.166ms
[123.354s][info][gc,start       ] GC(181) Pause Cleanup
[123.354s][info][gc             ] GC(181) Pause Cleanup 472M->472M(1120M) 0.130ms
[123.354s][info][gc,cpu         ] GC(181) User=0.00s Sys=0.00s Real=0.00s
[123.354s][info][gc,marking     ] GC(181) Concurrent Clear Claimed Marks
[123.354s][info][gc,marking     ] GC(181) Concurrent Clear Claimed Marks 0.086ms
[123.354s][info][gc,marking     ] GC(181) Concurrent Cleanup for Next Mark
[123.355s][info][gc,marking     ] GC(181) Concurrent Cleanup for Next Mark 0.840ms
[123.355s][info][gc             ] GC(181) Concurrent Mark Cycle 118.171ms
[123.489s][info][gc,start       ] GC(182) Pause Young (Prepare Mixed) (G1 Evacuation Pause)
[123.489s][info][gc,task        ] GC(182) Using 26 workers of 33 for evacuation
[123.524s][info][gc,phases      ] GC(182)   Pre Evacuate Collection Set: 0.2ms
[123.524s][info][gc,phases      ] GC(182)   Merge Heap Roots: 0.2ms
[123.524s][info][gc,phases      ] GC(182)   Evacuate Collection Set: 34.2ms
[123.524s][info][gc,phases      ] GC(182)   Post Evacuate Collection Set: 0.4ms
[123.524s][info][gc,phases      ] GC(182)   Other: 0.1ms
[123.524s][info][gc,heap        ] GC(182) Eden regions: 28->0(26)
[123.524s][info][gc,heap        ] GC(182) Survivor regions: 5->4(5)
[123.524s][info][gc,heap        ] GC(182) Old regions: 24->28
[123.524s][info][gc,heap        ] GC(182) Archive regions: 0->0
[123.524s][info][gc,heap        ] GC(182) Humongous regions: 0->0
[123.524s][info][gc,metaspace   ] GC(182) Metaspace: 68180K(69312K)->68180K(69312K) NonClass: 59745K(60288K)->59745K(60288K) Class: 8434K(9024K)->8434K(9024K)
[123.524s][info][gc             ] GC(182) Pause Young (Prepare Mixed) (G1 Evacuation Pause) 713M->320M(1120M) 35.469ms
[123.524s][info][gc,cpu         ] GC(182) User=0.78s Sys=0.00s Real=0.05s
[123.723s][info][gc,start       ] GC(183) Pause Young (Mixed) (G1 Evacuation Pause)
[123.723s][info][gc,task        ] GC(183) Using 26 workers of 33 for evacuation
[123.752s][info][gc,phases      ] GC(183)   Pre Evacuate Collection Set: 0.2ms
[123.752s][info][gc,phases      ] GC(183)   Merge Heap Roots: 0.2ms
[123.752s][info][gc,phases      ] GC(183)   Evacuate Collection Set: 27.7ms
[123.752s][info][gc,phases      ] GC(183)   Post Evacuate Collection Set: 0.6ms
[123.752s][info][gc,phases      ] GC(183)   Other: 0.2ms
[123.752s][info][gc,heap        ] GC(183) Eden regions: 26->0(31)
[123.752s][info][gc,heap        ] GC(183) Survivor regions: 4->3(4)
[123.752s][info][gc,heap        ] GC(183) Old regions: 28->24
[123.752s][info][gc,heap        ] GC(183) Archive regions: 0->0
[123.752s][info][gc,heap        ] GC(183) Humongous regions: 0->0
[123.752s][info][gc,metaspace   ] GC(183) Metaspace: 68180K(69312K)->68180K(69312K) NonClass: 59745K(60288K)->59745K(60288K) Class: 8434K(9024K)->8434K(9024K)
[123.752s][info][gc             ] GC(183) Pause Young (Mixed) (G1 Evacuation Pause) 736M->340M(1120M) 29.215ms
[123.752s][info][gc,cpu         ] GC(183) User=0.81s Sys=0.00s Real=0.03s
[124.617s][info][gc,start       ] GC(184) Pause Young (Mixed) (G1 Evacuation Pause)
[124.617s][info][gc,task        ] GC(184) Using 26 workers of 33 for evacuation
[124.653s][info][gc,phases      ] GC(184)   Pre Evacuate Collection Set: 0.2ms
[124.653s][info][gc,phases      ] GC(184)   Merge Heap Roots: 0.7ms
[124.653s][info][gc,phases      ] GC(184)   Evacuate Collection Set: 31.4ms
[124.653s][info][gc,phases      ] GC(184)   Post Evacuate Collection Set: 3.7ms
[124.653s][info][gc,phases      ] GC(184)   Other: 0.2ms
[124.653s][info][gc,heap        ] GC(184) Eden regions: 31->0(81)
[124.654s][info][gc,heap        ] GC(184) Survivor regions: 3->5(5)
[124.654s][info][gc,heap        ] GC(184) Old regions: 24->23
[124.654s][info][gc,heap        ] GC(184) Archive regions: 0->0
[124.654s][info][gc,heap        ] GC(184) Humongous regions: 0->0
[124.654s][info][gc,metaspace   ] GC(184) Metaspace: 68180K(69312K)->68180K(69312K) NonClass: 59746K(60288K)->59746K(60288K) Class: 8434K(9024K)->8434K(9024K)
[124.654s][info][gc             ] GC(184) Pause Young (Mixed) (G1 Evacuation Pause) 836M->389M(2304M) 36.454ms
[124.654s][info][gc,cpu         ] GC(184) User=0.81s Sys=0.00s Real=0.03s
[125.496s][info][gc,start       ] GC(185) Pause Young (Normal) (G1 Evacuation Pause)
[125.497s][info][gc,task        ] GC(185) Using 33 workers of 33 for evacuation
[125.553s][info][gc,phases      ] GC(185)   Pre Evacuate Collection Set: 0.2ms
[125.553s][info][gc,phases      ] GC(185)   Merge Heap Roots: 0.4ms
[125.553s][info][gc,phases      ] GC(185)   Evacuate Collection Set: 55.1ms
[125.553s][info][gc,phases      ] GC(185)   Post Evacuate Collection Set: 0.6ms
[125.553s][info][gc,phases      ] GC(185)   Other: 0.2ms
[125.553s][info][gc,heap        ] GC(185) Eden regions: 81->0(75)
[125.553s][info][gc,heap        ] GC(185) Survivor regions: 5->11(11)
[125.553s][info][gc,heap        ] GC(185) Old regions: 23->25
[125.553s][info][gc,heap        ] GC(185) Archive regions: 0->0
[125.553s][info][gc,heap        ] GC(185) Humongous regions: 0->0
[125.553s][info][gc,metaspace   ] GC(185) Metaspace: 68180K(69312K)->68180K(69312K) NonClass: 59746K(60288K)->59746K(60288K) Class: 8434K(9024K)->8434K(9024K)
[125.553s][info][gc             ] GC(185) Pause Young (Normal) (G1 Evacuation Pause) 1685M->522M(2304M) 56.809ms
[125.553s][info][gc,cpu         ] GC(185) User=2.06s Sys=0.00s Real=0.06s
[127.025s][info][gc,start       ] GC(186) Pause Young (Normal) (G1 Evacuation Pause)
[127.026s][info][gc,task        ] GC(186) Using 33 workers of 33 for evacuation
[127.053s][info][gc,phases      ] GC(186)   Pre Evacuate Collection Set: 0.2ms
[127.053s][info][gc,phases      ] GC(186)   Merge Heap Roots: 0.3ms
[127.053s][info][gc,phases      ] GC(186)   Evacuate Collection Set: 25.8ms
[127.053s][info][gc,phases      ] GC(186)   Post Evacuate Collection Set: 0.7ms
[127.053s][info][gc,phases      ] GC(186)   Other: 0.2ms
[127.053s][info][gc,heap        ] GC(186) Eden regions: 75->0(83)
[127.053s][info][gc,heap        ] GC(186) Survivor regions: 11->3(11)
[127.053s][info][gc,heap        ] GC(186) Old regions: 25->28
[127.053s][info][gc,heap        ] GC(186) Archive regions: 0->0
[127.053s][info][gc,heap        ] GC(186) Humongous regions: 0->0
[127.053s][info][gc,metaspace   ] GC(186) Metaspace: 68186K(69312K)->68186K(69312K) NonClass: 59751K(60288K)->59751K(60288K) Class: 8434K(9024K)->8434K(9024K)
[127.053s][info][gc             ] GC(186) Pause Young (Normal) (G1 Evacuation Pause) 1722M->435M(2304M) 27.553ms
[127.053s][info][gc,cpu         ] GC(186) User=1.03s Sys=0.00s Real=0.03s
[128.247s][info][gc,start       ] GC(187) Pause Young (Normal) (G1 Evacuation Pause)
[128.247s][info][gc,task        ] GC(187) Using 33 workers of 33 for evacuation
[128.269s][info][gc,phases      ] GC(187)   Pre Evacuate Collection Set: 0.3ms
[128.269s][info][gc,phases      ] GC(187)   Merge Heap Roots: 0.2ms
[128.269s][info][gc,phases      ] GC(187)   Evacuate Collection Set: 21.1ms
[128.269s][info][gc,phases      ] GC(187)   Post Evacuate Collection Set: 0.6ms
[128.269s][info][gc,phases      ] GC(187)   Other: 0.2ms
[128.269s][info][gc,heap        ] GC(187) Eden regions: 83->0(81)
[128.269s][info][gc,heap        ] GC(187) Survivor regions: 3->5(11)
[128.269s][info][gc,heap        ] GC(187) Old regions: 28->28
[128.269s][info][gc,heap        ] GC(187) Archive regions: 0->0
[128.269s][info][gc,heap        ] GC(187) Humongous regions: 5->0
[128.270s][info][gc,metaspace   ] GC(187) Metaspace: 68187K(69312K)->68187K(69312K) NonClass: 59752K(60288K)->59752K(60288K) Class: 8434K(9024K)->8434K(9024K)
[128.270s][info][gc             ] GC(187) Pause Young (Normal) (G1 Evacuation Pause) 1843M->462M(2304M) 22.770ms
[128.270s][info][gc,cpu         ] GC(187) User=0.52s Sys=0.00s Real=0.02s
[128.479s][info][gc,start       ] GC(188) Pause Full (System.gc())
[128.479s][info][gc,task        ] GC(188) Using 14 workers of 33 for full compaction
[128.480s][info][gc,phases,start] GC(188) Phase 1: Mark live objects
[128.517s][info][gc,phases      ] GC(188) Phase 1: Mark live objects 36.972ms
[128.517s][info][gc,phases,start] GC(188) Phase 2: Prepare compaction
[128.524s][info][gc,phases      ] GC(188) Phase 2: Prepare compaction 7.361ms
[128.524s][info][gc,phases,start] GC(188) Phase 3: Adjust pointers
[128.539s][info][gc,phases      ] GC(188) Phase 3: Adjust pointers 14.250ms
[128.539s][info][gc,phases,start] GC(188) Phase 4: Compact heap
[128.545s][info][gc,phases      ] GC(188) Phase 4: Compact heap 6.580ms
[128.562s][info][gc,heap        ] GC(188) Eden regions: 24->0(33)
[128.562s][info][gc,heap        ] GC(188) Survivor regions: 5->0(11)
[128.562s][info][gc,heap        ] GC(188) Old regions: 28->19
[128.562s][info][gc,heap        ] GC(188) Archive regions: 0->0
[128.562s][info][gc,heap        ] GC(188) Humongous regions: 0->0
[128.562s][info][gc,metaspace   ] GC(188) Metaspace: 68190K(69312K)->68190K(69312K) NonClass: 59755K(60288K)->59755K(60288K) Class: 8434K(9024K)->8434K(9024K)
[128.562s][info][gc             ] GC(188) Pause Full (System.gc()) 833M->147M(1024M) 83.348ms
[128.562s][info][gc,cpu         ] GC(188) User=1.16s Sys=0.03s Real=0.09s
[128.885s][info][gc,start       ] GC(189) Pause Young (Concurrent Start) (G1 Evacuation Pause)
[128.885s][info][gc,task        ] GC(189) Using 24 workers of 33 for evacuation
[128.921s][info][gc,phases      ] GC(189)   Pre Evacuate Collection Set: 0.3ms
[128.921s][info][gc,phases      ] GC(189)   Merge Heap Roots: 0.2ms
[128.921s][info][gc,phases      ] GC(189)   Evacuate Collection Set: 31.3ms
[128.921s][info][gc,phases      ] GC(189)   Post Evacuate Collection Set: 3.7ms
[128.921s][info][gc,phases      ] GC(189)   Other: 0.2ms
[128.921s][info][gc,heap        ] GC(189) Eden regions: 33->0(71)
[128.921s][info][gc,heap        ] GC(189) Survivor regions: 0->5(5)
[128.921s][info][gc,heap        ] GC(189) Old regions: 19->21
[128.921s][info][gc,heap        ] GC(189) Archive regions: 0->0
[128.921s][info][gc,heap        ] GC(189) Humongous regions: 0->0
[128.921s][info][gc,metaspace   ] GC(189) Metaspace: 68194K(69312K)->68194K(69312K) NonClass: 59758K(60288K)->59758K(60288K) Class: 8435K(9024K)->8435K(9024K)
[128.921s][info][gc             ] GC(189) Pause Young (Concurrent Start) (G1 Evacuation Pause) 675M->258M(2048M) 35.944ms
[128.921s][info][gc             ] GC(190) Concurrent Mark Cycle
[128.921s][info][gc,cpu         ] GC(189) User=0.75s Sys=0.00s Real=0.04s
[128.921s][info][gc,marking     ] GC(190) Concurrent Scan Root Regions
[128.966s][info][gc,marking     ] GC(190) Concurrent Scan Root Regions 44.750ms
[128.966s][info][gc,marking     ] GC(190) Concurrent Mark
[128.966s][info][gc,marking     ] GC(190) Concurrent Mark From Roots
[128.966s][info][gc,task        ] GC(190) Using 8 workers of 8 for marking
[129.010s][info][gc,marking     ] GC(190) Concurrent Mark From Roots 44.010ms
[129.010s][info][gc,marking     ] GC(190) Concurrent Preclean
[129.010s][info][gc,marking     ] GC(190) Concurrent Preclean 0.376ms
[129.010s][info][gc,start       ] GC(190) Pause Remark
[129.013s][info][gc             ] GC(190) Pause Remark 406M->406M(1920M) 2.172ms
[129.013s][info][gc,cpu         ] GC(190) User=0.00s Sys=0.00s Real=0.00s
[129.013s][info][gc,marking     ] GC(190) Concurrent Mark 46.894ms
[129.013s][info][gc,marking     ] GC(190) Concurrent Rebuild Remembered Sets and Scrub Regions
[129.030s][info][gc,marking     ] GC(190) Concurrent Rebuild Remembered Sets and Scrub Regions 17.642ms
[129.031s][info][gc,start       ] GC(190) Pause Cleanup
[129.031s][info][gc             ] GC(190) Pause Cleanup 440M->440M(1920M) 0.139ms
[129.031s][info][gc,cpu         ] GC(190) User=0.00s Sys=0.00s Real=0.00s
[129.031s][info][gc,marking     ] GC(190) Concurrent Clear Claimed Marks
[129.031s][info][gc,marking     ] GC(190) Concurrent Clear Claimed Marks 0.090ms
[129.031s][info][gc,marking     ] GC(190) Concurrent Cleanup for Next Mark
[129.033s][info][gc,marking     ] GC(190) Concurrent Cleanup for Next Mark 2.329ms
[129.033s][info][gc             ] GC(190) Concurrent Mark Cycle 112.304ms
[129.525s][info][gc,start       ] GC(191) Pause Young (Prepare Mixed) (G1 Evacuation Pause)
[129.526s][info][gc,task        ] GC(191) Using 33 workers of 33 for evacuation
[129.568s][info][gc,phases      ] GC(191)   Pre Evacuate Collection Set: 0.2ms
[129.568s][info][gc,phases      ] GC(191)   Merge Heap Roots: 0.2ms
[129.568s][info][gc,phases      ] GC(191)   Evacuate Collection Set: 41.6ms
[129.568s][info][gc,phases      ] GC(191)   Post Evacuate Collection Set: 0.5ms
[129.568s][info][gc,phases      ] GC(191)   Other: 0.2ms
[129.568s][info][gc,heap        ] GC(191) Eden regions: 67->0(66)
[129.568s][info][gc,heap        ] GC(191) Survivor regions: 5->6(9)
[129.568s][info][gc,heap        ] GC(191) Old regions: 21->26
[129.568s][info][gc,heap        ] GC(191) Archive regions: 0->0
[129.568s][info][gc,heap        ] GC(191) Humongous regions: 0->0
[129.568s][info][gc,metaspace   ] GC(191) Metaspace: 68194K(69312K)->68194K(69312K) NonClass: 59758K(60288K)->59758K(60288K) Class: 8435K(9024K)->8435K(9024K)
[129.568s][info][gc             ] GC(191) Pause Young (Prepare Mixed) (G1 Evacuation Pause) 1330M->344M(1920M) 42.976ms
[129.568s][info][gc,cpu         ] GC(191) User=1.19s Sys=0.00s Real=0.05s
[130.720s][info][gc,start       ] GC(192) Pause Young (Mixed) (G1 Evacuation Pause)
[130.721s][info][gc,task        ] GC(192) Using 33 workers of 33 for evacuation
[130.778s][info][gc,phases      ] GC(192)   Pre Evacuate Collection Set: 0.2ms
[130.778s][info][gc,phases      ] GC(192)   Merge Heap Roots: 0.2ms
[130.778s][info][gc,phases      ] GC(192)   Evacuate Collection Set: 56.3ms
[130.778s][info][gc,phases      ] GC(192)   Post Evacuate Collection Set: 0.7ms
[130.778s][info][gc,phases      ] GC(192)   Other: 0.2ms
[130.778s][info][gc,heap        ] GC(192) Eden regions: 66->0(63)
[130.778s][info][gc,heap        ] GC(192) Survivor regions: 6->9(9)
[130.778s][info][gc,heap        ] GC(192) Old regions: 26->27
[130.778s][info][gc,heap        ] GC(192) Archive regions: 0->0
[130.778s][info][gc,heap        ] GC(192) Humongous regions: 0->0
[130.778s][info][gc,metaspace   ] GC(192) Metaspace: 68198K(69312K)->68198K(69312K) NonClass: 59763K(60288K)->59763K(60288K) Class: 8435K(9024K)->8435K(9024K)
[130.778s][info][gc             ] GC(192) Pause Young (Mixed) (G1 Evacuation Pause) 1400M->478M(1920M) 57.947ms
[130.778s][info][gc,cpu         ] GC(192) User=1.84s Sys=0.03s Real=0.06s
[131.759s][info][gc,start       ] GC(193) Pause Young (Normal) (G1 Evacuation Pause)
[131.759s][info][gc,task        ] GC(193) Using 33 workers of 33 for evacuation
[131.803s][info][gc,phases      ] GC(193)   Pre Evacuate Collection Set: 0.2ms
[131.804s][info][gc,phases      ] GC(193)   Merge Heap Roots: 0.8ms
[131.804s][info][gc,phases      ] GC(193)   Evacuate Collection Set: 42.4ms
[131.804s][info][gc,phases      ] GC(193)   Post Evacuate Collection Set: 0.6ms
[131.804s][info][gc,phases      ] GC(193)   Other: 0.2ms
[131.804s][info][gc,heap        ] GC(193) Eden regions: 63->0(65)
[131.804s][info][gc,heap        ] GC(193) Survivor regions: 9->6(9)
[131.804s][info][gc,heap        ] GC(193) Old regions: 27->30
[131.804s][info][gc,heap        ] GC(193) Archive regions: 0->0
[131.804s][info][gc,heap        ] GC(193) Humongous regions: 0->0
[131.804s][info][gc,metaspace   ] GC(193) Metaspace: 68199K(69312K)->68199K(69312K) NonClass: 59764K(60288K)->59764K(60288K) Class: 8435K(9024K)->8435K(9024K)
[131.804s][info][gc             ] GC(193) Pause Young (Normal) (G1 Evacuation Pause) 1486M->470M(1920M) 44.436ms
[131.804s][info][gc,cpu         ] GC(193) User=1.27s Sys=0.00s Real=0.05s
[132.958s][info][gc,start       ] GC(194) Pause Young (Normal) (G1 Evacuation Pause)
[132.958s][info][gc,task        ] GC(194) Using 33 workers of 33 for evacuation
[132.985s][info][gc,phases      ] GC(194)   Pre Evacuate Collection Set: 0.2ms
[132.986s][info][gc,phases      ] GC(194)   Merge Heap Roots: 0.2ms
[132.986s][info][gc,phases      ] GC(194)   Evacuate Collection Set: 26.4ms
[132.986s][info][gc,phases      ] GC(194)   Post Evacuate Collection Set: 0.6ms
[132.986s][info][gc,phases      ] GC(194)   Other: 0.2ms
[132.986s][info][gc,heap        ] GC(194) Eden regions: 65->0(67)
[132.986s][info][gc,heap        ] GC(194) Survivor regions: 6->2(9)
[132.986s][info][gc,heap        ] GC(194) Old regions: 30->35
[132.986s][info][gc,heap        ] GC(194) Archive regions: 0->0
[132.986s][info][gc,heap        ] GC(194) Humongous regions: 0->0
[132.986s][info][gc,metaspace   ] GC(194) Metaspace: 68243K(69376K)->68243K(69376K) NonClass: 59808K(60352K)->59808K(60352K) Class: 8435K(9024K)->8435K(9024K)
[132.986s][info][gc             ] GC(194) Pause Young (Normal) (G1 Evacuation Pause) 1510M->492M(1920M) 27.994ms
[132.986s][info][gc,cpu         ] GC(194) User=0.61s Sys=0.09s Real=0.03s
[133.503s][info][gc,start       ] GC(195) Pause Young (Concurrent Start) (G1 Humongous Allocation)
[133.504s][info][gc,task        ] GC(195) Using 33 workers of 33 for evacuation
[133.530s][info][gc,phases      ] GC(195)   Pre Evacuate Collection Set: 0.3ms
[133.530s][info][gc,phases      ] GC(195)   Merge Heap Roots: 0.2ms
[133.530s][info][gc,phases      ] GC(195)   Evacuate Collection Set: 22.2ms
[133.530s][info][gc,phases      ] GC(195)   Post Evacuate Collection Set: 3.7ms
[133.530s][info][gc,phases      ] GC(195)   Other: 0.2ms
[133.530s][info][gc,heap        ] GC(195) Eden regions: 35->0(103)
[133.530s][info][gc,heap        ] GC(195) Survivor regions: 2->5(9)
[133.530s][info][gc,heap        ] GC(195) Old regions: 35->35
[133.530s][info][gc,heap        ] GC(195) Archive regions: 0->0
[133.530s][info][gc,heap        ] GC(195) Humongous regions: 0->0
[133.530s][info][gc,metaspace   ] GC(195) Metaspace: 68250K(69376K)->68250K(69376K) NonClass: 59814K(60352K)->59814K(60352K) Class: 8435K(9024K)->8435K(9024K)
[133.530s][info][gc             ] GC(195) Pause Young (Concurrent Start) (G1 Humongous Allocation) 1041M->541M(2880M) 26.878ms
[133.530s][info][gc             ] GC(196) Concurrent Undo Cycle
[133.530s][info][gc,cpu         ] GC(195) User=0.52s Sys=0.00s Real=0.03s
[133.530s][info][gc,marking     ] GC(196) Concurrent Clear Claimed Marks
[133.531s][info][gc,marking     ] GC(196) Concurrent Clear Claimed Marks 0.129ms
[133.531s][info][gc,marking     ] GC(196) Concurrent Cleanup for Next Mark
[133.531s][info][gc,marking     ] GC(196) Concurrent Cleanup for Next Mark 0.186ms
[133.531s][info][gc             ] GC(196) Concurrent Undo Cycle 0.511ms
[134.195s][info][gc,start       ] GC(197) Pause Full (System.gc())
[134.195s][info][gc,task        ] GC(197) Using 18 workers of 33 for full compaction
[134.195s][info][gc,phases,start] GC(197) Phase 1: Mark live objects
[134.230s][info][gc,phases      ] GC(197) Phase 1: Mark live objects 34.422ms
[134.230s][info][gc,phases,start] GC(197) Phase 2: Prepare compaction
[134.237s][info][gc,phases      ] GC(197) Phase 2: Prepare compaction 7.000ms
[134.237s][info][gc,phases,start] GC(197) Phase 3: Adjust pointers
[134.248s][info][gc,phases      ] GC(197) Phase 3: Adjust pointers 11.418ms
[134.248s][info][gc,phases,start] GC(197) Phase 4: Compact heap
[134.255s][info][gc,phases      ] GC(197) Phase 4: Compact heap 6.173ms
[134.266s][info][gc,heap        ] GC(197) Eden regions: 56->0(37)
[134.266s][info][gc,heap        ] GC(197) Survivor regions: 5->0(9)
[134.266s][info][gc,heap        ] GC(197) Old regions: 35->21
[134.266s][info][gc,heap        ] GC(197) Archive regions: 0->0
[134.266s][info][gc,heap        ] GC(197) Humongous regions: 6->0
[134.266s][info][gc,metaspace   ] GC(197) Metaspace: 68259K(69376K)->68259K(69376K) NonClass: 59824K(60352K)->59824K(60352K) Class: 8435K(9024K)->8435K(9024K)
[134.266s][info][gc             ] GC(197) Pause Full (System.gc()) 1532M->147M(1120M) 71.736ms
[134.266s][info][gc,cpu         ] GC(197) User=0.88s Sys=0.00s Real=0.06s
[134.590s][info][gc,start       ] GC(198) Pause Young (Concurrent Start) (G1 Evacuation Pause)
[134.590s][info][gc,task        ] GC(198) Using 26 workers of 33 for evacuation
[134.625s][info][gc,phases      ] GC(198)   Pre Evacuate Collection Set: 0.3ms
[134.625s][info][gc,phases      ] GC(198)   Merge Heap Roots: 0.2ms
[134.625s][info][gc,phases      ] GC(198)   Evacuate Collection Set: 34.4ms
[134.626s][info][gc,phases      ] GC(198)   Post Evacuate Collection Set: 0.5ms
[134.626s][info][gc,phases      ] GC(198)   Other: 0.2ms
[134.626s][info][gc,heap        ] GC(198) Eden regions: 37->0(28)
[134.626s][info][gc,heap        ] GC(198) Survivor regions: 0->5(5)
[134.626s][info][gc,heap        ] GC(198) Old regions: 21->24
[134.626s][info][gc,heap        ] GC(198) Archive regions: 0->0
[134.626s][info][gc,heap        ] GC(198) Humongous regions: 0->0
[134.626s][info][gc,metaspace   ] GC(198) Metaspace: 68260K(69376K)->68260K(69376K) NonClass: 59824K(60352K)->59824K(60352K) Class: 8435K(9024K)->8435K(9024K)
[134.626s][info][gc             ] GC(198) Pause Young (Concurrent Start) (G1 Evacuation Pause) 739M->270M(1120M) 35.865ms
[134.626s][info][gc             ] GC(199) Concurrent Mark Cycle
[134.626s][info][gc,cpu         ] GC(198) User=0.67s Sys=0.00s Real=0.03s
[134.626s][info][gc,marking     ] GC(199) Concurrent Scan Root Regions
[134.671s][info][gc,marking     ] GC(199) Concurrent Scan Root Regions 45.347ms
[134.671s][info][gc,marking     ] GC(199) Concurrent Mark
[134.671s][info][gc,marking     ] GC(199) Concurrent Mark From Roots
[134.671s][info][gc,task        ] GC(199) Using 8 workers of 8 for marking
[134.720s][info][gc,marking     ] GC(199) Concurrent Mark From Roots 48.557ms
[134.720s][info][gc,marking     ] GC(199) Concurrent Preclean
[134.720s][info][gc,marking     ] GC(199) Concurrent Preclean 0.371ms
[134.720s][info][gc,start       ] GC(199) Pause Remark
[134.724s][info][gc             ] GC(199) Pause Remark 441M->441M(1120M) 3.536ms
[134.724s][info][gc,cpu         ] GC(199) User=0.00s Sys=0.00s Real=0.00s
[134.724s][info][gc,marking     ] GC(199) Concurrent Mark 52.818ms
[134.724s][info][gc,marking     ] GC(199) Concurrent Rebuild Remembered Sets and Scrub Regions
[134.746s][info][gc,marking     ] GC(199) Concurrent Rebuild Remembered Sets and Scrub Regions 21.981ms
[134.757s][info][gc,start       ] GC(199) Pause Cleanup
[134.757s][info][gc             ] GC(199) Pause Cleanup 494M->494M(1120M) 0.151ms
[134.757s][info][gc,cpu         ] GC(199) User=0.00s Sys=0.00s Real=0.00s
[134.757s][info][gc,marking     ] GC(199) Concurrent Clear Claimed Marks
[134.757s][info][gc,marking     ] GC(199) Concurrent Clear Claimed Marks 0.118ms
[134.757s][info][gc,marking     ] GC(199) Concurrent Cleanup for Next Mark
[134.758s][info][gc,marking     ] GC(199) Concurrent Cleanup for Next Mark 0.905ms
[134.758s][info][gc             ] GC(199) Concurrent Mark Cycle 132.562ms
[134.898s][info][gc,start       ] GC(200) Pause Young (Prepare Mixed) (G1 Evacuation Pause)
[134.899s][info][gc,task        ] GC(200) Using 26 workers of 33 for evacuation
[134.936s][info][gc,phases      ] GC(200)   Pre Evacuate Collection Set: 0.2ms
[134.936s][info][gc,phases      ] GC(200)   Merge Heap Roots: 0.2ms
[134.936s][info][gc,phases      ] GC(200)   Evacuate Collection Set: 36.5ms
[134.936s][info][gc,phases      ] GC(200)   Post Evacuate Collection Set: 0.4ms
[134.936s][info][gc,phases      ] GC(200)   Other: 0.1ms
[134.936s][info][gc,heap        ] GC(200) Eden regions: 28->0(27)
[134.936s][info][gc,heap        ] GC(200) Survivor regions: 5->4(5)
[134.936s][info][gc,heap        ] GC(200) Old regions: 24->28
[134.936s][info][gc,heap        ] GC(200) Archive regions: 0->0
[134.936s][info][gc,heap        ] GC(200) Humongous regions: 0->0
[134.936s][info][gc,metaspace   ] GC(200) Metaspace: 68260K(69376K)->68260K(69376K) NonClass: 59824K(60352K)->59824K(60352K) Class: 8435K(9024K)->8435K(9024K)
[134.936s][info][gc             ] GC(200) Pause Young (Prepare Mixed) (G1 Evacuation Pause) 718M->316M(1120M) 37.788ms
[134.936s][info][gc,cpu         ] GC(200) User=0.81s Sys=0.00s Real=0.04s
[135.150s][info][gc,start       ] GC(201) Pause Young (Mixed) (G1 Evacuation Pause)
[135.150s][info][gc,task        ] GC(201) Using 26 workers of 33 for evacuation
[135.183s][info][gc,phases      ] GC(201)   Pre Evacuate Collection Set: 0.2ms
[135.183s][info][gc,phases      ] GC(201)   Merge Heap Roots: 0.2ms
[135.183s][info][gc,phases      ] GC(201)   Evacuate Collection Set: 31.1ms
[135.183s][info][gc,phases      ] GC(201)   Post Evacuate Collection Set: 0.6ms
[135.183s][info][gc,phases      ] GC(201)   Other: 0.2ms
[135.183s][info][gc,heap        ] GC(201) Eden regions: 27->0(31)
[135.183s][info][gc,heap        ] GC(201) Survivor regions: 4->3(4)
[135.183s][info][gc,heap        ] GC(201) Old regions: 28->24
[135.183s][info][gc,heap        ] GC(201) Archive regions: 0->0
[135.183s][info][gc,heap        ] GC(201) Humongous regions: 0->0
[135.183s][info][gc,metaspace   ] GC(201) Metaspace: 68260K(69376K)->68260K(69376K) NonClass: 59824K(60352K)->59824K(60352K) Class: 8435K(9024K)->8435K(9024K)
[135.183s][info][gc             ] GC(201) Pause Young (Mixed) (G1 Evacuation Pause) 748M->338M(1120M) 32.715ms
[135.183s][info][gc,cpu         ] GC(201) User=0.56s Sys=0.00s Real=0.03s
[136.127s][info][gc,start       ] GC(202) Pause Young (Mixed) (G1 Evacuation Pause)
[136.128s][info][gc,task        ] GC(202) Using 26 workers of 33 for evacuation
[136.162s][info][gc,phases      ] GC(202)   Pre Evacuate Collection Set: 0.2ms
[136.162s][info][gc,phases      ] GC(202)   Merge Heap Roots: 0.8ms
[136.162s][info][gc,phases      ] GC(202)   Evacuate Collection Set: 32.2ms
[136.162s][info][gc,phases      ] GC(202)   Post Evacuate Collection Set: 0.6ms
[136.162s][info][gc,phases      ] GC(202)   Other: 0.2ms
[136.162s][info][gc,heap        ] GC(202) Eden regions: 31->0(31)
[136.162s][info][gc,heap        ] GC(202) Survivor regions: 3->5(5)
[136.162s][info][gc,heap        ] GC(202) Old regions: 24->23
[136.162s][info][gc,heap        ] GC(202) Archive regions: 0->0
[136.162s][info][gc,heap        ] GC(202) Humongous regions: 0->0
[136.162s][info][gc,metaspace   ] GC(202) Metaspace: 68283K(69376K)->68283K(69376K) NonClass: 59848K(60352K)->59848K(60352K) Class: 8435K(9024K)->8435K(9024K)
[136.162s][info][gc             ] GC(202) Pause Young (Mixed) (G1 Evacuation Pause) 834M->390M(1120M) 34.322ms
[136.162s][info][gc,cpu         ] GC(202) User=0.83s Sys=0.00s Real=0.05s
[136.438s][info][gc,start       ] GC(203) Pause Young (Normal) (G1 Evacuation Pause)
[136.438s][info][gc,task        ] GC(203) Using 26 workers of 33 for evacuation
[136.482s][info][gc,phases      ] GC(203)   Pre Evacuate Collection Set: 0.2ms
[136.482s][info][gc,phases      ] GC(203)   Merge Heap Roots: 0.3ms
[136.482s][info][gc,phases      ] GC(203)   Evacuate Collection Set: 39.9ms
[136.482s][info][gc,phases      ] GC(203)   Post Evacuate Collection Set: 3.3ms
[136.482s][info][gc,phases      ] GC(203)   Other: 0.2ms
[136.482s][info][gc,heap        ] GC(203) Eden regions: 31->0(79)
[136.482s][info][gc,heap        ] GC(203) Survivor regions: 5->5(5)
[136.482s][info][gc,heap        ] GC(203) Old regions: 23->27
[136.482s][info][gc,heap        ] GC(203) Archive regions: 0->0
[136.482s][info][gc,heap        ] GC(203) Humongous regions: 0->0
[136.482s][info][gc,metaspace   ] GC(203) Metaspace: 68283K(69376K)->68283K(69376K) NonClass: 59848K(60352K)->59848K(60352K) Class: 8435K(9024K)->8435K(9024K)
[136.482s][info][gc             ] GC(203) Pause Young (Normal) (G1 Evacuation Pause) 886M->457M(2240M) 44.210ms
[136.482s][info][gc,cpu         ] GC(203) User=1.22s Sys=0.00s Real=0.05s
[137.828s][info][gc,start       ] GC(204) Pause Young (Normal) (G1 Evacuation Pause)
[137.829s][info][gc,task        ] GC(204) Using 33 workers of 33 for evacuation
[137.834s][info][gc,phases      ] GC(204)   Pre Evacuate Collection Set: 0.2ms
[137.834s][info][gc,phases      ] GC(204)   Merge Heap Roots: 0.2ms
[137.834s][info][gc,phases      ] GC(204)   Evacuate Collection Set: 4.3ms
[137.834s][info][gc,phases      ] GC(204)   Post Evacuate Collection Set: 0.8ms
[137.834s][info][gc,phases      ] GC(204)   Other: 0.2ms
[137.834s][info][gc,heap        ] GC(204) Eden regions: 79->0(83)
[137.834s][info][gc,heap        ] GC(204) Survivor regions: 5->1(11)
[137.834s][info][gc,heap        ] GC(204) Old regions: 27->27
[137.834s][info][gc,heap        ] GC(204) Archive regions: 0->0
[137.835s][info][gc,heap        ] GC(204) Humongous regions: 0->0
[137.835s][info][gc,metaspace   ] GC(204) Metaspace: 68290K(69376K)->68290K(69376K) NonClass: 59854K(60352K)->59854K(60352K) Class: 8435K(9024K)->8435K(9024K)
[137.835s][info][gc             ] GC(204) Pause Young (Normal) (G1 Evacuation Pause) 1721M->393M(2240M) 6.216ms
[137.835s][info][gc,cpu         ] GC(204) User=0.52s Sys=0.00s Real=0.02s
[139.196s][info][gc,start       ] GC(205) Pause Young (Normal) (G1 Evacuation Pause)
[139.196s][info][gc,task        ] GC(205) Using 33 workers of 33 for evacuation
[139.227s][info][gc,phases      ] GC(205)   Pre Evacuate Collection Set: 0.2ms
[139.227s][info][gc,phases      ] GC(205)   Merge Heap Roots: 0.2ms
[139.227s][info][gc,phases      ] GC(205)   Evacuate Collection Set: 30.0ms
[139.227s][info][gc,phases      ] GC(205)   Post Evacuate Collection Set: 0.6ms
[139.227s][info][gc,phases      ] GC(205)   Other: 0.2ms
[139.227s][info][gc,heap        ] GC(205) Eden regions: 83->0(78)
[139.227s][info][gc,heap        ] GC(205) Survivor regions: 1->6(11)
[139.227s][info][gc,heap        ] GC(205) Old regions: 27->27
[139.227s][info][gc,heap        ] GC(205) Archive regions: 0->0
[139.227s][info][gc,heap        ] GC(205) Humongous regions: 0->0
[139.227s][info][gc,metaspace   ] GC(205) Metaspace: 68314K(69440K)->68314K(69440K) NonClass: 59878K(60416K)->59878K(60416K) Class: 8435K(9024K)->8435K(9024K)
[139.227s][info][gc             ] GC(205) Pause Young (Normal) (G1 Evacuation Pause) 1721M->458M(2240M) 31.750ms
[139.227s][info][gc,cpu         ] GC(205) User=1.03s Sys=0.00s Real=0.03s
[140.197s][info][gc,heap,exit   ] Heap
[140.197s][info][gc,heap,exit   ]  garbage-first heap   total 2293760K, used 1769766K [0x00000000a0000000, 0x0000000800000000)
[140.197s][info][gc,heap,exit   ]   region size 16384K, 82 young (1343488K), 6 survivors (98304K)
[140.198s][info][gc,heap,exit   ]  Metaspace       used 68721K, committed 69760K, reserved 1114112K
[140.198s][info][gc,heap,exit   ]   class space    used 8523K, committed 9024K, reserved 1048576K
