[0.016s][info][gc,init] CardTable entry size: 512
[0.017s][info][gc     ] Using Serial
[0.025s][info][gc,init] Version: 20+36-2344 (release)
[0.025s][info][gc,init] CPUs: 48 total, 48 available
[0.025s][info][gc,init] Memory: 382G
[0.025s][info][gc,init] Large Page Support: Disabled
[0.025s][info][gc,init] NUMA Support: Disabled
[0.025s][info][gc,init] Compressed Oops: Enabled (Zero based)
[0.025s][info][gc,init] Heap Min Capacity: 8M
[0.026s][info][gc,init] Heap Initial Capacity: 2G
[0.026s][info][gc,init] Heap Max Capacity: 30718M
[0.026s][info][gc,init] Pre-touch: Disabled
[0.030s][info][gc,metaspace] CDS archive(s) mapped at: [0x0000000800000000-0x0000000800c60000-0x0000000800c60000), size 12976128, SharedBaseAddress: 0x0000000800000000, ArchiveRelocationMode: 0.
[0.030s][info][gc,metaspace] Compressed class space mapped at: 0x0000000801000000-0x0000000841000000, reserved size: 1073741824
[0.030s][info][gc,metaspace] Narrow klass base: 0x0000000800000000, Narrow klass shift: 0, Narrow klass range: 0x100000000
[9.907s][info][gc,start    ] GC(0) Pause Full (Metadata GC Threshold)
[9.907s][info][gc,phases,start] GC(0) Phase 1: Mark live objects
[9.929s][info][gc,phases      ] GC(0) Phase 1: Mark live objects 22.083ms
[9.929s][info][gc,phases,start] GC(0) Phase 2: Compute new object addresses
[9.940s][info][gc,phases      ] GC(0) Phase 2: Compute new object addresses 10.728ms
[9.940s][info][gc,phases,start] GC(0) Phase 3: Adjust pointers
[9.947s][info][gc,phases      ] GC(0) Phase 3: Adjust pointers 7.588ms
[9.947s][info][gc,phases,start] GC(0) Phase 4: Move objects
[9.958s][info][gc,phases      ] GC(0) Phase 4: Move objects 10.489ms
[9.959s][info][gc,heap        ] GC(0) DefNew: 223869K(629120K)->0K(629248K) Eden: 223869K(559232K)->0K(559360K) From: 0K(69888K)->0K(69888K)
[9.959s][info][gc,heap        ] GC(0) Tenured: 0K(1398144K)->18047K(1398144K)
[9.959s][info][gc,metaspace   ] GC(0) Metaspace: 21267K(21504K)->21267K(21504K) NonClass: 18547K(18688K)->18547K(18688K) Class: 2719K(2816K)->2719K(2816K)
[9.959s][info][gc             ] GC(0) Pause Full (Metadata GC Threshold) 218M->17M(1979M) 52.821ms
[9.959s][info][gc,cpu         ] GC(0) User=0.03s Sys=0.02s Real=0.05s
[10.930s][info][gc,start       ] GC(1) Pause Full (Metadata GC Threshold)
[10.931s][info][gc,phases,start] GC(1) Phase 1: Mark live objects
[10.963s][info][gc,phases      ] GC(1) Phase 1: Mark live objects 31.957ms
[10.963s][info][gc,phases,start] GC(1) Phase 2: Compute new object addresses
[10.973s][info][gc,phases      ] GC(1) Phase 2: Compute new object addresses 10.634ms
[10.973s][info][gc,phases,start] GC(1) Phase 3: Adjust pointers
[10.984s][info][gc,phases      ] GC(1) Phase 3: Adjust pointers 10.747ms
[10.984s][info][gc,phases,start] GC(1) Phase 4: Move objects
[10.988s][info][gc,phases      ] GC(1) Phase 4: Move objects 4.102ms
[10.989s][info][gc,heap        ] GC(1) DefNew: 214450K(629248K)->0K(629248K) Eden: 214450K(559360K)->0K(559360K) From: 0K(69888K)->0K(69888K)
[10.989s][info][gc,heap        ] GC(1) Tenured: 18047K(1398144K)->24074K(1398144K)
[10.989s][info][gc,metaspace   ] GC(1) Metaspace: 35456K(35840K)->35456K(35840K) NonClass: 30976K(31168K)->30976K(31168K) Class: 4479K(4672K)->4479K(4672K)
[10.989s][info][gc             ] GC(1) Pause Full (Metadata GC Threshold) 227M->23M(1979M) 58.369ms
[10.989s][info][gc,cpu         ] GC(1) User=0.06s Sys=0.00s Real=0.06s
[12.172s][info][gc,start       ] GC(2) Pause Young (Allocation Failure)
[12.732s][info][gc,heap        ] GC(2) DefNew: 559360K(629248K)->69888K(629248K) Eden: 559360K(559360K)->0K(559360K) From: 0K(69888K)->69888K(69888K)
[12.732s][info][gc,heap        ] GC(2) Tenured: 24074K(1398144K)->386161K(1398144K)
[12.732s][info][gc,metaspace   ] GC(2) Metaspace: 42260K(42624K)->42260K(42624K) NonClass: 36958K(37184K)->36958K(37184K) Class: 5302K(5440K)->5302K(5440K)
[12.732s][info][gc             ] GC(2) Pause Young (Allocation Failure) 569M->445M(1979M) 560.212ms
[12.732s][info][gc,cpu         ] GC(2) User=0.50s Sys=0.06s Real=0.55s
[14.201s][info][gc,start       ] GC(3) Pause Full (System.gc())
[14.201s][info][gc,phases,start] GC(3) Phase 1: Mark live objects
[14.234s][info][gc,phases      ] GC(3) Phase 1: Mark live objects 32.723ms
[14.234s][info][gc,phases,start] GC(3) Phase 2: Compute new object addresses
[14.412s][info][gc,phases      ] GC(3) Phase 2: Compute new object addresses 178.330ms
[14.412s][info][gc,phases,start] GC(3) Phase 3: Adjust pointers
[14.426s][info][gc,phases      ] GC(3) Phase 3: Adjust pointers 13.738ms
[14.426s][info][gc,phases,start] GC(3) Phase 4: Move objects
[14.428s][info][gc,phases      ] GC(3) Phase 4: Move objects 1.653ms
[14.428s][info][gc,heap        ] GC(3) DefNew: 317920K(629248K)->0K(629248K) Eden: 248032K(559360K)->0K(559360K) From: 69888K(69888K)->0K(69888K)
[14.428s][info][gc,heap        ] GC(3) Tenured: 386161K(1398144K)->27581K(1398144K)
[14.428s][info][gc,metaspace   ] GC(3) Metaspace: 49985K(50496K)->49985K(50496K) NonClass: 43683K(43968K)->43683K(43968K) Class: 6302K(6528K)->6302K(6528K)
[14.428s][info][gc             ] GC(3) Pause Full (System.gc()) 687M->26M(1979M) 227.470ms
[14.428s][info][gc,cpu         ] GC(3) User=0.22s Sys=0.00s Real=0.23s
[15.395s][info][gc,start       ] GC(4) Pause Young (Allocation Failure)
[15.419s][info][gc,heap        ] GC(4) DefNew: 559360K(629248K)->5872K(629248K) Eden: 559360K(559360K)->0K(559360K) From: 0K(69888K)->5872K(69888K)
[15.419s][info][gc,heap        ] GC(4) Tenured: 27581K(1398144K)->27581K(1398144K)
[15.419s][info][gc,metaspace   ] GC(4) Metaspace: 58981K(59840K)->58981K(59840K) NonClass: 51495K(51968K)->51495K(51968K) Class: 7486K(7872K)->7486K(7872K)
[15.419s][info][gc             ] GC(4) Pause Young (Allocation Failure) 573M->32M(1979M) 23.839ms
[15.419s][info][gc,cpu         ] GC(4) User=0.02s Sys=0.00s Real=0.02s
[15.587s][info][gc,start       ] GC(5) Pause Young (Allocation Failure)
[15.602s][info][gc,heap        ] GC(5) DefNew: 565232K(629248K)->5830K(629248K) Eden: 559360K(559360K)->0K(559360K) From: 5872K(69888K)->5830K(69888K)
[15.602s][info][gc,heap        ] GC(5) Tenured: 27581K(1398144K)->27581K(1398144K)
[15.602s][info][gc,metaspace   ] GC(5) Metaspace: 59009K(59840K)->59009K(59840K) NonClass: 51523K(51968K)->51523K(51968K) Class: 7486K(7872K)->7486K(7872K)
[15.602s][info][gc             ] GC(5) Pause Young (Allocation Failure) 578M->32M(1979M) 15.550ms
[15.602s][info][gc,cpu         ] GC(5) User=0.02s Sys=0.00s Real=0.02s
[15.769s][info][gc,start       ] GC(6) Pause Young (Allocation Failure)
[15.784s][info][gc,heap        ] GC(6) DefNew: 565190K(629248K)->5831K(629248K) Eden: 559360K(559360K)->0K(559360K) From: 5830K(69888K)->5831K(69888K)
[15.784s][info][gc,heap        ] GC(6) Tenured: 27581K(1398144K)->27581K(1398144K)
[15.784s][info][gc,metaspace   ] GC(6) Metaspace: 59010K(59840K)->59010K(59840K) NonClass: 51524K(51968K)->51524K(51968K) Class: 7486K(7872K)->7486K(7872K)
[15.784s][info][gc             ] GC(6) Pause Young (Allocation Failure) 578M->32M(1979M) 15.286ms
[15.784s][info][gc,cpu         ] GC(6) User=0.02s Sys=0.00s Real=0.02s
[15.999s][info][gc,start       ] GC(7) Pause Young (Allocation Failure)
[16.015s][info][gc,heap        ] GC(7) DefNew: 565191K(629248K)->5149K(629248K) Eden: 559360K(559360K)->0K(559360K) From: 5831K(69888K)->5149K(69888K)
[16.015s][info][gc,heap        ] GC(7) Tenured: 27581K(1398144K)->27581K(1398144K)
[16.015s][info][gc,metaspace   ] GC(7) Metaspace: 59566K(60480K)->59566K(60480K) NonClass: 51969K(52480K)->51969K(52480K) Class: 7596K(8000K)->7596K(8000K)
[16.015s][info][gc             ] GC(7) Pause Young (Allocation Failure) 578M->31M(1979M) 16.513ms
[16.015s][info][gc,cpu         ] GC(7) User=0.02s Sys=0.00s Real=0.01s
[16.229s][info][gc,start       ] GC(8) Pause Young (Allocation Failure)
[16.244s][info][gc,heap        ] GC(8) DefNew: 564509K(629248K)->5128K(629248K) Eden: 559360K(559360K)->0K(559360K) From: 5149K(69888K)->5128K(69888K)
[16.245s][info][gc,heap        ] GC(8) Tenured: 27581K(1398144K)->27581K(1398144K)
[16.245s][info][gc,metaspace   ] GC(8) Metaspace: 59567K(60480K)->59567K(60480K) NonClass: 51970K(52480K)->51970K(52480K) Class: 7596K(8000K)->7596K(8000K)
[16.245s][info][gc             ] GC(8) Pause Young (Allocation Failure) 578M->31M(1979M) 16.080ms
[16.245s][info][gc,cpu         ] GC(8) User=0.02s Sys=0.00s Real=0.02s
[16.457s][info][gc,start       ] GC(9) Pause Young (Allocation Failure)
[16.473s][info][gc,heap        ] GC(9) DefNew: 564488K(629248K)->5144K(629248K) Eden: 559360K(559360K)->0K(559360K) From: 5128K(69888K)->5144K(69888K)
[16.474s][info][gc,heap        ] GC(9) Tenured: 27581K(1398144K)->27581K(1398144K)
[16.474s][info][gc,metaspace   ] GC(9) Metaspace: 59568K(60480K)->59568K(60480K) NonClass: 51971K(52480K)->51971K(52480K) Class: 7596K(8000K)->7596K(8000K)
[16.474s][info][gc             ] GC(9) Pause Young (Allocation Failure) 578M->31M(1979M) 16.717ms
[16.474s][info][gc,cpu         ] GC(9) User=0.02s Sys=0.00s Real=0.01s
[16.694s][info][gc,start       ] GC(10) Pause Young (Allocation Failure)
[16.709s][info][gc,heap        ] GC(10) DefNew: 564504K(629248K)->5128K(629248K) Eden: 559360K(559360K)->0K(559360K) From: 5144K(69888K)->5128K(69888K)
[16.709s][info][gc,heap        ] GC(10) Tenured: 27581K(1398144K)->27581K(1398144K)
[16.710s][info][gc,metaspace   ] GC(10) Metaspace: 59568K(60480K)->59568K(60480K) NonClass: 51971K(52480K)->51971K(52480K) Class: 7596K(8000K)->7596K(8000K)
[16.710s][info][gc             ] GC(10) Pause Young (Allocation Failure) 578M->31M(1979M) 15.089ms
[16.710s][info][gc,cpu         ] GC(10) User=0.02s Sys=0.00s Real=0.02s
[16.927s][info][gc,start       ] GC(11) Pause Young (Allocation Failure)
[16.942s][info][gc,heap        ] GC(11) DefNew: 564488K(629248K)->5133K(629248K) Eden: 559360K(559360K)->0K(559360K) From: 5128K(69888K)->5133K(69888K)
[16.942s][info][gc,heap        ] GC(11) Tenured: 27581K(1398144K)->27581K(1398144K)
[16.942s][info][gc,metaspace   ] GC(11) Metaspace: 59568K(60480K)->59568K(60480K) NonClass: 51971K(52480K)->51971K(52480K) Class: 7596K(8000K)->7596K(8000K)
[16.942s][info][gc             ] GC(11) Pause Young (Allocation Failure) 578M->31M(1979M) 15.339ms
[16.942s][info][gc,cpu         ] GC(11) User=0.03s Sys=0.00s Real=0.01s
[17.178s][info][gc,start       ] GC(12) Pause Young (Allocation Failure)
[17.194s][info][gc,heap        ] GC(12) DefNew: 564493K(629248K)->5133K(629248K) Eden: 559360K(559360K)->0K(559360K) From: 5133K(69888K)->5133K(69888K)
[17.194s][info][gc,heap        ] GC(12) Tenured: 27581K(1398144K)->27581K(1398144K)
[17.194s][info][gc,metaspace   ] GC(12) Metaspace: 59568K(60480K)->59568K(60480K) NonClass: 51971K(52480K)->51971K(52480K) Class: 7596K(8000K)->7596K(8000K)
[17.194s][info][gc             ] GC(12) Pause Young (Allocation Failure) 578M->31M(1979M) 15.393ms
[17.194s][info][gc,cpu         ] GC(12) User=0.02s Sys=0.00s Real=0.01s
[18.105s][info][gc,start       ] GC(13) Pause Young (Allocation Failure)
[18.241s][info][gc,heap        ] GC(13) DefNew: 564493K(629248K)->47008K(629248K) Eden: 559360K(559360K)->0K(559360K) From: 5133K(69888K)->47008K(69888K)
[18.241s][info][gc,heap        ] GC(13) Tenured: 27581K(1398144K)->27581K(1398144K)
[18.241s][info][gc,metaspace   ] GC(13) Metaspace: 61288K(62272K)->61288K(62272K) NonClass: 53399K(53952K)->53399K(53952K) Class: 7889K(8320K)->7889K(8320K)
[18.241s][info][gc             ] GC(13) Pause Young (Allocation Failure) 578M->72M(1979M) 136.069ms
[18.241s][info][gc,cpu         ] GC(13) User=0.14s Sys=0.00s Real=0.14s
[18.926s][info][gc,start       ] GC(14) Pause Young (Allocation Failure)
[19.253s][info][gc,heap        ] GC(14) DefNew: 606368K(629248K)->69888K(629248K) Eden: 559360K(559360K)->0K(559360K) From: 47008K(69888K)->69888K(69888K)
[19.253s][info][gc,heap        ] GC(14) Tenured: 27581K(1398144K)->91326K(1398144K)
[19.253s][info][gc,metaspace   ] GC(14) Metaspace: 61803K(62848K)->61803K(62848K) NonClass: 53825K(54400K)->53825K(54400K) Class: 7978K(8448K)->7978K(8448K)
[19.253s][info][gc             ] GC(14) Pause Young (Allocation Failure) 619M->157M(1979M) 327.596ms
[19.254s][info][gc,cpu         ] GC(14) User=0.39s Sys=0.00s Real=0.32s
[19.670s][info][gc,start       ] GC(15) Pause Young (Allocation Failure)
[19.995s][info][gc,heap        ] GC(15) DefNew: 629248K(629248K)->69888K(629248K) Eden: 559360K(559360K)->0K(559360K) From: 69888K(69888K)->69888K(69888K)
[19.995s][info][gc,heap        ] GC(15) Tenured: 91326K(1398144K)->201032K(1398144K)
[19.995s][info][gc,metaspace   ] GC(15) Metaspace: 62013K(63040K)->62013K(63040K) NonClass: 54014K(54592K)->54014K(54592K) Class: 7998K(8448K)->7998K(8448K)
[19.995s][info][gc             ] GC(15) Pause Young (Allocation Failure) 703M->264M(1979M) 325.217ms
[19.995s][info][gc,cpu         ] GC(15) User=0.33s Sys=0.00s Real=0.34s
[20.269s][info][gc,start       ] GC(16) Pause Young (Allocation Failure)
[20.579s][info][gc,heap        ] GC(16) DefNew: 629248K(629248K)->52991K(629248K) Eden: 559360K(559360K)->0K(559360K) From: 69888K(69888K)->52991K(69888K)
[20.579s][info][gc,heap        ] GC(16) Tenured: 201032K(1398144K)->256977K(1398144K)
[20.579s][info][gc,metaspace   ] GC(16) Metaspace: 62014K(63040K)->62014K(63040K) NonClass: 54015K(54592K)->54015K(54592K) Class: 7998K(8448K)->7998K(8448K)
[20.579s][info][gc             ] GC(16) Pause Young (Allocation Failure) 810M->302M(1979M) 310.294ms
[20.579s][info][gc,cpu         ] GC(16) User=0.31s Sys=0.00s Real=0.30s
[20.868s][info][gc,start       ] GC(17) Pause Young (Allocation Failure)
[21.117s][info][gc,heap        ] GC(17) DefNew: 612351K(629248K)->31449K(629248K) Eden: 559360K(559360K)->0K(559360K) From: 52991K(69888K)->31449K(69888K)
[21.117s][info][gc,heap        ] GC(17) Tenured: 256977K(1398144K)->302223K(1398144K)
[21.117s][info][gc,metaspace   ] GC(17) Metaspace: 62015K(63040K)->62015K(63040K) NonClass: 54016K(54592K)->54016K(54592K) Class: 7998K(8448K)->7998K(8448K)
[21.117s][info][gc             ] GC(17) Pause Young (Allocation Failure) 848M->325M(1979M) 248.733ms
[21.117s][info][gc,cpu         ] GC(17) User=0.23s Sys=0.00s Real=0.24s
[22.557s][info][gc,start       ] GC(18) Pause Young (Allocation Failure)
[22.908s][info][gc,heap        ] GC(18) DefNew: 590809K(629248K)->69888K(629248K) Eden: 559360K(559360K)->0K(559360K) From: 31449K(69888K)->69888K(69888K)
[22.908s][info][gc,heap        ] GC(18) Tenured: 302223K(1398144K)->347789K(1398144K)
[22.908s][info][gc,metaspace   ] GC(18) Metaspace: 62335K(63296K)->62335K(63296K) NonClass: 54311K(54848K)->54311K(54848K) Class: 8023K(8448K)->8023K(8448K)
[22.908s][info][gc             ] GC(18) Pause Young (Allocation Failure) 872M->407M(1979M) 350.724ms
[22.908s][info][gc,cpu         ] GC(18) User=0.34s Sys=0.00s Real=0.35s
[23.242s][info][gc,start       ] GC(19) Pause Young (Allocation Failure)
[23.642s][info][gc,heap        ] GC(19) DefNew: 629248K(629248K)->69887K(629248K) Eden: 559360K(559360K)->0K(559360K) From: 69888K(69888K)->69887K(69888K)
[23.642s][info][gc,heap        ] GC(19) Tenured: 347789K(1398144K)->430912K(1398144K)
[23.642s][info][gc,metaspace   ] GC(19) Metaspace: 62347K(63360K)->62347K(63360K) NonClass: 54323K(54912K)->54323K(54912K) Class: 8023K(8448K)->8023K(8448K)
[23.642s][info][gc             ] GC(19) Pause Young (Allocation Failure) 954M->489M(1979M) 399.442ms
[23.642s][info][gc,cpu         ] GC(19) User=0.41s Sys=0.00s Real=0.40s
[23.944s][info][gc,start       ] GC(20) Pause Young (Allocation Failure)
[24.282s][info][gc,heap        ] GC(20) DefNew: 629247K(629248K)->55333K(629248K) Eden: 559360K(559360K)->0K(559360K) From: 69887K(69888K)->55333K(69888K)
[24.282s][info][gc,heap        ] GC(20) Tenured: 430912K(1398144K)->485538K(1398144K)
[24.282s][info][gc,metaspace   ] GC(20) Metaspace: 62347K(63360K)->62347K(63360K) NonClass: 54323K(54912K)->54323K(54912K) Class: 8023K(8448K)->8023K(8448K)
[24.282s][info][gc             ] GC(20) Pause Young (Allocation Failure) 1035M->528M(1979M) 338.338ms
[24.282s][info][gc,cpu         ] GC(20) User=0.33s Sys=0.02s Real=0.34s
[25.203s][info][gc,start       ] GC(21) Pause Young (Allocation Failure)
[25.571s][info][gc,heap        ] GC(21) DefNew: 614693K(629248K)->52660K(629248K) Eden: 559360K(559360K)->0K(559360K) From: 55333K(69888K)->52660K(69888K)
[25.571s][info][gc,heap        ] GC(21) Tenured: 485538K(1398144K)->533787K(1398144K)
[25.571s][info][gc,metaspace   ] GC(21) Metaspace: 62768K(63744K)->62768K(63744K) NonClass: 54685K(55232K)->54685K(55232K) Class: 8082K(8512K)->8082K(8512K)
[25.571s][info][gc             ] GC(21) Pause Young (Allocation Failure) 1074M->572M(1979M) 368.347ms
[25.571s][info][gc,cpu         ] GC(21) User=0.31s Sys=0.05s Real=0.36s
[26.243s][info][gc,start       ] GC(22) Pause Young (Allocation Failure)
[26.432s][info][gc,heap        ] GC(22) DefNew: 612020K(629248K)->31464K(629248K) Eden: 559360K(559360K)->0K(559360K) From: 52660K(69888K)->31464K(69888K)
[26.432s][info][gc,heap        ] GC(22) Tenured: 533787K(1398144K)->557713K(1398144K)
[26.432s][info][gc,metaspace   ] GC(22) Metaspace: 63402K(64576K)->63402K(64576K) NonClass: 55205K(55872K)->55205K(55872K) Class: 8197K(8704K)->8197K(8704K)
[26.432s][info][gc             ] GC(22) Pause Young (Allocation Failure) 1118M->575M(1979M) 189.399ms
[26.432s][info][gc,cpu         ] GC(22) User=0.25s Sys=0.02s Real=0.19s
[27.237s][info][gc,start       ] GC(23) Pause Young (Allocation Failure)
[27.362s][info][gc,heap        ] GC(23) DefNew: 590824K(629248K)->50039K(629248K) Eden: 559360K(559360K)->0K(559360K) From: 31464K(69888K)->50039K(69888K)
[27.362s][info][gc,heap        ] GC(23) Tenured: 557713K(1398144K)->557713K(1398144K)
[27.362s][info][gc,metaspace   ] GC(23) Metaspace: 63514K(64704K)->63514K(64704K) NonClass: 55309K(56000K)->55309K(56000K) Class: 8204K(8704K)->8204K(8704K)
[27.362s][info][gc             ] GC(23) Pause Young (Allocation Failure) 1121M->593M(1979M) 124.888ms
[27.362s][info][gc,cpu         ] GC(23) User=0.13s Sys=0.00s Real=0.13s
[28.225s][info][gc,start       ] GC(24) Pause Young (Allocation Failure)
[28.317s][info][gc,heap        ] GC(24) DefNew: 609399K(629248K)->69609K(629248K) Eden: 559360K(559360K)->0K(559360K) From: 50039K(69888K)->69609K(69888K)
[28.317s][info][gc,heap        ] GC(24) Tenured: 557713K(1398144K)->579951K(1398144K)
[28.317s][info][gc,metaspace   ] GC(24) Metaspace: 65177K(66368K)->65177K(66368K) NonClass: 56733K(57408K)->56733K(57408K) Class: 8443K(8960K)->8443K(8960K)
[28.317s][info][gc             ] GC(24) Pause Young (Allocation Failure) 1139M->634M(1979M) 91.564ms
[28.317s][info][gc,cpu         ] GC(24) User=0.09s Sys=0.02s Real=0.09s
[28.634s][info][gc,start       ] GC(25) Pause Young (Allocation Failure)
[28.759s][info][gc,heap        ] GC(25) DefNew: 628969K(629248K)->47246K(629248K) Eden: 559360K(559360K)->0K(559360K) From: 69609K(69888K)->47246K(69888K)
[28.759s][info][gc,heap        ] GC(25) Tenured: 579951K(1398144K)->598719K(1398144K)
[28.759s][info][gc,metaspace   ] GC(25) Metaspace: 65248K(66432K)->65248K(66432K) NonClass: 56798K(57472K)->56798K(57472K) Class: 8450K(8960K)->8450K(8960K)
[28.759s][info][gc             ] GC(25) Pause Young (Allocation Failure) 1180M->630M(1979M) 125.036ms
[28.759s][info][gc,cpu         ] GC(25) User=0.13s Sys=0.00s Real=0.13s
[28.931s][info][gc,start       ] GC(26) Pause Full (System.gc())
[28.932s][info][gc,phases,start] GC(26) Phase 1: Mark live objects
[29.049s][info][gc,phases      ] GC(26) Phase 1: Mark live objects 117.465ms
[29.049s][info][gc,phases,start] GC(26) Phase 2: Compute new object addresses
[29.281s][info][gc,phases      ] GC(26) Phase 2: Compute new object addresses 231.396ms
[29.281s][info][gc,phases,start] GC(26) Phase 3: Adjust pointers
[29.354s][info][gc,phases      ] GC(26) Phase 3: Adjust pointers 73.667ms
[29.354s][info][gc,phases,start] GC(26) Phase 4: Move objects
[29.404s][info][gc,phases      ] GC(26) Phase 4: Move objects 49.913ms
[29.406s][info][gc,heap        ] GC(26) DefNew: 267947K(629248K)->0K(629248K) Eden: 220700K(559360K)->0K(559360K) From: 47246K(69888K)->0K(69888K)
[29.406s][info][gc,heap        ] GC(26) Tenured: 598719K(1398144K)->148555K(1398144K)
[29.406s][info][gc,metaspace   ] GC(26) Metaspace: 65359K(66624K)->64961K(66624K) NonClass: 56893K(57600K)->56608K(57600K) Class: 8466K(9024K)->8353K(9024K)
[29.406s][info][gc             ] GC(26) Pause Full (System.gc()) 846M->145M(1979M) 475.062ms
[29.407s][info][gc,cpu         ] GC(26) User=0.47s Sys=0.00s Real=0.47s
[29.723s][info][gc,start       ] GC(27) Pause Young (Allocation Failure)
[29.933s][info][gc,heap        ] GC(27) DefNew: 559360K(629248K)->69888K(629248K) Eden: 559360K(559360K)->0K(559360K) From: 0K(69888K)->69888K(69888K)
[29.933s][info][gc,heap        ] GC(27) Tenured: 148555K(1398144K)->194992K(1398144K)
[29.933s][info][gc,metaspace   ] GC(27) Metaspace: 65035K(66624K)->65035K(66624K) NonClass: 56666K(57600K)->56666K(57600K) Class: 8368K(9024K)->8368K(9024K)
[29.933s][info][gc             ] GC(27) Pause Young (Allocation Failure) 691M->258M(1979M) 210.269ms
[29.933s][info][gc,cpu         ] GC(27) User=0.22s Sys=0.00s Real=0.22s
[30.222s][info][gc,start       ] GC(28) Pause Young (Allocation Failure)
[30.530s][info][gc,heap        ] GC(28) DefNew: 629248K(629248K)->57447K(629248K) Eden: 559360K(559360K)->0K(559360K) From: 69888K(69888K)->57447K(69888K)
[30.530s][info][gc,heap        ] GC(28) Tenured: 194992K(1398144K)->250764K(1398144K)
[30.530s][info][gc,metaspace   ] GC(28) Metaspace: 65035K(66624K)->65035K(66624K) NonClass: 56666K(57600K)->56666K(57600K) Class: 8368K(9024K)->8368K(9024K)
[30.530s][info][gc             ] GC(28) Pause Young (Allocation Failure) 804M->300M(1979M) 308.615ms
[30.530s][info][gc,cpu         ] GC(28) User=0.33s Sys=0.00s Real=0.31s
[30.820s][info][gc,start       ] GC(29) Pause Young (Allocation Failure)
[31.087s][info][gc,heap        ] GC(29) DefNew: 616807K(629248K)->34528K(629248K) Eden: 559360K(559360K)->0K(559360K) From: 57447K(69888K)->34528K(69888K)
[31.087s][info][gc,heap        ] GC(29) Tenured: 250764K(1398144K)->299696K(1398144K)
[31.087s][info][gc,metaspace   ] GC(29) Metaspace: 65035K(66624K)->65035K(66624K) NonClass: 56666K(57600K)->56666K(57600K) Class: 8368K(9024K)->8368K(9024K)
[31.087s][info][gc             ] GC(29) Pause Young (Allocation Failure) 847M->326M(1979M) 266.643ms
[31.087s][info][gc,cpu         ] GC(29) User=0.27s Sys=0.00s Real=0.27s
[32.067s][info][gc,start       ] GC(30) Pause Young (Allocation Failure)
[32.461s][info][gc,heap        ] GC(30) DefNew: 593888K(629248K)->69888K(629248K) Eden: 559360K(559360K)->0K(559360K) From: 34528K(69888K)->69888K(69888K)
[32.461s][info][gc,heap        ] GC(30) Tenured: 299696K(1398144K)->372069K(1398144K)
[32.461s][info][gc,metaspace   ] GC(30) Metaspace: 65060K(66624K)->65060K(66624K) NonClass: 56691K(57600K)->56691K(57600K) Class: 8369K(9024K)->8369K(9024K)
[32.461s][info][gc             ] GC(30) Pause Young (Allocation Failure) 872M->431M(1979M) 393.789ms
[32.461s][info][gc,cpu         ] GC(30) User=0.48s Sys=0.00s Real=0.40s
[32.724s][info][gc,start       ] GC(31) Pause Young (Allocation Failure)
[33.088s][info][gc,heap        ] GC(31) DefNew: 629248K(629248K)->62587K(629248K) Eden: 559360K(559360K)->0K(559360K) From: 69888K(69888K)->62587K(69888K)
[33.088s][info][gc,heap        ] GC(31) Tenured: 372069K(1398144K)->433901K(1398144K)
[33.088s][info][gc,metaspace   ] GC(31) Metaspace: 65065K(66624K)->65065K(66624K) NonClass: 56696K(57600K)->56696K(57600K) Class: 8369K(9024K)->8369K(9024K)
[33.088s][info][gc             ] GC(31) Pause Young (Allocation Failure) 977M->484M(1979M) 363.851ms
[33.088s][info][gc,cpu         ] GC(31) User=0.36s Sys=0.00s Real=0.36s
[33.374s][info][gc,start       ] GC(32) Pause Young (Allocation Failure)
[33.681s][info][gc,heap        ] GC(32) DefNew: 621947K(629248K)->54276K(629248K) Eden: 559360K(559360K)->0K(559360K) From: 62587K(69888K)->54276K(69888K)
[33.681s][info][gc,heap        ] GC(32) Tenured: 433901K(1398144K)->480653K(1398144K)
[33.681s][info][gc,metaspace   ] GC(32) Metaspace: 65065K(66624K)->65065K(66624K) NonClass: 56696K(57600K)->56696K(57600K) Class: 8369K(9024K)->8369K(9024K)
[33.681s][info][gc             ] GC(32) Pause Young (Allocation Failure) 1031M->522M(1979M) 307.442ms
[33.681s][info][gc,cpu         ] GC(32) User=0.31s Sys=0.00s Real=0.31s
[34.730s][info][gc,start       ] GC(33) Pause Young (Allocation Failure)
[35.098s][info][gc,heap        ] GC(33) DefNew: 613636K(629248K)->52697K(629248K) Eden: 559360K(559360K)->0K(559360K) From: 54276K(69888K)->52697K(69888K)
[35.098s][info][gc,heap        ] GC(33) Tenured: 480653K(1398144K)->528454K(1398144K)
[35.098s][info][gc,metaspace   ] GC(33) Metaspace: 65099K(66688K)->65099K(66688K) NonClass: 56729K(57664K)->56729K(57664K) Class: 8369K(9024K)->8369K(9024K)
[35.098s][info][gc             ] GC(33) Pause Young (Allocation Failure) 1068M->567M(1979M) 367.840ms
[35.098s][info][gc,cpu         ] GC(33) User=0.36s Sys=0.00s Real=0.36s
[35.743s][info][gc,start       ] GC(34) Pause Young (Allocation Failure)
[35.931s][info][gc,heap        ] GC(34) DefNew: 612057K(629248K)->33846K(629248K) Eden: 559360K(559360K)->0K(559360K) From: 52697K(69888K)->33846K(69888K)
[35.931s][info][gc,heap        ] GC(34) Tenured: 528454K(1398144K)->549101K(1398144K)
[35.931s][info][gc,metaspace   ] GC(34) Metaspace: 65195K(66688K)->65195K(66688K) NonClass: 56824K(57664K)->56824K(57664K) Class: 8370K(9024K)->8370K(9024K)
[35.931s][info][gc             ] GC(34) Pause Young (Allocation Failure) 1113M->569M(1979M) 187.561ms
[35.931s][info][gc,cpu         ] GC(34) User=0.31s Sys=0.02s Real=0.19s
[36.406s][info][gc,start       ] GC(35) Pause Young (Allocation Failure)
[36.560s][info][gc,heap        ] GC(35) DefNew: 593206K(629248K)->63604K(629248K) Eden: 559360K(559360K)->0K(559360K) From: 33846K(69888K)->63604K(69888K)
[36.560s][info][gc,heap        ] GC(35) Tenured: 549101K(1398144K)->549101K(1398144K)
[36.560s][info][gc,metaspace   ] GC(35) Metaspace: 65230K(66688K)->65230K(66688K) NonClass: 56859K(57664K)->56859K(57664K) Class: 8371K(9024K)->8371K(9024K)
[36.561s][info][gc             ] GC(35) Pause Young (Allocation Failure) 1115M->598M(1979M) 154.483ms
[36.561s][info][gc,cpu         ] GC(35) User=0.16s Sys=0.00s Real=0.16s
[37.090s][info][gc,start       ] GC(36) Pause Young (Allocation Failure)
[37.178s][info][gc,heap        ] GC(36) DefNew: 622964K(629248K)->50086K(629248K) Eden: 559360K(559360K)->0K(559360K) From: 63604K(69888K)->50086K(69888K)
[37.178s][info][gc,heap        ] GC(36) Tenured: 549101K(1398144K)->549238K(1398144K)
[37.178s][info][gc,metaspace   ] GC(36) Metaspace: 65302K(66752K)->65302K(66752K) NonClass: 56929K(57728K)->56929K(57728K) Class: 8372K(9024K)->8372K(9024K)
[37.178s][info][gc             ] GC(36) Pause Young (Allocation Failure) 1144M->585M(1979M) 87.744ms
[37.178s][info][gc,cpu         ] GC(36) User=0.09s Sys=0.00s Real=0.09s
[37.550s][info][gc,start       ] GC(37) Pause Young (Allocation Failure)
[37.689s][info][gc,heap        ] GC(37) DefNew: 609446K(629248K)->69887K(629248K) Eden: 559360K(559360K)->0K(559360K) From: 50086K(69888K)->69887K(69888K)
[37.689s][info][gc,heap        ] GC(37) Tenured: 549238K(1398144K)->584631K(1398144K)
[37.689s][info][gc,metaspace   ] GC(37) Metaspace: 65311K(66752K)->65311K(66752K) NonClass: 56938K(57728K)->56938K(57728K) Class: 8372K(9024K)->8372K(9024K)
[37.689s][info][gc             ] GC(37) Pause Young (Allocation Failure) 1131M->639M(1979M) 138.822ms
[37.689s][info][gc,cpu         ] GC(37) User=0.14s Sys=0.00s Real=0.14s
[37.775s][info][gc,start       ] GC(38) Pause Full (System.gc())
[37.775s][info][gc,phases,start] GC(38) Phase 1: Mark live objects
[37.896s][info][gc,phases      ] GC(38) Phase 1: Mark live objects 120.417ms
[37.896s][info][gc,phases,start] GC(38) Phase 2: Compute new object addresses
[38.108s][info][gc,phases      ] GC(38) Phase 2: Compute new object addresses 212.447ms
[38.108s][info][gc,phases,start] GC(38) Phase 3: Adjust pointers
[38.177s][info][gc,phases      ] GC(38) Phase 3: Adjust pointers 69.292ms
[38.178s][info][gc,phases,start] GC(38) Phase 4: Move objects
[38.178s][info][gc,phases      ] GC(38) Phase 4: Move objects 0.078ms
[38.179s][info][gc,heap        ] GC(38) DefNew: 183374K(629248K)->0K(629248K) Eden: 113486K(559360K)->0K(559360K) From: 69887K(69888K)->0K(69888K)
[38.179s][info][gc,heap        ] GC(38) Tenured: 584631K(1398144K)->203714K(1398144K)
[38.179s][info][gc,metaspace   ] GC(38) Metaspace: 65311K(66752K)->65307K(66752K) NonClass: 56938K(57728K)->56935K(57728K) Class: 8372K(9024K)->8372K(9024K)
[38.179s][info][gc             ] GC(38) Pause Full (System.gc()) 750M->198M(1979M) 404.062ms
[38.179s][info][gc,cpu         ] GC(38) User=0.39s Sys=0.00s Real=0.40s
[38.491s][info][gc,start       ] GC(39) Pause Young (Allocation Failure)
[38.700s][info][gc,heap        ] GC(39) DefNew: 559360K(629248K)->69888K(629248K) Eden: 559360K(559360K)->0K(559360K) From: 0K(69888K)->69888K(69888K)
[38.700s][info][gc,heap        ] GC(39) Tenured: 203714K(1398144K)->249081K(1398144K)
[38.700s][info][gc,metaspace   ] GC(39) Metaspace: 65411K(66752K)->65411K(66752K) NonClass: 57038K(57728K)->57038K(57728K) Class: 8372K(9024K)->8372K(9024K)
[38.700s][info][gc             ] GC(39) Pause Young (Allocation Failure) 745M->311M(1979M) 209.428ms
[38.700s][info][gc,cpu         ] GC(39) User=0.20s Sys=0.00s Real=0.20s
[38.988s][info][gc,start       ] GC(40) Pause Young (Allocation Failure)
[39.300s][info][gc,heap        ] GC(40) DefNew: 629248K(629248K)->57597K(629248K) Eden: 559360K(559360K)->0K(559360K) From: 69888K(69888K)->57597K(69888K)
[39.300s][info][gc,heap        ] GC(40) Tenured: 249081K(1398144K)->305877K(1398144K)
[39.300s][info][gc,metaspace   ] GC(40) Metaspace: 65413K(66752K)->65413K(66752K) NonClass: 57040K(57728K)->57040K(57728K) Class: 8372K(9024K)->8372K(9024K)
[39.300s][info][gc             ] GC(40) Pause Young (Allocation Failure) 857M->354M(1979M) 312.117ms
[39.300s][info][gc,cpu         ] GC(40) User=0.31s Sys=0.00s Real=0.31s
[39.589s][info][gc,start       ] GC(41) Pause Young (Allocation Failure)
[39.855s][info][gc,heap        ] GC(41) DefNew: 616957K(629248K)->34464K(629248K) Eden: 559360K(559360K)->0K(559360K) From: 57597K(69888K)->34464K(69888K)
[39.855s][info][gc,heap        ] GC(41) Tenured: 305877K(1398144K)->354954K(1398144K)
[39.855s][info][gc,metaspace   ] GC(41) Metaspace: 65419K(66752K)->65419K(66752K) NonClass: 57047K(57728K)->57047K(57728K) Class: 8372K(9024K)->8372K(9024K)
[39.855s][info][gc             ] GC(41) Pause Young (Allocation Failure) 901M->380M(1979M) 266.128ms
[39.855s][info][gc,cpu         ] GC(41) User=0.27s Sys=0.00s Real=0.27s
[40.692s][info][gc,start       ] GC(42) Pause Young (Allocation Failure)
[41.075s][info][gc,heap        ] GC(42) DefNew: 593824K(629248K)->69888K(629248K) Eden: 559360K(559360K)->0K(559360K) From: 34464K(69888K)->69888K(69888K)
[41.075s][info][gc,heap        ] GC(42) Tenured: 354954K(1398144K)->427278K(1398144K)
[41.075s][info][gc,metaspace   ] GC(42) Metaspace: 65480K(66816K)->65480K(66816K) NonClass: 57106K(57792K)->57106K(57792K) Class: 8373K(9024K)->8373K(9024K)
[41.075s][info][gc             ] GC(42) Pause Young (Allocation Failure) 926M->485M(1979M) 383.029ms
[41.075s][info][gc,cpu         ] GC(42) User=0.39s Sys=0.00s Real=0.39s
[41.334s][info][gc,start       ] GC(43) Pause Young (Allocation Failure)
[41.717s][info][gc,heap        ] GC(43) DefNew: 629248K(629248K)->62577K(629248K) Eden: 559360K(559360K)->0K(559360K) From: 69888K(69888K)->62577K(69888K)
[41.717s][info][gc,heap        ] GC(43) Tenured: 427278K(1398144K)->497164K(1398144K)
[41.717s][info][gc,metaspace   ] GC(43) Metaspace: 65486K(66816K)->65486K(66816K) NonClass: 57112K(57792K)->57112K(57792K) Class: 8373K(9024K)->8373K(9024K)
[41.717s][info][gc             ] GC(43) Pause Young (Allocation Failure) 1031M->546M(1979M) 382.514ms
[41.717s][info][gc,cpu         ] GC(43) User=0.39s Sys=0.00s Real=0.38s
[42.006s][info][gc,start       ] GC(44) Pause Young (Allocation Failure)
[42.320s][info][gc,heap        ] GC(44) DefNew: 621937K(629248K)->54402K(629248K) Eden: 559360K(559360K)->0K(559360K) From: 62577K(69888K)->54402K(69888K)
[42.320s][info][gc,heap        ] GC(44) Tenured: 497164K(1398144K)->543889K(1398144K)
[42.320s][info][gc,metaspace   ] GC(44) Metaspace: 65486K(66816K)->65486K(66816K) NonClass: 57112K(57792K)->57112K(57792K) Class: 8373K(9024K)->8373K(9024K)
[42.320s][info][gc             ] GC(44) Pause Young (Allocation Failure) 1092M->584M(1979M) 313.982ms
[42.320s][info][gc,cpu         ] GC(44) User=0.30s Sys=0.00s Real=0.30s
[43.256s][info][gc,start       ] GC(45) Pause Young (Allocation Failure)
[43.623s][info][gc,heap        ] GC(45) DefNew: 613762K(629248K)->52497K(629248K) Eden: 559360K(559360K)->0K(559360K) From: 54402K(69888K)->52497K(69888K)
[43.623s][info][gc,heap        ] GC(45) Tenured: 543889K(1398144K)->591846K(1398144K)
[43.623s][info][gc,metaspace   ] GC(45) Metaspace: 65540K(66816K)->65540K(66816K) NonClass: 57166K(57792K)->57166K(57792K) Class: 8373K(9024K)->8373K(9024K)
[43.623s][info][gc             ] GC(45) Pause Young (Allocation Failure) 1130M->629M(1979M) 366.644ms
[43.623s][info][gc,cpu         ] GC(45) User=0.36s Sys=0.00s Real=0.36s
[44.219s][info][gc,start       ] GC(46) Pause Young (Allocation Failure)
[44.410s][info][gc,heap        ] GC(46) DefNew: 611857K(629248K)->33844K(629248K) Eden: 559360K(559360K)->0K(559360K) From: 52497K(69888K)->33844K(69888K)
[44.410s][info][gc,heap        ] GC(46) Tenured: 591846K(1398144K)->612275K(1398144K)
[44.410s][info][gc,metaspace   ] GC(46) Metaspace: 65611K(66944K)->65611K(66944K) NonClass: 57237K(57920K)->57237K(57920K) Class: 8373K(9024K)->8373K(9024K)
[44.410s][info][gc             ] GC(46) Pause Young (Allocation Failure) 1175M->630M(1979M) 191.103ms
[44.410s][info][gc,cpu         ] GC(46) User=0.19s Sys=0.00s Real=0.19s
[44.875s][info][gc,start       ] GC(47) Pause Young (Allocation Failure)
[45.032s][info][gc,heap        ] GC(47) DefNew: 593204K(629248K)->64856K(629248K) Eden: 559360K(559360K)->0K(559360K) From: 33844K(69888K)->64856K(69888K)
[45.032s][info][gc,heap        ] GC(47) Tenured: 612275K(1398144K)->612275K(1398144K)
[45.032s][info][gc,metaspace   ] GC(47) Metaspace: 65696K(67008K)->65696K(67008K) NonClass: 57320K(57984K)->57320K(57984K) Class: 8375K(9024K)->8375K(9024K)
[45.032s][info][gc             ] GC(47) Pause Young (Allocation Failure) 1177M->661M(1979M) 157.303ms
[45.032s][info][gc,cpu         ] GC(47) User=0.16s Sys=0.00s Real=0.16s
[45.478s][info][gc,start       ] GC(48) Pause Young (Allocation Failure)
[45.591s][info][gc,heap        ] GC(48) DefNew: 624216K(629248K)->69888K(629248K) Eden: 559360K(559360K)->0K(559360K) From: 64856K(69888K)->69888K(69888K)
[45.592s][info][gc,heap        ] GC(48) Tenured: 612275K(1398144K)->633900K(1398144K)
[45.592s][info][gc,metaspace   ] GC(48) Metaspace: 65712K(67008K)->65712K(67008K) NonClass: 57336K(57984K)->57336K(57984K) Class: 8375K(9024K)->8375K(9024K)
[45.592s][info][gc             ] GC(48) Pause Young (Allocation Failure) 1207M->687M(1979M) 113.947ms
[45.592s][info][gc,cpu         ] GC(48) User=0.09s Sys=0.02s Real=0.11s
[45.860s][info][gc,start       ] GC(49) Pause Young (Allocation Failure)
[46.004s][info][gc,heap        ] GC(49) DefNew: 629248K(629248K)->69888K(629248K) Eden: 559360K(559360K)->0K(559360K) From: 69888K(69888K)->69888K(69888K)
[46.004s][info][gc,heap        ] GC(49) Tenured: 633900K(1398144K)->665289K(1398144K)
[46.004s][info][gc,metaspace   ] GC(49) Metaspace: 65720K(67008K)->65720K(67008K) NonClass: 57344K(57984K)->57344K(57984K) Class: 8375K(9024K)->8375K(9024K)
[46.004s][info][gc             ] GC(49) Pause Young (Allocation Failure) 1233M->717M(1979M) 143.913ms
[46.004s][info][gc,cpu         ] GC(49) User=0.16s Sys=0.00s Real=0.16s
[46.104s][info][gc,start       ] GC(50) Pause Full (System.gc())
[46.104s][info][gc,phases,start] GC(50) Phase 1: Mark live objects
[46.211s][info][gc,phases      ] GC(50) Phase 1: Mark live objects 106.984ms
[46.211s][info][gc,phases,start] GC(50) Phase 2: Compute new object addresses
[46.429s][info][gc,phases      ] GC(50) Phase 2: Compute new object addresses 218.110ms
[46.429s][info][gc,phases,start] GC(50) Phase 3: Adjust pointers
[46.499s][info][gc,phases      ] GC(50) Phase 3: Adjust pointers 69.677ms
[46.499s][info][gc,phases,start] GC(50) Phase 4: Move objects
[46.499s][info][gc,phases      ] GC(50) Phase 4: Move objects 0.094ms
[46.500s][info][gc,heap        ] GC(50) DefNew: 204610K(629248K)->0K(629248K) Eden: 134722K(559360K)->0K(559360K) From: 69888K(69888K)->0K(69888K)
[46.500s][info][gc,heap        ] GC(50) Tenured: 665289K(1398144K)->203951K(1398144K)
[46.500s][info][gc,metaspace   ] GC(50) Metaspace: 65720K(67008K)->65720K(67008K) NonClass: 57344K(57984K)->57344K(57984K) Class: 8375K(9024K)->8375K(9024K)
[46.500s][info][gc             ] GC(50) Pause Full (System.gc()) 849M->199M(1979M) 396.512ms
[46.500s][info][gc,cpu         ] GC(50) User=0.39s Sys=0.00s Real=0.40s
[46.812s][info][gc,start       ] GC(51) Pause Young (Allocation Failure)
[47.042s][info][gc,heap        ] GC(51) DefNew: 559360K(629248K)->69887K(629248K) Eden: 559360K(559360K)->0K(559360K) From: 0K(69888K)->69887K(69888K)
[47.042s][info][gc,heap        ] GC(51) Tenured: 203951K(1398144K)->249745K(1398144K)
[47.042s][info][gc,metaspace   ] GC(51) Metaspace: 65766K(67008K)->65766K(67008K) NonClass: 57389K(57984K)->57389K(57984K) Class: 8377K(9024K)->8377K(9024K)
[47.042s][info][gc             ] GC(51) Pause Young (Allocation Failure) 745M->312M(1979M) 230.021ms
[47.043s][info][gc,cpu         ] GC(51) User=0.23s Sys=0.00s Real=0.23s
[47.332s][info][gc,start       ] GC(52) Pause Young (Allocation Failure)
[47.650s][info][gc,heap        ] GC(52) DefNew: 629247K(629248K)->57575K(629248K) Eden: 559360K(559360K)->0K(559360K) From: 69887K(69888K)->57575K(69888K)
[47.650s][info][gc,heap        ] GC(52) Tenured: 249745K(1398144K)->306459K(1398144K)
[47.650s][info][gc,metaspace   ] GC(52) Metaspace: 65771K(67008K)->65771K(67008K) NonClass: 57394K(57984K)->57394K(57984K) Class: 8377K(9024K)->8377K(9024K)
[47.650s][info][gc             ] GC(52) Pause Young (Allocation Failure) 858M->355M(1979M) 318.294ms
[47.650s][info][gc,cpu         ] GC(52) User=0.31s Sys=0.00s Real=0.32s
[47.942s][info][gc,start       ] GC(53) Pause Young (Allocation Failure)
[48.207s][info][gc,heap        ] GC(53) DefNew: 616935K(629248K)->34475K(629248K) Eden: 559360K(559360K)->0K(559360K) From: 57575K(69888K)->34475K(69888K)
[48.207s][info][gc,heap        ] GC(53) Tenured: 306459K(1398144K)->355481K(1398144K)
[48.207s][info][gc,metaspace   ] GC(53) Metaspace: 65793K(67072K)->65793K(67072K) NonClass: 57415K(58048K)->57415K(58048K) Class: 8377K(9024K)->8377K(9024K)
[48.207s][info][gc             ] GC(53) Pause Young (Allocation Failure) 901M->380M(1979M) 265.819ms
[48.207s][info][gc,cpu         ] GC(53) User=0.27s Sys=0.00s Real=0.27s
[49.046s][info][gc,start       ] GC(54) Pause Young (Allocation Failure)
[49.428s][info][gc,heap        ] GC(54) DefNew: 593835K(629248K)->69887K(629248K) Eden: 559360K(559360K)->0K(559360K) From: 34475K(69888K)->69887K(69888K)
[49.428s][info][gc,heap        ] GC(54) Tenured: 355481K(1398144K)->429041K(1398144K)
[49.428s][info][gc,metaspace   ] GC(54) Metaspace: 65872K(67136K)->65872K(67136K) NonClass: 57495K(58112K)->57495K(58112K) Class: 8377K(9024K)->8377K(9024K)
[49.428s][info][gc             ] GC(54) Pause Young (Allocation Failure) 927M->487M(1979M) 381.795ms
[49.428s][info][gc,cpu         ] GC(54) User=0.38s Sys=0.00s Real=0.38s
[49.698s][info][gc,start       ] GC(55) Pause Young (Allocation Failure)
[50.074s][info][gc,heap        ] GC(55) DefNew: 629247K(629248K)->61732K(629248K) Eden: 559360K(559360K)->0K(559360K) From: 69887K(69888K)->61732K(69888K)
[50.074s][info][gc,heap        ] GC(55) Tenured: 429041K(1398144K)->498927K(1398144K)
[50.074s][info][gc,metaspace   ] GC(55) Metaspace: 65872K(67136K)->65872K(67136K) NonClass: 57495K(58112K)->57495K(58112K) Class: 8377K(9024K)->8377K(9024K)
[50.074s][info][gc             ] GC(55) Pause Young (Allocation Failure) 1033M->547M(1979M) 375.300ms
[50.074s][info][gc,cpu         ] GC(55) User=0.39s Sys=0.00s Real=0.38s
[50.360s][info][gc,start       ] GC(56) Pause Young (Allocation Failure)
[50.684s][info][gc,heap        ] GC(56) DefNew: 621092K(629248K)->54102K(629248K) Eden: 559360K(559360K)->0K(559360K) From: 61732K(69888K)->54102K(69888K)
[50.684s][info][gc,heap        ] GC(56) Tenured: 498927K(1398144K)->544724K(1398144K)
[50.684s][info][gc,metaspace   ] GC(56) Metaspace: 65872K(67136K)->65872K(67136K) NonClass: 57495K(58112K)->57495K(58112K) Class: 8377K(9024K)->8377K(9024K)
[50.684s][info][gc             ] GC(56) Pause Young (Allocation Failure) 1093M->584M(1979M) 323.663ms
[50.684s][info][gc,cpu         ] GC(56) User=0.33s Sys=0.00s Real=0.34s
[51.598s][info][gc,start       ] GC(57) Pause Young (Allocation Failure)
[51.953s][info][gc,heap        ] GC(57) DefNew: 613462K(629248K)->52026K(629248K) Eden: 559360K(559360K)->0K(559360K) From: 54102K(69888K)->52026K(69888K)
[51.953s][info][gc,heap        ] GC(57) Tenured: 544724K(1398144K)->592501K(1398144K)
[51.953s][info][gc,metaspace   ] GC(57) Metaspace: 65889K(67136K)->65889K(67136K) NonClass: 57512K(58112K)->57512K(58112K) Class: 8377K(9024K)->8377K(9024K)
[51.953s][info][gc             ] GC(57) Pause Young (Allocation Failure) 1131M->629M(1979M) 354.883ms
[51.953s][info][gc,cpu         ] GC(57) User=0.36s Sys=0.00s Real=0.36s
[52.693s][info][gc,start       ] GC(58) Pause Young (Allocation Failure)
[52.884s][info][gc,heap        ] GC(58) DefNew: 611386K(629248K)->33850K(629248K) Eden: 559360K(559360K)->0K(559360K) From: 52026K(69888K)->33850K(69888K)
[52.884s][info][gc,heap        ] GC(58) Tenured: 592501K(1398144K)->612458K(1398144K)
[52.884s][info][gc,metaspace   ] GC(58) Metaspace: 65963K(67136K)->65963K(67136K) NonClass: 57585K(58112K)->57585K(58112K) Class: 8378K(9024K)->8378K(9024K)
[52.884s][info][gc             ] GC(58) Pause Young (Allocation Failure) 1175M->631M(1979M) 191.622ms
[52.884s][info][gc,cpu         ] GC(58) User=0.19s Sys=0.00s Real=0.19s
[53.336s][info][gc,start       ] GC(59) Pause Young (Allocation Failure)
[53.496s][info][gc,heap        ] GC(59) DefNew: 593210K(629248K)->67892K(629248K) Eden: 559360K(559360K)->0K(559360K) From: 33850K(69888K)->67892K(69888K)
[53.496s][info][gc,heap        ] GC(59) Tenured: 612458K(1398144K)->612458K(1398144K)
[53.496s][info][gc,metaspace   ] GC(59) Metaspace: 65972K(67136K)->65972K(67136K) NonClass: 57592K(58112K)->57592K(58112K) Class: 8379K(9024K)->8379K(9024K)
[53.496s][info][gc             ] GC(59) Pause Young (Allocation Failure) 1177M->664M(1979M) 160.102ms
[53.496s][info][gc,cpu         ] GC(59) User=0.16s Sys=0.00s Real=0.16s
[53.978s][info][gc,start       ] GC(60) Pause Young (Allocation Failure)
[54.078s][info][gc,heap        ] GC(60) DefNew: 626947K(629248K)->69888K(629248K) Eden: 559054K(559360K)->0K(559360K) From: 67892K(69888K)->69888K(69888K)
[54.078s][info][gc,heap        ] GC(60) Tenured: 612458K(1398144K)->615466K(1398144K)
[54.078s][info][gc,metaspace   ] GC(60) Metaspace: 65984K(67136K)->65984K(67136K) NonClass: 57605K(58112K)->57605K(58112K) Class: 8379K(9024K)->8379K(9024K)
[54.078s][info][gc             ] GC(60) Pause Young (Allocation Failure) 1210M->669M(1979M) 99.923ms
[54.078s][info][gc,cpu         ] GC(60) User=0.11s Sys=0.00s Real=0.11s
[54.381s][info][gc,start       ] GC(61) Pause Young (Allocation Failure)
[54.514s][info][gc,heap        ] GC(61) DefNew: 629248K(629248K)->69887K(629248K) Eden: 559360K(559360K)->0K(559360K) From: 69888K(69888K)->69887K(69888K)
[54.514s][info][gc,heap        ] GC(61) Tenured: 615466K(1398144K)->647972K(1398144K)
[54.514s][info][gc,metaspace   ] GC(61) Metaspace: 65989K(67136K)->65989K(67136K) NonClass: 57610K(58112K)->57610K(58112K) Class: 8379K(9024K)->8379K(9024K)
[54.514s][info][gc             ] GC(61) Pause Young (Allocation Failure) 1215M->701M(1979M) 133.750ms
[54.514s][info][gc,cpu         ] GC(61) User=0.14s Sys=0.00s Real=0.14s
[54.606s][info][gc,start       ] GC(62) Pause Full (System.gc())
[54.606s][info][gc,phases,start] GC(62) Phase 1: Mark live objects
[54.716s][info][gc,phases      ] GC(62) Phase 1: Mark live objects 109.980ms
[54.716s][info][gc,phases,start] GC(62) Phase 2: Compute new object addresses
[54.929s][info][gc,phases      ] GC(62) Phase 2: Compute new object addresses 213.236ms
[54.929s][info][gc,phases,start] GC(62) Phase 3: Adjust pointers
[55.001s][info][gc,phases      ] GC(62) Phase 3: Adjust pointers 71.765ms
[55.001s][info][gc,phases,start] GC(62) Phase 4: Move objects
[55.001s][info][gc,phases      ] GC(62) Phase 4: Move objects 0.092ms
[55.002s][info][gc,heap        ] GC(62) DefNew: 186920K(629248K)->0K(629248K) Eden: 117032K(559360K)->0K(559360K) From: 69887K(69888K)->0K(69888K)
[55.002s][info][gc,heap        ] GC(62) Tenured: 647972K(1398144K)->204169K(1398144K)
[55.002s][info][gc,metaspace   ] GC(62) Metaspace: 65996K(67136K)->65996K(67136K) NonClass: 57617K(58112K)->57617K(58112K) Class: 8379K(9024K)->8379K(9024K)
[55.003s][info][gc             ] GC(62) Pause Full (System.gc()) 815M->199M(1979M) 396.719ms
[55.003s][info][gc,cpu         ] GC(62) User=0.39s Sys=0.00s Real=0.40s
[55.310s][info][gc,start       ] GC(63) Pause Young (Allocation Failure)
[55.531s][info][gc,heap        ] GC(63) DefNew: 559360K(629248K)->69887K(629248K) Eden: 559360K(559360K)->0K(559360K) From: 0K(69888K)->69887K(69888K)
[55.531s][info][gc,heap        ] GC(63) Tenured: 204169K(1398144K)->250040K(1398144K)
[55.531s][info][gc,metaspace   ] GC(63) Metaspace: 66030K(67200K)->66030K(67200K) NonClass: 57650K(58176K)->57650K(58176K) Class: 8379K(9024K)->8379K(9024K)
[55.532s][info][gc             ] GC(63) Pause Young (Allocation Failure) 745M->312M(1979M) 221.844ms
[55.532s][info][gc,cpu         ] GC(63) User=0.22s Sys=0.00s Real=0.21s
[55.823s][info][gc,start       ] GC(64) Pause Young (Allocation Failure)
[56.129s][info][gc,heap        ] GC(64) DefNew: 629247K(629248K)->57342K(629248K) Eden: 559360K(559360K)->0K(559360K) From: 69887K(69888K)->57342K(69888K)
[56.129s][info][gc,heap        ] GC(64) Tenured: 250040K(1398144K)->306759K(1398144K)
[56.129s][info][gc,metaspace   ] GC(64) Metaspace: 66030K(67200K)->66030K(67200K) NonClass: 57650K(58176K)->57650K(58176K) Class: 8379K(9024K)->8379K(9024K)
[56.129s][info][gc             ] GC(64) Pause Young (Allocation Failure) 858M->355M(1979M) 306.257ms
[56.129s][info][gc,cpu         ] GC(64) User=0.30s Sys=0.00s Real=0.30s
[56.420s][info][gc,start       ] GC(65) Pause Young (Allocation Failure)
[56.688s][info][gc,heap        ] GC(65) DefNew: 616702K(629248K)->34494K(629248K) Eden: 559360K(559360K)->0K(559360K) From: 57342K(69888K)->34494K(69888K)
[56.688s][info][gc,heap        ] GC(65) Tenured: 306759K(1398144K)->355570K(1398144K)
[56.688s][info][gc,metaspace   ] GC(65) Metaspace: 66030K(67200K)->66030K(67200K) NonClass: 57650K(58176K)->57650K(58176K) Class: 8379K(9024K)->8379K(9024K)
[56.688s][info][gc             ] GC(65) Pause Young (Allocation Failure) 901M->380M(1979M) 267.912ms
[56.688s][info][gc,cpu         ] GC(65) User=0.27s Sys=0.00s Real=0.26s
[57.541s][info][gc,start       ] GC(66) Pause Young (Allocation Failure)
[57.949s][info][gc,heap        ] GC(66) DefNew: 593854K(629248K)->69887K(629248K) Eden: 559360K(559360K)->0K(559360K) From: 34494K(69888K)->69887K(69888K)
[57.949s][info][gc,heap        ] GC(66) Tenured: 355570K(1398144K)->428753K(1398144K)
[57.949s][info][gc,metaspace   ] GC(66) Metaspace: 66051K(67200K)->66051K(67200K) NonClass: 57670K(58176K)->57670K(58176K) Class: 8380K(9024K)->8380K(9024K)
[57.949s][info][gc             ] GC(66) Pause Young (Allocation Failure) 927M->486M(1979M) 408.182ms
[57.949s][info][gc,cpu         ] GC(66) User=0.41s Sys=0.00s Real=0.41s
[58.205s][info][gc,start       ] GC(67) Pause Young (Allocation Failure)
[58.570s][info][gc,heap        ] GC(67) DefNew: 629247K(629248K)->61842K(629248K) Eden: 559360K(559360K)->0K(559360K) From: 69887K(69888K)->61842K(69888K)
[58.570s][info][gc,heap        ] GC(67) Tenured: 428753K(1398144K)->498638K(1398144K)
[58.570s][info][gc,metaspace   ] GC(67) Metaspace: 66051K(67200K)->66051K(67200K) NonClass: 57670K(58176K)->57670K(58176K) Class: 8380K(9024K)->8380K(9024K)
[58.570s][info][gc             ] GC(67) Pause Young (Allocation Failure) 1033M->547M(1979M) 364.975ms
[58.570s][info][gc,cpu         ] GC(67) User=0.34s Sys=0.00s Real=0.36s
[58.855s][info][gc,start       ] GC(68) Pause Young (Allocation Failure)
[59.160s][info][gc,heap        ] GC(68) DefNew: 621202K(629248K)->54185K(629248K) Eden: 559360K(559360K)->0K(559360K) From: 61842K(69888K)->54185K(69888K)
[59.160s][info][gc,heap        ] GC(68) Tenured: 498638K(1398144K)->544599K(1398144K)
[59.160s][info][gc,metaspace   ] GC(68) Metaspace: 66051K(67200K)->66051K(67200K) NonClass: 57670K(58176K)->57670K(58176K) Class: 8380K(9024K)->8380K(9024K)
[59.160s][info][gc             ] GC(68) Pause Young (Allocation Failure) 1093M->584M(1979M) 304.912ms
[59.160s][info][gc,cpu         ] GC(68) User=0.31s Sys=0.00s Real=0.31s
[60.102s][info][gc,start       ] GC(69) Pause Young (Allocation Failure)
[60.456s][info][gc,heap        ] GC(69) DefNew: 613545K(629248K)->52418K(629248K) Eden: 559360K(559360K)->0K(559360K) From: 54185K(69888K)->52418K(69888K)
[60.456s][info][gc,heap        ] GC(69) Tenured: 544599K(1398144K)->592384K(1398144K)
[60.456s][info][gc,metaspace   ] GC(69) Metaspace: 66077K(67200K)->66077K(67200K) NonClass: 57696K(58176K)->57696K(58176K) Class: 8380K(9024K)->8380K(9024K)
[60.456s][info][gc             ] GC(69) Pause Young (Allocation Failure) 1131M->629M(1979M) 354.538ms
[60.456s][info][gc,cpu         ] GC(69) User=0.36s Sys=0.00s Real=0.36s
[61.021s][info][gc,start       ] GC(70) Pause Young (Allocation Failure)
[61.209s][info][gc,heap        ] GC(70) DefNew: 611778K(629248K)->33861K(629248K) Eden: 559360K(559360K)->0K(559360K) From: 52418K(69888K)->33861K(69888K)
[61.209s][info][gc,heap        ] GC(70) Tenured: 592384K(1398144K)->612707K(1398144K)
[61.209s][info][gc,metaspace   ] GC(70) Metaspace: 66178K(67328K)->66178K(67328K) NonClass: 57797K(58304K)->57797K(58304K) Class: 8381K(9024K)->8381K(9024K)
[61.209s][info][gc             ] GC(70) Pause Young (Allocation Failure) 1175M->631M(1979M) 188.256ms
[61.209s][info][gc,cpu         ] GC(70) User=0.19s Sys=0.00s Real=0.19s
[61.654s][info][gc,start       ] GC(71) Pause Young (Allocation Failure)
[61.811s][info][gc,heap        ] GC(71) DefNew: 593221K(629248K)->65836K(629248K) Eden: 559360K(559360K)->0K(559360K) From: 33861K(69888K)->65836K(69888K)
[61.811s][info][gc,heap        ] GC(71) Tenured: 612707K(1398144K)->612707K(1398144K)
[61.811s][info][gc,metaspace   ] GC(71) Metaspace: 66198K(67392K)->66198K(67392K) NonClass: 57816K(58368K)->57816K(58368K) Class: 8381K(9024K)->8381K(9024K)
[61.811s][info][gc             ] GC(71) Pause Young (Allocation Failure) 1177M->662M(1979M) 157.401ms
[61.811s][info][gc,cpu         ] GC(71) User=0.16s Sys=0.00s Real=0.16s
[62.256s][info][gc,start       ] GC(72) Pause Young (Allocation Failure)
[62.371s][info][gc,heap        ] GC(72) DefNew: 625026K(629248K)->69887K(629248K) Eden: 559190K(559360K)->0K(559360K) From: 65836K(69888K)->69887K(69888K)
[62.371s][info][gc,heap        ] GC(72) Tenured: 612707K(1398144K)->638019K(1398144K)
[62.371s][info][gc,metaspace   ] GC(72) Metaspace: 66238K(67392K)->66238K(67392K) NonClass: 57856K(58368K)->57856K(58368K) Class: 8381K(9024K)->8381K(9024K)
[62.371s][info][gc             ] GC(72) Pause Young (Allocation Failure) 1208M->691M(1979M) 115.189ms
[62.371s][info][gc,cpu         ] GC(72) User=0.11s Sys=0.00s Real=0.11s
[62.703s][info][gc,start       ] GC(73) Pause Young (Allocation Failure)
[62.832s][info][gc,heap        ] GC(73) DefNew: 629247K(629248K)->69888K(629248K) Eden: 559360K(559360K)->0K(559360K) From: 69887K(69888K)->69888K(69888K)
[62.832s][info][gc,heap        ] GC(73) Tenured: 638019K(1398144K)->665709K(1398144K)
[62.832s][info][gc,metaspace   ] GC(73) Metaspace: 66239K(67392K)->66239K(67392K) NonClass: 57857K(58368K)->57857K(58368K) Class: 8381K(9024K)->8381K(9024K)
[62.832s][info][gc             ] GC(73) Pause Young (Allocation Failure) 1237M->718M(1979M) 129.255ms
[62.832s][info][gc,cpu         ] GC(73) User=0.13s Sys=0.00s Real=0.13s
[62.911s][info][gc,start       ] GC(74) Pause Full (System.gc())
[62.911s][info][gc,phases,start] GC(74) Phase 1: Mark live objects
[63.023s][info][gc,phases      ] GC(74) Phase 1: Mark live objects 111.534ms
[63.023s][info][gc,phases,start] GC(74) Phase 2: Compute new object addresses
[63.240s][info][gc,phases      ] GC(74) Phase 2: Compute new object addresses 216.938ms
[63.240s][info][gc,phases,start] GC(74) Phase 3: Adjust pointers
[63.314s][info][gc,phases      ] GC(74) Phase 3: Adjust pointers 74.129ms
[63.314s][info][gc,phases,start] GC(74) Phase 4: Move objects
[63.358s][info][gc,phases      ] GC(74) Phase 4: Move objects 44.259ms
[63.359s][info][gc,heap        ] GC(74) DefNew: 191455K(629248K)->0K(629248K) Eden: 121567K(559360K)->0K(559360K) From: 69888K(69888K)->0K(69888K)
[63.359s][info][gc,heap        ] GC(74) Tenured: 665709K(1398144K)->149094K(1398144K)
[63.359s][info][gc,metaspace   ] GC(74) Metaspace: 66239K(67392K)->66239K(67392K) NonClass: 57857K(58368K)->57857K(58368K) Class: 8381K(9024K)->8381K(9024K)
[63.359s][info][gc             ] GC(74) Pause Full (System.gc()) 837M->145M(1979M) 448.589ms
[63.360s][info][gc,cpu         ] GC(74) User=0.45s Sys=0.00s Real=0.45s
[63.665s][info][gc,start       ] GC(75) Pause Young (Allocation Failure)
[63.894s][info][gc,heap        ] GC(75) DefNew: 559360K(629248K)->69888K(629248K) Eden: 559360K(559360K)->0K(559360K) From: 0K(69888K)->69888K(69888K)
[63.894s][info][gc,heap        ] GC(75) Tenured: 149094K(1398144K)->195182K(1398144K)
[63.894s][info][gc,metaspace   ] GC(75) Metaspace: 66257K(67392K)->66257K(67392K) NonClass: 57875K(58368K)->57875K(58368K) Class: 8381K(9024K)->8381K(9024K)
[63.894s][info][gc             ] GC(75) Pause Young (Allocation Failure) 691M->258M(1979M) 228.898ms
[63.894s][info][gc,cpu         ] GC(75) User=0.23s Sys=0.00s Real=0.23s
[64.183s][info][gc,start       ] GC(76) Pause Young (Allocation Failure)
[64.491s][info][gc,heap        ] GC(76) DefNew: 629248K(629248K)->57415K(629248K) Eden: 559360K(559360K)->0K(559360K) From: 69888K(69888K)->57415K(69888K)
[64.491s][info][gc,heap        ] GC(76) Tenured: 195182K(1398144K)->251850K(1398144K)
[64.491s][info][gc,metaspace   ] GC(76) Metaspace: 66257K(67392K)->66257K(67392K) NonClass: 57875K(58368K)->57875K(58368K) Class: 8381K(9024K)->8381K(9024K)
[64.491s][info][gc             ] GC(76) Pause Young (Allocation Failure) 805M->302M(1979M) 308.022ms
[64.491s][info][gc,cpu         ] GC(76) User=0.31s Sys=0.00s Real=0.31s
[64.781s][info][gc,start       ] GC(77) Pause Young (Allocation Failure)
[65.048s][info][gc,heap        ] GC(77) DefNew: 616775K(629248K)->34481K(629248K) Eden: 559360K(559360K)->0K(559360K) From: 57415K(69888K)->34481K(69888K)
[65.048s][info][gc,heap        ] GC(77) Tenured: 251850K(1398144K)->300726K(1398144K)
[65.048s][info][gc,metaspace   ] GC(77) Metaspace: 66265K(67392K)->66265K(67392K) NonClass: 57883K(58368K)->57883K(58368K) Class: 8381K(9024K)->8381K(9024K)
[65.048s][info][gc             ] GC(77) Pause Young (Allocation Failure) 848M->327M(1979M) 266.832ms
[65.048s][info][gc,cpu         ] GC(77) User=0.28s Sys=0.00s Real=0.28s
[65.891s][info][gc,start       ] GC(78) Pause Young (Allocation Failure)
[66.274s][info][gc,heap        ] GC(78) DefNew: 593841K(629248K)->69888K(629248K) Eden: 559360K(559360K)->0K(559360K) From: 34481K(69888K)->69888K(69888K)
[66.274s][info][gc,heap        ] GC(78) Tenured: 300726K(1398144K)->374869K(1398144K)
[66.274s][info][gc,metaspace   ] GC(78) Metaspace: 66280K(67456K)->66280K(67456K) NonClass: 57897K(58432K)->57897K(58432K) Class: 8382K(9024K)->8382K(9024K)
[66.274s][info][gc             ] GC(78) Pause Young (Allocation Failure) 873M->434M(1979M) 383.407ms
[66.274s][info][gc,cpu         ] GC(78) User=0.38s Sys=0.00s Real=0.38s
[66.532s][info][gc,start       ] GC(79) Pause Young (Allocation Failure)
[66.912s][info][gc,heap        ] GC(79) DefNew: 629248K(629248K)->61274K(629248K) Eden: 559360K(559360K)->0K(559360K) From: 69888K(69888K)->61274K(69888K)
[66.912s][info][gc,heap        ] GC(79) Tenured: 374869K(1398144K)->444755K(1398144K)
[66.912s][info][gc,metaspace   ] GC(79) Metaspace: 66280K(67456K)->66280K(67456K) NonClass: 57897K(58432K)->57897K(58432K) Class: 8382K(9024K)->8382K(9024K)
[66.912s][info][gc             ] GC(79) Pause Young (Allocation Failure) 980M->494M(1979M) 379.345ms
[66.912s][info][gc,cpu         ] GC(79) User=0.36s Sys=0.00s Real=0.37s
[67.208s][info][gc,start       ] GC(80) Pause Young (Allocation Failure)
[67.519s][info][gc,heap        ] GC(80) DefNew: 620634K(629248K)->54110K(629248K) Eden: 559360K(559360K)->0K(559360K) From: 61274K(69888K)->54110K(69888K)
[67.520s][info][gc,heap        ] GC(80) Tenured: 444755K(1398144K)->490051K(1398144K)
[67.520s][info][gc,metaspace   ] GC(80) Metaspace: 66280K(67456K)->66280K(67456K) NonClass: 57897K(58432K)->57897K(58432K) Class: 8382K(9024K)->8382K(9024K)
[67.520s][info][gc             ] GC(80) Pause Young (Allocation Failure) 1040M->531M(1979M) 311.785ms
[67.520s][info][gc,cpu         ] GC(80) User=0.31s Sys=0.00s Real=0.32s
[68.429s][info][gc,start       ] GC(81) Pause Young (Allocation Failure)
[68.755s][info][gc,heap        ] GC(81) DefNew: 613470K(629248K)->43808K(629248K) Eden: 559360K(559360K)->0K(559360K) From: 54110K(69888K)->43808K(69888K)
[68.756s][info][gc,heap        ] GC(81) Tenured: 490051K(1398144K)->537902K(1398144K)
[68.756s][info][gc,metaspace   ] GC(81) Metaspace: 66350K(67520K)->66350K(67520K) NonClass: 57957K(58496K)->57957K(58496K) Class: 8393K(9024K)->8393K(9024K)
[68.756s][info][gc             ] GC(81) Pause Young (Allocation Failure) 1077M->568M(1979M) 326.195ms
[68.756s][info][gc,cpu         ] GC(81) User=0.33s Sys=0.00s Real=0.33s
[69.294s][info][gc,start       ] GC(82) Pause Young (Allocation Failure)
[69.483s][info][gc,heap        ] GC(82) DefNew: 603168K(629248K)->33837K(629248K) Eden: 559360K(559360K)->0K(559360K) From: 43808K(69888K)->33837K(69888K)
[69.483s][info][gc,heap        ] GC(82) Tenured: 537902K(1398144K)->557600K(1398144K)
[69.483s][info][gc,metaspace   ] GC(82) Metaspace: 66457K(67584K)->66457K(67584K) NonClass: 58064K(58560K)->58064K(58560K) Class: 8393K(9024K)->8393K(9024K)
[69.483s][info][gc             ] GC(82) Pause Young (Allocation Failure) 1114M->577M(1979M) 189.615ms
[69.483s][info][gc,cpu         ] GC(82) User=0.19s Sys=0.00s Real=0.19s
[69.921s][info][gc,start       ] GC(83) Pause Young (Allocation Failure)
[70.083s][info][gc,heap        ] GC(83) DefNew: 593197K(629248K)->66761K(629248K) Eden: 559360K(559360K)->0K(559360K) From: 33837K(69888K)->66761K(69888K)
[70.083s][info][gc,heap        ] GC(83) Tenured: 557600K(1398144K)->557600K(1398144K)
[70.083s][info][gc,metaspace   ] GC(83) Metaspace: 66468K(67584K)->66468K(67584K) NonClass: 58075K(58560K)->58075K(58560K) Class: 8393K(9024K)->8393K(9024K)
[70.083s][info][gc             ] GC(83) Pause Young (Allocation Failure) 1123M->609M(1979M) 161.693ms
[70.083s][info][gc,cpu         ] GC(83) User=0.17s Sys=0.00s Real=0.17s
[70.573s][info][gc,start       ] GC(84) Pause Young (Allocation Failure)
[70.668s][info][gc,heap        ] GC(84) DefNew: 626121K(629248K)->53033K(629248K) Eden: 559360K(559360K)->0K(559360K) From: 66761K(69888K)->53033K(69888K)
[70.668s][info][gc,heap        ] GC(84) Tenured: 557600K(1398144K)->557729K(1398144K)
[70.668s][info][gc,metaspace   ] GC(84) Metaspace: 66496K(67712K)->66496K(67712K) NonClass: 58103K(58688K)->58103K(58688K) Class: 8393K(9024K)->8393K(9024K)
[70.668s][info][gc             ] GC(84) Pause Young (Allocation Failure) 1155M->596M(1979M) 95.298ms
[70.668s][info][gc,cpu         ] GC(84) User=0.09s Sys=0.00s Real=0.09s
[70.980s][info][gc,start       ] GC(85) Pause Young (Allocation Failure)
[71.116s][info][gc,heap        ] GC(85) DefNew: 612393K(629248K)->69888K(629248K) Eden: 559360K(559360K)->0K(559360K) From: 53033K(69888K)->69888K(69888K)
[71.116s][info][gc,heap        ] GC(85) Tenured: 557729K(1398144K)->593104K(1398144K)
[71.116s][info][gc,metaspace   ] GC(85) Metaspace: 66496K(67712K)->66496K(67712K) NonClass: 58103K(58688K)->58103K(58688K) Class: 8393K(9024K)->8393K(9024K)
[71.116s][info][gc             ] GC(85) Pause Young (Allocation Failure) 1142M->647M(1979M) 135.336ms
[71.116s][info][gc,cpu         ] GC(85) User=0.16s Sys=0.00s Real=0.14s
[71.190s][info][gc,start       ] GC(86) Pause Full (System.gc())
[71.190s][info][gc,phases,start] GC(86) Phase 1: Mark live objects
[71.301s][info][gc,phases      ] GC(86) Phase 1: Mark live objects 110.927ms
[71.301s][info][gc,phases,start] GC(86) Phase 2: Compute new object addresses
[71.511s][info][gc,phases      ] GC(86) Phase 2: Compute new object addresses 209.638ms
[71.511s][info][gc,phases,start] GC(86) Phase 3: Adjust pointers
[71.582s][info][gc,phases      ] GC(86) Phase 3: Adjust pointers 71.623ms
[71.582s][info][gc,phases,start] GC(86) Phase 4: Move objects
[71.583s][info][gc,phases      ] GC(86) Phase 4: Move objects 0.073ms
[71.584s][info][gc,heap        ] GC(86) DefNew: 162158K(629248K)->0K(629248K) Eden: 92270K(559360K)->0K(559360K) From: 69888K(69888K)->0K(69888K)
[71.584s][info][gc,heap        ] GC(86) Tenured: 593104K(1398144K)->203850K(1398144K)
[71.584s][info][gc,metaspace   ] GC(86) Metaspace: 66496K(67712K)->66496K(67712K) NonClass: 58103K(58688K)->58103K(58688K) Class: 8393K(9024K)->8393K(9024K)
[71.584s][info][gc             ] GC(86) Pause Full (System.gc()) 737M->199M(1979M) 393.834ms
[71.584s][info][gc,cpu         ] GC(86) User=0.39s Sys=0.00s Real=0.39s
[71.891s][info][gc,start       ] GC(87) Pause Young (Allocation Failure)
[72.103s][info][gc,heap        ] GC(87) DefNew: 559360K(629248K)->69888K(629248K) Eden: 559360K(559360K)->0K(559360K) From: 0K(69888K)->69888K(69888K)
[72.103s][info][gc,heap        ] GC(87) Tenured: 203850K(1398144K)->250216K(1398144K)
[72.103s][info][gc,metaspace   ] GC(87) Metaspace: 66509K(67712K)->66509K(67712K) NonClass: 58116K(58688K)->58116K(58688K) Class: 8393K(9024K)->8393K(9024K)
[72.103s][info][gc             ] GC(87) Pause Young (Allocation Failure) 745M->312M(1979M) 211.943ms
[72.103s][info][gc,cpu         ] GC(87) User=0.20s Sys=0.00s Real=0.20s
[72.393s][info][gc,start       ] GC(88) Pause Young (Allocation Failure)
[72.693s][info][gc,heap        ] GC(88) DefNew: 629248K(629248K)->57275K(629248K) Eden: 559360K(559360K)->0K(559360K) From: 69888K(69888K)->57275K(69888K)
[72.693s][info][gc,heap        ] GC(88) Tenured: 250216K(1398144K)->306852K(1398144K)
[72.693s][info][gc,metaspace   ] GC(88) Metaspace: 66509K(67712K)->66509K(67712K) NonClass: 58116K(58688K)->58116K(58688K) Class: 8393K(9024K)->8393K(9024K)
[72.693s][info][gc             ] GC(88) Pause Young (Allocation Failure) 858M->355M(1979M) 299.490ms
[72.693s][info][gc,cpu         ] GC(88) User=0.30s Sys=0.00s Real=0.30s
[72.983s][info][gc,start       ] GC(89) Pause Young (Allocation Failure)
[73.247s][info][gc,heap        ] GC(89) DefNew: 616635K(629248K)->34434K(629248K) Eden: 559360K(559360K)->0K(559360K) From: 57275K(69888K)->34434K(69888K)
[73.247s][info][gc,heap        ] GC(89) Tenured: 306852K(1398144K)->355599K(1398144K)
[73.247s][info][gc,metaspace   ] GC(89) Metaspace: 66509K(67712K)->66509K(67712K) NonClass: 58116K(58688K)->58116K(58688K) Class: 8393K(9024K)->8393K(9024K)
[73.248s][info][gc             ] GC(89) Pause Young (Allocation Failure) 901M->380M(1979M) 264.618ms
[73.248s][info][gc,cpu         ] GC(89) User=0.27s Sys=0.00s Real=0.27s
[74.092s][info][gc,start       ] GC(90) Pause Young (Allocation Failure)
[74.471s][info][gc,heap        ] GC(90) DefNew: 593794K(629248K)->69887K(629248K) Eden: 559360K(559360K)->0K(559360K) From: 34434K(69888K)->69887K(69888K)
[74.497s][info][gc,heap        ] GC(90) Tenured: 355599K(1398144K)->430043K(1398144K)
[74.512s][info][gc,metaspace   ] GC(90) Metaspace: 66531K(67712K)->66531K(67712K) NonClass: 58137K(58688K)->58137K(58688K) Class: 8393K(9024K)->8393K(9024K)
[74.512s][info][gc             ] GC(90) Pause Young (Allocation Failure) 927M->488M(1979M) 420.370ms
[74.512s][info][gc,cpu         ] GC(90) User=0.38s Sys=0.00s Real=0.42s
[74.769s][info][gc,start       ] GC(91) Pause Young (Allocation Failure)
[75.134s][info][gc,heap        ] GC(91) DefNew: 629247K(629248K)->60770K(629248K) Eden: 559360K(559360K)->0K(559360K) From: 69887K(69888K)->60770K(69888K)
[75.134s][info][gc,heap        ] GC(91) Tenured: 430043K(1398144K)->491871K(1398144K)
[75.134s][info][gc,metaspace   ] GC(91) Metaspace: 66535K(67712K)->66535K(67712K) NonClass: 58140K(58688K)->58140K(58688K) Class: 8394K(9024K)->8394K(9024K)
[75.135s][info][gc             ] GC(91) Pause Young (Allocation Failure) 1034M->539M(1979M) 365.057ms
[75.135s][info][gc,cpu         ] GC(91) User=0.36s Sys=0.00s Real=0.36s
[75.416s][info][gc,start       ] GC(92) Pause Young (Allocation Failure)
[75.721s][info][gc,heap        ] GC(92) DefNew: 620130K(629248K)->54026K(629248K) Eden: 559360K(559360K)->0K(559360K) From: 60770K(69888K)->54026K(69888K)
[75.721s][info][gc,heap        ] GC(92) Tenured: 491871K(1398144K)->536695K(1398144K)
[75.721s][info][gc,metaspace   ] GC(92) Metaspace: 66535K(67712K)->66535K(67712K) NonClass: 58140K(58688K)->58140K(58688K) Class: 8394K(9024K)->8394K(9024K)
[75.721s][info][gc             ] GC(92) Pause Young (Allocation Failure) 1085M->576M(1979M) 305.866ms
[75.722s][info][gc,cpu         ] GC(92) User=0.30s Sys=0.00s Real=0.30s
[76.630s][info][gc,start       ] GC(93) Pause Young (Allocation Failure)
[76.954s][info][gc,heap        ] GC(93) DefNew: 613386K(629248K)->44004K(629248K) Eden: 559360K(559360K)->0K(559360K) From: 54026K(69888K)->44004K(69888K)
[76.954s][info][gc,heap        ] GC(93) Tenured: 536695K(1398144K)->584388K(1398144K)
[76.954s][info][gc,metaspace   ] GC(93) Metaspace: 66556K(67712K)->66556K(67712K) NonClass: 58160K(58688K)->58160K(58688K) Class: 8395K(9024K)->8395K(9024K)
[76.954s][info][gc             ] GC(93) Pause Young (Allocation Failure) 1123M->613M(1979M) 323.971ms
[76.954s][info][gc,cpu         ] GC(93) User=0.33s Sys=0.00s Real=0.33s
[77.508s][info][gc,start       ] GC(94) Pause Young (Allocation Failure)
[77.691s][info][gc,heap        ] GC(94) DefNew: 603364K(629248K)->33842K(629248K) Eden: 559360K(559360K)->0K(559360K) From: 44004K(69888K)->33842K(69888K)
[77.691s][info][gc,heap        ] GC(94) Tenured: 584388K(1398144K)->604329K(1398144K)
[77.691s][info][gc,metaspace   ] GC(94) Metaspace: 66577K(67776K)->66577K(67776K) NonClass: 58181K(58752K)->58181K(58752K) Class: 8396K(9024K)->8396K(9024K)
[77.691s][info][gc             ] GC(94) Pause Young (Allocation Failure) 1159M->623M(1979M) 183.498ms
[77.691s][info][gc,cpu         ] GC(94) User=0.19s Sys=0.00s Real=0.19s
[78.119s][info][gc,start       ] GC(95) Pause Young (Allocation Failure)
[78.285s][info][gc,heap        ] GC(95) DefNew: 593202K(629248K)->67943K(629248K) Eden: 559360K(559360K)->0K(559360K) From: 33842K(69888K)->67943K(69888K)
[78.285s][info][gc,heap        ] GC(95) Tenured: 604329K(1398144K)->604329K(1398144K)
[78.285s][info][gc,metaspace   ] GC(95) Metaspace: 66689K(67840K)->66689K(67840K) NonClass: 58292K(58816K)->58292K(58816K) Class: 8396K(9024K)->8396K(9024K)
[78.285s][info][gc             ] GC(95) Pause Young (Allocation Failure) 1169M->656M(1979M) 165.515ms
[78.285s][info][gc,cpu         ] GC(95) User=0.17s Sys=0.00s Real=0.17s
[78.899s][info][gc,start       ] GC(96) Pause Young (Allocation Failure)
[79.004s][info][gc,heap        ] GC(96) DefNew: 627303K(629248K)->57815K(629248K) Eden: 559360K(559360K)->0K(559360K) From: 67943K(69888K)->57815K(69888K)
[79.004s][info][gc,heap        ] GC(96) Tenured: 604329K(1398144K)->604459K(1398144K)
[79.004s][info][gc,metaspace   ] GC(96) Metaspace: 66738K(67904K)->66738K(67904K) NonClass: 58341K(58880K)->58341K(58880K) Class: 8397K(9024K)->8397K(9024K)
[79.004s][info][gc             ] GC(96) Pause Young (Allocation Failure) 1202M->646M(1979M) 105.580ms
[79.004s][info][gc,cpu         ] GC(96) User=0.13s Sys=0.00s Real=0.12s
[79.310s][info][gc,start       ] GC(97) Pause Young (Allocation Failure)
[79.441s][info][gc,heap        ] GC(97) DefNew: 617175K(629248K)->69888K(629248K) Eden: 559360K(559360K)->0K(559360K) From: 57815K(69888K)->69888K(69888K)
[79.441s][info][gc,heap        ] GC(97) Tenured: 604459K(1398144K)->639836K(1398144K)
[79.441s][info][gc,metaspace   ] GC(97) Metaspace: 66740K(67904K)->66740K(67904K) NonClass: 58342K(58880K)->58342K(58880K) Class: 8397K(9024K)->8397K(9024K)
[79.441s][info][gc             ] GC(97) Pause Young (Allocation Failure) 1193M->693M(1979M) 131.028ms
[79.441s][info][gc,cpu         ] GC(97) User=0.14s Sys=0.00s Real=0.14s
[79.506s][info][gc,start       ] GC(98) Pause Full (System.gc())
[79.507s][info][gc,phases,start] GC(98) Phase 1: Mark live objects
[79.616s][info][gc,phases      ] GC(98) Phase 1: Mark live objects 109.770ms
[79.616s][info][gc,phases,start] GC(98) Phase 2: Compute new object addresses
[79.821s][info][gc,phases      ] GC(98) Phase 2: Compute new object addresses 204.539ms
[79.821s][info][gc,phases,start] GC(98) Phase 3: Adjust pointers
[79.904s][info][gc,phases      ] GC(98) Phase 3: Adjust pointers 83.017ms
[79.904s][info][gc,phases,start] GC(98) Phase 4: Move objects
[79.904s][info][gc,phases      ] GC(98) Phase 4: Move objects 0.145ms
[79.906s][info][gc,heap        ] GC(98) DefNew: 145335K(629248K)->0K(629248K) Eden: 75447K(559360K)->0K(559360K) From: 69888K(69888K)->0K(69888K)
[79.906s][info][gc,heap        ] GC(98) Tenured: 639836K(1398144K)->204058K(1398144K)
[79.906s][info][gc,metaspace   ] GC(98) Metaspace: 66740K(67904K)->66740K(67904K) NonClass: 58343K(58880K)->58343K(58880K) Class: 8397K(9024K)->8397K(9024K)
[79.906s][info][gc             ] GC(98) Pause Full (System.gc()) 766M->199M(1979M) 399.380ms
[79.906s][info][gc,cpu         ] GC(98) User=0.38s Sys=0.00s Real=0.39s
[80.206s][info][gc,start       ] GC(99) Pause Young (Allocation Failure)
[80.426s][info][gc,heap        ] GC(99) DefNew: 559360K(629248K)->69888K(629248K) Eden: 559360K(559360K)->0K(559360K) From: 0K(69888K)->69888K(69888K)
[80.426s][info][gc,heap        ] GC(99) Tenured: 204058K(1398144K)->250642K(1398144K)
[80.426s][info][gc,metaspace   ] GC(99) Metaspace: 66761K(67904K)->66761K(67904K) NonClass: 58364K(58880K)->58364K(58880K) Class: 8397K(9024K)->8397K(9024K)
[80.426s][info][gc             ] GC(99) Pause Young (Allocation Failure) 745M->313M(1979M) 220.810ms
[80.426s][info][gc,cpu         ] GC(99) User=0.22s Sys=0.00s Real=0.22s
[80.716s][info][gc,start       ] GC(100) Pause Young (Allocation Failure)
[81.026s][info][gc,heap        ] GC(100) DefNew: 629248K(629248K)->57258K(629248K) Eden: 559360K(559360K)->0K(559360K) From: 69888K(69888K)->57258K(69888K)
[81.026s][info][gc,heap        ] GC(100) Tenured: 250642K(1398144K)->307235K(1398144K)
[81.027s][info][gc,metaspace   ] GC(100) Metaspace: 66761K(67904K)->66761K(67904K) NonClass: 58364K(58880K)->58364K(58880K) Class: 8397K(9024K)->8397K(9024K)
[81.027s][info][gc             ] GC(100) Pause Young (Allocation Failure) 859M->355M(1979M) 310.492ms
[81.027s][info][gc,cpu         ] GC(100) User=0.31s Sys=0.00s Real=0.31s
[81.318s][info][gc,start       ] GC(101) Pause Young (Allocation Failure)
[81.582s][info][gc,heap        ] GC(101) DefNew: 616618K(629248K)->34280K(629248K) Eden: 559360K(559360K)->0K(559360K) From: 57258K(69888K)->34280K(69888K)
[81.592s][info][gc,heap        ] GC(101) Tenured: 307235K(1398144K)->355977K(1398144K)
[81.592s][info][gc,metaspace   ] GC(101) Metaspace: 66761K(67904K)->66761K(67904K) NonClass: 58364K(58880K)->58364K(58880K) Class: 8397K(9024K)->8397K(9024K)
[81.592s][info][gc             ] GC(101) Pause Young (Allocation Failure) 902M->381M(1979M) 274.489ms
[81.592s][info][gc,cpu         ] GC(101) User=0.25s Sys=0.00s Real=0.27s
[82.458s][info][gc,start       ] GC(102) Pause Young (Allocation Failure)
[82.842s][info][gc,heap        ] GC(102) DefNew: 593640K(629248K)->69888K(629248K) Eden: 559360K(559360K)->0K(559360K) From: 34280K(69888K)->69888K(69888K)
[82.842s][info][gc,heap        ] GC(102) Tenured: 355977K(1398144K)->429830K(1398144K)
[82.842s][info][gc,metaspace   ] GC(102) Metaspace: 66778K(67968K)->66778K(67968K) NonClass: 58380K(58944K)->58380K(58944K) Class: 8397K(9024K)->8397K(9024K)
[82.842s][info][gc             ] GC(102) Pause Young (Allocation Failure) 927M->488M(1979M) 383.310ms
[82.842s][info][gc,cpu         ] GC(102) User=0.38s Sys=0.00s Real=0.39s
[83.098s][info][gc,start       ] GC(103) Pause Young (Allocation Failure)
[83.469s][info][gc,heap        ] GC(103) DefNew: 629248K(629248K)->61220K(629248K) Eden: 559360K(559360K)->0K(559360K) From: 69888K(69888K)->61220K(69888K)
[83.469s][info][gc,heap        ] GC(103) Tenured: 429830K(1398144K)->499716K(1398144K)
[83.469s][info][gc,metaspace   ] GC(103) Metaspace: 66778K(67968K)->66778K(67968K) NonClass: 58380K(58944K)->58380K(58944K) Class: 8397K(9024K)->8397K(9024K)
[83.469s][info][gc             ] GC(103) Pause Young (Allocation Failure) 1034M->547M(1979M) 370.629ms
[83.469s][info][gc,cpu         ] GC(103) User=0.38s Sys=0.00s Real=0.37s
[83.750s][info][gc,start       ] GC(104) Pause Young (Allocation Failure)
[84.070s][info][gc,heap        ] GC(104) DefNew: 620580K(629248K)->54102K(629248K) Eden: 559360K(559360K)->0K(559360K) From: 61220K(69888K)->54102K(69888K)
[84.070s][info][gc,heap        ] GC(104) Tenured: 499716K(1398144K)->544975K(1398144K)
[84.070s][info][gc,metaspace   ] GC(104) Metaspace: 66778K(67968K)->66778K(67968K) NonClass: 58380K(58944K)->58380K(58944K) Class: 8397K(9024K)->8397K(9024K)
[84.070s][info][gc             ] GC(104) Pause Young (Allocation Failure) 1094M->585M(1979M) 319.962ms
[84.070s][info][gc,cpu         ] GC(104) User=0.31s Sys=0.00s Real=0.31s
[84.965s][info][gc,start       ] GC(105) Pause Young (Allocation Failure)
[85.281s][info][gc,heap        ] GC(105) DefNew: 613462K(629248K)->43876K(629248K) Eden: 559360K(559360K)->0K(559360K) From: 54102K(69888K)->43876K(69888K)
[85.281s][info][gc,heap        ] GC(105) Tenured: 544975K(1398144K)->592769K(1398144K)
[85.281s][info][gc,metaspace   ] GC(105) Metaspace: 66802K(67968K)->66802K(67968K) NonClass: 58405K(58944K)->58405K(58944K) Class: 8397K(9024K)->8397K(9024K)
[85.281s][info][gc             ] GC(105) Pause Young (Allocation Failure) 1131M->621M(1979M) 316.161ms
[85.281s][info][gc,cpu         ] GC(105) User=0.31s Sys=0.00s Real=0.31s
[85.820s][info][gc,start       ] GC(106) Pause Young (Allocation Failure)
[86.008s][info][gc,heap        ] GC(106) DefNew: 603236K(629248K)->33842K(629248K) Eden: 559360K(559360K)->0K(559360K) From: 43876K(69888K)->33842K(69888K)
[86.008s][info][gc,heap        ] GC(106) Tenured: 592769K(1398144K)->612577K(1398144K)
[86.008s][info][gc,metaspace   ] GC(106) Metaspace: 66895K(68032K)->66895K(68032K) NonClass: 58497K(59008K)->58497K(59008K) Class: 8398K(9024K)->8398K(9024K)
[86.008s][info][gc             ] GC(106) Pause Young (Allocation Failure) 1167M->631M(1979M) 187.363ms
[86.008s][info][gc,cpu         ] GC(106) User=0.19s Sys=0.00s Real=0.19s
[86.433s][info][gc,start       ] GC(107) Pause Young (Allocation Failure)
[86.594s][info][gc,heap        ] GC(107) DefNew: 593202K(629248K)->67130K(629248K) Eden: 559360K(559360K)->0K(559360K) From: 33842K(69888K)->67130K(69888K)
[86.594s][info][gc,heap        ] GC(107) Tenured: 612577K(1398144K)->612577K(1398144K)
[86.594s][info][gc,metaspace   ] GC(107) Metaspace: 66918K(68032K)->66918K(68032K) NonClass: 58520K(59008K)->58520K(59008K) Class: 8398K(9024K)->8398K(9024K)
[86.594s][info][gc             ] GC(107) Pause Young (Allocation Failure) 1177M->663M(1979M) 160.947ms
[86.594s][info][gc,cpu         ] GC(107) User=0.16s Sys=0.00s Real=0.16s
[87.038s][info][gc,start       ] GC(108) Pause Young (Allocation Failure)
[87.152s][info][gc,heap        ] GC(108) DefNew: 626490K(629248K)->69887K(629248K) Eden: 559360K(559360K)->0K(559360K) From: 67130K(69888K)->69887K(69888K)
[87.152s][info][gc,heap        ] GC(108) Tenured: 612577K(1398144K)->638443K(1398144K)
[87.152s][info][gc,metaspace   ] GC(108) Metaspace: 66947K(68096K)->66947K(68096K) NonClass: 58548K(59072K)->58548K(59072K) Class: 8398K(9024K)->8398K(9024K)
[87.152s][info][gc             ] GC(108) Pause Young (Allocation Failure) 1210M->691M(1979M) 114.663ms
[87.152s][info][gc,cpu         ] GC(108) User=0.14s Sys=0.00s Real=0.13s
[87.436s][info][gc,start       ] GC(109) Pause Young (Allocation Failure)
[87.563s][info][gc,heap        ] GC(109) DefNew: 629247K(629248K)->69888K(629248K) Eden: 559360K(559360K)->0K(559360K) From: 69887K(69888K)->69888K(69888K)
[87.563s][info][gc,heap        ] GC(109) Tenured: 638443K(1398144K)->665579K(1398144K)
[87.563s][info][gc,metaspace   ] GC(109) Metaspace: 66959K(68160K)->66959K(68160K) NonClass: 58561K(59136K)->58561K(59136K) Class: 8398K(9024K)->8398K(9024K)
[87.563s][info][gc             ] GC(109) Pause Young (Allocation Failure) 1237M->718M(1979M) 126.557ms
[87.563s][info][gc,cpu         ] GC(109) User=0.13s Sys=0.00s Real=0.13s
[87.653s][info][gc,start       ] GC(110) Pause Full (System.gc())
[87.653s][info][gc,phases,start] GC(110) Phase 1: Mark live objects
[87.765s][info][gc,phases      ] GC(110) Phase 1: Mark live objects 112.120ms
[87.765s][info][gc,phases,start] GC(110) Phase 2: Compute new object addresses
[87.979s][info][gc,phases      ] GC(110) Phase 2: Compute new object addresses 214.169ms
[87.979s][info][gc,phases,start] GC(110) Phase 3: Adjust pointers
[88.052s][info][gc,phases      ] GC(110) Phase 3: Adjust pointers 72.561ms
[88.052s][info][gc,phases,start] GC(110) Phase 4: Move objects
[88.052s][info][gc,phases      ] GC(110) Phase 4: Move objects 0.083ms
[88.053s][info][gc,heap        ] GC(110) DefNew: 184788K(629248K)->0K(629248K) Eden: 114900K(559360K)->0K(559360K) From: 69888K(69888K)->0K(69888K)
[88.053s][info][gc,heap        ] GC(110) Tenured: 665579K(1398144K)->204266K(1398144K)
[88.053s][info][gc,metaspace   ] GC(110) Metaspace: 66959K(68160K)->66959K(68160K) NonClass: 58561K(59136K)->58561K(59136K) Class: 8398K(9024K)->8398K(9024K)
[88.053s][info][gc             ] GC(110) Pause Full (System.gc()) 830M->199M(1979M) 400.547ms
[88.053s][info][gc,cpu         ] GC(110) User=0.39s Sys=0.00s Real=0.40s
[88.357s][info][gc,start       ] GC(111) Pause Young (Allocation Failure)
[88.582s][info][gc,heap        ] GC(111) DefNew: 559360K(629248K)->69887K(629248K) Eden: 559360K(559360K)->0K(559360K) From: 0K(69888K)->69887K(69888K)
[88.582s][info][gc,heap        ] GC(111) Tenured: 204266K(1398144K)->250428K(1398144K)
[88.582s][info][gc,metaspace   ] GC(111) Metaspace: 66979K(68160K)->66979K(68160K) NonClass: 58580K(59136K)->58580K(59136K) Class: 8399K(9024K)->8399K(9024K)
[88.582s][info][gc             ] GC(111) Pause Young (Allocation Failure) 745M->312M(1979M) 225.088ms
[88.582s][info][gc,cpu         ] GC(111) User=0.23s Sys=0.00s Real=0.23s
[88.868s][info][gc,start       ] GC(112) Pause Young (Allocation Failure)
[89.167s][info][gc,heap        ] GC(112) DefNew: 629247K(629248K)->57365K(629248K) Eden: 559360K(559360K)->0K(559360K) From: 69887K(69888K)->57365K(69888K)
[89.167s][info][gc,heap        ] GC(112) Tenured: 250428K(1398144K)->307083K(1398144K)
[89.167s][info][gc,metaspace   ] GC(112) Metaspace: 66979K(68160K)->66979K(68160K) NonClass: 58580K(59136K)->58580K(59136K) Class: 8399K(9024K)->8399K(9024K)
[89.167s][info][gc             ] GC(112) Pause Young (Allocation Failure) 859M->355M(1979M) 298.729ms
[89.167s][info][gc,cpu         ] GC(112) User=0.30s Sys=0.00s Real=0.30s
[89.457s][info][gc,start       ] GC(113) Pause Young (Allocation Failure)
[89.723s][info][gc,heap        ] GC(113) DefNew: 616725K(629248K)->34391K(629248K) Eden: 559360K(559360K)->0K(559360K) From: 57365K(69888K)->34391K(69888K)
[89.723s][info][gc,heap        ] GC(113) Tenured: 307083K(1398144K)->355926K(1398144K)
[89.723s][info][gc,metaspace   ] GC(113) Metaspace: 66979K(68160K)->66979K(68160K) NonClass: 58580K(59136K)->58580K(59136K) Class: 8399K(9024K)->8399K(9024K)
[89.723s][info][gc             ] GC(113) Pause Young (Allocation Failure) 902M->381M(1979M) 265.485ms
[89.723s][info][gc,cpu         ] GC(113) User=0.27s Sys=0.00s Real=0.26s
[90.623s][info][gc,start       ] GC(114) Pause Young (Allocation Failure)
[91.011s][info][gc,heap        ] GC(114) DefNew: 593751K(629248K)->69887K(629248K) Eden: 559360K(559360K)->0K(559360K) From: 34391K(69888K)->69887K(69888K)
[91.011s][info][gc,heap        ] GC(114) Tenured: 355926K(1398144K)->429674K(1398144K)
[91.011s][info][gc,metaspace   ] GC(114) Metaspace: 66991K(68160K)->66991K(68160K) NonClass: 58591K(59136K)->58591K(59136K) Class: 8400K(9024K)->8400K(9024K)
[91.011s][info][gc             ] GC(114) Pause Young (Allocation Failure) 927M->487M(1979M) 388.371ms
[91.011s][info][gc,cpu         ] GC(114) User=0.39s Sys=0.00s Real=0.39s
[91.274s][info][gc,start       ] GC(115) Pause Young (Allocation Failure)
[91.637s][info][gc,heap        ] GC(115) DefNew: 629247K(629248K)->61495K(629248K) Eden: 559360K(559360K)->0K(559360K) From: 69887K(69888K)->61495K(69888K)
[91.637s][info][gc,heap        ] GC(115) Tenured: 429674K(1398144K)->499559K(1398144K)
[91.637s][info][gc,metaspace   ] GC(115) Metaspace: 66991K(68160K)->66991K(68160K) NonClass: 58591K(59136K)->58591K(59136K) Class: 8400K(9024K)->8400K(9024K)
[91.637s][info][gc             ] GC(115) Pause Young (Allocation Failure) 1034M->547M(1979M) 363.334ms
[91.637s][info][gc,cpu         ] GC(115) User=0.38s Sys=0.00s Real=0.38s
[91.920s][info][gc,start       ] GC(116) Pause Young (Allocation Failure)
[92.243s][info][gc,heap        ] GC(116) DefNew: 620855K(629248K)->54181K(629248K) Eden: 559360K(559360K)->0K(559360K) From: 61495K(69888K)->54181K(69888K)
[92.243s][info][gc,heap        ] GC(116) Tenured: 499559K(1398144K)->545097K(1398144K)
[92.243s][info][gc,metaspace   ] GC(116) Metaspace: 66991K(68160K)->66991K(68160K) NonClass: 58591K(59136K)->58591K(59136K) Class: 8400K(9024K)->8400K(9024K)
[92.243s][info][gc             ] GC(116) Pause Young (Allocation Failure) 1094M->585M(1979M) 323.135ms
[92.243s][info][gc,cpu         ] GC(116) User=0.33s Sys=0.00s Real=0.33s
[93.132s][info][gc,start       ] GC(117) Pause Young (Allocation Failure)
[93.456s][info][gc,heap        ] GC(117) DefNew: 613541K(629248K)->43983K(629248K) Eden: 559360K(559360K)->0K(559360K) From: 54181K(69888K)->43983K(69888K)
[93.456s][info][gc,heap        ] GC(117) Tenured: 545097K(1398144K)->592966K(1398144K)
[93.456s][info][gc,metaspace   ] GC(117) Metaspace: 67011K(68160K)->67011K(68160K) NonClass: 58611K(59136K)->58611K(59136K) Class: 8400K(9024K)->8400K(9024K)
[93.456s][info][gc             ] GC(117) Pause Young (Allocation Failure) 1131M->622M(1979M) 324.170ms
[93.456s][info][gc,cpu         ] GC(117) User=0.31s Sys=0.00s Real=0.31s
[94.006s][info][gc,start       ] GC(118) Pause Young (Allocation Failure)
[94.192s][info][gc,heap        ] GC(118) DefNew: 603343K(629248K)->33853K(629248K) Eden: 559360K(559360K)->0K(559360K) From: 43983K(69888K)->33853K(69888K)
[94.193s][info][gc,heap        ] GC(118) Tenured: 592966K(1398144K)->612776K(1398144K)
[94.193s][info][gc,metaspace   ] GC(118) Metaspace: 67054K(68224K)->67054K(68224K) NonClass: 58654K(59200K)->58654K(59200K) Class: 8400K(9024K)->8400K(9024K)
[94.193s][info][gc             ] GC(118) Pause Young (Allocation Failure) 1168M->631M(1979M) 186.308ms
[94.193s][info][gc,cpu         ] GC(118) User=0.19s Sys=0.00s Real=0.19s
[94.615s][info][gc,start       ] GC(119) Pause Young (Allocation Failure)
[94.775s][info][gc,heap        ] GC(119) DefNew: 593213K(629248K)->67167K(629248K) Eden: 559360K(559360K)->0K(559360K) From: 33853K(69888K)->67167K(69888K)
[94.775s][info][gc,heap        ] GC(119) Tenured: 612776K(1398144K)->612776K(1398144K)
[94.775s][info][gc,metaspace   ] GC(119) Metaspace: 67056K(68224K)->67056K(68224K) NonClass: 58656K(59200K)->58656K(59200K) Class: 8400K(9024K)->8400K(9024K)
[94.775s][info][gc             ] GC(119) Pause Young (Allocation Failure) 1177M->664M(1979M) 160.137ms
[94.775s][info][gc,cpu         ] GC(119) User=0.17s Sys=0.00s Real=0.17s
[95.226s][info][gc,start       ] GC(120) Pause Young (Allocation Failure)
[95.341s][info][gc,heap        ] GC(120) DefNew: 626527K(629248K)->69888K(629248K) Eden: 559360K(559360K)->0K(559360K) From: 67167K(69888K)->69888K(69888K)
[95.341s][info][gc,heap        ] GC(120) Tenured: 612776K(1398144K)->640211K(1398144K)
[95.342s][info][gc,metaspace   ] GC(120) Metaspace: 67069K(68224K)->67069K(68224K) NonClass: 58669K(59200K)->58669K(59200K) Class: 8400K(9024K)->8400K(9024K)
[95.342s][info][gc             ] GC(120) Pause Young (Allocation Failure) 1210M->693M(1979M) 115.264ms
[95.342s][info][gc,cpu         ] GC(120) User=0.11s Sys=0.00s Real=0.11s
[95.636s][info][gc,start       ] GC(121) Pause Young (Allocation Failure)
[95.774s][info][gc,heap        ] GC(121) DefNew: 629248K(629248K)->69887K(629248K) Eden: 559360K(559360K)->0K(559360K) From: 69888K(69888K)->69887K(69888K)
[95.774s][info][gc,heap        ] GC(121) Tenured: 640211K(1398144K)->674527K(1398144K)
[95.774s][info][gc,metaspace   ] GC(121) Metaspace: 67071K(68224K)->67071K(68224K) NonClass: 58671K(59200K)->58671K(59200K) Class: 8400K(9024K)->8400K(9024K)
[95.774s][info][gc             ] GC(121) Pause Young (Allocation Failure) 1239M->726M(1979M) 137.703ms
[95.774s][info][gc,cpu         ] GC(121) User=0.14s Sys=0.00s Real=0.14s
[95.861s][info][gc,start       ] GC(122) Pause Full (System.gc())
[95.861s][info][gc,phases,start] GC(122) Phase 1: Mark live objects
[95.988s][info][gc,phases      ] GC(122) Phase 1: Mark live objects 126.382ms
[95.988s][info][gc,phases,start] GC(122) Phase 2: Compute new object addresses
[96.202s][info][gc,phases      ] GC(122) Phase 2: Compute new object addresses 213.619ms
[96.202s][info][gc,phases,start] GC(122) Phase 3: Adjust pointers
[96.277s][info][gc,phases      ] GC(122) Phase 3: Adjust pointers 75.524ms
[96.277s][info][gc,phases,start] GC(122) Phase 4: Move objects
[96.322s][info][gc,phases      ] GC(122) Phase 4: Move objects 44.757ms
[96.323s][info][gc,heap        ] GC(122) DefNew: 179546K(629248K)->0K(629248K) Eden: 109658K(559360K)->0K(559360K) From: 69887K(69888K)->0K(69888K)
[96.323s][info][gc,heap        ] GC(122) Tenured: 674527K(1398144K)->149533K(1398144K)
[96.323s][info][gc,metaspace   ] GC(122) Metaspace: 67071K(68224K)->67071K(68224K) NonClass: 58671K(59200K)->58671K(59200K) Class: 8400K(9024K)->8400K(9024K)
[96.323s][info][gc             ] GC(122) Pause Full (System.gc()) 834M->146M(1979M) 461.949ms
[96.323s][info][gc,cpu         ] GC(122) User=0.47s Sys=0.00s Real=0.47s
[96.633s][info][gc,start       ] GC(123) Pause Young (Allocation Failure)
[96.855s][info][gc,heap        ] GC(123) DefNew: 559360K(629248K)->69888K(629248K) Eden: 559360K(559360K)->0K(559360K) From: 0K(69888K)->69888K(69888K)
[96.855s][info][gc,heap        ] GC(123) Tenured: 149533K(1398144K)->195935K(1398144K)
[96.855s][info][gc,metaspace   ] GC(123) Metaspace: 67080K(68224K)->67080K(68224K) NonClass: 58680K(59200K)->58680K(59200K) Class: 8400K(9024K)->8400K(9024K)
[96.855s][info][gc             ] GC(123) Pause Young (Allocation Failure) 692M->259M(1979M) 221.843ms
[96.855s][info][gc,cpu         ] GC(123) User=0.23s Sys=0.00s Real=0.23s
[97.141s][info][gc,start       ] GC(124) Pause Young (Allocation Failure)
[97.451s][info][gc,heap        ] GC(124) DefNew: 629248K(629248K)->57337K(629248K) Eden: 559360K(559360K)->0K(559360K) From: 69888K(69888K)->57337K(69888K)
[97.451s][info][gc,heap        ] GC(124) Tenured: 195935K(1398144K)->252557K(1398144K)
[97.451s][info][gc,metaspace   ] GC(124) Metaspace: 67080K(68224K)->67080K(68224K) NonClass: 58680K(59200K)->58680K(59200K) Class: 8400K(9024K)->8400K(9024K)
[97.451s][info][gc             ] GC(124) Pause Young (Allocation Failure) 805M->302M(1979M) 309.510ms
[97.451s][info][gc,cpu         ] GC(124) User=0.31s Sys=0.00s Real=0.31s
[97.741s][info][gc,start       ] GC(125) Pause Young (Allocation Failure)
[98.020s][info][gc,heap        ] GC(125) DefNew: 616697K(629248K)->34265K(629248K) Eden: 559360K(559360K)->0K(559360K) From: 57337K(69888K)->34265K(69888K)
[98.020s][info][gc,heap        ] GC(125) Tenured: 252557K(1398144K)->301385K(1398144K)
[98.020s][info][gc,metaspace   ] GC(125) Metaspace: 67080K(68224K)->67080K(68224K) NonClass: 58680K(59200K)->58680K(59200K) Class: 8400K(9024K)->8400K(9024K)
[98.020s][info][gc             ] GC(125) Pause Young (Allocation Failure) 848M->327M(1979M) 279.467ms
[98.020s][info][gc,cpu         ] GC(125) User=0.28s Sys=0.00s Real=0.28s
[98.857s][info][gc,start       ] GC(126) Pause Young (Allocation Failure)
[99.243s][info][gc,heap        ] GC(126) DefNew: 593625K(629248K)->69888K(629248K) Eden: 559360K(559360K)->0K(559360K) From: 34265K(69888K)->69888K(69888K)
[99.243s][info][gc,heap        ] GC(126) Tenured: 301385K(1398144K)->375073K(1398144K)
[99.243s][info][gc,metaspace   ] GC(126) Metaspace: 67085K(68224K)->67085K(68224K) NonClass: 58685K(59200K)->58685K(59200K) Class: 8400K(9024K)->8400K(9024K)
[99.243s][info][gc             ] GC(126) Pause Young (Allocation Failure) 874M->434M(1979M) 385.734ms
[99.243s][info][gc,cpu         ] GC(126) User=0.41s Sys=0.00s Real=0.40s
[99.500s][info][gc,start       ] GC(127) Pause Young (Allocation Failure)
[99.878s][info][gc,heap        ] GC(127) DefNew: 629248K(629248K)->61408K(629248K) Eden: 559360K(559360K)->0K(559360K) From: 69888K(69888K)->61408K(69888K)
[99.878s][info][gc,heap        ] GC(127) Tenured: 375073K(1398144K)->444955K(1398144K)
[99.878s][info][gc,metaspace   ] GC(127) Metaspace: 67085K(68224K)->67085K(68224K) NonClass: 58685K(59200K)->58685K(59200K) Class: 8400K(9024K)->8400K(9024K)
[99.878s][info][gc             ] GC(127) Pause Young (Allocation Failure) 980M->494M(1979M) 378.222ms
[99.879s][info][gc,cpu         ] GC(127) User=0.38s Sys=0.00s Real=0.37s
[100.164s][info][gc,start       ] GC(128) Pause Young (Allocation Failure)
[100.472s][info][gc,heap        ] GC(128) DefNew: 620768K(629248K)->54222K(629248K) Eden: 559360K(559360K)->0K(559360K) From: 61408K(69888K)->54222K(69888K)
[100.473s][info][gc,heap        ] GC(128) Tenured: 444955K(1398144K)->490397K(1398144K)
[100.473s][info][gc,metaspace   ] GC(128) Metaspace: 67085K(68224K)->67085K(68224K) NonClass: 58685K(59200K)->58685K(59200K) Class: 8400K(9024K)->8400K(9024K)
[100.473s][info][gc             ] GC(128) Pause Young (Allocation Failure) 1040M->531M(1979M) 308.607ms
[100.473s][info][gc,cpu         ] GC(128) User=0.31s Sys=0.00s Real=0.31s
[101.360s][info][gc,start       ] GC(129) Pause Young (Allocation Failure)
[101.715s][info][gc,heap        ] GC(129) DefNew: 613582K(629248K)->51778K(629248K) Eden: 559360K(559360K)->0K(559360K) From: 54222K(69888K)->51778K(69888K)
[101.715s][info][gc,heap        ] GC(129) Tenured: 490397K(1398144K)->538333K(1398144K)
[101.715s][info][gc,metaspace   ] GC(129) Metaspace: 67096K(68288K)->67096K(68288K) NonClass: 58696K(59264K)->58696K(59264K) Class: 8400K(9024K)->8400K(9024K)
[101.715s][info][gc             ] GC(129) Pause Young (Allocation Failure) 1078M->576M(1979M) 354.603ms
[101.715s][info][gc,cpu         ] GC(129) User=0.34s Sys=0.00s Real=0.34s
[102.294s][info][gc,start       ] GC(130) Pause Young (Allocation Failure)
[102.482s][info][gc,heap        ] GC(130) DefNew: 611138K(629248K)->33631K(629248K) Eden: 559360K(559360K)->0K(559360K) From: 51778K(69888K)->33631K(69888K)
[102.482s][info][gc,heap        ] GC(130) Tenured: 538333K(1398144K)->558042K(1398144K)
[102.482s][info][gc,metaspace   ] GC(130) Metaspace: 67123K(68288K)->67123K(68288K) NonClass: 58722K(59264K)->58722K(59264K) Class: 8400K(9024K)->8400K(9024K)
[102.482s][info][gc             ] GC(130) Pause Young (Allocation Failure) 1122M->577M(1979M) 187.814ms
[102.482s][info][gc,cpu         ] GC(130) User=0.19s Sys=0.00s Real=0.19s
[102.970s][info][gc,start       ] GC(131) Pause Young (Allocation Failure)
[103.135s][info][gc,heap        ] GC(131) DefNew: 592991K(629248K)->68226K(629248K) Eden: 559360K(559360K)->0K(559360K) From: 33631K(69888K)->68226K(69888K)
[103.135s][info][gc,heap        ] GC(131) Tenured: 558042K(1398144K)->558042K(1398144K)
[103.135s][info][gc,metaspace   ] GC(131) Metaspace: 67133K(68288K)->67133K(68288K) NonClass: 58733K(59264K)->58733K(59264K) Class: 8400K(9024K)->8400K(9024K)
[103.135s][info][gc             ] GC(131) Pause Young (Allocation Failure) 1124M->611M(1979M) 164.839ms
[103.135s][info][gc,cpu         ] GC(131) User=0.17s Sys=0.00s Real=0.16s
[103.608s][info][gc,start       ] GC(132) Pause Young (Allocation Failure)
[103.702s][info][gc,heap        ] GC(132) DefNew: 627586K(629248K)->52741K(629248K) Eden: 559360K(559360K)->0K(559360K) From: 68226K(69888K)->52741K(69888K)
[103.702s][info][gc,heap        ] GC(132) Tenured: 558042K(1398144K)->558174K(1398144K)
[103.702s][info][gc,metaspace   ] GC(132) Metaspace: 67138K(68288K)->67138K(68288K) NonClass: 58738K(59264K)->58738K(59264K) Class: 8400K(9024K)->8400K(9024K)
[103.702s][info][gc             ] GC(132) Pause Young (Allocation Failure) 1157M->596M(1979M) 94.662ms
[103.702s][info][gc,cpu         ] GC(132) User=0.09s Sys=0.00s Real=0.09s
[104.018s][info][gc,start       ] GC(133) Pause Young (Allocation Failure)
[104.154s][info][gc,heap        ] GC(133) DefNew: 612101K(629248K)->69887K(629248K) Eden: 559360K(559360K)->0K(559360K) From: 52741K(69888K)->69887K(69888K)
[104.154s][info][gc,heap        ] GC(133) Tenured: 558174K(1398144K)->593561K(1398144K)
[104.154s][info][gc,metaspace   ] GC(133) Metaspace: 67169K(68352K)->67169K(68352K) NonClass: 58769K(59328K)->58769K(59328K) Class: 8400K(9024K)->8400K(9024K)
[104.154s][info][gc             ] GC(133) Pause Young (Allocation Failure) 1142M->647M(1979M) 135.703ms
[104.154s][info][gc,cpu         ] GC(133) User=0.14s Sys=0.00s Real=0.14s
[104.229s][info][gc,start       ] GC(134) Pause Full (System.gc())
[104.229s][info][gc,phases,start] GC(134) Phase 1: Mark live objects
[104.342s][info][gc,phases      ] GC(134) Phase 1: Mark live objects 113.424ms
[104.342s][info][gc,phases,start] GC(134) Phase 2: Compute new object addresses
[104.550s][info][gc,phases      ] GC(134) Phase 2: Compute new object addresses 208.042ms
[104.550s][info][gc,phases,start] GC(134) Phase 3: Adjust pointers
[104.623s][info][gc,phases      ] GC(134) Phase 3: Adjust pointers 72.431ms
[104.623s][info][gc,phases,start] GC(134) Phase 4: Move objects
[104.623s][info][gc,phases      ] GC(134) Phase 4: Move objects 0.074ms
[104.624s][info][gc,heap        ] GC(134) DefNew: 167397K(629248K)->0K(629248K) Eden: 97509K(559360K)->0K(559360K) From: 69887K(69888K)->0K(69888K)
[104.624s][info][gc,heap        ] GC(134) Tenured: 593561K(1398144K)->209718K(1398144K)
[104.624s][info][gc,metaspace   ] GC(134) Metaspace: 67169K(68352K)->67169K(68352K) NonClass: 58769K(59328K)->58769K(59328K) Class: 8400K(9024K)->8400K(9024K)
[104.624s][info][gc             ] GC(134) Pause Full (System.gc()) 743M->204M(1979M) 395.575ms
[104.624s][info][gc,cpu         ] GC(134) User=0.39s Sys=0.00s Real=0.38s
[104.937s][info][gc,start       ] GC(135) Pause Young (Allocation Failure)
[105.157s][info][gc,heap        ] GC(135) DefNew: 559360K(629248K)->69887K(629248K) Eden: 559360K(559360K)->0K(559360K) From: 0K(69888K)->69887K(69888K)
[105.157s][info][gc,heap        ] GC(135) Tenured: 209718K(1398144K)->257169K(1398144K)
[105.157s][info][gc,metaspace   ] GC(135) Metaspace: 67176K(68352K)->67176K(68352K) NonClass: 58776K(59328K)->58776K(59328K) Class: 8400K(9024K)->8400K(9024K)
[105.157s][info][gc             ] GC(135) Pause Young (Allocation Failure) 751M->319M(1979M) 219.312ms
[105.157s][info][gc,cpu         ] GC(135) User=0.22s Sys=0.00s Real=0.22s
[105.445s][info][gc,start       ] GC(136) Pause Young (Allocation Failure)
[105.786s][info][gc,heap        ] GC(136) DefNew: 629247K(629248K)->57213K(629248K) Eden: 559360K(559360K)->0K(559360K) From: 69887K(69888K)->57213K(69888K)
[105.786s][info][gc,heap        ] GC(136) Tenured: 257169K(1398144K)->312770K(1398144K)
[105.786s][info][gc,metaspace   ] GC(136) Metaspace: 67176K(68352K)->67176K(68352K) NonClass: 58776K(59328K)->58776K(59328K) Class: 8400K(9024K)->8400K(9024K)
[105.786s][info][gc             ] GC(136) Pause Young (Allocation Failure) 865M->361M(1979M) 341.231ms
[105.786s][info][gc,cpu         ] GC(136) User=0.36s Sys=0.00s Real=0.35s
[106.075s][info][gc,start       ] GC(137) Pause Young (Allocation Failure)
[106.338s][info][gc,heap        ] GC(137) DefNew: 616573K(629248K)->34335K(629248K) Eden: 559360K(559360K)->0K(559360K) From: 57213K(69888K)->34335K(69888K)
[106.338s][info][gc,heap        ] GC(137) Tenured: 312770K(1398144K)->361467K(1398144K)
[106.338s][info][gc,metaspace   ] GC(137) Metaspace: 67176K(68352K)->67176K(68352K) NonClass: 58776K(59328K)->58776K(59328K) Class: 8400K(9024K)->8400K(9024K)
[106.338s][info][gc             ] GC(137) Pause Young (Allocation Failure) 907M->386M(1979M) 263.176ms
[106.338s][info][gc,cpu         ] GC(137) User=0.27s Sys=0.00s Real=0.27s
[107.204s][info][gc,start       ] GC(138) Pause Young (Allocation Failure)
[107.588s][info][gc,heap        ] GC(138) DefNew: 593695K(629248K)->69888K(629248K) Eden: 559360K(559360K)->0K(559360K) From: 34335K(69888K)->69888K(69888K)
[107.588s][info][gc,heap        ] GC(138) Tenured: 361467K(1398144K)->434836K(1398144K)
[107.588s][info][gc,metaspace   ] GC(138) Metaspace: 67197K(68352K)->67197K(68352K) NonClass: 58796K(59328K)->58796K(59328K) Class: 8401K(9024K)->8401K(9024K)
[107.588s][info][gc             ] GC(138) Pause Young (Allocation Failure) 932M->492M(1979M) 384.294ms
[107.588s][info][gc,cpu         ] GC(138) User=0.38s Sys=0.00s Real=0.38s
[107.843s][info][gc,start       ] GC(139) Pause Young (Allocation Failure)
[108.220s][info][gc,heap        ] GC(139) DefNew: 629248K(629248K)->61662K(629248K) Eden: 559360K(559360K)->0K(559360K) From: 69888K(69888K)->61662K(69888K)
[108.220s][info][gc,heap        ] GC(139) Tenured: 434836K(1398144K)->504722K(1398144K)
[108.220s][info][gc,metaspace   ] GC(139) Metaspace: 67201K(68352K)->67201K(68352K) NonClass: 58800K(59328K)->58800K(59328K) Class: 8401K(9024K)->8401K(9024K)
[108.220s][info][gc             ] GC(139) Pause Young (Allocation Failure) 1039M->553M(1979M) 376.245ms
[108.220s][info][gc,cpu         ] GC(139) User=0.38s Sys=0.00s Real=0.38s
[108.507s][info][gc,start       ] GC(140) Pause Young (Allocation Failure)
[108.806s][info][gc,heap        ] GC(140) DefNew: 621022K(629248K)->54211K(629248K) Eden: 559360K(559360K)->0K(559360K) From: 61662K(69888K)->54211K(69888K)
[108.807s][info][gc,heap        ] GC(140) Tenured: 504722K(1398144K)->550450K(1398144K)
[108.807s][info][gc,metaspace   ] GC(140) Metaspace: 67201K(68352K)->67201K(68352K) NonClass: 58800K(59328K)->58800K(59328K) Class: 8401K(9024K)->8401K(9024K)
[108.807s][info][gc             ] GC(140) Pause Young (Allocation Failure) 1099M->590M(1979M) 299.900ms
[108.807s][info][gc,cpu         ] GC(140) User=0.30s Sys=0.00s Real=0.30s
[109.703s][info][gc,start       ] GC(141) Pause Young (Allocation Failure)
[110.056s][info][gc,heap        ] GC(141) DefNew: 613571K(629248K)->51997K(629248K) Eden: 559360K(559360K)->0K(559360K) From: 54211K(69888K)->51997K(69888K)
[110.056s][info][gc,heap        ] GC(141) Tenured: 550450K(1398144K)->598326K(1398144K)
[110.056s][info][gc,metaspace   ] GC(141) Metaspace: 67227K(68416K)->67227K(68416K) NonClass: 58826K(59392K)->58826K(59392K) Class: 8401K(9024K)->8401K(9024K)
[110.056s][info][gc             ] GC(141) Pause Young (Allocation Failure) 1136M->635M(1979M) 353.145ms
[110.056s][info][gc,cpu         ] GC(141) User=0.36s Sys=0.00s Real=0.36s
[110.606s][info][gc,start       ] GC(142) Pause Young (Allocation Failure)
[110.793s][info][gc,heap        ] GC(142) DefNew: 611357K(629248K)->33845K(629248K) Eden: 559360K(559360K)->0K(559360K) From: 51997K(69888K)->33845K(69888K)
[110.793s][info][gc,heap        ] GC(142) Tenured: 598326K(1398144K)->618253K(1398144K)
[110.793s][info][gc,metaspace   ] GC(142) Metaspace: 67298K(68416K)->67298K(68416K) NonClass: 58897K(59392K)->58897K(59392K) Class: 8401K(9024K)->8401K(9024K)
[110.794s][info][gc             ] GC(142) Pause Young (Allocation Failure) 1181M->636M(1979M) 187.435ms
[110.794s][info][gc,cpu         ] GC(142) User=0.19s Sys=0.00s Real=0.19s
[111.239s][info][gc,start       ] GC(143) Pause Young (Allocation Failure)
[111.399s][info][gc,heap        ] GC(143) DefNew: 593205K(629248K)->67958K(629248K) Eden: 559360K(559360K)->0K(559360K) From: 33845K(69888K)->67958K(69888K)
[111.399s][info][gc,heap        ] GC(143) Tenured: 618253K(1398144K)->618253K(1398144K)
[111.399s][info][gc,metaspace   ] GC(143) Metaspace: 67310K(68480K)->67310K(68480K) NonClass: 58908K(59456K)->58908K(59456K) Class: 8402K(9024K)->8402K(9024K)
[111.399s][info][gc             ] GC(143) Pause Young (Allocation Failure) 1183M->670M(1979M) 160.909ms
[111.399s][info][gc,cpu         ] GC(143) User=0.16s Sys=0.00s Real=0.16s
[111.830s][info][gc,start       ] GC(144) Pause Young (Allocation Failure)
[111.941s][info][gc,heap        ] GC(144) DefNew: 627318K(629248K)->69888K(629248K) Eden: 559360K(559360K)->0K(559360K) From: 67958K(69888K)->69888K(69888K)
[111.941s][info][gc,heap        ] GC(144) Tenured: 618253K(1398144K)->640404K(1398144K)
[111.941s][info][gc,metaspace   ] GC(144) Metaspace: 67318K(68480K)->67318K(68480K) NonClass: 58916K(59456K)->58916K(59456K) Class: 8402K(9024K)->8402K(9024K)
[111.941s][info][gc             ] GC(144) Pause Young (Allocation Failure) 1216M->693M(1979M) 111.329ms
[111.941s][info][gc,cpu         ] GC(144) User=0.11s Sys=0.00s Real=0.11s
[112.207s][info][gc,start       ] GC(145) Pause Young (Allocation Failure)
[112.340s][info][gc,heap        ] GC(145) DefNew: 629248K(629248K)->69888K(629248K) Eden: 559360K(559360K)->0K(559360K) From: 69888K(69888K)->69888K(69888K)
[112.340s][info][gc,heap        ] GC(145) Tenured: 640404K(1398144K)->671256K(1398144K)
[112.340s][info][gc,metaspace   ] GC(145) Metaspace: 67319K(68480K)->67319K(68480K) NonClass: 58917K(59456K)->58917K(59456K) Class: 8402K(9024K)->8402K(9024K)
[112.341s][info][gc             ] GC(145) Pause Young (Allocation Failure) 1239M->723M(1979M) 133.794ms
[112.341s][info][gc,cpu         ] GC(145) User=0.13s Sys=0.00s Real=0.13s
[112.436s][info][gc,start       ] GC(146) Pause Full (System.gc())
[112.436s][info][gc,phases,start] GC(146) Phase 1: Mark live objects
[112.547s][info][gc,phases      ] GC(146) Phase 1: Mark live objects 111.074ms
[112.547s][info][gc,phases,start] GC(146) Phase 2: Compute new object addresses
[112.766s][info][gc,phases      ] GC(146) Phase 2: Compute new object addresses 218.823ms
[112.766s][info][gc,phases,start] GC(146) Phase 3: Adjust pointers
[112.840s][info][gc,phases      ] GC(146) Phase 3: Adjust pointers 73.530ms
[112.840s][info][gc,phases,start] GC(146) Phase 4: Move objects
[112.840s][info][gc,phases      ] GC(146) Phase 4: Move objects 0.089ms
[112.841s][info][gc,heap        ] GC(146) DefNew: 196564K(629248K)->0K(629248K) Eden: 126676K(559360K)->0K(559360K) From: 69888K(69888K)->0K(69888K)
[112.841s][info][gc,heap        ] GC(146) Tenured: 671256K(1398144K)->209932K(1398144K)
[112.841s][info][gc,metaspace   ] GC(146) Metaspace: 67319K(68480K)->67319K(68480K) NonClass: 58917K(59456K)->58917K(59456K) Class: 8402K(9024K)->8402K(9024K)
[112.841s][info][gc             ] GC(146) Pause Full (System.gc()) 847M->205M(1979M) 405.144ms
[112.841s][info][gc,cpu         ] GC(146) User=0.41s Sys=0.00s Real=0.41s
[113.132s][info][gc,start       ] GC(147) Pause Young (Allocation Failure)
[113.355s][info][gc,heap        ] GC(147) DefNew: 559360K(629248K)->69888K(629248K) Eden: 559360K(559360K)->0K(559360K) From: 0K(69888K)->69888K(69888K)
[113.355s][info][gc,heap        ] GC(147) Tenured: 209932K(1398144K)->256274K(1398144K)
[113.355s][info][gc,metaspace   ] GC(147) Metaspace: 67329K(68480K)->67329K(68480K) NonClass: 58927K(59456K)->58927K(59456K) Class: 8402K(9024K)->8402K(9024K)
[113.355s][info][gc             ] GC(147) Pause Young (Allocation Failure) 751M->318M(1979M) 223.197ms
[113.355s][info][gc,cpu         ] GC(147) User=0.20s Sys=0.00s Real=0.22s
[113.648s][info][gc,start       ] GC(148) Pause Young (Allocation Failure)
[113.965s][info][gc,heap        ] GC(148) DefNew: 629248K(629248K)->57331K(629248K) Eden: 559360K(559360K)->0K(559360K) From: 69888K(69888K)->57331K(69888K)
[113.965s][info][gc,heap        ] GC(148) Tenured: 256274K(1398144K)->312907K(1398144K)
[113.965s][info][gc,metaspace   ] GC(148) Metaspace: 67329K(68480K)->67329K(68480K) NonClass: 58927K(59456K)->58927K(59456K) Class: 8402K(9024K)->8402K(9024K)
[113.965s][info][gc             ] GC(148) Pause Young (Allocation Failure) 864M->361M(1979M) 317.503ms
[113.965s][info][gc,cpu         ] GC(148) User=0.33s Sys=0.00s Real=0.32s
[114.260s][info][gc,start       ] GC(149) Pause Young (Allocation Failure)
[114.532s][info][gc,heap        ] GC(149) DefNew: 616691K(629248K)->34414K(629248K) Eden: 559360K(559360K)->0K(559360K) From: 57331K(69888K)->34414K(69888K)
[114.532s][info][gc,heap        ] GC(149) Tenured: 312907K(1398144K)->361704K(1398144K)
[114.532s][info][gc,metaspace   ] GC(149) Metaspace: 67329K(68480K)->67329K(68480K) NonClass: 58927K(59456K)->58927K(59456K) Class: 8402K(9024K)->8402K(9024K)
[114.533s][info][gc             ] GC(149) Pause Young (Allocation Failure) 907M->386M(1979M) 272.350ms
[114.533s][info][gc,cpu         ] GC(149) User=0.27s Sys=0.00s Real=0.27s
[115.448s][info][gc,start       ] GC(150) Pause Young (Allocation Failure)
[115.839s][info][gc,heap        ] GC(150) DefNew: 593774K(629248K)->69887K(629248K) Eden: 559360K(559360K)->0K(559360K) From: 34414K(69888K)->69887K(69888K)
[115.839s][info][gc,heap        ] GC(150) Tenured: 361704K(1398144K)->435614K(1398144K)
[115.839s][info][gc,metaspace   ] GC(150) Metaspace: 67335K(68480K)->67335K(68480K) NonClass: 58933K(59456K)->58933K(59456K) Class: 8402K(9024K)->8402K(9024K)
[115.839s][info][gc             ] GC(150) Pause Young (Allocation Failure) 933M->493M(1979M) 390.777ms
[115.839s][info][gc,cpu         ] GC(150) User=0.39s Sys=0.00s Real=0.40s
[116.101s][info][gc,start       ] GC(151) Pause Young (Allocation Failure)
[116.481s][info][gc,heap        ] GC(151) DefNew: 629247K(629248K)->61074K(629248K) Eden: 559360K(559360K)->0K(559360K) From: 69887K(69888K)->61074K(69888K)
[116.481s][info][gc,heap        ] GC(151) Tenured: 435614K(1398144K)->497440K(1398144K)
[116.481s][info][gc,metaspace   ] GC(151) Metaspace: 67335K(68480K)->67335K(68480K) NonClass: 58933K(59456K)->58933K(59456K) Class: 8402K(9024K)->8402K(9024K)
[116.481s][info][gc             ] GC(151) Pause Young (Allocation Failure) 1039M->545M(1979M) 380.847ms
[116.481s][info][gc,cpu         ] GC(151) User=0.39s Sys=0.00s Real=0.38s
[116.767s][info][gc,start       ] GC(152) Pause Young (Allocation Failure)
[117.081s][info][gc,heap        ] GC(152) DefNew: 620434K(629248K)->54308K(629248K) Eden: 559360K(559360K)->0K(559360K) From: 61074K(69888K)->54308K(69888K)
[117.081s][info][gc,heap        ] GC(152) Tenured: 497440K(1398144K)->542565K(1398144K)
[117.081s][info][gc,metaspace   ] GC(152) Metaspace: 67335K(68480K)->67335K(68480K) NonClass: 58933K(59456K)->58933K(59456K) Class: 8402K(9024K)->8402K(9024K)
[117.081s][info][gc             ] GC(152) Pause Young (Allocation Failure) 1091M->582M(1979M) 313.224ms
[117.081s][info][gc,cpu         ] GC(152) User=0.30s Sys=0.00s Real=0.30s
[117.988s][info][gc,start       ] GC(153) Pause Young (Allocation Failure)
[118.341s][info][gc,heap        ] GC(153) DefNew: 613668K(629248K)->51904K(629248K) Eden: 559360K(559360K)->0K(559360K) From: 54308K(69888K)->51904K(69888K)
[118.341s][info][gc,heap        ] GC(153) Tenured: 542565K(1398144K)->590548K(1398144K)
[118.341s][info][gc,metaspace   ] GC(153) Metaspace: 67350K(68480K)->67350K(68480K) NonClass: 58948K(59456K)->58948K(59456K) Class: 8402K(9024K)->8402K(9024K)
[118.341s][info][gc             ] GC(153) Pause Young (Allocation Failure) 1129M->627M(1979M) 352.936ms
[118.341s][info][gc,cpu         ] GC(153) User=0.36s Sys=0.00s Real=0.36s
[118.873s][info][gc,start       ] GC(154) Pause Young (Allocation Failure)
[119.061s][info][gc,heap        ] GC(154) DefNew: 611264K(629248K)->33863K(629248K) Eden: 559360K(559360K)->0K(559360K) From: 51904K(69888K)->33863K(69888K)
[119.061s][info][gc,heap        ] GC(154) Tenured: 590548K(1398144K)->610383K(1398144K)
[119.061s][info][gc,metaspace   ] GC(154) Metaspace: 67392K(68544K)->67392K(68544K) NonClass: 58989K(59520K)->58989K(59520K) Class: 8402K(9024K)->8402K(9024K)
[119.061s][info][gc             ] GC(154) Pause Young (Allocation Failure) 1173M->629M(1979M) 187.723ms
[119.061s][info][gc,cpu         ] GC(154) User=0.19s Sys=0.00s Real=0.19s
[119.481s][info][gc,start       ] GC(155) Pause Young (Allocation Failure)
[119.642s][info][gc,heap        ] GC(155) DefNew: 593223K(629248K)->66447K(629248K) Eden: 559360K(559360K)->0K(559360K) From: 33863K(69888K)->66447K(69888K)
[119.642s][info][gc,heap        ] GC(155) Tenured: 610383K(1398144K)->610383K(1398144K)
[119.642s][info][gc,metaspace   ] GC(155) Metaspace: 67401K(68544K)->67401K(68544K) NonClass: 58998K(59520K)->58998K(59520K) Class: 8402K(9024K)->8402K(9024K)
[119.642s][info][gc             ] GC(155) Pause Young (Allocation Failure) 1175M->660M(1979M) 161.014ms
[119.642s][info][gc,cpu         ] GC(155) User=0.16s Sys=0.00s Real=0.16s
[120.105s][info][gc,start       ] GC(156) Pause Young (Allocation Failure)
[120.222s][info][gc,heap        ] GC(156) DefNew: 625807K(629248K)->69888K(629248K) Eden: 559360K(559360K)->0K(559360K) From: 66447K(69888K)->69888K(69888K)
[120.222s][info][gc,heap        ] GC(156) Tenured: 610383K(1398144K)->616023K(1398144K)
[120.222s][info][gc,metaspace   ] GC(156) Metaspace: 67401K(68544K)->67401K(68544K) NonClass: 58998K(59520K)->58998K(59520K) Class: 8402K(9024K)->8402K(9024K)
[120.222s][info][gc             ] GC(156) Pause Young (Allocation Failure) 1207M->669M(1979M) 116.910ms
[120.222s][info][gc,cpu         ] GC(156) User=0.11s Sys=0.00s Real=0.11s
[120.510s][info][gc,start       ] GC(157) Pause Young (Allocation Failure)
[120.637s][info][gc,heap        ] GC(157) DefNew: 629248K(629248K)->69888K(629248K) Eden: 559360K(559360K)->0K(559360K) From: 69888K(69888K)->69888K(69888K)
[120.637s][info][gc,heap        ] GC(157) Tenured: 616023K(1398144K)->645903K(1398144K)
[120.637s][info][gc,metaspace   ] GC(157) Metaspace: 67407K(68544K)->67407K(68544K) NonClass: 59004K(59520K)->59004K(59520K) Class: 8402K(9024K)->8402K(9024K)
[120.637s][info][gc             ] GC(157) Pause Young (Allocation Failure) 1216M->699M(1979M) 126.819ms
[120.637s][info][gc,cpu         ] GC(157) User=0.13s Sys=0.00s Real=0.12s
[120.714s][info][gc,start       ] GC(158) Pause Full (System.gc())
[120.715s][info][gc,phases,start] GC(158) Phase 1: Mark live objects
[120.828s][info][gc,phases      ] GC(158) Phase 1: Mark live objects 113.628ms
[120.828s][info][gc,phases,start] GC(158) Phase 2: Compute new object addresses
[121.038s][info][gc,phases      ] GC(158) Phase 2: Compute new object addresses 209.284ms
[121.038s][info][gc,phases,start] GC(158) Phase 3: Adjust pointers
[121.111s][info][gc,phases      ] GC(158) Phase 3: Adjust pointers 72.854ms
[121.111s][info][gc,phases,start] GC(158) Phase 4: Move objects
[121.111s][info][gc,phases      ] GC(158) Phase 4: Move objects 0.089ms
[121.112s][info][gc,heap        ] GC(158) DefNew: 171151K(629248K)->0K(629248K) Eden: 101263K(559360K)->0K(559360K) From: 69888K(69888K)->0K(69888K)
[121.112s][info][gc,heap        ] GC(158) Tenured: 645903K(1398144K)->210142K(1398144K)
[121.112s][info][gc,metaspace   ] GC(158) Metaspace: 67407K(68544K)->67407K(68544K) NonClass: 59004K(59520K)->59004K(59520K) Class: 8402K(9024K)->8402K(9024K)
[121.112s][info][gc             ] GC(158) Pause Full (System.gc()) 797M->205M(1979M) 397.544ms
[121.112s][info][gc,cpu         ] GC(158) User=0.41s Sys=0.00s Real=0.41s
[121.418s][info][gc,start       ] GC(159) Pause Young (Allocation Failure)
[121.644s][info][gc,heap        ] GC(159) DefNew: 559360K(629248K)->69888K(629248K) Eden: 559360K(559360K)->0K(559360K) From: 0K(69888K)->69888K(69888K)
[121.644s][info][gc,heap        ] GC(159) Tenured: 210142K(1398144K)->256263K(1398144K)
[121.644s][info][gc,metaspace   ] GC(159) Metaspace: 67417K(68544K)->67417K(68544K) NonClass: 59014K(59520K)->59014K(59520K) Class: 8402K(9024K)->8402K(9024K)
[121.644s][info][gc             ] GC(159) Pause Young (Allocation Failure) 751M->318M(1979M) 225.915ms
[121.644s][info][gc,cpu         ] GC(159) User=0.23s Sys=0.00s Real=0.23s
[121.935s][info][gc,start       ] GC(160) Pause Young (Allocation Failure)
[122.243s][info][gc,heap        ] GC(160) DefNew: 629248K(629248K)->57249K(629248K) Eden: 559360K(559360K)->0K(559360K) From: 69888K(69888K)->57249K(69888K)
[122.243s][info][gc,heap        ] GC(160) Tenured: 256263K(1398144K)->312929K(1398144K)
[122.243s][info][gc,metaspace   ] GC(160) Metaspace: 67417K(68544K)->67417K(68544K) NonClass: 59014K(59520K)->59014K(59520K) Class: 8402K(9024K)->8402K(9024K)
[122.243s][info][gc             ] GC(160) Pause Young (Allocation Failure) 864M->361M(1979M) 308.292ms
[122.243s][info][gc,cpu         ] GC(160) User=0.31s Sys=0.00s Real=0.31s
[122.535s][info][gc,start       ] GC(161) Pause Young (Allocation Failure)
[122.800s][info][gc,heap        ] GC(161) DefNew: 616609K(629248K)->34425K(629248K) Eden: 559360K(559360K)->0K(559360K) From: 57249K(69888K)->34425K(69888K)
[122.800s][info][gc,heap        ] GC(161) Tenured: 312929K(1398144K)->361666K(1398144K)
[122.800s][info][gc,metaspace   ] GC(161) Metaspace: 67417K(68544K)->67417K(68544K) NonClass: 59014K(59520K)->59014K(59520K) Class: 8402K(9024K)->8402K(9024K)
[122.800s][info][gc             ] GC(161) Pause Young (Allocation Failure) 907M->386M(1979M) 265.406ms
[122.800s][info][gc,cpu         ] GC(161) User=0.27s Sys=0.00s Real=0.27s
[123.647s][info][gc,start       ] GC(162) Pause Young (Allocation Failure)
[124.032s][info][gc,heap        ] GC(162) DefNew: 593785K(629248K)->69887K(629248K) Eden: 559360K(559360K)->0K(559360K) From: 34425K(69888K)->69887K(69888K)
[124.032s][info][gc,heap        ] GC(162) Tenured: 361666K(1398144K)->435093K(1398144K)
[124.032s][info][gc,metaspace   ] GC(162) Metaspace: 67532K(68672K)->67532K(68672K) NonClass: 59129K(59648K)->59129K(59648K) Class: 8402K(9024K)->8402K(9024K)
[124.032s][info][gc             ] GC(162) Pause Young (Allocation Failure) 933M->493M(1979M) 384.638ms
[124.032s][info][gc,cpu         ] GC(162) User=0.39s Sys=0.00s Real=0.39s
[124.286s][info][gc,start       ] GC(163) Pause Young (Allocation Failure)
[124.710s][info][gc,heap        ] GC(163) DefNew: 629247K(629248K)->61593K(629248K) Eden: 559360K(559360K)->0K(559360K) From: 69887K(69888K)->61593K(69888K)
[124.710s][info][gc,heap        ] GC(163) Tenured: 435093K(1398144K)->504971K(1398144K)
[124.710s][info][gc,metaspace   ] GC(163) Metaspace: 67533K(68672K)->67533K(68672K) NonClass: 59130K(59648K)->59130K(59648K) Class: 8402K(9024K)->8402K(9024K)
[124.710s][info][gc             ] GC(163) Pause Young (Allocation Failure) 1039M->553M(1979M) 423.355ms
[124.710s][info][gc,cpu         ] GC(163) User=0.38s Sys=0.00s Real=0.42s
[125.011s][info][gc,start       ] GC(164) Pause Young (Allocation Failure)
[125.317s][info][gc,heap        ] GC(164) DefNew: 620953K(629248K)->54263K(629248K) Eden: 559360K(559360K)->0K(559360K) From: 61593K(69888K)->54263K(69888K)
[125.317s][info][gc,heap        ] GC(164) Tenured: 504971K(1398144K)->550664K(1398144K)
[125.317s][info][gc,metaspace   ] GC(164) Metaspace: 67533K(68672K)->67533K(68672K) NonClass: 59130K(59648K)->59130K(59648K) Class: 8402K(9024K)->8402K(9024K)
[125.317s][info][gc             ] GC(164) Pause Young (Allocation Failure) 1099M->590M(1979M) 306.185ms
[125.317s][info][gc,cpu         ] GC(164) User=0.30s Sys=0.00s Real=0.30s
[126.200s][info][gc,start       ] GC(165) Pause Young (Allocation Failure)
[126.557s][info][gc,heap        ] GC(165) DefNew: 613623K(629248K)->52216K(629248K) Eden: 559360K(559360K)->0K(559360K) From: 54263K(69888K)->52216K(69888K)
[126.557s][info][gc,heap        ] GC(165) Tenured: 550664K(1398144K)->598541K(1398144K)
[126.557s][info][gc,metaspace   ] GC(165) Metaspace: 67547K(68672K)->67547K(68672K) NonClass: 59144K(59648K)->59144K(59648K) Class: 8402K(9024K)->8402K(9024K)
[126.557s][info][gc             ] GC(165) Pause Young (Allocation Failure) 1136M->635M(1979M) 357.013ms
[126.557s][info][gc,cpu         ] GC(165) User=0.36s Sys=0.00s Real=0.36s
[127.091s][info][gc,start       ] GC(166) Pause Young (Allocation Failure)
[127.274s][info][gc,heap        ] GC(166) DefNew: 611576K(629248K)->33885K(629248K) Eden: 559360K(559360K)->0K(559360K) From: 52216K(69888K)->33885K(69888K)
[127.274s][info][gc,heap        ] GC(166) Tenured: 598541K(1398144K)->618689K(1398144K)
[127.274s][info][gc,metaspace   ] GC(166) Metaspace: 67647K(68800K)->67647K(68800K) NonClass: 59242K(59776K)->59242K(59776K) Class: 8404K(9024K)->8404K(9024K)
[127.274s][info][gc             ] GC(166) Pause Young (Allocation Failure) 1181M->637M(1979M) 182.740ms
[127.274s][info][gc,cpu         ] GC(166) User=0.17s Sys=0.00s Real=0.17s
[127.691s][info][gc,start       ] GC(167) Pause Young (Allocation Failure)
[127.850s][info][gc,heap        ] GC(167) DefNew: 593245K(629248K)->66636K(629248K) Eden: 559360K(559360K)->0K(559360K) From: 33885K(69888K)->66636K(69888K)
[127.850s][info][gc,heap        ] GC(167) Tenured: 618689K(1398144K)->618689K(1398144K)
[127.850s][info][gc,metaspace   ] GC(167) Metaspace: 67672K(68800K)->67672K(68800K) NonClass: 59268K(59776K)->59268K(59776K) Class: 8404K(9024K)->8404K(9024K)
[127.850s][info][gc             ] GC(167) Pause Young (Allocation Failure) 1183M->669M(1979M) 159.531ms
[127.850s][info][gc,cpu         ] GC(167) User=0.16s Sys=0.00s Real=0.16s
[128.417s][info][gc,start       ] GC(168) Pause Young (Allocation Failure)
[128.511s][info][gc,heap        ] GC(168) DefNew: 625996K(629248K)->53159K(629248K) Eden: 559360K(559360K)->0K(559360K) From: 66636K(69888K)->53159K(69888K)
[128.511s][info][gc,heap        ] GC(168) Tenured: 618689K(1398144K)->618827K(1398144K)
[128.511s][info][gc,metaspace   ] GC(168) Metaspace: 67697K(68800K)->67697K(68800K) NonClass: 59292K(59776K)->59292K(59776K) Class: 8404K(9024K)->8404K(9024K)
[128.511s][info][gc             ] GC(168) Pause Young (Allocation Failure) 1215M->656M(1979M) 93.565ms
[128.511s][info][gc,cpu         ] GC(168) User=0.09s Sys=0.00s Real=0.09s
[128.825s][info][gc,start       ] GC(169) Pause Young (Allocation Failure)
[128.960s][info][gc,heap        ] GC(169) DefNew: 612519K(629248K)->69888K(629248K) Eden: 559360K(559360K)->0K(559360K) From: 53159K(69888K)->69888K(69888K)
[128.960s][info][gc,heap        ] GC(169) Tenured: 618827K(1398144K)->654206K(1398144K)
[128.960s][info][gc,metaspace   ] GC(169) Metaspace: 67697K(68800K)->67697K(68800K) NonClass: 59292K(59776K)->59292K(59776K) Class: 8404K(9024K)->8404K(9024K)
[128.961s][info][gc             ] GC(169) Pause Young (Allocation Failure) 1202M->707M(1979M) 135.614ms
[128.961s][info][gc,cpu         ] GC(169) User=0.14s Sys=0.00s Real=0.14s
[129.035s][info][gc,start       ] GC(170) Pause Full (System.gc())
[129.035s][info][gc,phases,start] GC(170) Phase 1: Mark live objects
[129.150s][info][gc,phases      ] GC(170) Phase 1: Mark live objects 115.364ms
[129.150s][info][gc,phases,start] GC(170) Phase 2: Compute new object addresses
[129.359s][info][gc,phases      ] GC(170) Phase 2: Compute new object addresses 208.492ms
[129.359s][info][gc,phases,start] GC(170) Phase 3: Adjust pointers
[129.435s][info][gc,phases      ] GC(170) Phase 3: Adjust pointers 76.497ms
[129.436s][info][gc,phases,start] GC(170) Phase 4: Move objects
[129.479s][info][gc,phases      ] GC(170) Phase 4: Move objects 43.353ms
[129.480s][info][gc,heap        ] GC(170) DefNew: 167509K(629248K)->0K(629248K) Eden: 97621K(559360K)->0K(559360K) From: 69888K(69888K)->0K(69888K)
[129.480s][info][gc,heap        ] GC(170) Tenured: 654206K(1398144K)->149867K(1398144K)
[129.480s][info][gc,metaspace   ] GC(170) Metaspace: 67697K(68800K)->67697K(68800K) NonClass: 59292K(59776K)->59292K(59776K) Class: 8404K(9024K)->8404K(9024K)
[129.480s][info][gc             ] GC(170) Pause Full (System.gc()) 802M->146M(1979M) 445.420ms
[129.480s][info][gc,cpu         ] GC(170) User=0.44s Sys=0.00s Real=0.44s
[129.766s][info][gc,start       ] GC(171) Pause Young (Allocation Failure)
[129.986s][info][gc,heap        ] GC(171) DefNew: 559360K(629248K)->69888K(629248K) Eden: 559360K(559360K)->0K(559360K) From: 0K(69888K)->69888K(69888K)
[129.986s][info][gc,heap        ] GC(171) Tenured: 149867K(1398144K)->196222K(1398144K)
[129.986s][info][gc,metaspace   ] GC(171) Metaspace: 67704K(68864K)->67704K(68864K) NonClass: 59299K(59840K)->59299K(59840K) Class: 8404K(9024K)->8404K(9024K)
[129.986s][info][gc             ] GC(171) Pause Young (Allocation Failure) 692M->259M(1979M) 219.851ms
[129.986s][info][gc,cpu         ] GC(171) User=0.22s Sys=0.00s Real=0.22s
[130.278s][info][gc,start       ] GC(172) Pause Young (Allocation Failure)
[130.587s][info][gc,heap        ] GC(172) DefNew: 629248K(629248K)->57297K(629248K) Eden: 559360K(559360K)->0K(559360K) From: 69888K(69888K)->57297K(69888K)
[130.587s][info][gc,heap        ] GC(172) Tenured: 196222K(1398144K)->252851K(1398144K)
[130.587s][info][gc,metaspace   ] GC(172) Metaspace: 67704K(68864K)->67704K(68864K) NonClass: 59299K(59840K)->59299K(59840K) Class: 8404K(9024K)->8404K(9024K)
[130.587s][info][gc             ] GC(172) Pause Young (Allocation Failure) 806M->302M(1979M) 309.037ms
[130.587s][info][gc,cpu         ] GC(172) User=0.31s Sys=0.00s Real=0.31s
[130.874s][info][gc,start       ] GC(173) Pause Young (Allocation Failure)
[131.140s][info][gc,heap        ] GC(173) DefNew: 616657K(629248K)->34338K(629248K) Eden: 559360K(559360K)->0K(559360K) From: 57297K(69888K)->34338K(69888K)
[131.140s][info][gc,heap        ] GC(173) Tenured: 252851K(1398144K)->301633K(1398144K)
[131.140s][info][gc,metaspace   ] GC(173) Metaspace: 67704K(68864K)->67704K(68864K) NonClass: 59299K(59840K)->59299K(59840K) Class: 8404K(9024K)->8404K(9024K)
[131.141s][info][gc             ] GC(173) Pause Young (Allocation Failure) 849M->328M(1979M) 266.489ms
[131.141s][info][gc,cpu         ] GC(173) User=0.27s Sys=0.00s Real=0.26s
[131.986s][info][gc,start       ] GC(174) Pause Young (Allocation Failure)
[132.390s][info][gc,heap        ] GC(174) DefNew: 593698K(629248K)->69888K(629248K) Eden: 559360K(559360K)->0K(559360K) From: 34338K(69888K)->69888K(69888K)
[132.390s][info][gc,heap        ] GC(174) Tenured: 301633K(1398144K)->375035K(1398144K)
[132.390s][info][gc,metaspace   ] GC(174) Metaspace: 67712K(68864K)->67712K(68864K) NonClass: 59307K(59840K)->59307K(59840K) Class: 8404K(9024K)->8404K(9024K)
[132.390s][info][gc             ] GC(174) Pause Young (Allocation Failure) 874M->434M(1979M) 403.466ms
[132.390s][info][gc,cpu         ] GC(174) User=0.38s Sys=0.00s Real=0.41s
[132.644s][info][gc,start       ] GC(175) Pause Young (Allocation Failure)
[133.018s][info][gc,heap        ] GC(175) DefNew: 629248K(629248K)->61636K(629248K) Eden: 559360K(559360K)->0K(559360K) From: 69888K(69888K)->61636K(69888K)
[133.018s][info][gc,heap        ] GC(175) Tenured: 375035K(1398144K)->444920K(1398144K)
[133.018s][info][gc,metaspace   ] GC(175) Metaspace: 67712K(68864K)->67712K(68864K) NonClass: 59307K(59840K)->59307K(59840K) Class: 8404K(9024K)->8404K(9024K)
[133.019s][info][gc             ] GC(175) Pause Young (Allocation Failure) 980M->494M(1979M) 374.076ms
[133.019s][info][gc,cpu         ] GC(175) User=0.38s Sys=0.00s Real=0.38s
[133.309s][info][gc,start       ] GC(176) Pause Young (Allocation Failure)
[133.624s][info][gc,heap        ] GC(176) DefNew: 620996K(629248K)->54239K(629248K) Eden: 559360K(559360K)->0K(559360K) From: 61636K(69888K)->54239K(69888K)
[133.624s][info][gc,heap        ] GC(176) Tenured: 444920K(1398144K)->490610K(1398144K)
[133.624s][info][gc,metaspace   ] GC(176) Metaspace: 67712K(68864K)->67712K(68864K) NonClass: 59307K(59840K)->59307K(59840K) Class: 8404K(9024K)->8404K(9024K)
[133.624s][info][gc             ] GC(176) Pause Young (Allocation Failure) 1040M->532M(1979M) 315.395ms
[133.624s][info][gc,cpu         ] GC(176) User=0.31s Sys=0.00s Real=0.31s
[134.490s][info][gc,start       ] GC(177) Pause Young (Allocation Failure)
[134.844s][info][gc,heap        ] GC(177) DefNew: 613599K(629248K)->51945K(629248K) Eden: 559360K(559360K)->0K(559360K) From: 54239K(69888K)->51945K(69888K)
[134.844s][info][gc,heap        ] GC(177) Tenured: 490610K(1398144K)->538526K(1398144K)
[134.844s][info][gc,metaspace   ] GC(177) Metaspace: 67713K(68864K)->67713K(68864K) NonClass: 59308K(59840K)->59308K(59840K) Class: 8404K(9024K)->8404K(9024K)
[134.844s][info][gc             ] GC(177) Pause Young (Allocation Failure) 1078M->576M(1979M) 353.864ms
[134.844s][info][gc,cpu         ] GC(177) User=0.34s Sys=0.00s Real=0.34s
[135.368s][info][gc,start       ] GC(178) Pause Young (Allocation Failure)
[135.558s][info][gc,heap        ] GC(178) DefNew: 611305K(629248K)->33838K(629248K) Eden: 559360K(559360K)->0K(559360K) From: 51945K(69888K)->33838K(69888K)
[135.558s][info][gc,heap        ] GC(178) Tenured: 538526K(1398144K)->558391K(1398144K)
[135.558s][info][gc,metaspace   ] GC(178) Metaspace: 67750K(68864K)->67750K(68864K) NonClass: 59346K(59840K)->59346K(59840K) Class: 8404K(9024K)->8404K(9024K)
[135.558s][info][gc             ] GC(178) Pause Young (Allocation Failure) 1122M->578M(1979M) 189.958ms
[135.558s][info][gc,cpu         ] GC(178) User=0.20s Sys=0.00s Real=0.20s
[135.953s][info][gc,start       ] GC(179) Pause Young (Allocation Failure)
[136.115s][info][gc,heap        ] GC(179) DefNew: 593198K(629248K)->67615K(629248K) Eden: 559360K(559360K)->0K(559360K) From: 33838K(69888K)->67615K(69888K)
[136.115s][info][gc,heap        ] GC(179) Tenured: 558391K(1398144K)->558391K(1398144K)
[136.115s][info][gc,metaspace   ] GC(179) Metaspace: 67753K(68864K)->67753K(68864K) NonClass: 59349K(59840K)->59349K(59840K) Class: 8404K(9024K)->8404K(9024K)
[136.115s][info][gc             ] GC(179) Pause Young (Allocation Failure) 1124M->611M(1979M) 162.404ms
[136.115s][info][gc,cpu         ] GC(179) User=0.16s Sys=0.00s Real=0.16s
[136.640s][info][gc,start       ] GC(180) Pause Young (Allocation Failure)
[136.736s][info][gc,heap        ] GC(180) DefNew: 626975K(629248K)->55077K(629248K) Eden: 559360K(559360K)->0K(559360K) From: 67615K(69888K)->55077K(69888K)
[136.736s][info][gc,heap        ] GC(180) Tenured: 558391K(1398144K)->558528K(1398144K)
[136.736s][info][gc,metaspace   ] GC(180) Metaspace: 67755K(68864K)->67755K(68864K) NonClass: 59351K(59840K)->59351K(59840K) Class: 8404K(9024K)->8404K(9024K)
[136.736s][info][gc             ] GC(180) Pause Young (Allocation Failure) 1157M->599M(1979M) 96.011ms
[136.736s][info][gc,cpu         ] GC(180) User=0.09s Sys=0.00s Real=0.09s
[137.049s][info][gc,start       ] GC(181) Pause Young (Allocation Failure)
[137.183s][info][gc,heap        ] GC(181) DefNew: 614437K(629248K)->69887K(629248K) Eden: 559360K(559360K)->0K(559360K) From: 55077K(69888K)->69887K(69888K)
[137.183s][info][gc,heap        ] GC(181) Tenured: 558528K(1398144K)->593909K(1398144K)
[137.183s][info][gc,metaspace   ] GC(181) Metaspace: 67757K(68864K)->67757K(68864K) NonClass: 59352K(59840K)->59352K(59840K) Class: 8404K(9024K)->8404K(9024K)
[137.183s][info][gc             ] GC(181) Pause Young (Allocation Failure) 1145M->648M(1979M) 134.060ms
[137.183s][info][gc,cpu         ] GC(181) User=0.13s Sys=0.00s Real=0.13s
[137.253s][info][gc,start       ] GC(182) Pause Full (System.gc())
[137.253s][info][gc,phases,start] GC(182) Phase 1: Mark live objects
[137.365s][info][gc,phases      ] GC(182) Phase 1: Mark live objects 111.801ms
[137.365s][info][gc,phases,start] GC(182) Phase 2: Compute new object addresses
[137.572s][info][gc,phases      ] GC(182) Phase 2: Compute new object addresses 206.687ms
[137.572s][info][gc,phases,start] GC(182) Phase 3: Adjust pointers
[137.645s][info][gc,phases      ] GC(182) Phase 3: Adjust pointers 73.170ms
[137.645s][info][gc,phases,start] GC(182) Phase 4: Move objects
[137.645s][info][gc,phases      ] GC(182) Phase 4: Move objects 0.072ms
[137.646s][info][gc,heap        ] GC(182) DefNew: 158936K(629248K)->0K(629248K) Eden: 89048K(559360K)->0K(559360K) From: 69887K(69888K)->0K(69888K)
[137.646s][info][gc,heap        ] GC(182) Tenured: 593909K(1398144K)->204889K(1398144K)
[137.646s][info][gc,metaspace   ] GC(182) Metaspace: 67757K(68864K)->67757K(68864K) NonClass: 59352K(59840K)->59352K(59840K) Class: 8404K(9024K)->8404K(9024K)
[137.646s][info][gc             ] GC(182) Pause Full (System.gc()) 735M->200M(1979M) 393.365ms
[137.646s][info][gc,cpu         ] GC(182) User=0.38s Sys=0.00s Real=0.38s
[137.949s][info][gc,start       ] GC(183) Pause Young (Allocation Failure)
[138.172s][info][gc,heap        ] GC(183) DefNew: 559360K(629248K)->69888K(629248K) Eden: 559360K(559360K)->0K(559360K) From: 0K(69888K)->69888K(69888K)
[138.172s][info][gc,heap        ] GC(183) Tenured: 204889K(1398144K)->251217K(1398144K)
[138.172s][info][gc,metaspace   ] GC(183) Metaspace: 67769K(68864K)->67769K(68864K) NonClass: 59363K(59840K)->59363K(59840K) Class: 8405K(9024K)->8405K(9024K)
[138.172s][info][gc             ] GC(183) Pause Young (Allocation Failure) 746M->313M(1979M) 222.835ms
[138.172s][info][gc,cpu         ] GC(183) User=0.22s Sys=0.00s Real=0.22s
[138.463s][info][gc,start       ] GC(184) Pause Young (Allocation Failure)
[138.776s][info][gc,heap        ] GC(184) DefNew: 629248K(629248K)->57367K(629248K) Eden: 559360K(559360K)->0K(559360K) From: 69888K(69888K)->57367K(69888K)
[138.776s][info][gc,heap        ] GC(184) Tenured: 251217K(1398144K)->307858K(1398144K)
[138.776s][info][gc,metaspace   ] GC(184) Metaspace: 67769K(68864K)->67769K(68864K) NonClass: 59363K(59840K)->59363K(59840K) Class: 8405K(9024K)->8405K(9024K)
[138.776s][info][gc             ] GC(184) Pause Young (Allocation Failure) 859M->356M(1979M) 312.445ms
[138.776s][info][gc,cpu         ] GC(184) User=0.31s Sys=0.00s Real=0.32s
[139.065s][info][gc,start       ] GC(185) Pause Young (Allocation Failure)
[139.332s][info][gc,heap        ] GC(185) DefNew: 616727K(629248K)->34360K(629248K) Eden: 559360K(559360K)->0K(559360K) From: 57367K(69888K)->34360K(69888K)
[139.332s][info][gc,heap        ] GC(185) Tenured: 307858K(1398144K)->356708K(1398144K)
[139.332s][info][gc,metaspace   ] GC(185) Metaspace: 67769K(68864K)->67769K(68864K) NonClass: 59363K(59840K)->59363K(59840K) Class: 8405K(9024K)->8405K(9024K)
[139.332s][info][gc             ] GC(185) Pause Young (Allocation Failure) 902M->381M(1979M) 267.704ms
[139.333s][info][gc,cpu         ] GC(185) User=0.28s Sys=0.00s Real=0.27s
[140.166s][info][gc,start       ] GC(186) Pause Young (Allocation Failure)
[140.546s][info][gc,heap        ] GC(186) DefNew: 593720K(629248K)->69887K(629248K) Eden: 559360K(559360K)->0K(559360K) From: 34360K(69888K)->69887K(69888K)
[140.546s][info][gc,heap        ] GC(186) Tenured: 356708K(1398144K)->430292K(1398144K)
[140.546s][info][gc,metaspace   ] GC(186) Metaspace: 67779K(68928K)->67779K(68928K) NonClass: 59373K(59904K)->59373K(59904K) Class: 8405K(9024K)->8405K(9024K)
[140.546s][info][gc             ] GC(186) Pause Young (Allocation Failure) 928M->488M(1979M) 380.080ms
[140.546s][info][gc,cpu         ] GC(186) User=0.38s Sys=0.00s Real=0.37s
[140.801s][info][gc,start       ] GC(187) Pause Young (Allocation Failure)
[141.172s][info][gc,heap        ] GC(187) DefNew: 629247K(629248K)->61536K(629248K) Eden: 559360K(559360K)->0K(559360K) From: 69887K(69888K)->61536K(69888K)
[141.172s][info][gc,heap        ] GC(187) Tenured: 430292K(1398144K)->500178K(1398144K)
[141.172s][info][gc,metaspace   ] GC(187) Metaspace: 67779K(68928K)->67779K(68928K) NonClass: 59373K(59904K)->59373K(59904K) Class: 8405K(9024K)->8405K(9024K)
[141.173s][info][gc             ] GC(187) Pause Young (Allocation Failure) 1034M->548M(1979M) 371.438ms
[141.173s][info][gc,cpu         ] GC(187) User=0.36s Sys=0.00s Real=0.37s
[141.460s][info][gc,start       ] GC(188) Pause Young (Allocation Failure)
[141.773s][info][gc,heap        ] GC(188) DefNew: 620896K(629248K)->54129K(629248K) Eden: 559360K(559360K)->0K(559360K) From: 61536K(69888K)->54129K(69888K)
[141.773s][info][gc,heap        ] GC(188) Tenured: 500178K(1398144K)->545757K(1398144K)
[141.773s][info][gc,metaspace   ] GC(188) Metaspace: 67779K(68928K)->67779K(68928K) NonClass: 59373K(59904K)->59373K(59904K) Class: 8405K(9024K)->8405K(9024K)
[141.773s][info][gc             ] GC(188) Pause Young (Allocation Failure) 1094M->585M(1979M) 313.356ms
[141.773s][info][gc,cpu         ] GC(188) User=0.33s Sys=0.00s Real=0.32s
[142.661s][info][gc,start       ] GC(189) Pause Young (Allocation Failure)
[143.024s][info][gc,heap        ] GC(189) DefNew: 613489K(629248K)->51914K(629248K) Eden: 559360K(559360K)->0K(559360K) From: 54129K(69888K)->51914K(69888K)
[143.024s][info][gc,heap        ] GC(189) Tenured: 545757K(1398144K)->593570K(1398144K)
[143.024s][info][gc,metaspace   ] GC(189) Metaspace: 67783K(68928K)->67783K(68928K) NonClass: 59377K(59904K)->59377K(59904K) Class: 8405K(9024K)->8405K(9024K)
[143.025s][info][gc             ] GC(189) Pause Young (Allocation Failure) 1132M->630M(1979M) 363.805ms
[143.025s][info][gc,cpu         ] GC(189) User=0.34s Sys=0.00s Real=0.36s
[143.563s][info][gc,start       ] GC(190) Pause Young (Allocation Failure)
[143.746s][info][gc,heap        ] GC(190) DefNew: 611274K(629248K)->33870K(629248K) Eden: 559360K(559360K)->0K(559360K) From: 51914K(69888K)->33870K(69888K)
[143.746s][info][gc,heap        ] GC(190) Tenured: 593570K(1398144K)->613414K(1398144K)
[143.746s][info][gc,metaspace   ] GC(190) Metaspace: 67786K(68928K)->67786K(68928K) NonClass: 59380K(59904K)->59380K(59904K) Class: 8405K(9024K)->8405K(9024K)
[143.746s][info][gc             ] GC(190) Pause Young (Allocation Failure) 1176M->632M(1979M) 183.412ms
[143.746s][info][gc,cpu         ] GC(190) User=0.19s Sys=0.00s Real=0.19s
[144.147s][info][gc,start       ] GC(191) Pause Young (Allocation Failure)
[144.309s][info][gc,heap        ] GC(191) DefNew: 593230K(629248K)->67682K(629248K) Eden: 559360K(559360K)->0K(559360K) From: 33870K(69888K)->67682K(69888K)
[144.309s][info][gc,heap        ] GC(191) Tenured: 613414K(1398144K)->613414K(1398144K)
[144.309s][info][gc,metaspace   ] GC(191) Metaspace: 67822K(68992K)->67822K(68992K) NonClass: 59416K(59968K)->59416K(59968K) Class: 8405K(9024K)->8405K(9024K)
[144.309s][info][gc             ] GC(191) Pause Young (Allocation Failure) 1178M->665M(1979M) 161.832ms
[144.309s][info][gc,cpu         ] GC(191) User=0.16s Sys=0.00s Real=0.16s
[144.782s][info][gc,start       ] GC(192) Pause Young (Allocation Failure)
[144.875s][info][gc,heap        ] GC(192) DefNew: 627042K(629248K)->51897K(629248K) Eden: 559360K(559360K)->0K(559360K) From: 67682K(69888K)->51897K(69888K)
[144.875s][info][gc,heap        ] GC(192) Tenured: 613414K(1398144K)->613553K(1398144K)
[144.875s][info][gc,metaspace   ] GC(192) Metaspace: 67829K(68992K)->67829K(68992K) NonClass: 59424K(59968K)->59424K(59968K) Class: 8405K(9024K)->8405K(9024K)
[144.875s][info][gc             ] GC(192) Pause Young (Allocation Failure) 1211M->649M(1979M) 92.552ms
[144.875s][info][gc,cpu         ] GC(192) User=0.09s Sys=0.00s Real=0.09s
[145.191s][info][gc,start       ] GC(193) Pause Young (Allocation Failure)
[145.328s][info][gc,heap        ] GC(193) DefNew: 611257K(629248K)->69888K(629248K) Eden: 559360K(559360K)->0K(559360K) From: 51897K(69888K)->69888K(69888K)
[145.328s][info][gc,heap        ] GC(193) Tenured: 613553K(1398144K)->648937K(1398144K)
[145.328s][info][gc,metaspace   ] GC(193) Metaspace: 67829K(68992K)->67829K(68992K) NonClass: 59424K(59968K)->59424K(59968K) Class: 8405K(9024K)->8405K(9024K)
[145.328s][info][gc             ] GC(193) Pause Young (Allocation Failure) 1196M->701M(1979M) 136.187ms
[145.328s][info][gc,cpu         ] GC(193) User=0.13s Sys=0.00s Real=0.13s
[145.416s][info][gc,start       ] GC(194) Pause Full (System.gc())
[145.417s][info][gc,phases,start] GC(194) Phase 1: Mark live objects
[145.523s][info][gc,phases      ] GC(194) Phase 1: Mark live objects 105.957ms
[145.523s][info][gc,phases,start] GC(194) Phase 2: Compute new object addresses
[145.732s][info][gc,phases      ] GC(194) Phase 2: Compute new object addresses 209.615ms
[145.732s][info][gc,phases,start] GC(194) Phase 3: Adjust pointers
[145.806s][info][gc,phases      ] GC(194) Phase 3: Adjust pointers 73.695ms
[145.806s][info][gc,phases,start] GC(194) Phase 4: Move objects
[145.806s][info][gc,phases      ] GC(194) Phase 4: Move objects 0.091ms
[145.807s][info][gc,heap        ] GC(194) DefNew: 167698K(629248K)->0K(629248K) Eden: 97810K(559360K)->0K(559360K) From: 69888K(69888K)->0K(69888K)
[145.807s][info][gc,heap        ] GC(194) Tenured: 648937K(1398144K)->205098K(1398144K)
[145.807s][info][gc,metaspace   ] GC(194) Metaspace: 67833K(68992K)->67833K(68992K) NonClass: 59427K(59968K)->59427K(59968K) Class: 8405K(9024K)->8405K(9024K)
[145.807s][info][gc             ] GC(194) Pause Full (System.gc()) 797M->200M(1979M) 390.945ms
[145.807s][info][gc,cpu         ] GC(194) User=0.39s Sys=0.00s Real=0.41s
[146.106s][info][gc,start       ] GC(195) Pause Young (Allocation Failure)
[146.320s][info][gc,heap        ] GC(195) DefNew: 559360K(629248K)->69887K(629248K) Eden: 559360K(559360K)->0K(559360K) From: 0K(69888K)->69887K(69888K)
[146.320s][info][gc,heap        ] GC(195) Tenured: 205098K(1398144K)->251432K(1398144K)
[146.320s][info][gc,metaspace   ] GC(195) Metaspace: 67843K(68992K)->67843K(68992K) NonClass: 59437K(59968K)->59437K(59968K) Class: 8406K(9024K)->8406K(9024K)
[146.320s][info][gc             ] GC(195) Pause Young (Allocation Failure) 746M->313M(1979M) 213.426ms
[146.320s][info][gc,cpu         ] GC(195) User=0.22s Sys=0.00s Real=0.22s
[146.611s][info][gc,start       ] GC(196) Pause Young (Allocation Failure)
[146.918s][info][gc,heap        ] GC(196) DefNew: 629247K(629248K)->56887K(629248K) Eden: 559360K(559360K)->0K(559360K) From: 69887K(69888K)->56887K(69888K)
[146.918s][info][gc,heap        ] GC(196) Tenured: 251432K(1398144K)->308094K(1398144K)
[146.918s][info][gc,metaspace   ] GC(196) Metaspace: 67843K(68992K)->67843K(68992K) NonClass: 59437K(59968K)->59437K(59968K) Class: 8406K(9024K)->8406K(9024K)
[146.918s][info][gc             ] GC(196) Pause Young (Allocation Failure) 860M->356M(1979M) 306.488ms
[146.918s][info][gc,cpu         ] GC(196) User=0.31s Sys=0.00s Real=0.31s
[147.207s][info][gc,start       ] GC(197) Pause Young (Allocation Failure)
[147.490s][info][gc,heap        ] GC(197) DefNew: 616247K(629248K)->34394K(629248K) Eden: 559360K(559360K)->0K(559360K) From: 56887K(69888K)->34394K(69888K)
[147.490s][info][gc,heap        ] GC(197) Tenured: 308094K(1398144K)->356527K(1398144K)
[147.490s][info][gc,metaspace   ] GC(197) Metaspace: 67843K(68992K)->67843K(68992K) NonClass: 59437K(59968K)->59437K(59968K) Class: 8406K(9024K)->8406K(9024K)
[147.490s][info][gc             ] GC(197) Pause Young (Allocation Failure) 902M->381M(1979M) 283.276ms
[147.490s][info][gc,cpu         ] GC(197) User=0.28s Sys=0.00s Real=0.28s
[148.317s][info][gc,start       ] GC(198) Pause Young (Allocation Failure)
[148.696s][info][gc,heap        ] GC(198) DefNew: 593754K(629248K)->69888K(629248K) Eden: 559360K(559360K)->0K(559360K) From: 34394K(69888K)->69888K(69888K)
[148.696s][info][gc,heap        ] GC(198) Tenured: 356527K(1398144K)->428989K(1398144K)
[148.696s][info][gc,metaspace   ] GC(198) Metaspace: 67864K(68992K)->67864K(68992K) NonClass: 59453K(59968K)->59453K(59968K) Class: 8410K(9024K)->8410K(9024K)
[148.696s][info][gc             ] GC(198) Pause Young (Allocation Failure) 928M->487M(1979M) 379.709ms
[148.696s][info][gc,cpu         ] GC(198) User=0.36s Sys=0.00s Real=0.37s
[148.950s][info][gc,start       ] GC(199) Pause Young (Allocation Failure)
[149.324s][info][gc,heap        ] GC(199) DefNew: 629248K(629248K)->62386K(629248K) Eden: 559360K(559360K)->0K(559360K) From: 69888K(69888K)->62386K(69888K)
[149.324s][info][gc,heap        ] GC(199) Tenured: 428989K(1398144K)->498875K(1398144K)
[149.324s][info][gc,metaspace   ] GC(199) Metaspace: 67865K(68992K)->67865K(68992K) NonClass: 59455K(59968K)->59455K(59968K) Class: 8410K(9024K)->8410K(9024K)
[149.324s][info][gc             ] GC(199) Pause Young (Allocation Failure) 1033M->548M(1979M) 373.266ms
[149.324s][info][gc,cpu         ] GC(199) User=0.38s Sys=0.00s Real=0.37s
[149.606s][info][gc,start       ] GC(200) Pause Young (Allocation Failure)
[149.915s][info][gc,heap        ] GC(200) DefNew: 621746K(629248K)->54224K(629248K) Eden: 559360K(559360K)->0K(559360K) From: 62386K(69888K)->54224K(69888K)
[149.915s][info][gc,heap        ] GC(200) Tenured: 498875K(1398144K)->545414K(1398144K)
[149.915s][info][gc,metaspace   ] GC(200) Metaspace: 67865K(68992K)->67865K(68992K) NonClass: 59455K(59968K)->59455K(59968K) Class: 8410K(9024K)->8410K(9024K)
[149.915s][info][gc             ] GC(200) Pause Young (Allocation Failure) 1094M->585M(1979M) 308.833ms
[149.915s][info][gc,cpu         ] GC(200) User=0.30s Sys=0.00s Real=0.30s
[150.816s][info][gc,start       ] GC(201) Pause Young (Allocation Failure)
[151.178s][info][gc,heap        ] GC(201) DefNew: 613584K(629248K)->52608K(629248K) Eden: 559360K(559360K)->0K(559360K) From: 54224K(69888K)->52608K(69888K)
[151.178s][info][gc,heap        ] GC(201) Tenured: 545414K(1398144K)->593178K(1398144K)
[151.178s][info][gc,metaspace   ] GC(201) Metaspace: 67867K(68992K)->67867K(68992K) NonClass: 59456K(59968K)->59456K(59968K) Class: 8410K(9024K)->8410K(9024K)
[151.178s][info][gc             ] GC(201) Pause Young (Allocation Failure) 1131M->630M(1979M) 361.785ms
[151.178s][info][gc,cpu         ] GC(201) User=0.36s Sys=0.00s Real=0.36s
[151.696s][info][gc,start       ] GC(202) Pause Young (Allocation Failure)
[151.879s][info][gc,heap        ] GC(202) DefNew: 611968K(629248K)->33872K(629248K) Eden: 559360K(559360K)->0K(559360K) From: 52608K(69888K)->33872K(69888K)
[151.879s][info][gc,heap        ] GC(202) Tenured: 593178K(1398144K)->613717K(1398144K)
[151.879s][info][gc,metaspace   ] GC(202) Metaspace: 67918K(69056K)->67918K(69056K) NonClass: 59506K(60032K)->59506K(60032K) Class: 8412K(9024K)->8412K(9024K)
[151.879s][info][gc             ] GC(202) Pause Young (Allocation Failure) 1176M->632M(1979M) 183.084ms
[151.879s][info][gc,cpu         ] GC(202) User=0.17s Sys=0.00s Real=0.17s
[152.293s][info][gc,start       ] GC(203) Pause Young (Allocation Failure)
[152.451s][info][gc,heap        ] GC(203) DefNew: 593232K(629248K)->65695K(629248K) Eden: 559360K(559360K)->0K(559360K) From: 33872K(69888K)->65695K(69888K)
[152.451s][info][gc,heap        ] GC(203) Tenured: 613717K(1398144K)->613717K(1398144K)
[152.451s][info][gc,metaspace   ] GC(203) Metaspace: 67963K(69120K)->67963K(69120K) NonClass: 59550K(60096K)->59550K(60096K) Class: 8412K(9024K)->8412K(9024K)
[152.452s][info][gc             ] GC(203) Pause Young (Allocation Failure) 1178M->663M(1979M) 158.949ms
[152.452s][info][gc,cpu         ] GC(203) User=0.16s Sys=0.00s Real=0.16s
[152.935s][info][gc,start       ] GC(204) Pause Young (Allocation Failure)
[153.045s][info][gc,heap        ] GC(204) DefNew: 625055K(629248K)->69887K(629248K) Eden: 559360K(559360K)->0K(559360K) From: 65695K(69888K)->69887K(69888K)
[153.045s][info][gc,heap        ] GC(204) Tenured: 613717K(1398144K)->619417K(1398144K)
[153.045s][info][gc,metaspace   ] GC(204) Metaspace: 68007K(69120K)->68007K(69120K) NonClass: 59594K(60096K)->59594K(60096K) Class: 8412K(9024K)->8412K(9024K)
[153.045s][info][gc             ] GC(204) Pause Young (Allocation Failure) 1209M->673M(1979M) 110.355ms
[153.045s][info][gc,cpu         ] GC(204) User=0.14s Sys=0.00s Real=0.11s
[153.334s][info][gc,start       ] GC(205) Pause Young (Allocation Failure)
[153.460s][info][gc,heap        ] GC(205) DefNew: 629247K(629248K)->69887K(629248K) Eden: 559360K(559360K)->0K(559360K) From: 69887K(69888K)->69887K(69888K)
[153.460s][info][gc,heap        ] GC(205) Tenured: 619417K(1398144K)->649245K(1398144K)
[153.460s][info][gc,metaspace   ] GC(205) Metaspace: 68010K(69120K)->68010K(69120K) NonClass: 59597K(60096K)->59597K(60096K) Class: 8412K(9024K)->8412K(9024K)
[153.460s][info][gc             ] GC(205) Pause Young (Allocation Failure) 1219M->702M(1979M) 126.582ms
[153.460s][info][gc,cpu         ] GC(205) User=0.13s Sys=0.00s Real=0.13s
[153.539s][info][gc,start       ] GC(206) Pause Full (System.gc())
[153.540s][info][gc,phases,start] GC(206) Phase 1: Mark live objects
[153.655s][info][gc,phases      ] GC(206) Phase 1: Mark live objects 115.053ms
[153.655s][info][gc,phases,start] GC(206) Phase 2: Compute new object addresses
[153.868s][info][gc,phases      ] GC(206) Phase 2: Compute new object addresses 213.199ms
[153.868s][info][gc,phases,start] GC(206) Phase 3: Adjust pointers
[153.942s][info][gc,phases      ] GC(206) Phase 3: Adjust pointers 73.842ms
[153.942s][info][gc,phases,start] GC(206) Phase 4: Move objects
[153.942s][info][gc,phases      ] GC(206) Phase 4: Move objects 0.089ms
[153.943s][info][gc,heap        ] GC(206) DefNew: 172304K(629248K)->0K(629248K) Eden: 102416K(559360K)->0K(559360K) From: 69887K(69888K)->0K(69888K)
[153.943s][info][gc,heap        ] GC(206) Tenured: 649245K(1398144K)->207768K(1398144K)
[153.943s][info][gc,metaspace   ] GC(206) Metaspace: 68010K(69120K)->68010K(69120K) NonClass: 59597K(60096K)->59597K(60096K) Class: 8412K(9024K)->8412K(9024K)
[153.943s][info][gc             ] GC(206) Pause Full (System.gc()) 802M->202M(1979M) 403.863ms
[153.943s][info][gc,cpu         ] GC(206) User=0.39s Sys=0.00s Real=0.40s
[154.229s][info][gc,start       ] GC(207) Pause Young (Allocation Failure)
[154.445s][info][gc,heap        ] GC(207) DefNew: 559360K(629248K)->69887K(629248K) Eden: 559360K(559360K)->0K(559360K) From: 0K(69888K)->69887K(69888K)
[154.445s][info][gc,heap        ] GC(207) Tenured: 207768K(1398144K)->254283K(1398144K)
[154.445s][info][gc,metaspace   ] GC(207) Metaspace: 68038K(69184K)->68038K(69184K) NonClass: 59624K(60160K)->59624K(60160K) Class: 8414K(9024K)->8414K(9024K)
[154.446s][info][gc             ] GC(207) Pause Young (Allocation Failure) 749M->316M(1979M) 216.297ms
[154.446s][info][gc,cpu         ] GC(207) User=0.22s Sys=0.00s Real=0.22s
[154.736s][info][gc,start       ] GC(208) Pause Young (Allocation Failure)
[155.050s][info][gc,heap        ] GC(208) DefNew: 629247K(629248K)->57125K(629248K) Eden: 559360K(559360K)->0K(559360K) From: 69887K(69888K)->57125K(69888K)
[155.050s][info][gc,heap        ] GC(208) Tenured: 254283K(1398144K)->310892K(1398144K)
[155.050s][info][gc,metaspace   ] GC(208) Metaspace: 68039K(69184K)->68039K(69184K) NonClass: 59624K(60160K)->59624K(60160K) Class: 8414K(9024K)->8414K(9024K)
[155.050s][info][gc             ] GC(208) Pause Young (Allocation Failure) 862M->359M(1979M) 314.547ms
[155.050s][info][gc,cpu         ] GC(208) User=0.33s Sys=0.00s Real=0.33s
[155.336s][info][gc,start       ] GC(209) Pause Young (Allocation Failure)
[155.608s][info][gc,heap        ] GC(209) DefNew: 616485K(629248K)->34440K(629248K) Eden: 559360K(559360K)->0K(559360K) From: 57125K(69888K)->34440K(69888K)
[155.608s][info][gc,heap        ] GC(209) Tenured: 310892K(1398144K)->359509K(1398144K)
[155.608s][info][gc,metaspace   ] GC(209) Metaspace: 68039K(69184K)->68039K(69184K) NonClass: 59624K(60160K)->59624K(60160K) Class: 8414K(9024K)->8414K(9024K)
[155.608s][info][gc             ] GC(209) Pause Young (Allocation Failure) 905M->384M(1979M) 272.125ms
[155.608s][info][gc,cpu         ] GC(209) User=0.27s Sys=0.00s Real=0.27s
[156.436s][info][gc,start       ] GC(210) Pause Young (Allocation Failure)
[156.820s][info][gc,heap        ] GC(210) DefNew: 593800K(629248K)->69887K(629248K) Eden: 559360K(559360K)->0K(559360K) From: 34440K(69888K)->69887K(69888K)
[156.820s][info][gc,heap        ] GC(210) Tenured: 359509K(1398144K)->433372K(1398144K)
[156.820s][info][gc,metaspace   ] GC(210) Metaspace: 68054K(69184K)->68054K(69184K) NonClass: 59638K(60160K)->59638K(60160K) Class: 8415K(9024K)->8415K(9024K)
[156.820s][info][gc             ] GC(210) Pause Young (Allocation Failure) 930M->491M(1979M) 384.256ms
[156.820s][info][gc,cpu         ] GC(210) User=0.39s Sys=0.00s Real=0.39s
[157.073s][info][gc,start       ] GC(211) Pause Young (Allocation Failure)
[157.455s][info][gc,heap        ] GC(211) DefNew: 629247K(629248K)->61247K(629248K) Eden: 559360K(559360K)->0K(559360K) From: 69887K(69888K)->61247K(69888K)
[157.456s][info][gc,heap        ] GC(211) Tenured: 433372K(1398144K)->503258K(1398144K)
[157.456s][info][gc,metaspace   ] GC(211) Metaspace: 68054K(69184K)->68054K(69184K) NonClass: 59638K(60160K)->59638K(60160K) Class: 8415K(9024K)->8415K(9024K)
[157.456s][info][gc             ] GC(211) Pause Young (Allocation Failure) 1037M->551M(1979M) 382.721ms
[157.456s][info][gc,cpu         ] GC(211) User=0.39s Sys=0.00s Real=0.39s
[157.742s][info][gc,start       ] GC(212) Pause Young (Allocation Failure)
[158.055s][info][gc,heap        ] GC(212) DefNew: 620607K(629248K)->54226K(629248K) Eden: 559360K(559360K)->0K(559360K) From: 61247K(69888K)->54226K(69888K)
[158.055s][info][gc,heap        ] GC(212) Tenured: 503258K(1398144K)->548554K(1398144K)
[158.055s][info][gc,metaspace   ] GC(212) Metaspace: 68054K(69184K)->68054K(69184K) NonClass: 59638K(60160K)->59638K(60160K) Class: 8415K(9024K)->8415K(9024K)
[158.055s][info][gc             ] GC(212) Pause Young (Allocation Failure) 1097M->588M(1979M) 313.818ms
[158.055s][info][gc,cpu         ] GC(212) User=0.31s Sys=0.00s Real=0.31s
[158.933s][info][gc,start       ] GC(213) Pause Young (Allocation Failure)
[159.302s][info][gc,heap        ] GC(213) DefNew: 613586K(629248K)->51942K(629248K) Eden: 559360K(559360K)->0K(559360K) From: 54226K(69888K)->51942K(69888K)
[159.302s][info][gc,heap        ] GC(213) Tenured: 548554K(1398144K)->596456K(1398144K)
[159.302s][info][gc,metaspace   ] GC(213) Metaspace: 68055K(69184K)->68055K(69184K) NonClass: 59640K(60160K)->59640K(60160K) Class: 8415K(9024K)->8415K(9024K)
[159.302s][info][gc             ] GC(213) Pause Young (Allocation Failure) 1134M->633M(1979M) 368.825ms
[159.302s][info][gc,cpu         ] GC(213) User=0.36s Sys=0.00s Real=0.36s
[159.842s][info][gc,start       ] GC(214) Pause Young (Allocation Failure)
[160.029s][info][gc,heap        ] GC(214) DefNew: 611302K(629248K)->33848K(629248K) Eden: 559360K(559360K)->0K(559360K) From: 51942K(69888K)->33848K(69888K)
[160.029s][info][gc,heap        ] GC(214) Tenured: 596456K(1398144K)->616329K(1398144K)
[160.029s][info][gc,metaspace   ] GC(214) Metaspace: 68067K(69184K)->68067K(69184K) NonClass: 59650K(60160K)->59650K(60160K) Class: 8416K(9024K)->8416K(9024K)
[160.029s][info][gc             ] GC(214) Pause Young (Allocation Failure) 1179M->634M(1979M) 187.350ms
[160.029s][info][gc,cpu         ] GC(214) User=0.19s Sys=0.00s Real=0.19s
[160.448s][info][gc,start       ] GC(215) Pause Young (Allocation Failure)
[160.617s][info][gc,heap        ] GC(215) DefNew: 593208K(629248K)->67114K(629248K) Eden: 559360K(559360K)->0K(559360K) From: 33848K(69888K)->67114K(69888K)
[160.617s][info][gc,heap        ] GC(215) Tenured: 616329K(1398144K)->616329K(1398144K)
[160.617s][info][gc,metaspace   ] GC(215) Metaspace: 68071K(69184K)->68071K(69184K) NonClass: 59653K(60160K)->59653K(60160K) Class: 8417K(9024K)->8417K(9024K)
[160.617s][info][gc             ] GC(215) Pause Young (Allocation Failure) 1181M->667M(1979M) 169.071ms
[160.617s][info][gc,cpu         ] GC(215) User=0.17s Sys=0.00s Real=0.17s
[161.083s][info][gc,start       ] GC(216) Pause Young (Allocation Failure)
[161.192s][info][gc,heap        ] GC(216) DefNew: 626474K(629248K)->69887K(629248K) Eden: 559360K(559360K)->0K(559360K) From: 67114K(69888K)->69887K(69888K)
[161.192s][info][gc,heap        ] GC(216) Tenured: 616329K(1398144K)->622849K(1398144K)
[161.192s][info][gc,metaspace   ] GC(216) Metaspace: 68083K(69184K)->68083K(69184K) NonClass: 59666K(60160K)->59666K(60160K) Class: 8417K(9024K)->8417K(9024K)
[161.192s][info][gc             ] GC(216) Pause Young (Allocation Failure) 1213M->676M(1979M) 108.463ms
[161.192s][info][gc,cpu         ] GC(216) User=0.11s Sys=0.00s Real=0.11s
[161.497s][info][gc,start       ] GC(217) Pause Young (Allocation Failure)
[161.626s][info][gc,heap        ] GC(217) DefNew: 629247K(629248K)->69888K(629248K) Eden: 559360K(559360K)->0K(559360K) From: 69887K(69888K)->69888K(69888K)
[161.626s][info][gc,heap        ] GC(217) Tenured: 622849K(1398144K)->651852K(1398144K)
[161.626s][info][gc,metaspace   ] GC(217) Metaspace: 68083K(69184K)->68083K(69184K) NonClass: 59666K(60160K)->59666K(60160K) Class: 8417K(9024K)->8417K(9024K)
[161.627s][info][gc             ] GC(217) Pause Young (Allocation Failure) 1222M->704M(1979M) 129.146ms
[161.627s][info][gc,cpu         ] GC(217) User=0.13s Sys=0.00s Real=0.13s
[161.704s][info][gc,start       ] GC(218) Pause Full (System.gc())
[161.705s][info][gc,phases,start] GC(218) Phase 1: Mark live objects
[161.819s][info][gc,phases      ] GC(218) Phase 1: Mark live objects 114.127ms
[161.819s][info][gc,phases,start] GC(218) Phase 2: Compute new object addresses
[162.029s][info][gc,phases      ] GC(218) Phase 2: Compute new object addresses 210.099ms
[162.029s][info][gc,phases,start] GC(218) Phase 3: Adjust pointers
[162.106s][info][gc,phases      ] GC(218) Phase 3: Adjust pointers 77.403ms
[162.106s][info][gc,phases,start] GC(218) Phase 4: Move objects
[162.150s][info][gc,phases      ] GC(218) Phase 4: Move objects 43.965ms
[162.152s][info][gc,heap        ] GC(218) DefNew: 167467K(629248K)->0K(629248K) Eden: 97579K(559360K)->0K(559360K) From: 69888K(69888K)->0K(69888K)
[162.152s][info][gc,heap        ] GC(218) Tenured: 651852K(1398144K)->150110K(1398144K)
[162.152s][info][gc,metaspace   ] GC(218) Metaspace: 68083K(69184K)->68083K(69184K) NonClass: 59666K(60160K)->59666K(60160K) Class: 8417K(9024K)->8417K(9024K)
[162.152s][info][gc             ] GC(218) Pause Full (System.gc()) 800M->146M(1979M) 447.261ms
[162.152s][info][gc,cpu         ] GC(218) User=0.45s Sys=0.00s Real=0.45s
[162.457s][info][gc,start       ] GC(219) Pause Young (Allocation Failure)
[162.686s][info][gc,heap        ] GC(219) DefNew: 559360K(629248K)->69888K(629248K) Eden: 559360K(559360K)->0K(559360K) From: 0K(69888K)->69888K(69888K)
[162.686s][info][gc,heap        ] GC(219) Tenured: 150110K(1398144K)->196470K(1398144K)
[162.686s][info][gc,metaspace   ] GC(219) Metaspace: 68084K(69184K)->68084K(69184K) NonClass: 59666K(60160K)->59666K(60160K) Class: 8417K(9024K)->8417K(9024K)
[162.686s][info][gc             ] GC(219) Pause Young (Allocation Failure) 692M->260M(1979M) 229.004ms
[162.686s][info][gc,cpu         ] GC(219) User=0.23s Sys=0.00s Real=0.23s
[162.975s][info][gc,start       ] GC(220) Pause Young (Allocation Failure)
[163.289s][info][gc,heap        ] GC(220) DefNew: 629248K(629248K)->57365K(629248K) Eden: 559360K(559360K)->0K(559360K) From: 69888K(69888K)->57365K(69888K)
[163.289s][info][gc,heap        ] GC(220) Tenured: 196470K(1398144K)->253098K(1398144K)
[163.289s][info][gc,metaspace   ] GC(220) Metaspace: 68084K(69184K)->68084K(69184K) NonClass: 59666K(60160K)->59666K(60160K) Class: 8417K(9024K)->8417K(9024K)
[163.289s][info][gc             ] GC(220) Pause Young (Allocation Failure) 806M->303M(1979M) 313.737ms
[163.289s][info][gc,cpu         ] GC(220) User=0.33s Sys=0.00s Real=0.33s
[163.580s][info][gc,start       ] GC(221) Pause Young (Allocation Failure)
[163.848s][info][gc,heap        ] GC(221) DefNew: 616725K(629248K)->34414K(629248K) Eden: 559360K(559360K)->0K(559360K) From: 57365K(69888K)->34414K(69888K)
[163.848s][info][gc,heap        ] GC(221) Tenured: 253098K(1398144K)->301923K(1398144K)
[163.848s][info][gc,metaspace   ] GC(221) Metaspace: 68084K(69184K)->68084K(69184K) NonClass: 59666K(60160K)->59666K(60160K) Class: 8417K(9024K)->8417K(9024K)
[163.848s][info][gc             ] GC(221) Pause Young (Allocation Failure) 849M->328M(1979M) 267.994ms
[163.848s][info][gc,cpu         ] GC(221) User=0.27s Sys=0.00s Real=0.27s
[164.675s][info][gc,start       ] GC(222) Pause Young (Allocation Failure)
[165.060s][info][gc,heap        ] GC(222) DefNew: 593774K(629248K)->69887K(629248K) Eden: 559360K(559360K)->0K(559360K) From: 34414K(69888K)->69887K(69888K)
[165.060s][info][gc,heap        ] GC(222) Tenured: 301923K(1398144K)->376112K(1398144K)
[165.060s][info][gc,metaspace   ] GC(222) Metaspace: 68084K(69184K)->68084K(69184K) NonClass: 59666K(60160K)->59666K(60160K) Class: 8417K(9024K)->8417K(9024K)
[165.060s][info][gc             ] GC(222) Pause Young (Allocation Failure) 874M->435M(1979M) 384.963ms
[165.060s][info][gc,cpu         ] GC(222) User=0.39s Sys=0.00s Real=0.40s
[165.318s][info][gc,start       ] GC(223) Pause Young (Allocation Failure)
[165.688s][info][gc,heap        ] GC(223) DefNew: 629247K(629248K)->61271K(629248K) Eden: 559360K(559360K)->0K(559360K) From: 69887K(69888K)->61271K(69888K)
[165.688s][info][gc,heap        ] GC(223) Tenured: 376112K(1398144K)->445997K(1398144K)
[165.688s][info][gc,metaspace   ] GC(223) Metaspace: 68084K(69184K)->68084K(69184K) NonClass: 59666K(60160K)->59666K(60160K) Class: 8417K(9024K)->8417K(9024K)
[165.688s][info][gc             ] GC(223) Pause Young (Allocation Failure) 981M->495M(1979M) 369.913ms
[165.688s][info][gc,cpu         ] GC(223) User=0.38s Sys=0.00s Real=0.38s
[165.991s][info][gc,start       ] GC(224) Pause Young (Allocation Failure)
[166.294s][info][gc,heap        ] GC(224) DefNew: 620631K(629248K)->54089K(629248K) Eden: 559360K(559360K)->0K(559360K) From: 61271K(69888K)->54089K(69888K)
[166.294s][info][gc,heap        ] GC(224) Tenured: 445997K(1398144K)->491267K(1398144K)
[166.294s][info][gc,metaspace   ] GC(224) Metaspace: 68084K(69184K)->68084K(69184K) NonClass: 59666K(60160K)->59666K(60160K) Class: 8417K(9024K)->8417K(9024K)
[166.294s][info][gc             ] GC(224) Pause Young (Allocation Failure) 1041M->532M(1979M) 302.898ms
[166.294s][info][gc,cpu         ] GC(224) User=0.30s Sys=0.00s Real=0.30s
[167.193s][info][gc,start       ] GC(225) Pause Young (Allocation Failure)
[167.515s][info][gc,heap        ] GC(225) DefNew: 613449K(629248K)->43567K(629248K) Eden: 559360K(559360K)->0K(559360K) From: 54089K(69888K)->43567K(69888K)
[167.515s][info][gc,heap        ] GC(225) Tenured: 491267K(1398144K)->539113K(1398144K)
[167.515s][info][gc,metaspace   ] GC(225) Metaspace: 68084K(69184K)->68084K(69184K) NonClass: 59666K(60160K)->59666K(60160K) Class: 8417K(9024K)->8417K(9024K)
[167.515s][info][gc             ] GC(225) Pause Young (Allocation Failure) 1078M->569M(1979M) 322.089ms
[167.515s][info][gc,cpu         ] GC(225) User=0.31s Sys=0.00s Real=0.31s
[168.093s][info][gc,start       ] GC(226) Pause Young (Allocation Failure)
[168.277s][info][gc,heap        ] GC(226) DefNew: 602927K(629248K)->33633K(629248K) Eden: 559360K(559360K)->0K(559360K) From: 43567K(69888K)->33633K(69888K)
[168.277s][info][gc,heap        ] GC(226) Tenured: 539113K(1398144K)->558620K(1398144K)
[168.277s][info][gc,metaspace   ] GC(226) Metaspace: 68094K(69248K)->68094K(69248K) NonClass: 59676K(60224K)->59676K(60224K) Class: 8417K(9024K)->8417K(9024K)
[168.277s][info][gc             ] GC(226) Pause Young (Allocation Failure) 1115M->578M(1979M) 184.127ms
[168.278s][info][gc,cpu         ] GC(226) User=0.19s Sys=0.00s Real=0.19s
[168.752s][info][gc,start       ] GC(227) Pause Young (Allocation Failure)
[168.914s][info][gc,heap        ] GC(227) DefNew: 592993K(629248K)->67848K(629248K) Eden: 559360K(559360K)->0K(559360K) From: 33633K(69888K)->67848K(69888K)
[168.914s][info][gc,heap        ] GC(227) Tenured: 558620K(1398144K)->558620K(1398144K)
[168.914s][info][gc,metaspace   ] GC(227) Metaspace: 68094K(69248K)->68094K(69248K) NonClass: 59676K(60224K)->59676K(60224K) Class: 8417K(9024K)->8417K(9024K)
[168.914s][info][gc             ] GC(227) Pause Young (Allocation Failure) 1124M->611M(1979M) 161.803ms
[168.914s][info][gc,cpu         ] GC(227) User=0.16s Sys=0.00s Real=0.16s
[169.477s][info][gc,start       ] GC(228) Pause Young (Allocation Failure)
[169.587s][info][gc,heap        ] GC(228) DefNew: 627208K(629248K)->55342K(629248K) Eden: 559360K(559360K)->0K(559360K) From: 67848K(69888K)->55342K(69888K)
[169.587s][info][gc,heap        ] GC(228) Tenured: 558620K(1398144K)->558758K(1398144K)
[169.587s][info][gc,metaspace   ] GC(228) Metaspace: 68095K(69248K)->68095K(69248K) NonClass: 59677K(60224K)->59677K(60224K) Class: 8417K(9024K)->8417K(9024K)
[169.587s][info][gc             ] GC(228) Pause Young (Allocation Failure) 1158M->599M(1979M) 109.593ms
[169.587s][info][gc,cpu         ] GC(228) User=0.11s Sys=0.00s Real=0.11s
[169.894s][info][gc,start       ] GC(229) Pause Young (Allocation Failure)
[170.025s][info][gc,heap        ] GC(229) DefNew: 614702K(629248K)->69887K(629248K) Eden: 559360K(559360K)->0K(559360K) From: 55342K(69888K)->69887K(69888K)
[170.025s][info][gc,heap        ] GC(229) Tenured: 558758K(1398144K)->594140K(1398144K)
[170.025s][info][gc,metaspace   ] GC(229) Metaspace: 68095K(69248K)->68095K(69248K) NonClass: 59677K(60224K)->59677K(60224K) Class: 8417K(9024K)->8417K(9024K)
[170.025s][info][gc             ] GC(229) Pause Young (Allocation Failure) 1145M->648M(1979M) 130.995ms
[170.025s][info][gc,cpu         ] GC(229) User=0.13s Sys=0.00s Real=0.13s
[170.095s][info][gc,start       ] GC(230) Pause Full (System.gc())
[170.095s][info][gc,phases,start] GC(230) Phase 1: Mark live objects
[170.209s][info][gc,phases      ] GC(230) Phase 1: Mark live objects 113.724ms
[170.209s][info][gc,phases,start] GC(230) Phase 2: Compute new object addresses
[170.418s][info][gc,phases      ] GC(230) Phase 2: Compute new object addresses 209.333ms
[170.418s][info][gc,phases,start] GC(230) Phase 3: Adjust pointers
[170.492s][info][gc,phases      ] GC(230) Phase 3: Adjust pointers 73.831ms
[170.492s][info][gc,phases,start] GC(230) Phase 4: Move objects
[170.492s][info][gc,phases      ] GC(230) Phase 4: Move objects 0.081ms
[170.493s][info][gc,heap        ] GC(230) DefNew: 159176K(629248K)->0K(629248K) Eden: 89288K(559360K)->0K(559360K) From: 69887K(69888K)->0K(69888K)
[170.493s][info][gc,heap        ] GC(230) Tenured: 594140K(1398144K)->205142K(1398144K)
[170.493s][info][gc,metaspace   ] GC(230) Metaspace: 68095K(69248K)->68095K(69248K) NonClass: 59677K(60224K)->59677K(60224K) Class: 8417K(9024K)->8417K(9024K)
[170.493s][info][gc             ] GC(230) Pause Full (System.gc()) 735M->200M(1979M) 398.621ms
[170.493s][info][gc,cpu         ] GC(230) User=0.41s Sys=0.00s Real=0.40s
[170.807s][info][gc,start       ] GC(231) Pause Young (Allocation Failure)
[171.030s][info][gc,heap        ] GC(231) DefNew: 559360K(629248K)->69888K(629248K) Eden: 559360K(559360K)->0K(559360K) From: 0K(69888K)->69888K(69888K)
[171.030s][info][gc,heap        ] GC(231) Tenured: 205142K(1398144K)->252734K(1398144K)
[171.030s][info][gc,metaspace   ] GC(231) Metaspace: 68099K(69248K)->68099K(69248K) NonClass: 59681K(60224K)->59681K(60224K) Class: 8418K(9024K)->8418K(9024K)
[171.030s][info][gc             ] GC(231) Pause Young (Allocation Failure) 746M->315M(1979M) 223.647ms
[171.030s][info][gc,cpu         ] GC(231) User=0.23s Sys=0.00s Real=0.23s
[171.320s][info][gc,start       ] GC(232) Pause Young (Allocation Failure)
[171.624s][info][gc,heap        ] GC(232) DefNew: 629248K(629248K)->57212K(629248K) Eden: 559360K(559360K)->0K(559360K) From: 69888K(69888K)->57212K(69888K)
[171.624s][info][gc,heap        ] GC(232) Tenured: 252734K(1398144K)->308308K(1398144K)
[171.624s][info][gc,metaspace   ] GC(232) Metaspace: 68099K(69248K)->68099K(69248K) NonClass: 59681K(60224K)->59681K(60224K) Class: 8418K(9024K)->8418K(9024K)
[171.624s][info][gc             ] GC(232) Pause Young (Allocation Failure) 861M->356M(1979M) 303.985ms
[171.624s][info][gc,cpu         ] GC(232) User=0.30s Sys=0.00s Real=0.30s
[171.919s][info][gc,start       ] GC(233) Pause Young (Allocation Failure)
[172.185s][info][gc,heap        ] GC(233) DefNew: 616572K(629248K)->34464K(629248K) Eden: 559360K(559360K)->0K(559360K) From: 57212K(69888K)->34464K(69888K)
[172.185s][info][gc,heap        ] GC(233) Tenured: 308308K(1398144K)->356984K(1398144K)
[172.185s][info][gc,metaspace   ] GC(233) Metaspace: 68099K(69248K)->68099K(69248K) NonClass: 59681K(60224K)->59681K(60224K) Class: 8418K(9024K)->8418K(9024K)
[172.185s][info][gc             ] GC(233) Pause Young (Allocation Failure) 903M->382M(1979M) 265.903ms
[172.185s][info][gc,cpu         ] GC(233) User=0.27s Sys=0.00s Real=0.27s
[173.037s][info][gc,start       ] GC(234) Pause Young (Allocation Failure)
[173.442s][info][gc,heap        ] GC(234) DefNew: 593824K(629248K)->69888K(629248K) Eden: 559360K(559360K)->0K(559360K) From: 34464K(69888K)->69888K(69888K)
[173.442s][info][gc,heap        ] GC(234) Tenured: 356984K(1398144K)->431465K(1398144K)
[173.442s][info][gc,metaspace   ] GC(234) Metaspace: 68118K(69248K)->68118K(69248K) NonClass: 59699K(60224K)->59699K(60224K) Class: 8418K(9024K)->8418K(9024K)
[173.442s][info][gc             ] GC(234) Pause Young (Allocation Failure) 928M->489M(1979M) 405.403ms
[173.442s][info][gc,cpu         ] GC(234) User=0.39s Sys=0.00s Real=0.40s
[173.700s][info][gc,start       ] GC(235) Pause Young (Allocation Failure)
[174.073s][info][gc,heap        ] GC(235) DefNew: 629248K(629248K)->60832K(629248K) Eden: 559360K(559360K)->0K(559360K) From: 69888K(69888K)->60832K(69888K)
[174.073s][info][gc,heap        ] GC(235) Tenured: 431465K(1398144K)->501350K(1398144K)
[174.073s][info][gc,metaspace   ] GC(235) Metaspace: 68118K(69248K)->68118K(69248K) NonClass: 59699K(60224K)->59699K(60224K) Class: 8418K(9024K)->8418K(9024K)
[174.073s][info][gc             ] GC(235) Pause Young (Allocation Failure) 1035M->549M(1979M) 373.233ms
[174.073s][info][gc,cpu         ] GC(235) User=0.38s Sys=0.00s Real=0.37s
[174.365s][info][gc,start       ] GC(236) Pause Young (Allocation Failure)
[174.675s][info][gc,heap        ] GC(236) DefNew: 620192K(629248K)->54063K(629248K) Eden: 559360K(559360K)->0K(559360K) From: 60832K(69888K)->54063K(69888K)
[174.675s][info][gc,heap        ] GC(236) Tenured: 501350K(1398144K)->546199K(1398144K)
[174.675s][info][gc,metaspace   ] GC(236) Metaspace: 68118K(69248K)->68118K(69248K) NonClass: 59699K(60224K)->59699K(60224K) Class: 8418K(9024K)->8418K(9024K)
[174.676s][info][gc             ] GC(236) Pause Young (Allocation Failure) 1095M->586M(1979M) 310.969ms
[174.676s][info][gc,cpu         ] GC(236) User=0.31s Sys=0.00s Real=0.31s
[175.605s][info][gc,start       ] GC(237) Pause Young (Allocation Failure)
[175.968s][info][gc,heap        ] GC(237) DefNew: 613423K(629248K)->51732K(629248K) Eden: 559360K(559360K)->0K(559360K) From: 54063K(69888K)->51732K(69888K)
[175.968s][info][gc,heap        ] GC(237) Tenured: 546199K(1398144K)->593977K(1398144K)
[175.968s][info][gc,metaspace   ] GC(237) Metaspace: 68140K(69248K)->68140K(69248K) NonClass: 59721K(60224K)->59721K(60224K) Class: 8418K(9024K)->8418K(9024K)
[175.968s][info][gc             ] GC(237) Pause Young (Allocation Failure) 1132M->630M(1979M) 362.781ms
[175.968s][info][gc,cpu         ] GC(237) User=0.36s Sys=0.00s Real=0.36s
[176.511s][info][gc,start       ] GC(238) Pause Young (Allocation Failure)
[176.697s][info][gc,heap        ] GC(238) DefNew: 611092K(629248K)->33868K(629248K) Eden: 559360K(559360K)->0K(559360K) From: 51732K(69888K)->33868K(69888K)
[176.697s][info][gc,heap        ] GC(238) Tenured: 593977K(1398144K)->613639K(1398144K)
[176.697s][info][gc,metaspace   ] GC(238) Metaspace: 68155K(69248K)->68155K(69248K) NonClass: 59736K(60224K)->59736K(60224K) Class: 8418K(9024K)->8418K(9024K)
[176.697s][info][gc             ] GC(238) Pause Young (Allocation Failure) 1176M->632M(1979M) 186.486ms
[176.697s][info][gc,cpu         ] GC(238) User=0.19s Sys=0.00s Real=0.19s
[177.103s][info][gc,start       ] GC(239) Pause Young (Allocation Failure)
[177.266s][info][gc,heap        ] GC(239) DefNew: 593228K(629248K)->68030K(629248K) Eden: 559360K(559360K)->0K(559360K) From: 33868K(69888K)->68030K(69888K)
[177.266s][info][gc,heap        ] GC(239) Tenured: 613639K(1398144K)->613639K(1398144K)
[177.266s][info][gc,metaspace   ] GC(239) Metaspace: 68169K(69312K)->68169K(69312K) NonClass: 59750K(60288K)->59750K(60288K) Class: 8418K(9024K)->8418K(9024K)
[177.266s][info][gc             ] GC(239) Pause Young (Allocation Failure) 1178M->665M(1979M) 162.872ms
[177.266s][info][gc,cpu         ] GC(239) User=0.16s Sys=0.00s Real=0.16s
[177.721s][info][gc,start       ] GC(240) Pause Young (Allocation Failure)
[177.833s][info][gc,heap        ] GC(240) DefNew: 627390K(629248K)->69888K(629248K) Eden: 559360K(559360K)->0K(559360K) From: 68030K(69888K)->69888K(69888K)
[177.833s][info][gc,heap        ] GC(240) Tenured: 613639K(1398144K)->619799K(1398144K)
[177.833s][info][gc,metaspace   ] GC(240) Metaspace: 68169K(69312K)->68169K(69312K) NonClass: 59751K(60288K)->59751K(60288K) Class: 8418K(9024K)->8418K(9024K)
[177.833s][info][gc             ] GC(240) Pause Young (Allocation Failure) 1211M->673M(1979M) 112.539ms
[177.833s][info][gc,cpu         ] GC(240) User=0.14s Sys=0.00s Real=0.13s
[178.120s][info][gc,start       ] GC(241) Pause Young (Allocation Failure)
[178.247s][info][gc,heap        ] GC(241) DefNew: 629248K(629248K)->69887K(629248K) Eden: 559360K(559360K)->0K(559360K) From: 69888K(69888K)->69887K(69888K)
[178.247s][info][gc,heap        ] GC(241) Tenured: 619799K(1398144K)->649162K(1398144K)
[178.247s][info][gc,metaspace   ] GC(241) Metaspace: 68170K(69312K)->68170K(69312K) NonClass: 59751K(60288K)->59751K(60288K) Class: 8418K(9024K)->8418K(9024K)
[178.247s][info][gc             ] GC(241) Pause Young (Allocation Failure) 1219M->702M(1979M) 126.984ms
[178.247s][info][gc,cpu         ] GC(241) User=0.13s Sys=0.00s Real=0.12s
[178.322s][info][gc,start       ] GC(242) Pause Full (System.gc())
[178.322s][info][gc,phases,start] GC(242) Phase 1: Mark live objects
[178.436s][info][gc,phases      ] GC(242) Phase 1: Mark live objects 113.805ms
[178.436s][info][gc,phases,start] GC(242) Phase 2: Compute new object addresses
[178.659s][info][gc,phases      ] GC(242) Phase 2: Compute new object addresses 223.775ms
[178.659s][info][gc,phases,start] GC(242) Phase 3: Adjust pointers
[178.735s][info][gc,phases      ] GC(242) Phase 3: Adjust pointers 75.117ms
[178.735s][info][gc,phases,start] GC(242) Phase 4: Move objects
[178.735s][info][gc,phases      ] GC(242) Phase 4: Move objects 0.091ms
[178.736s][info][gc,heap        ] GC(242) DefNew: 163500K(629248K)->0K(629248K) Eden: 93612K(559360K)->0K(559360K) From: 69887K(69888K)->0K(69888K)
[178.736s][info][gc,heap        ] GC(242) Tenured: 649162K(1398144K)->205351K(1398144K)
[178.736s][info][gc,metaspace   ] GC(242) Metaspace: 68170K(69312K)->68170K(69312K) NonClass: 59751K(60288K)->59751K(60288K) Class: 8418K(9024K)->8418K(9024K)
[178.736s][info][gc             ] GC(242) Pause Full (System.gc()) 793M->200M(1979M) 414.476ms
[178.736s][info][gc,cpu         ] GC(242) User=0.41s Sys=0.00s Real=0.41s
[179.043s][info][gc,start       ] GC(243) Pause Young (Allocation Failure)
[179.266s][info][gc,heap        ] GC(243) DefNew: 559360K(629248K)->69887K(629248K) Eden: 559360K(559360K)->0K(559360K) From: 0K(69888K)->69887K(69888K)
[179.267s][info][gc,heap        ] GC(243) Tenured: 205351K(1398144K)->252867K(1398144K)
[179.267s][info][gc,metaspace   ] GC(243) Metaspace: 68177K(69312K)->68177K(69312K) NonClass: 59758K(60288K)->59758K(60288K) Class: 8418K(9024K)->8418K(9024K)
[179.267s][info][gc             ] GC(243) Pause Young (Allocation Failure) 746M->315M(1979M) 224.028ms
[179.267s][info][gc,cpu         ] GC(243) User=0.23s Sys=0.00s Real=0.22s
[179.565s][info][gc,start       ] GC(244) Pause Young (Allocation Failure)
[179.875s][info][gc,heap        ] GC(244) DefNew: 629247K(629248K)->57247K(629248K) Eden: 559360K(559360K)->0K(559360K) From: 69887K(69888K)->57247K(69888K)
[179.875s][info][gc,heap        ] GC(244) Tenured: 252867K(1398144K)->308457K(1398144K)
[179.875s][info][gc,metaspace   ] GC(244) Metaspace: 68177K(69312K)->68177K(69312K) NonClass: 59758K(60288K)->59758K(60288K) Class: 8418K(9024K)->8418K(9024K)
[179.875s][info][gc             ] GC(244) Pause Young (Allocation Failure) 861M->357M(1979M) 310.572ms
[179.875s][info][gc,cpu         ] GC(244) User=0.30s Sys=0.00s Real=0.30s
[180.165s][info][gc,start       ] GC(245) Pause Young (Allocation Failure)
[180.436s][info][gc,heap        ] GC(245) DefNew: 616607K(629248K)->34425K(629248K) Eden: 559360K(559360K)->0K(559360K) From: 57247K(69888K)->34425K(69888K)
[180.436s][info][gc,heap        ] GC(245) Tenured: 308457K(1398144K)->357191K(1398144K)
[180.436s][info][gc,metaspace   ] GC(245) Metaspace: 68177K(69312K)->68177K(69312K) NonClass: 59758K(60288K)->59758K(60288K) Class: 8418K(9024K)->8418K(9024K)
[180.436s][info][gc             ] GC(245) Pause Young (Allocation Failure) 903M->382M(1979M) 270.807ms
[180.436s][info][gc,cpu         ] GC(245) User=0.25s Sys=0.00s Real=0.26s
[181.294s][info][gc,start       ] GC(246) Pause Young (Allocation Failure)
[181.675s][info][gc,heap        ] GC(246) DefNew: 593785K(629248K)->69887K(629248K) Eden: 559360K(559360K)->0K(559360K) From: 34425K(69888K)->69887K(69888K)
[181.675s][info][gc,heap        ] GC(246) Tenured: 357191K(1398144K)->431248K(1398144K)
[181.675s][info][gc,metaspace   ] GC(246) Metaspace: 68193K(69312K)->68193K(69312K) NonClass: 59775K(60288K)->59775K(60288K) Class: 8418K(9024K)->8418K(9024K)
[181.676s][info][gc             ] GC(246) Pause Young (Allocation Failure) 928M->489M(1979M) 381.395ms
[181.676s][info][gc,cpu         ] GC(246) User=0.38s Sys=0.00s Real=0.38s
[181.940s][info][gc,start       ] GC(247) Pause Young (Allocation Failure)
[182.308s][info][gc,heap        ] GC(247) DefNew: 629247K(629248K)->61213K(629248K) Eden: 559360K(559360K)->0K(559360K) From: 69887K(69888K)->61213K(69888K)
[182.319s][info][gc,heap        ] GC(247) Tenured: 431248K(1398144K)->501135K(1398144K)
[182.365s][info][gc,metaspace   ] GC(247) Metaspace: 68193K(69312K)->68193K(69312K) NonClass: 59775K(60288K)->59775K(60288K) Class: 8418K(9024K)->8418K(9024K)
[182.365s][info][gc             ] GC(247) Pause Young (Allocation Failure) 1035M->549M(1979M) 424.457ms
[182.365s][info][gc,cpu         ] GC(247) User=0.38s Sys=0.00s Real=0.43s
[182.651s][info][gc,start       ] GC(248) Pause Young (Allocation Failure)
[182.990s][info][gc,heap        ] GC(248) DefNew: 620573K(629248K)->54218K(629248K) Eden: 559360K(559360K)->0K(559360K) From: 61213K(69888K)->54218K(69888K)
[182.991s][info][gc,heap        ] GC(248) Tenured: 501135K(1398144K)->546351K(1398144K)
[182.991s][info][gc,metaspace   ] GC(248) Metaspace: 68193K(69312K)->68193K(69312K) NonClass: 59775K(60288K)->59775K(60288K) Class: 8418K(9024K)->8418K(9024K)
[182.991s][info][gc             ] GC(248) Pause Young (Allocation Failure) 1095M->586M(1979M) 339.997ms
[182.991s][info][gc,cpu         ] GC(248) User=0.33s Sys=0.00s Real=0.34s
[183.890s][info][gc,start       ] GC(249) Pause Young (Allocation Failure)
[184.244s][info][gc,heap        ] GC(249) DefNew: 613578K(629248K)->51622K(629248K) Eden: 559360K(559360K)->0K(559360K) From: 54218K(69888K)->51622K(69888K)
[184.244s][info][gc,heap        ] GC(249) Tenured: 546351K(1398144K)->594306K(1398144K)
[184.244s][info][gc,metaspace   ] GC(249) Metaspace: 68197K(69312K)->68197K(69312K) NonClass: 59779K(60288K)->59779K(60288K) Class: 8418K(9024K)->8418K(9024K)
[184.244s][info][gc             ] GC(249) Pause Young (Allocation Failure) 1132M->630M(1979M) 354.121ms
[184.244s][info][gc,cpu         ] GC(249) User=0.34s Sys=0.00s Real=0.34s
[184.795s][info][gc,start       ] GC(250) Pause Young (Allocation Failure)
[184.985s][info][gc,heap        ] GC(250) DefNew: 610982K(629248K)->33847K(629248K) Eden: 559360K(559360K)->0K(559360K) From: 51622K(69888K)->33847K(69888K)
[184.985s][info][gc,heap        ] GC(250) Tenured: 594306K(1398144K)->613859K(1398144K)
[184.985s][info][gc,metaspace   ] GC(250) Metaspace: 68217K(69312K)->68217K(69312K) NonClass: 59798K(60288K)->59798K(60288K) Class: 8418K(9024K)->8418K(9024K)
[184.985s][info][gc             ] GC(250) Pause Young (Allocation Failure) 1177M->632M(1979M) 190.115ms
[184.985s][info][gc,cpu         ] GC(250) User=0.19s Sys=0.00s Real=0.19s
[185.387s][info][gc,start       ] GC(251) Pause Young (Allocation Failure)
[185.551s][info][gc,heap        ] GC(251) DefNew: 593207K(629248K)->67698K(629248K) Eden: 559360K(559360K)->0K(559360K) From: 33847K(69888K)->67698K(69888K)
[185.551s][info][gc,heap        ] GC(251) Tenured: 613859K(1398144K)->613859K(1398144K)
[185.551s][info][gc,metaspace   ] GC(251) Metaspace: 68219K(69376K)->68219K(69376K) NonClass: 59800K(60352K)->59800K(60352K) Class: 8418K(9024K)->8418K(9024K)
[185.551s][info][gc             ] GC(251) Pause Young (Allocation Failure) 1178M->665M(1979M) 163.968ms
[185.551s][info][gc,cpu         ] GC(251) User=0.17s Sys=0.00s Real=0.17s
[186.134s][info][gc,start       ] GC(252) Pause Young (Allocation Failure)
[186.238s][info][gc,heap        ] GC(252) DefNew: 627058K(629248K)->57257K(629248K) Eden: 559360K(559360K)->0K(559360K) From: 67698K(69888K)->57257K(69888K)
[186.238s][info][gc,heap        ] GC(252) Tenured: 613859K(1398144K)->613999K(1398144K)
[186.238s][info][gc,metaspace   ] GC(252) Metaspace: 68223K(69376K)->68223K(69376K) NonClass: 59805K(60352K)->59805K(60352K) Class: 8418K(9024K)->8418K(9024K)
[186.238s][info][gc             ] GC(252) Pause Young (Allocation Failure) 1211M->655M(1979M) 103.223ms
[186.238s][info][gc,cpu         ] GC(252) User=0.11s Sys=0.00s Real=0.11s
[186.574s][info][gc,start       ] GC(253) Pause Young (Allocation Failure)
[186.707s][info][gc,heap        ] GC(253) DefNew: 616617K(629248K)->69887K(629248K) Eden: 559360K(559360K)->0K(559360K) From: 57257K(69888K)->69887K(69888K)
[186.707s][info][gc,heap        ] GC(253) Tenured: 613999K(1398144K)->649382K(1398144K)
[186.707s][info][gc,metaspace   ] GC(253) Metaspace: 68231K(69376K)->68231K(69376K) NonClass: 59813K(60352K)->59813K(60352K) Class: 8418K(9024K)->8418K(9024K)
[186.707s][info][gc             ] GC(253) Pause Young (Allocation Failure) 1201M->702M(1979M) 133.345ms
[186.707s][info][gc,cpu         ] GC(253) User=0.13s Sys=0.00s Real=0.12s
[186.999s][info][gc,heap,exit   ] Heap
[186.999s][info][gc,heap,exit   ]  def new generation   total 629248K, used 252345K [0x0000000080200000, 0x00000000aacc0000, 0x0000000300150000)
[186.999s][info][gc,heap,exit   ]   eden space 559360K,  32% used [0x0000000080200000, 0x000000008b42e4c0, 0x00000000a2440000)
[186.999s][info][gc,heap,exit   ]   from space 69888K,  99% used [0x00000000a2440000, 0x00000000a687fff8, 0x00000000a6880000)
[186.999s][info][gc,heap,exit   ]   to   space 69888K,   0% used [0x00000000a6880000, 0x00000000a6880000, 0x00000000aacc0000)
[186.999s][info][gc,heap,exit   ]  tenured generation   total 1398144K, used 649382K [0x0000000300150000, 0x00000003556b0000, 0x0000000800000000)
[186.999s][info][gc,heap,exit   ]    the space 1398144K,  46% used [0x0000000300150000, 0x0000000327b79ab8, 0x0000000327b79c00, 0x00000003556b0000)
[186.999s][info][gc,heap,exit   ]  Metaspace       used 68625K, committed 69632K, reserved 1114112K
[187.000s][info][gc,heap,exit   ]   class space    used 8506K, committed 9024K, reserved 1048576K
