[0.016s][info][gc,init] Initializing The Z Garbage Collector
[0.016s][info][gc,init] Version: 20+36-2344 (release)
[0.016s][info][gc,init] NUMA Support: Disabled
[0.016s][info][gc,init] CPUs: 48 total, 48 available
[0.016s][info][gc,init] Memory: 391843M
[0.016s][info][gc,init] Large Page Support: Disabled
[0.016s][info][gc,init] GC Workers: 12 (dynamic)
[0.018s][info][gc,init] Address Space Type: Contiguous/Unrestricted/Complete
[0.018s][info][gc,init] Address Space Size: 491488M x 3 = 1474464M
[0.018s][info][gc,init] Min Capacity: 8M
[0.018s][info][gc,init] Initial Capacity: 2048M
[0.027s][info][gc,init] Max Capacity: 30718M
[0.027s][info][gc,init] Medium Page Size: 32M
[0.027s][info][gc,init] Pre-touch: Disabled
[0.027s][info][gc,init] Uncommit: Enabled
[0.027s][info][gc,init] Uncommit Delay: 300s
[0.119s][info][gc,init] Runtime Workers: 29
[0.122s][info][gc     ] Using The Z Garbage Collector
[0.123s][info][gc,metaspace] CDS archive(s) mapped at: [0x0000000800000000-0x0000000800c60000-0x0000000800c60000), size 12976128, SharedBaseAddress: 0x0000000800000000, ArchiveRelocationMode: 0.
[0.123s][info][gc,metaspace] Compressed class space mapped at: 0x0000000801000000-0x0000000841000000, reserved size: 1073741824
[0.123s][info][gc,metaspace] Narrow klass base: 0x0000000800000000, Narrow klass shift: 0, Narrow klass range: 0x100000000
[9.721s][info][gc,start    ] GC(0) Garbage Collection (Metadata GC Threshold)
[9.721s][info][gc,task     ] GC(0) Using 12 workers
[9.722s][info][gc,phases   ] GC(0) Pause Mark Start 0.016ms
[9.747s][info][gc,phases   ] GC(0) Concurrent Mark 25.610ms
[9.747s][info][gc,phases   ] GC(0) Pause Mark End 0.029ms
[9.748s][info][gc,phases   ] GC(0) Concurrent Mark Free 0.001ms
[9.749s][info][gc,phases   ] GC(0) Concurrent Process Non-Strong References 1.764ms
[9.749s][info][gc,phases   ] GC(0) Concurrent Reset Relocation Set 0.000ms
[9.760s][info][gc,phases   ] GC(0) Concurrent Select Relocation Set 10.188ms
[9.760s][info][gc,phases   ] GC(0) Pause Relocate Start 0.009ms
[9.765s][info][gc,phases   ] GC(0) Concurrent Relocate 5.184ms
[9.765s][info][gc,load     ] GC(0) Load: 0.00/0.00/0.00
[9.765s][info][gc,mmu      ] GC(0) MMU: 2ms/98.5%, 5ms/99.4%, 10ms/99.7%, 20ms/99.8%, 50ms/99.9%, 100ms/99.9%
[9.765s][info][gc,marking  ] GC(0) Mark: 8 stripe(s), 2 proactive flush(es), 1 terminate flush(es), 0 completion(s), 0 continuation(s) 
[9.765s][info][gc,marking  ] GC(0) Mark Stack Usage: 32M
[9.765s][info][gc,nmethod  ] GC(0) NMethods: 1869 registered, 325 unregistered
[9.765s][info][gc,metaspace] GC(0) Metaspace: 21M used, 21M committed, 1088M reserved
[9.765s][info][gc,ref      ] GC(0) Soft: 3531 encountered, 0 discovered, 0 enqueued
[9.765s][info][gc,ref      ] GC(0) Weak: 1702 encountered, 543 discovered, 502 enqueued
[9.765s][info][gc,ref      ] GC(0) Final: 1 encountered, 1 discovered, 0 enqueued
[9.765s][info][gc,ref      ] GC(0) Phantom: 958 encountered, 834 discovered, 377 enqueued
[9.765s][info][gc,reloc    ] GC(0) Small Pages: 52 / 104M, Empty: 0M, Relocated: 8M, In-Place: 0
[9.765s][info][gc,reloc    ] GC(0) Medium Pages: 1 / 32M, Empty: 0M, Relocated: 0M, In-Place: 0
[9.766s][info][gc,reloc    ] GC(0) Large Pages: 0 / 0M, Empty: 0M, Relocated: 0M, In-Place: 0
[9.766s][info][gc,reloc    ] GC(0) Forwarding Usage: 2M
[9.766s][info][gc,heap     ] GC(0) Min Capacity: 8M(0%)
[9.766s][info][gc,heap     ] GC(0) Max Capacity: 30718M(100%)
[9.766s][info][gc,heap     ] GC(0) Soft Max Capacity: 30718M(100%)
[9.766s][info][gc,heap     ] GC(0)                Mark Start          Mark End        Relocate Start      Relocate End           High               Low         
[9.766s][info][gc,heap     ] GC(0)  Capacity:     2048M (7%)         2048M (7%)         2048M (7%)         2048M (7%)         2048M (7%)         2048M (7%)     
[9.766s][info][gc,heap     ] GC(0)      Free:    30582M (100%)      30578M (100%)      30574M (100%)      30646M (100%)      30646M (100%)      30560M (99%)    
[9.766s][info][gc,heap     ] GC(0)      Used:      136M (0%)          140M (0%)          144M (0%)           72M (0%)          158M (1%)           72M (0%)     
[9.766s][info][gc,heap     ] GC(0)      Live:         -                19M (0%)           19M (0%)           19M (0%)             -                  -          
[9.766s][info][gc,heap     ] GC(0) Allocated:         -                 4M (0%)            8M (0%)            7M (0%)             -                  -          
[9.766s][info][gc,heap     ] GC(0)   Garbage:         -               116M (0%)          116M (0%)           44M (0%)             -                  -          
[9.766s][info][gc,heap     ] GC(0) Reclaimed:         -                  -                 0M (0%)           71M (0%)             -                  -          
[9.766s][info][gc          ] GC(0) Garbage Collection (Metadata GC Threshold) 136M(0%)->72M(0%)
[10.153s][info][gc,stats    ] === Garbage Collection Statistics =======================================================================================================================
[10.153s][info][gc,stats    ]                                                              Last 10s              Last 10m              Last 10h                Total
[10.153s][info][gc,stats    ]                                                              Avg / Max             Avg / Max             Avg / Max             Avg / Max
[10.153s][info][gc,stats    ]   Collector: Garbage Collection Cycle                     44.081 / 44.081       44.081 / 44.081       44.081 / 44.081       44.081 / 44.081      ms
[10.153s][info][gc,stats    ]  Contention: Mark Segment Reset Contention                     0 / 2                 0 / 2                 0 / 2                 0 / 2           ops/s
[10.153s][info][gc,stats    ]  Contention: Mark SeqNum Reset Contention                      0 / 0                 0 / 0                 0 / 0                 0 / 0           ops/s
[10.153s][info][gc,stats    ]    Critical: Allocation Stall                                  0 / 0                 0 / 0                 0 / 0                 0 / 0           ops/s
[10.153s][info][gc,stats    ]    Critical: Allocation Stall                              0.000 / 0.000         0.000 / 0.000         0.000 / 0.000         0.000 / 0.000       ms
[10.153s][info][gc,stats    ]    Critical: GC Locker Stall                                   0 / 2                 0 / 2                 0 / 2                 0 / 2           ops/s
[10.153s][info][gc,stats    ]    Critical: GC Locker Stall                               0.001 / 0.002         0.001 / 0.002         0.001 / 0.002         0.001 / 0.002       ms
[10.153s][info][gc,stats    ]    Critical: Relocation Stall                                  0 / 0                 0 / 0                 0 / 0                 0 / 0           ops/s
[10.153s][info][gc,stats    ]    Critical: Relocation Stall                              0.000 / 0.000         0.000 / 0.000         0.000 / 0.000         0.000 / 0.000       ms
[10.153s][info][gc,stats    ]      Memory: Allocation Rate                                  18 / 80               18 / 80               18 / 80               18 / 80          MB/s
[10.153s][info][gc,stats    ]      Memory: Defragment                                        0 / 0                 0 / 0                 0 / 0                 0 / 0           ops/s
[10.153s][info][gc,stats    ]      Memory: Out Of Memory                                     0 / 0                 0 / 0                 0 / 0                 0 / 0           ops/s
[10.153s][info][gc,stats    ]      Memory: Page Cache Flush                                  0 / 0                 0 / 0                 0 / 0                 0 / 0           MB/s
[10.154s][info][gc,stats    ]      Memory: Page Cache Hit L1                                 2 / 27                2 / 27                2 / 27                2 / 27          ops/s
[10.154s][info][gc,stats    ]      Memory: Page Cache Hit L2                                 0 / 0                 0 / 0                 0 / 0                 0 / 0           ops/s
[10.154s][info][gc,stats    ]      Memory: Page Cache Hit L3                                 6 / 25                6 / 25                6 / 25                6 / 25          ops/s
[10.154s][info][gc,stats    ]      Memory: Page Cache Miss                                   0 / 1                 0 / 1                 0 / 1                 0 / 1           ops/s
[10.154s][info][gc,stats    ]      Memory: Uncommit                                          0 / 0                 0 / 0                 0 / 0                 0 / 0           MB/s
[10.154s][info][gc,stats    ]      Memory: Undo Object Allocation Failed                     0 / 0                 0 / 0                 0 / 0                 0 / 0           ops/s
[10.154s][info][gc,stats    ]      Memory: Undo Object Allocation Succeeded                  0 / 1                 0 / 1                 0 / 1                 0 / 1           ops/s
[10.154s][info][gc,stats    ]      Memory: Undo Page Allocation                              0 / 0                 0 / 0                 0 / 0                 0 / 0           ops/s
[10.154s][info][gc,stats    ]       Phase: Concurrent Mark                              25.610 / 25.610       25.610 / 25.610       25.610 / 25.610       25.610 / 25.610      ms
[10.154s][info][gc,stats    ]       Phase: Concurrent Mark Continue                      0.000 / 0.000         0.000 / 0.000         0.000 / 0.000         0.000 / 0.000       ms
[10.154s][info][gc,stats    ]       Phase: Concurrent Mark Free                          0.001 / 0.001         0.001 / 0.001         0.001 / 0.001         0.001 / 0.001       ms
[10.154s][info][gc,stats    ]       Phase: Concurrent Process Non-Strong References      1.764 / 1.764         1.764 / 1.764         1.764 / 1.764         1.764 / 1.764       ms
[10.154s][info][gc,stats    ]       Phase: Concurrent Relocate                           5.184 / 5.184         5.184 / 5.184         5.184 / 5.184         5.184 / 5.184       ms
[10.154s][info][gc,stats    ]       Phase: Concurrent Reset Relocation Set               0.000 / 0.000         0.000 / 0.000         0.000 / 0.000         0.000 / 0.000       ms
[10.154s][info][gc,stats    ]       Phase: Concurrent Select Relocation Set             10.188 / 10.188       10.188 / 10.188       10.188 / 10.188       10.188 / 10.188      ms
[10.154s][info][gc,stats    ]       Phase: Pause Mark End                                0.029 / 0.029         0.029 / 0.029         0.029 / 0.029         0.029 / 0.029       ms
[10.154s][info][gc,stats    ]       Phase: Pause Mark Start                              0.016 / 0.016         0.016 / 0.016         0.016 / 0.016         0.016 / 0.016       ms
[10.154s][info][gc,stats    ]       Phase: Pause Relocate Start                          0.009 / 0.009         0.009 / 0.009         0.009 / 0.009         0.009 / 0.009       ms
[10.154s][info][gc,stats    ]    Subphase: Concurrent Classes Purge                      0.854 / 0.854         0.854 / 0.854         0.854 / 0.854         0.854 / 0.854       ms
[10.154s][info][gc,stats    ]    Subphase: Concurrent Classes Unlink                     0.619 / 0.619         0.619 / 0.619         0.619 / 0.619         0.619 / 0.619       ms
[10.154s][info][gc,stats    ]    Subphase: Concurrent Mark                              21.930 / 23.159       21.930 / 23.159       21.930 / 23.159       21.930 / 23.159      ms
[10.154s][info][gc,stats    ]    Subphase: Concurrent Mark Try Flush                     0.215 / 0.590         0.215 / 0.590         0.215 / 0.590         0.215 / 0.590       ms
[10.154s][info][gc,stats    ]    Subphase: Concurrent Mark Try Terminate                10.286 / 15.240       10.286 / 15.240       10.286 / 15.240       10.286 / 15.240      ms
[10.154s][info][gc,stats    ]    Subphase: Concurrent References Enqueue                 0.003 / 0.003         0.003 / 0.003         0.003 / 0.003         0.003 / 0.003       ms
[10.154s][info][gc,stats    ]    Subphase: Concurrent References Process                 0.100 / 0.100         0.100 / 0.100         0.100 / 0.100         0.100 / 0.100       ms
[10.155s][info][gc,stats    ]    Subphase: Concurrent Roots ClassLoaderDataGraph         0.059 / 0.345         0.059 / 0.345         0.059 / 0.345         0.059 / 0.345       ms
[10.155s][info][gc,stats    ]    Subphase: Concurrent Roots CodeCache                    0.000 / 0.000         0.000 / 0.000         0.000 / 0.000         0.000 / 0.000       ms
[10.155s][info][gc,stats    ]    Subphase: Concurrent Roots JavaThreads                  0.506 / 2.241         0.506 / 2.241         0.506 / 2.241         0.506 / 2.241       ms
[10.155s][info][gc,stats    ]    Subphase: Concurrent Roots OopStorageSet                0.094 / 0.260         0.094 / 0.260         0.094 / 0.260         0.094 / 0.260       ms
[10.155s][info][gc,stats    ]    Subphase: Concurrent Weak Roots OopStorageSet           0.100 / 0.104         0.100 / 0.104         0.100 / 0.104         0.100 / 0.104       ms
[10.155s][info][gc,stats    ]    Subphase: Pause Mark Try Complete                       0.000 / 0.000         0.000 / 0.000         0.000 / 0.000         0.000 / 0.000       ms
[10.155s][info][gc,stats    ]      System: Java Threads                                     21 / 21               21 / 21               21 / 21               21 / 21          threads
[10.155s][info][gc,stats    ] =========================================================================================================================================================
[10.727s][info][gc,start    ] GC(1) Garbage Collection (Metadata GC Threshold)
[10.728s][info][gc,task     ] GC(1) Using 12 workers
[10.728s][info][gc,phases   ] GC(1) Pause Mark Start 0.015ms
[10.757s][info][gc,phases   ] GC(1) Concurrent Mark 28.780ms
[10.757s][info][gc,phases   ] GC(1) Pause Mark End 0.071ms
[10.757s][info][gc,phases   ] GC(1) Concurrent Mark Free 0.001ms
[10.759s][info][gc,phases   ] GC(1) Concurrent Process Non-Strong References 1.940ms
[10.759s][info][gc,phases   ] GC(1) Concurrent Reset Relocation Set 0.008ms
[10.768s][info][gc,phases   ] GC(1) Concurrent Select Relocation Set 8.579ms
[10.768s][info][gc,phases   ] GC(1) Pause Relocate Start 0.010ms
[10.773s][info][gc,phases   ] GC(1) Concurrent Relocate 5.485ms
[10.774s][info][gc,load     ] GC(1) Load: 0.00/0.00/0.00
[10.774s][info][gc,mmu      ] GC(1) MMU: 2ms/96.5%, 5ms/98.6%, 10ms/99.3%, 20ms/99.6%, 50ms/99.8%, 100ms/99.9%
[10.774s][info][gc,marking  ] GC(1) Mark: 8 stripe(s), 2 proactive flush(es), 1 terminate flush(es), 1 completion(s), 0 continuation(s) 
[10.774s][info][gc,marking  ] GC(1) Mark Stack Usage: 32M
[10.774s][info][gc,nmethod  ] GC(1) NMethods: 2703 registered, 151 unregistered
[10.774s][info][gc,metaspace] GC(1) Metaspace: 35M used, 35M committed, 1088M reserved
[10.774s][info][gc,ref      ] GC(1) Soft: 3849 encountered, 0 discovered, 0 enqueued
[10.774s][info][gc,ref      ] GC(1) Weak: 2723 encountered, 847 discovered, 448 enqueued
[10.774s][info][gc,ref      ] GC(1) Final: 232 encountered, 26 discovered, 0 enqueued
[10.774s][info][gc,ref      ] GC(1) Phantom: 921 encountered, 694 discovered, 330 enqueued
[10.774s][info][gc,reloc    ] GC(1) Small Pages: 66 / 132M, Empty: 0M, Relocated: 12M, In-Place: 0
[10.774s][info][gc,reloc    ] GC(1) Medium Pages: 1 / 32M, Empty: 0M, Relocated: 0M, In-Place: 0
[10.774s][info][gc,reloc    ] GC(1) Large Pages: 0 / 0M, Empty: 0M, Relocated: 0M, In-Place: 0
[10.774s][info][gc,reloc    ] GC(1) Forwarding Usage: 4M
[10.774s][info][gc,heap     ] GC(1) Min Capacity: 8M(0%)
[10.774s][info][gc,heap     ] GC(1) Max Capacity: 30718M(100%)
[10.774s][info][gc,heap     ] GC(1) Soft Max Capacity: 30718M(100%)
[10.774s][info][gc,heap     ] GC(1)                Mark Start          Mark End        Relocate Start      Relocate End           High               Low         
[10.774s][info][gc,heap     ] GC(1)  Capacity:     2048M (7%)         2048M (7%)         2048M (7%)         2048M (7%)         2048M (7%)         2048M (7%)     
[10.774s][info][gc,heap     ] GC(1)      Free:    30554M (99%)       30550M (99%)       30538M (99%)       30630M (100%)      30630M (100%)      30526M (99%)    
[10.774s][info][gc,heap     ] GC(1)      Used:      164M (1%)          168M (1%)          180M (1%)           88M (0%)          192M (1%)           88M (0%)     
[10.774s][info][gc,heap     ] GC(1)      Live:         -                27M (0%)           27M (0%)           27M (0%)             -                  -          
[10.774s][info][gc,heap     ] GC(1) Allocated:         -                 4M (0%)           16M (0%)           17M (0%)             -                  -          
[10.774s][info][gc,heap     ] GC(1)   Garbage:         -               136M (0%)          136M (0%)           42M (0%)             -                  -          
[10.774s][info][gc,heap     ] GC(1) Reclaimed:         -                  -                 0M (0%)           93M (0%)             -                  -          
[10.774s][info][gc          ] GC(1) Garbage Collection (Metadata GC Threshold) 164M(1%)->88M(0%)
[13.534s][info][gc,start    ] GC(2) Garbage Collection (System.gc())
[13.534s][info][gc,task     ] GC(2) Using 12 workers
[13.534s][info][gc,phases   ] GC(2) Pause Mark Start 0.010ms
[13.560s][info][gc,phases   ] GC(2) Concurrent Mark 26.430ms
[13.561s][info][gc,phases   ] GC(2) Pause Mark End 0.022ms
[13.561s][info][gc,phases   ] GC(2) Concurrent Mark Free 0.001ms
[13.563s][info][gc,phases   ] GC(2) Concurrent Process Non-Strong References 1.945ms
[13.563s][info][gc,phases   ] GC(2) Concurrent Reset Relocation Set 0.006ms
[13.565s][info][gc,phases   ] GC(2) Concurrent Select Relocation Set 2.561ms
[13.565s][info][gc,phases   ] GC(2) Pause Relocate Start 0.008ms
[13.568s][info][gc,phases   ] GC(2) Concurrent Relocate 2.999ms
[13.568s][info][gc,load     ] GC(2) Load: 0.00/0.00/0.00
[13.568s][info][gc,mmu      ] GC(2) MMU: 2ms/96.5%, 5ms/98.6%, 10ms/99.3%, 20ms/99.6%, 50ms/99.8%, 100ms/99.9%
[13.568s][info][gc,marking  ] GC(2) Mark: 8 stripe(s), 3 proactive flush(es), 1 terminate flush(es), 0 completion(s), 0 continuation(s) 
[13.569s][info][gc,marking  ] GC(2) Mark Stack Usage: 32M
[13.569s][info][gc,nmethod  ] GC(2) NMethods: 3376 registered, 229 unregistered
[13.569s][info][gc,metaspace] GC(2) Metaspace: 48M used, 49M committed, 1088M reserved
[13.569s][info][gc,ref      ] GC(2) Soft: 4192 encountered, 0 discovered, 0 enqueued
[13.569s][info][gc,ref      ] GC(2) Weak: 4032 encountered, 1630 discovered, 678 enqueued
[13.569s][info][gc,ref      ] GC(2) Final: 232 encountered, 17 discovered, 0 enqueued
[13.569s][info][gc,ref      ] GC(2) Phantom: 1089 encountered, 978 discovered, 492 enqueued
[13.569s][info][gc,reloc    ] GC(2) Small Pages: 423 / 846M, Empty: 694M, Relocated: 8M, In-Place: 0
[13.569s][info][gc,reloc    ] GC(2) Medium Pages: 2 / 64M, Empty: 32M, Relocated: 0M, In-Place: 0
[13.569s][info][gc,reloc    ] GC(2) Large Pages: 1 / 6M, Empty: 6M, Relocated: 0M, In-Place: 0
[13.569s][info][gc,reloc    ] GC(2) Forwarding Usage: 3M
[13.569s][info][gc,heap     ] GC(2) Min Capacity: 8M(0%)
[13.569s][info][gc,heap     ] GC(2) Max Capacity: 30718M(100%)
[13.569s][info][gc,heap     ] GC(2) Soft Max Capacity: 30718M(100%)
[13.569s][info][gc,heap     ] GC(2)                Mark Start          Mark End        Relocate Start      Relocate End           High               Low         
[13.569s][info][gc,heap     ] GC(2)  Capacity:     2048M (7%)         2048M (7%)         2048M (7%)         2048M (7%)         2048M (7%)         2048M (7%)     
[13.569s][info][gc,heap     ] GC(2)      Free:    29802M (97%)       29802M (97%)       30530M (99%)       30632M (100%)      30632M (100%)      29802M (97%)    
[13.569s][info][gc,heap     ] GC(2)      Used:      916M (3%)          916M (3%)          188M (1%)           86M (0%)          916M (3%)           86M (0%)     
[13.569s][info][gc,heap     ] GC(2)      Live:         -                31M (0%)           31M (0%)           31M (0%)             -                  -          
[13.569s][info][gc,heap     ] GC(2) Allocated:         -                 0M (0%)            4M (0%)            5M (0%)             -                  -          
[13.569s][info][gc,heap     ] GC(2)   Garbage:         -               884M (3%)          152M (0%)           48M (0%)             -                  -          
[13.569s][info][gc,heap     ] GC(2) Reclaimed:         -                  -               732M (2%)          835M (3%)             -                  -          
[13.569s][info][gc          ] GC(2) Garbage Collection (System.gc()) 916M(3%)->86M(0%)
[15.760s][info][gc,start    ] GC(3) Garbage Collection (Warmup)
[15.760s][info][gc,task     ] GC(3) Using 12 workers
[15.760s][info][gc,phases   ] GC(3) Pause Mark Start 0.018ms
[15.791s][info][gc,phases   ] GC(3) Concurrent Mark 30.897ms
[15.791s][info][gc,phases   ] GC(3) Pause Mark End 0.023ms
[15.791s][info][gc,phases   ] GC(3) Concurrent Mark Free 0.001ms
[15.804s][info][gc,phases   ] GC(3) Concurrent Process Non-Strong References 12.529ms
[15.804s][info][gc,phases   ] GC(3) Concurrent Reset Relocation Set 0.009ms
[15.811s][info][gc,phases   ] GC(3) Concurrent Select Relocation Set 6.663ms
[15.811s][info][gc,phases   ] GC(3) Pause Relocate Start 0.011ms
[15.816s][info][gc,phases   ] GC(3) Concurrent Relocate 5.451ms
[15.816s][info][gc,load     ] GC(3) Load: 0.00/0.00/0.00
[15.816s][info][gc,mmu      ] GC(3) MMU: 2ms/96.5%, 5ms/98.6%, 10ms/99.3%, 20ms/99.6%, 50ms/99.8%, 100ms/99.9%
[15.816s][info][gc,marking  ] GC(3) Mark: 8 stripe(s), 2 proactive flush(es), 1 terminate flush(es), 0 completion(s), 0 continuation(s) 
[15.816s][info][gc,marking  ] GC(3) Mark Stack Usage: 32M
[15.816s][info][gc,nmethod  ] GC(3) NMethods: 4509 registered, 504 unregistered
[15.816s][info][gc,metaspace] GC(3) Metaspace: 57M used, 59M committed, 1088M reserved
[15.816s][info][gc,ref      ] GC(3) Soft: 4662 encountered, 0 discovered, 0 enqueued
[15.816s][info][gc,ref      ] GC(3) Weak: 5970 encountered, 2374 discovered, 886 enqueued
[15.816s][info][gc,ref      ] GC(3) Final: 232 encountered, 1 discovered, 0 enqueued
[15.816s][info][gc,ref      ] GC(3) Phantom: 1249 encountered, 1104 discovered, 628 enqueued
[15.816s][info][gc,reloc    ] GC(3) Small Pages: 1552 / 3104M, Empty: 2912M, Relocated: 17M, In-Place: 0
[15.816s][info][gc,reloc    ] GC(3) Medium Pages: 2 / 64M, Empty: 32M, Relocated: 0M, In-Place: 0
[15.816s][info][gc,reloc    ] GC(3) Large Pages: 1 / 6M, Empty: 6M, Relocated: 0M, In-Place: 0
[15.816s][info][gc,reloc    ] GC(3) Forwarding Usage: 5M
[15.816s][info][gc,heap     ] GC(3) Min Capacity: 8M(0%)
[15.816s][info][gc,heap     ] GC(3) Max Capacity: 30718M(100%)
[15.816s][info][gc,heap     ] GC(3) Soft Max Capacity: 30718M(100%)
[15.816s][info][gc,heap     ] GC(3)                Mark Start          Mark End        Relocate Start      Relocate End           High               Low         
[15.816s][info][gc,heap     ] GC(3)  Capacity:     3174M (10%)        3214M (10%)        3236M (11%)        3236M (11%)        3236M (11%)        3174M (10%)    
[15.817s][info][gc,heap     ] GC(3)      Free:    27544M (90%)       27504M (90%)       30414M (99%)       30548M (99%)       30548M (99%)       27482M (89%)    
[15.817s][info][gc,heap     ] GC(3)      Used:     3174M (10%)        3214M (10%)         304M (1%)          170M (1%)         3236M (11%)         170M (1%)     
[15.817s][info][gc,heap     ] GC(3)      Live:         -                37M (0%)           37M (0%)           37M (0%)             -                  -          
[15.817s][info][gc,heap     ] GC(3) Allocated:         -                40M (0%)           80M (0%)           93M (0%)             -                  -          
[15.817s][info][gc,heap     ] GC(3)   Garbage:         -              3136M (10%)         186M (1%)           39M (0%)             -                  -          
[15.817s][info][gc,heap     ] GC(3) Reclaimed:         -                  -              2950M (10%)        3097M (10%)            -                  -          
[15.817s][info][gc          ] GC(3) Garbage Collection (Warmup) 3174M(10%)->170M(1%)
[19.759s][info][gc,start    ] GC(4) Garbage Collection (Warmup)
[19.759s][info][gc,task     ] GC(4) Using 12 workers
[19.759s][info][gc,phases   ] GC(4) Pause Mark Start 0.019ms
[20.149s][info][gc,stats    ] === Garbage Collection Statistics =======================================================================================================================
[20.149s][info][gc,stats    ]                                                              Last 10s              Last 10m              Last 10h                Total
[20.149s][info][gc,stats    ]                                                              Avg / Max             Avg / Max             Avg / Max             Avg / Max
[20.149s][info][gc,stats    ]   Collector: Garbage Collection Cycle                     45.784 / 56.446       45.358 / 56.446       45.358 / 56.446       45.358 / 56.446      ms
[20.149s][info][gc,stats    ]  Contention: Mark Segment Reset Contention                     1 / 7                 0 / 7                 0 / 7                 0 / 7           ops/s
[20.149s][info][gc,stats    ]  Contention: Mark SeqNum Reset Contention                      0 / 1                 0 / 1                 0 / 1                 0 / 1           ops/s
[20.149s][info][gc,stats    ]    Critical: Allocation Stall                                  0 / 0                 0 / 0                 0 / 0                 0 / 0           ops/s
[20.149s][info][gc,stats    ]    Critical: Allocation Stall                              0.000 / 0.000         0.000 / 0.000         0.000 / 0.000         0.000 / 0.000       ms
[20.149s][info][gc,stats    ]    Critical: GC Locker Stall                                   0 / 0                 0 / 2                 0 / 2                 0 / 2           ops/s
[20.149s][info][gc,stats    ]    Critical: GC Locker Stall                               0.000 / 0.000         0.001 / 0.002         0.001 / 0.002         0.001 / 0.002       ms
[20.149s][info][gc,stats    ]    Critical: Relocation Stall                                  0 / 0                 0 / 0                 0 / 0                 0 / 0           ops/s
[20.149s][info][gc,stats    ]    Critical: Relocation Stall                              0.000 / 0.000         0.000 / 0.000         0.000 / 0.000         0.000 / 0.000       ms
[20.149s][info][gc,stats    ]      Memory: Allocation Rate                                1035 / 2180            527 / 2180            527 / 2180            527 / 2180        MB/s
[20.149s][info][gc,stats    ]      Memory: Defragment                                        4 / 48                2 / 48                2 / 48                2 / 48          ops/s
[20.149s][info][gc,stats    ]      Memory: Out Of Memory                                     0 / 0                 0 / 0                 0 / 0                 0 / 0           ops/s
[20.149s][info][gc,stats    ]      Memory: Page Cache Flush                                  9 / 96                4 / 96                4 / 96                4 / 96          MB/s
[20.149s][info][gc,stats    ]      Memory: Page Cache Hit L1                               204 / 939             103 / 939             103 / 939             103 / 939         ops/s
[20.149s][info][gc,stats    ]      Memory: Page Cache Hit L2                                 0 / 0                 0 / 0                 0 / 0                 0 / 0           ops/s
[20.149s][info][gc,stats    ]      Memory: Page Cache Hit L3                                97 / 565              51 / 565              51 / 565              51 / 565         ops/s
[20.149s][info][gc,stats    ]      Memory: Page Cache Miss                                 203 / 607             101 / 607             101 / 607             101 / 607         ops/s
[20.149s][info][gc,stats    ]      Memory: Uncommit                                          0 / 0                 0 / 0                 0 / 0                 0 / 0           MB/s
[20.150s][info][gc,stats    ]      Memory: Undo Object Allocation Failed                     0 / 0                 0 / 0                 0 / 0                 0 / 0           ops/s
[20.150s][info][gc,stats    ]      Memory: Undo Object Allocation Succeeded                  0 / 0                 0 / 1                 0 / 1                 0 / 1           ops/s
[20.150s][info][gc,stats    ]      Memory: Undo Page Allocation                              0 / 3                 0 / 3                 0 / 3                 0 / 3           ops/s
[20.150s][info][gc,stats    ]       Phase: Concurrent Mark                              28.702 / 30.897       27.929 / 30.897       27.929 / 30.897       27.929 / 30.897      ms
[20.150s][info][gc,stats    ]       Phase: Concurrent Mark Continue                      0.000 / 0.000         0.000 / 0.000         0.000 / 0.000         0.000 / 0.000       ms
[20.150s][info][gc,stats    ]       Phase: Concurrent Mark Free                          0.001 / 0.001         0.001 / 0.001         0.001 / 0.001         0.001 / 0.001       ms
[20.150s][info][gc,stats    ]       Phase: Concurrent Process Non-Strong References      5.472 / 12.529        4.545 / 12.529        4.545 / 12.529        4.545 / 12.529      ms
[20.150s][info][gc,stats    ]       Phase: Concurrent Relocate                           4.645 / 5.485         4.779 / 5.485         4.779 / 5.485         4.779 / 5.485       ms
[20.150s][info][gc,stats    ]       Phase: Concurrent Reset Relocation Set               0.008 / 0.009         0.006 / 0.009         0.006 / 0.009         0.006 / 0.009       ms
[20.150s][info][gc,stats    ]       Phase: Concurrent Select Relocation Set              5.934 / 8.579         6.998 / 10.188        6.998 / 10.188        6.998 / 10.188      ms
[20.150s][info][gc,stats    ]       Phase: Pause Mark End                                0.038 / 0.071         0.036 / 0.071         0.036 / 0.071         0.036 / 0.071       ms
[20.150s][info][gc,stats    ]       Phase: Pause Mark Start                              0.015 / 0.019         0.016 / 0.019         0.016 / 0.019         0.016 / 0.019       ms
[20.150s][info][gc,stats    ]       Phase: Pause Relocate Start                          0.009 / 0.011         0.009 / 0.011         0.009 / 0.011         0.009 / 0.011       ms
[20.150s][info][gc,stats    ]    Subphase: Concurrent Classes Purge                      0.707 / 0.995         0.744 / 0.995         0.744 / 0.995         0.744 / 0.995       ms
[20.150s][info][gc,stats    ]    Subphase: Concurrent Classes Unlink                     4.180 / 10.851        3.290 / 10.851        3.290 / 10.851        3.290 / 10.851      ms
[20.150s][info][gc,stats    ]    Subphase: Concurrent Mark                              24.503 / 26.678       23.860 / 26.678       23.860 / 26.678       23.860 / 26.678      ms
[20.150s][info][gc,stats    ]    Subphase: Concurrent Mark Try Flush                     0.065 / 0.151         0.100 / 0.590         0.100 / 0.590         0.100 / 0.590       ms
[20.150s][info][gc,stats    ]    Subphase: Concurrent Mark Try Terminate                 9.887 / 16.084        9.982 / 16.084        9.982 / 16.084        9.982 / 16.084      ms
[20.150s][info][gc,stats    ]    Subphase: Concurrent References Enqueue                 0.003 / 0.004         0.003 / 0.004         0.003 / 0.004         0.003 / 0.004       ms
[20.150s][info][gc,stats    ]    Subphase: Concurrent References Process                 0.151 / 0.209         0.138 / 0.209         0.138 / 0.209         0.138 / 0.209       ms
[20.150s][info][gc,stats    ]    Subphase: Concurrent Roots ClassLoaderDataGraph         0.079 / 0.519         0.076 / 0.519         0.076 / 0.519         0.076 / 0.519       ms
[20.150s][info][gc,stats    ]    Subphase: Concurrent Roots CodeCache                    0.000 / 0.000         0.000 / 0.000         0.000 / 0.000         0.000 / 0.000       ms
[20.150s][info][gc,stats    ]    Subphase: Concurrent Roots JavaThreads                  2.726 / 4.346         2.408 / 4.346         2.408 / 4.346         2.408 / 4.346       ms
[20.150s][info][gc,stats    ]    Subphase: Concurrent Roots OopStorageSet                0.029 / 0.156         0.041 / 0.260         0.041 / 0.260         0.041 / 0.260       ms
[20.150s][info][gc,stats    ]    Subphase: Concurrent Weak Roots OopStorageSet           0.286 / 0.312         0.240 / 0.312         0.240 / 0.312         0.240 / 0.312       ms
[20.150s][info][gc,stats    ]    Subphase: Pause Mark Try Complete                       0.002 / 0.003         0.002 / 0.003         0.002 / 0.003         0.002 / 0.003       ms
[20.150s][info][gc,stats    ]      System: Java Threads                                     71 / 77               59 / 77               59 / 77               59 / 77          threads
[20.150s][info][gc,stats    ] =========================================================================================================================================================
[20.258s][info][gc,phases   ] GC(4) Concurrent Mark 499.341ms
[20.259s][info][gc,phases   ] GC(4) Pause Mark End 0.022ms
[20.259s][info][gc,phases   ] GC(4) Concurrent Mark Free 0.001ms
[20.269s][info][gc,phases   ] GC(4) Concurrent Process Non-Strong References 10.573ms
[20.269s][info][gc,phases   ] GC(4) Concurrent Reset Relocation Set 0.011ms
[20.335s][info][gc,phases   ] GC(4) Concurrent Select Relocation Set 65.401ms
[20.335s][info][gc,phases   ] GC(4) Pause Relocate Start 0.009ms
[20.448s][info][gc,phases   ] GC(4) Concurrent Relocate 112.739ms
[20.448s][info][gc,load     ] GC(4) Load: 0.00/0.00/0.00
[20.448s][info][gc,mmu      ] GC(4) MMU: 2ms/96.5%, 5ms/98.6%, 10ms/99.3%, 20ms/99.6%, 50ms/99.8%, 100ms/99.9%
[20.448s][info][gc,marking  ] GC(4) Mark: 8 stripe(s), 2 proactive flush(es), 1 terminate flush(es), 0 completion(s), 0 continuation(s) 
[20.448s][info][gc,marking  ] GC(4) Mark Stack Usage: 32M
[20.448s][info][gc,nmethod  ] GC(4) NMethods: 5391 registered, 434 unregistered
[20.448s][info][gc,metaspace] GC(4) Metaspace: 60M used, 61M committed, 1088M reserved
[20.448s][info][gc,ref      ] GC(4) Soft: 4772 encountered, 0 discovered, 0 enqueued
[20.448s][info][gc,ref      ] GC(4) Weak: 6009 encountered, 2083 discovered, 466 enqueued
[20.448s][info][gc,ref      ] GC(4) Final: 232 encountered, 4 discovered, 0 enqueued
[20.448s][info][gc,ref      ] GC(4) Phantom: 896 encountered, 880 discovered, 286 enqueued
[20.448s][info][gc,reloc    ] GC(4) Small Pages: 3006 / 6012M, Empty: 2908M, Relocated: 327M, In-Place: 0
[20.448s][info][gc,reloc    ] GC(4) Medium Pages: 4 / 128M, Empty: 32M, Relocated: 10M, In-Place: 0
[20.448s][info][gc,reloc    ] GC(4) Large Pages: 17 / 118M, Empty: 54M, Relocated: 0M, In-Place: 0
[20.448s][info][gc,reloc    ] GC(4) Forwarding Usage: 241M
[20.448s][info][gc,heap     ] GC(4) Min Capacity: 8M(0%)
[20.448s][info][gc,heap     ] GC(4) Max Capacity: 30718M(100%)
[20.448s][info][gc,heap     ] GC(4) Soft Max Capacity: 30718M(100%)
[20.448s][info][gc,heap     ] GC(4)                Mark Start          Mark End        Relocate Start      Relocate End           High               Low         
[20.448s][info][gc,heap     ] GC(4)  Capacity:     6258M (20%)        6368M (21%)        6370M (21%)        6402M (21%)        6402M (21%)        6258M (20%)    
[20.448s][info][gc,heap     ] GC(4)      Free:    24460M (80%)       24350M (79%)       27302M (89%)       30096M (98%)       30096M (98%)       24348M (79%)    
[20.448s][info][gc,heap     ] GC(4)      Used:     6258M (20%)        6368M (21%)        3416M (11%)         622M (2%)         6370M (21%)         622M (2%)     
[20.448s][info][gc,heap     ] GC(4)      Live:         -               426M (1%)          426M (1%)          426M (1%)             -                  -          
[20.448s][info][gc,heap     ] GC(4) Allocated:         -               110M (0%)          152M (0%)          157M (1%)             -                  -          
[20.448s][info][gc,heap     ] GC(4)   Garbage:         -              5831M (19%)        2837M (9%)           38M (0%)             -                  -          
[20.448s][info][gc,heap     ] GC(4) Reclaimed:         -                  -              2994M (10%)        5793M (19%)            -                  -          
[20.448s][info][gc          ] GC(4) Garbage Collection (Warmup) 6258M(20%)->622M(2%)
[26.446s][info][gc,start    ] GC(5) Garbage Collection (System.gc())
[26.446s][info][gc,task     ] GC(5) Using 12 workers
[26.446s][info][gc,phases   ] GC(5) Pause Mark Start 0.018ms
[26.524s][info][gc,phases   ] GC(5) Concurrent Mark 77.565ms
[26.524s][info][gc,phases   ] GC(5) Pause Mark End 0.021ms
[26.524s][info][gc,phases   ] GC(5) Concurrent Mark Free 0.001ms
[26.535s][info][gc,phases   ] GC(5) Concurrent Process Non-Strong References 11.262ms
[26.536s][info][gc,phases   ] GC(5) Concurrent Reset Relocation Set 0.513ms
[26.564s][info][gc,phases   ] GC(5) Concurrent Select Relocation Set 27.729ms
[26.564s][info][gc,phases   ] GC(5) Pause Relocate Start 0.012ms
[26.583s][info][gc,phases   ] GC(5) Concurrent Relocate 19.427ms
[26.584s][info][gc,load     ] GC(5) Load: 0.00/0.00/0.00
[26.584s][info][gc,mmu      ] GC(5) MMU: 2ms/96.5%, 5ms/98.6%, 10ms/99.3%, 20ms/99.6%, 50ms/99.8%, 100ms/99.9%
[26.584s][info][gc,marking  ] GC(5) Mark: 8 stripe(s), 2 proactive flush(es), 1 terminate flush(es), 0 completion(s), 0 continuation(s) 
[26.584s][info][gc,marking  ] GC(5) Mark Stack Usage: 32M
[26.584s][info][gc,nmethod  ] GC(5) NMethods: 6637 registered, 1019 unregistered
[26.584s][info][gc,metaspace] GC(5) Metaspace: 63M used, 64M committed, 1088M reserved
[26.584s][info][gc,ref      ] GC(5) Soft: 4939 encountered, 0 discovered, 0 enqueued
[26.584s][info][gc,ref      ] GC(5) Weak: 6783 encountered, 1751 discovered, 806 enqueued
[26.584s][info][gc,ref      ] GC(5) Final: 234 encountered, 35 discovered, 0 enqueued
[26.584s][info][gc,ref      ] GC(5) Phantom: 831 encountered, 816 discovered, 215 enqueued
[26.584s][info][gc,reloc    ] GC(5) Small Pages: 2771 / 5542M, Empty: 5064M, Relocated: 48M, In-Place: 0
[26.584s][info][gc,reloc    ] GC(5) Medium Pages: 12 / 384M, Empty: 352M, Relocated: 0M, In-Place: 0
[26.584s][info][gc,reloc    ] GC(5) Large Pages: 81 / 534M, Empty: 534M, Relocated: 0M, In-Place: 0
[26.584s][info][gc,reloc    ] GC(5) Forwarding Usage: 29M
[26.584s][info][gc,heap     ] GC(5) Min Capacity: 8M(0%)
[26.584s][info][gc,heap     ] GC(5) Max Capacity: 30718M(100%)
[26.584s][info][gc,heap     ] GC(5) Soft Max Capacity: 30718M(100%)
[26.584s][info][gc,heap     ] GC(5)                Mark Start          Mark End        Relocate Start      Relocate End           High               Low         
[26.584s][info][gc,heap     ] GC(5)  Capacity:     7048M (23%)        7048M (23%)        7048M (23%)        7048M (23%)        7048M (23%)        7048M (23%)    
[26.584s][info][gc,heap     ] GC(5)      Free:    24258M (79%)       24256M (79%)       30188M (98%)       30466M (99%)       30466M (99%)       24254M (79%)    
[26.584s][info][gc,heap     ] GC(5)      Used:     6460M (21%)        6462M (21%)         530M (2%)          252M (1%)         6464M (21%)         252M (1%)     
[26.584s][info][gc,heap     ] GC(5)      Live:         -               169M (1%)          169M (1%)          169M (1%)             -                  -          
[26.584s][info][gc,heap     ] GC(5) Allocated:         -                 2M (0%)           20M (0%)           29M (0%)             -                  -          
[26.584s][info][gc,heap     ] GC(5)   Garbage:         -              6290M (20%)         340M (1%)           52M (0%)             -                  -          
[26.584s][info][gc,heap     ] GC(5) Reclaimed:         -                  -              5950M (19%)        6237M (20%)            -                  -          
[26.584s][info][gc          ] GC(5) Garbage Collection (System.gc()) 6460M(21%)->252M(1%)
[30.163s][info][gc,stats    ] === Garbage Collection Statistics =======================================================================================================================
[30.163s][info][gc,stats    ]                                                              Last 10s              Last 10m              Last 10h                Total
[30.163s][info][gc,stats    ]                                                              Avg / Max             Avg / Max             Avg / Max             Avg / Max
[30.163s][info][gc,stats    ]   Collector: Garbage Collection Cycle                    413.423 / 689.195     168.046 / 689.195     168.046 / 689.195     168.046 / 689.195     ms
[30.163s][info][gc,stats    ]  Contention: Mark Segment Reset Contention                     1 / 9                 0 / 9                 0 / 9                 0 / 9           ops/s
[30.163s][info][gc,stats    ]  Contention: Mark SeqNum Reset Contention                      0 / 0                 0 / 1                 0 / 1                 0 / 1           ops/s
[30.163s][info][gc,stats    ]    Critical: Allocation Stall                                  0 / 0                 0 / 0                 0 / 0                 0 / 0           ops/s
[30.163s][info][gc,stats    ]    Critical: Allocation Stall                              0.000 / 0.000         0.000 / 0.000         0.000 / 0.000         0.000 / 0.000       ms
[30.163s][info][gc,stats    ]    Critical: GC Locker Stall                                   0 / 0                 0 / 2                 0 / 2                 0 / 2           ops/s
[30.163s][info][gc,stats    ]    Critical: GC Locker Stall                               0.000 / 0.000         0.001 / 0.002         0.001 / 0.002         0.001 / 0.002       ms
[30.163s][info][gc,stats    ]    Critical: Relocation Stall                                  0 / 0                 0 / 0                 0 / 0                 0 / 0           ops/s
[30.163s][info][gc,stats    ]    Critical: Relocation Stall                              0.000 / 0.000         0.000 / 0.000         0.000 / 0.000         0.000 / 0.000       ms
[30.163s][info][gc,stats    ]      Memory: Allocation Rate                                1071 / 1634            708 / 2180            708 / 2180            708 / 2180        MB/s
[30.164s][info][gc,stats    ]      Memory: Defragment                                        0 / 1                 1 / 48                1 / 48                1 / 48          ops/s
[30.164s][info][gc,stats    ]      Memory: Out Of Memory                                     0 / 0                 0 / 0                 0 / 0                 0 / 0           ops/s
[30.164s][info][gc,stats    ]      Memory: Page Cache Flush                                  0 / 2                 3 / 96                3 / 96                3 / 96          MB/s
[30.164s][info][gc,stats    ]      Memory: Page Cache Hit L1                               496 / 812             234 / 939             234 / 939             234 / 939         ops/s
[30.164s][info][gc,stats    ]      Memory: Page Cache Hit L2                                 0 / 0                 0 / 0                 0 / 0                 0 / 0           ops/s
[30.164s][info][gc,stats    ]      Memory: Page Cache Hit L3                                 1 / 6                35 / 565              35 / 565              35 / 565         ops/s
[30.164s][info][gc,stats    ]      Memory: Page Cache Miss                                   7 / 39               70 / 607              70 / 607              70 / 607         ops/s
[30.164s][info][gc,stats    ]      Memory: Uncommit                                          0 / 0                 0 / 0                 0 / 0                 0 / 0           MB/s
[30.164s][info][gc,stats    ]      Memory: Undo Object Allocation Failed                     0 / 0                 0 / 0                 0 / 0                 0 / 0           ops/s
[30.164s][info][gc,stats    ]      Memory: Undo Object Allocation Succeeded                  0 / 3                 0 / 3                 0 / 3                 0 / 3           ops/s
[30.164s][info][gc,stats    ]      Memory: Undo Page Allocation                              0 / 1                 0 / 3                 0 / 3                 0 / 3           ops/s
[30.164s][info][gc,stats    ]       Phase: Concurrent Mark                             288.453 / 499.341     114.770 / 499.341     114.770 / 499.341     114.770 / 499.341     ms
[30.164s][info][gc,stats    ]       Phase: Concurrent Mark Continue                      0.000 / 0.000         0.000 / 0.000         0.000 / 0.000         0.000 / 0.000       ms
[30.164s][info][gc,stats    ]       Phase: Concurrent Mark Free                          0.001 / 0.001         0.001 / 0.001         0.001 / 0.001         0.001 / 0.001       ms
[30.164s][info][gc,stats    ]       Phase: Concurrent Process Non-Strong References     10.917 / 11.262        6.669 / 12.529        6.669 / 12.529        6.669 / 12.529      ms
[30.164s][info][gc,stats    ]       Phase: Concurrent Relocate                          66.083 / 112.739      25.214 / 112.739      25.214 / 112.739      25.214 / 112.739     ms
[30.164s][info][gc,stats    ]       Phase: Concurrent Reset Relocation Set               0.262 / 0.513         0.091 / 0.513         0.091 / 0.513         0.091 / 0.513       ms
[30.164s][info][gc,stats    ]       Phase: Concurrent Select Relocation Set             46.565 / 65.401       20.187 / 65.401       20.187 / 65.401       20.187 / 65.401      ms
[30.164s][info][gc,stats    ]       Phase: Pause Mark End                                0.021 / 0.022         0.031 / 0.071         0.031 / 0.071         0.031 / 0.071       ms
[30.164s][info][gc,stats    ]       Phase: Pause Mark Start                              0.018 / 0.018         0.016 / 0.019         0.016 / 0.019         0.016 / 0.019       ms
[30.164s][info][gc,stats    ]       Phase: Pause Relocate Start                          0.011 / 0.012         0.010 / 0.012         0.010 / 0.012         0.010 / 0.012       ms
[30.164s][info][gc,stats    ]    Subphase: Concurrent Classes Purge                      1.216 / 1.461         0.901 / 1.461         0.901 / 1.461         0.901 / 1.461       ms
[30.164s][info][gc,stats    ]    Subphase: Concurrent Classes Unlink                     9.149 / 9.290         5.243 / 10.851        5.243 / 10.851        5.243 / 10.851      ms
[30.164s][info][gc,stats    ]    Subphase: Concurrent Mark                             283.867 / 494.793     110.529 / 494.793     110.529 / 494.793     110.529 / 494.793     ms
[30.164s][info][gc,stats    ]    Subphase: Concurrent Mark Try Flush                     0.063 / 0.128         0.088 / 0.590         0.088 / 0.590         0.088 / 0.590       ms
[30.164s][info][gc,stats    ]    Subphase: Concurrent Mark Try Terminate                 3.050 / 5.297         7.756 / 16.084        7.756 / 16.084        7.756 / 16.084      ms
[30.164s][info][gc,stats    ]    Subphase: Concurrent References Enqueue                 0.003 / 0.004         0.003 / 0.004         0.003 / 0.004         0.003 / 0.004       ms
[30.164s][info][gc,stats    ]    Subphase: Concurrent References Process                 0.113 / 0.115         0.130 / 0.209         0.130 / 0.209         0.130 / 0.209       ms
[30.164s][info][gc,stats    ]    Subphase: Concurrent Roots ClassLoaderDataGraph         0.102 / 0.569         0.082 / 0.569         0.082 / 0.569         0.082 / 0.569       ms
[30.165s][info][gc,stats    ]    Subphase: Concurrent Roots CodeCache                    0.000 / 0.000         0.000 / 0.000         0.000 / 0.000         0.000 / 0.000       ms
[30.165s][info][gc,stats    ]    Subphase: Concurrent Roots JavaThreads                  3.705 / 3.881         2.637 / 4.346         2.637 / 4.346         2.637 / 4.346       ms
[30.165s][info][gc,stats    ]    Subphase: Concurrent Roots OopStorageSet                0.028 / 0.055         0.039 / 0.260         0.039 / 0.260         0.039 / 0.260       ms
[30.165s][info][gc,stats    ]    Subphase: Concurrent Weak Roots OopStorageSet           0.282 / 0.345         0.254 / 0.345         0.254 / 0.345         0.254 / 0.345       ms
[30.165s][info][gc,stats    ]    Subphase: Pause Mark Try Complete                       0.000 / 0.000         0.002 / 0.003         0.002 / 0.003         0.002 / 0.003       ms
[30.165s][info][gc,stats    ]      System: Java Threads                                     97 / 112              70 / 112              70 / 112              70 / 112         threads
[30.165s][info][gc,stats    ] =========================================================================================================================================================
[33.339s][info][gc,start    ] GC(6) Garbage Collection (System.gc())
[33.339s][info][gc,task     ] GC(6) Using 12 workers
[33.339s][info][gc,phases   ] GC(6) Pause Mark Start 0.016ms
[33.403s][info][gc,phases   ] GC(6) Concurrent Mark 64.388ms
[33.403s][info][gc,phases   ] GC(6) Pause Mark End 0.018ms
[33.403s][info][gc,phases   ] GC(6) Concurrent Mark Free 0.001ms
[33.406s][info][gc,phases   ] GC(6) Concurrent Process Non-Strong References 2.151ms
[33.406s][info][gc,phases   ] GC(6) Concurrent Reset Relocation Set 0.025ms
[33.415s][info][gc,phases   ] GC(6) Concurrent Select Relocation Set 9.454ms
[33.416s][info][gc,phases   ] GC(6) Pause Relocate Start 0.010ms
[33.419s][info][gc,phases   ] GC(6) Concurrent Relocate 3.690ms
[33.420s][info][gc,load     ] GC(6) Load: 0.00/0.00/0.00
[33.420s][info][gc,mmu      ] GC(6) MMU: 2ms/96.5%, 5ms/98.6%, 10ms/99.3%, 20ms/99.6%, 50ms/99.8%, 100ms/99.9%
[33.420s][info][gc,marking  ] GC(6) Mark: 8 stripe(s), 2 proactive flush(es), 1 terminate flush(es), 0 completion(s), 0 continuation(s) 
[33.420s][info][gc,marking  ] GC(6) Mark Stack Usage: 32M
[33.420s][info][gc,nmethod  ] GC(6) NMethods: 7479 registered, 1146 unregistered
[33.420s][info][gc,metaspace] GC(6) Metaspace: 63M used, 64M committed, 1088M reserved
[33.420s][info][gc,ref      ] GC(6) Soft: 4946 encountered, 0 discovered, 0 enqueued
[33.420s][info][gc,ref      ] GC(6) Weak: 6698 encountered, 1069 discovered, 540 enqueued
[33.420s][info][gc,ref      ] GC(6) Final: 234 encountered, 2 discovered, 0 enqueued
[33.420s][info][gc,ref      ] GC(6) Phantom: 649 encountered, 611 discovered, 33 enqueued
[33.420s][info][gc,reloc    ] GC(6) Small Pages: 3681 / 7362M, Empty: 7018M, Relocated: 6M, In-Place: 0
[33.420s][info][gc,reloc    ] GC(6) Medium Pages: 13 / 416M, Empty: 384M, Relocated: 0M, In-Place: 0
[33.420s][info][gc,reloc    ] GC(6) Large Pages: 83 / 542M, Empty: 542M, Relocated: 0M, In-Place: 0
[33.420s][info][gc,reloc    ] GC(6) Forwarding Usage: 4M
[33.420s][info][gc,heap     ] GC(6) Min Capacity: 8M(0%)
[33.420s][info][gc,heap     ] GC(6) Max Capacity: 30718M(100%)
[33.420s][info][gc,heap     ] GC(6) Soft Max Capacity: 30718M(100%)
[33.420s][info][gc,heap     ] GC(6)                Mark Start          Mark End        Relocate Start      Relocate End           High               Low         
[33.420s][info][gc,heap     ] GC(6)  Capacity:     8320M (27%)        8320M (27%)        8322M (27%)        8322M (27%)        8322M (27%)        8320M (27%)    
[33.420s][info][gc,heap     ] GC(6)      Free:    22398M (73%)       22398M (73%)       30314M (99%)       30458M (99%)       30458M (99%)       22396M (73%)    
[33.420s][info][gc,heap     ] GC(6)      Used:     8320M (27%)        8320M (27%)         404M (1%)          260M (1%)         8322M (27%)         260M (1%)     
[33.420s][info][gc,heap     ] GC(6)      Live:         -               169M (1%)          169M (1%)          169M (1%)             -                  -          
[33.420s][info][gc,heap     ] GC(6) Allocated:         -                 0M (0%)           28M (0%)           31M (0%)             -                  -          
[33.420s][info][gc,heap     ] GC(6)   Garbage:         -              8150M (27%)         206M (1%)           58M (0%)             -                  -          
[33.420s][info][gc,heap     ] GC(6) Reclaimed:         -                  -              7944M (26%)        8091M (26%)            -                  -          
[33.420s][info][gc          ] GC(6) Garbage Collection (System.gc()) 8320M(27%)->260M(1%)
[39.195s][info][gc,start    ] GC(7) Garbage Collection (System.gc())
[39.195s][info][gc,task     ] GC(7) Using 12 workers
[39.195s][info][gc,phases   ] GC(7) Pause Mark Start 0.016ms
[39.269s][info][gc,phases   ] GC(7) Concurrent Mark 73.416ms
[39.269s][info][gc,phases   ] GC(7) Pause Mark End 0.024ms
[39.269s][info][gc,phases   ] GC(7) Concurrent Mark Free 0.001ms
[39.271s][info][gc,phases   ] GC(7) Concurrent Process Non-Strong References 2.318ms
[39.271s][info][gc,phases   ] GC(7) Concurrent Reset Relocation Set 0.012ms
[39.290s][info][gc,phases   ] GC(7) Concurrent Select Relocation Set 18.596ms
[39.290s][info][gc,phases   ] GC(7) Pause Relocate Start 0.010ms
[39.295s][info][gc,phases   ] GC(7) Concurrent Relocate 4.297ms
[39.295s][info][gc,load     ] GC(7) Load: 0.00/0.00/0.00
[39.295s][info][gc,mmu      ] GC(7) MMU: 2ms/96.5%, 5ms/98.6%, 10ms/99.3%, 20ms/99.6%, 50ms/99.8%, 100ms/99.9%
[39.295s][info][gc,marking  ] GC(7) Mark: 8 stripe(s), 1 proactive flush(es), 1 terminate flush(es), 0 completion(s), 0 continuation(s) 
[39.295s][info][gc,marking  ] GC(7) Mark Stack Usage: 32M
[39.295s][info][gc,nmethod  ] GC(7) NMethods: 8080 registered, 1221 unregistered
[39.295s][info][gc,metaspace] GC(7) Metaspace: 64M used, 65M committed, 1088M reserved
[39.295s][info][gc,ref      ] GC(7) Soft: 4946 encountered, 0 discovered, 0 enqueued
[39.295s][info][gc,ref      ] GC(7) Weak: 6760 encountered, 1519 discovered, 496 enqueued
[39.295s][info][gc,ref      ] GC(7) Final: 234 encountered, 0 discovered, 0 enqueued
[39.295s][info][gc,ref      ] GC(7) Phantom: 616 encountered, 564 discovered, 0 enqueued
[39.295s][info][gc,reloc    ] GC(7) Small Pages: 3682 / 7364M, Empty: 7014M, Relocated: 6M, In-Place: 0
[39.295s][info][gc,reloc    ] GC(7) Medium Pages: 13 / 416M, Empty: 384M, Relocated: 0M, In-Place: 0
[39.295s][info][gc,reloc    ] GC(7) Large Pages: 89 / 590M, Empty: 590M, Relocated: 0M, In-Place: 0
[39.295s][info][gc,reloc    ] GC(7) Forwarding Usage: 4M
[39.295s][info][gc,heap     ] GC(7) Min Capacity: 8M(0%)
[39.295s][info][gc,heap     ] GC(7) Max Capacity: 30718M(100%)
[39.295s][info][gc,heap     ] GC(7) Soft Max Capacity: 30718M(100%)
[39.295s][info][gc,heap     ] GC(7)                Mark Start          Mark End        Relocate Start      Relocate End           High               Low         
[39.295s][info][gc,heap     ] GC(7)  Capacity:     8372M (27%)        8372M (27%)        8372M (27%)        8372M (27%)        8372M (27%)        8372M (27%)    
[39.295s][info][gc,heap     ] GC(7)      Free:    22348M (73%)       22346M (73%)       30300M (99%)       30454M (99%)       30454M (99%)       22346M (73%)    
[39.295s][info][gc,heap     ] GC(7)      Used:     8370M (27%)        8372M (27%)         418M (1%)          264M (1%)         8372M (27%)         264M (1%)     
[39.295s][info][gc,heap     ] GC(7)      Live:         -               169M (1%)          169M (1%)          169M (1%)             -                  -          
[39.295s][info][gc,heap     ] GC(7) Allocated:         -                 2M (0%)           36M (0%)           36M (0%)             -                  -          
[39.295s][info][gc,heap     ] GC(7)   Garbage:         -              8200M (27%)         212M (1%)           58M (0%)             -                  -          
[39.295s][info][gc,heap     ] GC(7) Reclaimed:         -                  -              7988M (26%)        8142M (27%)            -                  -          
[39.295s][info][gc          ] GC(7) Garbage Collection (System.gc()) 8370M(27%)->264M(1%)
[40.158s][info][gc,stats    ] === Garbage Collection Statistics =======================================================================================================================
[40.158s][info][gc,stats    ]                                                              Last 10s              Last 10m              Last 10h                Total
[40.158s][info][gc,stats    ]                                                              Avg / Max             Avg / Max             Avg / Max             Avg / Max
[40.158s][info][gc,stats    ]   Collector: Garbage Collection Cycle                     90.322 / 99.622      148.615 / 689.195     148.615 / 689.195     148.615 / 689.195     ms
[40.158s][info][gc,stats    ]  Contention: Mark Segment Reset Contention                     1 / 10                1 / 10                1 / 10                1 / 10          ops/s
[40.158s][info][gc,stats    ]  Contention: Mark SeqNum Reset Contention                      0 / 5                 0 / 5                 0 / 5                 0 / 5           ops/s
[40.158s][info][gc,stats    ]    Critical: Allocation Stall                                  0 / 0                 0 / 0                 0 / 0                 0 / 0           ops/s
[40.158s][info][gc,stats    ]    Critical: Allocation Stall                              0.000 / 0.000         0.000 / 0.000         0.000 / 0.000         0.000 / 0.000       ms
[40.158s][info][gc,stats    ]    Critical: GC Locker Stall                                   0 / 0                 0 / 2                 0 / 2                 0 / 2           ops/s
[40.158s][info][gc,stats    ]    Critical: GC Locker Stall                               0.000 / 0.000         0.001 / 0.002         0.001 / 0.002         0.001 / 0.002       ms
[40.158s][info][gc,stats    ]    Critical: Relocation Stall                                  0 / 0                 0 / 0                 0 / 0                 0 / 0           ops/s
[40.158s][info][gc,stats    ]    Critical: Relocation Stall                              0.000 / 0.000         0.000 / 0.000         0.000 / 0.000         0.000 / 0.000       ms
[40.158s][info][gc,stats    ]      Memory: Allocation Rate                                1334 / 2026            865 / 2180            865 / 2180            865 / 2180        MB/s
[40.158s][info][gc,stats    ]      Memory: Defragment                                        9 / 87                3 / 87                3 / 87                3 / 87          ops/s
[40.158s][info][gc,stats    ]      Memory: Out Of Memory                                     0 / 0                 0 / 0                 0 / 0                 0 / 0           ops/s
[40.158s][info][gc,stats    ]      Memory: Page Cache Flush                                 18 / 174               7 / 174               7 / 174               7 / 174         MB/s
[40.158s][info][gc,stats    ]      Memory: Page Cache Hit L1                               541 / 943             311 / 943             311 / 943             311 / 943         ops/s
[40.158s][info][gc,stats    ]      Memory: Page Cache Hit L2                                 0 / 0                 0 / 0                 0 / 0                 0 / 0           ops/s
[40.158s][info][gc,stats    ]      Memory: Page Cache Hit L3                                 8 / 77               28 / 565              28 / 565              28 / 565         ops/s
[40.158s][info][gc,stats    ]      Memory: Page Cache Miss                                  54 / 444              66 / 607              66 / 607              66 / 607         ops/s
[40.158s][info][gc,stats    ]      Memory: Uncommit                                          0 / 0                 0 / 0                 0 / 0                 0 / 0           MB/s
[40.158s][info][gc,stats    ]      Memory: Undo Object Allocation Failed                     0 / 0                 0 / 0                 0 / 0                 0 / 0           ops/s
[40.158s][info][gc,stats    ]      Memory: Undo Object Allocation Succeeded                  0 / 0                 0 / 3                 0 / 3                 0 / 3           ops/s
[40.158s][info][gc,stats    ]      Memory: Undo Page Allocation                              0 / 0                 0 / 3                 0 / 3                 0 / 3           ops/s
[40.158s][info][gc,stats    ]       Phase: Concurrent Mark                              68.902 / 73.416      103.303 / 499.341     103.303 / 499.341     103.303 / 499.341     ms
[40.159s][info][gc,stats    ]       Phase: Concurrent Mark Continue                      0.000 / 0.000         0.000 / 0.000         0.000 / 0.000         0.000 / 0.000       ms
[40.159s][info][gc,stats    ]       Phase: Concurrent Mark Free                          0.001 / 0.001         0.001 / 0.001         0.001 / 0.001         0.001 / 0.001       ms
[40.159s][info][gc,stats    ]       Phase: Concurrent Process Non-Strong References      2.234 / 2.318         5.560 / 12.529        5.560 / 12.529        5.560 / 12.529      ms
[40.159s][info][gc,stats    ]       Phase: Concurrent Relocate                           3.993 / 4.297        19.909 / 112.739      19.909 / 112.739      19.909 / 112.739     ms
[40.159s][info][gc,stats    ]       Phase: Concurrent Reset Relocation Set               0.019 / 0.025         0.073 / 0.513         0.073 / 0.513         0.073 / 0.513       ms
[40.159s][info][gc,stats    ]       Phase: Concurrent Select Relocation Set             14.025 / 18.596       18.646 / 65.401       18.646 / 65.401       18.646 / 65.401      ms
[40.159s][info][gc,stats    ]       Phase: Pause Mark End                                0.021 / 0.024         0.029 / 0.071         0.029 / 0.071         0.029 / 0.071       ms
[40.159s][info][gc,stats    ]       Phase: Pause Mark Start                              0.016 / 0.016         0.016 / 0.019         0.016 / 0.019         0.016 / 0.019       ms
[40.159s][info][gc,stats    ]       Phase: Pause Relocate Start                          0.010 / 0.010         0.010 / 0.012         0.010 / 0.012         0.010 / 0.012       ms
[40.159s][info][gc,stats    ]    Subphase: Concurrent Classes Purge                      0.359 / 0.376         0.766 / 1.461         0.766 / 1.461         0.766 / 1.461       ms
[40.159s][info][gc,stats    ]    Subphase: Concurrent Classes Unlink                     1.388 / 1.499         4.279 / 10.851        4.279 / 10.851        4.279 / 10.851      ms
[40.159s][info][gc,stats    ]    Subphase: Concurrent Mark                              60.504 / 64.657       98.023 / 494.793      98.023 / 494.793      98.023 / 494.793     ms
[40.159s][info][gc,stats    ]    Subphase: Concurrent Mark Try Flush                     0.098 / 0.186         0.090 / 0.590         0.090 / 0.590         0.090 / 0.590       ms
[40.159s][info][gc,stats    ]    Subphase: Concurrent Mark Try Terminate                 5.365 / 9.183         7.175 / 16.084        7.175 / 16.084        7.175 / 16.084      ms
[40.159s][info][gc,stats    ]    Subphase: Concurrent References Enqueue                 0.003 / 0.004         0.003 / 0.004         0.003 / 0.004         0.003 / 0.004       ms
[40.159s][info][gc,stats    ]    Subphase: Concurrent References Process                 0.068 / 0.072         0.114 / 0.209         0.114 / 0.209         0.114 / 0.209       ms
[40.159s][info][gc,stats    ]    Subphase: Concurrent Roots ClassLoaderDataGraph         0.093 / 0.595         0.085 / 0.595         0.085 / 0.595         0.085 / 0.595       ms
[40.159s][info][gc,stats    ]    Subphase: Concurrent Roots CodeCache                    0.000 / 0.000         0.000 / 0.000         0.000 / 0.000         0.000 / 0.000       ms
[40.159s][info][gc,stats    ]    Subphase: Concurrent Roots JavaThreads                  7.580 / 8.580         3.927 / 8.580         3.927 / 8.580         3.927 / 8.580       ms
[40.159s][info][gc,stats    ]    Subphase: Concurrent Roots OopStorageSet                0.042 / 0.087         0.039 / 0.260         0.039 / 0.260         0.039 / 0.260       ms
[40.159s][info][gc,stats    ]    Subphase: Concurrent Weak Roots OopStorageSet           0.190 / 0.249         0.238 / 0.345         0.238 / 0.345         0.238 / 0.345       ms
[40.159s][info][gc,stats    ]    Subphase: Pause Mark Try Complete                       0.000 / 0.000         0.002 / 0.003         0.002 / 0.003         0.002 / 0.003       ms
[40.159s][info][gc,stats    ]      System: Java Threads                                    196 / 246             101 / 246             101 / 246             101 / 246         threads
[40.159s][info][gc,stats    ] =========================================================================================================================================================
[45.059s][info][gc,start    ] GC(8) Garbage Collection (System.gc())
[45.059s][info][gc,task     ] GC(8) Using 12 workers
[45.059s][info][gc,phases   ] GC(8) Pause Mark Start 0.018ms
[45.135s][info][gc,phases   ] GC(8) Concurrent Mark 75.858ms
[45.135s][info][gc,phases   ] GC(8) Pause Mark End 0.032ms
[45.135s][info][gc,phases   ] GC(8) Concurrent Mark Free 0.002ms
[45.138s][info][gc,phases   ] GC(8) Concurrent Process Non-Strong References 2.392ms
[45.138s][info][gc,phases   ] GC(8) Concurrent Reset Relocation Set 0.011ms
[45.142s][info][gc,phases   ] GC(8) Concurrent Select Relocation Set 4.643ms
[45.143s][info][gc,phases   ] GC(8) Pause Relocate Start 0.009ms
[45.147s][info][gc,phases   ] GC(8) Concurrent Relocate 4.378ms
[45.147s][info][gc,load     ] GC(8) Load: 0.00/0.00/0.00
[45.147s][info][gc,mmu      ] GC(8) MMU: 2ms/96.5%, 5ms/98.6%, 10ms/99.3%, 20ms/99.6%, 50ms/99.8%, 100ms/99.9%
[45.147s][info][gc,marking  ] GC(8) Mark: 8 stripe(s), 1 proactive flush(es), 1 terminate flush(es), 0 completion(s), 0 continuation(s) 
[45.147s][info][gc,marking  ] GC(8) Mark Stack Usage: 32M
[45.147s][info][gc,nmethod  ] GC(8) NMethods: 8450 registered, 1282 unregistered
[45.147s][info][gc,metaspace] GC(8) Metaspace: 64M used, 65M committed, 1088M reserved
[45.147s][info][gc,ref      ] GC(8) Soft: 4946 encountered, 0 discovered, 0 enqueued
[45.147s][info][gc,ref      ] GC(8) Weak: 6811 encountered, 1579 discovered, 494 enqueued
[45.147s][info][gc,ref      ] GC(8) Final: 234 encountered, 3 discovered, 0 enqueued
[45.148s][info][gc,ref      ] GC(8) Phantom: 616 encountered, 325 discovered, 0 enqueued
[45.148s][info][gc,reloc    ] GC(8) Small Pages: 3683 / 7366M, Empty: 7016M, Relocated: 6M, In-Place: 0
[45.148s][info][gc,reloc    ] GC(8) Medium Pages: 13 / 416M, Empty: 384M, Relocated: 0M, In-Place: 0
[45.148s][info][gc,reloc    ] GC(8) Large Pages: 92 / 608M, Empty: 608M, Relocated: 0M, In-Place: 0
[45.148s][info][gc,reloc    ] GC(8) Forwarding Usage: 4M
[45.148s][info][gc,heap     ] GC(8) Min Capacity: 8M(0%)
[45.148s][info][gc,heap     ] GC(8) Max Capacity: 30718M(100%)
[45.148s][info][gc,heap     ] GC(8) Soft Max Capacity: 30718M(100%)
[45.148s][info][gc,heap     ] GC(8)                Mark Start          Mark End        Relocate Start      Relocate End           High               Low         
[45.148s][info][gc,heap     ] GC(8)  Capacity:     8390M (27%)        8392M (27%)        8392M (27%)        8392M (27%)        8392M (27%)        8390M (27%)    
[45.148s][info][gc,heap     ] GC(8)      Free:    22328M (73%)       22326M (73%)       30310M (99%)       30458M (99%)       30458M (99%)       22326M (73%)    
[45.148s][info][gc,heap     ] GC(8)      Used:     8390M (27%)        8392M (27%)         408M (1%)          260M (1%)         8392M (27%)         260M (1%)     
[45.148s][info][gc,heap     ] GC(8)      Live:         -               169M (1%)          169M (1%)          169M (1%)             -                  -          
[45.148s][info][gc,heap     ] GC(8) Allocated:         -                 2M (0%)           26M (0%)           31M (0%)             -                  -          
[45.148s][info][gc,heap     ] GC(8)   Garbage:         -              8220M (27%)         212M (1%)           58M (0%)             -                  -          
[45.148s][info][gc,heap     ] GC(8) Reclaimed:         -                  -              8008M (26%)        8161M (27%)            -                  -          
[45.148s][info][gc          ] GC(8) Garbage Collection (System.gc()) 8390M(27%)->260M(1%)
[50.161s][info][gc,stats    ] === Garbage Collection Statistics =======================================================================================================================
[50.161s][info][gc,stats    ]                                                              Last 10s              Last 10m              Last 10h                Total
[50.161s][info][gc,stats    ]                                                              Avg / Max             Avg / Max             Avg / Max             Avg / Max
[50.161s][info][gc,stats    ]   Collector: Garbage Collection Cycle                     88.676 / 88.676      141.955 / 689.195     141.955 / 689.195     141.955 / 689.195     ms
[50.161s][info][gc,stats    ]  Contention: Mark Segment Reset Contention                     1 / 14                1 / 14                1 / 14                1 / 14          ops/s
[50.161s][info][gc,stats    ]  Contention: Mark SeqNum Reset Contention                      0 / 0                 0 / 5                 0 / 5                 0 / 5           ops/s
[50.162s][info][gc,stats    ]    Critical: Allocation Stall                                  0 / 0                 0 / 0                 0 / 0                 0 / 0           ops/s
[50.162s][info][gc,stats    ]    Critical: Allocation Stall                              0.000 / 0.000         0.000 / 0.000         0.000 / 0.000         0.000 / 0.000       ms
[50.162s][info][gc,stats    ]    Critical: GC Locker Stall                                   0 / 0                 0 / 2                 0 / 2                 0 / 2           ops/s
[50.162s][info][gc,stats    ]    Critical: GC Locker Stall                               0.000 / 0.000         0.001 / 0.002         0.001 / 0.002         0.001 / 0.002       ms
[50.162s][info][gc,stats    ]    Critical: Relocation Stall                                  0 / 0                 0 / 0                 0 / 0                 0 / 0           ops/s
[50.162s][info][gc,stats    ]    Critical: Relocation Stall                              0.000 / 0.000         0.000 / 0.000         0.000 / 0.000         0.000 / 0.000       ms
[50.162s][info][gc,stats    ]      Memory: Allocation Rate                                1303 / 2120            952 / 2180            952 / 2180            952 / 2180        MB/s
[50.162s][info][gc,stats    ]      Memory: Defragment                                        0 / 0                 2 / 87                2 / 87                2 / 87          ops/s
[50.162s][info][gc,stats    ]      Memory: Out Of Memory                                     0 / 0                 0 / 0                 0 / 0                 0 / 0           ops/s
[50.162s][info][gc,stats    ]      Memory: Page Cache Flush                                  0 / 0                 5 / 174               5 / 174               5 / 174         MB/s
[50.162s][info][gc,stats    ]      Memory: Page Cache Hit L1                               594 / 1011            367 / 1011            367 / 1011            367 / 1011        ops/s
[50.162s][info][gc,stats    ]      Memory: Page Cache Hit L2                                 0 / 0                 0 / 0                 0 / 0                 0 / 0           ops/s
[50.162s][info][gc,stats    ]      Memory: Page Cache Hit L3                                 0 / 0                22 / 565              22 / 565              22 / 565         ops/s
[50.162s][info][gc,stats    ]      Memory: Page Cache Miss                                   0 / 4                53 / 607              53 / 607              53 / 607         ops/s
[50.162s][info][gc,stats    ]      Memory: Uncommit                                          0 / 0                 0 / 0                 0 / 0                 0 / 0           MB/s
[50.162s][info][gc,stats    ]      Memory: Undo Object Allocation Failed                     0 / 0                 0 / 0                 0 / 0                 0 / 0           ops/s
[50.162s][info][gc,stats    ]      Memory: Undo Object Allocation Succeeded                  0 / 0                 0 / 3                 0 / 3                 0 / 3           ops/s
[50.162s][info][gc,stats    ]      Memory: Undo Page Allocation                              0 / 0                 0 / 3                 0 / 3                 0 / 3           ops/s
[50.162s][info][gc,stats    ]       Phase: Concurrent Mark                              75.858 / 75.858      100.254 / 499.341     100.254 / 499.341     100.254 / 499.341     ms
[50.162s][info][gc,stats    ]       Phase: Concurrent Mark Continue                      0.000 / 0.000         0.000 / 0.000         0.000 / 0.000         0.000 / 0.000       ms
[50.162s][info][gc,stats    ]       Phase: Concurrent Mark Free                          0.002 / 0.002         0.001 / 0.002         0.001 / 0.002         0.001 / 0.002       ms
[50.162s][info][gc,stats    ]       Phase: Concurrent Process Non-Strong References      2.392 / 2.392         5.208 / 12.529        5.208 / 12.529        5.208 / 12.529      ms
[50.162s][info][gc,stats    ]       Phase: Concurrent Relocate                           4.378 / 4.378        18.183 / 112.739      18.183 / 112.739      18.183 / 112.739     ms
[50.162s][info][gc,stats    ]       Phase: Concurrent Reset Relocation Set               0.011 / 0.011         0.066 / 0.513         0.066 / 0.513         0.066 / 0.513       ms
[50.162s][info][gc,stats    ]       Phase: Concurrent Select Relocation Set              4.643 / 4.643        17.090 / 65.401       17.090 / 65.401       17.090 / 65.401      ms
[50.162s][info][gc,stats    ]       Phase: Pause Mark End                                0.032 / 0.032         0.029 / 0.071         0.029 / 0.071         0.029 / 0.071       ms
[50.162s][info][gc,stats    ]       Phase: Pause Mark Start                              0.018 / 0.018         0.016 / 0.019         0.016 / 0.019         0.016 / 0.019       ms
[50.162s][info][gc,stats    ]       Phase: Pause Relocate Start                          0.009 / 0.009         0.010 / 0.012         0.010 / 0.012         0.010 / 0.012       ms
[50.162s][info][gc,stats    ]    Subphase: Concurrent Classes Purge                      0.284 / 0.284         0.712 / 1.461         0.712 / 1.461         0.712 / 1.461       ms
[50.163s][info][gc,stats    ]    Subphase: Concurrent Classes Unlink                     1.597 / 1.597         3.981 / 10.851        3.981 / 10.851        3.981 / 10.851      ms
[50.163s][info][gc,stats    ]    Subphase: Concurrent Mark                              65.294 / 66.476       94.386 / 494.793      94.386 / 494.793      94.386 / 494.793     ms
[50.163s][info][gc,stats    ]    Subphase: Concurrent Mark Try Flush                     0.128 / 0.193         0.093 / 0.590         0.093 / 0.590         0.093 / 0.590       ms
[50.163s][info][gc,stats    ]    Subphase: Concurrent Mark Try Terminate                12.258 / 14.680        7.726 / 16.084        7.726 / 16.084        7.726 / 16.084      ms
[50.163s][info][gc,stats    ]    Subphase: Concurrent References Enqueue                 0.004 / 0.004         0.003 / 0.004         0.003 / 0.004         0.003 / 0.004       ms
[50.163s][info][gc,stats    ]    Subphase: Concurrent References Process                 0.078 / 0.078         0.110 / 0.209         0.110 / 0.209         0.110 / 0.209       ms
[50.163s][info][gc,stats    ]    Subphase: Concurrent Roots ClassLoaderDataGraph         0.088 / 0.313         0.085 / 0.595         0.085 / 0.595         0.085 / 0.595       ms
[50.163s][info][gc,stats    ]    Subphase: Concurrent Roots CodeCache                    0.000 / 0.000         0.000 / 0.000         0.000 / 0.000         0.000 / 0.000       ms
[50.163s][info][gc,stats    ]    Subphase: Concurrent Roots JavaThreads                  9.091 / 9.172         4.523 / 9.172         4.523 / 9.172         4.523 / 9.172       ms
[50.163s][info][gc,stats    ]    Subphase: Concurrent Roots OopStorageSet                0.040 / 0.076         0.040 / 0.260         0.040 / 0.260         0.040 / 0.260       ms
[50.163s][info][gc,stats    ]    Subphase: Concurrent Weak Roots OopStorageSet           0.160 / 0.166         0.229 / 0.345         0.229 / 0.345         0.229 / 0.345       ms
[50.163s][info][gc,stats    ]    Subphase: Pause Mark Try Complete                       0.000 / 0.000         0.002 / 0.003         0.002 / 0.003         0.002 / 0.003       ms
[50.163s][info][gc,stats    ]      System: Java Threads                                    250 / 253             118 / 253             118 / 253             118 / 253         threads
[50.163s][info][gc,stats    ] =========================================================================================================================================================
[50.895s][info][gc,start    ] GC(9) Garbage Collection (System.gc())
[50.895s][info][gc,task     ] GC(9) Using 12 workers
[50.895s][info][gc,phases   ] GC(9) Pause Mark Start 0.018ms
[50.963s][info][gc,phases   ] GC(9) Concurrent Mark 66.976ms
[50.963s][info][gc,phases   ] GC(9) Pause Mark End 0.024ms
[50.963s][info][gc,phases   ] GC(9) Concurrent Mark Free 0.001ms
[50.965s][info][gc,phases   ] GC(9) Concurrent Process Non-Strong References 2.047ms
[50.965s][info][gc,phases   ] GC(9) Concurrent Reset Relocation Set 0.009ms
[50.971s][info][gc,phases   ] GC(9) Concurrent Select Relocation Set 6.568ms
[50.972s][info][gc,phases   ] GC(9) Pause Relocate Start 0.009ms
[50.976s][info][gc,phases   ] GC(9) Concurrent Relocate 4.453ms
[50.976s][info][gc,load     ] GC(9) Load: 0.00/0.00/0.00
[50.976s][info][gc,mmu      ] GC(9) MMU: 2ms/96.5%, 5ms/98.6%, 10ms/99.3%, 20ms/99.6%, 50ms/99.8%, 100ms/99.9%
[50.976s][info][gc,marking  ] GC(9) Mark: 8 stripe(s), 2 proactive flush(es), 1 terminate flush(es), 0 completion(s), 0 continuation(s) 
[50.976s][info][gc,marking  ] GC(9) Mark Stack Usage: 32M
[50.976s][info][gc,nmethod  ] GC(9) NMethods: 8864 registered, 1334 unregistered
[50.976s][info][gc,metaspace] GC(9) Metaspace: 64M used, 65M committed, 1088M reserved
[50.976s][info][gc,ref      ] GC(9) Soft: 4946 encountered, 0 discovered, 0 enqueued
[50.976s][info][gc,ref      ] GC(9) Weak: 6864 encountered, 2066 discovered, 500 enqueued
[50.976s][info][gc,ref      ] GC(9) Final: 234 encountered, 1 discovered, 0 enqueued
[50.976s][info][gc,ref      ] GC(9) Phantom: 616 encountered, 487 discovered, 0 enqueued
[50.976s][info][gc,reloc    ] GC(9) Small Pages: 3684 / 7368M, Empty: 7022M, Relocated: 8M, In-Place: 0
[50.976s][info][gc,reloc    ] GC(9) Medium Pages: 13 / 416M, Empty: 384M, Relocated: 0M, In-Place: 0
[50.976s][info][gc,reloc    ] GC(9) Large Pages: 88 / 580M, Empty: 580M, Relocated: 0M, In-Place: 0
[50.976s][info][gc,reloc    ] GC(9) Forwarding Usage: 5M
[50.976s][info][gc,heap     ] GC(9) Min Capacity: 8M(0%)
[50.976s][info][gc,heap     ] GC(9) Max Capacity: 30718M(100%)
[50.976s][info][gc,heap     ] GC(9) Soft Max Capacity: 30718M(100%)
[50.976s][info][gc,heap     ] GC(9)                Mark Start          Mark End        Relocate Start      Relocate End           High               Low         
[50.976s][info][gc,heap     ] GC(9)  Capacity:     8392M (27%)        8392M (27%)        8392M (27%)        8392M (27%)        8392M (27%)        8392M (27%)    
[50.976s][info][gc,heap     ] GC(9)      Free:    22354M (73%)       22352M (73%)       30308M (99%)       30458M (99%)       30458M (99%)       22352M (73%)    
[50.976s][info][gc,heap     ] GC(9)      Used:     8364M (27%)        8366M (27%)         410M (1%)          260M (1%)         8366M (27%)         260M (1%)     
[50.976s][info][gc,heap     ] GC(9)      Live:         -               170M (1%)          170M (1%)          170M (1%)             -                  -          
[50.976s][info][gc,heap     ] GC(9) Allocated:         -                 2M (0%)           32M (0%)           33M (0%)             -                  -          
[50.976s][info][gc,heap     ] GC(9)   Garbage:         -              8193M (27%)         207M (1%)           55M (0%)             -                  -          
[50.977s][info][gc,heap     ] GC(9) Reclaimed:         -                  -              7986M (26%)        8137M (26%)            -                  -          
[50.977s][info][gc          ] GC(9) Garbage Collection (System.gc()) 8364M(27%)->260M(1%)
[56.614s][info][gc,start    ] GC(10) Garbage Collection (System.gc())
[56.614s][info][gc,task     ] GC(10) Using 12 workers
[56.614s][info][gc,phases   ] GC(10) Pause Mark Start 0.017ms
[56.692s][info][gc,phases   ] GC(10) Concurrent Mark 76.984ms
[56.692s][info][gc,phases   ] GC(10) Pause Mark End 0.024ms
[56.692s][info][gc,phases   ] GC(10) Concurrent Mark Free 0.001ms
[56.694s][info][gc,phases   ] GC(10) Concurrent Process Non-Strong References 2.534ms
[56.694s][info][gc,phases   ] GC(10) Concurrent Reset Relocation Set 0.009ms
[56.699s][info][gc,phases   ] GC(10) Concurrent Select Relocation Set 4.577ms
[56.699s][info][gc,phases   ] GC(10) Pause Relocate Start 0.010ms
[56.706s][info][gc,phases   ] GC(10) Concurrent Relocate 7.202ms
[56.707s][info][gc,load     ] GC(10) Load: 0.00/0.00/0.00
[56.707s][info][gc,mmu      ] GC(10) MMU: 2ms/96.5%, 5ms/98.6%, 10ms/99.3%, 20ms/99.6%, 50ms/99.8%, 100ms/99.9%
[56.707s][info][gc,marking  ] GC(10) Mark: 8 stripe(s), 2 proactive flush(es), 1 terminate flush(es), 0 completion(s), 0 continuation(s) 
[56.707s][info][gc,marking  ] GC(10) Mark Stack Usage: 32M
[56.707s][info][gc,nmethod  ] GC(10) NMethods: 9254 registered, 1385 unregistered
[56.707s][info][gc,metaspace] GC(10) Metaspace: 65M used, 65M committed, 1088M reserved
[56.707s][info][gc,ref      ] GC(10) Soft: 4946 encountered, 0 discovered, 0 enqueued
[56.707s][info][gc,ref      ] GC(10) Weak: 6881 encountered, 1926 discovered, 494 enqueued
[56.707s][info][gc,ref      ] GC(10) Final: 234 encountered, 6 discovered, 0 enqueued
[56.707s][info][gc,ref      ] GC(10) Phantom: 616 encountered, 504 discovered, 0 enqueued
[56.707s][info][gc,reloc    ] GC(10) Small Pages: 3681 / 7362M, Empty: 7022M, Relocated: 8M, In-Place: 0
[56.707s][info][gc,reloc    ] GC(10) Medium Pages: 13 / 416M, Empty: 384M, Relocated: 0M, In-Place: 0
[56.707s][info][gc,reloc    ] GC(10) Large Pages: 83 / 546M, Empty: 546M, Relocated: 0M, In-Place: 0
[56.707s][info][gc,reloc    ] GC(10) Forwarding Usage: 5M
[56.707s][info][gc,heap     ] GC(10) Min Capacity: 8M(0%)
[56.707s][info][gc,heap     ] GC(10) Max Capacity: 30718M(100%)
[56.707s][info][gc,heap     ] GC(10) Soft Max Capacity: 30718M(100%)
[56.707s][info][gc,heap     ] GC(10)                Mark Start          Mark End        Relocate Start      Relocate End           High               Low         
[56.707s][info][gc,heap     ] GC(10)  Capacity:     8392M (27%)        8392M (27%)        8392M (27%)        8392M (27%)        8392M (27%)        8392M (27%)    
[56.707s][info][gc,heap     ] GC(10)      Free:    22394M (73%)       22390M (73%)       30312M (99%)       30456M (99%)       30456M (99%)       22390M (73%)    
[56.707s][info][gc,heap     ] GC(10)      Used:     8324M (27%)        8328M (27%)         406M (1%)          262M (1%)         8328M (27%)         262M (1%)     
[56.707s][info][gc,heap     ] GC(10)      Live:         -               170M (1%)          170M (1%)          170M (1%)             -                  -          
[56.707s][info][gc,heap     ] GC(10) Allocated:         -                 4M (0%)           34M (0%)           35M (0%)             -                  -          
[56.707s][info][gc,heap     ] GC(10)   Garbage:         -              8153M (27%)         201M (1%)           55M (0%)             -                  -          
[56.707s][info][gc,heap     ] GC(10) Reclaimed:         -                  -              7952M (26%)        8097M (26%)            -                  -          
[56.707s][info][gc          ] GC(10) Garbage Collection (System.gc()) 8324M(27%)->262M(1%)
[60.150s][info][gc,stats    ] === Garbage Collection Statistics =======================================================================================================================
[60.150s][info][gc,stats    ]                                                              Last 10s              Last 10m              Last 10h                Total
[60.150s][info][gc,stats    ]                                                              Avg / Max             Avg / Max             Avg / Max             Avg / Max
[60.150s][info][gc,stats    ]   Collector: Garbage Collection Cycle                     86.737 / 92.411      131.916 / 689.195     131.916 / 689.195     131.916 / 689.195     ms
[60.150s][info][gc,stats    ]  Contention: Mark Segment Reset Contention                     1 / 12                1 / 14                1 / 14                1 / 14          ops/s
[60.150s][info][gc,stats    ]  Contention: Mark SeqNum Reset Contention                      0 / 1                 0 / 5                 0 / 5                 0 / 5           ops/s
[60.150s][info][gc,stats    ]    Critical: Allocation Stall                                  0 / 0                 0 / 0                 0 / 0                 0 / 0           ops/s
[60.150s][info][gc,stats    ]    Critical: Allocation Stall                              0.000 / 0.000         0.000 / 0.000         0.000 / 0.000         0.000 / 0.000       ms
[60.150s][info][gc,stats    ]    Critical: GC Locker Stall                                   0 / 0                 0 / 2                 0 / 2                 0 / 2           ops/s
[60.150s][info][gc,stats    ]    Critical: GC Locker Stall                               0.000 / 0.000         0.001 / 0.002         0.001 / 0.002         0.001 / 0.002       ms
[60.151s][info][gc,stats    ]    Critical: Relocation Stall                                  0 / 0                 0 / 0                 0 / 0                 0 / 0           ops/s
[60.151s][info][gc,stats    ]    Critical: Relocation Stall                              0.000 / 0.000         0.000 / 0.000         0.000 / 0.000         0.000 / 0.000       ms
[60.151s][info][gc,stats    ]      Memory: Allocation Rate                                1431 / 1950           1032 / 2180           1032 / 2180           1032 / 2180        MB/s
[60.151s][info][gc,stats    ]      Memory: Defragment                                        0 / 1                 2 / 87                2 / 87                2 / 87          ops/s
[60.151s][info][gc,stats    ]      Memory: Out Of Memory                                     0 / 0                 0 / 0                 0 / 0                 0 / 0           ops/s
[60.151s][info][gc,stats    ]      Memory: Page Cache Flush                                  0 / 2                 4 / 174               4 / 174               4 / 174         MB/s
[60.151s][info][gc,stats    ]      Memory: Page Cache Hit L1                               651 / 936             415 / 1011            415 / 1011            415 / 1011        ops/s
[60.151s][info][gc,stats    ]      Memory: Page Cache Hit L2                                 0 / 0                 0 / 0                 0 / 0                 0 / 0           ops/s
[60.151s][info][gc,stats    ]      Memory: Page Cache Hit L3                                 0 / 1                18 / 565              18 / 565              18 / 565         ops/s
[60.151s][info][gc,stats    ]      Memory: Page Cache Miss                                   0 / 0                44 / 607              44 / 607              44 / 607         ops/s
[60.151s][info][gc,stats    ]      Memory: Uncommit                                          0 / 0                 0 / 0                 0 / 0                 0 / 0           MB/s
[60.151s][info][gc,stats    ]      Memory: Undo Object Allocation Failed                     0 / 0                 0 / 0                 0 / 0                 0 / 0           ops/s
[60.151s][info][gc,stats    ]      Memory: Undo Object Allocation Succeeded                  0 / 1                 0 / 3                 0 / 3                 0 / 3           ops/s
[60.151s][info][gc,stats    ]      Memory: Undo Page Allocation                              0 / 0                 0 / 3                 0 / 3                 0 / 3           ops/s
[60.151s][info][gc,stats    ]       Phase: Concurrent Mark                              71.980 / 76.984       95.113 / 499.341      95.113 / 499.341      95.113 / 499.341     ms
[60.151s][info][gc,stats    ]       Phase: Concurrent Mark Continue                      0.000 / 0.000         0.000 / 0.000         0.000 / 0.000         0.000 / 0.000       ms
[60.151s][info][gc,stats    ]       Phase: Concurrent Mark Free                          0.001 / 0.001         0.001 / 0.002         0.001 / 0.002         0.001 / 0.002       ms
[60.151s][info][gc,stats    ]       Phase: Concurrent Process Non-Strong References      2.291 / 2.534         4.678 / 12.529        4.678 / 12.529        4.678 / 12.529      ms
[60.151s][info][gc,stats    ]       Phase: Concurrent Relocate                           5.827 / 7.202        15.937 / 112.739      15.937 / 112.739      15.937 / 112.739     ms
[60.151s][info][gc,stats    ]       Phase: Concurrent Reset Relocation Set               0.009 / 0.009         0.056 / 0.513         0.056 / 0.513         0.056 / 0.513       ms
[60.151s][info][gc,stats    ]       Phase: Concurrent Select Relocation Set              5.572 / 6.568        14.996 / 65.401       14.996 / 65.401       14.996 / 65.401      ms
[60.151s][info][gc,stats    ]       Phase: Pause Mark End                                0.024 / 0.024         0.028 / 0.071         0.028 / 0.071         0.028 / 0.071       ms
[60.151s][info][gc,stats    ]       Phase: Pause Mark Start                              0.018 / 0.018         0.017 / 0.019         0.017 / 0.019         0.017 / 0.019       ms
[60.151s][info][gc,stats    ]       Phase: Pause Relocate Start                          0.009 / 0.010         0.010 / 0.012         0.010 / 0.012         0.010 / 0.012       ms
[60.151s][info][gc,stats    ]    Subphase: Concurrent Classes Purge                      0.188 / 0.243         0.617 / 1.461         0.617 / 1.461         0.617 / 1.461       ms
[60.151s][info][gc,stats    ]    Subphase: Concurrent Classes Unlink                     1.569 / 1.724         3.542 / 10.851        3.542 / 10.851        3.542 / 10.851      ms
[60.151s][info][gc,stats    ]    Subphase: Concurrent Mark                              62.549 / 68.866       88.597 / 494.793      88.597 / 494.793      88.597 / 494.793     ms
[60.151s][info][gc,stats    ]    Subphase: Concurrent Mark Try Flush                     0.113 / 0.228         0.097 / 0.590         0.097 / 0.590         0.097 / 0.590       ms
[60.151s][info][gc,stats    ]    Subphase: Concurrent Mark Try Terminate                 9.285 / 15.523        8.004 / 16.084        8.004 / 16.084        8.004 / 16.084      ms
[60.152s][info][gc,stats    ]    Subphase: Concurrent References Enqueue                 0.003 / 0.004         0.003 / 0.004         0.003 / 0.004         0.003 / 0.004       ms
[60.152s][info][gc,stats    ]    Subphase: Concurrent References Process                 0.109 / 0.125         0.110 / 0.209         0.110 / 0.209         0.110 / 0.209       ms
[60.152s][info][gc,stats    ]    Subphase: Concurrent Roots ClassLoaderDataGraph         0.093 / 0.450         0.087 / 0.595         0.087 / 0.595         0.087 / 0.595       ms
[60.152s][info][gc,stats    ]    Subphase: Concurrent Roots CodeCache                    0.000 / 0.000         0.000 / 0.000         0.000 / 0.000         0.000 / 0.000       ms
[60.152s][info][gc,stats    ]    Subphase: Concurrent Roots JavaThreads                  8.282 / 8.781         5.227 / 9.172         5.227 / 9.172         5.227 / 9.172       ms
[60.152s][info][gc,stats    ]    Subphase: Concurrent Roots OopStorageSet                0.036 / 0.064         0.039 / 0.260         0.039 / 0.260         0.039 / 0.260       ms
[60.152s][info][gc,stats    ]    Subphase: Concurrent Weak Roots OopStorageSet           0.149 / 0.177         0.215 / 0.345         0.215 / 0.345         0.215 / 0.345       ms
[60.152s][info][gc,stats    ]    Subphase: Pause Mark Try Complete                       0.000 / 0.000         0.002 / 0.003         0.002 / 0.003         0.002 / 0.003       ms
[60.152s][info][gc,stats    ]      System: Java Threads                                    276 / 279             146 / 279             146 / 279             146 / 279         threads
[60.152s][info][gc,stats    ] =========================================================================================================================================================
[62.557s][info][gc,start    ] GC(11) Garbage Collection (System.gc())
[62.557s][info][gc,task     ] GC(11) Using 12 workers
[62.557s][info][gc,phases   ] GC(11) Pause Mark Start 0.018ms
[62.638s][info][gc,phases   ] GC(11) Concurrent Mark 80.589ms
[62.638s][info][gc,phases   ] GC(11) Pause Mark End 0.043ms
[62.638s][info][gc,phases   ] GC(11) Concurrent Mark Free 0.002ms
[62.641s][info][gc,phases   ] GC(11) Concurrent Process Non-Strong References 2.996ms
[62.641s][info][gc,phases   ] GC(11) Concurrent Reset Relocation Set 0.011ms
[62.654s][info][gc,phases   ] GC(11) Concurrent Select Relocation Set 12.680ms
[62.654s][info][gc,phases   ] GC(11) Pause Relocate Start 0.011ms
[62.659s][info][gc,phases   ] GC(11) Concurrent Relocate 5.199ms
[62.660s][info][gc,load     ] GC(11) Load: 0.00/0.00/0.00
[62.660s][info][gc,mmu      ] GC(11) MMU: 2ms/96.5%, 5ms/98.6%, 10ms/99.3%, 20ms/99.6%, 50ms/99.8%, 100ms/99.9%
[62.660s][info][gc,marking  ] GC(11) Mark: 8 stripe(s), 2 proactive flush(es), 1 terminate flush(es), 0 completion(s), 0 continuation(s) 
[62.660s][info][gc,marking  ] GC(11) Mark Stack Usage: 32M
[62.660s][info][gc,nmethod  ] GC(11) NMethods: 9491 registered, 1435 unregistered
[62.660s][info][gc,metaspace] GC(11) Metaspace: 65M used, 66M committed, 1088M reserved
[62.660s][info][gc,ref      ] GC(11) Soft: 4946 encountered, 0 discovered, 0 enqueued
[62.660s][info][gc,ref      ] GC(11) Weak: 6898 encountered, 1507 discovered, 496 enqueued
[62.660s][info][gc,ref      ] GC(11) Final: 234 encountered, 3 discovered, 0 enqueued
[62.660s][info][gc,ref      ] GC(11) Phantom: 616 encountered, 365 discovered, 0 enqueued
[62.660s][info][gc,reloc    ] GC(11) Small Pages: 3680 / 7360M, Empty: 7024M, Relocated: 8M, In-Place: 0
[62.660s][info][gc,reloc    ] GC(11) Medium Pages: 13 / 416M, Empty: 384M, Relocated: 0M, In-Place: 0
[62.660s][info][gc,reloc    ] GC(11) Large Pages: 82 / 540M, Empty: 540M, Relocated: 0M, In-Place: 0
[62.660s][info][gc,reloc    ] GC(11) Forwarding Usage: 5M
[62.660s][info][gc,heap     ] GC(11) Min Capacity: 8M(0%)
[62.660s][info][gc,heap     ] GC(11) Max Capacity: 30718M(100%)
[62.660s][info][gc,heap     ] GC(11) Soft Max Capacity: 30718M(100%)
[62.660s][info][gc,heap     ] GC(11)                Mark Start          Mark End        Relocate Start      Relocate End           High               Low         
[62.660s][info][gc,heap     ] GC(11)  Capacity:     8392M (27%)        8392M (27%)        8392M (27%)        8392M (27%)        8392M (27%)        8392M (27%)    
[62.660s][info][gc,heap     ] GC(11)      Free:    22402M (73%)       22402M (73%)       30314M (99%)       30452M (99%)       30452M (99%)       22400M (73%)    
[62.660s][info][gc,heap     ] GC(11)      Used:     8316M (27%)        8316M (27%)         404M (1%)          266M (1%)         8318M (27%)         266M (1%)     
[62.660s][info][gc,heap     ] GC(11)      Live:         -               170M (1%)          170M (1%)          170M (1%)             -                  -          
[62.660s][info][gc,heap     ] GC(11) Allocated:         -                 0M (0%)           36M (0%)           39M (0%)             -                  -          
[62.660s][info][gc,heap     ] GC(11)   Garbage:         -              8145M (27%)         197M (1%)           55M (0%)             -                  -          
[62.660s][info][gc,heap     ] GC(11) Reclaimed:         -                  -              7948M (26%)        8089M (26%)            -                  -          
[62.660s][info][gc          ] GC(11) Garbage Collection (System.gc()) 8316M(27%)->266M(1%)
[68.324s][info][gc,start    ] GC(12) Garbage Collection (System.gc())
[68.324s][info][gc,task     ] GC(12) Using 12 workers
[68.325s][info][gc,phases   ] GC(12) Pause Mark Start 0.018ms
[68.390s][info][gc,phases   ] GC(12) Concurrent Mark 64.889ms
[68.390s][info][gc,phases   ] GC(12) Pause Mark End 0.026ms
[68.390s][info][gc,phases   ] GC(12) Concurrent Mark Free 0.001ms
[68.392s][info][gc,phases   ] GC(12) Concurrent Process Non-Strong References 2.237ms
[68.392s][info][gc,phases   ] GC(12) Concurrent Reset Relocation Set 0.008ms
[68.395s][info][gc,phases   ] GC(12) Concurrent Select Relocation Set 2.910ms
[68.395s][info][gc,phases   ] GC(12) Pause Relocate Start 0.008ms
[68.401s][info][gc,phases   ] GC(12) Concurrent Relocate 6.272ms
[68.402s][info][gc,load     ] GC(12) Load: 0.00/0.00/0.00
[68.402s][info][gc,mmu      ] GC(12) MMU: 2ms/96.5%, 5ms/98.6%, 10ms/99.3%, 20ms/99.6%, 50ms/99.8%, 100ms/99.9%
[68.402s][info][gc,marking  ] GC(12) Mark: 8 stripe(s), 1 proactive flush(es), 1 terminate flush(es), 0 completion(s), 0 continuation(s) 
[68.402s][info][gc,marking  ] GC(12) Mark Stack Usage: 32M
[68.402s][info][gc,nmethod  ] GC(12) NMethods: 9826 registered, 1476 unregistered
[68.402s][info][gc,metaspace] GC(12) Metaspace: 65M used, 66M committed, 1088M reserved
[68.402s][info][gc,ref      ] GC(12) Soft: 4946 encountered, 0 discovered, 0 enqueued
[68.402s][info][gc,ref      ] GC(12) Weak: 6919 encountered, 1337 discovered, 498 enqueued
[68.402s][info][gc,ref      ] GC(12) Final: 234 encountered, 1 discovered, 0 enqueued
[68.402s][info][gc,ref      ] GC(12) Phantom: 616 encountered, 231 discovered, 0 enqueued
[68.402s][info][gc,reloc    ] GC(12) Small Pages: 3683 / 7366M, Empty: 7018M, Relocated: 8M, In-Place: 0
[68.402s][info][gc,reloc    ] GC(12) Medium Pages: 13 / 416M, Empty: 384M, Relocated: 0M, In-Place: 0
[68.402s][info][gc,reloc    ] GC(12) Large Pages: 89 / 590M, Empty: 590M, Relocated: 0M, In-Place: 0
[68.402s][info][gc,reloc    ] GC(12) Forwarding Usage: 4M
[68.402s][info][gc,heap     ] GC(12) Min Capacity: 8M(0%)
[68.402s][info][gc,heap     ] GC(12) Max Capacity: 30718M(100%)
[68.402s][info][gc,heap     ] GC(12) Soft Max Capacity: 30718M(100%)
[68.402s][info][gc,heap     ] GC(12)                Mark Start          Mark End        Relocate Start      Relocate End           High               Low         
[68.402s][info][gc,heap     ] GC(12)  Capacity:     8456M (28%)        8456M (28%)        8456M (28%)        8456M (28%)        8456M (28%)        8456M (28%)    
[68.402s][info][gc,heap     ] GC(12)      Free:    22346M (73%)       22344M (73%)       30308M (99%)       30450M (99%)       30450M (99%)       22344M (73%)    
[68.402s][info][gc,heap     ] GC(12)      Used:     8372M (27%)        8374M (27%)         410M (1%)          268M (1%)         8374M (27%)         268M (1%)     
[68.402s][info][gc,heap     ] GC(12)      Live:         -               170M (1%)          170M (1%)          170M (1%)             -                  -          
[68.402s][info][gc,heap     ] GC(12) Allocated:         -                 2M (0%)           30M (0%)           41M (0%)             -                  -          
[68.402s][info][gc,heap     ] GC(12)   Garbage:         -              8201M (27%)         209M (1%)           55M (0%)             -                  -          
[68.402s][info][gc,heap     ] GC(12) Reclaimed:         -                  -              7992M (26%)        8145M (27%)            -                  -          
[68.402s][info][gc          ] GC(12) Garbage Collection (System.gc()) 8372M(27%)->268M(1%)
[70.164s][info][gc,stats    ] === Garbage Collection Statistics =======================================================================================================================
[70.164s][info][gc,stats    ]                                                              Last 10s              Last 10m              Last 10h                Total
[70.164s][info][gc,stats    ]                                                              Avg / Max             Avg / Max             Avg / Max             Avg / Max
[70.164s][info][gc,stats    ]   Collector: Garbage Collection Cycle                     90.035 / 102.784     125.472 / 689.195     125.472 / 689.195     125.472 / 689.195     ms
[70.164s][info][gc,stats    ]  Contention: Mark Segment Reset Contention                     2 / 18                1 / 18                1 / 18                1 / 18          ops/s
[70.164s][info][gc,stats    ]  Contention: Mark SeqNum Reset Contention                      0 / 0                 0 / 5                 0 / 5                 0 / 5           ops/s
[70.164s][info][gc,stats    ]    Critical: Allocation Stall                                  0 / 0                 0 / 0                 0 / 0                 0 / 0           ops/s
[70.164s][info][gc,stats    ]    Critical: Allocation Stall                              0.000 / 0.000         0.000 / 0.000         0.000 / 0.000         0.000 / 0.000       ms
[70.164s][info][gc,stats    ]    Critical: GC Locker Stall                                   0 / 0                 0 / 2                 0 / 2                 0 / 2           ops/s
[70.164s][info][gc,stats    ]    Critical: GC Locker Stall                               0.000 / 0.000         0.001 / 0.002         0.001 / 0.002         0.001 / 0.002       ms
[70.164s][info][gc,stats    ]    Critical: Relocation Stall                                  0 / 0                 0 / 0                 0 / 0                 0 / 0           ops/s
[70.164s][info][gc,stats    ]    Critical: Relocation Stall                              0.000 / 0.000         0.000 / 0.000         0.000 / 0.000         0.000 / 0.000       ms
[70.164s][info][gc,stats    ]      Memory: Allocation Rate                                1399 / 1952           1084 / 2180           1084 / 2180           1084 / 2180        MB/s
[70.164s][info][gc,stats    ]      Memory: Defragment                                        0 / 0                 2 / 87                2 / 87                2 / 87          ops/s
[70.164s][info][gc,stats    ]      Memory: Out Of Memory                                     0 / 0                 0 / 0                 0 / 0                 0 / 0           ops/s
[70.164s][info][gc,stats    ]      Memory: Page Cache Flush                                  0 / 0                 4 / 174               4 / 174               4 / 174         MB/s
[70.164s][info][gc,stats    ]      Memory: Page Cache Hit L1                               631 / 937             446 / 1011            446 / 1011            446 / 1011        ops/s
[70.164s][info][gc,stats    ]      Memory: Page Cache Hit L2                                 0 / 0                 0 / 0                 0 / 0                 0 / 0           ops/s
[70.164s][info][gc,stats    ]      Memory: Page Cache Hit L3                                 0 / 1                16 / 565              16 / 565              16 / 565         ops/s
[70.164s][info][gc,stats    ]      Memory: Page Cache Miss                                   0 / 2                37 / 607              37 / 607              37 / 607         ops/s
[70.164s][info][gc,stats    ]      Memory: Uncommit                                          0 / 0                 0 / 0                 0 / 0                 0 / 0           MB/s
[70.164s][info][gc,stats    ]      Memory: Undo Object Allocation Failed                     0 / 0                 0 / 0                 0 / 0                 0 / 0           ops/s
[70.164s][info][gc,stats    ]      Memory: Undo Object Allocation Succeeded                  0 / 0                 0 / 3                 0 / 3                 0 / 3           ops/s
[70.164s][info][gc,stats    ]      Memory: Undo Page Allocation                              0 / 1                 0 / 3                 0 / 3                 0 / 3           ops/s
[70.164s][info][gc,stats    ]       Phase: Concurrent Mark                              72.739 / 80.589       91.671 / 499.341      91.671 / 499.341      91.671 / 499.341     ms
[70.164s][info][gc,stats    ]       Phase: Concurrent Mark Continue                      0.000 / 0.000         0.000 / 0.000         0.000 / 0.000         0.000 / 0.000       ms
[70.165s][info][gc,stats    ]       Phase: Concurrent Mark Free                          0.001 / 0.002         0.001 / 0.002         0.001 / 0.002         0.001 / 0.002       ms
[70.165s][info][gc,stats    ]       Phase: Concurrent Process Non-Strong References      2.616 / 2.996         4.361 / 12.529        4.361 / 12.529        4.361 / 12.529      ms
[70.165s][info][gc,stats    ]       Phase: Concurrent Relocate                           5.736 / 6.272        14.367 / 112.739      14.367 / 112.739      14.367 / 112.739     ms
[70.165s][info][gc,stats    ]       Phase: Concurrent Reset Relocation Set               0.009 / 0.011         0.049 / 0.513         0.049 / 0.513         0.049 / 0.513       ms
[70.165s][info][gc,stats    ]       Phase: Concurrent Select Relocation Set              7.795 / 12.680       13.888 / 65.401       13.888 / 65.401       13.888 / 65.401      ms
[70.165s][info][gc,stats    ]       Phase: Pause Mark End                                0.034 / 0.043         0.029 / 0.071         0.029 / 0.071         0.029 / 0.071       ms
[70.165s][info][gc,stats    ]       Phase: Pause Mark Start                              0.018 / 0.018         0.017 / 0.019         0.017 / 0.019         0.017 / 0.019       ms
[70.165s][info][gc,stats    ]       Phase: Pause Relocate Start                          0.009 / 0.011         0.010 / 0.012         0.010 / 0.012         0.010 / 0.012       ms
[70.165s][info][gc,stats    ]    Subphase: Concurrent Classes Purge                      0.171 / 0.236         0.548 / 1.461         0.548 / 1.461         0.548 / 1.461       ms
[70.165s][info][gc,stats    ]    Subphase: Concurrent Classes Unlink                     1.895 / 2.119         3.289 / 10.851        3.289 / 10.851        3.289 / 10.851      ms
[70.165s][info][gc,stats    ]    Subphase: Concurrent Mark                              60.231 / 73.243       84.233 / 494.793      84.233 / 494.793      84.233 / 494.793     ms
[70.165s][info][gc,stats    ]    Subphase: Concurrent Mark Try Flush                     0.175 / 0.341         0.107 / 0.590         0.107 / 0.590         0.107 / 0.590       ms
[70.165s][info][gc,stats    ]    Subphase: Concurrent Mark Try Terminate                 4.912 / 16.057        7.536 / 16.084        7.536 / 16.084        7.536 / 16.084      ms
[70.165s][info][gc,stats    ]    Subphase: Concurrent References Enqueue                 0.003 / 0.004         0.003 / 0.004         0.003 / 0.004         0.003 / 0.004       ms
[70.165s][info][gc,stats    ]    Subphase: Concurrent References Process                 0.079 / 0.112         0.105 / 0.209         0.105 / 0.209         0.105 / 0.209       ms
[70.165s][info][gc,stats    ]    Subphase: Concurrent Roots ClassLoaderDataGraph         0.089 / 0.320         0.087 / 0.595         0.087 / 0.595         0.087 / 0.595       ms
[70.165s][info][gc,stats    ]    Subphase: Concurrent Roots CodeCache                    0.000 / 0.000         0.000 / 0.000         0.000 / 0.000         0.000 / 0.000       ms
[70.165s][info][gc,stats    ]    Subphase: Concurrent Roots JavaThreads                  6.837 / 7.151         5.482 / 9.172         5.482 / 9.172         5.482 / 9.172       ms
[70.165s][info][gc,stats    ]    Subphase: Concurrent Roots OopStorageSet                0.034 / 0.046         0.038 / 0.260         0.038 / 0.260         0.038 / 0.260       ms
[70.165s][info][gc,stats    ]    Subphase: Concurrent Weak Roots OopStorageSet           0.194 / 0.251         0.211 / 0.345         0.211 / 0.345         0.211 / 0.345       ms
[70.165s][info][gc,stats    ]    Subphase: Pause Mark Try Complete                       0.000 / 0.000         0.002 / 0.003         0.002 / 0.003         0.002 / 0.003       ms
[70.165s][info][gc,stats    ]      System: Java Threads                                    278 / 279             167 / 279             167 / 279             167 / 279         threads
[70.165s][info][gc,stats    ] =========================================================================================================================================================
[74.027s][info][gc,start    ] GC(13) Garbage Collection (System.gc())
[74.027s][info][gc,task     ] GC(13) Using 12 workers
[74.027s][info][gc,phases   ] GC(13) Pause Mark Start 0.018ms
[74.100s][info][gc,phases   ] GC(13) Concurrent Mark 72.412ms
[74.100s][info][gc,phases   ] GC(13) Pause Mark End 0.026ms
[74.100s][info][gc,phases   ] GC(13) Concurrent Mark Free 0.002ms
[74.103s][info][gc,phases   ] GC(13) Concurrent Process Non-Strong References 2.786ms
[74.103s][info][gc,phases   ] GC(13) Concurrent Reset Relocation Set 0.012ms
[74.108s][info][gc,phases   ] GC(13) Concurrent Select Relocation Set 5.186ms
[74.108s][info][gc,phases   ] GC(13) Pause Relocate Start 0.010ms
[74.111s][info][gc,phases   ] GC(13) Concurrent Relocate 2.793ms
[74.111s][info][gc,load     ] GC(13) Load: 0.00/0.00/0.00
[74.111s][info][gc,mmu      ] GC(13) MMU: 2ms/96.5%, 5ms/98.6%, 10ms/99.3%, 20ms/99.6%, 50ms/99.8%, 100ms/99.9%
[74.111s][info][gc,marking  ] GC(13) Mark: 8 stripe(s), 2 proactive flush(es), 1 terminate flush(es), 0 completion(s), 0 continuation(s) 
[74.111s][info][gc,marking  ] GC(13) Mark Stack Usage: 32M
[74.111s][info][gc,nmethod  ] GC(13) NMethods: 9992 registered, 48 unregistered
[74.111s][info][gc,metaspace] GC(13) Metaspace: 65M used, 66M committed, 1088M reserved
[74.111s][info][gc,ref      ] GC(13) Soft: 4946 encountered, 0 discovered, 0 enqueued
[74.111s][info][gc,ref      ] GC(13) Weak: 6933 encountered, 1299 discovered, 496 enqueued
[74.111s][info][gc,ref      ] GC(13) Final: 234 encountered, 2 discovered, 0 enqueued
[74.111s][info][gc,ref      ] GC(13) Phantom: 616 encountered, 413 discovered, 0 enqueued
[74.111s][info][gc,reloc    ] GC(13) Small Pages: 3681 / 7362M, Empty: 7018M, Relocated: 4M, In-Place: 0
[74.111s][info][gc,reloc    ] GC(13) Medium Pages: 13 / 416M, Empty: 384M, Relocated: 0M, In-Place: 0
[74.111s][info][gc,reloc    ] GC(13) Large Pages: 88 / 584M, Empty: 584M, Relocated: 0M, In-Place: 0
[74.111s][info][gc,reloc    ] GC(13) Forwarding Usage: 2M
[74.111s][info][gc,heap     ] GC(13) Min Capacity: 8M(0%)
[74.111s][info][gc,heap     ] GC(13) Max Capacity: 30718M(100%)
[74.111s][info][gc,heap     ] GC(13) Soft Max Capacity: 30718M(100%)
[74.111s][info][gc,heap     ] GC(13)                Mark Start          Mark End        Relocate Start      Relocate End           High               Low         
[74.111s][info][gc,heap     ] GC(13)  Capacity:     8456M (28%)        8456M (28%)        8456M (28%)        8456M (28%)        8456M (28%)        8456M (28%)    
[74.111s][info][gc,heap     ] GC(13)      Free:    22356M (73%)       22356M (73%)       30306M (99%)       30450M (99%)       30450M (99%)       22352M (73%)    
[74.111s][info][gc,heap     ] GC(13)      Used:     8362M (27%)        8362M (27%)         412M (1%)          268M (1%)         8366M (27%)         268M (1%)     
[74.111s][info][gc,heap     ] GC(13)      Live:         -               170M (1%)          170M (1%)          170M (1%)             -                  -          
[74.112s][info][gc,heap     ] GC(13) Allocated:         -                 0M (0%)           36M (0%)           35M (0%)             -                  -          
[74.112s][info][gc,heap     ] GC(13)   Garbage:         -              8191M (27%)         205M (1%)           61M (0%)             -                  -          
[74.112s][info][gc,heap     ] GC(13) Reclaimed:         -                  -              7986M (26%)        8129M (26%)            -                  -          
[74.112s][info][gc          ] GC(13) Garbage Collection (System.gc()) 8362M(27%)->268M(1%)
[79.855s][info][gc,start    ] GC(14) Garbage Collection (System.gc())
[79.855s][info][gc,task     ] GC(14) Using 12 workers
[79.855s][info][gc,phases   ] GC(14) Pause Mark Start 0.020ms
[79.921s][info][gc,phases   ] GC(14) Concurrent Mark 65.675ms
[79.921s][info][gc,phases   ] GC(14) Pause Mark End 0.025ms
[79.921s][info][gc,phases   ] GC(14) Concurrent Mark Free 0.001ms
[79.923s][info][gc,phases   ] GC(14) Concurrent Process Non-Strong References 2.275ms
[79.923s][info][gc,phases   ] GC(14) Concurrent Reset Relocation Set 0.009ms
[79.928s][info][gc,phases   ] GC(14) Concurrent Select Relocation Set 4.895ms
[79.928s][info][gc,phases   ] GC(14) Pause Relocate Start 0.009ms
[79.931s][info][gc,phases   ] GC(14) Concurrent Relocate 2.457ms
[79.931s][info][gc,load     ] GC(14) Load: 0.00/0.00/0.00
[79.931s][info][gc,mmu      ] GC(14) MMU: 2ms/96.5%, 5ms/98.6%, 10ms/99.3%, 20ms/99.6%, 50ms/99.8%, 100ms/99.9%
[79.931s][info][gc,marking  ] GC(14) Mark: 8 stripe(s), 3 proactive flush(es), 1 terminate flush(es), 0 completion(s), 0 continuation(s) 
[79.931s][info][gc,marking  ] GC(14) Mark Stack Usage: 32M
[79.931s][info][gc,nmethod  ] GC(14) NMethods: 10136 registered, 85 unregistered
[79.931s][info][gc,metaspace] GC(14) Metaspace: 65M used, 66M committed, 1088M reserved
[79.931s][info][gc,ref      ] GC(14) Soft: 4946 encountered, 0 discovered, 0 enqueued
[79.931s][info][gc,ref      ] GC(14) Weak: 6945 encountered, 1767 discovered, 494 enqueued
[79.931s][info][gc,ref      ] GC(14) Final: 234 encountered, 4 discovered, 0 enqueued
[79.931s][info][gc,ref      ] GC(14) Phantom: 616 encountered, 418 discovered, 0 enqueued
[79.931s][info][gc,reloc    ] GC(14) Small Pages: 3687 / 7374M, Empty: 7032M, Relocated: 4M, In-Place: 0
[79.931s][info][gc,reloc    ] GC(14) Medium Pages: 13 / 416M, Empty: 384M, Relocated: 0M, In-Place: 0
[79.931s][info][gc,reloc    ] GC(14) Large Pages: 87 / 570M, Empty: 570M, Relocated: 0M, In-Place: 0
[79.931s][info][gc,reloc    ] GC(14) Forwarding Usage: 2M
[79.931s][info][gc,heap     ] GC(14) Min Capacity: 8M(0%)
[79.931s][info][gc,heap     ] GC(14) Max Capacity: 30718M(100%)
[79.931s][info][gc,heap     ] GC(14) Soft Max Capacity: 30718M(100%)
[79.931s][info][gc,heap     ] GC(14)                Mark Start          Mark End        Relocate Start      Relocate End           High               Low         
[79.931s][info][gc,heap     ] GC(14)  Capacity:     8456M (28%)        8456M (28%)        8456M (28%)        8456M (28%)        8456M (28%)        8456M (28%)    
[79.931s][info][gc,heap     ] GC(14)      Free:    22358M (73%)       22356M (73%)       30310M (99%)       30450M (99%)       30450M (99%)       22356M (73%)    
[79.931s][info][gc,heap     ] GC(14)      Used:     8360M (27%)        8362M (27%)         408M (1%)          268M (1%)         8362M (27%)         268M (1%)     
[79.931s][info][gc,heap     ] GC(14)      Live:         -               170M (1%)          170M (1%)          170M (1%)             -                  -          
[79.931s][info][gc,heap     ] GC(14) Allocated:         -                 2M (0%)           34M (0%)           35M (0%)             -                  -          
[79.931s][info][gc,heap     ] GC(14)   Garbage:         -              8189M (27%)         203M (1%)           61M (0%)             -                  -          
[79.931s][info][gc,heap     ] GC(14) Reclaimed:         -                  -              7986M (26%)        8127M (26%)            -                  -          
[79.931s][info][gc          ] GC(14) Garbage Collection (System.gc()) 8360M(27%)->268M(1%)
[80.149s][info][gc,stats    ] === Garbage Collection Statistics =======================================================================================================================
[80.149s][info][gc,stats    ]                                                              Last 10s              Last 10m              Last 10h                Total
[80.149s][info][gc,stats    ]                                                              Avg / Max             Avg / Max             Avg / Max             Avg / Max
[80.149s][info][gc,stats    ]   Collector: Garbage Collection Cycle                     80.285 / 84.325      119.448 / 689.195     119.448 / 689.195     119.448 / 689.195     ms
[80.149s][info][gc,stats    ]  Contention: Mark Segment Reset Contention                     2 / 13                1 / 18                1 / 18                1 / 18          ops/s
[80.149s][info][gc,stats    ]  Contention: Mark SeqNum Reset Contention                      0 / 1                 0 / 5                 0 / 5                 0 / 5           ops/s
[80.149s][info][gc,stats    ]    Critical: Allocation Stall                                  0 / 0                 0 / 0                 0 / 0                 0 / 0           ops/s
[80.149s][info][gc,stats    ]    Critical: Allocation Stall                              0.000 / 0.000         0.000 / 0.000         0.000 / 0.000         0.000 / 0.000       ms
[80.149s][info][gc,stats    ]    Critical: GC Locker Stall                                   0 / 0                 0 / 2                 0 / 2                 0 / 2           ops/s
[80.149s][info][gc,stats    ]    Critical: GC Locker Stall                               0.000 / 0.000         0.001 / 0.002         0.001 / 0.002         0.001 / 0.002       ms
[80.149s][info][gc,stats    ]    Critical: Relocation Stall                                  0 / 0                 0 / 0                 0 / 0                 0 / 0           ops/s
[80.149s][info][gc,stats    ]    Critical: Relocation Stall                              0.000 / 0.000         0.000 / 0.000         0.000 / 0.000         0.000 / 0.000       ms
[80.149s][info][gc,stats    ]      Memory: Allocation Rate                                1416 / 2154           1126 / 2180           1126 / 2180           1126 / 2180        MB/s
[80.149s][info][gc,stats    ]      Memory: Defragment                                        0 / 3                 1 / 87                1 / 87                1 / 87          ops/s
[80.149s][info][gc,stats    ]      Memory: Out Of Memory                                     0 / 0                 0 / 0                 0 / 0                 0 / 0           ops/s
[80.149s][info][gc,stats    ]      Memory: Page Cache Flush                                  0 / 6                 3 / 174               3 / 174               3 / 174         MB/s
[80.149s][info][gc,stats    ]      Memory: Page Cache Hit L1                               640 / 1045            470 / 1045            470 / 1045            470 / 1045        ops/s
[80.149s][info][gc,stats    ]      Memory: Page Cache Hit L2                                 0 / 0                 0 / 0                 0 / 0                 0 / 0           ops/s
[80.149s][info][gc,stats    ]      Memory: Page Cache Hit L3                                 0 / 3                14 / 565              14 / 565              14 / 565         ops/s
[80.149s][info][gc,stats    ]      Memory: Page Cache Miss                                   0 / 0                33 / 607              33 / 607              33 / 607         ops/s
[80.149s][info][gc,stats    ]      Memory: Uncommit                                          0 / 0                 0 / 0                 0 / 0                 0 / 0           MB/s
[80.149s][info][gc,stats    ]      Memory: Undo Object Allocation Failed                     0 / 0                 0 / 0                 0 / 0                 0 / 0           ops/s
[80.149s][info][gc,stats    ]      Memory: Undo Object Allocation Succeeded                  0 / 0                 0 / 3                 0 / 3                 0 / 3           ops/s
[80.150s][info][gc,stats    ]      Memory: Undo Page Allocation                              0 / 0                 0 / 3                 0 / 3                 0 / 3           ops/s
[80.150s][info][gc,stats    ]       Phase: Concurrent Mark                              69.044 / 72.412       88.654 / 499.341      88.654 / 499.341      88.654 / 499.341     ms
[80.150s][info][gc,stats    ]       Phase: Concurrent Mark Continue                      0.000 / 0.000         0.000 / 0.000         0.000 / 0.000         0.000 / 0.000       ms
[80.150s][info][gc,stats    ]       Phase: Concurrent Mark Free                          0.001 / 0.002         0.001 / 0.002         0.001 / 0.002         0.001 / 0.002       ms
[80.150s][info][gc,stats    ]       Phase: Concurrent Process Non-Strong References      2.530 / 2.786         4.117 / 12.529        4.117 / 12.529        4.117 / 12.529      ms
[80.150s][info][gc,stats    ]       Phase: Concurrent Relocate                           2.625 / 2.793        12.802 / 112.739      12.802 / 112.739      12.802 / 112.739     ms
[80.150s][info][gc,stats    ]       Phase: Concurrent Reset Relocation Set               0.010 / 0.012         0.043 / 0.513         0.043 / 0.513         0.043 / 0.513       ms
[80.150s][info][gc,stats    ]       Phase: Concurrent Select Relocation Set              5.041 / 5.186        12.709 / 65.401       12.709 / 65.401       12.709 / 65.401      ms
[80.150s][info][gc,stats    ]       Phase: Pause Mark End                                0.026 / 0.026         0.029 / 0.071         0.029 / 0.071         0.029 / 0.071       ms
[80.150s][info][gc,stats    ]       Phase: Pause Mark Start                              0.019 / 0.020         0.017 / 0.020         0.017 / 0.020         0.017 / 0.020       ms
[80.150s][info][gc,stats    ]       Phase: Pause Relocate Start                          0.009 / 0.010         0.010 / 0.012         0.010 / 0.012         0.010 / 0.012       ms
[80.150s][info][gc,stats    ]    Subphase: Concurrent Classes Purge                      0.184 / 0.268         0.500 / 1.461         0.500 / 1.461         0.500 / 1.461       ms
[80.150s][info][gc,stats    ]    Subphase: Concurrent Classes Unlink                     1.853 / 1.967         3.098 / 10.851        3.098 / 10.851        3.098 / 10.851      ms
[80.150s][info][gc,stats    ]    Subphase: Concurrent Mark                              61.795 / 65.920       81.242 / 494.793      81.242 / 494.793      81.242 / 494.793     ms
[80.150s][info][gc,stats    ]    Subphase: Concurrent Mark Try Flush                     0.122 / 0.245         0.110 / 0.590         0.110 / 0.590         0.110 / 0.590       ms
[80.150s][info][gc,stats    ]    Subphase: Concurrent Mark Try Terminate                 8.282 / 12.814        7.634 / 16.084        7.634 / 16.084        7.634 / 16.084      ms
[80.150s][info][gc,stats    ]    Subphase: Concurrent References Enqueue                 0.004 / 0.004         0.003 / 0.004         0.003 / 0.004         0.003 / 0.004       ms
[80.150s][info][gc,stats    ]    Subphase: Concurrent References Process                 0.067 / 0.069         0.100 / 0.209         0.100 / 0.209         0.100 / 0.209       ms
[80.150s][info][gc,stats    ]    Subphase: Concurrent Roots ClassLoaderDataGraph         0.093 / 0.321         0.088 / 0.595         0.088 / 0.595         0.088 / 0.595       ms
[80.150s][info][gc,stats    ]    Subphase: Concurrent Roots CodeCache                    0.000 / 0.000         0.000 / 0.000         0.000 / 0.000         0.000 / 0.000       ms
[80.150s][info][gc,stats    ]    Subphase: Concurrent Roots JavaThreads                  6.219 / 6.291         5.582 / 9.172         5.582 / 9.172         5.582 / 9.172       ms
[80.150s][info][gc,stats    ]    Subphase: Concurrent Roots OopStorageSet                0.031 / 0.044         0.037 / 0.260         0.037 / 0.260         0.037 / 0.260       ms
[80.150s][info][gc,stats    ]    Subphase: Concurrent Weak Roots OopStorageSet           0.156 / 0.185         0.204 / 0.345         0.204 / 0.345         0.204 / 0.345       ms
[80.150s][info][gc,stats    ]    Subphase: Pause Mark Try Complete                       0.000 / 0.000         0.002 / 0.003         0.002 / 0.003         0.002 / 0.003       ms
[80.150s][info][gc,stats    ]      System: Java Threads                                    278 / 280             181 / 280             181 / 280             181 / 280         threads
[80.150s][info][gc,stats    ] =========================================================================================================================================================
[85.616s][info][gc,start    ] GC(15) Garbage Collection (System.gc())
[85.616s][info][gc,task     ] GC(15) Using 12 workers
[85.616s][info][gc,phases   ] GC(15) Pause Mark Start 0.018ms
[85.684s][info][gc,phases   ] GC(15) Concurrent Mark 68.348ms
[85.685s][info][gc,phases   ] GC(15) Pause Mark End 0.030ms
[85.685s][info][gc,phases   ] GC(15) Concurrent Mark Free 0.001ms
[85.687s][info][gc,phases   ] GC(15) Concurrent Process Non-Strong References 2.471ms
[85.687s][info][gc,phases   ] GC(15) Concurrent Reset Relocation Set 0.008ms
[85.694s][info][gc,phases   ] GC(15) Concurrent Select Relocation Set 6.568ms
[85.694s][info][gc,phases   ] GC(15) Pause Relocate Start 0.011ms
[85.697s][info][gc,phases   ] GC(15) Concurrent Relocate 3.111ms
[85.697s][info][gc,load     ] GC(15) Load: 0.00/0.00/0.00
[85.697s][info][gc,mmu      ] GC(15) MMU: 2ms/96.5%, 5ms/98.6%, 10ms/99.3%, 20ms/99.6%, 50ms/99.8%, 100ms/99.9%
[85.697s][info][gc,marking  ] GC(15) Mark: 8 stripe(s), 3 proactive flush(es), 1 terminate flush(es), 0 completion(s), 0 continuation(s) 
[85.697s][info][gc,marking  ] GC(15) Mark Stack Usage: 32M
[85.697s][info][gc,nmethod  ] GC(15) NMethods: 10365 registered, 119 unregistered
[85.697s][info][gc,metaspace] GC(15) Metaspace: 65M used, 66M committed, 1088M reserved
[85.697s][info][gc,ref      ] GC(15) Soft: 4946 encountered, 0 discovered, 0 enqueued
[85.697s][info][gc,ref      ] GC(15) Weak: 6956 encountered, 2051 discovered, 496 enqueued
[85.697s][info][gc,ref      ] GC(15) Final: 234 encountered, 4 discovered, 0 enqueued
[85.697s][info][gc,ref      ] GC(15) Phantom: 616 encountered, 411 discovered, 0 enqueued
[85.697s][info][gc,reloc    ] GC(15) Small Pages: 3686 / 7372M, Empty: 7024M, Relocated: 5M, In-Place: 0
[85.697s][info][gc,reloc    ] GC(15) Medium Pages: 13 / 416M, Empty: 384M, Relocated: 0M, In-Place: 0
[85.697s][info][gc,reloc    ] GC(15) Large Pages: 93 / 618M, Empty: 618M, Relocated: 0M, In-Place: 0
[85.697s][info][gc,reloc    ] GC(15) Forwarding Usage: 2M
[85.697s][info][gc,heap     ] GC(15) Min Capacity: 8M(0%)
[85.697s][info][gc,heap     ] GC(15) Max Capacity: 30718M(100%)
[85.697s][info][gc,heap     ] GC(15) Soft Max Capacity: 30718M(100%)
[85.697s][info][gc,heap     ] GC(15)                Mark Start          Mark End        Relocate Start      Relocate End           High               Low         
[85.697s][info][gc,heap     ] GC(15)  Capacity:     8456M (28%)        8456M (28%)        8456M (28%)        8456M (28%)        8456M (28%)        8456M (28%)    
[85.697s][info][gc,heap     ] GC(15)      Free:    22312M (73%)       22312M (73%)       30306M (99%)       30454M (99%)       30454M (99%)       22308M (73%)    
[85.698s][info][gc,heap     ] GC(15)      Used:     8406M (27%)        8406M (27%)         412M (1%)          264M (1%)         8410M (27%)         264M (1%)     
[85.698s][info][gc,heap     ] GC(15)      Live:         -               170M (1%)          170M (1%)          170M (1%)             -                  -          
[85.698s][info][gc,heap     ] GC(15) Allocated:         -                 0M (0%)           32M (0%)           32M (0%)             -                  -          
[85.698s][info][gc,heap     ] GC(15)   Garbage:         -              8235M (27%)         209M (1%)           61M (0%)             -                  -          
[85.698s][info][gc,heap     ] GC(15) Reclaimed:         -                  -              8026M (26%)        8174M (27%)            -                  -          
[85.698s][info][gc          ] GC(15) Garbage Collection (System.gc()) 8406M(27%)->264M(1%)
[90.153s][info][gc,stats    ] === Garbage Collection Statistics =======================================================================================================================
[90.153s][info][gc,stats    ]                                                              Last 10s              Last 10m              Last 10h                Total
[90.153s][info][gc,stats    ]                                                              Avg / Max             Avg / Max             Avg / Max             Avg / Max
[90.153s][info][gc,stats    ]   Collector: Garbage Collection Cycle                     81.537 / 81.537      117.078 / 689.195     117.078 / 689.195     117.078 / 689.195     ms
[90.153s][info][gc,stats    ]  Contention: Mark Segment Reset Contention                     1 / 11                1 / 18                1 / 18                1 / 18          ops/s
[90.153s][info][gc,stats    ]  Contention: Mark SeqNum Reset Contention                      0 / 1                 0 / 5                 0 / 5                 0 / 5           ops/s
[90.153s][info][gc,stats    ]    Critical: Allocation Stall                                  0 / 0                 0 / 0                 0 / 0                 0 / 0           ops/s
[90.153s][info][gc,stats    ]    Critical: Allocation Stall                              0.000 / 0.000         0.000 / 0.000         0.000 / 0.000         0.000 / 0.000       ms
[90.153s][info][gc,stats    ]    Critical: GC Locker Stall                                   0 / 0                 0 / 2                 0 / 2                 0 / 2           ops/s
[90.154s][info][gc,stats    ]    Critical: GC Locker Stall                               0.000 / 0.000         0.001 / 0.002         0.001 / 0.002         0.001 / 0.002       ms
[90.154s][info][gc,stats    ]    Critical: Relocation Stall                                  0 / 0                 0 / 0                 0 / 0                 0 / 0           ops/s
[90.154s][info][gc,stats    ]    Critical: Relocation Stall                              0.000 / 0.000         0.000 / 0.000         0.000 / 0.000         0.000 / 0.000       ms
[90.154s][info][gc,stats    ]      Memory: Allocation Rate                                1373 / 2142           1153 / 2180           1153 / 2180           1153 / 2180        MB/s
[90.154s][info][gc,stats    ]      Memory: Defragment                                        0 / 1                 1 / 87                1 / 87                1 / 87          ops/s
[90.154s][info][gc,stats    ]      Memory: Out Of Memory                                     0 / 0                 0 / 0                 0 / 0                 0 / 0           ops/s
[90.154s][info][gc,stats    ]      Memory: Page Cache Flush                                  0 / 2                 3 / 174               3 / 174               3 / 174         MB/s
[90.154s][info][gc,stats    ]      Memory: Page Cache Hit L1                               630 / 983             488 / 1045            488 / 1045            488 / 1045        ops/s
[90.154s][info][gc,stats    ]      Memory: Page Cache Hit L2                                 0 / 0                 0 / 0                 0 / 0                 0 / 0           ops/s
[90.154s][info][gc,stats    ]      Memory: Page Cache Hit L3                                 0 / 2                12 / 565              12 / 565              12 / 565         ops/s
[90.154s][info][gc,stats    ]      Memory: Page Cache Miss                                   0 / 0                29 / 607              29 / 607              29 / 607         ops/s
[90.154s][info][gc,stats    ]      Memory: Uncommit                                          0 / 0                 0 / 0                 0 / 0                 0 / 0           MB/s
[90.154s][info][gc,stats    ]      Memory: Undo Object Allocation Failed                     0 / 0                 0 / 0                 0 / 0                 0 / 0           ops/s
[90.154s][info][gc,stats    ]      Memory: Undo Object Allocation Succeeded                  0 / 0                 0 / 3                 0 / 3                 0 / 3           ops/s
[90.154s][info][gc,stats    ]      Memory: Undo Page Allocation                              0 / 0                 0 / 3                 0 / 3                 0 / 3           ops/s
[90.154s][info][gc,stats    ]       Phase: Concurrent Mark                              68.348 / 68.348       87.385 / 499.341      87.385 / 499.341      87.385 / 499.341     ms
[90.154s][info][gc,stats    ]       Phase: Concurrent Mark Continue                      0.000 / 0.000         0.000 / 0.000         0.000 / 0.000         0.000 / 0.000       ms
[90.154s][info][gc,stats    ]       Phase: Concurrent Mark Free                          0.001 / 0.001         0.001 / 0.002         0.001 / 0.002         0.001 / 0.002       ms
[90.154s][info][gc,stats    ]       Phase: Concurrent Process Non-Strong References      2.471 / 2.471         4.014 / 12.529        4.014 / 12.529        4.014 / 12.529      ms
[90.154s][info][gc,stats    ]       Phase: Concurrent Relocate                           3.111 / 3.111        12.196 / 112.739      12.196 / 112.739      12.196 / 112.739     ms
[90.154s][info][gc,stats    ]       Phase: Concurrent Reset Relocation Set               0.008 / 0.008         0.041 / 0.513         0.041 / 0.513         0.041 / 0.513       ms
[90.154s][info][gc,stats    ]       Phase: Concurrent Select Relocation Set              6.568 / 6.568        12.325 / 65.401       12.325 / 65.401       12.325 / 65.401      ms
[90.154s][info][gc,stats    ]       Phase: Pause Mark End                                0.030 / 0.030         0.029 / 0.071         0.029 / 0.071         0.029 / 0.071       ms
[90.154s][info][gc,stats    ]       Phase: Pause Mark Start                              0.018 / 0.018         0.017 / 0.020         0.017 / 0.020         0.017 / 0.020       ms
[90.154s][info][gc,stats    ]       Phase: Pause Relocate Start                          0.011 / 0.011         0.010 / 0.012         0.010 / 0.012         0.010 / 0.012       ms
[90.154s][info][gc,stats    ]    Subphase: Concurrent Classes Purge                      0.100 / 0.100         0.475 / 1.461         0.475 / 1.461         0.475 / 1.461       ms
[90.155s][info][gc,stats    ]    Subphase: Concurrent Classes Unlink                     1.870 / 1.870         3.021 / 10.851        3.021 / 10.851        3.021 / 10.851      ms
[90.155s][info][gc,stats    ]    Subphase: Concurrent Mark                              61.754 / 62.690       80.024 / 494.793      80.024 / 494.793      80.024 / 494.793     ms
[90.155s][info][gc,stats    ]    Subphase: Concurrent Mark Try Flush                     0.102 / 0.226         0.109 / 0.590         0.109 / 0.590         0.109 / 0.590       ms
[90.155s][info][gc,stats    ]    Subphase: Concurrent Mark Try Terminate                 9.743 / 11.764        7.764 / 16.084        7.764 / 16.084        7.764 / 16.084      ms
[90.155s][info][gc,stats    ]    Subphase: Concurrent References Enqueue                 0.003 / 0.003         0.003 / 0.004         0.003 / 0.004         0.003 / 0.004       ms
[90.155s][info][gc,stats    ]    Subphase: Concurrent References Process                 0.079 / 0.079         0.099 / 0.209         0.099 / 0.209         0.099 / 0.209       ms
[90.155s][info][gc,stats    ]    Subphase: Concurrent Roots ClassLoaderDataGraph         0.096 / 0.308         0.089 / 0.595         0.089 / 0.595         0.089 / 0.595       ms
[90.155s][info][gc,stats    ]    Subphase: Concurrent Roots CodeCache                    0.000 / 0.000         0.000 / 0.000         0.000 / 0.000         0.000 / 0.000       ms
[90.155s][info][gc,stats    ]    Subphase: Concurrent Roots JavaThreads                  5.398 / 5.467         5.570 / 9.172         5.570 / 9.172         5.570 / 9.172       ms
[90.155s][info][gc,stats    ]    Subphase: Concurrent Roots OopStorageSet                0.031 / 0.040         0.037 / 0.260         0.037 / 0.260         0.037 / 0.260       ms
[90.155s][info][gc,stats    ]    Subphase: Concurrent Weak Roots OopStorageSet           0.156 / 0.164         0.201 / 0.345         0.201 / 0.345         0.201 / 0.345       ms
[90.155s][info][gc,stats    ]    Subphase: Pause Mark Try Complete                       0.000 / 0.000         0.002 / 0.003         0.002 / 0.003         0.002 / 0.003       ms
[90.155s][info][gc,stats    ]      System: Java Threads                                    276 / 277             187 / 280             187 / 280             187 / 280         threads
[90.155s][info][gc,stats    ] =========================================================================================================================================================
[91.326s][info][gc,start    ] GC(16) Garbage Collection (System.gc())
[91.326s][info][gc,task     ] GC(16) Using 12 workers
[91.327s][info][gc,phases   ] GC(16) Pause Mark Start 0.019ms
[91.394s][info][gc,phases   ] GC(16) Concurrent Mark 67.400ms
[91.394s][info][gc,phases   ] GC(16) Pause Mark End 0.025ms
[91.394s][info][gc,phases   ] GC(16) Concurrent Mark Free 0.001ms
[91.397s][info][gc,phases   ] GC(16) Concurrent Process Non-Strong References 2.365ms
[91.397s][info][gc,phases   ] GC(16) Concurrent Reset Relocation Set 0.008ms
[91.402s][info][gc,phases   ] GC(16) Concurrent Select Relocation Set 5.715ms
[91.403s][info][gc,phases   ] GC(16) Pause Relocate Start 0.010ms
[91.405s][info][gc,phases   ] GC(16) Concurrent Relocate 2.730ms
[91.405s][info][gc,load     ] GC(16) Load: 0.00/0.00/0.00
[91.405s][info][gc,mmu      ] GC(16) MMU: 2ms/96.5%, 5ms/98.6%, 10ms/99.3%, 20ms/99.6%, 50ms/99.8%, 100ms/99.9%
[91.405s][info][gc,marking  ] GC(16) Mark: 8 stripe(s), 1 proactive flush(es), 1 terminate flush(es), 0 completion(s), 0 continuation(s) 
[91.405s][info][gc,marking  ] GC(16) Mark Stack Usage: 32M
[91.406s][info][gc,nmethod  ] GC(16) NMethods: 10507 registered, 148 unregistered
[91.406s][info][gc,metaspace] GC(16) Metaspace: 65M used, 66M committed, 1088M reserved
[91.406s][info][gc,ref      ] GC(16) Soft: 4946 encountered, 0 discovered, 0 enqueued
[91.406s][info][gc,ref      ] GC(16) Weak: 6968 encountered, 2093 discovered, 501 enqueued
[91.406s][info][gc,ref      ] GC(16) Final: 234 encountered, 6 discovered, 0 enqueued
[91.406s][info][gc,ref      ] GC(16) Phantom: 616 encountered, 515 discovered, 0 enqueued
[91.406s][info][gc,reloc    ] GC(16) Small Pages: 3686 / 7372M, Empty: 7020M, Relocated: 5M, In-Place: 0
[91.406s][info][gc,reloc    ] GC(16) Medium Pages: 13 / 416M, Empty: 384M, Relocated: 0M, In-Place: 0
[91.406s][info][gc,reloc    ] GC(16) Large Pages: 84 / 552M, Empty: 552M, Relocated: 0M, In-Place: 0
[91.406s][info][gc,reloc    ] GC(16) Forwarding Usage: 2M
[91.406s][info][gc,heap     ] GC(16) Min Capacity: 8M(0%)
[91.406s][info][gc,heap     ] GC(16) Max Capacity: 30718M(100%)
[91.406s][info][gc,heap     ] GC(16) Soft Max Capacity: 30718M(100%)
[91.406s][info][gc,heap     ] GC(16)                Mark Start          Mark End        Relocate Start      Relocate End           High               Low         
[91.406s][info][gc,heap     ] GC(16)  Capacity:     8456M (28%)        8456M (28%)        8456M (28%)        8456M (28%)        8456M (28%)        8456M (28%)    
[91.406s][info][gc,heap     ] GC(16)      Free:    22378M (73%)       22376M (73%)       30298M (99%)       30450M (99%)       30450M (99%)       22376M (73%)    
[91.406s][info][gc,heap     ] GC(16)      Used:     8340M (27%)        8342M (27%)         420M (1%)          268M (1%)         8342M (27%)         268M (1%)     
[91.406s][info][gc,heap     ] GC(16)      Live:         -               170M (1%)          170M (1%)          170M (1%)             -                  -          
[91.406s][info][gc,heap     ] GC(16) Allocated:         -                 2M (0%)           36M (0%)           35M (0%)             -                  -          
[91.406s][info][gc,heap     ] GC(16)   Garbage:         -              8169M (27%)         213M (1%)           61M (0%)             -                  -          
[91.406s][info][gc,heap     ] GC(16) Reclaimed:         -                  -              7956M (26%)        8107M (26%)            -                  -          
[91.406s][info][gc          ] GC(16) Garbage Collection (System.gc()) 8340M(27%)->268M(1%)
[97.174s][info][gc,start    ] GC(17) Garbage Collection (System.gc())
[97.174s][info][gc,task     ] GC(17) Using 12 workers
[97.174s][info][gc,phases   ] GC(17) Pause Mark Start 0.017ms
[97.248s][info][gc,phases   ] GC(17) Concurrent Mark 73.341ms
[97.248s][info][gc,phases   ] GC(17) Pause Mark End 0.030ms
[97.248s][info][gc,phases   ] GC(17) Concurrent Mark Free 0.001ms
[97.251s][info][gc,phases   ] GC(17) Concurrent Process Non-Strong References 3.239ms
[97.251s][info][gc,phases   ] GC(17) Concurrent Reset Relocation Set 0.012ms
[97.261s][info][gc,phases   ] GC(17) Concurrent Select Relocation Set 9.822ms
[97.261s][info][gc,phases   ] GC(17) Pause Relocate Start 0.010ms
[97.266s][info][gc,phases   ] GC(17) Concurrent Relocate 4.989ms
[97.267s][info][gc,load     ] GC(17) Load: 0.00/0.00/0.00
[97.267s][info][gc,mmu      ] GC(17) MMU: 2ms/96.5%, 5ms/98.6%, 10ms/99.3%, 20ms/99.6%, 50ms/99.8%, 100ms/99.9%
[97.267s][info][gc,marking  ] GC(17) Mark: 8 stripe(s), 2 proactive flush(es), 1 terminate flush(es), 0 completion(s), 0 continuation(s) 
[97.267s][info][gc,marking  ] GC(17) Mark Stack Usage: 32M
[97.267s][info][gc,nmethod  ] GC(17) NMethods: 10843 registered, 177 unregistered
[97.267s][info][gc,metaspace] GC(17) Metaspace: 66M used, 67M committed, 1088M reserved
[97.267s][info][gc,ref      ] GC(17) Soft: 4946 encountered, 0 discovered, 0 enqueued
[97.267s][info][gc,ref      ] GC(17) Weak: 6966 encountered, 1197 discovered, 496 enqueued
[97.267s][info][gc,ref      ] GC(17) Final: 234 encountered, 0 discovered, 0 enqueued
[97.267s][info][gc,ref      ] GC(17) Phantom: 616 encountered, 425 discovered, 0 enqueued
[97.267s][info][gc,reloc    ] GC(17) Small Pages: 3687 / 7374M, Empty: 7040M, Relocated: 6M, In-Place: 0
[97.267s][info][gc,reloc    ] GC(17) Medium Pages: 13 / 416M, Empty: 384M, Relocated: 0M, In-Place: 0
[97.267s][info][gc,reloc    ] GC(17) Large Pages: 84 / 556M, Empty: 556M, Relocated: 0M, In-Place: 0
[97.267s][info][gc,reloc    ] GC(17) Forwarding Usage: 3M
[97.267s][info][gc,heap     ] GC(17) Min Capacity: 8M(0%)
[97.267s][info][gc,heap     ] GC(17) Max Capacity: 30718M(100%)
[97.267s][info][gc,heap     ] GC(17) Soft Max Capacity: 30718M(100%)
[97.267s][info][gc,heap     ] GC(17)                Mark Start          Mark End        Relocate Start      Relocate End           High               Low         
[97.267s][info][gc,heap     ] GC(17)  Capacity:     8456M (28%)        8456M (28%)        8456M (28%)        8456M (28%)        8456M (28%)        8456M (28%)    
[97.267s][info][gc,heap     ] GC(17)      Free:    22372M (73%)       22370M (73%)       30322M (99%)       30452M (99%)       30452M (99%)       22368M (73%)    
[97.267s][info][gc,heap     ] GC(17)      Used:     8346M (27%)        8348M (27%)         396M (1%)          266M (1%)         8350M (27%)         266M (1%)     
[97.267s][info][gc,heap     ] GC(17)      Live:         -               170M (1%)          170M (1%)          170M (1%)             -                  -          
[97.267s][info][gc,heap     ] GC(17) Allocated:         -                 2M (0%)           30M (0%)           35M (0%)             -                  -          
[97.267s][info][gc,heap     ] GC(17)   Garbage:         -              8175M (27%)         195M (1%)           59M (0%)             -                  -          
[97.267s][info][gc,heap     ] GC(17) Reclaimed:         -                  -              7980M (26%)        8115M (26%)            -                  -          
[97.267s][info][gc          ] GC(17) Garbage Collection (System.gc()) 8346M(27%)->266M(1%)
[100.157s][info][gc,stats    ] === Garbage Collection Statistics =======================================================================================================================
[100.157s][info][gc,stats    ]                                                              Last 10s              Last 10m              Last 10h                Total
[100.157s][info][gc,stats    ]                                                              Avg / Max             Avg / Max             Avg / Max             Avg / Max
[100.157s][info][gc,stats    ]   Collector: Garbage Collection Cycle                     85.956 / 92.696      113.620 / 689.195     113.620 / 689.195     113.620 / 689.195     ms
[100.157s][info][gc,stats    ]  Contention: Mark Segment Reset Contention                     2 / 13                1 / 18                1 / 18                1 / 18          ops/s
[100.157s][info][gc,stats    ]  Contention: Mark SeqNum Reset Contention                      0 / 1                 0 / 5                 0 / 5                 0 / 5           ops/s
[100.157s][info][gc,stats    ]    Critical: Allocation Stall                                  0 / 0                 0 / 0                 0 / 0                 0 / 0           ops/s
[100.157s][info][gc,stats    ]    Critical: Allocation Stall                              0.000 / 0.000         0.000 / 0.000         0.000 / 0.000         0.000 / 0.000       ms
[100.157s][info][gc,stats    ]    Critical: GC Locker Stall                                   0 / 0                 0 / 2                 0 / 2                 0 / 2           ops/s
[100.158s][info][gc,stats    ]    Critical: GC Locker Stall                               0.000 / 0.000         0.001 / 0.002         0.001 / 0.002         0.001 / 0.002       ms
[100.158s][info][gc,stats    ]    Critical: Relocation Stall                                  0 / 0                 0 / 0                 0 / 0                 0 / 0           ops/s
[100.158s][info][gc,stats    ]    Critical: Relocation Stall                              0.000 / 0.000         0.000 / 0.000         0.000 / 0.000         0.000 / 0.000       ms
[100.158s][info][gc,stats    ]      Memory: Allocation Rate                                1494 / 2072           1187 / 2180           1187 / 2180           1187 / 2180        MB/s
[100.158s][info][gc,stats    ]      Memory: Defragment                                        0 / 0                 1 / 87                1 / 87                1 / 87          ops/s
[100.158s][info][gc,stats    ]      Memory: Out Of Memory                                     0 / 0                 0 / 0                 0 / 0                 0 / 0           ops/s
[100.158s][info][gc,stats    ]      Memory: Page Cache Flush                                  0 / 0                 2 / 174               2 / 174               2 / 174         MB/s
[100.158s][info][gc,stats    ]      Memory: Page Cache Hit L1                               681 / 985             507 / 1045            507 / 1045            507 / 1045        ops/s
[100.158s][info][gc,stats    ]      Memory: Page Cache Hit L2                                 0 / 0                 0 / 0                 0 / 0                 0 / 0           ops/s
[100.158s][info][gc,stats    ]      Memory: Page Cache Hit L3                                 0 / 0                11 / 565              11 / 565              11 / 565         ops/s
[100.158s][info][gc,stats    ]      Memory: Page Cache Miss                                   0 / 0                26 / 607              26 / 607              26 / 607         ops/s
[100.158s][info][gc,stats    ]      Memory: Uncommit                                          0 / 0                 0 / 0                 0 / 0                 0 / 0           MB/s
[100.158s][info][gc,stats    ]      Memory: Undo Object Allocation Failed                     0 / 0                 0 / 0                 0 / 0                 0 / 0           ops/s
[100.158s][info][gc,stats    ]      Memory: Undo Object Allocation Succeeded                  0 / 0                 0 / 3                 0 / 3                 0 / 3           ops/s
[100.158s][info][gc,stats    ]      Memory: Undo Page Allocation                              0 / 0                 0 / 3                 0 / 3                 0 / 3           ops/s
[100.158s][info][gc,stats    ]       Phase: Concurrent Mark                              70.370 / 73.341       85.494 / 499.341      85.494 / 499.341      85.494 / 499.341     ms
[100.158s][info][gc,stats    ]       Phase: Concurrent Mark Continue                      0.000 / 0.000         0.000 / 0.000         0.000 / 0.000         0.000 / 0.000       ms
[100.158s][info][gc,stats    ]       Phase: Concurrent Mark Free                          0.001 / 0.001         0.001 / 0.002         0.001 / 0.002         0.001 / 0.002       ms
[100.158s][info][gc,stats    ]       Phase: Concurrent Process Non-Strong References      2.802 / 3.239         3.879 / 12.529        3.879 / 12.529        3.879 / 12.529      ms
[100.158s][info][gc,stats    ]       Phase: Concurrent Relocate                           3.860 / 4.989        11.270 / 112.739      11.270 / 112.739      11.270 / 112.739     ms
[100.158s][info][gc,stats    ]       Phase: Concurrent Reset Relocation Set               0.010 / 0.012         0.038 / 0.513         0.038 / 0.513         0.038 / 0.513       ms
[100.158s][info][gc,stats    ]       Phase: Concurrent Select Relocation Set              7.768 / 9.822        11.819 / 65.401       11.819 / 65.401       11.819 / 65.401      ms
[100.158s][info][gc,stats    ]       Phase: Pause Mark End                                0.028 / 0.030         0.029 / 0.071         0.029 / 0.071         0.029 / 0.071       ms
[100.158s][info][gc,stats    ]       Phase: Pause Mark Start                              0.018 / 0.019         0.017 / 0.020         0.017 / 0.020         0.017 / 0.020       ms
[100.158s][info][gc,stats    ]       Phase: Pause Relocate Start                          0.010 / 0.010         0.010 / 0.012         0.010 / 0.012         0.010 / 0.012       ms
[100.158s][info][gc,stats    ]    Subphase: Concurrent Classes Purge                      0.121 / 0.154         0.435 / 1.461         0.435 / 1.461         0.435 / 1.461       ms
[100.158s][info][gc,stats    ]    Subphase: Concurrent Classes Unlink                     2.108 / 2.437         2.919 / 10.851        2.919 / 10.851        2.919 / 10.851      ms
[100.158s][info][gc,stats    ]    Subphase: Concurrent Mark                              57.431 / 68.200       77.513 / 494.793      77.513 / 494.793      77.513 / 494.793     ms
[100.159s][info][gc,stats    ]    Subphase: Concurrent Mark Try Flush                     0.131 / 0.226         0.111 / 0.590         0.111 / 0.590         0.111 / 0.590       ms
[100.159s][info][gc,stats    ]    Subphase: Concurrent Mark Try Terminate                 6.589 / 16.299        7.635 / 16.299        7.635 / 16.299        7.635 / 16.299      ms
[100.159s][info][gc,stats    ]    Subphase: Concurrent References Enqueue                 0.004 / 0.004         0.003 / 0.004         0.003 / 0.004         0.003 / 0.004       ms
[100.159s][info][gc,stats    ]    Subphase: Concurrent References Process                 0.081 / 0.082         0.097 / 0.209         0.097 / 0.209         0.097 / 0.209       ms
[100.159s][info][gc,stats    ]    Subphase: Concurrent Roots ClassLoaderDataGraph         0.095 / 0.311         0.089 / 0.595         0.089 / 0.595         0.089 / 0.595       ms
[100.159s][info][gc,stats    ]    Subphase: Concurrent Roots CodeCache                    0.000 / 0.000         0.000 / 0.000         0.000 / 0.000         0.000 / 0.000       ms
[100.159s][info][gc,stats    ]    Subphase: Concurrent Roots JavaThreads                  5.013 / 5.168         5.507 / 9.172         5.507 / 9.172         5.507 / 9.172       ms
[100.159s][info][gc,stats    ]    Subphase: Concurrent Roots OopStorageSet                0.033 / 0.043         0.036 / 0.260         0.036 / 0.260         0.036 / 0.260       ms
[100.159s][info][gc,stats    ]    Subphase: Concurrent Weak Roots OopStorageSet           0.183 / 0.227         0.199 / 0.345         0.199 / 0.345         0.199 / 0.345       ms
[100.159s][info][gc,stats    ]    Subphase: Pause Mark Try Complete                       0.000 / 0.000         0.002 / 0.003         0.002 / 0.003         0.002 / 0.003       ms
[100.159s][info][gc,stats    ]      System: Java Threads                                    277 / 279             197 / 280             197 / 280             197 / 280         threads
[100.159s][info][gc,stats    ] =========================================================================================================================================================
[103.005s][info][gc,start    ] GC(18) Garbage Collection (System.gc())
[103.005s][info][gc,task     ] GC(18) Using 12 workers
[103.005s][info][gc,phases   ] GC(18) Pause Mark Start 0.019ms
[103.072s][info][gc,phases   ] GC(18) Concurrent Mark 66.399ms
[103.072s][info][gc,phases   ] GC(18) Pause Mark End 0.022ms
[103.072s][info][gc,phases   ] GC(18) Concurrent Mark Free 0.002ms
[103.075s][info][gc,phases   ] GC(18) Concurrent Process Non-Strong References 2.489ms
[103.075s][info][gc,phases   ] GC(18) Concurrent Reset Relocation Set 0.010ms
[103.079s][info][gc,phases   ] GC(18) Concurrent Select Relocation Set 4.523ms
[103.080s][info][gc,phases   ] GC(18) Pause Relocate Start 0.010ms
[103.082s][info][gc,phases   ] GC(18) Concurrent Relocate 2.391ms
[103.082s][info][gc,load     ] GC(18) Load: 0.00/0.00/0.00
[103.082s][info][gc,mmu      ] GC(18) MMU: 2ms/96.5%, 5ms/98.6%, 10ms/99.3%, 20ms/99.6%, 50ms/99.8%, 100ms/99.9%
[103.082s][info][gc,marking  ] GC(18) Mark: 8 stripe(s), 1 proactive flush(es), 1 terminate flush(es), 0 completion(s), 0 continuation(s) 
[103.082s][info][gc,marking  ] GC(18) Mark Stack Usage: 32M
[103.082s][info][gc,nmethod  ] GC(18) NMethods: 10956 registered, 208 unregistered
[103.082s][info][gc,metaspace] GC(18) Metaspace: 66M used, 67M committed, 1088M reserved
[103.082s][info][gc,ref      ] GC(18) Soft: 4946 encountered, 0 discovered, 0 enqueued
[103.082s][info][gc,ref      ] GC(18) Weak: 6958 encountered, 2655 discovered, 494 enqueued
[103.082s][info][gc,ref      ] GC(18) Final: 234 encountered, 3 discovered, 0 enqueued
[103.082s][info][gc,ref      ] GC(18) Phantom: 616 encountered, 409 discovered, 0 enqueued
[103.082s][info][gc,reloc    ] GC(18) Small Pages: 3684 / 7368M, Empty: 7024M, Relocated: 6M, In-Place: 0
[103.082s][info][gc,reloc    ] GC(18) Medium Pages: 13 / 416M, Empty: 384M, Relocated: 0M, In-Place: 0
[103.082s][info][gc,reloc    ] GC(18) Large Pages: 84 / 556M, Empty: 556M, Relocated: 0M, In-Place: 0
[103.082s][info][gc,reloc    ] GC(18) Forwarding Usage: 3M
[103.082s][info][gc,heap     ] GC(18) Min Capacity: 8M(0%)
[103.082s][info][gc,heap     ] GC(18) Max Capacity: 30718M(100%)
[103.083s][info][gc,heap     ] GC(18) Soft Max Capacity: 30718M(100%)
[103.083s][info][gc,heap     ] GC(18)                Mark Start          Mark End        Relocate Start      Relocate End           High               Low         
[103.083s][info][gc,heap     ] GC(18)  Capacity:     8456M (28%)        8456M (28%)        8456M (28%)        8456M (28%)        8456M (28%)        8456M (28%)    
[103.083s][info][gc,heap     ] GC(18)      Free:    22378M (73%)       22378M (73%)       30304M (99%)       30450M (99%)       30450M (99%)       22376M (73%)    
[103.083s][info][gc,heap     ] GC(18)      Used:     8340M (27%)        8340M (27%)         414M (1%)          268M (1%)         8342M (27%)         268M (1%)     
[103.083s][info][gc,heap     ] GC(18)      Live:         -               171M (1%)          171M (1%)          171M (1%)             -                  -          
[103.083s][info][gc,heap     ] GC(18) Allocated:         -                 0M (0%)           38M (0%)           38M (0%)             -                  -          
[103.083s][info][gc,heap     ] GC(18)   Garbage:         -              8168M (27%)         204M (1%)           58M (0%)             -                  -          
[103.083s][info][gc,heap     ] GC(18) Reclaimed:         -                  -              7964M (26%)        8110M (26%)            -                  -          
[103.083s][info][gc          ] GC(18) Garbage Collection (System.gc()) 8340M(27%)->268M(1%)
[108.750s][info][gc,start    ] GC(19) Garbage Collection (System.gc())
[108.750s][info][gc,task     ] GC(19) Using 12 workers
[108.751s][info][gc,phases   ] GC(19) Pause Mark Start 0.019ms
[108.818s][info][gc,phases   ] GC(19) Concurrent Mark 67.145ms
[108.818s][info][gc,phases   ] GC(19) Pause Mark End 0.030ms
[108.818s][info][gc,phases   ] GC(19) Concurrent Mark Free 0.002ms
[108.821s][info][gc,phases   ] GC(19) Concurrent Process Non-Strong References 2.586ms
[108.821s][info][gc,phases   ] GC(19) Concurrent Reset Relocation Set 0.012ms
[108.830s][info][gc,phases   ] GC(19) Concurrent Select Relocation Set 9.437ms
[108.830s][info][gc,phases   ] GC(19) Pause Relocate Start 0.008ms
[108.833s][info][gc,phases   ] GC(19) Concurrent Relocate 2.705ms
[108.833s][info][gc,load     ] GC(19) Load: 0.00/0.00/0.00
[108.833s][info][gc,mmu      ] GC(19) MMU: 2ms/96.5%, 5ms/98.6%, 10ms/99.3%, 20ms/99.6%, 50ms/99.8%, 100ms/99.9%
[108.833s][info][gc,marking  ] GC(19) Mark: 8 stripe(s), 2 proactive flush(es), 1 terminate flush(es), 0 completion(s), 0 continuation(s) 
[108.833s][info][gc,marking  ] GC(19) Mark Stack Usage: 32M
[108.833s][info][gc,nmethod  ] GC(19) NMethods: 11046 registered, 233 unregistered
[108.834s][info][gc,metaspace] GC(19) Metaspace: 66M used, 67M committed, 1088M reserved
[108.834s][info][gc,ref      ] GC(19) Soft: 4946 encountered, 0 discovered, 0 enqueued
[108.834s][info][gc,ref      ] GC(19) Weak: 6968 encountered, 1068 discovered, 500 enqueued
[108.834s][info][gc,ref      ] GC(19) Final: 234 encountered, 1 discovered, 0 enqueued
[108.834s][info][gc,ref      ] GC(19) Phantom: 616 encountered, 465 discovered, 0 enqueued
[108.834s][info][gc,reloc    ] GC(19) Small Pages: 3685 / 7370M, Empty: 7012M, Relocated: 6M, In-Place: 0
[108.834s][info][gc,reloc    ] GC(19) Medium Pages: 13 / 416M, Empty: 384M, Relocated: 0M, In-Place: 0
[108.834s][info][gc,reloc    ] GC(19) Large Pages: 87 / 574M, Empty: 574M, Relocated: 0M, In-Place: 0
[108.834s][info][gc,reloc    ] GC(19) Forwarding Usage: 3M
[108.834s][info][gc,heap     ] GC(19) Min Capacity: 8M(0%)
[108.834s][info][gc,heap     ] GC(19) Max Capacity: 30718M(100%)
[108.834s][info][gc,heap     ] GC(19) Soft Max Capacity: 30718M(100%)
[108.834s][info][gc,heap     ] GC(19)                Mark Start          Mark End        Relocate Start      Relocate End           High               Low         
[108.834s][info][gc,heap     ] GC(19)  Capacity:     8456M (28%)        8456M (28%)        8456M (28%)        8456M (28%)        8456M (28%)        8456M (28%)    
[108.834s][info][gc,heap     ] GC(19)      Free:    22358M (73%)       22356M (73%)       30288M (99%)       30446M (99%)       30446M (99%)       22356M (73%)    
[108.834s][info][gc,heap     ] GC(19)      Used:     8360M (27%)        8362M (27%)         430M (1%)          272M (1%)         8362M (27%)         272M (1%)     
[108.834s][info][gc,heap     ] GC(19)      Live:         -               171M (1%)          171M (1%)          171M (1%)             -                  -          
[108.834s][info][gc,heap     ] GC(19) Allocated:         -                 2M (0%)           40M (0%)           41M (0%)             -                  -          
[108.834s][info][gc,heap     ] GC(19)   Garbage:         -              8188M (27%)         218M (1%)           58M (0%)             -                  -          
[108.834s][info][gc,heap     ] GC(19) Reclaimed:         -                  -              7970M (26%)        8129M (26%)            -                  -          
[108.834s][info][gc          ] GC(19) Garbage Collection (System.gc()) 8360M(27%)->272M(1%)
[110.154s][info][gc,stats    ] === Garbage Collection Statistics =======================================================================================================================
[110.154s][info][gc,stats    ]                                                              Last 10s              Last 10m              Last 10h                Total
[110.154s][info][gc,stats    ]                                                              Avg / Max             Avg / Max             Avg / Max             Avg / Max
[110.154s][info][gc,stats    ]   Collector: Garbage Collection Cycle                     79.995 / 83.090      110.257 / 689.195     110.257 / 689.195     110.257 / 689.195     ms
[110.154s][info][gc,stats    ]  Contention: Mark Segment Reset Contention                     2 / 14                1 / 18                1 / 18                1 / 18          ops/s
[110.154s][info][gc,stats    ]  Contention: Mark SeqNum Reset Contention                      0 / 3                 0 / 5                 0 / 5                 0 / 5           ops/s
[110.154s][info][gc,stats    ]    Critical: Allocation Stall                                  0 / 0                 0 / 0                 0 / 0                 0 / 0           ops/s
[110.154s][info][gc,stats    ]    Critical: Allocation Stall                              0.000 / 0.000         0.000 / 0.000         0.000 / 0.000         0.000 / 0.000       ms
[110.154s][info][gc,stats    ]    Critical: GC Locker Stall                                   0 / 0                 0 / 2                 0 / 2                 0 / 2           ops/s
[110.154s][info][gc,stats    ]    Critical: GC Locker Stall                               0.000 / 0.000         0.001 / 0.002         0.001 / 0.002         0.001 / 0.002       ms
[110.154s][info][gc,stats    ]    Critical: Relocation Stall                                  0 / 0                 0 / 0                 0 / 0                 0 / 0           ops/s
[110.154s][info][gc,stats    ]    Critical: Relocation Stall                              0.000 / 0.000         0.000 / 0.000         0.000 / 0.000         0.000 / 0.000       ms
[110.154s][info][gc,stats    ]      Memory: Allocation Rate                                1385 / 2164           1205 / 2180           1205 / 2180           1205 / 2180        MB/s
[110.154s][info][gc,stats    ]      Memory: Defragment                                        0 / 0                 1 / 87                1 / 87                1 / 87          ops/s
[110.154s][info][gc,stats    ]      Memory: Out Of Memory                                     0 / 0                 0 / 0                 0 / 0                 0 / 0           ops/s
[110.154s][info][gc,stats    ]      Memory: Page Cache Flush                                  0 / 0                 2 / 174               2 / 174               2 / 174         MB/s
[110.154s][info][gc,stats    ]      Memory: Page Cache Hit L1                               626 / 1035            518 / 1045            518 / 1045            518 / 1045        ops/s
[110.154s][info][gc,stats    ]      Memory: Page Cache Hit L2                                 0 / 0                 0 / 0                 0 / 0                 0 / 0           ops/s
[110.154s][info][gc,stats    ]      Memory: Page Cache Hit L3                                 0 / 0                10 / 565              10 / 565              10 / 565         ops/s
[110.154s][info][gc,stats    ]      Memory: Page Cache Miss                                   0 / 0                24 / 607              24 / 607              24 / 607         ops/s
[110.154s][info][gc,stats    ]      Memory: Uncommit                                          0 / 0                 0 / 0                 0 / 0                 0 / 0           MB/s
[110.154s][info][gc,stats    ]      Memory: Undo Object Allocation Failed                     0 / 0                 0 / 0                 0 / 0                 0 / 0           ops/s
[110.154s][info][gc,stats    ]      Memory: Undo Object Allocation Succeeded                  0 / 0                 0 / 3                 0 / 3                 0 / 3           ops/s
[110.154s][info][gc,stats    ]      Memory: Undo Page Allocation                              0 / 0                 0 / 3                 0 / 3                 0 / 3           ops/s
[110.154s][info][gc,stats    ]       Phase: Concurrent Mark                              66.772 / 67.145       83.622 / 499.341      83.622 / 499.341      83.622 / 499.341     ms
[110.155s][info][gc,stats    ]       Phase: Concurrent Mark Continue                      0.000 / 0.000         0.000 / 0.000         0.000 / 0.000         0.000 / 0.000       ms
[110.155s][info][gc,stats    ]       Phase: Concurrent Mark Free                          0.002 / 0.002         0.001 / 0.002         0.001 / 0.002         0.001 / 0.002       ms
[110.155s][info][gc,stats    ]       Phase: Concurrent Process Non-Strong References      2.538 / 2.586         3.745 / 12.529        3.745 / 12.529        3.745 / 12.529      ms
[110.155s][info][gc,stats    ]       Phase: Concurrent Relocate                           2.548 / 2.705        10.398 / 112.739      10.398 / 112.739      10.398 / 112.739     ms
[110.155s][info][gc,stats    ]       Phase: Concurrent Reset Relocation Set               0.011 / 0.012         0.035 / 0.513         0.035 / 0.513         0.035 / 0.513       ms
[110.155s][info][gc,stats    ]       Phase: Concurrent Select Relocation Set              6.980 / 9.437        11.335 / 65.401       11.335 / 65.401       11.335 / 65.401      ms
[110.155s][info][gc,stats    ]       Phase: Pause Mark End                                0.026 / 0.030         0.028 / 0.071         0.028 / 0.071         0.028 / 0.071       ms
[110.155s][info][gc,stats    ]       Phase: Pause Mark Start                              0.019 / 0.019         0.017 / 0.020         0.017 / 0.020         0.017 / 0.020       ms
[110.155s][info][gc,stats    ]       Phase: Pause Relocate Start                          0.009 / 0.010         0.010 / 0.012         0.010 / 0.012         0.010 / 0.012       ms
[110.155s][info][gc,stats    ]    Subphase: Concurrent Classes Purge                      0.149 / 0.159         0.407 / 1.461         0.407 / 1.461         0.407 / 1.461       ms
[110.155s][info][gc,stats    ]    Subphase: Concurrent Classes Unlink                     1.863 / 1.893         2.814 / 10.851        2.814 / 10.851        2.814 / 10.851      ms
[110.155s][info][gc,stats    ]    Subphase: Concurrent Mark                              61.061 / 61.846       75.868 / 494.793      75.868 / 494.793      75.868 / 494.793     ms
[110.155s][info][gc,stats    ]    Subphase: Concurrent Mark Try Flush                     0.143 / 0.230         0.114 / 0.590         0.114 / 0.590         0.114 / 0.590       ms
[110.155s][info][gc,stats    ]    Subphase: Concurrent Mark Try Terminate                 6.567 / 9.780         7.501 / 16.299        7.501 / 16.299        7.501 / 16.299      ms
[110.155s][info][gc,stats    ]    Subphase: Concurrent References Enqueue                 0.004 / 0.004         0.003 / 0.004         0.003 / 0.004         0.003 / 0.004       ms
[110.155s][info][gc,stats    ]    Subphase: Concurrent References Process                 0.113 / 0.120         0.098 / 0.209         0.098 / 0.209         0.098 / 0.209       ms
[110.155s][info][gc,stats    ]    Subphase: Concurrent Roots ClassLoaderDataGraph         0.090 / 0.307         0.089 / 0.595         0.089 / 0.595         0.089 / 0.595       ms
[110.155s][info][gc,stats    ]    Subphase: Concurrent Roots CodeCache                    0.000 / 0.000         0.000 / 0.000         0.000 / 0.000         0.000 / 0.000       ms
[110.155s][info][gc,stats    ]    Subphase: Concurrent Roots JavaThreads                  4.758 / 5.098         5.431 / 9.172         5.431 / 9.172         5.431 / 9.172       ms
[110.155s][info][gc,stats    ]    Subphase: Concurrent Roots OopStorageSet                0.034 / 0.050         0.036 / 0.260         0.036 / 0.260         0.036 / 0.260       ms
[110.155s][info][gc,stats    ]    Subphase: Concurrent Weak Roots OopStorageSet           0.144 / 0.158         0.193 / 0.345         0.193 / 0.345         0.193 / 0.345       ms
[110.155s][info][gc,stats    ]    Subphase: Pause Mark Try Complete                       0.000 / 0.000         0.002 / 0.003         0.002 / 0.003         0.002 / 0.003       ms
[110.155s][info][gc,stats    ]      System: Java Threads                                    275 / 277             205 / 280             205 / 280             205 / 280         threads
[110.155s][info][gc,stats    ] =========================================================================================================================================================
[114.467s][info][gc,start    ] GC(20) Garbage Collection (System.gc())
[114.467s][info][gc,task     ] GC(20) Using 12 workers
[114.468s][info][gc,phases   ] GC(20) Pause Mark Start 0.017ms
[114.541s][info][gc,phases   ] GC(20) Concurrent Mark 72.890ms
[114.541s][info][gc,phases   ] GC(20) Pause Mark End 0.031ms
[114.541s][info][gc,phases   ] GC(20) Concurrent Mark Free 0.002ms
[114.544s][info][gc,phases   ] GC(20) Concurrent Process Non-Strong References 2.829ms
[114.544s][info][gc,phases   ] GC(20) Concurrent Reset Relocation Set 0.012ms
[114.553s][info][gc,phases   ] GC(20) Concurrent Select Relocation Set 8.630ms
[114.553s][info][gc,phases   ] GC(20) Pause Relocate Start 0.009ms
[114.559s][info][gc,phases   ] GC(20) Concurrent Relocate 6.274ms
[114.559s][info][gc,load     ] GC(20) Load: 0.00/0.00/0.00
[114.559s][info][gc,mmu      ] GC(20) MMU: 2ms/96.5%, 5ms/98.6%, 10ms/99.3%, 20ms/99.6%, 50ms/99.8%, 100ms/99.9%
[114.559s][info][gc,marking  ] GC(20) Mark: 8 stripe(s), 1 proactive flush(es), 1 terminate flush(es), 0 completion(s), 0 continuation(s) 
[114.559s][info][gc,marking  ] GC(20) Mark Stack Usage: 32M
[114.559s][info][gc,nmethod  ] GC(20) NMethods: 11301 registered, 29 unregistered
[114.559s][info][gc,metaspace] GC(20) Metaspace: 66M used, 67M committed, 1088M reserved
[114.559s][info][gc,ref      ] GC(20) Soft: 4946 encountered, 0 discovered, 0 enqueued
[114.559s][info][gc,ref      ] GC(20) Weak: 6964 encountered, 1482 discovered, 494 enqueued
[114.559s][info][gc,ref      ] GC(20) Final: 234 encountered, 3 discovered, 0 enqueued
[114.559s][info][gc,ref      ] GC(20) Phantom: 616 encountered, 410 discovered, 0 enqueued
[114.560s][info][gc,reloc    ] GC(20) Small Pages: 3684 / 7368M, Empty: 7024M, Relocated: 6M, In-Place: 0
[114.560s][info][gc,reloc    ] GC(20) Medium Pages: 13 / 416M, Empty: 384M, Relocated: 0M, In-Place: 0
[114.560s][info][gc,reloc    ] GC(20) Large Pages: 84 / 556M, Empty: 556M, Relocated: 0M, In-Place: 0
[114.560s][info][gc,reloc    ] GC(20) Forwarding Usage: 4M
[114.560s][info][gc,heap     ] GC(20) Min Capacity: 8M(0%)
[114.560s][info][gc,heap     ] GC(20) Max Capacity: 30718M(100%)
[114.560s][info][gc,heap     ] GC(20) Soft Max Capacity: 30718M(100%)
[114.560s][info][gc,heap     ] GC(20)                Mark Start          Mark End        Relocate Start      Relocate End           High               Low         
[114.560s][info][gc,heap     ] GC(20)  Capacity:     8456M (28%)        8456M (28%)        8456M (28%)        8456M (28%)        8456M (28%)        8456M (28%)    
[114.560s][info][gc,heap     ] GC(20)      Free:    22378M (73%)       22376M (73%)       30306M (99%)       30448M (99%)       30448M (99%)       22376M (73%)    
[114.560s][info][gc,heap     ] GC(20)      Used:     8340M (27%)        8342M (27%)         412M (1%)          270M (1%)         8342M (27%)         270M (1%)     
[114.560s][info][gc,heap     ] GC(20)      Live:         -               171M (1%)          171M (1%)          171M (1%)             -                  -          
[114.560s][info][gc,heap     ] GC(20) Allocated:         -                 2M (0%)           36M (0%)           39M (0%)             -                  -          
[114.560s][info][gc,heap     ] GC(20)   Garbage:         -              8168M (27%)         204M (1%)           58M (0%)             -                  -          
[114.560s][info][gc,heap     ] GC(20) Reclaimed:         -                  -              7964M (26%)        8109M (26%)            -                  -          
[114.560s][info][gc          ] GC(20) Garbage Collection (System.gc()) 8340M(27%)->270M(1%)
[120.162s][info][gc,stats    ] === Garbage Collection Statistics =======================================================================================================================
[120.162s][info][gc,stats    ]                                                              Last 10s              Last 10m              Last 10h                Total
[120.162s][info][gc,stats    ]                                                              Avg / Max             Avg / Max             Avg / Max             Avg / Max
[120.162s][info][gc,stats    ]   Collector: Garbage Collection Cycle                     91.807 / 91.807      109.379 / 689.195     109.379 / 689.195     109.379 / 689.195     ms
[120.162s][info][gc,stats    ]  Contention: Mark Segment Reset Contention                     1 / 13                1 / 18                1 / 18                1 / 18          ops/s
[120.162s][info][gc,stats    ]  Contention: Mark SeqNum Reset Contention                      0 / 0                 0 / 5                 0 / 5                 0 / 5           ops/s
[120.162s][info][gc,stats    ]    Critical: Allocation Stall                                  0 / 0                 0 / 0                 0 / 0                 0 / 0           ops/s
[120.162s][info][gc,stats    ]    Critical: Allocation Stall                              0.000 / 0.000         0.000 / 0.000         0.000 / 0.000         0.000 / 0.000       ms
[120.162s][info][gc,stats    ]    Critical: GC Locker Stall                                   0 / 0                 0 / 2                 0 / 2                 0 / 2           ops/s
[120.162s][info][gc,stats    ]    Critical: GC Locker Stall                               0.000 / 0.000         0.001 / 0.002         0.001 / 0.002         0.001 / 0.002       ms
[120.162s][info][gc,stats    ]    Critical: Relocation Stall                                  0 / 0                 0 / 0                 0 / 0                 0 / 0           ops/s
[120.162s][info][gc,stats    ]    Critical: Relocation Stall                              0.000 / 0.000         0.000 / 0.000         0.000 / 0.000         0.000 / 0.000       ms
[120.162s][info][gc,stats    ]      Memory: Allocation Rate                                1352 / 1964           1217 / 2180           1217 / 2180           1217 / 2180        MB/s
[120.162s][info][gc,stats    ]      Memory: Defragment                                        0 / 0                 1 / 87                1 / 87                1 / 87          ops/s
[120.162s][info][gc,stats    ]      Memory: Out Of Memory                                     0 / 0                 0 / 0                 0 / 0                 0 / 0           ops/s
[120.162s][info][gc,stats    ]      Memory: Page Cache Flush                                  0 / 0                 2 / 174               2 / 174               2 / 174         MB/s
[120.162s][info][gc,stats    ]      Memory: Page Cache Hit L1                               608 / 941             525 / 1045            525 / 1045            525 / 1045        ops/s
[120.162s][info][gc,stats    ]      Memory: Page Cache Hit L2                                 0 / 0                 0 / 0                 0 / 0                 0 / 0           ops/s
[120.162s][info][gc,stats    ]      Memory: Page Cache Hit L3                                 0 / 0                 9 / 565               9 / 565               9 / 565         ops/s
[120.163s][info][gc,stats    ]      Memory: Page Cache Miss                                   0 / 0                22 / 607              22 / 607              22 / 607         ops/s
[120.163s][info][gc,stats    ]      Memory: Uncommit                                          0 / 0                 0 / 0                 0 / 0                 0 / 0           MB/s
[120.163s][info][gc,stats    ]      Memory: Undo Object Allocation Failed                     0 / 0                 0 / 0                 0 / 0                 0 / 0           ops/s
[120.163s][info][gc,stats    ]      Memory: Undo Object Allocation Succeeded                  0 / 0                 0 / 3                 0 / 3                 0 / 3           ops/s
[120.163s][info][gc,stats    ]      Memory: Undo Page Allocation                              0 / 0                 0 / 3                 0 / 3                 0 / 3           ops/s
[120.163s][info][gc,stats    ]       Phase: Concurrent Mark                              72.890 / 72.890       83.111 / 499.341      83.111 / 499.341      83.111 / 499.341     ms
[120.163s][info][gc,stats    ]       Phase: Concurrent Mark Continue                      0.000 / 0.000         0.000 / 0.000         0.000 / 0.000         0.000 / 0.000       ms
[120.163s][info][gc,stats    ]       Phase: Concurrent Mark Free                          0.002 / 0.002         0.001 / 0.002         0.001 / 0.002         0.001 / 0.002       ms
[120.163s][info][gc,stats    ]       Phase: Concurrent Process Non-Strong References      2.829 / 2.829         3.701 / 12.529        3.701 / 12.529        3.701 / 12.529      ms
[120.163s][info][gc,stats    ]       Phase: Concurrent Relocate                           6.274 / 6.274        10.201 / 112.739      10.201 / 112.739      10.201 / 112.739     ms
[120.163s][info][gc,stats    ]       Phase: Concurrent Reset Relocation Set               0.012 / 0.012         0.034 / 0.513         0.034 / 0.513         0.034 / 0.513       ms
[120.163s][info][gc,stats    ]       Phase: Concurrent Select Relocation Set              8.630 / 8.630        11.206 / 65.401       11.206 / 65.401       11.206 / 65.401      ms
[120.163s][info][gc,stats    ]       Phase: Pause Mark End                                0.031 / 0.031         0.028 / 0.071         0.028 / 0.071         0.028 / 0.071       ms
[120.163s][info][gc,stats    ]       Phase: Pause Mark Start                              0.017 / 0.017         0.017 / 0.020         0.017 / 0.020         0.017 / 0.020       ms
[120.163s][info][gc,stats    ]       Phase: Pause Relocate Start                          0.009 / 0.009         0.010 / 0.012         0.010 / 0.012         0.010 / 0.012       ms
[120.163s][info][gc,stats    ]    Subphase: Concurrent Classes Purge                      0.147 / 0.147         0.394 / 1.461         0.394 / 1.461         0.394 / 1.461       ms
[120.163s][info][gc,stats    ]    Subphase: Concurrent Classes Unlink                     2.094 / 2.094         2.779 / 10.851        2.779 / 10.851        2.779 / 10.851      ms
[120.163s][info][gc,stats    ]    Subphase: Concurrent Mark                              67.257 / 68.356       75.458 / 494.793      75.458 / 494.793      75.458 / 494.793     ms
[120.163s][info][gc,stats    ]    Subphase: Concurrent Mark Try Flush                     0.145 / 0.223         0.115 / 0.590         0.115 / 0.590         0.115 / 0.590       ms
[120.163s][info][gc,stats    ]    Subphase: Concurrent Mark Try Terminate                11.307 / 13.367        7.701 / 16.299        7.701 / 16.299        7.701 / 16.299      ms
[120.163s][info][gc,stats    ]    Subphase: Concurrent References Enqueue                 0.005 / 0.005         0.003 / 0.005         0.003 / 0.005         0.003 / 0.005       ms
[120.163s][info][gc,stats    ]    Subphase: Concurrent References Process                 0.095 / 0.095         0.098 / 0.209         0.098 / 0.209         0.098 / 0.209       ms
[120.163s][info][gc,stats    ]    Subphase: Concurrent Roots ClassLoaderDataGraph         0.094 / 0.319         0.090 / 0.595         0.090 / 0.595         0.090 / 0.595       ms
[120.163s][info][gc,stats    ]    Subphase: Concurrent Roots CodeCache                    0.000 / 0.000         0.000 / 0.000         0.000 / 0.000         0.000 / 0.000       ms
[120.163s][info][gc,stats    ]    Subphase: Concurrent Roots JavaThreads                  4.292 / 4.326         5.376 / 9.172         5.376 / 9.172         5.376 / 9.172       ms
[120.163s][info][gc,stats    ]    Subphase: Concurrent Roots OopStorageSet                0.035 / 0.052         0.036 / 0.260         0.036 / 0.260         0.036 / 0.260       ms
[120.163s][info][gc,stats    ]    Subphase: Concurrent Weak Roots OopStorageSet           0.176 / 0.180         0.193 / 0.345         0.193 / 0.345         0.193 / 0.345       ms
[120.163s][info][gc,stats    ]    Subphase: Pause Mark Try Complete                       0.000 / 0.000         0.002 / 0.003         0.002 / 0.003         0.002 / 0.003       ms
[120.164s][info][gc,stats    ]      System: Java Threads                                    279 / 280             209 / 280             209 / 280             209 / 280         threads
[120.164s][info][gc,stats    ] =========================================================================================================================================================
[120.352s][info][gc,start    ] GC(21) Garbage Collection (System.gc())
[120.352s][info][gc,task     ] GC(21) Using 12 workers
[120.353s][info][gc,phases   ] GC(21) Pause Mark Start 0.019ms
[120.412s][info][gc,phases   ] GC(21) Concurrent Mark 59.014ms
[120.412s][info][gc,phases   ] GC(21) Pause Mark End 0.024ms
[120.412s][info][gc,phases   ] GC(21) Concurrent Mark Free 0.001ms
[120.415s][info][gc,phases   ] GC(21) Concurrent Process Non-Strong References 2.706ms
[120.415s][info][gc,phases   ] GC(21) Concurrent Reset Relocation Set 0.012ms
[120.419s][info][gc,phases   ] GC(21) Concurrent Select Relocation Set 4.716ms
[120.420s][info][gc,phases   ] GC(21) Pause Relocate Start 0.008ms
[120.422s][info][gc,phases   ] GC(21) Concurrent Relocate 2.477ms
[120.422s][info][gc,load     ] GC(21) Load: 0.00/0.00/0.00
[120.422s][info][gc,mmu      ] GC(21) MMU: 2ms/96.5%, 5ms/98.6%, 10ms/99.3%, 20ms/99.6%, 50ms/99.8%, 100ms/99.9%
[120.422s][info][gc,marking  ] GC(21) Mark: 8 stripe(s), 1 proactive flush(es), 1 terminate flush(es), 0 completion(s), 0 continuation(s) 
[120.422s][info][gc,marking  ] GC(21) Mark Stack Usage: 32M
[120.422s][info][gc,nmethod  ] GC(21) NMethods: 11396 registered, 51 unregistered
[120.422s][info][gc,metaspace] GC(21) Metaspace: 66M used, 67M committed, 1088M reserved
[120.422s][info][gc,ref      ] GC(21) Soft: 4946 encountered, 0 discovered, 0 enqueued
[120.422s][info][gc,ref      ] GC(21) Weak: 6967 encountered, 1676 discovered, 496 enqueued
[120.423s][info][gc,ref      ] GC(21) Final: 234 encountered, 2 discovered, 0 enqueued
[120.423s][info][gc,ref      ] GC(21) Phantom: 616 encountered, 576 discovered, 0 enqueued
[120.423s][info][gc,reloc    ] GC(21) Small Pages: 3684 / 7368M, Empty: 7018M, Relocated: 6M, In-Place: 0
[120.423s][info][gc,reloc    ] GC(21) Medium Pages: 13 / 416M, Empty: 384M, Relocated: 0M, In-Place: 0
[120.423s][info][gc,reloc    ] GC(21) Large Pages: 85 / 566M, Empty: 566M, Relocated: 0M, In-Place: 0
[120.423s][info][gc,reloc    ] GC(21) Forwarding Usage: 3M
[120.423s][info][gc,heap     ] GC(21) Min Capacity: 8M(0%)
[120.423s][info][gc,heap     ] GC(21) Max Capacity: 30718M(100%)
[120.423s][info][gc,heap     ] GC(21) Soft Max Capacity: 30718M(100%)
[120.423s][info][gc,heap     ] GC(21)                Mark Start          Mark End        Relocate Start      Relocate End           High               Low         
[120.423s][info][gc,heap     ] GC(21)  Capacity:     8456M (28%)        8456M (28%)        8456M (28%)        8456M (28%)        8456M (28%)        8456M (28%)    
[120.423s][info][gc,heap     ] GC(21)      Free:    22368M (73%)       22368M (73%)       30312M (99%)       30464M (99%)       30464M (99%)       22366M (73%)    
[120.423s][info][gc,heap     ] GC(21)      Used:     8350M (27%)        8350M (27%)         406M (1%)          254M (1%)         8352M (27%)         254M (1%)     
[120.423s][info][gc,heap     ] GC(21)      Live:         -               171M (1%)          171M (1%)          171M (1%)             -                  -          
[120.423s][info][gc,heap     ] GC(21) Allocated:         -                 0M (0%)           24M (0%)           23M (0%)             -                  -          
[120.423s][info][gc,heap     ] GC(21)   Garbage:         -              8178M (27%)         210M (1%)           58M (0%)             -                  -          
[120.423s][info][gc,heap     ] GC(21) Reclaimed:         -                  -              7968M (26%)        8119M (26%)            -                  -          
[120.423s][info][gc          ] GC(21) Garbage Collection (System.gc()) 8350M(27%)->254M(1%)
[126.535s][info][gc,start    ] GC(22) Garbage Collection (System.gc())
[126.535s][info][gc,task     ] GC(22) Using 12 workers
[126.535s][info][gc,phases   ] GC(22) Pause Mark Start 0.017ms
[126.598s][info][gc,phases   ] GC(22) Concurrent Mark 62.879ms
[126.598s][info][gc,phases   ] GC(22) Pause Mark End 0.022ms
[126.598s][info][gc,phases   ] GC(22) Concurrent Mark Free 0.002ms
[126.601s][info][gc,phases   ] GC(22) Concurrent Process Non-Strong References 2.659ms
[126.601s][info][gc,phases   ] GC(22) Concurrent Reset Relocation Set 0.011ms
[126.612s][info][gc,phases   ] GC(22) Concurrent Select Relocation Set 10.354ms
[126.612s][info][gc,phases   ] GC(22) Pause Relocate Start 0.009ms
[126.616s][info][gc,phases   ] GC(22) Concurrent Relocate 4.304ms
[126.616s][info][gc,load     ] GC(22) Load: 0.00/0.00/0.00
[126.616s][info][gc,mmu      ] GC(22) MMU: 2ms/96.5%, 5ms/98.6%, 10ms/99.3%, 20ms/99.6%, 50ms/99.8%, 100ms/99.9%
[126.616s][info][gc,marking  ] GC(22) Mark: 8 stripe(s), 2 proactive flush(es), 1 terminate flush(es), 0 completion(s), 0 continuation(s) 
[126.616s][info][gc,marking  ] GC(22) Mark Stack Usage: 32M
[126.616s][info][gc,nmethod  ] GC(22) NMethods: 11414 registered, 84 unregistered
[126.616s][info][gc,metaspace] GC(22) Metaspace: 66M used, 67M committed, 1088M reserved
[126.616s][info][gc,ref      ] GC(22) Soft: 4946 encountered, 0 discovered, 0 enqueued
[126.616s][info][gc,ref      ] GC(22) Weak: 6966 encountered, 1230 discovered, 494 enqueued
[126.616s][info][gc,ref      ] GC(22) Final: 234 encountered, 0 discovered, 0 enqueued
[126.616s][info][gc,ref      ] GC(22) Phantom: 616 encountered, 391 discovered, 0 enqueued
[126.616s][info][gc,reloc    ] GC(22) Small Pages: 3680 / 7360M, Empty: 7020M, Relocated: 6M, In-Place: 0
[126.616s][info][gc,reloc    ] GC(22) Medium Pages: 13 / 416M, Empty: 384M, Relocated: 0M, In-Place: 0
[126.616s][info][gc,reloc    ] GC(22) Large Pages: 84 / 556M, Empty: 556M, Relocated: 0M, In-Place: 0
[126.616s][info][gc,reloc    ] GC(22) Forwarding Usage: 4M
[126.616s][info][gc,heap     ] GC(22) Min Capacity: 8M(0%)
[126.617s][info][gc,heap     ] GC(22) Max Capacity: 30718M(100%)
[126.617s][info][gc,heap     ] GC(22) Soft Max Capacity: 30718M(100%)
[126.617s][info][gc,heap     ] GC(22)                Mark Start          Mark End        Relocate Start      Relocate End           High               Low         
[126.617s][info][gc,heap     ] GC(22)  Capacity:     8456M (28%)        8456M (28%)        8456M (28%)        8456M (28%)        8456M (28%)        8456M (28%)    
[126.617s][info][gc,heap     ] GC(22)      Free:    22386M (73%)       22386M (73%)       30312M (99%)       30450M (99%)       30450M (99%)       22384M (73%)    
[126.617s][info][gc,heap     ] GC(22)      Used:     8332M (27%)        8332M (27%)         406M (1%)          268M (1%)         8334M (27%)         268M (1%)     
[126.617s][info][gc,heap     ] GC(22)      Live:         -               171M (1%)          171M (1%)          171M (1%)             -                  -          
[126.617s][info][gc,heap     ] GC(22) Allocated:         -                 0M (0%)           34M (0%)           37M (0%)             -                  -          
[126.617s][info][gc,heap     ] GC(22)   Garbage:         -              8160M (27%)         200M (1%)           58M (0%)             -                  -          
[126.617s][info][gc,heap     ] GC(22) Reclaimed:         -                  -              7960M (26%)        8101M (26%)            -                  -          
[126.617s][info][gc          ] GC(22) Garbage Collection (System.gc()) 8332M(27%)->268M(1%)
[130.155s][info][gc,stats    ] === Garbage Collection Statistics =======================================================================================================================
[130.155s][info][gc,stats    ]                                                              Last 10s              Last 10m              Last 10h                Total
[130.155s][info][gc,stats    ]                                                              Avg / Max             Avg / Max             Avg / Max             Avg / Max
[130.155s][info][gc,stats    ]   Collector: Garbage Collection Cycle                     75.597 / 81.210      106.441 / 689.195     106.441 / 689.195     106.441 / 689.195     ms
[130.155s][info][gc,stats    ]  Contention: Mark Segment Reset Contention                     1 / 10                1 / 18                1 / 18                1 / 18          ops/s
[130.155s][info][gc,stats    ]  Contention: Mark SeqNum Reset Contention                      0 / 4                 0 / 5                 0 / 5                 0 / 5           ops/s
[130.155s][info][gc,stats    ]    Critical: Allocation Stall                                  0 / 0                 0 / 0                 0 / 0                 0 / 0           ops/s
[130.155s][info][gc,stats    ]    Critical: Allocation Stall                              0.000 / 0.000         0.000 / 0.000         0.000 / 0.000         0.000 / 0.000       ms
[130.155s][info][gc,stats    ]    Critical: GC Locker Stall                                   0 / 0                 0 / 2                 0 / 2                 0 / 2           ops/s
[130.155s][info][gc,stats    ]    Critical: GC Locker Stall                               0.000 / 0.000         0.001 / 0.002         0.001 / 0.002         0.001 / 0.002       ms
[130.155s][info][gc,stats    ]    Critical: Relocation Stall                                  0 / 0                 0 / 0                 0 / 0                 0 / 0           ops/s
[130.155s][info][gc,stats    ]    Critical: Relocation Stall                              0.000 / 0.000         0.000 / 0.000         0.000 / 0.000         0.000 / 0.000       ms
[130.155s][info][gc,stats    ]      Memory: Allocation Rate                                1345 / 2078           1227 / 2180           1227 / 2180           1227 / 2180        MB/s
[130.155s][info][gc,stats    ]      Memory: Defragment                                        0 / 0                 1 / 87                1 / 87                1 / 87          ops/s
[130.155s][info][gc,stats    ]      Memory: Out Of Memory                                     0 / 0                 0 / 0                 0 / 0                 0 / 0           ops/s
[130.155s][info][gc,stats    ]      Memory: Page Cache Flush                                  0 / 0                 2 / 174               2 / 174               2 / 174         MB/s
[130.155s][info][gc,stats    ]      Memory: Page Cache Hit L1                               621 / 969             533 / 1045            533 / 1045            533 / 1045        ops/s
[130.155s][info][gc,stats    ]      Memory: Page Cache Hit L2                                 0 / 0                 0 / 0                 0 / 0                 0 / 0           ops/s
[130.156s][info][gc,stats    ]      Memory: Page Cache Hit L3                                 0 / 0                 8 / 565               8 / 565               8 / 565         ops/s
[130.156s][info][gc,stats    ]      Memory: Page Cache Miss                                   0 / 0                20 / 607              20 / 607              20 / 607         ops/s
[130.156s][info][gc,stats    ]      Memory: Uncommit                                          0 / 0                 0 / 0                 0 / 0                 0 / 0           MB/s
[130.156s][info][gc,stats    ]      Memory: Undo Object Allocation Failed                     0 / 0                 0 / 0                 0 / 0                 0 / 0           ops/s
[130.156s][info][gc,stats    ]      Memory: Undo Object Allocation Succeeded                  0 / 0                 0 / 3                 0 / 3                 0 / 3           ops/s
[130.156s][info][gc,stats    ]      Memory: Undo Page Allocation                              0 / 0                 0 / 3                 0 / 3                 0 / 3           ops/s
[130.156s][info][gc,stats    ]       Phase: Concurrent Mark                              60.947 / 62.879       81.184 / 499.341      81.184 / 499.341      81.184 / 499.341     ms
[130.156s][info][gc,stats    ]       Phase: Concurrent Mark Continue                      0.000 / 0.000         0.000 / 0.000         0.000 / 0.000         0.000 / 0.000       ms
[130.156s][info][gc,stats    ]       Phase: Concurrent Mark Free                          0.001 / 0.002         0.001 / 0.002         0.001 / 0.002         0.001 / 0.002       ms
[130.156s][info][gc,stats    ]       Phase: Concurrent Process Non-Strong References      2.682 / 2.706         3.613 / 12.529        3.613 / 12.529        3.613 / 12.529      ms
[130.156s][info][gc,stats    ]       Phase: Concurrent Relocate                           3.390 / 4.304         9.609 / 112.739       9.609 / 112.739       9.609 / 112.739     ms
[130.156s][info][gc,stats    ]       Phase: Concurrent Reset Relocation Set               0.011 / 0.012         0.032 / 0.513         0.032 / 0.513         0.032 / 0.513       ms
[130.156s][info][gc,stats    ]       Phase: Concurrent Select Relocation Set              7.535 / 10.354       10.887 / 65.401       10.887 / 65.401       10.887 / 65.401      ms
[130.156s][info][gc,stats    ]       Phase: Pause Mark End                                0.023 / 0.024         0.028 / 0.071         0.028 / 0.071         0.028 / 0.071       ms
[130.156s][info][gc,stats    ]       Phase: Pause Mark Start                              0.017 / 0.019         0.017 / 0.020         0.017 / 0.020         0.017 / 0.020       ms
[130.156s][info][gc,stats    ]       Phase: Pause Relocate Start                          0.008 / 0.009         0.009 / 0.012         0.009 / 0.012         0.009 / 0.012       ms
[130.156s][info][gc,stats    ]    Subphase: Concurrent Classes Purge                      0.180 / 0.190         0.376 / 1.461         0.376 / 1.461         0.376 / 1.461       ms
[130.156s][info][gc,stats    ]    Subphase: Concurrent Classes Unlink                     1.972 / 1.976         2.709 / 10.851        2.709 / 10.851        2.709 / 10.851      ms
[130.156s][info][gc,stats    ]    Subphase: Concurrent Mark                              56.237 / 58.468       73.787 / 494.793      73.787 / 494.793      73.787 / 494.793     ms
[130.156s][info][gc,stats    ]    Subphase: Concurrent Mark Try Flush                     0.129 / 0.228         0.116 / 0.590         0.116 / 0.590         0.116 / 0.590       ms
[130.156s][info][gc,stats    ]    Subphase: Concurrent Mark Try Terminate                 3.858 / 7.054         7.381 / 16.299        7.381 / 16.299        7.381 / 16.299      ms
[130.156s][info][gc,stats    ]    Subphase: Concurrent References Enqueue                 0.004 / 0.005         0.004 / 0.005         0.004 / 0.005         0.004 / 0.005       ms
[130.156s][info][gc,stats    ]    Subphase: Concurrent References Process                 0.100 / 0.124         0.098 / 0.209         0.098 / 0.209         0.098 / 0.209       ms
[130.156s][info][gc,stats    ]    Subphase: Concurrent Roots ClassLoaderDataGraph         0.114 / 0.657         0.092 / 0.657         0.092 / 0.657         0.092 / 0.657       ms
[130.157s][info][gc,stats    ]    Subphase: Concurrent Roots CodeCache                    0.000 / 0.000         0.000 / 0.000         0.000 / 0.000         0.000 / 0.000       ms
[130.157s][info][gc,stats    ]    Subphase: Concurrent Roots JavaThreads                  4.092 / 4.197         5.263 / 9.172         5.263 / 9.172         5.263 / 9.172       ms
[130.157s][info][gc,stats    ]    Subphase: Concurrent Roots OopStorageSet                0.034 / 0.045         0.036 / 0.260         0.036 / 0.260         0.036 / 0.260       ms
[130.157s][info][gc,stats    ]    Subphase: Concurrent Weak Roots OopStorageSet           0.140 / 0.147         0.188 / 0.345         0.188 / 0.345         0.188 / 0.345       ms
[130.157s][info][gc,stats    ]    Subphase: Pause Mark Try Complete                       0.000 / 0.000         0.002 / 0.003         0.002 / 0.003         0.002 / 0.003       ms
[130.157s][info][gc,stats    ]      System: Java Threads                                    276 / 277             214 / 280             214 / 280             214 / 280         threads
[130.157s][info][gc,stats    ] =========================================================================================================================================================
[132.514s][info][gc,start    ] GC(23) Garbage Collection (System.gc())
[132.514s][info][gc,task     ] GC(23) Using 12 workers
[132.514s][info][gc,phases   ] GC(23) Pause Mark Start 0.018ms
[132.574s][info][gc,phases   ] GC(23) Concurrent Mark 59.281ms
[132.574s][info][gc,phases   ] GC(23) Pause Mark End 0.023ms
[132.574s][info][gc,phases   ] GC(23) Concurrent Mark Free 0.001ms
[132.577s][info][gc,phases   ] GC(23) Concurrent Process Non-Strong References 2.511ms
[132.577s][info][gc,phases   ] GC(23) Concurrent Reset Relocation Set 0.008ms
[132.583s][info][gc,phases   ] GC(23) Concurrent Select Relocation Set 6.074ms
[132.583s][info][gc,phases   ] GC(23) Pause Relocate Start 0.009ms
[132.587s][info][gc,phases   ] GC(23) Concurrent Relocate 3.934ms
[132.587s][info][gc,load     ] GC(23) Load: 0.00/0.00/0.00
[132.587s][info][gc,mmu      ] GC(23) MMU: 2ms/96.5%, 5ms/98.6%, 10ms/99.3%, 20ms/99.6%, 50ms/99.8%, 100ms/99.9%
[132.587s][info][gc,marking  ] GC(23) Mark: 8 stripe(s), 2 proactive flush(es), 1 terminate flush(es), 0 completion(s), 0 continuation(s) 
[132.587s][info][gc,marking  ] GC(23) Mark Stack Usage: 32M
[132.587s][info][gc,nmethod  ] GC(23) NMethods: 11512 registered, 107 unregistered
[132.587s][info][gc,metaspace] GC(23) Metaspace: 66M used, 67M committed, 1088M reserved
[132.587s][info][gc,ref      ] GC(23) Soft: 4946 encountered, 0 discovered, 0 enqueued
[132.587s][info][gc,ref      ] GC(23) Weak: 6975 encountered, 1339 discovered, 500 enqueued
[132.587s][info][gc,ref      ] GC(23) Final: 234 encountered, 5 discovered, 0 enqueued
[132.587s][info][gc,ref      ] GC(23) Phantom: 616 encountered, 531 discovered, 0 enqueued
[132.587s][info][gc,reloc    ] GC(23) Small Pages: 3683 / 7366M, Empty: 7022M, Relocated: 6M, In-Place: 0
[132.587s][info][gc,reloc    ] GC(23) Medium Pages: 13 / 416M, Empty: 384M, Relocated: 0M, In-Place: 0
[132.587s][info][gc,reloc    ] GC(23) Large Pages: 85 / 566M, Empty: 566M, Relocated: 0M, In-Place: 0
[132.587s][info][gc,reloc    ] GC(23) Forwarding Usage: 4M
[132.587s][info][gc,heap     ] GC(23) Min Capacity: 8M(0%)
[132.587s][info][gc,heap     ] GC(23) Max Capacity: 30718M(100%)
[132.587s][info][gc,heap     ] GC(23) Soft Max Capacity: 30718M(100%)
[132.587s][info][gc,heap     ] GC(23)                Mark Start          Mark End        Relocate Start      Relocate End           High               Low         
[132.587s][info][gc,heap     ] GC(23)  Capacity:     8456M (28%)        8456M (28%)        8456M (28%)        8456M (28%)        8456M (28%)        8456M (28%)    
[132.587s][info][gc,heap     ] GC(23)      Free:    22370M (73%)       22368M (73%)       30304M (99%)       30450M (99%)       30450M (99%)       22368M (73%)    
[132.587s][info][gc,heap     ] GC(23)      Used:     8348M (27%)        8350M (27%)         414M (1%)          268M (1%)         8350M (27%)         268M (1%)     
[132.587s][info][gc,heap     ] GC(23)      Live:         -               171M (1%)          171M (1%)          171M (1%)             -                  -          
[132.587s][info][gc,heap     ] GC(23) Allocated:         -                 2M (0%)           38M (0%)           37M (0%)             -                  -          
[132.587s][info][gc,heap     ] GC(23)   Garbage:         -              8176M (27%)         204M (1%)           58M (0%)             -                  -          
[132.587s][info][gc,heap     ] GC(23) Reclaimed:         -                  -              7972M (26%)        8117M (26%)            -                  -          
[132.587s][info][gc          ] GC(23) Garbage Collection (System.gc()) 8348M(27%)->268M(1%)
[138.612s][info][gc,heap,exit] Heap
[138.612s][info][gc,heap,exit]  ZHeap           used 8364M, capacity 8456M, max capacity 30718M
[138.612s][info][gc,heap,exit]  Metaspace       used 68744K, committed 69760K, reserved 1114112K
[138.612s][info][gc,heap,exit]   class space    used 8543K, committed 9024K, reserved 1048576K
