[0.017s][info][gc] Using Epsilon
[0.019s][info][gc,init] Version: 20+36-2344 (release)
[0.019s][info][gc,init] CPUs: 48 total, 48 available
[0.019s][info][gc,init] Memory: 382G
[0.019s][info][gc,init] Large Page Support: Disabled
[0.019s][info][gc,init] NUMA Support: Disabled
[0.019s][info][gc,init] Compressed Oops: Enabled (32-bit)
[0.019s][info][gc,init] Heap Min Capacity: 6656K
[0.019s][info][gc,init] Heap Initial Capacity: 512M
[0.019s][info][gc,init] Heap Max Capacity: 512M
[0.019s][info][gc,init] Pre-touch: Disabled
[0.019s][warning][gc,init] Consider enabling -XX:+AlwaysPreTouch to avoid memory commit hiccups
[0.024s][info   ][gc,init] TLAB Size Max: 4M
[0.024s][info   ][gc,init] TLAB Size Elasticity: 1.10x
[0.024s][info   ][gc,init] TLAB Size Decay Time: 1000ms
[0.025s][info   ][gc,metaspace] CDS archive(s) mapped at: [0x0000000800000000-0x0000000800c60000-0x0000000800c60000), size 12976128, SharedBaseAddress: 0x0000000800000000, ArchiveRelocationMode: 0.
[0.025s][info   ][gc,metaspace] Compressed class space mapped at: 0x0000000801000000-0x0000000841000000, reserved size: 1073741824
[0.025s][info   ][gc,metaspace] Narrow klass base: 0x0000000800000000, Narrow klass shift: 0, Narrow klass range: 0x100000000
[1.125s][info   ][gc          ] GC request for "System.gc()" is ignored
[1.256s][info   ][gc          ] Heap: 512M reserved, 512M (100.00%) committed, 27534K (5.25%) used
[1.256s][info   ][gc,metaspace] Metaspace: 1088M reserved, 9664K (0.87%) committed, 9489K (0.85%) used
[1.893s][info   ][gc          ] Heap: 512M reserved, 512M (100.00%) committed, 53758K (10.25%) used
[1.893s][info   ][gc,metaspace] Metaspace: 1088M reserved, 14912K (1.34%) committed, 14369K (1.29%) used
[2.038s][info   ][gc          ] Heap: 512M reserved, 512M (100.00%) committed, 80021K (15.26%) used
[2.038s][info   ][gc,metaspace] Metaspace: 1088M reserved, 15040K (1.35%) committed, 14504K (1.30%) used
[2.151s][info   ][gc          ] Heap: 512M reserved, 512M (100.00%) committed, 103M (20.29%) used
[2.151s][info   ][gc,metaspace] Metaspace: 1088M reserved, 15040K (1.35%) committed, 14534K (1.30%) used
[2.240s][info   ][gc          ] Heap: 512M reserved, 512M (100.00%) committed, 129M (25.29%) used
[2.240s][info   ][gc,metaspace] Metaspace: 1088M reserved, 15040K (1.35%) committed, 14535K (1.30%) used
[2.286s][info   ][gc          ] Heap: 512M reserved, 512M (100.00%) committed, 155M (30.33%) used
[2.286s][info   ][gc,metaspace] Metaspace: 1088M reserved, 15040K (1.35%) committed, 14535K (1.30%) used
[2.312s][info   ][gc          ] Heap: 512M reserved, 512M (100.00%) committed, 180M (35.35%) used
[2.312s][info   ][gc,metaspace] Metaspace: 1088M reserved, 15040K (1.35%) committed, 14535K (1.30%) used
[2.335s][info   ][gc          ] Heap: 512M reserved, 512M (100.00%) committed, 206M (40.38%) used
[2.335s][info   ][gc,metaspace] Metaspace: 1088M reserved, 15040K (1.35%) committed, 14535K (1.30%) used
[2.360s][info   ][gc          ] Heap: 512M reserved, 512M (100.00%) committed, 232M (45.39%) used
[2.360s][info   ][gc,metaspace] Metaspace: 1088M reserved, 15040K (1.35%) committed, 14535K (1.30%) used
[2.381s][info   ][gc          ] Heap: 512M reserved, 512M (100.00%) committed, 258M (50.43%) used
[2.381s][info   ][gc,metaspace] Metaspace: 1088M reserved, 15040K (1.35%) committed, 14535K (1.30%) used
[2.395s][info   ][gc          ] Heap: 512M reserved, 512M (100.00%) committed, 284M (55.49%) used
[2.395s][info   ][gc,metaspace] Metaspace: 1088M reserved, 15040K (1.35%) committed, 14535K (1.30%) used
[2.416s][info   ][gc          ] Heap: 512M reserved, 512M (100.00%) committed, 309M (60.50%) used
[2.416s][info   ][gc,metaspace] Metaspace: 1088M reserved, 15040K (1.35%) committed, 14535K (1.30%) used
[2.436s][info   ][gc          ] Heap: 512M reserved, 512M (100.00%) committed, 335M (65.53%) used
[2.436s][info   ][gc,metaspace] Metaspace: 1088M reserved, 15040K (1.35%) committed, 14535K (1.30%) used
[2.474s][info   ][gc          ] Heap: 512M reserved, 512M (100.00%) committed, 361M (70.54%) used
[2.474s][info   ][gc,metaspace] Metaspace: 1088M reserved, 15040K (1.35%) committed, 14535K (1.30%) used
[2.521s][info   ][gc          ] Heap: 512M reserved, 512M (100.00%) committed, 387M (75.60%) used
[2.521s][info   ][gc,metaspace] Metaspace: 1088M reserved, 15040K (1.35%) committed, 14535K (1.30%) used
[2.576s][info   ][gc          ] Heap: 512M reserved, 512M (100.00%) committed, 413M (80.68%) used
[2.576s][info   ][gc,metaspace] Metaspace: 1088M reserved, 15040K (1.35%) committed, 14535K (1.30%) used
[2.594s][info   ][gc          ] Heap: 512M reserved, 512M (100.00%) committed, 438M (85.74%) used
[2.594s][info   ][gc,metaspace] Metaspace: 1088M reserved, 15040K (1.35%) committed, 14535K (1.30%) used
[2.605s][info   ][gc          ] Heap: 512M reserved, 512M (100.00%) committed, 465M (90.82%) used
[2.605s][info   ][gc,metaspace] Metaspace: 1088M reserved, 15040K (1.35%) committed, 14535K (1.30%) used
[2.644s][info   ][gc          ] Heap: 512M reserved, 512M (100.00%) committed, 491M (95.90%) used
[2.644s][info   ][gc,metaspace] Metaspace: 1088M reserved, 15040K (1.35%) committed, 14535K (1.30%) used
