[0.016s][info][gc] Using Epsilon
[0.022s][info][gc,init] Version: 20+36-2344 (release)
[0.022s][info][gc,init] CPUs: 48 total, 48 available
[0.022s][info][gc,init] Memory: 382G
[0.022s][info][gc,init] Large Page Support: Disabled
[0.022s][info][gc,init] NUMA Support: Disabled
[0.022s][info][gc,init] Compressed Oops: Enabled (32-bit)
[0.022s][info][gc,init] Heap Min Capacity: 6656K
[0.022s][info][gc,init] Heap Initial Capacity: 2G
[0.022s][info][gc,init] Heap Max Capacity: 2G
[0.022s][info][gc,init] Pre-touch: Disabled
[0.022s][warning][gc,init] Consider enabling -XX:+AlwaysPreTouch to avoid memory commit hiccups
[0.034s][info   ][gc,init] TLAB Size Max: 4M
[0.034s][info   ][gc,init] TLAB Size Elasticity: 1.10x
[0.034s][info   ][gc,init] TLAB Size Decay Time: 1000ms
[0.035s][info   ][gc,metaspace] CDS archive(s) mapped at: [0x0000000800000000-0x0000000800c60000-0x0000000800c60000), size 12976128, SharedBaseAddress: 0x0000000800000000, ArchiveRelocationMode: 0.
[0.035s][info   ][gc,metaspace] Compressed class space mapped at: 0x0000000801000000-0x0000000841000000, reserved size: 1073741824
[0.035s][info   ][gc,metaspace] Narrow klass base: 0x0000000800000000, Narrow klass shift: 0, Narrow klass range: 0x100000000
[1.170s][info   ][gc          ] GC request for "System.gc()" is ignored
[2.176s][info   ][gc          ] Heap: 2048M reserved, 2048M (100.00%) committed, 102M (5.00%) used
[2.176s][info   ][gc,metaspace] Metaspace: 1088M reserved, 15104K (1.36%) committed, 14601K (1.31%) used
[2.487s][info   ][gc          ] Heap: 2048M reserved, 2048M (100.00%) committed, 205M (10.02%) used
[2.487s][info   ][gc,metaspace] Metaspace: 1088M reserved, 15104K (1.36%) committed, 14602K (1.31%) used
[2.586s][info   ][gc          ] Heap: 2048M reserved, 2048M (100.00%) committed, 307M (15.03%) used
[2.586s][info   ][gc,metaspace] Metaspace: 1088M reserved, 15104K (1.36%) committed, 14602K (1.31%) used
[2.661s][info   ][gc          ] Heap: 2048M reserved, 2048M (100.00%) committed, 409M (20.00%) used
[2.661s][info   ][gc          ] Heap: 2048M reserved, 2048M (100.00%) committed, 410M (20.04%) used
[2.661s][info   ][gc,metaspace] Metaspace: 1088M reserved, 15104K (1.36%) committed, 14602K (1.31%) used
[2.661s][info   ][gc,metaspace] Metaspace: 1088M reserved, 15104K (1.36%) committed, 14602K (1.31%) used
[2.733s][info   ][gc          ] Heap: 2048M reserved, 2048M (100.00%) committed, 512M (25.02%) used
[2.733s][info   ][gc,metaspace] Metaspace: 1088M reserved, 15104K (1.36%) committed, 14602K (1.31%) used
[2.803s][info   ][gc          ] Heap: 2048M reserved, 2048M (100.00%) committed, 615M (30.03%) used
[2.803s][info   ][gc,metaspace] Metaspace: 1088M reserved, 15104K (1.36%) committed, 14602K (1.31%) used
[2.876s][info   ][gc          ] Heap: 2048M reserved, 2048M (100.00%) committed, 718M (35.07%) used
[2.876s][info   ][gc,metaspace] Metaspace: 1088M reserved, 15104K (1.36%) committed, 14602K (1.31%) used
[2.947s][info   ][gc          ] Heap: 2048M reserved, 2048M (100.00%) committed, 822M (40.14%) used
[2.948s][info   ][gc,metaspace] Metaspace: 1088M reserved, 15104K (1.36%) committed, 14602K (1.31%) used
[3.023s][info   ][gc          ] Heap: 2048M reserved, 2048M (100.00%) committed, 924M (45.15%) used
[3.023s][info   ][gc,metaspace] Metaspace: 1088M reserved, 15104K (1.36%) committed, 14602K (1.31%) used
[3.094s][info   ][gc          ] Heap: 2048M reserved, 2048M (100.00%) committed, 1028M (50.23%) used
[3.094s][info   ][gc,metaspace] Metaspace: 1088M reserved, 15104K (1.36%) committed, 14602K (1.31%) used
[3.164s][info   ][gc          ] Heap: 2048M reserved, 2048M (100.00%) committed, 1132M (55.29%) used
[3.164s][info   ][gc,metaspace] Metaspace: 1088M reserved, 15104K (1.36%) committed, 14602K (1.31%) used
[3.237s][info   ][gc          ] Heap: 2048M reserved, 2048M (100.00%) committed, 1235M (60.33%) used
[3.237s][info   ][gc,metaspace] Metaspace: 1088M reserved, 15104K (1.36%) committed, 14602K (1.31%) used
[3.307s][info   ][gc          ] Heap: 2048M reserved, 2048M (100.00%) committed, 1337M (65.33%) used
[3.307s][info   ][gc,metaspace] Metaspace: 1088M reserved, 15104K (1.36%) committed, 14602K (1.31%) used
[3.377s][info   ][gc          ] Heap: 2048M reserved, 2048M (100.00%) committed, 1440M (70.35%) used
[3.377s][info   ][gc,metaspace] Metaspace: 1088M reserved, 15104K (1.36%) committed, 14602K (1.31%) used
[3.451s][info   ][gc          ] Heap: 2048M reserved, 2048M (100.00%) committed, 1543M (75.36%) used
[3.451s][info   ][gc,metaspace] Metaspace: 1088M reserved, 15104K (1.36%) committed, 14602K (1.31%) used
[3.530s][info   ][gc          ] Heap: 2048M reserved, 2048M (100.00%) committed, 1646M (80.38%) used
[3.530s][info   ][gc,metaspace] Metaspace: 1088M reserved, 15104K (1.36%) committed, 14602K (1.31%) used
[3.587s][info   ][gc          ] Heap: 2048M reserved, 2048M (100.00%) committed, 1749M (85.45%) used
[3.587s][info   ][gc,metaspace] Metaspace: 1088M reserved, 15104K (1.36%) committed, 14602K (1.31%) used
[3.660s][info   ][gc          ] Heap: 2048M reserved, 2048M (100.00%) committed, 1853M (90.50%) used
[3.660s][info   ][gc,metaspace] Metaspace: 1088M reserved, 15104K (1.36%) committed, 14602K (1.31%) used
[3.738s][info   ][gc          ] Heap: 2048M reserved, 2048M (100.00%) committed, 1958M (95.65%) used
[3.738s][info   ][gc,metaspace] Metaspace: 1088M reserved, 15104K (1.36%) committed, 14602K (1.31%) used
