[0.018s][info][gc] Using Epsilon
[0.021s][info][gc,init] Version: 20+36-2344 (release)
[0.021s][info][gc,init] CPUs: 48 total, 48 available
[0.021s][info][gc,init] Memory: 382G
[0.021s][info][gc,init] Large Page Support: Disabled
[0.021s][info][gc,init] NUMA Support: Disabled
[0.021s][info][gc,init] Compressed Oops: Enabled (32-bit)
[0.021s][info][gc,init] Heap Min Capacity: 6656K
[0.021s][info][gc,init] Heap Initial Capacity: 1G
[0.021s][info][gc,init] Heap Max Capacity: 1G
[0.021s][info][gc,init] Pre-touch: Disabled
[0.021s][warning][gc,init] Consider enabling -XX:+AlwaysPreTouch to avoid memory commit hiccups
[0.029s][info   ][gc,init] TLAB Size Max: 4M
[0.029s][info   ][gc,init] TLAB Size Elasticity: 1.10x
[0.029s][info   ][gc,init] TLAB Size Decay Time: 1000ms
[0.030s][info   ][gc,metaspace] CDS archive(s) mapped at: [0x0000000800000000-0x0000000800c60000-0x0000000800c60000), size 12976128, SharedBaseAddress: 0x0000000800000000, ArchiveRelocationMode: 0.
[0.030s][info   ][gc,metaspace] Compressed class space mapped at: 0x0000000801000000-0x0000000841000000, reserved size: 1073741824
[0.030s][info   ][gc,metaspace] Narrow klass base: 0x0000000800000000, Narrow klass shift: 0, Narrow klass range: 0x100000000
[1.027s][info   ][gc          ] GC request for "System.gc()" is ignored
[1.767s][info   ][gc          ] Heap: 1024M reserved, 1024M (100.00%) committed, 52443K (5.00%) used
[1.767s][info   ][gc,metaspace] Metaspace: 1088M reserved, 14912K (1.34%) committed, 14408K (1.29%) used
[2.047s][info   ][gc          ] Heap: 1024M reserved, 1024M (100.00%) committed, 102M (10.01%) used
[2.047s][info   ][gc,metaspace] Metaspace: 1088M reserved, 15040K (1.35%) committed, 14529K (1.30%) used
[2.229s][info   ][gc          ] Heap: 1024M reserved, 1024M (100.00%) committed, 153M (15.02%) used
[2.229s][info   ][gc,metaspace] Metaspace: 1088M reserved, 15040K (1.35%) committed, 14530K (1.30%) used
[2.294s][info   ][gc          ] Heap: 1024M reserved, 1024M (100.00%) committed, 205M (20.04%) used
[2.294s][info   ][gc,metaspace] Metaspace: 1088M reserved, 15040K (1.35%) committed, 14530K (1.30%) used
[2.344s][info   ][gc          ] Heap: 1024M reserved, 1024M (100.00%) committed, 256M (25.05%) used
[2.344s][info   ][gc,metaspace] Metaspace: 1088M reserved, 15040K (1.35%) committed, 14530K (1.30%) used
[2.391s][info   ][gc          ] Heap: 1024M reserved, 1024M (100.00%) committed, 308M (30.09%) used
[2.391s][info   ][gc,metaspace] Metaspace: 1088M reserved, 15040K (1.35%) committed, 14530K (1.30%) used
[2.428s][info   ][gc          ] Heap: 1024M reserved, 1024M (100.00%) committed, 359M (35.12%) used
[2.428s][info   ][gc,metaspace] Metaspace: 1088M reserved, 15040K (1.35%) committed, 14530K (1.30%) used
[2.463s][info   ][gc          ] Heap: 1024M reserved, 1024M (100.00%) committed, 411M (40.18%) used
[2.463s][info   ][gc,metaspace] Metaspace: 1088M reserved, 15040K (1.35%) committed, 14530K (1.30%) used
[2.496s][info   ][gc          ] Heap: 1024M reserved, 1024M (100.00%) committed, 462M (45.19%) used
[2.496s][info   ][gc,metaspace] Metaspace: 1088M reserved, 15040K (1.35%) committed, 14530K (1.30%) used
[2.531s][info   ][gc          ] Heap: 1024M reserved, 1024M (100.00%) committed, 514M (50.23%) used
[2.531s][info   ][gc,metaspace] Metaspace: 1088M reserved, 15040K (1.35%) committed, 14530K (1.30%) used
[2.567s][info   ][gc          ] Heap: 1024M reserved, 1024M (100.00%) committed, 566M (55.31%) used
[2.567s][info   ][gc,metaspace] Metaspace: 1088M reserved, 15040K (1.35%) committed, 14530K (1.30%) used
[2.603s][info   ][gc          ] Heap: 1024M reserved, 1024M (100.00%) committed, 617M (60.33%) used
[2.603s][info   ][gc,metaspace] Metaspace: 1088M reserved, 15040K (1.35%) committed, 14530K (1.30%) used
[2.642s][info   ][gc          ] Heap: 1024M reserved, 1024M (100.00%) committed, 670M (65.45%) used
[2.642s][info   ][gc,metaspace] Metaspace: 1088M reserved, 15040K (1.35%) committed, 14530K (1.30%) used
[2.680s][info   ][gc          ] Heap: 1024M reserved, 1024M (100.00%) committed, 721M (70.47%) used
[2.680s][info   ][gc,metaspace] Metaspace: 1088M reserved, 15040K (1.35%) committed, 14530K (1.30%) used
[2.718s][info   ][gc          ] Heap: 1024M reserved, 1024M (100.00%) committed, 773M (75.55%) used
[2.718s][info   ][gc,metaspace] Metaspace: 1088M reserved, 15040K (1.35%) committed, 14530K (1.30%) used
[2.757s][info   ][gc          ] Heap: 1024M reserved, 1024M (100.00%) committed, 826M (80.73%) used
[2.757s][info   ][gc,metaspace] Metaspace: 1088M reserved, 15040K (1.35%) committed, 14530K (1.30%) used
[2.791s][info   ][gc          ] Heap: 1024M reserved, 1024M (100.00%) committed, 878M (85.75%) used
[2.791s][info   ][gc,metaspace] Metaspace: 1088M reserved, 15040K (1.35%) committed, 14530K (1.30%) used
[2.832s][info   ][gc          ] Heap: 1024M reserved, 1024M (100.00%) committed, 930M (90.91%) used
[2.832s][info   ][gc,metaspace] Metaspace: 1088M reserved, 15040K (1.35%) committed, 14530K (1.30%) used
[2.862s][info   ][gc          ] Heap: 1024M reserved, 1024M (100.00%) committed, 982M (95.94%) used
[2.862s][info   ][gc,metaspace] Metaspace: 1088M reserved, 15040K (1.35%) committed, 14530K (1.30%) used
