[0.015s][info][gc] Using Epsilon
[0.021s][info][gc,init] Version: 20+36-2344 (release)
[0.021s][info][gc,init] CPUs: 48 total, 48 available
[0.021s][info][gc,init] Memory: 382G
[0.021s][info][gc,init] Large Page Support: Disabled
[0.021s][info][gc,init] NUMA Support: Disabled
[0.021s][info][gc,init] Compressed Oops: Enabled (Zero based)
[0.021s][info][gc,init] Heap Min Capacity: 6656K
[0.022s][info][gc,init] Heap Initial Capacity: 2G
[0.022s][info][gc,init] Heap Max Capacity: 4G
[0.022s][info][gc,init] Pre-touch: Disabled
[0.022s][warning][gc,init] Consider setting -Xms equal to -Xmx to avoid resizing hiccups
[0.039s][warning][gc,init] Consider enabling -XX:+AlwaysPreTouch to avoid memory commit hiccups
[0.039s][info   ][gc,init] TLAB Size Max: 4M
[0.039s][info   ][gc,init] TLAB Size Elasticity: 1.10x
[0.039s][info   ][gc,init] TLAB Size Decay Time: 1000ms
[0.040s][info   ][gc,metaspace] CDS archive(s) mapped at: [0x0000000800000000-0x0000000800c60000-0x0000000800c60000), size 12976128, SharedBaseAddress: 0x0000000800000000, ArchiveRelocationMode: 0.
[0.040s][info   ][gc,metaspace] Compressed class space mapped at: 0x0000000801000000-0x0000000841000000, reserved size: 1073741824
[0.040s][info   ][gc,metaspace] Narrow klass base: 0x0000000800000000, Narrow klass shift: 0, Narrow klass range: 0x100000000
[1.233s][info   ][gc          ] GC request for "System.gc()" is ignored
[2.372s][info   ][gc          ] Heap: 4096M reserved, 2048M (50.00%) committed, 204M (5.00%) used
[2.372s][info   ][gc,metaspace] Metaspace: 1088M reserved, 15104K (1.36%) committed, 14564K (1.31%) used
[2.574s][info   ][gc          ] Heap: 4096M reserved, 2048M (50.00%) committed, 409M (10.01%) used
[2.574s][info   ][gc,metaspace] Metaspace: 1088M reserved, 15104K (1.36%) committed, 14565K (1.31%) used
[2.739s][info   ][gc          ] Heap: 4096M reserved, 2048M (50.00%) committed, 614M (15.01%) used
[2.739s][info   ][gc,metaspace] Metaspace: 1088M reserved, 15104K (1.36%) committed, 14565K (1.31%) used
[2.879s][info   ][gc          ] Heap: 4096M reserved, 2048M (50.00%) committed, 819M (20.01%) used
[2.879s][info   ][gc,metaspace] Metaspace: 1088M reserved, 15104K (1.36%) committed, 14565K (1.31%) used
[3.026s][info   ][gc          ] Heap: 4096M reserved, 2048M (50.00%) committed, 1025M (25.03%) used
[3.026s][info   ][gc,metaspace] Metaspace: 1088M reserved, 15104K (1.36%) committed, 14565K (1.31%) used
[3.168s][info   ][gc          ] Heap: 4096M reserved, 2048M (50.00%) committed, 1230M (30.05%) used
[3.168s][info   ][gc,metaspace] Metaspace: 1088M reserved, 15104K (1.36%) committed, 14565K (1.31%) used
[3.326s][info   ][gc          ] Heap: 4096M reserved, 2048M (50.00%) committed, 1438M (35.12%) used
[3.326s][info   ][gc,metaspace] Metaspace: 1088M reserved, 15104K (1.36%) committed, 14565K (1.31%) used
[3.464s][info   ][gc          ] Heap: 4096M reserved, 2048M (50.00%) committed, 1643M (40.13%) used
[3.464s][info   ][gc,metaspace] Metaspace: 1088M reserved, 15104K (1.36%) committed, 14565K (1.31%) used
[3.605s][info   ][gc          ] Heap: 4096M reserved, 2048M (50.00%) committed, 1849M (45.16%) used
[3.605s][info   ][gc,metaspace] Metaspace: 1088M reserved, 15104K (1.36%) committed, 14565K (1.31%) used
[3.755s][info   ][gc          ] Heap: 4096M reserved, 2176M (53.13%) committed, 2054M (50.16%) used
[3.755s][info   ][gc,metaspace] Metaspace: 1088M reserved, 15104K (1.36%) committed, 14565K (1.31%) used
[3.900s][info   ][gc          ] Heap: 4096M reserved, 2304M (56.25%) committed, 2261M (55.20%) used
[3.900s][info   ][gc,metaspace] Metaspace: 1088M reserved, 15104K (1.36%) committed, 14565K (1.31%) used
[4.056s][info   ][gc          ] Heap: 4096M reserved, 2560M (62.50%) committed, 2469M (60.28%) used
[4.056s][info   ][gc,metaspace] Metaspace: 1088M reserved, 15104K (1.36%) committed, 14565K (1.31%) used
[4.208s][info   ][gc          ] Heap: 4096M reserved, 2688M (65.63%) committed, 2677M (65.36%) used
[4.208s][info   ][gc,metaspace] Metaspace: 1088M reserved, 15104K (1.36%) committed, 14565K (1.31%) used
[4.370s][info   ][gc          ] Heap: 4096M reserved, 2944M (71.88%) committed, 2885M (70.44%) used
[4.370s][info   ][gc,metaspace] Metaspace: 1088M reserved, 15104K (1.36%) committed, 14565K (1.31%) used
[4.532s][info   ][gc          ] Heap: 4096M reserved, 3200M (78.13%) committed, 3093M (75.51%) used
[4.532s][info   ][gc,metaspace] Metaspace: 1088M reserved, 15104K (1.36%) committed, 14565K (1.31%) used
[4.681s][info   ][gc          ] Heap: 4096M reserved, 3328M (81.25%) committed, 3301M (80.59%) used
[4.681s][info   ][gc,metaspace] Metaspace: 1088M reserved, 15104K (1.36%) committed, 14565K (1.31%) used
[4.831s][info   ][gc          ] Heap: 4096M reserved, 3584M (87.50%) committed, 3509M (85.67%) used
[4.831s][info   ][gc,metaspace] Metaspace: 1088M reserved, 15104K (1.36%) committed, 14565K (1.31%) used
[4.984s][info   ][gc          ] Heap: 4096M reserved, 3840M (93.75%) committed, 3717M (90.75%) used
[4.984s][info   ][gc,metaspace] Metaspace: 1088M reserved, 15104K (1.36%) committed, 14565K (1.31%) used
[5.149s][info   ][gc          ] Heap: 4096M reserved, 3968M (96.88%) committed, 3925M (95.83%) used
[5.149s][info   ][gc,metaspace] Metaspace: 1088M reserved, 15104K (1.36%) committed, 14565K (1.31%) used
