[0.028s][info][gc,init] CardTable entry size: 512
[0.029s][info][gc     ] Using G1
[0.044s][info][gc,init] Version: 20+36-2344 (release)
[0.044s][info][gc,init] CPUs: 48 total, 48 available
[0.044s][info][gc,init] Memory: 382G
[0.044s][info][gc,init] Large Page Support: Disabled
[0.044s][info][gc,init] NUMA Support: Disabled
[0.044s][info][gc,init] Compressed Oops: Enabled (32-bit)
[0.044s][info][gc,init] Heap Region Size: 1M
[0.044s][info][gc,init] Heap Min Capacity: 8M
[0.044s][info][gc,init] Heap Initial Capacity: 1G
[0.044s][info][gc,init] Heap Max Capacity: 1G
[0.052s][info][gc,init] Pre-touch: Disabled
[0.052s][info][gc,init] Parallel Workers: 33
[0.052s][info][gc,init] Concurrent Workers: 8
[0.052s][info][gc,init] Concurrent Refinement Workers: 33
[0.052s][info][gc,init] Periodic GC: Disabled
[0.053s][info][gc,metaspace] CDS archive(s) mapped at: [0x0000000800000000-0x0000000800c60000-0x0000000800c60000), size 12976128, SharedBaseAddress: 0x0000000800000000, ArchiveRelocationMode: 0.
[0.053s][info][gc,metaspace] Compressed class space mapped at: 0x0000000801000000-0x0000000841000000, reserved size: 1073741824
[0.053s][info][gc,metaspace] Narrow klass base: 0x0000000800000000, Narrow klass shift: 0, Narrow klass range: 0x100000000
[1.128s][info][gc,start    ] GC(0) Pause Full (System.gc())
[1.130s][info][gc,task     ] GC(0) Using 24 workers of 33 for full compaction
[1.131s][info][gc,phases,start] GC(0) Phase 1: Mark live objects
[1.136s][info][gc,phases      ] GC(0) Phase 1: Mark live objects 4.971ms
[1.136s][info][gc,phases,start] GC(0) Phase 2: Prepare compaction
[1.139s][info][gc,phases      ] GC(0) Phase 2: Prepare compaction 3.166ms
[1.139s][info][gc,phases,start] GC(0) Phase 3: Adjust pointers
[1.142s][info][gc,phases      ] GC(0) Phase 3: Adjust pointers 2.368ms
[1.142s][info][gc,phases,start] GC(0) Phase 4: Compact heap
[1.144s][info][gc,phases      ] GC(0) Phase 4: Compact heap 1.924ms
[1.156s][info][gc,heap        ] GC(0) Eden regions: 24->0(23)
[1.156s][info][gc,heap        ] GC(0) Survivor regions: 0->0(0)
[1.156s][info][gc,heap        ] GC(0) Old regions: 0->24
[1.157s][info][gc,heap        ] GC(0) Archive regions: 0->0
[1.157s][info][gc,heap        ] GC(0) Humongous regions: 0->0
[1.157s][info][gc,metaspace   ] GC(0) Metaspace: 8235K(8448K)->8235K(8448K) NonClass: 7128K(7232K)->7128K(7232K) Class: 1106K(1216K)->1106K(1216K)
[1.157s][info][gc             ] GC(0) Pause Full (System.gc()) 23M->3M(80M) 28.505ms
[1.157s][info][gc,cpu         ] GC(0) User=0.08s Sys=0.06s Real=0.02s
[1.842s][info][gc,start       ] GC(1) Pause Young (Normal) (G1 Evacuation Pause)
[1.843s][info][gc,task        ] GC(1) Using 33 workers of 33 for evacuation
[1.849s][info][gc,phases      ] GC(1)   Pre Evacuate Collection Set: 0.2ms
[1.849s][info][gc,phases      ] GC(1)   Merge Heap Roots: 0.2ms
[1.849s][info][gc,phases      ] GC(1)   Evacuate Collection Set: 4.4ms
[1.849s][info][gc,phases      ] GC(1)   Post Evacuate Collection Set: 0.8ms
[1.849s][info][gc,phases      ] GC(1)   Other: 0.8ms
[1.849s][info][gc,heap        ] GC(1) Eden regions: 23->0(27)
[1.849s][info][gc,heap        ] GC(1) Survivor regions: 0->3(3)
[1.849s][info][gc,heap        ] GC(1) Old regions: 24->25
[1.849s][info][gc,heap        ] GC(1) Archive regions: 0->0
[1.849s][info][gc,heap        ] GC(1) Humongous regions: 0->0
[1.849s][info][gc,metaspace   ] GC(1) Metaspace: 13350K(13760K)->13350K(13760K) NonClass: 11443K(11648K)->11443K(11648K) Class: 1906K(2112K)->1906K(2112K)
[1.849s][info][gc             ] GC(1) Pause Young (Normal) (G1 Evacuation Pause) 26M->7M(80M) 6.818ms
[1.849s][info][gc,cpu         ] GC(1) User=0.13s Sys=0.03s Real=0.00s
[2.029s][info][gc,start       ] GC(2) Pause Young (Normal) (G1 Evacuation Pause)
[2.030s][info][gc,task        ] GC(2) Using 33 workers of 33 for evacuation
[2.033s][info][gc,phases      ] GC(2)   Pre Evacuate Collection Set: 0.1ms
[2.033s][info][gc,phases      ] GC(2)   Merge Heap Roots: 0.1ms
[2.033s][info][gc,phases      ] GC(2)   Evacuate Collection Set: 2.8ms
[2.033s][info][gc,phases      ] GC(2)   Post Evacuate Collection Set: 0.5ms
[2.033s][info][gc,phases      ] GC(2)   Other: 0.1ms
[2.033s][info][gc,heap        ] GC(2) Eden regions: 27->0(39)
[2.033s][info][gc,heap        ] GC(2) Survivor regions: 3->1(4)
[2.033s][info][gc,heap        ] GC(2) Old regions: 25->28
[2.033s][info][gc,heap        ] GC(2) Archive regions: 0->0
[2.033s][info][gc,heap        ] GC(2) Humongous regions: 0->0
[2.033s][info][gc,metaspace   ] GC(2) Metaspace: 14474K(14976K)->14474K(14976K) NonClass: 12412K(12672K)->12412K(12672K) Class: 2061K(2304K)->2061K(2304K)
[2.033s][info][gc             ] GC(2) Pause Young (Normal) (G1 Evacuation Pause) 34M->7M(80M) 4.006ms
[2.034s][info][gc,cpu         ] GC(2) User=0.06s Sys=0.48s Real=0.00s
[2.181s][info][gc,start       ] GC(3) Pause Young (Normal) (G1 Evacuation Pause)
[2.181s][info][gc,task        ] GC(3) Using 33 workers of 33 for evacuation
[2.183s][info][gc,phases      ] GC(3)   Pre Evacuate Collection Set: 0.1ms
[2.183s][info][gc,phases      ] GC(3)   Merge Heap Roots: 0.1ms
[2.183s][info][gc,phases      ] GC(3)   Evacuate Collection Set: 0.6ms
[2.183s][info][gc,phases      ] GC(3)   Post Evacuate Collection Set: 0.5ms
[2.183s][info][gc,phases      ] GC(3)   Other: 0.1ms
[2.183s][info][gc,heap        ] GC(3) Eden regions: 39->0(44)
[2.183s][info][gc,heap        ] GC(3) Survivor regions: 1->1(5)
[2.183s][info][gc,heap        ] GC(3) Old regions: 28->28
[2.183s][info][gc,heap        ] GC(3) Archive regions: 0->0
[2.183s][info][gc,heap        ] GC(3) Humongous regions: 0->0
[2.183s][info][gc,metaspace   ] GC(3) Metaspace: 14558K(15104K)->14558K(15104K) NonClass: 12496K(12800K)->12496K(12800K) Class: 2062K(2304K)->2062K(2304K)
[2.183s][info][gc             ] GC(3) Pause Young (Normal) (G1 Evacuation Pause) 46M->6M(80M) 1.661ms
[2.183s][info][gc,cpu         ] GC(3) User=0.00s Sys=0.00s Real=0.00s
[2.303s][info][gc,start       ] GC(4) Pause Young (Normal) (G1 Evacuation Pause)
[2.303s][info][gc,task        ] GC(4) Using 33 workers of 33 for evacuation
[2.305s][info][gc,phases      ] GC(4)   Pre Evacuate Collection Set: 0.1ms
[2.305s][info][gc,phases      ] GC(4)   Merge Heap Roots: 0.1ms
[2.305s][info][gc,phases      ] GC(4)   Evacuate Collection Set: 0.7ms
[2.305s][info][gc,phases      ] GC(4)   Post Evacuate Collection Set: 0.5ms
[2.305s][info][gc,phases      ] GC(4)   Other: 0.2ms
[2.305s][info][gc,heap        ] GC(4) Eden regions: 44->0(46)
[2.305s][info][gc,heap        ] GC(4) Survivor regions: 1->1(6)
[2.305s][info][gc,heap        ] GC(4) Old regions: 28->28
[2.305s][info][gc,heap        ] GC(4) Archive regions: 0->0
[2.305s][info][gc,heap        ] GC(4) Humongous regions: 0->0
[2.305s][info][gc,metaspace   ] GC(4) Metaspace: 14559K(15104K)->14559K(15104K) NonClass: 12497K(12800K)->12497K(12800K) Class: 2062K(2304K)->2062K(2304K)
[2.305s][info][gc             ] GC(4) Pause Young (Normal) (G1 Evacuation Pause) 50M->6M(80M) 1.868ms
[2.305s][info][gc,cpu         ] GC(4) User=0.00s Sys=0.00s Real=0.00s
[2.389s][info][gc,start       ] GC(5) Pause Young (Normal) (G1 Evacuation Pause)
[2.389s][info][gc,task        ] GC(5) Using 33 workers of 33 for evacuation
[2.390s][info][gc,phases      ] GC(5)   Pre Evacuate Collection Set: 0.1ms
[2.390s][info][gc,phases      ] GC(5)   Merge Heap Roots: 0.1ms
[2.390s][info][gc,phases      ] GC(5)   Evacuate Collection Set: 0.9ms
[2.390s][info][gc,phases      ] GC(5)   Post Evacuate Collection Set: 0.5ms
[2.390s][info][gc,phases      ] GC(5)   Other: 0.1ms
[2.391s][info][gc,heap        ] GC(5) Eden regions: 46->0(46)
[2.391s][info][gc,heap        ] GC(5) Survivor regions: 1->1(6)
[2.391s][info][gc,heap        ] GC(5) Old regions: 28->28
[2.391s][info][gc,heap        ] GC(5) Archive regions: 0->0
[2.391s][info][gc,heap        ] GC(5) Humongous regions: 0->0
[2.391s][info][gc,metaspace   ] GC(5) Metaspace: 14559K(15104K)->14559K(15104K) NonClass: 12497K(12800K)->12497K(12800K) Class: 2062K(2304K)->2062K(2304K)
[2.391s][info][gc             ] GC(5) Pause Young (Normal) (G1 Evacuation Pause) 52M->6M(80M) 1.951ms
[2.391s][info][gc,cpu         ] GC(5) User=0.00s Sys=0.00s Real=0.00s
[2.439s][info][gc,start       ] GC(6) Pause Young (Normal) (G1 Evacuation Pause)
[2.440s][info][gc,task        ] GC(6) Using 33 workers of 33 for evacuation
[2.444s][info][gc,phases      ] GC(6)   Pre Evacuate Collection Set: 0.1ms
[2.444s][info][gc,phases      ] GC(6)   Merge Heap Roots: 0.1ms
[2.444s][info][gc,phases      ] GC(6)   Evacuate Collection Set: 0.7ms
[2.444s][info][gc,phases      ] GC(6)   Post Evacuate Collection Set: 3.7ms
[2.444s][info][gc,phases      ] GC(6)   Other: 0.1ms
[2.444s][info][gc,heap        ] GC(6) Eden regions: 46->0(330)
[2.444s][info][gc,heap        ] GC(6) Survivor regions: 1->1(6)
[2.444s][info][gc,heap        ] GC(6) Old regions: 28->28
[2.444s][info][gc,heap        ] GC(6) Archive regions: 0->0
[2.444s][info][gc,heap        ] GC(6) Humongous regions: 0->0
[2.444s][info][gc,metaspace   ] GC(6) Metaspace: 14559K(15104K)->14559K(15104K) NonClass: 12497K(12800K)->12497K(12800K) Class: 2062K(2304K)->2062K(2304K)
[2.444s][info][gc             ] GC(6) Pause Young (Normal) (G1 Evacuation Pause) 52M->6M(552M) 5.021ms
[2.444s][info][gc,cpu         ] GC(6) User=0.00s Sys=0.00s Real=0.01s
[2.719s][info][gc,start       ] GC(7) Pause Young (Normal) (G1 Evacuation Pause)
[2.719s][info][gc,task        ] GC(7) Using 33 workers of 33 for evacuation
[2.721s][info][gc,phases      ] GC(7)   Pre Evacuate Collection Set: 0.2ms
[2.721s][info][gc,phases      ] GC(7)   Merge Heap Roots: 0.1ms
[2.721s][info][gc,phases      ] GC(7)   Evacuate Collection Set: 0.8ms
[2.721s][info][gc,phases      ] GC(7)   Post Evacuate Collection Set: 0.9ms
[2.721s][info][gc,phases      ] GC(7)   Other: 0.2ms
[2.721s][info][gc,heap        ] GC(7) Eden regions: 330->0(330)
[2.721s][info][gc,heap        ] GC(7) Survivor regions: 1->1(42)
[2.721s][info][gc,heap        ] GC(7) Old regions: 28->28
[2.721s][info][gc,heap        ] GC(7) Archive regions: 0->0
[2.721s][info][gc,heap        ] GC(7) Humongous regions: 0->0
[2.721s][info][gc,metaspace   ] GC(7) Metaspace: 14559K(15104K)->14559K(15104K) NonClass: 12497K(12800K)->12497K(12800K) Class: 2062K(2304K)->2062K(2304K)
[2.721s][info][gc             ] GC(7) Pause Young (Normal) (G1 Evacuation Pause) 336M->7M(552M) 2.437ms
[2.721s][info][gc,cpu         ] GC(7) User=0.00s Sys=0.00s Real=0.00s
[2.948s][info][gc,start       ] GC(8) Pause Young (Normal) (G1 Evacuation Pause)
[2.948s][info][gc,task        ] GC(8) Using 33 workers of 33 for evacuation
[2.950s][info][gc,phases      ] GC(8)   Pre Evacuate Collection Set: 0.1ms
[2.950s][info][gc,phases      ] GC(8)   Merge Heap Roots: 0.2ms
[2.950s][info][gc,phases      ] GC(8)   Evacuate Collection Set: 0.7ms
[2.950s][info][gc,phases      ] GC(8)   Post Evacuate Collection Set: 1.1ms
[2.950s][info][gc,phases      ] GC(8)   Other: 0.1ms
[2.950s][info][gc,heap        ] GC(8) Eden regions: 330->0(330)
[2.950s][info][gc,heap        ] GC(8) Survivor regions: 1->1(42)
[2.950s][info][gc,heap        ] GC(8) Old regions: 28->28
[2.950s][info][gc,heap        ] GC(8) Archive regions: 0->0
[2.950s][info][gc,heap        ] GC(8) Humongous regions: 0->0
[2.950s][info][gc,metaspace   ] GC(8) Metaspace: 14559K(15104K)->14559K(15104K) NonClass: 12497K(12800K)->12497K(12800K) Class: 2062K(2304K)->2062K(2304K)
[2.950s][info][gc             ] GC(8) Pause Young (Normal) (G1 Evacuation Pause) 337M->7M(552M) 2.413ms
[2.950s][info][gc,cpu         ] GC(8) User=0.00s Sys=0.00s Real=0.00s
[3.179s][info][gc,start       ] GC(9) Pause Young (Normal) (G1 Evacuation Pause)
[3.180s][info][gc,task        ] GC(9) Using 33 workers of 33 for evacuation
[3.182s][info][gc,phases      ] GC(9)   Pre Evacuate Collection Set: 0.1ms
[3.182s][info][gc,phases      ] GC(9)   Merge Heap Roots: 0.2ms
[3.182s][info][gc,phases      ] GC(9)   Evacuate Collection Set: 0.6ms
[3.182s][info][gc,phases      ] GC(9)   Post Evacuate Collection Set: 1.1ms
[3.182s][info][gc,phases      ] GC(9)   Other: 0.1ms
[3.182s][info][gc,heap        ] GC(9) Eden regions: 330->0(330)
[3.182s][info][gc,heap        ] GC(9) Survivor regions: 1->1(42)
[3.182s][info][gc,heap        ] GC(9) Old regions: 28->28
[3.182s][info][gc,heap        ] GC(9) Archive regions: 0->0
[3.182s][info][gc,heap        ] GC(9) Humongous regions: 0->0
[3.182s][info][gc,metaspace   ] GC(9) Metaspace: 14559K(15104K)->14559K(15104K) NonClass: 12497K(12800K)->12497K(12800K) Class: 2062K(2304K)->2062K(2304K)
[3.182s][info][gc             ] GC(9) Pause Young (Normal) (G1 Evacuation Pause) 337M->7M(552M) 2.371ms
[3.182s][info][gc,cpu         ] GC(9) User=0.00s Sys=0.00s Real=0.00s
[3.408s][info][gc,start       ] GC(10) Pause Young (Normal) (G1 Evacuation Pause)
[3.408s][info][gc,task        ] GC(10) Using 33 workers of 33 for evacuation
[3.410s][info][gc,phases      ] GC(10)   Pre Evacuate Collection Set: 0.1ms
[3.410s][info][gc,phases      ] GC(10)   Merge Heap Roots: 0.2ms
[3.410s][info][gc,phases      ] GC(10)   Evacuate Collection Set: 0.7ms
[3.410s][info][gc,phases      ] GC(10)   Post Evacuate Collection Set: 1.1ms
[3.410s][info][gc,phases      ] GC(10)   Other: 0.1ms
[3.410s][info][gc,heap        ] GC(10) Eden regions: 330->0(330)
[3.410s][info][gc,heap        ] GC(10) Survivor regions: 1->1(42)
[3.410s][info][gc,heap        ] GC(10) Old regions: 28->28
[3.410s][info][gc,heap        ] GC(10) Archive regions: 0->0
[3.410s][info][gc,heap        ] GC(10) Humongous regions: 0->0
[3.410s][info][gc,metaspace   ] GC(10) Metaspace: 14559K(15104K)->14559K(15104K) NonClass: 12497K(12800K)->12497K(12800K) Class: 2062K(2304K)->2062K(2304K)
[3.410s][info][gc             ] GC(10) Pause Young (Normal) (G1 Evacuation Pause) 337M->7M(552M) 2.382ms
[3.410s][info][gc,cpu         ] GC(10) User=0.00s Sys=0.00s Real=0.00s
[3.633s][info][gc,start       ] GC(11) Pause Young (Normal) (G1 Evacuation Pause)
[3.633s][info][gc,task        ] GC(11) Using 33 workers of 33 for evacuation
[3.635s][info][gc,phases      ] GC(11)   Pre Evacuate Collection Set: 0.1ms
[3.635s][info][gc,phases      ] GC(11)   Merge Heap Roots: 0.2ms
[3.635s][info][gc,phases      ] GC(11)   Evacuate Collection Set: 0.7ms
[3.635s][info][gc,phases      ] GC(11)   Post Evacuate Collection Set: 1.1ms
[3.636s][info][gc,phases      ] GC(11)   Other: 0.1ms
[3.636s][info][gc,heap        ] GC(11) Eden regions: 330->0(330)
[3.636s][info][gc,heap        ] GC(11) Survivor regions: 1->1(42)
[3.636s][info][gc,heap        ] GC(11) Old regions: 28->28
[3.636s][info][gc,heap        ] GC(11) Archive regions: 0->0
[3.636s][info][gc,heap        ] GC(11) Humongous regions: 0->0
[3.636s][info][gc,metaspace   ] GC(11) Metaspace: 14559K(15104K)->14559K(15104K) NonClass: 12497K(12800K)->12497K(12800K) Class: 2062K(2304K)->2062K(2304K)
[3.636s][info][gc             ] GC(11) Pause Young (Normal) (G1 Evacuation Pause) 337M->7M(552M) 2.445ms
[3.636s][info][gc,cpu         ] GC(11) User=0.00s Sys=0.00s Real=0.00s
[3.860s][info][gc,start       ] GC(12) Pause Young (Normal) (G1 Evacuation Pause)
[3.860s][info][gc,task        ] GC(12) Using 33 workers of 33 for evacuation
[3.863s][info][gc,phases      ] GC(12)   Pre Evacuate Collection Set: 0.1ms
[3.863s][info][gc,phases      ] GC(12)   Merge Heap Roots: 0.2ms
[3.863s][info][gc,phases      ] GC(12)   Evacuate Collection Set: 0.6ms
[3.863s][info][gc,phases      ] GC(12)   Post Evacuate Collection Set: 1.2ms
[3.863s][info][gc,phases      ] GC(12)   Other: 0.1ms
[3.863s][info][gc,heap        ] GC(12) Eden regions: 330->0(330)
[3.863s][info][gc,heap        ] GC(12) Survivor regions: 1->1(42)
[3.863s][info][gc,heap        ] GC(12) Old regions: 28->28
[3.863s][info][gc,heap        ] GC(12) Archive regions: 0->0
[3.863s][info][gc,heap        ] GC(12) Humongous regions: 0->0
[3.863s][info][gc,metaspace   ] GC(12) Metaspace: 14559K(15104K)->14559K(15104K) NonClass: 12497K(12800K)->12497K(12800K) Class: 2062K(2304K)->2062K(2304K)
[3.863s][info][gc             ] GC(12) Pause Young (Normal) (G1 Evacuation Pause) 337M->7M(552M) 2.453ms
[3.863s][info][gc,cpu         ] GC(12) User=0.00s Sys=0.00s Real=0.00s
[4.086s][info][gc,start       ] GC(13) Pause Young (Normal) (G1 Evacuation Pause)
[4.086s][info][gc,task        ] GC(13) Using 33 workers of 33 for evacuation
[4.088s][info][gc,phases      ] GC(13)   Pre Evacuate Collection Set: 0.2ms
[4.088s][info][gc,phases      ] GC(13)   Merge Heap Roots: 0.2ms
[4.088s][info][gc,phases      ] GC(13)   Evacuate Collection Set: 0.6ms
[4.088s][info][gc,phases      ] GC(13)   Post Evacuate Collection Set: 1.2ms
[4.088s][info][gc,phases      ] GC(13)   Other: 0.1ms
[4.088s][info][gc,heap        ] GC(13) Eden regions: 330->0(330)
[4.088s][info][gc,heap        ] GC(13) Survivor regions: 1->1(42)
[4.088s][info][gc,heap        ] GC(13) Old regions: 28->28
[4.088s][info][gc,heap        ] GC(13) Archive regions: 0->0
[4.088s][info][gc,heap        ] GC(13) Humongous regions: 0->0
[4.088s][info][gc,metaspace   ] GC(13) Metaspace: 14559K(15104K)->14559K(15104K) NonClass: 12497K(12800K)->12497K(12800K) Class: 2062K(2304K)->2062K(2304K)
[4.088s][info][gc             ] GC(13) Pause Young (Normal) (G1 Evacuation Pause) 337M->7M(552M) 2.484ms
[4.088s][info][gc,cpu         ] GC(13) User=0.00s Sys=0.00s Real=0.00s
[4.312s][info][gc,start       ] GC(14) Pause Young (Normal) (G1 Evacuation Pause)
[4.313s][info][gc,task        ] GC(14) Using 33 workers of 33 for evacuation
[4.315s][info][gc,phases      ] GC(14)   Pre Evacuate Collection Set: 0.1ms
[4.315s][info][gc,phases      ] GC(14)   Merge Heap Roots: 0.1ms
[4.315s][info][gc,phases      ] GC(14)   Evacuate Collection Set: 0.8ms
[4.315s][info][gc,phases      ] GC(14)   Post Evacuate Collection Set: 1.3ms
[4.315s][info][gc,phases      ] GC(14)   Other: 0.1ms
[4.315s][info][gc,heap        ] GC(14) Eden regions: 330->0(330)
[4.315s][info][gc,heap        ] GC(14) Survivor regions: 1->1(42)
[4.315s][info][gc,heap        ] GC(14) Old regions: 28->28
[4.315s][info][gc,heap        ] GC(14) Archive regions: 0->0
[4.315s][info][gc,heap        ] GC(14) Humongous regions: 0->0
[4.315s][info][gc,metaspace   ] GC(14) Metaspace: 14559K(15104K)->14559K(15104K) NonClass: 12497K(12800K)->12497K(12800K) Class: 2062K(2304K)->2062K(2304K)
[4.315s][info][gc             ] GC(14) Pause Young (Normal) (G1 Evacuation Pause) 337M->7M(552M) 2.658ms
[4.315s][info][gc,cpu         ] GC(14) User=0.00s Sys=0.00s Real=0.00s
[4.541s][info][gc,start       ] GC(15) Pause Young (Normal) (G1 Evacuation Pause)
[4.541s][info][gc,task        ] GC(15) Using 33 workers of 33 for evacuation
[4.543s][info][gc,phases      ] GC(15)   Pre Evacuate Collection Set: 0.2ms
[4.543s][info][gc,phases      ] GC(15)   Merge Heap Roots: 0.2ms
[4.543s][info][gc,phases      ] GC(15)   Evacuate Collection Set: 0.7ms
[4.543s][info][gc,phases      ] GC(15)   Post Evacuate Collection Set: 1.3ms
[4.543s][info][gc,phases      ] GC(15)   Other: 0.1ms
[4.543s][info][gc,heap        ] GC(15) Eden regions: 330->0(330)
[4.543s][info][gc,heap        ] GC(15) Survivor regions: 1->1(42)
[4.543s][info][gc,heap        ] GC(15) Old regions: 28->28
[4.543s][info][gc,heap        ] GC(15) Archive regions: 0->0
[4.543s][info][gc,heap        ] GC(15) Humongous regions: 0->0
[4.543s][info][gc,metaspace   ] GC(15) Metaspace: 14559K(15104K)->14559K(15104K) NonClass: 12497K(12800K)->12497K(12800K) Class: 2062K(2304K)->2062K(2304K)
[4.543s][info][gc             ] GC(15) Pause Young (Normal) (G1 Evacuation Pause) 337M->7M(552M) 2.727ms
[4.543s][info][gc,cpu         ] GC(15) User=0.00s Sys=0.00s Real=0.00s
[4.770s][info][gc,start       ] GC(16) Pause Young (Normal) (G1 Evacuation Pause)
[4.770s][info][gc,task        ] GC(16) Using 33 workers of 33 for evacuation
[4.772s][info][gc,phases      ] GC(16)   Pre Evacuate Collection Set: 0.2ms
[4.772s][info][gc,phases      ] GC(16)   Merge Heap Roots: 0.2ms
[4.772s][info][gc,phases      ] GC(16)   Evacuate Collection Set: 0.7ms
[4.772s][info][gc,phases      ] GC(16)   Post Evacuate Collection Set: 1.1ms
[4.772s][info][gc,phases      ] GC(16)   Other: 0.1ms
[4.772s][info][gc,heap        ] GC(16) Eden regions: 330->0(330)
[4.772s][info][gc,heap        ] GC(16) Survivor regions: 1->1(42)
[4.772s][info][gc,heap        ] GC(16) Old regions: 28->28
[4.772s][info][gc,heap        ] GC(16) Archive regions: 0->0
[4.772s][info][gc,heap        ] GC(16) Humongous regions: 0->0
[4.772s][info][gc,metaspace   ] GC(16) Metaspace: 14560K(15104K)->14560K(15104K) NonClass: 12497K(12800K)->12497K(12800K) Class: 2062K(2304K)->2062K(2304K)
[4.772s][info][gc             ] GC(16) Pause Young (Normal) (G1 Evacuation Pause) 337M->7M(552M) 2.527ms
[4.772s][info][gc,cpu         ] GC(16) User=0.00s Sys=0.00s Real=0.00s
[4.993s][info][gc,start       ] GC(17) Pause Young (Normal) (G1 Evacuation Pause)
[4.993s][info][gc,task        ] GC(17) Using 33 workers of 33 for evacuation
[4.996s][info][gc,phases      ] GC(17)   Pre Evacuate Collection Set: 0.1ms
[4.996s][info][gc,phases      ] GC(17)   Merge Heap Roots: 0.2ms
[4.996s][info][gc,phases      ] GC(17)   Evacuate Collection Set: 0.7ms
[4.996s][info][gc,phases      ] GC(17)   Post Evacuate Collection Set: 1.1ms
[4.996s][info][gc,phases      ] GC(17)   Other: 0.1ms
[4.996s][info][gc,heap        ] GC(17) Eden regions: 330->0(330)
[4.996s][info][gc,heap        ] GC(17) Survivor regions: 1->1(42)
[4.996s][info][gc,heap        ] GC(17) Old regions: 28->28
[4.996s][info][gc,heap        ] GC(17) Archive regions: 0->0
[4.996s][info][gc,heap        ] GC(17) Humongous regions: 0->0
[4.996s][info][gc,metaspace   ] GC(17) Metaspace: 14560K(15104K)->14560K(15104K) NonClass: 12497K(12800K)->12497K(12800K) Class: 2062K(2304K)->2062K(2304K)
[4.996s][info][gc             ] GC(17) Pause Young (Normal) (G1 Evacuation Pause) 337M->7M(552M) 2.407ms
[4.996s][info][gc,cpu         ] GC(17) User=0.00s Sys=0.00s Real=0.00s
[5.221s][info][gc,start       ] GC(18) Pause Young (Normal) (G1 Evacuation Pause)
[5.221s][info][gc,task        ] GC(18) Using 33 workers of 33 for evacuation
[5.223s][info][gc,phases      ] GC(18)   Pre Evacuate Collection Set: 0.1ms
[5.223s][info][gc,phases      ] GC(18)   Merge Heap Roots: 0.1ms
[5.223s][info][gc,phases      ] GC(18)   Evacuate Collection Set: 0.4ms
[5.223s][info][gc,phases      ] GC(18)   Post Evacuate Collection Set: 1.1ms
[5.223s][info][gc,phases      ] GC(18)   Other: 0.1ms
[5.223s][info][gc,heap        ] GC(18) Eden regions: 330->0(330)
[5.223s][info][gc,heap        ] GC(18) Survivor regions: 1->1(42)
[5.223s][info][gc,heap        ] GC(18) Old regions: 28->28
[5.223s][info][gc,heap        ] GC(18) Archive regions: 0->0
[5.223s][info][gc,heap        ] GC(18) Humongous regions: 0->0
[5.223s][info][gc,metaspace   ] GC(18) Metaspace: 14560K(15104K)->14560K(15104K) NonClass: 12497K(12800K)->12497K(12800K) Class: 2062K(2304K)->2062K(2304K)
[5.223s][info][gc             ] GC(18) Pause Young (Normal) (G1 Evacuation Pause) 337M->7M(552M) 2.124ms
[5.223s][info][gc,cpu         ] GC(18) User=0.00s Sys=0.00s Real=0.00s
[5.445s][info][gc,start       ] GC(19) Pause Young (Normal) (G1 Evacuation Pause)
[5.445s][info][gc,task        ] GC(19) Using 33 workers of 33 for evacuation
[5.447s][info][gc,phases      ] GC(19)   Pre Evacuate Collection Set: 0.1ms
[5.447s][info][gc,phases      ] GC(19)   Merge Heap Roots: 0.2ms
[5.447s][info][gc,phases      ] GC(19)   Evacuate Collection Set: 0.4ms
[5.447s][info][gc,phases      ] GC(19)   Post Evacuate Collection Set: 1.1ms
[5.447s][info][gc,phases      ] GC(19)   Other: 0.1ms
[5.447s][info][gc,heap        ] GC(19) Eden regions: 330->0(330)
[5.447s][info][gc,heap        ] GC(19) Survivor regions: 1->1(42)
[5.447s][info][gc,heap        ] GC(19) Old regions: 28->28
[5.447s][info][gc,heap        ] GC(19) Archive regions: 0->0
[5.447s][info][gc,heap        ] GC(19) Humongous regions: 0->0
[5.447s][info][gc,metaspace   ] GC(19) Metaspace: 14560K(15104K)->14560K(15104K) NonClass: 12497K(12800K)->12497K(12800K) Class: 2062K(2304K)->2062K(2304K)
[5.447s][info][gc             ] GC(19) Pause Young (Normal) (G1 Evacuation Pause) 337M->7M(552M) 2.123ms
[5.447s][info][gc,cpu         ] GC(19) User=0.00s Sys=0.00s Real=0.00s
[5.669s][info][gc,start       ] GC(20) Pause Young (Normal) (G1 Evacuation Pause)
[5.670s][info][gc,task        ] GC(20) Using 33 workers of 33 for evacuation
[5.672s][info][gc,phases      ] GC(20)   Pre Evacuate Collection Set: 0.2ms
[5.672s][info][gc,phases      ] GC(20)   Merge Heap Roots: 0.2ms
[5.672s][info][gc,phases      ] GC(20)   Evacuate Collection Set: 0.4ms
[5.672s][info][gc,phases      ] GC(20)   Post Evacuate Collection Set: 1.2ms
[5.672s][info][gc,phases      ] GC(20)   Other: 0.1ms
[5.672s][info][gc,heap        ] GC(20) Eden regions: 330->0(330)
[5.672s][info][gc,heap        ] GC(20) Survivor regions: 1->1(42)
[5.672s][info][gc,heap        ] GC(20) Old regions: 28->28
[5.672s][info][gc,heap        ] GC(20) Archive regions: 0->0
[5.672s][info][gc,heap        ] GC(20) Humongous regions: 0->0
[5.672s][info][gc,metaspace   ] GC(20) Metaspace: 14560K(15104K)->14560K(15104K) NonClass: 12497K(12800K)->12497K(12800K) Class: 2062K(2304K)->2062K(2304K)
[5.672s][info][gc             ] GC(20) Pause Young (Normal) (G1 Evacuation Pause) 337M->7M(552M) 2.254ms
[5.672s][info][gc,cpu         ] GC(20) User=0.02s Sys=0.00s Real=0.00s
[5.917s][info][gc,start       ] GC(21) Pause Young (Normal) (G1 Evacuation Pause)
[5.917s][info][gc,task        ] GC(21) Using 33 workers of 33 for evacuation
[5.920s][info][gc,phases      ] GC(21)   Pre Evacuate Collection Set: 0.2ms
[5.920s][info][gc,phases      ] GC(21)   Merge Heap Roots: 0.2ms
[5.920s][info][gc,phases      ] GC(21)   Evacuate Collection Set: 0.4ms
[5.920s][info][gc,phases      ] GC(21)   Post Evacuate Collection Set: 1.5ms
[5.920s][info][gc,phases      ] GC(21)   Other: 0.1ms
[5.920s][info][gc,heap        ] GC(21) Eden regions: 330->0(330)
[5.920s][info][gc,heap        ] GC(21) Survivor regions: 1->1(42)
[5.920s][info][gc,heap        ] GC(21) Old regions: 28->28
[5.920s][info][gc,heap        ] GC(21) Archive regions: 0->0
[5.920s][info][gc,heap        ] GC(21) Humongous regions: 0->0
[5.920s][info][gc,metaspace   ] GC(21) Metaspace: 14560K(15104K)->14560K(15104K) NonClass: 12497K(12800K)->12497K(12800K) Class: 2062K(2304K)->2062K(2304K)
[5.920s][info][gc             ] GC(21) Pause Young (Normal) (G1 Evacuation Pause) 337M->7M(552M) 2.765ms
[5.920s][info][gc,cpu         ] GC(21) User=0.00s Sys=0.00s Real=0.00s
[6.150s][info][gc,start       ] GC(22) Pause Young (Normal) (G1 Evacuation Pause)
[6.150s][info][gc,task        ] GC(22) Using 33 workers of 33 for evacuation
[6.152s][info][gc,phases      ] GC(22)   Pre Evacuate Collection Set: 0.1ms
[6.152s][info][gc,phases      ] GC(22)   Merge Heap Roots: 0.2ms
[6.152s][info][gc,phases      ] GC(22)   Evacuate Collection Set: 0.4ms
[6.152s][info][gc,phases      ] GC(22)   Post Evacuate Collection Set: 1.0ms
[6.152s][info][gc,phases      ] GC(22)   Other: 0.1ms
[6.152s][info][gc,heap        ] GC(22) Eden regions: 330->0(330)
[6.152s][info][gc,heap        ] GC(22) Survivor regions: 1->1(42)
[6.152s][info][gc,heap        ] GC(22) Old regions: 28->28
[6.152s][info][gc,heap        ] GC(22) Archive regions: 0->0
[6.152s][info][gc,heap        ] GC(22) Humongous regions: 0->0
[6.152s][info][gc,metaspace   ] GC(22) Metaspace: 14560K(15104K)->14560K(15104K) NonClass: 12497K(12800K)->12497K(12800K) Class: 2062K(2304K)->2062K(2304K)
[6.152s][info][gc             ] GC(22) Pause Young (Normal) (G1 Evacuation Pause) 337M->7M(552M) 2.015ms
[6.152s][info][gc,cpu         ] GC(22) User=0.00s Sys=0.00s Real=0.00s
[6.375s][info][gc,start       ] GC(23) Pause Young (Normal) (G1 Evacuation Pause)
[6.375s][info][gc,task        ] GC(23) Using 33 workers of 33 for evacuation
[6.376s][info][gc,phases      ] GC(23)   Pre Evacuate Collection Set: 0.1ms
[6.376s][info][gc,phases      ] GC(23)   Merge Heap Roots: 0.2ms
[6.377s][info][gc,phases      ] GC(23)   Evacuate Collection Set: 0.3ms
[6.377s][info][gc,phases      ] GC(23)   Post Evacuate Collection Set: 1.1ms
[6.377s][info][gc,phases      ] GC(23)   Other: 0.1ms
[6.377s][info][gc,heap        ] GC(23) Eden regions: 330->0(330)
[6.377s][info][gc,heap        ] GC(23) Survivor regions: 1->1(42)
[6.377s][info][gc,heap        ] GC(23) Old regions: 28->28
[6.377s][info][gc,heap        ] GC(23) Archive regions: 0->0
[6.377s][info][gc,heap        ] GC(23) Humongous regions: 0->0
[6.377s][info][gc,metaspace   ] GC(23) Metaspace: 14560K(15104K)->14560K(15104K) NonClass: 12497K(12800K)->12497K(12800K) Class: 2062K(2304K)->2062K(2304K)
[6.377s][info][gc             ] GC(23) Pause Young (Normal) (G1 Evacuation Pause) 337M->7M(552M) 2.054ms
[6.377s][info][gc,cpu         ] GC(23) User=0.02s Sys=0.00s Real=0.00s
[6.599s][info][gc,start       ] GC(24) Pause Young (Normal) (G1 Evacuation Pause)
[6.599s][info][gc,task        ] GC(24) Using 33 workers of 33 for evacuation
[6.601s][info][gc,phases      ] GC(24)   Pre Evacuate Collection Set: 0.1ms
[6.601s][info][gc,phases      ] GC(24)   Merge Heap Roots: 0.1ms
[6.601s][info][gc,phases      ] GC(24)   Evacuate Collection Set: 0.3ms
[6.601s][info][gc,phases      ] GC(24)   Post Evacuate Collection Set: 1.0ms
[6.601s][info][gc,phases      ] GC(24)   Other: 0.1ms
[6.601s][info][gc,heap        ] GC(24) Eden regions: 330->0(330)
[6.601s][info][gc,heap        ] GC(24) Survivor regions: 1->1(42)
[6.601s][info][gc,heap        ] GC(24) Old regions: 28->28
[6.601s][info][gc,heap        ] GC(24) Archive regions: 0->0
[6.601s][info][gc,heap        ] GC(24) Humongous regions: 0->0
[6.601s][info][gc,metaspace   ] GC(24) Metaspace: 14560K(15104K)->14560K(15104K) NonClass: 12497K(12800K)->12497K(12800K) Class: 2062K(2304K)->2062K(2304K)
[6.601s][info][gc             ] GC(24) Pause Young (Normal) (G1 Evacuation Pause) 337M->7M(552M) 1.981ms
[6.601s][info][gc,cpu         ] GC(24) User=0.00s Sys=0.00s Real=0.00s
[6.823s][info][gc,start       ] GC(25) Pause Young (Normal) (G1 Evacuation Pause)
[6.823s][info][gc,task        ] GC(25) Using 33 workers of 33 for evacuation
[6.825s][info][gc,phases      ] GC(25)   Pre Evacuate Collection Set: 0.1ms
[6.825s][info][gc,phases      ] GC(25)   Merge Heap Roots: 0.2ms
[6.825s][info][gc,phases      ] GC(25)   Evacuate Collection Set: 0.3ms
[6.825s][info][gc,phases      ] GC(25)   Post Evacuate Collection Set: 1.1ms
[6.825s][info][gc,phases      ] GC(25)   Other: 0.1ms
[6.825s][info][gc,heap        ] GC(25) Eden regions: 330->0(330)
[6.825s][info][gc,heap        ] GC(25) Survivor regions: 1->1(42)
[6.825s][info][gc,heap        ] GC(25) Old regions: 28->28
[6.825s][info][gc,heap        ] GC(25) Archive regions: 0->0
[6.825s][info][gc,heap        ] GC(25) Humongous regions: 0->0
[6.825s][info][gc,metaspace   ] GC(25) Metaspace: 14560K(15104K)->14560K(15104K) NonClass: 12497K(12800K)->12497K(12800K) Class: 2062K(2304K)->2062K(2304K)
[6.825s][info][gc             ] GC(25) Pause Young (Normal) (G1 Evacuation Pause) 337M->7M(552M) 2.120ms
[6.825s][info][gc,cpu         ] GC(25) User=0.00s Sys=0.00s Real=0.00s
[7.049s][info][gc,start       ] GC(26) Pause Young (Normal) (G1 Evacuation Pause)
[7.049s][info][gc,task        ] GC(26) Using 33 workers of 33 for evacuation
[7.051s][info][gc,phases      ] GC(26)   Pre Evacuate Collection Set: 0.1ms
[7.051s][info][gc,phases      ] GC(26)   Merge Heap Roots: 0.2ms
[7.051s][info][gc,phases      ] GC(26)   Evacuate Collection Set: 0.4ms
[7.051s][info][gc,phases      ] GC(26)   Post Evacuate Collection Set: 1.2ms
[7.051s][info][gc,phases      ] GC(26)   Other: 0.1ms
[7.051s][info][gc,heap        ] GC(26) Eden regions: 330->0(330)
[7.051s][info][gc,heap        ] GC(26) Survivor regions: 1->1(42)
[7.051s][info][gc,heap        ] GC(26) Old regions: 28->29
[7.051s][info][gc,heap        ] GC(26) Archive regions: 0->0
[7.051s][info][gc,heap        ] GC(26) Humongous regions: 0->0
[7.051s][info][gc,metaspace   ] GC(26) Metaspace: 14563K(15104K)->14563K(15104K) NonClass: 12501K(12800K)->12501K(12800K) Class: 2062K(2304K)->2062K(2304K)
[7.051s][info][gc             ] GC(26) Pause Young (Normal) (G1 Evacuation Pause) 337M->7M(552M) 2.179ms
[7.051s][info][gc,cpu         ] GC(26) User=0.00s Sys=0.00s Real=0.00s
[7.274s][info][gc,start       ] GC(27) Pause Young (Normal) (G1 Evacuation Pause)
[7.274s][info][gc,task        ] GC(27) Using 33 workers of 33 for evacuation
[7.276s][info][gc,phases      ] GC(27)   Pre Evacuate Collection Set: 0.1ms
[7.276s][info][gc,phases      ] GC(27)   Merge Heap Roots: 0.1ms
[7.276s][info][gc,phases      ] GC(27)   Evacuate Collection Set: 0.3ms
[7.276s][info][gc,phases      ] GC(27)   Post Evacuate Collection Set: 1.2ms
[7.276s][info][gc,phases      ] GC(27)   Other: 0.2ms
[7.276s][info][gc,heap        ] GC(27) Eden regions: 330->0(330)
[7.276s][info][gc,heap        ] GC(27) Survivor regions: 1->1(42)
[7.276s][info][gc,heap        ] GC(27) Old regions: 29->29
[7.276s][info][gc,heap        ] GC(27) Archive regions: 0->0
[7.276s][info][gc,heap        ] GC(27) Humongous regions: 0->0
[7.276s][info][gc,metaspace   ] GC(27) Metaspace: 14563K(15104K)->14563K(15104K) NonClass: 12501K(12800K)->12501K(12800K) Class: 2062K(2304K)->2062K(2304K)
[7.276s][info][gc             ] GC(27) Pause Young (Normal) (G1 Evacuation Pause) 337M->8M(552M) 2.187ms
[7.276s][info][gc,cpu         ] GC(27) User=0.00s Sys=0.00s Real=0.00s
[7.499s][info][gc,start       ] GC(28) Pause Young (Normal) (G1 Evacuation Pause)
[7.499s][info][gc,task        ] GC(28) Using 33 workers of 33 for evacuation
[7.501s][info][gc,phases      ] GC(28)   Pre Evacuate Collection Set: 0.1ms
[7.501s][info][gc,phases      ] GC(28)   Merge Heap Roots: 0.2ms
[7.501s][info][gc,phases      ] GC(28)   Evacuate Collection Set: 0.4ms
[7.501s][info][gc,phases      ] GC(28)   Post Evacuate Collection Set: 1.2ms
[7.501s][info][gc,phases      ] GC(28)   Other: 0.1ms
[7.501s][info][gc,heap        ] GC(28) Eden regions: 330->0(330)
[7.501s][info][gc,heap        ] GC(28) Survivor regions: 1->1(42)
[7.501s][info][gc,heap        ] GC(28) Old regions: 29->29
[7.501s][info][gc,heap        ] GC(28) Archive regions: 0->0
[7.501s][info][gc,heap        ] GC(28) Humongous regions: 0->0
[7.501s][info][gc,metaspace   ] GC(28) Metaspace: 14563K(15104K)->14563K(15104K) NonClass: 12501K(12800K)->12501K(12800K) Class: 2062K(2304K)->2062K(2304K)
[7.501s][info][gc             ] GC(28) Pause Young (Normal) (G1 Evacuation Pause) 338M->8M(552M) 2.184ms
[7.501s][info][gc,cpu         ] GC(28) User=0.03s Sys=0.03s Real=0.00s
[7.729s][info][gc,start       ] GC(29) Pause Young (Normal) (G1 Evacuation Pause)
[7.729s][info][gc,task        ] GC(29) Using 33 workers of 33 for evacuation
[7.731s][info][gc,phases      ] GC(29)   Pre Evacuate Collection Set: 0.1ms
[7.731s][info][gc,phases      ] GC(29)   Merge Heap Roots: 0.2ms
[7.731s][info][gc,phases      ] GC(29)   Evacuate Collection Set: 0.3ms
[7.731s][info][gc,phases      ] GC(29)   Post Evacuate Collection Set: 1.0ms
[7.731s][info][gc,phases      ] GC(29)   Other: 0.1ms
[7.731s][info][gc,heap        ] GC(29) Eden regions: 330->0(330)
[7.731s][info][gc,heap        ] GC(29) Survivor regions: 1->1(42)
[7.731s][info][gc,heap        ] GC(29) Old regions: 29->29
[7.731s][info][gc,heap        ] GC(29) Archive regions: 0->0
[7.731s][info][gc,heap        ] GC(29) Humongous regions: 0->0
[7.731s][info][gc,metaspace   ] GC(29) Metaspace: 14563K(15104K)->14563K(15104K) NonClass: 12501K(12800K)->12501K(12800K) Class: 2062K(2304K)->2062K(2304K)
[7.731s][info][gc             ] GC(29) Pause Young (Normal) (G1 Evacuation Pause) 338M->8M(552M) 1.990ms
[7.731s][info][gc,cpu         ] GC(29) User=0.00s Sys=0.00s Real=0.00s
[7.956s][info][gc,start       ] GC(30) Pause Young (Normal) (G1 Evacuation Pause)
[7.957s][info][gc,task        ] GC(30) Using 33 workers of 33 for evacuation
[7.958s][info][gc,phases      ] GC(30)   Pre Evacuate Collection Set: 0.1ms
[7.958s][info][gc,phases      ] GC(30)   Merge Heap Roots: 0.2ms
[7.958s][info][gc,phases      ] GC(30)   Evacuate Collection Set: 0.3ms
[7.958s][info][gc,phases      ] GC(30)   Post Evacuate Collection Set: 1.0ms
[7.958s][info][gc,phases      ] GC(30)   Other: 0.1ms
[7.958s][info][gc,heap        ] GC(30) Eden regions: 330->0(330)
[7.958s][info][gc,heap        ] GC(30) Survivor regions: 1->1(42)
[7.958s][info][gc,heap        ] GC(30) Old regions: 29->29
[7.958s][info][gc,heap        ] GC(30) Archive regions: 0->0
[7.958s][info][gc,heap        ] GC(30) Humongous regions: 0->0
[7.958s][info][gc,metaspace   ] GC(30) Metaspace: 14563K(15104K)->14563K(15104K) NonClass: 12501K(12800K)->12501K(12800K) Class: 2062K(2304K)->2062K(2304K)
[7.958s][info][gc             ] GC(30) Pause Young (Normal) (G1 Evacuation Pause) 338M->8M(552M) 2.039ms
[7.959s][info][gc,cpu         ] GC(30) User=0.00s Sys=0.00s Real=0.00s
[8.182s][info][gc,start       ] GC(31) Pause Young (Normal) (G1 Evacuation Pause)
[8.182s][info][gc,task        ] GC(31) Using 33 workers of 33 for evacuation
[8.184s][info][gc,phases      ] GC(31)   Pre Evacuate Collection Set: 0.1ms
[8.184s][info][gc,phases      ] GC(31)   Merge Heap Roots: 0.2ms
[8.184s][info][gc,phases      ] GC(31)   Evacuate Collection Set: 0.3ms
[8.184s][info][gc,phases      ] GC(31)   Post Evacuate Collection Set: 1.1ms
[8.184s][info][gc,phases      ] GC(31)   Other: 0.1ms
[8.184s][info][gc,heap        ] GC(31) Eden regions: 330->0(330)
[8.184s][info][gc,heap        ] GC(31) Survivor regions: 1->1(42)
[8.184s][info][gc,heap        ] GC(31) Old regions: 29->29
[8.184s][info][gc,heap        ] GC(31) Archive regions: 0->0
[8.184s][info][gc,heap        ] GC(31) Humongous regions: 0->0
[8.184s][info][gc,metaspace   ] GC(31) Metaspace: 14563K(15104K)->14563K(15104K) NonClass: 12501K(12800K)->12501K(12800K) Class: 2062K(2304K)->2062K(2304K)
[8.184s][info][gc             ] GC(31) Pause Young (Normal) (G1 Evacuation Pause) 338M->8M(552M) 2.052ms
[8.184s][info][gc,cpu         ] GC(31) User=0.00s Sys=0.00s Real=0.00s
[8.405s][info][gc,start       ] GC(32) Pause Young (Normal) (G1 Evacuation Pause)
[8.405s][info][gc,task        ] GC(32) Using 33 workers of 33 for evacuation
[8.407s][info][gc,phases      ] GC(32)   Pre Evacuate Collection Set: 0.1ms
[8.407s][info][gc,phases      ] GC(32)   Merge Heap Roots: 0.2ms
[8.407s][info][gc,phases      ] GC(32)   Evacuate Collection Set: 0.4ms
[8.407s][info][gc,phases      ] GC(32)   Post Evacuate Collection Set: 1.1ms
[8.407s][info][gc,phases      ] GC(32)   Other: 0.1ms
[8.407s][info][gc,heap        ] GC(32) Eden regions: 330->0(330)
[8.407s][info][gc,heap        ] GC(32) Survivor regions: 1->1(42)
[8.407s][info][gc,heap        ] GC(32) Old regions: 29->29
[8.407s][info][gc,heap        ] GC(32) Archive regions: 0->0
[8.407s][info][gc,heap        ] GC(32) Humongous regions: 0->0
[8.407s][info][gc,metaspace   ] GC(32) Metaspace: 14563K(15104K)->14563K(15104K) NonClass: 12501K(12800K)->12501K(12800K) Class: 2062K(2304K)->2062K(2304K)
[8.407s][info][gc             ] GC(32) Pause Young (Normal) (G1 Evacuation Pause) 338M->8M(552M) 2.152ms
[8.407s][info][gc,cpu         ] GC(32) User=0.52s Sys=0.00s Real=0.00s
[8.628s][info][gc,start       ] GC(33) Pause Young (Normal) (G1 Evacuation Pause)
[8.629s][info][gc,task        ] GC(33) Using 33 workers of 33 for evacuation
[8.630s][info][gc,phases      ] GC(33)   Pre Evacuate Collection Set: 0.1ms
[8.630s][info][gc,phases      ] GC(33)   Merge Heap Roots: 0.1ms
[8.630s][info][gc,phases      ] GC(33)   Evacuate Collection Set: 0.3ms
[8.630s][info][gc,phases      ] GC(33)   Post Evacuate Collection Set: 1.2ms
[8.630s][info][gc,phases      ] GC(33)   Other: 0.1ms
[8.630s][info][gc,heap        ] GC(33) Eden regions: 330->0(330)
[8.631s][info][gc,heap        ] GC(33) Survivor regions: 1->1(42)
[8.631s][info][gc,heap        ] GC(33) Old regions: 29->29
[8.631s][info][gc,heap        ] GC(33) Archive regions: 0->0
[8.631s][info][gc,heap        ] GC(33) Humongous regions: 0->0
[8.631s][info][gc,metaspace   ] GC(33) Metaspace: 14563K(15104K)->14563K(15104K) NonClass: 12501K(12800K)->12501K(12800K) Class: 2062K(2304K)->2062K(2304K)
[8.631s][info][gc             ] GC(33) Pause Young (Normal) (G1 Evacuation Pause) 338M->8M(552M) 2.155ms
[8.631s][info][gc,cpu         ] GC(33) User=0.00s Sys=0.00s Real=0.00s
[8.854s][info][gc,start       ] GC(34) Pause Young (Normal) (G1 Evacuation Pause)
[8.854s][info][gc,task        ] GC(34) Using 33 workers of 33 for evacuation
[8.856s][info][gc,phases      ] GC(34)   Pre Evacuate Collection Set: 0.1ms
[8.856s][info][gc,phases      ] GC(34)   Merge Heap Roots: 0.1ms
[8.856s][info][gc,phases      ] GC(34)   Evacuate Collection Set: 0.4ms
[8.856s][info][gc,phases      ] GC(34)   Post Evacuate Collection Set: 1.2ms
[8.856s][info][gc,phases      ] GC(34)   Other: 0.1ms
[8.856s][info][gc,heap        ] GC(34) Eden regions: 330->0(330)
[8.856s][info][gc,heap        ] GC(34) Survivor regions: 1->1(42)
[8.856s][info][gc,heap        ] GC(34) Old regions: 29->29
[8.856s][info][gc,heap        ] GC(34) Archive regions: 0->0
[8.856s][info][gc,heap        ] GC(34) Humongous regions: 0->0
[8.856s][info][gc,metaspace   ] GC(34) Metaspace: 14563K(15104K)->14563K(15104K) NonClass: 12501K(12800K)->12501K(12800K) Class: 2062K(2304K)->2062K(2304K)
[8.856s][info][gc             ] GC(34) Pause Young (Normal) (G1 Evacuation Pause) 338M->8M(552M) 2.233ms
[8.856s][info][gc,cpu         ] GC(34) User=0.00s Sys=0.00s Real=0.00s
[9.078s][info][gc,start       ] GC(35) Pause Young (Normal) (G1 Evacuation Pause)
[9.078s][info][gc,task        ] GC(35) Using 33 workers of 33 for evacuation
[9.080s][info][gc,phases      ] GC(35)   Pre Evacuate Collection Set: 0.1ms
[9.080s][info][gc,phases      ] GC(35)   Merge Heap Roots: 0.2ms
[9.080s][info][gc,phases      ] GC(35)   Evacuate Collection Set: 0.3ms
[9.080s][info][gc,phases      ] GC(35)   Post Evacuate Collection Set: 1.3ms
[9.080s][info][gc,phases      ] GC(35)   Other: 0.1ms
[9.080s][info][gc,heap        ] GC(35) Eden regions: 330->0(330)
[9.080s][info][gc,heap        ] GC(35) Survivor regions: 1->1(42)
[9.080s][info][gc,heap        ] GC(35) Old regions: 29->29
[9.080s][info][gc,heap        ] GC(35) Archive regions: 0->0
[9.080s][info][gc,heap        ] GC(35) Humongous regions: 0->0
[9.080s][info][gc,metaspace   ] GC(35) Metaspace: 14563K(15104K)->14563K(15104K) NonClass: 12501K(12800K)->12501K(12800K) Class: 2062K(2304K)->2062K(2304K)
[9.080s][info][gc             ] GC(35) Pause Young (Normal) (G1 Evacuation Pause) 338M->8M(552M) 2.268ms
[9.080s][info][gc,cpu         ] GC(35) User=0.02s Sys=0.00s Real=0.00s
[9.302s][info][gc,start       ] GC(36) Pause Young (Normal) (G1 Evacuation Pause)
[9.302s][info][gc,task        ] GC(36) Using 33 workers of 33 for evacuation
[9.304s][info][gc,phases      ] GC(36)   Pre Evacuate Collection Set: 0.1ms
[9.304s][info][gc,phases      ] GC(36)   Merge Heap Roots: 0.1ms
[9.304s][info][gc,phases      ] GC(36)   Evacuate Collection Set: 0.4ms
[9.304s][info][gc,phases      ] GC(36)   Post Evacuate Collection Set: 1.3ms
[9.304s][info][gc,phases      ] GC(36)   Other: 0.1ms
[9.304s][info][gc,heap        ] GC(36) Eden regions: 330->0(330)
[9.304s][info][gc,heap        ] GC(36) Survivor regions: 1->1(42)
[9.304s][info][gc,heap        ] GC(36) Old regions: 29->29
[9.304s][info][gc,heap        ] GC(36) Archive regions: 0->0
[9.304s][info][gc,heap        ] GC(36) Humongous regions: 0->0
[9.304s][info][gc,metaspace   ] GC(36) Metaspace: 14563K(15104K)->14563K(15104K) NonClass: 12501K(12800K)->12501K(12800K) Class: 2062K(2304K)->2062K(2304K)
[9.304s][info][gc             ] GC(36) Pause Young (Normal) (G1 Evacuation Pause) 338M->8M(552M) 2.280ms
[9.304s][info][gc,cpu         ] GC(36) User=0.00s Sys=0.00s Real=0.00s
[9.526s][info][gc,start       ] GC(37) Pause Young (Normal) (G1 Evacuation Pause)
[9.527s][info][gc,task        ] GC(37) Using 33 workers of 33 for evacuation
[9.529s][info][gc,phases      ] GC(37)   Pre Evacuate Collection Set: 0.1ms
[9.529s][info][gc,phases      ] GC(37)   Merge Heap Roots: 0.1ms
[9.529s][info][gc,phases      ] GC(37)   Evacuate Collection Set: 0.4ms
[9.529s][info][gc,phases      ] GC(37)   Post Evacuate Collection Set: 1.4ms
[9.529s][info][gc,phases      ] GC(37)   Other: 0.1ms
[9.529s][info][gc,heap        ] GC(37) Eden regions: 330->0(330)
[9.529s][info][gc,heap        ] GC(37) Survivor regions: 1->1(42)
[9.529s][info][gc,heap        ] GC(37) Old regions: 29->29
[9.529s][info][gc,heap        ] GC(37) Archive regions: 0->0
[9.529s][info][gc,heap        ] GC(37) Humongous regions: 0->0
[9.529s][info][gc,metaspace   ] GC(37) Metaspace: 14563K(15104K)->14563K(15104K) NonClass: 12501K(12800K)->12501K(12800K) Class: 2062K(2304K)->2062K(2304K)
[9.529s][info][gc             ] GC(37) Pause Young (Normal) (G1 Evacuation Pause) 338M->8M(552M) 2.460ms
[9.529s][info][gc,cpu         ] GC(37) User=0.00s Sys=0.00s Real=0.00s
[9.751s][info][gc,start       ] GC(38) Pause Young (Normal) (G1 Evacuation Pause)
[9.752s][info][gc,task        ] GC(38) Using 33 workers of 33 for evacuation
[9.754s][info][gc,phases      ] GC(38)   Pre Evacuate Collection Set: 0.1ms
[9.754s][info][gc,phases      ] GC(38)   Merge Heap Roots: 0.2ms
[9.754s][info][gc,phases      ] GC(38)   Evacuate Collection Set: 0.3ms
[9.754s][info][gc,phases      ] GC(38)   Post Evacuate Collection Set: 1.5ms
[9.754s][info][gc,phases      ] GC(38)   Other: 0.1ms
[9.754s][info][gc,heap        ] GC(38) Eden regions: 330->0(330)
[9.754s][info][gc,heap        ] GC(38) Survivor regions: 1->1(42)
[9.754s][info][gc,heap        ] GC(38) Old regions: 29->29
[9.754s][info][gc,heap        ] GC(38) Archive regions: 0->0
[9.754s][info][gc,heap        ] GC(38) Humongous regions: 0->0
[9.754s][info][gc,metaspace   ] GC(38) Metaspace: 14563K(15104K)->14563K(15104K) NonClass: 12501K(12800K)->12501K(12800K) Class: 2062K(2304K)->2062K(2304K)
[9.754s][info][gc             ] GC(38) Pause Young (Normal) (G1 Evacuation Pause) 338M->8M(552M) 2.430ms
[9.754s][info][gc,cpu         ] GC(38) User=0.00s Sys=0.00s Real=0.00s
[9.977s][info][gc,start       ] GC(39) Pause Young (Normal) (G1 Evacuation Pause)
[9.977s][info][gc,task        ] GC(39) Using 33 workers of 33 for evacuation
[9.979s][info][gc,phases      ] GC(39)   Pre Evacuate Collection Set: 0.1ms
[9.979s][info][gc,phases      ] GC(39)   Merge Heap Roots: 0.1ms
[9.979s][info][gc,phases      ] GC(39)   Evacuate Collection Set: 0.4ms
[9.979s][info][gc,phases      ] GC(39)   Post Evacuate Collection Set: 1.5ms
[9.979s][info][gc,phases      ] GC(39)   Other: 0.1ms
[9.979s][info][gc,heap        ] GC(39) Eden regions: 330->0(330)
[9.979s][info][gc,heap        ] GC(39) Survivor regions: 1->1(42)
[9.979s][info][gc,heap        ] GC(39) Old regions: 29->29
[9.979s][info][gc,heap        ] GC(39) Archive regions: 0->0
[9.979s][info][gc,heap        ] GC(39) Humongous regions: 0->0
[9.979s][info][gc,metaspace   ] GC(39) Metaspace: 14563K(15104K)->14563K(15104K) NonClass: 12501K(12800K)->12501K(12800K) Class: 2062K(2304K)->2062K(2304K)
[9.979s][info][gc             ] GC(39) Pause Young (Normal) (G1 Evacuation Pause) 338M->8M(552M) 2.463ms
[9.979s][info][gc,cpu         ] GC(39) User=0.00s Sys=0.00s Real=0.00s
[10.203s][info][gc,start       ] GC(40) Pause Young (Normal) (G1 Evacuation Pause)
[10.203s][info][gc,task        ] GC(40) Using 33 workers of 33 for evacuation
[10.205s][info][gc,phases      ] GC(40)   Pre Evacuate Collection Set: 0.1ms
[10.205s][info][gc,phases      ] GC(40)   Merge Heap Roots: 0.2ms
[10.205s][info][gc,phases      ] GC(40)   Evacuate Collection Set: 0.3ms
[10.205s][info][gc,phases      ] GC(40)   Post Evacuate Collection Set: 1.5ms
[10.205s][info][gc,phases      ] GC(40)   Other: 0.1ms
[10.205s][info][gc,heap        ] GC(40) Eden regions: 330->0(330)
[10.205s][info][gc,heap        ] GC(40) Survivor regions: 1->1(42)
[10.205s][info][gc,heap        ] GC(40) Old regions: 29->29
[10.205s][info][gc,heap        ] GC(40) Archive regions: 0->0
[10.205s][info][gc,heap        ] GC(40) Humongous regions: 0->0
[10.205s][info][gc,metaspace   ] GC(40) Metaspace: 14563K(15104K)->14563K(15104K) NonClass: 12501K(12800K)->12501K(12800K) Class: 2062K(2304K)->2062K(2304K)
[10.205s][info][gc             ] GC(40) Pause Young (Normal) (G1 Evacuation Pause) 338M->8M(552M) 2.456ms
[10.205s][info][gc,cpu         ] GC(40) User=0.52s Sys=0.00s Real=0.00s
[10.431s][info][gc,start       ] GC(41) Pause Young (Normal) (G1 Evacuation Pause)
[10.431s][info][gc,task        ] GC(41) Using 33 workers of 33 for evacuation
[10.433s][info][gc,phases      ] GC(41)   Pre Evacuate Collection Set: 0.2ms
[10.433s][info][gc,phases      ] GC(41)   Merge Heap Roots: 0.2ms
[10.433s][info][gc,phases      ] GC(41)   Evacuate Collection Set: 0.3ms
[10.433s][info][gc,phases      ] GC(41)   Post Evacuate Collection Set: 1.3ms
[10.433s][info][gc,phases      ] GC(41)   Other: 0.2ms
[10.433s][info][gc,heap        ] GC(41) Eden regions: 330->0(330)
[10.433s][info][gc,heap        ] GC(41) Survivor regions: 1->1(42)
[10.433s][info][gc,heap        ] GC(41) Old regions: 29->29
[10.433s][info][gc,heap        ] GC(41) Archive regions: 0->0
[10.433s][info][gc,heap        ] GC(41) Humongous regions: 0->0
[10.433s][info][gc,metaspace   ] GC(41) Metaspace: 14563K(15104K)->14563K(15104K) NonClass: 12501K(12800K)->12501K(12800K) Class: 2062K(2304K)->2062K(2304K)
[10.433s][info][gc             ] GC(41) Pause Young (Normal) (G1 Evacuation Pause) 338M->8M(552M) 2.460ms
[10.433s][info][gc,cpu         ] GC(41) User=0.00s Sys=0.00s Real=0.00s
[10.664s][info][gc,start       ] GC(42) Pause Young (Normal) (G1 Evacuation Pause)
[10.664s][info][gc,task        ] GC(42) Using 33 workers of 33 for evacuation
[10.666s][info][gc,phases      ] GC(42)   Pre Evacuate Collection Set: 0.1ms
[10.666s][info][gc,phases      ] GC(42)   Merge Heap Roots: 0.1ms
[10.666s][info][gc,phases      ] GC(42)   Evacuate Collection Set: 0.4ms
[10.666s][info][gc,phases      ] GC(42)   Post Evacuate Collection Set: 1.2ms
[10.666s][info][gc,phases      ] GC(42)   Other: 0.1ms
[10.666s][info][gc,heap        ] GC(42) Eden regions: 330->0(330)
[10.666s][info][gc,heap        ] GC(42) Survivor regions: 1->1(42)
[10.666s][info][gc,heap        ] GC(42) Old regions: 29->29
[10.666s][info][gc,heap        ] GC(42) Archive regions: 0->0
[10.666s][info][gc,heap        ] GC(42) Humongous regions: 0->0
[10.666s][info][gc,metaspace   ] GC(42) Metaspace: 14563K(15104K)->14563K(15104K) NonClass: 12501K(12800K)->12501K(12800K) Class: 2062K(2304K)->2062K(2304K)
[10.666s][info][gc             ] GC(42) Pause Young (Normal) (G1 Evacuation Pause) 338M->8M(552M) 2.103ms
[10.666s][info][gc,cpu         ] GC(42) User=0.00s Sys=0.00s Real=0.00s
[10.887s][info][gc,start       ] GC(43) Pause Young (Normal) (G1 Evacuation Pause)
[10.887s][info][gc,task        ] GC(43) Using 33 workers of 33 for evacuation
[10.889s][info][gc,phases      ] GC(43)   Pre Evacuate Collection Set: 0.1ms
[10.889s][info][gc,phases      ] GC(43)   Merge Heap Roots: 0.2ms
[10.889s][info][gc,phases      ] GC(43)   Evacuate Collection Set: 0.4ms
[10.889s][info][gc,phases      ] GC(43)   Post Evacuate Collection Set: 1.2ms
[10.889s][info][gc,phases      ] GC(43)   Other: 0.1ms
[10.889s][info][gc,heap        ] GC(43) Eden regions: 330->0(330)
[10.889s][info][gc,heap        ] GC(43) Survivor regions: 1->1(42)
[10.889s][info][gc,heap        ] GC(43) Old regions: 29->29
[10.889s][info][gc,heap        ] GC(43) Archive regions: 0->0
[10.889s][info][gc,heap        ] GC(43) Humongous regions: 0->0
[10.889s][info][gc,metaspace   ] GC(43) Metaspace: 14563K(15104K)->14563K(15104K) NonClass: 12501K(12800K)->12501K(12800K) Class: 2062K(2304K)->2062K(2304K)
[10.889s][info][gc             ] GC(43) Pause Young (Normal) (G1 Evacuation Pause) 338M->8M(552M) 2.178ms
[10.889s][info][gc,cpu         ] GC(43) User=0.00s Sys=0.00s Real=0.00s
[11.111s][info][gc,start       ] GC(44) Pause Young (Normal) (G1 Evacuation Pause)
[11.111s][info][gc,task        ] GC(44) Using 33 workers of 33 for evacuation
[11.113s][info][gc,phases      ] GC(44)   Pre Evacuate Collection Set: 0.1ms
[11.113s][info][gc,phases      ] GC(44)   Merge Heap Roots: 0.2ms
[11.113s][info][gc,phases      ] GC(44)   Evacuate Collection Set: 0.4ms
[11.113s][info][gc,phases      ] GC(44)   Post Evacuate Collection Set: 1.2ms
[11.113s][info][gc,phases      ] GC(44)   Other: 0.1ms
[11.113s][info][gc,heap        ] GC(44) Eden regions: 330->0(330)
[11.113s][info][gc,heap        ] GC(44) Survivor regions: 1->1(42)
[11.113s][info][gc,heap        ] GC(44) Old regions: 29->30
[11.113s][info][gc,heap        ] GC(44) Archive regions: 0->0
[11.113s][info][gc,heap        ] GC(44) Humongous regions: 0->0
[11.113s][info][gc,metaspace   ] GC(44) Metaspace: 14563K(15104K)->14563K(15104K) NonClass: 12501K(12800K)->12501K(12800K) Class: 2062K(2304K)->2062K(2304K)
[11.113s][info][gc             ] GC(44) Pause Young (Normal) (G1 Evacuation Pause) 338M->8M(552M) 2.298ms
[11.113s][info][gc,cpu         ] GC(44) User=0.00s Sys=0.00s Real=0.00s
[11.336s][info][gc,start       ] GC(45) Pause Young (Normal) (G1 Evacuation Pause)
[11.336s][info][gc,task        ] GC(45) Using 33 workers of 33 for evacuation
[11.338s][info][gc,phases      ] GC(45)   Pre Evacuate Collection Set: 0.1ms
[11.338s][info][gc,phases      ] GC(45)   Merge Heap Roots: 0.1ms
[11.338s][info][gc,phases      ] GC(45)   Evacuate Collection Set: 0.3ms
[11.338s][info][gc,phases      ] GC(45)   Post Evacuate Collection Set: 1.2ms
[11.338s][info][gc,phases      ] GC(45)   Other: 0.1ms
[11.338s][info][gc,heap        ] GC(45) Eden regions: 330->0(330)
[11.338s][info][gc,heap        ] GC(45) Survivor regions: 1->1(42)
[11.338s][info][gc,heap        ] GC(45) Old regions: 30->30
[11.338s][info][gc,heap        ] GC(45) Archive regions: 0->0
[11.338s][info][gc,heap        ] GC(45) Humongous regions: 0->0
[11.338s][info][gc,metaspace   ] GC(45) Metaspace: 14563K(15104K)->14563K(15104K) NonClass: 12501K(12800K)->12501K(12800K) Class: 2062K(2304K)->2062K(2304K)
[11.338s][info][gc             ] GC(45) Pause Young (Normal) (G1 Evacuation Pause) 338M->9M(552M) 2.151ms
[11.338s][info][gc,cpu         ] GC(45) User=0.00s Sys=0.00s Real=0.00s
[11.561s][info][gc,start       ] GC(46) Pause Young (Normal) (G1 Evacuation Pause)
[11.561s][info][gc,task        ] GC(46) Using 33 workers of 33 for evacuation
[11.563s][info][gc,phases      ] GC(46)   Pre Evacuate Collection Set: 0.1ms
[11.563s][info][gc,phases      ] GC(46)   Merge Heap Roots: 0.2ms
[11.563s][info][gc,phases      ] GC(46)   Evacuate Collection Set: 0.4ms
[11.563s][info][gc,phases      ] GC(46)   Post Evacuate Collection Set: 1.3ms
[11.563s][info][gc,phases      ] GC(46)   Other: 0.1ms
[11.563s][info][gc,heap        ] GC(46) Eden regions: 330->0(330)
[11.563s][info][gc,heap        ] GC(46) Survivor regions: 1->1(42)
[11.563s][info][gc,heap        ] GC(46) Old regions: 30->30
[11.563s][info][gc,heap        ] GC(46) Archive regions: 0->0
[11.563s][info][gc,heap        ] GC(46) Humongous regions: 0->0
[11.563s][info][gc,metaspace   ] GC(46) Metaspace: 14563K(15104K)->14563K(15104K) NonClass: 12501K(12800K)->12501K(12800K) Class: 2062K(2304K)->2062K(2304K)
[11.563s][info][gc             ] GC(46) Pause Young (Normal) (G1 Evacuation Pause) 339M->9M(552M) 2.274ms
[11.563s][info][gc,cpu         ] GC(46) User=0.02s Sys=0.25s Real=0.00s
[11.785s][info][gc,start       ] GC(47) Pause Young (Normal) (G1 Evacuation Pause)
[11.785s][info][gc,task        ] GC(47) Using 33 workers of 33 for evacuation
[11.787s][info][gc,phases      ] GC(47)   Pre Evacuate Collection Set: 0.1ms
[11.787s][info][gc,phases      ] GC(47)   Merge Heap Roots: 0.2ms
[11.787s][info][gc,phases      ] GC(47)   Evacuate Collection Set: 0.4ms
[11.787s][info][gc,phases      ] GC(47)   Post Evacuate Collection Set: 1.3ms
[11.787s][info][gc,phases      ] GC(47)   Other: 0.1ms
[11.787s][info][gc,heap        ] GC(47) Eden regions: 330->0(330)
[11.788s][info][gc,heap        ] GC(47) Survivor regions: 1->1(42)
[11.788s][info][gc,heap        ] GC(47) Old regions: 30->30
[11.788s][info][gc,heap        ] GC(47) Archive regions: 0->0
[11.788s][info][gc,heap        ] GC(47) Humongous regions: 0->0
[11.788s][info][gc,metaspace   ] GC(47) Metaspace: 14563K(15104K)->14563K(15104K) NonClass: 12501K(12800K)->12501K(12800K) Class: 2062K(2304K)->2062K(2304K)
[11.788s][info][gc             ] GC(47) Pause Young (Normal) (G1 Evacuation Pause) 339M->9M(552M) 2.316ms
[11.788s][info][gc,cpu         ] GC(47) User=0.00s Sys=0.00s Real=0.00s
[12.010s][info][gc,start       ] GC(48) Pause Young (Normal) (G1 Evacuation Pause)
[12.010s][info][gc,task        ] GC(48) Using 33 workers of 33 for evacuation
[12.012s][info][gc,phases      ] GC(48)   Pre Evacuate Collection Set: 0.1ms
[12.012s][info][gc,phases      ] GC(48)   Merge Heap Roots: 0.2ms
[12.012s][info][gc,phases      ] GC(48)   Evacuate Collection Set: 0.4ms
[12.012s][info][gc,phases      ] GC(48)   Post Evacuate Collection Set: 1.4ms
[12.012s][info][gc,phases      ] GC(48)   Other: 0.1ms
[12.012s][info][gc,heap        ] GC(48) Eden regions: 330->0(330)
[12.012s][info][gc,heap        ] GC(48) Survivor regions: 1->1(42)
[12.012s][info][gc,heap        ] GC(48) Old regions: 30->30
[12.012s][info][gc,heap        ] GC(48) Archive regions: 0->0
[12.012s][info][gc,heap        ] GC(48) Humongous regions: 0->0
[12.012s][info][gc,metaspace   ] GC(48) Metaspace: 14563K(15104K)->14563K(15104K) NonClass: 12501K(12800K)->12501K(12800K) Class: 2062K(2304K)->2062K(2304K)
[12.012s][info][gc             ] GC(48) Pause Young (Normal) (G1 Evacuation Pause) 339M->9M(552M) 2.429ms
[12.012s][info][gc,cpu         ] GC(48) User=0.00s Sys=0.00s Real=0.00s
[12.235s][info][gc,start       ] GC(49) Pause Young (Normal) (G1 Evacuation Pause)
[12.235s][info][gc,task        ] GC(49) Using 33 workers of 33 for evacuation
[12.237s][info][gc,phases      ] GC(49)   Pre Evacuate Collection Set: 0.1ms
[12.237s][info][gc,phases      ] GC(49)   Merge Heap Roots: 0.2ms
[12.237s][info][gc,phases      ] GC(49)   Evacuate Collection Set: 0.4ms
[12.237s][info][gc,phases      ] GC(49)   Post Evacuate Collection Set: 1.4ms
[12.237s][info][gc,phases      ] GC(49)   Other: 0.1ms
[12.237s][info][gc,heap        ] GC(49) Eden regions: 330->0(330)
[12.237s][info][gc,heap        ] GC(49) Survivor regions: 1->1(42)
[12.237s][info][gc,heap        ] GC(49) Old regions: 30->30
[12.237s][info][gc,heap        ] GC(49) Archive regions: 0->0
[12.237s][info][gc,heap        ] GC(49) Humongous regions: 0->0
[12.237s][info][gc,metaspace   ] GC(49) Metaspace: 14563K(15104K)->14563K(15104K) NonClass: 12501K(12800K)->12501K(12800K) Class: 2062K(2304K)->2062K(2304K)
[12.237s][info][gc             ] GC(49) Pause Young (Normal) (G1 Evacuation Pause) 339M->9M(552M) 2.386ms
[12.237s][info][gc,cpu         ] GC(49) User=0.00s Sys=0.00s Real=0.00s
[12.459s][info][gc,start       ] GC(50) Pause Young (Normal) (G1 Evacuation Pause)
[12.459s][info][gc,task        ] GC(50) Using 33 workers of 33 for evacuation
[12.462s][info][gc,phases      ] GC(50)   Pre Evacuate Collection Set: 0.1ms
[12.462s][info][gc,phases      ] GC(50)   Merge Heap Roots: 0.2ms
[12.462s][info][gc,phases      ] GC(50)   Evacuate Collection Set: 0.4ms
[12.462s][info][gc,phases      ] GC(50)   Post Evacuate Collection Set: 1.5ms
[12.462s][info][gc,phases      ] GC(50)   Other: 0.1ms
[12.462s][info][gc,heap        ] GC(50) Eden regions: 330->0(330)
[12.462s][info][gc,heap        ] GC(50) Survivor regions: 1->1(42)
[12.462s][info][gc,heap        ] GC(50) Old regions: 30->30
[12.462s][info][gc,heap        ] GC(50) Archive regions: 0->0
[12.462s][info][gc,heap        ] GC(50) Humongous regions: 0->0
[12.462s][info][gc,metaspace   ] GC(50) Metaspace: 14563K(15104K)->14563K(15104K) NonClass: 12501K(12800K)->12501K(12800K) Class: 2062K(2304K)->2062K(2304K)
[12.462s][info][gc             ] GC(50) Pause Young (Normal) (G1 Evacuation Pause) 339M->9M(552M) 2.515ms
[12.462s][info][gc,cpu         ] GC(50) User=0.00s Sys=0.00s Real=0.00s
[12.684s][info][gc,start       ] GC(51) Pause Young (Normal) (G1 Evacuation Pause)
[12.684s][info][gc,task        ] GC(51) Using 33 workers of 33 for evacuation
[12.687s][info][gc,phases      ] GC(51)   Pre Evacuate Collection Set: 0.1ms
[12.687s][info][gc,phases      ] GC(51)   Merge Heap Roots: 0.2ms
[12.687s][info][gc,phases      ] GC(51)   Evacuate Collection Set: 0.4ms
[12.687s][info][gc,phases      ] GC(51)   Post Evacuate Collection Set: 1.5ms
[12.687s][info][gc,phases      ] GC(51)   Other: 0.1ms
[12.687s][info][gc,heap        ] GC(51) Eden regions: 330->0(330)
[12.687s][info][gc,heap        ] GC(51) Survivor regions: 1->1(42)
[12.687s][info][gc,heap        ] GC(51) Old regions: 30->30
[12.687s][info][gc,heap        ] GC(51) Archive regions: 0->0
[12.687s][info][gc,heap        ] GC(51) Humongous regions: 0->0
[12.687s][info][gc,metaspace   ] GC(51) Metaspace: 14563K(15104K)->14563K(15104K) NonClass: 12501K(12800K)->12501K(12800K) Class: 2062K(2304K)->2062K(2304K)
[12.687s][info][gc             ] GC(51) Pause Young (Normal) (G1 Evacuation Pause) 339M->9M(552M) 2.571ms
[12.687s][info][gc,cpu         ] GC(51) User=0.00s Sys=0.00s Real=0.00s
[12.910s][info][gc,start       ] GC(52) Pause Young (Normal) (G1 Evacuation Pause)
[12.910s][info][gc,task        ] GC(52) Using 33 workers of 33 for evacuation
[12.912s][info][gc,phases      ] GC(52)   Pre Evacuate Collection Set: 0.1ms
[12.912s][info][gc,phases      ] GC(52)   Merge Heap Roots: 0.2ms
[12.912s][info][gc,phases      ] GC(52)   Evacuate Collection Set: 0.3ms
[12.912s][info][gc,phases      ] GC(52)   Post Evacuate Collection Set: 1.6ms
[12.912s][info][gc,phases      ] GC(52)   Other: 0.1ms
[12.912s][info][gc,heap        ] GC(52) Eden regions: 330->0(330)
[12.912s][info][gc,heap        ] GC(52) Survivor regions: 1->1(42)
[12.912s][info][gc,heap        ] GC(52) Old regions: 30->30
[12.912s][info][gc,heap        ] GC(52) Archive regions: 0->0
[12.912s][info][gc,heap        ] GC(52) Humongous regions: 0->0
[12.912s][info][gc,metaspace   ] GC(52) Metaspace: 14563K(15104K)->14563K(15104K) NonClass: 12501K(12800K)->12501K(12800K) Class: 2062K(2304K)->2062K(2304K)
[12.912s][info][gc             ] GC(52) Pause Young (Normal) (G1 Evacuation Pause) 339M->9M(552M) 2.580ms
[12.912s][info][gc,cpu         ] GC(52) User=0.00s Sys=0.00s Real=0.00s
[13.141s][info][gc,start       ] GC(53) Pause Young (Normal) (G1 Evacuation Pause)
[13.141s][info][gc,task        ] GC(53) Using 33 workers of 33 for evacuation
[13.144s][info][gc,phases      ] GC(53)   Pre Evacuate Collection Set: 0.1ms
[13.144s][info][gc,phases      ] GC(53)   Merge Heap Roots: 0.1ms
[13.144s][info][gc,phases      ] GC(53)   Evacuate Collection Set: 0.4ms
[13.144s][info][gc,phases      ] GC(53)   Post Evacuate Collection Set: 1.6ms
[13.144s][info][gc,phases      ] GC(53)   Other: 0.1ms
[13.144s][info][gc,heap        ] GC(53) Eden regions: 330->0(330)
[13.144s][info][gc,heap        ] GC(53) Survivor regions: 1->1(42)
[13.144s][info][gc,heap        ] GC(53) Old regions: 30->30
[13.144s][info][gc,heap        ] GC(53) Archive regions: 0->0
[13.144s][info][gc,heap        ] GC(53) Humongous regions: 0->0
[13.144s][info][gc,metaspace   ] GC(53) Metaspace: 14563K(15104K)->14563K(15104K) NonClass: 12501K(12800K)->12501K(12800K) Class: 2062K(2304K)->2062K(2304K)
[13.144s][info][gc             ] GC(53) Pause Young (Normal) (G1 Evacuation Pause) 339M->9M(552M) 2.646ms
[13.144s][info][gc,cpu         ] GC(53) User=0.00s Sys=0.00s Real=0.00s
[13.368s][info][gc,start       ] GC(54) Pause Young (Normal) (G1 Evacuation Pause)
[13.368s][info][gc,task        ] GC(54) Using 33 workers of 33 for evacuation
[13.370s][info][gc,phases      ] GC(54)   Pre Evacuate Collection Set: 0.1ms
[13.370s][info][gc,phases      ] GC(54)   Merge Heap Roots: 0.2ms
[13.370s][info][gc,phases      ] GC(54)   Evacuate Collection Set: 0.3ms
[13.370s][info][gc,phases      ] GC(54)   Post Evacuate Collection Set: 1.4ms
[13.370s][info][gc,phases      ] GC(54)   Other: 0.1ms
[13.370s][info][gc,heap        ] GC(54) Eden regions: 330->0(330)
[13.370s][info][gc,heap        ] GC(54) Survivor regions: 1->1(42)
[13.370s][info][gc,heap        ] GC(54) Old regions: 30->30
[13.370s][info][gc,heap        ] GC(54) Archive regions: 0->0
[13.370s][info][gc,heap        ] GC(54) Humongous regions: 0->0
[13.370s][info][gc,metaspace   ] GC(54) Metaspace: 14563K(15104K)->14563K(15104K) NonClass: 12501K(12800K)->12501K(12800K) Class: 2062K(2304K)->2062K(2304K)
[13.370s][info][gc             ] GC(54) Pause Young (Normal) (G1 Evacuation Pause) 339M->9M(552M) 2.354ms
[13.370s][info][gc,cpu         ] GC(54) User=0.00s Sys=0.00s Real=0.00s
[13.599s][info][gc,start       ] GC(55) Pause Young (Normal) (G1 Evacuation Pause)
[13.599s][info][gc,task        ] GC(55) Using 33 workers of 33 for evacuation
[13.601s][info][gc,phases      ] GC(55)   Pre Evacuate Collection Set: 0.1ms
[13.601s][info][gc,phases      ] GC(55)   Merge Heap Roots: 0.2ms
[13.601s][info][gc,phases      ] GC(55)   Evacuate Collection Set: 0.3ms
[13.601s][info][gc,phases      ] GC(55)   Post Evacuate Collection Set: 1.3ms
[13.601s][info][gc,phases      ] GC(55)   Other: 0.1ms
[13.601s][info][gc,heap        ] GC(55) Eden regions: 330->0(330)
[13.601s][info][gc,heap        ] GC(55) Survivor regions: 1->1(42)
[13.601s][info][gc,heap        ] GC(55) Old regions: 30->30
[13.601s][info][gc,heap        ] GC(55) Archive regions: 0->0
[13.601s][info][gc,heap        ] GC(55) Humongous regions: 0->0
[13.601s][info][gc,metaspace   ] GC(55) Metaspace: 14563K(15104K)->14563K(15104K) NonClass: 12501K(12800K)->12501K(12800K) Class: 2062K(2304K)->2062K(2304K)
[13.601s][info][gc             ] GC(55) Pause Young (Normal) (G1 Evacuation Pause) 339M->9M(552M) 2.281ms
[13.601s][info][gc,cpu         ] GC(55) User=0.00s Sys=0.00s Real=0.00s
[13.822s][info][gc,start       ] GC(56) Pause Young (Normal) (G1 Evacuation Pause)
[13.822s][info][gc,task        ] GC(56) Using 33 workers of 33 for evacuation
[13.825s][info][gc,phases      ] GC(56)   Pre Evacuate Collection Set: 0.1ms
[13.825s][info][gc,phases      ] GC(56)   Merge Heap Roots: 0.2ms
[13.825s][info][gc,phases      ] GC(56)   Evacuate Collection Set: 0.3ms
[13.825s][info][gc,phases      ] GC(56)   Post Evacuate Collection Set: 1.4ms
[13.825s][info][gc,phases      ] GC(56)   Other: 0.1ms
[13.825s][info][gc,heap        ] GC(56) Eden regions: 330->0(330)
[13.825s][info][gc,heap        ] GC(56) Survivor regions: 1->1(42)
[13.825s][info][gc,heap        ] GC(56) Old regions: 30->30
[13.825s][info][gc,heap        ] GC(56) Archive regions: 0->0
[13.825s][info][gc,heap        ] GC(56) Humongous regions: 0->0
[13.825s][info][gc,metaspace   ] GC(56) Metaspace: 14563K(15104K)->14563K(15104K) NonClass: 12501K(12800K)->12501K(12800K) Class: 2062K(2304K)->2062K(2304K)
[13.825s][info][gc             ] GC(56) Pause Young (Normal) (G1 Evacuation Pause) 339M->9M(552M) 2.314ms
[13.825s][info][gc,cpu         ] GC(56) User=0.00s Sys=0.00s Real=0.00s
[14.053s][info][gc,start       ] GC(57) Pause Young (Normal) (G1 Evacuation Pause)
[14.053s][info][gc,task        ] GC(57) Using 33 workers of 33 for evacuation
[14.055s][info][gc,phases      ] GC(57)   Pre Evacuate Collection Set: 0.1ms
[14.055s][info][gc,phases      ] GC(57)   Merge Heap Roots: 0.1ms
[14.055s][info][gc,phases      ] GC(57)   Evacuate Collection Set: 0.3ms
[14.055s][info][gc,phases      ] GC(57)   Post Evacuate Collection Set: 1.2ms
[14.055s][info][gc,phases      ] GC(57)   Other: 0.1ms
[14.055s][info][gc,heap        ] GC(57) Eden regions: 330->0(330)
[14.055s][info][gc,heap        ] GC(57) Survivor regions: 1->1(42)
[14.055s][info][gc,heap        ] GC(57) Old regions: 30->30
[14.055s][info][gc,heap        ] GC(57) Archive regions: 0->0
[14.055s][info][gc,heap        ] GC(57) Humongous regions: 0->0
[14.055s][info][gc,metaspace   ] GC(57) Metaspace: 14563K(15104K)->14563K(15104K) NonClass: 12501K(12800K)->12501K(12800K) Class: 2062K(2304K)->2062K(2304K)
[14.055s][info][gc             ] GC(57) Pause Young (Normal) (G1 Evacuation Pause) 339M->9M(552M) 2.148ms
[14.055s][info][gc,cpu         ] GC(57) User=0.00s Sys=0.00s Real=0.00s
[14.278s][info][gc,start       ] GC(58) Pause Young (Normal) (G1 Evacuation Pause)
[14.278s][info][gc,task        ] GC(58) Using 33 workers of 33 for evacuation
[14.280s][info][gc,phases      ] GC(58)   Pre Evacuate Collection Set: 0.1ms
[14.280s][info][gc,phases      ] GC(58)   Merge Heap Roots: 0.1ms
[14.280s][info][gc,phases      ] GC(58)   Evacuate Collection Set: 0.4ms
[14.280s][info][gc,phases      ] GC(58)   Post Evacuate Collection Set: 1.3ms
[14.280s][info][gc,phases      ] GC(58)   Other: 0.1ms
[14.280s][info][gc,heap        ] GC(58) Eden regions: 330->0(330)
[14.280s][info][gc,heap        ] GC(58) Survivor regions: 1->1(42)
[14.280s][info][gc,heap        ] GC(58) Old regions: 30->30
[14.280s][info][gc,heap        ] GC(58) Archive regions: 0->0
[14.280s][info][gc,heap        ] GC(58) Humongous regions: 0->0
[14.280s][info][gc,metaspace   ] GC(58) Metaspace: 14563K(15104K)->14563K(15104K) NonClass: 12501K(12800K)->12501K(12800K) Class: 2062K(2304K)->2062K(2304K)
[14.280s][info][gc             ] GC(58) Pause Young (Normal) (G1 Evacuation Pause) 339M->9M(552M) 2.253ms
[14.280s][info][gc,cpu         ] GC(58) User=0.00s Sys=0.00s Real=0.00s
[14.502s][info][gc,start       ] GC(59) Pause Young (Normal) (G1 Evacuation Pause)
[14.502s][info][gc,task        ] GC(59) Using 33 workers of 33 for evacuation
[14.504s][info][gc,phases      ] GC(59)   Pre Evacuate Collection Set: 0.2ms
[14.504s][info][gc,phases      ] GC(59)   Merge Heap Roots: 0.2ms
[14.504s][info][gc,phases      ] GC(59)   Evacuate Collection Set: 0.3ms
[14.504s][info][gc,phases      ] GC(59)   Post Evacuate Collection Set: 1.3ms
[14.504s][info][gc,phases      ] GC(59)   Other: 0.1ms
[14.504s][info][gc,heap        ] GC(59) Eden regions: 330->0(330)
[14.504s][info][gc,heap        ] GC(59) Survivor regions: 1->1(42)
[14.504s][info][gc,heap        ] GC(59) Old regions: 30->31
[14.504s][info][gc,heap        ] GC(59) Archive regions: 0->0
[14.504s][info][gc,heap        ] GC(59) Humongous regions: 0->0
[14.504s][info][gc,metaspace   ] GC(59) Metaspace: 14563K(15104K)->14563K(15104K) NonClass: 12501K(12800K)->12501K(12800K) Class: 2062K(2304K)->2062K(2304K)
[14.504s][info][gc             ] GC(59) Pause Young (Normal) (G1 Evacuation Pause) 339M->9M(552M) 2.250ms
[14.504s][info][gc,cpu         ] GC(59) User=0.00s Sys=0.00s Real=0.00s
[14.725s][info][gc,start       ] GC(60) Pause Young (Normal) (G1 Evacuation Pause)
[14.725s][info][gc,task        ] GC(60) Using 33 workers of 33 for evacuation
[14.727s][info][gc,phases      ] GC(60)   Pre Evacuate Collection Set: 0.1ms
[14.727s][info][gc,phases      ] GC(60)   Merge Heap Roots: 0.2ms
[14.727s][info][gc,phases      ] GC(60)   Evacuate Collection Set: 0.4ms
[14.727s][info][gc,phases      ] GC(60)   Post Evacuate Collection Set: 1.4ms
[14.727s][info][gc,phases      ] GC(60)   Other: 0.1ms
[14.727s][info][gc,heap        ] GC(60) Eden regions: 330->0(330)
[14.728s][info][gc,heap        ] GC(60) Survivor regions: 1->1(42)
[14.728s][info][gc,heap        ] GC(60) Old regions: 31->31
[14.728s][info][gc,heap        ] GC(60) Archive regions: 0->0
[14.728s][info][gc,heap        ] GC(60) Humongous regions: 0->0
[14.728s][info][gc,metaspace   ] GC(60) Metaspace: 14563K(15104K)->14563K(15104K) NonClass: 12501K(12800K)->12501K(12800K) Class: 2062K(2304K)->2062K(2304K)
[14.728s][info][gc             ] GC(60) Pause Young (Normal) (G1 Evacuation Pause) 339M->10M(552M) 2.314ms
[14.728s][info][gc,cpu         ] GC(60) User=0.00s Sys=0.00s Real=0.00s
[14.949s][info][gc,start       ] GC(61) Pause Young (Normal) (G1 Evacuation Pause)
[14.949s][info][gc,task        ] GC(61) Using 33 workers of 33 for evacuation
[14.951s][info][gc,phases      ] GC(61)   Pre Evacuate Collection Set: 0.1ms
[14.951s][info][gc,phases      ] GC(61)   Merge Heap Roots: 0.2ms
[14.951s][info][gc,phases      ] GC(61)   Evacuate Collection Set: 0.4ms
[14.951s][info][gc,phases      ] GC(61)   Post Evacuate Collection Set: 1.4ms
[14.951s][info][gc,phases      ] GC(61)   Other: 0.1ms
[14.951s][info][gc,heap        ] GC(61) Eden regions: 330->0(330)
[14.951s][info][gc,heap        ] GC(61) Survivor regions: 1->1(42)
[14.951s][info][gc,heap        ] GC(61) Old regions: 31->31
[14.951s][info][gc,heap        ] GC(61) Archive regions: 0->0
[14.951s][info][gc,heap        ] GC(61) Humongous regions: 0->0
[14.951s][info][gc,metaspace   ] GC(61) Metaspace: 14563K(15104K)->14563K(15104K) NonClass: 12501K(12800K)->12501K(12800K) Class: 2062K(2304K)->2062K(2304K)
[14.951s][info][gc             ] GC(61) Pause Young (Normal) (G1 Evacuation Pause) 340M->10M(552M) 2.388ms
[14.951s][info][gc,cpu         ] GC(61) User=0.00s Sys=0.00s Real=0.00s
[15.175s][info][gc,start       ] GC(62) Pause Young (Normal) (G1 Evacuation Pause)
[15.175s][info][gc,task        ] GC(62) Using 33 workers of 33 for evacuation
[15.177s][info][gc,phases      ] GC(62)   Pre Evacuate Collection Set: 0.1ms
[15.177s][info][gc,phases      ] GC(62)   Merge Heap Roots: 0.2ms
[15.177s][info][gc,phases      ] GC(62)   Evacuate Collection Set: 0.4ms
[15.177s][info][gc,phases      ] GC(62)   Post Evacuate Collection Set: 1.5ms
[15.177s][info][gc,phases      ] GC(62)   Other: 0.1ms
[15.177s][info][gc,heap        ] GC(62) Eden regions: 330->0(330)
[15.177s][info][gc,heap        ] GC(62) Survivor regions: 1->1(42)
[15.177s][info][gc,heap        ] GC(62) Old regions: 31->31
[15.177s][info][gc,heap        ] GC(62) Archive regions: 0->0
[15.177s][info][gc,heap        ] GC(62) Humongous regions: 0->0
[15.177s][info][gc,metaspace   ] GC(62) Metaspace: 14563K(15104K)->14563K(15104K) NonClass: 12501K(12800K)->12501K(12800K) Class: 2062K(2304K)->2062K(2304K)
[15.177s][info][gc             ] GC(62) Pause Young (Normal) (G1 Evacuation Pause) 340M->10M(552M) 2.424ms
[15.177s][info][gc,cpu         ] GC(62) User=0.00s Sys=0.00s Real=0.00s
[15.400s][info][gc,start       ] GC(63) Pause Young (Normal) (G1 Evacuation Pause)
[15.401s][info][gc,task        ] GC(63) Using 33 workers of 33 for evacuation
[15.403s][info][gc,phases      ] GC(63)   Pre Evacuate Collection Set: 0.1ms
[15.403s][info][gc,phases      ] GC(63)   Merge Heap Roots: 0.1ms
[15.403s][info][gc,phases      ] GC(63)   Evacuate Collection Set: 0.4ms
[15.403s][info][gc,phases      ] GC(63)   Post Evacuate Collection Set: 1.5ms
[15.403s][info][gc,phases      ] GC(63)   Other: 0.1ms
[15.403s][info][gc,heap        ] GC(63) Eden regions: 330->0(330)
[15.403s][info][gc,heap        ] GC(63) Survivor regions: 1->1(42)
[15.403s][info][gc,heap        ] GC(63) Old regions: 31->31
[15.403s][info][gc,heap        ] GC(63) Archive regions: 0->0
[15.403s][info][gc,heap        ] GC(63) Humongous regions: 0->0
[15.403s][info][gc,metaspace   ] GC(63) Metaspace: 14563K(15104K)->14563K(15104K) NonClass: 12501K(12800K)->12501K(12800K) Class: 2062K(2304K)->2062K(2304K)
[15.403s][info][gc             ] GC(63) Pause Young (Normal) (G1 Evacuation Pause) 340M->10M(552M) 2.466ms
[15.403s][info][gc,cpu         ] GC(63) User=0.00s Sys=0.00s Real=0.00s
[15.625s][info][gc,start       ] GC(64) Pause Young (Normal) (G1 Evacuation Pause)
[15.625s][info][gc,task        ] GC(64) Using 33 workers of 33 for evacuation
[15.628s][info][gc,phases      ] GC(64)   Pre Evacuate Collection Set: 0.2ms
[15.628s][info][gc,phases      ] GC(64)   Merge Heap Roots: 0.1ms
[15.628s][info][gc,phases      ] GC(64)   Evacuate Collection Set: 0.4ms
[15.628s][info][gc,phases      ] GC(64)   Post Evacuate Collection Set: 1.6ms
[15.628s][info][gc,phases      ] GC(64)   Other: 0.1ms
[15.628s][info][gc,heap        ] GC(64) Eden regions: 330->0(330)
[15.628s][info][gc,heap        ] GC(64) Survivor regions: 1->1(42)
[15.628s][info][gc,heap        ] GC(64) Old regions: 31->31
[15.628s][info][gc,heap        ] GC(64) Archive regions: 0->0
[15.628s][info][gc,heap        ] GC(64) Humongous regions: 0->0
[15.628s][info][gc,metaspace   ] GC(64) Metaspace: 14563K(15104K)->14563K(15104K) NonClass: 12501K(12800K)->12501K(12800K) Class: 2062K(2304K)->2062K(2304K)
[15.628s][info][gc             ] GC(64) Pause Young (Normal) (G1 Evacuation Pause) 340M->10M(552M) 2.606ms
[15.628s][info][gc,cpu         ] GC(64) User=0.00s Sys=0.00s Real=0.00s
[15.850s][info][gc,start       ] GC(65) Pause Young (Normal) (G1 Evacuation Pause)
[15.850s][info][gc,task        ] GC(65) Using 33 workers of 33 for evacuation
[15.852s][info][gc,phases      ] GC(65)   Pre Evacuate Collection Set: 0.1ms
[15.852s][info][gc,phases      ] GC(65)   Merge Heap Roots: 0.2ms
[15.852s][info][gc,phases      ] GC(65)   Evacuate Collection Set: 0.3ms
[15.852s][info][gc,phases      ] GC(65)   Post Evacuate Collection Set: 1.6ms
[15.852s][info][gc,phases      ] GC(65)   Other: 0.1ms
[15.852s][info][gc,heap        ] GC(65) Eden regions: 330->0(330)
[15.852s][info][gc,heap        ] GC(65) Survivor regions: 1->1(42)
[15.852s][info][gc,heap        ] GC(65) Old regions: 31->31
[15.852s][info][gc,heap        ] GC(65) Archive regions: 0->0
[15.852s][info][gc,heap        ] GC(65) Humongous regions: 0->0
[15.852s][info][gc,metaspace   ] GC(65) Metaspace: 14563K(15104K)->14563K(15104K) NonClass: 12501K(12800K)->12501K(12800K) Class: 2062K(2304K)->2062K(2304K)
[15.852s][info][gc             ] GC(65) Pause Young (Normal) (G1 Evacuation Pause) 340M->10M(552M) 2.604ms
[15.852s][info][gc,cpu         ] GC(65) User=0.00s Sys=0.00s Real=0.00s
[16.118s][info][gc,start       ] GC(66) Pause Young (Normal) (G1 Evacuation Pause)
[16.118s][info][gc,task        ] GC(66) Using 33 workers of 33 for evacuation
[16.121s][info][gc,phases      ] GC(66)   Pre Evacuate Collection Set: 0.2ms
[16.121s][info][gc,phases      ] GC(66)   Merge Heap Roots: 0.2ms
[16.121s][info][gc,phases      ] GC(66)   Evacuate Collection Set: 0.6ms
[16.121s][info][gc,phases      ] GC(66)   Post Evacuate Collection Set: 2.2ms
[16.122s][info][gc,phases      ] GC(66)   Other: 0.2ms
[16.122s][info][gc,heap        ] GC(66) Eden regions: 330->0(330)
[16.122s][info][gc,heap        ] GC(66) Survivor regions: 1->1(42)
[16.122s][info][gc,heap        ] GC(66) Old regions: 31->31
[16.122s][info][gc,heap        ] GC(66) Archive regions: 0->0
[16.122s][info][gc,heap        ] GC(66) Humongous regions: 0->0
[16.122s][info][gc,metaspace   ] GC(66) Metaspace: 14563K(15104K)->14563K(15104K) NonClass: 12501K(12800K)->12501K(12800K) Class: 2062K(2304K)->2062K(2304K)
[16.122s][info][gc             ] GC(66) Pause Young (Normal) (G1 Evacuation Pause) 340M->10M(552M) 3.965ms
[16.122s][info][gc,cpu         ] GC(66) User=0.00s Sys=0.00s Real=0.00s
[16.356s][info][gc,start       ] GC(67) Pause Young (Normal) (G1 Evacuation Pause)
[16.356s][info][gc,task        ] GC(67) Using 33 workers of 33 for evacuation
[16.358s][info][gc,phases      ] GC(67)   Pre Evacuate Collection Set: 0.1ms
[16.358s][info][gc,phases      ] GC(67)   Merge Heap Roots: 0.2ms
[16.358s][info][gc,phases      ] GC(67)   Evacuate Collection Set: 0.4ms
[16.358s][info][gc,phases      ] GC(67)   Post Evacuate Collection Set: 1.5ms
[16.358s][info][gc,phases      ] GC(67)   Other: 0.1ms
[16.358s][info][gc,heap        ] GC(67) Eden regions: 330->0(330)
[16.358s][info][gc,heap        ] GC(67) Survivor regions: 1->1(42)
[16.358s][info][gc,heap        ] GC(67) Old regions: 31->31
[16.359s][info][gc,heap        ] GC(67) Archive regions: 0->0
[16.359s][info][gc,heap        ] GC(67) Humongous regions: 0->0
[16.359s][info][gc,metaspace   ] GC(67) Metaspace: 14563K(15104K)->14563K(15104K) NonClass: 12501K(12800K)->12501K(12800K) Class: 2062K(2304K)->2062K(2304K)
[16.359s][info][gc             ] GC(67) Pause Young (Normal) (G1 Evacuation Pause) 340M->10M(552M) 2.428ms
[16.359s][info][gc,cpu         ] GC(67) User=0.00s Sys=0.00s Real=0.00s
[16.590s][info][gc,start       ] GC(68) Pause Young (Normal) (G1 Evacuation Pause)
[16.590s][info][gc,task        ] GC(68) Using 33 workers of 33 for evacuation
[16.592s][info][gc,phases      ] GC(68)   Pre Evacuate Collection Set: 0.2ms
[16.592s][info][gc,phases      ] GC(68)   Merge Heap Roots: 0.1ms
[16.592s][info][gc,phases      ] GC(68)   Evacuate Collection Set: 0.4ms
[16.592s][info][gc,phases      ] GC(68)   Post Evacuate Collection Set: 1.3ms
[16.592s][info][gc,phases      ] GC(68)   Other: 0.1ms
[16.592s][info][gc,heap        ] GC(68) Eden regions: 330->0(330)
[16.593s][info][gc,heap        ] GC(68) Survivor regions: 1->1(42)
[16.593s][info][gc,heap        ] GC(68) Old regions: 31->31
[16.593s][info][gc,heap        ] GC(68) Archive regions: 0->0
[16.593s][info][gc,heap        ] GC(68) Humongous regions: 0->0
[16.593s][info][gc,metaspace   ] GC(68) Metaspace: 14563K(15104K)->14563K(15104K) NonClass: 12501K(12800K)->12501K(12800K) Class: 2062K(2304K)->2062K(2304K)
[16.593s][info][gc             ] GC(68) Pause Young (Normal) (G1 Evacuation Pause) 340M->10M(552M) 2.278ms
[16.593s][info][gc,cpu         ] GC(68) User=0.00s Sys=0.00s Real=0.00s
[16.813s][info][gc,start       ] GC(69) Pause Young (Normal) (G1 Evacuation Pause)
[16.813s][info][gc,task        ] GC(69) Using 33 workers of 33 for evacuation
[16.815s][info][gc,phases      ] GC(69)   Pre Evacuate Collection Set: 0.1ms
[16.815s][info][gc,phases      ] GC(69)   Merge Heap Roots: 0.2ms
[16.815s][info][gc,phases      ] GC(69)   Evacuate Collection Set: 0.4ms
[16.815s][info][gc,phases      ] GC(69)   Post Evacuate Collection Set: 1.3ms
[16.815s][info][gc,phases      ] GC(69)   Other: 0.1ms
[16.815s][info][gc,heap        ] GC(69) Eden regions: 330->0(330)
[16.815s][info][gc,heap        ] GC(69) Survivor regions: 1->1(42)
[16.815s][info][gc,heap        ] GC(69) Old regions: 31->31
[16.815s][info][gc,heap        ] GC(69) Archive regions: 0->0
[16.815s][info][gc,heap        ] GC(69) Humongous regions: 0->0
[16.815s][info][gc,metaspace   ] GC(69) Metaspace: 14563K(15104K)->14563K(15104K) NonClass: 12501K(12800K)->12501K(12800K) Class: 2062K(2304K)->2062K(2304K)
[16.815s][info][gc             ] GC(69) Pause Young (Normal) (G1 Evacuation Pause) 340M->10M(552M) 2.224ms
[16.815s][info][gc,cpu         ] GC(69) User=0.00s Sys=0.02s Real=0.00s
[17.035s][info][gc,start       ] GC(70) Pause Young (Normal) (G1 Evacuation Pause)
[17.035s][info][gc,task        ] GC(70) Using 33 workers of 33 for evacuation
[17.037s][info][gc,phases      ] GC(70)   Pre Evacuate Collection Set: 0.1ms
[17.037s][info][gc,phases      ] GC(70)   Merge Heap Roots: 0.2ms
[17.037s][info][gc,phases      ] GC(70)   Evacuate Collection Set: 0.3ms
[17.037s][info][gc,phases      ] GC(70)   Post Evacuate Collection Set: 1.3ms
[17.037s][info][gc,phases      ] GC(70)   Other: 0.1ms
[17.037s][info][gc,heap        ] GC(70) Eden regions: 330->0(330)
[17.037s][info][gc,heap        ] GC(70) Survivor regions: 1->1(42)
[17.037s][info][gc,heap        ] GC(70) Old regions: 31->31
[17.037s][info][gc,heap        ] GC(70) Archive regions: 0->0
[17.037s][info][gc,heap        ] GC(70) Humongous regions: 0->0
[17.037s][info][gc,metaspace   ] GC(70) Metaspace: 14563K(15104K)->14563K(15104K) NonClass: 12501K(12800K)->12501K(12800K) Class: 2062K(2304K)->2062K(2304K)
[17.037s][info][gc             ] GC(70) Pause Young (Normal) (G1 Evacuation Pause) 340M->10M(552M) 2.237ms
[17.037s][info][gc,cpu         ] GC(70) User=0.00s Sys=0.00s Real=0.00s
[17.260s][info][gc,start       ] GC(71) Pause Young (Normal) (G1 Evacuation Pause)
[17.260s][info][gc,task        ] GC(71) Using 33 workers of 33 for evacuation
[17.262s][info][gc,phases      ] GC(71)   Pre Evacuate Collection Set: 0.1ms
[17.262s][info][gc,phases      ] GC(71)   Merge Heap Roots: 0.2ms
[17.262s][info][gc,phases      ] GC(71)   Evacuate Collection Set: 0.4ms
[17.262s][info][gc,phases      ] GC(71)   Post Evacuate Collection Set: 1.3ms
[17.262s][info][gc,phases      ] GC(71)   Other: 0.1ms
[17.262s][info][gc,heap        ] GC(71) Eden regions: 330->0(330)
[17.262s][info][gc,heap        ] GC(71) Survivor regions: 1->1(42)
[17.262s][info][gc,heap        ] GC(71) Old regions: 31->31
[17.262s][info][gc,heap        ] GC(71) Archive regions: 0->0
[17.262s][info][gc,heap        ] GC(71) Humongous regions: 0->0
[17.262s][info][gc,metaspace   ] GC(71) Metaspace: 14563K(15104K)->14563K(15104K) NonClass: 12501K(12800K)->12501K(12800K) Class: 2062K(2304K)->2062K(2304K)
[17.262s][info][gc             ] GC(71) Pause Young (Normal) (G1 Evacuation Pause) 340M->10M(552M) 2.244ms
[17.262s][info][gc,cpu         ] GC(71) User=0.00s Sys=0.00s Real=0.00s
[17.484s][info][gc,start       ] GC(72) Pause Young (Normal) (G1 Evacuation Pause)
[17.484s][info][gc,task        ] GC(72) Using 33 workers of 33 for evacuation
[17.486s][info][gc,phases      ] GC(72)   Pre Evacuate Collection Set: 0.1ms
[17.486s][info][gc,phases      ] GC(72)   Merge Heap Roots: 0.2ms
[17.486s][info][gc,phases      ] GC(72)   Evacuate Collection Set: 0.4ms
[17.486s][info][gc,phases      ] GC(72)   Post Evacuate Collection Set: 1.3ms
[17.486s][info][gc,phases      ] GC(72)   Other: 0.1ms
[17.486s][info][gc,heap        ] GC(72) Eden regions: 330->0(330)
[17.486s][info][gc,heap        ] GC(72) Survivor regions: 1->1(42)
[17.486s][info][gc,heap        ] GC(72) Old regions: 31->31
[17.486s][info][gc,heap        ] GC(72) Archive regions: 0->0
[17.486s][info][gc,heap        ] GC(72) Humongous regions: 0->0
[17.486s][info][gc,metaspace   ] GC(72) Metaspace: 14563K(15104K)->14563K(15104K) NonClass: 12501K(12800K)->12501K(12800K) Class: 2062K(2304K)->2062K(2304K)
[17.487s][info][gc             ] GC(72) Pause Young (Normal) (G1 Evacuation Pause) 340M->10M(552M) 2.362ms
[17.487s][info][gc,cpu         ] GC(72) User=0.36s Sys=0.16s Real=0.00s
[17.711s][info][gc,start       ] GC(73) Pause Young (Normal) (G1 Evacuation Pause)
[17.712s][info][gc,task        ] GC(73) Using 33 workers of 33 for evacuation
[17.714s][info][gc,phases      ] GC(73)   Pre Evacuate Collection Set: 0.1ms
[17.714s][info][gc,phases      ] GC(73)   Merge Heap Roots: 0.2ms
[17.714s][info][gc,phases      ] GC(73)   Evacuate Collection Set: 0.4ms
[17.714s][info][gc,phases      ] GC(73)   Post Evacuate Collection Set: 1.4ms
[17.714s][info][gc,phases      ] GC(73)   Other: 0.1ms
[17.714s][info][gc,heap        ] GC(73) Eden regions: 330->0(330)
[17.714s][info][gc,heap        ] GC(73) Survivor regions: 1->1(42)
[17.714s][info][gc,heap        ] GC(73) Old regions: 31->31
[17.714s][info][gc,heap        ] GC(73) Archive regions: 0->0
[17.714s][info][gc,heap        ] GC(73) Humongous regions: 0->0
[17.714s][info][gc,metaspace   ] GC(73) Metaspace: 14564K(15104K)->14564K(15104K) NonClass: 12501K(12800K)->12501K(12800K) Class: 2062K(2304K)->2062K(2304K)
[17.714s][info][gc             ] GC(73) Pause Young (Normal) (G1 Evacuation Pause) 340M->10M(552M) 2.368ms
[17.714s][info][gc,cpu         ] GC(73) User=0.00s Sys=0.00s Real=0.00s
[17.942s][info][gc,start       ] GC(74) Pause Young (Normal) (G1 Evacuation Pause)
[17.942s][info][gc,task        ] GC(74) Using 33 workers of 33 for evacuation
[17.944s][info][gc,phases      ] GC(74)   Pre Evacuate Collection Set: 0.1ms
[17.944s][info][gc,phases      ] GC(74)   Merge Heap Roots: 0.2ms
[17.944s][info][gc,phases      ] GC(74)   Evacuate Collection Set: 0.4ms
[17.944s][info][gc,phases      ] GC(74)   Post Evacuate Collection Set: 1.5ms
[17.944s][info][gc,phases      ] GC(74)   Other: 0.1ms
[17.944s][info][gc,heap        ] GC(74) Eden regions: 330->0(330)
[17.944s][info][gc,heap        ] GC(74) Survivor regions: 1->1(42)
[17.944s][info][gc,heap        ] GC(74) Old regions: 31->31
[17.944s][info][gc,heap        ] GC(74) Archive regions: 0->0
[17.944s][info][gc,heap        ] GC(74) Humongous regions: 0->0
[17.944s][info][gc,metaspace   ] GC(74) Metaspace: 14564K(15104K)->14564K(15104K) NonClass: 12501K(12800K)->12501K(12800K) Class: 2062K(2304K)->2062K(2304K)
[17.944s][info][gc             ] GC(74) Pause Young (Normal) (G1 Evacuation Pause) 340M->10M(552M) 2.479ms
[17.944s][info][gc,cpu         ] GC(74) User=0.00s Sys=0.00s Real=0.00s
[18.173s][info][gc,start       ] GC(75) Pause Young (Normal) (G1 Evacuation Pause)
[18.173s][info][gc,task        ] GC(75) Using 33 workers of 33 for evacuation
[18.176s][info][gc,phases      ] GC(75)   Pre Evacuate Collection Set: 0.1ms
[18.176s][info][gc,phases      ] GC(75)   Merge Heap Roots: 0.2ms
[18.176s][info][gc,phases      ] GC(75)   Evacuate Collection Set: 0.3ms
[18.176s][info][gc,phases      ] GC(75)   Post Evacuate Collection Set: 1.5ms
[18.176s][info][gc,phases      ] GC(75)   Other: 0.1ms
[18.176s][info][gc,heap        ] GC(75) Eden regions: 330->0(330)
[18.176s][info][gc,heap        ] GC(75) Survivor regions: 1->1(42)
[18.176s][info][gc,heap        ] GC(75) Old regions: 31->31
[18.176s][info][gc,heap        ] GC(75) Archive regions: 0->0
[18.176s][info][gc,heap        ] GC(75) Humongous regions: 0->0
[18.176s][info][gc,metaspace   ] GC(75) Metaspace: 14564K(15104K)->14564K(15104K) NonClass: 12501K(12800K)->12501K(12800K) Class: 2062K(2304K)->2062K(2304K)
[18.176s][info][gc             ] GC(75) Pause Young (Normal) (G1 Evacuation Pause) 340M->10M(552M) 2.469ms
[18.176s][info][gc,cpu         ] GC(75) User=0.00s Sys=0.00s Real=0.00s
[18.406s][info][gc,start       ] GC(76) Pause Young (Normal) (G1 Evacuation Pause)
[18.406s][info][gc,task        ] GC(76) Using 33 workers of 33 for evacuation
[18.409s][info][gc,phases      ] GC(76)   Pre Evacuate Collection Set: 0.1ms
[18.409s][info][gc,phases      ] GC(76)   Merge Heap Roots: 0.2ms
[18.409s][info][gc,phases      ] GC(76)   Evacuate Collection Set: 0.3ms
[18.409s][info][gc,phases      ] GC(76)   Post Evacuate Collection Set: 1.6ms
[18.409s][info][gc,phases      ] GC(76)   Other: 0.1ms
[18.409s][info][gc,heap        ] GC(76) Eden regions: 330->0(330)
[18.409s][info][gc,heap        ] GC(76) Survivor regions: 1->1(42)
[18.409s][info][gc,heap        ] GC(76) Old regions: 31->32
[18.409s][info][gc,heap        ] GC(76) Archive regions: 0->0
[18.409s][info][gc,heap        ] GC(76) Humongous regions: 0->0
[18.409s][info][gc,metaspace   ] GC(76) Metaspace: 14564K(15104K)->14564K(15104K) NonClass: 12501K(12800K)->12501K(12800K) Class: 2062K(2304K)->2062K(2304K)
[18.409s][info][gc             ] GC(76) Pause Young (Normal) (G1 Evacuation Pause) 340M->10M(552M) 2.499ms
[18.409s][info][gc,cpu         ] GC(76) User=0.00s Sys=0.00s Real=0.00s
[18.663s][info][gc,start       ] GC(77) Pause Young (Normal) (G1 Evacuation Pause)
[18.663s][info][gc,task        ] GC(77) Using 33 workers of 33 for evacuation
[18.666s][info][gc,phases      ] GC(77)   Pre Evacuate Collection Set: 0.1ms
[18.666s][info][gc,phases      ] GC(77)   Merge Heap Roots: 0.2ms
[18.666s][info][gc,phases      ] GC(77)   Evacuate Collection Set: 0.3ms
[18.666s][info][gc,phases      ] GC(77)   Post Evacuate Collection Set: 1.6ms
[18.666s][info][gc,phases      ] GC(77)   Other: 0.1ms
[18.666s][info][gc,heap        ] GC(77) Eden regions: 330->0(330)
[18.666s][info][gc,heap        ] GC(77) Survivor regions: 1->1(42)
[18.666s][info][gc,heap        ] GC(77) Old regions: 32->32
[18.666s][info][gc,heap        ] GC(77) Archive regions: 0->0
[18.666s][info][gc,heap        ] GC(77) Humongous regions: 0->0
[18.666s][info][gc,metaspace   ] GC(77) Metaspace: 14564K(15104K)->14564K(15104K) NonClass: 12501K(12800K)->12501K(12800K) Class: 2062K(2304K)->2062K(2304K)
[18.666s][info][gc             ] GC(77) Pause Young (Normal) (G1 Evacuation Pause) 340M->11M(552M) 2.558ms
[18.666s][info][gc,cpu         ] GC(77) User=0.00s Sys=0.00s Real=0.00s
[18.987s][info][gc,start       ] GC(78) Pause Young (Normal) (G1 Evacuation Pause)
[18.987s][info][gc,task        ] GC(78) Using 33 workers of 33 for evacuation
[18.990s][info][gc,phases      ] GC(78)   Pre Evacuate Collection Set: 0.2ms
[18.990s][info][gc,phases      ] GC(78)   Merge Heap Roots: 0.2ms
[18.990s][info][gc,phases      ] GC(78)   Evacuate Collection Set: 0.5ms
[18.990s][info][gc,phases      ] GC(78)   Post Evacuate Collection Set: 2.1ms
[18.990s][info][gc,phases      ] GC(78)   Other: 0.1ms
[18.990s][info][gc,heap        ] GC(78) Eden regions: 330->0(330)
[18.990s][info][gc,heap        ] GC(78) Survivor regions: 1->1(42)
[18.990s][info][gc,heap        ] GC(78) Old regions: 32->32
[18.990s][info][gc,heap        ] GC(78) Archive regions: 0->0
[18.990s][info][gc,heap        ] GC(78) Humongous regions: 0->0
[18.990s][info][gc,metaspace   ] GC(78) Metaspace: 14564K(15104K)->14564K(15104K) NonClass: 12501K(12800K)->12501K(12800K) Class: 2062K(2304K)->2062K(2304K)
[18.990s][info][gc             ] GC(78) Pause Young (Normal) (G1 Evacuation Pause) 341M->11M(552M) 3.515ms
[18.990s][info][gc,cpu         ] GC(78) User=0.00s Sys=0.00s Real=0.00s
[19.256s][info][gc,start       ] GC(79) Pause Young (Normal) (G1 Evacuation Pause)
[19.256s][info][gc,task        ] GC(79) Using 33 workers of 33 for evacuation
[19.258s][info][gc,phases      ] GC(79)   Pre Evacuate Collection Set: 0.1ms
[19.258s][info][gc,phases      ] GC(79)   Merge Heap Roots: 0.1ms
[19.258s][info][gc,phases      ] GC(79)   Evacuate Collection Set: 0.4ms
[19.258s][info][gc,phases      ] GC(79)   Post Evacuate Collection Set: 1.3ms
[19.258s][info][gc,phases      ] GC(79)   Other: 0.1ms
[19.258s][info][gc,heap        ] GC(79) Eden regions: 330->0(330)
[19.258s][info][gc,heap        ] GC(79) Survivor regions: 1->1(42)
[19.258s][info][gc,heap        ] GC(79) Old regions: 32->32
[19.258s][info][gc,heap        ] GC(79) Archive regions: 0->0
[19.258s][info][gc,heap        ] GC(79) Humongous regions: 0->0
[19.258s][info][gc,metaspace   ] GC(79) Metaspace: 14564K(15104K)->14564K(15104K) NonClass: 12501K(12800K)->12501K(12800K) Class: 2062K(2304K)->2062K(2304K)
[19.258s][info][gc             ] GC(79) Pause Young (Normal) (G1 Evacuation Pause) 341M->11M(552M) 2.352ms
[19.258s][info][gc,cpu         ] GC(79) User=0.00s Sys=0.00s Real=0.00s
[19.519s][info][gc,start       ] GC(80) Pause Young (Normal) (G1 Evacuation Pause)
[19.520s][info][gc,task        ] GC(80) Using 29 workers of 33 for evacuation
[19.521s][info][gc,phases      ] GC(80)   Pre Evacuate Collection Set: 0.1ms
[19.522s][info][gc,phases      ] GC(80)   Merge Heap Roots: 0.2ms
[19.522s][info][gc,phases      ] GC(80)   Evacuate Collection Set: 0.4ms
[19.522s][info][gc,phases      ] GC(80)   Post Evacuate Collection Set: 1.2ms
[19.522s][info][gc,phases      ] GC(80)   Other: 0.1ms
[19.522s][info][gc,heap        ] GC(80) Eden regions: 330->0(330)
[19.522s][info][gc,heap        ] GC(80) Survivor regions: 1->1(42)
[19.522s][info][gc,heap        ] GC(80) Old regions: 32->32
[19.522s][info][gc,heap        ] GC(80) Archive regions: 0->0
[19.522s][info][gc,heap        ] GC(80) Humongous regions: 0->0
[19.522s][info][gc,metaspace   ] GC(80) Metaspace: 14564K(15104K)->14564K(15104K) NonClass: 12501K(12800K)->12501K(12800K) Class: 2062K(2304K)->2062K(2304K)
[19.522s][info][gc             ] GC(80) Pause Young (Normal) (G1 Evacuation Pause) 341M->11M(552M) 2.163ms
[19.522s][info][gc,cpu         ] GC(80) User=0.00s Sys=0.00s Real=0.00s
[19.972s][info][gc,start       ] GC(81) Pause Young (Normal) (G1 Evacuation Pause)
[19.973s][info][gc,task        ] GC(81) Using 22 workers of 33 for evacuation
[19.975s][info][gc,phases      ] GC(81)   Pre Evacuate Collection Set: 0.1ms
[19.975s][info][gc,phases      ] GC(81)   Merge Heap Roots: 0.1ms
[19.975s][info][gc,phases      ] GC(81)   Evacuate Collection Set: 0.3ms
[19.975s][info][gc,phases      ] GC(81)   Post Evacuate Collection Set: 1.3ms
[19.975s][info][gc,phases      ] GC(81)   Other: 0.2ms
[19.975s][info][gc,heap        ] GC(81) Eden regions: 330->0(330)
[19.975s][info][gc,heap        ] GC(81) Survivor regions: 1->1(42)
[19.975s][info][gc,heap        ] GC(81) Old regions: 32->32
[19.975s][info][gc,heap        ] GC(81) Archive regions: 0->0
[19.975s][info][gc,heap        ] GC(81) Humongous regions: 0->0
[19.975s][info][gc,metaspace   ] GC(81) Metaspace: 14564K(15104K)->14564K(15104K) NonClass: 12501K(12800K)->12501K(12800K) Class: 2062K(2304K)->2062K(2304K)
[19.975s][info][gc             ] GC(81) Pause Young (Normal) (G1 Evacuation Pause) 341M->11M(552M) 2.559ms
[19.975s][info][gc,cpu         ] GC(81) User=0.00s Sys=0.00s Real=0.00s
[20.199s][info][gc,start       ] GC(82) Pause Full (System.gc())
[20.199s][info][gc,task        ] GC(82) Using 17 workers of 33 for full compaction
[20.200s][info][gc,phases,start] GC(82) Phase 1: Mark live objects
[20.213s][info][gc,phases      ] GC(82) Phase 1: Mark live objects 13.533ms
[20.213s][info][gc,phases,start] GC(82) Phase 2: Prepare compaction
[20.215s][info][gc,phases      ] GC(82) Phase 2: Prepare compaction 1.525ms
[20.215s][info][gc,phases,start] GC(82) Phase 3: Adjust pointers
[20.219s][info][gc,phases      ] GC(82) Phase 3: Adjust pointers 4.196ms
[20.219s][info][gc,phases,start] GC(82) Phase 4: Compact heap
[20.221s][info][gc,phases      ] GC(82) Phase 4: Compact heap 1.423ms
[20.228s][info][gc,heap        ] GC(82) Eden regions: 104->0(36)
[20.228s][info][gc,heap        ] GC(82) Survivor regions: 1->0(42)
[20.228s][info][gc,heap        ] GC(82) Old regions: 32->18
[20.228s][info][gc,heap        ] GC(82) Archive regions: 0->0
[20.228s][info][gc,heap        ] GC(82) Humongous regions: 0->0
[20.228s][info][gc,metaspace   ] GC(82) Metaspace: 14665K(15232K)->14226K(15104K) NonClass: 12593K(12928K)->12276K(12864K) Class: 2072K(2304K)->1950K(2240K)
[20.228s][info][gc             ] GC(82) Pause Full (System.gc()) 115M->5M(60M) 29.624ms
[20.228s][info][gc,cpu         ] GC(82) User=0.28s Sys=0.00s Real=0.03s
[20.264s][info][gc,start       ] GC(83) Pause Young (Normal) (G1 Evacuation Pause)
[20.264s][info][gc,task        ] GC(83) Using 33 workers of 33 for evacuation
[20.267s][info][gc,phases      ] GC(83)   Pre Evacuate Collection Set: 0.1ms
[20.267s][info][gc,phases      ] GC(83)   Merge Heap Roots: 0.1ms
[20.267s][info][gc,phases      ] GC(83)   Evacuate Collection Set: 2.1ms
[20.267s][info][gc,phases      ] GC(83)   Post Evacuate Collection Set: 0.8ms
[20.267s][info][gc,phases      ] GC(83)   Other: 0.1ms
[20.267s][info][gc,heap        ] GC(83) Eden regions: 36->0(34)
[20.267s][info][gc,heap        ] GC(83) Survivor regions: 0->2(5)
[20.267s][info][gc,heap        ] GC(83) Old regions: 18->18
[20.267s][info][gc,heap        ] GC(83) Archive regions: 0->0
[20.267s][info][gc,heap        ] GC(83) Humongous regions: 0->0
[20.267s][info][gc,metaspace   ] GC(83) Metaspace: 14227K(15104K)->14227K(15104K) NonClass: 12277K(12864K)->12277K(12864K) Class: 1950K(2240K)->1950K(2240K)
[20.267s][info][gc             ] GC(83) Pause Young (Normal) (G1 Evacuation Pause) 41M->6M(60M) 3.340ms
[20.267s][info][gc,cpu         ] GC(83) User=0.22s Sys=0.03s Real=0.00s
[20.287s][info][gc,start       ] GC(84) Pause Young (Normal) (G1 Evacuation Pause)
[20.287s][info][gc,task        ] GC(84) Using 33 workers of 33 for evacuation
[20.288s][info][gc,phases      ] GC(84)   Pre Evacuate Collection Set: 0.1ms
[20.288s][info][gc,phases      ] GC(84)   Merge Heap Roots: 0.1ms
[20.288s][info][gc,phases      ] GC(84)   Evacuate Collection Set: 0.7ms
[20.288s][info][gc,phases      ] GC(84)   Post Evacuate Collection Set: 0.7ms
[20.288s][info][gc,phases      ] GC(84)   Other: 0.1ms
[20.288s][info][gc,heap        ] GC(84) Eden regions: 34->0(34)
[20.288s][info][gc,heap        ] GC(84) Survivor regions: 2->2(5)
[20.288s][info][gc,heap        ] GC(84) Old regions: 18->18
[20.288s][info][gc,heap        ] GC(84) Archive regions: 0->0
[20.288s][info][gc,heap        ] GC(84) Humongous regions: 0->0
[20.288s][info][gc,metaspace   ] GC(84) Metaspace: 14227K(15104K)->14227K(15104K) NonClass: 12277K(12864K)->12277K(12864K) Class: 1950K(2240K)->1950K(2240K)
[20.288s][info][gc             ] GC(84) Pause Young (Normal) (G1 Evacuation Pause) 40M->6M(60M) 1.880ms
[20.288s][info][gc,cpu         ] GC(84) User=0.00s Sys=0.00s Real=0.00s
[20.308s][info][gc,start       ] GC(85) Pause Young (Normal) (G1 Evacuation Pause)
[20.308s][info][gc,task        ] GC(85) Using 33 workers of 33 for evacuation
[20.309s][info][gc,phases      ] GC(85)   Pre Evacuate Collection Set: 0.1ms
[20.309s][info][gc,phases      ] GC(85)   Merge Heap Roots: 0.1ms
[20.309s][info][gc,phases      ] GC(85)   Evacuate Collection Set: 0.4ms
[20.309s][info][gc,phases      ] GC(85)   Post Evacuate Collection Set: 0.7ms
[20.309s][info][gc,phases      ] GC(85)   Other: 0.1ms
[20.309s][info][gc,heap        ] GC(85) Eden regions: 34->0(34)
[20.309s][info][gc,heap        ] GC(85) Survivor regions: 2->2(5)
[20.309s][info][gc,heap        ] GC(85) Old regions: 18->18
[20.309s][info][gc,heap        ] GC(85) Archive regions: 0->0
[20.309s][info][gc,heap        ] GC(85) Humongous regions: 0->0
[20.309s][info][gc,metaspace   ] GC(85) Metaspace: 14227K(15104K)->14227K(15104K) NonClass: 12277K(12864K)->12277K(12864K) Class: 1950K(2240K)->1950K(2240K)
[20.309s][info][gc             ] GC(85) Pause Young (Normal) (G1 Evacuation Pause) 40M->6M(60M) 1.554ms
[20.309s][info][gc,cpu         ] GC(85) User=0.00s Sys=0.00s Real=0.00s
[20.329s][info][gc,start       ] GC(86) Pause Young (Normal) (G1 Evacuation Pause)
[20.329s][info][gc,task        ] GC(86) Using 33 workers of 33 for evacuation
[20.332s][info][gc,phases      ] GC(86)   Pre Evacuate Collection Set: 0.1ms
[20.332s][info][gc,phases      ] GC(86)   Merge Heap Roots: 0.1ms
[20.332s][info][gc,phases      ] GC(86)   Evacuate Collection Set: 0.5ms
[20.332s][info][gc,phases      ] GC(86)   Post Evacuate Collection Set: 2.6ms
[20.332s][info][gc,phases      ] GC(86)   Other: 0.1ms
[20.332s][info][gc,heap        ] GC(86) Eden regions: 34->0(323)
[20.332s][info][gc,heap        ] GC(86) Survivor regions: 2->2(5)
[20.332s][info][gc,heap        ] GC(86) Old regions: 18->18
[20.332s][info][gc,heap        ] GC(86) Archive regions: 0->0
[20.332s][info][gc,heap        ] GC(86) Humongous regions: 0->0
[20.332s][info][gc,metaspace   ] GC(86) Metaspace: 14227K(15104K)->14227K(15104K) NonClass: 12277K(12864K)->12277K(12864K) Class: 1950K(2240K)->1950K(2240K)
[20.332s][info][gc             ] GC(86) Pause Young (Normal) (G1 Evacuation Pause) 40M->6M(542M) 3.558ms
[20.332s][info][gc,cpu         ] GC(86) User=0.00s Sys=0.00s Real=0.00s
[20.508s][info][gc,start       ] GC(87) Pause Young (Normal) (G1 Evacuation Pause)
[20.508s][info][gc,task        ] GC(87) Using 33 workers of 33 for evacuation
[20.510s][info][gc,phases      ] GC(87)   Pre Evacuate Collection Set: 0.2ms
[20.510s][info][gc,phases      ] GC(87)   Merge Heap Roots: 0.1ms
[20.510s][info][gc,phases      ] GC(87)   Evacuate Collection Set: 0.5ms
[20.510s][info][gc,phases      ] GC(87)   Post Evacuate Collection Set: 1.2ms
[20.510s][info][gc,phases      ] GC(87)   Other: 0.1ms
[20.510s][info][gc,heap        ] GC(87) Eden regions: 323->0(323)
[20.510s][info][gc,heap        ] GC(87) Survivor regions: 2->2(41)
[20.510s][info][gc,heap        ] GC(87) Old regions: 18->18
[20.510s][info][gc,heap        ] GC(87) Archive regions: 0->0
[20.510s][info][gc,heap        ] GC(87) Humongous regions: 0->0
[20.510s][info][gc,metaspace   ] GC(87) Metaspace: 14227K(15104K)->14227K(15104K) NonClass: 12277K(12864K)->12277K(12864K) Class: 1950K(2240K)->1950K(2240K)
[20.510s][info][gc             ] GC(87) Pause Young (Normal) (G1 Evacuation Pause) 329M->6M(542M) 2.233ms
[20.510s][info][gc,cpu         ] GC(87) User=0.00s Sys=0.00s Real=0.00s
[20.682s][info][gc,start       ] GC(88) Pause Young (Normal) (G1 Evacuation Pause)
[20.682s][info][gc,task        ] GC(88) Using 33 workers of 33 for evacuation
[20.684s][info][gc,phases      ] GC(88)   Pre Evacuate Collection Set: 0.1ms
[20.684s][info][gc,phases      ] GC(88)   Merge Heap Roots: 0.1ms
[20.684s][info][gc,phases      ] GC(88)   Evacuate Collection Set: 0.5ms
[20.684s][info][gc,phases      ] GC(88)   Post Evacuate Collection Set: 1.1ms
[20.684s][info][gc,phases      ] GC(88)   Other: 0.1ms
[20.684s][info][gc,heap        ] GC(88) Eden regions: 323->0(323)
[20.684s][info][gc,heap        ] GC(88) Survivor regions: 2->2(41)
[20.684s][info][gc,heap        ] GC(88) Old regions: 18->18
[20.684s][info][gc,heap        ] GC(88) Archive regions: 0->0
[20.684s][info][gc,heap        ] GC(88) Humongous regions: 0->0
[20.684s][info][gc,metaspace   ] GC(88) Metaspace: 14227K(15104K)->14227K(15104K) NonClass: 12277K(12864K)->12277K(12864K) Class: 1950K(2240K)->1950K(2240K)
[20.685s][info][gc             ] GC(88) Pause Young (Normal) (G1 Evacuation Pause) 329M->6M(542M) 2.210ms
[20.685s][info][gc,cpu         ] GC(88) User=0.00s Sys=0.00s Real=0.00s
[20.857s][info][gc,start       ] GC(89) Pause Young (Normal) (G1 Evacuation Pause)
[20.857s][info][gc,task        ] GC(89) Using 33 workers of 33 for evacuation
[20.859s][info][gc,phases      ] GC(89)   Pre Evacuate Collection Set: 0.1ms
[20.859s][info][gc,phases      ] GC(89)   Merge Heap Roots: 0.1ms
[20.859s][info][gc,phases      ] GC(89)   Evacuate Collection Set: 0.5ms
[20.859s][info][gc,phases      ] GC(89)   Post Evacuate Collection Set: 1.2ms
[20.859s][info][gc,phases      ] GC(89)   Other: 0.1ms
[20.859s][info][gc,heap        ] GC(89) Eden regions: 323->0(323)
[20.859s][info][gc,heap        ] GC(89) Survivor regions: 2->2(41)
[20.859s][info][gc,heap        ] GC(89) Old regions: 18->18
[20.859s][info][gc,heap        ] GC(89) Archive regions: 0->0
[20.859s][info][gc,heap        ] GC(89) Humongous regions: 0->0
[20.859s][info][gc,metaspace   ] GC(89) Metaspace: 14227K(15104K)->14227K(15104K) NonClass: 12277K(12864K)->12277K(12864K) Class: 1950K(2240K)->1950K(2240K)
[20.859s][info][gc             ] GC(89) Pause Young (Normal) (G1 Evacuation Pause) 329M->6M(542M) 2.246ms
[20.859s][info][gc,cpu         ] GC(89) User=0.00s Sys=0.00s Real=0.00s
[21.030s][info][gc,start       ] GC(90) Pause Young (Normal) (G1 Evacuation Pause)
[21.030s][info][gc,task        ] GC(90) Using 33 workers of 33 for evacuation
[21.032s][info][gc,phases      ] GC(90)   Pre Evacuate Collection Set: 0.1ms
[21.032s][info][gc,phases      ] GC(90)   Merge Heap Roots: 0.1ms
[21.032s][info][gc,phases      ] GC(90)   Evacuate Collection Set: 0.4ms
[21.032s][info][gc,phases      ] GC(90)   Post Evacuate Collection Set: 1.2ms
[21.032s][info][gc,phases      ] GC(90)   Other: 0.1ms
[21.032s][info][gc,heap        ] GC(90) Eden regions: 323->0(323)
[21.032s][info][gc,heap        ] GC(90) Survivor regions: 2->2(41)
[21.032s][info][gc,heap        ] GC(90) Old regions: 18->18
[21.032s][info][gc,heap        ] GC(90) Archive regions: 0->0
[21.032s][info][gc,heap        ] GC(90) Humongous regions: 0->0
[21.032s][info][gc,metaspace   ] GC(90) Metaspace: 14227K(15104K)->14227K(15104K) NonClass: 12277K(12864K)->12277K(12864K) Class: 1950K(2240K)->1950K(2240K)
[21.032s][info][gc             ] GC(90) Pause Young (Normal) (G1 Evacuation Pause) 329M->6M(542M) 2.223ms
[21.032s][info][gc,cpu         ] GC(90) User=0.52s Sys=0.00s Real=0.00s
[21.207s][info][gc,start       ] GC(91) Pause Young (Normal) (G1 Evacuation Pause)
[21.207s][info][gc,task        ] GC(91) Using 33 workers of 33 for evacuation
[21.209s][info][gc,phases      ] GC(91)   Pre Evacuate Collection Set: 0.1ms
[21.209s][info][gc,phases      ] GC(91)   Merge Heap Roots: 0.1ms
[21.209s][info][gc,phases      ] GC(91)   Evacuate Collection Set: 0.4ms
[21.209s][info][gc,phases      ] GC(91)   Post Evacuate Collection Set: 1.3ms
[21.209s][info][gc,phases      ] GC(91)   Other: 0.1ms
[21.209s][info][gc,heap        ] GC(91) Eden regions: 323->0(323)
[21.209s][info][gc,heap        ] GC(91) Survivor regions: 2->2(41)
[21.209s][info][gc,heap        ] GC(91) Old regions: 18->18
[21.209s][info][gc,heap        ] GC(91) Archive regions: 0->0
[21.209s][info][gc,heap        ] GC(91) Humongous regions: 0->0
[21.209s][info][gc,metaspace   ] GC(91) Metaspace: 14227K(15104K)->14227K(15104K) NonClass: 12277K(12864K)->12277K(12864K) Class: 1950K(2240K)->1950K(2240K)
[21.209s][info][gc             ] GC(91) Pause Young (Normal) (G1 Evacuation Pause) 329M->6M(542M) 2.284ms
[21.209s][info][gc,cpu         ] GC(91) User=0.00s Sys=0.00s Real=0.00s
[21.380s][info][gc,start       ] GC(92) Pause Young (Normal) (G1 Evacuation Pause)
[21.380s][info][gc,task        ] GC(92) Using 33 workers of 33 for evacuation
[21.382s][info][gc,phases      ] GC(92)   Pre Evacuate Collection Set: 0.1ms
[21.382s][info][gc,phases      ] GC(92)   Merge Heap Roots: 0.1ms
[21.382s][info][gc,phases      ] GC(92)   Evacuate Collection Set: 0.5ms
[21.382s][info][gc,phases      ] GC(92)   Post Evacuate Collection Set: 1.3ms
[21.382s][info][gc,phases      ] GC(92)   Other: 0.1ms
[21.382s][info][gc,heap        ] GC(92) Eden regions: 323->0(323)
[21.382s][info][gc,heap        ] GC(92) Survivor regions: 2->2(41)
[21.382s][info][gc,heap        ] GC(92) Old regions: 18->18
[21.382s][info][gc,heap        ] GC(92) Archive regions: 0->0
[21.383s][info][gc,heap        ] GC(92) Humongous regions: 0->0
[21.383s][info][gc,metaspace   ] GC(92) Metaspace: 14227K(15104K)->14227K(15104K) NonClass: 12277K(12864K)->12277K(12864K) Class: 1950K(2240K)->1950K(2240K)
[21.383s][info][gc             ] GC(92) Pause Young (Normal) (G1 Evacuation Pause) 329M->6M(542M) 2.390ms
[21.383s][info][gc,cpu         ] GC(92) User=0.00s Sys=0.00s Real=0.00s
[21.552s][info][gc,start       ] GC(93) Pause Young (Normal) (G1 Evacuation Pause)
[21.552s][info][gc,task        ] GC(93) Using 33 workers of 33 for evacuation
[21.554s][info][gc,phases      ] GC(93)   Pre Evacuate Collection Set: 0.1ms
[21.554s][info][gc,phases      ] GC(93)   Merge Heap Roots: 0.1ms
[21.554s][info][gc,phases      ] GC(93)   Evacuate Collection Set: 0.5ms
[21.554s][info][gc,phases      ] GC(93)   Post Evacuate Collection Set: 1.3ms
[21.554s][info][gc,phases      ] GC(93)   Other: 0.1ms
[21.554s][info][gc,heap        ] GC(93) Eden regions: 323->0(323)
[21.554s][info][gc,heap        ] GC(93) Survivor regions: 2->2(41)
[21.554s][info][gc,heap        ] GC(93) Old regions: 18->18
[21.554s][info][gc,heap        ] GC(93) Archive regions: 0->0
[21.554s][info][gc,heap        ] GC(93) Humongous regions: 0->0
[21.554s][info][gc,metaspace   ] GC(93) Metaspace: 14227K(15104K)->14227K(15104K) NonClass: 12277K(12864K)->12277K(12864K) Class: 1950K(2240K)->1950K(2240K)
[21.554s][info][gc             ] GC(93) Pause Young (Normal) (G1 Evacuation Pause) 329M->6M(542M) 2.385ms
[21.555s][info][gc,cpu         ] GC(93) User=0.00s Sys=0.00s Real=0.00s
[21.726s][info][gc,start       ] GC(94) Pause Young (Normal) (G1 Evacuation Pause)
[21.726s][info][gc,task        ] GC(94) Using 33 workers of 33 for evacuation
[21.728s][info][gc,phases      ] GC(94)   Pre Evacuate Collection Set: 0.1ms
[21.728s][info][gc,phases      ] GC(94)   Merge Heap Roots: 0.1ms
[21.728s][info][gc,phases      ] GC(94)   Evacuate Collection Set: 0.5ms
[21.728s][info][gc,phases      ] GC(94)   Post Evacuate Collection Set: 1.3ms
[21.728s][info][gc,phases      ] GC(94)   Other: 0.1ms
[21.728s][info][gc,heap        ] GC(94) Eden regions: 323->0(323)
[21.728s][info][gc,heap        ] GC(94) Survivor regions: 2->2(41)
[21.728s][info][gc,heap        ] GC(94) Old regions: 18->18
[21.728s][info][gc,heap        ] GC(94) Archive regions: 0->0
[21.728s][info][gc,heap        ] GC(94) Humongous regions: 0->0
[21.728s][info][gc,metaspace   ] GC(94) Metaspace: 14227K(15104K)->14227K(15104K) NonClass: 12277K(12864K)->12277K(12864K) Class: 1950K(2240K)->1950K(2240K)
[21.728s][info][gc             ] GC(94) Pause Young (Normal) (G1 Evacuation Pause) 329M->6M(542M) 2.425ms
[21.728s][info][gc,cpu         ] GC(94) User=0.00s Sys=0.00s Real=0.00s
[21.901s][info][gc,start       ] GC(95) Pause Young (Normal) (G1 Evacuation Pause)
[21.901s][info][gc,task        ] GC(95) Using 33 workers of 33 for evacuation
[21.903s][info][gc,phases      ] GC(95)   Pre Evacuate Collection Set: 0.1ms
[21.903s][info][gc,phases      ] GC(95)   Merge Heap Roots: 0.1ms
[21.903s][info][gc,phases      ] GC(95)   Evacuate Collection Set: 0.5ms
[21.903s][info][gc,phases      ] GC(95)   Post Evacuate Collection Set: 1.4ms
[21.903s][info][gc,phases      ] GC(95)   Other: 0.1ms
[21.903s][info][gc,heap        ] GC(95) Eden regions: 323->0(323)
[21.903s][info][gc,heap        ] GC(95) Survivor regions: 2->2(41)
[21.903s][info][gc,heap        ] GC(95) Old regions: 18->18
[21.903s][info][gc,heap        ] GC(95) Archive regions: 0->0
[21.903s][info][gc,heap        ] GC(95) Humongous regions: 0->0
[21.903s][info][gc,metaspace   ] GC(95) Metaspace: 14227K(15104K)->14227K(15104K) NonClass: 12277K(12864K)->12277K(12864K) Class: 1950K(2240K)->1950K(2240K)
[21.903s][info][gc             ] GC(95) Pause Young (Normal) (G1 Evacuation Pause) 329M->6M(542M) 2.451ms
[21.903s][info][gc,cpu         ] GC(95) User=0.00s Sys=0.00s Real=0.00s
[22.076s][info][gc,start       ] GC(96) Pause Young (Normal) (G1 Evacuation Pause)
[22.076s][info][gc,task        ] GC(96) Using 33 workers of 33 for evacuation
[22.078s][info][gc,phases      ] GC(96)   Pre Evacuate Collection Set: 0.1ms
[22.078s][info][gc,phases      ] GC(96)   Merge Heap Roots: 0.1ms
[22.078s][info][gc,phases      ] GC(96)   Evacuate Collection Set: 0.5ms
[22.078s][info][gc,phases      ] GC(96)   Post Evacuate Collection Set: 1.4ms
[22.078s][info][gc,phases      ] GC(96)   Other: 0.1ms
[22.078s][info][gc,heap        ] GC(96) Eden regions: 323->0(323)
[22.078s][info][gc,heap        ] GC(96) Survivor regions: 2->2(41)
[22.078s][info][gc,heap        ] GC(96) Old regions: 18->18
[22.078s][info][gc,heap        ] GC(96) Archive regions: 0->0
[22.079s][info][gc,heap        ] GC(96) Humongous regions: 0->0
[22.079s][info][gc,metaspace   ] GC(96) Metaspace: 14227K(15104K)->14227K(15104K) NonClass: 12277K(12864K)->12277K(12864K) Class: 1950K(2240K)->1950K(2240K)
[22.079s][info][gc             ] GC(96) Pause Young (Normal) (G1 Evacuation Pause) 329M->6M(542M) 2.525ms
[22.079s][info][gc,cpu         ] GC(96) User=0.52s Sys=0.00s Real=0.00s
[22.251s][info][gc,start       ] GC(97) Pause Young (Normal) (G1 Evacuation Pause)
[22.251s][info][gc,task        ] GC(97) Using 33 workers of 33 for evacuation
[22.254s][info][gc,phases      ] GC(97)   Pre Evacuate Collection Set: 0.1ms
[22.254s][info][gc,phases      ] GC(97)   Merge Heap Roots: 0.1ms
[22.254s][info][gc,phases      ] GC(97)   Evacuate Collection Set: 0.5ms
[22.254s][info][gc,phases      ] GC(97)   Post Evacuate Collection Set: 1.5ms
[22.254s][info][gc,phases      ] GC(97)   Other: 0.1ms
[22.254s][info][gc,heap        ] GC(97) Eden regions: 323->0(323)
[22.254s][info][gc,heap        ] GC(97) Survivor regions: 2->2(41)
[22.254s][info][gc,heap        ] GC(97) Old regions: 18->18
[22.254s][info][gc,heap        ] GC(97) Archive regions: 0->0
[22.254s][info][gc,heap        ] GC(97) Humongous regions: 0->0
[22.254s][info][gc,metaspace   ] GC(97) Metaspace: 14227K(15104K)->14227K(15104K) NonClass: 12277K(12864K)->12277K(12864K) Class: 1950K(2240K)->1950K(2240K)
[22.254s][info][gc             ] GC(97) Pause Young (Normal) (G1 Evacuation Pause) 329M->7M(542M) 2.595ms
[22.254s][info][gc,cpu         ] GC(97) User=0.00s Sys=0.00s Real=0.00s
[22.427s][info][gc,start       ] GC(98) Pause Young (Normal) (G1 Evacuation Pause)
[22.427s][info][gc,task        ] GC(98) Using 33 workers of 33 for evacuation
[22.431s][info][gc,phases      ] GC(98)   Pre Evacuate Collection Set: 0.1ms
[22.431s][info][gc,phases      ] GC(98)   Merge Heap Roots: 0.1ms
[22.431s][info][gc,phases      ] GC(98)   Evacuate Collection Set: 1.5ms
[22.431s][info][gc,phases      ] GC(98)   Post Evacuate Collection Set: 1.5ms
[22.431s][info][gc,phases      ] GC(98)   Other: 0.1ms
[22.431s][info][gc,heap        ] GC(98) Eden regions: 323->0(324)
[22.431s][info][gc,heap        ] GC(98) Survivor regions: 2->1(41)
[22.431s][info][gc,heap        ] GC(98) Old regions: 18->20
[22.431s][info][gc,heap        ] GC(98) Archive regions: 0->0
[22.431s][info][gc,heap        ] GC(98) Humongous regions: 0->0
[22.431s][info][gc,metaspace   ] GC(98) Metaspace: 14227K(15104K)->14227K(15104K) NonClass: 12277K(12864K)->12277K(12864K) Class: 1950K(2240K)->1950K(2240K)
[22.431s][info][gc             ] GC(98) Pause Young (Normal) (G1 Evacuation Pause) 330M->7M(542M) 3.611ms
[22.431s][info][gc,cpu         ] GC(98) User=0.00s Sys=0.00s Real=0.00s
[22.672s][info][gc,start       ] GC(99) Pause Young (Normal) (G1 Evacuation Pause)
[22.672s][info][gc,task        ] GC(99) Using 33 workers of 33 for evacuation
[22.675s][info][gc,phases      ] GC(99)   Pre Evacuate Collection Set: 0.2ms
[22.675s][info][gc,phases      ] GC(99)   Merge Heap Roots: 0.2ms
[22.675s][info][gc,phases      ] GC(99)   Evacuate Collection Set: 0.5ms
[22.676s][info][gc,phases      ] GC(99)   Post Evacuate Collection Set: 2.1ms
[22.676s][info][gc,phases      ] GC(99)   Other: 0.2ms
[22.676s][info][gc,heap        ] GC(99) Eden regions: 324->0(324)
[22.676s][info][gc,heap        ] GC(99) Survivor regions: 1->1(41)
[22.676s][info][gc,heap        ] GC(99) Old regions: 20->20
[22.676s][info][gc,heap        ] GC(99) Archive regions: 0->0
[22.676s][info][gc,heap        ] GC(99) Humongous regions: 0->0
[22.676s][info][gc,metaspace   ] GC(99) Metaspace: 14227K(15104K)->14227K(15104K) NonClass: 12277K(12864K)->12277K(12864K) Class: 1950K(2240K)->1950K(2240K)
[22.676s][info][gc             ] GC(99) Pause Young (Normal) (G1 Evacuation Pause) 331M->7M(542M) 3.741ms
[22.676s][info][gc,cpu         ] GC(99) User=0.00s Sys=0.00s Real=0.00s
[22.878s][info][gc,start       ] GC(100) Pause Young (Normal) (G1 Evacuation Pause)
[22.879s][info][gc,task        ] GC(100) Using 33 workers of 33 for evacuation
[22.881s][info][gc,phases      ] GC(100)   Pre Evacuate Collection Set: 0.1ms
[22.881s][info][gc,phases      ] GC(100)   Merge Heap Roots: 0.2ms
[22.881s][info][gc,phases      ] GC(100)   Evacuate Collection Set: 0.3ms
[22.881s][info][gc,phases      ] GC(100)   Post Evacuate Collection Set: 1.5ms
[22.881s][info][gc,phases      ] GC(100)   Other: 0.2ms
[22.881s][info][gc,heap        ] GC(100) Eden regions: 324->0(324)
[22.881s][info][gc,heap        ] GC(100) Survivor regions: 1->1(41)
[22.881s][info][gc,heap        ] GC(100) Old regions: 20->20
[22.881s][info][gc,heap        ] GC(100) Archive regions: 0->0
[22.881s][info][gc,heap        ] GC(100) Humongous regions: 0->0
[22.881s][info][gc,metaspace   ] GC(100) Metaspace: 14227K(15104K)->14227K(15104K) NonClass: 12277K(12864K)->12277K(12864K) Class: 1950K(2240K)->1950K(2240K)
[22.881s][info][gc             ] GC(100) Pause Young (Normal) (G1 Evacuation Pause) 331M->7M(542M) 2.499ms
[22.881s][info][gc,cpu         ] GC(100) User=0.00s Sys=0.00s Real=0.00s
[23.082s][info][gc,start       ] GC(101) Pause Young (Normal) (G1 Evacuation Pause)
[23.082s][info][gc,task        ] GC(101) Using 33 workers of 33 for evacuation
[23.084s][info][gc,phases      ] GC(101)   Pre Evacuate Collection Set: 0.1ms
[23.084s][info][gc,phases      ] GC(101)   Merge Heap Roots: 0.2ms
[23.084s][info][gc,phases      ] GC(101)   Evacuate Collection Set: 0.3ms
[23.084s][info][gc,phases      ] GC(101)   Post Evacuate Collection Set: 1.3ms
[23.084s][info][gc,phases      ] GC(101)   Other: 0.1ms
[23.084s][info][gc,heap        ] GC(101) Eden regions: 324->0(324)
[23.084s][info][gc,heap        ] GC(101) Survivor regions: 1->1(41)
[23.084s][info][gc,heap        ] GC(101) Old regions: 20->20
[23.084s][info][gc,heap        ] GC(101) Archive regions: 0->0
[23.084s][info][gc,heap        ] GC(101) Humongous regions: 0->0
[23.084s][info][gc,metaspace   ] GC(101) Metaspace: 14227K(15104K)->14227K(15104K) NonClass: 12277K(12864K)->12277K(12864K) Class: 1950K(2240K)->1950K(2240K)
[23.084s][info][gc             ] GC(101) Pause Young (Normal) (G1 Evacuation Pause) 331M->7M(542M) 2.220ms
[23.084s][info][gc,cpu         ] GC(101) User=0.00s Sys=0.00s Real=0.00s
[23.285s][info][gc,start       ] GC(102) Pause Young (Normal) (G1 Evacuation Pause)
[23.285s][info][gc,task        ] GC(102) Using 33 workers of 33 for evacuation
[23.287s][info][gc,phases      ] GC(102)   Pre Evacuate Collection Set: 0.1ms
[23.287s][info][gc,phases      ] GC(102)   Merge Heap Roots: 0.2ms
[23.287s][info][gc,phases      ] GC(102)   Evacuate Collection Set: 0.3ms
[23.287s][info][gc,phases      ] GC(102)   Post Evacuate Collection Set: 1.2ms
[23.287s][info][gc,phases      ] GC(102)   Other: 0.1ms
[23.287s][info][gc,heap        ] GC(102) Eden regions: 324->0(324)
[23.287s][info][gc,heap        ] GC(102) Survivor regions: 1->1(41)
[23.287s][info][gc,heap        ] GC(102) Old regions: 20->20
[23.287s][info][gc,heap        ] GC(102) Archive regions: 0->0
[23.287s][info][gc,heap        ] GC(102) Humongous regions: 0->0
[23.287s][info][gc,metaspace   ] GC(102) Metaspace: 14227K(15104K)->14227K(15104K) NonClass: 12277K(12864K)->12277K(12864K) Class: 1950K(2240K)->1950K(2240K)
[23.287s][info][gc             ] GC(102) Pause Young (Normal) (G1 Evacuation Pause) 331M->7M(542M) 2.158ms
[23.287s][info][gc,cpu         ] GC(102) User=0.00s Sys=0.00s Real=0.00s
[23.483s][info][gc,start       ] GC(103) Pause Young (Normal) (G1 Evacuation Pause)
[23.483s][info][gc,task        ] GC(103) Using 33 workers of 33 for evacuation
[23.485s][info][gc,phases      ] GC(103)   Pre Evacuate Collection Set: 0.2ms
[23.485s][info][gc,phases      ] GC(103)   Merge Heap Roots: 0.2ms
[23.485s][info][gc,phases      ] GC(103)   Evacuate Collection Set: 0.3ms
[23.485s][info][gc,phases      ] GC(103)   Post Evacuate Collection Set: 1.2ms
[23.485s][info][gc,phases      ] GC(103)   Other: 0.1ms
[23.485s][info][gc,heap        ] GC(103) Eden regions: 324->0(324)
[23.486s][info][gc,heap        ] GC(103) Survivor regions: 1->1(41)
[23.486s][info][gc,heap        ] GC(103) Old regions: 20->20
[23.486s][info][gc,heap        ] GC(103) Archive regions: 0->0
[23.486s][info][gc,heap        ] GC(103) Humongous regions: 0->0
[23.486s][info][gc,metaspace   ] GC(103) Metaspace: 14227K(15104K)->14227K(15104K) NonClass: 12277K(12864K)->12277K(12864K) Class: 1950K(2240K)->1950K(2240K)
[23.486s][info][gc             ] GC(103) Pause Young (Normal) (G1 Evacuation Pause) 331M->7M(542M) 2.211ms
[23.486s][info][gc,cpu         ] GC(103) User=0.52s Sys=0.00s Real=0.00s
[23.684s][info][gc,start       ] GC(104) Pause Young (Normal) (G1 Evacuation Pause)
[23.684s][info][gc,task        ] GC(104) Using 33 workers of 33 for evacuation
[23.686s][info][gc,phases      ] GC(104)   Pre Evacuate Collection Set: 0.1ms
[23.686s][info][gc,phases      ] GC(104)   Merge Heap Roots: 0.2ms
[23.686s][info][gc,phases      ] GC(104)   Evacuate Collection Set: 0.3ms
[23.686s][info][gc,phases      ] GC(104)   Post Evacuate Collection Set: 1.1ms
[23.686s][info][gc,phases      ] GC(104)   Other: 0.1ms
[23.686s][info][gc,heap        ] GC(104) Eden regions: 324->0(324)
[23.686s][info][gc,heap        ] GC(104) Survivor regions: 1->1(41)
[23.686s][info][gc,heap        ] GC(104) Old regions: 20->20
[23.686s][info][gc,heap        ] GC(104) Archive regions: 0->0
[23.686s][info][gc,heap        ] GC(104) Humongous regions: 0->0
[23.686s][info][gc,metaspace   ] GC(104) Metaspace: 14227K(15104K)->14227K(15104K) NonClass: 12277K(12864K)->12277K(12864K) Class: 1950K(2240K)->1950K(2240K)
[23.686s][info][gc             ] GC(104) Pause Young (Normal) (G1 Evacuation Pause) 331M->7M(542M) 2.058ms
[23.686s][info][gc,cpu         ] GC(104) User=0.00s Sys=0.00s Real=0.00s
[23.883s][info][gc,start       ] GC(105) Pause Young (Normal) (G1 Evacuation Pause)
[23.883s][info][gc,task        ] GC(105) Using 33 workers of 33 for evacuation
[23.885s][info][gc,phases      ] GC(105)   Pre Evacuate Collection Set: 0.2ms
[23.885s][info][gc,phases      ] GC(105)   Merge Heap Roots: 0.1ms
[23.885s][info][gc,phases      ] GC(105)   Evacuate Collection Set: 0.4ms
[23.885s][info][gc,phases      ] GC(105)   Post Evacuate Collection Set: 1.2ms
[23.885s][info][gc,phases      ] GC(105)   Other: 0.1ms
[23.885s][info][gc,heap        ] GC(105) Eden regions: 324->0(324)
[23.886s][info][gc,heap        ] GC(105) Survivor regions: 1->1(41)
[23.886s][info][gc,heap        ] GC(105) Old regions: 20->20
[23.886s][info][gc,heap        ] GC(105) Archive regions: 0->0
[23.886s][info][gc,heap        ] GC(105) Humongous regions: 0->0
[23.886s][info][gc,metaspace   ] GC(105) Metaspace: 14227K(15104K)->14227K(15104K) NonClass: 12277K(12864K)->12277K(12864K) Class: 1950K(2240K)->1950K(2240K)
[23.886s][info][gc             ] GC(105) Pause Young (Normal) (G1 Evacuation Pause) 331M->7M(542M) 2.189ms
[23.886s][info][gc,cpu         ] GC(105) User=0.00s Sys=0.00s Real=0.00s
[24.083s][info][gc,start       ] GC(106) Pause Young (Normal) (G1 Evacuation Pause)
[24.083s][info][gc,task        ] GC(106) Using 33 workers of 33 for evacuation
[24.085s][info][gc,phases      ] GC(106)   Pre Evacuate Collection Set: 0.1ms
[24.085s][info][gc,phases      ] GC(106)   Merge Heap Roots: 0.2ms
[24.085s][info][gc,phases      ] GC(106)   Evacuate Collection Set: 0.3ms
[24.085s][info][gc,phases      ] GC(106)   Post Evacuate Collection Set: 1.2ms
[24.085s][info][gc,phases      ] GC(106)   Other: 0.1ms
[24.085s][info][gc,heap        ] GC(106) Eden regions: 324->0(324)
[24.085s][info][gc,heap        ] GC(106) Survivor regions: 1->1(41)
[24.085s][info][gc,heap        ] GC(106) Old regions: 20->20
[24.085s][info][gc,heap        ] GC(106) Archive regions: 0->0
[24.085s][info][gc,heap        ] GC(106) Humongous regions: 0->0
[24.085s][info][gc,metaspace   ] GC(106) Metaspace: 14227K(15104K)->14227K(15104K) NonClass: 12277K(12864K)->12277K(12864K) Class: 1950K(2240K)->1950K(2240K)
[24.085s][info][gc             ] GC(106) Pause Young (Normal) (G1 Evacuation Pause) 331M->7M(542M) 2.118ms
[24.085s][info][gc,cpu         ] GC(106) User=0.00s Sys=0.00s Real=0.00s
[24.282s][info][gc,start       ] GC(107) Pause Young (Normal) (G1 Evacuation Pause)
[24.282s][info][gc,task        ] GC(107) Using 33 workers of 33 for evacuation
[24.284s][info][gc,phases      ] GC(107)   Pre Evacuate Collection Set: 0.2ms
[24.284s][info][gc,phases      ] GC(107)   Merge Heap Roots: 0.2ms
[24.284s][info][gc,phases      ] GC(107)   Evacuate Collection Set: 0.4ms
[24.284s][info][gc,phases      ] GC(107)   Post Evacuate Collection Set: 1.3ms
[24.284s][info][gc,phases      ] GC(107)   Other: 0.1ms
[24.284s][info][gc,heap        ] GC(107) Eden regions: 324->0(324)
[24.284s][info][gc,heap        ] GC(107) Survivor regions: 1->1(41)
[24.284s][info][gc,heap        ] GC(107) Old regions: 20->20
[24.284s][info][gc,heap        ] GC(107) Archive regions: 0->0
[24.284s][info][gc,heap        ] GC(107) Humongous regions: 0->0
[24.284s][info][gc,metaspace   ] GC(107) Metaspace: 14227K(15104K)->14227K(15104K) NonClass: 12277K(12864K)->12277K(12864K) Class: 1950K(2240K)->1950K(2240K)
[24.284s][info][gc             ] GC(107) Pause Young (Normal) (G1 Evacuation Pause) 331M->7M(542M) 2.307ms
[24.284s][info][gc,cpu         ] GC(107) User=0.00s Sys=0.00s Real=0.00s
[24.481s][info][gc,start       ] GC(108) Pause Young (Normal) (G1 Evacuation Pause)
[24.481s][info][gc,task        ] GC(108) Using 33 workers of 33 for evacuation
[24.483s][info][gc,phases      ] GC(108)   Pre Evacuate Collection Set: 0.2ms
[24.483s][info][gc,phases      ] GC(108)   Merge Heap Roots: 0.1ms
[24.483s][info][gc,phases      ] GC(108)   Evacuate Collection Set: 0.3ms
[24.483s][info][gc,phases      ] GC(108)   Post Evacuate Collection Set: 1.3ms
[24.483s][info][gc,phases      ] GC(108)   Other: 0.1ms
[24.483s][info][gc,heap        ] GC(108) Eden regions: 324->0(324)
[24.483s][info][gc,heap        ] GC(108) Survivor regions: 1->1(41)
[24.483s][info][gc,heap        ] GC(108) Old regions: 20->20
[24.483s][info][gc,heap        ] GC(108) Archive regions: 0->0
[24.483s][info][gc,heap        ] GC(108) Humongous regions: 0->0
[24.483s][info][gc,metaspace   ] GC(108) Metaspace: 14227K(15104K)->14227K(15104K) NonClass: 12277K(12864K)->12277K(12864K) Class: 1950K(2240K)->1950K(2240K)
[24.483s][info][gc             ] GC(108) Pause Young (Normal) (G1 Evacuation Pause) 331M->7M(542M) 2.248ms
[24.483s][info][gc,cpu         ] GC(108) User=0.00s Sys=0.00s Real=0.00s
[24.682s][info][gc,start       ] GC(109) Pause Young (Normal) (G1 Evacuation Pause)
[24.682s][info][gc,task        ] GC(109) Using 33 workers of 33 for evacuation
[24.684s][info][gc,phases      ] GC(109)   Pre Evacuate Collection Set: 0.2ms
[24.684s][info][gc,phases      ] GC(109)   Merge Heap Roots: 0.1ms
[24.684s][info][gc,phases      ] GC(109)   Evacuate Collection Set: 0.3ms
[24.684s][info][gc,phases      ] GC(109)   Post Evacuate Collection Set: 1.3ms
[24.684s][info][gc,phases      ] GC(109)   Other: 0.1ms
[24.684s][info][gc,heap        ] GC(109) Eden regions: 324->0(324)
[24.684s][info][gc,heap        ] GC(109) Survivor regions: 1->1(41)
[24.684s][info][gc,heap        ] GC(109) Old regions: 20->20
[24.684s][info][gc,heap        ] GC(109) Archive regions: 0->0
[24.684s][info][gc,heap        ] GC(109) Humongous regions: 0->0
[24.684s][info][gc,metaspace   ] GC(109) Metaspace: 14227K(15104K)->14227K(15104K) NonClass: 12277K(12864K)->12277K(12864K) Class: 1950K(2240K)->1950K(2240K)
[24.684s][info][gc             ] GC(109) Pause Young (Normal) (G1 Evacuation Pause) 331M->7M(542M) 2.282ms
[24.684s][info][gc,cpu         ] GC(109) User=0.00s Sys=0.00s Real=0.00s
[24.880s][info][gc,start       ] GC(110) Pause Young (Normal) (G1 Evacuation Pause)
[24.880s][info][gc,task        ] GC(110) Using 33 workers of 33 for evacuation
[24.882s][info][gc,phases      ] GC(110)   Pre Evacuate Collection Set: 0.2ms
[24.882s][info][gc,phases      ] GC(110)   Merge Heap Roots: 0.2ms
[24.882s][info][gc,phases      ] GC(110)   Evacuate Collection Set: 0.4ms
[24.882s][info][gc,phases      ] GC(110)   Post Evacuate Collection Set: 1.3ms
[24.882s][info][gc,phases      ] GC(110)   Other: 0.1ms
[24.882s][info][gc,heap        ] GC(110) Eden regions: 324->0(324)
[24.882s][info][gc,heap        ] GC(110) Survivor regions: 1->1(41)
[24.882s][info][gc,heap        ] GC(110) Old regions: 20->20
[24.882s][info][gc,heap        ] GC(110) Archive regions: 0->0
[24.882s][info][gc,heap        ] GC(110) Humongous regions: 0->0
[24.882s][info][gc,metaspace   ] GC(110) Metaspace: 14227K(15104K)->14227K(15104K) NonClass: 12277K(12864K)->12277K(12864K) Class: 1950K(2240K)->1950K(2240K)
[24.882s][info][gc             ] GC(110) Pause Young (Normal) (G1 Evacuation Pause) 331M->7M(542M) 2.425ms
[24.882s][info][gc,cpu         ] GC(110) User=0.00s Sys=0.00s Real=0.00s
[25.081s][info][gc,start       ] GC(111) Pause Young (Normal) (G1 Evacuation Pause)
[25.081s][info][gc,task        ] GC(111) Using 33 workers of 33 for evacuation
[25.083s][info][gc,phases      ] GC(111)   Pre Evacuate Collection Set: 0.2ms
[25.083s][info][gc,phases      ] GC(111)   Merge Heap Roots: 0.2ms
[25.083s][info][gc,phases      ] GC(111)   Evacuate Collection Set: 0.3ms
[25.083s][info][gc,phases      ] GC(111)   Post Evacuate Collection Set: 1.4ms
[25.083s][info][gc,phases      ] GC(111)   Other: 0.1ms
[25.083s][info][gc,heap        ] GC(111) Eden regions: 324->0(324)
[25.083s][info][gc,heap        ] GC(111) Survivor regions: 1->1(41)
[25.083s][info][gc,heap        ] GC(111) Old regions: 20->20
[25.083s][info][gc,heap        ] GC(111) Archive regions: 0->0
[25.083s][info][gc,heap        ] GC(111) Humongous regions: 0->0
[25.083s][info][gc,metaspace   ] GC(111) Metaspace: 14227K(15104K)->14227K(15104K) NonClass: 12277K(12864K)->12277K(12864K) Class: 1950K(2240K)->1950K(2240K)
[25.083s][info][gc             ] GC(111) Pause Young (Normal) (G1 Evacuation Pause) 331M->7M(542M) 2.353ms
[25.083s][info][gc,cpu         ] GC(111) User=0.00s Sys=0.00s Real=0.00s
[25.280s][info][gc,start       ] GC(112) Pause Young (Normal) (G1 Evacuation Pause)
[25.280s][info][gc,task        ] GC(112) Using 33 workers of 33 for evacuation
[25.282s][info][gc,phases      ] GC(112)   Pre Evacuate Collection Set: 0.2ms
[25.282s][info][gc,phases      ] GC(112)   Merge Heap Roots: 0.2ms
[25.282s][info][gc,phases      ] GC(112)   Evacuate Collection Set: 0.3ms
[25.282s][info][gc,phases      ] GC(112)   Post Evacuate Collection Set: 1.4ms
[25.282s][info][gc,phases      ] GC(112)   Other: 0.1ms
[25.282s][info][gc,heap        ] GC(112) Eden regions: 324->0(324)
[25.282s][info][gc,heap        ] GC(112) Survivor regions: 1->1(41)
[25.282s][info][gc,heap        ] GC(112) Old regions: 20->20
[25.282s][info][gc,heap        ] GC(112) Archive regions: 0->0
[25.282s][info][gc,heap        ] GC(112) Humongous regions: 0->0
[25.282s][info][gc,metaspace   ] GC(112) Metaspace: 14227K(15104K)->14227K(15104K) NonClass: 12277K(12864K)->12277K(12864K) Class: 1950K(2240K)->1950K(2240K)
[25.282s][info][gc             ] GC(112) Pause Young (Normal) (G1 Evacuation Pause) 331M->7M(542M) 2.392ms
[25.282s][info][gc,cpu         ] GC(112) User=0.00s Sys=0.00s Real=0.00s
[25.482s][info][gc,start       ] GC(113) Pause Young (Normal) (G1 Evacuation Pause)
[25.482s][info][gc,task        ] GC(113) Using 33 workers of 33 for evacuation
[25.484s][info][gc,phases      ] GC(113)   Pre Evacuate Collection Set: 0.1ms
[25.484s][info][gc,phases      ] GC(113)   Merge Heap Roots: 0.2ms
[25.484s][info][gc,phases      ] GC(113)   Evacuate Collection Set: 0.3ms
[25.484s][info][gc,phases      ] GC(113)   Post Evacuate Collection Set: 1.5ms
[25.484s][info][gc,phases      ] GC(113)   Other: 0.1ms
[25.484s][info][gc,heap        ] GC(113) Eden regions: 324->0(324)
[25.484s][info][gc,heap        ] GC(113) Survivor regions: 1->1(41)
[25.484s][info][gc,heap        ] GC(113) Old regions: 20->20
[25.484s][info][gc,heap        ] GC(113) Archive regions: 0->0
[25.484s][info][gc,heap        ] GC(113) Humongous regions: 0->0
[25.484s][info][gc,metaspace   ] GC(113) Metaspace: 14227K(15104K)->14227K(15104K) NonClass: 12277K(12864K)->12277K(12864K) Class: 1950K(2240K)->1950K(2240K)
[25.484s][info][gc             ] GC(113) Pause Young (Normal) (G1 Evacuation Pause) 331M->7M(542M) 2.445ms
[25.484s][info][gc,cpu         ] GC(113) User=0.00s Sys=0.00s Real=0.00s
[25.679s][info][gc,start       ] GC(114) Pause Young (Normal) (G1 Evacuation Pause)
[25.680s][info][gc,task        ] GC(114) Using 33 workers of 33 for evacuation
[25.682s][info][gc,phases      ] GC(114)   Pre Evacuate Collection Set: 0.2ms
[25.682s][info][gc,phases      ] GC(114)   Merge Heap Roots: 0.2ms
[25.682s][info][gc,phases      ] GC(114)   Evacuate Collection Set: 0.4ms
[25.682s][info][gc,phases      ] GC(114)   Post Evacuate Collection Set: 1.5ms
[25.682s][info][gc,phases      ] GC(114)   Other: 0.1ms
[25.682s][info][gc,heap        ] GC(114) Eden regions: 324->0(324)
[25.682s][info][gc,heap        ] GC(114) Survivor regions: 1->1(41)
[25.682s][info][gc,heap        ] GC(114) Old regions: 20->21
[25.682s][info][gc,heap        ] GC(114) Archive regions: 0->0
[25.682s][info][gc,heap        ] GC(114) Humongous regions: 0->0
[25.682s][info][gc,metaspace   ] GC(114) Metaspace: 14227K(15104K)->14227K(15104K) NonClass: 12277K(12864K)->12277K(12864K) Class: 1950K(2240K)->1950K(2240K)
[25.682s][info][gc             ] GC(114) Pause Young (Normal) (G1 Evacuation Pause) 331M->7M(542M) 2.506ms
[25.682s][info][gc,cpu         ] GC(114) User=0.00s Sys=0.00s Real=0.00s
[25.880s][info][gc,start       ] GC(115) Pause Young (Normal) (G1 Evacuation Pause)
[25.880s][info][gc,task        ] GC(115) Using 33 workers of 33 for evacuation
[25.882s][info][gc,phases      ] GC(115)   Pre Evacuate Collection Set: 0.2ms
[25.882s][info][gc,phases      ] GC(115)   Merge Heap Roots: 0.1ms
[25.882s][info][gc,phases      ] GC(115)   Evacuate Collection Set: 0.4ms
[25.882s][info][gc,phases      ] GC(115)   Post Evacuate Collection Set: 1.5ms
[25.882s][info][gc,phases      ] GC(115)   Other: 0.1ms
[25.882s][info][gc,heap        ] GC(115) Eden regions: 324->0(324)
[25.882s][info][gc,heap        ] GC(115) Survivor regions: 1->1(41)
[25.882s][info][gc,heap        ] GC(115) Old regions: 21->21
[25.882s][info][gc,heap        ] GC(115) Archive regions: 0->0
[25.882s][info][gc,heap        ] GC(115) Humongous regions: 0->0
[25.882s][info][gc,metaspace   ] GC(115) Metaspace: 14227K(15104K)->14227K(15104K) NonClass: 12277K(12864K)->12277K(12864K) Class: 1950K(2240K)->1950K(2240K)
[25.882s][info][gc             ] GC(115) Pause Young (Normal) (G1 Evacuation Pause) 331M->7M(542M) 2.507ms
[25.882s][info][gc,cpu         ] GC(115) User=0.00s Sys=0.00s Real=0.00s
[26.080s][info][gc,start       ] GC(116) Pause Young (Normal) (G1 Evacuation Pause)
[26.080s][info][gc,task        ] GC(116) Using 33 workers of 33 for evacuation
[26.082s][info][gc,phases      ] GC(116)   Pre Evacuate Collection Set: 0.2ms
[26.082s][info][gc,phases      ] GC(116)   Merge Heap Roots: 0.1ms
[26.082s][info][gc,phases      ] GC(116)   Evacuate Collection Set: 0.4ms
[26.082s][info][gc,phases      ] GC(116)   Post Evacuate Collection Set: 1.5ms
[26.082s][info][gc,phases      ] GC(116)   Other: 0.1ms
[26.082s][info][gc,heap        ] GC(116) Eden regions: 324->0(324)
[26.082s][info][gc,heap        ] GC(116) Survivor regions: 1->1(41)
[26.082s][info][gc,heap        ] GC(116) Old regions: 21->21
[26.082s][info][gc,heap        ] GC(116) Archive regions: 0->0
[26.082s][info][gc,heap        ] GC(116) Humongous regions: 0->0
[26.082s][info][gc,metaspace   ] GC(116) Metaspace: 14227K(15104K)->14227K(15104K) NonClass: 12277K(12864K)->12277K(12864K) Class: 1950K(2240K)->1950K(2240K)
[26.082s][info][gc             ] GC(116) Pause Young (Normal) (G1 Evacuation Pause) 331M->7M(542M) 2.563ms
[26.082s][info][gc,cpu         ] GC(116) User=0.00s Sys=0.00s Real=0.00s
[26.279s][info][gc,start       ] GC(117) Pause Young (Normal) (G1 Evacuation Pause)
[26.279s][info][gc,task        ] GC(117) Using 33 workers of 33 for evacuation
[26.281s][info][gc,phases      ] GC(117)   Pre Evacuate Collection Set: 0.1ms
[26.281s][info][gc,phases      ] GC(117)   Merge Heap Roots: 0.1ms
[26.281s][info][gc,phases      ] GC(117)   Evacuate Collection Set: 0.4ms
[26.281s][info][gc,phases      ] GC(117)   Post Evacuate Collection Set: 1.6ms
[26.281s][info][gc,phases      ] GC(117)   Other: 0.1ms
[26.281s][info][gc,heap        ] GC(117) Eden regions: 324->0(324)
[26.281s][info][gc,heap        ] GC(117) Survivor regions: 1->1(41)
[26.281s][info][gc,heap        ] GC(117) Old regions: 21->21
[26.281s][info][gc,heap        ] GC(117) Archive regions: 0->0
[26.281s][info][gc,heap        ] GC(117) Humongous regions: 0->0
[26.281s][info][gc,metaspace   ] GC(117) Metaspace: 14227K(15104K)->14227K(15104K) NonClass: 12277K(12864K)->12277K(12864K) Class: 1950K(2240K)->1950K(2240K)
[26.281s][info][gc             ] GC(117) Pause Young (Normal) (G1 Evacuation Pause) 331M->7M(542M) 2.586ms
[26.281s][info][gc,cpu         ] GC(117) User=0.00s Sys=0.00s Real=0.00s
[26.480s][info][gc,start       ] GC(118) Pause Young (Normal) (G1 Evacuation Pause)
[26.480s][info][gc,task        ] GC(118) Using 33 workers of 33 for evacuation
[26.482s][info][gc,phases      ] GC(118)   Pre Evacuate Collection Set: 0.1ms
[26.482s][info][gc,phases      ] GC(118)   Merge Heap Roots: 0.2ms
[26.482s][info][gc,phases      ] GC(118)   Evacuate Collection Set: 0.3ms
[26.482s][info][gc,phases      ] GC(118)   Post Evacuate Collection Set: 1.6ms
[26.482s][info][gc,phases      ] GC(118)   Other: 0.1ms
[26.482s][info][gc,heap        ] GC(118) Eden regions: 324->0(324)
[26.482s][info][gc,heap        ] GC(118) Survivor regions: 1->1(41)
[26.482s][info][gc,heap        ] GC(118) Old regions: 21->21
[26.482s][info][gc,heap        ] GC(118) Archive regions: 0->0
[26.482s][info][gc,heap        ] GC(118) Humongous regions: 0->0
[26.482s][info][gc,metaspace   ] GC(118) Metaspace: 14227K(15104K)->14227K(15104K) NonClass: 12277K(12864K)->12277K(12864K) Class: 1950K(2240K)->1950K(2240K)
[26.482s][info][gc             ] GC(118) Pause Young (Normal) (G1 Evacuation Pause) 331M->7M(542M) 2.638ms
[26.482s][info][gc,cpu         ] GC(118) User=0.00s Sys=0.00s Real=0.00s
[26.727s][info][gc,start       ] GC(119) Pause Young (Normal) (G1 Evacuation Pause)
[26.727s][info][gc,task        ] GC(119) Using 33 workers of 33 for evacuation
[26.731s][info][gc,phases      ] GC(119)   Pre Evacuate Collection Set: 0.3ms
[26.731s][info][gc,phases      ] GC(119)   Merge Heap Roots: 0.2ms
[26.731s][info][gc,phases      ] GC(119)   Evacuate Collection Set: 0.5ms
[26.731s][info][gc,phases      ] GC(119)   Post Evacuate Collection Set: 2.3ms
[26.731s][info][gc,phases      ] GC(119)   Other: 0.2ms
[26.731s][info][gc,heap        ] GC(119) Eden regions: 324->0(324)
[26.731s][info][gc,heap        ] GC(119) Survivor regions: 1->1(41)
[26.731s][info][gc,heap        ] GC(119) Old regions: 21->21
[26.731s][info][gc,heap        ] GC(119) Archive regions: 0->0
[26.731s][info][gc,heap        ] GC(119) Humongous regions: 0->0
[26.731s][info][gc,metaspace   ] GC(119) Metaspace: 14227K(15104K)->14227K(15104K) NonClass: 12277K(12864K)->12277K(12864K) Class: 1950K(2240K)->1950K(2240K)
[26.731s][info][gc             ] GC(119) Pause Young (Normal) (G1 Evacuation Pause) 331M->8M(542M) 3.994ms
[26.731s][info][gc,cpu         ] GC(119) User=0.00s Sys=0.00s Real=0.00s
[26.935s][info][gc,start       ] GC(120) Pause Young (Normal) (G1 Evacuation Pause)
[26.935s][info][gc,task        ] GC(120) Using 33 workers of 33 for evacuation
[26.937s][info][gc,phases      ] GC(120)   Pre Evacuate Collection Set: 0.1ms
[26.937s][info][gc,phases      ] GC(120)   Merge Heap Roots: 0.2ms
[26.937s][info][gc,phases      ] GC(120)   Evacuate Collection Set: 0.4ms
[26.937s][info][gc,phases      ] GC(120)   Post Evacuate Collection Set: 1.5ms
[26.937s][info][gc,phases      ] GC(120)   Other: 0.1ms
[26.937s][info][gc,heap        ] GC(120) Eden regions: 324->0(324)
[26.937s][info][gc,heap        ] GC(120) Survivor regions: 1->1(41)
[26.937s][info][gc,heap        ] GC(120) Old regions: 21->21
[26.937s][info][gc,heap        ] GC(120) Archive regions: 0->0
[26.937s][info][gc,heap        ] GC(120) Humongous regions: 0->0
[26.937s][info][gc,metaspace   ] GC(120) Metaspace: 14227K(15104K)->14227K(15104K) NonClass: 12277K(12864K)->12277K(12864K) Class: 1950K(2240K)->1950K(2240K)
[26.937s][info][gc             ] GC(120) Pause Young (Normal) (G1 Evacuation Pause) 332M->8M(542M) 2.497ms
[26.937s][info][gc,cpu         ] GC(120) User=0.00s Sys=0.00s Real=0.00s
[27.137s][info][gc,start       ] GC(121) Pause Young (Normal) (G1 Evacuation Pause)
[27.137s][info][gc,task        ] GC(121) Using 33 workers of 33 for evacuation
[27.139s][info][gc,phases      ] GC(121)   Pre Evacuate Collection Set: 0.2ms
[27.139s][info][gc,phases      ] GC(121)   Merge Heap Roots: 0.2ms
[27.139s][info][gc,phases      ] GC(121)   Evacuate Collection Set: 0.4ms
[27.139s][info][gc,phases      ] GC(121)   Post Evacuate Collection Set: 1.4ms
[27.139s][info][gc,phases      ] GC(121)   Other: 0.1ms
[27.139s][info][gc,heap        ] GC(121) Eden regions: 324->0(324)
[27.139s][info][gc,heap        ] GC(121) Survivor regions: 1->1(41)
[27.139s][info][gc,heap        ] GC(121) Old regions: 21->21
[27.139s][info][gc,heap        ] GC(121) Archive regions: 0->0
[27.139s][info][gc,heap        ] GC(121) Humongous regions: 0->0
[27.139s][info][gc,metaspace   ] GC(121) Metaspace: 14227K(15104K)->14227K(15104K) NonClass: 12277K(12864K)->12277K(12864K) Class: 1950K(2240K)->1950K(2240K)
[27.139s][info][gc             ] GC(121) Pause Young (Normal) (G1 Evacuation Pause) 332M->8M(542M) 2.403ms
[27.139s][info][gc,cpu         ] GC(121) User=0.00s Sys=0.00s Real=0.00s
[27.341s][info][gc,start       ] GC(122) Pause Young (Normal) (G1 Evacuation Pause)
[27.341s][info][gc,task        ] GC(122) Using 33 workers of 33 for evacuation
[27.343s][info][gc,phases      ] GC(122)   Pre Evacuate Collection Set: 0.2ms
[27.343s][info][gc,phases      ] GC(122)   Merge Heap Roots: 0.2ms
[27.343s][info][gc,phases      ] GC(122)   Evacuate Collection Set: 0.3ms
[27.343s][info][gc,phases      ] GC(122)   Post Evacuate Collection Set: 1.2ms
[27.343s][info][gc,phases      ] GC(122)   Other: 0.1ms
[27.343s][info][gc,heap        ] GC(122) Eden regions: 324->0(324)
[27.343s][info][gc,heap        ] GC(122) Survivor regions: 1->1(41)
[27.343s][info][gc,heap        ] GC(122) Old regions: 21->21
[27.343s][info][gc,heap        ] GC(122) Archive regions: 0->0
[27.343s][info][gc,heap        ] GC(122) Humongous regions: 0->0
[27.343s][info][gc,metaspace   ] GC(122) Metaspace: 14227K(15104K)->14227K(15104K) NonClass: 12277K(12864K)->12277K(12864K) Class: 1950K(2240K)->1950K(2240K)
[27.343s][info][gc             ] GC(122) Pause Young (Normal) (G1 Evacuation Pause) 332M->8M(542M) 2.191ms
[27.343s][info][gc,cpu         ] GC(122) User=0.00s Sys=0.00s Real=0.00s
[27.542s][info][gc,start       ] GC(123) Pause Young (Normal) (G1 Evacuation Pause)
[27.542s][info][gc,task        ] GC(123) Using 33 workers of 33 for evacuation
[27.544s][info][gc,phases      ] GC(123)   Pre Evacuate Collection Set: 0.2ms
[27.544s][info][gc,phases      ] GC(123)   Merge Heap Roots: 0.2ms
[27.544s][info][gc,phases      ] GC(123)   Evacuate Collection Set: 0.3ms
[27.544s][info][gc,phases      ] GC(123)   Post Evacuate Collection Set: 1.2ms
[27.544s][info][gc,phases      ] GC(123)   Other: 0.1ms
[27.544s][info][gc,heap        ] GC(123) Eden regions: 324->0(324)
[27.544s][info][gc,heap        ] GC(123) Survivor regions: 1->1(41)
[27.544s][info][gc,heap        ] GC(123) Old regions: 21->21
[27.544s][info][gc,heap        ] GC(123) Archive regions: 0->0
[27.544s][info][gc,heap        ] GC(123) Humongous regions: 0->0
[27.544s][info][gc,metaspace   ] GC(123) Metaspace: 14227K(15104K)->14227K(15104K) NonClass: 12277K(12864K)->12277K(12864K) Class: 1950K(2240K)->1950K(2240K)
[27.544s][info][gc             ] GC(123) Pause Young (Normal) (G1 Evacuation Pause) 332M->8M(542M) 2.211ms
[27.544s][info][gc,cpu         ] GC(123) User=0.00s Sys=0.00s Real=0.00s
[27.741s][info][gc,start       ] GC(124) Pause Young (Normal) (G1 Evacuation Pause)
[27.741s][info][gc,task        ] GC(124) Using 33 workers of 33 for evacuation
[27.743s][info][gc,phases      ] GC(124)   Pre Evacuate Collection Set: 0.2ms
[27.743s][info][gc,phases      ] GC(124)   Merge Heap Roots: 0.2ms
[27.743s][info][gc,phases      ] GC(124)   Evacuate Collection Set: 0.3ms
[27.743s][info][gc,phases      ] GC(124)   Post Evacuate Collection Set: 1.2ms
[27.743s][info][gc,phases      ] GC(124)   Other: 0.1ms
[27.743s][info][gc,heap        ] GC(124) Eden regions: 324->0(324)
[27.743s][info][gc,heap        ] GC(124) Survivor regions: 1->1(41)
[27.743s][info][gc,heap        ] GC(124) Old regions: 21->21
[27.743s][info][gc,heap        ] GC(124) Archive regions: 0->0
[27.743s][info][gc,heap        ] GC(124) Humongous regions: 0->0
[27.743s][info][gc,metaspace   ] GC(124) Metaspace: 14227K(15104K)->14227K(15104K) NonClass: 12277K(12864K)->12277K(12864K) Class: 1950K(2240K)->1950K(2240K)
[27.743s][info][gc             ] GC(124) Pause Young (Normal) (G1 Evacuation Pause) 332M->8M(542M) 2.211ms
[27.743s][info][gc,cpu         ] GC(124) User=0.00s Sys=0.00s Real=0.00s
[27.941s][info][gc,start       ] GC(125) Pause Young (Normal) (G1 Evacuation Pause)
[27.941s][info][gc,task        ] GC(125) Using 33 workers of 33 for evacuation
[27.943s][info][gc,phases      ] GC(125)   Pre Evacuate Collection Set: 0.1ms
[27.943s][info][gc,phases      ] GC(125)   Merge Heap Roots: 0.2ms
[27.943s][info][gc,phases      ] GC(125)   Evacuate Collection Set: 0.4ms
[27.943s][info][gc,phases      ] GC(125)   Post Evacuate Collection Set: 1.3ms
[27.943s][info][gc,phases      ] GC(125)   Other: 0.1ms
[27.943s][info][gc,heap        ] GC(125) Eden regions: 324->0(324)
[27.943s][info][gc,heap        ] GC(125) Survivor regions: 1->1(41)
[27.943s][info][gc,heap        ] GC(125) Old regions: 21->21
[27.943s][info][gc,heap        ] GC(125) Archive regions: 0->0
[27.943s][info][gc,heap        ] GC(125) Humongous regions: 0->0
[27.943s][info][gc,metaspace   ] GC(125) Metaspace: 14227K(15104K)->14227K(15104K) NonClass: 12277K(12864K)->12277K(12864K) Class: 1950K(2240K)->1950K(2240K)
[27.943s][info][gc             ] GC(125) Pause Young (Normal) (G1 Evacuation Pause) 332M->8M(542M) 2.275ms
[27.943s][info][gc,cpu         ] GC(125) User=0.00s Sys=0.00s Real=0.00s
[28.142s][info][gc,start       ] GC(126) Pause Young (Normal) (G1 Evacuation Pause)
[28.142s][info][gc,task        ] GC(126) Using 33 workers of 33 for evacuation
[28.144s][info][gc,phases      ] GC(126)   Pre Evacuate Collection Set: 0.2ms
[28.144s][info][gc,phases      ] GC(126)   Merge Heap Roots: 0.1ms
[28.144s][info][gc,phases      ] GC(126)   Evacuate Collection Set: 0.3ms
[28.144s][info][gc,phases      ] GC(126)   Post Evacuate Collection Set: 1.3ms
[28.144s][info][gc,phases      ] GC(126)   Other: 0.1ms
[28.144s][info][gc,heap        ] GC(126) Eden regions: 324->0(324)
[28.144s][info][gc,heap        ] GC(126) Survivor regions: 1->1(41)
[28.144s][info][gc,heap        ] GC(126) Old regions: 21->21
[28.144s][info][gc,heap        ] GC(126) Archive regions: 0->0
[28.144s][info][gc,heap        ] GC(126) Humongous regions: 0->0
[28.144s][info][gc,metaspace   ] GC(126) Metaspace: 14227K(15104K)->14227K(15104K) NonClass: 12277K(12864K)->12277K(12864K) Class: 1950K(2240K)->1950K(2240K)
[28.144s][info][gc             ] GC(126) Pause Young (Normal) (G1 Evacuation Pause) 332M->8M(542M) 2.259ms
[28.144s][info][gc,cpu         ] GC(126) User=0.00s Sys=0.00s Real=0.00s
[28.343s][info][gc,start       ] GC(127) Pause Young (Normal) (G1 Evacuation Pause)
[28.343s][info][gc,task        ] GC(127) Using 33 workers of 33 for evacuation
[28.345s][info][gc,phases      ] GC(127)   Pre Evacuate Collection Set: 0.2ms
[28.345s][info][gc,phases      ] GC(127)   Merge Heap Roots: 0.2ms
[28.345s][info][gc,phases      ] GC(127)   Evacuate Collection Set: 0.4ms
[28.345s][info][gc,phases      ] GC(127)   Post Evacuate Collection Set: 1.4ms
[28.345s][info][gc,phases      ] GC(127)   Other: 0.1ms
[28.345s][info][gc,heap        ] GC(127) Eden regions: 324->0(324)
[28.345s][info][gc,heap        ] GC(127) Survivor regions: 1->1(41)
[28.345s][info][gc,heap        ] GC(127) Old regions: 21->21
[28.345s][info][gc,heap        ] GC(127) Archive regions: 0->0
[28.345s][info][gc,heap        ] GC(127) Humongous regions: 0->0
[28.345s][info][gc,metaspace   ] GC(127) Metaspace: 14227K(15104K)->14227K(15104K) NonClass: 12277K(12864K)->12277K(12864K) Class: 1950K(2240K)->1950K(2240K)
[28.345s][info][gc             ] GC(127) Pause Young (Normal) (G1 Evacuation Pause) 332M->8M(542M) 2.388ms
[28.345s][info][gc,cpu         ] GC(127) User=0.02s Sys=0.00s Real=0.00s
[28.544s][info][gc,start       ] GC(128) Pause Young (Normal) (G1 Evacuation Pause)
[28.544s][info][gc,task        ] GC(128) Using 33 workers of 33 for evacuation
[28.546s][info][gc,phases      ] GC(128)   Pre Evacuate Collection Set: 0.1ms
[28.546s][info][gc,phases      ] GC(128)   Merge Heap Roots: 0.2ms
[28.546s][info][gc,phases      ] GC(128)   Evacuate Collection Set: 0.4ms
[28.546s][info][gc,phases      ] GC(128)   Post Evacuate Collection Set: 1.4ms
[28.546s][info][gc,phases      ] GC(128)   Other: 0.1ms
[28.546s][info][gc,heap        ] GC(128) Eden regions: 324->0(324)
[28.546s][info][gc,heap        ] GC(128) Survivor regions: 1->1(41)
[28.546s][info][gc,heap        ] GC(128) Old regions: 21->21
[28.546s][info][gc,heap        ] GC(128) Archive regions: 0->0
[28.546s][info][gc,heap        ] GC(128) Humongous regions: 0->0
[28.546s][info][gc,metaspace   ] GC(128) Metaspace: 14227K(15104K)->14227K(15104K) NonClass: 12277K(12864K)->12277K(12864K) Class: 1950K(2240K)->1950K(2240K)
[28.547s][info][gc             ] GC(128) Pause Young (Normal) (G1 Evacuation Pause) 332M->8M(542M) 2.380ms
[28.547s][info][gc,cpu         ] GC(128) User=0.00s Sys=0.00s Real=0.00s
[28.744s][info][gc,start       ] GC(129) Pause Young (Normal) (G1 Evacuation Pause)
[28.744s][info][gc,task        ] GC(129) Using 33 workers of 33 for evacuation
[28.746s][info][gc,phases      ] GC(129)   Pre Evacuate Collection Set: 0.2ms
[28.746s][info][gc,phases      ] GC(129)   Merge Heap Roots: 0.2ms
[28.746s][info][gc,phases      ] GC(129)   Evacuate Collection Set: 0.4ms
[28.746s][info][gc,phases      ] GC(129)   Post Evacuate Collection Set: 1.4ms
[28.746s][info][gc,phases      ] GC(129)   Other: 0.1ms
[28.746s][info][gc,heap        ] GC(129) Eden regions: 324->0(324)
[28.746s][info][gc,heap        ] GC(129) Survivor regions: 1->1(41)
[28.746s][info][gc,heap        ] GC(129) Old regions: 21->21
[28.746s][info][gc,heap        ] GC(129) Archive regions: 0->0
[28.746s][info][gc,heap        ] GC(129) Humongous regions: 0->0
[28.746s][info][gc,metaspace   ] GC(129) Metaspace: 14227K(15104K)->14227K(15104K) NonClass: 12277K(12864K)->12277K(12864K) Class: 1950K(2240K)->1950K(2240K)
[28.746s][info][gc             ] GC(129) Pause Young (Normal) (G1 Evacuation Pause) 332M->8M(542M) 2.429ms
[28.746s][info][gc,cpu         ] GC(129) User=0.00s Sys=0.00s Real=0.00s
[28.945s][info][gc,start       ] GC(130) Pause Young (Normal) (G1 Evacuation Pause)
[28.945s][info][gc,task        ] GC(130) Using 33 workers of 33 for evacuation
[28.948s][info][gc,phases      ] GC(130)   Pre Evacuate Collection Set: 0.2ms
[28.948s][info][gc,phases      ] GC(130)   Merge Heap Roots: 0.2ms
[28.948s][info][gc,phases      ] GC(130)   Evacuate Collection Set: 0.4ms
[28.948s][info][gc,phases      ] GC(130)   Post Evacuate Collection Set: 1.5ms
[28.948s][info][gc,phases      ] GC(130)   Other: 0.1ms
[28.948s][info][gc,heap        ] GC(130) Eden regions: 324->0(324)
[28.948s][info][gc,heap        ] GC(130) Survivor regions: 1->1(41)
[28.948s][info][gc,heap        ] GC(130) Old regions: 21->21
[28.948s][info][gc,heap        ] GC(130) Archive regions: 0->0
[28.948s][info][gc,heap        ] GC(130) Humongous regions: 0->0
[28.948s][info][gc,metaspace   ] GC(130) Metaspace: 14227K(15104K)->14227K(15104K) NonClass: 12277K(12864K)->12277K(12864K) Class: 1950K(2240K)->1950K(2240K)
[28.948s][info][gc             ] GC(130) Pause Young (Normal) (G1 Evacuation Pause) 332M->8M(542M) 2.482ms
[28.948s][info][gc,cpu         ] GC(130) User=0.00s Sys=0.00s Real=0.00s
[29.147s][info][gc,start       ] GC(131) Pause Young (Normal) (G1 Evacuation Pause)
[29.147s][info][gc,task        ] GC(131) Using 33 workers of 33 for evacuation
[29.149s][info][gc,phases      ] GC(131)   Pre Evacuate Collection Set: 0.2ms
[29.149s][info][gc,phases      ] GC(131)   Merge Heap Roots: 0.2ms
[29.149s][info][gc,phases      ] GC(131)   Evacuate Collection Set: 0.3ms
[29.149s][info][gc,phases      ] GC(131)   Post Evacuate Collection Set: 1.5ms
[29.149s][info][gc,phases      ] GC(131)   Other: 0.1ms
[29.149s][info][gc,heap        ] GC(131) Eden regions: 324->0(324)
[29.149s][info][gc,heap        ] GC(131) Survivor regions: 1->1(41)
[29.149s][info][gc,heap        ] GC(131) Old regions: 21->21
[29.149s][info][gc,heap        ] GC(131) Archive regions: 0->0
[29.149s][info][gc,heap        ] GC(131) Humongous regions: 0->0
[29.149s][info][gc,metaspace   ] GC(131) Metaspace: 14227K(15104K)->14227K(15104K) NonClass: 12277K(12864K)->12277K(12864K) Class: 1950K(2240K)->1950K(2240K)
[29.149s][info][gc             ] GC(131) Pause Young (Normal) (G1 Evacuation Pause) 332M->8M(542M) 2.456ms
[29.149s][info][gc,cpu         ] GC(131) User=0.00s Sys=0.00s Real=0.00s
[29.348s][info][gc,start       ] GC(132) Pause Young (Normal) (G1 Evacuation Pause)
[29.348s][info][gc,task        ] GC(132) Using 33 workers of 33 for evacuation
[29.350s][info][gc,phases      ] GC(132)   Pre Evacuate Collection Set: 0.1ms
[29.350s][info][gc,phases      ] GC(132)   Merge Heap Roots: 0.2ms
[29.350s][info][gc,phases      ] GC(132)   Evacuate Collection Set: 0.4ms
[29.350s][info][gc,phases      ] GC(132)   Post Evacuate Collection Set: 1.5ms
[29.350s][info][gc,phases      ] GC(132)   Other: 0.1ms
[29.350s][info][gc,heap        ] GC(132) Eden regions: 324->0(324)
[29.350s][info][gc,heap        ] GC(132) Survivor regions: 1->1(41)
[29.350s][info][gc,heap        ] GC(132) Old regions: 21->21
[29.350s][info][gc,heap        ] GC(132) Archive regions: 0->0
[29.350s][info][gc,heap        ] GC(132) Humongous regions: 0->0
[29.350s][info][gc,metaspace   ] GC(132) Metaspace: 14227K(15104K)->14227K(15104K) NonClass: 12277K(12864K)->12277K(12864K) Class: 1950K(2240K)->1950K(2240K)
[29.350s][info][gc             ] GC(132) Pause Young (Normal) (G1 Evacuation Pause) 332M->8M(542M) 2.532ms
[29.350s][info][gc,cpu         ] GC(132) User=0.00s Sys=0.00s Real=0.00s
[29.549s][info][gc,start       ] GC(133) Pause Young (Normal) (G1 Evacuation Pause)
[29.549s][info][gc,task        ] GC(133) Using 33 workers of 33 for evacuation
[29.552s][info][gc,phases      ] GC(133)   Pre Evacuate Collection Set: 0.1ms
[29.552s][info][gc,phases      ] GC(133)   Merge Heap Roots: 0.2ms
[29.552s][info][gc,phases      ] GC(133)   Evacuate Collection Set: 0.3ms
[29.552s][info][gc,phases      ] GC(133)   Post Evacuate Collection Set: 1.6ms
[29.552s][info][gc,phases      ] GC(133)   Other: 0.1ms
[29.552s][info][gc,heap        ] GC(133) Eden regions: 324->0(324)
[29.552s][info][gc,heap        ] GC(133) Survivor regions: 1->1(41)
[29.552s][info][gc,heap        ] GC(133) Old regions: 21->21
[29.552s][info][gc,heap        ] GC(133) Archive regions: 0->0
[29.552s][info][gc,heap        ] GC(133) Humongous regions: 0->0
[29.552s][info][gc,metaspace   ] GC(133) Metaspace: 14227K(15104K)->14227K(15104K) NonClass: 12277K(12864K)->12277K(12864K) Class: 1950K(2240K)->1950K(2240K)
[29.552s][info][gc             ] GC(133) Pause Young (Normal) (G1 Evacuation Pause) 332M->8M(542M) 2.525ms
[29.552s][info][gc,cpu         ] GC(133) User=0.00s Sys=0.00s Real=0.00s
[29.749s][info][gc,start       ] GC(134) Pause Young (Normal) (G1 Evacuation Pause)
[29.750s][info][gc,task        ] GC(134) Using 33 workers of 33 for evacuation
[29.752s][info][gc,phases      ] GC(134)   Pre Evacuate Collection Set: 0.1ms
[29.752s][info][gc,phases      ] GC(134)   Merge Heap Roots: 0.2ms
[29.752s][info][gc,phases      ] GC(134)   Evacuate Collection Set: 0.3ms
[29.752s][info][gc,phases      ] GC(134)   Post Evacuate Collection Set: 1.6ms
[29.752s][info][gc,phases      ] GC(134)   Other: 0.1ms
[29.752s][info][gc,heap        ] GC(134) Eden regions: 324->0(324)
[29.752s][info][gc,heap        ] GC(134) Survivor regions: 1->1(41)
[29.752s][info][gc,heap        ] GC(134) Old regions: 21->22
[29.752s][info][gc,heap        ] GC(134) Archive regions: 0->0
[29.752s][info][gc,heap        ] GC(134) Humongous regions: 0->0
[29.752s][info][gc,metaspace   ] GC(134) Metaspace: 14227K(15104K)->14227K(15104K) NonClass: 12277K(12864K)->12277K(12864K) Class: 1950K(2240K)->1950K(2240K)
[29.752s][info][gc             ] GC(134) Pause Young (Normal) (G1 Evacuation Pause) 332M->8M(542M) 2.604ms
[29.752s][info][gc,cpu         ] GC(134) User=0.52s Sys=0.00s Real=0.00s
[29.950s][info][gc,start       ] GC(135) Pause Young (Normal) (G1 Evacuation Pause)
[29.950s][info][gc,task        ] GC(135) Using 33 workers of 33 for evacuation
[29.953s][info][gc,phases      ] GC(135)   Pre Evacuate Collection Set: 0.2ms
[29.953s][info][gc,phases      ] GC(135)   Merge Heap Roots: 0.2ms
[29.953s][info][gc,phases      ] GC(135)   Evacuate Collection Set: 0.3ms
[29.953s][info][gc,phases      ] GC(135)   Post Evacuate Collection Set: 1.6ms
[29.953s][info][gc,phases      ] GC(135)   Other: 0.1ms
[29.953s][info][gc,heap        ] GC(135) Eden regions: 324->0(324)
[29.953s][info][gc,heap        ] GC(135) Survivor regions: 1->1(41)
[29.953s][info][gc,heap        ] GC(135) Old regions: 22->22
[29.953s][info][gc,heap        ] GC(135) Archive regions: 0->0
[29.953s][info][gc,heap        ] GC(135) Humongous regions: 0->0
[29.953s][info][gc,metaspace   ] GC(135) Metaspace: 14227K(15104K)->14227K(15104K) NonClass: 12277K(12864K)->12277K(12864K) Class: 1950K(2240K)->1950K(2240K)
[29.953s][info][gc             ] GC(135) Pause Young (Normal) (G1 Evacuation Pause) 332M->8M(542M) 2.612ms
[29.953s][info][gc,cpu         ] GC(135) User=0.00s Sys=0.00s Real=0.00s
[30.151s][info][gc,start       ] GC(136) Pause Young (Normal) (G1 Evacuation Pause)
[30.151s][info][gc,task        ] GC(136) Using 33 workers of 33 for evacuation
[30.154s][info][gc,phases      ] GC(136)   Pre Evacuate Collection Set: 0.2ms
[30.154s][info][gc,phases      ] GC(136)   Merge Heap Roots: 0.2ms
[30.154s][info][gc,phases      ] GC(136)   Evacuate Collection Set: 0.3ms
[30.154s][info][gc,phases      ] GC(136)   Post Evacuate Collection Set: 1.7ms
[30.154s][info][gc,phases      ] GC(136)   Other: 0.1ms
[30.154s][info][gc,heap        ] GC(136) Eden regions: 324->0(324)
[30.154s][info][gc,heap        ] GC(136) Survivor regions: 1->1(41)
[30.154s][info][gc,heap        ] GC(136) Old regions: 22->22
[30.154s][info][gc,heap        ] GC(136) Archive regions: 0->0
[30.154s][info][gc,heap        ] GC(136) Humongous regions: 0->0
[30.154s][info][gc,metaspace   ] GC(136) Metaspace: 14227K(15104K)->14227K(15104K) NonClass: 12277K(12864K)->12277K(12864K) Class: 1950K(2240K)->1950K(2240K)
[30.154s][info][gc             ] GC(136) Pause Young (Normal) (G1 Evacuation Pause) 332M->8M(542M) 2.701ms
[30.154s][info][gc,cpu         ] GC(136) User=0.00s Sys=0.00s Real=0.00s
[30.353s][info][gc,start       ] GC(137) Pause Young (Normal) (G1 Evacuation Pause)
[30.353s][info][gc,task        ] GC(137) Using 33 workers of 33 for evacuation
[30.356s][info][gc,phases      ] GC(137)   Pre Evacuate Collection Set: 0.2ms
[30.356s][info][gc,phases      ] GC(137)   Merge Heap Roots: 0.2ms
[30.356s][info][gc,phases      ] GC(137)   Evacuate Collection Set: 0.3ms
[30.356s][info][gc,phases      ] GC(137)   Post Evacuate Collection Set: 1.7ms
[30.356s][info][gc,phases      ] GC(137)   Other: 0.1ms
[30.356s][info][gc,heap        ] GC(137) Eden regions: 324->0(324)
[30.356s][info][gc,heap        ] GC(137) Survivor regions: 1->1(41)
[30.356s][info][gc,heap        ] GC(137) Old regions: 22->22
[30.356s][info][gc,heap        ] GC(137) Archive regions: 0->0
[30.356s][info][gc,heap        ] GC(137) Humongous regions: 0->0
[30.356s][info][gc,metaspace   ] GC(137) Metaspace: 14227K(15104K)->14227K(15104K) NonClass: 12277K(12864K)->12277K(12864K) Class: 1950K(2240K)->1950K(2240K)
[30.356s][info][gc             ] GC(137) Pause Young (Normal) (G1 Evacuation Pause) 332M->8M(542M) 2.734ms
[30.356s][info][gc,cpu         ] GC(137) User=0.00s Sys=0.00s Real=0.00s
[30.683s][info][gc,start       ] GC(138) Pause Young (Normal) (G1 Evacuation Pause)
[30.683s][info][gc,task        ] GC(138) Using 33 workers of 33 for evacuation
[30.687s][info][gc,phases      ] GC(138)   Pre Evacuate Collection Set: 0.2ms
[30.687s][info][gc,phases      ] GC(138)   Merge Heap Roots: 0.3ms
[30.687s][info][gc,phases      ] GC(138)   Evacuate Collection Set: 0.6ms
[30.687s][info][gc,phases      ] GC(138)   Post Evacuate Collection Set: 2.3ms
[30.687s][info][gc,phases      ] GC(138)   Other: 0.2ms
[30.687s][info][gc,heap        ] GC(138) Eden regions: 324->0(324)
[30.687s][info][gc,heap        ] GC(138) Survivor regions: 1->1(41)
[30.687s][info][gc,heap        ] GC(138) Old regions: 22->22
[30.687s][info][gc,heap        ] GC(138) Archive regions: 0->0
[30.687s][info][gc,heap        ] GC(138) Humongous regions: 0->0
[30.687s][info][gc,metaspace   ] GC(138) Metaspace: 14227K(15104K)->14227K(15104K) NonClass: 12277K(12864K)->12277K(12864K) Class: 1950K(2240K)->1950K(2240K)
[30.687s][info][gc             ] GC(138) Pause Young (Normal) (G1 Evacuation Pause) 332M->9M(542M) 4.120ms
[30.687s][info][gc,cpu         ] GC(138) User=0.00s Sys=0.00s Real=0.00s
[30.891s][info][gc,start       ] GC(139) Pause Young (Normal) (G1 Evacuation Pause)
[30.891s][info][gc,task        ] GC(139) Using 33 workers of 33 for evacuation
[30.893s][info][gc,phases      ] GC(139)   Pre Evacuate Collection Set: 0.1ms
[30.893s][info][gc,phases      ] GC(139)   Merge Heap Roots: 0.2ms
[30.893s][info][gc,phases      ] GC(139)   Evacuate Collection Set: 0.3ms
[30.893s][info][gc,phases      ] GC(139)   Post Evacuate Collection Set: 1.6ms
[30.893s][info][gc,phases      ] GC(139)   Other: 0.1ms
[30.893s][info][gc,heap        ] GC(139) Eden regions: 324->0(324)
[30.893s][info][gc,heap        ] GC(139) Survivor regions: 1->1(41)
[30.893s][info][gc,heap        ] GC(139) Old regions: 22->22
[30.893s][info][gc,heap        ] GC(139) Archive regions: 0->0
[30.893s][info][gc,heap        ] GC(139) Humongous regions: 0->0
[30.894s][info][gc,metaspace   ] GC(139) Metaspace: 14227K(15104K)->14227K(15104K) NonClass: 12277K(12864K)->12277K(12864K) Class: 1950K(2240K)->1950K(2240K)
[30.894s][info][gc             ] GC(139) Pause Young (Normal) (G1 Evacuation Pause) 333M->9M(542M) 2.546ms
[30.894s][info][gc,cpu         ] GC(139) User=0.00s Sys=0.00s Real=0.00s
[31.091s][info][gc,start       ] GC(140) Pause Young (Normal) (G1 Evacuation Pause)
[31.091s][info][gc,task        ] GC(140) Using 33 workers of 33 for evacuation
[31.093s][info][gc,phases      ] GC(140)   Pre Evacuate Collection Set: 0.2ms
[31.093s][info][gc,phases      ] GC(140)   Merge Heap Roots: 0.2ms
[31.093s][info][gc,phases      ] GC(140)   Evacuate Collection Set: 0.3ms
[31.093s][info][gc,phases      ] GC(140)   Post Evacuate Collection Set: 1.5ms
[31.093s][info][gc,phases      ] GC(140)   Other: 0.1ms
[31.093s][info][gc,heap        ] GC(140) Eden regions: 324->0(324)
[31.093s][info][gc,heap        ] GC(140) Survivor regions: 1->1(41)
[31.093s][info][gc,heap        ] GC(140) Old regions: 22->22
[31.093s][info][gc,heap        ] GC(140) Archive regions: 0->0
[31.093s][info][gc,heap        ] GC(140) Humongous regions: 0->0
[31.093s][info][gc,metaspace   ] GC(140) Metaspace: 14227K(15104K)->14227K(15104K) NonClass: 12277K(12864K)->12277K(12864K) Class: 1950K(2240K)->1950K(2240K)
[31.093s][info][gc             ] GC(140) Pause Young (Normal) (G1 Evacuation Pause) 333M->9M(542M) 2.466ms
[31.093s][info][gc,cpu         ] GC(140) User=0.00s Sys=0.00s Real=0.00s
[31.289s][info][gc,start       ] GC(141) Pause Young (Normal) (G1 Evacuation Pause)
[31.290s][info][gc,task        ] GC(141) Using 33 workers of 33 for evacuation
[31.292s][info][gc,phases      ] GC(141)   Pre Evacuate Collection Set: 0.2ms
[31.292s][info][gc,phases      ] GC(141)   Merge Heap Roots: 0.2ms
[31.292s][info][gc,phases      ] GC(141)   Evacuate Collection Set: 0.4ms
[31.292s][info][gc,phases      ] GC(141)   Post Evacuate Collection Set: 1.4ms
[31.292s][info][gc,phases      ] GC(141)   Other: 0.1ms
[31.292s][info][gc,heap        ] GC(141) Eden regions: 324->0(324)
[31.292s][info][gc,heap        ] GC(141) Survivor regions: 1->1(41)
[31.292s][info][gc,heap        ] GC(141) Old regions: 22->22
[31.292s][info][gc,heap        ] GC(141) Archive regions: 0->0
[31.292s][info][gc,heap        ] GC(141) Humongous regions: 0->0
[31.292s][info][gc,metaspace   ] GC(141) Metaspace: 14227K(15104K)->14227K(15104K) NonClass: 12277K(12864K)->12277K(12864K) Class: 1950K(2240K)->1950K(2240K)
[31.292s][info][gc             ] GC(141) Pause Young (Normal) (G1 Evacuation Pause) 333M->9M(542M) 2.506ms
[31.292s][info][gc,cpu         ] GC(141) User=0.00s Sys=0.00s Real=0.00s
[31.489s][info][gc,start       ] GC(142) Pause Young (Normal) (G1 Evacuation Pause)
[31.489s][info][gc,task        ] GC(142) Using 33 workers of 33 for evacuation
[31.491s][info][gc,phases      ] GC(142)   Pre Evacuate Collection Set: 0.2ms
[31.491s][info][gc,phases      ] GC(142)   Merge Heap Roots: 0.2ms
[31.491s][info][gc,phases      ] GC(142)   Evacuate Collection Set: 0.3ms
[31.491s][info][gc,phases      ] GC(142)   Post Evacuate Collection Set: 1.2ms
[31.491s][info][gc,phases      ] GC(142)   Other: 0.1ms
[31.491s][info][gc,heap        ] GC(142) Eden regions: 324->0(324)
[31.491s][info][gc,heap        ] GC(142) Survivor regions: 1->1(41)
[31.491s][info][gc,heap        ] GC(142) Old regions: 22->22
[31.491s][info][gc,heap        ] GC(142) Archive regions: 0->0
[31.491s][info][gc,heap        ] GC(142) Humongous regions: 0->0
[31.491s][info][gc,metaspace   ] GC(142) Metaspace: 14227K(15104K)->14227K(15104K) NonClass: 12277K(12864K)->12277K(12864K) Class: 1950K(2240K)->1950K(2240K)
[31.491s][info][gc             ] GC(142) Pause Young (Normal) (G1 Evacuation Pause) 333M->9M(542M) 2.212ms
[31.491s][info][gc,cpu         ] GC(142) User=0.00s Sys=0.00s Real=0.00s
[31.687s][info][gc,start       ] GC(143) Pause Young (Normal) (G1 Evacuation Pause)
[31.687s][info][gc,task        ] GC(143) Using 33 workers of 33 for evacuation
[31.689s][info][gc,phases      ] GC(143)   Pre Evacuate Collection Set: 0.2ms
[31.689s][info][gc,phases      ] GC(143)   Merge Heap Roots: 0.2ms
[31.689s][info][gc,phases      ] GC(143)   Evacuate Collection Set: 0.3ms
[31.689s][info][gc,phases      ] GC(143)   Post Evacuate Collection Set: 1.3ms
[31.689s][info][gc,phases      ] GC(143)   Other: 0.1ms
[31.689s][info][gc,heap        ] GC(143) Eden regions: 324->0(324)
[31.689s][info][gc,heap        ] GC(143) Survivor regions: 1->1(41)
[31.689s][info][gc,heap        ] GC(143) Old regions: 22->22
[31.689s][info][gc,heap        ] GC(143) Archive regions: 0->0
[31.689s][info][gc,heap        ] GC(143) Humongous regions: 0->0
[31.689s][info][gc,metaspace   ] GC(143) Metaspace: 14227K(15104K)->14227K(15104K) NonClass: 12277K(12864K)->12277K(12864K) Class: 1950K(2240K)->1950K(2240K)
[31.689s][info][gc             ] GC(143) Pause Young (Normal) (G1 Evacuation Pause) 333M->9M(542M) 2.261ms
[31.689s][info][gc,cpu         ] GC(143) User=0.52s Sys=0.00s Real=0.00s
[31.885s][info][gc,start       ] GC(144) Pause Young (Normal) (G1 Evacuation Pause)
[31.885s][info][gc,task        ] GC(144) Using 33 workers of 33 for evacuation
[31.887s][info][gc,phases      ] GC(144)   Pre Evacuate Collection Set: 0.1ms
[31.887s][info][gc,phases      ] GC(144)   Merge Heap Roots: 0.2ms
[31.887s][info][gc,phases      ] GC(144)   Evacuate Collection Set: 0.4ms
[31.887s][info][gc,phases      ] GC(144)   Post Evacuate Collection Set: 1.4ms
[31.887s][info][gc,phases      ] GC(144)   Other: 0.1ms
[31.888s][info][gc,heap        ] GC(144) Eden regions: 324->0(324)
[31.888s][info][gc,heap        ] GC(144) Survivor regions: 1->1(41)
[31.888s][info][gc,heap        ] GC(144) Old regions: 22->22
[31.888s][info][gc,heap        ] GC(144) Archive regions: 0->0
[31.888s][info][gc,heap        ] GC(144) Humongous regions: 0->0
[31.888s][info][gc,metaspace   ] GC(144) Metaspace: 14227K(15104K)->14227K(15104K) NonClass: 12277K(12864K)->12277K(12864K) Class: 1950K(2240K)->1950K(2240K)
[31.888s][info][gc             ] GC(144) Pause Young (Normal) (G1 Evacuation Pause) 333M->9M(542M) 2.365ms
[31.888s][info][gc,cpu         ] GC(144) User=0.00s Sys=0.00s Real=0.00s
[32.085s][info][gc,start       ] GC(145) Pause Young (Normal) (G1 Evacuation Pause)
[32.086s][info][gc,task        ] GC(145) Using 33 workers of 33 for evacuation
[32.088s][info][gc,phases      ] GC(145)   Pre Evacuate Collection Set: 0.2ms
[32.088s][info][gc,phases      ] GC(145)   Merge Heap Roots: 0.2ms
[32.088s][info][gc,phases      ] GC(145)   Evacuate Collection Set: 0.3ms
[32.088s][info][gc,phases      ] GC(145)   Post Evacuate Collection Set: 1.4ms
[32.088s][info][gc,phases      ] GC(145)   Other: 0.1ms
[32.088s][info][gc,heap        ] GC(145) Eden regions: 324->0(324)
[32.088s][info][gc,heap        ] GC(145) Survivor regions: 1->1(41)
[32.088s][info][gc,heap        ] GC(145) Old regions: 22->22
[32.088s][info][gc,heap        ] GC(145) Archive regions: 0->0
[32.088s][info][gc,heap        ] GC(145) Humongous regions: 0->0
[32.088s][info][gc,metaspace   ] GC(145) Metaspace: 14227K(15104K)->14227K(15104K) NonClass: 12277K(12864K)->12277K(12864K) Class: 1950K(2240K)->1950K(2240K)
[32.088s][info][gc             ] GC(145) Pause Young (Normal) (G1 Evacuation Pause) 333M->9M(542M) 2.323ms
[32.088s][info][gc,cpu         ] GC(145) User=0.00s Sys=0.00s Real=0.00s
[32.283s][info][gc,start       ] GC(146) Pause Young (Normal) (G1 Evacuation Pause)
[32.283s][info][gc,task        ] GC(146) Using 33 workers of 33 for evacuation
[32.285s][info][gc,phases      ] GC(146)   Pre Evacuate Collection Set: 0.2ms
[32.285s][info][gc,phases      ] GC(146)   Merge Heap Roots: 0.1ms
[32.285s][info][gc,phases      ] GC(146)   Evacuate Collection Set: 0.3ms
[32.285s][info][gc,phases      ] GC(146)   Post Evacuate Collection Set: 1.4ms
[32.285s][info][gc,phases      ] GC(146)   Other: 0.1ms
[32.285s][info][gc,heap        ] GC(146) Eden regions: 324->0(324)
[32.285s][info][gc,heap        ] GC(146) Survivor regions: 1->1(41)
[32.285s][info][gc,heap        ] GC(146) Old regions: 22->22
[32.285s][info][gc,heap        ] GC(146) Archive regions: 0->0
[32.285s][info][gc,heap        ] GC(146) Humongous regions: 0->0
[32.285s][info][gc,metaspace   ] GC(146) Metaspace: 14227K(15104K)->14227K(15104K) NonClass: 12277K(12864K)->12277K(12864K) Class: 1950K(2240K)->1950K(2240K)
[32.285s][info][gc             ] GC(146) Pause Young (Normal) (G1 Evacuation Pause) 333M->9M(542M) 2.329ms
[32.285s][info][gc,cpu         ] GC(146) User=0.00s Sys=0.00s Real=0.00s
[32.482s][info][gc,start       ] GC(147) Pause Young (Normal) (G1 Evacuation Pause)
[32.482s][info][gc,task        ] GC(147) Using 33 workers of 33 for evacuation
[32.484s][info][gc,phases      ] GC(147)   Pre Evacuate Collection Set: 0.1ms
[32.484s][info][gc,phases      ] GC(147)   Merge Heap Roots: 0.2ms
[32.484s][info][gc,phases      ] GC(147)   Evacuate Collection Set: 0.3ms
[32.484s][info][gc,phases      ] GC(147)   Post Evacuate Collection Set: 1.5ms
[32.484s][info][gc,phases      ] GC(147)   Other: 0.1ms
[32.484s][info][gc,heap        ] GC(147) Eden regions: 324->0(324)
[32.484s][info][gc,heap        ] GC(147) Survivor regions: 1->1(41)
[32.484s][info][gc,heap        ] GC(147) Old regions: 22->22
[32.484s][info][gc,heap        ] GC(147) Archive regions: 0->0
[32.484s][info][gc,heap        ] GC(147) Humongous regions: 0->0
[32.484s][info][gc,metaspace   ] GC(147) Metaspace: 14227K(15104K)->14227K(15104K) NonClass: 12277K(12864K)->12277K(12864K) Class: 1950K(2240K)->1950K(2240K)
[32.484s][info][gc             ] GC(147) Pause Young (Normal) (G1 Evacuation Pause) 333M->9M(542M) 2.394ms
[32.484s][info][gc,cpu         ] GC(147) User=0.00s Sys=0.00s Real=0.00s
[32.681s][info][gc,start       ] GC(148) Pause Young (Normal) (G1 Evacuation Pause)
[32.681s][info][gc,task        ] GC(148) Using 33 workers of 33 for evacuation
[32.683s][info][gc,phases      ] GC(148)   Pre Evacuate Collection Set: 0.2ms
[32.683s][info][gc,phases      ] GC(148)   Merge Heap Roots: 0.1ms
[32.683s][info][gc,phases      ] GC(148)   Evacuate Collection Set: 0.3ms
[32.683s][info][gc,phases      ] GC(148)   Post Evacuate Collection Set: 1.5ms
[32.683s][info][gc,phases      ] GC(148)   Other: 0.1ms
[32.683s][info][gc,heap        ] GC(148) Eden regions: 324->0(324)
[32.683s][info][gc,heap        ] GC(148) Survivor regions: 1->1(41)
[32.683s][info][gc,heap        ] GC(148) Old regions: 22->22
[32.683s][info][gc,heap        ] GC(148) Archive regions: 0->0
[32.683s][info][gc,heap        ] GC(148) Humongous regions: 0->0
[32.683s][info][gc,metaspace   ] GC(148) Metaspace: 14227K(15104K)->14227K(15104K) NonClass: 12277K(12864K)->12277K(12864K) Class: 1950K(2240K)->1950K(2240K)
[32.683s][info][gc             ] GC(148) Pause Young (Normal) (G1 Evacuation Pause) 333M->9M(542M) 2.469ms
[32.683s][info][gc,cpu         ] GC(148) User=0.00s Sys=0.00s Real=0.00s
[32.880s][info][gc,start       ] GC(149) Pause Young (Normal) (G1 Evacuation Pause)
[32.880s][info][gc,task        ] GC(149) Using 33 workers of 33 for evacuation
[32.883s][info][gc,phases      ] GC(149)   Pre Evacuate Collection Set: 0.2ms
[32.883s][info][gc,phases      ] GC(149)   Merge Heap Roots: 0.2ms
[32.883s][info][gc,phases      ] GC(149)   Evacuate Collection Set: 0.3ms
[32.883s][info][gc,phases      ] GC(149)   Post Evacuate Collection Set: 1.6ms
[32.883s][info][gc,phases      ] GC(149)   Other: 0.1ms
[32.883s][info][gc,heap        ] GC(149) Eden regions: 324->0(324)
[32.883s][info][gc,heap        ] GC(149) Survivor regions: 1->1(41)
[32.883s][info][gc,heap        ] GC(149) Old regions: 22->22
[32.883s][info][gc,heap        ] GC(149) Archive regions: 0->0
[32.883s][info][gc,heap        ] GC(149) Humongous regions: 0->0
[32.883s][info][gc,metaspace   ] GC(149) Metaspace: 14227K(15104K)->14227K(15104K) NonClass: 12277K(12864K)->12277K(12864K) Class: 1950K(2240K)->1950K(2240K)
[32.883s][info][gc             ] GC(149) Pause Young (Normal) (G1 Evacuation Pause) 333M->9M(542M) 2.555ms
[32.883s][info][gc,cpu         ] GC(149) User=0.00s Sys=0.00s Real=0.00s
[33.079s][info][gc,start       ] GC(150) Pause Young (Normal) (G1 Evacuation Pause)
[33.079s][info][gc,task        ] GC(150) Using 33 workers of 33 for evacuation
[33.082s][info][gc,phases      ] GC(150)   Pre Evacuate Collection Set: 0.1ms
[33.082s][info][gc,phases      ] GC(150)   Merge Heap Roots: 0.2ms
[33.082s][info][gc,phases      ] GC(150)   Evacuate Collection Set: 0.3ms
[33.082s][info][gc,phases      ] GC(150)   Post Evacuate Collection Set: 1.6ms
[33.082s][info][gc,phases      ] GC(150)   Other: 0.1ms
[33.082s][info][gc,heap        ] GC(150) Eden regions: 324->0(324)
[33.082s][info][gc,heap        ] GC(150) Survivor regions: 1->1(41)
[33.082s][info][gc,heap        ] GC(150) Old regions: 22->22
[33.082s][info][gc,heap        ] GC(150) Archive regions: 0->0
[33.082s][info][gc,heap        ] GC(150) Humongous regions: 0->0
[33.082s][info][gc,metaspace   ] GC(150) Metaspace: 14227K(15104K)->14227K(15104K) NonClass: 12277K(12864K)->12277K(12864K) Class: 1950K(2240K)->1950K(2240K)
[33.082s][info][gc             ] GC(150) Pause Young (Normal) (G1 Evacuation Pause) 333M->9M(542M) 2.514ms
[33.082s][info][gc,cpu         ] GC(150) User=0.00s Sys=0.00s Real=0.00s
[33.281s][info][gc,start       ] GC(151) Pause Young (Normal) (G1 Evacuation Pause)
[33.281s][info][gc,task        ] GC(151) Using 33 workers of 33 for evacuation
[33.284s][info][gc,phases      ] GC(151)   Pre Evacuate Collection Set: 0.1ms
[33.284s][info][gc,phases      ] GC(151)   Merge Heap Roots: 0.2ms
[33.284s][info][gc,phases      ] GC(151)   Evacuate Collection Set: 0.4ms
[33.284s][info][gc,phases      ] GC(151)   Post Evacuate Collection Set: 1.6ms
[33.284s][info][gc,phases      ] GC(151)   Other: 0.1ms
[33.284s][info][gc,heap        ] GC(151) Eden regions: 324->0(324)
[33.284s][info][gc,heap        ] GC(151) Survivor regions: 1->1(41)
[33.284s][info][gc,heap        ] GC(151) Old regions: 22->23
[33.284s][info][gc,heap        ] GC(151) Archive regions: 0->0
[33.284s][info][gc,heap        ] GC(151) Humongous regions: 0->0
[33.284s][info][gc,metaspace   ] GC(151) Metaspace: 14227K(15104K)->14227K(15104K) NonClass: 12277K(12864K)->12277K(12864K) Class: 1950K(2240K)->1950K(2240K)
[33.284s][info][gc             ] GC(151) Pause Young (Normal) (G1 Evacuation Pause) 333M->9M(542M) 2.602ms
[33.284s][info][gc,cpu         ] GC(151) User=0.00s Sys=0.00s Real=0.00s
[33.483s][info][gc,start       ] GC(152) Pause Young (Normal) (G1 Evacuation Pause)
[33.483s][info][gc,task        ] GC(152) Using 33 workers of 33 for evacuation
[33.486s][info][gc,phases      ] GC(152)   Pre Evacuate Collection Set: 0.2ms
[33.486s][info][gc,phases      ] GC(152)   Merge Heap Roots: 0.1ms
[33.486s][info][gc,phases      ] GC(152)   Evacuate Collection Set: 0.4ms
[33.486s][info][gc,phases      ] GC(152)   Post Evacuate Collection Set: 1.7ms
[33.486s][info][gc,phases      ] GC(152)   Other: 0.1ms
[33.486s][info][gc,heap        ] GC(152) Eden regions: 324->0(324)
[33.486s][info][gc,heap        ] GC(152) Survivor regions: 1->1(41)
[33.486s][info][gc,heap        ] GC(152) Old regions: 23->23
[33.486s][info][gc,heap        ] GC(152) Archive regions: 0->0
[33.486s][info][gc,heap        ] GC(152) Humongous regions: 0->0
[33.486s][info][gc,metaspace   ] GC(152) Metaspace: 14227K(15104K)->14227K(15104K) NonClass: 12277K(12864K)->12277K(12864K) Class: 1950K(2240K)->1950K(2240K)
[33.486s][info][gc             ] GC(152) Pause Young (Normal) (G1 Evacuation Pause) 333M->9M(542M) 2.657ms
[33.486s][info][gc,cpu         ] GC(152) User=0.52s Sys=0.00s Real=0.00s
[33.686s][info][gc,start       ] GC(153) Pause Young (Normal) (G1 Evacuation Pause)
[33.686s][info][gc,task        ] GC(153) Using 33 workers of 33 for evacuation
[33.688s][info][gc,phases      ] GC(153)   Pre Evacuate Collection Set: 0.2ms
[33.688s][info][gc,phases      ] GC(153)   Merge Heap Roots: 0.2ms
[33.688s][info][gc,phases      ] GC(153)   Evacuate Collection Set: 0.3ms
[33.688s][info][gc,phases      ] GC(153)   Post Evacuate Collection Set: 1.7ms
[33.688s][info][gc,phases      ] GC(153)   Other: 0.1ms
[33.688s][info][gc,heap        ] GC(153) Eden regions: 324->0(324)
[33.688s][info][gc,heap        ] GC(153) Survivor regions: 1->1(41)
[33.688s][info][gc,heap        ] GC(153) Old regions: 23->23
[33.688s][info][gc,heap        ] GC(153) Archive regions: 0->0
[33.688s][info][gc,heap        ] GC(153) Humongous regions: 0->0
[33.688s][info][gc,metaspace   ] GC(153) Metaspace: 14227K(15104K)->14227K(15104K) NonClass: 12277K(12864K)->12277K(12864K) Class: 1950K(2240K)->1950K(2240K)
[33.688s][info][gc             ] GC(153) Pause Young (Normal) (G1 Evacuation Pause) 333M->9M(542M) 2.638ms
[33.688s][info][gc,cpu         ] GC(153) User=0.09s Sys=0.06s Real=0.00s
[33.893s][info][gc,start       ] GC(154) Pause Young (Normal) (G1 Evacuation Pause)
[33.893s][info][gc,task        ] GC(154) Using 33 workers of 33 for evacuation
[33.896s][info][gc,phases      ] GC(154)   Pre Evacuate Collection Set: 0.1ms
[33.896s][info][gc,phases      ] GC(154)   Merge Heap Roots: 0.2ms
[33.896s][info][gc,phases      ] GC(154)   Evacuate Collection Set: 0.4ms
[33.896s][info][gc,phases      ] GC(154)   Post Evacuate Collection Set: 1.7ms
[33.896s][info][gc,phases      ] GC(154)   Other: 0.1ms
[33.896s][info][gc,heap        ] GC(154) Eden regions: 324->0(324)
[33.896s][info][gc,heap        ] GC(154) Survivor regions: 1->1(41)
[33.896s][info][gc,heap        ] GC(154) Old regions: 23->23
[33.896s][info][gc,heap        ] GC(154) Archive regions: 0->0
[33.896s][info][gc,heap        ] GC(154) Humongous regions: 0->0
[33.896s][info][gc,metaspace   ] GC(154) Metaspace: 14227K(15104K)->14227K(15104K) NonClass: 12277K(12864K)->12277K(12864K) Class: 1950K(2240K)->1950K(2240K)
[33.896s][info][gc             ] GC(154) Pause Young (Normal) (G1 Evacuation Pause) 333M->9M(542M) 2.697ms
[33.896s][info][gc,cpu         ] GC(154) User=0.00s Sys=0.00s Real=0.00s
[34.110s][info][gc,start       ] GC(155) Pause Young (Normal) (G1 Evacuation Pause)
[34.110s][info][gc,task        ] GC(155) Using 33 workers of 33 for evacuation
[34.112s][info][gc,phases      ] GC(155)   Pre Evacuate Collection Set: 0.1ms
[34.112s][info][gc,phases      ] GC(155)   Merge Heap Roots: 0.2ms
[34.112s][info][gc,phases      ] GC(155)   Evacuate Collection Set: 0.3ms
[34.113s][info][gc,phases      ] GC(155)   Post Evacuate Collection Set: 1.7ms
[34.113s][info][gc,phases      ] GC(155)   Other: 0.1ms
[34.113s][info][gc,heap        ] GC(155) Eden regions: 324->0(324)
[34.113s][info][gc,heap        ] GC(155) Survivor regions: 1->1(41)
[34.113s][info][gc,heap        ] GC(155) Old regions: 23->23
[34.113s][info][gc,heap        ] GC(155) Archive regions: 0->0
[34.113s][info][gc,heap        ] GC(155) Humongous regions: 0->0
[34.113s][info][gc,metaspace   ] GC(155) Metaspace: 14227K(15104K)->14227K(15104K) NonClass: 12277K(12864K)->12277K(12864K) Class: 1950K(2240K)->1950K(2240K)
[34.113s][info][gc             ] GC(155) Pause Young (Normal) (G1 Evacuation Pause) 333M->10M(542M) 2.723ms
[34.113s][info][gc,cpu         ] GC(155) User=0.00s Sys=0.00s Real=0.00s
[34.342s][info][gc,start       ] GC(156) Pause Young (Normal) (G1 Evacuation Pause)
[34.342s][info][gc,task        ] GC(156) Using 33 workers of 33 for evacuation
[34.344s][info][gc,phases      ] GC(156)   Pre Evacuate Collection Set: 0.1ms
[34.344s][info][gc,phases      ] GC(156)   Merge Heap Roots: 0.2ms
[34.344s][info][gc,phases      ] GC(156)   Evacuate Collection Set: 0.3ms
[34.344s][info][gc,phases      ] GC(156)   Post Evacuate Collection Set: 1.8ms
[34.344s][info][gc,phases      ] GC(156)   Other: 0.1ms
[34.344s][info][gc,heap        ] GC(156) Eden regions: 324->0(324)
[34.344s][info][gc,heap        ] GC(156) Survivor regions: 1->1(41)
[34.344s][info][gc,heap        ] GC(156) Old regions: 23->23
[34.344s][info][gc,heap        ] GC(156) Archive regions: 0->0
[34.344s][info][gc,heap        ] GC(156) Humongous regions: 0->0
[34.344s][info][gc,metaspace   ] GC(156) Metaspace: 14227K(15104K)->14227K(15104K) NonClass: 12277K(12864K)->12277K(12864K) Class: 1950K(2240K)->1950K(2240K)
[34.344s][info][gc             ] GC(156) Pause Young (Normal) (G1 Evacuation Pause) 334M->10M(542M) 2.769ms
[34.344s][info][gc,cpu         ] GC(156) User=0.27s Sys=0.05s Real=0.00s
[34.586s][info][gc,start       ] GC(157) Pause Young (Normal) (G1 Evacuation Pause)
[34.586s][info][gc,task        ] GC(157) Using 33 workers of 33 for evacuation
[34.589s][info][gc,phases      ] GC(157)   Pre Evacuate Collection Set: 0.1ms
[34.589s][info][gc,phases      ] GC(157)   Merge Heap Roots: 0.2ms
[34.589s][info][gc,phases      ] GC(157)   Evacuate Collection Set: 0.4ms
[34.589s][info][gc,phases      ] GC(157)   Post Evacuate Collection Set: 1.9ms
[34.589s][info][gc,phases      ] GC(157)   Other: 0.2ms
[34.589s][info][gc,heap        ] GC(157) Eden regions: 324->0(324)
[34.589s][info][gc,heap        ] GC(157) Survivor regions: 1->1(41)
[34.589s][info][gc,heap        ] GC(157) Old regions: 23->23
[34.589s][info][gc,heap        ] GC(157) Archive regions: 0->0
[34.589s][info][gc,heap        ] GC(157) Humongous regions: 0->0
[34.589s][info][gc,metaspace   ] GC(157) Metaspace: 14227K(15104K)->14227K(15104K) NonClass: 12277K(12864K)->12277K(12864K) Class: 1950K(2240K)->1950K(2240K)
[34.589s][info][gc             ] GC(157) Pause Young (Normal) (G1 Evacuation Pause) 334M->10M(542M) 3.094ms
[34.589s][info][gc,cpu         ] GC(157) User=0.00s Sys=0.00s Real=0.00s
[34.759s][info][gc,start       ] GC(158) Pause Young (Normal) (G1 Evacuation Pause)
[34.759s][info][gc,task        ] GC(158) Using 30 workers of 33 for evacuation
[34.761s][info][gc,phases      ] GC(158)   Pre Evacuate Collection Set: 0.1ms
[34.761s][info][gc,phases      ] GC(158)   Merge Heap Roots: 0.1ms
[34.761s][info][gc,phases      ] GC(158)   Evacuate Collection Set: 0.3ms
[34.761s][info][gc,phases      ] GC(158)   Post Evacuate Collection Set: 1.6ms
[34.761s][info][gc,phases      ] GC(158)   Other: 0.1ms
[34.761s][info][gc,heap        ] GC(158) Eden regions: 324->0(324)
[34.761s][info][gc,heap        ] GC(158) Survivor regions: 1->1(41)
[34.761s][info][gc,heap        ] GC(158) Old regions: 23->23
[34.761s][info][gc,heap        ] GC(158) Archive regions: 0->0
[34.761s][info][gc,heap        ] GC(158) Humongous regions: 0->0
[34.761s][info][gc,metaspace   ] GC(158) Metaspace: 14227K(15104K)->14227K(15104K) NonClass: 12277K(12864K)->12277K(12864K) Class: 1950K(2240K)->1950K(2240K)
[34.761s][info][gc             ] GC(158) Pause Young (Normal) (G1 Evacuation Pause) 334M->10M(542M) 2.521ms
[34.761s][info][gc,cpu         ] GC(158) User=0.00s Sys=0.00s Real=0.00s
[34.910s][info][gc,start       ] GC(159) Pause Full (System.gc())
[34.910s][info][gc,task        ] GC(159) Using 21 workers of 33 for full compaction
[34.911s][info][gc,phases,start] GC(159) Phase 1: Mark live objects
[34.921s][info][gc,phases      ] GC(159) Phase 1: Mark live objects 9.290ms
[34.921s][info][gc,phases,start] GC(159) Phase 2: Prepare compaction
[34.922s][info][gc,phases      ] GC(159) Phase 2: Prepare compaction 0.962ms
[34.922s][info][gc,phases,start] GC(159) Phase 3: Adjust pointers
[34.926s][info][gc,phases      ] GC(159) Phase 3: Adjust pointers 4.527ms
[34.926s][info][gc,phases,start] GC(159) Phase 4: Compact heap
[34.927s][info][gc,phases      ] GC(159) Phase 4: Compact heap 0.620ms
[34.934s][info][gc,heap        ] GC(159) Eden regions: 123->0(38)
[34.934s][info][gc,heap        ] GC(159) Survivor regions: 1->0(41)
[34.934s][info][gc,heap        ] GC(159) Old regions: 23->19
[34.934s][info][gc,heap        ] GC(159) Archive regions: 0->0
[34.934s][info][gc,heap        ] GC(159) Humongous regions: 0->0
[34.934s][info][gc,metaspace   ] GC(159) Metaspace: 14227K(15104K)->14227K(15104K) NonClass: 12277K(12864K)->12277K(12864K) Class: 1950K(2240K)->1950K(2240K)
[34.934s][info][gc             ] GC(159) Pause Full (System.gc()) 133M->5M(64M) 23.558ms
[34.934s][info][gc,cpu         ] GC(159) User=0.02s Sys=0.00s Real=0.02s
[34.966s][info][gc,start       ] GC(160) Pause Young (Normal) (G1 Evacuation Pause)
[34.966s][info][gc,task        ] GC(160) Using 33 workers of 33 for evacuation
[34.968s][info][gc,phases      ] GC(160)   Pre Evacuate Collection Set: 0.1ms
[34.968s][info][gc,phases      ] GC(160)   Merge Heap Roots: 0.1ms
[34.968s][info][gc,phases      ] GC(160)   Evacuate Collection Set: 0.5ms
[34.968s][info][gc,phases      ] GC(160)   Post Evacuate Collection Set: 0.9ms
[34.968s][info][gc,phases      ] GC(160)   Other: 0.1ms
[34.968s][info][gc,heap        ] GC(160) Eden regions: 38->0(36)
[34.968s][info][gc,heap        ] GC(160) Survivor regions: 0->2(5)
[34.968s][info][gc,heap        ] GC(160) Old regions: 19->19
[34.968s][info][gc,heap        ] GC(160) Archive regions: 0->0
[34.968s][info][gc,heap        ] GC(160) Humongous regions: 0->0
[34.968s][info][gc,metaspace   ] GC(160) Metaspace: 14231K(15104K)->14231K(15104K) NonClass: 12281K(12864K)->12281K(12864K) Class: 1950K(2240K)->1950K(2240K)
[34.968s][info][gc             ] GC(160) Pause Young (Normal) (G1 Evacuation Pause) 43M->6M(64M) 1.929ms
[34.968s][info][gc,cpu         ] GC(160) User=0.00s Sys=0.00s Real=0.00s
[34.987s][info][gc,start       ] GC(161) Pause Young (Normal) (G1 Evacuation Pause)
[34.987s][info][gc,task        ] GC(161) Using 33 workers of 33 for evacuation
[34.988s][info][gc,phases      ] GC(161)   Pre Evacuate Collection Set: 0.1ms
[34.988s][info][gc,phases      ] GC(161)   Merge Heap Roots: 0.1ms
[34.988s][info][gc,phases      ] GC(161)   Evacuate Collection Set: 0.4ms
[34.988s][info][gc,phases      ] GC(161)   Post Evacuate Collection Set: 0.8ms
[34.988s][info][gc,phases      ] GC(161)   Other: 0.1ms
[34.988s][info][gc,heap        ] GC(161) Eden regions: 36->0(36)
[34.988s][info][gc,heap        ] GC(161) Survivor regions: 2->2(5)
[34.988s][info][gc,heap        ] GC(161) Old regions: 19->19
[34.988s][info][gc,heap        ] GC(161) Archive regions: 0->0
[34.988s][info][gc,heap        ] GC(161) Humongous regions: 0->0
[34.988s][info][gc,metaspace   ] GC(161) Metaspace: 14231K(15104K)->14231K(15104K) NonClass: 12281K(12864K)->12281K(12864K) Class: 1950K(2240K)->1950K(2240K)
[34.988s][info][gc             ] GC(161) Pause Young (Normal) (G1 Evacuation Pause) 42M->6M(64M) 1.679ms
[34.988s][info][gc,cpu         ] GC(161) User=0.00s Sys=0.00s Real=0.00s
[35.007s][info][gc,start       ] GC(162) Pause Young (Normal) (G1 Evacuation Pause)
[35.007s][info][gc,task        ] GC(162) Using 33 workers of 33 for evacuation
[35.008s][info][gc,phases      ] GC(162)   Pre Evacuate Collection Set: 0.1ms
[35.008s][info][gc,phases      ] GC(162)   Merge Heap Roots: 0.1ms
[35.008s][info][gc,phases      ] GC(162)   Evacuate Collection Set: 0.4ms
[35.008s][info][gc,phases      ] GC(162)   Post Evacuate Collection Set: 0.8ms
[35.008s][info][gc,phases      ] GC(162)   Other: 0.1ms
[35.008s][info][gc,heap        ] GC(162) Eden regions: 36->0(36)
[35.008s][info][gc,heap        ] GC(162) Survivor regions: 2->2(5)
[35.008s][info][gc,heap        ] GC(162) Old regions: 19->19
[35.008s][info][gc,heap        ] GC(162) Archive regions: 0->0
[35.008s][info][gc,heap        ] GC(162) Humongous regions: 0->0
[35.008s][info][gc,metaspace   ] GC(162) Metaspace: 14231K(15104K)->14231K(15104K) NonClass: 12281K(12864K)->12281K(12864K) Class: 1950K(2240K)->1950K(2240K)
[35.008s][info][gc             ] GC(162) Pause Young (Normal) (G1 Evacuation Pause) 42M->6M(64M) 1.656ms
[35.009s][info][gc,cpu         ] GC(162) User=0.00s Sys=0.00s Real=0.00s
[35.027s][info][gc,start       ] GC(163) Pause Young (Normal) (G1 Evacuation Pause)
[35.028s][info][gc,task        ] GC(163) Using 33 workers of 33 for evacuation
[35.031s][info][gc,phases      ] GC(163)   Pre Evacuate Collection Set: 0.1ms
[35.031s][info][gc,phases      ] GC(163)   Merge Heap Roots: 0.1ms
[35.031s][info][gc,phases      ] GC(163)   Evacuate Collection Set: 0.4ms
[35.031s][info][gc,phases      ] GC(163)   Post Evacuate Collection Set: 2.5ms
[35.031s][info][gc,phases      ] GC(163)   Other: 0.1ms
[35.031s][info][gc,heap        ] GC(163) Eden regions: 36->0(324)
[35.031s][info][gc,heap        ] GC(163) Survivor regions: 2->2(5)
[35.031s][info][gc,heap        ] GC(163) Old regions: 19->19
[35.031s][info][gc,heap        ] GC(163) Archive regions: 0->0
[35.031s][info][gc,heap        ] GC(163) Humongous regions: 0->0
[35.031s][info][gc,metaspace   ] GC(163) Metaspace: 14231K(15104K)->14231K(15104K) NonClass: 12281K(12864K)->12281K(12864K) Class: 1950K(2240K)->1950K(2240K)
[35.031s][info][gc             ] GC(163) Pause Young (Normal) (G1 Evacuation Pause) 42M->6M(544M) 3.307ms
[35.031s][info][gc,cpu         ] GC(163) User=0.00s Sys=0.00s Real=0.00s
[35.199s][info][gc,start       ] GC(164) Pause Young (Normal) (G1 Evacuation Pause)
[35.199s][info][gc,task        ] GC(164) Using 33 workers of 33 for evacuation
[35.201s][info][gc,phases      ] GC(164)   Pre Evacuate Collection Set: 0.1ms
[35.201s][info][gc,phases      ] GC(164)   Merge Heap Roots: 0.1ms
[35.201s][info][gc,phases      ] GC(164)   Evacuate Collection Set: 0.4ms
[35.201s][info][gc,phases      ] GC(164)   Post Evacuate Collection Set: 1.2ms
[35.201s][info][gc,phases      ] GC(164)   Other: 0.1ms
[35.201s][info][gc,heap        ] GC(164) Eden regions: 324->0(324)
[35.201s][info][gc,heap        ] GC(164) Survivor regions: 2->2(41)
[35.201s][info][gc,heap        ] GC(164) Old regions: 19->19
[35.201s][info][gc,heap        ] GC(164) Archive regions: 0->0
[35.201s][info][gc,heap        ] GC(164) Humongous regions: 0->0
[35.201s][info][gc,metaspace   ] GC(164) Metaspace: 14231K(15104K)->14231K(15104K) NonClass: 12281K(12864K)->12281K(12864K) Class: 1950K(2240K)->1950K(2240K)
[35.201s][info][gc             ] GC(164) Pause Young (Normal) (G1 Evacuation Pause) 330M->6M(544M) 2.218ms
[35.201s][info][gc,cpu         ] GC(164) User=0.00s Sys=0.00s Real=0.00s
[35.370s][info][gc,start       ] GC(165) Pause Young (Normal) (G1 Evacuation Pause)
[35.370s][info][gc,task        ] GC(165) Using 33 workers of 33 for evacuation
[35.372s][info][gc,phases      ] GC(165)   Pre Evacuate Collection Set: 0.1ms
[35.373s][info][gc,phases      ] GC(165)   Merge Heap Roots: 0.1ms
[35.373s][info][gc,phases      ] GC(165)   Evacuate Collection Set: 0.5ms
[35.373s][info][gc,phases      ] GC(165)   Post Evacuate Collection Set: 1.3ms
[35.373s][info][gc,phases      ] GC(165)   Other: 0.2ms
[35.373s][info][gc,heap        ] GC(165) Eden regions: 324->0(324)
[35.373s][info][gc,heap        ] GC(165) Survivor regions: 2->2(41)
[35.373s][info][gc,heap        ] GC(165) Old regions: 19->19
[35.373s][info][gc,heap        ] GC(165) Archive regions: 0->0
[35.373s][info][gc,heap        ] GC(165) Humongous regions: 0->0
[35.373s][info][gc,metaspace   ] GC(165) Metaspace: 14231K(15104K)->14231K(15104K) NonClass: 12281K(12864K)->12281K(12864K) Class: 1950K(2240K)->1950K(2240K)
[35.373s][info][gc             ] GC(165) Pause Young (Normal) (G1 Evacuation Pause) 330M->6M(544M) 2.422ms
[35.373s][info][gc,cpu         ] GC(165) User=0.00s Sys=0.00s Real=0.00s
[35.542s][info][gc,start       ] GC(166) Pause Young (Normal) (G1 Evacuation Pause)
[35.542s][info][gc,task        ] GC(166) Using 33 workers of 33 for evacuation
[35.544s][info][gc,phases      ] GC(166)   Pre Evacuate Collection Set: 0.1ms
[35.544s][info][gc,phases      ] GC(166)   Merge Heap Roots: 0.1ms
[35.544s][info][gc,phases      ] GC(166)   Evacuate Collection Set: 0.5ms
[35.544s][info][gc,phases      ] GC(166)   Post Evacuate Collection Set: 1.3ms
[35.544s][info][gc,phases      ] GC(166)   Other: 0.1ms
[35.544s][info][gc,heap        ] GC(166) Eden regions: 324->0(324)
[35.544s][info][gc,heap        ] GC(166) Survivor regions: 2->2(41)
[35.544s][info][gc,heap        ] GC(166) Old regions: 19->19
[35.544s][info][gc,heap        ] GC(166) Archive regions: 0->0
[35.544s][info][gc,heap        ] GC(166) Humongous regions: 0->0
[35.544s][info][gc,metaspace   ] GC(166) Metaspace: 14231K(15104K)->14231K(15104K) NonClass: 12281K(12864K)->12281K(12864K) Class: 1950K(2240K)->1950K(2240K)
[35.544s][info][gc             ] GC(166) Pause Young (Normal) (G1 Evacuation Pause) 330M->6M(544M) 2.326ms
[35.544s][info][gc,cpu         ] GC(166) User=0.00s Sys=0.00s Real=0.00s
[35.715s][info][gc,start       ] GC(167) Pause Young (Normal) (G1 Evacuation Pause)
[35.715s][info][gc,task        ] GC(167) Using 33 workers of 33 for evacuation
[35.717s][info][gc,phases      ] GC(167)   Pre Evacuate Collection Set: 0.1ms
[35.717s][info][gc,phases      ] GC(167)   Merge Heap Roots: 0.1ms
[35.717s][info][gc,phases      ] GC(167)   Evacuate Collection Set: 0.5ms
[35.717s][info][gc,phases      ] GC(167)   Post Evacuate Collection Set: 1.3ms
[35.717s][info][gc,phases      ] GC(167)   Other: 0.1ms
[35.717s][info][gc,heap        ] GC(167) Eden regions: 324->0(324)
[35.717s][info][gc,heap        ] GC(167) Survivor regions: 2->2(41)
[35.717s][info][gc,heap        ] GC(167) Old regions: 19->19
[35.717s][info][gc,heap        ] GC(167) Archive regions: 0->0
[35.717s][info][gc,heap        ] GC(167) Humongous regions: 0->0
[35.717s][info][gc,metaspace   ] GC(167) Metaspace: 14231K(15104K)->14231K(15104K) NonClass: 12281K(12864K)->12281K(12864K) Class: 1950K(2240K)->1950K(2240K)
[35.717s][info][gc             ] GC(167) Pause Young (Normal) (G1 Evacuation Pause) 330M->6M(544M) 2.362ms
[35.717s][info][gc,cpu         ] GC(167) User=0.00s Sys=0.00s Real=0.00s
[35.887s][info][gc,start       ] GC(168) Pause Young (Normal) (G1 Evacuation Pause)
[35.887s][info][gc,task        ] GC(168) Using 33 workers of 33 for evacuation
[35.890s][info][gc,phases      ] GC(168)   Pre Evacuate Collection Set: 0.1ms
[35.890s][info][gc,phases      ] GC(168)   Merge Heap Roots: 0.1ms
[35.890s][info][gc,phases      ] GC(168)   Evacuate Collection Set: 0.5ms
[35.890s][info][gc,phases      ] GC(168)   Post Evacuate Collection Set: 1.4ms
[35.890s][info][gc,phases      ] GC(168)   Other: 0.1ms
[35.890s][info][gc,heap        ] GC(168) Eden regions: 324->0(324)
[35.890s][info][gc,heap        ] GC(168) Survivor regions: 2->2(41)
[35.890s][info][gc,heap        ] GC(168) Old regions: 19->19
[35.890s][info][gc,heap        ] GC(168) Archive regions: 0->0
[35.890s][info][gc,heap        ] GC(168) Humongous regions: 0->0
[35.890s][info][gc,metaspace   ] GC(168) Metaspace: 14231K(15104K)->14231K(15104K) NonClass: 12281K(12864K)->12281K(12864K) Class: 1950K(2240K)->1950K(2240K)
[35.890s][info][gc             ] GC(168) Pause Young (Normal) (G1 Evacuation Pause) 330M->6M(544M) 2.492ms
[35.890s][info][gc,cpu         ] GC(168) User=0.00s Sys=0.00s Real=0.00s
[36.061s][info][gc,start       ] GC(169) Pause Young (Normal) (G1 Evacuation Pause)
[36.061s][info][gc,task        ] GC(169) Using 33 workers of 33 for evacuation
[36.064s][info][gc,phases      ] GC(169)   Pre Evacuate Collection Set: 0.1ms
[36.064s][info][gc,phases      ] GC(169)   Merge Heap Roots: 0.1ms
[36.064s][info][gc,phases      ] GC(169)   Evacuate Collection Set: 0.5ms
[36.064s][info][gc,phases      ] GC(169)   Post Evacuate Collection Set: 1.4ms
[36.064s][info][gc,phases      ] GC(169)   Other: 0.1ms
[36.064s][info][gc,heap        ] GC(169) Eden regions: 324->0(324)
[36.064s][info][gc,heap        ] GC(169) Survivor regions: 2->2(41)
[36.064s][info][gc,heap        ] GC(169) Old regions: 19->19
[36.064s][info][gc,heap        ] GC(169) Archive regions: 0->0
[36.064s][info][gc,heap        ] GC(169) Humongous regions: 0->0
[36.064s][info][gc,metaspace   ] GC(169) Metaspace: 14231K(15104K)->14231K(15104K) NonClass: 12281K(12864K)->12281K(12864K) Class: 1950K(2240K)->1950K(2240K)
[36.064s][info][gc             ] GC(169) Pause Young (Normal) (G1 Evacuation Pause) 330M->6M(544M) 2.445ms
[36.064s][info][gc,cpu         ] GC(169) User=0.50s Sys=0.00s Real=0.00s
[36.234s][info][gc,start       ] GC(170) Pause Young (Normal) (G1 Evacuation Pause)
[36.234s][info][gc,task        ] GC(170) Using 33 workers of 33 for evacuation
[36.236s][info][gc,phases      ] GC(170)   Pre Evacuate Collection Set: 0.1ms
[36.236s][info][gc,phases      ] GC(170)   Merge Heap Roots: 0.1ms
[36.236s][info][gc,phases      ] GC(170)   Evacuate Collection Set: 0.5ms
[36.236s][info][gc,phases      ] GC(170)   Post Evacuate Collection Set: 1.4ms
[36.236s][info][gc,phases      ] GC(170)   Other: 0.1ms
[36.236s][info][gc,heap        ] GC(170) Eden regions: 324->0(324)
[36.236s][info][gc,heap        ] GC(170) Survivor regions: 2->2(41)
[36.236s][info][gc,heap        ] GC(170) Old regions: 19->19
[36.236s][info][gc,heap        ] GC(170) Archive regions: 0->0
[36.236s][info][gc,heap        ] GC(170) Humongous regions: 0->0
[36.236s][info][gc,metaspace   ] GC(170) Metaspace: 14231K(15104K)->14231K(15104K) NonClass: 12281K(12864K)->12281K(12864K) Class: 1950K(2240K)->1950K(2240K)
[36.236s][info][gc             ] GC(170) Pause Young (Normal) (G1 Evacuation Pause) 330M->6M(544M) 2.479ms
[36.236s][info][gc,cpu         ] GC(170) User=0.00s Sys=0.13s Real=0.00s
[36.406s][info][gc,start       ] GC(171) Pause Young (Normal) (G1 Evacuation Pause)
[36.406s][info][gc,task        ] GC(171) Using 33 workers of 33 for evacuation
[36.408s][info][gc,phases      ] GC(171)   Pre Evacuate Collection Set: 0.1ms
[36.408s][info][gc,phases      ] GC(171)   Merge Heap Roots: 0.2ms
[36.408s][info][gc,phases      ] GC(171)   Evacuate Collection Set: 0.5ms
[36.408s][info][gc,phases      ] GC(171)   Post Evacuate Collection Set: 1.5ms
[36.408s][info][gc,phases      ] GC(171)   Other: 0.1ms
[36.408s][info][gc,heap        ] GC(171) Eden regions: 324->0(324)
[36.408s][info][gc,heap        ] GC(171) Survivor regions: 2->2(41)
[36.409s][info][gc,heap        ] GC(171) Old regions: 19->19
[36.409s][info][gc,heap        ] GC(171) Archive regions: 0->0
[36.409s][info][gc,heap        ] GC(171) Humongous regions: 0->0
[36.409s][info][gc,metaspace   ] GC(171) Metaspace: 14231K(15104K)->14231K(15104K) NonClass: 12281K(12864K)->12281K(12864K) Class: 1950K(2240K)->1950K(2240K)
[36.409s][info][gc             ] GC(171) Pause Young (Normal) (G1 Evacuation Pause) 330M->6M(544M) 2.554ms
[36.409s][info][gc,cpu         ] GC(171) User=0.00s Sys=0.00s Real=0.00s
[36.580s][info][gc,start       ] GC(172) Pause Young (Normal) (G1 Evacuation Pause)
[36.580s][info][gc,task        ] GC(172) Using 33 workers of 33 for evacuation
[36.583s][info][gc,phases      ] GC(172)   Pre Evacuate Collection Set: 0.1ms
[36.583s][info][gc,phases      ] GC(172)   Merge Heap Roots: 0.1ms
[36.583s][info][gc,phases      ] GC(172)   Evacuate Collection Set: 0.5ms
[36.583s][info][gc,phases      ] GC(172)   Post Evacuate Collection Set: 1.5ms
[36.583s][info][gc,phases      ] GC(172)   Other: 0.1ms
[36.583s][info][gc,heap        ] GC(172) Eden regions: 324->0(324)
[36.583s][info][gc,heap        ] GC(172) Survivor regions: 2->2(41)
[36.583s][info][gc,heap        ] GC(172) Old regions: 19->19
[36.583s][info][gc,heap        ] GC(172) Archive regions: 0->0
[36.583s][info][gc,heap        ] GC(172) Humongous regions: 0->0
[36.583s][info][gc,metaspace   ] GC(172) Metaspace: 14231K(15104K)->14231K(15104K) NonClass: 12281K(12864K)->12281K(12864K) Class: 1950K(2240K)->1950K(2240K)
[36.583s][info][gc             ] GC(172) Pause Young (Normal) (G1 Evacuation Pause) 330M->6M(544M) 2.511ms
[36.583s][info][gc,cpu         ] GC(172) User=0.00s Sys=0.00s Real=0.00s
[36.751s][info][gc,start       ] GC(173) Pause Young (Normal) (G1 Evacuation Pause)
[36.751s][info][gc,task        ] GC(173) Using 33 workers of 33 for evacuation
[36.753s][info][gc,phases      ] GC(173)   Pre Evacuate Collection Set: 0.1ms
[36.753s][info][gc,phases      ] GC(173)   Merge Heap Roots: 0.1ms
[36.753s][info][gc,phases      ] GC(173)   Evacuate Collection Set: 0.5ms
[36.753s][info][gc,phases      ] GC(173)   Post Evacuate Collection Set: 1.5ms
[36.753s][info][gc,phases      ] GC(173)   Other: 0.1ms
[36.753s][info][gc,heap        ] GC(173) Eden regions: 324->0(324)
[36.753s][info][gc,heap        ] GC(173) Survivor regions: 2->2(41)
[36.753s][info][gc,heap        ] GC(173) Old regions: 19->19
[36.753s][info][gc,heap        ] GC(173) Archive regions: 0->0
[36.753s][info][gc,heap        ] GC(173) Humongous regions: 0->0
[36.753s][info][gc,metaspace   ] GC(173) Metaspace: 14231K(15104K)->14231K(15104K) NonClass: 12281K(12864K)->12281K(12864K) Class: 1950K(2240K)->1950K(2240K)
[36.754s][info][gc             ] GC(173) Pause Young (Normal) (G1 Evacuation Pause) 330M->6M(544M) 2.561ms
[36.754s][info][gc,cpu         ] GC(173) User=0.00s Sys=0.00s Real=0.00s
[36.925s][info][gc,start       ] GC(174) Pause Young (Normal) (G1 Evacuation Pause)
[36.925s][info][gc,task        ] GC(174) Using 33 workers of 33 for evacuation
[36.927s][info][gc,phases      ] GC(174)   Pre Evacuate Collection Set: 0.1ms
[36.927s][info][gc,phases      ] GC(174)   Merge Heap Roots: 0.1ms
[36.927s][info][gc,phases      ] GC(174)   Evacuate Collection Set: 0.5ms
[36.927s][info][gc,phases      ] GC(174)   Post Evacuate Collection Set: 1.6ms
[36.927s][info][gc,phases      ] GC(174)   Other: 0.1ms
[36.927s][info][gc,heap        ] GC(174) Eden regions: 324->0(324)
[36.927s][info][gc,heap        ] GC(174) Survivor regions: 2->2(41)
[36.927s][info][gc,heap        ] GC(174) Old regions: 19->19
[36.927s][info][gc,heap        ] GC(174) Archive regions: 0->0
[36.927s][info][gc,heap        ] GC(174) Humongous regions: 0->0
[36.927s][info][gc,metaspace   ] GC(174) Metaspace: 14231K(15104K)->14231K(15104K) NonClass: 12281K(12864K)->12281K(12864K) Class: 1950K(2240K)->1950K(2240K)
[36.927s][info][gc             ] GC(174) Pause Young (Normal) (G1 Evacuation Pause) 330M->7M(544M) 2.670ms
[36.927s][info][gc,cpu         ] GC(174) User=0.00s Sys=0.00s Real=0.00s
[37.099s][info][gc,start       ] GC(175) Pause Young (Normal) (G1 Evacuation Pause)
[37.099s][info][gc,task        ] GC(175) Using 33 workers of 33 for evacuation
[37.101s][info][gc,phases      ] GC(175)   Pre Evacuate Collection Set: 0.1ms
[37.101s][info][gc,phases      ] GC(175)   Merge Heap Roots: 0.1ms
[37.101s][info][gc,phases      ] GC(175)   Evacuate Collection Set: 0.5ms
[37.101s][info][gc,phases      ] GC(175)   Post Evacuate Collection Set: 1.6ms
[37.101s][info][gc,phases      ] GC(175)   Other: 0.1ms
[37.101s][info][gc,heap        ] GC(175) Eden regions: 324->0(325)
[37.101s][info][gc,heap        ] GC(175) Survivor regions: 2->1(41)
[37.101s][info][gc,heap        ] GC(175) Old regions: 19->21
[37.101s][info][gc,heap        ] GC(175) Archive regions: 0->0
[37.101s][info][gc,heap        ] GC(175) Humongous regions: 0->0
[37.101s][info][gc,metaspace   ] GC(175) Metaspace: 14231K(15104K)->14231K(15104K) NonClass: 12281K(12864K)->12281K(12864K) Class: 1950K(2240K)->1950K(2240K)
[37.101s][info][gc             ] GC(175) Pause Young (Normal) (G1 Evacuation Pause) 331M->7M(544M) 2.739ms
[37.101s][info][gc,cpu         ] GC(175) User=0.00s Sys=0.00s Real=0.00s
[37.295s][info][gc,start       ] GC(176) Pause Young (Normal) (G1 Evacuation Pause)
[37.295s][info][gc,task        ] GC(176) Using 33 workers of 33 for evacuation
[37.297s][info][gc,phases      ] GC(176)   Pre Evacuate Collection Set: 0.2ms
[37.297s][info][gc,phases      ] GC(176)   Merge Heap Roots: 0.2ms
[37.297s][info][gc,phases      ] GC(176)   Evacuate Collection Set: 0.3ms
[37.297s][info][gc,phases      ] GC(176)   Post Evacuate Collection Set: 1.6ms
[37.297s][info][gc,phases      ] GC(176)   Other: 0.1ms
[37.297s][info][gc,heap        ] GC(176) Eden regions: 325->0(325)
[37.297s][info][gc,heap        ] GC(176) Survivor regions: 1->1(41)
[37.297s][info][gc,heap        ] GC(176) Old regions: 21->21
[37.297s][info][gc,heap        ] GC(176) Archive regions: 0->0
[37.297s][info][gc,heap        ] GC(176) Humongous regions: 0->0
[37.297s][info][gc,metaspace   ] GC(176) Metaspace: 14231K(15104K)->14231K(15104K) NonClass: 12281K(12864K)->12281K(12864K) Class: 1950K(2240K)->1950K(2240K)
[37.297s][info][gc             ] GC(176) Pause Young (Normal) (G1 Evacuation Pause) 332M->7M(544M) 2.585ms
[37.297s][info][gc,cpu         ] GC(176) User=0.52s Sys=0.00s Real=0.00s
[37.489s][info][gc,start       ] GC(177) Pause Young (Normal) (G1 Evacuation Pause)
[37.489s][info][gc,task        ] GC(177) Using 33 workers of 33 for evacuation
[37.491s][info][gc,phases      ] GC(177)   Pre Evacuate Collection Set: 0.1ms
[37.491s][info][gc,phases      ] GC(177)   Merge Heap Roots: 0.1ms
[37.491s][info][gc,phases      ] GC(177)   Evacuate Collection Set: 0.3ms
[37.491s][info][gc,phases      ] GC(177)   Post Evacuate Collection Set: 1.7ms
[37.491s][info][gc,phases      ] GC(177)   Other: 0.1ms
[37.491s][info][gc,heap        ] GC(177) Eden regions: 325->0(325)
[37.491s][info][gc,heap        ] GC(177) Survivor regions: 1->1(41)
[37.491s][info][gc,heap        ] GC(177) Old regions: 21->21
[37.491s][info][gc,heap        ] GC(177) Archive regions: 0->0
[37.491s][info][gc,heap        ] GC(177) Humongous regions: 0->0
[37.491s][info][gc,metaspace   ] GC(177) Metaspace: 14231K(15104K)->14231K(15104K) NonClass: 12281K(12864K)->12281K(12864K) Class: 1950K(2240K)->1950K(2240K)
[37.492s][info][gc             ] GC(177) Pause Young (Normal) (G1 Evacuation Pause) 332M->7M(544M) 2.637ms
[37.492s][info][gc,cpu         ] GC(177) User=0.00s Sys=0.00s Real=0.00s
[37.683s][info][gc,start       ] GC(178) Pause Young (Normal) (G1 Evacuation Pause)
[37.684s][info][gc,task        ] GC(178) Using 33 workers of 33 for evacuation
[37.686s][info][gc,phases      ] GC(178)   Pre Evacuate Collection Set: 0.2ms
[37.686s][info][gc,phases      ] GC(178)   Merge Heap Roots: 0.2ms
[37.686s][info][gc,phases      ] GC(178)   Evacuate Collection Set: 0.3ms
[37.686s][info][gc,phases      ] GC(178)   Post Evacuate Collection Set: 1.7ms
[37.686s][info][gc,phases      ] GC(178)   Other: 0.1ms
[37.686s][info][gc,heap        ] GC(178) Eden regions: 325->0(325)
[37.686s][info][gc,heap        ] GC(178) Survivor regions: 1->1(41)
[37.686s][info][gc,heap        ] GC(178) Old regions: 21->21
[37.686s][info][gc,heap        ] GC(178) Archive regions: 0->0
[37.686s][info][gc,heap        ] GC(178) Humongous regions: 0->0
[37.686s][info][gc,metaspace   ] GC(178) Metaspace: 14231K(15104K)->14231K(15104K) NonClass: 12281K(12864K)->12281K(12864K) Class: 1950K(2240K)->1950K(2240K)
[37.686s][info][gc             ] GC(178) Pause Young (Normal) (G1 Evacuation Pause) 332M->7M(544M) 2.687ms
[37.686s][info][gc,cpu         ] GC(178) User=0.00s Sys=0.00s Real=0.00s
[37.878s][info][gc,start       ] GC(179) Pause Young (Normal) (G1 Evacuation Pause)
[37.878s][info][gc,task        ] GC(179) Using 33 workers of 33 for evacuation
[37.880s][info][gc,phases      ] GC(179)   Pre Evacuate Collection Set: 0.1ms
[37.880s][info][gc,phases      ] GC(179)   Merge Heap Roots: 0.2ms
[37.880s][info][gc,phases      ] GC(179)   Evacuate Collection Set: 0.3ms
[37.880s][info][gc,phases      ] GC(179)   Post Evacuate Collection Set: 1.7ms
[37.880s][info][gc,phases      ] GC(179)   Other: 0.1ms
[37.880s][info][gc,heap        ] GC(179) Eden regions: 325->0(325)
[37.880s][info][gc,heap        ] GC(179) Survivor regions: 1->1(41)
[37.880s][info][gc,heap        ] GC(179) Old regions: 21->21
[37.880s][info][gc,heap        ] GC(179) Archive regions: 0->0
[37.880s][info][gc,heap        ] GC(179) Humongous regions: 0->0
[37.880s][info][gc,metaspace   ] GC(179) Metaspace: 14231K(15104K)->14231K(15104K) NonClass: 12281K(12864K)->12281K(12864K) Class: 1950K(2240K)->1950K(2240K)
[37.880s][info][gc             ] GC(179) Pause Young (Normal) (G1 Evacuation Pause) 332M->7M(544M) 2.730ms
[37.880s][info][gc,cpu         ] GC(179) User=0.00s Sys=0.00s Real=0.00s
[38.074s][info][gc,start       ] GC(180) Pause Young (Normal) (G1 Evacuation Pause)
[38.074s][info][gc,task        ] GC(180) Using 33 workers of 33 for evacuation
[38.077s][info][gc,phases      ] GC(180)   Pre Evacuate Collection Set: 0.2ms
[38.077s][info][gc,phases      ] GC(180)   Merge Heap Roots: 0.2ms
[38.077s][info][gc,phases      ] GC(180)   Evacuate Collection Set: 0.3ms
[38.077s][info][gc,phases      ] GC(180)   Post Evacuate Collection Set: 1.8ms
[38.077s][info][gc,phases      ] GC(180)   Other: 0.1ms
[38.077s][info][gc,heap        ] GC(180) Eden regions: 325->0(325)
[38.077s][info][gc,heap        ] GC(180) Survivor regions: 1->1(41)
[38.077s][info][gc,heap        ] GC(180) Old regions: 21->21
[38.077s][info][gc,heap        ] GC(180) Archive regions: 0->0
[38.077s][info][gc,heap        ] GC(180) Humongous regions: 0->0
[38.077s][info][gc,metaspace   ] GC(180) Metaspace: 14231K(15104K)->14231K(15104K) NonClass: 12281K(12864K)->12281K(12864K) Class: 1950K(2240K)->1950K(2240K)
[38.077s][info][gc             ] GC(180) Pause Young (Normal) (G1 Evacuation Pause) 332M->7M(544M) 2.776ms
[38.077s][info][gc,cpu         ] GC(180) User=0.00s Sys=0.00s Real=0.00s
[38.317s][info][gc,start       ] GC(181) Pause Young (Normal) (G1 Evacuation Pause)
[38.318s][info][gc,task        ] GC(181) Using 33 workers of 33 for evacuation
[38.321s][info][gc,phases      ] GC(181)   Pre Evacuate Collection Set: 0.2ms
[38.321s][info][gc,phases      ] GC(181)   Merge Heap Roots: 0.2ms
[38.321s][info][gc,phases      ] GC(181)   Evacuate Collection Set: 0.6ms
[38.321s][info][gc,phases      ] GC(181)   Post Evacuate Collection Set: 2.4ms
[38.321s][info][gc,phases      ] GC(181)   Other: 0.2ms
[38.321s][info][gc,heap        ] GC(181) Eden regions: 325->0(325)
[38.321s][info][gc,heap        ] GC(181) Survivor regions: 1->1(41)
[38.321s][info][gc,heap        ] GC(181) Old regions: 21->21
[38.321s][info][gc,heap        ] GC(181) Archive regions: 0->0
[38.321s][info][gc,heap        ] GC(181) Humongous regions: 0->0
[38.321s][info][gc,metaspace   ] GC(181) Metaspace: 14231K(15104K)->14231K(15104K) NonClass: 12281K(12864K)->12281K(12864K) Class: 1950K(2240K)->1950K(2240K)
[38.322s][info][gc             ] GC(181) Pause Young (Normal) (G1 Evacuation Pause) 332M->7M(544M) 4.219ms
[38.322s][info][gc,cpu         ] GC(181) User=0.00s Sys=0.00s Real=0.00s
[38.522s][info][gc,start       ] GC(182) Pause Young (Normal) (G1 Evacuation Pause)
[38.522s][info][gc,task        ] GC(182) Using 33 workers of 33 for evacuation
[38.524s][info][gc,phases      ] GC(182)   Pre Evacuate Collection Set: 0.2ms
[38.524s][info][gc,phases      ] GC(182)   Merge Heap Roots: 0.1ms
[38.524s][info][gc,phases      ] GC(182)   Evacuate Collection Set: 0.3ms
[38.524s][info][gc,phases      ] GC(182)   Post Evacuate Collection Set: 1.7ms
[38.524s][info][gc,phases      ] GC(182)   Other: 0.1ms
[38.524s][info][gc,heap        ] GC(182) Eden regions: 325->0(325)
[38.524s][info][gc,heap        ] GC(182) Survivor regions: 1->1(41)
[38.524s][info][gc,heap        ] GC(182) Old regions: 21->21
[38.524s][info][gc,heap        ] GC(182) Archive regions: 0->0
[38.524s][info][gc,heap        ] GC(182) Humongous regions: 0->0
[38.524s][info][gc,metaspace   ] GC(182) Metaspace: 14231K(15104K)->14231K(15104K) NonClass: 12281K(12864K)->12281K(12864K) Class: 1950K(2240K)->1950K(2240K)
[38.524s][info][gc             ] GC(182) Pause Young (Normal) (G1 Evacuation Pause) 332M->7M(544M) 2.632ms
[38.524s][info][gc,cpu         ] GC(182) User=0.00s Sys=0.00s Real=0.00s
[38.720s][info][gc,start       ] GC(183) Pause Young (Normal) (G1 Evacuation Pause)
[38.720s][info][gc,task        ] GC(183) Using 33 workers of 33 for evacuation
[38.722s][info][gc,phases      ] GC(183)   Pre Evacuate Collection Set: 0.2ms
[38.722s][info][gc,phases      ] GC(183)   Merge Heap Roots: 0.1ms
[38.722s][info][gc,phases      ] GC(183)   Evacuate Collection Set: 0.3ms
[38.722s][info][gc,phases      ] GC(183)   Post Evacuate Collection Set: 1.5ms
[38.722s][info][gc,phases      ] GC(183)   Other: 0.1ms
[38.722s][info][gc,heap        ] GC(183) Eden regions: 325->0(325)
[38.722s][info][gc,heap        ] GC(183) Survivor regions: 1->1(41)
[38.722s][info][gc,heap        ] GC(183) Old regions: 21->21
[38.722s][info][gc,heap        ] GC(183) Archive regions: 0->0
[38.722s][info][gc,heap        ] GC(183) Humongous regions: 0->0
[38.722s][info][gc,metaspace   ] GC(183) Metaspace: 14231K(15104K)->14231K(15104K) NonClass: 12281K(12864K)->12281K(12864K) Class: 1950K(2240K)->1950K(2240K)
[38.722s][info][gc             ] GC(183) Pause Young (Normal) (G1 Evacuation Pause) 332M->7M(544M) 2.478ms
[38.722s][info][gc,cpu         ] GC(183) User=0.00s Sys=0.00s Real=0.00s
[38.916s][info][gc,start       ] GC(184) Pause Young (Normal) (G1 Evacuation Pause)
[38.959s][info][gc,task        ] GC(184) Using 33 workers of 33 for evacuation
[38.962s][info][gc,phases      ] GC(184)   Pre Evacuate Collection Set: 0.3ms
[38.962s][info][gc,phases      ] GC(184)   Merge Heap Roots: 0.3ms
[38.962s][info][gc,phases      ] GC(184)   Evacuate Collection Set: 0.5ms
[38.962s][info][gc,phases      ] GC(184)   Post Evacuate Collection Set: 2.0ms
[38.962s][info][gc,phases      ] GC(184)   Other: 0.2ms
[38.962s][info][gc,heap        ] GC(184) Eden regions: 325->0(325)
[38.962s][info][gc,heap        ] GC(184) Survivor regions: 1->1(41)
[38.963s][info][gc,heap        ] GC(184) Old regions: 21->21
[38.963s][info][gc,heap        ] GC(184) Archive regions: 0->0
[38.963s][info][gc,heap        ] GC(184) Humongous regions: 0->0
[38.963s][info][gc,metaspace   ] GC(184) Metaspace: 14231K(15104K)->14231K(15104K) NonClass: 12281K(12864K)->12281K(12864K) Class: 1950K(2240K)->1950K(2240K)
[38.963s][info][gc             ] GC(184) Pause Young (Normal) (G1 Evacuation Pause) 332M->7M(544M) 46.971ms
[38.963s][info][gc,cpu         ] GC(184) User=0.00s Sys=0.00s Real=0.04s
[39.161s][info][gc,start       ] GC(185) Pause Young (Normal) (G1 Evacuation Pause)
[39.161s][info][gc,task        ] GC(185) Using 33 workers of 33 for evacuation
[39.163s][info][gc,phases      ] GC(185)   Pre Evacuate Collection Set: 0.1ms
[39.163s][info][gc,phases      ] GC(185)   Merge Heap Roots: 0.1ms
[39.163s][info][gc,phases      ] GC(185)   Evacuate Collection Set: 0.3ms
[39.163s][info][gc,phases      ] GC(185)   Post Evacuate Collection Set: 1.3ms
[39.163s][info][gc,phases      ] GC(185)   Other: 0.1ms
[39.163s][info][gc,heap        ] GC(185) Eden regions: 325->0(325)
[39.163s][info][gc,heap        ] GC(185) Survivor regions: 1->1(41)
[39.163s][info][gc,heap        ] GC(185) Old regions: 21->21
[39.163s][info][gc,heap        ] GC(185) Archive regions: 0->0
[39.163s][info][gc,heap        ] GC(185) Humongous regions: 0->0
[39.163s][info][gc,metaspace   ] GC(185) Metaspace: 14231K(15104K)->14231K(15104K) NonClass: 12281K(12864K)->12281K(12864K) Class: 1950K(2240K)->1950K(2240K)
[39.163s][info][gc             ] GC(185) Pause Young (Normal) (G1 Evacuation Pause) 332M->7M(544M) 2.275ms
[39.163s][info][gc,cpu         ] GC(185) User=0.00s Sys=0.00s Real=0.00s
[39.355s][info][gc,start       ] GC(186) Pause Young (Normal) (G1 Evacuation Pause)
[39.356s][info][gc,task        ] GC(186) Using 33 workers of 33 for evacuation
[39.358s][info][gc,phases      ] GC(186)   Pre Evacuate Collection Set: 0.2ms
[39.358s][info][gc,phases      ] GC(186)   Merge Heap Roots: 0.2ms
[39.358s][info][gc,phases      ] GC(186)   Evacuate Collection Set: 0.3ms
[39.358s][info][gc,phases      ] GC(186)   Post Evacuate Collection Set: 1.3ms
[39.358s][info][gc,phases      ] GC(186)   Other: 0.1ms
[39.358s][info][gc,heap        ] GC(186) Eden regions: 325->0(325)
[39.358s][info][gc,heap        ] GC(186) Survivor regions: 1->1(41)
[39.358s][info][gc,heap        ] GC(186) Old regions: 21->21
[39.358s][info][gc,heap        ] GC(186) Archive regions: 0->0
[39.358s][info][gc,heap        ] GC(186) Humongous regions: 0->0
[39.358s][info][gc,metaspace   ] GC(186) Metaspace: 14231K(15104K)->14231K(15104K) NonClass: 12281K(12864K)->12281K(12864K) Class: 1950K(2240K)->1950K(2240K)
[39.358s][info][gc             ] GC(186) Pause Young (Normal) (G1 Evacuation Pause) 332M->7M(544M) 2.352ms
[39.358s][info][gc,cpu         ] GC(186) User=0.00s Sys=0.00s Real=0.00s
[39.551s][info][gc,start       ] GC(187) Pause Young (Normal) (G1 Evacuation Pause)
[39.551s][info][gc,task        ] GC(187) Using 33 workers of 33 for evacuation
[39.553s][info][gc,phases      ] GC(187)   Pre Evacuate Collection Set: 0.2ms
[39.553s][info][gc,phases      ] GC(187)   Merge Heap Roots: 0.2ms
[39.553s][info][gc,phases      ] GC(187)   Evacuate Collection Set: 0.3ms
[39.553s][info][gc,phases      ] GC(187)   Post Evacuate Collection Set: 1.3ms
[39.553s][info][gc,phases      ] GC(187)   Other: 0.1ms
[39.553s][info][gc,heap        ] GC(187) Eden regions: 325->0(325)
[39.553s][info][gc,heap        ] GC(187) Survivor regions: 1->1(41)
[39.553s][info][gc,heap        ] GC(187) Old regions: 21->21
[39.553s][info][gc,heap        ] GC(187) Archive regions: 0->0
[39.553s][info][gc,heap        ] GC(187) Humongous regions: 0->0
[39.553s][info][gc,metaspace   ] GC(187) Metaspace: 14231K(15104K)->14231K(15104K) NonClass: 12281K(12864K)->12281K(12864K) Class: 1950K(2240K)->1950K(2240K)
[39.553s][info][gc             ] GC(187) Pause Young (Normal) (G1 Evacuation Pause) 332M->7M(544M) 2.345ms
[39.553s][info][gc,cpu         ] GC(187) User=0.00s Sys=0.00s Real=0.00s
[39.745s][info][gc,start       ] GC(188) Pause Young (Normal) (G1 Evacuation Pause)
[39.745s][info][gc,task        ] GC(188) Using 33 workers of 33 for evacuation
[39.747s][info][gc,phases      ] GC(188)   Pre Evacuate Collection Set: 0.2ms
[39.747s][info][gc,phases      ] GC(188)   Merge Heap Roots: 0.2ms
[39.747s][info][gc,phases      ] GC(188)   Evacuate Collection Set: 0.3ms
[39.747s][info][gc,phases      ] GC(188)   Post Evacuate Collection Set: 1.4ms
[39.747s][info][gc,phases      ] GC(188)   Other: 0.1ms
[39.747s][info][gc,heap        ] GC(188) Eden regions: 325->0(325)
[39.747s][info][gc,heap        ] GC(188) Survivor regions: 1->1(41)
[39.747s][info][gc,heap        ] GC(188) Old regions: 21->21
[39.747s][info][gc,heap        ] GC(188) Archive regions: 0->0
[39.747s][info][gc,heap        ] GC(188) Humongous regions: 0->0
[39.747s][info][gc,metaspace   ] GC(188) Metaspace: 14231K(15104K)->14231K(15104K) NonClass: 12281K(12864K)->12281K(12864K) Class: 1950K(2240K)->1950K(2240K)
[39.747s][info][gc             ] GC(188) Pause Young (Normal) (G1 Evacuation Pause) 332M->7M(544M) 2.379ms
[39.747s][info][gc,cpu         ] GC(188) User=0.00s Sys=0.00s Real=0.00s
[39.938s][info][gc,start       ] GC(189) Pause Young (Normal) (G1 Evacuation Pause)
[39.938s][info][gc,task        ] GC(189) Using 33 workers of 33 for evacuation
[39.940s][info][gc,phases      ] GC(189)   Pre Evacuate Collection Set: 0.1ms
[39.941s][info][gc,phases      ] GC(189)   Merge Heap Roots: 0.2ms
[39.941s][info][gc,phases      ] GC(189)   Evacuate Collection Set: 0.4ms
[39.941s][info][gc,phases      ] GC(189)   Post Evacuate Collection Set: 1.4ms
[39.941s][info][gc,phases      ] GC(189)   Other: 0.1ms
[39.941s][info][gc,heap        ] GC(189) Eden regions: 325->0(325)
[39.941s][info][gc,heap        ] GC(189) Survivor regions: 1->1(41)
[39.941s][info][gc,heap        ] GC(189) Old regions: 21->21
[39.941s][info][gc,heap        ] GC(189) Archive regions: 0->0
[39.941s][info][gc,heap        ] GC(189) Humongous regions: 0->0
[39.941s][info][gc,metaspace   ] GC(189) Metaspace: 14231K(15104K)->14231K(15104K) NonClass: 12281K(12864K)->12281K(12864K) Class: 1950K(2240K)->1950K(2240K)
[39.941s][info][gc             ] GC(189) Pause Young (Normal) (G1 Evacuation Pause) 332M->7M(544M) 2.412ms
[39.941s][info][gc,cpu         ] GC(189) User=0.00s Sys=0.00s Real=0.00s
[40.134s][info][gc,start       ] GC(190) Pause Young (Normal) (G1 Evacuation Pause)
[40.134s][info][gc,task        ] GC(190) Using 33 workers of 33 for evacuation
[40.136s][info][gc,phases      ] GC(190)   Pre Evacuate Collection Set: 0.1ms
[40.136s][info][gc,phases      ] GC(190)   Merge Heap Roots: 0.2ms
[40.137s][info][gc,phases      ] GC(190)   Evacuate Collection Set: 0.3ms
[40.137s][info][gc,phases      ] GC(190)   Post Evacuate Collection Set: 1.5ms
[40.137s][info][gc,phases      ] GC(190)   Other: 0.1ms
[40.137s][info][gc,heap        ] GC(190) Eden regions: 325->0(325)
[40.137s][info][gc,heap        ] GC(190) Survivor regions: 1->1(41)
[40.137s][info][gc,heap        ] GC(190) Old regions: 21->21
[40.137s][info][gc,heap        ] GC(190) Archive regions: 0->0
[40.137s][info][gc,heap        ] GC(190) Humongous regions: 0->0
[40.137s][info][gc,metaspace   ] GC(190) Metaspace: 14231K(15104K)->14231K(15104K) NonClass: 12281K(12864K)->12281K(12864K) Class: 1950K(2240K)->1950K(2240K)
[40.137s][info][gc             ] GC(190) Pause Young (Normal) (G1 Evacuation Pause) 332M->7M(544M) 2.452ms
[40.137s][info][gc,cpu         ] GC(190) User=0.00s Sys=0.00s Real=0.00s
[40.328s][info][gc,start       ] GC(191) Pause Young (Normal) (G1 Evacuation Pause)
[40.328s][info][gc,task        ] GC(191) Using 33 workers of 33 for evacuation
[40.330s][info][gc,phases      ] GC(191)   Pre Evacuate Collection Set: 0.2ms
[40.330s][info][gc,phases      ] GC(191)   Merge Heap Roots: 0.2ms
[40.330s][info][gc,phases      ] GC(191)   Evacuate Collection Set: 0.3ms
[40.330s][info][gc,phases      ] GC(191)   Post Evacuate Collection Set: 1.5ms
[40.330s][info][gc,phases      ] GC(191)   Other: 0.1ms
[40.330s][info][gc,heap        ] GC(191) Eden regions: 325->0(325)
[40.330s][info][gc,heap        ] GC(191) Survivor regions: 1->1(41)
[40.330s][info][gc,heap        ] GC(191) Old regions: 21->21
[40.330s][info][gc,heap        ] GC(191) Archive regions: 0->0
[40.330s][info][gc,heap        ] GC(191) Humongous regions: 0->0
[40.330s][info][gc,metaspace   ] GC(191) Metaspace: 14231K(15104K)->14231K(15104K) NonClass: 12281K(12864K)->12281K(12864K) Class: 1950K(2240K)->1950K(2240K)
[40.330s][info][gc             ] GC(191) Pause Young (Normal) (G1 Evacuation Pause) 332M->7M(544M) 2.497ms
[40.330s][info][gc,cpu         ] GC(191) User=0.02s Sys=0.00s Real=0.00s
[40.521s][info][gc,start       ] GC(192) Pause Young (Normal) (G1 Evacuation Pause)
[40.522s][info][gc,task        ] GC(192) Using 33 workers of 33 for evacuation
[40.524s][info][gc,phases      ] GC(192)   Pre Evacuate Collection Set: 0.1ms
[40.524s][info][gc,phases      ] GC(192)   Merge Heap Roots: 0.2ms
[40.524s][info][gc,phases      ] GC(192)   Evacuate Collection Set: 0.3ms
[40.524s][info][gc,phases      ] GC(192)   Post Evacuate Collection Set: 1.5ms
[40.524s][info][gc,phases      ] GC(192)   Other: 0.1ms
[40.524s][info][gc,heap        ] GC(192) Eden regions: 325->0(325)
[40.524s][info][gc,heap        ] GC(192) Survivor regions: 1->1(41)
[40.524s][info][gc,heap        ] GC(192) Old regions: 21->22
[40.524s][info][gc,heap        ] GC(192) Archive regions: 0->0
[40.524s][info][gc,heap        ] GC(192) Humongous regions: 0->0
[40.524s][info][gc,metaspace   ] GC(192) Metaspace: 14231K(15104K)->14231K(15104K) NonClass: 12281K(12864K)->12281K(12864K) Class: 1950K(2240K)->1950K(2240K)
[40.524s][info][gc             ] GC(192) Pause Young (Normal) (G1 Evacuation Pause) 332M->7M(544M) 2.508ms
[40.524s][info][gc,cpu         ] GC(192) User=0.00s Sys=0.00s Real=0.00s
[40.717s][info][gc,start       ] GC(193) Pause Young (Normal) (G1 Evacuation Pause)
[40.717s][info][gc,task        ] GC(193) Using 33 workers of 33 for evacuation
[40.719s][info][gc,phases      ] GC(193)   Pre Evacuate Collection Set: 0.2ms
[40.719s][info][gc,phases      ] GC(193)   Merge Heap Roots: 0.2ms
[40.719s][info][gc,phases      ] GC(193)   Evacuate Collection Set: 0.3ms
[40.719s][info][gc,phases      ] GC(193)   Post Evacuate Collection Set: 1.6ms
[40.719s][info][gc,phases      ] GC(193)   Other: 0.1ms
[40.719s][info][gc,heap        ] GC(193) Eden regions: 325->0(325)
[40.719s][info][gc,heap        ] GC(193) Survivor regions: 1->1(41)
[40.719s][info][gc,heap        ] GC(193) Old regions: 22->22
[40.719s][info][gc,heap        ] GC(193) Archive regions: 0->0
[40.719s][info][gc,heap        ] GC(193) Humongous regions: 0->0
[40.719s][info][gc,metaspace   ] GC(193) Metaspace: 14231K(15104K)->14231K(15104K) NonClass: 12281K(12864K)->12281K(12864K) Class: 1950K(2240K)->1950K(2240K)
[40.719s][info][gc             ] GC(193) Pause Young (Normal) (G1 Evacuation Pause) 332M->7M(544M) 2.528ms
[40.719s][info][gc,cpu         ] GC(193) User=0.52s Sys=0.00s Real=0.00s
[40.912s][info][gc,start       ] GC(194) Pause Young (Normal) (G1 Evacuation Pause)
[40.912s][info][gc,task        ] GC(194) Using 33 workers of 33 for evacuation
[40.914s][info][gc,phases      ] GC(194)   Pre Evacuate Collection Set: 0.1ms
[40.914s][info][gc,phases      ] GC(194)   Merge Heap Roots: 0.2ms
[40.914s][info][gc,phases      ] GC(194)   Evacuate Collection Set: 0.4ms
[40.914s][info][gc,phases      ] GC(194)   Post Evacuate Collection Set: 1.6ms
[40.914s][info][gc,phases      ] GC(194)   Other: 0.1ms
[40.914s][info][gc,heap        ] GC(194) Eden regions: 325->0(325)
[40.914s][info][gc,heap        ] GC(194) Survivor regions: 1->1(41)
[40.914s][info][gc,heap        ] GC(194) Old regions: 22->22
[40.914s][info][gc,heap        ] GC(194) Archive regions: 0->0
[40.914s][info][gc,heap        ] GC(194) Humongous regions: 0->0
[40.914s][info][gc,metaspace   ] GC(194) Metaspace: 14231K(15104K)->14231K(15104K) NonClass: 12281K(12864K)->12281K(12864K) Class: 1950K(2240K)->1950K(2240K)
[40.915s][info][gc             ] GC(194) Pause Young (Normal) (G1 Evacuation Pause) 332M->7M(544M) 2.592ms
[40.915s][info][gc,cpu         ] GC(194) User=0.00s Sys=0.00s Real=0.00s
[41.107s][info][gc,start       ] GC(195) Pause Young (Normal) (G1 Evacuation Pause)
[41.107s][info][gc,task        ] GC(195) Using 33 workers of 33 for evacuation
[41.109s][info][gc,phases      ] GC(195)   Pre Evacuate Collection Set: 0.2ms
[41.109s][info][gc,phases      ] GC(195)   Merge Heap Roots: 0.2ms
[41.109s][info][gc,phases      ] GC(195)   Evacuate Collection Set: 0.4ms
[41.109s][info][gc,phases      ] GC(195)   Post Evacuate Collection Set: 1.6ms
[41.109s][info][gc,phases      ] GC(195)   Other: 0.1ms
[41.109s][info][gc,heap        ] GC(195) Eden regions: 325->0(325)
[41.109s][info][gc,heap        ] GC(195) Survivor regions: 1->1(41)
[41.109s][info][gc,heap        ] GC(195) Old regions: 22->22
[41.109s][info][gc,heap        ] GC(195) Archive regions: 0->0
[41.109s][info][gc,heap        ] GC(195) Humongous regions: 0->0
[41.109s][info][gc,metaspace   ] GC(195) Metaspace: 14231K(15104K)->14231K(15104K) NonClass: 12281K(12864K)->12281K(12864K) Class: 1950K(2240K)->1950K(2240K)
[41.109s][info][gc             ] GC(195) Pause Young (Normal) (G1 Evacuation Pause) 332M->7M(544M) 2.682ms
[41.109s][info][gc,cpu         ] GC(195) User=0.00s Sys=0.02s Real=0.00s
[41.302s][info][gc,start       ] GC(196) Pause Young (Normal) (G1 Evacuation Pause)
[41.302s][info][gc,task        ] GC(196) Using 33 workers of 33 for evacuation
[41.304s][info][gc,phases      ] GC(196)   Pre Evacuate Collection Set: 0.1ms
[41.304s][info][gc,phases      ] GC(196)   Merge Heap Roots: 0.2ms
[41.304s][info][gc,phases      ] GC(196)   Evacuate Collection Set: 0.4ms
[41.304s][info][gc,phases      ] GC(196)   Post Evacuate Collection Set: 1.7ms
[41.304s][info][gc,phases      ] GC(196)   Other: 0.1ms
[41.304s][info][gc,heap        ] GC(196) Eden regions: 325->0(325)
[41.304s][info][gc,heap        ] GC(196) Survivor regions: 1->1(41)
[41.304s][info][gc,heap        ] GC(196) Old regions: 22->22
[41.305s][info][gc,heap        ] GC(196) Archive regions: 0->0
[41.305s][info][gc,heap        ] GC(196) Humongous regions: 0->0
[41.305s][info][gc,metaspace   ] GC(196) Metaspace: 14231K(15104K)->14231K(15104K) NonClass: 12281K(12864K)->12281K(12864K) Class: 1950K(2240K)->1950K(2240K)
[41.305s][info][gc             ] GC(196) Pause Young (Normal) (G1 Evacuation Pause) 332M->7M(544M) 2.673ms
[41.305s][info][gc,cpu         ] GC(196) User=0.00s Sys=0.00s Real=0.00s
[41.497s][info][gc,start       ] GC(197) Pause Young (Normal) (G1 Evacuation Pause)
[41.497s][info][gc,task        ] GC(197) Using 33 workers of 33 for evacuation
[41.499s][info][gc,phases      ] GC(197)   Pre Evacuate Collection Set: 0.2ms
[41.499s][info][gc,phases      ] GC(197)   Merge Heap Roots: 0.1ms
[41.499s][info][gc,phases      ] GC(197)   Evacuate Collection Set: 0.4ms
[41.499s][info][gc,phases      ] GC(197)   Post Evacuate Collection Set: 1.7ms
[41.499s][info][gc,phases      ] GC(197)   Other: 0.1ms
[41.499s][info][gc,heap        ] GC(197) Eden regions: 325->0(325)
[41.499s][info][gc,heap        ] GC(197) Survivor regions: 1->1(41)
[41.499s][info][gc,heap        ] GC(197) Old regions: 22->22
[41.499s][info][gc,heap        ] GC(197) Archive regions: 0->0
[41.499s][info][gc,heap        ] GC(197) Humongous regions: 0->0
[41.499s][info][gc,metaspace   ] GC(197) Metaspace: 14231K(15104K)->14231K(15104K) NonClass: 12281K(12864K)->12281K(12864K) Class: 1950K(2240K)->1950K(2240K)
[41.499s][info][gc             ] GC(197) Pause Young (Normal) (G1 Evacuation Pause) 332M->8M(544M) 2.728ms
[41.499s][info][gc,cpu         ] GC(197) User=0.00s Sys=0.00s Real=0.00s
[41.690s][info][gc,start       ] GC(198) Pause Young (Normal) (G1 Evacuation Pause)
[41.690s][info][gc,task        ] GC(198) Using 33 workers of 33 for evacuation
[41.693s][info][gc,phases      ] GC(198)   Pre Evacuate Collection Set: 0.2ms
[41.693s][info][gc,phases      ] GC(198)   Merge Heap Roots: 0.2ms
[41.693s][info][gc,phases      ] GC(198)   Evacuate Collection Set: 0.4ms
[41.693s][info][gc,phases      ] GC(198)   Post Evacuate Collection Set: 1.7ms
[41.693s][info][gc,phases      ] GC(198)   Other: 0.1ms
[41.693s][info][gc,heap        ] GC(198) Eden regions: 325->0(325)
[41.693s][info][gc,heap        ] GC(198) Survivor regions: 1->1(41)
[41.693s][info][gc,heap        ] GC(198) Old regions: 22->22
[41.693s][info][gc,heap        ] GC(198) Archive regions: 0->0
[41.693s][info][gc,heap        ] GC(198) Humongous regions: 0->0
[41.693s][info][gc,metaspace   ] GC(198) Metaspace: 14231K(15104K)->14231K(15104K) NonClass: 12281K(12864K)->12281K(12864K) Class: 1950K(2240K)->1950K(2240K)
[41.693s][info][gc             ] GC(198) Pause Young (Normal) (G1 Evacuation Pause) 333M->8M(544M) 2.757ms
[41.693s][info][gc,cpu         ] GC(198) User=0.00s Sys=0.00s Real=0.00s
[41.885s][info][gc,start       ] GC(199) Pause Young (Normal) (G1 Evacuation Pause)
[41.885s][info][gc,task        ] GC(199) Using 33 workers of 33 for evacuation
[41.887s][info][gc,phases      ] GC(199)   Pre Evacuate Collection Set: 0.2ms
[41.888s][info][gc,phases      ] GC(199)   Merge Heap Roots: 0.2ms
[41.888s][info][gc,phases      ] GC(199)   Evacuate Collection Set: 0.3ms
[41.888s][info][gc,phases      ] GC(199)   Post Evacuate Collection Set: 1.8ms
[41.888s][info][gc,phases      ] GC(199)   Other: 0.1ms
[41.888s][info][gc,heap        ] GC(199) Eden regions: 325->0(325)
[41.888s][info][gc,heap        ] GC(199) Survivor regions: 1->1(41)
[41.888s][info][gc,heap        ] GC(199) Old regions: 22->22
[41.888s][info][gc,heap        ] GC(199) Archive regions: 0->0
[41.888s][info][gc,heap        ] GC(199) Humongous regions: 0->0
[41.888s][info][gc,metaspace   ] GC(199) Metaspace: 14231K(15104K)->14231K(15104K) NonClass: 12281K(12864K)->12281K(12864K) Class: 1950K(2240K)->1950K(2240K)
[41.888s][info][gc             ] GC(199) Pause Young (Normal) (G1 Evacuation Pause) 333M->8M(544M) 2.791ms
[41.888s][info][gc,cpu         ] GC(199) User=0.00s Sys=0.00s Real=0.00s
[42.080s][info][gc,start       ] GC(200) Pause Young (Normal) (G1 Evacuation Pause)
[42.081s][info][gc,task        ] GC(200) Using 33 workers of 33 for evacuation
[42.083s][info][gc,phases      ] GC(200)   Pre Evacuate Collection Set: 0.2ms
[42.083s][info][gc,phases      ] GC(200)   Merge Heap Roots: 0.2ms
[42.083s][info][gc,phases      ] GC(200)   Evacuate Collection Set: 0.3ms
[42.083s][info][gc,phases      ] GC(200)   Post Evacuate Collection Set: 1.8ms
[42.083s][info][gc,phases      ] GC(200)   Other: 0.1ms
[42.083s][info][gc,heap        ] GC(200) Eden regions: 325->0(325)
[42.083s][info][gc,heap        ] GC(200) Survivor regions: 1->1(41)
[42.083s][info][gc,heap        ] GC(200) Old regions: 22->22
[42.083s][info][gc,heap        ] GC(200) Archive regions: 0->0
[42.083s][info][gc,heap        ] GC(200) Humongous regions: 0->0
[42.083s][info][gc,metaspace   ] GC(200) Metaspace: 14231K(15104K)->14231K(15104K) NonClass: 12281K(12864K)->12281K(12864K) Class: 1950K(2240K)->1950K(2240K)
[42.083s][info][gc             ] GC(200) Pause Young (Normal) (G1 Evacuation Pause) 333M->8M(544M) 2.820ms
[42.083s][info][gc,cpu         ] GC(200) User=0.00s Sys=0.00s Real=0.00s
[42.277s][info][gc,start       ] GC(201) Pause Young (Normal) (G1 Evacuation Pause)
[42.277s][info][gc,task        ] GC(201) Using 33 workers of 33 for evacuation
[42.279s][info][gc,phases      ] GC(201)   Pre Evacuate Collection Set: 0.1ms
[42.279s][info][gc,phases      ] GC(201)   Merge Heap Roots: 0.2ms
[42.279s][info][gc,phases      ] GC(201)   Evacuate Collection Set: 0.4ms
[42.279s][info][gc,phases      ] GC(201)   Post Evacuate Collection Set: 1.8ms
[42.279s][info][gc,phases      ] GC(201)   Other: 0.1ms
[42.279s][info][gc,heap        ] GC(201) Eden regions: 325->0(325)
[42.279s][info][gc,heap        ] GC(201) Survivor regions: 1->1(41)
[42.279s][info][gc,heap        ] GC(201) Old regions: 22->22
[42.279s][info][gc,heap        ] GC(201) Archive regions: 0->0
[42.279s][info][gc,heap        ] GC(201) Humongous regions: 0->0
[42.279s][info][gc,metaspace   ] GC(201) Metaspace: 14231K(15104K)->14231K(15104K) NonClass: 12281K(12864K)->12281K(12864K) Class: 1950K(2240K)->1950K(2240K)
[42.279s][info][gc             ] GC(201) Pause Young (Normal) (G1 Evacuation Pause) 333M->8M(544M) 2.777ms
[42.279s][info][gc,cpu         ] GC(201) User=0.00s Sys=0.00s Real=0.00s
[42.474s][info][gc,start       ] GC(202) Pause Young (Normal) (G1 Evacuation Pause)
[42.474s][info][gc,task        ] GC(202) Using 33 workers of 33 for evacuation
[42.476s][info][gc,phases      ] GC(202)   Pre Evacuate Collection Set: 0.1ms
[42.476s][info][gc,phases      ] GC(202)   Merge Heap Roots: 0.2ms
[42.476s][info][gc,phases      ] GC(202)   Evacuate Collection Set: 0.3ms
[42.476s][info][gc,phases      ] GC(202)   Post Evacuate Collection Set: 1.6ms
[42.476s][info][gc,phases      ] GC(202)   Other: 0.1ms
[42.476s][info][gc,heap        ] GC(202) Eden regions: 325->0(325)
[42.476s][info][gc,heap        ] GC(202) Survivor regions: 1->1(41)
[42.476s][info][gc,heap        ] GC(202) Old regions: 22->22
[42.476s][info][gc,heap        ] GC(202) Archive regions: 0->0
[42.476s][info][gc,heap        ] GC(202) Humongous regions: 0->0
[42.476s][info][gc,metaspace   ] GC(202) Metaspace: 14231K(15104K)->14231K(15104K) NonClass: 12281K(12864K)->12281K(12864K) Class: 1950K(2240K)->1950K(2240K)
[42.476s][info][gc             ] GC(202) Pause Young (Normal) (G1 Evacuation Pause) 333M->8M(544M) 2.563ms
[42.476s][info][gc,cpu         ] GC(202) User=0.00s Sys=0.00s Real=0.00s
[42.669s][info][gc,start       ] GC(203) Pause Young (Normal) (G1 Evacuation Pause)
[42.669s][info][gc,task        ] GC(203) Using 33 workers of 33 for evacuation
[42.671s][info][gc,phases      ] GC(203)   Pre Evacuate Collection Set: 0.1ms
[42.671s][info][gc,phases      ] GC(203)   Merge Heap Roots: 0.2ms
[42.671s][info][gc,phases      ] GC(203)   Evacuate Collection Set: 0.4ms
[42.671s][info][gc,phases      ] GC(203)   Post Evacuate Collection Set: 1.5ms
[42.671s][info][gc,phases      ] GC(203)   Other: 0.1ms
[42.671s][info][gc,heap        ] GC(203) Eden regions: 325->0(325)
[42.671s][info][gc,heap        ] GC(203) Survivor regions: 1->1(41)
[42.671s][info][gc,heap        ] GC(203) Old regions: 22->22
[42.671s][info][gc,heap        ] GC(203) Archive regions: 0->0
[42.671s][info][gc,heap        ] GC(203) Humongous regions: 0->0
[42.671s][info][gc,metaspace   ] GC(203) Metaspace: 14231K(15104K)->14231K(15104K) NonClass: 12281K(12864K)->12281K(12864K) Class: 1950K(2240K)->1950K(2240K)
[42.671s][info][gc             ] GC(203) Pause Young (Normal) (G1 Evacuation Pause) 333M->8M(544M) 2.513ms
[42.671s][info][gc,cpu         ] GC(203) User=0.00s Sys=0.00s Real=0.00s
[42.863s][info][gc,start       ] GC(204) Pause Young (Normal) (G1 Evacuation Pause)
[42.863s][info][gc,task        ] GC(204) Using 33 workers of 33 for evacuation
[42.865s][info][gc,phases      ] GC(204)   Pre Evacuate Collection Set: 0.2ms
[42.865s][info][gc,phases      ] GC(204)   Merge Heap Roots: 0.2ms
[42.865s][info][gc,phases      ] GC(204)   Evacuate Collection Set: 0.3ms
[42.865s][info][gc,phases      ] GC(204)   Post Evacuate Collection Set: 1.5ms
[42.865s][info][gc,phases      ] GC(204)   Other: 0.2ms
[42.865s][info][gc,heap        ] GC(204) Eden regions: 325->0(325)
[42.865s][info][gc,heap        ] GC(204) Survivor regions: 1->1(41)
[42.865s][info][gc,heap        ] GC(204) Old regions: 22->22
[42.865s][info][gc,heap        ] GC(204) Archive regions: 0->0
[42.865s][info][gc,heap        ] GC(204) Humongous regions: 0->0
[42.865s][info][gc,metaspace   ] GC(204) Metaspace: 14231K(15104K)->14231K(15104K) NonClass: 12281K(12864K)->12281K(12864K) Class: 1950K(2240K)->1950K(2240K)
[42.866s][info][gc             ] GC(204) Pause Young (Normal) (G1 Evacuation Pause) 333M->8M(544M) 2.599ms
[42.866s][info][gc,cpu         ] GC(204) User=0.00s Sys=0.00s Real=0.00s
[43.059s][info][gc,start       ] GC(205) Pause Young (Normal) (G1 Evacuation Pause)
[43.059s][info][gc,task        ] GC(205) Using 33 workers of 33 for evacuation
[43.061s][info][gc,phases      ] GC(205)   Pre Evacuate Collection Set: 0.1ms
[43.061s][info][gc,phases      ] GC(205)   Merge Heap Roots: 0.2ms
[43.061s][info][gc,phases      ] GC(205)   Evacuate Collection Set: 0.4ms
[43.061s][info][gc,phases      ] GC(205)   Post Evacuate Collection Set: 1.3ms
[43.061s][info][gc,phases      ] GC(205)   Other: 0.1ms
[43.061s][info][gc,heap        ] GC(205) Eden regions: 325->0(325)
[43.061s][info][gc,heap        ] GC(205) Survivor regions: 1->1(41)
[43.061s][info][gc,heap        ] GC(205) Old regions: 22->22
[43.061s][info][gc,heap        ] GC(205) Archive regions: 0->0
[43.061s][info][gc,heap        ] GC(205) Humongous regions: 0->0
[43.061s][info][gc,metaspace   ] GC(205) Metaspace: 14231K(15104K)->14231K(15104K) NonClass: 12281K(12864K)->12281K(12864K) Class: 1950K(2240K)->1950K(2240K)
[43.061s][info][gc             ] GC(205) Pause Young (Normal) (G1 Evacuation Pause) 333M->8M(544M) 2.321ms
[43.061s][info][gc,cpu         ] GC(205) User=0.00s Sys=0.00s Real=0.00s
[43.255s][info][gc,start       ] GC(206) Pause Young (Normal) (G1 Evacuation Pause)
[43.255s][info][gc,task        ] GC(206) Using 33 workers of 33 for evacuation
[43.257s][info][gc,phases      ] GC(206)   Pre Evacuate Collection Set: 0.2ms
[43.257s][info][gc,phases      ] GC(206)   Merge Heap Roots: 0.2ms
[43.257s][info][gc,phases      ] GC(206)   Evacuate Collection Set: 0.3ms
[43.257s][info][gc,phases      ] GC(206)   Post Evacuate Collection Set: 1.4ms
[43.257s][info][gc,phases      ] GC(206)   Other: 0.1ms
[43.257s][info][gc,heap        ] GC(206) Eden regions: 325->0(325)
[43.257s][info][gc,heap        ] GC(206) Survivor regions: 1->1(41)
[43.257s][info][gc,heap        ] GC(206) Old regions: 22->22
[43.257s][info][gc,heap        ] GC(206) Archive regions: 0->0
[43.257s][info][gc,heap        ] GC(206) Humongous regions: 0->0
[43.257s][info][gc,metaspace   ] GC(206) Metaspace: 14231K(15104K)->14231K(15104K) NonClass: 12281K(12864K)->12281K(12864K) Class: 1950K(2240K)->1950K(2240K)
[43.257s][info][gc             ] GC(206) Pause Young (Normal) (G1 Evacuation Pause) 333M->8M(544M) 2.386ms
[43.257s][info][gc,cpu         ] GC(206) User=0.00s Sys=0.00s Real=0.00s
[43.448s][info][gc,start       ] GC(207) Pause Young (Normal) (G1 Evacuation Pause)
[43.448s][info][gc,task        ] GC(207) Using 33 workers of 33 for evacuation
[43.450s][info][gc,phases      ] GC(207)   Pre Evacuate Collection Set: 0.2ms
[43.450s][info][gc,phases      ] GC(207)   Merge Heap Roots: 0.2ms
[43.450s][info][gc,phases      ] GC(207)   Evacuate Collection Set: 0.3ms
[43.450s][info][gc,phases      ] GC(207)   Post Evacuate Collection Set: 1.4ms
[43.450s][info][gc,phases      ] GC(207)   Other: 0.1ms
[43.450s][info][gc,heap        ] GC(207) Eden regions: 325->0(325)
[43.450s][info][gc,heap        ] GC(207) Survivor regions: 1->1(41)
[43.450s][info][gc,heap        ] GC(207) Old regions: 22->22
[43.450s][info][gc,heap        ] GC(207) Archive regions: 0->0
[43.450s][info][gc,heap        ] GC(207) Humongous regions: 0->0
[43.450s][info][gc,metaspace   ] GC(207) Metaspace: 14231K(15104K)->14231K(15104K) NonClass: 12281K(12864K)->12281K(12864K) Class: 1950K(2240K)->1950K(2240K)
[43.451s][info][gc             ] GC(207) Pause Young (Normal) (G1 Evacuation Pause) 333M->8M(544M) 2.417ms
[43.451s][info][gc,cpu         ] GC(207) User=0.00s Sys=0.00s Real=0.00s
[43.641s][info][gc,start       ] GC(208) Pause Young (Normal) (G1 Evacuation Pause)
[43.641s][info][gc,task        ] GC(208) Using 33 workers of 33 for evacuation
[43.643s][info][gc,phases      ] GC(208)   Pre Evacuate Collection Set: 0.2ms
[43.643s][info][gc,phases      ] GC(208)   Merge Heap Roots: 0.2ms
[43.643s][info][gc,phases      ] GC(208)   Evacuate Collection Set: 0.3ms
[43.643s][info][gc,phases      ] GC(208)   Post Evacuate Collection Set: 1.4ms
[43.643s][info][gc,phases      ] GC(208)   Other: 0.1ms
[43.643s][info][gc,heap        ] GC(208) Eden regions: 325->0(325)
[43.643s][info][gc,heap        ] GC(208) Survivor regions: 1->1(41)
[43.643s][info][gc,heap        ] GC(208) Old regions: 22->22
[43.643s][info][gc,heap        ] GC(208) Archive regions: 0->0
[43.643s][info][gc,heap        ] GC(208) Humongous regions: 0->0
[43.643s][info][gc,metaspace   ] GC(208) Metaspace: 14231K(15104K)->14231K(15104K) NonClass: 12281K(12864K)->12281K(12864K) Class: 1950K(2240K)->1950K(2240K)
[43.643s][info][gc             ] GC(208) Pause Young (Normal) (G1 Evacuation Pause) 333M->8M(544M) 2.438ms
[43.643s][info][gc,cpu         ] GC(208) User=0.00s Sys=0.00s Real=0.00s
[43.835s][info][gc,start       ] GC(209) Pause Young (Normal) (G1 Evacuation Pause)
[43.835s][info][gc,task        ] GC(209) Using 33 workers of 33 for evacuation
[43.837s][info][gc,phases      ] GC(209)   Pre Evacuate Collection Set: 0.2ms
[43.837s][info][gc,phases      ] GC(209)   Merge Heap Roots: 0.1ms
[43.837s][info][gc,phases      ] GC(209)   Evacuate Collection Set: 0.4ms
[43.837s][info][gc,phases      ] GC(209)   Post Evacuate Collection Set: 1.5ms
[43.837s][info][gc,phases      ] GC(209)   Other: 0.1ms
[43.837s][info][gc,heap        ] GC(209) Eden regions: 325->0(325)
[43.837s][info][gc,heap        ] GC(209) Survivor regions: 1->1(41)
[43.837s][info][gc,heap        ] GC(209) Old regions: 22->22
[43.837s][info][gc,heap        ] GC(209) Archive regions: 0->0
[43.837s][info][gc,heap        ] GC(209) Humongous regions: 0->0
[43.837s][info][gc,metaspace   ] GC(209) Metaspace: 14231K(15104K)->14231K(15104K) NonClass: 12281K(12864K)->12281K(12864K) Class: 1950K(2240K)->1950K(2240K)
[43.837s][info][gc             ] GC(209) Pause Young (Normal) (G1 Evacuation Pause) 333M->8M(544M) 2.453ms
[43.837s][info][gc,cpu         ] GC(209) User=0.00s Sys=0.00s Real=0.00s
[44.030s][info][gc,start       ] GC(210) Pause Young (Normal) (G1 Evacuation Pause)
[44.030s][info][gc,task        ] GC(210) Using 33 workers of 33 for evacuation
[44.032s][info][gc,phases      ] GC(210)   Pre Evacuate Collection Set: 0.2ms
[44.032s][info][gc,phases      ] GC(210)   Merge Heap Roots: 0.2ms
[44.032s][info][gc,phases      ] GC(210)   Evacuate Collection Set: 0.3ms
[44.032s][info][gc,phases      ] GC(210)   Post Evacuate Collection Set: 1.5ms
[44.032s][info][gc,phases      ] GC(210)   Other: 0.1ms
[44.032s][info][gc,heap        ] GC(210) Eden regions: 325->0(325)
[44.032s][info][gc,heap        ] GC(210) Survivor regions: 1->1(41)
[44.032s][info][gc,heap        ] GC(210) Old regions: 22->22
[44.032s][info][gc,heap        ] GC(210) Archive regions: 0->0
[44.032s][info][gc,heap        ] GC(210) Humongous regions: 0->0
[44.032s][info][gc,metaspace   ] GC(210) Metaspace: 14231K(15104K)->14231K(15104K) NonClass: 12281K(12864K)->12281K(12864K) Class: 1950K(2240K)->1950K(2240K)
[44.032s][info][gc             ] GC(210) Pause Young (Normal) (G1 Evacuation Pause) 333M->8M(544M) 2.515ms
[44.032s][info][gc,cpu         ] GC(210) User=0.52s Sys=0.00s Real=0.00s
[44.225s][info][gc,start       ] GC(211) Pause Young (Normal) (G1 Evacuation Pause)
[44.225s][info][gc,task        ] GC(211) Using 33 workers of 33 for evacuation
[44.227s][info][gc,phases      ] GC(211)   Pre Evacuate Collection Set: 0.2ms
[44.227s][info][gc,phases      ] GC(211)   Merge Heap Roots: 0.2ms
[44.227s][info][gc,phases      ] GC(211)   Evacuate Collection Set: 0.3ms
[44.227s][info][gc,phases      ] GC(211)   Post Evacuate Collection Set: 1.5ms
[44.227s][info][gc,phases      ] GC(211)   Other: 0.1ms
[44.227s][info][gc,heap        ] GC(211) Eden regions: 325->0(325)
[44.227s][info][gc,heap        ] GC(211) Survivor regions: 1->1(41)
[44.227s][info][gc,heap        ] GC(211) Old regions: 22->22
[44.227s][info][gc,heap        ] GC(211) Archive regions: 0->0
[44.227s][info][gc,heap        ] GC(211) Humongous regions: 0->0
[44.227s][info][gc,metaspace   ] GC(211) Metaspace: 14231K(15104K)->14231K(15104K) NonClass: 12281K(12864K)->12281K(12864K) Class: 1950K(2240K)->1950K(2240K)
[44.227s][info][gc             ] GC(211) Pause Young (Normal) (G1 Evacuation Pause) 333M->8M(544M) 2.534ms
[44.227s][info][gc,cpu         ] GC(211) User=0.00s Sys=0.00s Real=0.00s
[44.420s][info][gc,start       ] GC(212) Pause Young (Normal) (G1 Evacuation Pause)
[44.420s][info][gc,task        ] GC(212) Using 33 workers of 33 for evacuation
[44.422s][info][gc,phases      ] GC(212)   Pre Evacuate Collection Set: 0.1ms
[44.422s][info][gc,phases      ] GC(212)   Merge Heap Roots: 0.2ms
[44.422s][info][gc,phases      ] GC(212)   Evacuate Collection Set: 0.3ms
[44.422s][info][gc,phases      ] GC(212)   Post Evacuate Collection Set: 1.6ms
[44.422s][info][gc,phases      ] GC(212)   Other: 0.1ms
[44.422s][info][gc,heap        ] GC(212) Eden regions: 325->0(325)
[44.422s][info][gc,heap        ] GC(212) Survivor regions: 1->1(41)
[44.422s][info][gc,heap        ] GC(212) Old regions: 22->22
[44.422s][info][gc,heap        ] GC(212) Archive regions: 0->0
[44.423s][info][gc,heap        ] GC(212) Humongous regions: 0->0
[44.423s][info][gc,metaspace   ] GC(212) Metaspace: 14231K(15104K)->14231K(15104K) NonClass: 12281K(12864K)->12281K(12864K) Class: 1950K(2240K)->1950K(2240K)
[44.423s][info][gc             ] GC(212) Pause Young (Normal) (G1 Evacuation Pause) 333M->8M(544M) 2.530ms
[44.423s][info][gc,cpu         ] GC(212) User=0.52s Sys=0.00s Real=0.00s
[44.616s][info][gc,start       ] GC(213) Pause Young (Normal) (G1 Evacuation Pause)
[44.617s][info][gc,task        ] GC(213) Using 33 workers of 33 for evacuation
[44.619s][info][gc,phases      ] GC(213)   Pre Evacuate Collection Set: 0.2ms
[44.619s][info][gc,phases      ] GC(213)   Merge Heap Roots: 0.1ms
[44.619s][info][gc,phases      ] GC(213)   Evacuate Collection Set: 0.3ms
[44.619s][info][gc,phases      ] GC(213)   Post Evacuate Collection Set: 1.6ms
[44.619s][info][gc,phases      ] GC(213)   Other: 0.1ms
[44.619s][info][gc,heap        ] GC(213) Eden regions: 325->0(325)
[44.619s][info][gc,heap        ] GC(213) Survivor regions: 1->1(41)
[44.619s][info][gc,heap        ] GC(213) Old regions: 22->23
[44.619s][info][gc,heap        ] GC(213) Archive regions: 0->0
[44.619s][info][gc,heap        ] GC(213) Humongous regions: 0->0
[44.619s][info][gc,metaspace   ] GC(213) Metaspace: 14231K(15104K)->14231K(15104K) NonClass: 12281K(12864K)->12281K(12864K) Class: 1950K(2240K)->1950K(2240K)
[44.619s][info][gc             ] GC(213) Pause Young (Normal) (G1 Evacuation Pause) 333M->8M(544M) 2.597ms
[44.619s][info][gc,cpu         ] GC(213) User=0.00s Sys=0.00s Real=0.00s
[44.811s][info][gc,start       ] GC(214) Pause Young (Normal) (G1 Evacuation Pause)
[44.811s][info][gc,task        ] GC(214) Using 33 workers of 33 for evacuation
[44.814s][info][gc,phases      ] GC(214)   Pre Evacuate Collection Set: 0.2ms
[44.814s][info][gc,phases      ] GC(214)   Merge Heap Roots: 0.2ms
[44.814s][info][gc,phases      ] GC(214)   Evacuate Collection Set: 0.4ms
[44.814s][info][gc,phases      ] GC(214)   Post Evacuate Collection Set: 1.7ms
[44.814s][info][gc,phases      ] GC(214)   Other: 0.1ms
[44.814s][info][gc,heap        ] GC(214) Eden regions: 325->0(325)
[44.814s][info][gc,heap        ] GC(214) Survivor regions: 1->1(41)
[44.814s][info][gc,heap        ] GC(214) Old regions: 23->23
[44.814s][info][gc,heap        ] GC(214) Archive regions: 0->0
[44.814s][info][gc,heap        ] GC(214) Humongous regions: 0->0
[44.814s][info][gc,metaspace   ] GC(214) Metaspace: 14231K(15104K)->14231K(15104K) NonClass: 12281K(12864K)->12281K(12864K) Class: 1950K(2240K)->1950K(2240K)
[44.814s][info][gc             ] GC(214) Pause Young (Normal) (G1 Evacuation Pause) 333M->8M(544M) 2.740ms
[44.814s][info][gc,cpu         ] GC(214) User=0.52s Sys=0.00s Real=0.00s
[45.005s][info][gc,start       ] GC(215) Pause Young (Normal) (G1 Evacuation Pause)
[45.005s][info][gc,task        ] GC(215) Using 33 workers of 33 for evacuation
[45.007s][info][gc,phases      ] GC(215)   Pre Evacuate Collection Set: 0.1ms
[45.007s][info][gc,phases      ] GC(215)   Merge Heap Roots: 0.2ms
[45.008s][info][gc,phases      ] GC(215)   Evacuate Collection Set: 0.3ms
[45.008s][info][gc,phases      ] GC(215)   Post Evacuate Collection Set: 1.7ms
[45.008s][info][gc,phases      ] GC(215)   Other: 0.1ms
[45.008s][info][gc,heap        ] GC(215) Eden regions: 325->0(325)
[45.008s][info][gc,heap        ] GC(215) Survivor regions: 1->1(41)
[45.008s][info][gc,heap        ] GC(215) Old regions: 23->23
[45.008s][info][gc,heap        ] GC(215) Archive regions: 0->0
[45.008s][info][gc,heap        ] GC(215) Humongous regions: 0->0
[45.008s][info][gc,metaspace   ] GC(215) Metaspace: 14231K(15104K)->14231K(15104K) NonClass: 12281K(12864K)->12281K(12864K) Class: 1950K(2240K)->1950K(2240K)
[45.008s][info][gc             ] GC(215) Pause Young (Normal) (G1 Evacuation Pause) 333M->8M(544M) 2.663ms
[45.008s][info][gc,cpu         ] GC(215) User=0.00s Sys=0.00s Real=0.00s
[45.199s][info][gc,start       ] GC(216) Pause Young (Normal) (G1 Evacuation Pause)
[45.199s][info][gc,task        ] GC(216) Using 33 workers of 33 for evacuation
[45.202s][info][gc,phases      ] GC(216)   Pre Evacuate Collection Set: 0.2ms
[45.202s][info][gc,phases      ] GC(216)   Merge Heap Roots: 0.2ms
[45.202s][info][gc,phases      ] GC(216)   Evacuate Collection Set: 0.4ms
[45.202s][info][gc,phases      ] GC(216)   Post Evacuate Collection Set: 1.7ms
[45.202s][info][gc,phases      ] GC(216)   Other: 0.1ms
[45.202s][info][gc,heap        ] GC(216) Eden regions: 325->0(325)
[45.202s][info][gc,heap        ] GC(216) Survivor regions: 1->1(41)
[45.202s][info][gc,heap        ] GC(216) Old regions: 23->23
[45.202s][info][gc,heap        ] GC(216) Archive regions: 0->0
[45.202s][info][gc,heap        ] GC(216) Humongous regions: 0->0
[45.202s][info][gc,metaspace   ] GC(216) Metaspace: 14231K(15104K)->14231K(15104K) NonClass: 12281K(12864K)->12281K(12864K) Class: 1950K(2240K)->1950K(2240K)
[45.202s][info][gc             ] GC(216) Pause Young (Normal) (G1 Evacuation Pause) 333M->8M(544M) 2.757ms
[45.202s][info][gc,cpu         ] GC(216) User=0.00s Sys=0.00s Real=0.00s
[45.392s][info][gc,start       ] GC(217) Pause Young (Normal) (G1 Evacuation Pause)
[45.392s][info][gc,task        ] GC(217) Using 33 workers of 33 for evacuation
[45.394s][info][gc,phases      ] GC(217)   Pre Evacuate Collection Set: 0.1ms
[45.394s][info][gc,phases      ] GC(217)   Merge Heap Roots: 0.2ms
[45.395s][info][gc,phases      ] GC(217)   Evacuate Collection Set: 0.3ms
[45.395s][info][gc,phases      ] GC(217)   Post Evacuate Collection Set: 1.8ms
[45.395s][info][gc,phases      ] GC(217)   Other: 0.1ms
[45.395s][info][gc,heap        ] GC(217) Eden regions: 325->0(325)
[45.395s][info][gc,heap        ] GC(217) Survivor regions: 1->1(41)
[45.395s][info][gc,heap        ] GC(217) Old regions: 23->23
[45.395s][info][gc,heap        ] GC(217) Archive regions: 0->0
[45.395s][info][gc,heap        ] GC(217) Humongous regions: 0->0
[45.395s][info][gc,metaspace   ] GC(217) Metaspace: 14231K(15104K)->14231K(15104K) NonClass: 12281K(12864K)->12281K(12864K) Class: 1950K(2240K)->1950K(2240K)
[45.395s][info][gc             ] GC(217) Pause Young (Normal) (G1 Evacuation Pause) 333M->8M(544M) 2.689ms
[45.395s][info][gc,cpu         ] GC(217) User=0.00s Sys=0.00s Real=0.00s
[45.588s][info][gc,start       ] GC(218) Pause Young (Normal) (G1 Evacuation Pause)
[45.588s][info][gc,task        ] GC(218) Using 33 workers of 33 for evacuation
[45.590s][info][gc,phases      ] GC(218)   Pre Evacuate Collection Set: 0.2ms
[45.590s][info][gc,phases      ] GC(218)   Merge Heap Roots: 0.2ms
[45.590s][info][gc,phases      ] GC(218)   Evacuate Collection Set: 0.3ms
[45.590s][info][gc,phases      ] GC(218)   Post Evacuate Collection Set: 1.8ms
[45.590s][info][gc,phases      ] GC(218)   Other: 0.1ms
[45.590s][info][gc,heap        ] GC(218) Eden regions: 325->0(325)
[45.590s][info][gc,heap        ] GC(218) Survivor regions: 1->1(41)
[45.590s][info][gc,heap        ] GC(218) Old regions: 23->23
[45.590s][info][gc,heap        ] GC(218) Archive regions: 0->0
[45.590s][info][gc,heap        ] GC(218) Humongous regions: 0->0
[45.590s][info][gc,metaspace   ] GC(218) Metaspace: 14231K(15104K)->14231K(15104K) NonClass: 12281K(12864K)->12281K(12864K) Class: 1950K(2240K)->1950K(2240K)
[45.590s][info][gc             ] GC(218) Pause Young (Normal) (G1 Evacuation Pause) 333M->9M(544M) 2.753ms
[45.590s][info][gc,cpu         ] GC(218) User=0.00s Sys=0.00s Real=0.00s
[45.783s][info][gc,start       ] GC(219) Pause Young (Normal) (G1 Evacuation Pause)
[45.783s][info][gc,task        ] GC(219) Using 33 workers of 33 for evacuation
[45.785s][info][gc,phases      ] GC(219)   Pre Evacuate Collection Set: 0.2ms
[45.785s][info][gc,phases      ] GC(219)   Merge Heap Roots: 0.2ms
[45.785s][info][gc,phases      ] GC(219)   Evacuate Collection Set: 0.4ms
[45.785s][info][gc,phases      ] GC(219)   Post Evacuate Collection Set: 1.8ms
[45.785s][info][gc,phases      ] GC(219)   Other: 0.1ms
[45.785s][info][gc,heap        ] GC(219) Eden regions: 325->0(325)
[45.785s][info][gc,heap        ] GC(219) Survivor regions: 1->1(41)
[45.785s][info][gc,heap        ] GC(219) Old regions: 23->23
[45.785s][info][gc,heap        ] GC(219) Archive regions: 0->0
[45.785s][info][gc,heap        ] GC(219) Humongous regions: 0->0
[45.785s][info][gc,metaspace   ] GC(219) Metaspace: 14231K(15104K)->14231K(15104K) NonClass: 12281K(12864K)->12281K(12864K) Class: 1950K(2240K)->1950K(2240K)
[45.785s][info][gc             ] GC(219) Pause Young (Normal) (G1 Evacuation Pause) 334M->9M(544M) 2.934ms
[45.786s][info][gc,cpu         ] GC(219) User=0.00s Sys=0.00s Real=0.00s
[46.087s][info][gc,start       ] GC(220) Pause Young (Normal) (G1 Evacuation Pause)
[46.087s][info][gc,task        ] GC(220) Using 33 workers of 33 for evacuation
[46.091s][info][gc,phases      ] GC(220)   Pre Evacuate Collection Set: 0.2ms
[46.091s][info][gc,phases      ] GC(220)   Merge Heap Roots: 0.3ms
[46.091s][info][gc,phases      ] GC(220)   Evacuate Collection Set: 0.5ms
[46.091s][info][gc,phases      ] GC(220)   Post Evacuate Collection Set: 2.5ms
[46.091s][info][gc,phases      ] GC(220)   Other: 0.2ms
[46.091s][info][gc,heap        ] GC(220) Eden regions: 325->0(325)
[46.091s][info][gc,heap        ] GC(220) Survivor regions: 1->1(41)
[46.091s][info][gc,heap        ] GC(220) Old regions: 23->23
[46.091s][info][gc,heap        ] GC(220) Archive regions: 0->0
[46.091s][info][gc,heap        ] GC(220) Humongous regions: 0->0
[46.091s][info][gc,metaspace   ] GC(220) Metaspace: 14231K(15104K)->14231K(15104K) NonClass: 12281K(12864K)->12281K(12864K) Class: 1950K(2240K)->1950K(2240K)
[46.091s][info][gc             ] GC(220) Pause Young (Normal) (G1 Evacuation Pause) 334M->9M(544M) 4.270ms
[46.091s][info][gc,cpu         ] GC(220) User=0.00s Sys=0.00s Real=0.00s
[46.296s][info][gc,start       ] GC(221) Pause Young (Normal) (G1 Evacuation Pause)
[46.296s][info][gc,task        ] GC(221) Using 33 workers of 33 for evacuation
[46.298s][info][gc,phases      ] GC(221)   Pre Evacuate Collection Set: 0.2ms
[46.298s][info][gc,phases      ] GC(221)   Merge Heap Roots: 0.2ms
[46.298s][info][gc,phases      ] GC(221)   Evacuate Collection Set: 0.4ms
[46.298s][info][gc,phases      ] GC(221)   Post Evacuate Collection Set: 1.8ms
[46.298s][info][gc,phases      ] GC(221)   Other: 0.1ms
[46.298s][info][gc,heap        ] GC(221) Eden regions: 325->0(325)
[46.298s][info][gc,heap        ] GC(221) Survivor regions: 1->1(41)
[46.298s][info][gc,heap        ] GC(221) Old regions: 23->23
[46.298s][info][gc,heap        ] GC(221) Archive regions: 0->0
[46.298s][info][gc,heap        ] GC(221) Humongous regions: 0->0
[46.298s][info][gc,metaspace   ] GC(221) Metaspace: 14231K(15104K)->14231K(15104K) NonClass: 12281K(12864K)->12281K(12864K) Class: 1950K(2240K)->1950K(2240K)
[46.298s][info][gc             ] GC(221) Pause Young (Normal) (G1 Evacuation Pause) 334M->9M(544M) 2.776ms
[46.298s][info][gc,cpu         ] GC(221) User=0.52s Sys=0.00s Real=0.00s
[46.493s][info][gc,start       ] GC(222) Pause Young (Normal) (G1 Evacuation Pause)
[46.494s][info][gc,task        ] GC(222) Using 33 workers of 33 for evacuation
[46.496s][info][gc,phases      ] GC(222)   Pre Evacuate Collection Set: 0.2ms
[46.496s][info][gc,phases      ] GC(222)   Merge Heap Roots: 0.2ms
[46.496s][info][gc,phases      ] GC(222)   Evacuate Collection Set: 0.3ms
[46.496s][info][gc,phases      ] GC(222)   Post Evacuate Collection Set: 1.5ms
[46.496s][info][gc,phases      ] GC(222)   Other: 0.1ms
[46.496s][info][gc,heap        ] GC(222) Eden regions: 325->0(325)
[46.496s][info][gc,heap        ] GC(222) Survivor regions: 1->1(41)
[46.496s][info][gc,heap        ] GC(222) Old regions: 23->23
[46.496s][info][gc,heap        ] GC(222) Archive regions: 0->0
[46.496s][info][gc,heap        ] GC(222) Humongous regions: 0->0
[46.496s][info][gc,metaspace   ] GC(222) Metaspace: 14231K(15104K)->14231K(15104K) NonClass: 12281K(12864K)->12281K(12864K) Class: 1950K(2240K)->1950K(2240K)
[46.496s][info][gc             ] GC(222) Pause Young (Normal) (G1 Evacuation Pause) 334M->9M(544M) 2.441ms
[46.496s][info][gc,cpu         ] GC(222) User=0.00s Sys=0.00s Real=0.00s
[46.688s][info][gc,start       ] GC(223) Pause Young (Normal) (G1 Evacuation Pause)
[46.688s][info][gc,task        ] GC(223) Using 33 workers of 33 for evacuation
[46.691s][info][gc,phases      ] GC(223)   Pre Evacuate Collection Set: 0.2ms
[46.691s][info][gc,phases      ] GC(223)   Merge Heap Roots: 0.1ms
[46.691s][info][gc,phases      ] GC(223)   Evacuate Collection Set: 0.4ms
[46.691s][info][gc,phases      ] GC(223)   Post Evacuate Collection Set: 1.4ms
[46.691s][info][gc,phases      ] GC(223)   Other: 0.1ms
[46.691s][info][gc,heap        ] GC(223) Eden regions: 325->0(325)
[46.691s][info][gc,heap        ] GC(223) Survivor regions: 1->1(41)
[46.691s][info][gc,heap        ] GC(223) Old regions: 23->23
[46.691s][info][gc,heap        ] GC(223) Archive regions: 0->0
[46.691s][info][gc,heap        ] GC(223) Humongous regions: 0->0
[46.691s][info][gc,metaspace   ] GC(223) Metaspace: 14231K(15104K)->14231K(15104K) NonClass: 12281K(12864K)->12281K(12864K) Class: 1950K(2240K)->1950K(2240K)
[46.691s][info][gc             ] GC(223) Pause Young (Normal) (G1 Evacuation Pause) 334M->9M(544M) 2.431ms
[46.691s][info][gc,cpu         ] GC(223) User=0.00s Sys=0.00s Real=0.00s
[46.884s][info][gc,start       ] GC(224) Pause Young (Normal) (G1 Evacuation Pause)
[46.884s][info][gc,task        ] GC(224) Using 33 workers of 33 for evacuation
[46.886s][info][gc,phases      ] GC(224)   Pre Evacuate Collection Set: 0.2ms
[46.886s][info][gc,phases      ] GC(224)   Merge Heap Roots: 0.2ms
[46.886s][info][gc,phases      ] GC(224)   Evacuate Collection Set: 0.3ms
[46.886s][info][gc,phases      ] GC(224)   Post Evacuate Collection Set: 1.4ms
[46.886s][info][gc,phases      ] GC(224)   Other: 0.1ms
[46.886s][info][gc,heap        ] GC(224) Eden regions: 325->0(325)
[46.886s][info][gc,heap        ] GC(224) Survivor regions: 1->1(41)
[46.886s][info][gc,heap        ] GC(224) Old regions: 23->23
[46.886s][info][gc,heap        ] GC(224) Archive regions: 0->0
[46.886s][info][gc,heap        ] GC(224) Humongous regions: 0->0
[46.886s][info][gc,metaspace   ] GC(224) Metaspace: 14231K(15104K)->14231K(15104K) NonClass: 12281K(12864K)->12281K(12864K) Class: 1950K(2240K)->1950K(2240K)
[46.886s][info][gc             ] GC(224) Pause Young (Normal) (G1 Evacuation Pause) 334M->9M(544M) 2.403ms
[46.886s][info][gc,cpu         ] GC(224) User=0.00s Sys=0.00s Real=0.00s
[47.079s][info][gc,start       ] GC(225) Pause Young (Normal) (G1 Evacuation Pause)
[47.079s][info][gc,task        ] GC(225) Using 33 workers of 33 for evacuation
[47.081s][info][gc,phases      ] GC(225)   Pre Evacuate Collection Set: 0.2ms
[47.081s][info][gc,phases      ] GC(225)   Merge Heap Roots: 0.2ms
[47.081s][info][gc,phases      ] GC(225)   Evacuate Collection Set: 0.3ms
[47.081s][info][gc,phases      ] GC(225)   Post Evacuate Collection Set: 1.4ms
[47.081s][info][gc,phases      ] GC(225)   Other: 0.1ms
[47.081s][info][gc,heap        ] GC(225) Eden regions: 325->0(325)
[47.081s][info][gc,heap        ] GC(225) Survivor regions: 1->1(41)
[47.081s][info][gc,heap        ] GC(225) Old regions: 23->23
[47.081s][info][gc,heap        ] GC(225) Archive regions: 0->0
[47.081s][info][gc,heap        ] GC(225) Humongous regions: 0->0
[47.081s][info][gc,metaspace   ] GC(225) Metaspace: 14231K(15104K)->14231K(15104K) NonClass: 12281K(12864K)->12281K(12864K) Class: 1950K(2240K)->1950K(2240K)
[47.081s][info][gc             ] GC(225) Pause Young (Normal) (G1 Evacuation Pause) 334M->9M(544M) 2.356ms
[47.081s][info][gc,cpu         ] GC(225) User=0.00s Sys=0.00s Real=0.00s
[47.274s][info][gc,start       ] GC(226) Pause Young (Normal) (G1 Evacuation Pause)
[47.274s][info][gc,task        ] GC(226) Using 33 workers of 33 for evacuation
[47.276s][info][gc,phases      ] GC(226)   Pre Evacuate Collection Set: 0.1ms
[47.276s][info][gc,phases      ] GC(226)   Merge Heap Roots: 0.2ms
[47.276s][info][gc,phases      ] GC(226)   Evacuate Collection Set: 0.3ms
[47.276s][info][gc,phases      ] GC(226)   Post Evacuate Collection Set: 1.4ms
[47.276s][info][gc,phases      ] GC(226)   Other: 0.1ms
[47.277s][info][gc,heap        ] GC(226) Eden regions: 325->0(325)
[47.277s][info][gc,heap        ] GC(226) Survivor regions: 1->1(41)
[47.277s][info][gc,heap        ] GC(226) Old regions: 23->23
[47.277s][info][gc,heap        ] GC(226) Archive regions: 0->0
[47.277s][info][gc,heap        ] GC(226) Humongous regions: 0->0
[47.277s][info][gc,metaspace   ] GC(226) Metaspace: 14231K(15104K)->14231K(15104K) NonClass: 12281K(12864K)->12281K(12864K) Class: 1950K(2240K)->1950K(2240K)
[47.277s][info][gc             ] GC(226) Pause Young (Normal) (G1 Evacuation Pause) 334M->9M(544M) 2.362ms
[47.277s][info][gc,cpu         ] GC(226) User=0.00s Sys=0.00s Real=0.00s
[47.469s][info][gc,start       ] GC(227) Pause Young (Normal) (G1 Evacuation Pause)
[47.469s][info][gc,task        ] GC(227) Using 33 workers of 33 for evacuation
[47.472s][info][gc,phases      ] GC(227)   Pre Evacuate Collection Set: 0.2ms
[47.472s][info][gc,phases      ] GC(227)   Merge Heap Roots: 0.2ms
[47.472s][info][gc,phases      ] GC(227)   Evacuate Collection Set: 0.3ms
[47.472s][info][gc,phases      ] GC(227)   Post Evacuate Collection Set: 1.5ms
[47.472s][info][gc,phases      ] GC(227)   Other: 0.1ms
[47.472s][info][gc,heap        ] GC(227) Eden regions: 325->0(325)
[47.472s][info][gc,heap        ] GC(227) Survivor regions: 1->1(41)
[47.472s][info][gc,heap        ] GC(227) Old regions: 23->23
[47.472s][info][gc,heap        ] GC(227) Archive regions: 0->0
[47.472s][info][gc,heap        ] GC(227) Humongous regions: 0->0
[47.472s][info][gc,metaspace   ] GC(227) Metaspace: 14231K(15104K)->14231K(15104K) NonClass: 12281K(12864K)->12281K(12864K) Class: 1950K(2240K)->1950K(2240K)
[47.472s][info][gc             ] GC(227) Pause Young (Normal) (G1 Evacuation Pause) 334M->9M(544M) 2.471ms
[47.472s][info][gc,cpu         ] GC(227) User=0.00s Sys=0.00s Real=0.00s
[47.663s][info][gc,start       ] GC(228) Pause Young (Normal) (G1 Evacuation Pause)
[47.663s][info][gc,task        ] GC(228) Using 33 workers of 33 for evacuation
[47.666s][info][gc,phases      ] GC(228)   Pre Evacuate Collection Set: 0.1ms
[47.666s][info][gc,phases      ] GC(228)   Merge Heap Roots: 0.2ms
[47.666s][info][gc,phases      ] GC(228)   Evacuate Collection Set: 0.3ms
[47.666s][info][gc,phases      ] GC(228)   Post Evacuate Collection Set: 1.5ms
[47.666s][info][gc,phases      ] GC(228)   Other: 0.1ms
[47.666s][info][gc,heap        ] GC(228) Eden regions: 325->0(325)
[47.666s][info][gc,heap        ] GC(228) Survivor regions: 1->1(41)
[47.666s][info][gc,heap        ] GC(228) Old regions: 23->23
[47.666s][info][gc,heap        ] GC(228) Archive regions: 0->0
[47.666s][info][gc,heap        ] GC(228) Humongous regions: 0->0
[47.666s][info][gc,metaspace   ] GC(228) Metaspace: 14231K(15104K)->14231K(15104K) NonClass: 12281K(12864K)->12281K(12864K) Class: 1950K(2240K)->1950K(2240K)
[47.666s][info][gc             ] GC(228) Pause Young (Normal) (G1 Evacuation Pause) 334M->9M(544M) 2.429ms
[47.666s][info][gc,cpu         ] GC(228) User=0.00s Sys=0.00s Real=0.00s
[47.858s][info][gc,start       ] GC(229) Pause Young (Normal) (G1 Evacuation Pause)
[47.858s][info][gc,task        ] GC(229) Using 33 workers of 33 for evacuation
[47.860s][info][gc,phases      ] GC(229)   Pre Evacuate Collection Set: 0.1ms
[47.860s][info][gc,phases      ] GC(229)   Merge Heap Roots: 0.1ms
[47.860s][info][gc,phases      ] GC(229)   Evacuate Collection Set: 0.3ms
[47.860s][info][gc,phases      ] GC(229)   Post Evacuate Collection Set: 1.5ms
[47.860s][info][gc,phases      ] GC(229)   Other: 0.1ms
[47.860s][info][gc,heap        ] GC(229) Eden regions: 325->0(325)
[47.860s][info][gc,heap        ] GC(229) Survivor regions: 1->1(41)
[47.860s][info][gc,heap        ] GC(229) Old regions: 23->23
[47.860s][info][gc,heap        ] GC(229) Archive regions: 0->0
[47.860s][info][gc,heap        ] GC(229) Humongous regions: 0->0
[47.860s][info][gc,metaspace   ] GC(229) Metaspace: 14231K(15104K)->14231K(15104K) NonClass: 12281K(12864K)->12281K(12864K) Class: 1950K(2240K)->1950K(2240K)
[47.860s][info][gc             ] GC(229) Pause Young (Normal) (G1 Evacuation Pause) 334M->9M(544M) 2.463ms
[47.860s][info][gc,cpu         ] GC(229) User=0.00s Sys=0.00s Real=0.00s
[48.055s][info][gc,start       ] GC(230) Pause Young (Normal) (G1 Evacuation Pause)
[48.055s][info][gc,task        ] GC(230) Using 33 workers of 33 for evacuation
[48.057s][info][gc,phases      ] GC(230)   Pre Evacuate Collection Set: 0.1ms
[48.057s][info][gc,phases      ] GC(230)   Merge Heap Roots: 0.2ms
[48.057s][info][gc,phases      ] GC(230)   Evacuate Collection Set: 0.4ms
[48.057s][info][gc,phases      ] GC(230)   Post Evacuate Collection Set: 1.6ms
[48.057s][info][gc,phases      ] GC(230)   Other: 0.1ms
[48.057s][info][gc,heap        ] GC(230) Eden regions: 325->0(325)
[48.057s][info][gc,heap        ] GC(230) Survivor regions: 1->1(41)
[48.057s][info][gc,heap        ] GC(230) Old regions: 23->23
[48.057s][info][gc,heap        ] GC(230) Archive regions: 0->0
[48.057s][info][gc,heap        ] GC(230) Humongous regions: 0->0
[48.057s][info][gc,metaspace   ] GC(230) Metaspace: 14231K(15104K)->14231K(15104K) NonClass: 12281K(12864K)->12281K(12864K) Class: 1950K(2240K)->1950K(2240K)
[48.057s][info][gc             ] GC(230) Pause Young (Normal) (G1 Evacuation Pause) 334M->9M(544M) 2.557ms
[48.057s][info][gc,cpu         ] GC(230) User=0.00s Sys=0.00s Real=0.00s
[48.253s][info][gc,start       ] GC(231) Pause Young (Normal) (G1 Evacuation Pause)
[48.253s][info][gc,task        ] GC(231) Using 33 workers of 33 for evacuation
[48.255s][info][gc,phases      ] GC(231)   Pre Evacuate Collection Set: 0.2ms
[48.255s][info][gc,phases      ] GC(231)   Merge Heap Roots: 0.2ms
[48.255s][info][gc,phases      ] GC(231)   Evacuate Collection Set: 0.3ms
[48.255s][info][gc,phases      ] GC(231)   Post Evacuate Collection Set: 1.6ms
[48.255s][info][gc,phases      ] GC(231)   Other: 0.1ms
[48.255s][info][gc,heap        ] GC(231) Eden regions: 325->0(325)
[48.255s][info][gc,heap        ] GC(231) Survivor regions: 1->1(41)
[48.255s][info][gc,heap        ] GC(231) Old regions: 23->23
[48.255s][info][gc,heap        ] GC(231) Archive regions: 0->0
[48.255s][info][gc,heap        ] GC(231) Humongous regions: 0->0
[48.255s][info][gc,metaspace   ] GC(231) Metaspace: 14231K(15104K)->14231K(15104K) NonClass: 12281K(12864K)->12281K(12864K) Class: 1950K(2240K)->1950K(2240K)
[48.255s][info][gc             ] GC(231) Pause Young (Normal) (G1 Evacuation Pause) 334M->9M(544M) 2.591ms
[48.255s][info][gc,cpu         ] GC(231) User=0.00s Sys=0.00s Real=0.00s
[48.453s][info][gc,start       ] GC(232) Pause Young (Normal) (G1 Evacuation Pause)
[48.454s][info][gc,task        ] GC(232) Using 33 workers of 33 for evacuation
[48.456s][info][gc,phases      ] GC(232)   Pre Evacuate Collection Set: 0.2ms
[48.456s][info][gc,phases      ] GC(232)   Merge Heap Roots: 0.2ms
[48.456s][info][gc,phases      ] GC(232)   Evacuate Collection Set: 0.3ms
[48.456s][info][gc,phases      ] GC(232)   Post Evacuate Collection Set: 1.6ms
[48.456s][info][gc,phases      ] GC(232)   Other: 0.1ms
[48.456s][info][gc,heap        ] GC(232) Eden regions: 325->0(325)
[48.456s][info][gc,heap        ] GC(232) Survivor regions: 1->1(41)
[48.456s][info][gc,heap        ] GC(232) Old regions: 23->23
[48.456s][info][gc,heap        ] GC(232) Archive regions: 0->0
[48.456s][info][gc,heap        ] GC(232) Humongous regions: 0->0
[48.456s][info][gc,metaspace   ] GC(232) Metaspace: 14231K(15104K)->14231K(15104K) NonClass: 12281K(12864K)->12281K(12864K) Class: 1950K(2240K)->1950K(2240K)
[48.456s][info][gc             ] GC(232) Pause Young (Normal) (G1 Evacuation Pause) 334M->9M(544M) 2.597ms
[48.456s][info][gc,cpu         ] GC(232) User=0.00s Sys=0.00s Real=0.00s
[48.665s][info][gc,start       ] GC(233) Pause Young (Normal) (G1 Evacuation Pause)
[48.665s][info][gc,task        ] GC(233) Using 33 workers of 33 for evacuation
[48.667s][info][gc,phases      ] GC(233)   Pre Evacuate Collection Set: 0.1ms
[48.667s][info][gc,phases      ] GC(233)   Merge Heap Roots: 0.1ms
[48.667s][info][gc,phases      ] GC(233)   Evacuate Collection Set: 0.3ms
[48.667s][info][gc,phases      ] GC(233)   Post Evacuate Collection Set: 1.6ms
[48.668s][info][gc,phases      ] GC(233)   Other: 0.1ms
[48.668s][info][gc,heap        ] GC(233) Eden regions: 325->0(325)
[48.668s][info][gc,heap        ] GC(233) Survivor regions: 1->1(41)
[48.668s][info][gc,heap        ] GC(233) Old regions: 23->23
[48.668s][info][gc,heap        ] GC(233) Archive regions: 0->0
[48.668s][info][gc,heap        ] GC(233) Humongous regions: 0->0
[48.668s][info][gc,metaspace   ] GC(233) Metaspace: 14231K(15104K)->14231K(15104K) NonClass: 12281K(12864K)->12281K(12864K) Class: 1950K(2240K)->1950K(2240K)
[48.668s][info][gc             ] GC(233) Pause Young (Normal) (G1 Evacuation Pause) 334M->9M(544M) 2.596ms
[48.668s][info][gc,cpu         ] GC(233) User=0.00s Sys=0.00s Real=0.00s
[48.896s][info][gc,start       ] GC(234) Pause Young (Normal) (G1 Evacuation Pause)
[48.896s][info][gc,task        ] GC(234) Using 33 workers of 33 for evacuation
[48.899s][info][gc,phases      ] GC(234)   Pre Evacuate Collection Set: 0.2ms
[48.899s][info][gc,phases      ] GC(234)   Merge Heap Roots: 0.2ms
[48.899s][info][gc,phases      ] GC(234)   Evacuate Collection Set: 0.3ms
[48.899s][info][gc,phases      ] GC(234)   Post Evacuate Collection Set: 1.7ms
[48.899s][info][gc,phases      ] GC(234)   Other: 0.1ms
[48.899s][info][gc,heap        ] GC(234) Eden regions: 325->0(325)
[48.899s][info][gc,heap        ] GC(234) Survivor regions: 1->1(41)
[48.899s][info][gc,heap        ] GC(234) Old regions: 23->24
[48.899s][info][gc,heap        ] GC(234) Archive regions: 0->0
[48.899s][info][gc,heap        ] GC(234) Humongous regions: 0->0
[48.899s][info][gc,metaspace   ] GC(234) Metaspace: 14231K(15104K)->14231K(15104K) NonClass: 12281K(12864K)->12281K(12864K) Class: 1950K(2240K)->1950K(2240K)
[48.899s][info][gc             ] GC(234) Pause Young (Normal) (G1 Evacuation Pause) 334M->9M(544M) 2.762ms
[48.899s][info][gc,cpu         ] GC(234) User=0.00s Sys=0.00s Real=0.00s
[49.062s][info][gc,start       ] GC(235) Pause Young (Normal) (G1 Evacuation Pause)
[49.062s][info][gc,task        ] GC(235) Using 33 workers of 33 for evacuation
[49.065s][info][gc,phases      ] GC(235)   Pre Evacuate Collection Set: 0.1ms
[49.065s][info][gc,phases      ] GC(235)   Merge Heap Roots: 0.2ms
[49.065s][info][gc,phases      ] GC(235)   Evacuate Collection Set: 0.4ms
[49.065s][info][gc,phases      ] GC(235)   Post Evacuate Collection Set: 1.7ms
[49.065s][info][gc,phases      ] GC(235)   Other: 0.1ms
[49.065s][info][gc,heap        ] GC(235) Eden regions: 325->0(325)
[49.065s][info][gc,heap        ] GC(235) Survivor regions: 1->1(41)
[49.065s][info][gc,heap        ] GC(235) Old regions: 24->24
[49.065s][info][gc,heap        ] GC(235) Archive regions: 0->0
[49.065s][info][gc,heap        ] GC(235) Humongous regions: 0->0
[49.065s][info][gc,metaspace   ] GC(235) Metaspace: 14231K(15104K)->14231K(15104K) NonClass: 12281K(12864K)->12281K(12864K) Class: 1950K(2240K)->1950K(2240K)
[49.065s][info][gc             ] GC(235) Pause Young (Normal) (G1 Evacuation Pause) 334M->9M(544M) 2.712ms
[49.065s][info][gc,cpu         ] GC(235) User=0.52s Sys=0.00s Real=0.00s
[49.242s][info][gc,start       ] GC(236) Pause Full (System.gc())
[49.242s][info][gc,task        ] GC(236) Using 23 workers of 33 for full compaction
[49.243s][info][gc,phases,start] GC(236) Phase 1: Mark live objects
[49.250s][info][gc,phases      ] GC(236) Phase 1: Mark live objects 6.333ms
[49.250s][info][gc,phases,start] GC(236) Phase 2: Prepare compaction
[49.251s][info][gc,phases      ] GC(236) Phase 2: Prepare compaction 0.899ms
[49.251s][info][gc,phases,start] GC(236) Phase 3: Adjust pointers
[49.256s][info][gc,phases      ] GC(236) Phase 3: Adjust pointers 4.890ms
[49.256s][info][gc,phases,start] GC(236) Phase 4: Compact heap
[49.256s][info][gc,phases      ] GC(236) Phase 4: Compact heap 0.494ms
[49.262s][info][gc,heap        ] GC(236) Eden regions: 191->0(40)
[49.262s][info][gc,heap        ] GC(236) Survivor regions: 1->0(41)
[49.262s][info][gc,heap        ] GC(236) Old regions: 24->20
[49.262s][info][gc,heap        ] GC(236) Archive regions: 0->0
[49.262s][info][gc,heap        ] GC(236) Humongous regions: 0->0
[49.262s][info][gc,metaspace   ] GC(236) Metaspace: 14231K(15104K)->14231K(15104K) NonClass: 12281K(12864K)->12281K(12864K) Class: 1950K(2240K)->1950K(2240K)
[49.262s][info][gc             ] GC(236) Pause Full (System.gc()) 200M->5M(67M) 20.344ms
[49.263s][info][gc,cpu         ] GC(236) User=0.08s Sys=0.00s Real=0.02s
[49.296s][info][gc,start       ] GC(237) Pause Young (Normal) (G1 Evacuation Pause)
[49.296s][info][gc,task        ] GC(237) Using 33 workers of 33 for evacuation
[49.298s][info][gc,phases      ] GC(237)   Pre Evacuate Collection Set: 0.1ms
[49.298s][info][gc,phases      ] GC(237)   Merge Heap Roots: 0.1ms
[49.298s][info][gc,phases      ] GC(237)   Evacuate Collection Set: 0.5ms
[49.298s][info][gc,phases      ] GC(237)   Post Evacuate Collection Set: 1.5ms
[49.298s][info][gc,phases      ] GC(237)   Other: 0.1ms
[49.298s][info][gc,heap        ] GC(237) Eden regions: 40->0(38)
[49.298s][info][gc,heap        ] GC(237) Survivor regions: 0->2(5)
[49.298s][info][gc,heap        ] GC(237) Old regions: 20->20
[49.298s][info][gc,heap        ] GC(237) Archive regions: 0->0
[49.298s][info][gc,heap        ] GC(237) Humongous regions: 0->0
[49.298s][info][gc,metaspace   ] GC(237) Metaspace: 14232K(15104K)->14232K(15104K) NonClass: 12282K(12864K)->12282K(12864K) Class: 1950K(2240K)->1950K(2240K)
[49.298s][info][gc             ] GC(237) Pause Young (Normal) (G1 Evacuation Pause) 45M->6M(67M) 2.417ms
[49.298s][info][gc,cpu         ] GC(237) User=0.52s Sys=0.00s Real=0.00s
[49.318s][info][gc,start       ] GC(238) Pause Young (Normal) (G1 Evacuation Pause)
[49.318s][info][gc,task        ] GC(238) Using 33 workers of 33 for evacuation
[49.320s][info][gc,phases      ] GC(238)   Pre Evacuate Collection Set: 0.1ms
[49.320s][info][gc,phases      ] GC(238)   Merge Heap Roots: 0.1ms
[49.320s][info][gc,phases      ] GC(238)   Evacuate Collection Set: 0.4ms
[49.320s][info][gc,phases      ] GC(238)   Post Evacuate Collection Set: 1.3ms
[49.320s][info][gc,phases      ] GC(238)   Other: 0.1ms
[49.320s][info][gc,heap        ] GC(238) Eden regions: 38->0(38)
[49.320s][info][gc,heap        ] GC(238) Survivor regions: 2->2(5)
[49.320s][info][gc,heap        ] GC(238) Old regions: 20->20
[49.320s][info][gc,heap        ] GC(238) Archive regions: 0->0
[49.320s][info][gc,heap        ] GC(238) Humongous regions: 0->0
[49.320s][info][gc,metaspace   ] GC(238) Metaspace: 14232K(15104K)->14232K(15104K) NonClass: 12282K(12864K)->12282K(12864K) Class: 1950K(2240K)->1950K(2240K)
[49.320s][info][gc             ] GC(238) Pause Young (Normal) (G1 Evacuation Pause) 44M->6M(67M) 2.122ms
[49.320s][info][gc,cpu         ] GC(238) User=0.00s Sys=0.00s Real=0.00s
[49.340s][info][gc,start       ] GC(239) Pause Young (Normal) (G1 Evacuation Pause)
[49.340s][info][gc,task        ] GC(239) Using 33 workers of 33 for evacuation
[49.342s][info][gc,phases      ] GC(239)   Pre Evacuate Collection Set: 0.1ms
[49.342s][info][gc,phases      ] GC(239)   Merge Heap Roots: 0.1ms
[49.342s][info][gc,phases      ] GC(239)   Evacuate Collection Set: 0.4ms
[49.342s][info][gc,phases      ] GC(239)   Post Evacuate Collection Set: 1.3ms
[49.342s][info][gc,phases      ] GC(239)   Other: 0.1ms
[49.342s][info][gc,heap        ] GC(239) Eden regions: 38->0(38)
[49.342s][info][gc,heap        ] GC(239) Survivor regions: 2->2(5)
[49.342s][info][gc,heap        ] GC(239) Old regions: 20->20
[49.342s][info][gc,heap        ] GC(239) Archive regions: 0->0
[49.342s][info][gc,heap        ] GC(239) Humongous regions: 0->0
[49.342s][info][gc,metaspace   ] GC(239) Metaspace: 14232K(15104K)->14232K(15104K) NonClass: 12282K(12864K)->12282K(12864K) Class: 1950K(2240K)->1950K(2240K)
[49.342s][info][gc             ] GC(239) Pause Young (Normal) (G1 Evacuation Pause) 44M->6M(67M) 2.163ms
[49.342s][info][gc,cpu         ] GC(239) User=0.00s Sys=0.00s Real=0.00s
[49.363s][info][gc,start       ] GC(240) Pause Young (Normal) (G1 Evacuation Pause)
[49.363s][info][gc,task        ] GC(240) Using 33 workers of 33 for evacuation
[49.367s][info][gc,phases      ] GC(240)   Pre Evacuate Collection Set: 0.1ms
[49.367s][info][gc,phases      ] GC(240)   Merge Heap Roots: 0.1ms
[49.367s][info][gc,phases      ] GC(240)   Evacuate Collection Set: 0.4ms
[49.367s][info][gc,phases      ] GC(240)   Post Evacuate Collection Set: 3.3ms
[49.367s][info][gc,phases      ] GC(240)   Other: 0.1ms
[49.367s][info][gc,heap        ] GC(240) Eden regions: 38->0(325)
[49.367s][info][gc,heap        ] GC(240) Survivor regions: 2->2(5)
[49.367s][info][gc,heap        ] GC(240) Old regions: 20->20
[49.367s][info][gc,heap        ] GC(240) Archive regions: 0->0
[49.367s][info][gc,heap        ] GC(240) Humongous regions: 0->0
[49.367s][info][gc,metaspace   ] GC(240) Metaspace: 14232K(15104K)->14232K(15104K) NonClass: 12282K(12864K)->12282K(12864K) Class: 1950K(2240K)->1950K(2240K)
[49.367s][info][gc             ] GC(240) Pause Young (Normal) (G1 Evacuation Pause) 44M->6M(546M) 4.110ms
[49.367s][info][gc,cpu         ] GC(240) User=0.00s Sys=0.00s Real=0.00s
[49.536s][info][gc,start       ] GC(241) Pause Young (Normal) (G1 Evacuation Pause)
[49.536s][info][gc,task        ] GC(241) Using 33 workers of 33 for evacuation
[49.538s][info][gc,phases      ] GC(241)   Pre Evacuate Collection Set: 0.1ms
[49.538s][info][gc,phases      ] GC(241)   Merge Heap Roots: 0.1ms
[49.538s][info][gc,phases      ] GC(241)   Evacuate Collection Set: 0.4ms
[49.538s][info][gc,phases      ] GC(241)   Post Evacuate Collection Set: 1.7ms
[49.538s][info][gc,phases      ] GC(241)   Other: 0.1ms
[49.538s][info][gc,heap        ] GC(241) Eden regions: 325->0(325)
[49.538s][info][gc,heap        ] GC(241) Survivor regions: 2->2(41)
[49.538s][info][gc,heap        ] GC(241) Old regions: 20->20
[49.538s][info][gc,heap        ] GC(241) Archive regions: 0->0
[49.538s][info][gc,heap        ] GC(241) Humongous regions: 0->0
[49.538s][info][gc,metaspace   ] GC(241) Metaspace: 14232K(15104K)->14232K(15104K) NonClass: 12282K(12864K)->12282K(12864K) Class: 1950K(2240K)->1950K(2240K)
[49.538s][info][gc             ] GC(241) Pause Young (Normal) (G1 Evacuation Pause) 331M->6M(546M) 2.752ms
[49.538s][info][gc,cpu         ] GC(241) User=0.00s Sys=0.00s Real=0.00s
[49.712s][info][gc,start       ] GC(242) Pause Young (Normal) (G1 Evacuation Pause)
[49.712s][info][gc,task        ] GC(242) Using 33 workers of 33 for evacuation
[49.715s][info][gc,phases      ] GC(242)   Pre Evacuate Collection Set: 0.1ms
[49.715s][info][gc,phases      ] GC(242)   Merge Heap Roots: 0.1ms
[49.715s][info][gc,phases      ] GC(242)   Evacuate Collection Set: 0.5ms
[49.715s][info][gc,phases      ] GC(242)   Post Evacuate Collection Set: 1.8ms
[49.715s][info][gc,phases      ] GC(242)   Other: 0.1ms
[49.715s][info][gc,heap        ] GC(242) Eden regions: 325->0(325)
[49.715s][info][gc,heap        ] GC(242) Survivor regions: 2->2(41)
[49.715s][info][gc,heap        ] GC(242) Old regions: 20->20
[49.715s][info][gc,heap        ] GC(242) Archive regions: 0->0
[49.715s][info][gc,heap        ] GC(242) Humongous regions: 0->0
[49.715s][info][gc,metaspace   ] GC(242) Metaspace: 14232K(15104K)->14232K(15104K) NonClass: 12282K(12864K)->12282K(12864K) Class: 1950K(2240K)->1950K(2240K)
[49.715s][info][gc             ] GC(242) Pause Young (Normal) (G1 Evacuation Pause) 331M->6M(546M) 2.826ms
[49.715s][info][gc,cpu         ] GC(242) User=0.00s Sys=0.00s Real=0.00s
[50.030s][info][gc,start       ] GC(243) Pause Young (Normal) (G1 Evacuation Pause)
[50.030s][info][gc,task        ] GC(243) Using 33 workers of 33 for evacuation
[50.034s][info][gc,phases      ] GC(243)   Pre Evacuate Collection Set: 0.2ms
[50.034s][info][gc,phases      ] GC(243)   Merge Heap Roots: 0.2ms
[50.034s][info][gc,phases      ] GC(243)   Evacuate Collection Set: 0.8ms
[50.034s][info][gc,phases      ] GC(243)   Post Evacuate Collection Set: 2.4ms
[50.034s][info][gc,phases      ] GC(243)   Other: 0.3ms
[50.034s][info][gc,heap        ] GC(243) Eden regions: 325->0(325)
[50.034s][info][gc,heap        ] GC(243) Survivor regions: 2->2(41)
[50.034s][info][gc,heap        ] GC(243) Old regions: 20->20
[50.034s][info][gc,heap        ] GC(243) Archive regions: 0->0
[50.034s][info][gc,heap        ] GC(243) Humongous regions: 0->0
[50.034s][info][gc,metaspace   ] GC(243) Metaspace: 14232K(15104K)->14232K(15104K) NonClass: 12282K(12864K)->12282K(12864K) Class: 1950K(2240K)->1950K(2240K)
[50.034s][info][gc             ] GC(243) Pause Young (Normal) (G1 Evacuation Pause) 331M->6M(546M) 4.493ms
[50.034s][info][gc,cpu         ] GC(243) User=0.00s Sys=0.00s Real=0.00s
[50.212s][info][gc,start       ] GC(244) Pause Young (Normal) (G1 Evacuation Pause)
[50.212s][info][gc,task        ] GC(244) Using 33 workers of 33 for evacuation
[50.214s][info][gc,phases      ] GC(244)   Pre Evacuate Collection Set: 0.1ms
[50.214s][info][gc,phases      ] GC(244)   Merge Heap Roots: 0.1ms
[50.214s][info][gc,phases      ] GC(244)   Evacuate Collection Set: 0.5ms
[50.214s][info][gc,phases      ] GC(244)   Post Evacuate Collection Set: 1.7ms
[50.214s][info][gc,phases      ] GC(244)   Other: 0.1ms
[50.214s][info][gc,heap        ] GC(244) Eden regions: 325->0(325)
[50.214s][info][gc,heap        ] GC(244) Survivor regions: 2->2(41)
[50.214s][info][gc,heap        ] GC(244) Old regions: 20->20
[50.214s][info][gc,heap        ] GC(244) Archive regions: 0->0
[50.214s][info][gc,heap        ] GC(244) Humongous regions: 0->0
[50.214s][info][gc,metaspace   ] GC(244) Metaspace: 14232K(15104K)->14232K(15104K) NonClass: 12282K(12864K)->12282K(12864K) Class: 1950K(2240K)->1950K(2240K)
[50.214s][info][gc             ] GC(244) Pause Young (Normal) (G1 Evacuation Pause) 331M->6M(546M) 2.727ms
[50.214s][info][gc,cpu         ] GC(244) User=0.00s Sys=0.00s Real=0.00s
[50.388s][info][gc,start       ] GC(245) Pause Young (Normal) (G1 Evacuation Pause)
[50.388s][info][gc,task        ] GC(245) Using 33 workers of 33 for evacuation
[50.391s][info][gc,phases      ] GC(245)   Pre Evacuate Collection Set: 0.1ms
[50.391s][info][gc,phases      ] GC(245)   Merge Heap Roots: 0.1ms
[50.391s][info][gc,phases      ] GC(245)   Evacuate Collection Set: 0.5ms
[50.391s][info][gc,phases      ] GC(245)   Post Evacuate Collection Set: 1.5ms
[50.391s][info][gc,phases      ] GC(245)   Other: 0.1ms
[50.391s][info][gc,heap        ] GC(245) Eden regions: 325->0(325)
[50.391s][info][gc,heap        ] GC(245) Survivor regions: 2->2(41)
[50.391s][info][gc,heap        ] GC(245) Old regions: 20->20
[50.391s][info][gc,heap        ] GC(245) Archive regions: 0->0
[50.391s][info][gc,heap        ] GC(245) Humongous regions: 0->0
[50.391s][info][gc,metaspace   ] GC(245) Metaspace: 14232K(15104K)->14232K(15104K) NonClass: 12282K(12864K)->12282K(12864K) Class: 1950K(2240K)->1950K(2240K)
[50.391s][info][gc             ] GC(245) Pause Young (Normal) (G1 Evacuation Pause) 331M->6M(546M) 2.608ms
[50.391s][info][gc,cpu         ] GC(245) User=0.52s Sys=0.00s Real=0.00s
[50.566s][info][gc,start       ] GC(246) Pause Young (Normal) (G1 Evacuation Pause)
[50.566s][info][gc,task        ] GC(246) Using 33 workers of 33 for evacuation
[50.568s][info][gc,phases      ] GC(246)   Pre Evacuate Collection Set: 0.1ms
[50.568s][info][gc,phases      ] GC(246)   Merge Heap Roots: 0.1ms
[50.568s][info][gc,phases      ] GC(246)   Evacuate Collection Set: 0.5ms
[50.568s][info][gc,phases      ] GC(246)   Post Evacuate Collection Set: 1.5ms
[50.568s][info][gc,phases      ] GC(246)   Other: 0.1ms
[50.568s][info][gc,heap        ] GC(246) Eden regions: 325->0(325)
[50.568s][info][gc,heap        ] GC(246) Survivor regions: 2->2(41)
[50.568s][info][gc,heap        ] GC(246) Old regions: 20->20
[50.568s][info][gc,heap        ] GC(246) Archive regions: 0->0
[50.568s][info][gc,heap        ] GC(246) Humongous regions: 0->0
[50.568s][info][gc,metaspace   ] GC(246) Metaspace: 14232K(15104K)->14232K(15104K) NonClass: 12282K(12864K)->12282K(12864K) Class: 1950K(2240K)->1950K(2240K)
[50.568s][info][gc             ] GC(246) Pause Young (Normal) (G1 Evacuation Pause) 331M->6M(546M) 2.605ms
[50.568s][info][gc,cpu         ] GC(246) User=0.00s Sys=0.00s Real=0.00s
[50.744s][info][gc,start       ] GC(247) Pause Young (Normal) (G1 Evacuation Pause)
[50.744s][info][gc,task        ] GC(247) Using 33 workers of 33 for evacuation
[50.746s][info][gc,phases      ] GC(247)   Pre Evacuate Collection Set: 0.1ms
[50.746s][info][gc,phases      ] GC(247)   Merge Heap Roots: 0.1ms
[50.746s][info][gc,phases      ] GC(247)   Evacuate Collection Set: 0.5ms
[50.746s][info][gc,phases      ] GC(247)   Post Evacuate Collection Set: 1.3ms
[50.746s][info][gc,phases      ] GC(247)   Other: 0.1ms
[50.746s][info][gc,heap        ] GC(247) Eden regions: 325->0(325)
[50.746s][info][gc,heap        ] GC(247) Survivor regions: 2->2(41)
[50.746s][info][gc,heap        ] GC(247) Old regions: 20->20
[50.746s][info][gc,heap        ] GC(247) Archive regions: 0->0
[50.746s][info][gc,heap        ] GC(247) Humongous regions: 0->0
[50.746s][info][gc,metaspace   ] GC(247) Metaspace: 14232K(15104K)->14232K(15104K) NonClass: 12282K(12864K)->12282K(12864K) Class: 1950K(2240K)->1950K(2240K)
[50.746s][info][gc             ] GC(247) Pause Young (Normal) (G1 Evacuation Pause) 331M->6M(546M) 2.427ms
[50.746s][info][gc,cpu         ] GC(247) User=0.00s Sys=0.00s Real=0.00s
[50.919s][info][gc,start       ] GC(248) Pause Young (Normal) (G1 Evacuation Pause)
[50.919s][info][gc,task        ] GC(248) Using 33 workers of 33 for evacuation
[50.921s][info][gc,phases      ] GC(248)   Pre Evacuate Collection Set: 0.1ms
[50.921s][info][gc,phases      ] GC(248)   Merge Heap Roots: 0.1ms
[50.921s][info][gc,phases      ] GC(248)   Evacuate Collection Set: 0.5ms
[50.921s][info][gc,phases      ] GC(248)   Post Evacuate Collection Set: 1.4ms
[50.921s][info][gc,phases      ] GC(248)   Other: 0.1ms
[50.921s][info][gc,heap        ] GC(248) Eden regions: 325->0(325)
[50.921s][info][gc,heap        ] GC(248) Survivor regions: 2->2(41)
[50.921s][info][gc,heap        ] GC(248) Old regions: 20->20
[50.921s][info][gc,heap        ] GC(248) Archive regions: 0->0
[50.921s][info][gc,heap        ] GC(248) Humongous regions: 0->0
[50.921s][info][gc,metaspace   ] GC(248) Metaspace: 14232K(15104K)->14232K(15104K) NonClass: 12282K(12864K)->12282K(12864K) Class: 1950K(2240K)->1950K(2240K)
[50.921s][info][gc             ] GC(248) Pause Young (Normal) (G1 Evacuation Pause) 331M->6M(546M) 2.442ms
[50.921s][info][gc,cpu         ] GC(248) User=0.00s Sys=0.00s Real=0.00s
[51.093s][info][gc,start       ] GC(249) Pause Young (Normal) (G1 Evacuation Pause)
[51.093s][info][gc,task        ] GC(249) Using 33 workers of 33 for evacuation
[51.095s][info][gc,phases      ] GC(249)   Pre Evacuate Collection Set: 0.1ms
[51.095s][info][gc,phases      ] GC(249)   Merge Heap Roots: 0.1ms
[51.095s][info][gc,phases      ] GC(249)   Evacuate Collection Set: 0.5ms
[51.095s][info][gc,phases      ] GC(249)   Post Evacuate Collection Set: 1.4ms
[51.095s][info][gc,phases      ] GC(249)   Other: 0.1ms
[51.095s][info][gc,heap        ] GC(249) Eden regions: 325->0(325)
[51.095s][info][gc,heap        ] GC(249) Survivor regions: 2->2(41)
[51.095s][info][gc,heap        ] GC(249) Old regions: 20->20
[51.095s][info][gc,heap        ] GC(249) Archive regions: 0->0
[51.095s][info][gc,heap        ] GC(249) Humongous regions: 0->0
[51.095s][info][gc,metaspace   ] GC(249) Metaspace: 14232K(15104K)->14232K(15104K) NonClass: 12282K(12864K)->12282K(12864K) Class: 1950K(2240K)->1950K(2240K)
[51.095s][info][gc             ] GC(249) Pause Young (Normal) (G1 Evacuation Pause) 331M->6M(546M) 2.456ms
[51.095s][info][gc,cpu         ] GC(249) User=0.38s Sys=0.00s Real=0.00s
[51.269s][info][gc,start       ] GC(250) Pause Young (Normal) (G1 Evacuation Pause)
[51.269s][info][gc,task        ] GC(250) Using 33 workers of 33 for evacuation
[51.272s][info][gc,phases      ] GC(250)   Pre Evacuate Collection Set: 0.1ms
[51.272s][info][gc,phases      ] GC(250)   Merge Heap Roots: 0.1ms
[51.272s][info][gc,phases      ] GC(250)   Evacuate Collection Set: 0.4ms
[51.272s][info][gc,phases      ] GC(250)   Post Evacuate Collection Set: 1.4ms
[51.272s][info][gc,phases      ] GC(250)   Other: 0.1ms
[51.272s][info][gc,heap        ] GC(250) Eden regions: 325->0(325)
[51.272s][info][gc,heap        ] GC(250) Survivor regions: 2->2(41)
[51.272s][info][gc,heap        ] GC(250) Old regions: 20->20
[51.272s][info][gc,heap        ] GC(250) Archive regions: 0->0
[51.272s][info][gc,heap        ] GC(250) Humongous regions: 0->0
[51.272s][info][gc,metaspace   ] GC(250) Metaspace: 14232K(15104K)->14232K(15104K) NonClass: 12282K(12864K)->12282K(12864K) Class: 1950K(2240K)->1950K(2240K)
[51.272s][info][gc             ] GC(250) Pause Young (Normal) (G1 Evacuation Pause) 331M->6M(546M) 2.475ms
[51.272s][info][gc,cpu         ] GC(250) User=0.00s Sys=0.00s Real=0.00s
[51.443s][info][gc,start       ] GC(251) Pause Young (Normal) (G1 Evacuation Pause)
[51.443s][info][gc,task        ] GC(251) Using 33 workers of 33 for evacuation
[51.446s][info][gc,phases      ] GC(251)   Pre Evacuate Collection Set: 0.1ms
[51.446s][info][gc,phases      ] GC(251)   Merge Heap Roots: 0.1ms
[51.446s][info][gc,phases      ] GC(251)   Evacuate Collection Set: 0.5ms
[51.446s][info][gc,phases      ] GC(251)   Post Evacuate Collection Set: 1.5ms
[51.446s][info][gc,phases      ] GC(251)   Other: 0.1ms
[51.446s][info][gc,heap        ] GC(251) Eden regions: 325->0(325)
[51.446s][info][gc,heap        ] GC(251) Survivor regions: 2->2(41)
[51.446s][info][gc,heap        ] GC(251) Old regions: 20->20
[51.446s][info][gc,heap        ] GC(251) Archive regions: 0->0
[51.446s][info][gc,heap        ] GC(251) Humongous regions: 0->0
[51.446s][info][gc,metaspace   ] GC(251) Metaspace: 14232K(15104K)->14232K(15104K) NonClass: 12282K(12864K)->12282K(12864K) Class: 1950K(2240K)->1950K(2240K)
[51.446s][info][gc             ] GC(251) Pause Young (Normal) (G1 Evacuation Pause) 331M->7M(546M) 2.491ms
[51.446s][info][gc,cpu         ] GC(251) User=0.00s Sys=0.00s Real=0.00s
[51.618s][info][gc,start       ] GC(252) Pause Young (Normal) (G1 Evacuation Pause)
[51.619s][info][gc,task        ] GC(252) Using 33 workers of 33 for evacuation
[51.621s][info][gc,phases      ] GC(252)   Pre Evacuate Collection Set: 0.1ms
[51.621s][info][gc,phases      ] GC(252)   Merge Heap Roots: 0.1ms
[51.621s][info][gc,phases      ] GC(252)   Evacuate Collection Set: 0.5ms
[51.621s][info][gc,phases      ] GC(252)   Post Evacuate Collection Set: 1.5ms
[51.621s][info][gc,phases      ] GC(252)   Other: 0.1ms
[51.621s][info][gc,heap        ] GC(252) Eden regions: 325->0(326)
[51.621s][info][gc,heap        ] GC(252) Survivor regions: 2->1(41)
[51.621s][info][gc,heap        ] GC(252) Old regions: 20->22
[51.621s][info][gc,heap        ] GC(252) Archive regions: 0->0
[51.621s][info][gc,heap        ] GC(252) Humongous regions: 0->0
[51.621s][info][gc,metaspace   ] GC(252) Metaspace: 14232K(15104K)->14232K(15104K) NonClass: 12282K(12864K)->12282K(12864K) Class: 1950K(2240K)->1950K(2240K)
[51.621s][info][gc             ] GC(252) Pause Young (Normal) (G1 Evacuation Pause) 332M->7M(546M) 2.584ms
[51.621s][info][gc,cpu         ] GC(252) User=0.00s Sys=0.00s Real=0.00s
[51.819s][info][gc,start       ] GC(253) Pause Young (Normal) (G1 Evacuation Pause)
[51.819s][info][gc,task        ] GC(253) Using 33 workers of 33 for evacuation
[51.822s][info][gc,phases      ] GC(253)   Pre Evacuate Collection Set: 0.2ms
[51.822s][info][gc,phases      ] GC(253)   Merge Heap Roots: 0.2ms
[51.822s][info][gc,phases      ] GC(253)   Evacuate Collection Set: 0.3ms
[51.822s][info][gc,phases      ] GC(253)   Post Evacuate Collection Set: 1.6ms
[51.822s][info][gc,phases      ] GC(253)   Other: 0.1ms
[51.822s][info][gc,heap        ] GC(253) Eden regions: 326->0(326)
[51.822s][info][gc,heap        ] GC(253) Survivor regions: 1->1(41)
[51.822s][info][gc,heap        ] GC(253) Old regions: 22->22
[51.822s][info][gc,heap        ] GC(253) Archive regions: 0->0
[51.822s][info][gc,heap        ] GC(253) Humongous regions: 0->0
[51.822s][info][gc,metaspace   ] GC(253) Metaspace: 14232K(15104K)->14232K(15104K) NonClass: 12282K(12864K)->12282K(12864K) Class: 1950K(2240K)->1950K(2240K)
[51.822s][info][gc             ] GC(253) Pause Young (Normal) (G1 Evacuation Pause) 333M->7M(546M) 2.576ms
[51.822s][info][gc,cpu         ] GC(253) User=0.00s Sys=0.00s Real=0.00s
[52.018s][info][gc,start       ] GC(254) Pause Young (Normal) (G1 Evacuation Pause)
[52.018s][info][gc,task        ] GC(254) Using 33 workers of 33 for evacuation
[52.020s][info][gc,phases      ] GC(254)   Pre Evacuate Collection Set: 0.2ms
[52.020s][info][gc,phases      ] GC(254)   Merge Heap Roots: 0.2ms
[52.020s][info][gc,phases      ] GC(254)   Evacuate Collection Set: 0.4ms
[52.020s][info][gc,phases      ] GC(254)   Post Evacuate Collection Set: 1.6ms
[52.020s][info][gc,phases      ] GC(254)   Other: 0.1ms
[52.020s][info][gc,heap        ] GC(254) Eden regions: 326->0(326)
[52.020s][info][gc,heap        ] GC(254) Survivor regions: 1->1(41)
[52.020s][info][gc,heap        ] GC(254) Old regions: 22->22
[52.020s][info][gc,heap        ] GC(254) Archive regions: 0->0
[52.020s][info][gc,heap        ] GC(254) Humongous regions: 0->0
[52.020s][info][gc,metaspace   ] GC(254) Metaspace: 14232K(15104K)->14232K(15104K) NonClass: 12282K(12864K)->12282K(12864K) Class: 1950K(2240K)->1950K(2240K)
[52.020s][info][gc             ] GC(254) Pause Young (Normal) (G1 Evacuation Pause) 333M->7M(546M) 2.606ms
[52.020s][info][gc,cpu         ] GC(254) User=0.00s Sys=0.00s Real=0.00s
[52.216s][info][gc,start       ] GC(255) Pause Young (Normal) (G1 Evacuation Pause)
[52.216s][info][gc,task        ] GC(255) Using 33 workers of 33 for evacuation
[52.219s][info][gc,phases      ] GC(255)   Pre Evacuate Collection Set: 0.1ms
[52.219s][info][gc,phases      ] GC(255)   Merge Heap Roots: 0.2ms
[52.219s][info][gc,phases      ] GC(255)   Evacuate Collection Set: 0.4ms
[52.219s][info][gc,phases      ] GC(255)   Post Evacuate Collection Set: 1.6ms
[52.219s][info][gc,phases      ] GC(255)   Other: 0.1ms
[52.219s][info][gc,heap        ] GC(255) Eden regions: 326->0(326)
[52.219s][info][gc,heap        ] GC(255) Survivor regions: 1->1(41)
[52.219s][info][gc,heap        ] GC(255) Old regions: 22->22
[52.219s][info][gc,heap        ] GC(255) Archive regions: 0->0
[52.219s][info][gc,heap        ] GC(255) Humongous regions: 0->0
[52.219s][info][gc,metaspace   ] GC(255) Metaspace: 14232K(15104K)->14232K(15104K) NonClass: 12282K(12864K)->12282K(12864K) Class: 1950K(2240K)->1950K(2240K)
[52.219s][info][gc             ] GC(255) Pause Young (Normal) (G1 Evacuation Pause) 333M->7M(546M) 2.595ms
[52.219s][info][gc,cpu         ] GC(255) User=0.44s Sys=0.03s Real=0.00s
[52.416s][info][gc,start       ] GC(256) Pause Young (Normal) (G1 Evacuation Pause)
[52.417s][info][gc,task        ] GC(256) Using 33 workers of 33 for evacuation
[52.419s][info][gc,phases      ] GC(256)   Pre Evacuate Collection Set: 0.2ms
[52.419s][info][gc,phases      ] GC(256)   Merge Heap Roots: 0.2ms
[52.419s][info][gc,phases      ] GC(256)   Evacuate Collection Set: 0.3ms
[52.419s][info][gc,phases      ] GC(256)   Post Evacuate Collection Set: 1.7ms
[52.419s][info][gc,phases      ] GC(256)   Other: 0.1ms
[52.419s][info][gc,heap        ] GC(256) Eden regions: 326->0(326)
[52.419s][info][gc,heap        ] GC(256) Survivor regions: 1->1(41)
[52.419s][info][gc,heap        ] GC(256) Old regions: 22->22
[52.419s][info][gc,heap        ] GC(256) Archive regions: 0->0
[52.419s][info][gc,heap        ] GC(256) Humongous regions: 0->0
[52.419s][info][gc,metaspace   ] GC(256) Metaspace: 14232K(15104K)->14232K(15104K) NonClass: 12282K(12864K)->12282K(12864K) Class: 1950K(2240K)->1950K(2240K)
[52.419s][info][gc             ] GC(256) Pause Young (Normal) (G1 Evacuation Pause) 333M->7M(546M) 2.640ms
[52.419s][info][gc,cpu         ] GC(256) User=0.00s Sys=0.00s Real=0.00s
[52.616s][info][gc,start       ] GC(257) Pause Young (Normal) (G1 Evacuation Pause)
[52.616s][info][gc,task        ] GC(257) Using 33 workers of 33 for evacuation
[52.618s][info][gc,phases      ] GC(257)   Pre Evacuate Collection Set: 0.2ms
[52.618s][info][gc,phases      ] GC(257)   Merge Heap Roots: 0.2ms
[52.618s][info][gc,phases      ] GC(257)   Evacuate Collection Set: 0.3ms
[52.618s][info][gc,phases      ] GC(257)   Post Evacuate Collection Set: 1.7ms
[52.618s][info][gc,phases      ] GC(257)   Other: 0.1ms
[52.618s][info][gc,heap        ] GC(257) Eden regions: 326->0(326)
[52.618s][info][gc,heap        ] GC(257) Survivor regions: 1->1(41)
[52.618s][info][gc,heap        ] GC(257) Old regions: 22->22
[52.618s][info][gc,heap        ] GC(257) Archive regions: 0->0
[52.618s][info][gc,heap        ] GC(257) Humongous regions: 0->0
[52.618s][info][gc,metaspace   ] GC(257) Metaspace: 14232K(15104K)->14232K(15104K) NonClass: 12282K(12864K)->12282K(12864K) Class: 1950K(2240K)->1950K(2240K)
[52.618s][info][gc             ] GC(257) Pause Young (Normal) (G1 Evacuation Pause) 333M->7M(546M) 2.702ms
[52.618s][info][gc,cpu         ] GC(257) User=0.00s Sys=0.00s Real=0.00s
[52.816s][info][gc,start       ] GC(258) Pause Young (Normal) (G1 Evacuation Pause)
[52.826s][info][gc,task        ] GC(258) Using 33 workers of 33 for evacuation
[52.829s][info][gc,phases      ] GC(258)   Pre Evacuate Collection Set: 0.2ms
[52.829s][info][gc,phases      ] GC(258)   Merge Heap Roots: 0.2ms
[52.829s][info][gc,phases      ] GC(258)   Evacuate Collection Set: 0.3ms
[52.829s][info][gc,phases      ] GC(258)   Post Evacuate Collection Set: 1.8ms
[52.829s][info][gc,phases      ] GC(258)   Other: 0.1ms
[52.829s][info][gc,heap        ] GC(258) Eden regions: 326->0(326)
[52.829s][info][gc,heap        ] GC(258) Survivor regions: 1->1(41)
[52.829s][info][gc,heap        ] GC(258) Old regions: 22->22
[52.829s][info][gc,heap        ] GC(258) Archive regions: 0->0
[52.829s][info][gc,heap        ] GC(258) Humongous regions: 0->0
[52.829s][info][gc,metaspace   ] GC(258) Metaspace: 14232K(15104K)->14232K(15104K) NonClass: 12282K(12864K)->12282K(12864K) Class: 1950K(2240K)->1950K(2240K)
[52.829s][info][gc             ] GC(258) Pause Young (Normal) (G1 Evacuation Pause) 333M->7M(546M) 13.408ms
[52.829s][info][gc,cpu         ] GC(258) User=0.52s Sys=0.00s Real=0.01s
[53.026s][info][gc,start       ] GC(259) Pause Young (Normal) (G1 Evacuation Pause)
[53.026s][info][gc,task        ] GC(259) Using 33 workers of 33 for evacuation
[53.028s][info][gc,phases      ] GC(259)   Pre Evacuate Collection Set: 0.1ms
[53.028s][info][gc,phases      ] GC(259)   Merge Heap Roots: 0.2ms
[53.028s][info][gc,phases      ] GC(259)   Evacuate Collection Set: 0.3ms
[53.028s][info][gc,phases      ] GC(259)   Post Evacuate Collection Set: 1.8ms
[53.028s][info][gc,phases      ] GC(259)   Other: 0.1ms
[53.028s][info][gc,heap        ] GC(259) Eden regions: 326->0(326)
[53.028s][info][gc,heap        ] GC(259) Survivor regions: 1->1(41)
[53.028s][info][gc,heap        ] GC(259) Old regions: 22->22
[53.028s][info][gc,heap        ] GC(259) Archive regions: 0->0
[53.028s][info][gc,heap        ] GC(259) Humongous regions: 0->0
[53.028s][info][gc,metaspace   ] GC(259) Metaspace: 14232K(15104K)->14232K(15104K) NonClass: 12282K(12864K)->12282K(12864K) Class: 1950K(2240K)->1950K(2240K)
[53.028s][info][gc             ] GC(259) Pause Young (Normal) (G1 Evacuation Pause) 333M->7M(546M) 2.744ms
[53.028s][info][gc,cpu         ] GC(259) User=0.00s Sys=0.00s Real=0.00s
[53.225s][info][gc,start       ] GC(260) Pause Young (Normal) (G1 Evacuation Pause)
[53.225s][info][gc,task        ] GC(260) Using 33 workers of 33 for evacuation
[53.228s][info][gc,phases      ] GC(260)   Pre Evacuate Collection Set: 0.2ms
[53.228s][info][gc,phases      ] GC(260)   Merge Heap Roots: 0.2ms
[53.228s][info][gc,phases      ] GC(260)   Evacuate Collection Set: 0.3ms
[53.228s][info][gc,phases      ] GC(260)   Post Evacuate Collection Set: 1.8ms
[53.228s][info][gc,phases      ] GC(260)   Other: 0.1ms
[53.228s][info][gc,heap        ] GC(260) Eden regions: 326->0(326)
[53.228s][info][gc,heap        ] GC(260) Survivor regions: 1->1(41)
[53.228s][info][gc,heap        ] GC(260) Old regions: 22->22
[53.228s][info][gc,heap        ] GC(260) Archive regions: 0->0
[53.228s][info][gc,heap        ] GC(260) Humongous regions: 0->0
[53.228s][info][gc,metaspace   ] GC(260) Metaspace: 14232K(15104K)->14232K(15104K) NonClass: 12282K(12864K)->12282K(12864K) Class: 1950K(2240K)->1950K(2240K)
[53.228s][info][gc             ] GC(260) Pause Young (Normal) (G1 Evacuation Pause) 333M->7M(546M) 2.820ms
[53.228s][info][gc,cpu         ] GC(260) User=0.00s Sys=0.00s Real=0.00s
[53.426s][info][gc,start       ] GC(261) Pause Young (Normal) (G1 Evacuation Pause)
[53.426s][info][gc,task        ] GC(261) Using 33 workers of 33 for evacuation
[53.429s][info][gc,phases      ] GC(261)   Pre Evacuate Collection Set: 0.2ms
[53.429s][info][gc,phases      ] GC(261)   Merge Heap Roots: 0.2ms
[53.429s][info][gc,phases      ] GC(261)   Evacuate Collection Set: 0.3ms
[53.429s][info][gc,phases      ] GC(261)   Post Evacuate Collection Set: 1.8ms
[53.429s][info][gc,phases      ] GC(261)   Other: 0.1ms
[53.429s][info][gc,heap        ] GC(261) Eden regions: 326->0(326)
[53.429s][info][gc,heap        ] GC(261) Survivor regions: 1->1(41)
[53.429s][info][gc,heap        ] GC(261) Old regions: 22->22
[53.429s][info][gc,heap        ] GC(261) Archive regions: 0->0
[53.429s][info][gc,heap        ] GC(261) Humongous regions: 0->0
[53.429s][info][gc,metaspace   ] GC(261) Metaspace: 14232K(15104K)->14232K(15104K) NonClass: 12282K(12864K)->12282K(12864K) Class: 1950K(2240K)->1950K(2240K)
[53.429s][info][gc             ] GC(261) Pause Young (Normal) (G1 Evacuation Pause) 333M->7M(546M) 2.817ms
[53.429s][info][gc,cpu         ] GC(261) User=0.00s Sys=0.00s Real=0.00s
[53.627s][info][gc,start       ] GC(262) Pause Young (Normal) (G1 Evacuation Pause)
[53.627s][info][gc,task        ] GC(262) Using 33 workers of 33 for evacuation
[53.629s][info][gc,phases      ] GC(262)   Pre Evacuate Collection Set: 0.1ms
[53.629s][info][gc,phases      ] GC(262)   Merge Heap Roots: 0.2ms
[53.629s][info][gc,phases      ] GC(262)   Evacuate Collection Set: 0.3ms
[53.629s][info][gc,phases      ] GC(262)   Post Evacuate Collection Set: 1.9ms
[53.629s][info][gc,phases      ] GC(262)   Other: 0.1ms
[53.629s][info][gc,heap        ] GC(262) Eden regions: 326->0(326)
[53.629s][info][gc,heap        ] GC(262) Survivor regions: 1->1(41)
[53.629s][info][gc,heap        ] GC(262) Old regions: 22->22
[53.629s][info][gc,heap        ] GC(262) Archive regions: 0->0
[53.629s][info][gc,heap        ] GC(262) Humongous regions: 0->0
[53.629s][info][gc,metaspace   ] GC(262) Metaspace: 14232K(15104K)->14232K(15104K) NonClass: 12282K(12864K)->12282K(12864K) Class: 1950K(2240K)->1950K(2240K)
[53.629s][info][gc             ] GC(262) Pause Young (Normal) (G1 Evacuation Pause) 333M->7M(546M) 2.852ms
[53.629s][info][gc,cpu         ] GC(262) User=0.00s Sys=0.00s Real=0.00s
[53.946s][info][gc,start       ] GC(263) Pause Young (Normal) (G1 Evacuation Pause)
[53.946s][info][gc,task        ] GC(263) Using 33 workers of 33 for evacuation
[53.950s][info][gc,phases      ] GC(263)   Pre Evacuate Collection Set: 0.2ms
[53.950s][info][gc,phases      ] GC(263)   Merge Heap Roots: 0.2ms
[53.950s][info][gc,phases      ] GC(263)   Evacuate Collection Set: 0.6ms
[53.950s][info][gc,phases      ] GC(263)   Post Evacuate Collection Set: 2.6ms
[53.950s][info][gc,phases      ] GC(263)   Other: 0.3ms
[53.950s][info][gc,heap        ] GC(263) Eden regions: 326->0(326)
[53.950s][info][gc,heap        ] GC(263) Survivor regions: 1->1(41)
[53.950s][info][gc,heap        ] GC(263) Old regions: 22->22
[53.950s][info][gc,heap        ] GC(263) Archive regions: 0->0
[53.950s][info][gc,heap        ] GC(263) Humongous regions: 0->0
[53.950s][info][gc,metaspace   ] GC(263) Metaspace: 14232K(15104K)->14232K(15104K) NonClass: 12282K(12864K)->12282K(12864K) Class: 1950K(2240K)->1950K(2240K)
[53.951s][info][gc             ] GC(263) Pause Young (Normal) (G1 Evacuation Pause) 333M->7M(546M) 4.524ms
[53.951s][info][gc,cpu         ] GC(263) User=0.00s Sys=0.00s Real=0.00s
[54.155s][info][gc,start       ] GC(264) Pause Young (Normal) (G1 Evacuation Pause)
[54.155s][info][gc,task        ] GC(264) Using 33 workers of 33 for evacuation
[54.157s][info][gc,phases      ] GC(264)   Pre Evacuate Collection Set: 0.2ms
[54.157s][info][gc,phases      ] GC(264)   Merge Heap Roots: 0.2ms
[54.157s][info][gc,phases      ] GC(264)   Evacuate Collection Set: 0.4ms
[54.157s][info][gc,phases      ] GC(264)   Post Evacuate Collection Set: 1.8ms
[54.157s][info][gc,phases      ] GC(264)   Other: 0.1ms
[54.157s][info][gc,heap        ] GC(264) Eden regions: 326->0(326)
[54.157s][info][gc,heap        ] GC(264) Survivor regions: 1->1(41)
[54.157s][info][gc,heap        ] GC(264) Old regions: 22->22
[54.157s][info][gc,heap        ] GC(264) Archive regions: 0->0
[54.157s][info][gc,heap        ] GC(264) Humongous regions: 0->0
[54.157s][info][gc,metaspace   ] GC(264) Metaspace: 14232K(15104K)->14232K(15104K) NonClass: 12282K(12864K)->12282K(12864K) Class: 1950K(2240K)->1950K(2240K)
[54.157s][info][gc             ] GC(264) Pause Young (Normal) (G1 Evacuation Pause) 333M->7M(546M) 2.846ms
[54.157s][info][gc,cpu         ] GC(264) User=0.52s Sys=0.00s Real=0.00s
[54.356s][info][gc,start       ] GC(265) Pause Young (Normal) (G1 Evacuation Pause)
[54.356s][info][gc,task        ] GC(265) Using 33 workers of 33 for evacuation
[54.359s][info][gc,phases      ] GC(265)   Pre Evacuate Collection Set: 0.1ms
[54.359s][info][gc,phases      ] GC(265)   Merge Heap Roots: 0.2ms
[54.359s][info][gc,phases      ] GC(265)   Evacuate Collection Set: 0.4ms
[54.359s][info][gc,phases      ] GC(265)   Post Evacuate Collection Set: 1.5ms
[54.359s][info][gc,phases      ] GC(265)   Other: 0.1ms
[54.359s][info][gc,heap        ] GC(265) Eden regions: 326->0(326)
[54.359s][info][gc,heap        ] GC(265) Survivor regions: 1->1(41)
[54.359s][info][gc,heap        ] GC(265) Old regions: 22->22
[54.359s][info][gc,heap        ] GC(265) Archive regions: 0->0
[54.359s][info][gc,heap        ] GC(265) Humongous regions: 0->0
[54.359s][info][gc,metaspace   ] GC(265) Metaspace: 14232K(15104K)->14232K(15104K) NonClass: 12282K(12864K)->12282K(12864K) Class: 1950K(2240K)->1950K(2240K)
[54.359s][info][gc             ] GC(265) Pause Young (Normal) (G1 Evacuation Pause) 333M->7M(546M) 2.551ms
[54.359s][info][gc,cpu         ] GC(265) User=0.00s Sys=0.00s Real=0.00s
[54.555s][info][gc,start       ] GC(266) Pause Young (Normal) (G1 Evacuation Pause)
[54.555s][info][gc,task        ] GC(266) Using 33 workers of 33 for evacuation
[54.557s][info][gc,phases      ] GC(266)   Pre Evacuate Collection Set: 0.1ms
[54.557s][info][gc,phases      ] GC(266)   Merge Heap Roots: 0.2ms
[54.557s][info][gc,phases      ] GC(266)   Evacuate Collection Set: 0.4ms
[54.557s][info][gc,phases      ] GC(266)   Post Evacuate Collection Set: 1.5ms
[54.557s][info][gc,phases      ] GC(266)   Other: 0.1ms
[54.557s][info][gc,heap        ] GC(266) Eden regions: 326->0(326)
[54.557s][info][gc,heap        ] GC(266) Survivor regions: 1->1(41)
[54.557s][info][gc,heap        ] GC(266) Old regions: 22->22
[54.557s][info][gc,heap        ] GC(266) Archive regions: 0->0
[54.557s][info][gc,heap        ] GC(266) Humongous regions: 0->0
[54.557s][info][gc,metaspace   ] GC(266) Metaspace: 14232K(15104K)->14232K(15104K) NonClass: 12282K(12864K)->12282K(12864K) Class: 1950K(2240K)->1950K(2240K)
[54.557s][info][gc             ] GC(266) Pause Young (Normal) (G1 Evacuation Pause) 333M->7M(546M) 2.501ms
[54.557s][info][gc,cpu         ] GC(266) User=0.00s Sys=0.00s Real=0.00s
[54.752s][info][gc,start       ] GC(267) Pause Young (Normal) (G1 Evacuation Pause)
[54.752s][info][gc,task        ] GC(267) Using 33 workers of 33 for evacuation
[54.754s][info][gc,phases      ] GC(267)   Pre Evacuate Collection Set: 0.2ms
[54.754s][info][gc,phases      ] GC(267)   Merge Heap Roots: 0.2ms
[54.754s][info][gc,phases      ] GC(267)   Evacuate Collection Set: 0.3ms
[54.754s][info][gc,phases      ] GC(267)   Post Evacuate Collection Set: 1.5ms
[54.754s][info][gc,phases      ] GC(267)   Other: 0.1ms
[54.754s][info][gc,heap        ] GC(267) Eden regions: 326->0(326)
[54.754s][info][gc,heap        ] GC(267) Survivor regions: 1->1(41)
[54.754s][info][gc,heap        ] GC(267) Old regions: 22->22
[54.754s][info][gc,heap        ] GC(267) Archive regions: 0->0
[54.754s][info][gc,heap        ] GC(267) Humongous regions: 0->0
[54.754s][info][gc,metaspace   ] GC(267) Metaspace: 14232K(15104K)->14232K(15104K) NonClass: 12282K(12864K)->12282K(12864K) Class: 1950K(2240K)->1950K(2240K)
[54.754s][info][gc             ] GC(267) Pause Young (Normal) (G1 Evacuation Pause) 333M->7M(546M) 2.488ms
[54.754s][info][gc,cpu         ] GC(267) User=0.00s Sys=0.00s Real=0.00s
[54.951s][info][gc,start       ] GC(268) Pause Young (Normal) (G1 Evacuation Pause)
[54.951s][info][gc,task        ] GC(268) Using 33 workers of 33 for evacuation
[54.953s][info][gc,phases      ] GC(268)   Pre Evacuate Collection Set: 0.1ms
[54.953s][info][gc,phases      ] GC(268)   Merge Heap Roots: 0.1ms
[54.953s][info][gc,phases      ] GC(268)   Evacuate Collection Set: 0.4ms
[54.953s][info][gc,phases      ] GC(268)   Post Evacuate Collection Set: 1.4ms
[54.953s][info][gc,phases      ] GC(268)   Other: 0.1ms
[54.953s][info][gc,heap        ] GC(268) Eden regions: 326->0(326)
[54.953s][info][gc,heap        ] GC(268) Survivor regions: 1->1(41)
[54.953s][info][gc,heap        ] GC(268) Old regions: 22->22
[54.953s][info][gc,heap        ] GC(268) Archive regions: 0->0
[54.953s][info][gc,heap        ] GC(268) Humongous regions: 0->0
[54.953s][info][gc,metaspace   ] GC(268) Metaspace: 14232K(15104K)->14232K(15104K) NonClass: 12282K(12864K)->12282K(12864K) Class: 1950K(2240K)->1950K(2240K)
[54.953s][info][gc             ] GC(268) Pause Young (Normal) (G1 Evacuation Pause) 333M->7M(546M) 2.396ms
[54.953s][info][gc,cpu         ] GC(268) User=0.00s Sys=0.02s Real=0.00s
[55.150s][info][gc,start       ] GC(269) Pause Young (Normal) (G1 Evacuation Pause)
[55.150s][info][gc,task        ] GC(269) Using 33 workers of 33 for evacuation
[55.152s][info][gc,phases      ] GC(269)   Pre Evacuate Collection Set: 0.1ms
[55.152s][info][gc,phases      ] GC(269)   Merge Heap Roots: 0.2ms
[55.152s][info][gc,phases      ] GC(269)   Evacuate Collection Set: 0.4ms
[55.152s][info][gc,phases      ] GC(269)   Post Evacuate Collection Set: 1.5ms
[55.152s][info][gc,phases      ] GC(269)   Other: 0.1ms
[55.152s][info][gc,heap        ] GC(269) Eden regions: 326->0(326)
[55.152s][info][gc,heap        ] GC(269) Survivor regions: 1->1(41)
[55.152s][info][gc,heap        ] GC(269) Old regions: 22->23
[55.152s][info][gc,heap        ] GC(269) Archive regions: 0->0
[55.152s][info][gc,heap        ] GC(269) Humongous regions: 0->0
[55.152s][info][gc,metaspace   ] GC(269) Metaspace: 14232K(15104K)->14232K(15104K) NonClass: 12282K(12864K)->12282K(12864K) Class: 1950K(2240K)->1950K(2240K)
[55.152s][info][gc             ] GC(269) Pause Young (Normal) (G1 Evacuation Pause) 333M->7M(546M) 2.466ms
[55.152s][info][gc,cpu         ] GC(269) User=0.00s Sys=0.00s Real=0.00s
[55.349s][info][gc,start       ] GC(270) Pause Young (Normal) (G1 Evacuation Pause)
[55.349s][info][gc,task        ] GC(270) Using 33 workers of 33 for evacuation
[55.352s][info][gc,phases      ] GC(270)   Pre Evacuate Collection Set: 0.2ms
[55.352s][info][gc,phases      ] GC(270)   Merge Heap Roots: 0.1ms
[55.352s][info][gc,phases      ] GC(270)   Evacuate Collection Set: 0.3ms
[55.352s][info][gc,phases      ] GC(270)   Post Evacuate Collection Set: 1.6ms
[55.352s][info][gc,phases      ] GC(270)   Other: 0.1ms
[55.352s][info][gc,heap        ] GC(270) Eden regions: 326->0(326)
[55.352s][info][gc,heap        ] GC(270) Survivor regions: 1->1(41)
[55.352s][info][gc,heap        ] GC(270) Old regions: 23->23
[55.352s][info][gc,heap        ] GC(270) Archive regions: 0->0
[55.352s][info][gc,heap        ] GC(270) Humongous regions: 0->0
[55.352s][info][gc,metaspace   ] GC(270) Metaspace: 14232K(15104K)->14232K(15104K) NonClass: 12282K(12864K)->12282K(12864K) Class: 1950K(2240K)->1950K(2240K)
[55.352s][info][gc             ] GC(270) Pause Young (Normal) (G1 Evacuation Pause) 333M->7M(546M) 2.520ms
[55.352s][info][gc,cpu         ] GC(270) User=0.00s Sys=0.00s Real=0.00s
[55.549s][info][gc,start       ] GC(271) Pause Young (Normal) (G1 Evacuation Pause)
[55.549s][info][gc,task        ] GC(271) Using 33 workers of 33 for evacuation
[55.551s][info][gc,phases      ] GC(271)   Pre Evacuate Collection Set: 0.1ms
[55.551s][info][gc,phases      ] GC(271)   Merge Heap Roots: 0.1ms
[55.551s][info][gc,phases      ] GC(271)   Evacuate Collection Set: 0.3ms
[55.551s][info][gc,phases      ] GC(271)   Post Evacuate Collection Set: 1.6ms
[55.551s][info][gc,phases      ] GC(271)   Other: 0.1ms
[55.551s][info][gc,heap        ] GC(271) Eden regions: 326->0(326)
[55.551s][info][gc,heap        ] GC(271) Survivor regions: 1->1(41)
[55.551s][info][gc,heap        ] GC(271) Old regions: 23->23
[55.551s][info][gc,heap        ] GC(271) Archive regions: 0->0
[55.551s][info][gc,heap        ] GC(271) Humongous regions: 0->0
[55.551s][info][gc,metaspace   ] GC(271) Metaspace: 14232K(15104K)->14232K(15104K) NonClass: 12282K(12864K)->12282K(12864K) Class: 1950K(2240K)->1950K(2240K)
[55.551s][info][gc             ] GC(271) Pause Young (Normal) (G1 Evacuation Pause) 333M->7M(546M) 2.565ms
[55.551s][info][gc,cpu         ] GC(271) User=0.00s Sys=0.00s Real=0.00s
[55.747s][info][gc,start       ] GC(272) Pause Young (Normal) (G1 Evacuation Pause)
[55.747s][info][gc,task        ] GC(272) Using 33 workers of 33 for evacuation
[55.750s][info][gc,phases      ] GC(272)   Pre Evacuate Collection Set: 0.2ms
[55.750s][info][gc,phases      ] GC(272)   Merge Heap Roots: 0.2ms
[55.750s][info][gc,phases      ] GC(272)   Evacuate Collection Set: 0.4ms
[55.750s][info][gc,phases      ] GC(272)   Post Evacuate Collection Set: 1.6ms
[55.750s][info][gc,phases      ] GC(272)   Other: 0.1ms
[55.750s][info][gc,heap        ] GC(272) Eden regions: 326->0(326)
[55.750s][info][gc,heap        ] GC(272) Survivor regions: 1->1(41)
[55.750s][info][gc,heap        ] GC(272) Old regions: 23->23
[55.750s][info][gc,heap        ] GC(272) Archive regions: 0->0
[55.750s][info][gc,heap        ] GC(272) Humongous regions: 0->0
[55.750s][info][gc,metaspace   ] GC(272) Metaspace: 14232K(15104K)->14232K(15104K) NonClass: 12282K(12864K)->12282K(12864K) Class: 1950K(2240K)->1950K(2240K)
[55.750s][info][gc             ] GC(272) Pause Young (Normal) (G1 Evacuation Pause) 333M->7M(546M) 2.611ms
[55.750s][info][gc,cpu         ] GC(272) User=0.00s Sys=0.00s Real=0.00s
[55.947s][info][gc,start       ] GC(273) Pause Young (Normal) (G1 Evacuation Pause)
[55.947s][info][gc,task        ] GC(273) Using 33 workers of 33 for evacuation
[55.950s][info][gc,phases      ] GC(273)   Pre Evacuate Collection Set: 0.2ms
[55.950s][info][gc,phases      ] GC(273)   Merge Heap Roots: 0.2ms
[55.950s][info][gc,phases      ] GC(273)   Evacuate Collection Set: 0.3ms
[55.950s][info][gc,phases      ] GC(273)   Post Evacuate Collection Set: 1.7ms
[55.950s][info][gc,phases      ] GC(273)   Other: 0.1ms
[55.950s][info][gc,heap        ] GC(273) Eden regions: 326->0(326)
[55.950s][info][gc,heap        ] GC(273) Survivor regions: 1->1(41)
[55.950s][info][gc,heap        ] GC(273) Old regions: 23->23
[55.950s][info][gc,heap        ] GC(273) Archive regions: 0->0
[55.950s][info][gc,heap        ] GC(273) Humongous regions: 0->0
[55.950s][info][gc,metaspace   ] GC(273) Metaspace: 14232K(15104K)->14232K(15104K) NonClass: 12282K(12864K)->12282K(12864K) Class: 1950K(2240K)->1950K(2240K)
[55.950s][info][gc             ] GC(273) Pause Young (Normal) (G1 Evacuation Pause) 333M->8M(546M) 2.640ms
[55.950s][info][gc,cpu         ] GC(273) User=0.00s Sys=0.00s Real=0.00s
[56.147s][info][gc,start       ] GC(274) Pause Young (Normal) (G1 Evacuation Pause)
[56.147s][info][gc,task        ] GC(274) Using 33 workers of 33 for evacuation
[56.149s][info][gc,phases      ] GC(274)   Pre Evacuate Collection Set: 0.1ms
[56.149s][info][gc,phases      ] GC(274)   Merge Heap Roots: 0.1ms
[56.149s][info][gc,phases      ] GC(274)   Evacuate Collection Set: 0.4ms
[56.149s][info][gc,phases      ] GC(274)   Post Evacuate Collection Set: 1.7ms
[56.150s][info][gc,phases      ] GC(274)   Other: 0.1ms
[56.150s][info][gc,heap        ] GC(274) Eden regions: 326->0(326)
[56.150s][info][gc,heap        ] GC(274) Survivor regions: 1->1(41)
[56.150s][info][gc,heap        ] GC(274) Old regions: 23->23
[56.150s][info][gc,heap        ] GC(274) Archive regions: 0->0
[56.150s][info][gc,heap        ] GC(274) Humongous regions: 0->0
[56.150s][info][gc,metaspace   ] GC(274) Metaspace: 14232K(15104K)->14232K(15104K) NonClass: 12282K(12864K)->12282K(12864K) Class: 1950K(2240K)->1950K(2240K)
[56.150s][info][gc             ] GC(274) Pause Young (Normal) (G1 Evacuation Pause) 334M->8M(546M) 2.740ms
[56.150s][info][gc,cpu         ] GC(274) User=0.00s Sys=0.00s Real=0.00s
[56.346s][info][gc,start       ] GC(275) Pause Young (Normal) (G1 Evacuation Pause)
[56.346s][info][gc,task        ] GC(275) Using 33 workers of 33 for evacuation
[56.349s][info][gc,phases      ] GC(275)   Pre Evacuate Collection Set: 0.1ms
[56.349s][info][gc,phases      ] GC(275)   Merge Heap Roots: 0.1ms
[56.349s][info][gc,phases      ] GC(275)   Evacuate Collection Set: 0.4ms
[56.349s][info][gc,phases      ] GC(275)   Post Evacuate Collection Set: 1.7ms
[56.349s][info][gc,phases      ] GC(275)   Other: 0.1ms
[56.349s][info][gc,heap        ] GC(275) Eden regions: 326->0(326)
[56.349s][info][gc,heap        ] GC(275) Survivor regions: 1->1(41)
[56.349s][info][gc,heap        ] GC(275) Old regions: 23->23
[56.349s][info][gc,heap        ] GC(275) Archive regions: 0->0
[56.349s][info][gc,heap        ] GC(275) Humongous regions: 0->0
[56.349s][info][gc,metaspace   ] GC(275) Metaspace: 14232K(15104K)->14232K(15104K) NonClass: 12282K(12864K)->12282K(12864K) Class: 1950K(2240K)->1950K(2240K)
[56.349s][info][gc             ] GC(275) Pause Young (Normal) (G1 Evacuation Pause) 334M->8M(546M) 2.730ms
[56.349s][info][gc,cpu         ] GC(275) User=0.00s Sys=0.00s Real=0.00s
[56.547s][info][gc,start       ] GC(276) Pause Young (Normal) (G1 Evacuation Pause)
[56.547s][info][gc,task        ] GC(276) Using 33 workers of 33 for evacuation
[56.549s][info][gc,phases      ] GC(276)   Pre Evacuate Collection Set: 0.2ms
[56.549s][info][gc,phases      ] GC(276)   Merge Heap Roots: 0.2ms
[56.550s][info][gc,phases      ] GC(276)   Evacuate Collection Set: 0.4ms
[56.550s][info][gc,phases      ] GC(276)   Post Evacuate Collection Set: 1.8ms
[56.550s][info][gc,phases      ] GC(276)   Other: 0.1ms
[56.550s][info][gc,heap        ] GC(276) Eden regions: 326->0(326)
[56.550s][info][gc,heap        ] GC(276) Survivor regions: 1->1(41)
[56.550s][info][gc,heap        ] GC(276) Old regions: 23->23
[56.550s][info][gc,heap        ] GC(276) Archive regions: 0->0
[56.550s][info][gc,heap        ] GC(276) Humongous regions: 0->0
[56.550s][info][gc,metaspace   ] GC(276) Metaspace: 14232K(15104K)->14232K(15104K) NonClass: 12282K(12864K)->12282K(12864K) Class: 1950K(2240K)->1950K(2240K)
[56.550s][info][gc             ] GC(276) Pause Young (Normal) (G1 Evacuation Pause) 334M->8M(546M) 2.844ms
[56.550s][info][gc,cpu         ] GC(276) User=0.22s Sys=0.30s Real=0.00s
[56.745s][info][gc,start       ] GC(277) Pause Young (Normal) (G1 Evacuation Pause)
[56.745s][info][gc,task        ] GC(277) Using 33 workers of 33 for evacuation
[56.748s][info][gc,phases      ] GC(277)   Pre Evacuate Collection Set: 0.2ms
[56.748s][info][gc,phases      ] GC(277)   Merge Heap Roots: 0.2ms
[56.748s][info][gc,phases      ] GC(277)   Evacuate Collection Set: 0.4ms
[56.748s][info][gc,phases      ] GC(277)   Post Evacuate Collection Set: 1.8ms
[56.748s][info][gc,phases      ] GC(277)   Other: 0.1ms
[56.748s][info][gc,heap        ] GC(277) Eden regions: 326->0(326)
[56.748s][info][gc,heap        ] GC(277) Survivor regions: 1->1(41)
[56.748s][info][gc,heap        ] GC(277) Old regions: 23->23
[56.748s][info][gc,heap        ] GC(277) Archive regions: 0->0
[56.748s][info][gc,heap        ] GC(277) Humongous regions: 0->0
[56.748s][info][gc,metaspace   ] GC(277) Metaspace: 14232K(15104K)->14232K(15104K) NonClass: 12282K(12864K)->12282K(12864K) Class: 1950K(2240K)->1950K(2240K)
[56.748s][info][gc             ] GC(277) Pause Young (Normal) (G1 Evacuation Pause) 334M->8M(546M) 2.793ms
[56.748s][info][gc,cpu         ] GC(277) User=0.00s Sys=0.00s Real=0.00s
[56.945s][info][gc,start       ] GC(278) Pause Young (Normal) (G1 Evacuation Pause)
[56.991s][info][gc,task        ] GC(278) Using 33 workers of 33 for evacuation
[56.994s][info][gc,phases      ] GC(278)   Pre Evacuate Collection Set: 0.2ms
[56.995s][info][gc,phases      ] GC(278)   Merge Heap Roots: 0.2ms
[56.995s][info][gc,phases      ] GC(278)   Evacuate Collection Set: 0.6ms
[56.995s][info][gc,phases      ] GC(278)   Post Evacuate Collection Set: 2.4ms
[56.995s][info][gc,phases      ] GC(278)   Other: 0.2ms
[56.995s][info][gc,heap        ] GC(278) Eden regions: 326->0(326)
[56.995s][info][gc,heap        ] GC(278) Survivor regions: 1->1(41)
[56.995s][info][gc,heap        ] GC(278) Old regions: 23->23
[56.995s][info][gc,heap        ] GC(278) Archive regions: 0->0
[56.995s][info][gc,heap        ] GC(278) Humongous regions: 0->0
[56.995s][info][gc,metaspace   ] GC(278) Metaspace: 14232K(15104K)->14232K(15104K) NonClass: 12282K(12864K)->12282K(12864K) Class: 1950K(2240K)->1950K(2240K)
[56.995s][info][gc             ] GC(278) Pause Young (Normal) (G1 Evacuation Pause) 334M->8M(546M) 49.582ms
[56.995s][info][gc,cpu         ] GC(278) User=0.00s Sys=0.00s Real=0.05s
[57.195s][info][gc,start       ] GC(279) Pause Young (Normal) (G1 Evacuation Pause)
[57.195s][info][gc,task        ] GC(279) Using 33 workers of 33 for evacuation
[57.198s][info][gc,phases      ] GC(279)   Pre Evacuate Collection Set: 0.2ms
[57.198s][info][gc,phases      ] GC(279)   Merge Heap Roots: 0.1ms
[57.198s][info][gc,phases      ] GC(279)   Evacuate Collection Set: 0.3ms
[57.198s][info][gc,phases      ] GC(279)   Post Evacuate Collection Set: 1.8ms
[57.198s][info][gc,phases      ] GC(279)   Other: 0.1ms
[57.198s][info][gc,heap        ] GC(279) Eden regions: 326->0(326)
[57.198s][info][gc,heap        ] GC(279) Survivor regions: 1->1(41)
[57.198s][info][gc,heap        ] GC(279) Old regions: 23->23
[57.198s][info][gc,heap        ] GC(279) Archive regions: 0->0
[57.198s][info][gc,heap        ] GC(279) Humongous regions: 0->0
[57.198s][info][gc,metaspace   ] GC(279) Metaspace: 14232K(15104K)->14232K(15104K) NonClass: 12282K(12864K)->12282K(12864K) Class: 1950K(2240K)->1950K(2240K)
[57.198s][info][gc             ] GC(279) Pause Young (Normal) (G1 Evacuation Pause) 334M->8M(546M) 2.786ms
[57.198s][info][gc,cpu         ] GC(279) User=0.00s Sys=0.00s Real=0.00s
[57.395s][info][gc,start       ] GC(280) Pause Young (Normal) (G1 Evacuation Pause)
[57.395s][info][gc,task        ] GC(280) Using 33 workers of 33 for evacuation
[57.398s][info][gc,phases      ] GC(280)   Pre Evacuate Collection Set: 0.2ms
[57.398s][info][gc,phases      ] GC(280)   Merge Heap Roots: 0.2ms
[57.398s][info][gc,phases      ] GC(280)   Evacuate Collection Set: 0.3ms
[57.398s][info][gc,phases      ] GC(280)   Post Evacuate Collection Set: 1.9ms
[57.398s][info][gc,phases      ] GC(280)   Other: 0.1ms
[57.398s][info][gc,heap        ] GC(280) Eden regions: 326->0(326)
[57.398s][info][gc,heap        ] GC(280) Survivor regions: 1->1(41)
[57.398s][info][gc,heap        ] GC(280) Old regions: 23->23
[57.398s][info][gc,heap        ] GC(280) Archive regions: 0->0
[57.398s][info][gc,heap        ] GC(280) Humongous regions: 0->0
[57.398s][info][gc,metaspace   ] GC(280) Metaspace: 14232K(15104K)->14232K(15104K) NonClass: 12282K(12864K)->12282K(12864K) Class: 1950K(2240K)->1950K(2240K)
[57.398s][info][gc             ] GC(280) Pause Young (Normal) (G1 Evacuation Pause) 334M->8M(546M) 2.956ms
[57.398s][info][gc,cpu         ] GC(280) User=0.00s Sys=0.00s Real=0.00s
[57.596s][info][gc,start       ] GC(281) Pause Young (Normal) (G1 Evacuation Pause)
[57.596s][info][gc,task        ] GC(281) Using 33 workers of 33 for evacuation
[57.599s][info][gc,phases      ] GC(281)   Pre Evacuate Collection Set: 0.2ms
[57.599s][info][gc,phases      ] GC(281)   Merge Heap Roots: 0.2ms
[57.599s][info][gc,phases      ] GC(281)   Evacuate Collection Set: 0.3ms
[57.599s][info][gc,phases      ] GC(281)   Post Evacuate Collection Set: 1.9ms
[57.599s][info][gc,phases      ] GC(281)   Other: 0.1ms
[57.599s][info][gc,heap        ] GC(281) Eden regions: 326->0(326)
[57.599s][info][gc,heap        ] GC(281) Survivor regions: 1->1(41)
[57.599s][info][gc,heap        ] GC(281) Old regions: 23->23
[57.599s][info][gc,heap        ] GC(281) Archive regions: 0->0
[57.599s][info][gc,heap        ] GC(281) Humongous regions: 0->0
[57.599s][info][gc,metaspace   ] GC(281) Metaspace: 14232K(15104K)->14232K(15104K) NonClass: 12282K(12864K)->12282K(12864K) Class: 1950K(2240K)->1950K(2240K)
[57.599s][info][gc             ] GC(281) Pause Young (Normal) (G1 Evacuation Pause) 334M->8M(546M) 2.968ms
[57.599s][info][gc,cpu         ] GC(281) User=0.00s Sys=0.00s Real=0.00s
[57.888s][info][gc,start       ] GC(282) Pause Young (Normal) (G1 Evacuation Pause)
[57.888s][info][gc,task        ] GC(282) Using 33 workers of 33 for evacuation
[57.892s][info][gc,phases      ] GC(282)   Pre Evacuate Collection Set: 0.2ms
[57.892s][info][gc,phases      ] GC(282)   Merge Heap Roots: 0.3ms
[57.892s][info][gc,phases      ] GC(282)   Evacuate Collection Set: 0.7ms
[57.892s][info][gc,phases      ] GC(282)   Post Evacuate Collection Set: 2.6ms
[57.892s][info][gc,phases      ] GC(282)   Other: 0.3ms
[57.892s][info][gc,heap        ] GC(282) Eden regions: 326->0(326)
[57.892s][info][gc,heap        ] GC(282) Survivor regions: 1->1(41)
[57.892s][info][gc,heap        ] GC(282) Old regions: 23->23
[57.892s][info][gc,heap        ] GC(282) Archive regions: 0->0
[57.892s][info][gc,heap        ] GC(282) Humongous regions: 0->0
[57.892s][info][gc,metaspace   ] GC(282) Metaspace: 14232K(15104K)->14232K(15104K) NonClass: 12282K(12864K)->12282K(12864K) Class: 1950K(2240K)->1950K(2240K)
[57.893s][info][gc             ] GC(282) Pause Young (Normal) (G1 Evacuation Pause) 334M->8M(546M) 4.532ms
[57.893s][info][gc,cpu         ] GC(282) User=0.52s Sys=0.00s Real=0.00s
[58.098s][info][gc,start       ] GC(283) Pause Young (Normal) (G1 Evacuation Pause)
[58.098s][info][gc,task        ] GC(283) Using 33 workers of 33 for evacuation
[58.100s][info][gc,phases      ] GC(283)   Pre Evacuate Collection Set: 0.2ms
[58.100s][info][gc,phases      ] GC(283)   Merge Heap Roots: 0.2ms
[58.100s][info][gc,phases      ] GC(283)   Evacuate Collection Set: 0.3ms
[58.100s][info][gc,phases      ] GC(283)   Post Evacuate Collection Set: 1.8ms
[58.100s][info][gc,phases      ] GC(283)   Other: 0.1ms
[58.100s][info][gc,heap        ] GC(283) Eden regions: 326->0(326)
[58.100s][info][gc,heap        ] GC(283) Survivor regions: 1->1(41)
[58.100s][info][gc,heap        ] GC(283) Old regions: 23->23
[58.100s][info][gc,heap        ] GC(283) Archive regions: 0->0
[58.100s][info][gc,heap        ] GC(283) Humongous regions: 0->0
[58.100s][info][gc,metaspace   ] GC(283) Metaspace: 14232K(15104K)->14232K(15104K) NonClass: 12282K(12864K)->12282K(12864K) Class: 1950K(2240K)->1950K(2240K)
[58.100s][info][gc             ] GC(283) Pause Young (Normal) (G1 Evacuation Pause) 334M->8M(546M) 2.768ms
[58.100s][info][gc,cpu         ] GC(283) User=0.00s Sys=0.00s Real=0.00s
[58.299s][info][gc,start       ] GC(284) Pause Young (Normal) (G1 Evacuation Pause)
[58.299s][info][gc,task        ] GC(284) Using 33 workers of 33 for evacuation
[58.302s][info][gc,phases      ] GC(284)   Pre Evacuate Collection Set: 0.2ms
[58.302s][info][gc,phases      ] GC(284)   Merge Heap Roots: 0.1ms
[58.302s][info][gc,phases      ] GC(284)   Evacuate Collection Set: 0.3ms
[58.302s][info][gc,phases      ] GC(284)   Post Evacuate Collection Set: 1.7ms
[58.302s][info][gc,phases      ] GC(284)   Other: 0.1ms
[58.302s][info][gc,heap        ] GC(284) Eden regions: 326->0(326)
[58.302s][info][gc,heap        ] GC(284) Survivor regions: 1->1(41)
[58.302s][info][gc,heap        ] GC(284) Old regions: 23->23
[58.302s][info][gc,heap        ] GC(284) Archive regions: 0->0
[58.302s][info][gc,heap        ] GC(284) Humongous regions: 0->0
[58.302s][info][gc,metaspace   ] GC(284) Metaspace: 14232K(15104K)->14232K(15104K) NonClass: 12282K(12864K)->12282K(12864K) Class: 1950K(2240K)->1950K(2240K)
[58.302s][info][gc             ] GC(284) Pause Young (Normal) (G1 Evacuation Pause) 334M->8M(546M) 2.810ms
[58.302s][info][gc,cpu         ] GC(284) User=0.00s Sys=0.00s Real=0.00s
[58.499s][info][gc,start       ] GC(285) Pause Young (Normal) (G1 Evacuation Pause)
[58.499s][info][gc,task        ] GC(285) Using 33 workers of 33 for evacuation
[58.501s][info][gc,phases      ] GC(285)   Pre Evacuate Collection Set: 0.2ms
[58.501s][info][gc,phases      ] GC(285)   Merge Heap Roots: 0.2ms
[58.501s][info][gc,phases      ] GC(285)   Evacuate Collection Set: 0.4ms
[58.501s][info][gc,phases      ] GC(285)   Post Evacuate Collection Set: 1.7ms
[58.501s][info][gc,phases      ] GC(285)   Other: 0.1ms
[58.501s][info][gc,heap        ] GC(285) Eden regions: 326->0(326)
[58.501s][info][gc,heap        ] GC(285) Survivor regions: 1->1(41)
[58.501s][info][gc,heap        ] GC(285) Old regions: 23->23
[58.501s][info][gc,heap        ] GC(285) Archive regions: 0->0
[58.501s][info][gc,heap        ] GC(285) Humongous regions: 0->0
[58.501s][info][gc,metaspace   ] GC(285) Metaspace: 14232K(15104K)->14232K(15104K) NonClass: 12282K(12864K)->12282K(12864K) Class: 1950K(2240K)->1950K(2240K)
[58.501s][info][gc             ] GC(285) Pause Young (Normal) (G1 Evacuation Pause) 334M->8M(546M) 2.680ms
[58.501s][info][gc,cpu         ] GC(285) User=0.52s Sys=0.00s Real=0.00s
[58.699s][info][gc,start       ] GC(286) Pause Young (Normal) (G1 Evacuation Pause)
[58.699s][info][gc,task        ] GC(286) Using 33 workers of 33 for evacuation
[58.701s][info][gc,phases      ] GC(286)   Pre Evacuate Collection Set: 0.2ms
[58.701s][info][gc,phases      ] GC(286)   Merge Heap Roots: 0.2ms
[58.701s][info][gc,phases      ] GC(286)   Evacuate Collection Set: 0.4ms
[58.701s][info][gc,phases      ] GC(286)   Post Evacuate Collection Set: 1.4ms
[58.701s][info][gc,phases      ] GC(286)   Other: 0.1ms
[58.701s][info][gc,heap        ] GC(286) Eden regions: 326->0(326)
[58.701s][info][gc,heap        ] GC(286) Survivor regions: 1->1(41)
[58.701s][info][gc,heap        ] GC(286) Old regions: 23->23
[58.701s][info][gc,heap        ] GC(286) Archive regions: 0->0
[58.701s][info][gc,heap        ] GC(286) Humongous regions: 0->0
[58.701s][info][gc,metaspace   ] GC(286) Metaspace: 14232K(15104K)->14232K(15104K) NonClass: 12282K(12864K)->12282K(12864K) Class: 1950K(2240K)->1950K(2240K)
[58.701s][info][gc             ] GC(286) Pause Young (Normal) (G1 Evacuation Pause) 334M->8M(546M) 2.429ms
[58.702s][info][gc,cpu         ] GC(286) User=0.00s Sys=0.00s Real=0.00s
[58.898s][info][gc,start       ] GC(287) Pause Young (Normal) (G1 Evacuation Pause)
[58.898s][info][gc,task        ] GC(287) Using 33 workers of 33 for evacuation
[58.900s][info][gc,phases      ] GC(287)   Pre Evacuate Collection Set: 0.1ms
[58.900s][info][gc,phases      ] GC(287)   Merge Heap Roots: 0.1ms
[58.900s][info][gc,phases      ] GC(287)   Evacuate Collection Set: 0.4ms
[58.900s][info][gc,phases      ] GC(287)   Post Evacuate Collection Set: 1.5ms
[58.900s][info][gc,phases      ] GC(287)   Other: 0.1ms
[58.900s][info][gc,heap        ] GC(287) Eden regions: 326->0(326)
[58.900s][info][gc,heap        ] GC(287) Survivor regions: 1->1(41)
[58.900s][info][gc,heap        ] GC(287) Old regions: 23->23
[58.900s][info][gc,heap        ] GC(287) Archive regions: 0->0
[58.900s][info][gc,heap        ] GC(287) Humongous regions: 0->0
[58.900s][info][gc,metaspace   ] GC(287) Metaspace: 14232K(15104K)->14232K(15104K) NonClass: 12282K(12864K)->12282K(12864K) Class: 1950K(2240K)->1950K(2240K)
[58.900s][info][gc             ] GC(287) Pause Young (Normal) (G1 Evacuation Pause) 334M->8M(546M) 2.522ms
[58.900s][info][gc,cpu         ] GC(287) User=0.00s Sys=0.00s Real=0.00s
[59.098s][info][gc,start       ] GC(288) Pause Young (Normal) (G1 Evacuation Pause)
[59.098s][info][gc,task        ] GC(288) Using 33 workers of 33 for evacuation
[59.100s][info][gc,phases      ] GC(288)   Pre Evacuate Collection Set: 0.2ms
[59.100s][info][gc,phases      ] GC(288)   Merge Heap Roots: 0.2ms
[59.100s][info][gc,phases      ] GC(288)   Evacuate Collection Set: 0.4ms
[59.100s][info][gc,phases      ] GC(288)   Post Evacuate Collection Set: 1.5ms
[59.100s][info][gc,phases      ] GC(288)   Other: 0.1ms
[59.100s][info][gc,heap        ] GC(288) Eden regions: 326->0(326)
[59.100s][info][gc,heap        ] GC(288) Survivor regions: 1->1(41)
[59.100s][info][gc,heap        ] GC(288) Old regions: 23->23
[59.100s][info][gc,heap        ] GC(288) Archive regions: 0->0
[59.100s][info][gc,heap        ] GC(288) Humongous regions: 0->0
[59.100s][info][gc,metaspace   ] GC(288) Metaspace: 14232K(15104K)->14232K(15104K) NonClass: 12282K(12864K)->12282K(12864K) Class: 1950K(2240K)->1950K(2240K)
[59.100s][info][gc             ] GC(288) Pause Young (Normal) (G1 Evacuation Pause) 334M->8M(546M) 2.591ms
[59.100s][info][gc,cpu         ] GC(288) User=0.00s Sys=0.00s Real=0.00s
[59.295s][info][gc,start       ] GC(289) Pause Young (Normal) (G1 Evacuation Pause)
[59.295s][info][gc,task        ] GC(289) Using 33 workers of 33 for evacuation
[59.298s][info][gc,phases      ] GC(289)   Pre Evacuate Collection Set: 0.2ms
[59.298s][info][gc,phases      ] GC(289)   Merge Heap Roots: 0.1ms
[59.298s][info][gc,phases      ] GC(289)   Evacuate Collection Set: 0.4ms
[59.298s][info][gc,phases      ] GC(289)   Post Evacuate Collection Set: 1.6ms
[59.298s][info][gc,phases      ] GC(289)   Other: 0.1ms
[59.298s][info][gc,heap        ] GC(289) Eden regions: 326->0(326)
[59.298s][info][gc,heap        ] GC(289) Survivor regions: 1->1(41)
[59.298s][info][gc,heap        ] GC(289) Old regions: 23->23
[59.298s][info][gc,heap        ] GC(289) Archive regions: 0->0
[59.298s][info][gc,heap        ] GC(289) Humongous regions: 0->0
[59.298s][info][gc,metaspace   ] GC(289) Metaspace: 14232K(15104K)->14232K(15104K) NonClass: 12282K(12864K)->12282K(12864K) Class: 1950K(2240K)->1950K(2240K)
[59.298s][info][gc             ] GC(289) Pause Young (Normal) (G1 Evacuation Pause) 334M->8M(546M) 2.584ms
[59.298s][info][gc,cpu         ] GC(289) User=0.52s Sys=0.00s Real=0.00s
[59.495s][info][gc,start       ] GC(290) Pause Young (Normal) (G1 Evacuation Pause)
[59.495s][info][gc,task        ] GC(290) Using 33 workers of 33 for evacuation
[59.498s][info][gc,phases      ] GC(290)   Pre Evacuate Collection Set: 0.2ms
[59.498s][info][gc,phases      ] GC(290)   Merge Heap Roots: 0.2ms
[59.498s][info][gc,phases      ] GC(290)   Evacuate Collection Set: 0.4ms
[59.498s][info][gc,phases      ] GC(290)   Post Evacuate Collection Set: 1.6ms
[59.498s][info][gc,phases      ] GC(290)   Other: 0.1ms
[59.498s][info][gc,heap        ] GC(290) Eden regions: 326->0(326)
[59.498s][info][gc,heap        ] GC(290) Survivor regions: 1->1(41)
[59.498s][info][gc,heap        ] GC(290) Old regions: 23->24
[59.498s][info][gc,heap        ] GC(290) Archive regions: 0->0
[59.498s][info][gc,heap        ] GC(290) Humongous regions: 0->0
[59.498s][info][gc,metaspace   ] GC(290) Metaspace: 14232K(15104K)->14232K(15104K) NonClass: 12282K(12864K)->12282K(12864K) Class: 1950K(2240K)->1950K(2240K)
[59.498s][info][gc             ] GC(290) Pause Young (Normal) (G1 Evacuation Pause) 334M->8M(546M) 2.619ms
[59.498s][info][gc,cpu         ] GC(290) User=0.00s Sys=0.00s Real=0.00s
[59.694s][info][gc,start       ] GC(291) Pause Young (Normal) (G1 Evacuation Pause)
[59.694s][info][gc,task        ] GC(291) Using 33 workers of 33 for evacuation
[59.696s][info][gc,phases      ] GC(291)   Pre Evacuate Collection Set: 0.1ms
[59.697s][info][gc,phases      ] GC(291)   Merge Heap Roots: 0.2ms
[59.697s][info][gc,phases      ] GC(291)   Evacuate Collection Set: 0.4ms
[59.697s][info][gc,phases      ] GC(291)   Post Evacuate Collection Set: 1.6ms
[59.697s][info][gc,phases      ] GC(291)   Other: 0.1ms
[59.697s][info][gc,heap        ] GC(291) Eden regions: 326->0(326)
[59.697s][info][gc,heap        ] GC(291) Survivor regions: 1->1(41)
[59.697s][info][gc,heap        ] GC(291) Old regions: 24->24
[59.697s][info][gc,heap        ] GC(291) Archive regions: 0->0
[59.697s][info][gc,heap        ] GC(291) Humongous regions: 0->0
[59.697s][info][gc,metaspace   ] GC(291) Metaspace: 14232K(15104K)->14232K(15104K) NonClass: 12282K(12864K)->12282K(12864K) Class: 1950K(2240K)->1950K(2240K)
[59.697s][info][gc             ] GC(291) Pause Young (Normal) (G1 Evacuation Pause) 334M->8M(546M) 2.648ms
[59.697s][info][gc,cpu         ] GC(291) User=0.00s Sys=0.00s Real=0.00s
[59.892s][info][gc,start       ] GC(292) Pause Young (Normal) (G1 Evacuation Pause)
[59.892s][info][gc,task        ] GC(292) Using 33 workers of 33 for evacuation
[59.895s][info][gc,phases      ] GC(292)   Pre Evacuate Collection Set: 0.2ms
[59.895s][info][gc,phases      ] GC(292)   Merge Heap Roots: 0.2ms
[59.895s][info][gc,phases      ] GC(292)   Evacuate Collection Set: 0.4ms
[59.895s][info][gc,phases      ] GC(292)   Post Evacuate Collection Set: 1.7ms
[59.895s][info][gc,phases      ] GC(292)   Other: 0.1ms
[59.895s][info][gc,heap        ] GC(292) Eden regions: 326->0(326)
[59.895s][info][gc,heap        ] GC(292) Survivor regions: 1->1(41)
[59.895s][info][gc,heap        ] GC(292) Old regions: 24->24
[59.895s][info][gc,heap        ] GC(292) Archive regions: 0->0
[59.895s][info][gc,heap        ] GC(292) Humongous regions: 0->0
[59.895s][info][gc,metaspace   ] GC(292) Metaspace: 14232K(15104K)->14232K(15104K) NonClass: 12282K(12864K)->12282K(12864K) Class: 1950K(2240K)->1950K(2240K)
[59.895s][info][gc             ] GC(292) Pause Young (Normal) (G1 Evacuation Pause) 334M->8M(546M) 2.686ms
[59.895s][info][gc,cpu         ] GC(292) User=0.00s Sys=0.00s Real=0.00s
[60.092s][info][gc,start       ] GC(293) Pause Young (Normal) (G1 Evacuation Pause)
[60.092s][info][gc,task        ] GC(293) Using 33 workers of 33 for evacuation
[60.094s][info][gc,phases      ] GC(293)   Pre Evacuate Collection Set: 0.2ms
[60.094s][info][gc,phases      ] GC(293)   Merge Heap Roots: 0.2ms
[60.094s][info][gc,phases      ] GC(293)   Evacuate Collection Set: 0.3ms
[60.094s][info][gc,phases      ] GC(293)   Post Evacuate Collection Set: 1.7ms
[60.094s][info][gc,phases      ] GC(293)   Other: 0.1ms
[60.094s][info][gc,heap        ] GC(293) Eden regions: 326->0(326)
[60.094s][info][gc,heap        ] GC(293) Survivor regions: 1->1(41)
[60.094s][info][gc,heap        ] GC(293) Old regions: 24->24
[60.094s][info][gc,heap        ] GC(293) Archive regions: 0->0
[60.094s][info][gc,heap        ] GC(293) Humongous regions: 0->0
[60.094s][info][gc,metaspace   ] GC(293) Metaspace: 14232K(15104K)->14232K(15104K) NonClass: 12282K(12864K)->12282K(12864K) Class: 1950K(2240K)->1950K(2240K)
[60.094s][info][gc             ] GC(293) Pause Young (Normal) (G1 Evacuation Pause) 334M->8M(546M) 2.663ms
[60.095s][info][gc,cpu         ] GC(293) User=0.03s Sys=0.00s Real=0.00s
[60.290s][info][gc,start       ] GC(294) Pause Young (Normal) (G1 Evacuation Pause)
[60.291s][info][gc,task        ] GC(294) Using 33 workers of 33 for evacuation
[60.293s][info][gc,phases      ] GC(294)   Pre Evacuate Collection Set: 0.1ms
[60.293s][info][gc,phases      ] GC(294)   Merge Heap Roots: 0.2ms
[60.293s][info][gc,phases      ] GC(294)   Evacuate Collection Set: 0.3ms
[60.293s][info][gc,phases      ] GC(294)   Post Evacuate Collection Set: 1.8ms
[60.293s][info][gc,phases      ] GC(294)   Other: 0.1ms
[60.293s][info][gc,heap        ] GC(294) Eden regions: 326->0(326)
[60.293s][info][gc,heap        ] GC(294) Survivor regions: 1->1(41)
[60.293s][info][gc,heap        ] GC(294) Old regions: 24->24
[60.293s][info][gc,heap        ] GC(294) Archive regions: 0->0
[60.293s][info][gc,heap        ] GC(294) Humongous regions: 0->0
[60.293s][info][gc,metaspace   ] GC(294) Metaspace: 14232K(15104K)->14232K(15104K) NonClass: 12282K(12864K)->12282K(12864K) Class: 1950K(2240K)->1950K(2240K)
[60.293s][info][gc             ] GC(294) Pause Young (Normal) (G1 Evacuation Pause) 334M->8M(546M) 2.815ms
[60.293s][info][gc,cpu         ] GC(294) User=0.00s Sys=0.00s Real=0.00s
[60.488s][info][gc,start       ] GC(295) Pause Young (Normal) (G1 Evacuation Pause)
[60.488s][info][gc,task        ] GC(295) Using 33 workers of 33 for evacuation
[60.490s][info][gc,phases      ] GC(295)   Pre Evacuate Collection Set: 0.1ms
[60.490s][info][gc,phases      ] GC(295)   Merge Heap Roots: 0.2ms
[60.490s][info][gc,phases      ] GC(295)   Evacuate Collection Set: 0.3ms
[60.490s][info][gc,phases      ] GC(295)   Post Evacuate Collection Set: 1.8ms
[60.490s][info][gc,phases      ] GC(295)   Other: 0.1ms
[60.490s][info][gc,heap        ] GC(295) Eden regions: 326->0(326)
[60.490s][info][gc,heap        ] GC(295) Survivor regions: 1->1(41)
[60.490s][info][gc,heap        ] GC(295) Old regions: 24->24
[60.490s][info][gc,heap        ] GC(295) Archive regions: 0->0
[60.490s][info][gc,heap        ] GC(295) Humongous regions: 0->0
[60.490s][info][gc,metaspace   ] GC(295) Metaspace: 14232K(15104K)->14232K(15104K) NonClass: 12282K(12864K)->12282K(12864K) Class: 1950K(2240K)->1950K(2240K)
[60.490s][info][gc             ] GC(295) Pause Young (Normal) (G1 Evacuation Pause) 334M->9M(546M) 2.757ms
[60.490s][info][gc,cpu         ] GC(295) User=0.00s Sys=0.00s Real=0.00s
[60.687s][info][gc,start       ] GC(296) Pause Young (Normal) (G1 Evacuation Pause)
[60.687s][info][gc,task        ] GC(296) Using 33 workers of 33 for evacuation
[60.689s][info][gc,phases      ] GC(296)   Pre Evacuate Collection Set: 0.2ms
[60.689s][info][gc,phases      ] GC(296)   Merge Heap Roots: 0.1ms
[60.689s][info][gc,phases      ] GC(296)   Evacuate Collection Set: 0.4ms
[60.689s][info][gc,phases      ] GC(296)   Post Evacuate Collection Set: 1.8ms
[60.689s][info][gc,phases      ] GC(296)   Other: 0.1ms
[60.689s][info][gc,heap        ] GC(296) Eden regions: 326->0(326)
[60.689s][info][gc,heap        ] GC(296) Survivor regions: 1->1(41)
[60.689s][info][gc,heap        ] GC(296) Old regions: 24->24
[60.689s][info][gc,heap        ] GC(296) Archive regions: 0->0
[60.689s][info][gc,heap        ] GC(296) Humongous regions: 0->0
[60.689s][info][gc,metaspace   ] GC(296) Metaspace: 14232K(15104K)->14232K(15104K) NonClass: 12282K(12864K)->12282K(12864K) Class: 1950K(2240K)->1950K(2240K)
[60.689s][info][gc             ] GC(296) Pause Young (Normal) (G1 Evacuation Pause) 335M->9M(546M) 2.787ms
[60.689s][info][gc,cpu         ] GC(296) User=0.52s Sys=0.00s Real=0.00s
[60.885s][info][gc,start       ] GC(297) Pause Young (Normal) (G1 Evacuation Pause)
[60.886s][info][gc,task        ] GC(297) Using 33 workers of 33 for evacuation
[60.888s][info][gc,phases      ] GC(297)   Pre Evacuate Collection Set: 0.2ms
[60.888s][info][gc,phases      ] GC(297)   Merge Heap Roots: 0.2ms
[60.888s][info][gc,phases      ] GC(297)   Evacuate Collection Set: 0.3ms
[60.888s][info][gc,phases      ] GC(297)   Post Evacuate Collection Set: 1.9ms
[60.888s][info][gc,phases      ] GC(297)   Other: 0.1ms
[60.888s][info][gc,heap        ] GC(297) Eden regions: 326->0(326)
[60.888s][info][gc,heap        ] GC(297) Survivor regions: 1->1(41)
[60.888s][info][gc,heap        ] GC(297) Old regions: 24->24
[60.888s][info][gc,heap        ] GC(297) Archive regions: 0->0
[60.888s][info][gc,heap        ] GC(297) Humongous regions: 0->0
[60.888s][info][gc,metaspace   ] GC(297) Metaspace: 14232K(15104K)->14232K(15104K) NonClass: 12282K(12864K)->12282K(12864K) Class: 1950K(2240K)->1950K(2240K)
[60.888s][info][gc             ] GC(297) Pause Young (Normal) (G1 Evacuation Pause) 335M->9M(546M) 2.834ms
[60.888s][info][gc,cpu         ] GC(297) User=0.00s Sys=0.00s Real=0.00s
[61.085s][info][gc,start       ] GC(298) Pause Young (Normal) (G1 Evacuation Pause)
[61.085s][info][gc,task        ] GC(298) Using 33 workers of 33 for evacuation
[61.088s][info][gc,phases      ] GC(298)   Pre Evacuate Collection Set: 0.2ms
[61.088s][info][gc,phases      ] GC(298)   Merge Heap Roots: 0.2ms
[61.088s][info][gc,phases      ] GC(298)   Evacuate Collection Set: 0.4ms
[61.088s][info][gc,phases      ] GC(298)   Post Evacuate Collection Set: 1.9ms
[61.088s][info][gc,phases      ] GC(298)   Other: 0.1ms
[61.088s][info][gc,heap        ] GC(298) Eden regions: 326->0(326)
[61.088s][info][gc,heap        ] GC(298) Survivor regions: 1->1(41)
[61.088s][info][gc,heap        ] GC(298) Old regions: 24->24
[61.088s][info][gc,heap        ] GC(298) Archive regions: 0->0
[61.088s][info][gc,heap        ] GC(298) Humongous regions: 0->0
[61.088s][info][gc,metaspace   ] GC(298) Metaspace: 14232K(15104K)->14232K(15104K) NonClass: 12282K(12864K)->12282K(12864K) Class: 1950K(2240K)->1950K(2240K)
[61.088s][info][gc             ] GC(298) Pause Young (Normal) (G1 Evacuation Pause) 335M->9M(546M) 2.910ms
[61.088s][info][gc,cpu         ] GC(298) User=0.00s Sys=0.00s Real=0.00s
[61.285s][info][gc,start       ] GC(299) Pause Young (Normal) (G1 Evacuation Pause)
[61.285s][info][gc,task        ] GC(299) Using 33 workers of 33 for evacuation
[61.288s][info][gc,phases      ] GC(299)   Pre Evacuate Collection Set: 0.2ms
[61.288s][info][gc,phases      ] GC(299)   Merge Heap Roots: 0.2ms
[61.288s][info][gc,phases      ] GC(299)   Evacuate Collection Set: 0.4ms
[61.288s][info][gc,phases      ] GC(299)   Post Evacuate Collection Set: 1.9ms
[61.288s][info][gc,phases      ] GC(299)   Other: 0.1ms
[61.288s][info][gc,heap        ] GC(299) Eden regions: 326->0(326)
[61.288s][info][gc,heap        ] GC(299) Survivor regions: 1->1(41)
[61.288s][info][gc,heap        ] GC(299) Old regions: 24->24
[61.288s][info][gc,heap        ] GC(299) Archive regions: 0->0
[61.288s][info][gc,heap        ] GC(299) Humongous regions: 0->0
[61.288s][info][gc,metaspace   ] GC(299) Metaspace: 14232K(15104K)->14232K(15104K) NonClass: 12282K(12864K)->12282K(12864K) Class: 1950K(2240K)->1950K(2240K)
[61.288s][info][gc             ] GC(299) Pause Young (Normal) (G1 Evacuation Pause) 335M->9M(546M) 3.006ms
[61.288s][info][gc,cpu         ] GC(299) User=0.00s Sys=0.00s Real=0.00s
[61.485s][info][gc,start       ] GC(300) Pause Young (Normal) (G1 Evacuation Pause)
[61.485s][info][gc,task        ] GC(300) Using 33 workers of 33 for evacuation
[61.488s][info][gc,phases      ] GC(300)   Pre Evacuate Collection Set: 0.2ms
[61.488s][info][gc,phases      ] GC(300)   Merge Heap Roots: 0.2ms
[61.488s][info][gc,phases      ] GC(300)   Evacuate Collection Set: 0.3ms
[61.488s][info][gc,phases      ] GC(300)   Post Evacuate Collection Set: 1.9ms
[61.488s][info][gc,phases      ] GC(300)   Other: 0.1ms
[61.488s][info][gc,heap        ] GC(300) Eden regions: 326->0(326)
[61.488s][info][gc,heap        ] GC(300) Survivor regions: 1->1(41)
[61.488s][info][gc,heap        ] GC(300) Old regions: 24->24
[61.488s][info][gc,heap        ] GC(300) Archive regions: 0->0
[61.488s][info][gc,heap        ] GC(300) Humongous regions: 0->0
[61.488s][info][gc,metaspace   ] GC(300) Metaspace: 14232K(15104K)->14232K(15104K) NonClass: 12282K(12864K)->12282K(12864K) Class: 1950K(2240K)->1950K(2240K)
[61.488s][info][gc             ] GC(300) Pause Young (Normal) (G1 Evacuation Pause) 335M->9M(546M) 2.951ms
[61.488s][info][gc,cpu         ] GC(300) User=0.00s Sys=0.00s Real=0.00s
[61.826s][info][gc,start       ] GC(301) Pause Young (Normal) (G1 Evacuation Pause)
[61.826s][info][gc,task        ] GC(301) Using 33 workers of 33 for evacuation
[61.830s][info][gc,phases      ] GC(301)   Pre Evacuate Collection Set: 0.2ms
[61.830s][info][gc,phases      ] GC(301)   Merge Heap Roots: 0.2ms
[61.830s][info][gc,phases      ] GC(301)   Evacuate Collection Set: 0.6ms
[61.830s][info][gc,phases      ] GC(301)   Post Evacuate Collection Set: 2.7ms
[61.830s][info][gc,phases      ] GC(301)   Other: 0.2ms
[61.830s][info][gc,heap        ] GC(301) Eden regions: 326->0(326)
[61.830s][info][gc,heap        ] GC(301) Survivor regions: 1->1(41)
[61.830s][info][gc,heap        ] GC(301) Old regions: 24->24
[61.830s][info][gc,heap        ] GC(301) Archive regions: 0->0
[61.830s][info][gc,heap        ] GC(301) Humongous regions: 0->0
[61.830s][info][gc,metaspace   ] GC(301) Metaspace: 14232K(15104K)->14232K(15104K) NonClass: 12282K(12864K)->12282K(12864K) Class: 1950K(2240K)->1950K(2240K)
[61.830s][info][gc             ] GC(301) Pause Young (Normal) (G1 Evacuation Pause) 335M->9M(546M) 4.542ms
[61.830s][info][gc,cpu         ] GC(301) User=0.52s Sys=0.00s Real=0.00s
[62.032s][info][gc,start       ] GC(302) Pause Young (Normal) (G1 Evacuation Pause)
[62.033s][info][gc,task        ] GC(302) Using 33 workers of 33 for evacuation
[62.035s][info][gc,phases      ] GC(302)   Pre Evacuate Collection Set: 0.2ms
[62.035s][info][gc,phases      ] GC(302)   Merge Heap Roots: 0.2ms
[62.035s][info][gc,phases      ] GC(302)   Evacuate Collection Set: 0.3ms
[62.035s][info][gc,phases      ] GC(302)   Post Evacuate Collection Set: 1.8ms
[62.035s][info][gc,phases      ] GC(302)   Other: 0.1ms
[62.035s][info][gc,heap        ] GC(302) Eden regions: 326->0(326)
[62.035s][info][gc,heap        ] GC(302) Survivor regions: 1->1(41)
[62.035s][info][gc,heap        ] GC(302) Old regions: 24->24
[62.035s][info][gc,heap        ] GC(302) Archive regions: 0->0
[62.035s][info][gc,heap        ] GC(302) Humongous regions: 0->0
[62.035s][info][gc,metaspace   ] GC(302) Metaspace: 14232K(15104K)->14232K(15104K) NonClass: 12282K(12864K)->12282K(12864K) Class: 1950K(2240K)->1950K(2240K)
[62.035s][info][gc             ] GC(302) Pause Young (Normal) (G1 Evacuation Pause) 335M->9M(546M) 2.801ms
[62.035s][info][gc,cpu         ] GC(302) User=0.00s Sys=0.00s Real=0.00s
[62.233s][info][gc,start       ] GC(303) Pause Young (Normal) (G1 Evacuation Pause)
[62.233s][info][gc,task        ] GC(303) Using 33 workers of 33 for evacuation
[62.235s][info][gc,phases      ] GC(303)   Pre Evacuate Collection Set: 0.1ms
[62.235s][info][gc,phases      ] GC(303)   Merge Heap Roots: 0.2ms
[62.235s][info][gc,phases      ] GC(303)   Evacuate Collection Set: 0.4ms
[62.235s][info][gc,phases      ] GC(303)   Post Evacuate Collection Set: 1.6ms
[62.235s][info][gc,phases      ] GC(303)   Other: 0.1ms
[62.235s][info][gc,heap        ] GC(303) Eden regions: 326->0(326)
[62.235s][info][gc,heap        ] GC(303) Survivor regions: 1->1(41)
[62.235s][info][gc,heap        ] GC(303) Old regions: 24->24
[62.235s][info][gc,heap        ] GC(303) Archive regions: 0->0
[62.235s][info][gc,heap        ] GC(303) Humongous regions: 0->0
[62.235s][info][gc,metaspace   ] GC(303) Metaspace: 14232K(15104K)->14232K(15104K) NonClass: 12282K(12864K)->12282K(12864K) Class: 1950K(2240K)->1950K(2240K)
[62.235s][info][gc             ] GC(303) Pause Young (Normal) (G1 Evacuation Pause) 335M->9M(546M) 2.662ms
[62.235s][info][gc,cpu         ] GC(303) User=0.03s Sys=0.00s Real=0.00s
[62.431s][info][gc,start       ] GC(304) Pause Young (Normal) (G1 Evacuation Pause)
[62.431s][info][gc,task        ] GC(304) Using 33 workers of 33 for evacuation
[62.433s][info][gc,phases      ] GC(304)   Pre Evacuate Collection Set: 0.1ms
[62.433s][info][gc,phases      ] GC(304)   Merge Heap Roots: 0.1ms
[62.433s][info][gc,phases      ] GC(304)   Evacuate Collection Set: 0.4ms
[62.433s][info][gc,phases      ] GC(304)   Post Evacuate Collection Set: 1.6ms
[62.433s][info][gc,phases      ] GC(304)   Other: 0.2ms
[62.433s][info][gc,heap        ] GC(304) Eden regions: 326->0(326)
[62.433s][info][gc,heap        ] GC(304) Survivor regions: 1->1(41)
[62.433s][info][gc,heap        ] GC(304) Old regions: 24->24
[62.433s][info][gc,heap        ] GC(304) Archive regions: 0->0
[62.433s][info][gc,heap        ] GC(304) Humongous regions: 0->0
[62.434s][info][gc,metaspace   ] GC(304) Metaspace: 14232K(15104K)->14232K(15104K) NonClass: 12282K(12864K)->12282K(12864K) Class: 1950K(2240K)->1950K(2240K)
[62.434s][info][gc             ] GC(304) Pause Young (Normal) (G1 Evacuation Pause) 335M->9M(546M) 2.680ms
[62.434s][info][gc,cpu         ] GC(304) User=0.00s Sys=0.00s Real=0.00s
[62.632s][info][gc,start       ] GC(305) Pause Young (Normal) (G1 Evacuation Pause)
[62.632s][info][gc,task        ] GC(305) Using 33 workers of 33 for evacuation
[62.634s][info][gc,phases      ] GC(305)   Pre Evacuate Collection Set: 0.2ms
[62.635s][info][gc,phases      ] GC(305)   Merge Heap Roots: 0.2ms
[62.635s][info][gc,phases      ] GC(305)   Evacuate Collection Set: 0.4ms
[62.635s][info][gc,phases      ] GC(305)   Post Evacuate Collection Set: 1.5ms
[62.635s][info][gc,phases      ] GC(305)   Other: 0.1ms
[62.635s][info][gc,heap        ] GC(305) Eden regions: 326->0(326)
[62.635s][info][gc,heap        ] GC(305) Survivor regions: 1->1(41)
[62.635s][info][gc,heap        ] GC(305) Old regions: 24->24
[62.635s][info][gc,heap        ] GC(305) Archive regions: 0->0
[62.635s][info][gc,heap        ] GC(305) Humongous regions: 0->0
[62.635s][info][gc,metaspace   ] GC(305) Metaspace: 14232K(15104K)->14232K(15104K) NonClass: 12282K(12864K)->12282K(12864K) Class: 1950K(2240K)->1950K(2240K)
[62.635s][info][gc             ] GC(305) Pause Young (Normal) (G1 Evacuation Pause) 335M->9M(546M) 2.526ms
[62.635s][info][gc,cpu         ] GC(305) User=0.00s Sys=0.00s Real=0.00s
[62.833s][info][gc,start       ] GC(306) Pause Young (Normal) (G1 Evacuation Pause)
[62.833s][info][gc,task        ] GC(306) Using 33 workers of 33 for evacuation
[62.836s][info][gc,phases      ] GC(306)   Pre Evacuate Collection Set: 0.2ms
[62.836s][info][gc,phases      ] GC(306)   Merge Heap Roots: 0.1ms
[62.836s][info][gc,phases      ] GC(306)   Evacuate Collection Set: 0.4ms
[62.836s][info][gc,phases      ] GC(306)   Post Evacuate Collection Set: 1.6ms
[62.836s][info][gc,phases      ] GC(306)   Other: 0.1ms
[62.836s][info][gc,heap        ] GC(306) Eden regions: 326->0(326)
[62.836s][info][gc,heap        ] GC(306) Survivor regions: 1->1(41)
[62.836s][info][gc,heap        ] GC(306) Old regions: 24->24
[62.836s][info][gc,heap        ] GC(306) Archive regions: 0->0
[62.836s][info][gc,heap        ] GC(306) Humongous regions: 0->0
[62.836s][info][gc,metaspace   ] GC(306) Metaspace: 14232K(15104K)->14232K(15104K) NonClass: 12282K(12864K)->12282K(12864K) Class: 1950K(2240K)->1950K(2240K)
[62.836s][info][gc             ] GC(306) Pause Young (Normal) (G1 Evacuation Pause) 335M->9M(546M) 2.588ms
[62.836s][info][gc,cpu         ] GC(306) User=0.00s Sys=0.00s Real=0.00s
[63.038s][info][gc,start       ] GC(307) Pause Young (Normal) (G1 Evacuation Pause)
[63.038s][info][gc,task        ] GC(307) Using 33 workers of 33 for evacuation
[63.040s][info][gc,phases      ] GC(307)   Pre Evacuate Collection Set: 0.2ms
[63.040s][info][gc,phases      ] GC(307)   Merge Heap Roots: 0.2ms
[63.040s][info][gc,phases      ] GC(307)   Evacuate Collection Set: 0.3ms
[63.040s][info][gc,phases      ] GC(307)   Post Evacuate Collection Set: 1.6ms
[63.040s][info][gc,phases      ] GC(307)   Other: 0.1ms
[63.040s][info][gc,heap        ] GC(307) Eden regions: 326->0(326)
[63.040s][info][gc,heap        ] GC(307) Survivor regions: 1->1(41)
[63.040s][info][gc,heap        ] GC(307) Old regions: 24->24
[63.040s][info][gc,heap        ] GC(307) Archive regions: 0->0
[63.040s][info][gc,heap        ] GC(307) Humongous regions: 0->0
[63.040s][info][gc,metaspace   ] GC(307) Metaspace: 14232K(15104K)->14232K(15104K) NonClass: 12282K(12864K)->12282K(12864K) Class: 1950K(2240K)->1950K(2240K)
[63.040s][info][gc             ] GC(307) Pause Young (Normal) (G1 Evacuation Pause) 335M->9M(546M) 2.645ms
[63.040s][info][gc,cpu         ] GC(307) User=0.00s Sys=0.00s Real=0.00s
[63.246s][info][gc,start       ] GC(308) Pause Young (Normal) (G1 Evacuation Pause)
[63.246s][info][gc,task        ] GC(308) Using 33 workers of 33 for evacuation
[63.248s][info][gc,phases      ] GC(308)   Pre Evacuate Collection Set: 0.2ms
[63.248s][info][gc,phases      ] GC(308)   Merge Heap Roots: 0.2ms
[63.248s][info][gc,phases      ] GC(308)   Evacuate Collection Set: 0.3ms
[63.248s][info][gc,phases      ] GC(308)   Post Evacuate Collection Set: 1.6ms
[63.248s][info][gc,phases      ] GC(308)   Other: 0.1ms
[63.248s][info][gc,heap        ] GC(308) Eden regions: 326->0(326)
[63.248s][info][gc,heap        ] GC(308) Survivor regions: 1->1(41)
[63.248s][info][gc,heap        ] GC(308) Old regions: 24->24
[63.248s][info][gc,heap        ] GC(308) Archive regions: 0->0
[63.248s][info][gc,heap        ] GC(308) Humongous regions: 0->0
[63.248s][info][gc,metaspace   ] GC(308) Metaspace: 14232K(15104K)->14232K(15104K) NonClass: 12282K(12864K)->12282K(12864K) Class: 1950K(2240K)->1950K(2240K)
[63.248s][info][gc             ] GC(308) Pause Young (Normal) (G1 Evacuation Pause) 335M->9M(546M) 2.624ms
[63.248s][info][gc,cpu         ] GC(308) User=0.00s Sys=0.00s Real=0.00s
[63.471s][info][gc,start       ] GC(309) Pause Young (Normal) (G1 Evacuation Pause)
[63.471s][info][gc,task        ] GC(309) Using 33 workers of 33 for evacuation
[63.473s][info][gc,phases      ] GC(309)   Pre Evacuate Collection Set: 0.1ms
[63.473s][info][gc,phases      ] GC(309)   Merge Heap Roots: 0.2ms
[63.473s][info][gc,phases      ] GC(309)   Evacuate Collection Set: 0.3ms
[63.473s][info][gc,phases      ] GC(309)   Post Evacuate Collection Set: 1.6ms
[63.473s][info][gc,phases      ] GC(309)   Other: 0.1ms
[63.473s][info][gc,heap        ] GC(309) Eden regions: 326->0(326)
[63.473s][info][gc,heap        ] GC(309) Survivor regions: 1->1(41)
[63.473s][info][gc,heap        ] GC(309) Old regions: 24->25
[63.473s][info][gc,heap        ] GC(309) Archive regions: 0->0
[63.474s][info][gc,heap        ] GC(309) Humongous regions: 0->0
[63.474s][info][gc,metaspace   ] GC(309) Metaspace: 14232K(15104K)->14232K(15104K) NonClass: 12282K(12864K)->12282K(12864K) Class: 1950K(2240K)->1950K(2240K)
[63.474s][info][gc             ] GC(309) Pause Young (Normal) (G1 Evacuation Pause) 335M->9M(546M) 2.639ms
[63.474s][info][gc,cpu         ] GC(309) User=0.00s Sys=0.00s Real=0.00s
[63.707s][info][gc,start       ] GC(310) Pause Young (Normal) (G1 Evacuation Pause)
[63.707s][info][gc,task        ] GC(310) Using 33 workers of 33 for evacuation
[63.709s][info][gc,phases      ] GC(310)   Pre Evacuate Collection Set: 0.1ms
[63.709s][info][gc,phases      ] GC(310)   Merge Heap Roots: 0.2ms
[63.709s][info][gc,phases      ] GC(310)   Evacuate Collection Set: 0.4ms
[63.709s][info][gc,phases      ] GC(310)   Post Evacuate Collection Set: 1.7ms
[63.709s][info][gc,phases      ] GC(310)   Other: 0.1ms
[63.709s][info][gc,heap        ] GC(310) Eden regions: 326->0(326)
[63.709s][info][gc,heap        ] GC(310) Survivor regions: 1->1(41)
[63.709s][info][gc,heap        ] GC(310) Old regions: 25->25
[63.709s][info][gc,heap        ] GC(310) Archive regions: 0->0
[63.709s][info][gc,heap        ] GC(310) Humongous regions: 0->0
[63.709s][info][gc,metaspace   ] GC(310) Metaspace: 14232K(15104K)->14232K(15104K) NonClass: 12282K(12864K)->12282K(12864K) Class: 1950K(2240K)->1950K(2240K)
[63.709s][info][gc             ] GC(310) Pause Young (Normal) (G1 Evacuation Pause) 335M->9M(546M) 2.693ms
[63.710s][info][gc,cpu         ] GC(310) User=0.00s Sys=0.00s Real=0.00s
[63.940s][info][gc,start       ] GC(311) Pause Young (Normal) (G1 Evacuation Pause)
[63.946s][info][gc,task        ] GC(311) Using 33 workers of 33 for evacuation
[63.949s][info][gc,phases      ] GC(311)   Pre Evacuate Collection Set: 0.1ms
[63.949s][info][gc,phases      ] GC(311)   Merge Heap Roots: 0.2ms
[63.949s][info][gc,phases      ] GC(311)   Evacuate Collection Set: 0.4ms
[63.949s][info][gc,phases      ] GC(311)   Post Evacuate Collection Set: 1.8ms
[63.949s][info][gc,phases      ] GC(311)   Other: 0.1ms
[63.949s][info][gc,heap        ] GC(311) Eden regions: 326->0(326)
[63.949s][info][gc,heap        ] GC(311) Survivor regions: 1->1(41)
[63.949s][info][gc,heap        ] GC(311) Old regions: 25->25
[63.949s][info][gc,heap        ] GC(311) Archive regions: 0->0
[63.949s][info][gc,heap        ] GC(311) Humongous regions: 0->0
[63.949s][info][gc,metaspace   ] GC(311) Metaspace: 14232K(15104K)->14232K(15104K) NonClass: 12282K(12864K)->12282K(12864K) Class: 1950K(2240K)->1950K(2240K)
[63.949s][info][gc             ] GC(311) Pause Young (Normal) (G1 Evacuation Pause) 335M->9M(546M) 8.978ms
[63.949s][info][gc,cpu         ] GC(311) User=0.00s Sys=0.00s Real=0.01s
[64.149s][info][gc,start       ] GC(312) Pause Young (Normal) (G1 Evacuation Pause)
[64.149s][info][gc,task        ] GC(312) Using 24 workers of 33 for evacuation
[64.152s][info][gc,phases      ] GC(312)   Pre Evacuate Collection Set: 0.1ms
[64.152s][info][gc,phases      ] GC(312)   Merge Heap Roots: 0.2ms
[64.152s][info][gc,phases      ] GC(312)   Evacuate Collection Set: 0.2ms
[64.152s][info][gc,phases      ] GC(312)   Post Evacuate Collection Set: 1.8ms
[64.152s][info][gc,phases      ] GC(312)   Other: 0.2ms
[64.152s][info][gc,heap        ] GC(312) Eden regions: 326->0(326)
[64.152s][info][gc,heap        ] GC(312) Survivor regions: 1->1(41)
[64.152s][info][gc,heap        ] GC(312) Old regions: 25->25
[64.152s][info][gc,heap        ] GC(312) Archive regions: 0->0
[64.152s][info][gc,heap        ] GC(312) Humongous regions: 0->0
[64.152s][info][gc,metaspace   ] GC(312) Metaspace: 14232K(15104K)->14232K(15104K) NonClass: 12282K(12864K)->12282K(12864K) Class: 1950K(2240K)->1950K(2240K)
[64.152s][info][gc             ] GC(312) Pause Young (Normal) (G1 Evacuation Pause) 335M->9M(546M) 3.058ms
[64.152s][info][gc,cpu         ] GC(312) User=0.00s Sys=0.00s Real=0.00s
[64.230s][info][gc,start       ] GC(313) Pause Full (System.gc())
[64.230s][info][gc,task        ] GC(313) Using 18 workers of 33 for full compaction
[64.231s][info][gc,phases,start] GC(313) Phase 1: Mark live objects
[64.237s][info][gc,phases      ] GC(313) Phase 1: Mark live objects 5.822ms
[64.237s][info][gc,phases,start] GC(313) Phase 2: Prepare compaction
[64.238s][info][gc,phases      ] GC(313) Phase 2: Prepare compaction 0.870ms
[64.238s][info][gc,phases,start] GC(313) Phase 3: Adjust pointers
[64.243s][info][gc,phases      ] GC(313) Phase 3: Adjust pointers 4.832ms
[64.243s][info][gc,phases,start] GC(313) Phase 4: Compact heap
[64.244s][info][gc,phases      ] GC(313) Phase 4: Compact heap 0.772ms
[64.250s][info][gc,heap        ] GC(313) Eden regions: 47->0(36)
[64.250s][info][gc,heap        ] GC(313) Survivor regions: 1->0(41)
[64.250s][info][gc,heap        ] GC(313) Old regions: 25->18
[64.250s][info][gc,heap        ] GC(313) Archive regions: 0->0
[64.250s][info][gc,heap        ] GC(313) Humongous regions: 0->0
[64.250s][info][gc,metaspace   ] GC(313) Metaspace: 14232K(15104K)->14232K(15104K) NonClass: 12282K(12864K)->12282K(12864K) Class: 1950K(2240K)->1950K(2240K)
[64.250s][info][gc             ] GC(313) Pause Full (System.gc()) 56M->5M(60M) 19.776ms
[64.250s][info][gc,cpu         ] GC(313) User=0.28s Sys=0.00s Real=0.02s
[64.278s][info][gc,start       ] GC(314) Pause Young (Normal) (G1 Evacuation Pause)
[64.278s][info][gc,task        ] GC(314) Using 33 workers of 33 for evacuation
[64.280s][info][gc,phases      ] GC(314)   Pre Evacuate Collection Set: 0.1ms
[64.280s][info][gc,phases      ] GC(314)   Merge Heap Roots: 0.1ms
[64.280s][info][gc,phases      ] GC(314)   Evacuate Collection Set: 0.5ms
[64.280s][info][gc,phases      ] GC(314)   Post Evacuate Collection Set: 1.5ms
[64.280s][info][gc,phases      ] GC(314)   Other: 0.1ms
[64.280s][info][gc,heap        ] GC(314) Eden regions: 36->0(34)
[64.280s][info][gc,heap        ] GC(314) Survivor regions: 0->2(5)
[64.280s][info][gc,heap        ] GC(314) Old regions: 18->18
[64.280s][info][gc,heap        ] GC(314) Archive regions: 0->0
[64.280s][info][gc,heap        ] GC(314) Humongous regions: 0->0
[64.280s][info][gc,metaspace   ] GC(314) Metaspace: 14252K(15104K)->14252K(15104K) NonClass: 12302K(12864K)->12302K(12864K) Class: 1950K(2240K)->1950K(2240K)
[64.280s][info][gc             ] GC(314) Pause Young (Normal) (G1 Evacuation Pause) 41M->6M(60M) 2.485ms
[64.280s][info][gc,cpu         ] GC(314) User=0.00s Sys=0.00s Real=0.00s
[64.299s][info][gc,start       ] GC(315) Pause Young (Normal) (G1 Evacuation Pause)
[64.299s][info][gc,task        ] GC(315) Using 33 workers of 33 for evacuation
[64.301s][info][gc,phases      ] GC(315)   Pre Evacuate Collection Set: 0.1ms
[64.301s][info][gc,phases      ] GC(315)   Merge Heap Roots: 0.1ms
[64.301s][info][gc,phases      ] GC(315)   Evacuate Collection Set: 0.5ms
[64.301s][info][gc,phases      ] GC(315)   Post Evacuate Collection Set: 1.3ms
[64.301s][info][gc,phases      ] GC(315)   Other: 0.1ms
[64.301s][info][gc,heap        ] GC(315) Eden regions: 34->0(34)
[64.301s][info][gc,heap        ] GC(315) Survivor regions: 2->2(5)
[64.301s][info][gc,heap        ] GC(315) Old regions: 18->18
[64.301s][info][gc,heap        ] GC(315) Archive regions: 0->0
[64.301s][info][gc,heap        ] GC(315) Humongous regions: 0->0
[64.301s][info][gc,metaspace   ] GC(315) Metaspace: 14252K(15104K)->14252K(15104K) NonClass: 12302K(12864K)->12302K(12864K) Class: 1950K(2240K)->1950K(2240K)
[64.301s][info][gc             ] GC(315) Pause Young (Normal) (G1 Evacuation Pause) 40M->6M(60M) 2.211ms
[64.301s][info][gc,cpu         ] GC(315) User=0.00s Sys=0.00s Real=0.00s
[64.318s][info][gc,start       ] GC(316) Pause Young (Normal) (G1 Evacuation Pause)
[64.318s][info][gc,task        ] GC(316) Using 33 workers of 33 for evacuation
[64.320s][info][gc,phases      ] GC(316)   Pre Evacuate Collection Set: 0.1ms
[64.320s][info][gc,phases      ] GC(316)   Merge Heap Roots: 0.1ms
[64.320s][info][gc,phases      ] GC(316)   Evacuate Collection Set: 0.4ms
[64.320s][info][gc,phases      ] GC(316)   Post Evacuate Collection Set: 1.3ms
[64.321s][info][gc,phases      ] GC(316)   Other: 0.1ms
[64.321s][info][gc,heap        ] GC(316) Eden regions: 34->0(34)
[64.321s][info][gc,heap        ] GC(316) Survivor regions: 2->2(5)
[64.321s][info][gc,heap        ] GC(316) Old regions: 18->18
[64.321s][info][gc,heap        ] GC(316) Archive regions: 0->0
[64.321s][info][gc,heap        ] GC(316) Humongous regions: 0->0
[64.321s][info][gc,metaspace   ] GC(316) Metaspace: 14252K(15104K)->14252K(15104K) NonClass: 12302K(12864K)->12302K(12864K) Class: 1950K(2240K)->1950K(2240K)
[64.321s][info][gc             ] GC(316) Pause Young (Normal) (G1 Evacuation Pause) 40M->6M(60M) 2.165ms
[64.321s][info][gc,cpu         ] GC(316) User=0.00s Sys=0.00s Real=0.00s
[64.338s][info][gc,start       ] GC(317) Pause Young (Normal) (G1 Evacuation Pause)
[64.338s][info][gc,task        ] GC(317) Using 33 workers of 33 for evacuation
[64.342s][info][gc,phases      ] GC(317)   Pre Evacuate Collection Set: 0.1ms
[64.342s][info][gc,phases      ] GC(317)   Merge Heap Roots: 0.1ms
[64.342s][info][gc,phases      ] GC(317)   Evacuate Collection Set: 0.4ms
[64.342s][info][gc,phases      ] GC(317)   Post Evacuate Collection Set: 3.0ms
[64.342s][info][gc,phases      ] GC(317)   Other: 0.1ms
[64.342s][info][gc,heap        ] GC(317) Eden regions: 34->0(323)
[64.342s][info][gc,heap        ] GC(317) Survivor regions: 2->2(5)
[64.342s][info][gc,heap        ] GC(317) Old regions: 18->18
[64.342s][info][gc,heap        ] GC(317) Archive regions: 0->0
[64.342s][info][gc,heap        ] GC(317) Humongous regions: 0->0
[64.342s][info][gc,metaspace   ] GC(317) Metaspace: 14252K(15104K)->14252K(15104K) NonClass: 12302K(12864K)->12302K(12864K) Class: 1950K(2240K)->1950K(2240K)
[64.342s][info][gc             ] GC(317) Pause Young (Normal) (G1 Evacuation Pause) 40M->6M(542M) 3.832ms
[64.342s][info][gc,cpu         ] GC(317) User=0.00s Sys=0.00s Real=0.00s
[64.510s][info][gc,start       ] GC(318) Pause Young (Normal) (G1 Evacuation Pause)
[64.510s][info][gc,task        ] GC(318) Using 33 workers of 33 for evacuation
[64.513s][info][gc,phases      ] GC(318)   Pre Evacuate Collection Set: 0.1ms
[64.513s][info][gc,phases      ] GC(318)   Merge Heap Roots: 0.1ms
[64.513s][info][gc,phases      ] GC(318)   Evacuate Collection Set: 0.5ms
[64.513s][info][gc,phases      ] GC(318)   Post Evacuate Collection Set: 1.7ms
[64.513s][info][gc,phases      ] GC(318)   Other: 0.1ms
[64.513s][info][gc,heap        ] GC(318) Eden regions: 323->0(323)
[64.513s][info][gc,heap        ] GC(318) Survivor regions: 2->2(41)
[64.513s][info][gc,heap        ] GC(318) Old regions: 18->18
[64.513s][info][gc,heap        ] GC(318) Archive regions: 0->0
[64.513s][info][gc,heap        ] GC(318) Humongous regions: 0->0
[64.513s][info][gc,metaspace   ] GC(318) Metaspace: 14252K(15104K)->14252K(15104K) NonClass: 12302K(12864K)->12302K(12864K) Class: 1950K(2240K)->1950K(2240K)
[64.513s][info][gc             ] GC(318) Pause Young (Normal) (G1 Evacuation Pause) 329M->6M(542M) 2.796ms
[64.513s][info][gc,cpu         ] GC(318) User=0.00s Sys=0.00s Real=0.00s
[64.684s][info][gc,start       ] GC(319) Pause Young (Normal) (G1 Evacuation Pause)
[64.684s][info][gc,task        ] GC(319) Using 33 workers of 33 for evacuation
[64.686s][info][gc,phases      ] GC(319)   Pre Evacuate Collection Set: 0.1ms
[64.686s][info][gc,phases      ] GC(319)   Merge Heap Roots: 0.1ms
[64.686s][info][gc,phases      ] GC(319)   Evacuate Collection Set: 0.5ms
[64.686s][info][gc,phases      ] GC(319)   Post Evacuate Collection Set: 1.8ms
[64.686s][info][gc,phases      ] GC(319)   Other: 0.1ms
[64.686s][info][gc,heap        ] GC(319) Eden regions: 323->0(323)
[64.686s][info][gc,heap        ] GC(319) Survivor regions: 2->2(41)
[64.686s][info][gc,heap        ] GC(319) Old regions: 18->18
[64.686s][info][gc,heap        ] GC(319) Archive regions: 0->0
[64.686s][info][gc,heap        ] GC(319) Humongous regions: 0->0
[64.686s][info][gc,metaspace   ] GC(319) Metaspace: 14252K(15104K)->14252K(15104K) NonClass: 12302K(12864K)->12302K(12864K) Class: 1950K(2240K)->1950K(2240K)
[64.686s][info][gc             ] GC(319) Pause Young (Normal) (G1 Evacuation Pause) 329M->6M(542M) 2.892ms
[64.686s][info][gc,cpu         ] GC(319) User=0.00s Sys=0.00s Real=0.00s
[64.857s][info][gc,start       ] GC(320) Pause Young (Normal) (G1 Evacuation Pause)
[64.857s][info][gc,task        ] GC(320) Using 33 workers of 33 for evacuation
[64.859s][info][gc,phases      ] GC(320)   Pre Evacuate Collection Set: 0.1ms
[64.859s][info][gc,phases      ] GC(320)   Merge Heap Roots: 0.1ms
[64.859s][info][gc,phases      ] GC(320)   Evacuate Collection Set: 0.4ms
[64.859s][info][gc,phases      ] GC(320)   Post Evacuate Collection Set: 1.8ms
[64.859s][info][gc,phases      ] GC(320)   Other: 0.1ms
[64.859s][info][gc,heap        ] GC(320) Eden regions: 323->0(323)
[64.859s][info][gc,heap        ] GC(320) Survivor regions: 2->2(41)
[64.859s][info][gc,heap        ] GC(320) Old regions: 18->18
[64.859s][info][gc,heap        ] GC(320) Archive regions: 0->0
[64.859s][info][gc,heap        ] GC(320) Humongous regions: 0->0
[64.859s][info][gc,metaspace   ] GC(320) Metaspace: 14252K(15104K)->14252K(15104K) NonClass: 12302K(12864K)->12302K(12864K) Class: 1950K(2240K)->1950K(2240K)
[64.859s][info][gc             ] GC(320) Pause Young (Normal) (G1 Evacuation Pause) 329M->6M(542M) 2.852ms
[64.859s][info][gc,cpu         ] GC(320) User=0.00s Sys=0.00s Real=0.00s
[65.032s][info][gc,start       ] GC(321) Pause Young (Normal) (G1 Evacuation Pause)
[65.032s][info][gc,task        ] GC(321) Using 33 workers of 33 for evacuation
[65.035s][info][gc,phases      ] GC(321)   Pre Evacuate Collection Set: 0.1ms
[65.035s][info][gc,phases      ] GC(321)   Merge Heap Roots: 0.1ms
[65.035s][info][gc,phases      ] GC(321)   Evacuate Collection Set: 0.5ms
[65.035s][info][gc,phases      ] GC(321)   Post Evacuate Collection Set: 1.9ms
[65.035s][info][gc,phases      ] GC(321)   Other: 0.1ms
[65.035s][info][gc,heap        ] GC(321) Eden regions: 323->0(323)
[65.035s][info][gc,heap        ] GC(321) Survivor regions: 2->2(41)
[65.035s][info][gc,heap        ] GC(321) Old regions: 18->18
[65.035s][info][gc,heap        ] GC(321) Archive regions: 0->0
[65.035s][info][gc,heap        ] GC(321) Humongous regions: 0->0
[65.035s][info][gc,metaspace   ] GC(321) Metaspace: 14252K(15104K)->14252K(15104K) NonClass: 12302K(12864K)->12302K(12864K) Class: 1950K(2240K)->1950K(2240K)
[65.035s][info][gc             ] GC(321) Pause Young (Normal) (G1 Evacuation Pause) 329M->6M(542M) 2.977ms
[65.035s][info][gc,cpu         ] GC(321) User=0.00s Sys=0.00s Real=0.00s
[65.207s][info][gc,start       ] GC(322) Pause Young (Normal) (G1 Evacuation Pause)
[65.207s][info][gc,task        ] GC(322) Using 33 workers of 33 for evacuation
[65.210s][info][gc,phases      ] GC(322)   Pre Evacuate Collection Set: 0.1ms
[65.210s][info][gc,phases      ] GC(322)   Merge Heap Roots: 0.1ms
[65.210s][info][gc,phases      ] GC(322)   Evacuate Collection Set: 0.5ms
[65.210s][info][gc,phases      ] GC(322)   Post Evacuate Collection Set: 1.9ms
[65.210s][info][gc,phases      ] GC(322)   Other: 0.1ms
[65.210s][info][gc,heap        ] GC(322) Eden regions: 323->0(323)
[65.210s][info][gc,heap        ] GC(322) Survivor regions: 2->2(41)
[65.210s][info][gc,heap        ] GC(322) Old regions: 18->18
[65.210s][info][gc,heap        ] GC(322) Archive regions: 0->0
[65.210s][info][gc,heap        ] GC(322) Humongous regions: 0->0
[65.210s][info][gc,metaspace   ] GC(322) Metaspace: 14252K(15104K)->14252K(15104K) NonClass: 12302K(12864K)->12302K(12864K) Class: 1950K(2240K)->1950K(2240K)
[65.210s][info][gc             ] GC(322) Pause Young (Normal) (G1 Evacuation Pause) 329M->6M(542M) 2.948ms
[65.210s][info][gc,cpu         ] GC(322) User=0.00s Sys=0.00s Real=0.00s
[65.382s][info][gc,start       ] GC(323) Pause Young (Normal) (G1 Evacuation Pause)
[65.382s][info][gc,task        ] GC(323) Using 33 workers of 33 for evacuation
[65.385s][info][gc,phases      ] GC(323)   Pre Evacuate Collection Set: 0.1ms
[65.385s][info][gc,phases      ] GC(323)   Merge Heap Roots: 0.1ms
[65.385s][info][gc,phases      ] GC(323)   Evacuate Collection Set: 0.5ms
[65.385s][info][gc,phases      ] GC(323)   Post Evacuate Collection Set: 2.0ms
[65.385s][info][gc,phases      ] GC(323)   Other: 0.1ms
[65.385s][info][gc,heap        ] GC(323) Eden regions: 323->0(323)
[65.385s][info][gc,heap        ] GC(323) Survivor regions: 2->2(41)
[65.385s][info][gc,heap        ] GC(323) Old regions: 18->18
[65.385s][info][gc,heap        ] GC(323) Archive regions: 0->0
[65.385s][info][gc,heap        ] GC(323) Humongous regions: 0->0
[65.385s][info][gc,metaspace   ] GC(323) Metaspace: 14252K(15104K)->14252K(15104K) NonClass: 12302K(12864K)->12302K(12864K) Class: 1950K(2240K)->1950K(2240K)
[65.385s][info][gc             ] GC(323) Pause Young (Normal) (G1 Evacuation Pause) 329M->6M(542M) 3.039ms
[65.385s][info][gc,cpu         ] GC(323) User=0.00s Sys=0.00s Real=0.00s
[65.561s][info][gc,start       ] GC(324) Pause Young (Normal) (G1 Evacuation Pause)
[65.561s][info][gc,task        ] GC(324) Using 33 workers of 33 for evacuation
[65.564s][info][gc,phases      ] GC(324)   Pre Evacuate Collection Set: 0.1ms
[65.564s][info][gc,phases      ] GC(324)   Merge Heap Roots: 0.1ms
[65.564s][info][gc,phases      ] GC(324)   Evacuate Collection Set: 0.5ms
[65.564s][info][gc,phases      ] GC(324)   Post Evacuate Collection Set: 2.0ms
[65.564s][info][gc,phases      ] GC(324)   Other: 0.1ms
[65.564s][info][gc,heap        ] GC(324) Eden regions: 323->0(323)
[65.564s][info][gc,heap        ] GC(324) Survivor regions: 2->2(41)
[65.564s][info][gc,heap        ] GC(324) Old regions: 18->18
[65.564s][info][gc,heap        ] GC(324) Archive regions: 0->0
[65.564s][info][gc,heap        ] GC(324) Humongous regions: 0->0
[65.564s][info][gc,metaspace   ] GC(324) Metaspace: 14252K(15104K)->14252K(15104K) NonClass: 12302K(12864K)->12302K(12864K) Class: 1950K(2240K)->1950K(2240K)
[65.564s][info][gc             ] GC(324) Pause Young (Normal) (G1 Evacuation Pause) 329M->6M(542M) 3.138ms
[65.564s][info][gc,cpu         ] GC(324) User=0.52s Sys=0.00s Real=0.00s
[65.782s][info][gc,start       ] GC(325) Pause Young (Normal) (G1 Evacuation Pause)
[65.782s][info][gc,task        ] GC(325) Using 33 workers of 33 for evacuation
[65.787s][info][gc,phases      ] GC(325)   Pre Evacuate Collection Set: 0.2ms
[65.787s][info][gc,phases      ] GC(325)   Merge Heap Roots: 0.2ms
[65.787s][info][gc,phases      ] GC(325)   Evacuate Collection Set: 1.0ms
[65.787s][info][gc,phases      ] GC(325)   Post Evacuate Collection Set: 2.7ms
[65.787s][info][gc,phases      ] GC(325)   Other: 0.3ms
[65.787s][info][gc,heap        ] GC(325) Eden regions: 323->0(323)
[65.787s][info][gc,heap        ] GC(325) Survivor regions: 2->2(41)
[65.787s][info][gc,heap        ] GC(325) Old regions: 18->18
[65.787s][info][gc,heap        ] GC(325) Archive regions: 0->0
[65.787s][info][gc,heap        ] GC(325) Humongous regions: 0->0
[65.787s][info][gc,metaspace   ] GC(325) Metaspace: 14252K(15104K)->14252K(15104K) NonClass: 12302K(12864K)->12302K(12864K) Class: 1950K(2240K)->1950K(2240K)
[65.787s][info][gc             ] GC(325) Pause Young (Normal) (G1 Evacuation Pause) 329M->6M(542M) 4.902ms
[65.787s][info][gc,cpu         ] GC(325) User=0.00s Sys=0.00s Real=0.01s
[65.964s][info][gc,start       ] GC(326) Pause Young (Normal) (G1 Evacuation Pause)
[65.964s][info][gc,task        ] GC(326) Using 33 workers of 33 for evacuation
[65.967s][info][gc,phases      ] GC(326)   Pre Evacuate Collection Set: 0.1ms
[65.967s][info][gc,phases      ] GC(326)   Merge Heap Roots: 0.1ms
[65.967s][info][gc,phases      ] GC(326)   Evacuate Collection Set: 0.5ms
[65.967s][info][gc,phases      ] GC(326)   Post Evacuate Collection Set: 1.8ms
[65.967s][info][gc,phases      ] GC(326)   Other: 0.1ms
[65.967s][info][gc,heap        ] GC(326) Eden regions: 323->0(323)
[65.967s][info][gc,heap        ] GC(326) Survivor regions: 2->2(41)
[65.967s][info][gc,heap        ] GC(326) Old regions: 18->18
[65.967s][info][gc,heap        ] GC(326) Archive regions: 0->0
[65.967s][info][gc,heap        ] GC(326) Humongous regions: 0->0
[65.967s][info][gc,metaspace   ] GC(326) Metaspace: 14252K(15104K)->14252K(15104K) NonClass: 12302K(12864K)->12302K(12864K) Class: 1950K(2240K)->1950K(2240K)
[65.967s][info][gc             ] GC(326) Pause Young (Normal) (G1 Evacuation Pause) 329M->6M(542M) 2.917ms
[65.967s][info][gc,cpu         ] GC(326) User=0.00s Sys=0.00s Real=0.00s
[66.139s][info][gc,start       ] GC(327) Pause Young (Normal) (G1 Evacuation Pause)
[66.139s][info][gc,task        ] GC(327) Using 33 workers of 33 for evacuation
[66.142s][info][gc,phases      ] GC(327)   Pre Evacuate Collection Set: 0.1ms
[66.142s][info][gc,phases      ] GC(327)   Merge Heap Roots: 0.1ms
[66.142s][info][gc,phases      ] GC(327)   Evacuate Collection Set: 0.5ms
[66.142s][info][gc,phases      ] GC(327)   Post Evacuate Collection Set: 1.6ms
[66.142s][info][gc,phases      ] GC(327)   Other: 0.1ms
[66.142s][info][gc,heap        ] GC(327) Eden regions: 323->0(323)
[66.142s][info][gc,heap        ] GC(327) Survivor regions: 2->2(41)
[66.142s][info][gc,heap        ] GC(327) Old regions: 18->18
[66.142s][info][gc,heap        ] GC(327) Archive regions: 0->0
[66.142s][info][gc,heap        ] GC(327) Humongous regions: 0->0
[66.142s][info][gc,metaspace   ] GC(327) Metaspace: 14252K(15104K)->14252K(15104K) NonClass: 12302K(12864K)->12302K(12864K) Class: 1950K(2240K)->1950K(2240K)
[66.142s][info][gc             ] GC(327) Pause Young (Normal) (G1 Evacuation Pause) 329M->6M(542M) 2.762ms
[66.142s][info][gc,cpu         ] GC(327) User=0.52s Sys=0.00s Real=0.00s
[66.313s][info][gc,start       ] GC(328) Pause Young (Normal) (G1 Evacuation Pause)
[66.313s][info][gc,task        ] GC(328) Using 33 workers of 33 for evacuation
[66.316s][info][gc,phases      ] GC(328)   Pre Evacuate Collection Set: 0.1ms
[66.316s][info][gc,phases      ] GC(328)   Merge Heap Roots: 0.1ms
[66.316s][info][gc,phases      ] GC(328)   Evacuate Collection Set: 0.5ms
[66.316s][info][gc,phases      ] GC(328)   Post Evacuate Collection Set: 1.6ms
[66.316s][info][gc,phases      ] GC(328)   Other: 0.1ms
[66.316s][info][gc,heap        ] GC(328) Eden regions: 323->0(323)
[66.316s][info][gc,heap        ] GC(328) Survivor regions: 2->2(41)
[66.316s][info][gc,heap        ] GC(328) Old regions: 18->18
[66.316s][info][gc,heap        ] GC(328) Archive regions: 0->0
[66.316s][info][gc,heap        ] GC(328) Humongous regions: 0->0
[66.316s][info][gc,metaspace   ] GC(328) Metaspace: 14252K(15104K)->14252K(15104K) NonClass: 12302K(12864K)->12302K(12864K) Class: 1950K(2240K)->1950K(2240K)
[66.316s][info][gc             ] GC(328) Pause Young (Normal) (G1 Evacuation Pause) 329M->7M(542M) 2.646ms
[66.316s][info][gc,cpu         ] GC(328) User=0.00s Sys=0.00s Real=0.00s
[66.489s][info][gc,start       ] GC(329) Pause Young (Normal) (G1 Evacuation Pause)
[66.489s][info][gc,task        ] GC(329) Using 33 workers of 33 for evacuation
[66.491s][info][gc,phases      ] GC(329)   Pre Evacuate Collection Set: 0.1ms
[66.491s][info][gc,phases      ] GC(329)   Merge Heap Roots: 0.1ms
[66.491s][info][gc,phases      ] GC(329)   Evacuate Collection Set: 0.5ms
[66.491s][info][gc,phases      ] GC(329)   Post Evacuate Collection Set: 1.6ms
[66.491s][info][gc,phases      ] GC(329)   Other: 0.1ms
[66.491s][info][gc,heap        ] GC(329) Eden regions: 323->0(324)
[66.491s][info][gc,heap        ] GC(329) Survivor regions: 2->1(41)
[66.491s][info][gc,heap        ] GC(329) Old regions: 18->20
[66.491s][info][gc,heap        ] GC(329) Archive regions: 0->0
[66.491s][info][gc,heap        ] GC(329) Humongous regions: 0->0
[66.491s][info][gc,metaspace   ] GC(329) Metaspace: 14252K(15104K)->14252K(15104K) NonClass: 12302K(12864K)->12302K(12864K) Class: 1950K(2240K)->1950K(2240K)
[66.491s][info][gc             ] GC(329) Pause Young (Normal) (G1 Evacuation Pause) 330M->7M(542M) 2.789ms
[66.491s][info][gc,cpu         ] GC(329) User=0.00s Sys=0.00s Real=0.00s
[66.688s][info][gc,start       ] GC(330) Pause Young (Normal) (G1 Evacuation Pause)
[66.688s][info][gc,task        ] GC(330) Using 33 workers of 33 for evacuation
[66.690s][info][gc,phases      ] GC(330)   Pre Evacuate Collection Set: 0.2ms
[66.690s][info][gc,phases      ] GC(330)   Merge Heap Roots: 0.2ms
[66.690s][info][gc,phases      ] GC(330)   Evacuate Collection Set: 0.3ms
[66.690s][info][gc,phases      ] GC(330)   Post Evacuate Collection Set: 1.6ms
[66.690s][info][gc,phases      ] GC(330)   Other: 0.1ms
[66.690s][info][gc,heap        ] GC(330) Eden regions: 324->0(324)
[66.690s][info][gc,heap        ] GC(330) Survivor regions: 1->1(41)
[66.690s][info][gc,heap        ] GC(330) Old regions: 20->20
[66.690s][info][gc,heap        ] GC(330) Archive regions: 0->0
[66.690s][info][gc,heap        ] GC(330) Humongous regions: 0->0
[66.690s][info][gc,metaspace   ] GC(330) Metaspace: 14252K(15104K)->14252K(15104K) NonClass: 12302K(12864K)->12302K(12864K) Class: 1950K(2240K)->1950K(2240K)
[66.690s][info][gc             ] GC(330) Pause Young (Normal) (G1 Evacuation Pause) 331M->7M(542M) 2.533ms
[66.690s][info][gc,cpu         ] GC(330) User=0.00s Sys=0.00s Real=0.00s
[66.886s][info][gc,start       ] GC(331) Pause Young (Normal) (G1 Evacuation Pause)
[66.886s][info][gc,task        ] GC(331) Using 33 workers of 33 for evacuation
[66.888s][info][gc,phases      ] GC(331)   Pre Evacuate Collection Set: 0.1ms
[66.888s][info][gc,phases      ] GC(331)   Merge Heap Roots: 0.1ms
[66.888s][info][gc,phases      ] GC(331)   Evacuate Collection Set: 0.3ms
[66.888s][info][gc,phases      ] GC(331)   Post Evacuate Collection Set: 1.6ms
[66.888s][info][gc,phases      ] GC(331)   Other: 0.1ms
[66.888s][info][gc,heap        ] GC(331) Eden regions: 324->0(324)
[66.888s][info][gc,heap        ] GC(331) Survivor regions: 1->1(41)
[66.888s][info][gc,heap        ] GC(331) Old regions: 20->20
[66.888s][info][gc,heap        ] GC(331) Archive regions: 0->0
[66.888s][info][gc,heap        ] GC(331) Humongous regions: 0->0
[66.888s][info][gc,metaspace   ] GC(331) Metaspace: 14252K(15104K)->14252K(15104K) NonClass: 12302K(12864K)->12302K(12864K) Class: 1950K(2240K)->1950K(2240K)
[66.888s][info][gc             ] GC(331) Pause Young (Normal) (G1 Evacuation Pause) 331M->7M(542M) 2.517ms
[66.888s][info][gc,cpu         ] GC(331) User=0.00s Sys=0.00s Real=0.00s
[67.084s][info][gc,start       ] GC(332) Pause Young (Normal) (G1 Evacuation Pause)
[67.084s][info][gc,task        ] GC(332) Using 33 workers of 33 for evacuation
[67.086s][info][gc,phases      ] GC(332)   Pre Evacuate Collection Set: 0.1ms
[67.086s][info][gc,phases      ] GC(332)   Merge Heap Roots: 0.2ms
[67.086s][info][gc,phases      ] GC(332)   Evacuate Collection Set: 0.3ms
[67.086s][info][gc,phases      ] GC(332)   Post Evacuate Collection Set: 1.6ms
[67.086s][info][gc,phases      ] GC(332)   Other: 0.1ms
[67.086s][info][gc,heap        ] GC(332) Eden regions: 324->0(324)
[67.086s][info][gc,heap        ] GC(332) Survivor regions: 1->1(41)
[67.086s][info][gc,heap        ] GC(332) Old regions: 20->20
[67.086s][info][gc,heap        ] GC(332) Archive regions: 0->0
[67.086s][info][gc,heap        ] GC(332) Humongous regions: 0->0
[67.086s][info][gc,metaspace   ] GC(332) Metaspace: 14252K(15104K)->14252K(15104K) NonClass: 12302K(12864K)->12302K(12864K) Class: 1950K(2240K)->1950K(2240K)
[67.086s][info][gc             ] GC(332) Pause Young (Normal) (G1 Evacuation Pause) 331M->7M(542M) 2.632ms
[67.086s][info][gc,cpu         ] GC(332) User=0.00s Sys=0.00s Real=0.00s
[67.284s][info][gc,start       ] GC(333) Pause Young (Normal) (G1 Evacuation Pause)
[67.284s][info][gc,task        ] GC(333) Using 33 workers of 33 for evacuation
[67.286s][info][gc,phases      ] GC(333)   Pre Evacuate Collection Set: 0.1ms
[67.286s][info][gc,phases      ] GC(333)   Merge Heap Roots: 0.1ms
[67.286s][info][gc,phases      ] GC(333)   Evacuate Collection Set: 0.3ms
[67.286s][info][gc,phases      ] GC(333)   Post Evacuate Collection Set: 1.7ms
[67.286s][info][gc,phases      ] GC(333)   Other: 0.1ms
[67.286s][info][gc,heap        ] GC(333) Eden regions: 324->0(324)
[67.286s][info][gc,heap        ] GC(333) Survivor regions: 1->1(41)
[67.286s][info][gc,heap        ] GC(333) Old regions: 20->20
[67.286s][info][gc,heap        ] GC(333) Archive regions: 0->0
[67.286s][info][gc,heap        ] GC(333) Humongous regions: 0->0
[67.286s][info][gc,metaspace   ] GC(333) Metaspace: 14252K(15104K)->14252K(15104K) NonClass: 12302K(12864K)->12302K(12864K) Class: 1950K(2240K)->1950K(2240K)
[67.287s][info][gc             ] GC(333) Pause Young (Normal) (G1 Evacuation Pause) 331M->7M(542M) 2.668ms
[67.287s][info][gc,cpu         ] GC(333) User=0.00s Sys=0.00s Real=0.00s
[67.483s][info][gc,start       ] GC(334) Pause Young (Normal) (G1 Evacuation Pause)
[67.483s][info][gc,task        ] GC(334) Using 33 workers of 33 for evacuation
[67.485s][info][gc,phases      ] GC(334)   Pre Evacuate Collection Set: 0.2ms
[67.485s][info][gc,phases      ] GC(334)   Merge Heap Roots: 0.1ms
[67.485s][info][gc,phases      ] GC(334)   Evacuate Collection Set: 0.4ms
[67.485s][info][gc,phases      ] GC(334)   Post Evacuate Collection Set: 1.7ms
[67.485s][info][gc,phases      ] GC(334)   Other: 0.1ms
[67.485s][info][gc,heap        ] GC(334) Eden regions: 324->0(324)
[67.485s][info][gc,heap        ] GC(334) Survivor regions: 1->1(41)
[67.485s][info][gc,heap        ] GC(334) Old regions: 20->20
[67.485s][info][gc,heap        ] GC(334) Archive regions: 0->0
[67.485s][info][gc,heap        ] GC(334) Humongous regions: 0->0
[67.485s][info][gc,metaspace   ] GC(334) Metaspace: 14252K(15104K)->14252K(15104K) NonClass: 12302K(12864K)->12302K(12864K) Class: 1950K(2240K)->1950K(2240K)
[67.485s][info][gc             ] GC(334) Pause Young (Normal) (G1 Evacuation Pause) 331M->7M(542M) 2.694ms
[67.486s][info][gc,cpu         ] GC(334) User=0.52s Sys=0.00s Real=0.00s
[67.682s][info][gc,start       ] GC(335) Pause Young (Normal) (G1 Evacuation Pause)
[67.682s][info][gc,task        ] GC(335) Using 33 workers of 33 for evacuation
[67.684s][info][gc,phases      ] GC(335)   Pre Evacuate Collection Set: 0.2ms
[67.684s][info][gc,phases      ] GC(335)   Merge Heap Roots: 0.2ms
[67.685s][info][gc,phases      ] GC(335)   Evacuate Collection Set: 0.3ms
[67.685s][info][gc,phases      ] GC(335)   Post Evacuate Collection Set: 1.8ms
[67.685s][info][gc,phases      ] GC(335)   Other: 0.1ms
[67.685s][info][gc,heap        ] GC(335) Eden regions: 324->0(324)
[67.685s][info][gc,heap        ] GC(335) Survivor regions: 1->1(41)
[67.685s][info][gc,heap        ] GC(335) Old regions: 20->20
[67.685s][info][gc,heap        ] GC(335) Archive regions: 0->0
[67.685s][info][gc,heap        ] GC(335) Humongous regions: 0->0
[67.685s][info][gc,metaspace   ] GC(335) Metaspace: 14252K(15104K)->14252K(15104K) NonClass: 12302K(12864K)->12302K(12864K) Class: 1950K(2240K)->1950K(2240K)
[67.685s][info][gc             ] GC(335) Pause Young (Normal) (G1 Evacuation Pause) 331M->7M(542M) 2.740ms
[67.685s][info][gc,cpu         ] GC(335) User=0.00s Sys=0.00s Real=0.00s
[67.881s][info][gc,start       ] GC(336) Pause Young (Normal) (G1 Evacuation Pause)
[67.882s][info][gc,task        ] GC(336) Using 33 workers of 33 for evacuation
[67.884s][info][gc,phases      ] GC(336)   Pre Evacuate Collection Set: 0.2ms
[67.884s][info][gc,phases      ] GC(336)   Merge Heap Roots: 0.2ms
[67.884s][info][gc,phases      ] GC(336)   Evacuate Collection Set: 0.3ms
[67.884s][info][gc,phases      ] GC(336)   Post Evacuate Collection Set: 1.8ms
[67.884s][info][gc,phases      ] GC(336)   Other: 0.1ms
[67.884s][info][gc,heap        ] GC(336) Eden regions: 324->0(324)
[67.884s][info][gc,heap        ] GC(336) Survivor regions: 1->1(41)
[67.884s][info][gc,heap        ] GC(336) Old regions: 20->20
[67.884s][info][gc,heap        ] GC(336) Archive regions: 0->0
[67.884s][info][gc,heap        ] GC(336) Humongous regions: 0->0
[67.884s][info][gc,metaspace   ] GC(336) Metaspace: 14252K(15104K)->14252K(15104K) NonClass: 12302K(12864K)->12302K(12864K) Class: 1950K(2240K)->1950K(2240K)
[67.884s][info][gc             ] GC(336) Pause Young (Normal) (G1 Evacuation Pause) 331M->7M(542M) 2.922ms
[67.884s][info][gc,cpu         ] GC(336) User=0.00s Sys=0.00s Real=0.00s
[68.080s][info][gc,start       ] GC(337) Pause Young (Normal) (G1 Evacuation Pause)
[68.080s][info][gc,task        ] GC(337) Using 33 workers of 33 for evacuation
[68.083s][info][gc,phases      ] GC(337)   Pre Evacuate Collection Set: 0.1ms
[68.083s][info][gc,phases      ] GC(337)   Merge Heap Roots: 0.2ms
[68.083s][info][gc,phases      ] GC(337)   Evacuate Collection Set: 0.3ms
[68.083s][info][gc,phases      ] GC(337)   Post Evacuate Collection Set: 1.8ms
[68.083s][info][gc,phases      ] GC(337)   Other: 0.1ms
[68.083s][info][gc,heap        ] GC(337) Eden regions: 324->0(324)
[68.083s][info][gc,heap        ] GC(337) Survivor regions: 1->1(41)
[68.083s][info][gc,heap        ] GC(337) Old regions: 20->20
[68.083s][info][gc,heap        ] GC(337) Archive regions: 0->0
[68.083s][info][gc,heap        ] GC(337) Humongous regions: 0->0
[68.083s][info][gc,metaspace   ] GC(337) Metaspace: 14252K(15104K)->14252K(15104K) NonClass: 12302K(12864K)->12302K(12864K) Class: 1950K(2240K)->1950K(2240K)
[68.083s][info][gc             ] GC(337) Pause Young (Normal) (G1 Evacuation Pause) 331M->7M(542M) 2.775ms
[68.083s][info][gc,cpu         ] GC(337) User=0.00s Sys=0.00s Real=0.00s
[68.280s][info][gc,start       ] GC(338) Pause Young (Normal) (G1 Evacuation Pause)
[68.280s][info][gc,task        ] GC(338) Using 33 workers of 33 for evacuation
[68.283s][info][gc,phases      ] GC(338)   Pre Evacuate Collection Set: 0.2ms
[68.283s][info][gc,phases      ] GC(338)   Merge Heap Roots: 0.2ms
[68.283s][info][gc,phases      ] GC(338)   Evacuate Collection Set: 0.4ms
[68.283s][info][gc,phases      ] GC(338)   Post Evacuate Collection Set: 1.9ms
[68.283s][info][gc,phases      ] GC(338)   Other: 0.1ms
[68.283s][info][gc,heap        ] GC(338) Eden regions: 324->0(324)
[68.283s][info][gc,heap        ] GC(338) Survivor regions: 1->1(41)
[68.283s][info][gc,heap        ] GC(338) Old regions: 20->20
[68.283s][info][gc,heap        ] GC(338) Archive regions: 0->0
[68.283s][info][gc,heap        ] GC(338) Humongous regions: 0->0
[68.283s][info][gc,metaspace   ] GC(338) Metaspace: 14252K(15104K)->14252K(15104K) NonClass: 12302K(12864K)->12302K(12864K) Class: 1950K(2240K)->1950K(2240K)
[68.283s][info][gc             ] GC(338) Pause Young (Normal) (G1 Evacuation Pause) 331M->7M(542M) 2.934ms
[68.283s][info][gc,cpu         ] GC(338) User=0.52s Sys=0.00s Real=0.00s
[68.480s][info][gc,start       ] GC(339) Pause Young (Normal) (G1 Evacuation Pause)
[68.480s][info][gc,task        ] GC(339) Using 33 workers of 33 for evacuation
[68.482s][info][gc,phases      ] GC(339)   Pre Evacuate Collection Set: 0.1ms
[68.483s][info][gc,phases      ] GC(339)   Merge Heap Roots: 0.2ms
[68.483s][info][gc,phases      ] GC(339)   Evacuate Collection Set: 0.3ms
[68.483s][info][gc,phases      ] GC(339)   Post Evacuate Collection Set: 1.9ms
[68.483s][info][gc,phases      ] GC(339)   Other: 0.1ms
[68.483s][info][gc,heap        ] GC(339) Eden regions: 324->0(324)
[68.483s][info][gc,heap        ] GC(339) Survivor regions: 1->1(41)
[68.483s][info][gc,heap        ] GC(339) Old regions: 20->20
[68.483s][info][gc,heap        ] GC(339) Archive regions: 0->0
[68.483s][info][gc,heap        ] GC(339) Humongous regions: 0->0
[68.483s][info][gc,metaspace   ] GC(339) Metaspace: 14252K(15104K)->14252K(15104K) NonClass: 12302K(12864K)->12302K(12864K) Class: 1950K(2240K)->1950K(2240K)
[68.483s][info][gc             ] GC(339) Pause Young (Normal) (G1 Evacuation Pause) 331M->7M(542M) 2.932ms
[68.483s][info][gc,cpu         ] GC(339) User=0.00s Sys=0.00s Real=0.00s
[68.680s][info][gc,start       ] GC(340) Pause Young (Normal) (G1 Evacuation Pause)
[68.680s][info][gc,task        ] GC(340) Using 33 workers of 33 for evacuation
[68.683s][info][gc,phases      ] GC(340)   Pre Evacuate Collection Set: 0.2ms
[68.683s][info][gc,phases      ] GC(340)   Merge Heap Roots: 0.2ms
[68.683s][info][gc,phases      ] GC(340)   Evacuate Collection Set: 0.3ms
[68.683s][info][gc,phases      ] GC(340)   Post Evacuate Collection Set: 1.9ms
[68.683s][info][gc,phases      ] GC(340)   Other: 0.1ms
[68.683s][info][gc,heap        ] GC(340) Eden regions: 324->0(324)
[68.683s][info][gc,heap        ] GC(340) Survivor regions: 1->1(41)
[68.683s][info][gc,heap        ] GC(340) Old regions: 20->20
[68.683s][info][gc,heap        ] GC(340) Archive regions: 0->0
[68.683s][info][gc,heap        ] GC(340) Humongous regions: 0->0
[68.683s][info][gc,metaspace   ] GC(340) Metaspace: 14252K(15104K)->14252K(15104K) NonClass: 12302K(12864K)->12302K(12864K) Class: 1950K(2240K)->1950K(2240K)
[68.683s][info][gc             ] GC(340) Pause Young (Normal) (G1 Evacuation Pause) 331M->7M(542M) 2.939ms
[68.683s][info][gc,cpu         ] GC(340) User=0.00s Sys=0.00s Real=0.00s
[68.881s][info][gc,start       ] GC(341) Pause Young (Normal) (G1 Evacuation Pause)
[68.881s][info][gc,task        ] GC(341) Using 33 workers of 33 for evacuation
[68.883s][info][gc,phases      ] GC(341)   Pre Evacuate Collection Set: 0.2ms
[68.883s][info][gc,phases      ] GC(341)   Merge Heap Roots: 0.2ms
[68.883s][info][gc,phases      ] GC(341)   Evacuate Collection Set: 0.4ms
[68.883s][info][gc,phases      ] GC(341)   Post Evacuate Collection Set: 2.0ms
[68.883s][info][gc,phases      ] GC(341)   Other: 0.1ms
[68.883s][info][gc,heap        ] GC(341) Eden regions: 324->0(324)
[68.884s][info][gc,heap        ] GC(341) Survivor regions: 1->1(41)
[68.884s][info][gc,heap        ] GC(341) Old regions: 20->20
[68.884s][info][gc,heap        ] GC(341) Archive regions: 0->0
[68.884s][info][gc,heap        ] GC(341) Humongous regions: 0->0
[68.884s][info][gc,metaspace   ] GC(341) Metaspace: 14252K(15104K)->14252K(15104K) NonClass: 12302K(12864K)->12302K(12864K) Class: 1950K(2240K)->1950K(2240K)
[68.884s][info][gc             ] GC(341) Pause Young (Normal) (G1 Evacuation Pause) 331M->7M(542M) 2.961ms
[68.884s][info][gc,cpu         ] GC(341) User=0.00s Sys=0.00s Real=0.00s
[69.082s][info][gc,start       ] GC(342) Pause Young (Normal) (G1 Evacuation Pause)
[69.082s][info][gc,task        ] GC(342) Using 33 workers of 33 for evacuation
[69.085s][info][gc,phases      ] GC(342)   Pre Evacuate Collection Set: 0.1ms
[69.085s][info][gc,phases      ] GC(342)   Merge Heap Roots: 0.2ms
[69.085s][info][gc,phases      ] GC(342)   Evacuate Collection Set: 0.4ms
[69.085s][info][gc,phases      ] GC(342)   Post Evacuate Collection Set: 2.0ms
[69.085s][info][gc,phases      ] GC(342)   Other: 0.1ms
[69.085s][info][gc,heap        ] GC(342) Eden regions: 324->0(324)
[69.085s][info][gc,heap        ] GC(342) Survivor regions: 1->1(41)
[69.085s][info][gc,heap        ] GC(342) Old regions: 20->20
[69.085s][info][gc,heap        ] GC(342) Archive regions: 0->0
[69.085s][info][gc,heap        ] GC(342) Humongous regions: 0->0
[69.085s][info][gc,metaspace   ] GC(342) Metaspace: 14252K(15104K)->14252K(15104K) NonClass: 12302K(12864K)->12302K(12864K) Class: 1950K(2240K)->1950K(2240K)
[69.085s][info][gc             ] GC(342) Pause Young (Normal) (G1 Evacuation Pause) 331M->7M(542M) 3.081ms
[69.085s][info][gc,cpu         ] GC(342) User=0.00s Sys=0.00s Real=0.00s
[69.283s][info][gc,start       ] GC(343) Pause Young (Normal) (G1 Evacuation Pause)
[69.283s][info][gc,task        ] GC(343) Using 33 workers of 33 for evacuation
[69.286s][info][gc,phases      ] GC(343)   Pre Evacuate Collection Set: 0.1ms
[69.286s][info][gc,phases      ] GC(343)   Merge Heap Roots: 0.2ms
[69.286s][info][gc,phases      ] GC(343)   Evacuate Collection Set: 0.4ms
[69.286s][info][gc,phases      ] GC(343)   Post Evacuate Collection Set: 2.0ms
[69.286s][info][gc,phases      ] GC(343)   Other: 0.1ms
[69.286s][info][gc,heap        ] GC(343) Eden regions: 324->0(324)
[69.286s][info][gc,heap        ] GC(343) Survivor regions: 1->1(41)
[69.286s][info][gc,heap        ] GC(343) Old regions: 20->20
[69.286s][info][gc,heap        ] GC(343) Archive regions: 0->0
[69.286s][info][gc,heap        ] GC(343) Humongous regions: 0->0
[69.286s][info][gc,metaspace   ] GC(343) Metaspace: 14252K(15104K)->14252K(15104K) NonClass: 12302K(12864K)->12302K(12864K) Class: 1950K(2240K)->1950K(2240K)
[69.286s][info][gc             ] GC(343) Pause Young (Normal) (G1 Evacuation Pause) 331M->7M(542M) 3.124ms
[69.286s][info][gc,cpu         ] GC(343) User=0.00s Sys=0.00s Real=0.00s
[69.483s][info][gc,start       ] GC(344) Pause Young (Normal) (G1 Evacuation Pause)
[69.483s][info][gc,task        ] GC(344) Using 33 workers of 33 for evacuation
[69.486s][info][gc,phases      ] GC(344)   Pre Evacuate Collection Set: 0.2ms
[69.486s][info][gc,phases      ] GC(344)   Merge Heap Roots: 0.2ms
[69.486s][info][gc,phases      ] GC(344)   Evacuate Collection Set: 0.3ms
[69.486s][info][gc,phases      ] GC(344)   Post Evacuate Collection Set: 2.1ms
[69.486s][info][gc,phases      ] GC(344)   Other: 0.1ms
[69.486s][info][gc,heap        ] GC(344) Eden regions: 324->0(324)
[69.486s][info][gc,heap        ] GC(344) Survivor regions: 1->1(41)
[69.486s][info][gc,heap        ] GC(344) Old regions: 20->20
[69.486s][info][gc,heap        ] GC(344) Archive regions: 0->0
[69.486s][info][gc,heap        ] GC(344) Humongous regions: 0->0
[69.486s][info][gc,metaspace   ] GC(344) Metaspace: 14252K(15104K)->14252K(15104K) NonClass: 12302K(12864K)->12302K(12864K) Class: 1950K(2240K)->1950K(2240K)
[69.486s][info][gc             ] GC(344) Pause Young (Normal) (G1 Evacuation Pause) 331M->7M(542M) 3.049ms
[69.486s][info][gc,cpu         ] GC(344) User=0.52s Sys=0.00s Real=0.00s
[69.685s][info][gc,start       ] GC(345) Pause Young (Normal) (G1 Evacuation Pause)
[69.685s][info][gc,task        ] GC(345) Using 33 workers of 33 for evacuation
[69.688s][info][gc,phases      ] GC(345)   Pre Evacuate Collection Set: 0.2ms
[69.688s][info][gc,phases      ] GC(345)   Merge Heap Roots: 0.1ms
[69.688s][info][gc,phases      ] GC(345)   Evacuate Collection Set: 0.4ms
[69.688s][info][gc,phases      ] GC(345)   Post Evacuate Collection Set: 2.1ms
[69.688s][info][gc,phases      ] GC(345)   Other: 0.1ms
[69.688s][info][gc,heap        ] GC(345) Eden regions: 324->0(324)
[69.688s][info][gc,heap        ] GC(345) Survivor regions: 1->1(41)
[69.688s][info][gc,heap        ] GC(345) Old regions: 20->21
[69.688s][info][gc,heap        ] GC(345) Archive regions: 0->0
[69.688s][info][gc,heap        ] GC(345) Humongous regions: 0->0
[69.688s][info][gc,metaspace   ] GC(345) Metaspace: 14252K(15104K)->14252K(15104K) NonClass: 12302K(12864K)->12302K(12864K) Class: 1950K(2240K)->1950K(2240K)
[69.688s][info][gc             ] GC(345) Pause Young (Normal) (G1 Evacuation Pause) 331M->7M(542M) 3.075ms
[69.688s][info][gc,cpu         ] GC(345) User=0.03s Sys=0.00s Real=0.00s
[69.885s][info][gc,start       ] GC(346) Pause Young (Normal) (G1 Evacuation Pause)
[69.885s][info][gc,task        ] GC(346) Using 33 workers of 33 for evacuation
[69.888s][info][gc,phases      ] GC(346)   Pre Evacuate Collection Set: 0.2ms
[69.888s][info][gc,phases      ] GC(346)   Merge Heap Roots: 0.2ms
[69.888s][info][gc,phases      ] GC(346)   Evacuate Collection Set: 0.3ms
[69.888s][info][gc,phases      ] GC(346)   Post Evacuate Collection Set: 1.9ms
[69.888s][info][gc,phases      ] GC(346)   Other: 0.1ms
[69.888s][info][gc,heap        ] GC(346) Eden regions: 324->0(324)
[69.888s][info][gc,heap        ] GC(346) Survivor regions: 1->1(41)
[69.888s][info][gc,heap        ] GC(346) Old regions: 21->21
[69.888s][info][gc,heap        ] GC(346) Archive regions: 0->0
[69.888s][info][gc,heap        ] GC(346) Humongous regions: 0->0
[69.888s][info][gc,metaspace   ] GC(346) Metaspace: 14252K(15104K)->14252K(15104K) NonClass: 12302K(12864K)->12302K(12864K) Class: 1950K(2240K)->1950K(2240K)
[69.888s][info][gc             ] GC(346) Pause Young (Normal) (G1 Evacuation Pause) 331M->7M(542M) 2.984ms
[69.888s][info][gc,cpu         ] GC(346) User=0.00s Sys=0.00s Real=0.00s
[70.088s][info][gc,start       ] GC(347) Pause Young (Normal) (G1 Evacuation Pause)
[70.088s][info][gc,task        ] GC(347) Using 33 workers of 33 for evacuation
[70.090s][info][gc,phases      ] GC(347)   Pre Evacuate Collection Set: 0.2ms
[70.090s][info][gc,phases      ] GC(347)   Merge Heap Roots: 0.2ms
[70.090s][info][gc,phases      ] GC(347)   Evacuate Collection Set: 0.3ms
[70.090s][info][gc,phases      ] GC(347)   Post Evacuate Collection Set: 1.6ms
[70.090s][info][gc,phases      ] GC(347)   Other: 0.1ms
[70.090s][info][gc,heap        ] GC(347) Eden regions: 324->0(324)
[70.090s][info][gc,heap        ] GC(347) Survivor regions: 1->1(41)
[70.090s][info][gc,heap        ] GC(347) Old regions: 21->21
[70.090s][info][gc,heap        ] GC(347) Archive regions: 0->0
[70.090s][info][gc,heap        ] GC(347) Humongous regions: 0->0
[70.090s][info][gc,metaspace   ] GC(347) Metaspace: 14252K(15104K)->14252K(15104K) NonClass: 12302K(12864K)->12302K(12864K) Class: 1950K(2240K)->1950K(2240K)
[70.090s][info][gc             ] GC(347) Pause Young (Normal) (G1 Evacuation Pause) 331M->7M(542M) 2.656ms
[70.090s][info][gc,cpu         ] GC(347) User=0.00s Sys=0.00s Real=0.00s
[70.286s][info][gc,start       ] GC(348) Pause Young (Normal) (G1 Evacuation Pause)
[70.287s][info][gc,task        ] GC(348) Using 33 workers of 33 for evacuation
[70.289s][info][gc,phases      ] GC(348)   Pre Evacuate Collection Set: 0.2ms
[70.289s][info][gc,phases      ] GC(348)   Merge Heap Roots: 0.1ms
[70.289s][info][gc,phases      ] GC(348)   Evacuate Collection Set: 0.4ms
[70.289s][info][gc,phases      ] GC(348)   Post Evacuate Collection Set: 1.6ms
[70.289s][info][gc,phases      ] GC(348)   Other: 0.1ms
[70.289s][info][gc,heap        ] GC(348) Eden regions: 324->0(324)
[70.289s][info][gc,heap        ] GC(348) Survivor regions: 1->1(41)
[70.289s][info][gc,heap        ] GC(348) Old regions: 21->21
[70.289s][info][gc,heap        ] GC(348) Archive regions: 0->0
[70.289s][info][gc,heap        ] GC(348) Humongous regions: 0->0
[70.289s][info][gc,metaspace   ] GC(348) Metaspace: 14252K(15104K)->14252K(15104K) NonClass: 12302K(12864K)->12302K(12864K) Class: 1950K(2240K)->1950K(2240K)
[70.289s][info][gc             ] GC(348) Pause Young (Normal) (G1 Evacuation Pause) 331M->7M(542M) 2.611ms
[70.289s][info][gc,cpu         ] GC(348) User=0.00s Sys=0.00s Real=0.00s
[70.486s][info][gc,start       ] GC(349) Pause Young (Normal) (G1 Evacuation Pause)
[70.486s][info][gc,task        ] GC(349) Using 33 workers of 33 for evacuation
[70.488s][info][gc,phases      ] GC(349)   Pre Evacuate Collection Set: 0.1ms
[70.488s][info][gc,phases      ] GC(349)   Merge Heap Roots: 0.2ms
[70.488s][info][gc,phases      ] GC(349)   Evacuate Collection Set: 0.4ms
[70.488s][info][gc,phases      ] GC(349)   Post Evacuate Collection Set: 1.7ms
[70.488s][info][gc,phases      ] GC(349)   Other: 0.1ms
[70.489s][info][gc,heap        ] GC(349) Eden regions: 324->0(324)
[70.489s][info][gc,heap        ] GC(349) Survivor regions: 1->1(41)
[70.489s][info][gc,heap        ] GC(349) Old regions: 21->21
[70.489s][info][gc,heap        ] GC(349) Archive regions: 0->0
[70.489s][info][gc,heap        ] GC(349) Humongous regions: 0->0
[70.489s][info][gc,metaspace   ] GC(349) Metaspace: 14252K(15104K)->14252K(15104K) NonClass: 12302K(12864K)->12302K(12864K) Class: 1950K(2240K)->1950K(2240K)
[70.489s][info][gc             ] GC(349) Pause Young (Normal) (G1 Evacuation Pause) 331M->7M(542M) 2.717ms
[70.489s][info][gc,cpu         ] GC(349) User=0.00s Sys=0.00s Real=0.00s
[70.687s][info][gc,start       ] GC(350) Pause Young (Normal) (G1 Evacuation Pause)
[70.687s][info][gc,task        ] GC(350) Using 33 workers of 33 for evacuation
[70.689s][info][gc,phases      ] GC(350)   Pre Evacuate Collection Set: 0.1ms
[70.689s][info][gc,phases      ] GC(350)   Merge Heap Roots: 0.2ms
[70.689s][info][gc,phases      ] GC(350)   Evacuate Collection Set: 0.4ms
[70.689s][info][gc,phases      ] GC(350)   Post Evacuate Collection Set: 1.7ms
[70.689s][info][gc,phases      ] GC(350)   Other: 0.1ms
[70.689s][info][gc,heap        ] GC(350) Eden regions: 324->0(324)
[70.689s][info][gc,heap        ] GC(350) Survivor regions: 1->1(41)
[70.689s][info][gc,heap        ] GC(350) Old regions: 21->21
[70.689s][info][gc,heap        ] GC(350) Archive regions: 0->0
[70.689s][info][gc,heap        ] GC(350) Humongous regions: 0->0
[70.689s][info][gc,metaspace   ] GC(350) Metaspace: 14252K(15104K)->14252K(15104K) NonClass: 12302K(12864K)->12302K(12864K) Class: 1950K(2240K)->1950K(2240K)
[70.689s][info][gc             ] GC(350) Pause Young (Normal) (G1 Evacuation Pause) 331M->8M(542M) 2.744ms
[70.689s][info][gc,cpu         ] GC(350) User=0.52s Sys=0.00s Real=0.00s
[70.887s][info][gc,start       ] GC(351) Pause Young (Normal) (G1 Evacuation Pause)
[70.887s][info][gc,task        ] GC(351) Using 33 workers of 33 for evacuation
[70.889s][info][gc,phases      ] GC(351)   Pre Evacuate Collection Set: 0.2ms
[70.889s][info][gc,phases      ] GC(351)   Merge Heap Roots: 0.2ms
[70.889s][info][gc,phases      ] GC(351)   Evacuate Collection Set: 0.4ms
[70.889s][info][gc,phases      ] GC(351)   Post Evacuate Collection Set: 1.7ms
[70.889s][info][gc,phases      ] GC(351)   Other: 0.1ms
[70.889s][info][gc,heap        ] GC(351) Eden regions: 324->0(324)
[70.889s][info][gc,heap        ] GC(351) Survivor regions: 1->1(41)
[70.889s][info][gc,heap        ] GC(351) Old regions: 21->21
[70.889s][info][gc,heap        ] GC(351) Archive regions: 0->0
[70.889s][info][gc,heap        ] GC(351) Humongous regions: 0->0
[70.889s][info][gc,metaspace   ] GC(351) Metaspace: 14252K(15104K)->14252K(15104K) NonClass: 12302K(12864K)->12302K(12864K) Class: 1950K(2240K)->1950K(2240K)
[70.889s][info][gc             ] GC(351) Pause Young (Normal) (G1 Evacuation Pause) 332M->8M(542M) 2.754ms
[70.890s][info][gc,cpu         ] GC(351) User=0.00s Sys=0.00s Real=0.00s
[71.086s][info][gc,start       ] GC(352) Pause Young (Normal) (G1 Evacuation Pause)
[71.086s][info][gc,task        ] GC(352) Using 33 workers of 33 for evacuation
[71.088s][info][gc,phases      ] GC(352)   Pre Evacuate Collection Set: 0.1ms
[71.088s][info][gc,phases      ] GC(352)   Merge Heap Roots: 0.2ms
[71.088s][info][gc,phases      ] GC(352)   Evacuate Collection Set: 0.4ms
[71.088s][info][gc,phases      ] GC(352)   Post Evacuate Collection Set: 1.7ms
[71.088s][info][gc,phases      ] GC(352)   Other: 0.1ms
[71.088s][info][gc,heap        ] GC(352) Eden regions: 324->0(324)
[71.088s][info][gc,heap        ] GC(352) Survivor regions: 1->1(41)
[71.088s][info][gc,heap        ] GC(352) Old regions: 21->21
[71.088s][info][gc,heap        ] GC(352) Archive regions: 0->0
[71.088s][info][gc,heap        ] GC(352) Humongous regions: 0->0
[71.088s][info][gc,metaspace   ] GC(352) Metaspace: 14252K(15104K)->14252K(15104K) NonClass: 12302K(12864K)->12302K(12864K) Class: 1950K(2240K)->1950K(2240K)
[71.088s][info][gc             ] GC(352) Pause Young (Normal) (G1 Evacuation Pause) 332M->8M(542M) 2.731ms
[71.088s][info][gc,cpu         ] GC(352) User=0.00s Sys=0.00s Real=0.00s
[71.285s][info][gc,start       ] GC(353) Pause Young (Normal) (G1 Evacuation Pause)
[71.285s][info][gc,task        ] GC(353) Using 33 workers of 33 for evacuation
[71.288s][info][gc,phases      ] GC(353)   Pre Evacuate Collection Set: 0.2ms
[71.331s][info][gc,phases      ] GC(353)   Merge Heap Roots: 0.2ms
[71.331s][info][gc,phases      ] GC(353)   Evacuate Collection Set: 0.3ms
[71.331s][info][gc,phases      ] GC(353)   Post Evacuate Collection Set: 1.8ms
[71.331s][info][gc,phases      ] GC(353)   Other: 0.1ms
[71.331s][info][gc,heap        ] GC(353) Eden regions: 324->0(324)
[71.331s][info][gc,heap        ] GC(353) Survivor regions: 1->1(41)
[71.331s][info][gc,heap        ] GC(353) Old regions: 21->21
[71.331s][info][gc,heap        ] GC(353) Archive regions: 0->0
[71.331s][info][gc,heap        ] GC(353) Humongous regions: 0->0
[71.331s][info][gc,metaspace   ] GC(353) Metaspace: 14252K(15104K)->14252K(15104K) NonClass: 12302K(12864K)->12302K(12864K) Class: 1950K(2240K)->1950K(2240K)
[71.331s][info][gc             ] GC(353) Pause Young (Normal) (G1 Evacuation Pause) 332M->8M(542M) 46.480ms
[71.332s][info][gc,cpu         ] GC(353) User=0.00s Sys=0.00s Real=0.04s
[71.535s][info][gc,start       ] GC(354) Pause Young (Normal) (G1 Evacuation Pause)
[71.535s][info][gc,task        ] GC(354) Using 33 workers of 33 for evacuation
[71.537s][info][gc,phases      ] GC(354)   Pre Evacuate Collection Set: 0.2ms
[71.537s][info][gc,phases      ] GC(354)   Merge Heap Roots: 0.2ms
[71.537s][info][gc,phases      ] GC(354)   Evacuate Collection Set: 0.4ms
[71.537s][info][gc,phases      ] GC(354)   Post Evacuate Collection Set: 1.8ms
[71.537s][info][gc,phases      ] GC(354)   Other: 0.1ms
[71.537s][info][gc,heap        ] GC(354) Eden regions: 324->0(324)
[71.537s][info][gc,heap        ] GC(354) Survivor regions: 1->1(41)
[71.537s][info][gc,heap        ] GC(354) Old regions: 21->21
[71.537s][info][gc,heap        ] GC(354) Archive regions: 0->0
[71.537s][info][gc,heap        ] GC(354) Humongous regions: 0->0
[71.537s][info][gc,metaspace   ] GC(354) Metaspace: 14252K(15104K)->14252K(15104K) NonClass: 12302K(12864K)->12302K(12864K) Class: 1950K(2240K)->1950K(2240K)
[71.538s][info][gc             ] GC(354) Pause Young (Normal) (G1 Evacuation Pause) 332M->8M(542M) 2.886ms
[71.538s][info][gc,cpu         ] GC(354) User=0.00s Sys=0.00s Real=0.00s
[71.735s][info][gc,start       ] GC(355) Pause Young (Normal) (G1 Evacuation Pause)
[71.735s][info][gc,task        ] GC(355) Using 33 workers of 33 for evacuation
[71.737s][info][gc,phases      ] GC(355)   Pre Evacuate Collection Set: 0.2ms
[71.737s][info][gc,phases      ] GC(355)   Merge Heap Roots: 0.2ms
[71.737s][info][gc,phases      ] GC(355)   Evacuate Collection Set: 0.3ms
[71.737s][info][gc,phases      ] GC(355)   Post Evacuate Collection Set: 1.9ms
[71.737s][info][gc,phases      ] GC(355)   Other: 0.1ms
[71.737s][info][gc,heap        ] GC(355) Eden regions: 324->0(324)
[71.737s][info][gc,heap        ] GC(355) Survivor regions: 1->1(41)
[71.738s][info][gc,heap        ] GC(355) Old regions: 21->21
[71.738s][info][gc,heap        ] GC(355) Archive regions: 0->0
[71.738s][info][gc,heap        ] GC(355) Humongous regions: 0->0
[71.738s][info][gc,metaspace   ] GC(355) Metaspace: 14252K(15104K)->14252K(15104K) NonClass: 12302K(12864K)->12302K(12864K) Class: 1950K(2240K)->1950K(2240K)
[71.738s][info][gc             ] GC(355) Pause Young (Normal) (G1 Evacuation Pause) 332M->8M(542M) 2.811ms
[71.738s][info][gc,cpu         ] GC(355) User=0.02s Sys=0.00s Real=0.00s
[71.934s][info][gc,start       ] GC(356) Pause Young (Normal) (G1 Evacuation Pause)
[71.934s][info][gc,task        ] GC(356) Using 33 workers of 33 for evacuation
[71.937s][info][gc,phases      ] GC(356)   Pre Evacuate Collection Set: 0.2ms
[71.937s][info][gc,phases      ] GC(356)   Merge Heap Roots: 0.2ms
[71.937s][info][gc,phases      ] GC(356)   Evacuate Collection Set: 0.4ms
[71.937s][info][gc,phases      ] GC(356)   Post Evacuate Collection Set: 1.9ms
[71.937s][info][gc,phases      ] GC(356)   Other: 0.1ms
[71.937s][info][gc,heap        ] GC(356) Eden regions: 324->0(324)
[71.937s][info][gc,heap        ] GC(356) Survivor regions: 1->1(41)
[71.937s][info][gc,heap        ] GC(356) Old regions: 21->21
[71.937s][info][gc,heap        ] GC(356) Archive regions: 0->0
[71.937s][info][gc,heap        ] GC(356) Humongous regions: 0->0
[71.937s][info][gc,metaspace   ] GC(356) Metaspace: 14252K(15104K)->14252K(15104K) NonClass: 12302K(12864K)->12302K(12864K) Class: 1950K(2240K)->1950K(2240K)
[71.937s][info][gc             ] GC(356) Pause Young (Normal) (G1 Evacuation Pause) 332M->8M(542M) 2.910ms
[71.937s][info][gc,cpu         ] GC(356) User=0.00s Sys=0.00s Real=0.00s
[72.133s][info][gc,start       ] GC(357) Pause Young (Normal) (G1 Evacuation Pause)
[72.133s][info][gc,task        ] GC(357) Using 33 workers of 33 for evacuation
[72.136s][info][gc,phases      ] GC(357)   Pre Evacuate Collection Set: 0.2ms
[72.136s][info][gc,phases      ] GC(357)   Merge Heap Roots: 0.2ms
[72.136s][info][gc,phases      ] GC(357)   Evacuate Collection Set: 0.3ms
[72.136s][info][gc,phases      ] GC(357)   Post Evacuate Collection Set: 1.9ms
[72.136s][info][gc,phases      ] GC(357)   Other: 0.2ms
[72.136s][info][gc,heap        ] GC(357) Eden regions: 324->0(324)
[72.136s][info][gc,heap        ] GC(357) Survivor regions: 1->1(41)
[72.136s][info][gc,heap        ] GC(357) Old regions: 21->21
[72.136s][info][gc,heap        ] GC(357) Archive regions: 0->0
[72.136s][info][gc,heap        ] GC(357) Humongous regions: 0->0
[72.136s][info][gc,metaspace   ] GC(357) Metaspace: 14252K(15104K)->14252K(15104K) NonClass: 12302K(12864K)->12302K(12864K) Class: 1950K(2240K)->1950K(2240K)
[72.136s][info][gc             ] GC(357) Pause Young (Normal) (G1 Evacuation Pause) 332M->8M(542M) 3.026ms
[72.136s][info][gc,cpu         ] GC(357) User=0.00s Sys=0.00s Real=0.00s
[72.333s][info][gc,start       ] GC(358) Pause Young (Normal) (G1 Evacuation Pause)
[72.334s][info][gc,task        ] GC(358) Using 33 workers of 33 for evacuation
[72.336s][info][gc,phases      ] GC(358)   Pre Evacuate Collection Set: 0.2ms
[72.336s][info][gc,phases      ] GC(358)   Merge Heap Roots: 0.1ms
[72.336s][info][gc,phases      ] GC(358)   Evacuate Collection Set: 0.3ms
[72.336s][info][gc,phases      ] GC(358)   Post Evacuate Collection Set: 2.0ms
[72.336s][info][gc,phases      ] GC(358)   Other: 0.1ms
[72.336s][info][gc,heap        ] GC(358) Eden regions: 324->0(324)
[72.336s][info][gc,heap        ] GC(358) Survivor regions: 1->1(41)
[72.336s][info][gc,heap        ] GC(358) Old regions: 21->21
[72.336s][info][gc,heap        ] GC(358) Archive regions: 0->0
[72.336s][info][gc,heap        ] GC(358) Humongous regions: 0->0
[72.336s][info][gc,metaspace   ] GC(358) Metaspace: 14252K(15104K)->14252K(15104K) NonClass: 12302K(12864K)->12302K(12864K) Class: 1950K(2240K)->1950K(2240K)
[72.336s][info][gc             ] GC(358) Pause Young (Normal) (G1 Evacuation Pause) 332M->8M(542M) 2.902ms
[72.336s][info][gc,cpu         ] GC(358) User=0.00s Sys=0.00s Real=0.00s
[72.534s][info][gc,start       ] GC(359) Pause Young (Normal) (G1 Evacuation Pause)
[72.534s][info][gc,task        ] GC(359) Using 33 workers of 33 for evacuation
[72.537s][info][gc,phases      ] GC(359)   Pre Evacuate Collection Set: 0.2ms
[72.537s][info][gc,phases      ] GC(359)   Merge Heap Roots: 0.2ms
[72.537s][info][gc,phases      ] GC(359)   Evacuate Collection Set: 0.4ms
[72.537s][info][gc,phases      ] GC(359)   Post Evacuate Collection Set: 2.0ms
[72.537s][info][gc,phases      ] GC(359)   Other: 0.1ms
[72.537s][info][gc,heap        ] GC(359) Eden regions: 324->0(324)
[72.537s][info][gc,heap        ] GC(359) Survivor regions: 1->1(41)
[72.537s][info][gc,heap        ] GC(359) Old regions: 21->21
[72.537s][info][gc,heap        ] GC(359) Archive regions: 0->0
[72.537s][info][gc,heap        ] GC(359) Humongous regions: 0->0
[72.537s][info][gc,metaspace   ] GC(359) Metaspace: 14252K(15104K)->14252K(15104K) NonClass: 12302K(12864K)->12302K(12864K) Class: 1950K(2240K)->1950K(2240K)
[72.537s][info][gc             ] GC(359) Pause Young (Normal) (G1 Evacuation Pause) 332M->8M(542M) 3.069ms
[72.537s][info][gc,cpu         ] GC(359) User=0.00s Sys=0.00s Real=0.00s
[72.735s][info][gc,start       ] GC(360) Pause Young (Normal) (G1 Evacuation Pause)
[72.743s][info][gc,task        ] GC(360) Using 33 workers of 33 for evacuation
[72.746s][info][gc,phases      ] GC(360)   Pre Evacuate Collection Set: 0.1ms
[72.746s][info][gc,phases      ] GC(360)   Merge Heap Roots: 0.2ms
[72.746s][info][gc,phases      ] GC(360)   Evacuate Collection Set: 0.4ms
[72.746s][info][gc,phases      ] GC(360)   Post Evacuate Collection Set: 2.1ms
[72.746s][info][gc,phases      ] GC(360)   Other: 0.1ms
[72.746s][info][gc,heap        ] GC(360) Eden regions: 324->0(324)
[72.746s][info][gc,heap        ] GC(360) Survivor regions: 1->1(41)
[72.746s][info][gc,heap        ] GC(360) Old regions: 21->21
[72.746s][info][gc,heap        ] GC(360) Archive regions: 0->0
[72.746s][info][gc,heap        ] GC(360) Humongous regions: 0->0
[72.746s][info][gc,metaspace   ] GC(360) Metaspace: 14252K(15104K)->14252K(15104K) NonClass: 12302K(12864K)->12302K(12864K) Class: 1950K(2240K)->1950K(2240K)
[72.746s][info][gc             ] GC(360) Pause Young (Normal) (G1 Evacuation Pause) 332M->8M(542M) 10.721ms
[72.746s][info][gc,cpu         ] GC(360) User=0.00s Sys=0.00s Real=0.01s
[72.945s][info][gc,start       ] GC(361) Pause Young (Normal) (G1 Evacuation Pause)
[72.945s][info][gc,task        ] GC(361) Using 33 workers of 33 for evacuation
[72.947s][info][gc,phases      ] GC(361)   Pre Evacuate Collection Set: 0.1ms
[72.947s][info][gc,phases      ] GC(361)   Merge Heap Roots: 0.2ms
[72.947s][info][gc,phases      ] GC(361)   Evacuate Collection Set: 0.3ms
[72.947s][info][gc,phases      ] GC(361)   Post Evacuate Collection Set: 2.1ms
[72.947s][info][gc,phases      ] GC(361)   Other: 0.1ms
[72.947s][info][gc,heap        ] GC(361) Eden regions: 324->0(324)
[72.948s][info][gc,heap        ] GC(361) Survivor regions: 1->1(41)
[72.948s][info][gc,heap        ] GC(361) Old regions: 21->21
[72.948s][info][gc,heap        ] GC(361) Archive regions: 0->0
[72.948s][info][gc,heap        ] GC(361) Humongous regions: 0->0
[72.948s][info][gc,metaspace   ] GC(361) Metaspace: 14252K(15104K)->14252K(15104K) NonClass: 12302K(12864K)->12302K(12864K) Class: 1950K(2240K)->1950K(2240K)
[72.948s][info][gc             ] GC(361) Pause Young (Normal) (G1 Evacuation Pause) 332M->8M(542M) 3.064ms
[72.948s][info][gc,cpu         ] GC(361) User=0.00s Sys=0.00s Real=0.00s
[73.146s][info][gc,start       ] GC(362) Pause Young (Normal) (G1 Evacuation Pause)
[73.146s][info][gc,task        ] GC(362) Using 33 workers of 33 for evacuation
[73.149s][info][gc,phases      ] GC(362)   Pre Evacuate Collection Set: 0.2ms
[73.149s][info][gc,phases      ] GC(362)   Merge Heap Roots: 0.2ms
[73.149s][info][gc,phases      ] GC(362)   Evacuate Collection Set: 0.4ms
[73.149s][info][gc,phases      ] GC(362)   Post Evacuate Collection Set: 2.1ms
[73.149s][info][gc,phases      ] GC(362)   Other: 0.1ms
[73.149s][info][gc,heap        ] GC(362) Eden regions: 324->0(324)
[73.149s][info][gc,heap        ] GC(362) Survivor regions: 1->1(41)
[73.149s][info][gc,heap        ] GC(362) Old regions: 21->21
[73.149s][info][gc,heap        ] GC(362) Archive regions: 0->0
[73.149s][info][gc,heap        ] GC(362) Humongous regions: 0->0
[73.149s][info][gc,metaspace   ] GC(362) Metaspace: 14252K(15104K)->14252K(15104K) NonClass: 12302K(12864K)->12302K(12864K) Class: 1950K(2240K)->1950K(2240K)
[73.149s][info][gc             ] GC(362) Pause Young (Normal) (G1 Evacuation Pause) 332M->8M(542M) 3.172ms
[73.149s][info][gc,cpu         ] GC(362) User=0.00s Sys=0.00s Real=0.00s
[73.489s][info][gc,start       ] GC(363) Pause Young (Normal) (G1 Evacuation Pause)
[73.489s][info][gc,task        ] GC(363) Using 33 workers of 33 for evacuation
[73.493s][info][gc,phases      ] GC(363)   Pre Evacuate Collection Set: 0.2ms
[73.493s][info][gc,phases      ] GC(363)   Merge Heap Roots: 0.2ms
[73.493s][info][gc,phases      ] GC(363)   Evacuate Collection Set: 0.6ms
[73.494s][info][gc,phases      ] GC(363)   Post Evacuate Collection Set: 2.7ms
[73.494s][info][gc,phases      ] GC(363)   Other: 0.2ms
[73.494s][info][gc,heap        ] GC(363) Eden regions: 324->0(324)
[73.494s][info][gc,heap        ] GC(363) Survivor regions: 1->1(41)
[73.494s][info][gc,heap        ] GC(363) Old regions: 21->21
[73.494s][info][gc,heap        ] GC(363) Archive regions: 0->0
[73.494s][info][gc,heap        ] GC(363) Humongous regions: 0->0
[73.494s][info][gc,metaspace   ] GC(363) Metaspace: 14252K(15104K)->14252K(15104K) NonClass: 12302K(12864K)->12302K(12864K) Class: 1950K(2240K)->1950K(2240K)
[73.494s][info][gc             ] GC(363) Pause Young (Normal) (G1 Evacuation Pause) 332M->8M(542M) 4.641ms
[73.494s][info][gc,cpu         ] GC(363) User=0.00s Sys=0.00s Real=0.00s
[73.696s][info][gc,start       ] GC(364) Pause Young (Normal) (G1 Evacuation Pause)
[73.696s][info][gc,task        ] GC(364) Using 33 workers of 33 for evacuation
[73.698s][info][gc,phases      ] GC(364)   Pre Evacuate Collection Set: 0.1ms
[73.698s][info][gc,phases      ] GC(364)   Merge Heap Roots: 0.2ms
[73.698s][info][gc,phases      ] GC(364)   Evacuate Collection Set: 0.4ms
[73.698s][info][gc,phases      ] GC(364)   Post Evacuate Collection Set: 2.0ms
[73.698s][info][gc,phases      ] GC(364)   Other: 0.1ms
[73.698s][info][gc,heap        ] GC(364) Eden regions: 324->0(324)
[73.698s][info][gc,heap        ] GC(364) Survivor regions: 1->1(41)
[73.698s][info][gc,heap        ] GC(364) Old regions: 21->21
[73.698s][info][gc,heap        ] GC(364) Archive regions: 0->0
[73.698s][info][gc,heap        ] GC(364) Humongous regions: 0->0
[73.698s][info][gc,metaspace   ] GC(364) Metaspace: 14252K(15104K)->14252K(15104K) NonClass: 12302K(12864K)->12302K(12864K) Class: 1950K(2240K)->1950K(2240K)
[73.699s][info][gc             ] GC(364) Pause Young (Normal) (G1 Evacuation Pause) 332M->8M(542M) 2.967ms
[73.699s][info][gc,cpu         ] GC(364) User=0.00s Sys=0.00s Real=0.00s
[73.896s][info][gc,start       ] GC(365) Pause Young (Normal) (G1 Evacuation Pause)
[73.896s][info][gc,task        ] GC(365) Using 33 workers of 33 for evacuation
[73.898s][info][gc,phases      ] GC(365)   Pre Evacuate Collection Set: 0.2ms
[73.898s][info][gc,phases      ] GC(365)   Merge Heap Roots: 0.2ms
[73.898s][info][gc,phases      ] GC(365)   Evacuate Collection Set: 0.4ms
[73.898s][info][gc,phases      ] GC(365)   Post Evacuate Collection Set: 1.8ms
[73.898s][info][gc,phases      ] GC(365)   Other: 0.1ms
[73.898s][info][gc,heap        ] GC(365) Eden regions: 324->0(324)
[73.898s][info][gc,heap        ] GC(365) Survivor regions: 1->1(41)
[73.898s][info][gc,heap        ] GC(365) Old regions: 21->21
[73.898s][info][gc,heap        ] GC(365) Archive regions: 0->0
[73.898s][info][gc,heap        ] GC(365) Humongous regions: 0->0
[73.898s][info][gc,metaspace   ] GC(365) Metaspace: 14252K(15104K)->14252K(15104K) NonClass: 12302K(12864K)->12302K(12864K) Class: 1950K(2240K)->1950K(2240K)
[73.898s][info][gc             ] GC(365) Pause Young (Normal) (G1 Evacuation Pause) 332M->8M(542M) 2.824ms
[73.898s][info][gc,cpu         ] GC(365) User=0.00s Sys=0.00s Real=0.00s
[74.095s][info][gc,start       ] GC(366) Pause Young (Normal) (G1 Evacuation Pause)
[74.095s][info][gc,task        ] GC(366) Using 33 workers of 33 for evacuation
[74.098s][info][gc,phases      ] GC(366)   Pre Evacuate Collection Set: 0.2ms
[74.098s][info][gc,phases      ] GC(366)   Merge Heap Roots: 0.2ms
[74.098s][info][gc,phases      ] GC(366)   Evacuate Collection Set: 0.4ms
[74.098s][info][gc,phases      ] GC(366)   Post Evacuate Collection Set: 1.8ms
[74.098s][info][gc,phases      ] GC(366)   Other: 0.1ms
[74.098s][info][gc,heap        ] GC(366) Eden regions: 324->0(324)
[74.098s][info][gc,heap        ] GC(366) Survivor regions: 1->1(41)
[74.098s][info][gc,heap        ] GC(366) Old regions: 21->21
[74.098s][info][gc,heap        ] GC(366) Archive regions: 0->0
[74.098s][info][gc,heap        ] GC(366) Humongous regions: 0->0
[74.098s][info][gc,metaspace   ] GC(366) Metaspace: 14252K(15104K)->14252K(15104K) NonClass: 12302K(12864K)->12302K(12864K) Class: 1950K(2240K)->1950K(2240K)
[74.098s][info][gc             ] GC(366) Pause Young (Normal) (G1 Evacuation Pause) 332M->8M(542M) 2.843ms
[74.098s][info][gc,cpu         ] GC(366) User=0.00s Sys=0.00s Real=0.00s
[74.294s][info][gc,start       ] GC(367) Pause Young (Normal) (G1 Evacuation Pause)
[74.294s][info][gc,task        ] GC(367) Using 33 workers of 33 for evacuation
[74.297s][info][gc,phases      ] GC(367)   Pre Evacuate Collection Set: 0.2ms
[74.297s][info][gc,phases      ] GC(367)   Merge Heap Roots: 0.2ms
[74.297s][info][gc,phases      ] GC(367)   Evacuate Collection Set: 0.4ms
[74.297s][info][gc,phases      ] GC(367)   Post Evacuate Collection Set: 1.6ms
[74.297s][info][gc,phases      ] GC(367)   Other: 0.1ms
[74.297s][info][gc,heap        ] GC(367) Eden regions: 324->0(324)
[74.297s][info][gc,heap        ] GC(367) Survivor regions: 1->1(41)
[74.297s][info][gc,heap        ] GC(367) Old regions: 21->22
[74.297s][info][gc,heap        ] GC(367) Archive regions: 0->0
[74.297s][info][gc,heap        ] GC(367) Humongous regions: 0->0
[74.297s][info][gc,metaspace   ] GC(367) Metaspace: 14252K(15104K)->14252K(15104K) NonClass: 12302K(12864K)->12302K(12864K) Class: 1950K(2240K)->1950K(2240K)
[74.297s][info][gc             ] GC(367) Pause Young (Normal) (G1 Evacuation Pause) 332M->8M(542M) 2.663ms
[74.297s][info][gc,cpu         ] GC(367) User=0.52s Sys=0.00s Real=0.00s
[74.493s][info][gc,start       ] GC(368) Pause Young (Normal) (G1 Evacuation Pause)
[74.493s][info][gc,task        ] GC(368) Using 33 workers of 33 for evacuation
[74.495s][info][gc,phases      ] GC(368)   Pre Evacuate Collection Set: 0.1ms
[74.495s][info][gc,phases      ] GC(368)   Merge Heap Roots: 0.2ms
[74.495s][info][gc,phases      ] GC(368)   Evacuate Collection Set: 0.3ms
[74.495s][info][gc,phases      ] GC(368)   Post Evacuate Collection Set: 1.7ms
[74.495s][info][gc,phases      ] GC(368)   Other: 0.1ms
[74.495s][info][gc,heap        ] GC(368) Eden regions: 324->0(324)
[74.495s][info][gc,heap        ] GC(368) Survivor regions: 1->1(41)
[74.495s][info][gc,heap        ] GC(368) Old regions: 22->22
[74.495s][info][gc,heap        ] GC(368) Archive regions: 0->0
[74.495s][info][gc,heap        ] GC(368) Humongous regions: 0->0
[74.495s][info][gc,metaspace   ] GC(368) Metaspace: 14252K(15104K)->14252K(15104K) NonClass: 12302K(12864K)->12302K(12864K) Class: 1950K(2240K)->1950K(2240K)
[74.495s][info][gc             ] GC(368) Pause Young (Normal) (G1 Evacuation Pause) 332M->8M(542M) 2.651ms
[74.495s][info][gc,cpu         ] GC(368) User=0.00s Sys=0.00s Real=0.00s
[74.692s][info][gc,start       ] GC(369) Pause Young (Normal) (G1 Evacuation Pause)
[74.692s][info][gc,task        ] GC(369) Using 33 workers of 33 for evacuation
[74.694s][info][gc,phases      ] GC(369)   Pre Evacuate Collection Set: 0.2ms
[74.695s][info][gc,phases      ] GC(369)   Merge Heap Roots: 0.2ms
[74.695s][info][gc,phases      ] GC(369)   Evacuate Collection Set: 0.4ms
[74.695s][info][gc,phases      ] GC(369)   Post Evacuate Collection Set: 1.7ms
[74.695s][info][gc,phases      ] GC(369)   Other: 0.1ms
[74.695s][info][gc,heap        ] GC(369) Eden regions: 324->0(324)
[74.695s][info][gc,heap        ] GC(369) Survivor regions: 1->1(41)
[74.695s][info][gc,heap        ] GC(369) Old regions: 22->22
[74.695s][info][gc,heap        ] GC(369) Archive regions: 0->0
[74.695s][info][gc,heap        ] GC(369) Humongous regions: 0->0
[74.695s][info][gc,metaspace   ] GC(369) Metaspace: 14252K(15104K)->14252K(15104K) NonClass: 12302K(12864K)->12302K(12864K) Class: 1950K(2240K)->1950K(2240K)
[74.695s][info][gc             ] GC(369) Pause Young (Normal) (G1 Evacuation Pause) 332M->8M(542M) 2.759ms
[74.695s][info][gc,cpu         ] GC(369) User=0.00s Sys=0.00s Real=0.00s
[74.891s][info][gc,start       ] GC(370) Pause Young (Normal) (G1 Evacuation Pause)
[74.891s][info][gc,task        ] GC(370) Using 33 workers of 33 for evacuation
[74.893s][info][gc,phases      ] GC(370)   Pre Evacuate Collection Set: 0.2ms
[74.893s][info][gc,phases      ] GC(370)   Merge Heap Roots: 0.2ms
[74.893s][info][gc,phases      ] GC(370)   Evacuate Collection Set: 0.4ms
[74.893s][info][gc,phases      ] GC(370)   Post Evacuate Collection Set: 1.8ms
[74.893s][info][gc,phases      ] GC(370)   Other: 0.1ms
[74.893s][info][gc,heap        ] GC(370) Eden regions: 324->0(324)
[74.893s][info][gc,heap        ] GC(370) Survivor regions: 1->1(41)
[74.893s][info][gc,heap        ] GC(370) Old regions: 22->22
[74.893s][info][gc,heap        ] GC(370) Archive regions: 0->0
[74.893s][info][gc,heap        ] GC(370) Humongous regions: 0->0
[74.893s][info][gc,metaspace   ] GC(370) Metaspace: 14252K(15104K)->14252K(15104K) NonClass: 12302K(12864K)->12302K(12864K) Class: 1950K(2240K)->1950K(2240K)
[74.893s][info][gc             ] GC(370) Pause Young (Normal) (G1 Evacuation Pause) 332M->8M(542M) 2.855ms
[74.893s][info][gc,cpu         ] GC(370) User=0.00s Sys=0.00s Real=0.00s
[75.089s][info][gc,start       ] GC(371) Pause Young (Normal) (G1 Evacuation Pause)
[75.089s][info][gc,task        ] GC(371) Using 33 workers of 33 for evacuation
[75.091s][info][gc,phases      ] GC(371)   Pre Evacuate Collection Set: 0.2ms
[75.091s][info][gc,phases      ] GC(371)   Merge Heap Roots: 0.2ms
[75.091s][info][gc,phases      ] GC(371)   Evacuate Collection Set: 0.3ms
[75.091s][info][gc,phases      ] GC(371)   Post Evacuate Collection Set: 1.8ms
[75.091s][info][gc,phases      ] GC(371)   Other: 0.1ms
[75.091s][info][gc,heap        ] GC(371) Eden regions: 324->0(324)
[75.091s][info][gc,heap        ] GC(371) Survivor regions: 1->1(41)
[75.091s][info][gc,heap        ] GC(371) Old regions: 22->22
[75.091s][info][gc,heap        ] GC(371) Archive regions: 0->0
[75.092s][info][gc,heap        ] GC(371) Humongous regions: 0->0
[75.092s][info][gc,metaspace   ] GC(371) Metaspace: 14252K(15104K)->14252K(15104K) NonClass: 12302K(12864K)->12302K(12864K) Class: 1950K(2240K)->1950K(2240K)
[75.092s][info][gc             ] GC(371) Pause Young (Normal) (G1 Evacuation Pause) 332M->8M(542M) 2.779ms
[75.092s][info][gc,cpu         ] GC(371) User=0.00s Sys=0.00s Real=0.00s
[75.286s][info][gc,start       ] GC(372) Pause Young (Normal) (G1 Evacuation Pause)
[75.286s][info][gc,task        ] GC(372) Using 33 workers of 33 for evacuation
[75.289s][info][gc,phases      ] GC(372)   Pre Evacuate Collection Set: 0.1ms
[75.289s][info][gc,phases      ] GC(372)   Merge Heap Roots: 0.2ms
[75.289s][info][gc,phases      ] GC(372)   Evacuate Collection Set: 0.3ms
[75.289s][info][gc,phases      ] GC(372)   Post Evacuate Collection Set: 1.9ms
[75.289s][info][gc,phases      ] GC(372)   Other: 0.1ms
[75.289s][info][gc,heap        ] GC(372) Eden regions: 324->0(324)
[75.289s][info][gc,heap        ] GC(372) Survivor regions: 1->1(41)
[75.289s][info][gc,heap        ] GC(372) Old regions: 22->22
[75.289s][info][gc,heap        ] GC(372) Archive regions: 0->0
[75.289s][info][gc,heap        ] GC(372) Humongous regions: 0->0
[75.289s][info][gc,metaspace   ] GC(372) Metaspace: 14252K(15104K)->14252K(15104K) NonClass: 12302K(12864K)->12302K(12864K) Class: 1950K(2240K)->1950K(2240K)
[75.289s][info][gc             ] GC(372) Pause Young (Normal) (G1 Evacuation Pause) 332M->9M(542M) 2.831ms
[75.289s][info][gc,cpu         ] GC(372) User=0.00s Sys=0.00s Real=0.00s
[75.485s][info][gc,start       ] GC(373) Pause Young (Normal) (G1 Evacuation Pause)
[75.505s][info][gc,task        ] GC(373) Using 33 workers of 33 for evacuation
[75.508s][info][gc,phases      ] GC(373)   Pre Evacuate Collection Set: 0.2ms
[75.508s][info][gc,phases      ] GC(373)   Merge Heap Roots: 0.2ms
[75.508s][info][gc,phases      ] GC(373)   Evacuate Collection Set: 0.3ms
[75.508s][info][gc,phases      ] GC(373)   Post Evacuate Collection Set: 2.0ms
[75.508s][info][gc,phases      ] GC(373)   Other: 0.1ms
[75.508s][info][gc,heap        ] GC(373) Eden regions: 324->0(324)
[75.508s][info][gc,heap        ] GC(373) Survivor regions: 1->1(41)
[75.508s][info][gc,heap        ] GC(373) Old regions: 22->22
[75.508s][info][gc,heap        ] GC(373) Archive regions: 0->0
[75.508s][info][gc,heap        ] GC(373) Humongous regions: 0->0
[75.508s][info][gc,metaspace   ] GC(373) Metaspace: 14252K(15104K)->14252K(15104K) NonClass: 12302K(12864K)->12302K(12864K) Class: 1950K(2240K)->1950K(2240K)
[75.508s][info][gc             ] GC(373) Pause Young (Normal) (G1 Evacuation Pause) 333M->9M(542M) 23.255ms
[75.508s][info][gc,cpu         ] GC(373) User=0.00s Sys=0.00s Real=0.02s
[75.705s][info][gc,start       ] GC(374) Pause Young (Normal) (G1 Evacuation Pause)
[75.705s][info][gc,task        ] GC(374) Using 33 workers of 33 for evacuation
[75.708s][info][gc,phases      ] GC(374)   Pre Evacuate Collection Set: 0.1ms
[75.708s][info][gc,phases      ] GC(374)   Merge Heap Roots: 0.2ms
[75.708s][info][gc,phases      ] GC(374)   Evacuate Collection Set: 0.4ms
[75.708s][info][gc,phases      ] GC(374)   Post Evacuate Collection Set: 1.9ms
[75.708s][info][gc,phases      ] GC(374)   Other: 0.1ms
[75.708s][info][gc,heap        ] GC(374) Eden regions: 324->0(324)
[75.708s][info][gc,heap        ] GC(374) Survivor regions: 1->1(41)
[75.708s][info][gc,heap        ] GC(374) Old regions: 22->22
[75.708s][info][gc,heap        ] GC(374) Archive regions: 0->0
[75.708s][info][gc,heap        ] GC(374) Humongous regions: 0->0
[75.708s][info][gc,metaspace   ] GC(374) Metaspace: 14252K(15104K)->14252K(15104K) NonClass: 12302K(12864K)->12302K(12864K) Class: 1950K(2240K)->1950K(2240K)
[75.708s][info][gc             ] GC(374) Pause Young (Normal) (G1 Evacuation Pause) 333M->9M(542M) 2.927ms
[75.708s][info][gc,cpu         ] GC(374) User=0.00s Sys=0.00s Real=0.00s
[75.905s][info][gc,start       ] GC(375) Pause Young (Normal) (G1 Evacuation Pause)
[75.905s][info][gc,task        ] GC(375) Using 33 workers of 33 for evacuation
[75.908s][info][gc,phases      ] GC(375)   Pre Evacuate Collection Set: 0.2ms
[75.908s][info][gc,phases      ] GC(375)   Merge Heap Roots: 0.2ms
[75.908s][info][gc,phases      ] GC(375)   Evacuate Collection Set: 0.3ms
[75.908s][info][gc,phases      ] GC(375)   Post Evacuate Collection Set: 2.0ms
[75.908s][info][gc,phases      ] GC(375)   Other: 0.1ms
[75.908s][info][gc,heap        ] GC(375) Eden regions: 324->0(324)
[75.908s][info][gc,heap        ] GC(375) Survivor regions: 1->1(41)
[75.908s][info][gc,heap        ] GC(375) Old regions: 22->22
[75.908s][info][gc,heap        ] GC(375) Archive regions: 0->0
[75.908s][info][gc,heap        ] GC(375) Humongous regions: 0->0
[75.908s][info][gc,metaspace   ] GC(375) Metaspace: 14252K(15104K)->14252K(15104K) NonClass: 12302K(12864K)->12302K(12864K) Class: 1950K(2240K)->1950K(2240K)
[75.908s][info][gc             ] GC(375) Pause Young (Normal) (G1 Evacuation Pause) 333M->9M(542M) 2.923ms
[75.908s][info][gc,cpu         ] GC(375) User=0.52s Sys=0.00s Real=0.00s
[76.103s][info][gc,start       ] GC(376) Pause Young (Normal) (G1 Evacuation Pause)
[76.103s][info][gc,task        ] GC(376) Using 33 workers of 33 for evacuation
[76.106s][info][gc,phases      ] GC(376)   Pre Evacuate Collection Set: 0.2ms
[76.106s][info][gc,phases      ] GC(376)   Merge Heap Roots: 0.2ms
[76.106s][info][gc,phases      ] GC(376)   Evacuate Collection Set: 0.4ms
[76.106s][info][gc,phases      ] GC(376)   Post Evacuate Collection Set: 2.0ms
[76.106s][info][gc,phases      ] GC(376)   Other: 0.1ms
[76.106s][info][gc,heap        ] GC(376) Eden regions: 324->0(324)
[76.106s][info][gc,heap        ] GC(376) Survivor regions: 1->1(41)
[76.106s][info][gc,heap        ] GC(376) Old regions: 22->22
[76.106s][info][gc,heap        ] GC(376) Archive regions: 0->0
[76.106s][info][gc,heap        ] GC(376) Humongous regions: 0->0
[76.106s][info][gc,metaspace   ] GC(376) Metaspace: 14252K(15104K)->14252K(15104K) NonClass: 12302K(12864K)->12302K(12864K) Class: 1950K(2240K)->1950K(2240K)
[76.106s][info][gc             ] GC(376) Pause Young (Normal) (G1 Evacuation Pause) 333M->9M(542M) 3.002ms
[76.106s][info][gc,cpu         ] GC(376) User=0.00s Sys=0.00s Real=0.00s
[76.303s][info][gc,start       ] GC(377) Pause Young (Normal) (G1 Evacuation Pause)
[76.303s][info][gc,task        ] GC(377) Using 33 workers of 33 for evacuation
[76.306s][info][gc,phases      ] GC(377)   Pre Evacuate Collection Set: 0.2ms
[76.306s][info][gc,phases      ] GC(377)   Merge Heap Roots: 0.2ms
[76.306s][info][gc,phases      ] GC(377)   Evacuate Collection Set: 0.3ms
[76.306s][info][gc,phases      ] GC(377)   Post Evacuate Collection Set: 2.0ms
[76.306s][info][gc,phases      ] GC(377)   Other: 0.1ms
[76.306s][info][gc,heap        ] GC(377) Eden regions: 324->0(324)
[76.306s][info][gc,heap        ] GC(377) Survivor regions: 1->1(41)
[76.306s][info][gc,heap        ] GC(377) Old regions: 22->22
[76.306s][info][gc,heap        ] GC(377) Archive regions: 0->0
[76.306s][info][gc,heap        ] GC(377) Humongous regions: 0->0
[76.306s][info][gc,metaspace   ] GC(377) Metaspace: 14252K(15104K)->14252K(15104K) NonClass: 12302K(12864K)->12302K(12864K) Class: 1950K(2240K)->1950K(2240K)
[76.306s][info][gc             ] GC(377) Pause Young (Normal) (G1 Evacuation Pause) 333M->9M(542M) 3.023ms
[76.306s][info][gc,cpu         ] GC(377) User=0.00s Sys=0.00s Real=0.00s
[76.502s][info][gc,start       ] GC(378) Pause Young (Normal) (G1 Evacuation Pause)
[76.502s][info][gc,task        ] GC(378) Using 33 workers of 33 for evacuation
[76.505s][info][gc,phases      ] GC(378)   Pre Evacuate Collection Set: 0.2ms
[76.505s][info][gc,phases      ] GC(378)   Merge Heap Roots: 0.2ms
[76.505s][info][gc,phases      ] GC(378)   Evacuate Collection Set: 0.3ms
[76.505s][info][gc,phases      ] GC(378)   Post Evacuate Collection Set: 2.1ms
[76.505s][info][gc,phases      ] GC(378)   Other: 0.1ms
[76.505s][info][gc,heap        ] GC(378) Eden regions: 324->0(324)
[76.505s][info][gc,heap        ] GC(378) Survivor regions: 1->1(41)
[76.505s][info][gc,heap        ] GC(378) Old regions: 22->22
[76.505s][info][gc,heap        ] GC(378) Archive regions: 0->0
[76.505s][info][gc,heap        ] GC(378) Humongous regions: 0->0
[76.505s][info][gc,metaspace   ] GC(378) Metaspace: 14252K(15104K)->14252K(15104K) NonClass: 12302K(12864K)->12302K(12864K) Class: 1950K(2240K)->1950K(2240K)
[76.505s][info][gc             ] GC(378) Pause Young (Normal) (G1 Evacuation Pause) 333M->9M(542M) 3.020ms
[76.505s][info][gc,cpu         ] GC(378) User=0.00s Sys=0.00s Real=0.00s
[76.701s][info][gc,start       ] GC(379) Pause Young (Normal) (G1 Evacuation Pause)
[76.701s][info][gc,task        ] GC(379) Using 33 workers of 33 for evacuation
[76.704s][info][gc,phases      ] GC(379)   Pre Evacuate Collection Set: 0.2ms
[76.704s][info][gc,phases      ] GC(379)   Merge Heap Roots: 0.2ms
[76.704s][info][gc,phases      ] GC(379)   Evacuate Collection Set: 0.3ms
[76.704s][info][gc,phases      ] GC(379)   Post Evacuate Collection Set: 2.1ms
[76.704s][info][gc,phases      ] GC(379)   Other: 0.1ms
[76.704s][info][gc,heap        ] GC(379) Eden regions: 324->0(324)
[76.704s][info][gc,heap        ] GC(379) Survivor regions: 1->1(41)
[76.704s][info][gc,heap        ] GC(379) Old regions: 22->22
[76.704s][info][gc,heap        ] GC(379) Archive regions: 0->0
[76.704s][info][gc,heap        ] GC(379) Humongous regions: 0->0
[76.704s][info][gc,metaspace   ] GC(379) Metaspace: 14252K(15104K)->14252K(15104K) NonClass: 12302K(12864K)->12302K(12864K) Class: 1950K(2240K)->1950K(2240K)
[76.704s][info][gc             ] GC(379) Pause Young (Normal) (G1 Evacuation Pause) 333M->9M(542M) 3.145ms
[76.704s][info][gc,cpu         ] GC(379) User=0.52s Sys=0.00s Real=0.00s
[76.900s][info][gc,start       ] GC(380) Pause Young (Normal) (G1 Evacuation Pause)
[76.900s][info][gc,task        ] GC(380) Using 33 workers of 33 for evacuation
[76.903s][info][gc,phases      ] GC(380)   Pre Evacuate Collection Set: 0.1ms
[76.903s][info][gc,phases      ] GC(380)   Merge Heap Roots: 0.1ms
[76.903s][info][gc,phases      ] GC(380)   Evacuate Collection Set: 0.3ms
[76.903s][info][gc,phases      ] GC(380)   Post Evacuate Collection Set: 2.1ms
[76.903s][info][gc,phases      ] GC(380)   Other: 0.1ms
[76.903s][info][gc,heap        ] GC(380) Eden regions: 324->0(324)
[76.903s][info][gc,heap        ] GC(380) Survivor regions: 1->1(41)
[76.903s][info][gc,heap        ] GC(380) Old regions: 22->22
[76.903s][info][gc,heap        ] GC(380) Archive regions: 0->0
[76.903s][info][gc,heap        ] GC(380) Humongous regions: 0->0
[76.904s][info][gc,metaspace   ] GC(380) Metaspace: 14252K(15104K)->14252K(15104K) NonClass: 12302K(12864K)->12302K(12864K) Class: 1950K(2240K)->1950K(2240K)
[76.904s][info][gc             ] GC(380) Pause Young (Normal) (G1 Evacuation Pause) 333M->9M(542M) 3.170ms
[76.904s][info][gc,cpu         ] GC(380) User=0.00s Sys=0.00s Real=0.00s
[77.100s][info][gc,start       ] GC(381) Pause Young (Normal) (G1 Evacuation Pause)
[77.100s][info][gc,task        ] GC(381) Using 33 workers of 33 for evacuation
[77.103s][info][gc,phases      ] GC(381)   Pre Evacuate Collection Set: 0.2ms
[77.103s][info][gc,phases      ] GC(381)   Merge Heap Roots: 0.2ms
[77.103s][info][gc,phases      ] GC(381)   Evacuate Collection Set: 0.3ms
[77.103s][info][gc,phases      ] GC(381)   Post Evacuate Collection Set: 2.2ms
[77.103s][info][gc,phases      ] GC(381)   Other: 0.1ms
[77.103s][info][gc,heap        ] GC(381) Eden regions: 324->0(324)
[77.103s][info][gc,heap        ] GC(381) Survivor regions: 1->1(41)
[77.103s][info][gc,heap        ] GC(381) Old regions: 22->22
[77.103s][info][gc,heap        ] GC(381) Archive regions: 0->0
[77.103s][info][gc,heap        ] GC(381) Humongous regions: 0->0
[77.103s][info][gc,metaspace   ] GC(381) Metaspace: 14252K(15104K)->14252K(15104K) NonClass: 12302K(12864K)->12302K(12864K) Class: 1950K(2240K)->1950K(2240K)
[77.103s][info][gc             ] GC(381) Pause Young (Normal) (G1 Evacuation Pause) 333M->9M(542M) 3.228ms
[77.103s][info][gc,cpu         ] GC(381) User=0.00s Sys=0.00s Real=0.00s
[77.382s][info][gc,start       ] GC(382) Pause Young (Normal) (G1 Evacuation Pause)
[77.382s][info][gc,task        ] GC(382) Using 33 workers of 33 for evacuation
[77.386s][info][gc,phases      ] GC(382)   Pre Evacuate Collection Set: 0.2ms
[77.386s][info][gc,phases      ] GC(382)   Merge Heap Roots: 0.3ms
[77.386s][info][gc,phases      ] GC(382)   Evacuate Collection Set: 0.8ms
[77.386s][info][gc,phases      ] GC(382)   Post Evacuate Collection Set: 2.9ms
[77.386s][info][gc,phases      ] GC(382)   Other: 0.3ms
[77.386s][info][gc,heap        ] GC(382) Eden regions: 324->0(324)
[77.386s][info][gc,heap        ] GC(382) Survivor regions: 1->1(41)
[77.386s][info][gc,heap        ] GC(382) Old regions: 22->22
[77.386s][info][gc,heap        ] GC(382) Archive regions: 0->0
[77.386s][info][gc,heap        ] GC(382) Humongous regions: 0->0
[77.386s][info][gc,metaspace   ] GC(382) Metaspace: 14252K(15104K)->14252K(15104K) NonClass: 12302K(12864K)->12302K(12864K) Class: 1950K(2240K)->1950K(2240K)
[77.387s][info][gc             ] GC(382) Pause Young (Normal) (G1 Evacuation Pause) 333M->9M(542M) 4.992ms
[77.387s][info][gc,cpu         ] GC(382) User=0.00s Sys=0.00s Real=0.00s
[77.592s][info][gc,start       ] GC(383) Pause Young (Normal) (G1 Evacuation Pause)
[77.592s][info][gc,task        ] GC(383) Using 33 workers of 33 for evacuation
[77.595s][info][gc,phases      ] GC(383)   Pre Evacuate Collection Set: 0.2ms
[77.595s][info][gc,phases      ] GC(383)   Merge Heap Roots: 0.1ms
[77.595s][info][gc,phases      ] GC(383)   Evacuate Collection Set: 0.4ms
[77.595s][info][gc,phases      ] GC(383)   Post Evacuate Collection Set: 2.0ms
[77.595s][info][gc,phases      ] GC(383)   Other: 0.1ms
[77.595s][info][gc,heap        ] GC(383) Eden regions: 324->0(324)
[77.595s][info][gc,heap        ] GC(383) Survivor regions: 1->1(41)
[77.595s][info][gc,heap        ] GC(383) Old regions: 22->22
[77.595s][info][gc,heap        ] GC(383) Archive regions: 0->0
[77.595s][info][gc,heap        ] GC(383) Humongous regions: 0->0
[77.595s][info][gc,metaspace   ] GC(383) Metaspace: 14252K(15104K)->14252K(15104K) NonClass: 12302K(12864K)->12302K(12864K) Class: 1950K(2240K)->1950K(2240K)
[77.595s][info][gc             ] GC(383) Pause Young (Normal) (G1 Evacuation Pause) 333M->9M(542M) 3.041ms
[77.595s][info][gc,cpu         ] GC(383) User=0.52s Sys=0.00s Real=0.00s
[77.795s][info][gc,start       ] GC(384) Pause Young (Normal) (G1 Evacuation Pause)
[77.795s][info][gc,task        ] GC(384) Using 33 workers of 33 for evacuation
[77.798s][info][gc,phases      ] GC(384)   Pre Evacuate Collection Set: 0.1ms
[77.798s][info][gc,phases      ] GC(384)   Merge Heap Roots: 0.2ms
[77.798s][info][gc,phases      ] GC(384)   Evacuate Collection Set: 0.4ms
[77.798s][info][gc,phases      ] GC(384)   Post Evacuate Collection Set: 1.9ms
[77.798s][info][gc,phases      ] GC(384)   Other: 0.1ms
[77.798s][info][gc,heap        ] GC(384) Eden regions: 324->0(324)
[77.798s][info][gc,heap        ] GC(384) Survivor regions: 1->1(41)
[77.798s][info][gc,heap        ] GC(384) Old regions: 22->22
[77.798s][info][gc,heap        ] GC(384) Archive regions: 0->0
[77.798s][info][gc,heap        ] GC(384) Humongous regions: 0->0
[77.798s][info][gc,metaspace   ] GC(384) Metaspace: 14252K(15104K)->14252K(15104K) NonClass: 12302K(12864K)->12302K(12864K) Class: 1950K(2240K)->1950K(2240K)
[77.798s][info][gc             ] GC(384) Pause Young (Normal) (G1 Evacuation Pause) 333M->9M(542M) 2.915ms
[77.798s][info][gc,cpu         ] GC(384) User=0.52s Sys=0.00s Real=0.00s
[78.001s][info][gc,start       ] GC(385) Pause Young (Normal) (G1 Evacuation Pause)
[78.001s][info][gc,task        ] GC(385) Using 33 workers of 33 for evacuation
[78.004s][info][gc,phases      ] GC(385)   Pre Evacuate Collection Set: 0.2ms
[78.004s][info][gc,phases      ] GC(385)   Merge Heap Roots: 0.2ms
[78.004s][info][gc,phases      ] GC(385)   Evacuate Collection Set: 0.3ms
[78.004s][info][gc,phases      ] GC(385)   Post Evacuate Collection Set: 1.7ms
[78.004s][info][gc,phases      ] GC(385)   Other: 0.1ms
[78.004s][info][gc,heap        ] GC(385) Eden regions: 324->0(324)
[78.004s][info][gc,heap        ] GC(385) Survivor regions: 1->1(41)
[78.004s][info][gc,heap        ] GC(385) Old regions: 22->22
[78.004s][info][gc,heap        ] GC(385) Archive regions: 0->0
[78.004s][info][gc,heap        ] GC(385) Humongous regions: 0->0
[78.004s][info][gc,metaspace   ] GC(385) Metaspace: 14252K(15104K)->14252K(15104K) NonClass: 12302K(12864K)->12302K(12864K) Class: 1950K(2240K)->1950K(2240K)
[78.004s][info][gc             ] GC(385) Pause Young (Normal) (G1 Evacuation Pause) 333M->9M(542M) 2.656ms
[78.004s][info][gc,cpu         ] GC(385) User=0.00s Sys=0.00s Real=0.00s
[78.209s][info][gc,start       ] GC(386) Pause Young (Normal) (G1 Evacuation Pause)
[78.209s][info][gc,task        ] GC(386) Using 33 workers of 33 for evacuation
[78.212s][info][gc,phases      ] GC(386)   Pre Evacuate Collection Set: 0.1ms
[78.212s][info][gc,phases      ] GC(386)   Merge Heap Roots: 0.2ms
[78.212s][info][gc,phases      ] GC(386)   Evacuate Collection Set: 0.4ms
[78.212s][info][gc,phases      ] GC(386)   Post Evacuate Collection Set: 1.7ms
[78.212s][info][gc,phases      ] GC(386)   Other: 0.1ms
[78.212s][info][gc,heap        ] GC(386) Eden regions: 324->0(324)
[78.212s][info][gc,heap        ] GC(386) Survivor regions: 1->1(41)
[78.212s][info][gc,heap        ] GC(386) Old regions: 22->22
[78.212s][info][gc,heap        ] GC(386) Archive regions: 0->0
[78.212s][info][gc,heap        ] GC(386) Humongous regions: 0->0
[78.212s][info][gc,metaspace   ] GC(386) Metaspace: 14252K(15104K)->14252K(15104K) NonClass: 12302K(12864K)->12302K(12864K) Class: 1950K(2240K)->1950K(2240K)
[78.212s][info][gc             ] GC(386) Pause Young (Normal) (G1 Evacuation Pause) 333M->9M(542M) 2.691ms
[78.212s][info][gc,cpu         ] GC(386) User=0.00s Sys=0.00s Real=0.00s
[78.427s][info][gc,start       ] GC(387) Pause Young (Normal) (G1 Evacuation Pause)
[78.427s][info][gc,task        ] GC(387) Using 33 workers of 33 for evacuation
[78.430s][info][gc,phases      ] GC(387)   Pre Evacuate Collection Set: 0.1ms
[78.430s][info][gc,phases      ] GC(387)   Merge Heap Roots: 0.1ms
[78.430s][info][gc,phases      ] GC(387)   Evacuate Collection Set: 0.4ms
[78.430s][info][gc,phases      ] GC(387)   Post Evacuate Collection Set: 1.7ms
[78.430s][info][gc,phases      ] GC(387)   Other: 0.1ms
[78.430s][info][gc,heap        ] GC(387) Eden regions: 324->0(324)
[78.430s][info][gc,heap        ] GC(387) Survivor regions: 1->1(41)
[78.430s][info][gc,heap        ] GC(387) Old regions: 22->22
[78.430s][info][gc,heap        ] GC(387) Archive regions: 0->0
[78.430s][info][gc,heap        ] GC(387) Humongous regions: 0->0
[78.430s][info][gc,metaspace   ] GC(387) Metaspace: 14252K(15104K)->14252K(15104K) NonClass: 12302K(12864K)->12302K(12864K) Class: 1950K(2240K)->1950K(2240K)
[78.430s][info][gc             ] GC(387) Pause Young (Normal) (G1 Evacuation Pause) 333M->9M(542M) 2.748ms
[78.430s][info][gc,cpu         ] GC(387) User=0.00s Sys=0.00s Real=0.00s
[78.651s][info][gc,start       ] GC(388) Pause Young (Normal) (G1 Evacuation Pause)
[78.651s][info][gc,task        ] GC(388) Using 33 workers of 33 for evacuation
[78.653s][info][gc,phases      ] GC(388)   Pre Evacuate Collection Set: 0.1ms
[78.653s][info][gc,phases      ] GC(388)   Merge Heap Roots: 0.2ms
[78.653s][info][gc,phases      ] GC(388)   Evacuate Collection Set: 0.4ms
[78.653s][info][gc,phases      ] GC(388)   Post Evacuate Collection Set: 1.8ms
[78.653s][info][gc,phases      ] GC(388)   Other: 0.1ms
[78.653s][info][gc,heap        ] GC(388) Eden regions: 324->0(324)
[78.653s][info][gc,heap        ] GC(388) Survivor regions: 1->1(41)
[78.653s][info][gc,heap        ] GC(388) Old regions: 22->23
[78.653s][info][gc,heap        ] GC(388) Archive regions: 0->0
[78.653s][info][gc,heap        ] GC(388) Humongous regions: 0->0
[78.653s][info][gc,metaspace   ] GC(388) Metaspace: 14252K(15104K)->14252K(15104K) NonClass: 12302K(12864K)->12302K(12864K) Class: 1950K(2240K)->1950K(2240K)
[78.653s][info][gc             ] GC(388) Pause Young (Normal) (G1 Evacuation Pause) 333M->9M(542M) 2.773ms
[78.653s][info][gc,cpu         ] GC(388) User=0.00s Sys=0.00s Real=0.00s
[78.884s][info][gc,start       ] GC(389) Pause Young (Normal) (G1 Evacuation Pause)
[78.884s][info][gc,task        ] GC(389) Using 33 workers of 33 for evacuation
[78.887s][info][gc,phases      ] GC(389)   Pre Evacuate Collection Set: 0.1ms
[78.887s][info][gc,phases      ] GC(389)   Merge Heap Roots: 0.2ms
[78.887s][info][gc,phases      ] GC(389)   Evacuate Collection Set: 0.4ms
[78.887s][info][gc,phases      ] GC(389)   Post Evacuate Collection Set: 1.9ms
[78.887s][info][gc,phases      ] GC(389)   Other: 0.1ms
[78.887s][info][gc,heap        ] GC(389) Eden regions: 324->0(324)
[78.887s][info][gc,heap        ] GC(389) Survivor regions: 1->1(41)
[78.887s][info][gc,heap        ] GC(389) Old regions: 23->23
[78.887s][info][gc,heap        ] GC(389) Archive regions: 0->0
[78.887s][info][gc,heap        ] GC(389) Humongous regions: 0->0
[78.887s][info][gc,metaspace   ] GC(389) Metaspace: 14252K(15104K)->14252K(15104K) NonClass: 12302K(12864K)->12302K(12864K) Class: 1950K(2240K)->1950K(2240K)
[78.887s][info][gc             ] GC(389) Pause Young (Normal) (G1 Evacuation Pause) 333M->9M(542M) 2.929ms
[78.887s][info][gc,cpu         ] GC(389) User=0.00s Sys=0.00s Real=0.00s
[79.052s][info][gc,start       ] GC(390) Pause Young (Normal) (G1 Evacuation Pause)
[79.052s][info][gc,task        ] GC(390) Using 29 workers of 33 for evacuation
[79.054s][info][gc,phases      ] GC(390)   Pre Evacuate Collection Set: 0.1ms
[79.054s][info][gc,phases      ] GC(390)   Merge Heap Roots: 0.1ms
[79.054s][info][gc,phases      ] GC(390)   Evacuate Collection Set: 0.3ms
[79.054s][info][gc,phases      ] GC(390)   Post Evacuate Collection Set: 1.8ms
[79.054s][info][gc,phases      ] GC(390)   Other: 0.1ms
[79.055s][info][gc,heap        ] GC(390) Eden regions: 324->0(324)
[79.055s][info][gc,heap        ] GC(390) Survivor regions: 1->1(41)
[79.055s][info][gc,heap        ] GC(390) Old regions: 23->23
[79.055s][info][gc,heap        ] GC(390) Archive regions: 0->0
[79.055s][info][gc,heap        ] GC(390) Humongous regions: 0->0
[79.055s][info][gc,metaspace   ] GC(390) Metaspace: 14252K(15104K)->14252K(15104K) NonClass: 12302K(12864K)->12302K(12864K) Class: 1950K(2240K)->1950K(2240K)
[79.055s][info][gc             ] GC(390) Pause Young (Normal) (G1 Evacuation Pause) 333M->9M(542M) 2.786ms
[79.055s][info][gc,cpu         ] GC(390) User=0.00s Sys=0.00s Real=0.00s
[79.182s][info][gc,start       ] GC(391) Pause Full (System.gc())
[79.182s][info][gc,task        ] GC(391) Using 21 workers of 33 for full compaction
[79.183s][info][gc,phases,start] GC(391) Phase 1: Mark live objects
[79.191s][info][gc,phases      ] GC(391) Phase 1: Mark live objects 7.485ms
[79.191s][info][gc,phases,start] GC(391) Phase 2: Prepare compaction
[79.192s][info][gc,phases      ] GC(391) Phase 2: Prepare compaction 0.944ms
[79.192s][info][gc,phases,start] GC(391) Phase 3: Adjust pointers
[79.197s][info][gc,phases      ] GC(391) Phase 3: Adjust pointers 5.228ms
[79.197s][info][gc,phases,start] GC(391) Phase 4: Compact heap
[79.198s][info][gc,phases      ] GC(391) Phase 4: Compact heap 0.691ms
[79.204s][info][gc,heap        ] GC(391) Eden regions: 108->0(40)
[79.204s][info][gc,heap        ] GC(391) Survivor regions: 1->0(41)
[79.204s][info][gc,heap        ] GC(391) Old regions: 23->20
[79.204s][info][gc,heap        ] GC(391) Archive regions: 0->0
[79.204s][info][gc,heap        ] GC(391) Humongous regions: 0->0
[79.204s][info][gc,metaspace   ] GC(391) Metaspace: 14253K(15104K)->14253K(15104K) NonClass: 12303K(12864K)->12303K(12864K) Class: 1950K(2240K)->1950K(2240K)
[79.204s][info][gc             ] GC(391) Pause Full (System.gc()) 117M->5M(67M) 21.816ms
[79.204s][info][gc,cpu         ] GC(391) User=0.33s Sys=0.02s Real=0.02s
[79.235s][info][gc,start       ] GC(392) Pause Young (Normal) (G1 Evacuation Pause)
[79.235s][info][gc,task        ] GC(392) Using 33 workers of 33 for evacuation
[79.238s][info][gc,phases      ] GC(392)   Pre Evacuate Collection Set: 0.1ms
[79.238s][info][gc,phases      ] GC(392)   Merge Heap Roots: 0.1ms
[79.238s][info][gc,phases      ] GC(392)   Evacuate Collection Set: 0.5ms
[79.238s][info][gc,phases      ] GC(392)   Post Evacuate Collection Set: 1.6ms
[79.238s][info][gc,phases      ] GC(392)   Other: 0.2ms
[79.238s][info][gc,heap        ] GC(392) Eden regions: 40->0(38)
[79.238s][info][gc,heap        ] GC(392) Survivor regions: 0->2(5)
[79.238s][info][gc,heap        ] GC(392) Old regions: 20->20
[79.238s][info][gc,heap        ] GC(392) Archive regions: 0->0
[79.238s][info][gc,heap        ] GC(392) Humongous regions: 0->0
[79.238s][info][gc,metaspace   ] GC(392) Metaspace: 14255K(15104K)->14255K(15104K) NonClass: 12305K(12864K)->12305K(12864K) Class: 1950K(2240K)->1950K(2240K)
[79.238s][info][gc             ] GC(392) Pause Young (Normal) (G1 Evacuation Pause) 45M->6M(67M) 2.625ms
[79.238s][info][gc,cpu         ] GC(392) User=0.00s Sys=0.00s Real=0.00s
[79.258s][info][gc,start       ] GC(393) Pause Young (Normal) (G1 Evacuation Pause)
[79.258s][info][gc,task        ] GC(393) Using 33 workers of 33 for evacuation
[79.261s][info][gc,phases      ] GC(393)   Pre Evacuate Collection Set: 0.1ms
[79.261s][info][gc,phases      ] GC(393)   Merge Heap Roots: 0.1ms
[79.261s][info][gc,phases      ] GC(393)   Evacuate Collection Set: 0.4ms
[79.261s][info][gc,phases      ] GC(393)   Post Evacuate Collection Set: 1.5ms
[79.261s][info][gc,phases      ] GC(393)   Other: 0.1ms
[79.261s][info][gc,heap        ] GC(393) Eden regions: 38->0(38)
[79.261s][info][gc,heap        ] GC(393) Survivor regions: 2->2(5)
[79.261s][info][gc,heap        ] GC(393) Old regions: 20->20
[79.261s][info][gc,heap        ] GC(393) Archive regions: 0->0
[79.261s][info][gc,heap        ] GC(393) Humongous regions: 0->0
[79.261s][info][gc,metaspace   ] GC(393) Metaspace: 14255K(15104K)->14255K(15104K) NonClass: 12305K(12864K)->12305K(12864K) Class: 1950K(2240K)->1950K(2240K)
[79.261s][info][gc             ] GC(393) Pause Young (Normal) (G1 Evacuation Pause) 44M->6M(67M) 2.429ms
[79.261s][info][gc,cpu         ] GC(393) User=0.00s Sys=0.00s Real=0.00s
[79.280s][info][gc,start       ] GC(394) Pause Young (Normal) (G1 Evacuation Pause)
[79.280s][info][gc,task        ] GC(394) Using 33 workers of 33 for evacuation
[79.283s][info][gc,phases      ] GC(394)   Pre Evacuate Collection Set: 0.1ms
[79.283s][info][gc,phases      ] GC(394)   Merge Heap Roots: 0.1ms
[79.283s][info][gc,phases      ] GC(394)   Evacuate Collection Set: 0.4ms
[79.283s][info][gc,phases      ] GC(394)   Post Evacuate Collection Set: 1.5ms
[79.283s][info][gc,phases      ] GC(394)   Other: 0.1ms
[79.283s][info][gc,heap        ] GC(394) Eden regions: 38->0(38)
[79.283s][info][gc,heap        ] GC(394) Survivor regions: 2->2(5)
[79.283s][info][gc,heap        ] GC(394) Old regions: 20->20
[79.283s][info][gc,heap        ] GC(394) Archive regions: 0->0
[79.283s][info][gc,heap        ] GC(394) Humongous regions: 0->0
[79.283s][info][gc,metaspace   ] GC(394) Metaspace: 14255K(15104K)->14255K(15104K) NonClass: 12305K(12864K)->12305K(12864K) Class: 1950K(2240K)->1950K(2240K)
[79.283s][info][gc             ] GC(394) Pause Young (Normal) (G1 Evacuation Pause) 44M->6M(67M) 2.271ms
[79.283s][info][gc,cpu         ] GC(394) User=0.52s Sys=0.00s Real=0.00s
[79.303s][info][gc,start       ] GC(395) Pause Young (Normal) (G1 Evacuation Pause)
[79.303s][info][gc,task        ] GC(395) Using 33 workers of 33 for evacuation
[79.307s][info][gc,phases      ] GC(395)   Pre Evacuate Collection Set: 0.1ms
[79.307s][info][gc,phases      ] GC(395)   Merge Heap Roots: 0.1ms
[79.307s][info][gc,phases      ] GC(395)   Evacuate Collection Set: 0.4ms
[79.307s][info][gc,phases      ] GC(395)   Post Evacuate Collection Set: 3.5ms
[79.307s][info][gc,phases      ] GC(395)   Other: 0.1ms
[79.307s][info][gc,heap        ] GC(395) Eden regions: 38->0(325)
[79.307s][info][gc,heap        ] GC(395) Survivor regions: 2->2(5)
[79.307s][info][gc,heap        ] GC(395) Old regions: 20->20
[79.307s][info][gc,heap        ] GC(395) Archive regions: 0->0
[79.307s][info][gc,heap        ] GC(395) Humongous regions: 0->0
[79.307s][info][gc,metaspace   ] GC(395) Metaspace: 14255K(15104K)->14255K(15104K) NonClass: 12305K(12864K)->12305K(12864K) Class: 1950K(2240K)->1950K(2240K)
[79.307s][info][gc             ] GC(395) Pause Young (Normal) (G1 Evacuation Pause) 44M->6M(546M) 4.427ms
[79.307s][info][gc,cpu         ] GC(395) User=0.00s Sys=0.00s Real=0.00s
[79.480s][info][gc,start       ] GC(396) Pause Young (Normal) (G1 Evacuation Pause)
[79.481s][info][gc,task        ] GC(396) Using 33 workers of 33 for evacuation
[79.483s][info][gc,phases      ] GC(396)   Pre Evacuate Collection Set: 0.1ms
[79.483s][info][gc,phases      ] GC(396)   Merge Heap Roots: 0.1ms
[79.483s][info][gc,phases      ] GC(396)   Evacuate Collection Set: 0.5ms
[79.483s][info][gc,phases      ] GC(396)   Post Evacuate Collection Set: 1.9ms
[79.483s][info][gc,phases      ] GC(396)   Other: 0.1ms
[79.483s][info][gc,heap        ] GC(396) Eden regions: 325->0(325)
[79.483s][info][gc,heap        ] GC(396) Survivor regions: 2->2(41)
[79.483s][info][gc,heap        ] GC(396) Old regions: 20->20
[79.483s][info][gc,heap        ] GC(396) Archive regions: 0->0
[79.483s][info][gc,heap        ] GC(396) Humongous regions: 0->0
[79.483s][info][gc,metaspace   ] GC(396) Metaspace: 14255K(15104K)->14255K(15104K) NonClass: 12305K(12864K)->12305K(12864K) Class: 1950K(2240K)->1950K(2240K)
[79.483s][info][gc             ] GC(396) Pause Young (Normal) (G1 Evacuation Pause) 331M->6M(546M) 2.933ms
[79.483s][info][gc,cpu         ] GC(396) User=0.00s Sys=0.00s Real=0.00s
[79.656s][info][gc,start       ] GC(397) Pause Young (Normal) (G1 Evacuation Pause)
[79.656s][info][gc,task        ] GC(397) Using 33 workers of 33 for evacuation
[79.660s][info][gc,phases      ] GC(397)   Pre Evacuate Collection Set: 0.1ms
[79.660s][info][gc,phases      ] GC(397)   Merge Heap Roots: 0.1ms
[79.660s][info][gc,phases      ] GC(397)   Evacuate Collection Set: 1.5ms
[79.660s][info][gc,phases      ] GC(397)   Post Evacuate Collection Set: 1.9ms
[79.660s][info][gc,phases      ] GC(397)   Other: 0.1ms
[79.660s][info][gc,heap        ] GC(397) Eden regions: 325->0(325)
[79.660s][info][gc,heap        ] GC(397) Survivor regions: 2->2(41)
[79.660s][info][gc,heap        ] GC(397) Old regions: 20->20
[79.660s][info][gc,heap        ] GC(397) Archive regions: 0->0
[79.660s][info][gc,heap        ] GC(397) Humongous regions: 0->0
[79.660s][info][gc,metaspace   ] GC(397) Metaspace: 14255K(15104K)->14255K(15104K) NonClass: 12305K(12864K)->12305K(12864K) Class: 1950K(2240K)->1950K(2240K)
[79.660s][info][gc             ] GC(397) Pause Young (Normal) (G1 Evacuation Pause) 331M->6M(546M) 4.002ms
[79.660s][info][gc,cpu         ] GC(397) User=0.02s Sys=0.50s Real=0.00s
[79.832s][info][gc,start       ] GC(398) Pause Young (Normal) (G1 Evacuation Pause)
[79.832s][info][gc,task        ] GC(398) Using 33 workers of 33 for evacuation
[79.835s][info][gc,phases      ] GC(398)   Pre Evacuate Collection Set: 0.1ms
[79.835s][info][gc,phases      ] GC(398)   Merge Heap Roots: 0.1ms
[79.835s][info][gc,phases      ] GC(398)   Evacuate Collection Set: 0.5ms
[79.835s][info][gc,phases      ] GC(398)   Post Evacuate Collection Set: 1.9ms
[79.835s][info][gc,phases      ] GC(398)   Other: 0.1ms
[79.835s][info][gc,heap        ] GC(398) Eden regions: 325->0(325)
[79.835s][info][gc,heap        ] GC(398) Survivor regions: 2->2(41)
[79.835s][info][gc,heap        ] GC(398) Old regions: 20->20
[79.835s][info][gc,heap        ] GC(398) Archive regions: 0->0
[79.835s][info][gc,heap        ] GC(398) Humongous regions: 0->0
[79.835s][info][gc,metaspace   ] GC(398) Metaspace: 14255K(15104K)->14255K(15104K) NonClass: 12305K(12864K)->12305K(12864K) Class: 1950K(2240K)->1950K(2240K)
[79.835s][info][gc             ] GC(398) Pause Young (Normal) (G1 Evacuation Pause) 331M->6M(546M) 3.013ms
[79.835s][info][gc,cpu         ] GC(398) User=0.00s Sys=0.00s Real=0.00s
[80.006s][info][gc,start       ] GC(399) Pause Young (Normal) (G1 Evacuation Pause)
[80.007s][info][gc,task        ] GC(399) Using 33 workers of 33 for evacuation
[80.009s][info][gc,phases      ] GC(399)   Pre Evacuate Collection Set: 0.1ms
[80.009s][info][gc,phases      ] GC(399)   Merge Heap Roots: 0.1ms
[80.009s][info][gc,phases      ] GC(399)   Evacuate Collection Set: 0.5ms
[80.009s][info][gc,phases      ] GC(399)   Post Evacuate Collection Set: 2.0ms
[80.009s][info][gc,phases      ] GC(399)   Other: 0.1ms
[80.009s][info][gc,heap        ] GC(399) Eden regions: 325->0(325)
[80.009s][info][gc,heap        ] GC(399) Survivor regions: 2->2(41)
[80.009s][info][gc,heap        ] GC(399) Old regions: 20->20
[80.009s][info][gc,heap        ] GC(399) Archive regions: 0->0
[80.009s][info][gc,heap        ] GC(399) Humongous regions: 0->0
[80.009s][info][gc,metaspace   ] GC(399) Metaspace: 14255K(15104K)->14255K(15104K) NonClass: 12305K(12864K)->12305K(12864K) Class: 1950K(2240K)->1950K(2240K)
[80.009s][info][gc             ] GC(399) Pause Young (Normal) (G1 Evacuation Pause) 331M->6M(546M) 3.038ms
[80.009s][info][gc,cpu         ] GC(399) User=0.00s Sys=0.00s Real=0.00s
[80.180s][info][gc,start       ] GC(400) Pause Young (Normal) (G1 Evacuation Pause)
[80.180s][info][gc,task        ] GC(400) Using 33 workers of 33 for evacuation
[80.183s][info][gc,phases      ] GC(400)   Pre Evacuate Collection Set: 0.1ms
[80.183s][info][gc,phases      ] GC(400)   Merge Heap Roots: 0.1ms
[80.183s][info][gc,phases      ] GC(400)   Evacuate Collection Set: 0.5ms
[80.183s][info][gc,phases      ] GC(400)   Post Evacuate Collection Set: 2.1ms
[80.183s][info][gc,phases      ] GC(400)   Other: 0.1ms
[80.183s][info][gc,heap        ] GC(400) Eden regions: 325->0(325)
[80.183s][info][gc,heap        ] GC(400) Survivor regions: 2->2(41)
[80.183s][info][gc,heap        ] GC(400) Old regions: 20->20
[80.183s][info][gc,heap        ] GC(400) Archive regions: 0->0
[80.183s][info][gc,heap        ] GC(400) Humongous regions: 0->0
[80.183s][info][gc,metaspace   ] GC(400) Metaspace: 14255K(15104K)->14255K(15104K) NonClass: 12305K(12864K)->12305K(12864K) Class: 1950K(2240K)->1950K(2240K)
[80.183s][info][gc             ] GC(400) Pause Young (Normal) (G1 Evacuation Pause) 331M->6M(546M) 3.197ms
[80.183s][info][gc,cpu         ] GC(400) User=0.00s Sys=0.00s Real=0.00s
[80.355s][info][gc,start       ] GC(401) Pause Young (Normal) (G1 Evacuation Pause)
[80.355s][info][gc,task        ] GC(401) Using 33 workers of 33 for evacuation
[80.358s][info][gc,phases      ] GC(401)   Pre Evacuate Collection Set: 0.1ms
[80.358s][info][gc,phases      ] GC(401)   Merge Heap Roots: 0.1ms
[80.358s][info][gc,phases      ] GC(401)   Evacuate Collection Set: 0.4ms
[80.358s][info][gc,phases      ] GC(401)   Post Evacuate Collection Set: 2.0ms
[80.358s][info][gc,phases      ] GC(401)   Other: 0.1ms
[80.358s][info][gc,heap        ] GC(401) Eden regions: 325->0(325)
[80.358s][info][gc,heap        ] GC(401) Survivor regions: 2->2(41)
[80.358s][info][gc,heap        ] GC(401) Old regions: 20->20
[80.358s][info][gc,heap        ] GC(401) Archive regions: 0->0
[80.358s][info][gc,heap        ] GC(401) Humongous regions: 0->0
[80.358s][info][gc,metaspace   ] GC(401) Metaspace: 14255K(15168K)->14255K(15168K) NonClass: 12305K(12928K)->12305K(12928K) Class: 1950K(2240K)->1950K(2240K)
[80.358s][info][gc             ] GC(401) Pause Young (Normal) (G1 Evacuation Pause) 331M->6M(546M) 3.082ms
[80.358s][info][gc,cpu         ] GC(401) User=0.00s Sys=0.00s Real=0.00s
[80.530s][info][gc,start       ] GC(402) Pause Young (Normal) (G1 Evacuation Pause)
[80.530s][info][gc,task        ] GC(402) Using 33 workers of 33 for evacuation
[80.533s][info][gc,phases      ] GC(402)   Pre Evacuate Collection Set: 0.1ms
[80.533s][info][gc,phases      ] GC(402)   Merge Heap Roots: 0.1ms
[80.533s][info][gc,phases      ] GC(402)   Evacuate Collection Set: 0.5ms
[80.533s][info][gc,phases      ] GC(402)   Post Evacuate Collection Set: 2.1ms
[80.533s][info][gc,phases      ] GC(402)   Other: 0.1ms
[80.533s][info][gc,heap        ] GC(402) Eden regions: 325->0(325)
[80.533s][info][gc,heap        ] GC(402) Survivor regions: 2->2(41)
[80.533s][info][gc,heap        ] GC(402) Old regions: 20->20
[80.533s][info][gc,heap        ] GC(402) Archive regions: 0->0
[80.533s][info][gc,heap        ] GC(402) Humongous regions: 0->0
[80.533s][info][gc,metaspace   ] GC(402) Metaspace: 14255K(15168K)->14255K(15168K) NonClass: 12305K(12928K)->12305K(12928K) Class: 1950K(2240K)->1950K(2240K)
[80.533s][info][gc             ] GC(402) Pause Young (Normal) (G1 Evacuation Pause) 331M->6M(546M) 3.196ms
[80.533s][info][gc,cpu         ] GC(402) User=0.52s Sys=0.00s Real=0.00s
[80.707s][info][gc,start       ] GC(403) Pause Young (Normal) (G1 Evacuation Pause)
[80.707s][info][gc,task        ] GC(403) Using 33 workers of 33 for evacuation
[80.710s][info][gc,phases      ] GC(403)   Pre Evacuate Collection Set: 0.1ms
[80.710s][info][gc,phases      ] GC(403)   Merge Heap Roots: 0.1ms
[80.710s][info][gc,phases      ] GC(403)   Evacuate Collection Set: 0.5ms
[80.710s][info][gc,phases      ] GC(403)   Post Evacuate Collection Set: 2.1ms
[80.710s][info][gc,phases      ] GC(403)   Other: 0.1ms
[80.710s][info][gc,heap        ] GC(403) Eden regions: 325->0(325)
[80.710s][info][gc,heap        ] GC(403) Survivor regions: 2->2(41)
[80.710s][info][gc,heap        ] GC(403) Old regions: 20->20
[80.710s][info][gc,heap        ] GC(403) Archive regions: 0->0
[80.710s][info][gc,heap        ] GC(403) Humongous regions: 0->0
[80.710s][info][gc,metaspace   ] GC(403) Metaspace: 14255K(15168K)->14255K(15168K) NonClass: 12305K(12928K)->12305K(12928K) Class: 1950K(2240K)->1950K(2240K)
[80.710s][info][gc             ] GC(403) Pause Young (Normal) (G1 Evacuation Pause) 331M->6M(546M) 3.294ms
[80.710s][info][gc,cpu         ] GC(403) User=0.00s Sys=0.00s Real=0.00s
[80.882s][info][gc,start       ] GC(404) Pause Young (Normal) (G1 Evacuation Pause)
[80.883s][info][gc,task        ] GC(404) Using 33 workers of 33 for evacuation
[80.886s][info][gc,phases      ] GC(404)   Pre Evacuate Collection Set: 0.1ms
[80.886s][info][gc,phases      ] GC(404)   Merge Heap Roots: 0.1ms
[80.886s][info][gc,phases      ] GC(404)   Evacuate Collection Set: 0.5ms
[80.886s][info][gc,phases      ] GC(404)   Post Evacuate Collection Set: 2.2ms
[80.886s][info][gc,phases      ] GC(404)   Other: 0.1ms
[80.886s][info][gc,heap        ] GC(404) Eden regions: 325->0(325)
[80.886s][info][gc,heap        ] GC(404) Survivor regions: 2->2(41)
[80.886s][info][gc,heap        ] GC(404) Old regions: 20->20
[80.886s][info][gc,heap        ] GC(404) Archive regions: 0->0
[80.886s][info][gc,heap        ] GC(404) Humongous regions: 0->0
[80.886s][info][gc,metaspace   ] GC(404) Metaspace: 14255K(15168K)->14255K(15168K) NonClass: 12305K(12928K)->12305K(12928K) Class: 1950K(2240K)->1950K(2240K)
[80.886s][info][gc             ] GC(404) Pause Young (Normal) (G1 Evacuation Pause) 331M->6M(546M) 3.313ms
[80.886s][info][gc,cpu         ] GC(404) User=0.00s Sys=0.00s Real=0.00s
[81.063s][info][gc,start       ] GC(405) Pause Young (Normal) (G1 Evacuation Pause)
[81.063s][info][gc,task        ] GC(405) Using 33 workers of 33 for evacuation
[81.066s][info][gc,phases      ] GC(405)   Pre Evacuate Collection Set: 0.1ms
[81.066s][info][gc,phases      ] GC(405)   Merge Heap Roots: 0.1ms
[81.066s][info][gc,phases      ] GC(405)   Evacuate Collection Set: 0.5ms
[81.067s][info][gc,phases      ] GC(405)   Post Evacuate Collection Set: 2.2ms
[81.067s][info][gc,phases      ] GC(405)   Other: 0.1ms
[81.067s][info][gc,heap        ] GC(405) Eden regions: 325->0(325)
[81.067s][info][gc,heap        ] GC(405) Survivor regions: 2->2(41)
[81.067s][info][gc,heap        ] GC(405) Old regions: 20->20
[81.067s][info][gc,heap        ] GC(405) Archive regions: 0->0
[81.067s][info][gc,heap        ] GC(405) Humongous regions: 0->0
[81.067s][info][gc,metaspace   ] GC(405) Metaspace: 14255K(15168K)->14255K(15168K) NonClass: 12305K(12928K)->12305K(12928K) Class: 1950K(2240K)->1950K(2240K)
[81.067s][info][gc             ] GC(405) Pause Young (Normal) (G1 Evacuation Pause) 331M->7M(546M) 3.399ms
[81.067s][info][gc,cpu         ] GC(405) User=0.00s Sys=0.00s Real=0.00s
[81.249s][info][gc,start       ] GC(406) Pause Young (Normal) (G1 Evacuation Pause)
[81.249s][info][gc,task        ] GC(406) Using 33 workers of 33 for evacuation
[81.252s][info][gc,phases      ] GC(406)   Pre Evacuate Collection Set: 0.2ms
[81.252s][info][gc,phases      ] GC(406)   Merge Heap Roots: 0.1ms
[81.252s][info][gc,phases      ] GC(406)   Evacuate Collection Set: 0.6ms
[81.252s][info][gc,phases      ] GC(406)   Post Evacuate Collection Set: 2.3ms
[81.252s][info][gc,phases      ] GC(406)   Other: 0.1ms
[81.252s][info][gc,heap        ] GC(406) Eden regions: 325->0(325)
[81.252s][info][gc,heap        ] GC(406) Survivor regions: 2->2(41)
[81.252s][info][gc,heap        ] GC(406) Old regions: 20->20
[81.252s][info][gc,heap        ] GC(406) Archive regions: 0->0
[81.252s][info][gc,heap        ] GC(406) Humongous regions: 0->0
[81.252s][info][gc,metaspace   ] GC(406) Metaspace: 14255K(15168K)->14255K(15168K) NonClass: 12305K(12928K)->12305K(12928K) Class: 1950K(2240K)->1950K(2240K)
[81.252s][info][gc             ] GC(406) Pause Young (Normal) (G1 Evacuation Pause) 332M->7M(546M) 3.606ms
[81.252s][info][gc,cpu         ] GC(406) User=0.48s Sys=0.00s Real=0.00s
[81.426s][info][gc,start       ] GC(407) Pause Young (Normal) (G1 Evacuation Pause)
[81.426s][info][gc,task        ] GC(407) Using 33 workers of 33 for evacuation
[81.429s][info][gc,phases      ] GC(407)   Pre Evacuate Collection Set: 0.1ms
[81.429s][info][gc,phases      ] GC(407)   Merge Heap Roots: 0.1ms
[81.429s][info][gc,phases      ] GC(407)   Evacuate Collection Set: 0.5ms
[81.429s][info][gc,phases      ] GC(407)   Post Evacuate Collection Set: 2.1ms
[81.429s][info][gc,phases      ] GC(407)   Other: 0.1ms
[81.429s][info][gc,heap        ] GC(407) Eden regions: 325->0(326)
[81.429s][info][gc,heap        ] GC(407) Survivor regions: 2->1(41)
[81.429s][info][gc,heap        ] GC(407) Old regions: 20->22
[81.429s][info][gc,heap        ] GC(407) Archive regions: 0->0
[81.429s][info][gc,heap        ] GC(407) Humongous regions: 0->0
[81.429s][info][gc,metaspace   ] GC(407) Metaspace: 14255K(15168K)->14255K(15168K) NonClass: 12305K(12928K)->12305K(12928K) Class: 1950K(2240K)->1950K(2240K)
[81.429s][info][gc             ] GC(407) Pause Young (Normal) (G1 Evacuation Pause) 332M->7M(546M) 3.261ms
[81.429s][info][gc,cpu         ] GC(407) User=0.00s Sys=0.00s Real=0.00s
[81.628s][info][gc,start       ] GC(408) Pause Young (Normal) (G1 Evacuation Pause)
[81.628s][info][gc,task        ] GC(408) Using 33 workers of 33 for evacuation
[81.631s][info][gc,phases      ] GC(408)   Pre Evacuate Collection Set: 0.2ms
[81.631s][info][gc,phases      ] GC(408)   Merge Heap Roots: 0.2ms
[81.631s][info][gc,phases      ] GC(408)   Evacuate Collection Set: 0.3ms
[81.631s][info][gc,phases      ] GC(408)   Post Evacuate Collection Set: 2.0ms
[81.631s][info][gc,phases      ] GC(408)   Other: 0.1ms
[81.631s][info][gc,heap        ] GC(408) Eden regions: 326->0(326)
[81.631s][info][gc,heap        ] GC(408) Survivor regions: 1->1(41)
[81.631s][info][gc,heap        ] GC(408) Old regions: 22->22
[81.631s][info][gc,heap        ] GC(408) Archive regions: 0->0
[81.631s][info][gc,heap        ] GC(408) Humongous regions: 0->0
[81.631s][info][gc,metaspace   ] GC(408) Metaspace: 14255K(15168K)->14255K(15168K) NonClass: 12305K(12928K)->12305K(12928K) Class: 1950K(2240K)->1950K(2240K)
[81.631s][info][gc             ] GC(408) Pause Young (Normal) (G1 Evacuation Pause) 333M->7M(546M) 2.989ms
[81.631s][info][gc,cpu         ] GC(408) User=0.00s Sys=0.00s Real=0.00s
[81.829s][info][gc,start       ] GC(409) Pause Young (Normal) (G1 Evacuation Pause)
[81.829s][info][gc,task        ] GC(409) Using 33 workers of 33 for evacuation
[81.832s][info][gc,phases      ] GC(409)   Pre Evacuate Collection Set: 0.2ms
[81.832s][info][gc,phases      ] GC(409)   Merge Heap Roots: 0.1ms
[81.832s][info][gc,phases      ] GC(409)   Evacuate Collection Set: 0.3ms
[81.832s][info][gc,phases      ] GC(409)   Post Evacuate Collection Set: 1.9ms
[81.832s][info][gc,phases      ] GC(409)   Other: 0.1ms
[81.832s][info][gc,heap        ] GC(409) Eden regions: 326->0(326)
[81.832s][info][gc,heap        ] GC(409) Survivor regions: 1->1(41)
[81.832s][info][gc,heap        ] GC(409) Old regions: 22->22
[81.832s][info][gc,heap        ] GC(409) Archive regions: 0->0
[81.832s][info][gc,heap        ] GC(409) Humongous regions: 0->0
[81.832s][info][gc,metaspace   ] GC(409) Metaspace: 14255K(15168K)->14255K(15168K) NonClass: 12305K(12928K)->12305K(12928K) Class: 1950K(2240K)->1950K(2240K)
[81.832s][info][gc             ] GC(409) Pause Young (Normal) (G1 Evacuation Pause) 333M->7M(546M) 2.944ms
[81.832s][info][gc,cpu         ] GC(409) User=0.00s Sys=0.00s Real=0.00s
[82.029s][info][gc,start       ] GC(410) Pause Young (Normal) (G1 Evacuation Pause)
[82.029s][info][gc,task        ] GC(410) Using 33 workers of 33 for evacuation
[82.032s][info][gc,phases      ] GC(410)   Pre Evacuate Collection Set: 0.2ms
[82.032s][info][gc,phases      ] GC(410)   Merge Heap Roots: 0.1ms
[82.032s][info][gc,phases      ] GC(410)   Evacuate Collection Set: 0.3ms
[82.032s][info][gc,phases      ] GC(410)   Post Evacuate Collection Set: 1.9ms
[82.032s][info][gc,phases      ] GC(410)   Other: 0.1ms
[82.032s][info][gc,heap        ] GC(410) Eden regions: 326->0(326)
[82.032s][info][gc,heap        ] GC(410) Survivor regions: 1->1(41)
[82.032s][info][gc,heap        ] GC(410) Old regions: 22->22
[82.032s][info][gc,heap        ] GC(410) Archive regions: 0->0
[82.032s][info][gc,heap        ] GC(410) Humongous regions: 0->0
[82.032s][info][gc,metaspace   ] GC(410) Metaspace: 14255K(15168K)->14255K(15168K) NonClass: 12305K(12928K)->12305K(12928K) Class: 1950K(2240K)->1950K(2240K)
[82.032s][info][gc             ] GC(410) Pause Young (Normal) (G1 Evacuation Pause) 333M->7M(546M) 2.882ms
[82.032s][info][gc,cpu         ] GC(410) User=0.52s Sys=0.00s Real=0.00s
[82.230s][info][gc,start       ] GC(411) Pause Young (Normal) (G1 Evacuation Pause)
[82.230s][info][gc,task        ] GC(411) Using 33 workers of 33 for evacuation
[82.233s][info][gc,phases      ] GC(411)   Pre Evacuate Collection Set: 0.2ms
[82.233s][info][gc,phases      ] GC(411)   Merge Heap Roots: 0.2ms
[82.233s][info][gc,phases      ] GC(411)   Evacuate Collection Set: 0.3ms
[82.233s][info][gc,phases      ] GC(411)   Post Evacuate Collection Set: 1.7ms
[82.233s][info][gc,phases      ] GC(411)   Other: 0.1ms
[82.233s][info][gc,heap        ] GC(411) Eden regions: 326->0(326)
[82.233s][info][gc,heap        ] GC(411) Survivor regions: 1->1(41)
[82.233s][info][gc,heap        ] GC(411) Old regions: 22->22
[82.233s][info][gc,heap        ] GC(411) Archive regions: 0->0
[82.233s][info][gc,heap        ] GC(411) Humongous regions: 0->0
[82.233s][info][gc,metaspace   ] GC(411) Metaspace: 14255K(15168K)->14255K(15168K) NonClass: 12305K(12928K)->12305K(12928K) Class: 1950K(2240K)->1950K(2240K)
[82.233s][info][gc             ] GC(411) Pause Young (Normal) (G1 Evacuation Pause) 333M->7M(546M) 2.734ms
[82.233s][info][gc,cpu         ] GC(411) User=0.00s Sys=0.00s Real=0.00s
[82.429s][info][gc,start       ] GC(412) Pause Young (Normal) (G1 Evacuation Pause)
[82.429s][info][gc,task        ] GC(412) Using 33 workers of 33 for evacuation
[82.432s][info][gc,phases      ] GC(412)   Pre Evacuate Collection Set: 0.2ms
[82.432s][info][gc,phases      ] GC(412)   Merge Heap Roots: 0.2ms
[82.432s][info][gc,phases      ] GC(412)   Evacuate Collection Set: 0.3ms
[82.432s][info][gc,phases      ] GC(412)   Post Evacuate Collection Set: 1.8ms
[82.432s][info][gc,phases      ] GC(412)   Other: 0.1ms
[82.432s][info][gc,heap        ] GC(412) Eden regions: 326->0(326)
[82.432s][info][gc,heap        ] GC(412) Survivor regions: 1->1(41)
[82.432s][info][gc,heap        ] GC(412) Old regions: 22->22
[82.432s][info][gc,heap        ] GC(412) Archive regions: 0->0
[82.432s][info][gc,heap        ] GC(412) Humongous regions: 0->0
[82.432s][info][gc,metaspace   ] GC(412) Metaspace: 14255K(15168K)->14255K(15168K) NonClass: 12305K(12928K)->12305K(12928K) Class: 1950K(2240K)->1950K(2240K)
[82.432s][info][gc             ] GC(412) Pause Young (Normal) (G1 Evacuation Pause) 333M->7M(546M) 2.804ms
[82.432s][info][gc,cpu         ] GC(412) User=0.00s Sys=0.00s Real=0.00s
[82.628s][info][gc,start       ] GC(413) Pause Young (Normal) (G1 Evacuation Pause)
[82.628s][info][gc,task        ] GC(413) Using 33 workers of 33 for evacuation
[82.631s][info][gc,phases      ] GC(413)   Pre Evacuate Collection Set: 0.1ms
[82.631s][info][gc,phases      ] GC(413)   Merge Heap Roots: 0.2ms
[82.631s][info][gc,phases      ] GC(413)   Evacuate Collection Set: 0.3ms
[82.631s][info][gc,phases      ] GC(413)   Post Evacuate Collection Set: 1.9ms
[82.631s][info][gc,phases      ] GC(413)   Other: 0.1ms
[82.631s][info][gc,heap        ] GC(413) Eden regions: 326->0(326)
[82.631s][info][gc,heap        ] GC(413) Survivor regions: 1->1(41)
[82.631s][info][gc,heap        ] GC(413) Old regions: 22->22
[82.631s][info][gc,heap        ] GC(413) Archive regions: 0->0
[82.631s][info][gc,heap        ] GC(413) Humongous regions: 0->0
[82.631s][info][gc,metaspace   ] GC(413) Metaspace: 14255K(15168K)->14255K(15168K) NonClass: 12305K(12928K)->12305K(12928K) Class: 1950K(2240K)->1950K(2240K)
[82.631s][info][gc             ] GC(413) Pause Young (Normal) (G1 Evacuation Pause) 333M->7M(546M) 2.775ms
[82.631s][info][gc,cpu         ] GC(413) User=0.00s Sys=0.00s Real=0.00s
[82.827s][info][gc,start       ] GC(414) Pause Young (Normal) (G1 Evacuation Pause)
[82.827s][info][gc,task        ] GC(414) Using 33 workers of 33 for evacuation
[82.829s][info][gc,phases      ] GC(414)   Pre Evacuate Collection Set: 0.2ms
[82.829s][info][gc,phases      ] GC(414)   Merge Heap Roots: 0.2ms
[82.829s][info][gc,phases      ] GC(414)   Evacuate Collection Set: 0.3ms
[82.829s][info][gc,phases      ] GC(414)   Post Evacuate Collection Set: 1.9ms
[82.829s][info][gc,phases      ] GC(414)   Other: 0.1ms
[82.829s][info][gc,heap        ] GC(414) Eden regions: 326->0(326)
[82.829s][info][gc,heap        ] GC(414) Survivor regions: 1->1(41)
[82.829s][info][gc,heap        ] GC(414) Old regions: 22->22
[82.829s][info][gc,heap        ] GC(414) Archive regions: 0->0
[82.830s][info][gc,heap        ] GC(414) Humongous regions: 0->0
[82.830s][info][gc,metaspace   ] GC(414) Metaspace: 14255K(15168K)->14255K(15168K) NonClass: 12305K(12928K)->12305K(12928K) Class: 1950K(2240K)->1950K(2240K)
[82.830s][info][gc             ] GC(414) Pause Young (Normal) (G1 Evacuation Pause) 333M->7M(546M) 2.906ms
[82.830s][info][gc,cpu         ] GC(414) User=0.52s Sys=0.00s Real=0.00s
[83.027s][info][gc,start       ] GC(415) Pause Young (Normal) (G1 Evacuation Pause)
[83.027s][info][gc,task        ] GC(415) Using 33 workers of 33 for evacuation
[83.029s][info][gc,phases      ] GC(415)   Pre Evacuate Collection Set: 0.1ms
[83.029s][info][gc,phases      ] GC(415)   Merge Heap Roots: 0.2ms
[83.029s][info][gc,phases      ] GC(415)   Evacuate Collection Set: 0.3ms
[83.029s][info][gc,phases      ] GC(415)   Post Evacuate Collection Set: 1.9ms
[83.029s][info][gc,phases      ] GC(415)   Other: 0.2ms
[83.029s][info][gc,heap        ] GC(415) Eden regions: 326->0(326)
[83.029s][info][gc,heap        ] GC(415) Survivor regions: 1->1(41)
[83.029s][info][gc,heap        ] GC(415) Old regions: 22->22
[83.029s][info][gc,heap        ] GC(415) Archive regions: 0->0
[83.029s][info][gc,heap        ] GC(415) Humongous regions: 0->0
[83.029s][info][gc,metaspace   ] GC(415) Metaspace: 14255K(15168K)->14255K(15168K) NonClass: 12305K(12928K)->12305K(12928K) Class: 1950K(2240K)->1950K(2240K)
[83.029s][info][gc             ] GC(415) Pause Young (Normal) (G1 Evacuation Pause) 333M->7M(546M) 2.972ms
[83.030s][info][gc,cpu         ] GC(415) User=0.00s Sys=0.00s Real=0.00s
[83.225s][info][gc,start       ] GC(416) Pause Young (Normal) (G1 Evacuation Pause)
[83.225s][info][gc,task        ] GC(416) Using 33 workers of 33 for evacuation
[83.228s][info][gc,phases      ] GC(416)   Pre Evacuate Collection Set: 0.1ms
[83.228s][info][gc,phases      ] GC(416)   Merge Heap Roots: 0.2ms
[83.228s][info][gc,phases      ] GC(416)   Evacuate Collection Set: 0.3ms
[83.228s][info][gc,phases      ] GC(416)   Post Evacuate Collection Set: 2.0ms
[83.228s][info][gc,phases      ] GC(416)   Other: 0.1ms
[83.228s][info][gc,heap        ] GC(416) Eden regions: 326->0(326)
[83.228s][info][gc,heap        ] GC(416) Survivor regions: 1->1(41)
[83.228s][info][gc,heap        ] GC(416) Old regions: 22->22
[83.228s][info][gc,heap        ] GC(416) Archive regions: 0->0
[83.228s][info][gc,heap        ] GC(416) Humongous regions: 0->0
[83.228s][info][gc,metaspace   ] GC(416) Metaspace: 14255K(15168K)->14255K(15168K) NonClass: 12305K(12928K)->12305K(12928K) Class: 1950K(2240K)->1950K(2240K)
[83.228s][info][gc             ] GC(416) Pause Young (Normal) (G1 Evacuation Pause) 333M->7M(546M) 2.948ms
[83.228s][info][gc,cpu         ] GC(416) User=0.00s Sys=0.00s Real=0.00s
[83.426s][info][gc,start       ] GC(417) Pause Young (Normal) (G1 Evacuation Pause)
[83.426s][info][gc,task        ] GC(417) Using 33 workers of 33 for evacuation
[83.429s][info][gc,phases      ] GC(417)   Pre Evacuate Collection Set: 0.1ms
[83.429s][info][gc,phases      ] GC(417)   Merge Heap Roots: 0.2ms
[83.429s][info][gc,phases      ] GC(417)   Evacuate Collection Set: 0.3ms
[83.429s][info][gc,phases      ] GC(417)   Post Evacuate Collection Set: 2.0ms
[83.429s][info][gc,phases      ] GC(417)   Other: 0.1ms
[83.429s][info][gc,heap        ] GC(417) Eden regions: 326->0(326)
[83.429s][info][gc,heap        ] GC(417) Survivor regions: 1->1(41)
[83.429s][info][gc,heap        ] GC(417) Old regions: 22->22
[83.429s][info][gc,heap        ] GC(417) Archive regions: 0->0
[83.429s][info][gc,heap        ] GC(417) Humongous regions: 0->0
[83.429s][info][gc,metaspace   ] GC(417) Metaspace: 14255K(15168K)->14255K(15168K) NonClass: 12305K(12928K)->12305K(12928K) Class: 1950K(2240K)->1950K(2240K)
[83.429s][info][gc             ] GC(417) Pause Young (Normal) (G1 Evacuation Pause) 333M->7M(546M) 3.050ms
[83.429s][info][gc,cpu         ] GC(417) User=0.00s Sys=0.00s Real=0.00s
[83.626s][info][gc,start       ] GC(418) Pause Young (Normal) (G1 Evacuation Pause)
[83.626s][info][gc,task        ] GC(418) Using 33 workers of 33 for evacuation
[83.629s][info][gc,phases      ] GC(418)   Pre Evacuate Collection Set: 0.2ms
[83.629s][info][gc,phases      ] GC(418)   Merge Heap Roots: 0.2ms
[83.629s][info][gc,phases      ] GC(418)   Evacuate Collection Set: 0.3ms
[83.629s][info][gc,phases      ] GC(418)   Post Evacuate Collection Set: 2.0ms
[83.629s][info][gc,phases      ] GC(418)   Other: 0.2ms
[83.629s][info][gc,heap        ] GC(418) Eden regions: 326->0(326)
[83.629s][info][gc,heap        ] GC(418) Survivor regions: 1->1(41)
[83.629s][info][gc,heap        ] GC(418) Old regions: 22->22
[83.629s][info][gc,heap        ] GC(418) Archive regions: 0->0
[83.629s][info][gc,heap        ] GC(418) Humongous regions: 0->0
[83.629s][info][gc,metaspace   ] GC(418) Metaspace: 14255K(15168K)->14255K(15168K) NonClass: 12305K(12928K)->12305K(12928K) Class: 1950K(2240K)->1950K(2240K)
[83.629s][info][gc             ] GC(418) Pause Young (Normal) (G1 Evacuation Pause) 333M->7M(546M) 3.098ms
[83.629s][info][gc,cpu         ] GC(418) User=0.00s Sys=0.00s Real=0.00s
[83.826s][info][gc,start       ] GC(419) Pause Young (Normal) (G1 Evacuation Pause)
[83.826s][info][gc,task        ] GC(419) Using 33 workers of 33 for evacuation
[83.829s][info][gc,phases      ] GC(419)   Pre Evacuate Collection Set: 0.2ms
[83.842s][info][gc,phases      ] GC(419)   Merge Heap Roots: 0.2ms
[83.842s][info][gc,phases      ] GC(419)   Evacuate Collection Set: 0.3ms
[83.842s][info][gc,phases      ] GC(419)   Post Evacuate Collection Set: 2.1ms
[83.842s][info][gc,phases      ] GC(419)   Other: 0.1ms
[83.842s][info][gc,heap        ] GC(419) Eden regions: 326->0(326)
[83.842s][info][gc,heap        ] GC(419) Survivor regions: 1->1(41)
[83.842s][info][gc,heap        ] GC(419) Old regions: 22->22
[83.842s][info][gc,heap        ] GC(419) Archive regions: 0->0
[83.842s][info][gc,heap        ] GC(419) Humongous regions: 0->0
[83.842s][info][gc,metaspace   ] GC(419) Metaspace: 14255K(15168K)->14255K(15168K) NonClass: 12305K(12928K)->12305K(12928K) Class: 1950K(2240K)->1950K(2240K)
[83.842s][info][gc             ] GC(419) Pause Young (Normal) (G1 Evacuation Pause) 333M->7M(546M) 15.590ms
[83.842s][info][gc,cpu         ] GC(419) User=0.52s Sys=0.00s Real=0.02s
[84.039s][info][gc,start       ] GC(420) Pause Young (Normal) (G1 Evacuation Pause)
[84.039s][info][gc,task        ] GC(420) Using 33 workers of 33 for evacuation
[84.042s][info][gc,phases      ] GC(420)   Pre Evacuate Collection Set: 0.2ms
[84.042s][info][gc,phases      ] GC(420)   Merge Heap Roots: 0.2ms
[84.042s][info][gc,phases      ] GC(420)   Evacuate Collection Set: 0.3ms
[84.042s][info][gc,phases      ] GC(420)   Post Evacuate Collection Set: 2.1ms
[84.042s][info][gc,phases      ] GC(420)   Other: 0.1ms
[84.042s][info][gc,heap        ] GC(420) Eden regions: 326->0(326)
[84.042s][info][gc,heap        ] GC(420) Survivor regions: 1->1(41)
[84.042s][info][gc,heap        ] GC(420) Old regions: 22->22
[84.042s][info][gc,heap        ] GC(420) Archive regions: 0->0
[84.042s][info][gc,heap        ] GC(420) Humongous regions: 0->0
[84.042s][info][gc,metaspace   ] GC(420) Metaspace: 14255K(15168K)->14255K(15168K) NonClass: 12305K(12928K)->12305K(12928K) Class: 1950K(2240K)->1950K(2240K)
[84.042s][info][gc             ] GC(420) Pause Young (Normal) (G1 Evacuation Pause) 333M->7M(546M) 3.118ms
[84.042s][info][gc,cpu         ] GC(420) User=0.00s Sys=0.00s Real=0.00s
[84.239s][info][gc,start       ] GC(421) Pause Young (Normal) (G1 Evacuation Pause)
[84.239s][info][gc,task        ] GC(421) Using 33 workers of 33 for evacuation
[84.242s][info][gc,phases      ] GC(421)   Pre Evacuate Collection Set: 0.1ms
[84.242s][info][gc,phases      ] GC(421)   Merge Heap Roots: 0.2ms
[84.242s][info][gc,phases      ] GC(421)   Evacuate Collection Set: 0.3ms
[84.242s][info][gc,phases      ] GC(421)   Post Evacuate Collection Set: 2.2ms
[84.242s][info][gc,phases      ] GC(421)   Other: 0.1ms
[84.242s][info][gc,heap        ] GC(421) Eden regions: 326->0(326)
[84.242s][info][gc,heap        ] GC(421) Survivor regions: 1->1(41)
[84.242s][info][gc,heap        ] GC(421) Old regions: 22->22
[84.242s][info][gc,heap        ] GC(421) Archive regions: 0->0
[84.242s][info][gc,heap        ] GC(421) Humongous regions: 0->0
[84.242s][info][gc,metaspace   ] GC(421) Metaspace: 14255K(15168K)->14255K(15168K) NonClass: 12305K(12928K)->12305K(12928K) Class: 1950K(2240K)->1950K(2240K)
[84.242s][info][gc             ] GC(421) Pause Young (Normal) (G1 Evacuation Pause) 333M->7M(546M) 3.113ms
[84.242s][info][gc,cpu         ] GC(421) User=0.00s Sys=0.00s Real=0.00s
[84.439s][info][gc,start       ] GC(422) Pause Young (Normal) (G1 Evacuation Pause)
[84.439s][info][gc,task        ] GC(422) Using 33 workers of 33 for evacuation
[84.442s][info][gc,phases      ] GC(422)   Pre Evacuate Collection Set: 0.2ms
[84.442s][info][gc,phases      ] GC(422)   Merge Heap Roots: 0.2ms
[84.442s][info][gc,phases      ] GC(422)   Evacuate Collection Set: 0.3ms
[84.442s][info][gc,phases      ] GC(422)   Post Evacuate Collection Set: 2.2ms
[84.442s][info][gc,phases      ] GC(422)   Other: 0.1ms
[84.442s][info][gc,heap        ] GC(422) Eden regions: 326->0(326)
[84.442s][info][gc,heap        ] GC(422) Survivor regions: 1->1(41)
[84.442s][info][gc,heap        ] GC(422) Old regions: 22->22
[84.442s][info][gc,heap        ] GC(422) Archive regions: 0->0
[84.442s][info][gc,heap        ] GC(422) Humongous regions: 0->0
[84.442s][info][gc,metaspace   ] GC(422) Metaspace: 14255K(15168K)->14255K(15168K) NonClass: 12305K(12928K)->12305K(12928K) Class: 1950K(2240K)->1950K(2240K)
[84.442s][info][gc             ] GC(422) Pause Young (Normal) (G1 Evacuation Pause) 333M->7M(546M) 3.148ms
[84.443s][info][gc,cpu         ] GC(422) User=0.00s Sys=0.00s Real=0.00s
[84.640s][info][gc,start       ] GC(423) Pause Young (Normal) (G1 Evacuation Pause)
[84.640s][info][gc,task        ] GC(423) Using 33 workers of 33 for evacuation
[84.643s][info][gc,phases      ] GC(423)   Pre Evacuate Collection Set: 0.1ms
[84.643s][info][gc,phases      ] GC(423)   Merge Heap Roots: 0.2ms
[84.643s][info][gc,phases      ] GC(423)   Evacuate Collection Set: 0.3ms
[84.643s][info][gc,phases      ] GC(423)   Post Evacuate Collection Set: 2.2ms
[84.643s][info][gc,phases      ] GC(423)   Other: 0.1ms
[84.643s][info][gc,heap        ] GC(423) Eden regions: 326->0(326)
[84.643s][info][gc,heap        ] GC(423) Survivor regions: 1->1(41)
[84.643s][info][gc,heap        ] GC(423) Old regions: 22->23
[84.643s][info][gc,heap        ] GC(423) Archive regions: 0->0
[84.643s][info][gc,heap        ] GC(423) Humongous regions: 0->0
[84.643s][info][gc,metaspace   ] GC(423) Metaspace: 14255K(15168K)->14255K(15168K) NonClass: 12305K(12928K)->12305K(12928K) Class: 1950K(2240K)->1950K(2240K)
[84.643s][info][gc             ] GC(423) Pause Young (Normal) (G1 Evacuation Pause) 333M->7M(546M) 3.218ms
[84.643s][info][gc,cpu         ] GC(423) User=0.52s Sys=0.00s Real=0.00s
[84.841s][info][gc,start       ] GC(424) Pause Young (Normal) (G1 Evacuation Pause)
[84.841s][info][gc,task        ] GC(424) Using 33 workers of 33 for evacuation
[84.844s][info][gc,phases      ] GC(424)   Pre Evacuate Collection Set: 0.2ms
[84.844s][info][gc,phases      ] GC(424)   Merge Heap Roots: 0.2ms
[84.844s][info][gc,phases      ] GC(424)   Evacuate Collection Set: 0.3ms
[84.844s][info][gc,phases      ] GC(424)   Post Evacuate Collection Set: 2.2ms
[84.844s][info][gc,phases      ] GC(424)   Other: 0.1ms
[84.844s][info][gc,heap        ] GC(424) Eden regions: 326->0(326)
[84.844s][info][gc,heap        ] GC(424) Survivor regions: 1->1(41)
[84.844s][info][gc,heap        ] GC(424) Old regions: 23->23
[84.844s][info][gc,heap        ] GC(424) Archive regions: 0->0
[84.844s][info][gc,heap        ] GC(424) Humongous regions: 0->0
[84.844s][info][gc,metaspace   ] GC(424) Metaspace: 14255K(15168K)->14255K(15168K) NonClass: 12305K(12928K)->12305K(12928K) Class: 1950K(2240K)->1950K(2240K)
[84.844s][info][gc             ] GC(424) Pause Young (Normal) (G1 Evacuation Pause) 333M->7M(546M) 3.220ms
[84.844s][info][gc,cpu         ] GC(424) User=0.00s Sys=0.00s Real=0.00s
[85.042s][info][gc,start       ] GC(425) Pause Young (Normal) (G1 Evacuation Pause)
[85.042s][info][gc,task        ] GC(425) Using 33 workers of 33 for evacuation
[85.045s][info][gc,phases      ] GC(425)   Pre Evacuate Collection Set: 0.2ms
[85.045s][info][gc,phases      ] GC(425)   Merge Heap Roots: 0.2ms
[85.046s][info][gc,phases      ] GC(425)   Evacuate Collection Set: 0.3ms
[85.046s][info][gc,phases      ] GC(425)   Post Evacuate Collection Set: 2.3ms
[85.046s][info][gc,phases      ] GC(425)   Other: 0.1ms
[85.046s][info][gc,heap        ] GC(425) Eden regions: 326->0(326)
[85.046s][info][gc,heap        ] GC(425) Survivor regions: 1->1(41)
[85.046s][info][gc,heap        ] GC(425) Old regions: 23->23
[85.046s][info][gc,heap        ] GC(425) Archive regions: 0->0
[85.046s][info][gc,heap        ] GC(425) Humongous regions: 0->0
[85.046s][info][gc,metaspace   ] GC(425) Metaspace: 14255K(15168K)->14255K(15168K) NonClass: 12305K(12928K)->12305K(12928K) Class: 1950K(2240K)->1950K(2240K)
[85.046s][info][gc             ] GC(425) Pause Young (Normal) (G1 Evacuation Pause) 333M->7M(546M) 3.380ms
[85.046s][info][gc,cpu         ] GC(425) User=0.00s Sys=0.00s Real=0.00s
[85.286s][info][gc,start       ] GC(426) Pause Young (Normal) (G1 Evacuation Pause)
[85.286s][info][gc,task        ] GC(426) Using 33 workers of 33 for evacuation
[85.290s][info][gc,phases      ] GC(426)   Pre Evacuate Collection Set: 0.2ms
[85.290s][info][gc,phases      ] GC(426)   Merge Heap Roots: 0.2ms
[85.290s][info][gc,phases      ] GC(426)   Evacuate Collection Set: 0.6ms
[85.291s][info][gc,phases      ] GC(426)   Post Evacuate Collection Set: 3.1ms
[85.291s][info][gc,phases      ] GC(426)   Other: 0.2ms
[85.291s][info][gc,heap        ] GC(426) Eden regions: 326->0(326)
[85.291s][info][gc,heap        ] GC(426) Survivor regions: 1->1(41)
[85.291s][info][gc,heap        ] GC(426) Old regions: 23->23
[85.291s][info][gc,heap        ] GC(426) Archive regions: 0->0
[85.291s][info][gc,heap        ] GC(426) Humongous regions: 0->0
[85.291s][info][gc,metaspace   ] GC(426) Metaspace: 14255K(15168K)->14255K(15168K) NonClass: 12305K(12928K)->12305K(12928K) Class: 1950K(2240K)->1950K(2240K)
[85.291s][info][gc             ] GC(426) Pause Young (Normal) (G1 Evacuation Pause) 333M->7M(546M) 4.816ms
[85.291s][info][gc,cpu         ] GC(426) User=0.00s Sys=0.00s Real=0.00s
[85.495s][info][gc,start       ] GC(427) Pause Young (Normal) (G1 Evacuation Pause)
[85.495s][info][gc,task        ] GC(427) Using 33 workers of 33 for evacuation
[85.498s][info][gc,phases      ] GC(427)   Pre Evacuate Collection Set: 0.2ms
[85.498s][info][gc,phases      ] GC(427)   Merge Heap Roots: 0.2ms
[85.498s][info][gc,phases      ] GC(427)   Evacuate Collection Set: 0.3ms
[85.498s][info][gc,phases      ] GC(427)   Post Evacuate Collection Set: 2.1ms
[85.498s][info][gc,phases      ] GC(427)   Other: 0.1ms
[85.498s][info][gc,heap        ] GC(427) Eden regions: 326->0(326)
[85.498s][info][gc,heap        ] GC(427) Survivor regions: 1->1(41)
[85.498s][info][gc,heap        ] GC(427) Old regions: 23->23
[85.498s][info][gc,heap        ] GC(427) Archive regions: 0->0
[85.498s][info][gc,heap        ] GC(427) Humongous regions: 0->0
[85.498s][info][gc,metaspace   ] GC(427) Metaspace: 14255K(15168K)->14255K(15168K) NonClass: 12305K(12928K)->12305K(12928K) Class: 1950K(2240K)->1950K(2240K)
[85.498s][info][gc             ] GC(427) Pause Young (Normal) (G1 Evacuation Pause) 333M->7M(546M) 3.131ms
[85.498s][info][gc,cpu         ] GC(427) User=0.00s Sys=0.00s Real=0.00s
[85.696s][info][gc,start       ] GC(428) Pause Young (Normal) (G1 Evacuation Pause)
[85.697s][info][gc,task        ] GC(428) Using 33 workers of 33 for evacuation
[85.699s][info][gc,phases      ] GC(428)   Pre Evacuate Collection Set: 0.2ms
[85.699s][info][gc,phases      ] GC(428)   Merge Heap Roots: 0.2ms
[85.699s][info][gc,phases      ] GC(428)   Evacuate Collection Set: 0.4ms
[85.699s][info][gc,phases      ] GC(428)   Post Evacuate Collection Set: 1.9ms
[85.699s][info][gc,phases      ] GC(428)   Other: 0.1ms
[85.699s][info][gc,heap        ] GC(428) Eden regions: 326->0(326)
[85.699s][info][gc,heap        ] GC(428) Survivor regions: 1->1(41)
[85.699s][info][gc,heap        ] GC(428) Old regions: 23->23
[85.699s][info][gc,heap        ] GC(428) Archive regions: 0->0
[85.699s][info][gc,heap        ] GC(428) Humongous regions: 0->0
[85.699s][info][gc,metaspace   ] GC(428) Metaspace: 14255K(15168K)->14255K(15168K) NonClass: 12305K(12928K)->12305K(12928K) Class: 1950K(2240K)->1950K(2240K)
[85.699s][info][gc             ] GC(428) Pause Young (Normal) (G1 Evacuation Pause) 333M->8M(546M) 2.940ms
[85.699s][info][gc,cpu         ] GC(428) User=0.00s Sys=0.00s Real=0.00s
[85.897s][info][gc,start       ] GC(429) Pause Young (Normal) (G1 Evacuation Pause)
[85.898s][info][gc,task        ] GC(429) Using 33 workers of 33 for evacuation
[85.900s][info][gc,phases      ] GC(429)   Pre Evacuate Collection Set: 0.2ms
[85.900s][info][gc,phases      ] GC(429)   Merge Heap Roots: 0.2ms
[85.900s][info][gc,phases      ] GC(429)   Evacuate Collection Set: 0.3ms
[85.900s][info][gc,phases      ] GC(429)   Post Evacuate Collection Set: 1.9ms
[85.900s][info][gc,phases      ] GC(429)   Other: 0.1ms
[85.900s][info][gc,heap        ] GC(429) Eden regions: 326->0(326)
[85.900s][info][gc,heap        ] GC(429) Survivor regions: 1->1(41)
[85.900s][info][gc,heap        ] GC(429) Old regions: 23->23
[85.900s][info][gc,heap        ] GC(429) Archive regions: 0->0
[85.900s][info][gc,heap        ] GC(429) Humongous regions: 0->0
[85.900s][info][gc,metaspace   ] GC(429) Metaspace: 14255K(15168K)->14255K(15168K) NonClass: 12305K(12928K)->12305K(12928K) Class: 1950K(2240K)->1950K(2240K)
[85.900s][info][gc             ] GC(429) Pause Young (Normal) (G1 Evacuation Pause) 334M->8M(546M) 2.893ms
[85.900s][info][gc,cpu         ] GC(429) User=0.00s Sys=0.00s Real=0.00s
[86.098s][info][gc,start       ] GC(430) Pause Young (Normal) (G1 Evacuation Pause)
[86.098s][info][gc,task        ] GC(430) Using 33 workers of 33 for evacuation
[86.100s][info][gc,phases      ] GC(430)   Pre Evacuate Collection Set: 0.2ms
[86.100s][info][gc,phases      ] GC(430)   Merge Heap Roots: 0.2ms
[86.100s][info][gc,phases      ] GC(430)   Evacuate Collection Set: 0.3ms
[86.100s][info][gc,phases      ] GC(430)   Post Evacuate Collection Set: 1.9ms
[86.100s][info][gc,phases      ] GC(430)   Other: 0.1ms
[86.100s][info][gc,heap        ] GC(430) Eden regions: 326->0(326)
[86.100s][info][gc,heap        ] GC(430) Survivor regions: 1->1(41)
[86.100s][info][gc,heap        ] GC(430) Old regions: 23->23
[86.100s][info][gc,heap        ] GC(430) Archive regions: 0->0
[86.100s][info][gc,heap        ] GC(430) Humongous regions: 0->0
[86.100s][info][gc,metaspace   ] GC(430) Metaspace: 14255K(15168K)->14255K(15168K) NonClass: 12305K(12928K)->12305K(12928K) Class: 1950K(2240K)->1950K(2240K)
[86.100s][info][gc             ] GC(430) Pause Young (Normal) (G1 Evacuation Pause) 334M->8M(546M) 2.907ms
[86.101s][info][gc,cpu         ] GC(430) User=0.00s Sys=0.00s Real=0.00s
[86.297s][info][gc,start       ] GC(431) Pause Young (Normal) (G1 Evacuation Pause)
[86.297s][info][gc,task        ] GC(431) Using 33 workers of 33 for evacuation
[86.300s][info][gc,phases      ] GC(431)   Pre Evacuate Collection Set: 0.2ms
[86.300s][info][gc,phases      ] GC(431)   Merge Heap Roots: 0.2ms
[86.300s][info][gc,phases      ] GC(431)   Evacuate Collection Set: 0.3ms
[86.300s][info][gc,phases      ] GC(431)   Post Evacuate Collection Set: 1.9ms
[86.300s][info][gc,phases      ] GC(431)   Other: 0.1ms
[86.300s][info][gc,heap        ] GC(431) Eden regions: 326->0(326)
[86.300s][info][gc,heap        ] GC(431) Survivor regions: 1->1(41)
[86.300s][info][gc,heap        ] GC(431) Old regions: 23->23
[86.300s][info][gc,heap        ] GC(431) Archive regions: 0->0
[86.300s][info][gc,heap        ] GC(431) Humongous regions: 0->0
[86.300s][info][gc,metaspace   ] GC(431) Metaspace: 14255K(15168K)->14255K(15168K) NonClass: 12305K(12928K)->12305K(12928K) Class: 1950K(2240K)->1950K(2240K)
[86.300s][info][gc             ] GC(431) Pause Young (Normal) (G1 Evacuation Pause) 334M->8M(546M) 2.815ms
[86.300s][info][gc,cpu         ] GC(431) User=0.00s Sys=0.00s Real=0.00s
[86.497s][info][gc,start       ] GC(432) Pause Young (Normal) (G1 Evacuation Pause)
[86.498s][info][gc,task        ] GC(432) Using 33 workers of 33 for evacuation
[86.500s][info][gc,phases      ] GC(432)   Pre Evacuate Collection Set: 0.2ms
[86.500s][info][gc,phases      ] GC(432)   Merge Heap Roots: 0.1ms
[86.500s][info][gc,phases      ] GC(432)   Evacuate Collection Set: 0.3ms
[86.500s][info][gc,phases      ] GC(432)   Post Evacuate Collection Set: 1.9ms
[86.500s][info][gc,phases      ] GC(432)   Other: 0.1ms
[86.500s][info][gc,heap        ] GC(432) Eden regions: 326->0(326)
[86.500s][info][gc,heap        ] GC(432) Survivor regions: 1->1(41)
[86.500s][info][gc,heap        ] GC(432) Old regions: 23->23
[86.500s][info][gc,heap        ] GC(432) Archive regions: 0->0
[86.500s][info][gc,heap        ] GC(432) Humongous regions: 0->0
[86.500s][info][gc,metaspace   ] GC(432) Metaspace: 14255K(15168K)->14255K(15168K) NonClass: 12305K(12928K)->12305K(12928K) Class: 1950K(2240K)->1950K(2240K)
[86.500s][info][gc             ] GC(432) Pause Young (Normal) (G1 Evacuation Pause) 334M->8M(546M) 2.964ms
[86.500s][info][gc,cpu         ] GC(432) User=0.52s Sys=0.00s Real=0.00s
[86.697s][info][gc,start       ] GC(433) Pause Young (Normal) (G1 Evacuation Pause)
[86.697s][info][gc,task        ] GC(433) Using 33 workers of 33 for evacuation
[86.700s][info][gc,phases      ] GC(433)   Pre Evacuate Collection Set: 0.2ms
[86.700s][info][gc,phases      ] GC(433)   Merge Heap Roots: 0.2ms
[86.700s][info][gc,phases      ] GC(433)   Evacuate Collection Set: 0.4ms
[86.700s][info][gc,phases      ] GC(433)   Post Evacuate Collection Set: 2.0ms
[86.700s][info][gc,phases      ] GC(433)   Other: 0.1ms
[86.700s][info][gc,heap        ] GC(433) Eden regions: 326->0(326)
[86.700s][info][gc,heap        ] GC(433) Survivor regions: 1->1(41)
[86.700s][info][gc,heap        ] GC(433) Old regions: 23->23
[86.700s][info][gc,heap        ] GC(433) Archive regions: 0->0
[86.700s][info][gc,heap        ] GC(433) Humongous regions: 0->0
[86.700s][info][gc,metaspace   ] GC(433) Metaspace: 14255K(15168K)->14255K(15168K) NonClass: 12305K(12928K)->12305K(12928K) Class: 1950K(2240K)->1950K(2240K)
[86.700s][info][gc             ] GC(433) Pause Young (Normal) (G1 Evacuation Pause) 334M->8M(546M) 2.982ms
[86.700s][info][gc,cpu         ] GC(433) User=0.00s Sys=0.00s Real=0.00s
[86.898s][info][gc,start       ] GC(434) Pause Young (Normal) (G1 Evacuation Pause)
[86.898s][info][gc,task        ] GC(434) Using 33 workers of 33 for evacuation
[86.901s][info][gc,phases      ] GC(434)   Pre Evacuate Collection Set: 0.2ms
[86.901s][info][gc,phases      ] GC(434)   Merge Heap Roots: 0.2ms
[86.901s][info][gc,phases      ] GC(434)   Evacuate Collection Set: 0.3ms
[86.901s][info][gc,phases      ] GC(434)   Post Evacuate Collection Set: 2.0ms
[86.901s][info][gc,phases      ] GC(434)   Other: 0.1ms
[86.901s][info][gc,heap        ] GC(434) Eden regions: 326->0(326)
[86.901s][info][gc,heap        ] GC(434) Survivor regions: 1->1(41)
[86.901s][info][gc,heap        ] GC(434) Old regions: 23->23
[86.901s][info][gc,heap        ] GC(434) Archive regions: 0->0
[86.901s][info][gc,heap        ] GC(434) Humongous regions: 0->0
[86.901s][info][gc,metaspace   ] GC(434) Metaspace: 14255K(15168K)->14255K(15168K) NonClass: 12305K(12928K)->12305K(12928K) Class: 1950K(2240K)->1950K(2240K)
[86.901s][info][gc             ] GC(434) Pause Young (Normal) (G1 Evacuation Pause) 334M->8M(546M) 2.976ms
[86.901s][info][gc,cpu         ] GC(434) User=0.00s Sys=0.00s Real=0.00s
[87.097s][info][gc,start       ] GC(435) Pause Young (Normal) (G1 Evacuation Pause)
[87.098s][info][gc,task        ] GC(435) Using 33 workers of 33 for evacuation
[87.100s][info][gc,phases      ] GC(435)   Pre Evacuate Collection Set: 0.2ms
[87.100s][info][gc,phases      ] GC(435)   Merge Heap Roots: 0.2ms
[87.100s][info][gc,phases      ] GC(435)   Evacuate Collection Set: 0.4ms
[87.100s][info][gc,phases      ] GC(435)   Post Evacuate Collection Set: 2.1ms
[87.100s][info][gc,phases      ] GC(435)   Other: 0.1ms
[87.100s][info][gc,heap        ] GC(435) Eden regions: 326->0(326)
[87.100s][info][gc,heap        ] GC(435) Survivor regions: 1->1(41)
[87.100s][info][gc,heap        ] GC(435) Old regions: 23->23
[87.100s][info][gc,heap        ] GC(435) Archive regions: 0->0
[87.100s][info][gc,heap        ] GC(435) Humongous regions: 0->0
[87.101s][info][gc,metaspace   ] GC(435) Metaspace: 14255K(15168K)->14255K(15168K) NonClass: 12305K(12928K)->12305K(12928K) Class: 1950K(2240K)->1950K(2240K)
[87.101s][info][gc             ] GC(435) Pause Young (Normal) (G1 Evacuation Pause) 334M->8M(546M) 3.076ms
[87.101s][info][gc,cpu         ] GC(435) User=0.00s Sys=0.00s Real=0.00s
[87.297s][info][gc,start       ] GC(436) Pause Young (Normal) (G1 Evacuation Pause)
[87.297s][info][gc,task        ] GC(436) Using 33 workers of 33 for evacuation
[87.300s][info][gc,phases      ] GC(436)   Pre Evacuate Collection Set: 0.1ms
[87.300s][info][gc,phases      ] GC(436)   Merge Heap Roots: 0.2ms
[87.300s][info][gc,phases      ] GC(436)   Evacuate Collection Set: 0.4ms
[87.300s][info][gc,phases      ] GC(436)   Post Evacuate Collection Set: 2.1ms
[87.300s][info][gc,phases      ] GC(436)   Other: 0.1ms
[87.300s][info][gc,heap        ] GC(436) Eden regions: 326->0(326)
[87.300s][info][gc,heap        ] GC(436) Survivor regions: 1->1(41)
[87.300s][info][gc,heap        ] GC(436) Old regions: 23->23
[87.300s][info][gc,heap        ] GC(436) Archive regions: 0->0
[87.300s][info][gc,heap        ] GC(436) Humongous regions: 0->0
[87.300s][info][gc,metaspace   ] GC(436) Metaspace: 14255K(15168K)->14255K(15168K) NonClass: 12305K(12928K)->12305K(12928K) Class: 1950K(2240K)->1950K(2240K)
[87.300s][info][gc             ] GC(436) Pause Young (Normal) (G1 Evacuation Pause) 334M->8M(546M) 3.109ms
[87.300s][info][gc,cpu         ] GC(436) User=0.00s Sys=0.00s Real=0.00s
[87.498s][info][gc,start       ] GC(437) Pause Young (Normal) (G1 Evacuation Pause)
[87.498s][info][gc,task        ] GC(437) Using 33 workers of 33 for evacuation
[87.501s][info][gc,phases      ] GC(437)   Pre Evacuate Collection Set: 0.2ms
[87.501s][info][gc,phases      ] GC(437)   Merge Heap Roots: 0.2ms
[87.501s][info][gc,phases      ] GC(437)   Evacuate Collection Set: 0.4ms
[87.501s][info][gc,phases      ] GC(437)   Post Evacuate Collection Set: 2.1ms
[87.501s][info][gc,phases      ] GC(437)   Other: 0.1ms
[87.501s][info][gc,heap        ] GC(437) Eden regions: 326->0(326)
[87.501s][info][gc,heap        ] GC(437) Survivor regions: 1->1(41)
[87.501s][info][gc,heap        ] GC(437) Old regions: 23->23
[87.501s][info][gc,heap        ] GC(437) Archive regions: 0->0
[87.501s][info][gc,heap        ] GC(437) Humongous regions: 0->0
[87.501s][info][gc,metaspace   ] GC(437) Metaspace: 14255K(15168K)->14255K(15168K) NonClass: 12305K(12928K)->12305K(12928K) Class: 1950K(2240K)->1950K(2240K)
[87.501s][info][gc             ] GC(437) Pause Young (Normal) (G1 Evacuation Pause) 334M->8M(546M) 3.138ms
[87.501s][info][gc,cpu         ] GC(437) User=0.52s Sys=0.00s Real=0.00s
[87.698s][info][gc,start       ] GC(438) Pause Young (Normal) (G1 Evacuation Pause)
[87.698s][info][gc,task        ] GC(438) Using 33 workers of 33 for evacuation
[87.701s][info][gc,phases      ] GC(438)   Pre Evacuate Collection Set: 0.1ms
[87.701s][info][gc,phases      ] GC(438)   Merge Heap Roots: 0.1ms
[87.701s][info][gc,phases      ] GC(438)   Evacuate Collection Set: 0.4ms
[87.701s][info][gc,phases      ] GC(438)   Post Evacuate Collection Set: 2.1ms
[87.701s][info][gc,phases      ] GC(438)   Other: 0.1ms
[87.701s][info][gc,heap        ] GC(438) Eden regions: 326->0(326)
[87.701s][info][gc,heap        ] GC(438) Survivor regions: 1->1(41)
[87.701s][info][gc,heap        ] GC(438) Old regions: 23->23
[87.701s][info][gc,heap        ] GC(438) Archive regions: 0->0
[87.701s][info][gc,heap        ] GC(438) Humongous regions: 0->0
[87.701s][info][gc,metaspace   ] GC(438) Metaspace: 14255K(15168K)->14255K(15168K) NonClass: 12305K(12928K)->12305K(12928K) Class: 1950K(2240K)->1950K(2240K)
[87.701s][info][gc             ] GC(438) Pause Young (Normal) (G1 Evacuation Pause) 334M->8M(546M) 3.117ms
[87.701s][info][gc,cpu         ] GC(438) User=0.00s Sys=0.00s Real=0.00s
[87.897s][info][gc,start       ] GC(439) Pause Young (Normal) (G1 Evacuation Pause)
[87.897s][info][gc,task        ] GC(439) Using 33 workers of 33 for evacuation
[87.901s][info][gc,phases      ] GC(439)   Pre Evacuate Collection Set: 0.2ms
[87.901s][info][gc,phases      ] GC(439)   Merge Heap Roots: 0.2ms
[87.901s][info][gc,phases      ] GC(439)   Evacuate Collection Set: 0.4ms
[87.901s][info][gc,phases      ] GC(439)   Post Evacuate Collection Set: 2.2ms
[87.901s][info][gc,phases      ] GC(439)   Other: 0.2ms
[87.901s][info][gc,heap        ] GC(439) Eden regions: 326->0(326)
[87.901s][info][gc,heap        ] GC(439) Survivor regions: 1->1(41)
[87.901s][info][gc,heap        ] GC(439) Old regions: 23->23
[87.901s][info][gc,heap        ] GC(439) Archive regions: 0->0
[87.901s][info][gc,heap        ] GC(439) Humongous regions: 0->0
[87.901s][info][gc,metaspace   ] GC(439) Metaspace: 14255K(15168K)->14255K(15168K) NonClass: 12305K(12928K)->12305K(12928K) Class: 1950K(2240K)->1950K(2240K)
[87.901s][info][gc             ] GC(439) Pause Young (Normal) (G1 Evacuation Pause) 334M->8M(546M) 3.337ms
[87.901s][info][gc,cpu         ] GC(439) User=0.00s Sys=0.00s Real=0.00s
[88.096s][info][gc,start       ] GC(440) Pause Young (Normal) (G1 Evacuation Pause)
[88.106s][info][gc,task        ] GC(440) Using 33 workers of 33 for evacuation
[88.109s][info][gc,phases      ] GC(440)   Pre Evacuate Collection Set: 0.2ms
[88.109s][info][gc,phases      ] GC(440)   Merge Heap Roots: 0.2ms
[88.109s][info][gc,phases      ] GC(440)   Evacuate Collection Set: 0.4ms
[88.109s][info][gc,phases      ] GC(440)   Post Evacuate Collection Set: 2.3ms
[88.109s][info][gc,phases      ] GC(440)   Other: 0.1ms
[88.109s][info][gc,heap        ] GC(440) Eden regions: 326->0(326)
[88.109s][info][gc,heap        ] GC(440) Survivor regions: 1->1(41)
[88.109s][info][gc,heap        ] GC(440) Old regions: 23->23
[88.109s][info][gc,heap        ] GC(440) Archive regions: 0->0
[88.109s][info][gc,heap        ] GC(440) Humongous regions: 0->0
[88.109s][info][gc,metaspace   ] GC(440) Metaspace: 14255K(15168K)->14255K(15168K) NonClass: 12305K(12928K)->12305K(12928K) Class: 1950K(2240K)->1950K(2240K)
[88.109s][info][gc             ] GC(440) Pause Young (Normal) (G1 Evacuation Pause) 334M->8M(546M) 13.252ms
[88.109s][info][gc,cpu         ] GC(440) User=0.00s Sys=0.00s Real=0.00s
[88.307s][info][gc,start       ] GC(441) Pause Young (Normal) (G1 Evacuation Pause)
[88.307s][info][gc,task        ] GC(441) Using 33 workers of 33 for evacuation
[88.310s][info][gc,phases      ] GC(441)   Pre Evacuate Collection Set: 0.2ms
[88.310s][info][gc,phases      ] GC(441)   Merge Heap Roots: 0.2ms
[88.310s][info][gc,phases      ] GC(441)   Evacuate Collection Set: 0.3ms
[88.310s][info][gc,phases      ] GC(441)   Post Evacuate Collection Set: 2.2ms
[88.310s][info][gc,phases      ] GC(441)   Other: 0.1ms
[88.310s][info][gc,heap        ] GC(441) Eden regions: 326->0(326)
[88.310s][info][gc,heap        ] GC(441) Survivor regions: 1->1(41)
[88.310s][info][gc,heap        ] GC(441) Old regions: 23->23
[88.310s][info][gc,heap        ] GC(441) Archive regions: 0->0
[88.310s][info][gc,heap        ] GC(441) Humongous regions: 0->0
[88.310s][info][gc,metaspace   ] GC(441) Metaspace: 14255K(15168K)->14255K(15168K) NonClass: 12305K(12928K)->12305K(12928K) Class: 1950K(2240K)->1950K(2240K)
[88.310s][info][gc             ] GC(441) Pause Young (Normal) (G1 Evacuation Pause) 334M->8M(546M) 3.222ms
[88.310s][info][gc,cpu         ] GC(441) User=0.00s Sys=0.00s Real=0.00s
[88.508s][info][gc,start       ] GC(442) Pause Young (Normal) (G1 Evacuation Pause)
[88.508s][info][gc,task        ] GC(442) Using 33 workers of 33 for evacuation
[88.511s][info][gc,phases      ] GC(442)   Pre Evacuate Collection Set: 0.1ms
[88.511s][info][gc,phases      ] GC(442)   Merge Heap Roots: 0.2ms
[88.511s][info][gc,phases      ] GC(442)   Evacuate Collection Set: 0.4ms
[88.511s][info][gc,phases      ] GC(442)   Post Evacuate Collection Set: 2.3ms
[88.511s][info][gc,phases      ] GC(442)   Other: 0.1ms
[88.511s][info][gc,heap        ] GC(442) Eden regions: 326->0(326)
[88.511s][info][gc,heap        ] GC(442) Survivor regions: 1->1(41)
[88.511s][info][gc,heap        ] GC(442) Old regions: 23->23
[88.511s][info][gc,heap        ] GC(442) Archive regions: 0->0
[88.511s][info][gc,heap        ] GC(442) Humongous regions: 0->0
[88.511s][info][gc,metaspace   ] GC(442) Metaspace: 14255K(15168K)->14255K(15168K) NonClass: 12305K(12928K)->12305K(12928K) Class: 1950K(2240K)->1950K(2240K)
[88.511s][info][gc             ] GC(442) Pause Young (Normal) (G1 Evacuation Pause) 334M->8M(546M) 3.403ms
[88.511s][info][gc,cpu         ] GC(442) User=0.00s Sys=0.00s Real=0.00s
[88.708s][info][gc,start       ] GC(443) Pause Young (Normal) (G1 Evacuation Pause)
[88.708s][info][gc,task        ] GC(443) Using 33 workers of 33 for evacuation
[88.711s][info][gc,phases      ] GC(443)   Pre Evacuate Collection Set: 0.2ms
[88.711s][info][gc,phases      ] GC(443)   Merge Heap Roots: 0.1ms
[88.711s][info][gc,phases      ] GC(443)   Evacuate Collection Set: 0.4ms
[88.711s][info][gc,phases      ] GC(443)   Post Evacuate Collection Set: 2.3ms
[88.711s][info][gc,phases      ] GC(443)   Other: 0.1ms
[88.711s][info][gc,heap        ] GC(443) Eden regions: 326->0(326)
[88.711s][info][gc,heap        ] GC(443) Survivor regions: 1->1(41)
[88.711s][info][gc,heap        ] GC(443) Old regions: 23->23
[88.711s][info][gc,heap        ] GC(443) Archive regions: 0->0
[88.711s][info][gc,heap        ] GC(443) Humongous regions: 0->0
[88.711s][info][gc,metaspace   ] GC(443) Metaspace: 14255K(15168K)->14255K(15168K) NonClass: 12305K(12928K)->12305K(12928K) Class: 1950K(2240K)->1950K(2240K)
[88.711s][info][gc             ] GC(443) Pause Young (Normal) (G1 Evacuation Pause) 334M->8M(546M) 3.317ms
[88.711s][info][gc,cpu         ] GC(443) User=0.00s Sys=0.00s Real=0.00s
[88.910s][info][gc,start       ] GC(444) Pause Young (Normal) (G1 Evacuation Pause)
[88.910s][info][gc,task        ] GC(444) Using 33 workers of 33 for evacuation
[88.913s][info][gc,phases      ] GC(444)   Pre Evacuate Collection Set: 0.2ms
[88.913s][info][gc,phases      ] GC(444)   Merge Heap Roots: 0.2ms
[88.913s][info][gc,phases      ] GC(444)   Evacuate Collection Set: 0.4ms
[88.913s][info][gc,phases      ] GC(444)   Post Evacuate Collection Set: 2.4ms
[88.913s][info][gc,phases      ] GC(444)   Other: 0.1ms
[88.913s][info][gc,heap        ] GC(444) Eden regions: 326->0(326)
[88.913s][info][gc,heap        ] GC(444) Survivor regions: 1->1(41)
[88.913s][info][gc,heap        ] GC(444) Old regions: 23->24
[88.913s][info][gc,heap        ] GC(444) Archive regions: 0->0
[88.913s][info][gc,heap        ] GC(444) Humongous regions: 0->0
[88.913s][info][gc,metaspace   ] GC(444) Metaspace: 14255K(15168K)->14255K(15168K) NonClass: 12305K(12928K)->12305K(12928K) Class: 1950K(2240K)->1950K(2240K)
[88.913s][info][gc             ] GC(444) Pause Young (Normal) (G1 Evacuation Pause) 334M->8M(546M) 3.402ms
[88.913s][info][gc,cpu         ] GC(444) User=0.00s Sys=0.00s Real=0.00s
[89.222s][info][gc,start       ] GC(445) Pause Young (Normal) (G1 Evacuation Pause)
[89.222s][info][gc,task        ] GC(445) Using 33 workers of 33 for evacuation
[89.226s][info][gc,phases      ] GC(445)   Pre Evacuate Collection Set: 0.2ms
[89.227s][info][gc,phases      ] GC(445)   Merge Heap Roots: 0.3ms
[89.227s][info][gc,phases      ] GC(445)   Evacuate Collection Set: 0.5ms
[89.227s][info][gc,phases      ] GC(445)   Post Evacuate Collection Set: 3.1ms
[89.227s][info][gc,phases      ] GC(445)   Other: 0.3ms
[89.227s][info][gc,heap        ] GC(445) Eden regions: 326->0(326)
[89.227s][info][gc,heap        ] GC(445) Survivor regions: 1->1(41)
[89.227s][info][gc,heap        ] GC(445) Old regions: 24->24
[89.227s][info][gc,heap        ] GC(445) Archive regions: 0->0
[89.227s][info][gc,heap        ] GC(445) Humongous regions: 0->0
[89.227s][info][gc,metaspace   ] GC(445) Metaspace: 14255K(15168K)->14255K(15168K) NonClass: 12305K(12928K)->12305K(12928K) Class: 1950K(2240K)->1950K(2240K)
[89.227s][info][gc             ] GC(445) Pause Young (Normal) (G1 Evacuation Pause) 334M->8M(546M) 4.898ms
[89.227s][info][gc,cpu         ] GC(445) User=0.00s Sys=0.00s Real=0.00s
[89.430s][info][gc,start       ] GC(446) Pause Young (Normal) (G1 Evacuation Pause)
[89.430s][info][gc,task        ] GC(446) Using 33 workers of 33 for evacuation
[89.433s][info][gc,phases      ] GC(446)   Pre Evacuate Collection Set: 0.2ms
[89.448s][info][gc,phases      ] GC(446)   Merge Heap Roots: 0.1ms
[89.448s][info][gc,phases      ] GC(446)   Evacuate Collection Set: 0.4ms
[89.448s][info][gc,phases      ] GC(446)   Post Evacuate Collection Set: 2.3ms
[89.448s][info][gc,phases      ] GC(446)   Other: 0.1ms
[89.448s][info][gc,heap        ] GC(446) Eden regions: 326->0(326)
[89.448s][info][gc,heap        ] GC(446) Survivor regions: 1->1(41)
[89.448s][info][gc,heap        ] GC(446) Old regions: 24->24
[89.448s][info][gc,heap        ] GC(446) Archive regions: 0->0
[89.448s][info][gc,heap        ] GC(446) Humongous regions: 0->0
[89.448s][info][gc,metaspace   ] GC(446) Metaspace: 14255K(15168K)->14255K(15168K) NonClass: 12305K(12928K)->12305K(12928K) Class: 1950K(2240K)->1950K(2240K)
[89.449s][info][gc             ] GC(446) Pause Young (Normal) (G1 Evacuation Pause) 334M->8M(546M) 18.868ms
[89.449s][info][gc,cpu         ] GC(446) User=0.00s Sys=0.00s Real=0.01s
[89.647s][info][gc,start       ] GC(447) Pause Young (Normal) (G1 Evacuation Pause)
[89.647s][info][gc,task        ] GC(447) Using 33 workers of 33 for evacuation
[89.650s][info][gc,phases      ] GC(447)   Pre Evacuate Collection Set: 0.1ms
[89.650s][info][gc,phases      ] GC(447)   Merge Heap Roots: 0.2ms
[89.650s][info][gc,phases      ] GC(447)   Evacuate Collection Set: 0.3ms
[89.650s][info][gc,phases      ] GC(447)   Post Evacuate Collection Set: 2.1ms
[89.650s][info][gc,phases      ] GC(447)   Other: 0.1ms
[89.650s][info][gc,heap        ] GC(447) Eden regions: 326->0(326)
[89.650s][info][gc,heap        ] GC(447) Survivor regions: 1->1(41)
[89.650s][info][gc,heap        ] GC(447) Old regions: 24->24
[89.650s][info][gc,heap        ] GC(447) Archive regions: 0->0
[89.650s][info][gc,heap        ] GC(447) Humongous regions: 0->0
[89.650s][info][gc,metaspace   ] GC(447) Metaspace: 14255K(15168K)->14255K(15168K) NonClass: 12305K(12928K)->12305K(12928K) Class: 1950K(2240K)->1950K(2240K)
[89.650s][info][gc             ] GC(447) Pause Young (Normal) (G1 Evacuation Pause) 334M->8M(546M) 3.107ms
[89.650s][info][gc,cpu         ] GC(447) User=0.00s Sys=0.00s Real=0.00s
[89.846s][info][gc,start       ] GC(448) Pause Young (Normal) (G1 Evacuation Pause)
[89.847s][info][gc,task        ] GC(448) Using 33 workers of 33 for evacuation
[89.849s][info][gc,phases      ] GC(448)   Pre Evacuate Collection Set: 0.2ms
[89.849s][info][gc,phases      ] GC(448)   Merge Heap Roots: 0.2ms
[89.849s][info][gc,phases      ] GC(448)   Evacuate Collection Set: 0.3ms
[89.849s][info][gc,phases      ] GC(448)   Post Evacuate Collection Set: 2.1ms
[89.849s][info][gc,phases      ] GC(448)   Other: 0.1ms
[89.849s][info][gc,heap        ] GC(448) Eden regions: 326->0(326)
[89.849s][info][gc,heap        ] GC(448) Survivor regions: 1->1(41)
[89.849s][info][gc,heap        ] GC(448) Old regions: 24->24
[89.849s][info][gc,heap        ] GC(448) Archive regions: 0->0
[89.849s][info][gc,heap        ] GC(448) Humongous regions: 0->0
[89.849s][info][gc,metaspace   ] GC(448) Metaspace: 14255K(15168K)->14255K(15168K) NonClass: 12305K(12928K)->12305K(12928K) Class: 1950K(2240K)->1950K(2240K)
[89.850s][info][gc             ] GC(448) Pause Young (Normal) (G1 Evacuation Pause) 334M->8M(546M) 3.076ms
[89.850s][info][gc,cpu         ] GC(448) User=0.00s Sys=0.00s Real=0.00s
[90.047s][info][gc,start       ] GC(449) Pause Young (Normal) (G1 Evacuation Pause)
[90.047s][info][gc,task        ] GC(449) Using 33 workers of 33 for evacuation
[90.049s][info][gc,phases      ] GC(449)   Pre Evacuate Collection Set: 0.2ms
[90.049s][info][gc,phases      ] GC(449)   Merge Heap Roots: 0.2ms
[90.049s][info][gc,phases      ] GC(449)   Evacuate Collection Set: 0.3ms
[90.049s][info][gc,phases      ] GC(449)   Post Evacuate Collection Set: 1.9ms
[90.049s][info][gc,phases      ] GC(449)   Other: 0.1ms
[90.050s][info][gc,heap        ] GC(449) Eden regions: 326->0(326)
[90.050s][info][gc,heap        ] GC(449) Survivor regions: 1->1(41)
[90.050s][info][gc,heap        ] GC(449) Old regions: 24->24
[90.050s][info][gc,heap        ] GC(449) Archive regions: 0->0
[90.050s][info][gc,heap        ] GC(449) Humongous regions: 0->0
[90.050s][info][gc,metaspace   ] GC(449) Metaspace: 14255K(15168K)->14255K(15168K) NonClass: 12305K(12928K)->12305K(12928K) Class: 1950K(2240K)->1950K(2240K)
[90.050s][info][gc             ] GC(449) Pause Young (Normal) (G1 Evacuation Pause) 334M->9M(546M) 2.950ms
[90.050s][info][gc,cpu         ] GC(449) User=0.52s Sys=0.00s Real=0.00s
[90.245s][info][gc,start       ] GC(450) Pause Young (Normal) (G1 Evacuation Pause)
[90.245s][info][gc,task        ] GC(450) Using 33 workers of 33 for evacuation
[90.248s][info][gc,phases      ] GC(450)   Pre Evacuate Collection Set: 0.2ms
[90.248s][info][gc,phases      ] GC(450)   Merge Heap Roots: 0.2ms
[90.248s][info][gc,phases      ] GC(450)   Evacuate Collection Set: 0.3ms
[90.248s][info][gc,phases      ] GC(450)   Post Evacuate Collection Set: 1.9ms
[90.248s][info][gc,phases      ] GC(450)   Other: 0.1ms
[90.248s][info][gc,heap        ] GC(450) Eden regions: 326->0(326)
[90.248s][info][gc,heap        ] GC(450) Survivor regions: 1->1(41)
[90.248s][info][gc,heap        ] GC(450) Old regions: 24->24
[90.248s][info][gc,heap        ] GC(450) Archive regions: 0->0
[90.248s][info][gc,heap        ] GC(450) Humongous regions: 0->0
[90.248s][info][gc,metaspace   ] GC(450) Metaspace: 14255K(15168K)->14255K(15168K) NonClass: 12305K(12928K)->12305K(12928K) Class: 1950K(2240K)->1950K(2240K)
[90.248s][info][gc             ] GC(450) Pause Young (Normal) (G1 Evacuation Pause) 335M->9M(546M) 2.881ms
[90.248s][info][gc,cpu         ] GC(450) User=0.00s Sys=0.00s Real=0.00s
[90.443s][info][gc,start       ] GC(451) Pause Young (Normal) (G1 Evacuation Pause)
[90.443s][info][gc,task        ] GC(451) Using 33 workers of 33 for evacuation
[90.445s][info][gc,phases      ] GC(451)   Pre Evacuate Collection Set: 0.1ms
[90.445s][info][gc,phases      ] GC(451)   Merge Heap Roots: 0.2ms
[90.445s][info][gc,phases      ] GC(451)   Evacuate Collection Set: 0.4ms
[90.445s][info][gc,phases      ] GC(451)   Post Evacuate Collection Set: 2.0ms
[90.445s][info][gc,phases      ] GC(451)   Other: 0.1ms
[90.445s][info][gc,heap        ] GC(451) Eden regions: 326->0(326)
[90.445s][info][gc,heap        ] GC(451) Survivor regions: 1->1(41)
[90.445s][info][gc,heap        ] GC(451) Old regions: 24->24
[90.445s][info][gc,heap        ] GC(451) Archive regions: 0->0
[90.445s][info][gc,heap        ] GC(451) Humongous regions: 0->0
[90.445s][info][gc,metaspace   ] GC(451) Metaspace: 14255K(15168K)->14255K(15168K) NonClass: 12305K(12928K)->12305K(12928K) Class: 1950K(2240K)->1950K(2240K)
[90.446s][info][gc             ] GC(451) Pause Young (Normal) (G1 Evacuation Pause) 335M->9M(546M) 2.958ms
[90.446s][info][gc,cpu         ] GC(451) User=0.00s Sys=0.00s Real=0.00s
[90.641s][info][gc,start       ] GC(452) Pause Young (Normal) (G1 Evacuation Pause)
[90.641s][info][gc,task        ] GC(452) Using 33 workers of 33 for evacuation
[90.644s][info][gc,phases      ] GC(452)   Pre Evacuate Collection Set: 0.1ms
[90.644s][info][gc,phases      ] GC(452)   Merge Heap Roots: 0.2ms
[90.644s][info][gc,phases      ] GC(452)   Evacuate Collection Set: 0.3ms
[90.644s][info][gc,phases      ] GC(452)   Post Evacuate Collection Set: 2.0ms
[90.644s][info][gc,phases      ] GC(452)   Other: 0.1ms
[90.644s][info][gc,heap        ] GC(452) Eden regions: 326->0(326)
[90.644s][info][gc,heap        ] GC(452) Survivor regions: 1->1(41)
[90.644s][info][gc,heap        ] GC(452) Old regions: 24->24
[90.644s][info][gc,heap        ] GC(452) Archive regions: 0->0
[90.644s][info][gc,heap        ] GC(452) Humongous regions: 0->0
[90.644s][info][gc,metaspace   ] GC(452) Metaspace: 14255K(15168K)->14255K(15168K) NonClass: 12305K(12928K)->12305K(12928K) Class: 1950K(2240K)->1950K(2240K)
[90.644s][info][gc             ] GC(452) Pause Young (Normal) (G1 Evacuation Pause) 335M->9M(546M) 3.025ms
[90.644s][info][gc,cpu         ] GC(452) User=0.00s Sys=0.02s Real=0.00s
[90.838s][info][gc,start       ] GC(453) Pause Young (Normal) (G1 Evacuation Pause)
[90.839s][info][gc,task        ] GC(453) Using 33 workers of 33 for evacuation
[90.841s][info][gc,phases      ] GC(453)   Pre Evacuate Collection Set: 0.1ms
[90.841s][info][gc,phases      ] GC(453)   Merge Heap Roots: 0.1ms
[90.841s][info][gc,phases      ] GC(453)   Evacuate Collection Set: 0.4ms
[90.841s][info][gc,phases      ] GC(453)   Post Evacuate Collection Set: 2.0ms
[90.841s][info][gc,phases      ] GC(453)   Other: 0.1ms
[90.841s][info][gc,heap        ] GC(453) Eden regions: 326->0(326)
[90.841s][info][gc,heap        ] GC(453) Survivor regions: 1->1(41)
[90.841s][info][gc,heap        ] GC(453) Old regions: 24->24
[90.841s][info][gc,heap        ] GC(453) Archive regions: 0->0
[90.841s][info][gc,heap        ] GC(453) Humongous regions: 0->0
[90.841s][info][gc,metaspace   ] GC(453) Metaspace: 14255K(15168K)->14255K(15168K) NonClass: 12305K(12928K)->12305K(12928K) Class: 1950K(2240K)->1950K(2240K)
[90.841s][info][gc             ] GC(453) Pause Young (Normal) (G1 Evacuation Pause) 335M->9M(546M) 2.994ms
[90.841s][info][gc,cpu         ] GC(453) User=0.00s Sys=0.00s Real=0.00s
[91.037s][info][gc,start       ] GC(454) Pause Young (Normal) (G1 Evacuation Pause)
[91.037s][info][gc,task        ] GC(454) Using 33 workers of 33 for evacuation
[91.040s][info][gc,phases      ] GC(454)   Pre Evacuate Collection Set: 0.2ms
[91.040s][info][gc,phases      ] GC(454)   Merge Heap Roots: 0.2ms
[91.040s][info][gc,phases      ] GC(454)   Evacuate Collection Set: 0.3ms
[91.040s][info][gc,phases      ] GC(454)   Post Evacuate Collection Set: 2.1ms
[91.040s][info][gc,phases      ] GC(454)   Other: 0.1ms
[91.040s][info][gc,heap        ] GC(454) Eden regions: 326->0(326)
[91.040s][info][gc,heap        ] GC(454) Survivor regions: 1->1(41)
[91.040s][info][gc,heap        ] GC(454) Old regions: 24->24
[91.040s][info][gc,heap        ] GC(454) Archive regions: 0->0
[91.040s][info][gc,heap        ] GC(454) Humongous regions: 0->0
[91.040s][info][gc,metaspace   ] GC(454) Metaspace: 14255K(15168K)->14255K(15168K) NonClass: 12305K(12928K)->12305K(12928K) Class: 1950K(2240K)->1950K(2240K)
[91.040s][info][gc             ] GC(454) Pause Young (Normal) (G1 Evacuation Pause) 335M->9M(546M) 3.070ms
[91.040s][info][gc,cpu         ] GC(454) User=0.00s Sys=0.00s Real=0.00s
[91.236s][info][gc,start       ] GC(455) Pause Young (Normal) (G1 Evacuation Pause)
[91.236s][info][gc,task        ] GC(455) Using 33 workers of 33 for evacuation
[91.239s][info][gc,phases      ] GC(455)   Pre Evacuate Collection Set: 0.2ms
[91.239s][info][gc,phases      ] GC(455)   Merge Heap Roots: 0.2ms
[91.239s][info][gc,phases      ] GC(455)   Evacuate Collection Set: 0.3ms
[91.239s][info][gc,phases      ] GC(455)   Post Evacuate Collection Set: 2.1ms
[91.239s][info][gc,phases      ] GC(455)   Other: 0.1ms
[91.239s][info][gc,heap        ] GC(455) Eden regions: 326->0(326)
[91.239s][info][gc,heap        ] GC(455) Survivor regions: 1->1(41)
[91.239s][info][gc,heap        ] GC(455) Old regions: 24->24
[91.239s][info][gc,heap        ] GC(455) Archive regions: 0->0
[91.239s][info][gc,heap        ] GC(455) Humongous regions: 0->0
[91.239s][info][gc,metaspace   ] GC(455) Metaspace: 14255K(15168K)->14255K(15168K) NonClass: 12305K(12928K)->12305K(12928K) Class: 1950K(2240K)->1950K(2240K)
[91.239s][info][gc             ] GC(455) Pause Young (Normal) (G1 Evacuation Pause) 335M->9M(546M) 3.103ms
[91.239s][info][gc,cpu         ] GC(455) User=0.00s Sys=0.00s Real=0.00s
[91.433s][info][gc,start       ] GC(456) Pause Young (Normal) (G1 Evacuation Pause)
[91.434s][info][gc,task        ] GC(456) Using 33 workers of 33 for evacuation
[91.437s][info][gc,phases      ] GC(456)   Pre Evacuate Collection Set: 0.2ms
[91.437s][info][gc,phases      ] GC(456)   Merge Heap Roots: 0.2ms
[91.437s][info][gc,phases      ] GC(456)   Evacuate Collection Set: 0.3ms
[91.437s][info][gc,phases      ] GC(456)   Post Evacuate Collection Set: 2.2ms
[91.437s][info][gc,phases      ] GC(456)   Other: 0.1ms
[91.437s][info][gc,heap        ] GC(456) Eden regions: 326->0(326)
[91.437s][info][gc,heap        ] GC(456) Survivor regions: 1->1(41)
[91.437s][info][gc,heap        ] GC(456) Old regions: 24->24
[91.437s][info][gc,heap        ] GC(456) Archive regions: 0->0
[91.437s][info][gc,heap        ] GC(456) Humongous regions: 0->0
[91.437s][info][gc,metaspace   ] GC(456) Metaspace: 14255K(15168K)->14255K(15168K) NonClass: 12305K(12928K)->12305K(12928K) Class: 1950K(2240K)->1950K(2240K)
[91.437s][info][gc             ] GC(456) Pause Young (Normal) (G1 Evacuation Pause) 335M->9M(546M) 3.175ms
[91.437s][info][gc,cpu         ] GC(456) User=0.00s Sys=0.00s Real=0.00s
[91.631s][info][gc,start       ] GC(457) Pause Young (Normal) (G1 Evacuation Pause)
[91.631s][info][gc,task        ] GC(457) Using 33 workers of 33 for evacuation
[91.634s][info][gc,phases      ] GC(457)   Pre Evacuate Collection Set: 0.1ms
[91.634s][info][gc,phases      ] GC(457)   Merge Heap Roots: 0.1ms
[91.634s][info][gc,phases      ] GC(457)   Evacuate Collection Set: 0.3ms
[91.634s][info][gc,phases      ] GC(457)   Post Evacuate Collection Set: 2.2ms
[91.634s][info][gc,phases      ] GC(457)   Other: 0.1ms
[91.634s][info][gc,heap        ] GC(457) Eden regions: 326->0(326)
[91.634s][info][gc,heap        ] GC(457) Survivor regions: 1->1(41)
[91.634s][info][gc,heap        ] GC(457) Old regions: 24->24
[91.634s][info][gc,heap        ] GC(457) Archive regions: 0->0
[91.634s][info][gc,heap        ] GC(457) Humongous regions: 0->0
[91.634s][info][gc,metaspace   ] GC(457) Metaspace: 14255K(15168K)->14255K(15168K) NonClass: 12305K(12928K)->12305K(12928K) Class: 1950K(2240K)->1950K(2240K)
[91.634s][info][gc             ] GC(457) Pause Young (Normal) (G1 Evacuation Pause) 335M->9M(546M) 3.131ms
[91.634s][info][gc,cpu         ] GC(457) User=0.00s Sys=0.00s Real=0.00s
[91.831s][info][gc,start       ] GC(458) Pause Young (Normal) (G1 Evacuation Pause)
[91.831s][info][gc,task        ] GC(458) Using 33 workers of 33 for evacuation
[91.834s][info][gc,phases      ] GC(458)   Pre Evacuate Collection Set: 0.1ms
[91.834s][info][gc,phases      ] GC(458)   Merge Heap Roots: 0.1ms
[91.834s][info][gc,phases      ] GC(458)   Evacuate Collection Set: 0.3ms
[91.834s][info][gc,phases      ] GC(458)   Post Evacuate Collection Set: 2.2ms
[91.834s][info][gc,phases      ] GC(458)   Other: 0.1ms
[91.834s][info][gc,heap        ] GC(458) Eden regions: 326->0(326)
[91.834s][info][gc,heap        ] GC(458) Survivor regions: 1->1(41)
[91.834s][info][gc,heap        ] GC(458) Old regions: 24->24
[91.834s][info][gc,heap        ] GC(458) Archive regions: 0->0
[91.834s][info][gc,heap        ] GC(458) Humongous regions: 0->0
[91.834s][info][gc,metaspace   ] GC(458) Metaspace: 14255K(15168K)->14255K(15168K) NonClass: 12305K(12928K)->12305K(12928K) Class: 1950K(2240K)->1950K(2240K)
[91.834s][info][gc             ] GC(458) Pause Young (Normal) (G1 Evacuation Pause) 335M->9M(546M) 3.151ms
[91.834s][info][gc,cpu         ] GC(458) User=0.00s Sys=0.00s Real=0.00s
[92.030s][info][gc,start       ] GC(459) Pause Young (Normal) (G1 Evacuation Pause)
[92.031s][info][gc,task        ] GC(459) Using 33 workers of 33 for evacuation
[92.033s][info][gc,phases      ] GC(459)   Pre Evacuate Collection Set: 0.1ms
[92.034s][info][gc,phases      ] GC(459)   Merge Heap Roots: 0.2ms
[92.034s][info][gc,phases      ] GC(459)   Evacuate Collection Set: 0.3ms
[92.034s][info][gc,phases      ] GC(459)   Post Evacuate Collection Set: 2.2ms
[92.034s][info][gc,phases      ] GC(459)   Other: 0.1ms
[92.034s][info][gc,heap        ] GC(459) Eden regions: 326->0(326)
[92.034s][info][gc,heap        ] GC(459) Survivor regions: 1->1(41)
[92.034s][info][gc,heap        ] GC(459) Old regions: 24->24
[92.034s][info][gc,heap        ] GC(459) Archive regions: 0->0
[92.034s][info][gc,heap        ] GC(459) Humongous regions: 0->0
[92.034s][info][gc,metaspace   ] GC(459) Metaspace: 14255K(15168K)->14255K(15168K) NonClass: 12305K(12928K)->12305K(12928K) Class: 1950K(2240K)->1950K(2240K)
[92.034s][info][gc             ] GC(459) Pause Young (Normal) (G1 Evacuation Pause) 335M->9M(546M) 3.228ms
[92.034s][info][gc,cpu         ] GC(459) User=0.52s Sys=0.00s Real=0.00s
[92.231s][info][gc,start       ] GC(460) Pause Young (Normal) (G1 Evacuation Pause)
[92.231s][info][gc,task        ] GC(460) Using 33 workers of 33 for evacuation
[92.234s][info][gc,phases      ] GC(460)   Pre Evacuate Collection Set: 0.2ms
[92.234s][info][gc,phases      ] GC(460)   Merge Heap Roots: 0.2ms
[92.234s][info][gc,phases      ] GC(460)   Evacuate Collection Set: 0.3ms
[92.234s][info][gc,phases      ] GC(460)   Post Evacuate Collection Set: 2.3ms
[92.234s][info][gc,phases      ] GC(460)   Other: 0.1ms
[92.234s][info][gc,heap        ] GC(460) Eden regions: 326->0(326)
[92.235s][info][gc,heap        ] GC(460) Survivor regions: 1->1(41)
[92.235s][info][gc,heap        ] GC(460) Old regions: 24->24
[92.235s][info][gc,heap        ] GC(460) Archive regions: 0->0
[92.235s][info][gc,heap        ] GC(460) Humongous regions: 0->0
[92.235s][info][gc,metaspace   ] GC(460) Metaspace: 14255K(15168K)->14255K(15168K) NonClass: 12305K(12928K)->12305K(12928K) Class: 1950K(2240K)->1950K(2240K)
[92.235s][info][gc             ] GC(460) Pause Young (Normal) (G1 Evacuation Pause) 335M->9M(546M) 3.293ms
[92.235s][info][gc,cpu         ] GC(460) User=0.00s Sys=0.00s Real=0.00s
[92.435s][info][gc,start       ] GC(461) Pause Young (Normal) (G1 Evacuation Pause)
[92.435s][info][gc,task        ] GC(461) Using 33 workers of 33 for evacuation
[92.439s][info][gc,phases      ] GC(461)   Pre Evacuate Collection Set: 0.2ms
[92.439s][info][gc,phases      ] GC(461)   Merge Heap Roots: 0.2ms
[92.439s][info][gc,phases      ] GC(461)   Evacuate Collection Set: 0.4ms
[92.439s][info][gc,phases      ] GC(461)   Post Evacuate Collection Set: 2.3ms
[92.439s][info][gc,phases      ] GC(461)   Other: 0.1ms
[92.439s][info][gc,heap        ] GC(461) Eden regions: 326->0(326)
[92.439s][info][gc,heap        ] GC(461) Survivor regions: 1->1(41)
[92.439s][info][gc,heap        ] GC(461) Old regions: 24->24
[92.439s][info][gc,heap        ] GC(461) Archive regions: 0->0
[92.439s][info][gc,heap        ] GC(461) Humongous regions: 0->0
[92.439s][info][gc,metaspace   ] GC(461) Metaspace: 14255K(15168K)->14255K(15168K) NonClass: 12305K(12928K)->12305K(12928K) Class: 1950K(2240K)->1950K(2240K)
[92.439s][info][gc             ] GC(461) Pause Young (Normal) (G1 Evacuation Pause) 335M->9M(546M) 3.327ms
[92.439s][info][gc,cpu         ] GC(461) User=0.52s Sys=0.00s Real=0.00s
[92.648s][info][gc,start       ] GC(462) Pause Young (Normal) (G1 Evacuation Pause)
[92.648s][info][gc,task        ] GC(462) Using 33 workers of 33 for evacuation
[92.651s][info][gc,phases      ] GC(462)   Pre Evacuate Collection Set: 0.1ms
[92.651s][info][gc,phases      ] GC(462)   Merge Heap Roots: 0.2ms
[92.651s][info][gc,phases      ] GC(462)   Evacuate Collection Set: 0.3ms
[92.651s][info][gc,phases      ] GC(462)   Post Evacuate Collection Set: 2.3ms
[92.651s][info][gc,phases      ] GC(462)   Other: 0.1ms
[92.651s][info][gc,heap        ] GC(462) Eden regions: 326->0(326)
[92.651s][info][gc,heap        ] GC(462) Survivor regions: 1->1(41)
[92.651s][info][gc,heap        ] GC(462) Old regions: 24->24
[92.651s][info][gc,heap        ] GC(462) Archive regions: 0->0
[92.651s][info][gc,heap        ] GC(462) Humongous regions: 0->0
[92.651s][info][gc,metaspace   ] GC(462) Metaspace: 14258K(15168K)->14258K(15168K) NonClass: 12308K(12928K)->12308K(12928K) Class: 1950K(2240K)->1950K(2240K)
[92.651s][info][gc             ] GC(462) Pause Young (Normal) (G1 Evacuation Pause) 335M->9M(546M) 3.263ms
[92.651s][info][gc,cpu         ] GC(462) User=0.00s Sys=0.00s Real=0.00s
[92.873s][info][gc,start       ] GC(463) Pause Young (Normal) (G1 Evacuation Pause)
[92.873s][info][gc,task        ] GC(463) Using 33 workers of 33 for evacuation
[92.876s][info][gc,phases      ] GC(463)   Pre Evacuate Collection Set: 0.1ms
[92.876s][info][gc,phases      ] GC(463)   Merge Heap Roots: 0.1ms
[92.876s][info][gc,phases      ] GC(463)   Evacuate Collection Set: 0.3ms
[92.876s][info][gc,phases      ] GC(463)   Post Evacuate Collection Set: 2.4ms
[92.876s][info][gc,phases      ] GC(463)   Other: 0.1ms
[92.876s][info][gc,heap        ] GC(463) Eden regions: 326->0(326)
[92.876s][info][gc,heap        ] GC(463) Survivor regions: 1->1(41)
[92.876s][info][gc,heap        ] GC(463) Old regions: 24->24
[92.876s][info][gc,heap        ] GC(463) Archive regions: 0->0
[92.876s][info][gc,heap        ] GC(463) Humongous regions: 0->0
[92.876s][info][gc,metaspace   ] GC(463) Metaspace: 14259K(15168K)->14259K(15168K) NonClass: 12309K(12928K)->12309K(12928K) Class: 1950K(2240K)->1950K(2240K)
[92.876s][info][gc             ] GC(463) Pause Young (Normal) (G1 Evacuation Pause) 335M->9M(546M) 3.398ms
[92.876s][info][gc,cpu         ] GC(463) User=0.52s Sys=0.00s Real=0.00s
[93.141s][info][gc,start       ] GC(464) Pause Young (Normal) (G1 Evacuation Pause)
[93.141s][info][gc,task        ] GC(464) Using 33 workers of 33 for evacuation
[93.145s][info][gc,phases      ] GC(464)   Pre Evacuate Collection Set: 0.2ms
[93.145s][info][gc,phases      ] GC(464)   Merge Heap Roots: 0.2ms
[93.145s][info][gc,phases      ] GC(464)   Evacuate Collection Set: 0.4ms
[93.145s][info][gc,phases      ] GC(464)   Post Evacuate Collection Set: 2.9ms
[93.145s][info][gc,phases      ] GC(464)   Other: 0.1ms
[93.145s][info][gc,heap        ] GC(464) Eden regions: 326->0(326)
[93.145s][info][gc,heap        ] GC(464) Survivor regions: 1->1(41)
[93.145s][info][gc,heap        ] GC(464) Old regions: 24->24
[93.145s][info][gc,heap        ] GC(464) Archive regions: 0->0
[93.145s][info][gc,heap        ] GC(464) Humongous regions: 0->0
[93.145s][info][gc,metaspace   ] GC(464) Metaspace: 14259K(15168K)->14259K(15168K) NonClass: 12309K(12928K)->12309K(12928K) Class: 1950K(2240K)->1950K(2240K)
[93.146s][info][gc             ] GC(464) Pause Young (Normal) (G1 Evacuation Pause) 335M->9M(546M) 4.406ms
[93.146s][info][gc,cpu         ] GC(464) User=0.00s Sys=0.00s Real=0.00s
[93.367s][info][gc,start       ] GC(465) Pause Young (Normal) (G1 Evacuation Pause)
[93.367s][info][gc,task        ] GC(465) Using 33 workers of 33 for evacuation
[93.370s][info][gc,phases      ] GC(465)   Pre Evacuate Collection Set: 0.1ms
[93.370s][info][gc,phases      ] GC(465)   Merge Heap Roots: 0.2ms
[93.370s][info][gc,phases      ] GC(465)   Evacuate Collection Set: 0.4ms
[93.370s][info][gc,phases      ] GC(465)   Post Evacuate Collection Set: 2.1ms
[93.370s][info][gc,phases      ] GC(465)   Other: 0.1ms
[93.370s][info][gc,heap        ] GC(465) Eden regions: 326->0(326)
[93.370s][info][gc,heap        ] GC(465) Survivor regions: 1->1(41)
[93.370s][info][gc,heap        ] GC(465) Old regions: 24->25
[93.370s][info][gc,heap        ] GC(465) Archive regions: 0->0
[93.370s][info][gc,heap        ] GC(465) Humongous regions: 0->0
[93.370s][info][gc,metaspace   ] GC(465) Metaspace: 14259K(15168K)->14259K(15168K) NonClass: 12309K(12928K)->12309K(12928K) Class: 1950K(2240K)->1950K(2240K)
[93.370s][info][gc             ] GC(465) Pause Young (Normal) (G1 Evacuation Pause) 335M->9M(546M) 3.162ms
[93.370s][info][gc,cpu         ] GC(465) User=0.00s Sys=0.00s Real=0.00s
[93.515s][info][gc,start       ] GC(466) Pause Young (Normal) (G1 Evacuation Pause)
[93.516s][info][gc,task        ] GC(466) Using 33 workers of 33 for evacuation
[93.518s][info][gc,phases      ] GC(466)   Pre Evacuate Collection Set: 0.1ms
[93.518s][info][gc,phases      ] GC(466)   Merge Heap Roots: 0.1ms
[93.518s][info][gc,phases      ] GC(466)   Evacuate Collection Set: 0.4ms
[93.518s][info][gc,phases      ] GC(466)   Post Evacuate Collection Set: 2.0ms
[93.518s][info][gc,phases      ] GC(466)   Other: 0.1ms
[93.518s][info][gc,heap        ] GC(466) Eden regions: 326->0(326)
[93.518s][info][gc,heap        ] GC(466) Survivor regions: 1->1(41)
[93.518s][info][gc,heap        ] GC(466) Old regions: 25->25
[93.518s][info][gc,heap        ] GC(466) Archive regions: 0->0
[93.518s][info][gc,heap        ] GC(466) Humongous regions: 0->0
[93.518s][info][gc,metaspace   ] GC(466) Metaspace: 14259K(15168K)->14259K(15168K) NonClass: 12309K(12928K)->12309K(12928K) Class: 1950K(2240K)->1950K(2240K)
[93.519s][info][gc             ] GC(466) Pause Young (Normal) (G1 Evacuation Pause) 335M->9M(546M) 3.034ms
[93.519s][info][gc,cpu         ] GC(466) User=0.00s Sys=0.00s Real=0.00s
[93.703s][info][gc,start       ] GC(467) Pause Young (Normal) (G1 Evacuation Pause)
[93.704s][info][gc,task        ] GC(467) Using 27 workers of 33 for evacuation
[93.706s][info][gc,phases      ] GC(467)   Pre Evacuate Collection Set: 0.1ms
[93.706s][info][gc,phases      ] GC(467)   Merge Heap Roots: 0.1ms
[93.706s][info][gc,phases      ] GC(467)   Evacuate Collection Set: 0.3ms
[93.706s][info][gc,phases      ] GC(467)   Post Evacuate Collection Set: 1.9ms
[93.706s][info][gc,phases      ] GC(467)   Other: 0.1ms
[93.706s][info][gc,heap        ] GC(467) Eden regions: 326->0(326)
[93.706s][info][gc,heap        ] GC(467) Survivor regions: 1->1(41)
[93.706s][info][gc,heap        ] GC(467) Old regions: 25->25
[93.706s][info][gc,heap        ] GC(467) Archive regions: 0->0
[93.706s][info][gc,heap        ] GC(467) Humongous regions: 0->0
[93.706s][info][gc,metaspace   ] GC(467) Metaspace: 14259K(15168K)->14259K(15168K) NonClass: 12309K(12928K)->12309K(12928K) Class: 1950K(2240K)->1950K(2240K)
[93.706s][info][gc             ] GC(467) Pause Young (Normal) (G1 Evacuation Pause) 335M->9M(546M) 2.765ms
[93.706s][info][gc,cpu         ] GC(467) User=0.00s Sys=0.00s Real=0.00s
[93.867s][info][gc,start       ] GC(468) Pause Full (System.gc())
[93.867s][info][gc,task        ] GC(468) Using 20 workers of 33 for full compaction
[93.868s][info][gc,phases,start] GC(468) Phase 1: Mark live objects
[93.874s][info][gc,phases      ] GC(468) Phase 1: Mark live objects 6.342ms
[93.875s][info][gc,phases,start] GC(468) Phase 2: Prepare compaction
[93.875s][info][gc,phases      ] GC(468) Phase 2: Prepare compaction 0.777ms
[93.875s][info][gc,phases,start] GC(468) Phase 3: Adjust pointers
[93.880s][info][gc,phases      ] GC(468) Phase 3: Adjust pointers 4.209ms
[93.880s][info][gc,phases,start] GC(468) Phase 4: Compact heap
[93.880s][info][gc,phases      ] GC(468) Phase 4: Compact heap 0.727ms
[93.887s][info][gc,heap        ] GC(468) Eden regions: 109->0(42)
[93.887s][info][gc,heap        ] GC(468) Survivor regions: 1->0(41)
[93.887s][info][gc,heap        ] GC(468) Old regions: 25->21
[93.887s][info][gc,heap        ] GC(468) Archive regions: 0->0
[93.887s][info][gc,heap        ] GC(468) Humongous regions: 0->0
[93.887s][info][gc,metaspace   ] GC(468) Metaspace: 14261K(15168K)->14261K(15168K) NonClass: 12311K(12928K)->12311K(12928K) Class: 1950K(2240K)->1950K(2240K)
[93.887s][info][gc             ] GC(468) Pause Full (System.gc()) 118M->5M(70M) 20.302ms
[93.887s][info][gc,cpu         ] GC(468) User=0.00s Sys=0.14s Real=0.02s
[93.920s][info][gc,start       ] GC(469) Pause Young (Normal) (G1 Evacuation Pause)
[93.920s][info][gc,task        ] GC(469) Using 33 workers of 33 for evacuation
[93.922s][info][gc,phases      ] GC(469)   Pre Evacuate Collection Set: 0.1ms
[93.922s][info][gc,phases      ] GC(469)   Merge Heap Roots: 0.1ms
[93.922s][info][gc,phases      ] GC(469)   Evacuate Collection Set: 0.4ms
[93.922s][info][gc,phases      ] GC(469)   Post Evacuate Collection Set: 1.6ms
[93.922s][info][gc,phases      ] GC(469)   Other: 0.1ms
[93.922s][info][gc,heap        ] GC(469) Eden regions: 42->0(40)
[93.922s][info][gc,heap        ] GC(469) Survivor regions: 0->2(6)
[93.923s][info][gc,heap        ] GC(469) Old regions: 21->21
[93.923s][info][gc,heap        ] GC(469) Archive regions: 0->0
[93.923s][info][gc,heap        ] GC(469) Humongous regions: 0->0
[93.923s][info][gc,metaspace   ] GC(469) Metaspace: 14262K(15168K)->14262K(15168K) NonClass: 12312K(12928K)->12312K(12928K) Class: 1950K(2240K)->1950K(2240K)
[93.923s][info][gc             ] GC(469) Pause Young (Normal) (G1 Evacuation Pause) 47M->6M(70M) 2.573ms
[93.923s][info][gc,cpu         ] GC(469) User=0.52s Sys=0.00s Real=0.00s
[93.944s][info][gc,start       ] GC(470) Pause Young (Normal) (G1 Evacuation Pause)
[93.944s][info][gc,task        ] GC(470) Using 33 workers of 33 for evacuation
[93.946s][info][gc,phases      ] GC(470)   Pre Evacuate Collection Set: 0.1ms
[93.946s][info][gc,phases      ] GC(470)   Merge Heap Roots: 0.1ms
[93.946s][info][gc,phases      ] GC(470)   Evacuate Collection Set: 0.4ms
[93.946s][info][gc,phases      ] GC(470)   Post Evacuate Collection Set: 1.5ms
[93.946s][info][gc,phases      ] GC(470)   Other: 0.1ms
[93.946s][info][gc,heap        ] GC(470) Eden regions: 40->0(40)
[93.946s][info][gc,heap        ] GC(470) Survivor regions: 2->2(6)
[93.946s][info][gc,heap        ] GC(470) Old regions: 21->21
[93.946s][info][gc,heap        ] GC(470) Archive regions: 0->0
[93.946s][info][gc,heap        ] GC(470) Humongous regions: 0->0
[93.946s][info][gc,metaspace   ] GC(470) Metaspace: 14262K(15168K)->14262K(15168K) NonClass: 12312K(12928K)->12312K(12928K) Class: 1950K(2240K)->1950K(2240K)
[93.946s][info][gc             ] GC(470) Pause Young (Normal) (G1 Evacuation Pause) 46M->6M(70M) 2.313ms
[93.946s][info][gc,cpu         ] GC(470) User=0.00s Sys=0.00s Real=0.00s
[93.966s][info][gc,start       ] GC(471) Pause Young (Normal) (G1 Evacuation Pause)
[94.032s][info][gc,task        ] GC(471) Using 33 workers of 33 for evacuation
[94.035s][info][gc,phases      ] GC(471)   Pre Evacuate Collection Set: 0.2ms
[94.035s][info][gc,phases      ] GC(471)   Merge Heap Roots: 0.1ms
[94.035s][info][gc,phases      ] GC(471)   Evacuate Collection Set: 0.8ms
[94.035s][info][gc,phases      ] GC(471)   Post Evacuate Collection Set: 2.2ms
[94.035s][info][gc,phases      ] GC(471)   Other: 0.1ms
[94.035s][info][gc,heap        ] GC(471) Eden regions: 40->0(40)
[94.035s][info][gc,heap        ] GC(471) Survivor regions: 2->2(6)
[94.035s][info][gc,heap        ] GC(471) Old regions: 21->21
[94.035s][info][gc,heap        ] GC(471) Archive regions: 0->0
[94.035s][info][gc,heap        ] GC(471) Humongous regions: 0->0
[94.035s][info][gc,metaspace   ] GC(471) Metaspace: 14262K(15168K)->14262K(15168K) NonClass: 12312K(12928K)->12312K(12928K) Class: 1950K(2240K)->1950K(2240K)
[94.036s][info][gc             ] GC(471) Pause Young (Normal) (G1 Evacuation Pause) 46M->6M(70M) 69.060ms
[94.036s][info][gc,cpu         ] GC(471) User=0.00s Sys=0.00s Real=0.07s
[94.069s][info][gc,start       ] GC(472) Pause Young (Normal) (G1 Evacuation Pause)
[94.069s][info][gc,task        ] GC(472) Using 33 workers of 33 for evacuation
[94.074s][info][gc,phases      ] GC(472)   Pre Evacuate Collection Set: 0.1ms
[94.074s][info][gc,phases      ] GC(472)   Merge Heap Roots: 0.1ms
[94.074s][info][gc,phases      ] GC(472)   Evacuate Collection Set: 0.4ms
[94.074s][info][gc,phases      ] GC(472)   Post Evacuate Collection Set: 3.8ms
[94.074s][info][gc,phases      ] GC(472)   Other: 0.1ms
[94.074s][info][gc,heap        ] GC(472) Eden regions: 40->0(326)
[94.074s][info][gc,heap        ] GC(472) Survivor regions: 2->2(6)
[94.074s][info][gc,heap        ] GC(472) Old regions: 21->21
[94.074s][info][gc,heap        ] GC(472) Archive regions: 0->0
[94.074s][info][gc,heap        ] GC(472) Humongous regions: 0->0
[94.074s][info][gc,metaspace   ] GC(472) Metaspace: 14262K(15168K)->14262K(15168K) NonClass: 12312K(12928K)->12312K(12928K) Class: 1950K(2240K)->1950K(2240K)
[94.074s][info][gc             ] GC(472) Pause Young (Normal) (G1 Evacuation Pause) 46M->6M(547M) 4.743ms
[94.074s][info][gc,cpu         ] GC(472) User=0.00s Sys=0.00s Real=0.00s
[94.259s][info][gc,start       ] GC(473) Pause Young (Normal) (G1 Evacuation Pause)
[94.259s][info][gc,task        ] GC(473) Using 33 workers of 33 for evacuation
[94.263s][info][gc,phases      ] GC(473)   Pre Evacuate Collection Set: 0.1ms
[94.263s][info][gc,phases      ] GC(473)   Merge Heap Roots: 0.1ms
[94.263s][info][gc,phases      ] GC(473)   Evacuate Collection Set: 1.8ms
[94.263s][info][gc,phases      ] GC(473)   Post Evacuate Collection Set: 1.9ms
[94.263s][info][gc,phases      ] GC(473)   Other: 0.1ms
[94.263s][info][gc,heap        ] GC(473) Eden regions: 326->0(326)
[94.263s][info][gc,heap        ] GC(473) Survivor regions: 2->2(41)
[94.263s][info][gc,heap        ] GC(473) Old regions: 21->21
[94.263s][info][gc,heap        ] GC(473) Archive regions: 0->0
[94.263s][info][gc,heap        ] GC(473) Humongous regions: 0->0
[94.263s][info][gc,metaspace   ] GC(473) Metaspace: 14262K(15168K)->14262K(15168K) NonClass: 12312K(12928K)->12312K(12928K) Class: 1950K(2240K)->1950K(2240K)
[94.263s][info][gc             ] GC(473) Pause Young (Normal) (G1 Evacuation Pause) 332M->6M(547M) 4.277ms
[94.263s][info][gc,cpu         ] GC(473) User=0.00s Sys=0.00s Real=0.01s
[94.431s][info][gc,start       ] GC(474) Pause Young (Normal) (G1 Evacuation Pause)
[94.432s][info][gc,task        ] GC(474) Using 33 workers of 33 for evacuation
[94.436s][info][gc,phases      ] GC(474)   Pre Evacuate Collection Set: 0.1ms
[94.436s][info][gc,phases      ] GC(474)   Merge Heap Roots: 0.1ms
[94.436s][info][gc,phases      ] GC(474)   Evacuate Collection Set: 1.8ms
[94.436s][info][gc,phases      ] GC(474)   Post Evacuate Collection Set: 1.9ms
[94.436s][info][gc,phases      ] GC(474)   Other: 0.1ms
[94.436s][info][gc,heap        ] GC(474) Eden regions: 326->0(326)
[94.436s][info][gc,heap        ] GC(474) Survivor regions: 2->2(41)
[94.436s][info][gc,heap        ] GC(474) Old regions: 21->21
[94.436s][info][gc,heap        ] GC(474) Archive regions: 0->0
[94.436s][info][gc,heap        ] GC(474) Humongous regions: 0->0
[94.436s][info][gc,metaspace   ] GC(474) Metaspace: 14262K(15168K)->14262K(15168K) NonClass: 12312K(12928K)->12312K(12928K) Class: 1950K(2240K)->1950K(2240K)
[94.436s][info][gc             ] GC(474) Pause Young (Normal) (G1 Evacuation Pause) 332M->6M(547M) 4.333ms
[94.436s][info][gc,cpu         ] GC(474) User=0.00s Sys=0.00s Real=0.00s
[94.607s][info][gc,start       ] GC(475) Pause Young (Normal) (G1 Evacuation Pause)
[94.607s][info][gc,task        ] GC(475) Using 33 workers of 33 for evacuation
[94.610s][info][gc,phases      ] GC(475)   Pre Evacuate Collection Set: 0.1ms
[94.610s][info][gc,phases      ] GC(475)   Merge Heap Roots: 0.1ms
[94.610s][info][gc,phases      ] GC(475)   Evacuate Collection Set: 0.5ms
[94.610s][info][gc,phases      ] GC(475)   Post Evacuate Collection Set: 2.0ms
[94.610s][info][gc,phases      ] GC(475)   Other: 0.1ms
[94.610s][info][gc,heap        ] GC(475) Eden regions: 326->0(326)
[94.610s][info][gc,heap        ] GC(475) Survivor regions: 2->2(41)
[94.610s][info][gc,heap        ] GC(475) Old regions: 21->21
[94.610s][info][gc,heap        ] GC(475) Archive regions: 0->0
[94.610s][info][gc,heap        ] GC(475) Humongous regions: 0->0
[94.610s][info][gc,metaspace   ] GC(475) Metaspace: 14262K(15168K)->14262K(15168K) NonClass: 12312K(12928K)->12312K(12928K) Class: 1950K(2240K)->1950K(2240K)
[94.610s][info][gc             ] GC(475) Pause Young (Normal) (G1 Evacuation Pause) 332M->6M(547M) 3.080ms
[94.610s][info][gc,cpu         ] GC(475) User=0.52s Sys=0.00s Real=0.00s
[94.781s][info][gc,start       ] GC(476) Pause Young (Normal) (G1 Evacuation Pause)
[94.781s][info][gc,task        ] GC(476) Using 33 workers of 33 for evacuation
[94.784s][info][gc,phases      ] GC(476)   Pre Evacuate Collection Set: 0.1ms
[94.784s][info][gc,phases      ] GC(476)   Merge Heap Roots: 0.1ms
[94.784s][info][gc,phases      ] GC(476)   Evacuate Collection Set: 0.5ms
[94.784s][info][gc,phases      ] GC(476)   Post Evacuate Collection Set: 2.0ms
[94.784s][info][gc,phases      ] GC(476)   Other: 0.1ms
[94.784s][info][gc,heap        ] GC(476) Eden regions: 326->0(326)
[94.784s][info][gc,heap        ] GC(476) Survivor regions: 2->2(41)
[94.784s][info][gc,heap        ] GC(476) Old regions: 21->21
[94.784s][info][gc,heap        ] GC(476) Archive regions: 0->0
[94.784s][info][gc,heap        ] GC(476) Humongous regions: 0->0
[94.784s][info][gc,metaspace   ] GC(476) Metaspace: 14262K(15168K)->14262K(15168K) NonClass: 12312K(12928K)->12312K(12928K) Class: 1950K(2240K)->1950K(2240K)
[94.784s][info][gc             ] GC(476) Pause Young (Normal) (G1 Evacuation Pause) 332M->6M(547M) 3.085ms
[94.784s][info][gc,cpu         ] GC(476) User=0.52s Sys=0.00s Real=0.00s
[94.956s][info][gc,start       ] GC(477) Pause Young (Normal) (G1 Evacuation Pause)
[94.956s][info][gc,task        ] GC(477) Using 33 workers of 33 for evacuation
[94.959s][info][gc,phases      ] GC(477)   Pre Evacuate Collection Set: 0.1ms
[94.959s][info][gc,phases      ] GC(477)   Merge Heap Roots: 0.1ms
[94.959s][info][gc,phases      ] GC(477)   Evacuate Collection Set: 0.4ms
[94.959s][info][gc,phases      ] GC(477)   Post Evacuate Collection Set: 2.1ms
[94.959s][info][gc,phases      ] GC(477)   Other: 0.1ms
[94.959s][info][gc,heap        ] GC(477) Eden regions: 326->0(326)
[94.959s][info][gc,heap        ] GC(477) Survivor regions: 2->2(41)
[94.959s][info][gc,heap        ] GC(477) Old regions: 21->21
[94.959s][info][gc,heap        ] GC(477) Archive regions: 0->0
[94.959s][info][gc,heap        ] GC(477) Humongous regions: 0->0
[94.959s][info][gc,metaspace   ] GC(477) Metaspace: 14262K(15168K)->14262K(15168K) NonClass: 12312K(12928K)->12312K(12928K) Class: 1950K(2240K)->1950K(2240K)
[94.959s][info][gc             ] GC(477) Pause Young (Normal) (G1 Evacuation Pause) 332M->6M(547M) 3.086ms
[94.959s][info][gc,cpu         ] GC(477) User=0.00s Sys=0.00s Real=0.00s
[95.129s][info][gc,start       ] GC(478) Pause Young (Normal) (G1 Evacuation Pause)
[95.129s][info][gc,task        ] GC(478) Using 33 workers of 33 for evacuation
[95.132s][info][gc,phases      ] GC(478)   Pre Evacuate Collection Set: 0.1ms
[95.132s][info][gc,phases      ] GC(478)   Merge Heap Roots: 0.1ms
[95.132s][info][gc,phases      ] GC(478)   Evacuate Collection Set: 0.5ms
[95.132s][info][gc,phases      ] GC(478)   Post Evacuate Collection Set: 2.1ms
[95.132s][info][gc,phases      ] GC(478)   Other: 0.1ms
[95.132s][info][gc,heap        ] GC(478) Eden regions: 326->0(326)
[95.132s][info][gc,heap        ] GC(478) Survivor regions: 2->2(41)
[95.132s][info][gc,heap        ] GC(478) Old regions: 21->21
[95.132s][info][gc,heap        ] GC(478) Archive regions: 0->0
[95.132s][info][gc,heap        ] GC(478) Humongous regions: 0->0
[95.132s][info][gc,metaspace   ] GC(478) Metaspace: 14262K(15168K)->14262K(15168K) NonClass: 12312K(12928K)->12312K(12928K) Class: 1950K(2240K)->1950K(2240K)
[95.132s][info][gc             ] GC(478) Pause Young (Normal) (G1 Evacuation Pause) 332M->6M(547M) 3.219ms
[95.132s][info][gc,cpu         ] GC(478) User=0.00s Sys=0.00s Real=0.00s
[95.303s][info][gc,start       ] GC(479) Pause Young (Normal) (G1 Evacuation Pause)
[95.303s][info][gc,task        ] GC(479) Using 33 workers of 33 for evacuation
[95.306s][info][gc,phases      ] GC(479)   Pre Evacuate Collection Set: 0.1ms
[95.306s][info][gc,phases      ] GC(479)   Merge Heap Roots: 0.1ms
[95.306s][info][gc,phases      ] GC(479)   Evacuate Collection Set: 0.5ms
[95.306s][info][gc,phases      ] GC(479)   Post Evacuate Collection Set: 2.1ms
[95.306s][info][gc,phases      ] GC(479)   Other: 0.1ms
[95.306s][info][gc,heap        ] GC(479) Eden regions: 326->0(326)
[95.306s][info][gc,heap        ] GC(479) Survivor regions: 2->2(41)
[95.306s][info][gc,heap        ] GC(479) Old regions: 21->21
[95.306s][info][gc,heap        ] GC(479) Archive regions: 0->0
[95.306s][info][gc,heap        ] GC(479) Humongous regions: 0->0
[95.306s][info][gc,metaspace   ] GC(479) Metaspace: 14262K(15168K)->14262K(15168K) NonClass: 12312K(12928K)->12312K(12928K) Class: 1950K(2240K)->1950K(2240K)
[95.306s][info][gc             ] GC(479) Pause Young (Normal) (G1 Evacuation Pause) 332M->6M(547M) 3.160ms
[95.306s][info][gc,cpu         ] GC(479) User=0.00s Sys=0.00s Real=0.00s
[95.480s][info][gc,start       ] GC(480) Pause Young (Normal) (G1 Evacuation Pause)
[95.480s][info][gc,task        ] GC(480) Using 33 workers of 33 for evacuation
[95.483s][info][gc,phases      ] GC(480)   Pre Evacuate Collection Set: 0.1ms
[95.483s][info][gc,phases      ] GC(480)   Merge Heap Roots: 0.1ms
[95.483s][info][gc,phases      ] GC(480)   Evacuate Collection Set: 0.5ms
[95.483s][info][gc,phases      ] GC(480)   Post Evacuate Collection Set: 2.2ms
[95.483s][info][gc,phases      ] GC(480)   Other: 0.1ms
[95.483s][info][gc,heap        ] GC(480) Eden regions: 326->0(326)
[95.483s][info][gc,heap        ] GC(480) Survivor regions: 2->2(41)
[95.483s][info][gc,heap        ] GC(480) Old regions: 21->21
[95.483s][info][gc,heap        ] GC(480) Archive regions: 0->0
[95.483s][info][gc,heap        ] GC(480) Humongous regions: 0->0
[95.483s][info][gc,metaspace   ] GC(480) Metaspace: 14262K(15168K)->14262K(15168K) NonClass: 12312K(12928K)->12312K(12928K) Class: 1950K(2240K)->1950K(2240K)
[95.483s][info][gc             ] GC(480) Pause Young (Normal) (G1 Evacuation Pause) 332M->6M(547M) 3.253ms
[95.483s][info][gc,cpu         ] GC(480) User=0.00s Sys=0.00s Real=0.00s
[95.654s][info][gc,start       ] GC(481) Pause Young (Normal) (G1 Evacuation Pause)
[95.654s][info][gc,task        ] GC(481) Using 33 workers of 33 for evacuation
[95.657s][info][gc,phases      ] GC(481)   Pre Evacuate Collection Set: 0.1ms
[95.657s][info][gc,phases      ] GC(481)   Merge Heap Roots: 0.1ms
[95.657s][info][gc,phases      ] GC(481)   Evacuate Collection Set: 0.5ms
[95.657s][info][gc,phases      ] GC(481)   Post Evacuate Collection Set: 2.2ms
[95.657s][info][gc,phases      ] GC(481)   Other: 0.1ms
[95.657s][info][gc,heap        ] GC(481) Eden regions: 326->0(326)
[95.657s][info][gc,heap        ] GC(481) Survivor regions: 2->2(41)
[95.657s][info][gc,heap        ] GC(481) Old regions: 21->21
[95.657s][info][gc,heap        ] GC(481) Archive regions: 0->0
[95.657s][info][gc,heap        ] GC(481) Humongous regions: 0->0
[95.657s][info][gc,metaspace   ] GC(481) Metaspace: 14262K(15168K)->14262K(15168K) NonClass: 12312K(12928K)->12312K(12928K) Class: 1950K(2240K)->1950K(2240K)
[95.657s][info][gc             ] GC(481) Pause Young (Normal) (G1 Evacuation Pause) 332M->6M(547M) 3.256ms
[95.657s][info][gc,cpu         ] GC(481) User=0.52s Sys=0.00s Real=0.00s
[95.828s][info][gc,start       ] GC(482) Pause Young (Normal) (G1 Evacuation Pause)
[95.828s][info][gc,task        ] GC(482) Using 33 workers of 33 for evacuation
[95.831s][info][gc,phases      ] GC(482)   Pre Evacuate Collection Set: 0.1ms
[95.831s][info][gc,phases      ] GC(482)   Merge Heap Roots: 0.1ms
[95.831s][info][gc,phases      ] GC(482)   Evacuate Collection Set: 0.5ms
[95.831s][info][gc,phases      ] GC(482)   Post Evacuate Collection Set: 2.2ms
[95.831s][info][gc,phases      ] GC(482)   Other: 0.1ms
[95.831s][info][gc,heap        ] GC(482) Eden regions: 326->0(326)
[95.831s][info][gc,heap        ] GC(482) Survivor regions: 2->2(41)
[95.831s][info][gc,heap        ] GC(482) Old regions: 21->21
[95.831s][info][gc,heap        ] GC(482) Archive regions: 0->0
[95.831s][info][gc,heap        ] GC(482) Humongous regions: 0->0
[95.831s][info][gc,metaspace   ] GC(482) Metaspace: 14262K(15168K)->14262K(15168K) NonClass: 12312K(12928K)->12312K(12928K) Class: 1950K(2240K)->1950K(2240K)
[95.831s][info][gc             ] GC(482) Pause Young (Normal) (G1 Evacuation Pause) 332M->7M(547M) 3.313ms
[95.831s][info][gc,cpu         ] GC(482) User=0.00s Sys=0.00s Real=0.00s
[96.003s][info][gc,start       ] GC(483) Pause Young (Normal) (G1 Evacuation Pause)
[96.003s][info][gc,task        ] GC(483) Using 33 workers of 33 for evacuation
[96.006s][info][gc,phases      ] GC(483)   Pre Evacuate Collection Set: 0.1ms
[96.006s][info][gc,phases      ] GC(483)   Merge Heap Roots: 0.1ms
[96.006s][info][gc,phases      ] GC(483)   Evacuate Collection Set: 0.5ms
[96.006s][info][gc,phases      ] GC(483)   Post Evacuate Collection Set: 2.2ms
[96.006s][info][gc,phases      ] GC(483)   Other: 0.1ms
[96.006s][info][gc,heap        ] GC(483) Eden regions: 326->0(326)
[96.006s][info][gc,heap        ] GC(483) Survivor regions: 2->2(41)
[96.006s][info][gc,heap        ] GC(483) Old regions: 21->21
[96.006s][info][gc,heap        ] GC(483) Archive regions: 0->0
[96.006s][info][gc,heap        ] GC(483) Humongous regions: 0->0
[96.006s][info][gc,metaspace   ] GC(483) Metaspace: 14262K(15168K)->14262K(15168K) NonClass: 12312K(12928K)->12312K(12928K) Class: 1950K(2240K)->1950K(2240K)
[96.006s][info][gc             ] GC(483) Pause Young (Normal) (G1 Evacuation Pause) 333M->7M(547M) 3.320ms
[96.006s][info][gc,cpu         ] GC(483) User=0.00s Sys=0.00s Real=0.00s
[96.176s][info][gc,start       ] GC(484) Pause Young (Normal) (G1 Evacuation Pause)
[96.176s][info][gc,task        ] GC(484) Using 33 workers of 33 for evacuation
[96.180s][info][gc,phases      ] GC(484)   Pre Evacuate Collection Set: 0.1ms
[96.180s][info][gc,phases      ] GC(484)   Merge Heap Roots: 0.1ms
[96.180s][info][gc,phases      ] GC(484)   Evacuate Collection Set: 0.5ms
[96.180s][info][gc,phases      ] GC(484)   Post Evacuate Collection Set: 2.3ms
[96.180s][info][gc,phases      ] GC(484)   Other: 0.1ms
[96.180s][info][gc,heap        ] GC(484) Eden regions: 326->0(327)
[96.180s][info][gc,heap        ] GC(484) Survivor regions: 2->1(41)
[96.180s][info][gc,heap        ] GC(484) Old regions: 21->23
[96.180s][info][gc,heap        ] GC(484) Archive regions: 0->0
[96.180s][info][gc,heap        ] GC(484) Humongous regions: 0->0
[96.180s][info][gc,metaspace   ] GC(484) Metaspace: 14262K(15168K)->14262K(15168K) NonClass: 12312K(12928K)->12312K(12928K) Class: 1950K(2240K)->1950K(2240K)
[96.180s][info][gc             ] GC(484) Pause Young (Normal) (G1 Evacuation Pause) 333M->7M(547M) 3.463ms
[96.180s][info][gc,cpu         ] GC(484) User=0.00s Sys=0.00s Real=0.00s
[96.373s][info][gc,start       ] GC(485) Pause Young (Normal) (G1 Evacuation Pause)
[96.373s][info][gc,task        ] GC(485) Using 33 workers of 33 for evacuation
[96.376s][info][gc,phases      ] GC(485)   Pre Evacuate Collection Set: 0.1ms
[96.376s][info][gc,phases      ] GC(485)   Merge Heap Roots: 0.2ms
[96.376s][info][gc,phases      ] GC(485)   Evacuate Collection Set: 0.3ms
[96.376s][info][gc,phases      ] GC(485)   Post Evacuate Collection Set: 2.3ms
[96.376s][info][gc,phases      ] GC(485)   Other: 0.1ms
[96.376s][info][gc,heap        ] GC(485) Eden regions: 327->0(327)
[96.376s][info][gc,heap        ] GC(485) Survivor regions: 1->1(41)
[96.376s][info][gc,heap        ] GC(485) Old regions: 23->23
[96.376s][info][gc,heap        ] GC(485) Archive regions: 0->0
[96.376s][info][gc,heap        ] GC(485) Humongous regions: 0->0
[96.376s][info][gc,metaspace   ] GC(485) Metaspace: 14262K(15168K)->14262K(15168K) NonClass: 12312K(12928K)->12312K(12928K) Class: 1950K(2240K)->1950K(2240K)
[96.376s][info][gc             ] GC(485) Pause Young (Normal) (G1 Evacuation Pause) 334M->7M(547M) 3.283ms
[96.376s][info][gc,cpu         ] GC(485) User=0.52s Sys=0.00s Real=0.00s
[96.570s][info][gc,start       ] GC(486) Pause Young (Normal) (G1 Evacuation Pause)
[96.571s][info][gc,task        ] GC(486) Using 33 workers of 33 for evacuation
[96.574s][info][gc,phases      ] GC(486)   Pre Evacuate Collection Set: 0.2ms
[96.574s][info][gc,phases      ] GC(486)   Merge Heap Roots: 0.1ms
[96.574s][info][gc,phases      ] GC(486)   Evacuate Collection Set: 0.3ms
[96.574s][info][gc,phases      ] GC(486)   Post Evacuate Collection Set: 2.3ms
[96.574s][info][gc,phases      ] GC(486)   Other: 0.1ms
[96.574s][info][gc,heap        ] GC(486) Eden regions: 327->0(327)
[96.574s][info][gc,heap        ] GC(486) Survivor regions: 1->1(41)
[96.574s][info][gc,heap        ] GC(486) Old regions: 23->23
[96.574s][info][gc,heap        ] GC(486) Archive regions: 0->0
[96.574s][info][gc,heap        ] GC(486) Humongous regions: 0->0
[96.574s][info][gc,metaspace   ] GC(486) Metaspace: 14262K(15168K)->14262K(15168K) NonClass: 12312K(12928K)->12312K(12928K) Class: 1950K(2240K)->1950K(2240K)
[96.574s][info][gc             ] GC(486) Pause Young (Normal) (G1 Evacuation Pause) 334M->7M(547M) 3.297ms
[96.574s][info][gc,cpu         ] GC(486) User=0.00s Sys=0.00s Real=0.00s
[96.844s][info][gc,start       ] GC(487) Pause Young (Normal) (G1 Evacuation Pause)
[96.844s][info][gc,task        ] GC(487) Using 33 workers of 33 for evacuation
[96.849s][info][gc,phases      ] GC(487)   Pre Evacuate Collection Set: 0.2ms
[96.849s][info][gc,phases      ] GC(487)   Merge Heap Roots: 0.3ms
[96.849s][info][gc,phases      ] GC(487)   Evacuate Collection Set: 0.5ms
[96.849s][info][gc,phases      ] GC(487)   Post Evacuate Collection Set: 3.2ms
[96.849s][info][gc,phases      ] GC(487)   Other: 0.3ms
[96.849s][info][gc,heap        ] GC(487) Eden regions: 327->0(327)
[96.849s][info][gc,heap        ] GC(487) Survivor regions: 1->1(41)
[96.849s][info][gc,heap        ] GC(487) Old regions: 23->23
[96.849s][info][gc,heap        ] GC(487) Archive regions: 0->0
[96.849s][info][gc,heap        ] GC(487) Humongous regions: 0->0
[96.849s][info][gc,metaspace   ] GC(487) Metaspace: 14262K(15168K)->14262K(15168K) NonClass: 12312K(12928K)->12312K(12928K) Class: 1950K(2240K)->1950K(2240K)
[96.849s][info][gc             ] GC(487) Pause Young (Normal) (G1 Evacuation Pause) 334M->7M(547M) 5.060ms
[96.849s][info][gc,cpu         ] GC(487) User=0.00s Sys=0.00s Real=0.01s
[97.047s][info][gc,start       ] GC(488) Pause Young (Normal) (G1 Evacuation Pause)
[97.048s][info][gc,task        ] GC(488) Using 33 workers of 33 for evacuation
[97.051s][info][gc,phases      ] GC(488)   Pre Evacuate Collection Set: 0.2ms
[97.051s][info][gc,phases      ] GC(488)   Merge Heap Roots: 0.2ms
[97.051s][info][gc,phases      ] GC(488)   Evacuate Collection Set: 0.3ms
[97.051s][info][gc,phases      ] GC(488)   Post Evacuate Collection Set: 2.3ms
[97.051s][info][gc,phases      ] GC(488)   Other: 0.1ms
[97.051s][info][gc,heap        ] GC(488) Eden regions: 327->0(327)
[97.051s][info][gc,heap        ] GC(488) Survivor regions: 1->1(41)
[97.051s][info][gc,heap        ] GC(488) Old regions: 23->23
[97.051s][info][gc,heap        ] GC(488) Archive regions: 0->0
[97.051s][info][gc,heap        ] GC(488) Humongous regions: 0->0
[97.051s][info][gc,metaspace   ] GC(488) Metaspace: 14262K(15168K)->14262K(15168K) NonClass: 12312K(12928K)->12312K(12928K) Class: 1950K(2240K)->1950K(2240K)
[97.051s][info][gc             ] GC(488) Pause Young (Normal) (G1 Evacuation Pause) 334M->7M(547M) 3.324ms
[97.051s][info][gc,cpu         ] GC(488) User=0.00s Sys=0.00s Real=0.00s
[97.244s][info][gc,start       ] GC(489) Pause Young (Normal) (G1 Evacuation Pause)
[97.245s][info][gc,task        ] GC(489) Using 33 workers of 33 for evacuation
[97.247s][info][gc,phases      ] GC(489)   Pre Evacuate Collection Set: 0.2ms
[97.247s][info][gc,phases      ] GC(489)   Merge Heap Roots: 0.2ms
[97.247s][info][gc,phases      ] GC(489)   Evacuate Collection Set: 0.3ms
[97.247s][info][gc,phases      ] GC(489)   Post Evacuate Collection Set: 2.1ms
[97.247s][info][gc,phases      ] GC(489)   Other: 0.1ms
[97.247s][info][gc,heap        ] GC(489) Eden regions: 327->0(327)
[97.247s][info][gc,heap        ] GC(489) Survivor regions: 1->1(41)
[97.247s][info][gc,heap        ] GC(489) Old regions: 23->23
[97.247s][info][gc,heap        ] GC(489) Archive regions: 0->0
[97.247s][info][gc,heap        ] GC(489) Humongous regions: 0->0
[97.247s][info][gc,metaspace   ] GC(489) Metaspace: 14262K(15168K)->14262K(15168K) NonClass: 12312K(12928K)->12312K(12928K) Class: 1950K(2240K)->1950K(2240K)
[97.248s][info][gc             ] GC(489) Pause Young (Normal) (G1 Evacuation Pause) 334M->7M(547M) 3.109ms
[97.248s][info][gc,cpu         ] GC(489) User=0.00s Sys=0.00s Real=0.00s
[97.445s][info][gc,start       ] GC(490) Pause Young (Normal) (G1 Evacuation Pause)
[97.445s][info][gc,task        ] GC(490) Using 33 workers of 33 for evacuation
[97.447s][info][gc,phases      ] GC(490)   Pre Evacuate Collection Set: 0.1ms
[97.447s][info][gc,phases      ] GC(490)   Merge Heap Roots: 0.2ms
[97.447s][info][gc,phases      ] GC(490)   Evacuate Collection Set: 0.3ms
[97.447s][info][gc,phases      ] GC(490)   Post Evacuate Collection Set: 2.0ms
[97.447s][info][gc,phases      ] GC(490)   Other: 0.1ms
[97.447s][info][gc,heap        ] GC(490) Eden regions: 327->0(327)
[97.447s][info][gc,heap        ] GC(490) Survivor regions: 1->1(41)
[97.447s][info][gc,heap        ] GC(490) Old regions: 23->23
[97.447s][info][gc,heap        ] GC(490) Archive regions: 0->0
[97.447s][info][gc,heap        ] GC(490) Humongous regions: 0->0
[97.447s][info][gc,metaspace   ] GC(490) Metaspace: 14262K(15168K)->14262K(15168K) NonClass: 12312K(12928K)->12312K(12928K) Class: 1950K(2240K)->1950K(2240K)
[97.447s][info][gc             ] GC(490) Pause Young (Normal) (G1 Evacuation Pause) 334M->7M(547M) 2.971ms
[97.448s][info][gc,cpu         ] GC(490) User=0.00s Sys=0.00s Real=0.00s
[97.639s][info][gc,start       ] GC(491) Pause Young (Normal) (G1 Evacuation Pause)
[97.639s][info][gc,task        ] GC(491) Using 33 workers of 33 for evacuation
[97.642s][info][gc,phases      ] GC(491)   Pre Evacuate Collection Set: 0.1ms
[97.642s][info][gc,phases      ] GC(491)   Merge Heap Roots: 0.2ms
[97.642s][info][gc,phases      ] GC(491)   Evacuate Collection Set: 0.3ms
[97.642s][info][gc,phases      ] GC(491)   Post Evacuate Collection Set: 1.9ms
[97.642s][info][gc,phases      ] GC(491)   Other: 0.1ms
[97.642s][info][gc,heap        ] GC(491) Eden regions: 327->0(327)
[97.642s][info][gc,heap        ] GC(491) Survivor regions: 1->1(41)
[97.642s][info][gc,heap        ] GC(491) Old regions: 23->23
[97.642s][info][gc,heap        ] GC(491) Archive regions: 0->0
[97.642s][info][gc,heap        ] GC(491) Humongous regions: 0->0
[97.642s][info][gc,metaspace   ] GC(491) Metaspace: 14262K(15168K)->14262K(15168K) NonClass: 12312K(12928K)->12312K(12928K) Class: 1950K(2240K)->1950K(2240K)
[97.642s][info][gc             ] GC(491) Pause Young (Normal) (G1 Evacuation Pause) 334M->7M(547M) 2.859ms
[97.642s][info][gc,cpu         ] GC(491) User=0.52s Sys=0.00s Real=0.00s
[97.835s][info][gc,start       ] GC(492) Pause Young (Normal) (G1 Evacuation Pause)
[97.835s][info][gc,task        ] GC(492) Using 33 workers of 33 for evacuation
[97.838s][info][gc,phases      ] GC(492)   Pre Evacuate Collection Set: 0.2ms
[97.838s][info][gc,phases      ] GC(492)   Merge Heap Roots: 0.2ms
[97.838s][info][gc,phases      ] GC(492)   Evacuate Collection Set: 0.3ms
[97.838s][info][gc,phases      ] GC(492)   Post Evacuate Collection Set: 2.0ms
[97.838s][info][gc,phases      ] GC(492)   Other: 0.1ms
[97.838s][info][gc,heap        ] GC(492) Eden regions: 327->0(327)
[97.838s][info][gc,heap        ] GC(492) Survivor regions: 1->1(41)
[97.838s][info][gc,heap        ] GC(492) Old regions: 23->23
[97.838s][info][gc,heap        ] GC(492) Archive regions: 0->0
[97.838s][info][gc,heap        ] GC(492) Humongous regions: 0->0
[97.838s][info][gc,metaspace   ] GC(492) Metaspace: 14262K(15168K)->14262K(15168K) NonClass: 12312K(12928K)->12312K(12928K) Class: 1950K(2240K)->1950K(2240K)
[97.838s][info][gc             ] GC(492) Pause Young (Normal) (G1 Evacuation Pause) 334M->7M(547M) 2.974ms
[97.838s][info][gc,cpu         ] GC(492) User=0.00s Sys=0.00s Real=0.00s
[98.033s][info][gc,start       ] GC(493) Pause Young (Normal) (G1 Evacuation Pause)
[98.033s][info][gc,task        ] GC(493) Using 33 workers of 33 for evacuation
[98.036s][info][gc,phases      ] GC(493)   Pre Evacuate Collection Set: 0.1ms
[98.036s][info][gc,phases      ] GC(493)   Merge Heap Roots: 0.2ms
[98.036s][info][gc,phases      ] GC(493)   Evacuate Collection Set: 0.4ms
[98.036s][info][gc,phases      ] GC(493)   Post Evacuate Collection Set: 2.0ms
[98.036s][info][gc,phases      ] GC(493)   Other: 0.1ms
[98.036s][info][gc,heap        ] GC(493) Eden regions: 327->0(327)
[98.036s][info][gc,heap        ] GC(493) Survivor regions: 1->1(41)
[98.036s][info][gc,heap        ] GC(493) Old regions: 23->23
[98.036s][info][gc,heap        ] GC(493) Archive regions: 0->0
[98.036s][info][gc,heap        ] GC(493) Humongous regions: 0->0
[98.036s][info][gc,metaspace   ] GC(493) Metaspace: 14262K(15168K)->14262K(15168K) NonClass: 12312K(12928K)->12312K(12928K) Class: 1950K(2240K)->1950K(2240K)
[98.036s][info][gc             ] GC(493) Pause Young (Normal) (G1 Evacuation Pause) 334M->7M(547M) 2.965ms
[98.036s][info][gc,cpu         ] GC(493) User=0.00s Sys=0.00s Real=0.00s
[98.229s][info][gc,start       ] GC(494) Pause Young (Normal) (G1 Evacuation Pause)
[98.229s][info][gc,task        ] GC(494) Using 33 workers of 33 for evacuation
[98.232s][info][gc,phases      ] GC(494)   Pre Evacuate Collection Set: 0.2ms
[98.232s][info][gc,phases      ] GC(494)   Merge Heap Roots: 0.2ms
[98.232s][info][gc,phases      ] GC(494)   Evacuate Collection Set: 0.4ms
[98.232s][info][gc,phases      ] GC(494)   Post Evacuate Collection Set: 2.0ms
[98.232s][info][gc,phases      ] GC(494)   Other: 0.1ms
[98.232s][info][gc,heap        ] GC(494) Eden regions: 327->0(327)
[98.232s][info][gc,heap        ] GC(494) Survivor regions: 1->1(41)
[98.232s][info][gc,heap        ] GC(494) Old regions: 23->23
[98.232s][info][gc,heap        ] GC(494) Archive regions: 0->0
[98.232s][info][gc,heap        ] GC(494) Humongous regions: 0->0
[98.232s][info][gc,metaspace   ] GC(494) Metaspace: 14262K(15168K)->14262K(15168K) NonClass: 12312K(12928K)->12312K(12928K) Class: 1950K(2240K)->1950K(2240K)
[98.232s][info][gc             ] GC(494) Pause Young (Normal) (G1 Evacuation Pause) 334M->7M(547M) 3.036ms
[98.232s][info][gc,cpu         ] GC(494) User=0.00s Sys=0.00s Real=0.00s
[98.424s][info][gc,start       ] GC(495) Pause Young (Normal) (G1 Evacuation Pause)
[98.425s][info][gc,task        ] GC(495) Using 33 workers of 33 for evacuation
[98.427s][info][gc,phases      ] GC(495)   Pre Evacuate Collection Set: 0.2ms
[98.427s][info][gc,phases      ] GC(495)   Merge Heap Roots: 0.2ms
[98.427s][info][gc,phases      ] GC(495)   Evacuate Collection Set: 0.4ms
[98.427s][info][gc,phases      ] GC(495)   Post Evacuate Collection Set: 2.0ms
[98.427s][info][gc,phases      ] GC(495)   Other: 0.1ms
[98.427s][info][gc,heap        ] GC(495) Eden regions: 327->0(327)
[98.427s][info][gc,heap        ] GC(495) Survivor regions: 1->1(41)
[98.427s][info][gc,heap        ] GC(495) Old regions: 23->23
[98.427s][info][gc,heap        ] GC(495) Archive regions: 0->0
[98.427s][info][gc,heap        ] GC(495) Humongous regions: 0->0
[98.428s][info][gc,metaspace   ] GC(495) Metaspace: 14262K(15168K)->14262K(15168K) NonClass: 12312K(12928K)->12312K(12928K) Class: 1950K(2240K)->1950K(2240K)
[98.428s][info][gc             ] GC(495) Pause Young (Normal) (G1 Evacuation Pause) 334M->7M(547M) 3.042ms
[98.428s][info][gc,cpu         ] GC(495) User=0.00s Sys=0.00s Real=0.00s
[98.621s][info][gc,start       ] GC(496) Pause Young (Normal) (G1 Evacuation Pause)
[98.621s][info][gc,task        ] GC(496) Using 33 workers of 33 for evacuation
[98.624s][info][gc,phases      ] GC(496)   Pre Evacuate Collection Set: 0.2ms
[98.624s][info][gc,phases      ] GC(496)   Merge Heap Roots: 0.2ms
[98.624s][info][gc,phases      ] GC(496)   Evacuate Collection Set: 0.3ms
[98.624s][info][gc,phases      ] GC(496)   Post Evacuate Collection Set: 2.1ms
[98.624s][info][gc,phases      ] GC(496)   Other: 0.1ms
[98.624s][info][gc,heap        ] GC(496) Eden regions: 327->0(327)
[98.624s][info][gc,heap        ] GC(496) Survivor regions: 1->1(41)
[98.624s][info][gc,heap        ] GC(496) Old regions: 23->23
[98.624s][info][gc,heap        ] GC(496) Archive regions: 0->0
[98.624s][info][gc,heap        ] GC(496) Humongous regions: 0->0
[98.624s][info][gc,metaspace   ] GC(496) Metaspace: 14262K(15168K)->14262K(15168K) NonClass: 12312K(12928K)->12312K(12928K) Class: 1950K(2240K)->1950K(2240K)
[98.624s][info][gc             ] GC(496) Pause Young (Normal) (G1 Evacuation Pause) 334M->7M(547M) 3.071ms
[98.624s][info][gc,cpu         ] GC(496) User=0.00s Sys=0.00s Real=0.00s
[98.816s][info][gc,start       ] GC(497) Pause Young (Normal) (G1 Evacuation Pause)
[98.816s][info][gc,task        ] GC(497) Using 33 workers of 33 for evacuation
[98.819s][info][gc,phases      ] GC(497)   Pre Evacuate Collection Set: 0.2ms
[98.819s][info][gc,phases      ] GC(497)   Merge Heap Roots: 0.1ms
[98.819s][info][gc,phases      ] GC(497)   Evacuate Collection Set: 0.3ms
[98.819s][info][gc,phases      ] GC(497)   Post Evacuate Collection Set: 2.1ms
[98.819s][info][gc,phases      ] GC(497)   Other: 0.1ms
[98.819s][info][gc,heap        ] GC(497) Eden regions: 327->0(327)
[98.819s][info][gc,heap        ] GC(497) Survivor regions: 1->1(41)
[98.819s][info][gc,heap        ] GC(497) Old regions: 23->23
[98.819s][info][gc,heap        ] GC(497) Archive regions: 0->0
[98.819s][info][gc,heap        ] GC(497) Humongous regions: 0->0
[98.819s][info][gc,metaspace   ] GC(497) Metaspace: 14262K(15168K)->14262K(15168K) NonClass: 12312K(12928K)->12312K(12928K) Class: 1950K(2240K)->1950K(2240K)
[98.819s][info][gc             ] GC(497) Pause Young (Normal) (G1 Evacuation Pause) 334M->7M(547M) 3.075ms
[98.819s][info][gc,cpu         ] GC(497) User=0.00s Sys=0.00s Real=0.00s
[99.012s][info][gc,start       ] GC(498) Pause Young (Normal) (G1 Evacuation Pause)
[99.012s][info][gc,task        ] GC(498) Using 33 workers of 33 for evacuation
[99.015s][info][gc,phases      ] GC(498)   Pre Evacuate Collection Set: 0.2ms
[99.015s][info][gc,phases      ] GC(498)   Merge Heap Roots: 0.2ms
[99.015s][info][gc,phases      ] GC(498)   Evacuate Collection Set: 0.3ms
[99.015s][info][gc,phases      ] GC(498)   Post Evacuate Collection Set: 2.1ms
[99.015s][info][gc,phases      ] GC(498)   Other: 0.1ms
[99.015s][info][gc,heap        ] GC(498) Eden regions: 327->0(327)
[99.015s][info][gc,heap        ] GC(498) Survivor regions: 1->1(41)
[99.015s][info][gc,heap        ] GC(498) Old regions: 23->23
[99.015s][info][gc,heap        ] GC(498) Archive regions: 0->0
[99.015s][info][gc,heap        ] GC(498) Humongous regions: 0->0
[99.015s][info][gc,metaspace   ] GC(498) Metaspace: 14262K(15168K)->14262K(15168K) NonClass: 12312K(12928K)->12312K(12928K) Class: 1950K(2240K)->1950K(2240K)
[99.015s][info][gc             ] GC(498) Pause Young (Normal) (G1 Evacuation Pause) 334M->7M(547M) 3.133ms
[99.015s][info][gc,cpu         ] GC(498) User=0.00s Sys=0.00s Real=0.00s
[99.208s][info][gc,start       ] GC(499) Pause Young (Normal) (G1 Evacuation Pause)
[99.208s][info][gc,task        ] GC(499) Using 33 workers of 33 for evacuation
[99.211s][info][gc,phases      ] GC(499)   Pre Evacuate Collection Set: 0.2ms
[99.211s][info][gc,phases      ] GC(499)   Merge Heap Roots: 0.2ms
[99.211s][info][gc,phases      ] GC(499)   Evacuate Collection Set: 0.4ms
[99.211s][info][gc,phases      ] GC(499)   Post Evacuate Collection Set: 2.2ms
[99.211s][info][gc,phases      ] GC(499)   Other: 0.1ms
[99.211s][info][gc,heap        ] GC(499) Eden regions: 327->0(327)
[99.211s][info][gc,heap        ] GC(499) Survivor regions: 1->1(41)
[99.211s][info][gc,heap        ] GC(499) Old regions: 23->23
[99.211s][info][gc,heap        ] GC(499) Archive regions: 0->0
[99.211s][info][gc,heap        ] GC(499) Humongous regions: 0->0
[99.211s][info][gc,metaspace   ] GC(499) Metaspace: 14262K(15168K)->14262K(15168K) NonClass: 12312K(12928K)->12312K(12928K) Class: 1950K(2240K)->1950K(2240K)
[99.211s][info][gc             ] GC(499) Pause Young (Normal) (G1 Evacuation Pause) 334M->7M(547M) 3.200ms
[99.211s][info][gc,cpu         ] GC(499) User=0.00s Sys=0.00s Real=0.00s
[99.404s][info][gc,start       ] GC(500) Pause Young (Normal) (G1 Evacuation Pause)
[99.404s][info][gc,task        ] GC(500) Using 33 workers of 33 for evacuation
[99.407s][info][gc,phases      ] GC(500)   Pre Evacuate Collection Set: 0.2ms
[99.407s][info][gc,phases      ] GC(500)   Merge Heap Roots: 0.2ms
[99.407s][info][gc,phases      ] GC(500)   Evacuate Collection Set: 0.3ms
[99.407s][info][gc,phases      ] GC(500)   Post Evacuate Collection Set: 2.2ms
[99.407s][info][gc,phases      ] GC(500)   Other: 0.1ms
[99.407s][info][gc,heap        ] GC(500) Eden regions: 327->0(327)
[99.408s][info][gc,heap        ] GC(500) Survivor regions: 1->1(41)
[99.408s][info][gc,heap        ] GC(500) Old regions: 23->24
[99.408s][info][gc,heap        ] GC(500) Archive regions: 0->0
[99.408s][info][gc,heap        ] GC(500) Humongous regions: 0->0
[99.408s][info][gc,metaspace   ] GC(500) Metaspace: 14262K(15168K)->14262K(15168K) NonClass: 12312K(12928K)->12312K(12928K) Class: 1950K(2240K)->1950K(2240K)
[99.408s][info][gc             ] GC(500) Pause Young (Normal) (G1 Evacuation Pause) 334M->7M(547M) 3.250ms
[99.408s][info][gc,cpu         ] GC(500) User=0.52s Sys=0.00s Real=0.00s
[99.600s][info][gc,start       ] GC(501) Pause Young (Normal) (G1 Evacuation Pause)
[99.600s][info][gc,task        ] GC(501) Using 33 workers of 33 for evacuation
[99.603s][info][gc,phases      ] GC(501)   Pre Evacuate Collection Set: 0.2ms
[99.603s][info][gc,phases      ] GC(501)   Merge Heap Roots: 0.1ms
[99.603s][info][gc,phases      ] GC(501)   Evacuate Collection Set: 0.4ms
[99.603s][info][gc,phases      ] GC(501)   Post Evacuate Collection Set: 2.3ms
[99.603s][info][gc,phases      ] GC(501)   Other: 0.1ms
[99.603s][info][gc,heap        ] GC(501) Eden regions: 327->0(327)
[99.603s][info][gc,heap        ] GC(501) Survivor regions: 1->1(41)
[99.603s][info][gc,heap        ] GC(501) Old regions: 24->24
[99.603s][info][gc,heap        ] GC(501) Archive regions: 0->0
[99.603s][info][gc,heap        ] GC(501) Humongous regions: 0->0
[99.603s][info][gc,metaspace   ] GC(501) Metaspace: 14262K(15168K)->14262K(15168K) NonClass: 12312K(12928K)->12312K(12928K) Class: 1950K(2240K)->1950K(2240K)
[99.603s][info][gc             ] GC(501) Pause Young (Normal) (G1 Evacuation Pause) 334M->7M(547M) 3.272ms
[99.604s][info][gc,cpu         ] GC(501) User=0.00s Sys=0.00s Real=0.00s
[99.797s][info][gc,start       ] GC(502) Pause Young (Normal) (G1 Evacuation Pause)
[99.797s][info][gc,task        ] GC(502) Using 33 workers of 33 for evacuation
[99.800s][info][gc,phases      ] GC(502)   Pre Evacuate Collection Set: 0.2ms
[99.800s][info][gc,phases      ] GC(502)   Merge Heap Roots: 0.2ms
[99.800s][info][gc,phases      ] GC(502)   Evacuate Collection Set: 0.4ms
[99.801s][info][gc,phases      ] GC(502)   Post Evacuate Collection Set: 2.3ms
[99.801s][info][gc,phases      ] GC(502)   Other: 0.1ms
[99.801s][info][gc,heap        ] GC(502) Eden regions: 327->0(327)
[99.801s][info][gc,heap        ] GC(502) Survivor regions: 1->1(41)
[99.801s][info][gc,heap        ] GC(502) Old regions: 24->24
[99.801s][info][gc,heap        ] GC(502) Archive regions: 0->0
[99.801s][info][gc,heap        ] GC(502) Humongous regions: 0->0
[99.801s][info][gc,metaspace   ] GC(502) Metaspace: 14262K(15168K)->14262K(15168K) NonClass: 12312K(12928K)->12312K(12928K) Class: 1950K(2240K)->1950K(2240K)
[99.801s][info][gc             ] GC(502) Pause Young (Normal) (G1 Evacuation Pause) 334M->7M(547M) 3.314ms
[99.801s][info][gc,cpu         ] GC(502) User=0.02s Sys=0.00s Real=0.00s
[99.993s][info][gc,start       ] GC(503) Pause Young (Normal) (G1 Evacuation Pause)
[99.993s][info][gc,task        ] GC(503) Using 33 workers of 33 for evacuation
[99.996s][info][gc,phases      ] GC(503)   Pre Evacuate Collection Set: 0.2ms
[99.996s][info][gc,phases      ] GC(503)   Merge Heap Roots: 0.2ms
[99.996s][info][gc,phases      ] GC(503)   Evacuate Collection Set: 0.3ms
[99.997s][info][gc,phases      ] GC(503)   Post Evacuate Collection Set: 2.3ms
[99.997s][info][gc,phases      ] GC(503)   Other: 0.1ms
[99.997s][info][gc,heap        ] GC(503) Eden regions: 327->0(327)
[99.997s][info][gc,heap        ] GC(503) Survivor regions: 1->1(41)
[99.997s][info][gc,heap        ] GC(503) Old regions: 24->24
[99.997s][info][gc,heap        ] GC(503) Archive regions: 0->0
[99.997s][info][gc,heap        ] GC(503) Humongous regions: 0->0
[99.997s][info][gc,metaspace   ] GC(503) Metaspace: 14262K(15168K)->14262K(15168K) NonClass: 12312K(12928K)->12312K(12928K) Class: 1950K(2240K)->1950K(2240K)
[99.997s][info][gc             ] GC(503) Pause Young (Normal) (G1 Evacuation Pause) 334M->7M(547M) 3.329ms
[99.997s][info][gc,cpu         ] GC(503) User=0.00s Sys=0.00s Real=0.00s
[100.189s][info][gc,start       ] GC(504) Pause Young (Normal) (G1 Evacuation Pause)
[100.189s][info][gc,task        ] GC(504) Using 33 workers of 33 for evacuation
[100.192s][info][gc,phases      ] GC(504)   Pre Evacuate Collection Set: 0.2ms
[100.192s][info][gc,phases      ] GC(504)   Merge Heap Roots: 0.1ms
[100.192s][info][gc,phases      ] GC(504)   Evacuate Collection Set: 0.4ms
[100.192s][info][gc,phases      ] GC(504)   Post Evacuate Collection Set: 2.4ms
[100.192s][info][gc,phases      ] GC(504)   Other: 0.1ms
[100.192s][info][gc,heap        ] GC(504) Eden regions: 327->0(327)
[100.192s][info][gc,heap        ] GC(504) Survivor regions: 1->1(41)
[100.192s][info][gc,heap        ] GC(504) Old regions: 24->24
[100.192s][info][gc,heap        ] GC(504) Archive regions: 0->0
[100.192s][info][gc,heap        ] GC(504) Humongous regions: 0->0
[100.192s][info][gc,metaspace   ] GC(504) Metaspace: 14262K(15168K)->14262K(15168K) NonClass: 12312K(12928K)->12312K(12928K) Class: 1950K(2240K)->1950K(2240K)
[100.192s][info][gc             ] GC(504) Pause Young (Normal) (G1 Evacuation Pause) 334M->7M(547M) 3.384ms
[100.192s][info][gc,cpu         ] GC(504) User=0.00s Sys=0.00s Real=0.00s
[100.385s][info][gc,start       ] GC(505) Pause Young (Normal) (G1 Evacuation Pause)
[100.385s][info][gc,task        ] GC(505) Using 33 workers of 33 for evacuation
[100.388s][info][gc,phases      ] GC(505)   Pre Evacuate Collection Set: 0.2ms
[100.388s][info][gc,phases      ] GC(505)   Merge Heap Roots: 0.2ms
[100.388s][info][gc,phases      ] GC(505)   Evacuate Collection Set: 0.4ms
[100.388s][info][gc,phases      ] GC(505)   Post Evacuate Collection Set: 2.4ms
[100.388s][info][gc,phases      ] GC(505)   Other: 0.1ms
[100.388s][info][gc,heap        ] GC(505) Eden regions: 327->0(327)
[100.388s][info][gc,heap        ] GC(505) Survivor regions: 1->1(41)
[100.388s][info][gc,heap        ] GC(505) Old regions: 24->24
[100.388s][info][gc,heap        ] GC(505) Archive regions: 0->0
[100.388s][info][gc,heap        ] GC(505) Humongous regions: 0->0
[100.388s][info][gc,metaspace   ] GC(505) Metaspace: 14262K(15168K)->14262K(15168K) NonClass: 12312K(12928K)->12312K(12928K) Class: 1950K(2240K)->1950K(2240K)
[100.388s][info][gc             ] GC(505) Pause Young (Normal) (G1 Evacuation Pause) 334M->8M(547M) 3.429ms
[100.388s][info][gc,cpu         ] GC(505) User=0.00s Sys=0.00s Real=0.00s
[100.582s][info][gc,start       ] GC(506) Pause Young (Normal) (G1 Evacuation Pause)
[100.583s][info][gc,task        ] GC(506) Using 33 workers of 33 for evacuation
[100.586s][info][gc,phases      ] GC(506)   Pre Evacuate Collection Set: 0.2ms
[100.586s][info][gc,phases      ] GC(506)   Merge Heap Roots: 0.2ms
[100.586s][info][gc,phases      ] GC(506)   Evacuate Collection Set: 0.3ms
[100.586s][info][gc,phases      ] GC(506)   Post Evacuate Collection Set: 2.4ms
[100.586s][info][gc,phases      ] GC(506)   Other: 0.1ms
[100.586s][info][gc,heap        ] GC(506) Eden regions: 327->0(327)
[100.586s][info][gc,heap        ] GC(506) Survivor regions: 1->1(41)
[100.586s][info][gc,heap        ] GC(506) Old regions: 24->24
[100.586s][info][gc,heap        ] GC(506) Archive regions: 0->0
[100.586s][info][gc,heap        ] GC(506) Humongous regions: 0->0
[100.586s][info][gc,metaspace   ] GC(506) Metaspace: 14262K(15168K)->14262K(15168K) NonClass: 12312K(12928K)->12312K(12928K) Class: 1950K(2240K)->1950K(2240K)
[100.586s][info][gc             ] GC(506) Pause Young (Normal) (G1 Evacuation Pause) 335M->8M(547M) 3.443ms
[100.586s][info][gc,cpu         ] GC(506) User=0.00s Sys=0.00s Real=0.00s
[100.849s][info][gc,start       ] GC(507) Pause Young (Normal) (G1 Evacuation Pause)
[100.850s][info][gc,task        ] GC(507) Using 33 workers of 33 for evacuation
[100.854s][info][gc,phases      ] GC(507)   Pre Evacuate Collection Set: 0.2ms
[100.854s][info][gc,phases      ] GC(507)   Merge Heap Roots: 0.3ms
[100.854s][info][gc,phases      ] GC(507)   Evacuate Collection Set: 0.6ms
[100.854s][info][gc,phases      ] GC(507)   Post Evacuate Collection Set: 3.2ms
[100.854s][info][gc,phases      ] GC(507)   Other: 0.2ms
[100.854s][info][gc,heap        ] GC(507) Eden regions: 327->0(327)
[100.854s][info][gc,heap        ] GC(507) Survivor regions: 1->1(41)
[100.854s][info][gc,heap        ] GC(507) Old regions: 24->24
[100.854s][info][gc,heap        ] GC(507) Archive regions: 0->0
[100.854s][info][gc,heap        ] GC(507) Humongous regions: 0->0
[100.854s][info][gc,metaspace   ] GC(507) Metaspace: 14262K(15168K)->14262K(15168K) NonClass: 12312K(12928K)->12312K(12928K) Class: 1950K(2240K)->1950K(2240K)
[100.854s][info][gc             ] GC(507) Pause Young (Normal) (G1 Evacuation Pause) 335M->8M(547M) 5.029ms
[100.854s][info][gc,cpu         ] GC(507) User=0.00s Sys=0.00s Real=0.00s
[101.055s][info][gc,start       ] GC(508) Pause Young (Normal) (G1 Evacuation Pause)
[101.055s][info][gc,task        ] GC(508) Using 33 workers of 33 for evacuation
[101.059s][info][gc,phases      ] GC(508)   Pre Evacuate Collection Set: 0.2ms
[101.059s][info][gc,phases      ] GC(508)   Merge Heap Roots: 0.2ms
[101.059s][info][gc,phases      ] GC(508)   Evacuate Collection Set: 0.4ms
[101.059s][info][gc,phases      ] GC(508)   Post Evacuate Collection Set: 2.3ms
[101.059s][info][gc,phases      ] GC(508)   Other: 0.1ms
[101.059s][info][gc,heap        ] GC(508) Eden regions: 327->0(327)
[101.059s][info][gc,heap        ] GC(508) Survivor regions: 1->1(41)
[101.059s][info][gc,heap        ] GC(508) Old regions: 24->24
[101.059s][info][gc,heap        ] GC(508) Archive regions: 0->0
[101.059s][info][gc,heap        ] GC(508) Humongous regions: 0->0
[101.059s][info][gc,metaspace   ] GC(508) Metaspace: 14262K(15168K)->14262K(15168K) NonClass: 12312K(12928K)->12312K(12928K) Class: 1950K(2240K)->1950K(2240K)
[101.059s][info][gc             ] GC(508) Pause Young (Normal) (G1 Evacuation Pause) 335M->8M(547M) 3.296ms
[101.059s][info][gc,cpu         ] GC(508) User=0.00s Sys=0.00s Real=0.00s
[101.254s][info][gc,start       ] GC(509) Pause Young (Normal) (G1 Evacuation Pause)
[101.255s][info][gc,task        ] GC(509) Using 33 workers of 33 for evacuation
[101.257s][info][gc,phases      ] GC(509)   Pre Evacuate Collection Set: 0.2ms
[101.257s][info][gc,phases      ] GC(509)   Merge Heap Roots: 0.2ms
[101.257s][info][gc,phases      ] GC(509)   Evacuate Collection Set: 0.3ms
[101.257s][info][gc,phases      ] GC(509)   Post Evacuate Collection Set: 2.2ms
[101.257s][info][gc,phases      ] GC(509)   Other: 0.1ms
[101.257s][info][gc,heap        ] GC(509) Eden regions: 327->0(327)
[101.258s][info][gc,heap        ] GC(509) Survivor regions: 1->1(41)
[101.258s][info][gc,heap        ] GC(509) Old regions: 24->24
[101.258s][info][gc,heap        ] GC(509) Archive regions: 0->0
[101.258s][info][gc,heap        ] GC(509) Humongous regions: 0->0
[101.258s][info][gc,metaspace   ] GC(509) Metaspace: 14262K(15168K)->14262K(15168K) NonClass: 12312K(12928K)->12312K(12928K) Class: 1950K(2240K)->1950K(2240K)
[101.258s][info][gc             ] GC(509) Pause Young (Normal) (G1 Evacuation Pause) 335M->8M(547M) 3.124ms
[101.258s][info][gc,cpu         ] GC(509) User=0.00s Sys=0.00s Real=0.00s
[101.453s][info][gc,start       ] GC(510) Pause Young (Normal) (G1 Evacuation Pause)
[101.453s][info][gc,task        ] GC(510) Using 33 workers of 33 for evacuation
[101.456s][info][gc,phases      ] GC(510)   Pre Evacuate Collection Set: 0.2ms
[101.456s][info][gc,phases      ] GC(510)   Merge Heap Roots: 0.2ms
[101.456s][info][gc,phases      ] GC(510)   Evacuate Collection Set: 0.3ms
[101.456s][info][gc,phases      ] GC(510)   Post Evacuate Collection Set: 2.2ms
[101.456s][info][gc,phases      ] GC(510)   Other: 0.1ms
[101.456s][info][gc,heap        ] GC(510) Eden regions: 327->0(327)
[101.456s][info][gc,heap        ] GC(510) Survivor regions: 1->1(41)
[101.456s][info][gc,heap        ] GC(510) Old regions: 24->24
[101.456s][info][gc,heap        ] GC(510) Archive regions: 0->0
[101.456s][info][gc,heap        ] GC(510) Humongous regions: 0->0
[101.456s][info][gc,metaspace   ] GC(510) Metaspace: 14262K(15168K)->14262K(15168K) NonClass: 12312K(12928K)->12312K(12928K) Class: 1950K(2240K)->1950K(2240K)
[101.456s][info][gc             ] GC(510) Pause Young (Normal) (G1 Evacuation Pause) 335M->8M(547M) 3.223ms
[101.456s][info][gc,cpu         ] GC(510) User=0.52s Sys=0.00s Real=0.00s
[101.652s][info][gc,start       ] GC(511) Pause Young (Normal) (G1 Evacuation Pause)
[101.652s][info][gc,task        ] GC(511) Using 33 workers of 33 for evacuation
[101.655s][info][gc,phases      ] GC(511)   Pre Evacuate Collection Set: 0.2ms
[101.655s][info][gc,phases      ] GC(511)   Merge Heap Roots: 0.2ms
[101.655s][info][gc,phases      ] GC(511)   Evacuate Collection Set: 0.4ms
[101.655s][info][gc,phases      ] GC(511)   Post Evacuate Collection Set: 2.0ms
[101.655s][info][gc,phases      ] GC(511)   Other: 0.1ms
[101.655s][info][gc,heap        ] GC(511) Eden regions: 327->0(327)
[101.655s][info][gc,heap        ] GC(511) Survivor regions: 1->1(41)
[101.655s][info][gc,heap        ] GC(511) Old regions: 24->24
[101.655s][info][gc,heap        ] GC(511) Archive regions: 0->0
[101.655s][info][gc,heap        ] GC(511) Humongous regions: 0->0
[101.655s][info][gc,metaspace   ] GC(511) Metaspace: 14262K(15168K)->14262K(15168K) NonClass: 12312K(12928K)->12312K(12928K) Class: 1950K(2240K)->1950K(2240K)
[101.655s][info][gc             ] GC(511) Pause Young (Normal) (G1 Evacuation Pause) 335M->8M(547M) 2.996ms
[101.655s][info][gc,cpu         ] GC(511) User=0.00s Sys=0.00s Real=0.00s
[101.849s][info][gc,start       ] GC(512) Pause Young (Normal) (G1 Evacuation Pause)
[101.849s][info][gc,task        ] GC(512) Using 33 workers of 33 for evacuation
[101.852s][info][gc,phases      ] GC(512)   Pre Evacuate Collection Set: 0.1ms
[101.852s][info][gc,phases      ] GC(512)   Merge Heap Roots: 0.2ms
[101.852s][info][gc,phases      ] GC(512)   Evacuate Collection Set: 0.4ms
[101.852s][info][gc,phases      ] GC(512)   Post Evacuate Collection Set: 2.0ms
[101.852s][info][gc,phases      ] GC(512)   Other: 0.1ms
[101.852s][info][gc,heap        ] GC(512) Eden regions: 327->0(327)
[101.852s][info][gc,heap        ] GC(512) Survivor regions: 1->1(41)
[101.852s][info][gc,heap        ] GC(512) Old regions: 24->24
[101.852s][info][gc,heap        ] GC(512) Archive regions: 0->0
[101.852s][info][gc,heap        ] GC(512) Humongous regions: 0->0
[101.852s][info][gc,metaspace   ] GC(512) Metaspace: 14262K(15168K)->14262K(15168K) NonClass: 12312K(12928K)->12312K(12928K) Class: 1950K(2240K)->1950K(2240K)
[101.852s][info][gc             ] GC(512) Pause Young (Normal) (G1 Evacuation Pause) 335M->8M(547M) 3.001ms
[101.852s][info][gc,cpu         ] GC(512) User=0.00s Sys=0.00s Real=0.00s
[102.049s][info][gc,start       ] GC(513) Pause Young (Normal) (G1 Evacuation Pause)
[102.049s][info][gc,task        ] GC(513) Using 33 workers of 33 for evacuation
[102.051s][info][gc,phases      ] GC(513)   Pre Evacuate Collection Set: 0.2ms
[102.051s][info][gc,phases      ] GC(513)   Merge Heap Roots: 0.2ms
[102.051s][info][gc,phases      ] GC(513)   Evacuate Collection Set: 0.4ms
[102.051s][info][gc,phases      ] GC(513)   Post Evacuate Collection Set: 2.1ms
[102.051s][info][gc,phases      ] GC(513)   Other: 0.1ms
[102.052s][info][gc,heap        ] GC(513) Eden regions: 327->0(327)
[102.052s][info][gc,heap        ] GC(513) Survivor regions: 1->1(41)
[102.052s][info][gc,heap        ] GC(513) Old regions: 24->24
[102.052s][info][gc,heap        ] GC(513) Archive regions: 0->0
[102.052s][info][gc,heap        ] GC(513) Humongous regions: 0->0
[102.052s][info][gc,metaspace   ] GC(513) Metaspace: 14262K(15168K)->14262K(15168K) NonClass: 12312K(12928K)->12312K(12928K) Class: 1950K(2240K)->1950K(2240K)
[102.052s][info][gc             ] GC(513) Pause Young (Normal) (G1 Evacuation Pause) 335M->8M(547M) 3.083ms
[102.052s][info][gc,cpu         ] GC(513) User=0.00s Sys=0.00s Real=0.00s
[102.247s][info][gc,start       ] GC(514) Pause Young (Normal) (G1 Evacuation Pause)
[102.248s][info][gc,task        ] GC(514) Using 33 workers of 33 for evacuation
[102.250s][info][gc,phases      ] GC(514)   Pre Evacuate Collection Set: 0.2ms
[102.250s][info][gc,phases      ] GC(514)   Merge Heap Roots: 0.2ms
[102.250s][info][gc,phases      ] GC(514)   Evacuate Collection Set: 0.4ms
[102.250s][info][gc,phases      ] GC(514)   Post Evacuate Collection Set: 2.1ms
[102.251s][info][gc,phases      ] GC(514)   Other: 0.1ms
[102.251s][info][gc,heap        ] GC(514) Eden regions: 327->0(327)
[102.251s][info][gc,heap        ] GC(514) Survivor regions: 1->1(41)
[102.251s][info][gc,heap        ] GC(514) Old regions: 24->24
[102.251s][info][gc,heap        ] GC(514) Archive regions: 0->0
[102.251s][info][gc,heap        ] GC(514) Humongous regions: 0->0
[102.251s][info][gc,metaspace   ] GC(514) Metaspace: 14262K(15168K)->14262K(15168K) NonClass: 12312K(12928K)->12312K(12928K) Class: 1950K(2240K)->1950K(2240K)
[102.251s][info][gc             ] GC(514) Pause Young (Normal) (G1 Evacuation Pause) 335M->8M(547M) 3.120ms
[102.251s][info][gc,cpu         ] GC(514) User=0.52s Sys=0.00s Real=0.00s
[102.444s][info][gc,start       ] GC(515) Pause Young (Normal) (G1 Evacuation Pause)
[102.444s][info][gc,task        ] GC(515) Using 33 workers of 33 for evacuation
[102.447s][info][gc,phases      ] GC(515)   Pre Evacuate Collection Set: 0.2ms
[102.447s][info][gc,phases      ] GC(515)   Merge Heap Roots: 0.2ms
[102.447s][info][gc,phases      ] GC(515)   Evacuate Collection Set: 0.3ms
[102.447s][info][gc,phases      ] GC(515)   Post Evacuate Collection Set: 2.1ms
[102.447s][info][gc,phases      ] GC(515)   Other: 0.1ms
[102.447s][info][gc,heap        ] GC(515) Eden regions: 327->0(327)
[102.447s][info][gc,heap        ] GC(515) Survivor regions: 1->1(41)
[102.447s][info][gc,heap        ] GC(515) Old regions: 24->24
[102.447s][info][gc,heap        ] GC(515) Archive regions: 0->0
[102.447s][info][gc,heap        ] GC(515) Humongous regions: 0->0
[102.447s][info][gc,metaspace   ] GC(515) Metaspace: 14262K(15168K)->14262K(15168K) NonClass: 12312K(12928K)->12312K(12928K) Class: 1950K(2240K)->1950K(2240K)
[102.447s][info][gc             ] GC(515) Pause Young (Normal) (G1 Evacuation Pause) 335M->8M(547M) 3.090ms
[102.447s][info][gc,cpu         ] GC(515) User=0.00s Sys=0.00s Real=0.00s
[102.642s][info][gc,start       ] GC(516) Pause Young (Normal) (G1 Evacuation Pause)
[102.642s][info][gc,task        ] GC(516) Using 33 workers of 33 for evacuation
[102.645s][info][gc,phases      ] GC(516)   Pre Evacuate Collection Set: 0.2ms
[102.645s][info][gc,phases      ] GC(516)   Merge Heap Roots: 0.2ms
[102.645s][info][gc,phases      ] GC(516)   Evacuate Collection Set: 0.3ms
[102.645s][info][gc,phases      ] GC(516)   Post Evacuate Collection Set: 2.1ms
[102.645s][info][gc,phases      ] GC(516)   Other: 0.1ms
[102.645s][info][gc,heap        ] GC(516) Eden regions: 327->0(327)
[102.645s][info][gc,heap        ] GC(516) Survivor regions: 1->1(41)
[102.645s][info][gc,heap        ] GC(516) Old regions: 24->24
[102.645s][info][gc,heap        ] GC(516) Archive regions: 0->0
[102.645s][info][gc,heap        ] GC(516) Humongous regions: 0->0
[102.645s][info][gc,metaspace   ] GC(516) Metaspace: 14262K(15168K)->14262K(15168K) NonClass: 12312K(12928K)->12312K(12928K) Class: 1950K(2240K)->1950K(2240K)
[102.645s][info][gc             ] GC(516) Pause Young (Normal) (G1 Evacuation Pause) 335M->8M(547M) 3.159ms
[102.645s][info][gc,cpu         ] GC(516) User=0.00s Sys=0.00s Real=0.00s
[102.840s][info][gc,start       ] GC(517) Pause Young (Normal) (G1 Evacuation Pause)
[102.840s][info][gc,task        ] GC(517) Using 33 workers of 33 for evacuation
[102.843s][info][gc,phases      ] GC(517)   Pre Evacuate Collection Set: 0.2ms
[102.843s][info][gc,phases      ] GC(517)   Merge Heap Roots: 0.2ms
[102.843s][info][gc,phases      ] GC(517)   Evacuate Collection Set: 0.3ms
[102.843s][info][gc,phases      ] GC(517)   Post Evacuate Collection Set: 2.2ms
[102.843s][info][gc,phases      ] GC(517)   Other: 0.1ms
[102.843s][info][gc,heap        ] GC(517) Eden regions: 327->0(327)
[102.843s][info][gc,heap        ] GC(517) Survivor regions: 1->1(41)
[102.844s][info][gc,heap        ] GC(517) Old regions: 24->24
[102.844s][info][gc,heap        ] GC(517) Archive regions: 0->0
[102.844s][info][gc,heap        ] GC(517) Humongous regions: 0->0
[102.844s][info][gc,metaspace   ] GC(517) Metaspace: 14262K(15168K)->14262K(15168K) NonClass: 12312K(12928K)->12312K(12928K) Class: 1950K(2240K)->1950K(2240K)
[102.844s][info][gc             ] GC(517) Pause Young (Normal) (G1 Evacuation Pause) 335M->8M(547M) 3.171ms
[102.844s][info][gc,cpu         ] GC(517) User=0.00s Sys=0.00s Real=0.00s
[103.038s][info][gc,start       ] GC(518) Pause Young (Normal) (G1 Evacuation Pause)
[103.038s][info][gc,task        ] GC(518) Using 33 workers of 33 for evacuation
[103.041s][info][gc,phases      ] GC(518)   Pre Evacuate Collection Set: 0.2ms
[103.041s][info][gc,phases      ] GC(518)   Merge Heap Roots: 0.2ms
[103.041s][info][gc,phases      ] GC(518)   Evacuate Collection Set: 0.4ms
[103.041s][info][gc,phases      ] GC(518)   Post Evacuate Collection Set: 2.2ms
[103.041s][info][gc,phases      ] GC(518)   Other: 0.1ms
[103.041s][info][gc,heap        ] GC(518) Eden regions: 327->0(327)
[103.041s][info][gc,heap        ] GC(518) Survivor regions: 1->1(41)
[103.041s][info][gc,heap        ] GC(518) Old regions: 24->24
[103.041s][info][gc,heap        ] GC(518) Archive regions: 0->0
[103.041s][info][gc,heap        ] GC(518) Humongous regions: 0->0
[103.041s][info][gc,metaspace   ] GC(518) Metaspace: 14262K(15168K)->14262K(15168K) NonClass: 12312K(12928K)->12312K(12928K) Class: 1950K(2240K)->1950K(2240K)
[103.041s][info][gc             ] GC(518) Pause Young (Normal) (G1 Evacuation Pause) 335M->8M(547M) 3.200ms
[103.041s][info][gc,cpu         ] GC(518) User=0.00s Sys=0.00s Real=0.00s
[103.236s][info][gc,start       ] GC(519) Pause Young (Normal) (G1 Evacuation Pause)
[103.236s][info][gc,task        ] GC(519) Using 33 workers of 33 for evacuation
[103.239s][info][gc,phases      ] GC(519)   Pre Evacuate Collection Set: 0.1ms
[103.239s][info][gc,phases      ] GC(519)   Merge Heap Roots: 0.2ms
[103.239s][info][gc,phases      ] GC(519)   Evacuate Collection Set: 0.3ms
[103.239s][info][gc,phases      ] GC(519)   Post Evacuate Collection Set: 2.2ms
[103.239s][info][gc,phases      ] GC(519)   Other: 0.1ms
[103.239s][info][gc,heap        ] GC(519) Eden regions: 327->0(327)
[103.239s][info][gc,heap        ] GC(519) Survivor regions: 1->1(41)
[103.239s][info][gc,heap        ] GC(519) Old regions: 24->24
[103.239s][info][gc,heap        ] GC(519) Archive regions: 0->0
[103.239s][info][gc,heap        ] GC(519) Humongous regions: 0->0
[103.239s][info][gc,metaspace   ] GC(519) Metaspace: 14262K(15168K)->14262K(15168K) NonClass: 12312K(12928K)->12312K(12928K) Class: 1950K(2240K)->1950K(2240K)
[103.239s][info][gc             ] GC(519) Pause Young (Normal) (G1 Evacuation Pause) 335M->8M(547M) 3.201ms
[103.240s][info][gc,cpu         ] GC(519) User=0.00s Sys=0.00s Real=0.00s
[103.434s][info][gc,start       ] GC(520) Pause Young (Normal) (G1 Evacuation Pause)
[103.434s][info][gc,task        ] GC(520) Using 33 workers of 33 for evacuation
[103.437s][info][gc,phases      ] GC(520)   Pre Evacuate Collection Set: 0.2ms
[103.437s][info][gc,phases      ] GC(520)   Merge Heap Roots: 0.2ms
[103.437s][info][gc,phases      ] GC(520)   Evacuate Collection Set: 0.3ms
[103.437s][info][gc,phases      ] GC(520)   Post Evacuate Collection Set: 2.3ms
[103.437s][info][gc,phases      ] GC(520)   Other: 0.1ms
[103.437s][info][gc,heap        ] GC(520) Eden regions: 327->0(327)
[103.437s][info][gc,heap        ] GC(520) Survivor regions: 1->1(41)
[103.437s][info][gc,heap        ] GC(520) Old regions: 24->24
[103.437s][info][gc,heap        ] GC(520) Archive regions: 0->0
[103.437s][info][gc,heap        ] GC(520) Humongous regions: 0->0
[103.437s][info][gc,metaspace   ] GC(520) Metaspace: 14262K(15168K)->14262K(15168K) NonClass: 12312K(12928K)->12312K(12928K) Class: 1950K(2240K)->1950K(2240K)
[103.437s][info][gc             ] GC(520) Pause Young (Normal) (G1 Evacuation Pause) 335M->8M(547M) 3.305ms
[103.437s][info][gc,cpu         ] GC(520) User=0.00s Sys=0.00s Real=0.00s
[103.632s][info][gc,start       ] GC(521) Pause Young (Normal) (G1 Evacuation Pause)
[103.632s][info][gc,task        ] GC(521) Using 33 workers of 33 for evacuation
[103.635s][info][gc,phases      ] GC(521)   Pre Evacuate Collection Set: 0.1ms
[103.635s][info][gc,phases      ] GC(521)   Merge Heap Roots: 0.2ms
[103.635s][info][gc,phases      ] GC(521)   Evacuate Collection Set: 0.4ms
[103.635s][info][gc,phases      ] GC(521)   Post Evacuate Collection Set: 2.3ms
[103.635s][info][gc,phases      ] GC(521)   Other: 0.1ms
[103.635s][info][gc,heap        ] GC(521) Eden regions: 327->0(327)
[103.635s][info][gc,heap        ] GC(521) Survivor regions: 1->1(41)
[103.635s][info][gc,heap        ] GC(521) Old regions: 24->24
[103.635s][info][gc,heap        ] GC(521) Archive regions: 0->0
[103.635s][info][gc,heap        ] GC(521) Humongous regions: 0->0
[103.635s][info][gc,metaspace   ] GC(521) Metaspace: 14262K(15168K)->14262K(15168K) NonClass: 12312K(12928K)->12312K(12928K) Class: 1950K(2240K)->1950K(2240K)
[103.635s][info][gc             ] GC(521) Pause Young (Normal) (G1 Evacuation Pause) 335M->8M(547M) 3.350ms
[103.635s][info][gc,cpu         ] GC(521) User=0.00s Sys=0.00s Real=0.00s
[103.832s][info][gc,start       ] GC(522) Pause Young (Normal) (G1 Evacuation Pause)
[103.832s][info][gc,task        ] GC(522) Using 33 workers of 33 for evacuation
[103.835s][info][gc,phases      ] GC(522)   Pre Evacuate Collection Set: 0.2ms
[103.835s][info][gc,phases      ] GC(522)   Merge Heap Roots: 0.1ms
[103.835s][info][gc,phases      ] GC(522)   Evacuate Collection Set: 0.4ms
[103.835s][info][gc,phases      ] GC(522)   Post Evacuate Collection Set: 2.4ms
[103.835s][info][gc,phases      ] GC(522)   Other: 0.1ms
[103.835s][info][gc,heap        ] GC(522) Eden regions: 327->0(327)
[103.835s][info][gc,heap        ] GC(522) Survivor regions: 1->1(41)
[103.835s][info][gc,heap        ] GC(522) Old regions: 24->25
[103.835s][info][gc,heap        ] GC(522) Archive regions: 0->0
[103.835s][info][gc,heap        ] GC(522) Humongous regions: 0->0
[103.835s][info][gc,metaspace   ] GC(522) Metaspace: 14262K(15168K)->14262K(15168K) NonClass: 12312K(12928K)->12312K(12928K) Class: 1950K(2240K)->1950K(2240K)
[103.835s][info][gc             ] GC(522) Pause Young (Normal) (G1 Evacuation Pause) 335M->8M(547M) 3.352ms
[103.835s][info][gc,cpu         ] GC(522) User=0.00s Sys=0.00s Real=0.00s
[104.031s][info][gc,start       ] GC(523) Pause Young (Normal) (G1 Evacuation Pause)
[104.031s][info][gc,task        ] GC(523) Using 33 workers of 33 for evacuation
[104.034s][info][gc,phases      ] GC(523)   Pre Evacuate Collection Set: 0.2ms
[104.034s][info][gc,phases      ] GC(523)   Merge Heap Roots: 0.2ms
[104.034s][info][gc,phases      ] GC(523)   Evacuate Collection Set: 0.3ms
[104.034s][info][gc,phases      ] GC(523)   Post Evacuate Collection Set: 2.4ms
[104.034s][info][gc,phases      ] GC(523)   Other: 0.1ms
[104.034s][info][gc,heap        ] GC(523) Eden regions: 327->0(327)
[104.034s][info][gc,heap        ] GC(523) Survivor regions: 1->1(41)
[104.034s][info][gc,heap        ] GC(523) Old regions: 25->25
[104.034s][info][gc,heap        ] GC(523) Archive regions: 0->0
[104.034s][info][gc,heap        ] GC(523) Humongous regions: 0->0
[104.034s][info][gc,metaspace   ] GC(523) Metaspace: 14262K(15168K)->14262K(15168K) NonClass: 12312K(12928K)->12312K(12928K) Class: 1950K(2240K)->1950K(2240K)
[104.034s][info][gc             ] GC(523) Pause Young (Normal) (G1 Evacuation Pause) 335M->8M(547M) 3.445ms
[104.034s][info][gc,cpu         ] GC(523) User=0.00s Sys=0.02s Real=0.00s
[104.229s][info][gc,start       ] GC(524) Pause Young (Normal) (G1 Evacuation Pause)
[104.229s][info][gc,task        ] GC(524) Using 33 workers of 33 for evacuation
[104.232s][info][gc,phases      ] GC(524)   Pre Evacuate Collection Set: 0.2ms
[104.232s][info][gc,phases      ] GC(524)   Merge Heap Roots: 0.2ms
[104.232s][info][gc,phases      ] GC(524)   Evacuate Collection Set: 0.3ms
[104.232s][info][gc,phases      ] GC(524)   Post Evacuate Collection Set: 2.4ms
[104.232s][info][gc,phases      ] GC(524)   Other: 0.1ms
[104.232s][info][gc,heap        ] GC(524) Eden regions: 327->0(327)
[104.232s][info][gc,heap        ] GC(524) Survivor regions: 1->1(41)
[104.232s][info][gc,heap        ] GC(524) Old regions: 25->25
[104.232s][info][gc,heap        ] GC(524) Archive regions: 0->0
[104.232s][info][gc,heap        ] GC(524) Humongous regions: 0->0
[104.232s][info][gc,metaspace   ] GC(524) Metaspace: 14262K(15168K)->14262K(15168K) NonClass: 12312K(12928K)->12312K(12928K) Class: 1950K(2240K)->1950K(2240K)
[104.232s][info][gc             ] GC(524) Pause Young (Normal) (G1 Evacuation Pause) 335M->8M(547M) 3.437ms
[104.232s][info][gc,cpu         ] GC(524) User=0.00s Sys=0.00s Real=0.01s
[104.427s][info][gc,start       ] GC(525) Pause Young (Normal) (G1 Evacuation Pause)
[104.427s][info][gc,task        ] GC(525) Using 33 workers of 33 for evacuation
[104.430s][info][gc,phases      ] GC(525)   Pre Evacuate Collection Set: 0.2ms
[104.430s][info][gc,phases      ] GC(525)   Merge Heap Roots: 0.2ms
[104.430s][info][gc,phases      ] GC(525)   Evacuate Collection Set: 0.3ms
[104.430s][info][gc,phases      ] GC(525)   Post Evacuate Collection Set: 2.4ms
[104.430s][info][gc,phases      ] GC(525)   Other: 0.1ms
[104.430s][info][gc,heap        ] GC(525) Eden regions: 327->0(327)
[104.430s][info][gc,heap        ] GC(525) Survivor regions: 1->1(41)
[104.430s][info][gc,heap        ] GC(525) Old regions: 25->25
[104.430s][info][gc,heap        ] GC(525) Archive regions: 0->0
[104.430s][info][gc,heap        ] GC(525) Humongous regions: 0->0
[104.430s][info][gc,metaspace   ] GC(525) Metaspace: 14262K(15168K)->14262K(15168K) NonClass: 12312K(12928K)->12312K(12928K) Class: 1950K(2240K)->1950K(2240K)
[104.430s][info][gc             ] GC(525) Pause Young (Normal) (G1 Evacuation Pause) 335M->8M(547M) 3.419ms
[104.430s][info][gc,cpu         ] GC(525) User=0.00s Sys=0.00s Real=0.00s
[104.769s][info][gc,start       ] GC(526) Pause Young (Normal) (G1 Evacuation Pause)
[104.769s][info][gc,task        ] GC(526) Using 33 workers of 33 for evacuation
[104.774s][info][gc,phases      ] GC(526)   Pre Evacuate Collection Set: 0.2ms
[104.774s][info][gc,phases      ] GC(526)   Merge Heap Roots: 0.3ms
[104.774s][info][gc,phases      ] GC(526)   Evacuate Collection Set: 0.6ms
[104.774s][info][gc,phases      ] GC(526)   Post Evacuate Collection Set: 3.3ms
[104.774s][info][gc,phases      ] GC(526)   Other: 0.2ms
[104.774s][info][gc,heap        ] GC(526) Eden regions: 327->0(327)
[104.774s][info][gc,heap        ] GC(526) Survivor regions: 1->1(41)
[104.774s][info][gc,heap        ] GC(526) Old regions: 25->25
[104.774s][info][gc,heap        ] GC(526) Archive regions: 0->0
[104.774s][info][gc,heap        ] GC(526) Humongous regions: 0->0
[104.774s][info][gc,metaspace   ] GC(526) Metaspace: 14262K(15168K)->14262K(15168K) NonClass: 12312K(12928K)->12312K(12928K) Class: 1950K(2240K)->1950K(2240K)
[104.774s][info][gc             ] GC(526) Pause Young (Normal) (G1 Evacuation Pause) 335M->8M(547M) 5.053ms
[104.774s][info][gc,cpu         ] GC(526) User=0.00s Sys=0.00s Real=0.00s
[104.974s][info][gc,start       ] GC(527) Pause Young (Normal) (G1 Evacuation Pause)
[104.974s][info][gc,task        ] GC(527) Using 33 workers of 33 for evacuation
[104.977s][info][gc,phases      ] GC(527)   Pre Evacuate Collection Set: 0.2ms
[104.977s][info][gc,phases      ] GC(527)   Merge Heap Roots: 0.2ms
[104.977s][info][gc,phases      ] GC(527)   Evacuate Collection Set: 0.3ms
[104.977s][info][gc,phases      ] GC(527)   Post Evacuate Collection Set: 2.3ms
[104.977s][info][gc,phases      ] GC(527)   Other: 0.1ms
[104.977s][info][gc,heap        ] GC(527) Eden regions: 327->0(327)
[104.977s][info][gc,heap        ] GC(527) Survivor regions: 1->1(41)
[104.977s][info][gc,heap        ] GC(527) Old regions: 25->25
[104.977s][info][gc,heap        ] GC(527) Archive regions: 0->0
[104.977s][info][gc,heap        ] GC(527) Humongous regions: 0->0
[104.977s][info][gc,metaspace   ] GC(527) Metaspace: 14262K(15168K)->14262K(15168K) NonClass: 12312K(12928K)->12312K(12928K) Class: 1950K(2240K)->1950K(2240K)
[104.977s][info][gc             ] GC(527) Pause Young (Normal) (G1 Evacuation Pause) 335M->9M(547M) 3.350ms
[104.977s][info][gc,cpu         ] GC(527) User=0.00s Sys=0.00s Real=0.00s
[105.175s][info][gc,start       ] GC(528) Pause Young (Normal) (G1 Evacuation Pause)
[105.175s][info][gc,task        ] GC(528) Using 33 workers of 33 for evacuation
[105.178s][info][gc,phases      ] GC(528)   Pre Evacuate Collection Set: 0.2ms
[105.178s][info][gc,phases      ] GC(528)   Merge Heap Roots: 0.2ms
[105.178s][info][gc,phases      ] GC(528)   Evacuate Collection Set: 0.3ms
[105.178s][info][gc,phases      ] GC(528)   Post Evacuate Collection Set: 2.1ms
[105.178s][info][gc,phases      ] GC(528)   Other: 0.1ms
[105.178s][info][gc,heap        ] GC(528) Eden regions: 327->0(327)
[105.178s][info][gc,heap        ] GC(528) Survivor regions: 1->1(41)
[105.178s][info][gc,heap        ] GC(528) Old regions: 25->25
[105.178s][info][gc,heap        ] GC(528) Archive regions: 0->0
[105.178s][info][gc,heap        ] GC(528) Humongous regions: 0->0
[105.178s][info][gc,metaspace   ] GC(528) Metaspace: 14262K(15168K)->14262K(15168K) NonClass: 12312K(12928K)->12312K(12928K) Class: 1950K(2240K)->1950K(2240K)
[105.178s][info][gc             ] GC(528) Pause Young (Normal) (G1 Evacuation Pause) 336M->9M(547M) 3.104ms
[105.178s][info][gc,cpu         ] GC(528) User=0.00s Sys=0.00s Real=0.00s
[105.374s][info][gc,start       ] GC(529) Pause Young (Normal) (G1 Evacuation Pause)
[105.374s][info][gc,task        ] GC(529) Using 33 workers of 33 for evacuation
[105.377s][info][gc,phases      ] GC(529)   Pre Evacuate Collection Set: 0.2ms
[105.377s][info][gc,phases      ] GC(529)   Merge Heap Roots: 0.2ms
[105.377s][info][gc,phases      ] GC(529)   Evacuate Collection Set: 0.4ms
[105.377s][info][gc,phases      ] GC(529)   Post Evacuate Collection Set: 2.1ms
[105.377s][info][gc,phases      ] GC(529)   Other: 0.1ms
[105.377s][info][gc,heap        ] GC(529) Eden regions: 327->0(327)
[105.377s][info][gc,heap        ] GC(529) Survivor regions: 1->1(41)
[105.377s][info][gc,heap        ] GC(529) Old regions: 25->25
[105.377s][info][gc,heap        ] GC(529) Archive regions: 0->0
[105.377s][info][gc,heap        ] GC(529) Humongous regions: 0->0
[105.377s][info][gc,metaspace   ] GC(529) Metaspace: 14262K(15168K)->14262K(15168K) NonClass: 12312K(12928K)->12312K(12928K) Class: 1950K(2240K)->1950K(2240K)
[105.377s][info][gc             ] GC(529) Pause Young (Normal) (G1 Evacuation Pause) 336M->9M(547M) 3.120ms
[105.377s][info][gc,cpu         ] GC(529) User=0.52s Sys=0.00s Real=0.00s
[105.573s][info][gc,start       ] GC(530) Pause Young (Normal) (G1 Evacuation Pause)
[105.573s][info][gc,task        ] GC(530) Using 33 workers of 33 for evacuation
[105.576s][info][gc,phases      ] GC(530)   Pre Evacuate Collection Set: 0.2ms
[105.576s][info][gc,phases      ] GC(530)   Merge Heap Roots: 0.2ms
[105.576s][info][gc,phases      ] GC(530)   Evacuate Collection Set: 0.4ms
[105.576s][info][gc,phases      ] GC(530)   Post Evacuate Collection Set: 2.1ms
[105.576s][info][gc,phases      ] GC(530)   Other: 0.1ms
[105.576s][info][gc,heap        ] GC(530) Eden regions: 327->0(327)
[105.576s][info][gc,heap        ] GC(530) Survivor regions: 1->1(41)
[105.576s][info][gc,heap        ] GC(530) Old regions: 25->25
[105.576s][info][gc,heap        ] GC(530) Archive regions: 0->0
[105.576s][info][gc,heap        ] GC(530) Humongous regions: 0->0
[105.576s][info][gc,metaspace   ] GC(530) Metaspace: 14262K(15168K)->14262K(15168K) NonClass: 12312K(12928K)->12312K(12928K) Class: 1950K(2240K)->1950K(2240K)
[105.576s][info][gc             ] GC(530) Pause Young (Normal) (G1 Evacuation Pause) 336M->9M(547M) 3.082ms
[105.576s][info][gc,cpu         ] GC(530) User=0.00s Sys=0.00s Real=0.00s
[105.770s][info][gc,start       ] GC(531) Pause Young (Normal) (G1 Evacuation Pause)
[105.770s][info][gc,task        ] GC(531) Using 33 workers of 33 for evacuation
[105.773s][info][gc,phases      ] GC(531)   Pre Evacuate Collection Set: 0.1ms
[105.773s][info][gc,phases      ] GC(531)   Merge Heap Roots: 0.2ms
[105.773s][info][gc,phases      ] GC(531)   Evacuate Collection Set: 0.4ms
[105.773s][info][gc,phases      ] GC(531)   Post Evacuate Collection Set: 2.0ms
[105.773s][info][gc,phases      ] GC(531)   Other: 0.1ms
[105.773s][info][gc,heap        ] GC(531) Eden regions: 327->0(327)
[105.773s][info][gc,heap        ] GC(531) Survivor regions: 1->1(41)
[105.773s][info][gc,heap        ] GC(531) Old regions: 25->25
[105.773s][info][gc,heap        ] GC(531) Archive regions: 0->0
[105.773s][info][gc,heap        ] GC(531) Humongous regions: 0->0
[105.773s][info][gc,metaspace   ] GC(531) Metaspace: 14262K(15168K)->14262K(15168K) NonClass: 12312K(12928K)->12312K(12928K) Class: 1950K(2240K)->1950K(2240K)
[105.773s][info][gc             ] GC(531) Pause Young (Normal) (G1 Evacuation Pause) 336M->9M(547M) 3.040ms
[105.773s][info][gc,cpu         ] GC(531) User=0.00s Sys=0.00s Real=0.00s
[105.970s][info][gc,start       ] GC(532) Pause Young (Normal) (G1 Evacuation Pause)
[105.970s][info][gc,task        ] GC(532) Using 33 workers of 33 for evacuation
[105.973s][info][gc,phases      ] GC(532)   Pre Evacuate Collection Set: 0.1ms
[105.973s][info][gc,phases      ] GC(532)   Merge Heap Roots: 0.1ms
[105.973s][info][gc,phases      ] GC(532)   Evacuate Collection Set: 0.3ms
[105.973s][info][gc,phases      ] GC(532)   Post Evacuate Collection Set: 2.1ms
[105.973s][info][gc,phases      ] GC(532)   Other: 0.1ms
[105.973s][info][gc,heap        ] GC(532) Eden regions: 327->0(327)
[105.973s][info][gc,heap        ] GC(532) Survivor regions: 1->1(41)
[105.973s][info][gc,heap        ] GC(532) Old regions: 25->25
[105.973s][info][gc,heap        ] GC(532) Archive regions: 0->0
[105.973s][info][gc,heap        ] GC(532) Humongous regions: 0->0
[105.973s][info][gc,metaspace   ] GC(532) Metaspace: 14262K(15168K)->14262K(15168K) NonClass: 12312K(12928K)->12312K(12928K) Class: 1950K(2240K)->1950K(2240K)
[105.973s][info][gc             ] GC(532) Pause Young (Normal) (G1 Evacuation Pause) 336M->9M(547M) 3.033ms
[105.973s][info][gc,cpu         ] GC(532) User=0.52s Sys=0.02s Real=0.01s
[106.167s][info][gc,start       ] GC(533) Pause Young (Normal) (G1 Evacuation Pause)
[106.167s][info][gc,task        ] GC(533) Using 33 workers of 33 for evacuation
[106.170s][info][gc,phases      ] GC(533)   Pre Evacuate Collection Set: 0.1ms
[106.170s][info][gc,phases      ] GC(533)   Merge Heap Roots: 0.2ms
[106.170s][info][gc,phases      ] GC(533)   Evacuate Collection Set: 0.3ms
[106.170s][info][gc,phases      ] GC(533)   Post Evacuate Collection Set: 2.1ms
[106.170s][info][gc,phases      ] GC(533)   Other: 0.1ms
[106.170s][info][gc,heap        ] GC(533) Eden regions: 327->0(327)
[106.170s][info][gc,heap        ] GC(533) Survivor regions: 1->1(41)
[106.170s][info][gc,heap        ] GC(533) Old regions: 25->25
[106.170s][info][gc,heap        ] GC(533) Archive regions: 0->0
[106.170s][info][gc,heap        ] GC(533) Humongous regions: 0->0
[106.170s][info][gc,metaspace   ] GC(533) Metaspace: 14262K(15168K)->14262K(15168K) NonClass: 12312K(12928K)->12312K(12928K) Class: 1950K(2240K)->1950K(2240K)
[106.170s][info][gc             ] GC(533) Pause Young (Normal) (G1 Evacuation Pause) 336M->9M(547M) 3.073ms
[106.170s][info][gc,cpu         ] GC(533) User=0.00s Sys=0.00s Real=0.00s
[106.365s][info][gc,start       ] GC(534) Pause Young (Normal) (G1 Evacuation Pause)
[106.365s][info][gc,task        ] GC(534) Using 33 workers of 33 for evacuation
[106.368s][info][gc,phases      ] GC(534)   Pre Evacuate Collection Set: 0.2ms
[106.368s][info][gc,phases      ] GC(534)   Merge Heap Roots: 0.2ms
[106.368s][info][gc,phases      ] GC(534)   Evacuate Collection Set: 0.3ms
[106.368s][info][gc,phases      ] GC(534)   Post Evacuate Collection Set: 2.1ms
[106.368s][info][gc,phases      ] GC(534)   Other: 0.1ms
[106.368s][info][gc,heap        ] GC(534) Eden regions: 327->0(327)
[106.368s][info][gc,heap        ] GC(534) Survivor regions: 1->1(41)
[106.368s][info][gc,heap        ] GC(534) Old regions: 25->25
[106.368s][info][gc,heap        ] GC(534) Archive regions: 0->0
[106.368s][info][gc,heap        ] GC(534) Humongous regions: 0->0
[106.368s][info][gc,metaspace   ] GC(534) Metaspace: 14262K(15168K)->14262K(15168K) NonClass: 12312K(12928K)->12312K(12928K) Class: 1950K(2240K)->1950K(2240K)
[106.368s][info][gc             ] GC(534) Pause Young (Normal) (G1 Evacuation Pause) 336M->9M(547M) 3.114ms
[106.368s][info][gc,cpu         ] GC(534) User=0.00s Sys=0.00s Real=0.00s
[106.563s][info][gc,start       ] GC(535) Pause Young (Normal) (G1 Evacuation Pause)
[106.576s][info][gc,task        ] GC(535) Using 33 workers of 33 for evacuation
[106.579s][info][gc,phases      ] GC(535)   Pre Evacuate Collection Set: 0.1ms
[106.579s][info][gc,phases      ] GC(535)   Merge Heap Roots: 0.2ms
[106.579s][info][gc,phases      ] GC(535)   Evacuate Collection Set: 0.3ms
[106.579s][info][gc,phases      ] GC(535)   Post Evacuate Collection Set: 2.2ms
[106.579s][info][gc,phases      ] GC(535)   Other: 0.1ms
[106.579s][info][gc,heap        ] GC(535) Eden regions: 327->0(327)
[106.579s][info][gc,heap        ] GC(535) Survivor regions: 1->1(41)
[106.579s][info][gc,heap        ] GC(535) Old regions: 25->25
[106.579s][info][gc,heap        ] GC(535) Archive regions: 0->0
[106.579s][info][gc,heap        ] GC(535) Humongous regions: 0->0
[106.579s][info][gc,metaspace   ] GC(535) Metaspace: 14262K(15168K)->14262K(15168K) NonClass: 12312K(12928K)->12312K(12928K) Class: 1950K(2240K)->1950K(2240K)
[106.579s][info][gc             ] GC(535) Pause Young (Normal) (G1 Evacuation Pause) 336M->9M(547M) 15.466ms
[106.579s][info][gc,cpu         ] GC(535) User=0.00s Sys=0.00s Real=0.00s
[106.774s][info][gc,start       ] GC(536) Pause Young (Normal) (G1 Evacuation Pause)
[106.774s][info][gc,task        ] GC(536) Using 33 workers of 33 for evacuation
[106.777s][info][gc,phases      ] GC(536)   Pre Evacuate Collection Set: 0.2ms
[106.777s][info][gc,phases      ] GC(536)   Merge Heap Roots: 0.2ms
[106.777s][info][gc,phases      ] GC(536)   Evacuate Collection Set: 0.3ms
[106.777s][info][gc,phases      ] GC(536)   Post Evacuate Collection Set: 2.2ms
[106.777s][info][gc,phases      ] GC(536)   Other: 0.1ms
[106.777s][info][gc,heap        ] GC(536) Eden regions: 327->0(327)
[106.777s][info][gc,heap        ] GC(536) Survivor regions: 1->1(41)
[106.777s][info][gc,heap        ] GC(536) Old regions: 25->25
[106.777s][info][gc,heap        ] GC(536) Archive regions: 0->0
[106.777s][info][gc,heap        ] GC(536) Humongous regions: 0->0
[106.777s][info][gc,metaspace   ] GC(536) Metaspace: 14262K(15168K)->14262K(15168K) NonClass: 12312K(12928K)->12312K(12928K) Class: 1950K(2240K)->1950K(2240K)
[106.777s][info][gc             ] GC(536) Pause Young (Normal) (G1 Evacuation Pause) 336M->9M(547M) 3.207ms
[106.777s][info][gc,cpu         ] GC(536) User=0.00s Sys=0.00s Real=0.00s
[106.974s][info][gc,start       ] GC(537) Pause Young (Normal) (G1 Evacuation Pause)
[106.974s][info][gc,task        ] GC(537) Using 33 workers of 33 for evacuation
[106.977s][info][gc,phases      ] GC(537)   Pre Evacuate Collection Set: 0.1ms
[106.977s][info][gc,phases      ] GC(537)   Merge Heap Roots: 0.2ms
[106.977s][info][gc,phases      ] GC(537)   Evacuate Collection Set: 0.3ms
[106.977s][info][gc,phases      ] GC(537)   Post Evacuate Collection Set: 2.2ms
[106.977s][info][gc,phases      ] GC(537)   Other: 0.1ms
[106.977s][info][gc,heap        ] GC(537) Eden regions: 327->0(327)
[106.977s][info][gc,heap        ] GC(537) Survivor regions: 1->1(41)
[106.977s][info][gc,heap        ] GC(537) Old regions: 25->25
[106.977s][info][gc,heap        ] GC(537) Archive regions: 0->0
[106.977s][info][gc,heap        ] GC(537) Humongous regions: 0->0
[106.977s][info][gc,metaspace   ] GC(537) Metaspace: 14262K(15168K)->14262K(15168K) NonClass: 12312K(12928K)->12312K(12928K) Class: 1950K(2240K)->1950K(2240K)
[106.977s][info][gc             ] GC(537) Pause Young (Normal) (G1 Evacuation Pause) 336M->9M(547M) 3.174ms
[106.977s][info][gc,cpu         ] GC(537) User=0.00s Sys=0.00s Real=0.00s
[107.177s][info][gc,start       ] GC(538) Pause Young (Normal) (G1 Evacuation Pause)
[107.177s][info][gc,task        ] GC(538) Using 33 workers of 33 for evacuation
[107.180s][info][gc,phases      ] GC(538)   Pre Evacuate Collection Set: 0.2ms
[107.180s][info][gc,phases      ] GC(538)   Merge Heap Roots: 0.2ms
[107.180s][info][gc,phases      ] GC(538)   Evacuate Collection Set: 0.4ms
[107.180s][info][gc,phases      ] GC(538)   Post Evacuate Collection Set: 2.3ms
[107.180s][info][gc,phases      ] GC(538)   Other: 0.1ms
[107.180s][info][gc,heap        ] GC(538) Eden regions: 327->0(327)
[107.180s][info][gc,heap        ] GC(538) Survivor regions: 1->1(41)
[107.180s][info][gc,heap        ] GC(538) Old regions: 25->25
[107.180s][info][gc,heap        ] GC(538) Archive regions: 0->0
[107.180s][info][gc,heap        ] GC(538) Humongous regions: 0->0
[107.180s][info][gc,metaspace   ] GC(538) Metaspace: 14262K(15168K)->14262K(15168K) NonClass: 12312K(12928K)->12312K(12928K) Class: 1950K(2240K)->1950K(2240K)
[107.180s][info][gc             ] GC(538) Pause Young (Normal) (G1 Evacuation Pause) 336M->9M(547M) 3.273ms
[107.180s][info][gc,cpu         ] GC(538) User=0.00s Sys=0.00s Real=0.00s
[107.384s][info][gc,start       ] GC(539) Pause Young (Normal) (G1 Evacuation Pause)
[107.384s][info][gc,task        ] GC(539) Using 33 workers of 33 for evacuation
[107.387s][info][gc,phases      ] GC(539)   Pre Evacuate Collection Set: 0.1ms
[107.387s][info][gc,phases      ] GC(539)   Merge Heap Roots: 0.1ms
[107.387s][info][gc,phases      ] GC(539)   Evacuate Collection Set: 0.4ms
[107.387s][info][gc,phases      ] GC(539)   Post Evacuate Collection Set: 2.3ms
[107.387s][info][gc,phases      ] GC(539)   Other: 0.1ms
[107.387s][info][gc,heap        ] GC(539) Eden regions: 327->0(327)
[107.387s][info][gc,heap        ] GC(539) Survivor regions: 1->1(41)
[107.387s][info][gc,heap        ] GC(539) Old regions: 25->25
[107.387s][info][gc,heap        ] GC(539) Archive regions: 0->0
[107.387s][info][gc,heap        ] GC(539) Humongous regions: 0->0
[107.387s][info][gc,metaspace   ] GC(539) Metaspace: 14262K(15168K)->14262K(15168K) NonClass: 12312K(12928K)->12312K(12928K) Class: 1950K(2240K)->1950K(2240K)
[107.387s][info][gc             ] GC(539) Pause Young (Normal) (G1 Evacuation Pause) 336M->9M(547M) 3.259ms
[107.387s][info][gc,cpu         ] GC(539) User=0.00s Sys=0.00s Real=0.00s
[107.601s][info][gc,start       ] GC(540) Pause Young (Normal) (G1 Evacuation Pause)
[107.601s][info][gc,task        ] GC(540) Using 33 workers of 33 for evacuation
[107.604s][info][gc,phases      ] GC(540)   Pre Evacuate Collection Set: 0.1ms
[107.604s][info][gc,phases      ] GC(540)   Merge Heap Roots: 0.2ms
[107.604s][info][gc,phases      ] GC(540)   Evacuate Collection Set: 0.3ms
[107.604s][info][gc,phases      ] GC(540)   Post Evacuate Collection Set: 2.3ms
[107.604s][info][gc,phases      ] GC(540)   Other: 0.1ms
[107.604s][info][gc,heap        ] GC(540) Eden regions: 327->0(327)
[107.604s][info][gc,heap        ] GC(540) Survivor regions: 1->1(41)
[107.604s][info][gc,heap        ] GC(540) Old regions: 25->25
[107.604s][info][gc,heap        ] GC(540) Archive regions: 0->0
[107.604s][info][gc,heap        ] GC(540) Humongous regions: 0->0
[107.604s][info][gc,metaspace   ] GC(540) Metaspace: 14262K(15168K)->14262K(15168K) NonClass: 12312K(12928K)->12312K(12928K) Class: 1950K(2240K)->1950K(2240K)
[107.604s][info][gc             ] GC(540) Pause Young (Normal) (G1 Evacuation Pause) 336M->9M(547M) 3.311ms
[107.604s][info][gc,cpu         ] GC(540) User=0.00s Sys=0.00s Real=0.00s
[107.830s][info][gc,start       ] GC(541) Pause Young (Normal) (G1 Evacuation Pause)
[107.830s][info][gc,task        ] GC(541) Using 33 workers of 33 for evacuation
[107.834s][info][gc,phases      ] GC(541)   Pre Evacuate Collection Set: 0.1ms
[107.834s][info][gc,phases      ] GC(541)   Merge Heap Roots: 0.1ms
[107.834s][info][gc,phases      ] GC(541)   Evacuate Collection Set: 0.3ms
[107.834s][info][gc,phases      ] GC(541)   Post Evacuate Collection Set: 2.4ms
[107.834s][info][gc,phases      ] GC(541)   Other: 0.1ms
[107.834s][info][gc,heap        ] GC(541) Eden regions: 327->0(327)
[107.834s][info][gc,heap        ] GC(541) Survivor regions: 1->1(41)
[107.834s][info][gc,heap        ] GC(541) Old regions: 25->25
[107.834s][info][gc,heap        ] GC(541) Archive regions: 0->0
[107.834s][info][gc,heap        ] GC(541) Humongous regions: 0->0
[107.834s][info][gc,metaspace   ] GC(541) Metaspace: 14262K(15168K)->14262K(15168K) NonClass: 12312K(12928K)->12312K(12928K) Class: 1950K(2240K)->1950K(2240K)
[107.834s][info][gc             ] GC(541) Pause Young (Normal) (G1 Evacuation Pause) 336M->9M(547M) 3.360ms
[107.834s][info][gc,cpu         ] GC(541) User=0.00s Sys=0.00s Real=0.00s
[108.067s][info][gc,start       ] GC(542) Pause Young (Normal) (G1 Evacuation Pause)
[108.067s][info][gc,task        ] GC(542) Using 33 workers of 33 for evacuation
[108.071s][info][gc,phases      ] GC(542)   Pre Evacuate Collection Set: 0.1ms
[108.071s][info][gc,phases      ] GC(542)   Merge Heap Roots: 0.1ms
[108.071s][info][gc,phases      ] GC(542)   Evacuate Collection Set: 0.4ms
[108.071s][info][gc,phases      ] GC(542)   Post Evacuate Collection Set: 2.5ms
[108.071s][info][gc,phases      ] GC(542)   Other: 0.1ms
[108.071s][info][gc,heap        ] GC(542) Eden regions: 327->0(327)
[108.071s][info][gc,heap        ] GC(542) Survivor regions: 1->1(41)
[108.071s][info][gc,heap        ] GC(542) Old regions: 25->25
[108.071s][info][gc,heap        ] GC(542) Archive regions: 0->0
[108.071s][info][gc,heap        ] GC(542) Humongous regions: 0->0
[108.071s][info][gc,metaspace   ] GC(542) Metaspace: 14262K(15168K)->14262K(15168K) NonClass: 12312K(12928K)->12312K(12928K) Class: 1950K(2240K)->1950K(2240K)
[108.071s][info][gc             ] GC(542) Pause Young (Normal) (G1 Evacuation Pause) 336M->9M(547M) 3.444ms
[108.071s][info][gc,cpu         ] GC(542) User=0.00s Sys=0.00s Real=0.00s
[108.250s][info][gc,start       ] GC(543) Pause Young (Normal) (G1 Evacuation Pause)
[108.266s][info][gc,task        ] GC(543) Using 29 workers of 33 for evacuation
[108.269s][info][gc,phases      ] GC(543)   Pre Evacuate Collection Set: 0.1ms
[108.269s][info][gc,phases      ] GC(543)   Merge Heap Roots: 0.1ms
[108.269s][info][gc,phases      ] GC(543)   Evacuate Collection Set: 0.3ms
[108.269s][info][gc,phases      ] GC(543)   Post Evacuate Collection Set: 2.5ms
[108.269s][info][gc,phases      ] GC(543)   Other: 0.1ms
[108.269s][info][gc,heap        ] GC(543) Eden regions: 327->0(327)
[108.269s][info][gc,heap        ] GC(543) Survivor regions: 1->1(41)
[108.269s][info][gc,heap        ] GC(543) Old regions: 25->26
[108.269s][info][gc,heap        ] GC(543) Archive regions: 0->0
[108.269s][info][gc,heap        ] GC(543) Humongous regions: 0->0
[108.269s][info][gc,metaspace   ] GC(543) Metaspace: 14262K(15168K)->14262K(15168K) NonClass: 12312K(12928K)->12312K(12928K) Class: 1950K(2240K)->1950K(2240K)
[108.270s][info][gc             ] GC(543) Pause Young (Normal) (G1 Evacuation Pause) 336M->9M(547M) 19.413ms
[108.270s][info][gc,cpu         ] GC(543) User=0.00s Sys=0.00s Real=0.01s
[108.507s][info][gc,start       ] GC(544) Pause Full (System.gc())
[108.507s][info][gc,task        ] GC(544) Using 21 workers of 33 for full compaction
[108.508s][info][gc,phases,start] GC(544) Phase 1: Mark live objects
[108.516s][info][gc,phases      ] GC(544) Phase 1: Mark live objects 7.648ms
[108.516s][info][gc,phases,start] GC(544) Phase 2: Prepare compaction
[108.517s][info][gc,phases      ] GC(544) Phase 2: Prepare compaction 1.101ms
[108.517s][info][gc,phases,start] GC(544) Phase 3: Adjust pointers
[108.523s][info][gc,phases      ] GC(544) Phase 3: Adjust pointers 5.871ms
[108.523s][info][gc,phases,start] GC(544) Phase 4: Compact heap
[108.523s][info][gc,phases      ] GC(544) Phase 4: Compact heap 0.541ms
[108.530s][info][gc,heap        ] GC(544) Eden regions: 140->0(42)
[108.530s][info][gc,heap        ] GC(544) Survivor regions: 1->0(41)
[108.530s][info][gc,heap        ] GC(544) Old regions: 26->21
[108.530s][info][gc,heap        ] GC(544) Archive regions: 0->0
[108.530s][info][gc,heap        ] GC(544) Humongous regions: 0->0
[108.530s][info][gc,metaspace   ] GC(544) Metaspace: 14263K(15168K)->14263K(15168K) NonClass: 12313K(12928K)->12313K(12928K) Class: 1950K(2240K)->1950K(2240K)
[108.531s][info][gc             ] GC(544) Pause Full (System.gc()) 149M->5M(70M) 23.927ms
[108.531s][info][gc,cpu         ] GC(544) User=0.02s Sys=0.00s Real=0.02s
[108.564s][info][gc,start       ] GC(545) Pause Young (Normal) (G1 Evacuation Pause)
[108.564s][info][gc,task        ] GC(545) Using 33 workers of 33 for evacuation
[108.567s][info][gc,phases      ] GC(545)   Pre Evacuate Collection Set: 0.1ms
[108.567s][info][gc,phases      ] GC(545)   Merge Heap Roots: 0.1ms
[108.567s][info][gc,phases      ] GC(545)   Evacuate Collection Set: 0.4ms
[108.567s][info][gc,phases      ] GC(545)   Post Evacuate Collection Set: 2.1ms
[108.567s][info][gc,phases      ] GC(545)   Other: 0.1ms
[108.567s][info][gc,heap        ] GC(545) Eden regions: 42->0(40)
[108.567s][info][gc,heap        ] GC(545) Survivor regions: 0->2(6)
[108.567s][info][gc,heap        ] GC(545) Old regions: 21->21
[108.567s][info][gc,heap        ] GC(545) Archive regions: 0->0
[108.567s][info][gc,heap        ] GC(545) Humongous regions: 0->0
[108.567s][info][gc,metaspace   ] GC(545) Metaspace: 14264K(15168K)->14264K(15168K) NonClass: 12314K(12928K)->12314K(12928K) Class: 1950K(2240K)->1950K(2240K)
[108.567s][info][gc             ] GC(545) Pause Young (Normal) (G1 Evacuation Pause) 47M->6M(70M) 2.949ms
[108.567s][info][gc,cpu         ] GC(545) User=0.00s Sys=0.00s Real=0.00s
[108.588s][info][gc,start       ] GC(546) Pause Young (Normal) (G1 Evacuation Pause)
[108.588s][info][gc,task        ] GC(546) Using 33 workers of 33 for evacuation
[108.591s][info][gc,phases      ] GC(546)   Pre Evacuate Collection Set: 0.1ms
[108.591s][info][gc,phases      ] GC(546)   Merge Heap Roots: 0.1ms
[108.591s][info][gc,phases      ] GC(546)   Evacuate Collection Set: 0.4ms
[108.591s][info][gc,phases      ] GC(546)   Post Evacuate Collection Set: 2.0ms
[108.591s][info][gc,phases      ] GC(546)   Other: 0.1ms
[108.591s][info][gc,heap        ] GC(546) Eden regions: 40->0(40)
[108.591s][info][gc,heap        ] GC(546) Survivor regions: 2->2(6)
[108.591s][info][gc,heap        ] GC(546) Old regions: 21->21
[108.591s][info][gc,heap        ] GC(546) Archive regions: 0->0
[108.591s][info][gc,heap        ] GC(546) Humongous regions: 0->0
[108.591s][info][gc,metaspace   ] GC(546) Metaspace: 14264K(15168K)->14264K(15168K) NonClass: 12314K(12928K)->12314K(12928K) Class: 1950K(2240K)->1950K(2240K)
[108.591s][info][gc             ] GC(546) Pause Young (Normal) (G1 Evacuation Pause) 46M->6M(70M) 2.785ms
[108.591s][info][gc,cpu         ] GC(546) User=0.00s Sys=0.00s Real=0.00s
[108.612s][info][gc,start       ] GC(547) Pause Young (Normal) (G1 Evacuation Pause)
[108.612s][info][gc,task        ] GC(547) Using 33 workers of 33 for evacuation
[108.615s][info][gc,phases      ] GC(547)   Pre Evacuate Collection Set: 0.1ms
[108.615s][info][gc,phases      ] GC(547)   Merge Heap Roots: 0.1ms
[108.615s][info][gc,phases      ] GC(547)   Evacuate Collection Set: 0.4ms
[108.615s][info][gc,phases      ] GC(547)   Post Evacuate Collection Set: 2.0ms
[108.615s][info][gc,phases      ] GC(547)   Other: 0.1ms
[108.615s][info][gc,heap        ] GC(547) Eden regions: 40->0(40)
[108.615s][info][gc,heap        ] GC(547) Survivor regions: 2->2(6)
[108.615s][info][gc,heap        ] GC(547) Old regions: 21->21
[108.615s][info][gc,heap        ] GC(547) Archive regions: 0->0
[108.615s][info][gc,heap        ] GC(547) Humongous regions: 0->0
[108.615s][info][gc,metaspace   ] GC(547) Metaspace: 14264K(15168K)->14264K(15168K) NonClass: 12314K(12928K)->12314K(12928K) Class: 1950K(2240K)->1950K(2240K)
[108.615s][info][gc             ] GC(547) Pause Young (Normal) (G1 Evacuation Pause) 46M->6M(70M) 2.802ms
[108.615s][info][gc,cpu         ] GC(547) User=0.00s Sys=0.00s Real=0.00s
[108.636s][info][gc,start       ] GC(548) Pause Young (Normal) (G1 Evacuation Pause)
[108.636s][info][gc,task        ] GC(548) Using 33 workers of 33 for evacuation
[108.641s][info][gc,phases      ] GC(548)   Pre Evacuate Collection Set: 0.1ms
[108.641s][info][gc,phases      ] GC(548)   Merge Heap Roots: 0.1ms
[108.641s][info][gc,phases      ] GC(548)   Evacuate Collection Set: 0.4ms
[108.641s][info][gc,phases      ] GC(548)   Post Evacuate Collection Set: 3.8ms
[108.641s][info][gc,phases      ] GC(548)   Other: 0.1ms
[108.641s][info][gc,heap        ] GC(548) Eden regions: 40->0(326)
[108.641s][info][gc,heap        ] GC(548) Survivor regions: 2->2(6)
[108.641s][info][gc,heap        ] GC(548) Old regions: 21->21
[108.641s][info][gc,heap        ] GC(548) Archive regions: 0->0
[108.641s][info][gc,heap        ] GC(548) Humongous regions: 0->0
[108.641s][info][gc,metaspace   ] GC(548) Metaspace: 14264K(15168K)->14264K(15168K) NonClass: 12314K(12928K)->12314K(12928K) Class: 1950K(2240K)->1950K(2240K)
[108.641s][info][gc             ] GC(548) Pause Young (Normal) (G1 Evacuation Pause) 46M->6M(547M) 4.838ms
[108.641s][info][gc,cpu         ] GC(548) User=0.00s Sys=0.02s Real=0.00s
[108.812s][info][gc,start       ] GC(549) Pause Young (Normal) (G1 Evacuation Pause)
[108.812s][info][gc,task        ] GC(549) Using 33 workers of 33 for evacuation
[108.815s][info][gc,phases      ] GC(549)   Pre Evacuate Collection Set: 0.1ms
[108.815s][info][gc,phases      ] GC(549)   Merge Heap Roots: 0.1ms
[108.815s][info][gc,phases      ] GC(549)   Evacuate Collection Set: 0.4ms
[108.815s][info][gc,phases      ] GC(549)   Post Evacuate Collection Set: 2.1ms
[108.815s][info][gc,phases      ] GC(549)   Other: 0.1ms
[108.815s][info][gc,heap        ] GC(549) Eden regions: 326->0(326)
[108.815s][info][gc,heap        ] GC(549) Survivor regions: 2->2(41)
[108.815s][info][gc,heap        ] GC(549) Old regions: 21->21
[108.815s][info][gc,heap        ] GC(549) Archive regions: 0->0
[108.815s][info][gc,heap        ] GC(549) Humongous regions: 0->0
[108.815s][info][gc,metaspace   ] GC(549) Metaspace: 14264K(15168K)->14264K(15168K) NonClass: 12314K(12928K)->12314K(12928K) Class: 1950K(2240K)->1950K(2240K)
[108.815s][info][gc             ] GC(549) Pause Young (Normal) (G1 Evacuation Pause) 332M->6M(547M) 3.158ms
[108.815s][info][gc,cpu         ] GC(549) User=0.00s Sys=0.00s Real=0.00s
[108.992s][info][gc,start       ] GC(550) Pause Young (Normal) (G1 Evacuation Pause)
[108.992s][info][gc,task        ] GC(550) Using 33 workers of 33 for evacuation
[108.995s][info][gc,phases      ] GC(550)   Pre Evacuate Collection Set: 0.1ms
[108.995s][info][gc,phases      ] GC(550)   Merge Heap Roots: 0.1ms
[108.995s][info][gc,phases      ] GC(550)   Evacuate Collection Set: 0.5ms
[108.995s][info][gc,phases      ] GC(550)   Post Evacuate Collection Set: 2.1ms
[108.995s][info][gc,phases      ] GC(550)   Other: 0.1ms
[108.995s][info][gc,heap        ] GC(550) Eden regions: 326->0(326)
[108.995s][info][gc,heap        ] GC(550) Survivor regions: 2->2(41)
[108.995s][info][gc,heap        ] GC(550) Old regions: 21->21
[108.995s][info][gc,heap        ] GC(550) Archive regions: 0->0
[108.995s][info][gc,heap        ] GC(550) Humongous regions: 0->0
[108.995s][info][gc,metaspace   ] GC(550) Metaspace: 14264K(15168K)->14264K(15168K) NonClass: 12314K(12928K)->12314K(12928K) Class: 1950K(2240K)->1950K(2240K)
[108.995s][info][gc             ] GC(550) Pause Young (Normal) (G1 Evacuation Pause) 332M->6M(547M) 3.091ms
[108.995s][info][gc,cpu         ] GC(550) User=0.00s Sys=0.00s Real=0.00s
[109.169s][info][gc,start       ] GC(551) Pause Young (Normal) (G1 Evacuation Pause)
[109.169s][info][gc,task        ] GC(551) Using 33 workers of 33 for evacuation
[109.171s][info][gc,phases      ] GC(551)   Pre Evacuate Collection Set: 0.1ms
[109.171s][info][gc,phases      ] GC(551)   Merge Heap Roots: 0.1ms
[109.171s][info][gc,phases      ] GC(551)   Evacuate Collection Set: 0.5ms
[109.171s][info][gc,phases      ] GC(551)   Post Evacuate Collection Set: 1.9ms
[109.171s][info][gc,phases      ] GC(551)   Other: 0.1ms
[109.172s][info][gc,heap        ] GC(551) Eden regions: 326->0(326)
[109.172s][info][gc,heap        ] GC(551) Survivor regions: 2->2(41)
[109.172s][info][gc,heap        ] GC(551) Old regions: 21->21
[109.172s][info][gc,heap        ] GC(551) Archive regions: 0->0
[109.172s][info][gc,heap        ] GC(551) Humongous regions: 0->0
[109.172s][info][gc,metaspace   ] GC(551) Metaspace: 14264K(15168K)->14264K(15168K) NonClass: 12314K(12928K)->12314K(12928K) Class: 1950K(2240K)->1950K(2240K)
[109.172s][info][gc             ] GC(551) Pause Young (Normal) (G1 Evacuation Pause) 332M->6M(547M) 2.988ms
[109.172s][info][gc,cpu         ] GC(551) User=0.00s Sys=0.00s Real=0.00s
[109.343s][info][gc,start       ] GC(552) Pause Young (Normal) (G1 Evacuation Pause)
[109.343s][info][gc,task        ] GC(552) Using 33 workers of 33 for evacuation
[109.346s][info][gc,phases      ] GC(552)   Pre Evacuate Collection Set: 0.1ms
[109.346s][info][gc,phases      ] GC(552)   Merge Heap Roots: 0.1ms
[109.346s][info][gc,phases      ] GC(552)   Evacuate Collection Set: 0.5ms
[109.346s][info][gc,phases      ] GC(552)   Post Evacuate Collection Set: 1.9ms
[109.346s][info][gc,phases      ] GC(552)   Other: 0.1ms
[109.346s][info][gc,heap        ] GC(552) Eden regions: 326->0(326)
[109.346s][info][gc,heap        ] GC(552) Survivor regions: 2->2(41)
[109.346s][info][gc,heap        ] GC(552) Old regions: 21->21
[109.346s][info][gc,heap        ] GC(552) Archive regions: 0->0
[109.346s][info][gc,heap        ] GC(552) Humongous regions: 0->0
[109.346s][info][gc,metaspace   ] GC(552) Metaspace: 14264K(15168K)->14264K(15168K) NonClass: 12314K(12928K)->12314K(12928K) Class: 1950K(2240K)->1950K(2240K)
[109.346s][info][gc             ] GC(552) Pause Young (Normal) (G1 Evacuation Pause) 332M->6M(547M) 2.989ms
[109.346s][info][gc,cpu         ] GC(552) User=0.52s Sys=0.00s Real=0.00s
[109.519s][info][gc,start       ] GC(553) Pause Young (Normal) (G1 Evacuation Pause)
[109.519s][info][gc,task        ] GC(553) Using 33 workers of 33 for evacuation
[109.522s][info][gc,phases      ] GC(553)   Pre Evacuate Collection Set: 0.1ms
[109.522s][info][gc,phases      ] GC(553)   Merge Heap Roots: 0.1ms
[109.522s][info][gc,phases      ] GC(553)   Evacuate Collection Set: 0.5ms
[109.522s][info][gc,phases      ] GC(553)   Post Evacuate Collection Set: 2.0ms
[109.522s][info][gc,phases      ] GC(553)   Other: 0.1ms
[109.522s][info][gc,heap        ] GC(553) Eden regions: 326->0(326)
[109.522s][info][gc,heap        ] GC(553) Survivor regions: 2->2(41)
[109.522s][info][gc,heap        ] GC(553) Old regions: 21->21
[109.522s][info][gc,heap        ] GC(553) Archive regions: 0->0
[109.522s][info][gc,heap        ] GC(553) Humongous regions: 0->0
[109.522s][info][gc,metaspace   ] GC(553) Metaspace: 14264K(15168K)->14264K(15168K) NonClass: 12314K(12928K)->12314K(12928K) Class: 1950K(2240K)->1950K(2240K)
[109.522s][info][gc             ] GC(553) Pause Young (Normal) (G1 Evacuation Pause) 332M->6M(547M) 3.069ms
[109.522s][info][gc,cpu         ] GC(553) User=0.00s Sys=0.00s Real=0.00s
[109.695s][info][gc,start       ] GC(554) Pause Young (Normal) (G1 Evacuation Pause)
[109.695s][info][gc,task        ] GC(554) Using 33 workers of 33 for evacuation
[109.697s][info][gc,phases      ] GC(554)   Pre Evacuate Collection Set: 0.1ms
[109.698s][info][gc,phases      ] GC(554)   Merge Heap Roots: 0.1ms
[109.698s][info][gc,phases      ] GC(554)   Evacuate Collection Set: 0.5ms
[109.698s][info][gc,phases      ] GC(554)   Post Evacuate Collection Set: 2.0ms
[109.698s][info][gc,phases      ] GC(554)   Other: 0.1ms
[109.698s][info][gc,heap        ] GC(554) Eden regions: 326->0(326)
[109.698s][info][gc,heap        ] GC(554) Survivor regions: 2->2(41)
[109.698s][info][gc,heap        ] GC(554) Old regions: 21->21
[109.698s][info][gc,heap        ] GC(554) Archive regions: 0->0
[109.698s][info][gc,heap        ] GC(554) Humongous regions: 0->0
[109.698s][info][gc,metaspace   ] GC(554) Metaspace: 14264K(15168K)->14264K(15168K) NonClass: 12314K(12928K)->12314K(12928K) Class: 1950K(2240K)->1950K(2240K)
[109.698s][info][gc             ] GC(554) Pause Young (Normal) (G1 Evacuation Pause) 332M->6M(547M) 3.161ms
[109.698s][info][gc,cpu         ] GC(554) User=0.00s Sys=0.00s Real=0.00s
[109.868s][info][gc,start       ] GC(555) Pause Young (Normal) (G1 Evacuation Pause)
[109.868s][info][gc,task        ] GC(555) Using 33 workers of 33 for evacuation
[109.871s][info][gc,phases      ] GC(555)   Pre Evacuate Collection Set: 0.1ms
[109.871s][info][gc,phases      ] GC(555)   Merge Heap Roots: 0.1ms
[109.871s][info][gc,phases      ] GC(555)   Evacuate Collection Set: 0.5ms
[109.871s][info][gc,phases      ] GC(555)   Post Evacuate Collection Set: 2.1ms
[109.871s][info][gc,phases      ] GC(555)   Other: 0.1ms
[109.871s][info][gc,heap        ] GC(555) Eden regions: 326->0(326)
[109.871s][info][gc,heap        ] GC(555) Survivor regions: 2->2(41)
[109.871s][info][gc,heap        ] GC(555) Old regions: 21->21
[109.871s][info][gc,heap        ] GC(555) Archive regions: 0->0
[109.871s][info][gc,heap        ] GC(555) Humongous regions: 0->0
[109.871s][info][gc,metaspace   ] GC(555) Metaspace: 14264K(15168K)->14264K(15168K) NonClass: 12314K(12928K)->12314K(12928K) Class: 1950K(2240K)->1950K(2240K)
[109.871s][info][gc             ] GC(555) Pause Young (Normal) (G1 Evacuation Pause) 332M->6M(547M) 3.094ms
[109.871s][info][gc,cpu         ] GC(555) User=0.00s Sys=0.00s Real=0.00s
[110.044s][info][gc,start       ] GC(556) Pause Young (Normal) (G1 Evacuation Pause)
[110.044s][info][gc,task        ] GC(556) Using 33 workers of 33 for evacuation
[110.047s][info][gc,phases      ] GC(556)   Pre Evacuate Collection Set: 0.1ms
[110.047s][info][gc,phases      ] GC(556)   Merge Heap Roots: 0.1ms
[110.047s][info][gc,phases      ] GC(556)   Evacuate Collection Set: 0.5ms
[110.047s][info][gc,phases      ] GC(556)   Post Evacuate Collection Set: 2.1ms
[110.047s][info][gc,phases      ] GC(556)   Other: 0.1ms
[110.047s][info][gc,heap        ] GC(556) Eden regions: 326->0(326)
[110.047s][info][gc,heap        ] GC(556) Survivor regions: 2->2(41)
[110.047s][info][gc,heap        ] GC(556) Old regions: 21->21
[110.047s][info][gc,heap        ] GC(556) Archive regions: 0->0
[110.047s][info][gc,heap        ] GC(556) Humongous regions: 0->0
[110.047s][info][gc,metaspace   ] GC(556) Metaspace: 14264K(15168K)->14264K(15168K) NonClass: 12314K(12928K)->12314K(12928K) Class: 1950K(2240K)->1950K(2240K)
[110.047s][info][gc             ] GC(556) Pause Young (Normal) (G1 Evacuation Pause) 332M->6M(547M) 3.183ms
[110.047s][info][gc,cpu         ] GC(556) User=0.00s Sys=0.00s Real=0.00s
[110.221s][info][gc,start       ] GC(557) Pause Young (Normal) (G1 Evacuation Pause)
[110.221s][info][gc,task        ] GC(557) Using 33 workers of 33 for evacuation
[110.224s][info][gc,phases      ] GC(557)   Pre Evacuate Collection Set: 0.1ms
[110.224s][info][gc,phases      ] GC(557)   Merge Heap Roots: 0.1ms
[110.224s][info][gc,phases      ] GC(557)   Evacuate Collection Set: 0.5ms
[110.224s][info][gc,phases      ] GC(557)   Post Evacuate Collection Set: 2.1ms
[110.224s][info][gc,phases      ] GC(557)   Other: 0.1ms
[110.224s][info][gc,heap        ] GC(557) Eden regions: 326->0(326)
[110.224s][info][gc,heap        ] GC(557) Survivor regions: 2->2(41)
[110.224s][info][gc,heap        ] GC(557) Old regions: 21->21
[110.224s][info][gc,heap        ] GC(557) Archive regions: 0->0
[110.224s][info][gc,heap        ] GC(557) Humongous regions: 0->0
[110.224s][info][gc,metaspace   ] GC(557) Metaspace: 14264K(15168K)->14264K(15168K) NonClass: 12314K(12928K)->12314K(12928K) Class: 1950K(2240K)->1950K(2240K)
[110.224s][info][gc             ] GC(557) Pause Young (Normal) (G1 Evacuation Pause) 332M->6M(547M) 3.184ms
[110.224s][info][gc,cpu         ] GC(557) User=0.00s Sys=0.00s Real=0.00s
[110.398s][info][gc,start       ] GC(558) Pause Young (Normal) (G1 Evacuation Pause)
[110.398s][info][gc,task        ] GC(558) Using 33 workers of 33 for evacuation
[110.401s][info][gc,phases      ] GC(558)   Pre Evacuate Collection Set: 0.1ms
[110.401s][info][gc,phases      ] GC(558)   Merge Heap Roots: 0.1ms
[110.401s][info][gc,phases      ] GC(558)   Evacuate Collection Set: 0.5ms
[110.402s][info][gc,phases      ] GC(558)   Post Evacuate Collection Set: 2.2ms
[110.402s][info][gc,phases      ] GC(558)   Other: 0.1ms
[110.402s][info][gc,heap        ] GC(558) Eden regions: 326->0(326)
[110.402s][info][gc,heap        ] GC(558) Survivor regions: 2->2(41)
[110.402s][info][gc,heap        ] GC(558) Old regions: 21->21
[110.402s][info][gc,heap        ] GC(558) Archive regions: 0->0
[110.402s][info][gc,heap        ] GC(558) Humongous regions: 0->0
[110.402s][info][gc,metaspace   ] GC(558) Metaspace: 14264K(15168K)->14264K(15168K) NonClass: 12314K(12928K)->12314K(12928K) Class: 1950K(2240K)->1950K(2240K)
[110.402s][info][gc             ] GC(558) Pause Young (Normal) (G1 Evacuation Pause) 332M->6M(547M) 3.302ms
[110.402s][info][gc,cpu         ] GC(558) User=0.00s Sys=0.00s Real=0.00s
[110.574s][info][gc,start       ] GC(559) Pause Young (Normal) (G1 Evacuation Pause)
[110.574s][info][gc,task        ] GC(559) Using 33 workers of 33 for evacuation
[110.577s][info][gc,phases      ] GC(559)   Pre Evacuate Collection Set: 0.1ms
[110.577s][info][gc,phases      ] GC(559)   Merge Heap Roots: 0.1ms
[110.577s][info][gc,phases      ] GC(559)   Evacuate Collection Set: 0.5ms
[110.577s][info][gc,phases      ] GC(559)   Post Evacuate Collection Set: 2.2ms
[110.577s][info][gc,phases      ] GC(559)   Other: 0.1ms
[110.577s][info][gc,heap        ] GC(559) Eden regions: 326->0(326)
[110.577s][info][gc,heap        ] GC(559) Survivor regions: 2->2(41)
[110.577s][info][gc,heap        ] GC(559) Old regions: 21->21
[110.577s][info][gc,heap        ] GC(559) Archive regions: 0->0
[110.577s][info][gc,heap        ] GC(559) Humongous regions: 0->0
[110.577s][info][gc,metaspace   ] GC(559) Metaspace: 14264K(15168K)->14264K(15168K) NonClass: 12314K(12928K)->12314K(12928K) Class: 1950K(2240K)->1950K(2240K)
[110.577s][info][gc             ] GC(559) Pause Young (Normal) (G1 Evacuation Pause) 332M->7M(547M) 3.259ms
[110.577s][info][gc,cpu         ] GC(559) User=0.00s Sys=0.00s Real=0.00s
[110.751s][info][gc,start       ] GC(560) Pause Young (Normal) (G1 Evacuation Pause)
[110.751s][info][gc,task        ] GC(560) Using 33 workers of 33 for evacuation
[110.754s][info][gc,phases      ] GC(560)   Pre Evacuate Collection Set: 0.1ms
[110.754s][info][gc,phases      ] GC(560)   Merge Heap Roots: 0.1ms
[110.754s][info][gc,phases      ] GC(560)   Evacuate Collection Set: 0.5ms
[110.754s][info][gc,phases      ] GC(560)   Post Evacuate Collection Set: 2.2ms
[110.754s][info][gc,phases      ] GC(560)   Other: 0.1ms
[110.754s][info][gc,heap        ] GC(560) Eden regions: 326->0(327)
[110.754s][info][gc,heap        ] GC(560) Survivor regions: 2->1(41)
[110.754s][info][gc,heap        ] GC(560) Old regions: 21->23
[110.754s][info][gc,heap        ] GC(560) Archive regions: 0->0
[110.754s][info][gc,heap        ] GC(560) Humongous regions: 0->0
[110.754s][info][gc,metaspace   ] GC(560) Metaspace: 14264K(15168K)->14264K(15168K) NonClass: 12314K(12928K)->12314K(12928K) Class: 1950K(2240K)->1950K(2240K)
[110.754s][info][gc             ] GC(560) Pause Young (Normal) (G1 Evacuation Pause) 333M->7M(547M) 3.310ms
[110.754s][info][gc,cpu         ] GC(560) User=0.00s Sys=0.00s Real=0.00s
[110.951s][info][gc,start       ] GC(561) Pause Young (Normal) (G1 Evacuation Pause)
[110.951s][info][gc,task        ] GC(561) Using 33 workers of 33 for evacuation
[110.954s][info][gc,phases      ] GC(561)   Pre Evacuate Collection Set: 0.2ms
[110.954s][info][gc,phases      ] GC(561)   Merge Heap Roots: 0.2ms
[110.954s][info][gc,phases      ] GC(561)   Evacuate Collection Set: 0.3ms
[110.954s][info][gc,phases      ] GC(561)   Post Evacuate Collection Set: 2.3ms
[110.954s][info][gc,phases      ] GC(561)   Other: 0.1ms
[110.954s][info][gc,heap        ] GC(561) Eden regions: 327->0(327)
[110.954s][info][gc,heap        ] GC(561) Survivor regions: 1->1(41)
[110.954s][info][gc,heap        ] GC(561) Old regions: 23->23
[110.954s][info][gc,heap        ] GC(561) Archive regions: 0->0
[110.954s][info][gc,heap        ] GC(561) Humongous regions: 0->0
[110.954s][info][gc,metaspace   ] GC(561) Metaspace: 14264K(15168K)->14264K(15168K) NonClass: 12314K(12928K)->12314K(12928K) Class: 1950K(2240K)->1950K(2240K)
[110.954s][info][gc             ] GC(561) Pause Young (Normal) (G1 Evacuation Pause) 334M->7M(547M) 3.242ms
[110.954s][info][gc,cpu         ] GC(561) User=0.52s Sys=0.00s Real=0.00s
[111.150s][info][gc,start       ] GC(562) Pause Young (Normal) (G1 Evacuation Pause)
[111.150s][info][gc,task        ] GC(562) Using 33 workers of 33 for evacuation
[111.153s][info][gc,phases      ] GC(562)   Pre Evacuate Collection Set: 0.1ms
[111.153s][info][gc,phases      ] GC(562)   Merge Heap Roots: 0.1ms
[111.153s][info][gc,phases      ] GC(562)   Evacuate Collection Set: 0.3ms
[111.153s][info][gc,phases      ] GC(562)   Post Evacuate Collection Set: 2.3ms
[111.153s][info][gc,phases      ] GC(562)   Other: 0.1ms
[111.153s][info][gc,heap        ] GC(562) Eden regions: 327->0(327)
[111.153s][info][gc,heap        ] GC(562) Survivor regions: 1->1(41)
[111.153s][info][gc,heap        ] GC(562) Old regions: 23->23
[111.153s][info][gc,heap        ] GC(562) Archive regions: 0->0
[111.153s][info][gc,heap        ] GC(562) Humongous regions: 0->0
[111.153s][info][gc,metaspace   ] GC(562) Metaspace: 14264K(15168K)->14264K(15168K) NonClass: 12314K(12928K)->12314K(12928K) Class: 1950K(2240K)->1950K(2240K)
[111.153s][info][gc             ] GC(562) Pause Young (Normal) (G1 Evacuation Pause) 334M->7M(547M) 3.284ms
[111.153s][info][gc,cpu         ] GC(562) User=0.00s Sys=0.00s Real=0.00s
[111.350s][info][gc,start       ] GC(563) Pause Young (Normal) (G1 Evacuation Pause)
[111.350s][info][gc,task        ] GC(563) Using 33 workers of 33 for evacuation
[111.353s][info][gc,phases      ] GC(563)   Pre Evacuate Collection Set: 0.2ms
[111.353s][info][gc,phases      ] GC(563)   Merge Heap Roots: 0.1ms
[111.354s][info][gc,phases      ] GC(563)   Evacuate Collection Set: 0.4ms
[111.354s][info][gc,phases      ] GC(563)   Post Evacuate Collection Set: 2.3ms
[111.354s][info][gc,phases      ] GC(563)   Other: 0.1ms
[111.354s][info][gc,heap        ] GC(563) Eden regions: 327->0(327)
[111.354s][info][gc,heap        ] GC(563) Survivor regions: 1->1(41)
[111.354s][info][gc,heap        ] GC(563) Old regions: 23->23
[111.354s][info][gc,heap        ] GC(563) Archive regions: 0->0
[111.354s][info][gc,heap        ] GC(563) Humongous regions: 0->0
[111.354s][info][gc,metaspace   ] GC(563) Metaspace: 14264K(15168K)->14264K(15168K) NonClass: 12314K(12928K)->12314K(12928K) Class: 1950K(2240K)->1950K(2240K)
[111.354s][info][gc             ] GC(563) Pause Young (Normal) (G1 Evacuation Pause) 334M->7M(547M) 3.341ms
[111.354s][info][gc,cpu         ] GC(563) User=0.00s Sys=0.00s Real=0.00s
[111.551s][info][gc,start       ] GC(564) Pause Young (Normal) (G1 Evacuation Pause)
[111.551s][info][gc,task        ] GC(564) Using 33 workers of 33 for evacuation
[111.554s][info][gc,phases      ] GC(564)   Pre Evacuate Collection Set: 0.1ms
[111.555s][info][gc,phases      ] GC(564)   Merge Heap Roots: 0.1ms
[111.555s][info][gc,phases      ] GC(564)   Evacuate Collection Set: 0.3ms
[111.555s][info][gc,phases      ] GC(564)   Post Evacuate Collection Set: 2.4ms
[111.555s][info][gc,phases      ] GC(564)   Other: 0.1ms
[111.555s][info][gc,heap        ] GC(564) Eden regions: 327->0(327)
[111.555s][info][gc,heap        ] GC(564) Survivor regions: 1->1(41)
[111.555s][info][gc,heap        ] GC(564) Old regions: 23->23
[111.555s][info][gc,heap        ] GC(564) Archive regions: 0->0
[111.555s][info][gc,heap        ] GC(564) Humongous regions: 0->0
[111.555s][info][gc,metaspace   ] GC(564) Metaspace: 14264K(15168K)->14264K(15168K) NonClass: 12314K(12928K)->12314K(12928K) Class: 1950K(2240K)->1950K(2240K)
[111.555s][info][gc             ] GC(564) Pause Young (Normal) (G1 Evacuation Pause) 334M->7M(547M) 3.344ms
[111.555s][info][gc,cpu         ] GC(564) User=0.00s Sys=0.00s Real=0.00s
[111.752s][info][gc,start       ] GC(565) Pause Young (Normal) (G1 Evacuation Pause)
[111.752s][info][gc,task        ] GC(565) Using 33 workers of 33 for evacuation
[111.755s][info][gc,phases      ] GC(565)   Pre Evacuate Collection Set: 0.2ms
[111.755s][info][gc,phases      ] GC(565)   Merge Heap Roots: 0.2ms
[111.755s][info][gc,phases      ] GC(565)   Evacuate Collection Set: 0.3ms
[111.755s][info][gc,phases      ] GC(565)   Post Evacuate Collection Set: 2.4ms
[111.755s][info][gc,phases      ] GC(565)   Other: 0.1ms
[111.755s][info][gc,heap        ] GC(565) Eden regions: 327->0(327)
[111.755s][info][gc,heap        ] GC(565) Survivor regions: 1->1(41)
[111.755s][info][gc,heap        ] GC(565) Old regions: 23->23
[111.755s][info][gc,heap        ] GC(565) Archive regions: 0->0
[111.755s][info][gc,heap        ] GC(565) Humongous regions: 0->0
[111.755s][info][gc,metaspace   ] GC(565) Metaspace: 14264K(15168K)->14264K(15168K) NonClass: 12314K(12928K)->12314K(12928K) Class: 1950K(2240K)->1950K(2240K)
[111.755s][info][gc             ] GC(565) Pause Young (Normal) (G1 Evacuation Pause) 334M->7M(547M) 3.424ms
[111.755s][info][gc,cpu         ] GC(565) User=0.00s Sys=0.00s Real=0.00s
[111.951s][info][gc,start       ] GC(566) Pause Young (Normal) (G1 Evacuation Pause)
[111.951s][info][gc,task        ] GC(566) Using 33 workers of 33 for evacuation
[111.954s][info][gc,phases      ] GC(566)   Pre Evacuate Collection Set: 0.2ms
[111.954s][info][gc,phases      ] GC(566)   Merge Heap Roots: 0.2ms
[111.954s][info][gc,phases      ] GC(566)   Evacuate Collection Set: 0.4ms
[111.954s][info][gc,phases      ] GC(566)   Post Evacuate Collection Set: 2.4ms
[111.954s][info][gc,phases      ] GC(566)   Other: 0.1ms
[111.954s][info][gc,heap        ] GC(566) Eden regions: 327->0(327)
[111.954s][info][gc,heap        ] GC(566) Survivor regions: 1->1(41)
[111.954s][info][gc,heap        ] GC(566) Old regions: 23->23
[111.954s][info][gc,heap        ] GC(566) Archive regions: 0->0
[111.954s][info][gc,heap        ] GC(566) Humongous regions: 0->0
[111.954s][info][gc,metaspace   ] GC(566) Metaspace: 14264K(15168K)->14264K(15168K) NonClass: 12314K(12928K)->12314K(12928K) Class: 1950K(2240K)->1950K(2240K)
[111.955s][info][gc             ] GC(566) Pause Young (Normal) (G1 Evacuation Pause) 334M->7M(547M) 3.507ms
[111.955s][info][gc,cpu         ] GC(566) User=0.52s Sys=0.00s Real=0.00s
[112.155s][info][gc,start       ] GC(567) Pause Young (Normal) (G1 Evacuation Pause)
[112.155s][info][gc,task        ] GC(567) Using 33 workers of 33 for evacuation
[112.158s][info][gc,phases      ] GC(567)   Pre Evacuate Collection Set: 0.1ms
[112.158s][info][gc,phases      ] GC(567)   Merge Heap Roots: 0.2ms
[112.158s][info][gc,phases      ] GC(567)   Evacuate Collection Set: 0.3ms
[112.158s][info][gc,phases      ] GC(567)   Post Evacuate Collection Set: 2.5ms
[112.158s][info][gc,phases      ] GC(567)   Other: 0.1ms
[112.158s][info][gc,heap        ] GC(567) Eden regions: 327->0(327)
[112.158s][info][gc,heap        ] GC(567) Survivor regions: 1->1(41)
[112.158s][info][gc,heap        ] GC(567) Old regions: 23->23
[112.158s][info][gc,heap        ] GC(567) Archive regions: 0->0
[112.158s][info][gc,heap        ] GC(567) Humongous regions: 0->0
[112.158s][info][gc,metaspace   ] GC(567) Metaspace: 14264K(15168K)->14264K(15168K) NonClass: 12314K(12928K)->12314K(12928K) Class: 1950K(2240K)->1950K(2240K)
[112.158s][info][gc             ] GC(567) Pause Young (Normal) (G1 Evacuation Pause) 334M->7M(547M) 3.482ms
[112.158s][info][gc,cpu         ] GC(567) User=0.00s Sys=0.00s Real=0.00s
[112.400s][info][gc,start       ] GC(568) Pause Young (Normal) (G1 Evacuation Pause)
[112.400s][info][gc,task        ] GC(568) Using 33 workers of 33 for evacuation
[112.404s][info][gc,phases      ] GC(568)   Pre Evacuate Collection Set: 0.2ms
[112.405s][info][gc,phases      ] GC(568)   Merge Heap Roots: 0.3ms
[112.405s][info][gc,phases      ] GC(568)   Evacuate Collection Set: 0.6ms
[112.405s][info][gc,phases      ] GC(568)   Post Evacuate Collection Set: 3.3ms
[112.405s][info][gc,phases      ] GC(568)   Other: 0.2ms
[112.405s][info][gc,heap        ] GC(568) Eden regions: 327->0(327)
[112.405s][info][gc,heap        ] GC(568) Survivor regions: 1->1(41)
[112.405s][info][gc,heap        ] GC(568) Old regions: 23->23
[112.405s][info][gc,heap        ] GC(568) Archive regions: 0->0
[112.405s][info][gc,heap        ] GC(568) Humongous regions: 0->0
[112.405s][info][gc,metaspace   ] GC(568) Metaspace: 14264K(15168K)->14264K(15168K) NonClass: 12314K(12928K)->12314K(12928K) Class: 1950K(2240K)->1950K(2240K)
[112.405s][info][gc             ] GC(568) Pause Young (Normal) (G1 Evacuation Pause) 334M->7M(547M) 5.107ms
[112.405s][info][gc,cpu         ] GC(568) User=0.00s Sys=0.00s Real=0.00s
[112.605s][info][gc,start       ] GC(569) Pause Young (Normal) (G1 Evacuation Pause)
[112.605s][info][gc,task        ] GC(569) Using 33 workers of 33 for evacuation
[112.608s][info][gc,phases      ] GC(569)   Pre Evacuate Collection Set: 0.2ms
[112.608s][info][gc,phases      ] GC(569)   Merge Heap Roots: 0.2ms
[112.608s][info][gc,phases      ] GC(569)   Evacuate Collection Set: 0.3ms
[112.608s][info][gc,phases      ] GC(569)   Post Evacuate Collection Set: 2.4ms
[112.608s][info][gc,phases      ] GC(569)   Other: 0.1ms
[112.608s][info][gc,heap        ] GC(569) Eden regions: 327->0(327)
[112.609s][info][gc,heap        ] GC(569) Survivor regions: 1->1(41)
[112.609s][info][gc,heap        ] GC(569) Old regions: 23->23
[112.609s][info][gc,heap        ] GC(569) Archive regions: 0->0
[112.609s][info][gc,heap        ] GC(569) Humongous regions: 0->0
[112.609s][info][gc,metaspace   ] GC(569) Metaspace: 14264K(15168K)->14264K(15168K) NonClass: 12314K(12928K)->12314K(12928K) Class: 1950K(2240K)->1950K(2240K)
[112.609s][info][gc             ] GC(569) Pause Young (Normal) (G1 Evacuation Pause) 334M->7M(547M) 3.389ms
[112.609s][info][gc,cpu         ] GC(569) User=0.00s Sys=0.00s Real=0.00s
[112.806s][info][gc,start       ] GC(570) Pause Young (Normal) (G1 Evacuation Pause)
[112.806s][info][gc,task        ] GC(570) Using 33 workers of 33 for evacuation
[112.809s][info][gc,phases      ] GC(570)   Pre Evacuate Collection Set: 0.1ms
[112.809s][info][gc,phases      ] GC(570)   Merge Heap Roots: 0.2ms
[112.809s][info][gc,phases      ] GC(570)   Evacuate Collection Set: 0.3ms
[112.809s][info][gc,phases      ] GC(570)   Post Evacuate Collection Set: 2.1ms
[112.809s][info][gc,phases      ] GC(570)   Other: 0.2ms
[112.809s][info][gc,heap        ] GC(570) Eden regions: 327->0(327)
[112.809s][info][gc,heap        ] GC(570) Survivor regions: 1->1(41)
[112.809s][info][gc,heap        ] GC(570) Old regions: 23->23
[112.809s][info][gc,heap        ] GC(570) Archive regions: 0->0
[112.809s][info][gc,heap        ] GC(570) Humongous regions: 0->0
[112.809s][info][gc,metaspace   ] GC(570) Metaspace: 14264K(15168K)->14264K(15168K) NonClass: 12314K(12928K)->12314K(12928K) Class: 1950K(2240K)->1950K(2240K)
[112.809s][info][gc             ] GC(570) Pause Young (Normal) (G1 Evacuation Pause) 334M->7M(547M) 3.146ms
[112.809s][info][gc,cpu         ] GC(570) User=0.00s Sys=0.00s Real=0.00s
[113.006s][info][gc,start       ] GC(571) Pause Young (Normal) (G1 Evacuation Pause)
[113.007s][info][gc,task        ] GC(571) Using 33 workers of 33 for evacuation
[113.009s][info][gc,phases      ] GC(571)   Pre Evacuate Collection Set: 0.2ms
[113.009s][info][gc,phases      ] GC(571)   Merge Heap Roots: 0.1ms
[113.009s][info][gc,phases      ] GC(571)   Evacuate Collection Set: 0.3ms
[113.009s][info][gc,phases      ] GC(571)   Post Evacuate Collection Set: 2.1ms
[113.009s][info][gc,phases      ] GC(571)   Other: 0.1ms
[113.009s][info][gc,heap        ] GC(571) Eden regions: 327->0(327)
[113.009s][info][gc,heap        ] GC(571) Survivor regions: 1->1(41)
[113.009s][info][gc,heap        ] GC(571) Old regions: 23->23
[113.009s][info][gc,heap        ] GC(571) Archive regions: 0->0
[113.009s][info][gc,heap        ] GC(571) Humongous regions: 0->0
[113.009s][info][gc,metaspace   ] GC(571) Metaspace: 14264K(15168K)->14264K(15168K) NonClass: 12314K(12928K)->12314K(12928K) Class: 1950K(2240K)->1950K(2240K)
[113.010s][info][gc             ] GC(571) Pause Young (Normal) (G1 Evacuation Pause) 334M->7M(547M) 3.055ms
[113.010s][info][gc,cpu         ] GC(571) User=0.00s Sys=0.00s Real=0.00s
[113.206s][info][gc,start       ] GC(572) Pause Young (Normal) (G1 Evacuation Pause)
[113.206s][info][gc,task        ] GC(572) Using 33 workers of 33 for evacuation
[113.208s][info][gc,phases      ] GC(572)   Pre Evacuate Collection Set: 0.2ms
[113.209s][info][gc,phases      ] GC(572)   Merge Heap Roots: 0.2ms
[113.209s][info][gc,phases      ] GC(572)   Evacuate Collection Set: 0.3ms
[113.209s][info][gc,phases      ] GC(572)   Post Evacuate Collection Set: 2.1ms
[113.209s][info][gc,phases      ] GC(572)   Other: 0.1ms
[113.209s][info][gc,heap        ] GC(572) Eden regions: 327->0(327)
[113.209s][info][gc,heap        ] GC(572) Survivor regions: 1->1(41)
[113.209s][info][gc,heap        ] GC(572) Old regions: 23->23
[113.209s][info][gc,heap        ] GC(572) Archive regions: 0->0
[113.209s][info][gc,heap        ] GC(572) Humongous regions: 0->0
[113.209s][info][gc,metaspace   ] GC(572) Metaspace: 14264K(15168K)->14264K(15168K) NonClass: 12314K(12928K)->12314K(12928K) Class: 1950K(2240K)->1950K(2240K)
[113.209s][info][gc             ] GC(572) Pause Young (Normal) (G1 Evacuation Pause) 334M->7M(547M) 3.115ms
[113.209s][info][gc,cpu         ] GC(572) User=0.00s Sys=0.00s Real=0.00s
[113.405s][info][gc,start       ] GC(573) Pause Young (Normal) (G1 Evacuation Pause)
[113.405s][info][gc,task        ] GC(573) Using 33 workers of 33 for evacuation
[113.408s][info][gc,phases      ] GC(573)   Pre Evacuate Collection Set: 0.2ms
[113.408s][info][gc,phases      ] GC(573)   Merge Heap Roots: 0.2ms
[113.408s][info][gc,phases      ] GC(573)   Evacuate Collection Set: 0.3ms
[113.408s][info][gc,phases      ] GC(573)   Post Evacuate Collection Set: 2.0ms
[113.408s][info][gc,phases      ] GC(573)   Other: 0.1ms
[113.408s][info][gc,heap        ] GC(573) Eden regions: 327->0(327)
[113.408s][info][gc,heap        ] GC(573) Survivor regions: 1->1(41)
[113.408s][info][gc,heap        ] GC(573) Old regions: 23->23
[113.408s][info][gc,heap        ] GC(573) Archive regions: 0->0
[113.408s][info][gc,heap        ] GC(573) Humongous regions: 0->0
[113.408s][info][gc,metaspace   ] GC(573) Metaspace: 14264K(15168K)->14264K(15168K) NonClass: 12314K(12928K)->12314K(12928K) Class: 1950K(2240K)->1950K(2240K)
[113.408s][info][gc             ] GC(573) Pause Young (Normal) (G1 Evacuation Pause) 334M->7M(547M) 3.010ms
[113.408s][info][gc,cpu         ] GC(573) User=0.52s Sys=0.00s Real=0.00s
[113.603s][info][gc,start       ] GC(574) Pause Young (Normal) (G1 Evacuation Pause)
[113.604s][info][gc,task        ] GC(574) Using 33 workers of 33 for evacuation
[113.606s][info][gc,phases      ] GC(574)   Pre Evacuate Collection Set: 0.2ms
[113.606s][info][gc,phases      ] GC(574)   Merge Heap Roots: 0.1ms
[113.606s][info][gc,phases      ] GC(574)   Evacuate Collection Set: 0.3ms
[113.606s][info][gc,phases      ] GC(574)   Post Evacuate Collection Set: 2.1ms
[113.606s][info][gc,phases      ] GC(574)   Other: 0.1ms
[113.606s][info][gc,heap        ] GC(574) Eden regions: 327->0(327)
[113.606s][info][gc,heap        ] GC(574) Survivor regions: 1->1(41)
[113.606s][info][gc,heap        ] GC(574) Old regions: 23->23
[113.606s][info][gc,heap        ] GC(574) Archive regions: 0->0
[113.606s][info][gc,heap        ] GC(574) Humongous regions: 0->0
[113.606s][info][gc,metaspace   ] GC(574) Metaspace: 14264K(15168K)->14264K(15168K) NonClass: 12314K(12928K)->12314K(12928K) Class: 1950K(2240K)->1950K(2240K)
[113.606s][info][gc             ] GC(574) Pause Young (Normal) (G1 Evacuation Pause) 334M->7M(547M) 3.053ms
[113.606s][info][gc,cpu         ] GC(574) User=0.00s Sys=0.00s Real=0.00s
[113.801s][info][gc,start       ] GC(575) Pause Young (Normal) (G1 Evacuation Pause)
[113.801s][info][gc,task        ] GC(575) Using 33 workers of 33 for evacuation
[113.804s][info][gc,phases      ] GC(575)   Pre Evacuate Collection Set: 0.2ms
[113.804s][info][gc,phases      ] GC(575)   Merge Heap Roots: 0.2ms
[113.804s][info][gc,phases      ] GC(575)   Evacuate Collection Set: 0.4ms
[113.804s][info][gc,phases      ] GC(575)   Post Evacuate Collection Set: 2.1ms
[113.804s][info][gc,phases      ] GC(575)   Other: 0.1ms
[113.804s][info][gc,heap        ] GC(575) Eden regions: 327->0(327)
[113.804s][info][gc,heap        ] GC(575) Survivor regions: 1->1(41)
[113.804s][info][gc,heap        ] GC(575) Old regions: 23->23
[113.804s][info][gc,heap        ] GC(575) Archive regions: 0->0
[113.804s][info][gc,heap        ] GC(575) Humongous regions: 0->0
[113.804s][info][gc,metaspace   ] GC(575) Metaspace: 14264K(15168K)->14264K(15168K) NonClass: 12314K(12928K)->12314K(12928K) Class: 1950K(2240K)->1950K(2240K)
[113.804s][info][gc             ] GC(575) Pause Young (Normal) (G1 Evacuation Pause) 334M->7M(547M) 3.137ms
[113.804s][info][gc,cpu         ] GC(575) User=0.00s Sys=0.00s Real=0.00s
[114.000s][info][gc,start       ] GC(576) Pause Young (Normal) (G1 Evacuation Pause)
[114.001s][info][gc,task        ] GC(576) Using 33 workers of 33 for evacuation
[114.003s][info][gc,phases      ] GC(576)   Pre Evacuate Collection Set: 0.1ms
[114.003s][info][gc,phases      ] GC(576)   Merge Heap Roots: 0.1ms
[114.003s][info][gc,phases      ] GC(576)   Evacuate Collection Set: 0.3ms
[114.003s][info][gc,phases      ] GC(576)   Post Evacuate Collection Set: 2.2ms
[114.004s][info][gc,phases      ] GC(576)   Other: 0.1ms
[114.004s][info][gc,heap        ] GC(576) Eden regions: 327->0(327)
[114.004s][info][gc,heap        ] GC(576) Survivor regions: 1->1(41)
[114.004s][info][gc,heap        ] GC(576) Old regions: 23->24
[114.004s][info][gc,heap        ] GC(576) Archive regions: 0->0
[114.004s][info][gc,heap        ] GC(576) Humongous regions: 0->0
[114.004s][info][gc,metaspace   ] GC(576) Metaspace: 14264K(15168K)->14264K(15168K) NonClass: 12314K(12928K)->12314K(12928K) Class: 1950K(2240K)->1950K(2240K)
[114.004s][info][gc             ] GC(576) Pause Young (Normal) (G1 Evacuation Pause) 334M->7M(547M) 3.128ms
[114.004s][info][gc,cpu         ] GC(576) User=0.00s Sys=0.00s Real=0.00s
[114.201s][info][gc,start       ] GC(577) Pause Young (Normal) (G1 Evacuation Pause)
[114.202s][info][gc,task        ] GC(577) Using 33 workers of 33 for evacuation
[114.204s][info][gc,phases      ] GC(577)   Pre Evacuate Collection Set: 0.2ms
[114.204s][info][gc,phases      ] GC(577)   Merge Heap Roots: 0.1ms
[114.204s][info][gc,phases      ] GC(577)   Evacuate Collection Set: 0.3ms
[114.204s][info][gc,phases      ] GC(577)   Post Evacuate Collection Set: 2.2ms
[114.204s][info][gc,phases      ] GC(577)   Other: 0.1ms
[114.204s][info][gc,heap        ] GC(577) Eden regions: 327->0(327)
[114.204s][info][gc,heap        ] GC(577) Survivor regions: 1->1(41)
[114.204s][info][gc,heap        ] GC(577) Old regions: 24->24
[114.205s][info][gc,heap        ] GC(577) Archive regions: 0->0
[114.205s][info][gc,heap        ] GC(577) Humongous regions: 0->0
[114.205s][info][gc,metaspace   ] GC(577) Metaspace: 14264K(15168K)->14264K(15168K) NonClass: 12314K(12928K)->12314K(12928K) Class: 1950K(2240K)->1950K(2240K)
[114.205s][info][gc             ] GC(577) Pause Young (Normal) (G1 Evacuation Pause) 334M->7M(547M) 3.151ms
[114.205s][info][gc,cpu         ] GC(577) User=0.52s Sys=0.00s Real=0.00s
[114.401s][info][gc,start       ] GC(578) Pause Young (Normal) (G1 Evacuation Pause)
[114.401s][info][gc,task        ] GC(578) Using 33 workers of 33 for evacuation
[114.404s][info][gc,phases      ] GC(578)   Pre Evacuate Collection Set: 0.2ms
[114.404s][info][gc,phases      ] GC(578)   Merge Heap Roots: 0.2ms
[114.404s][info][gc,phases      ] GC(578)   Evacuate Collection Set: 0.4ms
[114.404s][info][gc,phases      ] GC(578)   Post Evacuate Collection Set: 2.2ms
[114.404s][info][gc,phases      ] GC(578)   Other: 0.1ms
[114.404s][info][gc,heap        ] GC(578) Eden regions: 327->0(327)
[114.404s][info][gc,heap        ] GC(578) Survivor regions: 1->1(41)
[114.404s][info][gc,heap        ] GC(578) Old regions: 24->24
[114.404s][info][gc,heap        ] GC(578) Archive regions: 0->0
[114.404s][info][gc,heap        ] GC(578) Humongous regions: 0->0
[114.404s][info][gc,metaspace   ] GC(578) Metaspace: 14264K(15168K)->14264K(15168K) NonClass: 12314K(12928K)->12314K(12928K) Class: 1950K(2240K)->1950K(2240K)
[114.404s][info][gc             ] GC(578) Pause Young (Normal) (G1 Evacuation Pause) 334M->7M(547M) 3.279ms
[114.404s][info][gc,cpu         ] GC(578) User=0.00s Sys=0.00s Real=0.00s
[114.600s][info][gc,start       ] GC(579) Pause Young (Normal) (G1 Evacuation Pause)
[114.600s][info][gc,task        ] GC(579) Using 33 workers of 33 for evacuation
[114.603s][info][gc,phases      ] GC(579)   Pre Evacuate Collection Set: 0.2ms
[114.603s][info][gc,phases      ] GC(579)   Merge Heap Roots: 0.1ms
[114.603s][info][gc,phases      ] GC(579)   Evacuate Collection Set: 0.3ms
[114.603s][info][gc,phases      ] GC(579)   Post Evacuate Collection Set: 2.3ms
[114.603s][info][gc,phases      ] GC(579)   Other: 0.1ms
[114.603s][info][gc,heap        ] GC(579) Eden regions: 327->0(327)
[114.603s][info][gc,heap        ] GC(579) Survivor regions: 1->1(41)
[114.603s][info][gc,heap        ] GC(579) Old regions: 24->24
[114.603s][info][gc,heap        ] GC(579) Archive regions: 0->0
[114.603s][info][gc,heap        ] GC(579) Humongous regions: 0->0
[114.603s][info][gc,metaspace   ] GC(579) Metaspace: 14264K(15168K)->14264K(15168K) NonClass: 12314K(12928K)->12314K(12928K) Class: 1950K(2240K)->1950K(2240K)
[114.603s][info][gc             ] GC(579) Pause Young (Normal) (G1 Evacuation Pause) 334M->7M(547M) 3.254ms
[114.603s][info][gc,cpu         ] GC(579) User=0.00s Sys=0.00s Real=0.00s
[114.800s][info][gc,start       ] GC(580) Pause Young (Normal) (G1 Evacuation Pause)
[114.800s][info][gc,task        ] GC(580) Using 33 workers of 33 for evacuation
[114.803s][info][gc,phases      ] GC(580)   Pre Evacuate Collection Set: 0.1ms
[114.803s][info][gc,phases      ] GC(580)   Merge Heap Roots: 0.2ms
[114.803s][info][gc,phases      ] GC(580)   Evacuate Collection Set: 0.4ms
[114.803s][info][gc,phases      ] GC(580)   Post Evacuate Collection Set: 2.3ms
[114.804s][info][gc,phases      ] GC(580)   Other: 0.1ms
[114.804s][info][gc,heap        ] GC(580) Eden regions: 327->0(327)
[114.804s][info][gc,heap        ] GC(580) Survivor regions: 1->1(41)
[114.804s][info][gc,heap        ] GC(580) Old regions: 24->24
[114.804s][info][gc,heap        ] GC(580) Archive regions: 0->0
[114.804s][info][gc,heap        ] GC(580) Humongous regions: 0->0
[114.804s][info][gc,metaspace   ] GC(580) Metaspace: 14264K(15168K)->14264K(15168K) NonClass: 12314K(12928K)->12314K(12928K) Class: 1950K(2240K)->1950K(2240K)
[114.804s][info][gc             ] GC(580) Pause Young (Normal) (G1 Evacuation Pause) 334M->7M(547M) 3.338ms
[114.804s][info][gc,cpu         ] GC(580) User=0.00s Sys=0.00s Real=0.00s
[115.000s][info][gc,start       ] GC(581) Pause Young (Normal) (G1 Evacuation Pause)
[115.000s][info][gc,task        ] GC(581) Using 33 workers of 33 for evacuation
[115.003s][info][gc,phases      ] GC(581)   Pre Evacuate Collection Set: 0.1ms
[115.003s][info][gc,phases      ] GC(581)   Merge Heap Roots: 0.2ms
[115.003s][info][gc,phases      ] GC(581)   Evacuate Collection Set: 0.3ms
[115.003s][info][gc,phases      ] GC(581)   Post Evacuate Collection Set: 2.4ms
[115.003s][info][gc,phases      ] GC(581)   Other: 0.1ms
[115.003s][info][gc,heap        ] GC(581) Eden regions: 327->0(327)
[115.003s][info][gc,heap        ] GC(581) Survivor regions: 1->1(41)
[115.003s][info][gc,heap        ] GC(581) Old regions: 24->24
[115.003s][info][gc,heap        ] GC(581) Archive regions: 0->0
[115.003s][info][gc,heap        ] GC(581) Humongous regions: 0->0
[115.003s][info][gc,metaspace   ] GC(581) Metaspace: 14264K(15168K)->14264K(15168K) NonClass: 12314K(12928K)->12314K(12928K) Class: 1950K(2240K)->1950K(2240K)
[115.003s][info][gc             ] GC(581) Pause Young (Normal) (G1 Evacuation Pause) 334M->7M(547M) 3.344ms
[115.003s][info][gc,cpu         ] GC(581) User=0.02s Sys=0.00s Real=0.00s
[115.198s][info][gc,start       ] GC(582) Pause Young (Normal) (G1 Evacuation Pause)
[115.198s][info][gc,task        ] GC(582) Using 33 workers of 33 for evacuation
[115.201s][info][gc,phases      ] GC(582)   Pre Evacuate Collection Set: 0.2ms
[115.201s][info][gc,phases      ] GC(582)   Merge Heap Roots: 0.2ms
[115.201s][info][gc,phases      ] GC(582)   Evacuate Collection Set: 0.3ms
[115.201s][info][gc,phases      ] GC(582)   Post Evacuate Collection Set: 2.4ms
[115.201s][info][gc,phases      ] GC(582)   Other: 0.1ms
[115.201s][info][gc,heap        ] GC(582) Eden regions: 327->0(327)
[115.201s][info][gc,heap        ] GC(582) Survivor regions: 1->1(41)
[115.201s][info][gc,heap        ] GC(582) Old regions: 24->24
[115.201s][info][gc,heap        ] GC(582) Archive regions: 0->0
[115.201s][info][gc,heap        ] GC(582) Humongous regions: 0->0
[115.201s][info][gc,metaspace   ] GC(582) Metaspace: 14264K(15168K)->14264K(15168K) NonClass: 12314K(12928K)->12314K(12928K) Class: 1950K(2240K)->1950K(2240K)
[115.201s][info][gc             ] GC(582) Pause Young (Normal) (G1 Evacuation Pause) 334M->8M(547M) 3.344ms
[115.201s][info][gc,cpu         ] GC(582) User=0.00s Sys=0.00s Real=0.00s
[115.396s][info][gc,start       ] GC(583) Pause Young (Normal) (G1 Evacuation Pause)
[115.396s][info][gc,task        ] GC(583) Using 33 workers of 33 for evacuation
[115.399s][info][gc,phases      ] GC(583)   Pre Evacuate Collection Set: 0.2ms
[115.399s][info][gc,phases      ] GC(583)   Merge Heap Roots: 0.2ms
[115.399s][info][gc,phases      ] GC(583)   Evacuate Collection Set: 0.3ms
[115.399s][info][gc,phases      ] GC(583)   Post Evacuate Collection Set: 2.4ms
[115.400s][info][gc,phases      ] GC(583)   Other: 0.1ms
[115.400s][info][gc,heap        ] GC(583) Eden regions: 327->0(327)
[115.400s][info][gc,heap        ] GC(583) Survivor regions: 1->1(41)
[115.400s][info][gc,heap        ] GC(583) Old regions: 24->24
[115.400s][info][gc,heap        ] GC(583) Archive regions: 0->0
[115.400s][info][gc,heap        ] GC(583) Humongous regions: 0->0
[115.400s][info][gc,metaspace   ] GC(583) Metaspace: 14264K(15168K)->14264K(15168K) NonClass: 12314K(12928K)->12314K(12928K) Class: 1950K(2240K)->1950K(2240K)
[115.400s][info][gc             ] GC(583) Pause Young (Normal) (G1 Evacuation Pause) 335M->8M(547M) 3.398ms
[115.400s][info][gc,cpu         ] GC(583) User=0.00s Sys=0.00s Real=0.00s
[115.594s][info][gc,start       ] GC(584) Pause Young (Normal) (G1 Evacuation Pause)
[115.594s][info][gc,task        ] GC(584) Using 33 workers of 33 for evacuation
[115.598s][info][gc,phases      ] GC(584)   Pre Evacuate Collection Set: 0.1ms
[115.598s][info][gc,phases      ] GC(584)   Merge Heap Roots: 0.2ms
[115.598s][info][gc,phases      ] GC(584)   Evacuate Collection Set: 0.3ms
[115.598s][info][gc,phases      ] GC(584)   Post Evacuate Collection Set: 2.5ms
[115.598s][info][gc,phases      ] GC(584)   Other: 0.1ms
[115.598s][info][gc,heap        ] GC(584) Eden regions: 327->0(327)
[115.598s][info][gc,heap        ] GC(584) Survivor regions: 1->1(41)
[115.598s][info][gc,heap        ] GC(584) Old regions: 24->24
[115.598s][info][gc,heap        ] GC(584) Archive regions: 0->0
[115.598s][info][gc,heap        ] GC(584) Humongous regions: 0->0
[115.598s][info][gc,metaspace   ] GC(584) Metaspace: 14264K(15168K)->14264K(15168K) NonClass: 12314K(12928K)->12314K(12928K) Class: 1950K(2240K)->1950K(2240K)
[115.598s][info][gc             ] GC(584) Pause Young (Normal) (G1 Evacuation Pause) 335M->8M(547M) 3.423ms
[115.598s][info][gc,cpu         ] GC(584) User=0.00s Sys=0.00s Real=0.00s
[115.793s][info][gc,start       ] GC(585) Pause Young (Normal) (G1 Evacuation Pause)
[115.793s][info][gc,task        ] GC(585) Using 33 workers of 33 for evacuation
[115.796s][info][gc,phases      ] GC(585)   Pre Evacuate Collection Set: 0.2ms
[115.797s][info][gc,phases      ] GC(585)   Merge Heap Roots: 0.2ms
[115.797s][info][gc,phases      ] GC(585)   Evacuate Collection Set: 0.3ms
[115.797s][info][gc,phases      ] GC(585)   Post Evacuate Collection Set: 2.5ms
[115.797s][info][gc,phases      ] GC(585)   Other: 0.1ms
[115.797s][info][gc,heap        ] GC(585) Eden regions: 327->0(327)
[115.797s][info][gc,heap        ] GC(585) Survivor regions: 1->1(41)
[115.797s][info][gc,heap        ] GC(585) Old regions: 24->24
[115.797s][info][gc,heap        ] GC(585) Archive regions: 0->0
[115.797s][info][gc,heap        ] GC(585) Humongous regions: 0->0
[115.797s][info][gc,metaspace   ] GC(585) Metaspace: 14264K(15168K)->14264K(15168K) NonClass: 12314K(12928K)->12314K(12928K) Class: 1950K(2240K)->1950K(2240K)
[115.797s][info][gc             ] GC(585) Pause Young (Normal) (G1 Evacuation Pause) 335M->8M(547M) 3.496ms
[115.797s][info][gc,cpu         ] GC(585) User=0.00s Sys=0.00s Real=0.00s
[115.992s][info][gc,start       ] GC(586) Pause Young (Normal) (G1 Evacuation Pause)
[115.992s][info][gc,task        ] GC(586) Using 33 workers of 33 for evacuation
[115.996s][info][gc,phases      ] GC(586)   Pre Evacuate Collection Set: 0.2ms
[115.996s][info][gc,phases      ] GC(586)   Merge Heap Roots: 0.2ms
[115.996s][info][gc,phases      ] GC(586)   Evacuate Collection Set: 0.3ms
[115.996s][info][gc,phases      ] GC(586)   Post Evacuate Collection Set: 2.5ms
[115.996s][info][gc,phases      ] GC(586)   Other: 0.1ms
[115.996s][info][gc,heap        ] GC(586) Eden regions: 327->0(327)
[115.996s][info][gc,heap        ] GC(586) Survivor regions: 1->1(41)
[115.996s][info][gc,heap        ] GC(586) Old regions: 24->24
[115.996s][info][gc,heap        ] GC(586) Archive regions: 0->0
[115.996s][info][gc,heap        ] GC(586) Humongous regions: 0->0
[115.996s][info][gc,metaspace   ] GC(586) Metaspace: 14264K(15168K)->14264K(15168K) NonClass: 12314K(12928K)->12314K(12928K) Class: 1950K(2240K)->1950K(2240K)
[115.996s][info][gc             ] GC(586) Pause Young (Normal) (G1 Evacuation Pause) 335M->8M(547M) 3.491ms
[115.996s][info][gc,cpu         ] GC(586) User=0.00s Sys=0.00s Real=0.00s
[116.317s][info][gc,start       ] GC(587) Pause Young (Normal) (G1 Evacuation Pause)
[116.317s][info][gc,task        ] GC(587) Using 33 workers of 33 for evacuation
[116.322s][info][gc,phases      ] GC(587)   Pre Evacuate Collection Set: 0.2ms
[116.322s][info][gc,phases      ] GC(587)   Merge Heap Roots: 0.3ms
[116.322s][info][gc,phases      ] GC(587)   Evacuate Collection Set: 0.5ms
[116.322s][info][gc,phases      ] GC(587)   Post Evacuate Collection Set: 3.4ms
[116.322s][info][gc,phases      ] GC(587)   Other: 0.2ms
[116.322s][info][gc,heap        ] GC(587) Eden regions: 327->0(327)
[116.322s][info][gc,heap        ] GC(587) Survivor regions: 1->1(41)
[116.322s][info][gc,heap        ] GC(587) Old regions: 24->24
[116.322s][info][gc,heap        ] GC(587) Archive regions: 0->0
[116.322s][info][gc,heap        ] GC(587) Humongous regions: 0->0
[116.322s][info][gc,metaspace   ] GC(587) Metaspace: 14264K(15168K)->14264K(15168K) NonClass: 12314K(12928K)->12314K(12928K) Class: 1950K(2240K)->1950K(2240K)
[116.322s][info][gc             ] GC(587) Pause Young (Normal) (G1 Evacuation Pause) 335M->8M(547M) 5.097ms
[116.322s][info][gc,cpu         ] GC(587) User=0.00s Sys=0.00s Real=0.00s
[116.522s][info][gc,start       ] GC(588) Pause Young (Normal) (G1 Evacuation Pause)
[116.522s][info][gc,task        ] GC(588) Using 33 workers of 33 for evacuation
[116.525s][info][gc,phases      ] GC(588)   Pre Evacuate Collection Set: 0.2ms
[116.525s][info][gc,phases      ] GC(588)   Merge Heap Roots: 0.2ms
[116.525s][info][gc,phases      ] GC(588)   Evacuate Collection Set: 0.4ms
[116.525s][info][gc,phases      ] GC(588)   Post Evacuate Collection Set: 2.4ms
[116.525s][info][gc,phases      ] GC(588)   Other: 0.1ms
[116.525s][info][gc,heap        ] GC(588) Eden regions: 327->0(327)
[116.525s][info][gc,heap        ] GC(588) Survivor regions: 1->1(41)
[116.525s][info][gc,heap        ] GC(588) Old regions: 24->24
[116.525s][info][gc,heap        ] GC(588) Archive regions: 0->0
[116.525s][info][gc,heap        ] GC(588) Humongous regions: 0->0
[116.525s][info][gc,metaspace   ] GC(588) Metaspace: 14264K(15168K)->14264K(15168K) NonClass: 12314K(12928K)->12314K(12928K) Class: 1950K(2240K)->1950K(2240K)
[116.525s][info][gc             ] GC(588) Pause Young (Normal) (G1 Evacuation Pause) 335M->8M(547M) 3.405ms
[116.525s][info][gc,cpu         ] GC(588) User=0.00s Sys=0.00s Real=0.00s
[116.724s][info][gc,start       ] GC(589) Pause Young (Normal) (G1 Evacuation Pause)
[116.724s][info][gc,task        ] GC(589) Using 33 workers of 33 for evacuation
[116.727s][info][gc,phases      ] GC(589)   Pre Evacuate Collection Set: 0.2ms
[116.727s][info][gc,phases      ] GC(589)   Merge Heap Roots: 0.2ms
[116.727s][info][gc,phases      ] GC(589)   Evacuate Collection Set: 0.3ms
[116.727s][info][gc,phases      ] GC(589)   Post Evacuate Collection Set: 2.2ms
[116.727s][info][gc,phases      ] GC(589)   Other: 0.1ms
[116.727s][info][gc,heap        ] GC(589) Eden regions: 327->0(327)
[116.727s][info][gc,heap        ] GC(589) Survivor regions: 1->1(41)
[116.727s][info][gc,heap        ] GC(589) Old regions: 24->24
[116.727s][info][gc,heap        ] GC(589) Archive regions: 0->0
[116.727s][info][gc,heap        ] GC(589) Humongous regions: 0->0
[116.727s][info][gc,metaspace   ] GC(589) Metaspace: 14264K(15168K)->14264K(15168K) NonClass: 12314K(12928K)->12314K(12928K) Class: 1950K(2240K)->1950K(2240K)
[116.727s][info][gc             ] GC(589) Pause Young (Normal) (G1 Evacuation Pause) 335M->8M(547M) 3.136ms
[116.727s][info][gc,cpu         ] GC(589) User=0.00s Sys=0.00s Real=0.00s
[116.923s][info][gc,start       ] GC(590) Pause Young (Normal) (G1 Evacuation Pause)
[116.923s][info][gc,task        ] GC(590) Using 33 workers of 33 for evacuation
[116.926s][info][gc,phases      ] GC(590)   Pre Evacuate Collection Set: 0.1ms
[116.926s][info][gc,phases      ] GC(590)   Merge Heap Roots: 0.2ms
[116.926s][info][gc,phases      ] GC(590)   Evacuate Collection Set: 0.4ms
[116.926s][info][gc,phases      ] GC(590)   Post Evacuate Collection Set: 2.2ms
[116.926s][info][gc,phases      ] GC(590)   Other: 0.1ms
[116.926s][info][gc,heap        ] GC(590) Eden regions: 327->0(327)
[116.926s][info][gc,heap        ] GC(590) Survivor regions: 1->1(41)
[116.926s][info][gc,heap        ] GC(590) Old regions: 24->24
[116.926s][info][gc,heap        ] GC(590) Archive regions: 0->0
[116.927s][info][gc,heap        ] GC(590) Humongous regions: 0->0
[116.927s][info][gc,metaspace   ] GC(590) Metaspace: 14264K(15168K)->14264K(15168K) NonClass: 12314K(12928K)->12314K(12928K) Class: 1950K(2240K)->1950K(2240K)
[116.927s][info][gc             ] GC(590) Pause Young (Normal) (G1 Evacuation Pause) 335M->8M(547M) 3.222ms
[116.927s][info][gc,cpu         ] GC(590) User=0.00s Sys=0.00s Real=0.00s
[117.123s][info][gc,start       ] GC(591) Pause Young (Normal) (G1 Evacuation Pause)
[117.123s][info][gc,task        ] GC(591) Using 33 workers of 33 for evacuation
[117.126s][info][gc,phases      ] GC(591)   Pre Evacuate Collection Set: 0.2ms
[117.126s][info][gc,phases      ] GC(591)   Merge Heap Roots: 0.2ms
[117.126s][info][gc,phases      ] GC(591)   Evacuate Collection Set: 0.3ms
[117.126s][info][gc,phases      ] GC(591)   Post Evacuate Collection Set: 2.2ms
[117.126s][info][gc,phases      ] GC(591)   Other: 0.1ms
[117.126s][info][gc,heap        ] GC(591) Eden regions: 327->0(327)
[117.126s][info][gc,heap        ] GC(591) Survivor regions: 1->1(41)
[117.126s][info][gc,heap        ] GC(591) Old regions: 24->24
[117.126s][info][gc,heap        ] GC(591) Archive regions: 0->0
[117.126s][info][gc,heap        ] GC(591) Humongous regions: 0->0
[117.126s][info][gc,metaspace   ] GC(591) Metaspace: 14264K(15168K)->14264K(15168K) NonClass: 12314K(12928K)->12314K(12928K) Class: 1950K(2240K)->1950K(2240K)
[117.126s][info][gc             ] GC(591) Pause Young (Normal) (G1 Evacuation Pause) 335M->8M(547M) 3.183ms
[117.126s][info][gc,cpu         ] GC(591) User=0.52s Sys=0.00s Real=0.00s
[117.322s][info][gc,start       ] GC(592) Pause Young (Normal) (G1 Evacuation Pause)
[117.322s][info][gc,task        ] GC(592) Using 33 workers of 33 for evacuation
[117.325s][info][gc,phases      ] GC(592)   Pre Evacuate Collection Set: 0.2ms
[117.325s][info][gc,phases      ] GC(592)   Merge Heap Roots: 0.2ms
[117.325s][info][gc,phases      ] GC(592)   Evacuate Collection Set: 0.4ms
[117.325s][info][gc,phases      ] GC(592)   Post Evacuate Collection Set: 2.1ms
[117.325s][info][gc,phases      ] GC(592)   Other: 0.1ms
[117.325s][info][gc,heap        ] GC(592) Eden regions: 327->0(327)
[117.325s][info][gc,heap        ] GC(592) Survivor regions: 1->1(41)
[117.325s][info][gc,heap        ] GC(592) Old regions: 24->24
[117.325s][info][gc,heap        ] GC(592) Archive regions: 0->0
[117.325s][info][gc,heap        ] GC(592) Humongous regions: 0->0
[117.325s][info][gc,metaspace   ] GC(592) Metaspace: 14264K(15168K)->14264K(15168K) NonClass: 12314K(12928K)->12314K(12928K) Class: 1950K(2240K)->1950K(2240K)
[117.325s][info][gc             ] GC(592) Pause Young (Normal) (G1 Evacuation Pause) 335M->8M(547M) 3.136ms
[117.325s][info][gc,cpu         ] GC(592) User=0.00s Sys=0.00s Real=0.00s
[117.520s][info][gc,start       ] GC(593) Pause Young (Normal) (G1 Evacuation Pause)
[117.520s][info][gc,task        ] GC(593) Using 33 workers of 33 for evacuation
[117.523s][info][gc,phases      ] GC(593)   Pre Evacuate Collection Set: 0.2ms
[117.523s][info][gc,phases      ] GC(593)   Merge Heap Roots: 0.2ms
[117.523s][info][gc,phases      ] GC(593)   Evacuate Collection Set: 0.4ms
[117.523s][info][gc,phases      ] GC(593)   Post Evacuate Collection Set: 2.2ms
[117.523s][info][gc,phases      ] GC(593)   Other: 0.1ms
[117.523s][info][gc,heap        ] GC(593) Eden regions: 327->0(327)
[117.523s][info][gc,heap        ] GC(593) Survivor regions: 1->1(41)
[117.523s][info][gc,heap        ] GC(593) Old regions: 24->24
[117.523s][info][gc,heap        ] GC(593) Archive regions: 0->0
[117.523s][info][gc,heap        ] GC(593) Humongous regions: 0->0
[117.523s][info][gc,metaspace   ] GC(593) Metaspace: 14264K(15168K)->14264K(15168K) NonClass: 12314K(12928K)->12314K(12928K) Class: 1950K(2240K)->1950K(2240K)
[117.523s][info][gc             ] GC(593) Pause Young (Normal) (G1 Evacuation Pause) 335M->8M(547M) 3.232ms
[117.523s][info][gc,cpu         ] GC(593) User=0.00s Sys=0.00s Real=0.00s
[117.717s][info][gc,start       ] GC(594) Pause Young (Normal) (G1 Evacuation Pause)
[117.717s][info][gc,task        ] GC(594) Using 33 workers of 33 for evacuation
[117.720s][info][gc,phases      ] GC(594)   Pre Evacuate Collection Set: 0.2ms
[117.720s][info][gc,phases      ] GC(594)   Merge Heap Roots: 0.2ms
[117.720s][info][gc,phases      ] GC(594)   Evacuate Collection Set: 0.3ms
[117.720s][info][gc,phases      ] GC(594)   Post Evacuate Collection Set: 2.2ms
[117.720s][info][gc,phases      ] GC(594)   Other: 0.1ms
[117.720s][info][gc,heap        ] GC(594) Eden regions: 327->0(327)
[117.720s][info][gc,heap        ] GC(594) Survivor regions: 1->1(41)
[117.720s][info][gc,heap        ] GC(594) Old regions: 24->24
[117.720s][info][gc,heap        ] GC(594) Archive regions: 0->0
[117.720s][info][gc,heap        ] GC(594) Humongous regions: 0->0
[117.720s][info][gc,metaspace   ] GC(594) Metaspace: 14264K(15168K)->14264K(15168K) NonClass: 12314K(12928K)->12314K(12928K) Class: 1950K(2240K)->1950K(2240K)
[117.720s][info][gc             ] GC(594) Pause Young (Normal) (G1 Evacuation Pause) 335M->8M(547M) 3.144ms
[117.720s][info][gc,cpu         ] GC(594) User=0.52s Sys=0.00s Real=0.00s
[117.916s][info][gc,start       ] GC(595) Pause Young (Normal) (G1 Evacuation Pause)
[117.916s][info][gc,task        ] GC(595) Using 33 workers of 33 for evacuation
[117.919s][info][gc,phases      ] GC(595)   Pre Evacuate Collection Set: 0.2ms
[117.919s][info][gc,phases      ] GC(595)   Merge Heap Roots: 0.2ms
[117.919s][info][gc,phases      ] GC(595)   Evacuate Collection Set: 0.4ms
[117.919s][info][gc,phases      ] GC(595)   Post Evacuate Collection Set: 2.2ms
[117.919s][info][gc,phases      ] GC(595)   Other: 0.1ms
[117.919s][info][gc,heap        ] GC(595) Eden regions: 327->0(327)
[117.919s][info][gc,heap        ] GC(595) Survivor regions: 1->1(41)
[117.919s][info][gc,heap        ] GC(595) Old regions: 24->24
[117.919s][info][gc,heap        ] GC(595) Archive regions: 0->0
[117.919s][info][gc,heap        ] GC(595) Humongous regions: 0->0
[117.919s][info][gc,metaspace   ] GC(595) Metaspace: 14264K(15168K)->14264K(15168K) NonClass: 12314K(12928K)->12314K(12928K) Class: 1950K(2240K)->1950K(2240K)
[117.919s][info][gc             ] GC(595) Pause Young (Normal) (G1 Evacuation Pause) 335M->8M(547M) 3.233ms
[117.919s][info][gc,cpu         ] GC(595) User=0.00s Sys=0.00s Real=0.00s
[118.116s][info][gc,start       ] GC(596) Pause Young (Normal) (G1 Evacuation Pause)
[118.116s][info][gc,task        ] GC(596) Using 33 workers of 33 for evacuation
[118.119s][info][gc,phases      ] GC(596)   Pre Evacuate Collection Set: 0.2ms
[118.119s][info][gc,phases      ] GC(596)   Merge Heap Roots: 0.2ms
[118.119s][info][gc,phases      ] GC(596)   Evacuate Collection Set: 0.3ms
[118.119s][info][gc,phases      ] GC(596)   Post Evacuate Collection Set: 2.3ms
[118.119s][info][gc,phases      ] GC(596)   Other: 0.1ms
[118.119s][info][gc,heap        ] GC(596) Eden regions: 327->0(327)
[118.119s][info][gc,heap        ] GC(596) Survivor regions: 1->1(41)
[118.119s][info][gc,heap        ] GC(596) Old regions: 24->24
[118.119s][info][gc,heap        ] GC(596) Archive regions: 0->0
[118.119s][info][gc,heap        ] GC(596) Humongous regions: 0->0
[118.119s][info][gc,metaspace   ] GC(596) Metaspace: 14264K(15168K)->14264K(15168K) NonClass: 12314K(12928K)->12314K(12928K) Class: 1950K(2240K)->1950K(2240K)
[118.119s][info][gc             ] GC(596) Pause Young (Normal) (G1 Evacuation Pause) 335M->8M(547M) 3.253ms
[118.119s][info][gc,cpu         ] GC(596) User=0.00s Sys=0.00s Real=0.00s
[118.316s][info][gc,start       ] GC(597) Pause Young (Normal) (G1 Evacuation Pause)
[118.316s][info][gc,task        ] GC(597) Using 33 workers of 33 for evacuation
[118.319s][info][gc,phases      ] GC(597)   Pre Evacuate Collection Set: 0.2ms
[118.319s][info][gc,phases      ] GC(597)   Merge Heap Roots: 0.1ms
[118.319s][info][gc,phases      ] GC(597)   Evacuate Collection Set: 0.4ms
[118.319s][info][gc,phases      ] GC(597)   Post Evacuate Collection Set: 2.3ms
[118.319s][info][gc,phases      ] GC(597)   Other: 0.1ms
[118.319s][info][gc,heap        ] GC(597) Eden regions: 327->0(327)
[118.319s][info][gc,heap        ] GC(597) Survivor regions: 1->1(41)
[118.319s][info][gc,heap        ] GC(597) Old regions: 24->24
[118.319s][info][gc,heap        ] GC(597) Archive regions: 0->0
[118.319s][info][gc,heap        ] GC(597) Humongous regions: 0->0
[118.319s][info][gc,metaspace   ] GC(597) Metaspace: 14264K(15168K)->14264K(15168K) NonClass: 12314K(12928K)->12314K(12928K) Class: 1950K(2240K)->1950K(2240K)
[118.319s][info][gc             ] GC(597) Pause Young (Normal) (G1 Evacuation Pause) 335M->8M(547M) 3.299ms
[118.319s][info][gc,cpu         ] GC(597) User=0.00s Sys=0.00s Real=0.00s
[118.513s][info][gc,start       ] GC(598) Pause Young (Normal) (G1 Evacuation Pause)
[118.513s][info][gc,task        ] GC(598) Using 33 workers of 33 for evacuation
[118.516s][info][gc,phases      ] GC(598)   Pre Evacuate Collection Set: 0.1ms
[118.516s][info][gc,phases      ] GC(598)   Merge Heap Roots: 0.2ms
[118.516s][info][gc,phases      ] GC(598)   Evacuate Collection Set: 0.3ms
[118.516s][info][gc,phases      ] GC(598)   Post Evacuate Collection Set: 2.3ms
[118.516s][info][gc,phases      ] GC(598)   Other: 0.1ms
[118.516s][info][gc,heap        ] GC(598) Eden regions: 327->0(327)
[118.516s][info][gc,heap        ] GC(598) Survivor regions: 1->1(41)
[118.516s][info][gc,heap        ] GC(598) Old regions: 24->25
[118.516s][info][gc,heap        ] GC(598) Archive regions: 0->0
[118.516s][info][gc,heap        ] GC(598) Humongous regions: 0->0
[118.516s][info][gc,metaspace   ] GC(598) Metaspace: 14264K(15168K)->14264K(15168K) NonClass: 12314K(12928K)->12314K(12928K) Class: 1950K(2240K)->1950K(2240K)
[118.517s][info][gc             ] GC(598) Pause Young (Normal) (G1 Evacuation Pause) 335M->8M(547M) 3.284ms
[118.517s][info][gc,cpu         ] GC(598) User=0.52s Sys=0.00s Real=0.00s
[118.711s][info][gc,start       ] GC(599) Pause Young (Normal) (G1 Evacuation Pause)
[118.711s][info][gc,task        ] GC(599) Using 33 workers of 33 for evacuation
[118.714s][info][gc,phases      ] GC(599)   Pre Evacuate Collection Set: 0.2ms
[118.714s][info][gc,phases      ] GC(599)   Merge Heap Roots: 0.2ms
[118.714s][info][gc,phases      ] GC(599)   Evacuate Collection Set: 0.3ms
[118.714s][info][gc,phases      ] GC(599)   Post Evacuate Collection Set: 2.4ms
[118.714s][info][gc,phases      ] GC(599)   Other: 0.1ms
[118.714s][info][gc,heap        ] GC(599) Eden regions: 327->0(327)
[118.714s][info][gc,heap        ] GC(599) Survivor regions: 1->1(41)
[118.714s][info][gc,heap        ] GC(599) Old regions: 25->25
[118.714s][info][gc,heap        ] GC(599) Archive regions: 0->0
[118.714s][info][gc,heap        ] GC(599) Humongous regions: 0->0
[118.714s][info][gc,metaspace   ] GC(599) Metaspace: 14264K(15168K)->14264K(15168K) NonClass: 12314K(12928K)->12314K(12928K) Class: 1950K(2240K)->1950K(2240K)
[118.714s][info][gc             ] GC(599) Pause Young (Normal) (G1 Evacuation Pause) 335M->8M(547M) 3.351ms
[118.714s][info][gc,cpu         ] GC(599) User=0.00s Sys=0.00s Real=0.00s
[118.908s][info][gc,start       ] GC(600) Pause Young (Normal) (G1 Evacuation Pause)
[118.908s][info][gc,task        ] GC(600) Using 33 workers of 33 for evacuation
[118.912s][info][gc,phases      ] GC(600)   Pre Evacuate Collection Set: 0.2ms
[118.912s][info][gc,phases      ] GC(600)   Merge Heap Roots: 0.2ms
[118.912s][info][gc,phases      ] GC(600)   Evacuate Collection Set: 0.3ms
[118.912s][info][gc,phases      ] GC(600)   Post Evacuate Collection Set: 2.4ms
[118.912s][info][gc,phases      ] GC(600)   Other: 0.1ms
[118.912s][info][gc,heap        ] GC(600) Eden regions: 327->0(327)
[118.912s][info][gc,heap        ] GC(600) Survivor regions: 1->1(41)
[118.912s][info][gc,heap        ] GC(600) Old regions: 25->25
[118.912s][info][gc,heap        ] GC(600) Archive regions: 0->0
[118.912s][info][gc,heap        ] GC(600) Humongous regions: 0->0
[118.912s][info][gc,metaspace   ] GC(600) Metaspace: 14264K(15168K)->14264K(15168K) NonClass: 12314K(12928K)->12314K(12928K) Class: 1950K(2240K)->1950K(2240K)
[118.912s][info][gc             ] GC(600) Pause Young (Normal) (G1 Evacuation Pause) 335M->8M(547M) 3.403ms
[118.912s][info][gc,cpu         ] GC(600) User=0.00s Sys=0.00s Real=0.00s
[119.107s][info][gc,start       ] GC(601) Pause Young (Normal) (G1 Evacuation Pause)
[119.107s][info][gc,task        ] GC(601) Using 33 workers of 33 for evacuation
[119.110s][info][gc,phases      ] GC(601)   Pre Evacuate Collection Set: 0.1ms
[119.110s][info][gc,phases      ] GC(601)   Merge Heap Roots: 0.2ms
[119.110s][info][gc,phases      ] GC(601)   Evacuate Collection Set: 0.4ms
[119.110s][info][gc,phases      ] GC(601)   Post Evacuate Collection Set: 2.4ms
[119.110s][info][gc,phases      ] GC(601)   Other: 0.1ms
[119.110s][info][gc,heap        ] GC(601) Eden regions: 327->0(327)
[119.110s][info][gc,heap        ] GC(601) Survivor regions: 1->1(41)
[119.110s][info][gc,heap        ] GC(601) Old regions: 25->25
[119.110s][info][gc,heap        ] GC(601) Archive regions: 0->0
[119.110s][info][gc,heap        ] GC(601) Humongous regions: 0->0
[119.110s][info][gc,metaspace   ] GC(601) Metaspace: 14264K(15168K)->14264K(15168K) NonClass: 12314K(12928K)->12314K(12928K) Class: 1950K(2240K)->1950K(2240K)
[119.110s][info][gc             ] GC(601) Pause Young (Normal) (G1 Evacuation Pause) 335M->8M(547M) 3.431ms
[119.110s][info][gc,cpu         ] GC(601) User=0.52s Sys=0.00s Real=0.00s
[119.304s][info][gc,start       ] GC(602) Pause Young (Normal) (G1 Evacuation Pause)
[119.304s][info][gc,task        ] GC(602) Using 33 workers of 33 for evacuation
[119.307s][info][gc,phases      ] GC(602)   Pre Evacuate Collection Set: 0.2ms
[119.307s][info][gc,phases      ] GC(602)   Merge Heap Roots: 0.2ms
[119.307s][info][gc,phases      ] GC(602)   Evacuate Collection Set: 0.3ms
[119.307s][info][gc,phases      ] GC(602)   Post Evacuate Collection Set: 2.5ms
[119.307s][info][gc,phases      ] GC(602)   Other: 0.1ms
[119.307s][info][gc,heap        ] GC(602) Eden regions: 327->0(327)
[119.307s][info][gc,heap        ] GC(602) Survivor regions: 1->1(41)
[119.307s][info][gc,heap        ] GC(602) Old regions: 25->25
[119.307s][info][gc,heap        ] GC(602) Archive regions: 0->0
[119.307s][info][gc,heap        ] GC(602) Humongous regions: 0->0
[119.307s][info][gc,metaspace   ] GC(602) Metaspace: 14264K(15168K)->14264K(15168K) NonClass: 12314K(12928K)->12314K(12928K) Class: 1950K(2240K)->1950K(2240K)
[119.307s][info][gc             ] GC(602) Pause Young (Normal) (G1 Evacuation Pause) 335M->8M(547M) 3.493ms
[119.307s][info][gc,cpu         ] GC(602) User=0.00s Sys=0.00s Real=0.00s
[119.503s][info][gc,start       ] GC(603) Pause Young (Normal) (G1 Evacuation Pause)
[119.503s][info][gc,task        ] GC(603) Using 33 workers of 33 for evacuation
[119.506s][info][gc,phases      ] GC(603)   Pre Evacuate Collection Set: 0.2ms
[119.506s][info][gc,phases      ] GC(603)   Merge Heap Roots: 0.2ms
[119.506s][info][gc,phases      ] GC(603)   Evacuate Collection Set: 0.3ms
[119.506s][info][gc,phases      ] GC(603)   Post Evacuate Collection Set: 2.6ms
[119.506s][info][gc,phases      ] GC(603)   Other: 0.1ms
[119.506s][info][gc,heap        ] GC(603) Eden regions: 327->0(327)
[119.506s][info][gc,heap        ] GC(603) Survivor regions: 1->1(41)
[119.506s][info][gc,heap        ] GC(603) Old regions: 25->25
[119.506s][info][gc,heap        ] GC(603) Archive regions: 0->0
[119.506s][info][gc,heap        ] GC(603) Humongous regions: 0->0
[119.506s][info][gc,metaspace   ] GC(603) Metaspace: 14264K(15168K)->14264K(15168K) NonClass: 12314K(12928K)->12314K(12928K) Class: 1950K(2240K)->1950K(2240K)
[119.506s][info][gc             ] GC(603) Pause Young (Normal) (G1 Evacuation Pause) 335M->8M(547M) 3.543ms
[119.506s][info][gc,cpu         ] GC(603) User=0.00s Sys=0.00s Real=0.00s
[119.703s][info][gc,start       ] GC(604) Pause Young (Normal) (G1 Evacuation Pause)
[119.703s][info][gc,task        ] GC(604) Using 33 workers of 33 for evacuation
[119.706s][info][gc,phases      ] GC(604)   Pre Evacuate Collection Set: 0.2ms
[119.706s][info][gc,phases      ] GC(604)   Merge Heap Roots: 0.1ms
[119.706s][info][gc,phases      ] GC(604)   Evacuate Collection Set: 0.4ms
[119.706s][info][gc,phases      ] GC(604)   Post Evacuate Collection Set: 2.5ms
[119.706s][info][gc,phases      ] GC(604)   Other: 0.1ms
[119.706s][info][gc,heap        ] GC(604) Eden regions: 327->0(327)
[119.706s][info][gc,heap        ] GC(604) Survivor regions: 1->1(41)
[119.706s][info][gc,heap        ] GC(604) Old regions: 25->25
[119.706s][info][gc,heap        ] GC(604) Archive regions: 0->0
[119.706s][info][gc,heap        ] GC(604) Humongous regions: 0->0
[119.706s][info][gc,metaspace   ] GC(604) Metaspace: 14264K(15168K)->14264K(15168K) NonClass: 12314K(12928K)->12314K(12928K) Class: 1950K(2240K)->1950K(2240K)
[119.706s][info][gc             ] GC(604) Pause Young (Normal) (G1 Evacuation Pause) 335M->9M(547M) 3.521ms
[119.706s][info][gc,cpu         ] GC(604) User=0.02s Sys=0.00s Real=0.00s
[119.902s][info][gc,start       ] GC(605) Pause Young (Normal) (G1 Evacuation Pause)
[119.902s][info][gc,task        ] GC(605) Using 33 workers of 33 for evacuation
[119.905s][info][gc,phases      ] GC(605)   Pre Evacuate Collection Set: 0.1ms
[119.905s][info][gc,phases      ] GC(605)   Merge Heap Roots: 0.1ms
[119.905s][info][gc,phases      ] GC(605)   Evacuate Collection Set: 0.3ms
[119.905s][info][gc,phases      ] GC(605)   Post Evacuate Collection Set: 2.6ms
[119.905s][info][gc,phases      ] GC(605)   Other: 0.1ms
[119.905s][info][gc,heap        ] GC(605) Eden regions: 327->0(327)
[119.906s][info][gc,heap        ] GC(605) Survivor regions: 1->1(41)
[119.906s][info][gc,heap        ] GC(605) Old regions: 25->25
[119.906s][info][gc,heap        ] GC(605) Archive regions: 0->0
[119.906s][info][gc,heap        ] GC(605) Humongous regions: 0->0
[119.906s][info][gc,metaspace   ] GC(605) Metaspace: 14264K(15168K)->14264K(15168K) NonClass: 12314K(12928K)->12314K(12928K) Class: 1950K(2240K)->1950K(2240K)
[119.906s][info][gc             ] GC(605) Pause Young (Normal) (G1 Evacuation Pause) 336M->9M(547M) 3.524ms
[119.906s][info][gc,cpu         ] GC(605) User=0.00s Sys=0.00s Real=0.00s
[120.225s][info][gc,start       ] GC(606) Pause Young (Normal) (G1 Evacuation Pause)
[120.225s][info][gc,task        ] GC(606) Using 33 workers of 33 for evacuation
[120.229s][info][gc,phases      ] GC(606)   Pre Evacuate Collection Set: 0.2ms
[120.229s][info][gc,phases      ] GC(606)   Merge Heap Roots: 0.2ms
[120.229s][info][gc,phases      ] GC(606)   Evacuate Collection Set: 0.5ms
[120.229s][info][gc,phases      ] GC(606)   Post Evacuate Collection Set: 3.4ms
[120.229s][info][gc,phases      ] GC(606)   Other: 0.2ms
[120.229s][info][gc,heap        ] GC(606) Eden regions: 327->0(327)
[120.229s][info][gc,heap        ] GC(606) Survivor regions: 1->1(41)
[120.230s][info][gc,heap        ] GC(606) Old regions: 25->25
[120.230s][info][gc,heap        ] GC(606) Archive regions: 0->0
[120.230s][info][gc,heap        ] GC(606) Humongous regions: 0->0
[120.230s][info][gc,metaspace   ] GC(606) Metaspace: 14264K(15168K)->14264K(15168K) NonClass: 12314K(12928K)->12314K(12928K) Class: 1950K(2240K)->1950K(2240K)
[120.230s][info][gc             ] GC(606) Pause Young (Normal) (G1 Evacuation Pause) 336M->9M(547M) 5.087ms
[120.230s][info][gc,cpu         ] GC(606) User=0.00s Sys=0.00s Real=0.00s
[120.433s][info][gc,start       ] GC(607) Pause Young (Normal) (G1 Evacuation Pause)
[120.433s][info][gc,task        ] GC(607) Using 33 workers of 33 for evacuation
[120.436s][info][gc,phases      ] GC(607)   Pre Evacuate Collection Set: 0.2ms
[120.436s][info][gc,phases      ] GC(607)   Merge Heap Roots: 0.2ms
[120.436s][info][gc,phases      ] GC(607)   Evacuate Collection Set: 0.4ms
[120.436s][info][gc,phases      ] GC(607)   Post Evacuate Collection Set: 2.4ms
[120.436s][info][gc,phases      ] GC(607)   Other: 0.1ms
[120.436s][info][gc,heap        ] GC(607) Eden regions: 327->0(327)
[120.436s][info][gc,heap        ] GC(607) Survivor regions: 1->1(41)
[120.436s][info][gc,heap        ] GC(607) Old regions: 25->25
[120.436s][info][gc,heap        ] GC(607) Archive regions: 0->0
[120.436s][info][gc,heap        ] GC(607) Humongous regions: 0->0
[120.436s][info][gc,metaspace   ] GC(607) Metaspace: 14264K(15168K)->14264K(15168K) NonClass: 12314K(12928K)->12314K(12928K) Class: 1950K(2240K)->1950K(2240K)
[120.436s][info][gc             ] GC(607) Pause Young (Normal) (G1 Evacuation Pause) 336M->9M(547M) 3.428ms
[120.436s][info][gc,cpu         ] GC(607) User=0.00s Sys=0.00s Real=0.00s
[120.636s][info][gc,start       ] GC(608) Pause Young (Normal) (G1 Evacuation Pause)
[120.636s][info][gc,task        ] GC(608) Using 33 workers of 33 for evacuation
[120.639s][info][gc,phases      ] GC(608)   Pre Evacuate Collection Set: 0.1ms
[120.639s][info][gc,phases      ] GC(608)   Merge Heap Roots: 0.2ms
[120.639s][info][gc,phases      ] GC(608)   Evacuate Collection Set: 0.4ms
[120.639s][info][gc,phases      ] GC(608)   Post Evacuate Collection Set: 2.2ms
[120.639s][info][gc,phases      ] GC(608)   Other: 0.1ms
[120.639s][info][gc,heap        ] GC(608) Eden regions: 327->0(327)
[120.639s][info][gc,heap        ] GC(608) Survivor regions: 1->1(41)
[120.639s][info][gc,heap        ] GC(608) Old regions: 25->25
[120.639s][info][gc,heap        ] GC(608) Archive regions: 0->0
[120.639s][info][gc,heap        ] GC(608) Humongous regions: 0->0
[120.639s][info][gc,metaspace   ] GC(608) Metaspace: 14264K(15168K)->14264K(15168K) NonClass: 12314K(12928K)->12314K(12928K) Class: 1950K(2240K)->1950K(2240K)
[120.639s][info][gc             ] GC(608) Pause Young (Normal) (G1 Evacuation Pause) 336M->9M(547M) 3.232ms
[120.639s][info][gc,cpu         ] GC(608) User=0.00s Sys=0.00s Real=0.00s
[120.837s][info][gc,start       ] GC(609) Pause Young (Normal) (G1 Evacuation Pause)
[120.837s][info][gc,task        ] GC(609) Using 33 workers of 33 for evacuation
[120.840s][info][gc,phases      ] GC(609)   Pre Evacuate Collection Set: 0.2ms
[120.840s][info][gc,phases      ] GC(609)   Merge Heap Roots: 0.2ms
[120.840s][info][gc,phases      ] GC(609)   Evacuate Collection Set: 0.3ms
[120.840s][info][gc,phases      ] GC(609)   Post Evacuate Collection Set: 2.2ms
[120.840s][info][gc,phases      ] GC(609)   Other: 0.1ms
[120.840s][info][gc,heap        ] GC(609) Eden regions: 327->0(327)
[120.840s][info][gc,heap        ] GC(609) Survivor regions: 1->1(41)
[120.840s][info][gc,heap        ] GC(609) Old regions: 25->25
[120.840s][info][gc,heap        ] GC(609) Archive regions: 0->0
[120.840s][info][gc,heap        ] GC(609) Humongous regions: 0->0
[120.840s][info][gc,metaspace   ] GC(609) Metaspace: 14264K(15168K)->14264K(15168K) NonClass: 12314K(12928K)->12314K(12928K) Class: 1950K(2240K)->1950K(2240K)
[120.840s][info][gc             ] GC(609) Pause Young (Normal) (G1 Evacuation Pause) 336M->9M(547M) 3.182ms
[120.840s][info][gc,cpu         ] GC(609) User=0.00s Sys=0.00s Real=0.00s
[121.039s][info][gc,start       ] GC(610) Pause Young (Normal) (G1 Evacuation Pause)
[121.039s][info][gc,task        ] GC(610) Using 33 workers of 33 for evacuation
[121.042s][info][gc,phases      ] GC(610)   Pre Evacuate Collection Set: 0.2ms
[121.042s][info][gc,phases      ] GC(610)   Merge Heap Roots: 0.2ms
[121.042s][info][gc,phases      ] GC(610)   Evacuate Collection Set: 0.3ms
[121.042s][info][gc,phases      ] GC(610)   Post Evacuate Collection Set: 2.2ms
[121.042s][info][gc,phases      ] GC(610)   Other: 0.1ms
[121.042s][info][gc,heap        ] GC(610) Eden regions: 327->0(327)
[121.042s][info][gc,heap        ] GC(610) Survivor regions: 1->1(41)
[121.042s][info][gc,heap        ] GC(610) Old regions: 25->25
[121.042s][info][gc,heap        ] GC(610) Archive regions: 0->0
[121.042s][info][gc,heap        ] GC(610) Humongous regions: 0->0
[121.042s][info][gc,metaspace   ] GC(610) Metaspace: 14264K(15168K)->14264K(15168K) NonClass: 12314K(12928K)->12314K(12928K) Class: 1950K(2240K)->1950K(2240K)
[121.042s][info][gc             ] GC(610) Pause Young (Normal) (G1 Evacuation Pause) 336M->9M(547M) 3.183ms
[121.042s][info][gc,cpu         ] GC(610) User=0.00s Sys=0.00s Real=0.00s
[121.241s][info][gc,start       ] GC(611) Pause Young (Normal) (G1 Evacuation Pause)
[121.241s][info][gc,task        ] GC(611) Using 33 workers of 33 for evacuation
[121.244s][info][gc,phases      ] GC(611)   Pre Evacuate Collection Set: 0.2ms
[121.244s][info][gc,phases      ] GC(611)   Merge Heap Roots: 0.1ms
[121.244s][info][gc,phases      ] GC(611)   Evacuate Collection Set: 0.4ms
[121.244s][info][gc,phases      ] GC(611)   Post Evacuate Collection Set: 2.1ms
[121.244s][info][gc,phases      ] GC(611)   Other: 0.1ms
[121.244s][info][gc,heap        ] GC(611) Eden regions: 327->0(327)
[121.244s][info][gc,heap        ] GC(611) Survivor regions: 1->1(41)
[121.244s][info][gc,heap        ] GC(611) Old regions: 25->25
[121.244s][info][gc,heap        ] GC(611) Archive regions: 0->0
[121.244s][info][gc,heap        ] GC(611) Humongous regions: 0->0
[121.244s][info][gc,metaspace   ] GC(611) Metaspace: 14264K(15168K)->14264K(15168K) NonClass: 12314K(12928K)->12314K(12928K) Class: 1950K(2240K)->1950K(2240K)
[121.244s][info][gc             ] GC(611) Pause Young (Normal) (G1 Evacuation Pause) 336M->9M(547M) 3.145ms
[121.244s][info][gc,cpu         ] GC(611) User=0.00s Sys=0.00s Real=0.00s
[121.441s][info][gc,start       ] GC(612) Pause Young (Normal) (G1 Evacuation Pause)
[121.442s][info][gc,task        ] GC(612) Using 33 workers of 33 for evacuation
[121.444s][info][gc,phases      ] GC(612)   Pre Evacuate Collection Set: 0.2ms
[121.444s][info][gc,phases      ] GC(612)   Merge Heap Roots: 0.2ms
[121.444s][info][gc,phases      ] GC(612)   Evacuate Collection Set: 0.3ms
[121.444s][info][gc,phases      ] GC(612)   Post Evacuate Collection Set: 2.2ms
[121.444s][info][gc,phases      ] GC(612)   Other: 0.1ms
[121.445s][info][gc,heap        ] GC(612) Eden regions: 327->0(327)
[121.445s][info][gc,heap        ] GC(612) Survivor regions: 1->1(41)
[121.445s][info][gc,heap        ] GC(612) Old regions: 25->25
[121.445s][info][gc,heap        ] GC(612) Archive regions: 0->0
[121.445s][info][gc,heap        ] GC(612) Humongous regions: 0->0
[121.445s][info][gc,metaspace   ] GC(612) Metaspace: 14264K(15168K)->14264K(15168K) NonClass: 12314K(12928K)->12314K(12928K) Class: 1950K(2240K)->1950K(2240K)
[121.445s][info][gc             ] GC(612) Pause Young (Normal) (G1 Evacuation Pause) 336M->9M(547M) 3.192ms
[121.445s][info][gc,cpu         ] GC(612) User=0.00s Sys=0.00s Real=0.00s
[121.642s][info][gc,start       ] GC(613) Pause Young (Normal) (G1 Evacuation Pause)
[121.642s][info][gc,task        ] GC(613) Using 33 workers of 33 for evacuation
[121.645s][info][gc,phases      ] GC(613)   Pre Evacuate Collection Set: 0.2ms
[121.645s][info][gc,phases      ] GC(613)   Merge Heap Roots: 0.2ms
[121.645s][info][gc,phases      ] GC(613)   Evacuate Collection Set: 0.3ms
[121.645s][info][gc,phases      ] GC(613)   Post Evacuate Collection Set: 2.2ms
[121.645s][info][gc,phases      ] GC(613)   Other: 0.1ms
[121.645s][info][gc,heap        ] GC(613) Eden regions: 327->0(327)
[121.645s][info][gc,heap        ] GC(613) Survivor regions: 1->1(41)
[121.645s][info][gc,heap        ] GC(613) Old regions: 25->25
[121.645s][info][gc,heap        ] GC(613) Archive regions: 0->0
[121.645s][info][gc,heap        ] GC(613) Humongous regions: 0->0
[121.645s][info][gc,metaspace   ] GC(613) Metaspace: 14264K(15168K)->14264K(15168K) NonClass: 12314K(12928K)->12314K(12928K) Class: 1950K(2240K)->1950K(2240K)
[121.645s][info][gc             ] GC(613) Pause Young (Normal) (G1 Evacuation Pause) 336M->9M(547M) 3.239ms
[121.645s][info][gc,cpu         ] GC(613) User=0.00s Sys=0.00s Real=0.00s
[121.844s][info][gc,start       ] GC(614) Pause Young (Normal) (G1 Evacuation Pause)
[121.844s][info][gc,task        ] GC(614) Using 33 workers of 33 for evacuation
[121.847s][info][gc,phases      ] GC(614)   Pre Evacuate Collection Set: 0.2ms
[121.847s][info][gc,phases      ] GC(614)   Merge Heap Roots: 0.2ms
[121.847s][info][gc,phases      ] GC(614)   Evacuate Collection Set: 0.3ms
[121.847s][info][gc,phases      ] GC(614)   Post Evacuate Collection Set: 2.3ms
[121.847s][info][gc,phases      ] GC(614)   Other: 0.1ms
[121.847s][info][gc,heap        ] GC(614) Eden regions: 327->0(327)
[121.847s][info][gc,heap        ] GC(614) Survivor regions: 1->1(41)
[121.847s][info][gc,heap        ] GC(614) Old regions: 25->25
[121.847s][info][gc,heap        ] GC(614) Archive regions: 0->0
[121.847s][info][gc,heap        ] GC(614) Humongous regions: 0->0
[121.847s][info][gc,metaspace   ] GC(614) Metaspace: 14264K(15168K)->14264K(15168K) NonClass: 12314K(12928K)->12314K(12928K) Class: 1950K(2240K)->1950K(2240K)
[121.847s][info][gc             ] GC(614) Pause Young (Normal) (G1 Evacuation Pause) 336M->9M(547M) 3.236ms
[121.847s][info][gc,cpu         ] GC(614) User=0.00s Sys=0.00s Real=0.00s
[122.046s][info][gc,start       ] GC(615) Pause Young (Normal) (G1 Evacuation Pause)
[122.047s][info][gc,task        ] GC(615) Using 33 workers of 33 for evacuation
[122.050s][info][gc,phases      ] GC(615)   Pre Evacuate Collection Set: 0.2ms
[122.050s][info][gc,phases      ] GC(615)   Merge Heap Roots: 0.2ms
[122.050s][info][gc,phases      ] GC(615)   Evacuate Collection Set: 0.3ms
[122.050s][info][gc,phases      ] GC(615)   Post Evacuate Collection Set: 2.3ms
[122.050s][info][gc,phases      ] GC(615)   Other: 0.1ms
[122.050s][info][gc,heap        ] GC(615) Eden regions: 327->0(327)
[122.050s][info][gc,heap        ] GC(615) Survivor regions: 1->1(41)
[122.050s][info][gc,heap        ] GC(615) Old regions: 25->25
[122.050s][info][gc,heap        ] GC(615) Archive regions: 0->0
[122.050s][info][gc,heap        ] GC(615) Humongous regions: 0->0
[122.050s][info][gc,metaspace   ] GC(615) Metaspace: 14264K(15168K)->14264K(15168K) NonClass: 12314K(12928K)->12314K(12928K) Class: 1950K(2240K)->1950K(2240K)
[122.050s][info][gc             ] GC(615) Pause Young (Normal) (G1 Evacuation Pause) 336M->9M(547M) 3.306ms
[122.050s][info][gc,cpu         ] GC(615) User=0.00s Sys=0.00s Real=0.00s
[122.253s][info][gc,start       ] GC(616) Pause Young (Normal) (G1 Evacuation Pause)
[122.254s][info][gc,task        ] GC(616) Using 33 workers of 33 for evacuation
[122.257s][info][gc,phases      ] GC(616)   Pre Evacuate Collection Set: 0.1ms
[122.257s][info][gc,phases      ] GC(616)   Merge Heap Roots: 0.1ms
[122.257s][info][gc,phases      ] GC(616)   Evacuate Collection Set: 0.4ms
[122.257s][info][gc,phases      ] GC(616)   Post Evacuate Collection Set: 2.3ms
[122.257s][info][gc,phases      ] GC(616)   Other: 0.1ms
[122.257s][info][gc,heap        ] GC(616) Eden regions: 327->0(327)
[122.257s][info][gc,heap        ] GC(616) Survivor regions: 1->1(41)
[122.257s][info][gc,heap        ] GC(616) Old regions: 25->25
[122.257s][info][gc,heap        ] GC(616) Archive regions: 0->0
[122.257s][info][gc,heap        ] GC(616) Humongous regions: 0->0
[122.257s][info][gc,metaspace   ] GC(616) Metaspace: 14264K(15168K)->14264K(15168K) NonClass: 12314K(12928K)->12314K(12928K) Class: 1950K(2240K)->1950K(2240K)
[122.257s][info][gc             ] GC(616) Pause Young (Normal) (G1 Evacuation Pause) 336M->9M(547M) 3.288ms
[122.257s][info][gc,cpu         ] GC(616) User=0.00s Sys=0.00s Real=0.00s
[122.477s][info][gc,start       ] GC(617) Pause Young (Normal) (G1 Evacuation Pause)
[122.477s][info][gc,task        ] GC(617) Using 33 workers of 33 for evacuation
[122.481s][info][gc,phases      ] GC(617)   Pre Evacuate Collection Set: 0.1ms
[122.481s][info][gc,phases      ] GC(617)   Merge Heap Roots: 0.2ms
[122.481s][info][gc,phases      ] GC(617)   Evacuate Collection Set: 0.3ms
[122.481s][info][gc,phases      ] GC(617)   Post Evacuate Collection Set: 2.4ms
[122.481s][info][gc,phases      ] GC(617)   Other: 0.1ms
[122.481s][info][gc,heap        ] GC(617) Eden regions: 327->0(327)
[122.481s][info][gc,heap        ] GC(617) Survivor regions: 1->1(41)
[122.481s][info][gc,heap        ] GC(617) Old regions: 25->25
[122.481s][info][gc,heap        ] GC(617) Archive regions: 0->0
[122.481s][info][gc,heap        ] GC(617) Humongous regions: 0->0
[122.481s][info][gc,metaspace   ] GC(617) Metaspace: 14264K(15168K)->14264K(15168K) NonClass: 12314K(12928K)->12314K(12928K) Class: 1950K(2240K)->1950K(2240K)
[122.481s][info][gc             ] GC(617) Pause Young (Normal) (G1 Evacuation Pause) 336M->9M(547M) 3.335ms
[122.481s][info][gc,cpu         ] GC(617) User=0.00s Sys=0.00s Real=0.00s
[122.715s][info][gc,start       ] GC(618) Pause Young (Normal) (G1 Evacuation Pause)
[122.715s][info][gc,task        ] GC(618) Using 33 workers of 33 for evacuation
[122.718s][info][gc,phases      ] GC(618)   Pre Evacuate Collection Set: 0.1ms
[122.718s][info][gc,phases      ] GC(618)   Merge Heap Roots: 0.2ms
[122.718s][info][gc,phases      ] GC(618)   Evacuate Collection Set: 0.4ms
[122.718s][info][gc,phases      ] GC(618)   Post Evacuate Collection Set: 2.5ms
[122.718s][info][gc,phases      ] GC(618)   Other: 0.1ms
[122.718s][info][gc,heap        ] GC(618) Eden regions: 327->0(327)
[122.718s][info][gc,heap        ] GC(618) Survivor regions: 1->1(41)
[122.718s][info][gc,heap        ] GC(618) Old regions: 25->25
[122.718s][info][gc,heap        ] GC(618) Archive regions: 0->0
[122.718s][info][gc,heap        ] GC(618) Humongous regions: 0->0
[122.718s][info][gc,metaspace   ] GC(618) Metaspace: 14264K(15168K)->14264K(15168K) NonClass: 12314K(12928K)->12314K(12928K) Class: 1950K(2240K)->1950K(2240K)
[122.719s][info][gc             ] GC(618) Pause Young (Normal) (G1 Evacuation Pause) 336M->9M(547M) 3.494ms
[122.719s][info][gc,cpu         ] GC(618) User=0.00s Sys=0.00s Real=0.00s
[122.891s][info][gc,start       ] GC(619) Pause Young (Normal) (G1 Evacuation Pause)
[122.891s][info][gc,task        ] GC(619) Using 32 workers of 33 for evacuation
[122.894s][info][gc,phases      ] GC(619)   Pre Evacuate Collection Set: 0.1ms
[122.894s][info][gc,phases      ] GC(619)   Merge Heap Roots: 0.2ms
[122.894s][info][gc,phases      ] GC(619)   Evacuate Collection Set: 0.3ms
[122.894s][info][gc,phases      ] GC(619)   Post Evacuate Collection Set: 2.5ms
[122.894s][info][gc,phases      ] GC(619)   Other: 0.1ms
[122.894s][info][gc,heap        ] GC(619) Eden regions: 327->0(327)
[122.894s][info][gc,heap        ] GC(619) Survivor regions: 1->1(41)
[122.894s][info][gc,heap        ] GC(619) Old regions: 25->25
[122.894s][info][gc,heap        ] GC(619) Archive regions: 0->0
[122.894s][info][gc,heap        ] GC(619) Humongous regions: 0->0
[122.894s][info][gc,metaspace   ] GC(619) Metaspace: 14264K(15168K)->14264K(15168K) NonClass: 12314K(12928K)->12314K(12928K) Class: 1950K(2240K)->1950K(2240K)
[122.894s][info][gc             ] GC(619) Pause Young (Normal) (G1 Evacuation Pause) 336M->9M(547M) 3.509ms
[122.894s][info][gc,cpu         ] GC(619) User=0.00s Sys=0.00s Real=0.00s
[123.221s][info][gc,start       ] GC(620) Pause Full (System.gc())
[123.221s][info][gc,task        ] GC(620) Using 22 workers of 33 for full compaction
[123.222s][info][gc,phases,start] GC(620) Phase 1: Mark live objects
[123.229s][info][gc,phases      ] GC(620) Phase 1: Mark live objects 7.180ms
[123.229s][info][gc,phases,start] GC(620) Phase 2: Prepare compaction
[123.230s][info][gc,phases      ] GC(620) Phase 2: Prepare compaction 1.090ms
[123.230s][info][gc,phases,start] GC(620) Phase 3: Adjust pointers
[123.236s][info][gc,phases      ] GC(620) Phase 3: Adjust pointers 5.529ms
[123.236s][info][gc,phases,start] GC(620) Phase 4: Compact heap
[123.236s][info][gc,phases      ] GC(620) Phase 4: Compact heap 0.618ms
[123.243s][info][gc,heap        ] GC(620) Eden regions: 306->0(46)
[123.243s][info][gc,heap        ] GC(620) Survivor regions: 1->0(41)
[123.243s][info][gc,heap        ] GC(620) Old regions: 25->23
[123.243s][info][gc,heap        ] GC(620) Archive regions: 0->0
[123.243s][info][gc,heap        ] GC(620) Humongous regions: 0->0
[123.243s][info][gc,metaspace   ] GC(620) Metaspace: 14264K(15168K)->14264K(15168K) NonClass: 12314K(12928K)->12314K(12928K) Class: 1950K(2240K)->1950K(2240K)
[123.243s][info][gc             ] GC(620) Pause Full (System.gc()) 315M->5M(77M) 22.588ms
[123.243s][info][gc,cpu         ] GC(620) User=0.02s Sys=0.00s Real=0.02s
[123.279s][info][gc,start       ] GC(621) Pause Young (Normal) (G1 Evacuation Pause)
[123.279s][info][gc,task        ] GC(621) Using 33 workers of 33 for evacuation
[123.282s][info][gc,phases      ] GC(621)   Pre Evacuate Collection Set: 0.1ms
[123.282s][info][gc,phases      ] GC(621)   Merge Heap Roots: 0.1ms
[123.282s][info][gc,phases      ] GC(621)   Evacuate Collection Set: 0.5ms
[123.282s][info][gc,phases      ] GC(621)   Post Evacuate Collection Set: 2.2ms
[123.282s][info][gc,phases      ] GC(621)   Other: 0.2ms
[123.282s][info][gc,heap        ] GC(621) Eden regions: 46->0(44)
[123.282s][info][gc,heap        ] GC(621) Survivor regions: 0->2(6)
[123.282s][info][gc,heap        ] GC(621) Old regions: 23->23
[123.282s][info][gc,heap        ] GC(621) Archive regions: 0->0
[123.282s][info][gc,heap        ] GC(621) Humongous regions: 0->0
[123.282s][info][gc,metaspace   ] GC(621) Metaspace: 14264K(15168K)->14264K(15168K) NonClass: 12314K(12928K)->12314K(12928K) Class: 1950K(2240K)->1950K(2240K)
[123.283s][info][gc             ] GC(621) Pause Young (Normal) (G1 Evacuation Pause) 51M->6M(77M) 3.217ms
[123.283s][info][gc,cpu         ] GC(621) User=0.52s Sys=0.00s Real=0.00s
[123.305s][info][gc,start       ] GC(622) Pause Young (Normal) (G1 Evacuation Pause)
[123.305s][info][gc,task        ] GC(622) Using 33 workers of 33 for evacuation
[123.308s][info][gc,phases      ] GC(622)   Pre Evacuate Collection Set: 0.1ms
[123.308s][info][gc,phases      ] GC(622)   Merge Heap Roots: 0.1ms
[123.308s][info][gc,phases      ] GC(622)   Evacuate Collection Set: 0.4ms
[123.308s][info][gc,phases      ] GC(622)   Post Evacuate Collection Set: 2.0ms
[123.308s][info][gc,phases      ] GC(622)   Other: 0.1ms
[123.308s][info][gc,heap        ] GC(622) Eden regions: 44->0(44)
[123.308s][info][gc,heap        ] GC(622) Survivor regions: 2->2(6)
[123.308s][info][gc,heap        ] GC(622) Old regions: 23->23
[123.308s][info][gc,heap        ] GC(622) Archive regions: 0->0
[123.308s][info][gc,heap        ] GC(622) Humongous regions: 0->0
[123.308s][info][gc,metaspace   ] GC(622) Metaspace: 14264K(15168K)->14264K(15168K) NonClass: 12314K(12928K)->12314K(12928K) Class: 1950K(2240K)->1950K(2240K)
[123.308s][info][gc             ] GC(622) Pause Young (Normal) (G1 Evacuation Pause) 50M->6M(77M) 2.870ms
[123.308s][info][gc,cpu         ] GC(622) User=0.00s Sys=0.00s Real=0.00s
[123.331s][info][gc,start       ] GC(623) Pause Young (Normal) (G1 Evacuation Pause)
[123.331s][info][gc,task        ] GC(623) Using 33 workers of 33 for evacuation
[123.334s][info][gc,phases      ] GC(623)   Pre Evacuate Collection Set: 0.1ms
[123.334s][info][gc,phases      ] GC(623)   Merge Heap Roots: 0.1ms
[123.334s][info][gc,phases      ] GC(623)   Evacuate Collection Set: 0.4ms
[123.334s][info][gc,phases      ] GC(623)   Post Evacuate Collection Set: 2.0ms
[123.334s][info][gc,phases      ] GC(623)   Other: 0.1ms
[123.334s][info][gc,heap        ] GC(623) Eden regions: 44->0(44)
[123.334s][info][gc,heap        ] GC(623) Survivor regions: 2->2(6)
[123.334s][info][gc,heap        ] GC(623) Old regions: 23->23
[123.334s][info][gc,heap        ] GC(623) Archive regions: 0->0
[123.334s][info][gc,heap        ] GC(623) Humongous regions: 0->0
[123.334s][info][gc,metaspace   ] GC(623) Metaspace: 14264K(15168K)->14264K(15168K) NonClass: 12314K(12928K)->12314K(12928K) Class: 1950K(2240K)->1950K(2240K)
[123.334s][info][gc             ] GC(623) Pause Young (Normal) (G1 Evacuation Pause) 50M->6M(77M) 2.849ms
[123.334s][info][gc,cpu         ] GC(623) User=0.00s Sys=0.00s Real=0.00s
[123.369s][info][gc,start       ] GC(624) Pause Young (Normal) (G1 Evacuation Pause)
[123.369s][info][gc,task        ] GC(624) Using 33 workers of 33 for evacuation
[123.375s][info][gc,phases      ] GC(624)   Pre Evacuate Collection Set: 0.1ms
[123.375s][info][gc,phases      ] GC(624)   Merge Heap Roots: 0.1ms
[123.375s][info][gc,phases      ] GC(624)   Evacuate Collection Set: 0.4ms
[123.375s][info][gc,phases      ] GC(624)   Post Evacuate Collection Set: 5.1ms
[123.375s][info][gc,phases      ] GC(624)   Other: 0.1ms
[123.375s][info][gc,heap        ] GC(624) Eden regions: 44->0(328)
[123.375s][info][gc,heap        ] GC(624) Survivor regions: 2->2(6)
[123.375s][info][gc,heap        ] GC(624) Old regions: 23->23
[123.375s][info][gc,heap        ] GC(624) Archive regions: 0->0
[123.375s][info][gc,heap        ] GC(624) Humongous regions: 0->0
[123.375s][info][gc,metaspace   ] GC(624) Metaspace: 14264K(15168K)->14264K(15168K) NonClass: 12314K(12928K)->12314K(12928K) Class: 1950K(2240K)->1950K(2240K)
[123.375s][info][gc             ] GC(624) Pause Young (Normal) (G1 Evacuation Pause) 50M->6M(551M) 5.971ms
[123.375s][info][gc,cpu         ] GC(624) User=0.02s Sys=0.00s Real=0.02s
[123.564s][info][gc,start       ] GC(625) Pause Young (Normal) (G1 Evacuation Pause)
[123.564s][info][gc,task        ] GC(625) Using 33 workers of 33 for evacuation
[123.569s][info][gc,phases      ] GC(625)   Pre Evacuate Collection Set: 0.1ms
[123.569s][info][gc,phases      ] GC(625)   Merge Heap Roots: 0.1ms
[123.569s][info][gc,phases      ] GC(625)   Evacuate Collection Set: 1.8ms
[123.569s][info][gc,phases      ] GC(625)   Post Evacuate Collection Set: 2.5ms
[123.569s][info][gc,phases      ] GC(625)   Other: 0.1ms
[123.569s][info][gc,heap        ] GC(625) Eden regions: 328->0(328)
[123.569s][info][gc,heap        ] GC(625) Survivor regions: 2->2(42)
[123.569s][info][gc,heap        ] GC(625) Old regions: 23->23
[123.569s][info][gc,heap        ] GC(625) Archive regions: 0->0
[123.569s][info][gc,heap        ] GC(625) Humongous regions: 0->0
[123.569s][info][gc,metaspace   ] GC(625) Metaspace: 14264K(15168K)->14264K(15168K) NonClass: 12314K(12928K)->12314K(12928K) Class: 1950K(2240K)->1950K(2240K)
[123.569s][info][gc             ] GC(625) Pause Young (Normal) (G1 Evacuation Pause) 334M->6M(551M) 4.848ms
[123.569s][info][gc,cpu         ] GC(625) User=0.00s Sys=0.00s Real=0.00s
[123.745s][info][gc,start       ] GC(626) Pause Young (Normal) (G1 Evacuation Pause)
[123.745s][info][gc,task        ] GC(626) Using 33 workers of 33 for evacuation
[123.750s][info][gc,phases      ] GC(626)   Pre Evacuate Collection Set: 0.1ms
[123.750s][info][gc,phases      ] GC(626)   Merge Heap Roots: 0.1ms
[123.750s][info][gc,phases      ] GC(626)   Evacuate Collection Set: 1.8ms
[123.750s][info][gc,phases      ] GC(626)   Post Evacuate Collection Set: 2.5ms
[123.750s][info][gc,phases      ] GC(626)   Other: 0.2ms
[123.750s][info][gc,heap        ] GC(626) Eden regions: 328->0(328)
[123.750s][info][gc,heap        ] GC(626) Survivor regions: 2->2(42)
[123.750s][info][gc,heap        ] GC(626) Old regions: 23->23
[123.750s][info][gc,heap        ] GC(626) Archive regions: 0->0
[123.750s][info][gc,heap        ] GC(626) Humongous regions: 0->0
[123.750s][info][gc,metaspace   ] GC(626) Metaspace: 14264K(15168K)->14264K(15168K) NonClass: 12314K(12928K)->12314K(12928K) Class: 1950K(2240K)->1950K(2240K)
[123.750s][info][gc             ] GC(626) Pause Young (Normal) (G1 Evacuation Pause) 334M->6M(551M) 4.896ms
[123.750s][info][gc,cpu         ] GC(626) User=0.00s Sys=0.00s Real=0.00s
[123.933s][info][gc,start       ] GC(627) Pause Young (Normal) (G1 Evacuation Pause)
[123.945s][info][gc,task        ] GC(627) Using 33 workers of 33 for evacuation
[123.949s][info][gc,phases      ] GC(627)   Pre Evacuate Collection Set: 0.1ms
[123.949s][info][gc,phases      ] GC(627)   Merge Heap Roots: 0.1ms
[123.949s][info][gc,phases      ] GC(627)   Evacuate Collection Set: 0.6ms
[123.949s][info][gc,phases      ] GC(627)   Post Evacuate Collection Set: 2.7ms
[123.949s][info][gc,phases      ] GC(627)   Other: 0.1ms
[123.949s][info][gc,heap        ] GC(627) Eden regions: 328->0(328)
[123.949s][info][gc,heap        ] GC(627) Survivor regions: 2->2(42)
[123.949s][info][gc,heap        ] GC(627) Old regions: 23->23
[123.949s][info][gc,heap        ] GC(627) Archive regions: 0->0
[123.949s][info][gc,heap        ] GC(627) Humongous regions: 0->0
[123.949s][info][gc,metaspace   ] GC(627) Metaspace: 14264K(15168K)->14264K(15168K) NonClass: 12314K(12928K)->12314K(12928K) Class: 1950K(2240K)->1950K(2240K)
[123.949s][info][gc             ] GC(627) Pause Young (Normal) (G1 Evacuation Pause) 334M->6M(551M) 16.302ms
[123.949s][info][gc,cpu         ] GC(627) User=0.52s Sys=0.00s Real=0.02s
[124.151s][info][gc,start       ] GC(628) Pause Young (Normal) (G1 Evacuation Pause)
[124.151s][info][gc,task        ] GC(628) Using 33 workers of 33 for evacuation
[124.155s][info][gc,phases      ] GC(628)   Pre Evacuate Collection Set: 0.2ms
[124.155s][info][gc,phases      ] GC(628)   Merge Heap Roots: 0.2ms
[124.155s][info][gc,phases      ] GC(628)   Evacuate Collection Set: 0.5ms
[124.155s][info][gc,phases      ] GC(628)   Post Evacuate Collection Set: 2.9ms
[124.155s][info][gc,phases      ] GC(628)   Other: 0.1ms
[124.155s][info][gc,heap        ] GC(628) Eden regions: 328->0(328)
[124.155s][info][gc,heap        ] GC(628) Survivor regions: 2->2(42)
[124.155s][info][gc,heap        ] GC(628) Old regions: 23->23
[124.155s][info][gc,heap        ] GC(628) Archive regions: 0->0
[124.155s][info][gc,heap        ] GC(628) Humongous regions: 0->0
[124.155s][info][gc,metaspace   ] GC(628) Metaspace: 14264K(15168K)->14264K(15168K) NonClass: 12314K(12928K)->12314K(12928K) Class: 1950K(2240K)->1950K(2240K)
[124.155s][info][gc             ] GC(628) Pause Young (Normal) (G1 Evacuation Pause) 334M->6M(551M) 4.228ms
[124.155s][info][gc,cpu         ] GC(628) User=0.00s Sys=0.00s Real=0.00s
[124.332s][info][gc,start       ] GC(629) Pause Young (Normal) (G1 Evacuation Pause)
[124.332s][info][gc,task        ] GC(629) Using 33 workers of 33 for evacuation
[124.336s][info][gc,phases      ] GC(629)   Pre Evacuate Collection Set: 0.1ms
[124.336s][info][gc,phases      ] GC(629)   Merge Heap Roots: 0.1ms
[124.336s][info][gc,phases      ] GC(629)   Evacuate Collection Set: 0.5ms
[124.336s][info][gc,phases      ] GC(629)   Post Evacuate Collection Set: 2.4ms
[124.336s][info][gc,phases      ] GC(629)   Other: 0.2ms
[124.336s][info][gc,heap        ] GC(629) Eden regions: 328->0(328)
[124.336s][info][gc,heap        ] GC(629) Survivor regions: 2->2(42)
[124.336s][info][gc,heap        ] GC(629) Old regions: 23->23
[124.336s][info][gc,heap        ] GC(629) Archive regions: 0->0
[124.336s][info][gc,heap        ] GC(629) Humongous regions: 0->0
[124.336s][info][gc,metaspace   ] GC(629) Metaspace: 14264K(15168K)->14264K(15168K) NonClass: 12314K(12928K)->12314K(12928K) Class: 1950K(2240K)->1950K(2240K)
[124.336s][info][gc             ] GC(629) Pause Young (Normal) (G1 Evacuation Pause) 334M->6M(551M) 3.567ms
[124.336s][info][gc,cpu         ] GC(629) User=0.00s Sys=0.00s Real=0.00s
[124.509s][info][gc,start       ] GC(630) Pause Young (Normal) (G1 Evacuation Pause)
[124.510s][info][gc,task        ] GC(630) Using 33 workers of 33 for evacuation
[124.513s][info][gc,phases      ] GC(630)   Pre Evacuate Collection Set: 0.1ms
[124.513s][info][gc,phases      ] GC(630)   Merge Heap Roots: 0.1ms
[124.513s][info][gc,phases      ] GC(630)   Evacuate Collection Set: 0.5ms
[124.513s][info][gc,phases      ] GC(630)   Post Evacuate Collection Set: 2.2ms
[124.513s][info][gc,phases      ] GC(630)   Other: 0.1ms
[124.513s][info][gc,heap        ] GC(630) Eden regions: 328->0(328)
[124.513s][info][gc,heap        ] GC(630) Survivor regions: 2->2(42)
[124.513s][info][gc,heap        ] GC(630) Old regions: 23->23
[124.513s][info][gc,heap        ] GC(630) Archive regions: 0->0
[124.513s][info][gc,heap        ] GC(630) Humongous regions: 0->0
[124.513s][info][gc,metaspace   ] GC(630) Metaspace: 14264K(15168K)->14264K(15168K) NonClass: 12314K(12928K)->12314K(12928K) Class: 1950K(2240K)->1950K(2240K)
[124.513s][info][gc             ] GC(630) Pause Young (Normal) (G1 Evacuation Pause) 334M->6M(551M) 3.261ms
[124.513s][info][gc,cpu         ] GC(630) User=0.00s Sys=0.00s Real=0.00s
[124.685s][info][gc,start       ] GC(631) Pause Young (Normal) (G1 Evacuation Pause)
[124.685s][info][gc,task        ] GC(631) Using 33 workers of 33 for evacuation
[124.688s][info][gc,phases      ] GC(631)   Pre Evacuate Collection Set: 0.1ms
[124.688s][info][gc,phases      ] GC(631)   Merge Heap Roots: 0.1ms
[124.688s][info][gc,phases      ] GC(631)   Evacuate Collection Set: 0.5ms
[124.688s][info][gc,phases      ] GC(631)   Post Evacuate Collection Set: 2.2ms
[124.688s][info][gc,phases      ] GC(631)   Other: 0.1ms
[124.688s][info][gc,heap        ] GC(631) Eden regions: 328->0(328)
[124.688s][info][gc,heap        ] GC(631) Survivor regions: 2->2(42)
[124.688s][info][gc,heap        ] GC(631) Old regions: 23->23
[124.688s][info][gc,heap        ] GC(631) Archive regions: 0->0
[124.688s][info][gc,heap        ] GC(631) Humongous regions: 0->0
[124.688s][info][gc,metaspace   ] GC(631) Metaspace: 14264K(15168K)->14264K(15168K) NonClass: 12314K(12928K)->12314K(12928K) Class: 1950K(2240K)->1950K(2240K)
[124.688s][info][gc             ] GC(631) Pause Young (Normal) (G1 Evacuation Pause) 334M->6M(551M) 3.241ms
[124.688s][info][gc,cpu         ] GC(631) User=0.23s Sys=0.08s Real=0.00s
[124.859s][info][gc,start       ] GC(632) Pause Young (Normal) (G1 Evacuation Pause)
[124.859s][info][gc,task        ] GC(632) Using 33 workers of 33 for evacuation
[124.862s][info][gc,phases      ] GC(632)   Pre Evacuate Collection Set: 0.1ms
[124.862s][info][gc,phases      ] GC(632)   Merge Heap Roots: 0.1ms
[124.862s][info][gc,phases      ] GC(632)   Evacuate Collection Set: 0.4ms
[124.862s][info][gc,phases      ] GC(632)   Post Evacuate Collection Set: 2.2ms
[124.862s][info][gc,phases      ] GC(632)   Other: 0.1ms
[124.862s][info][gc,heap        ] GC(632) Eden regions: 328->0(328)
[124.862s][info][gc,heap        ] GC(632) Survivor regions: 2->2(42)
[124.862s][info][gc,heap        ] GC(632) Old regions: 23->23
[124.862s][info][gc,heap        ] GC(632) Archive regions: 0->0
[124.862s][info][gc,heap        ] GC(632) Humongous regions: 0->0
[124.862s][info][gc,metaspace   ] GC(632) Metaspace: 14264K(15168K)->14264K(15168K) NonClass: 12314K(12928K)->12314K(12928K) Class: 1950K(2240K)->1950K(2240K)
[124.862s][info][gc             ] GC(632) Pause Young (Normal) (G1 Evacuation Pause) 334M->6M(551M) 3.226ms
[124.862s][info][gc,cpu         ] GC(632) User=0.00s Sys=0.00s Real=0.00s
[125.035s][info][gc,start       ] GC(633) Pause Young (Normal) (G1 Evacuation Pause)
[125.035s][info][gc,task        ] GC(633) Using 33 workers of 33 for evacuation
[125.038s][info][gc,phases      ] GC(633)   Pre Evacuate Collection Set: 0.1ms
[125.038s][info][gc,phases      ] GC(633)   Merge Heap Roots: 0.1ms
[125.038s][info][gc,phases      ] GC(633)   Evacuate Collection Set: 0.5ms
[125.038s][info][gc,phases      ] GC(633)   Post Evacuate Collection Set: 2.1ms
[125.038s][info][gc,phases      ] GC(633)   Other: 0.1ms
[125.038s][info][gc,heap        ] GC(633) Eden regions: 328->0(328)
[125.038s][info][gc,heap        ] GC(633) Survivor regions: 2->2(42)
[125.038s][info][gc,heap        ] GC(633) Old regions: 23->23
[125.038s][info][gc,heap        ] GC(633) Archive regions: 0->0
[125.038s][info][gc,heap        ] GC(633) Humongous regions: 0->0
[125.038s][info][gc,metaspace   ] GC(633) Metaspace: 14264K(15168K)->14264K(15168K) NonClass: 12314K(12928K)->12314K(12928K) Class: 1950K(2240K)->1950K(2240K)
[125.038s][info][gc             ] GC(633) Pause Young (Normal) (G1 Evacuation Pause) 334M->6M(551M) 3.213ms
[125.038s][info][gc,cpu         ] GC(633) User=0.00s Sys=0.00s Real=0.00s
[125.211s][info][gc,start       ] GC(634) Pause Young (Normal) (G1 Evacuation Pause)
[125.211s][info][gc,task        ] GC(634) Using 33 workers of 33 for evacuation
[125.214s][info][gc,phases      ] GC(634)   Pre Evacuate Collection Set: 0.1ms
[125.214s][info][gc,phases      ] GC(634)   Merge Heap Roots: 0.1ms
[125.214s][info][gc,phases      ] GC(634)   Evacuate Collection Set: 0.4ms
[125.214s][info][gc,phases      ] GC(634)   Post Evacuate Collection Set: 2.2ms
[125.214s][info][gc,phases      ] GC(634)   Other: 0.1ms
[125.214s][info][gc,heap        ] GC(634) Eden regions: 328->0(328)
[125.214s][info][gc,heap        ] GC(634) Survivor regions: 2->2(42)
[125.214s][info][gc,heap        ] GC(634) Old regions: 23->23
[125.214s][info][gc,heap        ] GC(634) Archive regions: 0->0
[125.214s][info][gc,heap        ] GC(634) Humongous regions: 0->0
[125.214s][info][gc,metaspace   ] GC(634) Metaspace: 14264K(15168K)->14264K(15168K) NonClass: 12314K(12928K)->12314K(12928K) Class: 1950K(2240K)->1950K(2240K)
[125.214s][info][gc             ] GC(634) Pause Young (Normal) (G1 Evacuation Pause) 334M->6M(551M) 3.195ms
[125.214s][info][gc,cpu         ] GC(634) User=0.00s Sys=0.00s Real=0.00s
[125.386s][info][gc,start       ] GC(635) Pause Young (Normal) (G1 Evacuation Pause)
[125.386s][info][gc,task        ] GC(635) Using 33 workers of 33 for evacuation
[125.389s][info][gc,phases      ] GC(635)   Pre Evacuate Collection Set: 0.1ms
[125.389s][info][gc,phases      ] GC(635)   Merge Heap Roots: 0.1ms
[125.389s][info][gc,phases      ] GC(635)   Evacuate Collection Set: 0.5ms
[125.389s][info][gc,phases      ] GC(635)   Post Evacuate Collection Set: 2.3ms
[125.389s][info][gc,phases      ] GC(635)   Other: 0.1ms
[125.389s][info][gc,heap        ] GC(635) Eden regions: 328->0(328)
[125.389s][info][gc,heap        ] GC(635) Survivor regions: 2->2(42)
[125.389s][info][gc,heap        ] GC(635) Old regions: 23->23
[125.389s][info][gc,heap        ] GC(635) Archive regions: 0->0
[125.389s][info][gc,heap        ] GC(635) Humongous regions: 0->0
[125.389s][info][gc,metaspace   ] GC(635) Metaspace: 14264K(15168K)->14264K(15168K) NonClass: 12314K(12928K)->12314K(12928K) Class: 1950K(2240K)->1950K(2240K)
[125.390s][info][gc             ] GC(635) Pause Young (Normal) (G1 Evacuation Pause) 334M->7M(551M) 3.389ms
[125.390s][info][gc,cpu         ] GC(635) User=0.00s Sys=0.00s Real=0.00s
[125.563s][info][gc,start       ] GC(636) Pause Young (Normal) (G1 Evacuation Pause)
[125.563s][info][gc,task        ] GC(636) Using 33 workers of 33 for evacuation
[125.566s][info][gc,phases      ] GC(636)   Pre Evacuate Collection Set: 0.1ms
[125.567s][info][gc,phases      ] GC(636)   Merge Heap Roots: 0.1ms
[125.567s][info][gc,phases      ] GC(636)   Evacuate Collection Set: 0.5ms
[125.567s][info][gc,phases      ] GC(636)   Post Evacuate Collection Set: 2.2ms
[125.567s][info][gc,phases      ] GC(636)   Other: 0.1ms
[125.567s][info][gc,heap        ] GC(636) Eden regions: 328->0(329)
[125.567s][info][gc,heap        ] GC(636) Survivor regions: 2->1(42)
[125.567s][info][gc,heap        ] GC(636) Old regions: 23->25
[125.567s][info][gc,heap        ] GC(636) Archive regions: 0->0
[125.567s][info][gc,heap        ] GC(636) Humongous regions: 0->0
[125.567s][info][gc,metaspace   ] GC(636) Metaspace: 14264K(15168K)->14264K(15168K) NonClass: 12314K(12928K)->12314K(12928K) Class: 1950K(2240K)->1950K(2240K)
[125.567s][info][gc             ] GC(636) Pause Young (Normal) (G1 Evacuation Pause) 335M->7M(551M) 3.369ms
[125.567s][info][gc,cpu         ] GC(636) User=0.00s Sys=0.00s Real=0.00s
[125.763s][info][gc,start       ] GC(637) Pause Young (Normal) (G1 Evacuation Pause)
[125.763s][info][gc,task        ] GC(637) Using 33 workers of 33 for evacuation
[125.766s][info][gc,phases      ] GC(637)   Pre Evacuate Collection Set: 0.2ms
[125.766s][info][gc,phases      ] GC(637)   Merge Heap Roots: 0.2ms
[125.766s][info][gc,phases      ] GC(637)   Evacuate Collection Set: 0.3ms
[125.766s][info][gc,phases      ] GC(637)   Post Evacuate Collection Set: 2.3ms
[125.766s][info][gc,phases      ] GC(637)   Other: 0.1ms
[125.766s][info][gc,heap        ] GC(637) Eden regions: 329->0(329)
[125.766s][info][gc,heap        ] GC(637) Survivor regions: 1->1(42)
[125.766s][info][gc,heap        ] GC(637) Old regions: 25->25
[125.766s][info][gc,heap        ] GC(637) Archive regions: 0->0
[125.766s][info][gc,heap        ] GC(637) Humongous regions: 0->0
[125.766s][info][gc,metaspace   ] GC(637) Metaspace: 14264K(15168K)->14264K(15168K) NonClass: 12314K(12928K)->12314K(12928K) Class: 1950K(2240K)->1950K(2240K)
[125.766s][info][gc             ] GC(637) Pause Young (Normal) (G1 Evacuation Pause) 336M->7M(551M) 3.252ms
[125.766s][info][gc,cpu         ] GC(637) User=0.52s Sys=0.00s Real=0.00s
[125.962s][info][gc,start       ] GC(638) Pause Young (Normal) (G1 Evacuation Pause)
[125.962s][info][gc,task        ] GC(638) Using 33 workers of 33 for evacuation
[125.965s][info][gc,phases      ] GC(638)   Pre Evacuate Collection Set: 0.1ms
[125.965s][info][gc,phases      ] GC(638)   Merge Heap Roots: 0.2ms
[125.965s][info][gc,phases      ] GC(638)   Evacuate Collection Set: 0.3ms
[125.965s][info][gc,phases      ] GC(638)   Post Evacuate Collection Set: 2.3ms
[125.965s][info][gc,phases      ] GC(638)   Other: 0.1ms
[125.965s][info][gc,heap        ] GC(638) Eden regions: 329->0(329)
[125.965s][info][gc,heap        ] GC(638) Survivor regions: 1->1(42)
[125.965s][info][gc,heap        ] GC(638) Old regions: 25->25
[125.965s][info][gc,heap        ] GC(638) Archive regions: 0->0
[125.965s][info][gc,heap        ] GC(638) Humongous regions: 0->0
[125.965s][info][gc,metaspace   ] GC(638) Metaspace: 14264K(15168K)->14264K(15168K) NonClass: 12314K(12928K)->12314K(12928K) Class: 1950K(2240K)->1950K(2240K)
[125.965s][info][gc             ] GC(638) Pause Young (Normal) (G1 Evacuation Pause) 336M->7M(551M) 3.249ms
[125.965s][info][gc,cpu         ] GC(638) User=0.00s Sys=0.00s Real=0.00s
[126.162s][info][gc,start       ] GC(639) Pause Young (Normal) (G1 Evacuation Pause)
[126.162s][info][gc,task        ] GC(639) Using 33 workers of 33 for evacuation
[126.165s][info][gc,phases      ] GC(639)   Pre Evacuate Collection Set: 0.2ms
[126.165s][info][gc,phases      ] GC(639)   Merge Heap Roots: 0.2ms
[126.165s][info][gc,phases      ] GC(639)   Evacuate Collection Set: 0.3ms
[126.165s][info][gc,phases      ] GC(639)   Post Evacuate Collection Set: 2.3ms
[126.165s][info][gc,phases      ] GC(639)   Other: 0.1ms
[126.165s][info][gc,heap        ] GC(639) Eden regions: 329->0(329)
[126.165s][info][gc,heap        ] GC(639) Survivor regions: 1->1(42)
[126.165s][info][gc,heap        ] GC(639) Old regions: 25->25
[126.165s][info][gc,heap        ] GC(639) Archive regions: 0->0
[126.165s][info][gc,heap        ] GC(639) Humongous regions: 0->0
[126.165s][info][gc,metaspace   ] GC(639) Metaspace: 14264K(15168K)->14264K(15168K) NonClass: 12314K(12928K)->12314K(12928K) Class: 1950K(2240K)->1950K(2240K)
[126.165s][info][gc             ] GC(639) Pause Young (Normal) (G1 Evacuation Pause) 336M->7M(551M) 3.253ms
[126.165s][info][gc,cpu         ] GC(639) User=0.00s Sys=0.00s Real=0.00s
[126.361s][info][gc,start       ] GC(640) Pause Young (Normal) (G1 Evacuation Pause)
[126.362s][info][gc,task        ] GC(640) Using 33 workers of 33 for evacuation
[126.365s][info][gc,phases      ] GC(640)   Pre Evacuate Collection Set: 0.2ms
[126.365s][info][gc,phases      ] GC(640)   Merge Heap Roots: 0.2ms
[126.365s][info][gc,phases      ] GC(640)   Evacuate Collection Set: 0.3ms
[126.365s][info][gc,phases      ] GC(640)   Post Evacuate Collection Set: 2.4ms
[126.365s][info][gc,phases      ] GC(640)   Other: 0.1ms
[126.365s][info][gc,heap        ] GC(640) Eden regions: 329->0(329)
[126.365s][info][gc,heap        ] GC(640) Survivor regions: 1->1(42)
[126.365s][info][gc,heap        ] GC(640) Old regions: 25->25
[126.365s][info][gc,heap        ] GC(640) Archive regions: 0->0
[126.365s][info][gc,heap        ] GC(640) Humongous regions: 0->0
[126.365s][info][gc,metaspace   ] GC(640) Metaspace: 14264K(15168K)->14264K(15168K) NonClass: 12314K(12928K)->12314K(12928K) Class: 1950K(2240K)->1950K(2240K)
[126.365s][info][gc             ] GC(640) Pause Young (Normal) (G1 Evacuation Pause) 336M->7M(551M) 3.392ms
[126.365s][info][gc,cpu         ] GC(640) User=0.00s Sys=0.00s Real=0.00s
[126.560s][info][gc,start       ] GC(641) Pause Young (Normal) (G1 Evacuation Pause)
[126.565s][info][gc,task        ] GC(641) Using 33 workers of 33 for evacuation
[126.568s][info][gc,phases      ] GC(641)   Pre Evacuate Collection Set: 0.1ms
[126.568s][info][gc,phases      ] GC(641)   Merge Heap Roots: 0.2ms
[126.568s][info][gc,phases      ] GC(641)   Evacuate Collection Set: 0.3ms
[126.568s][info][gc,phases      ] GC(641)   Post Evacuate Collection Set: 2.4ms
[126.568s][info][gc,phases      ] GC(641)   Other: 0.1ms
[126.568s][info][gc,heap        ] GC(641) Eden regions: 329->0(329)
[126.568s][info][gc,heap        ] GC(641) Survivor regions: 1->1(42)
[126.568s][info][gc,heap        ] GC(641) Old regions: 25->25
[126.568s][info][gc,heap        ] GC(641) Archive regions: 0->0
[126.568s][info][gc,heap        ] GC(641) Humongous regions: 0->0
[126.568s][info][gc,metaspace   ] GC(641) Metaspace: 14264K(15168K)->14264K(15168K) NonClass: 12314K(12928K)->12314K(12928K) Class: 1950K(2240K)->1950K(2240K)
[126.568s][info][gc             ] GC(641) Pause Young (Normal) (G1 Evacuation Pause) 336M->7M(551M) 7.657ms
[126.568s][info][gc,cpu         ] GC(641) User=0.00s Sys=0.00s Real=0.00s
[126.765s][info][gc,start       ] GC(642) Pause Young (Normal) (G1 Evacuation Pause)
[126.765s][info][gc,task        ] GC(642) Using 33 workers of 33 for evacuation
[126.768s][info][gc,phases      ] GC(642)   Pre Evacuate Collection Set: 0.1ms
[126.768s][info][gc,phases      ] GC(642)   Merge Heap Roots: 0.2ms
[126.768s][info][gc,phases      ] GC(642)   Evacuate Collection Set: 0.4ms
[126.768s][info][gc,phases      ] GC(642)   Post Evacuate Collection Set: 2.4ms
[126.768s][info][gc,phases      ] GC(642)   Other: 0.1ms
[126.768s][info][gc,heap        ] GC(642) Eden regions: 329->0(329)
[126.769s][info][gc,heap        ] GC(642) Survivor regions: 1->1(42)
[126.769s][info][gc,heap        ] GC(642) Old regions: 25->25
[126.769s][info][gc,heap        ] GC(642) Archive regions: 0->0
[126.769s][info][gc,heap        ] GC(642) Humongous regions: 0->0
[126.769s][info][gc,metaspace   ] GC(642) Metaspace: 14264K(15168K)->14264K(15168K) NonClass: 12314K(12928K)->12314K(12928K) Class: 1950K(2240K)->1950K(2240K)
[126.769s][info][gc             ] GC(642) Pause Young (Normal) (G1 Evacuation Pause) 336M->7M(551M) 3.438ms
[126.769s][info][gc,cpu         ] GC(642) User=0.00s Sys=0.00s Real=0.00s
[126.966s][info][gc,start       ] GC(643) Pause Young (Normal) (G1 Evacuation Pause)
[126.966s][info][gc,task        ] GC(643) Using 33 workers of 33 for evacuation
[126.969s][info][gc,phases      ] GC(643)   Pre Evacuate Collection Set: 0.1ms
[126.969s][info][gc,phases      ] GC(643)   Merge Heap Roots: 0.2ms
[126.969s][info][gc,phases      ] GC(643)   Evacuate Collection Set: 0.3ms
[126.969s][info][gc,phases      ] GC(643)   Post Evacuate Collection Set: 2.5ms
[126.969s][info][gc,phases      ] GC(643)   Other: 0.1ms
[126.969s][info][gc,heap        ] GC(643) Eden regions: 329->0(329)
[126.969s][info][gc,heap        ] GC(643) Survivor regions: 1->1(42)
[126.969s][info][gc,heap        ] GC(643) Old regions: 25->25
[126.969s][info][gc,heap        ] GC(643) Archive regions: 0->0
[126.969s][info][gc,heap        ] GC(643) Humongous regions: 0->0
[126.969s][info][gc,metaspace   ] GC(643) Metaspace: 14264K(15168K)->14264K(15168K) NonClass: 12314K(12928K)->12314K(12928K) Class: 1950K(2240K)->1950K(2240K)
[126.969s][info][gc             ] GC(643) Pause Young (Normal) (G1 Evacuation Pause) 336M->7M(551M) 3.402ms
[126.969s][info][gc,cpu         ] GC(643) User=0.41s Sys=0.05s Real=0.00s
[127.167s][info][gc,start       ] GC(644) Pause Young (Normal) (G1 Evacuation Pause)
[127.167s][info][gc,task        ] GC(644) Using 33 workers of 33 for evacuation
[127.171s][info][gc,phases      ] GC(644)   Pre Evacuate Collection Set: 0.2ms
[127.171s][info][gc,phases      ] GC(644)   Merge Heap Roots: 0.2ms
[127.171s][info][gc,phases      ] GC(644)   Evacuate Collection Set: 0.4ms
[127.171s][info][gc,phases      ] GC(644)   Post Evacuate Collection Set: 2.5ms
[127.171s][info][gc,phases      ] GC(644)   Other: 0.1ms
[127.171s][info][gc,heap        ] GC(644) Eden regions: 329->0(329)
[127.171s][info][gc,heap        ] GC(644) Survivor regions: 1->1(42)
[127.171s][info][gc,heap        ] GC(644) Old regions: 25->25
[127.171s][info][gc,heap        ] GC(644) Archive regions: 0->0
[127.171s][info][gc,heap        ] GC(644) Humongous regions: 0->0
[127.171s][info][gc,metaspace   ] GC(644) Metaspace: 14264K(15168K)->14264K(15168K) NonClass: 12314K(12928K)->12314K(12928K) Class: 1950K(2240K)->1950K(2240K)
[127.171s][info][gc             ] GC(644) Pause Young (Normal) (G1 Evacuation Pause) 336M->7M(551M) 3.513ms
[127.171s][info][gc,cpu         ] GC(644) User=0.00s Sys=0.00s Real=0.00s
[127.368s][info][gc,start       ] GC(645) Pause Young (Normal) (G1 Evacuation Pause)
[127.369s][info][gc,task        ] GC(645) Using 33 workers of 33 for evacuation
[127.372s][info][gc,phases      ] GC(645)   Pre Evacuate Collection Set: 0.1ms
[127.372s][info][gc,phases      ] GC(645)   Merge Heap Roots: 0.1ms
[127.372s][info][gc,phases      ] GC(645)   Evacuate Collection Set: 0.3ms
[127.372s][info][gc,phases      ] GC(645)   Post Evacuate Collection Set: 2.6ms
[127.372s][info][gc,phases      ] GC(645)   Other: 0.1ms
[127.372s][info][gc,heap        ] GC(645) Eden regions: 329->0(329)
[127.372s][info][gc,heap        ] GC(645) Survivor regions: 1->1(42)
[127.372s][info][gc,heap        ] GC(645) Old regions: 25->25
[127.372s][info][gc,heap        ] GC(645) Archive regions: 0->0
[127.372s][info][gc,heap        ] GC(645) Humongous regions: 0->0
[127.372s][info][gc,metaspace   ] GC(645) Metaspace: 14264K(15168K)->14264K(15168K) NonClass: 12314K(12928K)->12314K(12928K) Class: 1950K(2240K)->1950K(2240K)
[127.372s][info][gc             ] GC(645) Pause Young (Normal) (G1 Evacuation Pause) 336M->7M(551M) 3.521ms
[127.372s][info][gc,cpu         ] GC(645) User=0.00s Sys=0.00s Real=0.00s
[127.569s][info][gc,start       ] GC(646) Pause Young (Normal) (G1 Evacuation Pause)
[127.569s][info][gc,task        ] GC(646) Using 33 workers of 33 for evacuation
[127.572s][info][gc,phases      ] GC(646)   Pre Evacuate Collection Set: 0.1ms
[127.573s][info][gc,phases      ] GC(646)   Merge Heap Roots: 0.1ms
[127.573s][info][gc,phases      ] GC(646)   Evacuate Collection Set: 0.3ms
[127.573s][info][gc,phases      ] GC(646)   Post Evacuate Collection Set: 2.6ms
[127.573s][info][gc,phases      ] GC(646)   Other: 0.2ms
[127.573s][info][gc,heap        ] GC(646) Eden regions: 329->0(329)
[127.573s][info][gc,heap        ] GC(646) Survivor regions: 1->1(42)
[127.573s][info][gc,heap        ] GC(646) Old regions: 25->25
[127.573s][info][gc,heap        ] GC(646) Archive regions: 0->0
[127.573s][info][gc,heap        ] GC(646) Humongous regions: 0->0
[127.573s][info][gc,metaspace   ] GC(646) Metaspace: 14264K(15168K)->14264K(15168K) NonClass: 12314K(12928K)->12314K(12928K) Class: 1950K(2240K)->1950K(2240K)
[127.573s][info][gc             ] GC(646) Pause Young (Normal) (G1 Evacuation Pause) 336M->7M(551M) 3.636ms
[127.573s][info][gc,cpu         ] GC(646) User=0.00s Sys=0.00s Real=0.00s
[127.771s][info][gc,start       ] GC(647) Pause Young (Normal) (G1 Evacuation Pause)
[127.771s][info][gc,task        ] GC(647) Using 33 workers of 33 for evacuation
[127.774s][info][gc,phases      ] GC(647)   Pre Evacuate Collection Set: 0.2ms
[127.774s][info][gc,phases      ] GC(647)   Merge Heap Roots: 0.2ms
[127.774s][info][gc,phases      ] GC(647)   Evacuate Collection Set: 0.3ms
[127.774s][info][gc,phases      ] GC(647)   Post Evacuate Collection Set: 2.6ms
[127.774s][info][gc,phases      ] GC(647)   Other: 0.1ms
[127.775s][info][gc,heap        ] GC(647) Eden regions: 329->0(329)
[127.775s][info][gc,heap        ] GC(647) Survivor regions: 1->1(42)
[127.775s][info][gc,heap        ] GC(647) Old regions: 25->25
[127.775s][info][gc,heap        ] GC(647) Archive regions: 0->0
[127.775s][info][gc,heap        ] GC(647) Humongous regions: 0->0
[127.775s][info][gc,metaspace   ] GC(647) Metaspace: 14264K(15168K)->14264K(15168K) NonClass: 12314K(12928K)->12314K(12928K) Class: 1950K(2240K)->1950K(2240K)
[127.775s][info][gc             ] GC(647) Pause Young (Normal) (G1 Evacuation Pause) 336M->7M(551M) 3.613ms
[127.775s][info][gc,cpu         ] GC(647) User=0.00s Sys=0.00s Real=0.00s
[128.062s][info][gc,start       ] GC(648) Pause Young (Normal) (G1 Evacuation Pause)
[128.062s][info][gc,task        ] GC(648) Using 33 workers of 33 for evacuation
[128.066s][info][gc,phases      ] GC(648)   Pre Evacuate Collection Set: 0.2ms
[128.067s][info][gc,phases      ] GC(648)   Merge Heap Roots: 0.2ms
[128.067s][info][gc,phases      ] GC(648)   Evacuate Collection Set: 0.5ms
[128.067s][info][gc,phases      ] GC(648)   Post Evacuate Collection Set: 3.5ms
[128.067s][info][gc,phases      ] GC(648)   Other: 0.3ms
[128.067s][info][gc,heap        ] GC(648) Eden regions: 329->0(329)
[128.067s][info][gc,heap        ] GC(648) Survivor regions: 1->1(42)
[128.067s][info][gc,heap        ] GC(648) Old regions: 25->25
[128.067s][info][gc,heap        ] GC(648) Archive regions: 0->0
[128.067s][info][gc,heap        ] GC(648) Humongous regions: 0->0
[128.067s][info][gc,metaspace   ] GC(648) Metaspace: 14264K(15168K)->14264K(15168K) NonClass: 12314K(12928K)->12314K(12928K) Class: 1950K(2240K)->1950K(2240K)
[128.067s][info][gc             ] GC(648) Pause Young (Normal) (G1 Evacuation Pause) 336M->7M(551M) 5.235ms
[128.067s][info][gc,cpu         ] GC(648) User=0.00s Sys=0.00s Real=0.00s
[128.270s][info][gc,start       ] GC(649) Pause Young (Normal) (G1 Evacuation Pause)
[128.270s][info][gc,task        ] GC(649) Using 33 workers of 33 for evacuation
[128.273s][info][gc,phases      ] GC(649)   Pre Evacuate Collection Set: 0.1ms
[128.273s][info][gc,phases      ] GC(649)   Merge Heap Roots: 0.2ms
[128.273s][info][gc,phases      ] GC(649)   Evacuate Collection Set: 0.4ms
[128.273s][info][gc,phases      ] GC(649)   Post Evacuate Collection Set: 2.5ms
[128.273s][info][gc,phases      ] GC(649)   Other: 0.1ms
[128.273s][info][gc,heap        ] GC(649) Eden regions: 329->0(329)
[128.273s][info][gc,heap        ] GC(649) Survivor regions: 1->1(42)
[128.273s][info][gc,heap        ] GC(649) Old regions: 25->25
[128.273s][info][gc,heap        ] GC(649) Archive regions: 0->0
[128.273s][info][gc,heap        ] GC(649) Humongous regions: 0->0
[128.273s][info][gc,metaspace   ] GC(649) Metaspace: 14264K(15168K)->14264K(15168K) NonClass: 12314K(12928K)->12314K(12928K) Class: 1950K(2240K)->1950K(2240K)
[128.273s][info][gc             ] GC(649) Pause Young (Normal) (G1 Evacuation Pause) 336M->7M(551M) 3.521ms
[128.273s][info][gc,cpu         ] GC(649) User=0.00s Sys=0.00s Real=0.00s
[128.472s][info][gc,start       ] GC(650) Pause Young (Normal) (G1 Evacuation Pause)
[128.473s][info][gc,task        ] GC(650) Using 33 workers of 33 for evacuation
[128.476s][info][gc,phases      ] GC(650)   Pre Evacuate Collection Set: 0.2ms
[128.476s][info][gc,phases      ] GC(650)   Merge Heap Roots: 0.1ms
[128.476s][info][gc,phases      ] GC(650)   Evacuate Collection Set: 0.3ms
[128.476s][info][gc,phases      ] GC(650)   Post Evacuate Collection Set: 2.4ms
[128.476s][info][gc,phases      ] GC(650)   Other: 0.1ms
[128.476s][info][gc,heap        ] GC(650) Eden regions: 329->0(329)
[128.476s][info][gc,heap        ] GC(650) Survivor regions: 1->1(42)
[128.476s][info][gc,heap        ] GC(650) Old regions: 25->25
[128.476s][info][gc,heap        ] GC(650) Archive regions: 0->0
[128.476s][info][gc,heap        ] GC(650) Humongous regions: 0->0
[128.476s][info][gc,metaspace   ] GC(650) Metaspace: 14264K(15168K)->14264K(15168K) NonClass: 12314K(12928K)->12314K(12928K) Class: 1950K(2240K)->1950K(2240K)
[128.476s][info][gc             ] GC(650) Pause Young (Normal) (G1 Evacuation Pause) 336M->7M(551M) 3.409ms
[128.476s][info][gc,cpu         ] GC(650) User=0.00s Sys=0.00s Real=0.00s
[128.676s][info][gc,start       ] GC(651) Pause Young (Normal) (G1 Evacuation Pause)
[128.676s][info][gc,task        ] GC(651) Using 33 workers of 33 for evacuation
[128.679s][info][gc,phases      ] GC(651)   Pre Evacuate Collection Set: 0.1ms
[128.679s][info][gc,phases      ] GC(651)   Merge Heap Roots: 0.1ms
[128.679s][info][gc,phases      ] GC(651)   Evacuate Collection Set: 0.3ms
[128.679s][info][gc,phases      ] GC(651)   Post Evacuate Collection Set: 2.2ms
[128.679s][info][gc,phases      ] GC(651)   Other: 0.1ms
[128.679s][info][gc,heap        ] GC(651) Eden regions: 329->0(329)
[128.679s][info][gc,heap        ] GC(651) Survivor regions: 1->1(42)
[128.679s][info][gc,heap        ] GC(651) Old regions: 25->25
[128.679s][info][gc,heap        ] GC(651) Archive regions: 0->0
[128.679s][info][gc,heap        ] GC(651) Humongous regions: 0->0
[128.679s][info][gc,metaspace   ] GC(651) Metaspace: 14264K(15168K)->14264K(15168K) NonClass: 12314K(12928K)->12314K(12928K) Class: 1950K(2240K)->1950K(2240K)
[128.679s][info][gc             ] GC(651) Pause Young (Normal) (G1 Evacuation Pause) 336M->7M(551M) 3.133ms
[128.679s][info][gc,cpu         ] GC(651) User=0.00s Sys=0.00s Real=0.00s
[128.876s][info][gc,start       ] GC(652) Pause Young (Normal) (G1 Evacuation Pause)
[128.876s][info][gc,task        ] GC(652) Using 33 workers of 33 for evacuation
[128.879s][info][gc,phases      ] GC(652)   Pre Evacuate Collection Set: 0.1ms
[128.879s][info][gc,phases      ] GC(652)   Merge Heap Roots: 0.2ms
[128.879s][info][gc,phases      ] GC(652)   Evacuate Collection Set: 0.3ms
[128.879s][info][gc,phases      ] GC(652)   Post Evacuate Collection Set: 2.2ms
[128.879s][info][gc,phases      ] GC(652)   Other: 0.1ms
[128.879s][info][gc,heap        ] GC(652) Eden regions: 329->0(329)
[128.879s][info][gc,heap        ] GC(652) Survivor regions: 1->1(42)
[128.879s][info][gc,heap        ] GC(652) Old regions: 25->25
[128.879s][info][gc,heap        ] GC(652) Archive regions: 0->0
[128.879s][info][gc,heap        ] GC(652) Humongous regions: 0->0
[128.879s][info][gc,metaspace   ] GC(652) Metaspace: 14264K(15168K)->14264K(15168K) NonClass: 12314K(12928K)->12314K(12928K) Class: 1950K(2240K)->1950K(2240K)
[128.879s][info][gc             ] GC(652) Pause Young (Normal) (G1 Evacuation Pause) 336M->7M(551M) 3.175ms
[128.879s][info][gc,cpu         ] GC(652) User=0.00s Sys=0.00s Real=0.00s
[129.076s][info][gc,start       ] GC(653) Pause Young (Normal) (G1 Evacuation Pause)
[129.076s][info][gc,task        ] GC(653) Using 33 workers of 33 for evacuation
[129.079s][info][gc,phases      ] GC(653)   Pre Evacuate Collection Set: 0.2ms
[129.079s][info][gc,phases      ] GC(653)   Merge Heap Roots: 0.2ms
[129.079s][info][gc,phases      ] GC(653)   Evacuate Collection Set: 0.3ms
[129.079s][info][gc,phases      ] GC(653)   Post Evacuate Collection Set: 2.2ms
[129.079s][info][gc,phases      ] GC(653)   Other: 0.1ms
[129.079s][info][gc,heap        ] GC(653) Eden regions: 329->0(329)
[129.079s][info][gc,heap        ] GC(653) Survivor regions: 1->1(42)
[129.079s][info][gc,heap        ] GC(653) Old regions: 25->26
[129.079s][info][gc,heap        ] GC(653) Archive regions: 0->0
[129.079s][info][gc,heap        ] GC(653) Humongous regions: 0->0
[129.079s][info][gc,metaspace   ] GC(653) Metaspace: 14264K(15168K)->14264K(15168K) NonClass: 12314K(12928K)->12314K(12928K) Class: 1950K(2240K)->1950K(2240K)
[129.079s][info][gc             ] GC(653) Pause Young (Normal) (G1 Evacuation Pause) 336M->7M(551M) 3.168ms
[129.079s][info][gc,cpu         ] GC(653) User=0.00s Sys=0.00s Real=0.00s
[129.276s][info][gc,start       ] GC(654) Pause Young (Normal) (G1 Evacuation Pause)
[129.276s][info][gc,task        ] GC(654) Using 33 workers of 33 for evacuation
[129.279s][info][gc,phases      ] GC(654)   Pre Evacuate Collection Set: 0.2ms
[129.279s][info][gc,phases      ] GC(654)   Merge Heap Roots: 0.2ms
[129.279s][info][gc,phases      ] GC(654)   Evacuate Collection Set: 0.3ms
[129.279s][info][gc,phases      ] GC(654)   Post Evacuate Collection Set: 2.2ms
[129.279s][info][gc,phases      ] GC(654)   Other: 0.1ms
[129.279s][info][gc,heap        ] GC(654) Eden regions: 329->0(329)
[129.279s][info][gc,heap        ] GC(654) Survivor regions: 1->1(42)
[129.279s][info][gc,heap        ] GC(654) Old regions: 26->26
[129.279s][info][gc,heap        ] GC(654) Archive regions: 0->0
[129.279s][info][gc,heap        ] GC(654) Humongous regions: 0->0
[129.279s][info][gc,metaspace   ] GC(654) Metaspace: 14264K(15168K)->14264K(15168K) NonClass: 12314K(12928K)->12314K(12928K) Class: 1950K(2240K)->1950K(2240K)
[129.279s][info][gc             ] GC(654) Pause Young (Normal) (G1 Evacuation Pause) 336M->7M(551M) 3.237ms
[129.279s][info][gc,cpu         ] GC(654) User=0.00s Sys=0.00s Real=0.00s
[129.476s][info][gc,start       ] GC(655) Pause Young (Normal) (G1 Evacuation Pause)
[129.477s][info][gc,task        ] GC(655) Using 33 workers of 33 for evacuation
[129.480s][info][gc,phases      ] GC(655)   Pre Evacuate Collection Set: 0.2ms
[129.480s][info][gc,phases      ] GC(655)   Merge Heap Roots: 0.2ms
[129.480s][info][gc,phases      ] GC(655)   Evacuate Collection Set: 0.4ms
[129.480s][info][gc,phases      ] GC(655)   Post Evacuate Collection Set: 2.3ms
[129.480s][info][gc,phases      ] GC(655)   Other: 0.1ms
[129.480s][info][gc,heap        ] GC(655) Eden regions: 329->0(329)
[129.480s][info][gc,heap        ] GC(655) Survivor regions: 1->1(42)
[129.480s][info][gc,heap        ] GC(655) Old regions: 26->26
[129.480s][info][gc,heap        ] GC(655) Archive regions: 0->0
[129.480s][info][gc,heap        ] GC(655) Humongous regions: 0->0
[129.480s][info][gc,metaspace   ] GC(655) Metaspace: 14264K(15168K)->14264K(15168K) NonClass: 12314K(12928K)->12314K(12928K) Class: 1950K(2240K)->1950K(2240K)
[129.480s][info][gc             ] GC(655) Pause Young (Normal) (G1 Evacuation Pause) 336M->7M(551M) 3.265ms
[129.480s][info][gc,cpu         ] GC(655) User=0.00s Sys=0.00s Real=0.00s
[129.676s][info][gc,start       ] GC(656) Pause Young (Normal) (G1 Evacuation Pause)
[129.676s][info][gc,task        ] GC(656) Using 33 workers of 33 for evacuation
[129.679s][info][gc,phases      ] GC(656)   Pre Evacuate Collection Set: 0.2ms
[129.679s][info][gc,phases      ] GC(656)   Merge Heap Roots: 0.2ms
[129.679s][info][gc,phases      ] GC(656)   Evacuate Collection Set: 0.3ms
[129.680s][info][gc,phases      ] GC(656)   Post Evacuate Collection Set: 2.3ms
[129.680s][info][gc,phases      ] GC(656)   Other: 0.1ms
[129.680s][info][gc,heap        ] GC(656) Eden regions: 329->0(329)
[129.680s][info][gc,heap        ] GC(656) Survivor regions: 1->1(42)
[129.680s][info][gc,heap        ] GC(656) Old regions: 26->26
[129.680s][info][gc,heap        ] GC(656) Archive regions: 0->0
[129.680s][info][gc,heap        ] GC(656) Humongous regions: 0->0
[129.680s][info][gc,metaspace   ] GC(656) Metaspace: 14264K(15168K)->14264K(15168K) NonClass: 12314K(12928K)->12314K(12928K) Class: 1950K(2240K)->1950K(2240K)
[129.680s][info][gc             ] GC(656) Pause Young (Normal) (G1 Evacuation Pause) 336M->7M(551M) 3.441ms
[129.680s][info][gc,cpu         ] GC(656) User=0.00s Sys=0.00s Real=0.00s
[129.878s][info][gc,start       ] GC(657) Pause Young (Normal) (G1 Evacuation Pause)
[129.878s][info][gc,task        ] GC(657) Using 33 workers of 33 for evacuation
[129.881s][info][gc,phases      ] GC(657)   Pre Evacuate Collection Set: 0.2ms
[129.881s][info][gc,phases      ] GC(657)   Merge Heap Roots: 0.2ms
[129.881s][info][gc,phases      ] GC(657)   Evacuate Collection Set: 0.3ms
[129.881s][info][gc,phases      ] GC(657)   Post Evacuate Collection Set: 2.4ms
[129.881s][info][gc,phases      ] GC(657)   Other: 0.1ms
[129.881s][info][gc,heap        ] GC(657) Eden regions: 329->0(329)
[129.881s][info][gc,heap        ] GC(657) Survivor regions: 1->1(42)
[129.881s][info][gc,heap        ] GC(657) Old regions: 26->26
[129.881s][info][gc,heap        ] GC(657) Archive regions: 0->0
[129.881s][info][gc,heap        ] GC(657) Humongous regions: 0->0
[129.881s][info][gc,metaspace   ] GC(657) Metaspace: 14264K(15168K)->14264K(15168K) NonClass: 12314K(12928K)->12314K(12928K) Class: 1950K(2240K)->1950K(2240K)
[129.881s][info][gc             ] GC(657) Pause Young (Normal) (G1 Evacuation Pause) 336M->7M(551M) 3.339ms
[129.881s][info][gc,cpu         ] GC(657) User=0.00s Sys=0.00s Real=0.00s
[130.078s][info][gc,start       ] GC(658) Pause Young (Normal) (G1 Evacuation Pause)
[130.079s][info][gc,task        ] GC(658) Using 33 workers of 33 for evacuation
[130.082s][info][gc,phases      ] GC(658)   Pre Evacuate Collection Set: 0.2ms
[130.082s][info][gc,phases      ] GC(658)   Merge Heap Roots: 0.2ms
[130.082s][info][gc,phases      ] GC(658)   Evacuate Collection Set: 0.4ms
[130.082s][info][gc,phases      ] GC(658)   Post Evacuate Collection Set: 2.4ms
[130.082s][info][gc,phases      ] GC(658)   Other: 0.1ms
[130.082s][info][gc,heap        ] GC(658) Eden regions: 329->0(329)
[130.082s][info][gc,heap        ] GC(658) Survivor regions: 1->1(42)
[130.082s][info][gc,heap        ] GC(658) Old regions: 26->26
[130.082s][info][gc,heap        ] GC(658) Archive regions: 0->0
[130.082s][info][gc,heap        ] GC(658) Humongous regions: 0->0
[130.082s][info][gc,metaspace   ] GC(658) Metaspace: 14264K(15168K)->14264K(15168K) NonClass: 12314K(12928K)->12314K(12928K) Class: 1950K(2240K)->1950K(2240K)
[130.082s][info][gc             ] GC(658) Pause Young (Normal) (G1 Evacuation Pause) 336M->8M(551M) 3.395ms
[130.082s][info][gc,cpu         ] GC(658) User=0.02s Sys=0.00s Real=0.00s
[130.278s][info][gc,start       ] GC(659) Pause Young (Normal) (G1 Evacuation Pause)
[130.278s][info][gc,task        ] GC(659) Using 33 workers of 33 for evacuation
[130.282s][info][gc,phases      ] GC(659)   Pre Evacuate Collection Set: 0.2ms
[130.282s][info][gc,phases      ] GC(659)   Merge Heap Roots: 0.1ms
[130.282s][info][gc,phases      ] GC(659)   Evacuate Collection Set: 0.3ms
[130.282s][info][gc,phases      ] GC(659)   Post Evacuate Collection Set: 2.5ms
[130.282s][info][gc,phases      ] GC(659)   Other: 0.1ms
[130.282s][info][gc,heap        ] GC(659) Eden regions: 329->0(329)
[130.282s][info][gc,heap        ] GC(659) Survivor regions: 1->1(42)
[130.282s][info][gc,heap        ] GC(659) Old regions: 26->26
[130.282s][info][gc,heap        ] GC(659) Archive regions: 0->0
[130.282s][info][gc,heap        ] GC(659) Humongous regions: 0->0
[130.282s][info][gc,metaspace   ] GC(659) Metaspace: 14264K(15168K)->14264K(15168K) NonClass: 12314K(12928K)->12314K(12928K) Class: 1950K(2240K)->1950K(2240K)
[130.282s][info][gc             ] GC(659) Pause Young (Normal) (G1 Evacuation Pause) 337M->8M(551M) 3.450ms
[130.282s][info][gc,cpu         ] GC(659) User=0.34s Sys=0.00s Real=0.00s
[130.479s][info][gc,start       ] GC(660) Pause Young (Normal) (G1 Evacuation Pause)
[130.479s][info][gc,task        ] GC(660) Using 33 workers of 33 for evacuation
[130.482s][info][gc,phases      ] GC(660)   Pre Evacuate Collection Set: 0.2ms
[130.482s][info][gc,phases      ] GC(660)   Merge Heap Roots: 0.2ms
[130.483s][info][gc,phases      ] GC(660)   Evacuate Collection Set: 0.3ms
[130.483s][info][gc,phases      ] GC(660)   Post Evacuate Collection Set: 2.5ms
[130.483s][info][gc,phases      ] GC(660)   Other: 0.1ms
[130.483s][info][gc,heap        ] GC(660) Eden regions: 329->0(329)
[130.483s][info][gc,heap        ] GC(660) Survivor regions: 1->1(42)
[130.483s][info][gc,heap        ] GC(660) Old regions: 26->26
[130.483s][info][gc,heap        ] GC(660) Archive regions: 0->0
[130.483s][info][gc,heap        ] GC(660) Humongous regions: 0->0
[130.483s][info][gc,metaspace   ] GC(660) Metaspace: 14264K(15168K)->14264K(15168K) NonClass: 12314K(12928K)->12314K(12928K) Class: 1950K(2240K)->1950K(2240K)
[130.483s][info][gc             ] GC(660) Pause Young (Normal) (G1 Evacuation Pause) 337M->8M(551M) 3.450ms
[130.483s][info][gc,cpu         ] GC(660) User=0.00s Sys=0.00s Real=0.00s
[130.680s][info][gc,start       ] GC(661) Pause Young (Normal) (G1 Evacuation Pause)
[130.680s][info][gc,task        ] GC(661) Using 33 workers of 33 for evacuation
[130.684s][info][gc,phases      ] GC(661)   Pre Evacuate Collection Set: 0.1ms
[130.684s][info][gc,phases      ] GC(661)   Merge Heap Roots: 0.2ms
[130.684s][info][gc,phases      ] GC(661)   Evacuate Collection Set: 0.3ms
[130.684s][info][gc,phases      ] GC(661)   Post Evacuate Collection Set: 2.5ms
[130.684s][info][gc,phases      ] GC(661)   Other: 0.1ms
[130.684s][info][gc,heap        ] GC(661) Eden regions: 329->0(329)
[130.684s][info][gc,heap        ] GC(661) Survivor regions: 1->1(42)
[130.684s][info][gc,heap        ] GC(661) Old regions: 26->26
[130.684s][info][gc,heap        ] GC(661) Archive regions: 0->0
[130.684s][info][gc,heap        ] GC(661) Humongous regions: 0->0
[130.684s][info][gc,metaspace   ] GC(661) Metaspace: 14264K(15168K)->14264K(15168K) NonClass: 12314K(12928K)->12314K(12928K) Class: 1950K(2240K)->1950K(2240K)
[130.684s][info][gc             ] GC(661) Pause Young (Normal) (G1 Evacuation Pause) 337M->8M(551M) 3.475ms
[130.684s][info][gc,cpu         ] GC(661) User=0.00s Sys=0.00s Real=0.00s
[130.881s][info][gc,start       ] GC(662) Pause Young (Normal) (G1 Evacuation Pause)
[130.882s][info][gc,task        ] GC(662) Using 33 workers of 33 for evacuation
[130.885s][info][gc,phases      ] GC(662)   Pre Evacuate Collection Set: 0.2ms
[130.885s][info][gc,phases      ] GC(662)   Merge Heap Roots: 0.1ms
[130.885s][info][gc,phases      ] GC(662)   Evacuate Collection Set: 0.3ms
[130.885s][info][gc,phases      ] GC(662)   Post Evacuate Collection Set: 2.5ms
[130.885s][info][gc,phases      ] GC(662)   Other: 0.1ms
[130.885s][info][gc,heap        ] GC(662) Eden regions: 329->0(329)
[130.885s][info][gc,heap        ] GC(662) Survivor regions: 1->1(42)
[130.885s][info][gc,heap        ] GC(662) Old regions: 26->26
[130.885s][info][gc,heap        ] GC(662) Archive regions: 0->0
[130.885s][info][gc,heap        ] GC(662) Humongous regions: 0->0
[130.885s][info][gc,metaspace   ] GC(662) Metaspace: 14264K(15168K)->14264K(15168K) NonClass: 12314K(12928K)->12314K(12928K) Class: 1950K(2240K)->1950K(2240K)
[130.885s][info][gc             ] GC(662) Pause Young (Normal) (G1 Evacuation Pause) 337M->8M(551M) 3.549ms
[130.885s][info][gc,cpu         ] GC(662) User=0.00s Sys=0.00s Real=0.00s
[131.083s][info][gc,start       ] GC(663) Pause Young (Normal) (G1 Evacuation Pause)
[131.083s][info][gc,task        ] GC(663) Using 33 workers of 33 for evacuation
[131.086s][info][gc,phases      ] GC(663)   Pre Evacuate Collection Set: 0.1ms
[131.086s][info][gc,phases      ] GC(663)   Merge Heap Roots: 0.2ms
[131.086s][info][gc,phases      ] GC(663)   Evacuate Collection Set: 0.3ms
[131.086s][info][gc,phases      ] GC(663)   Post Evacuate Collection Set: 2.6ms
[131.086s][info][gc,phases      ] GC(663)   Other: 0.1ms
[131.086s][info][gc,heap        ] GC(663) Eden regions: 329->0(329)
[131.086s][info][gc,heap        ] GC(663) Survivor regions: 1->1(42)
[131.086s][info][gc,heap        ] GC(663) Old regions: 26->26
[131.086s][info][gc,heap        ] GC(663) Archive regions: 0->0
[131.086s][info][gc,heap        ] GC(663) Humongous regions: 0->0
[131.086s][info][gc,metaspace   ] GC(663) Metaspace: 14264K(15168K)->14264K(15168K) NonClass: 12314K(12928K)->12314K(12928K) Class: 1950K(2240K)->1950K(2240K)
[131.086s][info][gc             ] GC(663) Pause Young (Normal) (G1 Evacuation Pause) 337M->8M(551M) 3.580ms
[131.087s][info][gc,cpu         ] GC(663) User=0.00s Sys=0.00s Real=0.00s
[131.284s][info][gc,start       ] GC(664) Pause Young (Normal) (G1 Evacuation Pause)
[131.284s][info][gc,task        ] GC(664) Using 33 workers of 33 for evacuation
[131.287s][info][gc,phases      ] GC(664)   Pre Evacuate Collection Set: 0.2ms
[131.287s][info][gc,phases      ] GC(664)   Merge Heap Roots: 0.1ms
[131.287s][info][gc,phases      ] GC(664)   Evacuate Collection Set: 0.3ms
[131.287s][info][gc,phases      ] GC(664)   Post Evacuate Collection Set: 2.6ms
[131.287s][info][gc,phases      ] GC(664)   Other: 0.1ms
[131.287s][info][gc,heap        ] GC(664) Eden regions: 329->0(329)
[131.287s][info][gc,heap        ] GC(664) Survivor regions: 1->1(42)
[131.288s][info][gc,heap        ] GC(664) Old regions: 26->26
[131.288s][info][gc,heap        ] GC(664) Archive regions: 0->0
[131.288s][info][gc,heap        ] GC(664) Humongous regions: 0->0
[131.288s][info][gc,metaspace   ] GC(664) Metaspace: 14264K(15168K)->14264K(15168K) NonClass: 12314K(12928K)->12314K(12928K) Class: 1950K(2240K)->1950K(2240K)
[131.288s][info][gc             ] GC(664) Pause Young (Normal) (G1 Evacuation Pause) 337M->8M(551M) 3.558ms
[131.288s][info][gc,cpu         ] GC(664) User=0.00s Sys=0.00s Real=0.00s
[131.485s][info][gc,start       ] GC(665) Pause Young (Normal) (G1 Evacuation Pause)
[131.485s][info][gc,task        ] GC(665) Using 33 workers of 33 for evacuation
[131.488s][info][gc,phases      ] GC(665)   Pre Evacuate Collection Set: 0.2ms
[131.488s][info][gc,phases      ] GC(665)   Merge Heap Roots: 0.2ms
[131.488s][info][gc,phases      ] GC(665)   Evacuate Collection Set: 0.4ms
[131.488s][info][gc,phases      ] GC(665)   Post Evacuate Collection Set: 2.6ms
[131.488s][info][gc,phases      ] GC(665)   Other: 0.1ms
[131.488s][info][gc,heap        ] GC(665) Eden regions: 329->0(329)
[131.488s][info][gc,heap        ] GC(665) Survivor regions: 1->1(42)
[131.488s][info][gc,heap        ] GC(665) Old regions: 26->26
[131.488s][info][gc,heap        ] GC(665) Archive regions: 0->0
[131.488s][info][gc,heap        ] GC(665) Humongous regions: 0->0
[131.488s][info][gc,metaspace   ] GC(665) Metaspace: 14264K(15168K)->14264K(15168K) NonClass: 12314K(12928K)->12314K(12928K) Class: 1950K(2240K)->1950K(2240K)
[131.488s][info][gc             ] GC(665) Pause Young (Normal) (G1 Evacuation Pause) 337M->8M(551M) 3.684ms
[131.488s][info][gc,cpu         ] GC(665) User=0.00s Sys=0.00s Real=0.00s
[131.686s][info][gc,start       ] GC(666) Pause Young (Normal) (G1 Evacuation Pause)
[131.686s][info][gc,task        ] GC(666) Using 33 workers of 33 for evacuation
[131.689s][info][gc,phases      ] GC(666)   Pre Evacuate Collection Set: 0.2ms
[131.689s][info][gc,phases      ] GC(666)   Merge Heap Roots: 0.1ms
[131.690s][info][gc,phases      ] GC(666)   Evacuate Collection Set: 0.4ms
[131.690s][info][gc,phases      ] GC(666)   Post Evacuate Collection Set: 2.7ms
[131.690s][info][gc,phases      ] GC(666)   Other: 0.1ms
[131.690s][info][gc,heap        ] GC(666) Eden regions: 329->0(329)
[131.690s][info][gc,heap        ] GC(666) Survivor regions: 1->1(42)
[131.690s][info][gc,heap        ] GC(666) Old regions: 26->26
[131.690s][info][gc,heap        ] GC(666) Archive regions: 0->0
[131.690s][info][gc,heap        ] GC(666) Humongous regions: 0->0
[131.690s][info][gc,metaspace   ] GC(666) Metaspace: 14264K(15168K)->14264K(15168K) NonClass: 12314K(12928K)->12314K(12928K) Class: 1950K(2240K)->1950K(2240K)
[131.690s][info][gc             ] GC(666) Pause Young (Normal) (G1 Evacuation Pause) 337M->8M(551M) 3.680ms
[131.690s][info][gc,cpu         ] GC(666) User=0.52s Sys=0.00s Real=0.00s
[132.014s][info][gc,start       ] GC(667) Pause Young (Normal) (G1 Evacuation Pause)
[132.014s][info][gc,task        ] GC(667) Using 33 workers of 33 for evacuation
[132.019s][info][gc,phases      ] GC(667)   Pre Evacuate Collection Set: 0.2ms
[132.019s][info][gc,phases      ] GC(667)   Merge Heap Roots: 0.2ms
[132.019s][info][gc,phases      ] GC(667)   Evacuate Collection Set: 0.6ms
[132.019s][info][gc,phases      ] GC(667)   Post Evacuate Collection Set: 3.6ms
[132.020s][info][gc,phases      ] GC(667)   Other: 0.3ms
[132.020s][info][gc,heap        ] GC(667) Eden regions: 329->0(329)
[132.020s][info][gc,heap        ] GC(667) Survivor regions: 1->1(42)
[132.020s][info][gc,heap        ] GC(667) Old regions: 26->26
[132.020s][info][gc,heap        ] GC(667) Archive regions: 0->0
[132.020s][info][gc,heap        ] GC(667) Humongous regions: 0->0
[132.020s][info][gc,metaspace   ] GC(667) Metaspace: 14264K(15168K)->14264K(15168K) NonClass: 12314K(12928K)->12314K(12928K) Class: 1950K(2240K)->1950K(2240K)
[132.020s][info][gc             ] GC(667) Pause Young (Normal) (G1 Evacuation Pause) 337M->8M(551M) 5.457ms
[132.020s][info][gc,cpu         ] GC(667) User=0.00s Sys=0.00s Real=0.00s
[132.221s][info][gc,start       ] GC(668) Pause Young (Normal) (G1 Evacuation Pause)
[132.221s][info][gc,task        ] GC(668) Using 33 workers of 33 for evacuation
[132.224s][info][gc,phases      ] GC(668)   Pre Evacuate Collection Set: 0.2ms
[132.224s][info][gc,phases      ] GC(668)   Merge Heap Roots: 0.2ms
[132.224s][info][gc,phases      ] GC(668)   Evacuate Collection Set: 0.3ms
[132.224s][info][gc,phases      ] GC(668)   Post Evacuate Collection Set: 2.6ms
[132.224s][info][gc,phases      ] GC(668)   Other: 0.1ms
[132.225s][info][gc,heap        ] GC(668) Eden regions: 329->0(329)
[132.225s][info][gc,heap        ] GC(668) Survivor regions: 1->1(42)
[132.225s][info][gc,heap        ] GC(668) Old regions: 26->26
[132.225s][info][gc,heap        ] GC(668) Archive regions: 0->0
[132.225s][info][gc,heap        ] GC(668) Humongous regions: 0->0
[132.225s][info][gc,metaspace   ] GC(668) Metaspace: 14264K(15168K)->14264K(15168K) NonClass: 12314K(12928K)->12314K(12928K) Class: 1950K(2240K)->1950K(2240K)
[132.225s][info][gc             ] GC(668) Pause Young (Normal) (G1 Evacuation Pause) 337M->8M(551M) 3.553ms
[132.225s][info][gc,cpu         ] GC(668) User=0.00s Sys=0.00s Real=0.00s
[132.423s][info][gc,start       ] GC(669) Pause Young (Normal) (G1 Evacuation Pause)
[132.423s][info][gc,task        ] GC(669) Using 33 workers of 33 for evacuation
[132.426s][info][gc,phases      ] GC(669)   Pre Evacuate Collection Set: 0.1ms
[132.427s][info][gc,phases      ] GC(669)   Merge Heap Roots: 0.2ms
[132.427s][info][gc,phases      ] GC(669)   Evacuate Collection Set: 0.3ms
[132.427s][info][gc,phases      ] GC(669)   Post Evacuate Collection Set: 2.4ms
[132.427s][info][gc,phases      ] GC(669)   Other: 0.1ms
[132.427s][info][gc,heap        ] GC(669) Eden regions: 329->0(329)
[132.427s][info][gc,heap        ] GC(669) Survivor regions: 1->1(42)
[132.427s][info][gc,heap        ] GC(669) Old regions: 26->26
[132.427s][info][gc,heap        ] GC(669) Archive regions: 0->0
[132.427s][info][gc,heap        ] GC(669) Humongous regions: 0->0
[132.427s][info][gc,metaspace   ] GC(669) Metaspace: 14264K(15168K)->14264K(15168K) NonClass: 12314K(12928K)->12314K(12928K) Class: 1950K(2240K)->1950K(2240K)
[132.427s][info][gc             ] GC(669) Pause Young (Normal) (G1 Evacuation Pause) 337M->8M(551M) 3.385ms
[132.427s][info][gc,cpu         ] GC(669) User=0.00s Sys=0.00s Real=0.00s
[132.624s][info][gc,start       ] GC(670) Pause Young (Normal) (G1 Evacuation Pause)
[132.624s][info][gc,task        ] GC(670) Using 33 workers of 33 for evacuation
[132.627s][info][gc,phases      ] GC(670)   Pre Evacuate Collection Set: 0.2ms
[132.627s][info][gc,phases      ] GC(670)   Merge Heap Roots: 0.2ms
[132.627s][info][gc,phases      ] GC(670)   Evacuate Collection Set: 0.3ms
[132.627s][info][gc,phases      ] GC(670)   Post Evacuate Collection Set: 2.4ms
[132.627s][info][gc,phases      ] GC(670)   Other: 0.1ms
[132.627s][info][gc,heap        ] GC(670) Eden regions: 329->0(329)
[132.627s][info][gc,heap        ] GC(670) Survivor regions: 1->1(42)
[132.627s][info][gc,heap        ] GC(670) Old regions: 26->26
[132.627s][info][gc,heap        ] GC(670) Archive regions: 0->0
[132.627s][info][gc,heap        ] GC(670) Humongous regions: 0->0
[132.627s][info][gc,metaspace   ] GC(670) Metaspace: 14264K(15168K)->14264K(15168K) NonClass: 12314K(12928K)->12314K(12928K) Class: 1950K(2240K)->1950K(2240K)
[132.627s][info][gc             ] GC(670) Pause Young (Normal) (G1 Evacuation Pause) 337M->8M(551M) 3.423ms
[132.627s][info][gc,cpu         ] GC(670) User=0.52s Sys=0.00s Real=0.00s
[132.825s][info][gc,start       ] GC(671) Pause Young (Normal) (G1 Evacuation Pause)
[132.825s][info][gc,task        ] GC(671) Using 33 workers of 33 for evacuation
[132.828s][info][gc,phases      ] GC(671)   Pre Evacuate Collection Set: 0.2ms
[132.828s][info][gc,phases      ] GC(671)   Merge Heap Roots: 0.2ms
[132.828s][info][gc,phases      ] GC(671)   Evacuate Collection Set: 0.4ms
[132.828s][info][gc,phases      ] GC(671)   Post Evacuate Collection Set: 2.2ms
[132.828s][info][gc,phases      ] GC(671)   Other: 0.1ms
[132.828s][info][gc,heap        ] GC(671) Eden regions: 329->0(329)
[132.828s][info][gc,heap        ] GC(671) Survivor regions: 1->1(42)
[132.828s][info][gc,heap        ] GC(671) Old regions: 26->26
[132.828s][info][gc,heap        ] GC(671) Archive regions: 0->0
[132.828s][info][gc,heap        ] GC(671) Humongous regions: 0->0
[132.828s][info][gc,metaspace   ] GC(671) Metaspace: 14264K(15168K)->14264K(15168K) NonClass: 12314K(12928K)->12314K(12928K) Class: 1950K(2240K)->1950K(2240K)
[132.828s][info][gc             ] GC(671) Pause Young (Normal) (G1 Evacuation Pause) 337M->8M(551M) 3.207ms
[132.828s][info][gc,cpu         ] GC(671) User=0.00s Sys=0.02s Real=0.00s
[133.023s][info][gc,start       ] GC(672) Pause Young (Normal) (G1 Evacuation Pause)
[133.023s][info][gc,task        ] GC(672) Using 33 workers of 33 for evacuation
[133.026s][info][gc,phases      ] GC(672)   Pre Evacuate Collection Set: 0.2ms
[133.026s][info][gc,phases      ] GC(672)   Merge Heap Roots: 0.2ms
[133.026s][info][gc,phases      ] GC(672)   Evacuate Collection Set: 0.4ms
[133.026s][info][gc,phases      ] GC(672)   Post Evacuate Collection Set: 2.3ms
[133.027s][info][gc,phases      ] GC(672)   Other: 0.1ms
[133.027s][info][gc,heap        ] GC(672) Eden regions: 329->0(329)
[133.027s][info][gc,heap        ] GC(672) Survivor regions: 1->1(42)
[133.027s][info][gc,heap        ] GC(672) Old regions: 26->26
[133.027s][info][gc,heap        ] GC(672) Archive regions: 0->0
[133.027s][info][gc,heap        ] GC(672) Humongous regions: 0->0
[133.027s][info][gc,metaspace   ] GC(672) Metaspace: 14264K(15168K)->14264K(15168K) NonClass: 12314K(12928K)->12314K(12928K) Class: 1950K(2240K)->1950K(2240K)
[133.027s][info][gc             ] GC(672) Pause Young (Normal) (G1 Evacuation Pause) 337M->8M(551M) 3.306ms
[133.027s][info][gc,cpu         ] GC(672) User=0.00s Sys=0.00s Real=0.00s
[133.224s][info][gc,start       ] GC(673) Pause Young (Normal) (G1 Evacuation Pause)
[133.224s][info][gc,task        ] GC(673) Using 33 workers of 33 for evacuation
[133.227s][info][gc,phases      ] GC(673)   Pre Evacuate Collection Set: 0.2ms
[133.227s][info][gc,phases      ] GC(673)   Merge Heap Roots: 0.2ms
[133.227s][info][gc,phases      ] GC(673)   Evacuate Collection Set: 0.4ms
[133.227s][info][gc,phases      ] GC(673)   Post Evacuate Collection Set: 2.3ms
[133.227s][info][gc,phases      ] GC(673)   Other: 0.1ms
[133.227s][info][gc,heap        ] GC(673) Eden regions: 329->0(329)
[133.227s][info][gc,heap        ] GC(673) Survivor regions: 1->1(42)
[133.227s][info][gc,heap        ] GC(673) Old regions: 26->26
[133.227s][info][gc,heap        ] GC(673) Archive regions: 0->0
[133.227s][info][gc,heap        ] GC(673) Humongous regions: 0->0
[133.227s][info][gc,metaspace   ] GC(673) Metaspace: 14264K(15168K)->14264K(15168K) NonClass: 12314K(12928K)->12314K(12928K) Class: 1950K(2240K)->1950K(2240K)
[133.227s][info][gc             ] GC(673) Pause Young (Normal) (G1 Evacuation Pause) 337M->8M(551M) 3.359ms
[133.227s][info][gc,cpu         ] GC(673) User=0.00s Sys=0.00s Real=0.00s
[133.423s][info][gc,start       ] GC(674) Pause Young (Normal) (G1 Evacuation Pause)
[133.423s][info][gc,task        ] GC(674) Using 33 workers of 33 for evacuation
[133.426s][info][gc,phases      ] GC(674)   Pre Evacuate Collection Set: 0.2ms
[133.426s][info][gc,phases      ] GC(674)   Merge Heap Roots: 0.2ms
[133.426s][info][gc,phases      ] GC(674)   Evacuate Collection Set: 0.3ms
[133.426s][info][gc,phases      ] GC(674)   Post Evacuate Collection Set: 2.3ms
[133.426s][info][gc,phases      ] GC(674)   Other: 0.1ms
[133.426s][info][gc,heap        ] GC(674) Eden regions: 329->0(329)
[133.426s][info][gc,heap        ] GC(674) Survivor regions: 1->1(42)
[133.426s][info][gc,heap        ] GC(674) Old regions: 26->27
[133.426s][info][gc,heap        ] GC(674) Archive regions: 0->0
[133.426s][info][gc,heap        ] GC(674) Humongous regions: 0->0
[133.426s][info][gc,metaspace   ] GC(674) Metaspace: 14264K(15168K)->14264K(15168K) NonClass: 12314K(12928K)->12314K(12928K) Class: 1950K(2240K)->1950K(2240K)
[133.427s][info][gc             ] GC(674) Pause Young (Normal) (G1 Evacuation Pause) 337M->8M(551M) 3.317ms
[133.427s][info][gc,cpu         ] GC(674) User=0.00s Sys=0.00s Real=0.00s
[133.622s][info][gc,start       ] GC(675) Pause Young (Normal) (G1 Evacuation Pause)
[133.622s][info][gc,task        ] GC(675) Using 33 workers of 33 for evacuation
[133.625s][info][gc,phases      ] GC(675)   Pre Evacuate Collection Set: 0.2ms
[133.625s][info][gc,phases      ] GC(675)   Merge Heap Roots: 0.2ms
[133.625s][info][gc,phases      ] GC(675)   Evacuate Collection Set: 0.4ms
[133.625s][info][gc,phases      ] GC(675)   Post Evacuate Collection Set: 2.4ms
[133.625s][info][gc,phases      ] GC(675)   Other: 0.1ms
[133.625s][info][gc,heap        ] GC(675) Eden regions: 329->0(329)
[133.625s][info][gc,heap        ] GC(675) Survivor regions: 1->1(42)
[133.625s][info][gc,heap        ] GC(675) Old regions: 27->27
[133.625s][info][gc,heap        ] GC(675) Archive regions: 0->0
[133.625s][info][gc,heap        ] GC(675) Humongous regions: 0->0
[133.625s][info][gc,metaspace   ] GC(675) Metaspace: 14264K(15168K)->14264K(15168K) NonClass: 12314K(12928K)->12314K(12928K) Class: 1950K(2240K)->1950K(2240K)
[133.625s][info][gc             ] GC(675) Pause Young (Normal) (G1 Evacuation Pause) 337M->8M(551M) 3.402ms
[133.625s][info][gc,cpu         ] GC(675) User=0.02s Sys=0.00s Real=0.00s
[133.821s][info][gc,start       ] GC(676) Pause Young (Normal) (G1 Evacuation Pause)
[133.821s][info][gc,task        ] GC(676) Using 33 workers of 33 for evacuation
[133.824s][info][gc,phases      ] GC(676)   Pre Evacuate Collection Set: 0.1ms
[133.824s][info][gc,phases      ] GC(676)   Merge Heap Roots: 0.2ms
[133.824s][info][gc,phases      ] GC(676)   Evacuate Collection Set: 0.3ms
[133.824s][info][gc,phases      ] GC(676)   Post Evacuate Collection Set: 2.4ms
[133.824s][info][gc,phases      ] GC(676)   Other: 0.1ms
[133.824s][info][gc,heap        ] GC(676) Eden regions: 329->0(329)
[133.824s][info][gc,heap        ] GC(676) Survivor regions: 1->1(42)
[133.824s][info][gc,heap        ] GC(676) Old regions: 27->27
[133.824s][info][gc,heap        ] GC(676) Archive regions: 0->0
[133.824s][info][gc,heap        ] GC(676) Humongous regions: 0->0
[133.824s][info][gc,metaspace   ] GC(676) Metaspace: 14264K(15168K)->14264K(15168K) NonClass: 12314K(12928K)->12314K(12928K) Class: 1950K(2240K)->1950K(2240K)
[133.824s][info][gc             ] GC(676) Pause Young (Normal) (G1 Evacuation Pause) 337M->8M(551M) 3.375ms
[133.824s][info][gc,cpu         ] GC(676) User=0.00s Sys=0.00s Real=0.00s
[134.020s][info][gc,start       ] GC(677) Pause Young (Normal) (G1 Evacuation Pause)
[134.020s][info][gc,task        ] GC(677) Using 33 workers of 33 for evacuation
[134.023s][info][gc,phases      ] GC(677)   Pre Evacuate Collection Set: 0.1ms
[134.023s][info][gc,phases      ] GC(677)   Merge Heap Roots: 0.2ms
[134.023s][info][gc,phases      ] GC(677)   Evacuate Collection Set: 0.3ms
[134.023s][info][gc,phases      ] GC(677)   Post Evacuate Collection Set: 2.4ms
[134.023s][info][gc,phases      ] GC(677)   Other: 0.1ms
[134.023s][info][gc,heap        ] GC(677) Eden regions: 329->0(329)
[134.023s][info][gc,heap        ] GC(677) Survivor regions: 1->1(42)
[134.023s][info][gc,heap        ] GC(677) Old regions: 27->27
[134.023s][info][gc,heap        ] GC(677) Archive regions: 0->0
[134.023s][info][gc,heap        ] GC(677) Humongous regions: 0->0
[134.023s][info][gc,metaspace   ] GC(677) Metaspace: 14264K(15168K)->14264K(15168K) NonClass: 12314K(12928K)->12314K(12928K) Class: 1950K(2240K)->1950K(2240K)
[134.023s][info][gc             ] GC(677) Pause Young (Normal) (G1 Evacuation Pause) 337M->8M(551M) 3.425ms
[134.023s][info][gc,cpu         ] GC(677) User=0.00s Sys=0.00s Real=0.00s
[134.219s][info][gc,start       ] GC(678) Pause Young (Normal) (G1 Evacuation Pause)
[134.219s][info][gc,task        ] GC(678) Using 33 workers of 33 for evacuation
[134.223s][info][gc,phases      ] GC(678)   Pre Evacuate Collection Set: 0.1ms
[134.223s][info][gc,phases      ] GC(678)   Merge Heap Roots: 0.1ms
[134.223s][info][gc,phases      ] GC(678)   Evacuate Collection Set: 0.4ms
[134.223s][info][gc,phases      ] GC(678)   Post Evacuate Collection Set: 2.4ms
[134.223s][info][gc,phases      ] GC(678)   Other: 0.1ms
[134.223s][info][gc,heap        ] GC(678) Eden regions: 329->0(329)
[134.223s][info][gc,heap        ] GC(678) Survivor regions: 1->1(42)
[134.223s][info][gc,heap        ] GC(678) Old regions: 27->27
[134.223s][info][gc,heap        ] GC(678) Archive regions: 0->0
[134.223s][info][gc,heap        ] GC(678) Humongous regions: 0->0
[134.223s][info][gc,metaspace   ] GC(678) Metaspace: 14264K(15168K)->14264K(15168K) NonClass: 12314K(12928K)->12314K(12928K) Class: 1950K(2240K)->1950K(2240K)
[134.223s][info][gc             ] GC(678) Pause Young (Normal) (G1 Evacuation Pause) 337M->8M(551M) 3.442ms
[134.223s][info][gc,cpu         ] GC(678) User=0.00s Sys=0.00s Real=0.00s
[134.419s][info][gc,start       ] GC(679) Pause Young (Normal) (G1 Evacuation Pause)
[134.419s][info][gc,task        ] GC(679) Using 33 workers of 33 for evacuation
[134.422s][info][gc,phases      ] GC(679)   Pre Evacuate Collection Set: 0.2ms
[134.422s][info][gc,phases      ] GC(679)   Merge Heap Roots: 0.2ms
[134.422s][info][gc,phases      ] GC(679)   Evacuate Collection Set: 0.3ms
[134.422s][info][gc,phases      ] GC(679)   Post Evacuate Collection Set: 2.5ms
[134.422s][info][gc,phases      ] GC(679)   Other: 0.1ms
[134.422s][info][gc,heap        ] GC(679) Eden regions: 329->0(329)
[134.422s][info][gc,heap        ] GC(679) Survivor regions: 1->1(42)
[134.422s][info][gc,heap        ] GC(679) Old regions: 27->27
[134.422s][info][gc,heap        ] GC(679) Archive regions: 0->0
[134.422s][info][gc,heap        ] GC(679) Humongous regions: 0->0
[134.422s][info][gc,metaspace   ] GC(679) Metaspace: 14264K(15168K)->14264K(15168K) NonClass: 12314K(12928K)->12314K(12928K) Class: 1950K(2240K)->1950K(2240K)
[134.422s][info][gc             ] GC(679) Pause Young (Normal) (G1 Evacuation Pause) 337M->8M(551M) 3.502ms
[134.422s][info][gc,cpu         ] GC(679) User=0.52s Sys=0.00s Real=0.00s
[134.618s][info][gc,start       ] GC(680) Pause Young (Normal) (G1 Evacuation Pause)
[134.619s][info][gc,task        ] GC(680) Using 33 workers of 33 for evacuation
[134.622s][info][gc,phases      ] GC(680)   Pre Evacuate Collection Set: 0.2ms
[134.622s][info][gc,phases      ] GC(680)   Merge Heap Roots: 0.2ms
[134.622s][info][gc,phases      ] GC(680)   Evacuate Collection Set: 0.4ms
[134.622s][info][gc,phases      ] GC(680)   Post Evacuate Collection Set: 2.5ms
[134.622s][info][gc,phases      ] GC(680)   Other: 0.1ms
[134.622s][info][gc,heap        ] GC(680) Eden regions: 329->0(329)
[134.622s][info][gc,heap        ] GC(680) Survivor regions: 1->1(42)
[134.622s][info][gc,heap        ] GC(680) Old regions: 27->27
[134.622s][info][gc,heap        ] GC(680) Archive regions: 0->0
[134.622s][info][gc,heap        ] GC(680) Humongous regions: 0->0
[134.622s][info][gc,metaspace   ] GC(680) Metaspace: 14264K(15168K)->14264K(15168K) NonClass: 12314K(12928K)->12314K(12928K) Class: 1950K(2240K)->1950K(2240K)
[134.622s][info][gc             ] GC(680) Pause Young (Normal) (G1 Evacuation Pause) 337M->9M(551M) 3.564ms
[134.622s][info][gc,cpu         ] GC(680) User=0.00s Sys=0.00s Real=0.00s
[134.819s][info][gc,start       ] GC(681) Pause Young (Normal) (G1 Evacuation Pause)
[134.819s][info][gc,task        ] GC(681) Using 33 workers of 33 for evacuation
[134.822s][info][gc,phases      ] GC(681)   Pre Evacuate Collection Set: 0.2ms
[134.822s][info][gc,phases      ] GC(681)   Merge Heap Roots: 0.2ms
[134.822s][info][gc,phases      ] GC(681)   Evacuate Collection Set: 0.3ms
[134.822s][info][gc,phases      ] GC(681)   Post Evacuate Collection Set: 2.6ms
[134.822s][info][gc,phases      ] GC(681)   Other: 0.1ms
[134.822s][info][gc,heap        ] GC(681) Eden regions: 329->0(329)
[134.822s][info][gc,heap        ] GC(681) Survivor regions: 1->1(42)
[134.822s][info][gc,heap        ] GC(681) Old regions: 27->27
[134.822s][info][gc,heap        ] GC(681) Archive regions: 0->0
[134.822s][info][gc,heap        ] GC(681) Humongous regions: 0->0
[134.822s][info][gc,metaspace   ] GC(681) Metaspace: 14264K(15168K)->14264K(15168K) NonClass: 12314K(12928K)->12314K(12928K) Class: 1950K(2240K)->1950K(2240K)
[134.822s][info][gc             ] GC(681) Pause Young (Normal) (G1 Evacuation Pause) 338M->9M(551M) 3.546ms
[134.822s][info][gc,cpu         ] GC(681) User=0.00s Sys=0.00s Real=0.00s
[135.019s][info][gc,start       ] GC(682) Pause Young (Normal) (G1 Evacuation Pause)
[135.019s][info][gc,task        ] GC(682) Using 33 workers of 33 for evacuation
[135.022s][info][gc,phases      ] GC(682)   Pre Evacuate Collection Set: 0.2ms
[135.022s][info][gc,phases      ] GC(682)   Merge Heap Roots: 0.1ms
[135.022s][info][gc,phases      ] GC(682)   Evacuate Collection Set: 0.3ms
[135.022s][info][gc,phases      ] GC(682)   Post Evacuate Collection Set: 2.6ms
[135.022s][info][gc,phases      ] GC(682)   Other: 0.2ms
[135.022s][info][gc,heap        ] GC(682) Eden regions: 329->0(329)
[135.022s][info][gc,heap        ] GC(682) Survivor regions: 1->1(42)
[135.022s][info][gc,heap        ] GC(682) Old regions: 27->27
[135.022s][info][gc,heap        ] GC(682) Archive regions: 0->0
[135.022s][info][gc,heap        ] GC(682) Humongous regions: 0->0
[135.022s][info][gc,metaspace   ] GC(682) Metaspace: 14264K(15168K)->14264K(15168K) NonClass: 12314K(12928K)->12314K(12928K) Class: 1950K(2240K)->1950K(2240K)
[135.022s][info][gc             ] GC(682) Pause Young (Normal) (G1 Evacuation Pause) 338M->9M(551M) 3.724ms
[135.022s][info][gc,cpu         ] GC(682) User=0.00s Sys=0.00s Real=0.00s
[135.218s][info][gc,start       ] GC(683) Pause Young (Normal) (G1 Evacuation Pause)
[135.219s][info][gc,task        ] GC(683) Using 33 workers of 33 for evacuation
[135.222s][info][gc,phases      ] GC(683)   Pre Evacuate Collection Set: 0.2ms
[135.222s][info][gc,phases      ] GC(683)   Merge Heap Roots: 0.2ms
[135.222s][info][gc,phases      ] GC(683)   Evacuate Collection Set: 0.3ms
[135.222s][info][gc,phases      ] GC(683)   Post Evacuate Collection Set: 2.7ms
[135.222s][info][gc,phases      ] GC(683)   Other: 0.1ms
[135.222s][info][gc,heap        ] GC(683) Eden regions: 329->0(329)
[135.222s][info][gc,heap        ] GC(683) Survivor regions: 1->1(42)
[135.222s][info][gc,heap        ] GC(683) Old regions: 27->27
[135.222s][info][gc,heap        ] GC(683) Archive regions: 0->0
[135.222s][info][gc,heap        ] GC(683) Humongous regions: 0->0
[135.222s][info][gc,metaspace   ] GC(683) Metaspace: 14264K(15168K)->14264K(15168K) NonClass: 12314K(12928K)->12314K(12928K) Class: 1950K(2240K)->1950K(2240K)
[135.222s][info][gc             ] GC(683) Pause Young (Normal) (G1 Evacuation Pause) 338M->9M(551M) 3.704ms
[135.222s][info][gc,cpu         ] GC(683) User=0.52s Sys=0.00s Real=0.00s
[135.419s][info][gc,start       ] GC(684) Pause Young (Normal) (G1 Evacuation Pause)
[135.419s][info][gc,task        ] GC(684) Using 33 workers of 33 for evacuation
[135.422s][info][gc,phases      ] GC(684)   Pre Evacuate Collection Set: 0.2ms
[135.422s][info][gc,phases      ] GC(684)   Merge Heap Roots: 0.2ms
[135.422s][info][gc,phases      ] GC(684)   Evacuate Collection Set: 0.3ms
[135.422s][info][gc,phases      ] GC(684)   Post Evacuate Collection Set: 2.7ms
[135.422s][info][gc,phases      ] GC(684)   Other: 0.2ms
[135.422s][info][gc,heap        ] GC(684) Eden regions: 329->0(329)
[135.422s][info][gc,heap        ] GC(684) Survivor regions: 1->1(42)
[135.422s][info][gc,heap        ] GC(684) Old regions: 27->27
[135.422s][info][gc,heap        ] GC(684) Archive regions: 0->0
[135.422s][info][gc,heap        ] GC(684) Humongous regions: 0->0
[135.422s][info][gc,metaspace   ] GC(684) Metaspace: 14264K(15168K)->14264K(15168K) NonClass: 12314K(12928K)->12314K(12928K) Class: 1950K(2240K)->1950K(2240K)
[135.422s][info][gc             ] GC(684) Pause Young (Normal) (G1 Evacuation Pause) 338M->9M(551M) 3.757ms
[135.422s][info][gc,cpu         ] GC(684) User=0.52s Sys=0.00s Real=0.00s
[135.620s][info][gc,start       ] GC(685) Pause Young (Normal) (G1 Evacuation Pause)
[135.620s][info][gc,task        ] GC(685) Using 33 workers of 33 for evacuation
[135.624s][info][gc,phases      ] GC(685)   Pre Evacuate Collection Set: 0.2ms
[135.624s][info][gc,phases      ] GC(685)   Merge Heap Roots: 0.2ms
[135.624s][info][gc,phases      ] GC(685)   Evacuate Collection Set: 0.3ms
[135.624s][info][gc,phases      ] GC(685)   Post Evacuate Collection Set: 2.7ms
[135.624s][info][gc,phases      ] GC(685)   Other: 0.2ms
[135.624s][info][gc,heap        ] GC(685) Eden regions: 329->0(329)
[135.624s][info][gc,heap        ] GC(685) Survivor regions: 1->1(42)
[135.624s][info][gc,heap        ] GC(685) Old regions: 27->27
[135.624s][info][gc,heap        ] GC(685) Archive regions: 0->0
[135.624s][info][gc,heap        ] GC(685) Humongous regions: 0->0
[135.624s][info][gc,metaspace   ] GC(685) Metaspace: 14264K(15168K)->14264K(15168K) NonClass: 12314K(12928K)->12314K(12928K) Class: 1950K(2240K)->1950K(2240K)
[135.624s][info][gc             ] GC(685) Pause Young (Normal) (G1 Evacuation Pause) 338M->9M(551M) 3.734ms
[135.624s][info][gc,cpu         ] GC(685) User=0.00s Sys=0.00s Real=0.00s
[135.946s][info][gc,start       ] GC(686) Pause Young (Normal) (G1 Evacuation Pause)
[135.946s][info][gc,task        ] GC(686) Using 33 workers of 33 for evacuation
[135.951s][info][gc,phases      ] GC(686)   Pre Evacuate Collection Set: 0.2ms
[135.951s][info][gc,phases      ] GC(686)   Merge Heap Roots: 0.2ms
[135.951s][info][gc,phases      ] GC(686)   Evacuate Collection Set: 0.6ms
[135.951s][info][gc,phases      ] GC(686)   Post Evacuate Collection Set: 3.6ms
[135.951s][info][gc,phases      ] GC(686)   Other: 0.2ms
[135.951s][info][gc,heap        ] GC(686) Eden regions: 329->0(329)
[135.951s][info][gc,heap        ] GC(686) Survivor regions: 1->1(42)
[135.951s][info][gc,heap        ] GC(686) Old regions: 27->27
[135.951s][info][gc,heap        ] GC(686) Archive regions: 0->0
[135.951s][info][gc,heap        ] GC(686) Humongous regions: 0->0
[135.951s][info][gc,metaspace   ] GC(686) Metaspace: 14264K(15168K)->14264K(15168K) NonClass: 12314K(12928K)->12314K(12928K) Class: 1950K(2240K)->1950K(2240K)
[135.951s][info][gc             ] GC(686) Pause Young (Normal) (G1 Evacuation Pause) 338M->9M(551M) 5.381ms
[135.951s][info][gc,cpu         ] GC(686) User=0.00s Sys=0.00s Real=0.00s
[136.155s][info][gc,start       ] GC(687) Pause Young (Normal) (G1 Evacuation Pause)
[136.155s][info][gc,task        ] GC(687) Using 33 workers of 33 for evacuation
[136.158s][info][gc,phases      ] GC(687)   Pre Evacuate Collection Set: 0.1ms
[136.158s][info][gc,phases      ] GC(687)   Merge Heap Roots: 0.1ms
[136.158s][info][gc,phases      ] GC(687)   Evacuate Collection Set: 0.3ms
[136.158s][info][gc,phases      ] GC(687)   Post Evacuate Collection Set: 2.6ms
[136.158s][info][gc,phases      ] GC(687)   Other: 0.1ms
[136.158s][info][gc,heap        ] GC(687) Eden regions: 329->0(329)
[136.159s][info][gc,heap        ] GC(687) Survivor regions: 1->1(42)
[136.159s][info][gc,heap        ] GC(687) Old regions: 27->27
[136.159s][info][gc,heap        ] GC(687) Archive regions: 0->0
[136.159s][info][gc,heap        ] GC(687) Humongous regions: 0->0
[136.159s][info][gc,metaspace   ] GC(687) Metaspace: 14264K(15168K)->14264K(15168K) NonClass: 12314K(12928K)->12314K(12928K) Class: 1950K(2240K)->1950K(2240K)
[136.159s][info][gc             ] GC(687) Pause Young (Normal) (G1 Evacuation Pause) 338M->9M(551M) 3.504ms
[136.159s][info][gc,cpu         ] GC(687) User=0.52s Sys=0.00s Real=0.00s
[136.358s][info][gc,start       ] GC(688) Pause Young (Normal) (G1 Evacuation Pause)
[136.358s][info][gc,task        ] GC(688) Using 33 workers of 33 for evacuation
[136.361s][info][gc,phases      ] GC(688)   Pre Evacuate Collection Set: 0.2ms
[136.361s][info][gc,phases      ] GC(688)   Merge Heap Roots: 0.2ms
[136.361s][info][gc,phases      ] GC(688)   Evacuate Collection Set: 0.3ms
[136.361s][info][gc,phases      ] GC(688)   Post Evacuate Collection Set: 2.4ms
[136.361s][info][gc,phases      ] GC(688)   Other: 0.1ms
[136.361s][info][gc,heap        ] GC(688) Eden regions: 329->0(329)
[136.361s][info][gc,heap        ] GC(688) Survivor regions: 1->1(42)
[136.361s][info][gc,heap        ] GC(688) Old regions: 27->27
[136.361s][info][gc,heap        ] GC(688) Archive regions: 0->0
[136.361s][info][gc,heap        ] GC(688) Humongous regions: 0->0
[136.361s][info][gc,metaspace   ] GC(688) Metaspace: 14264K(15168K)->14264K(15168K) NonClass: 12314K(12928K)->12314K(12928K) Class: 1950K(2240K)->1950K(2240K)
[136.361s][info][gc             ] GC(688) Pause Young (Normal) (G1 Evacuation Pause) 338M->9M(551M) 3.369ms
[136.362s][info][gc,cpu         ] GC(688) User=0.41s Sys=0.05s Real=0.00s
[136.559s][info][gc,start       ] GC(689) Pause Young (Normal) (G1 Evacuation Pause)
[136.559s][info][gc,task        ] GC(689) Using 33 workers of 33 for evacuation
[136.562s][info][gc,phases      ] GC(689)   Pre Evacuate Collection Set: 0.2ms
[136.562s][info][gc,phases      ] GC(689)   Merge Heap Roots: 0.1ms
[136.562s][info][gc,phases      ] GC(689)   Evacuate Collection Set: 0.3ms
[136.562s][info][gc,phases      ] GC(689)   Post Evacuate Collection Set: 2.3ms
[136.562s][info][gc,phases      ] GC(689)   Other: 0.1ms
[136.562s][info][gc,heap        ] GC(689) Eden regions: 329->0(329)
[136.562s][info][gc,heap        ] GC(689) Survivor regions: 1->1(42)
[136.562s][info][gc,heap        ] GC(689) Old regions: 27->27
[136.562s][info][gc,heap        ] GC(689) Archive regions: 0->0
[136.562s][info][gc,heap        ] GC(689) Humongous regions: 0->0
[136.562s][info][gc,metaspace   ] GC(689) Metaspace: 14264K(15168K)->14264K(15168K) NonClass: 12314K(12928K)->12314K(12928K) Class: 1950K(2240K)->1950K(2240K)
[136.562s][info][gc             ] GC(689) Pause Young (Normal) (G1 Evacuation Pause) 338M->9M(551M) 3.264ms
[136.562s][info][gc,cpu         ] GC(689) User=0.00s Sys=0.00s Real=0.00s
[136.763s][info][gc,start       ] GC(690) Pause Young (Normal) (G1 Evacuation Pause)
[136.763s][info][gc,task        ] GC(690) Using 33 workers of 33 for evacuation
[136.766s][info][gc,phases      ] GC(690)   Pre Evacuate Collection Set: 0.2ms
[136.766s][info][gc,phases      ] GC(690)   Merge Heap Roots: 0.2ms
[136.766s][info][gc,phases      ] GC(690)   Evacuate Collection Set: 0.4ms
[136.766s][info][gc,phases      ] GC(690)   Post Evacuate Collection Set: 2.2ms
[136.766s][info][gc,phases      ] GC(690)   Other: 0.1ms
[136.766s][info][gc,heap        ] GC(690) Eden regions: 329->0(329)
[136.766s][info][gc,heap        ] GC(690) Survivor regions: 1->1(42)
[136.766s][info][gc,heap        ] GC(690) Old regions: 27->27
[136.766s][info][gc,heap        ] GC(690) Archive regions: 0->0
[136.766s][info][gc,heap        ] GC(690) Humongous regions: 0->0
[136.766s][info][gc,metaspace   ] GC(690) Metaspace: 14264K(15168K)->14264K(15168K) NonClass: 12314K(12928K)->12314K(12928K) Class: 1950K(2240K)->1950K(2240K)
[136.766s][info][gc             ] GC(690) Pause Young (Normal) (G1 Evacuation Pause) 338M->9M(551M) 3.279ms
[136.766s][info][gc,cpu         ] GC(690) User=0.03s Sys=0.00s Real=0.00s
[136.969s][info][gc,start       ] GC(691) Pause Young (Normal) (G1 Evacuation Pause)
[136.969s][info][gc,task        ] GC(691) Using 33 workers of 33 for evacuation
[136.972s][info][gc,phases      ] GC(691)   Pre Evacuate Collection Set: 0.1ms
[136.972s][info][gc,phases      ] GC(691)   Merge Heap Roots: 0.2ms
[136.972s][info][gc,phases      ] GC(691)   Evacuate Collection Set: 0.4ms
[136.972s][info][gc,phases      ] GC(691)   Post Evacuate Collection Set: 2.3ms
[136.972s][info][gc,phases      ] GC(691)   Other: 0.1ms
[136.972s][info][gc,heap        ] GC(691) Eden regions: 329->0(329)
[136.972s][info][gc,heap        ] GC(691) Survivor regions: 1->1(42)
[136.972s][info][gc,heap        ] GC(691) Old regions: 27->27
[136.972s][info][gc,heap        ] GC(691) Archive regions: 0->0
[136.972s][info][gc,heap        ] GC(691) Humongous regions: 0->0
[136.972s][info][gc,metaspace   ] GC(691) Metaspace: 14264K(15168K)->14264K(15168K) NonClass: 12314K(12928K)->12314K(12928K) Class: 1950K(2240K)->1950K(2240K)
[136.972s][info][gc             ] GC(691) Pause Young (Normal) (G1 Evacuation Pause) 338M->9M(551M) 3.297ms
[136.972s][info][gc,cpu         ] GC(691) User=0.00s Sys=0.00s Real=0.00s
[137.175s][info][gc,start       ] GC(692) Pause Young (Normal) (G1 Evacuation Pause)
[137.175s][info][gc,task        ] GC(692) Using 33 workers of 33 for evacuation
[137.178s][info][gc,phases      ] GC(692)   Pre Evacuate Collection Set: 0.1ms
[137.178s][info][gc,phases      ] GC(692)   Merge Heap Roots: 0.2ms
[137.178s][info][gc,phases      ] GC(692)   Evacuate Collection Set: 0.3ms
[137.178s][info][gc,phases      ] GC(692)   Post Evacuate Collection Set: 2.3ms
[137.178s][info][gc,phases      ] GC(692)   Other: 0.1ms
[137.178s][info][gc,heap        ] GC(692) Eden regions: 329->0(329)
[137.178s][info][gc,heap        ] GC(692) Survivor regions: 1->1(42)
[137.178s][info][gc,heap        ] GC(692) Old regions: 27->27
[137.178s][info][gc,heap        ] GC(692) Archive regions: 0->0
[137.178s][info][gc,heap        ] GC(692) Humongous regions: 0->0
[137.178s][info][gc,metaspace   ] GC(692) Metaspace: 14264K(15168K)->14264K(15168K) NonClass: 12314K(12928K)->12314K(12928K) Class: 1950K(2240K)->1950K(2240K)
[137.178s][info][gc             ] GC(692) Pause Young (Normal) (G1 Evacuation Pause) 338M->9M(551M) 3.316ms
[137.178s][info][gc,cpu         ] GC(692) User=0.00s Sys=0.00s Real=0.00s
[137.399s][info][gc,start       ] GC(693) Pause Young (Normal) (G1 Evacuation Pause)
[137.399s][info][gc,task        ] GC(693) Using 33 workers of 33 for evacuation
[137.402s][info][gc,phases      ] GC(693)   Pre Evacuate Collection Set: 0.1ms
[137.402s][info][gc,phases      ] GC(693)   Merge Heap Roots: 0.1ms
[137.402s][info][gc,phases      ] GC(693)   Evacuate Collection Set: 0.4ms
[137.402s][info][gc,phases      ] GC(693)   Post Evacuate Collection Set: 2.4ms
[137.402s][info][gc,phases      ] GC(693)   Other: 0.2ms
[137.402s][info][gc,heap        ] GC(693) Eden regions: 329->0(329)
[137.402s][info][gc,heap        ] GC(693) Survivor regions: 1->1(42)
[137.402s][info][gc,heap        ] GC(693) Old regions: 27->27
[137.402s][info][gc,heap        ] GC(693) Archive regions: 0->0
[137.402s][info][gc,heap        ] GC(693) Humongous regions: 0->0
[137.402s][info][gc,metaspace   ] GC(693) Metaspace: 14264K(15168K)->14264K(15168K) NonClass: 12314K(12928K)->12314K(12928K) Class: 1950K(2240K)->1950K(2240K)
[137.402s][info][gc             ] GC(693) Pause Young (Normal) (G1 Evacuation Pause) 338M->9M(551M) 3.446ms
[137.402s][info][gc,cpu         ] GC(693) User=0.00s Sys=0.00s Real=0.00s
[137.635s][info][gc,start       ] GC(694) Pause Young (Normal) (G1 Evacuation Pause)
[137.635s][info][gc,task        ] GC(694) Using 33 workers of 33 for evacuation
[137.639s][info][gc,phases      ] GC(694)   Pre Evacuate Collection Set: 0.2ms
[137.639s][info][gc,phases      ] GC(694)   Merge Heap Roots: 0.2ms
[137.639s][info][gc,phases      ] GC(694)   Evacuate Collection Set: 0.4ms
[137.639s][info][gc,phases      ] GC(694)   Post Evacuate Collection Set: 2.5ms
[137.639s][info][gc,phases      ] GC(694)   Other: 0.1ms
[137.639s][info][gc,heap        ] GC(694) Eden regions: 329->0(329)
[137.639s][info][gc,heap        ] GC(694) Survivor regions: 1->1(42)
[137.639s][info][gc,heap        ] GC(694) Old regions: 27->27
[137.639s][info][gc,heap        ] GC(694) Archive regions: 0->0
[137.639s][info][gc,heap        ] GC(694) Humongous regions: 0->0
[137.639s][info][gc,metaspace   ] GC(694) Metaspace: 14264K(15168K)->14264K(15168K) NonClass: 12314K(12928K)->12314K(12928K) Class: 1950K(2240K)->1950K(2240K)
[137.639s][info][gc             ] GC(694) Pause Young (Normal) (G1 Evacuation Pause) 338M->9M(551M) 3.527ms
[137.639s][info][gc,cpu         ] GC(694) User=0.00s Sys=0.00s Real=0.00s
[137.805s][info][gc,start       ] GC(695) Pause Young (Normal) (G1 Evacuation Pause)
[137.805s][info][gc,task        ] GC(695) Using 33 workers of 33 for evacuation
[137.809s][info][gc,phases      ] GC(695)   Pre Evacuate Collection Set: 0.1ms
[137.809s][info][gc,phases      ] GC(695)   Merge Heap Roots: 0.2ms
[137.809s][info][gc,phases      ] GC(695)   Evacuate Collection Set: 0.3ms
[137.809s][info][gc,phases      ] GC(695)   Post Evacuate Collection Set: 2.5ms
[137.809s][info][gc,phases      ] GC(695)   Other: 0.1ms
[137.809s][info][gc,heap        ] GC(695) Eden regions: 329->0(329)
[137.809s][info][gc,heap        ] GC(695) Survivor regions: 1->1(42)
[137.809s][info][gc,heap        ] GC(695) Old regions: 27->27
[137.809s][info][gc,heap        ] GC(695) Archive regions: 0->0
[137.809s][info][gc,heap        ] GC(695) Humongous regions: 0->0
[137.809s][info][gc,metaspace   ] GC(695) Metaspace: 14264K(15168K)->14264K(15168K) NonClass: 12314K(12928K)->12314K(12928K) Class: 1950K(2240K)->1950K(2240K)
[137.809s][info][gc             ] GC(695) Pause Young (Normal) (G1 Evacuation Pause) 338M->9M(551M) 3.468ms
[137.809s][info][gc,cpu         ] GC(695) User=0.00s Sys=0.00s Real=0.00s
[138.086s][info][gc,start       ] GC(696) Pause Full (System.gc())
[138.086s][info][gc,task        ] GC(696) Using 23 workers of 33 for full compaction
[138.087s][info][gc,phases,start] GC(696) Phase 1: Mark live objects
[138.095s][info][gc,phases      ] GC(696) Phase 1: Mark live objects 7.632ms
[138.095s][info][gc,phases,start] GC(696) Phase 2: Prepare compaction
[138.096s][info][gc,phases      ] GC(696) Phase 2: Prepare compaction 0.954ms
[138.096s][info][gc,phases,start] GC(696) Phase 3: Adjust pointers
[138.101s][info][gc,phases      ] GC(696) Phase 3: Adjust pointers 5.621ms
[138.101s][info][gc,phases,start] GC(696) Phase 4: Compact heap
[138.102s][info][gc,phases      ] GC(696) Phase 4: Compact heap 0.534ms
[138.108s][info][gc,heap        ] GC(696) Eden regions: 260->0(46)
[138.108s][info][gc,heap        ] GC(696) Survivor regions: 1->0(42)
[138.108s][info][gc,heap        ] GC(696) Old regions: 27->23
[138.108s][info][gc,heap        ] GC(696) Archive regions: 0->0
[138.108s][info][gc,heap        ] GC(696) Humongous regions: 0->0
[138.108s][info][gc,metaspace   ] GC(696) Metaspace: 14264K(15168K)->14264K(15168K) NonClass: 12314K(12928K)->12314K(12928K) Class: 1950K(2240K)->1950K(2240K)
[138.108s][info][gc             ] GC(696) Pause Full (System.gc()) 268M->5M(77M) 22.344ms
[138.108s][info][gc,cpu         ] GC(696) User=0.02s Sys=0.00s Real=0.02s
[138.142s][info][gc,start       ] GC(697) Pause Young (Normal) (G1 Evacuation Pause)
[138.143s][info][gc,task        ] GC(697) Using 33 workers of 33 for evacuation
[138.145s][info][gc,phases      ] GC(697)   Pre Evacuate Collection Set: 0.1ms
[138.145s][info][gc,phases      ] GC(697)   Merge Heap Roots: 0.1ms
[138.145s][info][gc,phases      ] GC(697)   Evacuate Collection Set: 0.4ms
[138.145s][info][gc,phases      ] GC(697)   Post Evacuate Collection Set: 2.1ms
[138.145s][info][gc,phases      ] GC(697)   Other: 0.1ms
[138.145s][info][gc,heap        ] GC(697) Eden regions: 46->0(44)
[138.145s][info][gc,heap        ] GC(697) Survivor regions: 0->2(6)
[138.145s][info][gc,heap        ] GC(697) Old regions: 23->23
[138.145s][info][gc,heap        ] GC(697) Archive regions: 0->0
[138.145s][info][gc,heap        ] GC(697) Humongous regions: 0->0
[138.145s][info][gc,metaspace   ] GC(697) Metaspace: 14264K(15168K)->14264K(15168K) NonClass: 12314K(12928K)->12314K(12928K) Class: 1950K(2240K)->1950K(2240K)
[138.145s][info][gc             ] GC(697) Pause Young (Normal) (G1 Evacuation Pause) 51M->6M(77M) 3.024ms
[138.146s][info][gc,cpu         ] GC(697) User=0.00s Sys=0.00s Real=0.00s
[138.169s][info][gc,start       ] GC(698) Pause Young (Normal) (G1 Evacuation Pause)
[138.219s][info][gc,task        ] GC(698) Using 33 workers of 33 for evacuation
[138.223s][info][gc,phases      ] GC(698)   Pre Evacuate Collection Set: 0.2ms
[138.223s][info][gc,phases      ] GC(698)   Merge Heap Roots: 0.1ms
[138.223s][info][gc,phases      ] GC(698)   Evacuate Collection Set: 0.8ms
[138.223s][info][gc,phases      ] GC(698)   Post Evacuate Collection Set: 2.8ms
[138.223s][info][gc,phases      ] GC(698)   Other: 0.1ms
[138.223s][info][gc,heap        ] GC(698) Eden regions: 44->0(44)
[138.223s][info][gc,heap        ] GC(698) Survivor regions: 2->2(6)
[138.223s][info][gc,heap        ] GC(698) Old regions: 23->23
[138.223s][info][gc,heap        ] GC(698) Archive regions: 0->0
[138.223s][info][gc,heap        ] GC(698) Humongous regions: 0->0
[138.223s][info][gc,metaspace   ] GC(698) Metaspace: 14264K(15168K)->14264K(15168K) NonClass: 12314K(12928K)->12314K(12928K) Class: 1950K(2240K)->1950K(2240K)
[138.223s][info][gc             ] GC(698) Pause Young (Normal) (G1 Evacuation Pause) 50M->6M(77M) 54.643ms
[138.223s][info][gc,cpu         ] GC(698) User=0.00s Sys=0.00s Real=0.05s
[138.263s][info][gc,start       ] GC(699) Pause Young (Normal) (G1 Evacuation Pause)
[138.263s][info][gc,task        ] GC(699) Using 33 workers of 33 for evacuation
[138.266s][info][gc,phases      ] GC(699)   Pre Evacuate Collection Set: 0.1ms
[138.266s][info][gc,phases      ] GC(699)   Merge Heap Roots: 0.1ms
[138.266s][info][gc,phases      ] GC(699)   Evacuate Collection Set: 0.5ms
[138.266s][info][gc,phases      ] GC(699)   Post Evacuate Collection Set: 2.2ms
[138.266s][info][gc,phases      ] GC(699)   Other: 0.1ms
[138.267s][info][gc,heap        ] GC(699) Eden regions: 44->0(44)
[138.267s][info][gc,heap        ] GC(699) Survivor regions: 2->2(6)
[138.267s][info][gc,heap        ] GC(699) Old regions: 23->23
[138.267s][info][gc,heap        ] GC(699) Archive regions: 0->0
[138.267s][info][gc,heap        ] GC(699) Humongous regions: 0->0
[138.267s][info][gc,metaspace   ] GC(699) Metaspace: 14264K(15168K)->14264K(15168K) NonClass: 12314K(12928K)->12314K(12928K) Class: 1950K(2240K)->1950K(2240K)
[138.267s][info][gc             ] GC(699) Pause Young (Normal) (G1 Evacuation Pause) 50M->6M(77M) 3.218ms
[138.267s][info][gc,cpu         ] GC(699) User=0.52s Sys=0.00s Real=0.00s
[138.296s][info][gc,start       ] GC(700) Pause Young (Normal) (G1 Evacuation Pause)
[138.296s][info][gc,task        ] GC(700) Using 33 workers of 33 for evacuation
[138.301s][info][gc,phases      ] GC(700)   Pre Evacuate Collection Set: 0.1ms
[138.301s][info][gc,phases      ] GC(700)   Merge Heap Roots: 0.1ms
[138.301s][info][gc,phases      ] GC(700)   Evacuate Collection Set: 0.4ms
[138.301s][info][gc,phases      ] GC(700)   Post Evacuate Collection Set: 4.9ms
[138.302s][info][gc,phases      ] GC(700)   Other: 0.1ms
[138.302s][info][gc,heap        ] GC(700) Eden regions: 44->0(328)
[138.302s][info][gc,heap        ] GC(700) Survivor regions: 2->2(6)
[138.302s][info][gc,heap        ] GC(700) Old regions: 23->23
[138.302s][info][gc,heap        ] GC(700) Archive regions: 0->0
[138.302s][info][gc,heap        ] GC(700) Humongous regions: 0->0
[138.302s][info][gc,metaspace   ] GC(700) Metaspace: 14264K(15168K)->14264K(15168K) NonClass: 12314K(12928K)->12314K(12928K) Class: 1950K(2240K)->1950K(2240K)
[138.302s][info][gc             ] GC(700) Pause Young (Normal) (G1 Evacuation Pause) 50M->6M(551M) 5.780ms
[138.302s][info][gc,cpu         ] GC(700) User=0.52s Sys=0.00s Real=0.01s
[138.501s][info][gc,start       ] GC(701) Pause Young (Normal) (G1 Evacuation Pause)
[138.501s][info][gc,task        ] GC(701) Using 33 workers of 33 for evacuation
[138.506s][info][gc,phases      ] GC(701)   Pre Evacuate Collection Set: 0.1ms
[138.506s][info][gc,phases      ] GC(701)   Merge Heap Roots: 0.1ms
[138.506s][info][gc,phases      ] GC(701)   Evacuate Collection Set: 1.8ms
[138.506s][info][gc,phases      ] GC(701)   Post Evacuate Collection Set: 2.5ms
[138.506s][info][gc,phases      ] GC(701)   Other: 0.1ms
[138.506s][info][gc,heap        ] GC(701) Eden regions: 328->0(328)
[138.506s][info][gc,heap        ] GC(701) Survivor regions: 2->2(42)
[138.506s][info][gc,heap        ] GC(701) Old regions: 23->23
[138.506s][info][gc,heap        ] GC(701) Archive regions: 0->0
[138.506s][info][gc,heap        ] GC(701) Humongous regions: 0->0
[138.506s][info][gc,metaspace   ] GC(701) Metaspace: 14264K(15168K)->14264K(15168K) NonClass: 12314K(12928K)->12314K(12928K) Class: 1950K(2240K)->1950K(2240K)
[138.506s][info][gc             ] GC(701) Pause Young (Normal) (G1 Evacuation Pause) 334M->6M(551M) 4.858ms
[138.506s][info][gc,cpu         ] GC(701) User=0.00s Sys=0.00s Real=0.00s
[138.681s][info][gc,start       ] GC(702) Pause Young (Normal) (G1 Evacuation Pause)
[138.681s][info][gc,task        ] GC(702) Using 33 workers of 33 for evacuation
[138.685s][info][gc,phases      ] GC(702)   Pre Evacuate Collection Set: 0.1ms
[138.686s][info][gc,phases      ] GC(702)   Merge Heap Roots: 0.1ms
[138.686s][info][gc,phases      ] GC(702)   Evacuate Collection Set: 1.8ms
[138.686s][info][gc,phases      ] GC(702)   Post Evacuate Collection Set: 2.5ms
[138.686s][info][gc,phases      ] GC(702)   Other: 0.1ms
[138.686s][info][gc,heap        ] GC(702) Eden regions: 328->0(328)
[138.686s][info][gc,heap        ] GC(702) Survivor regions: 2->2(42)
[138.686s][info][gc,heap        ] GC(702) Old regions: 23->23
[138.686s][info][gc,heap        ] GC(702) Archive regions: 0->0
[138.686s][info][gc,heap        ] GC(702) Humongous regions: 0->0
[138.686s][info][gc,metaspace   ] GC(702) Metaspace: 14264K(15168K)->14264K(15168K) NonClass: 12314K(12928K)->12314K(12928K) Class: 1950K(2240K)->1950K(2240K)
[138.686s][info][gc             ] GC(702) Pause Young (Normal) (G1 Evacuation Pause) 334M->6M(551M) 4.943ms
[138.686s][info][gc,cpu         ] GC(702) User=0.00s Sys=0.00s Real=0.00s
[138.857s][info][gc,start       ] GC(703) Pause Young (Normal) (G1 Evacuation Pause)
[138.858s][info][gc,task        ] GC(703) Using 33 workers of 33 for evacuation
[138.861s][info][gc,phases      ] GC(703)   Pre Evacuate Collection Set: 0.1ms
[138.861s][info][gc,phases      ] GC(703)   Merge Heap Roots: 0.1ms
[138.861s][info][gc,phases      ] GC(703)   Evacuate Collection Set: 0.5ms
[138.861s][info][gc,phases      ] GC(703)   Post Evacuate Collection Set: 2.5ms
[138.861s][info][gc,phases      ] GC(703)   Other: 0.1ms
[138.861s][info][gc,heap        ] GC(703) Eden regions: 328->0(328)
[138.861s][info][gc,heap        ] GC(703) Survivor regions: 2->2(42)
[138.861s][info][gc,heap        ] GC(703) Old regions: 23->23
[138.861s][info][gc,heap        ] GC(703) Archive regions: 0->0
[138.861s][info][gc,heap        ] GC(703) Humongous regions: 0->0
[138.861s][info][gc,metaspace   ] GC(703) Metaspace: 14264K(15168K)->14264K(15168K) NonClass: 12314K(12928K)->12314K(12928K) Class: 1950K(2240K)->1950K(2240K)
[138.861s][info][gc             ] GC(703) Pause Young (Normal) (G1 Evacuation Pause) 334M->6M(551M) 3.702ms
[138.861s][info][gc,cpu         ] GC(703) User=0.52s Sys=0.00s Real=0.00s
[139.032s][info][gc,start       ] GC(704) Pause Young (Normal) (G1 Evacuation Pause)
[139.032s][info][gc,task        ] GC(704) Using 33 workers of 33 for evacuation
[139.035s][info][gc,phases      ] GC(704)   Pre Evacuate Collection Set: 0.1ms
[139.035s][info][gc,phases      ] GC(704)   Merge Heap Roots: 0.1ms
[139.035s][info][gc,phases      ] GC(704)   Evacuate Collection Set: 0.4ms
[139.035s][info][gc,phases      ] GC(704)   Post Evacuate Collection Set: 2.6ms
[139.035s][info][gc,phases      ] GC(704)   Other: 0.1ms
[139.035s][info][gc,heap        ] GC(704) Eden regions: 328->0(328)
[139.035s][info][gc,heap        ] GC(704) Survivor regions: 2->2(42)
[139.035s][info][gc,heap        ] GC(704) Old regions: 23->23
[139.035s][info][gc,heap        ] GC(704) Archive regions: 0->0
[139.036s][info][gc,heap        ] GC(704) Humongous regions: 0->0
[139.036s][info][gc,metaspace   ] GC(704) Metaspace: 14264K(15168K)->14264K(15168K) NonClass: 12314K(12928K)->12314K(12928K) Class: 1950K(2240K)->1950K(2240K)
[139.036s][info][gc             ] GC(704) Pause Young (Normal) (G1 Evacuation Pause) 334M->6M(551M) 3.629ms
[139.036s][info][gc,cpu         ] GC(704) User=0.00s Sys=0.00s Real=0.00s
[139.210s][info][gc,start       ] GC(705) Pause Young (Normal) (G1 Evacuation Pause)
[139.210s][info][gc,task        ] GC(705) Using 33 workers of 33 for evacuation
[139.213s][info][gc,phases      ] GC(705)   Pre Evacuate Collection Set: 0.1ms
[139.213s][info][gc,phases      ] GC(705)   Merge Heap Roots: 0.1ms
[139.213s][info][gc,phases      ] GC(705)   Evacuate Collection Set: 0.5ms
[139.213s][info][gc,phases      ] GC(705)   Post Evacuate Collection Set: 2.6ms
[139.213s][info][gc,phases      ] GC(705)   Other: 0.1ms
[139.213s][info][gc,heap        ] GC(705) Eden regions: 328->0(328)
[139.214s][info][gc,heap        ] GC(705) Survivor regions: 2->2(42)
[139.214s][info][gc,heap        ] GC(705) Old regions: 23->23
[139.214s][info][gc,heap        ] GC(705) Archive regions: 0->0
[139.214s][info][gc,heap        ] GC(705) Humongous regions: 0->0
[139.214s][info][gc,metaspace   ] GC(705) Metaspace: 14264K(15168K)->14264K(15168K) NonClass: 12314K(12928K)->12314K(12928K) Class: 1950K(2240K)->1950K(2240K)
[139.214s][info][gc             ] GC(705) Pause Young (Normal) (G1 Evacuation Pause) 334M->6M(551M) 3.704ms
[139.214s][info][gc,cpu         ] GC(705) User=0.00s Sys=0.00s Real=0.00s
[139.386s][info][gc,start       ] GC(706) Pause Young (Normal) (G1 Evacuation Pause)
[139.386s][info][gc,task        ] GC(706) Using 33 workers of 33 for evacuation
[139.390s][info][gc,phases      ] GC(706)   Pre Evacuate Collection Set: 0.1ms
[139.390s][info][gc,phases      ] GC(706)   Merge Heap Roots: 0.1ms
[139.390s][info][gc,phases      ] GC(706)   Evacuate Collection Set: 0.4ms
[139.390s][info][gc,phases      ] GC(706)   Post Evacuate Collection Set: 2.7ms
[139.390s][info][gc,phases      ] GC(706)   Other: 0.2ms
[139.390s][info][gc,heap        ] GC(706) Eden regions: 328->0(328)
[139.390s][info][gc,heap        ] GC(706) Survivor regions: 2->2(42)
[139.390s][info][gc,heap        ] GC(706) Old regions: 23->23
[139.390s][info][gc,heap        ] GC(706) Archive regions: 0->0
[139.390s][info][gc,heap        ] GC(706) Humongous regions: 0->0
[139.390s][info][gc,metaspace   ] GC(706) Metaspace: 14264K(15168K)->14264K(15168K) NonClass: 12314K(12928K)->12314K(12928K) Class: 1950K(2240K)->1950K(2240K)
[139.390s][info][gc             ] GC(706) Pause Young (Normal) (G1 Evacuation Pause) 334M->6M(551M) 3.812ms
[139.390s][info][gc,cpu         ] GC(706) User=0.00s Sys=0.00s Real=0.00s
[139.563s][info][gc,start       ] GC(707) Pause Young (Normal) (G1 Evacuation Pause)
[139.578s][info][gc,task        ] GC(707) Using 33 workers of 33 for evacuation
[139.582s][info][gc,phases      ] GC(707)   Pre Evacuate Collection Set: 0.1ms
[139.582s][info][gc,phases      ] GC(707)   Merge Heap Roots: 0.1ms
[139.582s][info][gc,phases      ] GC(707)   Evacuate Collection Set: 0.6ms
[139.582s][info][gc,phases      ] GC(707)   Post Evacuate Collection Set: 2.8ms
[139.582s][info][gc,phases      ] GC(707)   Other: 0.1ms
[139.582s][info][gc,heap        ] GC(707) Eden regions: 328->0(328)
[139.582s][info][gc,heap        ] GC(707) Survivor regions: 2->2(42)
[139.582s][info][gc,heap        ] GC(707) Old regions: 23->23
[139.582s][info][gc,heap        ] GC(707) Archive regions: 0->0
[139.582s][info][gc,heap        ] GC(707) Humongous regions: 0->0
[139.582s][info][gc,metaspace   ] GC(707) Metaspace: 14264K(15168K)->14264K(15168K) NonClass: 12314K(12928K)->12314K(12928K) Class: 1950K(2240K)->1950K(2240K)
[139.582s][info][gc             ] GC(707) Pause Young (Normal) (G1 Evacuation Pause) 334M->6M(551M) 19.148ms
[139.582s][info][gc,cpu         ] GC(707) User=0.00s Sys=0.00s Real=0.01s
[139.777s][info][gc,start       ] GC(708) Pause Young (Normal) (G1 Evacuation Pause)
[139.777s][info][gc,task        ] GC(708) Using 33 workers of 33 for evacuation
[139.781s][info][gc,phases      ] GC(708)   Pre Evacuate Collection Set: 0.2ms
[139.781s][info][gc,phases      ] GC(708)   Merge Heap Roots: 0.1ms
[139.781s][info][gc,phases      ] GC(708)   Evacuate Collection Set: 0.5ms
[139.781s][info][gc,phases      ] GC(708)   Post Evacuate Collection Set: 3.0ms
[139.781s][info][gc,phases      ] GC(708)   Other: 0.1ms
[139.781s][info][gc,heap        ] GC(708) Eden regions: 328->0(328)
[139.781s][info][gc,heap        ] GC(708) Survivor regions: 2->2(42)
[139.781s][info][gc,heap        ] GC(708) Old regions: 23->23
[139.781s][info][gc,heap        ] GC(708) Archive regions: 0->0
[139.781s][info][gc,heap        ] GC(708) Humongous regions: 0->0
[139.781s][info][gc,metaspace   ] GC(708) Metaspace: 14264K(15168K)->14264K(15168K) NonClass: 12314K(12928K)->12314K(12928K) Class: 1950K(2240K)->1950K(2240K)
[139.781s][info][gc             ] GC(708) Pause Young (Normal) (G1 Evacuation Pause) 334M->6M(551M) 4.239ms
[139.781s][info][gc,cpu         ] GC(708) User=0.00s Sys=0.00s Real=0.00s
[139.956s][info][gc,start       ] GC(709) Pause Young (Normal) (G1 Evacuation Pause)
[139.956s][info][gc,task        ] GC(709) Using 33 workers of 33 for evacuation
[139.959s][info][gc,phases      ] GC(709)   Pre Evacuate Collection Set: 0.1ms
[139.959s][info][gc,phases      ] GC(709)   Merge Heap Roots: 0.1ms
[139.959s][info][gc,phases      ] GC(709)   Evacuate Collection Set: 0.5ms
[139.959s][info][gc,phases      ] GC(709)   Post Evacuate Collection Set: 2.7ms
[139.959s][info][gc,phases      ] GC(709)   Other: 0.1ms
[139.959s][info][gc,heap        ] GC(709) Eden regions: 328->0(328)
[139.959s][info][gc,heap        ] GC(709) Survivor regions: 2->2(42)
[139.959s][info][gc,heap        ] GC(709) Old regions: 23->23
[139.959s][info][gc,heap        ] GC(709) Archive regions: 0->0
[139.959s][info][gc,heap        ] GC(709) Humongous regions: 0->0
[139.960s][info][gc,metaspace   ] GC(709) Metaspace: 14264K(15168K)->14264K(15168K) NonClass: 12314K(12928K)->12314K(12928K) Class: 1950K(2240K)->1950K(2240K)
[139.960s][info][gc             ] GC(709) Pause Young (Normal) (G1 Evacuation Pause) 334M->6M(551M) 3.841ms
[139.960s][info][gc,cpu         ] GC(709) User=0.00s Sys=0.00s Real=0.00s
[140.133s][info][gc,start       ] GC(710) Pause Young (Normal) (G1 Evacuation Pause)
[140.133s][info][gc,task        ] GC(710) Using 33 workers of 33 for evacuation
[140.137s][info][gc,phases      ] GC(710)   Pre Evacuate Collection Set: 0.1ms
[140.137s][info][gc,phases      ] GC(710)   Merge Heap Roots: 0.1ms
[140.137s][info][gc,phases      ] GC(710)   Evacuate Collection Set: 0.4ms
[140.137s][info][gc,phases      ] GC(710)   Post Evacuate Collection Set: 2.5ms
[140.137s][info][gc,phases      ] GC(710)   Other: 0.1ms
[140.137s][info][gc,heap        ] GC(710) Eden regions: 328->0(328)
[140.137s][info][gc,heap        ] GC(710) Survivor regions: 2->2(42)
[140.137s][info][gc,heap        ] GC(710) Old regions: 23->23
[140.137s][info][gc,heap        ] GC(710) Archive regions: 0->0
[140.137s][info][gc,heap        ] GC(710) Humongous regions: 0->0
[140.137s][info][gc,metaspace   ] GC(710) Metaspace: 14264K(15168K)->14264K(15168K) NonClass: 12314K(12928K)->12314K(12928K) Class: 1950K(2240K)->1950K(2240K)
[140.137s][info][gc             ] GC(710) Pause Young (Normal) (G1 Evacuation Pause) 334M->6M(551M) 3.655ms
[140.137s][info][gc,cpu         ] GC(710) User=0.00s Sys=0.00s Real=0.00s
[140.310s][info][gc,start       ] GC(711) Pause Young (Normal) (G1 Evacuation Pause)
[140.310s][info][gc,task        ] GC(711) Using 33 workers of 33 for evacuation
[140.313s][info][gc,phases      ] GC(711)   Pre Evacuate Collection Set: 0.1ms
[140.313s][info][gc,phases      ] GC(711)   Merge Heap Roots: 0.1ms
[140.313s][info][gc,phases      ] GC(711)   Evacuate Collection Set: 0.6ms
[140.313s][info][gc,phases      ] GC(711)   Post Evacuate Collection Set: 2.4ms
[140.313s][info][gc,phases      ] GC(711)   Other: 0.1ms
[140.313s][info][gc,heap        ] GC(711) Eden regions: 328->0(328)
[140.313s][info][gc,heap        ] GC(711) Survivor regions: 2->2(42)
[140.313s][info][gc,heap        ] GC(711) Old regions: 23->23
[140.313s][info][gc,heap        ] GC(711) Archive regions: 0->0
[140.313s][info][gc,heap        ] GC(711) Humongous regions: 0->0
[140.313s][info][gc,metaspace   ] GC(711) Metaspace: 14264K(15168K)->14264K(15168K) NonClass: 12314K(12928K)->12314K(12928K) Class: 1950K(2240K)->1950K(2240K)
[140.313s][info][gc             ] GC(711) Pause Young (Normal) (G1 Evacuation Pause) 334M->7M(551M) 3.592ms
[140.313s][info][gc,cpu         ] GC(711) User=0.52s Sys=0.00s Real=0.00s
[140.486s][info][gc,start       ] GC(712) Pause Young (Normal) (G1 Evacuation Pause)
[140.486s][info][gc,task        ] GC(712) Using 33 workers of 33 for evacuation
[140.490s][info][gc,phases      ] GC(712)   Pre Evacuate Collection Set: 0.1ms
[140.490s][info][gc,phases      ] GC(712)   Merge Heap Roots: 0.2ms
[140.490s][info][gc,phases      ] GC(712)   Evacuate Collection Set: 0.5ms
[140.490s][info][gc,phases      ] GC(712)   Post Evacuate Collection Set: 2.2ms
[140.490s][info][gc,phases      ] GC(712)   Other: 0.1ms
[140.490s][info][gc,heap        ] GC(712) Eden regions: 328->0(329)
[140.490s][info][gc,heap        ] GC(712) Survivor regions: 2->1(42)
[140.490s][info][gc,heap        ] GC(712) Old regions: 23->25
[140.490s][info][gc,heap        ] GC(712) Archive regions: 0->0
[140.490s][info][gc,heap        ] GC(712) Humongous regions: 0->0
[140.490s][info][gc,metaspace   ] GC(712) Metaspace: 14264K(15168K)->14264K(15168K) NonClass: 12314K(12928K)->12314K(12928K) Class: 1950K(2240K)->1950K(2240K)
[140.490s][info][gc             ] GC(712) Pause Young (Normal) (G1 Evacuation Pause) 335M->7M(551M) 3.368ms
[140.490s][info][gc,cpu         ] GC(712) User=0.00s Sys=0.00s Real=0.00s
[140.685s][info][gc,start       ] GC(713) Pause Young (Normal) (G1 Evacuation Pause)
[140.685s][info][gc,task        ] GC(713) Using 33 workers of 33 for evacuation
[140.688s][info][gc,phases      ] GC(713)   Pre Evacuate Collection Set: 0.2ms
[140.688s][info][gc,phases      ] GC(713)   Merge Heap Roots: 0.2ms
[140.688s][info][gc,phases      ] GC(713)   Evacuate Collection Set: 0.3ms
[140.688s][info][gc,phases      ] GC(713)   Post Evacuate Collection Set: 2.2ms
[140.688s][info][gc,phases      ] GC(713)   Other: 0.1ms
[140.688s][info][gc,heap        ] GC(713) Eden regions: 329->0(329)
[140.688s][info][gc,heap        ] GC(713) Survivor regions: 1->1(42)
[140.688s][info][gc,heap        ] GC(713) Old regions: 25->25
[140.688s][info][gc,heap        ] GC(713) Archive regions: 0->0
[140.688s][info][gc,heap        ] GC(713) Humongous regions: 0->0
[140.688s][info][gc,metaspace   ] GC(713) Metaspace: 14264K(15168K)->14264K(15168K) NonClass: 12314K(12928K)->12314K(12928K) Class: 1950K(2240K)->1950K(2240K)
[140.688s][info][gc             ] GC(713) Pause Young (Normal) (G1 Evacuation Pause) 336M->7M(551M) 3.252ms
[140.688s][info][gc,cpu         ] GC(713) User=0.52s Sys=0.00s Real=0.00s
[140.883s][info][gc,start       ] GC(714) Pause Young (Normal) (G1 Evacuation Pause)
[140.883s][info][gc,task        ] GC(714) Using 33 workers of 33 for evacuation
[140.886s][info][gc,phases      ] GC(714)   Pre Evacuate Collection Set: 0.1ms
[140.886s][info][gc,phases      ] GC(714)   Merge Heap Roots: 0.2ms
[140.886s][info][gc,phases      ] GC(714)   Evacuate Collection Set: 0.3ms
[140.886s][info][gc,phases      ] GC(714)   Post Evacuate Collection Set: 2.3ms
[140.886s][info][gc,phases      ] GC(714)   Other: 0.1ms
[140.886s][info][gc,heap        ] GC(714) Eden regions: 329->0(329)
[140.886s][info][gc,heap        ] GC(714) Survivor regions: 1->1(42)
[140.886s][info][gc,heap        ] GC(714) Old regions: 25->25
[140.886s][info][gc,heap        ] GC(714) Archive regions: 0->0
[140.886s][info][gc,heap        ] GC(714) Humongous regions: 0->0
[140.886s][info][gc,metaspace   ] GC(714) Metaspace: 14264K(15168K)->14264K(15168K) NonClass: 12314K(12928K)->12314K(12928K) Class: 1950K(2240K)->1950K(2240K)
[140.886s][info][gc             ] GC(714) Pause Young (Normal) (G1 Evacuation Pause) 336M->7M(551M) 3.241ms
[140.886s][info][gc,cpu         ] GC(714) User=0.00s Sys=0.00s Real=0.00s
[141.080s][info][gc,start       ] GC(715) Pause Young (Normal) (G1 Evacuation Pause)
[141.080s][info][gc,task        ] GC(715) Using 33 workers of 33 for evacuation
[141.083s][info][gc,phases      ] GC(715)   Pre Evacuate Collection Set: 0.2ms
[141.083s][info][gc,phases      ] GC(715)   Merge Heap Roots: 0.2ms
[141.083s][info][gc,phases      ] GC(715)   Evacuate Collection Set: 0.3ms
[141.083s][info][gc,phases      ] GC(715)   Post Evacuate Collection Set: 2.3ms
[141.083s][info][gc,phases      ] GC(715)   Other: 0.1ms
[141.083s][info][gc,heap        ] GC(715) Eden regions: 329->0(329)
[141.083s][info][gc,heap        ] GC(715) Survivor regions: 1->1(42)
[141.083s][info][gc,heap        ] GC(715) Old regions: 25->25
[141.083s][info][gc,heap        ] GC(715) Archive regions: 0->0
[141.083s][info][gc,heap        ] GC(715) Humongous regions: 0->0
[141.083s][info][gc,metaspace   ] GC(715) Metaspace: 14264K(15168K)->14264K(15168K) NonClass: 12314K(12928K)->12314K(12928K) Class: 1950K(2240K)->1950K(2240K)
[141.083s][info][gc             ] GC(715) Pause Young (Normal) (G1 Evacuation Pause) 336M->7M(551M) 3.343ms
[141.083s][info][gc,cpu         ] GC(715) User=0.00s Sys=0.00s Real=0.00s
[141.278s][info][gc,start       ] GC(716) Pause Young (Normal) (G1 Evacuation Pause)
[141.320s][info][gc,task        ] GC(716) Using 33 workers of 33 for evacuation
[141.324s][info][gc,phases      ] GC(716)   Pre Evacuate Collection Set: 0.2ms
[141.324s][info][gc,phases      ] GC(716)   Merge Heap Roots: 0.2ms
[141.324s][info][gc,phases      ] GC(716)   Evacuate Collection Set: 0.5ms
[141.324s][info][gc,phases      ] GC(716)   Post Evacuate Collection Set: 3.1ms
[141.324s][info][gc,phases      ] GC(716)   Other: 0.2ms
[141.324s][info][gc,heap        ] GC(716) Eden regions: 329->0(329)
[141.324s][info][gc,heap        ] GC(716) Survivor regions: 1->1(42)
[141.324s][info][gc,heap        ] GC(716) Old regions: 25->25
[141.324s][info][gc,heap        ] GC(716) Archive regions: 0->0
[141.324s][info][gc,heap        ] GC(716) Humongous regions: 0->0
[141.324s][info][gc,metaspace   ] GC(716) Metaspace: 14264K(15168K)->14264K(15168K) NonClass: 12314K(12928K)->12314K(12928K) Class: 1950K(2240K)->1950K(2240K)
[141.325s][info][gc             ] GC(716) Pause Young (Normal) (G1 Evacuation Pause) 336M->7M(551M) 46.011ms
[141.325s][info][gc,cpu         ] GC(716) User=0.00s Sys=0.00s Real=0.03s
[141.526s][info][gc,start       ] GC(717) Pause Young (Normal) (G1 Evacuation Pause)
[141.526s][info][gc,task        ] GC(717) Using 33 workers of 33 for evacuation
[141.529s][info][gc,phases      ] GC(717)   Pre Evacuate Collection Set: 0.1ms
[141.529s][info][gc,phases      ] GC(717)   Merge Heap Roots: 0.1ms
[141.529s][info][gc,phases      ] GC(717)   Evacuate Collection Set: 0.3ms
[141.529s][info][gc,phases      ] GC(717)   Post Evacuate Collection Set: 2.4ms
[141.529s][info][gc,phases      ] GC(717)   Other: 0.1ms
[141.529s][info][gc,heap        ] GC(717) Eden regions: 329->0(329)
[141.529s][info][gc,heap        ] GC(717) Survivor regions: 1->1(42)
[141.529s][info][gc,heap        ] GC(717) Old regions: 25->25
[141.529s][info][gc,heap        ] GC(717) Archive regions: 0->0
[141.529s][info][gc,heap        ] GC(717) Humongous regions: 0->0
[141.529s][info][gc,metaspace   ] GC(717) Metaspace: 14264K(15168K)->14264K(15168K) NonClass: 12314K(12928K)->12314K(12928K) Class: 1950K(2240K)->1950K(2240K)
[141.529s][info][gc             ] GC(717) Pause Young (Normal) (G1 Evacuation Pause) 336M->7M(551M) 3.401ms
[141.529s][info][gc,cpu         ] GC(717) User=0.00s Sys=0.00s Real=0.00s
[141.724s][info][gc,start       ] GC(718) Pause Young (Normal) (G1 Evacuation Pause)
[141.725s][info][gc,task        ] GC(718) Using 33 workers of 33 for evacuation
[141.728s][info][gc,phases      ] GC(718)   Pre Evacuate Collection Set: 0.2ms
[141.728s][info][gc,phases      ] GC(718)   Merge Heap Roots: 0.2ms
[141.728s][info][gc,phases      ] GC(718)   Evacuate Collection Set: 0.3ms
[141.728s][info][gc,phases      ] GC(718)   Post Evacuate Collection Set: 2.4ms
[141.728s][info][gc,phases      ] GC(718)   Other: 0.1ms
[141.728s][info][gc,heap        ] GC(718) Eden regions: 329->0(329)
[141.728s][info][gc,heap        ] GC(718) Survivor regions: 1->1(42)
[141.728s][info][gc,heap        ] GC(718) Old regions: 25->25
[141.728s][info][gc,heap        ] GC(718) Archive regions: 0->0
[141.728s][info][gc,heap        ] GC(718) Humongous regions: 0->0
[141.728s][info][gc,metaspace   ] GC(718) Metaspace: 14264K(15168K)->14264K(15168K) NonClass: 12314K(12928K)->12314K(12928K) Class: 1950K(2240K)->1950K(2240K)
[141.728s][info][gc             ] GC(718) Pause Young (Normal) (G1 Evacuation Pause) 336M->7M(551M) 3.439ms
[141.728s][info][gc,cpu         ] GC(718) User=0.00s Sys=0.00s Real=0.00s
[141.924s][info][gc,start       ] GC(719) Pause Young (Normal) (G1 Evacuation Pause)
[141.924s][info][gc,task        ] GC(719) Using 33 workers of 33 for evacuation
[141.927s][info][gc,phases      ] GC(719)   Pre Evacuate Collection Set: 0.2ms
[141.927s][info][gc,phases      ] GC(719)   Merge Heap Roots: 0.2ms
[141.927s][info][gc,phases      ] GC(719)   Evacuate Collection Set: 0.3ms
[141.927s][info][gc,phases      ] GC(719)   Post Evacuate Collection Set: 2.5ms
[141.927s][info][gc,phases      ] GC(719)   Other: 0.2ms
[141.927s][info][gc,heap        ] GC(719) Eden regions: 329->0(329)
[141.927s][info][gc,heap        ] GC(719) Survivor regions: 1->1(42)
[141.927s][info][gc,heap        ] GC(719) Old regions: 25->25
[141.927s][info][gc,heap        ] GC(719) Archive regions: 0->0
[141.927s][info][gc,heap        ] GC(719) Humongous regions: 0->0
[141.927s][info][gc,metaspace   ] GC(719) Metaspace: 14264K(15168K)->14264K(15168K) NonClass: 12314K(12928K)->12314K(12928K) Class: 1950K(2240K)->1950K(2240K)
[141.927s][info][gc             ] GC(719) Pause Young (Normal) (G1 Evacuation Pause) 336M->7M(551M) 3.508ms
[141.927s][info][gc,cpu         ] GC(719) User=0.00s Sys=0.00s Real=0.00s
[142.122s][info][gc,start       ] GC(720) Pause Young (Normal) (G1 Evacuation Pause)
[142.122s][info][gc,task        ] GC(720) Using 33 workers of 33 for evacuation
[142.126s][info][gc,phases      ] GC(720)   Pre Evacuate Collection Set: 0.2ms
[142.126s][info][gc,phases      ] GC(720)   Merge Heap Roots: 0.2ms
[142.126s][info][gc,phases      ] GC(720)   Evacuate Collection Set: 0.3ms
[142.126s][info][gc,phases      ] GC(720)   Post Evacuate Collection Set: 2.5ms
[142.126s][info][gc,phases      ] GC(720)   Other: 0.1ms
[142.126s][info][gc,heap        ] GC(720) Eden regions: 329->0(329)
[142.126s][info][gc,heap        ] GC(720) Survivor regions: 1->1(42)
[142.126s][info][gc,heap        ] GC(720) Old regions: 25->25
[142.126s][info][gc,heap        ] GC(720) Archive regions: 0->0
[142.126s][info][gc,heap        ] GC(720) Humongous regions: 0->0
[142.126s][info][gc,metaspace   ] GC(720) Metaspace: 14264K(15168K)->14264K(15168K) NonClass: 12314K(12928K)->12314K(12928K) Class: 1950K(2240K)->1950K(2240K)
[142.126s][info][gc             ] GC(720) Pause Young (Normal) (G1 Evacuation Pause) 336M->7M(551M) 3.562ms
[142.126s][info][gc,cpu         ] GC(720) User=0.52s Sys=0.00s Real=0.00s
[142.321s][info][gc,start       ] GC(721) Pause Young (Normal) (G1 Evacuation Pause)
[142.321s][info][gc,task        ] GC(721) Using 33 workers of 33 for evacuation
[142.324s][info][gc,phases      ] GC(721)   Pre Evacuate Collection Set: 0.2ms
[142.324s][info][gc,phases      ] GC(721)   Merge Heap Roots: 0.2ms
[142.324s][info][gc,phases      ] GC(721)   Evacuate Collection Set: 0.4ms
[142.324s][info][gc,phases      ] GC(721)   Post Evacuate Collection Set: 2.5ms
[142.324s][info][gc,phases      ] GC(721)   Other: 0.1ms
[142.324s][info][gc,heap        ] GC(721) Eden regions: 329->0(329)
[142.324s][info][gc,heap        ] GC(721) Survivor regions: 1->1(42)
[142.324s][info][gc,heap        ] GC(721) Old regions: 25->25
[142.324s][info][gc,heap        ] GC(721) Archive regions: 0->0
[142.324s][info][gc,heap        ] GC(721) Humongous regions: 0->0
[142.324s][info][gc,metaspace   ] GC(721) Metaspace: 14264K(15168K)->14264K(15168K) NonClass: 12314K(12928K)->12314K(12928K) Class: 1950K(2240K)->1950K(2240K)
[142.324s][info][gc             ] GC(721) Pause Young (Normal) (G1 Evacuation Pause) 336M->7M(551M) 3.538ms
[142.324s][info][gc,cpu         ] GC(721) User=0.00s Sys=0.00s Real=0.00s
[142.520s][info][gc,start       ] GC(722) Pause Young (Normal) (G1 Evacuation Pause)
[142.520s][info][gc,task        ] GC(722) Using 33 workers of 33 for evacuation
[142.523s][info][gc,phases      ] GC(722)   Pre Evacuate Collection Set: 0.1ms
[142.523s][info][gc,phases      ] GC(722)   Merge Heap Roots: 0.2ms
[142.523s][info][gc,phases      ] GC(722)   Evacuate Collection Set: 0.3ms
[142.523s][info][gc,phases      ] GC(722)   Post Evacuate Collection Set: 2.6ms
[142.523s][info][gc,phases      ] GC(722)   Other: 0.1ms
[142.523s][info][gc,heap        ] GC(722) Eden regions: 329->0(329)
[142.523s][info][gc,heap        ] GC(722) Survivor regions: 1->1(42)
[142.523s][info][gc,heap        ] GC(722) Old regions: 25->25
[142.523s][info][gc,heap        ] GC(722) Archive regions: 0->0
[142.523s][info][gc,heap        ] GC(722) Humongous regions: 0->0
[142.523s][info][gc,metaspace   ] GC(722) Metaspace: 14264K(15168K)->14264K(15168K) NonClass: 12314K(12928K)->12314K(12928K) Class: 1950K(2240K)->1950K(2240K)
[142.523s][info][gc             ] GC(722) Pause Young (Normal) (G1 Evacuation Pause) 336M->7M(551M) 3.570ms
[142.523s][info][gc,cpu         ] GC(722) User=0.00s Sys=0.00s Real=0.00s
[142.719s][info][gc,start       ] GC(723) Pause Young (Normal) (G1 Evacuation Pause)
[142.719s][info][gc,task        ] GC(723) Using 33 workers of 33 for evacuation
[142.723s][info][gc,phases      ] GC(723)   Pre Evacuate Collection Set: 0.2ms
[142.723s][info][gc,phases      ] GC(723)   Merge Heap Roots: 0.2ms
[142.723s][info][gc,phases      ] GC(723)   Evacuate Collection Set: 0.4ms
[142.723s][info][gc,phases      ] GC(723)   Post Evacuate Collection Set: 2.6ms
[142.723s][info][gc,phases      ] GC(723)   Other: 0.1ms
[142.723s][info][gc,heap        ] GC(723) Eden regions: 329->0(329)
[142.723s][info][gc,heap        ] GC(723) Survivor regions: 1->1(42)
[142.723s][info][gc,heap        ] GC(723) Old regions: 25->25
[142.723s][info][gc,heap        ] GC(723) Archive regions: 0->0
[142.723s][info][gc,heap        ] GC(723) Humongous regions: 0->0
[142.723s][info][gc,metaspace   ] GC(723) Metaspace: 14264K(15168K)->14264K(15168K) NonClass: 12314K(12928K)->12314K(12928K) Class: 1950K(2240K)->1950K(2240K)
[142.723s][info][gc             ] GC(723) Pause Young (Normal) (G1 Evacuation Pause) 336M->7M(551M) 3.639ms
[142.723s][info][gc,cpu         ] GC(723) User=0.00s Sys=0.00s Real=0.00s
[142.919s][info][gc,start       ] GC(724) Pause Young (Normal) (G1 Evacuation Pause)
[142.919s][info][gc,task        ] GC(724) Using 33 workers of 33 for evacuation
[142.922s][info][gc,phases      ] GC(724)   Pre Evacuate Collection Set: 0.1ms
[142.922s][info][gc,phases      ] GC(724)   Merge Heap Roots: 0.1ms
[142.922s][info][gc,phases      ] GC(724)   Evacuate Collection Set: 0.4ms
[142.922s][info][gc,phases      ] GC(724)   Post Evacuate Collection Set: 2.7ms
[142.922s][info][gc,phases      ] GC(724)   Other: 0.1ms
[142.922s][info][gc,heap        ] GC(724) Eden regions: 329->0(329)
[142.922s][info][gc,heap        ] GC(724) Survivor regions: 1->1(42)
[142.923s][info][gc,heap        ] GC(724) Old regions: 25->25
[142.923s][info][gc,heap        ] GC(724) Archive regions: 0->0
[142.923s][info][gc,heap        ] GC(724) Humongous regions: 0->0
[142.923s][info][gc,metaspace   ] GC(724) Metaspace: 14264K(15168K)->14264K(15168K) NonClass: 12314K(12928K)->12314K(12928K) Class: 1950K(2240K)->1950K(2240K)
[142.923s][info][gc             ] GC(724) Pause Young (Normal) (G1 Evacuation Pause) 336M->7M(551M) 3.647ms
[142.923s][info][gc,cpu         ] GC(724) User=0.52s Sys=0.00s Real=0.00s
[143.117s][info][gc,start       ] GC(725) Pause Young (Normal) (G1 Evacuation Pause)
[143.117s][info][gc,task        ] GC(725) Using 33 workers of 33 for evacuation
[143.121s][info][gc,phases      ] GC(725)   Pre Evacuate Collection Set: 0.2ms
[143.121s][info][gc,phases      ] GC(725)   Merge Heap Roots: 0.2ms
[143.121s][info][gc,phases      ] GC(725)   Evacuate Collection Set: 0.3ms
[143.121s][info][gc,phases      ] GC(725)   Post Evacuate Collection Set: 2.7ms
[143.121s][info][gc,phases      ] GC(725)   Other: 0.1ms
[143.121s][info][gc,heap        ] GC(725) Eden regions: 329->0(329)
[143.121s][info][gc,heap        ] GC(725) Survivor regions: 1->1(42)
[143.121s][info][gc,heap        ] GC(725) Old regions: 25->25
[143.121s][info][gc,heap        ] GC(725) Archive regions: 0->0
[143.121s][info][gc,heap        ] GC(725) Humongous regions: 0->0
[143.121s][info][gc,metaspace   ] GC(725) Metaspace: 14264K(15168K)->14264K(15168K) NonClass: 12314K(12928K)->12314K(12928K) Class: 1950K(2240K)->1950K(2240K)
[143.121s][info][gc             ] GC(725) Pause Young (Normal) (G1 Evacuation Pause) 336M->7M(551M) 3.686ms
[143.121s][info][gc,cpu         ] GC(725) User=0.00s Sys=0.00s Real=0.00s
[143.317s][info][gc,start       ] GC(726) Pause Young (Normal) (G1 Evacuation Pause)
[143.317s][info][gc,task        ] GC(726) Using 33 workers of 33 for evacuation
[143.321s][info][gc,phases      ] GC(726)   Pre Evacuate Collection Set: 0.2ms
[143.321s][info][gc,phases      ] GC(726)   Merge Heap Roots: 0.2ms
[143.321s][info][gc,phases      ] GC(726)   Evacuate Collection Set: 0.4ms
[143.321s][info][gc,phases      ] GC(726)   Post Evacuate Collection Set: 2.7ms
[143.321s][info][gc,phases      ] GC(726)   Other: 0.1ms
[143.321s][info][gc,heap        ] GC(726) Eden regions: 329->0(329)
[143.321s][info][gc,heap        ] GC(726) Survivor regions: 1->1(42)
[143.321s][info][gc,heap        ] GC(726) Old regions: 25->25
[143.321s][info][gc,heap        ] GC(726) Archive regions: 0->0
[143.321s][info][gc,heap        ] GC(726) Humongous regions: 0->0
[143.321s][info][gc,metaspace   ] GC(726) Metaspace: 14264K(15168K)->14264K(15168K) NonClass: 12314K(12928K)->12314K(12928K) Class: 1950K(2240K)->1950K(2240K)
[143.321s][info][gc             ] GC(726) Pause Young (Normal) (G1 Evacuation Pause) 336M->7M(551M) 3.797ms
[143.321s][info][gc,cpu         ] GC(726) User=0.00s Sys=0.00s Real=0.00s
[143.518s][info][gc,start       ] GC(727) Pause Young (Normal) (G1 Evacuation Pause)
[143.518s][info][gc,task        ] GC(727) Using 33 workers of 33 for evacuation
[143.522s][info][gc,phases      ] GC(727)   Pre Evacuate Collection Set: 0.1ms
[143.522s][info][gc,phases      ] GC(727)   Merge Heap Roots: 0.2ms
[143.522s][info][gc,phases      ] GC(727)   Evacuate Collection Set: 0.3ms
[143.522s][info][gc,phases      ] GC(727)   Post Evacuate Collection Set: 2.7ms
[143.522s][info][gc,phases      ] GC(727)   Other: 0.1ms
[143.522s][info][gc,heap        ] GC(727) Eden regions: 329->0(329)
[143.522s][info][gc,heap        ] GC(727) Survivor regions: 1->1(42)
[143.522s][info][gc,heap        ] GC(727) Old regions: 25->25
[143.522s][info][gc,heap        ] GC(727) Archive regions: 0->0
[143.522s][info][gc,heap        ] GC(727) Humongous regions: 0->0
[143.522s][info][gc,metaspace   ] GC(727) Metaspace: 14264K(15168K)->14264K(15168K) NonClass: 12314K(12928K)->12314K(12928K) Class: 1950K(2240K)->1950K(2240K)
[143.522s][info][gc             ] GC(727) Pause Young (Normal) (G1 Evacuation Pause) 336M->7M(551M) 3.787ms
[143.522s][info][gc,cpu         ] GC(727) User=0.00s Sys=0.00s Real=0.00s
[143.825s][info][gc,start       ] GC(728) Pause Young (Normal) (G1 Evacuation Pause)
[143.825s][info][gc,task        ] GC(728) Using 33 workers of 33 for evacuation
[143.830s][info][gc,phases      ] GC(728)   Pre Evacuate Collection Set: 0.2ms
[143.830s][info][gc,phases      ] GC(728)   Merge Heap Roots: 0.2ms
[143.830s][info][gc,phases      ] GC(728)   Evacuate Collection Set: 0.5ms
[143.830s][info][gc,phases      ] GC(728)   Post Evacuate Collection Set: 3.6ms
[143.830s][info][gc,phases      ] GC(728)   Other: 0.2ms
[143.830s][info][gc,heap        ] GC(728) Eden regions: 329->0(329)
[143.830s][info][gc,heap        ] GC(728) Survivor regions: 1->1(42)
[143.830s][info][gc,heap        ] GC(728) Old regions: 25->26
[143.830s][info][gc,heap        ] GC(728) Archive regions: 0->0
[143.830s][info][gc,heap        ] GC(728) Humongous regions: 0->0
[143.830s][info][gc,metaspace   ] GC(728) Metaspace: 14264K(15168K)->14264K(15168K) NonClass: 12314K(12928K)->12314K(12928K) Class: 1950K(2240K)->1950K(2240K)
[143.830s][info][gc             ] GC(728) Pause Young (Normal) (G1 Evacuation Pause) 336M->7M(551M) 5.261ms
[143.830s][info][gc,cpu         ] GC(728) User=0.00s Sys=0.00s Real=0.00s
[144.034s][info][gc,start       ] GC(729) Pause Young (Normal) (G1 Evacuation Pause)
[144.034s][info][gc,task        ] GC(729) Using 33 workers of 33 for evacuation
[144.037s][info][gc,phases      ] GC(729)   Pre Evacuate Collection Set: 0.1ms
[144.037s][info][gc,phases      ] GC(729)   Merge Heap Roots: 0.3ms
[144.037s][info][gc,phases      ] GC(729)   Evacuate Collection Set: 0.3ms
[144.037s][info][gc,phases      ] GC(729)   Post Evacuate Collection Set: 2.6ms
[144.037s][info][gc,phases      ] GC(729)   Other: 0.1ms
[144.037s][info][gc,heap        ] GC(729) Eden regions: 329->0(329)
[144.037s][info][gc,heap        ] GC(729) Survivor regions: 1->1(42)
[144.037s][info][gc,heap        ] GC(729) Old regions: 26->26
[144.037s][info][gc,heap        ] GC(729) Archive regions: 0->0
[144.037s][info][gc,heap        ] GC(729) Humongous regions: 0->0
[144.037s][info][gc,metaspace   ] GC(729) Metaspace: 14264K(15168K)->14264K(15168K) NonClass: 12314K(12928K)->12314K(12928K) Class: 1950K(2240K)->1950K(2240K)
[144.037s][info][gc             ] GC(729) Pause Young (Normal) (G1 Evacuation Pause) 336M->7M(551M) 3.639ms
[144.037s][info][gc,cpu         ] GC(729) User=0.00s Sys=0.00s Real=0.00s
[144.235s][info][gc,start       ] GC(730) Pause Young (Normal) (G1 Evacuation Pause)
[144.235s][info][gc,task        ] GC(730) Using 33 workers of 33 for evacuation
[144.238s][info][gc,phases      ] GC(730)   Pre Evacuate Collection Set: 0.2ms
[144.238s][info][gc,phases      ] GC(730)   Merge Heap Roots: 0.2ms
[144.238s][info][gc,phases      ] GC(730)   Evacuate Collection Set: 0.3ms
[144.238s][info][gc,phases      ] GC(730)   Post Evacuate Collection Set: 2.5ms
[144.238s][info][gc,phases      ] GC(730)   Other: 0.1ms
[144.238s][info][gc,heap        ] GC(730) Eden regions: 329->0(329)
[144.238s][info][gc,heap        ] GC(730) Survivor regions: 1->1(42)
[144.238s][info][gc,heap        ] GC(730) Old regions: 26->26
[144.238s][info][gc,heap        ] GC(730) Archive regions: 0->0
[144.238s][info][gc,heap        ] GC(730) Humongous regions: 0->0
[144.238s][info][gc,metaspace   ] GC(730) Metaspace: 14264K(15168K)->14264K(15168K) NonClass: 12314K(12928K)->12314K(12928K) Class: 1950K(2240K)->1950K(2240K)
[144.238s][info][gc             ] GC(730) Pause Young (Normal) (G1 Evacuation Pause) 336M->7M(551M) 3.540ms
[144.238s][info][gc,cpu         ] GC(730) User=0.47s Sys=0.03s Real=0.00s
[144.434s][info][gc,start       ] GC(731) Pause Young (Normal) (G1 Evacuation Pause)
[144.434s][info][gc,task        ] GC(731) Using 33 workers of 33 for evacuation
[144.437s][info][gc,phases      ] GC(731)   Pre Evacuate Collection Set: 0.2ms
[144.437s][info][gc,phases      ] GC(731)   Merge Heap Roots: 0.2ms
[144.437s][info][gc,phases      ] GC(731)   Evacuate Collection Set: 0.3ms
[144.437s][info][gc,phases      ] GC(731)   Post Evacuate Collection Set: 2.5ms
[144.437s][info][gc,phases      ] GC(731)   Other: 0.1ms
[144.437s][info][gc,heap        ] GC(731) Eden regions: 329->0(329)
[144.437s][info][gc,heap        ] GC(731) Survivor regions: 1->1(42)
[144.437s][info][gc,heap        ] GC(731) Old regions: 26->26
[144.437s][info][gc,heap        ] GC(731) Archive regions: 0->0
[144.437s][info][gc,heap        ] GC(731) Humongous regions: 0->0
[144.437s][info][gc,metaspace   ] GC(731) Metaspace: 14264K(15168K)->14264K(15168K) NonClass: 12314K(12928K)->12314K(12928K) Class: 1950K(2240K)->1950K(2240K)
[144.438s][info][gc             ] GC(731) Pause Young (Normal) (G1 Evacuation Pause) 336M->7M(551M) 3.445ms
[144.438s][info][gc,cpu         ] GC(731) User=0.00s Sys=0.00s Real=0.00s
[144.634s][info][gc,start       ] GC(732) Pause Young (Normal) (G1 Evacuation Pause)
[144.634s][info][gc,task        ] GC(732) Using 33 workers of 33 for evacuation
[144.637s][info][gc,phases      ] GC(732)   Pre Evacuate Collection Set: 0.1ms
[144.637s][info][gc,phases      ] GC(732)   Merge Heap Roots: 0.1ms
[144.637s][info][gc,phases      ] GC(732)   Evacuate Collection Set: 0.4ms
[144.637s][info][gc,phases      ] GC(732)   Post Evacuate Collection Set: 2.3ms
[144.637s][info][gc,phases      ] GC(732)   Other: 0.1ms
[144.637s][info][gc,heap        ] GC(732) Eden regions: 329->0(329)
[144.637s][info][gc,heap        ] GC(732) Survivor regions: 1->1(42)
[144.637s][info][gc,heap        ] GC(732) Old regions: 26->26
[144.637s][info][gc,heap        ] GC(732) Archive regions: 0->0
[144.637s][info][gc,heap        ] GC(732) Humongous regions: 0->0
[144.637s][info][gc,metaspace   ] GC(732) Metaspace: 14264K(15168K)->14264K(15168K) NonClass: 12314K(12928K)->12314K(12928K) Class: 1950K(2240K)->1950K(2240K)
[144.637s][info][gc             ] GC(732) Pause Young (Normal) (G1 Evacuation Pause) 336M->7M(551M) 3.253ms
[144.637s][info][gc,cpu         ] GC(732) User=0.00s Sys=0.00s Real=0.00s
[144.833s][info][gc,start       ] GC(733) Pause Young (Normal) (G1 Evacuation Pause)
[144.833s][info][gc,task        ] GC(733) Using 33 workers of 33 for evacuation
[144.836s][info][gc,phases      ] GC(733)   Pre Evacuate Collection Set: 0.1ms
[144.836s][info][gc,phases      ] GC(733)   Merge Heap Roots: 0.2ms
[144.836s][info][gc,phases      ] GC(733)   Evacuate Collection Set: 0.3ms
[144.836s][info][gc,phases      ] GC(733)   Post Evacuate Collection Set: 2.4ms
[144.836s][info][gc,phases      ] GC(733)   Other: 0.1ms
[144.836s][info][gc,heap        ] GC(733) Eden regions: 329->0(329)
[144.836s][info][gc,heap        ] GC(733) Survivor regions: 1->1(42)
[144.836s][info][gc,heap        ] GC(733) Old regions: 26->26
[144.836s][info][gc,heap        ] GC(733) Archive regions: 0->0
[144.836s][info][gc,heap        ] GC(733) Humongous regions: 0->0
[144.836s][info][gc,metaspace   ] GC(733) Metaspace: 14264K(15168K)->14264K(15168K) NonClass: 12314K(12928K)->12314K(12928K) Class: 1950K(2240K)->1950K(2240K)
[144.836s][info][gc             ] GC(733) Pause Young (Normal) (G1 Evacuation Pause) 336M->8M(551M) 3.349ms
[144.836s][info][gc,cpu         ] GC(733) User=0.00s Sys=0.00s Real=0.00s
[145.032s][info][gc,start       ] GC(734) Pause Young (Normal) (G1 Evacuation Pause)
[145.032s][info][gc,task        ] GC(734) Using 33 workers of 33 for evacuation
[145.036s][info][gc,phases      ] GC(734)   Pre Evacuate Collection Set: 0.2ms
[145.036s][info][gc,phases      ] GC(734)   Merge Heap Roots: 0.2ms
[145.036s][info][gc,phases      ] GC(734)   Evacuate Collection Set: 0.3ms
[145.036s][info][gc,phases      ] GC(734)   Post Evacuate Collection Set: 2.4ms
[145.036s][info][gc,phases      ] GC(734)   Other: 0.2ms
[145.036s][info][gc,heap        ] GC(734) Eden regions: 329->0(329)
[145.036s][info][gc,heap        ] GC(734) Survivor regions: 1->1(42)
[145.036s][info][gc,heap        ] GC(734) Old regions: 26->26
[145.036s][info][gc,heap        ] GC(734) Archive regions: 0->0
[145.036s][info][gc,heap        ] GC(734) Humongous regions: 0->0
[145.036s][info][gc,metaspace   ] GC(734) Metaspace: 14264K(15168K)->14264K(15168K) NonClass: 12314K(12928K)->12314K(12928K) Class: 1950K(2240K)->1950K(2240K)
[145.036s][info][gc             ] GC(734) Pause Young (Normal) (G1 Evacuation Pause) 337M->8M(551M) 3.423ms
[145.036s][info][gc,cpu         ] GC(734) User=0.00s Sys=0.00s Real=0.00s
[145.230s][info][gc,start       ] GC(735) Pause Young (Normal) (G1 Evacuation Pause)
[145.230s][info][gc,task        ] GC(735) Using 33 workers of 33 for evacuation
[145.233s][info][gc,phases      ] GC(735)   Pre Evacuate Collection Set: 0.2ms
[145.233s][info][gc,phases      ] GC(735)   Merge Heap Roots: 0.1ms
[145.233s][info][gc,phases      ] GC(735)   Evacuate Collection Set: 0.3ms
[145.233s][info][gc,phases      ] GC(735)   Post Evacuate Collection Set: 2.4ms
[145.233s][info][gc,phases      ] GC(735)   Other: 0.1ms
[145.233s][info][gc,heap        ] GC(735) Eden regions: 329->0(329)
[145.234s][info][gc,heap        ] GC(735) Survivor regions: 1->1(42)
[145.234s][info][gc,heap        ] GC(735) Old regions: 26->26
[145.234s][info][gc,heap        ] GC(735) Archive regions: 0->0
[145.234s][info][gc,heap        ] GC(735) Humongous regions: 0->0
[145.234s][info][gc,metaspace   ] GC(735) Metaspace: 14264K(15168K)->14264K(15168K) NonClass: 12314K(12928K)->12314K(12928K) Class: 1950K(2240K)->1950K(2240K)
[145.234s][info][gc             ] GC(735) Pause Young (Normal) (G1 Evacuation Pause) 337M->8M(551M) 3.375ms
[145.234s][info][gc,cpu         ] GC(735) User=0.00s Sys=0.00s Real=0.00s
[145.431s][info][gc,start       ] GC(736) Pause Young (Normal) (G1 Evacuation Pause)
[145.431s][info][gc,task        ] GC(736) Using 33 workers of 33 for evacuation
[145.434s][info][gc,phases      ] GC(736)   Pre Evacuate Collection Set: 0.2ms
[145.434s][info][gc,phases      ] GC(736)   Merge Heap Roots: 0.1ms
[145.434s][info][gc,phases      ] GC(736)   Evacuate Collection Set: 0.3ms
[145.434s][info][gc,phases      ] GC(736)   Post Evacuate Collection Set: 2.4ms
[145.434s][info][gc,phases      ] GC(736)   Other: 0.1ms
[145.434s][info][gc,heap        ] GC(736) Eden regions: 329->0(329)
[145.434s][info][gc,heap        ] GC(736) Survivor regions: 1->1(42)
[145.434s][info][gc,heap        ] GC(736) Old regions: 26->26
[145.434s][info][gc,heap        ] GC(736) Archive regions: 0->0
[145.434s][info][gc,heap        ] GC(736) Humongous regions: 0->0
[145.434s][info][gc,metaspace   ] GC(736) Metaspace: 14264K(15168K)->14264K(15168K) NonClass: 12314K(12928K)->12314K(12928K) Class: 1950K(2240K)->1950K(2240K)
[145.434s][info][gc             ] GC(736) Pause Young (Normal) (G1 Evacuation Pause) 337M->8M(551M) 3.407ms
[145.434s][info][gc,cpu         ] GC(736) User=0.00s Sys=0.00s Real=0.00s
[145.630s][info][gc,start       ] GC(737) Pause Young (Normal) (G1 Evacuation Pause)
[145.630s][info][gc,task        ] GC(737) Using 33 workers of 33 for evacuation
[145.633s][info][gc,phases      ] GC(737)   Pre Evacuate Collection Set: 0.1ms
[145.633s][info][gc,phases      ] GC(737)   Merge Heap Roots: 0.2ms
[145.633s][info][gc,phases      ] GC(737)   Evacuate Collection Set: 0.3ms
[145.633s][info][gc,phases      ] GC(737)   Post Evacuate Collection Set: 2.5ms
[145.634s][info][gc,phases      ] GC(737)   Other: 0.1ms
[145.634s][info][gc,heap        ] GC(737) Eden regions: 329->0(329)
[145.634s][info][gc,heap        ] GC(737) Survivor regions: 1->1(42)
[145.634s][info][gc,heap        ] GC(737) Old regions: 26->26
[145.634s][info][gc,heap        ] GC(737) Archive regions: 0->0
[145.634s][info][gc,heap        ] GC(737) Humongous regions: 0->0
[145.634s][info][gc,metaspace   ] GC(737) Metaspace: 14264K(15168K)->14264K(15168K) NonClass: 12314K(12928K)->12314K(12928K) Class: 1950K(2240K)->1950K(2240K)
[145.634s][info][gc             ] GC(737) Pause Young (Normal) (G1 Evacuation Pause) 337M->8M(551M) 3.489ms
[145.634s][info][gc,cpu         ] GC(737) User=0.00s Sys=0.00s Real=0.00s
[145.830s][info][gc,start       ] GC(738) Pause Young (Normal) (G1 Evacuation Pause)
[145.831s][info][gc,task        ] GC(738) Using 33 workers of 33 for evacuation
[145.834s][info][gc,phases      ] GC(738)   Pre Evacuate Collection Set: 0.2ms
[145.834s][info][gc,phases      ] GC(738)   Merge Heap Roots: 0.2ms
[145.834s][info][gc,phases      ] GC(738)   Evacuate Collection Set: 0.4ms
[145.834s][info][gc,phases      ] GC(738)   Post Evacuate Collection Set: 2.5ms
[145.834s][info][gc,phases      ] GC(738)   Other: 0.1ms
[145.834s][info][gc,heap        ] GC(738) Eden regions: 329->0(329)
[145.834s][info][gc,heap        ] GC(738) Survivor regions: 1->1(42)
[145.834s][info][gc,heap        ] GC(738) Old regions: 26->26
[145.834s][info][gc,heap        ] GC(738) Archive regions: 0->0
[145.834s][info][gc,heap        ] GC(738) Humongous regions: 0->0
[145.834s][info][gc,metaspace   ] GC(738) Metaspace: 14264K(15168K)->14264K(15168K) NonClass: 12314K(12928K)->12314K(12928K) Class: 1950K(2240K)->1950K(2240K)
[145.834s][info][gc             ] GC(738) Pause Young (Normal) (G1 Evacuation Pause) 337M->8M(551M) 3.526ms
[145.834s][info][gc,cpu         ] GC(738) User=0.00s Sys=0.00s Real=0.00s
[146.029s][info][gc,start       ] GC(739) Pause Young (Normal) (G1 Evacuation Pause)
[146.029s][info][gc,task        ] GC(739) Using 33 workers of 33 for evacuation
[146.032s][info][gc,phases      ] GC(739)   Pre Evacuate Collection Set: 0.2ms
[146.032s][info][gc,phases      ] GC(739)   Merge Heap Roots: 0.2ms
[146.032s][info][gc,phases      ] GC(739)   Evacuate Collection Set: 0.3ms
[146.032s][info][gc,phases      ] GC(739)   Post Evacuate Collection Set: 2.5ms
[146.032s][info][gc,phases      ] GC(739)   Other: 0.1ms
[146.032s][info][gc,heap        ] GC(739) Eden regions: 329->0(329)
[146.032s][info][gc,heap        ] GC(739) Survivor regions: 1->1(42)
[146.032s][info][gc,heap        ] GC(739) Old regions: 26->26
[146.032s][info][gc,heap        ] GC(739) Archive regions: 0->0
[146.032s][info][gc,heap        ] GC(739) Humongous regions: 0->0
[146.032s][info][gc,metaspace   ] GC(739) Metaspace: 14264K(15168K)->14264K(15168K) NonClass: 12314K(12928K)->12314K(12928K) Class: 1950K(2240K)->1950K(2240K)
[146.032s][info][gc             ] GC(739) Pause Young (Normal) (G1 Evacuation Pause) 337M->8M(551M) 3.509ms
[146.032s][info][gc,cpu         ] GC(739) User=0.52s Sys=0.00s Real=0.00s
[146.229s][info][gc,start       ] GC(740) Pause Young (Normal) (G1 Evacuation Pause)
[146.229s][info][gc,task        ] GC(740) Using 33 workers of 33 for evacuation
[146.233s][info][gc,phases      ] GC(740)   Pre Evacuate Collection Set: 0.2ms
[146.233s][info][gc,phases      ] GC(740)   Merge Heap Roots: 0.2ms
[146.233s][info][gc,phases      ] GC(740)   Evacuate Collection Set: 0.3ms
[146.233s][info][gc,phases      ] GC(740)   Post Evacuate Collection Set: 2.6ms
[146.233s][info][gc,phases      ] GC(740)   Other: 0.1ms
[146.233s][info][gc,heap        ] GC(740) Eden regions: 329->0(329)
[146.233s][info][gc,heap        ] GC(740) Survivor regions: 1->1(42)
[146.233s][info][gc,heap        ] GC(740) Old regions: 26->26
[146.233s][info][gc,heap        ] GC(740) Archive regions: 0->0
[146.233s][info][gc,heap        ] GC(740) Humongous regions: 0->0
[146.233s][info][gc,metaspace   ] GC(740) Metaspace: 14264K(15168K)->14264K(15168K) NonClass: 12314K(12928K)->12314K(12928K) Class: 1950K(2240K)->1950K(2240K)
[146.233s][info][gc             ] GC(740) Pause Young (Normal) (G1 Evacuation Pause) 337M->8M(551M) 3.586ms
[146.233s][info][gc,cpu         ] GC(740) User=0.00s Sys=0.00s Real=0.00s
[146.429s][info][gc,start       ] GC(741) Pause Young (Normal) (G1 Evacuation Pause)
[146.429s][info][gc,task        ] GC(741) Using 33 workers of 33 for evacuation
[146.432s][info][gc,phases      ] GC(741)   Pre Evacuate Collection Set: 0.1ms
[146.432s][info][gc,phases      ] GC(741)   Merge Heap Roots: 0.2ms
[146.432s][info][gc,phases      ] GC(741)   Evacuate Collection Set: 0.4ms
[146.432s][info][gc,phases      ] GC(741)   Post Evacuate Collection Set: 2.6ms
[146.432s][info][gc,phases      ] GC(741)   Other: 0.1ms
[146.432s][info][gc,heap        ] GC(741) Eden regions: 329->0(329)
[146.432s][info][gc,heap        ] GC(741) Survivor regions: 1->1(42)
[146.432s][info][gc,heap        ] GC(741) Old regions: 26->26
[146.432s][info][gc,heap        ] GC(741) Archive regions: 0->0
[146.432s][info][gc,heap        ] GC(741) Humongous regions: 0->0
[146.432s][info][gc,metaspace   ] GC(741) Metaspace: 14264K(15168K)->14264K(15168K) NonClass: 12314K(12928K)->12314K(12928K) Class: 1950K(2240K)->1950K(2240K)
[146.432s][info][gc             ] GC(741) Pause Young (Normal) (G1 Evacuation Pause) 337M->8M(551M) 3.639ms
[146.433s][info][gc,cpu         ] GC(741) User=0.00s Sys=0.00s Real=0.00s
[146.629s][info][gc,start       ] GC(742) Pause Young (Normal) (G1 Evacuation Pause)
[146.629s][info][gc,task        ] GC(742) Using 33 workers of 33 for evacuation
[146.632s][info][gc,phases      ] GC(742)   Pre Evacuate Collection Set: 0.2ms
[146.632s][info][gc,phases      ] GC(742)   Merge Heap Roots: 0.2ms
[146.632s][info][gc,phases      ] GC(742)   Evacuate Collection Set: 0.4ms
[146.632s][info][gc,phases      ] GC(742)   Post Evacuate Collection Set: 2.7ms
[146.632s][info][gc,phases      ] GC(742)   Other: 0.1ms
[146.632s][info][gc,heap        ] GC(742) Eden regions: 329->0(329)
[146.632s][info][gc,heap        ] GC(742) Survivor regions: 1->1(42)
[146.632s][info][gc,heap        ] GC(742) Old regions: 26->26
[146.632s][info][gc,heap        ] GC(742) Archive regions: 0->0
[146.632s][info][gc,heap        ] GC(742) Humongous regions: 0->0
[146.632s][info][gc,metaspace   ] GC(742) Metaspace: 14264K(15168K)->14264K(15168K) NonClass: 12314K(12928K)->12314K(12928K) Class: 1950K(2240K)->1950K(2240K)
[146.632s][info][gc             ] GC(742) Pause Young (Normal) (G1 Evacuation Pause) 337M->8M(551M) 3.709ms
[146.632s][info][gc,cpu         ] GC(742) User=0.00s Sys=0.00s Real=0.00s
[146.829s][info][gc,start       ] GC(743) Pause Young (Normal) (G1 Evacuation Pause)
[146.829s][info][gc,task        ] GC(743) Using 33 workers of 33 for evacuation
[146.833s][info][gc,phases      ] GC(743)   Pre Evacuate Collection Set: 0.2ms
[146.833s][info][gc,phases      ] GC(743)   Merge Heap Roots: 0.2ms
[146.833s][info][gc,phases      ] GC(743)   Evacuate Collection Set: 0.3ms
[146.833s][info][gc,phases      ] GC(743)   Post Evacuate Collection Set: 2.7ms
[146.833s][info][gc,phases      ] GC(743)   Other: 0.1ms
[146.833s][info][gc,heap        ] GC(743) Eden regions: 329->0(329)
[146.833s][info][gc,heap        ] GC(743) Survivor regions: 1->1(42)
[146.833s][info][gc,heap        ] GC(743) Old regions: 26->26
[146.833s][info][gc,heap        ] GC(743) Archive regions: 0->0
[146.833s][info][gc,heap        ] GC(743) Humongous regions: 0->0
[146.833s][info][gc,metaspace   ] GC(743) Metaspace: 14264K(15168K)->14264K(15168K) NonClass: 12314K(12928K)->12314K(12928K) Class: 1950K(2240K)->1950K(2240K)
[146.833s][info][gc             ] GC(743) Pause Young (Normal) (G1 Evacuation Pause) 337M->8M(551M) 3.650ms
[146.833s][info][gc,cpu         ] GC(743) User=0.00s Sys=0.00s Real=0.00s
[147.028s][info][gc,start       ] GC(744) Pause Young (Normal) (G1 Evacuation Pause)
[147.028s][info][gc,task        ] GC(744) Using 33 workers of 33 for evacuation
[147.031s][info][gc,phases      ] GC(744)   Pre Evacuate Collection Set: 0.2ms
[147.032s][info][gc,phases      ] GC(744)   Merge Heap Roots: 0.2ms
[147.032s][info][gc,phases      ] GC(744)   Evacuate Collection Set: 0.4ms
[147.032s][info][gc,phases      ] GC(744)   Post Evacuate Collection Set: 2.7ms
[147.032s][info][gc,phases      ] GC(744)   Other: 0.1ms
[147.032s][info][gc,heap        ] GC(744) Eden regions: 329->0(329)
[147.032s][info][gc,heap        ] GC(744) Survivor regions: 1->1(42)
[147.032s][info][gc,heap        ] GC(744) Old regions: 26->26
[147.032s][info][gc,heap        ] GC(744) Archive regions: 0->0
[147.032s][info][gc,heap        ] GC(744) Humongous regions: 0->0
[147.032s][info][gc,metaspace   ] GC(744) Metaspace: 14264K(15168K)->14264K(15168K) NonClass: 12314K(12928K)->12314K(12928K) Class: 1950K(2240K)->1950K(2240K)
[147.032s][info][gc             ] GC(744) Pause Young (Normal) (G1 Evacuation Pause) 337M->8M(551M) 3.826ms
[147.032s][info][gc,cpu         ] GC(744) User=0.03s Sys=0.00s Real=0.00s
[147.227s][info][gc,start       ] GC(745) Pause Young (Normal) (G1 Evacuation Pause)
[147.227s][info][gc,task        ] GC(745) Using 33 workers of 33 for evacuation
[147.231s][info][gc,phases      ] GC(745)   Pre Evacuate Collection Set: 0.2ms
[147.231s][info][gc,phases      ] GC(745)   Merge Heap Roots: 0.2ms
[147.231s][info][gc,phases      ] GC(745)   Evacuate Collection Set: 0.4ms
[147.231s][info][gc,phases      ] GC(745)   Post Evacuate Collection Set: 2.8ms
[147.231s][info][gc,phases      ] GC(745)   Other: 0.1ms
[147.231s][info][gc,heap        ] GC(745) Eden regions: 329->0(329)
[147.231s][info][gc,heap        ] GC(745) Survivor regions: 1->1(42)
[147.231s][info][gc,heap        ] GC(745) Old regions: 26->26
[147.231s][info][gc,heap        ] GC(745) Archive regions: 0->0
[147.231s][info][gc,heap        ] GC(745) Humongous regions: 0->0
[147.231s][info][gc,metaspace   ] GC(745) Metaspace: 14264K(15168K)->14264K(15168K) NonClass: 12314K(12928K)->12314K(12928K) Class: 1950K(2240K)->1950K(2240K)
[147.231s][info][gc             ] GC(745) Pause Young (Normal) (G1 Evacuation Pause) 337M->8M(551M) 3.826ms
[147.231s][info][gc,cpu         ] GC(745) User=0.00s Sys=0.00s Real=0.00s
[147.426s][info][gc,start       ] GC(746) Pause Young (Normal) (G1 Evacuation Pause)
[147.426s][info][gc,task        ] GC(746) Using 33 workers of 33 for evacuation
[147.430s][info][gc,phases      ] GC(746)   Pre Evacuate Collection Set: 0.1ms
[147.430s][info][gc,phases      ] GC(746)   Merge Heap Roots: 0.2ms
[147.430s][info][gc,phases      ] GC(746)   Evacuate Collection Set: 0.4ms
[147.430s][info][gc,phases      ] GC(746)   Post Evacuate Collection Set: 2.8ms
[147.430s][info][gc,phases      ] GC(746)   Other: 0.1ms
[147.430s][info][gc,heap        ] GC(746) Eden regions: 329->0(329)
[147.430s][info][gc,heap        ] GC(746) Survivor regions: 1->1(42)
[147.430s][info][gc,heap        ] GC(746) Old regions: 26->26
[147.430s][info][gc,heap        ] GC(746) Archive regions: 0->0
[147.430s][info][gc,heap        ] GC(746) Humongous regions: 0->0
[147.430s][info][gc,metaspace   ] GC(746) Metaspace: 14264K(15168K)->14264K(15168K) NonClass: 12314K(12928K)->12314K(12928K) Class: 1950K(2240K)->1950K(2240K)
[147.430s][info][gc             ] GC(746) Pause Young (Normal) (G1 Evacuation Pause) 337M->8M(551M) 3.778ms
[147.430s][info][gc,cpu         ] GC(746) User=0.00s Sys=0.00s Real=0.00s
[147.735s][info][gc,start       ] GC(747) Pause Young (Normal) (G1 Evacuation Pause)
[147.735s][info][gc,task        ] GC(747) Using 33 workers of 33 for evacuation
[147.740s][info][gc,phases      ] GC(747)   Pre Evacuate Collection Set: 0.2ms
[147.740s][info][gc,phases      ] GC(747)   Merge Heap Roots: 0.2ms
[147.740s][info][gc,phases      ] GC(747)   Evacuate Collection Set: 0.6ms
[147.740s][info][gc,phases      ] GC(747)   Post Evacuate Collection Set: 3.7ms
[147.740s][info][gc,phases      ] GC(747)   Other: 0.2ms
[147.740s][info][gc,heap        ] GC(747) Eden regions: 329->0(329)
[147.740s][info][gc,heap        ] GC(747) Survivor regions: 1->1(42)
[147.740s][info][gc,heap        ] GC(747) Old regions: 26->26
[147.740s][info][gc,heap        ] GC(747) Archive regions: 0->0
[147.740s][info][gc,heap        ] GC(747) Humongous regions: 0->0
[147.740s][info][gc,metaspace   ] GC(747) Metaspace: 14264K(15168K)->14264K(15168K) NonClass: 12314K(12928K)->12314K(12928K) Class: 1950K(2240K)->1950K(2240K)
[147.740s][info][gc             ] GC(747) Pause Young (Normal) (G1 Evacuation Pause) 337M->8M(551M) 5.489ms
[147.740s][info][gc,cpu         ] GC(747) User=0.00s Sys=0.00s Real=0.00s
[147.942s][info][gc,start       ] GC(748) Pause Young (Normal) (G1 Evacuation Pause)
[147.942s][info][gc,task        ] GC(748) Using 33 workers of 33 for evacuation
[147.945s][info][gc,phases      ] GC(748)   Pre Evacuate Collection Set: 0.2ms
[147.945s][info][gc,phases      ] GC(748)   Merge Heap Roots: 0.2ms
[147.945s][info][gc,phases      ] GC(748)   Evacuate Collection Set: 0.3ms
[147.945s][info][gc,phases      ] GC(748)   Post Evacuate Collection Set: 2.6ms
[147.945s][info][gc,phases      ] GC(748)   Other: 0.1ms
[147.945s][info][gc,heap        ] GC(748) Eden regions: 329->0(329)
[147.945s][info][gc,heap        ] GC(748) Survivor regions: 1->1(42)
[147.945s][info][gc,heap        ] GC(748) Old regions: 26->26
[147.945s][info][gc,heap        ] GC(748) Archive regions: 0->0
[147.945s][info][gc,heap        ] GC(748) Humongous regions: 0->0
[147.945s][info][gc,metaspace   ] GC(748) Metaspace: 14264K(15168K)->14264K(15168K) NonClass: 12314K(12928K)->12314K(12928K) Class: 1950K(2240K)->1950K(2240K)
[147.945s][info][gc             ] GC(748) Pause Young (Normal) (G1 Evacuation Pause) 337M->8M(551M) 3.610ms
[147.945s][info][gc,cpu         ] GC(748) User=0.00s Sys=0.00s Real=0.00s
[148.143s][info][gc,start       ] GC(749) Pause Young (Normal) (G1 Evacuation Pause)
[148.143s][info][gc,task        ] GC(749) Using 33 workers of 33 for evacuation
[148.146s][info][gc,phases      ] GC(749)   Pre Evacuate Collection Set: 0.2ms
[148.146s][info][gc,phases      ] GC(749)   Merge Heap Roots: 0.1ms
[148.146s][info][gc,phases      ] GC(749)   Evacuate Collection Set: 0.3ms
[148.146s][info][gc,phases      ] GC(749)   Post Evacuate Collection Set: 2.4ms
[148.146s][info][gc,phases      ] GC(749)   Other: 0.1ms
[148.146s][info][gc,heap        ] GC(749) Eden regions: 329->0(329)
[148.146s][info][gc,heap        ] GC(749) Survivor regions: 1->1(42)
[148.146s][info][gc,heap        ] GC(749) Old regions: 26->27
[148.146s][info][gc,heap        ] GC(749) Archive regions: 0->0
[148.146s][info][gc,heap        ] GC(749) Humongous regions: 0->0
[148.146s][info][gc,metaspace   ] GC(749) Metaspace: 14264K(15168K)->14264K(15168K) NonClass: 12314K(12928K)->12314K(12928K) Class: 1950K(2240K)->1950K(2240K)
[148.146s][info][gc             ] GC(749) Pause Young (Normal) (G1 Evacuation Pause) 337M->8M(551M) 3.398ms
[148.146s][info][gc,cpu         ] GC(749) User=0.00s Sys=0.00s Real=0.00s
[148.342s][info][gc,start       ] GC(750) Pause Young (Normal) (G1 Evacuation Pause)
[148.342s][info][gc,task        ] GC(750) Using 33 workers of 33 for evacuation
[148.345s][info][gc,phases      ] GC(750)   Pre Evacuate Collection Set: 0.2ms
[148.345s][info][gc,phases      ] GC(750)   Merge Heap Roots: 0.2ms
[148.345s][info][gc,phases      ] GC(750)   Evacuate Collection Set: 0.3ms
[148.345s][info][gc,phases      ] GC(750)   Post Evacuate Collection Set: 2.4ms
[148.345s][info][gc,phases      ] GC(750)   Other: 0.1ms
[148.345s][info][gc,heap        ] GC(750) Eden regions: 329->0(329)
[148.345s][info][gc,heap        ] GC(750) Survivor regions: 1->1(42)
[148.345s][info][gc,heap        ] GC(750) Old regions: 27->27
[148.345s][info][gc,heap        ] GC(750) Archive regions: 0->0
[148.345s][info][gc,heap        ] GC(750) Humongous regions: 0->0
[148.345s][info][gc,metaspace   ] GC(750) Metaspace: 14264K(15168K)->14264K(15168K) NonClass: 12314K(12928K)->12314K(12928K) Class: 1950K(2240K)->1950K(2240K)
[148.345s][info][gc             ] GC(750) Pause Young (Normal) (G1 Evacuation Pause) 337M->8M(551M) 3.365ms
[148.345s][info][gc,cpu         ] GC(750) User=0.52s Sys=0.00s Real=0.00s
[148.541s][info][gc,start       ] GC(751) Pause Young (Normal) (G1 Evacuation Pause)
[148.541s][info][gc,task        ] GC(751) Using 33 workers of 33 for evacuation
[148.544s][info][gc,phases      ] GC(751)   Pre Evacuate Collection Set: 0.2ms
[148.544s][info][gc,phases      ] GC(751)   Merge Heap Roots: 0.2ms
[148.544s][info][gc,phases      ] GC(751)   Evacuate Collection Set: 0.4ms
[148.544s][info][gc,phases      ] GC(751)   Post Evacuate Collection Set: 2.4ms
[148.544s][info][gc,phases      ] GC(751)   Other: 0.1ms
[148.544s][info][gc,heap        ] GC(751) Eden regions: 329->0(329)
[148.544s][info][gc,heap        ] GC(751) Survivor regions: 1->1(42)
[148.544s][info][gc,heap        ] GC(751) Old regions: 27->27
[148.544s][info][gc,heap        ] GC(751) Archive regions: 0->0
[148.544s][info][gc,heap        ] GC(751) Humongous regions: 0->0
[148.544s][info][gc,metaspace   ] GC(751) Metaspace: 14264K(15168K)->14264K(15168K) NonClass: 12314K(12928K)->12314K(12928K) Class: 1950K(2240K)->1950K(2240K)
[148.544s][info][gc             ] GC(751) Pause Young (Normal) (G1 Evacuation Pause) 337M->8M(551M) 3.458ms
[148.545s][info][gc,cpu         ] GC(751) User=0.00s Sys=0.00s Real=0.00s
[148.740s][info][gc,start       ] GC(752) Pause Young (Normal) (G1 Evacuation Pause)
[148.740s][info][gc,task        ] GC(752) Using 33 workers of 33 for evacuation
[148.743s][info][gc,phases      ] GC(752)   Pre Evacuate Collection Set: 0.2ms
[148.743s][info][gc,phases      ] GC(752)   Merge Heap Roots: 0.2ms
[148.743s][info][gc,phases      ] GC(752)   Evacuate Collection Set: 0.3ms
[148.743s][info][gc,phases      ] GC(752)   Post Evacuate Collection Set: 2.3ms
[148.743s][info][gc,phases      ] GC(752)   Other: 0.1ms
[148.743s][info][gc,heap        ] GC(752) Eden regions: 329->0(329)
[148.743s][info][gc,heap        ] GC(752) Survivor regions: 1->1(42)
[148.743s][info][gc,heap        ] GC(752) Old regions: 27->27
[148.743s][info][gc,heap        ] GC(752) Archive regions: 0->0
[148.743s][info][gc,heap        ] GC(752) Humongous regions: 0->0
[148.743s][info][gc,metaspace   ] GC(752) Metaspace: 14264K(15168K)->14264K(15168K) NonClass: 12314K(12928K)->12314K(12928K) Class: 1950K(2240K)->1950K(2240K)
[148.743s][info][gc             ] GC(752) Pause Young (Normal) (G1 Evacuation Pause) 337M->8M(551M) 3.303ms
[148.743s][info][gc,cpu         ] GC(752) User=0.00s Sys=0.00s Real=0.00s
[148.939s][info][gc,start       ] GC(753) Pause Young (Normal) (G1 Evacuation Pause)
[148.939s][info][gc,task        ] GC(753) Using 33 workers of 33 for evacuation
[148.942s][info][gc,phases      ] GC(753)   Pre Evacuate Collection Set: 0.2ms
[148.942s][info][gc,phases      ] GC(753)   Merge Heap Roots: 0.2ms
[148.942s][info][gc,phases      ] GC(753)   Evacuate Collection Set: 0.3ms
[148.942s][info][gc,phases      ] GC(753)   Post Evacuate Collection Set: 2.4ms
[148.942s][info][gc,phases      ] GC(753)   Other: 0.2ms
[148.942s][info][gc,heap        ] GC(753) Eden regions: 329->0(329)
[148.942s][info][gc,heap        ] GC(753) Survivor regions: 1->1(42)
[148.942s][info][gc,heap        ] GC(753) Old regions: 27->27
[148.942s][info][gc,heap        ] GC(753) Archive regions: 0->0
[148.942s][info][gc,heap        ] GC(753) Humongous regions: 0->0
[148.942s][info][gc,metaspace   ] GC(753) Metaspace: 14264K(15168K)->14264K(15168K) NonClass: 12314K(12928K)->12314K(12928K) Class: 1950K(2240K)->1950K(2240K)
[148.942s][info][gc             ] GC(753) Pause Young (Normal) (G1 Evacuation Pause) 337M->8M(551M) 3.443ms
[148.942s][info][gc,cpu         ] GC(753) User=0.00s Sys=0.00s Real=0.00s
[149.138s][info][gc,start       ] GC(754) Pause Young (Normal) (G1 Evacuation Pause)
[149.138s][info][gc,task        ] GC(754) Using 33 workers of 33 for evacuation
[149.141s][info][gc,phases      ] GC(754)   Pre Evacuate Collection Set: 0.1ms
[149.141s][info][gc,phases      ] GC(754)   Merge Heap Roots: 0.2ms
[149.141s][info][gc,phases      ] GC(754)   Evacuate Collection Set: 0.3ms
[149.141s][info][gc,phases      ] GC(754)   Post Evacuate Collection Set: 2.4ms
[149.141s][info][gc,phases      ] GC(754)   Other: 0.1ms
[149.141s][info][gc,heap        ] GC(754) Eden regions: 329->0(329)
[149.141s][info][gc,heap        ] GC(754) Survivor regions: 1->1(42)
[149.141s][info][gc,heap        ] GC(754) Old regions: 27->27
[149.141s][info][gc,heap        ] GC(754) Archive regions: 0->0
[149.141s][info][gc,heap        ] GC(754) Humongous regions: 0->0
[149.141s][info][gc,metaspace   ] GC(754) Metaspace: 14264K(15168K)->14264K(15168K) NonClass: 12314K(12928K)->12314K(12928K) Class: 1950K(2240K)->1950K(2240K)
[149.141s][info][gc             ] GC(754) Pause Young (Normal) (G1 Evacuation Pause) 337M->9M(551M) 3.400ms
[149.141s][info][gc,cpu         ] GC(754) User=0.00s Sys=0.00s Real=0.00s
[149.336s][info][gc,start       ] GC(755) Pause Young (Normal) (G1 Evacuation Pause)
[149.336s][info][gc,task        ] GC(755) Using 33 workers of 33 for evacuation
[149.339s][info][gc,phases      ] GC(755)   Pre Evacuate Collection Set: 0.2ms
[149.339s][info][gc,phases      ] GC(755)   Merge Heap Roots: 0.2ms
[149.339s][info][gc,phases      ] GC(755)   Evacuate Collection Set: 0.3ms
[149.339s][info][gc,phases      ] GC(755)   Post Evacuate Collection Set: 2.4ms
[149.339s][info][gc,phases      ] GC(755)   Other: 0.1ms
[149.339s][info][gc,heap        ] GC(755) Eden regions: 329->0(329)
[149.339s][info][gc,heap        ] GC(755) Survivor regions: 1->1(42)
[149.339s][info][gc,heap        ] GC(755) Old regions: 27->27
[149.339s][info][gc,heap        ] GC(755) Archive regions: 0->0
[149.339s][info][gc,heap        ] GC(755) Humongous regions: 0->0
[149.339s][info][gc,metaspace   ] GC(755) Metaspace: 14264K(15168K)->14264K(15168K) NonClass: 12314K(12928K)->12314K(12928K) Class: 1950K(2240K)->1950K(2240K)
[149.339s][info][gc             ] GC(755) Pause Young (Normal) (G1 Evacuation Pause) 338M->9M(551M) 3.437ms
[149.339s][info][gc,cpu         ] GC(755) User=0.00s Sys=0.00s Real=0.00s
[149.534s][info][gc,start       ] GC(756) Pause Young (Normal) (G1 Evacuation Pause)
[149.534s][info][gc,task        ] GC(756) Using 33 workers of 33 for evacuation
[149.538s][info][gc,phases      ] GC(756)   Pre Evacuate Collection Set: 0.1ms
[149.538s][info][gc,phases      ] GC(756)   Merge Heap Roots: 0.1ms
[149.538s][info][gc,phases      ] GC(756)   Evacuate Collection Set: 0.3ms
[149.538s][info][gc,phases      ] GC(756)   Post Evacuate Collection Set: 2.5ms
[149.538s][info][gc,phases      ] GC(756)   Other: 0.1ms
[149.538s][info][gc,heap        ] GC(756) Eden regions: 329->0(329)
[149.538s][info][gc,heap        ] GC(756) Survivor regions: 1->1(42)
[149.538s][info][gc,heap        ] GC(756) Old regions: 27->27
[149.538s][info][gc,heap        ] GC(756) Archive regions: 0->0
[149.538s][info][gc,heap        ] GC(756) Humongous regions: 0->0
[149.538s][info][gc,metaspace   ] GC(756) Metaspace: 14264K(15168K)->14264K(15168K) NonClass: 12314K(12928K)->12314K(12928K) Class: 1950K(2240K)->1950K(2240K)
[149.538s][info][gc             ] GC(756) Pause Young (Normal) (G1 Evacuation Pause) 338M->9M(551M) 3.410ms
[149.538s][info][gc,cpu         ] GC(756) User=0.00s Sys=0.00s Real=0.00s
[149.734s][info][gc,start       ] GC(757) Pause Young (Normal) (G1 Evacuation Pause)
[149.734s][info][gc,task        ] GC(757) Using 33 workers of 33 for evacuation
[149.737s][info][gc,phases      ] GC(757)   Pre Evacuate Collection Set: 0.2ms
[149.737s][info][gc,phases      ] GC(757)   Merge Heap Roots: 0.2ms
[149.737s][info][gc,phases      ] GC(757)   Evacuate Collection Set: 0.3ms
[149.737s][info][gc,phases      ] GC(757)   Post Evacuate Collection Set: 2.5ms
[149.737s][info][gc,phases      ] GC(757)   Other: 0.1ms
[149.737s][info][gc,heap        ] GC(757) Eden regions: 329->0(329)
[149.737s][info][gc,heap        ] GC(757) Survivor regions: 1->1(42)
[149.737s][info][gc,heap        ] GC(757) Old regions: 27->27
[149.737s][info][gc,heap        ] GC(757) Archive regions: 0->0
[149.737s][info][gc,heap        ] GC(757) Humongous regions: 0->0
[149.737s][info][gc,metaspace   ] GC(757) Metaspace: 14264K(15168K)->14264K(15168K) NonClass: 12314K(12928K)->12314K(12928K) Class: 1950K(2240K)->1950K(2240K)
[149.737s][info][gc             ] GC(757) Pause Young (Normal) (G1 Evacuation Pause) 338M->9M(551M) 3.549ms
[149.737s][info][gc,cpu         ] GC(757) User=0.52s Sys=0.00s Real=0.00s
[149.934s][info][gc,start       ] GC(758) Pause Young (Normal) (G1 Evacuation Pause)
[149.934s][info][gc,task        ] GC(758) Using 33 workers of 33 for evacuation
[149.937s][info][gc,phases      ] GC(758)   Pre Evacuate Collection Set: 0.2ms
[149.937s][info][gc,phases      ] GC(758)   Merge Heap Roots: 0.2ms
[149.937s][info][gc,phases      ] GC(758)   Evacuate Collection Set: 0.3ms
[149.937s][info][gc,phases      ] GC(758)   Post Evacuate Collection Set: 2.6ms
[149.937s][info][gc,phases      ] GC(758)   Other: 0.1ms
[149.937s][info][gc,heap        ] GC(758) Eden regions: 329->0(329)
[149.937s][info][gc,heap        ] GC(758) Survivor regions: 1->1(42)
[149.937s][info][gc,heap        ] GC(758) Old regions: 27->27
[149.937s][info][gc,heap        ] GC(758) Archive regions: 0->0
[149.937s][info][gc,heap        ] GC(758) Humongous regions: 0->0
[149.937s][info][gc,metaspace   ] GC(758) Metaspace: 14264K(15168K)->14264K(15168K) NonClass: 12314K(12928K)->12314K(12928K) Class: 1950K(2240K)->1950K(2240K)
[149.938s][info][gc             ] GC(758) Pause Young (Normal) (G1 Evacuation Pause) 338M->9M(551M) 3.550ms
[149.938s][info][gc,cpu         ] GC(758) User=0.52s Sys=0.00s Real=0.00s
[150.134s][info][gc,start       ] GC(759) Pause Young (Normal) (G1 Evacuation Pause)
[150.134s][info][gc,task        ] GC(759) Using 33 workers of 33 for evacuation
[150.138s][info][gc,phases      ] GC(759)   Pre Evacuate Collection Set: 0.2ms
[150.138s][info][gc,phases      ] GC(759)   Merge Heap Roots: 0.2ms
[150.138s][info][gc,phases      ] GC(759)   Evacuate Collection Set: 0.3ms
[150.138s][info][gc,phases      ] GC(759)   Post Evacuate Collection Set: 2.6ms
[150.138s][info][gc,phases      ] GC(759)   Other: 0.1ms
[150.138s][info][gc,heap        ] GC(759) Eden regions: 329->0(329)
[150.138s][info][gc,heap        ] GC(759) Survivor regions: 1->1(42)
[150.138s][info][gc,heap        ] GC(759) Old regions: 27->27
[150.138s][info][gc,heap        ] GC(759) Archive regions: 0->0
[150.138s][info][gc,heap        ] GC(759) Humongous regions: 0->0
[150.138s][info][gc,metaspace   ] GC(759) Metaspace: 14264K(15168K)->14264K(15168K) NonClass: 12314K(12928K)->12314K(12928K) Class: 1950K(2240K)->1950K(2240K)
[150.138s][info][gc             ] GC(759) Pause Young (Normal) (G1 Evacuation Pause) 338M->9M(551M) 3.543ms
[150.138s][info][gc,cpu         ] GC(759) User=0.00s Sys=0.00s Real=0.00s
[150.333s][info][gc,start       ] GC(760) Pause Young (Normal) (G1 Evacuation Pause)
[150.333s][info][gc,task        ] GC(760) Using 33 workers of 33 for evacuation
[150.337s][info][gc,phases      ] GC(760)   Pre Evacuate Collection Set: 0.1ms
[150.337s][info][gc,phases      ] GC(760)   Merge Heap Roots: 0.2ms
[150.337s][info][gc,phases      ] GC(760)   Evacuate Collection Set: 0.4ms
[150.337s][info][gc,phases      ] GC(760)   Post Evacuate Collection Set: 2.6ms
[150.337s][info][gc,phases      ] GC(760)   Other: 0.1ms
[150.337s][info][gc,heap        ] GC(760) Eden regions: 329->0(329)
[150.337s][info][gc,heap        ] GC(760) Survivor regions: 1->1(42)
[150.337s][info][gc,heap        ] GC(760) Old regions: 27->27
[150.337s][info][gc,heap        ] GC(760) Archive regions: 0->0
[150.337s][info][gc,heap        ] GC(760) Humongous regions: 0->0
[150.337s][info][gc,metaspace   ] GC(760) Metaspace: 14264K(15168K)->14264K(15168K) NonClass: 12314K(12928K)->12314K(12928K) Class: 1950K(2240K)->1950K(2240K)
[150.337s][info][gc             ] GC(760) Pause Young (Normal) (G1 Evacuation Pause) 338M->9M(551M) 3.618ms
[150.337s][info][gc,cpu         ] GC(760) User=0.00s Sys=0.00s Real=0.00s
[150.533s][info][gc,start       ] GC(761) Pause Young (Normal) (G1 Evacuation Pause)
[150.533s][info][gc,task        ] GC(761) Using 33 workers of 33 for evacuation
[150.536s][info][gc,phases      ] GC(761)   Pre Evacuate Collection Set: 0.2ms
[150.536s][info][gc,phases      ] GC(761)   Merge Heap Roots: 0.2ms
[150.536s][info][gc,phases      ] GC(761)   Evacuate Collection Set: 0.4ms
[150.536s][info][gc,phases      ] GC(761)   Post Evacuate Collection Set: 2.7ms
[150.536s][info][gc,phases      ] GC(761)   Other: 0.1ms
[150.536s][info][gc,heap        ] GC(761) Eden regions: 329->0(329)
[150.536s][info][gc,heap        ] GC(761) Survivor regions: 1->1(42)
[150.536s][info][gc,heap        ] GC(761) Old regions: 27->27
[150.536s][info][gc,heap        ] GC(761) Archive regions: 0->0
[150.536s][info][gc,heap        ] GC(761) Humongous regions: 0->0
[150.536s][info][gc,metaspace   ] GC(761) Metaspace: 14264K(15168K)->14264K(15168K) NonClass: 12314K(12928K)->12314K(12928K) Class: 1950K(2240K)->1950K(2240K)
[150.536s][info][gc             ] GC(761) Pause Young (Normal) (G1 Evacuation Pause) 338M->9M(551M) 3.697ms
[150.536s][info][gc,cpu         ] GC(761) User=0.00s Sys=0.00s Real=0.00s
[150.734s][info][gc,start       ] GC(762) Pause Young (Normal) (G1 Evacuation Pause)
[150.734s][info][gc,task        ] GC(762) Using 33 workers of 33 for evacuation
[150.737s][info][gc,phases      ] GC(762)   Pre Evacuate Collection Set: 0.2ms
[150.737s][info][gc,phases      ] GC(762)   Merge Heap Roots: 0.2ms
[150.737s][info][gc,phases      ] GC(762)   Evacuate Collection Set: 0.4ms
[150.737s][info][gc,phases      ] GC(762)   Post Evacuate Collection Set: 2.7ms
[150.737s][info][gc,phases      ] GC(762)   Other: 0.1ms
[150.737s][info][gc,heap        ] GC(762) Eden regions: 329->0(329)
[150.737s][info][gc,heap        ] GC(762) Survivor regions: 1->1(42)
[150.737s][info][gc,heap        ] GC(762) Old regions: 27->27
[150.737s][info][gc,heap        ] GC(762) Archive regions: 0->0
[150.737s][info][gc,heap        ] GC(762) Humongous regions: 0->0
[150.737s][info][gc,metaspace   ] GC(762) Metaspace: 14264K(15168K)->14264K(15168K) NonClass: 12314K(12928K)->12314K(12928K) Class: 1950K(2240K)->1950K(2240K)
[150.738s][info][gc             ] GC(762) Pause Young (Normal) (G1 Evacuation Pause) 338M->9M(551M) 3.737ms
[150.738s][info][gc,cpu         ] GC(762) User=0.02s Sys=0.00s Real=0.00s
[150.933s][info][gc,start       ] GC(763) Pause Young (Normal) (G1 Evacuation Pause)
[150.933s][info][gc,task        ] GC(763) Using 33 workers of 33 for evacuation
[150.937s][info][gc,phases      ] GC(763)   Pre Evacuate Collection Set: 0.1ms
[150.937s][info][gc,phases      ] GC(763)   Merge Heap Roots: 0.2ms
[150.937s][info][gc,phases      ] GC(763)   Evacuate Collection Set: 0.3ms
[150.937s][info][gc,phases      ] GC(763)   Post Evacuate Collection Set: 2.7ms
[150.937s][info][gc,phases      ] GC(763)   Other: 0.1ms
[150.937s][info][gc,heap        ] GC(763) Eden regions: 329->0(329)
[150.937s][info][gc,heap        ] GC(763) Survivor regions: 1->1(42)
[150.937s][info][gc,heap        ] GC(763) Old regions: 27->27
[150.937s][info][gc,heap        ] GC(763) Archive regions: 0->0
[150.937s][info][gc,heap        ] GC(763) Humongous regions: 0->0
[150.937s][info][gc,metaspace   ] GC(763) Metaspace: 14264K(15168K)->14264K(15168K) NonClass: 12314K(12928K)->12314K(12928K) Class: 1950K(2240K)->1950K(2240K)
[150.937s][info][gc             ] GC(763) Pause Young (Normal) (G1 Evacuation Pause) 338M->9M(551M) 3.693ms
[150.937s][info][gc,cpu         ] GC(763) User=0.00s Sys=0.00s Real=0.00s
[151.133s][info][gc,start       ] GC(764) Pause Young (Normal) (G1 Evacuation Pause)
[151.133s][info][gc,task        ] GC(764) Using 33 workers of 33 for evacuation
[151.137s][info][gc,phases      ] GC(764)   Pre Evacuate Collection Set: 0.1ms
[151.137s][info][gc,phases      ] GC(764)   Merge Heap Roots: 0.2ms
[151.137s][info][gc,phases      ] GC(764)   Evacuate Collection Set: 0.3ms
[151.137s][info][gc,phases      ] GC(764)   Post Evacuate Collection Set: 2.8ms
[151.137s][info][gc,phases      ] GC(764)   Other: 0.1ms
[151.137s][info][gc,heap        ] GC(764) Eden regions: 329->0(329)
[151.137s][info][gc,heap        ] GC(764) Survivor regions: 1->1(42)
[151.137s][info][gc,heap        ] GC(764) Old regions: 27->27
[151.137s][info][gc,heap        ] GC(764) Archive regions: 0->0
[151.137s][info][gc,heap        ] GC(764) Humongous regions: 0->0
[151.137s][info][gc,metaspace   ] GC(764) Metaspace: 14264K(15168K)->14264K(15168K) NonClass: 12314K(12928K)->12314K(12928K) Class: 1950K(2240K)->1950K(2240K)
[151.137s][info][gc             ] GC(764) Pause Young (Normal) (G1 Evacuation Pause) 338M->9M(551M) 3.751ms
[151.137s][info][gc,cpu         ] GC(764) User=0.00s Sys=0.00s Real=0.00s
[151.332s][info][gc,start       ] GC(765) Pause Young (Normal) (G1 Evacuation Pause)
[151.332s][info][gc,task        ] GC(765) Using 33 workers of 33 for evacuation
[151.336s][info][gc,phases      ] GC(765)   Pre Evacuate Collection Set: 0.2ms
[151.336s][info][gc,phases      ] GC(765)   Merge Heap Roots: 0.2ms
[151.336s][info][gc,phases      ] GC(765)   Evacuate Collection Set: 0.3ms
[151.336s][info][gc,phases      ] GC(765)   Post Evacuate Collection Set: 2.8ms
[151.336s][info][gc,phases      ] GC(765)   Other: 0.1ms
[151.336s][info][gc,heap        ] GC(765) Eden regions: 329->0(329)
[151.336s][info][gc,heap        ] GC(765) Survivor regions: 1->1(42)
[151.336s][info][gc,heap        ] GC(765) Old regions: 27->27
[151.336s][info][gc,heap        ] GC(765) Archive regions: 0->0
[151.336s][info][gc,heap        ] GC(765) Humongous regions: 0->0
[151.336s][info][gc,metaspace   ] GC(765) Metaspace: 14264K(15168K)->14264K(15168K) NonClass: 12314K(12928K)->12314K(12928K) Class: 1950K(2240K)->1950K(2240K)
[151.336s][info][gc             ] GC(765) Pause Young (Normal) (G1 Evacuation Pause) 338M->9M(551M) 3.794ms
[151.336s][info][gc,cpu         ] GC(765) User=0.00s Sys=0.00s Real=0.00s
[151.636s][info][gc,start       ] GC(766) Pause Young (Normal) (G1 Evacuation Pause)
[151.636s][info][gc,task        ] GC(766) Using 33 workers of 33 for evacuation
[151.641s][info][gc,phases      ] GC(766)   Pre Evacuate Collection Set: 0.2ms
[151.641s][info][gc,phases      ] GC(766)   Merge Heap Roots: 0.3ms
[151.641s][info][gc,phases      ] GC(766)   Evacuate Collection Set: 0.7ms
[151.641s][info][gc,phases      ] GC(766)   Post Evacuate Collection Set: 3.7ms
[151.641s][info][gc,phases      ] GC(766)   Other: 0.2ms
[151.641s][info][gc,heap        ] GC(766) Eden regions: 329->0(329)
[151.641s][info][gc,heap        ] GC(766) Survivor regions: 1->1(42)
[151.641s][info][gc,heap        ] GC(766) Old regions: 27->27
[151.641s][info][gc,heap        ] GC(766) Archive regions: 0->0
[151.641s][info][gc,heap        ] GC(766) Humongous regions: 0->0
[151.641s][info][gc,metaspace   ] GC(766) Metaspace: 14264K(15168K)->14264K(15168K) NonClass: 12314K(12928K)->12314K(12928K) Class: 1950K(2240K)->1950K(2240K)
[151.641s][info][gc             ] GC(766) Pause Young (Normal) (G1 Evacuation Pause) 338M->9M(551M) 5.603ms
[151.641s][info][gc,cpu         ] GC(766) User=0.00s Sys=0.00s Real=0.00s
[151.851s][info][gc,start       ] GC(767) Pause Young (Normal) (G1 Evacuation Pause)
[151.891s][info][gc,task        ] GC(767) Using 33 workers of 33 for evacuation
[151.895s][info][gc,phases      ] GC(767)   Pre Evacuate Collection Set: 0.2ms
[151.895s][info][gc,phases      ] GC(767)   Merge Heap Roots: 0.2ms
[151.895s][info][gc,phases      ] GC(767)   Evacuate Collection Set: 0.7ms
[151.895s][info][gc,phases      ] GC(767)   Post Evacuate Collection Set: 3.3ms
[151.895s][info][gc,phases      ] GC(767)   Other: 0.2ms
[151.896s][info][gc,heap        ] GC(767) Eden regions: 329->0(329)
[151.896s][info][gc,heap        ] GC(767) Survivor regions: 1->1(42)
[151.896s][info][gc,heap        ] GC(767) Old regions: 27->27
[151.896s][info][gc,heap        ] GC(767) Archive regions: 0->0
[151.896s][info][gc,heap        ] GC(767) Humongous regions: 0->0
[151.896s][info][gc,metaspace   ] GC(767) Metaspace: 14264K(15168K)->14264K(15168K) NonClass: 12314K(12928K)->12314K(12928K) Class: 1950K(2240K)->1950K(2240K)
[151.896s][info][gc             ] GC(767) Pause Young (Normal) (G1 Evacuation Pause) 338M->9M(551M) 45.209ms
[151.896s][info][gc,cpu         ] GC(767) User=0.00s Sys=0.00s Real=0.03s
[152.108s][info][gc,start       ] GC(768) Pause Young (Normal) (G1 Evacuation Pause)
[152.108s][info][gc,task        ] GC(768) Using 33 workers of 33 for evacuation
[152.111s][info][gc,phases      ] GC(768)   Pre Evacuate Collection Set: 0.1ms
[152.111s][info][gc,phases      ] GC(768)   Merge Heap Roots: 0.1ms
[152.111s][info][gc,phases      ] GC(768)   Evacuate Collection Set: 0.3ms
[152.111s][info][gc,phases      ] GC(768)   Post Evacuate Collection Set: 2.3ms
[152.111s][info][gc,phases      ] GC(768)   Other: 0.1ms
[152.111s][info][gc,heap        ] GC(768) Eden regions: 329->0(329)
[152.111s][info][gc,heap        ] GC(768) Survivor regions: 1->1(42)
[152.111s][info][gc,heap        ] GC(768) Old regions: 27->27
[152.111s][info][gc,heap        ] GC(768) Archive regions: 0->0
[152.111s][info][gc,heap        ] GC(768) Humongous regions: 0->0
[152.111s][info][gc,metaspace   ] GC(768) Metaspace: 14264K(15168K)->14264K(15168K) NonClass: 12314K(12928K)->12314K(12928K) Class: 1950K(2240K)->1950K(2240K)
[152.111s][info][gc             ] GC(768) Pause Young (Normal) (G1 Evacuation Pause) 338M->9M(551M) 3.315ms
[152.111s][info][gc,cpu         ] GC(768) User=0.52s Sys=0.00s Real=0.00s
[152.337s][info][gc,start       ] GC(769) Pause Young (Normal) (G1 Evacuation Pause)
[152.337s][info][gc,task        ] GC(769) Using 33 workers of 33 for evacuation
[152.340s][info][gc,phases      ] GC(769)   Pre Evacuate Collection Set: 0.2ms
[152.340s][info][gc,phases      ] GC(769)   Merge Heap Roots: 0.2ms
[152.340s][info][gc,phases      ] GC(769)   Evacuate Collection Set: 0.4ms
[152.340s][info][gc,phases      ] GC(769)   Post Evacuate Collection Set: 2.3ms
[152.340s][info][gc,phases      ] GC(769)   Other: 0.1ms
[152.340s][info][gc,heap        ] GC(769) Eden regions: 329->0(329)
[152.340s][info][gc,heap        ] GC(769) Survivor regions: 1->1(42)
[152.340s][info][gc,heap        ] GC(769) Old regions: 27->27
[152.340s][info][gc,heap        ] GC(769) Archive regions: 0->0
[152.340s][info][gc,heap        ] GC(769) Humongous regions: 0->0
[152.340s][info][gc,metaspace   ] GC(769) Metaspace: 14264K(15168K)->14264K(15168K) NonClass: 12314K(12928K)->12314K(12928K) Class: 1950K(2240K)->1950K(2240K)
[152.340s][info][gc             ] GC(769) Pause Young (Normal) (G1 Evacuation Pause) 338M->9M(551M) 3.364ms
[152.340s][info][gc,cpu         ] GC(769) User=0.00s Sys=0.00s Real=0.00s
[152.537s][info][gc,start       ] GC(770) Pause Young (Normal) (G1 Evacuation Pause)
[152.537s][info][gc,task        ] GC(770) Using 33 workers of 33 for evacuation
[152.541s][info][gc,phases      ] GC(770)   Pre Evacuate Collection Set: 0.2ms
[152.541s][info][gc,phases      ] GC(770)   Merge Heap Roots: 0.2ms
[152.541s][info][gc,phases      ] GC(770)   Evacuate Collection Set: 0.4ms
[152.541s][info][gc,phases      ] GC(770)   Post Evacuate Collection Set: 2.4ms
[152.541s][info][gc,phases      ] GC(770)   Other: 0.1ms
[152.541s][info][gc,heap        ] GC(770) Eden regions: 329->0(329)
[152.541s][info][gc,heap        ] GC(770) Survivor regions: 1->1(42)
[152.541s][info][gc,heap        ] GC(770) Old regions: 27->27
[152.541s][info][gc,heap        ] GC(770) Archive regions: 0->0
[152.541s][info][gc,heap        ] GC(770) Humongous regions: 0->0
[152.541s][info][gc,metaspace   ] GC(770) Metaspace: 14264K(15168K)->14264K(15168K) NonClass: 12314K(12928K)->12314K(12928K) Class: 1950K(2240K)->1950K(2240K)
[152.541s][info][gc             ] GC(770) Pause Young (Normal) (G1 Evacuation Pause) 338M->9M(551M) 3.434ms
[152.541s][info][gc,cpu         ] GC(770) User=0.00s Sys=0.00s Real=0.00s
[152.770s][info][gc,start       ] GC(771) Pause Full (System.gc())
[152.770s][info][gc,task        ] GC(771) Using 23 workers of 33 for full compaction
[152.771s][info][gc,phases,start] GC(771) Phase 1: Mark live objects
[152.781s][info][gc,phases      ] GC(771) Phase 1: Mark live objects 9.909ms
[152.781s][info][gc,phases,start] GC(771) Phase 2: Prepare compaction
[152.781s][info][gc,phases      ] GC(771) Phase 2: Prepare compaction 0.735ms
[152.781s][info][gc,phases,start] GC(771) Phase 3: Adjust pointers
[152.786s][info][gc,phases      ] GC(771) Phase 3: Adjust pointers 4.690ms
[152.786s][info][gc,phases,start] GC(771) Phase 4: Compact heap
[152.787s][info][gc,phases      ] GC(771) Phase 4: Compact heap 0.414ms
[152.790s][info][gc,heap        ] GC(771) Eden regions: 318->0(44)
[152.790s][info][gc,heap        ] GC(771) Survivor regions: 1->0(42)
[152.790s][info][gc,heap        ] GC(771) Old regions: 27->22
[152.790s][info][gc,heap        ] GC(771) Archive regions: 0->0
[152.790s][info][gc,heap        ] GC(771) Humongous regions: 0->0
[152.790s][info][gc,metaspace   ] GC(771) Metaspace: 14264K(15168K)->14264K(15168K) NonClass: 12314K(12928K)->12314K(12928K) Class: 1950K(2240K)->1950K(2240K)
[152.790s][info][gc             ] GC(771) Pause Full (System.gc()) 327M->5M(74M) 20.066ms
[152.790s][info][gc,cpu         ] GC(771) User=0.02s Sys=0.00s Real=0.01s
[152.822s][info][gc,start       ] GC(772) Pause Young (Normal) (G1 Evacuation Pause)
[152.822s][info][gc,task        ] GC(772) Using 33 workers of 33 for evacuation
[152.824s][info][gc,phases      ] GC(772)   Pre Evacuate Collection Set: 0.1ms
[152.824s][info][gc,phases      ] GC(772)   Merge Heap Roots: 0.1ms
[152.824s][info][gc,phases      ] GC(772)   Evacuate Collection Set: 0.4ms
[152.824s][info][gc,phases      ] GC(772)   Post Evacuate Collection Set: 2.0ms
[152.824s][info][gc,phases      ] GC(772)   Other: 0.1ms
[152.824s][info][gc,heap        ] GC(772) Eden regions: 44->0(42)
[152.824s][info][gc,heap        ] GC(772) Survivor regions: 0->2(6)
[152.824s][info][gc,heap        ] GC(772) Old regions: 22->22
[152.824s][info][gc,heap        ] GC(772) Archive regions: 0->0
[152.824s][info][gc,heap        ] GC(772) Humongous regions: 0->0
[152.824s][info][gc,metaspace   ] GC(772) Metaspace: 14264K(15168K)->14264K(15168K) NonClass: 12314K(12928K)->12314K(12928K) Class: 1950K(2240K)->1950K(2240K)
[152.824s][info][gc             ] GC(772) Pause Young (Normal) (G1 Evacuation Pause) 49M->6M(74M) 2.935ms
[152.824s][info][gc,cpu         ] GC(772) User=0.00s Sys=0.00s Real=0.00s
[152.847s][info][gc,start       ] GC(773) Pause Young (Normal) (G1 Evacuation Pause)
[152.847s][info][gc,task        ] GC(773) Using 33 workers of 33 for evacuation
[152.849s][info][gc,phases      ] GC(773)   Pre Evacuate Collection Set: 0.1ms
[152.849s][info][gc,phases      ] GC(773)   Merge Heap Roots: 0.1ms
[152.849s][info][gc,phases      ] GC(773)   Evacuate Collection Set: 0.4ms
[152.849s][info][gc,phases      ] GC(773)   Post Evacuate Collection Set: 1.9ms
[152.849s][info][gc,phases      ] GC(773)   Other: 0.1ms
[152.849s][info][gc,heap        ] GC(773) Eden regions: 42->0(42)
[152.849s][info][gc,heap        ] GC(773) Survivor regions: 2->2(6)
[152.849s][info][gc,heap        ] GC(773) Old regions: 22->22
[152.849s][info][gc,heap        ] GC(773) Archive regions: 0->0
[152.849s][info][gc,heap        ] GC(773) Humongous regions: 0->0
[152.850s][info][gc,metaspace   ] GC(773) Metaspace: 14264K(15168K)->14264K(15168K) NonClass: 12314K(12928K)->12314K(12928K) Class: 1950K(2240K)->1950K(2240K)
[152.850s][info][gc             ] GC(773) Pause Young (Normal) (G1 Evacuation Pause) 48M->6M(74M) 2.843ms
[152.850s][info][gc,cpu         ] GC(773) User=0.00s Sys=0.00s Real=0.00s
[152.872s][info][gc,start       ] GC(774) Pause Young (Normal) (G1 Evacuation Pause)
[152.872s][info][gc,task        ] GC(774) Using 33 workers of 33 for evacuation
[152.875s][info][gc,phases      ] GC(774)   Pre Evacuate Collection Set: 0.1ms
[152.875s][info][gc,phases      ] GC(774)   Merge Heap Roots: 0.1ms
[152.875s][info][gc,phases      ] GC(774)   Evacuate Collection Set: 0.4ms
[152.875s][info][gc,phases      ] GC(774)   Post Evacuate Collection Set: 1.9ms
[152.875s][info][gc,phases      ] GC(774)   Other: 0.1ms
[152.875s][info][gc,heap        ] GC(774) Eden regions: 42->0(42)
[152.875s][info][gc,heap        ] GC(774) Survivor regions: 2->2(6)
[152.875s][info][gc,heap        ] GC(774) Old regions: 22->22
[152.875s][info][gc,heap        ] GC(774) Archive regions: 0->0
[152.875s][info][gc,heap        ] GC(774) Humongous regions: 0->0
[152.875s][info][gc,metaspace   ] GC(774) Metaspace: 14264K(15168K)->14264K(15168K) NonClass: 12314K(12928K)->12314K(12928K) Class: 1950K(2240K)->1950K(2240K)
[152.875s][info][gc             ] GC(774) Pause Young (Normal) (G1 Evacuation Pause) 48M->6M(74M) 2.808ms
[152.875s][info][gc,cpu         ] GC(774) User=0.02s Sys=0.00s Real=0.00s
[152.897s][info][gc,start       ] GC(775) Pause Young (Normal) (G1 Evacuation Pause)
[152.897s][info][gc,task        ] GC(775) Using 33 workers of 33 for evacuation
[152.902s][info][gc,phases      ] GC(775)   Pre Evacuate Collection Set: 0.1ms
[152.902s][info][gc,phases      ] GC(775)   Merge Heap Roots: 0.1ms
[152.902s][info][gc,phases      ] GC(775)   Evacuate Collection Set: 0.4ms
[152.902s][info][gc,phases      ] GC(775)   Post Evacuate Collection Set: 3.8ms
[152.902s][info][gc,phases      ] GC(775)   Other: 0.1ms
[152.902s][info][gc,heap        ] GC(775) Eden regions: 42->0(327)
[152.902s][info][gc,heap        ] GC(775) Survivor regions: 2->2(6)
[152.902s][info][gc,heap        ] GC(775) Old regions: 22->22
[152.902s][info][gc,heap        ] GC(775) Archive regions: 0->0
[152.902s][info][gc,heap        ] GC(775) Humongous regions: 0->0
[152.902s][info][gc,metaspace   ] GC(775) Metaspace: 14264K(15168K)->14264K(15168K) NonClass: 12314K(12928K)->12314K(12928K) Class: 1950K(2240K)->1950K(2240K)
[152.902s][info][gc             ] GC(775) Pause Young (Normal) (G1 Evacuation Pause) 48M->6M(549M) 4.639ms
[152.902s][info][gc,cpu         ] GC(775) User=0.00s Sys=0.00s Real=0.00s
[153.074s][info][gc,start       ] GC(776) Pause Young (Normal) (G1 Evacuation Pause)
[153.074s][info][gc,task        ] GC(776) Using 33 workers of 33 for evacuation
[153.077s][info][gc,phases      ] GC(776)   Pre Evacuate Collection Set: 0.1ms
[153.077s][info][gc,phases      ] GC(776)   Merge Heap Roots: 0.1ms
[153.077s][info][gc,phases      ] GC(776)   Evacuate Collection Set: 0.4ms
[153.077s][info][gc,phases      ] GC(776)   Post Evacuate Collection Set: 2.4ms
[153.077s][info][gc,phases      ] GC(776)   Other: 0.1ms
[153.077s][info][gc,heap        ] GC(776) Eden regions: 327->0(327)
[153.077s][info][gc,heap        ] GC(776) Survivor regions: 2->2(42)
[153.077s][info][gc,heap        ] GC(776) Old regions: 22->22
[153.077s][info][gc,heap        ] GC(776) Archive regions: 0->0
[153.077s][info][gc,heap        ] GC(776) Humongous regions: 0->0
[153.077s][info][gc,metaspace   ] GC(776) Metaspace: 14264K(15168K)->14264K(15168K) NonClass: 12314K(12928K)->12314K(12928K) Class: 1950K(2240K)->1950K(2240K)
[153.077s][info][gc             ] GC(776) Pause Young (Normal) (G1 Evacuation Pause) 333M->6M(549M) 3.412ms
[153.077s][info][gc,cpu         ] GC(776) User=0.00s Sys=0.00s Real=0.00s
[153.251s][info][gc,start       ] GC(777) Pause Young (Normal) (G1 Evacuation Pause)
[153.251s][info][gc,task        ] GC(777) Using 33 workers of 33 for evacuation
[153.254s][info][gc,phases      ] GC(777)   Pre Evacuate Collection Set: 0.1ms
[153.254s][info][gc,phases      ] GC(777)   Merge Heap Roots: 0.1ms
[153.254s][info][gc,phases      ] GC(777)   Evacuate Collection Set: 0.7ms
[153.254s][info][gc,phases      ] GC(777)   Post Evacuate Collection Set: 2.4ms
[153.254s][info][gc,phases      ] GC(777)   Other: 0.1ms
[153.254s][info][gc,heap        ] GC(777) Eden regions: 327->0(327)
[153.254s][info][gc,heap        ] GC(777) Survivor regions: 2->2(42)
[153.254s][info][gc,heap        ] GC(777) Old regions: 22->22
[153.254s][info][gc,heap        ] GC(777) Archive regions: 0->0
[153.254s][info][gc,heap        ] GC(777) Humongous regions: 0->0
[153.254s][info][gc,metaspace   ] GC(777) Metaspace: 14264K(15168K)->14264K(15168K) NonClass: 12314K(12928K)->12314K(12928K) Class: 1950K(2240K)->1950K(2240K)
[153.254s][info][gc             ] GC(777) Pause Young (Normal) (G1 Evacuation Pause) 333M->6M(549M) 3.665ms
[153.254s][info][gc,cpu         ] GC(777) User=0.00s Sys=0.00s Real=0.00s
[153.426s][info][gc,start       ] GC(778) Pause Young (Normal) (G1 Evacuation Pause)
[153.426s][info][gc,task        ] GC(778) Using 33 workers of 33 for evacuation
[153.430s][info][gc,phases      ] GC(778)   Pre Evacuate Collection Set: 0.1ms
[153.430s][info][gc,phases      ] GC(778)   Merge Heap Roots: 0.1ms
[153.430s][info][gc,phases      ] GC(778)   Evacuate Collection Set: 0.5ms
[153.430s][info][gc,phases      ] GC(778)   Post Evacuate Collection Set: 2.4ms
[153.430s][info][gc,phases      ] GC(778)   Other: 0.1ms
[153.430s][info][gc,heap        ] GC(778) Eden regions: 327->0(327)
[153.430s][info][gc,heap        ] GC(778) Survivor regions: 2->2(42)
[153.430s][info][gc,heap        ] GC(778) Old regions: 22->22
[153.430s][info][gc,heap        ] GC(778) Archive regions: 0->0
[153.430s][info][gc,heap        ] GC(778) Humongous regions: 0->0
[153.430s][info][gc,metaspace   ] GC(778) Metaspace: 14264K(15168K)->14264K(15168K) NonClass: 12314K(12928K)->12314K(12928K) Class: 1950K(2240K)->1950K(2240K)
[153.430s][info][gc             ] GC(778) Pause Young (Normal) (G1 Evacuation Pause) 333M->6M(549M) 3.525ms
[153.430s][info][gc,cpu         ] GC(778) User=0.00s Sys=0.00s Real=0.00s
[153.603s][info][gc,start       ] GC(779) Pause Young (Normal) (G1 Evacuation Pause)
[153.603s][info][gc,task        ] GC(779) Using 33 workers of 33 for evacuation
[153.606s][info][gc,phases      ] GC(779)   Pre Evacuate Collection Set: 0.1ms
[153.606s][info][gc,phases      ] GC(779)   Merge Heap Roots: 0.1ms
[153.606s][info][gc,phases      ] GC(779)   Evacuate Collection Set: 0.5ms
[153.606s][info][gc,phases      ] GC(779)   Post Evacuate Collection Set: 2.5ms
[153.607s][info][gc,phases      ] GC(779)   Other: 0.1ms
[153.607s][info][gc,heap        ] GC(779) Eden regions: 327->0(327)
[153.607s][info][gc,heap        ] GC(779) Survivor regions: 2->2(42)
[153.607s][info][gc,heap        ] GC(779) Old regions: 22->22
[153.607s][info][gc,heap        ] GC(779) Archive regions: 0->0
[153.607s][info][gc,heap        ] GC(779) Humongous regions: 0->0
[153.607s][info][gc,metaspace   ] GC(779) Metaspace: 14264K(15168K)->14264K(15168K) NonClass: 12314K(12928K)->12314K(12928K) Class: 1950K(2240K)->1950K(2240K)
[153.607s][info][gc             ] GC(779) Pause Young (Normal) (G1 Evacuation Pause) 333M->6M(549M) 3.593ms
[153.607s][info][gc,cpu         ] GC(779) User=0.00s Sys=0.00s Real=0.00s
[153.782s][info][gc,start       ] GC(780) Pause Young (Normal) (G1 Evacuation Pause)
[153.782s][info][gc,task        ] GC(780) Using 33 workers of 33 for evacuation
[153.785s][info][gc,phases      ] GC(780)   Pre Evacuate Collection Set: 0.1ms
[153.785s][info][gc,phases      ] GC(780)   Merge Heap Roots: 0.1ms
[153.785s][info][gc,phases      ] GC(780)   Evacuate Collection Set: 0.5ms
[153.785s][info][gc,phases      ] GC(780)   Post Evacuate Collection Set: 2.5ms
[153.785s][info][gc,phases      ] GC(780)   Other: 0.1ms
[153.785s][info][gc,heap        ] GC(780) Eden regions: 327->0(327)
[153.785s][info][gc,heap        ] GC(780) Survivor regions: 2->2(42)
[153.785s][info][gc,heap        ] GC(780) Old regions: 22->22
[153.785s][info][gc,heap        ] GC(780) Archive regions: 0->0
[153.785s][info][gc,heap        ] GC(780) Humongous regions: 0->0
[153.785s][info][gc,metaspace   ] GC(780) Metaspace: 14264K(15168K)->14264K(15168K) NonClass: 12314K(12928K)->12314K(12928K) Class: 1950K(2240K)->1950K(2240K)
[153.785s][info][gc             ] GC(780) Pause Young (Normal) (G1 Evacuation Pause) 333M->6M(549M) 3.570ms
[153.785s][info][gc,cpu         ] GC(780) User=0.00s Sys=0.00s Real=0.00s
[153.958s][info][gc,start       ] GC(781) Pause Young (Normal) (G1 Evacuation Pause)
[153.958s][info][gc,task        ] GC(781) Using 33 workers of 33 for evacuation
[153.962s][info][gc,phases      ] GC(781)   Pre Evacuate Collection Set: 0.1ms
[153.962s][info][gc,phases      ] GC(781)   Merge Heap Roots: 0.1ms
[153.962s][info][gc,phases      ] GC(781)   Evacuate Collection Set: 0.5ms
[153.962s][info][gc,phases      ] GC(781)   Post Evacuate Collection Set: 2.5ms
[153.962s][info][gc,phases      ] GC(781)   Other: 0.1ms
[153.962s][info][gc,heap        ] GC(781) Eden regions: 327->0(327)
[153.962s][info][gc,heap        ] GC(781) Survivor regions: 2->2(42)
[153.962s][info][gc,heap        ] GC(781) Old regions: 22->22
[153.962s][info][gc,heap        ] GC(781) Archive regions: 0->0
[153.962s][info][gc,heap        ] GC(781) Humongous regions: 0->0
[153.962s][info][gc,metaspace   ] GC(781) Metaspace: 14264K(15168K)->14264K(15168K) NonClass: 12314K(12928K)->12314K(12928K) Class: 1950K(2240K)->1950K(2240K)
[153.962s][info][gc             ] GC(781) Pause Young (Normal) (G1 Evacuation Pause) 333M->6M(549M) 3.660ms
[153.962s][info][gc,cpu         ] GC(781) User=0.00s Sys=0.00s Real=0.00s
[154.134s][info][gc,start       ] GC(782) Pause Young (Normal) (G1 Evacuation Pause)
[154.134s][info][gc,task        ] GC(782) Using 33 workers of 33 for evacuation
[154.138s][info][gc,phases      ] GC(782)   Pre Evacuate Collection Set: 0.1ms
[154.138s][info][gc,phases      ] GC(782)   Merge Heap Roots: 0.1ms
[154.138s][info][gc,phases      ] GC(782)   Evacuate Collection Set: 0.5ms
[154.138s][info][gc,phases      ] GC(782)   Post Evacuate Collection Set: 2.6ms
[154.138s][info][gc,phases      ] GC(782)   Other: 0.1ms
[154.138s][info][gc,heap        ] GC(782) Eden regions: 327->0(327)
[154.138s][info][gc,heap        ] GC(782) Survivor regions: 2->2(42)
[154.138s][info][gc,heap        ] GC(782) Old regions: 22->22
[154.138s][info][gc,heap        ] GC(782) Archive regions: 0->0
[154.138s][info][gc,heap        ] GC(782) Humongous regions: 0->0
[154.138s][info][gc,metaspace   ] GC(782) Metaspace: 14264K(15168K)->14264K(15168K) NonClass: 12314K(12928K)->12314K(12928K) Class: 1950K(2240K)->1950K(2240K)
[154.138s][info][gc             ] GC(782) Pause Young (Normal) (G1 Evacuation Pause) 333M->6M(549M) 3.668ms
[154.138s][info][gc,cpu         ] GC(782) User=0.00s Sys=0.00s Real=0.00s
[154.311s][info][gc,start       ] GC(783) Pause Young (Normal) (G1 Evacuation Pause)
[154.311s][info][gc,task        ] GC(783) Using 33 workers of 33 for evacuation
[154.314s][info][gc,phases      ] GC(783)   Pre Evacuate Collection Set: 0.1ms
[154.314s][info][gc,phases      ] GC(783)   Merge Heap Roots: 0.1ms
[154.314s][info][gc,phases      ] GC(783)   Evacuate Collection Set: 0.5ms
[154.314s][info][gc,phases      ] GC(783)   Post Evacuate Collection Set: 2.6ms
[154.314s][info][gc,phases      ] GC(783)   Other: 0.1ms
[154.314s][info][gc,heap        ] GC(783) Eden regions: 327->0(327)
[154.314s][info][gc,heap        ] GC(783) Survivor regions: 2->2(42)
[154.314s][info][gc,heap        ] GC(783) Old regions: 22->22
[154.314s][info][gc,heap        ] GC(783) Archive regions: 0->0
[154.314s][info][gc,heap        ] GC(783) Humongous regions: 0->0
[154.314s][info][gc,metaspace   ] GC(783) Metaspace: 14264K(15168K)->14264K(15168K) NonClass: 12314K(12928K)->12314K(12928K) Class: 1950K(2240K)->1950K(2240K)
[154.314s][info][gc             ] GC(783) Pause Young (Normal) (G1 Evacuation Pause) 333M->6M(549M) 3.758ms
[154.314s][info][gc,cpu         ] GC(783) User=0.52s Sys=0.00s Real=0.00s
[154.488s][info][gc,start       ] GC(784) Pause Young (Normal) (G1 Evacuation Pause)
[154.488s][info][gc,task        ] GC(784) Using 33 workers of 33 for evacuation
[154.492s][info][gc,phases      ] GC(784)   Pre Evacuate Collection Set: 0.1ms
[154.492s][info][gc,phases      ] GC(784)   Merge Heap Roots: 0.1ms
[154.492s][info][gc,phases      ] GC(784)   Evacuate Collection Set: 0.4ms
[154.492s][info][gc,phases      ] GC(784)   Post Evacuate Collection Set: 2.6ms
[154.492s][info][gc,phases      ] GC(784)   Other: 0.1ms
[154.492s][info][gc,heap        ] GC(784) Eden regions: 327->0(327)
[154.492s][info][gc,heap        ] GC(784) Survivor regions: 2->2(42)
[154.492s][info][gc,heap        ] GC(784) Old regions: 22->22
[154.492s][info][gc,heap        ] GC(784) Archive regions: 0->0
[154.492s][info][gc,heap        ] GC(784) Humongous regions: 0->0
[154.492s][info][gc,metaspace   ] GC(784) Metaspace: 14264K(15168K)->14264K(15168K) NonClass: 12314K(12928K)->12314K(12928K) Class: 1950K(2240K)->1950K(2240K)
[154.492s][info][gc             ] GC(784) Pause Young (Normal) (G1 Evacuation Pause) 333M->6M(549M) 3.614ms
[154.492s][info][gc,cpu         ] GC(784) User=0.00s Sys=0.00s Real=0.00s
[154.664s][info][gc,start       ] GC(785) Pause Young (Normal) (G1 Evacuation Pause)
[154.664s][info][gc,task        ] GC(785) Using 33 workers of 33 for evacuation
[154.667s][info][gc,phases      ] GC(785)   Pre Evacuate Collection Set: 0.1ms
[154.667s][info][gc,phases      ] GC(785)   Merge Heap Roots: 0.1ms
[154.667s][info][gc,phases      ] GC(785)   Evacuate Collection Set: 0.5ms
[154.667s][info][gc,phases      ] GC(785)   Post Evacuate Collection Set: 2.7ms
[154.667s][info][gc,phases      ] GC(785)   Other: 0.1ms
[154.667s][info][gc,heap        ] GC(785) Eden regions: 327->0(327)
[154.667s][info][gc,heap        ] GC(785) Survivor regions: 2->2(42)
[154.667s][info][gc,heap        ] GC(785) Old regions: 22->22
[154.667s][info][gc,heap        ] GC(785) Archive regions: 0->0
[154.667s][info][gc,heap        ] GC(785) Humongous regions: 0->0
[154.667s][info][gc,metaspace   ] GC(785) Metaspace: 14264K(15168K)->14264K(15168K) NonClass: 12314K(12928K)->12314K(12928K) Class: 1950K(2240K)->1950K(2240K)
[154.667s][info][gc             ] GC(785) Pause Young (Normal) (G1 Evacuation Pause) 333M->7M(549M) 3.778ms
[154.668s][info][gc,cpu         ] GC(785) User=0.00s Sys=0.00s Real=0.00s
[154.839s][info][gc,start       ] GC(786) Pause Young (Normal) (G1 Evacuation Pause)
[154.839s][info][gc,task        ] GC(786) Using 33 workers of 33 for evacuation
[154.843s][info][gc,phases      ] GC(786)   Pre Evacuate Collection Set: 0.1ms
[154.843s][info][gc,phases      ] GC(786)   Merge Heap Roots: 0.1ms
[154.843s][info][gc,phases      ] GC(786)   Evacuate Collection Set: 0.5ms
[154.843s][info][gc,phases      ] GC(786)   Post Evacuate Collection Set: 2.7ms
[154.843s][info][gc,phases      ] GC(786)   Other: 0.1ms
[154.843s][info][gc,heap        ] GC(786) Eden regions: 327->0(327)
[154.843s][info][gc,heap        ] GC(786) Survivor regions: 2->2(42)
[154.843s][info][gc,heap        ] GC(786) Old regions: 22->22
[154.843s][info][gc,heap        ] GC(786) Archive regions: 0->0
[154.843s][info][gc,heap        ] GC(786) Humongous regions: 0->0
[154.843s][info][gc,metaspace   ] GC(786) Metaspace: 14264K(15168K)->14264K(15168K) NonClass: 12314K(12928K)->12314K(12928K) Class: 1950K(2240K)->1950K(2240K)
[154.843s][info][gc             ] GC(786) Pause Young (Normal) (G1 Evacuation Pause) 334M->7M(549M) 3.803ms
[154.843s][info][gc,cpu         ] GC(786) User=0.00s Sys=0.00s Real=0.00s
[155.017s][info][gc,start       ] GC(787) Pause Young (Normal) (G1 Evacuation Pause)
[155.017s][info][gc,task        ] GC(787) Using 33 workers of 33 for evacuation
[155.021s][info][gc,phases      ] GC(787)   Pre Evacuate Collection Set: 0.1ms
[155.021s][info][gc,phases      ] GC(787)   Merge Heap Roots: 0.1ms
[155.021s][info][gc,phases      ] GC(787)   Evacuate Collection Set: 0.5ms
[155.021s][info][gc,phases      ] GC(787)   Post Evacuate Collection Set: 2.8ms
[155.021s][info][gc,phases      ] GC(787)   Other: 0.1ms
[155.021s][info][gc,heap        ] GC(787) Eden regions: 327->0(328)
[155.021s][info][gc,heap        ] GC(787) Survivor regions: 2->1(42)
[155.021s][info][gc,heap        ] GC(787) Old regions: 22->24
[155.021s][info][gc,heap        ] GC(787) Archive regions: 0->0
[155.021s][info][gc,heap        ] GC(787) Humongous regions: 0->0
[155.021s][info][gc,metaspace   ] GC(787) Metaspace: 14264K(15168K)->14264K(15168K) NonClass: 12314K(12928K)->12314K(12928K) Class: 1950K(2240K)->1950K(2240K)
[155.021s][info][gc             ] GC(787) Pause Young (Normal) (G1 Evacuation Pause) 334M->7M(549M) 3.910ms
[155.021s][info][gc,cpu         ] GC(787) User=0.00s Sys=0.00s Real=0.00s
[155.217s][info][gc,start       ] GC(788) Pause Young (Normal) (G1 Evacuation Pause)
[155.217s][info][gc,task        ] GC(788) Using 33 workers of 33 for evacuation
[155.220s][info][gc,phases      ] GC(788)   Pre Evacuate Collection Set: 0.2ms
[155.220s][info][gc,phases      ] GC(788)   Merge Heap Roots: 0.2ms
[155.220s][info][gc,phases      ] GC(788)   Evacuate Collection Set: 0.3ms
[155.220s][info][gc,phases      ] GC(788)   Post Evacuate Collection Set: 2.8ms
[155.220s][info][gc,phases      ] GC(788)   Other: 0.2ms
[155.220s][info][gc,heap        ] GC(788) Eden regions: 328->0(328)
[155.220s][info][gc,heap        ] GC(788) Survivor regions: 1->1(42)
[155.220s][info][gc,heap        ] GC(788) Old regions: 24->24
[155.220s][info][gc,heap        ] GC(788) Archive regions: 0->0
[155.220s][info][gc,heap        ] GC(788) Humongous regions: 0->0
[155.220s][info][gc,metaspace   ] GC(788) Metaspace: 14264K(15168K)->14264K(15168K) NonClass: 12314K(12928K)->12314K(12928K) Class: 1950K(2240K)->1950K(2240K)
[155.221s][info][gc             ] GC(788) Pause Young (Normal) (G1 Evacuation Pause) 335M->7M(549M) 3.797ms
[155.221s][info][gc,cpu         ] GC(788) User=0.00s Sys=0.00s Real=0.00s
[155.504s][info][gc,start       ] GC(789) Pause Young (Normal) (G1 Evacuation Pause)
[155.505s][info][gc,task        ] GC(789) Using 33 workers of 33 for evacuation
[155.510s][info][gc,phases      ] GC(789)   Pre Evacuate Collection Set: 0.2ms
[155.510s][info][gc,phases      ] GC(789)   Merge Heap Roots: 0.3ms
[155.510s][info][gc,phases      ] GC(789)   Evacuate Collection Set: 0.6ms
[155.510s][info][gc,phases      ] GC(789)   Post Evacuate Collection Set: 3.7ms
[155.510s][info][gc,phases      ] GC(789)   Other: 0.2ms
[155.510s][info][gc,heap        ] GC(789) Eden regions: 328->0(328)
[155.510s][info][gc,heap        ] GC(789) Survivor regions: 1->1(42)
[155.510s][info][gc,heap        ] GC(789) Old regions: 24->24
[155.510s][info][gc,heap        ] GC(789) Archive regions: 0->0
[155.510s][info][gc,heap        ] GC(789) Humongous regions: 0->0
[155.510s][info][gc,metaspace   ] GC(789) Metaspace: 14264K(15168K)->14264K(15168K) NonClass: 12314K(12928K)->12314K(12928K) Class: 1950K(2240K)->1950K(2240K)
[155.510s][info][gc             ] GC(789) Pause Young (Normal) (G1 Evacuation Pause) 335M->7M(549M) 5.526ms
[155.510s][info][gc,cpu         ] GC(789) User=0.00s Sys=0.00s Real=0.00s
[155.714s][info][gc,start       ] GC(790) Pause Young (Normal) (G1 Evacuation Pause)
[155.714s][info][gc,task        ] GC(790) Using 33 workers of 33 for evacuation
[155.717s][info][gc,phases      ] GC(790)   Pre Evacuate Collection Set: 0.1ms
[155.717s][info][gc,phases      ] GC(790)   Merge Heap Roots: 0.1ms
[155.717s][info][gc,phases      ] GC(790)   Evacuate Collection Set: 0.3ms
[155.717s][info][gc,phases      ] GC(790)   Post Evacuate Collection Set: 2.7ms
[155.717s][info][gc,phases      ] GC(790)   Other: 0.1ms
[155.717s][info][gc,heap        ] GC(790) Eden regions: 328->0(328)
[155.717s][info][gc,heap        ] GC(790) Survivor regions: 1->1(42)
[155.717s][info][gc,heap        ] GC(790) Old regions: 24->24
[155.717s][info][gc,heap        ] GC(790) Archive regions: 0->0
[155.717s][info][gc,heap        ] GC(790) Humongous regions: 0->0
[155.717s][info][gc,metaspace   ] GC(790) Metaspace: 14264K(15168K)->14264K(15168K) NonClass: 12314K(12928K)->12314K(12928K) Class: 1950K(2240K)->1950K(2240K)
[155.717s][info][gc             ] GC(790) Pause Young (Normal) (G1 Evacuation Pause) 335M->7M(549M) 3.618ms
[155.717s][info][gc,cpu         ] GC(790) User=0.00s Sys=0.00s Real=0.00s
[155.915s][info][gc,start       ] GC(791) Pause Young (Normal) (G1 Evacuation Pause)
[155.915s][info][gc,task        ] GC(791) Using 33 workers of 33 for evacuation
[155.919s][info][gc,phases      ] GC(791)   Pre Evacuate Collection Set: 0.2ms
[155.919s][info][gc,phases      ] GC(791)   Merge Heap Roots: 0.2ms
[155.919s][info][gc,phases      ] GC(791)   Evacuate Collection Set: 0.3ms
[155.919s][info][gc,phases      ] GC(791)   Post Evacuate Collection Set: 2.5ms
[155.919s][info][gc,phases      ] GC(791)   Other: 0.1ms
[155.919s][info][gc,heap        ] GC(791) Eden regions: 328->0(328)
[155.919s][info][gc,heap        ] GC(791) Survivor regions: 1->1(42)
[155.919s][info][gc,heap        ] GC(791) Old regions: 24->24
[155.919s][info][gc,heap        ] GC(791) Archive regions: 0->0
[155.919s][info][gc,heap        ] GC(791) Humongous regions: 0->0
[155.919s][info][gc,metaspace   ] GC(791) Metaspace: 14264K(15168K)->14264K(15168K) NonClass: 12314K(12928K)->12314K(12928K) Class: 1950K(2240K)->1950K(2240K)
[155.919s][info][gc             ] GC(791) Pause Young (Normal) (G1 Evacuation Pause) 335M->7M(549M) 3.513ms
[155.919s][info][gc,cpu         ] GC(791) User=0.00s Sys=0.00s Real=0.00s
[156.115s][info][gc,start       ] GC(792) Pause Young (Normal) (G1 Evacuation Pause)
[156.115s][info][gc,task        ] GC(792) Using 33 workers of 33 for evacuation
[156.118s][info][gc,phases      ] GC(792)   Pre Evacuate Collection Set: 0.1ms
[156.118s][info][gc,phases      ] GC(792)   Merge Heap Roots: 0.2ms
[156.118s][info][gc,phases      ] GC(792)   Evacuate Collection Set: 0.4ms
[156.119s][info][gc,phases      ] GC(792)   Post Evacuate Collection Set: 2.4ms
[156.119s][info][gc,phases      ] GC(792)   Other: 0.1ms
[156.119s][info][gc,heap        ] GC(792) Eden regions: 328->0(328)
[156.119s][info][gc,heap        ] GC(792) Survivor regions: 1->1(42)
[156.119s][info][gc,heap        ] GC(792) Old regions: 24->24
[156.119s][info][gc,heap        ] GC(792) Archive regions: 0->0
[156.119s][info][gc,heap        ] GC(792) Humongous regions: 0->0
[156.119s][info][gc,metaspace   ] GC(792) Metaspace: 14264K(15168K)->14264K(15168K) NonClass: 12314K(12928K)->12314K(12928K) Class: 1950K(2240K)->1950K(2240K)
[156.119s][info][gc             ] GC(792) Pause Young (Normal) (G1 Evacuation Pause) 335M->7M(549M) 3.434ms
[156.119s][info][gc,cpu         ] GC(792) User=0.00s Sys=0.00s Real=0.00s
[156.314s][info][gc,start       ] GC(793) Pause Young (Normal) (G1 Evacuation Pause)
[156.338s][info][gc,task        ] GC(793) Using 33 workers of 33 for evacuation
[156.342s][info][gc,phases      ] GC(793)   Pre Evacuate Collection Set: 0.2ms
[156.342s][info][gc,phases      ] GC(793)   Merge Heap Roots: 0.2ms
[156.342s][info][gc,phases      ] GC(793)   Evacuate Collection Set: 0.4ms
[156.342s][info][gc,phases      ] GC(793)   Post Evacuate Collection Set: 2.8ms
[156.342s][info][gc,phases      ] GC(793)   Other: 0.2ms
[156.342s][info][gc,heap        ] GC(793) Eden regions: 328->0(328)
[156.342s][info][gc,heap        ] GC(793) Survivor regions: 1->1(42)
[156.342s][info][gc,heap        ] GC(793) Old regions: 24->24
[156.342s][info][gc,heap        ] GC(793) Archive regions: 0->0
[156.342s][info][gc,heap        ] GC(793) Humongous regions: 0->0
[156.342s][info][gc,metaspace   ] GC(793) Metaspace: 14264K(15168K)->14264K(15168K) NonClass: 12314K(12928K)->12314K(12928K) Class: 1950K(2240K)->1950K(2240K)
[156.342s][info][gc             ] GC(793) Pause Young (Normal) (G1 Evacuation Pause) 335M->7M(549M) 27.775ms
[156.342s][info][gc,cpu         ] GC(793) User=0.00s Sys=0.00s Real=0.03s
[156.540s][info][gc,start       ] GC(794) Pause Young (Normal) (G1 Evacuation Pause)
[156.540s][info][gc,task        ] GC(794) Using 33 workers of 33 for evacuation
[156.543s][info][gc,phases      ] GC(794)   Pre Evacuate Collection Set: 0.1ms
[156.543s][info][gc,phases      ] GC(794)   Merge Heap Roots: 0.2ms
[156.543s][info][gc,phases      ] GC(794)   Evacuate Collection Set: 0.3ms
[156.543s][info][gc,phases      ] GC(794)   Post Evacuate Collection Set: 2.3ms
[156.543s][info][gc,phases      ] GC(794)   Other: 0.2ms
[156.543s][info][gc,heap        ] GC(794) Eden regions: 328->0(328)
[156.543s][info][gc,heap        ] GC(794) Survivor regions: 1->1(42)
[156.543s][info][gc,heap        ] GC(794) Old regions: 24->24
[156.543s][info][gc,heap        ] GC(794) Archive regions: 0->0
[156.543s][info][gc,heap        ] GC(794) Humongous regions: 0->0
[156.543s][info][gc,metaspace   ] GC(794) Metaspace: 14264K(15168K)->14264K(15168K) NonClass: 12314K(12928K)->12314K(12928K) Class: 1950K(2240K)->1950K(2240K)
[156.543s][info][gc             ] GC(794) Pause Young (Normal) (G1 Evacuation Pause) 335M->7M(549M) 3.410ms
[156.543s][info][gc,cpu         ] GC(794) User=0.00s Sys=0.00s Real=0.00s
[156.739s][info][gc,start       ] GC(795) Pause Young (Normal) (G1 Evacuation Pause)
[156.739s][info][gc,task        ] GC(795) Using 33 workers of 33 for evacuation
[156.742s][info][gc,phases      ] GC(795)   Pre Evacuate Collection Set: 0.2ms
[156.743s][info][gc,phases      ] GC(795)   Merge Heap Roots: 0.2ms
[156.743s][info][gc,phases      ] GC(795)   Evacuate Collection Set: 0.3ms
[156.743s][info][gc,phases      ] GC(795)   Post Evacuate Collection Set: 2.4ms
[156.743s][info][gc,phases      ] GC(795)   Other: 0.1ms
[156.743s][info][gc,heap        ] GC(795) Eden regions: 328->0(328)
[156.743s][info][gc,heap        ] GC(795) Survivor regions: 1->1(42)
[156.743s][info][gc,heap        ] GC(795) Old regions: 24->24
[156.743s][info][gc,heap        ] GC(795) Archive regions: 0->0
[156.743s][info][gc,heap        ] GC(795) Humongous regions: 0->0
[156.743s][info][gc,metaspace   ] GC(795) Metaspace: 14264K(15168K)->14264K(15168K) NonClass: 12314K(12928K)->12314K(12928K) Class: 1950K(2240K)->1950K(2240K)
[156.743s][info][gc             ] GC(795) Pause Young (Normal) (G1 Evacuation Pause) 335M->7M(549M) 3.398ms
[156.743s][info][gc,cpu         ] GC(795) User=0.00s Sys=0.00s Real=0.00s
[156.939s][info][gc,start       ] GC(796) Pause Young (Normal) (G1 Evacuation Pause)
[156.939s][info][gc,task        ] GC(796) Using 33 workers of 33 for evacuation
[156.942s][info][gc,phases      ] GC(796)   Pre Evacuate Collection Set: 0.2ms
[156.942s][info][gc,phases      ] GC(796)   Merge Heap Roots: 0.2ms
[156.942s][info][gc,phases      ] GC(796)   Evacuate Collection Set: 0.3ms
[156.942s][info][gc,phases      ] GC(796)   Post Evacuate Collection Set: 2.4ms
[156.942s][info][gc,phases      ] GC(796)   Other: 0.1ms
[156.942s][info][gc,heap        ] GC(796) Eden regions: 328->0(328)
[156.942s][info][gc,heap        ] GC(796) Survivor regions: 1->1(42)
[156.942s][info][gc,heap        ] GC(796) Old regions: 24->24
[156.942s][info][gc,heap        ] GC(796) Archive regions: 0->0
[156.942s][info][gc,heap        ] GC(796) Humongous regions: 0->0
[156.942s][info][gc,metaspace   ] GC(796) Metaspace: 14264K(15168K)->14264K(15168K) NonClass: 12314K(12928K)->12314K(12928K) Class: 1950K(2240K)->1950K(2240K)
[156.942s][info][gc             ] GC(796) Pause Young (Normal) (G1 Evacuation Pause) 335M->7M(549M) 3.434ms
[156.942s][info][gc,cpu         ] GC(796) User=0.00s Sys=0.00s Real=0.00s
[157.138s][info][gc,start       ] GC(797) Pause Young (Normal) (G1 Evacuation Pause)
[157.138s][info][gc,task        ] GC(797) Using 33 workers of 33 for evacuation
[157.142s][info][gc,phases      ] GC(797)   Pre Evacuate Collection Set: 0.2ms
[157.142s][info][gc,phases      ] GC(797)   Merge Heap Roots: 0.1ms
[157.142s][info][gc,phases      ] GC(797)   Evacuate Collection Set: 0.4ms
[157.142s][info][gc,phases      ] GC(797)   Post Evacuate Collection Set: 2.5ms
[157.142s][info][gc,phases      ] GC(797)   Other: 0.1ms
[157.142s][info][gc,heap        ] GC(797) Eden regions: 328->0(328)
[157.142s][info][gc,heap        ] GC(797) Survivor regions: 1->1(42)
[157.142s][info][gc,heap        ] GC(797) Old regions: 24->24
[157.142s][info][gc,heap        ] GC(797) Archive regions: 0->0
[157.142s][info][gc,heap        ] GC(797) Humongous regions: 0->0
[157.142s][info][gc,metaspace   ] GC(797) Metaspace: 14264K(15168K)->14264K(15168K) NonClass: 12314K(12928K)->12314K(12928K) Class: 1950K(2240K)->1950K(2240K)
[157.142s][info][gc             ] GC(797) Pause Young (Normal) (G1 Evacuation Pause) 335M->7M(549M) 3.508ms
[157.142s][info][gc,cpu         ] GC(797) User=0.52s Sys=0.00s Real=0.00s
[157.338s][info][gc,start       ] GC(798) Pause Young (Normal) (G1 Evacuation Pause)
[157.338s][info][gc,task        ] GC(798) Using 33 workers of 33 for evacuation
[157.341s][info][gc,phases      ] GC(798)   Pre Evacuate Collection Set: 0.2ms
[157.341s][info][gc,phases      ] GC(798)   Merge Heap Roots: 0.1ms
[157.341s][info][gc,phases      ] GC(798)   Evacuate Collection Set: 0.4ms
[157.341s][info][gc,phases      ] GC(798)   Post Evacuate Collection Set: 2.5ms
[157.341s][info][gc,phases      ] GC(798)   Other: 0.1ms
[157.341s][info][gc,heap        ] GC(798) Eden regions: 328->0(328)
[157.341s][info][gc,heap        ] GC(798) Survivor regions: 1->1(42)
[157.341s][info][gc,heap        ] GC(798) Old regions: 24->24
[157.341s][info][gc,heap        ] GC(798) Archive regions: 0->0
[157.341s][info][gc,heap        ] GC(798) Humongous regions: 0->0
[157.341s][info][gc,metaspace   ] GC(798) Metaspace: 14264K(15168K)->14264K(15168K) NonClass: 12314K(12928K)->12314K(12928K) Class: 1950K(2240K)->1950K(2240K)
[157.341s][info][gc             ] GC(798) Pause Young (Normal) (G1 Evacuation Pause) 335M->7M(549M) 3.536ms
[157.341s][info][gc,cpu         ] GC(798) User=0.00s Sys=0.00s Real=0.00s
[157.538s][info][gc,start       ] GC(799) Pause Young (Normal) (G1 Evacuation Pause)
[157.538s][info][gc,task        ] GC(799) Using 33 workers of 33 for evacuation
[157.542s][info][gc,phases      ] GC(799)   Pre Evacuate Collection Set: 0.2ms
[157.542s][info][gc,phases      ] GC(799)   Merge Heap Roots: 0.2ms
[157.542s][info][gc,phases      ] GC(799)   Evacuate Collection Set: 0.4ms
[157.542s][info][gc,phases      ] GC(799)   Post Evacuate Collection Set: 2.6ms
[157.542s][info][gc,phases      ] GC(799)   Other: 0.1ms
[157.542s][info][gc,heap        ] GC(799) Eden regions: 328->0(328)
[157.542s][info][gc,heap        ] GC(799) Survivor regions: 1->1(42)
[157.542s][info][gc,heap        ] GC(799) Old regions: 24->24
[157.542s][info][gc,heap        ] GC(799) Archive regions: 0->0
[157.542s][info][gc,heap        ] GC(799) Humongous regions: 0->0
[157.542s][info][gc,metaspace   ] GC(799) Metaspace: 14264K(15168K)->14264K(15168K) NonClass: 12314K(12928K)->12314K(12928K) Class: 1950K(2240K)->1950K(2240K)
[157.542s][info][gc             ] GC(799) Pause Young (Normal) (G1 Evacuation Pause) 335M->7M(549M) 3.604ms
[157.542s][info][gc,cpu         ] GC(799) User=0.00s Sys=0.00s Real=0.00s
[157.738s][info][gc,start       ] GC(800) Pause Young (Normal) (G1 Evacuation Pause)
[157.764s][info][gc,task        ] GC(800) Using 33 workers of 33 for evacuation
[157.767s][info][gc,phases      ] GC(800)   Pre Evacuate Collection Set: 0.2ms
[157.768s][info][gc,phases      ] GC(800)   Merge Heap Roots: 0.2ms
[157.768s][info][gc,phases      ] GC(800)   Evacuate Collection Set: 0.4ms
[157.768s][info][gc,phases      ] GC(800)   Post Evacuate Collection Set: 3.0ms
[157.768s][info][gc,phases      ] GC(800)   Other: 0.1ms
[157.768s][info][gc,heap        ] GC(800) Eden regions: 328->0(328)
[157.768s][info][gc,heap        ] GC(800) Survivor regions: 1->1(42)
[157.768s][info][gc,heap        ] GC(800) Old regions: 24->24
[157.768s][info][gc,heap        ] GC(800) Archive regions: 0->0
[157.768s][info][gc,heap        ] GC(800) Humongous regions: 0->0
[157.768s][info][gc,metaspace   ] GC(800) Metaspace: 14264K(15168K)->14264K(15168K) NonClass: 12314K(12928K)->12314K(12928K) Class: 1950K(2240K)->1950K(2240K)
[157.768s][info][gc             ] GC(800) Pause Young (Normal) (G1 Evacuation Pause) 335M->7M(549M) 29.448ms
[157.768s][info][gc,cpu         ] GC(800) User=0.00s Sys=0.02s Real=0.03s
[157.966s][info][gc,start       ] GC(801) Pause Young (Normal) (G1 Evacuation Pause)
[157.966s][info][gc,task        ] GC(801) Using 33 workers of 33 for evacuation
[157.970s][info][gc,phases      ] GC(801)   Pre Evacuate Collection Set: 0.2ms
[157.970s][info][gc,phases      ] GC(801)   Merge Heap Roots: 0.2ms
[157.970s][info][gc,phases      ] GC(801)   Evacuate Collection Set: 0.4ms
[157.970s][info][gc,phases      ] GC(801)   Post Evacuate Collection Set: 2.6ms
[157.970s][info][gc,phases      ] GC(801)   Other: 0.1ms
[157.970s][info][gc,heap        ] GC(801) Eden regions: 328->0(328)
[157.970s][info][gc,heap        ] GC(801) Survivor regions: 1->1(42)
[157.970s][info][gc,heap        ] GC(801) Old regions: 24->24
[157.970s][info][gc,heap        ] GC(801) Archive regions: 0->0
[157.970s][info][gc,heap        ] GC(801) Humongous regions: 0->0
[157.970s][info][gc,metaspace   ] GC(801) Metaspace: 14264K(15168K)->14264K(15168K) NonClass: 12314K(12928K)->12314K(12928K) Class: 1950K(2240K)->1950K(2240K)
[157.970s][info][gc             ] GC(801) Pause Young (Normal) (G1 Evacuation Pause) 335M->7M(549M) 3.646ms
[157.970s][info][gc,cpu         ] GC(801) User=0.52s Sys=0.00s Real=0.00s
[158.165s][info][gc,start       ] GC(802) Pause Young (Normal) (G1 Evacuation Pause)
[158.165s][info][gc,task        ] GC(802) Using 33 workers of 33 for evacuation
[158.169s][info][gc,phases      ] GC(802)   Pre Evacuate Collection Set: 0.1ms
[158.169s][info][gc,phases      ] GC(802)   Merge Heap Roots: 0.1ms
[158.169s][info][gc,phases      ] GC(802)   Evacuate Collection Set: 0.3ms
[158.169s][info][gc,phases      ] GC(802)   Post Evacuate Collection Set: 2.7ms
[158.169s][info][gc,phases      ] GC(802)   Other: 0.1ms
[158.169s][info][gc,heap        ] GC(802) Eden regions: 328->0(328)
[158.169s][info][gc,heap        ] GC(802) Survivor regions: 1->1(42)
[158.169s][info][gc,heap        ] GC(802) Old regions: 24->24
[158.169s][info][gc,heap        ] GC(802) Archive regions: 0->0
[158.169s][info][gc,heap        ] GC(802) Humongous regions: 0->0
[158.169s][info][gc,metaspace   ] GC(802) Metaspace: 14264K(15168K)->14264K(15168K) NonClass: 12314K(12928K)->12314K(12928K) Class: 1950K(2240K)->1950K(2240K)
[158.169s][info][gc             ] GC(802) Pause Young (Normal) (G1 Evacuation Pause) 335M->7M(549M) 3.634ms
[158.169s][info][gc,cpu         ] GC(802) User=0.00s Sys=0.00s Real=0.00s
[158.366s][info][gc,start       ] GC(803) Pause Young (Normal) (G1 Evacuation Pause)
[158.366s][info][gc,task        ] GC(803) Using 33 workers of 33 for evacuation
[158.370s][info][gc,phases      ] GC(803)   Pre Evacuate Collection Set: 0.2ms
[158.370s][info][gc,phases      ] GC(803)   Merge Heap Roots: 0.2ms
[158.370s][info][gc,phases      ] GC(803)   Evacuate Collection Set: 0.3ms
[158.370s][info][gc,phases      ] GC(803)   Post Evacuate Collection Set: 2.7ms
[158.370s][info][gc,phases      ] GC(803)   Other: 0.1ms
[158.370s][info][gc,heap        ] GC(803) Eden regions: 328->0(328)
[158.370s][info][gc,heap        ] GC(803) Survivor regions: 1->1(42)
[158.370s][info][gc,heap        ] GC(803) Old regions: 24->25
[158.370s][info][gc,heap        ] GC(803) Archive regions: 0->0
[158.370s][info][gc,heap        ] GC(803) Humongous regions: 0->0
[158.370s][info][gc,metaspace   ] GC(803) Metaspace: 14264K(15168K)->14264K(15168K) NonClass: 12314K(12928K)->12314K(12928K) Class: 1950K(2240K)->1950K(2240K)
[158.370s][info][gc             ] GC(803) Pause Young (Normal) (G1 Evacuation Pause) 335M->7M(549M) 3.699ms
[158.370s][info][gc,cpu         ] GC(803) User=0.00s Sys=0.00s Real=0.00s
[158.567s][info][gc,start       ] GC(804) Pause Young (Normal) (G1 Evacuation Pause)
[158.567s][info][gc,task        ] GC(804) Using 33 workers of 33 for evacuation
[158.570s][info][gc,phases      ] GC(804)   Pre Evacuate Collection Set: 0.2ms
[158.570s][info][gc,phases      ] GC(804)   Merge Heap Roots: 0.2ms
[158.570s][info][gc,phases      ] GC(804)   Evacuate Collection Set: 0.3ms
[158.570s][info][gc,phases      ] GC(804)   Post Evacuate Collection Set: 2.7ms
[158.570s][info][gc,phases      ] GC(804)   Other: 0.1ms
[158.570s][info][gc,heap        ] GC(804) Eden regions: 328->0(328)
[158.570s][info][gc,heap        ] GC(804) Survivor regions: 1->1(42)
[158.570s][info][gc,heap        ] GC(804) Old regions: 25->25
[158.570s][info][gc,heap        ] GC(804) Archive regions: 0->0
[158.570s][info][gc,heap        ] GC(804) Humongous regions: 0->0
[158.570s][info][gc,metaspace   ] GC(804) Metaspace: 14264K(15168K)->14264K(15168K) NonClass: 12314K(12928K)->12314K(12928K) Class: 1950K(2240K)->1950K(2240K)
[158.570s][info][gc             ] GC(804) Pause Young (Normal) (G1 Evacuation Pause) 335M->7M(549M) 3.756ms
[158.570s][info][gc,cpu         ] GC(804) User=0.00s Sys=0.00s Real=0.00s
[158.767s][info][gc,start       ] GC(805) Pause Young (Normal) (G1 Evacuation Pause)
[158.767s][info][gc,task        ] GC(805) Using 33 workers of 33 for evacuation
[158.771s][info][gc,phases      ] GC(805)   Pre Evacuate Collection Set: 0.2ms
[158.771s][info][gc,phases      ] GC(805)   Merge Heap Roots: 0.2ms
[158.771s][info][gc,phases      ] GC(805)   Evacuate Collection Set: 0.3ms
[158.771s][info][gc,phases      ] GC(805)   Post Evacuate Collection Set: 2.8ms
[158.771s][info][gc,phases      ] GC(805)   Other: 0.1ms
[158.771s][info][gc,heap        ] GC(805) Eden regions: 328->0(328)
[158.771s][info][gc,heap        ] GC(805) Survivor regions: 1->1(42)
[158.771s][info][gc,heap        ] GC(805) Old regions: 25->25
[158.771s][info][gc,heap        ] GC(805) Archive regions: 0->0
[158.771s][info][gc,heap        ] GC(805) Humongous regions: 0->0
[158.771s][info][gc,metaspace   ] GC(805) Metaspace: 14264K(15168K)->14264K(15168K) NonClass: 12314K(12928K)->12314K(12928K) Class: 1950K(2240K)->1950K(2240K)
[158.771s][info][gc             ] GC(805) Pause Young (Normal) (G1 Evacuation Pause) 335M->7M(549M) 3.782ms
[158.771s][info][gc,cpu         ] GC(805) User=0.00s Sys=0.00s Real=0.00s
[158.967s][info][gc,start       ] GC(806) Pause Young (Normal) (G1 Evacuation Pause)
[158.967s][info][gc,task        ] GC(806) Using 33 workers of 33 for evacuation
[158.970s][info][gc,phases      ] GC(806)   Pre Evacuate Collection Set: 0.2ms
[158.970s][info][gc,phases      ] GC(806)   Merge Heap Roots: 0.1ms
[158.970s][info][gc,phases      ] GC(806)   Evacuate Collection Set: 0.4ms
[158.970s][info][gc,phases      ] GC(806)   Post Evacuate Collection Set: 2.8ms
[158.970s][info][gc,phases      ] GC(806)   Other: 0.1ms
[158.970s][info][gc,heap        ] GC(806) Eden regions: 328->0(328)
[158.970s][info][gc,heap        ] GC(806) Survivor regions: 1->1(42)
[158.970s][info][gc,heap        ] GC(806) Old regions: 25->25
[158.970s][info][gc,heap        ] GC(806) Archive regions: 0->0
[158.970s][info][gc,heap        ] GC(806) Humongous regions: 0->0
[158.970s][info][gc,metaspace   ] GC(806) Metaspace: 14264K(15168K)->14264K(15168K) NonClass: 12314K(12928K)->12314K(12928K) Class: 1950K(2240K)->1950K(2240K)
[158.970s][info][gc             ] GC(806) Pause Young (Normal) (G1 Evacuation Pause) 335M->7M(549M) 3.838ms
[158.970s][info][gc,cpu         ] GC(806) User=0.52s Sys=0.00s Real=0.00s
[159.167s][info][gc,start       ] GC(807) Pause Young (Normal) (G1 Evacuation Pause)
[159.167s][info][gc,task        ] GC(807) Using 33 workers of 33 for evacuation
[159.170s][info][gc,phases      ] GC(807)   Pre Evacuate Collection Set: 0.2ms
[159.170s][info][gc,phases      ] GC(807)   Merge Heap Roots: 0.2ms
[159.170s][info][gc,phases      ] GC(807)   Evacuate Collection Set: 0.3ms
[159.170s][info][gc,phases      ] GC(807)   Post Evacuate Collection Set: 2.8ms
[159.170s][info][gc,phases      ] GC(807)   Other: 0.1ms
[159.170s][info][gc,heap        ] GC(807) Eden regions: 328->0(328)
[159.170s][info][gc,heap        ] GC(807) Survivor regions: 1->1(42)
[159.170s][info][gc,heap        ] GC(807) Old regions: 25->25
[159.170s][info][gc,heap        ] GC(807) Archive regions: 0->0
[159.170s][info][gc,heap        ] GC(807) Humongous regions: 0->0
[159.170s][info][gc,metaspace   ] GC(807) Metaspace: 14264K(15168K)->14264K(15168K) NonClass: 12314K(12928K)->12314K(12928K) Class: 1950K(2240K)->1950K(2240K)
[159.170s][info][gc             ] GC(807) Pause Young (Normal) (G1 Evacuation Pause) 335M->7M(549M) 3.803ms
[159.170s][info][gc,cpu         ] GC(807) User=0.00s Sys=0.00s Real=0.00s
[159.504s][info][gc,start       ] GC(808) Pause Young (Normal) (G1 Evacuation Pause)
[159.504s][info][gc,task        ] GC(808) Using 33 workers of 33 for evacuation
[159.509s][info][gc,phases      ] GC(808)   Pre Evacuate Collection Set: 0.2ms
[159.510s][info][gc,phases      ] GC(808)   Merge Heap Roots: 0.2ms
[159.510s][info][gc,phases      ] GC(808)   Evacuate Collection Set: 0.5ms
[159.510s][info][gc,phases      ] GC(808)   Post Evacuate Collection Set: 3.7ms
[159.510s][info][gc,phases      ] GC(808)   Other: 0.3ms
[159.510s][info][gc,heap        ] GC(808) Eden regions: 328->0(328)
[159.510s][info][gc,heap        ] GC(808) Survivor regions: 1->1(42)
[159.510s][info][gc,heap        ] GC(808) Old regions: 25->25
[159.510s][info][gc,heap        ] GC(808) Archive regions: 0->0
[159.510s][info][gc,heap        ] GC(808) Humongous regions: 0->0
[159.510s][info][gc,metaspace   ] GC(808) Metaspace: 14264K(15168K)->14264K(15168K) NonClass: 12314K(12928K)->12314K(12928K) Class: 1950K(2240K)->1950K(2240K)
[159.510s][info][gc             ] GC(808) Pause Young (Normal) (G1 Evacuation Pause) 335M->8M(549M) 5.571ms
[159.510s][info][gc,cpu         ] GC(808) User=0.00s Sys=0.00s Real=0.00s
[159.711s][info][gc,start       ] GC(809) Pause Young (Normal) (G1 Evacuation Pause)
[159.711s][info][gc,task        ] GC(809) Using 33 workers of 33 for evacuation
[159.715s][info][gc,phases      ] GC(809)   Pre Evacuate Collection Set: 0.2ms
[159.715s][info][gc,phases      ] GC(809)   Merge Heap Roots: 0.2ms
[159.715s][info][gc,phases      ] GC(809)   Evacuate Collection Set: 0.3ms
[159.715s][info][gc,phases      ] GC(809)   Post Evacuate Collection Set: 2.7ms
[159.715s][info][gc,phases      ] GC(809)   Other: 0.1ms
[159.715s][info][gc,heap        ] GC(809) Eden regions: 328->0(328)
[159.715s][info][gc,heap        ] GC(809) Survivor regions: 1->1(42)
[159.715s][info][gc,heap        ] GC(809) Old regions: 25->25
[159.715s][info][gc,heap        ] GC(809) Archive regions: 0->0
[159.715s][info][gc,heap        ] GC(809) Humongous regions: 0->0
[159.715s][info][gc,metaspace   ] GC(809) Metaspace: 14264K(15168K)->14264K(15168K) NonClass: 12314K(12928K)->12314K(12928K) Class: 1950K(2240K)->1950K(2240K)
[159.715s][info][gc             ] GC(809) Pause Young (Normal) (G1 Evacuation Pause) 336M->8M(549M) 3.691ms
[159.715s][info][gc,cpu         ] GC(809) User=0.00s Sys=0.00s Real=0.00s
[159.911s][info][gc,start       ] GC(810) Pause Young (Normal) (G1 Evacuation Pause)
[159.911s][info][gc,task        ] GC(810) Using 33 workers of 33 for evacuation
[159.915s][info][gc,phases      ] GC(810)   Pre Evacuate Collection Set: 0.2ms
[159.915s][info][gc,phases      ] GC(810)   Merge Heap Roots: 0.2ms
[159.915s][info][gc,phases      ] GC(810)   Evacuate Collection Set: 0.4ms
[159.915s][info][gc,phases      ] GC(810)   Post Evacuate Collection Set: 2.6ms
[159.915s][info][gc,phases      ] GC(810)   Other: 0.1ms
[159.915s][info][gc,heap        ] GC(810) Eden regions: 328->0(328)
[159.915s][info][gc,heap        ] GC(810) Survivor regions: 1->1(42)
[159.915s][info][gc,heap        ] GC(810) Old regions: 25->25
[159.915s][info][gc,heap        ] GC(810) Archive regions: 0->0
[159.915s][info][gc,heap        ] GC(810) Humongous regions: 0->0
[159.915s][info][gc,metaspace   ] GC(810) Metaspace: 14264K(15168K)->14264K(15168K) NonClass: 12314K(12928K)->12314K(12928K) Class: 1950K(2240K)->1950K(2240K)
[159.915s][info][gc             ] GC(810) Pause Young (Normal) (G1 Evacuation Pause) 336M->8M(549M) 3.609ms
[159.915s][info][gc,cpu         ] GC(810) User=0.00s Sys=0.00s Real=0.00s
[160.109s][info][gc,start       ] GC(811) Pause Young (Normal) (G1 Evacuation Pause)
[160.109s][info][gc,task        ] GC(811) Using 33 workers of 33 for evacuation
[160.112s][info][gc,phases      ] GC(811)   Pre Evacuate Collection Set: 0.2ms
[160.112s][info][gc,phases      ] GC(811)   Merge Heap Roots: 0.2ms
[160.112s][info][gc,phases      ] GC(811)   Evacuate Collection Set: 0.4ms
[160.113s][info][gc,phases      ] GC(811)   Post Evacuate Collection Set: 2.5ms
[160.113s][info][gc,phases      ] GC(811)   Other: 0.1ms
[160.113s][info][gc,heap        ] GC(811) Eden regions: 328->0(328)
[160.113s][info][gc,heap        ] GC(811) Survivor regions: 1->1(42)
[160.113s][info][gc,heap        ] GC(811) Old regions: 25->25
[160.113s][info][gc,heap        ] GC(811) Archive regions: 0->0
[160.113s][info][gc,heap        ] GC(811) Humongous regions: 0->0
[160.113s][info][gc,metaspace   ] GC(811) Metaspace: 14264K(15168K)->14264K(15168K) NonClass: 12314K(12928K)->12314K(12928K) Class: 1950K(2240K)->1950K(2240K)
[160.113s][info][gc             ] GC(811) Pause Young (Normal) (G1 Evacuation Pause) 336M->8M(549M) 3.585ms
[160.113s][info][gc,cpu         ] GC(811) User=0.31s Sys=0.02s Real=0.00s
[160.309s][info][gc,start       ] GC(812) Pause Young (Normal) (G1 Evacuation Pause)
[160.309s][info][gc,task        ] GC(812) Using 33 workers of 33 for evacuation
[160.312s][info][gc,phases      ] GC(812)   Pre Evacuate Collection Set: 0.2ms
[160.312s][info][gc,phases      ] GC(812)   Merge Heap Roots: 0.2ms
[160.312s][info][gc,phases      ] GC(812)   Evacuate Collection Set: 0.3ms
[160.312s][info][gc,phases      ] GC(812)   Post Evacuate Collection Set: 2.4ms
[160.312s][info][gc,phases      ] GC(812)   Other: 0.1ms
[160.312s][info][gc,heap        ] GC(812) Eden regions: 328->0(328)
[160.312s][info][gc,heap        ] GC(812) Survivor regions: 1->1(42)
[160.312s][info][gc,heap        ] GC(812) Old regions: 25->25
[160.312s][info][gc,heap        ] GC(812) Archive regions: 0->0
[160.312s][info][gc,heap        ] GC(812) Humongous regions: 0->0
[160.312s][info][gc,metaspace   ] GC(812) Metaspace: 14264K(15168K)->14264K(15168K) NonClass: 12314K(12928K)->12314K(12928K) Class: 1950K(2240K)->1950K(2240K)
[160.312s][info][gc             ] GC(812) Pause Young (Normal) (G1 Evacuation Pause) 336M->8M(549M) 3.341ms
[160.312s][info][gc,cpu         ] GC(812) User=0.00s Sys=0.00s Real=0.00s
[160.507s][info][gc,start       ] GC(813) Pause Young (Normal) (G1 Evacuation Pause)
[160.507s][info][gc,task        ] GC(813) Using 33 workers of 33 for evacuation
[160.511s][info][gc,phases      ] GC(813)   Pre Evacuate Collection Set: 0.1ms
[160.511s][info][gc,phases      ] GC(813)   Merge Heap Roots: 0.2ms
[160.511s][info][gc,phases      ] GC(813)   Evacuate Collection Set: 0.3ms
[160.511s][info][gc,phases      ] GC(813)   Post Evacuate Collection Set: 2.4ms
[160.511s][info][gc,phases      ] GC(813)   Other: 0.1ms
[160.511s][info][gc,heap        ] GC(813) Eden regions: 328->0(328)
[160.511s][info][gc,heap        ] GC(813) Survivor regions: 1->1(42)
[160.511s][info][gc,heap        ] GC(813) Old regions: 25->25
[160.511s][info][gc,heap        ] GC(813) Archive regions: 0->0
[160.511s][info][gc,heap        ] GC(813) Humongous regions: 0->0
[160.511s][info][gc,metaspace   ] GC(813) Metaspace: 14264K(15168K)->14264K(15168K) NonClass: 12314K(12928K)->12314K(12928K) Class: 1950K(2240K)->1950K(2240K)
[160.511s][info][gc             ] GC(813) Pause Young (Normal) (G1 Evacuation Pause) 336M->8M(549M) 3.423ms
[160.511s][info][gc,cpu         ] GC(813) User=0.00s Sys=0.00s Real=0.00s
[160.706s][info][gc,start       ] GC(814) Pause Young (Normal) (G1 Evacuation Pause)
[160.706s][info][gc,task        ] GC(814) Using 33 workers of 33 for evacuation
[160.709s][info][gc,phases      ] GC(814)   Pre Evacuate Collection Set: 0.2ms
[160.709s][info][gc,phases      ] GC(814)   Merge Heap Roots: 0.2ms
[160.709s][info][gc,phases      ] GC(814)   Evacuate Collection Set: 0.3ms
[160.709s][info][gc,phases      ] GC(814)   Post Evacuate Collection Set: 2.5ms
[160.709s][info][gc,phases      ] GC(814)   Other: 0.1ms
[160.709s][info][gc,heap        ] GC(814) Eden regions: 328->0(328)
[160.709s][info][gc,heap        ] GC(814) Survivor regions: 1->1(42)
[160.709s][info][gc,heap        ] GC(814) Old regions: 25->25
[160.709s][info][gc,heap        ] GC(814) Archive regions: 0->0
[160.709s][info][gc,heap        ] GC(814) Humongous regions: 0->0
[160.709s][info][gc,metaspace   ] GC(814) Metaspace: 14264K(15168K)->14264K(15168K) NonClass: 12314K(12928K)->12314K(12928K) Class: 1950K(2240K)->1950K(2240K)
[160.710s][info][gc             ] GC(814) Pause Young (Normal) (G1 Evacuation Pause) 336M->8M(549M) 3.481ms
[160.710s][info][gc,cpu         ] GC(814) User=0.00s Sys=0.00s Real=0.00s
[160.905s][info][gc,start       ] GC(815) Pause Young (Normal) (G1 Evacuation Pause)
[160.905s][info][gc,task        ] GC(815) Using 33 workers of 33 for evacuation
[160.908s][info][gc,phases      ] GC(815)   Pre Evacuate Collection Set: 0.1ms
[160.908s][info][gc,phases      ] GC(815)   Merge Heap Roots: 0.2ms
[160.908s][info][gc,phases      ] GC(815)   Evacuate Collection Set: 0.3ms
[160.908s][info][gc,phases      ] GC(815)   Post Evacuate Collection Set: 2.5ms
[160.908s][info][gc,phases      ] GC(815)   Other: 0.1ms
[160.909s][info][gc,heap        ] GC(815) Eden regions: 328->0(328)
[160.909s][info][gc,heap        ] GC(815) Survivor regions: 1->1(42)
[160.909s][info][gc,heap        ] GC(815) Old regions: 25->25
[160.909s][info][gc,heap        ] GC(815) Archive regions: 0->0
[160.909s][info][gc,heap        ] GC(815) Humongous regions: 0->0
[160.909s][info][gc,metaspace   ] GC(815) Metaspace: 14264K(15168K)->14264K(15168K) NonClass: 12314K(12928K)->12314K(12928K) Class: 1950K(2240K)->1950K(2240K)
[160.909s][info][gc             ] GC(815) Pause Young (Normal) (G1 Evacuation Pause) 336M->8M(549M) 3.484ms
[160.909s][info][gc,cpu         ] GC(815) User=0.52s Sys=0.00s Real=0.00s
[161.104s][info][gc,start       ] GC(816) Pause Young (Normal) (G1 Evacuation Pause)
[161.104s][info][gc,task        ] GC(816) Using 33 workers of 33 for evacuation
[161.107s][info][gc,phases      ] GC(816)   Pre Evacuate Collection Set: 0.2ms
[161.107s][info][gc,phases      ] GC(816)   Merge Heap Roots: 0.2ms
[161.107s][info][gc,phases      ] GC(816)   Evacuate Collection Set: 0.4ms
[161.107s][info][gc,phases      ] GC(816)   Post Evacuate Collection Set: 2.5ms
[161.107s][info][gc,phases      ] GC(816)   Other: 0.1ms
[161.107s][info][gc,heap        ] GC(816) Eden regions: 328->0(328)
[161.107s][info][gc,heap        ] GC(816) Survivor regions: 1->1(42)
[161.107s][info][gc,heap        ] GC(816) Old regions: 25->25
[161.107s][info][gc,heap        ] GC(816) Archive regions: 0->0
[161.107s][info][gc,heap        ] GC(816) Humongous regions: 0->0
[161.107s][info][gc,metaspace   ] GC(816) Metaspace: 14264K(15168K)->14264K(15168K) NonClass: 12314K(12928K)->12314K(12928K) Class: 1950K(2240K)->1950K(2240K)
[161.107s][info][gc             ] GC(816) Pause Young (Normal) (G1 Evacuation Pause) 336M->8M(549M) 3.546ms
[161.107s][info][gc,cpu         ] GC(816) User=0.00s Sys=0.00s Real=0.00s
[161.303s][info][gc,start       ] GC(817) Pause Young (Normal) (G1 Evacuation Pause)
[161.303s][info][gc,task        ] GC(817) Using 33 workers of 33 for evacuation
[161.306s][info][gc,phases      ] GC(817)   Pre Evacuate Collection Set: 0.1ms
[161.306s][info][gc,phases      ] GC(817)   Merge Heap Roots: 0.2ms
[161.306s][info][gc,phases      ] GC(817)   Evacuate Collection Set: 0.3ms
[161.306s][info][gc,phases      ] GC(817)   Post Evacuate Collection Set: 2.6ms
[161.306s][info][gc,phases      ] GC(817)   Other: 0.1ms
[161.307s][info][gc,heap        ] GC(817) Eden regions: 328->0(328)
[161.307s][info][gc,heap        ] GC(817) Survivor regions: 1->1(42)
[161.307s][info][gc,heap        ] GC(817) Old regions: 25->25
[161.307s][info][gc,heap        ] GC(817) Archive regions: 0->0
[161.307s][info][gc,heap        ] GC(817) Humongous regions: 0->0
[161.307s][info][gc,metaspace   ] GC(817) Metaspace: 14264K(15168K)->14264K(15168K) NonClass: 12314K(12928K)->12314K(12928K) Class: 1950K(2240K)->1950K(2240K)
[161.307s][info][gc             ] GC(817) Pause Young (Normal) (G1 Evacuation Pause) 336M->8M(549M) 3.558ms
[161.307s][info][gc,cpu         ] GC(817) User=0.00s Sys=0.00s Real=0.00s
[161.501s][info][gc,start       ] GC(818) Pause Young (Normal) (G1 Evacuation Pause)
[161.501s][info][gc,task        ] GC(818) Using 33 workers of 33 for evacuation
[161.505s][info][gc,phases      ] GC(818)   Pre Evacuate Collection Set: 0.2ms
[161.505s][info][gc,phases      ] GC(818)   Merge Heap Roots: 0.2ms
[161.505s][info][gc,phases      ] GC(818)   Evacuate Collection Set: 0.4ms
[161.505s][info][gc,phases      ] GC(818)   Post Evacuate Collection Set: 2.6ms
[161.505s][info][gc,phases      ] GC(818)   Other: 0.1ms
[161.505s][info][gc,heap        ] GC(818) Eden regions: 328->0(328)
[161.505s][info][gc,heap        ] GC(818) Survivor regions: 1->1(42)
[161.505s][info][gc,heap        ] GC(818) Old regions: 25->25
[161.505s][info][gc,heap        ] GC(818) Archive regions: 0->0
[161.505s][info][gc,heap        ] GC(818) Humongous regions: 0->0
[161.505s][info][gc,metaspace   ] GC(818) Metaspace: 14264K(15168K)->14264K(15168K) NonClass: 12314K(12928K)->12314K(12928K) Class: 1950K(2240K)->1950K(2240K)
[161.505s][info][gc             ] GC(818) Pause Young (Normal) (G1 Evacuation Pause) 336M->8M(549M) 3.742ms
[161.505s][info][gc,cpu         ] GC(818) User=0.00s Sys=0.00s Real=0.00s
[161.700s][info][gc,start       ] GC(819) Pause Young (Normal) (G1 Evacuation Pause)
[161.700s][info][gc,task        ] GC(819) Using 33 workers of 33 for evacuation
[161.704s][info][gc,phases      ] GC(819)   Pre Evacuate Collection Set: 0.2ms
[161.704s][info][gc,phases      ] GC(819)   Merge Heap Roots: 0.2ms
[161.704s][info][gc,phases      ] GC(819)   Evacuate Collection Set: 0.4ms
[161.704s][info][gc,phases      ] GC(819)   Post Evacuate Collection Set: 2.6ms
[161.704s][info][gc,phases      ] GC(819)   Other: 0.1ms
[161.704s][info][gc,heap        ] GC(819) Eden regions: 328->0(328)
[161.704s][info][gc,heap        ] GC(819) Survivor regions: 1->1(42)
[161.704s][info][gc,heap        ] GC(819) Old regions: 25->25
[161.704s][info][gc,heap        ] GC(819) Archive regions: 0->0
[161.704s][info][gc,heap        ] GC(819) Humongous regions: 0->0
[161.704s][info][gc,metaspace   ] GC(819) Metaspace: 14264K(15168K)->14264K(15168K) NonClass: 12314K(12928K)->12314K(12928K) Class: 1950K(2240K)->1950K(2240K)
[161.704s][info][gc             ] GC(819) Pause Young (Normal) (G1 Evacuation Pause) 336M->8M(549M) 3.655ms
[161.704s][info][gc,cpu         ] GC(819) User=0.03s Sys=0.00s Real=0.00s
[161.900s][info][gc,start       ] GC(820) Pause Young (Normal) (G1 Evacuation Pause)
[161.900s][info][gc,task        ] GC(820) Using 33 workers of 33 for evacuation
[161.903s][info][gc,phases      ] GC(820)   Pre Evacuate Collection Set: 0.1ms
[161.903s][info][gc,phases      ] GC(820)   Merge Heap Roots: 0.2ms
[161.903s][info][gc,phases      ] GC(820)   Evacuate Collection Set: 0.4ms
[161.903s][info][gc,phases      ] GC(820)   Post Evacuate Collection Set: 2.6ms
[161.903s][info][gc,phases      ] GC(820)   Other: 0.1ms
[161.903s][info][gc,heap        ] GC(820) Eden regions: 328->0(328)
[161.903s][info][gc,heap        ] GC(820) Survivor regions: 1->1(42)
[161.903s][info][gc,heap        ] GC(820) Old regions: 25->25
[161.903s][info][gc,heap        ] GC(820) Archive regions: 0->0
[161.903s][info][gc,heap        ] GC(820) Humongous regions: 0->0
[161.903s][info][gc,metaspace   ] GC(820) Metaspace: 14264K(15168K)->14264K(15168K) NonClass: 12314K(12928K)->12314K(12928K) Class: 1950K(2240K)->1950K(2240K)
[161.903s][info][gc             ] GC(820) Pause Young (Normal) (G1 Evacuation Pause) 336M->8M(549M) 3.621ms
[161.903s][info][gc,cpu         ] GC(820) User=0.00s Sys=0.00s Real=0.00s
[162.098s][info][gc,start       ] GC(821) Pause Young (Normal) (G1 Evacuation Pause)
[162.098s][info][gc,task        ] GC(821) Using 33 workers of 33 for evacuation
[162.102s][info][gc,phases      ] GC(821)   Pre Evacuate Collection Set: 0.1ms
[162.102s][info][gc,phases      ] GC(821)   Merge Heap Roots: 0.2ms
[162.102s][info][gc,phases      ] GC(821)   Evacuate Collection Set: 0.3ms
[162.102s][info][gc,phases      ] GC(821)   Post Evacuate Collection Set: 2.7ms
[162.102s][info][gc,phases      ] GC(821)   Other: 0.1ms
[162.102s][info][gc,heap        ] GC(821) Eden regions: 328->0(328)
[162.102s][info][gc,heap        ] GC(821) Survivor regions: 1->1(42)
[162.102s][info][gc,heap        ] GC(821) Old regions: 25->25
[162.102s][info][gc,heap        ] GC(821) Archive regions: 0->0
[162.102s][info][gc,heap        ] GC(821) Humongous regions: 0->0
[162.102s][info][gc,metaspace   ] GC(821) Metaspace: 14264K(15168K)->14264K(15168K) NonClass: 12314K(12928K)->12314K(12928K) Class: 1950K(2240K)->1950K(2240K)
[162.102s][info][gc             ] GC(821) Pause Young (Normal) (G1 Evacuation Pause) 336M->8M(549M) 3.690ms
[162.102s][info][gc,cpu         ] GC(821) User=0.00s Sys=0.00s Real=0.00s
[162.297s][info][gc,start       ] GC(822) Pause Young (Normal) (G1 Evacuation Pause)
[162.297s][info][gc,task        ] GC(822) Using 33 workers of 33 for evacuation
[162.301s][info][gc,phases      ] GC(822)   Pre Evacuate Collection Set: 0.2ms
[162.301s][info][gc,phases      ] GC(822)   Merge Heap Roots: 0.2ms
[162.301s][info][gc,phases      ] GC(822)   Evacuate Collection Set: 0.3ms
[162.301s][info][gc,phases      ] GC(822)   Post Evacuate Collection Set: 2.7ms
[162.301s][info][gc,phases      ] GC(822)   Other: 0.1ms
[162.301s][info][gc,heap        ] GC(822) Eden regions: 328->0(328)
[162.301s][info][gc,heap        ] GC(822) Survivor regions: 1->1(42)
[162.301s][info][gc,heap        ] GC(822) Old regions: 25->25
[162.301s][info][gc,heap        ] GC(822) Archive regions: 0->0
[162.301s][info][gc,heap        ] GC(822) Humongous regions: 0->0
[162.301s][info][gc,metaspace   ] GC(822) Metaspace: 14264K(15168K)->14264K(15168K) NonClass: 12314K(12928K)->12314K(12928K) Class: 1950K(2240K)->1950K(2240K)
[162.301s][info][gc             ] GC(822) Pause Young (Normal) (G1 Evacuation Pause) 336M->8M(549M) 3.827ms
[162.301s][info][gc,cpu         ] GC(822) User=0.00s Sys=0.02s Real=0.00s
[162.497s][info][gc,start       ] GC(823) Pause Young (Normal) (G1 Evacuation Pause)
[162.497s][info][gc,task        ] GC(823) Using 33 workers of 33 for evacuation
[162.500s][info][gc,phases      ] GC(823)   Pre Evacuate Collection Set: 0.2ms
[162.500s][info][gc,phases      ] GC(823)   Merge Heap Roots: 0.2ms
[162.500s][info][gc,phases      ] GC(823)   Evacuate Collection Set: 0.4ms
[162.500s][info][gc,phases      ] GC(823)   Post Evacuate Collection Set: 2.8ms
[162.500s][info][gc,phases      ] GC(823)   Other: 0.1ms
[162.500s][info][gc,heap        ] GC(823) Eden regions: 328->0(328)
[162.500s][info][gc,heap        ] GC(823) Survivor regions: 1->1(42)
[162.500s][info][gc,heap        ] GC(823) Old regions: 25->25
[162.500s][info][gc,heap        ] GC(823) Archive regions: 0->0
[162.500s][info][gc,heap        ] GC(823) Humongous regions: 0->0
[162.500s][info][gc,metaspace   ] GC(823) Metaspace: 14264K(15168K)->14264K(15168K) NonClass: 12314K(12928K)->12314K(12928K) Class: 1950K(2240K)->1950K(2240K)
[162.500s][info][gc             ] GC(823) Pause Young (Normal) (G1 Evacuation Pause) 336M->8M(549M) 3.804ms
[162.500s][info][gc,cpu         ] GC(823) User=0.00s Sys=0.02s Real=0.00s
[162.693s][info][gc,start       ] GC(824) Pause Young (Normal) (G1 Evacuation Pause)
[162.693s][info][gc,task        ] GC(824) Using 33 workers of 33 for evacuation
[162.697s][info][gc,phases      ] GC(824)   Pre Evacuate Collection Set: 0.2ms
[162.697s][info][gc,phases      ] GC(824)   Merge Heap Roots: 0.2ms
[162.697s][info][gc,phases      ] GC(824)   Evacuate Collection Set: 0.4ms
[162.697s][info][gc,phases      ] GC(824)   Post Evacuate Collection Set: 2.8ms
[162.697s][info][gc,phases      ] GC(824)   Other: 0.1ms
[162.697s][info][gc,heap        ] GC(824) Eden regions: 328->0(328)
[162.697s][info][gc,heap        ] GC(824) Survivor regions: 1->1(42)
[162.697s][info][gc,heap        ] GC(824) Old regions: 25->26
[162.697s][info][gc,heap        ] GC(824) Archive regions: 0->0
[162.697s][info][gc,heap        ] GC(824) Humongous regions: 0->0
[162.697s][info][gc,metaspace   ] GC(824) Metaspace: 14264K(15168K)->14264K(15168K) NonClass: 12314K(12928K)->12314K(12928K) Class: 1950K(2240K)->1950K(2240K)
[162.697s][info][gc             ] GC(824) Pause Young (Normal) (G1 Evacuation Pause) 336M->8M(549M) 3.834ms
[162.697s][info][gc,cpu         ] GC(824) User=0.00s Sys=0.00s Real=0.00s
[162.894s][info][gc,start       ] GC(825) Pause Young (Normal) (G1 Evacuation Pause)
[162.894s][info][gc,task        ] GC(825) Using 33 workers of 33 for evacuation
[162.897s][info][gc,phases      ] GC(825)   Pre Evacuate Collection Set: 0.2ms
[162.897s][info][gc,phases      ] GC(825)   Merge Heap Roots: 0.2ms
[162.897s][info][gc,phases      ] GC(825)   Evacuate Collection Set: 0.3ms
[162.897s][info][gc,phases      ] GC(825)   Post Evacuate Collection Set: 2.8ms
[162.897s][info][gc,phases      ] GC(825)   Other: 0.1ms
[162.897s][info][gc,heap        ] GC(825) Eden regions: 328->0(328)
[162.897s][info][gc,heap        ] GC(825) Survivor regions: 1->1(42)
[162.897s][info][gc,heap        ] GC(825) Old regions: 26->26
[162.898s][info][gc,heap        ] GC(825) Archive regions: 0->0
[162.898s][info][gc,heap        ] GC(825) Humongous regions: 0->0
[162.898s][info][gc,metaspace   ] GC(825) Metaspace: 14264K(15168K)->14264K(15168K) NonClass: 12314K(12928K)->12314K(12928K) Class: 1950K(2240K)->1950K(2240K)
[162.898s][info][gc             ] GC(825) Pause Young (Normal) (G1 Evacuation Pause) 336M->8M(549M) 3.884ms
[162.898s][info][gc,cpu         ] GC(825) User=0.00s Sys=0.00s Real=0.00s
[163.093s][info][gc,start       ] GC(826) Pause Young (Normal) (G1 Evacuation Pause)
[163.093s][info][gc,task        ] GC(826) Using 33 workers of 33 for evacuation
[163.096s][info][gc,phases      ] GC(826)   Pre Evacuate Collection Set: 0.1ms
[163.096s][info][gc,phases      ] GC(826)   Merge Heap Roots: 0.1ms
[163.096s][info][gc,phases      ] GC(826)   Evacuate Collection Set: 0.3ms
[163.096s][info][gc,phases      ] GC(826)   Post Evacuate Collection Set: 2.9ms
[163.096s][info][gc,phases      ] GC(826)   Other: 0.1ms
[163.096s][info][gc,heap        ] GC(826) Eden regions: 328->0(328)
[163.096s][info][gc,heap        ] GC(826) Survivor regions: 1->1(42)
[163.096s][info][gc,heap        ] GC(826) Old regions: 26->26
[163.096s][info][gc,heap        ] GC(826) Archive regions: 0->0
[163.096s][info][gc,heap        ] GC(826) Humongous regions: 0->0
[163.096s][info][gc,metaspace   ] GC(826) Metaspace: 14264K(15168K)->14264K(15168K) NonClass: 12314K(12928K)->12314K(12928K) Class: 1950K(2240K)->1950K(2240K)
[163.096s][info][gc             ] GC(826) Pause Young (Normal) (G1 Evacuation Pause) 336M->8M(549M) 3.849ms
[163.096s][info][gc,cpu         ] GC(826) User=0.52s Sys=0.00s Real=0.00s
[163.417s][info][gc,start       ] GC(827) Pause Young (Normal) (G1 Evacuation Pause)
[163.417s][info][gc,task        ] GC(827) Using 33 workers of 33 for evacuation
[163.422s][info][gc,phases      ] GC(827)   Pre Evacuate Collection Set: 0.2ms
[163.422s][info][gc,phases      ] GC(827)   Merge Heap Roots: 0.3ms
[163.422s][info][gc,phases      ] GC(827)   Evacuate Collection Set: 0.6ms
[163.422s][info][gc,phases      ] GC(827)   Post Evacuate Collection Set: 3.7ms
[163.422s][info][gc,phases      ] GC(827)   Other: 0.2ms
[163.422s][info][gc,heap        ] GC(827) Eden regions: 328->0(328)
[163.422s][info][gc,heap        ] GC(827) Survivor regions: 1->1(42)
[163.422s][info][gc,heap        ] GC(827) Old regions: 26->26
[163.422s][info][gc,heap        ] GC(827) Archive regions: 0->0
[163.422s][info][gc,heap        ] GC(827) Humongous regions: 0->0
[163.422s][info][gc,metaspace   ] GC(827) Metaspace: 14264K(15168K)->14264K(15168K) NonClass: 12314K(12928K)->12314K(12928K) Class: 1950K(2240K)->1950K(2240K)
[163.422s][info][gc             ] GC(827) Pause Young (Normal) (G1 Evacuation Pause) 336M->8M(549M) 5.476ms
[163.422s][info][gc,cpu         ] GC(827) User=0.00s Sys=0.00s Real=0.00s
[163.625s][info][gc,start       ] GC(828) Pause Young (Normal) (G1 Evacuation Pause)
[163.625s][info][gc,task        ] GC(828) Using 33 workers of 33 for evacuation
[163.628s][info][gc,phases      ] GC(828)   Pre Evacuate Collection Set: 0.2ms
[163.628s][info][gc,phases      ] GC(828)   Merge Heap Roots: 0.2ms
[163.628s][info][gc,phases      ] GC(828)   Evacuate Collection Set: 0.4ms
[163.628s][info][gc,phases      ] GC(828)   Post Evacuate Collection Set: 2.7ms
[163.628s][info][gc,phases      ] GC(828)   Other: 0.1ms
[163.628s][info][gc,heap        ] GC(828) Eden regions: 328->0(328)
[163.628s][info][gc,heap        ] GC(828) Survivor regions: 1->1(42)
[163.628s][info][gc,heap        ] GC(828) Old regions: 26->26
[163.628s][info][gc,heap        ] GC(828) Archive regions: 0->0
[163.628s][info][gc,heap        ] GC(828) Humongous regions: 0->0
[163.628s][info][gc,metaspace   ] GC(828) Metaspace: 14264K(15168K)->14264K(15168K) NonClass: 12314K(12928K)->12314K(12928K) Class: 1950K(2240K)->1950K(2240K)
[163.629s][info][gc             ] GC(828) Pause Young (Normal) (G1 Evacuation Pause) 336M->8M(549M) 3.841ms
[163.629s][info][gc,cpu         ] GC(828) User=0.52s Sys=0.00s Real=0.00s
[163.827s][info][gc,start       ] GC(829) Pause Young (Normal) (G1 Evacuation Pause)
[163.827s][info][gc,task        ] GC(829) Using 33 workers of 33 for evacuation
[163.830s][info][gc,phases      ] GC(829)   Pre Evacuate Collection Set: 0.2ms
[163.830s][info][gc,phases      ] GC(829)   Merge Heap Roots: 0.2ms
[163.830s][info][gc,phases      ] GC(829)   Evacuate Collection Set: 0.3ms
[163.830s][info][gc,phases      ] GC(829)   Post Evacuate Collection Set: 2.5ms
[163.830s][info][gc,phases      ] GC(829)   Other: 0.1ms
[163.830s][info][gc,heap        ] GC(829) Eden regions: 328->0(328)
[163.830s][info][gc,heap        ] GC(829) Survivor regions: 1->1(42)
[163.830s][info][gc,heap        ] GC(829) Old regions: 26->26
[163.830s][info][gc,heap        ] GC(829) Archive regions: 0->0
[163.830s][info][gc,heap        ] GC(829) Humongous regions: 0->0
[163.830s][info][gc,metaspace   ] GC(829) Metaspace: 14264K(15168K)->14264K(15168K) NonClass: 12314K(12928K)->12314K(12928K) Class: 1950K(2240K)->1950K(2240K)
[163.830s][info][gc             ] GC(829) Pause Young (Normal) (G1 Evacuation Pause) 336M->8M(549M) 3.488ms
[163.830s][info][gc,cpu         ] GC(829) User=0.52s Sys=0.00s Real=0.00s
[164.025s][info][gc,start       ] GC(830) Pause Young (Normal) (G1 Evacuation Pause)
[164.025s][info][gc,task        ] GC(830) Using 33 workers of 33 for evacuation
[164.029s][info][gc,phases      ] GC(830)   Pre Evacuate Collection Set: 0.2ms
[164.029s][info][gc,phases      ] GC(830)   Merge Heap Roots: 0.2ms
[164.029s][info][gc,phases      ] GC(830)   Evacuate Collection Set: 0.4ms
[164.029s][info][gc,phases      ] GC(830)   Post Evacuate Collection Set: 2.5ms
[164.029s][info][gc,phases      ] GC(830)   Other: 0.1ms
[164.029s][info][gc,heap        ] GC(830) Eden regions: 328->0(328)
[164.029s][info][gc,heap        ] GC(830) Survivor regions: 1->1(42)
[164.029s][info][gc,heap        ] GC(830) Old regions: 26->26
[164.029s][info][gc,heap        ] GC(830) Archive regions: 0->0
[164.029s][info][gc,heap        ] GC(830) Humongous regions: 0->0
[164.029s][info][gc,metaspace   ] GC(830) Metaspace: 14264K(15168K)->14264K(15168K) NonClass: 12314K(12928K)->12314K(12928K) Class: 1950K(2240K)->1950K(2240K)
[164.029s][info][gc             ] GC(830) Pause Young (Normal) (G1 Evacuation Pause) 336M->9M(549M) 3.524ms
[164.029s][info][gc,cpu         ] GC(830) User=0.00s Sys=0.00s Real=0.00s
[164.226s][info][gc,start       ] GC(831) Pause Young (Normal) (G1 Evacuation Pause)
[164.226s][info][gc,task        ] GC(831) Using 33 workers of 33 for evacuation
[164.229s][info][gc,phases      ] GC(831)   Pre Evacuate Collection Set: 0.2ms
[164.229s][info][gc,phases      ] GC(831)   Merge Heap Roots: 0.2ms
[164.229s][info][gc,phases      ] GC(831)   Evacuate Collection Set: 0.3ms
[164.229s][info][gc,phases      ] GC(831)   Post Evacuate Collection Set: 2.5ms
[164.229s][info][gc,phases      ] GC(831)   Other: 0.1ms
[164.229s][info][gc,heap        ] GC(831) Eden regions: 328->0(328)
[164.229s][info][gc,heap        ] GC(831) Survivor regions: 1->1(42)
[164.229s][info][gc,heap        ] GC(831) Old regions: 26->26
[164.229s][info][gc,heap        ] GC(831) Archive regions: 0->0
[164.229s][info][gc,heap        ] GC(831) Humongous regions: 0->0
[164.229s][info][gc,metaspace   ] GC(831) Metaspace: 14264K(15168K)->14264K(15168K) NonClass: 12314K(12928K)->12314K(12928K) Class: 1950K(2240K)->1950K(2240K)
[164.229s][info][gc             ] GC(831) Pause Young (Normal) (G1 Evacuation Pause) 337M->9M(549M) 3.425ms
[164.229s][info][gc,cpu         ] GC(831) User=0.00s Sys=0.00s Real=0.00s
[164.425s][info][gc,start       ] GC(832) Pause Young (Normal) (G1 Evacuation Pause)
[164.425s][info][gc,task        ] GC(832) Using 33 workers of 33 for evacuation
[164.428s][info][gc,phases      ] GC(832)   Pre Evacuate Collection Set: 0.2ms
[164.428s][info][gc,phases      ] GC(832)   Merge Heap Roots: 0.2ms
[164.428s][info][gc,phases      ] GC(832)   Evacuate Collection Set: 0.3ms
[164.428s][info][gc,phases      ] GC(832)   Post Evacuate Collection Set: 2.4ms
[164.428s][info][gc,phases      ] GC(832)   Other: 0.2ms
[164.428s][info][gc,heap        ] GC(832) Eden regions: 328->0(328)
[164.428s][info][gc,heap        ] GC(832) Survivor regions: 1->1(42)
[164.428s][info][gc,heap        ] GC(832) Old regions: 26->26
[164.428s][info][gc,heap        ] GC(832) Archive regions: 0->0
[164.428s][info][gc,heap        ] GC(832) Humongous regions: 0->0
[164.428s][info][gc,metaspace   ] GC(832) Metaspace: 14264K(15168K)->14264K(15168K) NonClass: 12314K(12928K)->12314K(12928K) Class: 1950K(2240K)->1950K(2240K)
[164.428s][info][gc             ] GC(832) Pause Young (Normal) (G1 Evacuation Pause) 337M->9M(549M) 3.578ms
[164.428s][info][gc,cpu         ] GC(832) User=0.00s Sys=0.00s Real=0.00s
[164.625s][info][gc,start       ] GC(833) Pause Young (Normal) (G1 Evacuation Pause)
[164.644s][info][gc,task        ] GC(833) Using 33 workers of 33 for evacuation
[164.648s][info][gc,phases      ] GC(833)   Pre Evacuate Collection Set: 0.2ms
[164.648s][info][gc,phases      ] GC(833)   Merge Heap Roots: 0.2ms
[164.648s][info][gc,phases      ] GC(833)   Evacuate Collection Set: 0.4ms
[164.648s][info][gc,phases      ] GC(833)   Post Evacuate Collection Set: 2.7ms
[164.648s][info][gc,phases      ] GC(833)   Other: 0.1ms
[164.648s][info][gc,heap        ] GC(833) Eden regions: 328->0(328)
[164.648s][info][gc,heap        ] GC(833) Survivor regions: 1->1(42)
[164.648s][info][gc,heap        ] GC(833) Old regions: 26->26
[164.648s][info][gc,heap        ] GC(833) Archive regions: 0->0
[164.648s][info][gc,heap        ] GC(833) Humongous regions: 0->0
[164.648s][info][gc,metaspace   ] GC(833) Metaspace: 14264K(15168K)->14264K(15168K) NonClass: 12314K(12928K)->12314K(12928K) Class: 1950K(2240K)->1950K(2240K)
[164.648s][info][gc             ] GC(833) Pause Young (Normal) (G1 Evacuation Pause) 337M->9M(549M) 23.136ms
[164.648s][info][gc,cpu         ] GC(833) User=0.52s Sys=0.00s Real=0.02s
[164.845s][info][gc,start       ] GC(834) Pause Young (Normal) (G1 Evacuation Pause)
[164.845s][info][gc,task        ] GC(834) Using 33 workers of 33 for evacuation
[164.849s][info][gc,phases      ] GC(834)   Pre Evacuate Collection Set: 0.2ms
[164.849s][info][gc,phases      ] GC(834)   Merge Heap Roots: 0.2ms
[164.849s][info][gc,phases      ] GC(834)   Evacuate Collection Set: 0.3ms
[164.849s][info][gc,phases      ] GC(834)   Post Evacuate Collection Set: 2.5ms
[164.849s][info][gc,phases      ] GC(834)   Other: 0.1ms
[164.849s][info][gc,heap        ] GC(834) Eden regions: 328->0(328)
[164.849s][info][gc,heap        ] GC(834) Survivor regions: 1->1(42)
[164.849s][info][gc,heap        ] GC(834) Old regions: 26->26
[164.849s][info][gc,heap        ] GC(834) Archive regions: 0->0
[164.849s][info][gc,heap        ] GC(834) Humongous regions: 0->0
[164.849s][info][gc,metaspace   ] GC(834) Metaspace: 14264K(15168K)->14264K(15168K) NonClass: 12314K(12928K)->12314K(12928K) Class: 1950K(2240K)->1950K(2240K)
[164.849s][info][gc             ] GC(834) Pause Young (Normal) (G1 Evacuation Pause) 337M->9M(549M) 3.544ms
[164.849s][info][gc,cpu         ] GC(834) User=0.00s Sys=0.00s Real=0.00s
[165.046s][info][gc,start       ] GC(835) Pause Young (Normal) (G1 Evacuation Pause)
[165.046s][info][gc,task        ] GC(835) Using 33 workers of 33 for evacuation
[165.050s][info][gc,phases      ] GC(835)   Pre Evacuate Collection Set: 0.2ms
[165.050s][info][gc,phases      ] GC(835)   Merge Heap Roots: 0.1ms
[165.050s][info][gc,phases      ] GC(835)   Evacuate Collection Set: 0.3ms
[165.050s][info][gc,phases      ] GC(835)   Post Evacuate Collection Set: 2.5ms
[165.050s][info][gc,phases      ] GC(835)   Other: 0.1ms
[165.050s][info][gc,heap        ] GC(835) Eden regions: 328->0(328)
[165.050s][info][gc,heap        ] GC(835) Survivor regions: 1->1(42)
[165.050s][info][gc,heap        ] GC(835) Old regions: 26->26
[165.050s][info][gc,heap        ] GC(835) Archive regions: 0->0
[165.050s][info][gc,heap        ] GC(835) Humongous regions: 0->0
[165.050s][info][gc,metaspace   ] GC(835) Metaspace: 14264K(15168K)->14264K(15168K) NonClass: 12314K(12928K)->12314K(12928K) Class: 1950K(2240K)->1950K(2240K)
[165.050s][info][gc             ] GC(835) Pause Young (Normal) (G1 Evacuation Pause) 337M->9M(549M) 3.607ms
[165.050s][info][gc,cpu         ] GC(835) User=0.41s Sys=0.06s Real=0.00s
[165.246s][info][gc,start       ] GC(836) Pause Young (Normal) (G1 Evacuation Pause)
[165.247s][info][gc,task        ] GC(836) Using 33 workers of 33 for evacuation
[165.250s][info][gc,phases      ] GC(836)   Pre Evacuate Collection Set: 0.1ms
[165.250s][info][gc,phases      ] GC(836)   Merge Heap Roots: 0.2ms
[165.250s][info][gc,phases      ] GC(836)   Evacuate Collection Set: 0.3ms
[165.250s][info][gc,phases      ] GC(836)   Post Evacuate Collection Set: 2.6ms
[165.250s][info][gc,phases      ] GC(836)   Other: 0.1ms
[165.250s][info][gc,heap        ] GC(836) Eden regions: 328->0(328)
[165.250s][info][gc,heap        ] GC(836) Survivor regions: 1->1(42)
[165.250s][info][gc,heap        ] GC(836) Old regions: 26->26
[165.250s][info][gc,heap        ] GC(836) Archive regions: 0->0
[165.250s][info][gc,heap        ] GC(836) Humongous regions: 0->0
[165.250s][info][gc,metaspace   ] GC(836) Metaspace: 14264K(15168K)->14264K(15168K) NonClass: 12314K(12928K)->12314K(12928K) Class: 1950K(2240K)->1950K(2240K)
[165.250s][info][gc             ] GC(836) Pause Young (Normal) (G1 Evacuation Pause) 337M->9M(549M) 3.604ms
[165.250s][info][gc,cpu         ] GC(836) User=0.06s Sys=0.00s Real=0.00s
[165.446s][info][gc,start       ] GC(837) Pause Young (Normal) (G1 Evacuation Pause)
[165.446s][info][gc,task        ] GC(837) Using 33 workers of 33 for evacuation
[165.449s][info][gc,phases      ] GC(837)   Pre Evacuate Collection Set: 0.1ms
[165.450s][info][gc,phases      ] GC(837)   Merge Heap Roots: 0.2ms
[165.450s][info][gc,phases      ] GC(837)   Evacuate Collection Set: 0.3ms
[165.450s][info][gc,phases      ] GC(837)   Post Evacuate Collection Set: 2.7ms
[165.450s][info][gc,phases      ] GC(837)   Other: 0.1ms
[165.450s][info][gc,heap        ] GC(837) Eden regions: 328->0(328)
[165.450s][info][gc,heap        ] GC(837) Survivor regions: 1->1(42)
[165.450s][info][gc,heap        ] GC(837) Old regions: 26->26
[165.450s][info][gc,heap        ] GC(837) Archive regions: 0->0
[165.450s][info][gc,heap        ] GC(837) Humongous regions: 0->0
[165.450s][info][gc,metaspace   ] GC(837) Metaspace: 14264K(15168K)->14264K(15168K) NonClass: 12314K(12928K)->12314K(12928K) Class: 1950K(2240K)->1950K(2240K)
[165.450s][info][gc             ] GC(837) Pause Young (Normal) (G1 Evacuation Pause) 337M->9M(549M) 3.642ms
[165.450s][info][gc,cpu         ] GC(837) User=0.00s Sys=0.00s Real=0.00s
[165.647s][info][gc,start       ] GC(838) Pause Young (Normal) (G1 Evacuation Pause)
[165.647s][info][gc,task        ] GC(838) Using 33 workers of 33 for evacuation
[165.650s][info][gc,phases      ] GC(838)   Pre Evacuate Collection Set: 0.1ms
[165.650s][info][gc,phases      ] GC(838)   Merge Heap Roots: 0.2ms
[165.650s][info][gc,phases      ] GC(838)   Evacuate Collection Set: 0.3ms
[165.650s][info][gc,phases      ] GC(838)   Post Evacuate Collection Set: 2.7ms
[165.650s][info][gc,phases      ] GC(838)   Other: 0.1ms
[165.650s][info][gc,heap        ] GC(838) Eden regions: 328->0(328)
[165.650s][info][gc,heap        ] GC(838) Survivor regions: 1->1(42)
[165.650s][info][gc,heap        ] GC(838) Old regions: 26->26
[165.650s][info][gc,heap        ] GC(838) Archive regions: 0->0
[165.650s][info][gc,heap        ] GC(838) Humongous regions: 0->0
[165.650s][info][gc,metaspace   ] GC(838) Metaspace: 14264K(15168K)->14264K(15168K) NonClass: 12314K(12928K)->12314K(12928K) Class: 1950K(2240K)->1950K(2240K)
[165.650s][info][gc             ] GC(838) Pause Young (Normal) (G1 Evacuation Pause) 337M->9M(549M) 3.642ms
[165.650s][info][gc,cpu         ] GC(838) User=0.00s Sys=0.00s Real=0.00s
[165.846s][info][gc,start       ] GC(839) Pause Young (Normal) (G1 Evacuation Pause)
[165.846s][info][gc,task        ] GC(839) Using 33 workers of 33 for evacuation
[165.849s][info][gc,phases      ] GC(839)   Pre Evacuate Collection Set: 0.2ms
[165.849s][info][gc,phases      ] GC(839)   Merge Heap Roots: 0.2ms
[165.849s][info][gc,phases      ] GC(839)   Evacuate Collection Set: 0.3ms
[165.849s][info][gc,phases      ] GC(839)   Post Evacuate Collection Set: 2.7ms
[165.849s][info][gc,phases      ] GC(839)   Other: 0.1ms
[165.849s][info][gc,heap        ] GC(839) Eden regions: 328->0(328)
[165.850s][info][gc,heap        ] GC(839) Survivor regions: 1->1(42)
[165.850s][info][gc,heap        ] GC(839) Old regions: 26->26
[165.850s][info][gc,heap        ] GC(839) Archive regions: 0->0
[165.850s][info][gc,heap        ] GC(839) Humongous regions: 0->0
[165.850s][info][gc,metaspace   ] GC(839) Metaspace: 14264K(15168K)->14264K(15168K) NonClass: 12314K(12928K)->12314K(12928K) Class: 1950K(2240K)->1950K(2240K)
[165.850s][info][gc             ] GC(839) Pause Young (Normal) (G1 Evacuation Pause) 337M->9M(549M) 3.714ms
[165.850s][info][gc,cpu         ] GC(839) User=0.00s Sys=0.00s Real=0.00s
[166.046s][info][gc,start       ] GC(840) Pause Young (Normal) (G1 Evacuation Pause)
[166.046s][info][gc,task        ] GC(840) Using 33 workers of 33 for evacuation
[166.050s][info][gc,phases      ] GC(840)   Pre Evacuate Collection Set: 0.1ms
[166.050s][info][gc,phases      ] GC(840)   Merge Heap Roots: 0.2ms
[166.050s][info][gc,phases      ] GC(840)   Evacuate Collection Set: 0.3ms
[166.050s][info][gc,phases      ] GC(840)   Post Evacuate Collection Set: 2.7ms
[166.050s][info][gc,phases      ] GC(840)   Other: 0.1ms
[166.050s][info][gc,heap        ] GC(840) Eden regions: 328->0(328)
[166.050s][info][gc,heap        ] GC(840) Survivor regions: 1->1(42)
[166.050s][info][gc,heap        ] GC(840) Old regions: 26->26
[166.050s][info][gc,heap        ] GC(840) Archive regions: 0->0
[166.050s][info][gc,heap        ] GC(840) Humongous regions: 0->0
[166.050s][info][gc,metaspace   ] GC(840) Metaspace: 14264K(15168K)->14264K(15168K) NonClass: 12314K(12928K)->12314K(12928K) Class: 1950K(2240K)->1950K(2240K)
[166.050s][info][gc             ] GC(840) Pause Young (Normal) (G1 Evacuation Pause) 337M->9M(549M) 3.697ms
[166.050s][info][gc,cpu         ] GC(840) User=0.52s Sys=0.00s Real=0.00s
[166.247s][info][gc,start       ] GC(841) Pause Young (Normal) (G1 Evacuation Pause)
[166.247s][info][gc,task        ] GC(841) Using 33 workers of 33 for evacuation
[166.250s][info][gc,phases      ] GC(841)   Pre Evacuate Collection Set: 0.2ms
[166.250s][info][gc,phases      ] GC(841)   Merge Heap Roots: 0.1ms
[166.250s][info][gc,phases      ] GC(841)   Evacuate Collection Set: 0.4ms
[166.250s][info][gc,phases      ] GC(841)   Post Evacuate Collection Set: 2.8ms
[166.250s][info][gc,phases      ] GC(841)   Other: 0.1ms
[166.250s][info][gc,heap        ] GC(841) Eden regions: 328->0(328)
[166.250s][info][gc,heap        ] GC(841) Survivor regions: 1->1(42)
[166.250s][info][gc,heap        ] GC(841) Old regions: 26->26
[166.250s][info][gc,heap        ] GC(841) Archive regions: 0->0
[166.250s][info][gc,heap        ] GC(841) Humongous regions: 0->0
[166.250s][info][gc,metaspace   ] GC(841) Metaspace: 14264K(15168K)->14264K(15168K) NonClass: 12314K(12928K)->12314K(12928K) Class: 1950K(2240K)->1950K(2240K)
[166.250s][info][gc             ] GC(841) Pause Young (Normal) (G1 Evacuation Pause) 337M->9M(549M) 3.812ms
[166.250s][info][gc,cpu         ] GC(841) User=0.52s Sys=0.00s Real=0.00s
[166.447s][info][gc,start       ] GC(842) Pause Young (Normal) (G1 Evacuation Pause)
[166.447s][info][gc,task        ] GC(842) Using 33 workers of 33 for evacuation
[166.451s][info][gc,phases      ] GC(842)   Pre Evacuate Collection Set: 0.2ms
[166.451s][info][gc,phases      ] GC(842)   Merge Heap Roots: 0.1ms
[166.451s][info][gc,phases      ] GC(842)   Evacuate Collection Set: 0.4ms
[166.451s][info][gc,phases      ] GC(842)   Post Evacuate Collection Set: 2.8ms
[166.451s][info][gc,phases      ] GC(842)   Other: 0.1ms
[166.451s][info][gc,heap        ] GC(842) Eden regions: 328->0(328)
[166.451s][info][gc,heap        ] GC(842) Survivor regions: 1->1(42)
[166.451s][info][gc,heap        ] GC(842) Old regions: 26->26
[166.451s][info][gc,heap        ] GC(842) Archive regions: 0->0
[166.451s][info][gc,heap        ] GC(842) Humongous regions: 0->0
[166.451s][info][gc,metaspace   ] GC(842) Metaspace: 14264K(15168K)->14264K(15168K) NonClass: 12314K(12928K)->12314K(12928K) Class: 1950K(2240K)->1950K(2240K)
[166.451s][info][gc             ] GC(842) Pause Young (Normal) (G1 Evacuation Pause) 337M->9M(549M) 3.906ms
[166.451s][info][gc,cpu         ] GC(842) User=0.00s Sys=0.00s Real=0.00s
[166.659s][info][gc,start       ] GC(843) Pause Young (Normal) (G1 Evacuation Pause)
[166.659s][info][gc,task        ] GC(843) Using 33 workers of 33 for evacuation
[166.662s][info][gc,phases      ] GC(843)   Pre Evacuate Collection Set: 0.2ms
[166.663s][info][gc,phases      ] GC(843)   Merge Heap Roots: 0.2ms
[166.663s][info][gc,phases      ] GC(843)   Evacuate Collection Set: 0.4ms
[166.663s][info][gc,phases      ] GC(843)   Post Evacuate Collection Set: 2.8ms
[166.663s][info][gc,phases      ] GC(843)   Other: 0.1ms
[166.663s][info][gc,heap        ] GC(843) Eden regions: 328->0(328)
[166.663s][info][gc,heap        ] GC(843) Survivor regions: 1->1(42)
[166.663s][info][gc,heap        ] GC(843) Old regions: 26->26
[166.663s][info][gc,heap        ] GC(843) Archive regions: 0->0
[166.663s][info][gc,heap        ] GC(843) Humongous regions: 0->0
[166.663s][info][gc,metaspace   ] GC(843) Metaspace: 14264K(15168K)->14264K(15168K) NonClass: 12314K(12928K)->12314K(12928K) Class: 1950K(2240K)->1950K(2240K)
[166.663s][info][gc             ] GC(843) Pause Young (Normal) (G1 Evacuation Pause) 337M->9M(549M) 3.850ms
[166.663s][info][gc,cpu         ] GC(843) User=0.00s Sys=0.00s Real=0.00s
[166.878s][info][gc,start       ] GC(844) Pause Young (Normal) (G1 Evacuation Pause)
[166.878s][info][gc,task        ] GC(844) Using 33 workers of 33 for evacuation
[166.882s][info][gc,phases      ] GC(844)   Pre Evacuate Collection Set: 0.2ms
[166.882s][info][gc,phases      ] GC(844)   Merge Heap Roots: 0.2ms
[166.882s][info][gc,phases      ] GC(844)   Evacuate Collection Set: 0.3ms
[166.882s][info][gc,phases      ] GC(844)   Post Evacuate Collection Set: 2.9ms
[166.882s][info][gc,phases      ] GC(844)   Other: 0.2ms
[166.882s][info][gc,heap        ] GC(844) Eden regions: 328->0(328)
[166.882s][info][gc,heap        ] GC(844) Survivor regions: 1->1(42)
[166.882s][info][gc,heap        ] GC(844) Old regions: 26->26
[166.882s][info][gc,heap        ] GC(844) Archive regions: 0->0
[166.882s][info][gc,heap        ] GC(844) Humongous regions: 0->0
[166.882s][info][gc,metaspace   ] GC(844) Metaspace: 14264K(15168K)->14264K(15168K) NonClass: 12314K(12928K)->12314K(12928K) Class: 1950K(2240K)->1950K(2240K)
[166.882s][info][gc             ] GC(844) Pause Young (Normal) (G1 Evacuation Pause) 337M->9M(549M) 3.957ms
[166.882s][info][gc,cpu         ] GC(844) User=0.00s Sys=0.00s Real=0.00s
[167.210s][info][gc,start       ] GC(845) Pause Young (Normal) (G1 Evacuation Pause)
[167.211s][info][gc,task        ] GC(845) Using 33 workers of 33 for evacuation
[167.216s][info][gc,phases      ] GC(845)   Pre Evacuate Collection Set: 0.2ms
[167.216s][info][gc,phases      ] GC(845)   Merge Heap Roots: 0.3ms
[167.216s][info][gc,phases      ] GC(845)   Evacuate Collection Set: 0.8ms
[167.216s][info][gc,phases      ] GC(845)   Post Evacuate Collection Set: 3.7ms
[167.216s][info][gc,phases      ] GC(845)   Other: 0.2ms
[167.216s][info][gc,heap        ] GC(845) Eden regions: 328->0(328)
[167.216s][info][gc,heap        ] GC(845) Survivor regions: 1->1(42)
[167.216s][info][gc,heap        ] GC(845) Old regions: 26->26
[167.216s][info][gc,heap        ] GC(845) Archive regions: 0->0
[167.216s][info][gc,heap        ] GC(845) Humongous regions: 0->0
[167.216s][info][gc,metaspace   ] GC(845) Metaspace: 14264K(15168K)->14264K(15168K) NonClass: 12314K(12928K)->12314K(12928K) Class: 1950K(2240K)->1950K(2240K)
[167.216s][info][gc             ] GC(845) Pause Young (Normal) (G1 Evacuation Pause) 337M->9M(549M) 5.810ms
[167.216s][info][gc,cpu         ] GC(845) User=0.00s Sys=0.00s Real=0.01s
[167.398s][info][gc,start       ] GC(846) Pause Young (Normal) (G1 Evacuation Pause)
[167.398s][info][gc,task        ] GC(846) Using 32 workers of 33 for evacuation
[167.402s][info][gc,phases      ] GC(846)   Pre Evacuate Collection Set: 0.1ms
[167.402s][info][gc,phases      ] GC(846)   Merge Heap Roots: 0.1ms
[167.402s][info][gc,phases      ] GC(846)   Evacuate Collection Set: 0.3ms
[167.402s][info][gc,phases      ] GC(846)   Post Evacuate Collection Set: 2.6ms
[167.402s][info][gc,phases      ] GC(846)   Other: 0.1ms
[167.402s][info][gc,heap        ] GC(846) Eden regions: 328->0(328)
[167.402s][info][gc,heap        ] GC(846) Survivor regions: 1->1(42)
[167.402s][info][gc,heap        ] GC(846) Old regions: 26->27
[167.402s][info][gc,heap        ] GC(846) Archive regions: 0->0
[167.402s][info][gc,heap        ] GC(846) Humongous regions: 0->0
[167.402s][info][gc,metaspace   ] GC(846) Metaspace: 14264K(15168K)->14264K(15168K) NonClass: 12314K(12928K)->12314K(12928K) Class: 1950K(2240K)->1950K(2240K)
[167.402s][info][gc             ] GC(846) Pause Young (Normal) (G1 Evacuation Pause) 337M->9M(549M) 3.516ms
[167.402s][info][gc,cpu         ] GC(846) User=0.00s Sys=0.00s Real=0.00s
[167.641s][info][gc,start       ] GC(847) Pause Full (System.gc())
[167.641s][info][gc,task        ] GC(847) Using 22 workers of 33 for full compaction
[167.642s][info][gc,phases,start] GC(847) Phase 1: Mark live objects
[167.649s][info][gc,phases      ] GC(847) Phase 1: Mark live objects 7.346ms
[167.650s][info][gc,phases,start] GC(847) Phase 2: Prepare compaction
[167.651s][info][gc,phases      ] GC(847) Phase 2: Prepare compaction 1.001ms
[167.651s][info][gc,phases,start] GC(847) Phase 3: Adjust pointers
[167.656s][info][gc,phases      ] GC(847) Phase 3: Adjust pointers 5.497ms
[167.656s][info][gc,phases,start] GC(847) Phase 4: Compact heap
[167.657s][info][gc,phases      ] GC(847) Phase 4: Compact heap 0.583ms
[167.663s][info][gc,heap        ] GC(847) Eden regions: 278->0(46)
[167.663s][info][gc,heap        ] GC(847) Survivor regions: 1->0(42)
[167.663s][info][gc,heap        ] GC(847) Old regions: 27->23
[167.663s][info][gc,heap        ] GC(847) Archive regions: 0->0
[167.663s][info][gc,heap        ] GC(847) Humongous regions: 0->0
[167.663s][info][gc,metaspace   ] GC(847) Metaspace: 14266K(15168K)->14266K(15168K) NonClass: 12316K(12928K)->12316K(12928K) Class: 1950K(2240K)->1950K(2240K)
[167.663s][info][gc             ] GC(847) Pause Full (System.gc()) 286M->5M(77M) 21.685ms
[167.663s][info][gc,cpu         ] GC(847) User=0.02s Sys=0.00s Real=0.01s
[167.697s][info][gc,start       ] GC(848) Pause Young (Normal) (G1 Evacuation Pause)
[167.697s][info][gc,task        ] GC(848) Using 33 workers of 33 for evacuation
[167.700s][info][gc,phases      ] GC(848)   Pre Evacuate Collection Set: 0.1ms
[167.700s][info][gc,phases      ] GC(848)   Merge Heap Roots: 0.1ms
[167.700s][info][gc,phases      ] GC(848)   Evacuate Collection Set: 0.4ms
[167.700s][info][gc,phases      ] GC(848)   Post Evacuate Collection Set: 2.0ms
[167.700s][info][gc,phases      ] GC(848)   Other: 0.1ms
[167.700s][info][gc,heap        ] GC(848) Eden regions: 46->0(44)
[167.700s][info][gc,heap        ] GC(848) Survivor regions: 0->2(6)
[167.700s][info][gc,heap        ] GC(848) Old regions: 23->23
[167.700s][info][gc,heap        ] GC(848) Archive regions: 0->0
[167.700s][info][gc,heap        ] GC(848) Humongous regions: 0->0
[167.700s][info][gc,metaspace   ] GC(848) Metaspace: 14269K(15168K)->14269K(15168K) NonClass: 12319K(12928K)->12319K(12928K) Class: 1950K(2240K)->1950K(2240K)
[167.700s][info][gc             ] GC(848) Pause Young (Normal) (G1 Evacuation Pause) 51M->6M(77M) 2.849ms
[167.700s][info][gc,cpu         ] GC(848) User=0.00s Sys=0.00s Real=0.00s
[167.723s][info][gc,start       ] GC(849) Pause Young (Normal) (G1 Evacuation Pause)
[167.723s][info][gc,task        ] GC(849) Using 33 workers of 33 for evacuation
[167.725s][info][gc,phases      ] GC(849)   Pre Evacuate Collection Set: 0.1ms
[167.726s][info][gc,phases      ] GC(849)   Merge Heap Roots: 0.1ms
[167.726s][info][gc,phases      ] GC(849)   Evacuate Collection Set: 0.4ms
[167.726s][info][gc,phases      ] GC(849)   Post Evacuate Collection Set: 1.9ms
[167.726s][info][gc,phases      ] GC(849)   Other: 0.1ms
[167.726s][info][gc,heap        ] GC(849) Eden regions: 44->0(44)
[167.726s][info][gc,heap        ] GC(849) Survivor regions: 2->2(6)
[167.726s][info][gc,heap        ] GC(849) Old regions: 23->23
[167.726s][info][gc,heap        ] GC(849) Archive regions: 0->0
[167.726s][info][gc,heap        ] GC(849) Humongous regions: 0->0
[167.726s][info][gc,metaspace   ] GC(849) Metaspace: 14269K(15168K)->14269K(15168K) NonClass: 12319K(12928K)->12319K(12928K) Class: 1950K(2240K)->1950K(2240K)
[167.726s][info][gc             ] GC(849) Pause Young (Normal) (G1 Evacuation Pause) 50M->6M(77M) 2.820ms
[167.726s][info][gc,cpu         ] GC(849) User=0.00s Sys=0.00s Real=0.00s
[167.749s][info][gc,start       ] GC(850) Pause Young (Normal) (G1 Evacuation Pause)
[167.749s][info][gc,task        ] GC(850) Using 33 workers of 33 for evacuation
[167.751s][info][gc,phases      ] GC(850)   Pre Evacuate Collection Set: 0.1ms
[167.751s][info][gc,phases      ] GC(850)   Merge Heap Roots: 0.1ms
[167.751s][info][gc,phases      ] GC(850)   Evacuate Collection Set: 0.4ms
[167.751s][info][gc,phases      ] GC(850)   Post Evacuate Collection Set: 1.9ms
[167.751s][info][gc,phases      ] GC(850)   Other: 0.1ms
[167.751s][info][gc,heap        ] GC(850) Eden regions: 44->0(44)
[167.751s][info][gc,heap        ] GC(850) Survivor regions: 2->2(6)
[167.751s][info][gc,heap        ] GC(850) Old regions: 23->23
[167.751s][info][gc,heap        ] GC(850) Archive regions: 0->0
[167.751s][info][gc,heap        ] GC(850) Humongous regions: 0->0
[167.751s][info][gc,metaspace   ] GC(850) Metaspace: 14269K(15168K)->14269K(15168K) NonClass: 12319K(12928K)->12319K(12928K) Class: 1950K(2240K)->1950K(2240K)
[167.751s][info][gc             ] GC(850) Pause Young (Normal) (G1 Evacuation Pause) 50M->6M(77M) 2.797ms
[167.751s][info][gc,cpu         ] GC(850) User=0.52s Sys=0.00s Real=0.00s
[167.785s][info][gc,start       ] GC(851) Pause Young (Normal) (G1 Evacuation Pause)
[167.785s][info][gc,task        ] GC(851) Using 33 workers of 33 for evacuation
[167.790s][info][gc,phases      ] GC(851)   Pre Evacuate Collection Set: 0.1ms
[167.790s][info][gc,phases      ] GC(851)   Merge Heap Roots: 0.1ms
[167.790s][info][gc,phases      ] GC(851)   Evacuate Collection Set: 0.4ms
[167.790s][info][gc,phases      ] GC(851)   Post Evacuate Collection Set: 4.7ms
[167.790s][info][gc,phases      ] GC(851)   Other: 0.1ms
[167.790s][info][gc,heap        ] GC(851) Eden regions: 44->0(328)
[167.790s][info][gc,heap        ] GC(851) Survivor regions: 2->2(6)
[167.790s][info][gc,heap        ] GC(851) Old regions: 23->23
[167.790s][info][gc,heap        ] GC(851) Archive regions: 0->0
[167.790s][info][gc,heap        ] GC(851) Humongous regions: 0->0
[167.790s][info][gc,metaspace   ] GC(851) Metaspace: 14269K(15168K)->14269K(15168K) NonClass: 12319K(12928K)->12319K(12928K) Class: 1950K(2240K)->1950K(2240K)
[167.790s][info][gc             ] GC(851) Pause Young (Normal) (G1 Evacuation Pause) 50M->6M(551M) 5.646ms
[167.790s][info][gc,cpu         ] GC(851) User=0.02s Sys=0.00s Real=0.02s
[167.977s][info][gc,start       ] GC(852) Pause Young (Normal) (G1 Evacuation Pause)
[167.977s][info][gc,task        ] GC(852) Using 33 workers of 33 for evacuation
[167.981s][info][gc,phases      ] GC(852)   Pre Evacuate Collection Set: 0.1ms
[167.981s][info][gc,phases      ] GC(852)   Merge Heap Roots: 0.1ms
[167.981s][info][gc,phases      ] GC(852)   Evacuate Collection Set: 1.8ms
[167.981s][info][gc,phases      ] GC(852)   Post Evacuate Collection Set: 2.3ms
[167.981s][info][gc,phases      ] GC(852)   Other: 0.1ms
[167.981s][info][gc,heap        ] GC(852) Eden regions: 328->0(328)
[167.981s][info][gc,heap        ] GC(852) Survivor regions: 2->2(42)
[167.981s][info][gc,heap        ] GC(852) Old regions: 23->23
[167.981s][info][gc,heap        ] GC(852) Archive regions: 0->0
[167.981s][info][gc,heap        ] GC(852) Humongous regions: 0->0
[167.981s][info][gc,metaspace   ] GC(852) Metaspace: 14269K(15168K)->14269K(15168K) NonClass: 12319K(12928K)->12319K(12928K) Class: 1950K(2240K)->1950K(2240K)
[167.981s][info][gc             ] GC(852) Pause Young (Normal) (G1 Evacuation Pause) 334M->6M(551M) 4.733ms
[167.981s][info][gc,cpu         ] GC(852) User=0.00s Sys=0.00s Real=0.00s
[168.159s][info][gc,start       ] GC(853) Pause Young (Normal) (G1 Evacuation Pause)
[168.159s][info][gc,task        ] GC(853) Using 33 workers of 33 for evacuation
[168.164s][info][gc,phases      ] GC(853)   Pre Evacuate Collection Set: 0.1ms
[168.164s][info][gc,phases      ] GC(853)   Merge Heap Roots: 0.1ms
[168.164s][info][gc,phases      ] GC(853)   Evacuate Collection Set: 1.8ms
[168.164s][info][gc,phases      ] GC(853)   Post Evacuate Collection Set: 2.4ms
[168.164s][info][gc,phases      ] GC(853)   Other: 0.1ms
[168.164s][info][gc,heap        ] GC(853) Eden regions: 328->0(328)
[168.164s][info][gc,heap        ] GC(853) Survivor regions: 2->2(42)
[168.164s][info][gc,heap        ] GC(853) Old regions: 23->23
[168.164s][info][gc,heap        ] GC(853) Archive regions: 0->0
[168.164s][info][gc,heap        ] GC(853) Humongous regions: 0->0
[168.164s][info][gc,metaspace   ] GC(853) Metaspace: 14269K(15168K)->14269K(15168K) NonClass: 12319K(12928K)->12319K(12928K) Class: 1950K(2240K)->1950K(2240K)
[168.164s][info][gc             ] GC(853) Pause Young (Normal) (G1 Evacuation Pause) 334M->6M(551M) 4.775ms
[168.164s][info][gc,cpu         ] GC(853) User=0.00s Sys=0.00s Real=0.01s
[168.335s][info][gc,start       ] GC(854) Pause Young (Normal) (G1 Evacuation Pause)
[168.335s][info][gc,task        ] GC(854) Using 33 workers of 33 for evacuation
[168.338s][info][gc,phases      ] GC(854)   Pre Evacuate Collection Set: 0.1ms
[168.338s][info][gc,phases      ] GC(854)   Merge Heap Roots: 0.1ms
[168.338s][info][gc,phases      ] GC(854)   Evacuate Collection Set: 0.5ms
[168.338s][info][gc,phases      ] GC(854)   Post Evacuate Collection Set: 2.4ms
[168.338s][info][gc,phases      ] GC(854)   Other: 0.1ms
[168.338s][info][gc,heap        ] GC(854) Eden regions: 328->0(328)
[168.338s][info][gc,heap        ] GC(854) Survivor regions: 2->2(42)
[168.338s][info][gc,heap        ] GC(854) Old regions: 23->23
[168.338s][info][gc,heap        ] GC(854) Archive regions: 0->0
[168.338s][info][gc,heap        ] GC(854) Humongous regions: 0->0
[168.338s][info][gc,metaspace   ] GC(854) Metaspace: 14269K(15168K)->14269K(15168K) NonClass: 12319K(12928K)->12319K(12928K) Class: 1950K(2240K)->1950K(2240K)
[168.338s][info][gc             ] GC(854) Pause Young (Normal) (G1 Evacuation Pause) 334M->6M(551M) 3.520ms
[168.338s][info][gc,cpu         ] GC(854) User=0.00s Sys=0.00s Real=0.00s
[168.511s][info][gc,start       ] GC(855) Pause Young (Normal) (G1 Evacuation Pause)
[168.512s][info][gc,task        ] GC(855) Using 33 workers of 33 for evacuation
[168.515s][info][gc,phases      ] GC(855)   Pre Evacuate Collection Set: 0.1ms
[168.515s][info][gc,phases      ] GC(855)   Merge Heap Roots: 0.1ms
[168.515s][info][gc,phases      ] GC(855)   Evacuate Collection Set: 0.5ms
[168.515s][info][gc,phases      ] GC(855)   Post Evacuate Collection Set: 2.4ms
[168.515s][info][gc,phases      ] GC(855)   Other: 0.1ms
[168.515s][info][gc,heap        ] GC(855) Eden regions: 328->0(328)
[168.515s][info][gc,heap        ] GC(855) Survivor regions: 2->2(42)
[168.515s][info][gc,heap        ] GC(855) Old regions: 23->23
[168.515s][info][gc,heap        ] GC(855) Archive regions: 0->0
[168.515s][info][gc,heap        ] GC(855) Humongous regions: 0->0
[168.515s][info][gc,metaspace   ] GC(855) Metaspace: 14269K(15168K)->14269K(15168K) NonClass: 12319K(12928K)->12319K(12928K) Class: 1950K(2240K)->1950K(2240K)
[168.515s][info][gc             ] GC(855) Pause Young (Normal) (G1 Evacuation Pause) 334M->6M(551M) 3.600ms
[168.515s][info][gc,cpu         ] GC(855) User=0.00s Sys=0.00s Real=0.00s
[168.688s][info][gc,start       ] GC(856) Pause Young (Normal) (G1 Evacuation Pause)
[168.688s][info][gc,task        ] GC(856) Using 33 workers of 33 for evacuation
[168.691s][info][gc,phases      ] GC(856)   Pre Evacuate Collection Set: 0.1ms
[168.691s][info][gc,phases      ] GC(856)   Merge Heap Roots: 0.1ms
[168.691s][info][gc,phases      ] GC(856)   Evacuate Collection Set: 0.4ms
[168.691s][info][gc,phases      ] GC(856)   Post Evacuate Collection Set: 2.5ms
[168.691s][info][gc,phases      ] GC(856)   Other: 0.1ms
[168.691s][info][gc,heap        ] GC(856) Eden regions: 328->0(328)
[168.691s][info][gc,heap        ] GC(856) Survivor regions: 2->2(42)
[168.691s][info][gc,heap        ] GC(856) Old regions: 23->23
[168.691s][info][gc,heap        ] GC(856) Archive regions: 0->0
[168.692s][info][gc,heap        ] GC(856) Humongous regions: 0->0
[168.692s][info][gc,metaspace   ] GC(856) Metaspace: 14269K(15168K)->14269K(15168K) NonClass: 12319K(12928K)->12319K(12928K) Class: 1950K(2240K)->1950K(2240K)
[168.692s][info][gc             ] GC(856) Pause Young (Normal) (G1 Evacuation Pause) 334M->6M(551M) 3.572ms
[168.692s][info][gc,cpu         ] GC(856) User=0.00s Sys=0.00s Real=0.00s
[168.865s][info][gc,start       ] GC(857) Pause Young (Normal) (G1 Evacuation Pause)
[168.865s][info][gc,task        ] GC(857) Using 33 workers of 33 for evacuation
[168.868s][info][gc,phases      ] GC(857)   Pre Evacuate Collection Set: 0.1ms
[168.869s][info][gc,phases      ] GC(857)   Merge Heap Roots: 0.1ms
[168.869s][info][gc,phases      ] GC(857)   Evacuate Collection Set: 0.4ms
[168.869s][info][gc,phases      ] GC(857)   Post Evacuate Collection Set: 2.5ms
[168.869s][info][gc,phases      ] GC(857)   Other: 0.1ms
[168.869s][info][gc,heap        ] GC(857) Eden regions: 328->0(328)
[168.869s][info][gc,heap        ] GC(857) Survivor regions: 2->2(42)
[168.869s][info][gc,heap        ] GC(857) Old regions: 23->23
[168.869s][info][gc,heap        ] GC(857) Archive regions: 0->0
[168.869s][info][gc,heap        ] GC(857) Humongous regions: 0->0
[168.869s][info][gc,metaspace   ] GC(857) Metaspace: 14269K(15168K)->14269K(15168K) NonClass: 12319K(12928K)->12319K(12928K) Class: 1950K(2240K)->1950K(2240K)
[168.869s][info][gc             ] GC(857) Pause Young (Normal) (G1 Evacuation Pause) 334M->6M(551M) 3.609ms
[168.869s][info][gc,cpu         ] GC(857) User=0.00s Sys=0.00s Real=0.00s
[169.039s][info][gc,start       ] GC(858) Pause Young (Normal) (G1 Evacuation Pause)
[169.040s][info][gc,task        ] GC(858) Using 33 workers of 33 for evacuation
[169.043s][info][gc,phases      ] GC(858)   Pre Evacuate Collection Set: 0.1ms
[169.043s][info][gc,phases      ] GC(858)   Merge Heap Roots: 0.1ms
[169.043s][info][gc,phases      ] GC(858)   Evacuate Collection Set: 0.5ms
[169.043s][info][gc,phases      ] GC(858)   Post Evacuate Collection Set: 2.6ms
[169.043s][info][gc,phases      ] GC(858)   Other: 0.1ms
[169.043s][info][gc,heap        ] GC(858) Eden regions: 328->0(328)
[169.043s][info][gc,heap        ] GC(858) Survivor regions: 2->2(42)
[169.043s][info][gc,heap        ] GC(858) Old regions: 23->23
[169.043s][info][gc,heap        ] GC(858) Archive regions: 0->0
[169.043s][info][gc,heap        ] GC(858) Humongous regions: 0->0
[169.043s][info][gc,metaspace   ] GC(858) Metaspace: 14269K(15168K)->14269K(15168K) NonClass: 12319K(12928K)->12319K(12928K) Class: 1950K(2240K)->1950K(2240K)
[169.043s][info][gc             ] GC(858) Pause Young (Normal) (G1 Evacuation Pause) 334M->6M(551M) 3.641ms
[169.043s][info][gc,cpu         ] GC(858) User=0.00s Sys=0.00s Real=0.00s
[169.217s][info][gc,start       ] GC(859) Pause Young (Normal) (G1 Evacuation Pause)
[169.217s][info][gc,task        ] GC(859) Using 33 workers of 33 for evacuation
[169.221s][info][gc,phases      ] GC(859)   Pre Evacuate Collection Set: 0.1ms
[169.221s][info][gc,phases      ] GC(859)   Merge Heap Roots: 0.1ms
[169.221s][info][gc,phases      ] GC(859)   Evacuate Collection Set: 0.4ms
[169.221s][info][gc,phases      ] GC(859)   Post Evacuate Collection Set: 2.6ms
[169.221s][info][gc,phases      ] GC(859)   Other: 0.1ms
[169.221s][info][gc,heap        ] GC(859) Eden regions: 328->0(328)
[169.221s][info][gc,heap        ] GC(859) Survivor regions: 2->2(42)
[169.221s][info][gc,heap        ] GC(859) Old regions: 23->23
[169.221s][info][gc,heap        ] GC(859) Archive regions: 0->0
[169.221s][info][gc,heap        ] GC(859) Humongous regions: 0->0
[169.221s][info][gc,metaspace   ] GC(859) Metaspace: 14269K(15168K)->14269K(15168K) NonClass: 12319K(12928K)->12319K(12928K) Class: 1950K(2240K)->1950K(2240K)
[169.221s][info][gc             ] GC(859) Pause Young (Normal) (G1 Evacuation Pause) 334M->6M(551M) 3.666ms
[169.221s][info][gc,cpu         ] GC(859) User=0.52s Sys=0.00s Real=0.00s
[169.393s][info][gc,start       ] GC(860) Pause Young (Normal) (G1 Evacuation Pause)
[169.393s][info][gc,task        ] GC(860) Using 33 workers of 33 for evacuation
[169.397s][info][gc,phases      ] GC(860)   Pre Evacuate Collection Set: 0.1ms
[169.397s][info][gc,phases      ] GC(860)   Merge Heap Roots: 0.1ms
[169.397s][info][gc,phases      ] GC(860)   Evacuate Collection Set: 0.5ms
[169.397s][info][gc,phases      ] GC(860)   Post Evacuate Collection Set: 2.6ms
[169.397s][info][gc,phases      ] GC(860)   Other: 0.1ms
[169.397s][info][gc,heap        ] GC(860) Eden regions: 328->0(328)
[169.397s][info][gc,heap        ] GC(860) Survivor regions: 2->2(42)
[169.397s][info][gc,heap        ] GC(860) Old regions: 23->23
[169.397s][info][gc,heap        ] GC(860) Archive regions: 0->0
[169.397s][info][gc,heap        ] GC(860) Humongous regions: 0->0
[169.397s][info][gc,metaspace   ] GC(860) Metaspace: 14269K(15168K)->14269K(15168K) NonClass: 12319K(12928K)->12319K(12928K) Class: 1950K(2240K)->1950K(2240K)
[169.397s][info][gc             ] GC(860) Pause Young (Normal) (G1 Evacuation Pause) 334M->6M(551M) 3.718ms
[169.397s][info][gc,cpu         ] GC(860) User=0.00s Sys=0.00s Real=0.00s
[169.570s][info][gc,start       ] GC(861) Pause Young (Normal) (G1 Evacuation Pause)
[169.570s][info][gc,task        ] GC(861) Using 33 workers of 33 for evacuation
[169.574s][info][gc,phases      ] GC(861)   Pre Evacuate Collection Set: 0.1ms
[169.574s][info][gc,phases      ] GC(861)   Merge Heap Roots: 0.1ms
[169.574s][info][gc,phases      ] GC(861)   Evacuate Collection Set: 0.5ms
[169.574s][info][gc,phases      ] GC(861)   Post Evacuate Collection Set: 2.6ms
[169.574s][info][gc,phases      ] GC(861)   Other: 0.1ms
[169.574s][info][gc,heap        ] GC(861) Eden regions: 328->0(328)
[169.574s][info][gc,heap        ] GC(861) Survivor regions: 2->2(42)
[169.574s][info][gc,heap        ] GC(861) Old regions: 23->23
[169.574s][info][gc,heap        ] GC(861) Archive regions: 0->0
[169.574s][info][gc,heap        ] GC(861) Humongous regions: 0->0
[169.574s][info][gc,metaspace   ] GC(861) Metaspace: 14269K(15168K)->14269K(15168K) NonClass: 12319K(12928K)->12319K(12928K) Class: 1950K(2240K)->1950K(2240K)
[169.574s][info][gc             ] GC(861) Pause Young (Normal) (G1 Evacuation Pause) 334M->6M(551M) 3.701ms
[169.574s][info][gc,cpu         ] GC(861) User=0.00s Sys=0.00s Real=0.00s
[169.746s][info][gc,start       ] GC(862) Pause Young (Normal) (G1 Evacuation Pause)
[169.746s][info][gc,task        ] GC(862) Using 33 workers of 33 for evacuation
[169.750s][info][gc,phases      ] GC(862)   Pre Evacuate Collection Set: 0.1ms
[169.750s][info][gc,phases      ] GC(862)   Merge Heap Roots: 0.1ms
[169.750s][info][gc,phases      ] GC(862)   Evacuate Collection Set: 0.6ms
[169.750s][info][gc,phases      ] GC(862)   Post Evacuate Collection Set: 2.7ms
[169.750s][info][gc,phases      ] GC(862)   Other: 0.1ms
[169.750s][info][gc,heap        ] GC(862) Eden regions: 328->0(328)
[169.750s][info][gc,heap        ] GC(862) Survivor regions: 2->2(42)
[169.750s][info][gc,heap        ] GC(862) Old regions: 23->23
[169.750s][info][gc,heap        ] GC(862) Archive regions: 0->0
[169.750s][info][gc,heap        ] GC(862) Humongous regions: 0->0
[169.750s][info][gc,metaspace   ] GC(862) Metaspace: 14269K(15168K)->14269K(15168K) NonClass: 12319K(12928K)->12319K(12928K) Class: 1950K(2240K)->1950K(2240K)
[169.750s][info][gc             ] GC(862) Pause Young (Normal) (G1 Evacuation Pause) 334M->7M(551M) 3.857ms
[169.750s][info][gc,cpu         ] GC(862) User=0.52s Sys=0.00s Real=0.00s
[169.924s][info][gc,start       ] GC(863) Pause Young (Normal) (G1 Evacuation Pause)
[169.924s][info][gc,task        ] GC(863) Using 33 workers of 33 for evacuation
[169.927s][info][gc,phases      ] GC(863)   Pre Evacuate Collection Set: 0.1ms
[169.927s][info][gc,phases      ] GC(863)   Merge Heap Roots: 0.1ms
[169.927s][info][gc,phases      ] GC(863)   Evacuate Collection Set: 0.5ms
[169.927s][info][gc,phases      ] GC(863)   Post Evacuate Collection Set: 2.7ms
[169.927s][info][gc,phases      ] GC(863)   Other: 0.1ms
[169.927s][info][gc,heap        ] GC(863) Eden regions: 328->0(329)
[169.927s][info][gc,heap        ] GC(863) Survivor regions: 2->1(42)
[169.927s][info][gc,heap        ] GC(863) Old regions: 23->25
[169.927s][info][gc,heap        ] GC(863) Archive regions: 0->0
[169.927s][info][gc,heap        ] GC(863) Humongous regions: 0->0
[169.927s][info][gc,metaspace   ] GC(863) Metaspace: 14269K(15168K)->14269K(15168K) NonClass: 12319K(12928K)->12319K(12928K) Class: 1950K(2240K)->1950K(2240K)
[169.927s][info][gc             ] GC(863) Pause Young (Normal) (G1 Evacuation Pause) 335M->7M(551M) 3.818ms
[169.927s][info][gc,cpu         ] GC(863) User=0.00s Sys=0.00s Real=0.00s
[170.123s][info][gc,start       ] GC(864) Pause Young (Normal) (G1 Evacuation Pause)
[170.123s][info][gc,task        ] GC(864) Using 33 workers of 33 for evacuation
[170.127s][info][gc,phases      ] GC(864)   Pre Evacuate Collection Set: 0.2ms
[170.127s][info][gc,phases      ] GC(864)   Merge Heap Roots: 0.2ms
[170.127s][info][gc,phases      ] GC(864)   Evacuate Collection Set: 0.3ms
[170.127s][info][gc,phases      ] GC(864)   Post Evacuate Collection Set: 2.8ms
[170.127s][info][gc,phases      ] GC(864)   Other: 0.1ms
[170.127s][info][gc,heap        ] GC(864) Eden regions: 329->0(329)
[170.127s][info][gc,heap        ] GC(864) Survivor regions: 1->1(42)
[170.127s][info][gc,heap        ] GC(864) Old regions: 25->25
[170.127s][info][gc,heap        ] GC(864) Archive regions: 0->0
[170.127s][info][gc,heap        ] GC(864) Humongous regions: 0->0
[170.127s][info][gc,metaspace   ] GC(864) Metaspace: 14269K(15168K)->14269K(15168K) NonClass: 12319K(12928K)->12319K(12928K) Class: 1950K(2240K)->1950K(2240K)
[170.127s][info][gc             ] GC(864) Pause Young (Normal) (G1 Evacuation Pause) 336M->7M(551M) 3.705ms
[170.127s][info][gc,cpu         ] GC(864) User=0.00s Sys=0.00s Real=0.00s
[170.322s][info][gc,start       ] GC(865) Pause Young (Normal) (G1 Evacuation Pause)
[170.322s][info][gc,task        ] GC(865) Using 33 workers of 33 for evacuation
[170.326s][info][gc,phases      ] GC(865)   Pre Evacuate Collection Set: 0.2ms
[170.326s][info][gc,phases      ] GC(865)   Merge Heap Roots: 0.2ms
[170.326s][info][gc,phases      ] GC(865)   Evacuate Collection Set: 0.3ms
[170.326s][info][gc,phases      ] GC(865)   Post Evacuate Collection Set: 2.8ms
[170.326s][info][gc,phases      ] GC(865)   Other: 0.1ms
[170.326s][info][gc,heap        ] GC(865) Eden regions: 329->0(329)
[170.326s][info][gc,heap        ] GC(865) Survivor regions: 1->1(42)
[170.326s][info][gc,heap        ] GC(865) Old regions: 25->25
[170.326s][info][gc,heap        ] GC(865) Archive regions: 0->0
[170.326s][info][gc,heap        ] GC(865) Humongous regions: 0->0
[170.326s][info][gc,metaspace   ] GC(865) Metaspace: 14269K(15168K)->14269K(15168K) NonClass: 12319K(12928K)->12319K(12928K) Class: 1950K(2240K)->1950K(2240K)
[170.326s][info][gc             ] GC(865) Pause Young (Normal) (G1 Evacuation Pause) 336M->7M(551M) 3.788ms
[170.326s][info][gc,cpu         ] GC(865) User=0.00s Sys=0.00s Real=0.00s
[170.522s][info][gc,start       ] GC(866) Pause Young (Normal) (G1 Evacuation Pause)
[170.522s][info][gc,task        ] GC(866) Using 33 workers of 33 for evacuation
[170.526s][info][gc,phases      ] GC(866)   Pre Evacuate Collection Set: 0.2ms
[170.526s][info][gc,phases      ] GC(866)   Merge Heap Roots: 0.2ms
[170.526s][info][gc,phases      ] GC(866)   Evacuate Collection Set: 0.3ms
[170.526s][info][gc,phases      ] GC(866)   Post Evacuate Collection Set: 2.8ms
[170.526s][info][gc,phases      ] GC(866)   Other: 0.1ms
[170.526s][info][gc,heap        ] GC(866) Eden regions: 329->0(329)
[170.526s][info][gc,heap        ] GC(866) Survivor regions: 1->1(42)
[170.526s][info][gc,heap        ] GC(866) Old regions: 25->25
[170.526s][info][gc,heap        ] GC(866) Archive regions: 0->0
[170.526s][info][gc,heap        ] GC(866) Humongous regions: 0->0
[170.526s][info][gc,metaspace   ] GC(866) Metaspace: 14269K(15168K)->14269K(15168K) NonClass: 12319K(12928K)->12319K(12928K) Class: 1950K(2240K)->1950K(2240K)
[170.526s][info][gc             ] GC(866) Pause Young (Normal) (G1 Evacuation Pause) 336M->7M(551M) 3.812ms
[170.526s][info][gc,cpu         ] GC(866) User=0.00s Sys=0.00s Real=0.00s
[170.852s][info][gc,start       ] GC(867) Pause Young (Normal) (G1 Evacuation Pause)
[170.852s][info][gc,task        ] GC(867) Using 33 workers of 33 for evacuation
[170.857s][info][gc,phases      ] GC(867)   Pre Evacuate Collection Set: 0.2ms
[170.857s][info][gc,phases      ] GC(867)   Merge Heap Roots: 0.2ms
[170.857s][info][gc,phases      ] GC(867)   Evacuate Collection Set: 0.5ms
[170.857s][info][gc,phases      ] GC(867)   Post Evacuate Collection Set: 3.7ms
[170.857s][info][gc,phases      ] GC(867)   Other: 0.2ms
[170.857s][info][gc,heap        ] GC(867) Eden regions: 329->0(329)
[170.857s][info][gc,heap        ] GC(867) Survivor regions: 1->1(42)
[170.857s][info][gc,heap        ] GC(867) Old regions: 25->25
[170.857s][info][gc,heap        ] GC(867) Archive regions: 0->0
[170.857s][info][gc,heap        ] GC(867) Humongous regions: 0->0
[170.857s][info][gc,metaspace   ] GC(867) Metaspace: 14269K(15168K)->14269K(15168K) NonClass: 12319K(12928K)->12319K(12928K) Class: 1950K(2240K)->1950K(2240K)
[170.857s][info][gc             ] GC(867) Pause Young (Normal) (G1 Evacuation Pause) 336M->7M(551M) 5.374ms
[170.857s][info][gc,cpu         ] GC(867) User=0.00s Sys=0.00s Real=0.00s
[171.060s][info][gc,start       ] GC(868) Pause Young (Normal) (G1 Evacuation Pause)
[171.060s][info][gc,task        ] GC(868) Using 33 workers of 33 for evacuation
[171.063s][info][gc,phases      ] GC(868)   Pre Evacuate Collection Set: 0.1ms
[171.063s][info][gc,phases      ] GC(868)   Merge Heap Roots: 0.1ms
[171.063s][info][gc,phases      ] GC(868)   Evacuate Collection Set: 0.3ms
[171.063s][info][gc,phases      ] GC(868)   Post Evacuate Collection Set: 2.7ms
[171.063s][info][gc,phases      ] GC(868)   Other: 0.1ms
[171.063s][info][gc,heap        ] GC(868) Eden regions: 329->0(329)
[171.063s][info][gc,heap        ] GC(868) Survivor regions: 1->1(42)
[171.063s][info][gc,heap        ] GC(868) Old regions: 25->25
[171.063s][info][gc,heap        ] GC(868) Archive regions: 0->0
[171.063s][info][gc,heap        ] GC(868) Humongous regions: 0->0
[171.063s][info][gc,metaspace   ] GC(868) Metaspace: 14269K(15168K)->14269K(15168K) NonClass: 12319K(12928K)->12319K(12928K) Class: 1950K(2240K)->1950K(2240K)
[171.063s][info][gc             ] GC(868) Pause Young (Normal) (G1 Evacuation Pause) 336M->7M(551M) 3.624ms
[171.063s][info][gc,cpu         ] GC(868) User=0.00s Sys=0.00s Real=0.00s
[171.264s][info][gc,start       ] GC(869) Pause Young (Normal) (G1 Evacuation Pause)
[171.264s][info][gc,task        ] GC(869) Using 33 workers of 33 for evacuation
[171.267s][info][gc,phases      ] GC(869)   Pre Evacuate Collection Set: 0.1ms
[171.267s][info][gc,phases      ] GC(869)   Merge Heap Roots: 0.1ms
[171.267s][info][gc,phases      ] GC(869)   Evacuate Collection Set: 0.4ms
[171.267s][info][gc,phases      ] GC(869)   Post Evacuate Collection Set: 2.5ms
[171.267s][info][gc,phases      ] GC(869)   Other: 0.1ms
[171.267s][info][gc,heap        ] GC(869) Eden regions: 329->0(329)
[171.267s][info][gc,heap        ] GC(869) Survivor regions: 1->1(42)
[171.267s][info][gc,heap        ] GC(869) Old regions: 25->25
[171.267s][info][gc,heap        ] GC(869) Archive regions: 0->0
[171.267s][info][gc,heap        ] GC(869) Humongous regions: 0->0
[171.267s][info][gc,metaspace   ] GC(869) Metaspace: 14269K(15168K)->14269K(15168K) NonClass: 12319K(12928K)->12319K(12928K) Class: 1950K(2240K)->1950K(2240K)
[171.267s][info][gc             ] GC(869) Pause Young (Normal) (G1 Evacuation Pause) 336M->7M(551M) 3.508ms
[171.267s][info][gc,cpu         ] GC(869) User=0.52s Sys=0.00s Real=0.00s
[171.466s][info][gc,start       ] GC(870) Pause Young (Normal) (G1 Evacuation Pause)
[171.466s][info][gc,task        ] GC(870) Using 33 workers of 33 for evacuation
[171.469s][info][gc,phases      ] GC(870)   Pre Evacuate Collection Set: 0.2ms
[171.469s][info][gc,phases      ] GC(870)   Merge Heap Roots: 0.2ms
[171.469s][info][gc,phases      ] GC(870)   Evacuate Collection Set: 0.3ms
[171.469s][info][gc,phases      ] GC(870)   Post Evacuate Collection Set: 2.4ms
[171.469s][info][gc,phases      ] GC(870)   Other: 0.1ms
[171.469s][info][gc,heap        ] GC(870) Eden regions: 329->0(329)
[171.469s][info][gc,heap        ] GC(870) Survivor regions: 1->1(42)
[171.469s][info][gc,heap        ] GC(870) Old regions: 25->25
[171.469s][info][gc,heap        ] GC(870) Archive regions: 0->0
[171.469s][info][gc,heap        ] GC(870) Humongous regions: 0->0
[171.469s][info][gc,metaspace   ] GC(870) Metaspace: 14269K(15168K)->14269K(15168K) NonClass: 12319K(12928K)->12319K(12928K) Class: 1950K(2240K)->1950K(2240K)
[171.469s][info][gc             ] GC(870) Pause Young (Normal) (G1 Evacuation Pause) 336M->7M(551M) 3.428ms
[171.469s][info][gc,cpu         ] GC(870) User=0.00s Sys=0.00s Real=0.00s
[171.668s][info][gc,start       ] GC(871) Pause Young (Normal) (G1 Evacuation Pause)
[171.668s][info][gc,task        ] GC(871) Using 33 workers of 33 for evacuation
[171.672s][info][gc,phases      ] GC(871)   Pre Evacuate Collection Set: 0.2ms
[171.672s][info][gc,phases      ] GC(871)   Merge Heap Roots: 0.2ms
[171.672s][info][gc,phases      ] GC(871)   Evacuate Collection Set: 0.3ms
[171.672s][info][gc,phases      ] GC(871)   Post Evacuate Collection Set: 2.5ms
[171.672s][info][gc,phases      ] GC(871)   Other: 0.1ms
[171.672s][info][gc,heap        ] GC(871) Eden regions: 329->0(329)
[171.672s][info][gc,heap        ] GC(871) Survivor regions: 1->1(42)
[171.672s][info][gc,heap        ] GC(871) Old regions: 25->25
[171.672s][info][gc,heap        ] GC(871) Archive regions: 0->0
[171.672s][info][gc,heap        ] GC(871) Humongous regions: 0->0
[171.672s][info][gc,metaspace   ] GC(871) Metaspace: 14269K(15168K)->14269K(15168K) NonClass: 12319K(12928K)->12319K(12928K) Class: 1950K(2240K)->1950K(2240K)
[171.672s][info][gc             ] GC(871) Pause Young (Normal) (G1 Evacuation Pause) 336M->7M(551M) 3.472ms
[171.672s][info][gc,cpu         ] GC(871) User=0.00s Sys=0.00s Real=0.00s
[171.869s][info][gc,start       ] GC(872) Pause Young (Normal) (G1 Evacuation Pause)
[171.869s][info][gc,task        ] GC(872) Using 33 workers of 33 for evacuation
[171.873s][info][gc,phases      ] GC(872)   Pre Evacuate Collection Set: 0.2ms
[171.873s][info][gc,phases      ] GC(872)   Merge Heap Roots: 0.2ms
[171.873s][info][gc,phases      ] GC(872)   Evacuate Collection Set: 0.3ms
[171.873s][info][gc,phases      ] GC(872)   Post Evacuate Collection Set: 2.4ms
[171.873s][info][gc,phases      ] GC(872)   Other: 0.1ms
[171.873s][info][gc,heap        ] GC(872) Eden regions: 329->0(329)
[171.873s][info][gc,heap        ] GC(872) Survivor regions: 1->1(42)
[171.873s][info][gc,heap        ] GC(872) Old regions: 25->25
[171.873s][info][gc,heap        ] GC(872) Archive regions: 0->0
[171.873s][info][gc,heap        ] GC(872) Humongous regions: 0->0
[171.873s][info][gc,metaspace   ] GC(872) Metaspace: 14269K(15168K)->14269K(15168K) NonClass: 12319K(12928K)->12319K(12928K) Class: 1950K(2240K)->1950K(2240K)
[171.873s][info][gc             ] GC(872) Pause Young (Normal) (G1 Evacuation Pause) 336M->7M(551M) 3.532ms
[171.873s][info][gc,cpu         ] GC(872) User=0.00s Sys=0.00s Real=0.00s
[172.072s][info][gc,start       ] GC(873) Pause Young (Normal) (G1 Evacuation Pause)
[172.072s][info][gc,task        ] GC(873) Using 33 workers of 33 for evacuation
[172.075s][info][gc,phases      ] GC(873)   Pre Evacuate Collection Set: 0.1ms
[172.075s][info][gc,phases      ] GC(873)   Merge Heap Roots: 0.2ms
[172.075s][info][gc,phases      ] GC(873)   Evacuate Collection Set: 0.4ms
[172.075s][info][gc,phases      ] GC(873)   Post Evacuate Collection Set: 2.5ms
[172.075s][info][gc,phases      ] GC(873)   Other: 0.1ms
[172.075s][info][gc,heap        ] GC(873) Eden regions: 329->0(329)
[172.075s][info][gc,heap        ] GC(873) Survivor regions: 1->1(42)
[172.075s][info][gc,heap        ] GC(873) Old regions: 25->25
[172.075s][info][gc,heap        ] GC(873) Archive regions: 0->0
[172.075s][info][gc,heap        ] GC(873) Humongous regions: 0->0
[172.075s][info][gc,metaspace   ] GC(873) Metaspace: 14269K(15168K)->14269K(15168K) NonClass: 12319K(12928K)->12319K(12928K) Class: 1950K(2240K)->1950K(2240K)
[172.075s][info][gc             ] GC(873) Pause Young (Normal) (G1 Evacuation Pause) 336M->7M(551M) 3.461ms
[172.075s][info][gc,cpu         ] GC(873) User=0.00s Sys=0.00s Real=0.00s
[172.274s][info][gc,start       ] GC(874) Pause Young (Normal) (G1 Evacuation Pause)
[172.274s][info][gc,task        ] GC(874) Using 33 workers of 33 for evacuation
[172.277s][info][gc,phases      ] GC(874)   Pre Evacuate Collection Set: 0.1ms
[172.277s][info][gc,phases      ] GC(874)   Merge Heap Roots: 0.2ms
[172.277s][info][gc,phases      ] GC(874)   Evacuate Collection Set: 0.3ms
[172.277s][info][gc,phases      ] GC(874)   Post Evacuate Collection Set: 2.5ms
[172.277s][info][gc,phases      ] GC(874)   Other: 0.1ms
[172.277s][info][gc,heap        ] GC(874) Eden regions: 329->0(329)
[172.277s][info][gc,heap        ] GC(874) Survivor regions: 1->1(42)
[172.277s][info][gc,heap        ] GC(874) Old regions: 25->25
[172.277s][info][gc,heap        ] GC(874) Archive regions: 0->0
[172.277s][info][gc,heap        ] GC(874) Humongous regions: 0->0
[172.277s][info][gc,metaspace   ] GC(874) Metaspace: 14269K(15168K)->14269K(15168K) NonClass: 12319K(12928K)->12319K(12928K) Class: 1950K(2240K)->1950K(2240K)
[172.277s][info][gc             ] GC(874) Pause Young (Normal) (G1 Evacuation Pause) 336M->7M(551M) 3.447ms
[172.277s][info][gc,cpu         ] GC(874) User=0.00s Sys=0.00s Real=0.00s
[172.474s][info][gc,start       ] GC(875) Pause Young (Normal) (G1 Evacuation Pause)
[172.474s][info][gc,task        ] GC(875) Using 33 workers of 33 for evacuation
[172.478s][info][gc,phases      ] GC(875)   Pre Evacuate Collection Set: 0.1ms
[172.478s][info][gc,phases      ] GC(875)   Merge Heap Roots: 0.2ms
[172.478s][info][gc,phases      ] GC(875)   Evacuate Collection Set: 0.4ms
[172.478s][info][gc,phases      ] GC(875)   Post Evacuate Collection Set: 2.5ms
[172.478s][info][gc,phases      ] GC(875)   Other: 0.1ms
[172.478s][info][gc,heap        ] GC(875) Eden regions: 329->0(329)
[172.478s][info][gc,heap        ] GC(875) Survivor regions: 1->1(42)
[172.478s][info][gc,heap        ] GC(875) Old regions: 25->25
[172.478s][info][gc,heap        ] GC(875) Archive regions: 0->0
[172.478s][info][gc,heap        ] GC(875) Humongous regions: 0->0
[172.478s][info][gc,metaspace   ] GC(875) Metaspace: 14269K(15168K)->14269K(15168K) NonClass: 12319K(12928K)->12319K(12928K) Class: 1950K(2240K)->1950K(2240K)
[172.478s][info][gc             ] GC(875) Pause Young (Normal) (G1 Evacuation Pause) 336M->7M(551M) 3.542ms
[172.478s][info][gc,cpu         ] GC(875) User=0.00s Sys=0.00s Real=0.00s
[172.676s][info][gc,start       ] GC(876) Pause Young (Normal) (G1 Evacuation Pause)
[172.676s][info][gc,task        ] GC(876) Using 33 workers of 33 for evacuation
[172.679s][info][gc,phases      ] GC(876)   Pre Evacuate Collection Set: 0.1ms
[172.680s][info][gc,phases      ] GC(876)   Merge Heap Roots: 0.2ms
[172.680s][info][gc,phases      ] GC(876)   Evacuate Collection Set: 0.3ms
[172.680s][info][gc,phases      ] GC(876)   Post Evacuate Collection Set: 2.6ms
[172.680s][info][gc,phases      ] GC(876)   Other: 0.1ms
[172.680s][info][gc,heap        ] GC(876) Eden regions: 329->0(329)
[172.680s][info][gc,heap        ] GC(876) Survivor regions: 1->1(42)
[172.680s][info][gc,heap        ] GC(876) Old regions: 25->25
[172.680s][info][gc,heap        ] GC(876) Archive regions: 0->0
[172.680s][info][gc,heap        ] GC(876) Humongous regions: 0->0
[172.680s][info][gc,metaspace   ] GC(876) Metaspace: 14269K(15168K)->14269K(15168K) NonClass: 12319K(12928K)->12319K(12928K) Class: 1950K(2240K)->1950K(2240K)
[172.680s][info][gc             ] GC(876) Pause Young (Normal) (G1 Evacuation Pause) 336M->7M(551M) 3.575ms
[172.680s][info][gc,cpu         ] GC(876) User=0.00s Sys=0.00s Real=0.00s
[172.879s][info][gc,start       ] GC(877) Pause Young (Normal) (G1 Evacuation Pause)
[172.880s][info][gc,task        ] GC(877) Using 33 workers of 33 for evacuation
[172.883s][info][gc,phases      ] GC(877)   Pre Evacuate Collection Set: 0.1ms
[172.883s][info][gc,phases      ] GC(877)   Merge Heap Roots: 0.2ms
[172.883s][info][gc,phases      ] GC(877)   Evacuate Collection Set: 0.3ms
[172.883s][info][gc,phases      ] GC(877)   Post Evacuate Collection Set: 2.6ms
[172.883s][info][gc,phases      ] GC(877)   Other: 0.1ms
[172.883s][info][gc,heap        ] GC(877) Eden regions: 329->0(329)
[172.883s][info][gc,heap        ] GC(877) Survivor regions: 1->1(42)
[172.883s][info][gc,heap        ] GC(877) Old regions: 25->25
[172.883s][info][gc,heap        ] GC(877) Archive regions: 0->0
[172.883s][info][gc,heap        ] GC(877) Humongous regions: 0->0
[172.883s][info][gc,metaspace   ] GC(877) Metaspace: 14269K(15168K)->14269K(15168K) NonClass: 12319K(12928K)->12319K(12928K) Class: 1950K(2240K)->1950K(2240K)
[172.883s][info][gc             ] GC(877) Pause Young (Normal) (G1 Evacuation Pause) 336M->7M(551M) 3.550ms
[172.883s][info][gc,cpu         ] GC(877) User=0.00s Sys=0.00s Real=0.00s
[173.081s][info][gc,start       ] GC(878) Pause Young (Normal) (G1 Evacuation Pause)
[173.082s][info][gc,task        ] GC(878) Using 33 workers of 33 for evacuation
[173.085s][info][gc,phases      ] GC(878)   Pre Evacuate Collection Set: 0.2ms
[173.085s][info][gc,phases      ] GC(878)   Merge Heap Roots: 0.2ms
[173.085s][info][gc,phases      ] GC(878)   Evacuate Collection Set: 0.3ms
[173.085s][info][gc,phases      ] GC(878)   Post Evacuate Collection Set: 2.6ms
[173.085s][info][gc,phases      ] GC(878)   Other: 0.1ms
[173.085s][info][gc,heap        ] GC(878) Eden regions: 329->0(329)
[173.085s][info][gc,heap        ] GC(878) Survivor regions: 1->1(42)
[173.085s][info][gc,heap        ] GC(878) Old regions: 25->25
[173.085s][info][gc,heap        ] GC(878) Archive regions: 0->0
[173.085s][info][gc,heap        ] GC(878) Humongous regions: 0->0
[173.085s][info][gc,metaspace   ] GC(878) Metaspace: 14269K(15168K)->14269K(15168K) NonClass: 12319K(12928K)->12319K(12928K) Class: 1950K(2240K)->1950K(2240K)
[173.085s][info][gc             ] GC(878) Pause Young (Normal) (G1 Evacuation Pause) 336M->7M(551M) 3.641ms
[173.085s][info][gc,cpu         ] GC(878) User=0.00s Sys=0.00s Real=0.00s
[173.282s][info][gc,start       ] GC(879) Pause Young (Normal) (G1 Evacuation Pause)
[173.283s][info][gc,task        ] GC(879) Using 33 workers of 33 for evacuation
[173.286s][info][gc,phases      ] GC(879)   Pre Evacuate Collection Set: 0.1ms
[173.286s][info][gc,phases      ] GC(879)   Merge Heap Roots: 0.2ms
[173.286s][info][gc,phases      ] GC(879)   Evacuate Collection Set: 0.3ms
[173.286s][info][gc,phases      ] GC(879)   Post Evacuate Collection Set: 2.7ms
[173.286s][info][gc,phases      ] GC(879)   Other: 0.1ms
[173.286s][info][gc,heap        ] GC(879) Eden regions: 329->0(329)
[173.286s][info][gc,heap        ] GC(879) Survivor regions: 1->1(42)
[173.286s][info][gc,heap        ] GC(879) Old regions: 25->26
[173.286s][info][gc,heap        ] GC(879) Archive regions: 0->0
[173.286s][info][gc,heap        ] GC(879) Humongous regions: 0->0
[173.286s][info][gc,metaspace   ] GC(879) Metaspace: 14269K(15168K)->14269K(15168K) NonClass: 12319K(12928K)->12319K(12928K) Class: 1950K(2240K)->1950K(2240K)
[173.286s][info][gc             ] GC(879) Pause Young (Normal) (G1 Evacuation Pause) 336M->7M(551M) 3.693ms
[173.286s][info][gc,cpu         ] GC(879) User=0.00s Sys=0.00s Real=0.00s
[173.484s][info][gc,start       ] GC(880) Pause Young (Normal) (G1 Evacuation Pause)
[173.485s][info][gc,task        ] GC(880) Using 33 workers of 33 for evacuation
[173.488s][info][gc,phases      ] GC(880)   Pre Evacuate Collection Set: 0.1ms
[173.488s][info][gc,phases      ] GC(880)   Merge Heap Roots: 0.2ms
[173.488s][info][gc,phases      ] GC(880)   Evacuate Collection Set: 0.4ms
[173.488s][info][gc,phases      ] GC(880)   Post Evacuate Collection Set: 2.7ms
[173.488s][info][gc,phases      ] GC(880)   Other: 0.1ms
[173.488s][info][gc,heap        ] GC(880) Eden regions: 329->0(329)
[173.488s][info][gc,heap        ] GC(880) Survivor regions: 1->1(42)
[173.488s][info][gc,heap        ] GC(880) Old regions: 26->26
[173.488s][info][gc,heap        ] GC(880) Archive regions: 0->0
[173.488s][info][gc,heap        ] GC(880) Humongous regions: 0->0
[173.488s][info][gc,metaspace   ] GC(880) Metaspace: 14269K(15168K)->14269K(15168K) NonClass: 12319K(12928K)->12319K(12928K) Class: 1950K(2240K)->1950K(2240K)
[173.488s][info][gc             ] GC(880) Pause Young (Normal) (G1 Evacuation Pause) 336M->7M(551M) 3.740ms
[173.488s][info][gc,cpu         ] GC(880) User=0.41s Sys=0.02s Real=0.00s
[173.685s][info][gc,start       ] GC(881) Pause Young (Normal) (G1 Evacuation Pause)
[173.685s][info][gc,task        ] GC(881) Using 33 workers of 33 for evacuation
[173.689s][info][gc,phases      ] GC(881)   Pre Evacuate Collection Set: 0.1ms
[173.689s][info][gc,phases      ] GC(881)   Merge Heap Roots: 0.1ms
[173.689s][info][gc,phases      ] GC(881)   Evacuate Collection Set: 0.4ms
[173.689s][info][gc,phases      ] GC(881)   Post Evacuate Collection Set: 2.8ms
[173.689s][info][gc,phases      ] GC(881)   Other: 0.1ms
[173.689s][info][gc,heap        ] GC(881) Eden regions: 329->0(329)
[173.689s][info][gc,heap        ] GC(881) Survivor regions: 1->1(42)
[173.689s][info][gc,heap        ] GC(881) Old regions: 26->26
[173.689s][info][gc,heap        ] GC(881) Archive regions: 0->0
[173.689s][info][gc,heap        ] GC(881) Humongous regions: 0->0
[173.689s][info][gc,metaspace   ] GC(881) Metaspace: 14269K(15168K)->14269K(15168K) NonClass: 12319K(12928K)->12319K(12928K) Class: 1950K(2240K)->1950K(2240K)
[173.689s][info][gc             ] GC(881) Pause Young (Normal) (G1 Evacuation Pause) 336M->7M(551M) 3.747ms
[173.689s][info][gc,cpu         ] GC(881) User=0.52s Sys=0.00s Real=0.00s
[173.887s][info][gc,start       ] GC(882) Pause Young (Normal) (G1 Evacuation Pause)
[173.887s][info][gc,task        ] GC(882) Using 33 workers of 33 for evacuation
[173.891s][info][gc,phases      ] GC(882)   Pre Evacuate Collection Set: 0.2ms
[173.891s][info][gc,phases      ] GC(882)   Merge Heap Roots: 0.2ms
[173.891s][info][gc,phases      ] GC(882)   Evacuate Collection Set: 0.4ms
[173.891s][info][gc,phases      ] GC(882)   Post Evacuate Collection Set: 2.8ms
[173.891s][info][gc,phases      ] GC(882)   Other: 0.1ms
[173.891s][info][gc,heap        ] GC(882) Eden regions: 329->0(329)
[173.891s][info][gc,heap        ] GC(882) Survivor regions: 1->1(42)
[173.891s][info][gc,heap        ] GC(882) Old regions: 26->26
[173.891s][info][gc,heap        ] GC(882) Archive regions: 0->0
[173.891s][info][gc,heap        ] GC(882) Humongous regions: 0->0
[173.891s][info][gc,metaspace   ] GC(882) Metaspace: 14269K(15168K)->14269K(15168K) NonClass: 12319K(12928K)->12319K(12928K) Class: 1950K(2240K)->1950K(2240K)
[173.891s][info][gc             ] GC(882) Pause Young (Normal) (G1 Evacuation Pause) 336M->7M(551M) 3.888ms
[173.891s][info][gc,cpu         ] GC(882) User=0.02s Sys=0.00s Real=0.00s
[174.089s][info][gc,start       ] GC(883) Pause Young (Normal) (G1 Evacuation Pause)
[174.089s][info][gc,task        ] GC(883) Using 33 workers of 33 for evacuation
[174.092s][info][gc,phases      ] GC(883)   Pre Evacuate Collection Set: 0.2ms
[174.092s][info][gc,phases      ] GC(883)   Merge Heap Roots: 0.2ms
[174.092s][info][gc,phases      ] GC(883)   Evacuate Collection Set: 0.4ms
[174.092s][info][gc,phases      ] GC(883)   Post Evacuate Collection Set: 2.8ms
[174.092s][info][gc,phases      ] GC(883)   Other: 0.1ms
[174.092s][info][gc,heap        ] GC(883) Eden regions: 329->0(329)
[174.092s][info][gc,heap        ] GC(883) Survivor regions: 1->1(42)
[174.092s][info][gc,heap        ] GC(883) Old regions: 26->26
[174.092s][info][gc,heap        ] GC(883) Archive regions: 0->0
[174.093s][info][gc,heap        ] GC(883) Humongous regions: 0->0
[174.093s][info][gc,metaspace   ] GC(883) Metaspace: 14269K(15168K)->14269K(15168K) NonClass: 12319K(12928K)->12319K(12928K) Class: 1950K(2240K)->1950K(2240K)
[174.093s][info][gc             ] GC(883) Pause Young (Normal) (G1 Evacuation Pause) 336M->7M(551M) 3.841ms
[174.093s][info][gc,cpu         ] GC(883) User=0.00s Sys=0.00s Real=0.00s
[174.291s][info][gc,start       ] GC(884) Pause Young (Normal) (G1 Evacuation Pause)
[174.291s][info][gc,task        ] GC(884) Using 33 workers of 33 for evacuation
[174.294s][info][gc,phases      ] GC(884)   Pre Evacuate Collection Set: 0.2ms
[174.294s][info][gc,phases      ] GC(884)   Merge Heap Roots: 0.2ms
[174.294s][info][gc,phases      ] GC(884)   Evacuate Collection Set: 0.4ms
[174.294s][info][gc,phases      ] GC(884)   Post Evacuate Collection Set: 2.8ms
[174.294s][info][gc,phases      ] GC(884)   Other: 0.1ms
[174.294s][info][gc,heap        ] GC(884) Eden regions: 329->0(329)
[174.294s][info][gc,heap        ] GC(884) Survivor regions: 1->1(42)
[174.294s][info][gc,heap        ] GC(884) Old regions: 26->26
[174.294s][info][gc,heap        ] GC(884) Archive regions: 0->0
[174.295s][info][gc,heap        ] GC(884) Humongous regions: 0->0
[174.295s][info][gc,metaspace   ] GC(884) Metaspace: 14269K(15168K)->14269K(15168K) NonClass: 12319K(12928K)->12319K(12928K) Class: 1950K(2240K)->1950K(2240K)
[174.295s][info][gc             ] GC(884) Pause Young (Normal) (G1 Evacuation Pause) 336M->8M(551M) 3.839ms
[174.295s][info][gc,cpu         ] GC(884) User=0.00s Sys=0.00s Real=0.00s
[174.495s][info][gc,start       ] GC(885) Pause Young (Normal) (G1 Evacuation Pause)
[174.498s][info][gc,task        ] GC(885) Using 33 workers of 33 for evacuation
[174.502s][info][gc,phases      ] GC(885)   Pre Evacuate Collection Set: 0.1ms
[174.502s][info][gc,phases      ] GC(885)   Merge Heap Roots: 0.1ms
[174.502s][info][gc,phases      ] GC(885)   Evacuate Collection Set: 0.3ms
[174.502s][info][gc,phases      ] GC(885)   Post Evacuate Collection Set: 2.9ms
[174.502s][info][gc,phases      ] GC(885)   Other: 0.1ms
[174.502s][info][gc,heap        ] GC(885) Eden regions: 329->0(329)
[174.502s][info][gc,heap        ] GC(885) Survivor regions: 1->1(42)
[174.502s][info][gc,heap        ] GC(885) Old regions: 26->26
[174.502s][info][gc,heap        ] GC(885) Archive regions: 0->0
[174.502s][info][gc,heap        ] GC(885) Humongous regions: 0->0
[174.502s][info][gc,metaspace   ] GC(885) Metaspace: 14269K(15168K)->14269K(15168K) NonClass: 12319K(12928K)->12319K(12928K) Class: 1950K(2240K)->1950K(2240K)
[174.502s][info][gc             ] GC(885) Pause Young (Normal) (G1 Evacuation Pause) 337M->8M(551M) 6.949ms
[174.502s][info][gc,cpu         ] GC(885) User=0.00s Sys=0.00s Real=0.00s
[174.828s][info][gc,start       ] GC(886) Pause Young (Normal) (G1 Evacuation Pause)
[174.828s][info][gc,task        ] GC(886) Using 33 workers of 33 for evacuation
[174.833s][info][gc,phases      ] GC(886)   Pre Evacuate Collection Set: 0.2ms
[174.833s][info][gc,phases      ] GC(886)   Merge Heap Roots: 0.3ms
[174.833s][info][gc,phases      ] GC(886)   Evacuate Collection Set: 0.6ms
[174.833s][info][gc,phases      ] GC(886)   Post Evacuate Collection Set: 3.8ms
[174.833s][info][gc,phases      ] GC(886)   Other: 0.2ms
[174.833s][info][gc,heap        ] GC(886) Eden regions: 329->0(329)
[174.833s][info][gc,heap        ] GC(886) Survivor regions: 1->1(42)
[174.833s][info][gc,heap        ] GC(886) Old regions: 26->26
[174.833s][info][gc,heap        ] GC(886) Archive regions: 0->0
[174.833s][info][gc,heap        ] GC(886) Humongous regions: 0->0
[174.833s][info][gc,metaspace   ] GC(886) Metaspace: 14269K(15168K)->14269K(15168K) NonClass: 12319K(12928K)->12319K(12928K) Class: 1950K(2240K)->1950K(2240K)
[174.833s][info][gc             ] GC(886) Pause Young (Normal) (G1 Evacuation Pause) 337M->8M(551M) 5.622ms
[174.833s][info][gc,cpu         ] GC(886) User=0.00s Sys=0.00s Real=0.00s
[175.036s][info][gc,start       ] GC(887) Pause Young (Normal) (G1 Evacuation Pause)
[175.037s][info][gc,task        ] GC(887) Using 33 workers of 33 for evacuation
[175.040s][info][gc,phases      ] GC(887)   Pre Evacuate Collection Set: 0.2ms
[175.040s][info][gc,phases      ] GC(887)   Merge Heap Roots: 0.2ms
[175.040s][info][gc,phases      ] GC(887)   Evacuate Collection Set: 0.4ms
[175.040s][info][gc,phases      ] GC(887)   Post Evacuate Collection Set: 2.7ms
[175.040s][info][gc,phases      ] GC(887)   Other: 0.1ms
[175.040s][info][gc,heap        ] GC(887) Eden regions: 329->0(329)
[175.040s][info][gc,heap        ] GC(887) Survivor regions: 1->1(42)
[175.040s][info][gc,heap        ] GC(887) Old regions: 26->26
[175.040s][info][gc,heap        ] GC(887) Archive regions: 0->0
[175.040s][info][gc,heap        ] GC(887) Humongous regions: 0->0
[175.040s][info][gc,metaspace   ] GC(887) Metaspace: 14269K(15168K)->14269K(15168K) NonClass: 12319K(12928K)->12319K(12928K) Class: 1950K(2240K)->1950K(2240K)
[175.040s][info][gc             ] GC(887) Pause Young (Normal) (G1 Evacuation Pause) 337M->8M(551M) 3.752ms
[175.040s][info][gc,cpu         ] GC(887) User=0.00s Sys=0.00s Real=0.00s
[175.238s][info][gc,start       ] GC(888) Pause Young (Normal) (G1 Evacuation Pause)
[175.238s][info][gc,task        ] GC(888) Using 33 workers of 33 for evacuation
[175.241s][info][gc,phases      ] GC(888)   Pre Evacuate Collection Set: 0.2ms
[175.241s][info][gc,phases      ] GC(888)   Merge Heap Roots: 0.2ms
[175.241s][info][gc,phases      ] GC(888)   Evacuate Collection Set: 0.3ms
[175.241s][info][gc,phases      ] GC(888)   Post Evacuate Collection Set: 2.6ms
[175.241s][info][gc,phases      ] GC(888)   Other: 0.1ms
[175.241s][info][gc,heap        ] GC(888) Eden regions: 329->0(329)
[175.241s][info][gc,heap        ] GC(888) Survivor regions: 1->1(42)
[175.241s][info][gc,heap        ] GC(888) Old regions: 26->26
[175.241s][info][gc,heap        ] GC(888) Archive regions: 0->0
[175.241s][info][gc,heap        ] GC(888) Humongous regions: 0->0
[175.241s][info][gc,metaspace   ] GC(888) Metaspace: 14269K(15168K)->14269K(15168K) NonClass: 12319K(12928K)->12319K(12928K) Class: 1950K(2240K)->1950K(2240K)
[175.241s][info][gc             ] GC(888) Pause Young (Normal) (G1 Evacuation Pause) 337M->8M(551M) 3.611ms
[175.241s][info][gc,cpu         ] GC(888) User=0.00s Sys=0.00s Real=0.00s
[175.439s][info][gc,start       ] GC(889) Pause Young (Normal) (G1 Evacuation Pause)
[175.439s][info][gc,task        ] GC(889) Using 33 workers of 33 for evacuation
[175.443s][info][gc,phases      ] GC(889)   Pre Evacuate Collection Set: 0.2ms
[175.443s][info][gc,phases      ] GC(889)   Merge Heap Roots: 0.1ms
[175.443s][info][gc,phases      ] GC(889)   Evacuate Collection Set: 0.3ms
[175.443s][info][gc,phases      ] GC(889)   Post Evacuate Collection Set: 2.6ms
[175.443s][info][gc,phases      ] GC(889)   Other: 0.1ms
[175.443s][info][gc,heap        ] GC(889) Eden regions: 329->0(329)
[175.443s][info][gc,heap        ] GC(889) Survivor regions: 1->1(42)
[175.443s][info][gc,heap        ] GC(889) Old regions: 26->26
[175.443s][info][gc,heap        ] GC(889) Archive regions: 0->0
[175.443s][info][gc,heap        ] GC(889) Humongous regions: 0->0
[175.443s][info][gc,metaspace   ] GC(889) Metaspace: 14269K(15168K)->14269K(15168K) NonClass: 12319K(12928K)->12319K(12928K) Class: 1950K(2240K)->1950K(2240K)
[175.443s][info][gc             ] GC(889) Pause Young (Normal) (G1 Evacuation Pause) 337M->8M(551M) 3.583ms
[175.443s][info][gc,cpu         ] GC(889) User=0.00s Sys=0.00s Real=0.00s
[175.641s][info][gc,start       ] GC(890) Pause Young (Normal) (G1 Evacuation Pause)
[175.642s][info][gc,task        ] GC(890) Using 33 workers of 33 for evacuation
[175.645s][info][gc,phases      ] GC(890)   Pre Evacuate Collection Set: 0.2ms
[175.645s][info][gc,phases      ] GC(890)   Merge Heap Roots: 0.2ms
[175.645s][info][gc,phases      ] GC(890)   Evacuate Collection Set: 0.3ms
[175.645s][info][gc,phases      ] GC(890)   Post Evacuate Collection Set: 2.4ms
[175.645s][info][gc,phases      ] GC(890)   Other: 0.1ms
[175.645s][info][gc,heap        ] GC(890) Eden regions: 329->0(329)
[175.645s][info][gc,heap        ] GC(890) Survivor regions: 1->1(42)
[175.645s][info][gc,heap        ] GC(890) Old regions: 26->26
[175.645s][info][gc,heap        ] GC(890) Archive regions: 0->0
[175.645s][info][gc,heap        ] GC(890) Humongous regions: 0->0
[175.645s][info][gc,metaspace   ] GC(890) Metaspace: 14269K(15168K)->14269K(15168K) NonClass: 12319K(12928K)->12319K(12928K) Class: 1950K(2240K)->1950K(2240K)
[175.645s][info][gc             ] GC(890) Pause Young (Normal) (G1 Evacuation Pause) 337M->8M(551M) 3.401ms
[175.645s][info][gc,cpu         ] GC(890) User=0.00s Sys=0.00s Real=0.00s
[175.841s][info][gc,start       ] GC(891) Pause Young (Normal) (G1 Evacuation Pause)
[175.841s][info][gc,task        ] GC(891) Using 33 workers of 33 for evacuation
[175.844s][info][gc,phases      ] GC(891)   Pre Evacuate Collection Set: 0.2ms
[175.844s][info][gc,phases      ] GC(891)   Merge Heap Roots: 0.2ms
[175.844s][info][gc,phases      ] GC(891)   Evacuate Collection Set: 0.3ms
[175.844s][info][gc,phases      ] GC(891)   Post Evacuate Collection Set: 2.5ms
[175.844s][info][gc,phases      ] GC(891)   Other: 0.1ms
[175.844s][info][gc,heap        ] GC(891) Eden regions: 329->0(329)
[175.844s][info][gc,heap        ] GC(891) Survivor regions: 1->1(42)
[175.844s][info][gc,heap        ] GC(891) Old regions: 26->26
[175.844s][info][gc,heap        ] GC(891) Archive regions: 0->0
[175.844s][info][gc,heap        ] GC(891) Humongous regions: 0->0
[175.844s][info][gc,metaspace   ] GC(891) Metaspace: 14269K(15168K)->14269K(15168K) NonClass: 12319K(12928K)->12319K(12928K) Class: 1950K(2240K)->1950K(2240K)
[175.844s][info][gc             ] GC(891) Pause Young (Normal) (G1 Evacuation Pause) 337M->8M(551M) 3.503ms
[175.844s][info][gc,cpu         ] GC(891) User=0.47s Sys=0.03s Real=0.00s
[176.041s][info][gc,start       ] GC(892) Pause Young (Normal) (G1 Evacuation Pause)
[176.041s][info][gc,task        ] GC(892) Using 33 workers of 33 for evacuation
[176.044s][info][gc,phases      ] GC(892)   Pre Evacuate Collection Set: 0.2ms
[176.044s][info][gc,phases      ] GC(892)   Merge Heap Roots: 0.2ms
[176.044s][info][gc,phases      ] GC(892)   Evacuate Collection Set: 0.3ms
[176.044s][info][gc,phases      ] GC(892)   Post Evacuate Collection Set: 2.5ms
[176.044s][info][gc,phases      ] GC(892)   Other: 0.1ms
[176.044s][info][gc,heap        ] GC(892) Eden regions: 329->0(329)
[176.044s][info][gc,heap        ] GC(892) Survivor regions: 1->1(42)
[176.044s][info][gc,heap        ] GC(892) Old regions: 26->26
[176.044s][info][gc,heap        ] GC(892) Archive regions: 0->0
[176.044s][info][gc,heap        ] GC(892) Humongous regions: 0->0
[176.044s][info][gc,metaspace   ] GC(892) Metaspace: 14269K(15168K)->14269K(15168K) NonClass: 12319K(12928K)->12319K(12928K) Class: 1950K(2240K)->1950K(2240K)
[176.044s][info][gc             ] GC(892) Pause Young (Normal) (G1 Evacuation Pause) 337M->8M(551M) 3.459ms
[176.044s][info][gc,cpu         ] GC(892) User=0.00s Sys=0.00s Real=0.00s
[176.242s][info][gc,start       ] GC(893) Pause Young (Normal) (G1 Evacuation Pause)
[176.242s][info][gc,task        ] GC(893) Using 33 workers of 33 for evacuation
[176.246s][info][gc,phases      ] GC(893)   Pre Evacuate Collection Set: 0.1ms
[176.246s][info][gc,phases      ] GC(893)   Merge Heap Roots: 0.2ms
[176.246s][info][gc,phases      ] GC(893)   Evacuate Collection Set: 0.3ms
[176.246s][info][gc,phases      ] GC(893)   Post Evacuate Collection Set: 2.6ms
[176.246s][info][gc,phases      ] GC(893)   Other: 0.1ms
[176.246s][info][gc,heap        ] GC(893) Eden regions: 329->0(329)
[176.246s][info][gc,heap        ] GC(893) Survivor regions: 1->1(42)
[176.246s][info][gc,heap        ] GC(893) Old regions: 26->26
[176.246s][info][gc,heap        ] GC(893) Archive regions: 0->0
[176.246s][info][gc,heap        ] GC(893) Humongous regions: 0->0
[176.246s][info][gc,metaspace   ] GC(893) Metaspace: 14269K(15168K)->14269K(15168K) NonClass: 12319K(12928K)->12319K(12928K) Class: 1950K(2240K)->1950K(2240K)
[176.246s][info][gc             ] GC(893) Pause Young (Normal) (G1 Evacuation Pause) 337M->8M(551M) 3.580ms
[176.246s][info][gc,cpu         ] GC(893) User=0.00s Sys=0.00s Real=0.00s
[176.443s][info][gc,start       ] GC(894) Pause Young (Normal) (G1 Evacuation Pause)
[176.443s][info][gc,task        ] GC(894) Using 33 workers of 33 for evacuation
[176.446s][info][gc,phases      ] GC(894)   Pre Evacuate Collection Set: 0.2ms
[176.446s][info][gc,phases      ] GC(894)   Merge Heap Roots: 0.2ms
[176.446s][info][gc,phases      ] GC(894)   Evacuate Collection Set: 0.4ms
[176.446s][info][gc,phases      ] GC(894)   Post Evacuate Collection Set: 2.6ms
[176.446s][info][gc,phases      ] GC(894)   Other: 0.1ms
[176.446s][info][gc,heap        ] GC(894) Eden regions: 329->0(329)
[176.446s][info][gc,heap        ] GC(894) Survivor regions: 1->1(42)
[176.446s][info][gc,heap        ] GC(894) Old regions: 26->26
[176.446s][info][gc,heap        ] GC(894) Archive regions: 0->0
[176.446s][info][gc,heap        ] GC(894) Humongous regions: 0->0
[176.446s][info][gc,metaspace   ] GC(894) Metaspace: 14269K(15168K)->14269K(15168K) NonClass: 12319K(12928K)->12319K(12928K) Class: 1950K(2240K)->1950K(2240K)
[176.447s][info][gc             ] GC(894) Pause Young (Normal) (G1 Evacuation Pause) 337M->8M(551M) 3.590ms
[176.447s][info][gc,cpu         ] GC(894) User=0.00s Sys=0.00s Real=0.00s
[176.641s][info][gc,start       ] GC(895) Pause Young (Normal) (G1 Evacuation Pause)
[176.642s][info][gc,task        ] GC(895) Using 33 workers of 33 for evacuation
[176.645s][info][gc,phases      ] GC(895)   Pre Evacuate Collection Set: 0.1ms
[176.645s][info][gc,phases      ] GC(895)   Merge Heap Roots: 0.2ms
[176.645s][info][gc,phases      ] GC(895)   Evacuate Collection Set: 0.4ms
[176.645s][info][gc,phases      ] GC(895)   Post Evacuate Collection Set: 2.6ms
[176.645s][info][gc,phases      ] GC(895)   Other: 0.1ms
[176.645s][info][gc,heap        ] GC(895) Eden regions: 329->0(329)
[176.645s][info][gc,heap        ] GC(895) Survivor regions: 1->1(42)
[176.645s][info][gc,heap        ] GC(895) Old regions: 26->26
[176.645s][info][gc,heap        ] GC(895) Archive regions: 0->0
[176.645s][info][gc,heap        ] GC(895) Humongous regions: 0->0
[176.645s][info][gc,metaspace   ] GC(895) Metaspace: 14269K(15168K)->14269K(15168K) NonClass: 12319K(12928K)->12319K(12928K) Class: 1950K(2240K)->1950K(2240K)
[176.645s][info][gc             ] GC(895) Pause Young (Normal) (G1 Evacuation Pause) 337M->8M(551M) 3.592ms
[176.645s][info][gc,cpu         ] GC(895) User=0.00s Sys=0.00s Real=0.00s
[176.841s][info][gc,start       ] GC(896) Pause Young (Normal) (G1 Evacuation Pause)
[176.841s][info][gc,task        ] GC(896) Using 33 workers of 33 for evacuation
[176.845s][info][gc,phases      ] GC(896)   Pre Evacuate Collection Set: 0.1ms
[176.845s][info][gc,phases      ] GC(896)   Merge Heap Roots: 0.2ms
[176.845s][info][gc,phases      ] GC(896)   Evacuate Collection Set: 0.4ms
[176.845s][info][gc,phases      ] GC(896)   Post Evacuate Collection Set: 2.7ms
[176.845s][info][gc,phases      ] GC(896)   Other: 0.1ms
[176.845s][info][gc,heap        ] GC(896) Eden regions: 329->0(329)
[176.845s][info][gc,heap        ] GC(896) Survivor regions: 1->1(42)
[176.845s][info][gc,heap        ] GC(896) Old regions: 26->26
[176.845s][info][gc,heap        ] GC(896) Archive regions: 0->0
[176.845s][info][gc,heap        ] GC(896) Humongous regions: 0->0
[176.845s][info][gc,metaspace   ] GC(896) Metaspace: 14269K(15168K)->14269K(15168K) NonClass: 12319K(12928K)->12319K(12928K) Class: 1950K(2240K)->1950K(2240K)
[176.845s][info][gc             ] GC(896) Pause Young (Normal) (G1 Evacuation Pause) 337M->8M(551M) 3.713ms
[176.845s][info][gc,cpu         ] GC(896) User=0.52s Sys=0.00s Real=0.00s
[177.042s][info][gc,start       ] GC(897) Pause Young (Normal) (G1 Evacuation Pause)
[177.042s][info][gc,task        ] GC(897) Using 33 workers of 33 for evacuation
[177.045s][info][gc,phases      ] GC(897)   Pre Evacuate Collection Set: 0.2ms
[177.046s][info][gc,phases      ] GC(897)   Merge Heap Roots: 0.1ms
[177.046s][info][gc,phases      ] GC(897)   Evacuate Collection Set: 0.4ms
[177.046s][info][gc,phases      ] GC(897)   Post Evacuate Collection Set: 2.7ms
[177.046s][info][gc,phases      ] GC(897)   Other: 0.1ms
[177.046s][info][gc,heap        ] GC(897) Eden regions: 329->0(329)
[177.046s][info][gc,heap        ] GC(897) Survivor regions: 1->1(42)
[177.046s][info][gc,heap        ] GC(897) Old regions: 26->26
[177.046s][info][gc,heap        ] GC(897) Archive regions: 0->0
[177.046s][info][gc,heap        ] GC(897) Humongous regions: 0->0
[177.046s][info][gc,metaspace   ] GC(897) Metaspace: 14269K(15168K)->14269K(15168K) NonClass: 12319K(12928K)->12319K(12928K) Class: 1950K(2240K)->1950K(2240K)
[177.046s][info][gc             ] GC(897) Pause Young (Normal) (G1 Evacuation Pause) 337M->8M(551M) 3.705ms
[177.046s][info][gc,cpu         ] GC(897) User=0.00s Sys=0.00s Real=0.00s
[177.243s][info][gc,start       ] GC(898) Pause Young (Normal) (G1 Evacuation Pause)
[177.244s][info][gc,task        ] GC(898) Using 33 workers of 33 for evacuation
[177.247s][info][gc,phases      ] GC(898)   Pre Evacuate Collection Set: 0.2ms
[177.247s][info][gc,phases      ] GC(898)   Merge Heap Roots: 0.2ms
[177.247s][info][gc,phases      ] GC(898)   Evacuate Collection Set: 0.4ms
[177.247s][info][gc,phases      ] GC(898)   Post Evacuate Collection Set: 2.7ms
[177.247s][info][gc,phases      ] GC(898)   Other: 0.1ms
[177.247s][info][gc,heap        ] GC(898) Eden regions: 329->0(329)
[177.247s][info][gc,heap        ] GC(898) Survivor regions: 1->1(42)
[177.247s][info][gc,heap        ] GC(898) Old regions: 26->26
[177.247s][info][gc,heap        ] GC(898) Archive regions: 0->0
[177.247s][info][gc,heap        ] GC(898) Humongous regions: 0->0
[177.247s][info][gc,metaspace   ] GC(898) Metaspace: 14269K(15168K)->14269K(15168K) NonClass: 12319K(12928K)->12319K(12928K) Class: 1950K(2240K)->1950K(2240K)
[177.247s][info][gc             ] GC(898) Pause Young (Normal) (G1 Evacuation Pause) 337M->8M(551M) 3.780ms
[177.247s][info][gc,cpu         ] GC(898) User=0.00s Sys=0.00s Real=0.00s
[177.445s][info][gc,start       ] GC(899) Pause Young (Normal) (G1 Evacuation Pause)
[177.446s][info][gc,task        ] GC(899) Using 33 workers of 33 for evacuation
[177.449s][info][gc,phases      ] GC(899)   Pre Evacuate Collection Set: 0.2ms
[177.449s][info][gc,phases      ] GC(899)   Merge Heap Roots: 0.2ms
[177.449s][info][gc,phases      ] GC(899)   Evacuate Collection Set: 0.3ms
[177.449s][info][gc,phases      ] GC(899)   Post Evacuate Collection Set: 2.8ms
[177.449s][info][gc,phases      ] GC(899)   Other: 0.1ms
[177.449s][info][gc,heap        ] GC(899) Eden regions: 329->0(329)
[177.449s][info][gc,heap        ] GC(899) Survivor regions: 1->1(42)
[177.449s][info][gc,heap        ] GC(899) Old regions: 26->26
[177.449s][info][gc,heap        ] GC(899) Archive regions: 0->0
[177.449s][info][gc,heap        ] GC(899) Humongous regions: 0->0
[177.449s][info][gc,metaspace   ] GC(899) Metaspace: 14269K(15168K)->14269K(15168K) NonClass: 12319K(12928K)->12319K(12928K) Class: 1950K(2240K)->1950K(2240K)
[177.449s][info][gc             ] GC(899) Pause Young (Normal) (G1 Evacuation Pause) 337M->8M(551M) 3.771ms
[177.449s][info][gc,cpu         ] GC(899) User=0.00s Sys=0.00s Real=0.00s
[177.734s][info][gc,start       ] GC(900) Pause Young (Normal) (G1 Evacuation Pause)
[177.734s][info][gc,task        ] GC(900) Using 33 workers of 33 for evacuation
[177.739s][info][gc,phases      ] GC(900)   Pre Evacuate Collection Set: 0.2ms
[177.739s][info][gc,phases      ] GC(900)   Merge Heap Roots: 0.3ms
[177.739s][info][gc,phases      ] GC(900)   Evacuate Collection Set: 0.5ms
[177.739s][info][gc,phases      ] GC(900)   Post Evacuate Collection Set: 3.7ms
[177.739s][info][gc,phases      ] GC(900)   Other: 0.2ms
[177.739s][info][gc,heap        ] GC(900) Eden regions: 329->0(329)
[177.740s][info][gc,heap        ] GC(900) Survivor regions: 1->1(42)
[177.740s][info][gc,heap        ] GC(900) Old regions: 26->26
[177.740s][info][gc,heap        ] GC(900) Archive regions: 0->0
[177.740s][info][gc,heap        ] GC(900) Humongous regions: 0->0
[177.740s][info][gc,metaspace   ] GC(900) Metaspace: 14269K(15168K)->14269K(15168K) NonClass: 12319K(12928K)->12319K(12928K) Class: 1950K(2240K)->1950K(2240K)
[177.740s][info][gc             ] GC(900) Pause Young (Normal) (G1 Evacuation Pause) 337M->8M(551M) 5.431ms
[177.740s][info][gc,cpu         ] GC(900) User=0.00s Sys=0.00s Real=0.00s
[177.942s][info][gc,start       ] GC(901) Pause Young (Normal) (G1 Evacuation Pause)
[177.943s][info][gc,task        ] GC(901) Using 33 workers of 33 for evacuation
[177.946s][info][gc,phases      ] GC(901)   Pre Evacuate Collection Set: 0.1ms
[177.946s][info][gc,phases      ] GC(901)   Merge Heap Roots: 0.2ms
[177.946s][info][gc,phases      ] GC(901)   Evacuate Collection Set: 0.4ms
[177.946s][info][gc,phases      ] GC(901)   Post Evacuate Collection Set: 2.6ms
[177.946s][info][gc,phases      ] GC(901)   Other: 0.1ms
[177.946s][info][gc,heap        ] GC(901) Eden regions: 329->0(329)
[177.946s][info][gc,heap        ] GC(901) Survivor regions: 1->1(42)
[177.946s][info][gc,heap        ] GC(901) Old regions: 26->27
[177.946s][info][gc,heap        ] GC(901) Archive regions: 0->0
[177.946s][info][gc,heap        ] GC(901) Humongous regions: 0->0
[177.946s][info][gc,metaspace   ] GC(901) Metaspace: 14269K(15168K)->14269K(15168K) NonClass: 12319K(12928K)->12319K(12928K) Class: 1950K(2240K)->1950K(2240K)
[177.946s][info][gc             ] GC(901) Pause Young (Normal) (G1 Evacuation Pause) 337M->8M(551M) 3.623ms
[177.946s][info][gc,cpu         ] GC(901) User=0.00s Sys=0.00s Real=0.00s
[178.145s][info][gc,start       ] GC(902) Pause Young (Normal) (G1 Evacuation Pause)
[178.146s][info][gc,task        ] GC(902) Using 33 workers of 33 for evacuation
[178.149s][info][gc,phases      ] GC(902)   Pre Evacuate Collection Set: 0.1ms
[178.149s][info][gc,phases      ] GC(902)   Merge Heap Roots: 0.2ms
[178.149s][info][gc,phases      ] GC(902)   Evacuate Collection Set: 0.4ms
[178.149s][info][gc,phases      ] GC(902)   Post Evacuate Collection Set: 2.4ms
[178.149s][info][gc,phases      ] GC(902)   Other: 0.1ms
[178.149s][info][gc,heap        ] GC(902) Eden regions: 329->0(329)
[178.149s][info][gc,heap        ] GC(902) Survivor regions: 1->1(42)
[178.149s][info][gc,heap        ] GC(902) Old regions: 27->27
[178.149s][info][gc,heap        ] GC(902) Archive regions: 0->0
[178.149s][info][gc,heap        ] GC(902) Humongous regions: 0->0
[178.149s][info][gc,metaspace   ] GC(902) Metaspace: 14269K(15168K)->14269K(15168K) NonClass: 12319K(12928K)->12319K(12928K) Class: 1950K(2240K)->1950K(2240K)
[178.149s][info][gc             ] GC(902) Pause Young (Normal) (G1 Evacuation Pause) 337M->8M(551M) 3.456ms
[178.149s][info][gc,cpu         ] GC(902) User=0.00s Sys=0.00s Real=0.00s
[178.346s][info][gc,start       ] GC(903) Pause Young (Normal) (G1 Evacuation Pause)
[178.346s][info][gc,task        ] GC(903) Using 33 workers of 33 for evacuation
[178.349s][info][gc,phases      ] GC(903)   Pre Evacuate Collection Set: 0.2ms
[178.349s][info][gc,phases      ] GC(903)   Merge Heap Roots: 0.2ms
[178.349s][info][gc,phases      ] GC(903)   Evacuate Collection Set: 0.3ms
[178.349s][info][gc,phases      ] GC(903)   Post Evacuate Collection Set: 2.4ms
[178.349s][info][gc,phases      ] GC(903)   Other: 0.1ms
[178.349s][info][gc,heap        ] GC(903) Eden regions: 329->0(329)
[178.349s][info][gc,heap        ] GC(903) Survivor regions: 1->1(42)
[178.349s][info][gc,heap        ] GC(903) Old regions: 27->27
[178.349s][info][gc,heap        ] GC(903) Archive regions: 0->0
[178.349s][info][gc,heap        ] GC(903) Humongous regions: 0->0
[178.349s][info][gc,metaspace   ] GC(903) Metaspace: 14269K(15168K)->14269K(15168K) NonClass: 12319K(12928K)->12319K(12928K) Class: 1950K(2240K)->1950K(2240K)
[178.349s][info][gc             ] GC(903) Pause Young (Normal) (G1 Evacuation Pause) 337M->8M(551M) 3.365ms
[178.349s][info][gc,cpu         ] GC(903) User=0.00s Sys=0.00s Real=0.00s
[178.547s][info][gc,start       ] GC(904) Pause Young (Normal) (G1 Evacuation Pause)
[178.547s][info][gc,task        ] GC(904) Using 33 workers of 33 for evacuation
[178.550s][info][gc,phases      ] GC(904)   Pre Evacuate Collection Set: 0.2ms
[178.550s][info][gc,phases      ] GC(904)   Merge Heap Roots: 0.2ms
[178.550s][info][gc,phases      ] GC(904)   Evacuate Collection Set: 0.3ms
[178.550s][info][gc,phases      ] GC(904)   Post Evacuate Collection Set: 2.4ms
[178.550s][info][gc,phases      ] GC(904)   Other: 0.1ms
[178.550s][info][gc,heap        ] GC(904) Eden regions: 329->0(329)
[178.550s][info][gc,heap        ] GC(904) Survivor regions: 1->1(42)
[178.550s][info][gc,heap        ] GC(904) Old regions: 27->27
[178.550s][info][gc,heap        ] GC(904) Archive regions: 0->0
[178.550s][info][gc,heap        ] GC(904) Humongous regions: 0->0
[178.550s][info][gc,metaspace   ] GC(904) Metaspace: 14269K(15168K)->14269K(15168K) NonClass: 12319K(12928K)->12319K(12928K) Class: 1950K(2240K)->1950K(2240K)
[178.550s][info][gc             ] GC(904) Pause Young (Normal) (G1 Evacuation Pause) 337M->8M(551M) 3.380ms
[178.550s][info][gc,cpu         ] GC(904) User=0.00s Sys=0.00s Real=0.00s
[178.748s][info][gc,start       ] GC(905) Pause Young (Normal) (G1 Evacuation Pause)
[178.748s][info][gc,task        ] GC(905) Using 33 workers of 33 for evacuation
[178.751s][info][gc,phases      ] GC(905)   Pre Evacuate Collection Set: 0.2ms
[178.751s][info][gc,phases      ] GC(905)   Merge Heap Roots: 0.1ms
[178.751s][info][gc,phases      ] GC(905)   Evacuate Collection Set: 0.4ms
[178.751s][info][gc,phases      ] GC(905)   Post Evacuate Collection Set: 2.3ms
[178.751s][info][gc,phases      ] GC(905)   Other: 0.1ms
[178.751s][info][gc,heap        ] GC(905) Eden regions: 329->0(329)
[178.751s][info][gc,heap        ] GC(905) Survivor regions: 1->1(42)
[178.751s][info][gc,heap        ] GC(905) Old regions: 27->27
[178.751s][info][gc,heap        ] GC(905) Archive regions: 0->0
[178.751s][info][gc,heap        ] GC(905) Humongous regions: 0->0
[178.751s][info][gc,metaspace   ] GC(905) Metaspace: 14269K(15168K)->14269K(15168K) NonClass: 12319K(12928K)->12319K(12928K) Class: 1950K(2240K)->1950K(2240K)
[178.751s][info][gc             ] GC(905) Pause Young (Normal) (G1 Evacuation Pause) 337M->8M(551M) 3.343ms
[178.751s][info][gc,cpu         ] GC(905) User=0.52s Sys=0.00s Real=0.00s
[178.949s][info][gc,start       ] GC(906) Pause Young (Normal) (G1 Evacuation Pause)
[178.949s][info][gc,task        ] GC(906) Using 33 workers of 33 for evacuation
[178.952s][info][gc,phases      ] GC(906)   Pre Evacuate Collection Set: 0.2ms
[178.953s][info][gc,phases      ] GC(906)   Merge Heap Roots: 0.2ms
[178.953s][info][gc,phases      ] GC(906)   Evacuate Collection Set: 0.4ms
[178.953s][info][gc,phases      ] GC(906)   Post Evacuate Collection Set: 2.4ms
[178.953s][info][gc,phases      ] GC(906)   Other: 0.1ms
[178.953s][info][gc,heap        ] GC(906) Eden regions: 329->0(329)
[178.953s][info][gc,heap        ] GC(906) Survivor regions: 1->1(42)
[178.953s][info][gc,heap        ] GC(906) Old regions: 27->27
[178.953s][info][gc,heap        ] GC(906) Archive regions: 0->0
[178.953s][info][gc,heap        ] GC(906) Humongous regions: 0->0
[178.953s][info][gc,metaspace   ] GC(906) Metaspace: 14269K(15168K)->14269K(15168K) NonClass: 12319K(12928K)->12319K(12928K) Class: 1950K(2240K)->1950K(2240K)
[178.953s][info][gc             ] GC(906) Pause Young (Normal) (G1 Evacuation Pause) 337M->9M(551M) 3.424ms
[178.953s][info][gc,cpu         ] GC(906) User=0.00s Sys=0.00s Real=0.00s
[179.150s][info][gc,start       ] GC(907) Pause Young (Normal) (G1 Evacuation Pause)
[179.150s][info][gc,task        ] GC(907) Using 33 workers of 33 for evacuation
[179.153s][info][gc,phases      ] GC(907)   Pre Evacuate Collection Set: 0.2ms
[179.153s][info][gc,phases      ] GC(907)   Merge Heap Roots: 0.2ms
[179.153s][info][gc,phases      ] GC(907)   Evacuate Collection Set: 0.4ms
[179.153s][info][gc,phases      ] GC(907)   Post Evacuate Collection Set: 2.4ms
[179.153s][info][gc,phases      ] GC(907)   Other: 0.1ms
[179.153s][info][gc,heap        ] GC(907) Eden regions: 329->0(329)
[179.153s][info][gc,heap        ] GC(907) Survivor regions: 1->1(42)
[179.153s][info][gc,heap        ] GC(907) Old regions: 27->27
[179.153s][info][gc,heap        ] GC(907) Archive regions: 0->0
[179.153s][info][gc,heap        ] GC(907) Humongous regions: 0->0
[179.153s][info][gc,metaspace   ] GC(907) Metaspace: 14269K(15168K)->14269K(15168K) NonClass: 12319K(12928K)->12319K(12928K) Class: 1950K(2240K)->1950K(2240K)
[179.153s][info][gc             ] GC(907) Pause Young (Normal) (G1 Evacuation Pause) 338M->9M(551M) 3.436ms
[179.153s][info][gc,cpu         ] GC(907) User=0.00s Sys=0.00s Real=0.00s
[179.348s][info][gc,start       ] GC(908) Pause Young (Normal) (G1 Evacuation Pause)
[179.348s][info][gc,task        ] GC(908) Using 33 workers of 33 for evacuation
[179.351s][info][gc,phases      ] GC(908)   Pre Evacuate Collection Set: 0.2ms
[179.351s][info][gc,phases      ] GC(908)   Merge Heap Roots: 0.2ms
[179.351s][info][gc,phases      ] GC(908)   Evacuate Collection Set: 0.3ms
[179.351s][info][gc,phases      ] GC(908)   Post Evacuate Collection Set: 2.4ms
[179.351s][info][gc,phases      ] GC(908)   Other: 0.1ms
[179.351s][info][gc,heap        ] GC(908) Eden regions: 329->0(329)
[179.351s][info][gc,heap        ] GC(908) Survivor regions: 1->1(42)
[179.351s][info][gc,heap        ] GC(908) Old regions: 27->27
[179.351s][info][gc,heap        ] GC(908) Archive regions: 0->0
[179.351s][info][gc,heap        ] GC(908) Humongous regions: 0->0
[179.351s][info][gc,metaspace   ] GC(908) Metaspace: 14269K(15168K)->14269K(15168K) NonClass: 12319K(12928K)->12319K(12928K) Class: 1950K(2240K)->1950K(2240K)
[179.351s][info][gc             ] GC(908) Pause Young (Normal) (G1 Evacuation Pause) 338M->9M(551M) 3.417ms
[179.351s][info][gc,cpu         ] GC(908) User=0.00s Sys=0.00s Real=0.00s
[179.549s][info][gc,start       ] GC(909) Pause Young (Normal) (G1 Evacuation Pause)
[179.549s][info][gc,task        ] GC(909) Using 33 workers of 33 for evacuation
[179.553s][info][gc,phases      ] GC(909)   Pre Evacuate Collection Set: 0.2ms
[179.553s][info][gc,phases      ] GC(909)   Merge Heap Roots: 0.2ms
[179.553s][info][gc,phases      ] GC(909)   Evacuate Collection Set: 0.4ms
[179.553s][info][gc,phases      ] GC(909)   Post Evacuate Collection Set: 2.5ms
[179.553s][info][gc,phases      ] GC(909)   Other: 0.1ms
[179.553s][info][gc,heap        ] GC(909) Eden regions: 329->0(329)
[179.553s][info][gc,heap        ] GC(909) Survivor regions: 1->1(42)
[179.553s][info][gc,heap        ] GC(909) Old regions: 27->27
[179.553s][info][gc,heap        ] GC(909) Archive regions: 0->0
[179.553s][info][gc,heap        ] GC(909) Humongous regions: 0->0
[179.553s][info][gc,metaspace   ] GC(909) Metaspace: 14269K(15168K)->14269K(15168K) NonClass: 12319K(12928K)->12319K(12928K) Class: 1950K(2240K)->1950K(2240K)
[179.553s][info][gc             ] GC(909) Pause Young (Normal) (G1 Evacuation Pause) 338M->9M(551M) 3.508ms
[179.553s][info][gc,cpu         ] GC(909) User=0.00s Sys=0.00s Real=0.00s
[179.749s][info][gc,start       ] GC(910) Pause Young (Normal) (G1 Evacuation Pause)
[179.750s][info][gc,task        ] GC(910) Using 33 workers of 33 for evacuation
[179.753s][info][gc,phases      ] GC(910)   Pre Evacuate Collection Set: 0.2ms
[179.753s][info][gc,phases      ] GC(910)   Merge Heap Roots: 0.2ms
[179.753s][info][gc,phases      ] GC(910)   Evacuate Collection Set: 0.3ms
[179.753s][info][gc,phases      ] GC(910)   Post Evacuate Collection Set: 2.5ms
[179.753s][info][gc,phases      ] GC(910)   Other: 0.1ms
[179.753s][info][gc,heap        ] GC(910) Eden regions: 329->0(329)
[179.753s][info][gc,heap        ] GC(910) Survivor regions: 1->1(42)
[179.753s][info][gc,heap        ] GC(910) Old regions: 27->27
[179.753s][info][gc,heap        ] GC(910) Archive regions: 0->0
[179.753s][info][gc,heap        ] GC(910) Humongous regions: 0->0
[179.753s][info][gc,metaspace   ] GC(910) Metaspace: 14269K(15168K)->14269K(15168K) NonClass: 12319K(12928K)->12319K(12928K) Class: 1950K(2240K)->1950K(2240K)
[179.753s][info][gc             ] GC(910) Pause Young (Normal) (G1 Evacuation Pause) 338M->9M(551M) 3.541ms
[179.753s][info][gc,cpu         ] GC(910) User=0.52s Sys=0.00s Real=0.00s
[179.950s][info][gc,start       ] GC(911) Pause Young (Normal) (G1 Evacuation Pause)
[179.950s][info][gc,task        ] GC(911) Using 33 workers of 33 for evacuation
[179.954s][info][gc,phases      ] GC(911)   Pre Evacuate Collection Set: 0.1ms
[179.954s][info][gc,phases      ] GC(911)   Merge Heap Roots: 0.2ms
[179.954s][info][gc,phases      ] GC(911)   Evacuate Collection Set: 0.4ms
[179.954s][info][gc,phases      ] GC(911)   Post Evacuate Collection Set: 2.5ms
[179.954s][info][gc,phases      ] GC(911)   Other: 0.1ms
[179.954s][info][gc,heap        ] GC(911) Eden regions: 329->0(329)
[179.954s][info][gc,heap        ] GC(911) Survivor regions: 1->1(42)
[179.954s][info][gc,heap        ] GC(911) Old regions: 27->27
[179.954s][info][gc,heap        ] GC(911) Archive regions: 0->0
[179.954s][info][gc,heap        ] GC(911) Humongous regions: 0->0
[179.954s][info][gc,metaspace   ] GC(911) Metaspace: 14269K(15168K)->14269K(15168K) NonClass: 12319K(12928K)->12319K(12928K) Class: 1950K(2240K)->1950K(2240K)
[179.954s][info][gc             ] GC(911) Pause Young (Normal) (G1 Evacuation Pause) 338M->9M(551M) 3.566ms
[179.954s][info][gc,cpu         ] GC(911) User=0.52s Sys=0.00s Real=0.00s
[180.152s][info][gc,start       ] GC(912) Pause Young (Normal) (G1 Evacuation Pause)
[180.152s][info][gc,task        ] GC(912) Using 33 workers of 33 for evacuation
[180.155s][info][gc,phases      ] GC(912)   Pre Evacuate Collection Set: 0.2ms
[180.155s][info][gc,phases      ] GC(912)   Merge Heap Roots: 0.2ms
[180.155s][info][gc,phases      ] GC(912)   Evacuate Collection Set: 0.3ms
[180.155s][info][gc,phases      ] GC(912)   Post Evacuate Collection Set: 2.6ms
[180.155s][info][gc,phases      ] GC(912)   Other: 0.1ms
[180.155s][info][gc,heap        ] GC(912) Eden regions: 329->0(329)
[180.155s][info][gc,heap        ] GC(912) Survivor regions: 1->1(42)
[180.155s][info][gc,heap        ] GC(912) Old regions: 27->27
[180.155s][info][gc,heap        ] GC(912) Archive regions: 0->0
[180.155s][info][gc,heap        ] GC(912) Humongous regions: 0->0
[180.155s][info][gc,metaspace   ] GC(912) Metaspace: 14269K(15168K)->14269K(15168K) NonClass: 12319K(12928K)->12319K(12928K) Class: 1950K(2240K)->1950K(2240K)
[180.155s][info][gc             ] GC(912) Pause Young (Normal) (G1 Evacuation Pause) 338M->9M(551M) 3.602ms
[180.155s][info][gc,cpu         ] GC(912) User=0.00s Sys=0.00s Real=0.00s
[180.352s][info][gc,start       ] GC(913) Pause Young (Normal) (G1 Evacuation Pause)
[180.352s][info][gc,task        ] GC(913) Using 33 workers of 33 for evacuation
[180.355s][info][gc,phases      ] GC(913)   Pre Evacuate Collection Set: 0.2ms
[180.355s][info][gc,phases      ] GC(913)   Merge Heap Roots: 0.2ms
[180.355s][info][gc,phases      ] GC(913)   Evacuate Collection Set: 0.4ms
[180.355s][info][gc,phases      ] GC(913)   Post Evacuate Collection Set: 2.6ms
[180.355s][info][gc,phases      ] GC(913)   Other: 0.1ms
[180.355s][info][gc,heap        ] GC(913) Eden regions: 329->0(329)
[180.355s][info][gc,heap        ] GC(913) Survivor regions: 1->1(42)
[180.355s][info][gc,heap        ] GC(913) Old regions: 27->27
[180.355s][info][gc,heap        ] GC(913) Archive regions: 0->0
[180.355s][info][gc,heap        ] GC(913) Humongous regions: 0->0
[180.355s][info][gc,metaspace   ] GC(913) Metaspace: 14269K(15168K)->14269K(15168K) NonClass: 12319K(12928K)->12319K(12928K) Class: 1950K(2240K)->1950K(2240K)
[180.355s][info][gc             ] GC(913) Pause Young (Normal) (G1 Evacuation Pause) 338M->9M(551M) 3.645ms
[180.355s][info][gc,cpu         ] GC(913) User=0.00s Sys=0.00s Real=0.00s
[180.553s][info][gc,start       ] GC(914) Pause Young (Normal) (G1 Evacuation Pause)
[180.553s][info][gc,task        ] GC(914) Using 33 workers of 33 for evacuation
[180.556s][info][gc,phases      ] GC(914)   Pre Evacuate Collection Set: 0.2ms
[180.556s][info][gc,phases      ] GC(914)   Merge Heap Roots: 0.1ms
[180.556s][info][gc,phases      ] GC(914)   Evacuate Collection Set: 0.3ms
[180.556s][info][gc,phases      ] GC(914)   Post Evacuate Collection Set: 2.6ms
[180.556s][info][gc,phases      ] GC(914)   Other: 0.1ms
[180.556s][info][gc,heap        ] GC(914) Eden regions: 329->0(329)
[180.556s][info][gc,heap        ] GC(914) Survivor regions: 1->1(42)
[180.556s][info][gc,heap        ] GC(914) Old regions: 27->27
[180.556s][info][gc,heap        ] GC(914) Archive regions: 0->0
[180.556s][info][gc,heap        ] GC(914) Humongous regions: 0->0
[180.556s][info][gc,metaspace   ] GC(914) Metaspace: 14269K(15168K)->14269K(15168K) NonClass: 12319K(12928K)->12319K(12928K) Class: 1950K(2240K)->1950K(2240K)
[180.556s][info][gc             ] GC(914) Pause Young (Normal) (G1 Evacuation Pause) 338M->9M(551M) 3.623ms
[180.556s][info][gc,cpu         ] GC(914) User=0.00s Sys=0.00s Real=0.00s
[180.753s][info][gc,start       ] GC(915) Pause Young (Normal) (G1 Evacuation Pause)
[180.753s][info][gc,task        ] GC(915) Using 33 workers of 33 for evacuation
[180.757s][info][gc,phases      ] GC(915)   Pre Evacuate Collection Set: 0.2ms
[180.757s][info][gc,phases      ] GC(915)   Merge Heap Roots: 0.2ms
[180.757s][info][gc,phases      ] GC(915)   Evacuate Collection Set: 0.3ms
[180.757s][info][gc,phases      ] GC(915)   Post Evacuate Collection Set: 2.7ms
[180.757s][info][gc,phases      ] GC(915)   Other: 0.1ms
[180.757s][info][gc,heap        ] GC(915) Eden regions: 329->0(329)
[180.757s][info][gc,heap        ] GC(915) Survivor regions: 1->1(42)
[180.757s][info][gc,heap        ] GC(915) Old regions: 27->27
[180.757s][info][gc,heap        ] GC(915) Archive regions: 0->0
[180.757s][info][gc,heap        ] GC(915) Humongous regions: 0->0
[180.757s][info][gc,metaspace   ] GC(915) Metaspace: 14269K(15168K)->14269K(15168K) NonClass: 12319K(12928K)->12319K(12928K) Class: 1950K(2240K)->1950K(2240K)
[180.757s][info][gc             ] GC(915) Pause Young (Normal) (G1 Evacuation Pause) 338M->9M(551M) 3.700ms
[180.757s][info][gc,cpu         ] GC(915) User=0.00s Sys=0.00s Real=0.00s
[180.956s][info][gc,start       ] GC(916) Pause Young (Normal) (G1 Evacuation Pause)
[180.956s][info][gc,task        ] GC(916) Using 33 workers of 33 for evacuation
[180.959s][info][gc,phases      ] GC(916)   Pre Evacuate Collection Set: 0.2ms
[180.959s][info][gc,phases      ] GC(916)   Merge Heap Roots: 0.2ms
[180.959s][info][gc,phases      ] GC(916)   Evacuate Collection Set: 0.3ms
[180.959s][info][gc,phases      ] GC(916)   Post Evacuate Collection Set: 2.8ms
[180.959s][info][gc,phases      ] GC(916)   Other: 0.1ms
[180.959s][info][gc,heap        ] GC(916) Eden regions: 329->0(329)
[180.959s][info][gc,heap        ] GC(916) Survivor regions: 1->1(42)
[180.959s][info][gc,heap        ] GC(916) Old regions: 27->27
[180.959s][info][gc,heap        ] GC(916) Archive regions: 0->0
[180.959s][info][gc,heap        ] GC(916) Humongous regions: 0->0
[180.959s][info][gc,metaspace   ] GC(916) Metaspace: 14269K(15168K)->14269K(15168K) NonClass: 12319K(12928K)->12319K(12928K) Class: 1950K(2240K)->1950K(2240K)
[180.959s][info][gc             ] GC(916) Pause Young (Normal) (G1 Evacuation Pause) 338M->9M(551M) 3.748ms
[180.959s][info][gc,cpu         ] GC(916) User=0.00s Sys=0.00s Real=0.00s
[181.160s][info][gc,start       ] GC(917) Pause Young (Normal) (G1 Evacuation Pause)
[181.160s][info][gc,task        ] GC(917) Using 33 workers of 33 for evacuation
[181.164s][info][gc,phases      ] GC(917)   Pre Evacuate Collection Set: 0.2ms
[181.164s][info][gc,phases      ] GC(917)   Merge Heap Roots: 0.1ms
[181.164s][info][gc,phases      ] GC(917)   Evacuate Collection Set: 0.3ms
[181.164s][info][gc,phases      ] GC(917)   Post Evacuate Collection Set: 2.8ms
[181.164s][info][gc,phases      ] GC(917)   Other: 0.1ms
[181.164s][info][gc,heap        ] GC(917) Eden regions: 329->0(329)
[181.164s][info][gc,heap        ] GC(917) Survivor regions: 1->1(42)
[181.164s][info][gc,heap        ] GC(917) Old regions: 27->27
[181.164s][info][gc,heap        ] GC(917) Archive regions: 0->0
[181.164s][info][gc,heap        ] GC(917) Humongous regions: 0->0
[181.164s][info][gc,metaspace   ] GC(917) Metaspace: 14269K(15168K)->14269K(15168K) NonClass: 12319K(12928K)->12319K(12928K) Class: 1950K(2240K)->1950K(2240K)
[181.164s][info][gc             ] GC(917) Pause Young (Normal) (G1 Evacuation Pause) 338M->9M(551M) 3.724ms
[181.164s][info][gc,cpu         ] GC(917) User=0.00s Sys=0.00s Real=0.00s
[181.371s][info][gc,start       ] GC(918) Pause Young (Normal) (G1 Evacuation Pause)
[181.371s][info][gc,task        ] GC(918) Using 33 workers of 33 for evacuation
[181.374s][info][gc,phases      ] GC(918)   Pre Evacuate Collection Set: 0.2ms
[181.374s][info][gc,phases      ] GC(918)   Merge Heap Roots: 0.2ms
[181.374s][info][gc,phases      ] GC(918)   Evacuate Collection Set: 0.3ms
[181.374s][info][gc,phases      ] GC(918)   Post Evacuate Collection Set: 2.8ms
[181.374s][info][gc,phases      ] GC(918)   Other: 0.1ms
[181.374s][info][gc,heap        ] GC(918) Eden regions: 329->0(329)
[181.374s][info][gc,heap        ] GC(918) Survivor regions: 1->1(42)
[181.374s][info][gc,heap        ] GC(918) Old regions: 27->27
[181.374s][info][gc,heap        ] GC(918) Archive regions: 0->0
[181.374s][info][gc,heap        ] GC(918) Humongous regions: 0->0
[181.374s][info][gc,metaspace   ] GC(918) Metaspace: 14269K(15168K)->14269K(15168K) NonClass: 12319K(12928K)->12319K(12928K) Class: 1950K(2240K)->1950K(2240K)
[181.374s][info][gc             ] GC(918) Pause Young (Normal) (G1 Evacuation Pause) 338M->9M(551M) 3.789ms
[181.375s][info][gc,cpu         ] GC(918) User=0.00s Sys=0.00s Real=0.00s
[181.671s][info][gc,start       ] GC(919) Pause Young (Normal) (G1 Evacuation Pause)
[181.671s][info][gc,task        ] GC(919) Using 33 workers of 33 for evacuation
[181.676s][info][gc,phases      ] GC(919)   Pre Evacuate Collection Set: 0.2ms
[181.676s][info][gc,phases      ] GC(919)   Merge Heap Roots: 0.3ms
[181.676s][info][gc,phases      ] GC(919)   Evacuate Collection Set: 0.6ms
[181.676s][info][gc,phases      ] GC(919)   Post Evacuate Collection Set: 3.7ms
[181.676s][info][gc,phases      ] GC(919)   Other: 0.2ms
[181.676s][info][gc,heap        ] GC(919) Eden regions: 329->0(329)
[181.676s][info][gc,heap        ] GC(919) Survivor regions: 1->1(42)
[181.676s][info][gc,heap        ] GC(919) Old regions: 27->27
[181.676s][info][gc,heap        ] GC(919) Archive regions: 0->0
[181.676s][info][gc,heap        ] GC(919) Humongous regions: 0->0
[181.676s][info][gc,metaspace   ] GC(919) Metaspace: 14269K(15168K)->14269K(15168K) NonClass: 12319K(12928K)->12319K(12928K) Class: 1950K(2240K)->1950K(2240K)
[181.677s][info][gc             ] GC(919) Pause Young (Normal) (G1 Evacuation Pause) 338M->9M(551M) 5.506ms
[181.677s][info][gc,cpu         ] GC(919) User=0.00s Sys=0.00s Real=0.00s
[181.912s][info][gc,start       ] GC(920) Pause Young (Normal) (G1 Evacuation Pause)
[181.912s][info][gc,task        ] GC(920) Using 33 workers of 33 for evacuation
[181.915s][info][gc,phases      ] GC(920)   Pre Evacuate Collection Set: 0.2ms
[181.915s][info][gc,phases      ] GC(920)   Merge Heap Roots: 0.2ms
[181.915s][info][gc,phases      ] GC(920)   Evacuate Collection Set: 0.3ms
[181.915s][info][gc,phases      ] GC(920)   Post Evacuate Collection Set: 2.5ms
[181.915s][info][gc,phases      ] GC(920)   Other: 0.1ms
[181.915s][info][gc,heap        ] GC(920) Eden regions: 329->0(329)
[181.915s][info][gc,heap        ] GC(920) Survivor regions: 1->1(42)
[181.915s][info][gc,heap        ] GC(920) Old regions: 27->27
[181.915s][info][gc,heap        ] GC(920) Archive regions: 0->0
[181.915s][info][gc,heap        ] GC(920) Humongous regions: 0->0
[181.915s][info][gc,metaspace   ] GC(920) Metaspace: 14269K(15168K)->14269K(15168K) NonClass: 12319K(12928K)->12319K(12928K) Class: 1950K(2240K)->1950K(2240K)
[181.915s][info][gc             ] GC(920) Pause Young (Normal) (G1 Evacuation Pause) 338M->9M(551M) 3.526ms
[181.916s][info][gc,cpu         ] GC(920) User=0.00s Sys=0.00s Real=0.00s
[182.155s][info][gc,start       ] GC(921) Pause Young (Normal) (G1 Evacuation Pause)
[182.155s][info][gc,task        ] GC(921) Using 33 workers of 33 for evacuation
[182.158s][info][gc,phases      ] GC(921)   Pre Evacuate Collection Set: 0.2ms
[182.158s][info][gc,phases      ] GC(921)   Merge Heap Roots: 0.2ms
[182.158s][info][gc,phases      ] GC(921)   Evacuate Collection Set: 0.4ms
[182.158s][info][gc,phases      ] GC(921)   Post Evacuate Collection Set: 2.2ms
[182.158s][info][gc,phases      ] GC(921)   Other: 0.1ms
[182.158s][info][gc,heap        ] GC(921) Eden regions: 329->0(329)
[182.158s][info][gc,heap        ] GC(921) Survivor regions: 1->1(42)
[182.158s][info][gc,heap        ] GC(921) Old regions: 27->27
[182.158s][info][gc,heap        ] GC(921) Archive regions: 0->0
[182.158s][info][gc,heap        ] GC(921) Humongous regions: 0->0
[182.158s][info][gc,metaspace   ] GC(921) Metaspace: 14269K(15168K)->14269K(15168K) NonClass: 12319K(12928K)->12319K(12928K) Class: 1950K(2240K)->1950K(2240K)
[182.158s][info][gc             ] GC(921) Pause Young (Normal) (G1 Evacuation Pause) 338M->9M(551M) 3.294ms
[182.158s][info][gc,cpu         ] GC(921) User=0.52s Sys=0.00s Real=0.00s
[182.337s][info][gc,start       ] GC(922) Pause Young (Normal) (G1 Evacuation Pause)
[182.337s][info][gc,task        ] GC(922) Using 28 workers of 33 for evacuation
[182.340s][info][gc,phases      ] GC(922)   Pre Evacuate Collection Set: 0.1ms
[182.340s][info][gc,phases      ] GC(922)   Merge Heap Roots: 0.1ms
[182.340s][info][gc,phases      ] GC(922)   Evacuate Collection Set: 0.3ms
[182.340s][info][gc,phases      ] GC(922)   Post Evacuate Collection Set: 2.3ms
[182.340s][info][gc,phases      ] GC(922)   Other: 0.1ms
[182.340s][info][gc,heap        ] GC(922) Eden regions: 329->0(329)
[182.340s][info][gc,heap        ] GC(922) Survivor regions: 1->1(42)
[182.340s][info][gc,heap        ] GC(922) Old regions: 27->28
[182.340s][info][gc,heap        ] GC(922) Archive regions: 0->0
[182.340s][info][gc,heap        ] GC(922) Humongous regions: 0->0
[182.340s][info][gc,metaspace   ] GC(922) Metaspace: 14269K(15168K)->14269K(15168K) NonClass: 12319K(12928K)->12319K(12928K) Class: 1950K(2240K)->1950K(2240K)
[182.340s][info][gc             ] GC(922) Pause Young (Normal) (G1 Evacuation Pause) 338M->9M(551M) 3.208ms
[182.340s][info][gc,cpu         ] GC(922) User=0.00s Sys=0.00s Real=0.00s
[182.534s][info][gc,start       ] GC(923) Pause Full (System.gc())
[182.534s][info][gc,task        ] GC(923) Using 20 workers of 33 for full compaction
[182.535s][info][gc,phases,start] GC(923) Phase 1: Mark live objects
[182.542s][info][gc,phases      ] GC(923) Phase 1: Mark live objects 6.573ms
[182.542s][info][gc,phases,start] GC(923) Phase 2: Prepare compaction
[182.543s][info][gc,phases      ] GC(923) Phase 2: Prepare compaction 0.785ms
[182.543s][info][gc,phases,start] GC(923) Phase 3: Adjust pointers
[182.547s][info][gc,phases      ] GC(923) Phase 3: Adjust pointers 3.957ms
[182.547s][info][gc,phases,start] GC(923) Phase 4: Compact heap
[182.547s][info][gc,phases      ] GC(923) Phase 4: Compact heap 0.642ms
[182.553s][info][gc,heap        ] GC(923) Eden regions: 150->0(38)
[182.553s][info][gc,heap        ] GC(923) Survivor regions: 1->0(42)
[182.553s][info][gc,heap        ] GC(923) Old regions: 28->19
[182.553s][info][gc,heap        ] GC(923) Archive regions: 0->0
[182.553s][info][gc,heap        ] GC(923) Humongous regions: 0->0
[182.553s][info][gc,metaspace   ] GC(923) Metaspace: 14269K(15168K)->14269K(15168K) NonClass: 12319K(12928K)->12319K(12928K) Class: 1950K(2240K)->1950K(2240K)
[182.553s][info][gc             ] GC(923) Pause Full (System.gc()) 158M->5M(64M) 18.825ms
[182.553s][info][gc,cpu         ] GC(923) User=0.00s Sys=0.14s Real=0.02s
[182.581s][info][gc,start       ] GC(924) Pause Young (Normal) (G1 Evacuation Pause)
[182.581s][info][gc,task        ] GC(924) Using 33 workers of 33 for evacuation
[182.584s][info][gc,phases      ] GC(924)   Pre Evacuate Collection Set: 0.1ms
[182.584s][info][gc,phases      ] GC(924)   Merge Heap Roots: 0.1ms
[182.584s][info][gc,phases      ] GC(924)   Evacuate Collection Set: 0.4ms
[182.584s][info][gc,phases      ] GC(924)   Post Evacuate Collection Set: 2.1ms
[182.584s][info][gc,phases      ] GC(924)   Other: 0.1ms
[182.584s][info][gc,heap        ] GC(924) Eden regions: 38->0(36)
[182.584s][info][gc,heap        ] GC(924) Survivor regions: 0->2(5)
[182.584s][info][gc,heap        ] GC(924) Old regions: 19->19
[182.584s][info][gc,heap        ] GC(924) Archive regions: 0->0
[182.584s][info][gc,heap        ] GC(924) Humongous regions: 0->0
[182.584s][info][gc,metaspace   ] GC(924) Metaspace: 14269K(15168K)->14269K(15168K) NonClass: 12319K(12928K)->12319K(12928K) Class: 1950K(2240K)->1950K(2240K)
[182.584s][info][gc             ] GC(924) Pause Young (Normal) (G1 Evacuation Pause) 43M->6M(64M) 2.929ms
[182.584s][info][gc,cpu         ] GC(924) User=0.00s Sys=0.00s Real=0.00s
[182.602s][info][gc,start       ] GC(925) Pause Young (Normal) (G1 Evacuation Pause)
[182.603s][info][gc,task        ] GC(925) Using 33 workers of 33 for evacuation
[182.605s][info][gc,phases      ] GC(925)   Pre Evacuate Collection Set: 0.1ms
[182.605s][info][gc,phases      ] GC(925)   Merge Heap Roots: 0.1ms
[182.605s][info][gc,phases      ] GC(925)   Evacuate Collection Set: 0.4ms
[182.605s][info][gc,phases      ] GC(925)   Post Evacuate Collection Set: 1.9ms
[182.605s][info][gc,phases      ] GC(925)   Other: 0.1ms
[182.605s][info][gc,heap        ] GC(925) Eden regions: 36->0(36)
[182.605s][info][gc,heap        ] GC(925) Survivor regions: 2->2(5)
[182.605s][info][gc,heap        ] GC(925) Old regions: 19->19
[182.605s][info][gc,heap        ] GC(925) Archive regions: 0->0
[182.605s][info][gc,heap        ] GC(925) Humongous regions: 0->0
[182.605s][info][gc,metaspace   ] GC(925) Metaspace: 14269K(15168K)->14269K(15168K) NonClass: 12319K(12928K)->12319K(12928K) Class: 1950K(2240K)->1950K(2240K)
[182.605s][info][gc             ] GC(925) Pause Young (Normal) (G1 Evacuation Pause) 42M->6M(64M) 2.780ms
[182.605s][info][gc,cpu         ] GC(925) User=0.00s Sys=0.00s Real=0.00s
[182.624s][info][gc,start       ] GC(926) Pause Young (Normal) (G1 Evacuation Pause)
[182.624s][info][gc,task        ] GC(926) Using 33 workers of 33 for evacuation
[182.627s][info][gc,phases      ] GC(926)   Pre Evacuate Collection Set: 0.1ms
[182.627s][info][gc,phases      ] GC(926)   Merge Heap Roots: 0.1ms
[182.627s][info][gc,phases      ] GC(926)   Evacuate Collection Set: 0.4ms
[182.627s][info][gc,phases      ] GC(926)   Post Evacuate Collection Set: 1.9ms
[182.627s][info][gc,phases      ] GC(926)   Other: 0.1ms
[182.627s][info][gc,heap        ] GC(926) Eden regions: 36->0(36)
[182.627s][info][gc,heap        ] GC(926) Survivor regions: 2->2(5)
[182.627s][info][gc,heap        ] GC(926) Old regions: 19->19
[182.627s][info][gc,heap        ] GC(926) Archive regions: 0->0
[182.627s][info][gc,heap        ] GC(926) Humongous regions: 0->0
[182.627s][info][gc,metaspace   ] GC(926) Metaspace: 14269K(15168K)->14269K(15168K) NonClass: 12319K(12928K)->12319K(12928K) Class: 1950K(2240K)->1950K(2240K)
[182.627s][info][gc             ] GC(926) Pause Young (Normal) (G1 Evacuation Pause) 42M->6M(64M) 2.845ms
[182.627s][info][gc,cpu         ] GC(926) User=0.52s Sys=0.00s Real=0.00s
[182.646s][info][gc,start       ] GC(927) Pause Young (Normal) (G1 Evacuation Pause)
[182.646s][info][gc,task        ] GC(927) Using 33 workers of 33 for evacuation
[182.650s][info][gc,phases      ] GC(927)   Pre Evacuate Collection Set: 0.1ms
[182.650s][info][gc,phases      ] GC(927)   Merge Heap Roots: 0.1ms
[182.650s][info][gc,phases      ] GC(927)   Evacuate Collection Set: 0.4ms
[182.650s][info][gc,phases      ] GC(927)   Post Evacuate Collection Set: 3.5ms
[182.650s][info][gc,phases      ] GC(927)   Other: 0.1ms
[182.650s][info][gc,heap        ] GC(927) Eden regions: 36->0(324)
[182.650s][info][gc,heap        ] GC(927) Survivor regions: 2->2(5)
[182.650s][info][gc,heap        ] GC(927) Old regions: 19->19
[182.650s][info][gc,heap        ] GC(927) Archive regions: 0->0
[182.650s][info][gc,heap        ] GC(927) Humongous regions: 0->0
[182.650s][info][gc,metaspace   ] GC(927) Metaspace: 14269K(15168K)->14269K(15168K) NonClass: 12319K(12928K)->12319K(12928K) Class: 1950K(2240K)->1950K(2240K)
[182.650s][info][gc             ] GC(927) Pause Young (Normal) (G1 Evacuation Pause) 42M->6M(544M) 4.364ms
[182.650s][info][gc,cpu         ] GC(927) User=0.00s Sys=0.00s Real=0.00s
[182.818s][info][gc,start       ] GC(928) Pause Young (Normal) (G1 Evacuation Pause)
[182.818s][info][gc,task        ] GC(928) Using 33 workers of 33 for evacuation
[182.822s][info][gc,phases      ] GC(928)   Pre Evacuate Collection Set: 0.1ms
[182.822s][info][gc,phases      ] GC(928)   Merge Heap Roots: 0.1ms
[182.822s][info][gc,phases      ] GC(928)   Evacuate Collection Set: 1.2ms
[182.822s][info][gc,phases      ] GC(928)   Post Evacuate Collection Set: 2.3ms
[182.822s][info][gc,phases      ] GC(928)   Other: 0.1ms
[182.822s][info][gc,heap        ] GC(928) Eden regions: 324->0(324)
[182.822s][info][gc,heap        ] GC(928) Survivor regions: 2->2(41)
[182.822s][info][gc,heap        ] GC(928) Old regions: 19->19
[182.822s][info][gc,heap        ] GC(928) Archive regions: 0->0
[182.822s][info][gc,heap        ] GC(928) Humongous regions: 0->0
[182.822s][info][gc,metaspace   ] GC(928) Metaspace: 14269K(15168K)->14269K(15168K) NonClass: 12319K(12928K)->12319K(12928K) Class: 1950K(2240K)->1950K(2240K)
[182.822s][info][gc             ] GC(928) Pause Young (Normal) (G1 Evacuation Pause) 330M->6M(544M) 4.163ms
[182.822s][info][gc,cpu         ] GC(928) User=0.00s Sys=0.00s Real=0.00s
[182.994s][info][gc,start       ] GC(929) Pause Young (Normal) (G1 Evacuation Pause)
[182.994s][info][gc,task        ] GC(929) Using 33 workers of 33 for evacuation
[182.999s][info][gc,phases      ] GC(929)   Pre Evacuate Collection Set: 0.1ms
[182.999s][info][gc,phases      ] GC(929)   Merge Heap Roots: 0.1ms
[182.999s][info][gc,phases      ] GC(929)   Evacuate Collection Set: 1.8ms
[182.999s][info][gc,phases      ] GC(929)   Post Evacuate Collection Set: 2.4ms
[182.999s][info][gc,phases      ] GC(929)   Other: 0.1ms
[182.999s][info][gc,heap        ] GC(929) Eden regions: 324->0(324)
[182.999s][info][gc,heap        ] GC(929) Survivor regions: 2->2(41)
[182.999s][info][gc,heap        ] GC(929) Old regions: 19->19
[182.999s][info][gc,heap        ] GC(929) Archive regions: 0->0
[182.999s][info][gc,heap        ] GC(929) Humongous regions: 0->0
[182.999s][info][gc,metaspace   ] GC(929) Metaspace: 14269K(15168K)->14269K(15168K) NonClass: 12319K(12928K)->12319K(12928K) Class: 1950K(2240K)->1950K(2240K)
[182.999s][info][gc             ] GC(929) Pause Young (Normal) (G1 Evacuation Pause) 330M->6M(544M) 4.765ms
[182.999s][info][gc,cpu         ] GC(929) User=0.00s Sys=0.00s Real=0.00s
[183.173s][info][gc,start       ] GC(930) Pause Young (Normal) (G1 Evacuation Pause)
[183.173s][info][gc,task        ] GC(930) Using 33 workers of 33 for evacuation
[183.176s][info][gc,phases      ] GC(930)   Pre Evacuate Collection Set: 0.1ms
[183.176s][info][gc,phases      ] GC(930)   Merge Heap Roots: 0.1ms
[183.176s][info][gc,phases      ] GC(930)   Evacuate Collection Set: 0.6ms
[183.176s][info][gc,phases      ] GC(930)   Post Evacuate Collection Set: 2.4ms
[183.176s][info][gc,phases      ] GC(930)   Other: 0.1ms
[183.176s][info][gc,heap        ] GC(930) Eden regions: 324->0(324)
[183.176s][info][gc,heap        ] GC(930) Survivor regions: 2->2(41)
[183.176s][info][gc,heap        ] GC(930) Old regions: 19->19
[183.176s][info][gc,heap        ] GC(930) Archive regions: 0->0
[183.176s][info][gc,heap        ] GC(930) Humongous regions: 0->0
[183.176s][info][gc,metaspace   ] GC(930) Metaspace: 14269K(15168K)->14269K(15168K) NonClass: 12319K(12928K)->12319K(12928K) Class: 1950K(2240K)->1950K(2240K)
[183.176s][info][gc             ] GC(930) Pause Young (Normal) (G1 Evacuation Pause) 330M->6M(544M) 3.598ms
[183.176s][info][gc,cpu         ] GC(930) User=0.00s Sys=0.00s Real=0.00s
[183.345s][info][gc,start       ] GC(931) Pause Young (Normal) (G1 Evacuation Pause)
[183.346s][info][gc,task        ] GC(931) Using 33 workers of 33 for evacuation
[183.349s][info][gc,phases      ] GC(931)   Pre Evacuate Collection Set: 0.1ms
[183.349s][info][gc,phases      ] GC(931)   Merge Heap Roots: 0.1ms
[183.349s][info][gc,phases      ] GC(931)   Evacuate Collection Set: 0.5ms
[183.349s][info][gc,phases      ] GC(931)   Post Evacuate Collection Set: 2.4ms
[183.349s][info][gc,phases      ] GC(931)   Other: 0.1ms
[183.349s][info][gc,heap        ] GC(931) Eden regions: 324->0(324)
[183.349s][info][gc,heap        ] GC(931) Survivor regions: 2->2(41)
[183.349s][info][gc,heap        ] GC(931) Old regions: 19->19
[183.349s][info][gc,heap        ] GC(931) Archive regions: 0->0
[183.349s][info][gc,heap        ] GC(931) Humongous regions: 0->0
[183.349s][info][gc,metaspace   ] GC(931) Metaspace: 14269K(15168K)->14269K(15168K) NonClass: 12319K(12928K)->12319K(12928K) Class: 1950K(2240K)->1950K(2240K)
[183.349s][info][gc             ] GC(931) Pause Young (Normal) (G1 Evacuation Pause) 330M->6M(544M) 3.568ms
[183.349s][info][gc,cpu         ] GC(931) User=0.00s Sys=0.00s Real=0.00s
[183.520s][info][gc,start       ] GC(932) Pause Young (Normal) (G1 Evacuation Pause)
[183.521s][info][gc,task        ] GC(932) Using 33 workers of 33 for evacuation
[183.524s][info][gc,phases      ] GC(932)   Pre Evacuate Collection Set: 0.1ms
[183.524s][info][gc,phases      ] GC(932)   Merge Heap Roots: 0.1ms
[183.524s][info][gc,phases      ] GC(932)   Evacuate Collection Set: 0.5ms
[183.524s][info][gc,phases      ] GC(932)   Post Evacuate Collection Set: 2.5ms
[183.524s][info][gc,phases      ] GC(932)   Other: 0.1ms
[183.524s][info][gc,heap        ] GC(932) Eden regions: 324->0(324)
[183.524s][info][gc,heap        ] GC(932) Survivor regions: 2->2(41)
[183.524s][info][gc,heap        ] GC(932) Old regions: 19->19
[183.524s][info][gc,heap        ] GC(932) Archive regions: 0->0
[183.524s][info][gc,heap        ] GC(932) Humongous regions: 0->0
[183.524s][info][gc,metaspace   ] GC(932) Metaspace: 14269K(15168K)->14269K(15168K) NonClass: 12319K(12928K)->12319K(12928K) Class: 1950K(2240K)->1950K(2240K)
[183.524s][info][gc             ] GC(932) Pause Young (Normal) (G1 Evacuation Pause) 330M->6M(544M) 3.535ms
[183.524s][info][gc,cpu         ] GC(932) User=0.00s Sys=0.00s Real=0.00s
[183.694s][info][gc,start       ] GC(933) Pause Young (Normal) (G1 Evacuation Pause)
[183.694s][info][gc,task        ] GC(933) Using 33 workers of 33 for evacuation
[183.697s][info][gc,phases      ] GC(933)   Pre Evacuate Collection Set: 0.1ms
[183.697s][info][gc,phases      ] GC(933)   Merge Heap Roots: 0.1ms
[183.697s][info][gc,phases      ] GC(933)   Evacuate Collection Set: 0.4ms
[183.697s][info][gc,phases      ] GC(933)   Post Evacuate Collection Set: 2.5ms
[183.697s][info][gc,phases      ] GC(933)   Other: 0.1ms
[183.697s][info][gc,heap        ] GC(933) Eden regions: 324->0(324)
[183.697s][info][gc,heap        ] GC(933) Survivor regions: 2->2(41)
[183.697s][info][gc,heap        ] GC(933) Old regions: 19->19
[183.697s][info][gc,heap        ] GC(933) Archive regions: 0->0
[183.697s][info][gc,heap        ] GC(933) Humongous regions: 0->0
[183.697s][info][gc,metaspace   ] GC(933) Metaspace: 14269K(15168K)->14269K(15168K) NonClass: 12319K(12928K)->12319K(12928K) Class: 1950K(2240K)->1950K(2240K)
[183.697s][info][gc             ] GC(933) Pause Young (Normal) (G1 Evacuation Pause) 330M->6M(544M) 3.617ms
[183.697s][info][gc,cpu         ] GC(933) User=0.00s Sys=0.00s Real=0.00s
[183.869s][info][gc,start       ] GC(934) Pause Young (Normal) (G1 Evacuation Pause)
[183.870s][info][gc,task        ] GC(934) Using 33 workers of 33 for evacuation
[183.873s][info][gc,phases      ] GC(934)   Pre Evacuate Collection Set: 0.1ms
[183.873s][info][gc,phases      ] GC(934)   Merge Heap Roots: 0.1ms
[183.873s][info][gc,phases      ] GC(934)   Evacuate Collection Set: 0.5ms
[183.873s][info][gc,phases      ] GC(934)   Post Evacuate Collection Set: 2.5ms
[183.873s][info][gc,phases      ] GC(934)   Other: 0.1ms
[183.873s][info][gc,heap        ] GC(934) Eden regions: 324->0(324)
[183.873s][info][gc,heap        ] GC(934) Survivor regions: 2->2(41)
[183.873s][info][gc,heap        ] GC(934) Old regions: 19->19
[183.873s][info][gc,heap        ] GC(934) Archive regions: 0->0
[183.873s][info][gc,heap        ] GC(934) Humongous regions: 0->0
[183.873s][info][gc,metaspace   ] GC(934) Metaspace: 14269K(15168K)->14269K(15168K) NonClass: 12319K(12928K)->12319K(12928K) Class: 1950K(2240K)->1950K(2240K)
[183.873s][info][gc             ] GC(934) Pause Young (Normal) (G1 Evacuation Pause) 330M->6M(544M) 3.579ms
[183.873s][info][gc,cpu         ] GC(934) User=0.00s Sys=0.00s Real=0.00s
[184.043s][info][gc,start       ] GC(935) Pause Young (Normal) (G1 Evacuation Pause)
[184.043s][info][gc,task        ] GC(935) Using 33 workers of 33 for evacuation
[184.046s][info][gc,phases      ] GC(935)   Pre Evacuate Collection Set: 0.1ms
[184.046s][info][gc,phases      ] GC(935)   Merge Heap Roots: 0.1ms
[184.046s][info][gc,phases      ] GC(935)   Evacuate Collection Set: 0.5ms
[184.046s][info][gc,phases      ] GC(935)   Post Evacuate Collection Set: 2.5ms
[184.046s][info][gc,phases      ] GC(935)   Other: 0.1ms
[184.046s][info][gc,heap        ] GC(935) Eden regions: 324->0(324)
[184.046s][info][gc,heap        ] GC(935) Survivor regions: 2->2(41)
[184.046s][info][gc,heap        ] GC(935) Old regions: 19->19
[184.046s][info][gc,heap        ] GC(935) Archive regions: 0->0
[184.046s][info][gc,heap        ] GC(935) Humongous regions: 0->0
[184.047s][info][gc,metaspace   ] GC(935) Metaspace: 14269K(15168K)->14269K(15168K) NonClass: 12319K(12928K)->12319K(12928K) Class: 1950K(2240K)->1950K(2240K)
[184.047s][info][gc             ] GC(935) Pause Young (Normal) (G1 Evacuation Pause) 330M->6M(544M) 3.608ms
[184.047s][info][gc,cpu         ] GC(935) User=0.00s Sys=0.00s Real=0.00s
[184.216s][info][gc,start       ] GC(936) Pause Young (Normal) (G1 Evacuation Pause)
[184.216s][info][gc,task        ] GC(936) Using 33 workers of 33 for evacuation
[184.219s][info][gc,phases      ] GC(936)   Pre Evacuate Collection Set: 0.1ms
[184.219s][info][gc,phases      ] GC(936)   Merge Heap Roots: 0.1ms
[184.219s][info][gc,phases      ] GC(936)   Evacuate Collection Set: 0.5ms
[184.219s][info][gc,phases      ] GC(936)   Post Evacuate Collection Set: 2.6ms
[184.219s][info][gc,phases      ] GC(936)   Other: 0.1ms
[184.219s][info][gc,heap        ] GC(936) Eden regions: 324->0(324)
[184.219s][info][gc,heap        ] GC(936) Survivor regions: 2->2(41)
[184.219s][info][gc,heap        ] GC(936) Old regions: 19->19
[184.219s][info][gc,heap        ] GC(936) Archive regions: 0->0
[184.219s][info][gc,heap        ] GC(936) Humongous regions: 0->0
[184.219s][info][gc,metaspace   ] GC(936) Metaspace: 14269K(15168K)->14269K(15168K) NonClass: 12319K(12928K)->12319K(12928K) Class: 1950K(2240K)->1950K(2240K)
[184.219s][info][gc             ] GC(936) Pause Young (Normal) (G1 Evacuation Pause) 330M->6M(544M) 3.656ms
[184.219s][info][gc,cpu         ] GC(936) User=0.03s Sys=0.00s Real=0.00s
[184.390s][info][gc,start       ] GC(937) Pause Young (Normal) (G1 Evacuation Pause)
[184.391s][info][gc,task        ] GC(937) Using 33 workers of 33 for evacuation
[184.394s][info][gc,phases      ] GC(937)   Pre Evacuate Collection Set: 0.1ms
[184.394s][info][gc,phases      ] GC(937)   Merge Heap Roots: 0.1ms
[184.394s][info][gc,phases      ] GC(937)   Evacuate Collection Set: 0.5ms
[184.394s][info][gc,phases      ] GC(937)   Post Evacuate Collection Set: 2.6ms
[184.394s][info][gc,phases      ] GC(937)   Other: 0.1ms
[184.394s][info][gc,heap        ] GC(937) Eden regions: 324->0(324)
[184.394s][info][gc,heap        ] GC(937) Survivor regions: 2->2(41)
[184.394s][info][gc,heap        ] GC(937) Old regions: 19->19
[184.394s][info][gc,heap        ] GC(937) Archive regions: 0->0
[184.394s][info][gc,heap        ] GC(937) Humongous regions: 0->0
[184.394s][info][gc,metaspace   ] GC(937) Metaspace: 14269K(15168K)->14269K(15168K) NonClass: 12319K(12928K)->12319K(12928K) Class: 1950K(2240K)->1950K(2240K)
[184.394s][info][gc             ] GC(937) Pause Young (Normal) (G1 Evacuation Pause) 330M->6M(544M) 3.710ms
[184.394s][info][gc,cpu         ] GC(937) User=0.02s Sys=0.00s Real=0.00s
[184.564s][info][gc,start       ] GC(938) Pause Young (Normal) (G1 Evacuation Pause)
[184.564s][info][gc,task        ] GC(938) Using 33 workers of 33 for evacuation
[184.567s][info][gc,phases      ] GC(938)   Pre Evacuate Collection Set: 0.1ms
[184.567s][info][gc,phases      ] GC(938)   Merge Heap Roots: 0.1ms
[184.567s][info][gc,phases      ] GC(938)   Evacuate Collection Set: 0.5ms
[184.567s][info][gc,phases      ] GC(938)   Post Evacuate Collection Set: 2.7ms
[184.567s][info][gc,phases      ] GC(938)   Other: 0.1ms
[184.567s][info][gc,heap        ] GC(938) Eden regions: 324->0(324)
[184.567s][info][gc,heap        ] GC(938) Survivor regions: 2->2(41)
[184.567s][info][gc,heap        ] GC(938) Old regions: 19->19
[184.567s][info][gc,heap        ] GC(938) Archive regions: 0->0
[184.567s][info][gc,heap        ] GC(938) Humongous regions: 0->0
[184.567s][info][gc,metaspace   ] GC(938) Metaspace: 14269K(15168K)->14269K(15168K) NonClass: 12319K(12928K)->12319K(12928K) Class: 1950K(2240K)->1950K(2240K)
[184.568s][info][gc             ] GC(938) Pause Young (Normal) (G1 Evacuation Pause) 330M->7M(544M) 3.747ms
[184.568s][info][gc,cpu         ] GC(938) User=0.00s Sys=0.00s Real=0.00s
[184.740s][info][gc,start       ] GC(939) Pause Young (Normal) (G1 Evacuation Pause)
[184.740s][info][gc,task        ] GC(939) Using 33 workers of 33 for evacuation
[184.743s][info][gc,phases      ] GC(939)   Pre Evacuate Collection Set: 0.1ms
[184.743s][info][gc,phases      ] GC(939)   Merge Heap Roots: 0.1ms
[184.743s][info][gc,phases      ] GC(939)   Evacuate Collection Set: 0.5ms
[184.743s][info][gc,phases      ] GC(939)   Post Evacuate Collection Set: 2.7ms
[184.743s][info][gc,phases      ] GC(939)   Other: 0.1ms
[184.743s][info][gc,heap        ] GC(939) Eden regions: 324->0(325)
[184.743s][info][gc,heap        ] GC(939) Survivor regions: 2->1(41)
[184.743s][info][gc,heap        ] GC(939) Old regions: 19->21
[184.743s][info][gc,heap        ] GC(939) Archive regions: 0->0
[184.743s][info][gc,heap        ] GC(939) Humongous regions: 0->0
[184.743s][info][gc,metaspace   ] GC(939) Metaspace: 14269K(15168K)->14269K(15168K) NonClass: 12319K(12928K)->12319K(12928K) Class: 1950K(2240K)->1950K(2240K)
[184.743s][info][gc             ] GC(939) Pause Young (Normal) (G1 Evacuation Pause) 331M->7M(544M) 3.836ms
[184.743s][info][gc,cpu         ] GC(939) User=0.00s Sys=0.00s Real=0.00s
[184.937s][info][gc,start       ] GC(940) Pause Young (Normal) (G1 Evacuation Pause)
[184.937s][info][gc,task        ] GC(940) Using 33 workers of 33 for evacuation
[184.940s][info][gc,phases      ] GC(940)   Pre Evacuate Collection Set: 0.2ms
[184.940s][info][gc,phases      ] GC(940)   Merge Heap Roots: 0.2ms
[184.940s][info][gc,phases      ] GC(940)   Evacuate Collection Set: 0.3ms
[184.940s][info][gc,phases      ] GC(940)   Post Evacuate Collection Set: 2.7ms
[184.940s][info][gc,phases      ] GC(940)   Other: 0.1ms
[184.940s][info][gc,heap        ] GC(940) Eden regions: 325->0(325)
[184.940s][info][gc,heap        ] GC(940) Survivor regions: 1->1(41)
[184.940s][info][gc,heap        ] GC(940) Old regions: 21->21
[184.940s][info][gc,heap        ] GC(940) Archive regions: 0->0
[184.940s][info][gc,heap        ] GC(940) Humongous regions: 0->0
[184.940s][info][gc,metaspace   ] GC(940) Metaspace: 14269K(15168K)->14269K(15168K) NonClass: 12319K(12928K)->12319K(12928K) Class: 1950K(2240K)->1950K(2240K)
[184.940s][info][gc             ] GC(940) Pause Young (Normal) (G1 Evacuation Pause) 332M->7M(544M) 3.760ms
[184.940s][info][gc,cpu         ] GC(940) User=0.39s Sys=0.00s Real=0.00s
[185.134s][info][gc,start       ] GC(941) Pause Young (Normal) (G1 Evacuation Pause)
[185.134s][info][gc,task        ] GC(941) Using 33 workers of 33 for evacuation
[185.137s][info][gc,phases      ] GC(941)   Pre Evacuate Collection Set: 0.2ms
[185.138s][info][gc,phases      ] GC(941)   Merge Heap Roots: 0.1ms
[185.138s][info][gc,phases      ] GC(941)   Evacuate Collection Set: 0.3ms
[185.138s][info][gc,phases      ] GC(941)   Post Evacuate Collection Set: 2.7ms
[185.138s][info][gc,phases      ] GC(941)   Other: 0.1ms
[185.138s][info][gc,heap        ] GC(941) Eden regions: 325->0(325)
[185.138s][info][gc,heap        ] GC(941) Survivor regions: 1->1(41)
[185.138s][info][gc,heap        ] GC(941) Old regions: 21->21
[185.138s][info][gc,heap        ] GC(941) Archive regions: 0->0
[185.138s][info][gc,heap        ] GC(941) Humongous regions: 0->0
[185.138s][info][gc,metaspace   ] GC(941) Metaspace: 14269K(15168K)->14269K(15168K) NonClass: 12319K(12928K)->12319K(12928K) Class: 1950K(2240K)->1950K(2240K)
[185.138s][info][gc             ] GC(941) Pause Young (Normal) (G1 Evacuation Pause) 332M->7M(544M) 3.712ms
[185.138s][info][gc,cpu         ] GC(941) User=0.00s Sys=0.00s Real=0.00s
[185.394s][info][gc,start       ] GC(942) Pause Young (Normal) (G1 Evacuation Pause)
[185.394s][info][gc,task        ] GC(942) Using 33 workers of 33 for evacuation
[185.398s][info][gc,phases      ] GC(942)   Pre Evacuate Collection Set: 0.2ms
[185.399s][info][gc,phases      ] GC(942)   Merge Heap Roots: 0.2ms
[185.399s][info][gc,phases      ] GC(942)   Evacuate Collection Set: 0.5ms
[185.399s][info][gc,phases      ] GC(942)   Post Evacuate Collection Set: 3.6ms
[185.399s][info][gc,phases      ] GC(942)   Other: 0.2ms
[185.399s][info][gc,heap        ] GC(942) Eden regions: 325->0(325)
[185.399s][info][gc,heap        ] GC(942) Survivor regions: 1->1(41)
[185.399s][info][gc,heap        ] GC(942) Old regions: 21->21
[185.399s][info][gc,heap        ] GC(942) Archive regions: 0->0
[185.399s][info][gc,heap        ] GC(942) Humongous regions: 0->0
[185.399s][info][gc,metaspace   ] GC(942) Metaspace: 14269K(15168K)->14269K(15168K) NonClass: 12319K(12928K)->12319K(12928K) Class: 1950K(2240K)->1950K(2240K)
[185.399s][info][gc             ] GC(942) Pause Young (Normal) (G1 Evacuation Pause) 332M->7M(544M) 5.347ms
[185.399s][info][gc,cpu         ] GC(942) User=0.00s Sys=0.00s Real=0.00s
[185.598s][info][gc,start       ] GC(943) Pause Young (Normal) (G1 Evacuation Pause)
[185.598s][info][gc,task        ] GC(943) Using 33 workers of 33 for evacuation
[185.602s][info][gc,phases      ] GC(943)   Pre Evacuate Collection Set: 0.2ms
[185.602s][info][gc,phases      ] GC(943)   Merge Heap Roots: 0.2ms
[185.602s][info][gc,phases      ] GC(943)   Evacuate Collection Set: 0.3ms
[185.602s][info][gc,phases      ] GC(943)   Post Evacuate Collection Set: 2.7ms
[185.602s][info][gc,phases      ] GC(943)   Other: 0.1ms
[185.602s][info][gc,heap        ] GC(943) Eden regions: 325->0(325)
[185.602s][info][gc,heap        ] GC(943) Survivor regions: 1->1(41)
[185.602s][info][gc,heap        ] GC(943) Old regions: 21->21
[185.602s][info][gc,heap        ] GC(943) Archive regions: 0->0
[185.602s][info][gc,heap        ] GC(943) Humongous regions: 0->0
[185.602s][info][gc,metaspace   ] GC(943) Metaspace: 14269K(15168K)->14269K(15168K) NonClass: 12319K(12928K)->12319K(12928K) Class: 1950K(2240K)->1950K(2240K)
[185.602s][info][gc             ] GC(943) Pause Young (Normal) (G1 Evacuation Pause) 332M->7M(544M) 3.676ms
[185.602s][info][gc,cpu         ] GC(943) User=0.00s Sys=0.00s Real=0.00s
[185.798s][info][gc,start       ] GC(944) Pause Young (Normal) (G1 Evacuation Pause)
[185.798s][info][gc,task        ] GC(944) Using 33 workers of 33 for evacuation
[185.802s][info][gc,phases      ] GC(944)   Pre Evacuate Collection Set: 0.1ms
[185.802s][info][gc,phases      ] GC(944)   Merge Heap Roots: 0.1ms
[185.802s][info][gc,phases      ] GC(944)   Evacuate Collection Set: 0.3ms
[185.802s][info][gc,phases      ] GC(944)   Post Evacuate Collection Set: 2.5ms
[185.802s][info][gc,phases      ] GC(944)   Other: 0.1ms
[185.802s][info][gc,heap        ] GC(944) Eden regions: 325->0(325)
[185.802s][info][gc,heap        ] GC(944) Survivor regions: 1->1(41)
[185.802s][info][gc,heap        ] GC(944) Old regions: 21->21
[185.802s][info][gc,heap        ] GC(944) Archive regions: 0->0
[185.802s][info][gc,heap        ] GC(944) Humongous regions: 0->0
[185.802s][info][gc,metaspace   ] GC(944) Metaspace: 14269K(15168K)->14269K(15168K) NonClass: 12319K(12928K)->12319K(12928K) Class: 1950K(2240K)->1950K(2240K)
[185.802s][info][gc             ] GC(944) Pause Young (Normal) (G1 Evacuation Pause) 332M->7M(544M) 3.481ms
[185.802s][info][gc,cpu         ] GC(944) User=0.00s Sys=0.00s Real=0.00s
[185.996s][info][gc,start       ] GC(945) Pause Young (Normal) (G1 Evacuation Pause)
[185.996s][info][gc,task        ] GC(945) Using 33 workers of 33 for evacuation
[185.999s][info][gc,phases      ] GC(945)   Pre Evacuate Collection Set: 0.2ms
[185.999s][info][gc,phases      ] GC(945)   Merge Heap Roots: 0.2ms
[185.999s][info][gc,phases      ] GC(945)   Evacuate Collection Set: 0.3ms
[185.999s][info][gc,phases      ] GC(945)   Post Evacuate Collection Set: 2.4ms
[185.999s][info][gc,phases      ] GC(945)   Other: 0.1ms
[185.999s][info][gc,heap        ] GC(945) Eden regions: 325->0(325)
[185.999s][info][gc,heap        ] GC(945) Survivor regions: 1->1(41)
[185.999s][info][gc,heap        ] GC(945) Old regions: 21->21
[185.999s][info][gc,heap        ] GC(945) Archive regions: 0->0
[185.999s][info][gc,heap        ] GC(945) Humongous regions: 0->0
[185.999s][info][gc,metaspace   ] GC(945) Metaspace: 14269K(15168K)->14269K(15168K) NonClass: 12319K(12928K)->12319K(12928K) Class: 1950K(2240K)->1950K(2240K)
[185.999s][info][gc             ] GC(945) Pause Young (Normal) (G1 Evacuation Pause) 332M->7M(544M) 3.479ms
[185.999s][info][gc,cpu         ] GC(945) User=0.00s Sys=0.00s Real=0.00s
[186.196s][info][gc,start       ] GC(946) Pause Young (Normal) (G1 Evacuation Pause)
[186.196s][info][gc,task        ] GC(946) Using 33 workers of 33 for evacuation
[186.199s][info][gc,phases      ] GC(946)   Pre Evacuate Collection Set: 0.2ms
[186.199s][info][gc,phases      ] GC(946)   Merge Heap Roots: 0.2ms
[186.199s][info][gc,phases      ] GC(946)   Evacuate Collection Set: 0.3ms
[186.199s][info][gc,phases      ] GC(946)   Post Evacuate Collection Set: 2.3ms
[186.199s][info][gc,phases      ] GC(946)   Other: 0.1ms
[186.199s][info][gc,heap        ] GC(946) Eden regions: 325->0(325)
[186.199s][info][gc,heap        ] GC(946) Survivor regions: 1->1(41)
[186.199s][info][gc,heap        ] GC(946) Old regions: 21->21
[186.199s][info][gc,heap        ] GC(946) Archive regions: 0->0
[186.199s][info][gc,heap        ] GC(946) Humongous regions: 0->0
[186.199s][info][gc,metaspace   ] GC(946) Metaspace: 14269K(15168K)->14269K(15168K) NonClass: 12319K(12928K)->12319K(12928K) Class: 1950K(2240K)->1950K(2240K)
[186.199s][info][gc             ] GC(946) Pause Young (Normal) (G1 Evacuation Pause) 332M->7M(544M) 3.282ms
[186.199s][info][gc,cpu         ] GC(946) User=0.00s Sys=0.00s Real=0.00s
[186.394s][info][gc,start       ] GC(947) Pause Young (Normal) (G1 Evacuation Pause)
[186.394s][info][gc,task        ] GC(947) Using 33 workers of 33 for evacuation
[186.397s][info][gc,phases      ] GC(947)   Pre Evacuate Collection Set: 0.1ms
[186.397s][info][gc,phases      ] GC(947)   Merge Heap Roots: 0.2ms
[186.397s][info][gc,phases      ] GC(947)   Evacuate Collection Set: 0.3ms
[186.397s][info][gc,phases      ] GC(947)   Post Evacuate Collection Set: 2.4ms
[186.397s][info][gc,phases      ] GC(947)   Other: 0.1ms
[186.397s][info][gc,heap        ] GC(947) Eden regions: 325->0(325)
[186.397s][info][gc,heap        ] GC(947) Survivor regions: 1->1(41)
[186.397s][info][gc,heap        ] GC(947) Old regions: 21->21
[186.397s][info][gc,heap        ] GC(947) Archive regions: 0->0
[186.397s][info][gc,heap        ] GC(947) Humongous regions: 0->0
[186.397s][info][gc,metaspace   ] GC(947) Metaspace: 14269K(15168K)->14269K(15168K) NonClass: 12319K(12928K)->12319K(12928K) Class: 1950K(2240K)->1950K(2240K)
[186.397s][info][gc             ] GC(947) Pause Young (Normal) (G1 Evacuation Pause) 332M->7M(544M) 3.352ms
[186.397s][info][gc,cpu         ] GC(947) User=0.00s Sys=0.00s Real=0.00s
[186.592s][info][gc,start       ] GC(948) Pause Young (Normal) (G1 Evacuation Pause)
[186.592s][info][gc,task        ] GC(948) Using 33 workers of 33 for evacuation
[186.595s][info][gc,phases      ] GC(948)   Pre Evacuate Collection Set: 0.1ms
[186.595s][info][gc,phases      ] GC(948)   Merge Heap Roots: 0.2ms
[186.595s][info][gc,phases      ] GC(948)   Evacuate Collection Set: 0.3ms
[186.595s][info][gc,phases      ] GC(948)   Post Evacuate Collection Set: 2.4ms
[186.595s][info][gc,phases      ] GC(948)   Other: 0.1ms
[186.595s][info][gc,heap        ] GC(948) Eden regions: 325->0(325)
[186.595s][info][gc,heap        ] GC(948) Survivor regions: 1->1(41)
[186.595s][info][gc,heap        ] GC(948) Old regions: 21->21
[186.595s][info][gc,heap        ] GC(948) Archive regions: 0->0
[186.595s][info][gc,heap        ] GC(948) Humongous regions: 0->0
[186.595s][info][gc,metaspace   ] GC(948) Metaspace: 14269K(15168K)->14269K(15168K) NonClass: 12319K(12928K)->12319K(12928K) Class: 1950K(2240K)->1950K(2240K)
[186.595s][info][gc             ] GC(948) Pause Young (Normal) (G1 Evacuation Pause) 332M->7M(544M) 3.376ms
[186.595s][info][gc,cpu         ] GC(948) User=0.52s Sys=0.00s Real=0.00s
[186.790s][info][gc,start       ] GC(949) Pause Young (Normal) (G1 Evacuation Pause)
[186.790s][info][gc,task        ] GC(949) Using 33 workers of 33 for evacuation
[186.793s][info][gc,phases      ] GC(949)   Pre Evacuate Collection Set: 0.2ms
[186.793s][info][gc,phases      ] GC(949)   Merge Heap Roots: 0.1ms
[186.793s][info][gc,phases      ] GC(949)   Evacuate Collection Set: 0.3ms
[186.793s][info][gc,phases      ] GC(949)   Post Evacuate Collection Set: 2.4ms
[186.793s][info][gc,phases      ] GC(949)   Other: 0.1ms
[186.793s][info][gc,heap        ] GC(949) Eden regions: 325->0(325)
[186.793s][info][gc,heap        ] GC(949) Survivor regions: 1->1(41)
[186.793s][info][gc,heap        ] GC(949) Old regions: 21->21
[186.793s][info][gc,heap        ] GC(949) Archive regions: 0->0
[186.793s][info][gc,heap        ] GC(949) Humongous regions: 0->0
[186.793s][info][gc,metaspace   ] GC(949) Metaspace: 14269K(15168K)->14269K(15168K) NonClass: 12319K(12928K)->12319K(12928K) Class: 1950K(2240K)->1950K(2240K)
[186.793s][info][gc             ] GC(949) Pause Young (Normal) (G1 Evacuation Pause) 332M->7M(544M) 3.410ms
[186.793s][info][gc,cpu         ] GC(949) User=0.00s Sys=0.00s Real=0.00s
[186.988s][info][gc,start       ] GC(950) Pause Young (Normal) (G1 Evacuation Pause)
[186.988s][info][gc,task        ] GC(950) Using 33 workers of 33 for evacuation
[186.991s][info][gc,phases      ] GC(950)   Pre Evacuate Collection Set: 0.1ms
[186.991s][info][gc,phases      ] GC(950)   Merge Heap Roots: 0.2ms
[186.991s][info][gc,phases      ] GC(950)   Evacuate Collection Set: 0.3ms
[186.991s][info][gc,phases      ] GC(950)   Post Evacuate Collection Set: 2.5ms
[186.991s][info][gc,phases      ] GC(950)   Other: 0.1ms
[186.991s][info][gc,heap        ] GC(950) Eden regions: 325->0(325)
[186.991s][info][gc,heap        ] GC(950) Survivor regions: 1->1(41)
[186.991s][info][gc,heap        ] GC(950) Old regions: 21->21
[186.991s][info][gc,heap        ] GC(950) Archive regions: 0->0
[186.991s][info][gc,heap        ] GC(950) Humongous regions: 0->0
[186.991s][info][gc,metaspace   ] GC(950) Metaspace: 14269K(15168K)->14269K(15168K) NonClass: 12319K(12928K)->12319K(12928K) Class: 1950K(2240K)->1950K(2240K)
[186.991s][info][gc             ] GC(950) Pause Young (Normal) (G1 Evacuation Pause) 332M->7M(544M) 3.449ms
[186.991s][info][gc,cpu         ] GC(950) User=0.00s Sys=0.00s Real=0.00s
[187.185s][info][gc,start       ] GC(951) Pause Young (Normal) (G1 Evacuation Pause)
[187.185s][info][gc,task        ] GC(951) Using 33 workers of 33 for evacuation
[187.188s][info][gc,phases      ] GC(951)   Pre Evacuate Collection Set: 0.2ms
[187.188s][info][gc,phases      ] GC(951)   Merge Heap Roots: 0.1ms
[187.188s][info][gc,phases      ] GC(951)   Evacuate Collection Set: 0.3ms
[187.188s][info][gc,phases      ] GC(951)   Post Evacuate Collection Set: 2.5ms
[187.188s][info][gc,phases      ] GC(951)   Other: 0.1ms
[187.188s][info][gc,heap        ] GC(951) Eden regions: 325->0(325)
[187.188s][info][gc,heap        ] GC(951) Survivor regions: 1->1(41)
[187.188s][info][gc,heap        ] GC(951) Old regions: 21->21
[187.188s][info][gc,heap        ] GC(951) Archive regions: 0->0
[187.188s][info][gc,heap        ] GC(951) Humongous regions: 0->0
[187.188s][info][gc,metaspace   ] GC(951) Metaspace: 14269K(15168K)->14269K(15168K) NonClass: 12319K(12928K)->12319K(12928K) Class: 1950K(2240K)->1950K(2240K)
[187.188s][info][gc             ] GC(951) Pause Young (Normal) (G1 Evacuation Pause) 332M->7M(544M) 3.470ms
[187.188s][info][gc,cpu         ] GC(951) User=0.02s Sys=0.00s Real=0.00s
[187.382s][info][gc,start       ] GC(952) Pause Young (Normal) (G1 Evacuation Pause)
[187.382s][info][gc,task        ] GC(952) Using 33 workers of 33 for evacuation
[187.385s][info][gc,phases      ] GC(952)   Pre Evacuate Collection Set: 0.1ms
[187.385s][info][gc,phases      ] GC(952)   Merge Heap Roots: 0.2ms
[187.385s][info][gc,phases      ] GC(952)   Evacuate Collection Set: 0.3ms
[187.385s][info][gc,phases      ] GC(952)   Post Evacuate Collection Set: 2.5ms
[187.385s][info][gc,phases      ] GC(952)   Other: 0.1ms
[187.385s][info][gc,heap        ] GC(952) Eden regions: 325->0(325)
[187.385s][info][gc,heap        ] GC(952) Survivor regions: 1->1(41)
[187.385s][info][gc,heap        ] GC(952) Old regions: 21->21
[187.385s][info][gc,heap        ] GC(952) Archive regions: 0->0
[187.385s][info][gc,heap        ] GC(952) Humongous regions: 0->0
[187.385s][info][gc,metaspace   ] GC(952) Metaspace: 14269K(15168K)->14269K(15168K) NonClass: 12319K(12928K)->12319K(12928K) Class: 1950K(2240K)->1950K(2240K)
[187.385s][info][gc             ] GC(952) Pause Young (Normal) (G1 Evacuation Pause) 332M->7M(544M) 3.477ms
[187.385s][info][gc,cpu         ] GC(952) User=0.00s Sys=0.00s Real=0.00s
[187.579s][info][gc,start       ] GC(953) Pause Young (Normal) (G1 Evacuation Pause)
[187.580s][info][gc,task        ] GC(953) Using 33 workers of 33 for evacuation
[187.583s][info][gc,phases      ] GC(953)   Pre Evacuate Collection Set: 0.2ms
[187.583s][info][gc,phases      ] GC(953)   Merge Heap Roots: 0.2ms
[187.583s][info][gc,phases      ] GC(953)   Evacuate Collection Set: 0.3ms
[187.583s][info][gc,phases      ] GC(953)   Post Evacuate Collection Set: 2.6ms
[187.583s][info][gc,phases      ] GC(953)   Other: 0.1ms
[187.583s][info][gc,heap        ] GC(953) Eden regions: 325->0(325)
[187.583s][info][gc,heap        ] GC(953) Survivor regions: 1->1(41)
[187.583s][info][gc,heap        ] GC(953) Old regions: 21->21
[187.583s][info][gc,heap        ] GC(953) Archive regions: 0->0
[187.583s][info][gc,heap        ] GC(953) Humongous regions: 0->0
[187.583s][info][gc,metaspace   ] GC(953) Metaspace: 14269K(15168K)->14269K(15168K) NonClass: 12319K(12928K)->12319K(12928K) Class: 1950K(2240K)->1950K(2240K)
[187.583s][info][gc             ] GC(953) Pause Young (Normal) (G1 Evacuation Pause) 332M->7M(544M) 3.546ms
[187.583s][info][gc,cpu         ] GC(953) User=0.00s Sys=0.00s Real=0.00s
[187.776s][info][gc,start       ] GC(954) Pause Young (Normal) (G1 Evacuation Pause)
[187.776s][info][gc,task        ] GC(954) Using 33 workers of 33 for evacuation
[187.779s][info][gc,phases      ] GC(954)   Pre Evacuate Collection Set: 0.2ms
[187.779s][info][gc,phases      ] GC(954)   Merge Heap Roots: 0.1ms
[187.779s][info][gc,phases      ] GC(954)   Evacuate Collection Set: 0.3ms
[187.779s][info][gc,phases      ] GC(954)   Post Evacuate Collection Set: 2.6ms
[187.779s][info][gc,phases      ] GC(954)   Other: 0.1ms
[187.779s][info][gc,heap        ] GC(954) Eden regions: 325->0(325)
[187.779s][info][gc,heap        ] GC(954) Survivor regions: 1->1(41)
[187.779s][info][gc,heap        ] GC(954) Old regions: 21->21
[187.779s][info][gc,heap        ] GC(954) Archive regions: 0->0
[187.779s][info][gc,heap        ] GC(954) Humongous regions: 0->0
[187.779s][info][gc,metaspace   ] GC(954) Metaspace: 14269K(15168K)->14269K(15168K) NonClass: 12319K(12928K)->12319K(12928K) Class: 1950K(2240K)->1950K(2240K)
[187.780s][info][gc             ] GC(954) Pause Young (Normal) (G1 Evacuation Pause) 332M->7M(544M) 3.568ms
[187.780s][info][gc,cpu         ] GC(954) User=0.00s Sys=0.00s Real=0.00s
[187.974s][info][gc,start       ] GC(955) Pause Young (Normal) (G1 Evacuation Pause)
[187.974s][info][gc,task        ] GC(955) Using 33 workers of 33 for evacuation
[187.977s][info][gc,phases      ] GC(955)   Pre Evacuate Collection Set: 0.2ms
[187.977s][info][gc,phases      ] GC(955)   Merge Heap Roots: 0.2ms
[187.977s][info][gc,phases      ] GC(955)   Evacuate Collection Set: 0.3ms
[187.977s][info][gc,phases      ] GC(955)   Post Evacuate Collection Set: 2.6ms
[187.977s][info][gc,phases      ] GC(955)   Other: 0.1ms
[187.978s][info][gc,heap        ] GC(955) Eden regions: 325->0(325)
[187.978s][info][gc,heap        ] GC(955) Survivor regions: 1->1(41)
[187.978s][info][gc,heap        ] GC(955) Old regions: 21->21
[187.978s][info][gc,heap        ] GC(955) Archive regions: 0->0
[187.978s][info][gc,heap        ] GC(955) Humongous regions: 0->0
[187.978s][info][gc,metaspace   ] GC(955) Metaspace: 14269K(15168K)->14269K(15168K) NonClass: 12319K(12928K)->12319K(12928K) Class: 1950K(2240K)->1950K(2240K)
[187.978s][info][gc             ] GC(955) Pause Young (Normal) (G1 Evacuation Pause) 332M->7M(544M) 3.631ms
[187.978s][info][gc,cpu         ] GC(955) User=0.00s Sys=0.00s Real=0.00s
[188.172s][info][gc,start       ] GC(956) Pause Young (Normal) (G1 Evacuation Pause)
[188.172s][info][gc,task        ] GC(956) Using 33 workers of 33 for evacuation
[188.175s][info][gc,phases      ] GC(956)   Pre Evacuate Collection Set: 0.2ms
[188.175s][info][gc,phases      ] GC(956)   Merge Heap Roots: 0.1ms
[188.175s][info][gc,phases      ] GC(956)   Evacuate Collection Set: 0.3ms
[188.175s][info][gc,phases      ] GC(956)   Post Evacuate Collection Set: 2.7ms
[188.176s][info][gc,phases      ] GC(956)   Other: 0.1ms
[188.176s][info][gc,heap        ] GC(956) Eden regions: 325->0(325)
[188.176s][info][gc,heap        ] GC(956) Survivor regions: 1->1(41)
[188.176s][info][gc,heap        ] GC(956) Old regions: 21->22
[188.176s][info][gc,heap        ] GC(956) Archive regions: 0->0
[188.176s][info][gc,heap        ] GC(956) Humongous regions: 0->0
[188.176s][info][gc,metaspace   ] GC(956) Metaspace: 14269K(15168K)->14269K(15168K) NonClass: 12319K(12928K)->12319K(12928K) Class: 1950K(2240K)->1950K(2240K)
[188.176s][info][gc             ] GC(956) Pause Young (Normal) (G1 Evacuation Pause) 332M->7M(544M) 3.712ms
[188.176s][info][gc,cpu         ] GC(956) User=0.02s Sys=0.00s Real=0.00s
[188.369s][info][gc,start       ] GC(957) Pause Young (Normal) (G1 Evacuation Pause)
[188.369s][info][gc,task        ] GC(957) Using 33 workers of 33 for evacuation
[188.373s][info][gc,phases      ] GC(957)   Pre Evacuate Collection Set: 0.1ms
[188.373s][info][gc,phases      ] GC(957)   Merge Heap Roots: 0.2ms
[188.373s][info][gc,phases      ] GC(957)   Evacuate Collection Set: 0.3ms
[188.373s][info][gc,phases      ] GC(957)   Post Evacuate Collection Set: 2.7ms
[188.373s][info][gc,phases      ] GC(957)   Other: 0.1ms
[188.373s][info][gc,heap        ] GC(957) Eden regions: 325->0(325)
[188.373s][info][gc,heap        ] GC(957) Survivor regions: 1->1(41)
[188.373s][info][gc,heap        ] GC(957) Old regions: 22->22
[188.373s][info][gc,heap        ] GC(957) Archive regions: 0->0
[188.373s][info][gc,heap        ] GC(957) Humongous regions: 0->0
[188.373s][info][gc,metaspace   ] GC(957) Metaspace: 14269K(15168K)->14269K(15168K) NonClass: 12319K(12928K)->12319K(12928K) Class: 1950K(2240K)->1950K(2240K)
[188.373s][info][gc             ] GC(957) Pause Young (Normal) (G1 Evacuation Pause) 332M->7M(544M) 3.644ms
[188.373s][info][gc,cpu         ] GC(957) User=0.00s Sys=0.00s Real=0.00s
[188.567s][info][gc,start       ] GC(958) Pause Young (Normal) (G1 Evacuation Pause)
[188.567s][info][gc,task        ] GC(958) Using 33 workers of 33 for evacuation
[188.571s][info][gc,phases      ] GC(958)   Pre Evacuate Collection Set: 0.1ms
[188.571s][info][gc,phases      ] GC(958)   Merge Heap Roots: 0.1ms
[188.571s][info][gc,phases      ] GC(958)   Evacuate Collection Set: 0.3ms
[188.571s][info][gc,phases      ] GC(958)   Post Evacuate Collection Set: 2.7ms
[188.571s][info][gc,phases      ] GC(958)   Other: 0.1ms
[188.571s][info][gc,heap        ] GC(958) Eden regions: 325->0(325)
[188.571s][info][gc,heap        ] GC(958) Survivor regions: 1->1(41)
[188.571s][info][gc,heap        ] GC(958) Old regions: 22->22
[188.571s][info][gc,heap        ] GC(958) Archive regions: 0->0
[188.571s][info][gc,heap        ] GC(958) Humongous regions: 0->0
[188.571s][info][gc,metaspace   ] GC(958) Metaspace: 14269K(15168K)->14269K(15168K) NonClass: 12319K(12928K)->12319K(12928K) Class: 1950K(2240K)->1950K(2240K)
[188.571s][info][gc             ] GC(958) Pause Young (Normal) (G1 Evacuation Pause) 332M->7M(544M) 3.694ms
[188.571s][info][gc,cpu         ] GC(958) User=0.00s Sys=0.00s Real=0.00s
[188.764s][info][gc,start       ] GC(959) Pause Young (Normal) (G1 Evacuation Pause)
[188.764s][info][gc,task        ] GC(959) Using 33 workers of 33 for evacuation
[188.768s][info][gc,phases      ] GC(959)   Pre Evacuate Collection Set: 0.1ms
[188.768s][info][gc,phases      ] GC(959)   Merge Heap Roots: 0.2ms
[188.768s][info][gc,phases      ] GC(959)   Evacuate Collection Set: 0.4ms
[188.768s][info][gc,phases      ] GC(959)   Post Evacuate Collection Set: 2.8ms
[188.768s][info][gc,phases      ] GC(959)   Other: 0.1ms
[188.768s][info][gc,heap        ] GC(959) Eden regions: 325->0(325)
[188.768s][info][gc,heap        ] GC(959) Survivor regions: 1->1(41)
[188.768s][info][gc,heap        ] GC(959) Old regions: 22->22
[188.768s][info][gc,heap        ] GC(959) Archive regions: 0->0
[188.768s][info][gc,heap        ] GC(959) Humongous regions: 0->0
[188.768s][info][gc,metaspace   ] GC(959) Metaspace: 14269K(15168K)->14269K(15168K) NonClass: 12319K(12928K)->12319K(12928K) Class: 1950K(2240K)->1950K(2240K)
[188.768s][info][gc             ] GC(959) Pause Young (Normal) (G1 Evacuation Pause) 332M->7M(544M) 3.781ms
[188.768s][info][gc,cpu         ] GC(959) User=0.52s Sys=0.00s Real=0.00s
[188.961s][info][gc,start       ] GC(960) Pause Young (Normal) (G1 Evacuation Pause)
[188.961s][info][gc,task        ] GC(960) Using 33 workers of 33 for evacuation
[188.965s][info][gc,phases      ] GC(960)   Pre Evacuate Collection Set: 0.1ms
[188.965s][info][gc,phases      ] GC(960)   Merge Heap Roots: 0.2ms
[188.965s][info][gc,phases      ] GC(960)   Evacuate Collection Set: 0.4ms
[188.965s][info][gc,phases      ] GC(960)   Post Evacuate Collection Set: 2.8ms
[188.965s][info][gc,phases      ] GC(960)   Other: 0.1ms
[188.965s][info][gc,heap        ] GC(960) Eden regions: 325->0(325)
[188.965s][info][gc,heap        ] GC(960) Survivor regions: 1->1(41)
[188.965s][info][gc,heap        ] GC(960) Old regions: 22->22
[188.965s][info][gc,heap        ] GC(960) Archive regions: 0->0
[188.965s][info][gc,heap        ] GC(960) Humongous regions: 0->0
[188.965s][info][gc,metaspace   ] GC(960) Metaspace: 14269K(15168K)->14269K(15168K) NonClass: 12319K(12928K)->12319K(12928K) Class: 1950K(2240K)->1950K(2240K)
[188.965s][info][gc             ] GC(960) Pause Young (Normal) (G1 Evacuation Pause) 332M->7M(544M) 3.784ms
[188.965s][info][gc,cpu         ] GC(960) User=0.00s Sys=0.00s Real=0.00s
[189.160s][info][gc,start       ] GC(961) Pause Young (Normal) (G1 Evacuation Pause)
[189.160s][info][gc,task        ] GC(961) Using 33 workers of 33 for evacuation
[189.164s][info][gc,phases      ] GC(961)   Pre Evacuate Collection Set: 0.2ms
[189.164s][info][gc,phases      ] GC(961)   Merge Heap Roots: 0.2ms
[189.164s][info][gc,phases      ] GC(961)   Evacuate Collection Set: 0.3ms
[189.164s][info][gc,phases      ] GC(961)   Post Evacuate Collection Set: 2.8ms
[189.164s][info][gc,phases      ] GC(961)   Other: 0.1ms
[189.164s][info][gc,heap        ] GC(961) Eden regions: 325->0(325)
[189.164s][info][gc,heap        ] GC(961) Survivor regions: 1->1(41)
[189.164s][info][gc,heap        ] GC(961) Old regions: 22->22
[189.164s][info][gc,heap        ] GC(961) Archive regions: 0->0
[189.164s][info][gc,heap        ] GC(961) Humongous regions: 0->0
[189.164s][info][gc,metaspace   ] GC(961) Metaspace: 14269K(15168K)->14269K(15168K) NonClass: 12319K(12928K)->12319K(12928K) Class: 1950K(2240K)->1950K(2240K)
[189.164s][info][gc             ] GC(961) Pause Young (Normal) (G1 Evacuation Pause) 332M->8M(544M) 3.832ms
[189.164s][info][gc,cpu         ] GC(961) User=0.00s Sys=0.00s Real=0.00s
[189.357s][info][gc,start       ] GC(962) Pause Young (Normal) (G1 Evacuation Pause)
[189.358s][info][gc,task        ] GC(962) Using 33 workers of 33 for evacuation
[189.361s][info][gc,phases      ] GC(962)   Pre Evacuate Collection Set: 0.2ms
[189.361s][info][gc,phases      ] GC(962)   Merge Heap Roots: 0.2ms
[189.361s][info][gc,phases      ] GC(962)   Evacuate Collection Set: 0.4ms
[189.361s][info][gc,phases      ] GC(962)   Post Evacuate Collection Set: 2.8ms
[189.361s][info][gc,phases      ] GC(962)   Other: 0.1ms
[189.361s][info][gc,heap        ] GC(962) Eden regions: 325->0(325)
[189.361s][info][gc,heap        ] GC(962) Survivor regions: 1->1(41)
[189.361s][info][gc,heap        ] GC(962) Old regions: 22->22
[189.361s][info][gc,heap        ] GC(962) Archive regions: 0->0
[189.361s][info][gc,heap        ] GC(962) Humongous regions: 0->0
[189.361s][info][gc,metaspace   ] GC(962) Metaspace: 14269K(15168K)->14269K(15168K) NonClass: 12319K(12928K)->12319K(12928K) Class: 1950K(2240K)->1950K(2240K)
[189.361s][info][gc             ] GC(962) Pause Young (Normal) (G1 Evacuation Pause) 333M->8M(544M) 3.851ms
[189.361s][info][gc,cpu         ] GC(962) User=0.52s Sys=0.00s Real=0.00s
[189.557s][info][gc,start       ] GC(963) Pause Young (Normal) (G1 Evacuation Pause)
[189.557s][info][gc,task        ] GC(963) Using 33 workers of 33 for evacuation
[189.560s][info][gc,phases      ] GC(963)   Pre Evacuate Collection Set: 0.1ms
[189.560s][info][gc,phases      ] GC(963)   Merge Heap Roots: 0.1ms
[189.560s][info][gc,phases      ] GC(963)   Evacuate Collection Set: 0.3ms
[189.560s][info][gc,phases      ] GC(963)   Post Evacuate Collection Set: 2.6ms
[189.560s][info][gc,phases      ] GC(963)   Other: 0.1ms
[189.560s][info][gc,heap        ] GC(963) Eden regions: 325->0(325)
[189.560s][info][gc,heap        ] GC(963) Survivor regions: 1->1(41)
[189.560s][info][gc,heap        ] GC(963) Old regions: 22->22
[189.560s][info][gc,heap        ] GC(963) Archive regions: 0->0
[189.560s][info][gc,heap        ] GC(963) Humongous regions: 0->0
[189.560s][info][gc,metaspace   ] GC(963) Metaspace: 14269K(15168K)->14269K(15168K) NonClass: 12319K(12928K)->12319K(12928K) Class: 1950K(2240K)->1950K(2240K)
[189.560s][info][gc             ] GC(963) Pause Young (Normal) (G1 Evacuation Pause) 333M->8M(544M) 3.541ms
[189.560s][info][gc,cpu         ] GC(963) User=0.00s Sys=0.00s Real=0.00s
[189.755s][info][gc,start       ] GC(964) Pause Young (Normal) (G1 Evacuation Pause)
[189.756s][info][gc,task        ] GC(964) Using 33 workers of 33 for evacuation
[189.759s][info][gc,phases      ] GC(964)   Pre Evacuate Collection Set: 0.2ms
[189.759s][info][gc,phases      ] GC(964)   Merge Heap Roots: 0.2ms
[189.759s][info][gc,phases      ] GC(964)   Evacuate Collection Set: 0.3ms
[189.759s][info][gc,phases      ] GC(964)   Post Evacuate Collection Set: 2.4ms
[189.759s][info][gc,phases      ] GC(964)   Other: 0.1ms
[189.759s][info][gc,heap        ] GC(964) Eden regions: 325->0(325)
[189.759s][info][gc,heap        ] GC(964) Survivor regions: 1->1(41)
[189.759s][info][gc,heap        ] GC(964) Old regions: 22->22
[189.759s][info][gc,heap        ] GC(964) Archive regions: 0->0
[189.759s][info][gc,heap        ] GC(964) Humongous regions: 0->0
[189.759s][info][gc,metaspace   ] GC(964) Metaspace: 14269K(15168K)->14269K(15168K) NonClass: 12319K(12928K)->12319K(12928K) Class: 1950K(2240K)->1950K(2240K)
[189.759s][info][gc             ] GC(964) Pause Young (Normal) (G1 Evacuation Pause) 333M->8M(544M) 3.417ms
[189.759s][info][gc,cpu         ] GC(964) User=0.00s Sys=0.00s Real=0.00s
[189.953s][info][gc,start       ] GC(965) Pause Young (Normal) (G1 Evacuation Pause)
[189.953s][info][gc,task        ] GC(965) Using 33 workers of 33 for evacuation
[189.956s][info][gc,phases      ] GC(965)   Pre Evacuate Collection Set: 0.2ms
[189.956s][info][gc,phases      ] GC(965)   Merge Heap Roots: 0.1ms
[189.956s][info][gc,phases      ] GC(965)   Evacuate Collection Set: 0.4ms
[189.956s][info][gc,phases      ] GC(965)   Post Evacuate Collection Set: 2.4ms
[189.956s][info][gc,phases      ] GC(965)   Other: 0.1ms
[189.956s][info][gc,heap        ] GC(965) Eden regions: 325->0(325)
[189.956s][info][gc,heap        ] GC(965) Survivor regions: 1->1(41)
[189.956s][info][gc,heap        ] GC(965) Old regions: 22->22
[189.956s][info][gc,heap        ] GC(965) Archive regions: 0->0
[189.956s][info][gc,heap        ] GC(965) Humongous regions: 0->0
[189.956s][info][gc,metaspace   ] GC(965) Metaspace: 14269K(15168K)->14269K(15168K) NonClass: 12319K(12928K)->12319K(12928K) Class: 1950K(2240K)->1950K(2240K)
[189.956s][info][gc             ] GC(965) Pause Young (Normal) (G1 Evacuation Pause) 333M->8M(544M) 3.387ms
[189.956s][info][gc,cpu         ] GC(965) User=0.02s Sys=0.00s Real=0.00s
[190.151s][info][gc,start       ] GC(966) Pause Young (Normal) (G1 Evacuation Pause)
[190.151s][info][gc,task        ] GC(966) Using 33 workers of 33 for evacuation
[190.154s][info][gc,phases      ] GC(966)   Pre Evacuate Collection Set: 0.1ms
[190.154s][info][gc,phases      ] GC(966)   Merge Heap Roots: 0.2ms
[190.154s][info][gc,phases      ] GC(966)   Evacuate Collection Set: 0.3ms
[190.154s][info][gc,phases      ] GC(966)   Post Evacuate Collection Set: 2.4ms
[190.154s][info][gc,phases      ] GC(966)   Other: 0.1ms
[190.154s][info][gc,heap        ] GC(966) Eden regions: 325->0(325)
[190.154s][info][gc,heap        ] GC(966) Survivor regions: 1->1(41)
[190.154s][info][gc,heap        ] GC(966) Old regions: 22->22
[190.154s][info][gc,heap        ] GC(966) Archive regions: 0->0
[190.155s][info][gc,heap        ] GC(966) Humongous regions: 0->0
[190.155s][info][gc,metaspace   ] GC(966) Metaspace: 14269K(15168K)->14269K(15168K) NonClass: 12319K(12928K)->12319K(12928K) Class: 1950K(2240K)->1950K(2240K)
[190.155s][info][gc             ] GC(966) Pause Young (Normal) (G1 Evacuation Pause) 333M->8M(544M) 3.374ms
[190.155s][info][gc,cpu         ] GC(966) User=0.00s Sys=0.00s Real=0.00s
[190.348s][info][gc,start       ] GC(967) Pause Young (Normal) (G1 Evacuation Pause)
[190.348s][info][gc,task        ] GC(967) Using 33 workers of 33 for evacuation
[190.352s][info][gc,phases      ] GC(967)   Pre Evacuate Collection Set: 0.2ms
[190.352s][info][gc,phases      ] GC(967)   Merge Heap Roots: 0.2ms
[190.352s][info][gc,phases      ] GC(967)   Evacuate Collection Set: 0.3ms
[190.352s][info][gc,phases      ] GC(967)   Post Evacuate Collection Set: 2.4ms
[190.352s][info][gc,phases      ] GC(967)   Other: 0.1ms
[190.352s][info][gc,heap        ] GC(967) Eden regions: 325->0(325)
[190.352s][info][gc,heap        ] GC(967) Survivor regions: 1->1(41)
[190.352s][info][gc,heap        ] GC(967) Old regions: 22->22
[190.352s][info][gc,heap        ] GC(967) Archive regions: 0->0
[190.352s][info][gc,heap        ] GC(967) Humongous regions: 0->0
[190.352s][info][gc,metaspace   ] GC(967) Metaspace: 14269K(15168K)->14269K(15168K) NonClass: 12319K(12928K)->12319K(12928K) Class: 1950K(2240K)->1950K(2240K)
[190.352s][info][gc             ] GC(967) Pause Young (Normal) (G1 Evacuation Pause) 333M->8M(544M) 3.389ms
[190.352s][info][gc,cpu         ] GC(967) User=0.00s Sys=0.00s Real=0.00s
[190.546s][info][gc,start       ] GC(968) Pause Young (Normal) (G1 Evacuation Pause)
[190.546s][info][gc,task        ] GC(968) Using 33 workers of 33 for evacuation
[190.550s][info][gc,phases      ] GC(968)   Pre Evacuate Collection Set: 0.2ms
[190.550s][info][gc,phases      ] GC(968)   Merge Heap Roots: 0.2ms
[190.550s][info][gc,phases      ] GC(968)   Evacuate Collection Set: 0.3ms
[190.550s][info][gc,phases      ] GC(968)   Post Evacuate Collection Set: 2.5ms
[190.550s][info][gc,phases      ] GC(968)   Other: 0.1ms
[190.550s][info][gc,heap        ] GC(968) Eden regions: 325->0(325)
[190.550s][info][gc,heap        ] GC(968) Survivor regions: 1->1(41)
[190.550s][info][gc,heap        ] GC(968) Old regions: 22->22
[190.550s][info][gc,heap        ] GC(968) Archive regions: 0->0
[190.550s][info][gc,heap        ] GC(968) Humongous regions: 0->0
[190.550s][info][gc,metaspace   ] GC(968) Metaspace: 14269K(15168K)->14269K(15168K) NonClass: 12319K(12928K)->12319K(12928K) Class: 1950K(2240K)->1950K(2240K)
[190.550s][info][gc             ] GC(968) Pause Young (Normal) (G1 Evacuation Pause) 333M->8M(544M) 3.481ms
[190.550s][info][gc,cpu         ] GC(968) User=0.47s Sys=0.05s Real=0.00s
[190.744s][info][gc,start       ] GC(969) Pause Young (Normal) (G1 Evacuation Pause)
[190.744s][info][gc,task        ] GC(969) Using 33 workers of 33 for evacuation
[190.747s][info][gc,phases      ] GC(969)   Pre Evacuate Collection Set: 0.2ms
[190.747s][info][gc,phases      ] GC(969)   Merge Heap Roots: 0.2ms
[190.747s][info][gc,phases      ] GC(969)   Evacuate Collection Set: 0.3ms
[190.747s][info][gc,phases      ] GC(969)   Post Evacuate Collection Set: 2.5ms
[190.747s][info][gc,phases      ] GC(969)   Other: 0.1ms
[190.747s][info][gc,heap        ] GC(969) Eden regions: 325->0(325)
[190.747s][info][gc,heap        ] GC(969) Survivor regions: 1->1(41)
[190.747s][info][gc,heap        ] GC(969) Old regions: 22->22
[190.747s][info][gc,heap        ] GC(969) Archive regions: 0->0
[190.747s][info][gc,heap        ] GC(969) Humongous regions: 0->0
[190.747s][info][gc,metaspace   ] GC(969) Metaspace: 14269K(15168K)->14269K(15168K) NonClass: 12319K(12928K)->12319K(12928K) Class: 1950K(2240K)->1950K(2240K)
[190.747s][info][gc             ] GC(969) Pause Young (Normal) (G1 Evacuation Pause) 333M->8M(544M) 3.485ms
[190.747s][info][gc,cpu         ] GC(969) User=0.00s Sys=0.00s Real=0.00s
[190.941s][info][gc,start       ] GC(970) Pause Young (Normal) (G1 Evacuation Pause)
[190.941s][info][gc,task        ] GC(970) Using 33 workers of 33 for evacuation
[190.945s][info][gc,phases      ] GC(970)   Pre Evacuate Collection Set: 0.2ms
[190.945s][info][gc,phases      ] GC(970)   Merge Heap Roots: 0.2ms
[190.945s][info][gc,phases      ] GC(970)   Evacuate Collection Set: 0.3ms
[190.945s][info][gc,phases      ] GC(970)   Post Evacuate Collection Set: 2.5ms
[190.945s][info][gc,phases      ] GC(970)   Other: 0.1ms
[190.945s][info][gc,heap        ] GC(970) Eden regions: 325->0(325)
[190.945s][info][gc,heap        ] GC(970) Survivor regions: 1->1(41)
[190.945s][info][gc,heap        ] GC(970) Old regions: 22->22
[190.945s][info][gc,heap        ] GC(970) Archive regions: 0->0
[190.945s][info][gc,heap        ] GC(970) Humongous regions: 0->0
[190.945s][info][gc,metaspace   ] GC(970) Metaspace: 14269K(15168K)->14269K(15168K) NonClass: 12319K(12928K)->12319K(12928K) Class: 1950K(2240K)->1950K(2240K)
[190.945s][info][gc             ] GC(970) Pause Young (Normal) (G1 Evacuation Pause) 333M->8M(544M) 3.536ms
[190.945s][info][gc,cpu         ] GC(970) User=0.00s Sys=0.00s Real=0.00s
[191.140s][info][gc,start       ] GC(971) Pause Young (Normal) (G1 Evacuation Pause)
[191.140s][info][gc,task        ] GC(971) Using 33 workers of 33 for evacuation
[191.143s][info][gc,phases      ] GC(971)   Pre Evacuate Collection Set: 0.2ms
[191.143s][info][gc,phases      ] GC(971)   Merge Heap Roots: 0.2ms
[191.143s][info][gc,phases      ] GC(971)   Evacuate Collection Set: 0.4ms
[191.143s][info][gc,phases      ] GC(971)   Post Evacuate Collection Set: 2.6ms
[191.143s][info][gc,phases      ] GC(971)   Other: 0.1ms
[191.143s][info][gc,heap        ] GC(971) Eden regions: 325->0(325)
[191.143s][info][gc,heap        ] GC(971) Survivor regions: 1->1(41)
[191.143s][info][gc,heap        ] GC(971) Old regions: 22->22
[191.143s][info][gc,heap        ] GC(971) Archive regions: 0->0
[191.143s][info][gc,heap        ] GC(971) Humongous regions: 0->0
[191.143s][info][gc,metaspace   ] GC(971) Metaspace: 14269K(15168K)->14269K(15168K) NonClass: 12319K(12928K)->12319K(12928K) Class: 1950K(2240K)->1950K(2240K)
[191.143s][info][gc             ] GC(971) Pause Young (Normal) (G1 Evacuation Pause) 333M->8M(544M) 3.596ms
[191.144s][info][gc,cpu         ] GC(971) User=0.47s Sys=0.03s Real=0.00s
[191.339s][info][gc,start       ] GC(972) Pause Young (Normal) (G1 Evacuation Pause)
[191.339s][info][gc,task        ] GC(972) Using 33 workers of 33 for evacuation
[191.342s][info][gc,phases      ] GC(972)   Pre Evacuate Collection Set: 0.2ms
[191.342s][info][gc,phases      ] GC(972)   Merge Heap Roots: 0.2ms
[191.342s][info][gc,phases      ] GC(972)   Evacuate Collection Set: 0.4ms
[191.342s][info][gc,phases      ] GC(972)   Post Evacuate Collection Set: 2.6ms
[191.343s][info][gc,phases      ] GC(972)   Other: 0.1ms
[191.343s][info][gc,heap        ] GC(972) Eden regions: 325->0(325)
[191.343s][info][gc,heap        ] GC(972) Survivor regions: 1->1(41)
[191.343s][info][gc,heap        ] GC(972) Old regions: 22->22
[191.343s][info][gc,heap        ] GC(972) Archive regions: 0->0
[191.343s][info][gc,heap        ] GC(972) Humongous regions: 0->0
[191.343s][info][gc,metaspace   ] GC(972) Metaspace: 14269K(15168K)->14269K(15168K) NonClass: 12319K(12928K)->12319K(12928K) Class: 1950K(2240K)->1950K(2240K)
[191.343s][info][gc             ] GC(972) Pause Young (Normal) (G1 Evacuation Pause) 333M->8M(544M) 3.629ms
[191.343s][info][gc,cpu         ] GC(972) User=0.00s Sys=0.00s Real=0.00s
[191.538s][info][gc,start       ] GC(973) Pause Young (Normal) (G1 Evacuation Pause)
[191.538s][info][gc,task        ] GC(973) Using 33 workers of 33 for evacuation
[191.542s][info][gc,phases      ] GC(973)   Pre Evacuate Collection Set: 0.2ms
[191.542s][info][gc,phases      ] GC(973)   Merge Heap Roots: 0.2ms
[191.542s][info][gc,phases      ] GC(973)   Evacuate Collection Set: 0.4ms
[191.542s][info][gc,phases      ] GC(973)   Post Evacuate Collection Set: 2.7ms
[191.542s][info][gc,phases      ] GC(973)   Other: 0.1ms
[191.542s][info][gc,heap        ] GC(973) Eden regions: 325->0(325)
[191.542s][info][gc,heap        ] GC(973) Survivor regions: 1->1(41)
[191.542s][info][gc,heap        ] GC(973) Old regions: 22->22
[191.542s][info][gc,heap        ] GC(973) Archive regions: 0->0
[191.542s][info][gc,heap        ] GC(973) Humongous regions: 0->0
[191.542s][info][gc,metaspace   ] GC(973) Metaspace: 14269K(15168K)->14269K(15168K) NonClass: 12319K(12928K)->12319K(12928K) Class: 1950K(2240K)->1950K(2240K)
[191.542s][info][gc             ] GC(973) Pause Young (Normal) (G1 Evacuation Pause) 333M->8M(544M) 3.708ms
[191.542s][info][gc,cpu         ] GC(973) User=0.00s Sys=0.00s Real=0.00s
[191.736s][info][gc,start       ] GC(974) Pause Young (Normal) (G1 Evacuation Pause)
[191.736s][info][gc,task        ] GC(974) Using 33 workers of 33 for evacuation
[191.740s][info][gc,phases      ] GC(974)   Pre Evacuate Collection Set: 0.2ms
[191.740s][info][gc,phases      ] GC(974)   Merge Heap Roots: 0.2ms
[191.740s][info][gc,phases      ] GC(974)   Evacuate Collection Set: 0.3ms
[191.740s][info][gc,phases      ] GC(974)   Post Evacuate Collection Set: 2.7ms
[191.740s][info][gc,phases      ] GC(974)   Other: 0.1ms
[191.740s][info][gc,heap        ] GC(974) Eden regions: 325->0(325)
[191.740s][info][gc,heap        ] GC(974) Survivor regions: 1->1(41)
[191.740s][info][gc,heap        ] GC(974) Old regions: 22->22
[191.740s][info][gc,heap        ] GC(974) Archive regions: 0->0
[191.740s][info][gc,heap        ] GC(974) Humongous regions: 0->0
[191.740s][info][gc,metaspace   ] GC(974) Metaspace: 14269K(15168K)->14269K(15168K) NonClass: 12319K(12928K)->12319K(12928K) Class: 1950K(2240K)->1950K(2240K)
[191.740s][info][gc             ] GC(974) Pause Young (Normal) (G1 Evacuation Pause) 333M->8M(544M) 3.681ms
[191.740s][info][gc,cpu         ] GC(974) User=0.00s Sys=0.00s Real=0.00s
[191.934s][info][gc,start       ] GC(975) Pause Young (Normal) (G1 Evacuation Pause)
[191.934s][info][gc,task        ] GC(975) Using 33 workers of 33 for evacuation
[191.937s][info][gc,phases      ] GC(975)   Pre Evacuate Collection Set: 0.1ms
[191.937s][info][gc,phases      ] GC(975)   Merge Heap Roots: 0.1ms
[191.937s][info][gc,phases      ] GC(975)   Evacuate Collection Set: 0.3ms
[191.937s][info][gc,phases      ] GC(975)   Post Evacuate Collection Set: 2.7ms
[191.937s][info][gc,phases      ] GC(975)   Other: 0.1ms
[191.937s][info][gc,heap        ] GC(975) Eden regions: 325->0(325)
[191.937s][info][gc,heap        ] GC(975) Survivor regions: 1->1(41)
[191.937s][info][gc,heap        ] GC(975) Old regions: 22->22
[191.937s][info][gc,heap        ] GC(975) Archive regions: 0->0
[191.937s][info][gc,heap        ] GC(975) Humongous regions: 0->0
[191.937s][info][gc,metaspace   ] GC(975) Metaspace: 14269K(15168K)->14269K(15168K) NonClass: 12319K(12928K)->12319K(12928K) Class: 1950K(2240K)->1950K(2240K)
[191.937s][info][gc             ] GC(975) Pause Young (Normal) (G1 Evacuation Pause) 333M->8M(544M) 3.669ms
[191.937s][info][gc,cpu         ] GC(975) User=0.00s Sys=0.00s Real=0.00s
[192.130s][info][gc,start       ] GC(976) Pause Young (Normal) (G1 Evacuation Pause)
[192.130s][info][gc,task        ] GC(976) Using 33 workers of 33 for evacuation
[192.134s][info][gc,phases      ] GC(976)   Pre Evacuate Collection Set: 0.2ms
[192.134s][info][gc,phases      ] GC(976)   Merge Heap Roots: 0.1ms
[192.134s][info][gc,phases      ] GC(976)   Evacuate Collection Set: 0.3ms
[192.134s][info][gc,phases      ] GC(976)   Post Evacuate Collection Set: 2.7ms
[192.134s][info][gc,phases      ] GC(976)   Other: 0.1ms
[192.134s][info][gc,heap        ] GC(976) Eden regions: 325->0(325)
[192.134s][info][gc,heap        ] GC(976) Survivor regions: 1->1(41)
[192.134s][info][gc,heap        ] GC(976) Old regions: 22->22
[192.134s][info][gc,heap        ] GC(976) Archive regions: 0->0
[192.134s][info][gc,heap        ] GC(976) Humongous regions: 0->0
[192.134s][info][gc,metaspace   ] GC(976) Metaspace: 14269K(15168K)->14269K(15168K) NonClass: 12319K(12928K)->12319K(12928K) Class: 1950K(2240K)->1950K(2240K)
[192.134s][info][gc             ] GC(976) Pause Young (Normal) (G1 Evacuation Pause) 333M->8M(544M) 3.730ms
[192.134s][info][gc,cpu         ] GC(976) User=0.00s Sys=0.00s Real=0.00s
[192.327s][info][gc,start       ] GC(977) Pause Young (Normal) (G1 Evacuation Pause)
[192.327s][info][gc,task        ] GC(977) Using 33 workers of 33 for evacuation
[192.330s][info][gc,phases      ] GC(977)   Pre Evacuate Collection Set: 0.2ms
[192.330s][info][gc,phases      ] GC(977)   Merge Heap Roots: 0.2ms
[192.330s][info][gc,phases      ] GC(977)   Evacuate Collection Set: 0.4ms
[192.330s][info][gc,phases      ] GC(977)   Post Evacuate Collection Set: 2.8ms
[192.331s][info][gc,phases      ] GC(977)   Other: 0.1ms
[192.331s][info][gc,heap        ] GC(977) Eden regions: 325->0(325)
[192.331s][info][gc,heap        ] GC(977) Survivor regions: 1->1(41)
[192.331s][info][gc,heap        ] GC(977) Old regions: 22->22
[192.331s][info][gc,heap        ] GC(977) Archive regions: 0->0
[192.331s][info][gc,heap        ] GC(977) Humongous regions: 0->0
[192.331s][info][gc,metaspace   ] GC(977) Metaspace: 14269K(15168K)->14269K(15168K) NonClass: 12319K(12928K)->12319K(12928K) Class: 1950K(2240K)->1950K(2240K)
[192.331s][info][gc             ] GC(977) Pause Young (Normal) (G1 Evacuation Pause) 333M->8M(544M) 3.827ms
[192.331s][info][gc,cpu         ] GC(977) User=0.52s Sys=0.00s Real=0.00s
[192.526s][info][gc,start       ] GC(978) Pause Young (Normal) (G1 Evacuation Pause)
[192.526s][info][gc,task        ] GC(978) Using 33 workers of 33 for evacuation
[192.530s][info][gc,phases      ] GC(978)   Pre Evacuate Collection Set: 0.1ms
[192.530s][info][gc,phases      ] GC(978)   Merge Heap Roots: 0.2ms
[192.530s][info][gc,phases      ] GC(978)   Evacuate Collection Set: 0.3ms
[192.530s][info][gc,phases      ] GC(978)   Post Evacuate Collection Set: 2.8ms
[192.530s][info][gc,phases      ] GC(978)   Other: 0.1ms
[192.530s][info][gc,heap        ] GC(978) Eden regions: 325->0(325)
[192.530s][info][gc,heap        ] GC(978) Survivor regions: 1->1(41)
[192.530s][info][gc,heap        ] GC(978) Old regions: 22->23
[192.530s][info][gc,heap        ] GC(978) Archive regions: 0->0
[192.530s][info][gc,heap        ] GC(978) Humongous regions: 0->0
[192.530s][info][gc,metaspace   ] GC(978) Metaspace: 14269K(15168K)->14269K(15168K) NonClass: 12319K(12928K)->12319K(12928K) Class: 1950K(2240K)->1950K(2240K)
[192.530s][info][gc             ] GC(978) Pause Young (Normal) (G1 Evacuation Pause) 333M->8M(544M) 3.793ms
[192.530s][info][gc,cpu         ] GC(978) User=0.00s Sys=0.00s Real=0.00s
[192.724s][info][gc,start       ] GC(979) Pause Young (Normal) (G1 Evacuation Pause)
[192.724s][info][gc,task        ] GC(979) Using 33 workers of 33 for evacuation
[192.728s][info][gc,phases      ] GC(979)   Pre Evacuate Collection Set: 0.2ms
[192.728s][info][gc,phases      ] GC(979)   Merge Heap Roots: 0.2ms
[192.728s][info][gc,phases      ] GC(979)   Evacuate Collection Set: 0.3ms
[192.728s][info][gc,phases      ] GC(979)   Post Evacuate Collection Set: 2.8ms
[192.728s][info][gc,phases      ] GC(979)   Other: 0.1ms
[192.728s][info][gc,heap        ] GC(979) Eden regions: 325->0(325)
[192.728s][info][gc,heap        ] GC(979) Survivor regions: 1->1(41)
[192.728s][info][gc,heap        ] GC(979) Old regions: 23->23
[192.728s][info][gc,heap        ] GC(979) Archive regions: 0->0
[192.728s][info][gc,heap        ] GC(979) Humongous regions: 0->0
[192.728s][info][gc,metaspace   ] GC(979) Metaspace: 14269K(15168K)->14269K(15168K) NonClass: 12319K(12928K)->12319K(12928K) Class: 1950K(2240K)->1950K(2240K)
[192.728s][info][gc             ] GC(979) Pause Young (Normal) (G1 Evacuation Pause) 333M->8M(544M) 3.811ms
[192.728s][info][gc,cpu         ] GC(979) User=0.00s Sys=0.00s Real=0.00s
[192.922s][info][gc,start       ] GC(980) Pause Young (Normal) (G1 Evacuation Pause)
[192.923s][info][gc,task        ] GC(980) Using 33 workers of 33 for evacuation
[192.926s][info][gc,phases      ] GC(980)   Pre Evacuate Collection Set: 0.2ms
[192.926s][info][gc,phases      ] GC(980)   Merge Heap Roots: 0.2ms
[192.926s][info][gc,phases      ] GC(980)   Evacuate Collection Set: 0.4ms
[192.926s][info][gc,phases      ] GC(980)   Post Evacuate Collection Set: 2.9ms
[192.926s][info][gc,phases      ] GC(980)   Other: 0.1ms
[192.926s][info][gc,heap        ] GC(980) Eden regions: 325->0(325)
[192.926s][info][gc,heap        ] GC(980) Survivor regions: 1->1(41)
[192.926s][info][gc,heap        ] GC(980) Old regions: 23->23
[192.926s][info][gc,heap        ] GC(980) Archive regions: 0->0
[192.926s][info][gc,heap        ] GC(980) Humongous regions: 0->0
[192.926s][info][gc,metaspace   ] GC(980) Metaspace: 14269K(15168K)->14269K(15168K) NonClass: 12319K(12928K)->12319K(12928K) Class: 1950K(2240K)->1950K(2240K)
[192.926s][info][gc             ] GC(980) Pause Young (Normal) (G1 Evacuation Pause) 333M->8M(544M) 3.929ms
[192.926s][info][gc,cpu         ] GC(980) User=0.00s Sys=0.00s Real=0.00s
[193.174s][info][gc,start       ] GC(981) Pause Young (Normal) (G1 Evacuation Pause)
[193.176s][info][gc,task        ] GC(981) Using 33 workers of 33 for evacuation
[193.181s][info][gc,phases      ] GC(981)   Pre Evacuate Collection Set: 0.2ms
[193.181s][info][gc,phases      ] GC(981)   Merge Heap Roots: 0.3ms
[193.181s][info][gc,phases      ] GC(981)   Evacuate Collection Set: 0.6ms
[193.181s][info][gc,phases      ] GC(981)   Post Evacuate Collection Set: 3.7ms
[193.181s][info][gc,phases      ] GC(981)   Other: 0.2ms
[193.181s][info][gc,heap        ] GC(981) Eden regions: 325->0(325)
[193.181s][info][gc,heap        ] GC(981) Survivor regions: 1->1(41)
[193.181s][info][gc,heap        ] GC(981) Old regions: 23->23
[193.181s][info][gc,heap        ] GC(981) Archive regions: 0->0
[193.181s][info][gc,heap        ] GC(981) Humongous regions: 0->0
[193.181s][info][gc,metaspace   ] GC(981) Metaspace: 14269K(15168K)->14269K(15168K) NonClass: 12319K(12928K)->12319K(12928K) Class: 1950K(2240K)->1950K(2240K)
[193.181s][info][gc             ] GC(981) Pause Young (Normal) (G1 Evacuation Pause) 333M->8M(544M) 7.798ms
[193.181s][info][gc,cpu         ] GC(981) User=0.00s Sys=0.00s Real=0.00s
[193.377s][info][gc,start       ] GC(982) Pause Young (Normal) (G1 Evacuation Pause)
[193.377s][info][gc,task        ] GC(982) Using 33 workers of 33 for evacuation
[193.380s][info][gc,phases      ] GC(982)   Pre Evacuate Collection Set: 0.1ms
[193.380s][info][gc,phases      ] GC(982)   Merge Heap Roots: 0.2ms
[193.380s][info][gc,phases      ] GC(982)   Evacuate Collection Set: 0.3ms
[193.380s][info][gc,phases      ] GC(982)   Post Evacuate Collection Set: 2.7ms
[193.380s][info][gc,phases      ] GC(982)   Other: 0.1ms
[193.381s][info][gc,heap        ] GC(982) Eden regions: 325->0(325)
[193.381s][info][gc,heap        ] GC(982) Survivor regions: 1->1(41)
[193.381s][info][gc,heap        ] GC(982) Old regions: 23->23
[193.381s][info][gc,heap        ] GC(982) Archive regions: 0->0
[193.381s][info][gc,heap        ] GC(982) Humongous regions: 0->0
[193.381s][info][gc,metaspace   ] GC(982) Metaspace: 14269K(15168K)->14269K(15168K) NonClass: 12319K(12928K)->12319K(12928K) Class: 1950K(2240K)->1950K(2240K)
[193.381s][info][gc             ] GC(982) Pause Young (Normal) (G1 Evacuation Pause) 333M->8M(544M) 3.665ms
[193.381s][info][gc,cpu         ] GC(982) User=0.00s Sys=0.00s Real=0.00s
[193.574s][info][gc,start       ] GC(983) Pause Young (Normal) (G1 Evacuation Pause)
[193.575s][info][gc,task        ] GC(983) Using 33 workers of 33 for evacuation
[193.578s][info][gc,phases      ] GC(983)   Pre Evacuate Collection Set: 0.2ms
[193.578s][info][gc,phases      ] GC(983)   Merge Heap Roots: 0.2ms
[193.578s][info][gc,phases      ] GC(983)   Evacuate Collection Set: 0.3ms
[193.578s][info][gc,phases      ] GC(983)   Post Evacuate Collection Set: 2.6ms
[193.578s][info][gc,phases      ] GC(983)   Other: 0.1ms
[193.578s][info][gc,heap        ] GC(983) Eden regions: 325->0(325)
[193.578s][info][gc,heap        ] GC(983) Survivor regions: 1->1(41)
[193.578s][info][gc,heap        ] GC(983) Old regions: 23->23
[193.578s][info][gc,heap        ] GC(983) Archive regions: 0->0
[193.578s][info][gc,heap        ] GC(983) Humongous regions: 0->0
[193.578s][info][gc,metaspace   ] GC(983) Metaspace: 14269K(15168K)->14269K(15168K) NonClass: 12319K(12928K)->12319K(12928K) Class: 1950K(2240K)->1950K(2240K)
[193.578s][info][gc             ] GC(983) Pause Young (Normal) (G1 Evacuation Pause) 333M->9M(544M) 3.575ms
[193.578s][info][gc,cpu         ] GC(983) User=0.00s Sys=0.00s Real=0.00s
[193.771s][info][gc,start       ] GC(984) Pause Young (Normal) (G1 Evacuation Pause)
[193.771s][info][gc,task        ] GC(984) Using 33 workers of 33 for evacuation
[193.775s][info][gc,phases      ] GC(984)   Pre Evacuate Collection Set: 0.2ms
[193.775s][info][gc,phases      ] GC(984)   Merge Heap Roots: 0.2ms
[193.775s][info][gc,phases      ] GC(984)   Evacuate Collection Set: 0.4ms
[193.775s][info][gc,phases      ] GC(984)   Post Evacuate Collection Set: 2.5ms
[193.775s][info][gc,phases      ] GC(984)   Other: 0.1ms
[193.775s][info][gc,heap        ] GC(984) Eden regions: 325->0(325)
[193.775s][info][gc,heap        ] GC(984) Survivor regions: 1->1(41)
[193.775s][info][gc,heap        ] GC(984) Old regions: 23->23
[193.775s][info][gc,heap        ] GC(984) Archive regions: 0->0
[193.775s][info][gc,heap        ] GC(984) Humongous regions: 0->0
[193.775s][info][gc,metaspace   ] GC(984) Metaspace: 14269K(15168K)->14269K(15168K) NonClass: 12319K(12928K)->12319K(12928K) Class: 1950K(2240K)->1950K(2240K)
[193.775s][info][gc             ] GC(984) Pause Young (Normal) (G1 Evacuation Pause) 334M->9M(544M) 3.577ms
[193.775s][info][gc,cpu         ] GC(984) User=0.00s Sys=0.00s Real=0.00s
[193.969s][info][gc,start       ] GC(985) Pause Young (Normal) (G1 Evacuation Pause)
[193.969s][info][gc,task        ] GC(985) Using 33 workers of 33 for evacuation
[193.972s][info][gc,phases      ] GC(985)   Pre Evacuate Collection Set: 0.2ms
[193.972s][info][gc,phases      ] GC(985)   Merge Heap Roots: 0.2ms
[193.972s][info][gc,phases      ] GC(985)   Evacuate Collection Set: 0.4ms
[193.972s][info][gc,phases      ] GC(985)   Post Evacuate Collection Set: 2.5ms
[193.972s][info][gc,phases      ] GC(985)   Other: 0.1ms
[193.972s][info][gc,heap        ] GC(985) Eden regions: 325->0(325)
[193.972s][info][gc,heap        ] GC(985) Survivor regions: 1->1(41)
[193.972s][info][gc,heap        ] GC(985) Old regions: 23->23
[193.972s][info][gc,heap        ] GC(985) Archive regions: 0->0
[193.972s][info][gc,heap        ] GC(985) Humongous regions: 0->0
[193.972s][info][gc,metaspace   ] GC(985) Metaspace: 14269K(15168K)->14269K(15168K) NonClass: 12319K(12928K)->12319K(12928K) Class: 1950K(2240K)->1950K(2240K)
[193.972s][info][gc             ] GC(985) Pause Young (Normal) (G1 Evacuation Pause) 334M->9M(544M) 3.529ms
[193.972s][info][gc,cpu         ] GC(985) User=0.00s Sys=0.00s Real=0.00s
[194.165s][info][gc,start       ] GC(986) Pause Young (Normal) (G1 Evacuation Pause)
[194.165s][info][gc,task        ] GC(986) Using 33 workers of 33 for evacuation
[194.168s][info][gc,phases      ] GC(986)   Pre Evacuate Collection Set: 0.2ms
[194.168s][info][gc,phases      ] GC(986)   Merge Heap Roots: 0.2ms
[194.168s][info][gc,phases      ] GC(986)   Evacuate Collection Set: 0.3ms
[194.168s][info][gc,phases      ] GC(986)   Post Evacuate Collection Set: 2.4ms
[194.168s][info][gc,phases      ] GC(986)   Other: 0.2ms
[194.168s][info][gc,heap        ] GC(986) Eden regions: 325->0(325)
[194.168s][info][gc,heap        ] GC(986) Survivor regions: 1->1(41)
[194.168s][info][gc,heap        ] GC(986) Old regions: 23->23
[194.168s][info][gc,heap        ] GC(986) Archive regions: 0->0
[194.168s][info][gc,heap        ] GC(986) Humongous regions: 0->0
[194.168s][info][gc,metaspace   ] GC(986) Metaspace: 14269K(15168K)->14269K(15168K) NonClass: 12319K(12928K)->12319K(12928K) Class: 1950K(2240K)->1950K(2240K)
[194.168s][info][gc             ] GC(986) Pause Young (Normal) (G1 Evacuation Pause) 334M->9M(544M) 3.548ms
[194.168s][info][gc,cpu         ] GC(986) User=0.00s Sys=0.00s Real=0.00s
[194.361s][info][gc,start       ] GC(987) Pause Young (Normal) (G1 Evacuation Pause)
[194.361s][info][gc,task        ] GC(987) Using 33 workers of 33 for evacuation
[194.364s][info][gc,phases      ] GC(987)   Pre Evacuate Collection Set: 0.2ms
[194.364s][info][gc,phases      ] GC(987)   Merge Heap Roots: 0.2ms
[194.364s][info][gc,phases      ] GC(987)   Evacuate Collection Set: 0.4ms
[194.364s][info][gc,phases      ] GC(987)   Post Evacuate Collection Set: 2.5ms
[194.364s][info][gc,phases      ] GC(987)   Other: 0.1ms
[194.364s][info][gc,heap        ] GC(987) Eden regions: 325->0(325)
[194.364s][info][gc,heap        ] GC(987) Survivor regions: 1->1(41)
[194.364s][info][gc,heap        ] GC(987) Old regions: 23->23
[194.364s][info][gc,heap        ] GC(987) Archive regions: 0->0
[194.364s][info][gc,heap        ] GC(987) Humongous regions: 0->0
[194.364s][info][gc,metaspace   ] GC(987) Metaspace: 14269K(15168K)->14269K(15168K) NonClass: 12319K(12928K)->12319K(12928K) Class: 1950K(2240K)->1950K(2240K)
[194.364s][info][gc             ] GC(987) Pause Young (Normal) (G1 Evacuation Pause) 334M->9M(544M) 3.487ms
[194.364s][info][gc,cpu         ] GC(987) User=0.00s Sys=0.00s Real=0.00s
[194.557s][info][gc,start       ] GC(988) Pause Young (Normal) (G1 Evacuation Pause)
[194.557s][info][gc,task        ] GC(988) Using 33 workers of 33 for evacuation
[194.561s][info][gc,phases      ] GC(988)   Pre Evacuate Collection Set: 0.2ms
[194.561s][info][gc,phases      ] GC(988)   Merge Heap Roots: 0.2ms
[194.561s][info][gc,phases      ] GC(988)   Evacuate Collection Set: 0.3ms
[194.561s][info][gc,phases      ] GC(988)   Post Evacuate Collection Set: 2.5ms
[194.561s][info][gc,phases      ] GC(988)   Other: 0.1ms
[194.561s][info][gc,heap        ] GC(988) Eden regions: 325->0(325)
[194.561s][info][gc,heap        ] GC(988) Survivor regions: 1->1(41)
[194.561s][info][gc,heap        ] GC(988) Old regions: 23->23
[194.561s][info][gc,heap        ] GC(988) Archive regions: 0->0
[194.561s][info][gc,heap        ] GC(988) Humongous regions: 0->0
[194.561s][info][gc,metaspace   ] GC(988) Metaspace: 14269K(15168K)->14269K(15168K) NonClass: 12319K(12928K)->12319K(12928K) Class: 1950K(2240K)->1950K(2240K)
[194.561s][info][gc             ] GC(988) Pause Young (Normal) (G1 Evacuation Pause) 334M->9M(544M) 3.486ms
[194.561s][info][gc,cpu         ] GC(988) User=0.00s Sys=0.00s Real=0.00s
[194.753s][info][gc,start       ] GC(989) Pause Young (Normal) (G1 Evacuation Pause)
[194.753s][info][gc,task        ] GC(989) Using 33 workers of 33 for evacuation
[194.756s][info][gc,phases      ] GC(989)   Pre Evacuate Collection Set: 0.2ms
[194.756s][info][gc,phases      ] GC(989)   Merge Heap Roots: 0.2ms
[194.756s][info][gc,phases      ] GC(989)   Evacuate Collection Set: 0.3ms
[194.756s][info][gc,phases      ] GC(989)   Post Evacuate Collection Set: 2.5ms
[194.756s][info][gc,phases      ] GC(989)   Other: 0.1ms
[194.756s][info][gc,heap        ] GC(989) Eden regions: 325->0(325)
[194.756s][info][gc,heap        ] GC(989) Survivor regions: 1->1(41)
[194.756s][info][gc,heap        ] GC(989) Old regions: 23->23
[194.756s][info][gc,heap        ] GC(989) Archive regions: 0->0
[194.756s][info][gc,heap        ] GC(989) Humongous regions: 0->0
[194.756s][info][gc,metaspace   ] GC(989) Metaspace: 14269K(15168K)->14269K(15168K) NonClass: 12319K(12928K)->12319K(12928K) Class: 1950K(2240K)->1950K(2240K)
[194.756s][info][gc             ] GC(989) Pause Young (Normal) (G1 Evacuation Pause) 334M->9M(544M) 3.528ms
[194.756s][info][gc,cpu         ] GC(989) User=0.00s Sys=0.00s Real=0.00s
[194.948s][info][gc,start       ] GC(990) Pause Young (Normal) (G1 Evacuation Pause)
[194.948s][info][gc,task        ] GC(990) Using 33 workers of 33 for evacuation
[194.951s][info][gc,phases      ] GC(990)   Pre Evacuate Collection Set: 0.2ms
[194.951s][info][gc,phases      ] GC(990)   Merge Heap Roots: 0.2ms
[194.951s][info][gc,phases      ] GC(990)   Evacuate Collection Set: 0.4ms
[194.951s][info][gc,phases      ] GC(990)   Post Evacuate Collection Set: 2.6ms
[194.951s][info][gc,phases      ] GC(990)   Other: 0.1ms
[194.951s][info][gc,heap        ] GC(990) Eden regions: 325->0(325)
[194.951s][info][gc,heap        ] GC(990) Survivor regions: 1->1(41)
[194.951s][info][gc,heap        ] GC(990) Old regions: 23->23
[194.951s][info][gc,heap        ] GC(990) Archive regions: 0->0
[194.951s][info][gc,heap        ] GC(990) Humongous regions: 0->0
[194.951s][info][gc,metaspace   ] GC(990) Metaspace: 14269K(15168K)->14269K(15168K) NonClass: 12319K(12928K)->12319K(12928K) Class: 1950K(2240K)->1950K(2240K)
[194.951s][info][gc             ] GC(990) Pause Young (Normal) (G1 Evacuation Pause) 334M->9M(544M) 3.623ms
[194.951s][info][gc,cpu         ] GC(990) User=0.00s Sys=0.00s Real=0.00s
[195.144s][info][gc,start       ] GC(991) Pause Young (Normal) (G1 Evacuation Pause)
[195.144s][info][gc,task        ] GC(991) Using 33 workers of 33 for evacuation
[195.147s][info][gc,phases      ] GC(991)   Pre Evacuate Collection Set: 0.2ms
[195.147s][info][gc,phases      ] GC(991)   Merge Heap Roots: 0.2ms
[195.147s][info][gc,phases      ] GC(991)   Evacuate Collection Set: 0.3ms
[195.147s][info][gc,phases      ] GC(991)   Post Evacuate Collection Set: 2.6ms
[195.147s][info][gc,phases      ] GC(991)   Other: 0.1ms
[195.147s][info][gc,heap        ] GC(991) Eden regions: 325->0(325)
[195.147s][info][gc,heap        ] GC(991) Survivor regions: 1->1(41)
[195.147s][info][gc,heap        ] GC(991) Old regions: 23->23
[195.147s][info][gc,heap        ] GC(991) Archive regions: 0->0
[195.147s][info][gc,heap        ] GC(991) Humongous regions: 0->0
[195.147s][info][gc,metaspace   ] GC(991) Metaspace: 14269K(15168K)->14269K(15168K) NonClass: 12319K(12928K)->12319K(12928K) Class: 1950K(2240K)->1950K(2240K)
[195.147s][info][gc             ] GC(991) Pause Young (Normal) (G1 Evacuation Pause) 334M->9M(544M) 3.662ms
[195.147s][info][gc,cpu         ] GC(991) User=0.00s Sys=0.00s Real=0.00s
[195.339s][info][gc,start       ] GC(992) Pause Young (Normal) (G1 Evacuation Pause)
[195.340s][info][gc,task        ] GC(992) Using 33 workers of 33 for evacuation
[195.343s][info][gc,phases      ] GC(992)   Pre Evacuate Collection Set: 0.2ms
[195.343s][info][gc,phases      ] GC(992)   Merge Heap Roots: 0.1ms
[195.343s][info][gc,phases      ] GC(992)   Evacuate Collection Set: 0.4ms
[195.343s][info][gc,phases      ] GC(992)   Post Evacuate Collection Set: 2.6ms
[195.343s][info][gc,phases      ] GC(992)   Other: 0.1ms
[195.343s][info][gc,heap        ] GC(992) Eden regions: 325->0(325)
[195.343s][info][gc,heap        ] GC(992) Survivor regions: 1->1(41)
[195.343s][info][gc,heap        ] GC(992) Old regions: 23->23
[195.343s][info][gc,heap        ] GC(992) Archive regions: 0->0
[195.343s][info][gc,heap        ] GC(992) Humongous regions: 0->0
[195.343s][info][gc,metaspace   ] GC(992) Metaspace: 14269K(15168K)->14269K(15168K) NonClass: 12319K(12928K)->12319K(12928K) Class: 1950K(2240K)->1950K(2240K)
[195.343s][info][gc             ] GC(992) Pause Young (Normal) (G1 Evacuation Pause) 334M->9M(544M) 3.640ms
[195.343s][info][gc,cpu         ] GC(992) User=0.00s Sys=0.00s Real=0.00s
[195.535s][info][gc,start       ] GC(993) Pause Young (Normal) (G1 Evacuation Pause)
[195.535s][info][gc,task        ] GC(993) Using 33 workers of 33 for evacuation
[195.538s][info][gc,phases      ] GC(993)   Pre Evacuate Collection Set: 0.2ms
[195.539s][info][gc,phases      ] GC(993)   Merge Heap Roots: 0.2ms
[195.539s][info][gc,phases      ] GC(993)   Evacuate Collection Set: 0.3ms
[195.539s][info][gc,phases      ] GC(993)   Post Evacuate Collection Set: 2.7ms
[195.539s][info][gc,phases      ] GC(993)   Other: 0.1ms
[195.539s][info][gc,heap        ] GC(993) Eden regions: 325->0(325)
[195.539s][info][gc,heap        ] GC(993) Survivor regions: 1->1(41)
[195.539s][info][gc,heap        ] GC(993) Old regions: 23->23
[195.539s][info][gc,heap        ] GC(993) Archive regions: 0->0
[195.539s][info][gc,heap        ] GC(993) Humongous regions: 0->0
[195.539s][info][gc,metaspace   ] GC(993) Metaspace: 14269K(15168K)->14269K(15168K) NonClass: 12319K(12928K)->12319K(12928K) Class: 1950K(2240K)->1950K(2240K)
[195.539s][info][gc             ] GC(993) Pause Young (Normal) (G1 Evacuation Pause) 334M->9M(544M) 3.647ms
[195.539s][info][gc,cpu         ] GC(993) User=0.00s Sys=0.00s Real=0.00s
[195.734s][info][gc,start       ] GC(994) Pause Young (Normal) (G1 Evacuation Pause)
[195.734s][info][gc,task        ] GC(994) Using 33 workers of 33 for evacuation
[195.737s][info][gc,phases      ] GC(994)   Pre Evacuate Collection Set: 0.2ms
[195.737s][info][gc,phases      ] GC(994)   Merge Heap Roots: 0.2ms
[195.737s][info][gc,phases      ] GC(994)   Evacuate Collection Set: 0.3ms
[195.737s][info][gc,phases      ] GC(994)   Post Evacuate Collection Set: 2.7ms
[195.738s][info][gc,phases      ] GC(994)   Other: 0.1ms
[195.738s][info][gc,heap        ] GC(994) Eden regions: 325->0(325)
[195.738s][info][gc,heap        ] GC(994) Survivor regions: 1->1(41)
[195.738s][info][gc,heap        ] GC(994) Old regions: 23->23
[195.738s][info][gc,heap        ] GC(994) Archive regions: 0->0
[195.738s][info][gc,heap        ] GC(994) Humongous regions: 0->0
[195.738s][info][gc,metaspace   ] GC(994) Metaspace: 14269K(15168K)->14269K(15168K) NonClass: 12319K(12928K)->12319K(12928K) Class: 1950K(2240K)->1950K(2240K)
[195.738s][info][gc             ] GC(994) Pause Young (Normal) (G1 Evacuation Pause) 334M->9M(544M) 3.676ms
[195.738s][info][gc,cpu         ] GC(994) User=0.52s Sys=0.00s Real=0.00s
[195.937s][info][gc,start       ] GC(995) Pause Young (Normal) (G1 Evacuation Pause)
[195.937s][info][gc,task        ] GC(995) Using 33 workers of 33 for evacuation
[195.941s][info][gc,phases      ] GC(995)   Pre Evacuate Collection Set: 0.1ms
[195.941s][info][gc,phases      ] GC(995)   Merge Heap Roots: 0.1ms
[195.941s][info][gc,phases      ] GC(995)   Evacuate Collection Set: 0.4ms
[195.941s][info][gc,phases      ] GC(995)   Post Evacuate Collection Set: 2.7ms
[195.941s][info][gc,phases      ] GC(995)   Other: 0.1ms
[195.941s][info][gc,heap        ] GC(995) Eden regions: 325->0(325)
[195.941s][info][gc,heap        ] GC(995) Survivor regions: 1->1(41)
[195.941s][info][gc,heap        ] GC(995) Old regions: 23->23
[195.941s][info][gc,heap        ] GC(995) Archive regions: 0->0
[195.941s][info][gc,heap        ] GC(995) Humongous regions: 0->0
[195.941s][info][gc,metaspace   ] GC(995) Metaspace: 14269K(15168K)->14269K(15168K) NonClass: 12319K(12928K)->12319K(12928K) Class: 1950K(2240K)->1950K(2240K)
[195.941s][info][gc             ] GC(995) Pause Young (Normal) (G1 Evacuation Pause) 334M->9M(544M) 3.720ms
[195.941s][info][gc,cpu         ] GC(995) User=0.52s Sys=0.00s Real=0.00s
[196.149s][info][gc,start       ] GC(996) Pause Young (Normal) (G1 Evacuation Pause)
[196.149s][info][gc,task        ] GC(996) Using 33 workers of 33 for evacuation
[196.152s][info][gc,phases      ] GC(996)   Pre Evacuate Collection Set: 0.2ms
[196.152s][info][gc,phases      ] GC(996)   Merge Heap Roots: 0.2ms
[196.152s][info][gc,phases      ] GC(996)   Evacuate Collection Set: 0.3ms
[196.152s][info][gc,phases      ] GC(996)   Post Evacuate Collection Set: 2.8ms
[196.152s][info][gc,phases      ] GC(996)   Other: 0.1ms
[196.152s][info][gc,heap        ] GC(996) Eden regions: 325->0(325)
[196.152s][info][gc,heap        ] GC(996) Survivor regions: 1->1(41)
[196.152s][info][gc,heap        ] GC(996) Old regions: 23->23
[196.152s][info][gc,heap        ] GC(996) Archive regions: 0->0
[196.152s][info][gc,heap        ] GC(996) Humongous regions: 0->0
[196.152s][info][gc,metaspace   ] GC(996) Metaspace: 14269K(15168K)->14269K(15168K) NonClass: 12319K(12928K)->12319K(12928K) Class: 1950K(2240K)->1950K(2240K)
[196.152s][info][gc             ] GC(996) Pause Young (Normal) (G1 Evacuation Pause) 334M->9M(544M) 3.764ms
[196.152s][info][gc,cpu         ] GC(996) User=0.00s Sys=0.00s Real=0.00s
[196.374s][info][gc,start       ] GC(997) Pause Young (Normal) (G1 Evacuation Pause)
[196.374s][info][gc,task        ] GC(997) Using 33 workers of 33 for evacuation
[196.378s][info][gc,phases      ] GC(997)   Pre Evacuate Collection Set: 0.1ms
[196.378s][info][gc,phases      ] GC(997)   Merge Heap Roots: 0.2ms
[196.378s][info][gc,phases      ] GC(997)   Evacuate Collection Set: 0.4ms
[196.378s][info][gc,phases      ] GC(997)   Post Evacuate Collection Set: 2.8ms
[196.378s][info][gc,phases      ] GC(997)   Other: 0.1ms
[196.378s][info][gc,heap        ] GC(997) Eden regions: 325->0(325)
[196.378s][info][gc,heap        ] GC(997) Survivor regions: 1->1(41)
[196.378s][info][gc,heap        ] GC(997) Old regions: 23->23
[196.378s][info][gc,heap        ] GC(997) Archive regions: 0->0
[196.378s][info][gc,heap        ] GC(997) Humongous regions: 0->0
[196.378s][info][gc,metaspace   ] GC(997) Metaspace: 14269K(15168K)->14269K(15168K) NonClass: 12319K(12928K)->12319K(12928K) Class: 1950K(2240K)->1950K(2240K)
[196.378s][info][gc             ] GC(997) Pause Young (Normal) (G1 Evacuation Pause) 334M->9M(544M) 3.807ms
[196.378s][info][gc,cpu         ] GC(997) User=0.52s Sys=0.00s Real=0.00s
[196.606s][info][gc,start       ] GC(998) Pause Young (Normal) (G1 Evacuation Pause)
[196.606s][info][gc,task        ] GC(998) Using 33 workers of 33 for evacuation
[196.610s][info][gc,phases      ] GC(998)   Pre Evacuate Collection Set: 0.1ms
[196.610s][info][gc,phases      ] GC(998)   Merge Heap Roots: 0.2ms
[196.610s][info][gc,phases      ] GC(998)   Evacuate Collection Set: 0.4ms
[196.610s][info][gc,phases      ] GC(998)   Post Evacuate Collection Set: 2.9ms
[196.610s][info][gc,phases      ] GC(998)   Other: 0.1ms
[196.610s][info][gc,heap        ] GC(998) Eden regions: 325->0(325)
[196.610s][info][gc,heap        ] GC(998) Survivor regions: 1->1(41)
[196.610s][info][gc,heap        ] GC(998) Old regions: 23->23
[196.610s][info][gc,heap        ] GC(998) Archive regions: 0->0
[196.610s][info][gc,heap        ] GC(998) Humongous regions: 0->0
[196.610s][info][gc,metaspace   ] GC(998) Metaspace: 14269K(15168K)->14269K(15168K) NonClass: 12319K(12928K)->12319K(12928K) Class: 1950K(2240K)->1950K(2240K)
[196.610s][info][gc             ] GC(998) Pause Young (Normal) (G1 Evacuation Pause) 334M->9M(544M) 3.956ms
[196.610s][info][gc,cpu         ] GC(998) User=0.00s Sys=0.00s Real=0.00s
[196.792s][info][gc,start       ] GC(999) Pause Young (Normal) (G1 Evacuation Pause)
[196.792s][info][gc,task        ] GC(999) Using 33 workers of 33 for evacuation
[196.796s][info][gc,phases      ] GC(999)   Pre Evacuate Collection Set: 0.1ms
[196.796s][info][gc,phases      ] GC(999)   Merge Heap Roots: 0.2ms
[196.796s][info][gc,phases      ] GC(999)   Evacuate Collection Set: 0.4ms
[196.796s][info][gc,phases      ] GC(999)   Post Evacuate Collection Set: 2.9ms
[196.796s][info][gc,phases      ] GC(999)   Other: 0.1ms
[196.796s][info][gc,heap        ] GC(999) Eden regions: 325->0(325)
[196.796s][info][gc,heap        ] GC(999) Survivor regions: 1->1(41)
[196.796s][info][gc,heap        ] GC(999) Old regions: 23->24
[196.796s][info][gc,heap        ] GC(999) Archive regions: 0->0
[196.796s][info][gc,heap        ] GC(999) Humongous regions: 0->0
[196.796s][info][gc,metaspace   ] GC(999) Metaspace: 14269K(15168K)->14269K(15168K) NonClass: 12319K(12928K)->12319K(12928K) Class: 1950K(2240K)->1950K(2240K)
[196.796s][info][gc             ] GC(999) Pause Young (Normal) (G1 Evacuation Pause) 334M->9M(544M) 3.942ms
[196.796s][info][gc,cpu         ] GC(999) User=0.00s Sys=0.00s Real=0.00s
[196.944s][info][gc,start       ] GC(1000) Pause Full (System.gc())
[196.944s][info][gc,task        ] GC(1000) Using 23 workers of 33 for full compaction
[196.945s][info][gc,phases,start] GC(1000) Phase 1: Mark live objects
[196.954s][info][gc,phases      ] GC(1000) Phase 1: Mark live objects 8.366ms
[196.954s][info][gc,phases,start] GC(1000) Phase 2: Prepare compaction
[196.955s][info][gc,phases      ] GC(1000) Phase 2: Prepare compaction 0.907ms
[196.955s][info][gc,phases,start] GC(1000) Phase 3: Adjust pointers
[196.961s][info][gc,phases      ] GC(1000) Phase 3: Adjust pointers 5.950ms
[196.961s][info][gc,phases,start] GC(1000) Phase 4: Compact heap
[196.961s][info][gc,phases      ] GC(1000) Phase 4: Compact heap 0.498ms
[196.966s][info][gc,heap        ] GC(1000) Eden regions: 171->0(40)
[196.966s][info][gc,heap        ] GC(1000) Survivor regions: 1->0(41)
[196.966s][info][gc,heap        ] GC(1000) Old regions: 24->20
[196.966s][info][gc,heap        ] GC(1000) Archive regions: 0->0
[196.966s][info][gc,heap        ] GC(1000) Humongous regions: 0->0
[196.966s][info][gc,metaspace   ] GC(1000) Metaspace: 14272K(15168K)->14272K(15168K) NonClass: 12322K(12928K)->12322K(12928K) Class: 1950K(2240K)->1950K(2240K)
[196.966s][info][gc             ] GC(1000) Pause Full (System.gc()) 180M->5M(67M) 21.521ms
[196.966s][info][gc,cpu         ] GC(1000) User=0.02s Sys=0.00s Real=0.02s
[196.996s][info][gc,start       ] GC(1001) Pause Young (Normal) (G1 Evacuation Pause)
[196.996s][info][gc,task        ] GC(1001) Using 33 workers of 33 for evacuation
[196.999s][info][gc,phases      ] GC(1001)   Pre Evacuate Collection Set: 0.1ms
[196.999s][info][gc,phases      ] GC(1001)   Merge Heap Roots: 0.1ms
[196.999s][info][gc,phases      ] GC(1001)   Evacuate Collection Set: 0.5ms
[196.999s][info][gc,phases      ] GC(1001)   Post Evacuate Collection Set: 2.5ms
[196.999s][info][gc,phases      ] GC(1001)   Other: 0.1ms
[196.999s][info][gc,heap        ] GC(1001) Eden regions: 40->0(38)
[196.999s][info][gc,heap        ] GC(1001) Survivor regions: 0->2(5)
[196.999s][info][gc,heap        ] GC(1001) Old regions: 20->20
[196.999s][info][gc,heap        ] GC(1001) Archive regions: 0->0
[196.999s][info][gc,heap        ] GC(1001) Humongous regions: 0->0
[196.999s][info][gc,metaspace   ] GC(1001) Metaspace: 14279K(15168K)->14279K(15168K) NonClass: 12328K(12928K)->12328K(12928K) Class: 1950K(2240K)->1950K(2240K)
[196.999s][info][gc             ] GC(1001) Pause Young (Normal) (G1 Evacuation Pause) 45M->6M(67M) 3.496ms
[196.999s][info][gc,cpu         ] GC(1001) User=0.00s Sys=0.00s Real=0.00s
[197.019s][info][gc,start       ] GC(1002) Pause Young (Normal) (G1 Evacuation Pause)
[197.019s][info][gc,task        ] GC(1002) Using 33 workers of 33 for evacuation
[197.022s][info][gc,phases      ] GC(1002)   Pre Evacuate Collection Set: 0.1ms
[197.022s][info][gc,phases      ] GC(1002)   Merge Heap Roots: 0.1ms
[197.022s][info][gc,phases      ] GC(1002)   Evacuate Collection Set: 0.4ms
[197.022s][info][gc,phases      ] GC(1002)   Post Evacuate Collection Set: 2.4ms
[197.022s][info][gc,phases      ] GC(1002)   Other: 0.1ms
[197.022s][info][gc,heap        ] GC(1002) Eden regions: 38->0(38)
[197.022s][info][gc,heap        ] GC(1002) Survivor regions: 2->2(5)
[197.022s][info][gc,heap        ] GC(1002) Old regions: 20->20
[197.022s][info][gc,heap        ] GC(1002) Archive regions: 0->0
[197.022s][info][gc,heap        ] GC(1002) Humongous regions: 0->0
[197.022s][info][gc,metaspace   ] GC(1002) Metaspace: 14279K(15168K)->14279K(15168K) NonClass: 12328K(12928K)->12328K(12928K) Class: 1950K(2240K)->1950K(2240K)
[197.022s][info][gc             ] GC(1002) Pause Young (Normal) (G1 Evacuation Pause) 44M->6M(67M) 3.236ms
[197.022s][info][gc,cpu         ] GC(1002) User=0.00s Sys=0.00s Real=0.00s
[197.041s][info][gc,start       ] GC(1003) Pause Young (Normal) (G1 Evacuation Pause)
[197.041s][info][gc,task        ] GC(1003) Using 33 workers of 33 for evacuation
[197.044s][info][gc,phases      ] GC(1003)   Pre Evacuate Collection Set: 0.1ms
[197.044s][info][gc,phases      ] GC(1003)   Merge Heap Roots: 0.1ms
[197.044s][info][gc,phases      ] GC(1003)   Evacuate Collection Set: 0.4ms
[197.044s][info][gc,phases      ] GC(1003)   Post Evacuate Collection Set: 2.3ms
[197.044s][info][gc,phases      ] GC(1003)   Other: 0.1ms
[197.044s][info][gc,heap        ] GC(1003) Eden regions: 38->0(38)
[197.044s][info][gc,heap        ] GC(1003) Survivor regions: 2->2(5)
[197.044s][info][gc,heap        ] GC(1003) Old regions: 20->20
[197.044s][info][gc,heap        ] GC(1003) Archive regions: 0->0
[197.044s][info][gc,heap        ] GC(1003) Humongous regions: 0->0
[197.044s][info][gc,metaspace   ] GC(1003) Metaspace: 14279K(15168K)->14279K(15168K) NonClass: 12328K(12928K)->12328K(12928K) Class: 1950K(2240K)->1950K(2240K)
[197.044s][info][gc             ] GC(1003) Pause Young (Normal) (G1 Evacuation Pause) 44M->6M(67M) 3.202ms
[197.044s][info][gc,cpu         ] GC(1003) User=0.00s Sys=0.00s Real=0.00s
[197.066s][info][gc,start       ] GC(1004) Pause Young (Normal) (G1 Evacuation Pause)
[197.066s][info][gc,task        ] GC(1004) Using 33 workers of 33 for evacuation
[197.071s][info][gc,phases      ] GC(1004)   Pre Evacuate Collection Set: 0.1ms
[197.071s][info][gc,phases      ] GC(1004)   Merge Heap Roots: 0.1ms
[197.071s][info][gc,phases      ] GC(1004)   Evacuate Collection Set: 0.4ms
[197.071s][info][gc,phases      ] GC(1004)   Post Evacuate Collection Set: 4.4ms
[197.071s][info][gc,phases      ] GC(1004)   Other: 0.1ms
[197.071s][info][gc,heap        ] GC(1004) Eden regions: 38->0(325)
[197.071s][info][gc,heap        ] GC(1004) Survivor regions: 2->2(5)
[197.071s][info][gc,heap        ] GC(1004) Old regions: 20->20
[197.071s][info][gc,heap        ] GC(1004) Archive regions: 0->0
[197.071s][info][gc,heap        ] GC(1004) Humongous regions: 0->0
[197.071s][info][gc,metaspace   ] GC(1004) Metaspace: 14279K(15168K)->14279K(15168K) NonClass: 12328K(12928K)->12328K(12928K) Class: 1950K(2240K)->1950K(2240K)
[197.072s][info][gc             ] GC(1004) Pause Young (Normal) (G1 Evacuation Pause) 44M->6M(546M) 5.240ms
[197.072s][info][gc,cpu         ] GC(1004) User=0.00s Sys=0.00s Real=0.00s
[197.241s][info][gc,start       ] GC(1005) Pause Young (Normal) (G1 Evacuation Pause)
[197.241s][info][gc,task        ] GC(1005) Using 33 workers of 33 for evacuation
[197.244s][info][gc,phases      ] GC(1005)   Pre Evacuate Collection Set: 0.1ms
[197.244s][info][gc,phases      ] GC(1005)   Merge Heap Roots: 0.1ms
[197.244s][info][gc,phases      ] GC(1005)   Evacuate Collection Set: 0.4ms
[197.244s][info][gc,phases      ] GC(1005)   Post Evacuate Collection Set: 2.6ms
[197.244s][info][gc,phases      ] GC(1005)   Other: 0.1ms
[197.244s][info][gc,heap        ] GC(1005) Eden regions: 325->0(325)
[197.244s][info][gc,heap        ] GC(1005) Survivor regions: 2->2(41)
[197.244s][info][gc,heap        ] GC(1005) Old regions: 20->20
[197.245s][info][gc,heap        ] GC(1005) Archive regions: 0->0
[197.245s][info][gc,heap        ] GC(1005) Humongous regions: 0->0
[197.245s][info][gc,metaspace   ] GC(1005) Metaspace: 14279K(15168K)->14279K(15168K) NonClass: 12328K(12928K)->12328K(12928K) Class: 1950K(2240K)->1950K(2240K)
[197.245s][info][gc             ] GC(1005) Pause Young (Normal) (G1 Evacuation Pause) 331M->6M(546M) 3.541ms
[197.245s][info][gc,cpu         ] GC(1005) User=0.00s Sys=0.00s Real=0.00s
[197.416s][info][gc,start       ] GC(1006) Pause Young (Normal) (G1 Evacuation Pause)
[197.417s][info][gc,task        ] GC(1006) Using 33 workers of 33 for evacuation
[197.420s][info][gc,phases      ] GC(1006)   Pre Evacuate Collection Set: 0.1ms
[197.420s][info][gc,phases      ] GC(1006)   Merge Heap Roots: 0.1ms
[197.420s][info][gc,phases      ] GC(1006)   Evacuate Collection Set: 0.7ms
[197.420s][info][gc,phases      ] GC(1006)   Post Evacuate Collection Set: 2.5ms
[197.420s][info][gc,phases      ] GC(1006)   Other: 0.1ms
[197.420s][info][gc,heap        ] GC(1006) Eden regions: 325->0(325)
[197.420s][info][gc,heap        ] GC(1006) Survivor regions: 2->2(41)
[197.420s][info][gc,heap        ] GC(1006) Old regions: 20->20
[197.420s][info][gc,heap        ] GC(1006) Archive regions: 0->0
[197.420s][info][gc,heap        ] GC(1006) Humongous regions: 0->0
[197.420s][info][gc,metaspace   ] GC(1006) Metaspace: 14279K(15168K)->14279K(15168K) NonClass: 12328K(12928K)->12328K(12928K) Class: 1950K(2240K)->1950K(2240K)
[197.420s][info][gc             ] GC(1006) Pause Young (Normal) (G1 Evacuation Pause) 331M->6M(546M) 3.764ms
[197.420s][info][gc,cpu         ] GC(1006) User=0.00s Sys=0.00s Real=0.00s
[197.591s][info][gc,start       ] GC(1007) Pause Young (Normal) (G1 Evacuation Pause)
[197.591s][info][gc,task        ] GC(1007) Using 33 workers of 33 for evacuation
[197.595s][info][gc,phases      ] GC(1007)   Pre Evacuate Collection Set: 0.1ms
[197.595s][info][gc,phases      ] GC(1007)   Merge Heap Roots: 0.1ms
[197.595s][info][gc,phases      ] GC(1007)   Evacuate Collection Set: 0.4ms
[197.595s][info][gc,phases      ] GC(1007)   Post Evacuate Collection Set: 2.5ms
[197.595s][info][gc,phases      ] GC(1007)   Other: 0.1ms
[197.595s][info][gc,heap        ] GC(1007) Eden regions: 325->0(325)
[197.595s][info][gc,heap        ] GC(1007) Survivor regions: 2->2(41)
[197.595s][info][gc,heap        ] GC(1007) Old regions: 20->20
[197.595s][info][gc,heap        ] GC(1007) Archive regions: 0->0
[197.595s][info][gc,heap        ] GC(1007) Humongous regions: 0->0
[197.595s][info][gc,metaspace   ] GC(1007) Metaspace: 14279K(15168K)->14279K(15168K) NonClass: 12328K(12928K)->12328K(12928K) Class: 1950K(2240K)->1950K(2240K)
[197.595s][info][gc             ] GC(1007) Pause Young (Normal) (G1 Evacuation Pause) 331M->6M(546M) 3.584ms
[197.595s][info][gc,cpu         ] GC(1007) User=0.52s Sys=0.00s Real=0.00s
[197.767s][info][gc,start       ] GC(1008) Pause Young (Normal) (G1 Evacuation Pause)
[197.767s][info][gc,task        ] GC(1008) Using 33 workers of 33 for evacuation
[197.770s][info][gc,phases      ] GC(1008)   Pre Evacuate Collection Set: 0.1ms
[197.770s][info][gc,phases      ] GC(1008)   Merge Heap Roots: 0.1ms
[197.770s][info][gc,phases      ] GC(1008)   Evacuate Collection Set: 0.4ms
[197.770s][info][gc,phases      ] GC(1008)   Post Evacuate Collection Set: 2.3ms
[197.770s][info][gc,phases      ] GC(1008)   Other: 0.1ms
[197.770s][info][gc,heap        ] GC(1008) Eden regions: 325->0(325)
[197.770s][info][gc,heap        ] GC(1008) Survivor regions: 2->2(41)
[197.770s][info][gc,heap        ] GC(1008) Old regions: 20->20
[197.770s][info][gc,heap        ] GC(1008) Archive regions: 0->0
[197.770s][info][gc,heap        ] GC(1008) Humongous regions: 0->0
[197.770s][info][gc,metaspace   ] GC(1008) Metaspace: 14279K(15168K)->14279K(15168K) NonClass: 12328K(12928K)->12328K(12928K) Class: 1950K(2240K)->1950K(2240K)
[197.770s][info][gc             ] GC(1008) Pause Young (Normal) (G1 Evacuation Pause) 331M->6M(546M) 3.391ms
[197.770s][info][gc,cpu         ] GC(1008) User=0.00s Sys=0.00s Real=0.00s
[197.939s][info][gc,start       ] GC(1009) Pause Young (Normal) (G1 Evacuation Pause)
[197.939s][info][gc,task        ] GC(1009) Using 33 workers of 33 for evacuation
[197.943s][info][gc,phases      ] GC(1009)   Pre Evacuate Collection Set: 0.1ms
[197.943s][info][gc,phases      ] GC(1009)   Merge Heap Roots: 0.1ms
[197.943s][info][gc,phases      ] GC(1009)   Evacuate Collection Set: 0.4ms
[197.943s][info][gc,phases      ] GC(1009)   Post Evacuate Collection Set: 2.4ms
[197.943s][info][gc,phases      ] GC(1009)   Other: 0.1ms
[197.943s][info][gc,heap        ] GC(1009) Eden regions: 325->0(325)
[197.943s][info][gc,heap        ] GC(1009) Survivor regions: 2->2(41)
[197.943s][info][gc,heap        ] GC(1009) Old regions: 20->20
[197.943s][info][gc,heap        ] GC(1009) Archive regions: 0->0
[197.943s][info][gc,heap        ] GC(1009) Humongous regions: 0->0
[197.943s][info][gc,metaspace   ] GC(1009) Metaspace: 14279K(15168K)->14279K(15168K) NonClass: 12328K(12928K)->12328K(12928K) Class: 1950K(2240K)->1950K(2240K)
[197.943s][info][gc             ] GC(1009) Pause Young (Normal) (G1 Evacuation Pause) 331M->6M(546M) 3.430ms
[197.943s][info][gc,cpu         ] GC(1009) User=0.00s Sys=0.00s Real=0.00s
[198.113s][info][gc,start       ] GC(1010) Pause Young (Normal) (G1 Evacuation Pause)
[198.113s][info][gc,task        ] GC(1010) Using 33 workers of 33 for evacuation
[198.116s][info][gc,phases      ] GC(1010)   Pre Evacuate Collection Set: 0.1ms
[198.116s][info][gc,phases      ] GC(1010)   Merge Heap Roots: 0.1ms
[198.116s][info][gc,phases      ] GC(1010)   Evacuate Collection Set: 0.5ms
[198.116s][info][gc,phases      ] GC(1010)   Post Evacuate Collection Set: 2.4ms
[198.116s][info][gc,phases      ] GC(1010)   Other: 0.1ms
[198.116s][info][gc,heap        ] GC(1010) Eden regions: 325->0(325)
[198.116s][info][gc,heap        ] GC(1010) Survivor regions: 2->2(41)
[198.116s][info][gc,heap        ] GC(1010) Old regions: 20->20
[198.116s][info][gc,heap        ] GC(1010) Archive regions: 0->0
[198.116s][info][gc,heap        ] GC(1010) Humongous regions: 0->0
[198.116s][info][gc,metaspace   ] GC(1010) Metaspace: 14279K(15168K)->14279K(15168K) NonClass: 12328K(12928K)->12328K(12928K) Class: 1950K(2240K)->1950K(2240K)
[198.116s][info][gc             ] GC(1010) Pause Young (Normal) (G1 Evacuation Pause) 331M->6M(546M) 3.486ms
[198.116s][info][gc,cpu         ] GC(1010) User=0.00s Sys=0.00s Real=0.00s
[198.288s][info][gc,start       ] GC(1011) Pause Young (Normal) (G1 Evacuation Pause)
[198.288s][info][gc,task        ] GC(1011) Using 33 workers of 33 for evacuation
[198.292s][info][gc,phases      ] GC(1011)   Pre Evacuate Collection Set: 0.1ms
[198.292s][info][gc,phases      ] GC(1011)   Merge Heap Roots: 0.1ms
[198.292s][info][gc,phases      ] GC(1011)   Evacuate Collection Set: 0.4ms
[198.292s][info][gc,phases      ] GC(1011)   Post Evacuate Collection Set: 2.5ms
[198.292s][info][gc,phases      ] GC(1011)   Other: 0.1ms
[198.292s][info][gc,heap        ] GC(1011) Eden regions: 325->0(325)
[198.292s][info][gc,heap        ] GC(1011) Survivor regions: 2->2(41)
[198.292s][info][gc,heap        ] GC(1011) Old regions: 20->20
[198.292s][info][gc,heap        ] GC(1011) Archive regions: 0->0
[198.292s][info][gc,heap        ] GC(1011) Humongous regions: 0->0
[198.292s][info][gc,metaspace   ] GC(1011) Metaspace: 14279K(15168K)->14279K(15168K) NonClass: 12328K(12928K)->12328K(12928K) Class: 1950K(2240K)->1950K(2240K)
[198.292s][info][gc             ] GC(1011) Pause Young (Normal) (G1 Evacuation Pause) 331M->6M(546M) 3.538ms
[198.292s][info][gc,cpu         ] GC(1011) User=0.00s Sys=0.00s Real=0.00s
[198.461s][info][gc,start       ] GC(1012) Pause Young (Normal) (G1 Evacuation Pause)
[198.461s][info][gc,task        ] GC(1012) Using 33 workers of 33 for evacuation
[198.465s][info][gc,phases      ] GC(1012)   Pre Evacuate Collection Set: 0.1ms
[198.465s][info][gc,phases      ] GC(1012)   Merge Heap Roots: 0.1ms
[198.465s][info][gc,phases      ] GC(1012)   Evacuate Collection Set: 0.5ms
[198.465s][info][gc,phases      ] GC(1012)   Post Evacuate Collection Set: 2.5ms
[198.465s][info][gc,phases      ] GC(1012)   Other: 0.1ms
[198.465s][info][gc,heap        ] GC(1012) Eden regions: 325->0(325)
[198.465s][info][gc,heap        ] GC(1012) Survivor regions: 2->2(41)
[198.465s][info][gc,heap        ] GC(1012) Old regions: 20->20
[198.465s][info][gc,heap        ] GC(1012) Archive regions: 0->0
[198.465s][info][gc,heap        ] GC(1012) Humongous regions: 0->0
[198.465s][info][gc,metaspace   ] GC(1012) Metaspace: 14279K(15168K)->14279K(15168K) NonClass: 12328K(12928K)->12328K(12928K) Class: 1950K(2240K)->1950K(2240K)
[198.465s][info][gc             ] GC(1012) Pause Young (Normal) (G1 Evacuation Pause) 331M->6M(546M) 3.569ms
[198.465s][info][gc,cpu         ] GC(1012) User=0.00s Sys=0.00s Real=0.00s
[198.638s][info][gc,start       ] GC(1013) Pause Young (Normal) (G1 Evacuation Pause)
[198.638s][info][gc,task        ] GC(1013) Using 33 workers of 33 for evacuation
[198.641s][info][gc,phases      ] GC(1013)   Pre Evacuate Collection Set: 0.1ms
[198.641s][info][gc,phases      ] GC(1013)   Merge Heap Roots: 0.1ms
[198.641s][info][gc,phases      ] GC(1013)   Evacuate Collection Set: 0.5ms
[198.641s][info][gc,phases      ] GC(1013)   Post Evacuate Collection Set: 2.6ms
[198.641s][info][gc,phases      ] GC(1013)   Other: 0.1ms
[198.641s][info][gc,heap        ] GC(1013) Eden regions: 325->0(325)
[198.641s][info][gc,heap        ] GC(1013) Survivor regions: 2->2(41)
[198.641s][info][gc,heap        ] GC(1013) Old regions: 20->20
[198.641s][info][gc,heap        ] GC(1013) Archive regions: 0->0
[198.641s][info][gc,heap        ] GC(1013) Humongous regions: 0->0
[198.641s][info][gc,metaspace   ] GC(1013) Metaspace: 14279K(15168K)->14279K(15168K) NonClass: 12328K(12928K)->12328K(12928K) Class: 1950K(2240K)->1950K(2240K)
[198.641s][info][gc             ] GC(1013) Pause Young (Normal) (G1 Evacuation Pause) 331M->6M(546M) 3.607ms
[198.641s][info][gc,cpu         ] GC(1013) User=0.09s Sys=0.05s Real=0.00s
[198.811s][info][gc,start       ] GC(1014) Pause Young (Normal) (G1 Evacuation Pause)
[198.811s][info][gc,task        ] GC(1014) Using 33 workers of 33 for evacuation
[198.814s][info][gc,phases      ] GC(1014)   Pre Evacuate Collection Set: 0.1ms
[198.814s][info][gc,phases      ] GC(1014)   Merge Heap Roots: 0.1ms
[198.814s][info][gc,phases      ] GC(1014)   Evacuate Collection Set: 0.5ms
[198.814s][info][gc,phases      ] GC(1014)   Post Evacuate Collection Set: 2.6ms
[198.814s][info][gc,phases      ] GC(1014)   Other: 0.1ms
[198.814s][info][gc,heap        ] GC(1014) Eden regions: 325->0(325)
[198.814s][info][gc,heap        ] GC(1014) Survivor regions: 2->2(41)
[198.814s][info][gc,heap        ] GC(1014) Old regions: 20->20
[198.814s][info][gc,heap        ] GC(1014) Archive regions: 0->0
[198.814s][info][gc,heap        ] GC(1014) Humongous regions: 0->0
[198.814s][info][gc,metaspace   ] GC(1014) Metaspace: 14279K(15168K)->14279K(15168K) NonClass: 12328K(12928K)->12328K(12928K) Class: 1950K(2240K)->1950K(2240K)
[198.814s][info][gc             ] GC(1014) Pause Young (Normal) (G1 Evacuation Pause) 331M->6M(546M) 3.668ms
[198.814s][info][gc,cpu         ] GC(1014) User=0.52s Sys=0.00s Real=0.00s
[198.988s][info][gc,start       ] GC(1015) Pause Young (Normal) (G1 Evacuation Pause)
[198.988s][info][gc,task        ] GC(1015) Using 33 workers of 33 for evacuation
[198.992s][info][gc,phases      ] GC(1015)   Pre Evacuate Collection Set: 0.2ms
[198.992s][info][gc,phases      ] GC(1015)   Merge Heap Roots: 0.1ms
[198.992s][info][gc,phases      ] GC(1015)   Evacuate Collection Set: 0.5ms
[198.992s][info][gc,phases      ] GC(1015)   Post Evacuate Collection Set: 2.6ms
[198.992s][info][gc,phases      ] GC(1015)   Other: 0.1ms
[198.992s][info][gc,heap        ] GC(1015) Eden regions: 325->0(325)
[198.992s][info][gc,heap        ] GC(1015) Survivor regions: 2->2(41)
[198.992s][info][gc,heap        ] GC(1015) Old regions: 20->20
[198.992s][info][gc,heap        ] GC(1015) Archive regions: 0->0
[198.992s][info][gc,heap        ] GC(1015) Humongous regions: 0->0
[198.992s][info][gc,metaspace   ] GC(1015) Metaspace: 14279K(15168K)->14279K(15168K) NonClass: 12328K(12928K)->12328K(12928K) Class: 1950K(2240K)->1950K(2240K)
[198.992s][info][gc             ] GC(1015) Pause Young (Normal) (G1 Evacuation Pause) 331M->7M(546M) 3.714ms
[198.992s][info][gc,cpu         ] GC(1015) User=0.00s Sys=0.00s Real=0.00s
[199.162s][info][gc,start       ] GC(1016) Pause Young (Normal) (G1 Evacuation Pause)
[199.162s][info][gc,task        ] GC(1016) Using 33 workers of 33 for evacuation
[199.165s][info][gc,phases      ] GC(1016)   Pre Evacuate Collection Set: 0.1ms
[199.165s][info][gc,phases      ] GC(1016)   Merge Heap Roots: 0.1ms
[199.165s][info][gc,phases      ] GC(1016)   Evacuate Collection Set: 0.5ms
[199.165s][info][gc,phases      ] GC(1016)   Post Evacuate Collection Set: 2.6ms
[199.165s][info][gc,phases      ] GC(1016)   Other: 0.1ms
[199.165s][info][gc,heap        ] GC(1016) Eden regions: 325->0(326)
[199.165s][info][gc,heap        ] GC(1016) Survivor regions: 2->1(41)
[199.165s][info][gc,heap        ] GC(1016) Old regions: 20->22
[199.165s][info][gc,heap        ] GC(1016) Archive regions: 0->0
[199.165s][info][gc,heap        ] GC(1016) Humongous regions: 0->0
[199.165s][info][gc,metaspace   ] GC(1016) Metaspace: 14279K(15168K)->14279K(15168K) NonClass: 12328K(12928K)->12328K(12928K) Class: 1950K(2240K)->1950K(2240K)
[199.165s][info][gc             ] GC(1016) Pause Young (Normal) (G1 Evacuation Pause) 332M->7M(546M) 3.755ms
[199.165s][info][gc,cpu         ] GC(1016) User=0.00s Sys=0.00s Real=0.00s
[199.359s][info][gc,start       ] GC(1017) Pause Young (Normal) (G1 Evacuation Pause)
[199.359s][info][gc,task        ] GC(1017) Using 33 workers of 33 for evacuation
[199.363s][info][gc,phases      ] GC(1017)   Pre Evacuate Collection Set: 0.2ms
[199.363s][info][gc,phases      ] GC(1017)   Merge Heap Roots: 0.2ms
[199.363s][info][gc,phases      ] GC(1017)   Evacuate Collection Set: 0.3ms
[199.363s][info][gc,phases      ] GC(1017)   Post Evacuate Collection Set: 2.7ms
[199.363s][info][gc,phases      ] GC(1017)   Other: 0.1ms
[199.363s][info][gc,heap        ] GC(1017) Eden regions: 326->0(326)
[199.363s][info][gc,heap        ] GC(1017) Survivor regions: 1->1(41)
[199.363s][info][gc,heap        ] GC(1017) Old regions: 22->22
[199.363s][info][gc,heap        ] GC(1017) Archive regions: 0->0
[199.363s][info][gc,heap        ] GC(1017) Humongous regions: 0->0
[199.363s][info][gc,metaspace   ] GC(1017) Metaspace: 14279K(15168K)->14279K(15168K) NonClass: 12328K(12928K)->12328K(12928K) Class: 1950K(2240K)->1950K(2240K)
[199.363s][info][gc             ] GC(1017) Pause Young (Normal) (G1 Evacuation Pause) 333M->7M(546M) 3.678ms
[199.363s][info][gc,cpu         ] GC(1017) User=0.02s Sys=0.38s Real=0.00s
[199.557s][info][gc,start       ] GC(1018) Pause Young (Normal) (G1 Evacuation Pause)
[199.558s][info][gc,task        ] GC(1018) Using 33 workers of 33 for evacuation
[199.561s][info][gc,phases      ] GC(1018)   Pre Evacuate Collection Set: 0.2ms
[199.561s][info][gc,phases      ] GC(1018)   Merge Heap Roots: 0.2ms
[199.561s][info][gc,phases      ] GC(1018)   Evacuate Collection Set: 0.3ms
[199.561s][info][gc,phases      ] GC(1018)   Post Evacuate Collection Set: 2.7ms
[199.561s][info][gc,phases      ] GC(1018)   Other: 0.1ms
[199.561s][info][gc,heap        ] GC(1018) Eden regions: 326->0(326)
[199.561s][info][gc,heap        ] GC(1018) Survivor regions: 1->1(41)
[199.561s][info][gc,heap        ] GC(1018) Old regions: 22->22
[199.561s][info][gc,heap        ] GC(1018) Archive regions: 0->0
[199.561s][info][gc,heap        ] GC(1018) Humongous regions: 0->0
[199.561s][info][gc,metaspace   ] GC(1018) Metaspace: 14279K(15168K)->14279K(15168K) NonClass: 12328K(12928K)->12328K(12928K) Class: 1950K(2240K)->1950K(2240K)
[199.561s][info][gc             ] GC(1018) Pause Young (Normal) (G1 Evacuation Pause) 333M->7M(546M) 3.677ms
[199.561s][info][gc,cpu         ] GC(1018) User=0.00s Sys=0.00s Real=0.00s
[199.755s][info][gc,start       ] GC(1019) Pause Young (Normal) (G1 Evacuation Pause)
[199.755s][info][gc,task        ] GC(1019) Using 33 workers of 33 for evacuation
[199.759s][info][gc,phases      ] GC(1019)   Pre Evacuate Collection Set: 0.1ms
[199.759s][info][gc,phases      ] GC(1019)   Merge Heap Roots: 0.2ms
[199.759s][info][gc,phases      ] GC(1019)   Evacuate Collection Set: 0.3ms
[199.759s][info][gc,phases      ] GC(1019)   Post Evacuate Collection Set: 2.7ms
[199.759s][info][gc,phases      ] GC(1019)   Other: 0.1ms
[199.759s][info][gc,heap        ] GC(1019) Eden regions: 326->0(326)
[199.759s][info][gc,heap        ] GC(1019) Survivor regions: 1->1(41)
[199.759s][info][gc,heap        ] GC(1019) Old regions: 22->22
[199.759s][info][gc,heap        ] GC(1019) Archive regions: 0->0
[199.759s][info][gc,heap        ] GC(1019) Humongous regions: 0->0
[199.759s][info][gc,metaspace   ] GC(1019) Metaspace: 14279K(15168K)->14279K(15168K) NonClass: 12328K(12928K)->12328K(12928K) Class: 1950K(2240K)->1950K(2240K)
[199.759s][info][gc             ] GC(1019) Pause Young (Normal) (G1 Evacuation Pause) 333M->7M(546M) 3.755ms
[199.759s][info][gc,cpu         ] GC(1019) User=0.00s Sys=0.00s Real=0.00s
[199.953s][info][gc,start       ] GC(1020) Pause Young (Normal) (G1 Evacuation Pause)
[199.953s][info][gc,task        ] GC(1020) Using 33 workers of 33 for evacuation
[199.956s][info][gc,phases      ] GC(1020)   Pre Evacuate Collection Set: 0.2ms
[199.956s][info][gc,phases      ] GC(1020)   Merge Heap Roots: 0.2ms
[199.956s][info][gc,phases      ] GC(1020)   Evacuate Collection Set: 0.3ms
[199.956s][info][gc,phases      ] GC(1020)   Post Evacuate Collection Set: 2.8ms
[199.956s][info][gc,phases      ] GC(1020)   Other: 0.1ms
[199.956s][info][gc,heap        ] GC(1020) Eden regions: 326->0(326)
[199.956s][info][gc,heap        ] GC(1020) Survivor regions: 1->1(41)
[199.956s][info][gc,heap        ] GC(1020) Old regions: 22->22
[199.956s][info][gc,heap        ] GC(1020) Archive regions: 0->0
[199.956s][info][gc,heap        ] GC(1020) Humongous regions: 0->0
[199.956s][info][gc,metaspace   ] GC(1020) Metaspace: 14279K(15168K)->14279K(15168K) NonClass: 12328K(12928K)->12328K(12928K) Class: 1950K(2240K)->1950K(2240K)
[199.956s][info][gc             ] GC(1020) Pause Young (Normal) (G1 Evacuation Pause) 333M->7M(546M) 3.755ms
[199.956s][info][gc,cpu         ] GC(1020) User=0.52s Sys=0.00s Real=0.00s
[200.150s][info][gc,start       ] GC(1021) Pause Young (Normal) (G1 Evacuation Pause)
[200.151s][info][gc,task        ] GC(1021) Using 33 workers of 33 for evacuation
[200.154s][info][gc,phases      ] GC(1021)   Pre Evacuate Collection Set: 0.2ms
[200.154s][info][gc,phases      ] GC(1021)   Merge Heap Roots: 0.1ms
[200.154s][info][gc,phases      ] GC(1021)   Evacuate Collection Set: 0.3ms
[200.154s][info][gc,phases      ] GC(1021)   Post Evacuate Collection Set: 2.8ms
[200.154s][info][gc,phases      ] GC(1021)   Other: 0.1ms
[200.154s][info][gc,heap        ] GC(1021) Eden regions: 326->0(326)
[200.154s][info][gc,heap        ] GC(1021) Survivor regions: 1->1(41)
[200.154s][info][gc,heap        ] GC(1021) Old regions: 22->22
[200.154s][info][gc,heap        ] GC(1021) Archive regions: 0->0
[200.154s][info][gc,heap        ] GC(1021) Humongous regions: 0->0
[200.154s][info][gc,metaspace   ] GC(1021) Metaspace: 14279K(15168K)->14279K(15168K) NonClass: 12328K(12928K)->12328K(12928K) Class: 1950K(2240K)->1950K(2240K)
[200.154s][info][gc             ] GC(1021) Pause Young (Normal) (G1 Evacuation Pause) 333M->7M(546M) 3.822ms
[200.154s][info][gc,cpu         ] GC(1021) User=0.00s Sys=0.00s Real=0.00s
[200.348s][info][gc,start       ] GC(1022) Pause Young (Normal) (G1 Evacuation Pause)
[200.349s][info][gc,task        ] GC(1022) Using 33 workers of 33 for evacuation
[200.352s][info][gc,phases      ] GC(1022)   Pre Evacuate Collection Set: 0.1ms
[200.352s][info][gc,phases      ] GC(1022)   Merge Heap Roots: 0.2ms
[200.352s][info][gc,phases      ] GC(1022)   Evacuate Collection Set: 0.3ms
[200.352s][info][gc,phases      ] GC(1022)   Post Evacuate Collection Set: 2.9ms
[200.352s][info][gc,phases      ] GC(1022)   Other: 0.1ms
[200.352s][info][gc,heap        ] GC(1022) Eden regions: 326->0(326)
[200.352s][info][gc,heap        ] GC(1022) Survivor regions: 1->1(41)
[200.352s][info][gc,heap        ] GC(1022) Old regions: 22->22
[200.352s][info][gc,heap        ] GC(1022) Archive regions: 0->0
[200.352s][info][gc,heap        ] GC(1022) Humongous regions: 0->0
[200.352s][info][gc,metaspace   ] GC(1022) Metaspace: 14279K(15168K)->14279K(15168K) NonClass: 12328K(12928K)->12328K(12928K) Class: 1950K(2240K)->1950K(2240K)
[200.352s][info][gc             ] GC(1022) Pause Young (Normal) (G1 Evacuation Pause) 333M->7M(546M) 3.833ms
[200.352s][info][gc,cpu         ] GC(1022) User=0.00s Sys=0.00s Real=0.00s
[200.547s][info][gc,start       ] GC(1023) Pause Young (Normal) (G1 Evacuation Pause)
[200.547s][info][gc,task        ] GC(1023) Using 33 workers of 33 for evacuation
[200.550s][info][gc,phases      ] GC(1023)   Pre Evacuate Collection Set: 0.2ms
[200.550s][info][gc,phases      ] GC(1023)   Merge Heap Roots: 0.2ms
[200.550s][info][gc,phases      ] GC(1023)   Evacuate Collection Set: 0.3ms
[200.550s][info][gc,phases      ] GC(1023)   Post Evacuate Collection Set: 2.9ms
[200.550s][info][gc,phases      ] GC(1023)   Other: 0.1ms
[200.550s][info][gc,heap        ] GC(1023) Eden regions: 326->0(326)
[200.550s][info][gc,heap        ] GC(1023) Survivor regions: 1->1(41)
[200.550s][info][gc,heap        ] GC(1023) Old regions: 22->22
[200.550s][info][gc,heap        ] GC(1023) Archive regions: 0->0
[200.550s][info][gc,heap        ] GC(1023) Humongous regions: 0->0
[200.551s][info][gc,metaspace   ] GC(1023) Metaspace: 14279K(15168K)->14279K(15168K) NonClass: 12328K(12928K)->12328K(12928K) Class: 1950K(2240K)->1950K(2240K)
[200.551s][info][gc             ] GC(1023) Pause Young (Normal) (G1 Evacuation Pause) 333M->7M(546M) 3.918ms
[200.551s][info][gc,cpu         ] GC(1023) User=0.00s Sys=0.00s Real=0.00s
[200.826s][info][gc,start       ] GC(1024) Pause Young (Normal) (G1 Evacuation Pause)
[200.826s][info][gc,task        ] GC(1024) Using 33 workers of 33 for evacuation
[200.831s][info][gc,phases      ] GC(1024)   Pre Evacuate Collection Set: 0.2ms
[200.831s][info][gc,phases      ] GC(1024)   Merge Heap Roots: 0.2ms
[200.831s][info][gc,phases      ] GC(1024)   Evacuate Collection Set: 0.5ms
[200.831s][info][gc,phases      ] GC(1024)   Post Evacuate Collection Set: 3.8ms
[200.831s][info][gc,phases      ] GC(1024)   Other: 0.2ms
[200.831s][info][gc,heap        ] GC(1024) Eden regions: 326->0(326)
[200.831s][info][gc,heap        ] GC(1024) Survivor regions: 1->1(41)
[200.831s][info][gc,heap        ] GC(1024) Old regions: 22->22
[200.831s][info][gc,heap        ] GC(1024) Archive regions: 0->0
[200.831s][info][gc,heap        ] GC(1024) Humongous regions: 0->0
[200.831s][info][gc,metaspace   ] GC(1024) Metaspace: 14279K(15168K)->14279K(15168K) NonClass: 12328K(12928K)->12328K(12928K) Class: 1950K(2240K)->1950K(2240K)
[200.831s][info][gc             ] GC(1024) Pause Young (Normal) (G1 Evacuation Pause) 333M->7M(546M) 5.547ms
[200.831s][info][gc,cpu         ] GC(1024) User=0.00s Sys=0.00s Real=0.00s
[201.033s][info][gc,start       ] GC(1025) Pause Young (Normal) (G1 Evacuation Pause)
[201.033s][info][gc,task        ] GC(1025) Using 33 workers of 33 for evacuation
[201.037s][info][gc,phases      ] GC(1025)   Pre Evacuate Collection Set: 0.1ms
[201.037s][info][gc,phases      ] GC(1025)   Merge Heap Roots: 0.1ms
[201.037s][info][gc,phases      ] GC(1025)   Evacuate Collection Set: 0.3ms
[201.037s][info][gc,phases      ] GC(1025)   Post Evacuate Collection Set: 2.8ms
[201.037s][info][gc,phases      ] GC(1025)   Other: 0.1ms
[201.037s][info][gc,heap        ] GC(1025) Eden regions: 326->0(326)
[201.037s][info][gc,heap        ] GC(1025) Survivor regions: 1->1(41)
[201.037s][info][gc,heap        ] GC(1025) Old regions: 22->22
[201.037s][info][gc,heap        ] GC(1025) Archive regions: 0->0
[201.037s][info][gc,heap        ] GC(1025) Humongous regions: 0->0
[201.037s][info][gc,metaspace   ] GC(1025) Metaspace: 14279K(15168K)->14279K(15168K) NonClass: 12328K(12928K)->12328K(12928K) Class: 1950K(2240K)->1950K(2240K)
[201.037s][info][gc             ] GC(1025) Pause Young (Normal) (G1 Evacuation Pause) 333M->7M(546M) 3.713ms
[201.037s][info][gc,cpu         ] GC(1025) User=0.00s Sys=0.00s Real=0.00s
[201.234s][info][gc,start       ] GC(1026) Pause Young (Normal) (G1 Evacuation Pause)
[201.234s][info][gc,task        ] GC(1026) Using 33 workers of 33 for evacuation
[201.237s][info][gc,phases      ] GC(1026)   Pre Evacuate Collection Set: 0.2ms
[201.237s][info][gc,phases      ] GC(1026)   Merge Heap Roots: 0.2ms
[201.237s][info][gc,phases      ] GC(1026)   Evacuate Collection Set: 0.3ms
[201.237s][info][gc,phases      ] GC(1026)   Post Evacuate Collection Set: 2.7ms
[201.237s][info][gc,phases      ] GC(1026)   Other: 0.1ms
[201.237s][info][gc,heap        ] GC(1026) Eden regions: 326->0(326)
[201.237s][info][gc,heap        ] GC(1026) Survivor regions: 1->1(41)
[201.237s][info][gc,heap        ] GC(1026) Old regions: 22->22
[201.237s][info][gc,heap        ] GC(1026) Archive regions: 0->0
[201.237s][info][gc,heap        ] GC(1026) Humongous regions: 0->0
[201.237s][info][gc,metaspace   ] GC(1026) Metaspace: 14279K(15168K)->14279K(15168K) NonClass: 12328K(12928K)->12328K(12928K) Class: 1950K(2240K)->1950K(2240K)
[201.237s][info][gc             ] GC(1026) Pause Young (Normal) (G1 Evacuation Pause) 333M->7M(546M) 3.638ms
[201.237s][info][gc,cpu         ] GC(1026) User=0.52s Sys=0.00s Real=0.00s
[201.434s][info][gc,start       ] GC(1027) Pause Young (Normal) (G1 Evacuation Pause)
[201.434s][info][gc,task        ] GC(1027) Using 33 workers of 33 for evacuation
[201.437s][info][gc,phases      ] GC(1027)   Pre Evacuate Collection Set: 0.2ms
[201.438s][info][gc,phases      ] GC(1027)   Merge Heap Roots: 0.2ms
[201.438s][info][gc,phases      ] GC(1027)   Evacuate Collection Set: 0.3ms
[201.438s][info][gc,phases      ] GC(1027)   Post Evacuate Collection Set: 2.4ms
[201.438s][info][gc,phases      ] GC(1027)   Other: 0.1ms
[201.438s][info][gc,heap        ] GC(1027) Eden regions: 326->0(326)
[201.438s][info][gc,heap        ] GC(1027) Survivor regions: 1->1(41)
[201.438s][info][gc,heap        ] GC(1027) Old regions: 22->22
[201.438s][info][gc,heap        ] GC(1027) Archive regions: 0->0
[201.438s][info][gc,heap        ] GC(1027) Humongous regions: 0->0
[201.438s][info][gc,metaspace   ] GC(1027) Metaspace: 14279K(15168K)->14279K(15168K) NonClass: 12328K(12928K)->12328K(12928K) Class: 1950K(2240K)->1950K(2240K)
[201.438s][info][gc             ] GC(1027) Pause Young (Normal) (G1 Evacuation Pause) 333M->7M(546M) 3.425ms
[201.438s][info][gc,cpu         ] GC(1027) User=0.03s Sys=0.00s Real=0.00s
[201.630s][info][gc,start       ] GC(1028) Pause Young (Normal) (G1 Evacuation Pause)
[201.630s][info][gc,task        ] GC(1028) Using 33 workers of 33 for evacuation
[201.633s][info][gc,phases      ] GC(1028)   Pre Evacuate Collection Set: 0.2ms
[201.633s][info][gc,phases      ] GC(1028)   Merge Heap Roots: 0.2ms
[201.633s][info][gc,phases      ] GC(1028)   Evacuate Collection Set: 0.3ms
[201.633s][info][gc,phases      ] GC(1028)   Post Evacuate Collection Set: 2.4ms
[201.633s][info][gc,phases      ] GC(1028)   Other: 0.1ms
[201.633s][info][gc,heap        ] GC(1028) Eden regions: 326->0(326)
[201.633s][info][gc,heap        ] GC(1028) Survivor regions: 1->1(41)
[201.633s][info][gc,heap        ] GC(1028) Old regions: 22->22
[201.633s][info][gc,heap        ] GC(1028) Archive regions: 0->0
[201.634s][info][gc,heap        ] GC(1028) Humongous regions: 0->0
[201.634s][info][gc,metaspace   ] GC(1028) Metaspace: 14279K(15168K)->14279K(15168K) NonClass: 12328K(12928K)->12328K(12928K) Class: 1950K(2240K)->1950K(2240K)
[201.634s][info][gc             ] GC(1028) Pause Young (Normal) (G1 Evacuation Pause) 333M->7M(546M) 3.393ms
[201.634s][info][gc,cpu         ] GC(1028) User=0.00s Sys=0.00s Real=0.00s
[201.828s][info][gc,start       ] GC(1029) Pause Young (Normal) (G1 Evacuation Pause)
[201.828s][info][gc,task        ] GC(1029) Using 33 workers of 33 for evacuation
[201.831s][info][gc,phases      ] GC(1029)   Pre Evacuate Collection Set: 0.2ms
[201.831s][info][gc,phases      ] GC(1029)   Merge Heap Roots: 0.2ms
[201.831s][info][gc,phases      ] GC(1029)   Evacuate Collection Set: 0.3ms
[201.831s][info][gc,phases      ] GC(1029)   Post Evacuate Collection Set: 2.4ms
[201.831s][info][gc,phases      ] GC(1029)   Other: 0.1ms
[201.831s][info][gc,heap        ] GC(1029) Eden regions: 326->0(326)
[201.831s][info][gc,heap        ] GC(1029) Survivor regions: 1->1(41)
[201.831s][info][gc,heap        ] GC(1029) Old regions: 22->22
[201.831s][info][gc,heap        ] GC(1029) Archive regions: 0->0
[201.831s][info][gc,heap        ] GC(1029) Humongous regions: 0->0
[201.831s][info][gc,metaspace   ] GC(1029) Metaspace: 14279K(15168K)->14279K(15168K) NonClass: 12328K(12928K)->12328K(12928K) Class: 1950K(2240K)->1950K(2240K)
[201.832s][info][gc             ] GC(1029) Pause Young (Normal) (G1 Evacuation Pause) 333M->7M(546M) 3.437ms
[201.832s][info][gc,cpu         ] GC(1029) User=0.02s Sys=0.00s Real=0.00s
[202.026s][info][gc,start       ] GC(1030) Pause Young (Normal) (G1 Evacuation Pause)
[202.026s][info][gc,task        ] GC(1030) Using 33 workers of 33 for evacuation
[202.029s][info][gc,phases      ] GC(1030)   Pre Evacuate Collection Set: 0.2ms
[202.029s][info][gc,phases      ] GC(1030)   Merge Heap Roots: 0.2ms
[202.029s][info][gc,phases      ] GC(1030)   Evacuate Collection Set: 0.3ms
[202.029s][info][gc,phases      ] GC(1030)   Post Evacuate Collection Set: 2.5ms
[202.029s][info][gc,phases      ] GC(1030)   Other: 0.1ms
[202.029s][info][gc,heap        ] GC(1030) Eden regions: 326->0(326)
[202.029s][info][gc,heap        ] GC(1030) Survivor regions: 1->1(41)
[202.029s][info][gc,heap        ] GC(1030) Old regions: 22->22
[202.029s][info][gc,heap        ] GC(1030) Archive regions: 0->0
[202.029s][info][gc,heap        ] GC(1030) Humongous regions: 0->0
[202.029s][info][gc,metaspace   ] GC(1030) Metaspace: 14279K(15168K)->14279K(15168K) NonClass: 12328K(12928K)->12328K(12928K) Class: 1950K(2240K)->1950K(2240K)
[202.029s][info][gc             ] GC(1030) Pause Young (Normal) (G1 Evacuation Pause) 333M->7M(546M) 3.533ms
[202.029s][info][gc,cpu         ] GC(1030) User=0.00s Sys=0.00s Real=0.00s
[202.223s][info][gc,start       ] GC(1031) Pause Young (Normal) (G1 Evacuation Pause)
[202.223s][info][gc,task        ] GC(1031) Using 33 workers of 33 for evacuation
[202.227s][info][gc,phases      ] GC(1031)   Pre Evacuate Collection Set: 0.2ms
[202.227s][info][gc,phases      ] GC(1031)   Merge Heap Roots: 0.2ms
[202.227s][info][gc,phases      ] GC(1031)   Evacuate Collection Set: 0.3ms
[202.227s][info][gc,phases      ] GC(1031)   Post Evacuate Collection Set: 2.5ms
[202.227s][info][gc,phases      ] GC(1031)   Other: 0.1ms
[202.227s][info][gc,heap        ] GC(1031) Eden regions: 326->0(326)
[202.227s][info][gc,heap        ] GC(1031) Survivor regions: 1->1(41)
[202.227s][info][gc,heap        ] GC(1031) Old regions: 22->22
[202.227s][info][gc,heap        ] GC(1031) Archive regions: 0->0
[202.227s][info][gc,heap        ] GC(1031) Humongous regions: 0->0
[202.227s][info][gc,metaspace   ] GC(1031) Metaspace: 14279K(15168K)->14279K(15168K) NonClass: 12328K(12928K)->12328K(12928K) Class: 1950K(2240K)->1950K(2240K)
[202.227s][info][gc             ] GC(1031) Pause Young (Normal) (G1 Evacuation Pause) 333M->7M(546M) 3.562ms
[202.227s][info][gc,cpu         ] GC(1031) User=0.00s Sys=0.00s Real=0.00s
[202.422s][info][gc,start       ] GC(1032) Pause Young (Normal) (G1 Evacuation Pause)
[202.422s][info][gc,task        ] GC(1032) Using 33 workers of 33 for evacuation
[202.425s][info][gc,phases      ] GC(1032)   Pre Evacuate Collection Set: 0.2ms
[202.425s][info][gc,phases      ] GC(1032)   Merge Heap Roots: 0.2ms
[202.425s][info][gc,phases      ] GC(1032)   Evacuate Collection Set: 0.3ms
[202.425s][info][gc,phases      ] GC(1032)   Post Evacuate Collection Set: 2.6ms
[202.425s][info][gc,phases      ] GC(1032)   Other: 0.1ms
[202.425s][info][gc,heap        ] GC(1032) Eden regions: 326->0(326)
[202.425s][info][gc,heap        ] GC(1032) Survivor regions: 1->1(41)
[202.425s][info][gc,heap        ] GC(1032) Old regions: 22->22
[202.425s][info][gc,heap        ] GC(1032) Archive regions: 0->0
[202.425s][info][gc,heap        ] GC(1032) Humongous regions: 0->0
[202.425s][info][gc,metaspace   ] GC(1032) Metaspace: 14279K(15168K)->14279K(15168K) NonClass: 12328K(12928K)->12328K(12928K) Class: 1950K(2240K)->1950K(2240K)
[202.425s][info][gc             ] GC(1032) Pause Young (Normal) (G1 Evacuation Pause) 333M->7M(546M) 3.576ms
[202.425s][info][gc,cpu         ] GC(1032) User=0.00s Sys=0.00s Real=0.00s
[202.620s][info][gc,start       ] GC(1033) Pause Young (Normal) (G1 Evacuation Pause)
[202.620s][info][gc,task        ] GC(1033) Using 33 workers of 33 for evacuation
[202.623s][info][gc,phases      ] GC(1033)   Pre Evacuate Collection Set: 0.2ms
[202.623s][info][gc,phases      ] GC(1033)   Merge Heap Roots: 0.1ms
[202.623s][info][gc,phases      ] GC(1033)   Evacuate Collection Set: 0.3ms
[202.623s][info][gc,phases      ] GC(1033)   Post Evacuate Collection Set: 2.6ms
[202.623s][info][gc,phases      ] GC(1033)   Other: 0.2ms
[202.623s][info][gc,heap        ] GC(1033) Eden regions: 326->0(326)
[202.623s][info][gc,heap        ] GC(1033) Survivor regions: 1->1(41)
[202.623s][info][gc,heap        ] GC(1033) Old regions: 22->23
[202.623s][info][gc,heap        ] GC(1033) Archive regions: 0->0
[202.623s][info][gc,heap        ] GC(1033) Humongous regions: 0->0
[202.623s][info][gc,metaspace   ] GC(1033) Metaspace: 14279K(15168K)->14279K(15168K) NonClass: 12328K(12928K)->12328K(12928K) Class: 1950K(2240K)->1950K(2240K)
[202.623s][info][gc             ] GC(1033) Pause Young (Normal) (G1 Evacuation Pause) 333M->7M(546M) 3.677ms
[202.624s][info][gc,cpu         ] GC(1033) User=0.00s Sys=0.00s Real=0.00s
[202.817s][info][gc,start       ] GC(1034) Pause Young (Normal) (G1 Evacuation Pause)
[202.817s][info][gc,task        ] GC(1034) Using 33 workers of 33 for evacuation
[202.820s][info][gc,phases      ] GC(1034)   Pre Evacuate Collection Set: 0.1ms
[202.820s][info][gc,phases      ] GC(1034)   Merge Heap Roots: 0.2ms
[202.820s][info][gc,phases      ] GC(1034)   Evacuate Collection Set: 0.3ms
[202.820s][info][gc,phases      ] GC(1034)   Post Evacuate Collection Set: 2.6ms
[202.820s][info][gc,phases      ] GC(1034)   Other: 0.1ms
[202.820s][info][gc,heap        ] GC(1034) Eden regions: 326->0(326)
[202.820s][info][gc,heap        ] GC(1034) Survivor regions: 1->1(41)
[202.821s][info][gc,heap        ] GC(1034) Old regions: 23->23
[202.821s][info][gc,heap        ] GC(1034) Archive regions: 0->0
[202.821s][info][gc,heap        ] GC(1034) Humongous regions: 0->0
[202.821s][info][gc,metaspace   ] GC(1034) Metaspace: 14279K(15168K)->14279K(15168K) NonClass: 12328K(12928K)->12328K(12928K) Class: 1950K(2240K)->1950K(2240K)
[202.821s][info][gc             ] GC(1034) Pause Young (Normal) (G1 Evacuation Pause) 333M->7M(546M) 3.720ms
[202.821s][info][gc,cpu         ] GC(1034) User=0.00s Sys=0.00s Real=0.00s
[203.015s][info][gc,start       ] GC(1035) Pause Young (Normal) (G1 Evacuation Pause)
[203.015s][info][gc,task        ] GC(1035) Using 33 workers of 33 for evacuation
[203.019s][info][gc,phases      ] GC(1035)   Pre Evacuate Collection Set: 0.2ms
[203.019s][info][gc,phases      ] GC(1035)   Merge Heap Roots: 0.1ms
[203.019s][info][gc,phases      ] GC(1035)   Evacuate Collection Set: 0.3ms
[203.019s][info][gc,phases      ] GC(1035)   Post Evacuate Collection Set: 2.7ms
[203.019s][info][gc,phases      ] GC(1035)   Other: 0.1ms
[203.019s][info][gc,heap        ] GC(1035) Eden regions: 326->0(326)
[203.019s][info][gc,heap        ] GC(1035) Survivor regions: 1->1(41)
[203.019s][info][gc,heap        ] GC(1035) Old regions: 23->23
[203.019s][info][gc,heap        ] GC(1035) Archive regions: 0->0
[203.019s][info][gc,heap        ] GC(1035) Humongous regions: 0->0
[203.019s][info][gc,metaspace   ] GC(1035) Metaspace: 14279K(15168K)->14279K(15168K) NonClass: 12328K(12928K)->12328K(12928K) Class: 1950K(2240K)->1950K(2240K)
[203.019s][info][gc             ] GC(1035) Pause Young (Normal) (G1 Evacuation Pause) 333M->7M(546M) 3.654ms
[203.019s][info][gc,cpu         ] GC(1035) User=0.52s Sys=0.00s Real=0.00s
[203.211s][info][gc,start       ] GC(1036) Pause Young (Normal) (G1 Evacuation Pause)
[203.211s][info][gc,task        ] GC(1036) Using 33 workers of 33 for evacuation
[203.215s][info][gc,phases      ] GC(1036)   Pre Evacuate Collection Set: 0.2ms
[203.215s][info][gc,phases      ] GC(1036)   Merge Heap Roots: 0.1ms
[203.215s][info][gc,phases      ] GC(1036)   Evacuate Collection Set: 0.3ms
[203.215s][info][gc,phases      ] GC(1036)   Post Evacuate Collection Set: 2.7ms
[203.215s][info][gc,phases      ] GC(1036)   Other: 0.1ms
[203.215s][info][gc,heap        ] GC(1036) Eden regions: 326->0(326)
[203.215s][info][gc,heap        ] GC(1036) Survivor regions: 1->1(41)
[203.215s][info][gc,heap        ] GC(1036) Old regions: 23->23
[203.215s][info][gc,heap        ] GC(1036) Archive regions: 0->0
[203.215s][info][gc,heap        ] GC(1036) Humongous regions: 0->0
[203.215s][info][gc,metaspace   ] GC(1036) Metaspace: 14279K(15168K)->14279K(15168K) NonClass: 12328K(12928K)->12328K(12928K) Class: 1950K(2240K)->1950K(2240K)
[203.215s][info][gc             ] GC(1036) Pause Young (Normal) (G1 Evacuation Pause) 333M->7M(546M) 3.742ms
[203.215s][info][gc,cpu         ] GC(1036) User=0.00s Sys=0.00s Real=0.00s
[203.409s][info][gc,start       ] GC(1037) Pause Young (Normal) (G1 Evacuation Pause)
[203.409s][info][gc,task        ] GC(1037) Using 33 workers of 33 for evacuation
[203.412s][info][gc,phases      ] GC(1037)   Pre Evacuate Collection Set: 0.2ms
[203.412s][info][gc,phases      ] GC(1037)   Merge Heap Roots: 0.1ms
[203.412s][info][gc,phases      ] GC(1037)   Evacuate Collection Set: 0.4ms
[203.412s][info][gc,phases      ] GC(1037)   Post Evacuate Collection Set: 2.7ms
[203.412s][info][gc,phases      ] GC(1037)   Other: 0.1ms
[203.412s][info][gc,heap        ] GC(1037) Eden regions: 326->0(326)
[203.412s][info][gc,heap        ] GC(1037) Survivor regions: 1->1(41)
[203.412s][info][gc,heap        ] GC(1037) Old regions: 23->23
[203.412s][info][gc,heap        ] GC(1037) Archive regions: 0->0
[203.412s][info][gc,heap        ] GC(1037) Humongous regions: 0->0
[203.412s][info][gc,metaspace   ] GC(1037) Metaspace: 14279K(15168K)->14279K(15168K) NonClass: 12328K(12928K)->12328K(12928K) Class: 1950K(2240K)->1950K(2240K)
[203.412s][info][gc             ] GC(1037) Pause Young (Normal) (G1 Evacuation Pause) 333M->7M(546M) 3.739ms
[203.413s][info][gc,cpu         ] GC(1037) User=0.00s Sys=0.00s Real=0.00s
[203.607s][info][gc,start       ] GC(1038) Pause Young (Normal) (G1 Evacuation Pause)
[203.607s][info][gc,task        ] GC(1038) Using 33 workers of 33 for evacuation
[203.611s][info][gc,phases      ] GC(1038)   Pre Evacuate Collection Set: 0.2ms
[203.611s][info][gc,phases      ] GC(1038)   Merge Heap Roots: 0.1ms
[203.611s][info][gc,phases      ] GC(1038)   Evacuate Collection Set: 0.3ms
[203.611s][info][gc,phases      ] GC(1038)   Post Evacuate Collection Set: 2.8ms
[203.611s][info][gc,phases      ] GC(1038)   Other: 0.1ms
[203.611s][info][gc,heap        ] GC(1038) Eden regions: 326->0(326)
[203.611s][info][gc,heap        ] GC(1038) Survivor regions: 1->1(41)
[203.611s][info][gc,heap        ] GC(1038) Old regions: 23->23
[203.611s][info][gc,heap        ] GC(1038) Archive regions: 0->0
[203.611s][info][gc,heap        ] GC(1038) Humongous regions: 0->0
[203.611s][info][gc,metaspace   ] GC(1038) Metaspace: 14279K(15168K)->14279K(15168K) NonClass: 12328K(12928K)->12328K(12928K) Class: 1950K(2240K)->1950K(2240K)
[203.611s][info][gc             ] GC(1038) Pause Young (Normal) (G1 Evacuation Pause) 333M->8M(546M) 3.774ms
[203.611s][info][gc,cpu         ] GC(1038) User=0.52s Sys=0.00s Real=0.00s
[203.806s][info][gc,start       ] GC(1039) Pause Young (Normal) (G1 Evacuation Pause)
[203.806s][info][gc,task        ] GC(1039) Using 33 workers of 33 for evacuation
[203.809s][info][gc,phases      ] GC(1039)   Pre Evacuate Collection Set: 0.2ms
[203.809s][info][gc,phases      ] GC(1039)   Merge Heap Roots: 0.2ms
[203.809s][info][gc,phases      ] GC(1039)   Evacuate Collection Set: 0.3ms
[203.809s][info][gc,phases      ] GC(1039)   Post Evacuate Collection Set: 2.8ms
[203.810s][info][gc,phases      ] GC(1039)   Other: 0.1ms
[203.810s][info][gc,heap        ] GC(1039) Eden regions: 326->0(326)
[203.810s][info][gc,heap        ] GC(1039) Survivor regions: 1->1(41)
[203.810s][info][gc,heap        ] GC(1039) Old regions: 23->23
[203.810s][info][gc,heap        ] GC(1039) Archive regions: 0->0
[203.810s][info][gc,heap        ] GC(1039) Humongous regions: 0->0
[203.810s][info][gc,metaspace   ] GC(1039) Metaspace: 14279K(15168K)->14279K(15168K) NonClass: 12328K(12928K)->12328K(12928K) Class: 1950K(2240K)->1950K(2240K)
[203.810s][info][gc             ] GC(1039) Pause Young (Normal) (G1 Evacuation Pause) 334M->8M(546M) 3.834ms
[203.810s][info][gc,cpu         ] GC(1039) User=0.00s Sys=0.00s Real=0.00s
[204.005s][info][gc,start       ] GC(1040) Pause Young (Normal) (G1 Evacuation Pause)
[204.005s][info][gc,task        ] GC(1040) Using 33 workers of 33 for evacuation
[204.008s][info][gc,phases      ] GC(1040)   Pre Evacuate Collection Set: 0.2ms
[204.008s][info][gc,phases      ] GC(1040)   Merge Heap Roots: 0.2ms
[204.008s][info][gc,phases      ] GC(1040)   Evacuate Collection Set: 0.3ms
[204.008s][info][gc,phases      ] GC(1040)   Post Evacuate Collection Set: 2.6ms
[204.008s][info][gc,phases      ] GC(1040)   Other: 0.1ms
[204.008s][info][gc,heap        ] GC(1040) Eden regions: 326->0(326)
[204.008s][info][gc,heap        ] GC(1040) Survivor regions: 1->1(41)
[204.008s][info][gc,heap        ] GC(1040) Old regions: 23->23
[204.008s][info][gc,heap        ] GC(1040) Archive regions: 0->0
[204.008s][info][gc,heap        ] GC(1040) Humongous regions: 0->0
[204.008s][info][gc,metaspace   ] GC(1040) Metaspace: 14279K(15168K)->14279K(15168K) NonClass: 12328K(12928K)->12328K(12928K) Class: 1950K(2240K)->1950K(2240K)
[204.008s][info][gc             ] GC(1040) Pause Young (Normal) (G1 Evacuation Pause) 334M->8M(546M) 3.660ms
[204.008s][info][gc,cpu         ] GC(1040) User=0.00s Sys=0.00s Real=0.00s
[204.205s][info][gc,start       ] GC(1041) Pause Young (Normal) (G1 Evacuation Pause)
[204.205s][info][gc,task        ] GC(1041) Using 33 workers of 33 for evacuation
[204.208s][info][gc,phases      ] GC(1041)   Pre Evacuate Collection Set: 0.1ms
[204.208s][info][gc,phases      ] GC(1041)   Merge Heap Roots: 0.2ms
[204.208s][info][gc,phases      ] GC(1041)   Evacuate Collection Set: 0.3ms
[204.208s][info][gc,phases      ] GC(1041)   Post Evacuate Collection Set: 2.5ms
[204.208s][info][gc,phases      ] GC(1041)   Other: 0.1ms
[204.208s][info][gc,heap        ] GC(1041) Eden regions: 326->0(326)
[204.208s][info][gc,heap        ] GC(1041) Survivor regions: 1->1(41)
[204.208s][info][gc,heap        ] GC(1041) Old regions: 23->23
[204.208s][info][gc,heap        ] GC(1041) Archive regions: 0->0
[204.208s][info][gc,heap        ] GC(1041) Humongous regions: 0->0
[204.208s][info][gc,metaspace   ] GC(1041) Metaspace: 14279K(15168K)->14279K(15168K) NonClass: 12328K(12928K)->12328K(12928K) Class: 1950K(2240K)->1950K(2240K)
[204.208s][info][gc             ] GC(1041) Pause Young (Normal) (G1 Evacuation Pause) 334M->8M(546M) 3.566ms
[204.208s][info][gc,cpu         ] GC(1041) User=0.00s Sys=0.00s Real=0.00s
[204.402s][info][gc,start       ] GC(1042) Pause Young (Normal) (G1 Evacuation Pause)
[204.402s][info][gc,task        ] GC(1042) Using 33 workers of 33 for evacuation
[204.405s][info][gc,phases      ] GC(1042)   Pre Evacuate Collection Set: 0.2ms
[204.405s][info][gc,phases      ] GC(1042)   Merge Heap Roots: 0.2ms
[204.405s][info][gc,phases      ] GC(1042)   Evacuate Collection Set: 0.3ms
[204.405s][info][gc,phases      ] GC(1042)   Post Evacuate Collection Set: 2.5ms
[204.405s][info][gc,phases      ] GC(1042)   Other: 0.1ms
[204.405s][info][gc,heap        ] GC(1042) Eden regions: 326->0(326)
[204.405s][info][gc,heap        ] GC(1042) Survivor regions: 1->1(41)
[204.405s][info][gc,heap        ] GC(1042) Old regions: 23->23
[204.405s][info][gc,heap        ] GC(1042) Archive regions: 0->0
[204.405s][info][gc,heap        ] GC(1042) Humongous regions: 0->0
[204.405s][info][gc,metaspace   ] GC(1042) Metaspace: 14279K(15168K)->14279K(15168K) NonClass: 12328K(12928K)->12328K(12928K) Class: 1950K(2240K)->1950K(2240K)
[204.405s][info][gc             ] GC(1042) Pause Young (Normal) (G1 Evacuation Pause) 334M->8M(546M) 3.544ms
[204.406s][info][gc,cpu         ] GC(1042) User=0.00s Sys=0.00s Real=0.00s
[204.602s][info][gc,start       ] GC(1043) Pause Young (Normal) (G1 Evacuation Pause)
[204.602s][info][gc,task        ] GC(1043) Using 33 workers of 33 for evacuation
[204.605s][info][gc,phases      ] GC(1043)   Pre Evacuate Collection Set: 0.2ms
[204.605s][info][gc,phases      ] GC(1043)   Merge Heap Roots: 0.2ms
[204.605s][info][gc,phases      ] GC(1043)   Evacuate Collection Set: 0.3ms
[204.605s][info][gc,phases      ] GC(1043)   Post Evacuate Collection Set: 2.3ms
[204.605s][info][gc,phases      ] GC(1043)   Other: 0.1ms
[204.605s][info][gc,heap        ] GC(1043) Eden regions: 326->0(326)
[204.605s][info][gc,heap        ] GC(1043) Survivor regions: 1->1(41)
[204.605s][info][gc,heap        ] GC(1043) Old regions: 23->23
[204.605s][info][gc,heap        ] GC(1043) Archive regions: 0->0
[204.605s][info][gc,heap        ] GC(1043) Humongous regions: 0->0
[204.605s][info][gc,metaspace   ] GC(1043) Metaspace: 14279K(15168K)->14279K(15168K) NonClass: 12328K(12928K)->12328K(12928K) Class: 1950K(2240K)->1950K(2240K)
[204.605s][info][gc             ] GC(1043) Pause Young (Normal) (G1 Evacuation Pause) 334M->8M(546M) 3.270ms
[204.605s][info][gc,cpu         ] GC(1043) User=0.00s Sys=0.00s Real=0.00s
[204.800s][info][gc,start       ] GC(1044) Pause Young (Normal) (G1 Evacuation Pause)
[204.800s][info][gc,task        ] GC(1044) Using 33 workers of 33 for evacuation
[204.803s][info][gc,phases      ] GC(1044)   Pre Evacuate Collection Set: 0.2ms
[204.803s][info][gc,phases      ] GC(1044)   Merge Heap Roots: 0.1ms
[204.803s][info][gc,phases      ] GC(1044)   Evacuate Collection Set: 0.3ms
[204.803s][info][gc,phases      ] GC(1044)   Post Evacuate Collection Set: 2.4ms
[204.803s][info][gc,phases      ] GC(1044)   Other: 0.1ms
[204.803s][info][gc,heap        ] GC(1044) Eden regions: 326->0(326)
[204.803s][info][gc,heap        ] GC(1044) Survivor regions: 1->1(41)
[204.803s][info][gc,heap        ] GC(1044) Old regions: 23->23
[204.803s][info][gc,heap        ] GC(1044) Archive regions: 0->0
[204.803s][info][gc,heap        ] GC(1044) Humongous regions: 0->0
[204.803s][info][gc,metaspace   ] GC(1044) Metaspace: 14279K(15168K)->14279K(15168K) NonClass: 12328K(12928K)->12328K(12928K) Class: 1950K(2240K)->1950K(2240K)
[204.803s][info][gc             ] GC(1044) Pause Young (Normal) (G1 Evacuation Pause) 334M->8M(546M) 3.415ms
[204.803s][info][gc,cpu         ] GC(1044) User=0.00s Sys=0.00s Real=0.00s
[204.999s][info][gc,start       ] GC(1045) Pause Young (Normal) (G1 Evacuation Pause)
[204.999s][info][gc,task        ] GC(1045) Using 33 workers of 33 for evacuation
[205.002s][info][gc,phases      ] GC(1045)   Pre Evacuate Collection Set: 0.2ms
[205.002s][info][gc,phases      ] GC(1045)   Merge Heap Roots: 0.2ms
[205.002s][info][gc,phases      ] GC(1045)   Evacuate Collection Set: 0.3ms
[205.002s][info][gc,phases      ] GC(1045)   Post Evacuate Collection Set: 2.4ms
[205.002s][info][gc,phases      ] GC(1045)   Other: 0.1ms
[205.002s][info][gc,heap        ] GC(1045) Eden regions: 326->0(326)
[205.002s][info][gc,heap        ] GC(1045) Survivor regions: 1->1(41)
[205.002s][info][gc,heap        ] GC(1045) Old regions: 23->23
[205.002s][info][gc,heap        ] GC(1045) Archive regions: 0->0
[205.002s][info][gc,heap        ] GC(1045) Humongous regions: 0->0
[205.002s][info][gc,metaspace   ] GC(1045) Metaspace: 14279K(15168K)->14279K(15168K) NonClass: 12328K(12928K)->12328K(12928K) Class: 1950K(2240K)->1950K(2240K)
[205.002s][info][gc             ] GC(1045) Pause Young (Normal) (G1 Evacuation Pause) 334M->8M(546M) 3.414ms
[205.002s][info][gc,cpu         ] GC(1045) User=0.52s Sys=0.00s Real=0.00s
[205.197s][info][gc,start       ] GC(1046) Pause Young (Normal) (G1 Evacuation Pause)
[205.197s][info][gc,task        ] GC(1046) Using 33 workers of 33 for evacuation
[205.200s][info][gc,phases      ] GC(1046)   Pre Evacuate Collection Set: 0.2ms
[205.200s][info][gc,phases      ] GC(1046)   Merge Heap Roots: 0.2ms
[205.200s][info][gc,phases      ] GC(1046)   Evacuate Collection Set: 0.4ms
[205.200s][info][gc,phases      ] GC(1046)   Post Evacuate Collection Set: 2.5ms
[205.200s][info][gc,phases      ] GC(1046)   Other: 0.1ms
[205.200s][info][gc,heap        ] GC(1046) Eden regions: 326->0(326)
[205.200s][info][gc,heap        ] GC(1046) Survivor regions: 1->1(41)
[205.200s][info][gc,heap        ] GC(1046) Old regions: 23->23
[205.200s][info][gc,heap        ] GC(1046) Archive regions: 0->0
[205.200s][info][gc,heap        ] GC(1046) Humongous regions: 0->0
[205.200s][info][gc,metaspace   ] GC(1046) Metaspace: 14279K(15168K)->14279K(15168K) NonClass: 12328K(12928K)->12328K(12928K) Class: 1950K(2240K)->1950K(2240K)
[205.200s][info][gc             ] GC(1046) Pause Young (Normal) (G1 Evacuation Pause) 334M->8M(546M) 3.486ms
[205.200s][info][gc,cpu         ] GC(1046) User=0.00s Sys=0.00s Real=0.00s
[205.395s][info][gc,start       ] GC(1047) Pause Young (Normal) (G1 Evacuation Pause)
[205.395s][info][gc,task        ] GC(1047) Using 33 workers of 33 for evacuation
[205.398s][info][gc,phases      ] GC(1047)   Pre Evacuate Collection Set: 0.2ms
[205.398s][info][gc,phases      ] GC(1047)   Merge Heap Roots: 0.1ms
[205.398s][info][gc,phases      ] GC(1047)   Evacuate Collection Set: 0.4ms
[205.398s][info][gc,phases      ] GC(1047)   Post Evacuate Collection Set: 2.5ms
[205.398s][info][gc,phases      ] GC(1047)   Other: 0.1ms
[205.398s][info][gc,heap        ] GC(1047) Eden regions: 326->0(326)
[205.398s][info][gc,heap        ] GC(1047) Survivor regions: 1->1(41)
[205.398s][info][gc,heap        ] GC(1047) Old regions: 23->23
[205.398s][info][gc,heap        ] GC(1047) Archive regions: 0->0
[205.398s][info][gc,heap        ] GC(1047) Humongous regions: 0->0
[205.398s][info][gc,metaspace   ] GC(1047) Metaspace: 14279K(15168K)->14279K(15168K) NonClass: 12328K(12928K)->12328K(12928K) Class: 1950K(2240K)->1950K(2240K)
[205.398s][info][gc             ] GC(1047) Pause Young (Normal) (G1 Evacuation Pause) 334M->8M(546M) 3.475ms
[205.398s][info][gc,cpu         ] GC(1047) User=0.00s Sys=0.00s Real=0.00s
[205.593s][info][gc,start       ] GC(1048) Pause Young (Normal) (G1 Evacuation Pause)
[205.593s][info][gc,task        ] GC(1048) Using 33 workers of 33 for evacuation
[205.596s][info][gc,phases      ] GC(1048)   Pre Evacuate Collection Set: 0.2ms
[205.597s][info][gc,phases      ] GC(1048)   Merge Heap Roots: 0.2ms
[205.597s][info][gc,phases      ] GC(1048)   Evacuate Collection Set: 0.4ms
[205.597s][info][gc,phases      ] GC(1048)   Post Evacuate Collection Set: 2.5ms
[205.597s][info][gc,phases      ] GC(1048)   Other: 0.1ms
[205.597s][info][gc,heap        ] GC(1048) Eden regions: 326->0(326)
[205.597s][info][gc,heap        ] GC(1048) Survivor regions: 1->1(41)
[205.597s][info][gc,heap        ] GC(1048) Old regions: 23->23
[205.597s][info][gc,heap        ] GC(1048) Archive regions: 0->0
[205.597s][info][gc,heap        ] GC(1048) Humongous regions: 0->0
[205.597s][info][gc,metaspace   ] GC(1048) Metaspace: 14279K(15168K)->14279K(15168K) NonClass: 12328K(12928K)->12328K(12928K) Class: 1950K(2240K)->1950K(2240K)
[205.597s][info][gc             ] GC(1048) Pause Young (Normal) (G1 Evacuation Pause) 334M->8M(546M) 3.503ms
[205.597s][info][gc,cpu         ] GC(1048) User=0.00s Sys=0.00s Real=0.00s
[205.792s][info][gc,start       ] GC(1049) Pause Young (Normal) (G1 Evacuation Pause)
[205.792s][info][gc,task        ] GC(1049) Using 33 workers of 33 for evacuation
[205.796s][info][gc,phases      ] GC(1049)   Pre Evacuate Collection Set: 0.2ms
[205.796s][info][gc,phases      ] GC(1049)   Merge Heap Roots: 0.1ms
[205.796s][info][gc,phases      ] GC(1049)   Evacuate Collection Set: 0.3ms
[205.796s][info][gc,phases      ] GC(1049)   Post Evacuate Collection Set: 2.6ms
[205.796s][info][gc,phases      ] GC(1049)   Other: 0.1ms
[205.796s][info][gc,heap        ] GC(1049) Eden regions: 326->0(326)
[205.796s][info][gc,heap        ] GC(1049) Survivor regions: 1->1(41)
[205.796s][info][gc,heap        ] GC(1049) Old regions: 23->23
[205.796s][info][gc,heap        ] GC(1049) Archive regions: 0->0
[205.796s][info][gc,heap        ] GC(1049) Humongous regions: 0->0
[205.796s][info][gc,metaspace   ] GC(1049) Metaspace: 14279K(15168K)->14279K(15168K) NonClass: 12328K(12928K)->12328K(12928K) Class: 1950K(2240K)->1950K(2240K)
[205.796s][info][gc             ] GC(1049) Pause Young (Normal) (G1 Evacuation Pause) 334M->8M(546M) 3.534ms
[205.796s][info][gc,cpu         ] GC(1049) User=0.00s Sys=0.00s Real=0.00s
[205.991s][info][gc,start       ] GC(1050) Pause Young (Normal) (G1 Evacuation Pause)
[205.991s][info][gc,task        ] GC(1050) Using 33 workers of 33 for evacuation
[205.994s][info][gc,phases      ] GC(1050)   Pre Evacuate Collection Set: 0.2ms
[205.994s][info][gc,phases      ] GC(1050)   Merge Heap Roots: 0.2ms
[205.994s][info][gc,phases      ] GC(1050)   Evacuate Collection Set: 0.4ms
[205.994s][info][gc,phases      ] GC(1050)   Post Evacuate Collection Set: 2.6ms
[205.994s][info][gc,phases      ] GC(1050)   Other: 0.1ms
[205.994s][info][gc,heap        ] GC(1050) Eden regions: 326->0(326)
[205.994s][info][gc,heap        ] GC(1050) Survivor regions: 1->1(41)
[205.994s][info][gc,heap        ] GC(1050) Old regions: 23->23
[205.994s][info][gc,heap        ] GC(1050) Archive regions: 0->0
[205.994s][info][gc,heap        ] GC(1050) Humongous regions: 0->0
[205.994s][info][gc,metaspace   ] GC(1050) Metaspace: 14279K(15168K)->14279K(15168K) NonClass: 12328K(12928K)->12328K(12928K) Class: 1950K(2240K)->1950K(2240K)
[205.994s][info][gc             ] GC(1050) Pause Young (Normal) (G1 Evacuation Pause) 334M->8M(546M) 3.653ms
[205.994s][info][gc,cpu         ] GC(1050) User=0.00s Sys=0.00s Real=0.00s
[206.190s][info][gc,start       ] GC(1051) Pause Young (Normal) (G1 Evacuation Pause)
[206.190s][info][gc,task        ] GC(1051) Using 33 workers of 33 for evacuation
[206.194s][info][gc,phases      ] GC(1051)   Pre Evacuate Collection Set: 0.2ms
[206.194s][info][gc,phases      ] GC(1051)   Merge Heap Roots: 0.2ms
[206.194s][info][gc,phases      ] GC(1051)   Evacuate Collection Set: 0.4ms
[206.194s][info][gc,phases      ] GC(1051)   Post Evacuate Collection Set: 2.6ms
[206.194s][info][gc,phases      ] GC(1051)   Other: 0.1ms
[206.194s][info][gc,heap        ] GC(1051) Eden regions: 326->0(326)
[206.194s][info][gc,heap        ] GC(1051) Survivor regions: 1->1(41)
[206.194s][info][gc,heap        ] GC(1051) Old regions: 23->23
[206.194s][info][gc,heap        ] GC(1051) Archive regions: 0->0
[206.194s][info][gc,heap        ] GC(1051) Humongous regions: 0->0
[206.194s][info][gc,metaspace   ] GC(1051) Metaspace: 14279K(15168K)->14279K(15168K) NonClass: 12328K(12928K)->12328K(12928K) Class: 1950K(2240K)->1950K(2240K)
[206.194s][info][gc             ] GC(1051) Pause Young (Normal) (G1 Evacuation Pause) 334M->8M(546M) 3.655ms
[206.194s][info][gc,cpu         ] GC(1051) User=0.00s Sys=0.00s Real=0.00s
[206.389s][info][gc,start       ] GC(1052) Pause Young (Normal) (G1 Evacuation Pause)
[206.390s][info][gc,task        ] GC(1052) Using 33 workers of 33 for evacuation
[206.393s][info][gc,phases      ] GC(1052)   Pre Evacuate Collection Set: 0.1ms
[206.393s][info][gc,phases      ] GC(1052)   Merge Heap Roots: 0.2ms
[206.393s][info][gc,phases      ] GC(1052)   Evacuate Collection Set: 0.4ms
[206.393s][info][gc,phases      ] GC(1052)   Post Evacuate Collection Set: 2.7ms
[206.393s][info][gc,phases      ] GC(1052)   Other: 0.1ms
[206.393s][info][gc,heap        ] GC(1052) Eden regions: 326->0(326)
[206.393s][info][gc,heap        ] GC(1052) Survivor regions: 1->1(41)
[206.393s][info][gc,heap        ] GC(1052) Old regions: 23->23
[206.393s][info][gc,heap        ] GC(1052) Archive regions: 0->0
[206.393s][info][gc,heap        ] GC(1052) Humongous regions: 0->0
[206.393s][info][gc,metaspace   ] GC(1052) Metaspace: 14279K(15168K)->14279K(15168K) NonClass: 12328K(12928K)->12328K(12928K) Class: 1950K(2240K)->1950K(2240K)
[206.393s][info][gc             ] GC(1052) Pause Young (Normal) (G1 Evacuation Pause) 334M->8M(546M) 3.672ms
[206.393s][info][gc,cpu         ] GC(1052) User=0.52s Sys=0.00s Real=0.00s
[206.588s][info][gc,start       ] GC(1053) Pause Young (Normal) (G1 Evacuation Pause)
[206.588s][info][gc,task        ] GC(1053) Using 33 workers of 33 for evacuation
[206.591s][info][gc,phases      ] GC(1053)   Pre Evacuate Collection Set: 0.2ms
[206.591s][info][gc,phases      ] GC(1053)   Merge Heap Roots: 0.2ms
[206.591s][info][gc,phases      ] GC(1053)   Evacuate Collection Set: 0.3ms
[206.591s][info][gc,phases      ] GC(1053)   Post Evacuate Collection Set: 2.7ms
[206.591s][info][gc,phases      ] GC(1053)   Other: 0.1ms
[206.591s][info][gc,heap        ] GC(1053) Eden regions: 326->0(326)
[206.591s][info][gc,heap        ] GC(1053) Survivor regions: 1->1(41)
[206.591s][info][gc,heap        ] GC(1053) Old regions: 23->23
[206.591s][info][gc,heap        ] GC(1053) Archive regions: 0->0
[206.591s][info][gc,heap        ] GC(1053) Humongous regions: 0->0
[206.591s][info][gc,metaspace   ] GC(1053) Metaspace: 14279K(15168K)->14279K(15168K) NonClass: 12328K(12928K)->12328K(12928K) Class: 1950K(2240K)->1950K(2240K)
[206.591s][info][gc             ] GC(1053) Pause Young (Normal) (G1 Evacuation Pause) 334M->8M(546M) 3.667ms
[206.591s][info][gc,cpu         ] GC(1053) User=0.00s Sys=0.00s Real=0.00s
[206.787s][info][gc,start       ] GC(1054) Pause Young (Normal) (G1 Evacuation Pause)
[206.787s][info][gc,task        ] GC(1054) Using 33 workers of 33 for evacuation
[206.790s][info][gc,phases      ] GC(1054)   Pre Evacuate Collection Set: 0.2ms
[206.790s][info][gc,phases      ] GC(1054)   Merge Heap Roots: 0.2ms
[206.790s][info][gc,phases      ] GC(1054)   Evacuate Collection Set: 0.4ms
[206.790s][info][gc,phases      ] GC(1054)   Post Evacuate Collection Set: 2.7ms
[206.790s][info][gc,phases      ] GC(1054)   Other: 0.1ms
[206.791s][info][gc,heap        ] GC(1054) Eden regions: 326->0(326)
[206.791s][info][gc,heap        ] GC(1054) Survivor regions: 1->1(41)
[206.791s][info][gc,heap        ] GC(1054) Old regions: 23->24
[206.791s][info][gc,heap        ] GC(1054) Archive regions: 0->0
[206.791s][info][gc,heap        ] GC(1054) Humongous regions: 0->0
[206.791s][info][gc,metaspace   ] GC(1054) Metaspace: 14279K(15168K)->14279K(15168K) NonClass: 12328K(12928K)->12328K(12928K) Class: 1950K(2240K)->1950K(2240K)
[206.791s][info][gc             ] GC(1054) Pause Young (Normal) (G1 Evacuation Pause) 334M->8M(546M) 3.780ms
[206.791s][info][gc,cpu         ] GC(1054) User=0.00s Sys=0.00s Real=0.00s
[206.985s][info][gc,start       ] GC(1055) Pause Young (Normal) (G1 Evacuation Pause)
[206.985s][info][gc,task        ] GC(1055) Using 33 workers of 33 for evacuation
[206.989s][info][gc,phases      ] GC(1055)   Pre Evacuate Collection Set: 0.1ms
[206.989s][info][gc,phases      ] GC(1055)   Merge Heap Roots: 0.2ms
[206.989s][info][gc,phases      ] GC(1055)   Evacuate Collection Set: 0.4ms
[206.989s][info][gc,phases      ] GC(1055)   Post Evacuate Collection Set: 2.7ms
[206.989s][info][gc,phases      ] GC(1055)   Other: 0.1ms
[206.989s][info][gc,heap        ] GC(1055) Eden regions: 326->0(326)
[206.989s][info][gc,heap        ] GC(1055) Survivor regions: 1->1(41)
[206.989s][info][gc,heap        ] GC(1055) Old regions: 24->24
[206.989s][info][gc,heap        ] GC(1055) Archive regions: 0->0
[206.989s][info][gc,heap        ] GC(1055) Humongous regions: 0->0
[206.989s][info][gc,metaspace   ] GC(1055) Metaspace: 14279K(15168K)->14279K(15168K) NonClass: 12328K(12928K)->12328K(12928K) Class: 1950K(2240K)->1950K(2240K)
[206.989s][info][gc             ] GC(1055) Pause Young (Normal) (G1 Evacuation Pause) 334M->8M(546M) 3.746ms
[206.989s][info][gc,cpu         ] GC(1055) User=0.00s Sys=0.00s Real=0.00s
[207.182s][info][gc,start       ] GC(1056) Pause Young (Normal) (G1 Evacuation Pause)
[207.182s][info][gc,task        ] GC(1056) Using 33 workers of 33 for evacuation
[207.186s][info][gc,phases      ] GC(1056)   Pre Evacuate Collection Set: 0.2ms
[207.186s][info][gc,phases      ] GC(1056)   Merge Heap Roots: 0.2ms
[207.186s][info][gc,phases      ] GC(1056)   Evacuate Collection Set: 0.4ms
[207.186s][info][gc,phases      ] GC(1056)   Post Evacuate Collection Set: 2.8ms
[207.186s][info][gc,phases      ] GC(1056)   Other: 0.1ms
[207.186s][info][gc,heap        ] GC(1056) Eden regions: 326->0(326)
[207.186s][info][gc,heap        ] GC(1056) Survivor regions: 1->1(41)
[207.186s][info][gc,heap        ] GC(1056) Old regions: 24->24
[207.186s][info][gc,heap        ] GC(1056) Archive regions: 0->0
[207.186s][info][gc,heap        ] GC(1056) Humongous regions: 0->0
[207.186s][info][gc,metaspace   ] GC(1056) Metaspace: 14279K(15168K)->14279K(15168K) NonClass: 12328K(12928K)->12328K(12928K) Class: 1950K(2240K)->1950K(2240K)
[207.186s][info][gc             ] GC(1056) Pause Young (Normal) (G1 Evacuation Pause) 334M->8M(546M) 3.841ms
[207.186s][info][gc,cpu         ] GC(1056) User=0.00s Sys=0.00s Real=0.00s
[207.382s][info][gc,start       ] GC(1057) Pause Young (Normal) (G1 Evacuation Pause)
[207.382s][info][gc,task        ] GC(1057) Using 33 workers of 33 for evacuation
[207.385s][info][gc,phases      ] GC(1057)   Pre Evacuate Collection Set: 0.1ms
[207.386s][info][gc,phases      ] GC(1057)   Merge Heap Roots: 0.1ms
[207.386s][info][gc,phases      ] GC(1057)   Evacuate Collection Set: 0.4ms
[207.386s][info][gc,phases      ] GC(1057)   Post Evacuate Collection Set: 2.8ms
[207.386s][info][gc,phases      ] GC(1057)   Other: 0.1ms
[207.386s][info][gc,heap        ] GC(1057) Eden regions: 326->0(326)
[207.386s][info][gc,heap        ] GC(1057) Survivor regions: 1->1(41)
[207.386s][info][gc,heap        ] GC(1057) Old regions: 24->24
[207.386s][info][gc,heap        ] GC(1057) Archive regions: 0->0
[207.386s][info][gc,heap        ] GC(1057) Humongous regions: 0->0
[207.386s][info][gc,metaspace   ] GC(1057) Metaspace: 14279K(15168K)->14279K(15168K) NonClass: 12328K(12928K)->12328K(12928K) Class: 1950K(2240K)->1950K(2240K)
[207.386s][info][gc             ] GC(1057) Pause Young (Normal) (G1 Evacuation Pause) 334M->8M(546M) 3.813ms
[207.386s][info][gc,cpu         ] GC(1057) User=0.00s Sys=0.00s Real=0.00s
[207.706s][info][gc,start       ] GC(1058) Pause Young (Normal) (G1 Evacuation Pause)
[207.706s][info][gc,task        ] GC(1058) Using 33 workers of 33 for evacuation
[207.711s][info][gc,phases      ] GC(1058)   Pre Evacuate Collection Set: 0.2ms
[207.711s][info][gc,phases      ] GC(1058)   Merge Heap Roots: 0.2ms
[207.711s][info][gc,phases      ] GC(1058)   Evacuate Collection Set: 0.6ms
[207.711s][info][gc,phases      ] GC(1058)   Post Evacuate Collection Set: 3.7ms
[207.711s][info][gc,phases      ] GC(1058)   Other: 0.2ms
[207.711s][info][gc,heap        ] GC(1058) Eden regions: 326->0(326)
[207.711s][info][gc,heap        ] GC(1058) Survivor regions: 1->1(41)
[207.711s][info][gc,heap        ] GC(1058) Old regions: 24->24
[207.711s][info][gc,heap        ] GC(1058) Archive regions: 0->0
[207.711s][info][gc,heap        ] GC(1058) Humongous regions: 0->0
[207.711s][info][gc,metaspace   ] GC(1058) Metaspace: 14279K(15168K)->14279K(15168K) NonClass: 12328K(12928K)->12328K(12928K) Class: 1950K(2240K)->1950K(2240K)
[207.711s][info][gc             ] GC(1058) Pause Young (Normal) (G1 Evacuation Pause) 334M->8M(546M) 5.504ms
[207.711s][info][gc,cpu         ] GC(1058) User=0.00s Sys=0.00s Real=0.00s
[207.912s][info][gc,start       ] GC(1059) Pause Young (Normal) (G1 Evacuation Pause)
[207.912s][info][gc,task        ] GC(1059) Using 33 workers of 33 for evacuation
[207.915s][info][gc,phases      ] GC(1059)   Pre Evacuate Collection Set: 0.2ms
[207.915s][info][gc,phases      ] GC(1059)   Merge Heap Roots: 0.2ms
[207.915s][info][gc,phases      ] GC(1059)   Evacuate Collection Set: 0.4ms
[207.915s][info][gc,phases      ] GC(1059)   Post Evacuate Collection Set: 2.7ms
[207.915s][info][gc,phases      ] GC(1059)   Other: 0.1ms
[207.915s][info][gc,heap        ] GC(1059) Eden regions: 326->0(326)
[207.915s][info][gc,heap        ] GC(1059) Survivor regions: 1->1(41)
[207.915s][info][gc,heap        ] GC(1059) Old regions: 24->24
[207.915s][info][gc,heap        ] GC(1059) Archive regions: 0->0
[207.915s][info][gc,heap        ] GC(1059) Humongous regions: 0->0
[207.915s][info][gc,metaspace   ] GC(1059) Metaspace: 14279K(15168K)->14279K(15168K) NonClass: 12328K(12928K)->12328K(12928K) Class: 1950K(2240K)->1950K(2240K)
[207.915s][info][gc             ] GC(1059) Pause Young (Normal) (G1 Evacuation Pause) 334M->9M(546M) 3.700ms
[207.915s][info][gc,cpu         ] GC(1059) User=0.00s Sys=0.00s Real=0.00s
[208.111s][info][gc,start       ] GC(1060) Pause Young (Normal) (G1 Evacuation Pause)
[208.111s][info][gc,task        ] GC(1060) Using 33 workers of 33 for evacuation
[208.114s][info][gc,phases      ] GC(1060)   Pre Evacuate Collection Set: 0.2ms
[208.114s][info][gc,phases      ] GC(1060)   Merge Heap Roots: 0.2ms
[208.114s][info][gc,phases      ] GC(1060)   Evacuate Collection Set: 0.3ms
[208.114s][info][gc,phases      ] GC(1060)   Post Evacuate Collection Set: 2.5ms
[208.114s][info][gc,phases      ] GC(1060)   Other: 0.1ms
[208.114s][info][gc,heap        ] GC(1060) Eden regions: 326->0(326)
[208.114s][info][gc,heap        ] GC(1060) Survivor regions: 1->1(41)
[208.114s][info][gc,heap        ] GC(1060) Old regions: 24->24
[208.114s][info][gc,heap        ] GC(1060) Archive regions: 0->0
[208.114s][info][gc,heap        ] GC(1060) Humongous regions: 0->0
[208.114s][info][gc,metaspace   ] GC(1060) Metaspace: 14279K(15168K)->14279K(15168K) NonClass: 12328K(12928K)->12328K(12928K) Class: 1950K(2240K)->1950K(2240K)
[208.114s][info][gc             ] GC(1060) Pause Young (Normal) (G1 Evacuation Pause) 335M->9M(546M) 3.470ms
[208.114s][info][gc,cpu         ] GC(1060) User=0.00s Sys=0.00s Real=0.00s
[208.308s][info][gc,start       ] GC(1061) Pause Young (Normal) (G1 Evacuation Pause)
[208.309s][info][gc,task        ] GC(1061) Using 33 workers of 33 for evacuation
[208.312s][info][gc,phases      ] GC(1061)   Pre Evacuate Collection Set: 0.2ms
[208.312s][info][gc,phases      ] GC(1061)   Merge Heap Roots: 0.1ms
[208.312s][info][gc,phases      ] GC(1061)   Evacuate Collection Set: 0.4ms
[208.312s][info][gc,phases      ] GC(1061)   Post Evacuate Collection Set: 2.4ms
[208.312s][info][gc,phases      ] GC(1061)   Other: 0.1ms
[208.312s][info][gc,heap        ] GC(1061) Eden regions: 326->0(326)
[208.312s][info][gc,heap        ] GC(1061) Survivor regions: 1->1(41)
[208.312s][info][gc,heap        ] GC(1061) Old regions: 24->24
[208.312s][info][gc,heap        ] GC(1061) Archive regions: 0->0
[208.312s][info][gc,heap        ] GC(1061) Humongous regions: 0->0
[208.312s][info][gc,metaspace   ] GC(1061) Metaspace: 14279K(15168K)->14279K(15168K) NonClass: 12328K(12928K)->12328K(12928K) Class: 1950K(2240K)->1950K(2240K)
[208.312s][info][gc             ] GC(1061) Pause Young (Normal) (G1 Evacuation Pause) 335M->9M(546M) 3.462ms
[208.312s][info][gc,cpu         ] GC(1061) User=0.00s Sys=0.00s Real=0.00s
[208.506s][info][gc,start       ] GC(1062) Pause Young (Normal) (G1 Evacuation Pause)
[208.506s][info][gc,task        ] GC(1062) Using 33 workers of 33 for evacuation
[208.509s][info][gc,phases      ] GC(1062)   Pre Evacuate Collection Set: 0.1ms
[208.509s][info][gc,phases      ] GC(1062)   Merge Heap Roots: 0.2ms
[208.509s][info][gc,phases      ] GC(1062)   Evacuate Collection Set: 0.3ms
[208.509s][info][gc,phases      ] GC(1062)   Post Evacuate Collection Set: 2.4ms
[208.509s][info][gc,phases      ] GC(1062)   Other: 0.1ms
[208.509s][info][gc,heap        ] GC(1062) Eden regions: 326->0(326)
[208.509s][info][gc,heap        ] GC(1062) Survivor regions: 1->1(41)
[208.509s][info][gc,heap        ] GC(1062) Old regions: 24->24
[208.509s][info][gc,heap        ] GC(1062) Archive regions: 0->0
[208.509s][info][gc,heap        ] GC(1062) Humongous regions: 0->0
[208.509s][info][gc,metaspace   ] GC(1062) Metaspace: 14279K(15168K)->14279K(15168K) NonClass: 12328K(12928K)->12328K(12928K) Class: 1950K(2240K)->1950K(2240K)
[208.509s][info][gc             ] GC(1062) Pause Young (Normal) (G1 Evacuation Pause) 335M->9M(546M) 3.462ms
[208.509s][info][gc,cpu         ] GC(1062) User=0.00s Sys=0.00s Real=0.00s
[208.704s][info][gc,start       ] GC(1063) Pause Young (Normal) (G1 Evacuation Pause)
[208.704s][info][gc,task        ] GC(1063) Using 33 workers of 33 for evacuation
[208.707s][info][gc,phases      ] GC(1063)   Pre Evacuate Collection Set: 0.2ms
[208.707s][info][gc,phases      ] GC(1063)   Merge Heap Roots: 0.1ms
[208.707s][info][gc,phases      ] GC(1063)   Evacuate Collection Set: 0.4ms
[208.707s][info][gc,phases      ] GC(1063)   Post Evacuate Collection Set: 2.4ms
[208.707s][info][gc,phases      ] GC(1063)   Other: 0.1ms
[208.707s][info][gc,heap        ] GC(1063) Eden regions: 326->0(326)
[208.707s][info][gc,heap        ] GC(1063) Survivor regions: 1->1(41)
[208.707s][info][gc,heap        ] GC(1063) Old regions: 24->24
[208.708s][info][gc,heap        ] GC(1063) Archive regions: 0->0
[208.708s][info][gc,heap        ] GC(1063) Humongous regions: 0->0
[208.708s][info][gc,metaspace   ] GC(1063) Metaspace: 14279K(15168K)->14279K(15168K) NonClass: 12328K(12928K)->12328K(12928K) Class: 1950K(2240K)->1950K(2240K)
[208.708s][info][gc             ] GC(1063) Pause Young (Normal) (G1 Evacuation Pause) 335M->9M(546M) 3.401ms
[208.708s][info][gc,cpu         ] GC(1063) User=0.00s Sys=0.00s Real=0.00s
[208.901s][info][gc,start       ] GC(1064) Pause Young (Normal) (G1 Evacuation Pause)
[208.901s][info][gc,task        ] GC(1064) Using 33 workers of 33 for evacuation
[208.904s][info][gc,phases      ] GC(1064)   Pre Evacuate Collection Set: 0.1ms
[208.904s][info][gc,phases      ] GC(1064)   Merge Heap Roots: 0.2ms
[208.904s][info][gc,phases      ] GC(1064)   Evacuate Collection Set: 0.3ms
[208.904s][info][gc,phases      ] GC(1064)   Post Evacuate Collection Set: 2.4ms
[208.904s][info][gc,phases      ] GC(1064)   Other: 0.1ms
[208.904s][info][gc,heap        ] GC(1064) Eden regions: 326->0(326)
[208.904s][info][gc,heap        ] GC(1064) Survivor regions: 1->1(41)
[208.904s][info][gc,heap        ] GC(1064) Old regions: 24->24
[208.904s][info][gc,heap        ] GC(1064) Archive regions: 0->0
[208.904s][info][gc,heap        ] GC(1064) Humongous regions: 0->0
[208.904s][info][gc,metaspace   ] GC(1064) Metaspace: 14279K(15168K)->14279K(15168K) NonClass: 12328K(12928K)->12328K(12928K) Class: 1950K(2240K)->1950K(2240K)
[208.904s][info][gc             ] GC(1064) Pause Young (Normal) (G1 Evacuation Pause) 335M->9M(546M) 3.393ms
[208.904s][info][gc,cpu         ] GC(1064) User=0.00s Sys=0.00s Real=0.00s
[209.097s][info][gc,start       ] GC(1065) Pause Young (Normal) (G1 Evacuation Pause)
[209.097s][info][gc,task        ] GC(1065) Using 33 workers of 33 for evacuation
[209.100s][info][gc,phases      ] GC(1065)   Pre Evacuate Collection Set: 0.1ms
[209.101s][info][gc,phases      ] GC(1065)   Merge Heap Roots: 0.2ms
[209.101s][info][gc,phases      ] GC(1065)   Evacuate Collection Set: 0.3ms
[209.101s][info][gc,phases      ] GC(1065)   Post Evacuate Collection Set: 2.5ms
[209.101s][info][gc,phases      ] GC(1065)   Other: 0.1ms
[209.101s][info][gc,heap        ] GC(1065) Eden regions: 326->0(326)
[209.101s][info][gc,heap        ] GC(1065) Survivor regions: 1->1(41)
[209.101s][info][gc,heap        ] GC(1065) Old regions: 24->24
[209.101s][info][gc,heap        ] GC(1065) Archive regions: 0->0
[209.101s][info][gc,heap        ] GC(1065) Humongous regions: 0->0
[209.101s][info][gc,metaspace   ] GC(1065) Metaspace: 14279K(15168K)->14279K(15168K) NonClass: 12328K(12928K)->12328K(12928K) Class: 1950K(2240K)->1950K(2240K)
[209.101s][info][gc             ] GC(1065) Pause Young (Normal) (G1 Evacuation Pause) 335M->9M(546M) 3.501ms
[209.101s][info][gc,cpu         ] GC(1065) User=0.00s Sys=0.00s Real=0.00s
[209.295s][info][gc,start       ] GC(1066) Pause Young (Normal) (G1 Evacuation Pause)
[209.295s][info][gc,task        ] GC(1066) Using 33 workers of 33 for evacuation
[209.298s][info][gc,phases      ] GC(1066)   Pre Evacuate Collection Set: 0.2ms
[209.298s][info][gc,phases      ] GC(1066)   Merge Heap Roots: 0.2ms
[209.298s][info][gc,phases      ] GC(1066)   Evacuate Collection Set: 0.3ms
[209.298s][info][gc,phases      ] GC(1066)   Post Evacuate Collection Set: 2.5ms
[209.298s][info][gc,phases      ] GC(1066)   Other: 0.1ms
[209.298s][info][gc,heap        ] GC(1066) Eden regions: 326->0(326)
[209.298s][info][gc,heap        ] GC(1066) Survivor regions: 1->1(41)
[209.298s][info][gc,heap        ] GC(1066) Old regions: 24->24
[209.299s][info][gc,heap        ] GC(1066) Archive regions: 0->0
[209.299s][info][gc,heap        ] GC(1066) Humongous regions: 0->0
[209.299s][info][gc,metaspace   ] GC(1066) Metaspace: 14279K(15168K)->14279K(15168K) NonClass: 12328K(12928K)->12328K(12928K) Class: 1950K(2240K)->1950K(2240K)
[209.299s][info][gc             ] GC(1066) Pause Young (Normal) (G1 Evacuation Pause) 335M->9M(546M) 3.497ms
[209.299s][info][gc,cpu         ] GC(1066) User=0.52s Sys=0.00s Real=0.00s
[209.493s][info][gc,start       ] GC(1067) Pause Young (Normal) (G1 Evacuation Pause)
[209.493s][info][gc,task        ] GC(1067) Using 33 workers of 33 for evacuation
[209.496s][info][gc,phases      ] GC(1067)   Pre Evacuate Collection Set: 0.1ms
[209.496s][info][gc,phases      ] GC(1067)   Merge Heap Roots: 0.2ms
[209.496s][info][gc,phases      ] GC(1067)   Evacuate Collection Set: 0.3ms
[209.496s][info][gc,phases      ] GC(1067)   Post Evacuate Collection Set: 2.6ms
[209.496s][info][gc,phases      ] GC(1067)   Other: 0.1ms
[209.496s][info][gc,heap        ] GC(1067) Eden regions: 326->0(326)
[209.496s][info][gc,heap        ] GC(1067) Survivor regions: 1->1(41)
[209.496s][info][gc,heap        ] GC(1067) Old regions: 24->24
[209.496s][info][gc,heap        ] GC(1067) Archive regions: 0->0
[209.496s][info][gc,heap        ] GC(1067) Humongous regions: 0->0
[209.496s][info][gc,metaspace   ] GC(1067) Metaspace: 14279K(15168K)->14279K(15168K) NonClass: 12328K(12928K)->12328K(12928K) Class: 1950K(2240K)->1950K(2240K)
[209.496s][info][gc             ] GC(1067) Pause Young (Normal) (G1 Evacuation Pause) 335M->9M(546M) 3.554ms
[209.496s][info][gc,cpu         ] GC(1067) User=0.00s Sys=0.00s Real=0.00s
[209.690s][info][gc,start       ] GC(1068) Pause Young (Normal) (G1 Evacuation Pause)
[209.690s][info][gc,task        ] GC(1068) Using 33 workers of 33 for evacuation
[209.694s][info][gc,phases      ] GC(1068)   Pre Evacuate Collection Set: 0.2ms
[209.694s][info][gc,phases      ] GC(1068)   Merge Heap Roots: 0.2ms
[209.694s][info][gc,phases      ] GC(1068)   Evacuate Collection Set: 0.3ms
[209.694s][info][gc,phases      ] GC(1068)   Post Evacuate Collection Set: 2.6ms
[209.694s][info][gc,phases      ] GC(1068)   Other: 0.1ms
[209.694s][info][gc,heap        ] GC(1068) Eden regions: 326->0(326)
[209.694s][info][gc,heap        ] GC(1068) Survivor regions: 1->1(41)
[209.694s][info][gc,heap        ] GC(1068) Old regions: 24->24
[209.694s][info][gc,heap        ] GC(1068) Archive regions: 0->0
[209.694s][info][gc,heap        ] GC(1068) Humongous regions: 0->0
[209.694s][info][gc,metaspace   ] GC(1068) Metaspace: 14279K(15168K)->14279K(15168K) NonClass: 12328K(12928K)->12328K(12928K) Class: 1950K(2240K)->1950K(2240K)
[209.694s][info][gc             ] GC(1068) Pause Young (Normal) (G1 Evacuation Pause) 335M->9M(546M) 3.657ms
[209.694s][info][gc,cpu         ] GC(1068) User=0.00s Sys=0.00s Real=0.00s
[209.889s][info][gc,start       ] GC(1069) Pause Young (Normal) (G1 Evacuation Pause)
[209.889s][info][gc,task        ] GC(1069) Using 33 workers of 33 for evacuation
[209.892s][info][gc,phases      ] GC(1069)   Pre Evacuate Collection Set: 0.1ms
[209.892s][info][gc,phases      ] GC(1069)   Merge Heap Roots: 0.1ms
[209.892s][info][gc,phases      ] GC(1069)   Evacuate Collection Set: 0.4ms
[209.892s][info][gc,phases      ] GC(1069)   Post Evacuate Collection Set: 2.6ms
[209.892s][info][gc,phases      ] GC(1069)   Other: 0.1ms
[209.892s][info][gc,heap        ] GC(1069) Eden regions: 326->0(326)
[209.892s][info][gc,heap        ] GC(1069) Survivor regions: 1->1(41)
[209.892s][info][gc,heap        ] GC(1069) Old regions: 24->24
[209.892s][info][gc,heap        ] GC(1069) Archive regions: 0->0
[209.892s][info][gc,heap        ] GC(1069) Humongous regions: 0->0
[209.892s][info][gc,metaspace   ] GC(1069) Metaspace: 14279K(15168K)->14279K(15168K) NonClass: 12328K(12928K)->12328K(12928K) Class: 1950K(2240K)->1950K(2240K)
[209.892s][info][gc             ] GC(1069) Pause Young (Normal) (G1 Evacuation Pause) 335M->9M(546M) 3.672ms
[209.892s][info][gc,cpu         ] GC(1069) User=0.52s Sys=0.00s Real=0.00s
[210.088s][info][gc,start       ] GC(1070) Pause Young (Normal) (G1 Evacuation Pause)
[210.088s][info][gc,task        ] GC(1070) Using 33 workers of 33 for evacuation
[210.091s][info][gc,phases      ] GC(1070)   Pre Evacuate Collection Set: 0.1ms
[210.091s][info][gc,phases      ] GC(1070)   Merge Heap Roots: 0.2ms
[210.091s][info][gc,phases      ] GC(1070)   Evacuate Collection Set: 0.3ms
[210.091s][info][gc,phases      ] GC(1070)   Post Evacuate Collection Set: 2.7ms
[210.091s][info][gc,phases      ] GC(1070)   Other: 0.1ms
[210.091s][info][gc,heap        ] GC(1070) Eden regions: 326->0(326)
[210.091s][info][gc,heap        ] GC(1070) Survivor regions: 1->1(41)
[210.091s][info][gc,heap        ] GC(1070) Old regions: 24->24
[210.091s][info][gc,heap        ] GC(1070) Archive regions: 0->0
[210.091s][info][gc,heap        ] GC(1070) Humongous regions: 0->0
[210.091s][info][gc,metaspace   ] GC(1070) Metaspace: 14279K(15168K)->14279K(15168K) NonClass: 12328K(12928K)->12328K(12928K) Class: 1950K(2240K)->1950K(2240K)
[210.091s][info][gc             ] GC(1070) Pause Young (Normal) (G1 Evacuation Pause) 335M->9M(546M) 3.689ms
[210.091s][info][gc,cpu         ] GC(1070) User=0.00s Sys=0.00s Real=0.00s
[210.287s][info][gc,start       ] GC(1071) Pause Young (Normal) (G1 Evacuation Pause)
[210.288s][info][gc,task        ] GC(1071) Using 33 workers of 33 for evacuation
[210.291s][info][gc,phases      ] GC(1071)   Pre Evacuate Collection Set: 0.1ms
[210.291s][info][gc,phases      ] GC(1071)   Merge Heap Roots: 0.2ms
[210.291s][info][gc,phases      ] GC(1071)   Evacuate Collection Set: 0.4ms
[210.291s][info][gc,phases      ] GC(1071)   Post Evacuate Collection Set: 2.7ms
[210.291s][info][gc,phases      ] GC(1071)   Other: 0.2ms
[210.291s][info][gc,heap        ] GC(1071) Eden regions: 326->0(326)
[210.291s][info][gc,heap        ] GC(1071) Survivor regions: 1->1(41)
[210.291s][info][gc,heap        ] GC(1071) Old regions: 24->24
[210.291s][info][gc,heap        ] GC(1071) Archive regions: 0->0
[210.291s][info][gc,heap        ] GC(1071) Humongous regions: 0->0
[210.291s][info][gc,metaspace   ] GC(1071) Metaspace: 14279K(15168K)->14279K(15168K) NonClass: 12328K(12928K)->12328K(12928K) Class: 1950K(2240K)->1950K(2240K)
[210.291s][info][gc             ] GC(1071) Pause Young (Normal) (G1 Evacuation Pause) 335M->9M(546M) 3.794ms
[210.291s][info][gc,cpu         ] GC(1071) User=0.00s Sys=0.00s Real=0.00s
[210.496s][info][gc,start       ] GC(1072) Pause Young (Normal) (G1 Evacuation Pause)
[210.496s][info][gc,task        ] GC(1072) Using 33 workers of 33 for evacuation
[210.499s][info][gc,phases      ] GC(1072)   Pre Evacuate Collection Set: 0.1ms
[210.500s][info][gc,phases      ] GC(1072)   Merge Heap Roots: 0.2ms
[210.500s][info][gc,phases      ] GC(1072)   Evacuate Collection Set: 0.4ms
[210.500s][info][gc,phases      ] GC(1072)   Post Evacuate Collection Set: 2.7ms
[210.500s][info][gc,phases      ] GC(1072)   Other: 0.1ms
[210.500s][info][gc,heap        ] GC(1072) Eden regions: 326->0(326)
[210.500s][info][gc,heap        ] GC(1072) Survivor regions: 1->1(41)
[210.500s][info][gc,heap        ] GC(1072) Old regions: 24->24
[210.500s][info][gc,heap        ] GC(1072) Archive regions: 0->0
[210.500s][info][gc,heap        ] GC(1072) Humongous regions: 0->0
[210.500s][info][gc,metaspace   ] GC(1072) Metaspace: 14279K(15168K)->14279K(15168K) NonClass: 12328K(12928K)->12328K(12928K) Class: 1950K(2240K)->1950K(2240K)
[210.500s][info][gc             ] GC(1072) Pause Young (Normal) (G1 Evacuation Pause) 335M->9M(546M) 3.747ms
[210.500s][info][gc,cpu         ] GC(1072) User=0.00s Sys=0.00s Real=0.00s
[210.717s][info][gc,start       ] GC(1073) Pause Young (Normal) (G1 Evacuation Pause)
[210.717s][info][gc,task        ] GC(1073) Using 33 workers of 33 for evacuation
[210.720s][info][gc,phases      ] GC(1073)   Pre Evacuate Collection Set: 0.1ms
[210.720s][info][gc,phases      ] GC(1073)   Merge Heap Roots: 0.1ms
[210.720s][info][gc,phases      ] GC(1073)   Evacuate Collection Set: 0.4ms
[210.720s][info][gc,phases      ] GC(1073)   Post Evacuate Collection Set: 2.7ms
[210.720s][info][gc,phases      ] GC(1073)   Other: 0.1ms
[210.720s][info][gc,heap        ] GC(1073) Eden regions: 326->0(326)
[210.720s][info][gc,heap        ] GC(1073) Survivor regions: 1->1(41)
[210.721s][info][gc,heap        ] GC(1073) Old regions: 24->24
[210.721s][info][gc,heap        ] GC(1073) Archive regions: 0->0
[210.721s][info][gc,heap        ] GC(1073) Humongous regions: 0->0
[210.721s][info][gc,metaspace   ] GC(1073) Metaspace: 14279K(15168K)->14279K(15168K) NonClass: 12328K(12928K)->12328K(12928K) Class: 1950K(2240K)->1950K(2240K)
[210.721s][info][gc             ] GC(1073) Pause Young (Normal) (G1 Evacuation Pause) 335M->9M(546M) 3.720ms
[210.721s][info][gc,cpu         ] GC(1073) User=0.52s Sys=0.00s Real=0.00s
[210.945s][info][gc,start       ] GC(1074) Pause Young (Normal) (G1 Evacuation Pause)
[210.945s][info][gc,task        ] GC(1074) Using 33 workers of 33 for evacuation
[210.948s][info][gc,phases      ] GC(1074)   Pre Evacuate Collection Set: 0.1ms
[210.948s][info][gc,phases      ] GC(1074)   Merge Heap Roots: 0.2ms
[210.948s][info][gc,phases      ] GC(1074)   Evacuate Collection Set: 0.3ms
[210.949s][info][gc,phases      ] GC(1074)   Post Evacuate Collection Set: 2.9ms
[210.949s][info][gc,phases      ] GC(1074)   Other: 0.1ms
[210.949s][info][gc,heap        ] GC(1074) Eden regions: 326->0(326)
[210.949s][info][gc,heap        ] GC(1074) Survivor regions: 1->1(41)
[210.949s][info][gc,heap        ] GC(1074) Old regions: 24->24
[210.949s][info][gc,heap        ] GC(1074) Archive regions: 0->0
[210.949s][info][gc,heap        ] GC(1074) Humongous regions: 0->0
[210.949s][info][gc,metaspace   ] GC(1074) Metaspace: 14279K(15168K)->14279K(15168K) NonClass: 12328K(12928K)->12328K(12928K) Class: 1950K(2240K)->1950K(2240K)
[210.949s][info][gc             ] GC(1074) Pause Young (Normal) (G1 Evacuation Pause) 335M->9M(546M) 3.899ms
[210.949s][info][gc,cpu         ] GC(1074) User=0.00s Sys=0.00s Real=0.00s
[211.093s][info][gc,start       ] GC(1075) Pause Young (Normal) (G1 Evacuation Pause)
[211.093s][info][gc,task        ] GC(1075) Using 33 workers of 33 for evacuation
[211.096s][info][gc,phases      ] GC(1075)   Pre Evacuate Collection Set: 0.1ms
[211.097s][info][gc,phases      ] GC(1075)   Merge Heap Roots: 0.2ms
[211.097s][info][gc,phases      ] GC(1075)   Evacuate Collection Set: 0.4ms
[211.097s][info][gc,phases      ] GC(1075)   Post Evacuate Collection Set: 2.9ms
[211.097s][info][gc,phases      ] GC(1075)   Other: 0.1ms
[211.097s][info][gc,heap        ] GC(1075) Eden regions: 326->0(326)
[211.097s][info][gc,heap        ] GC(1075) Survivor regions: 1->1(41)
[211.097s][info][gc,heap        ] GC(1075) Old regions: 24->25
[211.097s][info][gc,heap        ] GC(1075) Archive regions: 0->0
[211.097s][info][gc,heap        ] GC(1075) Humongous regions: 0->0
[211.097s][info][gc,metaspace   ] GC(1075) Metaspace: 14279K(15168K)->14279K(15168K) NonClass: 12328K(12928K)->12328K(12928K) Class: 1950K(2240K)->1950K(2240K)
[211.097s][info][gc             ] GC(1075) Pause Young (Normal) (G1 Evacuation Pause) 335M->9M(546M) 3.902ms
[211.097s][info][gc,cpu         ] GC(1075) User=0.52s Sys=0.00s Real=0.00s
[211.309s][info][gc,start       ] GC(1076) Pause Young (Normal) (G1 Evacuation Pause)
[211.309s][info][gc,task        ] GC(1076) Using 23 workers of 33 for evacuation
[211.312s][info][gc,phases      ] GC(1076)   Pre Evacuate Collection Set: 0.1ms
[211.313s][info][gc,phases      ] GC(1076)   Merge Heap Roots: 0.1ms
[211.313s][info][gc,phases      ] GC(1076)   Evacuate Collection Set: 0.2ms
[211.313s][info][gc,phases      ] GC(1076)   Post Evacuate Collection Set: 2.9ms
[211.313s][info][gc,phases      ] GC(1076)   Other: 0.1ms
[211.313s][info][gc,heap        ] GC(1076) Eden regions: 326->0(326)
[211.313s][info][gc,heap        ] GC(1076) Survivor regions: 1->1(41)
[211.313s][info][gc,heap        ] GC(1076) Old regions: 25->25
[211.313s][info][gc,heap        ] GC(1076) Archive regions: 0->0
[211.313s][info][gc,heap        ] GC(1076) Humongous regions: 0->0
[211.313s][info][gc,metaspace   ] GC(1076) Metaspace: 14279K(15168K)->14279K(15168K) NonClass: 12328K(12928K)->12328K(12928K) Class: 1950K(2240K)->1950K(2240K)
[211.313s][info][gc             ] GC(1076) Pause Young (Normal) (G1 Evacuation Pause) 335M->9M(546M) 3.911ms
[211.313s][info][gc,cpu         ] GC(1076) User=0.00s Sys=0.00s Real=0.00s
[211.453s][info][gc,start       ] GC(1077) Pause Full (System.gc())
[211.453s][info][gc,task        ] GC(1077) Using 18 workers of 33 for full compaction
[211.454s][info][gc,phases,start] GC(1077) Phase 1: Mark live objects
[211.461s][info][gc,phases      ] GC(1077) Phase 1: Mark live objects 7.441ms
[211.461s][info][gc,phases,start] GC(1077) Phase 2: Prepare compaction
[211.462s][info][gc,phases      ] GC(1077) Phase 2: Prepare compaction 0.777ms
[211.462s][info][gc,phases,start] GC(1077) Phase 3: Adjust pointers
[211.469s][info][gc,phases      ] GC(1077) Phase 3: Adjust pointers 6.568ms
[211.469s][info][gc,phases,start] GC(1077) Phase 4: Compact heap
[211.469s][info][gc,phases      ] GC(1077) Phase 4: Compact heap 0.598ms
[211.475s][info][gc,heap        ] GC(1077) Eden regions: 55->0(36)
[211.475s][info][gc,heap        ] GC(1077) Survivor regions: 1->0(41)
[211.475s][info][gc,heap        ] GC(1077) Old regions: 25->18
[211.475s][info][gc,heap        ] GC(1077) Archive regions: 0->0
[211.475s][info][gc,heap        ] GC(1077) Humongous regions: 0->0
[211.475s][info][gc,metaspace   ] GC(1077) Metaspace: 14279K(15168K)->14279K(15168K) NonClass: 12328K(12928K)->12328K(12928K) Class: 1950K(2240K)->1950K(2240K)
[211.476s][info][gc             ] GC(1077) Pause Full (System.gc()) 63M->5M(60M) 22.847ms
[211.476s][info][gc,cpu         ] GC(1077) User=0.02s Sys=0.00s Real=0.02s
[211.504s][info][gc,start       ] GC(1078) Pause Young (Normal) (G1 Evacuation Pause)
[211.504s][info][gc,task        ] GC(1078) Using 33 workers of 33 for evacuation
[211.508s][info][gc,phases      ] GC(1078)   Pre Evacuate Collection Set: 0.1ms
[211.508s][info][gc,phases      ] GC(1078)   Merge Heap Roots: 0.1ms
[211.508s][info][gc,phases      ] GC(1078)   Evacuate Collection Set: 0.4ms
[211.508s][info][gc,phases      ] GC(1078)   Post Evacuate Collection Set: 2.6ms
[211.508s][info][gc,phases      ] GC(1078)   Other: 0.1ms
[211.508s][info][gc,heap        ] GC(1078) Eden regions: 36->0(34)
[211.508s][info][gc,heap        ] GC(1078) Survivor regions: 0->2(5)
[211.508s][info][gc,heap        ] GC(1078) Old regions: 18->18
[211.508s][info][gc,heap        ] GC(1078) Archive regions: 0->0
[211.508s][info][gc,heap        ] GC(1078) Humongous regions: 0->0
[211.508s][info][gc,metaspace   ] GC(1078) Metaspace: 14282K(15168K)->14282K(15168K) NonClass: 12332K(12928K)->12332K(12928K) Class: 1950K(2240K)->1950K(2240K)
[211.508s][info][gc             ] GC(1078) Pause Young (Normal) (G1 Evacuation Pause) 41M->6M(60M) 3.623ms
[211.508s][info][gc,cpu         ] GC(1078) User=0.00s Sys=0.00s Real=0.00s
[211.526s][info][gc,start       ] GC(1079) Pause Young (Normal) (G1 Evacuation Pause)
[211.526s][info][gc,task        ] GC(1079) Using 33 workers of 33 for evacuation
[211.529s][info][gc,phases      ] GC(1079)   Pre Evacuate Collection Set: 0.1ms
[211.529s][info][gc,phases      ] GC(1079)   Merge Heap Roots: 0.1ms
[211.529s][info][gc,phases      ] GC(1079)   Evacuate Collection Set: 0.4ms
[211.529s][info][gc,phases      ] GC(1079)   Post Evacuate Collection Set: 2.4ms
[211.529s][info][gc,phases      ] GC(1079)   Other: 0.1ms
[211.529s][info][gc,heap        ] GC(1079) Eden regions: 34->0(34)
[211.529s][info][gc,heap        ] GC(1079) Survivor regions: 2->2(5)
[211.529s][info][gc,heap        ] GC(1079) Old regions: 18->18
[211.529s][info][gc,heap        ] GC(1079) Archive regions: 0->0
[211.529s][info][gc,heap        ] GC(1079) Humongous regions: 0->0
[211.529s][info][gc,metaspace   ] GC(1079) Metaspace: 14282K(15168K)->14282K(15168K) NonClass: 12332K(12928K)->12332K(12928K) Class: 1950K(2240K)->1950K(2240K)
[211.529s][info][gc             ] GC(1079) Pause Young (Normal) (G1 Evacuation Pause) 40M->6M(60M) 3.213ms
[211.529s][info][gc,cpu         ] GC(1079) User=0.00s Sys=0.00s Real=0.00s
[211.547s][info][gc,start       ] GC(1080) Pause Young (Normal) (G1 Evacuation Pause)
[211.547s][info][gc,task        ] GC(1080) Using 33 workers of 33 for evacuation
[211.550s][info][gc,phases      ] GC(1080)   Pre Evacuate Collection Set: 0.1ms
[211.550s][info][gc,phases      ] GC(1080)   Merge Heap Roots: 0.1ms
[211.550s][info][gc,phases      ] GC(1080)   Evacuate Collection Set: 0.4ms
[211.550s][info][gc,phases      ] GC(1080)   Post Evacuate Collection Set: 2.3ms
[211.550s][info][gc,phases      ] GC(1080)   Other: 0.1ms
[211.550s][info][gc,heap        ] GC(1080) Eden regions: 34->0(34)
[211.550s][info][gc,heap        ] GC(1080) Survivor regions: 2->2(5)
[211.550s][info][gc,heap        ] GC(1080) Old regions: 18->18
[211.550s][info][gc,heap        ] GC(1080) Archive regions: 0->0
[211.550s][info][gc,heap        ] GC(1080) Humongous regions: 0->0
[211.550s][info][gc,metaspace   ] GC(1080) Metaspace: 14282K(15168K)->14282K(15168K) NonClass: 12332K(12928K)->12332K(12928K) Class: 1950K(2240K)->1950K(2240K)
[211.550s][info][gc             ] GC(1080) Pause Young (Normal) (G1 Evacuation Pause) 40M->6M(60M) 3.140ms
[211.550s][info][gc,cpu         ] GC(1080) User=0.00s Sys=0.00s Real=0.00s
[211.568s][info][gc,start       ] GC(1081) Pause Young (Normal) (G1 Evacuation Pause)
[211.568s][info][gc,task        ] GC(1081) Using 33 workers of 33 for evacuation
[211.573s][info][gc,phases      ] GC(1081)   Pre Evacuate Collection Set: 0.1ms
[211.573s][info][gc,phases      ] GC(1081)   Merge Heap Roots: 0.1ms
[211.573s][info][gc,phases      ] GC(1081)   Evacuate Collection Set: 0.4ms
[211.573s][info][gc,phases      ] GC(1081)   Post Evacuate Collection Set: 4.0ms
[211.573s][info][gc,phases      ] GC(1081)   Other: 0.1ms
[211.573s][info][gc,heap        ] GC(1081) Eden regions: 34->0(323)
[211.573s][info][gc,heap        ] GC(1081) Survivor regions: 2->2(5)
[211.573s][info][gc,heap        ] GC(1081) Old regions: 18->18
[211.573s][info][gc,heap        ] GC(1081) Archive regions: 0->0
[211.573s][info][gc,heap        ] GC(1081) Humongous regions: 0->0
[211.573s][info][gc,metaspace   ] GC(1081) Metaspace: 14282K(15168K)->14282K(15168K) NonClass: 12332K(12928K)->12332K(12928K) Class: 1950K(2240K)->1950K(2240K)
[211.573s][info][gc             ] GC(1081) Pause Young (Normal) (G1 Evacuation Pause) 40M->6M(542M) 4.815ms
[211.573s][info][gc,cpu         ] GC(1081) User=0.00s Sys=0.00s Real=0.00s
[211.741s][info][gc,start       ] GC(1082) Pause Young (Normal) (G1 Evacuation Pause)
[211.741s][info][gc,task        ] GC(1082) Using 33 workers of 33 for evacuation
[211.745s][info][gc,phases      ] GC(1082)   Pre Evacuate Collection Set: 0.1ms
[211.745s][info][gc,phases      ] GC(1082)   Merge Heap Roots: 0.1ms
[211.745s][info][gc,phases      ] GC(1082)   Evacuate Collection Set: 0.5ms
[211.745s][info][gc,phases      ] GC(1082)   Post Evacuate Collection Set: 2.6ms
[211.745s][info][gc,phases      ] GC(1082)   Other: 0.1ms
[211.745s][info][gc,heap        ] GC(1082) Eden regions: 323->0(323)
[211.745s][info][gc,heap        ] GC(1082) Survivor regions: 2->2(41)
[211.745s][info][gc,heap        ] GC(1082) Old regions: 18->18
[211.745s][info][gc,heap        ] GC(1082) Archive regions: 0->0
[211.745s][info][gc,heap        ] GC(1082) Humongous regions: 0->0
[211.745s][info][gc,metaspace   ] GC(1082) Metaspace: 14282K(15168K)->14282K(15168K) NonClass: 12332K(12928K)->12332K(12928K) Class: 1950K(2240K)->1950K(2240K)
[211.745s][info][gc             ] GC(1082) Pause Young (Normal) (G1 Evacuation Pause) 329M->6M(542M) 3.611ms
[211.745s][info][gc,cpu         ] GC(1082) User=0.00s Sys=0.00s Real=0.00s
[211.916s][info][gc,start       ] GC(1083) Pause Young (Normal) (G1 Evacuation Pause)
[211.916s][info][gc,task        ] GC(1083) Using 33 workers of 33 for evacuation
[211.920s][info][gc,phases      ] GC(1083)   Pre Evacuate Collection Set: 0.1ms
[211.920s][info][gc,phases      ] GC(1083)   Merge Heap Roots: 0.1ms
[211.920s][info][gc,phases      ] GC(1083)   Evacuate Collection Set: 1.3ms
[211.920s][info][gc,phases      ] GC(1083)   Post Evacuate Collection Set: 2.5ms
[211.920s][info][gc,phases      ] GC(1083)   Other: 0.1ms
[211.920s][info][gc,heap        ] GC(1083) Eden regions: 323->0(323)
[211.920s][info][gc,heap        ] GC(1083) Survivor regions: 2->2(41)
[211.920s][info][gc,heap        ] GC(1083) Old regions: 18->18
[211.920s][info][gc,heap        ] GC(1083) Archive regions: 0->0
[211.920s][info][gc,heap        ] GC(1083) Humongous regions: 0->0
[211.920s][info][gc,metaspace   ] GC(1083) Metaspace: 14282K(15168K)->14282K(15168K) NonClass: 12332K(12928K)->12332K(12928K) Class: 1950K(2240K)->1950K(2240K)
[211.920s][info][gc             ] GC(1083) Pause Young (Normal) (G1 Evacuation Pause) 329M->6M(542M) 4.397ms
[211.920s][info][gc,cpu         ] GC(1083) User=0.00s Sys=0.00s Real=0.00s
[212.092s][info][gc,start       ] GC(1084) Pause Young (Normal) (G1 Evacuation Pause)
[212.092s][info][gc,task        ] GC(1084) Using 33 workers of 33 for evacuation
[212.095s][info][gc,phases      ] GC(1084)   Pre Evacuate Collection Set: 0.1ms
[212.095s][info][gc,phases      ] GC(1084)   Merge Heap Roots: 0.1ms
[212.095s][info][gc,phases      ] GC(1084)   Evacuate Collection Set: 0.5ms
[212.095s][info][gc,phases      ] GC(1084)   Post Evacuate Collection Set: 2.3ms
[212.095s][info][gc,phases      ] GC(1084)   Other: 0.1ms
[212.095s][info][gc,heap        ] GC(1084) Eden regions: 323->0(323)
[212.095s][info][gc,heap        ] GC(1084) Survivor regions: 2->2(41)
[212.095s][info][gc,heap        ] GC(1084) Old regions: 18->18
[212.095s][info][gc,heap        ] GC(1084) Archive regions: 0->0
[212.095s][info][gc,heap        ] GC(1084) Humongous regions: 0->0
[212.095s][info][gc,metaspace   ] GC(1084) Metaspace: 14282K(15168K)->14282K(15168K) NonClass: 12332K(12928K)->12332K(12928K) Class: 1950K(2240K)->1950K(2240K)
[212.095s][info][gc             ] GC(1084) Pause Young (Normal) (G1 Evacuation Pause) 329M->6M(542M) 3.356ms
[212.095s][info][gc,cpu         ] GC(1084) User=0.52s Sys=0.00s Real=0.00s
[212.265s][info][gc,start       ] GC(1085) Pause Young (Normal) (G1 Evacuation Pause)
[212.265s][info][gc,task        ] GC(1085) Using 33 workers of 33 for evacuation
[212.268s][info][gc,phases      ] GC(1085)   Pre Evacuate Collection Set: 0.1ms
[212.268s][info][gc,phases      ] GC(1085)   Merge Heap Roots: 0.1ms
[212.268s][info][gc,phases      ] GC(1085)   Evacuate Collection Set: 0.4ms
[212.268s][info][gc,phases      ] GC(1085)   Post Evacuate Collection Set: 2.3ms
[212.268s][info][gc,phases      ] GC(1085)   Other: 0.1ms
[212.268s][info][gc,heap        ] GC(1085) Eden regions: 323->0(323)
[212.268s][info][gc,heap        ] GC(1085) Survivor regions: 2->2(41)
[212.268s][info][gc,heap        ] GC(1085) Old regions: 18->18
[212.268s][info][gc,heap        ] GC(1085) Archive regions: 0->0
[212.268s][info][gc,heap        ] GC(1085) Humongous regions: 0->0
[212.268s][info][gc,metaspace   ] GC(1085) Metaspace: 14282K(15168K)->14282K(15168K) NonClass: 12332K(12928K)->12332K(12928K) Class: 1950K(2240K)->1950K(2240K)
[212.268s][info][gc             ] GC(1085) Pause Young (Normal) (G1 Evacuation Pause) 329M->6M(542M) 3.327ms
[212.268s][info][gc,cpu         ] GC(1085) User=0.52s Sys=0.00s Real=0.00s
[212.440s][info][gc,start       ] GC(1086) Pause Young (Normal) (G1 Evacuation Pause)
[212.440s][info][gc,task        ] GC(1086) Using 33 workers of 33 for evacuation
[212.443s][info][gc,phases      ] GC(1086)   Pre Evacuate Collection Set: 0.1ms
[212.443s][info][gc,phases      ] GC(1086)   Merge Heap Roots: 0.2ms
[212.443s][info][gc,phases      ] GC(1086)   Evacuate Collection Set: 0.4ms
[212.443s][info][gc,phases      ] GC(1086)   Post Evacuate Collection Set: 2.4ms
[212.443s][info][gc,phases      ] GC(1086)   Other: 0.1ms
[212.443s][info][gc,heap        ] GC(1086) Eden regions: 323->0(323)
[212.443s][info][gc,heap        ] GC(1086) Survivor regions: 2->2(41)
[212.443s][info][gc,heap        ] GC(1086) Old regions: 18->18
[212.443s][info][gc,heap        ] GC(1086) Archive regions: 0->0
[212.443s][info][gc,heap        ] GC(1086) Humongous regions: 0->0
[212.443s][info][gc,metaspace   ] GC(1086) Metaspace: 14282K(15168K)->14282K(15168K) NonClass: 12332K(12928K)->12332K(12928K) Class: 1950K(2240K)->1950K(2240K)
[212.443s][info][gc             ] GC(1086) Pause Young (Normal) (G1 Evacuation Pause) 329M->6M(542M) 3.477ms
[212.443s][info][gc,cpu         ] GC(1086) User=0.00s Sys=0.00s Real=0.00s
[212.613s][info][gc,start       ] GC(1087) Pause Young (Normal) (G1 Evacuation Pause)
[212.613s][info][gc,task        ] GC(1087) Using 33 workers of 33 for evacuation
[212.616s][info][gc,phases      ] GC(1087)   Pre Evacuate Collection Set: 0.1ms
[212.616s][info][gc,phases      ] GC(1087)   Merge Heap Roots: 0.1ms
[212.616s][info][gc,phases      ] GC(1087)   Evacuate Collection Set: 0.5ms
[212.616s][info][gc,phases      ] GC(1087)   Post Evacuate Collection Set: 2.4ms
[212.616s][info][gc,phases      ] GC(1087)   Other: 0.1ms
[212.616s][info][gc,heap        ] GC(1087) Eden regions: 323->0(323)
[212.616s][info][gc,heap        ] GC(1087) Survivor regions: 2->2(41)
[212.616s][info][gc,heap        ] GC(1087) Old regions: 18->18
[212.616s][info][gc,heap        ] GC(1087) Archive regions: 0->0
[212.616s][info][gc,heap        ] GC(1087) Humongous regions: 0->0
[212.616s][info][gc,metaspace   ] GC(1087) Metaspace: 14282K(15168K)->14282K(15168K) NonClass: 12332K(12928K)->12332K(12928K) Class: 1950K(2240K)->1950K(2240K)
[212.616s][info][gc             ] GC(1087) Pause Young (Normal) (G1 Evacuation Pause) 329M->6M(542M) 3.531ms
[212.616s][info][gc,cpu         ] GC(1087) User=0.00s Sys=0.00s Real=0.00s
[212.787s][info][gc,start       ] GC(1088) Pause Young (Normal) (G1 Evacuation Pause)
[212.787s][info][gc,task        ] GC(1088) Using 33 workers of 33 for evacuation
[212.790s][info][gc,phases      ] GC(1088)   Pre Evacuate Collection Set: 0.1ms
[212.790s][info][gc,phases      ] GC(1088)   Merge Heap Roots: 0.1ms
[212.790s][info][gc,phases      ] GC(1088)   Evacuate Collection Set: 0.5ms
[212.790s][info][gc,phases      ] GC(1088)   Post Evacuate Collection Set: 2.4ms
[212.791s][info][gc,phases      ] GC(1088)   Other: 0.1ms
[212.791s][info][gc,heap        ] GC(1088) Eden regions: 323->0(323)
[212.791s][info][gc,heap        ] GC(1088) Survivor regions: 2->2(41)
[212.791s][info][gc,heap        ] GC(1088) Old regions: 18->18
[212.791s][info][gc,heap        ] GC(1088) Archive regions: 0->0
[212.791s][info][gc,heap        ] GC(1088) Humongous regions: 0->0
[212.791s][info][gc,metaspace   ] GC(1088) Metaspace: 14282K(15168K)->14282K(15168K) NonClass: 12332K(12928K)->12332K(12928K) Class: 1950K(2240K)->1950K(2240K)
[212.791s][info][gc             ] GC(1088) Pause Young (Normal) (G1 Evacuation Pause) 329M->6M(542M) 3.609ms
[212.791s][info][gc,cpu         ] GC(1088) User=0.00s Sys=0.00s Real=0.00s
[212.964s][info][gc,start       ] GC(1089) Pause Young (Normal) (G1 Evacuation Pause)
[212.964s][info][gc,task        ] GC(1089) Using 33 workers of 33 for evacuation
[212.967s][info][gc,phases      ] GC(1089)   Pre Evacuate Collection Set: 0.1ms
[212.967s][info][gc,phases      ] GC(1089)   Merge Heap Roots: 0.1ms
[212.967s][info][gc,phases      ] GC(1089)   Evacuate Collection Set: 0.4ms
[212.967s][info][gc,phases      ] GC(1089)   Post Evacuate Collection Set: 2.5ms
[212.967s][info][gc,phases      ] GC(1089)   Other: 0.1ms
[212.967s][info][gc,heap        ] GC(1089) Eden regions: 323->0(323)
[212.967s][info][gc,heap        ] GC(1089) Survivor regions: 2->2(41)
[212.967s][info][gc,heap        ] GC(1089) Old regions: 18->18
[212.967s][info][gc,heap        ] GC(1089) Archive regions: 0->0
[212.967s][info][gc,heap        ] GC(1089) Humongous regions: 0->0
[212.967s][info][gc,metaspace   ] GC(1089) Metaspace: 14282K(15168K)->14282K(15168K) NonClass: 12332K(12928K)->12332K(12928K) Class: 1950K(2240K)->1950K(2240K)
[212.967s][info][gc             ] GC(1089) Pause Young (Normal) (G1 Evacuation Pause) 329M->6M(542M) 3.514ms
[212.967s][info][gc,cpu         ] GC(1089) User=0.00s Sys=0.00s Real=0.00s
[213.137s][info][gc,start       ] GC(1090) Pause Young (Normal) (G1 Evacuation Pause)
[213.138s][info][gc,task        ] GC(1090) Using 33 workers of 33 for evacuation
[213.141s][info][gc,phases      ] GC(1090)   Pre Evacuate Collection Set: 0.1ms
[213.141s][info][gc,phases      ] GC(1090)   Merge Heap Roots: 0.1ms
[213.141s][info][gc,phases      ] GC(1090)   Evacuate Collection Set: 0.5ms
[213.141s][info][gc,phases      ] GC(1090)   Post Evacuate Collection Set: 2.5ms
[213.141s][info][gc,phases      ] GC(1090)   Other: 0.1ms
[213.141s][info][gc,heap        ] GC(1090) Eden regions: 323->0(323)
[213.141s][info][gc,heap        ] GC(1090) Survivor regions: 2->2(41)
[213.141s][info][gc,heap        ] GC(1090) Old regions: 18->18
[213.141s][info][gc,heap        ] GC(1090) Archive regions: 0->0
[213.141s][info][gc,heap        ] GC(1090) Humongous regions: 0->0
[213.141s][info][gc,metaspace   ] GC(1090) Metaspace: 14282K(15168K)->14282K(15168K) NonClass: 12332K(12928K)->12332K(12928K) Class: 1950K(2240K)->1950K(2240K)
[213.141s][info][gc             ] GC(1090) Pause Young (Normal) (G1 Evacuation Pause) 329M->6M(542M) 3.562ms
[213.141s][info][gc,cpu         ] GC(1090) User=0.03s Sys=0.00s Real=0.00s
[213.312s][info][gc,start       ] GC(1091) Pause Young (Normal) (G1 Evacuation Pause)
[213.312s][info][gc,task        ] GC(1091) Using 33 workers of 33 for evacuation
[213.315s][info][gc,phases      ] GC(1091)   Pre Evacuate Collection Set: 0.1ms
[213.315s][info][gc,phases      ] GC(1091)   Merge Heap Roots: 0.1ms
[213.315s][info][gc,phases      ] GC(1091)   Evacuate Collection Set: 0.5ms
[213.315s][info][gc,phases      ] GC(1091)   Post Evacuate Collection Set: 2.6ms
[213.315s][info][gc,phases      ] GC(1091)   Other: 0.1ms
[213.316s][info][gc,heap        ] GC(1091) Eden regions: 323->0(323)
[213.316s][info][gc,heap        ] GC(1091) Survivor regions: 2->2(41)
[213.316s][info][gc,heap        ] GC(1091) Old regions: 18->18
[213.316s][info][gc,heap        ] GC(1091) Archive regions: 0->0
[213.316s][info][gc,heap        ] GC(1091) Humongous regions: 0->0
[213.316s][info][gc,metaspace   ] GC(1091) Metaspace: 14282K(15168K)->14282K(15168K) NonClass: 12332K(12928K)->12332K(12928K) Class: 1950K(2240K)->1950K(2240K)
[213.316s][info][gc             ] GC(1091) Pause Young (Normal) (G1 Evacuation Pause) 329M->6M(542M) 3.641ms
[213.316s][info][gc,cpu         ] GC(1091) User=0.52s Sys=0.00s Real=0.00s
[213.486s][info][gc,start       ] GC(1092) Pause Young (Normal) (G1 Evacuation Pause)
[213.486s][info][gc,task        ] GC(1092) Using 33 workers of 33 for evacuation
[213.489s][info][gc,phases      ] GC(1092)   Pre Evacuate Collection Set: 0.1ms
[213.489s][info][gc,phases      ] GC(1092)   Merge Heap Roots: 0.1ms
[213.489s][info][gc,phases      ] GC(1092)   Evacuate Collection Set: 0.5ms
[213.489s][info][gc,phases      ] GC(1092)   Post Evacuate Collection Set: 2.6ms
[213.489s][info][gc,phases      ] GC(1092)   Other: 0.1ms
[213.489s][info][gc,heap        ] GC(1092) Eden regions: 323->0(323)
[213.489s][info][gc,heap        ] GC(1092) Survivor regions: 2->2(41)
[213.489s][info][gc,heap        ] GC(1092) Old regions: 18->18
[213.489s][info][gc,heap        ] GC(1092) Archive regions: 0->0
[213.489s][info][gc,heap        ] GC(1092) Humongous regions: 0->0
[213.489s][info][gc,metaspace   ] GC(1092) Metaspace: 14282K(15168K)->14282K(15168K) NonClass: 12332K(12928K)->12332K(12928K) Class: 1950K(2240K)->1950K(2240K)
[213.489s][info][gc             ] GC(1092) Pause Young (Normal) (G1 Evacuation Pause) 329M->7M(542M) 3.653ms
[213.489s][info][gc,cpu         ] GC(1092) User=0.00s Sys=0.00s Real=0.00s
[213.661s][info][gc,start       ] GC(1093) Pause Young (Normal) (G1 Evacuation Pause)
[213.661s][info][gc,task        ] GC(1093) Using 33 workers of 33 for evacuation
[213.665s][info][gc,phases      ] GC(1093)   Pre Evacuate Collection Set: 0.1ms
[213.665s][info][gc,phases      ] GC(1093)   Merge Heap Roots: 0.1ms
[213.665s][info][gc,phases      ] GC(1093)   Evacuate Collection Set: 0.5ms
[213.665s][info][gc,phases      ] GC(1093)   Post Evacuate Collection Set: 2.6ms
[213.665s][info][gc,phases      ] GC(1093)   Other: 0.1ms
[213.665s][info][gc,heap        ] GC(1093) Eden regions: 323->0(324)
[213.665s][info][gc,heap        ] GC(1093) Survivor regions: 2->1(41)
[213.665s][info][gc,heap        ] GC(1093) Old regions: 18->20
[213.665s][info][gc,heap        ] GC(1093) Archive regions: 0->0
[213.665s][info][gc,heap        ] GC(1093) Humongous regions: 0->0
[213.665s][info][gc,metaspace   ] GC(1093) Metaspace: 14282K(15168K)->14282K(15168K) NonClass: 12332K(12928K)->12332K(12928K) Class: 1950K(2240K)->1950K(2240K)
[213.665s][info][gc             ] GC(1093) Pause Young (Normal) (G1 Evacuation Pause) 330M->7M(542M) 3.706ms
[213.665s][info][gc,cpu         ] GC(1093) User=0.00s Sys=0.00s Real=0.00s
[213.858s][info][gc,start       ] GC(1094) Pause Young (Normal) (G1 Evacuation Pause)
[213.858s][info][gc,task        ] GC(1094) Using 33 workers of 33 for evacuation
[213.862s][info][gc,phases      ] GC(1094)   Pre Evacuate Collection Set: 0.2ms
[213.862s][info][gc,phases      ] GC(1094)   Merge Heap Roots: 0.2ms
[213.862s][info][gc,phases      ] GC(1094)   Evacuate Collection Set: 0.3ms
[213.862s][info][gc,phases      ] GC(1094)   Post Evacuate Collection Set: 2.7ms
[213.862s][info][gc,phases      ] GC(1094)   Other: 0.1ms
[213.862s][info][gc,heap        ] GC(1094) Eden regions: 324->0(324)
[213.862s][info][gc,heap        ] GC(1094) Survivor regions: 1->1(41)
[213.862s][info][gc,heap        ] GC(1094) Old regions: 20->20
[213.862s][info][gc,heap        ] GC(1094) Archive regions: 0->0
[213.862s][info][gc,heap        ] GC(1094) Humongous regions: 0->0
[213.862s][info][gc,metaspace   ] GC(1094) Metaspace: 14282K(15168K)->14282K(15168K) NonClass: 12332K(12928K)->12332K(12928K) Class: 1950K(2240K)->1950K(2240K)
[213.862s][info][gc             ] GC(1094) Pause Young (Normal) (G1 Evacuation Pause) 331M->7M(542M) 3.666ms
[213.862s][info][gc,cpu         ] GC(1094) User=0.52s Sys=0.00s Real=0.00s
[214.054s][info][gc,start       ] GC(1095) Pause Young (Normal) (G1 Evacuation Pause)
[214.054s][info][gc,task        ] GC(1095) Using 33 workers of 33 for evacuation
[214.058s][info][gc,phases      ] GC(1095)   Pre Evacuate Collection Set: 0.1ms
[214.058s][info][gc,phases      ] GC(1095)   Merge Heap Roots: 0.2ms
[214.058s][info][gc,phases      ] GC(1095)   Evacuate Collection Set: 0.3ms
[214.058s][info][gc,phases      ] GC(1095)   Post Evacuate Collection Set: 2.7ms
[214.058s][info][gc,phases      ] GC(1095)   Other: 0.1ms
[214.058s][info][gc,heap        ] GC(1095) Eden regions: 324->0(324)
[214.058s][info][gc,heap        ] GC(1095) Survivor regions: 1->1(41)
[214.058s][info][gc,heap        ] GC(1095) Old regions: 20->20
[214.058s][info][gc,heap        ] GC(1095) Archive regions: 0->0
[214.058s][info][gc,heap        ] GC(1095) Humongous regions: 0->0
[214.058s][info][gc,metaspace   ] GC(1095) Metaspace: 14282K(15168K)->14282K(15168K) NonClass: 12332K(12928K)->12332K(12928K) Class: 1950K(2240K)->1950K(2240K)
[214.058s][info][gc             ] GC(1095) Pause Young (Normal) (G1 Evacuation Pause) 331M->7M(542M) 3.647ms
[214.058s][info][gc,cpu         ] GC(1095) User=0.00s Sys=0.00s Real=0.00s
[214.251s][info][gc,start       ] GC(1096) Pause Young (Normal) (G1 Evacuation Pause)
[214.251s][info][gc,task        ] GC(1096) Using 33 workers of 33 for evacuation
[214.254s][info][gc,phases      ] GC(1096)   Pre Evacuate Collection Set: 0.2ms
[214.254s][info][gc,phases      ] GC(1096)   Merge Heap Roots: 0.2ms
[214.254s][info][gc,phases      ] GC(1096)   Evacuate Collection Set: 0.3ms
[214.254s][info][gc,phases      ] GC(1096)   Post Evacuate Collection Set: 2.8ms
[214.254s][info][gc,phases      ] GC(1096)   Other: 0.1ms
[214.254s][info][gc,heap        ] GC(1096) Eden regions: 324->0(324)
[214.254s][info][gc,heap        ] GC(1096) Survivor regions: 1->1(41)
[214.254s][info][gc,heap        ] GC(1096) Old regions: 20->20
[214.254s][info][gc,heap        ] GC(1096) Archive regions: 0->0
[214.254s][info][gc,heap        ] GC(1096) Humongous regions: 0->0
[214.254s][info][gc,metaspace   ] GC(1096) Metaspace: 14282K(15168K)->14282K(15168K) NonClass: 12332K(12928K)->12332K(12928K) Class: 1950K(2240K)->1950K(2240K)
[214.254s][info][gc             ] GC(1096) Pause Young (Normal) (G1 Evacuation Pause) 331M->7M(542M) 3.813ms
[214.254s][info][gc,cpu         ] GC(1096) User=0.00s Sys=0.00s Real=0.00s
[214.447s][info][gc,start       ] GC(1097) Pause Young (Normal) (G1 Evacuation Pause)
[214.447s][info][gc,task        ] GC(1097) Using 33 workers of 33 for evacuation
[214.450s][info][gc,phases      ] GC(1097)   Pre Evacuate Collection Set: 0.2ms
[214.450s][info][gc,phases      ] GC(1097)   Merge Heap Roots: 0.2ms
[214.450s][info][gc,phases      ] GC(1097)   Evacuate Collection Set: 0.3ms
[214.450s][info][gc,phases      ] GC(1097)   Post Evacuate Collection Set: 2.8ms
[214.450s][info][gc,phases      ] GC(1097)   Other: 0.1ms
[214.450s][info][gc,heap        ] GC(1097) Eden regions: 324->0(324)
[214.450s][info][gc,heap        ] GC(1097) Survivor regions: 1->1(41)
[214.450s][info][gc,heap        ] GC(1097) Old regions: 20->20
[214.450s][info][gc,heap        ] GC(1097) Archive regions: 0->0
[214.450s][info][gc,heap        ] GC(1097) Humongous regions: 0->0
[214.450s][info][gc,metaspace   ] GC(1097) Metaspace: 14282K(15168K)->14282K(15168K) NonClass: 12332K(12928K)->12332K(12928K) Class: 1950K(2240K)->1950K(2240K)
[214.451s][info][gc             ] GC(1097) Pause Young (Normal) (G1 Evacuation Pause) 331M->7M(542M) 3.760ms
[214.451s][info][gc,cpu         ] GC(1097) User=0.00s Sys=0.00s Real=0.00s
[214.643s][info][gc,start       ] GC(1098) Pause Young (Normal) (G1 Evacuation Pause)
[214.643s][info][gc,task        ] GC(1098) Using 33 workers of 33 for evacuation
[214.646s][info][gc,phases      ] GC(1098)   Pre Evacuate Collection Set: 0.2ms
[214.646s][info][gc,phases      ] GC(1098)   Merge Heap Roots: 0.2ms
[214.646s][info][gc,phases      ] GC(1098)   Evacuate Collection Set: 0.3ms
[214.646s][info][gc,phases      ] GC(1098)   Post Evacuate Collection Set: 2.8ms
[214.646s][info][gc,phases      ] GC(1098)   Other: 0.1ms
[214.646s][info][gc,heap        ] GC(1098) Eden regions: 324->0(324)
[214.646s][info][gc,heap        ] GC(1098) Survivor regions: 1->1(41)
[214.646s][info][gc,heap        ] GC(1098) Old regions: 20->20
[214.646s][info][gc,heap        ] GC(1098) Archive regions: 0->0
[214.646s][info][gc,heap        ] GC(1098) Humongous regions: 0->0
[214.646s][info][gc,metaspace   ] GC(1098) Metaspace: 14282K(15168K)->14282K(15168K) NonClass: 12332K(12928K)->12332K(12928K) Class: 1950K(2240K)->1950K(2240K)
[214.646s][info][gc             ] GC(1098) Pause Young (Normal) (G1 Evacuation Pause) 331M->7M(542M) 3.824ms
[214.646s][info][gc,cpu         ] GC(1098) User=0.00s Sys=0.00s Real=0.00s
[214.839s][info][gc,start       ] GC(1099) Pause Young (Normal) (G1 Evacuation Pause)
[214.839s][info][gc,task        ] GC(1099) Using 33 workers of 33 for evacuation
[214.843s][info][gc,phases      ] GC(1099)   Pre Evacuate Collection Set: 0.1ms
[214.843s][info][gc,phases      ] GC(1099)   Merge Heap Roots: 0.2ms
[214.843s][info][gc,phases      ] GC(1099)   Evacuate Collection Set: 0.3ms
[214.843s][info][gc,phases      ] GC(1099)   Post Evacuate Collection Set: 2.8ms
[214.843s][info][gc,phases      ] GC(1099)   Other: 0.1ms
[214.843s][info][gc,heap        ] GC(1099) Eden regions: 324->0(324)
[214.843s][info][gc,heap        ] GC(1099) Survivor regions: 1->1(41)
[214.843s][info][gc,heap        ] GC(1099) Old regions: 20->20
[214.843s][info][gc,heap        ] GC(1099) Archive regions: 0->0
[214.843s][info][gc,heap        ] GC(1099) Humongous regions: 0->0
[214.843s][info][gc,metaspace   ] GC(1099) Metaspace: 14282K(15168K)->14282K(15168K) NonClass: 12332K(12928K)->12332K(12928K) Class: 1950K(2240K)->1950K(2240K)
[214.843s][info][gc             ] GC(1099) Pause Young (Normal) (G1 Evacuation Pause) 331M->7M(542M) 3.837ms
[214.843s][info][gc,cpu         ] GC(1099) User=0.00s Sys=0.00s Real=0.00s
[215.035s][info][gc,start       ] GC(1100) Pause Young (Normal) (G1 Evacuation Pause)
[215.035s][info][gc,task        ] GC(1100) Using 33 workers of 33 for evacuation
[215.039s][info][gc,phases      ] GC(1100)   Pre Evacuate Collection Set: 0.2ms
[215.039s][info][gc,phases      ] GC(1100)   Merge Heap Roots: 0.2ms
[215.039s][info][gc,phases      ] GC(1100)   Evacuate Collection Set: 0.3ms
[215.039s][info][gc,phases      ] GC(1100)   Post Evacuate Collection Set: 2.9ms
[215.039s][info][gc,phases      ] GC(1100)   Other: 0.1ms
[215.039s][info][gc,heap        ] GC(1100) Eden regions: 324->0(324)
[215.039s][info][gc,heap        ] GC(1100) Survivor regions: 1->1(41)
[215.039s][info][gc,heap        ] GC(1100) Old regions: 20->20
[215.039s][info][gc,heap        ] GC(1100) Archive regions: 0->0
[215.039s][info][gc,heap        ] GC(1100) Humongous regions: 0->0
[215.039s][info][gc,metaspace   ] GC(1100) Metaspace: 14282K(15168K)->14282K(15168K) NonClass: 12332K(12928K)->12332K(12928K) Class: 1950K(2240K)->1950K(2240K)
[215.039s][info][gc             ] GC(1100) Pause Young (Normal) (G1 Evacuation Pause) 331M->7M(542M) 3.945ms
[215.039s][info][gc,cpu         ] GC(1100) User=0.00s Sys=0.00s Real=0.00s
[215.314s][info][gc,start       ] GC(1101) Pause Young (Normal) (G1 Evacuation Pause)
[215.314s][info][gc,task        ] GC(1101) Using 33 workers of 33 for evacuation
[215.319s][info][gc,phases      ] GC(1101)   Pre Evacuate Collection Set: 0.2ms
[215.319s][info][gc,phases      ] GC(1101)   Merge Heap Roots: 0.2ms
[215.319s][info][gc,phases      ] GC(1101)   Evacuate Collection Set: 0.5ms
[215.319s][info][gc,phases      ] GC(1101)   Post Evacuate Collection Set: 3.8ms
[215.319s][info][gc,phases      ] GC(1101)   Other: 0.2ms
[215.319s][info][gc,heap        ] GC(1101) Eden regions: 324->0(324)
[215.319s][info][gc,heap        ] GC(1101) Survivor regions: 1->1(41)
[215.320s][info][gc,heap        ] GC(1101) Old regions: 20->20
[215.320s][info][gc,heap        ] GC(1101) Archive regions: 0->0
[215.320s][info][gc,heap        ] GC(1101) Humongous regions: 0->0
[215.320s][info][gc,metaspace   ] GC(1101) Metaspace: 14282K(15168K)->14282K(15168K) NonClass: 12332K(12928K)->12332K(12928K) Class: 1950K(2240K)->1950K(2240K)
[215.320s][info][gc             ] GC(1101) Pause Young (Normal) (G1 Evacuation Pause) 331M->7M(542M) 5.500ms
[215.320s][info][gc,cpu         ] GC(1101) User=0.00s Sys=0.00s Real=0.00s
[215.518s][info][gc,start       ] GC(1102) Pause Young (Normal) (G1 Evacuation Pause)
[215.519s][info][gc,task        ] GC(1102) Using 33 workers of 33 for evacuation
[215.522s][info][gc,phases      ] GC(1102)   Pre Evacuate Collection Set: 0.2ms
[215.522s][info][gc,phases      ] GC(1102)   Merge Heap Roots: 0.2ms
[215.522s][info][gc,phases      ] GC(1102)   Evacuate Collection Set: 0.3ms
[215.522s][info][gc,phases      ] GC(1102)   Post Evacuate Collection Set: 2.7ms
[215.522s][info][gc,phases      ] GC(1102)   Other: 0.1ms
[215.522s][info][gc,heap        ] GC(1102) Eden regions: 324->0(324)
[215.522s][info][gc,heap        ] GC(1102) Survivor regions: 1->1(41)
[215.522s][info][gc,heap        ] GC(1102) Old regions: 20->20
[215.522s][info][gc,heap        ] GC(1102) Archive regions: 0->0
[215.522s][info][gc,heap        ] GC(1102) Humongous regions: 0->0
[215.522s][info][gc,metaspace   ] GC(1102) Metaspace: 14282K(15168K)->14282K(15168K) NonClass: 12332K(12928K)->12332K(12928K) Class: 1950K(2240K)->1950K(2240K)
[215.522s][info][gc             ] GC(1102) Pause Young (Normal) (G1 Evacuation Pause) 331M->7M(542M) 3.735ms
[215.522s][info][gc,cpu         ] GC(1102) User=0.00s Sys=0.00s Real=0.00s
[215.716s][info][gc,start       ] GC(1103) Pause Young (Normal) (G1 Evacuation Pause)
[215.716s][info][gc,task        ] GC(1103) Using 33 workers of 33 for evacuation
[215.719s][info][gc,phases      ] GC(1103)   Pre Evacuate Collection Set: 0.1ms
[215.719s][info][gc,phases      ] GC(1103)   Merge Heap Roots: 0.2ms
[215.719s][info][gc,phases      ] GC(1103)   Evacuate Collection Set: 0.3ms
[215.719s][info][gc,phases      ] GC(1103)   Post Evacuate Collection Set: 2.5ms
[215.719s][info][gc,phases      ] GC(1103)   Other: 0.1ms
[215.719s][info][gc,heap        ] GC(1103) Eden regions: 324->0(324)
[215.719s][info][gc,heap        ] GC(1103) Survivor regions: 1->1(41)
[215.719s][info][gc,heap        ] GC(1103) Old regions: 20->20
[215.719s][info][gc,heap        ] GC(1103) Archive regions: 0->0
[215.719s][info][gc,heap        ] GC(1103) Humongous regions: 0->0
[215.719s][info][gc,metaspace   ] GC(1103) Metaspace: 14282K(15168K)->14282K(15168K) NonClass: 12332K(12928K)->12332K(12928K) Class: 1950K(2240K)->1950K(2240K)
[215.719s][info][gc             ] GC(1103) Pause Young (Normal) (G1 Evacuation Pause) 331M->7M(542M) 3.433ms
[215.719s][info][gc,cpu         ] GC(1103) User=0.03s Sys=0.00s Real=0.00s
[215.914s][info][gc,start       ] GC(1104) Pause Young (Normal) (G1 Evacuation Pause)
[215.914s][info][gc,task        ] GC(1104) Using 33 workers of 33 for evacuation
[215.917s][info][gc,phases      ] GC(1104)   Pre Evacuate Collection Set: 0.2ms
[215.917s][info][gc,phases      ] GC(1104)   Merge Heap Roots: 0.2ms
[215.917s][info][gc,phases      ] GC(1104)   Evacuate Collection Set: 0.3ms
[215.917s][info][gc,phases      ] GC(1104)   Post Evacuate Collection Set: 2.5ms
[215.917s][info][gc,phases      ] GC(1104)   Other: 0.1ms
[215.917s][info][gc,heap        ] GC(1104) Eden regions: 324->0(324)
[215.917s][info][gc,heap        ] GC(1104) Survivor regions: 1->1(41)
[215.917s][info][gc,heap        ] GC(1104) Old regions: 20->20
[215.917s][info][gc,heap        ] GC(1104) Archive regions: 0->0
[215.917s][info][gc,heap        ] GC(1104) Humongous regions: 0->0
[215.917s][info][gc,metaspace   ] GC(1104) Metaspace: 14282K(15168K)->14282K(15168K) NonClass: 12332K(12928K)->12332K(12928K) Class: 1950K(2240K)->1950K(2240K)
[215.917s][info][gc             ] GC(1104) Pause Young (Normal) (G1 Evacuation Pause) 331M->7M(542M) 3.488ms
[215.917s][info][gc,cpu         ] GC(1104) User=0.00s Sys=0.00s Real=0.00s
[216.110s][info][gc,start       ] GC(1105) Pause Young (Normal) (G1 Evacuation Pause)
[216.110s][info][gc,task        ] GC(1105) Using 33 workers of 33 for evacuation
[216.113s][info][gc,phases      ] GC(1105)   Pre Evacuate Collection Set: 0.1ms
[216.113s][info][gc,phases      ] GC(1105)   Merge Heap Roots: 0.2ms
[216.113s][info][gc,phases      ] GC(1105)   Evacuate Collection Set: 0.3ms
[216.113s][info][gc,phases      ] GC(1105)   Post Evacuate Collection Set: 2.5ms
[216.113s][info][gc,phases      ] GC(1105)   Other: 0.1ms
[216.113s][info][gc,heap        ] GC(1105) Eden regions: 324->0(324)
[216.113s][info][gc,heap        ] GC(1105) Survivor regions: 1->1(41)
[216.113s][info][gc,heap        ] GC(1105) Old regions: 20->20
[216.113s][info][gc,heap        ] GC(1105) Archive regions: 0->0
[216.113s][info][gc,heap        ] GC(1105) Humongous regions: 0->0
[216.113s][info][gc,metaspace   ] GC(1105) Metaspace: 14282K(15168K)->14282K(15168K) NonClass: 12332K(12928K)->12332K(12928K) Class: 1950K(2240K)->1950K(2240K)
[216.113s][info][gc             ] GC(1105) Pause Young (Normal) (G1 Evacuation Pause) 331M->7M(542M) 3.442ms
[216.114s][info][gc,cpu         ] GC(1105) User=0.00s Sys=0.00s Real=0.00s
[216.308s][info][gc,start       ] GC(1106) Pause Young (Normal) (G1 Evacuation Pause)
[216.308s][info][gc,task        ] GC(1106) Using 33 workers of 33 for evacuation
[216.311s][info][gc,phases      ] GC(1106)   Pre Evacuate Collection Set: 0.1ms
[216.311s][info][gc,phases      ] GC(1106)   Merge Heap Roots: 0.2ms
[216.311s][info][gc,phases      ] GC(1106)   Evacuate Collection Set: 0.3ms
[216.311s][info][gc,phases      ] GC(1106)   Post Evacuate Collection Set: 2.4ms
[216.311s][info][gc,phases      ] GC(1106)   Other: 0.1ms
[216.311s][info][gc,heap        ] GC(1106) Eden regions: 324->0(324)
[216.311s][info][gc,heap        ] GC(1106) Survivor regions: 1->1(41)
[216.311s][info][gc,heap        ] GC(1106) Old regions: 20->20
[216.311s][info][gc,heap        ] GC(1106) Archive regions: 0->0
[216.311s][info][gc,heap        ] GC(1106) Humongous regions: 0->0
[216.311s][info][gc,metaspace   ] GC(1106) Metaspace: 14282K(15168K)->14282K(15168K) NonClass: 12332K(12928K)->12332K(12928K) Class: 1950K(2240K)->1950K(2240K)
[216.311s][info][gc             ] GC(1106) Pause Young (Normal) (G1 Evacuation Pause) 331M->7M(542M) 3.373ms
[216.311s][info][gc,cpu         ] GC(1106) User=0.00s Sys=0.00s Real=0.00s
[216.505s][info][gc,start       ] GC(1107) Pause Young (Normal) (G1 Evacuation Pause)
[216.505s][info][gc,task        ] GC(1107) Using 33 workers of 33 for evacuation
[216.509s][info][gc,phases      ] GC(1107)   Pre Evacuate Collection Set: 0.2ms
[216.509s][info][gc,phases      ] GC(1107)   Merge Heap Roots: 0.2ms
[216.509s][info][gc,phases      ] GC(1107)   Evacuate Collection Set: 0.3ms
[216.509s][info][gc,phases      ] GC(1107)   Post Evacuate Collection Set: 2.5ms
[216.509s][info][gc,phases      ] GC(1107)   Other: 0.1ms
[216.509s][info][gc,heap        ] GC(1107) Eden regions: 324->0(324)
[216.509s][info][gc,heap        ] GC(1107) Survivor regions: 1->1(41)
[216.509s][info][gc,heap        ] GC(1107) Old regions: 20->20
[216.509s][info][gc,heap        ] GC(1107) Archive regions: 0->0
[216.509s][info][gc,heap        ] GC(1107) Humongous regions: 0->0
[216.509s][info][gc,metaspace   ] GC(1107) Metaspace: 14282K(15168K)->14282K(15168K) NonClass: 12332K(12928K)->12332K(12928K) Class: 1950K(2240K)->1950K(2240K)
[216.509s][info][gc             ] GC(1107) Pause Young (Normal) (G1 Evacuation Pause) 331M->7M(542M) 3.490ms
[216.509s][info][gc,cpu         ] GC(1107) User=0.00s Sys=0.00s Real=0.00s
[216.704s][info][gc,start       ] GC(1108) Pause Young (Normal) (G1 Evacuation Pause)
[216.704s][info][gc,task        ] GC(1108) Using 33 workers of 33 for evacuation
[216.707s][info][gc,phases      ] GC(1108)   Pre Evacuate Collection Set: 0.2ms
[216.707s][info][gc,phases      ] GC(1108)   Merge Heap Roots: 0.2ms
[216.707s][info][gc,phases      ] GC(1108)   Evacuate Collection Set: 0.4ms
[216.707s][info][gc,phases      ] GC(1108)   Post Evacuate Collection Set: 2.5ms
[216.707s][info][gc,phases      ] GC(1108)   Other: 0.1ms
[216.707s][info][gc,heap        ] GC(1108) Eden regions: 324->0(324)
[216.707s][info][gc,heap        ] GC(1108) Survivor regions: 1->1(41)
[216.707s][info][gc,heap        ] GC(1108) Old regions: 20->20
[216.707s][info][gc,heap        ] GC(1108) Archive regions: 0->0
[216.707s][info][gc,heap        ] GC(1108) Humongous regions: 0->0
[216.707s][info][gc,metaspace   ] GC(1108) Metaspace: 14282K(15168K)->14282K(15168K) NonClass: 12332K(12928K)->12332K(12928K) Class: 1950K(2240K)->1950K(2240K)
[216.707s][info][gc             ] GC(1108) Pause Young (Normal) (G1 Evacuation Pause) 331M->7M(542M) 3.533ms
[216.707s][info][gc,cpu         ] GC(1108) User=0.02s Sys=0.00s Real=0.00s
[216.900s][info][gc,start       ] GC(1109) Pause Young (Normal) (G1 Evacuation Pause)
[216.900s][info][gc,task        ] GC(1109) Using 33 workers of 33 for evacuation
[216.903s][info][gc,phases      ] GC(1109)   Pre Evacuate Collection Set: 0.2ms
[216.903s][info][gc,phases      ] GC(1109)   Merge Heap Roots: 0.2ms
[216.903s][info][gc,phases      ] GC(1109)   Evacuate Collection Set: 0.3ms
[216.903s][info][gc,phases      ] GC(1109)   Post Evacuate Collection Set: 2.5ms
[216.903s][info][gc,phases      ] GC(1109)   Other: 0.1ms
[216.903s][info][gc,heap        ] GC(1109) Eden regions: 324->0(324)
[216.903s][info][gc,heap        ] GC(1109) Survivor regions: 1->1(41)
[216.904s][info][gc,heap        ] GC(1109) Old regions: 20->21
[216.904s][info][gc,heap        ] GC(1109) Archive regions: 0->0
[216.904s][info][gc,heap        ] GC(1109) Humongous regions: 0->0
[216.904s][info][gc,metaspace   ] GC(1109) Metaspace: 14282K(15168K)->14282K(15168K) NonClass: 12332K(12928K)->12332K(12928K) Class: 1950K(2240K)->1950K(2240K)
[216.904s][info][gc             ] GC(1109) Pause Young (Normal) (G1 Evacuation Pause) 331M->7M(542M) 3.547ms
[216.904s][info][gc,cpu         ] GC(1109) User=0.00s Sys=0.00s Real=0.00s
[217.098s][info][gc,start       ] GC(1110) Pause Young (Normal) (G1 Evacuation Pause)
[217.098s][info][gc,task        ] GC(1110) Using 33 workers of 33 for evacuation
[217.101s][info][gc,phases      ] GC(1110)   Pre Evacuate Collection Set: 0.2ms
[217.101s][info][gc,phases      ] GC(1110)   Merge Heap Roots: 0.2ms
[217.101s][info][gc,phases      ] GC(1110)   Evacuate Collection Set: 0.3ms
[217.101s][info][gc,phases      ] GC(1110)   Post Evacuate Collection Set: 2.6ms
[217.101s][info][gc,phases      ] GC(1110)   Other: 0.1ms
[217.101s][info][gc,heap        ] GC(1110) Eden regions: 324->0(324)
[217.101s][info][gc,heap        ] GC(1110) Survivor regions: 1->1(41)
[217.101s][info][gc,heap        ] GC(1110) Old regions: 21->21
[217.101s][info][gc,heap        ] GC(1110) Archive regions: 0->0
[217.101s][info][gc,heap        ] GC(1110) Humongous regions: 0->0
[217.101s][info][gc,metaspace   ] GC(1110) Metaspace: 14282K(15168K)->14282K(15168K) NonClass: 12332K(12928K)->12332K(12928K) Class: 1950K(2240K)->1950K(2240K)
[217.101s][info][gc             ] GC(1110) Pause Young (Normal) (G1 Evacuation Pause) 331M->7M(542M) 3.564ms
[217.101s][info][gc,cpu         ] GC(1110) User=0.00s Sys=0.00s Real=0.00s
[217.295s][info][gc,start       ] GC(1111) Pause Young (Normal) (G1 Evacuation Pause)
[217.295s][info][gc,task        ] GC(1111) Using 33 workers of 33 for evacuation
[217.299s][info][gc,phases      ] GC(1111)   Pre Evacuate Collection Set: 0.2ms
[217.299s][info][gc,phases      ] GC(1111)   Merge Heap Roots: 0.1ms
[217.299s][info][gc,phases      ] GC(1111)   Evacuate Collection Set: 0.4ms
[217.299s][info][gc,phases      ] GC(1111)   Post Evacuate Collection Set: 2.6ms
[217.299s][info][gc,phases      ] GC(1111)   Other: 0.1ms
[217.299s][info][gc,heap        ] GC(1111) Eden regions: 324->0(324)
[217.299s][info][gc,heap        ] GC(1111) Survivor regions: 1->1(41)
[217.299s][info][gc,heap        ] GC(1111) Old regions: 21->21
[217.299s][info][gc,heap        ] GC(1111) Archive regions: 0->0
[217.299s][info][gc,heap        ] GC(1111) Humongous regions: 0->0
[217.299s][info][gc,metaspace   ] GC(1111) Metaspace: 14282K(15168K)->14282K(15168K) NonClass: 12332K(12928K)->12332K(12928K) Class: 1950K(2240K)->1950K(2240K)
[217.299s][info][gc             ] GC(1111) Pause Young (Normal) (G1 Evacuation Pause) 331M->7M(542M) 3.619ms
[217.299s][info][gc,cpu         ] GC(1111) User=0.52s Sys=0.00s Real=0.00s
[217.493s][info][gc,start       ] GC(1112) Pause Young (Normal) (G1 Evacuation Pause)
[217.493s][info][gc,task        ] GC(1112) Using 33 workers of 33 for evacuation
[217.496s][info][gc,phases      ] GC(1112)   Pre Evacuate Collection Set: 0.2ms
[217.496s][info][gc,phases      ] GC(1112)   Merge Heap Roots: 0.2ms
[217.496s][info][gc,phases      ] GC(1112)   Evacuate Collection Set: 0.3ms
[217.496s][info][gc,phases      ] GC(1112)   Post Evacuate Collection Set: 2.7ms
[217.496s][info][gc,phases      ] GC(1112)   Other: 0.1ms
[217.496s][info][gc,heap        ] GC(1112) Eden regions: 324->0(324)
[217.496s][info][gc,heap        ] GC(1112) Survivor regions: 1->1(41)
[217.496s][info][gc,heap        ] GC(1112) Old regions: 21->21
[217.496s][info][gc,heap        ] GC(1112) Archive regions: 0->0
[217.496s][info][gc,heap        ] GC(1112) Humongous regions: 0->0
[217.496s][info][gc,metaspace   ] GC(1112) Metaspace: 14282K(15168K)->14282K(15168K) NonClass: 12332K(12928K)->12332K(12928K) Class: 1950K(2240K)->1950K(2240K)
[217.496s][info][gc             ] GC(1112) Pause Young (Normal) (G1 Evacuation Pause) 331M->7M(542M) 3.668ms
[217.496s][info][gc,cpu         ] GC(1112) User=0.00s Sys=0.00s Real=0.00s
[217.690s][info][gc,start       ] GC(1113) Pause Young (Normal) (G1 Evacuation Pause)
[217.690s][info][gc,task        ] GC(1113) Using 33 workers of 33 for evacuation
[217.694s][info][gc,phases      ] GC(1113)   Pre Evacuate Collection Set: 0.2ms
[217.694s][info][gc,phases      ] GC(1113)   Merge Heap Roots: 0.2ms
[217.694s][info][gc,phases      ] GC(1113)   Evacuate Collection Set: 0.3ms
[217.694s][info][gc,phases      ] GC(1113)   Post Evacuate Collection Set: 2.7ms
[217.694s][info][gc,phases      ] GC(1113)   Other: 0.1ms
[217.694s][info][gc,heap        ] GC(1113) Eden regions: 324->0(324)
[217.694s][info][gc,heap        ] GC(1113) Survivor regions: 1->1(41)
[217.694s][info][gc,heap        ] GC(1113) Old regions: 21->21
[217.694s][info][gc,heap        ] GC(1113) Archive regions: 0->0
[217.694s][info][gc,heap        ] GC(1113) Humongous regions: 0->0
[217.694s][info][gc,metaspace   ] GC(1113) Metaspace: 14282K(15168K)->14282K(15168K) NonClass: 12332K(12928K)->12332K(12928K) Class: 1950K(2240K)->1950K(2240K)
[217.694s][info][gc             ] GC(1113) Pause Young (Normal) (G1 Evacuation Pause) 331M->7M(542M) 3.689ms
[217.694s][info][gc,cpu         ] GC(1113) User=0.00s Sys=0.00s Real=0.00s
[217.888s][info][gc,start       ] GC(1114) Pause Young (Normal) (G1 Evacuation Pause)
[217.888s][info][gc,task        ] GC(1114) Using 33 workers of 33 for evacuation
[217.891s][info][gc,phases      ] GC(1114)   Pre Evacuate Collection Set: 0.1ms
[217.891s][info][gc,phases      ] GC(1114)   Merge Heap Roots: 0.2ms
[217.891s][info][gc,phases      ] GC(1114)   Evacuate Collection Set: 0.3ms
[217.891s][info][gc,phases      ] GC(1114)   Post Evacuate Collection Set: 2.7ms
[217.891s][info][gc,phases      ] GC(1114)   Other: 0.1ms
[217.891s][info][gc,heap        ] GC(1114) Eden regions: 324->0(324)
[217.891s][info][gc,heap        ] GC(1114) Survivor regions: 1->1(41)
[217.891s][info][gc,heap        ] GC(1114) Old regions: 21->21
[217.891s][info][gc,heap        ] GC(1114) Archive regions: 0->0
[217.892s][info][gc,heap        ] GC(1114) Humongous regions: 0->0
[217.892s][info][gc,metaspace   ] GC(1114) Metaspace: 14282K(15168K)->14282K(15168K) NonClass: 12332K(12928K)->12332K(12928K) Class: 1950K(2240K)->1950K(2240K)
[217.892s][info][gc             ] GC(1114) Pause Young (Normal) (G1 Evacuation Pause) 331M->7M(542M) 3.656ms
[217.892s][info][gc,cpu         ] GC(1114) User=0.00s Sys=0.00s Real=0.00s
[218.085s][info][gc,start       ] GC(1115) Pause Young (Normal) (G1 Evacuation Pause)
[218.086s][info][gc,task        ] GC(1115) Using 33 workers of 33 for evacuation
[218.089s][info][gc,phases      ] GC(1115)   Pre Evacuate Collection Set: 0.2ms
[218.089s][info][gc,phases      ] GC(1115)   Merge Heap Roots: 0.1ms
[218.089s][info][gc,phases      ] GC(1115)   Evacuate Collection Set: 0.3ms
[218.089s][info][gc,phases      ] GC(1115)   Post Evacuate Collection Set: 2.7ms
[218.089s][info][gc,phases      ] GC(1115)   Other: 0.1ms
[218.089s][info][gc,heap        ] GC(1115) Eden regions: 324->0(324)
[218.089s][info][gc,heap        ] GC(1115) Survivor regions: 1->1(41)
[218.089s][info][gc,heap        ] GC(1115) Old regions: 21->21
[218.089s][info][gc,heap        ] GC(1115) Archive regions: 0->0
[218.089s][info][gc,heap        ] GC(1115) Humongous regions: 0->0
[218.089s][info][gc,metaspace   ] GC(1115) Metaspace: 14282K(15168K)->14282K(15168K) NonClass: 12332K(12928K)->12332K(12928K) Class: 1950K(2240K)->1950K(2240K)
[218.089s][info][gc             ] GC(1115) Pause Young (Normal) (G1 Evacuation Pause) 331M->8M(542M) 3.705ms
[218.089s][info][gc,cpu         ] GC(1115) User=0.00s Sys=0.00s Real=0.00s
[218.284s][info][gc,start       ] GC(1116) Pause Young (Normal) (G1 Evacuation Pause)
[218.284s][info][gc,task        ] GC(1116) Using 33 workers of 33 for evacuation
[218.287s][info][gc,phases      ] GC(1116)   Pre Evacuate Collection Set: 0.2ms
[218.287s][info][gc,phases      ] GC(1116)   Merge Heap Roots: 0.2ms
[218.287s][info][gc,phases      ] GC(1116)   Evacuate Collection Set: 0.4ms
[218.287s][info][gc,phases      ] GC(1116)   Post Evacuate Collection Set: 2.8ms
[218.287s][info][gc,phases      ] GC(1116)   Other: 0.1ms
[218.287s][info][gc,heap        ] GC(1116) Eden regions: 324->0(324)
[218.287s][info][gc,heap        ] GC(1116) Survivor regions: 1->1(41)
[218.287s][info][gc,heap        ] GC(1116) Old regions: 21->21
[218.287s][info][gc,heap        ] GC(1116) Archive regions: 0->0
[218.287s][info][gc,heap        ] GC(1116) Humongous regions: 0->0
[218.288s][info][gc,metaspace   ] GC(1116) Metaspace: 14282K(15168K)->14282K(15168K) NonClass: 12332K(12928K)->12332K(12928K) Class: 1950K(2240K)->1950K(2240K)
[218.288s][info][gc             ] GC(1116) Pause Young (Normal) (G1 Evacuation Pause) 332M->8M(542M) 3.783ms
[218.288s][info][gc,cpu         ] GC(1116) User=0.00s Sys=0.00s Real=0.00s
[218.481s][info][gc,start       ] GC(1117) Pause Young (Normal) (G1 Evacuation Pause)
[218.481s][info][gc,task        ] GC(1117) Using 33 workers of 33 for evacuation
[218.484s][info][gc,phases      ] GC(1117)   Pre Evacuate Collection Set: 0.2ms
[218.484s][info][gc,phases      ] GC(1117)   Merge Heap Roots: 0.1ms
[218.484s][info][gc,phases      ] GC(1117)   Evacuate Collection Set: 0.3ms
[218.484s][info][gc,phases      ] GC(1117)   Post Evacuate Collection Set: 2.8ms
[218.484s][info][gc,phases      ] GC(1117)   Other: 0.1ms
[218.484s][info][gc,heap        ] GC(1117) Eden regions: 324->0(324)
[218.484s][info][gc,heap        ] GC(1117) Survivor regions: 1->1(41)
[218.484s][info][gc,heap        ] GC(1117) Old regions: 21->21
[218.484s][info][gc,heap        ] GC(1117) Archive regions: 0->0
[218.484s][info][gc,heap        ] GC(1117) Humongous regions: 0->0
[218.484s][info][gc,metaspace   ] GC(1117) Metaspace: 14282K(15168K)->14282K(15168K) NonClass: 12332K(12928K)->12332K(12928K) Class: 1950K(2240K)->1950K(2240K)
[218.484s][info][gc             ] GC(1117) Pause Young (Normal) (G1 Evacuation Pause) 332M->8M(542M) 3.786ms
[218.484s][info][gc,cpu         ] GC(1117) User=0.00s Sys=0.00s Real=0.00s
[218.679s][info][gc,start       ] GC(1118) Pause Young (Normal) (G1 Evacuation Pause)
[218.679s][info][gc,task        ] GC(1118) Using 33 workers of 33 for evacuation
[218.683s][info][gc,phases      ] GC(1118)   Pre Evacuate Collection Set: 0.2ms
[218.683s][info][gc,phases      ] GC(1118)   Merge Heap Roots: 0.2ms
[218.683s][info][gc,phases      ] GC(1118)   Evacuate Collection Set: 0.3ms
[218.683s][info][gc,phases      ] GC(1118)   Post Evacuate Collection Set: 2.9ms
[218.683s][info][gc,phases      ] GC(1118)   Other: 0.1ms
[218.683s][info][gc,heap        ] GC(1118) Eden regions: 324->0(324)
[218.683s][info][gc,heap        ] GC(1118) Survivor regions: 1->1(41)
[218.683s][info][gc,heap        ] GC(1118) Old regions: 21->21
[218.683s][info][gc,heap        ] GC(1118) Archive regions: 0->0
[218.683s][info][gc,heap        ] GC(1118) Humongous regions: 0->0
[218.683s][info][gc,metaspace   ] GC(1118) Metaspace: 14282K(15168K)->14282K(15168K) NonClass: 12332K(12928K)->12332K(12928K) Class: 1950K(2240K)->1950K(2240K)
[218.683s][info][gc             ] GC(1118) Pause Young (Normal) (G1 Evacuation Pause) 332M->8M(542M) 3.887ms
[218.683s][info][gc,cpu         ] GC(1118) User=0.00s Sys=0.00s Real=0.00s
[218.876s][info][gc,start       ] GC(1119) Pause Young (Normal) (G1 Evacuation Pause)
[218.876s][info][gc,task        ] GC(1119) Using 33 workers of 33 for evacuation
[218.880s][info][gc,phases      ] GC(1119)   Pre Evacuate Collection Set: 0.2ms
[218.880s][info][gc,phases      ] GC(1119)   Merge Heap Roots: 0.2ms
[218.880s][info][gc,phases      ] GC(1119)   Evacuate Collection Set: 0.4ms
[218.880s][info][gc,phases      ] GC(1119)   Post Evacuate Collection Set: 2.9ms
[218.880s][info][gc,phases      ] GC(1119)   Other: 0.1ms
[218.880s][info][gc,heap        ] GC(1119) Eden regions: 324->0(324)
[218.880s][info][gc,heap        ] GC(1119) Survivor regions: 1->1(41)
[218.880s][info][gc,heap        ] GC(1119) Old regions: 21->21
[218.880s][info][gc,heap        ] GC(1119) Archive regions: 0->0
[218.880s][info][gc,heap        ] GC(1119) Humongous regions: 0->0
[218.880s][info][gc,metaspace   ] GC(1119) Metaspace: 14282K(15168K)->14282K(15168K) NonClass: 12332K(12928K)->12332K(12928K) Class: 1950K(2240K)->1950K(2240K)
[218.880s][info][gc             ] GC(1119) Pause Young (Normal) (G1 Evacuation Pause) 332M->8M(542M) 3.904ms
[218.880s][info][gc,cpu         ] GC(1119) User=0.00s Sys=0.00s Real=0.00s
[219.230s][info][gc,start       ] GC(1120) Pause Young (Normal) (G1 Evacuation Pause)
[219.230s][info][gc,task        ] GC(1120) Using 33 workers of 33 for evacuation
[219.235s][info][gc,phases      ] GC(1120)   Pre Evacuate Collection Set: 0.2ms
[219.235s][info][gc,phases      ] GC(1120)   Merge Heap Roots: 0.2ms
[219.235s][info][gc,phases      ] GC(1120)   Evacuate Collection Set: 0.6ms
[219.235s][info][gc,phases      ] GC(1120)   Post Evacuate Collection Set: 3.7ms
[219.235s][info][gc,phases      ] GC(1120)   Other: 0.2ms
[219.235s][info][gc,heap        ] GC(1120) Eden regions: 324->0(324)
[219.235s][info][gc,heap        ] GC(1120) Survivor regions: 1->1(41)
[219.235s][info][gc,heap        ] GC(1120) Old regions: 21->21
[219.236s][info][gc,heap        ] GC(1120) Archive regions: 0->0
[219.236s][info][gc,heap        ] GC(1120) Humongous regions: 0->0
[219.236s][info][gc,metaspace   ] GC(1120) Metaspace: 14282K(15168K)->14282K(15168K) NonClass: 12332K(12928K)->12332K(12928K) Class: 1950K(2240K)->1950K(2240K)
[219.236s][info][gc             ] GC(1120) Pause Young (Normal) (G1 Evacuation Pause) 332M->8M(542M) 5.500ms
[219.236s][info][gc,cpu         ] GC(1120) User=0.00s Sys=0.00s Real=0.00s
[219.435s][info][gc,start       ] GC(1121) Pause Young (Normal) (G1 Evacuation Pause)
[219.436s][info][gc,task        ] GC(1121) Using 33 workers of 33 for evacuation
[219.439s][info][gc,phases      ] GC(1121)   Pre Evacuate Collection Set: 0.2ms
[219.439s][info][gc,phases      ] GC(1121)   Merge Heap Roots: 0.2ms
[219.439s][info][gc,phases      ] GC(1121)   Evacuate Collection Set: 0.3ms
[219.439s][info][gc,phases      ] GC(1121)   Post Evacuate Collection Set: 2.7ms
[219.439s][info][gc,phases      ] GC(1121)   Other: 0.1ms
[219.439s][info][gc,heap        ] GC(1121) Eden regions: 324->0(324)
[219.439s][info][gc,heap        ] GC(1121) Survivor regions: 1->1(41)
[219.439s][info][gc,heap        ] GC(1121) Old regions: 21->21
[219.439s][info][gc,heap        ] GC(1121) Archive regions: 0->0
[219.439s][info][gc,heap        ] GC(1121) Humongous regions: 0->0
[219.439s][info][gc,metaspace   ] GC(1121) Metaspace: 14282K(15168K)->14282K(15168K) NonClass: 12332K(12928K)->12332K(12928K) Class: 1950K(2240K)->1950K(2240K)
[219.439s][info][gc             ] GC(1121) Pause Young (Normal) (G1 Evacuation Pause) 332M->8M(542M) 3.725ms
[219.439s][info][gc,cpu         ] GC(1121) User=0.52s Sys=0.00s Real=0.00s
[219.633s][info][gc,start       ] GC(1122) Pause Young (Normal) (G1 Evacuation Pause)
[219.633s][info][gc,task        ] GC(1122) Using 33 workers of 33 for evacuation
[219.636s][info][gc,phases      ] GC(1122)   Pre Evacuate Collection Set: 0.1ms
[219.636s][info][gc,phases      ] GC(1122)   Merge Heap Roots: 0.1ms
[219.636s][info][gc,phases      ] GC(1122)   Evacuate Collection Set: 0.3ms
[219.636s][info][gc,phases      ] GC(1122)   Post Evacuate Collection Set: 2.5ms
[219.636s][info][gc,phases      ] GC(1122)   Other: 0.1ms
[219.636s][info][gc,heap        ] GC(1122) Eden regions: 324->0(324)
[219.636s][info][gc,heap        ] GC(1122) Survivor regions: 1->1(41)
[219.636s][info][gc,heap        ] GC(1122) Old regions: 21->21
[219.636s][info][gc,heap        ] GC(1122) Archive regions: 0->0
[219.636s][info][gc,heap        ] GC(1122) Humongous regions: 0->0
[219.636s][info][gc,metaspace   ] GC(1122) Metaspace: 14282K(15168K)->14282K(15168K) NonClass: 12332K(12928K)->12332K(12928K) Class: 1950K(2240K)->1950K(2240K)
[219.636s][info][gc             ] GC(1122) Pause Young (Normal) (G1 Evacuation Pause) 332M->8M(542M) 3.491ms
[219.636s][info][gc,cpu         ] GC(1122) User=0.00s Sys=0.00s Real=0.00s
[219.829s][info][gc,start       ] GC(1123) Pause Young (Normal) (G1 Evacuation Pause)
[219.830s][info][gc,task        ] GC(1123) Using 33 workers of 33 for evacuation
[219.833s][info][gc,phases      ] GC(1123)   Pre Evacuate Collection Set: 0.1ms
[219.833s][info][gc,phases      ] GC(1123)   Merge Heap Roots: 0.2ms
[219.833s][info][gc,phases      ] GC(1123)   Evacuate Collection Set: 0.4ms
[219.833s][info][gc,phases      ] GC(1123)   Post Evacuate Collection Set: 2.6ms
[219.833s][info][gc,phases      ] GC(1123)   Other: 0.1ms
[219.833s][info][gc,heap        ] GC(1123) Eden regions: 324->0(324)
[219.833s][info][gc,heap        ] GC(1123) Survivor regions: 1->1(41)
[219.833s][info][gc,heap        ] GC(1123) Old regions: 21->21
[219.833s][info][gc,heap        ] GC(1123) Archive regions: 0->0
[219.833s][info][gc,heap        ] GC(1123) Humongous regions: 0->0
[219.833s][info][gc,metaspace   ] GC(1123) Metaspace: 14282K(15168K)->14282K(15168K) NonClass: 12332K(12928K)->12332K(12928K) Class: 1950K(2240K)->1950K(2240K)
[219.833s][info][gc             ] GC(1123) Pause Young (Normal) (G1 Evacuation Pause) 332M->8M(542M) 3.593ms
[219.833s][info][gc,cpu         ] GC(1123) User=0.00s Sys=0.00s Real=0.00s
[220.031s][info][gc,start       ] GC(1124) Pause Young (Normal) (G1 Evacuation Pause)
[220.031s][info][gc,task        ] GC(1124) Using 33 workers of 33 for evacuation
[220.034s][info][gc,phases      ] GC(1124)   Pre Evacuate Collection Set: 0.2ms
[220.034s][info][gc,phases      ] GC(1124)   Merge Heap Roots: 0.2ms
[220.034s][info][gc,phases      ] GC(1124)   Evacuate Collection Set: 0.4ms
[220.034s][info][gc,phases      ] GC(1124)   Post Evacuate Collection Set: 2.5ms
[220.035s][info][gc,phases      ] GC(1124)   Other: 0.1ms
[220.035s][info][gc,heap        ] GC(1124) Eden regions: 324->0(324)
[220.035s][info][gc,heap        ] GC(1124) Survivor regions: 1->1(41)
[220.035s][info][gc,heap        ] GC(1124) Old regions: 21->21
[220.035s][info][gc,heap        ] GC(1124) Archive regions: 0->0
[220.035s][info][gc,heap        ] GC(1124) Humongous regions: 0->0
[220.035s][info][gc,metaspace   ] GC(1124) Metaspace: 14282K(15168K)->14282K(15168K) NonClass: 12332K(12928K)->12332K(12928K) Class: 1950K(2240K)->1950K(2240K)
[220.035s][info][gc             ] GC(1124) Pause Young (Normal) (G1 Evacuation Pause) 332M->8M(542M) 3.522ms
[220.035s][info][gc,cpu         ] GC(1124) User=0.02s Sys=0.00s Real=0.00s
[220.232s][info][gc,start       ] GC(1125) Pause Young (Normal) (G1 Evacuation Pause)
[220.232s][info][gc,task        ] GC(1125) Using 33 workers of 33 for evacuation
[220.235s][info][gc,phases      ] GC(1125)   Pre Evacuate Collection Set: 0.2ms
[220.235s][info][gc,phases      ] GC(1125)   Merge Heap Roots: 0.1ms
[220.235s][info][gc,phases      ] GC(1125)   Evacuate Collection Set: 0.4ms
[220.235s][info][gc,phases      ] GC(1125)   Post Evacuate Collection Set: 2.5ms
[220.235s][info][gc,phases      ] GC(1125)   Other: 0.1ms
[220.235s][info][gc,heap        ] GC(1125) Eden regions: 324->0(324)
[220.235s][info][gc,heap        ] GC(1125) Survivor regions: 1->1(41)
[220.235s][info][gc,heap        ] GC(1125) Old regions: 21->21
[220.235s][info][gc,heap        ] GC(1125) Archive regions: 0->0
[220.235s][info][gc,heap        ] GC(1125) Humongous regions: 0->0
[220.235s][info][gc,metaspace   ] GC(1125) Metaspace: 14282K(15168K)->14282K(15168K) NonClass: 12332K(12928K)->12332K(12928K) Class: 1950K(2240K)->1950K(2240K)
[220.235s][info][gc             ] GC(1125) Pause Young (Normal) (G1 Evacuation Pause) 332M->8M(542M) 3.480ms
[220.235s][info][gc,cpu         ] GC(1125) User=0.52s Sys=0.00s Real=0.00s
[220.428s][info][gc,start       ] GC(1126) Pause Young (Normal) (G1 Evacuation Pause)
[220.429s][info][gc,task        ] GC(1126) Using 33 workers of 33 for evacuation
[220.432s][info][gc,phases      ] GC(1126)   Pre Evacuate Collection Set: 0.1ms
[220.432s][info][gc,phases      ] GC(1126)   Merge Heap Roots: 0.2ms
[220.432s][info][gc,phases      ] GC(1126)   Evacuate Collection Set: 0.3ms
[220.432s][info][gc,phases      ] GC(1126)   Post Evacuate Collection Set: 2.5ms
[220.432s][info][gc,phases      ] GC(1126)   Other: 0.1ms
[220.432s][info][gc,heap        ] GC(1126) Eden regions: 324->0(324)
[220.432s][info][gc,heap        ] GC(1126) Survivor regions: 1->1(41)
[220.432s][info][gc,heap        ] GC(1126) Old regions: 21->21
[220.432s][info][gc,heap        ] GC(1126) Archive regions: 0->0
[220.432s][info][gc,heap        ] GC(1126) Humongous regions: 0->0
[220.432s][info][gc,metaspace   ] GC(1126) Metaspace: 14282K(15168K)->14282K(15168K) NonClass: 12332K(12928K)->12332K(12928K) Class: 1950K(2240K)->1950K(2240K)
[220.432s][info][gc             ] GC(1126) Pause Young (Normal) (G1 Evacuation Pause) 332M->8M(542M) 3.455ms
[220.432s][info][gc,cpu         ] GC(1126) User=0.00s Sys=0.00s Real=0.00s
[220.624s][info][gc,start       ] GC(1127) Pause Young (Normal) (G1 Evacuation Pause)
[220.625s][info][gc,task        ] GC(1127) Using 33 workers of 33 for evacuation
[220.628s][info][gc,phases      ] GC(1127)   Pre Evacuate Collection Set: 0.2ms
[220.628s][info][gc,phases      ] GC(1127)   Merge Heap Roots: 0.2ms
[220.628s][info][gc,phases      ] GC(1127)   Evacuate Collection Set: 0.4ms
[220.628s][info][gc,phases      ] GC(1127)   Post Evacuate Collection Set: 2.5ms
[220.628s][info][gc,phases      ] GC(1127)   Other: 0.1ms
[220.628s][info][gc,heap        ] GC(1127) Eden regions: 324->0(324)
[220.628s][info][gc,heap        ] GC(1127) Survivor regions: 1->1(41)
[220.628s][info][gc,heap        ] GC(1127) Old regions: 21->21
[220.628s][info][gc,heap        ] GC(1127) Archive regions: 0->0
[220.628s][info][gc,heap        ] GC(1127) Humongous regions: 0->0
[220.628s][info][gc,metaspace   ] GC(1127) Metaspace: 14282K(15168K)->14282K(15168K) NonClass: 12332K(12928K)->12332K(12928K) Class: 1950K(2240K)->1950K(2240K)
[220.628s][info][gc             ] GC(1127) Pause Young (Normal) (G1 Evacuation Pause) 332M->8M(542M) 3.549ms
[220.628s][info][gc,cpu         ] GC(1127) User=0.52s Sys=0.00s Real=0.00s
[220.821s][info][gc,start       ] GC(1128) Pause Young (Normal) (G1 Evacuation Pause)
[220.821s][info][gc,task        ] GC(1128) Using 33 workers of 33 for evacuation
[220.824s][info][gc,phases      ] GC(1128)   Pre Evacuate Collection Set: 0.2ms
[220.824s][info][gc,phases      ] GC(1128)   Merge Heap Roots: 0.2ms
[220.824s][info][gc,phases      ] GC(1128)   Evacuate Collection Set: 0.3ms
[220.824s][info][gc,phases      ] GC(1128)   Post Evacuate Collection Set: 2.6ms
[220.824s][info][gc,phases      ] GC(1128)   Other: 0.1ms
[220.824s][info][gc,heap        ] GC(1128) Eden regions: 324->0(324)
[220.824s][info][gc,heap        ] GC(1128) Survivor regions: 1->1(41)
[220.824s][info][gc,heap        ] GC(1128) Old regions: 21->21
[220.824s][info][gc,heap        ] GC(1128) Archive regions: 0->0
[220.824s][info][gc,heap        ] GC(1128) Humongous regions: 0->0
[220.824s][info][gc,metaspace   ] GC(1128) Metaspace: 14282K(15168K)->14282K(15168K) NonClass: 12332K(12928K)->12332K(12928K) Class: 1950K(2240K)->1950K(2240K)
[220.824s][info][gc             ] GC(1128) Pause Young (Normal) (G1 Evacuation Pause) 332M->8M(542M) 3.597ms
[220.824s][info][gc,cpu         ] GC(1128) User=0.00s Sys=0.00s Real=0.00s
[221.017s][info][gc,start       ] GC(1129) Pause Young (Normal) (G1 Evacuation Pause)
[221.017s][info][gc,task        ] GC(1129) Using 33 workers of 33 for evacuation
[221.020s][info][gc,phases      ] GC(1129)   Pre Evacuate Collection Set: 0.2ms
[221.020s][info][gc,phases      ] GC(1129)   Merge Heap Roots: 0.2ms
[221.020s][info][gc,phases      ] GC(1129)   Evacuate Collection Set: 0.3ms
[221.020s][info][gc,phases      ] GC(1129)   Post Evacuate Collection Set: 2.6ms
[221.021s][info][gc,phases      ] GC(1129)   Other: 0.1ms
[221.021s][info][gc,heap        ] GC(1129) Eden regions: 324->0(324)
[221.021s][info][gc,heap        ] GC(1129) Survivor regions: 1->1(41)
[221.021s][info][gc,heap        ] GC(1129) Old regions: 21->21
[221.021s][info][gc,heap        ] GC(1129) Archive regions: 0->0
[221.021s][info][gc,heap        ] GC(1129) Humongous regions: 0->0
[221.021s][info][gc,metaspace   ] GC(1129) Metaspace: 14282K(15168K)->14282K(15168K) NonClass: 12332K(12928K)->12332K(12928K) Class: 1950K(2240K)->1950K(2240K)
[221.021s][info][gc             ] GC(1129) Pause Young (Normal) (G1 Evacuation Pause) 332M->8M(542M) 3.560ms
[221.021s][info][gc,cpu         ] GC(1129) User=0.00s Sys=0.00s Real=0.00s
[221.213s][info][gc,start       ] GC(1130) Pause Young (Normal) (G1 Evacuation Pause)
[221.214s][info][gc,task        ] GC(1130) Using 33 workers of 33 for evacuation
[221.217s][info][gc,phases      ] GC(1130)   Pre Evacuate Collection Set: 0.2ms
[221.217s][info][gc,phases      ] GC(1130)   Merge Heap Roots: 0.2ms
[221.217s][info][gc,phases      ] GC(1130)   Evacuate Collection Set: 0.4ms
[221.217s][info][gc,phases      ] GC(1130)   Post Evacuate Collection Set: 2.6ms
[221.217s][info][gc,phases      ] GC(1130)   Other: 0.1ms
[221.217s][info][gc,heap        ] GC(1130) Eden regions: 324->0(324)
[221.217s][info][gc,heap        ] GC(1130) Survivor regions: 1->1(41)
[221.217s][info][gc,heap        ] GC(1130) Old regions: 21->21
[221.217s][info][gc,heap        ] GC(1130) Archive regions: 0->0
[221.217s][info][gc,heap        ] GC(1130) Humongous regions: 0->0
[221.217s][info][gc,metaspace   ] GC(1130) Metaspace: 14282K(15168K)->14282K(15168K) NonClass: 12332K(12928K)->12332K(12928K) Class: 1950K(2240K)->1950K(2240K)
[221.217s][info][gc             ] GC(1130) Pause Young (Normal) (G1 Evacuation Pause) 332M->8M(542M) 3.669ms
[221.217s][info][gc,cpu         ] GC(1130) User=0.00s Sys=0.00s Real=0.00s
[221.408s][info][gc,start       ] GC(1131) Pause Young (Normal) (G1 Evacuation Pause)
[221.408s][info][gc,task        ] GC(1131) Using 33 workers of 33 for evacuation
[221.411s][info][gc,phases      ] GC(1131)   Pre Evacuate Collection Set: 0.1ms
[221.411s][info][gc,phases      ] GC(1131)   Merge Heap Roots: 0.2ms
[221.411s][info][gc,phases      ] GC(1131)   Evacuate Collection Set: 0.4ms
[221.411s][info][gc,phases      ] GC(1131)   Post Evacuate Collection Set: 2.7ms
[221.411s][info][gc,phases      ] GC(1131)   Other: 0.1ms
[221.412s][info][gc,heap        ] GC(1131) Eden regions: 324->0(324)
[221.412s][info][gc,heap        ] GC(1131) Survivor regions: 1->1(41)
[221.412s][info][gc,heap        ] GC(1131) Old regions: 21->22
[221.412s][info][gc,heap        ] GC(1131) Archive regions: 0->0
[221.412s][info][gc,heap        ] GC(1131) Humongous regions: 0->0
[221.412s][info][gc,metaspace   ] GC(1131) Metaspace: 14282K(15168K)->14282K(15168K) NonClass: 12332K(12928K)->12332K(12928K) Class: 1950K(2240K)->1950K(2240K)
[221.412s][info][gc             ] GC(1131) Pause Young (Normal) (G1 Evacuation Pause) 332M->8M(542M) 3.691ms
[221.412s][info][gc,cpu         ] GC(1131) User=0.00s Sys=0.00s Real=0.00s
[221.603s][info][gc,start       ] GC(1132) Pause Young (Normal) (G1 Evacuation Pause)
[221.603s][info][gc,task        ] GC(1132) Using 33 workers of 33 for evacuation
[221.607s][info][gc,phases      ] GC(1132)   Pre Evacuate Collection Set: 0.2ms
[221.607s][info][gc,phases      ] GC(1132)   Merge Heap Roots: 0.2ms
[221.607s][info][gc,phases      ] GC(1132)   Evacuate Collection Set: 0.4ms
[221.607s][info][gc,phases      ] GC(1132)   Post Evacuate Collection Set: 2.7ms
[221.607s][info][gc,phases      ] GC(1132)   Other: 0.1ms
[221.607s][info][gc,heap        ] GC(1132) Eden regions: 324->0(324)
[221.607s][info][gc,heap        ] GC(1132) Survivor regions: 1->1(41)
[221.607s][info][gc,heap        ] GC(1132) Old regions: 22->22
[221.607s][info][gc,heap        ] GC(1132) Archive regions: 0->0
[221.607s][info][gc,heap        ] GC(1132) Humongous regions: 0->0
[221.607s][info][gc,metaspace   ] GC(1132) Metaspace: 14282K(15168K)->14282K(15168K) NonClass: 12332K(12928K)->12332K(12928K) Class: 1950K(2240K)->1950K(2240K)
[221.607s][info][gc             ] GC(1132) Pause Young (Normal) (G1 Evacuation Pause) 332M->8M(542M) 3.726ms
[221.607s][info][gc,cpu         ] GC(1132) User=0.00s Sys=0.00s Real=0.00s
[221.800s][info][gc,start       ] GC(1133) Pause Young (Normal) (G1 Evacuation Pause)
[221.800s][info][gc,task        ] GC(1133) Using 33 workers of 33 for evacuation
[221.803s][info][gc,phases      ] GC(1133)   Pre Evacuate Collection Set: 0.2ms
[221.803s][info][gc,phases      ] GC(1133)   Merge Heap Roots: 0.1ms
[221.803s][info][gc,phases      ] GC(1133)   Evacuate Collection Set: 0.4ms
[221.803s][info][gc,phases      ] GC(1133)   Post Evacuate Collection Set: 2.7ms
[221.803s][info][gc,phases      ] GC(1133)   Other: 0.1ms
[221.803s][info][gc,heap        ] GC(1133) Eden regions: 324->0(324)
[221.803s][info][gc,heap        ] GC(1133) Survivor regions: 1->1(41)
[221.803s][info][gc,heap        ] GC(1133) Old regions: 22->22
[221.803s][info][gc,heap        ] GC(1133) Archive regions: 0->0
[221.803s][info][gc,heap        ] GC(1133) Humongous regions: 0->0
[221.803s][info][gc,metaspace   ] GC(1133) Metaspace: 14282K(15168K)->14282K(15168K) NonClass: 12332K(12928K)->12332K(12928K) Class: 1950K(2240K)->1950K(2240K)
[221.804s][info][gc             ] GC(1133) Pause Young (Normal) (G1 Evacuation Pause) 332M->8M(542M) 3.722ms
[221.804s][info][gc,cpu         ] GC(1133) User=0.00s Sys=0.00s Real=0.00s
[221.996s][info][gc,start       ] GC(1134) Pause Young (Normal) (G1 Evacuation Pause)
[221.996s][info][gc,task        ] GC(1134) Using 33 workers of 33 for evacuation
[221.999s][info][gc,phases      ] GC(1134)   Pre Evacuate Collection Set: 0.2ms
[222.000s][info][gc,phases      ] GC(1134)   Merge Heap Roots: 0.1ms
[222.000s][info][gc,phases      ] GC(1134)   Evacuate Collection Set: 0.3ms
[222.000s][info][gc,phases      ] GC(1134)   Post Evacuate Collection Set: 2.8ms
[222.000s][info][gc,phases      ] GC(1134)   Other: 0.1ms
[222.000s][info][gc,heap        ] GC(1134) Eden regions: 324->0(324)
[222.000s][info][gc,heap        ] GC(1134) Survivor regions: 1->1(41)
[222.000s][info][gc,heap        ] GC(1134) Old regions: 22->22
[222.000s][info][gc,heap        ] GC(1134) Archive regions: 0->0
[222.000s][info][gc,heap        ] GC(1134) Humongous regions: 0->0
[222.000s][info][gc,metaspace   ] GC(1134) Metaspace: 14282K(15168K)->14282K(15168K) NonClass: 12332K(12928K)->12332K(12928K) Class: 1950K(2240K)->1950K(2240K)
[222.000s][info][gc             ] GC(1134) Pause Young (Normal) (G1 Evacuation Pause) 332M->8M(542M) 3.771ms
[222.000s][info][gc,cpu         ] GC(1134) User=0.00s Sys=0.00s Real=0.00s
[222.193s][info][gc,start       ] GC(1135) Pause Young (Normal) (G1 Evacuation Pause)
[222.193s][info][gc,task        ] GC(1135) Using 33 workers of 33 for evacuation
[222.197s][info][gc,phases      ] GC(1135)   Pre Evacuate Collection Set: 0.1ms
[222.197s][info][gc,phases      ] GC(1135)   Merge Heap Roots: 0.2ms
[222.197s][info][gc,phases      ] GC(1135)   Evacuate Collection Set: 0.4ms
[222.197s][info][gc,phases      ] GC(1135)   Post Evacuate Collection Set: 2.8ms
[222.197s][info][gc,phases      ] GC(1135)   Other: 0.1ms
[222.197s][info][gc,heap        ] GC(1135) Eden regions: 324->0(324)
[222.197s][info][gc,heap        ] GC(1135) Survivor regions: 1->1(41)
[222.197s][info][gc,heap        ] GC(1135) Old regions: 22->22
[222.197s][info][gc,heap        ] GC(1135) Archive regions: 0->0
[222.197s][info][gc,heap        ] GC(1135) Humongous regions: 0->0
[222.197s][info][gc,metaspace   ] GC(1135) Metaspace: 14282K(15168K)->14282K(15168K) NonClass: 12332K(12928K)->12332K(12928K) Class: 1950K(2240K)->1950K(2240K)
[222.197s][info][gc             ] GC(1135) Pause Young (Normal) (G1 Evacuation Pause) 332M->8M(542M) 3.768ms
[222.197s][info][gc,cpu         ] GC(1135) User=0.00s Sys=0.00s Real=0.00s
[222.389s][info][gc,start       ] GC(1136) Pause Young (Normal) (G1 Evacuation Pause)
[222.389s][info][gc,task        ] GC(1136) Using 33 workers of 33 for evacuation
[222.393s][info][gc,phases      ] GC(1136)   Pre Evacuate Collection Set: 0.2ms
[222.393s][info][gc,phases      ] GC(1136)   Merge Heap Roots: 0.2ms
[222.393s][info][gc,phases      ] GC(1136)   Evacuate Collection Set: 0.3ms
[222.393s][info][gc,phases      ] GC(1136)   Post Evacuate Collection Set: 2.8ms
[222.393s][info][gc,phases      ] GC(1136)   Other: 0.1ms
[222.393s][info][gc,heap        ] GC(1136) Eden regions: 324->0(324)
[222.393s][info][gc,heap        ] GC(1136) Survivor regions: 1->1(41)
[222.393s][info][gc,heap        ] GC(1136) Old regions: 22->22
[222.393s][info][gc,heap        ] GC(1136) Archive regions: 0->0
[222.393s][info][gc,heap        ] GC(1136) Humongous regions: 0->0
[222.393s][info][gc,metaspace   ] GC(1136) Metaspace: 14282K(15168K)->14282K(15168K) NonClass: 12332K(12928K)->12332K(12928K) Class: 1950K(2240K)->1950K(2240K)
[222.393s][info][gc             ] GC(1136) Pause Young (Normal) (G1 Evacuation Pause) 332M->9M(542M) 3.819ms
[222.393s][info][gc,cpu         ] GC(1136) User=0.00s Sys=0.00s Real=0.00s
[222.585s][info][gc,start       ] GC(1137) Pause Young (Normal) (G1 Evacuation Pause)
[222.585s][info][gc,task        ] GC(1137) Using 33 workers of 33 for evacuation
[222.589s][info][gc,phases      ] GC(1137)   Pre Evacuate Collection Set: 0.1ms
[222.589s][info][gc,phases      ] GC(1137)   Merge Heap Roots: 0.2ms
[222.589s][info][gc,phases      ] GC(1137)   Evacuate Collection Set: 0.3ms
[222.589s][info][gc,phases      ] GC(1137)   Post Evacuate Collection Set: 2.8ms
[222.589s][info][gc,phases      ] GC(1137)   Other: 0.1ms
[222.589s][info][gc,heap        ] GC(1137) Eden regions: 324->0(324)
[222.589s][info][gc,heap        ] GC(1137) Survivor regions: 1->1(41)
[222.589s][info][gc,heap        ] GC(1137) Old regions: 22->22
[222.589s][info][gc,heap        ] GC(1137) Archive regions: 0->0
[222.589s][info][gc,heap        ] GC(1137) Humongous regions: 0->0
[222.589s][info][gc,metaspace   ] GC(1137) Metaspace: 14282K(15168K)->14282K(15168K) NonClass: 12332K(12928K)->12332K(12928K) Class: 1950K(2240K)->1950K(2240K)
[222.589s][info][gc             ] GC(1137) Pause Young (Normal) (G1 Evacuation Pause) 333M->9M(542M) 3.837ms
[222.589s][info][gc,cpu         ] GC(1137) User=0.00s Sys=0.00s Real=0.00s
[222.781s][info][gc,start       ] GC(1138) Pause Young (Normal) (G1 Evacuation Pause)
[222.781s][info][gc,task        ] GC(1138) Using 33 workers of 33 for evacuation
[222.785s][info][gc,phases      ] GC(1138)   Pre Evacuate Collection Set: 0.2ms
[222.785s][info][gc,phases      ] GC(1138)   Merge Heap Roots: 0.2ms
[222.785s][info][gc,phases      ] GC(1138)   Evacuate Collection Set: 0.3ms
[222.785s][info][gc,phases      ] GC(1138)   Post Evacuate Collection Set: 2.9ms
[222.785s][info][gc,phases      ] GC(1138)   Other: 0.1ms
[222.785s][info][gc,heap        ] GC(1138) Eden regions: 324->0(324)
[222.785s][info][gc,heap        ] GC(1138) Survivor regions: 1->1(41)
[222.785s][info][gc,heap        ] GC(1138) Old regions: 22->22
[222.785s][info][gc,heap        ] GC(1138) Archive regions: 0->0
[222.785s][info][gc,heap        ] GC(1138) Humongous regions: 0->0
[222.785s][info][gc,metaspace   ] GC(1138) Metaspace: 14282K(15168K)->14282K(15168K) NonClass: 12332K(12928K)->12332K(12928K) Class: 1950K(2240K)->1950K(2240K)
[222.785s][info][gc             ] GC(1138) Pause Young (Normal) (G1 Evacuation Pause) 333M->9M(542M) 3.905ms
[222.785s][info][gc,cpu         ] GC(1138) User=0.52s Sys=0.00s Real=0.00s
[223.111s][info][gc,start       ] GC(1139) Pause Young (Normal) (G1 Evacuation Pause)
[223.111s][info][gc,task        ] GC(1139) Using 33 workers of 33 for evacuation
[223.116s][info][gc,phases      ] GC(1139)   Pre Evacuate Collection Set: 0.2ms
[223.116s][info][gc,phases      ] GC(1139)   Merge Heap Roots: 0.2ms
[223.116s][info][gc,phases      ] GC(1139)   Evacuate Collection Set: 0.6ms
[223.116s][info][gc,phases      ] GC(1139)   Post Evacuate Collection Set: 3.8ms
[223.116s][info][gc,phases      ] GC(1139)   Other: 0.2ms
[223.116s][info][gc,heap        ] GC(1139) Eden regions: 324->0(324)
[223.116s][info][gc,heap        ] GC(1139) Survivor regions: 1->1(41)
[223.116s][info][gc,heap        ] GC(1139) Old regions: 22->22
[223.116s][info][gc,heap        ] GC(1139) Archive regions: 0->0
[223.116s][info][gc,heap        ] GC(1139) Humongous regions: 0->0
[223.116s][info][gc,metaspace   ] GC(1139) Metaspace: 14282K(15168K)->14282K(15168K) NonClass: 12332K(12928K)->12332K(12928K) Class: 1950K(2240K)->1950K(2240K)
[223.116s][info][gc             ] GC(1139) Pause Young (Normal) (G1 Evacuation Pause) 333M->9M(542M) 5.526ms
[223.116s][info][gc,cpu         ] GC(1139) User=0.00s Sys=0.00s Real=0.00s
[223.315s][info][gc,start       ] GC(1140) Pause Young (Normal) (G1 Evacuation Pause)
[223.315s][info][gc,task        ] GC(1140) Using 33 workers of 33 for evacuation
[223.319s][info][gc,phases      ] GC(1140)   Pre Evacuate Collection Set: 0.2ms
[223.319s][info][gc,phases      ] GC(1140)   Merge Heap Roots: 0.2ms
[223.319s][info][gc,phases      ] GC(1140)   Evacuate Collection Set: 0.3ms
[223.319s][info][gc,phases      ] GC(1140)   Post Evacuate Collection Set: 2.7ms
[223.319s][info][gc,phases      ] GC(1140)   Other: 0.1ms
[223.319s][info][gc,heap        ] GC(1140) Eden regions: 324->0(324)
[223.319s][info][gc,heap        ] GC(1140) Survivor regions: 1->1(41)
[223.319s][info][gc,heap        ] GC(1140) Old regions: 22->22
[223.319s][info][gc,heap        ] GC(1140) Archive regions: 0->0
[223.319s][info][gc,heap        ] GC(1140) Humongous regions: 0->0
[223.319s][info][gc,metaspace   ] GC(1140) Metaspace: 14282K(15168K)->14282K(15168K) NonClass: 12332K(12928K)->12332K(12928K) Class: 1950K(2240K)->1950K(2240K)
[223.319s][info][gc             ] GC(1140) Pause Young (Normal) (G1 Evacuation Pause) 333M->9M(542M) 3.750ms
[223.319s][info][gc,cpu         ] GC(1140) User=0.00s Sys=0.00s Real=0.00s
[223.513s][info][gc,start       ] GC(1141) Pause Young (Normal) (G1 Evacuation Pause)
[223.513s][info][gc,task        ] GC(1141) Using 33 workers of 33 for evacuation
[223.516s][info][gc,phases      ] GC(1141)   Pre Evacuate Collection Set: 0.2ms
[223.516s][info][gc,phases      ] GC(1141)   Merge Heap Roots: 0.2ms
[223.516s][info][gc,phases      ] GC(1141)   Evacuate Collection Set: 0.4ms
[223.516s][info][gc,phases      ] GC(1141)   Post Evacuate Collection Set: 2.5ms
[223.516s][info][gc,phases      ] GC(1141)   Other: 0.1ms
[223.517s][info][gc,heap        ] GC(1141) Eden regions: 324->0(324)
[223.517s][info][gc,heap        ] GC(1141) Survivor regions: 1->1(41)
[223.517s][info][gc,heap        ] GC(1141) Old regions: 22->22
[223.517s][info][gc,heap        ] GC(1141) Archive regions: 0->0
[223.517s][info][gc,heap        ] GC(1141) Humongous regions: 0->0
[223.517s][info][gc,metaspace   ] GC(1141) Metaspace: 14282K(15168K)->14282K(15168K) NonClass: 12332K(12928K)->12332K(12928K) Class: 1950K(2240K)->1950K(2240K)
[223.517s][info][gc             ] GC(1141) Pause Young (Normal) (G1 Evacuation Pause) 333M->9M(542M) 3.607ms
[223.517s][info][gc,cpu         ] GC(1141) User=0.52s Sys=0.00s Real=0.00s
[223.710s][info][gc,start       ] GC(1142) Pause Young (Normal) (G1 Evacuation Pause)
[223.710s][info][gc,task        ] GC(1142) Using 33 workers of 33 for evacuation
[223.713s][info][gc,phases      ] GC(1142)   Pre Evacuate Collection Set: 0.2ms
[223.713s][info][gc,phases      ] GC(1142)   Merge Heap Roots: 0.1ms
[223.713s][info][gc,phases      ] GC(1142)   Evacuate Collection Set: 0.3ms
[223.713s][info][gc,phases      ] GC(1142)   Post Evacuate Collection Set: 2.5ms
[223.713s][info][gc,phases      ] GC(1142)   Other: 0.1ms
[223.713s][info][gc,heap        ] GC(1142) Eden regions: 324->0(324)
[223.713s][info][gc,heap        ] GC(1142) Survivor regions: 1->1(41)
[223.713s][info][gc,heap        ] GC(1142) Old regions: 22->22
[223.713s][info][gc,heap        ] GC(1142) Archive regions: 0->0
[223.713s][info][gc,heap        ] GC(1142) Humongous regions: 0->0
[223.713s][info][gc,metaspace   ] GC(1142) Metaspace: 14282K(15168K)->14282K(15168K) NonClass: 12332K(12928K)->12332K(12928K) Class: 1950K(2240K)->1950K(2240K)
[223.713s][info][gc             ] GC(1142) Pause Young (Normal) (G1 Evacuation Pause) 333M->9M(542M) 3.444ms
[223.713s][info][gc,cpu         ] GC(1142) User=0.00s Sys=0.00s Real=0.00s
[223.906s][info][gc,start       ] GC(1143) Pause Young (Normal) (G1 Evacuation Pause)
[223.906s][info][gc,task        ] GC(1143) Using 33 workers of 33 for evacuation
[223.909s][info][gc,phases      ] GC(1143)   Pre Evacuate Collection Set: 0.2ms
[223.909s][info][gc,phases      ] GC(1143)   Merge Heap Roots: 0.2ms
[223.909s][info][gc,phases      ] GC(1143)   Evacuate Collection Set: 0.3ms
[223.909s][info][gc,phases      ] GC(1143)   Post Evacuate Collection Set: 2.5ms
[223.909s][info][gc,phases      ] GC(1143)   Other: 0.1ms
[223.909s][info][gc,heap        ] GC(1143) Eden regions: 324->0(324)
[223.909s][info][gc,heap        ] GC(1143) Survivor regions: 1->1(41)
[223.909s][info][gc,heap        ] GC(1143) Old regions: 22->22
[223.909s][info][gc,heap        ] GC(1143) Archive regions: 0->0
[223.909s][info][gc,heap        ] GC(1143) Humongous regions: 0->0
[223.909s][info][gc,metaspace   ] GC(1143) Metaspace: 14282K(15168K)->14282K(15168K) NonClass: 12332K(12928K)->12332K(12928K) Class: 1950K(2240K)->1950K(2240K)
[223.909s][info][gc             ] GC(1143) Pause Young (Normal) (G1 Evacuation Pause) 333M->9M(542M) 3.498ms
[223.909s][info][gc,cpu         ] GC(1143) User=0.00s Sys=0.39s Real=0.00s
[224.102s][info][gc,start       ] GC(1144) Pause Young (Normal) (G1 Evacuation Pause)
[224.102s][info][gc,task        ] GC(1144) Using 33 workers of 33 for evacuation
[224.105s][info][gc,phases      ] GC(1144)   Pre Evacuate Collection Set: 0.2ms
[224.105s][info][gc,phases      ] GC(1144)   Merge Heap Roots: 0.2ms
[224.105s][info][gc,phases      ] GC(1144)   Evacuate Collection Set: 0.3ms
[224.105s][info][gc,phases      ] GC(1144)   Post Evacuate Collection Set: 2.4ms
[224.105s][info][gc,phases      ] GC(1144)   Other: 0.1ms
[224.105s][info][gc,heap        ] GC(1144) Eden regions: 324->0(324)
[224.105s][info][gc,heap        ] GC(1144) Survivor regions: 1->1(41)
[224.105s][info][gc,heap        ] GC(1144) Old regions: 22->22
[224.105s][info][gc,heap        ] GC(1144) Archive regions: 0->0
[224.105s][info][gc,heap        ] GC(1144) Humongous regions: 0->0
[224.105s][info][gc,metaspace   ] GC(1144) Metaspace: 14282K(15168K)->14282K(15168K) NonClass: 12332K(12928K)->12332K(12928K) Class: 1950K(2240K)->1950K(2240K)
[224.105s][info][gc             ] GC(1144) Pause Young (Normal) (G1 Evacuation Pause) 333M->9M(542M) 3.411ms
[224.105s][info][gc,cpu         ] GC(1144) User=0.00s Sys=0.00s Real=0.00s
[224.298s][info][gc,start       ] GC(1145) Pause Young (Normal) (G1 Evacuation Pause)
[224.298s][info][gc,task        ] GC(1145) Using 33 workers of 33 for evacuation
[224.301s][info][gc,phases      ] GC(1145)   Pre Evacuate Collection Set: 0.2ms
[224.301s][info][gc,phases      ] GC(1145)   Merge Heap Roots: 0.2ms
[224.301s][info][gc,phases      ] GC(1145)   Evacuate Collection Set: 0.3ms
[224.301s][info][gc,phases      ] GC(1145)   Post Evacuate Collection Set: 2.5ms
[224.301s][info][gc,phases      ] GC(1145)   Other: 0.1ms
[224.301s][info][gc,heap        ] GC(1145) Eden regions: 324->0(324)
[224.301s][info][gc,heap        ] GC(1145) Survivor regions: 1->1(41)
[224.301s][info][gc,heap        ] GC(1145) Old regions: 22->22
[224.301s][info][gc,heap        ] GC(1145) Archive regions: 0->0
[224.301s][info][gc,heap        ] GC(1145) Humongous regions: 0->0
[224.301s][info][gc,metaspace   ] GC(1145) Metaspace: 14282K(15168K)->14282K(15168K) NonClass: 12332K(12928K)->12332K(12928K) Class: 1950K(2240K)->1950K(2240K)
[224.301s][info][gc             ] GC(1145) Pause Young (Normal) (G1 Evacuation Pause) 333M->9M(542M) 3.472ms
[224.301s][info][gc,cpu         ] GC(1145) User=0.00s Sys=0.00s Real=0.00s
[224.495s][info][gc,start       ] GC(1146) Pause Young (Normal) (G1 Evacuation Pause)
[224.495s][info][gc,task        ] GC(1146) Using 33 workers of 33 for evacuation
[224.498s][info][gc,phases      ] GC(1146)   Pre Evacuate Collection Set: 0.2ms
[224.498s][info][gc,phases      ] GC(1146)   Merge Heap Roots: 0.2ms
[224.498s][info][gc,phases      ] GC(1146)   Evacuate Collection Set: 0.3ms
[224.498s][info][gc,phases      ] GC(1146)   Post Evacuate Collection Set: 2.5ms
[224.498s][info][gc,phases      ] GC(1146)   Other: 0.1ms
[224.498s][info][gc,heap        ] GC(1146) Eden regions: 324->0(324)
[224.498s][info][gc,heap        ] GC(1146) Survivor regions: 1->1(41)
[224.498s][info][gc,heap        ] GC(1146) Old regions: 22->22
[224.498s][info][gc,heap        ] GC(1146) Archive regions: 0->0
[224.499s][info][gc,heap        ] GC(1146) Humongous regions: 0->0
[224.499s][info][gc,metaspace   ] GC(1146) Metaspace: 14282K(15168K)->14282K(15168K) NonClass: 12332K(12928K)->12332K(12928K) Class: 1950K(2240K)->1950K(2240K)
[224.499s][info][gc             ] GC(1146) Pause Young (Normal) (G1 Evacuation Pause) 333M->9M(542M) 3.494ms
[224.499s][info][gc,cpu         ] GC(1146) User=0.00s Sys=0.00s Real=0.00s
[224.691s][info][gc,start       ] GC(1147) Pause Young (Normal) (G1 Evacuation Pause)
[224.691s][info][gc,task        ] GC(1147) Using 33 workers of 33 for evacuation
[224.695s][info][gc,phases      ] GC(1147)   Pre Evacuate Collection Set: 0.2ms
[224.695s][info][gc,phases      ] GC(1147)   Merge Heap Roots: 0.2ms
[224.695s][info][gc,phases      ] GC(1147)   Evacuate Collection Set: 0.3ms
[224.695s][info][gc,phases      ] GC(1147)   Post Evacuate Collection Set: 2.6ms
[224.695s][info][gc,phases      ] GC(1147)   Other: 0.1ms
[224.695s][info][gc,heap        ] GC(1147) Eden regions: 324->0(324)
[224.695s][info][gc,heap        ] GC(1147) Survivor regions: 1->1(41)
[224.695s][info][gc,heap        ] GC(1147) Old regions: 22->22
[224.695s][info][gc,heap        ] GC(1147) Archive regions: 0->0
[224.695s][info][gc,heap        ] GC(1147) Humongous regions: 0->0
[224.695s][info][gc,metaspace   ] GC(1147) Metaspace: 14282K(15168K)->14282K(15168K) NonClass: 12332K(12928K)->12332K(12928K) Class: 1950K(2240K)->1950K(2240K)
[224.695s][info][gc             ] GC(1147) Pause Young (Normal) (G1 Evacuation Pause) 333M->9M(542M) 3.572ms
[224.695s][info][gc,cpu         ] GC(1147) User=0.00s Sys=0.00s Real=0.00s
[224.888s][info][gc,start       ] GC(1148) Pause Young (Normal) (G1 Evacuation Pause)
[224.888s][info][gc,task        ] GC(1148) Using 33 workers of 33 for evacuation
[224.892s][info][gc,phases      ] GC(1148)   Pre Evacuate Collection Set: 0.2ms
[224.892s][info][gc,phases      ] GC(1148)   Merge Heap Roots: 0.2ms
[224.892s][info][gc,phases      ] GC(1148)   Evacuate Collection Set: 0.3ms
[224.892s][info][gc,phases      ] GC(1148)   Post Evacuate Collection Set: 2.6ms
[224.892s][info][gc,phases      ] GC(1148)   Other: 0.1ms
[224.892s][info][gc,heap        ] GC(1148) Eden regions: 324->0(324)
[224.892s][info][gc,heap        ] GC(1148) Survivor regions: 1->1(41)
[224.892s][info][gc,heap        ] GC(1148) Old regions: 22->22
[224.892s][info][gc,heap        ] GC(1148) Archive regions: 0->0
[224.892s][info][gc,heap        ] GC(1148) Humongous regions: 0->0
[224.892s][info][gc,metaspace   ] GC(1148) Metaspace: 14282K(15168K)->14282K(15168K) NonClass: 12332K(12928K)->12332K(12928K) Class: 1950K(2240K)->1950K(2240K)
[224.892s][info][gc             ] GC(1148) Pause Young (Normal) (G1 Evacuation Pause) 333M->9M(542M) 3.656ms
[224.892s][info][gc,cpu         ] GC(1148) User=0.52s Sys=0.00s Real=0.00s
[225.085s][info][gc,start       ] GC(1149) Pause Young (Normal) (G1 Evacuation Pause)
[225.085s][info][gc,task        ] GC(1149) Using 33 workers of 33 for evacuation
[225.089s][info][gc,phases      ] GC(1149)   Pre Evacuate Collection Set: 0.2ms
[225.089s][info][gc,phases      ] GC(1149)   Merge Heap Roots: 0.2ms
[225.089s][info][gc,phases      ] GC(1149)   Evacuate Collection Set: 0.3ms
[225.089s][info][gc,phases      ] GC(1149)   Post Evacuate Collection Set: 2.6ms
[225.089s][info][gc,phases      ] GC(1149)   Other: 0.1ms
[225.089s][info][gc,heap        ] GC(1149) Eden regions: 324->0(324)
[225.089s][info][gc,heap        ] GC(1149) Survivor regions: 1->1(41)
[225.089s][info][gc,heap        ] GC(1149) Old regions: 22->22
[225.089s][info][gc,heap        ] GC(1149) Archive regions: 0->0
[225.089s][info][gc,heap        ] GC(1149) Humongous regions: 0->0
[225.089s][info][gc,metaspace   ] GC(1149) Metaspace: 14282K(15168K)->14282K(15168K) NonClass: 12332K(12928K)->12332K(12928K) Class: 1950K(2240K)->1950K(2240K)
[225.089s][info][gc             ] GC(1149) Pause Young (Normal) (G1 Evacuation Pause) 333M->9M(542M) 3.659ms
[225.089s][info][gc,cpu         ] GC(1149) User=0.00s Sys=0.00s Real=0.00s
[225.282s][info][gc,start       ] GC(1150) Pause Young (Normal) (G1 Evacuation Pause)
[225.283s][info][gc,task        ] GC(1150) Using 33 workers of 33 for evacuation
[225.286s][info][gc,phases      ] GC(1150)   Pre Evacuate Collection Set: 0.1ms
[225.286s][info][gc,phases      ] GC(1150)   Merge Heap Roots: 0.2ms
[225.286s][info][gc,phases      ] GC(1150)   Evacuate Collection Set: 0.4ms
[225.286s][info][gc,phases      ] GC(1150)   Post Evacuate Collection Set: 2.7ms
[225.286s][info][gc,phases      ] GC(1150)   Other: 0.1ms
[225.286s][info][gc,heap        ] GC(1150) Eden regions: 324->0(324)
[225.286s][info][gc,heap        ] GC(1150) Survivor regions: 1->1(41)
[225.286s][info][gc,heap        ] GC(1150) Old regions: 22->22
[225.286s][info][gc,heap        ] GC(1150) Archive regions: 0->0
[225.286s][info][gc,heap        ] GC(1150) Humongous regions: 0->0
[225.286s][info][gc,metaspace   ] GC(1150) Metaspace: 14282K(15168K)->14282K(15168K) NonClass: 12332K(12928K)->12332K(12928K) Class: 1950K(2240K)->1950K(2240K)
[225.286s][info][gc             ] GC(1150) Pause Young (Normal) (G1 Evacuation Pause) 333M->9M(542M) 3.692ms
[225.286s][info][gc,cpu         ] GC(1150) User=0.00s Sys=0.00s Real=0.00s
[225.487s][info][gc,start       ] GC(1151) Pause Young (Normal) (G1 Evacuation Pause)
[225.487s][info][gc,task        ] GC(1151) Using 33 workers of 33 for evacuation
[225.491s][info][gc,phases      ] GC(1151)   Pre Evacuate Collection Set: 0.1ms
[225.491s][info][gc,phases      ] GC(1151)   Merge Heap Roots: 0.1ms
[225.491s][info][gc,phases      ] GC(1151)   Evacuate Collection Set: 0.3ms
[225.491s][info][gc,phases      ] GC(1151)   Post Evacuate Collection Set: 2.7ms
[225.491s][info][gc,phases      ] GC(1151)   Other: 0.1ms
[225.491s][info][gc,heap        ] GC(1151) Eden regions: 324->0(324)
[225.491s][info][gc,heap        ] GC(1151) Survivor regions: 1->1(41)
[225.491s][info][gc,heap        ] GC(1151) Old regions: 22->22
[225.491s][info][gc,heap        ] GC(1151) Archive regions: 0->0
[225.491s][info][gc,heap        ] GC(1151) Humongous regions: 0->0
[225.491s][info][gc,metaspace   ] GC(1151) Metaspace: 14282K(15168K)->14282K(15168K) NonClass: 12332K(12928K)->12332K(12928K) Class: 1950K(2240K)->1950K(2240K)
[225.491s][info][gc             ] GC(1151) Pause Young (Normal) (G1 Evacuation Pause) 333M->9M(542M) 3.689ms
[225.491s][info][gc,cpu         ] GC(1151) User=0.00s Sys=0.00s Real=0.00s
[225.714s][info][gc,start       ] GC(1152) Pause Young (Normal) (G1 Evacuation Pause)
[225.714s][info][gc,task        ] GC(1152) Using 33 workers of 33 for evacuation
[225.717s][info][gc,phases      ] GC(1152)   Pre Evacuate Collection Set: 0.1ms
[225.717s][info][gc,phases      ] GC(1152)   Merge Heap Roots: 0.2ms
[225.717s][info][gc,phases      ] GC(1152)   Evacuate Collection Set: 0.3ms
[225.717s][info][gc,phases      ] GC(1152)   Post Evacuate Collection Set: 2.7ms
[225.717s][info][gc,phases      ] GC(1152)   Other: 0.1ms
[225.717s][info][gc,heap        ] GC(1152) Eden regions: 324->0(324)
[225.717s][info][gc,heap        ] GC(1152) Survivor regions: 1->1(41)
[225.717s][info][gc,heap        ] GC(1152) Old regions: 22->22
[225.717s][info][gc,heap        ] GC(1152) Archive regions: 0->0
[225.717s][info][gc,heap        ] GC(1152) Humongous regions: 0->0
[225.717s][info][gc,metaspace   ] GC(1152) Metaspace: 14282K(15168K)->14282K(15168K) NonClass: 12332K(12928K)->12332K(12928K) Class: 1950K(2240K)->1950K(2240K)
[225.717s][info][gc             ] GC(1152) Pause Young (Normal) (G1 Evacuation Pause) 333M->9M(542M) 3.715ms
[225.717s][info][gc,cpu         ] GC(1152) User=0.00s Sys=0.00s Real=0.00s
[225.916s][info][gc,start       ] GC(1153) Pause Young (Normal) (G1 Evacuation Pause)
[225.916s][info][gc,task        ] GC(1153) Using 33 workers of 33 for evacuation
[225.920s][info][gc,phases      ] GC(1153)   Pre Evacuate Collection Set: 0.1ms
[225.920s][info][gc,phases      ] GC(1153)   Merge Heap Roots: 0.2ms
[225.920s][info][gc,phases      ] GC(1153)   Evacuate Collection Set: 0.4ms
[225.920s][info][gc,phases      ] GC(1153)   Post Evacuate Collection Set: 2.9ms
[225.920s][info][gc,phases      ] GC(1153)   Other: 0.1ms
[225.920s][info][gc,heap        ] GC(1153) Eden regions: 324->0(324)
[225.920s][info][gc,heap        ] GC(1153) Survivor regions: 1->1(41)
[225.920s][info][gc,heap        ] GC(1153) Old regions: 22->23
[225.920s][info][gc,heap        ] GC(1153) Archive regions: 0->0
[225.920s][info][gc,heap        ] GC(1153) Humongous regions: 0->0
[225.920s][info][gc,metaspace   ] GC(1153) Metaspace: 14282K(15168K)->14282K(15168K) NonClass: 12332K(12928K)->12332K(12928K) Class: 1950K(2240K)->1950K(2240K)
[225.920s][info][gc             ] GC(1153) Pause Young (Normal) (G1 Evacuation Pause) 333M->9M(542M) 3.947ms
[225.920s][info][gc,cpu         ] GC(1153) User=0.00s Sys=0.00s Real=0.00s
[226.151s][info][gc,start       ] GC(1154) Pause Full (System.gc())
[226.151s][info][gc,task        ] GC(1154) Using 23 workers of 33 for full compaction
[226.152s][info][gc,phases,start] GC(1154) Phase 1: Mark live objects
[226.160s][info][gc,phases      ] GC(1154) Phase 1: Mark live objects 7.239ms
[226.160s][info][gc,phases,start] GC(1154) Phase 2: Prepare compaction
[226.161s][info][gc,phases      ] GC(1154) Phase 2: Prepare compaction 0.960ms
[226.161s][info][gc,phases,start] GC(1154) Phase 3: Adjust pointers
[226.168s][info][gc,phases      ] GC(1154) Phase 3: Adjust pointers 6.827ms
[226.168s][info][gc,phases,start] GC(1154) Phase 4: Compact heap
[226.168s][info][gc,phases      ] GC(1154) Phase 4: Compact heap 0.686ms
[226.175s][info][gc,heap        ] GC(1154) Eden regions: 242->0(40)
[226.175s][info][gc,heap        ] GC(1154) Survivor regions: 1->0(41)
[226.175s][info][gc,heap        ] GC(1154) Old regions: 23->20
[226.175s][info][gc,heap        ] GC(1154) Archive regions: 0->0
[226.175s][info][gc,heap        ] GC(1154) Humongous regions: 0->0
[226.175s][info][gc,metaspace   ] GC(1154) Metaspace: 14282K(15168K)->14282K(15168K) NonClass: 12332K(12928K)->12332K(12928K) Class: 1950K(2240K)->1950K(2240K)
[226.175s][info][gc             ] GC(1154) Pause Full (System.gc()) 251M->5M(67M) 23.546ms
[226.175s][info][gc,cpu         ] GC(1154) User=0.02s Sys=0.00s Real=0.02s
[226.205s][info][gc,start       ] GC(1155) Pause Young (Normal) (G1 Evacuation Pause)
[226.205s][info][gc,task        ] GC(1155) Using 33 workers of 33 for evacuation
[226.208s][info][gc,phases      ] GC(1155)   Pre Evacuate Collection Set: 0.1ms
[226.208s][info][gc,phases      ] GC(1155)   Merge Heap Roots: 0.1ms
[226.208s][info][gc,phases      ] GC(1155)   Evacuate Collection Set: 0.5ms
[226.208s][info][gc,phases      ] GC(1155)   Post Evacuate Collection Set: 2.5ms
[226.208s][info][gc,phases      ] GC(1155)   Other: 0.1ms
[226.208s][info][gc,heap        ] GC(1155) Eden regions: 40->0(38)
[226.208s][info][gc,heap        ] GC(1155) Survivor regions: 0->2(5)
[226.208s][info][gc,heap        ] GC(1155) Old regions: 20->20
[226.208s][info][gc,heap        ] GC(1155) Archive regions: 0->0
[226.208s][info][gc,heap        ] GC(1155) Humongous regions: 0->0
[226.208s][info][gc,metaspace   ] GC(1155) Metaspace: 14282K(15168K)->14282K(15168K) NonClass: 12332K(12928K)->12332K(12928K) Class: 1950K(2240K)->1950K(2240K)
[226.208s][info][gc             ] GC(1155) Pause Young (Normal) (G1 Evacuation Pause) 45M->6M(67M) 3.483ms
[226.208s][info][gc,cpu         ] GC(1155) User=0.00s Sys=0.00s Real=0.00s
[226.229s][info][gc,start       ] GC(1156) Pause Young (Normal) (G1 Evacuation Pause)
[226.229s][info][gc,task        ] GC(1156) Using 33 workers of 33 for evacuation
[226.232s][info][gc,phases      ] GC(1156)   Pre Evacuate Collection Set: 0.1ms
[226.232s][info][gc,phases      ] GC(1156)   Merge Heap Roots: 0.1ms
[226.232s][info][gc,phases      ] GC(1156)   Evacuate Collection Set: 0.4ms
[226.232s][info][gc,phases      ] GC(1156)   Post Evacuate Collection Set: 2.4ms
[226.232s][info][gc,phases      ] GC(1156)   Other: 0.1ms
[226.232s][info][gc,heap        ] GC(1156) Eden regions: 38->0(38)
[226.232s][info][gc,heap        ] GC(1156) Survivor regions: 2->2(5)
[226.232s][info][gc,heap        ] GC(1156) Old regions: 20->20
[226.232s][info][gc,heap        ] GC(1156) Archive regions: 0->0
[226.232s][info][gc,heap        ] GC(1156) Humongous regions: 0->0
[226.232s][info][gc,metaspace   ] GC(1156) Metaspace: 14282K(15168K)->14282K(15168K) NonClass: 12332K(12928K)->12332K(12928K) Class: 1950K(2240K)->1950K(2240K)
[226.232s][info][gc             ] GC(1156) Pause Young (Normal) (G1 Evacuation Pause) 44M->6M(67M) 3.316ms
[226.232s][info][gc,cpu         ] GC(1156) User=0.00s Sys=0.00s Real=0.00s
[226.251s][info][gc,start       ] GC(1157) Pause Young (Normal) (G1 Evacuation Pause)
[226.251s][info][gc,task        ] GC(1157) Using 33 workers of 33 for evacuation
[226.254s][info][gc,phases      ] GC(1157)   Pre Evacuate Collection Set: 0.1ms
[226.254s][info][gc,phases      ] GC(1157)   Merge Heap Roots: 0.1ms
[226.254s][info][gc,phases      ] GC(1157)   Evacuate Collection Set: 0.4ms
[226.254s][info][gc,phases      ] GC(1157)   Post Evacuate Collection Set: 2.4ms
[226.254s][info][gc,phases      ] GC(1157)   Other: 0.1ms
[226.254s][info][gc,heap        ] GC(1157) Eden regions: 38->0(38)
[226.254s][info][gc,heap        ] GC(1157) Survivor regions: 2->2(5)
[226.254s][info][gc,heap        ] GC(1157) Old regions: 20->20
[226.254s][info][gc,heap        ] GC(1157) Archive regions: 0->0
[226.254s][info][gc,heap        ] GC(1157) Humongous regions: 0->0
[226.254s][info][gc,metaspace   ] GC(1157) Metaspace: 14282K(15168K)->14282K(15168K) NonClass: 12332K(12928K)->12332K(12928K) Class: 1950K(2240K)->1950K(2240K)
[226.254s][info][gc             ] GC(1157) Pause Young (Normal) (G1 Evacuation Pause) 44M->6M(67M) 3.191ms
[226.254s][info][gc,cpu         ] GC(1157) User=0.00s Sys=0.00s Real=0.00s
[226.274s][info][gc,start       ] GC(1158) Pause Young (Normal) (G1 Evacuation Pause)
[226.274s][info][gc,task        ] GC(1158) Using 33 workers of 33 for evacuation
[226.279s][info][gc,phases      ] GC(1158)   Pre Evacuate Collection Set: 0.1ms
[226.279s][info][gc,phases      ] GC(1158)   Merge Heap Roots: 0.1ms
[226.279s][info][gc,phases      ] GC(1158)   Evacuate Collection Set: 0.4ms
[226.279s][info][gc,phases      ] GC(1158)   Post Evacuate Collection Set: 4.4ms
[226.279s][info][gc,phases      ] GC(1158)   Other: 0.1ms
[226.279s][info][gc,heap        ] GC(1158) Eden regions: 38->0(325)
[226.279s][info][gc,heap        ] GC(1158) Survivor regions: 2->2(5)
[226.279s][info][gc,heap        ] GC(1158) Old regions: 20->20
[226.279s][info][gc,heap        ] GC(1158) Archive regions: 0->0
[226.279s][info][gc,heap        ] GC(1158) Humongous regions: 0->0
[226.279s][info][gc,metaspace   ] GC(1158) Metaspace: 14282K(15168K)->14282K(15168K) NonClass: 12332K(12928K)->12332K(12928K) Class: 1950K(2240K)->1950K(2240K)
[226.279s][info][gc             ] GC(1158) Pause Young (Normal) (G1 Evacuation Pause) 44M->6M(546M) 5.301ms
[226.279s][info][gc,cpu         ] GC(1158) User=0.00s Sys=0.00s Real=0.01s
[226.446s][info][gc,start       ] GC(1159) Pause Young (Normal) (G1 Evacuation Pause)
[226.446s][info][gc,task        ] GC(1159) Using 33 workers of 33 for evacuation
[226.450s][info][gc,phases      ] GC(1159)   Pre Evacuate Collection Set: 0.1ms
[226.450s][info][gc,phases      ] GC(1159)   Merge Heap Roots: 0.1ms
[226.450s][info][gc,phases      ] GC(1159)   Evacuate Collection Set: 0.4ms
[226.450s][info][gc,phases      ] GC(1159)   Post Evacuate Collection Set: 2.8ms
[226.450s][info][gc,phases      ] GC(1159)   Other: 0.1ms
[226.450s][info][gc,heap        ] GC(1159) Eden regions: 325->0(325)
[226.450s][info][gc,heap        ] GC(1159) Survivor regions: 2->2(41)
[226.450s][info][gc,heap        ] GC(1159) Old regions: 20->20
[226.450s][info][gc,heap        ] GC(1159) Archive regions: 0->0
[226.450s][info][gc,heap        ] GC(1159) Humongous regions: 0->0
[226.450s][info][gc,metaspace   ] GC(1159) Metaspace: 14282K(15168K)->14282K(15168K) NonClass: 12332K(12928K)->12332K(12928K) Class: 1950K(2240K)->1950K(2240K)
[226.450s][info][gc             ] GC(1159) Pause Young (Normal) (G1 Evacuation Pause) 331M->6M(546M) 3.825ms
[226.450s][info][gc,cpu         ] GC(1159) User=0.00s Sys=0.00s Real=0.00s
[226.619s][info][gc,start       ] GC(1160) Pause Young (Normal) (G1 Evacuation Pause)
[226.620s][info][gc,task        ] GC(1160) Using 33 workers of 33 for evacuation
[226.623s][info][gc,phases      ] GC(1160)   Pre Evacuate Collection Set: 0.1ms
[226.623s][info][gc,phases      ] GC(1160)   Merge Heap Roots: 0.1ms
[226.623s][info][gc,phases      ] GC(1160)   Evacuate Collection Set: 0.5ms
[226.623s][info][gc,phases      ] GC(1160)   Post Evacuate Collection Set: 2.8ms
[226.623s][info][gc,phases      ] GC(1160)   Other: 0.1ms
[226.623s][info][gc,heap        ] GC(1160) Eden regions: 325->0(325)
[226.623s][info][gc,heap        ] GC(1160) Survivor regions: 2->2(41)
[226.623s][info][gc,heap        ] GC(1160) Old regions: 20->20
[226.623s][info][gc,heap        ] GC(1160) Archive regions: 0->0
[226.623s][info][gc,heap        ] GC(1160) Humongous regions: 0->0
[226.623s][info][gc,metaspace   ] GC(1160) Metaspace: 14282K(15168K)->14282K(15168K) NonClass: 12332K(12928K)->12332K(12928K) Class: 1950K(2240K)->1950K(2240K)
[226.623s][info][gc             ] GC(1160) Pause Young (Normal) (G1 Evacuation Pause) 331M->6M(546M) 3.885ms
[226.623s][info][gc,cpu         ] GC(1160) User=0.00s Sys=0.00s Real=0.00s
[226.794s][info][gc,start       ] GC(1161) Pause Young (Normal) (G1 Evacuation Pause)
[226.794s][info][gc,task        ] GC(1161) Using 33 workers of 33 for evacuation
[226.798s][info][gc,phases      ] GC(1161)   Pre Evacuate Collection Set: 0.1ms
[226.798s][info][gc,phases      ] GC(1161)   Merge Heap Roots: 0.1ms
[226.798s][info][gc,phases      ] GC(1161)   Evacuate Collection Set: 0.5ms
[226.798s][info][gc,phases      ] GC(1161)   Post Evacuate Collection Set: 2.8ms
[226.798s][info][gc,phases      ] GC(1161)   Other: 0.1ms
[226.798s][info][gc,heap        ] GC(1161) Eden regions: 325->0(325)
[226.798s][info][gc,heap        ] GC(1161) Survivor regions: 2->2(41)
[226.798s][info][gc,heap        ] GC(1161) Old regions: 20->20
[226.798s][info][gc,heap        ] GC(1161) Archive regions: 0->0
[226.798s][info][gc,heap        ] GC(1161) Humongous regions: 0->0
[226.798s][info][gc,metaspace   ] GC(1161) Metaspace: 14282K(15168K)->14282K(15168K) NonClass: 12332K(12928K)->12332K(12928K) Class: 1950K(2240K)->1950K(2240K)
[226.798s][info][gc             ] GC(1161) Pause Young (Normal) (G1 Evacuation Pause) 331M->6M(546M) 3.897ms
[226.798s][info][gc,cpu         ] GC(1161) User=0.52s Sys=0.00s Real=0.00s
[226.969s][info][gc,start       ] GC(1162) Pause Young (Normal) (G1 Evacuation Pause)
[226.969s][info][gc,task        ] GC(1162) Using 33 workers of 33 for evacuation
[226.973s][info][gc,phases      ] GC(1162)   Pre Evacuate Collection Set: 0.1ms
[226.973s][info][gc,phases      ] GC(1162)   Merge Heap Roots: 0.1ms
[226.973s][info][gc,phases      ] GC(1162)   Evacuate Collection Set: 0.5ms
[226.973s][info][gc,phases      ] GC(1162)   Post Evacuate Collection Set: 2.9ms
[226.973s][info][gc,phases      ] GC(1162)   Other: 0.1ms
[226.973s][info][gc,heap        ] GC(1162) Eden regions: 325->0(325)
[226.973s][info][gc,heap        ] GC(1162) Survivor regions: 2->2(41)
[226.973s][info][gc,heap        ] GC(1162) Old regions: 20->20
[226.973s][info][gc,heap        ] GC(1162) Archive regions: 0->0
[226.973s][info][gc,heap        ] GC(1162) Humongous regions: 0->0
[226.973s][info][gc,metaspace   ] GC(1162) Metaspace: 14282K(15168K)->14282K(15168K) NonClass: 12332K(12928K)->12332K(12928K) Class: 1950K(2240K)->1950K(2240K)
[226.973s][info][gc             ] GC(1162) Pause Young (Normal) (G1 Evacuation Pause) 331M->6M(546M) 3.959ms
[226.973s][info][gc,cpu         ] GC(1162) User=0.00s Sys=0.00s Real=0.00s
[227.147s][info][gc,start       ] GC(1163) Pause Young (Normal) (G1 Evacuation Pause)
[227.148s][info][gc,task        ] GC(1163) Using 33 workers of 33 for evacuation
[227.151s][info][gc,phases      ] GC(1163)   Pre Evacuate Collection Set: 0.1ms
[227.151s][info][gc,phases      ] GC(1163)   Merge Heap Roots: 0.1ms
[227.151s][info][gc,phases      ] GC(1163)   Evacuate Collection Set: 0.5ms
[227.151s][info][gc,phases      ] GC(1163)   Post Evacuate Collection Set: 2.7ms
[227.151s][info][gc,phases      ] GC(1163)   Other: 0.1ms
[227.151s][info][gc,heap        ] GC(1163) Eden regions: 325->0(325)
[227.151s][info][gc,heap        ] GC(1163) Survivor regions: 2->2(41)
[227.151s][info][gc,heap        ] GC(1163) Old regions: 20->20
[227.151s][info][gc,heap        ] GC(1163) Archive regions: 0->0
[227.151s][info][gc,heap        ] GC(1163) Humongous regions: 0->0
[227.151s][info][gc,metaspace   ] GC(1163) Metaspace: 14282K(15168K)->14282K(15168K) NonClass: 12332K(12928K)->12332K(12928K) Class: 1950K(2240K)->1950K(2240K)
[227.151s][info][gc             ] GC(1163) Pause Young (Normal) (G1 Evacuation Pause) 331M->6M(546M) 3.807ms
[227.151s][info][gc,cpu         ] GC(1163) User=0.00s Sys=0.00s Real=0.00s
[227.326s][info][gc,start       ] GC(1164) Pause Young (Normal) (G1 Evacuation Pause)
[227.326s][info][gc,task        ] GC(1164) Using 33 workers of 33 for evacuation
[227.330s][info][gc,phases      ] GC(1164)   Pre Evacuate Collection Set: 0.1ms
[227.330s][info][gc,phases      ] GC(1164)   Merge Heap Roots: 0.1ms
[227.330s][info][gc,phases      ] GC(1164)   Evacuate Collection Set: 0.5ms
[227.330s][info][gc,phases      ] GC(1164)   Post Evacuate Collection Set: 2.6ms
[227.330s][info][gc,phases      ] GC(1164)   Other: 0.1ms
[227.330s][info][gc,heap        ] GC(1164) Eden regions: 325->0(325)
[227.330s][info][gc,heap        ] GC(1164) Survivor regions: 2->2(41)
[227.330s][info][gc,heap        ] GC(1164) Old regions: 20->20
[227.330s][info][gc,heap        ] GC(1164) Archive regions: 0->0
[227.330s][info][gc,heap        ] GC(1164) Humongous regions: 0->0
[227.330s][info][gc,metaspace   ] GC(1164) Metaspace: 14282K(15168K)->14282K(15168K) NonClass: 12332K(12928K)->12332K(12928K) Class: 1950K(2240K)->1950K(2240K)
[227.330s][info][gc             ] GC(1164) Pause Young (Normal) (G1 Evacuation Pause) 331M->6M(546M) 3.696ms
[227.330s][info][gc,cpu         ] GC(1164) User=0.00s Sys=0.00s Real=0.00s
[227.504s][info][gc,start       ] GC(1165) Pause Young (Normal) (G1 Evacuation Pause)
[227.504s][info][gc,task        ] GC(1165) Using 33 workers of 33 for evacuation
[227.508s][info][gc,phases      ] GC(1165)   Pre Evacuate Collection Set: 0.1ms
[227.508s][info][gc,phases      ] GC(1165)   Merge Heap Roots: 0.1ms
[227.508s][info][gc,phases      ] GC(1165)   Evacuate Collection Set: 0.5ms
[227.508s][info][gc,phases      ] GC(1165)   Post Evacuate Collection Set: 2.4ms
[227.508s][info][gc,phases      ] GC(1165)   Other: 0.1ms
[227.508s][info][gc,heap        ] GC(1165) Eden regions: 325->0(325)
[227.508s][info][gc,heap        ] GC(1165) Survivor regions: 2->2(41)
[227.508s][info][gc,heap        ] GC(1165) Old regions: 20->20
[227.508s][info][gc,heap        ] GC(1165) Archive regions: 0->0
[227.508s][info][gc,heap        ] GC(1165) Humongous regions: 0->0
[227.508s][info][gc,metaspace   ] GC(1165) Metaspace: 14282K(15168K)->14282K(15168K) NonClass: 12332K(12928K)->12332K(12928K) Class: 1950K(2240K)->1950K(2240K)
[227.508s][info][gc             ] GC(1165) Pause Young (Normal) (G1 Evacuation Pause) 331M->6M(546M) 3.518ms
[227.508s][info][gc,cpu         ] GC(1165) User=0.00s Sys=0.00s Real=0.00s
[227.679s][info][gc,start       ] GC(1166) Pause Young (Normal) (G1 Evacuation Pause)
[227.679s][info][gc,task        ] GC(1166) Using 33 workers of 33 for evacuation
[227.683s][info][gc,phases      ] GC(1166)   Pre Evacuate Collection Set: 0.1ms
[227.683s][info][gc,phases      ] GC(1166)   Merge Heap Roots: 0.1ms
[227.683s][info][gc,phases      ] GC(1166)   Evacuate Collection Set: 0.5ms
[227.683s][info][gc,phases      ] GC(1166)   Post Evacuate Collection Set: 2.4ms
[227.683s][info][gc,phases      ] GC(1166)   Other: 0.1ms
[227.683s][info][gc,heap        ] GC(1166) Eden regions: 325->0(325)
[227.683s][info][gc,heap        ] GC(1166) Survivor regions: 2->2(41)
[227.683s][info][gc,heap        ] GC(1166) Old regions: 20->20
[227.683s][info][gc,heap        ] GC(1166) Archive regions: 0->0
[227.683s][info][gc,heap        ] GC(1166) Humongous regions: 0->0
[227.683s][info][gc,metaspace   ] GC(1166) Metaspace: 14282K(15168K)->14282K(15168K) NonClass: 12332K(12928K)->12332K(12928K) Class: 1950K(2240K)->1950K(2240K)
[227.683s][info][gc             ] GC(1166) Pause Young (Normal) (G1 Evacuation Pause) 331M->6M(546M) 3.487ms
[227.683s][info][gc,cpu         ] GC(1166) User=0.00s Sys=0.00s Real=0.00s
[227.854s][info][gc,start       ] GC(1167) Pause Young (Normal) (G1 Evacuation Pause)
[227.854s][info][gc,task        ] GC(1167) Using 33 workers of 33 for evacuation
[227.858s][info][gc,phases      ] GC(1167)   Pre Evacuate Collection Set: 0.1ms
[227.858s][info][gc,phases      ] GC(1167)   Merge Heap Roots: 0.1ms
[227.858s][info][gc,phases      ] GC(1167)   Evacuate Collection Set: 0.5ms
[227.858s][info][gc,phases      ] GC(1167)   Post Evacuate Collection Set: 2.4ms
[227.858s][info][gc,phases      ] GC(1167)   Other: 0.1ms
[227.858s][info][gc,heap        ] GC(1167) Eden regions: 325->0(325)
[227.858s][info][gc,heap        ] GC(1167) Survivor regions: 2->2(41)
[227.858s][info][gc,heap        ] GC(1167) Old regions: 20->20
[227.858s][info][gc,heap        ] GC(1167) Archive regions: 0->0
[227.858s][info][gc,heap        ] GC(1167) Humongous regions: 0->0
[227.858s][info][gc,metaspace   ] GC(1167) Metaspace: 14282K(15168K)->14282K(15168K) NonClass: 12332K(12928K)->12332K(12928K) Class: 1950K(2240K)->1950K(2240K)
[227.858s][info][gc             ] GC(1167) Pause Young (Normal) (G1 Evacuation Pause) 331M->6M(546M) 3.535ms
[227.858s][info][gc,cpu         ] GC(1167) User=0.00s Sys=0.00s Real=0.00s
[228.028s][info][gc,start       ] GC(1168) Pause Young (Normal) (G1 Evacuation Pause)
[228.028s][info][gc,task        ] GC(1168) Using 33 workers of 33 for evacuation
[228.031s][info][gc,phases      ] GC(1168)   Pre Evacuate Collection Set: 0.1ms
[228.031s][info][gc,phases      ] GC(1168)   Merge Heap Roots: 0.1ms
[228.031s][info][gc,phases      ] GC(1168)   Evacuate Collection Set: 0.5ms
[228.031s][info][gc,phases      ] GC(1168)   Post Evacuate Collection Set: 2.5ms
[228.031s][info][gc,phases      ] GC(1168)   Other: 0.1ms
[228.031s][info][gc,heap        ] GC(1168) Eden regions: 325->0(325)
[228.031s][info][gc,heap        ] GC(1168) Survivor regions: 2->2(41)
[228.031s][info][gc,heap        ] GC(1168) Old regions: 20->20
[228.031s][info][gc,heap        ] GC(1168) Archive regions: 0->0
[228.031s][info][gc,heap        ] GC(1168) Humongous regions: 0->0
[228.031s][info][gc,metaspace   ] GC(1168) Metaspace: 14282K(15168K)->14282K(15168K) NonClass: 12332K(12928K)->12332K(12928K) Class: 1950K(2240K)->1950K(2240K)
[228.032s][info][gc             ] GC(1168) Pause Young (Normal) (G1 Evacuation Pause) 331M->6M(546M) 3.589ms
[228.032s][info][gc,cpu         ] GC(1168) User=0.00s Sys=0.00s Real=0.00s
[228.204s][info][gc,start       ] GC(1169) Pause Young (Normal) (G1 Evacuation Pause)
[228.204s][info][gc,task        ] GC(1169) Using 33 workers of 33 for evacuation
[228.208s][info][gc,phases      ] GC(1169)   Pre Evacuate Collection Set: 0.1ms
[228.208s][info][gc,phases      ] GC(1169)   Merge Heap Roots: 0.1ms
[228.208s][info][gc,phases      ] GC(1169)   Evacuate Collection Set: 0.5ms
[228.208s][info][gc,phases      ] GC(1169)   Post Evacuate Collection Set: 2.5ms
[228.208s][info][gc,phases      ] GC(1169)   Other: 0.1ms
[228.208s][info][gc,heap        ] GC(1169) Eden regions: 325->0(325)
[228.208s][info][gc,heap        ] GC(1169) Survivor regions: 2->2(41)
[228.208s][info][gc,heap        ] GC(1169) Old regions: 20->20
[228.208s][info][gc,heap        ] GC(1169) Archive regions: 0->0
[228.208s][info][gc,heap        ] GC(1169) Humongous regions: 0->0
[228.208s][info][gc,metaspace   ] GC(1169) Metaspace: 14282K(15168K)->14282K(15168K) NonClass: 12332K(12928K)->12332K(12928K) Class: 1950K(2240K)->1950K(2240K)
[228.208s][info][gc             ] GC(1169) Pause Young (Normal) (G1 Evacuation Pause) 331M->7M(546M) 3.568ms
[228.208s][info][gc,cpu         ] GC(1169) User=0.00s Sys=0.00s Real=0.00s
[228.377s][info][gc,start       ] GC(1170) Pause Young (Normal) (G1 Evacuation Pause)
[228.377s][info][gc,task        ] GC(1170) Using 33 workers of 33 for evacuation
[228.381s][info][gc,phases      ] GC(1170)   Pre Evacuate Collection Set: 0.1ms
[228.381s][info][gc,phases      ] GC(1170)   Merge Heap Roots: 0.1ms
[228.381s][info][gc,phases      ] GC(1170)   Evacuate Collection Set: 0.5ms
[228.381s][info][gc,phases      ] GC(1170)   Post Evacuate Collection Set: 2.5ms
[228.381s][info][gc,phases      ] GC(1170)   Other: 0.1ms
[228.381s][info][gc,heap        ] GC(1170) Eden regions: 325->0(326)
[228.381s][info][gc,heap        ] GC(1170) Survivor regions: 2->1(41)
[228.381s][info][gc,heap        ] GC(1170) Old regions: 20->22
[228.381s][info][gc,heap        ] GC(1170) Archive regions: 0->0
[228.381s][info][gc,heap        ] GC(1170) Humongous regions: 0->0
[228.381s][info][gc,metaspace   ] GC(1170) Metaspace: 14282K(15168K)->14282K(15168K) NonClass: 12332K(12928K)->12332K(12928K) Class: 1950K(2240K)->1950K(2240K)
[228.381s][info][gc             ] GC(1170) Pause Young (Normal) (G1 Evacuation Pause) 332M->7M(546M) 3.617ms
[228.381s][info][gc,cpu         ] GC(1170) User=0.00s Sys=0.00s Real=0.00s
[228.576s][info][gc,start       ] GC(1171) Pause Young (Normal) (G1 Evacuation Pause)
[228.576s][info][gc,task        ] GC(1171) Using 33 workers of 33 for evacuation
[228.580s][info][gc,phases      ] GC(1171)   Pre Evacuate Collection Set: 0.1ms
[228.580s][info][gc,phases      ] GC(1171)   Merge Heap Roots: 0.2ms
[228.580s][info][gc,phases      ] GC(1171)   Evacuate Collection Set: 0.3ms
[228.580s][info][gc,phases      ] GC(1171)   Post Evacuate Collection Set: 2.6ms
[228.580s][info][gc,phases      ] GC(1171)   Other: 0.1ms
[228.580s][info][gc,heap        ] GC(1171) Eden regions: 326->0(326)
[228.580s][info][gc,heap        ] GC(1171) Survivor regions: 1->1(41)
[228.580s][info][gc,heap        ] GC(1171) Old regions: 22->22
[228.580s][info][gc,heap        ] GC(1171) Archive regions: 0->0
[228.580s][info][gc,heap        ] GC(1171) Humongous regions: 0->0
[228.580s][info][gc,metaspace   ] GC(1171) Metaspace: 14282K(15168K)->14282K(15168K) NonClass: 12332K(12928K)->12332K(12928K) Class: 1950K(2240K)->1950K(2240K)
[228.580s][info][gc             ] GC(1171) Pause Young (Normal) (G1 Evacuation Pause) 333M->7M(546M) 3.573ms
[228.580s][info][gc,cpu         ] GC(1171) User=0.52s Sys=0.00s Real=0.00s
[228.775s][info][gc,start       ] GC(1172) Pause Young (Normal) (G1 Evacuation Pause)
[228.775s][info][gc,task        ] GC(1172) Using 33 workers of 33 for evacuation
[228.778s][info][gc,phases      ] GC(1172)   Pre Evacuate Collection Set: 0.2ms
[228.778s][info][gc,phases      ] GC(1172)   Merge Heap Roots: 0.2ms
[228.779s][info][gc,phases      ] GC(1172)   Evacuate Collection Set: 0.3ms
[228.779s][info][gc,phases      ] GC(1172)   Post Evacuate Collection Set: 2.6ms
[228.779s][info][gc,phases      ] GC(1172)   Other: 0.1ms
[228.779s][info][gc,heap        ] GC(1172) Eden regions: 326->0(326)
[228.779s][info][gc,heap        ] GC(1172) Survivor regions: 1->1(41)
[228.779s][info][gc,heap        ] GC(1172) Old regions: 22->22
[228.779s][info][gc,heap        ] GC(1172) Archive regions: 0->0
[228.779s][info][gc,heap        ] GC(1172) Humongous regions: 0->0
[228.779s][info][gc,metaspace   ] GC(1172) Metaspace: 14282K(15168K)->14282K(15168K) NonClass: 12332K(12928K)->12332K(12928K) Class: 1950K(2240K)->1950K(2240K)
[228.779s][info][gc             ] GC(1172) Pause Young (Normal) (G1 Evacuation Pause) 333M->7M(546M) 3.609ms
[228.779s][info][gc,cpu         ] GC(1172) User=0.00s Sys=0.00s Real=0.00s
[228.974s][info][gc,start       ] GC(1173) Pause Young (Normal) (G1 Evacuation Pause)
[228.974s][info][gc,task        ] GC(1173) Using 33 workers of 33 for evacuation
[228.977s][info][gc,phases      ] GC(1173)   Pre Evacuate Collection Set: 0.1ms
[228.977s][info][gc,phases      ] GC(1173)   Merge Heap Roots: 0.2ms
[228.977s][info][gc,phases      ] GC(1173)   Evacuate Collection Set: 0.3ms
[228.977s][info][gc,phases      ] GC(1173)   Post Evacuate Collection Set: 2.7ms
[228.977s][info][gc,phases      ] GC(1173)   Other: 0.1ms
[228.977s][info][gc,heap        ] GC(1173) Eden regions: 326->0(326)
[228.977s][info][gc,heap        ] GC(1173) Survivor regions: 1->1(41)
[228.977s][info][gc,heap        ] GC(1173) Old regions: 22->22
[228.977s][info][gc,heap        ] GC(1173) Archive regions: 0->0
[228.978s][info][gc,heap        ] GC(1173) Humongous regions: 0->0
[228.978s][info][gc,metaspace   ] GC(1173) Metaspace: 14282K(15168K)->14282K(15168K) NonClass: 12332K(12928K)->12332K(12928K) Class: 1950K(2240K)->1950K(2240K)
[228.978s][info][gc             ] GC(1173) Pause Young (Normal) (G1 Evacuation Pause) 333M->7M(546M) 3.679ms
[228.978s][info][gc,cpu         ] GC(1173) User=0.00s Sys=0.00s Real=0.00s
[229.171s][info][gc,start       ] GC(1174) Pause Young (Normal) (G1 Evacuation Pause)
[229.171s][info][gc,task        ] GC(1174) Using 33 workers of 33 for evacuation
[229.175s][info][gc,phases      ] GC(1174)   Pre Evacuate Collection Set: 0.1ms
[229.175s][info][gc,phases      ] GC(1174)   Merge Heap Roots: 0.2ms
[229.175s][info][gc,phases      ] GC(1174)   Evacuate Collection Set: 0.3ms
[229.175s][info][gc,phases      ] GC(1174)   Post Evacuate Collection Set: 2.7ms
[229.175s][info][gc,phases      ] GC(1174)   Other: 0.1ms
[229.175s][info][gc,heap        ] GC(1174) Eden regions: 326->0(326)
[229.175s][info][gc,heap        ] GC(1174) Survivor regions: 1->1(41)
[229.175s][info][gc,heap        ] GC(1174) Old regions: 22->22
[229.175s][info][gc,heap        ] GC(1174) Archive regions: 0->0
[229.175s][info][gc,heap        ] GC(1174) Humongous regions: 0->0
[229.175s][info][gc,metaspace   ] GC(1174) Metaspace: 14282K(15168K)->14282K(15168K) NonClass: 12332K(12928K)->12332K(12928K) Class: 1950K(2240K)->1950K(2240K)
[229.175s][info][gc             ] GC(1174) Pause Young (Normal) (G1 Evacuation Pause) 333M->7M(546M) 3.666ms
[229.175s][info][gc,cpu         ] GC(1174) User=0.52s Sys=0.00s Real=0.00s
[229.370s][info][gc,start       ] GC(1175) Pause Young (Normal) (G1 Evacuation Pause)
[229.370s][info][gc,task        ] GC(1175) Using 33 workers of 33 for evacuation
[229.374s][info][gc,phases      ] GC(1175)   Pre Evacuate Collection Set: 0.2ms
[229.374s][info][gc,phases      ] GC(1175)   Merge Heap Roots: 0.2ms
[229.374s][info][gc,phases      ] GC(1175)   Evacuate Collection Set: 0.3ms
[229.374s][info][gc,phases      ] GC(1175)   Post Evacuate Collection Set: 2.7ms
[229.374s][info][gc,phases      ] GC(1175)   Other: 0.1ms
[229.374s][info][gc,heap        ] GC(1175) Eden regions: 326->0(326)
[229.374s][info][gc,heap        ] GC(1175) Survivor regions: 1->1(41)
[229.374s][info][gc,heap        ] GC(1175) Old regions: 22->22
[229.374s][info][gc,heap        ] GC(1175) Archive regions: 0->0
[229.374s][info][gc,heap        ] GC(1175) Humongous regions: 0->0
[229.374s][info][gc,metaspace   ] GC(1175) Metaspace: 14282K(15168K)->14282K(15168K) NonClass: 12332K(12928K)->12332K(12928K) Class: 1950K(2240K)->1950K(2240K)
[229.374s][info][gc             ] GC(1175) Pause Young (Normal) (G1 Evacuation Pause) 333M->7M(546M) 3.721ms
[229.374s][info][gc,cpu         ] GC(1175) User=0.00s Sys=0.00s Real=0.00s
[229.570s][info][gc,start       ] GC(1176) Pause Young (Normal) (G1 Evacuation Pause)
[229.570s][info][gc,task        ] GC(1176) Using 33 workers of 33 for evacuation
[229.574s][info][gc,phases      ] GC(1176)   Pre Evacuate Collection Set: 0.1ms
[229.574s][info][gc,phases      ] GC(1176)   Merge Heap Roots: 0.2ms
[229.574s][info][gc,phases      ] GC(1176)   Evacuate Collection Set: 0.3ms
[229.574s][info][gc,phases      ] GC(1176)   Post Evacuate Collection Set: 2.7ms
[229.574s][info][gc,phases      ] GC(1176)   Other: 0.1ms
[229.574s][info][gc,heap        ] GC(1176) Eden regions: 326->0(326)
[229.574s][info][gc,heap        ] GC(1176) Survivor regions: 1->1(41)
[229.574s][info][gc,heap        ] GC(1176) Old regions: 22->22
[229.574s][info][gc,heap        ] GC(1176) Archive regions: 0->0
[229.574s][info][gc,heap        ] GC(1176) Humongous regions: 0->0
[229.574s][info][gc,metaspace   ] GC(1176) Metaspace: 14282K(15168K)->14282K(15168K) NonClass: 12332K(12928K)->12332K(12928K) Class: 1950K(2240K)->1950K(2240K)
[229.574s][info][gc             ] GC(1176) Pause Young (Normal) (G1 Evacuation Pause) 333M->7M(546M) 3.734ms
[229.574s][info][gc,cpu         ] GC(1176) User=0.00s Sys=0.00s Real=0.00s
[229.832s][info][gc,start       ] GC(1177) Pause Young (Normal) (G1 Evacuation Pause)
[229.832s][info][gc,task        ] GC(1177) Using 33 workers of 33 for evacuation
[229.837s][info][gc,phases      ] GC(1177)   Pre Evacuate Collection Set: 0.2ms
[229.837s][info][gc,phases      ] GC(1177)   Merge Heap Roots: 0.2ms
[229.837s][info][gc,phases      ] GC(1177)   Evacuate Collection Set: 0.5ms
[229.837s][info][gc,phases      ] GC(1177)   Post Evacuate Collection Set: 3.6ms
[229.837s][info][gc,phases      ] GC(1177)   Other: 0.2ms
[229.837s][info][gc,heap        ] GC(1177) Eden regions: 326->0(326)
[229.837s][info][gc,heap        ] GC(1177) Survivor regions: 1->1(41)
[229.837s][info][gc,heap        ] GC(1177) Old regions: 22->22
[229.837s][info][gc,heap        ] GC(1177) Archive regions: 0->0
[229.837s][info][gc,heap        ] GC(1177) Humongous regions: 0->0
[229.837s][info][gc,metaspace   ] GC(1177) Metaspace: 14282K(15168K)->14282K(15168K) NonClass: 12332K(12928K)->12332K(12928K) Class: 1950K(2240K)->1950K(2240K)
[229.837s][info][gc             ] GC(1177) Pause Young (Normal) (G1 Evacuation Pause) 333M->7M(546M) 5.447ms
[229.837s][info][gc,cpu         ] GC(1177) User=0.00s Sys=0.00s Real=0.00s
[230.038s][info][gc,start       ] GC(1178) Pause Young (Normal) (G1 Evacuation Pause)
[230.038s][info][gc,task        ] GC(1178) Using 33 workers of 33 for evacuation
[230.041s][info][gc,phases      ] GC(1178)   Pre Evacuate Collection Set: 0.2ms
[230.041s][info][gc,phases      ] GC(1178)   Merge Heap Roots: 0.1ms
[230.041s][info][gc,phases      ] GC(1178)   Evacuate Collection Set: 0.3ms
[230.041s][info][gc,phases      ] GC(1178)   Post Evacuate Collection Set: 2.6ms
[230.041s][info][gc,phases      ] GC(1178)   Other: 0.1ms
[230.041s][info][gc,heap        ] GC(1178) Eden regions: 326->0(326)
[230.041s][info][gc,heap        ] GC(1178) Survivor regions: 1->1(41)
[230.041s][info][gc,heap        ] GC(1178) Old regions: 22->22
[230.041s][info][gc,heap        ] GC(1178) Archive regions: 0->0
[230.041s][info][gc,heap        ] GC(1178) Humongous regions: 0->0
[230.041s][info][gc,metaspace   ] GC(1178) Metaspace: 14282K(15168K)->14282K(15168K) NonClass: 12332K(12928K)->12332K(12928K) Class: 1950K(2240K)->1950K(2240K)
[230.041s][info][gc             ] GC(1178) Pause Young (Normal) (G1 Evacuation Pause) 333M->7M(546M) 3.614ms
[230.042s][info][gc,cpu         ] GC(1178) User=0.00s Sys=0.00s Real=0.00s
[230.238s][info][gc,start       ] GC(1179) Pause Young (Normal) (G1 Evacuation Pause)
[230.238s][info][gc,task        ] GC(1179) Using 33 workers of 33 for evacuation
[230.241s][info][gc,phases      ] GC(1179)   Pre Evacuate Collection Set: 0.2ms
[230.241s][info][gc,phases      ] GC(1179)   Merge Heap Roots: 0.2ms
[230.241s][info][gc,phases      ] GC(1179)   Evacuate Collection Set: 0.3ms
[230.241s][info][gc,phases      ] GC(1179)   Post Evacuate Collection Set: 2.5ms
[230.241s][info][gc,phases      ] GC(1179)   Other: 0.1ms
[230.241s][info][gc,heap        ] GC(1179) Eden regions: 326->0(326)
[230.241s][info][gc,heap        ] GC(1179) Survivor regions: 1->1(41)
[230.241s][info][gc,heap        ] GC(1179) Old regions: 22->22
[230.241s][info][gc,heap        ] GC(1179) Archive regions: 0->0
[230.241s][info][gc,heap        ] GC(1179) Humongous regions: 0->0
[230.241s][info][gc,metaspace   ] GC(1179) Metaspace: 14282K(15168K)->14282K(15168K) NonClass: 12332K(12928K)->12332K(12928K) Class: 1950K(2240K)->1950K(2240K)
[230.241s][info][gc             ] GC(1179) Pause Young (Normal) (G1 Evacuation Pause) 333M->7M(546M) 3.559ms
[230.241s][info][gc,cpu         ] GC(1179) User=0.00s Sys=0.00s Real=0.00s
[230.435s][info][gc,start       ] GC(1180) Pause Young (Normal) (G1 Evacuation Pause)
[230.435s][info][gc,task        ] GC(1180) Using 33 workers of 33 for evacuation
[230.438s][info][gc,phases      ] GC(1180)   Pre Evacuate Collection Set: 0.2ms
[230.453s][info][gc,phases      ] GC(1180)   Merge Heap Roots: 0.1ms
[230.453s][info][gc,phases      ] GC(1180)   Evacuate Collection Set: 0.3ms
[230.453s][info][gc,phases      ] GC(1180)   Post Evacuate Collection Set: 2.5ms
[230.453s][info][gc,phases      ] GC(1180)   Other: 0.1ms
[230.453s][info][gc,heap        ] GC(1180) Eden regions: 326->0(326)
[230.453s][info][gc,heap        ] GC(1180) Survivor regions: 1->1(41)
[230.453s][info][gc,heap        ] GC(1180) Old regions: 22->22
[230.453s][info][gc,heap        ] GC(1180) Archive regions: 0->0
[230.453s][info][gc,heap        ] GC(1180) Humongous regions: 0->0
[230.453s][info][gc,metaspace   ] GC(1180) Metaspace: 14282K(15168K)->14282K(15168K) NonClass: 12332K(12928K)->12332K(12928K) Class: 1950K(2240K)->1950K(2240K)
[230.453s][info][gc             ] GC(1180) Pause Young (Normal) (G1 Evacuation Pause) 333M->7M(546M) 18.748ms
[230.453s][info][gc,cpu         ] GC(1180) User=0.05s Sys=0.00s Real=0.02s
[230.650s][info][gc,start       ] GC(1181) Pause Young (Normal) (G1 Evacuation Pause)
[230.651s][info][gc,task        ] GC(1181) Using 33 workers of 33 for evacuation
[230.654s][info][gc,phases      ] GC(1181)   Pre Evacuate Collection Set: 0.2ms
[230.654s][info][gc,phases      ] GC(1181)   Merge Heap Roots: 0.2ms
[230.654s][info][gc,phases      ] GC(1181)   Evacuate Collection Set: 0.3ms
[230.654s][info][gc,phases      ] GC(1181)   Post Evacuate Collection Set: 2.3ms
[230.654s][info][gc,phases      ] GC(1181)   Other: 0.1ms
[230.654s][info][gc,heap        ] GC(1181) Eden regions: 326->0(326)
[230.654s][info][gc,heap        ] GC(1181) Survivor regions: 1->1(41)
[230.654s][info][gc,heap        ] GC(1181) Old regions: 22->22
[230.654s][info][gc,heap        ] GC(1181) Archive regions: 0->0
[230.654s][info][gc,heap        ] GC(1181) Humongous regions: 0->0
[230.654s][info][gc,metaspace   ] GC(1181) Metaspace: 14282K(15168K)->14282K(15168K) NonClass: 12332K(12928K)->12332K(12928K) Class: 1950K(2240K)->1950K(2240K)
[230.654s][info][gc             ] GC(1181) Pause Young (Normal) (G1 Evacuation Pause) 333M->7M(546M) 3.284ms
[230.654s][info][gc,cpu         ] GC(1181) User=0.00s Sys=0.00s Real=0.00s
[230.849s][info][gc,start       ] GC(1182) Pause Young (Normal) (G1 Evacuation Pause)
[230.849s][info][gc,task        ] GC(1182) Using 33 workers of 33 for evacuation
[230.852s][info][gc,phases      ] GC(1182)   Pre Evacuate Collection Set: 0.2ms
[230.852s][info][gc,phases      ] GC(1182)   Merge Heap Roots: 0.2ms
[230.852s][info][gc,phases      ] GC(1182)   Evacuate Collection Set: 0.4ms
[230.852s][info][gc,phases      ] GC(1182)   Post Evacuate Collection Set: 2.3ms
[230.852s][info][gc,phases      ] GC(1182)   Other: 0.1ms
[230.853s][info][gc,heap        ] GC(1182) Eden regions: 326->0(326)
[230.853s][info][gc,heap        ] GC(1182) Survivor regions: 1->1(41)
[230.853s][info][gc,heap        ] GC(1182) Old regions: 22->22
[230.853s][info][gc,heap        ] GC(1182) Archive regions: 0->0
[230.853s][info][gc,heap        ] GC(1182) Humongous regions: 0->0
[230.853s][info][gc,metaspace   ] GC(1182) Metaspace: 14282K(15168K)->14282K(15168K) NonClass: 12332K(12928K)->12332K(12928K) Class: 1950K(2240K)->1950K(2240K)
[230.853s][info][gc             ] GC(1182) Pause Young (Normal) (G1 Evacuation Pause) 333M->7M(546M) 3.391ms
[230.853s][info][gc,cpu         ] GC(1182) User=0.00s Sys=0.00s Real=0.00s
[231.049s][info][gc,start       ] GC(1183) Pause Young (Normal) (G1 Evacuation Pause)
[231.049s][info][gc,task        ] GC(1183) Using 33 workers of 33 for evacuation
[231.052s][info][gc,phases      ] GC(1183)   Pre Evacuate Collection Set: 0.2ms
[231.052s][info][gc,phases      ] GC(1183)   Merge Heap Roots: 0.2ms
[231.052s][info][gc,phases      ] GC(1183)   Evacuate Collection Set: 0.3ms
[231.052s][info][gc,phases      ] GC(1183)   Post Evacuate Collection Set: 2.4ms
[231.052s][info][gc,phases      ] GC(1183)   Other: 0.1ms
[231.052s][info][gc,heap        ] GC(1183) Eden regions: 326->0(326)
[231.052s][info][gc,heap        ] GC(1183) Survivor regions: 1->1(41)
[231.052s][info][gc,heap        ] GC(1183) Old regions: 22->22
[231.052s][info][gc,heap        ] GC(1183) Archive regions: 0->0
[231.052s][info][gc,heap        ] GC(1183) Humongous regions: 0->0
[231.052s][info][gc,metaspace   ] GC(1183) Metaspace: 14282K(15168K)->14282K(15168K) NonClass: 12332K(12928K)->12332K(12928K) Class: 1950K(2240K)->1950K(2240K)
[231.052s][info][gc             ] GC(1183) Pause Young (Normal) (G1 Evacuation Pause) 333M->7M(546M) 3.392ms
[231.052s][info][gc,cpu         ] GC(1183) User=0.00s Sys=0.00s Real=0.00s
[231.248s][info][gc,start       ] GC(1184) Pause Young (Normal) (G1 Evacuation Pause)
[231.248s][info][gc,task        ] GC(1184) Using 33 workers of 33 for evacuation
[231.251s][info][gc,phases      ] GC(1184)   Pre Evacuate Collection Set: 0.2ms
[231.251s][info][gc,phases      ] GC(1184)   Merge Heap Roots: 0.2ms
[231.251s][info][gc,phases      ] GC(1184)   Evacuate Collection Set: 0.3ms
[231.251s][info][gc,phases      ] GC(1184)   Post Evacuate Collection Set: 2.4ms
[231.251s][info][gc,phases      ] GC(1184)   Other: 0.1ms
[231.251s][info][gc,heap        ] GC(1184) Eden regions: 326->0(326)
[231.251s][info][gc,heap        ] GC(1184) Survivor regions: 1->1(41)
[231.251s][info][gc,heap        ] GC(1184) Old regions: 22->22
[231.251s][info][gc,heap        ] GC(1184) Archive regions: 0->0
[231.251s][info][gc,heap        ] GC(1184) Humongous regions: 0->0
[231.251s][info][gc,metaspace   ] GC(1184) Metaspace: 14282K(15168K)->14282K(15168K) NonClass: 12332K(12928K)->12332K(12928K) Class: 1950K(2240K)->1950K(2240K)
[231.251s][info][gc             ] GC(1184) Pause Young (Normal) (G1 Evacuation Pause) 333M->7M(546M) 3.415ms
[231.251s][info][gc,cpu         ] GC(1184) User=0.52s Sys=0.00s Real=0.00s
[231.447s][info][gc,start       ] GC(1185) Pause Young (Normal) (G1 Evacuation Pause)
[231.447s][info][gc,task        ] GC(1185) Using 33 workers of 33 for evacuation
[231.450s][info][gc,phases      ] GC(1185)   Pre Evacuate Collection Set: 0.1ms
[231.450s][info][gc,phases      ] GC(1185)   Merge Heap Roots: 0.1ms
[231.450s][info][gc,phases      ] GC(1185)   Evacuate Collection Set: 0.3ms
[231.450s][info][gc,phases      ] GC(1185)   Post Evacuate Collection Set: 2.4ms
[231.450s][info][gc,phases      ] GC(1185)   Other: 0.1ms
[231.450s][info][gc,heap        ] GC(1185) Eden regions: 326->0(326)
[231.450s][info][gc,heap        ] GC(1185) Survivor regions: 1->1(41)
[231.450s][info][gc,heap        ] GC(1185) Old regions: 22->22
[231.450s][info][gc,heap        ] GC(1185) Archive regions: 0->0
[231.450s][info][gc,heap        ] GC(1185) Humongous regions: 0->0
[231.450s][info][gc,metaspace   ] GC(1185) Metaspace: 14282K(15168K)->14282K(15168K) NonClass: 12332K(12928K)->12332K(12928K) Class: 1950K(2240K)->1950K(2240K)
[231.451s][info][gc             ] GC(1185) Pause Young (Normal) (G1 Evacuation Pause) 333M->7M(546M) 3.415ms
[231.451s][info][gc,cpu         ] GC(1185) User=0.00s Sys=0.00s Real=0.00s
[231.646s][info][gc,start       ] GC(1186) Pause Young (Normal) (G1 Evacuation Pause)
[231.646s][info][gc,task        ] GC(1186) Using 33 workers of 33 for evacuation
[231.650s][info][gc,phases      ] GC(1186)   Pre Evacuate Collection Set: 0.2ms
[231.650s][info][gc,phases      ] GC(1186)   Merge Heap Roots: 0.2ms
[231.650s][info][gc,phases      ] GC(1186)   Evacuate Collection Set: 0.3ms
[231.650s][info][gc,phases      ] GC(1186)   Post Evacuate Collection Set: 2.5ms
[231.650s][info][gc,phases      ] GC(1186)   Other: 0.1ms
[231.650s][info][gc,heap        ] GC(1186) Eden regions: 326->0(326)
[231.650s][info][gc,heap        ] GC(1186) Survivor regions: 1->1(41)
[231.650s][info][gc,heap        ] GC(1186) Old regions: 22->23
[231.650s][info][gc,heap        ] GC(1186) Archive regions: 0->0
[231.650s][info][gc,heap        ] GC(1186) Humongous regions: 0->0
[231.650s][info][gc,metaspace   ] GC(1186) Metaspace: 14282K(15168K)->14282K(15168K) NonClass: 12332K(12928K)->12332K(12928K) Class: 1950K(2240K)->1950K(2240K)
[231.650s][info][gc             ] GC(1186) Pause Young (Normal) (G1 Evacuation Pause) 333M->7M(546M) 3.510ms
[231.650s][info][gc,cpu         ] GC(1186) User=0.00s Sys=0.00s Real=0.00s
[231.845s][info][gc,start       ] GC(1187) Pause Young (Normal) (G1 Evacuation Pause)
[231.845s][info][gc,task        ] GC(1187) Using 33 workers of 33 for evacuation
[231.849s][info][gc,phases      ] GC(1187)   Pre Evacuate Collection Set: 0.2ms
[231.849s][info][gc,phases      ] GC(1187)   Merge Heap Roots: 0.2ms
[231.849s][info][gc,phases      ] GC(1187)   Evacuate Collection Set: 0.3ms
[231.849s][info][gc,phases      ] GC(1187)   Post Evacuate Collection Set: 2.5ms
[231.849s][info][gc,phases      ] GC(1187)   Other: 0.1ms
[231.849s][info][gc,heap        ] GC(1187) Eden regions: 326->0(326)
[231.849s][info][gc,heap        ] GC(1187) Survivor regions: 1->1(41)
[231.849s][info][gc,heap        ] GC(1187) Old regions: 23->23
[231.849s][info][gc,heap        ] GC(1187) Archive regions: 0->0
[231.849s][info][gc,heap        ] GC(1187) Humongous regions: 0->0
[231.849s][info][gc,metaspace   ] GC(1187) Metaspace: 14282K(15168K)->14282K(15168K) NonClass: 12332K(12928K)->12332K(12928K) Class: 1950K(2240K)->1950K(2240K)
[231.849s][info][gc             ] GC(1187) Pause Young (Normal) (G1 Evacuation Pause) 333M->7M(546M) 3.555ms
[231.849s][info][gc,cpu         ] GC(1187) User=0.00s Sys=0.00s Real=0.00s
[232.043s][info][gc,start       ] GC(1188) Pause Young (Normal) (G1 Evacuation Pause)
[232.043s][info][gc,task        ] GC(1188) Using 33 workers of 33 for evacuation
[232.046s][info][gc,phases      ] GC(1188)   Pre Evacuate Collection Set: 0.2ms
[232.046s][info][gc,phases      ] GC(1188)   Merge Heap Roots: 0.2ms
[232.046s][info][gc,phases      ] GC(1188)   Evacuate Collection Set: 0.3ms
[232.046s][info][gc,phases      ] GC(1188)   Post Evacuate Collection Set: 2.6ms
[232.047s][info][gc,phases      ] GC(1188)   Other: 0.1ms
[232.047s][info][gc,heap        ] GC(1188) Eden regions: 326->0(326)
[232.047s][info][gc,heap        ] GC(1188) Survivor regions: 1->1(41)
[232.047s][info][gc,heap        ] GC(1188) Old regions: 23->23
[232.047s][info][gc,heap        ] GC(1188) Archive regions: 0->0
[232.047s][info][gc,heap        ] GC(1188) Humongous regions: 0->0
[232.047s][info][gc,metaspace   ] GC(1188) Metaspace: 14282K(15168K)->14282K(15168K) NonClass: 12332K(12928K)->12332K(12928K) Class: 1950K(2240K)->1950K(2240K)
[232.047s][info][gc             ] GC(1188) Pause Young (Normal) (G1 Evacuation Pause) 333M->7M(546M) 3.591ms
[232.047s][info][gc,cpu         ] GC(1188) User=0.00s Sys=0.02s Real=0.00s
[232.242s][info][gc,start       ] GC(1189) Pause Young (Normal) (G1 Evacuation Pause)
[232.242s][info][gc,task        ] GC(1189) Using 33 workers of 33 for evacuation
[232.245s][info][gc,phases      ] GC(1189)   Pre Evacuate Collection Set: 0.2ms
[232.245s][info][gc,phases      ] GC(1189)   Merge Heap Roots: 0.2ms
[232.245s][info][gc,phases      ] GC(1189)   Evacuate Collection Set: 0.4ms
[232.245s][info][gc,phases      ] GC(1189)   Post Evacuate Collection Set: 2.6ms
[232.245s][info][gc,phases      ] GC(1189)   Other: 0.1ms
[232.245s][info][gc,heap        ] GC(1189) Eden regions: 326->0(326)
[232.245s][info][gc,heap        ] GC(1189) Survivor regions: 1->1(41)
[232.245s][info][gc,heap        ] GC(1189) Old regions: 23->23
[232.245s][info][gc,heap        ] GC(1189) Archive regions: 0->0
[232.245s][info][gc,heap        ] GC(1189) Humongous regions: 0->0
[232.245s][info][gc,metaspace   ] GC(1189) Metaspace: 14282K(15168K)->14282K(15168K) NonClass: 12332K(12928K)->12332K(12928K) Class: 1950K(2240K)->1950K(2240K)
[232.245s][info][gc             ] GC(1189) Pause Young (Normal) (G1 Evacuation Pause) 333M->7M(546M) 3.648ms
[232.245s][info][gc,cpu         ] GC(1189) User=0.00s Sys=0.00s Real=0.00s
[232.441s][info][gc,start       ] GC(1190) Pause Young (Normal) (G1 Evacuation Pause)
[232.442s][info][gc,task        ] GC(1190) Using 33 workers of 33 for evacuation
[232.445s][info][gc,phases      ] GC(1190)   Pre Evacuate Collection Set: 0.2ms
[232.445s][info][gc,phases      ] GC(1190)   Merge Heap Roots: 0.2ms
[232.445s][info][gc,phases      ] GC(1190)   Evacuate Collection Set: 0.3ms
[232.445s][info][gc,phases      ] GC(1190)   Post Evacuate Collection Set: 2.6ms
[232.445s][info][gc,phases      ] GC(1190)   Other: 0.1ms
[232.445s][info][gc,heap        ] GC(1190) Eden regions: 326->0(326)
[232.445s][info][gc,heap        ] GC(1190) Survivor regions: 1->1(41)
[232.445s][info][gc,heap        ] GC(1190) Old regions: 23->23
[232.445s][info][gc,heap        ] GC(1190) Archive regions: 0->0
[232.445s][info][gc,heap        ] GC(1190) Humongous regions: 0->0
[232.445s][info][gc,metaspace   ] GC(1190) Metaspace: 14282K(15168K)->14282K(15168K) NonClass: 12332K(12928K)->12332K(12928K) Class: 1950K(2240K)->1950K(2240K)
[232.445s][info][gc             ] GC(1190) Pause Young (Normal) (G1 Evacuation Pause) 333M->7M(546M) 3.614ms
[232.445s][info][gc,cpu         ] GC(1190) User=0.00s Sys=0.00s Real=0.00s
[232.641s][info][gc,start       ] GC(1191) Pause Young (Normal) (G1 Evacuation Pause)
[232.641s][info][gc,task        ] GC(1191) Using 33 workers of 33 for evacuation
[232.645s][info][gc,phases      ] GC(1191)   Pre Evacuate Collection Set: 0.2ms
[232.645s][info][gc,phases      ] GC(1191)   Merge Heap Roots: 0.2ms
[232.645s][info][gc,phases      ] GC(1191)   Evacuate Collection Set: 0.4ms
[232.645s][info][gc,phases      ] GC(1191)   Post Evacuate Collection Set: 2.7ms
[232.645s][info][gc,phases      ] GC(1191)   Other: 0.1ms
[232.645s][info][gc,heap        ] GC(1191) Eden regions: 326->0(326)
[232.645s][info][gc,heap        ] GC(1191) Survivor regions: 1->1(41)
[232.645s][info][gc,heap        ] GC(1191) Old regions: 23->23
[232.645s][info][gc,heap        ] GC(1191) Archive regions: 0->0
[232.645s][info][gc,heap        ] GC(1191) Humongous regions: 0->0
[232.645s][info][gc,metaspace   ] GC(1191) Metaspace: 14282K(15168K)->14282K(15168K) NonClass: 12332K(12928K)->12332K(12928K) Class: 1950K(2240K)->1950K(2240K)
[232.645s][info][gc             ] GC(1191) Pause Young (Normal) (G1 Evacuation Pause) 333M->7M(546M) 3.694ms
[232.645s][info][gc,cpu         ] GC(1191) User=0.00s Sys=0.00s Real=0.00s
[232.840s][info][gc,start       ] GC(1192) Pause Young (Normal) (G1 Evacuation Pause)
[232.840s][info][gc,task        ] GC(1192) Using 33 workers of 33 for evacuation
[232.843s][info][gc,phases      ] GC(1192)   Pre Evacuate Collection Set: 0.2ms
[232.843s][info][gc,phases      ] GC(1192)   Merge Heap Roots: 0.2ms
[232.843s][info][gc,phases      ] GC(1192)   Evacuate Collection Set: 0.3ms
[232.843s][info][gc,phases      ] GC(1192)   Post Evacuate Collection Set: 2.7ms
[232.843s][info][gc,phases      ] GC(1192)   Other: 0.1ms
[232.843s][info][gc,heap        ] GC(1192) Eden regions: 326->0(326)
[232.843s][info][gc,heap        ] GC(1192) Survivor regions: 1->1(41)
[232.843s][info][gc,heap        ] GC(1192) Old regions: 23->23
[232.843s][info][gc,heap        ] GC(1192) Archive regions: 0->0
[232.843s][info][gc,heap        ] GC(1192) Humongous regions: 0->0
[232.843s][info][gc,metaspace   ] GC(1192) Metaspace: 14282K(15168K)->14282K(15168K) NonClass: 12332K(12928K)->12332K(12928K) Class: 1950K(2240K)->1950K(2240K)
[232.843s][info][gc             ] GC(1192) Pause Young (Normal) (G1 Evacuation Pause) 333M->8M(546M) 3.744ms
[232.843s][info][gc,cpu         ] GC(1192) User=0.00s Sys=0.00s Real=0.00s
[233.038s][info][gc,start       ] GC(1193) Pause Young (Normal) (G1 Evacuation Pause)
[233.038s][info][gc,task        ] GC(1193) Using 33 workers of 33 for evacuation
[233.042s][info][gc,phases      ] GC(1193)   Pre Evacuate Collection Set: 0.2ms
[233.042s][info][gc,phases      ] GC(1193)   Merge Heap Roots: 0.2ms
[233.042s][info][gc,phases      ] GC(1193)   Evacuate Collection Set: 0.3ms
[233.042s][info][gc,phases      ] GC(1193)   Post Evacuate Collection Set: 2.7ms
[233.042s][info][gc,phases      ] GC(1193)   Other: 0.1ms
[233.042s][info][gc,heap        ] GC(1193) Eden regions: 326->0(326)
[233.042s][info][gc,heap        ] GC(1193) Survivor regions: 1->1(41)
[233.042s][info][gc,heap        ] GC(1193) Old regions: 23->23
[233.042s][info][gc,heap        ] GC(1193) Archive regions: 0->0
[233.042s][info][gc,heap        ] GC(1193) Humongous regions: 0->0
[233.042s][info][gc,metaspace   ] GC(1193) Metaspace: 14282K(15168K)->14282K(15168K) NonClass: 12332K(12928K)->12332K(12928K) Class: 1950K(2240K)->1950K(2240K)
[233.042s][info][gc             ] GC(1193) Pause Young (Normal) (G1 Evacuation Pause) 334M->8M(546M) 3.783ms
[233.042s][info][gc,cpu         ] GC(1193) User=0.00s Sys=0.00s Real=0.00s
[233.238s][info][gc,start       ] GC(1194) Pause Young (Normal) (G1 Evacuation Pause)
[233.238s][info][gc,task        ] GC(1194) Using 33 workers of 33 for evacuation
[233.242s][info][gc,phases      ] GC(1194)   Pre Evacuate Collection Set: 0.2ms
[233.242s][info][gc,phases      ] GC(1194)   Merge Heap Roots: 0.2ms
[233.242s][info][gc,phases      ] GC(1194)   Evacuate Collection Set: 0.3ms
[233.242s][info][gc,phases      ] GC(1194)   Post Evacuate Collection Set: 2.8ms
[233.242s][info][gc,phases      ] GC(1194)   Other: 0.1ms
[233.242s][info][gc,heap        ] GC(1194) Eden regions: 326->0(326)
[233.242s][info][gc,heap        ] GC(1194) Survivor regions: 1->1(41)
[233.242s][info][gc,heap        ] GC(1194) Old regions: 23->23
[233.242s][info][gc,heap        ] GC(1194) Archive regions: 0->0
[233.242s][info][gc,heap        ] GC(1194) Humongous regions: 0->0
[233.242s][info][gc,metaspace   ] GC(1194) Metaspace: 14282K(15168K)->14282K(15168K) NonClass: 12332K(12928K)->12332K(12928K) Class: 1950K(2240K)->1950K(2240K)
[233.242s][info][gc             ] GC(1194) Pause Young (Normal) (G1 Evacuation Pause) 334M->8M(546M) 3.761ms
[233.242s][info][gc,cpu         ] GC(1194) User=0.00s Sys=0.00s Real=0.00s
[233.437s][info][gc,start       ] GC(1195) Pause Young (Normal) (G1 Evacuation Pause)
[233.437s][info][gc,task        ] GC(1195) Using 33 workers of 33 for evacuation
[233.441s][info][gc,phases      ] GC(1195)   Pre Evacuate Collection Set: 0.2ms
[233.441s][info][gc,phases      ] GC(1195)   Merge Heap Roots: 0.2ms
[233.441s][info][gc,phases      ] GC(1195)   Evacuate Collection Set: 0.3ms
[233.441s][info][gc,phases      ] GC(1195)   Post Evacuate Collection Set: 2.8ms
[233.441s][info][gc,phases      ] GC(1195)   Other: 0.1ms
[233.441s][info][gc,heap        ] GC(1195) Eden regions: 326->0(326)
[233.441s][info][gc,heap        ] GC(1195) Survivor regions: 1->1(41)
[233.441s][info][gc,heap        ] GC(1195) Old regions: 23->23
[233.441s][info][gc,heap        ] GC(1195) Archive regions: 0->0
[233.441s][info][gc,heap        ] GC(1195) Humongous regions: 0->0
[233.441s][info][gc,metaspace   ] GC(1195) Metaspace: 14282K(15168K)->14282K(15168K) NonClass: 12332K(12928K)->12332K(12928K) Class: 1950K(2240K)->1950K(2240K)
[233.441s][info][gc             ] GC(1195) Pause Young (Normal) (G1 Evacuation Pause) 334M->8M(546M) 3.806ms
[233.441s][info][gc,cpu         ] GC(1195) User=0.03s Sys=0.06s Real=0.00s
[233.778s][info][gc,start       ] GC(1196) Pause Young (Normal) (G1 Evacuation Pause)
[233.778s][info][gc,task        ] GC(1196) Using 33 workers of 33 for evacuation
[233.783s][info][gc,phases      ] GC(1196)   Pre Evacuate Collection Set: 0.2ms
[233.783s][info][gc,phases      ] GC(1196)   Merge Heap Roots: 0.2ms
[233.783s][info][gc,phases      ] GC(1196)   Evacuate Collection Set: 0.5ms
[233.783s][info][gc,phases      ] GC(1196)   Post Evacuate Collection Set: 3.7ms
[233.783s][info][gc,phases      ] GC(1196)   Other: 0.2ms
[233.783s][info][gc,heap        ] GC(1196) Eden regions: 326->0(326)
[233.783s][info][gc,heap        ] GC(1196) Survivor regions: 1->1(41)
[233.783s][info][gc,heap        ] GC(1196) Old regions: 23->23
[233.783s][info][gc,heap        ] GC(1196) Archive regions: 0->0
[233.783s][info][gc,heap        ] GC(1196) Humongous regions: 0->0
[233.783s][info][gc,metaspace   ] GC(1196) Metaspace: 14282K(15168K)->14282K(15168K) NonClass: 12332K(12928K)->12332K(12928K) Class: 1950K(2240K)->1950K(2240K)
[233.783s][info][gc             ] GC(1196) Pause Young (Normal) (G1 Evacuation Pause) 334M->8M(546M) 5.415ms
[233.783s][info][gc,cpu         ] GC(1196) User=0.00s Sys=0.00s Real=0.00s
[233.983s][info][gc,start       ] GC(1197) Pause Young (Normal) (G1 Evacuation Pause)
[233.983s][info][gc,task        ] GC(1197) Using 33 workers of 33 for evacuation
[233.986s][info][gc,phases      ] GC(1197)   Pre Evacuate Collection Set: 0.2ms
[233.986s][info][gc,phases      ] GC(1197)   Merge Heap Roots: 0.2ms
[233.986s][info][gc,phases      ] GC(1197)   Evacuate Collection Set: 0.3ms
[233.986s][info][gc,phases      ] GC(1197)   Post Evacuate Collection Set: 2.6ms
[233.986s][info][gc,phases      ] GC(1197)   Other: 0.1ms
[233.986s][info][gc,heap        ] GC(1197) Eden regions: 326->0(326)
[233.986s][info][gc,heap        ] GC(1197) Survivor regions: 1->1(41)
[233.986s][info][gc,heap        ] GC(1197) Old regions: 23->23
[233.986s][info][gc,heap        ] GC(1197) Archive regions: 0->0
[233.986s][info][gc,heap        ] GC(1197) Humongous regions: 0->0
[233.986s][info][gc,metaspace   ] GC(1197) Metaspace: 14282K(15168K)->14282K(15168K) NonClass: 12332K(12928K)->12332K(12928K) Class: 1950K(2240K)->1950K(2240K)
[233.986s][info][gc             ] GC(1197) Pause Young (Normal) (G1 Evacuation Pause) 334M->8M(546M) 3.629ms
[233.987s][info][gc,cpu         ] GC(1197) User=0.52s Sys=0.00s Real=0.00s
[234.183s][info][gc,start       ] GC(1198) Pause Young (Normal) (G1 Evacuation Pause)
[234.183s][info][gc,task        ] GC(1198) Using 33 workers of 33 for evacuation
[234.186s][info][gc,phases      ] GC(1198)   Pre Evacuate Collection Set: 0.2ms
[234.186s][info][gc,phases      ] GC(1198)   Merge Heap Roots: 0.2ms
[234.186s][info][gc,phases      ] GC(1198)   Evacuate Collection Set: 0.3ms
[234.186s][info][gc,phases      ] GC(1198)   Post Evacuate Collection Set: 2.4ms
[234.186s][info][gc,phases      ] GC(1198)   Other: 0.1ms
[234.186s][info][gc,heap        ] GC(1198) Eden regions: 326->0(326)
[234.186s][info][gc,heap        ] GC(1198) Survivor regions: 1->1(41)
[234.186s][info][gc,heap        ] GC(1198) Old regions: 23->23
[234.186s][info][gc,heap        ] GC(1198) Archive regions: 0->0
[234.186s][info][gc,heap        ] GC(1198) Humongous regions: 0->0
[234.186s][info][gc,metaspace   ] GC(1198) Metaspace: 14282K(15168K)->14282K(15168K) NonClass: 12332K(12928K)->12332K(12928K) Class: 1950K(2240K)->1950K(2240K)
[234.186s][info][gc             ] GC(1198) Pause Young (Normal) (G1 Evacuation Pause) 334M->8M(546M) 3.410ms
[234.186s][info][gc,cpu         ] GC(1198) User=0.00s Sys=0.00s Real=0.00s
[234.382s][info][gc,start       ] GC(1199) Pause Young (Normal) (G1 Evacuation Pause)
[234.382s][info][gc,task        ] GC(1199) Using 33 workers of 33 for evacuation
[234.385s][info][gc,phases      ] GC(1199)   Pre Evacuate Collection Set: 0.2ms
[234.385s][info][gc,phases      ] GC(1199)   Merge Heap Roots: 0.1ms
[234.385s][info][gc,phases      ] GC(1199)   Evacuate Collection Set: 0.3ms
[234.385s][info][gc,phases      ] GC(1199)   Post Evacuate Collection Set: 2.4ms
[234.385s][info][gc,phases      ] GC(1199)   Other: 0.1ms
[234.385s][info][gc,heap        ] GC(1199) Eden regions: 326->0(326)
[234.385s][info][gc,heap        ] GC(1199) Survivor regions: 1->1(41)
[234.385s][info][gc,heap        ] GC(1199) Old regions: 23->23
[234.385s][info][gc,heap        ] GC(1199) Archive regions: 0->0
[234.385s][info][gc,heap        ] GC(1199) Humongous regions: 0->0
[234.385s][info][gc,metaspace   ] GC(1199) Metaspace: 14282K(15168K)->14282K(15168K) NonClass: 12332K(12928K)->12332K(12928K) Class: 1950K(2240K)->1950K(2240K)
[234.385s][info][gc             ] GC(1199) Pause Young (Normal) (G1 Evacuation Pause) 334M->8M(546M) 3.387ms
[234.385s][info][gc,cpu         ] GC(1199) User=0.00s Sys=0.00s Real=0.00s
[234.580s][info][gc,start       ] GC(1200) Pause Young (Normal) (G1 Evacuation Pause)
[234.589s][info][gc,task        ] GC(1200) Using 33 workers of 33 for evacuation
[234.593s][info][gc,phases      ] GC(1200)   Pre Evacuate Collection Set: 0.2ms
[234.593s][info][gc,phases      ] GC(1200)   Merge Heap Roots: 0.2ms
[234.593s][info][gc,phases      ] GC(1200)   Evacuate Collection Set: 0.4ms
[234.593s][info][gc,phases      ] GC(1200)   Post Evacuate Collection Set: 2.5ms
[234.593s][info][gc,phases      ] GC(1200)   Other: 0.1ms
[234.593s][info][gc,heap        ] GC(1200) Eden regions: 326->0(326)
[234.593s][info][gc,heap        ] GC(1200) Survivor regions: 1->1(41)
[234.593s][info][gc,heap        ] GC(1200) Old regions: 23->23
[234.593s][info][gc,heap        ] GC(1200) Archive regions: 0->0
[234.593s][info][gc,heap        ] GC(1200) Humongous regions: 0->0
[234.593s][info][gc,metaspace   ] GC(1200) Metaspace: 14282K(15168K)->14282K(15168K) NonClass: 12332K(12928K)->12332K(12928K) Class: 1950K(2240K)->1950K(2240K)
[234.593s][info][gc             ] GC(1200) Pause Young (Normal) (G1 Evacuation Pause) 334M->8M(546M) 12.940ms
[234.593s][info][gc,cpu         ] GC(1200) User=0.00s Sys=0.00s Real=0.01s
[234.787s][info][gc,start       ] GC(1201) Pause Young (Normal) (G1 Evacuation Pause)
[234.787s][info][gc,task        ] GC(1201) Using 33 workers of 33 for evacuation
[234.790s][info][gc,phases      ] GC(1201)   Pre Evacuate Collection Set: 0.2ms
[234.790s][info][gc,phases      ] GC(1201)   Merge Heap Roots: 0.2ms
[234.790s][info][gc,phases      ] GC(1201)   Evacuate Collection Set: 0.3ms
[234.790s][info][gc,phases      ] GC(1201)   Post Evacuate Collection Set: 2.3ms
[234.790s][info][gc,phases      ] GC(1201)   Other: 0.1ms
[234.790s][info][gc,heap        ] GC(1201) Eden regions: 326->0(326)
[234.790s][info][gc,heap        ] GC(1201) Survivor regions: 1->1(41)
[234.790s][info][gc,heap        ] GC(1201) Old regions: 23->23
[234.790s][info][gc,heap        ] GC(1201) Archive regions: 0->0
[234.790s][info][gc,heap        ] GC(1201) Humongous regions: 0->0
[234.790s][info][gc,metaspace   ] GC(1201) Metaspace: 14282K(15168K)->14282K(15168K) NonClass: 12332K(12928K)->12332K(12928K) Class: 1950K(2240K)->1950K(2240K)
[234.790s][info][gc             ] GC(1201) Pause Young (Normal) (G1 Evacuation Pause) 334M->8M(546M) 3.296ms
[234.790s][info][gc,cpu         ] GC(1201) User=0.00s Sys=0.00s Real=0.00s
[234.985s][info][gc,start       ] GC(1202) Pause Young (Normal) (G1 Evacuation Pause)
[234.985s][info][gc,task        ] GC(1202) Using 33 workers of 33 for evacuation
[234.988s][info][gc,phases      ] GC(1202)   Pre Evacuate Collection Set: 0.2ms
[234.988s][info][gc,phases      ] GC(1202)   Merge Heap Roots: 0.1ms
[234.988s][info][gc,phases      ] GC(1202)   Evacuate Collection Set: 0.4ms
[234.988s][info][gc,phases      ] GC(1202)   Post Evacuate Collection Set: 2.4ms
[234.988s][info][gc,phases      ] GC(1202)   Other: 0.1ms
[234.988s][info][gc,heap        ] GC(1202) Eden regions: 326->0(326)
[234.988s][info][gc,heap        ] GC(1202) Survivor regions: 1->1(41)
[234.988s][info][gc,heap        ] GC(1202) Old regions: 23->23
[234.988s][info][gc,heap        ] GC(1202) Archive regions: 0->0
[234.988s][info][gc,heap        ] GC(1202) Humongous regions: 0->0
[234.988s][info][gc,metaspace   ] GC(1202) Metaspace: 14282K(15168K)->14282K(15168K) NonClass: 12332K(12928K)->12332K(12928K) Class: 1950K(2240K)->1950K(2240K)
[234.988s][info][gc             ] GC(1202) Pause Young (Normal) (G1 Evacuation Pause) 334M->8M(546M) 3.426ms
[234.988s][info][gc,cpu         ] GC(1202) User=0.00s Sys=0.00s Real=0.00s
[235.182s][info][gc,start       ] GC(1203) Pause Young (Normal) (G1 Evacuation Pause)
[235.182s][info][gc,task        ] GC(1203) Using 33 workers of 33 for evacuation
[235.186s][info][gc,phases      ] GC(1203)   Pre Evacuate Collection Set: 0.2ms
[235.186s][info][gc,phases      ] GC(1203)   Merge Heap Roots: 0.2ms
[235.186s][info][gc,phases      ] GC(1203)   Evacuate Collection Set: 0.4ms
[235.186s][info][gc,phases      ] GC(1203)   Post Evacuate Collection Set: 2.4ms
[235.186s][info][gc,phases      ] GC(1203)   Other: 0.1ms
[235.186s][info][gc,heap        ] GC(1203) Eden regions: 326->0(326)
[235.186s][info][gc,heap        ] GC(1203) Survivor regions: 1->1(41)
[235.186s][info][gc,heap        ] GC(1203) Old regions: 23->23
[235.186s][info][gc,heap        ] GC(1203) Archive regions: 0->0
[235.186s][info][gc,heap        ] GC(1203) Humongous regions: 0->0
[235.186s][info][gc,metaspace   ] GC(1203) Metaspace: 14282K(15168K)->14282K(15168K) NonClass: 12332K(12928K)->12332K(12928K) Class: 1950K(2240K)->1950K(2240K)
[235.186s][info][gc             ] GC(1203) Pause Young (Normal) (G1 Evacuation Pause) 334M->8M(546M) 3.453ms
[235.186s][info][gc,cpu         ] GC(1203) User=0.00s Sys=0.00s Real=0.00s
[235.380s][info][gc,start       ] GC(1204) Pause Young (Normal) (G1 Evacuation Pause)
[235.380s][info][gc,task        ] GC(1204) Using 33 workers of 33 for evacuation
[235.384s][info][gc,phases      ] GC(1204)   Pre Evacuate Collection Set: 0.2ms
[235.384s][info][gc,phases      ] GC(1204)   Merge Heap Roots: 0.1ms
[235.384s][info][gc,phases      ] GC(1204)   Evacuate Collection Set: 0.4ms
[235.384s][info][gc,phases      ] GC(1204)   Post Evacuate Collection Set: 2.5ms
[235.384s][info][gc,phases      ] GC(1204)   Other: 0.1ms
[235.384s][info][gc,heap        ] GC(1204) Eden regions: 326->0(326)
[235.384s][info][gc,heap        ] GC(1204) Survivor regions: 1->1(41)
[235.384s][info][gc,heap        ] GC(1204) Old regions: 23->23
[235.384s][info][gc,heap        ] GC(1204) Archive regions: 0->0
[235.384s][info][gc,heap        ] GC(1204) Humongous regions: 0->0
[235.384s][info][gc,metaspace   ] GC(1204) Metaspace: 14282K(15168K)->14282K(15168K) NonClass: 12332K(12928K)->12332K(12928K) Class: 1950K(2240K)->1950K(2240K)
[235.384s][info][gc             ] GC(1204) Pause Young (Normal) (G1 Evacuation Pause) 334M->8M(546M) 3.488ms
[235.384s][info][gc,cpu         ] GC(1204) User=0.00s Sys=0.00s Real=0.00s
[235.577s][info][gc,start       ] GC(1205) Pause Young (Normal) (G1 Evacuation Pause)
[235.577s][info][gc,task        ] GC(1205) Using 33 workers of 33 for evacuation
[235.580s][info][gc,phases      ] GC(1205)   Pre Evacuate Collection Set: 0.2ms
[235.580s][info][gc,phases      ] GC(1205)   Merge Heap Roots: 0.2ms
[235.580s][info][gc,phases      ] GC(1205)   Evacuate Collection Set: 0.4ms
[235.580s][info][gc,phases      ] GC(1205)   Post Evacuate Collection Set: 2.5ms
[235.580s][info][gc,phases      ] GC(1205)   Other: 0.1ms
[235.580s][info][gc,heap        ] GC(1205) Eden regions: 326->0(326)
[235.580s][info][gc,heap        ] GC(1205) Survivor regions: 1->1(41)
[235.580s][info][gc,heap        ] GC(1205) Old regions: 23->23
[235.580s][info][gc,heap        ] GC(1205) Archive regions: 0->0
[235.580s][info][gc,heap        ] GC(1205) Humongous regions: 0->0
[235.580s][info][gc,metaspace   ] GC(1205) Metaspace: 14282K(15168K)->14282K(15168K) NonClass: 12332K(12928K)->12332K(12928K) Class: 1950K(2240K)->1950K(2240K)
[235.580s][info][gc             ] GC(1205) Pause Young (Normal) (G1 Evacuation Pause) 334M->8M(546M) 3.578ms
[235.580s][info][gc,cpu         ] GC(1205) User=0.52s Sys=0.00s Real=0.00s
[235.772s][info][gc,start       ] GC(1206) Pause Young (Normal) (G1 Evacuation Pause)
[235.772s][info][gc,task        ] GC(1206) Using 33 workers of 33 for evacuation
[235.776s][info][gc,phases      ] GC(1206)   Pre Evacuate Collection Set: 0.2ms
[235.776s][info][gc,phases      ] GC(1206)   Merge Heap Roots: 0.2ms
[235.776s][info][gc,phases      ] GC(1206)   Evacuate Collection Set: 0.3ms
[235.776s][info][gc,phases      ] GC(1206)   Post Evacuate Collection Set: 2.5ms
[235.776s][info][gc,phases      ] GC(1206)   Other: 0.1ms
[235.776s][info][gc,heap        ] GC(1206) Eden regions: 326->0(326)
[235.776s][info][gc,heap        ] GC(1206) Survivor regions: 1->1(41)
[235.776s][info][gc,heap        ] GC(1206) Old regions: 23->23
[235.776s][info][gc,heap        ] GC(1206) Archive regions: 0->0
[235.776s][info][gc,heap        ] GC(1206) Humongous regions: 0->0
[235.776s][info][gc,metaspace   ] GC(1206) Metaspace: 14282K(15168K)->14282K(15168K) NonClass: 12332K(12928K)->12332K(12928K) Class: 1950K(2240K)->1950K(2240K)
[235.776s][info][gc             ] GC(1206) Pause Young (Normal) (G1 Evacuation Pause) 334M->8M(546M) 3.574ms
[235.776s][info][gc,cpu         ] GC(1206) User=0.00s Sys=0.00s Real=0.00s
[235.968s][info][gc,start       ] GC(1207) Pause Young (Normal) (G1 Evacuation Pause)
[235.968s][info][gc,task        ] GC(1207) Using 33 workers of 33 for evacuation
[235.971s][info][gc,phases      ] GC(1207)   Pre Evacuate Collection Set: 0.1ms
[235.971s][info][gc,phases      ] GC(1207)   Merge Heap Roots: 0.2ms
[235.971s][info][gc,phases      ] GC(1207)   Evacuate Collection Set: 0.3ms
[235.971s][info][gc,phases      ] GC(1207)   Post Evacuate Collection Set: 2.6ms
[235.971s][info][gc,phases      ] GC(1207)   Other: 0.1ms
[235.971s][info][gc,heap        ] GC(1207) Eden regions: 326->0(326)
[235.971s][info][gc,heap        ] GC(1207) Survivor regions: 1->1(41)
[235.971s][info][gc,heap        ] GC(1207) Old regions: 23->23
[235.971s][info][gc,heap        ] GC(1207) Archive regions: 0->0
[235.971s][info][gc,heap        ] GC(1207) Humongous regions: 0->0
[235.971s][info][gc,metaspace   ] GC(1207) Metaspace: 14282K(15168K)->14282K(15168K) NonClass: 12332K(12928K)->12332K(12928K) Class: 1950K(2240K)->1950K(2240K)
[235.971s][info][gc             ] GC(1207) Pause Young (Normal) (G1 Evacuation Pause) 334M->8M(546M) 3.548ms
[235.971s][info][gc,cpu         ] GC(1207) User=0.52s Sys=0.00s Real=0.00s
[236.164s][info][gc,start       ] GC(1208) Pause Young (Normal) (G1 Evacuation Pause)
[236.164s][info][gc,task        ] GC(1208) Using 33 workers of 33 for evacuation
[236.167s][info][gc,phases      ] GC(1208)   Pre Evacuate Collection Set: 0.2ms
[236.167s][info][gc,phases      ] GC(1208)   Merge Heap Roots: 0.1ms
[236.167s][info][gc,phases      ] GC(1208)   Evacuate Collection Set: 0.3ms
[236.167s][info][gc,phases      ] GC(1208)   Post Evacuate Collection Set: 2.6ms
[236.168s][info][gc,phases      ] GC(1208)   Other: 0.1ms
[236.168s][info][gc,heap        ] GC(1208) Eden regions: 326->0(326)
[236.168s][info][gc,heap        ] GC(1208) Survivor regions: 1->1(41)
[236.168s][info][gc,heap        ] GC(1208) Old regions: 23->24
[236.168s][info][gc,heap        ] GC(1208) Archive regions: 0->0
[236.168s][info][gc,heap        ] GC(1208) Humongous regions: 0->0
[236.168s][info][gc,metaspace   ] GC(1208) Metaspace: 14282K(15168K)->14282K(15168K) NonClass: 12332K(12928K)->12332K(12928K) Class: 1950K(2240K)->1950K(2240K)
[236.168s][info][gc             ] GC(1208) Pause Young (Normal) (G1 Evacuation Pause) 334M->8M(546M) 3.608ms
[236.168s][info][gc,cpu         ] GC(1208) User=0.00s Sys=0.00s Real=0.00s
[236.362s][info][gc,start       ] GC(1209) Pause Young (Normal) (G1 Evacuation Pause)
[236.362s][info][gc,task        ] GC(1209) Using 33 workers of 33 for evacuation
[236.365s][info][gc,phases      ] GC(1209)   Pre Evacuate Collection Set: 0.1ms
[236.365s][info][gc,phases      ] GC(1209)   Merge Heap Roots: 0.2ms
[236.365s][info][gc,phases      ] GC(1209)   Evacuate Collection Set: 0.3ms
[236.365s][info][gc,phases      ] GC(1209)   Post Evacuate Collection Set: 2.6ms
[236.365s][info][gc,phases      ] GC(1209)   Other: 0.1ms
[236.365s][info][gc,heap        ] GC(1209) Eden regions: 326->0(326)
[236.365s][info][gc,heap        ] GC(1209) Survivor regions: 1->1(41)
[236.365s][info][gc,heap        ] GC(1209) Old regions: 24->24
[236.365s][info][gc,heap        ] GC(1209) Archive regions: 0->0
[236.365s][info][gc,heap        ] GC(1209) Humongous regions: 0->0
[236.365s][info][gc,metaspace   ] GC(1209) Metaspace: 14282K(15168K)->14282K(15168K) NonClass: 12332K(12928K)->12332K(12928K) Class: 1950K(2240K)->1950K(2240K)
[236.365s][info][gc             ] GC(1209) Pause Young (Normal) (G1 Evacuation Pause) 334M->8M(546M) 3.585ms
[236.365s][info][gc,cpu         ] GC(1209) User=0.00s Sys=0.00s Real=0.00s
[236.561s][info][gc,start       ] GC(1210) Pause Young (Normal) (G1 Evacuation Pause)
[236.561s][info][gc,task        ] GC(1210) Using 33 workers of 33 for evacuation
[236.564s][info][gc,phases      ] GC(1210)   Pre Evacuate Collection Set: 0.2ms
[236.565s][info][gc,phases      ] GC(1210)   Merge Heap Roots: 0.1ms
[236.565s][info][gc,phases      ] GC(1210)   Evacuate Collection Set: 0.3ms
[236.565s][info][gc,phases      ] GC(1210)   Post Evacuate Collection Set: 2.7ms
[236.565s][info][gc,phases      ] GC(1210)   Other: 0.1ms
[236.565s][info][gc,heap        ] GC(1210) Eden regions: 326->0(326)
[236.565s][info][gc,heap        ] GC(1210) Survivor regions: 1->1(41)
[236.565s][info][gc,heap        ] GC(1210) Old regions: 24->24
[236.565s][info][gc,heap        ] GC(1210) Archive regions: 0->0
[236.565s][info][gc,heap        ] GC(1210) Humongous regions: 0->0
[236.565s][info][gc,metaspace   ] GC(1210) Metaspace: 14282K(15168K)->14282K(15168K) NonClass: 12332K(12928K)->12332K(12928K) Class: 1950K(2240K)->1950K(2240K)
[236.565s][info][gc             ] GC(1210) Pause Young (Normal) (G1 Evacuation Pause) 334M->8M(546M) 3.687ms
[236.565s][info][gc,cpu         ] GC(1210) User=0.52s Sys=0.00s Real=0.00s
[236.758s][info][gc,start       ] GC(1211) Pause Young (Normal) (G1 Evacuation Pause)
[236.758s][info][gc,task        ] GC(1211) Using 33 workers of 33 for evacuation
[236.762s][info][gc,phases      ] GC(1211)   Pre Evacuate Collection Set: 0.2ms
[236.762s][info][gc,phases      ] GC(1211)   Merge Heap Roots: 0.2ms
[236.762s][info][gc,phases      ] GC(1211)   Evacuate Collection Set: 0.3ms
[236.762s][info][gc,phases      ] GC(1211)   Post Evacuate Collection Set: 2.7ms
[236.762s][info][gc,phases      ] GC(1211)   Other: 0.1ms
[236.762s][info][gc,heap        ] GC(1211) Eden regions: 326->0(326)
[236.762s][info][gc,heap        ] GC(1211) Survivor regions: 1->1(41)
[236.762s][info][gc,heap        ] GC(1211) Old regions: 24->24
[236.762s][info][gc,heap        ] GC(1211) Archive regions: 0->0
[236.762s][info][gc,heap        ] GC(1211) Humongous regions: 0->0
[236.762s][info][gc,metaspace   ] GC(1211) Metaspace: 14282K(15168K)->14282K(15168K) NonClass: 12332K(12928K)->12332K(12928K) Class: 1950K(2240K)->1950K(2240K)
[236.762s][info][gc             ] GC(1211) Pause Young (Normal) (G1 Evacuation Pause) 334M->8M(546M) 3.665ms
[236.762s][info][gc,cpu         ] GC(1211) User=0.00s Sys=0.00s Real=0.00s
[236.956s][info][gc,start       ] GC(1212) Pause Young (Normal) (G1 Evacuation Pause)
[236.956s][info][gc,task        ] GC(1212) Using 33 workers of 33 for evacuation
[236.960s][info][gc,phases      ] GC(1212)   Pre Evacuate Collection Set: 0.2ms
[236.960s][info][gc,phases      ] GC(1212)   Merge Heap Roots: 0.2ms
[236.960s][info][gc,phases      ] GC(1212)   Evacuate Collection Set: 0.3ms
[236.960s][info][gc,phases      ] GC(1212)   Post Evacuate Collection Set: 2.7ms
[236.960s][info][gc,phases      ] GC(1212)   Other: 0.1ms
[236.960s][info][gc,heap        ] GC(1212) Eden regions: 326->0(326)
[236.960s][info][gc,heap        ] GC(1212) Survivor regions: 1->1(41)
[236.960s][info][gc,heap        ] GC(1212) Old regions: 24->24
[236.960s][info][gc,heap        ] GC(1212) Archive regions: 0->0
[236.960s][info][gc,heap        ] GC(1212) Humongous regions: 0->0
[236.960s][info][gc,metaspace   ] GC(1212) Metaspace: 14282K(15168K)->14282K(15168K) NonClass: 12332K(12928K)->12332K(12928K) Class: 1950K(2240K)->1950K(2240K)
[236.960s][info][gc             ] GC(1212) Pause Young (Normal) (G1 Evacuation Pause) 334M->8M(546M) 3.764ms
[236.960s][info][gc,cpu         ] GC(1212) User=0.00s Sys=0.00s Real=0.00s
[237.154s][info][gc,start       ] GC(1213) Pause Young (Normal) (G1 Evacuation Pause)
[237.154s][info][gc,task        ] GC(1213) Using 33 workers of 33 for evacuation
[237.158s][info][gc,phases      ] GC(1213)   Pre Evacuate Collection Set: 0.2ms
[237.158s][info][gc,phases      ] GC(1213)   Merge Heap Roots: 0.1ms
[237.158s][info][gc,phases      ] GC(1213)   Evacuate Collection Set: 0.3ms
[237.158s][info][gc,phases      ] GC(1213)   Post Evacuate Collection Set: 2.8ms
[237.158s][info][gc,phases      ] GC(1213)   Other: 0.1ms
[237.158s][info][gc,heap        ] GC(1213) Eden regions: 326->0(326)
[237.158s][info][gc,heap        ] GC(1213) Survivor regions: 1->1(41)
[237.158s][info][gc,heap        ] GC(1213) Old regions: 24->24
[237.158s][info][gc,heap        ] GC(1213) Archive regions: 0->0
[237.158s][info][gc,heap        ] GC(1213) Humongous regions: 0->0
[237.158s][info][gc,metaspace   ] GC(1213) Metaspace: 14282K(15168K)->14282K(15168K) NonClass: 12332K(12928K)->12332K(12928K) Class: 1950K(2240K)->1950K(2240K)
[237.158s][info][gc             ] GC(1213) Pause Young (Normal) (G1 Evacuation Pause) 334M->9M(546M) 3.708ms
[237.158s][info][gc,cpu         ] GC(1213) User=0.52s Sys=0.00s Real=0.00s
[237.353s][info][gc,start       ] GC(1214) Pause Young (Normal) (G1 Evacuation Pause)
[237.353s][info][gc,task        ] GC(1214) Using 33 workers of 33 for evacuation
[237.356s][info][gc,phases      ] GC(1214)   Pre Evacuate Collection Set: 0.2ms
[237.374s][info][gc,phases      ] GC(1214)   Merge Heap Roots: 0.2ms
[237.374s][info][gc,phases      ] GC(1214)   Evacuate Collection Set: 0.3ms
[237.374s][info][gc,phases      ] GC(1214)   Post Evacuate Collection Set: 2.8ms
[237.374s][info][gc,phases      ] GC(1214)   Other: 0.1ms
[237.374s][info][gc,heap        ] GC(1214) Eden regions: 326->0(326)
[237.374s][info][gc,heap        ] GC(1214) Survivor regions: 1->1(41)
[237.374s][info][gc,heap        ] GC(1214) Old regions: 24->24
[237.374s][info][gc,heap        ] GC(1214) Archive regions: 0->0
[237.374s][info][gc,heap        ] GC(1214) Humongous regions: 0->0
[237.374s][info][gc,metaspace   ] GC(1214) Metaspace: 14282K(15168K)->14282K(15168K) NonClass: 12332K(12928K)->12332K(12928K) Class: 1950K(2240K)->1950K(2240K)
[237.374s][info][gc             ] GC(1214) Pause Young (Normal) (G1 Evacuation Pause) 335M->9M(546M) 21.823ms
[237.374s][info][gc,cpu         ] GC(1214) User=0.00s Sys=0.00s Real=0.02s
[237.707s][info][gc,start       ] GC(1215) Pause Young (Normal) (G1 Evacuation Pause)
[237.707s][info][gc,task        ] GC(1215) Using 33 workers of 33 for evacuation
[237.712s][info][gc,phases      ] GC(1215)   Pre Evacuate Collection Set: 0.2ms
[237.712s][info][gc,phases      ] GC(1215)   Merge Heap Roots: 0.3ms
[237.712s][info][gc,phases      ] GC(1215)   Evacuate Collection Set: 0.6ms
[237.712s][info][gc,phases      ] GC(1215)   Post Evacuate Collection Set: 3.7ms
[237.712s][info][gc,phases      ] GC(1215)   Other: 0.2ms
[237.712s][info][gc,heap        ] GC(1215) Eden regions: 326->0(326)
[237.712s][info][gc,heap        ] GC(1215) Survivor regions: 1->1(41)
[237.712s][info][gc,heap        ] GC(1215) Old regions: 24->24
[237.712s][info][gc,heap        ] GC(1215) Archive regions: 0->0
[237.712s][info][gc,heap        ] GC(1215) Humongous regions: 0->0
[237.712s][info][gc,metaspace   ] GC(1215) Metaspace: 14282K(15168K)->14282K(15168K) NonClass: 12332K(12928K)->12332K(12928K) Class: 1950K(2240K)->1950K(2240K)
[237.713s][info][gc             ] GC(1215) Pause Young (Normal) (G1 Evacuation Pause) 335M->9M(546M) 5.535ms
[237.713s][info][gc,cpu         ] GC(1215) User=0.00s Sys=0.00s Real=0.00s
[237.911s][info][gc,start       ] GC(1216) Pause Young (Normal) (G1 Evacuation Pause)
[237.911s][info][gc,task        ] GC(1216) Using 33 workers of 33 for evacuation
[237.915s][info][gc,phases      ] GC(1216)   Pre Evacuate Collection Set: 0.2ms
[237.915s][info][gc,phases      ] GC(1216)   Merge Heap Roots: 0.2ms
[237.915s][info][gc,phases      ] GC(1216)   Evacuate Collection Set: 0.4ms
[237.915s][info][gc,phases      ] GC(1216)   Post Evacuate Collection Set: 2.7ms
[237.915s][info][gc,phases      ] GC(1216)   Other: 0.1ms
[237.915s][info][gc,heap        ] GC(1216) Eden regions: 326->0(326)
[237.915s][info][gc,heap        ] GC(1216) Survivor regions: 1->1(41)
[237.915s][info][gc,heap        ] GC(1216) Old regions: 24->24
[237.915s][info][gc,heap        ] GC(1216) Archive regions: 0->0
[237.915s][info][gc,heap        ] GC(1216) Humongous regions: 0->0
[237.915s][info][gc,metaspace   ] GC(1216) Metaspace: 14282K(15168K)->14282K(15168K) NonClass: 12332K(12928K)->12332K(12928K) Class: 1950K(2240K)->1950K(2240K)
[237.915s][info][gc             ] GC(1216) Pause Young (Normal) (G1 Evacuation Pause) 335M->9M(546M) 3.707ms
[237.915s][info][gc,cpu         ] GC(1216) User=0.00s Sys=0.00s Real=0.00s
[238.109s][info][gc,start       ] GC(1217) Pause Young (Normal) (G1 Evacuation Pause)
[238.109s][info][gc,task        ] GC(1217) Using 33 workers of 33 for evacuation
[238.112s][info][gc,phases      ] GC(1217)   Pre Evacuate Collection Set: 0.2ms
[238.112s][info][gc,phases      ] GC(1217)   Merge Heap Roots: 0.1ms
[238.112s][info][gc,phases      ] GC(1217)   Evacuate Collection Set: 0.4ms
[238.112s][info][gc,phases      ] GC(1217)   Post Evacuate Collection Set: 2.5ms
[238.112s][info][gc,phases      ] GC(1217)   Other: 0.1ms
[238.112s][info][gc,heap        ] GC(1217) Eden regions: 326->0(326)
[238.112s][info][gc,heap        ] GC(1217) Survivor regions: 1->1(41)
[238.112s][info][gc,heap        ] GC(1217) Old regions: 24->24
[238.112s][info][gc,heap        ] GC(1217) Archive regions: 0->0
[238.112s][info][gc,heap        ] GC(1217) Humongous regions: 0->0
[238.112s][info][gc,metaspace   ] GC(1217) Metaspace: 14282K(15168K)->14282K(15168K) NonClass: 12332K(12928K)->12332K(12928K) Class: 1950K(2240K)->1950K(2240K)
[238.112s][info][gc             ] GC(1217) Pause Young (Normal) (G1 Evacuation Pause) 335M->9M(546M) 3.553ms
[238.112s][info][gc,cpu         ] GC(1217) User=0.34s Sys=0.05s Real=0.00s
[238.307s][info][gc,start       ] GC(1218) Pause Young (Normal) (G1 Evacuation Pause)
[238.307s][info][gc,task        ] GC(1218) Using 33 workers of 33 for evacuation
[238.310s][info][gc,phases      ] GC(1218)   Pre Evacuate Collection Set: 0.2ms
[238.310s][info][gc,phases      ] GC(1218)   Merge Heap Roots: 0.2ms
[238.310s][info][gc,phases      ] GC(1218)   Evacuate Collection Set: 0.3ms
[238.310s][info][gc,phases      ] GC(1218)   Post Evacuate Collection Set: 2.5ms
[238.310s][info][gc,phases      ] GC(1218)   Other: 0.1ms
[238.310s][info][gc,heap        ] GC(1218) Eden regions: 326->0(326)
[238.310s][info][gc,heap        ] GC(1218) Survivor regions: 1->1(41)
[238.310s][info][gc,heap        ] GC(1218) Old regions: 24->24
[238.310s][info][gc,heap        ] GC(1218) Archive regions: 0->0
[238.310s][info][gc,heap        ] GC(1218) Humongous regions: 0->0
[238.310s][info][gc,metaspace   ] GC(1218) Metaspace: 14282K(15168K)->14282K(15168K) NonClass: 12332K(12928K)->12332K(12928K) Class: 1950K(2240K)->1950K(2240K)
[238.310s][info][gc             ] GC(1218) Pause Young (Normal) (G1 Evacuation Pause) 335M->9M(546M) 3.509ms
[238.310s][info][gc,cpu         ] GC(1218) User=0.00s Sys=0.00s Real=0.00s
[238.506s][info][gc,start       ] GC(1219) Pause Young (Normal) (G1 Evacuation Pause)
[238.506s][info][gc,task        ] GC(1219) Using 33 workers of 33 for evacuation
[238.509s][info][gc,phases      ] GC(1219)   Pre Evacuate Collection Set: 0.1ms
[238.509s][info][gc,phases      ] GC(1219)   Merge Heap Roots: 0.1ms
[238.509s][info][gc,phases      ] GC(1219)   Evacuate Collection Set: 0.3ms
[238.509s][info][gc,phases      ] GC(1219)   Post Evacuate Collection Set: 2.3ms
[238.509s][info][gc,phases      ] GC(1219)   Other: 0.1ms
[238.509s][info][gc,heap        ] GC(1219) Eden regions: 326->0(326)
[238.509s][info][gc,heap        ] GC(1219) Survivor regions: 1->1(41)
[238.509s][info][gc,heap        ] GC(1219) Old regions: 24->24
[238.509s][info][gc,heap        ] GC(1219) Archive regions: 0->0
[238.509s][info][gc,heap        ] GC(1219) Humongous regions: 0->0
[238.509s][info][gc,metaspace   ] GC(1219) Metaspace: 14282K(15168K)->14282K(15168K) NonClass: 12332K(12928K)->12332K(12928K) Class: 1950K(2240K)->1950K(2240K)
[238.509s][info][gc             ] GC(1219) Pause Young (Normal) (G1 Evacuation Pause) 335M->9M(546M) 3.264ms
[238.509s][info][gc,cpu         ] GC(1219) User=0.00s Sys=0.00s Real=0.00s
[238.703s][info][gc,start       ] GC(1220) Pause Young (Normal) (G1 Evacuation Pause)
[238.703s][info][gc,task        ] GC(1220) Using 33 workers of 33 for evacuation
[238.707s][info][gc,phases      ] GC(1220)   Pre Evacuate Collection Set: 0.2ms
[238.707s][info][gc,phases      ] GC(1220)   Merge Heap Roots: 0.2ms
[238.707s][info][gc,phases      ] GC(1220)   Evacuate Collection Set: 0.3ms
[238.707s][info][gc,phases      ] GC(1220)   Post Evacuate Collection Set: 2.4ms
[238.707s][info][gc,phases      ] GC(1220)   Other: 0.1ms
[238.707s][info][gc,heap        ] GC(1220) Eden regions: 326->0(326)
[238.707s][info][gc,heap        ] GC(1220) Survivor regions: 1->1(41)
[238.707s][info][gc,heap        ] GC(1220) Old regions: 24->24
[238.707s][info][gc,heap        ] GC(1220) Archive regions: 0->0
[238.707s][info][gc,heap        ] GC(1220) Humongous regions: 0->0
[238.707s][info][gc,metaspace   ] GC(1220) Metaspace: 14282K(15168K)->14282K(15168K) NonClass: 12332K(12928K)->12332K(12928K) Class: 1950K(2240K)->1950K(2240K)
[238.707s][info][gc             ] GC(1220) Pause Young (Normal) (G1 Evacuation Pause) 335M->9M(546M) 3.386ms
[238.707s][info][gc,cpu         ] GC(1220) User=0.02s Sys=0.00s Real=0.00s
[238.901s][info][gc,start       ] GC(1221) Pause Young (Normal) (G1 Evacuation Pause)
[238.901s][info][gc,task        ] GC(1221) Using 33 workers of 33 for evacuation
[238.905s][info][gc,phases      ] GC(1221)   Pre Evacuate Collection Set: 0.2ms
[238.905s][info][gc,phases      ] GC(1221)   Merge Heap Roots: 0.2ms
[238.905s][info][gc,phases      ] GC(1221)   Evacuate Collection Set: 0.3ms
[238.905s][info][gc,phases      ] GC(1221)   Post Evacuate Collection Set: 2.4ms
[238.905s][info][gc,phases      ] GC(1221)   Other: 0.1ms
[238.905s][info][gc,heap        ] GC(1221) Eden regions: 326->0(326)
[238.905s][info][gc,heap        ] GC(1221) Survivor regions: 1->1(41)
[238.905s][info][gc,heap        ] GC(1221) Old regions: 24->24
[238.905s][info][gc,heap        ] GC(1221) Archive regions: 0->0
[238.905s][info][gc,heap        ] GC(1221) Humongous regions: 0->0
[238.905s][info][gc,metaspace   ] GC(1221) Metaspace: 14282K(15168K)->14282K(15168K) NonClass: 12332K(12928K)->12332K(12928K) Class: 1950K(2240K)->1950K(2240K)
[238.905s][info][gc             ] GC(1221) Pause Young (Normal) (G1 Evacuation Pause) 335M->9M(546M) 3.444ms
[238.905s][info][gc,cpu         ] GC(1221) User=0.00s Sys=0.00s Real=0.00s
[239.099s][info][gc,start       ] GC(1222) Pause Young (Normal) (G1 Evacuation Pause)
[239.099s][info][gc,task        ] GC(1222) Using 33 workers of 33 for evacuation
[239.102s][info][gc,phases      ] GC(1222)   Pre Evacuate Collection Set: 0.1ms
[239.102s][info][gc,phases      ] GC(1222)   Merge Heap Roots: 0.2ms
[239.102s][info][gc,phases      ] GC(1222)   Evacuate Collection Set: 0.4ms
[239.102s][info][gc,phases      ] GC(1222)   Post Evacuate Collection Set: 2.4ms
[239.102s][info][gc,phases      ] GC(1222)   Other: 0.1ms
[239.102s][info][gc,heap        ] GC(1222) Eden regions: 326->0(326)
[239.102s][info][gc,heap        ] GC(1222) Survivor regions: 1->1(41)
[239.102s][info][gc,heap        ] GC(1222) Old regions: 24->24
[239.102s][info][gc,heap        ] GC(1222) Archive regions: 0->0
[239.102s][info][gc,heap        ] GC(1222) Humongous regions: 0->0
[239.102s][info][gc,metaspace   ] GC(1222) Metaspace: 14282K(15168K)->14282K(15168K) NonClass: 12332K(12928K)->12332K(12928K) Class: 1950K(2240K)->1950K(2240K)
[239.102s][info][gc             ] GC(1222) Pause Young (Normal) (G1 Evacuation Pause) 335M->9M(546M) 3.440ms
[239.102s][info][gc,cpu         ] GC(1222) User=0.00s Sys=0.00s Real=0.00s
[239.297s][info][gc,start       ] GC(1223) Pause Young (Normal) (G1 Evacuation Pause)
[239.297s][info][gc,task        ] GC(1223) Using 33 workers of 33 for evacuation
[239.301s][info][gc,phases      ] GC(1223)   Pre Evacuate Collection Set: 0.2ms
[239.301s][info][gc,phases      ] GC(1223)   Merge Heap Roots: 0.2ms
[239.301s][info][gc,phases      ] GC(1223)   Evacuate Collection Set: 0.3ms
[239.301s][info][gc,phases      ] GC(1223)   Post Evacuate Collection Set: 2.5ms
[239.301s][info][gc,phases      ] GC(1223)   Other: 0.1ms
[239.301s][info][gc,heap        ] GC(1223) Eden regions: 326->0(326)
[239.301s][info][gc,heap        ] GC(1223) Survivor regions: 1->1(41)
[239.301s][info][gc,heap        ] GC(1223) Old regions: 24->24
[239.301s][info][gc,heap        ] GC(1223) Archive regions: 0->0
[239.301s][info][gc,heap        ] GC(1223) Humongous regions: 0->0
[239.301s][info][gc,metaspace   ] GC(1223) Metaspace: 14282K(15168K)->14282K(15168K) NonClass: 12332K(12928K)->12332K(12928K) Class: 1950K(2240K)->1950K(2240K)
[239.301s][info][gc             ] GC(1223) Pause Young (Normal) (G1 Evacuation Pause) 335M->9M(546M) 3.506ms
[239.301s][info][gc,cpu         ] GC(1223) User=0.00s Sys=0.00s Real=0.00s
[239.496s][info][gc,start       ] GC(1224) Pause Young (Normal) (G1 Evacuation Pause)
[239.496s][info][gc,task        ] GC(1224) Using 33 workers of 33 for evacuation
[239.499s][info][gc,phases      ] GC(1224)   Pre Evacuate Collection Set: 0.2ms
[239.499s][info][gc,phases      ] GC(1224)   Merge Heap Roots: 0.2ms
[239.499s][info][gc,phases      ] GC(1224)   Evacuate Collection Set: 0.4ms
[239.500s][info][gc,phases      ] GC(1224)   Post Evacuate Collection Set: 2.5ms
[239.500s][info][gc,phases      ] GC(1224)   Other: 0.1ms
[239.500s][info][gc,heap        ] GC(1224) Eden regions: 326->0(326)
[239.500s][info][gc,heap        ] GC(1224) Survivor regions: 1->1(41)
[239.500s][info][gc,heap        ] GC(1224) Old regions: 24->24
[239.500s][info][gc,heap        ] GC(1224) Archive regions: 0->0
[239.500s][info][gc,heap        ] GC(1224) Humongous regions: 0->0
[239.500s][info][gc,metaspace   ] GC(1224) Metaspace: 14282K(15168K)->14282K(15168K) NonClass: 12332K(12928K)->12332K(12928K) Class: 1950K(2240K)->1950K(2240K)
[239.500s][info][gc             ] GC(1224) Pause Young (Normal) (G1 Evacuation Pause) 335M->9M(546M) 3.538ms
[239.500s][info][gc,cpu         ] GC(1224) User=0.00s Sys=0.00s Real=0.00s
[239.696s][info][gc,start       ] GC(1225) Pause Young (Normal) (G1 Evacuation Pause)
[239.696s][info][gc,task        ] GC(1225) Using 33 workers of 33 for evacuation
[239.700s][info][gc,phases      ] GC(1225)   Pre Evacuate Collection Set: 0.2ms
[239.700s][info][gc,phases      ] GC(1225)   Merge Heap Roots: 0.2ms
[239.700s][info][gc,phases      ] GC(1225)   Evacuate Collection Set: 0.4ms
[239.700s][info][gc,phases      ] GC(1225)   Post Evacuate Collection Set: 2.6ms
[239.700s][info][gc,phases      ] GC(1225)   Other: 0.1ms
[239.700s][info][gc,heap        ] GC(1225) Eden regions: 326->0(326)
[239.700s][info][gc,heap        ] GC(1225) Survivor regions: 1->1(41)
[239.700s][info][gc,heap        ] GC(1225) Old regions: 24->24
[239.700s][info][gc,heap        ] GC(1225) Archive regions: 0->0
[239.700s][info][gc,heap        ] GC(1225) Humongous regions: 0->0
[239.700s][info][gc,metaspace   ] GC(1225) Metaspace: 14282K(15168K)->14282K(15168K) NonClass: 12332K(12928K)->12332K(12928K) Class: 1950K(2240K)->1950K(2240K)
[239.700s][info][gc             ] GC(1225) Pause Young (Normal) (G1 Evacuation Pause) 335M->9M(546M) 3.685ms
[239.700s][info][gc,cpu         ] GC(1225) User=0.00s Sys=0.00s Real=0.00s
[239.904s][info][gc,start       ] GC(1226) Pause Young (Normal) (G1 Evacuation Pause)
[239.904s][info][gc,task        ] GC(1226) Using 33 workers of 33 for evacuation
[239.907s][info][gc,phases      ] GC(1226)   Pre Evacuate Collection Set: 0.1ms
[239.907s][info][gc,phases      ] GC(1226)   Merge Heap Roots: 0.2ms
[239.907s][info][gc,phases      ] GC(1226)   Evacuate Collection Set: 0.4ms
[239.907s][info][gc,phases      ] GC(1226)   Post Evacuate Collection Set: 2.6ms
[239.907s][info][gc,phases      ] GC(1226)   Other: 0.1ms
[239.907s][info][gc,heap        ] GC(1226) Eden regions: 326->0(326)
[239.907s][info][gc,heap        ] GC(1226) Survivor regions: 1->1(41)
[239.907s][info][gc,heap        ] GC(1226) Old regions: 24->24
[239.907s][info][gc,heap        ] GC(1226) Archive regions: 0->0
[239.907s][info][gc,heap        ] GC(1226) Humongous regions: 0->0
[239.907s][info][gc,metaspace   ] GC(1226) Metaspace: 14282K(15168K)->14282K(15168K) NonClass: 12332K(12928K)->12332K(12928K) Class: 1950K(2240K)->1950K(2240K)
[239.907s][info][gc             ] GC(1226) Pause Young (Normal) (G1 Evacuation Pause) 335M->9M(546M) 3.631ms
[239.907s][info][gc,cpu         ] GC(1226) User=0.52s Sys=0.00s Real=0.00s
[240.126s][info][gc,start       ] GC(1227) Pause Young (Normal) (G1 Evacuation Pause)
[240.126s][info][gc,task        ] GC(1227) Using 33 workers of 33 for evacuation
[240.129s][info][gc,phases      ] GC(1227)   Pre Evacuate Collection Set: 0.1ms
[240.129s][info][gc,phases      ] GC(1227)   Merge Heap Roots: 0.2ms
[240.129s][info][gc,phases      ] GC(1227)   Evacuate Collection Set: 0.3ms
[240.129s][info][gc,phases      ] GC(1227)   Post Evacuate Collection Set: 2.6ms
[240.129s][info][gc,phases      ] GC(1227)   Other: 0.1ms
[240.129s][info][gc,heap        ] GC(1227) Eden regions: 326->0(326)
[240.129s][info][gc,heap        ] GC(1227) Survivor regions: 1->1(41)
[240.129s][info][gc,heap        ] GC(1227) Old regions: 24->24
[240.129s][info][gc,heap        ] GC(1227) Archive regions: 0->0
[240.129s][info][gc,heap        ] GC(1227) Humongous regions: 0->0
[240.129s][info][gc,metaspace   ] GC(1227) Metaspace: 14282K(15168K)->14282K(15168K) NonClass: 12332K(12928K)->12332K(12928K) Class: 1950K(2240K)->1950K(2240K)
[240.129s][info][gc             ] GC(1227) Pause Young (Normal) (G1 Evacuation Pause) 335M->9M(546M) 3.602ms
[240.129s][info][gc,cpu         ] GC(1227) User=0.00s Sys=0.00s Real=0.00s
[240.353s][info][gc,start       ] GC(1228) Pause Young (Normal) (G1 Evacuation Pause)
[240.353s][info][gc,task        ] GC(1228) Using 33 workers of 33 for evacuation
[240.357s][info][gc,phases      ] GC(1228)   Pre Evacuate Collection Set: 0.1ms
[240.357s][info][gc,phases      ] GC(1228)   Merge Heap Roots: 0.2ms
[240.357s][info][gc,phases      ] GC(1228)   Evacuate Collection Set: 0.4ms
[240.357s][info][gc,phases      ] GC(1228)   Post Evacuate Collection Set: 2.8ms
[240.357s][info][gc,phases      ] GC(1228)   Other: 0.1ms
[240.357s][info][gc,heap        ] GC(1228) Eden regions: 326->0(326)
[240.357s][info][gc,heap        ] GC(1228) Survivor regions: 1->1(41)
[240.357s][info][gc,heap        ] GC(1228) Old regions: 24->24
[240.357s][info][gc,heap        ] GC(1228) Archive regions: 0->0
[240.357s][info][gc,heap        ] GC(1228) Humongous regions: 0->0
[240.357s][info][gc,metaspace   ] GC(1228) Metaspace: 14282K(15168K)->14282K(15168K) NonClass: 12332K(12928K)->12332K(12928K) Class: 1950K(2240K)->1950K(2240K)
[240.357s][info][gc             ] GC(1228) Pause Young (Normal) (G1 Evacuation Pause) 335M->9M(546M) 3.858ms
[240.357s][info][gc,cpu         ] GC(1228) User=0.00s Sys=0.00s Real=0.00s
[240.508s][info][gc,start       ] GC(1229) Pause Young (Normal) (G1 Evacuation Pause)
[240.508s][info][gc,task        ] GC(1229) Using 33 workers of 33 for evacuation
[240.512s][info][gc,phases      ] GC(1229)   Pre Evacuate Collection Set: 0.1ms
[240.512s][info][gc,phases      ] GC(1229)   Merge Heap Roots: 0.2ms
[240.512s][info][gc,phases      ] GC(1229)   Evacuate Collection Set: 0.4ms
[240.512s][info][gc,phases      ] GC(1229)   Post Evacuate Collection Set: 2.7ms
[240.512s][info][gc,phases      ] GC(1229)   Other: 0.1ms
[240.512s][info][gc,heap        ] GC(1229) Eden regions: 326->0(326)
[240.512s][info][gc,heap        ] GC(1229) Survivor regions: 1->1(41)
[240.512s][info][gc,heap        ] GC(1229) Old regions: 24->24
[240.512s][info][gc,heap        ] GC(1229) Archive regions: 0->0
[240.512s][info][gc,heap        ] GC(1229) Humongous regions: 0->0
[240.512s][info][gc,metaspace   ] GC(1229) Metaspace: 14282K(15168K)->14282K(15168K) NonClass: 12332K(12928K)->12332K(12928K) Class: 1950K(2240K)->1950K(2240K)
[240.512s][info][gc             ] GC(1229) Pause Young (Normal) (G1 Evacuation Pause) 335M->9M(546M) 3.688ms
[240.512s][info][gc,cpu         ] GC(1229) User=0.00s Sys=0.00s Real=0.00s
[240.811s][info][gc,start       ] GC(1230) Pause Full (System.gc())
[240.811s][info][gc,task        ] GC(1230) Using 23 workers of 33 for full compaction
[240.812s][info][gc,phases,start] GC(1230) Phase 1: Mark live objects
[240.819s][info][gc,phases      ] GC(1230) Phase 1: Mark live objects 6.940ms
[240.819s][info][gc,phases,start] GC(1230) Phase 2: Prepare compaction
[240.820s][info][gc,phases      ] GC(1230) Phase 2: Prepare compaction 0.897ms
[240.820s][info][gc,phases,start] GC(1230) Phase 3: Adjust pointers
[240.825s][info][gc,phases      ] GC(1230) Phase 3: Adjust pointers 4.871ms
[240.825s][info][gc,phases,start] GC(1230) Phase 4: Compact heap
[240.825s][info][gc,phases      ] GC(1230) Phase 4: Compact heap 0.566ms
[240.832s][info][gc,heap        ] GC(1230) Eden regions: 320->0(40)
[240.832s][info][gc,heap        ] GC(1230) Survivor regions: 1->0(41)
[240.832s][info][gc,heap        ] GC(1230) Old regions: 24->20
[240.832s][info][gc,heap        ] GC(1230) Archive regions: 0->0
[240.832s][info][gc,heap        ] GC(1230) Humongous regions: 0->0
[240.832s][info][gc,metaspace   ] GC(1230) Metaspace: 14282K(15168K)->14282K(15168K) NonClass: 12332K(12928K)->12332K(12928K) Class: 1950K(2240K)->1950K(2240K)
[240.832s][info][gc             ] GC(1230) Pause Full (System.gc()) 329M->5M(67M) 21.352ms
[240.832s][info][gc,cpu         ] GC(1230) User=0.36s Sys=0.00s Real=0.02s
[240.862s][info][gc,start       ] GC(1231) Pause Young (Normal) (G1 Evacuation Pause)
[240.862s][info][gc,task        ] GC(1231) Using 33 workers of 33 for evacuation
[240.865s][info][gc,phases      ] GC(1231)   Pre Evacuate Collection Set: 0.1ms
[240.865s][info][gc,phases      ] GC(1231)   Merge Heap Roots: 0.1ms
[240.865s][info][gc,phases      ] GC(1231)   Evacuate Collection Set: 0.5ms
[240.865s][info][gc,phases      ] GC(1231)   Post Evacuate Collection Set: 2.5ms
[240.865s][info][gc,phases      ] GC(1231)   Other: 0.1ms
[240.865s][info][gc,heap        ] GC(1231) Eden regions: 40->0(38)
[240.865s][info][gc,heap        ] GC(1231) Survivor regions: 0->2(5)
[240.865s][info][gc,heap        ] GC(1231) Old regions: 20->20
[240.865s][info][gc,heap        ] GC(1231) Archive regions: 0->0
[240.865s][info][gc,heap        ] GC(1231) Humongous regions: 0->0
[240.865s][info][gc,metaspace   ] GC(1231) Metaspace: 14282K(15168K)->14282K(15168K) NonClass: 12332K(12928K)->12332K(12928K) Class: 1950K(2240K)->1950K(2240K)
[240.865s][info][gc             ] GC(1231) Pause Young (Normal) (G1 Evacuation Pause) 45M->6M(67M) 3.497ms
[240.866s][info][gc,cpu         ] GC(1231) User=0.00s Sys=0.00s Real=0.00s
[240.886s][info][gc,start       ] GC(1232) Pause Young (Normal) (G1 Evacuation Pause)
[240.886s][info][gc,task        ] GC(1232) Using 33 workers of 33 for evacuation
[240.889s][info][gc,phases      ] GC(1232)   Pre Evacuate Collection Set: 0.1ms
[240.889s][info][gc,phases      ] GC(1232)   Merge Heap Roots: 0.1ms
[240.889s][info][gc,phases      ] GC(1232)   Evacuate Collection Set: 0.4ms
[240.889s][info][gc,phases      ] GC(1232)   Post Evacuate Collection Set: 2.3ms
[240.889s][info][gc,phases      ] GC(1232)   Other: 0.1ms
[240.889s][info][gc,heap        ] GC(1232) Eden regions: 38->0(38)
[240.889s][info][gc,heap        ] GC(1232) Survivor regions: 2->2(5)
[240.889s][info][gc,heap        ] GC(1232) Old regions: 20->20
[240.889s][info][gc,heap        ] GC(1232) Archive regions: 0->0
[240.889s][info][gc,heap        ] GC(1232) Humongous regions: 0->0
[240.889s][info][gc,metaspace   ] GC(1232) Metaspace: 14282K(15168K)->14282K(15168K) NonClass: 12332K(12928K)->12332K(12928K) Class: 1950K(2240K)->1950K(2240K)
[240.889s][info][gc             ] GC(1232) Pause Young (Normal) (G1 Evacuation Pause) 44M->6M(67M) 3.117ms
[240.889s][info][gc,cpu         ] GC(1232) User=0.00s Sys=0.00s Real=0.00s
[240.909s][info][gc,start       ] GC(1233) Pause Young (Normal) (G1 Evacuation Pause)
[240.909s][info][gc,task        ] GC(1233) Using 33 workers of 33 for evacuation
[240.912s][info][gc,phases      ] GC(1233)   Pre Evacuate Collection Set: 0.1ms
[240.912s][info][gc,phases      ] GC(1233)   Merge Heap Roots: 0.1ms
[240.912s][info][gc,phases      ] GC(1233)   Evacuate Collection Set: 0.4ms
[240.912s][info][gc,phases      ] GC(1233)   Post Evacuate Collection Set: 2.3ms
[240.912s][info][gc,phases      ] GC(1233)   Other: 0.1ms
[240.912s][info][gc,heap        ] GC(1233) Eden regions: 38->0(38)
[240.912s][info][gc,heap        ] GC(1233) Survivor regions: 2->2(5)
[240.912s][info][gc,heap        ] GC(1233) Old regions: 20->20
[240.912s][info][gc,heap        ] GC(1233) Archive regions: 0->0
[240.912s][info][gc,heap        ] GC(1233) Humongous regions: 0->0
[240.912s][info][gc,metaspace   ] GC(1233) Metaspace: 14282K(15168K)->14282K(15168K) NonClass: 12332K(12928K)->12332K(12928K) Class: 1950K(2240K)->1950K(2240K)
[240.912s][info][gc             ] GC(1233) Pause Young (Normal) (G1 Evacuation Pause) 44M->6M(67M) 3.047ms
[240.912s][info][gc,cpu         ] GC(1233) User=0.00s Sys=0.00s Real=0.00s
[240.932s][info][gc,start       ] GC(1234) Pause Young (Normal) (G1 Evacuation Pause)
[240.932s][info][gc,task        ] GC(1234) Using 33 workers of 33 for evacuation
[240.936s][info][gc,phases      ] GC(1234)   Pre Evacuate Collection Set: 0.1ms
[240.936s][info][gc,phases      ] GC(1234)   Merge Heap Roots: 0.1ms
[240.936s][info][gc,phases      ] GC(1234)   Evacuate Collection Set: 0.4ms
[240.936s][info][gc,phases      ] GC(1234)   Post Evacuate Collection Set: 4.2ms
[240.936s][info][gc,phases      ] GC(1234)   Other: 0.1ms
[240.936s][info][gc,heap        ] GC(1234) Eden regions: 38->0(325)
[240.937s][info][gc,heap        ] GC(1234) Survivor regions: 2->2(5)
[240.937s][info][gc,heap        ] GC(1234) Old regions: 20->20
[240.937s][info][gc,heap        ] GC(1234) Archive regions: 0->0
[240.937s][info][gc,heap        ] GC(1234) Humongous regions: 0->0
[240.937s][info][gc,metaspace   ] GC(1234) Metaspace: 14282K(15168K)->14282K(15168K) NonClass: 12332K(12928K)->12332K(12928K) Class: 1950K(2240K)->1950K(2240K)
[240.937s][info][gc             ] GC(1234) Pause Young (Normal) (G1 Evacuation Pause) 44M->6M(546M) 5.023ms
[240.937s][info][gc,cpu         ] GC(1234) User=0.00s Sys=0.00s Real=0.00s
[241.106s][info][gc,start       ] GC(1235) Pause Young (Normal) (G1 Evacuation Pause)
[241.106s][info][gc,task        ] GC(1235) Using 33 workers of 33 for evacuation
[241.110s][info][gc,phases      ] GC(1235)   Pre Evacuate Collection Set: 0.1ms
[241.110s][info][gc,phases      ] GC(1235)   Merge Heap Roots: 0.1ms
[241.110s][info][gc,phases      ] GC(1235)   Evacuate Collection Set: 0.4ms
[241.110s][info][gc,phases      ] GC(1235)   Post Evacuate Collection Set: 2.7ms
[241.110s][info][gc,phases      ] GC(1235)   Other: 0.1ms
[241.110s][info][gc,heap        ] GC(1235) Eden regions: 325->0(325)
[241.110s][info][gc,heap        ] GC(1235) Survivor regions: 2->2(41)
[241.110s][info][gc,heap        ] GC(1235) Old regions: 20->20
[241.110s][info][gc,heap        ] GC(1235) Archive regions: 0->0
[241.110s][info][gc,heap        ] GC(1235) Humongous regions: 0->0
[241.110s][info][gc,metaspace   ] GC(1235) Metaspace: 14282K(15168K)->14282K(15168K) NonClass: 12332K(12928K)->12332K(12928K) Class: 1950K(2240K)->1950K(2240K)
[241.110s][info][gc             ] GC(1235) Pause Young (Normal) (G1 Evacuation Pause) 331M->6M(546M) 3.779ms
[241.110s][info][gc,cpu         ] GC(1235) User=0.03s Sys=0.00s Real=0.00s
[241.281s][info][gc,start       ] GC(1236) Pause Young (Normal) (G1 Evacuation Pause)
[241.281s][info][gc,task        ] GC(1236) Using 33 workers of 33 for evacuation
[241.285s][info][gc,phases      ] GC(1236)   Pre Evacuate Collection Set: 0.1ms
[241.285s][info][gc,phases      ] GC(1236)   Merge Heap Roots: 0.1ms
[241.285s][info][gc,phases      ] GC(1236)   Evacuate Collection Set: 0.4ms
[241.285s][info][gc,phases      ] GC(1236)   Post Evacuate Collection Set: 2.8ms
[241.285s][info][gc,phases      ] GC(1236)   Other: 0.1ms
[241.285s][info][gc,heap        ] GC(1236) Eden regions: 325->0(325)
[241.285s][info][gc,heap        ] GC(1236) Survivor regions: 2->2(41)
[241.285s][info][gc,heap        ] GC(1236) Old regions: 20->20
[241.285s][info][gc,heap        ] GC(1236) Archive regions: 0->0
[241.285s][info][gc,heap        ] GC(1236) Humongous regions: 0->0
[241.285s][info][gc,metaspace   ] GC(1236) Metaspace: 14282K(15168K)->14282K(15168K) NonClass: 12332K(12928K)->12332K(12928K) Class: 1950K(2240K)->1950K(2240K)
[241.285s][info][gc             ] GC(1236) Pause Young (Normal) (G1 Evacuation Pause) 331M->6M(546M) 3.773ms
[241.285s][info][gc,cpu         ] GC(1236) User=0.00s Sys=0.00s Real=0.00s
[241.589s][info][gc,start       ] GC(1237) Pause Young (Normal) (G1 Evacuation Pause)
[241.589s][info][gc,task        ] GC(1237) Using 33 workers of 33 for evacuation
[241.594s][info][gc,phases      ] GC(1237)   Pre Evacuate Collection Set: 0.2ms
[241.594s][info][gc,phases      ] GC(1237)   Merge Heap Roots: 0.2ms
[241.594s][info][gc,phases      ] GC(1237)   Evacuate Collection Set: 0.8ms
[241.594s][info][gc,phases      ] GC(1237)   Post Evacuate Collection Set: 3.6ms
[241.594s][info][gc,phases      ] GC(1237)   Other: 0.2ms
[241.594s][info][gc,heap        ] GC(1237) Eden regions: 325->0(325)
[241.594s][info][gc,heap        ] GC(1237) Survivor regions: 2->2(41)
[241.594s][info][gc,heap        ] GC(1237) Old regions: 20->20
[241.594s][info][gc,heap        ] GC(1237) Archive regions: 0->0
[241.594s][info][gc,heap        ] GC(1237) Humongous regions: 0->0
[241.594s][info][gc,metaspace   ] GC(1237) Metaspace: 14282K(15168K)->14282K(15168K) NonClass: 12332K(12928K)->12332K(12928K) Class: 1950K(2240K)->1950K(2240K)
[241.594s][info][gc             ] GC(1237) Pause Young (Normal) (G1 Evacuation Pause) 331M->6M(546M) 5.449ms
[241.594s][info][gc,cpu         ] GC(1237) User=0.00s Sys=0.00s Real=0.00s
[241.772s][info][gc,start       ] GC(1238) Pause Young (Normal) (G1 Evacuation Pause)
[241.772s][info][gc,task        ] GC(1238) Using 33 workers of 33 for evacuation
[241.776s][info][gc,phases      ] GC(1238)   Pre Evacuate Collection Set: 0.1ms
[241.776s][info][gc,phases      ] GC(1238)   Merge Heap Roots: 0.1ms
[241.776s][info][gc,phases      ] GC(1238)   Evacuate Collection Set: 0.5ms
[241.776s][info][gc,phases      ] GC(1238)   Post Evacuate Collection Set: 2.7ms
[241.776s][info][gc,phases      ] GC(1238)   Other: 0.1ms
[241.776s][info][gc,heap        ] GC(1238) Eden regions: 325->0(325)
[241.776s][info][gc,heap        ] GC(1238) Survivor regions: 2->2(41)
[241.776s][info][gc,heap        ] GC(1238) Old regions: 20->20
[241.776s][info][gc,heap        ] GC(1238) Archive regions: 0->0
[241.776s][info][gc,heap        ] GC(1238) Humongous regions: 0->0
[241.776s][info][gc,metaspace   ] GC(1238) Metaspace: 14282K(15168K)->14282K(15168K) NonClass: 12332K(12928K)->12332K(12928K) Class: 1950K(2240K)->1950K(2240K)
[241.776s][info][gc             ] GC(1238) Pause Young (Normal) (G1 Evacuation Pause) 331M->6M(546M) 3.764ms
[241.776s][info][gc,cpu         ] GC(1238) User=0.00s Sys=0.00s Real=0.00s
[241.953s][info][gc,start       ] GC(1239) Pause Young (Normal) (G1 Evacuation Pause)
[241.953s][info][gc,task        ] GC(1239) Using 33 workers of 33 for evacuation
[241.957s][info][gc,phases      ] GC(1239)   Pre Evacuate Collection Set: 0.2ms
[241.957s][info][gc,phases      ] GC(1239)   Merge Heap Roots: 0.1ms
[241.957s][info][gc,phases      ] GC(1239)   Evacuate Collection Set: 0.5ms
[241.957s][info][gc,phases      ] GC(1239)   Post Evacuate Collection Set: 2.6ms
[241.957s][info][gc,phases      ] GC(1239)   Other: 0.1ms
[241.957s][info][gc,heap        ] GC(1239) Eden regions: 325->0(325)
[241.957s][info][gc,heap        ] GC(1239) Survivor regions: 2->2(41)
[241.957s][info][gc,heap        ] GC(1239) Old regions: 20->20
[241.957s][info][gc,heap        ] GC(1239) Archive regions: 0->0
[241.957s][info][gc,heap        ] GC(1239) Humongous regions: 0->0
[241.957s][info][gc,metaspace   ] GC(1239) Metaspace: 14282K(15168K)->14282K(15168K) NonClass: 12332K(12928K)->12332K(12928K) Class: 1950K(2240K)->1950K(2240K)
[241.957s][info][gc             ] GC(1239) Pause Young (Normal) (G1 Evacuation Pause) 331M->6M(546M) 3.773ms
[241.957s][info][gc,cpu         ] GC(1239) User=0.00s Sys=0.02s Real=0.00s
[242.132s][info][gc,start       ] GC(1240) Pause Young (Normal) (G1 Evacuation Pause)
[242.132s][info][gc,task        ] GC(1240) Using 33 workers of 33 for evacuation
[242.135s][info][gc,phases      ] GC(1240)   Pre Evacuate Collection Set: 0.1ms
[242.135s][info][gc,phases      ] GC(1240)   Merge Heap Roots: 0.1ms
[242.135s][info][gc,phases      ] GC(1240)   Evacuate Collection Set: 0.5ms
[242.135s][info][gc,phases      ] GC(1240)   Post Evacuate Collection Set: 2.5ms
[242.135s][info][gc,phases      ] GC(1240)   Other: 0.1ms
[242.135s][info][gc,heap        ] GC(1240) Eden regions: 325->0(325)
[242.135s][info][gc,heap        ] GC(1240) Survivor regions: 2->2(41)
[242.135s][info][gc,heap        ] GC(1240) Old regions: 20->20
[242.135s][info][gc,heap        ] GC(1240) Archive regions: 0->0
[242.135s][info][gc,heap        ] GC(1240) Humongous regions: 0->0
[242.135s][info][gc,metaspace   ] GC(1240) Metaspace: 14282K(15168K)->14282K(15168K) NonClass: 12332K(12928K)->12332K(12928K) Class: 1950K(2240K)->1950K(2240K)
[242.135s][info][gc             ] GC(1240) Pause Young (Normal) (G1 Evacuation Pause) 331M->6M(546M) 3.547ms
[242.135s][info][gc,cpu         ] GC(1240) User=0.00s Sys=0.00s Real=0.00s
[242.307s][info][gc,start       ] GC(1241) Pause Young (Normal) (G1 Evacuation Pause)
[242.307s][info][gc,task        ] GC(1241) Using 33 workers of 33 for evacuation
[242.311s][info][gc,phases      ] GC(1241)   Pre Evacuate Collection Set: 0.1ms
[242.311s][info][gc,phases      ] GC(1241)   Merge Heap Roots: 0.1ms
[242.311s][info][gc,phases      ] GC(1241)   Evacuate Collection Set: 0.5ms
[242.311s][info][gc,phases      ] GC(1241)   Post Evacuate Collection Set: 2.3ms
[242.311s][info][gc,phases      ] GC(1241)   Other: 0.1ms
[242.311s][info][gc,heap        ] GC(1241) Eden regions: 325->0(325)
[242.311s][info][gc,heap        ] GC(1241) Survivor regions: 2->2(41)
[242.311s][info][gc,heap        ] GC(1241) Old regions: 20->20
[242.311s][info][gc,heap        ] GC(1241) Archive regions: 0->0
[242.311s][info][gc,heap        ] GC(1241) Humongous regions: 0->0
[242.311s][info][gc,metaspace   ] GC(1241) Metaspace: 14282K(15168K)->14282K(15168K) NonClass: 12332K(12928K)->12332K(12928K) Class: 1950K(2240K)->1950K(2240K)
[242.311s][info][gc             ] GC(1241) Pause Young (Normal) (G1 Evacuation Pause) 331M->6M(546M) 3.337ms
[242.311s][info][gc,cpu         ] GC(1241) User=0.00s Sys=0.00s Real=0.00s
[242.485s][info][gc,start       ] GC(1242) Pause Young (Normal) (G1 Evacuation Pause)
[242.485s][info][gc,task        ] GC(1242) Using 33 workers of 33 for evacuation
[242.488s][info][gc,phases      ] GC(1242)   Pre Evacuate Collection Set: 0.1ms
[242.488s][info][gc,phases      ] GC(1242)   Merge Heap Roots: 0.1ms
[242.488s][info][gc,phases      ] GC(1242)   Evacuate Collection Set: 0.5ms
[242.488s][info][gc,phases      ] GC(1242)   Post Evacuate Collection Set: 2.3ms
[242.488s][info][gc,phases      ] GC(1242)   Other: 0.1ms
[242.488s][info][gc,heap        ] GC(1242) Eden regions: 325->0(325)
[242.488s][info][gc,heap        ] GC(1242) Survivor regions: 2->2(41)
[242.488s][info][gc,heap        ] GC(1242) Old regions: 20->20
[242.488s][info][gc,heap        ] GC(1242) Archive regions: 0->0
[242.488s][info][gc,heap        ] GC(1242) Humongous regions: 0->0
[242.488s][info][gc,metaspace   ] GC(1242) Metaspace: 14282K(15168K)->14282K(15168K) NonClass: 12332K(12928K)->12332K(12928K) Class: 1950K(2240K)->1950K(2240K)
[242.488s][info][gc             ] GC(1242) Pause Young (Normal) (G1 Evacuation Pause) 331M->6M(546M) 3.370ms
[242.488s][info][gc,cpu         ] GC(1242) User=0.00s Sys=0.00s Real=0.00s
[242.659s][info][gc,start       ] GC(1243) Pause Young (Normal) (G1 Evacuation Pause)
[242.659s][info][gc,task        ] GC(1243) Using 33 workers of 33 for evacuation
[242.662s][info][gc,phases      ] GC(1243)   Pre Evacuate Collection Set: 0.1ms
[242.662s][info][gc,phases      ] GC(1243)   Merge Heap Roots: 0.1ms
[242.662s][info][gc,phases      ] GC(1243)   Evacuate Collection Set: 0.5ms
[242.662s][info][gc,phases      ] GC(1243)   Post Evacuate Collection Set: 2.4ms
[242.662s][info][gc,phases      ] GC(1243)   Other: 0.1ms
[242.662s][info][gc,heap        ] GC(1243) Eden regions: 325->0(325)
[242.662s][info][gc,heap        ] GC(1243) Survivor regions: 2->2(41)
[242.662s][info][gc,heap        ] GC(1243) Old regions: 20->20
[242.662s][info][gc,heap        ] GC(1243) Archive regions: 0->0
[242.662s][info][gc,heap        ] GC(1243) Humongous regions: 0->0
[242.662s][info][gc,metaspace   ] GC(1243) Metaspace: 14282K(15168K)->14282K(15168K) NonClass: 12332K(12928K)->12332K(12928K) Class: 1950K(2240K)->1950K(2240K)
[242.662s][info][gc             ] GC(1243) Pause Young (Normal) (G1 Evacuation Pause) 331M->6M(546M) 3.444ms
[242.662s][info][gc,cpu         ] GC(1243) User=0.00s Sys=0.00s Real=0.00s
[242.832s][info][gc,start       ] GC(1244) Pause Young (Normal) (G1 Evacuation Pause)
[242.844s][info][gc,task        ] GC(1244) Using 33 workers of 33 for evacuation
[242.848s][info][gc,phases      ] GC(1244)   Pre Evacuate Collection Set: 0.1ms
[242.848s][info][gc,phases      ] GC(1244)   Merge Heap Roots: 0.1ms
[242.848s][info][gc,phases      ] GC(1244)   Evacuate Collection Set: 0.5ms
[242.848s][info][gc,phases      ] GC(1244)   Post Evacuate Collection Set: 2.5ms
[242.848s][info][gc,phases      ] GC(1244)   Other: 0.1ms
[242.848s][info][gc,heap        ] GC(1244) Eden regions: 325->0(325)
[242.848s][info][gc,heap        ] GC(1244) Survivor regions: 2->2(41)
[242.848s][info][gc,heap        ] GC(1244) Old regions: 20->20
[242.848s][info][gc,heap        ] GC(1244) Archive regions: 0->0
[242.848s][info][gc,heap        ] GC(1244) Humongous regions: 0->0
[242.848s][info][gc,metaspace   ] GC(1244) Metaspace: 14282K(15168K)->14282K(15168K) NonClass: 12332K(12928K)->12332K(12928K) Class: 1950K(2240K)->1950K(2240K)
[242.848s][info][gc             ] GC(1244) Pause Young (Normal) (G1 Evacuation Pause) 331M->6M(546M) 15.968ms
[242.848s][info][gc,cpu         ] GC(1244) User=0.00s Sys=0.00s Real=0.00s
[243.022s][info][gc,start       ] GC(1245) Pause Young (Normal) (G1 Evacuation Pause)
[243.022s][info][gc,task        ] GC(1245) Using 33 workers of 33 for evacuation
[243.025s][info][gc,phases      ] GC(1245)   Pre Evacuate Collection Set: 0.1ms
[243.025s][info][gc,phases      ] GC(1245)   Merge Heap Roots: 0.1ms
[243.025s][info][gc,phases      ] GC(1245)   Evacuate Collection Set: 0.5ms
[243.025s][info][gc,phases      ] GC(1245)   Post Evacuate Collection Set: 2.5ms
[243.025s][info][gc,phases      ] GC(1245)   Other: 0.1ms
[243.025s][info][gc,heap        ] GC(1245) Eden regions: 325->0(325)
[243.025s][info][gc,heap        ] GC(1245) Survivor regions: 2->2(41)
[243.026s][info][gc,heap        ] GC(1245) Old regions: 20->20
[243.026s][info][gc,heap        ] GC(1245) Archive regions: 0->0
[243.026s][info][gc,heap        ] GC(1245) Humongous regions: 0->0
[243.026s][info][gc,metaspace   ] GC(1245) Metaspace: 14282K(15168K)->14282K(15168K) NonClass: 12332K(12928K)->12332K(12928K) Class: 1950K(2240K)->1950K(2240K)
[243.026s][info][gc             ] GC(1245) Pause Young (Normal) (G1 Evacuation Pause) 331M->7M(546M) 3.522ms
[243.026s][info][gc,cpu         ] GC(1245) User=0.00s Sys=0.00s Real=0.00s
[243.196s][info][gc,start       ] GC(1246) Pause Young (Normal) (G1 Evacuation Pause)
[243.196s][info][gc,task        ] GC(1246) Using 33 workers of 33 for evacuation
[243.199s][info][gc,phases      ] GC(1246)   Pre Evacuate Collection Set: 0.1ms
[243.199s][info][gc,phases      ] GC(1246)   Merge Heap Roots: 0.1ms
[243.199s][info][gc,phases      ] GC(1246)   Evacuate Collection Set: 0.5ms
[243.199s][info][gc,phases      ] GC(1246)   Post Evacuate Collection Set: 2.5ms
[243.199s][info][gc,phases      ] GC(1246)   Other: 0.1ms
[243.199s][info][gc,heap        ] GC(1246) Eden regions: 325->0(326)
[243.199s][info][gc,heap        ] GC(1246) Survivor regions: 2->1(41)
[243.199s][info][gc,heap        ] GC(1246) Old regions: 20->22
[243.199s][info][gc,heap        ] GC(1246) Archive regions: 0->0
[243.200s][info][gc,heap        ] GC(1246) Humongous regions: 0->0
[243.200s][info][gc,metaspace   ] GC(1246) Metaspace: 14282K(15168K)->14282K(15168K) NonClass: 12332K(12928K)->12332K(12928K) Class: 1950K(2240K)->1950K(2240K)
[243.200s][info][gc             ] GC(1246) Pause Young (Normal) (G1 Evacuation Pause) 332M->7M(546M) 3.554ms
[243.200s][info][gc,cpu         ] GC(1246) User=0.00s Sys=0.00s Real=0.00s
[243.393s][info][gc,start       ] GC(1247) Pause Young (Normal) (G1 Evacuation Pause)
[243.394s][info][gc,task        ] GC(1247) Using 33 workers of 33 for evacuation
[243.397s][info][gc,phases      ] GC(1247)   Pre Evacuate Collection Set: 0.2ms
[243.397s][info][gc,phases      ] GC(1247)   Merge Heap Roots: 0.2ms
[243.397s][info][gc,phases      ] GC(1247)   Evacuate Collection Set: 0.3ms
[243.397s][info][gc,phases      ] GC(1247)   Post Evacuate Collection Set: 2.5ms
[243.397s][info][gc,phases      ] GC(1247)   Other: 0.1ms
[243.397s][info][gc,heap        ] GC(1247) Eden regions: 326->0(326)
[243.397s][info][gc,heap        ] GC(1247) Survivor regions: 1->1(41)
[243.397s][info][gc,heap        ] GC(1247) Old regions: 22->22
[243.397s][info][gc,heap        ] GC(1247) Archive regions: 0->0
[243.397s][info][gc,heap        ] GC(1247) Humongous regions: 0->0
[243.397s][info][gc,metaspace   ] GC(1247) Metaspace: 14282K(15168K)->14282K(15168K) NonClass: 12332K(12928K)->12332K(12928K) Class: 1950K(2240K)->1950K(2240K)
[243.397s][info][gc             ] GC(1247) Pause Young (Normal) (G1 Evacuation Pause) 333M->7M(546M) 3.527ms
[243.397s][info][gc,cpu         ] GC(1247) User=0.00s Sys=0.00s Real=0.00s
[243.591s][info][gc,start       ] GC(1248) Pause Young (Normal) (G1 Evacuation Pause)
[243.591s][info][gc,task        ] GC(1248) Using 33 workers of 33 for evacuation
[243.594s][info][gc,phases      ] GC(1248)   Pre Evacuate Collection Set: 0.2ms
[243.594s][info][gc,phases      ] GC(1248)   Merge Heap Roots: 0.2ms
[243.594s][info][gc,phases      ] GC(1248)   Evacuate Collection Set: 0.3ms
[243.594s][info][gc,phases      ] GC(1248)   Post Evacuate Collection Set: 2.5ms
[243.594s][info][gc,phases      ] GC(1248)   Other: 0.1ms
[243.595s][info][gc,heap        ] GC(1248) Eden regions: 326->0(326)
[243.595s][info][gc,heap        ] GC(1248) Survivor regions: 1->1(41)
[243.595s][info][gc,heap        ] GC(1248) Old regions: 22->22
[243.595s][info][gc,heap        ] GC(1248) Archive regions: 0->0
[243.595s][info][gc,heap        ] GC(1248) Humongous regions: 0->0
[243.595s][info][gc,metaspace   ] GC(1248) Metaspace: 14282K(15168K)->14282K(15168K) NonClass: 12332K(12928K)->12332K(12928K) Class: 1950K(2240K)->1950K(2240K)
[243.595s][info][gc             ] GC(1248) Pause Young (Normal) (G1 Evacuation Pause) 333M->7M(546M) 3.635ms
[243.595s][info][gc,cpu         ] GC(1248) User=0.00s Sys=0.00s Real=0.00s
[243.789s][info][gc,start       ] GC(1249) Pause Young (Normal) (G1 Evacuation Pause)
[243.789s][info][gc,task        ] GC(1249) Using 33 workers of 33 for evacuation
[243.792s][info][gc,phases      ] GC(1249)   Pre Evacuate Collection Set: 0.2ms
[243.792s][info][gc,phases      ] GC(1249)   Merge Heap Roots: 0.2ms
[243.792s][info][gc,phases      ] GC(1249)   Evacuate Collection Set: 0.3ms
[243.792s][info][gc,phases      ] GC(1249)   Post Evacuate Collection Set: 2.6ms
[243.792s][info][gc,phases      ] GC(1249)   Other: 0.1ms
[243.792s][info][gc,heap        ] GC(1249) Eden regions: 326->0(326)
[243.792s][info][gc,heap        ] GC(1249) Survivor regions: 1->1(41)
[243.792s][info][gc,heap        ] GC(1249) Old regions: 22->22
[243.792s][info][gc,heap        ] GC(1249) Archive regions: 0->0
[243.792s][info][gc,heap        ] GC(1249) Humongous regions: 0->0
[243.792s][info][gc,metaspace   ] GC(1249) Metaspace: 14282K(15168K)->14282K(15168K) NonClass: 12332K(12928K)->12332K(12928K) Class: 1950K(2240K)->1950K(2240K)
[243.792s][info][gc             ] GC(1249) Pause Young (Normal) (G1 Evacuation Pause) 333M->7M(546M) 3.616ms
[243.792s][info][gc,cpu         ] GC(1249) User=0.00s Sys=0.00s Real=0.00s
[243.986s][info][gc,start       ] GC(1250) Pause Young (Normal) (G1 Evacuation Pause)
[243.986s][info][gc,task        ] GC(1250) Using 33 workers of 33 for evacuation
[243.990s][info][gc,phases      ] GC(1250)   Pre Evacuate Collection Set: 0.2ms
[243.990s][info][gc,phases      ] GC(1250)   Merge Heap Roots: 0.2ms
[243.990s][info][gc,phases      ] GC(1250)   Evacuate Collection Set: 0.3ms
[243.990s][info][gc,phases      ] GC(1250)   Post Evacuate Collection Set: 2.6ms
[243.990s][info][gc,phases      ] GC(1250)   Other: 0.1ms
[243.990s][info][gc,heap        ] GC(1250) Eden regions: 326->0(326)
[243.990s][info][gc,heap        ] GC(1250) Survivor regions: 1->1(41)
[243.990s][info][gc,heap        ] GC(1250) Old regions: 22->22
[243.990s][info][gc,heap        ] GC(1250) Archive regions: 0->0
[243.990s][info][gc,heap        ] GC(1250) Humongous regions: 0->0
[243.990s][info][gc,metaspace   ] GC(1250) Metaspace: 14282K(15168K)->14282K(15168K) NonClass: 12332K(12928K)->12332K(12928K) Class: 1950K(2240K)->1950K(2240K)
[243.990s][info][gc             ] GC(1250) Pause Young (Normal) (G1 Evacuation Pause) 333M->7M(546M) 3.662ms
[243.990s][info][gc,cpu         ] GC(1250) User=0.00s Sys=0.00s Real=0.00s
[244.184s][info][gc,start       ] GC(1251) Pause Young (Normal) (G1 Evacuation Pause)
[244.184s][info][gc,task        ] GC(1251) Using 33 workers of 33 for evacuation
[244.187s][info][gc,phases      ] GC(1251)   Pre Evacuate Collection Set: 0.2ms
[244.187s][info][gc,phases      ] GC(1251)   Merge Heap Roots: 0.2ms
[244.187s][info][gc,phases      ] GC(1251)   Evacuate Collection Set: 0.3ms
[244.187s][info][gc,phases      ] GC(1251)   Post Evacuate Collection Set: 2.7ms
[244.187s][info][gc,phases      ] GC(1251)   Other: 0.1ms
[244.187s][info][gc,heap        ] GC(1251) Eden regions: 326->0(326)
[244.188s][info][gc,heap        ] GC(1251) Survivor regions: 1->1(41)
[244.188s][info][gc,heap        ] GC(1251) Old regions: 22->22
[244.188s][info][gc,heap        ] GC(1251) Archive regions: 0->0
[244.188s][info][gc,heap        ] GC(1251) Humongous regions: 0->0
[244.188s][info][gc,metaspace   ] GC(1251) Metaspace: 14282K(15168K)->14282K(15168K) NonClass: 12332K(12928K)->12332K(12928K) Class: 1950K(2240K)->1950K(2240K)
[244.188s][info][gc             ] GC(1251) Pause Young (Normal) (G1 Evacuation Pause) 333M->7M(546M) 3.718ms
[244.188s][info][gc,cpu         ] GC(1251) User=0.00s Sys=0.00s Real=0.00s
[244.381s][info][gc,start       ] GC(1252) Pause Young (Normal) (G1 Evacuation Pause)
[244.382s][info][gc,task        ] GC(1252) Using 33 workers of 33 for evacuation
[244.385s][info][gc,phases      ] GC(1252)   Pre Evacuate Collection Set: 0.2ms
[244.385s][info][gc,phases      ] GC(1252)   Merge Heap Roots: 0.2ms
[244.385s][info][gc,phases      ] GC(1252)   Evacuate Collection Set: 0.3ms
[244.385s][info][gc,phases      ] GC(1252)   Post Evacuate Collection Set: 2.7ms
[244.385s][info][gc,phases      ] GC(1252)   Other: 0.1ms
[244.385s][info][gc,heap        ] GC(1252) Eden regions: 326->0(326)
[244.385s][info][gc,heap        ] GC(1252) Survivor regions: 1->1(41)
[244.385s][info][gc,heap        ] GC(1252) Old regions: 22->22
[244.385s][info][gc,heap        ] GC(1252) Archive regions: 0->0
[244.385s][info][gc,heap        ] GC(1252) Humongous regions: 0->0
[244.385s][info][gc,metaspace   ] GC(1252) Metaspace: 14282K(15168K)->14282K(15168K) NonClass: 12332K(12928K)->12332K(12928K) Class: 1950K(2240K)->1950K(2240K)
[244.385s][info][gc             ] GC(1252) Pause Young (Normal) (G1 Evacuation Pause) 333M->7M(546M) 3.667ms
[244.385s][info][gc,cpu         ] GC(1252) User=0.00s Sys=0.00s Real=0.00s
[244.579s][info][gc,start       ] GC(1253) Pause Young (Normal) (G1 Evacuation Pause)
[244.579s][info][gc,task        ] GC(1253) Using 33 workers of 33 for evacuation
[244.583s][info][gc,phases      ] GC(1253)   Pre Evacuate Collection Set: 0.1ms
[244.583s][info][gc,phases      ] GC(1253)   Merge Heap Roots: 0.2ms
[244.583s][info][gc,phases      ] GC(1253)   Evacuate Collection Set: 0.4ms
[244.583s][info][gc,phases      ] GC(1253)   Post Evacuate Collection Set: 2.7ms
[244.583s][info][gc,phases      ] GC(1253)   Other: 0.1ms
[244.583s][info][gc,heap        ] GC(1253) Eden regions: 326->0(326)
[244.583s][info][gc,heap        ] GC(1253) Survivor regions: 1->1(41)
[244.583s][info][gc,heap        ] GC(1253) Old regions: 22->22
[244.583s][info][gc,heap        ] GC(1253) Archive regions: 0->0
[244.583s][info][gc,heap        ] GC(1253) Humongous regions: 0->0
[244.583s][info][gc,metaspace   ] GC(1253) Metaspace: 14282K(15168K)->14282K(15168K) NonClass: 12332K(12928K)->12332K(12928K) Class: 1950K(2240K)->1950K(2240K)
[244.583s][info][gc             ] GC(1253) Pause Young (Normal) (G1 Evacuation Pause) 333M->7M(546M) 3.764ms
[244.583s][info][gc,cpu         ] GC(1253) User=0.00s Sys=0.00s Real=0.00s
[244.776s][info][gc,start       ] GC(1254) Pause Young (Normal) (G1 Evacuation Pause)
[244.776s][info][gc,task        ] GC(1254) Using 33 workers of 33 for evacuation
[244.780s][info][gc,phases      ] GC(1254)   Pre Evacuate Collection Set: 0.1ms
[244.780s][info][gc,phases      ] GC(1254)   Merge Heap Roots: 0.2ms
[244.780s][info][gc,phases      ] GC(1254)   Evacuate Collection Set: 0.4ms
[244.780s][info][gc,phases      ] GC(1254)   Post Evacuate Collection Set: 2.8ms
[244.780s][info][gc,phases      ] GC(1254)   Other: 0.1ms
[244.780s][info][gc,heap        ] GC(1254) Eden regions: 326->0(326)
[244.780s][info][gc,heap        ] GC(1254) Survivor regions: 1->1(41)
[244.780s][info][gc,heap        ] GC(1254) Old regions: 22->22
[244.780s][info][gc,heap        ] GC(1254) Archive regions: 0->0
[244.780s][info][gc,heap        ] GC(1254) Humongous regions: 0->0
[244.780s][info][gc,metaspace   ] GC(1254) Metaspace: 14282K(15168K)->14282K(15168K) NonClass: 12332K(12928K)->12332K(12928K) Class: 1950K(2240K)->1950K(2240K)
[244.780s][info][gc             ] GC(1254) Pause Young (Normal) (G1 Evacuation Pause) 333M->7M(546M) 3.795ms
[244.780s][info][gc,cpu         ] GC(1254) User=0.00s Sys=0.00s Real=0.00s
[244.976s][info][gc,start       ] GC(1255) Pause Young (Normal) (G1 Evacuation Pause)
[244.976s][info][gc,task        ] GC(1255) Using 33 workers of 33 for evacuation
[244.980s][info][gc,phases      ] GC(1255)   Pre Evacuate Collection Set: 0.1ms
[244.980s][info][gc,phases      ] GC(1255)   Merge Heap Roots: 0.1ms
[244.980s][info][gc,phases      ] GC(1255)   Evacuate Collection Set: 0.3ms
[244.980s][info][gc,phases      ] GC(1255)   Post Evacuate Collection Set: 2.8ms
[244.980s][info][gc,phases      ] GC(1255)   Other: 0.2ms
[244.980s][info][gc,heap        ] GC(1255) Eden regions: 326->0(326)
[244.980s][info][gc,heap        ] GC(1255) Survivor regions: 1->1(41)
[244.980s][info][gc,heap        ] GC(1255) Old regions: 22->22
[244.980s][info][gc,heap        ] GC(1255) Archive regions: 0->0
[244.980s][info][gc,heap        ] GC(1255) Humongous regions: 0->0
[244.980s][info][gc,metaspace   ] GC(1255) Metaspace: 14282K(15168K)->14282K(15168K) NonClass: 12332K(12928K)->12332K(12928K) Class: 1950K(2240K)->1950K(2240K)
[244.980s][info][gc             ] GC(1255) Pause Young (Normal) (G1 Evacuation Pause) 333M->7M(546M) 3.845ms
[244.980s][info][gc,cpu         ] GC(1255) User=0.00s Sys=0.00s Real=0.00s
[245.176s][info][gc,start       ] GC(1256) Pause Young (Normal) (G1 Evacuation Pause)
[245.176s][info][gc,task        ] GC(1256) Using 33 workers of 33 for evacuation
[245.180s][info][gc,phases      ] GC(1256)   Pre Evacuate Collection Set: 0.2ms
[245.180s][info][gc,phases      ] GC(1256)   Merge Heap Roots: 0.2ms
[245.180s][info][gc,phases      ] GC(1256)   Evacuate Collection Set: 0.3ms
[245.180s][info][gc,phases      ] GC(1256)   Post Evacuate Collection Set: 2.8ms
[245.180s][info][gc,phases      ] GC(1256)   Other: 0.1ms
[245.180s][info][gc,heap        ] GC(1256) Eden regions: 326->0(326)
[245.180s][info][gc,heap        ] GC(1256) Survivor regions: 1->1(41)
[245.180s][info][gc,heap        ] GC(1256) Old regions: 22->22
[245.180s][info][gc,heap        ] GC(1256) Archive regions: 0->0
[245.180s][info][gc,heap        ] GC(1256) Humongous regions: 0->0
[245.180s][info][gc,metaspace   ] GC(1256) Metaspace: 14282K(15168K)->14282K(15168K) NonClass: 12332K(12928K)->12332K(12928K) Class: 1950K(2240K)->1950K(2240K)
[245.180s][info][gc             ] GC(1256) Pause Young (Normal) (G1 Evacuation Pause) 333M->7M(546M) 3.837ms
[245.180s][info][gc,cpu         ] GC(1256) User=0.00s Sys=0.00s Real=0.00s
[245.505s][info][gc,start       ] GC(1257) Pause Young (Normal) (G1 Evacuation Pause)
[245.505s][info][gc,task        ] GC(1257) Using 33 workers of 33 for evacuation
[245.510s][info][gc,phases      ] GC(1257)   Pre Evacuate Collection Set: 0.2ms
[245.510s][info][gc,phases      ] GC(1257)   Merge Heap Roots: 0.3ms
[245.510s][info][gc,phases      ] GC(1257)   Evacuate Collection Set: 0.6ms
[245.510s][info][gc,phases      ] GC(1257)   Post Evacuate Collection Set: 3.8ms
[245.510s][info][gc,phases      ] GC(1257)   Other: 0.2ms
[245.510s][info][gc,heap        ] GC(1257) Eden regions: 326->0(326)
[245.510s][info][gc,heap        ] GC(1257) Survivor regions: 1->1(41)
[245.510s][info][gc,heap        ] GC(1257) Old regions: 22->22
[245.510s][info][gc,heap        ] GC(1257) Archive regions: 0->0
[245.510s][info][gc,heap        ] GC(1257) Humongous regions: 0->0
[245.510s][info][gc,metaspace   ] GC(1257) Metaspace: 14282K(15168K)->14282K(15168K) NonClass: 12332K(12928K)->12332K(12928K) Class: 1950K(2240K)->1950K(2240K)
[245.510s][info][gc             ] GC(1257) Pause Young (Normal) (G1 Evacuation Pause) 333M->7M(546M) 5.572ms
[245.510s][info][gc,cpu         ] GC(1257) User=0.00s Sys=0.00s Real=0.00s
[245.708s][info][gc,start       ] GC(1258) Pause Young (Normal) (G1 Evacuation Pause)
[245.708s][info][gc,task        ] GC(1258) Using 33 workers of 33 for evacuation
[245.712s][info][gc,phases      ] GC(1258)   Pre Evacuate Collection Set: 0.2ms
[245.712s][info][gc,phases      ] GC(1258)   Merge Heap Roots: 0.2ms
[245.712s][info][gc,phases      ] GC(1258)   Evacuate Collection Set: 0.4ms
[245.712s][info][gc,phases      ] GC(1258)   Post Evacuate Collection Set: 2.7ms
[245.712s][info][gc,phases      ] GC(1258)   Other: 0.1ms
[245.712s][info][gc,heap        ] GC(1258) Eden regions: 326->0(326)
[245.712s][info][gc,heap        ] GC(1258) Survivor regions: 1->1(41)
[245.712s][info][gc,heap        ] GC(1258) Old regions: 22->22
[245.712s][info][gc,heap        ] GC(1258) Archive regions: 0->0
[245.712s][info][gc,heap        ] GC(1258) Humongous regions: 0->0
[245.712s][info][gc,metaspace   ] GC(1258) Metaspace: 14282K(15168K)->14282K(15168K) NonClass: 12332K(12928K)->12332K(12928K) Class: 1950K(2240K)->1950K(2240K)
[245.712s][info][gc             ] GC(1258) Pause Young (Normal) (G1 Evacuation Pause) 333M->7M(546M) 3.808ms
[245.712s][info][gc,cpu         ] GC(1258) User=0.00s Sys=0.00s Real=0.00s
[245.907s][info][gc,start       ] GC(1259) Pause Young (Normal) (G1 Evacuation Pause)
[245.907s][info][gc,task        ] GC(1259) Using 33 workers of 33 for evacuation
[245.910s][info][gc,phases      ] GC(1259)   Pre Evacuate Collection Set: 0.1ms
[245.910s][info][gc,phases      ] GC(1259)   Merge Heap Roots: 0.2ms
[245.910s][info][gc,phases      ] GC(1259)   Evacuate Collection Set: 0.3ms
[245.910s][info][gc,phases      ] GC(1259)   Post Evacuate Collection Set: 2.5ms
[245.910s][info][gc,phases      ] GC(1259)   Other: 0.1ms
[245.910s][info][gc,heap        ] GC(1259) Eden regions: 326->0(326)
[245.910s][info][gc,heap        ] GC(1259) Survivor regions: 1->1(41)
[245.910s][info][gc,heap        ] GC(1259) Old regions: 22->22
[245.910s][info][gc,heap        ] GC(1259) Archive regions: 0->0
[245.910s][info][gc,heap        ] GC(1259) Humongous regions: 0->0
[245.910s][info][gc,metaspace   ] GC(1259) Metaspace: 14282K(15168K)->14282K(15168K) NonClass: 12332K(12928K)->12332K(12928K) Class: 1950K(2240K)->1950K(2240K)
[245.910s][info][gc             ] GC(1259) Pause Young (Normal) (G1 Evacuation Pause) 333M->7M(546M) 3.462ms
[245.910s][info][gc,cpu         ] GC(1259) User=0.00s Sys=0.00s Real=0.00s
[246.104s][info][gc,start       ] GC(1260) Pause Young (Normal) (G1 Evacuation Pause)
[246.104s][info][gc,task        ] GC(1260) Using 33 workers of 33 for evacuation
[246.107s][info][gc,phases      ] GC(1260)   Pre Evacuate Collection Set: 0.2ms
[246.107s][info][gc,phases      ] GC(1260)   Merge Heap Roots: 0.2ms
[246.107s][info][gc,phases      ] GC(1260)   Evacuate Collection Set: 0.3ms
[246.107s][info][gc,phases      ] GC(1260)   Post Evacuate Collection Set: 2.4ms
[246.107s][info][gc,phases      ] GC(1260)   Other: 0.1ms
[246.107s][info][gc,heap        ] GC(1260) Eden regions: 326->0(326)
[246.107s][info][gc,heap        ] GC(1260) Survivor regions: 1->1(41)
[246.107s][info][gc,heap        ] GC(1260) Old regions: 22->22
[246.107s][info][gc,heap        ] GC(1260) Archive regions: 0->0
[246.107s][info][gc,heap        ] GC(1260) Humongous regions: 0->0
[246.107s][info][gc,metaspace   ] GC(1260) Metaspace: 14282K(15168K)->14282K(15168K) NonClass: 12332K(12928K)->12332K(12928K) Class: 1950K(2240K)->1950K(2240K)
[246.107s][info][gc             ] GC(1260) Pause Young (Normal) (G1 Evacuation Pause) 333M->7M(546M) 3.435ms
[246.107s][info][gc,cpu         ] GC(1260) User=0.00s Sys=0.00s Real=0.00s
[246.300s][info][gc,start       ] GC(1261) Pause Young (Normal) (G1 Evacuation Pause)
[246.300s][info][gc,task        ] GC(1261) Using 33 workers of 33 for evacuation
[246.303s][info][gc,phases      ] GC(1261)   Pre Evacuate Collection Set: 0.2ms
[246.303s][info][gc,phases      ] GC(1261)   Merge Heap Roots: 0.1ms
[246.303s][info][gc,phases      ] GC(1261)   Evacuate Collection Set: 0.3ms
[246.303s][info][gc,phases      ] GC(1261)   Post Evacuate Collection Set: 2.4ms
[246.303s][info][gc,phases      ] GC(1261)   Other: 0.1ms
[246.303s][info][gc,heap        ] GC(1261) Eden regions: 326->0(326)
[246.303s][info][gc,heap        ] GC(1261) Survivor regions: 1->1(41)
[246.303s][info][gc,heap        ] GC(1261) Old regions: 22->22
[246.303s][info][gc,heap        ] GC(1261) Archive regions: 0->0
[246.303s][info][gc,heap        ] GC(1261) Humongous regions: 0->0
[246.303s][info][gc,metaspace   ] GC(1261) Metaspace: 14282K(15168K)->14282K(15168K) NonClass: 12332K(12928K)->12332K(12928K) Class: 1950K(2240K)->1950K(2240K)
[246.303s][info][gc             ] GC(1261) Pause Young (Normal) (G1 Evacuation Pause) 333M->7M(546M) 3.459ms
[246.303s][info][gc,cpu         ] GC(1261) User=0.00s Sys=0.00s Real=0.00s
[246.495s][info][gc,start       ] GC(1262) Pause Young (Normal) (G1 Evacuation Pause)
[246.496s][info][gc,task        ] GC(1262) Using 33 workers of 33 for evacuation
[246.499s][info][gc,phases      ] GC(1262)   Pre Evacuate Collection Set: 0.2ms
[246.499s][info][gc,phases      ] GC(1262)   Merge Heap Roots: 0.2ms
[246.499s][info][gc,phases      ] GC(1262)   Evacuate Collection Set: 0.4ms
[246.499s][info][gc,phases      ] GC(1262)   Post Evacuate Collection Set: 2.4ms
[246.499s][info][gc,phases      ] GC(1262)   Other: 0.1ms
[246.499s][info][gc,heap        ] GC(1262) Eden regions: 326->0(326)
[246.499s][info][gc,heap        ] GC(1262) Survivor regions: 1->1(41)
[246.499s][info][gc,heap        ] GC(1262) Old regions: 22->22
[246.499s][info][gc,heap        ] GC(1262) Archive regions: 0->0
[246.499s][info][gc,heap        ] GC(1262) Humongous regions: 0->0
[246.499s][info][gc,metaspace   ] GC(1262) Metaspace: 14282K(15168K)->14282K(15168K) NonClass: 12332K(12928K)->12332K(12928K) Class: 1950K(2240K)->1950K(2240K)
[246.499s][info][gc             ] GC(1262) Pause Young (Normal) (G1 Evacuation Pause) 333M->7M(546M) 3.439ms
[246.499s][info][gc,cpu         ] GC(1262) User=0.00s Sys=0.00s Real=0.00s
[246.691s][info][gc,start       ] GC(1263) Pause Young (Normal) (G1 Evacuation Pause)
[246.691s][info][gc,task        ] GC(1263) Using 33 workers of 33 for evacuation
[246.694s][info][gc,phases      ] GC(1263)   Pre Evacuate Collection Set: 0.2ms
[246.694s][info][gc,phases      ] GC(1263)   Merge Heap Roots: 0.2ms
[246.694s][info][gc,phases      ] GC(1263)   Evacuate Collection Set: 0.3ms
[246.694s][info][gc,phases      ] GC(1263)   Post Evacuate Collection Set: 2.4ms
[246.694s][info][gc,phases      ] GC(1263)   Other: 0.1ms
[246.694s][info][gc,heap        ] GC(1263) Eden regions: 326->0(326)
[246.694s][info][gc,heap        ] GC(1263) Survivor regions: 1->1(41)
[246.694s][info][gc,heap        ] GC(1263) Old regions: 22->23
[246.694s][info][gc,heap        ] GC(1263) Archive regions: 0->0
[246.695s][info][gc,heap        ] GC(1263) Humongous regions: 0->0
[246.695s][info][gc,metaspace   ] GC(1263) Metaspace: 14282K(15168K)->14282K(15168K) NonClass: 12332K(12928K)->12332K(12928K) Class: 1950K(2240K)->1950K(2240K)
[246.695s][info][gc             ] GC(1263) Pause Young (Normal) (G1 Evacuation Pause) 333M->7M(546M) 3.426ms
[246.695s][info][gc,cpu         ] GC(1263) User=0.00s Sys=0.00s Real=0.00s
[246.887s][info][gc,start       ] GC(1264) Pause Young (Normal) (G1 Evacuation Pause)
[246.887s][info][gc,task        ] GC(1264) Using 33 workers of 33 for evacuation
[246.890s][info][gc,phases      ] GC(1264)   Pre Evacuate Collection Set: 0.2ms
[246.890s][info][gc,phases      ] GC(1264)   Merge Heap Roots: 0.2ms
[246.890s][info][gc,phases      ] GC(1264)   Evacuate Collection Set: 0.3ms
[246.890s][info][gc,phases      ] GC(1264)   Post Evacuate Collection Set: 2.5ms
[246.890s][info][gc,phases      ] GC(1264)   Other: 0.1ms
[246.890s][info][gc,heap        ] GC(1264) Eden regions: 326->0(326)
[246.890s][info][gc,heap        ] GC(1264) Survivor regions: 1->1(41)
[246.890s][info][gc,heap        ] GC(1264) Old regions: 23->23
[246.890s][info][gc,heap        ] GC(1264) Archive regions: 0->0
[246.890s][info][gc,heap        ] GC(1264) Humongous regions: 0->0
[246.890s][info][gc,metaspace   ] GC(1264) Metaspace: 14282K(15168K)->14282K(15168K) NonClass: 12332K(12928K)->12332K(12928K) Class: 1950K(2240K)->1950K(2240K)
[246.890s][info][gc             ] GC(1264) Pause Young (Normal) (G1 Evacuation Pause) 333M->7M(546M) 3.449ms
[246.890s][info][gc,cpu         ] GC(1264) User=0.00s Sys=0.00s Real=0.00s
[247.081s][info][gc,start       ] GC(1265) Pause Young (Normal) (G1 Evacuation Pause)
[247.081s][info][gc,task        ] GC(1265) Using 33 workers of 33 for evacuation
[247.084s][info][gc,phases      ] GC(1265)   Pre Evacuate Collection Set: 0.1ms
[247.084s][info][gc,phases      ] GC(1265)   Merge Heap Roots: 0.2ms
[247.084s][info][gc,phases      ] GC(1265)   Evacuate Collection Set: 0.3ms
[247.084s][info][gc,phases      ] GC(1265)   Post Evacuate Collection Set: 2.5ms
[247.085s][info][gc,phases      ] GC(1265)   Other: 0.2ms
[247.085s][info][gc,heap        ] GC(1265) Eden regions: 326->0(326)
[247.085s][info][gc,heap        ] GC(1265) Survivor regions: 1->1(41)
[247.085s][info][gc,heap        ] GC(1265) Old regions: 23->23
[247.085s][info][gc,heap        ] GC(1265) Archive regions: 0->0
[247.085s][info][gc,heap        ] GC(1265) Humongous regions: 0->0
[247.085s][info][gc,metaspace   ] GC(1265) Metaspace: 14282K(15168K)->14282K(15168K) NonClass: 12332K(12928K)->12332K(12928K) Class: 1950K(2240K)->1950K(2240K)
[247.085s][info][gc             ] GC(1265) Pause Young (Normal) (G1 Evacuation Pause) 333M->7M(546M) 3.553ms
[247.085s][info][gc,cpu         ] GC(1265) User=0.00s Sys=0.00s Real=0.00s
[247.277s][info][gc,start       ] GC(1266) Pause Young (Normal) (G1 Evacuation Pause)
[247.277s][info][gc,task        ] GC(1266) Using 33 workers of 33 for evacuation
[247.281s][info][gc,phases      ] GC(1266)   Pre Evacuate Collection Set: 0.2ms
[247.281s][info][gc,phases      ] GC(1266)   Merge Heap Roots: 0.2ms
[247.281s][info][gc,phases      ] GC(1266)   Evacuate Collection Set: 0.3ms
[247.281s][info][gc,phases      ] GC(1266)   Post Evacuate Collection Set: 2.5ms
[247.281s][info][gc,phases      ] GC(1266)   Other: 0.1ms
[247.281s][info][gc,heap        ] GC(1266) Eden regions: 326->0(326)
[247.281s][info][gc,heap        ] GC(1266) Survivor regions: 1->1(41)
[247.281s][info][gc,heap        ] GC(1266) Old regions: 23->23
[247.281s][info][gc,heap        ] GC(1266) Archive regions: 0->0
[247.281s][info][gc,heap        ] GC(1266) Humongous regions: 0->0
[247.281s][info][gc,metaspace   ] GC(1266) Metaspace: 14282K(15168K)->14282K(15168K) NonClass: 12332K(12928K)->12332K(12928K) Class: 1950K(2240K)->1950K(2240K)
[247.281s][info][gc             ] GC(1266) Pause Young (Normal) (G1 Evacuation Pause) 333M->7M(546M) 3.552ms
[247.281s][info][gc,cpu         ] GC(1266) User=0.00s Sys=0.02s Real=0.00s
[247.473s][info][gc,start       ] GC(1267) Pause Young (Normal) (G1 Evacuation Pause)
[247.473s][info][gc,task        ] GC(1267) Using 33 workers of 33 for evacuation
[247.476s][info][gc,phases      ] GC(1267)   Pre Evacuate Collection Set: 0.1ms
[247.476s][info][gc,phases      ] GC(1267)   Merge Heap Roots: 0.2ms
[247.476s][info][gc,phases      ] GC(1267)   Evacuate Collection Set: 0.3ms
[247.476s][info][gc,phases      ] GC(1267)   Post Evacuate Collection Set: 2.6ms
[247.476s][info][gc,phases      ] GC(1267)   Other: 0.1ms
[247.476s][info][gc,heap        ] GC(1267) Eden regions: 326->0(326)
[247.476s][info][gc,heap        ] GC(1267) Survivor regions: 1->1(41)
[247.476s][info][gc,heap        ] GC(1267) Old regions: 23->23
[247.476s][info][gc,heap        ] GC(1267) Archive regions: 0->0
[247.476s][info][gc,heap        ] GC(1267) Humongous regions: 0->0
[247.476s][info][gc,metaspace   ] GC(1267) Metaspace: 14282K(15168K)->14282K(15168K) NonClass: 12332K(12928K)->12332K(12928K) Class: 1950K(2240K)->1950K(2240K)
[247.476s][info][gc             ] GC(1267) Pause Young (Normal) (G1 Evacuation Pause) 333M->7M(546M) 3.525ms
[247.476s][info][gc,cpu         ] GC(1267) User=0.00s Sys=0.00s Real=0.00s
[247.669s][info][gc,start       ] GC(1268) Pause Young (Normal) (G1 Evacuation Pause)
[247.669s][info][gc,task        ] GC(1268) Using 33 workers of 33 for evacuation
[247.673s][info][gc,phases      ] GC(1268)   Pre Evacuate Collection Set: 0.2ms
[247.673s][info][gc,phases      ] GC(1268)   Merge Heap Roots: 0.2ms
[247.673s][info][gc,phases      ] GC(1268)   Evacuate Collection Set: 0.3ms
[247.673s][info][gc,phases      ] GC(1268)   Post Evacuate Collection Set: 2.6ms
[247.673s][info][gc,phases      ] GC(1268)   Other: 0.1ms
[247.673s][info][gc,heap        ] GC(1268) Eden regions: 326->0(326)
[247.673s][info][gc,heap        ] GC(1268) Survivor regions: 1->1(41)
[247.673s][info][gc,heap        ] GC(1268) Old regions: 23->23
[247.673s][info][gc,heap        ] GC(1268) Archive regions: 0->0
[247.673s][info][gc,heap        ] GC(1268) Humongous regions: 0->0
[247.673s][info][gc,metaspace   ] GC(1268) Metaspace: 14282K(15168K)->14282K(15168K) NonClass: 12332K(12928K)->12332K(12928K) Class: 1950K(2240K)->1950K(2240K)
[247.673s][info][gc             ] GC(1268) Pause Young (Normal) (G1 Evacuation Pause) 333M->8M(546M) 3.741ms
[247.673s][info][gc,cpu         ] GC(1268) User=0.52s Sys=0.00s Real=0.00s
[247.865s][info][gc,start       ] GC(1269) Pause Young (Normal) (G1 Evacuation Pause)
[247.865s][info][gc,task        ] GC(1269) Using 33 workers of 33 for evacuation
[247.869s][info][gc,phases      ] GC(1269)   Pre Evacuate Collection Set: 0.1ms
[247.869s][info][gc,phases      ] GC(1269)   Merge Heap Roots: 0.2ms
[247.869s][info][gc,phases      ] GC(1269)   Evacuate Collection Set: 0.3ms
[247.869s][info][gc,phases      ] GC(1269)   Post Evacuate Collection Set: 2.7ms
[247.869s][info][gc,phases      ] GC(1269)   Other: 0.1ms
[247.869s][info][gc,heap        ] GC(1269) Eden regions: 326->0(326)
[247.869s][info][gc,heap        ] GC(1269) Survivor regions: 1->1(41)
[247.869s][info][gc,heap        ] GC(1269) Old regions: 23->23
[247.869s][info][gc,heap        ] GC(1269) Archive regions: 0->0
[247.869s][info][gc,heap        ] GC(1269) Humongous regions: 0->0
[247.869s][info][gc,metaspace   ] GC(1269) Metaspace: 14282K(15168K)->14282K(15168K) NonClass: 12332K(12928K)->12332K(12928K) Class: 1950K(2240K)->1950K(2240K)
[247.869s][info][gc             ] GC(1269) Pause Young (Normal) (G1 Evacuation Pause) 334M->8M(546M) 3.655ms
[247.869s][info][gc,cpu         ] GC(1269) User=0.00s Sys=0.00s Real=0.00s
[248.063s][info][gc,start       ] GC(1270) Pause Young (Normal) (G1 Evacuation Pause)
[248.063s][info][gc,task        ] GC(1270) Using 33 workers of 33 for evacuation
[248.066s][info][gc,phases      ] GC(1270)   Pre Evacuate Collection Set: 0.2ms
[248.066s][info][gc,phases      ] GC(1270)   Merge Heap Roots: 0.1ms
[248.066s][info][gc,phases      ] GC(1270)   Evacuate Collection Set: 0.3ms
[248.066s][info][gc,phases      ] GC(1270)   Post Evacuate Collection Set: 2.7ms
[248.066s][info][gc,phases      ] GC(1270)   Other: 0.1ms
[248.066s][info][gc,heap        ] GC(1270) Eden regions: 326->0(326)
[248.066s][info][gc,heap        ] GC(1270) Survivor regions: 1->1(41)
[248.066s][info][gc,heap        ] GC(1270) Old regions: 23->23
[248.066s][info][gc,heap        ] GC(1270) Archive regions: 0->0
[248.066s][info][gc,heap        ] GC(1270) Humongous regions: 0->0
[248.066s][info][gc,metaspace   ] GC(1270) Metaspace: 14282K(15168K)->14282K(15168K) NonClass: 12332K(12928K)->12332K(12928K) Class: 1950K(2240K)->1950K(2240K)
[248.066s][info][gc             ] GC(1270) Pause Young (Normal) (G1 Evacuation Pause) 334M->8M(546M) 3.635ms
[248.066s][info][gc,cpu         ] GC(1270) User=0.00s Sys=0.00s Real=0.00s
[248.258s][info][gc,start       ] GC(1271) Pause Young (Normal) (G1 Evacuation Pause)
[248.258s][info][gc,task        ] GC(1271) Using 33 workers of 33 for evacuation
[248.262s][info][gc,phases      ] GC(1271)   Pre Evacuate Collection Set: 0.2ms
[248.262s][info][gc,phases      ] GC(1271)   Merge Heap Roots: 0.2ms
[248.262s][info][gc,phases      ] GC(1271)   Evacuate Collection Set: 0.3ms
[248.262s][info][gc,phases      ] GC(1271)   Post Evacuate Collection Set: 2.7ms
[248.262s][info][gc,phases      ] GC(1271)   Other: 0.1ms
[248.262s][info][gc,heap        ] GC(1271) Eden regions: 326->0(326)
[248.262s][info][gc,heap        ] GC(1271) Survivor regions: 1->1(41)
[248.262s][info][gc,heap        ] GC(1271) Old regions: 23->23
[248.262s][info][gc,heap        ] GC(1271) Archive regions: 0->0
[248.262s][info][gc,heap        ] GC(1271) Humongous regions: 0->0
[248.262s][info][gc,metaspace   ] GC(1271) Metaspace: 14282K(15168K)->14282K(15168K) NonClass: 12332K(12928K)->12332K(12928K) Class: 1950K(2240K)->1950K(2240K)
[248.262s][info][gc             ] GC(1271) Pause Young (Normal) (G1 Evacuation Pause) 334M->8M(546M) 3.789ms
[248.262s][info][gc,cpu         ] GC(1271) User=0.00s Sys=0.00s Real=0.00s
[248.454s][info][gc,start       ] GC(1272) Pause Young (Normal) (G1 Evacuation Pause)
[248.454s][info][gc,task        ] GC(1272) Using 33 workers of 33 for evacuation
[248.458s][info][gc,phases      ] GC(1272)   Pre Evacuate Collection Set: 0.2ms
[248.458s][info][gc,phases      ] GC(1272)   Merge Heap Roots: 0.1ms
[248.458s][info][gc,phases      ] GC(1272)   Evacuate Collection Set: 0.3ms
[248.458s][info][gc,phases      ] GC(1272)   Post Evacuate Collection Set: 2.7ms
[248.458s][info][gc,phases      ] GC(1272)   Other: 0.1ms
[248.458s][info][gc,heap        ] GC(1272) Eden regions: 326->0(326)
[248.458s][info][gc,heap        ] GC(1272) Survivor regions: 1->1(41)
[248.458s][info][gc,heap        ] GC(1272) Old regions: 23->23
[248.458s][info][gc,heap        ] GC(1272) Archive regions: 0->0
[248.458s][info][gc,heap        ] GC(1272) Humongous regions: 0->0
[248.458s][info][gc,metaspace   ] GC(1272) Metaspace: 14282K(15168K)->14282K(15168K) NonClass: 12332K(12928K)->12332K(12928K) Class: 1950K(2240K)->1950K(2240K)
[248.458s][info][gc             ] GC(1272) Pause Young (Normal) (G1 Evacuation Pause) 334M->8M(546M) 3.712ms
[248.458s][info][gc,cpu         ] GC(1272) User=0.00s Sys=0.00s Real=0.00s
[248.651s][info][gc,start       ] GC(1273) Pause Young (Normal) (G1 Evacuation Pause)
[248.651s][info][gc,task        ] GC(1273) Using 33 workers of 33 for evacuation
[248.654s][info][gc,phases      ] GC(1273)   Pre Evacuate Collection Set: 0.2ms
[248.654s][info][gc,phases      ] GC(1273)   Merge Heap Roots: 0.2ms
[248.654s][info][gc,phases      ] GC(1273)   Evacuate Collection Set: 0.3ms
[248.654s][info][gc,phases      ] GC(1273)   Post Evacuate Collection Set: 2.8ms
[248.654s][info][gc,phases      ] GC(1273)   Other: 0.1ms
[248.654s][info][gc,heap        ] GC(1273) Eden regions: 326->0(326)
[248.654s][info][gc,heap        ] GC(1273) Survivor regions: 1->1(41)
[248.654s][info][gc,heap        ] GC(1273) Old regions: 23->23
[248.655s][info][gc,heap        ] GC(1273) Archive regions: 0->0
[248.655s][info][gc,heap        ] GC(1273) Humongous regions: 0->0
[248.655s][info][gc,metaspace   ] GC(1273) Metaspace: 14282K(15168K)->14282K(15168K) NonClass: 12332K(12928K)->12332K(12928K) Class: 1950K(2240K)->1950K(2240K)
[248.655s][info][gc             ] GC(1273) Pause Young (Normal) (G1 Evacuation Pause) 334M->8M(546M) 3.810ms
[248.655s][info][gc,cpu         ] GC(1273) User=0.00s Sys=0.00s Real=0.00s
[248.847s][info][gc,start       ] GC(1274) Pause Young (Normal) (G1 Evacuation Pause)
[248.847s][info][gc,task        ] GC(1274) Using 33 workers of 33 for evacuation
[248.851s][info][gc,phases      ] GC(1274)   Pre Evacuate Collection Set: 0.2ms
[248.851s][info][gc,phases      ] GC(1274)   Merge Heap Roots: 0.2ms
[248.851s][info][gc,phases      ] GC(1274)   Evacuate Collection Set: 0.3ms
[248.851s][info][gc,phases      ] GC(1274)   Post Evacuate Collection Set: 2.8ms
[248.851s][info][gc,phases      ] GC(1274)   Other: 0.1ms
[248.851s][info][gc,heap        ] GC(1274) Eden regions: 326->0(326)
[248.851s][info][gc,heap        ] GC(1274) Survivor regions: 1->1(41)
[248.851s][info][gc,heap        ] GC(1274) Old regions: 23->23
[248.851s][info][gc,heap        ] GC(1274) Archive regions: 0->0
[248.851s][info][gc,heap        ] GC(1274) Humongous regions: 0->0
[248.851s][info][gc,metaspace   ] GC(1274) Metaspace: 14282K(15168K)->14282K(15168K) NonClass: 12332K(12928K)->12332K(12928K) Class: 1950K(2240K)->1950K(2240K)
[248.851s][info][gc             ] GC(1274) Pause Young (Normal) (G1 Evacuation Pause) 334M->8M(546M) 3.742ms
[248.851s][info][gc,cpu         ] GC(1274) User=0.00s Sys=0.00s Real=0.00s
[249.044s][info][gc,start       ] GC(1275) Pause Young (Normal) (G1 Evacuation Pause)
[249.044s][info][gc,task        ] GC(1275) Using 33 workers of 33 for evacuation
[249.048s][info][gc,phases      ] GC(1275)   Pre Evacuate Collection Set: 0.2ms
[249.048s][info][gc,phases      ] GC(1275)   Merge Heap Roots: 0.1ms
[249.048s][info][gc,phases      ] GC(1275)   Evacuate Collection Set: 0.4ms
[249.048s][info][gc,phases      ] GC(1275)   Post Evacuate Collection Set: 2.8ms
[249.048s][info][gc,phases      ] GC(1275)   Other: 0.1ms
[249.048s][info][gc,heap        ] GC(1275) Eden regions: 326->0(326)
[249.048s][info][gc,heap        ] GC(1275) Survivor regions: 1->1(41)
[249.048s][info][gc,heap        ] GC(1275) Old regions: 23->23
[249.048s][info][gc,heap        ] GC(1275) Archive regions: 0->0
[249.048s][info][gc,heap        ] GC(1275) Humongous regions: 0->0
[249.048s][info][gc,metaspace   ] GC(1275) Metaspace: 14282K(15168K)->14282K(15168K) NonClass: 12332K(12928K)->12332K(12928K) Class: 1950K(2240K)->1950K(2240K)
[249.048s][info][gc             ] GC(1275) Pause Young (Normal) (G1 Evacuation Pause) 334M->8M(546M) 3.928ms
[249.048s][info][gc,cpu         ] GC(1275) User=0.52s Sys=0.00s Real=0.00s
[249.242s][info][gc,start       ] GC(1276) Pause Young (Normal) (G1 Evacuation Pause)
[249.242s][info][gc,task        ] GC(1276) Using 33 workers of 33 for evacuation
[249.246s][info][gc,phases      ] GC(1276)   Pre Evacuate Collection Set: 0.2ms
[249.246s][info][gc,phases      ] GC(1276)   Merge Heap Roots: 0.2ms
[249.246s][info][gc,phases      ] GC(1276)   Evacuate Collection Set: 0.4ms
[249.246s][info][gc,phases      ] GC(1276)   Post Evacuate Collection Set: 2.9ms
[249.246s][info][gc,phases      ] GC(1276)   Other: 0.1ms
[249.246s][info][gc,heap        ] GC(1276) Eden regions: 326->0(326)
[249.246s][info][gc,heap        ] GC(1276) Survivor regions: 1->1(41)
[249.246s][info][gc,heap        ] GC(1276) Old regions: 23->23
[249.246s][info][gc,heap        ] GC(1276) Archive regions: 0->0
[249.246s][info][gc,heap        ] GC(1276) Humongous regions: 0->0
[249.246s][info][gc,metaspace   ] GC(1276) Metaspace: 14282K(15168K)->14282K(15168K) NonClass: 12332K(12928K)->12332K(12928K) Class: 1950K(2240K)->1950K(2240K)
[249.246s][info][gc             ] GC(1276) Pause Young (Normal) (G1 Evacuation Pause) 334M->8M(546M) 3.931ms
[249.246s][info][gc,cpu         ] GC(1276) User=0.00s Sys=0.00s Real=0.00s
[249.438s][info][gc,start       ] GC(1277) Pause Young (Normal) (G1 Evacuation Pause)
[249.438s][info][gc,task        ] GC(1277) Using 33 workers of 33 for evacuation
[249.442s][info][gc,phases      ] GC(1277)   Pre Evacuate Collection Set: 0.1ms
[249.442s][info][gc,phases      ] GC(1277)   Merge Heap Roots: 0.2ms
[249.442s][info][gc,phases      ] GC(1277)   Evacuate Collection Set: 0.3ms
[249.442s][info][gc,phases      ] GC(1277)   Post Evacuate Collection Set: 2.9ms
[249.442s][info][gc,phases      ] GC(1277)   Other: 0.2ms
[249.442s][info][gc,heap        ] GC(1277) Eden regions: 326->0(326)
[249.442s][info][gc,heap        ] GC(1277) Survivor regions: 1->1(41)
[249.442s][info][gc,heap        ] GC(1277) Old regions: 23->23
[249.442s][info][gc,heap        ] GC(1277) Archive regions: 0->0
[249.442s][info][gc,heap        ] GC(1277) Humongous regions: 0->0
[249.442s][info][gc,metaspace   ] GC(1277) Metaspace: 14282K(15168K)->14282K(15168K) NonClass: 12332K(12928K)->12332K(12928K) Class: 1950K(2240K)->1950K(2240K)
[249.442s][info][gc             ] GC(1277) Pause Young (Normal) (G1 Evacuation Pause) 334M->8M(546M) 3.924ms
[249.442s][info][gc,cpu         ] GC(1277) User=0.00s Sys=0.00s Real=0.00s
[249.635s][info][gc,start       ] GC(1278) Pause Young (Normal) (G1 Evacuation Pause)
[249.635s][info][gc,task        ] GC(1278) Using 33 workers of 33 for evacuation
[249.639s][info][gc,phases      ] GC(1278)   Pre Evacuate Collection Set: 0.2ms
[249.639s][info][gc,phases      ] GC(1278)   Merge Heap Roots: 0.2ms
[249.639s][info][gc,phases      ] GC(1278)   Evacuate Collection Set: 0.4ms
[249.639s][info][gc,phases      ] GC(1278)   Post Evacuate Collection Set: 2.7ms
[249.639s][info][gc,phases      ] GC(1278)   Other: 0.1ms
[249.639s][info][gc,heap        ] GC(1278) Eden regions: 326->0(326)
[249.639s][info][gc,heap        ] GC(1278) Survivor regions: 1->1(41)
[249.639s][info][gc,heap        ] GC(1278) Old regions: 23->23
[249.639s][info][gc,heap        ] GC(1278) Archive regions: 0->0
[249.639s][info][gc,heap        ] GC(1278) Humongous regions: 0->0
[249.639s][info][gc,metaspace   ] GC(1278) Metaspace: 14282K(15168K)->14282K(15168K) NonClass: 12332K(12928K)->12332K(12928K) Class: 1950K(2240K)->1950K(2240K)
[249.639s][info][gc             ] GC(1278) Pause Young (Normal) (G1 Evacuation Pause) 334M->8M(546M) 3.821ms
[249.639s][info][gc,cpu         ] GC(1278) User=0.00s Sys=0.00s Real=0.00s
[249.834s][info][gc,start       ] GC(1279) Pause Young (Normal) (G1 Evacuation Pause)
[249.834s][info][gc,task        ] GC(1279) Using 33 workers of 33 for evacuation
[249.837s][info][gc,phases      ] GC(1279)   Pre Evacuate Collection Set: 0.2ms
[249.837s][info][gc,phases      ] GC(1279)   Merge Heap Roots: 0.2ms
[249.837s][info][gc,phases      ] GC(1279)   Evacuate Collection Set: 0.3ms
[249.837s][info][gc,phases      ] GC(1279)   Post Evacuate Collection Set: 2.6ms
[249.837s][info][gc,phases      ] GC(1279)   Other: 0.1ms
[249.837s][info][gc,heap        ] GC(1279) Eden regions: 326->0(326)
[249.837s][info][gc,heap        ] GC(1279) Survivor regions: 1->1(41)
[249.837s][info][gc,heap        ] GC(1279) Old regions: 23->23
[249.837s][info][gc,heap        ] GC(1279) Archive regions: 0->0
[249.837s][info][gc,heap        ] GC(1279) Humongous regions: 0->0
[249.837s][info][gc,metaspace   ] GC(1279) Metaspace: 14282K(15168K)->14282K(15168K) NonClass: 12332K(12928K)->12332K(12928K) Class: 1950K(2240K)->1950K(2240K)
[249.837s][info][gc             ] GC(1279) Pause Young (Normal) (G1 Evacuation Pause) 334M->8M(546M) 3.557ms
[249.837s][info][gc,cpu         ] GC(1279) User=0.00s Sys=0.00s Real=0.00s
[250.032s][info][gc,start       ] GC(1280) Pause Young (Normal) (G1 Evacuation Pause)
[250.048s][info][gc,task        ] GC(1280) Using 33 workers of 33 for evacuation
[250.052s][info][gc,phases      ] GC(1280)   Pre Evacuate Collection Set: 0.2ms
[250.052s][info][gc,phases      ] GC(1280)   Merge Heap Roots: 0.2ms
[250.052s][info][gc,phases      ] GC(1280)   Evacuate Collection Set: 0.4ms
[250.052s][info][gc,phases      ] GC(1280)   Post Evacuate Collection Set: 2.5ms
[250.052s][info][gc,phases      ] GC(1280)   Other: 0.1ms
[250.052s][info][gc,heap        ] GC(1280) Eden regions: 326->0(326)
[250.052s][info][gc,heap        ] GC(1280) Survivor regions: 1->1(41)
[250.052s][info][gc,heap        ] GC(1280) Old regions: 23->23
[250.052s][info][gc,heap        ] GC(1280) Archive regions: 0->0
[250.052s][info][gc,heap        ] GC(1280) Humongous regions: 0->0
[250.052s][info][gc,metaspace   ] GC(1280) Metaspace: 14282K(15168K)->14282K(15168K) NonClass: 12332K(12928K)->12332K(12928K) Class: 1950K(2240K)->1950K(2240K)
[250.052s][info][gc             ] GC(1280) Pause Young (Normal) (G1 Evacuation Pause) 334M->8M(546M) 20.092ms
[250.052s][info][gc,cpu         ] GC(1280) User=0.00s Sys=0.00s Real=0.01s
[250.246s][info][gc,start       ] GC(1281) Pause Young (Normal) (G1 Evacuation Pause)
[250.246s][info][gc,task        ] GC(1281) Using 33 workers of 33 for evacuation
[250.250s][info][gc,phases      ] GC(1281)   Pre Evacuate Collection Set: 0.2ms
[250.250s][info][gc,phases      ] GC(1281)   Merge Heap Roots: 0.2ms
[250.250s][info][gc,phases      ] GC(1281)   Evacuate Collection Set: 0.3ms
[250.250s][info][gc,phases      ] GC(1281)   Post Evacuate Collection Set: 2.4ms
[250.250s][info][gc,phases      ] GC(1281)   Other: 0.2ms
[250.250s][info][gc,heap        ] GC(1281) Eden regions: 326->0(326)
[250.250s][info][gc,heap        ] GC(1281) Survivor regions: 1->1(41)
[250.250s][info][gc,heap        ] GC(1281) Old regions: 23->23
[250.250s][info][gc,heap        ] GC(1281) Archive regions: 0->0
[250.250s][info][gc,heap        ] GC(1281) Humongous regions: 0->0
[250.250s][info][gc,metaspace   ] GC(1281) Metaspace: 14282K(15168K)->14282K(15168K) NonClass: 12332K(12928K)->12332K(12928K) Class: 1950K(2240K)->1950K(2240K)
[250.250s][info][gc             ] GC(1281) Pause Young (Normal) (G1 Evacuation Pause) 334M->8M(546M) 3.474ms
[250.250s][info][gc,cpu         ] GC(1281) User=0.00s Sys=0.00s Real=0.00s
[250.442s][info][gc,start       ] GC(1282) Pause Young (Normal) (G1 Evacuation Pause)
[250.442s][info][gc,task        ] GC(1282) Using 33 workers of 33 for evacuation
[250.445s][info][gc,phases      ] GC(1282)   Pre Evacuate Collection Set: 0.2ms
[250.445s][info][gc,phases      ] GC(1282)   Merge Heap Roots: 0.2ms
[250.445s][info][gc,phases      ] GC(1282)   Evacuate Collection Set: 0.4ms
[250.445s][info][gc,phases      ] GC(1282)   Post Evacuate Collection Set: 2.5ms
[250.445s][info][gc,phases      ] GC(1282)   Other: 0.1ms
[250.445s][info][gc,heap        ] GC(1282) Eden regions: 326->0(326)
[250.445s][info][gc,heap        ] GC(1282) Survivor regions: 1->1(41)
[250.445s][info][gc,heap        ] GC(1282) Old regions: 23->23
[250.445s][info][gc,heap        ] GC(1282) Archive regions: 0->0
[250.445s][info][gc,heap        ] GC(1282) Humongous regions: 0->0
[250.445s][info][gc,metaspace   ] GC(1282) Metaspace: 14282K(15168K)->14282K(15168K) NonClass: 12332K(12928K)->12332K(12928K) Class: 1950K(2240K)->1950K(2240K)
[250.445s][info][gc             ] GC(1282) Pause Young (Normal) (G1 Evacuation Pause) 334M->8M(546M) 3.480ms
[250.445s][info][gc,cpu         ] GC(1282) User=0.00s Sys=0.00s Real=0.00s
[250.637s][info][gc,start       ] GC(1283) Pause Young (Normal) (G1 Evacuation Pause)
[250.637s][info][gc,task        ] GC(1283) Using 33 workers of 33 for evacuation
[250.640s][info][gc,phases      ] GC(1283)   Pre Evacuate Collection Set: 0.1ms
[250.640s][info][gc,phases      ] GC(1283)   Merge Heap Roots: 0.2ms
[250.640s][info][gc,phases      ] GC(1283)   Evacuate Collection Set: 0.4ms
[250.640s][info][gc,phases      ] GC(1283)   Post Evacuate Collection Set: 2.5ms
[250.640s][info][gc,phases      ] GC(1283)   Other: 0.1ms
[250.640s][info][gc,heap        ] GC(1283) Eden regions: 326->0(326)
[250.640s][info][gc,heap        ] GC(1283) Survivor regions: 1->1(41)
[250.640s][info][gc,heap        ] GC(1283) Old regions: 23->23
[250.640s][info][gc,heap        ] GC(1283) Archive regions: 0->0
[250.640s][info][gc,heap        ] GC(1283) Humongous regions: 0->0
[250.640s][info][gc,metaspace   ] GC(1283) Metaspace: 14282K(15168K)->14282K(15168K) NonClass: 12332K(12928K)->12332K(12928K) Class: 1950K(2240K)->1950K(2240K)
[250.640s][info][gc             ] GC(1283) Pause Young (Normal) (G1 Evacuation Pause) 334M->8M(546M) 3.515ms
[250.640s][info][gc,cpu         ] GC(1283) User=0.00s Sys=0.02s Real=0.00s
[250.833s][info][gc,start       ] GC(1284) Pause Young (Normal) (G1 Evacuation Pause)
[250.833s][info][gc,task        ] GC(1284) Using 33 workers of 33 for evacuation
[250.836s][info][gc,phases      ] GC(1284)   Pre Evacuate Collection Set: 0.2ms
[250.836s][info][gc,phases      ] GC(1284)   Merge Heap Roots: 0.2ms
[250.836s][info][gc,phases      ] GC(1284)   Evacuate Collection Set: 0.3ms
[250.836s][info][gc,phases      ] GC(1284)   Post Evacuate Collection Set: 2.5ms
[250.836s][info][gc,phases      ] GC(1284)   Other: 0.1ms
[250.836s][info][gc,heap        ] GC(1284) Eden regions: 326->0(326)
[250.836s][info][gc,heap        ] GC(1284) Survivor regions: 1->1(41)
[250.836s][info][gc,heap        ] GC(1284) Old regions: 23->24
[250.836s][info][gc,heap        ] GC(1284) Archive regions: 0->0
[250.836s][info][gc,heap        ] GC(1284) Humongous regions: 0->0
[250.836s][info][gc,metaspace   ] GC(1284) Metaspace: 14282K(15168K)->14282K(15168K) NonClass: 12332K(12928K)->12332K(12928K) Class: 1950K(2240K)->1950K(2240K)
[250.836s][info][gc             ] GC(1284) Pause Young (Normal) (G1 Evacuation Pause) 334M->8M(546M) 3.553ms
[250.836s][info][gc,cpu         ] GC(1284) User=0.00s Sys=0.00s Real=0.00s
[251.028s][info][gc,start       ] GC(1285) Pause Young (Normal) (G1 Evacuation Pause)
[251.028s][info][gc,task        ] GC(1285) Using 33 workers of 33 for evacuation
[251.032s][info][gc,phases      ] GC(1285)   Pre Evacuate Collection Set: 0.1ms
[251.032s][info][gc,phases      ] GC(1285)   Merge Heap Roots: 0.2ms
[251.032s][info][gc,phases      ] GC(1285)   Evacuate Collection Set: 0.3ms
[251.032s][info][gc,phases      ] GC(1285)   Post Evacuate Collection Set: 2.6ms
[251.032s][info][gc,phases      ] GC(1285)   Other: 0.1ms
[251.032s][info][gc,heap        ] GC(1285) Eden regions: 326->0(326)
[251.032s][info][gc,heap        ] GC(1285) Survivor regions: 1->1(41)
[251.032s][info][gc,heap        ] GC(1285) Old regions: 24->24
[251.032s][info][gc,heap        ] GC(1285) Archive regions: 0->0
[251.032s][info][gc,heap        ] GC(1285) Humongous regions: 0->0
[251.032s][info][gc,metaspace   ] GC(1285) Metaspace: 14282K(15168K)->14282K(15168K) NonClass: 12332K(12928K)->12332K(12928K) Class: 1950K(2240K)->1950K(2240K)
[251.032s][info][gc             ] GC(1285) Pause Young (Normal) (G1 Evacuation Pause) 334M->8M(546M) 3.627ms
[251.032s][info][gc,cpu         ] GC(1285) User=0.52s Sys=0.00s Real=0.00s
[251.225s][info][gc,start       ] GC(1286) Pause Young (Normal) (G1 Evacuation Pause)
[251.225s][info][gc,task        ] GC(1286) Using 33 workers of 33 for evacuation
[251.228s][info][gc,phases      ] GC(1286)   Pre Evacuate Collection Set: 0.2ms
[251.228s][info][gc,phases      ] GC(1286)   Merge Heap Roots: 0.2ms
[251.228s][info][gc,phases      ] GC(1286)   Evacuate Collection Set: 0.3ms
[251.228s][info][gc,phases      ] GC(1286)   Post Evacuate Collection Set: 2.6ms
[251.228s][info][gc,phases      ] GC(1286)   Other: 0.1ms
[251.228s][info][gc,heap        ] GC(1286) Eden regions: 326->0(326)
[251.228s][info][gc,heap        ] GC(1286) Survivor regions: 1->1(41)
[251.228s][info][gc,heap        ] GC(1286) Old regions: 24->24
[251.228s][info][gc,heap        ] GC(1286) Archive regions: 0->0
[251.228s][info][gc,heap        ] GC(1286) Humongous regions: 0->0
[251.228s][info][gc,metaspace   ] GC(1286) Metaspace: 14282K(15168K)->14282K(15168K) NonClass: 12332K(12928K)->12332K(12928K) Class: 1950K(2240K)->1950K(2240K)
[251.228s][info][gc             ] GC(1286) Pause Young (Normal) (G1 Evacuation Pause) 334M->8M(546M) 3.604ms
[251.228s][info][gc,cpu         ] GC(1286) User=0.00s Sys=0.00s Real=0.00s
[251.422s][info][gc,start       ] GC(1287) Pause Young (Normal) (G1 Evacuation Pause)
[251.422s][info][gc,task        ] GC(1287) Using 33 workers of 33 for evacuation
[251.425s][info][gc,phases      ] GC(1287)   Pre Evacuate Collection Set: 0.2ms
[251.472s][info][gc,phases      ] GC(1287)   Merge Heap Roots: 0.2ms
[251.472s][info][gc,phases      ] GC(1287)   Evacuate Collection Set: 0.3ms
[251.472s][info][gc,phases      ] GC(1287)   Post Evacuate Collection Set: 2.7ms
[251.472s][info][gc,phases      ] GC(1287)   Other: 0.1ms
[251.472s][info][gc,heap        ] GC(1287) Eden regions: 326->0(326)
[251.472s][info][gc,heap        ] GC(1287) Survivor regions: 1->1(41)
[251.472s][info][gc,heap        ] GC(1287) Old regions: 24->24
[251.472s][info][gc,heap        ] GC(1287) Archive regions: 0->0
[251.472s][info][gc,heap        ] GC(1287) Humongous regions: 0->0
[251.472s][info][gc,metaspace   ] GC(1287) Metaspace: 14282K(15168K)->14282K(15168K) NonClass: 12332K(12928K)->12332K(12928K) Class: 1950K(2240K)->1950K(2240K)
[251.472s][info][gc             ] GC(1287) Pause Young (Normal) (G1 Evacuation Pause) 334M->8M(546M) 50.873ms
[251.472s][info][gc,cpu         ] GC(1287) User=0.00s Sys=0.17s Real=0.04s
[251.671s][info][gc,start       ] GC(1288) Pause Young (Normal) (G1 Evacuation Pause)
[251.671s][info][gc,task        ] GC(1288) Using 33 workers of 33 for evacuation
[251.675s][info][gc,phases      ] GC(1288)   Pre Evacuate Collection Set: 0.1ms
[251.675s][info][gc,phases      ] GC(1288)   Merge Heap Roots: 0.2ms
[251.675s][info][gc,phases      ] GC(1288)   Evacuate Collection Set: 0.3ms
[251.675s][info][gc,phases      ] GC(1288)   Post Evacuate Collection Set: 2.7ms
[251.675s][info][gc,phases      ] GC(1288)   Other: 0.1ms
[251.675s][info][gc,heap        ] GC(1288) Eden regions: 326->0(326)
[251.675s][info][gc,heap        ] GC(1288) Survivor regions: 1->1(41)
[251.675s][info][gc,heap        ] GC(1288) Old regions: 24->24
[251.675s][info][gc,heap        ] GC(1288) Archive regions: 0->0
[251.675s][info][gc,heap        ] GC(1288) Humongous regions: 0->0
[251.675s][info][gc,metaspace   ] GC(1288) Metaspace: 14282K(15168K)->14282K(15168K) NonClass: 12332K(12928K)->12332K(12928K) Class: 1950K(2240K)->1950K(2240K)
[251.675s][info][gc             ] GC(1288) Pause Young (Normal) (G1 Evacuation Pause) 334M->8M(546M) 3.759ms
[251.675s][info][gc,cpu         ] GC(1288) User=0.52s Sys=0.00s Real=0.00s
[251.868s][info][gc,start       ] GC(1289) Pause Young (Normal) (G1 Evacuation Pause)
[251.868s][info][gc,task        ] GC(1289) Using 33 workers of 33 for evacuation
[251.871s][info][gc,phases      ] GC(1289)   Pre Evacuate Collection Set: 0.2ms
[251.871s][info][gc,phases      ] GC(1289)   Merge Heap Roots: 0.2ms
[251.871s][info][gc,phases      ] GC(1289)   Evacuate Collection Set: 0.3ms
[251.871s][info][gc,phases      ] GC(1289)   Post Evacuate Collection Set: 2.7ms
[251.871s][info][gc,phases      ] GC(1289)   Other: 0.1ms
[251.871s][info][gc,heap        ] GC(1289) Eden regions: 326->0(326)
[251.871s][info][gc,heap        ] GC(1289) Survivor regions: 1->1(41)
[251.871s][info][gc,heap        ] GC(1289) Old regions: 24->24
[251.871s][info][gc,heap        ] GC(1289) Archive regions: 0->0
[251.871s][info][gc,heap        ] GC(1289) Humongous regions: 0->0
[251.871s][info][gc,metaspace   ] GC(1289) Metaspace: 14282K(15168K)->14282K(15168K) NonClass: 12332K(12928K)->12332K(12928K) Class: 1950K(2240K)->1950K(2240K)
[251.871s][info][gc             ] GC(1289) Pause Young (Normal) (G1 Evacuation Pause) 334M->9M(546M) 3.705ms
[251.871s][info][gc,cpu         ] GC(1289) User=0.00s Sys=0.00s Real=0.00s
[252.064s][info][gc,start       ] GC(1290) Pause Young (Normal) (G1 Evacuation Pause)
[252.064s][info][gc,task        ] GC(1290) Using 33 workers of 33 for evacuation
[252.067s][info][gc,phases      ] GC(1290)   Pre Evacuate Collection Set: 0.2ms
[252.067s][info][gc,phases      ] GC(1290)   Merge Heap Roots: 0.2ms
[252.067s][info][gc,phases      ] GC(1290)   Evacuate Collection Set: 0.3ms
[252.067s][info][gc,phases      ] GC(1290)   Post Evacuate Collection Set: 2.8ms
[252.067s][info][gc,phases      ] GC(1290)   Other: 0.1ms
[252.067s][info][gc,heap        ] GC(1290) Eden regions: 326->0(326)
[252.067s][info][gc,heap        ] GC(1290) Survivor regions: 1->1(41)
[252.067s][info][gc,heap        ] GC(1290) Old regions: 24->24
[252.067s][info][gc,heap        ] GC(1290) Archive regions: 0->0
[252.067s][info][gc,heap        ] GC(1290) Humongous regions: 0->0
[252.067s][info][gc,metaspace   ] GC(1290) Metaspace: 14282K(15168K)->14282K(15168K) NonClass: 12332K(12928K)->12332K(12928K) Class: 1950K(2240K)->1950K(2240K)
[252.067s][info][gc             ] GC(1290) Pause Young (Normal) (G1 Evacuation Pause) 335M->9M(546M) 3.777ms
[252.067s][info][gc,cpu         ] GC(1290) User=0.00s Sys=0.00s Real=0.00s
[252.260s][info][gc,start       ] GC(1291) Pause Young (Normal) (G1 Evacuation Pause)
[252.260s][info][gc,task        ] GC(1291) Using 33 workers of 33 for evacuation
[252.264s][info][gc,phases      ] GC(1291)   Pre Evacuate Collection Set: 0.2ms
[252.264s][info][gc,phases      ] GC(1291)   Merge Heap Roots: 0.2ms
[252.264s][info][gc,phases      ] GC(1291)   Evacuate Collection Set: 0.3ms
[252.264s][info][gc,phases      ] GC(1291)   Post Evacuate Collection Set: 2.8ms
[252.264s][info][gc,phases      ] GC(1291)   Other: 0.1ms
[252.264s][info][gc,heap        ] GC(1291) Eden regions: 326->0(326)
[252.264s][info][gc,heap        ] GC(1291) Survivor regions: 1->1(41)
[252.264s][info][gc,heap        ] GC(1291) Old regions: 24->24
[252.264s][info][gc,heap        ] GC(1291) Archive regions: 0->0
[252.264s][info][gc,heap        ] GC(1291) Humongous regions: 0->0
[252.264s][info][gc,metaspace   ] GC(1291) Metaspace: 14282K(15168K)->14282K(15168K) NonClass: 12332K(12928K)->12332K(12928K) Class: 1950K(2240K)->1950K(2240K)
[252.264s][info][gc             ] GC(1291) Pause Young (Normal) (G1 Evacuation Pause) 335M->9M(546M) 3.776ms
[252.264s][info][gc,cpu         ] GC(1291) User=0.00s Sys=0.00s Real=0.00s
[252.457s][info][gc,start       ] GC(1292) Pause Young (Normal) (G1 Evacuation Pause)
[252.457s][info][gc,task        ] GC(1292) Using 33 workers of 33 for evacuation
[252.461s][info][gc,phases      ] GC(1292)   Pre Evacuate Collection Set: 0.1ms
[252.461s][info][gc,phases      ] GC(1292)   Merge Heap Roots: 0.2ms
[252.461s][info][gc,phases      ] GC(1292)   Evacuate Collection Set: 0.4ms
[252.461s][info][gc,phases      ] GC(1292)   Post Evacuate Collection Set: 2.8ms
[252.461s][info][gc,phases      ] GC(1292)   Other: 0.1ms
[252.461s][info][gc,heap        ] GC(1292) Eden regions: 326->0(326)
[252.461s][info][gc,heap        ] GC(1292) Survivor regions: 1->1(41)
[252.461s][info][gc,heap        ] GC(1292) Old regions: 24->24
[252.461s][info][gc,heap        ] GC(1292) Archive regions: 0->0
[252.461s][info][gc,heap        ] GC(1292) Humongous regions: 0->0
[252.461s][info][gc,metaspace   ] GC(1292) Metaspace: 14282K(15168K)->14282K(15168K) NonClass: 12332K(12928K)->12332K(12928K) Class: 1950K(2240K)->1950K(2240K)
[252.461s][info][gc             ] GC(1292) Pause Young (Normal) (G1 Evacuation Pause) 335M->9M(546M) 3.817ms
[252.461s][info][gc,cpu         ] GC(1292) User=0.00s Sys=0.00s Real=0.00s
[252.654s][info][gc,start       ] GC(1293) Pause Young (Normal) (G1 Evacuation Pause)
[252.654s][info][gc,task        ] GC(1293) Using 33 workers of 33 for evacuation
[252.657s][info][gc,phases      ] GC(1293)   Pre Evacuate Collection Set: 0.1ms
[252.657s][info][gc,phases      ] GC(1293)   Merge Heap Roots: 0.2ms
[252.657s][info][gc,phases      ] GC(1293)   Evacuate Collection Set: 0.3ms
[252.657s][info][gc,phases      ] GC(1293)   Post Evacuate Collection Set: 2.9ms
[252.657s][info][gc,phases      ] GC(1293)   Other: 0.1ms
[252.657s][info][gc,heap        ] GC(1293) Eden regions: 326->0(326)
[252.657s][info][gc,heap        ] GC(1293) Survivor regions: 1->1(41)
[252.657s][info][gc,heap        ] GC(1293) Old regions: 24->24
[252.657s][info][gc,heap        ] GC(1293) Archive regions: 0->0
[252.657s][info][gc,heap        ] GC(1293) Humongous regions: 0->0
[252.658s][info][gc,metaspace   ] GC(1293) Metaspace: 14282K(15168K)->14282K(15168K) NonClass: 12332K(12928K)->12332K(12928K) Class: 1950K(2240K)->1950K(2240K)
[252.658s][info][gc             ] GC(1293) Pause Young (Normal) (G1 Evacuation Pause) 335M->9M(546M) 3.845ms
[252.658s][info][gc,cpu         ] GC(1293) User=0.52s Sys=0.00s Real=0.00s
[252.849s][info][gc,start       ] GC(1294) Pause Young (Normal) (G1 Evacuation Pause)
[252.849s][info][gc,task        ] GC(1294) Using 33 workers of 33 for evacuation
[252.853s][info][gc,phases      ] GC(1294)   Pre Evacuate Collection Set: 0.2ms
[252.853s][info][gc,phases      ] GC(1294)   Merge Heap Roots: 0.2ms
[252.853s][info][gc,phases      ] GC(1294)   Evacuate Collection Set: 0.4ms
[252.853s][info][gc,phases      ] GC(1294)   Post Evacuate Collection Set: 2.9ms
[252.853s][info][gc,phases      ] GC(1294)   Other: 0.1ms
[252.853s][info][gc,heap        ] GC(1294) Eden regions: 326->0(326)
[252.853s][info][gc,heap        ] GC(1294) Survivor regions: 1->1(41)
[252.853s][info][gc,heap        ] GC(1294) Old regions: 24->24
[252.853s][info][gc,heap        ] GC(1294) Archive regions: 0->0
[252.853s][info][gc,heap        ] GC(1294) Humongous regions: 0->0
[252.853s][info][gc,metaspace   ] GC(1294) Metaspace: 14282K(15168K)->14282K(15168K) NonClass: 12332K(12928K)->12332K(12928K) Class: 1950K(2240K)->1950K(2240K)
[252.853s][info][gc             ] GC(1294) Pause Young (Normal) (G1 Evacuation Pause) 335M->9M(546M) 3.900ms
[252.853s][info][gc,cpu         ] GC(1294) User=0.00s Sys=0.00s Real=0.00s
[253.047s][info][gc,start       ] GC(1295) Pause Young (Normal) (G1 Evacuation Pause)
[253.047s][info][gc,task        ] GC(1295) Using 33 workers of 33 for evacuation
[253.051s][info][gc,phases      ] GC(1295)   Pre Evacuate Collection Set: 0.2ms
[253.051s][info][gc,phases      ] GC(1295)   Merge Heap Roots: 0.1ms
[253.051s][info][gc,phases      ] GC(1295)   Evacuate Collection Set: 0.3ms
[253.051s][info][gc,phases      ] GC(1295)   Post Evacuate Collection Set: 2.9ms
[253.051s][info][gc,phases      ] GC(1295)   Other: 0.1ms
[253.051s][info][gc,heap        ] GC(1295) Eden regions: 326->0(326)
[253.051s][info][gc,heap        ] GC(1295) Survivor regions: 1->1(41)
[253.051s][info][gc,heap        ] GC(1295) Old regions: 24->24
[253.051s][info][gc,heap        ] GC(1295) Archive regions: 0->0
[253.051s][info][gc,heap        ] GC(1295) Humongous regions: 0->0
[253.051s][info][gc,metaspace   ] GC(1295) Metaspace: 14282K(15168K)->14282K(15168K) NonClass: 12332K(12928K)->12332K(12928K) Class: 1950K(2240K)->1950K(2240K)
[253.051s][info][gc             ] GC(1295) Pause Young (Normal) (G1 Evacuation Pause) 335M->9M(546M) 3.977ms
[253.051s][info][gc,cpu         ] GC(1295) User=0.00s Sys=0.00s Real=0.00s
[253.339s][info][gc,start       ] GC(1296) Pause Young (Normal) (G1 Evacuation Pause)
[253.339s][info][gc,task        ] GC(1296) Using 33 workers of 33 for evacuation
[253.344s][info][gc,phases      ] GC(1296)   Pre Evacuate Collection Set: 0.2ms
[253.344s][info][gc,phases      ] GC(1296)   Merge Heap Roots: 0.2ms
[253.344s][info][gc,phases      ] GC(1296)   Evacuate Collection Set: 0.6ms
[253.344s][info][gc,phases      ] GC(1296)   Post Evacuate Collection Set: 3.8ms
[253.344s][info][gc,phases      ] GC(1296)   Other: 0.2ms
[253.344s][info][gc,heap        ] GC(1296) Eden regions: 326->0(326)
[253.344s][info][gc,heap        ] GC(1296) Survivor regions: 1->1(41)
[253.344s][info][gc,heap        ] GC(1296) Old regions: 24->24
[253.344s][info][gc,heap        ] GC(1296) Archive regions: 0->0
[253.344s][info][gc,heap        ] GC(1296) Humongous regions: 0->0
[253.344s][info][gc,metaspace   ] GC(1296) Metaspace: 14282K(15168K)->14282K(15168K) NonClass: 12332K(12928K)->12332K(12928K) Class: 1950K(2240K)->1950K(2240K)
[253.344s][info][gc             ] GC(1296) Pause Young (Normal) (G1 Evacuation Pause) 335M->9M(546M) 5.562ms
[253.344s][info][gc,cpu         ] GC(1296) User=0.00s Sys=0.00s Real=0.00s
[253.543s][info][gc,start       ] GC(1297) Pause Young (Normal) (G1 Evacuation Pause)
[253.543s][info][gc,task        ] GC(1297) Using 33 workers of 33 for evacuation
[253.546s][info][gc,phases      ] GC(1297)   Pre Evacuate Collection Set: 0.2ms
[253.546s][info][gc,phases      ] GC(1297)   Merge Heap Roots: 0.2ms
[253.546s][info][gc,phases      ] GC(1297)   Evacuate Collection Set: 0.3ms
[253.546s][info][gc,phases      ] GC(1297)   Post Evacuate Collection Set: 2.8ms
[253.546s][info][gc,phases      ] GC(1297)   Other: 0.1ms
[253.546s][info][gc,heap        ] GC(1297) Eden regions: 326->0(326)
[253.546s][info][gc,heap        ] GC(1297) Survivor regions: 1->1(41)
[253.546s][info][gc,heap        ] GC(1297) Old regions: 24->24
[253.546s][info][gc,heap        ] GC(1297) Archive regions: 0->0
[253.546s][info][gc,heap        ] GC(1297) Humongous regions: 0->0
[253.546s][info][gc,metaspace   ] GC(1297) Metaspace: 14282K(15168K)->14282K(15168K) NonClass: 12332K(12928K)->12332K(12928K) Class: 1950K(2240K)->1950K(2240K)
[253.546s][info][gc             ] GC(1297) Pause Young (Normal) (G1 Evacuation Pause) 335M->9M(546M) 3.775ms
[253.546s][info][gc,cpu         ] GC(1297) User=0.00s Sys=0.00s Real=0.00s
[253.740s][info][gc,start       ] GC(1298) Pause Young (Normal) (G1 Evacuation Pause)
[253.740s][info][gc,task        ] GC(1298) Using 33 workers of 33 for evacuation
[253.744s][info][gc,phases      ] GC(1298)   Pre Evacuate Collection Set: 0.2ms
[253.744s][info][gc,phases      ] GC(1298)   Merge Heap Roots: 0.2ms
[253.744s][info][gc,phases      ] GC(1298)   Evacuate Collection Set: 0.3ms
[253.744s][info][gc,phases      ] GC(1298)   Post Evacuate Collection Set: 2.6ms
[253.744s][info][gc,phases      ] GC(1298)   Other: 0.1ms
[253.744s][info][gc,heap        ] GC(1298) Eden regions: 326->0(326)
[253.744s][info][gc,heap        ] GC(1298) Survivor regions: 1->1(41)
[253.744s][info][gc,heap        ] GC(1298) Old regions: 24->24
[253.744s][info][gc,heap        ] GC(1298) Archive regions: 0->0
[253.744s][info][gc,heap        ] GC(1298) Humongous regions: 0->0
[253.744s][info][gc,metaspace   ] GC(1298) Metaspace: 14282K(15168K)->14282K(15168K) NonClass: 12332K(12928K)->12332K(12928K) Class: 1950K(2240K)->1950K(2240K)
[253.744s][info][gc             ] GC(1298) Pause Young (Normal) (G1 Evacuation Pause) 335M->9M(546M) 3.595ms
[253.744s][info][gc,cpu         ] GC(1298) User=0.00s Sys=0.00s Real=0.00s
[253.935s][info][gc,start       ] GC(1299) Pause Young (Normal) (G1 Evacuation Pause)
[253.935s][info][gc,task        ] GC(1299) Using 33 workers of 33 for evacuation
[253.938s][info][gc,phases      ] GC(1299)   Pre Evacuate Collection Set: 0.2ms
[253.938s][info][gc,phases      ] GC(1299)   Merge Heap Roots: 0.2ms
[253.938s][info][gc,phases      ] GC(1299)   Evacuate Collection Set: 0.3ms
[253.938s][info][gc,phases      ] GC(1299)   Post Evacuate Collection Set: 2.5ms
[253.938s][info][gc,phases      ] GC(1299)   Other: 0.1ms
[253.938s][info][gc,heap        ] GC(1299) Eden regions: 326->0(326)
[253.938s][info][gc,heap        ] GC(1299) Survivor regions: 1->1(41)
[253.938s][info][gc,heap        ] GC(1299) Old regions: 24->24
[253.938s][info][gc,heap        ] GC(1299) Archive regions: 0->0
[253.938s][info][gc,heap        ] GC(1299) Humongous regions: 0->0
[253.938s][info][gc,metaspace   ] GC(1299) Metaspace: 14282K(15168K)->14282K(15168K) NonClass: 12332K(12928K)->12332K(12928K) Class: 1950K(2240K)->1950K(2240K)
[253.938s][info][gc             ] GC(1299) Pause Young (Normal) (G1 Evacuation Pause) 335M->9M(546M) 3.543ms
[253.938s][info][gc,cpu         ] GC(1299) User=0.02s Sys=0.11s Real=0.00s
[254.131s][info][gc,start       ] GC(1300) Pause Young (Normal) (G1 Evacuation Pause)
[254.131s][info][gc,task        ] GC(1300) Using 33 workers of 33 for evacuation
[254.134s][info][gc,phases      ] GC(1300)   Pre Evacuate Collection Set: 0.2ms
[254.134s][info][gc,phases      ] GC(1300)   Merge Heap Roots: 0.1ms
[254.134s][info][gc,phases      ] GC(1300)   Evacuate Collection Set: 0.4ms
[254.134s][info][gc,phases      ] GC(1300)   Post Evacuate Collection Set: 2.4ms
[254.134s][info][gc,phases      ] GC(1300)   Other: 0.1ms
[254.134s][info][gc,heap        ] GC(1300) Eden regions: 326->0(326)
[254.134s][info][gc,heap        ] GC(1300) Survivor regions: 1->1(41)
[254.134s][info][gc,heap        ] GC(1300) Old regions: 24->24
[254.134s][info][gc,heap        ] GC(1300) Archive regions: 0->0
[254.134s][info][gc,heap        ] GC(1300) Humongous regions: 0->0
[254.134s][info][gc,metaspace   ] GC(1300) Metaspace: 14282K(15168K)->14282K(15168K) NonClass: 12332K(12928K)->12332K(12928K) Class: 1950K(2240K)->1950K(2240K)
[254.134s][info][gc             ] GC(1300) Pause Young (Normal) (G1 Evacuation Pause) 335M->9M(546M) 3.393ms
[254.134s][info][gc,cpu         ] GC(1300) User=0.00s Sys=0.00s Real=0.00s
[254.330s][info][gc,start       ] GC(1301) Pause Young (Normal) (G1 Evacuation Pause)
[254.331s][info][gc,task        ] GC(1301) Using 33 workers of 33 for evacuation
[254.334s][info][gc,phases      ] GC(1301)   Pre Evacuate Collection Set: 0.1ms
[254.334s][info][gc,phases      ] GC(1301)   Merge Heap Roots: 0.2ms
[254.334s][info][gc,phases      ] GC(1301)   Evacuate Collection Set: 0.4ms
[254.334s][info][gc,phases      ] GC(1301)   Post Evacuate Collection Set: 2.5ms
[254.334s][info][gc,phases      ] GC(1301)   Other: 0.1ms
[254.334s][info][gc,heap        ] GC(1301) Eden regions: 326->0(326)
[254.334s][info][gc,heap        ] GC(1301) Survivor regions: 1->1(41)
[254.334s][info][gc,heap        ] GC(1301) Old regions: 24->24
[254.334s][info][gc,heap        ] GC(1301) Archive regions: 0->0
[254.334s][info][gc,heap        ] GC(1301) Humongous regions: 0->0
[254.334s][info][gc,metaspace   ] GC(1301) Metaspace: 14282K(15168K)->14282K(15168K) NonClass: 12332K(12928K)->12332K(12928K) Class: 1950K(2240K)->1950K(2240K)
[254.334s][info][gc             ] GC(1301) Pause Young (Normal) (G1 Evacuation Pause) 335M->9M(546M) 3.555ms
[254.334s][info][gc,cpu         ] GC(1301) User=0.00s Sys=0.00s Real=0.00s
[254.535s][info][gc,start       ] GC(1302) Pause Young (Normal) (G1 Evacuation Pause)
[254.535s][info][gc,task        ] GC(1302) Using 33 workers of 33 for evacuation
[254.539s][info][gc,phases      ] GC(1302)   Pre Evacuate Collection Set: 0.1ms
[254.539s][info][gc,phases      ] GC(1302)   Merge Heap Roots: 0.2ms
[254.539s][info][gc,phases      ] GC(1302)   Evacuate Collection Set: 0.4ms
[254.539s][info][gc,phases      ] GC(1302)   Post Evacuate Collection Set: 2.5ms
[254.539s][info][gc,phases      ] GC(1302)   Other: 0.1ms
[254.539s][info][gc,heap        ] GC(1302) Eden regions: 326->0(326)
[254.539s][info][gc,heap        ] GC(1302) Survivor regions: 1->1(41)
[254.539s][info][gc,heap        ] GC(1302) Old regions: 24->24
[254.539s][info][gc,heap        ] GC(1302) Archive regions: 0->0
[254.539s][info][gc,heap        ] GC(1302) Humongous regions: 0->0
[254.539s][info][gc,metaspace   ] GC(1302) Metaspace: 14282K(15168K)->14282K(15168K) NonClass: 12332K(12928K)->12332K(12928K) Class: 1950K(2240K)->1950K(2240K)
[254.539s][info][gc             ] GC(1302) Pause Young (Normal) (G1 Evacuation Pause) 335M->9M(546M) 3.519ms
[254.539s][info][gc,cpu         ] GC(1302) User=0.00s Sys=0.00s Real=0.00s
[254.754s][info][gc,start       ] GC(1303) Pause Young (Normal) (G1 Evacuation Pause)
[254.754s][info][gc,task        ] GC(1303) Using 33 workers of 33 for evacuation
[254.757s][info][gc,phases      ] GC(1303)   Pre Evacuate Collection Set: 0.2ms
[254.757s][info][gc,phases      ] GC(1303)   Merge Heap Roots: 0.2ms
[254.757s][info][gc,phases      ] GC(1303)   Evacuate Collection Set: 0.4ms
[254.757s][info][gc,phases      ] GC(1303)   Post Evacuate Collection Set: 2.5ms
[254.757s][info][gc,phases      ] GC(1303)   Other: 0.1ms
[254.757s][info][gc,heap        ] GC(1303) Eden regions: 326->0(326)
[254.757s][info][gc,heap        ] GC(1303) Survivor regions: 1->1(41)
[254.757s][info][gc,heap        ] GC(1303) Old regions: 24->24
[254.757s][info][gc,heap        ] GC(1303) Archive regions: 0->0
[254.757s][info][gc,heap        ] GC(1303) Humongous regions: 0->0
[254.757s][info][gc,metaspace   ] GC(1303) Metaspace: 14282K(15168K)->14282K(15168K) NonClass: 12332K(12928K)->12332K(12928K) Class: 1950K(2240K)->1950K(2240K)
[254.757s][info][gc             ] GC(1303) Pause Young (Normal) (G1 Evacuation Pause) 335M->9M(546M) 3.574ms
[254.757s][info][gc,cpu         ] GC(1303) User=0.00s Sys=0.00s Real=0.00s
[254.992s][info][gc,start       ] GC(1304) Pause Young (Normal) (G1 Evacuation Pause)
[254.992s][info][gc,task        ] GC(1304) Using 33 workers of 33 for evacuation
[254.995s][info][gc,phases      ] GC(1304)   Pre Evacuate Collection Set: 0.1ms
[254.995s][info][gc,phases      ] GC(1304)   Merge Heap Roots: 0.2ms
[254.995s][info][gc,phases      ] GC(1304)   Evacuate Collection Set: 0.4ms
[254.995s][info][gc,phases      ] GC(1304)   Post Evacuate Collection Set: 2.7ms
[254.995s][info][gc,phases      ] GC(1304)   Other: 0.2ms
[254.995s][info][gc,heap        ] GC(1304) Eden regions: 326->0(326)
[254.996s][info][gc,heap        ] GC(1304) Survivor regions: 1->1(41)
[254.996s][info][gc,heap        ] GC(1304) Old regions: 24->24
[254.996s][info][gc,heap        ] GC(1304) Archive regions: 0->0
[254.996s][info][gc,heap        ] GC(1304) Humongous regions: 0->0
[254.996s][info][gc,metaspace   ] GC(1304) Metaspace: 14282K(15168K)->14282K(15168K) NonClass: 12332K(12928K)->12332K(12928K) Class: 1950K(2240K)->1950K(2240K)
[254.996s][info][gc             ] GC(1304) Pause Young (Normal) (G1 Evacuation Pause) 335M->9M(546M) 3.797ms
[254.996s][info][gc,cpu         ] GC(1304) User=0.00s Sys=0.00s Real=0.00s
[255.214s][info][gc,start       ] GC(1305) Pause Young (Normal) (G1 Evacuation Pause)
[255.214s][info][gc,task        ] GC(1305) Using 33 workers of 33 for evacuation
[255.217s][info][gc,phases      ] GC(1305)   Pre Evacuate Collection Set: 0.2ms
[255.217s][info][gc,phases      ] GC(1305)   Merge Heap Roots: 0.2ms
[255.217s][info][gc,phases      ] GC(1305)   Evacuate Collection Set: 0.4ms
[255.217s][info][gc,phases      ] GC(1305)   Post Evacuate Collection Set: 2.7ms
[255.217s][info][gc,phases      ] GC(1305)   Other: 0.1ms
[255.217s][info][gc,heap        ] GC(1305) Eden regions: 326->0(326)
[255.217s][info][gc,heap        ] GC(1305) Survivor regions: 1->1(41)
[255.217s][info][gc,heap        ] GC(1305) Old regions: 24->24
[255.217s][info][gc,heap        ] GC(1305) Archive regions: 0->0
[255.217s][info][gc,heap        ] GC(1305) Humongous regions: 0->0
[255.217s][info][gc,metaspace   ] GC(1305) Metaspace: 14282K(15168K)->14282K(15168K) NonClass: 12332K(12928K)->12332K(12928K) Class: 1950K(2240K)->1950K(2240K)
[255.217s][info][gc             ] GC(1305) Pause Young (Normal) (G1 Evacuation Pause) 335M->9M(546M) 3.805ms
[255.217s][info][gc,cpu         ] GC(1305) User=0.00s Sys=0.00s Real=0.00s
[255.424s][info][gc,start       ] GC(1306) Pause Young (Normal) (G1 Evacuation Pause)
[255.424s][info][gc,task        ] GC(1306) Using 23 workers of 33 for evacuation
[255.428s][info][gc,phases      ] GC(1306)   Pre Evacuate Collection Set: 0.1ms
[255.428s][info][gc,phases      ] GC(1306)   Merge Heap Roots: 0.1ms
[255.428s][info][gc,phases      ] GC(1306)   Evacuate Collection Set: 0.3ms
[255.428s][info][gc,phases      ] GC(1306)   Post Evacuate Collection Set: 3.0ms
[255.428s][info][gc,phases      ] GC(1306)   Other: 0.2ms
[255.428s][info][gc,heap        ] GC(1306) Eden regions: 326->0(326)
[255.428s][info][gc,heap        ] GC(1306) Survivor regions: 1->1(41)
[255.428s][info][gc,heap        ] GC(1306) Old regions: 24->25
[255.428s][info][gc,heap        ] GC(1306) Archive regions: 0->0
[255.428s][info][gc,heap        ] GC(1306) Humongous regions: 0->0
[255.428s][info][gc,metaspace   ] GC(1306) Metaspace: 14282K(15168K)->14282K(15168K) NonClass: 12332K(12928K)->12332K(12928K) Class: 1950K(2240K)->1950K(2240K)
[255.428s][info][gc             ] GC(1306) Pause Young (Normal) (G1 Evacuation Pause) 335M->9M(546M) 4.254ms
[255.428s][info][gc,cpu         ] GC(1306) User=0.00s Sys=0.00s Real=0.00s
[255.500s][info][gc,start       ] GC(1307) Pause Full (System.gc())
[255.500s][info][gc,task        ] GC(1307) Using 18 workers of 33 for full compaction
[255.501s][info][gc,phases,start] GC(1307) Phase 1: Mark live objects
[255.507s][info][gc,phases      ] GC(1307) Phase 1: Mark live objects 6.176ms
[255.507s][info][gc,phases,start] GC(1307) Phase 2: Prepare compaction
[255.508s][info][gc,phases      ] GC(1307) Phase 2: Prepare compaction 0.754ms
[255.508s][info][gc,phases,start] GC(1307) Phase 3: Adjust pointers
[255.513s][info][gc,phases      ] GC(1307) Phase 3: Adjust pointers 5.862ms
[255.513s][info][gc,phases,start] GC(1307) Phase 4: Compact heap
[255.514s][info][gc,phases      ] GC(1307) Phase 4: Compact heap 0.657ms
[255.520s][info][gc,heap        ] GC(1307) Eden regions: 26->0(38)
[255.520s][info][gc,heap        ] GC(1307) Survivor regions: 1->0(41)
[255.520s][info][gc,heap        ] GC(1307) Old regions: 25->19
[255.521s][info][gc,heap        ] GC(1307) Archive regions: 0->0
[255.521s][info][gc,heap        ] GC(1307) Humongous regions: 0->0
[255.521s][info][gc,metaspace   ] GC(1307) Metaspace: 14282K(15168K)->14282K(15168K) NonClass: 12332K(12928K)->12332K(12928K) Class: 1950K(2240K)->1950K(2240K)
[255.521s][info][gc             ] GC(1307) Pause Full (System.gc()) 35M->5M(64M) 20.973ms
[255.521s][info][gc,cpu         ] GC(1307) User=0.03s Sys=0.00s Real=0.01s
[255.550s][info][gc,start       ] GC(1308) Pause Young (Normal) (G1 Evacuation Pause)
[255.550s][info][gc,task        ] GC(1308) Using 33 workers of 33 for evacuation
[255.553s][info][gc,phases      ] GC(1308)   Pre Evacuate Collection Set: 0.1ms
[255.553s][info][gc,phases      ] GC(1308)   Merge Heap Roots: 0.1ms
[255.553s][info][gc,phases      ] GC(1308)   Evacuate Collection Set: 0.5ms
[255.553s][info][gc,phases      ] GC(1308)   Post Evacuate Collection Set: 2.3ms
[255.553s][info][gc,phases      ] GC(1308)   Other: 0.1ms
[255.553s][info][gc,heap        ] GC(1308) Eden regions: 38->0(36)
[255.553s][info][gc,heap        ] GC(1308) Survivor regions: 0->2(5)
[255.553s][info][gc,heap        ] GC(1308) Old regions: 19->19
[255.553s][info][gc,heap        ] GC(1308) Archive regions: 0->0
[255.553s][info][gc,heap        ] GC(1308) Humongous regions: 0->0
[255.553s][info][gc,metaspace   ] GC(1308) Metaspace: 14282K(15168K)->14282K(15168K) NonClass: 12332K(12928K)->12332K(12928K) Class: 1950K(2240K)->1950K(2240K)
[255.553s][info][gc             ] GC(1308) Pause Young (Normal) (G1 Evacuation Pause) 43M->6M(64M) 3.311ms
[255.553s][info][gc,cpu         ] GC(1308) User=0.00s Sys=0.00s Real=0.00s
[255.572s][info][gc,start       ] GC(1309) Pause Young (Normal) (G1 Evacuation Pause)
[255.573s][info][gc,task        ] GC(1309) Using 33 workers of 33 for evacuation
[255.575s][info][gc,phases      ] GC(1309)   Pre Evacuate Collection Set: 0.1ms
[255.575s][info][gc,phases      ] GC(1309)   Merge Heap Roots: 0.1ms
[255.575s][info][gc,phases      ] GC(1309)   Evacuate Collection Set: 0.4ms
[255.575s][info][gc,phases      ] GC(1309)   Post Evacuate Collection Set: 2.2ms
[255.575s][info][gc,phases      ] GC(1309)   Other: 0.1ms
[255.575s][info][gc,heap        ] GC(1309) Eden regions: 36->0(36)
[255.575s][info][gc,heap        ] GC(1309) Survivor regions: 2->2(5)
[255.575s][info][gc,heap        ] GC(1309) Old regions: 19->19
[255.575s][info][gc,heap        ] GC(1309) Archive regions: 0->0
[255.575s][info][gc,heap        ] GC(1309) Humongous regions: 0->0
[255.576s][info][gc,metaspace   ] GC(1309) Metaspace: 14282K(15168K)->14282K(15168K) NonClass: 12332K(12928K)->12332K(12928K) Class: 1950K(2240K)->1950K(2240K)
[255.576s][info][gc             ] GC(1309) Pause Young (Normal) (G1 Evacuation Pause) 42M->6M(64M) 3.054ms
[255.576s][info][gc,cpu         ] GC(1309) User=0.00s Sys=0.00s Real=0.00s
[255.594s][info][gc,start       ] GC(1310) Pause Young (Normal) (G1 Evacuation Pause)
[255.599s][info][gc,task        ] GC(1310) Using 33 workers of 33 for evacuation
[255.602s][info][gc,phases      ] GC(1310)   Pre Evacuate Collection Set: 0.1ms
[255.602s][info][gc,phases      ] GC(1310)   Merge Heap Roots: 0.1ms
[255.602s][info][gc,phases      ] GC(1310)   Evacuate Collection Set: 0.4ms
[255.602s][info][gc,phases      ] GC(1310)   Post Evacuate Collection Set: 2.2ms
[255.602s][info][gc,phases      ] GC(1310)   Other: 0.1ms
[255.602s][info][gc,heap        ] GC(1310) Eden regions: 36->0(36)
[255.602s][info][gc,heap        ] GC(1310) Survivor regions: 2->2(5)
[255.602s][info][gc,heap        ] GC(1310) Old regions: 19->19
[255.602s][info][gc,heap        ] GC(1310) Archive regions: 0->0
[255.602s][info][gc,heap        ] GC(1310) Humongous regions: 0->0
[255.602s][info][gc,metaspace   ] GC(1310) Metaspace: 14282K(15168K)->14282K(15168K) NonClass: 12332K(12928K)->12332K(12928K) Class: 1950K(2240K)->1950K(2240K)
[255.602s][info][gc             ] GC(1310) Pause Young (Normal) (G1 Evacuation Pause) 42M->6M(64M) 7.530ms
[255.602s][info][gc,cpu         ] GC(1310) User=0.00s Sys=0.00s Real=0.00s
[255.621s][info][gc,start       ] GC(1311) Pause Young (Normal) (G1 Evacuation Pause)
[255.621s][info][gc,task        ] GC(1311) Using 33 workers of 33 for evacuation
[255.626s][info][gc,phases      ] GC(1311)   Pre Evacuate Collection Set: 0.1ms
[255.626s][info][gc,phases      ] GC(1311)   Merge Heap Roots: 0.1ms
[255.626s][info][gc,phases      ] GC(1311)   Evacuate Collection Set: 0.4ms
[255.626s][info][gc,phases      ] GC(1311)   Post Evacuate Collection Set: 4.1ms
[255.626s][info][gc,phases      ] GC(1311)   Other: 0.1ms
[255.626s][info][gc,heap        ] GC(1311) Eden regions: 36->0(324)
[255.626s][info][gc,heap        ] GC(1311) Survivor regions: 2->2(5)
[255.626s][info][gc,heap        ] GC(1311) Old regions: 19->19
[255.626s][info][gc,heap        ] GC(1311) Archive regions: 0->0
[255.626s][info][gc,heap        ] GC(1311) Humongous regions: 0->0
[255.626s][info][gc,metaspace   ] GC(1311) Metaspace: 14282K(15168K)->14282K(15168K) NonClass: 12332K(12928K)->12332K(12928K) Class: 1950K(2240K)->1950K(2240K)
[255.626s][info][gc             ] GC(1311) Pause Young (Normal) (G1 Evacuation Pause) 42M->6M(544M) 4.903ms
[255.626s][info][gc,cpu         ] GC(1311) User=0.00s Sys=0.00s Real=0.00s
[255.794s][info][gc,start       ] GC(1312) Pause Young (Normal) (G1 Evacuation Pause)
[255.794s][info][gc,task        ] GC(1312) Using 33 workers of 33 for evacuation
[255.798s][info][gc,phases      ] GC(1312)   Pre Evacuate Collection Set: 0.1ms
[255.798s][info][gc,phases      ] GC(1312)   Merge Heap Roots: 0.1ms
[255.798s][info][gc,phases      ] GC(1312)   Evacuate Collection Set: 0.5ms
[255.798s][info][gc,phases      ] GC(1312)   Post Evacuate Collection Set: 2.7ms
[255.798s][info][gc,phases      ] GC(1312)   Other: 0.2ms
[255.798s][info][gc,heap        ] GC(1312) Eden regions: 324->0(324)
[255.798s][info][gc,heap        ] GC(1312) Survivor regions: 2->2(41)
[255.798s][info][gc,heap        ] GC(1312) Old regions: 19->19
[255.798s][info][gc,heap        ] GC(1312) Archive regions: 0->0
[255.798s][info][gc,heap        ] GC(1312) Humongous regions: 0->0
[255.798s][info][gc,metaspace   ] GC(1312) Metaspace: 14282K(15168K)->14282K(15168K) NonClass: 12332K(12928K)->12332K(12928K) Class: 1950K(2240K)->1950K(2240K)
[255.798s][info][gc             ] GC(1312) Pause Young (Normal) (G1 Evacuation Pause) 330M->6M(544M) 3.876ms
[255.798s][info][gc,cpu         ] GC(1312) User=0.52s Sys=0.00s Real=0.00s
[255.968s][info][gc,start       ] GC(1313) Pause Young (Normal) (G1 Evacuation Pause)
[255.968s][info][gc,task        ] GC(1313) Using 33 workers of 33 for evacuation
[255.972s][info][gc,phases      ] GC(1313)   Pre Evacuate Collection Set: 0.1ms
[255.972s][info][gc,phases      ] GC(1313)   Merge Heap Roots: 0.1ms
[255.972s][info][gc,phases      ] GC(1313)   Evacuate Collection Set: 0.5ms
[255.972s][info][gc,phases      ] GC(1313)   Post Evacuate Collection Set: 2.7ms
[255.972s][info][gc,phases      ] GC(1313)   Other: 0.1ms
[255.972s][info][gc,heap        ] GC(1313) Eden regions: 324->0(324)
[255.972s][info][gc,heap        ] GC(1313) Survivor regions: 2->2(41)
[255.972s][info][gc,heap        ] GC(1313) Old regions: 19->19
[255.972s][info][gc,heap        ] GC(1313) Archive regions: 0->0
[255.972s][info][gc,heap        ] GC(1313) Humongous regions: 0->0
[255.972s][info][gc,metaspace   ] GC(1313) Metaspace: 14282K(15168K)->14282K(15168K) NonClass: 12332K(12928K)->12332K(12928K) Class: 1950K(2240K)->1950K(2240K)
[255.972s][info][gc             ] GC(1313) Pause Young (Normal) (G1 Evacuation Pause) 330M->6M(544M) 3.747ms
[255.972s][info][gc,cpu         ] GC(1313) User=0.00s Sys=0.02s Real=0.00s
[256.142s][info][gc,start       ] GC(1314) Pause Young (Normal) (G1 Evacuation Pause)
[256.142s][info][gc,task        ] GC(1314) Using 33 workers of 33 for evacuation
[256.146s][info][gc,phases      ] GC(1314)   Pre Evacuate Collection Set: 0.1ms
[256.146s][info][gc,phases      ] GC(1314)   Merge Heap Roots: 0.1ms
[256.146s][info][gc,phases      ] GC(1314)   Evacuate Collection Set: 0.5ms
[256.146s][info][gc,phases      ] GC(1314)   Post Evacuate Collection Set: 2.7ms
[256.146s][info][gc,phases      ] GC(1314)   Other: 0.1ms
[256.146s][info][gc,heap        ] GC(1314) Eden regions: 324->0(324)
[256.146s][info][gc,heap        ] GC(1314) Survivor regions: 2->2(41)
[256.146s][info][gc,heap        ] GC(1314) Old regions: 19->19
[256.146s][info][gc,heap        ] GC(1314) Archive regions: 0->0
[256.146s][info][gc,heap        ] GC(1314) Humongous regions: 0->0
[256.146s][info][gc,metaspace   ] GC(1314) Metaspace: 14282K(15168K)->14282K(15168K) NonClass: 12332K(12928K)->12332K(12928K) Class: 1950K(2240K)->1950K(2240K)
[256.146s][info][gc             ] GC(1314) Pause Young (Normal) (G1 Evacuation Pause) 330M->6M(544M) 3.833ms
[256.146s][info][gc,cpu         ] GC(1314) User=0.00s Sys=0.00s Real=0.00s
[256.318s][info][gc,start       ] GC(1315) Pause Young (Normal) (G1 Evacuation Pause)
[256.318s][info][gc,task        ] GC(1315) Using 33 workers of 33 for evacuation
[256.322s][info][gc,phases      ] GC(1315)   Pre Evacuate Collection Set: 0.1ms
[256.322s][info][gc,phases      ] GC(1315)   Merge Heap Roots: 0.1ms
[256.322s][info][gc,phases      ] GC(1315)   Evacuate Collection Set: 0.5ms
[256.322s][info][gc,phases      ] GC(1315)   Post Evacuate Collection Set: 2.8ms
[256.322s][info][gc,phases      ] GC(1315)   Other: 0.1ms
[256.322s][info][gc,heap        ] GC(1315) Eden regions: 324->0(324)
[256.322s][info][gc,heap        ] GC(1315) Survivor regions: 2->2(41)
[256.322s][info][gc,heap        ] GC(1315) Old regions: 19->19
[256.322s][info][gc,heap        ] GC(1315) Archive regions: 0->0
[256.322s][info][gc,heap        ] GC(1315) Humongous regions: 0->0
[256.322s][info][gc,metaspace   ] GC(1315) Metaspace: 14282K(15168K)->14282K(15168K) NonClass: 12332K(12928K)->12332K(12928K) Class: 1950K(2240K)->1950K(2240K)
[256.322s][info][gc             ] GC(1315) Pause Young (Normal) (G1 Evacuation Pause) 330M->6M(544M) 3.864ms
[256.322s][info][gc,cpu         ] GC(1315) User=0.00s Sys=0.00s Real=0.00s
[256.494s][info][gc,start       ] GC(1316) Pause Young (Normal) (G1 Evacuation Pause)
[256.494s][info][gc,task        ] GC(1316) Using 33 workers of 33 for evacuation
[256.498s][info][gc,phases      ] GC(1316)   Pre Evacuate Collection Set: 0.1ms
[256.498s][info][gc,phases      ] GC(1316)   Merge Heap Roots: 0.1ms
[256.498s][info][gc,phases      ] GC(1316)   Evacuate Collection Set: 0.5ms
[256.498s][info][gc,phases      ] GC(1316)   Post Evacuate Collection Set: 2.8ms
[256.498s][info][gc,phases      ] GC(1316)   Other: 0.1ms
[256.498s][info][gc,heap        ] GC(1316) Eden regions: 324->0(324)
[256.498s][info][gc,heap        ] GC(1316) Survivor regions: 2->2(41)
[256.498s][info][gc,heap        ] GC(1316) Old regions: 19->19
[256.498s][info][gc,heap        ] GC(1316) Archive regions: 0->0
[256.498s][info][gc,heap        ] GC(1316) Humongous regions: 0->0
[256.498s][info][gc,metaspace   ] GC(1316) Metaspace: 14282K(15168K)->14282K(15168K) NonClass: 12332K(12928K)->12332K(12928K) Class: 1950K(2240K)->1950K(2240K)
[256.498s][info][gc             ] GC(1316) Pause Young (Normal) (G1 Evacuation Pause) 330M->6M(544M) 3.994ms
[256.498s][info][gc,cpu         ] GC(1316) User=0.00s Sys=0.00s Real=0.00s
[256.670s][info][gc,start       ] GC(1317) Pause Young (Normal) (G1 Evacuation Pause)
[256.670s][info][gc,task        ] GC(1317) Using 33 workers of 33 for evacuation
[256.673s][info][gc,phases      ] GC(1317)   Pre Evacuate Collection Set: 0.1ms
[256.673s][info][gc,phases      ] GC(1317)   Merge Heap Roots: 0.1ms
[256.673s][info][gc,phases      ] GC(1317)   Evacuate Collection Set: 0.4ms
[256.673s][info][gc,phases      ] GC(1317)   Post Evacuate Collection Set: 2.8ms
[256.673s][info][gc,phases      ] GC(1317)   Other: 0.1ms
[256.673s][info][gc,heap        ] GC(1317) Eden regions: 324->0(324)
[256.673s][info][gc,heap        ] GC(1317) Survivor regions: 2->2(41)
[256.673s][info][gc,heap        ] GC(1317) Old regions: 19->19
[256.673s][info][gc,heap        ] GC(1317) Archive regions: 0->0
[256.673s][info][gc,heap        ] GC(1317) Humongous regions: 0->0
[256.673s][info][gc,metaspace   ] GC(1317) Metaspace: 14282K(15168K)->14282K(15168K) NonClass: 12332K(12928K)->12332K(12928K) Class: 1950K(2240K)->1950K(2240K)
[256.673s][info][gc             ] GC(1317) Pause Young (Normal) (G1 Evacuation Pause) 330M->6M(544M) 3.882ms
[256.673s][info][gc,cpu         ] GC(1317) User=0.52s Sys=0.00s Real=0.00s
[256.847s][info][gc,start       ] GC(1318) Pause Young (Normal) (G1 Evacuation Pause)
[256.847s][info][gc,task        ] GC(1318) Using 33 workers of 33 for evacuation
[256.851s][info][gc,phases      ] GC(1318)   Pre Evacuate Collection Set: 0.2ms
[256.851s][info][gc,phases      ] GC(1318)   Merge Heap Roots: 0.1ms
[256.851s][info][gc,phases      ] GC(1318)   Evacuate Collection Set: 0.5ms
[256.851s][info][gc,phases      ] GC(1318)   Post Evacuate Collection Set: 2.9ms
[256.851s][info][gc,phases      ] GC(1318)   Other: 0.1ms
[256.851s][info][gc,heap        ] GC(1318) Eden regions: 324->0(324)
[256.851s][info][gc,heap        ] GC(1318) Survivor regions: 2->2(41)
[256.851s][info][gc,heap        ] GC(1318) Old regions: 19->19
[256.851s][info][gc,heap        ] GC(1318) Archive regions: 0->0
[256.851s][info][gc,heap        ] GC(1318) Humongous regions: 0->0
[256.851s][info][gc,metaspace   ] GC(1318) Metaspace: 14282K(15168K)->14282K(15168K) NonClass: 12332K(12928K)->12332K(12928K) Class: 1950K(2240K)->1950K(2240K)
[256.851s][info][gc             ] GC(1318) Pause Young (Normal) (G1 Evacuation Pause) 330M->6M(544M) 4.010ms
[256.851s][info][gc,cpu         ] GC(1318) User=0.00s Sys=0.00s Real=0.00s
[257.025s][info][gc,start       ] GC(1319) Pause Young (Normal) (G1 Evacuation Pause)
[257.034s][info][gc,task        ] GC(1319) Using 33 workers of 33 for evacuation
[257.038s][info][gc,phases      ] GC(1319)   Pre Evacuate Collection Set: 0.1ms
[257.038s][info][gc,phases      ] GC(1319)   Merge Heap Roots: 0.1ms
[257.038s][info][gc,phases      ] GC(1319)   Evacuate Collection Set: 0.5ms
[257.038s][info][gc,phases      ] GC(1319)   Post Evacuate Collection Set: 2.9ms
[257.038s][info][gc,phases      ] GC(1319)   Other: 0.1ms
[257.038s][info][gc,heap        ] GC(1319) Eden regions: 324->0(324)
[257.038s][info][gc,heap        ] GC(1319) Survivor regions: 2->2(41)
[257.038s][info][gc,heap        ] GC(1319) Old regions: 19->19
[257.038s][info][gc,heap        ] GC(1319) Archive regions: 0->0
[257.038s][info][gc,heap        ] GC(1319) Humongous regions: 0->0
[257.038s][info][gc,metaspace   ] GC(1319) Metaspace: 14282K(15168K)->14282K(15168K) NonClass: 12332K(12928K)->12332K(12928K) Class: 1950K(2240K)->1950K(2240K)
[257.038s][info][gc             ] GC(1319) Pause Young (Normal) (G1 Evacuation Pause) 330M->6M(544M) 12.886ms
[257.038s][info][gc,cpu         ] GC(1319) User=0.00s Sys=0.00s Real=0.01s
[257.291s][info][gc,start       ] GC(1320) Pause Young (Normal) (G1 Evacuation Pause)
[257.291s][info][gc,task        ] GC(1320) Using 33 workers of 33 for evacuation
[257.296s][info][gc,phases      ] GC(1320)   Pre Evacuate Collection Set: 0.2ms
[257.296s][info][gc,phases      ] GC(1320)   Merge Heap Roots: 0.2ms
[257.296s][info][gc,phases      ] GC(1320)   Evacuate Collection Set: 0.9ms
[257.296s][info][gc,phases      ] GC(1320)   Post Evacuate Collection Set: 3.8ms
[257.296s][info][gc,phases      ] GC(1320)   Other: 0.2ms
[257.296s][info][gc,heap        ] GC(1320) Eden regions: 324->0(324)
[257.297s][info][gc,heap        ] GC(1320) Survivor regions: 2->2(41)
[257.297s][info][gc,heap        ] GC(1320) Old regions: 19->19
[257.297s][info][gc,heap        ] GC(1320) Archive regions: 0->0
[257.297s][info][gc,heap        ] GC(1320) Humongous regions: 0->0
[257.297s][info][gc,metaspace   ] GC(1320) Metaspace: 14282K(15168K)->14282K(15168K) NonClass: 12332K(12928K)->12332K(12928K) Class: 1950K(2240K)->1950K(2240K)
[257.297s][info][gc             ] GC(1320) Pause Young (Normal) (G1 Evacuation Pause) 330M->6M(544M) 5.853ms
[257.297s][info][gc,cpu         ] GC(1320) User=0.02s Sys=0.00s Real=0.01s
[257.477s][info][gc,start       ] GC(1321) Pause Young (Normal) (G1 Evacuation Pause)
[257.477s][info][gc,task        ] GC(1321) Using 33 workers of 33 for evacuation
[257.480s][info][gc,phases      ] GC(1321)   Pre Evacuate Collection Set: 0.1ms
[257.480s][info][gc,phases      ] GC(1321)   Merge Heap Roots: 0.1ms
[257.480s][info][gc,phases      ] GC(1321)   Evacuate Collection Set: 0.5ms
[257.480s][info][gc,phases      ] GC(1321)   Post Evacuate Collection Set: 2.8ms
[257.480s][info][gc,phases      ] GC(1321)   Other: 0.1ms
[257.480s][info][gc,heap        ] GC(1321) Eden regions: 324->0(324)
[257.480s][info][gc,heap        ] GC(1321) Survivor regions: 2->2(41)
[257.480s][info][gc,heap        ] GC(1321) Old regions: 19->19
[257.480s][info][gc,heap        ] GC(1321) Archive regions: 0->0
[257.480s][info][gc,heap        ] GC(1321) Humongous regions: 0->0
[257.480s][info][gc,metaspace   ] GC(1321) Metaspace: 14282K(15168K)->14282K(15168K) NonClass: 12332K(12928K)->12332K(12928K) Class: 1950K(2240K)->1950K(2240K)
[257.480s][info][gc             ] GC(1321) Pause Young (Normal) (G1 Evacuation Pause) 330M->6M(544M) 3.875ms
[257.481s][info][gc,cpu         ] GC(1321) User=0.00s Sys=0.00s Real=0.00s
[257.653s][info][gc,start       ] GC(1322) Pause Young (Normal) (G1 Evacuation Pause)
[257.653s][info][gc,task        ] GC(1322) Using 33 workers of 33 for evacuation
[257.656s][info][gc,phases      ] GC(1322)   Pre Evacuate Collection Set: 0.1ms
[257.656s][info][gc,phases      ] GC(1322)   Merge Heap Roots: 0.1ms
[257.656s][info][gc,phases      ] GC(1322)   Evacuate Collection Set: 0.5ms
[257.656s][info][gc,phases      ] GC(1322)   Post Evacuate Collection Set: 2.7ms
[257.656s][info][gc,phases      ] GC(1322)   Other: 0.1ms
[257.656s][info][gc,heap        ] GC(1322) Eden regions: 324->0(324)
[257.656s][info][gc,heap        ] GC(1322) Survivor regions: 2->2(41)
[257.656s][info][gc,heap        ] GC(1322) Old regions: 19->19
[257.656s][info][gc,heap        ] GC(1322) Archive regions: 0->0
[257.656s][info][gc,heap        ] GC(1322) Humongous regions: 0->0
[257.656s][info][gc,metaspace   ] GC(1322) Metaspace: 14282K(15168K)->14282K(15168K) NonClass: 12332K(12928K)->12332K(12928K) Class: 1950K(2240K)->1950K(2240K)
[257.656s][info][gc             ] GC(1322) Pause Young (Normal) (G1 Evacuation Pause) 330M->7M(544M) 3.777ms
[257.656s][info][gc,cpu         ] GC(1322) User=0.00s Sys=0.00s Real=0.00s
[257.827s][info][gc,start       ] GC(1323) Pause Young (Normal) (G1 Evacuation Pause)
[257.827s][info][gc,task        ] GC(1323) Using 33 workers of 33 for evacuation
[257.830s][info][gc,phases      ] GC(1323)   Pre Evacuate Collection Set: 0.1ms
[257.830s][info][gc,phases      ] GC(1323)   Merge Heap Roots: 0.1ms
[257.830s][info][gc,phases      ] GC(1323)   Evacuate Collection Set: 0.4ms
[257.830s][info][gc,phases      ] GC(1323)   Post Evacuate Collection Set: 2.6ms
[257.830s][info][gc,phases      ] GC(1323)   Other: 0.1ms
[257.830s][info][gc,heap        ] GC(1323) Eden regions: 324->0(325)
[257.830s][info][gc,heap        ] GC(1323) Survivor regions: 2->1(41)
[257.830s][info][gc,heap        ] GC(1323) Old regions: 19->21
[257.830s][info][gc,heap        ] GC(1323) Archive regions: 0->0
[257.830s][info][gc,heap        ] GC(1323) Humongous regions: 0->0
[257.830s][info][gc,metaspace   ] GC(1323) Metaspace: 14282K(15168K)->14282K(15168K) NonClass: 12332K(12928K)->12332K(12928K) Class: 1950K(2240K)->1950K(2240K)
[257.830s][info][gc             ] GC(1323) Pause Young (Normal) (G1 Evacuation Pause) 331M->7M(544M) 3.616ms
[257.830s][info][gc,cpu         ] GC(1323) User=0.00s Sys=0.00s Real=0.00s
[258.027s][info][gc,start       ] GC(1324) Pause Young (Normal) (G1 Evacuation Pause)
[258.027s][info][gc,task        ] GC(1324) Using 33 workers of 33 for evacuation
[258.030s][info][gc,phases      ] GC(1324)   Pre Evacuate Collection Set: 0.2ms
[258.030s][info][gc,phases      ] GC(1324)   Merge Heap Roots: 0.2ms
[258.030s][info][gc,phases      ] GC(1324)   Evacuate Collection Set: 0.3ms
[258.030s][info][gc,phases      ] GC(1324)   Post Evacuate Collection Set: 2.4ms
[258.030s][info][gc,phases      ] GC(1324)   Other: 0.1ms
[258.030s][info][gc,heap        ] GC(1324) Eden regions: 325->0(325)
[258.030s][info][gc,heap        ] GC(1324) Survivor regions: 1->1(41)
[258.030s][info][gc,heap        ] GC(1324) Old regions: 21->21
[258.030s][info][gc,heap        ] GC(1324) Archive regions: 0->0
[258.030s][info][gc,heap        ] GC(1324) Humongous regions: 0->0
[258.030s][info][gc,metaspace   ] GC(1324) Metaspace: 14282K(15168K)->14282K(15168K) NonClass: 12332K(12928K)->12332K(12928K) Class: 1950K(2240K)->1950K(2240K)
[258.030s][info][gc             ] GC(1324) Pause Young (Normal) (G1 Evacuation Pause) 332M->7M(544M) 3.412ms
[258.030s][info][gc,cpu         ] GC(1324) User=0.00s Sys=0.00s Real=0.00s
[258.228s][info][gc,start       ] GC(1325) Pause Young (Normal) (G1 Evacuation Pause)
[258.228s][info][gc,task        ] GC(1325) Using 33 workers of 33 for evacuation
[258.231s][info][gc,phases      ] GC(1325)   Pre Evacuate Collection Set: 0.2ms
[258.231s][info][gc,phases      ] GC(1325)   Merge Heap Roots: 0.2ms
[258.231s][info][gc,phases      ] GC(1325)   Evacuate Collection Set: 0.3ms
[258.231s][info][gc,phases      ] GC(1325)   Post Evacuate Collection Set: 2.5ms
[258.231s][info][gc,phases      ] GC(1325)   Other: 0.1ms
[258.231s][info][gc,heap        ] GC(1325) Eden regions: 325->0(325)
[258.231s][info][gc,heap        ] GC(1325) Survivor regions: 1->1(41)
[258.231s][info][gc,heap        ] GC(1325) Old regions: 21->21
[258.231s][info][gc,heap        ] GC(1325) Archive regions: 0->0
[258.231s][info][gc,heap        ] GC(1325) Humongous regions: 0->0
[258.231s][info][gc,metaspace   ] GC(1325) Metaspace: 14282K(15168K)->14282K(15168K) NonClass: 12332K(12928K)->12332K(12928K) Class: 1950K(2240K)->1950K(2240K)
[258.231s][info][gc             ] GC(1325) Pause Young (Normal) (G1 Evacuation Pause) 332M->7M(544M) 3.485ms
[258.231s][info][gc,cpu         ] GC(1325) User=0.00s Sys=0.00s Real=0.00s
[258.428s][info][gc,start       ] GC(1326) Pause Young (Normal) (G1 Evacuation Pause)
[258.449s][info][gc,task        ] GC(1326) Using 33 workers of 33 for evacuation
[258.453s][info][gc,phases      ] GC(1326)   Pre Evacuate Collection Set: 0.2ms
[258.453s][info][gc,phases      ] GC(1326)   Merge Heap Roots: 0.2ms
[258.453s][info][gc,phases      ] GC(1326)   Evacuate Collection Set: 0.4ms
[258.453s][info][gc,phases      ] GC(1326)   Post Evacuate Collection Set: 2.8ms
[258.453s][info][gc,phases      ] GC(1326)   Other: 0.1ms
[258.453s][info][gc,heap        ] GC(1326) Eden regions: 325->0(325)
[258.453s][info][gc,heap        ] GC(1326) Survivor regions: 1->1(41)
[258.453s][info][gc,heap        ] GC(1326) Old regions: 21->21
[258.453s][info][gc,heap        ] GC(1326) Archive regions: 0->0
[258.453s][info][gc,heap        ] GC(1326) Humongous regions: 0->0
[258.453s][info][gc,metaspace   ] GC(1326) Metaspace: 14282K(15168K)->14282K(15168K) NonClass: 12332K(12928K)->12332K(12928K) Class: 1950K(2240K)->1950K(2240K)
[258.453s][info][gc             ] GC(1326) Pause Young (Normal) (G1 Evacuation Pause) 332M->7M(544M) 25.013ms
[258.453s][info][gc,cpu         ] GC(1326) User=0.00s Sys=0.00s Real=0.02s
[258.652s][info][gc,start       ] GC(1327) Pause Young (Normal) (G1 Evacuation Pause)
[258.652s][info][gc,task        ] GC(1327) Using 33 workers of 33 for evacuation
[258.656s][info][gc,phases      ] GC(1327)   Pre Evacuate Collection Set: 0.2ms
[258.656s][info][gc,phases      ] GC(1327)   Merge Heap Roots: 0.2ms
[258.656s][info][gc,phases      ] GC(1327)   Evacuate Collection Set: 0.4ms
[258.656s][info][gc,phases      ] GC(1327)   Post Evacuate Collection Set: 2.6ms
[258.656s][info][gc,phases      ] GC(1327)   Other: 0.2ms
[258.656s][info][gc,heap        ] GC(1327) Eden regions: 325->0(325)
[258.656s][info][gc,heap        ] GC(1327) Survivor regions: 1->1(41)
[258.656s][info][gc,heap        ] GC(1327) Old regions: 21->21
[258.656s][info][gc,heap        ] GC(1327) Archive regions: 0->0
[258.656s][info][gc,heap        ] GC(1327) Humongous regions: 0->0
[258.656s][info][gc,metaspace   ] GC(1327) Metaspace: 14282K(15168K)->14282K(15168K) NonClass: 12332K(12928K)->12332K(12928K) Class: 1950K(2240K)->1950K(2240K)
[258.656s][info][gc             ] GC(1327) Pause Young (Normal) (G1 Evacuation Pause) 332M->7M(544M) 3.698ms
[258.656s][info][gc,cpu         ] GC(1327) User=0.00s Sys=0.00s Real=0.00s
[258.851s][info][gc,start       ] GC(1328) Pause Young (Normal) (G1 Evacuation Pause)
[258.851s][info][gc,task        ] GC(1328) Using 33 workers of 33 for evacuation
[258.855s][info][gc,phases      ] GC(1328)   Pre Evacuate Collection Set: 0.2ms
[258.855s][info][gc,phases      ] GC(1328)   Merge Heap Roots: 0.2ms
[258.855s][info][gc,phases      ] GC(1328)   Evacuate Collection Set: 0.3ms
[258.855s][info][gc,phases      ] GC(1328)   Post Evacuate Collection Set: 2.6ms
[258.855s][info][gc,phases      ] GC(1328)   Other: 0.1ms
[258.855s][info][gc,heap        ] GC(1328) Eden regions: 325->0(325)
[258.855s][info][gc,heap        ] GC(1328) Survivor regions: 1->1(41)
[258.855s][info][gc,heap        ] GC(1328) Old regions: 21->21
[258.855s][info][gc,heap        ] GC(1328) Archive regions: 0->0
[258.855s][info][gc,heap        ] GC(1328) Humongous regions: 0->0
[258.855s][info][gc,metaspace   ] GC(1328) Metaspace: 14282K(15168K)->14282K(15168K) NonClass: 12332K(12928K)->12332K(12928K) Class: 1950K(2240K)->1950K(2240K)
[258.855s][info][gc             ] GC(1328) Pause Young (Normal) (G1 Evacuation Pause) 332M->7M(544M) 3.636ms
[258.855s][info][gc,cpu         ] GC(1328) User=0.00s Sys=0.00s Real=0.00s
[259.051s][info][gc,start       ] GC(1329) Pause Young (Normal) (G1 Evacuation Pause)
[259.052s][info][gc,task        ] GC(1329) Using 33 workers of 33 for evacuation
[259.055s][info][gc,phases      ] GC(1329)   Pre Evacuate Collection Set: 0.2ms
[259.055s][info][gc,phases      ] GC(1329)   Merge Heap Roots: 0.2ms
[259.055s][info][gc,phases      ] GC(1329)   Evacuate Collection Set: 0.3ms
[259.055s][info][gc,phases      ] GC(1329)   Post Evacuate Collection Set: 2.7ms
[259.055s][info][gc,phases      ] GC(1329)   Other: 0.1ms
[259.055s][info][gc,heap        ] GC(1329) Eden regions: 325->0(325)
[259.055s][info][gc,heap        ] GC(1329) Survivor regions: 1->1(41)
[259.055s][info][gc,heap        ] GC(1329) Old regions: 21->21
[259.055s][info][gc,heap        ] GC(1329) Archive regions: 0->0
[259.055s][info][gc,heap        ] GC(1329) Humongous regions: 0->0
[259.055s][info][gc,metaspace   ] GC(1329) Metaspace: 14282K(15168K)->14282K(15168K) NonClass: 12332K(12928K)->12332K(12928K) Class: 1950K(2240K)->1950K(2240K)
[259.055s][info][gc             ] GC(1329) Pause Young (Normal) (G1 Evacuation Pause) 332M->7M(544M) 3.665ms
[259.055s][info][gc,cpu         ] GC(1329) User=0.00s Sys=0.00s Real=0.00s
[259.250s][info][gc,start       ] GC(1330) Pause Young (Normal) (G1 Evacuation Pause)
[259.251s][info][gc,task        ] GC(1330) Using 33 workers of 33 for evacuation
[259.254s][info][gc,phases      ] GC(1330)   Pre Evacuate Collection Set: 0.2ms
[259.254s][info][gc,phases      ] GC(1330)   Merge Heap Roots: 0.2ms
[259.254s][info][gc,phases      ] GC(1330)   Evacuate Collection Set: 0.3ms
[259.254s][info][gc,phases      ] GC(1330)   Post Evacuate Collection Set: 2.7ms
[259.254s][info][gc,phases      ] GC(1330)   Other: 0.1ms
[259.254s][info][gc,heap        ] GC(1330) Eden regions: 325->0(325)
[259.254s][info][gc,heap        ] GC(1330) Survivor regions: 1->1(41)
[259.254s][info][gc,heap        ] GC(1330) Old regions: 21->21
[259.254s][info][gc,heap        ] GC(1330) Archive regions: 0->0
[259.254s][info][gc,heap        ] GC(1330) Humongous regions: 0->0
[259.254s][info][gc,metaspace   ] GC(1330) Metaspace: 14282K(15168K)->14282K(15168K) NonClass: 12332K(12928K)->12332K(12928K) Class: 1950K(2240K)->1950K(2240K)
[259.254s][info][gc             ] GC(1330) Pause Young (Normal) (G1 Evacuation Pause) 332M->7M(544M) 3.663ms
[259.254s][info][gc,cpu         ] GC(1330) User=0.00s Sys=0.00s Real=0.00s
[259.450s][info][gc,start       ] GC(1331) Pause Young (Normal) (G1 Evacuation Pause)
[259.451s][info][gc,task        ] GC(1331) Using 33 workers of 33 for evacuation
[259.454s][info][gc,phases      ] GC(1331)   Pre Evacuate Collection Set: 0.1ms
[259.454s][info][gc,phases      ] GC(1331)   Merge Heap Roots: 0.2ms
[259.454s][info][gc,phases      ] GC(1331)   Evacuate Collection Set: 0.3ms
[259.454s][info][gc,phases      ] GC(1331)   Post Evacuate Collection Set: 2.7ms
[259.454s][info][gc,phases      ] GC(1331)   Other: 0.1ms
[259.454s][info][gc,heap        ] GC(1331) Eden regions: 325->0(325)
[259.454s][info][gc,heap        ] GC(1331) Survivor regions: 1->1(41)
[259.454s][info][gc,heap        ] GC(1331) Old regions: 21->21
[259.454s][info][gc,heap        ] GC(1331) Archive regions: 0->0
[259.454s][info][gc,heap        ] GC(1331) Humongous regions: 0->0
[259.454s][info][gc,metaspace   ] GC(1331) Metaspace: 14282K(15168K)->14282K(15168K) NonClass: 12332K(12928K)->12332K(12928K) Class: 1950K(2240K)->1950K(2240K)
[259.454s][info][gc             ] GC(1331) Pause Young (Normal) (G1 Evacuation Pause) 332M->7M(544M) 3.700ms
[259.454s][info][gc,cpu         ] GC(1331) User=0.52s Sys=0.00s Real=0.00s
[259.650s][info][gc,start       ] GC(1332) Pause Young (Normal) (G1 Evacuation Pause)
[259.650s][info][gc,task        ] GC(1332) Using 33 workers of 33 for evacuation
[259.653s][info][gc,phases      ] GC(1332)   Pre Evacuate Collection Set: 0.2ms
[259.653s][info][gc,phases      ] GC(1332)   Merge Heap Roots: 0.2ms
[259.653s][info][gc,phases      ] GC(1332)   Evacuate Collection Set: 0.3ms
[259.653s][info][gc,phases      ] GC(1332)   Post Evacuate Collection Set: 2.7ms
[259.653s][info][gc,phases      ] GC(1332)   Other: 0.1ms
[259.653s][info][gc,heap        ] GC(1332) Eden regions: 325->0(325)
[259.653s][info][gc,heap        ] GC(1332) Survivor regions: 1->1(41)
[259.653s][info][gc,heap        ] GC(1332) Old regions: 21->21
[259.653s][info][gc,heap        ] GC(1332) Archive regions: 0->0
[259.653s][info][gc,heap        ] GC(1332) Humongous regions: 0->0
[259.653s][info][gc,metaspace   ] GC(1332) Metaspace: 14282K(15168K)->14282K(15168K) NonClass: 12332K(12928K)->12332K(12928K) Class: 1950K(2240K)->1950K(2240K)
[259.653s][info][gc             ] GC(1332) Pause Young (Normal) (G1 Evacuation Pause) 332M->7M(544M) 3.739ms
[259.653s][info][gc,cpu         ] GC(1332) User=0.00s Sys=0.00s Real=0.00s
[259.851s][info][gc,start       ] GC(1333) Pause Young (Normal) (G1 Evacuation Pause)
[259.851s][info][gc,task        ] GC(1333) Using 33 workers of 33 for evacuation
[259.854s][info][gc,phases      ] GC(1333)   Pre Evacuate Collection Set: 0.2ms
[259.855s][info][gc,phases      ] GC(1333)   Merge Heap Roots: 0.2ms
[259.855s][info][gc,phases      ] GC(1333)   Evacuate Collection Set: 0.3ms
[259.855s][info][gc,phases      ] GC(1333)   Post Evacuate Collection Set: 2.8ms
[259.855s][info][gc,phases      ] GC(1333)   Other: 0.1ms
[259.855s][info][gc,heap        ] GC(1333) Eden regions: 325->0(325)
[259.855s][info][gc,heap        ] GC(1333) Survivor regions: 1->1(41)
[259.855s][info][gc,heap        ] GC(1333) Old regions: 21->21
[259.855s][info][gc,heap        ] GC(1333) Archive regions: 0->0
[259.855s][info][gc,heap        ] GC(1333) Humongous regions: 0->0
[259.855s][info][gc,metaspace   ] GC(1333) Metaspace: 14282K(15168K)->14282K(15168K) NonClass: 12332K(12928K)->12332K(12928K) Class: 1950K(2240K)->1950K(2240K)
[259.855s][info][gc             ] GC(1333) Pause Young (Normal) (G1 Evacuation Pause) 332M->7M(544M) 3.811ms
[259.855s][info][gc,cpu         ] GC(1333) User=0.00s Sys=0.00s Real=0.00s
[260.176s][info][gc,start       ] GC(1334) Pause Young (Normal) (G1 Evacuation Pause)
[260.176s][info][gc,task        ] GC(1334) Using 33 workers of 33 for evacuation
[260.181s][info][gc,phases      ] GC(1334)   Pre Evacuate Collection Set: 0.2ms
[260.181s][info][gc,phases      ] GC(1334)   Merge Heap Roots: 0.2ms
[260.181s][info][gc,phases      ] GC(1334)   Evacuate Collection Set: 0.6ms
[260.181s][info][gc,phases      ] GC(1334)   Post Evacuate Collection Set: 3.7ms
[260.181s][info][gc,phases      ] GC(1334)   Other: 0.2ms
[260.181s][info][gc,heap        ] GC(1334) Eden regions: 325->0(325)
[260.181s][info][gc,heap        ] GC(1334) Survivor regions: 1->1(41)
[260.181s][info][gc,heap        ] GC(1334) Old regions: 21->21
[260.181s][info][gc,heap        ] GC(1334) Archive regions: 0->0
[260.181s][info][gc,heap        ] GC(1334) Humongous regions: 0->0
[260.181s][info][gc,metaspace   ] GC(1334) Metaspace: 14282K(15168K)->14282K(15168K) NonClass: 12332K(12928K)->12332K(12928K) Class: 1950K(2240K)->1950K(2240K)
[260.181s][info][gc             ] GC(1334) Pause Young (Normal) (G1 Evacuation Pause) 332M->7M(544M) 5.421ms
[260.181s][info][gc,cpu         ] GC(1334) User=0.00s Sys=0.00s Real=0.00s
[260.381s][info][gc,start       ] GC(1335) Pause Young (Normal) (G1 Evacuation Pause)
[260.382s][info][gc,task        ] GC(1335) Using 33 workers of 33 for evacuation
[260.385s][info][gc,phases      ] GC(1335)   Pre Evacuate Collection Set: 0.2ms
[260.385s][info][gc,phases      ] GC(1335)   Merge Heap Roots: 0.2ms
[260.385s][info][gc,phases      ] GC(1335)   Evacuate Collection Set: 0.3ms
[260.385s][info][gc,phases      ] GC(1335)   Post Evacuate Collection Set: 2.7ms
[260.385s][info][gc,phases      ] GC(1335)   Other: 0.1ms
[260.385s][info][gc,heap        ] GC(1335) Eden regions: 325->0(325)
[260.385s][info][gc,heap        ] GC(1335) Survivor regions: 1->1(41)
[260.385s][info][gc,heap        ] GC(1335) Old regions: 21->21
[260.385s][info][gc,heap        ] GC(1335) Archive regions: 0->0
[260.385s][info][gc,heap        ] GC(1335) Humongous regions: 0->0
[260.385s][info][gc,metaspace   ] GC(1335) Metaspace: 14282K(15168K)->14282K(15168K) NonClass: 12332K(12928K)->12332K(12928K) Class: 1950K(2240K)->1950K(2240K)
[260.385s][info][gc             ] GC(1335) Pause Young (Normal) (G1 Evacuation Pause) 332M->7M(544M) 3.754ms
[260.385s][info][gc,cpu         ] GC(1335) User=0.00s Sys=0.00s Real=0.00s
[260.582s][info][gc,start       ] GC(1336) Pause Young (Normal) (G1 Evacuation Pause)
[260.582s][info][gc,task        ] GC(1336) Using 33 workers of 33 for evacuation
[260.586s][info][gc,phases      ] GC(1336)   Pre Evacuate Collection Set: 0.2ms
[260.586s][info][gc,phases      ] GC(1336)   Merge Heap Roots: 0.2ms
[260.586s][info][gc,phases      ] GC(1336)   Evacuate Collection Set: 0.3ms
[260.586s][info][gc,phases      ] GC(1336)   Post Evacuate Collection Set: 2.5ms
[260.586s][info][gc,phases      ] GC(1336)   Other: 0.1ms
[260.586s][info][gc,heap        ] GC(1336) Eden regions: 325->0(325)
[260.586s][info][gc,heap        ] GC(1336) Survivor regions: 1->1(41)
[260.586s][info][gc,heap        ] GC(1336) Old regions: 21->21
[260.586s][info][gc,heap        ] GC(1336) Archive regions: 0->0
[260.586s][info][gc,heap        ] GC(1336) Humongous regions: 0->0
[260.586s][info][gc,metaspace   ] GC(1336) Metaspace: 14282K(15168K)->14282K(15168K) NonClass: 12332K(12928K)->12332K(12928K) Class: 1950K(2240K)->1950K(2240K)
[260.586s][info][gc             ] GC(1336) Pause Young (Normal) (G1 Evacuation Pause) 332M->7M(544M) 3.567ms
[260.586s][info][gc,cpu         ] GC(1336) User=0.00s Sys=0.00s Real=0.00s
[260.783s][info][gc,start       ] GC(1337) Pause Young (Normal) (G1 Evacuation Pause)
[260.784s][info][gc,task        ] GC(1337) Using 33 workers of 33 for evacuation
[260.787s][info][gc,phases      ] GC(1337)   Pre Evacuate Collection Set: 0.2ms
[260.787s][info][gc,phases      ] GC(1337)   Merge Heap Roots: 0.2ms
[260.787s][info][gc,phases      ] GC(1337)   Evacuate Collection Set: 0.3ms
[260.787s][info][gc,phases      ] GC(1337)   Post Evacuate Collection Set: 2.5ms
[260.787s][info][gc,phases      ] GC(1337)   Other: 0.1ms
[260.787s][info][gc,heap        ] GC(1337) Eden regions: 325->0(325)
[260.787s][info][gc,heap        ] GC(1337) Survivor regions: 1->1(41)
[260.787s][info][gc,heap        ] GC(1337) Old regions: 21->21
[260.787s][info][gc,heap        ] GC(1337) Archive regions: 0->0
[260.787s][info][gc,heap        ] GC(1337) Humongous regions: 0->0
[260.787s][info][gc,metaspace   ] GC(1337) Metaspace: 14282K(15168K)->14282K(15168K) NonClass: 12332K(12928K)->12332K(12928K) Class: 1950K(2240K)->1950K(2240K)
[260.787s][info][gc             ] GC(1337) Pause Young (Normal) (G1 Evacuation Pause) 332M->7M(544M) 3.477ms
[260.787s][info][gc,cpu         ] GC(1337) User=0.00s Sys=0.00s Real=0.00s
[260.984s][info][gc,start       ] GC(1338) Pause Young (Normal) (G1 Evacuation Pause)
[260.985s][info][gc,task        ] GC(1338) Using 33 workers of 33 for evacuation
[260.988s][info][gc,phases      ] GC(1338)   Pre Evacuate Collection Set: 0.1ms
[260.988s][info][gc,phases      ] GC(1338)   Merge Heap Roots: 0.2ms
[260.988s][info][gc,phases      ] GC(1338)   Evacuate Collection Set: 0.3ms
[260.988s][info][gc,phases      ] GC(1338)   Post Evacuate Collection Set: 2.5ms
[260.988s][info][gc,phases      ] GC(1338)   Other: 0.2ms
[260.988s][info][gc,heap        ] GC(1338) Eden regions: 325->0(325)
[260.988s][info][gc,heap        ] GC(1338) Survivor regions: 1->1(41)
[260.988s][info][gc,heap        ] GC(1338) Old regions: 21->21
[260.988s][info][gc,heap        ] GC(1338) Archive regions: 0->0
[260.988s][info][gc,heap        ] GC(1338) Humongous regions: 0->0
[260.988s][info][gc,metaspace   ] GC(1338) Metaspace: 14282K(15168K)->14282K(15168K) NonClass: 12332K(12928K)->12332K(12928K) Class: 1950K(2240K)->1950K(2240K)
[260.988s][info][gc             ] GC(1338) Pause Young (Normal) (G1 Evacuation Pause) 332M->7M(544M) 3.597ms
[260.988s][info][gc,cpu         ] GC(1338) User=0.00s Sys=0.00s Real=0.00s
[261.186s][info][gc,start       ] GC(1339) Pause Young (Normal) (G1 Evacuation Pause)
[261.209s][info][gc,task        ] GC(1339) Using 33 workers of 33 for evacuation
[261.213s][info][gc,phases      ] GC(1339)   Pre Evacuate Collection Set: 0.2ms
[261.213s][info][gc,phases      ] GC(1339)   Merge Heap Roots: 0.2ms
[261.213s][info][gc,phases      ] GC(1339)   Evacuate Collection Set: 0.4ms
[261.213s][info][gc,phases      ] GC(1339)   Post Evacuate Collection Set: 2.6ms
[261.213s][info][gc,phases      ] GC(1339)   Other: 0.1ms
[261.213s][info][gc,heap        ] GC(1339) Eden regions: 325->0(325)
[261.213s][info][gc,heap        ] GC(1339) Survivor regions: 1->1(41)
[261.213s][info][gc,heap        ] GC(1339) Old regions: 21->22
[261.213s][info][gc,heap        ] GC(1339) Archive regions: 0->0
[261.213s][info][gc,heap        ] GC(1339) Humongous regions: 0->0
[261.213s][info][gc,metaspace   ] GC(1339) Metaspace: 14282K(15168K)->14282K(15168K) NonClass: 12332K(12928K)->12332K(12928K) Class: 1950K(2240K)->1950K(2240K)
[261.213s][info][gc             ] GC(1339) Pause Young (Normal) (G1 Evacuation Pause) 332M->7M(544M) 27.099ms
[261.213s][info][gc,cpu         ] GC(1339) User=0.00s Sys=0.00s Real=0.02s
[261.410s][info][gc,start       ] GC(1340) Pause Young (Normal) (G1 Evacuation Pause)
[261.410s][info][gc,task        ] GC(1340) Using 33 workers of 33 for evacuation
[261.413s][info][gc,phases      ] GC(1340)   Pre Evacuate Collection Set: 0.1ms
[261.413s][info][gc,phases      ] GC(1340)   Merge Heap Roots: 0.1ms
[261.413s][info][gc,phases      ] GC(1340)   Evacuate Collection Set: 0.4ms
[261.413s][info][gc,phases      ] GC(1340)   Post Evacuate Collection Set: 2.4ms
[261.413s][info][gc,phases      ] GC(1340)   Other: 0.1ms
[261.413s][info][gc,heap        ] GC(1340) Eden regions: 325->0(325)
[261.413s][info][gc,heap        ] GC(1340) Survivor regions: 1->1(41)
[261.413s][info][gc,heap        ] GC(1340) Old regions: 22->22
[261.413s][info][gc,heap        ] GC(1340) Archive regions: 0->0
[261.413s][info][gc,heap        ] GC(1340) Humongous regions: 0->0
[261.413s][info][gc,metaspace   ] GC(1340) Metaspace: 14282K(15168K)->14282K(15168K) NonClass: 12332K(12928K)->12332K(12928K) Class: 1950K(2240K)->1950K(2240K)
[261.413s][info][gc             ] GC(1340) Pause Young (Normal) (G1 Evacuation Pause) 332M->7M(544M) 3.407ms
[261.413s][info][gc,cpu         ] GC(1340) User=0.00s Sys=0.00s Real=0.00s
[261.609s][info][gc,start       ] GC(1341) Pause Young (Normal) (G1 Evacuation Pause)
[261.609s][info][gc,task        ] GC(1341) Using 33 workers of 33 for evacuation
[261.613s][info][gc,phases      ] GC(1341)   Pre Evacuate Collection Set: 0.2ms
[261.613s][info][gc,phases      ] GC(1341)   Merge Heap Roots: 0.2ms
[261.613s][info][gc,phases      ] GC(1341)   Evacuate Collection Set: 0.4ms
[261.613s][info][gc,phases      ] GC(1341)   Post Evacuate Collection Set: 2.5ms
[261.613s][info][gc,phases      ] GC(1341)   Other: 0.1ms
[261.613s][info][gc,heap        ] GC(1341) Eden regions: 325->0(325)
[261.613s][info][gc,heap        ] GC(1341) Survivor regions: 1->1(41)
[261.613s][info][gc,heap        ] GC(1341) Old regions: 22->22
[261.613s][info][gc,heap        ] GC(1341) Archive regions: 0->0
[261.613s][info][gc,heap        ] GC(1341) Humongous regions: 0->0
[261.613s][info][gc,metaspace   ] GC(1341) Metaspace: 14282K(15168K)->14282K(15168K) NonClass: 12332K(12928K)->12332K(12928K) Class: 1950K(2240K)->1950K(2240K)
[261.613s][info][gc             ] GC(1341) Pause Young (Normal) (G1 Evacuation Pause) 332M->7M(544M) 3.482ms
[261.613s][info][gc,cpu         ] GC(1341) User=0.44s Sys=0.03s Real=0.00s
[261.809s][info][gc,start       ] GC(1342) Pause Young (Normal) (G1 Evacuation Pause)
[261.809s][info][gc,task        ] GC(1342) Using 33 workers of 33 for evacuation
[261.812s][info][gc,phases      ] GC(1342)   Pre Evacuate Collection Set: 0.1ms
[261.812s][info][gc,phases      ] GC(1342)   Merge Heap Roots: 0.2ms
[261.812s][info][gc,phases      ] GC(1342)   Evacuate Collection Set: 0.3ms
[261.812s][info][gc,phases      ] GC(1342)   Post Evacuate Collection Set: 2.5ms
[261.812s][info][gc,phases      ] GC(1342)   Other: 0.1ms
[261.812s][info][gc,heap        ] GC(1342) Eden regions: 325->0(325)
[261.812s][info][gc,heap        ] GC(1342) Survivor regions: 1->1(41)
[261.812s][info][gc,heap        ] GC(1342) Old regions: 22->22
[261.812s][info][gc,heap        ] GC(1342) Archive regions: 0->0
[261.812s][info][gc,heap        ] GC(1342) Humongous regions: 0->0
[261.812s][info][gc,metaspace   ] GC(1342) Metaspace: 14282K(15168K)->14282K(15168K) NonClass: 12332K(12928K)->12332K(12928K) Class: 1950K(2240K)->1950K(2240K)
[261.812s][info][gc             ] GC(1342) Pause Young (Normal) (G1 Evacuation Pause) 332M->7M(544M) 3.478ms
[261.812s][info][gc,cpu         ] GC(1342) User=0.00s Sys=0.00s Real=0.00s
[262.008s][info][gc,start       ] GC(1343) Pause Young (Normal) (G1 Evacuation Pause)
[262.008s][info][gc,task        ] GC(1343) Using 33 workers of 33 for evacuation
[262.012s][info][gc,phases      ] GC(1343)   Pre Evacuate Collection Set: 0.2ms
[262.012s][info][gc,phases      ] GC(1343)   Merge Heap Roots: 0.2ms
[262.012s][info][gc,phases      ] GC(1343)   Evacuate Collection Set: 0.4ms
[262.012s][info][gc,phases      ] GC(1343)   Post Evacuate Collection Set: 2.5ms
[262.012s][info][gc,phases      ] GC(1343)   Other: 0.1ms
[262.012s][info][gc,heap        ] GC(1343) Eden regions: 325->0(325)
[262.012s][info][gc,heap        ] GC(1343) Survivor regions: 1->1(41)
[262.012s][info][gc,heap        ] GC(1343) Old regions: 22->22
[262.012s][info][gc,heap        ] GC(1343) Archive regions: 0->0
[262.012s][info][gc,heap        ] GC(1343) Humongous regions: 0->0
[262.012s][info][gc,metaspace   ] GC(1343) Metaspace: 14282K(15168K)->14282K(15168K) NonClass: 12332K(12928K)->12332K(12928K) Class: 1950K(2240K)->1950K(2240K)
[262.012s][info][gc             ] GC(1343) Pause Young (Normal) (G1 Evacuation Pause) 332M->7M(544M) 3.554ms
[262.012s][info][gc,cpu         ] GC(1343) User=0.00s Sys=0.00s Real=0.00s
[262.209s][info][gc,start       ] GC(1344) Pause Young (Normal) (G1 Evacuation Pause)
[262.209s][info][gc,task        ] GC(1344) Using 33 workers of 33 for evacuation
[262.212s][info][gc,phases      ] GC(1344)   Pre Evacuate Collection Set: 0.2ms
[262.212s][info][gc,phases      ] GC(1344)   Merge Heap Roots: 0.2ms
[262.212s][info][gc,phases      ] GC(1344)   Evacuate Collection Set: 0.3ms
[262.212s][info][gc,phases      ] GC(1344)   Post Evacuate Collection Set: 2.6ms
[262.212s][info][gc,phases      ] GC(1344)   Other: 0.1ms
[262.212s][info][gc,heap        ] GC(1344) Eden regions: 325->0(325)
[262.212s][info][gc,heap        ] GC(1344) Survivor regions: 1->1(41)
[262.212s][info][gc,heap        ] GC(1344) Old regions: 22->22
[262.212s][info][gc,heap        ] GC(1344) Archive regions: 0->0
[262.213s][info][gc,heap        ] GC(1344) Humongous regions: 0->0
[262.213s][info][gc,metaspace   ] GC(1344) Metaspace: 14282K(15168K)->14282K(15168K) NonClass: 12332K(12928K)->12332K(12928K) Class: 1950K(2240K)->1950K(2240K)
[262.213s][info][gc             ] GC(1344) Pause Young (Normal) (G1 Evacuation Pause) 332M->8M(544M) 3.583ms
[262.213s][info][gc,cpu         ] GC(1344) User=0.00s Sys=0.00s Real=0.00s
[262.410s][info][gc,start       ] GC(1345) Pause Young (Normal) (G1 Evacuation Pause)
[262.410s][info][gc,task        ] GC(1345) Using 33 workers of 33 for evacuation
[262.413s][info][gc,phases      ] GC(1345)   Pre Evacuate Collection Set: 0.2ms
[262.413s][info][gc,phases      ] GC(1345)   Merge Heap Roots: 0.2ms
[262.413s][info][gc,phases      ] GC(1345)   Evacuate Collection Set: 0.3ms
[262.413s][info][gc,phases      ] GC(1345)   Post Evacuate Collection Set: 2.6ms
[262.413s][info][gc,phases      ] GC(1345)   Other: 0.1ms
[262.413s][info][gc,heap        ] GC(1345) Eden regions: 325->0(325)
[262.413s][info][gc,heap        ] GC(1345) Survivor regions: 1->1(41)
[262.413s][info][gc,heap        ] GC(1345) Old regions: 22->22
[262.413s][info][gc,heap        ] GC(1345) Archive regions: 0->0
[262.413s][info][gc,heap        ] GC(1345) Humongous regions: 0->0
[262.413s][info][gc,metaspace   ] GC(1345) Metaspace: 14282K(15168K)->14282K(15168K) NonClass: 12332K(12928K)->12332K(12928K) Class: 1950K(2240K)->1950K(2240K)
[262.413s][info][gc             ] GC(1345) Pause Young (Normal) (G1 Evacuation Pause) 333M->8M(544M) 3.670ms
[262.413s][info][gc,cpu         ] GC(1345) User=0.00s Sys=0.00s Real=0.00s
[262.609s][info][gc,start       ] GC(1346) Pause Young (Normal) (G1 Evacuation Pause)
[262.610s][info][gc,task        ] GC(1346) Using 33 workers of 33 for evacuation
[262.613s][info][gc,phases      ] GC(1346)   Pre Evacuate Collection Set: 0.2ms
[262.613s][info][gc,phases      ] GC(1346)   Merge Heap Roots: 0.2ms
[262.613s][info][gc,phases      ] GC(1346)   Evacuate Collection Set: 0.3ms
[262.613s][info][gc,phases      ] GC(1346)   Post Evacuate Collection Set: 2.6ms
[262.613s][info][gc,phases      ] GC(1346)   Other: 0.1ms
[262.613s][info][gc,heap        ] GC(1346) Eden regions: 325->0(325)
[262.613s][info][gc,heap        ] GC(1346) Survivor regions: 1->1(41)
[262.613s][info][gc,heap        ] GC(1346) Old regions: 22->22
[262.613s][info][gc,heap        ] GC(1346) Archive regions: 0->0
[262.613s][info][gc,heap        ] GC(1346) Humongous regions: 0->0
[262.613s][info][gc,metaspace   ] GC(1346) Metaspace: 14282K(15168K)->14282K(15168K) NonClass: 12332K(12928K)->12332K(12928K) Class: 1950K(2240K)->1950K(2240K)
[262.613s][info][gc             ] GC(1346) Pause Young (Normal) (G1 Evacuation Pause) 333M->8M(544M) 3.632ms
[262.613s][info][gc,cpu         ] GC(1346) User=0.00s Sys=0.00s Real=0.00s
[262.809s][info][gc,start       ] GC(1347) Pause Young (Normal) (G1 Evacuation Pause)
[262.809s][info][gc,task        ] GC(1347) Using 33 workers of 33 for evacuation
[262.812s][info][gc,phases      ] GC(1347)   Pre Evacuate Collection Set: 0.2ms
[262.812s][info][gc,phases      ] GC(1347)   Merge Heap Roots: 0.2ms
[262.812s][info][gc,phases      ] GC(1347)   Evacuate Collection Set: 0.4ms
[262.812s][info][gc,phases      ] GC(1347)   Post Evacuate Collection Set: 2.7ms
[262.812s][info][gc,phases      ] GC(1347)   Other: 0.1ms
[262.812s][info][gc,heap        ] GC(1347) Eden regions: 325->0(325)
[262.812s][info][gc,heap        ] GC(1347) Survivor regions: 1->1(41)
[262.812s][info][gc,heap        ] GC(1347) Old regions: 22->22
[262.812s][info][gc,heap        ] GC(1347) Archive regions: 0->0
[262.812s][info][gc,heap        ] GC(1347) Humongous regions: 0->0
[262.812s][info][gc,metaspace   ] GC(1347) Metaspace: 14282K(15168K)->14282K(15168K) NonClass: 12332K(12928K)->12332K(12928K) Class: 1950K(2240K)->1950K(2240K)
[262.812s][info][gc             ] GC(1347) Pause Young (Normal) (G1 Evacuation Pause) 333M->8M(544M) 3.691ms
[262.812s][info][gc,cpu         ] GC(1347) User=0.00s Sys=0.00s Real=0.00s
[263.007s][info][gc,start       ] GC(1348) Pause Young (Normal) (G1 Evacuation Pause)
[263.008s][info][gc,task        ] GC(1348) Using 33 workers of 33 for evacuation
[263.011s][info][gc,phases      ] GC(1348)   Pre Evacuate Collection Set: 0.2ms
[263.011s][info][gc,phases      ] GC(1348)   Merge Heap Roots: 0.2ms
[263.011s][info][gc,phases      ] GC(1348)   Evacuate Collection Set: 0.3ms
[263.011s][info][gc,phases      ] GC(1348)   Post Evacuate Collection Set: 2.7ms
[263.011s][info][gc,phases      ] GC(1348)   Other: 0.1ms
[263.011s][info][gc,heap        ] GC(1348) Eden regions: 325->0(325)
[263.011s][info][gc,heap        ] GC(1348) Survivor regions: 1->1(41)
[263.011s][info][gc,heap        ] GC(1348) Old regions: 22->22
[263.011s][info][gc,heap        ] GC(1348) Archive regions: 0->0
[263.011s][info][gc,heap        ] GC(1348) Humongous regions: 0->0
[263.011s][info][gc,metaspace   ] GC(1348) Metaspace: 14282K(15168K)->14282K(15168K) NonClass: 12332K(12928K)->12332K(12928K) Class: 1950K(2240K)->1950K(2240K)
[263.011s][info][gc             ] GC(1348) Pause Young (Normal) (G1 Evacuation Pause) 333M->8M(544M) 3.732ms
[263.011s][info][gc,cpu         ] GC(1348) User=0.00s Sys=0.00s Real=0.00s
[263.209s][info][gc,start       ] GC(1349) Pause Young (Normal) (G1 Evacuation Pause)
[263.209s][info][gc,task        ] GC(1349) Using 33 workers of 33 for evacuation
[263.212s][info][gc,phases      ] GC(1349)   Pre Evacuate Collection Set: 0.2ms
[263.212s][info][gc,phases      ] GC(1349)   Merge Heap Roots: 0.2ms
[263.213s][info][gc,phases      ] GC(1349)   Evacuate Collection Set: 0.3ms
[263.213s][info][gc,phases      ] GC(1349)   Post Evacuate Collection Set: 2.7ms
[263.213s][info][gc,phases      ] GC(1349)   Other: 0.1ms
[263.213s][info][gc,heap        ] GC(1349) Eden regions: 325->0(325)
[263.213s][info][gc,heap        ] GC(1349) Survivor regions: 1->1(41)
[263.213s][info][gc,heap        ] GC(1349) Old regions: 22->22
[263.213s][info][gc,heap        ] GC(1349) Archive regions: 0->0
[263.213s][info][gc,heap        ] GC(1349) Humongous regions: 0->0
[263.213s][info][gc,metaspace   ] GC(1349) Metaspace: 14282K(15168K)->14282K(15168K) NonClass: 12332K(12928K)->12332K(12928K) Class: 1950K(2240K)->1950K(2240K)
[263.213s][info][gc             ] GC(1349) Pause Young (Normal) (G1 Evacuation Pause) 333M->8M(544M) 3.758ms
[263.213s][info][gc,cpu         ] GC(1349) User=0.00s Sys=0.00s Real=0.00s
[263.410s][info][gc,start       ] GC(1350) Pause Young (Normal) (G1 Evacuation Pause)
[263.410s][info][gc,task        ] GC(1350) Using 33 workers of 33 for evacuation
[263.413s][info][gc,phases      ] GC(1350)   Pre Evacuate Collection Set: 0.2ms
[263.413s][info][gc,phases      ] GC(1350)   Merge Heap Roots: 0.2ms
[263.413s][info][gc,phases      ] GC(1350)   Evacuate Collection Set: 0.4ms
[263.413s][info][gc,phases      ] GC(1350)   Post Evacuate Collection Set: 2.8ms
[263.413s][info][gc,phases      ] GC(1350)   Other: 0.1ms
[263.413s][info][gc,heap        ] GC(1350) Eden regions: 325->0(325)
[263.413s][info][gc,heap        ] GC(1350) Survivor regions: 1->1(41)
[263.413s][info][gc,heap        ] GC(1350) Old regions: 22->22
[263.413s][info][gc,heap        ] GC(1350) Archive regions: 0->0
[263.413s][info][gc,heap        ] GC(1350) Humongous regions: 0->0
[263.413s][info][gc,metaspace   ] GC(1350) Metaspace: 14282K(15168K)->14282K(15168K) NonClass: 12332K(12928K)->12332K(12928K) Class: 1950K(2240K)->1950K(2240K)
[263.413s][info][gc             ] GC(1350) Pause Young (Normal) (G1 Evacuation Pause) 333M->8M(544M) 3.897ms
[263.413s][info][gc,cpu         ] GC(1350) User=0.00s Sys=0.00s Real=0.00s
[263.610s][info][gc,start       ] GC(1351) Pause Young (Normal) (G1 Evacuation Pause)
[263.610s][info][gc,task        ] GC(1351) Using 33 workers of 33 for evacuation
[263.614s][info][gc,phases      ] GC(1351)   Pre Evacuate Collection Set: 0.1ms
[263.614s][info][gc,phases      ] GC(1351)   Merge Heap Roots: 0.2ms
[263.614s][info][gc,phases      ] GC(1351)   Evacuate Collection Set: 0.3ms
[263.614s][info][gc,phases      ] GC(1351)   Post Evacuate Collection Set: 2.8ms
[263.614s][info][gc,phases      ] GC(1351)   Other: 0.1ms
[263.614s][info][gc,heap        ] GC(1351) Eden regions: 325->0(325)
[263.614s][info][gc,heap        ] GC(1351) Survivor regions: 1->1(41)
[263.614s][info][gc,heap        ] GC(1351) Old regions: 22->22
[263.614s][info][gc,heap        ] GC(1351) Archive regions: 0->0
[263.614s][info][gc,heap        ] GC(1351) Humongous regions: 0->0
[263.614s][info][gc,metaspace   ] GC(1351) Metaspace: 14282K(15168K)->14282K(15168K) NonClass: 12332K(12928K)->12332K(12928K) Class: 1950K(2240K)->1950K(2240K)
[263.614s][info][gc             ] GC(1351) Pause Young (Normal) (G1 Evacuation Pause) 333M->8M(544M) 3.815ms
[263.614s][info][gc,cpu         ] GC(1351) User=0.00s Sys=0.00s Real=0.00s
[263.811s][info][gc,start       ] GC(1352) Pause Young (Normal) (G1 Evacuation Pause)
[263.811s][info][gc,task        ] GC(1352) Using 33 workers of 33 for evacuation
[263.814s][info][gc,phases      ] GC(1352)   Pre Evacuate Collection Set: 0.1ms
[263.814s][info][gc,phases      ] GC(1352)   Merge Heap Roots: 0.2ms
[263.814s][info][gc,phases      ] GC(1352)   Evacuate Collection Set: 0.4ms
[263.815s][info][gc,phases      ] GC(1352)   Post Evacuate Collection Set: 2.8ms
[263.815s][info][gc,phases      ] GC(1352)   Other: 0.1ms
[263.815s][info][gc,heap        ] GC(1352) Eden regions: 325->0(325)
[263.815s][info][gc,heap        ] GC(1352) Survivor regions: 1->1(41)
[263.815s][info][gc,heap        ] GC(1352) Old regions: 22->22
[263.815s][info][gc,heap        ] GC(1352) Archive regions: 0->0
[263.815s][info][gc,heap        ] GC(1352) Humongous regions: 0->0
[263.815s][info][gc,metaspace   ] GC(1352) Metaspace: 14282K(15168K)->14282K(15168K) NonClass: 12332K(12928K)->12332K(12928K) Class: 1950K(2240K)->1950K(2240K)
[263.815s][info][gc             ] GC(1352) Pause Young (Normal) (G1 Evacuation Pause) 333M->8M(544M) 3.841ms
[263.815s][info][gc,cpu         ] GC(1352) User=0.52s Sys=0.00s Real=0.00s
[264.134s][info][gc,start       ] GC(1353) Pause Young (Normal) (G1 Evacuation Pause)
[264.134s][info][gc,task        ] GC(1353) Using 33 workers of 33 for evacuation
[264.139s][info][gc,phases      ] GC(1353)   Pre Evacuate Collection Set: 0.2ms
[264.139s][info][gc,phases      ] GC(1353)   Merge Heap Roots: 0.2ms
[264.139s][info][gc,phases      ] GC(1353)   Evacuate Collection Set: 0.6ms
[264.139s][info][gc,phases      ] GC(1353)   Post Evacuate Collection Set: 3.8ms
[264.139s][info][gc,phases      ] GC(1353)   Other: 0.2ms
[264.139s][info][gc,heap        ] GC(1353) Eden regions: 325->0(325)
[264.139s][info][gc,heap        ] GC(1353) Survivor regions: 1->1(41)
[264.139s][info][gc,heap        ] GC(1353) Old regions: 22->22
[264.139s][info][gc,heap        ] GC(1353) Archive regions: 0->0
[264.139s][info][gc,heap        ] GC(1353) Humongous regions: 0->0
[264.139s][info][gc,metaspace   ] GC(1353) Metaspace: 14282K(15168K)->14282K(15168K) NonClass: 12332K(12928K)->12332K(12928K) Class: 1950K(2240K)->1950K(2240K)
[264.139s][info][gc             ] GC(1353) Pause Young (Normal) (G1 Evacuation Pause) 333M->8M(544M) 5.529ms
[264.139s][info][gc,cpu         ] GC(1353) User=0.00s Sys=0.00s Real=0.00s
[264.343s][info][gc,start       ] GC(1354) Pause Young (Normal) (G1 Evacuation Pause)
[264.343s][info][gc,task        ] GC(1354) Using 33 workers of 33 for evacuation
[264.346s][info][gc,phases      ] GC(1354)   Pre Evacuate Collection Set: 0.2ms
[264.346s][info][gc,phases      ] GC(1354)   Merge Heap Roots: 0.1ms
[264.346s][info][gc,phases      ] GC(1354)   Evacuate Collection Set: 0.4ms
[264.346s][info][gc,phases      ] GC(1354)   Post Evacuate Collection Set: 2.7ms
[264.346s][info][gc,phases      ] GC(1354)   Other: 0.1ms
[264.346s][info][gc,heap        ] GC(1354) Eden regions: 325->0(325)
[264.347s][info][gc,heap        ] GC(1354) Survivor regions: 1->1(41)
[264.347s][info][gc,heap        ] GC(1354) Old regions: 22->22
[264.347s][info][gc,heap        ] GC(1354) Archive regions: 0->0
[264.347s][info][gc,heap        ] GC(1354) Humongous regions: 0->0
[264.347s][info][gc,metaspace   ] GC(1354) Metaspace: 14282K(15168K)->14282K(15168K) NonClass: 12332K(12928K)->12332K(12928K) Class: 1950K(2240K)->1950K(2240K)
[264.347s][info][gc             ] GC(1354) Pause Young (Normal) (G1 Evacuation Pause) 333M->8M(544M) 3.715ms
[264.347s][info][gc,cpu         ] GC(1354) User=0.52s Sys=0.00s Real=0.00s
[264.544s][info][gc,start       ] GC(1355) Pause Young (Normal) (G1 Evacuation Pause)
[264.544s][info][gc,task        ] GC(1355) Using 33 workers of 33 for evacuation
[264.547s][info][gc,phases      ] GC(1355)   Pre Evacuate Collection Set: 0.2ms
[264.547s][info][gc,phases      ] GC(1355)   Merge Heap Roots: 0.2ms
[264.547s][info][gc,phases      ] GC(1355)   Evacuate Collection Set: 0.4ms
[264.547s][info][gc,phases      ] GC(1355)   Post Evacuate Collection Set: 2.5ms
[264.547s][info][gc,phases      ] GC(1355)   Other: 0.1ms
[264.547s][info][gc,heap        ] GC(1355) Eden regions: 325->0(325)
[264.547s][info][gc,heap        ] GC(1355) Survivor regions: 1->1(41)
[264.547s][info][gc,heap        ] GC(1355) Old regions: 22->22
[264.547s][info][gc,heap        ] GC(1355) Archive regions: 0->0
[264.547s][info][gc,heap        ] GC(1355) Humongous regions: 0->0
[264.548s][info][gc,metaspace   ] GC(1355) Metaspace: 14282K(15168K)->14282K(15168K) NonClass: 12332K(12928K)->12332K(12928K) Class: 1950K(2240K)->1950K(2240K)
[264.548s][info][gc             ] GC(1355) Pause Young (Normal) (G1 Evacuation Pause) 333M->8M(544M) 3.603ms
[264.548s][info][gc,cpu         ] GC(1355) User=0.52s Sys=0.00s Real=0.00s
[264.744s][info][gc,start       ] GC(1356) Pause Young (Normal) (G1 Evacuation Pause)
[264.745s][info][gc,task        ] GC(1356) Using 33 workers of 33 for evacuation
[264.748s][info][gc,phases      ] GC(1356)   Pre Evacuate Collection Set: 0.1ms
[264.748s][info][gc,phases      ] GC(1356)   Merge Heap Roots: 0.2ms
[264.748s][info][gc,phases      ] GC(1356)   Evacuate Collection Set: 0.4ms
[264.748s][info][gc,phases      ] GC(1356)   Post Evacuate Collection Set: 2.4ms
[264.748s][info][gc,phases      ] GC(1356)   Other: 0.1ms
[264.748s][info][gc,heap        ] GC(1356) Eden regions: 325->0(325)
[264.748s][info][gc,heap        ] GC(1356) Survivor regions: 1->1(41)
[264.748s][info][gc,heap        ] GC(1356) Old regions: 22->22
[264.748s][info][gc,heap        ] GC(1356) Archive regions: 0->0
[264.748s][info][gc,heap        ] GC(1356) Humongous regions: 0->0
[264.748s][info][gc,metaspace   ] GC(1356) Metaspace: 14282K(15168K)->14282K(15168K) NonClass: 12332K(12928K)->12332K(12928K) Class: 1950K(2240K)->1950K(2240K)
[264.748s][info][gc             ] GC(1356) Pause Young (Normal) (G1 Evacuation Pause) 333M->8M(544M) 3.440ms
[264.748s][info][gc,cpu         ] GC(1356) User=0.00s Sys=0.00s Real=0.00s
[264.944s][info][gc,start       ] GC(1357) Pause Young (Normal) (G1 Evacuation Pause)
[264.944s][info][gc,task        ] GC(1357) Using 33 workers of 33 for evacuation
[264.947s][info][gc,phases      ] GC(1357)   Pre Evacuate Collection Set: 0.1ms
[264.948s][info][gc,phases      ] GC(1357)   Merge Heap Roots: 0.1ms
[264.948s][info][gc,phases      ] GC(1357)   Evacuate Collection Set: 0.3ms
[264.948s][info][gc,phases      ] GC(1357)   Post Evacuate Collection Set: 2.5ms
[264.948s][info][gc,phases      ] GC(1357)   Other: 0.1ms
[264.948s][info][gc,heap        ] GC(1357) Eden regions: 325->0(325)
[264.948s][info][gc,heap        ] GC(1357) Survivor regions: 1->1(41)
[264.948s][info][gc,heap        ] GC(1357) Old regions: 22->22
[264.948s][info][gc,heap        ] GC(1357) Archive regions: 0->0
[264.948s][info][gc,heap        ] GC(1357) Humongous regions: 0->0
[264.948s][info][gc,metaspace   ] GC(1357) Metaspace: 14282K(15168K)->14282K(15168K) NonClass: 12332K(12928K)->12332K(12928K) Class: 1950K(2240K)->1950K(2240K)
[264.948s][info][gc             ] GC(1357) Pause Young (Normal) (G1 Evacuation Pause) 333M->8M(544M) 3.410ms
[264.948s][info][gc,cpu         ] GC(1357) User=0.00s Sys=0.00s Real=0.00s
[265.146s][info][gc,start       ] GC(1358) Pause Young (Normal) (G1 Evacuation Pause)
[265.146s][info][gc,task        ] GC(1358) Using 33 workers of 33 for evacuation
[265.149s][info][gc,phases      ] GC(1358)   Pre Evacuate Collection Set: 0.2ms
[265.149s][info][gc,phases      ] GC(1358)   Merge Heap Roots: 0.2ms
[265.149s][info][gc,phases      ] GC(1358)   Evacuate Collection Set: 0.4ms
[265.149s][info][gc,phases      ] GC(1358)   Post Evacuate Collection Set: 2.4ms
[265.149s][info][gc,phases      ] GC(1358)   Other: 0.1ms
[265.149s][info][gc,heap        ] GC(1358) Eden regions: 325->0(325)
[265.149s][info][gc,heap        ] GC(1358) Survivor regions: 1->1(41)
[265.149s][info][gc,heap        ] GC(1358) Old regions: 22->22
[265.149s][info][gc,heap        ] GC(1358) Archive regions: 0->0
[265.149s][info][gc,heap        ] GC(1358) Humongous regions: 0->0
[265.149s][info][gc,metaspace   ] GC(1358) Metaspace: 14282K(15168K)->14282K(15168K) NonClass: 12332K(12928K)->12332K(12928K) Class: 1950K(2240K)->1950K(2240K)
[265.149s][info][gc             ] GC(1358) Pause Young (Normal) (G1 Evacuation Pause) 333M->8M(544M) 3.431ms
[265.149s][info][gc,cpu         ] GC(1358) User=0.00s Sys=0.00s Real=0.00s
[265.344s][info][gc,start       ] GC(1359) Pause Young (Normal) (G1 Evacuation Pause)
[265.345s][info][gc,task        ] GC(1359) Using 33 workers of 33 for evacuation
[265.348s][info][gc,phases      ] GC(1359)   Pre Evacuate Collection Set: 0.2ms
[265.348s][info][gc,phases      ] GC(1359)   Merge Heap Roots: 0.2ms
[265.348s][info][gc,phases      ] GC(1359)   Evacuate Collection Set: 0.3ms
[265.348s][info][gc,phases      ] GC(1359)   Post Evacuate Collection Set: 2.5ms
[265.348s][info][gc,phases      ] GC(1359)   Other: 0.1ms
[265.348s][info][gc,heap        ] GC(1359) Eden regions: 325->0(325)
[265.348s][info][gc,heap        ] GC(1359) Survivor regions: 1->1(41)
[265.348s][info][gc,heap        ] GC(1359) Old regions: 22->22
[265.348s][info][gc,heap        ] GC(1359) Archive regions: 0->0
[265.348s][info][gc,heap        ] GC(1359) Humongous regions: 0->0
[265.348s][info][gc,metaspace   ] GC(1359) Metaspace: 14282K(15168K)->14282K(15168K) NonClass: 12332K(12928K)->12332K(12928K) Class: 1950K(2240K)->1950K(2240K)
[265.348s][info][gc             ] GC(1359) Pause Young (Normal) (G1 Evacuation Pause) 333M->8M(544M) 3.437ms
[265.348s][info][gc,cpu         ] GC(1359) User=0.00s Sys=0.00s Real=0.00s
[265.544s][info][gc,start       ] GC(1360) Pause Young (Normal) (G1 Evacuation Pause)
[265.544s][info][gc,task        ] GC(1360) Using 33 workers of 33 for evacuation
[265.548s][info][gc,phases      ] GC(1360)   Pre Evacuate Collection Set: 0.2ms
[265.548s][info][gc,phases      ] GC(1360)   Merge Heap Roots: 0.1ms
[265.548s][info][gc,phases      ] GC(1360)   Evacuate Collection Set: 0.4ms
[265.548s][info][gc,phases      ] GC(1360)   Post Evacuate Collection Set: 2.5ms
[265.548s][info][gc,phases      ] GC(1360)   Other: 0.1ms
[265.548s][info][gc,heap        ] GC(1360) Eden regions: 325->0(325)
[265.548s][info][gc,heap        ] GC(1360) Survivor regions: 1->1(41)
[265.548s][info][gc,heap        ] GC(1360) Old regions: 22->23
[265.548s][info][gc,heap        ] GC(1360) Archive regions: 0->0
[265.548s][info][gc,heap        ] GC(1360) Humongous regions: 0->0
[265.548s][info][gc,metaspace   ] GC(1360) Metaspace: 14282K(15168K)->14282K(15168K) NonClass: 12332K(12928K)->12332K(12928K) Class: 1950K(2240K)->1950K(2240K)
[265.548s][info][gc             ] GC(1360) Pause Young (Normal) (G1 Evacuation Pause) 333M->8M(544M) 3.512ms
[265.548s][info][gc,cpu         ] GC(1360) User=0.00s Sys=0.00s Real=0.00s
[265.743s][info][gc,start       ] GC(1361) Pause Young (Normal) (G1 Evacuation Pause)
[265.743s][info][gc,task        ] GC(1361) Using 33 workers of 33 for evacuation
[265.747s][info][gc,phases      ] GC(1361)   Pre Evacuate Collection Set: 0.1ms
[265.747s][info][gc,phases      ] GC(1361)   Merge Heap Roots: 0.2ms
[265.747s][info][gc,phases      ] GC(1361)   Evacuate Collection Set: 0.3ms
[265.747s][info][gc,phases      ] GC(1361)   Post Evacuate Collection Set: 2.5ms
[265.747s][info][gc,phases      ] GC(1361)   Other: 0.1ms
[265.747s][info][gc,heap        ] GC(1361) Eden regions: 325->0(325)
[265.747s][info][gc,heap        ] GC(1361) Survivor regions: 1->1(41)
[265.747s][info][gc,heap        ] GC(1361) Old regions: 23->23
[265.747s][info][gc,heap        ] GC(1361) Archive regions: 0->0
[265.747s][info][gc,heap        ] GC(1361) Humongous regions: 0->0
[265.747s][info][gc,metaspace   ] GC(1361) Metaspace: 14282K(15168K)->14282K(15168K) NonClass: 12332K(12928K)->12332K(12928K) Class: 1950K(2240K)->1950K(2240K)
[265.747s][info][gc             ] GC(1361) Pause Young (Normal) (G1 Evacuation Pause) 333M->8M(544M) 3.508ms
[265.747s][info][gc,cpu         ] GC(1361) User=0.00s Sys=0.00s Real=0.00s
[265.943s][info][gc,start       ] GC(1362) Pause Young (Normal) (G1 Evacuation Pause)
[265.943s][info][gc,task        ] GC(1362) Using 33 workers of 33 for evacuation
[265.947s][info][gc,phases      ] GC(1362)   Pre Evacuate Collection Set: 0.2ms
[265.947s][info][gc,phases      ] GC(1362)   Merge Heap Roots: 0.2ms
[265.947s][info][gc,phases      ] GC(1362)   Evacuate Collection Set: 0.4ms
[265.947s][info][gc,phases      ] GC(1362)   Post Evacuate Collection Set: 2.6ms
[265.947s][info][gc,phases      ] GC(1362)   Other: 0.1ms
[265.947s][info][gc,heap        ] GC(1362) Eden regions: 325->0(325)
[265.947s][info][gc,heap        ] GC(1362) Survivor regions: 1->1(41)
[265.947s][info][gc,heap        ] GC(1362) Old regions: 23->23
[265.947s][info][gc,heap        ] GC(1362) Archive regions: 0->0
[265.947s][info][gc,heap        ] GC(1362) Humongous regions: 0->0
[265.947s][info][gc,metaspace   ] GC(1362) Metaspace: 14282K(15168K)->14282K(15168K) NonClass: 12332K(12928K)->12332K(12928K) Class: 1950K(2240K)->1950K(2240K)
[265.947s][info][gc             ] GC(1362) Pause Young (Normal) (G1 Evacuation Pause) 333M->8M(544M) 3.578ms
[265.947s][info][gc,cpu         ] GC(1362) User=0.00s Sys=0.00s Real=0.00s
[266.143s][info][gc,start       ] GC(1363) Pause Young (Normal) (G1 Evacuation Pause)
[266.143s][info][gc,task        ] GC(1363) Using 33 workers of 33 for evacuation
[266.146s][info][gc,phases      ] GC(1363)   Pre Evacuate Collection Set: 0.2ms
[266.146s][info][gc,phases      ] GC(1363)   Merge Heap Roots: 0.1ms
[266.146s][info][gc,phases      ] GC(1363)   Evacuate Collection Set: 0.4ms
[266.146s][info][gc,phases      ] GC(1363)   Post Evacuate Collection Set: 2.6ms
[266.146s][info][gc,phases      ] GC(1363)   Other: 0.1ms
[266.146s][info][gc,heap        ] GC(1363) Eden regions: 325->0(325)
[266.146s][info][gc,heap        ] GC(1363) Survivor regions: 1->1(41)
[266.146s][info][gc,heap        ] GC(1363) Old regions: 23->23
[266.146s][info][gc,heap        ] GC(1363) Archive regions: 0->0
[266.146s][info][gc,heap        ] GC(1363) Humongous regions: 0->0
[266.146s][info][gc,metaspace   ] GC(1363) Metaspace: 14282K(15168K)->14282K(15168K) NonClass: 12332K(12928K)->12332K(12928K) Class: 1950K(2240K)->1950K(2240K)
[266.146s][info][gc             ] GC(1363) Pause Young (Normal) (G1 Evacuation Pause) 333M->8M(544M) 3.624ms
[266.146s][info][gc,cpu         ] GC(1363) User=0.00s Sys=0.00s Real=0.00s
[266.343s][info][gc,start       ] GC(1364) Pause Young (Normal) (G1 Evacuation Pause)
[266.343s][info][gc,task        ] GC(1364) Using 33 workers of 33 for evacuation
[266.346s][info][gc,phases      ] GC(1364)   Pre Evacuate Collection Set: 0.2ms
[266.346s][info][gc,phases      ] GC(1364)   Merge Heap Roots: 0.2ms
[266.346s][info][gc,phases      ] GC(1364)   Evacuate Collection Set: 0.4ms
[266.346s][info][gc,phases      ] GC(1364)   Post Evacuate Collection Set: 2.6ms
[266.346s][info][gc,phases      ] GC(1364)   Other: 0.1ms
[266.347s][info][gc,heap        ] GC(1364) Eden regions: 325->0(325)
[266.347s][info][gc,heap        ] GC(1364) Survivor regions: 1->1(41)
[266.347s][info][gc,heap        ] GC(1364) Old regions: 23->23
[266.347s][info][gc,heap        ] GC(1364) Archive regions: 0->0
[266.347s][info][gc,heap        ] GC(1364) Humongous regions: 0->0
[266.347s][info][gc,metaspace   ] GC(1364) Metaspace: 14282K(15168K)->14282K(15168K) NonClass: 12332K(12928K)->12332K(12928K) Class: 1950K(2240K)->1950K(2240K)
[266.347s][info][gc             ] GC(1364) Pause Young (Normal) (G1 Evacuation Pause) 333M->8M(544M) 3.652ms
[266.347s][info][gc,cpu         ] GC(1364) User=0.52s Sys=0.00s Real=0.00s
[266.541s][info][gc,start       ] GC(1365) Pause Young (Normal) (G1 Evacuation Pause)
[266.542s][info][gc,task        ] GC(1365) Using 33 workers of 33 for evacuation
[266.545s][info][gc,phases      ] GC(1365)   Pre Evacuate Collection Set: 0.1ms
[266.545s][info][gc,phases      ] GC(1365)   Merge Heap Roots: 0.2ms
[266.545s][info][gc,phases      ] GC(1365)   Evacuate Collection Set: 0.4ms
[266.545s][info][gc,phases      ] GC(1365)   Post Evacuate Collection Set: 2.7ms
[266.545s][info][gc,phases      ] GC(1365)   Other: 0.1ms
[266.545s][info][gc,heap        ] GC(1365) Eden regions: 325->0(325)
[266.545s][info][gc,heap        ] GC(1365) Survivor regions: 1->1(41)
[266.545s][info][gc,heap        ] GC(1365) Old regions: 23->23
[266.545s][info][gc,heap        ] GC(1365) Archive regions: 0->0
[266.545s][info][gc,heap        ] GC(1365) Humongous regions: 0->0
[266.545s][info][gc,metaspace   ] GC(1365) Metaspace: 14282K(15168K)->14282K(15168K) NonClass: 12332K(12928K)->12332K(12928K) Class: 1950K(2240K)->1950K(2240K)
[266.545s][info][gc             ] GC(1365) Pause Young (Normal) (G1 Evacuation Pause) 333M->9M(544M) 3.678ms
[266.545s][info][gc,cpu         ] GC(1365) User=0.00s Sys=0.00s Real=0.00s
[266.740s][info][gc,start       ] GC(1366) Pause Young (Normal) (G1 Evacuation Pause)
[266.740s][info][gc,task        ] GC(1366) Using 33 workers of 33 for evacuation
[266.744s][info][gc,phases      ] GC(1366)   Pre Evacuate Collection Set: 0.2ms
[266.744s][info][gc,phases      ] GC(1366)   Merge Heap Roots: 0.1ms
[266.744s][info][gc,phases      ] GC(1366)   Evacuate Collection Set: 0.3ms
[266.744s][info][gc,phases      ] GC(1366)   Post Evacuate Collection Set: 2.8ms
[266.744s][info][gc,phases      ] GC(1366)   Other: 0.1ms
[266.744s][info][gc,heap        ] GC(1366) Eden regions: 325->0(325)
[266.744s][info][gc,heap        ] GC(1366) Survivor regions: 1->1(41)
[266.744s][info][gc,heap        ] GC(1366) Old regions: 23->23
[266.744s][info][gc,heap        ] GC(1366) Archive regions: 0->0
[266.744s][info][gc,heap        ] GC(1366) Humongous regions: 0->0
[266.744s][info][gc,metaspace   ] GC(1366) Metaspace: 14282K(15168K)->14282K(15168K) NonClass: 12332K(12928K)->12332K(12928K) Class: 1950K(2240K)->1950K(2240K)
[266.744s][info][gc             ] GC(1366) Pause Young (Normal) (G1 Evacuation Pause) 334M->9M(544M) 3.749ms
[266.744s][info][gc,cpu         ] GC(1366) User=0.00s Sys=0.00s Real=0.00s
[266.940s][info][gc,start       ] GC(1367) Pause Young (Normal) (G1 Evacuation Pause)
[266.940s][info][gc,task        ] GC(1367) Using 33 workers of 33 for evacuation
[266.944s][info][gc,phases      ] GC(1367)   Pre Evacuate Collection Set: 0.1ms
[266.944s][info][gc,phases      ] GC(1367)   Merge Heap Roots: 0.2ms
[266.944s][info][gc,phases      ] GC(1367)   Evacuate Collection Set: 0.3ms
[266.944s][info][gc,phases      ] GC(1367)   Post Evacuate Collection Set: 2.8ms
[266.944s][info][gc,phases      ] GC(1367)   Other: 0.1ms
[266.944s][info][gc,heap        ] GC(1367) Eden regions: 325->0(325)
[266.944s][info][gc,heap        ] GC(1367) Survivor regions: 1->1(41)
[266.944s][info][gc,heap        ] GC(1367) Old regions: 23->23
[266.944s][info][gc,heap        ] GC(1367) Archive regions: 0->0
[266.944s][info][gc,heap        ] GC(1367) Humongous regions: 0->0
[266.944s][info][gc,metaspace   ] GC(1367) Metaspace: 14282K(15168K)->14282K(15168K) NonClass: 12332K(12928K)->12332K(12928K) Class: 1950K(2240K)->1950K(2240K)
[266.944s][info][gc             ] GC(1367) Pause Young (Normal) (G1 Evacuation Pause) 334M->9M(544M) 3.766ms
[266.944s][info][gc,cpu         ] GC(1367) User=0.00s Sys=0.00s Real=0.00s
[267.140s][info][gc,start       ] GC(1368) Pause Young (Normal) (G1 Evacuation Pause)
[267.141s][info][gc,task        ] GC(1368) Using 33 workers of 33 for evacuation
[267.144s][info][gc,phases      ] GC(1368)   Pre Evacuate Collection Set: 0.2ms
[267.144s][info][gc,phases      ] GC(1368)   Merge Heap Roots: 0.2ms
[267.144s][info][gc,phases      ] GC(1368)   Evacuate Collection Set: 0.3ms
[267.144s][info][gc,phases      ] GC(1368)   Post Evacuate Collection Set: 2.8ms
[267.144s][info][gc,phases      ] GC(1368)   Other: 0.1ms
[267.144s][info][gc,heap        ] GC(1368) Eden regions: 325->0(325)
[267.144s][info][gc,heap        ] GC(1368) Survivor regions: 1->1(41)
[267.144s][info][gc,heap        ] GC(1368) Old regions: 23->23
[267.144s][info][gc,heap        ] GC(1368) Archive regions: 0->0
[267.144s][info][gc,heap        ] GC(1368) Humongous regions: 0->0
[267.144s][info][gc,metaspace   ] GC(1368) Metaspace: 14282K(15168K)->14282K(15168K) NonClass: 12332K(12928K)->12332K(12928K) Class: 1950K(2240K)->1950K(2240K)
[267.144s][info][gc             ] GC(1368) Pause Young (Normal) (G1 Evacuation Pause) 334M->9M(544M) 3.822ms
[267.144s][info][gc,cpu         ] GC(1368) User=0.00s Sys=0.00s Real=0.00s
[267.340s][info][gc,start       ] GC(1369) Pause Young (Normal) (G1 Evacuation Pause)
[267.340s][info][gc,task        ] GC(1369) Using 33 workers of 33 for evacuation
[267.344s][info][gc,phases      ] GC(1369)   Pre Evacuate Collection Set: 0.2ms
[267.344s][info][gc,phases      ] GC(1369)   Merge Heap Roots: 0.2ms
[267.344s][info][gc,phases      ] GC(1369)   Evacuate Collection Set: 0.3ms
[267.344s][info][gc,phases      ] GC(1369)   Post Evacuate Collection Set: 2.8ms
[267.344s][info][gc,phases      ] GC(1369)   Other: 0.1ms
[267.344s][info][gc,heap        ] GC(1369) Eden regions: 325->0(325)
[267.344s][info][gc,heap        ] GC(1369) Survivor regions: 1->1(41)
[267.344s][info][gc,heap        ] GC(1369) Old regions: 23->23
[267.344s][info][gc,heap        ] GC(1369) Archive regions: 0->0
[267.344s][info][gc,heap        ] GC(1369) Humongous regions: 0->0
[267.344s][info][gc,metaspace   ] GC(1369) Metaspace: 14282K(15168K)->14282K(15168K) NonClass: 12332K(12928K)->12332K(12928K) Class: 1950K(2240K)->1950K(2240K)
[267.344s][info][gc             ] GC(1369) Pause Young (Normal) (G1 Evacuation Pause) 334M->9M(544M) 3.818ms
[267.344s][info][gc,cpu         ] GC(1369) User=0.52s Sys=0.00s Real=0.00s
[267.541s][info][gc,start       ] GC(1370) Pause Young (Normal) (G1 Evacuation Pause)
[267.541s][info][gc,task        ] GC(1370) Using 33 workers of 33 for evacuation
[267.544s][info][gc,phases      ] GC(1370)   Pre Evacuate Collection Set: 0.2ms
[267.544s][info][gc,phases      ] GC(1370)   Merge Heap Roots: 0.2ms
[267.545s][info][gc,phases      ] GC(1370)   Evacuate Collection Set: 0.3ms
[267.545s][info][gc,phases      ] GC(1370)   Post Evacuate Collection Set: 2.8ms
[267.545s][info][gc,phases      ] GC(1370)   Other: 0.1ms
[267.545s][info][gc,heap        ] GC(1370) Eden regions: 325->0(325)
[267.545s][info][gc,heap        ] GC(1370) Survivor regions: 1->1(41)
[267.545s][info][gc,heap        ] GC(1370) Old regions: 23->23
[267.545s][info][gc,heap        ] GC(1370) Archive regions: 0->0
[267.545s][info][gc,heap        ] GC(1370) Humongous regions: 0->0
[267.545s][info][gc,metaspace   ] GC(1370) Metaspace: 14282K(15168K)->14282K(15168K) NonClass: 12332K(12928K)->12332K(12928K) Class: 1950K(2240K)->1950K(2240K)
[267.545s][info][gc             ] GC(1370) Pause Young (Normal) (G1 Evacuation Pause) 334M->9M(544M) 3.841ms
[267.545s][info][gc,cpu         ] GC(1370) User=0.00s Sys=0.00s Real=0.00s
[267.740s][info][gc,start       ] GC(1371) Pause Young (Normal) (G1 Evacuation Pause)
[267.740s][info][gc,task        ] GC(1371) Using 33 workers of 33 for evacuation
[267.744s][info][gc,phases      ] GC(1371)   Pre Evacuate Collection Set: 0.2ms
[267.744s][info][gc,phases      ] GC(1371)   Merge Heap Roots: 0.2ms
[267.744s][info][gc,phases      ] GC(1371)   Evacuate Collection Set: 0.4ms
[267.744s][info][gc,phases      ] GC(1371)   Post Evacuate Collection Set: 2.9ms
[267.744s][info][gc,phases      ] GC(1371)   Other: 0.1ms
[267.744s][info][gc,heap        ] GC(1371) Eden regions: 325->0(325)
[267.744s][info][gc,heap        ] GC(1371) Survivor regions: 1->1(41)
[267.744s][info][gc,heap        ] GC(1371) Old regions: 23->23
[267.744s][info][gc,heap        ] GC(1371) Archive regions: 0->0
[267.744s][info][gc,heap        ] GC(1371) Humongous regions: 0->0
[267.744s][info][gc,metaspace   ] GC(1371) Metaspace: 14282K(15168K)->14282K(15168K) NonClass: 12332K(12928K)->12332K(12928K) Class: 1950K(2240K)->1950K(2240K)
[267.744s][info][gc             ] GC(1371) Pause Young (Normal) (G1 Evacuation Pause) 334M->9M(544M) 3.961ms
[267.744s][info][gc,cpu         ] GC(1371) User=0.00s Sys=0.00s Real=0.00s
[268.046s][info][gc,start       ] GC(1372) Pause Young (Normal) (G1 Evacuation Pause)
[268.046s][info][gc,task        ] GC(1372) Using 33 workers of 33 for evacuation
[268.051s][info][gc,phases      ] GC(1372)   Pre Evacuate Collection Set: 0.2ms
[268.051s][info][gc,phases      ] GC(1372)   Merge Heap Roots: 0.2ms
[268.051s][info][gc,phases      ] GC(1372)   Evacuate Collection Set: 0.5ms
[268.051s][info][gc,phases      ] GC(1372)   Post Evacuate Collection Set: 3.8ms
[268.051s][info][gc,phases      ] GC(1372)   Other: 0.2ms
[268.051s][info][gc,heap        ] GC(1372) Eden regions: 325->0(325)
[268.052s][info][gc,heap        ] GC(1372) Survivor regions: 1->1(41)
[268.052s][info][gc,heap        ] GC(1372) Old regions: 23->23
[268.052s][info][gc,heap        ] GC(1372) Archive regions: 0->0
[268.052s][info][gc,heap        ] GC(1372) Humongous regions: 0->0
[268.052s][info][gc,metaspace   ] GC(1372) Metaspace: 14282K(15168K)->14282K(15168K) NonClass: 12332K(12928K)->12332K(12928K) Class: 1950K(2240K)->1950K(2240K)
[268.052s][info][gc             ] GC(1372) Pause Young (Normal) (G1 Evacuation Pause) 334M->9M(544M) 5.548ms
[268.052s][info][gc,cpu         ] GC(1372) User=0.52s Sys=0.00s Real=0.01s
[268.252s][info][gc,start       ] GC(1373) Pause Young (Normal) (G1 Evacuation Pause)
[268.252s][info][gc,task        ] GC(1373) Using 33 workers of 33 for evacuation
[268.255s][info][gc,phases      ] GC(1373)   Pre Evacuate Collection Set: 0.1ms
[268.276s][info][gc,phases      ] GC(1373)   Merge Heap Roots: 0.2ms
[268.276s][info][gc,phases      ] GC(1373)   Evacuate Collection Set: 0.3ms
[268.276s][info][gc,phases      ] GC(1373)   Post Evacuate Collection Set: 2.8ms
[268.276s][info][gc,phases      ] GC(1373)   Other: 0.1ms
[268.276s][info][gc,heap        ] GC(1373) Eden regions: 325->0(325)
[268.276s][info][gc,heap        ] GC(1373) Survivor regions: 1->1(41)
[268.276s][info][gc,heap        ] GC(1373) Old regions: 23->23
[268.276s][info][gc,heap        ] GC(1373) Archive regions: 0->0
[268.276s][info][gc,heap        ] GC(1373) Humongous regions: 0->0
[268.276s][info][gc,metaspace   ] GC(1373) Metaspace: 14282K(15168K)->14282K(15168K) NonClass: 12332K(12928K)->12332K(12928K) Class: 1950K(2240K)->1950K(2240K)
[268.277s][info][gc             ] GC(1373) Pause Young (Normal) (G1 Evacuation Pause) 334M->9M(544M) 24.608ms
[268.277s][info][gc,cpu         ] GC(1373) User=0.00s Sys=0.00s Real=0.02s
[268.475s][info][gc,start       ] GC(1374) Pause Young (Normal) (G1 Evacuation Pause)
[268.475s][info][gc,task        ] GC(1374) Using 33 workers of 33 for evacuation
[268.479s][info][gc,phases      ] GC(1374)   Pre Evacuate Collection Set: 0.2ms
[268.479s][info][gc,phases      ] GC(1374)   Merge Heap Roots: 0.2ms
[268.479s][info][gc,phases      ] GC(1374)   Evacuate Collection Set: 0.3ms
[268.479s][info][gc,phases      ] GC(1374)   Post Evacuate Collection Set: 2.6ms
[268.479s][info][gc,phases      ] GC(1374)   Other: 0.1ms
[268.479s][info][gc,heap        ] GC(1374) Eden regions: 325->0(325)
[268.479s][info][gc,heap        ] GC(1374) Survivor regions: 1->1(41)
[268.479s][info][gc,heap        ] GC(1374) Old regions: 23->23
[268.479s][info][gc,heap        ] GC(1374) Archive regions: 0->0
[268.479s][info][gc,heap        ] GC(1374) Humongous regions: 0->0
[268.479s][info][gc,metaspace   ] GC(1374) Metaspace: 14282K(15168K)->14282K(15168K) NonClass: 12332K(12928K)->12332K(12928K) Class: 1950K(2240K)->1950K(2240K)
[268.479s][info][gc             ] GC(1374) Pause Young (Normal) (G1 Evacuation Pause) 334M->9M(544M) 3.625ms
[268.479s][info][gc,cpu         ] GC(1374) User=0.00s Sys=0.00s Real=0.00s
[268.676s][info][gc,start       ] GC(1375) Pause Young (Normal) (G1 Evacuation Pause)
[268.676s][info][gc,task        ] GC(1375) Using 33 workers of 33 for evacuation
[268.680s][info][gc,phases      ] GC(1375)   Pre Evacuate Collection Set: 0.2ms
[268.680s][info][gc,phases      ] GC(1375)   Merge Heap Roots: 0.2ms
[268.680s][info][gc,phases      ] GC(1375)   Evacuate Collection Set: 0.4ms
[268.680s][info][gc,phases      ] GC(1375)   Post Evacuate Collection Set: 2.6ms
[268.680s][info][gc,phases      ] GC(1375)   Other: 0.1ms
[268.680s][info][gc,heap        ] GC(1375) Eden regions: 325->0(325)
[268.680s][info][gc,heap        ] GC(1375) Survivor regions: 1->1(41)
[268.680s][info][gc,heap        ] GC(1375) Old regions: 23->23
[268.680s][info][gc,heap        ] GC(1375) Archive regions: 0->0
[268.680s][info][gc,heap        ] GC(1375) Humongous regions: 0->0
[268.680s][info][gc,metaspace   ] GC(1375) Metaspace: 14282K(15168K)->14282K(15168K) NonClass: 12332K(12928K)->12332K(12928K) Class: 1950K(2240K)->1950K(2240K)
[268.680s][info][gc             ] GC(1375) Pause Young (Normal) (G1 Evacuation Pause) 334M->9M(544M) 3.637ms
[268.680s][info][gc,cpu         ] GC(1375) User=0.00s Sys=0.00s Real=0.00s
[268.878s][info][gc,start       ] GC(1376) Pause Young (Normal) (G1 Evacuation Pause)
[268.878s][info][gc,task        ] GC(1376) Using 33 workers of 33 for evacuation
[268.881s][info][gc,phases      ] GC(1376)   Pre Evacuate Collection Set: 0.1ms
[268.882s][info][gc,phases      ] GC(1376)   Merge Heap Roots: 0.2ms
[268.882s][info][gc,phases      ] GC(1376)   Evacuate Collection Set: 0.3ms
[268.882s][info][gc,phases      ] GC(1376)   Post Evacuate Collection Set: 2.4ms
[268.882s][info][gc,phases      ] GC(1376)   Other: 0.1ms
[268.882s][info][gc,heap        ] GC(1376) Eden regions: 325->0(325)
[268.882s][info][gc,heap        ] GC(1376) Survivor regions: 1->1(41)
[268.882s][info][gc,heap        ] GC(1376) Old regions: 23->23
[268.882s][info][gc,heap        ] GC(1376) Archive regions: 0->0
[268.882s][info][gc,heap        ] GC(1376) Humongous regions: 0->0
[268.882s][info][gc,metaspace   ] GC(1376) Metaspace: 14282K(15168K)->14282K(15168K) NonClass: 12332K(12928K)->12332K(12928K) Class: 1950K(2240K)->1950K(2240K)
[268.882s][info][gc             ] GC(1376) Pause Young (Normal) (G1 Evacuation Pause) 334M->9M(544M) 3.378ms
[268.882s][info][gc,cpu         ] GC(1376) User=0.00s Sys=0.00s Real=0.00s
[269.082s][info][gc,start       ] GC(1377) Pause Young (Normal) (G1 Evacuation Pause)
[269.082s][info][gc,task        ] GC(1377) Using 33 workers of 33 for evacuation
[269.085s][info][gc,phases      ] GC(1377)   Pre Evacuate Collection Set: 0.1ms
[269.085s][info][gc,phases      ] GC(1377)   Merge Heap Roots: 0.2ms
[269.085s][info][gc,phases      ] GC(1377)   Evacuate Collection Set: 0.4ms
[269.085s][info][gc,phases      ] GC(1377)   Post Evacuate Collection Set: 2.5ms
[269.085s][info][gc,phases      ] GC(1377)   Other: 0.1ms
[269.085s][info][gc,heap        ] GC(1377) Eden regions: 325->0(325)
[269.085s][info][gc,heap        ] GC(1377) Survivor regions: 1->1(41)
[269.085s][info][gc,heap        ] GC(1377) Old regions: 23->23
[269.085s][info][gc,heap        ] GC(1377) Archive regions: 0->0
[269.085s][info][gc,heap        ] GC(1377) Humongous regions: 0->0
[269.085s][info][gc,metaspace   ] GC(1377) Metaspace: 14282K(15168K)->14282K(15168K) NonClass: 12332K(12928K)->12332K(12928K) Class: 1950K(2240K)->1950K(2240K)
[269.085s][info][gc             ] GC(1377) Pause Young (Normal) (G1 Evacuation Pause) 334M->9M(544M) 3.484ms
[269.085s][info][gc,cpu         ] GC(1377) User=0.00s Sys=0.00s Real=0.00s
[269.293s][info][gc,start       ] GC(1378) Pause Young (Normal) (G1 Evacuation Pause)
[269.293s][info][gc,task        ] GC(1378) Using 33 workers of 33 for evacuation
[269.297s][info][gc,phases      ] GC(1378)   Pre Evacuate Collection Set: 0.2ms
[269.297s][info][gc,phases      ] GC(1378)   Merge Heap Roots: 0.1ms
[269.297s][info][gc,phases      ] GC(1378)   Evacuate Collection Set: 0.4ms
[269.297s][info][gc,phases      ] GC(1378)   Post Evacuate Collection Set: 2.5ms
[269.297s][info][gc,phases      ] GC(1378)   Other: 0.1ms
[269.297s][info][gc,heap        ] GC(1378) Eden regions: 325->0(325)
[269.297s][info][gc,heap        ] GC(1378) Survivor regions: 1->1(41)
[269.297s][info][gc,heap        ] GC(1378) Old regions: 23->23
[269.297s][info][gc,heap        ] GC(1378) Archive regions: 0->0
[269.297s][info][gc,heap        ] GC(1378) Humongous regions: 0->0
[269.297s][info][gc,metaspace   ] GC(1378) Metaspace: 14282K(15168K)->14282K(15168K) NonClass: 12332K(12928K)->12332K(12928K) Class: 1950K(2240K)->1950K(2240K)
[269.297s][info][gc             ] GC(1378) Pause Young (Normal) (G1 Evacuation Pause) 334M->9M(544M) 3.529ms
[269.297s][info][gc,cpu         ] GC(1378) User=0.00s Sys=0.00s Real=0.00s
[269.515s][info][gc,start       ] GC(1379) Pause Young (Normal) (G1 Evacuation Pause)
[269.515s][info][gc,task        ] GC(1379) Using 33 workers of 33 for evacuation
[269.518s][info][gc,phases      ] GC(1379)   Pre Evacuate Collection Set: 0.1ms
[269.518s][info][gc,phases      ] GC(1379)   Merge Heap Roots: 0.2ms
[269.518s][info][gc,phases      ] GC(1379)   Evacuate Collection Set: 0.3ms
[269.518s][info][gc,phases      ] GC(1379)   Post Evacuate Collection Set: 2.5ms
[269.518s][info][gc,phases      ] GC(1379)   Other: 0.1ms
[269.518s][info][gc,heap        ] GC(1379) Eden regions: 325->0(325)
[269.518s][info][gc,heap        ] GC(1379) Survivor regions: 1->1(41)
[269.518s][info][gc,heap        ] GC(1379) Old regions: 23->23
[269.518s][info][gc,heap        ] GC(1379) Archive regions: 0->0
[269.518s][info][gc,heap        ] GC(1379) Humongous regions: 0->0
[269.518s][info][gc,metaspace   ] GC(1379) Metaspace: 14282K(15168K)->14282K(15168K) NonClass: 12332K(12928K)->12332K(12928K) Class: 1950K(2240K)->1950K(2240K)
[269.518s][info][gc             ] GC(1379) Pause Young (Normal) (G1 Evacuation Pause) 334M->9M(544M) 3.519ms
[269.519s][info][gc,cpu         ] GC(1379) User=0.52s Sys=0.00s Real=0.00s
[269.750s][info][gc,start       ] GC(1380) Pause Young (Normal) (G1 Evacuation Pause)
[269.750s][info][gc,task        ] GC(1380) Using 33 workers of 33 for evacuation
[269.753s][info][gc,phases      ] GC(1380)   Pre Evacuate Collection Set: 0.2ms
[269.753s][info][gc,phases      ] GC(1380)   Merge Heap Roots: 0.2ms
[269.753s][info][gc,phases      ] GC(1380)   Evacuate Collection Set: 0.3ms
[269.753s][info][gc,phases      ] GC(1380)   Post Evacuate Collection Set: 2.6ms
[269.753s][info][gc,phases      ] GC(1380)   Other: 0.1ms
[269.753s][info][gc,heap        ] GC(1380) Eden regions: 325->0(325)
[269.753s][info][gc,heap        ] GC(1380) Survivor regions: 1->1(41)
[269.753s][info][gc,heap        ] GC(1380) Old regions: 23->23
[269.753s][info][gc,heap        ] GC(1380) Archive regions: 0->0
[269.753s][info][gc,heap        ] GC(1380) Humongous regions: 0->0
[269.753s][info][gc,metaspace   ] GC(1380) Metaspace: 14282K(15168K)->14282K(15168K) NonClass: 12332K(12928K)->12332K(12928K) Class: 1950K(2240K)->1950K(2240K)
[269.753s][info][gc             ] GC(1380) Pause Young (Normal) (G1 Evacuation Pause) 334M->9M(544M) 3.589ms
[269.753s][info][gc,cpu         ] GC(1380) User=0.52s Sys=0.00s Real=0.00s
[269.993s][info][gc,start       ] GC(1381) Pause Young (Normal) (G1 Evacuation Pause)
[269.994s][info][gc,task        ] GC(1381) Using 33 workers of 33 for evacuation
[269.997s][info][gc,phases      ] GC(1381)   Pre Evacuate Collection Set: 0.2ms
[269.997s][info][gc,phases      ] GC(1381)   Merge Heap Roots: 0.2ms
[269.997s][info][gc,phases      ] GC(1381)   Evacuate Collection Set: 0.3ms
[269.997s][info][gc,phases      ] GC(1381)   Post Evacuate Collection Set: 2.7ms
[269.997s][info][gc,phases      ] GC(1381)   Other: 0.1ms
[269.997s][info][gc,heap        ] GC(1381) Eden regions: 325->0(325)
[269.997s][info][gc,heap        ] GC(1381) Survivor regions: 1->1(41)
[269.997s][info][gc,heap        ] GC(1381) Old regions: 23->24
[269.997s][info][gc,heap        ] GC(1381) Archive regions: 0->0
[269.997s][info][gc,heap        ] GC(1381) Humongous regions: 0->0
[269.997s][info][gc,metaspace   ] GC(1381) Metaspace: 14282K(15168K)->14282K(15168K) NonClass: 12332K(12928K)->12332K(12928K) Class: 1950K(2240K)->1950K(2240K)
[269.997s][info][gc             ] GC(1381) Pause Young (Normal) (G1 Evacuation Pause) 334M->9M(544M) 3.690ms
[269.997s][info][gc,cpu         ] GC(1381) User=0.00s Sys=0.00s Real=0.00s
[270.195s][info][gc,start       ] GC(1382) Pause Young (Normal) (G1 Evacuation Pause)
[270.195s][info][gc,task        ] GC(1382) Using 33 workers of 33 for evacuation
[270.198s][info][gc,phases      ] GC(1382)   Pre Evacuate Collection Set: 0.1ms
[270.198s][info][gc,phases      ] GC(1382)   Merge Heap Roots: 0.2ms
[270.198s][info][gc,phases      ] GC(1382)   Evacuate Collection Set: 0.4ms
[270.198s][info][gc,phases      ] GC(1382)   Post Evacuate Collection Set: 2.8ms
[270.198s][info][gc,phases      ] GC(1382)   Other: 0.1ms
[270.198s][info][gc,heap        ] GC(1382) Eden regions: 325->0(325)
[270.198s][info][gc,heap        ] GC(1382) Survivor regions: 1->1(41)
[270.199s][info][gc,heap        ] GC(1382) Old regions: 24->24
[270.199s][info][gc,heap        ] GC(1382) Archive regions: 0->0
[270.199s][info][gc,heap        ] GC(1382) Humongous regions: 0->0
[270.199s][info][gc,metaspace   ] GC(1382) Metaspace: 14282K(15168K)->14282K(15168K) NonClass: 12332K(12928K)->12332K(12928K) Class: 1950K(2240K)->1950K(2240K)
[270.199s][info][gc             ] GC(1382) Pause Young (Normal) (G1 Evacuation Pause) 334M->9M(544M) 3.803ms
[270.199s][info][gc,cpu         ] GC(1382) User=0.00s Sys=0.00s Real=0.00s
[270.364s][info][gc,start       ] GC(1383) Pause Young (Normal) (G1 Evacuation Pause)
[270.364s][info][gc,task        ] GC(1383) Using 28 workers of 33 for evacuation
[270.368s][info][gc,phases      ] GC(1383)   Pre Evacuate Collection Set: 0.1ms
[270.368s][info][gc,phases      ] GC(1383)   Merge Heap Roots: 0.1ms
[270.368s][info][gc,phases      ] GC(1383)   Evacuate Collection Set: 0.3ms
[270.368s][info][gc,phases      ] GC(1383)   Post Evacuate Collection Set: 2.7ms
[270.368s][info][gc,phases      ] GC(1383)   Other: 0.1ms
[270.368s][info][gc,heap        ] GC(1383) Eden regions: 325->0(325)
[270.368s][info][gc,heap        ] GC(1383) Survivor regions: 1->1(41)
[270.368s][info][gc,heap        ] GC(1383) Old regions: 24->24
[270.368s][info][gc,heap        ] GC(1383) Archive regions: 0->0
[270.368s][info][gc,heap        ] GC(1383) Humongous regions: 0->0
[270.368s][info][gc,metaspace   ] GC(1383) Metaspace: 14282K(15168K)->14282K(15168K) NonClass: 12332K(12928K)->12332K(12928K) Class: 1950K(2240K)->1950K(2240K)
[270.368s][info][gc             ] GC(1383) Pause Young (Normal) (G1 Evacuation Pause) 334M->9M(544M) 3.551ms
[270.368s][info][gc,cpu         ] GC(1383) User=0.00s Sys=0.00s Real=0.00s
[270.563s][info][gc,start       ] GC(1384) Pause Full (System.gc())
[270.563s][info][gc,task        ] GC(1384) Using 20 workers of 33 for full compaction
[270.564s][info][gc,phases,start] GC(1384) Phase 1: Mark live objects
[270.572s][info][gc,phases      ] GC(1384) Phase 1: Mark live objects 8.057ms
[270.572s][info][gc,phases,start] GC(1384) Phase 2: Prepare compaction
[270.573s][info][gc,phases      ] GC(1384) Phase 2: Prepare compaction 0.921ms
[270.573s][info][gc,phases,start] GC(1384) Phase 3: Adjust pointers
[270.579s][info][gc,phases      ] GC(1384) Phase 3: Adjust pointers 6.011ms
[270.579s][info][gc,phases,start] GC(1384) Phase 4: Compact heap
[270.579s][info][gc,phases      ] GC(1384) Phase 4: Compact heap 0.675ms
[270.586s][info][gc,heap        ] GC(1384) Eden regions: 135->0(38)
[270.586s][info][gc,heap        ] GC(1384) Survivor regions: 1->0(41)
[270.586s][info][gc,heap        ] GC(1384) Old regions: 24->19
[270.586s][info][gc,heap        ] GC(1384) Archive regions: 0->0
[270.586s][info][gc,heap        ] GC(1384) Humongous regions: 0->0
[270.586s][info][gc,metaspace   ] GC(1384) Metaspace: 14282K(15168K)->14282K(15168K) NonClass: 12332K(12928K)->12332K(12928K) Class: 1950K(2240K)->1950K(2240K)
[270.586s][info][gc             ] GC(1384) Pause Full (System.gc()) 143M->5M(64M) 23.556ms
[270.586s][info][gc,cpu         ] GC(1384) User=0.02s Sys=0.00s Real=0.02s
[270.615s][info][gc,start       ] GC(1385) Pause Young (Normal) (G1 Evacuation Pause)
[270.615s][info][gc,task        ] GC(1385) Using 33 workers of 33 for evacuation
[270.618s][info][gc,phases      ] GC(1385)   Pre Evacuate Collection Set: 0.1ms
[270.618s][info][gc,phases      ] GC(1385)   Merge Heap Roots: 0.1ms
[270.618s][info][gc,phases      ] GC(1385)   Evacuate Collection Set: 0.4ms
[270.618s][info][gc,phases      ] GC(1385)   Post Evacuate Collection Set: 2.5ms
[270.618s][info][gc,phases      ] GC(1385)   Other: 0.1ms
[270.618s][info][gc,heap        ] GC(1385) Eden regions: 38->0(36)
[270.618s][info][gc,heap        ] GC(1385) Survivor regions: 0->2(5)
[270.618s][info][gc,heap        ] GC(1385) Old regions: 19->19
[270.618s][info][gc,heap        ] GC(1385) Archive regions: 0->0
[270.618s][info][gc,heap        ] GC(1385) Humongous regions: 0->0
[270.618s][info][gc,metaspace   ] GC(1385) Metaspace: 14282K(15168K)->14282K(15168K) NonClass: 12332K(12928K)->12332K(12928K) Class: 1950K(2240K)->1950K(2240K)
[270.619s][info][gc             ] GC(1385) Pause Young (Normal) (G1 Evacuation Pause) 43M->6M(64M) 3.437ms
[270.619s][info][gc,cpu         ] GC(1385) User=0.00s Sys=0.00s Real=0.00s
[270.638s][info][gc,start       ] GC(1386) Pause Young (Normal) (G1 Evacuation Pause)
[270.638s][info][gc,task        ] GC(1386) Using 33 workers of 33 for evacuation
[270.641s][info][gc,phases      ] GC(1386)   Pre Evacuate Collection Set: 0.1ms
[270.641s][info][gc,phases      ] GC(1386)   Merge Heap Roots: 0.1ms
[270.641s][info][gc,phases      ] GC(1386)   Evacuate Collection Set: 0.4ms
[270.641s][info][gc,phases      ] GC(1386)   Post Evacuate Collection Set: 2.3ms
[270.641s][info][gc,phases      ] GC(1386)   Other: 0.1ms
[270.641s][info][gc,heap        ] GC(1386) Eden regions: 36->0(36)
[270.641s][info][gc,heap        ] GC(1386) Survivor regions: 2->2(5)
[270.641s][info][gc,heap        ] GC(1386) Old regions: 19->19
[270.641s][info][gc,heap        ] GC(1386) Archive regions: 0->0
[270.641s][info][gc,heap        ] GC(1386) Humongous regions: 0->0
[270.641s][info][gc,metaspace   ] GC(1386) Metaspace: 14282K(15168K)->14282K(15168K) NonClass: 12332K(12928K)->12332K(12928K) Class: 1950K(2240K)->1950K(2240K)
[270.641s][info][gc             ] GC(1386) Pause Young (Normal) (G1 Evacuation Pause) 42M->6M(64M) 3.119ms
[270.641s][info][gc,cpu         ] GC(1386) User=0.52s Sys=0.00s Real=0.00s
[270.659s][info][gc,start       ] GC(1387) Pause Young (Normal) (G1 Evacuation Pause)
[270.659s][info][gc,task        ] GC(1387) Using 33 workers of 33 for evacuation
[270.662s][info][gc,phases      ] GC(1387)   Pre Evacuate Collection Set: 0.1ms
[270.662s][info][gc,phases      ] GC(1387)   Merge Heap Roots: 0.1ms
[270.662s][info][gc,phases      ] GC(1387)   Evacuate Collection Set: 0.4ms
[270.662s][info][gc,phases      ] GC(1387)   Post Evacuate Collection Set: 2.2ms
[270.662s][info][gc,phases      ] GC(1387)   Other: 0.1ms
[270.662s][info][gc,heap        ] GC(1387) Eden regions: 36->0(36)
[270.662s][info][gc,heap        ] GC(1387) Survivor regions: 2->2(5)
[270.662s][info][gc,heap        ] GC(1387) Old regions: 19->19
[270.662s][info][gc,heap        ] GC(1387) Archive regions: 0->0
[270.662s][info][gc,heap        ] GC(1387) Humongous regions: 0->0
[270.662s][info][gc,metaspace   ] GC(1387) Metaspace: 14282K(15168K)->14282K(15168K) NonClass: 12332K(12928K)->12332K(12928K) Class: 1950K(2240K)->1950K(2240K)
[270.662s][info][gc             ] GC(1387) Pause Young (Normal) (G1 Evacuation Pause) 42M->6M(64M) 3.104ms
[270.662s][info][gc,cpu         ] GC(1387) User=0.00s Sys=0.00s Real=0.00s
[270.681s][info][gc,start       ] GC(1388) Pause Young (Normal) (G1 Evacuation Pause)
[270.681s][info][gc,task        ] GC(1388) Using 33 workers of 33 for evacuation
[270.685s][info][gc,phases      ] GC(1388)   Pre Evacuate Collection Set: 0.1ms
[270.685s][info][gc,phases      ] GC(1388)   Merge Heap Roots: 0.1ms
[270.685s][info][gc,phases      ] GC(1388)   Evacuate Collection Set: 0.4ms
[270.685s][info][gc,phases      ] GC(1388)   Post Evacuate Collection Set: 3.9ms
[270.685s][info][gc,phases      ] GC(1388)   Other: 0.2ms
[270.685s][info][gc,heap        ] GC(1388) Eden regions: 36->0(324)
[270.685s][info][gc,heap        ] GC(1388) Survivor regions: 2->2(5)
[270.685s][info][gc,heap        ] GC(1388) Old regions: 19->19
[270.685s][info][gc,heap        ] GC(1388) Archive regions: 0->0
[270.685s][info][gc,heap        ] GC(1388) Humongous regions: 0->0
[270.685s][info][gc,metaspace   ] GC(1388) Metaspace: 14282K(15168K)->14282K(15168K) NonClass: 12332K(12928K)->12332K(12928K) Class: 1950K(2240K)->1950K(2240K)
[270.685s][info][gc             ] GC(1388) Pause Young (Normal) (G1 Evacuation Pause) 42M->6M(544M) 4.803ms
[270.685s][info][gc,cpu         ] GC(1388) User=0.00s Sys=0.00s Real=0.00s
[270.851s][info][gc,start       ] GC(1389) Pause Young (Normal) (G1 Evacuation Pause)
[270.851s][info][gc,task        ] GC(1389) Using 33 workers of 33 for evacuation
[270.854s][info][gc,phases      ] GC(1389)   Pre Evacuate Collection Set: 0.1ms
[270.854s][info][gc,phases      ] GC(1389)   Merge Heap Roots: 0.1ms
[270.854s][info][gc,phases      ] GC(1389)   Evacuate Collection Set: 0.5ms
[270.854s][info][gc,phases      ] GC(1389)   Post Evacuate Collection Set: 2.7ms
[270.854s][info][gc,phases      ] GC(1389)   Other: 0.1ms
[270.854s][info][gc,heap        ] GC(1389) Eden regions: 324->0(324)
[270.854s][info][gc,heap        ] GC(1389) Survivor regions: 2->2(41)
[270.854s][info][gc,heap        ] GC(1389) Old regions: 19->19
[270.854s][info][gc,heap        ] GC(1389) Archive regions: 0->0
[270.854s][info][gc,heap        ] GC(1389) Humongous regions: 0->0
[270.854s][info][gc,metaspace   ] GC(1389) Metaspace: 14282K(15168K)->14282K(15168K) NonClass: 12332K(12928K)->12332K(12928K) Class: 1950K(2240K)->1950K(2240K)
[270.854s][info][gc             ] GC(1389) Pause Young (Normal) (G1 Evacuation Pause) 330M->6M(544M) 3.797ms
[270.854s][info][gc,cpu         ] GC(1389) User=0.00s Sys=0.00s Real=0.00s
[271.028s][info][gc,start       ] GC(1390) Pause Young (Normal) (G1 Evacuation Pause)
[271.028s][info][gc,task        ] GC(1390) Using 33 workers of 33 for evacuation
[271.031s][info][gc,phases      ] GC(1390)   Pre Evacuate Collection Set: 0.1ms
[271.031s][info][gc,phases      ] GC(1390)   Merge Heap Roots: 0.1ms
[271.031s][info][gc,phases      ] GC(1390)   Evacuate Collection Set: 0.4ms
[271.031s][info][gc,phases      ] GC(1390)   Post Evacuate Collection Set: 2.7ms
[271.031s][info][gc,phases      ] GC(1390)   Other: 0.1ms
[271.032s][info][gc,heap        ] GC(1390) Eden regions: 324->0(324)
[271.032s][info][gc,heap        ] GC(1390) Survivor regions: 2->2(41)
[271.032s][info][gc,heap        ] GC(1390) Old regions: 19->19
[271.032s][info][gc,heap        ] GC(1390) Archive regions: 0->0
[271.032s][info][gc,heap        ] GC(1390) Humongous regions: 0->0
[271.032s][info][gc,metaspace   ] GC(1390) Metaspace: 14282K(15168K)->14282K(15168K) NonClass: 12332K(12928K)->12332K(12928K) Class: 1950K(2240K)->1950K(2240K)
[271.032s][info][gc             ] GC(1390) Pause Young (Normal) (G1 Evacuation Pause) 330M->6M(544M) 3.787ms
[271.032s][info][gc,cpu         ] GC(1390) User=0.00s Sys=0.02s Real=0.00s
[271.203s][info][gc,start       ] GC(1391) Pause Young (Normal) (G1 Evacuation Pause)
[271.203s][info][gc,task        ] GC(1391) Using 33 workers of 33 for evacuation
[271.207s][info][gc,phases      ] GC(1391)   Pre Evacuate Collection Set: 0.1ms
[271.207s][info][gc,phases      ] GC(1391)   Merge Heap Roots: 0.1ms
[271.207s][info][gc,phases      ] GC(1391)   Evacuate Collection Set: 0.5ms
[271.207s][info][gc,phases      ] GC(1391)   Post Evacuate Collection Set: 2.8ms
[271.207s][info][gc,phases      ] GC(1391)   Other: 0.1ms
[271.207s][info][gc,heap        ] GC(1391) Eden regions: 324->0(324)
[271.207s][info][gc,heap        ] GC(1391) Survivor regions: 2->2(41)
[271.207s][info][gc,heap        ] GC(1391) Old regions: 19->19
[271.207s][info][gc,heap        ] GC(1391) Archive regions: 0->0
[271.207s][info][gc,heap        ] GC(1391) Humongous regions: 0->0
[271.207s][info][gc,metaspace   ] GC(1391) Metaspace: 14282K(15168K)->14282K(15168K) NonClass: 12332K(12928K)->12332K(12928K) Class: 1950K(2240K)->1950K(2240K)
[271.207s][info][gc             ] GC(1391) Pause Young (Normal) (G1 Evacuation Pause) 330M->6M(544M) 3.888ms
[271.207s][info][gc,cpu         ] GC(1391) User=0.20s Sys=0.05s Real=0.00s
[271.376s][info][gc,start       ] GC(1392) Pause Young (Normal) (G1 Evacuation Pause)
[271.377s][info][gc,task        ] GC(1392) Using 33 workers of 33 for evacuation
[271.380s][info][gc,phases      ] GC(1392)   Pre Evacuate Collection Set: 0.1ms
[271.380s][info][gc,phases      ] GC(1392)   Merge Heap Roots: 0.1ms
[271.380s][info][gc,phases      ] GC(1392)   Evacuate Collection Set: 0.5ms
[271.380s][info][gc,phases      ] GC(1392)   Post Evacuate Collection Set: 2.8ms
[271.380s][info][gc,phases      ] GC(1392)   Other: 0.1ms
[271.380s][info][gc,heap        ] GC(1392) Eden regions: 324->0(324)
[271.380s][info][gc,heap        ] GC(1392) Survivor regions: 2->2(41)
[271.380s][info][gc,heap        ] GC(1392) Old regions: 19->19
[271.380s][info][gc,heap        ] GC(1392) Archive regions: 0->0
[271.380s][info][gc,heap        ] GC(1392) Humongous regions: 0->0
[271.380s][info][gc,metaspace   ] GC(1392) Metaspace: 14282K(15168K)->14282K(15168K) NonClass: 12332K(12928K)->12332K(12928K) Class: 1950K(2240K)->1950K(2240K)
[271.380s][info][gc             ] GC(1392) Pause Young (Normal) (G1 Evacuation Pause) 330M->6M(544M) 3.870ms
[271.380s][info][gc,cpu         ] GC(1392) User=0.00s Sys=0.00s Real=0.00s
[271.552s][info][gc,start       ] GC(1393) Pause Young (Normal) (G1 Evacuation Pause)
[271.552s][info][gc,task        ] GC(1393) Using 33 workers of 33 for evacuation
[271.556s][info][gc,phases      ] GC(1393)   Pre Evacuate Collection Set: 0.1ms
[271.556s][info][gc,phases      ] GC(1393)   Merge Heap Roots: 0.1ms
[271.556s][info][gc,phases      ] GC(1393)   Evacuate Collection Set: 0.5ms
[271.556s][info][gc,phases      ] GC(1393)   Post Evacuate Collection Set: 2.9ms
[271.556s][info][gc,phases      ] GC(1393)   Other: 0.1ms
[271.556s][info][gc,heap        ] GC(1393) Eden regions: 324->0(324)
[271.556s][info][gc,heap        ] GC(1393) Survivor regions: 2->2(41)
[271.556s][info][gc,heap        ] GC(1393) Old regions: 19->19
[271.556s][info][gc,heap        ] GC(1393) Archive regions: 0->0
[271.556s][info][gc,heap        ] GC(1393) Humongous regions: 0->0
[271.556s][info][gc,metaspace   ] GC(1393) Metaspace: 14282K(15168K)->14282K(15168K) NonClass: 12332K(12928K)->12332K(12928K) Class: 1950K(2240K)->1950K(2240K)
[271.556s][info][gc             ] GC(1393) Pause Young (Normal) (G1 Evacuation Pause) 330M->6M(544M) 3.953ms
[271.556s][info][gc,cpu         ] GC(1393) User=0.00s Sys=0.00s Real=0.00s
[271.727s][info][gc,start       ] GC(1394) Pause Young (Normal) (G1 Evacuation Pause)
[271.728s][info][gc,task        ] GC(1394) Using 33 workers of 33 for evacuation
[271.731s][info][gc,phases      ] GC(1394)   Pre Evacuate Collection Set: 0.1ms
[271.731s][info][gc,phases      ] GC(1394)   Merge Heap Roots: 0.1ms
[271.731s][info][gc,phases      ] GC(1394)   Evacuate Collection Set: 0.5ms
[271.731s][info][gc,phases      ] GC(1394)   Post Evacuate Collection Set: 2.9ms
[271.731s][info][gc,phases      ] GC(1394)   Other: 0.1ms
[271.731s][info][gc,heap        ] GC(1394) Eden regions: 324->0(324)
[271.731s][info][gc,heap        ] GC(1394) Survivor regions: 2->2(41)
[271.731s][info][gc,heap        ] GC(1394) Old regions: 19->19
[271.731s][info][gc,heap        ] GC(1394) Archive regions: 0->0
[271.731s][info][gc,heap        ] GC(1394) Humongous regions: 0->0
[271.731s][info][gc,metaspace   ] GC(1394) Metaspace: 14282K(15168K)->14282K(15168K) NonClass: 12332K(12928K)->12332K(12928K) Class: 1950K(2240K)->1950K(2240K)
[271.731s][info][gc             ] GC(1394) Pause Young (Normal) (G1 Evacuation Pause) 330M->6M(544M) 3.947ms
[271.731s][info][gc,cpu         ] GC(1394) User=0.00s Sys=0.00s Real=0.00s
[272.012s][info][gc,start       ] GC(1395) Pause Young (Normal) (G1 Evacuation Pause)
[272.012s][info][gc,task        ] GC(1395) Using 33 workers of 33 for evacuation
[272.017s][info][gc,phases      ] GC(1395)   Pre Evacuate Collection Set: 0.2ms
[272.017s][info][gc,phases      ] GC(1395)   Merge Heap Roots: 0.2ms
[272.017s][info][gc,phases      ] GC(1395)   Evacuate Collection Set: 0.9ms
[272.017s][info][gc,phases      ] GC(1395)   Post Evacuate Collection Set: 3.8ms
[272.017s][info][gc,phases      ] GC(1395)   Other: 0.3ms
[272.017s][info][gc,heap        ] GC(1395) Eden regions: 324->0(324)
[272.017s][info][gc,heap        ] GC(1395) Survivor regions: 2->2(41)
[272.017s][info][gc,heap        ] GC(1395) Old regions: 19->19
[272.017s][info][gc,heap        ] GC(1395) Archive regions: 0->0
[272.017s][info][gc,heap        ] GC(1395) Humongous regions: 0->0
[272.018s][info][gc,metaspace   ] GC(1395) Metaspace: 14282K(15168K)->14282K(15168K) NonClass: 12332K(12928K)->12332K(12928K) Class: 1950K(2240K)->1950K(2240K)
[272.018s][info][gc             ] GC(1395) Pause Young (Normal) (G1 Evacuation Pause) 330M->6M(544M) 5.950ms
[272.018s][info][gc,cpu         ] GC(1395) User=0.00s Sys=0.00s Real=0.00s
[272.196s][info][gc,start       ] GC(1396) Pause Young (Normal) (G1 Evacuation Pause)
[272.196s][info][gc,task        ] GC(1396) Using 33 workers of 33 for evacuation
[272.199s][info][gc,phases      ] GC(1396)   Pre Evacuate Collection Set: 0.1ms
[272.199s][info][gc,phases      ] GC(1396)   Merge Heap Roots: 0.1ms
[272.199s][info][gc,phases      ] GC(1396)   Evacuate Collection Set: 0.5ms
[272.199s][info][gc,phases      ] GC(1396)   Post Evacuate Collection Set: 2.7ms
[272.199s][info][gc,phases      ] GC(1396)   Other: 0.1ms
[272.199s][info][gc,heap        ] GC(1396) Eden regions: 324->0(324)
[272.199s][info][gc,heap        ] GC(1396) Survivor regions: 2->2(41)
[272.199s][info][gc,heap        ] GC(1396) Old regions: 19->19
[272.199s][info][gc,heap        ] GC(1396) Archive regions: 0->0
[272.199s][info][gc,heap        ] GC(1396) Humongous regions: 0->0
[272.199s][info][gc,metaspace   ] GC(1396) Metaspace: 14282K(15168K)->14282K(15168K) NonClass: 12332K(12928K)->12332K(12928K) Class: 1950K(2240K)->1950K(2240K)
[272.199s][info][gc             ] GC(1396) Pause Young (Normal) (G1 Evacuation Pause) 330M->6M(544M) 3.824ms
[272.199s][info][gc,cpu         ] GC(1396) User=0.00s Sys=0.00s Real=0.00s
[272.374s][info][gc,start       ] GC(1397) Pause Young (Normal) (G1 Evacuation Pause)
[272.374s][info][gc,task        ] GC(1397) Using 33 workers of 33 for evacuation
[272.378s][info][gc,phases      ] GC(1397)   Pre Evacuate Collection Set: 0.1ms
[272.378s][info][gc,phases      ] GC(1397)   Merge Heap Roots: 0.1ms
[272.378s][info][gc,phases      ] GC(1397)   Evacuate Collection Set: 0.5ms
[272.378s][info][gc,phases      ] GC(1397)   Post Evacuate Collection Set: 2.6ms
[272.378s][info][gc,phases      ] GC(1397)   Other: 0.1ms
[272.378s][info][gc,heap        ] GC(1397) Eden regions: 324->0(324)
[272.378s][info][gc,heap        ] GC(1397) Survivor regions: 2->2(41)
[272.378s][info][gc,heap        ] GC(1397) Old regions: 19->19
[272.378s][info][gc,heap        ] GC(1397) Archive regions: 0->0
[272.378s][info][gc,heap        ] GC(1397) Humongous regions: 0->0
[272.378s][info][gc,metaspace   ] GC(1397) Metaspace: 14282K(15168K)->14282K(15168K) NonClass: 12332K(12928K)->12332K(12928K) Class: 1950K(2240K)->1950K(2240K)
[272.378s][info][gc             ] GC(1397) Pause Young (Normal) (G1 Evacuation Pause) 330M->6M(544M) 3.727ms
[272.378s][info][gc,cpu         ] GC(1397) User=0.52s Sys=0.00s Real=0.00s
[272.550s][info][gc,start       ] GC(1398) Pause Young (Normal) (G1 Evacuation Pause)
[272.550s][info][gc,task        ] GC(1398) Using 33 workers of 33 for evacuation
[272.553s][info][gc,phases      ] GC(1398)   Pre Evacuate Collection Set: 0.1ms
[272.553s][info][gc,phases      ] GC(1398)   Merge Heap Roots: 0.1ms
[272.553s][info][gc,phases      ] GC(1398)   Evacuate Collection Set: 0.5ms
[272.553s][info][gc,phases      ] GC(1398)   Post Evacuate Collection Set: 2.4ms
[272.553s][info][gc,phases      ] GC(1398)   Other: 0.1ms
[272.553s][info][gc,heap        ] GC(1398) Eden regions: 324->0(324)
[272.553s][info][gc,heap        ] GC(1398) Survivor regions: 2->2(41)
[272.553s][info][gc,heap        ] GC(1398) Old regions: 19->19
[272.553s][info][gc,heap        ] GC(1398) Archive regions: 0->0
[272.553s][info][gc,heap        ] GC(1398) Humongous regions: 0->0
[272.553s][info][gc,metaspace   ] GC(1398) Metaspace: 14282K(15168K)->14282K(15168K) NonClass: 12332K(12928K)->12332K(12928K) Class: 1950K(2240K)->1950K(2240K)
[272.553s][info][gc             ] GC(1398) Pause Young (Normal) (G1 Evacuation Pause) 330M->6M(544M) 3.502ms
[272.553s][info][gc,cpu         ] GC(1398) User=0.00s Sys=0.00s Real=0.00s
[272.726s][info][gc,start       ] GC(1399) Pause Young (Normal) (G1 Evacuation Pause)
[272.726s][info][gc,task        ] GC(1399) Using 33 workers of 33 for evacuation
[272.730s][info][gc,phases      ] GC(1399)   Pre Evacuate Collection Set: 0.1ms
[272.730s][info][gc,phases      ] GC(1399)   Merge Heap Roots: 0.1ms
[272.730s][info][gc,phases      ] GC(1399)   Evacuate Collection Set: 0.5ms
[272.730s][info][gc,phases      ] GC(1399)   Post Evacuate Collection Set: 2.4ms
[272.730s][info][gc,phases      ] GC(1399)   Other: 0.1ms
[272.730s][info][gc,heap        ] GC(1399) Eden regions: 324->0(324)
[272.730s][info][gc,heap        ] GC(1399) Survivor regions: 2->2(41)
[272.730s][info][gc,heap        ] GC(1399) Old regions: 19->19
[272.730s][info][gc,heap        ] GC(1399) Archive regions: 0->0
[272.730s][info][gc,heap        ] GC(1399) Humongous regions: 0->0
[272.730s][info][gc,metaspace   ] GC(1399) Metaspace: 14282K(15168K)->14282K(15168K) NonClass: 12332K(12928K)->12332K(12928K) Class: 1950K(2240K)->1950K(2240K)
[272.730s][info][gc             ] GC(1399) Pause Young (Normal) (G1 Evacuation Pause) 330M->7M(544M) 3.596ms
[272.730s][info][gc,cpu         ] GC(1399) User=0.00s Sys=0.00s Real=0.00s
[272.900s][info][gc,start       ] GC(1400) Pause Young (Normal) (G1 Evacuation Pause)
[272.900s][info][gc,task        ] GC(1400) Using 33 workers of 33 for evacuation
[272.904s][info][gc,phases      ] GC(1400)   Pre Evacuate Collection Set: 0.1ms
[272.904s][info][gc,phases      ] GC(1400)   Merge Heap Roots: 0.1ms
[272.904s][info][gc,phases      ] GC(1400)   Evacuate Collection Set: 0.5ms
[272.904s][info][gc,phases      ] GC(1400)   Post Evacuate Collection Set: 2.5ms
[272.904s][info][gc,phases      ] GC(1400)   Other: 0.1ms
[272.904s][info][gc,heap        ] GC(1400) Eden regions: 324->0(325)
[272.904s][info][gc,heap        ] GC(1400) Survivor regions: 2->1(41)
[272.904s][info][gc,heap        ] GC(1400) Old regions: 19->21
[272.904s][info][gc,heap        ] GC(1400) Archive regions: 0->0
[272.904s][info][gc,heap        ] GC(1400) Humongous regions: 0->0
[272.904s][info][gc,metaspace   ] GC(1400) Metaspace: 14282K(15168K)->14282K(15168K) NonClass: 12332K(12928K)->12332K(12928K) Class: 1950K(2240K)->1950K(2240K)
[272.904s][info][gc             ] GC(1400) Pause Young (Normal) (G1 Evacuation Pause) 331M->7M(544M) 3.553ms
[272.904s][info][gc,cpu         ] GC(1400) User=0.00s Sys=0.00s Real=0.00s
[273.097s][info][gc,start       ] GC(1401) Pause Young (Normal) (G1 Evacuation Pause)
[273.097s][info][gc,task        ] GC(1401) Using 33 workers of 33 for evacuation
[273.100s][info][gc,phases      ] GC(1401)   Pre Evacuate Collection Set: 0.1ms
[273.100s][info][gc,phases      ] GC(1401)   Merge Heap Roots: 0.2ms
[273.100s][info][gc,phases      ] GC(1401)   Evacuate Collection Set: 0.3ms
[273.100s][info][gc,phases      ] GC(1401)   Post Evacuate Collection Set: 2.5ms
[273.100s][info][gc,phases      ] GC(1401)   Other: 0.1ms
[273.100s][info][gc,heap        ] GC(1401) Eden regions: 325->0(325)
[273.100s][info][gc,heap        ] GC(1401) Survivor regions: 1->1(41)
[273.100s][info][gc,heap        ] GC(1401) Old regions: 21->21
[273.100s][info][gc,heap        ] GC(1401) Archive regions: 0->0
[273.100s][info][gc,heap        ] GC(1401) Humongous regions: 0->0
[273.100s][info][gc,metaspace   ] GC(1401) Metaspace: 14282K(15168K)->14282K(15168K) NonClass: 12332K(12928K)->12332K(12928K) Class: 1950K(2240K)->1950K(2240K)
[273.100s][info][gc             ] GC(1401) Pause Young (Normal) (G1 Evacuation Pause) 332M->7M(544M) 3.457ms
[273.100s][info][gc,cpu         ] GC(1401) User=0.00s Sys=0.00s Real=0.00s
[273.294s][info][gc,start       ] GC(1402) Pause Young (Normal) (G1 Evacuation Pause)
[273.294s][info][gc,task        ] GC(1402) Using 33 workers of 33 for evacuation
[273.297s][info][gc,phases      ] GC(1402)   Pre Evacuate Collection Set: 0.2ms
[273.297s][info][gc,phases      ] GC(1402)   Merge Heap Roots: 0.2ms
[273.297s][info][gc,phases      ] GC(1402)   Evacuate Collection Set: 0.4ms
[273.297s][info][gc,phases      ] GC(1402)   Post Evacuate Collection Set: 2.5ms
[273.297s][info][gc,phases      ] GC(1402)   Other: 0.1ms
[273.297s][info][gc,heap        ] GC(1402) Eden regions: 325->0(325)
[273.297s][info][gc,heap        ] GC(1402) Survivor regions: 1->1(41)
[273.297s][info][gc,heap        ] GC(1402) Old regions: 21->21
[273.297s][info][gc,heap        ] GC(1402) Archive regions: 0->0
[273.297s][info][gc,heap        ] GC(1402) Humongous regions: 0->0
[273.297s][info][gc,metaspace   ] GC(1402) Metaspace: 14282K(15168K)->14282K(15168K) NonClass: 12332K(12928K)->12332K(12928K) Class: 1950K(2240K)->1950K(2240K)
[273.297s][info][gc             ] GC(1402) Pause Young (Normal) (G1 Evacuation Pause) 332M->7M(544M) 3.555ms
[273.297s][info][gc,cpu         ] GC(1402) User=0.02s Sys=0.00s Real=0.00s
[273.493s][info][gc,start       ] GC(1403) Pause Young (Normal) (G1 Evacuation Pause)
[273.493s][info][gc,task        ] GC(1403) Using 33 workers of 33 for evacuation
[273.497s][info][gc,phases      ] GC(1403)   Pre Evacuate Collection Set: 0.2ms
[273.497s][info][gc,phases      ] GC(1403)   Merge Heap Roots: 0.2ms
[273.497s][info][gc,phases      ] GC(1403)   Evacuate Collection Set: 0.3ms
[273.497s][info][gc,phases      ] GC(1403)   Post Evacuate Collection Set: 2.6ms
[273.497s][info][gc,phases      ] GC(1403)   Other: 0.1ms
[273.497s][info][gc,heap        ] GC(1403) Eden regions: 325->0(325)
[273.497s][info][gc,heap        ] GC(1403) Survivor regions: 1->1(41)
[273.497s][info][gc,heap        ] GC(1403) Old regions: 21->21
[273.497s][info][gc,heap        ] GC(1403) Archive regions: 0->0
[273.497s][info][gc,heap        ] GC(1403) Humongous regions: 0->0
[273.497s][info][gc,metaspace   ] GC(1403) Metaspace: 14282K(15168K)->14282K(15168K) NonClass: 12332K(12928K)->12332K(12928K) Class: 1950K(2240K)->1950K(2240K)
[273.497s][info][gc             ] GC(1403) Pause Young (Normal) (G1 Evacuation Pause) 332M->7M(544M) 3.583ms
[273.497s][info][gc,cpu         ] GC(1403) User=0.00s Sys=0.00s Real=0.00s
[273.692s][info][gc,start       ] GC(1404) Pause Young (Normal) (G1 Evacuation Pause)
[273.692s][info][gc,task        ] GC(1404) Using 33 workers of 33 for evacuation
[273.696s][info][gc,phases      ] GC(1404)   Pre Evacuate Collection Set: 0.2ms
[273.696s][info][gc,phases      ] GC(1404)   Merge Heap Roots: 0.2ms
[273.696s][info][gc,phases      ] GC(1404)   Evacuate Collection Set: 0.3ms
[273.696s][info][gc,phases      ] GC(1404)   Post Evacuate Collection Set: 2.6ms
[273.696s][info][gc,phases      ] GC(1404)   Other: 0.1ms
[273.696s][info][gc,heap        ] GC(1404) Eden regions: 325->0(325)
[273.696s][info][gc,heap        ] GC(1404) Survivor regions: 1->1(41)
[273.696s][info][gc,heap        ] GC(1404) Old regions: 21->21
[273.696s][info][gc,heap        ] GC(1404) Archive regions: 0->0
[273.696s][info][gc,heap        ] GC(1404) Humongous regions: 0->0
[273.696s][info][gc,metaspace   ] GC(1404) Metaspace: 14282K(15168K)->14282K(15168K) NonClass: 12332K(12928K)->12332K(12928K) Class: 1950K(2240K)->1950K(2240K)
[273.696s][info][gc             ] GC(1404) Pause Young (Normal) (G1 Evacuation Pause) 332M->7M(544M) 3.574ms
[273.696s][info][gc,cpu         ] GC(1404) User=0.00s Sys=0.00s Real=0.00s
[273.891s][info][gc,start       ] GC(1405) Pause Young (Normal) (G1 Evacuation Pause)
[273.891s][info][gc,task        ] GC(1405) Using 33 workers of 33 for evacuation
[273.894s][info][gc,phases      ] GC(1405)   Pre Evacuate Collection Set: 0.2ms
[273.894s][info][gc,phases      ] GC(1405)   Merge Heap Roots: 0.1ms
[273.894s][info][gc,phases      ] GC(1405)   Evacuate Collection Set: 0.3ms
[273.894s][info][gc,phases      ] GC(1405)   Post Evacuate Collection Set: 2.6ms
[273.894s][info][gc,phases      ] GC(1405)   Other: 0.1ms
[273.894s][info][gc,heap        ] GC(1405) Eden regions: 325->0(325)
[273.894s][info][gc,heap        ] GC(1405) Survivor regions: 1->1(41)
[273.894s][info][gc,heap        ] GC(1405) Old regions: 21->21
[273.894s][info][gc,heap        ] GC(1405) Archive regions: 0->0
[273.894s][info][gc,heap        ] GC(1405) Humongous regions: 0->0
[273.894s][info][gc,metaspace   ] GC(1405) Metaspace: 14282K(15168K)->14282K(15168K) NonClass: 12332K(12928K)->12332K(12928K) Class: 1950K(2240K)->1950K(2240K)
[273.894s][info][gc             ] GC(1405) Pause Young (Normal) (G1 Evacuation Pause) 332M->7M(544M) 3.686ms
[273.894s][info][gc,cpu         ] GC(1405) User=0.00s Sys=0.00s Real=0.00s
[274.091s][info][gc,start       ] GC(1406) Pause Young (Normal) (G1 Evacuation Pause)
[274.091s][info][gc,task        ] GC(1406) Using 33 workers of 33 for evacuation
[274.094s][info][gc,phases      ] GC(1406)   Pre Evacuate Collection Set: 0.1ms
[274.094s][info][gc,phases      ] GC(1406)   Merge Heap Roots: 0.2ms
[274.094s][info][gc,phases      ] GC(1406)   Evacuate Collection Set: 0.3ms
[274.094s][info][gc,phases      ] GC(1406)   Post Evacuate Collection Set: 2.7ms
[274.094s][info][gc,phases      ] GC(1406)   Other: 0.1ms
[274.094s][info][gc,heap        ] GC(1406) Eden regions: 325->0(325)
[274.094s][info][gc,heap        ] GC(1406) Survivor regions: 1->1(41)
[274.094s][info][gc,heap        ] GC(1406) Old regions: 21->21
[274.094s][info][gc,heap        ] GC(1406) Archive regions: 0->0
[274.094s][info][gc,heap        ] GC(1406) Humongous regions: 0->0
[274.094s][info][gc,metaspace   ] GC(1406) Metaspace: 14282K(15168K)->14282K(15168K) NonClass: 12332K(12928K)->12332K(12928K) Class: 1950K(2240K)->1950K(2240K)
[274.095s][info][gc             ] GC(1406) Pause Young (Normal) (G1 Evacuation Pause) 332M->7M(544M) 3.664ms
[274.095s][info][gc,cpu         ] GC(1406) User=0.44s Sys=0.05s Real=0.00s
[274.289s][info][gc,start       ] GC(1407) Pause Young (Normal) (G1 Evacuation Pause)
[274.289s][info][gc,task        ] GC(1407) Using 33 workers of 33 for evacuation
[274.293s][info][gc,phases      ] GC(1407)   Pre Evacuate Collection Set: 0.2ms
[274.293s][info][gc,phases      ] GC(1407)   Merge Heap Roots: 0.2ms
[274.293s][info][gc,phases      ] GC(1407)   Evacuate Collection Set: 0.3ms
[274.293s][info][gc,phases      ] GC(1407)   Post Evacuate Collection Set: 2.7ms
[274.293s][info][gc,phases      ] GC(1407)   Other: 0.1ms
[274.293s][info][gc,heap        ] GC(1407) Eden regions: 325->0(325)
[274.293s][info][gc,heap        ] GC(1407) Survivor regions: 1->1(41)
[274.293s][info][gc,heap        ] GC(1407) Old regions: 21->21
[274.293s][info][gc,heap        ] GC(1407) Archive regions: 0->0
[274.293s][info][gc,heap        ] GC(1407) Humongous regions: 0->0
[274.293s][info][gc,metaspace   ] GC(1407) Metaspace: 14282K(15168K)->14282K(15168K) NonClass: 12332K(12928K)->12332K(12928K) Class: 1950K(2240K)->1950K(2240K)
[274.293s][info][gc             ] GC(1407) Pause Young (Normal) (G1 Evacuation Pause) 332M->7M(544M) 3.724ms
[274.293s][info][gc,cpu         ] GC(1407) User=0.00s Sys=0.00s Real=0.00s
[274.488s][info][gc,start       ] GC(1408) Pause Young (Normal) (G1 Evacuation Pause)
[274.488s][info][gc,task        ] GC(1408) Using 33 workers of 33 for evacuation
[274.491s][info][gc,phases      ] GC(1408)   Pre Evacuate Collection Set: 0.2ms
[274.491s][info][gc,phases      ] GC(1408)   Merge Heap Roots: 0.2ms
[274.491s][info][gc,phases      ] GC(1408)   Evacuate Collection Set: 0.3ms
[274.491s][info][gc,phases      ] GC(1408)   Post Evacuate Collection Set: 2.7ms
[274.491s][info][gc,phases      ] GC(1408)   Other: 0.1ms
[274.491s][info][gc,heap        ] GC(1408) Eden regions: 325->0(325)
[274.491s][info][gc,heap        ] GC(1408) Survivor regions: 1->1(41)
[274.491s][info][gc,heap        ] GC(1408) Old regions: 21->21
[274.491s][info][gc,heap        ] GC(1408) Archive regions: 0->0
[274.491s][info][gc,heap        ] GC(1408) Humongous regions: 0->0
[274.491s][info][gc,metaspace   ] GC(1408) Metaspace: 14282K(15168K)->14282K(15168K) NonClass: 12332K(12928K)->12332K(12928K) Class: 1950K(2240K)->1950K(2240K)
[274.492s][info][gc             ] GC(1408) Pause Young (Normal) (G1 Evacuation Pause) 332M->7M(544M) 3.808ms
[274.492s][info][gc,cpu         ] GC(1408) User=0.00s Sys=0.00s Real=0.00s
[274.687s][info][gc,start       ] GC(1409) Pause Young (Normal) (G1 Evacuation Pause)
[274.687s][info][gc,task        ] GC(1409) Using 33 workers of 33 for evacuation
[274.691s][info][gc,phases      ] GC(1409)   Pre Evacuate Collection Set: 0.2ms
[274.691s][info][gc,phases      ] GC(1409)   Merge Heap Roots: 0.2ms
[274.691s][info][gc,phases      ] GC(1409)   Evacuate Collection Set: 0.4ms
[274.691s][info][gc,phases      ] GC(1409)   Post Evacuate Collection Set: 2.8ms
[274.691s][info][gc,phases      ] GC(1409)   Other: 0.1ms
[274.691s][info][gc,heap        ] GC(1409) Eden regions: 325->0(325)
[274.691s][info][gc,heap        ] GC(1409) Survivor regions: 1->1(41)
[274.691s][info][gc,heap        ] GC(1409) Old regions: 21->21
[274.691s][info][gc,heap        ] GC(1409) Archive regions: 0->0
[274.691s][info][gc,heap        ] GC(1409) Humongous regions: 0->0
[274.691s][info][gc,metaspace   ] GC(1409) Metaspace: 14282K(15168K)->14282K(15168K) NonClass: 12332K(12928K)->12332K(12928K) Class: 1950K(2240K)->1950K(2240K)
[274.691s][info][gc             ] GC(1409) Pause Young (Normal) (G1 Evacuation Pause) 332M->7M(544M) 3.811ms
[274.691s][info][gc,cpu         ] GC(1409) User=0.02s Sys=0.00s Real=0.00s
[274.887s][info][gc,start       ] GC(1410) Pause Young (Normal) (G1 Evacuation Pause)
[274.887s][info][gc,task        ] GC(1410) Using 33 workers of 33 for evacuation
[274.891s][info][gc,phases      ] GC(1410)   Pre Evacuate Collection Set: 0.1ms
[274.891s][info][gc,phases      ] GC(1410)   Merge Heap Roots: 0.1ms
[274.891s][info][gc,phases      ] GC(1410)   Evacuate Collection Set: 0.3ms
[274.891s][info][gc,phases      ] GC(1410)   Post Evacuate Collection Set: 2.8ms
[274.891s][info][gc,phases      ] GC(1410)   Other: 0.1ms
[274.891s][info][gc,heap        ] GC(1410) Eden regions: 325->0(325)
[274.891s][info][gc,heap        ] GC(1410) Survivor regions: 1->1(41)
[274.891s][info][gc,heap        ] GC(1410) Old regions: 21->21
[274.891s][info][gc,heap        ] GC(1410) Archive regions: 0->0
[274.891s][info][gc,heap        ] GC(1410) Humongous regions: 0->0
[274.891s][info][gc,metaspace   ] GC(1410) Metaspace: 14282K(15168K)->14282K(15168K) NonClass: 12332K(12928K)->12332K(12928K) Class: 1950K(2240K)->1950K(2240K)
[274.891s][info][gc             ] GC(1410) Pause Young (Normal) (G1 Evacuation Pause) 332M->7M(544M) 3.789ms
[274.891s][info][gc,cpu         ] GC(1410) User=0.52s Sys=0.00s Real=0.00s
[275.086s][info][gc,start       ] GC(1411) Pause Young (Normal) (G1 Evacuation Pause)
[275.086s][info][gc,task        ] GC(1411) Using 33 workers of 33 for evacuation
[275.090s][info][gc,phases      ] GC(1411)   Pre Evacuate Collection Set: 0.1ms
[275.090s][info][gc,phases      ] GC(1411)   Merge Heap Roots: 0.2ms
[275.090s][info][gc,phases      ] GC(1411)   Evacuate Collection Set: 0.4ms
[275.090s][info][gc,phases      ] GC(1411)   Post Evacuate Collection Set: 2.9ms
[275.090s][info][gc,phases      ] GC(1411)   Other: 0.1ms
[275.090s][info][gc,heap        ] GC(1411) Eden regions: 325->0(325)
[275.090s][info][gc,heap        ] GC(1411) Survivor regions: 1->1(41)
[275.090s][info][gc,heap        ] GC(1411) Old regions: 21->21
[275.090s][info][gc,heap        ] GC(1411) Archive regions: 0->0
[275.090s][info][gc,heap        ] GC(1411) Humongous regions: 0->0
[275.090s][info][gc,metaspace   ] GC(1411) Metaspace: 14282K(15168K)->14282K(15168K) NonClass: 12332K(12928K)->12332K(12928K) Class: 1950K(2240K)->1950K(2240K)
[275.090s][info][gc             ] GC(1411) Pause Young (Normal) (G1 Evacuation Pause) 332M->7M(544M) 3.867ms
[275.090s][info][gc,cpu         ] GC(1411) User=0.00s Sys=0.00s Real=0.01s
[275.286s][info][gc,start       ] GC(1412) Pause Young (Normal) (G1 Evacuation Pause)
[275.286s][info][gc,task        ] GC(1412) Using 33 workers of 33 for evacuation
[275.289s][info][gc,phases      ] GC(1412)   Pre Evacuate Collection Set: 0.2ms
[275.289s][info][gc,phases      ] GC(1412)   Merge Heap Roots: 0.2ms
[275.289s][info][gc,phases      ] GC(1412)   Evacuate Collection Set: 0.3ms
[275.289s][info][gc,phases      ] GC(1412)   Post Evacuate Collection Set: 2.9ms
[275.290s][info][gc,phases      ] GC(1412)   Other: 0.1ms
[275.290s][info][gc,heap        ] GC(1412) Eden regions: 325->0(325)
[275.290s][info][gc,heap        ] GC(1412) Survivor regions: 1->1(41)
[275.290s][info][gc,heap        ] GC(1412) Old regions: 21->21
[275.290s][info][gc,heap        ] GC(1412) Archive regions: 0->0
[275.290s][info][gc,heap        ] GC(1412) Humongous regions: 0->0
[275.290s][info][gc,metaspace   ] GC(1412) Metaspace: 14282K(15168K)->14282K(15168K) NonClass: 12332K(12928K)->12332K(12928K) Class: 1950K(2240K)->1950K(2240K)
[275.290s][info][gc             ] GC(1412) Pause Young (Normal) (G1 Evacuation Pause) 332M->7M(544M) 3.874ms
[275.290s][info][gc,cpu         ] GC(1412) User=0.00s Sys=0.00s Real=0.00s
[275.483s][info][gc,start       ] GC(1413) Pause Young (Normal) (G1 Evacuation Pause)
[275.483s][info][gc,task        ] GC(1413) Using 33 workers of 33 for evacuation
[275.487s][info][gc,phases      ] GC(1413)   Pre Evacuate Collection Set: 0.2ms
[275.487s][info][gc,phases      ] GC(1413)   Merge Heap Roots: 0.2ms
[275.487s][info][gc,phases      ] GC(1413)   Evacuate Collection Set: 0.4ms
[275.487s][info][gc,phases      ] GC(1413)   Post Evacuate Collection Set: 2.9ms
[275.487s][info][gc,phases      ] GC(1413)   Other: 0.1ms
[275.487s][info][gc,heap        ] GC(1413) Eden regions: 325->0(325)
[275.487s][info][gc,heap        ] GC(1413) Survivor regions: 1->1(41)
[275.487s][info][gc,heap        ] GC(1413) Old regions: 21->21
[275.487s][info][gc,heap        ] GC(1413) Archive regions: 0->0
[275.487s][info][gc,heap        ] GC(1413) Humongous regions: 0->0
[275.487s][info][gc,metaspace   ] GC(1413) Metaspace: 14282K(15168K)->14282K(15168K) NonClass: 12332K(12928K)->12332K(12928K) Class: 1950K(2240K)->1950K(2240K)
[275.487s][info][gc             ] GC(1413) Pause Young (Normal) (G1 Evacuation Pause) 332M->7M(544M) 3.931ms
[275.487s][info][gc,cpu         ] GC(1413) User=0.52s Sys=0.00s Real=0.00s
[275.683s][info][gc,start       ] GC(1414) Pause Young (Normal) (G1 Evacuation Pause)
[275.683s][info][gc,task        ] GC(1414) Using 33 workers of 33 for evacuation
[275.687s][info][gc,phases      ] GC(1414)   Pre Evacuate Collection Set: 0.2ms
[275.687s][info][gc,phases      ] GC(1414)   Merge Heap Roots: 0.2ms
[275.687s][info][gc,phases      ] GC(1414)   Evacuate Collection Set: 0.3ms
[275.687s][info][gc,phases      ] GC(1414)   Post Evacuate Collection Set: 2.9ms
[275.687s][info][gc,phases      ] GC(1414)   Other: 0.1ms
[275.687s][info][gc,heap        ] GC(1414) Eden regions: 325->0(325)
[275.687s][info][gc,heap        ] GC(1414) Survivor regions: 1->1(41)
[275.687s][info][gc,heap        ] GC(1414) Old regions: 21->21
[275.687s][info][gc,heap        ] GC(1414) Archive regions: 0->0
[275.687s][info][gc,heap        ] GC(1414) Humongous regions: 0->0
[275.687s][info][gc,metaspace   ] GC(1414) Metaspace: 14282K(15168K)->14282K(15168K) NonClass: 12332K(12928K)->12332K(12928K) Class: 1950K(2240K)->1950K(2240K)
[275.687s][info][gc             ] GC(1414) Pause Young (Normal) (G1 Evacuation Pause) 332M->7M(544M) 3.938ms
[275.687s][info][gc,cpu         ] GC(1414) User=0.00s Sys=0.00s Real=0.00s
[275.945s][info][gc,start       ] GC(1415) Pause Young (Normal) (G1 Evacuation Pause)
[275.946s][info][gc,task        ] GC(1415) Using 33 workers of 33 for evacuation
[275.951s][info][gc,phases      ] GC(1415)   Pre Evacuate Collection Set: 0.2ms
[275.951s][info][gc,phases      ] GC(1415)   Merge Heap Roots: 0.2ms
[275.951s][info][gc,phases      ] GC(1415)   Evacuate Collection Set: 0.5ms
[275.951s][info][gc,phases      ] GC(1415)   Post Evacuate Collection Set: 3.9ms
[275.951s][info][gc,phases      ] GC(1415)   Other: 0.2ms
[275.951s][info][gc,heap        ] GC(1415) Eden regions: 325->0(325)
[275.951s][info][gc,heap        ] GC(1415) Survivor regions: 1->1(41)
[275.951s][info][gc,heap        ] GC(1415) Old regions: 21->21
[275.951s][info][gc,heap        ] GC(1415) Archive regions: 0->0
[275.951s][info][gc,heap        ] GC(1415) Humongous regions: 0->0
[275.951s][info][gc,metaspace   ] GC(1415) Metaspace: 14282K(15168K)->14282K(15168K) NonClass: 12332K(12928K)->12332K(12928K) Class: 1950K(2240K)->1950K(2240K)
[275.951s][info][gc             ] GC(1415) Pause Young (Normal) (G1 Evacuation Pause) 332M->7M(544M) 5.660ms
[275.951s][info][gc,cpu         ] GC(1415) User=0.00s Sys=0.00s Real=0.00s
[276.149s][info][gc,start       ] GC(1416) Pause Young (Normal) (G1 Evacuation Pause)
[276.149s][info][gc,task        ] GC(1416) Using 33 workers of 33 for evacuation
[276.153s][info][gc,phases      ] GC(1416)   Pre Evacuate Collection Set: 0.2ms
[276.153s][info][gc,phases      ] GC(1416)   Merge Heap Roots: 0.1ms
[276.153s][info][gc,phases      ] GC(1416)   Evacuate Collection Set: 0.3ms
[276.153s][info][gc,phases      ] GC(1416)   Post Evacuate Collection Set: 2.8ms
[276.153s][info][gc,phases      ] GC(1416)   Other: 0.1ms
[276.153s][info][gc,heap        ] GC(1416) Eden regions: 325->0(325)
[276.153s][info][gc,heap        ] GC(1416) Survivor regions: 1->1(41)
[276.153s][info][gc,heap        ] GC(1416) Old regions: 21->21
[276.153s][info][gc,heap        ] GC(1416) Archive regions: 0->0
[276.153s][info][gc,heap        ] GC(1416) Humongous regions: 0->0
[276.153s][info][gc,metaspace   ] GC(1416) Metaspace: 14282K(15168K)->14282K(15168K) NonClass: 12332K(12928K)->12332K(12928K) Class: 1950K(2240K)->1950K(2240K)
[276.153s][info][gc             ] GC(1416) Pause Young (Normal) (G1 Evacuation Pause) 332M->7M(544M) 3.804ms
[276.153s][info][gc,cpu         ] GC(1416) User=0.00s Sys=0.00s Real=0.00s
[276.349s][info][gc,start       ] GC(1417) Pause Young (Normal) (G1 Evacuation Pause)
[276.349s][info][gc,task        ] GC(1417) Using 33 workers of 33 for evacuation
[276.352s][info][gc,phases      ] GC(1417)   Pre Evacuate Collection Set: 0.1ms
[276.352s][info][gc,phases      ] GC(1417)   Merge Heap Roots: 0.2ms
[276.353s][info][gc,phases      ] GC(1417)   Evacuate Collection Set: 0.3ms
[276.353s][info][gc,phases      ] GC(1417)   Post Evacuate Collection Set: 2.6ms
[276.353s][info][gc,phases      ] GC(1417)   Other: 0.1ms
[276.353s][info][gc,heap        ] GC(1417) Eden regions: 325->0(325)
[276.353s][info][gc,heap        ] GC(1417) Survivor regions: 1->1(41)
[276.353s][info][gc,heap        ] GC(1417) Old regions: 21->22
[276.353s][info][gc,heap        ] GC(1417) Archive regions: 0->0
[276.353s][info][gc,heap        ] GC(1417) Humongous regions: 0->0
[276.353s][info][gc,metaspace   ] GC(1417) Metaspace: 14282K(15168K)->14282K(15168K) NonClass: 12332K(12928K)->12332K(12928K) Class: 1950K(2240K)->1950K(2240K)
[276.353s][info][gc             ] GC(1417) Pause Young (Normal) (G1 Evacuation Pause) 332M->7M(544M) 3.617ms
[276.353s][info][gc,cpu         ] GC(1417) User=0.00s Sys=0.00s Real=0.00s
[276.546s][info][gc,start       ] GC(1418) Pause Young (Normal) (G1 Evacuation Pause)
[276.547s][info][gc,task        ] GC(1418) Using 33 workers of 33 for evacuation
[276.550s][info][gc,phases      ] GC(1418)   Pre Evacuate Collection Set: 0.1ms
[276.550s][info][gc,phases      ] GC(1418)   Merge Heap Roots: 0.2ms
[276.550s][info][gc,phases      ] GC(1418)   Evacuate Collection Set: 0.4ms
[276.550s][info][gc,phases      ] GC(1418)   Post Evacuate Collection Set: 2.5ms
[276.550s][info][gc,phases      ] GC(1418)   Other: 0.1ms
[276.550s][info][gc,heap        ] GC(1418) Eden regions: 325->0(325)
[276.550s][info][gc,heap        ] GC(1418) Survivor regions: 1->1(41)
[276.550s][info][gc,heap        ] GC(1418) Old regions: 22->22
[276.550s][info][gc,heap        ] GC(1418) Archive regions: 0->0
[276.550s][info][gc,heap        ] GC(1418) Humongous regions: 0->0
[276.550s][info][gc,metaspace   ] GC(1418) Metaspace: 14282K(15168K)->14282K(15168K) NonClass: 12332K(12928K)->12332K(12928K) Class: 1950K(2240K)->1950K(2240K)
[276.550s][info][gc             ] GC(1418) Pause Young (Normal) (G1 Evacuation Pause) 332M->7M(544M) 3.550ms
[276.550s][info][gc,cpu         ] GC(1418) User=0.41s Sys=0.00s Real=0.00s
[276.744s][info][gc,start       ] GC(1419) Pause Young (Normal) (G1 Evacuation Pause)
[276.744s][info][gc,task        ] GC(1419) Using 33 workers of 33 for evacuation
[276.747s][info][gc,phases      ] GC(1419)   Pre Evacuate Collection Set: 0.2ms
[276.747s][info][gc,phases      ] GC(1419)   Merge Heap Roots: 0.2ms
[276.747s][info][gc,phases      ] GC(1419)   Evacuate Collection Set: 0.3ms
[276.747s][info][gc,phases      ] GC(1419)   Post Evacuate Collection Set: 2.6ms
[276.747s][info][gc,phases      ] GC(1419)   Other: 0.1ms
[276.747s][info][gc,heap        ] GC(1419) Eden regions: 325->0(325)
[276.747s][info][gc,heap        ] GC(1419) Survivor regions: 1->1(41)
[276.747s][info][gc,heap        ] GC(1419) Old regions: 22->22
[276.747s][info][gc,heap        ] GC(1419) Archive regions: 0->0
[276.747s][info][gc,heap        ] GC(1419) Humongous regions: 0->0
[276.747s][info][gc,metaspace   ] GC(1419) Metaspace: 14282K(15168K)->14282K(15168K) NonClass: 12332K(12928K)->12332K(12928K) Class: 1950K(2240K)->1950K(2240K)
[276.747s][info][gc             ] GC(1419) Pause Young (Normal) (G1 Evacuation Pause) 332M->7M(544M) 3.617ms
[276.747s][info][gc,cpu         ] GC(1419) User=0.00s Sys=0.00s Real=0.00s
[276.942s][info][gc,start       ] GC(1420) Pause Young (Normal) (G1 Evacuation Pause)
[276.942s][info][gc,task        ] GC(1420) Using 33 workers of 33 for evacuation
[276.945s][info][gc,phases      ] GC(1420)   Pre Evacuate Collection Set: 0.2ms
[276.945s][info][gc,phases      ] GC(1420)   Merge Heap Roots: 0.2ms
[276.945s][info][gc,phases      ] GC(1420)   Evacuate Collection Set: 0.3ms
[276.945s][info][gc,phases      ] GC(1420)   Post Evacuate Collection Set: 2.5ms
[276.945s][info][gc,phases      ] GC(1420)   Other: 0.1ms
[276.945s][info][gc,heap        ] GC(1420) Eden regions: 325->0(325)
[276.945s][info][gc,heap        ] GC(1420) Survivor regions: 1->1(41)
[276.945s][info][gc,heap        ] GC(1420) Old regions: 22->22
[276.945s][info][gc,heap        ] GC(1420) Archive regions: 0->0
[276.945s][info][gc,heap        ] GC(1420) Humongous regions: 0->0
[276.945s][info][gc,metaspace   ] GC(1420) Metaspace: 14282K(15168K)->14282K(15168K) NonClass: 12332K(12928K)->12332K(12928K) Class: 1950K(2240K)->1950K(2240K)
[276.945s][info][gc             ] GC(1420) Pause Young (Normal) (G1 Evacuation Pause) 332M->7M(544M) 3.474ms
[276.945s][info][gc,cpu         ] GC(1420) User=0.00s Sys=0.00s Real=0.00s
[277.139s][info][gc,start       ] GC(1421) Pause Young (Normal) (G1 Evacuation Pause)
[277.139s][info][gc,task        ] GC(1421) Using 33 workers of 33 for evacuation
[277.142s][info][gc,phases      ] GC(1421)   Pre Evacuate Collection Set: 0.1ms
[277.142s][info][gc,phases      ] GC(1421)   Merge Heap Roots: 0.2ms
[277.142s][info][gc,phases      ] GC(1421)   Evacuate Collection Set: 0.3ms
[277.142s][info][gc,phases      ] GC(1421)   Post Evacuate Collection Set: 2.5ms
[277.142s][info][gc,phases      ] GC(1421)   Other: 0.1ms
[277.142s][info][gc,heap        ] GC(1421) Eden regions: 325->0(325)
[277.142s][info][gc,heap        ] GC(1421) Survivor regions: 1->1(41)
[277.142s][info][gc,heap        ] GC(1421) Old regions: 22->22
[277.142s][info][gc,heap        ] GC(1421) Archive regions: 0->0
[277.142s][info][gc,heap        ] GC(1421) Humongous regions: 0->0
[277.142s][info][gc,metaspace   ] GC(1421) Metaspace: 14282K(15168K)->14282K(15168K) NonClass: 12332K(12928K)->12332K(12928K) Class: 1950K(2240K)->1950K(2240K)
[277.142s][info][gc             ] GC(1421) Pause Young (Normal) (G1 Evacuation Pause) 332M->7M(544M) 3.534ms
[277.142s][info][gc,cpu         ] GC(1421) User=0.52s Sys=0.00s Real=0.00s
[277.336s][info][gc,start       ] GC(1422) Pause Young (Normal) (G1 Evacuation Pause)
[277.337s][info][gc,task        ] GC(1422) Using 33 workers of 33 for evacuation
[277.340s][info][gc,phases      ] GC(1422)   Pre Evacuate Collection Set: 0.1ms
[277.340s][info][gc,phases      ] GC(1422)   Merge Heap Roots: 0.2ms
[277.340s][info][gc,phases      ] GC(1422)   Evacuate Collection Set: 0.4ms
[277.340s][info][gc,phases      ] GC(1422)   Post Evacuate Collection Set: 2.6ms
[277.340s][info][gc,phases      ] GC(1422)   Other: 0.1ms
[277.340s][info][gc,heap        ] GC(1422) Eden regions: 325->0(325)
[277.340s][info][gc,heap        ] GC(1422) Survivor regions: 1->1(41)
[277.340s][info][gc,heap        ] GC(1422) Old regions: 22->22
[277.340s][info][gc,heap        ] GC(1422) Archive regions: 0->0
[277.340s][info][gc,heap        ] GC(1422) Humongous regions: 0->0
[277.340s][info][gc,metaspace   ] GC(1422) Metaspace: 14282K(15168K)->14282K(15168K) NonClass: 12332K(12928K)->12332K(12928K) Class: 1950K(2240K)->1950K(2240K)
[277.340s][info][gc             ] GC(1422) Pause Young (Normal) (G1 Evacuation Pause) 332M->8M(544M) 3.606ms
[277.340s][info][gc,cpu         ] GC(1422) User=0.00s Sys=0.00s Real=0.00s
[277.533s][info][gc,start       ] GC(1423) Pause Young (Normal) (G1 Evacuation Pause)
[277.533s][info][gc,task        ] GC(1423) Using 33 workers of 33 for evacuation
[277.537s][info][gc,phases      ] GC(1423)   Pre Evacuate Collection Set: 0.2ms
[277.537s][info][gc,phases      ] GC(1423)   Merge Heap Roots: 0.2ms
[277.537s][info][gc,phases      ] GC(1423)   Evacuate Collection Set: 0.3ms
[277.537s][info][gc,phases      ] GC(1423)   Post Evacuate Collection Set: 2.6ms
[277.537s][info][gc,phases      ] GC(1423)   Other: 0.1ms
[277.537s][info][gc,heap        ] GC(1423) Eden regions: 325->0(325)
[277.537s][info][gc,heap        ] GC(1423) Survivor regions: 1->1(41)
[277.537s][info][gc,heap        ] GC(1423) Old regions: 22->22
[277.537s][info][gc,heap        ] GC(1423) Archive regions: 0->0
[277.537s][info][gc,heap        ] GC(1423) Humongous regions: 0->0
[277.537s][info][gc,metaspace   ] GC(1423) Metaspace: 14282K(15168K)->14282K(15168K) NonClass: 12332K(12928K)->12332K(12928K) Class: 1950K(2240K)->1950K(2240K)
[277.537s][info][gc             ] GC(1423) Pause Young (Normal) (G1 Evacuation Pause) 333M->8M(544M) 3.626ms
[277.537s][info][gc,cpu         ] GC(1423) User=0.00s Sys=0.00s Real=0.00s
[277.731s][info][gc,start       ] GC(1424) Pause Young (Normal) (G1 Evacuation Pause)
[277.731s][info][gc,task        ] GC(1424) Using 33 workers of 33 for evacuation
[277.734s][info][gc,phases      ] GC(1424)   Pre Evacuate Collection Set: 0.2ms
[277.734s][info][gc,phases      ] GC(1424)   Merge Heap Roots: 0.2ms
[277.734s][info][gc,phases      ] GC(1424)   Evacuate Collection Set: 0.4ms
[277.734s][info][gc,phases      ] GC(1424)   Post Evacuate Collection Set: 2.7ms
[277.734s][info][gc,phases      ] GC(1424)   Other: 0.1ms
[277.734s][info][gc,heap        ] GC(1424) Eden regions: 325->0(325)
[277.734s][info][gc,heap        ] GC(1424) Survivor regions: 1->1(41)
[277.734s][info][gc,heap        ] GC(1424) Old regions: 22->22
[277.734s][info][gc,heap        ] GC(1424) Archive regions: 0->0
[277.734s][info][gc,heap        ] GC(1424) Humongous regions: 0->0
[277.734s][info][gc,metaspace   ] GC(1424) Metaspace: 14282K(15168K)->14282K(15168K) NonClass: 12332K(12928K)->12332K(12928K) Class: 1950K(2240K)->1950K(2240K)
[277.734s][info][gc             ] GC(1424) Pause Young (Normal) (G1 Evacuation Pause) 333M->8M(544M) 3.705ms
[277.734s][info][gc,cpu         ] GC(1424) User=0.19s Sys=0.02s Real=0.00s
[277.928s][info][gc,start       ] GC(1425) Pause Young (Normal) (G1 Evacuation Pause)
[277.928s][info][gc,task        ] GC(1425) Using 33 workers of 33 for evacuation
[277.932s][info][gc,phases      ] GC(1425)   Pre Evacuate Collection Set: 0.1ms
[277.932s][info][gc,phases      ] GC(1425)   Merge Heap Roots: 0.2ms
[277.932s][info][gc,phases      ] GC(1425)   Evacuate Collection Set: 0.3ms
[277.932s][info][gc,phases      ] GC(1425)   Post Evacuate Collection Set: 2.7ms
[277.932s][info][gc,phases      ] GC(1425)   Other: 0.1ms
[277.932s][info][gc,heap        ] GC(1425) Eden regions: 325->0(325)
[277.932s][info][gc,heap        ] GC(1425) Survivor regions: 1->1(41)
[277.932s][info][gc,heap        ] GC(1425) Old regions: 22->22
[277.932s][info][gc,heap        ] GC(1425) Archive regions: 0->0
[277.932s][info][gc,heap        ] GC(1425) Humongous regions: 0->0
[277.932s][info][gc,metaspace   ] GC(1425) Metaspace: 14282K(15168K)->14282K(15168K) NonClass: 12332K(12928K)->12332K(12928K) Class: 1950K(2240K)->1950K(2240K)
[277.932s][info][gc             ] GC(1425) Pause Young (Normal) (G1 Evacuation Pause) 333M->8M(544M) 3.664ms
[277.932s][info][gc,cpu         ] GC(1425) User=0.00s Sys=0.00s Real=0.00s
[278.125s][info][gc,start       ] GC(1426) Pause Young (Normal) (G1 Evacuation Pause)
[278.125s][info][gc,task        ] GC(1426) Using 33 workers of 33 for evacuation
[278.129s][info][gc,phases      ] GC(1426)   Pre Evacuate Collection Set: 0.2ms
[278.129s][info][gc,phases      ] GC(1426)   Merge Heap Roots: 0.1ms
[278.129s][info][gc,phases      ] GC(1426)   Evacuate Collection Set: 0.4ms
[278.129s][info][gc,phases      ] GC(1426)   Post Evacuate Collection Set: 2.7ms
[278.129s][info][gc,phases      ] GC(1426)   Other: 0.1ms
[278.129s][info][gc,heap        ] GC(1426) Eden regions: 325->0(325)
[278.129s][info][gc,heap        ] GC(1426) Survivor regions: 1->1(41)
[278.129s][info][gc,heap        ] GC(1426) Old regions: 22->22
[278.129s][info][gc,heap        ] GC(1426) Archive regions: 0->0
[278.129s][info][gc,heap        ] GC(1426) Humongous regions: 0->0
[278.129s][info][gc,metaspace   ] GC(1426) Metaspace: 14282K(15168K)->14282K(15168K) NonClass: 12332K(12928K)->12332K(12928K) Class: 1950K(2240K)->1950K(2240K)
[278.129s][info][gc             ] GC(1426) Pause Young (Normal) (G1 Evacuation Pause) 333M->8M(544M) 3.752ms
[278.129s][info][gc,cpu         ] GC(1426) User=0.00s Sys=0.00s Real=0.00s
[278.320s][info][gc,start       ] GC(1427) Pause Young (Normal) (G1 Evacuation Pause)
[278.321s][info][gc,task        ] GC(1427) Using 33 workers of 33 for evacuation
[278.324s][info][gc,phases      ] GC(1427)   Pre Evacuate Collection Set: 0.1ms
[278.324s][info][gc,phases      ] GC(1427)   Merge Heap Roots: 0.1ms
[278.324s][info][gc,phases      ] GC(1427)   Evacuate Collection Set: 0.4ms
[278.324s][info][gc,phases      ] GC(1427)   Post Evacuate Collection Set: 2.8ms
[278.324s][info][gc,phases      ] GC(1427)   Other: 0.1ms
[278.324s][info][gc,heap        ] GC(1427) Eden regions: 325->0(325)
[278.324s][info][gc,heap        ] GC(1427) Survivor regions: 1->1(41)
[278.324s][info][gc,heap        ] GC(1427) Old regions: 22->22
[278.324s][info][gc,heap        ] GC(1427) Archive regions: 0->0
[278.324s][info][gc,heap        ] GC(1427) Humongous regions: 0->0
[278.324s][info][gc,metaspace   ] GC(1427) Metaspace: 14282K(15168K)->14282K(15168K) NonClass: 12332K(12928K)->12332K(12928K) Class: 1950K(2240K)->1950K(2240K)
[278.324s][info][gc             ] GC(1427) Pause Young (Normal) (G1 Evacuation Pause) 333M->8M(544M) 3.761ms
[278.324s][info][gc,cpu         ] GC(1427) User=0.00s Sys=0.00s Real=0.00s
[278.518s][info][gc,start       ] GC(1428) Pause Young (Normal) (G1 Evacuation Pause)
[278.518s][info][gc,task        ] GC(1428) Using 33 workers of 33 for evacuation
[278.522s][info][gc,phases      ] GC(1428)   Pre Evacuate Collection Set: 0.2ms
[278.522s][info][gc,phases      ] GC(1428)   Merge Heap Roots: 0.2ms
[278.522s][info][gc,phases      ] GC(1428)   Evacuate Collection Set: 0.3ms
[278.522s][info][gc,phases      ] GC(1428)   Post Evacuate Collection Set: 2.8ms
[278.522s][info][gc,phases      ] GC(1428)   Other: 0.1ms
[278.522s][info][gc,heap        ] GC(1428) Eden regions: 325->0(325)
[278.522s][info][gc,heap        ] GC(1428) Survivor regions: 1->1(41)
[278.522s][info][gc,heap        ] GC(1428) Old regions: 22->22
[278.522s][info][gc,heap        ] GC(1428) Archive regions: 0->0
[278.522s][info][gc,heap        ] GC(1428) Humongous regions: 0->0
[278.522s][info][gc,metaspace   ] GC(1428) Metaspace: 14282K(15168K)->14282K(15168K) NonClass: 12332K(12928K)->12332K(12928K) Class: 1950K(2240K)->1950K(2240K)
[278.522s][info][gc             ] GC(1428) Pause Young (Normal) (G1 Evacuation Pause) 333M->8M(544M) 3.776ms
[278.522s][info][gc,cpu         ] GC(1428) User=0.00s Sys=0.00s Real=0.00s
[278.873s][info][gc,start       ] GC(1429) Pause Young (Normal) (G1 Evacuation Pause)
[278.873s][info][gc,task        ] GC(1429) Using 33 workers of 33 for evacuation
[278.878s][info][gc,phases      ] GC(1429)   Pre Evacuate Collection Set: 0.2ms
[278.878s][info][gc,phases      ] GC(1429)   Merge Heap Roots: 0.2ms
[278.878s][info][gc,phases      ] GC(1429)   Evacuate Collection Set: 0.6ms
[278.878s][info][gc,phases      ] GC(1429)   Post Evacuate Collection Set: 3.7ms
[278.878s][info][gc,phases      ] GC(1429)   Other: 0.2ms
[278.878s][info][gc,heap        ] GC(1429) Eden regions: 325->0(325)
[278.878s][info][gc,heap        ] GC(1429) Survivor regions: 1->1(41)
[278.878s][info][gc,heap        ] GC(1429) Old regions: 22->22
[278.878s][info][gc,heap        ] GC(1429) Archive regions: 0->0
[278.878s][info][gc,heap        ] GC(1429) Humongous regions: 0->0
[278.878s][info][gc,metaspace   ] GC(1429) Metaspace: 14282K(15168K)->14282K(15168K) NonClass: 12332K(12928K)->12332K(12928K) Class: 1950K(2240K)->1950K(2240K)
[278.878s][info][gc             ] GC(1429) Pause Young (Normal) (G1 Evacuation Pause) 333M->8M(544M) 5.463ms
[278.878s][info][gc,cpu         ] GC(1429) User=0.00s Sys=0.00s Real=0.00s
[279.080s][info][gc,start       ] GC(1430) Pause Young (Normal) (G1 Evacuation Pause)
[279.080s][info][gc,task        ] GC(1430) Using 33 workers of 33 for evacuation
[279.083s][info][gc,phases      ] GC(1430)   Pre Evacuate Collection Set: 0.1ms
[279.084s][info][gc,phases      ] GC(1430)   Merge Heap Roots: 0.2ms
[279.084s][info][gc,phases      ] GC(1430)   Evacuate Collection Set: 0.3ms
[279.084s][info][gc,phases      ] GC(1430)   Post Evacuate Collection Set: 2.7ms
[279.084s][info][gc,phases      ] GC(1430)   Other: 0.1ms
[279.084s][info][gc,heap        ] GC(1430) Eden regions: 325->0(325)
[279.084s][info][gc,heap        ] GC(1430) Survivor regions: 1->1(41)
[279.084s][info][gc,heap        ] GC(1430) Old regions: 22->22
[279.084s][info][gc,heap        ] GC(1430) Archive regions: 0->0
[279.084s][info][gc,heap        ] GC(1430) Humongous regions: 0->0
[279.084s][info][gc,metaspace   ] GC(1430) Metaspace: 14282K(15168K)->14282K(15168K) NonClass: 12332K(12928K)->12332K(12928K) Class: 1950K(2240K)->1950K(2240K)
[279.084s][info][gc             ] GC(1430) Pause Young (Normal) (G1 Evacuation Pause) 333M->8M(544M) 3.667ms
[279.084s][info][gc,cpu         ] GC(1430) User=0.00s Sys=0.00s Real=0.00s
[279.279s][info][gc,start       ] GC(1431) Pause Young (Normal) (G1 Evacuation Pause)
[279.279s][info][gc,task        ] GC(1431) Using 33 workers of 33 for evacuation
[279.283s][info][gc,phases      ] GC(1431)   Pre Evacuate Collection Set: 0.1ms
[279.283s][info][gc,phases      ] GC(1431)   Merge Heap Roots: 0.2ms
[279.283s][info][gc,phases      ] GC(1431)   Evacuate Collection Set: 0.4ms
[279.283s][info][gc,phases      ] GC(1431)   Post Evacuate Collection Set: 2.5ms
[279.283s][info][gc,phases      ] GC(1431)   Other: 0.1ms
[279.283s][info][gc,heap        ] GC(1431) Eden regions: 325->0(325)
[279.283s][info][gc,heap        ] GC(1431) Survivor regions: 1->1(41)
[279.283s][info][gc,heap        ] GC(1431) Old regions: 22->22
[279.283s][info][gc,heap        ] GC(1431) Archive regions: 0->0
[279.283s][info][gc,heap        ] GC(1431) Humongous regions: 0->0
[279.283s][info][gc,metaspace   ] GC(1431) Metaspace: 14282K(15168K)->14282K(15168K) NonClass: 12332K(12928K)->12332K(12928K) Class: 1950K(2240K)->1950K(2240K)
[279.283s][info][gc             ] GC(1431) Pause Young (Normal) (G1 Evacuation Pause) 333M->8M(544M) 3.470ms
[279.283s][info][gc,cpu         ] GC(1431) User=0.52s Sys=0.00s Real=0.00s
[279.479s][info][gc,start       ] GC(1432) Pause Young (Normal) (G1 Evacuation Pause)
[279.483s][info][gc,task        ] GC(1432) Using 33 workers of 33 for evacuation
[279.486s][info][gc,phases      ] GC(1432)   Pre Evacuate Collection Set: 0.1ms
[279.486s][info][gc,phases      ] GC(1432)   Merge Heap Roots: 0.1ms
[279.486s][info][gc,phases      ] GC(1432)   Evacuate Collection Set: 0.3ms
[279.486s][info][gc,phases      ] GC(1432)   Post Evacuate Collection Set: 2.4ms
[279.486s][info][gc,phases      ] GC(1432)   Other: 0.1ms
[279.486s][info][gc,heap        ] GC(1432) Eden regions: 325->0(325)
[279.486s][info][gc,heap        ] GC(1432) Survivor regions: 1->1(41)
[279.486s][info][gc,heap        ] GC(1432) Old regions: 22->22
[279.486s][info][gc,heap        ] GC(1432) Archive regions: 0->0
[279.486s][info][gc,heap        ] GC(1432) Humongous regions: 0->0
[279.486s][info][gc,metaspace   ] GC(1432) Metaspace: 14282K(15168K)->14282K(15168K) NonClass: 12332K(12928K)->12332K(12928K) Class: 1950K(2240K)->1950K(2240K)
[279.486s][info][gc             ] GC(1432) Pause Young (Normal) (G1 Evacuation Pause) 333M->8M(544M) 7.564ms
[279.486s][info][gc,cpu         ] GC(1432) User=0.00s Sys=0.00s Real=0.00s
[279.681s][info][gc,start       ] GC(1433) Pause Young (Normal) (G1 Evacuation Pause)
[279.681s][info][gc,task        ] GC(1433) Using 33 workers of 33 for evacuation
[279.684s][info][gc,phases      ] GC(1433)   Pre Evacuate Collection Set: 0.2ms
[279.684s][info][gc,phases      ] GC(1433)   Merge Heap Roots: 0.2ms
[279.684s][info][gc,phases      ] GC(1433)   Evacuate Collection Set: 0.4ms
[279.684s][info][gc,phases      ] GC(1433)   Post Evacuate Collection Set: 2.5ms
[279.684s][info][gc,phases      ] GC(1433)   Other: 0.1ms
[279.684s][info][gc,heap        ] GC(1433) Eden regions: 325->0(325)
[279.684s][info][gc,heap        ] GC(1433) Survivor regions: 1->1(41)
[279.684s][info][gc,heap        ] GC(1433) Old regions: 22->22
[279.684s][info][gc,heap        ] GC(1433) Archive regions: 0->0
[279.684s][info][gc,heap        ] GC(1433) Humongous regions: 0->0
[279.684s][info][gc,metaspace   ] GC(1433) Metaspace: 14282K(15168K)->14282K(15168K) NonClass: 12332K(12928K)->12332K(12928K) Class: 1950K(2240K)->1950K(2240K)
[279.684s][info][gc             ] GC(1433) Pause Young (Normal) (G1 Evacuation Pause) 333M->8M(544M) 3.496ms
[279.684s][info][gc,cpu         ] GC(1433) User=0.00s Sys=0.00s Real=0.00s
[279.880s][info][gc,start       ] GC(1434) Pause Young (Normal) (G1 Evacuation Pause)
[279.880s][info][gc,task        ] GC(1434) Using 33 workers of 33 for evacuation
[279.884s][info][gc,phases      ] GC(1434)   Pre Evacuate Collection Set: 0.1ms
[279.884s][info][gc,phases      ] GC(1434)   Merge Heap Roots: 0.2ms
[279.884s][info][gc,phases      ] GC(1434)   Evacuate Collection Set: 0.4ms
[279.884s][info][gc,phases      ] GC(1434)   Post Evacuate Collection Set: 2.4ms
[279.884s][info][gc,phases      ] GC(1434)   Other: 0.1ms
[279.884s][info][gc,heap        ] GC(1434) Eden regions: 325->0(325)
[279.884s][info][gc,heap        ] GC(1434) Survivor regions: 1->1(41)
[279.884s][info][gc,heap        ] GC(1434) Old regions: 22->22
[279.884s][info][gc,heap        ] GC(1434) Archive regions: 0->0
[279.884s][info][gc,heap        ] GC(1434) Humongous regions: 0->0
[279.884s][info][gc,metaspace   ] GC(1434) Metaspace: 14282K(15168K)->14282K(15168K) NonClass: 12332K(12928K)->12332K(12928K) Class: 1950K(2240K)->1950K(2240K)
[279.884s][info][gc             ] GC(1434) Pause Young (Normal) (G1 Evacuation Pause) 333M->8M(544M) 3.360ms
[279.884s][info][gc,cpu         ] GC(1434) User=0.00s Sys=0.00s Real=0.00s
[280.079s][info][gc,start       ] GC(1435) Pause Young (Normal) (G1 Evacuation Pause)
[280.079s][info][gc,task        ] GC(1435) Using 33 workers of 33 for evacuation
[280.082s][info][gc,phases      ] GC(1435)   Pre Evacuate Collection Set: 0.1ms
[280.082s][info][gc,phases      ] GC(1435)   Merge Heap Roots: 0.2ms
[280.082s][info][gc,phases      ] GC(1435)   Evacuate Collection Set: 0.4ms
[280.082s][info][gc,phases      ] GC(1435)   Post Evacuate Collection Set: 2.4ms
[280.082s][info][gc,phases      ] GC(1435)   Other: 0.1ms
[280.082s][info][gc,heap        ] GC(1435) Eden regions: 325->0(325)
[280.082s][info][gc,heap        ] GC(1435) Survivor regions: 1->1(41)
[280.082s][info][gc,heap        ] GC(1435) Old regions: 22->22
[280.082s][info][gc,heap        ] GC(1435) Archive regions: 0->0
[280.082s][info][gc,heap        ] GC(1435) Humongous regions: 0->0
[280.082s][info][gc,metaspace   ] GC(1435) Metaspace: 14282K(15168K)->14282K(15168K) NonClass: 12332K(12928K)->12332K(12928K) Class: 1950K(2240K)->1950K(2240K)
[280.082s][info][gc             ] GC(1435) Pause Young (Normal) (G1 Evacuation Pause) 333M->8M(544M) 3.463ms
[280.082s][info][gc,cpu         ] GC(1435) User=0.00s Sys=0.00s Real=0.00s
[280.277s][info][gc,start       ] GC(1436) Pause Young (Normal) (G1 Evacuation Pause)
[280.277s][info][gc,task        ] GC(1436) Using 33 workers of 33 for evacuation
[280.280s][info][gc,phases      ] GC(1436)   Pre Evacuate Collection Set: 0.2ms
[280.280s][info][gc,phases      ] GC(1436)   Merge Heap Roots: 0.2ms
[280.280s][info][gc,phases      ] GC(1436)   Evacuate Collection Set: 0.4ms
[280.280s][info][gc,phases      ] GC(1436)   Post Evacuate Collection Set: 2.5ms
[280.280s][info][gc,phases      ] GC(1436)   Other: 0.1ms
[280.280s][info][gc,heap        ] GC(1436) Eden regions: 325->0(325)
[280.280s][info][gc,heap        ] GC(1436) Survivor regions: 1->1(41)
[280.280s][info][gc,heap        ] GC(1436) Old regions: 22->22
[280.280s][info][gc,heap        ] GC(1436) Archive regions: 0->0
[280.280s][info][gc,heap        ] GC(1436) Humongous regions: 0->0
[280.280s][info][gc,metaspace   ] GC(1436) Metaspace: 14282K(15168K)->14282K(15168K) NonClass: 12332K(12928K)->12332K(12928K) Class: 1950K(2240K)->1950K(2240K)
[280.280s][info][gc             ] GC(1436) Pause Young (Normal) (G1 Evacuation Pause) 333M->8M(544M) 3.507ms
[280.280s][info][gc,cpu         ] GC(1436) User=0.00s Sys=0.00s Real=0.00s
[280.475s][info][gc,start       ] GC(1437) Pause Young (Normal) (G1 Evacuation Pause)
[280.475s][info][gc,task        ] GC(1437) Using 33 workers of 33 for evacuation
[280.478s][info][gc,phases      ] GC(1437)   Pre Evacuate Collection Set: 0.2ms
[280.478s][info][gc,phases      ] GC(1437)   Merge Heap Roots: 0.2ms
[280.478s][info][gc,phases      ] GC(1437)   Evacuate Collection Set: 0.4ms
[280.478s][info][gc,phases      ] GC(1437)   Post Evacuate Collection Set: 2.5ms
[280.478s][info][gc,phases      ] GC(1437)   Other: 0.1ms
[280.478s][info][gc,heap        ] GC(1437) Eden regions: 325->0(325)
[280.478s][info][gc,heap        ] GC(1437) Survivor regions: 1->1(41)
[280.478s][info][gc,heap        ] GC(1437) Old regions: 22->22
[280.478s][info][gc,heap        ] GC(1437) Archive regions: 0->0
[280.478s][info][gc,heap        ] GC(1437) Humongous regions: 0->0
[280.478s][info][gc,metaspace   ] GC(1437) Metaspace: 14282K(15168K)->14282K(15168K) NonClass: 12332K(12928K)->12332K(12928K) Class: 1950K(2240K)->1950K(2240K)
[280.478s][info][gc             ] GC(1437) Pause Young (Normal) (G1 Evacuation Pause) 333M->8M(544M) 3.537ms
[280.478s][info][gc,cpu         ] GC(1437) User=0.00s Sys=0.00s Real=0.00s
[280.673s][info][gc,start       ] GC(1438) Pause Young (Normal) (G1 Evacuation Pause)
[280.673s][info][gc,task        ] GC(1438) Using 33 workers of 33 for evacuation
[280.676s][info][gc,phases      ] GC(1438)   Pre Evacuate Collection Set: 0.1ms
[280.676s][info][gc,phases      ] GC(1438)   Merge Heap Roots: 0.2ms
[280.676s][info][gc,phases      ] GC(1438)   Evacuate Collection Set: 0.4ms
[280.676s][info][gc,phases      ] GC(1438)   Post Evacuate Collection Set: 2.6ms
[280.676s][info][gc,phases      ] GC(1438)   Other: 0.1ms
[280.676s][info][gc,heap        ] GC(1438) Eden regions: 325->0(325)
[280.676s][info][gc,heap        ] GC(1438) Survivor regions: 1->1(41)
[280.676s][info][gc,heap        ] GC(1438) Old regions: 22->22
[280.676s][info][gc,heap        ] GC(1438) Archive regions: 0->0
[280.676s][info][gc,heap        ] GC(1438) Humongous regions: 0->0
[280.676s][info][gc,metaspace   ] GC(1438) Metaspace: 14282K(15168K)->14282K(15168K) NonClass: 12332K(12928K)->12332K(12928K) Class: 1950K(2240K)->1950K(2240K)
[280.676s][info][gc             ] GC(1438) Pause Young (Normal) (G1 Evacuation Pause) 333M->8M(544M) 3.605ms
[280.676s][info][gc,cpu         ] GC(1438) User=0.00s Sys=0.00s Real=0.00s
[280.872s][info][gc,start       ] GC(1439) Pause Young (Normal) (G1 Evacuation Pause)
[280.872s][info][gc,task        ] GC(1439) Using 33 workers of 33 for evacuation
[280.875s][info][gc,phases      ] GC(1439)   Pre Evacuate Collection Set: 0.2ms
[280.875s][info][gc,phases      ] GC(1439)   Merge Heap Roots: 0.2ms
[280.875s][info][gc,phases      ] GC(1439)   Evacuate Collection Set: 0.3ms
[280.875s][info][gc,phases      ] GC(1439)   Post Evacuate Collection Set: 2.6ms
[280.875s][info][gc,phases      ] GC(1439)   Other: 0.1ms
[280.875s][info][gc,heap        ] GC(1439) Eden regions: 325->0(325)
[280.875s][info][gc,heap        ] GC(1439) Survivor regions: 1->1(41)
[280.875s][info][gc,heap        ] GC(1439) Old regions: 22->23
[280.875s][info][gc,heap        ] GC(1439) Archive regions: 0->0
[280.875s][info][gc,heap        ] GC(1439) Humongous regions: 0->0
[280.875s][info][gc,metaspace   ] GC(1439) Metaspace: 14282K(15168K)->14282K(15168K) NonClass: 12332K(12928K)->12332K(12928K) Class: 1950K(2240K)->1950K(2240K)
[280.875s][info][gc             ] GC(1439) Pause Young (Normal) (G1 Evacuation Pause) 333M->8M(544M) 3.553ms
[280.875s][info][gc,cpu         ] GC(1439) User=0.00s Sys=0.00s Real=0.00s
[281.069s][info][gc,start       ] GC(1440) Pause Young (Normal) (G1 Evacuation Pause)
[281.069s][info][gc,task        ] GC(1440) Using 33 workers of 33 for evacuation
[281.073s][info][gc,phases      ] GC(1440)   Pre Evacuate Collection Set: 0.2ms
[281.073s][info][gc,phases      ] GC(1440)   Merge Heap Roots: 0.2ms
[281.073s][info][gc,phases      ] GC(1440)   Evacuate Collection Set: 0.3ms
[281.073s][info][gc,phases      ] GC(1440)   Post Evacuate Collection Set: 2.6ms
[281.073s][info][gc,phases      ] GC(1440)   Other: 0.1ms
[281.073s][info][gc,heap        ] GC(1440) Eden regions: 325->0(325)
[281.073s][info][gc,heap        ] GC(1440) Survivor regions: 1->1(41)
[281.073s][info][gc,heap        ] GC(1440) Old regions: 23->23
[281.073s][info][gc,heap        ] GC(1440) Archive regions: 0->0
[281.073s][info][gc,heap        ] GC(1440) Humongous regions: 0->0
[281.073s][info][gc,metaspace   ] GC(1440) Metaspace: 14282K(15168K)->14282K(15168K) NonClass: 12332K(12928K)->12332K(12928K) Class: 1950K(2240K)->1950K(2240K)
[281.073s][info][gc             ] GC(1440) Pause Young (Normal) (G1 Evacuation Pause) 333M->8M(544M) 3.617ms
[281.073s][info][gc,cpu         ] GC(1440) User=0.00s Sys=0.00s Real=0.00s
[281.268s][info][gc,start       ] GC(1441) Pause Young (Normal) (G1 Evacuation Pause)
[281.268s][info][gc,task        ] GC(1441) Using 33 workers of 33 for evacuation
[281.272s][info][gc,phases      ] GC(1441)   Pre Evacuate Collection Set: 0.2ms
[281.272s][info][gc,phases      ] GC(1441)   Merge Heap Roots: 0.2ms
[281.272s][info][gc,phases      ] GC(1441)   Evacuate Collection Set: 0.3ms
[281.272s][info][gc,phases      ] GC(1441)   Post Evacuate Collection Set: 2.6ms
[281.272s][info][gc,phases      ] GC(1441)   Other: 0.1ms
[281.272s][info][gc,heap        ] GC(1441) Eden regions: 325->0(325)
[281.272s][info][gc,heap        ] GC(1441) Survivor regions: 1->1(41)
[281.272s][info][gc,heap        ] GC(1441) Old regions: 23->23
[281.272s][info][gc,heap        ] GC(1441) Archive regions: 0->0
[281.272s][info][gc,heap        ] GC(1441) Humongous regions: 0->0
[281.272s][info][gc,metaspace   ] GC(1441) Metaspace: 14282K(15168K)->14282K(15168K) NonClass: 12332K(12928K)->12332K(12928K) Class: 1950K(2240K)->1950K(2240K)
[281.272s][info][gc             ] GC(1441) Pause Young (Normal) (G1 Evacuation Pause) 333M->8M(544M) 3.667ms
[281.272s][info][gc,cpu         ] GC(1441) User=0.00s Sys=0.00s Real=0.00s
[281.466s][info][gc,start       ] GC(1442) Pause Young (Normal) (G1 Evacuation Pause)
[281.466s][info][gc,task        ] GC(1442) Using 33 workers of 33 for evacuation
[281.470s][info][gc,phases      ] GC(1442)   Pre Evacuate Collection Set: 0.2ms
[281.470s][info][gc,phases      ] GC(1442)   Merge Heap Roots: 0.2ms
[281.470s][info][gc,phases      ] GC(1442)   Evacuate Collection Set: 0.4ms
[281.470s][info][gc,phases      ] GC(1442)   Post Evacuate Collection Set: 2.7ms
[281.470s][info][gc,phases      ] GC(1442)   Other: 0.1ms
[281.470s][info][gc,heap        ] GC(1442) Eden regions: 325->0(325)
[281.470s][info][gc,heap        ] GC(1442) Survivor regions: 1->1(41)
[281.470s][info][gc,heap        ] GC(1442) Old regions: 23->23
[281.470s][info][gc,heap        ] GC(1442) Archive regions: 0->0
[281.470s][info][gc,heap        ] GC(1442) Humongous regions: 0->0
[281.470s][info][gc,metaspace   ] GC(1442) Metaspace: 14282K(15168K)->14282K(15168K) NonClass: 12332K(12928K)->12332K(12928K) Class: 1950K(2240K)->1950K(2240K)
[281.470s][info][gc             ] GC(1442) Pause Young (Normal) (G1 Evacuation Pause) 333M->8M(544M) 3.719ms
[281.470s][info][gc,cpu         ] GC(1442) User=0.52s Sys=0.00s Real=0.00s
[281.665s][info][gc,start       ] GC(1443) Pause Young (Normal) (G1 Evacuation Pause)
[281.665s][info][gc,task        ] GC(1443) Using 33 workers of 33 for evacuation
[281.669s][info][gc,phases      ] GC(1443)   Pre Evacuate Collection Set: 0.2ms
[281.669s][info][gc,phases      ] GC(1443)   Merge Heap Roots: 0.2ms
[281.669s][info][gc,phases      ] GC(1443)   Evacuate Collection Set: 0.4ms
[281.669s][info][gc,phases      ] GC(1443)   Post Evacuate Collection Set: 2.7ms
[281.669s][info][gc,phases      ] GC(1443)   Other: 0.1ms
[281.669s][info][gc,heap        ] GC(1443) Eden regions: 325->0(325)
[281.669s][info][gc,heap        ] GC(1443) Survivor regions: 1->1(41)
[281.669s][info][gc,heap        ] GC(1443) Old regions: 23->23
[281.669s][info][gc,heap        ] GC(1443) Archive regions: 0->0
[281.669s][info][gc,heap        ] GC(1443) Humongous regions: 0->0
[281.669s][info][gc,metaspace   ] GC(1443) Metaspace: 14282K(15168K)->14282K(15168K) NonClass: 12332K(12928K)->12332K(12928K) Class: 1950K(2240K)->1950K(2240K)
[281.669s][info][gc             ] GC(1443) Pause Young (Normal) (G1 Evacuation Pause) 333M->8M(544M) 3.792ms
[281.669s][info][gc,cpu         ] GC(1443) User=0.00s Sys=0.00s Real=0.00s
[281.864s][info][gc,start       ] GC(1444) Pause Young (Normal) (G1 Evacuation Pause)
[281.865s][info][gc,task        ] GC(1444) Using 33 workers of 33 for evacuation
[281.868s][info][gc,phases      ] GC(1444)   Pre Evacuate Collection Set: 0.2ms
[281.868s][info][gc,phases      ] GC(1444)   Merge Heap Roots: 0.1ms
[281.868s][info][gc,phases      ] GC(1444)   Evacuate Collection Set: 0.4ms
[281.868s][info][gc,phases      ] GC(1444)   Post Evacuate Collection Set: 2.8ms
[281.868s][info][gc,phases      ] GC(1444)   Other: 0.1ms
[281.868s][info][gc,heap        ] GC(1444) Eden regions: 325->0(325)
[281.868s][info][gc,heap        ] GC(1444) Survivor regions: 1->1(41)
[281.868s][info][gc,heap        ] GC(1444) Old regions: 23->23
[281.868s][info][gc,heap        ] GC(1444) Archive regions: 0->0
[281.868s][info][gc,heap        ] GC(1444) Humongous regions: 0->0
[281.868s][info][gc,metaspace   ] GC(1444) Metaspace: 14282K(15168K)->14282K(15168K) NonClass: 12332K(12928K)->12332K(12928K) Class: 1950K(2240K)->1950K(2240K)
[281.868s][info][gc             ] GC(1444) Pause Young (Normal) (G1 Evacuation Pause) 333M->9M(544M) 3.757ms
[281.868s][info][gc,cpu         ] GC(1444) User=0.00s Sys=0.00s Real=0.00s
[282.063s][info][gc,start       ] GC(1445) Pause Young (Normal) (G1 Evacuation Pause)
[282.063s][info][gc,task        ] GC(1445) Using 33 workers of 33 for evacuation
[282.067s][info][gc,phases      ] GC(1445)   Pre Evacuate Collection Set: 0.2ms
[282.067s][info][gc,phases      ] GC(1445)   Merge Heap Roots: 0.2ms
[282.067s][info][gc,phases      ] GC(1445)   Evacuate Collection Set: 0.4ms
[282.067s][info][gc,phases      ] GC(1445)   Post Evacuate Collection Set: 2.8ms
[282.067s][info][gc,phases      ] GC(1445)   Other: 0.1ms
[282.067s][info][gc,heap        ] GC(1445) Eden regions: 325->0(325)
[282.067s][info][gc,heap        ] GC(1445) Survivor regions: 1->1(41)
[282.067s][info][gc,heap        ] GC(1445) Old regions: 23->23
[282.067s][info][gc,heap        ] GC(1445) Archive regions: 0->0
[282.067s][info][gc,heap        ] GC(1445) Humongous regions: 0->0
[282.067s][info][gc,metaspace   ] GC(1445) Metaspace: 14282K(15168K)->14282K(15168K) NonClass: 12332K(12928K)->12332K(12928K) Class: 1950K(2240K)->1950K(2240K)
[282.067s][info][gc             ] GC(1445) Pause Young (Normal) (G1 Evacuation Pause) 334M->9M(544M) 3.866ms
[282.067s][info][gc,cpu         ] GC(1445) User=0.00s Sys=0.00s Real=0.00s
[282.261s][info][gc,start       ] GC(1446) Pause Young (Normal) (G1 Evacuation Pause)
[282.272s][info][gc,task        ] GC(1446) Using 33 workers of 33 for evacuation
[282.276s][info][gc,phases      ] GC(1446)   Pre Evacuate Collection Set: 0.1ms
[282.276s][info][gc,phases      ] GC(1446)   Merge Heap Roots: 0.2ms
[282.276s][info][gc,phases      ] GC(1446)   Evacuate Collection Set: 0.4ms
[282.276s][info][gc,phases      ] GC(1446)   Post Evacuate Collection Set: 2.9ms
[282.276s][info][gc,phases      ] GC(1446)   Other: 0.1ms
[282.276s][info][gc,heap        ] GC(1446) Eden regions: 325->0(325)
[282.276s][info][gc,heap        ] GC(1446) Survivor regions: 1->1(41)
[282.276s][info][gc,heap        ] GC(1446) Old regions: 23->23
[282.276s][info][gc,heap        ] GC(1446) Archive regions: 0->0
[282.276s][info][gc,heap        ] GC(1446) Humongous regions: 0->0
[282.276s][info][gc,metaspace   ] GC(1446) Metaspace: 14282K(15168K)->14282K(15168K) NonClass: 12332K(12928K)->12332K(12928K) Class: 1950K(2240K)->1950K(2240K)
[282.276s][info][gc             ] GC(1446) Pause Young (Normal) (G1 Evacuation Pause) 334M->9M(544M) 15.542ms
[282.276s][info][gc,cpu         ] GC(1446) User=0.00s Sys=0.00s Real=0.00s
[282.472s][info][gc,start       ] GC(1447) Pause Young (Normal) (G1 Evacuation Pause)
[282.472s][info][gc,task        ] GC(1447) Using 33 workers of 33 for evacuation
[282.476s][info][gc,phases      ] GC(1447)   Pre Evacuate Collection Set: 0.2ms
[282.476s][info][gc,phases      ] GC(1447)   Merge Heap Roots: 0.1ms
[282.476s][info][gc,phases      ] GC(1447)   Evacuate Collection Set: 0.4ms
[282.476s][info][gc,phases      ] GC(1447)   Post Evacuate Collection Set: 2.8ms
[282.476s][info][gc,phases      ] GC(1447)   Other: 0.1ms
[282.476s][info][gc,heap        ] GC(1447) Eden regions: 325->0(325)
[282.476s][info][gc,heap        ] GC(1447) Survivor regions: 1->1(41)
[282.476s][info][gc,heap        ] GC(1447) Old regions: 23->23
[282.476s][info][gc,heap        ] GC(1447) Archive regions: 0->0
[282.476s][info][gc,heap        ] GC(1447) Humongous regions: 0->0
[282.476s][info][gc,metaspace   ] GC(1447) Metaspace: 14282K(15168K)->14282K(15168K) NonClass: 12332K(12928K)->12332K(12928K) Class: 1950K(2240K)->1950K(2240K)
[282.476s][info][gc             ] GC(1447) Pause Young (Normal) (G1 Evacuation Pause) 334M->9M(544M) 3.841ms
[282.476s][info][gc,cpu         ] GC(1447) User=0.00s Sys=0.00s Real=0.00s
[282.790s][info][gc,start       ] GC(1448) Pause Young (Normal) (G1 Evacuation Pause)
[282.790s][info][gc,task        ] GC(1448) Using 33 workers of 33 for evacuation
[282.795s][info][gc,phases      ] GC(1448)   Pre Evacuate Collection Set: 0.2ms
[282.795s][info][gc,phases      ] GC(1448)   Merge Heap Roots: 0.2ms
[282.795s][info][gc,phases      ] GC(1448)   Evacuate Collection Set: 0.5ms
[282.795s][info][gc,phases      ] GC(1448)   Post Evacuate Collection Set: 3.7ms
[282.795s][info][gc,phases      ] GC(1448)   Other: 0.2ms
[282.795s][info][gc,heap        ] GC(1448) Eden regions: 325->0(325)
[282.795s][info][gc,heap        ] GC(1448) Survivor regions: 1->1(41)
[282.795s][info][gc,heap        ] GC(1448) Old regions: 23->23
[282.795s][info][gc,heap        ] GC(1448) Archive regions: 0->0
[282.795s][info][gc,heap        ] GC(1448) Humongous regions: 0->0
[282.796s][info][gc,metaspace   ] GC(1448) Metaspace: 14282K(15168K)->14282K(15168K) NonClass: 12332K(12928K)->12332K(12928K) Class: 1950K(2240K)->1950K(2240K)
[282.796s][info][gc             ] GC(1448) Pause Young (Normal) (G1 Evacuation Pause) 334M->9M(544M) 5.466ms
[282.796s][info][gc,cpu         ] GC(1448) User=0.00s Sys=0.00s Real=0.00s
[282.996s][info][gc,start       ] GC(1449) Pause Young (Normal) (G1 Evacuation Pause)
[282.996s][info][gc,task        ] GC(1449) Using 33 workers of 33 for evacuation
[283.000s][info][gc,phases      ] GC(1449)   Pre Evacuate Collection Set: 0.2ms
[283.000s][info][gc,phases      ] GC(1449)   Merge Heap Roots: 0.2ms
[283.000s][info][gc,phases      ] GC(1449)   Evacuate Collection Set: 0.3ms
[283.000s][info][gc,phases      ] GC(1449)   Post Evacuate Collection Set: 2.7ms
[283.000s][info][gc,phases      ] GC(1449)   Other: 0.1ms
[283.000s][info][gc,heap        ] GC(1449) Eden regions: 325->0(325)
[283.000s][info][gc,heap        ] GC(1449) Survivor regions: 1->1(41)
[283.000s][info][gc,heap        ] GC(1449) Old regions: 23->23
[283.000s][info][gc,heap        ] GC(1449) Archive regions: 0->0
[283.000s][info][gc,heap        ] GC(1449) Humongous regions: 0->0
[283.000s][info][gc,metaspace   ] GC(1449) Metaspace: 14282K(15168K)->14282K(15168K) NonClass: 12332K(12928K)->12332K(12928K) Class: 1950K(2240K)->1950K(2240K)
[283.000s][info][gc             ] GC(1449) Pause Young (Normal) (G1 Evacuation Pause) 334M->9M(544M) 3.727ms
[283.000s][info][gc,cpu         ] GC(1449) User=0.00s Sys=0.00s Real=0.00s
[283.196s][info][gc,start       ] GC(1450) Pause Young (Normal) (G1 Evacuation Pause)
[283.196s][info][gc,task        ] GC(1450) Using 33 workers of 33 for evacuation
[283.199s][info][gc,phases      ] GC(1450)   Pre Evacuate Collection Set: 0.2ms
[283.199s][info][gc,phases      ] GC(1450)   Merge Heap Roots: 0.2ms
[283.199s][info][gc,phases      ] GC(1450)   Evacuate Collection Set: 0.3ms
[283.199s][info][gc,phases      ] GC(1450)   Post Evacuate Collection Set: 2.6ms
[283.199s][info][gc,phases      ] GC(1450)   Other: 0.1ms
[283.199s][info][gc,heap        ] GC(1450) Eden regions: 325->0(325)
[283.199s][info][gc,heap        ] GC(1450) Survivor regions: 1->1(41)
[283.199s][info][gc,heap        ] GC(1450) Old regions: 23->23
[283.199s][info][gc,heap        ] GC(1450) Archive regions: 0->0
[283.199s][info][gc,heap        ] GC(1450) Humongous regions: 0->0
[283.199s][info][gc,metaspace   ] GC(1450) Metaspace: 14282K(15168K)->14282K(15168K) NonClass: 12332K(12928K)->12332K(12928K) Class: 1950K(2240K)->1950K(2240K)
[283.199s][info][gc             ] GC(1450) Pause Young (Normal) (G1 Evacuation Pause) 334M->9M(544M) 3.590ms
[283.199s][info][gc,cpu         ] GC(1450) User=0.00s Sys=0.00s Real=0.00s
[283.394s][info][gc,start       ] GC(1451) Pause Young (Normal) (G1 Evacuation Pause)
[283.394s][info][gc,task        ] GC(1451) Using 33 workers of 33 for evacuation
[283.397s][info][gc,phases      ] GC(1451)   Pre Evacuate Collection Set: 0.1ms
[283.397s][info][gc,phases      ] GC(1451)   Merge Heap Roots: 0.2ms
[283.397s][info][gc,phases      ] GC(1451)   Evacuate Collection Set: 0.3ms
[283.397s][info][gc,phases      ] GC(1451)   Post Evacuate Collection Set: 2.5ms
[283.397s][info][gc,phases      ] GC(1451)   Other: 0.1ms
[283.397s][info][gc,heap        ] GC(1451) Eden regions: 325->0(325)
[283.397s][info][gc,heap        ] GC(1451) Survivor regions: 1->1(41)
[283.397s][info][gc,heap        ] GC(1451) Old regions: 23->23
[283.397s][info][gc,heap        ] GC(1451) Archive regions: 0->0
[283.397s][info][gc,heap        ] GC(1451) Humongous regions: 0->0
[283.397s][info][gc,metaspace   ] GC(1451) Metaspace: 14282K(15168K)->14282K(15168K) NonClass: 12332K(12928K)->12332K(12928K) Class: 1950K(2240K)->1950K(2240K)
[283.397s][info][gc             ] GC(1451) Pause Young (Normal) (G1 Evacuation Pause) 334M->9M(544M) 3.490ms
[283.397s][info][gc,cpu         ] GC(1451) User=0.00s Sys=0.00s Real=0.00s
[283.591s][info][gc,start       ] GC(1452) Pause Young (Normal) (G1 Evacuation Pause)
[283.591s][info][gc,task        ] GC(1452) Using 33 workers of 33 for evacuation
[283.594s][info][gc,phases      ] GC(1452)   Pre Evacuate Collection Set: 0.2ms
[283.594s][info][gc,phases      ] GC(1452)   Merge Heap Roots: 0.2ms
[283.594s][info][gc,phases      ] GC(1452)   Evacuate Collection Set: 0.4ms
[283.594s][info][gc,phases      ] GC(1452)   Post Evacuate Collection Set: 2.3ms
[283.594s][info][gc,phases      ] GC(1452)   Other: 0.1ms
[283.594s][info][gc,heap        ] GC(1452) Eden regions: 325->0(325)
[283.594s][info][gc,heap        ] GC(1452) Survivor regions: 1->1(41)
[283.594s][info][gc,heap        ] GC(1452) Old regions: 23->23
[283.594s][info][gc,heap        ] GC(1452) Archive regions: 0->0
[283.594s][info][gc,heap        ] GC(1452) Humongous regions: 0->0
[283.594s][info][gc,metaspace   ] GC(1452) Metaspace: 14282K(15168K)->14282K(15168K) NonClass: 12332K(12928K)->12332K(12928K) Class: 1950K(2240K)->1950K(2240K)
[283.594s][info][gc             ] GC(1452) Pause Young (Normal) (G1 Evacuation Pause) 334M->9M(544M) 3.393ms
[283.594s][info][gc,cpu         ] GC(1452) User=0.52s Sys=0.00s Real=0.00s
[283.789s][info][gc,start       ] GC(1453) Pause Young (Normal) (G1 Evacuation Pause)
[283.789s][info][gc,task        ] GC(1453) Using 33 workers of 33 for evacuation
[283.792s][info][gc,phases      ] GC(1453)   Pre Evacuate Collection Set: 0.1ms
[283.792s][info][gc,phases      ] GC(1453)   Merge Heap Roots: 0.1ms
[283.792s][info][gc,phases      ] GC(1453)   Evacuate Collection Set: 0.4ms
[283.792s][info][gc,phases      ] GC(1453)   Post Evacuate Collection Set: 2.4ms
[283.792s][info][gc,phases      ] GC(1453)   Other: 0.1ms
[283.792s][info][gc,heap        ] GC(1453) Eden regions: 325->0(325)
[283.792s][info][gc,heap        ] GC(1453) Survivor regions: 1->1(41)
[283.792s][info][gc,heap        ] GC(1453) Old regions: 23->23
[283.792s][info][gc,heap        ] GC(1453) Archive regions: 0->0
[283.792s][info][gc,heap        ] GC(1453) Humongous regions: 0->0
[283.792s][info][gc,metaspace   ] GC(1453) Metaspace: 14282K(15168K)->14282K(15168K) NonClass: 12332K(12928K)->12332K(12928K) Class: 1950K(2240K)->1950K(2240K)
[283.792s][info][gc             ] GC(1453) Pause Young (Normal) (G1 Evacuation Pause) 334M->9M(544M) 3.440ms
[283.792s][info][gc,cpu         ] GC(1453) User=0.00s Sys=0.00s Real=0.00s
[283.988s][info][gc,start       ] GC(1454) Pause Young (Normal) (G1 Evacuation Pause)
[283.988s][info][gc,task        ] GC(1454) Using 33 workers of 33 for evacuation
[283.992s][info][gc,phases      ] GC(1454)   Pre Evacuate Collection Set: 0.2ms
[283.992s][info][gc,phases      ] GC(1454)   Merge Heap Roots: 0.2ms
[283.992s][info][gc,phases      ] GC(1454)   Evacuate Collection Set: 0.4ms
[283.992s][info][gc,phases      ] GC(1454)   Post Evacuate Collection Set: 2.5ms
[283.992s][info][gc,phases      ] GC(1454)   Other: 0.1ms
[283.992s][info][gc,heap        ] GC(1454) Eden regions: 325->0(325)
[283.992s][info][gc,heap        ] GC(1454) Survivor regions: 1->1(41)
[283.992s][info][gc,heap        ] GC(1454) Old regions: 23->23
[283.992s][info][gc,heap        ] GC(1454) Archive regions: 0->0
[283.992s][info][gc,heap        ] GC(1454) Humongous regions: 0->0
[283.992s][info][gc,metaspace   ] GC(1454) Metaspace: 14282K(15168K)->14282K(15168K) NonClass: 12332K(12928K)->12332K(12928K) Class: 1950K(2240K)->1950K(2240K)
[283.992s][info][gc             ] GC(1454) Pause Young (Normal) (G1 Evacuation Pause) 334M->9M(544M) 3.513ms
[283.992s][info][gc,cpu         ] GC(1454) User=0.00s Sys=0.00s Real=0.00s
[284.192s][info][gc,start       ] GC(1455) Pause Young (Normal) (G1 Evacuation Pause)
[284.192s][info][gc,task        ] GC(1455) Using 33 workers of 33 for evacuation
[284.196s][info][gc,phases      ] GC(1455)   Pre Evacuate Collection Set: 0.2ms
[284.196s][info][gc,phases      ] GC(1455)   Merge Heap Roots: 0.1ms
[284.196s][info][gc,phases      ] GC(1455)   Evacuate Collection Set: 0.3ms
[284.196s][info][gc,phases      ] GC(1455)   Post Evacuate Collection Set: 2.5ms
[284.196s][info][gc,phases      ] GC(1455)   Other: 0.1ms
[284.196s][info][gc,heap        ] GC(1455) Eden regions: 325->0(325)
[284.196s][info][gc,heap        ] GC(1455) Survivor regions: 1->1(41)
[284.196s][info][gc,heap        ] GC(1455) Old regions: 23->23
[284.196s][info][gc,heap        ] GC(1455) Archive regions: 0->0
[284.196s][info][gc,heap        ] GC(1455) Humongous regions: 0->0
[284.196s][info][gc,metaspace   ] GC(1455) Metaspace: 14282K(15168K)->14282K(15168K) NonClass: 12332K(12928K)->12332K(12928K) Class: 1950K(2240K)->1950K(2240K)
[284.196s][info][gc             ] GC(1455) Pause Young (Normal) (G1 Evacuation Pause) 334M->9M(544M) 3.547ms
[284.196s][info][gc,cpu         ] GC(1455) User=0.00s Sys=0.00s Real=0.00s
[284.398s][info][gc,start       ] GC(1456) Pause Young (Normal) (G1 Evacuation Pause)
[284.398s][info][gc,task        ] GC(1456) Using 33 workers of 33 for evacuation
[284.401s][info][gc,phases      ] GC(1456)   Pre Evacuate Collection Set: 0.2ms
[284.401s][info][gc,phases      ] GC(1456)   Merge Heap Roots: 0.1ms
[284.401s][info][gc,phases      ] GC(1456)   Evacuate Collection Set: 0.4ms
[284.401s][info][gc,phases      ] GC(1456)   Post Evacuate Collection Set: 2.5ms
[284.401s][info][gc,phases      ] GC(1456)   Other: 0.1ms
[284.401s][info][gc,heap        ] GC(1456) Eden regions: 325->0(325)
[284.401s][info][gc,heap        ] GC(1456) Survivor regions: 1->1(41)
[284.401s][info][gc,heap        ] GC(1456) Old regions: 23->23
[284.401s][info][gc,heap        ] GC(1456) Archive regions: 0->0
[284.401s][info][gc,heap        ] GC(1456) Humongous regions: 0->0
[284.401s][info][gc,metaspace   ] GC(1456) Metaspace: 14282K(15168K)->14282K(15168K) NonClass: 12332K(12928K)->12332K(12928K) Class: 1950K(2240K)->1950K(2240K)
[284.401s][info][gc             ] GC(1456) Pause Young (Normal) (G1 Evacuation Pause) 334M->9M(544M) 3.532ms
[284.401s][info][gc,cpu         ] GC(1456) User=0.00s Sys=0.00s Real=0.00s
[284.617s][info][gc,start       ] GC(1457) Pause Young (Normal) (G1 Evacuation Pause)
[284.617s][info][gc,task        ] GC(1457) Using 33 workers of 33 for evacuation
[284.620s][info][gc,phases      ] GC(1457)   Pre Evacuate Collection Set: 0.1ms
[284.620s][info][gc,phases      ] GC(1457)   Merge Heap Roots: 0.2ms
[284.620s][info][gc,phases      ] GC(1457)   Evacuate Collection Set: 0.3ms
[284.620s][info][gc,phases      ] GC(1457)   Post Evacuate Collection Set: 2.6ms
[284.620s][info][gc,phases      ] GC(1457)   Other: 0.1ms
[284.620s][info][gc,heap        ] GC(1457) Eden regions: 325->0(325)
[284.620s][info][gc,heap        ] GC(1457) Survivor regions: 1->1(41)
[284.620s][info][gc,heap        ] GC(1457) Old regions: 23->23
[284.620s][info][gc,heap        ] GC(1457) Archive regions: 0->0
[284.620s][info][gc,heap        ] GC(1457) Humongous regions: 0->0
[284.620s][info][gc,metaspace   ] GC(1457) Metaspace: 14282K(15168K)->14282K(15168K) NonClass: 12332K(12928K)->12332K(12928K) Class: 1950K(2240K)->1950K(2240K)
[284.620s][info][gc             ] GC(1457) Pause Young (Normal) (G1 Evacuation Pause) 334M->9M(544M) 3.512ms
[284.620s][info][gc,cpu         ] GC(1457) User=0.00s Sys=0.00s Real=0.00s
[284.851s][info][gc,start       ] GC(1458) Pause Young (Normal) (G1 Evacuation Pause)
[284.851s][info][gc,task        ] GC(1458) Using 33 workers of 33 for evacuation
[284.855s][info][gc,phases      ] GC(1458)   Pre Evacuate Collection Set: 0.1ms
[284.855s][info][gc,phases      ] GC(1458)   Merge Heap Roots: 0.1ms
[284.855s][info][gc,phases      ] GC(1458)   Evacuate Collection Set: 0.4ms
[284.855s][info][gc,phases      ] GC(1458)   Post Evacuate Collection Set: 2.7ms
[284.855s][info][gc,phases      ] GC(1458)   Other: 0.1ms
[284.855s][info][gc,heap        ] GC(1458) Eden regions: 325->0(325)
[284.855s][info][gc,heap        ] GC(1458) Survivor regions: 1->1(41)
[284.855s][info][gc,heap        ] GC(1458) Old regions: 23->23
[284.855s][info][gc,heap        ] GC(1458) Archive regions: 0->0
[284.855s][info][gc,heap        ] GC(1458) Humongous regions: 0->0
[284.855s][info][gc,metaspace   ] GC(1458) Metaspace: 14282K(15168K)->14282K(15168K) NonClass: 12332K(12928K)->12332K(12928K) Class: 1950K(2240K)->1950K(2240K)
[284.855s][info][gc             ] GC(1458) Pause Young (Normal) (G1 Evacuation Pause) 334M->9M(544M) 3.667ms
[284.855s][info][gc,cpu         ] GC(1458) User=0.00s Sys=0.00s Real=0.00s
[285.044s][info][gc,start       ] GC(1459) Pause Young (Normal) (G1 Evacuation Pause)
[285.044s][info][gc,task        ] GC(1459) Using 33 workers of 33 for evacuation
[285.048s][info][gc,phases      ] GC(1459)   Pre Evacuate Collection Set: 0.2ms
[285.048s][info][gc,phases      ] GC(1459)   Merge Heap Roots: 0.2ms
[285.048s][info][gc,phases      ] GC(1459)   Evacuate Collection Set: 0.4ms
[285.048s][info][gc,phases      ] GC(1459)   Post Evacuate Collection Set: 2.7ms
[285.048s][info][gc,phases      ] GC(1459)   Other: 0.1ms
[285.048s][info][gc,heap        ] GC(1459) Eden regions: 325->0(325)
[285.048s][info][gc,heap        ] GC(1459) Survivor regions: 1->1(41)
[285.048s][info][gc,heap        ] GC(1459) Old regions: 23->23
[285.048s][info][gc,heap        ] GC(1459) Archive regions: 0->0
[285.048s][info][gc,heap        ] GC(1459) Humongous regions: 0->0
[285.048s][info][gc,metaspace   ] GC(1459) Metaspace: 14282K(15168K)->14282K(15168K) NonClass: 12332K(12928K)->12332K(12928K) Class: 1950K(2240K)->1950K(2240K)
[285.048s][info][gc             ] GC(1459) Pause Young (Normal) (G1 Evacuation Pause) 334M->9M(544M) 3.751ms
[285.048s][info][gc,cpu         ] GC(1459) User=0.00s Sys=0.00s Real=0.00s
[285.250s][info][gc,start       ] GC(1460) Pause Young (Normal) (G1 Evacuation Pause)
[285.250s][info][gc,task        ] GC(1460) Using 23 workers of 33 for evacuation
[285.253s][info][gc,phases      ] GC(1460)   Pre Evacuate Collection Set: 0.1ms
[285.253s][info][gc,phases      ] GC(1460)   Merge Heap Roots: 0.1ms
[285.253s][info][gc,phases      ] GC(1460)   Evacuate Collection Set: 0.2ms
[285.253s][info][gc,phases      ] GC(1460)   Post Evacuate Collection Set: 2.8ms
[285.253s][info][gc,phases      ] GC(1460)   Other: 0.1ms
[285.253s][info][gc,heap        ] GC(1460) Eden regions: 325->0(325)
[285.253s][info][gc,heap        ] GC(1460) Survivor regions: 1->1(41)
[285.253s][info][gc,heap        ] GC(1460) Old regions: 23->24
[285.253s][info][gc,heap        ] GC(1460) Archive regions: 0->0
[285.253s][info][gc,heap        ] GC(1460) Humongous regions: 0->0
[285.253s][info][gc,metaspace   ] GC(1460) Metaspace: 14282K(15168K)->14282K(15168K) NonClass: 12332K(12928K)->12332K(12928K) Class: 1950K(2240K)->1950K(2240K)
[285.253s][info][gc             ] GC(1460) Pause Young (Normal) (G1 Evacuation Pause) 334M->9M(544M) 3.647ms
[285.254s][info][gc,cpu         ] GC(1460) User=0.02s Sys=0.00s Real=0.00s
[285.331s][info][gc,start       ] GC(1461) Pause Full (System.gc())
[285.331s][info][gc,task        ] GC(1461) Using 18 workers of 33 for full compaction
[285.332s][info][gc,phases,start] GC(1461) Phase 1: Mark live objects
[285.338s][info][gc,phases      ] GC(1461) Phase 1: Mark live objects 6.168ms
[285.338s][info][gc,phases,start] GC(1461) Phase 2: Prepare compaction
[285.339s][info][gc,phases      ] GC(1461) Phase 2: Prepare compaction 0.871ms
[285.339s][info][gc,phases,start] GC(1461) Phase 3: Adjust pointers
[285.346s][info][gc,phases      ] GC(1461) Phase 3: Adjust pointers 6.509ms
[285.346s][info][gc,phases,start] GC(1461) Phase 4: Compact heap
[285.346s][info][gc,phases      ] GC(1461) Phase 4: Compact heap 0.600ms
[285.352s][info][gc,heap        ] GC(1461) Eden regions: 38->0(38)
[285.352s][info][gc,heap        ] GC(1461) Survivor regions: 1->0(41)
[285.352s][info][gc,heap        ] GC(1461) Old regions: 24->19
[285.352s][info][gc,heap        ] GC(1461) Archive regions: 0->0
[285.352s][info][gc,heap        ] GC(1461) Humongous regions: 0->0
[285.352s][info][gc,metaspace   ] GC(1461) Metaspace: 14282K(15168K)->14282K(15168K) NonClass: 12332K(12928K)->12332K(12928K) Class: 1950K(2240K)->1950K(2240K)
[285.352s][info][gc             ] GC(1461) Pause Full (System.gc()) 47M->5M(64M) 21.004ms
[285.352s][info][gc,cpu         ] GC(1461) User=0.02s Sys=0.00s Real=0.02s
[285.381s][info][gc,start       ] GC(1462) Pause Young (Normal) (G1 Evacuation Pause)
[285.381s][info][gc,task        ] GC(1462) Using 33 workers of 33 for evacuation
[285.384s][info][gc,phases      ] GC(1462)   Pre Evacuate Collection Set: 0.1ms
[285.384s][info][gc,phases      ] GC(1462)   Merge Heap Roots: 0.1ms
[285.384s][info][gc,phases      ] GC(1462)   Evacuate Collection Set: 0.4ms
[285.384s][info][gc,phases      ] GC(1462)   Post Evacuate Collection Set: 2.3ms
[285.384s][info][gc,phases      ] GC(1462)   Other: 0.1ms
[285.384s][info][gc,heap        ] GC(1462) Eden regions: 38->0(36)
[285.384s][info][gc,heap        ] GC(1462) Survivor regions: 0->2(5)
[285.384s][info][gc,heap        ] GC(1462) Old regions: 19->19
[285.384s][info][gc,heap        ] GC(1462) Archive regions: 0->0
[285.384s][info][gc,heap        ] GC(1462) Humongous regions: 0->0
[285.384s][info][gc,metaspace   ] GC(1462) Metaspace: 14282K(15168K)->14282K(15168K) NonClass: 12332K(12928K)->12332K(12928K) Class: 1950K(2240K)->1950K(2240K)
[285.384s][info][gc             ] GC(1462) Pause Young (Normal) (G1 Evacuation Pause) 43M->6M(64M) 3.383ms
[285.384s][info][gc,cpu         ] GC(1462) User=0.00s Sys=0.00s Real=0.00s
[285.403s][info][gc,start       ] GC(1463) Pause Young (Normal) (G1 Evacuation Pause)
[285.403s][info][gc,task        ] GC(1463) Using 33 workers of 33 for evacuation
[285.406s][info][gc,phases      ] GC(1463)   Pre Evacuate Collection Set: 0.1ms
[285.406s][info][gc,phases      ] GC(1463)   Merge Heap Roots: 0.1ms
[285.406s][info][gc,phases      ] GC(1463)   Evacuate Collection Set: 0.4ms
[285.406s][info][gc,phases      ] GC(1463)   Post Evacuate Collection Set: 2.2ms
[285.406s][info][gc,phases      ] GC(1463)   Other: 0.1ms
[285.406s][info][gc,heap        ] GC(1463) Eden regions: 36->0(36)
[285.406s][info][gc,heap        ] GC(1463) Survivor regions: 2->2(5)
[285.406s][info][gc,heap        ] GC(1463) Old regions: 19->19
[285.406s][info][gc,heap        ] GC(1463) Archive regions: 0->0
[285.406s][info][gc,heap        ] GC(1463) Humongous regions: 0->0
[285.406s][info][gc,metaspace   ] GC(1463) Metaspace: 14282K(15168K)->14282K(15168K) NonClass: 12332K(12928K)->12332K(12928K) Class: 1950K(2240K)->1950K(2240K)
[285.406s][info][gc             ] GC(1463) Pause Young (Normal) (G1 Evacuation Pause) 42M->6M(64M) 3.055ms
[285.406s][info][gc,cpu         ] GC(1463) User=0.11s Sys=0.17s Real=0.00s
[285.425s][info][gc,start       ] GC(1464) Pause Young (Normal) (G1 Evacuation Pause)
[285.425s][info][gc,task        ] GC(1464) Using 33 workers of 33 for evacuation
[285.428s][info][gc,phases      ] GC(1464)   Pre Evacuate Collection Set: 0.1ms
[285.428s][info][gc,phases      ] GC(1464)   Merge Heap Roots: 0.1ms
[285.428s][info][gc,phases      ] GC(1464)   Evacuate Collection Set: 0.4ms
[285.428s][info][gc,phases      ] GC(1464)   Post Evacuate Collection Set: 2.2ms
[285.428s][info][gc,phases      ] GC(1464)   Other: 0.1ms
[285.428s][info][gc,heap        ] GC(1464) Eden regions: 36->0(36)
[285.428s][info][gc,heap        ] GC(1464) Survivor regions: 2->2(5)
[285.428s][info][gc,heap        ] GC(1464) Old regions: 19->19
[285.428s][info][gc,heap        ] GC(1464) Archive regions: 0->0
[285.428s][info][gc,heap        ] GC(1464) Humongous regions: 0->0
[285.428s][info][gc,metaspace   ] GC(1464) Metaspace: 14282K(15168K)->14282K(15168K) NonClass: 12332K(12928K)->12332K(12928K) Class: 1950K(2240K)->1950K(2240K)
[285.428s][info][gc             ] GC(1464) Pause Young (Normal) (G1 Evacuation Pause) 42M->6M(64M) 3.035ms
[285.428s][info][gc,cpu         ] GC(1464) User=0.00s Sys=0.00s Real=0.00s
[285.447s][info][gc,start       ] GC(1465) Pause Young (Normal) (G1 Evacuation Pause)
[285.447s][info][gc,task        ] GC(1465) Using 33 workers of 33 for evacuation
[285.452s][info][gc,phases      ] GC(1465)   Pre Evacuate Collection Set: 0.1ms
[285.452s][info][gc,phases      ] GC(1465)   Merge Heap Roots: 0.1ms
[285.452s][info][gc,phases      ] GC(1465)   Evacuate Collection Set: 0.4ms
[285.452s][info][gc,phases      ] GC(1465)   Post Evacuate Collection Set: 3.8ms
[285.452s][info][gc,phases      ] GC(1465)   Other: 0.1ms
[285.452s][info][gc,heap        ] GC(1465) Eden regions: 36->0(324)
[285.452s][info][gc,heap        ] GC(1465) Survivor regions: 2->2(5)
[285.452s][info][gc,heap        ] GC(1465) Old regions: 19->19
[285.452s][info][gc,heap        ] GC(1465) Archive regions: 0->0
[285.452s][info][gc,heap        ] GC(1465) Humongous regions: 0->0
[285.452s][info][gc,metaspace   ] GC(1465) Metaspace: 14282K(15168K)->14282K(15168K) NonClass: 12332K(12928K)->12332K(12928K) Class: 1950K(2240K)->1950K(2240K)
[285.452s][info][gc             ] GC(1465) Pause Young (Normal) (G1 Evacuation Pause) 42M->6M(544M) 4.771ms
[285.452s][info][gc,cpu         ] GC(1465) User=0.00s Sys=0.00s Real=0.00s
[285.620s][info][gc,start       ] GC(1466) Pause Young (Normal) (G1 Evacuation Pause)
[285.620s][info][gc,task        ] GC(1466) Using 33 workers of 33 for evacuation
[285.623s][info][gc,phases      ] GC(1466)   Pre Evacuate Collection Set: 0.1ms
[285.623s][info][gc,phases      ] GC(1466)   Merge Heap Roots: 0.1ms
[285.623s][info][gc,phases      ] GC(1466)   Evacuate Collection Set: 0.5ms
[285.623s][info][gc,phases      ] GC(1466)   Post Evacuate Collection Set: 2.7ms
[285.623s][info][gc,phases      ] GC(1466)   Other: 0.1ms
[285.623s][info][gc,heap        ] GC(1466) Eden regions: 324->0(324)
[285.624s][info][gc,heap        ] GC(1466) Survivor regions: 2->2(41)
[285.624s][info][gc,heap        ] GC(1466) Old regions: 19->19
[285.624s][info][gc,heap        ] GC(1466) Archive regions: 0->0
[285.624s][info][gc,heap        ] GC(1466) Humongous regions: 0->0
[285.624s][info][gc,metaspace   ] GC(1466) Metaspace: 14282K(15168K)->14282K(15168K) NonClass: 12332K(12928K)->12332K(12928K) Class: 1950K(2240K)->1950K(2240K)
[285.624s][info][gc             ] GC(1466) Pause Young (Normal) (G1 Evacuation Pause) 330M->6M(544M) 3.785ms
[285.624s][info][gc,cpu         ] GC(1466) User=0.00s Sys=0.00s Real=0.00s
[285.795s][info][gc,start       ] GC(1467) Pause Young (Normal) (G1 Evacuation Pause)
[285.795s][info][gc,task        ] GC(1467) Using 33 workers of 33 for evacuation
[285.799s][info][gc,phases      ] GC(1467)   Pre Evacuate Collection Set: 0.1ms
[285.799s][info][gc,phases      ] GC(1467)   Merge Heap Roots: 0.1ms
[285.799s][info][gc,phases      ] GC(1467)   Evacuate Collection Set: 0.4ms
[285.799s][info][gc,phases      ] GC(1467)   Post Evacuate Collection Set: 2.7ms
[285.799s][info][gc,phases      ] GC(1467)   Other: 0.1ms
[285.799s][info][gc,heap        ] GC(1467) Eden regions: 324->0(324)
[285.799s][info][gc,heap        ] GC(1467) Survivor regions: 2->2(41)
[285.799s][info][gc,heap        ] GC(1467) Old regions: 19->19
[285.799s][info][gc,heap        ] GC(1467) Archive regions: 0->0
[285.799s][info][gc,heap        ] GC(1467) Humongous regions: 0->0
[285.799s][info][gc,metaspace   ] GC(1467) Metaspace: 14282K(15168K)->14282K(15168K) NonClass: 12332K(12928K)->12332K(12928K) Class: 1950K(2240K)->1950K(2240K)
[285.799s][info][gc             ] GC(1467) Pause Young (Normal) (G1 Evacuation Pause) 330M->6M(544M) 3.781ms
[285.799s][info][gc,cpu         ] GC(1467) User=0.00s Sys=0.00s Real=0.00s
[285.967s][info][gc,start       ] GC(1468) Pause Young (Normal) (G1 Evacuation Pause)
[285.967s][info][gc,task        ] GC(1468) Using 33 workers of 33 for evacuation
[285.970s][info][gc,phases      ] GC(1468)   Pre Evacuate Collection Set: 0.1ms
[285.970s][info][gc,phases      ] GC(1468)   Merge Heap Roots: 0.1ms
[285.970s][info][gc,phases      ] GC(1468)   Evacuate Collection Set: 0.5ms
[285.970s][info][gc,phases      ] GC(1468)   Post Evacuate Collection Set: 2.7ms
[285.970s][info][gc,phases      ] GC(1468)   Other: 0.1ms
[285.970s][info][gc,heap        ] GC(1468) Eden regions: 324->0(324)
[285.970s][info][gc,heap        ] GC(1468) Survivor regions: 2->2(41)
[285.970s][info][gc,heap        ] GC(1468) Old regions: 19->19
[285.970s][info][gc,heap        ] GC(1468) Archive regions: 0->0
[285.970s][info][gc,heap        ] GC(1468) Humongous regions: 0->0
[285.970s][info][gc,metaspace   ] GC(1468) Metaspace: 14282K(15168K)->14282K(15168K) NonClass: 12332K(12928K)->12332K(12928K) Class: 1950K(2240K)->1950K(2240K)
[285.970s][info][gc             ] GC(1468) Pause Young (Normal) (G1 Evacuation Pause) 330M->6M(544M) 3.821ms
[285.970s][info][gc,cpu         ] GC(1468) User=0.00s Sys=0.00s Real=0.00s
[286.143s][info][gc,start       ] GC(1469) Pause Young (Normal) (G1 Evacuation Pause)
[286.143s][info][gc,task        ] GC(1469) Using 33 workers of 33 for evacuation
[286.147s][info][gc,phases      ] GC(1469)   Pre Evacuate Collection Set: 0.1ms
[286.147s][info][gc,phases      ] GC(1469)   Merge Heap Roots: 0.1ms
[286.147s][info][gc,phases      ] GC(1469)   Evacuate Collection Set: 0.5ms
[286.147s][info][gc,phases      ] GC(1469)   Post Evacuate Collection Set: 2.8ms
[286.147s][info][gc,phases      ] GC(1469)   Other: 0.1ms
[286.147s][info][gc,heap        ] GC(1469) Eden regions: 324->0(324)
[286.147s][info][gc,heap        ] GC(1469) Survivor regions: 2->2(41)
[286.147s][info][gc,heap        ] GC(1469) Old regions: 19->19
[286.147s][info][gc,heap        ] GC(1469) Archive regions: 0->0
[286.147s][info][gc,heap        ] GC(1469) Humongous regions: 0->0
[286.147s][info][gc,metaspace   ] GC(1469) Metaspace: 14282K(15168K)->14282K(15168K) NonClass: 12332K(12928K)->12332K(12928K) Class: 1950K(2240K)->1950K(2240K)
[286.147s][info][gc             ] GC(1469) Pause Young (Normal) (G1 Evacuation Pause) 330M->6M(544M) 3.827ms
[286.147s][info][gc,cpu         ] GC(1469) User=0.00s Sys=0.00s Real=0.00s
[286.317s][info][gc,start       ] GC(1470) Pause Young (Normal) (G1 Evacuation Pause)
[286.317s][info][gc,task        ] GC(1470) Using 33 workers of 33 for evacuation
[286.321s][info][gc,phases      ] GC(1470)   Pre Evacuate Collection Set: 0.1ms
[286.321s][info][gc,phases      ] GC(1470)   Merge Heap Roots: 0.1ms
[286.321s][info][gc,phases      ] GC(1470)   Evacuate Collection Set: 0.5ms
[286.321s][info][gc,phases      ] GC(1470)   Post Evacuate Collection Set: 2.8ms
[286.321s][info][gc,phases      ] GC(1470)   Other: 0.1ms
[286.321s][info][gc,heap        ] GC(1470) Eden regions: 324->0(324)
[286.321s][info][gc,heap        ] GC(1470) Survivor regions: 2->2(41)
[286.321s][info][gc,heap        ] GC(1470) Old regions: 19->19
[286.321s][info][gc,heap        ] GC(1470) Archive regions: 0->0
[286.321s][info][gc,heap        ] GC(1470) Humongous regions: 0->0
[286.321s][info][gc,metaspace   ] GC(1470) Metaspace: 14282K(15168K)->14282K(15168K) NonClass: 12332K(12928K)->12332K(12928K) Class: 1950K(2240K)->1950K(2240K)
[286.321s][info][gc             ] GC(1470) Pause Young (Normal) (G1 Evacuation Pause) 330M->6M(544M) 3.884ms
[286.321s][info][gc,cpu         ] GC(1470) User=0.00s Sys=0.00s Real=0.00s
[286.492s][info][gc,start       ] GC(1471) Pause Young (Normal) (G1 Evacuation Pause)
[286.492s][info][gc,task        ] GC(1471) Using 33 workers of 33 for evacuation
[286.495s][info][gc,phases      ] GC(1471)   Pre Evacuate Collection Set: 0.1ms
[286.496s][info][gc,phases      ] GC(1471)   Merge Heap Roots: 0.1ms
[286.496s][info][gc,phases      ] GC(1471)   Evacuate Collection Set: 0.4ms
[286.496s][info][gc,phases      ] GC(1471)   Post Evacuate Collection Set: 2.8ms
[286.496s][info][gc,phases      ] GC(1471)   Other: 0.1ms
[286.496s][info][gc,heap        ] GC(1471) Eden regions: 324->0(324)
[286.496s][info][gc,heap        ] GC(1471) Survivor regions: 2->2(41)
[286.496s][info][gc,heap        ] GC(1471) Old regions: 19->19
[286.496s][info][gc,heap        ] GC(1471) Archive regions: 0->0
[286.496s][info][gc,heap        ] GC(1471) Humongous regions: 0->0
[286.496s][info][gc,metaspace   ] GC(1471) Metaspace: 14282K(15168K)->14282K(15168K) NonClass: 12332K(12928K)->12332K(12928K) Class: 1950K(2240K)->1950K(2240K)
[286.496s][info][gc             ] GC(1471) Pause Young (Normal) (G1 Evacuation Pause) 330M->6M(544M) 3.868ms
[286.496s][info][gc,cpu         ] GC(1471) User=0.00s Sys=0.00s Real=0.00s
[286.667s][info][gc,start       ] GC(1472) Pause Young (Normal) (G1 Evacuation Pause)
[286.667s][info][gc,task        ] GC(1472) Using 33 workers of 33 for evacuation
[286.671s][info][gc,phases      ] GC(1472)   Pre Evacuate Collection Set: 0.1ms
[286.671s][info][gc,phases      ] GC(1472)   Merge Heap Roots: 0.1ms
[286.671s][info][gc,phases      ] GC(1472)   Evacuate Collection Set: 0.5ms
[286.671s][info][gc,phases      ] GC(1472)   Post Evacuate Collection Set: 2.9ms
[286.671s][info][gc,phases      ] GC(1472)   Other: 0.1ms
[286.671s][info][gc,heap        ] GC(1472) Eden regions: 324->0(324)
[286.671s][info][gc,heap        ] GC(1472) Survivor regions: 2->2(41)
[286.671s][info][gc,heap        ] GC(1472) Old regions: 19->19
[286.671s][info][gc,heap        ] GC(1472) Archive regions: 0->0
[286.671s][info][gc,heap        ] GC(1472) Humongous regions: 0->0
[286.671s][info][gc,metaspace   ] GC(1472) Metaspace: 14282K(15168K)->14282K(15168K) NonClass: 12332K(12928K)->12332K(12928K) Class: 1950K(2240K)->1950K(2240K)
[286.671s][info][gc             ] GC(1472) Pause Young (Normal) (G1 Evacuation Pause) 330M->6M(544M) 4.010ms
[286.671s][info][gc,cpu         ] GC(1472) User=0.00s Sys=0.00s Real=0.00s
[286.845s][info][gc,start       ] GC(1473) Pause Young (Normal) (G1 Evacuation Pause)
[286.845s][info][gc,task        ] GC(1473) Using 33 workers of 33 for evacuation
[286.848s][info][gc,phases      ] GC(1473)   Pre Evacuate Collection Set: 0.1ms
[286.848s][info][gc,phases      ] GC(1473)   Merge Heap Roots: 0.1ms
[286.848s][info][gc,phases      ] GC(1473)   Evacuate Collection Set: 0.5ms
[286.848s][info][gc,phases      ] GC(1473)   Post Evacuate Collection Set: 2.7ms
[286.848s][info][gc,phases      ] GC(1473)   Other: 0.1ms
[286.848s][info][gc,heap        ] GC(1473) Eden regions: 324->0(324)
[286.848s][info][gc,heap        ] GC(1473) Survivor regions: 2->2(41)
[286.848s][info][gc,heap        ] GC(1473) Old regions: 19->19
[286.848s][info][gc,heap        ] GC(1473) Archive regions: 0->0
[286.848s][info][gc,heap        ] GC(1473) Humongous regions: 0->0
[286.848s][info][gc,metaspace   ] GC(1473) Metaspace: 14282K(15168K)->14282K(15168K) NonClass: 12332K(12928K)->12332K(12928K) Class: 1950K(2240K)->1950K(2240K)
[286.848s][info][gc             ] GC(1473) Pause Young (Normal) (G1 Evacuation Pause) 330M->6M(544M) 3.781ms
[286.849s][info][gc,cpu         ] GC(1473) User=0.00s Sys=0.00s Real=0.00s
[287.023s][info][gc,start       ] GC(1474) Pause Young (Normal) (G1 Evacuation Pause)
[287.023s][info][gc,task        ] GC(1474) Using 33 workers of 33 for evacuation
[287.026s][info][gc,phases      ] GC(1474)   Pre Evacuate Collection Set: 0.1ms
[287.026s][info][gc,phases      ] GC(1474)   Merge Heap Roots: 0.1ms
[287.026s][info][gc,phases      ] GC(1474)   Evacuate Collection Set: 0.5ms
[287.026s][info][gc,phases      ] GC(1474)   Post Evacuate Collection Set: 2.6ms
[287.026s][info][gc,phases      ] GC(1474)   Other: 0.1ms
[287.026s][info][gc,heap        ] GC(1474) Eden regions: 324->0(324)
[287.026s][info][gc,heap        ] GC(1474) Survivor regions: 2->2(41)
[287.026s][info][gc,heap        ] GC(1474) Old regions: 19->19
[287.026s][info][gc,heap        ] GC(1474) Archive regions: 0->0
[287.026s][info][gc,heap        ] GC(1474) Humongous regions: 0->0
[287.026s][info][gc,metaspace   ] GC(1474) Metaspace: 14282K(15168K)->14282K(15168K) NonClass: 12332K(12928K)->12332K(12928K) Class: 1950K(2240K)->1950K(2240K)
[287.026s][info][gc             ] GC(1474) Pause Young (Normal) (G1 Evacuation Pause) 330M->6M(544M) 3.665ms
[287.026s][info][gc,cpu         ] GC(1474) User=0.00s Sys=0.00s Real=0.00s
[287.202s][info][gc,start       ] GC(1475) Pause Young (Normal) (G1 Evacuation Pause)
[287.202s][info][gc,task        ] GC(1475) Using 33 workers of 33 for evacuation
[287.205s][info][gc,phases      ] GC(1475)   Pre Evacuate Collection Set: 0.1ms
[287.205s][info][gc,phases      ] GC(1475)   Merge Heap Roots: 0.1ms
[287.205s][info][gc,phases      ] GC(1475)   Evacuate Collection Set: 0.5ms
[287.205s][info][gc,phases      ] GC(1475)   Post Evacuate Collection Set: 2.4ms
[287.205s][info][gc,phases      ] GC(1475)   Other: 0.1ms
[287.205s][info][gc,heap        ] GC(1475) Eden regions: 324->0(324)
[287.205s][info][gc,heap        ] GC(1475) Survivor regions: 2->2(41)
[287.205s][info][gc,heap        ] GC(1475) Old regions: 19->19
[287.205s][info][gc,heap        ] GC(1475) Archive regions: 0->0
[287.205s][info][gc,heap        ] GC(1475) Humongous regions: 0->0
[287.205s][info][gc,metaspace   ] GC(1475) Metaspace: 14282K(15168K)->14282K(15168K) NonClass: 12332K(12928K)->12332K(12928K) Class: 1950K(2240K)->1950K(2240K)
[287.205s][info][gc             ] GC(1475) Pause Young (Normal) (G1 Evacuation Pause) 330M->6M(544M) 3.434ms
[287.205s][info][gc,cpu         ] GC(1475) User=0.52s Sys=0.00s Real=0.00s
[287.377s][info][gc,start       ] GC(1476) Pause Young (Normal) (G1 Evacuation Pause)
[287.377s][info][gc,task        ] GC(1476) Using 33 workers of 33 for evacuation
[287.380s][info][gc,phases      ] GC(1476)   Pre Evacuate Collection Set: 0.1ms
[287.380s][info][gc,phases      ] GC(1476)   Merge Heap Roots: 0.1ms
[287.380s][info][gc,phases      ] GC(1476)   Evacuate Collection Set: 0.5ms
[287.380s][info][gc,phases      ] GC(1476)   Post Evacuate Collection Set: 2.4ms
[287.380s][info][gc,phases      ] GC(1476)   Other: 0.1ms
[287.380s][info][gc,heap        ] GC(1476) Eden regions: 324->0(324)
[287.380s][info][gc,heap        ] GC(1476) Survivor regions: 2->2(41)
[287.380s][info][gc,heap        ] GC(1476) Old regions: 19->19
[287.380s][info][gc,heap        ] GC(1476) Archive regions: 0->0
[287.380s][info][gc,heap        ] GC(1476) Humongous regions: 0->0
[287.380s][info][gc,metaspace   ] GC(1476) Metaspace: 14282K(15168K)->14282K(15168K) NonClass: 12332K(12928K)->12332K(12928K) Class: 1950K(2240K)->1950K(2240K)
[287.380s][info][gc             ] GC(1476) Pause Young (Normal) (G1 Evacuation Pause) 330M->7M(544M) 3.522ms
[287.380s][info][gc,cpu         ] GC(1476) User=0.00s Sys=0.00s Real=0.00s
[287.549s][info][gc,start       ] GC(1477) Pause Young (Normal) (G1 Evacuation Pause)
[287.549s][info][gc,task        ] GC(1477) Using 33 workers of 33 for evacuation
[287.553s][info][gc,phases      ] GC(1477)   Pre Evacuate Collection Set: 0.1ms
[287.553s][info][gc,phases      ] GC(1477)   Merge Heap Roots: 0.1ms
[287.553s][info][gc,phases      ] GC(1477)   Evacuate Collection Set: 0.5ms
[287.553s][info][gc,phases      ] GC(1477)   Post Evacuate Collection Set: 2.4ms
[287.553s][info][gc,phases      ] GC(1477)   Other: 0.1ms
[287.553s][info][gc,heap        ] GC(1477) Eden regions: 324->0(325)
[287.553s][info][gc,heap        ] GC(1477) Survivor regions: 2->1(41)
[287.553s][info][gc,heap        ] GC(1477) Old regions: 19->21
[287.553s][info][gc,heap        ] GC(1477) Archive regions: 0->0
[287.553s][info][gc,heap        ] GC(1477) Humongous regions: 0->0
[287.553s][info][gc,metaspace   ] GC(1477) Metaspace: 14282K(15168K)->14282K(15168K) NonClass: 12332K(12928K)->12332K(12928K) Class: 1950K(2240K)->1950K(2240K)
[287.553s][info][gc             ] GC(1477) Pause Young (Normal) (G1 Evacuation Pause) 331M->7M(544M) 3.516ms
[287.553s][info][gc,cpu         ] GC(1477) User=0.00s Sys=0.00s Real=0.00s
[287.747s][info][gc,start       ] GC(1478) Pause Young (Normal) (G1 Evacuation Pause)
[287.747s][info][gc,task        ] GC(1478) Using 33 workers of 33 for evacuation
[287.750s][info][gc,phases      ] GC(1478)   Pre Evacuate Collection Set: 0.2ms
[287.750s][info][gc,phases      ] GC(1478)   Merge Heap Roots: 0.2ms
[287.750s][info][gc,phases      ] GC(1478)   Evacuate Collection Set: 0.3ms
[287.750s][info][gc,phases      ] GC(1478)   Post Evacuate Collection Set: 2.4ms
[287.750s][info][gc,phases      ] GC(1478)   Other: 0.1ms
[287.750s][info][gc,heap        ] GC(1478) Eden regions: 325->0(325)
[287.750s][info][gc,heap        ] GC(1478) Survivor regions: 1->1(41)
[287.750s][info][gc,heap        ] GC(1478) Old regions: 21->21
[287.750s][info][gc,heap        ] GC(1478) Archive regions: 0->0
[287.750s][info][gc,heap        ] GC(1478) Humongous regions: 0->0
[287.750s][info][gc,metaspace   ] GC(1478) Metaspace: 14282K(15168K)->14282K(15168K) NonClass: 12332K(12928K)->12332K(12928K) Class: 1950K(2240K)->1950K(2240K)
[287.750s][info][gc             ] GC(1478) Pause Young (Normal) (G1 Evacuation Pause) 332M->7M(544M) 3.380ms
[287.750s][info][gc,cpu         ] GC(1478) User=0.00s Sys=0.00s Real=0.00s
[287.941s][info][gc,start       ] GC(1479) Pause Young (Normal) (G1 Evacuation Pause)
[287.941s][info][gc,task        ] GC(1479) Using 33 workers of 33 for evacuation
[287.945s][info][gc,phases      ] GC(1479)   Pre Evacuate Collection Set: 0.1ms
[287.945s][info][gc,phases      ] GC(1479)   Merge Heap Roots: 0.2ms
[287.945s][info][gc,phases      ] GC(1479)   Evacuate Collection Set: 0.3ms
[287.945s][info][gc,phases      ] GC(1479)   Post Evacuate Collection Set: 2.5ms
[287.945s][info][gc,phases      ] GC(1479)   Other: 0.1ms
[287.945s][info][gc,heap        ] GC(1479) Eden regions: 325->0(325)
[287.945s][info][gc,heap        ] GC(1479) Survivor regions: 1->1(41)
[287.945s][info][gc,heap        ] GC(1479) Old regions: 21->21
[287.945s][info][gc,heap        ] GC(1479) Archive regions: 0->0
[287.945s][info][gc,heap        ] GC(1479) Humongous regions: 0->0
[287.945s][info][gc,metaspace   ] GC(1479) Metaspace: 14282K(15168K)->14282K(15168K) NonClass: 12332K(12928K)->12332K(12928K) Class: 1950K(2240K)->1950K(2240K)
[287.945s][info][gc             ] GC(1479) Pause Young (Normal) (G1 Evacuation Pause) 332M->7M(544M) 3.482ms
[287.945s][info][gc,cpu         ] GC(1479) User=0.00s Sys=0.00s Real=0.00s
[288.138s][info][gc,start       ] GC(1480) Pause Young (Normal) (G1 Evacuation Pause)
[288.138s][info][gc,task        ] GC(1480) Using 33 workers of 33 for evacuation
[288.141s][info][gc,phases      ] GC(1480)   Pre Evacuate Collection Set: 0.2ms
[288.141s][info][gc,phases      ] GC(1480)   Merge Heap Roots: 0.2ms
[288.141s][info][gc,phases      ] GC(1480)   Evacuate Collection Set: 0.3ms
[288.141s][info][gc,phases      ] GC(1480)   Post Evacuate Collection Set: 2.5ms
[288.141s][info][gc,phases      ] GC(1480)   Other: 0.1ms
[288.141s][info][gc,heap        ] GC(1480) Eden regions: 325->0(325)
[288.141s][info][gc,heap        ] GC(1480) Survivor regions: 1->1(41)
[288.141s][info][gc,heap        ] GC(1480) Old regions: 21->21
[288.141s][info][gc,heap        ] GC(1480) Archive regions: 0->0
[288.141s][info][gc,heap        ] GC(1480) Humongous regions: 0->0
[288.141s][info][gc,metaspace   ] GC(1480) Metaspace: 14282K(15168K)->14282K(15168K) NonClass: 12332K(12928K)->12332K(12928K) Class: 1950K(2240K)->1950K(2240K)
[288.141s][info][gc             ] GC(1480) Pause Young (Normal) (G1 Evacuation Pause) 332M->7M(544M) 3.531ms
[288.141s][info][gc,cpu         ] GC(1480) User=0.00s Sys=0.00s Real=0.00s
[288.336s][info][gc,start       ] GC(1481) Pause Young (Normal) (G1 Evacuation Pause)
[288.336s][info][gc,task        ] GC(1481) Using 33 workers of 33 for evacuation
[288.339s][info][gc,phases      ] GC(1481)   Pre Evacuate Collection Set: 0.1ms
[288.339s][info][gc,phases      ] GC(1481)   Merge Heap Roots: 0.2ms
[288.339s][info][gc,phases      ] GC(1481)   Evacuate Collection Set: 0.3ms
[288.339s][info][gc,phases      ] GC(1481)   Post Evacuate Collection Set: 2.6ms
[288.339s][info][gc,phases      ] GC(1481)   Other: 0.1ms
[288.339s][info][gc,heap        ] GC(1481) Eden regions: 325->0(325)
[288.339s][info][gc,heap        ] GC(1481) Survivor regions: 1->1(41)
[288.339s][info][gc,heap        ] GC(1481) Old regions: 21->21
[288.339s][info][gc,heap        ] GC(1481) Archive regions: 0->0
[288.339s][info][gc,heap        ] GC(1481) Humongous regions: 0->0
[288.339s][info][gc,metaspace   ] GC(1481) Metaspace: 14282K(15168K)->14282K(15168K) NonClass: 12332K(12928K)->12332K(12928K) Class: 1950K(2240K)->1950K(2240K)
[288.339s][info][gc             ] GC(1481) Pause Young (Normal) (G1 Evacuation Pause) 332M->7M(544M) 3.547ms
[288.339s][info][gc,cpu         ] GC(1481) User=0.00s Sys=0.00s Real=0.00s
[288.532s][info][gc,start       ] GC(1482) Pause Young (Normal) (G1 Evacuation Pause)
[288.533s][info][gc,task        ] GC(1482) Using 33 workers of 33 for evacuation
[288.536s][info][gc,phases      ] GC(1482)   Pre Evacuate Collection Set: 0.1ms
[288.536s][info][gc,phases      ] GC(1482)   Merge Heap Roots: 0.1ms
[288.536s][info][gc,phases      ] GC(1482)   Evacuate Collection Set: 0.3ms
[288.536s][info][gc,phases      ] GC(1482)   Post Evacuate Collection Set: 2.6ms
[288.536s][info][gc,phases      ] GC(1482)   Other: 0.1ms
[288.536s][info][gc,heap        ] GC(1482) Eden regions: 325->0(325)
[288.536s][info][gc,heap        ] GC(1482) Survivor regions: 1->1(41)
[288.536s][info][gc,heap        ] GC(1482) Old regions: 21->21
[288.536s][info][gc,heap        ] GC(1482) Archive regions: 0->0
[288.536s][info][gc,heap        ] GC(1482) Humongous regions: 0->0
[288.536s][info][gc,metaspace   ] GC(1482) Metaspace: 14282K(15168K)->14282K(15168K) NonClass: 12332K(12928K)->12332K(12928K) Class: 1950K(2240K)->1950K(2240K)
[288.536s][info][gc             ] GC(1482) Pause Young (Normal) (G1 Evacuation Pause) 332M->7M(544M) 3.541ms
[288.536s][info][gc,cpu         ] GC(1482) User=0.00s Sys=0.00s Real=0.00s
[288.729s][info][gc,start       ] GC(1483) Pause Young (Normal) (G1 Evacuation Pause)
[288.729s][info][gc,task        ] GC(1483) Using 33 workers of 33 for evacuation
[288.732s][info][gc,phases      ] GC(1483)   Pre Evacuate Collection Set: 0.2ms
[288.732s][info][gc,phases      ] GC(1483)   Merge Heap Roots: 0.2ms
[288.732s][info][gc,phases      ] GC(1483)   Evacuate Collection Set: 0.3ms
[288.732s][info][gc,phases      ] GC(1483)   Post Evacuate Collection Set: 2.6ms
[288.732s][info][gc,phases      ] GC(1483)   Other: 0.1ms
[288.732s][info][gc,heap        ] GC(1483) Eden regions: 325->0(325)
[288.732s][info][gc,heap        ] GC(1483) Survivor regions: 1->1(41)
[288.732s][info][gc,heap        ] GC(1483) Old regions: 21->21
[288.732s][info][gc,heap        ] GC(1483) Archive regions: 0->0
[288.732s][info][gc,heap        ] GC(1483) Humongous regions: 0->0
[288.732s][info][gc,metaspace   ] GC(1483) Metaspace: 14282K(15168K)->14282K(15168K) NonClass: 12332K(12928K)->12332K(12928K) Class: 1950K(2240K)->1950K(2240K)
[288.732s][info][gc             ] GC(1483) Pause Young (Normal) (G1 Evacuation Pause) 332M->7M(544M) 3.662ms
[288.732s][info][gc,cpu         ] GC(1483) User=0.00s Sys=0.00s Real=0.00s
[288.925s][info][gc,start       ] GC(1484) Pause Young (Normal) (G1 Evacuation Pause)
[288.925s][info][gc,task        ] GC(1484) Using 33 workers of 33 for evacuation
[288.928s][info][gc,phases      ] GC(1484)   Pre Evacuate Collection Set: 0.2ms
[288.928s][info][gc,phases      ] GC(1484)   Merge Heap Roots: 0.2ms
[288.928s][info][gc,phases      ] GC(1484)   Evacuate Collection Set: 0.3ms
[288.928s][info][gc,phases      ] GC(1484)   Post Evacuate Collection Set: 2.6ms
[288.928s][info][gc,phases      ] GC(1484)   Other: 0.1ms
[288.928s][info][gc,heap        ] GC(1484) Eden regions: 325->0(325)
[288.928s][info][gc,heap        ] GC(1484) Survivor regions: 1->1(41)
[288.928s][info][gc,heap        ] GC(1484) Old regions: 21->21
[288.928s][info][gc,heap        ] GC(1484) Archive regions: 0->0
[288.928s][info][gc,heap        ] GC(1484) Humongous regions: 0->0
[288.928s][info][gc,metaspace   ] GC(1484) Metaspace: 14282K(15168K)->14282K(15168K) NonClass: 12332K(12928K)->12332K(12928K) Class: 1950K(2240K)->1950K(2240K)
[288.929s][info][gc             ] GC(1484) Pause Young (Normal) (G1 Evacuation Pause) 332M->7M(544M) 3.636ms
[288.929s][info][gc,cpu         ] GC(1484) User=0.00s Sys=0.00s Real=0.00s
[289.121s][info][gc,start       ] GC(1485) Pause Young (Normal) (G1 Evacuation Pause)
[289.121s][info][gc,task        ] GC(1485) Using 33 workers of 33 for evacuation
[289.125s][info][gc,phases      ] GC(1485)   Pre Evacuate Collection Set: 0.1ms
[289.125s][info][gc,phases      ] GC(1485)   Merge Heap Roots: 0.2ms
[289.125s][info][gc,phases      ] GC(1485)   Evacuate Collection Set: 0.4ms
[289.125s][info][gc,phases      ] GC(1485)   Post Evacuate Collection Set: 2.7ms
[289.125s][info][gc,phases      ] GC(1485)   Other: 0.1ms
[289.125s][info][gc,heap        ] GC(1485) Eden regions: 325->0(325)
[289.125s][info][gc,heap        ] GC(1485) Survivor regions: 1->1(41)
[289.125s][info][gc,heap        ] GC(1485) Old regions: 21->21
[289.125s][info][gc,heap        ] GC(1485) Archive regions: 0->0
[289.125s][info][gc,heap        ] GC(1485) Humongous regions: 0->0
[289.125s][info][gc,metaspace   ] GC(1485) Metaspace: 14282K(15168K)->14282K(15168K) NonClass: 12332K(12928K)->12332K(12928K) Class: 1950K(2240K)->1950K(2240K)
[289.125s][info][gc             ] GC(1485) Pause Young (Normal) (G1 Evacuation Pause) 332M->7M(544M) 3.706ms
[289.125s][info][gc,cpu         ] GC(1485) User=0.00s Sys=0.00s Real=0.00s
[289.317s][info][gc,start       ] GC(1486) Pause Young (Normal) (G1 Evacuation Pause)
[289.317s][info][gc,task        ] GC(1486) Using 33 workers of 33 for evacuation
[289.321s][info][gc,phases      ] GC(1486)   Pre Evacuate Collection Set: 0.2ms
[289.321s][info][gc,phases      ] GC(1486)   Merge Heap Roots: 0.2ms
[289.321s][info][gc,phases      ] GC(1486)   Evacuate Collection Set: 0.3ms
[289.321s][info][gc,phases      ] GC(1486)   Post Evacuate Collection Set: 2.7ms
[289.321s][info][gc,phases      ] GC(1486)   Other: 0.1ms
[289.321s][info][gc,heap        ] GC(1486) Eden regions: 325->0(325)
[289.321s][info][gc,heap        ] GC(1486) Survivor regions: 1->1(41)
[289.321s][info][gc,heap        ] GC(1486) Old regions: 21->21
[289.321s][info][gc,heap        ] GC(1486) Archive regions: 0->0
[289.321s][info][gc,heap        ] GC(1486) Humongous regions: 0->0
[289.321s][info][gc,metaspace   ] GC(1486) Metaspace: 14282K(15168K)->14282K(15168K) NonClass: 12332K(12928K)->12332K(12928K) Class: 1950K(2240K)->1950K(2240K)
[289.321s][info][gc             ] GC(1486) Pause Young (Normal) (G1 Evacuation Pause) 332M->7M(544M) 3.731ms
[289.321s][info][gc,cpu         ] GC(1486) User=0.00s Sys=0.00s Real=0.00s
[289.514s][info][gc,start       ] GC(1487) Pause Young (Normal) (G1 Evacuation Pause)
[289.515s][info][gc,task        ] GC(1487) Using 33 workers of 33 for evacuation
[289.518s][info][gc,phases      ] GC(1487)   Pre Evacuate Collection Set: 0.1ms
[289.518s][info][gc,phases      ] GC(1487)   Merge Heap Roots: 0.2ms
[289.518s][info][gc,phases      ] GC(1487)   Evacuate Collection Set: 0.3ms
[289.518s][info][gc,phases      ] GC(1487)   Post Evacuate Collection Set: 2.8ms
[289.518s][info][gc,phases      ] GC(1487)   Other: 0.1ms
[289.518s][info][gc,heap        ] GC(1487) Eden regions: 325->0(325)
[289.518s][info][gc,heap        ] GC(1487) Survivor regions: 1->1(41)
[289.518s][info][gc,heap        ] GC(1487) Old regions: 21->21
[289.518s][info][gc,heap        ] GC(1487) Archive regions: 0->0
[289.518s][info][gc,heap        ] GC(1487) Humongous regions: 0->0
[289.518s][info][gc,metaspace   ] GC(1487) Metaspace: 14282K(15168K)->14282K(15168K) NonClass: 12332K(12928K)->12332K(12928K) Class: 1950K(2240K)->1950K(2240K)
[289.518s][info][gc             ] GC(1487) Pause Young (Normal) (G1 Evacuation Pause) 332M->7M(544M) 3.800ms
[289.518s][info][gc,cpu         ] GC(1487) User=0.52s Sys=0.00s Real=0.00s
[289.713s][info][gc,start       ] GC(1488) Pause Young (Normal) (G1 Evacuation Pause)
[289.713s][info][gc,task        ] GC(1488) Using 33 workers of 33 for evacuation
[289.716s][info][gc,phases      ] GC(1488)   Pre Evacuate Collection Set: 0.1ms
[289.716s][info][gc,phases      ] GC(1488)   Merge Heap Roots: 0.1ms
[289.716s][info][gc,phases      ] GC(1488)   Evacuate Collection Set: 0.3ms
[289.716s][info][gc,phases      ] GC(1488)   Post Evacuate Collection Set: 2.8ms
[289.717s][info][gc,phases      ] GC(1488)   Other: 0.1ms
[289.717s][info][gc,heap        ] GC(1488) Eden regions: 325->0(325)
[289.717s][info][gc,heap        ] GC(1488) Survivor regions: 1->1(41)
[289.717s][info][gc,heap        ] GC(1488) Old regions: 21->21
[289.717s][info][gc,heap        ] GC(1488) Archive regions: 0->0
[289.717s][info][gc,heap        ] GC(1488) Humongous regions: 0->0
[289.717s][info][gc,metaspace   ] GC(1488) Metaspace: 14282K(15168K)->14282K(15168K) NonClass: 12332K(12928K)->12332K(12928K) Class: 1950K(2240K)->1950K(2240K)
[289.717s][info][gc             ] GC(1488) Pause Young (Normal) (G1 Evacuation Pause) 332M->7M(544M) 3.776ms
[289.717s][info][gc,cpu         ] GC(1488) User=0.00s Sys=0.00s Real=0.00s
[289.911s][info][gc,start       ] GC(1489) Pause Young (Normal) (G1 Evacuation Pause)
[289.911s][info][gc,task        ] GC(1489) Using 33 workers of 33 for evacuation
[289.914s][info][gc,phases      ] GC(1489)   Pre Evacuate Collection Set: 0.2ms
[289.914s][info][gc,phases      ] GC(1489)   Merge Heap Roots: 0.2ms
[289.914s][info][gc,phases      ] GC(1489)   Evacuate Collection Set: 0.4ms
[289.914s][info][gc,phases      ] GC(1489)   Post Evacuate Collection Set: 2.8ms
[289.914s][info][gc,phases      ] GC(1489)   Other: 0.1ms
[289.914s][info][gc,heap        ] GC(1489) Eden regions: 325->0(325)
[289.915s][info][gc,heap        ] GC(1489) Survivor regions: 1->1(41)
[289.915s][info][gc,heap        ] GC(1489) Old regions: 21->21
[289.915s][info][gc,heap        ] GC(1489) Archive regions: 0->0
[289.915s][info][gc,heap        ] GC(1489) Humongous regions: 0->0
[289.915s][info][gc,metaspace   ] GC(1489) Metaspace: 14282K(15168K)->14282K(15168K) NonClass: 12332K(12928K)->12332K(12928K) Class: 1950K(2240K)->1950K(2240K)
[289.915s][info][gc             ] GC(1489) Pause Young (Normal) (G1 Evacuation Pause) 332M->7M(544M) 3.863ms
[289.915s][info][gc,cpu         ] GC(1489) User=0.00s Sys=0.00s Real=0.00s
[290.108s][info][gc,start       ] GC(1490) Pause Young (Normal) (G1 Evacuation Pause)
[290.108s][info][gc,task        ] GC(1490) Using 33 workers of 33 for evacuation
[290.111s][info][gc,phases      ] GC(1490)   Pre Evacuate Collection Set: 0.1ms
[290.111s][info][gc,phases      ] GC(1490)   Merge Heap Roots: 0.2ms
[290.111s][info][gc,phases      ] GC(1490)   Evacuate Collection Set: 0.3ms
[290.111s][info][gc,phases      ] GC(1490)   Post Evacuate Collection Set: 2.8ms
[290.111s][info][gc,phases      ] GC(1490)   Other: 0.1ms
[290.111s][info][gc,heap        ] GC(1490) Eden regions: 325->0(325)
[290.111s][info][gc,heap        ] GC(1490) Survivor regions: 1->1(41)
[290.111s][info][gc,heap        ] GC(1490) Old regions: 21->21
[290.111s][info][gc,heap        ] GC(1490) Archive regions: 0->0
[290.111s][info][gc,heap        ] GC(1490) Humongous regions: 0->0
[290.111s][info][gc,metaspace   ] GC(1490) Metaspace: 14282K(15168K)->14282K(15168K) NonClass: 12332K(12928K)->12332K(12928K) Class: 1950K(2240K)->1950K(2240K)
[290.112s][info][gc             ] GC(1490) Pause Young (Normal) (G1 Evacuation Pause) 332M->7M(544M) 3.866ms
[290.112s][info][gc,cpu         ] GC(1490) User=0.00s Sys=0.00s Real=0.00s
[290.305s][info][gc,start       ] GC(1491) Pause Young (Normal) (G1 Evacuation Pause)
[290.305s][info][gc,task        ] GC(1491) Using 33 workers of 33 for evacuation
[290.309s][info][gc,phases      ] GC(1491)   Pre Evacuate Collection Set: 0.1ms
[290.309s][info][gc,phases      ] GC(1491)   Merge Heap Roots: 0.2ms
[290.309s][info][gc,phases      ] GC(1491)   Evacuate Collection Set: 0.3ms
[290.309s][info][gc,phases      ] GC(1491)   Post Evacuate Collection Set: 2.9ms
[290.309s][info][gc,phases      ] GC(1491)   Other: 0.1ms
[290.309s][info][gc,heap        ] GC(1491) Eden regions: 325->0(325)
[290.309s][info][gc,heap        ] GC(1491) Survivor regions: 1->1(41)
[290.309s][info][gc,heap        ] GC(1491) Old regions: 21->21
[290.309s][info][gc,heap        ] GC(1491) Archive regions: 0->0
[290.309s][info][gc,heap        ] GC(1491) Humongous regions: 0->0
[290.309s][info][gc,metaspace   ] GC(1491) Metaspace: 14282K(15168K)->14282K(15168K) NonClass: 12332K(12928K)->12332K(12928K) Class: 1950K(2240K)->1950K(2240K)
[290.309s][info][gc             ] GC(1491) Pause Young (Normal) (G1 Evacuation Pause) 332M->7M(544M) 3.867ms
[290.309s][info][gc,cpu         ] GC(1491) User=0.00s Sys=0.00s Real=0.00s
[290.581s][info][gc,start       ] GC(1492) Pause Young (Normal) (G1 Evacuation Pause)
[290.581s][info][gc,task        ] GC(1492) Using 33 workers of 33 for evacuation
[290.586s][info][gc,phases      ] GC(1492)   Pre Evacuate Collection Set: 0.2ms
[290.586s][info][gc,phases      ] GC(1492)   Merge Heap Roots: 0.2ms
[290.586s][info][gc,phases      ] GC(1492)   Evacuate Collection Set: 0.6ms
[290.586s][info][gc,phases      ] GC(1492)   Post Evacuate Collection Set: 3.8ms
[290.587s][info][gc,phases      ] GC(1492)   Other: 0.2ms
[290.587s][info][gc,heap        ] GC(1492) Eden regions: 325->0(325)
[290.587s][info][gc,heap        ] GC(1492) Survivor regions: 1->1(41)
[290.587s][info][gc,heap        ] GC(1492) Old regions: 21->21
[290.587s][info][gc,heap        ] GC(1492) Archive regions: 0->0
[290.587s][info][gc,heap        ] GC(1492) Humongous regions: 0->0
[290.587s][info][gc,metaspace   ] GC(1492) Metaspace: 14282K(15168K)->14282K(15168K) NonClass: 12332K(12928K)->12332K(12928K) Class: 1950K(2240K)->1950K(2240K)
[290.587s][info][gc             ] GC(1492) Pause Young (Normal) (G1 Evacuation Pause) 332M->7M(544M) 5.567ms
[290.587s][info][gc,cpu         ] GC(1492) User=0.00s Sys=0.00s Real=0.00s
[290.787s][info][gc,start       ] GC(1493) Pause Young (Normal) (G1 Evacuation Pause)
[290.787s][info][gc,task        ] GC(1493) Using 33 workers of 33 for evacuation
[290.790s][info][gc,phases      ] GC(1493)   Pre Evacuate Collection Set: 0.1ms
[290.791s][info][gc,phases      ] GC(1493)   Merge Heap Roots: 0.1ms
[290.791s][info][gc,phases      ] GC(1493)   Evacuate Collection Set: 0.4ms
[290.791s][info][gc,phases      ] GC(1493)   Post Evacuate Collection Set: 2.8ms
[290.791s][info][gc,phases      ] GC(1493)   Other: 0.1ms
[290.791s][info][gc,heap        ] GC(1493) Eden regions: 325->0(325)
[290.791s][info][gc,heap        ] GC(1493) Survivor regions: 1->1(41)
[290.791s][info][gc,heap        ] GC(1493) Old regions: 21->22
[290.791s][info][gc,heap        ] GC(1493) Archive regions: 0->0
[290.791s][info][gc,heap        ] GC(1493) Humongous regions: 0->0
[290.791s][info][gc,metaspace   ] GC(1493) Metaspace: 14282K(15168K)->14282K(15168K) NonClass: 12332K(12928K)->12332K(12928K) Class: 1950K(2240K)->1950K(2240K)
[290.791s][info][gc             ] GC(1493) Pause Young (Normal) (G1 Evacuation Pause) 332M->7M(544M) 3.757ms
[290.791s][info][gc,cpu         ] GC(1493) User=0.00s Sys=0.00s Real=0.00s
[290.986s][info][gc,start       ] GC(1494) Pause Young (Normal) (G1 Evacuation Pause)
[290.986s][info][gc,task        ] GC(1494) Using 33 workers of 33 for evacuation
[290.989s][info][gc,phases      ] GC(1494)   Pre Evacuate Collection Set: 0.2ms
[290.989s][info][gc,phases      ] GC(1494)   Merge Heap Roots: 0.2ms
[290.989s][info][gc,phases      ] GC(1494)   Evacuate Collection Set: 0.3ms
[290.989s][info][gc,phases      ] GC(1494)   Post Evacuate Collection Set: 2.6ms
[290.989s][info][gc,phases      ] GC(1494)   Other: 0.1ms
[290.989s][info][gc,heap        ] GC(1494) Eden regions: 325->0(325)
[290.989s][info][gc,heap        ] GC(1494) Survivor regions: 1->1(41)
[290.989s][info][gc,heap        ] GC(1494) Old regions: 22->22
[290.989s][info][gc,heap        ] GC(1494) Archive regions: 0->0
[290.989s][info][gc,heap        ] GC(1494) Humongous regions: 0->0
[290.989s][info][gc,metaspace   ] GC(1494) Metaspace: 14282K(15168K)->14282K(15168K) NonClass: 12332K(12928K)->12332K(12928K) Class: 1950K(2240K)->1950K(2240K)
[290.989s][info][gc             ] GC(1494) Pause Young (Normal) (G1 Evacuation Pause) 332M->7M(544M) 3.553ms
[290.989s][info][gc,cpu         ] GC(1494) User=0.00s Sys=0.00s Real=0.00s
[291.184s][info][gc,start       ] GC(1495) Pause Young (Normal) (G1 Evacuation Pause)
[291.184s][info][gc,task        ] GC(1495) Using 33 workers of 33 for evacuation
[291.187s][info][gc,phases      ] GC(1495)   Pre Evacuate Collection Set: 0.2ms
[291.187s][info][gc,phases      ] GC(1495)   Merge Heap Roots: 0.2ms
[291.187s][info][gc,phases      ] GC(1495)   Evacuate Collection Set: 0.3ms
[291.187s][info][gc,phases      ] GC(1495)   Post Evacuate Collection Set: 2.5ms
[291.187s][info][gc,phases      ] GC(1495)   Other: 0.1ms
[291.187s][info][gc,heap        ] GC(1495) Eden regions: 325->0(325)
[291.187s][info][gc,heap        ] GC(1495) Survivor regions: 1->1(41)
[291.187s][info][gc,heap        ] GC(1495) Old regions: 22->22
[291.187s][info][gc,heap        ] GC(1495) Archive regions: 0->0
[291.187s][info][gc,heap        ] GC(1495) Humongous regions: 0->0
[291.187s][info][gc,metaspace   ] GC(1495) Metaspace: 14282K(15168K)->14282K(15168K) NonClass: 12332K(12928K)->12332K(12928K) Class: 1950K(2240K)->1950K(2240K)
[291.187s][info][gc             ] GC(1495) Pause Young (Normal) (G1 Evacuation Pause) 332M->7M(544M) 3.519ms
[291.187s][info][gc,cpu         ] GC(1495) User=0.00s Sys=0.00s Real=0.00s
[291.380s][info][gc,start       ] GC(1496) Pause Young (Normal) (G1 Evacuation Pause)
[291.380s][info][gc,task        ] GC(1496) Using 33 workers of 33 for evacuation
[291.383s][info][gc,phases      ] GC(1496)   Pre Evacuate Collection Set: 0.2ms
[291.383s][info][gc,phases      ] GC(1496)   Merge Heap Roots: 0.1ms
[291.383s][info][gc,phases      ] GC(1496)   Evacuate Collection Set: 0.3ms
[291.383s][info][gc,phases      ] GC(1496)   Post Evacuate Collection Set: 2.5ms
[291.383s][info][gc,phases      ] GC(1496)   Other: 0.1ms
[291.383s][info][gc,heap        ] GC(1496) Eden regions: 325->0(325)
[291.384s][info][gc,heap        ] GC(1496) Survivor regions: 1->1(41)
[291.384s][info][gc,heap        ] GC(1496) Old regions: 22->22
[291.384s][info][gc,heap        ] GC(1496) Archive regions: 0->0
[291.384s][info][gc,heap        ] GC(1496) Humongous regions: 0->0
[291.384s][info][gc,metaspace   ] GC(1496) Metaspace: 14282K(15168K)->14282K(15168K) NonClass: 12332K(12928K)->12332K(12928K) Class: 1950K(2240K)->1950K(2240K)
[291.384s][info][gc             ] GC(1496) Pause Young (Normal) (G1 Evacuation Pause) 332M->7M(544M) 3.535ms
[291.384s][info][gc,cpu         ] GC(1496) User=0.00s Sys=0.00s Real=0.00s
[291.577s][info][gc,start       ] GC(1497) Pause Young (Normal) (G1 Evacuation Pause)
[291.577s][info][gc,task        ] GC(1497) Using 33 workers of 33 for evacuation
[291.580s][info][gc,phases      ] GC(1497)   Pre Evacuate Collection Set: 0.1ms
[291.580s][info][gc,phases      ] GC(1497)   Merge Heap Roots: 0.2ms
[291.580s][info][gc,phases      ] GC(1497)   Evacuate Collection Set: 0.4ms
[291.580s][info][gc,phases      ] GC(1497)   Post Evacuate Collection Set: 2.4ms
[291.580s][info][gc,phases      ] GC(1497)   Other: 0.1ms
[291.580s][info][gc,heap        ] GC(1497) Eden regions: 325->0(325)
[291.580s][info][gc,heap        ] GC(1497) Survivor regions: 1->1(41)
[291.580s][info][gc,heap        ] GC(1497) Old regions: 22->22
[291.580s][info][gc,heap        ] GC(1497) Archive regions: 0->0
[291.581s][info][gc,heap        ] GC(1497) Humongous regions: 0->0
[291.581s][info][gc,metaspace   ] GC(1497) Metaspace: 14282K(15168K)->14282K(15168K) NonClass: 12332K(12928K)->12332K(12928K) Class: 1950K(2240K)->1950K(2240K)
[291.581s][info][gc             ] GC(1497) Pause Young (Normal) (G1 Evacuation Pause) 332M->7M(544M) 3.459ms
[291.581s][info][gc,cpu         ] GC(1497) User=0.52s Sys=0.00s Real=0.00s
[291.773s][info][gc,start       ] GC(1498) Pause Young (Normal) (G1 Evacuation Pause)
[291.773s][info][gc,task        ] GC(1498) Using 33 workers of 33 for evacuation
[291.776s][info][gc,phases      ] GC(1498)   Pre Evacuate Collection Set: 0.1ms
[291.776s][info][gc,phases      ] GC(1498)   Merge Heap Roots: 0.2ms
[291.776s][info][gc,phases      ] GC(1498)   Evacuate Collection Set: 0.3ms
[291.776s][info][gc,phases      ] GC(1498)   Post Evacuate Collection Set: 2.5ms
[291.776s][info][gc,phases      ] GC(1498)   Other: 0.1ms
[291.776s][info][gc,heap        ] GC(1498) Eden regions: 325->0(325)
[291.776s][info][gc,heap        ] GC(1498) Survivor regions: 1->1(41)
[291.776s][info][gc,heap        ] GC(1498) Old regions: 22->22
[291.776s][info][gc,heap        ] GC(1498) Archive regions: 0->0
[291.776s][info][gc,heap        ] GC(1498) Humongous regions: 0->0
[291.776s][info][gc,metaspace   ] GC(1498) Metaspace: 14282K(15168K)->14282K(15168K) NonClass: 12332K(12928K)->12332K(12928K) Class: 1950K(2240K)->1950K(2240K)
[291.776s][info][gc             ] GC(1498) Pause Young (Normal) (G1 Evacuation Pause) 332M->7M(544M) 3.506ms
[291.776s][info][gc,cpu         ] GC(1498) User=0.00s Sys=0.00s Real=0.00s
[291.968s][info][gc,start       ] GC(1499) Pause Young (Normal) (G1 Evacuation Pause)
[291.969s][info][gc,task        ] GC(1499) Using 33 workers of 33 for evacuation
[291.972s][info][gc,phases      ] GC(1499)   Pre Evacuate Collection Set: 0.2ms
[291.972s][info][gc,phases      ] GC(1499)   Merge Heap Roots: 0.2ms
[291.972s][info][gc,phases      ] GC(1499)   Evacuate Collection Set: 0.3ms
[291.972s][info][gc,phases      ] GC(1499)   Post Evacuate Collection Set: 2.5ms
[291.972s][info][gc,phases      ] GC(1499)   Other: 0.1ms
[291.972s][info][gc,heap        ] GC(1499) Eden regions: 325->0(325)
[291.972s][info][gc,heap        ] GC(1499) Survivor regions: 1->1(41)
[291.972s][info][gc,heap        ] GC(1499) Old regions: 22->22
[291.972s][info][gc,heap        ] GC(1499) Archive regions: 0->0
[291.972s][info][gc,heap        ] GC(1499) Humongous regions: 0->0
[291.972s][info][gc,metaspace   ] GC(1499) Metaspace: 14282K(15168K)->14282K(15168K) NonClass: 12332K(12928K)->12332K(12928K) Class: 1950K(2240K)->1950K(2240K)
[291.972s][info][gc             ] GC(1499) Pause Young (Normal) (G1 Evacuation Pause) 332M->8M(544M) 3.534ms
[291.972s][info][gc,cpu         ] GC(1499) User=0.02s Sys=0.00s Real=0.00s
[292.164s][info][gc,start       ] GC(1500) Pause Young (Normal) (G1 Evacuation Pause)
[292.164s][info][gc,task        ] GC(1500) Using 33 workers of 33 for evacuation
[292.168s][info][gc,phases      ] GC(1500)   Pre Evacuate Collection Set: 0.2ms
[292.168s][info][gc,phases      ] GC(1500)   Merge Heap Roots: 0.2ms
[292.168s][info][gc,phases      ] GC(1500)   Evacuate Collection Set: 0.3ms
[292.168s][info][gc,phases      ] GC(1500)   Post Evacuate Collection Set: 2.6ms
[292.168s][info][gc,phases      ] GC(1500)   Other: 0.1ms
[292.168s][info][gc,heap        ] GC(1500) Eden regions: 325->0(325)
[292.168s][info][gc,heap        ] GC(1500) Survivor regions: 1->1(41)
[292.168s][info][gc,heap        ] GC(1500) Old regions: 22->22
[292.168s][info][gc,heap        ] GC(1500) Archive regions: 0->0
[292.168s][info][gc,heap        ] GC(1500) Humongous regions: 0->0
[292.168s][info][gc,metaspace   ] GC(1500) Metaspace: 14282K(15168K)->14282K(15168K) NonClass: 12332K(12928K)->12332K(12928K) Class: 1950K(2240K)->1950K(2240K)
[292.168s][info][gc             ] GC(1500) Pause Young (Normal) (G1 Evacuation Pause) 333M->8M(544M) 3.564ms
[292.168s][info][gc,cpu         ] GC(1500) User=0.00s Sys=0.00s Real=0.00s
[292.360s][info][gc,start       ] GC(1501) Pause Young (Normal) (G1 Evacuation Pause)
[292.360s][info][gc,task        ] GC(1501) Using 33 workers of 33 for evacuation
[292.364s][info][gc,phases      ] GC(1501)   Pre Evacuate Collection Set: 0.1ms
[292.364s][info][gc,phases      ] GC(1501)   Merge Heap Roots: 0.2ms
[292.364s][info][gc,phases      ] GC(1501)   Evacuate Collection Set: 0.3ms
[292.364s][info][gc,phases      ] GC(1501)   Post Evacuate Collection Set: 2.6ms
[292.364s][info][gc,phases      ] GC(1501)   Other: 0.1ms
[292.364s][info][gc,heap        ] GC(1501) Eden regions: 325->0(325)
[292.364s][info][gc,heap        ] GC(1501) Survivor regions: 1->1(41)
[292.364s][info][gc,heap        ] GC(1501) Old regions: 22->22
[292.364s][info][gc,heap        ] GC(1501) Archive regions: 0->0
[292.364s][info][gc,heap        ] GC(1501) Humongous regions: 0->0
[292.364s][info][gc,metaspace   ] GC(1501) Metaspace: 14282K(15168K)->14282K(15168K) NonClass: 12332K(12928K)->12332K(12928K) Class: 1950K(2240K)->1950K(2240K)
[292.364s][info][gc             ] GC(1501) Pause Young (Normal) (G1 Evacuation Pause) 333M->8M(544M) 3.558ms
[292.364s][info][gc,cpu         ] GC(1501) User=0.00s Sys=0.00s Real=0.00s
[292.557s][info][gc,start       ] GC(1502) Pause Young (Normal) (G1 Evacuation Pause)
[292.557s][info][gc,task        ] GC(1502) Using 33 workers of 33 for evacuation
[292.560s][info][gc,phases      ] GC(1502)   Pre Evacuate Collection Set: 0.2ms
[292.560s][info][gc,phases      ] GC(1502)   Merge Heap Roots: 0.1ms
[292.560s][info][gc,phases      ] GC(1502)   Evacuate Collection Set: 0.3ms
[292.560s][info][gc,phases      ] GC(1502)   Post Evacuate Collection Set: 2.6ms
[292.560s][info][gc,phases      ] GC(1502)   Other: 0.1ms
[292.560s][info][gc,heap        ] GC(1502) Eden regions: 325->0(325)
[292.560s][info][gc,heap        ] GC(1502) Survivor regions: 1->1(41)
[292.560s][info][gc,heap        ] GC(1502) Old regions: 22->22
[292.560s][info][gc,heap        ] GC(1502) Archive regions: 0->0
[292.560s][info][gc,heap        ] GC(1502) Humongous regions: 0->0
[292.560s][info][gc,metaspace   ] GC(1502) Metaspace: 14282K(15168K)->14282K(15168K) NonClass: 12332K(12928K)->12332K(12928K) Class: 1950K(2240K)->1950K(2240K)
[292.560s][info][gc             ] GC(1502) Pause Young (Normal) (G1 Evacuation Pause) 333M->8M(544M) 3.617ms
[292.560s][info][gc,cpu         ] GC(1502) User=0.00s Sys=0.00s Real=0.00s
[292.752s][info][gc,start       ] GC(1503) Pause Young (Normal) (G1 Evacuation Pause)
[292.752s][info][gc,task        ] GC(1503) Using 33 workers of 33 for evacuation
[292.755s][info][gc,phases      ] GC(1503)   Pre Evacuate Collection Set: 0.2ms
[292.756s][info][gc,phases      ] GC(1503)   Merge Heap Roots: 0.2ms
[292.756s][info][gc,phases      ] GC(1503)   Evacuate Collection Set: 0.3ms
[292.756s][info][gc,phases      ] GC(1503)   Post Evacuate Collection Set: 2.7ms
[292.756s][info][gc,phases      ] GC(1503)   Other: 0.1ms
[292.756s][info][gc,heap        ] GC(1503) Eden regions: 325->0(325)
[292.756s][info][gc,heap        ] GC(1503) Survivor regions: 1->1(41)
[292.756s][info][gc,heap        ] GC(1503) Old regions: 22->22
[292.756s][info][gc,heap        ] GC(1503) Archive regions: 0->0
[292.756s][info][gc,heap        ] GC(1503) Humongous regions: 0->0
[292.756s][info][gc,metaspace   ] GC(1503) Metaspace: 14282K(15168K)->14282K(15168K) NonClass: 12332K(12928K)->12332K(12928K) Class: 1950K(2240K)->1950K(2240K)
[292.756s][info][gc             ] GC(1503) Pause Young (Normal) (G1 Evacuation Pause) 333M->8M(544M) 3.658ms
[292.756s][info][gc,cpu         ] GC(1503) User=0.00s Sys=0.00s Real=0.00s
[292.949s][info][gc,start       ] GC(1504) Pause Young (Normal) (G1 Evacuation Pause)
[292.949s][info][gc,task        ] GC(1504) Using 33 workers of 33 for evacuation
[292.952s][info][gc,phases      ] GC(1504)   Pre Evacuate Collection Set: 0.1ms
[292.952s][info][gc,phases      ] GC(1504)   Merge Heap Roots: 0.2ms
[292.952s][info][gc,phases      ] GC(1504)   Evacuate Collection Set: 0.4ms
[292.952s][info][gc,phases      ] GC(1504)   Post Evacuate Collection Set: 2.7ms
[292.952s][info][gc,phases      ] GC(1504)   Other: 0.1ms
[292.952s][info][gc,heap        ] GC(1504) Eden regions: 325->0(325)
[292.952s][info][gc,heap        ] GC(1504) Survivor regions: 1->1(41)
[292.952s][info][gc,heap        ] GC(1504) Old regions: 22->22
[292.952s][info][gc,heap        ] GC(1504) Archive regions: 0->0
[292.952s][info][gc,heap        ] GC(1504) Humongous regions: 0->0
[292.952s][info][gc,metaspace   ] GC(1504) Metaspace: 14282K(15168K)->14282K(15168K) NonClass: 12332K(12928K)->12332K(12928K) Class: 1950K(2240K)->1950K(2240K)
[292.952s][info][gc             ] GC(1504) Pause Young (Normal) (G1 Evacuation Pause) 333M->8M(544M) 3.689ms
[292.953s][info][gc,cpu         ] GC(1504) User=0.00s Sys=0.00s Real=0.00s
[293.146s][info][gc,start       ] GC(1505) Pause Young (Normal) (G1 Evacuation Pause)
[293.146s][info][gc,task        ] GC(1505) Using 33 workers of 33 for evacuation
[293.149s][info][gc,phases      ] GC(1505)   Pre Evacuate Collection Set: 0.2ms
[293.150s][info][gc,phases      ] GC(1505)   Merge Heap Roots: 0.1ms
[293.150s][info][gc,phases      ] GC(1505)   Evacuate Collection Set: 0.3ms
[293.150s][info][gc,phases      ] GC(1505)   Post Evacuate Collection Set: 2.7ms
[293.150s][info][gc,phases      ] GC(1505)   Other: 0.1ms
[293.150s][info][gc,heap        ] GC(1505) Eden regions: 325->0(325)
[293.150s][info][gc,heap        ] GC(1505) Survivor regions: 1->1(41)
[293.150s][info][gc,heap        ] GC(1505) Old regions: 22->22
[293.150s][info][gc,heap        ] GC(1505) Archive regions: 0->0
[293.150s][info][gc,heap        ] GC(1505) Humongous regions: 0->0
[293.150s][info][gc,metaspace   ] GC(1505) Metaspace: 14282K(15168K)->14282K(15168K) NonClass: 12332K(12928K)->12332K(12928K) Class: 1950K(2240K)->1950K(2240K)
[293.150s][info][gc             ] GC(1505) Pause Young (Normal) (G1 Evacuation Pause) 333M->8M(544M) 3.707ms
[293.150s][info][gc,cpu         ] GC(1505) User=0.00s Sys=0.00s Real=0.00s
[293.342s][info][gc,start       ] GC(1506) Pause Young (Normal) (G1 Evacuation Pause)
[293.342s][info][gc,task        ] GC(1506) Using 33 workers of 33 for evacuation
[293.346s][info][gc,phases      ] GC(1506)   Pre Evacuate Collection Set: 0.2ms
[293.346s][info][gc,phases      ] GC(1506)   Merge Heap Roots: 0.2ms
[293.346s][info][gc,phases      ] GC(1506)   Evacuate Collection Set: 0.3ms
[293.346s][info][gc,phases      ] GC(1506)   Post Evacuate Collection Set: 2.8ms
[293.346s][info][gc,phases      ] GC(1506)   Other: 0.1ms
[293.346s][info][gc,heap        ] GC(1506) Eden regions: 325->0(325)
[293.346s][info][gc,heap        ] GC(1506) Survivor regions: 1->1(41)
[293.346s][info][gc,heap        ] GC(1506) Old regions: 22->22
[293.346s][info][gc,heap        ] GC(1506) Archive regions: 0->0
[293.346s][info][gc,heap        ] GC(1506) Humongous regions: 0->0
[293.346s][info][gc,metaspace   ] GC(1506) Metaspace: 14282K(15168K)->14282K(15168K) NonClass: 12332K(12928K)->12332K(12928K) Class: 1950K(2240K)->1950K(2240K)
[293.346s][info][gc             ] GC(1506) Pause Young (Normal) (G1 Evacuation Pause) 333M->8M(544M) 3.792ms
[293.346s][info][gc,cpu         ] GC(1506) User=0.00s Sys=0.00s Real=0.00s
[293.540s][info][gc,start       ] GC(1507) Pause Young (Normal) (G1 Evacuation Pause)
[293.540s][info][gc,task        ] GC(1507) Using 33 workers of 33 for evacuation
[293.543s][info][gc,phases      ] GC(1507)   Pre Evacuate Collection Set: 0.2ms
[293.543s][info][gc,phases      ] GC(1507)   Merge Heap Roots: 0.2ms
[293.543s][info][gc,phases      ] GC(1507)   Evacuate Collection Set: 0.3ms
[293.543s][info][gc,phases      ] GC(1507)   Post Evacuate Collection Set: 2.8ms
[293.543s][info][gc,phases      ] GC(1507)   Other: 0.1ms
[293.543s][info][gc,heap        ] GC(1507) Eden regions: 325->0(325)
[293.543s][info][gc,heap        ] GC(1507) Survivor regions: 1->1(41)
[293.543s][info][gc,heap        ] GC(1507) Old regions: 22->22
[293.543s][info][gc,heap        ] GC(1507) Archive regions: 0->0
[293.543s][info][gc,heap        ] GC(1507) Humongous regions: 0->0
[293.543s][info][gc,metaspace   ] GC(1507) Metaspace: 14282K(15168K)->14282K(15168K) NonClass: 12332K(12928K)->12332K(12928K) Class: 1950K(2240K)->1950K(2240K)
[293.543s][info][gc             ] GC(1507) Pause Young (Normal) (G1 Evacuation Pause) 333M->8M(544M) 3.843ms
[293.543s][info][gc,cpu         ] GC(1507) User=0.00s Sys=0.00s Real=0.00s
[293.737s][info][gc,start       ] GC(1508) Pause Young (Normal) (G1 Evacuation Pause)
[293.737s][info][gc,task        ] GC(1508) Using 33 workers of 33 for evacuation
[293.741s][info][gc,phases      ] GC(1508)   Pre Evacuate Collection Set: 0.2ms
[293.741s][info][gc,phases      ] GC(1508)   Merge Heap Roots: 0.2ms
[293.741s][info][gc,phases      ] GC(1508)   Evacuate Collection Set: 0.3ms
[293.741s][info][gc,phases      ] GC(1508)   Post Evacuate Collection Set: 2.8ms
[293.741s][info][gc,phases      ] GC(1508)   Other: 0.1ms
[293.741s][info][gc,heap        ] GC(1508) Eden regions: 325->0(325)
[293.741s][info][gc,heap        ] GC(1508) Survivor regions: 1->1(41)
[293.741s][info][gc,heap        ] GC(1508) Old regions: 22->22
[293.741s][info][gc,heap        ] GC(1508) Archive regions: 0->0
[293.741s][info][gc,heap        ] GC(1508) Humongous regions: 0->0
[293.741s][info][gc,metaspace   ] GC(1508) Metaspace: 14282K(15168K)->14282K(15168K) NonClass: 12332K(12928K)->12332K(12928K) Class: 1950K(2240K)->1950K(2240K)
[293.741s][info][gc             ] GC(1508) Pause Young (Normal) (G1 Evacuation Pause) 333M->8M(544M) 3.867ms
[293.741s][info][gc,cpu         ] GC(1508) User=0.00s Sys=0.00s Real=0.00s
[293.933s][info][gc,start       ] GC(1509) Pause Young (Normal) (G1 Evacuation Pause)
[293.933s][info][gc,task        ] GC(1509) Using 33 workers of 33 for evacuation
[293.937s][info][gc,phases      ] GC(1509)   Pre Evacuate Collection Set: 0.2ms
[293.937s][info][gc,phases      ] GC(1509)   Merge Heap Roots: 0.2ms
[293.937s][info][gc,phases      ] GC(1509)   Evacuate Collection Set: 0.3ms
[293.937s][info][gc,phases      ] GC(1509)   Post Evacuate Collection Set: 2.9ms
[293.937s][info][gc,phases      ] GC(1509)   Other: 0.1ms
[293.937s][info][gc,heap        ] GC(1509) Eden regions: 325->0(325)
[293.937s][info][gc,heap        ] GC(1509) Survivor regions: 1->1(41)
[293.937s][info][gc,heap        ] GC(1509) Old regions: 22->22
[293.937s][info][gc,heap        ] GC(1509) Archive regions: 0->0
[293.937s][info][gc,heap        ] GC(1509) Humongous regions: 0->0
[293.937s][info][gc,metaspace   ] GC(1509) Metaspace: 14282K(15168K)->14282K(15168K) NonClass: 12332K(12928K)->12332K(12928K) Class: 1950K(2240K)->1950K(2240K)
[293.937s][info][gc             ] GC(1509) Pause Young (Normal) (G1 Evacuation Pause) 333M->8M(544M) 3.916ms
[293.937s][info][gc,cpu         ] GC(1509) User=0.00s Sys=0.00s Real=0.00s
[294.131s][info][gc,start       ] GC(1510) Pause Young (Normal) (G1 Evacuation Pause)
[294.131s][info][gc,task        ] GC(1510) Using 33 workers of 33 for evacuation
[294.135s][info][gc,phases      ] GC(1510)   Pre Evacuate Collection Set: 0.1ms
[294.135s][info][gc,phases      ] GC(1510)   Merge Heap Roots: 0.2ms
[294.135s][info][gc,phases      ] GC(1510)   Evacuate Collection Set: 0.4ms
[294.135s][info][gc,phases      ] GC(1510)   Post Evacuate Collection Set: 2.9ms
[294.135s][info][gc,phases      ] GC(1510)   Other: 0.1ms
[294.135s][info][gc,heap        ] GC(1510) Eden regions: 325->0(325)
[294.135s][info][gc,heap        ] GC(1510) Survivor regions: 1->1(41)
[294.135s][info][gc,heap        ] GC(1510) Old regions: 22->22
[294.135s][info][gc,heap        ] GC(1510) Archive regions: 0->0
[294.135s][info][gc,heap        ] GC(1510) Humongous regions: 0->0
[294.135s][info][gc,metaspace   ] GC(1510) Metaspace: 14282K(15168K)->14282K(15168K) NonClass: 12332K(12928K)->12332K(12928K) Class: 1950K(2240K)->1950K(2240K)
[294.135s][info][gc             ] GC(1510) Pause Young (Normal) (G1 Evacuation Pause) 333M->8M(544M) 3.897ms
[294.135s][info][gc,cpu         ] GC(1510) User=0.00s Sys=0.00s Real=0.00s
[294.329s][info][gc,start       ] GC(1511) Pause Young (Normal) (G1 Evacuation Pause)
[294.329s][info][gc,task        ] GC(1511) Using 33 workers of 33 for evacuation
[294.332s][info][gc,phases      ] GC(1511)   Pre Evacuate Collection Set: 0.2ms
[294.332s][info][gc,phases      ] GC(1511)   Merge Heap Roots: 0.2ms
[294.332s][info][gc,phases      ] GC(1511)   Evacuate Collection Set: 0.3ms
[294.332s][info][gc,phases      ] GC(1511)   Post Evacuate Collection Set: 2.9ms
[294.332s][info][gc,phases      ] GC(1511)   Other: 0.1ms
[294.332s][info][gc,heap        ] GC(1511) Eden regions: 325->0(325)
[294.332s][info][gc,heap        ] GC(1511) Survivor regions: 1->1(41)
[294.332s][info][gc,heap        ] GC(1511) Old regions: 22->22
[294.332s][info][gc,heap        ] GC(1511) Archive regions: 0->0
[294.332s][info][gc,heap        ] GC(1511) Humongous regions: 0->0
[294.332s][info][gc,metaspace   ] GC(1511) Metaspace: 14282K(15168K)->14282K(15168K) NonClass: 12332K(12928K)->12332K(12928K) Class: 1950K(2240K)->1950K(2240K)
[294.332s][info][gc             ] GC(1511) Pause Young (Normal) (G1 Evacuation Pause) 333M->8M(544M) 3.929ms
[294.333s][info][gc,cpu         ] GC(1511) User=0.00s Sys=0.00s Real=0.00s
[294.527s][info][gc,start       ] GC(1512) Pause Young (Normal) (G1 Evacuation Pause)
[294.527s][info][gc,task        ] GC(1512) Using 33 workers of 33 for evacuation
[294.531s][info][gc,phases      ] GC(1512)   Pre Evacuate Collection Set: 0.1ms
[294.531s][info][gc,phases      ] GC(1512)   Merge Heap Roots: 0.2ms
[294.531s][info][gc,phases      ] GC(1512)   Evacuate Collection Set: 0.3ms
[294.531s][info][gc,phases      ] GC(1512)   Post Evacuate Collection Set: 3.0ms
[294.531s][info][gc,phases      ] GC(1512)   Other: 0.1ms
[294.531s][info][gc,heap        ] GC(1512) Eden regions: 325->0(325)
[294.531s][info][gc,heap        ] GC(1512) Survivor regions: 1->1(41)
[294.531s][info][gc,heap        ] GC(1512) Old regions: 22->22
[294.531s][info][gc,heap        ] GC(1512) Archive regions: 0->0
[294.531s][info][gc,heap        ] GC(1512) Humongous regions: 0->0
[294.531s][info][gc,metaspace   ] GC(1512) Metaspace: 14282K(15168K)->14282K(15168K) NonClass: 12332K(12928K)->12332K(12928K) Class: 1950K(2240K)->1950K(2240K)
[294.531s][info][gc             ] GC(1512) Pause Young (Normal) (G1 Evacuation Pause) 333M->8M(544M) 3.985ms
[294.531s][info][gc,cpu         ] GC(1512) User=0.00s Sys=0.00s Real=0.00s
[294.724s][info][gc,start       ] GC(1513) Pause Young (Normal) (G1 Evacuation Pause)
[294.725s][info][gc,task        ] GC(1513) Using 33 workers of 33 for evacuation
[294.728s][info][gc,phases      ] GC(1513)   Pre Evacuate Collection Set: 0.2ms
[294.728s][info][gc,phases      ] GC(1513)   Merge Heap Roots: 0.2ms
[294.728s][info][gc,phases      ] GC(1513)   Evacuate Collection Set: 0.4ms
[294.728s][info][gc,phases      ] GC(1513)   Post Evacuate Collection Set: 2.7ms
[294.728s][info][gc,phases      ] GC(1513)   Other: 0.1ms
[294.728s][info][gc,heap        ] GC(1513) Eden regions: 325->0(325)
[294.728s][info][gc,heap        ] GC(1513) Survivor regions: 1->1(41)
[294.728s][info][gc,heap        ] GC(1513) Old regions: 22->22
[294.728s][info][gc,heap        ] GC(1513) Archive regions: 0->0
[294.728s][info][gc,heap        ] GC(1513) Humongous regions: 0->0
[294.728s][info][gc,metaspace   ] GC(1513) Metaspace: 14282K(15168K)->14282K(15168K) NonClass: 12332K(12928K)->12332K(12928K) Class: 1950K(2240K)->1950K(2240K)
[294.728s][info][gc             ] GC(1513) Pause Young (Normal) (G1 Evacuation Pause) 333M->8M(544M) 3.742ms
[294.728s][info][gc,cpu         ] GC(1513) User=0.00s Sys=0.00s Real=0.00s
[294.921s][info][gc,start       ] GC(1514) Pause Young (Normal) (G1 Evacuation Pause)
[294.921s][info][gc,task        ] GC(1514) Using 33 workers of 33 for evacuation
[294.925s][info][gc,phases      ] GC(1514)   Pre Evacuate Collection Set: 0.1ms
[294.925s][info][gc,phases      ] GC(1514)   Merge Heap Roots: 0.2ms
[294.925s][info][gc,phases      ] GC(1514)   Evacuate Collection Set: 0.3ms
[294.925s][info][gc,phases      ] GC(1514)   Post Evacuate Collection Set: 2.6ms
[294.925s][info][gc,phases      ] GC(1514)   Other: 0.1ms
[294.925s][info][gc,heap        ] GC(1514) Eden regions: 325->0(325)
[294.925s][info][gc,heap        ] GC(1514) Survivor regions: 1->1(41)
[294.925s][info][gc,heap        ] GC(1514) Old regions: 22->22
[294.925s][info][gc,heap        ] GC(1514) Archive regions: 0->0
[294.925s][info][gc,heap        ] GC(1514) Humongous regions: 0->0
[294.925s][info][gc,metaspace   ] GC(1514) Metaspace: 14282K(15168K)->14282K(15168K) NonClass: 12332K(12928K)->12332K(12928K) Class: 1950K(2240K)->1950K(2240K)
[294.925s][info][gc             ] GC(1514) Pause Young (Normal) (G1 Evacuation Pause) 333M->8M(544M) 3.595ms
[294.925s][info][gc,cpu         ] GC(1514) User=0.52s Sys=0.00s Real=0.00s
[295.120s][info][gc,start       ] GC(1515) Pause Young (Normal) (G1 Evacuation Pause)
[295.120s][info][gc,task        ] GC(1515) Using 33 workers of 33 for evacuation
[295.123s][info][gc,phases      ] GC(1515)   Pre Evacuate Collection Set: 0.2ms
[295.123s][info][gc,phases      ] GC(1515)   Merge Heap Roots: 0.1ms
[295.123s][info][gc,phases      ] GC(1515)   Evacuate Collection Set: 0.3ms
[295.123s][info][gc,phases      ] GC(1515)   Post Evacuate Collection Set: 2.4ms
[295.123s][info][gc,phases      ] GC(1515)   Other: 0.1ms
[295.123s][info][gc,heap        ] GC(1515) Eden regions: 325->0(325)
[295.123s][info][gc,heap        ] GC(1515) Survivor regions: 1->1(41)
[295.123s][info][gc,heap        ] GC(1515) Old regions: 22->23
[295.123s][info][gc,heap        ] GC(1515) Archive regions: 0->0
[295.123s][info][gc,heap        ] GC(1515) Humongous regions: 0->0
[295.123s][info][gc,metaspace   ] GC(1515) Metaspace: 14282K(15168K)->14282K(15168K) NonClass: 12332K(12928K)->12332K(12928K) Class: 1950K(2240K)->1950K(2240K)
[295.123s][info][gc             ] GC(1515) Pause Young (Normal) (G1 Evacuation Pause) 333M->8M(544M) 3.528ms
[295.123s][info][gc,cpu         ] GC(1515) User=0.00s Sys=0.00s Real=0.00s
[295.318s][info][gc,start       ] GC(1516) Pause Young (Normal) (G1 Evacuation Pause)
[295.318s][info][gc,task        ] GC(1516) Using 33 workers of 33 for evacuation
[295.321s][info][gc,phases      ] GC(1516)   Pre Evacuate Collection Set: 0.1ms
[295.321s][info][gc,phases      ] GC(1516)   Merge Heap Roots: 0.2ms
[295.321s][info][gc,phases      ] GC(1516)   Evacuate Collection Set: 0.3ms
[295.321s][info][gc,phases      ] GC(1516)   Post Evacuate Collection Set: 2.5ms
[295.321s][info][gc,phases      ] GC(1516)   Other: 0.1ms
[295.321s][info][gc,heap        ] GC(1516) Eden regions: 325->0(325)
[295.321s][info][gc,heap        ] GC(1516) Survivor regions: 1->1(41)
[295.321s][info][gc,heap        ] GC(1516) Old regions: 23->23
[295.321s][info][gc,heap        ] GC(1516) Archive regions: 0->0
[295.321s][info][gc,heap        ] GC(1516) Humongous regions: 0->0
[295.321s][info][gc,metaspace   ] GC(1516) Metaspace: 14282K(15168K)->14282K(15168K) NonClass: 12332K(12928K)->12332K(12928K) Class: 1950K(2240K)->1950K(2240K)
[295.321s][info][gc             ] GC(1516) Pause Young (Normal) (G1 Evacuation Pause) 333M->8M(544M) 3.479ms
[295.321s][info][gc,cpu         ] GC(1516) User=0.00s Sys=0.00s Real=0.00s
[295.515s][info][gc,start       ] GC(1517) Pause Young (Normal) (G1 Evacuation Pause)
[295.515s][info][gc,task        ] GC(1517) Using 33 workers of 33 for evacuation
[295.518s][info][gc,phases      ] GC(1517)   Pre Evacuate Collection Set: 0.2ms
[295.518s][info][gc,phases      ] GC(1517)   Merge Heap Roots: 0.2ms
[295.518s][info][gc,phases      ] GC(1517)   Evacuate Collection Set: 0.3ms
[295.518s][info][gc,phases      ] GC(1517)   Post Evacuate Collection Set: 2.5ms
[295.518s][info][gc,phases      ] GC(1517)   Other: 0.1ms
[295.518s][info][gc,heap        ] GC(1517) Eden regions: 325->0(325)
[295.518s][info][gc,heap        ] GC(1517) Survivor regions: 1->1(41)
[295.518s][info][gc,heap        ] GC(1517) Old regions: 23->23
[295.518s][info][gc,heap        ] GC(1517) Archive regions: 0->0
[295.518s][info][gc,heap        ] GC(1517) Humongous regions: 0->0
[295.518s][info][gc,metaspace   ] GC(1517) Metaspace: 14282K(15168K)->14282K(15168K) NonClass: 12332K(12928K)->12332K(12928K) Class: 1950K(2240K)->1950K(2240K)
[295.518s][info][gc             ] GC(1517) Pause Young (Normal) (G1 Evacuation Pause) 333M->8M(544M) 3.525ms
[295.518s][info][gc,cpu         ] GC(1517) User=0.52s Sys=0.00s Real=0.00s
[295.712s][info][gc,start       ] GC(1518) Pause Young (Normal) (G1 Evacuation Pause)
[295.712s][info][gc,task        ] GC(1518) Using 33 workers of 33 for evacuation
[295.715s][info][gc,phases      ] GC(1518)   Pre Evacuate Collection Set: 0.2ms
[295.715s][info][gc,phases      ] GC(1518)   Merge Heap Roots: 0.2ms
[295.715s][info][gc,phases      ] GC(1518)   Evacuate Collection Set: 0.4ms
[295.715s][info][gc,phases      ] GC(1518)   Post Evacuate Collection Set: 2.6ms
[295.715s][info][gc,phases      ] GC(1518)   Other: 0.1ms
[295.715s][info][gc,heap        ] GC(1518) Eden regions: 325->0(325)
[295.715s][info][gc,heap        ] GC(1518) Survivor regions: 1->1(41)
[295.715s][info][gc,heap        ] GC(1518) Old regions: 23->23
[295.715s][info][gc,heap        ] GC(1518) Archive regions: 0->0
[295.715s][info][gc,heap        ] GC(1518) Humongous regions: 0->0
[295.715s][info][gc,metaspace   ] GC(1518) Metaspace: 14282K(15168K)->14282K(15168K) NonClass: 12332K(12928K)->12332K(12928K) Class: 1950K(2240K)->1950K(2240K)
[295.715s][info][gc             ] GC(1518) Pause Young (Normal) (G1 Evacuation Pause) 333M->8M(544M) 3.617ms
[295.715s][info][gc,cpu         ] GC(1518) User=0.00s Sys=0.00s Real=0.00s
[295.908s][info][gc,start       ] GC(1519) Pause Young (Normal) (G1 Evacuation Pause)
[295.908s][info][gc,task        ] GC(1519) Using 33 workers of 33 for evacuation
[295.912s][info][gc,phases      ] GC(1519)   Pre Evacuate Collection Set: 0.2ms
[295.912s][info][gc,phases      ] GC(1519)   Merge Heap Roots: 0.2ms
[295.912s][info][gc,phases      ] GC(1519)   Evacuate Collection Set: 0.3ms
[295.912s][info][gc,phases      ] GC(1519)   Post Evacuate Collection Set: 2.6ms
[295.912s][info][gc,phases      ] GC(1519)   Other: 0.1ms
[295.912s][info][gc,heap        ] GC(1519) Eden regions: 325->0(325)
[295.912s][info][gc,heap        ] GC(1519) Survivor regions: 1->1(41)
[295.912s][info][gc,heap        ] GC(1519) Old regions: 23->23
[295.912s][info][gc,heap        ] GC(1519) Archive regions: 0->0
[295.912s][info][gc,heap        ] GC(1519) Humongous regions: 0->0
[295.912s][info][gc,metaspace   ] GC(1519) Metaspace: 14282K(15168K)->14282K(15168K) NonClass: 12332K(12928K)->12332K(12928K) Class: 1950K(2240K)->1950K(2240K)
[295.912s][info][gc             ] GC(1519) Pause Young (Normal) (G1 Evacuation Pause) 333M->8M(544M) 3.548ms
[295.912s][info][gc,cpu         ] GC(1519) User=0.00s Sys=0.00s Real=0.00s
[296.104s][info][gc,start       ] GC(1520) Pause Young (Normal) (G1 Evacuation Pause)
[296.104s][info][gc,task        ] GC(1520) Using 33 workers of 33 for evacuation
[296.108s][info][gc,phases      ] GC(1520)   Pre Evacuate Collection Set: 0.2ms
[296.108s][info][gc,phases      ] GC(1520)   Merge Heap Roots: 0.2ms
[296.108s][info][gc,phases      ] GC(1520)   Evacuate Collection Set: 0.4ms
[296.108s][info][gc,phases      ] GC(1520)   Post Evacuate Collection Set: 2.6ms
[296.108s][info][gc,phases      ] GC(1520)   Other: 0.1ms
[296.108s][info][gc,heap        ] GC(1520) Eden regions: 325->0(325)
[296.108s][info][gc,heap        ] GC(1520) Survivor regions: 1->1(41)
[296.108s][info][gc,heap        ] GC(1520) Old regions: 23->23
[296.108s][info][gc,heap        ] GC(1520) Archive regions: 0->0
[296.108s][info][gc,heap        ] GC(1520) Humongous regions: 0->0
[296.108s][info][gc,metaspace   ] GC(1520) Metaspace: 14282K(15168K)->14282K(15168K) NonClass: 12332K(12928K)->12332K(12928K) Class: 1950K(2240K)->1950K(2240K)
[296.108s][info][gc             ] GC(1520) Pause Young (Normal) (G1 Evacuation Pause) 333M->8M(544M) 3.652ms
[296.108s][info][gc,cpu         ] GC(1520) User=0.00s Sys=0.00s Real=0.00s
[296.300s][info][gc,start       ] GC(1521) Pause Young (Normal) (G1 Evacuation Pause)
[296.300s][info][gc,task        ] GC(1521) Using 33 workers of 33 for evacuation
[296.304s][info][gc,phases      ] GC(1521)   Pre Evacuate Collection Set: 0.2ms
[296.304s][info][gc,phases      ] GC(1521)   Merge Heap Roots: 0.1ms
[296.304s][info][gc,phases      ] GC(1521)   Evacuate Collection Set: 0.4ms
[296.304s][info][gc,phases      ] GC(1521)   Post Evacuate Collection Set: 2.7ms
[296.304s][info][gc,phases      ] GC(1521)   Other: 0.1ms
[296.304s][info][gc,heap        ] GC(1521) Eden regions: 325->0(325)
[296.304s][info][gc,heap        ] GC(1521) Survivor regions: 1->1(41)
[296.304s][info][gc,heap        ] GC(1521) Old regions: 23->23
[296.304s][info][gc,heap        ] GC(1521) Archive regions: 0->0
[296.304s][info][gc,heap        ] GC(1521) Humongous regions: 0->0
[296.304s][info][gc,metaspace   ] GC(1521) Metaspace: 14282K(15168K)->14282K(15168K) NonClass: 12332K(12928K)->12332K(12928K) Class: 1950K(2240K)->1950K(2240K)
[296.304s][info][gc             ] GC(1521) Pause Young (Normal) (G1 Evacuation Pause) 333M->9M(544M) 3.687ms
[296.304s][info][gc,cpu         ] GC(1521) User=0.00s Sys=0.00s Real=0.00s
[296.496s][info][gc,start       ] GC(1522) Pause Young (Normal) (G1 Evacuation Pause)
[296.497s][info][gc,task        ] GC(1522) Using 33 workers of 33 for evacuation
[296.500s][info][gc,phases      ] GC(1522)   Pre Evacuate Collection Set: 0.1ms
[296.500s][info][gc,phases      ] GC(1522)   Merge Heap Roots: 0.2ms
[296.500s][info][gc,phases      ] GC(1522)   Evacuate Collection Set: 0.3ms
[296.500s][info][gc,phases      ] GC(1522)   Post Evacuate Collection Set: 2.7ms
[296.500s][info][gc,phases      ] GC(1522)   Other: 0.1ms
[296.500s][info][gc,heap        ] GC(1522) Eden regions: 325->0(325)
[296.500s][info][gc,heap        ] GC(1522) Survivor regions: 1->1(41)
[296.500s][info][gc,heap        ] GC(1522) Old regions: 23->23
[296.500s][info][gc,heap        ] GC(1522) Archive regions: 0->0
[296.500s][info][gc,heap        ] GC(1522) Humongous regions: 0->0
[296.500s][info][gc,metaspace   ] GC(1522) Metaspace: 14282K(15168K)->14282K(15168K) NonClass: 12332K(12928K)->12332K(12928K) Class: 1950K(2240K)->1950K(2240K)
[296.500s][info][gc             ] GC(1522) Pause Young (Normal) (G1 Evacuation Pause) 334M->9M(544M) 3.684ms
[296.500s][info][gc,cpu         ] GC(1522) User=0.00s Sys=0.00s Real=0.00s
[296.693s][info][gc,start       ] GC(1523) Pause Young (Normal) (G1 Evacuation Pause)
[296.693s][info][gc,task        ] GC(1523) Using 33 workers of 33 for evacuation
[296.696s][info][gc,phases      ] GC(1523)   Pre Evacuate Collection Set: 0.2ms
[296.696s][info][gc,phases      ] GC(1523)   Merge Heap Roots: 0.2ms
[296.696s][info][gc,phases      ] GC(1523)   Evacuate Collection Set: 0.3ms
[296.696s][info][gc,phases      ] GC(1523)   Post Evacuate Collection Set: 2.7ms
[296.697s][info][gc,phases      ] GC(1523)   Other: 0.1ms
[296.697s][info][gc,heap        ] GC(1523) Eden regions: 325->0(325)
[296.697s][info][gc,heap        ] GC(1523) Survivor regions: 1->1(41)
[296.697s][info][gc,heap        ] GC(1523) Old regions: 23->23
[296.697s][info][gc,heap        ] GC(1523) Archive regions: 0->0
[296.697s][info][gc,heap        ] GC(1523) Humongous regions: 0->0
[296.697s][info][gc,metaspace   ] GC(1523) Metaspace: 14282K(15168K)->14282K(15168K) NonClass: 12332K(12928K)->12332K(12928K) Class: 1950K(2240K)->1950K(2240K)
[296.697s][info][gc             ] GC(1523) Pause Young (Normal) (G1 Evacuation Pause) 334M->9M(544M) 3.712ms
[296.697s][info][gc,cpu         ] GC(1523) User=0.00s Sys=0.00s Real=0.00s
[296.888s][info][gc,start       ] GC(1524) Pause Young (Normal) (G1 Evacuation Pause)
[296.888s][info][gc,task        ] GC(1524) Using 33 workers of 33 for evacuation
[296.891s][info][gc,phases      ] GC(1524)   Pre Evacuate Collection Set: 0.2ms
[296.891s][info][gc,phases      ] GC(1524)   Merge Heap Roots: 0.2ms
[296.891s][info][gc,phases      ] GC(1524)   Evacuate Collection Set: 0.3ms
[296.891s][info][gc,phases      ] GC(1524)   Post Evacuate Collection Set: 2.8ms
[296.892s][info][gc,phases      ] GC(1524)   Other: 0.1ms
[296.892s][info][gc,heap        ] GC(1524) Eden regions: 325->0(325)
[296.892s][info][gc,heap        ] GC(1524) Survivor regions: 1->1(41)
[296.892s][info][gc,heap        ] GC(1524) Old regions: 23->23
[296.892s][info][gc,heap        ] GC(1524) Archive regions: 0->0
[296.892s][info][gc,heap        ] GC(1524) Humongous regions: 0->0
[296.892s][info][gc,metaspace   ] GC(1524) Metaspace: 14282K(15168K)->14282K(15168K) NonClass: 12332K(12928K)->12332K(12928K) Class: 1950K(2240K)->1950K(2240K)
[296.892s][info][gc             ] GC(1524) Pause Young (Normal) (G1 Evacuation Pause) 334M->9M(544M) 3.786ms
[296.892s][info][gc,cpu         ] GC(1524) User=0.52s Sys=0.00s Real=0.00s
[297.085s][info][gc,start       ] GC(1525) Pause Young (Normal) (G1 Evacuation Pause)
[297.085s][info][gc,task        ] GC(1525) Using 33 workers of 33 for evacuation
[297.089s][info][gc,phases      ] GC(1525)   Pre Evacuate Collection Set: 0.2ms
[297.089s][info][gc,phases      ] GC(1525)   Merge Heap Roots: 0.2ms
[297.089s][info][gc,phases      ] GC(1525)   Evacuate Collection Set: 0.4ms
[297.089s][info][gc,phases      ] GC(1525)   Post Evacuate Collection Set: 2.8ms
[297.089s][info][gc,phases      ] GC(1525)   Other: 0.1ms
[297.089s][info][gc,heap        ] GC(1525) Eden regions: 325->0(325)
[297.089s][info][gc,heap        ] GC(1525) Survivor regions: 1->1(41)
[297.089s][info][gc,heap        ] GC(1525) Old regions: 23->23
[297.089s][info][gc,heap        ] GC(1525) Archive regions: 0->0
[297.089s][info][gc,heap        ] GC(1525) Humongous regions: 0->0
[297.089s][info][gc,metaspace   ] GC(1525) Metaspace: 14282K(15168K)->14282K(15168K) NonClass: 12332K(12928K)->12332K(12928K) Class: 1950K(2240K)->1950K(2240K)
[297.089s][info][gc             ] GC(1525) Pause Young (Normal) (G1 Evacuation Pause) 334M->9M(544M) 3.828ms
[297.089s][info][gc,cpu         ] GC(1525) User=0.00s Sys=0.00s Real=0.00s
[297.282s][info][gc,start       ] GC(1526) Pause Young (Normal) (G1 Evacuation Pause)
[297.282s][info][gc,task        ] GC(1526) Using 33 workers of 33 for evacuation
[297.285s][info][gc,phases      ] GC(1526)   Pre Evacuate Collection Set: 0.2ms
[297.285s][info][gc,phases      ] GC(1526)   Merge Heap Roots: 0.2ms
[297.285s][info][gc,phases      ] GC(1526)   Evacuate Collection Set: 0.4ms
[297.285s][info][gc,phases      ] GC(1526)   Post Evacuate Collection Set: 2.8ms
[297.286s][info][gc,phases      ] GC(1526)   Other: 0.1ms
[297.286s][info][gc,heap        ] GC(1526) Eden regions: 325->0(325)
[297.286s][info][gc,heap        ] GC(1526) Survivor regions: 1->1(41)
[297.286s][info][gc,heap        ] GC(1526) Old regions: 23->23
[297.286s][info][gc,heap        ] GC(1526) Archive regions: 0->0
[297.286s][info][gc,heap        ] GC(1526) Humongous regions: 0->0
[297.286s][info][gc,metaspace   ] GC(1526) Metaspace: 14282K(15168K)->14282K(15168K) NonClass: 12332K(12928K)->12332K(12928K) Class: 1950K(2240K)->1950K(2240K)
[297.286s][info][gc             ] GC(1526) Pause Young (Normal) (G1 Evacuation Pause) 334M->9M(544M) 3.866ms
[297.286s][info][gc,cpu         ] GC(1526) User=0.00s Sys=0.00s Real=0.00s
[297.478s][info][gc,start       ] GC(1527) Pause Young (Normal) (G1 Evacuation Pause)
[297.478s][info][gc,task        ] GC(1527) Using 33 workers of 33 for evacuation
[297.481s][info][gc,phases      ] GC(1527)   Pre Evacuate Collection Set: 0.1ms
[297.482s][info][gc,phases      ] GC(1527)   Merge Heap Roots: 0.2ms
[297.482s][info][gc,phases      ] GC(1527)   Evacuate Collection Set: 0.3ms
[297.482s][info][gc,phases      ] GC(1527)   Post Evacuate Collection Set: 2.9ms
[297.482s][info][gc,phases      ] GC(1527)   Other: 0.1ms
[297.482s][info][gc,heap        ] GC(1527) Eden regions: 325->0(325)
[297.482s][info][gc,heap        ] GC(1527) Survivor regions: 1->1(41)
[297.482s][info][gc,heap        ] GC(1527) Old regions: 23->23
[297.482s][info][gc,heap        ] GC(1527) Archive regions: 0->0
[297.482s][info][gc,heap        ] GC(1527) Humongous regions: 0->0
[297.482s][info][gc,metaspace   ] GC(1527) Metaspace: 14282K(15168K)->14282K(15168K) NonClass: 12332K(12928K)->12332K(12928K) Class: 1950K(2240K)->1950K(2240K)
[297.482s][info][gc             ] GC(1527) Pause Young (Normal) (G1 Evacuation Pause) 334M->9M(544M) 3.843ms
[297.482s][info][gc,cpu         ] GC(1527) User=0.00s Sys=0.00s Real=0.00s
[297.674s][info][gc,start       ] GC(1528) Pause Young (Normal) (G1 Evacuation Pause)
[297.674s][info][gc,task        ] GC(1528) Using 33 workers of 33 for evacuation
[297.678s][info][gc,phases      ] GC(1528)   Pre Evacuate Collection Set: 0.1ms
[297.678s][info][gc,phases      ] GC(1528)   Merge Heap Roots: 0.1ms
[297.678s][info][gc,phases      ] GC(1528)   Evacuate Collection Set: 0.4ms
[297.678s][info][gc,phases      ] GC(1528)   Post Evacuate Collection Set: 2.9ms
[297.678s][info][gc,phases      ] GC(1528)   Other: 0.1ms
[297.678s][info][gc,heap        ] GC(1528) Eden regions: 325->0(325)
[297.678s][info][gc,heap        ] GC(1528) Survivor regions: 1->1(41)
[297.678s][info][gc,heap        ] GC(1528) Old regions: 23->23
[297.678s][info][gc,heap        ] GC(1528) Archive regions: 0->0
[297.678s][info][gc,heap        ] GC(1528) Humongous regions: 0->0
[297.678s][info][gc,metaspace   ] GC(1528) Metaspace: 14282K(15168K)->14282K(15168K) NonClass: 12332K(12928K)->12332K(12928K) Class: 1950K(2240K)->1950K(2240K)
[297.678s][info][gc             ] GC(1528) Pause Young (Normal) (G1 Evacuation Pause) 334M->9M(544M) 3.928ms
[297.678s][info][gc,cpu         ] GC(1528) User=0.00s Sys=0.00s Real=0.00s
[297.872s][info][gc,start       ] GC(1529) Pause Young (Normal) (G1 Evacuation Pause)
[297.873s][info][gc,task        ] GC(1529) Using 33 workers of 33 for evacuation
[297.876s][info][gc,phases      ] GC(1529)   Pre Evacuate Collection Set: 0.1ms
[297.876s][info][gc,phases      ] GC(1529)   Merge Heap Roots: 0.2ms
[297.876s][info][gc,phases      ] GC(1529)   Evacuate Collection Set: 0.3ms
[297.876s][info][gc,phases      ] GC(1529)   Post Evacuate Collection Set: 2.9ms
[297.876s][info][gc,phases      ] GC(1529)   Other: 0.1ms
[297.876s][info][gc,heap        ] GC(1529) Eden regions: 325->0(325)
[297.876s][info][gc,heap        ] GC(1529) Survivor regions: 1->1(41)
[297.876s][info][gc,heap        ] GC(1529) Old regions: 23->23
[297.876s][info][gc,heap        ] GC(1529) Archive regions: 0->0
[297.876s][info][gc,heap        ] GC(1529) Humongous regions: 0->0
[297.876s][info][gc,metaspace   ] GC(1529) Metaspace: 14282K(15168K)->14282K(15168K) NonClass: 12332K(12928K)->12332K(12928K) Class: 1950K(2240K)->1950K(2240K)
[297.876s][info][gc             ] GC(1529) Pause Young (Normal) (G1 Evacuation Pause) 334M->9M(544M) 3.922ms
[297.876s][info][gc,cpu         ] GC(1529) User=0.52s Sys=0.00s Real=0.00s
[298.070s][info][gc,start       ] GC(1530) Pause Young (Normal) (G1 Evacuation Pause)
[298.070s][info][gc,task        ] GC(1530) Using 33 workers of 33 for evacuation
[298.074s][info][gc,phases      ] GC(1530)   Pre Evacuate Collection Set: 0.1ms
[298.074s][info][gc,phases      ] GC(1530)   Merge Heap Roots: 0.2ms
[298.074s][info][gc,phases      ] GC(1530)   Evacuate Collection Set: 0.4ms
[298.074s][info][gc,phases      ] GC(1530)   Post Evacuate Collection Set: 3.0ms
[298.074s][info][gc,phases      ] GC(1530)   Other: 0.1ms
[298.074s][info][gc,heap        ] GC(1530) Eden regions: 325->0(325)
[298.074s][info][gc,heap        ] GC(1530) Survivor regions: 1->1(41)
[298.074s][info][gc,heap        ] GC(1530) Old regions: 23->23
[298.074s][info][gc,heap        ] GC(1530) Archive regions: 0->0
[298.074s][info][gc,heap        ] GC(1530) Humongous regions: 0->0
[298.074s][info][gc,metaspace   ] GC(1530) Metaspace: 14282K(15168K)->14282K(15168K) NonClass: 12332K(12928K)->12332K(12928K) Class: 1950K(2240K)->1950K(2240K)
[298.074s][info][gc             ] GC(1530) Pause Young (Normal) (G1 Evacuation Pause) 334M->9M(544M) 4.046ms
[298.074s][info][gc,cpu         ] GC(1530) User=0.00s Sys=0.00s Real=0.00s
[298.341s][info][gc,start       ] GC(1531) Pause Young (Normal) (G1 Evacuation Pause)
[298.341s][info][gc,task        ] GC(1531) Using 33 workers of 33 for evacuation
[298.346s][info][gc,phases      ] GC(1531)   Pre Evacuate Collection Set: 0.2ms
[298.346s][info][gc,phases      ] GC(1531)   Merge Heap Roots: 0.3ms
[298.346s][info][gc,phases      ] GC(1531)   Evacuate Collection Set: 0.5ms
[298.346s][info][gc,phases      ] GC(1531)   Post Evacuate Collection Set: 3.9ms
[298.346s][info][gc,phases      ] GC(1531)   Other: 0.2ms
[298.346s][info][gc,heap        ] GC(1531) Eden regions: 325->0(325)
[298.346s][info][gc,heap        ] GC(1531) Survivor regions: 1->1(41)
[298.346s][info][gc,heap        ] GC(1531) Old regions: 23->23
[298.346s][info][gc,heap        ] GC(1531) Archive regions: 0->0
[298.346s][info][gc,heap        ] GC(1531) Humongous regions: 0->0
[298.347s][info][gc,metaspace   ] GC(1531) Metaspace: 14282K(15168K)->14282K(15168K) NonClass: 12332K(12928K)->12332K(12928K) Class: 1950K(2240K)->1950K(2240K)
[298.347s][info][gc             ] GC(1531) Pause Young (Normal) (G1 Evacuation Pause) 334M->9M(544M) 5.648ms
[298.347s][info][gc,cpu         ] GC(1531) User=0.00s Sys=0.00s Real=0.00s
[298.547s][info][gc,start       ] GC(1532) Pause Young (Normal) (G1 Evacuation Pause)
[298.547s][info][gc,task        ] GC(1532) Using 33 workers of 33 for evacuation
[298.551s][info][gc,phases      ] GC(1532)   Pre Evacuate Collection Set: 0.2ms
[298.551s][info][gc,phases      ] GC(1532)   Merge Heap Roots: 0.2ms
[298.551s][info][gc,phases      ] GC(1532)   Evacuate Collection Set: 0.4ms
[298.551s][info][gc,phases      ] GC(1532)   Post Evacuate Collection Set: 2.8ms
[298.551s][info][gc,phases      ] GC(1532)   Other: 0.1ms
[298.551s][info][gc,heap        ] GC(1532) Eden regions: 325->0(325)
[298.551s][info][gc,heap        ] GC(1532) Survivor regions: 1->1(41)
[298.551s][info][gc,heap        ] GC(1532) Old regions: 23->23
[298.551s][info][gc,heap        ] GC(1532) Archive regions: 0->0
[298.551s][info][gc,heap        ] GC(1532) Humongous regions: 0->0
[298.551s][info][gc,metaspace   ] GC(1532) Metaspace: 14282K(15168K)->14282K(15168K) NonClass: 12332K(12928K)->12332K(12928K) Class: 1950K(2240K)->1950K(2240K)
[298.551s][info][gc             ] GC(1532) Pause Young (Normal) (G1 Evacuation Pause) 334M->9M(544M) 3.925ms
[298.551s][info][gc,cpu         ] GC(1532) User=0.00s Sys=0.00s Real=0.00s
[298.748s][info][gc,start       ] GC(1533) Pause Young (Normal) (G1 Evacuation Pause)
[298.748s][info][gc,task        ] GC(1533) Using 33 workers of 33 for evacuation
[298.752s][info][gc,phases      ] GC(1533)   Pre Evacuate Collection Set: 0.1ms
[298.752s][info][gc,phases      ] GC(1533)   Merge Heap Roots: 0.2ms
[298.752s][info][gc,phases      ] GC(1533)   Evacuate Collection Set: 0.4ms
[298.752s][info][gc,phases      ] GC(1533)   Post Evacuate Collection Set: 2.6ms
[298.752s][info][gc,phases      ] GC(1533)   Other: 0.1ms
[298.752s][info][gc,heap        ] GC(1533) Eden regions: 325->0(325)
[298.752s][info][gc,heap        ] GC(1533) Survivor regions: 1->1(41)
[298.752s][info][gc,heap        ] GC(1533) Old regions: 23->23
[298.752s][info][gc,heap        ] GC(1533) Archive regions: 0->0
[298.752s][info][gc,heap        ] GC(1533) Humongous regions: 0->0
[298.752s][info][gc,metaspace   ] GC(1533) Metaspace: 14282K(15168K)->14282K(15168K) NonClass: 12332K(12928K)->12332K(12928K) Class: 1950K(2240K)->1950K(2240K)
[298.752s][info][gc             ] GC(1533) Pause Young (Normal) (G1 Evacuation Pause) 334M->9M(544M) 3.665ms
[298.752s][info][gc,cpu         ] GC(1533) User=0.00s Sys=0.00s Real=0.00s
[298.955s][info][gc,start       ] GC(1534) Pause Young (Normal) (G1 Evacuation Pause)
[298.955s][info][gc,task        ] GC(1534) Using 33 workers of 33 for evacuation
[298.959s][info][gc,phases      ] GC(1534)   Pre Evacuate Collection Set: 0.1ms
[298.959s][info][gc,phases      ] GC(1534)   Merge Heap Roots: 0.2ms
[298.959s][info][gc,phases      ] GC(1534)   Evacuate Collection Set: 0.3ms
[298.959s][info][gc,phases      ] GC(1534)   Post Evacuate Collection Set: 2.4ms
[298.959s][info][gc,phases      ] GC(1534)   Other: 0.1ms
[298.959s][info][gc,heap        ] GC(1534) Eden regions: 325->0(325)
[298.959s][info][gc,heap        ] GC(1534) Survivor regions: 1->1(41)
[298.959s][info][gc,heap        ] GC(1534) Old regions: 23->23
[298.959s][info][gc,heap        ] GC(1534) Archive regions: 0->0
[298.959s][info][gc,heap        ] GC(1534) Humongous regions: 0->0
[298.959s][info][gc,metaspace   ] GC(1534) Metaspace: 14282K(15168K)->14282K(15168K) NonClass: 12332K(12928K)->12332K(12928K) Class: 1950K(2240K)->1950K(2240K)
[298.959s][info][gc             ] GC(1534) Pause Young (Normal) (G1 Evacuation Pause) 334M->9M(544M) 3.402ms
[298.959s][info][gc,cpu         ] GC(1534) User=0.00s Sys=0.00s Real=0.00s
[299.190s][info][gc,start       ] GC(1535) Pause Young (Normal) (G1 Evacuation Pause)
[299.190s][info][gc,task        ] GC(1535) Using 33 workers of 33 for evacuation
[299.194s][info][gc,phases      ] GC(1535)   Pre Evacuate Collection Set: 0.2ms
[299.194s][info][gc,phases      ] GC(1535)   Merge Heap Roots: 0.2ms
[299.194s][info][gc,phases      ] GC(1535)   Evacuate Collection Set: 0.4ms
[299.194s][info][gc,phases      ] GC(1535)   Post Evacuate Collection Set: 2.5ms
[299.194s][info][gc,phases      ] GC(1535)   Other: 0.2ms
[299.194s][info][gc,heap        ] GC(1535) Eden regions: 325->0(325)
[299.194s][info][gc,heap        ] GC(1535) Survivor regions: 1->1(41)
[299.194s][info][gc,heap        ] GC(1535) Old regions: 23->23
[299.194s][info][gc,heap        ] GC(1535) Archive regions: 0->0
[299.194s][info][gc,heap        ] GC(1535) Humongous regions: 0->0
[299.194s][info][gc,metaspace   ] GC(1535) Metaspace: 14282K(15168K)->14282K(15168K) NonClass: 12332K(12928K)->12332K(12928K) Class: 1950K(2240K)->1950K(2240K)
[299.194s][info][gc             ] GC(1535) Pause Young (Normal) (G1 Evacuation Pause) 334M->9M(544M) 3.723ms
[299.194s][info][gc,cpu         ] GC(1535) User=0.00s Sys=0.00s Real=0.00s
[299.354s][info][gc,start       ] GC(1536) Pause Young (Normal) (G1 Evacuation Pause)
[299.354s][info][gc,task        ] GC(1536) Using 33 workers of 33 for evacuation
[299.357s][info][gc,phases      ] GC(1536)   Pre Evacuate Collection Set: 0.1ms
[299.357s][info][gc,phases      ] GC(1536)   Merge Heap Roots: 0.1ms
[299.357s][info][gc,phases      ] GC(1536)   Evacuate Collection Set: 0.4ms
[299.357s][info][gc,phases      ] GC(1536)   Post Evacuate Collection Set: 2.6ms
[299.357s][info][gc,phases      ] GC(1536)   Other: 0.1ms
[299.357s][info][gc,heap        ] GC(1536) Eden regions: 325->0(325)
[299.357s][info][gc,heap        ] GC(1536) Survivor regions: 1->1(41)
[299.357s][info][gc,heap        ] GC(1536) Old regions: 23->23
[299.357s][info][gc,heap        ] GC(1536) Archive regions: 0->0
[299.357s][info][gc,heap        ] GC(1536) Humongous regions: 0->0
[299.357s][info][gc,metaspace   ] GC(1536) Metaspace: 14282K(15168K)->14282K(15168K) NonClass: 12332K(12928K)->12332K(12928K) Class: 1950K(2240K)->1950K(2240K)
[299.357s][info][gc             ] GC(1536) Pause Young (Normal) (G1 Evacuation Pause) 334M->9M(544M) 3.595ms
[299.357s][info][gc,cpu         ] GC(1536) User=0.00s Sys=0.00s Real=0.00s
[299.563s][info][gc,start       ] GC(1537) Pause Young (Normal) (G1 Evacuation Pause)
[299.564s][info][gc,task        ] GC(1537) Using 24 workers of 33 for evacuation
[299.567s][info][gc,phases      ] GC(1537)   Pre Evacuate Collection Set: 0.1ms
[299.567s][info][gc,phases      ] GC(1537)   Merge Heap Roots: 0.1ms
[299.567s][info][gc,phases      ] GC(1537)   Evacuate Collection Set: 0.2ms
[299.567s][info][gc,phases      ] GC(1537)   Post Evacuate Collection Set: 2.8ms
[299.567s][info][gc,phases      ] GC(1537)   Other: 0.1ms
[299.567s][info][gc,heap        ] GC(1537) Eden regions: 325->0(325)
[299.567s][info][gc,heap        ] GC(1537) Survivor regions: 1->1(41)
[299.567s][info][gc,heap        ] GC(1537) Old regions: 23->24
[299.567s][info][gc,heap        ] GC(1537) Archive regions: 0->0
[299.567s][info][gc,heap        ] GC(1537) Humongous regions: 0->0
[299.567s][info][gc,metaspace   ] GC(1537) Metaspace: 14282K(15168K)->14282K(15168K) NonClass: 12332K(12928K)->12332K(12928K) Class: 1950K(2240K)->1950K(2240K)
[299.567s][info][gc             ] GC(1537) Pause Young (Normal) (G1 Evacuation Pause) 334M->9M(544M) 3.564ms
[299.567s][info][gc,cpu         ] GC(1537) User=0.00s Sys=0.00s Real=0.00s
[299.813s][info][gc,start       ] GC(1538) Pause Full (System.gc())
[299.813s][info][gc,task        ] GC(1538) Using 18 workers of 33 for full compaction
[299.814s][info][gc,phases,start] GC(1538) Phase 1: Mark live objects
[299.820s][info][gc,phases      ] GC(1538) Phase 1: Mark live objects 5.916ms
[299.820s][info][gc,phases,start] GC(1538) Phase 2: Prepare compaction
[299.821s][info][gc,phases      ] GC(1538) Phase 2: Prepare compaction 0.890ms
[299.821s][info][gc,phases,start] GC(1538) Phase 3: Adjust pointers
[299.828s][info][gc,phases      ] GC(1538) Phase 3: Adjust pointers 6.396ms
[299.828s][info][gc,phases,start] GC(1538) Phase 4: Compact heap
[299.828s][info][gc,phases      ] GC(1538) Phase 4: Compact heap 0.589ms
[299.834s][info][gc,heap        ] GC(1538) Eden regions: 147->0(36)
[299.834s][info][gc,heap        ] GC(1538) Survivor regions: 1->0(41)
[299.834s][info][gc,heap        ] GC(1538) Old regions: 24->18
[299.834s][info][gc,heap        ] GC(1538) Archive regions: 0->0
[299.834s][info][gc,heap        ] GC(1538) Humongous regions: 0->0
[299.834s][info][gc,metaspace   ] GC(1538) Metaspace: 14282K(15168K)->14282K(15168K) NonClass: 12332K(12928K)->12332K(12928K) Class: 1950K(2240K)->1950K(2240K)
[299.834s][info][gc             ] GC(1538) Pause Full (System.gc()) 155M->5M(60M) 20.691ms
[299.834s][info][gc,cpu         ] GC(1538) User=0.02s Sys=0.00s Real=0.01s
[299.864s][info][gc,start       ] GC(1539) Pause Young (Normal) (G1 Evacuation Pause)
[299.864s][info][gc,task        ] GC(1539) Using 33 workers of 33 for evacuation
[299.867s][info][gc,phases      ] GC(1539)   Pre Evacuate Collection Set: 0.1ms
[299.867s][info][gc,phases      ] GC(1539)   Merge Heap Roots: 0.1ms
[299.867s][info][gc,phases      ] GC(1539)   Evacuate Collection Set: 0.5ms
[299.867s][info][gc,phases      ] GC(1539)   Post Evacuate Collection Set: 2.4ms
[299.867s][info][gc,phases      ] GC(1539)   Other: 0.1ms
[299.867s][info][gc,heap        ] GC(1539) Eden regions: 36->0(34)
[299.867s][info][gc,heap        ] GC(1539) Survivor regions: 0->2(5)
[299.867s][info][gc,heap        ] GC(1539) Old regions: 18->18
[299.867s][info][gc,heap        ] GC(1539) Archive regions: 0->0
[299.867s][info][gc,heap        ] GC(1539) Humongous regions: 0->0
[299.867s][info][gc,metaspace   ] GC(1539) Metaspace: 14303K(15168K)->14303K(15168K) NonClass: 12353K(12928K)->12353K(12928K) Class: 1950K(2240K)->1950K(2240K)
[299.867s][info][gc             ] GC(1539) Pause Young (Normal) (G1 Evacuation Pause) 41M->6M(60M) 3.322ms
[299.867s][info][gc,cpu         ] GC(1539) User=0.00s Sys=0.00s Real=0.00s
[299.885s][info][gc,start       ] GC(1540) Pause Young (Normal) (G1 Evacuation Pause)
[299.885s][info][gc,task        ] GC(1540) Using 33 workers of 33 for evacuation
[299.888s][info][gc,phases      ] GC(1540)   Pre Evacuate Collection Set: 0.1ms
[299.888s][info][gc,phases      ] GC(1540)   Merge Heap Roots: 0.1ms
[299.888s][info][gc,phases      ] GC(1540)   Evacuate Collection Set: 0.5ms
[299.888s][info][gc,phases      ] GC(1540)   Post Evacuate Collection Set: 2.2ms
[299.888s][info][gc,phases      ] GC(1540)   Other: 0.1ms
[299.888s][info][gc,heap        ] GC(1540) Eden regions: 34->0(34)
[299.888s][info][gc,heap        ] GC(1540) Survivor regions: 2->2(5)
[299.888s][info][gc,heap        ] GC(1540) Old regions: 18->18
[299.888s][info][gc,heap        ] GC(1540) Archive regions: 0->0
[299.888s][info][gc,heap        ] GC(1540) Humongous regions: 0->0
[299.888s][info][gc,metaspace   ] GC(1540) Metaspace: 14303K(15168K)->14303K(15168K) NonClass: 12353K(12928K)->12353K(12928K) Class: 1950K(2240K)->1950K(2240K)
[299.888s][info][gc             ] GC(1540) Pause Young (Normal) (G1 Evacuation Pause) 40M->6M(60M) 3.075ms
[299.888s][info][gc,cpu         ] GC(1540) User=0.00s Sys=0.00s Real=0.00s
[299.906s][info][gc,start       ] GC(1541) Pause Young (Normal) (G1 Evacuation Pause)
[299.906s][info][gc,task        ] GC(1541) Using 33 workers of 33 for evacuation
[299.908s][info][gc,phases      ] GC(1541)   Pre Evacuate Collection Set: 0.1ms
[299.908s][info][gc,phases      ] GC(1541)   Merge Heap Roots: 0.1ms
[299.909s][info][gc,phases      ] GC(1541)   Evacuate Collection Set: 0.4ms
[299.909s][info][gc,phases      ] GC(1541)   Post Evacuate Collection Set: 2.1ms
[299.909s][info][gc,phases      ] GC(1541)   Other: 0.1ms
[299.909s][info][gc,heap        ] GC(1541) Eden regions: 34->0(34)
[299.909s][info][gc,heap        ] GC(1541) Survivor regions: 2->2(5)
[299.909s][info][gc,heap        ] GC(1541) Old regions: 18->18
[299.909s][info][gc,heap        ] GC(1541) Archive regions: 0->0
[299.909s][info][gc,heap        ] GC(1541) Humongous regions: 0->0
[299.909s][info][gc,metaspace   ] GC(1541) Metaspace: 14303K(15168K)->14303K(15168K) NonClass: 12353K(12928K)->12353K(12928K) Class: 1950K(2240K)->1950K(2240K)
[299.909s][info][gc             ] GC(1541) Pause Young (Normal) (G1 Evacuation Pause) 40M->6M(60M) 2.972ms
[299.909s][info][gc,cpu         ] GC(1541) User=0.52s Sys=0.00s Real=0.00s
[299.926s][info][gc,start       ] GC(1542) Pause Young (Normal) (G1 Evacuation Pause)
[299.927s][info][gc,task        ] GC(1542) Using 33 workers of 33 for evacuation
[299.931s][info][gc,phases      ] GC(1542)   Pre Evacuate Collection Set: 0.1ms
[299.931s][info][gc,phases      ] GC(1542)   Merge Heap Roots: 0.1ms
[299.931s][info][gc,phases      ] GC(1542)   Evacuate Collection Set: 0.4ms
[299.931s][info][gc,phases      ] GC(1542)   Post Evacuate Collection Set: 3.8ms
[299.931s][info][gc,phases      ] GC(1542)   Other: 0.1ms
[299.931s][info][gc,heap        ] GC(1542) Eden regions: 34->0(323)
[299.931s][info][gc,heap        ] GC(1542) Survivor regions: 2->2(5)
[299.931s][info][gc,heap        ] GC(1542) Old regions: 18->18
[299.931s][info][gc,heap        ] GC(1542) Archive regions: 0->0
[299.931s][info][gc,heap        ] GC(1542) Humongous regions: 0->0
[299.931s][info][gc,metaspace   ] GC(1542) Metaspace: 14303K(15168K)->14303K(15168K) NonClass: 12353K(12928K)->12353K(12928K) Class: 1950K(2240K)->1950K(2240K)
[299.931s][info][gc             ] GC(1542) Pause Young (Normal) (G1 Evacuation Pause) 40M->6M(542M) 4.659ms
[299.931s][info][gc,cpu         ] GC(1542) User=0.00s Sys=0.00s Real=0.00s
[300.097s][info][gc,start       ] GC(1543) Pause Young (Normal) (G1 Evacuation Pause)
[300.097s][info][gc,task        ] GC(1543) Using 33 workers of 33 for evacuation
[300.101s][info][gc,phases      ] GC(1543)   Pre Evacuate Collection Set: 0.1ms
[300.101s][info][gc,phases      ] GC(1543)   Merge Heap Roots: 0.1ms
[300.101s][info][gc,phases      ] GC(1543)   Evacuate Collection Set: 0.5ms
[300.101s][info][gc,phases      ] GC(1543)   Post Evacuate Collection Set: 2.6ms
[300.101s][info][gc,phases      ] GC(1543)   Other: 0.1ms
[300.101s][info][gc,heap        ] GC(1543) Eden regions: 323->0(323)
[300.101s][info][gc,heap        ] GC(1543) Survivor regions: 2->2(41)
[300.101s][info][gc,heap        ] GC(1543) Old regions: 18->18
[300.101s][info][gc,heap        ] GC(1543) Archive regions: 0->0
[300.101s][info][gc,heap        ] GC(1543) Humongous regions: 0->0
[300.101s][info][gc,metaspace   ] GC(1543) Metaspace: 14303K(15168K)->14303K(15168K) NonClass: 12353K(12928K)->12353K(12928K) Class: 1950K(2240K)->1950K(2240K)
[300.101s][info][gc             ] GC(1543) Pause Young (Normal) (G1 Evacuation Pause) 329M->6M(542M) 3.696ms
[300.101s][info][gc,cpu         ] GC(1543) User=0.00s Sys=0.00s Real=0.00s
[300.270s][info][gc,start       ] GC(1544) Pause Young (Normal) (G1 Evacuation Pause)
[300.270s][info][gc,task        ] GC(1544) Using 33 workers of 33 for evacuation
[300.274s][info][gc,phases      ] GC(1544)   Pre Evacuate Collection Set: 0.1ms
[300.274s][info][gc,phases      ] GC(1544)   Merge Heap Roots: 0.1ms
[300.274s][info][gc,phases      ] GC(1544)   Evacuate Collection Set: 0.5ms
[300.274s][info][gc,phases      ] GC(1544)   Post Evacuate Collection Set: 2.6ms
[300.274s][info][gc,phases      ] GC(1544)   Other: 0.1ms
[300.274s][info][gc,heap        ] GC(1544) Eden regions: 323->0(323)
[300.274s][info][gc,heap        ] GC(1544) Survivor regions: 2->2(41)
[300.274s][info][gc,heap        ] GC(1544) Old regions: 18->18
[300.274s][info][gc,heap        ] GC(1544) Archive regions: 0->0
[300.274s][info][gc,heap        ] GC(1544) Humongous regions: 0->0
[300.274s][info][gc,metaspace   ] GC(1544) Metaspace: 14303K(15168K)->14303K(15168K) NonClass: 12353K(12928K)->12353K(12928K) Class: 1950K(2240K)->1950K(2240K)
[300.274s][info][gc             ] GC(1544) Pause Young (Normal) (G1 Evacuation Pause) 329M->6M(542M) 3.693ms
[300.274s][info][gc,cpu         ] GC(1544) User=0.00s Sys=0.00s Real=0.00s
[300.444s][info][gc,start       ] GC(1545) Pause Young (Normal) (G1 Evacuation Pause)
[300.444s][info][gc,task        ] GC(1545) Using 33 workers of 33 for evacuation
[300.448s][info][gc,phases      ] GC(1545)   Pre Evacuate Collection Set: 0.1ms
[300.448s][info][gc,phases      ] GC(1545)   Merge Heap Roots: 0.1ms
[300.448s][info][gc,phases      ] GC(1545)   Evacuate Collection Set: 0.5ms
[300.448s][info][gc,phases      ] GC(1545)   Post Evacuate Collection Set: 2.7ms
[300.448s][info][gc,phases      ] GC(1545)   Other: 0.1ms
[300.448s][info][gc,heap        ] GC(1545) Eden regions: 323->0(323)
[300.448s][info][gc,heap        ] GC(1545) Survivor regions: 2->2(41)
[300.448s][info][gc,heap        ] GC(1545) Old regions: 18->18
[300.448s][info][gc,heap        ] GC(1545) Archive regions: 0->0
[300.448s][info][gc,heap        ] GC(1545) Humongous regions: 0->0
[300.448s][info][gc,metaspace   ] GC(1545) Metaspace: 14303K(15168K)->14303K(15168K) NonClass: 12353K(12928K)->12353K(12928K) Class: 1950K(2240K)->1950K(2240K)
[300.448s][info][gc             ] GC(1545) Pause Young (Normal) (G1 Evacuation Pause) 329M->6M(542M) 3.737ms
[300.448s][info][gc,cpu         ] GC(1545) User=0.00s Sys=0.00s Real=0.00s
[300.618s][info][gc,start       ] GC(1546) Pause Young (Normal) (G1 Evacuation Pause)
[300.618s][info][gc,task        ] GC(1546) Using 33 workers of 33 for evacuation
[300.622s][info][gc,phases      ] GC(1546)   Pre Evacuate Collection Set: 0.1ms
[300.622s][info][gc,phases      ] GC(1546)   Merge Heap Roots: 0.1ms
[300.622s][info][gc,phases      ] GC(1546)   Evacuate Collection Set: 0.5ms
[300.622s][info][gc,phases      ] GC(1546)   Post Evacuate Collection Set: 2.7ms
[300.622s][info][gc,phases      ] GC(1546)   Other: 0.1ms
[300.622s][info][gc,heap        ] GC(1546) Eden regions: 323->0(323)
[300.622s][info][gc,heap        ] GC(1546) Survivor regions: 2->2(41)
[300.622s][info][gc,heap        ] GC(1546) Old regions: 18->18
[300.622s][info][gc,heap        ] GC(1546) Archive regions: 0->0
[300.622s][info][gc,heap        ] GC(1546) Humongous regions: 0->0
[300.622s][info][gc,metaspace   ] GC(1546) Metaspace: 14303K(15168K)->14303K(15168K) NonClass: 12353K(12928K)->12353K(12928K) Class: 1950K(2240K)->1950K(2240K)
[300.622s][info][gc             ] GC(1546) Pause Young (Normal) (G1 Evacuation Pause) 329M->6M(542M) 3.854ms
[300.622s][info][gc,cpu         ] GC(1546) User=0.00s Sys=0.00s Real=0.00s
[300.793s][info][gc,start       ] GC(1547) Pause Young (Normal) (G1 Evacuation Pause)
[300.793s][info][gc,task        ] GC(1547) Using 33 workers of 33 for evacuation
[300.797s][info][gc,phases      ] GC(1547)   Pre Evacuate Collection Set: 0.1ms
[300.797s][info][gc,phases      ] GC(1547)   Merge Heap Roots: 0.1ms
[300.797s][info][gc,phases      ] GC(1547)   Evacuate Collection Set: 0.4ms
[300.797s][info][gc,phases      ] GC(1547)   Post Evacuate Collection Set: 2.7ms
[300.797s][info][gc,phases      ] GC(1547)   Other: 0.1ms
[300.797s][info][gc,heap        ] GC(1547) Eden regions: 323->0(323)
[300.797s][info][gc,heap        ] GC(1547) Survivor regions: 2->2(41)
[300.797s][info][gc,heap        ] GC(1547) Old regions: 18->18
[300.797s][info][gc,heap        ] GC(1547) Archive regions: 0->0
[300.797s][info][gc,heap        ] GC(1547) Humongous regions: 0->0
[300.797s][info][gc,metaspace   ] GC(1547) Metaspace: 14303K(15168K)->14303K(15168K) NonClass: 12353K(12928K)->12353K(12928K) Class: 1950K(2240K)->1950K(2240K)
[300.797s][info][gc             ] GC(1547) Pause Young (Normal) (G1 Evacuation Pause) 329M->6M(542M) 3.797ms
[300.797s][info][gc,cpu         ] GC(1547) User=0.00s Sys=0.00s Real=0.00s
[300.967s][info][gc,start       ] GC(1548) Pause Young (Normal) (G1 Evacuation Pause)
[300.967s][info][gc,task        ] GC(1548) Using 33 workers of 33 for evacuation
[300.970s][info][gc,phases      ] GC(1548)   Pre Evacuate Collection Set: 0.1ms
[300.971s][info][gc,phases      ] GC(1548)   Merge Heap Roots: 0.1ms
[300.971s][info][gc,phases      ] GC(1548)   Evacuate Collection Set: 0.5ms
[300.971s][info][gc,phases      ] GC(1548)   Post Evacuate Collection Set: 2.8ms
[300.971s][info][gc,phases      ] GC(1548)   Other: 0.1ms
[300.971s][info][gc,heap        ] GC(1548) Eden regions: 323->0(323)
[300.971s][info][gc,heap        ] GC(1548) Survivor regions: 2->2(41)
[300.971s][info][gc,heap        ] GC(1548) Old regions: 18->18
[300.971s][info][gc,heap        ] GC(1548) Archive regions: 0->0
[300.971s][info][gc,heap        ] GC(1548) Humongous regions: 0->0
[300.971s][info][gc,metaspace   ] GC(1548) Metaspace: 14303K(15168K)->14303K(15168K) NonClass: 12353K(12928K)->12353K(12928K) Class: 1950K(2240K)->1950K(2240K)
[300.971s][info][gc             ] GC(1548) Pause Young (Normal) (G1 Evacuation Pause) 329M->6M(542M) 3.900ms
[300.971s][info][gc,cpu         ] GC(1548) User=0.52s Sys=0.00s Real=0.00s
[301.142s][info][gc,start       ] GC(1549) Pause Young (Normal) (G1 Evacuation Pause)
[301.142s][info][gc,task        ] GC(1549) Using 33 workers of 33 for evacuation
[301.146s][info][gc,phases      ] GC(1549)   Pre Evacuate Collection Set: 0.1ms
[301.146s][info][gc,phases      ] GC(1549)   Merge Heap Roots: 0.1ms
[301.146s][info][gc,phases      ] GC(1549)   Evacuate Collection Set: 0.5ms
[301.146s][info][gc,phases      ] GC(1549)   Post Evacuate Collection Set: 2.8ms
[301.146s][info][gc,phases      ] GC(1549)   Other: 0.1ms
[301.146s][info][gc,heap        ] GC(1549) Eden regions: 323->0(323)
[301.146s][info][gc,heap        ] GC(1549) Survivor regions: 2->2(41)
[301.146s][info][gc,heap        ] GC(1549) Old regions: 18->18
[301.146s][info][gc,heap        ] GC(1549) Archive regions: 0->0
[301.146s][info][gc,heap        ] GC(1549) Humongous regions: 0->0
[301.146s][info][gc,metaspace   ] GC(1549) Metaspace: 14303K(15168K)->14303K(15168K) NonClass: 12353K(12928K)->12353K(12928K) Class: 1950K(2240K)->1950K(2240K)
[301.146s][info][gc             ] GC(1549) Pause Young (Normal) (G1 Evacuation Pause) 329M->6M(542M) 3.940ms
[301.146s][info][gc,cpu         ] GC(1549) User=0.00s Sys=0.00s Real=0.00s
[301.319s][info][gc,start       ] GC(1550) Pause Young (Normal) (G1 Evacuation Pause)
[301.319s][info][gc,task        ] GC(1550) Using 33 workers of 33 for evacuation
[301.322s][info][gc,phases      ] GC(1550)   Pre Evacuate Collection Set: 0.1ms
[301.322s][info][gc,phases      ] GC(1550)   Merge Heap Roots: 0.1ms
[301.322s][info][gc,phases      ] GC(1550)   Evacuate Collection Set: 0.5ms
[301.322s][info][gc,phases      ] GC(1550)   Post Evacuate Collection Set: 2.9ms
[301.323s][info][gc,phases      ] GC(1550)   Other: 0.1ms
[301.323s][info][gc,heap        ] GC(1550) Eden regions: 323->0(323)
[301.323s][info][gc,heap        ] GC(1550) Survivor regions: 2->2(41)
[301.323s][info][gc,heap        ] GC(1550) Old regions: 18->18
[301.323s][info][gc,heap        ] GC(1550) Archive regions: 0->0
[301.323s][info][gc,heap        ] GC(1550) Humongous regions: 0->0
[301.323s][info][gc,metaspace   ] GC(1550) Metaspace: 14303K(15168K)->14303K(15168K) NonClass: 12353K(12928K)->12353K(12928K) Class: 1950K(2240K)->1950K(2240K)
[301.323s][info][gc             ] GC(1550) Pause Young (Normal) (G1 Evacuation Pause) 329M->6M(542M) 3.964ms
[301.323s][info][gc,cpu         ] GC(1550) User=0.00s Sys=0.00s Real=0.00s
[301.492s][info][gc,start       ] GC(1551) Pause Young (Normal) (G1 Evacuation Pause)
[301.492s][info][gc,task        ] GC(1551) Using 33 workers of 33 for evacuation
[301.496s][info][gc,phases      ] GC(1551)   Pre Evacuate Collection Set: 0.1ms
[301.496s][info][gc,phases      ] GC(1551)   Merge Heap Roots: 0.1ms
[301.496s][info][gc,phases      ] GC(1551)   Evacuate Collection Set: 0.5ms
[301.496s][info][gc,phases      ] GC(1551)   Post Evacuate Collection Set: 2.9ms
[301.496s][info][gc,phases      ] GC(1551)   Other: 0.1ms
[301.496s][info][gc,heap        ] GC(1551) Eden regions: 323->0(323)
[301.496s][info][gc,heap        ] GC(1551) Survivor regions: 2->2(41)
[301.496s][info][gc,heap        ] GC(1551) Old regions: 18->18
[301.496s][info][gc,heap        ] GC(1551) Archive regions: 0->0
[301.496s][info][gc,heap        ] GC(1551) Humongous regions: 0->0
[301.496s][info][gc,metaspace   ] GC(1551) Metaspace: 14303K(15168K)->14303K(15168K) NonClass: 12353K(12928K)->12353K(12928K) Class: 1950K(2240K)->1950K(2240K)
[301.496s][info][gc             ] GC(1551) Pause Young (Normal) (G1 Evacuation Pause) 329M->6M(542M) 3.955ms
[301.496s][info][gc,cpu         ] GC(1551) User=0.00s Sys=0.00s Real=0.00s
[301.668s][info][gc,start       ] GC(1552) Pause Young (Normal) (G1 Evacuation Pause)
[301.668s][info][gc,task        ] GC(1552) Using 33 workers of 33 for evacuation
[301.671s][info][gc,phases      ] GC(1552)   Pre Evacuate Collection Set: 0.1ms
[301.671s][info][gc,phases      ] GC(1552)   Merge Heap Roots: 0.1ms
[301.672s][info][gc,phases      ] GC(1552)   Evacuate Collection Set: 0.5ms
[301.672s][info][gc,phases      ] GC(1552)   Post Evacuate Collection Set: 2.9ms
[301.672s][info][gc,phases      ] GC(1552)   Other: 0.1ms
[301.672s][info][gc,heap        ] GC(1552) Eden regions: 323->0(323)
[301.672s][info][gc,heap        ] GC(1552) Survivor regions: 2->2(41)
[301.672s][info][gc,heap        ] GC(1552) Old regions: 18->18
[301.672s][info][gc,heap        ] GC(1552) Archive regions: 0->0
[301.672s][info][gc,heap        ] GC(1552) Humongous regions: 0->0
[301.672s][info][gc,metaspace   ] GC(1552) Metaspace: 14303K(15168K)->14303K(15168K) NonClass: 12353K(12928K)->12353K(12928K) Class: 1950K(2240K)->1950K(2240K)
[301.672s][info][gc             ] GC(1552) Pause Young (Normal) (G1 Evacuation Pause) 329M->6M(542M) 4.005ms
[301.672s][info][gc,cpu         ] GC(1552) User=0.00s Sys=0.00s Real=0.00s
[301.841s][info][gc,start       ] GC(1553) Pause Young (Normal) (G1 Evacuation Pause)
[301.841s][info][gc,task        ] GC(1553) Using 33 workers of 33 for evacuation
[301.845s][info][gc,phases      ] GC(1553)   Pre Evacuate Collection Set: 0.1ms
[301.845s][info][gc,phases      ] GC(1553)   Merge Heap Roots: 0.1ms
[301.845s][info][gc,phases      ] GC(1553)   Evacuate Collection Set: 0.5ms
[301.845s][info][gc,phases      ] GC(1553)   Post Evacuate Collection Set: 2.9ms
[301.845s][info][gc,phases      ] GC(1553)   Other: 0.1ms
[301.845s][info][gc,heap        ] GC(1553) Eden regions: 323->0(323)
[301.845s][info][gc,heap        ] GC(1553) Survivor regions: 2->2(41)
[301.845s][info][gc,heap        ] GC(1553) Old regions: 18->18
[301.845s][info][gc,heap        ] GC(1553) Archive regions: 0->0
[301.845s][info][gc,heap        ] GC(1553) Humongous regions: 0->0
[301.845s][info][gc,metaspace   ] GC(1553) Metaspace: 14303K(15168K)->14303K(15168K) NonClass: 12353K(12928K)->12353K(12928K) Class: 1950K(2240K)->1950K(2240K)
[301.845s][info][gc             ] GC(1553) Pause Young (Normal) (G1 Evacuation Pause) 329M->7M(542M) 4.031ms
[301.845s][info][gc,cpu         ] GC(1553) User=0.52s Sys=0.00s Real=0.00s
[302.015s][info][gc,start       ] GC(1554) Pause Young (Normal) (G1 Evacuation Pause)
[302.015s][info][gc,task        ] GC(1554) Using 33 workers of 33 for evacuation
[302.019s][info][gc,phases      ] GC(1554)   Pre Evacuate Collection Set: 0.1ms
[302.019s][info][gc,phases      ] GC(1554)   Merge Heap Roots: 0.1ms
[302.019s][info][gc,phases      ] GC(1554)   Evacuate Collection Set: 0.5ms
[302.019s][info][gc,phases      ] GC(1554)   Post Evacuate Collection Set: 3.0ms
[302.019s][info][gc,phases      ] GC(1554)   Other: 0.1ms
[302.019s][info][gc,heap        ] GC(1554) Eden regions: 323->0(324)
[302.019s][info][gc,heap        ] GC(1554) Survivor regions: 2->1(41)
[302.019s][info][gc,heap        ] GC(1554) Old regions: 18->20
[302.019s][info][gc,heap        ] GC(1554) Archive regions: 0->0
[302.019s][info][gc,heap        ] GC(1554) Humongous regions: 0->0
[302.019s][info][gc,metaspace   ] GC(1554) Metaspace: 14303K(15168K)->14303K(15168K) NonClass: 12353K(12928K)->12353K(12928K) Class: 1950K(2240K)->1950K(2240K)
[302.019s][info][gc             ] GC(1554) Pause Young (Normal) (G1 Evacuation Pause) 330M->7M(542M) 4.068ms
[302.019s][info][gc,cpu         ] GC(1554) User=0.02s Sys=0.00s Real=0.00s
[302.229s][info][gc,start       ] GC(1555) Pause Young (Normal) (G1 Evacuation Pause)
[302.229s][info][gc,task        ] GC(1555) Using 33 workers of 33 for evacuation
[302.233s][info][gc,phases      ] GC(1555)   Pre Evacuate Collection Set: 0.2ms
[302.233s][info][gc,phases      ] GC(1555)   Merge Heap Roots: 0.2ms
[302.233s][info][gc,phases      ] GC(1555)   Evacuate Collection Set: 0.4ms
[302.233s][info][gc,phases      ] GC(1555)   Post Evacuate Collection Set: 3.2ms
[302.233s][info][gc,phases      ] GC(1555)   Other: 0.1ms
[302.233s][info][gc,heap        ] GC(1555) Eden regions: 324->0(324)
[302.233s][info][gc,heap        ] GC(1555) Survivor regions: 1->1(41)
[302.233s][info][gc,heap        ] GC(1555) Old regions: 20->20
[302.233s][info][gc,heap        ] GC(1555) Archive regions: 0->0
[302.233s][info][gc,heap        ] GC(1555) Humongous regions: 0->0
[302.233s][info][gc,metaspace   ] GC(1555) Metaspace: 14303K(15168K)->14303K(15168K) NonClass: 12353K(12928K)->12353K(12928K) Class: 1950K(2240K)->1950K(2240K)
[302.233s][info][gc             ] GC(1555) Pause Young (Normal) (G1 Evacuation Pause) 331M->7M(542M) 4.272ms
[302.233s][info][gc,cpu         ] GC(1555) User=0.00s Sys=0.00s Real=0.00s
[302.428s][info][gc,start       ] GC(1556) Pause Young (Normal) (G1 Evacuation Pause)
[302.439s][info][gc,task        ] GC(1556) Using 33 workers of 33 for evacuation
[302.443s][info][gc,phases      ] GC(1556)   Pre Evacuate Collection Set: 0.2ms
[302.443s][info][gc,phases      ] GC(1556)   Merge Heap Roots: 0.2ms
[302.443s][info][gc,phases      ] GC(1556)   Evacuate Collection Set: 0.4ms
[302.443s][info][gc,phases      ] GC(1556)   Post Evacuate Collection Set: 3.0ms
[302.443s][info][gc,phases      ] GC(1556)   Other: 0.1ms
[302.443s][info][gc,heap        ] GC(1556) Eden regions: 324->0(324)
[302.443s][info][gc,heap        ] GC(1556) Survivor regions: 1->1(41)
[302.443s][info][gc,heap        ] GC(1556) Old regions: 20->20
[302.443s][info][gc,heap        ] GC(1556) Archive regions: 0->0
[302.443s][info][gc,heap        ] GC(1556) Humongous regions: 0->0
[302.443s][info][gc,metaspace   ] GC(1556) Metaspace: 14303K(15168K)->14303K(15168K) NonClass: 12353K(12928K)->12353K(12928K) Class: 1950K(2240K)->1950K(2240K)
[302.443s][info][gc             ] GC(1556) Pause Young (Normal) (G1 Evacuation Pause) 331M->7M(542M) 14.681ms
[302.443s][info][gc,cpu         ] GC(1556) User=0.00s Sys=0.00s Real=0.01s
[302.639s][info][gc,start       ] GC(1557) Pause Young (Normal) (G1 Evacuation Pause)
[302.640s][info][gc,task        ] GC(1557) Using 33 workers of 33 for evacuation
[302.643s][info][gc,phases      ] GC(1557)   Pre Evacuate Collection Set: 0.2ms
[302.643s][info][gc,phases      ] GC(1557)   Merge Heap Roots: 0.1ms
[302.643s][info][gc,phases      ] GC(1557)   Evacuate Collection Set: 0.3ms
[302.643s][info][gc,phases      ] GC(1557)   Post Evacuate Collection Set: 2.8ms
[302.643s][info][gc,phases      ] GC(1557)   Other: 0.2ms
[302.643s][info][gc,heap        ] GC(1557) Eden regions: 324->0(324)
[302.643s][info][gc,heap        ] GC(1557) Survivor regions: 1->1(41)
[302.643s][info][gc,heap        ] GC(1557) Old regions: 20->20
[302.643s][info][gc,heap        ] GC(1557) Archive regions: 0->0
[302.643s][info][gc,heap        ] GC(1557) Humongous regions: 0->0
[302.643s][info][gc,metaspace   ] GC(1557) Metaspace: 14303K(15168K)->14303K(15168K) NonClass: 12353K(12928K)->12353K(12928K) Class: 1950K(2240K)->1950K(2240K)
[302.643s][info][gc             ] GC(1557) Pause Young (Normal) (G1 Evacuation Pause) 331M->7M(542M) 3.826ms
[302.643s][info][gc,cpu         ] GC(1557) User=0.52s Sys=0.00s Real=0.00s
[302.839s][info][gc,start       ] GC(1558) Pause Young (Normal) (G1 Evacuation Pause)
[302.840s][info][gc,task        ] GC(1558) Using 33 workers of 33 for evacuation
[302.843s][info][gc,phases      ] GC(1558)   Pre Evacuate Collection Set: 0.2ms
[302.843s][info][gc,phases      ] GC(1558)   Merge Heap Roots: 0.2ms
[302.843s][info][gc,phases      ] GC(1558)   Evacuate Collection Set: 0.3ms
[302.843s][info][gc,phases      ] GC(1558)   Post Evacuate Collection Set: 2.6ms
[302.843s][info][gc,phases      ] GC(1558)   Other: 0.1ms
[302.843s][info][gc,heap        ] GC(1558) Eden regions: 324->0(324)
[302.843s][info][gc,heap        ] GC(1558) Survivor regions: 1->1(41)
[302.843s][info][gc,heap        ] GC(1558) Old regions: 20->20
[302.843s][info][gc,heap        ] GC(1558) Archive regions: 0->0
[302.843s][info][gc,heap        ] GC(1558) Humongous regions: 0->0
[302.843s][info][gc,metaspace   ] GC(1558) Metaspace: 14303K(15168K)->14303K(15168K) NonClass: 12353K(12928K)->12353K(12928K) Class: 1950K(2240K)->1950K(2240K)
[302.843s][info][gc             ] GC(1558) Pause Young (Normal) (G1 Evacuation Pause) 331M->7M(542M) 3.581ms
[302.843s][info][gc,cpu         ] GC(1558) User=0.00s Sys=0.00s Real=0.00s
[303.036s][info][gc,start       ] GC(1559) Pause Young (Normal) (G1 Evacuation Pause)
[303.036s][info][gc,task        ] GC(1559) Using 33 workers of 33 for evacuation
[303.040s][info][gc,phases      ] GC(1559)   Pre Evacuate Collection Set: 0.2ms
[303.040s][info][gc,phases      ] GC(1559)   Merge Heap Roots: 0.2ms
[303.040s][info][gc,phases      ] GC(1559)   Evacuate Collection Set: 0.3ms
[303.040s][info][gc,phases      ] GC(1559)   Post Evacuate Collection Set: 2.6ms
[303.040s][info][gc,phases      ] GC(1559)   Other: 0.1ms
[303.040s][info][gc,heap        ] GC(1559) Eden regions: 324->0(324)
[303.040s][info][gc,heap        ] GC(1559) Survivor regions: 1->1(41)
[303.040s][info][gc,heap        ] GC(1559) Old regions: 20->20
[303.040s][info][gc,heap        ] GC(1559) Archive regions: 0->0
[303.040s][info][gc,heap        ] GC(1559) Humongous regions: 0->0
[303.040s][info][gc,metaspace   ] GC(1559) Metaspace: 14303K(15168K)->14303K(15168K) NonClass: 12353K(12928K)->12353K(12928K) Class: 1950K(2240K)->1950K(2240K)
[303.040s][info][gc             ] GC(1559) Pause Young (Normal) (G1 Evacuation Pause) 331M->7M(542M) 3.601ms
[303.040s][info][gc,cpu         ] GC(1559) User=0.00s Sys=0.00s Real=0.00s
[303.234s][info][gc,start       ] GC(1560) Pause Young (Normal) (G1 Evacuation Pause)
[303.234s][info][gc,task        ] GC(1560) Using 33 workers of 33 for evacuation
[303.237s][info][gc,phases      ] GC(1560)   Pre Evacuate Collection Set: 0.1ms
[303.237s][info][gc,phases      ] GC(1560)   Merge Heap Roots: 0.2ms
[303.237s][info][gc,phases      ] GC(1560)   Evacuate Collection Set: 0.3ms
[303.237s][info][gc,phases      ] GC(1560)   Post Evacuate Collection Set: 2.6ms
[303.238s][info][gc,phases      ] GC(1560)   Other: 0.2ms
[303.238s][info][gc,heap        ] GC(1560) Eden regions: 324->0(324)
[303.238s][info][gc,heap        ] GC(1560) Survivor regions: 1->1(41)
[303.238s][info][gc,heap        ] GC(1560) Old regions: 20->20
[303.238s][info][gc,heap        ] GC(1560) Archive regions: 0->0
[303.238s][info][gc,heap        ] GC(1560) Humongous regions: 0->0
[303.238s][info][gc,metaspace   ] GC(1560) Metaspace: 14303K(15168K)->14303K(15168K) NonClass: 12353K(12928K)->12353K(12928K) Class: 1950K(2240K)->1950K(2240K)
[303.238s][info][gc             ] GC(1560) Pause Young (Normal) (G1 Evacuation Pause) 331M->7M(542M) 3.632ms
[303.238s][info][gc,cpu         ] GC(1560) User=0.52s Sys=0.00s Real=0.00s
[303.430s][info][gc,start       ] GC(1561) Pause Young (Normal) (G1 Evacuation Pause)
[303.430s][info][gc,task        ] GC(1561) Using 33 workers of 33 for evacuation
[303.434s][info][gc,phases      ] GC(1561)   Pre Evacuate Collection Set: 0.2ms
[303.434s][info][gc,phases      ] GC(1561)   Merge Heap Roots: 0.2ms
[303.434s][info][gc,phases      ] GC(1561)   Evacuate Collection Set: 0.4ms
[303.434s][info][gc,phases      ] GC(1561)   Post Evacuate Collection Set: 2.6ms
[303.434s][info][gc,phases      ] GC(1561)   Other: 0.1ms
[303.434s][info][gc,heap        ] GC(1561) Eden regions: 324->0(324)
[303.434s][info][gc,heap        ] GC(1561) Survivor regions: 1->1(41)
[303.434s][info][gc,heap        ] GC(1561) Old regions: 20->20
[303.434s][info][gc,heap        ] GC(1561) Archive regions: 0->0
[303.434s][info][gc,heap        ] GC(1561) Humongous regions: 0->0
[303.434s][info][gc,metaspace   ] GC(1561) Metaspace: 14303K(15168K)->14303K(15168K) NonClass: 12353K(12928K)->12353K(12928K) Class: 1950K(2240K)->1950K(2240K)
[303.434s][info][gc             ] GC(1561) Pause Young (Normal) (G1 Evacuation Pause) 331M->7M(542M) 3.624ms
[303.434s][info][gc,cpu         ] GC(1561) User=0.00s Sys=0.00s Real=0.00s
[303.627s][info][gc,start       ] GC(1562) Pause Young (Normal) (G1 Evacuation Pause)
[303.627s][info][gc,task        ] GC(1562) Using 33 workers of 33 for evacuation
[303.631s][info][gc,phases      ] GC(1562)   Pre Evacuate Collection Set: 0.2ms
[303.631s][info][gc,phases      ] GC(1562)   Merge Heap Roots: 0.2ms
[303.631s][info][gc,phases      ] GC(1562)   Evacuate Collection Set: 0.4ms
[303.631s][info][gc,phases      ] GC(1562)   Post Evacuate Collection Set: 2.6ms
[303.631s][info][gc,phases      ] GC(1562)   Other: 0.1ms
[303.631s][info][gc,heap        ] GC(1562) Eden regions: 324->0(324)
[303.631s][info][gc,heap        ] GC(1562) Survivor regions: 1->1(41)
[303.631s][info][gc,heap        ] GC(1562) Old regions: 20->20
[303.631s][info][gc,heap        ] GC(1562) Archive regions: 0->0
[303.631s][info][gc,heap        ] GC(1562) Humongous regions: 0->0
[303.631s][info][gc,metaspace   ] GC(1562) Metaspace: 14303K(15168K)->14303K(15168K) NonClass: 12353K(12928K)->12353K(12928K) Class: 1950K(2240K)->1950K(2240K)
[303.631s][info][gc             ] GC(1562) Pause Young (Normal) (G1 Evacuation Pause) 331M->7M(542M) 3.683ms
[303.631s][info][gc,cpu         ] GC(1562) User=0.00s Sys=0.00s Real=0.00s
[303.825s][info][gc,start       ] GC(1563) Pause Young (Normal) (G1 Evacuation Pause)
[303.825s][info][gc,task        ] GC(1563) Using 33 workers of 33 for evacuation
[303.829s][info][gc,phases      ] GC(1563)   Pre Evacuate Collection Set: 0.2ms
[303.829s][info][gc,phases      ] GC(1563)   Merge Heap Roots: 0.2ms
[303.829s][info][gc,phases      ] GC(1563)   Evacuate Collection Set: 0.4ms
[303.829s][info][gc,phases      ] GC(1563)   Post Evacuate Collection Set: 2.7ms
[303.829s][info][gc,phases      ] GC(1563)   Other: 0.1ms
[303.829s][info][gc,heap        ] GC(1563) Eden regions: 324->0(324)
[303.829s][info][gc,heap        ] GC(1563) Survivor regions: 1->1(41)
[303.829s][info][gc,heap        ] GC(1563) Old regions: 20->20
[303.829s][info][gc,heap        ] GC(1563) Archive regions: 0->0
[303.829s][info][gc,heap        ] GC(1563) Humongous regions: 0->0
[303.829s][info][gc,metaspace   ] GC(1563) Metaspace: 14303K(15168K)->14303K(15168K) NonClass: 12353K(12928K)->12353K(12928K) Class: 1950K(2240K)->1950K(2240K)
[303.829s][info][gc             ] GC(1563) Pause Young (Normal) (G1 Evacuation Pause) 331M->7M(542M) 3.712ms
[303.829s][info][gc,cpu         ] GC(1563) User=0.00s Sys=0.00s Real=0.00s
[304.022s][info][gc,start       ] GC(1564) Pause Young (Normal) (G1 Evacuation Pause)
[304.022s][info][gc,task        ] GC(1564) Using 33 workers of 33 for evacuation
[304.026s][info][gc,phases      ] GC(1564)   Pre Evacuate Collection Set: 0.2ms
[304.026s][info][gc,phases      ] GC(1564)   Merge Heap Roots: 0.2ms
[304.026s][info][gc,phases      ] GC(1564)   Evacuate Collection Set: 0.3ms
[304.026s][info][gc,phases      ] GC(1564)   Post Evacuate Collection Set: 2.7ms
[304.026s][info][gc,phases      ] GC(1564)   Other: 0.1ms
[304.026s][info][gc,heap        ] GC(1564) Eden regions: 324->0(324)
[304.026s][info][gc,heap        ] GC(1564) Survivor regions: 1->1(41)
[304.026s][info][gc,heap        ] GC(1564) Old regions: 20->20
[304.026s][info][gc,heap        ] GC(1564) Archive regions: 0->0
[304.026s][info][gc,heap        ] GC(1564) Humongous regions: 0->0
[304.026s][info][gc,metaspace   ] GC(1564) Metaspace: 14303K(15168K)->14303K(15168K) NonClass: 12353K(12928K)->12353K(12928K) Class: 1950K(2240K)->1950K(2240K)
[304.026s][info][gc             ] GC(1564) Pause Young (Normal) (G1 Evacuation Pause) 331M->7M(542M) 3.708ms
[304.026s][info][gc,cpu         ] GC(1564) User=0.00s Sys=0.00s Real=0.00s
[304.218s][info][gc,start       ] GC(1565) Pause Young (Normal) (G1 Evacuation Pause)
[304.218s][info][gc,task        ] GC(1565) Using 33 workers of 33 for evacuation
[304.222s][info][gc,phases      ] GC(1565)   Pre Evacuate Collection Set: 0.2ms
[304.222s][info][gc,phases      ] GC(1565)   Merge Heap Roots: 0.2ms
[304.222s][info][gc,phases      ] GC(1565)   Evacuate Collection Set: 0.4ms
[304.222s][info][gc,phases      ] GC(1565)   Post Evacuate Collection Set: 2.8ms
[304.222s][info][gc,phases      ] GC(1565)   Other: 0.1ms
[304.222s][info][gc,heap        ] GC(1565) Eden regions: 324->0(324)
[304.222s][info][gc,heap        ] GC(1565) Survivor regions: 1->1(41)
[304.222s][info][gc,heap        ] GC(1565) Old regions: 20->20
[304.222s][info][gc,heap        ] GC(1565) Archive regions: 0->0
[304.222s][info][gc,heap        ] GC(1565) Humongous regions: 0->0
[304.222s][info][gc,metaspace   ] GC(1565) Metaspace: 14303K(15168K)->14303K(15168K) NonClass: 12353K(12928K)->12353K(12928K) Class: 1950K(2240K)->1950K(2240K)
[304.222s][info][gc             ] GC(1565) Pause Young (Normal) (G1 Evacuation Pause) 331M->7M(542M) 3.787ms
[304.222s][info][gc,cpu         ] GC(1565) User=0.52s Sys=0.00s Real=0.00s
[304.415s][info][gc,start       ] GC(1566) Pause Young (Normal) (G1 Evacuation Pause)
[304.415s][info][gc,task        ] GC(1566) Using 33 workers of 33 for evacuation
[304.419s][info][gc,phases      ] GC(1566)   Pre Evacuate Collection Set: 0.2ms
[304.419s][info][gc,phases      ] GC(1566)   Merge Heap Roots: 0.2ms
[304.419s][info][gc,phases      ] GC(1566)   Evacuate Collection Set: 0.3ms
[304.419s][info][gc,phases      ] GC(1566)   Post Evacuate Collection Set: 2.8ms
[304.419s][info][gc,phases      ] GC(1566)   Other: 0.1ms
[304.419s][info][gc,heap        ] GC(1566) Eden regions: 324->0(324)
[304.419s][info][gc,heap        ] GC(1566) Survivor regions: 1->1(41)
[304.419s][info][gc,heap        ] GC(1566) Old regions: 20->20
[304.419s][info][gc,heap        ] GC(1566) Archive regions: 0->0
[304.419s][info][gc,heap        ] GC(1566) Humongous regions: 0->0
[304.419s][info][gc,metaspace   ] GC(1566) Metaspace: 14303K(15168K)->14303K(15168K) NonClass: 12353K(12928K)->12353K(12928K) Class: 1950K(2240K)->1950K(2240K)
[304.419s][info][gc             ] GC(1566) Pause Young (Normal) (G1 Evacuation Pause) 331M->7M(542M) 3.774ms
[304.419s][info][gc,cpu         ] GC(1566) User=0.00s Sys=0.00s Real=0.00s
[304.612s][info][gc,start       ] GC(1567) Pause Young (Normal) (G1 Evacuation Pause)
[304.612s][info][gc,task        ] GC(1567) Using 33 workers of 33 for evacuation
[304.616s][info][gc,phases      ] GC(1567)   Pre Evacuate Collection Set: 0.2ms
[304.616s][info][gc,phases      ] GC(1567)   Merge Heap Roots: 0.2ms
[304.616s][info][gc,phases      ] GC(1567)   Evacuate Collection Set: 0.3ms
[304.616s][info][gc,phases      ] GC(1567)   Post Evacuate Collection Set: 2.8ms
[304.616s][info][gc,phases      ] GC(1567)   Other: 0.1ms
[304.616s][info][gc,heap        ] GC(1567) Eden regions: 324->0(324)
[304.616s][info][gc,heap        ] GC(1567) Survivor regions: 1->1(41)
[304.616s][info][gc,heap        ] GC(1567) Old regions: 20->20
[304.616s][info][gc,heap        ] GC(1567) Archive regions: 0->0
[304.616s][info][gc,heap        ] GC(1567) Humongous regions: 0->0
[304.616s][info][gc,metaspace   ] GC(1567) Metaspace: 14303K(15168K)->14303K(15168K) NonClass: 12353K(12928K)->12353K(12928K) Class: 1950K(2240K)->1950K(2240K)
[304.616s][info][gc             ] GC(1567) Pause Young (Normal) (G1 Evacuation Pause) 331M->7M(542M) 3.773ms
[304.616s][info][gc,cpu         ] GC(1567) User=0.00s Sys=0.00s Real=0.00s
[304.810s][info][gc,start       ] GC(1568) Pause Young (Normal) (G1 Evacuation Pause)
[304.810s][info][gc,task        ] GC(1568) Using 33 workers of 33 for evacuation
[304.813s][info][gc,phases      ] GC(1568)   Pre Evacuate Collection Set: 0.2ms
[304.813s][info][gc,phases      ] GC(1568)   Merge Heap Roots: 0.2ms
[304.813s][info][gc,phases      ] GC(1568)   Evacuate Collection Set: 0.3ms
[304.813s][info][gc,phases      ] GC(1568)   Post Evacuate Collection Set: 2.9ms
[304.813s][info][gc,phases      ] GC(1568)   Other: 0.1ms
[304.813s][info][gc,heap        ] GC(1568) Eden regions: 324->0(324)
[304.813s][info][gc,heap        ] GC(1568) Survivor regions: 1->1(41)
[304.813s][info][gc,heap        ] GC(1568) Old regions: 20->20
[304.813s][info][gc,heap        ] GC(1568) Archive regions: 0->0
[304.813s][info][gc,heap        ] GC(1568) Humongous regions: 0->0
[304.813s][info][gc,metaspace   ] GC(1568) Metaspace: 14303K(15168K)->14303K(15168K) NonClass: 12353K(12928K)->12353K(12928K) Class: 1950K(2240K)->1950K(2240K)
[304.813s][info][gc             ] GC(1568) Pause Young (Normal) (G1 Evacuation Pause) 331M->7M(542M) 3.844ms
[304.813s][info][gc,cpu         ] GC(1568) User=0.00s Sys=0.02s Real=0.00s
[305.008s][info][gc,start       ] GC(1569) Pause Young (Normal) (G1 Evacuation Pause)
[305.008s][info][gc,task        ] GC(1569) Using 33 workers of 33 for evacuation
[305.011s][info][gc,phases      ] GC(1569)   Pre Evacuate Collection Set: 0.2ms
[305.011s][info][gc,phases      ] GC(1569)   Merge Heap Roots: 0.2ms
[305.011s][info][gc,phases      ] GC(1569)   Evacuate Collection Set: 0.3ms
[305.012s][info][gc,phases      ] GC(1569)   Post Evacuate Collection Set: 2.9ms
[305.012s][info][gc,phases      ] GC(1569)   Other: 0.2ms
[305.012s][info][gc,heap        ] GC(1569) Eden regions: 324->0(324)
[305.012s][info][gc,heap        ] GC(1569) Survivor regions: 1->1(41)
[305.012s][info][gc,heap        ] GC(1569) Old regions: 20->20
[305.012s][info][gc,heap        ] GC(1569) Archive regions: 0->0
[305.012s][info][gc,heap        ] GC(1569) Humongous regions: 0->0
[305.012s][info][gc,metaspace   ] GC(1569) Metaspace: 14303K(15168K)->14303K(15168K) NonClass: 12353K(12928K)->12353K(12928K) Class: 1950K(2240K)->1950K(2240K)
[305.012s][info][gc             ] GC(1569) Pause Young (Normal) (G1 Evacuation Pause) 331M->7M(542M) 3.961ms
[305.012s][info][gc,cpu         ] GC(1569) User=0.00s Sys=0.00s Real=0.00s
[305.228s][info][gc,start       ] GC(1570) Pause Young (Normal) (G1 Evacuation Pause)
[305.228s][info][gc,task        ] GC(1570) Using 33 workers of 33 for evacuation
[305.232s][info][gc,phases      ] GC(1570)   Pre Evacuate Collection Set: 0.2ms
[305.232s][info][gc,phases      ] GC(1570)   Merge Heap Roots: 0.2ms
[305.232s][info][gc,phases      ] GC(1570)   Evacuate Collection Set: 0.4ms
[305.232s][info][gc,phases      ] GC(1570)   Post Evacuate Collection Set: 3.2ms
[305.233s][info][gc,phases      ] GC(1570)   Other: 0.1ms
[305.233s][info][gc,heap        ] GC(1570) Eden regions: 324->0(324)
[305.233s][info][gc,heap        ] GC(1570) Survivor regions: 1->1(41)
[305.233s][info][gc,heap        ] GC(1570) Old regions: 20->20
[305.233s][info][gc,heap        ] GC(1570) Archive regions: 0->0
[305.233s][info][gc,heap        ] GC(1570) Humongous regions: 0->0
[305.233s][info][gc,metaspace   ] GC(1570) Metaspace: 14303K(15168K)->14303K(15168K) NonClass: 12353K(12928K)->12353K(12928K) Class: 1950K(2240K)->1950K(2240K)
[305.233s][info][gc             ] GC(1570) Pause Young (Normal) (G1 Evacuation Pause) 331M->7M(542M) 4.490ms
[305.233s][info][gc,cpu         ] GC(1570) User=0.00s Sys=0.00s Real=0.00s
[305.428s][info][gc,start       ] GC(1571) Pause Young (Normal) (G1 Evacuation Pause)
[305.428s][info][gc,task        ] GC(1571) Using 33 workers of 33 for evacuation
[305.432s][info][gc,phases      ] GC(1571)   Pre Evacuate Collection Set: 0.1ms
[305.432s][info][gc,phases      ] GC(1571)   Merge Heap Roots: 0.2ms
[305.432s][info][gc,phases      ] GC(1571)   Evacuate Collection Set: 0.3ms
[305.432s][info][gc,phases      ] GC(1571)   Post Evacuate Collection Set: 2.8ms
[305.432s][info][gc,phases      ] GC(1571)   Other: 0.1ms
[305.432s][info][gc,heap        ] GC(1571) Eden regions: 324->0(324)
[305.432s][info][gc,heap        ] GC(1571) Survivor regions: 1->1(41)
[305.432s][info][gc,heap        ] GC(1571) Old regions: 20->21
[305.432s][info][gc,heap        ] GC(1571) Archive regions: 0->0
[305.432s][info][gc,heap        ] GC(1571) Humongous regions: 0->0
[305.432s][info][gc,metaspace   ] GC(1571) Metaspace: 14303K(15168K)->14303K(15168K) NonClass: 12353K(12928K)->12353K(12928K) Class: 1950K(2240K)->1950K(2240K)
[305.432s][info][gc             ] GC(1571) Pause Young (Normal) (G1 Evacuation Pause) 331M->7M(542M) 3.748ms
[305.432s][info][gc,cpu         ] GC(1571) User=0.00s Sys=0.00s Real=0.00s
[305.627s][info][gc,start       ] GC(1572) Pause Young (Normal) (G1 Evacuation Pause)
[305.627s][info][gc,task        ] GC(1572) Using 33 workers of 33 for evacuation
[305.630s][info][gc,phases      ] GC(1572)   Pre Evacuate Collection Set: 0.2ms
[305.630s][info][gc,phases      ] GC(1572)   Merge Heap Roots: 0.2ms
[305.630s][info][gc,phases      ] GC(1572)   Evacuate Collection Set: 0.3ms
[305.630s][info][gc,phases      ] GC(1572)   Post Evacuate Collection Set: 2.6ms
[305.630s][info][gc,phases      ] GC(1572)   Other: 0.1ms
[305.630s][info][gc,heap        ] GC(1572) Eden regions: 324->0(324)
[305.630s][info][gc,heap        ] GC(1572) Survivor regions: 1->1(41)
[305.630s][info][gc,heap        ] GC(1572) Old regions: 21->21
[305.630s][info][gc,heap        ] GC(1572) Archive regions: 0->0
[305.631s][info][gc,heap        ] GC(1572) Humongous regions: 0->0
[305.631s][info][gc,metaspace   ] GC(1572) Metaspace: 14303K(15168K)->14303K(15168K) NonClass: 12353K(12928K)->12353K(12928K) Class: 1950K(2240K)->1950K(2240K)
[305.631s][info][gc             ] GC(1572) Pause Young (Normal) (G1 Evacuation Pause) 331M->7M(542M) 3.575ms
[305.631s][info][gc,cpu         ] GC(1572) User=0.00s Sys=0.00s Real=0.00s
[305.825s][info][gc,start       ] GC(1573) Pause Young (Normal) (G1 Evacuation Pause)
[305.849s][info][gc,task        ] GC(1573) Using 33 workers of 33 for evacuation
[305.852s][info][gc,phases      ] GC(1573)   Pre Evacuate Collection Set: 0.2ms
[305.853s][info][gc,phases      ] GC(1573)   Merge Heap Roots: 0.2ms
[305.853s][info][gc,phases      ] GC(1573)   Evacuate Collection Set: 0.4ms
[305.853s][info][gc,phases      ] GC(1573)   Post Evacuate Collection Set: 2.8ms
[305.853s][info][gc,phases      ] GC(1573)   Other: 0.1ms
[305.853s][info][gc,heap        ] GC(1573) Eden regions: 324->0(324)
[305.853s][info][gc,heap        ] GC(1573) Survivor regions: 1->1(41)
[305.853s][info][gc,heap        ] GC(1573) Old regions: 21->21
[305.853s][info][gc,heap        ] GC(1573) Archive regions: 0->0
[305.853s][info][gc,heap        ] GC(1573) Humongous regions: 0->0
[305.853s][info][gc,metaspace   ] GC(1573) Metaspace: 14303K(15168K)->14303K(15168K) NonClass: 12353K(12928K)->12353K(12928K) Class: 1950K(2240K)->1950K(2240K)
[305.853s][info][gc             ] GC(1573) Pause Young (Normal) (G1 Evacuation Pause) 331M->7M(542M) 27.648ms
[305.853s][info][gc,cpu         ] GC(1573) User=0.00s Sys=0.00s Real=0.02s
[306.047s][info][gc,start       ] GC(1574) Pause Young (Normal) (G1 Evacuation Pause)
[306.047s][info][gc,task        ] GC(1574) Using 33 workers of 33 for evacuation
[306.051s][info][gc,phases      ] GC(1574)   Pre Evacuate Collection Set: 0.1ms
[306.051s][info][gc,phases      ] GC(1574)   Merge Heap Roots: 0.1ms
[306.051s][info][gc,phases      ] GC(1574)   Evacuate Collection Set: 0.4ms
[306.051s][info][gc,phases      ] GC(1574)   Post Evacuate Collection Set: 2.5ms
[306.051s][info][gc,phases      ] GC(1574)   Other: 0.1ms
[306.051s][info][gc,heap        ] GC(1574) Eden regions: 324->0(324)
[306.051s][info][gc,heap        ] GC(1574) Survivor regions: 1->1(41)
[306.051s][info][gc,heap        ] GC(1574) Old regions: 21->21
[306.051s][info][gc,heap        ] GC(1574) Archive regions: 0->0
[306.051s][info][gc,heap        ] GC(1574) Humongous regions: 0->0
[306.051s][info][gc,metaspace   ] GC(1574) Metaspace: 14303K(15168K)->14303K(15168K) NonClass: 12353K(12928K)->12353K(12928K) Class: 1950K(2240K)->1950K(2240K)
[306.051s][info][gc             ] GC(1574) Pause Young (Normal) (G1 Evacuation Pause) 331M->7M(542M) 3.564ms
[306.051s][info][gc,cpu         ] GC(1574) User=0.00s Sys=0.00s Real=0.00s
[306.245s][info][gc,start       ] GC(1575) Pause Young (Normal) (G1 Evacuation Pause)
[306.245s][info][gc,task        ] GC(1575) Using 33 workers of 33 for evacuation
[306.248s][info][gc,phases      ] GC(1575)   Pre Evacuate Collection Set: 0.2ms
[306.248s][info][gc,phases      ] GC(1575)   Merge Heap Roots: 0.2ms
[306.248s][info][gc,phases      ] GC(1575)   Evacuate Collection Set: 0.3ms
[306.249s][info][gc,phases      ] GC(1575)   Post Evacuate Collection Set: 2.4ms
[306.249s][info][gc,phases      ] GC(1575)   Other: 0.1ms
[306.249s][info][gc,heap        ] GC(1575) Eden regions: 324->0(324)
[306.249s][info][gc,heap        ] GC(1575) Survivor regions: 1->1(41)
[306.249s][info][gc,heap        ] GC(1575) Old regions: 21->21
[306.249s][info][gc,heap        ] GC(1575) Archive regions: 0->0
[306.249s][info][gc,heap        ] GC(1575) Humongous regions: 0->0
[306.249s][info][gc,metaspace   ] GC(1575) Metaspace: 14303K(15168K)->14303K(15168K) NonClass: 12353K(12928K)->12353K(12928K) Class: 1950K(2240K)->1950K(2240K)
[306.249s][info][gc             ] GC(1575) Pause Young (Normal) (G1 Evacuation Pause) 331M->7M(542M) 3.375ms
[306.249s][info][gc,cpu         ] GC(1575) User=0.00s Sys=0.00s Real=0.00s
[306.441s][info][gc,start       ] GC(1576) Pause Young (Normal) (G1 Evacuation Pause)
[306.441s][info][gc,task        ] GC(1576) Using 33 workers of 33 for evacuation
[306.445s][info][gc,phases      ] GC(1576)   Pre Evacuate Collection Set: 0.2ms
[306.445s][info][gc,phases      ] GC(1576)   Merge Heap Roots: 0.2ms
[306.445s][info][gc,phases      ] GC(1576)   Evacuate Collection Set: 0.3ms
[306.445s][info][gc,phases      ] GC(1576)   Post Evacuate Collection Set: 2.5ms
[306.445s][info][gc,phases      ] GC(1576)   Other: 0.1ms
[306.445s][info][gc,heap        ] GC(1576) Eden regions: 324->0(324)
[306.445s][info][gc,heap        ] GC(1576) Survivor regions: 1->1(41)
[306.445s][info][gc,heap        ] GC(1576) Old regions: 21->21
[306.445s][info][gc,heap        ] GC(1576) Archive regions: 0->0
[306.445s][info][gc,heap        ] GC(1576) Humongous regions: 0->0
[306.445s][info][gc,metaspace   ] GC(1576) Metaspace: 14303K(15168K)->14303K(15168K) NonClass: 12353K(12928K)->12353K(12928K) Class: 1950K(2240K)->1950K(2240K)
[306.445s][info][gc             ] GC(1576) Pause Young (Normal) (G1 Evacuation Pause) 331M->8M(542M) 3.523ms
[306.445s][info][gc,cpu         ] GC(1576) User=0.00s Sys=0.00s Real=0.00s
[306.638s][info][gc,start       ] GC(1577) Pause Young (Normal) (G1 Evacuation Pause)
[306.638s][info][gc,task        ] GC(1577) Using 33 workers of 33 for evacuation
[306.642s][info][gc,phases      ] GC(1577)   Pre Evacuate Collection Set: 0.2ms
[306.642s][info][gc,phases      ] GC(1577)   Merge Heap Roots: 0.2ms
[306.642s][info][gc,phases      ] GC(1577)   Evacuate Collection Set: 0.3ms
[306.642s][info][gc,phases      ] GC(1577)   Post Evacuate Collection Set: 2.5ms
[306.642s][info][gc,phases      ] GC(1577)   Other: 0.1ms
[306.642s][info][gc,heap        ] GC(1577) Eden regions: 324->0(324)
[306.642s][info][gc,heap        ] GC(1577) Survivor regions: 1->1(41)
[306.642s][info][gc,heap        ] GC(1577) Old regions: 21->21
[306.642s][info][gc,heap        ] GC(1577) Archive regions: 0->0
[306.642s][info][gc,heap        ] GC(1577) Humongous regions: 0->0
[306.642s][info][gc,metaspace   ] GC(1577) Metaspace: 14303K(15168K)->14303K(15168K) NonClass: 12353K(12928K)->12353K(12928K) Class: 1950K(2240K)->1950K(2240K)
[306.642s][info][gc             ] GC(1577) Pause Young (Normal) (G1 Evacuation Pause) 332M->8M(542M) 3.536ms
[306.642s][info][gc,cpu         ] GC(1577) User=0.00s Sys=0.00s Real=0.00s
[306.835s][info][gc,start       ] GC(1578) Pause Young (Normal) (G1 Evacuation Pause)
[306.835s][info][gc,task        ] GC(1578) Using 33 workers of 33 for evacuation
[306.838s][info][gc,phases      ] GC(1578)   Pre Evacuate Collection Set: 0.2ms
[306.838s][info][gc,phases      ] GC(1578)   Merge Heap Roots: 0.1ms
[306.838s][info][gc,phases      ] GC(1578)   Evacuate Collection Set: 0.3ms
[306.838s][info][gc,phases      ] GC(1578)   Post Evacuate Collection Set: 2.6ms
[306.838s][info][gc,phases      ] GC(1578)   Other: 0.1ms
[306.838s][info][gc,heap        ] GC(1578) Eden regions: 324->0(324)
[306.838s][info][gc,heap        ] GC(1578) Survivor regions: 1->1(41)
[306.838s][info][gc,heap        ] GC(1578) Old regions: 21->21
[306.838s][info][gc,heap        ] GC(1578) Archive regions: 0->0
[306.838s][info][gc,heap        ] GC(1578) Humongous regions: 0->0
[306.838s][info][gc,metaspace   ] GC(1578) Metaspace: 14303K(15168K)->14303K(15168K) NonClass: 12353K(12928K)->12353K(12928K) Class: 1950K(2240K)->1950K(2240K)
[306.838s][info][gc             ] GC(1578) Pause Young (Normal) (G1 Evacuation Pause) 332M->8M(542M) 3.575ms
[306.838s][info][gc,cpu         ] GC(1578) User=0.00s Sys=0.00s Real=0.00s
[307.031s][info][gc,start       ] GC(1579) Pause Young (Normal) (G1 Evacuation Pause)
[307.031s][info][gc,task        ] GC(1579) Using 33 workers of 33 for evacuation
[307.034s][info][gc,phases      ] GC(1579)   Pre Evacuate Collection Set: 0.2ms
[307.034s][info][gc,phases      ] GC(1579)   Merge Heap Roots: 0.2ms
[307.034s][info][gc,phases      ] GC(1579)   Evacuate Collection Set: 0.3ms
[307.034s][info][gc,phases      ] GC(1579)   Post Evacuate Collection Set: 2.6ms
[307.034s][info][gc,phases      ] GC(1579)   Other: 0.1ms
[307.034s][info][gc,heap        ] GC(1579) Eden regions: 324->0(324)
[307.034s][info][gc,heap        ] GC(1579) Survivor regions: 1->1(41)
[307.034s][info][gc,heap        ] GC(1579) Old regions: 21->21
[307.034s][info][gc,heap        ] GC(1579) Archive regions: 0->0
[307.034s][info][gc,heap        ] GC(1579) Humongous regions: 0->0
[307.034s][info][gc,metaspace   ] GC(1579) Metaspace: 14303K(15168K)->14303K(15168K) NonClass: 12353K(12928K)->12353K(12928K) Class: 1950K(2240K)->1950K(2240K)
[307.034s][info][gc             ] GC(1579) Pause Young (Normal) (G1 Evacuation Pause) 332M->8M(542M) 3.591ms
[307.034s][info][gc,cpu         ] GC(1579) User=0.52s Sys=0.00s Real=0.00s
[307.227s][info][gc,start       ] GC(1580) Pause Young (Normal) (G1 Evacuation Pause)
[307.236s][info][gc,task        ] GC(1580) Using 33 workers of 33 for evacuation
[307.239s][info][gc,phases      ] GC(1580)   Pre Evacuate Collection Set: 0.1ms
[307.239s][info][gc,phases      ] GC(1580)   Merge Heap Roots: 0.2ms
[307.239s][info][gc,phases      ] GC(1580)   Evacuate Collection Set: 0.3ms
[307.239s][info][gc,phases      ] GC(1580)   Post Evacuate Collection Set: 2.7ms
[307.239s][info][gc,phases      ] GC(1580)   Other: 0.1ms
[307.239s][info][gc,heap        ] GC(1580) Eden regions: 324->0(324)
[307.239s][info][gc,heap        ] GC(1580) Survivor regions: 1->1(41)
[307.239s][info][gc,heap        ] GC(1580) Old regions: 21->21
[307.239s][info][gc,heap        ] GC(1580) Archive regions: 0->0
[307.239s][info][gc,heap        ] GC(1580) Humongous regions: 0->0
[307.239s][info][gc,metaspace   ] GC(1580) Metaspace: 14303K(15168K)->14303K(15168K) NonClass: 12353K(12928K)->12353K(12928K) Class: 1950K(2240K)->1950K(2240K)
[307.239s][info][gc             ] GC(1580) Pause Young (Normal) (G1 Evacuation Pause) 332M->8M(542M) 11.963ms
[307.239s][info][gc,cpu         ] GC(1580) User=0.00s Sys=0.00s Real=0.01s
[307.433s][info][gc,start       ] GC(1581) Pause Young (Normal) (G1 Evacuation Pause)
[307.433s][info][gc,task        ] GC(1581) Using 33 workers of 33 for evacuation
[307.437s][info][gc,phases      ] GC(1581)   Pre Evacuate Collection Set: 0.1ms
[307.437s][info][gc,phases      ] GC(1581)   Merge Heap Roots: 0.2ms
[307.437s][info][gc,phases      ] GC(1581)   Evacuate Collection Set: 0.4ms
[307.437s][info][gc,phases      ] GC(1581)   Post Evacuate Collection Set: 2.7ms
[307.437s][info][gc,phases      ] GC(1581)   Other: 0.1ms
[307.437s][info][gc,heap        ] GC(1581) Eden regions: 324->0(324)
[307.437s][info][gc,heap        ] GC(1581) Survivor regions: 1->1(41)
[307.437s][info][gc,heap        ] GC(1581) Old regions: 21->21
[307.437s][info][gc,heap        ] GC(1581) Archive regions: 0->0
[307.437s][info][gc,heap        ] GC(1581) Humongous regions: 0->0
[307.437s][info][gc,metaspace   ] GC(1581) Metaspace: 14303K(15168K)->14303K(15168K) NonClass: 12353K(12928K)->12353K(12928K) Class: 1950K(2240K)->1950K(2240K)
[307.437s][info][gc             ] GC(1581) Pause Young (Normal) (G1 Evacuation Pause) 332M->8M(542M) 3.710ms
[307.437s][info][gc,cpu         ] GC(1581) User=0.00s Sys=0.00s Real=0.00s
[307.629s][info][gc,start       ] GC(1582) Pause Young (Normal) (G1 Evacuation Pause)
[307.629s][info][gc,task        ] GC(1582) Using 33 workers of 33 for evacuation
[307.633s][info][gc,phases      ] GC(1582)   Pre Evacuate Collection Set: 0.1ms
[307.633s][info][gc,phases      ] GC(1582)   Merge Heap Roots: 0.2ms
[307.633s][info][gc,phases      ] GC(1582)   Evacuate Collection Set: 0.4ms
[307.633s][info][gc,phases      ] GC(1582)   Post Evacuate Collection Set: 2.7ms
[307.633s][info][gc,phases      ] GC(1582)   Other: 0.1ms
[307.633s][info][gc,heap        ] GC(1582) Eden regions: 324->0(324)
[307.633s][info][gc,heap        ] GC(1582) Survivor regions: 1->1(41)
[307.633s][info][gc,heap        ] GC(1582) Old regions: 21->21
[307.633s][info][gc,heap        ] GC(1582) Archive regions: 0->0
[307.633s][info][gc,heap        ] GC(1582) Humongous regions: 0->0
[307.633s][info][gc,metaspace   ] GC(1582) Metaspace: 14303K(15168K)->14303K(15168K) NonClass: 12353K(12928K)->12353K(12928K) Class: 1950K(2240K)->1950K(2240K)
[307.633s][info][gc             ] GC(1582) Pause Young (Normal) (G1 Evacuation Pause) 332M->8M(542M) 3.697ms
[307.633s][info][gc,cpu         ] GC(1582) User=0.00s Sys=0.00s Real=0.00s
[307.826s][info][gc,start       ] GC(1583) Pause Young (Normal) (G1 Evacuation Pause)
[307.826s][info][gc,task        ] GC(1583) Using 33 workers of 33 for evacuation
[307.830s][info][gc,phases      ] GC(1583)   Pre Evacuate Collection Set: 0.2ms
[307.830s][info][gc,phases      ] GC(1583)   Merge Heap Roots: 0.2ms
[307.830s][info][gc,phases      ] GC(1583)   Evacuate Collection Set: 0.3ms
[307.830s][info][gc,phases      ] GC(1583)   Post Evacuate Collection Set: 2.8ms
[307.830s][info][gc,phases      ] GC(1583)   Other: 0.1ms
[307.830s][info][gc,heap        ] GC(1583) Eden regions: 324->0(324)
[307.830s][info][gc,heap        ] GC(1583) Survivor regions: 1->1(41)
[307.830s][info][gc,heap        ] GC(1583) Old regions: 21->21
[307.830s][info][gc,heap        ] GC(1583) Archive regions: 0->0
[307.830s][info][gc,heap        ] GC(1583) Humongous regions: 0->0
[307.830s][info][gc,metaspace   ] GC(1583) Metaspace: 14303K(15168K)->14303K(15168K) NonClass: 12353K(12928K)->12353K(12928K) Class: 1950K(2240K)->1950K(2240K)
[307.830s][info][gc             ] GC(1583) Pause Young (Normal) (G1 Evacuation Pause) 332M->8M(542M) 3.799ms
[307.830s][info][gc,cpu         ] GC(1583) User=0.52s Sys=0.00s Real=0.00s
[308.022s][info][gc,start       ] GC(1584) Pause Young (Normal) (G1 Evacuation Pause)
[308.022s][info][gc,task        ] GC(1584) Using 33 workers of 33 for evacuation
[308.026s][info][gc,phases      ] GC(1584)   Pre Evacuate Collection Set: 0.2ms
[308.026s][info][gc,phases      ] GC(1584)   Merge Heap Roots: 0.2ms
[308.026s][info][gc,phases      ] GC(1584)   Evacuate Collection Set: 0.3ms
[308.026s][info][gc,phases      ] GC(1584)   Post Evacuate Collection Set: 2.8ms
[308.026s][info][gc,phases      ] GC(1584)   Other: 0.1ms
[308.026s][info][gc,heap        ] GC(1584) Eden regions: 324->0(324)
[308.026s][info][gc,heap        ] GC(1584) Survivor regions: 1->1(41)
[308.026s][info][gc,heap        ] GC(1584) Old regions: 21->21
[308.026s][info][gc,heap        ] GC(1584) Archive regions: 0->0
[308.026s][info][gc,heap        ] GC(1584) Humongous regions: 0->0
[308.026s][info][gc,metaspace   ] GC(1584) Metaspace: 14303K(15168K)->14303K(15168K) NonClass: 12353K(12928K)->12353K(12928K) Class: 1950K(2240K)->1950K(2240K)
[308.026s][info][gc             ] GC(1584) Pause Young (Normal) (G1 Evacuation Pause) 332M->8M(542M) 3.840ms
[308.026s][info][gc,cpu         ] GC(1584) User=0.00s Sys=0.00s Real=0.00s
[308.218s][info][gc,start       ] GC(1585) Pause Young (Normal) (G1 Evacuation Pause)
[308.218s][info][gc,task        ] GC(1585) Using 33 workers of 33 for evacuation
[308.221s][info][gc,phases      ] GC(1585)   Pre Evacuate Collection Set: 0.2ms
[308.221s][info][gc,phases      ] GC(1585)   Merge Heap Roots: 0.2ms
[308.221s][info][gc,phases      ] GC(1585)   Evacuate Collection Set: 0.3ms
[308.221s][info][gc,phases      ] GC(1585)   Post Evacuate Collection Set: 2.8ms
[308.221s][info][gc,phases      ] GC(1585)   Other: 0.1ms
[308.221s][info][gc,heap        ] GC(1585) Eden regions: 324->0(324)
[308.221s][info][gc,heap        ] GC(1585) Survivor regions: 1->1(41)
[308.221s][info][gc,heap        ] GC(1585) Old regions: 21->21
[308.221s][info][gc,heap        ] GC(1585) Archive regions: 0->0
[308.221s][info][gc,heap        ] GC(1585) Humongous regions: 0->0
[308.221s][info][gc,metaspace   ] GC(1585) Metaspace: 14303K(15168K)->14303K(15168K) NonClass: 12353K(12928K)->12353K(12928K) Class: 1950K(2240K)->1950K(2240K)
[308.221s][info][gc             ] GC(1585) Pause Young (Normal) (G1 Evacuation Pause) 332M->8M(542M) 3.813ms
[308.221s][info][gc,cpu         ] GC(1585) User=0.44s Sys=0.02s Real=0.00s
[308.415s][info][gc,start       ] GC(1586) Pause Young (Normal) (G1 Evacuation Pause)
[308.415s][info][gc,task        ] GC(1586) Using 33 workers of 33 for evacuation
[308.418s][info][gc,phases      ] GC(1586)   Pre Evacuate Collection Set: 0.1ms
[308.419s][info][gc,phases      ] GC(1586)   Merge Heap Roots: 0.2ms
[308.419s][info][gc,phases      ] GC(1586)   Evacuate Collection Set: 0.4ms
[308.419s][info][gc,phases      ] GC(1586)   Post Evacuate Collection Set: 2.9ms
[308.419s][info][gc,phases      ] GC(1586)   Other: 0.1ms
[308.419s][info][gc,heap        ] GC(1586) Eden regions: 324->0(324)
[308.419s][info][gc,heap        ] GC(1586) Survivor regions: 1->1(41)
[308.419s][info][gc,heap        ] GC(1586) Old regions: 21->21
[308.419s][info][gc,heap        ] GC(1586) Archive regions: 0->0
[308.419s][info][gc,heap        ] GC(1586) Humongous regions: 0->0
[308.419s][info][gc,metaspace   ] GC(1586) Metaspace: 14303K(15168K)->14303K(15168K) NonClass: 12353K(12928K)->12353K(12928K) Class: 1950K(2240K)->1950K(2240K)
[308.419s][info][gc             ] GC(1586) Pause Young (Normal) (G1 Evacuation Pause) 332M->8M(542M) 3.898ms
[308.419s][info][gc,cpu         ] GC(1586) User=0.00s Sys=0.00s Real=0.00s
[308.612s][info][gc,start       ] GC(1587) Pause Young (Normal) (G1 Evacuation Pause)
[308.621s][info][gc,task        ] GC(1587) Using 33 workers of 33 for evacuation
[308.625s][info][gc,phases      ] GC(1587)   Pre Evacuate Collection Set: 0.2ms
[308.625s][info][gc,phases      ] GC(1587)   Merge Heap Roots: 0.2ms
[308.625s][info][gc,phases      ] GC(1587)   Evacuate Collection Set: 0.4ms
[308.625s][info][gc,phases      ] GC(1587)   Post Evacuate Collection Set: 3.0ms
[308.625s][info][gc,phases      ] GC(1587)   Other: 0.1ms
[308.625s][info][gc,heap        ] GC(1587) Eden regions: 324->0(324)
[308.625s][info][gc,heap        ] GC(1587) Survivor regions: 1->1(41)
[308.625s][info][gc,heap        ] GC(1587) Old regions: 21->21
[308.625s][info][gc,heap        ] GC(1587) Archive regions: 0->0
[308.625s][info][gc,heap        ] GC(1587) Humongous regions: 0->0
[308.625s][info][gc,metaspace   ] GC(1587) Metaspace: 14303K(15168K)->14303K(15168K) NonClass: 12353K(12928K)->12353K(12928K) Class: 1950K(2240K)->1950K(2240K)
[308.625s][info][gc             ] GC(1587) Pause Young (Normal) (G1 Evacuation Pause) 332M->8M(542M) 13.199ms
[308.625s][info][gc,cpu         ] GC(1587) User=0.00s Sys=0.00s Real=0.00s
[308.818s][info][gc,start       ] GC(1588) Pause Young (Normal) (G1 Evacuation Pause)
[308.818s][info][gc,task        ] GC(1588) Using 33 workers of 33 for evacuation
[308.822s][info][gc,phases      ] GC(1588)   Pre Evacuate Collection Set: 0.2ms
[308.822s][info][gc,phases      ] GC(1588)   Merge Heap Roots: 0.2ms
[308.822s][info][gc,phases      ] GC(1588)   Evacuate Collection Set: 0.4ms
[308.822s][info][gc,phases      ] GC(1588)   Post Evacuate Collection Set: 2.9ms
[308.822s][info][gc,phases      ] GC(1588)   Other: 0.1ms
[308.822s][info][gc,heap        ] GC(1588) Eden regions: 324->0(324)
[308.822s][info][gc,heap        ] GC(1588) Survivor regions: 1->1(41)
[308.822s][info][gc,heap        ] GC(1588) Old regions: 21->21
[308.822s][info][gc,heap        ] GC(1588) Archive regions: 0->0
[308.822s][info][gc,heap        ] GC(1588) Humongous regions: 0->0
[308.822s][info][gc,metaspace   ] GC(1588) Metaspace: 14303K(15168K)->14303K(15168K) NonClass: 12353K(12928K)->12353K(12928K) Class: 1950K(2240K)->1950K(2240K)
[308.822s][info][gc             ] GC(1588) Pause Young (Normal) (G1 Evacuation Pause) 332M->8M(542M) 3.932ms
[308.822s][info][gc,cpu         ] GC(1588) User=0.00s Sys=0.00s Real=0.00s
[309.175s][info][gc,start       ] GC(1589) Pause Young (Normal) (G1 Evacuation Pause)
[309.175s][info][gc,task        ] GC(1589) Using 33 workers of 33 for evacuation
[309.180s][info][gc,phases      ] GC(1589)   Pre Evacuate Collection Set: 0.2ms
[309.180s][info][gc,phases      ] GC(1589)   Merge Heap Roots: 0.3ms
[309.180s][info][gc,phases      ] GC(1589)   Evacuate Collection Set: 0.6ms
[309.180s][info][gc,phases      ] GC(1589)   Post Evacuate Collection Set: 3.8ms
[309.180s][info][gc,phases      ] GC(1589)   Other: 0.2ms
[309.180s][info][gc,heap        ] GC(1589) Eden regions: 324->0(324)
[309.180s][info][gc,heap        ] GC(1589) Survivor regions: 1->1(41)
[309.180s][info][gc,heap        ] GC(1589) Old regions: 21->21
[309.181s][info][gc,heap        ] GC(1589) Archive regions: 0->0
[309.181s][info][gc,heap        ] GC(1589) Humongous regions: 0->0
[309.181s][info][gc,metaspace   ] GC(1589) Metaspace: 14303K(15168K)->14303K(15168K) NonClass: 12353K(12928K)->12353K(12928K) Class: 1950K(2240K)->1950K(2240K)
[309.181s][info][gc             ] GC(1589) Pause Young (Normal) (G1 Evacuation Pause) 332M->8M(542M) 5.720ms
[309.181s][info][gc,cpu         ] GC(1589) User=0.00s Sys=0.00s Real=0.00s
[309.381s][info][gc,start       ] GC(1590) Pause Young (Normal) (G1 Evacuation Pause)
[309.381s][info][gc,task        ] GC(1590) Using 33 workers of 33 for evacuation
[309.384s][info][gc,phases      ] GC(1590)   Pre Evacuate Collection Set: 0.2ms
[309.384s][info][gc,phases      ] GC(1590)   Merge Heap Roots: 0.2ms
[309.384s][info][gc,phases      ] GC(1590)   Evacuate Collection Set: 0.3ms
[309.384s][info][gc,phases      ] GC(1590)   Post Evacuate Collection Set: 2.8ms
[309.384s][info][gc,phases      ] GC(1590)   Other: 0.1ms
[309.384s][info][gc,heap        ] GC(1590) Eden regions: 324->0(324)
[309.384s][info][gc,heap        ] GC(1590) Survivor regions: 1->1(41)
[309.385s][info][gc,heap        ] GC(1590) Old regions: 21->21
[309.385s][info][gc,heap        ] GC(1590) Archive regions: 0->0
[309.385s][info][gc,heap        ] GC(1590) Humongous regions: 0->0
[309.385s][info][gc,metaspace   ] GC(1590) Metaspace: 14303K(15168K)->14303K(15168K) NonClass: 12353K(12928K)->12353K(12928K) Class: 1950K(2240K)->1950K(2240K)
[309.385s][info][gc             ] GC(1590) Pause Young (Normal) (G1 Evacuation Pause) 332M->8M(542M) 3.783ms
[309.385s][info][gc,cpu         ] GC(1590) User=0.00s Sys=0.00s Real=0.00s
[309.578s][info][gc,start       ] GC(1591) Pause Young (Normal) (G1 Evacuation Pause)
[309.578s][info][gc,task        ] GC(1591) Using 33 workers of 33 for evacuation
[309.581s][info][gc,phases      ] GC(1591)   Pre Evacuate Collection Set: 0.2ms
[309.581s][info][gc,phases      ] GC(1591)   Merge Heap Roots: 0.2ms
[309.581s][info][gc,phases      ] GC(1591)   Evacuate Collection Set: 0.4ms
[309.581s][info][gc,phases      ] GC(1591)   Post Evacuate Collection Set: 2.6ms
[309.581s][info][gc,phases      ] GC(1591)   Other: 0.1ms
[309.581s][info][gc,heap        ] GC(1591) Eden regions: 324->0(324)
[309.581s][info][gc,heap        ] GC(1591) Survivor regions: 1->1(41)
[309.581s][info][gc,heap        ] GC(1591) Old regions: 21->21
[309.581s][info][gc,heap        ] GC(1591) Archive regions: 0->0
[309.581s][info][gc,heap        ] GC(1591) Humongous regions: 0->0
[309.581s][info][gc,metaspace   ] GC(1591) Metaspace: 14303K(15168K)->14303K(15168K) NonClass: 12353K(12928K)->12353K(12928K) Class: 1950K(2240K)->1950K(2240K)
[309.581s][info][gc             ] GC(1591) Pause Young (Normal) (G1 Evacuation Pause) 332M->8M(542M) 3.658ms
[309.581s][info][gc,cpu         ] GC(1591) User=0.02s Sys=0.00s Real=0.00s
[309.773s][info][gc,start       ] GC(1592) Pause Young (Normal) (G1 Evacuation Pause)
[309.774s][info][gc,task        ] GC(1592) Using 33 workers of 33 for evacuation
[309.777s][info][gc,phases      ] GC(1592)   Pre Evacuate Collection Set: 0.2ms
[309.777s][info][gc,phases      ] GC(1592)   Merge Heap Roots: 0.2ms
[309.777s][info][gc,phases      ] GC(1592)   Evacuate Collection Set: 0.3ms
[309.777s][info][gc,phases      ] GC(1592)   Post Evacuate Collection Set: 2.6ms
[309.777s][info][gc,phases      ] GC(1592)   Other: 0.1ms
[309.777s][info][gc,heap        ] GC(1592) Eden regions: 324->0(324)
[309.777s][info][gc,heap        ] GC(1592) Survivor regions: 1->1(41)
[309.777s][info][gc,heap        ] GC(1592) Old regions: 21->22
[309.777s][info][gc,heap        ] GC(1592) Archive regions: 0->0
[309.777s][info][gc,heap        ] GC(1592) Humongous regions: 0->0
[309.777s][info][gc,metaspace   ] GC(1592) Metaspace: 14303K(15168K)->14303K(15168K) NonClass: 12353K(12928K)->12353K(12928K) Class: 1950K(2240K)->1950K(2240K)
[309.777s][info][gc             ] GC(1592) Pause Young (Normal) (G1 Evacuation Pause) 332M->8M(542M) 3.669ms
[309.777s][info][gc,cpu         ] GC(1592) User=0.00s Sys=0.00s Real=0.00s
[309.972s][info][gc,start       ] GC(1593) Pause Young (Normal) (G1 Evacuation Pause)
[309.973s][info][gc,task        ] GC(1593) Using 33 workers of 33 for evacuation
[309.976s][info][gc,phases      ] GC(1593)   Pre Evacuate Collection Set: 0.2ms
[309.976s][info][gc,phases      ] GC(1593)   Merge Heap Roots: 0.2ms
[309.976s][info][gc,phases      ] GC(1593)   Evacuate Collection Set: 0.3ms
[309.976s][info][gc,phases      ] GC(1593)   Post Evacuate Collection Set: 2.4ms
[309.976s][info][gc,phases      ] GC(1593)   Other: 0.1ms
[309.976s][info][gc,heap        ] GC(1593) Eden regions: 324->0(324)
[309.976s][info][gc,heap        ] GC(1593) Survivor regions: 1->1(41)
[309.976s][info][gc,heap        ] GC(1593) Old regions: 22->22
[309.976s][info][gc,heap        ] GC(1593) Archive regions: 0->0
[309.976s][info][gc,heap        ] GC(1593) Humongous regions: 0->0
[309.976s][info][gc,metaspace   ] GC(1593) Metaspace: 14303K(15168K)->14303K(15168K) NonClass: 12353K(12928K)->12353K(12928K) Class: 1950K(2240K)->1950K(2240K)
[309.976s][info][gc             ] GC(1593) Pause Young (Normal) (G1 Evacuation Pause) 332M->8M(542M) 3.434ms
[309.976s][info][gc,cpu         ] GC(1593) User=0.00s Sys=0.00s Real=0.00s
[310.169s][info][gc,start       ] GC(1594) Pause Young (Normal) (G1 Evacuation Pause)
[310.169s][info][gc,task        ] GC(1594) Using 33 workers of 33 for evacuation
[310.173s][info][gc,phases      ] GC(1594)   Pre Evacuate Collection Set: 0.2ms
[310.173s][info][gc,phases      ] GC(1594)   Merge Heap Roots: 0.1ms
[310.173s][info][gc,phases      ] GC(1594)   Evacuate Collection Set: 0.4ms
[310.173s][info][gc,phases      ] GC(1594)   Post Evacuate Collection Set: 2.5ms
[310.173s][info][gc,phases      ] GC(1594)   Other: 0.1ms
[310.173s][info][gc,heap        ] GC(1594) Eden regions: 324->0(324)
[310.173s][info][gc,heap        ] GC(1594) Survivor regions: 1->1(41)
[310.173s][info][gc,heap        ] GC(1594) Old regions: 22->22
[310.173s][info][gc,heap        ] GC(1594) Archive regions: 0->0
[310.173s][info][gc,heap        ] GC(1594) Humongous regions: 0->0
[310.173s][info][gc,metaspace   ] GC(1594) Metaspace: 14303K(15168K)->14303K(15168K) NonClass: 12353K(12928K)->12353K(12928K) Class: 1950K(2240K)->1950K(2240K)
[310.173s][info][gc             ] GC(1594) Pause Young (Normal) (G1 Evacuation Pause) 332M->8M(542M) 3.523ms
[310.173s][info][gc,cpu         ] GC(1594) User=0.52s Sys=0.00s Real=0.00s
[310.366s][info][gc,start       ] GC(1595) Pause Young (Normal) (G1 Evacuation Pause)
[310.366s][info][gc,task        ] GC(1595) Using 33 workers of 33 for evacuation
[310.370s][info][gc,phases      ] GC(1595)   Pre Evacuate Collection Set: 0.2ms
[310.370s][info][gc,phases      ] GC(1595)   Merge Heap Roots: 0.2ms
[310.370s][info][gc,phases      ] GC(1595)   Evacuate Collection Set: 0.3ms
[310.370s][info][gc,phases      ] GC(1595)   Post Evacuate Collection Set: 2.6ms
[310.370s][info][gc,phases      ] GC(1595)   Other: 0.1ms
[310.370s][info][gc,heap        ] GC(1595) Eden regions: 324->0(324)
[310.370s][info][gc,heap        ] GC(1595) Survivor regions: 1->1(41)
[310.370s][info][gc,heap        ] GC(1595) Old regions: 22->22
[310.370s][info][gc,heap        ] GC(1595) Archive regions: 0->0
[310.370s][info][gc,heap        ] GC(1595) Humongous regions: 0->0
[310.370s][info][gc,metaspace   ] GC(1595) Metaspace: 14303K(15168K)->14303K(15168K) NonClass: 12353K(12928K)->12353K(12928K) Class: 1950K(2240K)->1950K(2240K)
[310.370s][info][gc             ] GC(1595) Pause Young (Normal) (G1 Evacuation Pause) 332M->8M(542M) 3.565ms
[310.370s][info][gc,cpu         ] GC(1595) User=0.00s Sys=0.00s Real=0.00s
[310.562s][info][gc,start       ] GC(1596) Pause Young (Normal) (G1 Evacuation Pause)
[310.562s][info][gc,task        ] GC(1596) Using 33 workers of 33 for evacuation
[310.566s][info][gc,phases      ] GC(1596)   Pre Evacuate Collection Set: 0.1ms
[310.566s][info][gc,phases      ] GC(1596)   Merge Heap Roots: 0.2ms
[310.566s][info][gc,phases      ] GC(1596)   Evacuate Collection Set: 0.3ms
[310.566s][info][gc,phases      ] GC(1596)   Post Evacuate Collection Set: 2.6ms
[310.566s][info][gc,phases      ] GC(1596)   Other: 0.1ms
[310.566s][info][gc,heap        ] GC(1596) Eden regions: 324->0(324)
[310.566s][info][gc,heap        ] GC(1596) Survivor regions: 1->1(41)
[310.566s][info][gc,heap        ] GC(1596) Old regions: 22->22
[310.566s][info][gc,heap        ] GC(1596) Archive regions: 0->0
[310.566s][info][gc,heap        ] GC(1596) Humongous regions: 0->0
[310.566s][info][gc,metaspace   ] GC(1596) Metaspace: 14303K(15168K)->14303K(15168K) NonClass: 12353K(12928K)->12353K(12928K) Class: 1950K(2240K)->1950K(2240K)
[310.566s][info][gc             ] GC(1596) Pause Young (Normal) (G1 Evacuation Pause) 332M->8M(542M) 3.581ms
[310.566s][info][gc,cpu         ] GC(1596) User=0.30s Sys=0.02s Real=0.00s
[310.759s][info][gc,start       ] GC(1597) Pause Young (Normal) (G1 Evacuation Pause)
[310.759s][info][gc,task        ] GC(1597) Using 33 workers of 33 for evacuation
[310.763s][info][gc,phases      ] GC(1597)   Pre Evacuate Collection Set: 0.2ms
[310.763s][info][gc,phases      ] GC(1597)   Merge Heap Roots: 0.2ms
[310.763s][info][gc,phases      ] GC(1597)   Evacuate Collection Set: 0.3ms
[310.763s][info][gc,phases      ] GC(1597)   Post Evacuate Collection Set: 2.6ms
[310.763s][info][gc,phases      ] GC(1597)   Other: 0.1ms
[310.763s][info][gc,heap        ] GC(1597) Eden regions: 324->0(324)
[310.763s][info][gc,heap        ] GC(1597) Survivor regions: 1->1(41)
[310.763s][info][gc,heap        ] GC(1597) Old regions: 22->22
[310.763s][info][gc,heap        ] GC(1597) Archive regions: 0->0
[310.763s][info][gc,heap        ] GC(1597) Humongous regions: 0->0
[310.763s][info][gc,metaspace   ] GC(1597) Metaspace: 14303K(15168K)->14303K(15168K) NonClass: 12353K(12928K)->12353K(12928K) Class: 1950K(2240K)->1950K(2240K)
[310.763s][info][gc             ] GC(1597) Pause Young (Normal) (G1 Evacuation Pause) 332M->9M(542M) 3.674ms
[310.763s][info][gc,cpu         ] GC(1597) User=0.00s Sys=0.00s Real=0.00s
[310.958s][info][gc,start       ] GC(1598) Pause Young (Normal) (G1 Evacuation Pause)
[310.958s][info][gc,task        ] GC(1598) Using 33 workers of 33 for evacuation
[310.961s][info][gc,phases      ] GC(1598)   Pre Evacuate Collection Set: 0.2ms
[310.961s][info][gc,phases      ] GC(1598)   Merge Heap Roots: 0.2ms
[310.961s][info][gc,phases      ] GC(1598)   Evacuate Collection Set: 0.3ms
[310.961s][info][gc,phases      ] GC(1598)   Post Evacuate Collection Set: 2.6ms
[310.961s][info][gc,phases      ] GC(1598)   Other: 0.1ms
[310.961s][info][gc,heap        ] GC(1598) Eden regions: 324->0(324)
[310.961s][info][gc,heap        ] GC(1598) Survivor regions: 1->1(41)
[310.961s][info][gc,heap        ] GC(1598) Old regions: 22->22
[310.961s][info][gc,heap        ] GC(1598) Archive regions: 0->0
[310.961s][info][gc,heap        ] GC(1598) Humongous regions: 0->0
[310.961s][info][gc,metaspace   ] GC(1598) Metaspace: 14303K(15168K)->14303K(15168K) NonClass: 12353K(12928K)->12353K(12928K) Class: 1950K(2240K)->1950K(2240K)
[310.961s][info][gc             ] GC(1598) Pause Young (Normal) (G1 Evacuation Pause) 333M->9M(542M) 3.688ms
[310.961s][info][gc,cpu         ] GC(1598) User=0.00s Sys=0.00s Real=0.00s
[311.154s][info][gc,start       ] GC(1599) Pause Young (Normal) (G1 Evacuation Pause)
[311.154s][info][gc,task        ] GC(1599) Using 33 workers of 33 for evacuation
[311.158s][info][gc,phases      ] GC(1599)   Pre Evacuate Collection Set: 0.1ms
[311.158s][info][gc,phases      ] GC(1599)   Merge Heap Roots: 0.2ms
[311.158s][info][gc,phases      ] GC(1599)   Evacuate Collection Set: 0.4ms
[311.158s][info][gc,phases      ] GC(1599)   Post Evacuate Collection Set: 2.7ms
[311.158s][info][gc,phases      ] GC(1599)   Other: 0.1ms
[311.158s][info][gc,heap        ] GC(1599) Eden regions: 324->0(324)
[311.158s][info][gc,heap        ] GC(1599) Survivor regions: 1->1(41)
[311.158s][info][gc,heap        ] GC(1599) Old regions: 22->22
[311.158s][info][gc,heap        ] GC(1599) Archive regions: 0->0
[311.158s][info][gc,heap        ] GC(1599) Humongous regions: 0->0
[311.158s][info][gc,metaspace   ] GC(1599) Metaspace: 14303K(15168K)->14303K(15168K) NonClass: 12353K(12928K)->12353K(12928K) Class: 1950K(2240K)->1950K(2240K)
[311.158s][info][gc             ] GC(1599) Pause Young (Normal) (G1 Evacuation Pause) 333M->9M(542M) 3.749ms
[311.158s][info][gc,cpu         ] GC(1599) User=0.52s Sys=0.00s Real=0.00s
[311.351s][info][gc,start       ] GC(1600) Pause Young (Normal) (G1 Evacuation Pause)
[311.351s][info][gc,task        ] GC(1600) Using 33 workers of 33 for evacuation
[311.355s][info][gc,phases      ] GC(1600)   Pre Evacuate Collection Set: 0.2ms
[311.355s][info][gc,phases      ] GC(1600)   Merge Heap Roots: 0.2ms
[311.355s][info][gc,phases      ] GC(1600)   Evacuate Collection Set: 0.4ms
[311.355s][info][gc,phases      ] GC(1600)   Post Evacuate Collection Set: 2.7ms
[311.355s][info][gc,phases      ] GC(1600)   Other: 0.1ms
[311.355s][info][gc,heap        ] GC(1600) Eden regions: 324->0(324)
[311.355s][info][gc,heap        ] GC(1600) Survivor regions: 1->1(41)
[311.355s][info][gc,heap        ] GC(1600) Old regions: 22->22
[311.355s][info][gc,heap        ] GC(1600) Archive regions: 0->0
[311.355s][info][gc,heap        ] GC(1600) Humongous regions: 0->0
[311.355s][info][gc,metaspace   ] GC(1600) Metaspace: 14303K(15168K)->14303K(15168K) NonClass: 12353K(12928K)->12353K(12928K) Class: 1950K(2240K)->1950K(2240K)
[311.355s][info][gc             ] GC(1600) Pause Young (Normal) (G1 Evacuation Pause) 333M->9M(542M) 3.766ms
[311.355s][info][gc,cpu         ] GC(1600) User=0.00s Sys=0.00s Real=0.00s
[311.547s][info][gc,start       ] GC(1601) Pause Young (Normal) (G1 Evacuation Pause)
[311.547s][info][gc,task        ] GC(1601) Using 33 workers of 33 for evacuation
[311.551s][info][gc,phases      ] GC(1601)   Pre Evacuate Collection Set: 0.2ms
[311.551s][info][gc,phases      ] GC(1601)   Merge Heap Roots: 0.2ms
[311.551s][info][gc,phases      ] GC(1601)   Evacuate Collection Set: 0.4ms
[311.551s][info][gc,phases      ] GC(1601)   Post Evacuate Collection Set: 2.7ms
[311.551s][info][gc,phases      ] GC(1601)   Other: 0.1ms
[311.551s][info][gc,heap        ] GC(1601) Eden regions: 324->0(324)
[311.551s][info][gc,heap        ] GC(1601) Survivor regions: 1->1(41)
[311.551s][info][gc,heap        ] GC(1601) Old regions: 22->22
[311.551s][info][gc,heap        ] GC(1601) Archive regions: 0->0
[311.551s][info][gc,heap        ] GC(1601) Humongous regions: 0->0
[311.551s][info][gc,metaspace   ] GC(1601) Metaspace: 14303K(15168K)->14303K(15168K) NonClass: 12353K(12928K)->12353K(12928K) Class: 1950K(2240K)->1950K(2240K)
[311.551s][info][gc             ] GC(1601) Pause Young (Normal) (G1 Evacuation Pause) 333M->9M(542M) 3.739ms
[311.551s][info][gc,cpu         ] GC(1601) User=0.00s Sys=0.00s Real=0.00s
[311.745s][info][gc,start       ] GC(1602) Pause Young (Normal) (G1 Evacuation Pause)
[311.745s][info][gc,task        ] GC(1602) Using 33 workers of 33 for evacuation
[311.749s][info][gc,phases      ] GC(1602)   Pre Evacuate Collection Set: 0.2ms
[311.749s][info][gc,phases      ] GC(1602)   Merge Heap Roots: 0.2ms
[311.749s][info][gc,phases      ] GC(1602)   Evacuate Collection Set: 0.4ms
[311.749s][info][gc,phases      ] GC(1602)   Post Evacuate Collection Set: 2.8ms
[311.749s][info][gc,phases      ] GC(1602)   Other: 0.1ms
[311.749s][info][gc,heap        ] GC(1602) Eden regions: 324->0(324)
[311.749s][info][gc,heap        ] GC(1602) Survivor regions: 1->1(41)
[311.749s][info][gc,heap        ] GC(1602) Old regions: 22->22
[311.749s][info][gc,heap        ] GC(1602) Archive regions: 0->0
[311.749s][info][gc,heap        ] GC(1602) Humongous regions: 0->0
[311.749s][info][gc,metaspace   ] GC(1602) Metaspace: 14303K(15168K)->14303K(15168K) NonClass: 12353K(12928K)->12353K(12928K) Class: 1950K(2240K)->1950K(2240K)
[311.749s][info][gc             ] GC(1602) Pause Young (Normal) (G1 Evacuation Pause) 333M->9M(542M) 3.903ms
[311.749s][info][gc,cpu         ] GC(1602) User=0.00s Sys=0.00s Real=0.00s
[311.943s][info][gc,start       ] GC(1603) Pause Young (Normal) (G1 Evacuation Pause)
[311.943s][info][gc,task        ] GC(1603) Using 33 workers of 33 for evacuation
[311.946s][info][gc,phases      ] GC(1603)   Pre Evacuate Collection Set: 0.2ms
[311.946s][info][gc,phases      ] GC(1603)   Merge Heap Roots: 0.1ms
[311.946s][info][gc,phases      ] GC(1603)   Evacuate Collection Set: 0.4ms
[311.946s][info][gc,phases      ] GC(1603)   Post Evacuate Collection Set: 2.8ms
[311.946s][info][gc,phases      ] GC(1603)   Other: 0.1ms
[311.946s][info][gc,heap        ] GC(1603) Eden regions: 324->0(324)
[311.946s][info][gc,heap        ] GC(1603) Survivor regions: 1->1(41)
[311.946s][info][gc,heap        ] GC(1603) Old regions: 22->22
[311.946s][info][gc,heap        ] GC(1603) Archive regions: 0->0
[311.946s][info][gc,heap        ] GC(1603) Humongous regions: 0->0
[311.947s][info][gc,metaspace   ] GC(1603) Metaspace: 14303K(15168K)->14303K(15168K) NonClass: 12353K(12928K)->12353K(12928K) Class: 1950K(2240K)->1950K(2240K)
[311.947s][info][gc             ] GC(1603) Pause Young (Normal) (G1 Evacuation Pause) 333M->9M(542M) 3.834ms
[311.947s][info][gc,cpu         ] GC(1603) User=0.00s Sys=0.00s Real=0.00s
[312.139s][info][gc,start       ] GC(1604) Pause Young (Normal) (G1 Evacuation Pause)
[312.139s][info][gc,task        ] GC(1604) Using 33 workers of 33 for evacuation
[312.142s][info][gc,phases      ] GC(1604)   Pre Evacuate Collection Set: 0.2ms
[312.143s][info][gc,phases      ] GC(1604)   Merge Heap Roots: 0.2ms
[312.143s][info][gc,phases      ] GC(1604)   Evacuate Collection Set: 0.4ms
[312.143s][info][gc,phases      ] GC(1604)   Post Evacuate Collection Set: 2.8ms
[312.143s][info][gc,phases      ] GC(1604)   Other: 0.1ms
[312.143s][info][gc,heap        ] GC(1604) Eden regions: 324->0(324)
[312.143s][info][gc,heap        ] GC(1604) Survivor regions: 1->1(41)
[312.143s][info][gc,heap        ] GC(1604) Old regions: 22->22
[312.143s][info][gc,heap        ] GC(1604) Archive regions: 0->0
[312.143s][info][gc,heap        ] GC(1604) Humongous regions: 0->0
[312.143s][info][gc,metaspace   ] GC(1604) Metaspace: 14303K(15168K)->14303K(15168K) NonClass: 12353K(12928K)->12353K(12928K) Class: 1950K(2240K)->1950K(2240K)
[312.143s][info][gc             ] GC(1604) Pause Young (Normal) (G1 Evacuation Pause) 333M->9M(542M) 3.845ms
[312.143s][info][gc,cpu         ] GC(1604) User=0.52s Sys=0.00s Real=0.00s
[312.335s][info][gc,start       ] GC(1605) Pause Young (Normal) (G1 Evacuation Pause)
[312.335s][info][gc,task        ] GC(1605) Using 33 workers of 33 for evacuation
[312.339s][info][gc,phases      ] GC(1605)   Pre Evacuate Collection Set: 0.2ms
[312.339s][info][gc,phases      ] GC(1605)   Merge Heap Roots: 0.2ms
[312.339s][info][gc,phases      ] GC(1605)   Evacuate Collection Set: 0.3ms
[312.339s][info][gc,phases      ] GC(1605)   Post Evacuate Collection Set: 2.9ms
[312.339s][info][gc,phases      ] GC(1605)   Other: 0.1ms
[312.339s][info][gc,heap        ] GC(1605) Eden regions: 324->0(324)
[312.339s][info][gc,heap        ] GC(1605) Survivor regions: 1->1(41)
[312.339s][info][gc,heap        ] GC(1605) Old regions: 22->22
[312.339s][info][gc,heap        ] GC(1605) Archive regions: 0->0
[312.339s][info][gc,heap        ] GC(1605) Humongous regions: 0->0
[312.339s][info][gc,metaspace   ] GC(1605) Metaspace: 14303K(15168K)->14303K(15168K) NonClass: 12353K(12928K)->12353K(12928K) Class: 1950K(2240K)->1950K(2240K)
[312.339s][info][gc             ] GC(1605) Pause Young (Normal) (G1 Evacuation Pause) 333M->9M(542M) 3.879ms
[312.339s][info][gc,cpu         ] GC(1605) User=0.00s Sys=0.00s Real=0.00s
[312.531s][info][gc,start       ] GC(1606) Pause Young (Normal) (G1 Evacuation Pause)
[312.531s][info][gc,task        ] GC(1606) Using 33 workers of 33 for evacuation
[312.535s][info][gc,phases      ] GC(1606)   Pre Evacuate Collection Set: 0.2ms
[312.535s][info][gc,phases      ] GC(1606)   Merge Heap Roots: 0.2ms
[312.535s][info][gc,phases      ] GC(1606)   Evacuate Collection Set: 0.4ms
[312.535s][info][gc,phases      ] GC(1606)   Post Evacuate Collection Set: 2.9ms
[312.535s][info][gc,phases      ] GC(1606)   Other: 0.1ms
[312.535s][info][gc,heap        ] GC(1606) Eden regions: 324->0(324)
[312.535s][info][gc,heap        ] GC(1606) Survivor regions: 1->1(41)
[312.535s][info][gc,heap        ] GC(1606) Old regions: 22->22
[312.535s][info][gc,heap        ] GC(1606) Archive regions: 0->0
[312.535s][info][gc,heap        ] GC(1606) Humongous regions: 0->0
[312.535s][info][gc,metaspace   ] GC(1606) Metaspace: 14303K(15168K)->14303K(15168K) NonClass: 12353K(12928K)->12353K(12928K) Class: 1950K(2240K)->1950K(2240K)
[312.535s][info][gc             ] GC(1606) Pause Young (Normal) (G1 Evacuation Pause) 333M->9M(542M) 4.016ms
[312.535s][info][gc,cpu         ] GC(1606) User=0.00s Sys=0.00s Real=0.00s
[312.728s][info][gc,start       ] GC(1607) Pause Young (Normal) (G1 Evacuation Pause)
[312.728s][info][gc,task        ] GC(1607) Using 33 workers of 33 for evacuation
[312.732s][info][gc,phases      ] GC(1607)   Pre Evacuate Collection Set: 0.2ms
[312.732s][info][gc,phases      ] GC(1607)   Merge Heap Roots: 0.2ms
[312.732s][info][gc,phases      ] GC(1607)   Evacuate Collection Set: 0.3ms
[312.732s][info][gc,phases      ] GC(1607)   Post Evacuate Collection Set: 2.9ms
[312.732s][info][gc,phases      ] GC(1607)   Other: 0.1ms
[312.732s][info][gc,heap        ] GC(1607) Eden regions: 324->0(324)
[312.732s][info][gc,heap        ] GC(1607) Survivor regions: 1->1(41)
[312.732s][info][gc,heap        ] GC(1607) Old regions: 22->22
[312.732s][info][gc,heap        ] GC(1607) Archive regions: 0->0
[312.732s][info][gc,heap        ] GC(1607) Humongous regions: 0->0
[312.732s][info][gc,metaspace   ] GC(1607) Metaspace: 14303K(15168K)->14303K(15168K) NonClass: 12353K(12928K)->12353K(12928K) Class: 1950K(2240K)->1950K(2240K)
[312.732s][info][gc             ] GC(1607) Pause Young (Normal) (G1 Evacuation Pause) 333M->9M(542M) 3.985ms
[312.732s][info][gc,cpu         ] GC(1607) User=0.00s Sys=0.00s Real=0.00s
[313.065s][info][gc,start       ] GC(1608) Pause Young (Normal) (G1 Evacuation Pause)
[313.065s][info][gc,task        ] GC(1608) Using 33 workers of 33 for evacuation
[313.071s][info][gc,phases      ] GC(1608)   Pre Evacuate Collection Set: 0.2ms
[313.071s][info][gc,phases      ] GC(1608)   Merge Heap Roots: 0.3ms
[313.071s][info][gc,phases      ] GC(1608)   Evacuate Collection Set: 0.5ms
[313.071s][info][gc,phases      ] GC(1608)   Post Evacuate Collection Set: 3.9ms
[313.071s][info][gc,phases      ] GC(1608)   Other: 0.2ms
[313.071s][info][gc,heap        ] GC(1608) Eden regions: 324->0(324)
[313.071s][info][gc,heap        ] GC(1608) Survivor regions: 1->1(41)
[313.071s][info][gc,heap        ] GC(1608) Old regions: 22->22
[313.071s][info][gc,heap        ] GC(1608) Archive regions: 0->0
[313.071s][info][gc,heap        ] GC(1608) Humongous regions: 0->0
[313.071s][info][gc,metaspace   ] GC(1608) Metaspace: 14303K(15168K)->14303K(15168K) NonClass: 12353K(12928K)->12353K(12928K) Class: 1950K(2240K)->1950K(2240K)
[313.071s][info][gc             ] GC(1608) Pause Young (Normal) (G1 Evacuation Pause) 333M->9M(542M) 5.605ms
[313.071s][info][gc,cpu         ] GC(1608) User=0.00s Sys=0.00s Real=0.00s
[313.276s][info][gc,start       ] GC(1609) Pause Young (Normal) (G1 Evacuation Pause)
[313.276s][info][gc,task        ] GC(1609) Using 33 workers of 33 for evacuation
[313.280s][info][gc,phases      ] GC(1609)   Pre Evacuate Collection Set: 0.2ms
[313.280s][info][gc,phases      ] GC(1609)   Merge Heap Roots: 0.1ms
[313.280s][info][gc,phases      ] GC(1609)   Evacuate Collection Set: 0.4ms
[313.280s][info][gc,phases      ] GC(1609)   Post Evacuate Collection Set: 2.8ms
[313.280s][info][gc,phases      ] GC(1609)   Other: 0.1ms
[313.280s][info][gc,heap        ] GC(1609) Eden regions: 324->0(324)
[313.280s][info][gc,heap        ] GC(1609) Survivor regions: 1->1(41)
[313.280s][info][gc,heap        ] GC(1609) Old regions: 22->22
[313.280s][info][gc,heap        ] GC(1609) Archive regions: 0->0
[313.280s][info][gc,heap        ] GC(1609) Humongous regions: 0->0
[313.280s][info][gc,metaspace   ] GC(1609) Metaspace: 14303K(15168K)->14303K(15168K) NonClass: 12353K(12928K)->12353K(12928K) Class: 1950K(2240K)->1950K(2240K)
[313.280s][info][gc             ] GC(1609) Pause Young (Normal) (G1 Evacuation Pause) 333M->9M(542M) 3.832ms
[313.280s][info][gc,cpu         ] GC(1609) User=0.00s Sys=0.00s Real=0.00s
[313.482s][info][gc,start       ] GC(1610) Pause Young (Normal) (G1 Evacuation Pause)
[313.482s][info][gc,task        ] GC(1610) Using 33 workers of 33 for evacuation
[313.485s][info][gc,phases      ] GC(1610)   Pre Evacuate Collection Set: 0.1ms
[313.485s][info][gc,phases      ] GC(1610)   Merge Heap Roots: 0.2ms
[313.485s][info][gc,phases      ] GC(1610)   Evacuate Collection Set: 0.4ms
[313.485s][info][gc,phases      ] GC(1610)   Post Evacuate Collection Set: 2.6ms
[313.485s][info][gc,phases      ] GC(1610)   Other: 0.1ms
[313.485s][info][gc,heap        ] GC(1610) Eden regions: 324->0(324)
[313.485s][info][gc,heap        ] GC(1610) Survivor regions: 1->1(41)
[313.485s][info][gc,heap        ] GC(1610) Old regions: 22->22
[313.485s][info][gc,heap        ] GC(1610) Archive regions: 0->0
[313.485s][info][gc,heap        ] GC(1610) Humongous regions: 0->0
[313.485s][info][gc,metaspace   ] GC(1610) Metaspace: 14303K(15168K)->14303K(15168K) NonClass: 12353K(12928K)->12353K(12928K) Class: 1950K(2240K)->1950K(2240K)
[313.485s][info][gc             ] GC(1610) Pause Young (Normal) (G1 Evacuation Pause) 333M->9M(542M) 3.593ms
[313.485s][info][gc,cpu         ] GC(1610) User=0.52s Sys=0.00s Real=0.00s
[313.690s][info][gc,start       ] GC(1611) Pause Young (Normal) (G1 Evacuation Pause)
[313.690s][info][gc,task        ] GC(1611) Using 33 workers of 33 for evacuation
[313.693s][info][gc,phases      ] GC(1611)   Pre Evacuate Collection Set: 0.2ms
[313.693s][info][gc,phases      ] GC(1611)   Merge Heap Roots: 0.2ms
[313.693s][info][gc,phases      ] GC(1611)   Evacuate Collection Set: 0.3ms
[313.693s][info][gc,phases      ] GC(1611)   Post Evacuate Collection Set: 2.4ms
[313.693s][info][gc,phases      ] GC(1611)   Other: 0.1ms
[313.693s][info][gc,heap        ] GC(1611) Eden regions: 324->0(324)
[313.693s][info][gc,heap        ] GC(1611) Survivor regions: 1->1(41)
[313.693s][info][gc,heap        ] GC(1611) Old regions: 22->22
[313.693s][info][gc,heap        ] GC(1611) Archive regions: 0->0
[313.693s][info][gc,heap        ] GC(1611) Humongous regions: 0->0
[313.693s][info][gc,metaspace   ] GC(1611) Metaspace: 14303K(15168K)->14303K(15168K) NonClass: 12353K(12928K)->12353K(12928K) Class: 1950K(2240K)->1950K(2240K)
[313.693s][info][gc             ] GC(1611) Pause Young (Normal) (G1 Evacuation Pause) 333M->9M(542M) 3.432ms
[313.693s][info][gc,cpu         ] GC(1611) User=0.00s Sys=0.00s Real=0.00s
[313.908s][info][gc,start       ] GC(1612) Pause Young (Normal) (G1 Evacuation Pause)
[313.908s][info][gc,task        ] GC(1612) Using 33 workers of 33 for evacuation
[313.912s][info][gc,phases      ] GC(1612)   Pre Evacuate Collection Set: 0.1ms
[313.912s][info][gc,phases      ] GC(1612)   Merge Heap Roots: 0.2ms
[313.912s][info][gc,phases      ] GC(1612)   Evacuate Collection Set: 0.4ms
[313.912s][info][gc,phases      ] GC(1612)   Post Evacuate Collection Set: 2.5ms
[313.912s][info][gc,phases      ] GC(1612)   Other: 0.1ms
[313.912s][info][gc,heap        ] GC(1612) Eden regions: 324->0(324)
[313.912s][info][gc,heap        ] GC(1612) Survivor regions: 1->1(41)
[313.912s][info][gc,heap        ] GC(1612) Old regions: 22->22
[313.912s][info][gc,heap        ] GC(1612) Archive regions: 0->0
[313.912s][info][gc,heap        ] GC(1612) Humongous regions: 0->0
[313.912s][info][gc,metaspace   ] GC(1612) Metaspace: 14303K(15168K)->14303K(15168K) NonClass: 12353K(12928K)->12353K(12928K) Class: 1950K(2240K)->1950K(2240K)
[313.912s][info][gc             ] GC(1612) Pause Young (Normal) (G1 Evacuation Pause) 333M->9M(542M) 3.530ms
[313.912s][info][gc,cpu         ] GC(1612) User=0.00s Sys=0.00s Real=0.00s
[314.139s][info][gc,start       ] GC(1613) Pause Young (Normal) (G1 Evacuation Pause)
[314.139s][info][gc,task        ] GC(1613) Using 33 workers of 33 for evacuation
[314.142s][info][gc,phases      ] GC(1613)   Pre Evacuate Collection Set: 0.2ms
[314.142s][info][gc,phases      ] GC(1613)   Merge Heap Roots: 0.2ms
[314.142s][info][gc,phases      ] GC(1613)   Evacuate Collection Set: 0.3ms
[314.142s][info][gc,phases      ] GC(1613)   Post Evacuate Collection Set: 2.6ms
[314.142s][info][gc,phases      ] GC(1613)   Other: 0.1ms
[314.142s][info][gc,heap        ] GC(1613) Eden regions: 324->0(324)
[314.142s][info][gc,heap        ] GC(1613) Survivor regions: 1->1(41)
[314.142s][info][gc,heap        ] GC(1613) Old regions: 22->22
[314.142s][info][gc,heap        ] GC(1613) Archive regions: 0->0
[314.142s][info][gc,heap        ] GC(1613) Humongous regions: 0->0
[314.142s][info][gc,metaspace   ] GC(1613) Metaspace: 14303K(15168K)->14303K(15168K) NonClass: 12353K(12928K)->12353K(12928K) Class: 1950K(2240K)->1950K(2240K)
[314.143s][info][gc             ] GC(1613) Pause Young (Normal) (G1 Evacuation Pause) 333M->9M(542M) 3.630ms
[314.143s][info][gc,cpu         ] GC(1613) User=0.00s Sys=0.00s Real=0.00s
[314.284s][info][gc,start       ] GC(1614) Pause Young (Normal) (G1 Evacuation Pause)
[314.284s][info][gc,task        ] GC(1614) Using 33 workers of 33 for evacuation
[314.287s][info][gc,phases      ] GC(1614)   Pre Evacuate Collection Set: 0.1ms
[314.287s][info][gc,phases      ] GC(1614)   Merge Heap Roots: 0.2ms
[314.287s][info][gc,phases      ] GC(1614)   Evacuate Collection Set: 0.4ms
[314.287s][info][gc,phases      ] GC(1614)   Post Evacuate Collection Set: 2.6ms
[314.287s][info][gc,phases      ] GC(1614)   Other: 0.1ms
[314.287s][info][gc,heap        ] GC(1614) Eden regions: 324->0(324)
[314.287s][info][gc,heap        ] GC(1614) Survivor regions: 1->1(41)
[314.287s][info][gc,heap        ] GC(1614) Old regions: 22->23
[314.287s][info][gc,heap        ] GC(1614) Archive regions: 0->0
[314.287s][info][gc,heap        ] GC(1614) Humongous regions: 0->0
[314.287s][info][gc,metaspace   ] GC(1614) Metaspace: 14303K(15168K)->14303K(15168K) NonClass: 12353K(12928K)->12353K(12928K) Class: 1950K(2240K)->1950K(2240K)
[314.287s][info][gc             ] GC(1614) Pause Young (Normal) (G1 Evacuation Pause) 333M->9M(542M) 3.587ms
[314.287s][info][gc,cpu         ] GC(1614) User=0.00s Sys=0.00s Real=0.00s
[314.500s][info][gc,start       ] GC(1615) Pause Full (System.gc())
[314.500s][info][gc,task        ] GC(1615) Using 23 workers of 33 for full compaction
[314.501s][info][gc,phases,start] GC(1615) Phase 1: Mark live objects
[314.508s][info][gc,phases      ] GC(1615) Phase 1: Mark live objects 7.224ms
[314.508s][info][gc,phases,start] GC(1615) Phase 2: Prepare compaction
[314.509s][info][gc,phases      ] GC(1615) Phase 2: Prepare compaction 0.772ms
[314.509s][info][gc,phases,start] GC(1615) Phase 3: Adjust pointers
[314.513s][info][gc,phases      ] GC(1615) Phase 3: Adjust pointers 3.778ms
[314.513s][info][gc,phases,start] GC(1615) Phase 4: Compact heap
[314.513s][info][gc,phases      ] GC(1615) Phase 4: Compact heap 0.594ms
[314.518s][info][gc,heap        ] GC(1615) Eden regions: 286->0(42)
[314.518s][info][gc,heap        ] GC(1615) Survivor regions: 1->0(41)
[314.518s][info][gc,heap        ] GC(1615) Old regions: 23->21
[314.518s][info][gc,heap        ] GC(1615) Archive regions: 0->0
[314.519s][info][gc,heap        ] GC(1615) Humongous regions: 0->0
[314.519s][info][gc,metaspace   ] GC(1615) Metaspace: 14303K(15168K)->14303K(15168K) NonClass: 12353K(12928K)->12353K(12928K) Class: 1950K(2240K)->1950K(2240K)
[314.519s][info][gc             ] GC(1615) Pause Full (System.gc()) 295M->5M(70M) 18.885ms
[314.519s][info][gc,cpu         ] GC(1615) User=0.02s Sys=0.00s Real=0.02s
[314.549s][info][gc,start       ] GC(1616) Pause Young (Normal) (G1 Evacuation Pause)
[314.549s][info][gc,task        ] GC(1616) Using 33 workers of 33 for evacuation
[314.552s][info][gc,phases      ] GC(1616)   Pre Evacuate Collection Set: 0.1ms
[314.552s][info][gc,phases      ] GC(1616)   Merge Heap Roots: 0.1ms
[314.552s][info][gc,phases      ] GC(1616)   Evacuate Collection Set: 0.5ms
[314.552s][info][gc,phases      ] GC(1616)   Post Evacuate Collection Set: 2.4ms
[314.552s][info][gc,phases      ] GC(1616)   Other: 0.1ms
[314.552s][info][gc,heap        ] GC(1616) Eden regions: 42->0(40)
[314.552s][info][gc,heap        ] GC(1616) Survivor regions: 0->2(6)
[314.552s][info][gc,heap        ] GC(1616) Old regions: 21->21
[314.552s][info][gc,heap        ] GC(1616) Archive regions: 0->0
[314.552s][info][gc,heap        ] GC(1616) Humongous regions: 0->0
[314.552s][info][gc,metaspace   ] GC(1616) Metaspace: 14303K(15168K)->14303K(15168K) NonClass: 12353K(12928K)->12353K(12928K) Class: 1950K(2240K)->1950K(2240K)
[314.552s][info][gc             ] GC(1616) Pause Young (Normal) (G1 Evacuation Pause) 47M->6M(70M) 3.396ms
[314.552s][info][gc,cpu         ] GC(1616) User=0.00s Sys=0.00s Real=0.00s
[314.573s][info][gc,start       ] GC(1617) Pause Young (Normal) (G1 Evacuation Pause)
[314.573s][info][gc,task        ] GC(1617) Using 33 workers of 33 for evacuation
[314.576s][info][gc,phases      ] GC(1617)   Pre Evacuate Collection Set: 0.1ms
[314.576s][info][gc,phases      ] GC(1617)   Merge Heap Roots: 0.1ms
[314.576s][info][gc,phases      ] GC(1617)   Evacuate Collection Set: 0.4ms
[314.576s][info][gc,phases      ] GC(1617)   Post Evacuate Collection Set: 2.2ms
[314.576s][info][gc,phases      ] GC(1617)   Other: 0.1ms
[314.576s][info][gc,heap        ] GC(1617) Eden regions: 40->0(40)
[314.576s][info][gc,heap        ] GC(1617) Survivor regions: 2->2(6)
[314.576s][info][gc,heap        ] GC(1617) Old regions: 21->21
[314.576s][info][gc,heap        ] GC(1617) Archive regions: 0->0
[314.576s][info][gc,heap        ] GC(1617) Humongous regions: 0->0
[314.576s][info][gc,metaspace   ] GC(1617) Metaspace: 14303K(15168K)->14303K(15168K) NonClass: 12353K(12928K)->12353K(12928K) Class: 1950K(2240K)->1950K(2240K)
[314.576s][info][gc             ] GC(1617) Pause Young (Normal) (G1 Evacuation Pause) 46M->6M(70M) 3.107ms
[314.576s][info][gc,cpu         ] GC(1617) User=0.00s Sys=0.00s Real=0.00s
[314.597s][info][gc,start       ] GC(1618) Pause Young (Normal) (G1 Evacuation Pause)
[314.597s][info][gc,task        ] GC(1618) Using 33 workers of 33 for evacuation
[314.600s][info][gc,phases      ] GC(1618)   Pre Evacuate Collection Set: 0.1ms
[314.600s][info][gc,phases      ] GC(1618)   Merge Heap Roots: 0.1ms
[314.600s][info][gc,phases      ] GC(1618)   Evacuate Collection Set: 0.4ms
[314.600s][info][gc,phases      ] GC(1618)   Post Evacuate Collection Set: 2.2ms
[314.600s][info][gc,phases      ] GC(1618)   Other: 0.1ms
[314.600s][info][gc,heap        ] GC(1618) Eden regions: 40->0(40)
[314.600s][info][gc,heap        ] GC(1618) Survivor regions: 2->2(6)
[314.600s][info][gc,heap        ] GC(1618) Old regions: 21->21
[314.600s][info][gc,heap        ] GC(1618) Archive regions: 0->0
[314.600s][info][gc,heap        ] GC(1618) Humongous regions: 0->0
[314.600s][info][gc,metaspace   ] GC(1618) Metaspace: 14303K(15168K)->14303K(15168K) NonClass: 12353K(12928K)->12353K(12928K) Class: 1950K(2240K)->1950K(2240K)
[314.600s][info][gc             ] GC(1618) Pause Young (Normal) (G1 Evacuation Pause) 46M->6M(70M) 2.996ms
[314.600s][info][gc,cpu         ] GC(1618) User=0.00s Sys=0.00s Real=0.00s
[314.621s][info][gc,start       ] GC(1619) Pause Young (Normal) (G1 Evacuation Pause)
[314.621s][info][gc,task        ] GC(1619) Using 33 workers of 33 for evacuation
[314.626s][info][gc,phases      ] GC(1619)   Pre Evacuate Collection Set: 0.1ms
[314.626s][info][gc,phases      ] GC(1619)   Merge Heap Roots: 0.1ms
[314.626s][info][gc,phases      ] GC(1619)   Evacuate Collection Set: 0.4ms
[314.626s][info][gc,phases      ] GC(1619)   Post Evacuate Collection Set: 4.0ms
[314.626s][info][gc,phases      ] GC(1619)   Other: 0.1ms
[314.626s][info][gc,heap        ] GC(1619) Eden regions: 40->0(326)
[314.626s][info][gc,heap        ] GC(1619) Survivor regions: 2->2(6)
[314.626s][info][gc,heap        ] GC(1619) Old regions: 21->21
[314.626s][info][gc,heap        ] GC(1619) Archive regions: 0->0
[314.626s][info][gc,heap        ] GC(1619) Humongous regions: 0->0
[314.626s][info][gc,metaspace   ] GC(1619) Metaspace: 14303K(15168K)->14303K(15168K) NonClass: 12353K(12928K)->12353K(12928K) Class: 1950K(2240K)->1950K(2240K)
[314.626s][info][gc             ] GC(1619) Pause Young (Normal) (G1 Evacuation Pause) 46M->6M(547M) 4.865ms
[314.626s][info][gc,cpu         ] GC(1619) User=0.00s Sys=0.00s Real=0.00s
[314.796s][info][gc,start       ] GC(1620) Pause Young (Normal) (G1 Evacuation Pause)
[314.796s][info][gc,task        ] GC(1620) Using 33 workers of 33 for evacuation
[314.799s][info][gc,phases      ] GC(1620)   Pre Evacuate Collection Set: 0.1ms
[314.799s][info][gc,phases      ] GC(1620)   Merge Heap Roots: 0.1ms
[314.799s][info][gc,phases      ] GC(1620)   Evacuate Collection Set: 0.5ms
[314.799s][info][gc,phases      ] GC(1620)   Post Evacuate Collection Set: 2.6ms
[314.799s][info][gc,phases      ] GC(1620)   Other: 0.1ms
[314.799s][info][gc,heap        ] GC(1620) Eden regions: 326->0(326)
[314.799s][info][gc,heap        ] GC(1620) Survivor regions: 2->2(41)
[314.799s][info][gc,heap        ] GC(1620) Old regions: 21->21
[314.799s][info][gc,heap        ] GC(1620) Archive regions: 0->0
[314.799s][info][gc,heap        ] GC(1620) Humongous regions: 0->0
[314.799s][info][gc,metaspace   ] GC(1620) Metaspace: 14303K(15168K)->14303K(15168K) NonClass: 12353K(12928K)->12353K(12928K) Class: 1950K(2240K)->1950K(2240K)
[314.799s][info][gc             ] GC(1620) Pause Young (Normal) (G1 Evacuation Pause) 332M->6M(547M) 3.705ms
[314.799s][info][gc,cpu         ] GC(1620) User=0.52s Sys=0.00s Real=0.00s
[314.974s][info][gc,start       ] GC(1621) Pause Young (Normal) (G1 Evacuation Pause)
[314.974s][info][gc,task        ] GC(1621) Using 33 workers of 33 for evacuation
[314.978s][info][gc,phases      ] GC(1621)   Pre Evacuate Collection Set: 0.1ms
[314.978s][info][gc,phases      ] GC(1621)   Merge Heap Roots: 0.1ms
[314.978s][info][gc,phases      ] GC(1621)   Evacuate Collection Set: 0.5ms
[314.978s][info][gc,phases      ] GC(1621)   Post Evacuate Collection Set: 2.7ms
[314.978s][info][gc,phases      ] GC(1621)   Other: 0.1ms
[314.978s][info][gc,heap        ] GC(1621) Eden regions: 326->0(326)
[314.978s][info][gc,heap        ] GC(1621) Survivor regions: 2->2(41)
[314.978s][info][gc,heap        ] GC(1621) Old regions: 21->21
[314.978s][info][gc,heap        ] GC(1621) Archive regions: 0->0
[314.978s][info][gc,heap        ] GC(1621) Humongous regions: 0->0
[314.978s][info][gc,metaspace   ] GC(1621) Metaspace: 14303K(15168K)->14303K(15168K) NonClass: 12353K(12928K)->12353K(12928K) Class: 1950K(2240K)->1950K(2240K)
[314.978s][info][gc             ] GC(1621) Pause Young (Normal) (G1 Evacuation Pause) 332M->6M(547M) 3.733ms
[314.978s][info][gc,cpu         ] GC(1621) User=0.00s Sys=0.00s Real=0.00s
[315.151s][info][gc,start       ] GC(1622) Pause Young (Normal) (G1 Evacuation Pause)
[315.151s][info][gc,task        ] GC(1622) Using 33 workers of 33 for evacuation
[315.154s][info][gc,phases      ] GC(1622)   Pre Evacuate Collection Set: 0.1ms
[315.154s][info][gc,phases      ] GC(1622)   Merge Heap Roots: 0.1ms
[315.154s][info][gc,phases      ] GC(1622)   Evacuate Collection Set: 0.4ms
[315.154s][info][gc,phases      ] GC(1622)   Post Evacuate Collection Set: 2.7ms
[315.154s][info][gc,phases      ] GC(1622)   Other: 0.1ms
[315.154s][info][gc,heap        ] GC(1622) Eden regions: 326->0(326)
[315.155s][info][gc,heap        ] GC(1622) Survivor regions: 2->2(41)
[315.155s][info][gc,heap        ] GC(1622) Old regions: 21->21
[315.155s][info][gc,heap        ] GC(1622) Archive regions: 0->0
[315.155s][info][gc,heap        ] GC(1622) Humongous regions: 0->0
[315.155s][info][gc,metaspace   ] GC(1622) Metaspace: 14303K(15168K)->14303K(15168K) NonClass: 12353K(12928K)->12353K(12928K) Class: 1950K(2240K)->1950K(2240K)
[315.155s][info][gc             ] GC(1622) Pause Young (Normal) (G1 Evacuation Pause) 332M->6M(547M) 3.833ms
[315.155s][info][gc,cpu         ] GC(1622) User=0.00s Sys=0.00s Real=0.00s
[315.328s][info][gc,start       ] GC(1623) Pause Young (Normal) (G1 Evacuation Pause)
[315.328s][info][gc,task        ] GC(1623) Using 33 workers of 33 for evacuation
[315.331s][info][gc,phases      ] GC(1623)   Pre Evacuate Collection Set: 0.1ms
[315.331s][info][gc,phases      ] GC(1623)   Merge Heap Roots: 0.1ms
[315.331s][info][gc,phases      ] GC(1623)   Evacuate Collection Set: 0.4ms
[315.331s][info][gc,phases      ] GC(1623)   Post Evacuate Collection Set: 2.7ms
[315.331s][info][gc,phases      ] GC(1623)   Other: 0.1ms
[315.331s][info][gc,heap        ] GC(1623) Eden regions: 326->0(326)
[315.331s][info][gc,heap        ] GC(1623) Survivor regions: 2->2(41)
[315.331s][info][gc,heap        ] GC(1623) Old regions: 21->21
[315.331s][info][gc,heap        ] GC(1623) Archive regions: 0->0
[315.331s][info][gc,heap        ] GC(1623) Humongous regions: 0->0
[315.331s][info][gc,metaspace   ] GC(1623) Metaspace: 14303K(15168K)->14303K(15168K) NonClass: 12353K(12928K)->12353K(12928K) Class: 1950K(2240K)->1950K(2240K)
[315.331s][info][gc             ] GC(1623) Pause Young (Normal) (G1 Evacuation Pause) 332M->6M(547M) 3.772ms
[315.331s][info][gc,cpu         ] GC(1623) User=0.47s Sys=0.00s Real=0.00s
[315.506s][info][gc,start       ] GC(1624) Pause Young (Normal) (G1 Evacuation Pause)
[315.506s][info][gc,task        ] GC(1624) Using 33 workers of 33 for evacuation
[315.509s][info][gc,phases      ] GC(1624)   Pre Evacuate Collection Set: 0.1ms
[315.509s][info][gc,phases      ] GC(1624)   Merge Heap Roots: 0.1ms
[315.509s][info][gc,phases      ] GC(1624)   Evacuate Collection Set: 0.5ms
[315.509s][info][gc,phases      ] GC(1624)   Post Evacuate Collection Set: 2.7ms
[315.509s][info][gc,phases      ] GC(1624)   Other: 0.1ms
[315.509s][info][gc,heap        ] GC(1624) Eden regions: 326->0(326)
[315.509s][info][gc,heap        ] GC(1624) Survivor regions: 2->2(41)
[315.509s][info][gc,heap        ] GC(1624) Old regions: 21->21
[315.509s][info][gc,heap        ] GC(1624) Archive regions: 0->0
[315.509s][info][gc,heap        ] GC(1624) Humongous regions: 0->0
[315.509s][info][gc,metaspace   ] GC(1624) Metaspace: 14303K(15168K)->14303K(15168K) NonClass: 12353K(12928K)->12353K(12928K) Class: 1950K(2240K)->1950K(2240K)
[315.509s][info][gc             ] GC(1624) Pause Young (Normal) (G1 Evacuation Pause) 332M->6M(547M) 3.830ms
[315.509s][info][gc,cpu         ] GC(1624) User=0.00s Sys=0.00s Real=0.00s
[315.682s][info][gc,start       ] GC(1625) Pause Young (Normal) (G1 Evacuation Pause)
[315.682s][info][gc,task        ] GC(1625) Using 33 workers of 33 for evacuation
[315.685s][info][gc,phases      ] GC(1625)   Pre Evacuate Collection Set: 0.1ms
[315.685s][info][gc,phases      ] GC(1625)   Merge Heap Roots: 0.1ms
[315.685s][info][gc,phases      ] GC(1625)   Evacuate Collection Set: 0.4ms
[315.685s][info][gc,phases      ] GC(1625)   Post Evacuate Collection Set: 2.8ms
[315.685s][info][gc,phases      ] GC(1625)   Other: 0.1ms
[315.685s][info][gc,heap        ] GC(1625) Eden regions: 326->0(326)
[315.685s][info][gc,heap        ] GC(1625) Survivor regions: 2->2(41)
[315.685s][info][gc,heap        ] GC(1625) Old regions: 21->21
[315.685s][info][gc,heap        ] GC(1625) Archive regions: 0->0
[315.685s][info][gc,heap        ] GC(1625) Humongous regions: 0->0
[315.685s][info][gc,metaspace   ] GC(1625) Metaspace: 14303K(15168K)->14303K(15168K) NonClass: 12353K(12928K)->12353K(12928K) Class: 1950K(2240K)->1950K(2240K)
[315.686s][info][gc             ] GC(1625) Pause Young (Normal) (G1 Evacuation Pause) 332M->6M(547M) 3.813ms
[315.686s][info][gc,cpu         ] GC(1625) User=0.00s Sys=0.00s Real=0.00s
[315.862s][info][gc,start       ] GC(1626) Pause Young (Normal) (G1 Evacuation Pause)
[315.862s][info][gc,task        ] GC(1626) Using 33 workers of 33 for evacuation
[315.866s][info][gc,phases      ] GC(1626)   Pre Evacuate Collection Set: 0.1ms
[315.866s][info][gc,phases      ] GC(1626)   Merge Heap Roots: 0.1ms
[315.866s][info][gc,phases      ] GC(1626)   Evacuate Collection Set: 0.4ms
[315.866s][info][gc,phases      ] GC(1626)   Post Evacuate Collection Set: 2.8ms
[315.866s][info][gc,phases      ] GC(1626)   Other: 0.1ms
[315.866s][info][gc,heap        ] GC(1626) Eden regions: 326->0(326)
[315.866s][info][gc,heap        ] GC(1626) Survivor regions: 2->2(41)
[315.866s][info][gc,heap        ] GC(1626) Old regions: 21->21
[315.866s][info][gc,heap        ] GC(1626) Archive regions: 0->0
[315.866s][info][gc,heap        ] GC(1626) Humongous regions: 0->0
[315.866s][info][gc,metaspace   ] GC(1626) Metaspace: 14303K(15168K)->14303K(15168K) NonClass: 12353K(12928K)->12353K(12928K) Class: 1950K(2240K)->1950K(2240K)
[315.866s][info][gc             ] GC(1626) Pause Young (Normal) (G1 Evacuation Pause) 332M->6M(547M) 3.835ms
[315.866s][info][gc,cpu         ] GC(1626) User=0.00s Sys=0.00s Real=0.00s
[316.037s][info][gc,start       ] GC(1627) Pause Young (Normal) (G1 Evacuation Pause)
[316.037s][info][gc,task        ] GC(1627) Using 33 workers of 33 for evacuation
[316.041s][info][gc,phases      ] GC(1627)   Pre Evacuate Collection Set: 0.1ms
[316.041s][info][gc,phases      ] GC(1627)   Merge Heap Roots: 0.1ms
[316.041s][info][gc,phases      ] GC(1627)   Evacuate Collection Set: 0.5ms
[316.041s][info][gc,phases      ] GC(1627)   Post Evacuate Collection Set: 2.9ms
[316.041s][info][gc,phases      ] GC(1627)   Other: 0.1ms
[316.041s][info][gc,heap        ] GC(1627) Eden regions: 326->0(326)
[316.041s][info][gc,heap        ] GC(1627) Survivor regions: 2->2(41)
[316.041s][info][gc,heap        ] GC(1627) Old regions: 21->21
[316.041s][info][gc,heap        ] GC(1627) Archive regions: 0->0
[316.041s][info][gc,heap        ] GC(1627) Humongous regions: 0->0
[316.041s][info][gc,metaspace   ] GC(1627) Metaspace: 14303K(15168K)->14303K(15168K) NonClass: 12353K(12928K)->12353K(12928K) Class: 1950K(2240K)->1950K(2240K)
[316.041s][info][gc             ] GC(1627) Pause Young (Normal) (G1 Evacuation Pause) 332M->6M(547M) 3.961ms
[316.041s][info][gc,cpu         ] GC(1627) User=0.00s Sys=0.00s Real=0.00s
[316.214s][info][gc,start       ] GC(1628) Pause Young (Normal) (G1 Evacuation Pause)
[316.214s][info][gc,task        ] GC(1628) Using 33 workers of 33 for evacuation
[316.217s][info][gc,phases      ] GC(1628)   Pre Evacuate Collection Set: 0.1ms
[316.218s][info][gc,phases      ] GC(1628)   Merge Heap Roots: 0.1ms
[316.218s][info][gc,phases      ] GC(1628)   Evacuate Collection Set: 0.5ms
[316.218s][info][gc,phases      ] GC(1628)   Post Evacuate Collection Set: 2.9ms
[316.218s][info][gc,phases      ] GC(1628)   Other: 0.1ms
[316.218s][info][gc,heap        ] GC(1628) Eden regions: 326->0(326)
[316.218s][info][gc,heap        ] GC(1628) Survivor regions: 2->2(41)
[316.218s][info][gc,heap        ] GC(1628) Old regions: 21->21
[316.218s][info][gc,heap        ] GC(1628) Archive regions: 0->0
[316.218s][info][gc,heap        ] GC(1628) Humongous regions: 0->0
[316.218s][info][gc,metaspace   ] GC(1628) Metaspace: 14303K(15168K)->14303K(15168K) NonClass: 12353K(12928K)->12353K(12928K) Class: 1950K(2240K)->1950K(2240K)
[316.218s][info][gc             ] GC(1628) Pause Young (Normal) (G1 Evacuation Pause) 332M->6M(547M) 3.979ms
[316.218s][info][gc,cpu         ] GC(1628) User=0.00s Sys=0.00s Real=0.00s
[316.390s][info][gc,start       ] GC(1629) Pause Young (Normal) (G1 Evacuation Pause)
[316.390s][info][gc,task        ] GC(1629) Using 33 workers of 33 for evacuation
[316.394s][info][gc,phases      ] GC(1629)   Pre Evacuate Collection Set: 0.1ms
[316.394s][info][gc,phases      ] GC(1629)   Merge Heap Roots: 0.1ms
[316.394s][info][gc,phases      ] GC(1629)   Evacuate Collection Set: 0.5ms
[316.394s][info][gc,phases      ] GC(1629)   Post Evacuate Collection Set: 2.9ms
[316.394s][info][gc,phases      ] GC(1629)   Other: 0.1ms
[316.394s][info][gc,heap        ] GC(1629) Eden regions: 326->0(326)
[316.394s][info][gc,heap        ] GC(1629) Survivor regions: 2->2(41)
[316.394s][info][gc,heap        ] GC(1629) Old regions: 21->21
[316.394s][info][gc,heap        ] GC(1629) Archive regions: 0->0
[316.394s][info][gc,heap        ] GC(1629) Humongous regions: 0->0
[316.394s][info][gc,metaspace   ] GC(1629) Metaspace: 14303K(15168K)->14303K(15168K) NonClass: 12353K(12928K)->12353K(12928K) Class: 1950K(2240K)->1950K(2240K)
[316.394s][info][gc             ] GC(1629) Pause Young (Normal) (G1 Evacuation Pause) 332M->6M(547M) 3.979ms
[316.394s][info][gc,cpu         ] GC(1629) User=0.00s Sys=0.00s Real=0.00s
[316.570s][info][gc,start       ] GC(1630) Pause Young (Normal) (G1 Evacuation Pause)
[316.570s][info][gc,task        ] GC(1630) Using 33 workers of 33 for evacuation
[316.573s][info][gc,phases      ] GC(1630)   Pre Evacuate Collection Set: 0.1ms
[316.574s][info][gc,phases      ] GC(1630)   Merge Heap Roots: 0.1ms
[316.574s][info][gc,phases      ] GC(1630)   Evacuate Collection Set: 0.4ms
[316.574s][info][gc,phases      ] GC(1630)   Post Evacuate Collection Set: 2.9ms
[316.574s][info][gc,phases      ] GC(1630)   Other: 0.1ms
[316.574s][info][gc,heap        ] GC(1630) Eden regions: 326->0(326)
[316.574s][info][gc,heap        ] GC(1630) Survivor regions: 2->2(41)
[316.574s][info][gc,heap        ] GC(1630) Old regions: 21->21
[316.574s][info][gc,heap        ] GC(1630) Archive regions: 0->0
[316.574s][info][gc,heap        ] GC(1630) Humongous regions: 0->0
[316.574s][info][gc,metaspace   ] GC(1630) Metaspace: 14303K(15168K)->14303K(15168K) NonClass: 12353K(12928K)->12353K(12928K) Class: 1950K(2240K)->1950K(2240K)
[316.574s][info][gc             ] GC(1630) Pause Young (Normal) (G1 Evacuation Pause) 332M->7M(547M) 3.959ms
[316.574s][info][gc,cpu         ] GC(1630) User=0.00s Sys=0.00s Real=0.00s
[316.750s][info][gc,start       ] GC(1631) Pause Young (Normal) (G1 Evacuation Pause)
[316.750s][info][gc,task        ] GC(1631) Using 33 workers of 33 for evacuation
[316.754s][info][gc,phases      ] GC(1631)   Pre Evacuate Collection Set: 0.1ms
[316.754s][info][gc,phases      ] GC(1631)   Merge Heap Roots: 0.1ms
[316.754s][info][gc,phases      ] GC(1631)   Evacuate Collection Set: 0.5ms
[316.754s][info][gc,phases      ] GC(1631)   Post Evacuate Collection Set: 3.0ms
[316.754s][info][gc,phases      ] GC(1631)   Other: 0.1ms
[316.754s][info][gc,heap        ] GC(1631) Eden regions: 326->0(327)
[316.754s][info][gc,heap        ] GC(1631) Survivor regions: 2->1(41)
[316.754s][info][gc,heap        ] GC(1631) Old regions: 21->23
[316.754s][info][gc,heap        ] GC(1631) Archive regions: 0->0
[316.754s][info][gc,heap        ] GC(1631) Humongous regions: 0->0
[316.754s][info][gc,metaspace   ] GC(1631) Metaspace: 14303K(15168K)->14303K(15168K) NonClass: 12353K(12928K)->12353K(12928K) Class: 1950K(2240K)->1950K(2240K)
[316.754s][info][gc             ] GC(1631) Pause Young (Normal) (G1 Evacuation Pause) 333M->7M(547M) 4.064ms
[316.754s][info][gc,cpu         ] GC(1631) User=0.52s Sys=0.00s Real=0.00s
[316.950s][info][gc,start       ] GC(1632) Pause Young (Normal) (G1 Evacuation Pause)
[316.950s][info][gc,task        ] GC(1632) Using 33 workers of 33 for evacuation
[316.954s][info][gc,phases      ] GC(1632)   Pre Evacuate Collection Set: 0.2ms
[316.954s][info][gc,phases      ] GC(1632)   Merge Heap Roots: 0.2ms
[316.954s][info][gc,phases      ] GC(1632)   Evacuate Collection Set: 0.3ms
[316.954s][info][gc,phases      ] GC(1632)   Post Evacuate Collection Set: 3.0ms
[316.954s][info][gc,phases      ] GC(1632)   Other: 0.2ms
[316.954s][info][gc,heap        ] GC(1632) Eden regions: 327->0(327)
[316.954s][info][gc,heap        ] GC(1632) Survivor regions: 1->1(41)
[316.954s][info][gc,heap        ] GC(1632) Old regions: 23->23
[316.954s][info][gc,heap        ] GC(1632) Archive regions: 0->0
[316.954s][info][gc,heap        ] GC(1632) Humongous regions: 0->0
[316.954s][info][gc,metaspace   ] GC(1632) Metaspace: 14303K(15168K)->14303K(15168K) NonClass: 12353K(12928K)->12353K(12928K) Class: 1950K(2240K)->1950K(2240K)
[316.954s][info][gc             ] GC(1632) Pause Young (Normal) (G1 Evacuation Pause) 334M->7M(547M) 4.054ms
[316.954s][info][gc,cpu         ] GC(1632) User=0.52s Sys=0.00s Real=0.01s
[317.151s][info][gc,start       ] GC(1633) Pause Young (Normal) (G1 Evacuation Pause)
[317.151s][info][gc,task        ] GC(1633) Using 33 workers of 33 for evacuation
[317.154s][info][gc,phases      ] GC(1633)   Pre Evacuate Collection Set: 0.2ms
[317.154s][info][gc,phases      ] GC(1633)   Merge Heap Roots: 0.1ms
[317.154s][info][gc,phases      ] GC(1633)   Evacuate Collection Set: 0.4ms
[317.154s][info][gc,phases      ] GC(1633)   Post Evacuate Collection Set: 2.8ms
[317.154s][info][gc,phases      ] GC(1633)   Other: 0.1ms
[317.154s][info][gc,heap        ] GC(1633) Eden regions: 327->0(327)
[317.154s][info][gc,heap        ] GC(1633) Survivor regions: 1->1(41)
[317.154s][info][gc,heap        ] GC(1633) Old regions: 23->23
[317.154s][info][gc,heap        ] GC(1633) Archive regions: 0->0
[317.154s][info][gc,heap        ] GC(1633) Humongous regions: 0->0
[317.154s][info][gc,metaspace   ] GC(1633) Metaspace: 14303K(15168K)->14303K(15168K) NonClass: 12353K(12928K)->12353K(12928K) Class: 1950K(2240K)->1950K(2240K)
[317.154s][info][gc             ] GC(1633) Pause Young (Normal) (G1 Evacuation Pause) 334M->7M(547M) 3.762ms
[317.154s][info][gc,cpu         ] GC(1633) User=0.00s Sys=0.00s Real=0.00s
[317.351s][info][gc,start       ] GC(1634) Pause Young (Normal) (G1 Evacuation Pause)
[317.351s][info][gc,task        ] GC(1634) Using 33 workers of 33 for evacuation
[317.355s][info][gc,phases      ] GC(1634)   Pre Evacuate Collection Set: 0.2ms
[317.355s][info][gc,phases      ] GC(1634)   Merge Heap Roots: 0.2ms
[317.355s][info][gc,phases      ] GC(1634)   Evacuate Collection Set: 0.3ms
[317.355s][info][gc,phases      ] GC(1634)   Post Evacuate Collection Set: 2.7ms
[317.355s][info][gc,phases      ] GC(1634)   Other: 0.1ms
[317.355s][info][gc,heap        ] GC(1634) Eden regions: 327->0(327)
[317.355s][info][gc,heap        ] GC(1634) Survivor regions: 1->1(41)
[317.355s][info][gc,heap        ] GC(1634) Old regions: 23->23
[317.355s][info][gc,heap        ] GC(1634) Archive regions: 0->0
[317.355s][info][gc,heap        ] GC(1634) Humongous regions: 0->0
[317.355s][info][gc,metaspace   ] GC(1634) Metaspace: 14303K(15168K)->14303K(15168K) NonClass: 12353K(12928K)->12353K(12928K) Class: 1950K(2240K)->1950K(2240K)
[317.355s][info][gc             ] GC(1634) Pause Young (Normal) (G1 Evacuation Pause) 334M->7M(547M) 3.661ms
[317.355s][info][gc,cpu         ] GC(1634) User=0.00s Sys=0.00s Real=0.00s
[317.553s][info][gc,start       ] GC(1635) Pause Young (Normal) (G1 Evacuation Pause)
[317.553s][info][gc,task        ] GC(1635) Using 33 workers of 33 for evacuation
[317.556s][info][gc,phases      ] GC(1635)   Pre Evacuate Collection Set: 0.1ms
[317.556s][info][gc,phases      ] GC(1635)   Merge Heap Roots: 0.2ms
[317.556s][info][gc,phases      ] GC(1635)   Evacuate Collection Set: 0.4ms
[317.556s][info][gc,phases      ] GC(1635)   Post Evacuate Collection Set: 2.5ms
[317.556s][info][gc,phases      ] GC(1635)   Other: 0.1ms
[317.556s][info][gc,heap        ] GC(1635) Eden regions: 327->0(327)
[317.556s][info][gc,heap        ] GC(1635) Survivor regions: 1->1(41)
[317.556s][info][gc,heap        ] GC(1635) Old regions: 23->23
[317.556s][info][gc,heap        ] GC(1635) Archive regions: 0->0
[317.556s][info][gc,heap        ] GC(1635) Humongous regions: 0->0
[317.556s][info][gc,metaspace   ] GC(1635) Metaspace: 14303K(15168K)->14303K(15168K) NonClass: 12353K(12928K)->12353K(12928K) Class: 1950K(2240K)->1950K(2240K)
[317.556s][info][gc             ] GC(1635) Pause Young (Normal) (G1 Evacuation Pause) 334M->7M(547M) 3.465ms
[317.556s][info][gc,cpu         ] GC(1635) User=0.00s Sys=0.00s Real=0.00s
[317.753s][info][gc,start       ] GC(1636) Pause Young (Normal) (G1 Evacuation Pause)
[317.754s][info][gc,task        ] GC(1636) Using 33 workers of 33 for evacuation
[317.757s][info][gc,phases      ] GC(1636)   Pre Evacuate Collection Set: 0.2ms
[317.757s][info][gc,phases      ] GC(1636)   Merge Heap Roots: 0.2ms
[317.757s][info][gc,phases      ] GC(1636)   Evacuate Collection Set: 0.3ms
[317.757s][info][gc,phases      ] GC(1636)   Post Evacuate Collection Set: 2.5ms
[317.757s][info][gc,phases      ] GC(1636)   Other: 0.1ms
[317.757s][info][gc,heap        ] GC(1636) Eden regions: 327->0(327)
[317.757s][info][gc,heap        ] GC(1636) Survivor regions: 1->1(41)
[317.757s][info][gc,heap        ] GC(1636) Old regions: 23->23
[317.757s][info][gc,heap        ] GC(1636) Archive regions: 0->0
[317.757s][info][gc,heap        ] GC(1636) Humongous regions: 0->0
[317.757s][info][gc,metaspace   ] GC(1636) Metaspace: 14303K(15168K)->14303K(15168K) NonClass: 12353K(12928K)->12353K(12928K) Class: 1950K(2240K)->1950K(2240K)
[317.757s][info][gc             ] GC(1636) Pause Young (Normal) (G1 Evacuation Pause) 334M->7M(547M) 3.541ms
[317.757s][info][gc,cpu         ] GC(1636) User=0.00s Sys=0.00s Real=0.00s
[317.953s][info][gc,start       ] GC(1637) Pause Young (Normal) (G1 Evacuation Pause)
[317.953s][info][gc,task        ] GC(1637) Using 33 workers of 33 for evacuation
[317.957s][info][gc,phases      ] GC(1637)   Pre Evacuate Collection Set: 0.2ms
[317.957s][info][gc,phases      ] GC(1637)   Merge Heap Roots: 0.2ms
[317.957s][info][gc,phases      ] GC(1637)   Evacuate Collection Set: 0.3ms
[317.957s][info][gc,phases      ] GC(1637)   Post Evacuate Collection Set: 2.6ms
[317.957s][info][gc,phases      ] GC(1637)   Other: 0.1ms
[317.957s][info][gc,heap        ] GC(1637) Eden regions: 327->0(327)
[317.957s][info][gc,heap        ] GC(1637) Survivor regions: 1->1(41)
[317.957s][info][gc,heap        ] GC(1637) Old regions: 23->23
[317.957s][info][gc,heap        ] GC(1637) Archive regions: 0->0
[317.957s][info][gc,heap        ] GC(1637) Humongous regions: 0->0
[317.957s][info][gc,metaspace   ] GC(1637) Metaspace: 14303K(15168K)->14303K(15168K) NonClass: 12353K(12928K)->12353K(12928K) Class: 1950K(2240K)->1950K(2240K)
[317.957s][info][gc             ] GC(1637) Pause Young (Normal) (G1 Evacuation Pause) 334M->7M(547M) 3.595ms
[317.957s][info][gc,cpu         ] GC(1637) User=0.00s Sys=0.00s Real=0.00s
[318.152s][info][gc,start       ] GC(1638) Pause Young (Normal) (G1 Evacuation Pause)
[318.152s][info][gc,task        ] GC(1638) Using 33 workers of 33 for evacuation
[318.156s][info][gc,phases      ] GC(1638)   Pre Evacuate Collection Set: 0.2ms
[318.156s][info][gc,phases      ] GC(1638)   Merge Heap Roots: 0.2ms
[318.156s][info][gc,phases      ] GC(1638)   Evacuate Collection Set: 0.3ms
[318.156s][info][gc,phases      ] GC(1638)   Post Evacuate Collection Set: 2.6ms
[318.156s][info][gc,phases      ] GC(1638)   Other: 0.1ms
[318.156s][info][gc,heap        ] GC(1638) Eden regions: 327->0(327)
[318.156s][info][gc,heap        ] GC(1638) Survivor regions: 1->1(41)
[318.156s][info][gc,heap        ] GC(1638) Old regions: 23->23
[318.156s][info][gc,heap        ] GC(1638) Archive regions: 0->0
[318.156s][info][gc,heap        ] GC(1638) Humongous regions: 0->0
[318.156s][info][gc,metaspace   ] GC(1638) Metaspace: 14303K(15168K)->14303K(15168K) NonClass: 12353K(12928K)->12353K(12928K) Class: 1950K(2240K)->1950K(2240K)
[318.156s][info][gc             ] GC(1638) Pause Young (Normal) (G1 Evacuation Pause) 334M->7M(547M) 3.594ms
[318.156s][info][gc,cpu         ] GC(1638) User=0.00s Sys=0.00s Real=0.00s
[318.353s][info][gc,start       ] GC(1639) Pause Young (Normal) (G1 Evacuation Pause)
[318.353s][info][gc,task        ] GC(1639) Using 33 workers of 33 for evacuation
[318.356s][info][gc,phases      ] GC(1639)   Pre Evacuate Collection Set: 0.1ms
[318.356s][info][gc,phases      ] GC(1639)   Merge Heap Roots: 0.2ms
[318.356s][info][gc,phases      ] GC(1639)   Evacuate Collection Set: 0.3ms
[318.356s][info][gc,phases      ] GC(1639)   Post Evacuate Collection Set: 2.7ms
[318.356s][info][gc,phases      ] GC(1639)   Other: 0.1ms
[318.357s][info][gc,heap        ] GC(1639) Eden regions: 327->0(327)
[318.357s][info][gc,heap        ] GC(1639) Survivor regions: 1->1(41)
[318.357s][info][gc,heap        ] GC(1639) Old regions: 23->23
[318.357s][info][gc,heap        ] GC(1639) Archive regions: 0->0
[318.357s][info][gc,heap        ] GC(1639) Humongous regions: 0->0
[318.357s][info][gc,metaspace   ] GC(1639) Metaspace: 14303K(15168K)->14303K(15168K) NonClass: 12353K(12928K)->12353K(12928K) Class: 1950K(2240K)->1950K(2240K)
[318.357s][info][gc             ] GC(1639) Pause Young (Normal) (G1 Evacuation Pause) 334M->7M(547M) 3.651ms
[318.357s][info][gc,cpu         ] GC(1639) User=0.00s Sys=0.00s Real=0.00s
[318.553s][info][gc,start       ] GC(1640) Pause Young (Normal) (G1 Evacuation Pause)
[318.553s][info][gc,task        ] GC(1640) Using 33 workers of 33 for evacuation
[318.557s][info][gc,phases      ] GC(1640)   Pre Evacuate Collection Set: 0.2ms
[318.557s][info][gc,phases      ] GC(1640)   Merge Heap Roots: 0.2ms
[318.557s][info][gc,phases      ] GC(1640)   Evacuate Collection Set: 0.3ms
[318.557s][info][gc,phases      ] GC(1640)   Post Evacuate Collection Set: 2.7ms
[318.557s][info][gc,phases      ] GC(1640)   Other: 0.1ms
[318.557s][info][gc,heap        ] GC(1640) Eden regions: 327->0(327)
[318.557s][info][gc,heap        ] GC(1640) Survivor regions: 1->1(41)
[318.557s][info][gc,heap        ] GC(1640) Old regions: 23->23
[318.557s][info][gc,heap        ] GC(1640) Archive regions: 0->0
[318.557s][info][gc,heap        ] GC(1640) Humongous regions: 0->0
[318.557s][info][gc,metaspace   ] GC(1640) Metaspace: 14303K(15168K)->14303K(15168K) NonClass: 12353K(12928K)->12353K(12928K) Class: 1950K(2240K)->1950K(2240K)
[318.557s][info][gc             ] GC(1640) Pause Young (Normal) (G1 Evacuation Pause) 334M->7M(547M) 3.699ms
[318.557s][info][gc,cpu         ] GC(1640) User=0.00s Sys=0.00s Real=0.00s
[318.754s][info][gc,start       ] GC(1641) Pause Young (Normal) (G1 Evacuation Pause)
[318.754s][info][gc,task        ] GC(1641) Using 33 workers of 33 for evacuation
[318.757s][info][gc,phases      ] GC(1641)   Pre Evacuate Collection Set: 0.2ms
[318.757s][info][gc,phases      ] GC(1641)   Merge Heap Roots: 0.2ms
[318.757s][info][gc,phases      ] GC(1641)   Evacuate Collection Set: 0.3ms
[318.757s][info][gc,phases      ] GC(1641)   Post Evacuate Collection Set: 2.7ms
[318.757s][info][gc,phases      ] GC(1641)   Other: 0.1ms
[318.757s][info][gc,heap        ] GC(1641) Eden regions: 327->0(327)
[318.757s][info][gc,heap        ] GC(1641) Survivor regions: 1->1(41)
[318.757s][info][gc,heap        ] GC(1641) Old regions: 23->23
[318.757s][info][gc,heap        ] GC(1641) Archive regions: 0->0
[318.757s][info][gc,heap        ] GC(1641) Humongous regions: 0->0
[318.757s][info][gc,metaspace   ] GC(1641) Metaspace: 14303K(15168K)->14303K(15168K) NonClass: 12353K(12928K)->12353K(12928K) Class: 1950K(2240K)->1950K(2240K)
[318.757s][info][gc             ] GC(1641) Pause Young (Normal) (G1 Evacuation Pause) 334M->7M(547M) 3.747ms
[318.757s][info][gc,cpu         ] GC(1641) User=0.00s Sys=0.00s Real=0.00s
[318.953s][info][gc,start       ] GC(1642) Pause Young (Normal) (G1 Evacuation Pause)
[318.953s][info][gc,task        ] GC(1642) Using 33 workers of 33 for evacuation
[318.957s][info][gc,phases      ] GC(1642)   Pre Evacuate Collection Set: 0.1ms
[318.957s][info][gc,phases      ] GC(1642)   Merge Heap Roots: 0.2ms
[318.957s][info][gc,phases      ] GC(1642)   Evacuate Collection Set: 0.3ms
[318.957s][info][gc,phases      ] GC(1642)   Post Evacuate Collection Set: 2.8ms
[318.957s][info][gc,phases      ] GC(1642)   Other: 0.1ms
[318.957s][info][gc,heap        ] GC(1642) Eden regions: 327->0(327)
[318.957s][info][gc,heap        ] GC(1642) Survivor regions: 1->1(41)
[318.957s][info][gc,heap        ] GC(1642) Old regions: 23->23
[318.957s][info][gc,heap        ] GC(1642) Archive regions: 0->0
[318.957s][info][gc,heap        ] GC(1642) Humongous regions: 0->0
[318.957s][info][gc,metaspace   ] GC(1642) Metaspace: 14303K(15168K)->14303K(15168K) NonClass: 12353K(12928K)->12353K(12928K) Class: 1950K(2240K)->1950K(2240K)
[318.957s][info][gc             ] GC(1642) Pause Young (Normal) (G1 Evacuation Pause) 334M->7M(547M) 3.749ms
[318.957s][info][gc,cpu         ] GC(1642) User=0.00s Sys=0.00s Real=0.00s
[319.153s][info][gc,start       ] GC(1643) Pause Young (Normal) (G1 Evacuation Pause)
[319.153s][info][gc,task        ] GC(1643) Using 33 workers of 33 for evacuation
[319.157s][info][gc,phases      ] GC(1643)   Pre Evacuate Collection Set: 0.2ms
[319.157s][info][gc,phases      ] GC(1643)   Merge Heap Roots: 0.2ms
[319.157s][info][gc,phases      ] GC(1643)   Evacuate Collection Set: 0.4ms
[319.157s][info][gc,phases      ] GC(1643)   Post Evacuate Collection Set: 2.8ms
[319.157s][info][gc,phases      ] GC(1643)   Other: 0.1ms
[319.157s][info][gc,heap        ] GC(1643) Eden regions: 327->0(327)
[319.157s][info][gc,heap        ] GC(1643) Survivor regions: 1->1(41)
[319.157s][info][gc,heap        ] GC(1643) Old regions: 23->23
[319.157s][info][gc,heap        ] GC(1643) Archive regions: 0->0
[319.157s][info][gc,heap        ] GC(1643) Humongous regions: 0->0
[319.157s][info][gc,metaspace   ] GC(1643) Metaspace: 14303K(15168K)->14303K(15168K) NonClass: 12353K(12928K)->12353K(12928K) Class: 1950K(2240K)->1950K(2240K)
[319.157s][info][gc             ] GC(1643) Pause Young (Normal) (G1 Evacuation Pause) 334M->7M(547M) 3.862ms
[319.157s][info][gc,cpu         ] GC(1643) User=0.00s Sys=0.00s Real=0.00s
[319.352s][info][gc,start       ] GC(1644) Pause Young (Normal) (G1 Evacuation Pause)
[319.352s][info][gc,task        ] GC(1644) Using 33 workers of 33 for evacuation
[319.356s][info][gc,phases      ] GC(1644)   Pre Evacuate Collection Set: 0.2ms
[319.356s][info][gc,phases      ] GC(1644)   Merge Heap Roots: 0.2ms
[319.356s][info][gc,phases      ] GC(1644)   Evacuate Collection Set: 0.3ms
[319.356s][info][gc,phases      ] GC(1644)   Post Evacuate Collection Set: 2.8ms
[319.356s][info][gc,phases      ] GC(1644)   Other: 0.1ms
[319.356s][info][gc,heap        ] GC(1644) Eden regions: 327->0(327)
[319.356s][info][gc,heap        ] GC(1644) Survivor regions: 1->1(41)
[319.356s][info][gc,heap        ] GC(1644) Old regions: 23->23
[319.356s][info][gc,heap        ] GC(1644) Archive regions: 0->0
[319.356s][info][gc,heap        ] GC(1644) Humongous regions: 0->0
[319.356s][info][gc,metaspace   ] GC(1644) Metaspace: 14303K(15168K)->14303K(15168K) NonClass: 12353K(12928K)->12353K(12928K) Class: 1950K(2240K)->1950K(2240K)
[319.356s][info][gc             ] GC(1644) Pause Young (Normal) (G1 Evacuation Pause) 334M->7M(547M) 3.839ms
[319.356s][info][gc,cpu         ] GC(1644) User=0.00s Sys=0.00s Real=0.00s
[319.554s][info][gc,start       ] GC(1645) Pause Young (Normal) (G1 Evacuation Pause)
[319.554s][info][gc,task        ] GC(1645) Using 33 workers of 33 for evacuation
[319.558s][info][gc,phases      ] GC(1645)   Pre Evacuate Collection Set: 0.2ms
[319.558s][info][gc,phases      ] GC(1645)   Merge Heap Roots: 0.1ms
[319.558s][info][gc,phases      ] GC(1645)   Evacuate Collection Set: 0.3ms
[319.558s][info][gc,phases      ] GC(1645)   Post Evacuate Collection Set: 2.9ms
[319.558s][info][gc,phases      ] GC(1645)   Other: 0.1ms
[319.558s][info][gc,heap        ] GC(1645) Eden regions: 327->0(327)
[319.558s][info][gc,heap        ] GC(1645) Survivor regions: 1->1(41)
[319.558s][info][gc,heap        ] GC(1645) Old regions: 23->23
[319.558s][info][gc,heap        ] GC(1645) Archive regions: 0->0
[319.558s][info][gc,heap        ] GC(1645) Humongous regions: 0->0
[319.558s][info][gc,metaspace   ] GC(1645) Metaspace: 14303K(15168K)->14303K(15168K) NonClass: 12353K(12928K)->12353K(12928K) Class: 1950K(2240K)->1950K(2240K)
[319.558s][info][gc             ] GC(1645) Pause Young (Normal) (G1 Evacuation Pause) 334M->7M(547M) 3.844ms
[319.558s][info][gc,cpu         ] GC(1645) User=0.00s Sys=0.00s Real=0.00s
[319.754s][info][gc,start       ] GC(1646) Pause Young (Normal) (G1 Evacuation Pause)
[319.754s][info][gc,task        ] GC(1646) Using 33 workers of 33 for evacuation
[319.758s][info][gc,phases      ] GC(1646)   Pre Evacuate Collection Set: 0.2ms
[319.758s][info][gc,phases      ] GC(1646)   Merge Heap Roots: 0.2ms
[319.758s][info][gc,phases      ] GC(1646)   Evacuate Collection Set: 0.3ms
[319.758s][info][gc,phases      ] GC(1646)   Post Evacuate Collection Set: 2.9ms
[319.758s][info][gc,phases      ] GC(1646)   Other: 0.1ms
[319.758s][info][gc,heap        ] GC(1646) Eden regions: 327->0(327)
[319.758s][info][gc,heap        ] GC(1646) Survivor regions: 1->1(41)
[319.758s][info][gc,heap        ] GC(1646) Old regions: 23->23
[319.758s][info][gc,heap        ] GC(1646) Archive regions: 0->0
[319.758s][info][gc,heap        ] GC(1646) Humongous regions: 0->0
[319.758s][info][gc,metaspace   ] GC(1646) Metaspace: 14303K(15168K)->14303K(15168K) NonClass: 12353K(12928K)->12353K(12928K) Class: 1950K(2240K)->1950K(2240K)
[319.758s][info][gc             ] GC(1646) Pause Young (Normal) (G1 Evacuation Pause) 334M->7M(547M) 3.892ms
[319.758s][info][gc,cpu         ] GC(1646) User=0.00s Sys=0.00s Real=0.00s
[319.954s][info][gc,start       ] GC(1647) Pause Young (Normal) (G1 Evacuation Pause)
[319.955s][info][gc,task        ] GC(1647) Using 33 workers of 33 for evacuation
[319.958s][info][gc,phases      ] GC(1647)   Pre Evacuate Collection Set: 0.2ms
[319.958s][info][gc,phases      ] GC(1647)   Merge Heap Roots: 0.2ms
[319.958s][info][gc,phases      ] GC(1647)   Evacuate Collection Set: 0.3ms
[319.958s][info][gc,phases      ] GC(1647)   Post Evacuate Collection Set: 3.0ms
[319.958s][info][gc,phases      ] GC(1647)   Other: 0.1ms
[319.958s][info][gc,heap        ] GC(1647) Eden regions: 327->0(327)
[319.958s][info][gc,heap        ] GC(1647) Survivor regions: 1->1(41)
[319.958s][info][gc,heap        ] GC(1647) Old regions: 23->24
[319.958s][info][gc,heap        ] GC(1647) Archive regions: 0->0
[319.958s][info][gc,heap        ] GC(1647) Humongous regions: 0->0
[319.958s][info][gc,metaspace   ] GC(1647) Metaspace: 14303K(15168K)->14303K(15168K) NonClass: 12353K(12928K)->12353K(12928K) Class: 1950K(2240K)->1950K(2240K)
[319.958s][info][gc             ] GC(1647) Pause Young (Normal) (G1 Evacuation Pause) 334M->7M(547M) 3.975ms
[319.958s][info][gc,cpu         ] GC(1647) User=0.00s Sys=0.00s Real=0.00s
[320.156s][info][gc,start       ] GC(1648) Pause Young (Normal) (G1 Evacuation Pause)
[320.156s][info][gc,task        ] GC(1648) Using 33 workers of 33 for evacuation
[320.159s][info][gc,phases      ] GC(1648)   Pre Evacuate Collection Set: 0.2ms
[320.159s][info][gc,phases      ] GC(1648)   Merge Heap Roots: 0.2ms
[320.159s][info][gc,phases      ] GC(1648)   Evacuate Collection Set: 0.4ms
[320.159s][info][gc,phases      ] GC(1648)   Post Evacuate Collection Set: 3.0ms
[320.159s][info][gc,phases      ] GC(1648)   Other: 0.1ms
[320.159s][info][gc,heap        ] GC(1648) Eden regions: 327->0(327)
[320.159s][info][gc,heap        ] GC(1648) Survivor regions: 1->1(41)
[320.159s][info][gc,heap        ] GC(1648) Old regions: 24->24
[320.159s][info][gc,heap        ] GC(1648) Archive regions: 0->0
[320.159s][info][gc,heap        ] GC(1648) Humongous regions: 0->0
[320.160s][info][gc,metaspace   ] GC(1648) Metaspace: 14303K(15168K)->14303K(15168K) NonClass: 12353K(12928K)->12353K(12928K) Class: 1950K(2240K)->1950K(2240K)
[320.160s][info][gc             ] GC(1648) Pause Young (Normal) (G1 Evacuation Pause) 334M->7M(547M) 3.996ms
[320.160s][info][gc,cpu         ] GC(1648) User=0.52s Sys=0.00s Real=0.00s
[320.356s][info][gc,start       ] GC(1649) Pause Young (Normal) (G1 Evacuation Pause)
[320.356s][info][gc,task        ] GC(1649) Using 33 workers of 33 for evacuation
[320.360s][info][gc,phases      ] GC(1649)   Pre Evacuate Collection Set: 0.2ms
[320.360s][info][gc,phases      ] GC(1649)   Merge Heap Roots: 0.2ms
[320.360s][info][gc,phases      ] GC(1649)   Evacuate Collection Set: 0.3ms
[320.360s][info][gc,phases      ] GC(1649)   Post Evacuate Collection Set: 3.0ms
[320.360s][info][gc,phases      ] GC(1649)   Other: 0.1ms
[320.360s][info][gc,heap        ] GC(1649) Eden regions: 327->0(327)
[320.360s][info][gc,heap        ] GC(1649) Survivor regions: 1->1(41)
[320.360s][info][gc,heap        ] GC(1649) Old regions: 24->24
[320.360s][info][gc,heap        ] GC(1649) Archive regions: 0->0
[320.360s][info][gc,heap        ] GC(1649) Humongous regions: 0->0
[320.360s][info][gc,metaspace   ] GC(1649) Metaspace: 14303K(15168K)->14303K(15168K) NonClass: 12353K(12928K)->12353K(12928K) Class: 1950K(2240K)->1950K(2240K)
[320.360s][info][gc             ] GC(1649) Pause Young (Normal) (G1 Evacuation Pause) 334M->7M(547M) 4.000ms
[320.360s][info][gc,cpu         ] GC(1649) User=0.02s Sys=0.00s Real=0.00s
[320.728s][info][gc,start       ] GC(1650) Pause Young (Normal) (G1 Evacuation Pause)
[320.729s][info][gc,task        ] GC(1650) Using 33 workers of 33 for evacuation
[320.734s][info][gc,phases      ] GC(1650)   Pre Evacuate Collection Set: 0.2ms
