[0.015s][info][gc,init] CardTable entry size: 512
[0.016s][info][gc     ] Using G1
[0.031s][info][gc,init] Version: 20+36-2344 (release)
[0.031s][info][gc,init] CPUs: 48 total, 48 available
[0.031s][info][gc,init] Memory: 382G
[0.031s][info][gc,init] Large Page Support: Disabled
[0.031s][info][gc,init] NUMA Support: Disabled
[0.031s][info][gc,init] Compressed Oops: Enabled (Zero based)
[0.031s][info][gc,init] Heap Region Size: 2M
[0.031s][info][gc,init] Heap Min Capacity: 8M
[0.031s][info][gc,init] Heap Initial Capacity: 2G
[0.032s][info][gc,init] Heap Max Capacity: 4G
[0.042s][info][gc,init] Pre-touch: Disabled
[0.042s][info][gc,init] Parallel Workers: 33
[0.042s][info][gc,init] Concurrent Workers: 8
[0.042s][info][gc,init] Concurrent Refinement Workers: 33
[0.042s][info][gc,init] Periodic GC: Disabled
[0.043s][info][gc,metaspace] CDS archive(s) mapped at: [0x0000000800000000-0x0000000800c60000-0x0000000800c60000), size 12976128, SharedBaseAddress: 0x0000000800000000, ArchiveRelocationMode: 0.
[0.043s][info][gc,metaspace] Compressed class space mapped at: 0x0000000801000000-0x0000000841000000, reserved size: 1073741824
[0.043s][info][gc,metaspace] Narrow klass base: 0x0000000800000000, Narrow klass shift: 0, Narrow klass range: 0x100000000
[1.097s][info][gc,start    ] GC(0) Pause Full (System.gc())
[1.098s][info][gc,task     ] GC(0) Using 14 workers of 33 for full compaction
[1.100s][info][gc,phases,start] GC(0) Phase 1: Mark live objects
[1.104s][info][gc,phases      ] GC(0) Phase 1: Mark live objects 4.409ms
[1.104s][info][gc,phases,start] GC(0) Phase 2: Prepare compaction
[1.107s][info][gc,phases      ] GC(0) Phase 2: Prepare compaction 2.966ms
[1.107s][info][gc,phases,start] GC(0) Phase 3: Adjust pointers
[1.109s][info][gc,phases      ] GC(0) Phase 3: Adjust pointers 1.478ms
[1.109s][info][gc,phases,start] GC(0) Phase 4: Compact heap
[1.111s][info][gc,phases      ] GC(0) Phase 4: Compact heap 1.832ms
[1.129s][info][gc,heap        ] GC(0) Eden regions: 14->0(11)
[1.129s][info][gc,heap        ] GC(0) Survivor regions: 0->0(0)
[1.129s][info][gc,heap        ] GC(0) Old regions: 0->14
[1.129s][info][gc,heap        ] GC(0) Archive regions: 0->0
[1.129s][info][gc,heap        ] GC(0) Humongous regions: 0->0
[1.129s][info][gc,metaspace   ] GC(0) Metaspace: 8238K(8448K)->8238K(8448K) NonClass: 7129K(7232K)->7129K(7232K) Class: 1109K(1216K)->1109K(1216K)
[1.129s][info][gc             ] GC(0) Pause Full (System.gc()) 27M->3M(94M) 31.559ms
[1.129s][info][gc,cpu         ] GC(0) User=0.03s Sys=0.22s Real=0.03s
[1.829s][info][gc,start       ] GC(1) Pause Young (Normal) (G1 Evacuation Pause)
[1.831s][info][gc,task        ] GC(1) Using 33 workers of 33 for evacuation
[1.836s][info][gc,phases      ] GC(1)   Pre Evacuate Collection Set: 0.1ms
[1.836s][info][gc,phases      ] GC(1)   Merge Heap Roots: 0.2ms
[1.836s][info][gc,phases      ] GC(1)   Evacuate Collection Set: 4.1ms
[1.836s][info][gc,phases      ] GC(1)   Post Evacuate Collection Set: 0.8ms
[1.837s][info][gc,phases      ] GC(1)   Other: 1.4ms
[1.837s][info][gc,heap        ] GC(1) Eden regions: 11->0(15)
[1.837s][info][gc,heap        ] GC(1) Survivor regions: 0->2(2)
[1.837s][info][gc,heap        ] GC(1) Old regions: 14->14
[1.837s][info][gc,heap        ] GC(1) Archive regions: 0->0
[1.837s][info][gc,heap        ] GC(1) Humongous regions: 0->0
[1.837s][info][gc,metaspace   ] GC(1) Metaspace: 13188K(13568K)->13188K(13568K) NonClass: 11324K(11520K)->11324K(11520K) Class: 1864K(2048K)->1864K(2048K)
[1.837s][info][gc             ] GC(1) Pause Young (Normal) (G1 Evacuation Pause) 25M->7M(94M) 7.301ms
[1.837s][info][gc,cpu         ] GC(1) User=0.02s Sys=0.03s Real=0.01s
[2.043s][info][gc,start       ] GC(2) Pause Young (Normal) (G1 Evacuation Pause)
[2.043s][info][gc,task        ] GC(2) Using 33 workers of 33 for evacuation
[2.047s][info][gc,phases      ] GC(2)   Pre Evacuate Collection Set: 0.1ms
[2.047s][info][gc,phases      ] GC(2)   Merge Heap Roots: 0.1ms
[2.047s][info][gc,phases      ] GC(2)   Evacuate Collection Set: 3.1ms
[2.047s][info][gc,phases      ] GC(2)   Post Evacuate Collection Set: 0.5ms
[2.047s][info][gc,phases      ] GC(2)   Other: 0.1ms
[2.047s][info][gc,heap        ] GC(2) Eden regions: 15->0(23)
[2.047s][info][gc,heap        ] GC(2) Survivor regions: 2->1(3)
[2.047s][info][gc,heap        ] GC(2) Old regions: 14->16
[2.047s][info][gc,heap        ] GC(2) Archive regions: 0->0
[2.047s][info][gc,heap        ] GC(2) Humongous regions: 0->0
[2.047s][info][gc,metaspace   ] GC(2) Metaspace: 14477K(14976K)->14477K(14976K) NonClass: 12411K(12672K)->12411K(12672K) Class: 2065K(2304K)->2065K(2304K)
[2.047s][info][gc             ] GC(2) Pause Young (Normal) (G1 Evacuation Pause) 37M->7M(94M) 4.253ms
[2.047s][info][gc,cpu         ] GC(2) User=0.00s Sys=0.00s Real=0.00s
[2.245s][info][gc,start       ] GC(3) Pause Young (Normal) (G1 Evacuation Pause)
[2.245s][info][gc,task        ] GC(3) Using 33 workers of 33 for evacuation
[2.247s][info][gc,phases      ] GC(3)   Pre Evacuate Collection Set: 0.1ms
[2.247s][info][gc,phases      ] GC(3)   Merge Heap Roots: 0.1ms
[2.247s][info][gc,phases      ] GC(3)   Evacuate Collection Set: 0.7ms
[2.247s][info][gc,phases      ] GC(3)   Post Evacuate Collection Set: 0.4ms
[2.247s][info][gc,phases      ] GC(3)   Other: 0.1ms
[2.247s][info][gc,heap        ] GC(3) Eden regions: 23->0(26)
[2.247s][info][gc,heap        ] GC(3) Survivor regions: 1->1(3)
[2.247s][info][gc,heap        ] GC(3) Old regions: 16->16
[2.247s][info][gc,heap        ] GC(3) Archive regions: 0->0
[2.247s][info][gc,heap        ] GC(3) Humongous regions: 0->0
[2.247s][info][gc,metaspace   ] GC(3) Metaspace: 14555K(15104K)->14555K(15104K) NonClass: 12489K(12800K)->12489K(12800K) Class: 2065K(2304K)->2065K(2304K)
[2.247s][info][gc             ] GC(3) Pause Young (Normal) (G1 Evacuation Pause) 53M->6M(94M) 1.732ms
[2.247s][info][gc,cpu         ] GC(3) User=0.00s Sys=0.00s Real=0.00s
[2.411s][info][gc,start       ] GC(4) Pause Young (Normal) (G1 Evacuation Pause)
[2.411s][info][gc,task        ] GC(4) Using 33 workers of 33 for evacuation
[2.413s][info][gc,phases      ] GC(4)   Pre Evacuate Collection Set: 0.1ms
[2.413s][info][gc,phases      ] GC(4)   Merge Heap Roots: 0.1ms
[2.413s][info][gc,phases      ] GC(4)   Evacuate Collection Set: 0.8ms
[2.413s][info][gc,phases      ] GC(4)   Post Evacuate Collection Set: 0.4ms
[2.413s][info][gc,phases      ] GC(4)   Other: 0.1ms
[2.413s][info][gc,heap        ] GC(4) Eden regions: 26->0(26)
[2.413s][info][gc,heap        ] GC(4) Survivor regions: 1->1(4)
[2.413s][info][gc,heap        ] GC(4) Old regions: 16->16
[2.413s][info][gc,heap        ] GC(4) Archive regions: 0->0
[2.413s][info][gc,heap        ] GC(4) Humongous regions: 0->0
[2.413s][info][gc,metaspace   ] GC(4) Metaspace: 14555K(15104K)->14555K(15104K) NonClass: 12489K(12800K)->12489K(12800K) Class: 2065K(2304K)->2065K(2304K)
[2.413s][info][gc             ] GC(4) Pause Young (Normal) (G1 Evacuation Pause) 58M->6M(94M) 1.756ms
[2.413s][info][gc,cpu         ] GC(4) User=0.00s Sys=0.00s Real=0.00s
[2.560s][info][gc,start       ] GC(5) Pause Young (Normal) (G1 Evacuation Pause)
[2.560s][info][gc,task        ] GC(5) Using 33 workers of 33 for evacuation
[2.561s][info][gc,phases      ] GC(5)   Pre Evacuate Collection Set: 0.2ms
[2.561s][info][gc,phases      ] GC(5)   Merge Heap Roots: 0.1ms
[2.561s][info][gc,phases      ] GC(5)   Evacuate Collection Set: 0.8ms
[2.561s][info][gc,phases      ] GC(5)   Post Evacuate Collection Set: 0.5ms
[2.561s][info][gc,phases      ] GC(5)   Other: 0.1ms
[2.561s][info][gc,heap        ] GC(5) Eden regions: 26->0(26)
[2.561s][info][gc,heap        ] GC(5) Survivor regions: 1->1(4)
[2.561s][info][gc,heap        ] GC(5) Old regions: 16->16
[2.561s][info][gc,heap        ] GC(5) Archive regions: 0->0
[2.561s][info][gc,heap        ] GC(5) Humongous regions: 0->0
[2.561s][info][gc,metaspace   ] GC(5) Metaspace: 14555K(15104K)->14555K(15104K) NonClass: 12489K(12800K)->12489K(12800K) Class: 2065K(2304K)->2065K(2304K)
[2.561s][info][gc             ] GC(5) Pause Young (Normal) (G1 Evacuation Pause) 58M->6M(94M) 1.902ms
[2.562s][info][gc,cpu         ] GC(5) User=0.00s Sys=0.00s Real=0.00s
[2.617s][info][gc,start       ] GC(6) Pause Young (Normal) (G1 Evacuation Pause)
[2.617s][info][gc,task        ] GC(6) Using 33 workers of 33 for evacuation
[2.619s][info][gc,phases      ] GC(6)   Pre Evacuate Collection Set: 0.1ms
[2.619s][info][gc,phases      ] GC(6)   Merge Heap Roots: 0.1ms
[2.619s][info][gc,phases      ] GC(6)   Evacuate Collection Set: 0.8ms
[2.619s][info][gc,phases      ] GC(6)   Post Evacuate Collection Set: 0.4ms
[2.619s][info][gc,phases      ] GC(6)   Other: 0.1ms
[2.619s][info][gc,heap        ] GC(6) Eden regions: 26->0(26)
[2.619s][info][gc,heap        ] GC(6) Survivor regions: 1->1(4)
[2.619s][info][gc,heap        ] GC(6) Old regions: 16->16
[2.619s][info][gc,heap        ] GC(6) Archive regions: 0->0
[2.619s][info][gc,heap        ] GC(6) Humongous regions: 0->0
[2.619s][info][gc,metaspace   ] GC(6) Metaspace: 14555K(15104K)->14555K(15104K) NonClass: 12489K(12800K)->12489K(12800K) Class: 2065K(2304K)->2065K(2304K)
[2.619s][info][gc             ] GC(6) Pause Young (Normal) (G1 Evacuation Pause) 58M->6M(94M) 1.784ms
[2.619s][info][gc,cpu         ] GC(6) User=0.00s Sys=0.00s Real=0.00s
[2.675s][info][gc,start       ] GC(7) Pause Young (Normal) (G1 Evacuation Pause)
[2.675s][info][gc,task        ] GC(7) Using 33 workers of 33 for evacuation
[2.680s][info][gc,phases      ] GC(7)   Pre Evacuate Collection Set: 0.1ms
[2.680s][info][gc,phases      ] GC(7)   Merge Heap Roots: 0.1ms
[2.680s][info][gc,phases      ] GC(7)   Evacuate Collection Set: 0.7ms
[2.680s][info][gc,phases      ] GC(7)   Post Evacuate Collection Set: 3.9ms
[2.680s][info][gc,phases      ] GC(7)   Other: 0.1ms
[2.680s][info][gc,heap        ] GC(7) Eden regions: 26->0(320)
[2.680s][info][gc,heap        ] GC(7) Survivor regions: 1->1(4)
[2.680s][info][gc,heap        ] GC(7) Old regions: 16->16
[2.680s][info][gc,heap        ] GC(7) Archive regions: 0->0
[2.680s][info][gc,heap        ] GC(7) Humongous regions: 0->0
[2.680s][info][gc,metaspace   ] GC(7) Metaspace: 14555K(15104K)->14555K(15104K) NonClass: 12489K(12800K)->12489K(12800K) Class: 2065K(2304K)->2065K(2304K)
[2.680s][info][gc             ] GC(7) Pause Young (Normal) (G1 Evacuation Pause) 58M->6M(1072M) 5.197ms
[2.680s][info][gc,cpu         ] GC(7) User=0.03s Sys=0.02s Real=0.01s
[3.253s][info][gc,start       ] GC(8) Pause Young (Normal) (G1 Evacuation Pause)
[3.253s][info][gc,task        ] GC(8) Using 33 workers of 33 for evacuation
[3.256s][info][gc,phases      ] GC(8)   Pre Evacuate Collection Set: 0.1ms
[3.256s][info][gc,phases      ] GC(8)   Merge Heap Roots: 0.2ms
[3.256s][info][gc,phases      ] GC(8)   Evacuate Collection Set: 1.0ms
[3.256s][info][gc,phases      ] GC(8)   Post Evacuate Collection Set: 0.9ms
[3.256s][info][gc,phases      ] GC(8)   Other: 0.2ms
[3.256s][info][gc,heap        ] GC(8) Eden regions: 320->0(320)
[3.256s][info][gc,heap        ] GC(8) Survivor regions: 1->1(41)
[3.256s][info][gc,heap        ] GC(8) Old regions: 16->16
[3.256s][info][gc,heap        ] GC(8) Archive regions: 0->0
[3.256s][info][gc,heap        ] GC(8) Humongous regions: 0->0
[3.256s][info][gc,metaspace   ] GC(8) Metaspace: 14555K(15104K)->14555K(15104K) NonClass: 12489K(12800K)->12489K(12800K) Class: 2065K(2304K)->2065K(2304K)
[3.256s][info][gc             ] GC(8) Pause Young (Normal) (G1 Evacuation Pause) 646M->7M(1072M) 2.666ms
[3.256s][info][gc,cpu         ] GC(8) User=0.00s Sys=0.00s Real=0.00s
[3.750s][info][gc,start       ] GC(9) Pause Young (Normal) (G1 Evacuation Pause)
[3.750s][info][gc,task        ] GC(9) Using 33 workers of 33 for evacuation
[3.753s][info][gc,phases      ] GC(9)   Pre Evacuate Collection Set: 0.2ms
[3.753s][info][gc,phases      ] GC(9)   Merge Heap Roots: 0.2ms
[3.753s][info][gc,phases      ] GC(9)   Evacuate Collection Set: 0.9ms
[3.753s][info][gc,phases      ] GC(9)   Post Evacuate Collection Set: 1.5ms
[3.753s][info][gc,phases      ] GC(9)   Other: 0.2ms
[3.753s][info][gc,heap        ] GC(9) Eden regions: 320->0(320)
[3.753s][info][gc,heap        ] GC(9) Survivor regions: 1->1(41)
[3.753s][info][gc,heap        ] GC(9) Old regions: 16->16
[3.753s][info][gc,heap        ] GC(9) Archive regions: 0->0
[3.753s][info][gc,heap        ] GC(9) Humongous regions: 0->0
[3.753s][info][gc,metaspace   ] GC(9) Metaspace: 14555K(15104K)->14555K(15104K) NonClass: 12489K(12800K)->12489K(12800K) Class: 2065K(2304K)->2065K(2304K)
[3.753s][info][gc             ] GC(9) Pause Young (Normal) (G1 Evacuation Pause) 647M->7M(1072M) 3.137ms
[3.753s][info][gc,cpu         ] GC(9) User=0.00s Sys=0.02s Real=0.00s
[4.245s][info][gc,start       ] GC(10) Pause Young (Normal) (G1 Evacuation Pause)
[4.245s][info][gc,task        ] GC(10) Using 33 workers of 33 for evacuation
[4.248s][info][gc,phases      ] GC(10)   Pre Evacuate Collection Set: 0.1ms
[4.248s][info][gc,phases      ] GC(10)   Merge Heap Roots: 0.1ms
[4.248s][info][gc,phases      ] GC(10)   Evacuate Collection Set: 0.8ms
[4.248s][info][gc,phases      ] GC(10)   Post Evacuate Collection Set: 1.5ms
[4.248s][info][gc,phases      ] GC(10)   Other: 0.1ms
[4.248s][info][gc,heap        ] GC(10) Eden regions: 320->0(320)
[4.248s][info][gc,heap        ] GC(10) Survivor regions: 1->1(41)
[4.248s][info][gc,heap        ] GC(10) Old regions: 16->16
[4.248s][info][gc,heap        ] GC(10) Archive regions: 0->0
[4.248s][info][gc,heap        ] GC(10) Humongous regions: 0->0
[4.248s][info][gc,metaspace   ] GC(10) Metaspace: 14555K(15104K)->14555K(15104K) NonClass: 12489K(12800K)->12489K(12800K) Class: 2065K(2304K)->2065K(2304K)
[4.248s][info][gc             ] GC(10) Pause Young (Normal) (G1 Evacuation Pause) 647M->7M(1072M) 2.986ms
[4.248s][info][gc,cpu         ] GC(10) User=0.00s Sys=0.00s Real=0.00s
[4.748s][info][gc,start       ] GC(11) Pause Young (Normal) (G1 Evacuation Pause)
[4.748s][info][gc,task        ] GC(11) Using 33 workers of 33 for evacuation
[4.751s][info][gc,phases      ] GC(11)   Pre Evacuate Collection Set: 0.2ms
[4.751s][info][gc,phases      ] GC(11)   Merge Heap Roots: 0.2ms
[4.751s][info][gc,phases      ] GC(11)   Evacuate Collection Set: 0.8ms
[4.751s][info][gc,phases      ] GC(11)   Post Evacuate Collection Set: 1.5ms
[4.751s][info][gc,phases      ] GC(11)   Other: 0.1ms
[4.751s][info][gc,heap        ] GC(11) Eden regions: 320->0(320)
[4.751s][info][gc,heap        ] GC(11) Survivor regions: 1->1(41)
[4.751s][info][gc,heap        ] GC(11) Old regions: 16->16
[4.751s][info][gc,heap        ] GC(11) Archive regions: 0->0
[4.751s][info][gc,heap        ] GC(11) Humongous regions: 0->0
[4.751s][info][gc,metaspace   ] GC(11) Metaspace: 14556K(15104K)->14556K(15104K) NonClass: 12490K(12800K)->12490K(12800K) Class: 2065K(2304K)->2065K(2304K)
[4.751s][info][gc             ] GC(11) Pause Young (Normal) (G1 Evacuation Pause) 647M->7M(1072M) 3.028ms
[4.751s][info][gc,cpu         ] GC(11) User=0.00s Sys=0.00s Real=0.00s
[5.252s][info][gc,start       ] GC(12) Pause Young (Normal) (G1 Evacuation Pause)
[5.252s][info][gc,task        ] GC(12) Using 33 workers of 33 for evacuation
[5.255s][info][gc,phases      ] GC(12)   Pre Evacuate Collection Set: 0.1ms
[5.255s][info][gc,phases      ] GC(12)   Merge Heap Roots: 0.2ms
[5.255s][info][gc,phases      ] GC(12)   Evacuate Collection Set: 0.8ms
[5.255s][info][gc,phases      ] GC(12)   Post Evacuate Collection Set: 1.6ms
[5.255s][info][gc,phases      ] GC(12)   Other: 0.1ms
[5.255s][info][gc,heap        ] GC(12) Eden regions: 320->0(320)
[5.255s][info][gc,heap        ] GC(12) Survivor regions: 1->1(41)
[5.255s][info][gc,heap        ] GC(12) Old regions: 16->16
[5.255s][info][gc,heap        ] GC(12) Archive regions: 0->0
[5.255s][info][gc,heap        ] GC(12) Humongous regions: 0->0
[5.255s][info][gc,metaspace   ] GC(12) Metaspace: 14556K(15104K)->14556K(15104K) NonClass: 12490K(12800K)->12490K(12800K) Class: 2065K(2304K)->2065K(2304K)
[5.255s][info][gc             ] GC(12) Pause Young (Normal) (G1 Evacuation Pause) 647M->7M(1072M) 3.019ms
[5.255s][info][gc,cpu         ] GC(12) User=0.02s Sys=0.02s Real=0.00s
[5.754s][info][gc,start       ] GC(13) Pause Young (Normal) (G1 Evacuation Pause)
[5.754s][info][gc,task        ] GC(13) Using 33 workers of 33 for evacuation
[5.757s][info][gc,phases      ] GC(13)   Pre Evacuate Collection Set: 0.1ms
[5.757s][info][gc,phases      ] GC(13)   Merge Heap Roots: 0.2ms
[5.757s][info][gc,phases      ] GC(13)   Evacuate Collection Set: 0.9ms
[5.757s][info][gc,phases      ] GC(13)   Post Evacuate Collection Set: 1.2ms
[5.757s][info][gc,phases      ] GC(13)   Other: 0.1ms
[5.757s][info][gc,heap        ] GC(13) Eden regions: 320->0(320)
[5.757s][info][gc,heap        ] GC(13) Survivor regions: 1->1(41)
[5.757s][info][gc,heap        ] GC(13) Old regions: 16->16
[5.757s][info][gc,heap        ] GC(13) Archive regions: 0->0
[5.757s][info][gc,heap        ] GC(13) Humongous regions: 0->0
[5.757s][info][gc,metaspace   ] GC(13) Metaspace: 14556K(15104K)->14556K(15104K) NonClass: 12490K(12800K)->12490K(12800K) Class: 2065K(2304K)->2065K(2304K)
[5.757s][info][gc             ] GC(13) Pause Young (Normal) (G1 Evacuation Pause) 647M->7M(1072M) 2.771ms
[5.757s][info][gc,cpu         ] GC(13) User=0.00s Sys=0.00s Real=0.00s
[6.255s][info][gc,start       ] GC(14) Pause Young (Normal) (G1 Evacuation Pause)
[6.255s][info][gc,task        ] GC(14) Using 33 workers of 33 for evacuation
[6.258s][info][gc,phases      ] GC(14)   Pre Evacuate Collection Set: 0.2ms
[6.258s][info][gc,phases      ] GC(14)   Merge Heap Roots: 0.2ms
[6.258s][info][gc,phases      ] GC(14)   Evacuate Collection Set: 0.8ms
[6.258s][info][gc,phases      ] GC(14)   Post Evacuate Collection Set: 1.5ms
[6.258s][info][gc,phases      ] GC(14)   Other: 0.1ms
[6.258s][info][gc,heap        ] GC(14) Eden regions: 320->0(320)
[6.258s][info][gc,heap        ] GC(14) Survivor regions: 1->1(41)
[6.258s][info][gc,heap        ] GC(14) Old regions: 16->16
[6.258s][info][gc,heap        ] GC(14) Archive regions: 0->0
[6.258s][info][gc,heap        ] GC(14) Humongous regions: 0->0
[6.258s][info][gc,metaspace   ] GC(14) Metaspace: 14556K(15104K)->14556K(15104K) NonClass: 12490K(12800K)->12490K(12800K) Class: 2065K(2304K)->2065K(2304K)
[6.258s][info][gc             ] GC(14) Pause Young (Normal) (G1 Evacuation Pause) 647M->7M(1072M) 3.052ms
[6.258s][info][gc,cpu         ] GC(14) User=0.00s Sys=0.00s Real=0.00s
[6.752s][info][gc,start       ] GC(15) Pause Young (Normal) (G1 Evacuation Pause)
[6.752s][info][gc,task        ] GC(15) Using 33 workers of 33 for evacuation
[6.755s][info][gc,phases      ] GC(15)   Pre Evacuate Collection Set: 0.2ms
[6.755s][info][gc,phases      ] GC(15)   Merge Heap Roots: 0.2ms
[6.755s][info][gc,phases      ] GC(15)   Evacuate Collection Set: 1.0ms
[6.755s][info][gc,phases      ] GC(15)   Post Evacuate Collection Set: 1.6ms
[6.755s][info][gc,phases      ] GC(15)   Other: 0.1ms
[6.755s][info][gc,heap        ] GC(15) Eden regions: 320->0(320)
[6.755s][info][gc,heap        ] GC(15) Survivor regions: 1->1(41)
[6.755s][info][gc,heap        ] GC(15) Old regions: 16->16
[6.755s][info][gc,heap        ] GC(15) Archive regions: 0->0
[6.755s][info][gc,heap        ] GC(15) Humongous regions: 0->0
[6.755s][info][gc,metaspace   ] GC(15) Metaspace: 14556K(15104K)->14556K(15104K) NonClass: 12490K(12800K)->12490K(12800K) Class: 2065K(2304K)->2065K(2304K)
[6.755s][info][gc             ] GC(15) Pause Young (Normal) (G1 Evacuation Pause) 647M->7M(1072M) 3.327ms
[6.755s][info][gc,cpu         ] GC(15) User=0.52s Sys=0.00s Real=0.00s
[7.254s][info][gc,start       ] GC(16) Pause Young (Normal) (G1 Evacuation Pause)
[7.254s][info][gc,task        ] GC(16) Using 33 workers of 33 for evacuation
[7.257s][info][gc,phases      ] GC(16)   Pre Evacuate Collection Set: 0.2ms
[7.257s][info][gc,phases      ] GC(16)   Merge Heap Roots: 0.2ms
[7.257s][info][gc,phases      ] GC(16)   Evacuate Collection Set: 0.8ms
[7.257s][info][gc,phases      ] GC(16)   Post Evacuate Collection Set: 1.2ms
[7.257s][info][gc,phases      ] GC(16)   Other: 0.1ms
[7.257s][info][gc,heap        ] GC(16) Eden regions: 320->0(320)
[7.257s][info][gc,heap        ] GC(16) Survivor regions: 1->1(41)
[7.257s][info][gc,heap        ] GC(16) Old regions: 16->16
[7.257s][info][gc,heap        ] GC(16) Archive regions: 0->0
[7.257s][info][gc,heap        ] GC(16) Humongous regions: 0->0
[7.257s][info][gc,metaspace   ] GC(16) Metaspace: 14559K(15104K)->14559K(15104K) NonClass: 12493K(12800K)->12493K(12800K) Class: 2065K(2304K)->2065K(2304K)
[7.257s][info][gc             ] GC(16) Pause Young (Normal) (G1 Evacuation Pause) 647M->7M(1072M) 2.683ms
[7.257s][info][gc,cpu         ] GC(16) User=0.00s Sys=0.00s Real=0.00s
[7.751s][info][gc,start       ] GC(17) Pause Young (Normal) (G1 Evacuation Pause)
[7.751s][info][gc,task        ] GC(17) Using 33 workers of 33 for evacuation
[7.754s][info][gc,phases      ] GC(17)   Pre Evacuate Collection Set: 0.2ms
[7.754s][info][gc,phases      ] GC(17)   Merge Heap Roots: 0.2ms
[7.754s][info][gc,phases      ] GC(17)   Evacuate Collection Set: 0.9ms
[7.754s][info][gc,phases      ] GC(17)   Post Evacuate Collection Set: 1.6ms
[7.754s][info][gc,phases      ] GC(17)   Other: 0.1ms
[7.754s][info][gc,heap        ] GC(17) Eden regions: 320->0(320)
[7.754s][info][gc,heap        ] GC(17) Survivor regions: 1->1(41)
[7.754s][info][gc,heap        ] GC(17) Old regions: 16->16
[7.754s][info][gc,heap        ] GC(17) Archive regions: 0->0
[7.754s][info][gc,heap        ] GC(17) Humongous regions: 0->0
[7.754s][info][gc,metaspace   ] GC(17) Metaspace: 14559K(15104K)->14559K(15104K) NonClass: 12493K(12800K)->12493K(12800K) Class: 2065K(2304K)->2065K(2304K)
[7.754s][info][gc             ] GC(17) Pause Young (Normal) (G1 Evacuation Pause) 647M->7M(1072M) 3.093ms
[7.754s][info][gc,cpu         ] GC(17) User=0.52s Sys=0.00s Real=0.00s
[8.252s][info][gc,start       ] GC(18) Pause Young (Normal) (G1 Evacuation Pause)
[8.253s][info][gc,task        ] GC(18) Using 33 workers of 33 for evacuation
[8.255s][info][gc,phases      ] GC(18)   Pre Evacuate Collection Set: 0.2ms
[8.255s][info][gc,phases      ] GC(18)   Merge Heap Roots: 0.2ms
[8.255s][info][gc,phases      ] GC(18)   Evacuate Collection Set: 0.4ms
[8.255s][info][gc,phases      ] GC(18)   Post Evacuate Collection Set: 1.5ms
[8.255s][info][gc,phases      ] GC(18)   Other: 0.1ms
[8.255s][info][gc,heap        ] GC(18) Eden regions: 320->0(320)
[8.255s][info][gc,heap        ] GC(18) Survivor regions: 1->1(41)
[8.255s][info][gc,heap        ] GC(18) Old regions: 16->16
[8.255s][info][gc,heap        ] GC(18) Archive regions: 0->0
[8.255s][info][gc,heap        ] GC(18) Humongous regions: 0->0
[8.255s][info][gc,metaspace   ] GC(18) Metaspace: 14559K(15104K)->14559K(15104K) NonClass: 12493K(12800K)->12493K(12800K) Class: 2065K(2304K)->2065K(2304K)
[8.255s][info][gc             ] GC(18) Pause Young (Normal) (G1 Evacuation Pause) 647M->7M(1072M) 2.623ms
[8.255s][info][gc,cpu         ] GC(18) User=0.36s Sys=0.16s Real=0.00s
[8.747s][info][gc,start       ] GC(19) Pause Young (Normal) (G1 Evacuation Pause)
[8.748s][info][gc,task        ] GC(19) Using 33 workers of 33 for evacuation
[8.750s][info][gc,phases      ] GC(19)   Pre Evacuate Collection Set: 0.2ms
[8.750s][info][gc,phases      ] GC(19)   Merge Heap Roots: 0.1ms
[8.750s][info][gc,phases      ] GC(19)   Evacuate Collection Set: 0.4ms
[8.750s][info][gc,phases      ] GC(19)   Post Evacuate Collection Set: 1.6ms
[8.750s][info][gc,phases      ] GC(19)   Other: 0.2ms
[8.750s][info][gc,heap        ] GC(19) Eden regions: 320->0(320)
[8.750s][info][gc,heap        ] GC(19) Survivor regions: 1->1(41)
[8.750s][info][gc,heap        ] GC(19) Old regions: 16->16
[8.750s][info][gc,heap        ] GC(19) Archive regions: 0->0
[8.750s][info][gc,heap        ] GC(19) Humongous regions: 0->0
[8.750s][info][gc,metaspace   ] GC(19) Metaspace: 14559K(15104K)->14559K(15104K) NonClass: 12493K(12800K)->12493K(12800K) Class: 2065K(2304K)->2065K(2304K)
[8.750s][info][gc             ] GC(19) Pause Young (Normal) (G1 Evacuation Pause) 647M->8M(1072M) 2.752ms
[8.750s][info][gc,cpu         ] GC(19) User=0.00s Sys=0.00s Real=0.00s
[9.245s][info][gc,start       ] GC(20) Pause Young (Normal) (G1 Evacuation Pause)
[9.246s][info][gc,task        ] GC(20) Using 33 workers of 33 for evacuation
[9.248s][info][gc,phases      ] GC(20)   Pre Evacuate Collection Set: 0.1ms
[9.248s][info][gc,phases      ] GC(20)   Merge Heap Roots: 0.1ms
[9.248s][info][gc,phases      ] GC(20)   Evacuate Collection Set: 0.4ms
[9.248s][info][gc,phases      ] GC(20)   Post Evacuate Collection Set: 1.7ms
[9.248s][info][gc,phases      ] GC(20)   Other: 0.1ms
[9.248s][info][gc,heap        ] GC(20) Eden regions: 320->0(320)
[9.248s][info][gc,heap        ] GC(20) Survivor regions: 1->1(41)
[9.248s][info][gc,heap        ] GC(20) Old regions: 16->16
[9.248s][info][gc,heap        ] GC(20) Archive regions: 0->0
[9.248s][info][gc,heap        ] GC(20) Humongous regions: 0->0
[9.248s][info][gc,metaspace   ] GC(20) Metaspace: 14559K(15104K)->14559K(15104K) NonClass: 12493K(12800K)->12493K(12800K) Class: 2065K(2304K)->2065K(2304K)
[9.248s][info][gc             ] GC(20) Pause Young (Normal) (G1 Evacuation Pause) 648M->8M(1072M) 2.734ms
[9.248s][info][gc,cpu         ] GC(20) User=0.00s Sys=0.00s Real=0.00s
[9.746s][info][gc,start       ] GC(21) Pause Young (Normal) (G1 Evacuation Pause)
[9.746s][info][gc,task        ] GC(21) Using 33 workers of 33 for evacuation
[9.748s][info][gc,phases      ] GC(21)   Pre Evacuate Collection Set: 0.2ms
[9.748s][info][gc,phases      ] GC(21)   Merge Heap Roots: 0.2ms
[9.748s][info][gc,phases      ] GC(21)   Evacuate Collection Set: 0.5ms
[9.748s][info][gc,phases      ] GC(21)   Post Evacuate Collection Set: 1.6ms
[9.748s][info][gc,phases      ] GC(21)   Other: 0.1ms
[9.748s][info][gc,heap        ] GC(21) Eden regions: 320->0(320)
[9.748s][info][gc,heap        ] GC(21) Survivor regions: 1->1(41)
[9.748s][info][gc,heap        ] GC(21) Old regions: 16->16
[9.748s][info][gc,heap        ] GC(21) Archive regions: 0->0
[9.748s][info][gc,heap        ] GC(21) Humongous regions: 0->0
[9.748s][info][gc,metaspace   ] GC(21) Metaspace: 14559K(15104K)->14559K(15104K) NonClass: 12493K(12800K)->12493K(12800K) Class: 2065K(2304K)->2065K(2304K)
[9.748s][info][gc             ] GC(21) Pause Young (Normal) (G1 Evacuation Pause) 648M->8M(1072M) 2.721ms
[9.748s][info][gc,cpu         ] GC(21) User=0.00s Sys=0.00s Real=0.00s
[10.257s][info][gc,start       ] GC(22) Pause Young (Normal) (G1 Evacuation Pause)
[10.257s][info][gc,task        ] GC(22) Using 33 workers of 33 for evacuation
[10.260s][info][gc,phases      ] GC(22)   Pre Evacuate Collection Set: 0.2ms
[10.260s][info][gc,phases      ] GC(22)   Merge Heap Roots: 0.2ms
[10.260s][info][gc,phases      ] GC(22)   Evacuate Collection Set: 0.5ms
[10.260s][info][gc,phases      ] GC(22)   Post Evacuate Collection Set: 1.5ms
[10.260s][info][gc,phases      ] GC(22)   Other: 0.1ms
[10.260s][info][gc,heap        ] GC(22) Eden regions: 320->0(320)
[10.260s][info][gc,heap        ] GC(22) Survivor regions: 1->1(41)
[10.260s][info][gc,heap        ] GC(22) Old regions: 16->16
[10.260s][info][gc,heap        ] GC(22) Archive regions: 0->0
[10.260s][info][gc,heap        ] GC(22) Humongous regions: 0->0
[10.260s][info][gc,metaspace   ] GC(22) Metaspace: 14559K(15104K)->14559K(15104K) NonClass: 12493K(12800K)->12493K(12800K) Class: 2065K(2304K)->2065K(2304K)
[10.260s][info][gc             ] GC(22) Pause Young (Normal) (G1 Evacuation Pause) 648M->8M(1072M) 2.602ms
[10.260s][info][gc,cpu         ] GC(22) User=0.00s Sys=0.00s Real=0.00s
[10.752s][info][gc,start       ] GC(23) Pause Young (Normal) (G1 Evacuation Pause)
[10.752s][info][gc,task        ] GC(23) Using 33 workers of 33 for evacuation
[10.755s][info][gc,phases      ] GC(23)   Pre Evacuate Collection Set: 0.1ms
[10.755s][info][gc,phases      ] GC(23)   Merge Heap Roots: 0.2ms
[10.755s][info][gc,phases      ] GC(23)   Evacuate Collection Set: 0.4ms
[10.755s][info][gc,phases      ] GC(23)   Post Evacuate Collection Set: 1.5ms
[10.755s][info][gc,phases      ] GC(23)   Other: 0.1ms
[10.755s][info][gc,heap        ] GC(23) Eden regions: 320->0(320)
[10.755s][info][gc,heap        ] GC(23) Survivor regions: 1->1(41)
[10.755s][info][gc,heap        ] GC(23) Old regions: 16->16
[10.755s][info][gc,heap        ] GC(23) Archive regions: 0->0
[10.755s][info][gc,heap        ] GC(23) Humongous regions: 0->0
[10.755s][info][gc,metaspace   ] GC(23) Metaspace: 14559K(15104K)->14559K(15104K) NonClass: 12493K(12800K)->12493K(12800K) Class: 2065K(2304K)->2065K(2304K)
[10.755s][info][gc             ] GC(23) Pause Young (Normal) (G1 Evacuation Pause) 648M->8M(1072M) 2.582ms
[10.755s][info][gc,cpu         ] GC(23) User=0.52s Sys=0.00s Real=0.00s
[11.245s][info][gc,start       ] GC(24) Pause Young (Normal) (G1 Evacuation Pause)
[11.245s][info][gc,task        ] GC(24) Using 33 workers of 33 for evacuation
[11.248s][info][gc,phases      ] GC(24)   Pre Evacuate Collection Set: 0.2ms
[11.248s][info][gc,phases      ] GC(24)   Merge Heap Roots: 0.2ms
[11.248s][info][gc,phases      ] GC(24)   Evacuate Collection Set: 0.4ms
[11.248s][info][gc,phases      ] GC(24)   Post Evacuate Collection Set: 1.6ms
[11.248s][info][gc,phases      ] GC(24)   Other: 0.1ms
[11.248s][info][gc,heap        ] GC(24) Eden regions: 320->0(320)
[11.248s][info][gc,heap        ] GC(24) Survivor regions: 1->1(41)
[11.248s][info][gc,heap        ] GC(24) Old regions: 16->16
[11.248s][info][gc,heap        ] GC(24) Archive regions: 0->0
[11.248s][info][gc,heap        ] GC(24) Humongous regions: 0->0
[11.248s][info][gc,metaspace   ] GC(24) Metaspace: 14559K(15104K)->14559K(15104K) NonClass: 12493K(12800K)->12493K(12800K) Class: 2065K(2304K)->2065K(2304K)
[11.248s][info][gc             ] GC(24) Pause Young (Normal) (G1 Evacuation Pause) 648M->8M(1072M) 2.682ms
[11.248s][info][gc,cpu         ] GC(24) User=0.00s Sys=0.00s Real=0.00s
[11.738s][info][gc,start       ] GC(25) Pause Young (Normal) (G1 Evacuation Pause)
[11.738s][info][gc,task        ] GC(25) Using 33 workers of 33 for evacuation
[11.740s][info][gc,phases      ] GC(25)   Pre Evacuate Collection Set: 0.1ms
[11.740s][info][gc,phases      ] GC(25)   Merge Heap Roots: 0.2ms
[11.740s][info][gc,phases      ] GC(25)   Evacuate Collection Set: 0.4ms
[11.740s][info][gc,phases      ] GC(25)   Post Evacuate Collection Set: 1.7ms
[11.740s][info][gc,phases      ] GC(25)   Other: 0.1ms
[11.740s][info][gc,heap        ] GC(25) Eden regions: 320->0(320)
[11.740s][info][gc,heap        ] GC(25) Survivor regions: 1->1(41)
[11.741s][info][gc,heap        ] GC(25) Old regions: 16->17
[11.741s][info][gc,heap        ] GC(25) Archive regions: 0->0
[11.741s][info][gc,heap        ] GC(25) Humongous regions: 0->0
[11.741s][info][gc,metaspace   ] GC(25) Metaspace: 14559K(15104K)->14559K(15104K) NonClass: 12493K(12800K)->12493K(12800K) Class: 2065K(2304K)->2065K(2304K)
[11.741s][info][gc             ] GC(25) Pause Young (Normal) (G1 Evacuation Pause) 648M->8M(1072M) 2.811ms
[11.741s][info][gc,cpu         ] GC(25) User=0.00s Sys=0.00s Real=0.00s
[12.233s][info][gc,start       ] GC(26) Pause Young (Normal) (G1 Evacuation Pause)
[12.233s][info][gc,task        ] GC(26) Using 33 workers of 33 for evacuation
[12.236s][info][gc,phases      ] GC(26)   Pre Evacuate Collection Set: 0.1ms
[12.236s][info][gc,phases      ] GC(26)   Merge Heap Roots: 0.2ms
[12.236s][info][gc,phases      ] GC(26)   Evacuate Collection Set: 0.4ms
[12.236s][info][gc,phases      ] GC(26)   Post Evacuate Collection Set: 1.7ms
[12.236s][info][gc,phases      ] GC(26)   Other: 0.1ms
[12.236s][info][gc,heap        ] GC(26) Eden regions: 320->0(320)
[12.236s][info][gc,heap        ] GC(26) Survivor regions: 1->1(41)
[12.236s][info][gc,heap        ] GC(26) Old regions: 17->17
[12.236s][info][gc,heap        ] GC(26) Archive regions: 0->0
[12.236s][info][gc,heap        ] GC(26) Humongous regions: 0->0
[12.236s][info][gc,metaspace   ] GC(26) Metaspace: 14559K(15104K)->14559K(15104K) NonClass: 12493K(12800K)->12493K(12800K) Class: 2065K(2304K)->2065K(2304K)
[12.236s][info][gc             ] GC(26) Pause Young (Normal) (G1 Evacuation Pause) 648M->8M(1072M) 2.769ms
[12.236s][info][gc,cpu         ] GC(26) User=0.00s Sys=0.00s Real=0.00s
[12.740s][info][gc,start       ] GC(27) Pause Young (Normal) (G1 Evacuation Pause)
[12.740s][info][gc,task        ] GC(27) Using 33 workers of 33 for evacuation
[12.742s][info][gc,phases      ] GC(27)   Pre Evacuate Collection Set: 0.2ms
[12.742s][info][gc,phases      ] GC(27)   Merge Heap Roots: 0.1ms
[12.742s][info][gc,phases      ] GC(27)   Evacuate Collection Set: 0.4ms
[12.742s][info][gc,phases      ] GC(27)   Post Evacuate Collection Set: 1.5ms
[12.742s][info][gc,phases      ] GC(27)   Other: 0.1ms
[12.742s][info][gc,heap        ] GC(27) Eden regions: 320->0(320)
[12.742s][info][gc,heap        ] GC(27) Survivor regions: 1->1(41)
[12.742s][info][gc,heap        ] GC(27) Old regions: 17->17
[12.742s][info][gc,heap        ] GC(27) Archive regions: 0->0
[12.742s][info][gc,heap        ] GC(27) Humongous regions: 0->0
[12.742s][info][gc,metaspace   ] GC(27) Metaspace: 14559K(15104K)->14559K(15104K) NonClass: 12493K(12800K)->12493K(12800K) Class: 2065K(2304K)->2065K(2304K)
[12.742s][info][gc             ] GC(27) Pause Young (Normal) (G1 Evacuation Pause) 648M->8M(1072M) 2.554ms
[12.742s][info][gc,cpu         ] GC(27) User=0.00s Sys=0.00s Real=0.00s
[13.246s][info][gc,start       ] GC(28) Pause Young (Normal) (G1 Evacuation Pause)
[13.246s][info][gc,task        ] GC(28) Using 33 workers of 33 for evacuation
[13.249s][info][gc,phases      ] GC(28)   Pre Evacuate Collection Set: 0.2ms
[13.249s][info][gc,phases      ] GC(28)   Merge Heap Roots: 0.2ms
[13.249s][info][gc,phases      ] GC(28)   Evacuate Collection Set: 0.4ms
[13.249s][info][gc,phases      ] GC(28)   Post Evacuate Collection Set: 1.5ms
[13.249s][info][gc,phases      ] GC(28)   Other: 0.1ms
[13.249s][info][gc,heap        ] GC(28) Eden regions: 320->0(320)
[13.249s][info][gc,heap        ] GC(28) Survivor regions: 1->1(41)
[13.249s][info][gc,heap        ] GC(28) Old regions: 17->17
[13.249s][info][gc,heap        ] GC(28) Archive regions: 0->0
[13.249s][info][gc,heap        ] GC(28) Humongous regions: 0->0
[13.249s][info][gc,metaspace   ] GC(28) Metaspace: 14559K(15104K)->14559K(15104K) NonClass: 12493K(12800K)->12493K(12800K) Class: 2065K(2304K)->2065K(2304K)
[13.249s][info][gc             ] GC(28) Pause Young (Normal) (G1 Evacuation Pause) 648M->9M(1072M) 2.594ms
[13.249s][info][gc,cpu         ] GC(28) User=0.00s Sys=0.00s Real=0.00s
[13.737s][info][gc,start       ] GC(29) Pause Young (Normal) (G1 Evacuation Pause)
[13.737s][info][gc,task        ] GC(29) Using 33 workers of 33 for evacuation
[13.739s][info][gc,phases      ] GC(29)   Pre Evacuate Collection Set: 0.2ms
[13.739s][info][gc,phases      ] GC(29)   Merge Heap Roots: 0.2ms
[13.739s][info][gc,phases      ] GC(29)   Evacuate Collection Set: 0.4ms
[13.739s][info][gc,phases      ] GC(29)   Post Evacuate Collection Set: 1.6ms
[13.739s][info][gc,phases      ] GC(29)   Other: 0.1ms
[13.739s][info][gc,heap        ] GC(29) Eden regions: 320->0(320)
[13.739s][info][gc,heap        ] GC(29) Survivor regions: 1->1(41)
[13.739s][info][gc,heap        ] GC(29) Old regions: 17->17
[13.739s][info][gc,heap        ] GC(29) Archive regions: 0->0
[13.739s][info][gc,heap        ] GC(29) Humongous regions: 0->0
[13.739s][info][gc,metaspace   ] GC(29) Metaspace: 14559K(15104K)->14559K(15104K) NonClass: 12493K(12800K)->12493K(12800K) Class: 2065K(2304K)->2065K(2304K)
[13.739s][info][gc             ] GC(29) Pause Young (Normal) (G1 Evacuation Pause) 649M->9M(1072M) 2.643ms
[13.739s][info][gc,cpu         ] GC(29) User=0.00s Sys=0.00s Real=0.00s
[14.219s][info][gc,start       ] GC(30) Pause Young (Normal) (G1 Evacuation Pause)
[14.219s][info][gc,task        ] GC(30) Using 33 workers of 33 for evacuation
[14.222s][info][gc,phases      ] GC(30)   Pre Evacuate Collection Set: 0.1ms
[14.222s][info][gc,phases      ] GC(30)   Merge Heap Roots: 0.2ms
[14.222s][info][gc,phases      ] GC(30)   Evacuate Collection Set: 0.4ms
[14.222s][info][gc,phases      ] GC(30)   Post Evacuate Collection Set: 1.8ms
[14.222s][info][gc,phases      ] GC(30)   Other: 0.1ms
[14.222s][info][gc,heap        ] GC(30) Eden regions: 320->0(320)
[14.222s][info][gc,heap        ] GC(30) Survivor regions: 1->1(41)
[14.222s][info][gc,heap        ] GC(30) Old regions: 17->17
[14.222s][info][gc,heap        ] GC(30) Archive regions: 0->0
[14.222s][info][gc,heap        ] GC(30) Humongous regions: 0->0
[14.222s][info][gc,metaspace   ] GC(30) Metaspace: 14559K(15104K)->14559K(15104K) NonClass: 12493K(12800K)->12493K(12800K) Class: 2065K(2304K)->2065K(2304K)
[14.222s][info][gc             ] GC(30) Pause Young (Normal) (G1 Evacuation Pause) 649M->9M(1072M) 2.784ms
[14.222s][info][gc,cpu         ] GC(30) User=0.00s Sys=0.00s Real=0.00s
[14.682s][info][gc,start       ] GC(31) Pause Young (Normal) (G1 Evacuation Pause)
[14.682s][info][gc,task        ] GC(31) Using 33 workers of 33 for evacuation
[14.684s][info][gc,phases      ] GC(31)   Pre Evacuate Collection Set: 0.2ms
[14.684s][info][gc,phases      ] GC(31)   Merge Heap Roots: 0.2ms
[14.684s][info][gc,phases      ] GC(31)   Evacuate Collection Set: 0.4ms
[14.685s][info][gc,phases      ] GC(31)   Post Evacuate Collection Set: 1.9ms
[14.685s][info][gc,phases      ] GC(31)   Other: 0.1ms
[14.685s][info][gc,heap        ] GC(31) Eden regions: 320->0(320)
[14.685s][info][gc,heap        ] GC(31) Survivor regions: 1->1(41)
[14.685s][info][gc,heap        ] GC(31) Old regions: 17->17
[14.685s][info][gc,heap        ] GC(31) Archive regions: 0->0
[14.685s][info][gc,heap        ] GC(31) Humongous regions: 0->0
[14.685s][info][gc,metaspace   ] GC(31) Metaspace: 14559K(15104K)->14559K(15104K) NonClass: 12493K(12800K)->12493K(12800K) Class: 2065K(2304K)->2065K(2304K)
[14.685s][info][gc             ] GC(31) Pause Young (Normal) (G1 Evacuation Pause) 649M->9M(1072M) 2.927ms
[14.685s][info][gc,cpu         ] GC(31) User=0.00s Sys=0.00s Real=0.00s
[15.053s][info][gc,start       ] GC(32) Pause Young (Normal) (G1 Evacuation Pause)
[15.053s][info][gc,task        ] GC(32) Using 29 workers of 33 for evacuation
[15.055s][info][gc,phases      ] GC(32)   Pre Evacuate Collection Set: 0.1ms
[15.055s][info][gc,phases      ] GC(32)   Merge Heap Roots: 0.2ms
[15.055s][info][gc,phases      ] GC(32)   Evacuate Collection Set: 0.3ms
[15.055s][info][gc,phases      ] GC(32)   Post Evacuate Collection Set: 1.6ms
[15.055s][info][gc,phases      ] GC(32)   Other: 0.1ms
[15.055s][info][gc,heap        ] GC(32) Eden regions: 320->0(320)
[15.055s][info][gc,heap        ] GC(32) Survivor regions: 1->1(41)
[15.055s][info][gc,heap        ] GC(32) Old regions: 17->17
[15.055s][info][gc,heap        ] GC(32) Archive regions: 0->0
[15.055s][info][gc,heap        ] GC(32) Humongous regions: 0->0
[15.055s][info][gc,metaspace   ] GC(32) Metaspace: 14559K(15104K)->14559K(15104K) NonClass: 12493K(12800K)->12493K(12800K) Class: 2065K(2304K)->2065K(2304K)
[15.055s][info][gc             ] GC(32) Pause Young (Normal) (G1 Evacuation Pause) 649M->9M(1072M) 2.532ms
[15.055s][info][gc,cpu         ] GC(32) User=0.00s Sys=0.00s Real=0.00s
[15.665s][info][gc,start       ] GC(33) Pause Full (System.gc())
[15.665s][info][gc,task        ] GC(33) Using 27 workers of 33 for full compaction
[15.666s][info][gc,phases,start] GC(33) Phase 1: Mark live objects
[15.681s][info][gc,phases      ] GC(33) Phase 1: Mark live objects 15.414ms
[15.681s][info][gc,phases,start] GC(33) Phase 2: Prepare compaction
[15.684s][info][gc,phases      ] GC(33) Phase 2: Prepare compaction 3.115ms
[15.684s][info][gc,phases,start] GC(33) Phase 3: Adjust pointers
[15.690s][info][gc,phases      ] GC(33) Phase 3: Adjust pointers 5.915ms
[15.690s][info][gc,phases,start] GC(33) Phase 4: Compact heap
[15.692s][info][gc,phases      ] GC(33) Phase 4: Compact heap 1.167ms
[15.701s][info][gc,heap        ] GC(33) Eden regions: 188->0(42)
[15.701s][info][gc,heap        ] GC(33) Survivor regions: 1->0(41)
[15.701s][info][gc,heap        ] GC(33) Old regions: 17->21
[15.701s][info][gc,heap        ] GC(33) Archive regions: 0->0
[15.701s][info][gc,heap        ] GC(33) Humongous regions: 0->0
[15.701s][info][gc,metaspace   ] GC(33) Metaspace: 14658K(15232K)->14245K(15104K) NonClass: 12582K(12928K)->12284K(12800K) Class: 2075K(2304K)->1961K(2304K)
[15.701s][info][gc             ] GC(33) Pause Full (System.gc()) 384M->5M(140M) 36.116ms
[15.701s][info][gc,cpu         ] GC(33) User=0.45s Sys=0.02s Real=0.05s
[15.776s][info][gc,start       ] GC(34) Pause Young (Normal) (G1 Evacuation Pause)
[15.776s][info][gc,task        ] GC(34) Using 33 workers of 33 for evacuation
[15.778s][info][gc,phases      ] GC(34)   Pre Evacuate Collection Set: 0.1ms
[15.778s][info][gc,phases      ] GC(34)   Merge Heap Roots: 0.1ms
[15.778s][info][gc,phases      ] GC(34)   Evacuate Collection Set: 0.5ms
[15.778s][info][gc,phases      ] GC(34)   Post Evacuate Collection Set: 0.6ms
[15.778s][info][gc,phases      ] GC(34)   Other: 0.1ms
[15.778s][info][gc,heap        ] GC(34) Eden regions: 42->0(41)
[15.778s][info][gc,heap        ] GC(34) Survivor regions: 0->1(6)
[15.778s][info][gc,heap        ] GC(34) Old regions: 21->21
[15.778s][info][gc,heap        ] GC(34) Archive regions: 0->0
[15.778s][info][gc,heap        ] GC(34) Humongous regions: 0->0
[15.778s][info][gc,metaspace   ] GC(34) Metaspace: 14249K(15104K)->14249K(15104K) NonClass: 12288K(12800K)->12288K(12800K) Class: 1961K(2304K)->1961K(2304K)
[15.778s][info][gc             ] GC(34) Pause Young (Normal) (G1 Evacuation Pause) 89M->6M(140M) 1.563ms
[15.778s][info][gc,cpu         ] GC(34) User=0.00s Sys=0.00s Real=0.00s
[15.844s][info][gc,start       ] GC(35) Pause Young (Normal) (G1 Evacuation Pause)
[15.844s][info][gc,task        ] GC(35) Using 33 workers of 33 for evacuation
[15.846s][info][gc,phases      ] GC(35)   Pre Evacuate Collection Set: 0.1ms
[15.846s][info][gc,phases      ] GC(35)   Merge Heap Roots: 0.1ms
[15.846s][info][gc,phases      ] GC(35)   Evacuate Collection Set: 0.6ms
[15.846s][info][gc,phases      ] GC(35)   Post Evacuate Collection Set: 0.6ms
[15.846s][info][gc,phases      ] GC(35)   Other: 0.1ms
[15.846s][info][gc,heap        ] GC(35) Eden regions: 41->0(41)
[15.846s][info][gc,heap        ] GC(35) Survivor regions: 1->1(6)
[15.846s][info][gc,heap        ] GC(35) Old regions: 21->21
[15.846s][info][gc,heap        ] GC(35) Archive regions: 0->0
[15.846s][info][gc,heap        ] GC(35) Humongous regions: 0->0
[15.846s][info][gc,metaspace   ] GC(35) Metaspace: 14249K(15104K)->14249K(15104K) NonClass: 12288K(12800K)->12288K(12800K) Class: 1961K(2304K)->1961K(2304K)
[15.846s][info][gc             ] GC(35) Pause Young (Normal) (G1 Evacuation Pause) 88M->6M(140M) 1.715ms
[15.846s][info][gc,cpu         ] GC(35) User=0.00s Sys=0.00s Real=0.00s
[15.922s][info][gc,start       ] GC(36) Pause Young (Normal) (G1 Evacuation Pause)
[15.922s][info][gc,task        ] GC(36) Using 33 workers of 33 for evacuation
[15.923s][info][gc,phases      ] GC(36)   Pre Evacuate Collection Set: 0.1ms
[15.923s][info][gc,phases      ] GC(36)   Merge Heap Roots: 0.1ms
[15.923s][info][gc,phases      ] GC(36)   Evacuate Collection Set: 0.5ms
[15.923s][info][gc,phases      ] GC(36)   Post Evacuate Collection Set: 0.6ms
[15.923s][info][gc,phases      ] GC(36)   Other: 0.1ms
[15.924s][info][gc,heap        ] GC(36) Eden regions: 41->0(41)
[15.924s][info][gc,heap        ] GC(36) Survivor regions: 1->1(6)
[15.924s][info][gc,heap        ] GC(36) Old regions: 21->21
[15.924s][info][gc,heap        ] GC(36) Archive regions: 0->0
[15.924s][info][gc,heap        ] GC(36) Humongous regions: 0->0
[15.924s][info][gc,metaspace   ] GC(36) Metaspace: 14249K(15104K)->14249K(15104K) NonClass: 12288K(12800K)->12288K(12800K) Class: 1961K(2304K)->1961K(2304K)
[15.924s][info][gc             ] GC(36) Pause Young (Normal) (G1 Evacuation Pause) 88M->6M(140M) 1.691ms
[15.924s][info][gc,cpu         ] GC(36) User=0.00s Sys=0.00s Real=0.00s
[16.004s][info][gc,start       ] GC(37) Pause Young (Normal) (G1 Evacuation Pause)
[16.005s][info][gc,task        ] GC(37) Using 33 workers of 33 for evacuation
[16.011s][info][gc,phases      ] GC(37)   Pre Evacuate Collection Set: 0.1ms
[16.011s][info][gc,phases      ] GC(37)   Merge Heap Roots: 0.1ms
[16.011s][info][gc,phases      ] GC(37)   Evacuate Collection Set: 0.6ms
[16.011s][info][gc,phases      ] GC(37)   Post Evacuate Collection Set: 5.8ms
[16.011s][info][gc,phases      ] GC(37)   Other: 0.1ms
[16.011s][info][gc,heap        ] GC(37) Eden regions: 41->0(327)
[16.011s][info][gc,heap        ] GC(37) Survivor regions: 1->1(6)
[16.011s][info][gc,heap        ] GC(37) Old regions: 21->21
[16.011s][info][gc,heap        ] GC(37) Archive regions: 0->0
[16.011s][info][gc,heap        ] GC(37) Humongous regions: 0->0
[16.012s][info][gc,metaspace   ] GC(37) Metaspace: 14249K(15104K)->14249K(15104K) NonClass: 12288K(12800K)->12288K(12800K) Class: 1961K(2304K)->1961K(2304K)
[16.012s][info][gc             ] GC(37) Pause Young (Normal) (G1 Evacuation Pause) 88M->6M(1094M) 7.159ms
[16.012s][info][gc,cpu         ] GC(37) User=0.00s Sys=0.00s Real=0.01s
[16.470s][info][gc,start       ] GC(38) Pause Young (Normal) (G1 Evacuation Pause)
[16.470s][info][gc,task        ] GC(38) Using 33 workers of 33 for evacuation
[16.474s][info][gc,phases      ] GC(38)   Pre Evacuate Collection Set: 0.1ms
[16.474s][info][gc,phases      ] GC(38)   Merge Heap Roots: 0.1ms
[16.474s][info][gc,phases      ] GC(38)   Evacuate Collection Set: 1.9ms
[16.474s][info][gc,phases      ] GC(38)   Post Evacuate Collection Set: 1.5ms
[16.474s][info][gc,phases      ] GC(38)   Other: 0.1ms
[16.474s][info][gc,heap        ] GC(38) Eden regions: 327->0(327)
[16.474s][info][gc,heap        ] GC(38) Survivor regions: 1->1(41)
[16.474s][info][gc,heap        ] GC(38) Old regions: 21->21
[16.474s][info][gc,heap        ] GC(38) Archive regions: 0->0
[16.474s][info][gc,heap        ] GC(38) Humongous regions: 0->0
[16.474s][info][gc,metaspace   ] GC(38) Metaspace: 14249K(15104K)->14249K(15104K) NonClass: 12288K(12800K)->12288K(12800K) Class: 1961K(2304K)->1961K(2304K)
[16.474s][info][gc             ] GC(38) Pause Young (Normal) (G1 Evacuation Pause) 660M->6M(1094M) 3.993ms
[16.474s][info][gc,cpu         ] GC(38) User=0.52s Sys=0.00s Real=0.00s
[16.944s][info][gc,start       ] GC(39) Pause Young (Normal) (G1 Evacuation Pause)
[16.944s][info][gc,task        ] GC(39) Using 33 workers of 33 for evacuation
[16.947s][info][gc,phases      ] GC(39)   Pre Evacuate Collection Set: 0.1ms
[16.947s][info][gc,phases      ] GC(39)   Merge Heap Roots: 0.1ms
[16.948s][info][gc,phases      ] GC(39)   Evacuate Collection Set: 1.9ms
[16.948s][info][gc,phases      ] GC(39)   Post Evacuate Collection Set: 1.6ms
[16.948s][info][gc,phases      ] GC(39)   Other: 0.1ms
[16.948s][info][gc,heap        ] GC(39) Eden regions: 327->0(327)
[16.948s][info][gc,heap        ] GC(39) Survivor regions: 1->1(41)
[16.948s][info][gc,heap        ] GC(39) Old regions: 21->21
[16.948s][info][gc,heap        ] GC(39) Archive regions: 0->0
[16.948s][info][gc,heap        ] GC(39) Humongous regions: 0->0
[16.948s][info][gc,metaspace   ] GC(39) Metaspace: 14249K(15104K)->14249K(15104K) NonClass: 12288K(12800K)->12288K(12800K) Class: 1961K(2304K)->1961K(2304K)
[16.948s][info][gc             ] GC(39) Pause Young (Normal) (G1 Evacuation Pause) 660M->6M(1094M) 4.112ms
[16.948s][info][gc,cpu         ] GC(39) User=0.00s Sys=0.00s Real=0.00s
[17.425s][info][gc,start       ] GC(40) Pause Young (Normal) (G1 Evacuation Pause)
[17.425s][info][gc,task        ] GC(40) Using 33 workers of 33 for evacuation
[17.428s][info][gc,phases      ] GC(40)   Pre Evacuate Collection Set: 0.1ms
[17.428s][info][gc,phases      ] GC(40)   Merge Heap Roots: 0.1ms
[17.428s][info][gc,phases      ] GC(40)   Evacuate Collection Set: 0.6ms
[17.428s][info][gc,phases      ] GC(40)   Post Evacuate Collection Set: 1.7ms
[17.428s][info][gc,phases      ] GC(40)   Other: 0.1ms
[17.428s][info][gc,heap        ] GC(40) Eden regions: 327->0(327)
[17.428s][info][gc,heap        ] GC(40) Survivor regions: 1->1(41)
[17.428s][info][gc,heap        ] GC(40) Old regions: 21->21
[17.428s][info][gc,heap        ] GC(40) Archive regions: 0->0
[17.428s][info][gc,heap        ] GC(40) Humongous regions: 0->0
[17.428s][info][gc,metaspace   ] GC(40) Metaspace: 14249K(15104K)->14249K(15104K) NonClass: 12288K(12800K)->12288K(12800K) Class: 1961K(2304K)->1961K(2304K)
[17.428s][info][gc             ] GC(40) Pause Young (Normal) (G1 Evacuation Pause) 660M->6M(1094M) 2.913ms
[17.428s][info][gc,cpu         ] GC(40) User=0.00s Sys=0.00s Real=0.00s
[17.896s][info][gc,start       ] GC(41) Pause Young (Normal) (G1 Evacuation Pause)
[17.896s][info][gc,task        ] GC(41) Using 33 workers of 33 for evacuation
[17.898s][info][gc,phases      ] GC(41)   Pre Evacuate Collection Set: 0.1ms
[17.899s][info][gc,phases      ] GC(41)   Merge Heap Roots: 0.1ms
[17.899s][info][gc,phases      ] GC(41)   Evacuate Collection Set: 0.5ms
[17.899s][info][gc,phases      ] GC(41)   Post Evacuate Collection Set: 1.7ms
[17.899s][info][gc,phases      ] GC(41)   Other: 0.1ms
[17.899s][info][gc,heap        ] GC(41) Eden regions: 327->0(327)
[17.899s][info][gc,heap        ] GC(41) Survivor regions: 1->1(41)
[17.899s][info][gc,heap        ] GC(41) Old regions: 21->21
[17.899s][info][gc,heap        ] GC(41) Archive regions: 0->0
[17.899s][info][gc,heap        ] GC(41) Humongous regions: 0->0
[17.899s][info][gc,metaspace   ] GC(41) Metaspace: 14249K(15104K)->14249K(15104K) NonClass: 12288K(12800K)->12288K(12800K) Class: 1961K(2304K)->1961K(2304K)
[17.899s][info][gc             ] GC(41) Pause Young (Normal) (G1 Evacuation Pause) 660M->7M(1094M) 2.832ms
[17.899s][info][gc,cpu         ] GC(41) User=0.00s Sys=0.00s Real=0.00s
[18.371s][info][gc,start       ] GC(42) Pause Young (Normal) (G1 Evacuation Pause)
[18.372s][info][gc,task        ] GC(42) Using 33 workers of 33 for evacuation
[18.374s][info][gc,phases      ] GC(42)   Pre Evacuate Collection Set: 0.1ms
[18.374s][info][gc,phases      ] GC(42)   Merge Heap Roots: 0.1ms
[18.374s][info][gc,phases      ] GC(42)   Evacuate Collection Set: 0.6ms
[18.374s][info][gc,phases      ] GC(42)   Post Evacuate Collection Set: 1.9ms
[18.374s][info][gc,phases      ] GC(42)   Other: 0.1ms
[18.374s][info][gc,heap        ] GC(42) Eden regions: 327->0(327)
[18.374s][info][gc,heap        ] GC(42) Survivor regions: 1->1(41)
[18.374s][info][gc,heap        ] GC(42) Old regions: 21->21
[18.374s][info][gc,heap        ] GC(42) Archive regions: 0->0
[18.374s][info][gc,heap        ] GC(42) Humongous regions: 0->0
[18.374s][info][gc,metaspace   ] GC(42) Metaspace: 14249K(15104K)->14249K(15104K) NonClass: 12288K(12800K)->12288K(12800K) Class: 1961K(2304K)->1961K(2304K)
[18.375s][info][gc             ] GC(42) Pause Young (Normal) (G1 Evacuation Pause) 661M->7M(1094M) 3.075ms
[18.375s][info][gc,cpu         ] GC(42) User=0.00s Sys=0.00s Real=0.00s
[18.846s][info][gc,start       ] GC(43) Pause Young (Normal) (G1 Evacuation Pause)
[18.846s][info][gc,task        ] GC(43) Using 33 workers of 33 for evacuation
[18.849s][info][gc,phases      ] GC(43)   Pre Evacuate Collection Set: 0.1ms
[18.849s][info][gc,phases      ] GC(43)   Merge Heap Roots: 0.1ms
[18.849s][info][gc,phases      ] GC(43)   Evacuate Collection Set: 0.6ms
[18.849s][info][gc,phases      ] GC(43)   Post Evacuate Collection Set: 1.9ms
[18.849s][info][gc,phases      ] GC(43)   Other: 0.1ms
[18.849s][info][gc,heap        ] GC(43) Eden regions: 327->0(327)
[18.849s][info][gc,heap        ] GC(43) Survivor regions: 1->1(41)
[18.849s][info][gc,heap        ] GC(43) Old regions: 21->21
[18.849s][info][gc,heap        ] GC(43) Archive regions: 0->0
[18.849s][info][gc,heap        ] GC(43) Humongous regions: 0->0
[18.849s][info][gc,metaspace   ] GC(43) Metaspace: 14249K(15104K)->14249K(15104K) NonClass: 12288K(12800K)->12288K(12800K) Class: 1961K(2304K)->1961K(2304K)
[18.849s][info][gc             ] GC(43) Pause Young (Normal) (G1 Evacuation Pause) 661M->7M(1094M) 3.107ms
[18.849s][info][gc,cpu         ] GC(43) User=0.52s Sys=0.00s Real=0.00s
[19.313s][info][gc,start       ] GC(44) Pause Young (Normal) (G1 Evacuation Pause)
[19.313s][info][gc,task        ] GC(44) Using 33 workers of 33 for evacuation
[19.316s][info][gc,phases      ] GC(44)   Pre Evacuate Collection Set: 0.2ms
[19.316s][info][gc,phases      ] GC(44)   Merge Heap Roots: 0.1ms
[19.316s][info][gc,phases      ] GC(44)   Evacuate Collection Set: 0.6ms
[19.316s][info][gc,phases      ] GC(44)   Post Evacuate Collection Set: 1.9ms
[19.316s][info][gc,phases      ] GC(44)   Other: 0.1ms
[19.316s][info][gc,heap        ] GC(44) Eden regions: 327->0(326)
[19.316s][info][gc,heap        ] GC(44) Survivor regions: 1->2(41)
[19.316s][info][gc,heap        ] GC(44) Old regions: 21->21
[19.316s][info][gc,heap        ] GC(44) Archive regions: 0->0
[19.316s][info][gc,heap        ] GC(44) Humongous regions: 0->0
[19.316s][info][gc,metaspace   ] GC(44) Metaspace: 14249K(15104K)->14249K(15104K) NonClass: 12288K(12800K)->12288K(12800K) Class: 1961K(2304K)->1961K(2304K)
[19.316s][info][gc             ] GC(44) Pause Young (Normal) (G1 Evacuation Pause) 661M->7M(1094M) 3.161ms
[19.316s][info][gc,cpu         ] GC(44) User=0.05s Sys=0.00s Real=0.00s
[19.789s][info][gc,start       ] GC(45) Pause Young (Normal) (G1 Evacuation Pause)
[19.789s][info][gc,task        ] GC(45) Using 33 workers of 33 for evacuation
[19.792s][info][gc,phases      ] GC(45)   Pre Evacuate Collection Set: 0.2ms
[19.792s][info][gc,phases      ] GC(45)   Merge Heap Roots: 0.1ms
[19.792s][info][gc,phases      ] GC(45)   Evacuate Collection Set: 0.7ms
[19.792s][info][gc,phases      ] GC(45)   Post Evacuate Collection Set: 1.9ms
[19.792s][info][gc,phases      ] GC(45)   Other: 0.1ms
[19.792s][info][gc,heap        ] GC(45) Eden regions: 326->0(326)
[19.792s][info][gc,heap        ] GC(45) Survivor regions: 2->2(41)
[19.792s][info][gc,heap        ] GC(45) Old regions: 21->21
[19.792s][info][gc,heap        ] GC(45) Archive regions: 0->0
[19.792s][info][gc,heap        ] GC(45) Humongous regions: 0->0
[19.792s][info][gc,metaspace   ] GC(45) Metaspace: 14249K(15104K)->14249K(15104K) NonClass: 12288K(12800K)->12288K(12800K) Class: 1961K(2304K)->1961K(2304K)
[19.793s][info][gc             ] GC(45) Pause Young (Normal) (G1 Evacuation Pause) 659M->7M(1094M) 3.299ms
[19.793s][info][gc,cpu         ] GC(45) User=0.00s Sys=0.00s Real=0.00s
[20.264s][info][gc,start       ] GC(46) Pause Young (Normal) (G1 Evacuation Pause)
[20.264s][info][gc,task        ] GC(46) Using 33 workers of 33 for evacuation
[20.267s][info][gc,phases      ] GC(46)   Pre Evacuate Collection Set: 0.1ms
[20.267s][info][gc,phases      ] GC(46)   Merge Heap Roots: 0.2ms
[20.267s][info][gc,phases      ] GC(46)   Evacuate Collection Set: 0.6ms
[20.267s][info][gc,phases      ] GC(46)   Post Evacuate Collection Set: 1.8ms
[20.267s][info][gc,phases      ] GC(46)   Other: 0.1ms
[20.267s][info][gc,heap        ] GC(46) Eden regions: 326->0(326)
[20.267s][info][gc,heap        ] GC(46) Survivor regions: 2->2(41)
[20.267s][info][gc,heap        ] GC(46) Old regions: 21->21
[20.267s][info][gc,heap        ] GC(46) Archive regions: 0->0
[20.267s][info][gc,heap        ] GC(46) Humongous regions: 0->0
[20.267s][info][gc,metaspace   ] GC(46) Metaspace: 14249K(15104K)->14249K(15104K) NonClass: 12288K(12800K)->12288K(12800K) Class: 1961K(2304K)->1961K(2304K)
[20.267s][info][gc             ] GC(46) Pause Young (Normal) (G1 Evacuation Pause) 659M->7M(1094M) 3.035ms
[20.267s][info][gc,cpu         ] GC(46) User=0.00s Sys=0.00s Real=0.00s
[20.744s][info][gc,start       ] GC(47) Pause Young (Normal) (G1 Evacuation Pause)
[20.744s][info][gc,task        ] GC(47) Using 33 workers of 33 for evacuation
[20.746s][info][gc,phases      ] GC(47)   Pre Evacuate Collection Set: 0.1ms
[20.746s][info][gc,phases      ] GC(47)   Merge Heap Roots: 0.1ms
[20.746s][info][gc,phases      ] GC(47)   Evacuate Collection Set: 0.5ms
[20.746s][info][gc,phases      ] GC(47)   Post Evacuate Collection Set: 1.6ms
[20.746s][info][gc,phases      ] GC(47)   Other: 0.1ms
[20.746s][info][gc,heap        ] GC(47) Eden regions: 326->0(326)
[20.746s][info][gc,heap        ] GC(47) Survivor regions: 2->2(41)
[20.746s][info][gc,heap        ] GC(47) Old regions: 21->21
[20.746s][info][gc,heap        ] GC(47) Archive regions: 0->0
[20.746s][info][gc,heap        ] GC(47) Humongous regions: 0->0
[20.746s][info][gc,metaspace   ] GC(47) Metaspace: 14249K(15104K)->14249K(15104K) NonClass: 12288K(12800K)->12288K(12800K) Class: 1961K(2304K)->1961K(2304K)
[20.746s][info][gc             ] GC(47) Pause Young (Normal) (G1 Evacuation Pause) 659M->7M(1094M) 2.745ms
[20.746s][info][gc,cpu         ] GC(47) User=0.00s Sys=0.00s Real=0.00s
[21.211s][info][gc,start       ] GC(48) Pause Young (Normal) (G1 Evacuation Pause)
[21.211s][info][gc,task        ] GC(48) Using 33 workers of 33 for evacuation
[21.213s][info][gc,phases      ] GC(48)   Pre Evacuate Collection Set: 0.1ms
[21.213s][info][gc,phases      ] GC(48)   Merge Heap Roots: 0.1ms
[21.213s][info][gc,phases      ] GC(48)   Evacuate Collection Set: 0.6ms
[21.213s][info][gc,phases      ] GC(48)   Post Evacuate Collection Set: 1.7ms
[21.213s][info][gc,phases      ] GC(48)   Other: 0.1ms
[21.213s][info][gc,heap        ] GC(48) Eden regions: 326->0(326)
[21.213s][info][gc,heap        ] GC(48) Survivor regions: 2->2(41)
[21.213s][info][gc,heap        ] GC(48) Old regions: 21->21
[21.214s][info][gc,heap        ] GC(48) Archive regions: 0->0
[21.214s][info][gc,heap        ] GC(48) Humongous regions: 0->0
[21.214s][info][gc,metaspace   ] GC(48) Metaspace: 14249K(15104K)->14249K(15104K) NonClass: 12288K(12800K)->12288K(12800K) Class: 1961K(2304K)->1961K(2304K)
[21.214s][info][gc             ] GC(48) Pause Young (Normal) (G1 Evacuation Pause) 659M->7M(1094M) 2.947ms
[21.214s][info][gc,cpu         ] GC(48) User=0.00s Sys=0.00s Real=0.00s
[21.676s][info][gc,start       ] GC(49) Pause Young (Normal) (G1 Evacuation Pause)
[21.676s][info][gc,task        ] GC(49) Using 33 workers of 33 for evacuation
[21.680s][info][gc,phases      ] GC(49)   Pre Evacuate Collection Set: 0.1ms
[21.680s][info][gc,phases      ] GC(49)   Merge Heap Roots: 0.1ms
[21.680s][info][gc,phases      ] GC(49)   Evacuate Collection Set: 1.8ms
[21.680s][info][gc,phases      ] GC(49)   Post Evacuate Collection Set: 1.8ms
[21.680s][info][gc,phases      ] GC(49)   Other: 0.1ms
[21.680s][info][gc,heap        ] GC(49) Eden regions: 326->0(327)
[21.680s][info][gc,heap        ] GC(49) Survivor regions: 2->1(41)
[21.680s][info][gc,heap        ] GC(49) Old regions: 21->22
[21.680s][info][gc,heap        ] GC(49) Archive regions: 0->0
[21.680s][info][gc,heap        ] GC(49) Humongous regions: 0->0
[21.680s][info][gc,metaspace   ] GC(49) Metaspace: 14249K(15104K)->14249K(15104K) NonClass: 12288K(12800K)->12288K(12800K) Class: 1961K(2304K)->1961K(2304K)
[21.680s][info][gc             ] GC(49) Pause Young (Normal) (G1 Evacuation Pause) 659M->7M(1094M) 4.159ms
[21.680s][info][gc,cpu         ] GC(49) User=0.00s Sys=0.00s Real=0.00s
[22.147s][info][gc,start       ] GC(50) Pause Young (Normal) (G1 Evacuation Pause)
[22.147s][info][gc,task        ] GC(50) Using 33 workers of 33 for evacuation
[22.150s][info][gc,phases      ] GC(50)   Pre Evacuate Collection Set: 0.1ms
[22.150s][info][gc,phases      ] GC(50)   Merge Heap Roots: 0.2ms
[22.150s][info][gc,phases      ] GC(50)   Evacuate Collection Set: 0.4ms
[22.150s][info][gc,phases      ] GC(50)   Post Evacuate Collection Set: 1.9ms
[22.150s][info][gc,phases      ] GC(50)   Other: 0.1ms
[22.150s][info][gc,heap        ] GC(50) Eden regions: 327->0(327)
[22.150s][info][gc,heap        ] GC(50) Survivor regions: 1->1(41)
[22.150s][info][gc,heap        ] GC(50) Old regions: 22->22
[22.150s][info][gc,heap        ] GC(50) Archive regions: 0->0
[22.150s][info][gc,heap        ] GC(50) Humongous regions: 0->0
[22.150s][info][gc,metaspace   ] GC(50) Metaspace: 14249K(15104K)->14249K(15104K) NonClass: 12288K(12800K)->12288K(12800K) Class: 1961K(2304K)->1961K(2304K)
[22.150s][info][gc             ] GC(50) Pause Young (Normal) (G1 Evacuation Pause) 661M->7M(1094M) 2.952ms
[22.150s][info][gc,cpu         ] GC(50) User=0.00s Sys=0.00s Real=0.00s
[22.617s][info][gc,start       ] GC(51) Pause Young (Normal) (G1 Evacuation Pause)
[22.617s][info][gc,task        ] GC(51) Using 33 workers of 33 for evacuation
[22.620s][info][gc,phases      ] GC(51)   Pre Evacuate Collection Set: 0.1ms
[22.620s][info][gc,phases      ] GC(51)   Merge Heap Roots: 0.2ms
[22.620s][info][gc,phases      ] GC(51)   Evacuate Collection Set: 0.4ms
[22.620s][info][gc,phases      ] GC(51)   Post Evacuate Collection Set: 2.0ms
[22.620s][info][gc,phases      ] GC(51)   Other: 0.1ms
[22.620s][info][gc,heap        ] GC(51) Eden regions: 327->0(327)
[22.620s][info][gc,heap        ] GC(51) Survivor regions: 1->1(41)
[22.620s][info][gc,heap        ] GC(51) Old regions: 22->22
[22.620s][info][gc,heap        ] GC(51) Archive regions: 0->0
[22.620s][info][gc,heap        ] GC(51) Humongous regions: 0->0
[22.620s][info][gc,metaspace   ] GC(51) Metaspace: 14249K(15104K)->14249K(15104K) NonClass: 12288K(12800K)->12288K(12800K) Class: 1961K(2304K)->1961K(2304K)
[22.620s][info][gc             ] GC(51) Pause Young (Normal) (G1 Evacuation Pause) 661M->7M(1094M) 3.034ms
[22.620s][info][gc,cpu         ] GC(51) User=0.00s Sys=0.00s Real=0.00s
[23.089s][info][gc,start       ] GC(52) Pause Young (Normal) (G1 Evacuation Pause)
[23.089s][info][gc,task        ] GC(52) Using 33 workers of 33 for evacuation
[23.092s][info][gc,phases      ] GC(52)   Pre Evacuate Collection Set: 0.2ms
[23.092s][info][gc,phases      ] GC(52)   Merge Heap Roots: 0.2ms
[23.092s][info][gc,phases      ] GC(52)   Evacuate Collection Set: 0.4ms
[23.092s][info][gc,phases      ] GC(52)   Post Evacuate Collection Set: 2.1ms
[23.092s][info][gc,phases      ] GC(52)   Other: 0.1ms
[23.092s][info][gc,heap        ] GC(52) Eden regions: 327->0(327)
[23.092s][info][gc,heap        ] GC(52) Survivor regions: 1->1(41)
[23.092s][info][gc,heap        ] GC(52) Old regions: 22->22
[23.092s][info][gc,heap        ] GC(52) Archive regions: 0->0
[23.092s][info][gc,heap        ] GC(52) Humongous regions: 0->0
[23.092s][info][gc,metaspace   ] GC(52) Metaspace: 14249K(15104K)->14249K(15104K) NonClass: 12288K(12800K)->12288K(12800K) Class: 1961K(2304K)->1961K(2304K)
[23.092s][info][gc             ] GC(52) Pause Young (Normal) (G1 Evacuation Pause) 661M->7M(1094M) 3.124ms
[23.092s][info][gc,cpu         ] GC(52) User=0.00s Sys=0.00s Real=0.00s
[23.559s][info][gc,start       ] GC(53) Pause Young (Normal) (G1 Evacuation Pause)
[23.559s][info][gc,task        ] GC(53) Using 33 workers of 33 for evacuation
[23.562s][info][gc,phases      ] GC(53)   Pre Evacuate Collection Set: 0.2ms
[23.562s][info][gc,phases      ] GC(53)   Merge Heap Roots: 0.2ms
[23.562s][info][gc,phases      ] GC(53)   Evacuate Collection Set: 0.4ms
[23.562s][info][gc,phases      ] GC(53)   Post Evacuate Collection Set: 2.2ms
[23.562s][info][gc,phases      ] GC(53)   Other: 0.1ms
[23.562s][info][gc,heap        ] GC(53) Eden regions: 327->0(327)
[23.562s][info][gc,heap        ] GC(53) Survivor regions: 1->1(41)
[23.562s][info][gc,heap        ] GC(53) Old regions: 22->22
[23.562s][info][gc,heap        ] GC(53) Archive regions: 0->0
[23.562s][info][gc,heap        ] GC(53) Humongous regions: 0->0
[23.562s][info][gc,metaspace   ] GC(53) Metaspace: 14249K(15104K)->14249K(15104K) NonClass: 12288K(12800K)->12288K(12800K) Class: 1961K(2304K)->1961K(2304K)
[23.562s][info][gc             ] GC(53) Pause Young (Normal) (G1 Evacuation Pause) 661M->8M(1094M) 3.230ms
[23.563s][info][gc,cpu         ] GC(53) User=0.00s Sys=0.00s Real=0.00s
[24.056s][info][gc,start       ] GC(54) Pause Young (Normal) (G1 Evacuation Pause)
[24.056s][info][gc,task        ] GC(54) Using 33 workers of 33 for evacuation
[24.059s][info][gc,phases      ] GC(54)   Pre Evacuate Collection Set: 0.2ms
[24.059s][info][gc,phases      ] GC(54)   Merge Heap Roots: 0.2ms
[24.059s][info][gc,phases      ] GC(54)   Evacuate Collection Set: 0.4ms
[24.059s][info][gc,phases      ] GC(54)   Post Evacuate Collection Set: 1.8ms
[24.059s][info][gc,phases      ] GC(54)   Other: 0.1ms
[24.059s][info][gc,heap        ] GC(54) Eden regions: 327->0(327)
[24.059s][info][gc,heap        ] GC(54) Survivor regions: 1->1(41)
[24.059s][info][gc,heap        ] GC(54) Old regions: 22->22
[24.059s][info][gc,heap        ] GC(54) Archive regions: 0->0
[24.059s][info][gc,heap        ] GC(54) Humongous regions: 0->0
[24.059s][info][gc,metaspace   ] GC(54) Metaspace: 14249K(15104K)->14249K(15104K) NonClass: 12288K(12800K)->12288K(12800K) Class: 1961K(2304K)->1961K(2304K)
[24.059s][info][gc             ] GC(54) Pause Young (Normal) (G1 Evacuation Pause) 662M->8M(1094M) 2.909ms
[24.059s][info][gc,cpu         ] GC(54) User=0.00s Sys=0.00s Real=0.00s
[24.523s][info][gc,start       ] GC(55) Pause Young (Normal) (G1 Evacuation Pause)
[24.523s][info][gc,task        ] GC(55) Using 33 workers of 33 for evacuation
[24.526s][info][gc,phases      ] GC(55)   Pre Evacuate Collection Set: 0.2ms
[24.526s][info][gc,phases      ] GC(55)   Merge Heap Roots: 0.2ms
[24.526s][info][gc,phases      ] GC(55)   Evacuate Collection Set: 0.4ms
[24.526s][info][gc,phases      ] GC(55)   Post Evacuate Collection Set: 1.9ms
[24.526s][info][gc,phases      ] GC(55)   Other: 0.1ms
[24.526s][info][gc,heap        ] GC(55) Eden regions: 327->0(327)
[24.526s][info][gc,heap        ] GC(55) Survivor regions: 1->1(41)
[24.526s][info][gc,heap        ] GC(55) Old regions: 22->22
[24.526s][info][gc,heap        ] GC(55) Archive regions: 0->0
[24.526s][info][gc,heap        ] GC(55) Humongous regions: 0->0
[24.526s][info][gc,metaspace   ] GC(55) Metaspace: 14249K(15104K)->14249K(15104K) NonClass: 12288K(12800K)->12288K(12800K) Class: 1961K(2304K)->1961K(2304K)
[24.526s][info][gc             ] GC(55) Pause Young (Normal) (G1 Evacuation Pause) 662M->8M(1094M) 2.937ms
[24.526s][info][gc,cpu         ] GC(55) User=0.00s Sys=0.00s Real=0.00s
[24.989s][info][gc,start       ] GC(56) Pause Young (Normal) (G1 Evacuation Pause)
[24.989s][info][gc,task        ] GC(56) Using 33 workers of 33 for evacuation
[24.992s][info][gc,phases      ] GC(56)   Pre Evacuate Collection Set: 0.2ms
[24.992s][info][gc,phases      ] GC(56)   Merge Heap Roots: 0.2ms
[24.992s][info][gc,phases      ] GC(56)   Evacuate Collection Set: 0.4ms
[24.992s][info][gc,phases      ] GC(56)   Post Evacuate Collection Set: 1.8ms
[24.992s][info][gc,phases      ] GC(56)   Other: 0.1ms
[24.992s][info][gc,heap        ] GC(56) Eden regions: 327->0(327)
[24.992s][info][gc,heap        ] GC(56) Survivor regions: 1->1(41)
[24.992s][info][gc,heap        ] GC(56) Old regions: 22->22
[24.992s][info][gc,heap        ] GC(56) Archive regions: 0->0
[24.992s][info][gc,heap        ] GC(56) Humongous regions: 0->0
[24.992s][info][gc,metaspace   ] GC(56) Metaspace: 14249K(15104K)->14249K(15104K) NonClass: 12288K(12800K)->12288K(12800K) Class: 1961K(2304K)->1961K(2304K)
[24.992s][info][gc             ] GC(56) Pause Young (Normal) (G1 Evacuation Pause) 662M->8M(1094M) 2.882ms
[24.992s][info][gc,cpu         ] GC(56) User=0.00s Sys=0.00s Real=0.00s
[25.452s][info][gc,start       ] GC(57) Pause Young (Normal) (G1 Evacuation Pause)
[25.452s][info][gc,task        ] GC(57) Using 33 workers of 33 for evacuation
[25.455s][info][gc,phases      ] GC(57)   Pre Evacuate Collection Set: 0.2ms
[25.455s][info][gc,phases      ] GC(57)   Merge Heap Roots: 0.2ms
[25.455s][info][gc,phases      ] GC(57)   Evacuate Collection Set: 0.4ms
[25.455s][info][gc,phases      ] GC(57)   Post Evacuate Collection Set: 2.0ms
[25.455s][info][gc,phases      ] GC(57)   Other: 0.1ms
[25.455s][info][gc,heap        ] GC(57) Eden regions: 327->0(327)
[25.455s][info][gc,heap        ] GC(57) Survivor regions: 1->1(41)
[25.455s][info][gc,heap        ] GC(57) Old regions: 22->23
[25.455s][info][gc,heap        ] GC(57) Archive regions: 0->0
[25.455s][info][gc,heap        ] GC(57) Humongous regions: 0->0
[25.455s][info][gc,metaspace   ] GC(57) Metaspace: 14249K(15104K)->14249K(15104K) NonClass: 12288K(12800K)->12288K(12800K) Class: 1961K(2304K)->1961K(2304K)
[25.455s][info][gc             ] GC(57) Pause Young (Normal) (G1 Evacuation Pause) 662M->8M(1094M) 3.134ms
[25.455s][info][gc,cpu         ] GC(57) User=0.00s Sys=0.00s Real=0.00s
[25.915s][info][gc,start       ] GC(58) Pause Young (Normal) (G1 Evacuation Pause)
[25.915s][info][gc,task        ] GC(58) Using 33 workers of 33 for evacuation
[25.918s][info][gc,phases      ] GC(58)   Pre Evacuate Collection Set: 0.2ms
[25.918s][info][gc,phases      ] GC(58)   Merge Heap Roots: 0.2ms
[25.918s][info][gc,phases      ] GC(58)   Evacuate Collection Set: 0.4ms
[25.918s][info][gc,phases      ] GC(58)   Post Evacuate Collection Set: 2.1ms
[25.918s][info][gc,phases      ] GC(58)   Other: 0.1ms
[25.918s][info][gc,heap        ] GC(58) Eden regions: 327->0(327)
[25.918s][info][gc,heap        ] GC(58) Survivor regions: 1->1(41)
[25.918s][info][gc,heap        ] GC(58) Old regions: 23->23
[25.918s][info][gc,heap        ] GC(58) Archive regions: 0->0
[25.918s][info][gc,heap        ] GC(58) Humongous regions: 0->0
[25.918s][info][gc,metaspace   ] GC(58) Metaspace: 14249K(15104K)->14249K(15104K) NonClass: 12288K(12800K)->12288K(12800K) Class: 1961K(2304K)->1961K(2304K)
[25.918s][info][gc             ] GC(58) Pause Young (Normal) (G1 Evacuation Pause) 662M->8M(1094M) 3.184ms
[25.918s][info][gc,cpu         ] GC(58) User=0.00s Sys=0.00s Real=0.00s
[26.375s][info][gc,start       ] GC(59) Pause Young (Normal) (G1 Evacuation Pause)
[26.375s][info][gc,task        ] GC(59) Using 33 workers of 33 for evacuation
[26.378s][info][gc,phases      ] GC(59)   Pre Evacuate Collection Set: 0.1ms
[26.378s][info][gc,phases      ] GC(59)   Merge Heap Roots: 0.1ms
[26.378s][info][gc,phases      ] GC(59)   Evacuate Collection Set: 0.5ms
[26.378s][info][gc,phases      ] GC(59)   Post Evacuate Collection Set: 2.1ms
[26.378s][info][gc,phases      ] GC(59)   Other: 0.1ms
[26.378s][info][gc,heap        ] GC(59) Eden regions: 327->0(327)
[26.378s][info][gc,heap        ] GC(59) Survivor regions: 1->1(41)
[26.378s][info][gc,heap        ] GC(59) Old regions: 23->23
[26.378s][info][gc,heap        ] GC(59) Archive regions: 0->0
[26.378s][info][gc,heap        ] GC(59) Humongous regions: 0->0
[26.378s][info][gc,metaspace   ] GC(59) Metaspace: 14249K(15104K)->14249K(15104K) NonClass: 12288K(12800K)->12288K(12800K) Class: 1961K(2304K)->1961K(2304K)
[26.378s][info][gc             ] GC(59) Pause Young (Normal) (G1 Evacuation Pause) 662M->8M(1094M) 3.247ms
[26.378s][info][gc,cpu         ] GC(59) User=0.00s Sys=0.02s Real=0.00s
[26.779s][info][gc,start       ] GC(60) Pause Young (Normal) (G1 Evacuation Pause)
[26.779s][info][gc,task        ] GC(60) Using 29 workers of 33 for evacuation
[26.782s][info][gc,phases      ] GC(60)   Pre Evacuate Collection Set: 0.1ms
[26.782s][info][gc,phases      ] GC(60)   Merge Heap Roots: 0.1ms
[26.782s][info][gc,phases      ] GC(60)   Evacuate Collection Set: 0.4ms
[26.782s][info][gc,phases      ] GC(60)   Post Evacuate Collection Set: 2.4ms
[26.782s][info][gc,phases      ] GC(60)   Other: 0.1ms
[26.782s][info][gc,heap        ] GC(60) Eden regions: 327->0(327)
[26.782s][info][gc,heap        ] GC(60) Survivor regions: 1->1(41)
[26.782s][info][gc,heap        ] GC(60) Old regions: 23->23
[26.782s][info][gc,heap        ] GC(60) Archive regions: 0->0
[26.782s][info][gc,heap        ] GC(60) Humongous regions: 0->0
[26.782s][info][gc,metaspace   ] GC(60) Metaspace: 14249K(15104K)->14249K(15104K) NonClass: 12288K(12800K)->12288K(12800K) Class: 1961K(2304K)->1961K(2304K)
[26.782s][info][gc             ] GC(60) Pause Young (Normal) (G1 Evacuation Pause) 662M->8M(1094M) 3.490ms
[26.783s][info][gc,cpu         ] GC(60) User=0.00s Sys=0.00s Real=0.00s
[26.881s][info][gc,start       ] GC(61) Pause Full (System.gc())
[26.935s][info][gc,task        ] GC(61) Using 27 workers of 33 for full compaction
[26.937s][info][gc,phases,start] GC(61) Phase 1: Mark live objects
[26.949s][info][gc,phases      ] GC(61) Phase 1: Mark live objects 12.317ms
[26.949s][info][gc,phases,start] GC(61) Phase 2: Prepare compaction
[26.951s][info][gc,phases      ] GC(61) Phase 2: Prepare compaction 2.198ms
[26.951s][info][gc,phases,start] GC(61) Phase 3: Adjust pointers
[26.954s][info][gc,phases      ] GC(61) Phase 3: Adjust pointers 3.078ms
[26.954s][info][gc,phases,start] GC(61) Phase 4: Compact heap
[26.955s][info][gc,phases      ] GC(61) Phase 4: Compact heap 1.008ms
[26.965s][info][gc,heap        ] GC(61) Eden regions: 26->0(42)
[26.965s][info][gc,heap        ] GC(61) Survivor regions: 1->0(41)
[26.965s][info][gc,heap        ] GC(61) Old regions: 23->21
[26.965s][info][gc,heap        ] GC(61) Archive regions: 0->0
[26.965s][info][gc,heap        ] GC(61) Humongous regions: 0->0
[26.965s][info][gc,metaspace   ] GC(61) Metaspace: 14249K(15104K)->14249K(15104K) NonClass: 12288K(12800K)->12288K(12800K) Class: 1961K(2304K)->1961K(2304K)
[26.965s][info][gc             ] GC(61) Pause Full (System.gc()) 60M->5M(140M) 83.597ms
[26.965s][info][gc,cpu         ] GC(61) User=0.45s Sys=0.25s Real=0.08s
[27.028s][info][gc,start       ] GC(62) Pause Young (Normal) (G1 Evacuation Pause)
[27.028s][info][gc,task        ] GC(62) Using 33 workers of 33 for evacuation
[27.030s][info][gc,phases      ] GC(62)   Pre Evacuate Collection Set: 0.1ms
[27.030s][info][gc,phases      ] GC(62)   Merge Heap Roots: 0.1ms
[27.030s][info][gc,phases      ] GC(62)   Evacuate Collection Set: 0.4ms
[27.030s][info][gc,phases      ] GC(62)   Post Evacuate Collection Set: 1.4ms
[27.030s][info][gc,phases      ] GC(62)   Other: 0.1ms
[27.030s][info][gc,heap        ] GC(62) Eden regions: 42->0(41)
[27.030s][info][gc,heap        ] GC(62) Survivor regions: 0->1(6)
[27.030s][info][gc,heap        ] GC(62) Old regions: 21->21
[27.030s][info][gc,heap        ] GC(62) Archive regions: 0->0
[27.030s][info][gc,heap        ] GC(62) Humongous regions: 0->0
[27.030s][info][gc,metaspace   ] GC(62) Metaspace: 14250K(15104K)->14250K(15104K) NonClass: 12289K(12800K)->12289K(12800K) Class: 1961K(2304K)->1961K(2304K)
[27.030s][info][gc             ] GC(62) Pause Young (Normal) (G1 Evacuation Pause) 89M->6M(140M) 2.336ms
[27.030s][info][gc,cpu         ] GC(62) User=0.00s Sys=0.00s Real=0.00s
[27.082s][info][gc,start       ] GC(63) Pause Young (Normal) (G1 Evacuation Pause)
[27.082s][info][gc,task        ] GC(63) Using 33 workers of 33 for evacuation
[27.084s][info][gc,phases      ] GC(63)   Pre Evacuate Collection Set: 0.1ms
[27.084s][info][gc,phases      ] GC(63)   Merge Heap Roots: 0.1ms
[27.084s][info][gc,phases      ] GC(63)   Evacuate Collection Set: 0.5ms
[27.084s][info][gc,phases      ] GC(63)   Post Evacuate Collection Set: 1.3ms
[27.084s][info][gc,phases      ] GC(63)   Other: 0.1ms
[27.084s][info][gc,heap        ] GC(63) Eden regions: 41->0(41)
[27.084s][info][gc,heap        ] GC(63) Survivor regions: 1->1(6)
[27.084s][info][gc,heap        ] GC(63) Old regions: 21->21
[27.084s][info][gc,heap        ] GC(63) Archive regions: 0->0
[27.084s][info][gc,heap        ] GC(63) Humongous regions: 0->0
[27.084s][info][gc,metaspace   ] GC(63) Metaspace: 14250K(15104K)->14250K(15104K) NonClass: 12289K(12800K)->12289K(12800K) Class: 1961K(2304K)->1961K(2304K)
[27.084s][info][gc             ] GC(63) Pause Young (Normal) (G1 Evacuation Pause) 88M->6M(140M) 2.343ms
[27.084s][info][gc,cpu         ] GC(63) User=0.00s Sys=0.00s Real=0.00s
[27.136s][info][gc,start       ] GC(64) Pause Young (Normal) (G1 Evacuation Pause)
[27.136s][info][gc,task        ] GC(64) Using 33 workers of 33 for evacuation
[27.138s][info][gc,phases      ] GC(64)   Pre Evacuate Collection Set: 0.1ms
[27.138s][info][gc,phases      ] GC(64)   Merge Heap Roots: 0.1ms
[27.138s][info][gc,phases      ] GC(64)   Evacuate Collection Set: 0.5ms
[27.138s][info][gc,phases      ] GC(64)   Post Evacuate Collection Set: 1.4ms
[27.138s][info][gc,phases      ] GC(64)   Other: 0.1ms
[27.138s][info][gc,heap        ] GC(64) Eden regions: 41->0(41)
[27.138s][info][gc,heap        ] GC(64) Survivor regions: 1->1(6)
[27.138s][info][gc,heap        ] GC(64) Old regions: 21->21
[27.138s][info][gc,heap        ] GC(64) Archive regions: 0->0
[27.138s][info][gc,heap        ] GC(64) Humongous regions: 0->0
[27.138s][info][gc,metaspace   ] GC(64) Metaspace: 14250K(15104K)->14250K(15104K) NonClass: 12289K(12800K)->12289K(12800K) Class: 1961K(2304K)->1961K(2304K)
[27.138s][info][gc             ] GC(64) Pause Young (Normal) (G1 Evacuation Pause) 88M->6M(140M) 2.325ms
[27.138s][info][gc,cpu         ] GC(64) User=0.00s Sys=0.00s Real=0.00s
[27.199s][info][gc,start       ] GC(65) Pause Young (Normal) (G1 Evacuation Pause)
[27.199s][info][gc,task        ] GC(65) Using 33 workers of 33 for evacuation
[27.204s][info][gc,phases      ] GC(65)   Pre Evacuate Collection Set: 0.1ms
[27.204s][info][gc,phases      ] GC(65)   Merge Heap Roots: 0.1ms
[27.204s][info][gc,phases      ] GC(65)   Evacuate Collection Set: 0.5ms
[27.204s][info][gc,phases      ] GC(65)   Post Evacuate Collection Set: 4.5ms
[27.204s][info][gc,phases      ] GC(65)   Other: 0.1ms
[27.204s][info][gc,heap        ] GC(65) Eden regions: 41->0(327)
[27.204s][info][gc,heap        ] GC(65) Survivor regions: 1->1(6)
[27.204s][info][gc,heap        ] GC(65) Old regions: 21->21
[27.204s][info][gc,heap        ] GC(65) Archive regions: 0->0
[27.204s][info][gc,heap        ] GC(65) Humongous regions: 0->0
[27.204s][info][gc,metaspace   ] GC(65) Metaspace: 14250K(15104K)->14250K(15104K) NonClass: 12289K(12800K)->12289K(12800K) Class: 1961K(2304K)->1961K(2304K)
[27.204s][info][gc             ] GC(65) Pause Young (Normal) (G1 Evacuation Pause) 88M->6M(1094M) 5.468ms
[27.204s][info][gc,cpu         ] GC(65) User=0.00s Sys=0.00s Real=0.00s
[27.654s][info][gc,start       ] GC(66) Pause Young (Normal) (G1 Evacuation Pause)
[27.654s][info][gc,task        ] GC(66) Using 33 workers of 33 for evacuation
[27.658s][info][gc,phases      ] GC(66)   Pre Evacuate Collection Set: 0.2ms
[27.658s][info][gc,phases      ] GC(66)   Merge Heap Roots: 0.1ms
[27.658s][info][gc,phases      ] GC(66)   Evacuate Collection Set: 2.0ms
[27.658s][info][gc,phases      ] GC(66)   Post Evacuate Collection Set: 1.7ms
[27.658s][info][gc,phases      ] GC(66)   Other: 0.1ms
[27.658s][info][gc,heap        ] GC(66) Eden regions: 327->0(327)
[27.659s][info][gc,heap        ] GC(66) Survivor regions: 1->1(41)
[27.659s][info][gc,heap        ] GC(66) Old regions: 21->21
[27.659s][info][gc,heap        ] GC(66) Archive regions: 0->0
[27.659s][info][gc,heap        ] GC(66) Humongous regions: 0->0
[27.659s][info][gc,metaspace   ] GC(66) Metaspace: 14250K(15104K)->14250K(15104K) NonClass: 12289K(12800K)->12289K(12800K) Class: 1961K(2304K)->1961K(2304K)
[27.659s][info][gc             ] GC(66) Pause Young (Normal) (G1 Evacuation Pause) 660M->6M(1094M) 4.283ms
[27.659s][info][gc,cpu         ] GC(66) User=0.00s Sys=0.00s Real=0.00s
[28.075s][info][gc,start       ] GC(67) Pause Young (Normal) (G1 Evacuation Pause)
[28.075s][info][gc,task        ] GC(67) Using 33 workers of 33 for evacuation
[28.079s][info][gc,phases      ] GC(67)   Pre Evacuate Collection Set: 0.1ms
[28.079s][info][gc,phases      ] GC(67)   Merge Heap Roots: 0.1ms
[28.079s][info][gc,phases      ] GC(67)   Evacuate Collection Set: 1.9ms
[28.079s][info][gc,phases      ] GC(67)   Post Evacuate Collection Set: 1.6ms
[28.079s][info][gc,phases      ] GC(67)   Other: 0.1ms
[28.079s][info][gc,heap        ] GC(67) Eden regions: 327->0(327)
[28.079s][info][gc,heap        ] GC(67) Survivor regions: 1->1(41)
[28.079s][info][gc,heap        ] GC(67) Old regions: 21->21
[28.079s][info][gc,heap        ] GC(67) Archive regions: 0->0
[28.079s][info][gc,heap        ] GC(67) Humongous regions: 0->0
[28.079s][info][gc,metaspace   ] GC(67) Metaspace: 14250K(15104K)->14250K(15104K) NonClass: 12289K(12800K)->12289K(12800K) Class: 1961K(2304K)->1961K(2304K)
[28.079s][info][gc             ] GC(67) Pause Young (Normal) (G1 Evacuation Pause) 660M->6M(1094M) 4.128ms
[28.079s][info][gc,cpu         ] GC(67) User=0.00s Sys=0.00s Real=0.00s
[28.477s][info][gc,start       ] GC(68) Pause Young (Normal) (G1 Evacuation Pause)
[28.477s][info][gc,task        ] GC(68) Using 33 workers of 33 for evacuation
[28.479s][info][gc,phases      ] GC(68)   Pre Evacuate Collection Set: 0.2ms
[28.479s][info][gc,phases      ] GC(68)   Merge Heap Roots: 0.1ms
[28.479s][info][gc,phases      ] GC(68)   Evacuate Collection Set: 0.6ms
[28.479s][info][gc,phases      ] GC(68)   Post Evacuate Collection Set: 1.5ms
[28.479s][info][gc,phases      ] GC(68)   Other: 0.1ms
[28.479s][info][gc,heap        ] GC(68) Eden regions: 327->0(327)
[28.479s][info][gc,heap        ] GC(68) Survivor regions: 1->1(41)
[28.479s][info][gc,heap        ] GC(68) Old regions: 21->21
[28.479s][info][gc,heap        ] GC(68) Archive regions: 0->0
[28.479s][info][gc,heap        ] GC(68) Humongous regions: 0->0
[28.479s][info][gc,metaspace   ] GC(68) Metaspace: 14250K(15104K)->14250K(15104K) NonClass: 12289K(12800K)->12289K(12800K) Class: 1961K(2304K)->1961K(2304K)
[28.479s][info][gc             ] GC(68) Pause Young (Normal) (G1 Evacuation Pause) 660M->6M(1094M) 2.715ms
[28.479s][info][gc,cpu         ] GC(68) User=0.00s Sys=0.00s Real=0.00s
[28.883s][info][gc,start       ] GC(69) Pause Young (Normal) (G1 Evacuation Pause)
[28.883s][info][gc,task        ] GC(69) Using 33 workers of 33 for evacuation
[28.885s][info][gc,phases      ] GC(69)   Pre Evacuate Collection Set: 0.1ms
[28.886s][info][gc,phases      ] GC(69)   Merge Heap Roots: 0.1ms
[28.886s][info][gc,phases      ] GC(69)   Evacuate Collection Set: 0.5ms
[28.886s][info][gc,phases      ] GC(69)   Post Evacuate Collection Set: 1.5ms
[28.886s][info][gc,phases      ] GC(69)   Other: 0.1ms
[28.886s][info][gc,heap        ] GC(69) Eden regions: 327->0(327)
[28.886s][info][gc,heap        ] GC(69) Survivor regions: 1->1(41)
[28.886s][info][gc,heap        ] GC(69) Old regions: 21->21
[28.886s][info][gc,heap        ] GC(69) Archive regions: 0->0
[28.886s][info][gc,heap        ] GC(69) Humongous regions: 0->0
[28.886s][info][gc,metaspace   ] GC(69) Metaspace: 14250K(15104K)->14250K(15104K) NonClass: 12289K(12800K)->12289K(12800K) Class: 1961K(2304K)->1961K(2304K)
[28.886s][info][gc             ] GC(69) Pause Young (Normal) (G1 Evacuation Pause) 660M->7M(1094M) 2.598ms
[28.886s][info][gc,cpu         ] GC(69) User=0.00s Sys=0.00s Real=0.00s
[29.280s][info][gc,start       ] GC(70) Pause Young (Normal) (G1 Evacuation Pause)
[29.280s][info][gc,task        ] GC(70) Using 33 workers of 33 for evacuation
[29.282s][info][gc,phases      ] GC(70)   Pre Evacuate Collection Set: 0.1ms
[29.282s][info][gc,phases      ] GC(70)   Merge Heap Roots: 0.1ms
[29.282s][info][gc,phases      ] GC(70)   Evacuate Collection Set: 0.5ms
[29.282s][info][gc,phases      ] GC(70)   Post Evacuate Collection Set: 1.6ms
[29.282s][info][gc,phases      ] GC(70)   Other: 0.1ms
[29.282s][info][gc,heap        ] GC(70) Eden regions: 327->0(327)
[29.282s][info][gc,heap        ] GC(70) Survivor regions: 1->1(41)
[29.282s][info][gc,heap        ] GC(70) Old regions: 21->21
[29.282s][info][gc,heap        ] GC(70) Archive regions: 0->0
[29.283s][info][gc,heap        ] GC(70) Humongous regions: 0->0
[29.283s][info][gc,metaspace   ] GC(70) Metaspace: 14250K(15104K)->14250K(15104K) NonClass: 12289K(12800K)->12289K(12800K) Class: 1961K(2304K)->1961K(2304K)
[29.283s][info][gc             ] GC(70) Pause Young (Normal) (G1 Evacuation Pause) 661M->7M(1094M) 2.734ms
[29.283s][info][gc,cpu         ] GC(70) User=0.00s Sys=0.00s Real=0.00s
[29.688s][info][gc,start       ] GC(71) Pause Young (Normal) (G1 Evacuation Pause)
[29.688s][info][gc,task        ] GC(71) Using 33 workers of 33 for evacuation
[29.690s][info][gc,phases      ] GC(71)   Pre Evacuate Collection Set: 0.2ms
[29.690s][info][gc,phases      ] GC(71)   Merge Heap Roots: 0.1ms
[29.690s][info][gc,phases      ] GC(71)   Evacuate Collection Set: 0.5ms
[29.690s][info][gc,phases      ] GC(71)   Post Evacuate Collection Set: 1.7ms
[29.690s][info][gc,phases      ] GC(71)   Other: 0.1ms
[29.690s][info][gc,heap        ] GC(71) Eden regions: 327->0(327)
[29.690s][info][gc,heap        ] GC(71) Survivor regions: 1->1(41)
[29.690s][info][gc,heap        ] GC(71) Old regions: 21->21
[29.690s][info][gc,heap        ] GC(71) Archive regions: 0->0
[29.690s][info][gc,heap        ] GC(71) Humongous regions: 0->0
[29.690s][info][gc,metaspace   ] GC(71) Metaspace: 14250K(15104K)->14250K(15104K) NonClass: 12289K(12800K)->12289K(12800K) Class: 1961K(2304K)->1961K(2304K)
[29.690s][info][gc             ] GC(71) Pause Young (Normal) (G1 Evacuation Pause) 661M->7M(1094M) 2.755ms
[29.690s][info][gc,cpu         ] GC(71) User=0.00s Sys=0.00s Real=0.00s
[30.093s][info][gc,start       ] GC(72) Pause Young (Normal) (G1 Evacuation Pause)
[30.093s][info][gc,task        ] GC(72) Using 33 workers of 33 for evacuation
[30.096s][info][gc,phases      ] GC(72)   Pre Evacuate Collection Set: 0.2ms
[30.096s][info][gc,phases      ] GC(72)   Merge Heap Roots: 0.2ms
[30.096s][info][gc,phases      ] GC(72)   Evacuate Collection Set: 0.6ms
[30.096s][info][gc,phases      ] GC(72)   Post Evacuate Collection Set: 1.7ms
[30.096s][info][gc,phases      ] GC(72)   Other: 0.1ms
[30.096s][info][gc,heap        ] GC(72) Eden regions: 327->0(327)
[30.096s][info][gc,heap        ] GC(72) Survivor regions: 1->1(41)
[30.096s][info][gc,heap        ] GC(72) Old regions: 21->21
[30.096s][info][gc,heap        ] GC(72) Archive regions: 0->0
[30.096s][info][gc,heap        ] GC(72) Humongous regions: 0->0
[30.096s][info][gc,metaspace   ] GC(72) Metaspace: 14250K(15104K)->14250K(15104K) NonClass: 12289K(12800K)->12289K(12800K) Class: 1961K(2304K)->1961K(2304K)
[30.096s][info][gc             ] GC(72) Pause Young (Normal) (G1 Evacuation Pause) 661M->7M(1094M) 2.983ms
[30.096s][info][gc,cpu         ] GC(72) User=0.00s Sys=0.00s Real=0.00s
[30.503s][info][gc,start       ] GC(73) Pause Young (Normal) (G1 Evacuation Pause)
[30.503s][info][gc,task        ] GC(73) Using 33 workers of 33 for evacuation
[30.505s][info][gc,phases      ] GC(73)   Pre Evacuate Collection Set: 0.2ms
[30.505s][info][gc,phases      ] GC(73)   Merge Heap Roots: 0.1ms
[30.505s][info][gc,phases      ] GC(73)   Evacuate Collection Set: 0.5ms
[30.505s][info][gc,phases      ] GC(73)   Post Evacuate Collection Set: 1.8ms
[30.506s][info][gc,phases      ] GC(73)   Other: 0.1ms
[30.506s][info][gc,heap        ] GC(73) Eden regions: 327->0(326)
[30.506s][info][gc,heap        ] GC(73) Survivor regions: 1->2(41)
[30.506s][info][gc,heap        ] GC(73) Old regions: 21->21
[30.506s][info][gc,heap        ] GC(73) Archive regions: 0->0
[30.506s][info][gc,heap        ] GC(73) Humongous regions: 0->0
[30.506s][info][gc,metaspace   ] GC(73) Metaspace: 14250K(15104K)->14250K(15104K) NonClass: 12289K(12800K)->12289K(12800K) Class: 1961K(2304K)->1961K(2304K)
[30.506s][info][gc             ] GC(73) Pause Young (Normal) (G1 Evacuation Pause) 661M->7M(1094M) 2.974ms
[30.506s][info][gc,cpu         ] GC(73) User=0.02s Sys=0.00s Real=0.00s
[30.912s][info][gc,start       ] GC(74) Pause Young (Normal) (G1 Evacuation Pause)
[30.913s][info][gc,task        ] GC(74) Using 33 workers of 33 for evacuation
[30.916s][info][gc,phases      ] GC(74)   Pre Evacuate Collection Set: 0.2ms
[30.916s][info][gc,phases      ] GC(74)   Merge Heap Roots: 0.1ms
[30.916s][info][gc,phases      ] GC(74)   Evacuate Collection Set: 0.9ms
[30.916s][info][gc,phases      ] GC(74)   Post Evacuate Collection Set: 1.8ms
[30.916s][info][gc,phases      ] GC(74)   Other: 0.1ms
[30.916s][info][gc,heap        ] GC(74) Eden regions: 326->0(326)
[30.916s][info][gc,heap        ] GC(74) Survivor regions: 2->2(41)
[30.916s][info][gc,heap        ] GC(74) Old regions: 21->21
[30.916s][info][gc,heap        ] GC(74) Archive regions: 0->0
[30.916s][info][gc,heap        ] GC(74) Humongous regions: 0->0
[30.916s][info][gc,metaspace   ] GC(74) Metaspace: 14250K(15104K)->14250K(15104K) NonClass: 12289K(12800K)->12289K(12800K) Class: 1961K(2304K)->1961K(2304K)
[30.916s][info][gc             ] GC(74) Pause Young (Normal) (G1 Evacuation Pause) 659M->7M(1094M) 3.295ms
[30.916s][info][gc,cpu         ] GC(74) User=0.00s Sys=0.00s Real=0.00s
[31.322s][info][gc,start       ] GC(75) Pause Young (Normal) (G1 Evacuation Pause)
[31.323s][info][gc,task        ] GC(75) Using 33 workers of 33 for evacuation
[31.325s][info][gc,phases      ] GC(75)   Pre Evacuate Collection Set: 0.1ms
[31.325s][info][gc,phases      ] GC(75)   Merge Heap Roots: 0.1ms
[31.325s][info][gc,phases      ] GC(75)   Evacuate Collection Set: 0.5ms
[31.325s][info][gc,phases      ] GC(75)   Post Evacuate Collection Set: 1.9ms
[31.325s][info][gc,phases      ] GC(75)   Other: 0.2ms
[31.325s][info][gc,heap        ] GC(75) Eden regions: 326->0(326)
[31.325s][info][gc,heap        ] GC(75) Survivor regions: 2->2(41)
[31.326s][info][gc,heap        ] GC(75) Old regions: 21->21
[31.326s][info][gc,heap        ] GC(75) Archive regions: 0->0
[31.326s][info][gc,heap        ] GC(75) Humongous regions: 0->0
[31.326s][info][gc,metaspace   ] GC(75) Metaspace: 14250K(15104K)->14250K(15104K) NonClass: 12289K(12800K)->12289K(12800K) Class: 1961K(2304K)->1961K(2304K)
[31.326s][info][gc             ] GC(75) Pause Young (Normal) (G1 Evacuation Pause) 659M->7M(1094M) 3.089ms
[31.326s][info][gc,cpu         ] GC(75) User=0.00s Sys=0.00s Real=0.00s
[31.735s][info][gc,start       ] GC(76) Pause Young (Normal) (G1 Evacuation Pause)
[31.735s][info][gc,task        ] GC(76) Using 33 workers of 33 for evacuation
[31.738s][info][gc,phases      ] GC(76)   Pre Evacuate Collection Set: 0.1ms
[31.739s][info][gc,phases      ] GC(76)   Merge Heap Roots: 0.1ms
[31.739s][info][gc,phases      ] GC(76)   Evacuate Collection Set: 0.5ms
[31.739s][info][gc,phases      ] GC(76)   Post Evacuate Collection Set: 2.1ms
[31.739s][info][gc,phases      ] GC(76)   Other: 0.1ms
[31.739s][info][gc,heap        ] GC(76) Eden regions: 326->0(326)
[31.739s][info][gc,heap        ] GC(76) Survivor regions: 2->2(41)
[31.739s][info][gc,heap        ] GC(76) Old regions: 21->21
[31.739s][info][gc,heap        ] GC(76) Archive regions: 0->0
[31.739s][info][gc,heap        ] GC(76) Humongous regions: 0->0
[31.739s][info][gc,metaspace   ] GC(76) Metaspace: 14250K(15104K)->14250K(15104K) NonClass: 12289K(12800K)->12289K(12800K) Class: 1961K(2304K)->1961K(2304K)
[31.739s][info][gc             ] GC(76) Pause Young (Normal) (G1 Evacuation Pause) 659M->7M(1094M) 3.253ms
[31.739s][info][gc,cpu         ] GC(76) User=0.52s Sys=0.00s Real=0.00s
[32.148s][info][gc,start       ] GC(77) Pause Young (Normal) (G1 Evacuation Pause)
[32.148s][info][gc,task        ] GC(77) Using 33 workers of 33 for evacuation
[32.152s][info][gc,phases      ] GC(77)   Pre Evacuate Collection Set: 0.1ms
[32.152s][info][gc,phases      ] GC(77)   Merge Heap Roots: 0.1ms
[32.152s][info][gc,phases      ] GC(77)   Evacuate Collection Set: 1.5ms
[32.152s][info][gc,phases      ] GC(77)   Post Evacuate Collection Set: 2.0ms
[32.152s][info][gc,phases      ] GC(77)   Other: 0.1ms
[32.152s][info][gc,heap        ] GC(77) Eden regions: 326->0(327)
[32.152s][info][gc,heap        ] GC(77) Survivor regions: 2->1(41)
[32.152s][info][gc,heap        ] GC(77) Old regions: 21->22
[32.152s][info][gc,heap        ] GC(77) Archive regions: 0->0
[32.152s][info][gc,heap        ] GC(77) Humongous regions: 0->0
[32.152s][info][gc,metaspace   ] GC(77) Metaspace: 14250K(15104K)->14250K(15104K) NonClass: 12289K(12800K)->12289K(12800K) Class: 1961K(2304K)->1961K(2304K)
[32.152s][info][gc             ] GC(77) Pause Young (Normal) (G1 Evacuation Pause) 659M->7M(1094M) 4.070ms
[32.152s][info][gc,cpu         ] GC(77) User=0.00s Sys=0.00s Real=0.00s
[32.566s][info][gc,start       ] GC(78) Pause Young (Normal) (G1 Evacuation Pause)
[32.566s][info][gc,task        ] GC(78) Using 33 workers of 33 for evacuation
[32.569s][info][gc,phases      ] GC(78)   Pre Evacuate Collection Set: 0.1ms
[32.569s][info][gc,phases      ] GC(78)   Merge Heap Roots: 0.1ms
[32.569s][info][gc,phases      ] GC(78)   Evacuate Collection Set: 0.4ms
[32.569s][info][gc,phases      ] GC(78)   Post Evacuate Collection Set: 1.8ms
[32.569s][info][gc,phases      ] GC(78)   Other: 0.1ms
[32.569s][info][gc,heap        ] GC(78) Eden regions: 327->0(327)
[32.569s][info][gc,heap        ] GC(78) Survivor regions: 1->1(41)
[32.569s][info][gc,heap        ] GC(78) Old regions: 22->22
[32.569s][info][gc,heap        ] GC(78) Archive regions: 0->0
[32.569s][info][gc,heap        ] GC(78) Humongous regions: 0->0
[32.569s][info][gc,metaspace   ] GC(78) Metaspace: 14250K(15104K)->14250K(15104K) NonClass: 12289K(12800K)->12289K(12800K) Class: 1961K(2304K)->1961K(2304K)
[32.569s][info][gc             ] GC(78) Pause Young (Normal) (G1 Evacuation Pause) 661M->7M(1094M) 2.856ms
[32.569s][info][gc,cpu         ] GC(78) User=0.00s Sys=0.00s Real=0.00s
[32.987s][info][gc,start       ] GC(79) Pause Young (Normal) (G1 Evacuation Pause)
[32.987s][info][gc,task        ] GC(79) Using 33 workers of 33 for evacuation
[32.990s][info][gc,phases      ] GC(79)   Pre Evacuate Collection Set: 0.2ms
[32.990s][info][gc,phases      ] GC(79)   Merge Heap Roots: 0.2ms
[32.990s][info][gc,phases      ] GC(79)   Evacuate Collection Set: 0.4ms
[32.990s][info][gc,phases      ] GC(79)   Post Evacuate Collection Set: 1.6ms
[32.990s][info][gc,phases      ] GC(79)   Other: 0.1ms
[32.990s][info][gc,heap        ] GC(79) Eden regions: 327->0(327)
[32.990s][info][gc,heap        ] GC(79) Survivor regions: 1->1(41)
[32.990s][info][gc,heap        ] GC(79) Old regions: 22->22
[32.990s][info][gc,heap        ] GC(79) Archive regions: 0->0
[32.990s][info][gc,heap        ] GC(79) Humongous regions: 0->0
[32.990s][info][gc,metaspace   ] GC(79) Metaspace: 14250K(15104K)->14250K(15104K) NonClass: 12289K(12800K)->12289K(12800K) Class: 1961K(2304K)->1961K(2304K)
[32.990s][info][gc             ] GC(79) Pause Young (Normal) (G1 Evacuation Pause) 661M->7M(1094M) 2.639ms
[32.990s][info][gc,cpu         ] GC(79) User=0.00s Sys=0.00s Real=0.00s
[33.403s][info][gc,start       ] GC(80) Pause Young (Normal) (G1 Evacuation Pause)
[33.404s][info][gc,task        ] GC(80) Using 33 workers of 33 for evacuation
[33.406s][info][gc,phases      ] GC(80)   Pre Evacuate Collection Set: 0.2ms
[33.406s][info][gc,phases      ] GC(80)   Merge Heap Roots: 0.2ms
[33.406s][info][gc,phases      ] GC(80)   Evacuate Collection Set: 0.4ms
[33.406s][info][gc,phases      ] GC(80)   Post Evacuate Collection Set: 1.7ms
[33.406s][info][gc,phases      ] GC(80)   Other: 0.1ms
[33.406s][info][gc,heap        ] GC(80) Eden regions: 327->0(327)
[33.406s][info][gc,heap        ] GC(80) Survivor regions: 1->1(41)
[33.406s][info][gc,heap        ] GC(80) Old regions: 22->22
[33.406s][info][gc,heap        ] GC(80) Archive regions: 0->0
[33.406s][info][gc,heap        ] GC(80) Humongous regions: 0->0
[33.406s][info][gc,metaspace   ] GC(80) Metaspace: 14250K(15104K)->14250K(15104K) NonClass: 12289K(12800K)->12289K(12800K) Class: 1961K(2304K)->1961K(2304K)
[33.406s][info][gc             ] GC(80) Pause Young (Normal) (G1 Evacuation Pause) 661M->7M(1094M) 2.713ms
[33.406s][info][gc,cpu         ] GC(80) User=0.00s Sys=0.00s Real=0.00s
[33.818s][info][gc,start       ] GC(81) Pause Young (Normal) (G1 Evacuation Pause)
[33.818s][info][gc,task        ] GC(81) Using 33 workers of 33 for evacuation
[33.820s][info][gc,phases      ] GC(81)   Pre Evacuate Collection Set: 0.1ms
[33.820s][info][gc,phases      ] GC(81)   Merge Heap Roots: 0.2ms
[33.820s][info][gc,phases      ] GC(81)   Evacuate Collection Set: 0.4ms
[33.820s][info][gc,phases      ] GC(81)   Post Evacuate Collection Set: 1.6ms
[33.820s][info][gc,phases      ] GC(81)   Other: 0.1ms
[33.820s][info][gc,heap        ] GC(81) Eden regions: 327->0(327)
[33.821s][info][gc,heap        ] GC(81) Survivor regions: 1->1(41)
[33.821s][info][gc,heap        ] GC(81) Old regions: 22->22
[33.821s][info][gc,heap        ] GC(81) Archive regions: 0->0
[33.821s][info][gc,heap        ] GC(81) Humongous regions: 0->0
[33.821s][info][gc,metaspace   ] GC(81) Metaspace: 14250K(15104K)->14250K(15104K) NonClass: 12289K(12800K)->12289K(12800K) Class: 1961K(2304K)->1961K(2304K)
[33.821s][info][gc             ] GC(81) Pause Young (Normal) (G1 Evacuation Pause) 661M->7M(1094M) 2.679ms
[33.821s][info][gc,cpu         ] GC(81) User=0.00s Sys=0.00s Real=0.00s
[34.234s][info][gc,start       ] GC(82) Pause Young (Normal) (G1 Evacuation Pause)
[34.234s][info][gc,task        ] GC(82) Using 33 workers of 33 for evacuation
[34.237s][info][gc,phases      ] GC(82)   Pre Evacuate Collection Set: 0.2ms
[34.237s][info][gc,phases      ] GC(82)   Merge Heap Roots: 0.2ms
[34.237s][info][gc,phases      ] GC(82)   Evacuate Collection Set: 0.4ms
[34.237s][info][gc,phases      ] GC(82)   Post Evacuate Collection Set: 1.7ms
[34.237s][info][gc,phases      ] GC(82)   Other: 0.1ms
[34.237s][info][gc,heap        ] GC(82) Eden regions: 327->0(327)
[34.237s][info][gc,heap        ] GC(82) Survivor regions: 1->1(41)
[34.237s][info][gc,heap        ] GC(82) Old regions: 22->22
[34.237s][info][gc,heap        ] GC(82) Archive regions: 0->0
[34.237s][info][gc,heap        ] GC(82) Humongous regions: 0->0
[34.237s][info][gc,metaspace   ] GC(82) Metaspace: 14250K(15104K)->14250K(15104K) NonClass: 12289K(12800K)->12289K(12800K) Class: 1961K(2304K)->1961K(2304K)
[34.237s][info][gc             ] GC(82) Pause Young (Normal) (G1 Evacuation Pause) 661M->7M(1094M) 2.750ms
[34.237s][info][gc,cpu         ] GC(82) User=0.00s Sys=0.00s Real=0.00s
[34.647s][info][gc,start       ] GC(83) Pause Young (Normal) (G1 Evacuation Pause)
[34.647s][info][gc,task        ] GC(83) Using 33 workers of 33 for evacuation
[34.649s][info][gc,phases      ] GC(83)   Pre Evacuate Collection Set: 0.2ms
[34.649s][info][gc,phases      ] GC(83)   Merge Heap Roots: 0.2ms
[34.649s][info][gc,phases      ] GC(83)   Evacuate Collection Set: 0.4ms
[34.649s][info][gc,phases      ] GC(83)   Post Evacuate Collection Set: 1.8ms
[34.649s][info][gc,phases      ] GC(83)   Other: 0.1ms
[34.649s][info][gc,heap        ] GC(83) Eden regions: 327->0(327)
[34.649s][info][gc,heap        ] GC(83) Survivor regions: 1->1(41)
[34.649s][info][gc,heap        ] GC(83) Old regions: 22->22
[34.649s][info][gc,heap        ] GC(83) Archive regions: 0->0
[34.649s][info][gc,heap        ] GC(83) Humongous regions: 0->0
[34.649s][info][gc,metaspace   ] GC(83) Metaspace: 14250K(15104K)->14250K(15104K) NonClass: 12289K(12800K)->12289K(12800K) Class: 1961K(2304K)->1961K(2304K)
[34.650s][info][gc             ] GC(83) Pause Young (Normal) (G1 Evacuation Pause) 661M->8M(1094M) 2.837ms
[34.650s][info][gc,cpu         ] GC(83) User=0.00s Sys=0.00s Real=0.00s
[35.061s][info][gc,start       ] GC(84) Pause Young (Normal) (G1 Evacuation Pause)
[35.061s][info][gc,task        ] GC(84) Using 33 workers of 33 for evacuation
[35.063s][info][gc,phases      ] GC(84)   Pre Evacuate Collection Set: 0.2ms
[35.063s][info][gc,phases      ] GC(84)   Merge Heap Roots: 0.2ms
[35.063s][info][gc,phases      ] GC(84)   Evacuate Collection Set: 0.4ms
[35.063s][info][gc,phases      ] GC(84)   Post Evacuate Collection Set: 1.8ms
[35.063s][info][gc,phases      ] GC(84)   Other: 0.1ms
[35.063s][info][gc,heap        ] GC(84) Eden regions: 327->0(327)
[35.063s][info][gc,heap        ] GC(84) Survivor regions: 1->1(41)
[35.063s][info][gc,heap        ] GC(84) Old regions: 22->22
[35.063s][info][gc,heap        ] GC(84) Archive regions: 0->0
[35.063s][info][gc,heap        ] GC(84) Humongous regions: 0->0
[35.063s][info][gc,metaspace   ] GC(84) Metaspace: 14250K(15104K)->14250K(15104K) NonClass: 12289K(12800K)->12289K(12800K) Class: 1961K(2304K)->1961K(2304K)
[35.063s][info][gc             ] GC(84) Pause Young (Normal) (G1 Evacuation Pause) 662M->8M(1094M) 2.808ms
[35.063s][info][gc,cpu         ] GC(84) User=0.00s Sys=0.00s Real=0.00s
[35.474s][info][gc,start       ] GC(85) Pause Young (Normal) (G1 Evacuation Pause)
[35.474s][info][gc,task        ] GC(85) Using 33 workers of 33 for evacuation
[35.476s][info][gc,phases      ] GC(85)   Pre Evacuate Collection Set: 0.2ms
[35.476s][info][gc,phases      ] GC(85)   Merge Heap Roots: 0.2ms
[35.476s][info][gc,phases      ] GC(85)   Evacuate Collection Set: 0.4ms
[35.476s][info][gc,phases      ] GC(85)   Post Evacuate Collection Set: 1.9ms
[35.476s][info][gc,phases      ] GC(85)   Other: 0.1ms
[35.477s][info][gc,heap        ] GC(85) Eden regions: 327->0(327)
[35.477s][info][gc,heap        ] GC(85) Survivor regions: 1->1(41)
[35.477s][info][gc,heap        ] GC(85) Old regions: 22->22
[35.477s][info][gc,heap        ] GC(85) Archive regions: 0->0
[35.477s][info][gc,heap        ] GC(85) Humongous regions: 0->0
[35.477s][info][gc,metaspace   ] GC(85) Metaspace: 14250K(15104K)->14250K(15104K) NonClass: 12289K(12800K)->12289K(12800K) Class: 1961K(2304K)->1961K(2304K)
[35.477s][info][gc             ] GC(85) Pause Young (Normal) (G1 Evacuation Pause) 662M->8M(1094M) 2.944ms
[35.477s][info][gc,cpu         ] GC(85) User=0.00s Sys=0.00s Real=0.00s
[35.888s][info][gc,start       ] GC(86) Pause Young (Normal) (G1 Evacuation Pause)
[35.888s][info][gc,task        ] GC(86) Using 33 workers of 33 for evacuation
[35.890s][info][gc,phases      ] GC(86)   Pre Evacuate Collection Set: 0.1ms
[35.890s][info][gc,phases      ] GC(86)   Merge Heap Roots: 0.2ms
[35.890s][info][gc,phases      ] GC(86)   Evacuate Collection Set: 0.4ms
[35.890s][info][gc,phases      ] GC(86)   Post Evacuate Collection Set: 1.9ms
[35.890s][info][gc,phases      ] GC(86)   Other: 0.1ms
[35.890s][info][gc,heap        ] GC(86) Eden regions: 327->0(327)
[35.890s][info][gc,heap        ] GC(86) Survivor regions: 1->1(41)
[35.890s][info][gc,heap        ] GC(86) Old regions: 22->22
[35.890s][info][gc,heap        ] GC(86) Archive regions: 0->0
[35.890s][info][gc,heap        ] GC(86) Humongous regions: 0->0
[35.890s][info][gc,metaspace   ] GC(86) Metaspace: 14250K(15104K)->14250K(15104K) NonClass: 12289K(12800K)->12289K(12800K) Class: 1961K(2304K)->1961K(2304K)
[35.890s][info][gc             ] GC(86) Pause Young (Normal) (G1 Evacuation Pause) 662M->8M(1094M) 2.922ms
[35.890s][info][gc,cpu         ] GC(86) User=0.00s Sys=0.00s Real=0.00s
[36.303s][info][gc,start       ] GC(87) Pause Young (Normal) (G1 Evacuation Pause)
[36.303s][info][gc,task        ] GC(87) Using 33 workers of 33 for evacuation
[36.306s][info][gc,phases      ] GC(87)   Pre Evacuate Collection Set: 0.2ms
[36.306s][info][gc,phases      ] GC(87)   Merge Heap Roots: 0.2ms
[36.306s][info][gc,phases      ] GC(87)   Evacuate Collection Set: 0.4ms
[36.306s][info][gc,phases      ] GC(87)   Post Evacuate Collection Set: 2.0ms
[36.306s][info][gc,phases      ] GC(87)   Other: 0.1ms
[36.306s][info][gc,heap        ] GC(87) Eden regions: 327->0(327)
[36.306s][info][gc,heap        ] GC(87) Survivor regions: 1->1(41)
[36.306s][info][gc,heap        ] GC(87) Old regions: 22->23
[36.306s][info][gc,heap        ] GC(87) Archive regions: 0->0
[36.306s][info][gc,heap        ] GC(87) Humongous regions: 0->0
[36.306s][info][gc,metaspace   ] GC(87) Metaspace: 14250K(15104K)->14250K(15104K) NonClass: 12289K(12800K)->12289K(12800K) Class: 1961K(2304K)->1961K(2304K)
[36.306s][info][gc             ] GC(87) Pause Young (Normal) (G1 Evacuation Pause) 662M->8M(1094M) 3.044ms
[36.306s][info][gc,cpu         ] GC(87) User=0.00s Sys=0.00s Real=0.00s
[36.720s][info][gc,start       ] GC(88) Pause Young (Normal) (G1 Evacuation Pause)
[36.720s][info][gc,task        ] GC(88) Using 33 workers of 33 for evacuation
[36.723s][info][gc,phases      ] GC(88)   Pre Evacuate Collection Set: 0.2ms
[36.723s][info][gc,phases      ] GC(88)   Merge Heap Roots: 0.2ms
[36.723s][info][gc,phases      ] GC(88)   Evacuate Collection Set: 0.4ms
[36.723s][info][gc,phases      ] GC(88)   Post Evacuate Collection Set: 2.0ms
[36.723s][info][gc,phases      ] GC(88)   Other: 0.1ms
[36.723s][info][gc,heap        ] GC(88) Eden regions: 327->0(327)
[36.723s][info][gc,heap        ] GC(88) Survivor regions: 1->1(41)
[36.723s][info][gc,heap        ] GC(88) Old regions: 23->23
[36.723s][info][gc,heap        ] GC(88) Archive regions: 0->0
[36.723s][info][gc,heap        ] GC(88) Humongous regions: 0->0
[36.723s][info][gc,metaspace   ] GC(88) Metaspace: 14250K(15104K)->14250K(15104K) NonClass: 12289K(12800K)->12289K(12800K) Class: 1961K(2304K)->1961K(2304K)
[36.723s][info][gc             ] GC(88) Pause Young (Normal) (G1 Evacuation Pause) 662M->8M(1094M) 3.079ms
[36.723s][info][gc,cpu         ] GC(88) User=0.52s Sys=0.00s Real=0.00s
[37.136s][info][gc,start       ] GC(89) Pause Young (Normal) (G1 Evacuation Pause)
[37.136s][info][gc,task        ] GC(89) Using 33 workers of 33 for evacuation
[37.139s][info][gc,phases      ] GC(89)   Pre Evacuate Collection Set: 0.2ms
[37.139s][info][gc,phases      ] GC(89)   Merge Heap Roots: 0.2ms
[37.139s][info][gc,phases      ] GC(89)   Evacuate Collection Set: 0.4ms
[37.139s][info][gc,phases      ] GC(89)   Post Evacuate Collection Set: 2.1ms
[37.139s][info][gc,phases      ] GC(89)   Other: 0.1ms
[37.139s][info][gc,heap        ] GC(89) Eden regions: 327->0(327)
[37.139s][info][gc,heap        ] GC(89) Survivor regions: 1->1(41)
[37.139s][info][gc,heap        ] GC(89) Old regions: 23->23
[37.139s][info][gc,heap        ] GC(89) Archive regions: 0->0
[37.139s][info][gc,heap        ] GC(89) Humongous regions: 0->0
[37.139s][info][gc,metaspace   ] GC(89) Metaspace: 14250K(15104K)->14250K(15104K) NonClass: 12289K(12800K)->12289K(12800K) Class: 1961K(2304K)->1961K(2304K)
[37.139s][info][gc             ] GC(89) Pause Young (Normal) (G1 Evacuation Pause) 662M->8M(1094M) 3.116ms
[37.139s][info][gc,cpu         ] GC(89) User=0.00s Sys=0.00s Real=0.00s
[37.555s][info][gc,start       ] GC(90) Pause Young (Normal) (G1 Evacuation Pause)
[37.555s][info][gc,task        ] GC(90) Using 33 workers of 33 for evacuation
[37.558s][info][gc,phases      ] GC(90)   Pre Evacuate Collection Set: 0.1ms
[37.558s][info][gc,phases      ] GC(90)   Merge Heap Roots: 0.2ms
[37.558s][info][gc,phases      ] GC(90)   Evacuate Collection Set: 0.4ms
[37.558s][info][gc,phases      ] GC(90)   Post Evacuate Collection Set: 2.0ms
[37.558s][info][gc,phases      ] GC(90)   Other: 0.2ms
[37.558s][info][gc,heap        ] GC(90) Eden regions: 327->0(327)
[37.558s][info][gc,heap        ] GC(90) Survivor regions: 1->1(41)
[37.558s][info][gc,heap        ] GC(90) Old regions: 23->23
[37.558s][info][gc,heap        ] GC(90) Archive regions: 0->0
[37.558s][info][gc,heap        ] GC(90) Humongous regions: 0->0
[37.558s][info][gc,metaspace   ] GC(90) Metaspace: 14250K(15104K)->14250K(15104K) NonClass: 12289K(12800K)->12289K(12800K) Class: 1961K(2304K)->1961K(2304K)
[37.558s][info][gc             ] GC(90) Pause Young (Normal) (G1 Evacuation Pause) 662M->8M(1094M) 3.170ms
[37.558s][info][gc,cpu         ] GC(90) User=0.00s Sys=0.00s Real=0.00s
[37.974s][info][gc,start       ] GC(91) Pause Young (Normal) (G1 Evacuation Pause)
[37.975s][info][gc,task        ] GC(91) Using 33 workers of 33 for evacuation
[37.977s][info][gc,phases      ] GC(91)   Pre Evacuate Collection Set: 0.2ms
[37.977s][info][gc,phases      ] GC(91)   Merge Heap Roots: 0.2ms
[37.977s][info][gc,phases      ] GC(91)   Evacuate Collection Set: 0.4ms
[37.977s][info][gc,phases      ] GC(91)   Post Evacuate Collection Set: 1.7ms
[37.977s][info][gc,phases      ] GC(91)   Other: 0.1ms
[37.977s][info][gc,heap        ] GC(91) Eden regions: 327->0(327)
[37.977s][info][gc,heap        ] GC(91) Survivor regions: 1->1(41)
[37.977s][info][gc,heap        ] GC(91) Old regions: 23->23
[37.977s][info][gc,heap        ] GC(91) Archive regions: 0->0
[37.977s][info][gc,heap        ] GC(91) Humongous regions: 0->0
[37.977s][info][gc,metaspace   ] GC(91) Metaspace: 14250K(15104K)->14250K(15104K) NonClass: 12289K(12800K)->12289K(12800K) Class: 1961K(2304K)->1961K(2304K)
[37.977s][info][gc             ] GC(91) Pause Young (Normal) (G1 Evacuation Pause) 662M->8M(1094M) 2.752ms
[37.977s][info][gc,cpu         ] GC(91) User=0.00s Sys=0.00s Real=0.00s
[38.387s][info][gc,start       ] GC(92) Pause Young (Normal) (G1 Evacuation Pause)
[38.387s][info][gc,task        ] GC(92) Using 33 workers of 33 for evacuation
[38.389s][info][gc,phases      ] GC(92)   Pre Evacuate Collection Set: 0.2ms
[38.389s][info][gc,phases      ] GC(92)   Merge Heap Roots: 0.2ms
[38.389s][info][gc,phases      ] GC(92)   Evacuate Collection Set: 0.4ms
[38.389s][info][gc,phases      ] GC(92)   Post Evacuate Collection Set: 1.8ms
[38.389s][info][gc,phases      ] GC(92)   Other: 0.1ms
[38.389s][info][gc,heap        ] GC(92) Eden regions: 327->0(327)
[38.389s][info][gc,heap        ] GC(92) Survivor regions: 1->1(41)
[38.389s][info][gc,heap        ] GC(92) Old regions: 23->23
[38.389s][info][gc,heap        ] GC(92) Archive regions: 0->0
[38.389s][info][gc,heap        ] GC(92) Humongous regions: 0->0
[38.389s][info][gc,metaspace   ] GC(92) Metaspace: 14250K(15104K)->14250K(15104K) NonClass: 12289K(12800K)->12289K(12800K) Class: 1961K(2304K)->1961K(2304K)
[38.390s][info][gc             ] GC(92) Pause Young (Normal) (G1 Evacuation Pause) 662M->8M(1094M) 2.817ms
[38.390s][info][gc,cpu         ] GC(92) User=0.00s Sys=0.00s Real=0.00s
[38.800s][info][gc,start       ] GC(93) Pause Young (Normal) (G1 Evacuation Pause)
[38.800s][info][gc,task        ] GC(93) Using 33 workers of 33 for evacuation
[38.802s][info][gc,phases      ] GC(93)   Pre Evacuate Collection Set: 0.2ms
[38.802s][info][gc,phases      ] GC(93)   Merge Heap Roots: 0.2ms
[38.802s][info][gc,phases      ] GC(93)   Evacuate Collection Set: 0.4ms
[38.802s][info][gc,phases      ] GC(93)   Post Evacuate Collection Set: 1.7ms
[38.802s][info][gc,phases      ] GC(93)   Other: 0.1ms
[38.802s][info][gc,heap        ] GC(93) Eden regions: 327->0(327)
[38.802s][info][gc,heap        ] GC(93) Survivor regions: 1->1(41)
[38.802s][info][gc,heap        ] GC(93) Old regions: 23->23
[38.802s][info][gc,heap        ] GC(93) Archive regions: 0->0
[38.802s][info][gc,heap        ] GC(93) Humongous regions: 0->0
[38.802s][info][gc,metaspace   ] GC(93) Metaspace: 14250K(15104K)->14250K(15104K) NonClass: 12289K(12800K)->12289K(12800K) Class: 1961K(2304K)->1961K(2304K)
[38.802s][info][gc             ] GC(93) Pause Young (Normal) (G1 Evacuation Pause) 662M->8M(1094M) 2.786ms
[38.802s][info][gc,cpu         ] GC(93) User=0.39s Sys=0.03s Real=0.00s
[39.213s][info][gc,start       ] GC(94) Pause Young (Normal) (G1 Evacuation Pause)
[39.213s][info][gc,task        ] GC(94) Using 33 workers of 33 for evacuation
[39.215s][info][gc,phases      ] GC(94)   Pre Evacuate Collection Set: 0.1ms
[39.215s][info][gc,phases      ] GC(94)   Merge Heap Roots: 0.2ms
[39.215s][info][gc,phases      ] GC(94)   Evacuate Collection Set: 0.4ms
[39.215s][info][gc,phases      ] GC(94)   Post Evacuate Collection Set: 1.8ms
[39.215s][info][gc,phases      ] GC(94)   Other: 0.1ms
[39.215s][info][gc,heap        ] GC(94) Eden regions: 327->0(327)
[39.215s][info][gc,heap        ] GC(94) Survivor regions: 1->1(41)
[39.215s][info][gc,heap        ] GC(94) Old regions: 23->23
[39.215s][info][gc,heap        ] GC(94) Archive regions: 0->0
[39.215s][info][gc,heap        ] GC(94) Humongous regions: 0->0
[39.215s][info][gc,metaspace   ] GC(94) Metaspace: 14250K(15104K)->14250K(15104K) NonClass: 12289K(12800K)->12289K(12800K) Class: 1961K(2304K)->1961K(2304K)
[39.215s][info][gc             ] GC(94) Pause Young (Normal) (G1 Evacuation Pause) 662M->8M(1094M) 2.792ms
[39.216s][info][gc,cpu         ] GC(94) User=0.00s Sys=0.00s Real=0.00s
[39.628s][info][gc,start       ] GC(95) Pause Young (Normal) (G1 Evacuation Pause)
[39.628s][info][gc,task        ] GC(95) Using 33 workers of 33 for evacuation
[39.631s][info][gc,phases      ] GC(95)   Pre Evacuate Collection Set: 0.1ms
[39.631s][info][gc,phases      ] GC(95)   Merge Heap Roots: 0.2ms
[39.631s][info][gc,phases      ] GC(95)   Evacuate Collection Set: 0.4ms
[39.631s][info][gc,phases      ] GC(95)   Post Evacuate Collection Set: 1.8ms
[39.631s][info][gc,phases      ] GC(95)   Other: 0.1ms
[39.631s][info][gc,heap        ] GC(95) Eden regions: 327->0(327)
[39.631s][info][gc,heap        ] GC(95) Survivor regions: 1->1(41)
[39.631s][info][gc,heap        ] GC(95) Old regions: 23->23
[39.631s][info][gc,heap        ] GC(95) Archive regions: 0->0
[39.631s][info][gc,heap        ] GC(95) Humongous regions: 0->0
[39.631s][info][gc,metaspace   ] GC(95) Metaspace: 14250K(15104K)->14250K(15104K) NonClass: 12289K(12800K)->12289K(12800K) Class: 1961K(2304K)->1961K(2304K)
[39.631s][info][gc             ] GC(95) Pause Young (Normal) (G1 Evacuation Pause) 662M->9M(1094M) 2.869ms
[39.631s][info][gc,cpu         ] GC(95) User=0.52s Sys=0.00s Real=0.00s
[40.043s][info][gc,start       ] GC(96) Pause Young (Normal) (G1 Evacuation Pause)
[40.043s][info][gc,task        ] GC(96) Using 33 workers of 33 for evacuation
[40.046s][info][gc,phases      ] GC(96)   Pre Evacuate Collection Set: 0.1ms
[40.046s][info][gc,phases      ] GC(96)   Merge Heap Roots: 0.1ms
[40.046s][info][gc,phases      ] GC(96)   Evacuate Collection Set: 0.4ms
[40.046s][info][gc,phases      ] GC(96)   Post Evacuate Collection Set: 1.9ms
[40.046s][info][gc,phases      ] GC(96)   Other: 0.1ms
[40.046s][info][gc,heap        ] GC(96) Eden regions: 327->0(327)
[40.046s][info][gc,heap        ] GC(96) Survivor regions: 1->1(41)
[40.046s][info][gc,heap        ] GC(96) Old regions: 23->23
[40.046s][info][gc,heap        ] GC(96) Archive regions: 0->0
[40.046s][info][gc,heap        ] GC(96) Humongous regions: 0->0
[40.046s][info][gc,metaspace   ] GC(96) Metaspace: 14250K(15104K)->14250K(15104K) NonClass: 12289K(12800K)->12289K(12800K) Class: 1961K(2304K)->1961K(2304K)
[40.046s][info][gc             ] GC(96) Pause Young (Normal) (G1 Evacuation Pause) 663M->9M(1094M) 2.996ms
[40.046s][info][gc,cpu         ] GC(96) User=0.00s Sys=0.00s Real=0.00s
[40.460s][info][gc,start       ] GC(97) Pause Young (Normal) (G1 Evacuation Pause)
[40.461s][info][gc,task        ] GC(97) Using 33 workers of 33 for evacuation
[40.463s][info][gc,phases      ] GC(97)   Pre Evacuate Collection Set: 0.2ms
[40.463s][info][gc,phases      ] GC(97)   Merge Heap Roots: 0.2ms
[40.463s][info][gc,phases      ] GC(97)   Evacuate Collection Set: 0.4ms
[40.463s][info][gc,phases      ] GC(97)   Post Evacuate Collection Set: 2.0ms
[40.463s][info][gc,phases      ] GC(97)   Other: 0.1ms
[40.463s][info][gc,heap        ] GC(97) Eden regions: 327->0(327)
[40.463s][info][gc,heap        ] GC(97) Survivor regions: 1->1(41)
[40.463s][info][gc,heap        ] GC(97) Old regions: 23->23
[40.463s][info][gc,heap        ] GC(97) Archive regions: 0->0
[40.463s][info][gc,heap        ] GC(97) Humongous regions: 0->0
[40.463s][info][gc,metaspace   ] GC(97) Metaspace: 14250K(15104K)->14250K(15104K) NonClass: 12289K(12800K)->12289K(12800K) Class: 1961K(2304K)->1961K(2304K)
[40.463s][info][gc             ] GC(97) Pause Young (Normal) (G1 Evacuation Pause) 663M->9M(1094M) 3.001ms
[40.464s][info][gc,cpu         ] GC(97) User=0.00s Sys=0.00s Real=0.00s
[40.887s][info][gc,start       ] GC(98) Pause Young (Normal) (G1 Evacuation Pause)
[40.887s][info][gc,task        ] GC(98) Using 33 workers of 33 for evacuation
[40.890s][info][gc,phases      ] GC(98)   Pre Evacuate Collection Set: 0.1ms
[40.890s][info][gc,phases      ] GC(98)   Merge Heap Roots: 0.2ms
[40.890s][info][gc,phases      ] GC(98)   Evacuate Collection Set: 0.4ms
[40.890s][info][gc,phases      ] GC(98)   Post Evacuate Collection Set: 2.0ms
[40.890s][info][gc,phases      ] GC(98)   Other: 0.1ms
[40.890s][info][gc,heap        ] GC(98) Eden regions: 327->0(327)
[40.890s][info][gc,heap        ] GC(98) Survivor regions: 1->1(41)
[40.890s][info][gc,heap        ] GC(98) Old regions: 23->23
[40.890s][info][gc,heap        ] GC(98) Archive regions: 0->0
[40.890s][info][gc,heap        ] GC(98) Humongous regions: 0->0
[40.890s][info][gc,metaspace   ] GC(98) Metaspace: 14250K(15104K)->14250K(15104K) NonClass: 12289K(12800K)->12289K(12800K) Class: 1961K(2304K)->1961K(2304K)
[40.890s][info][gc             ] GC(98) Pause Young (Normal) (G1 Evacuation Pause) 663M->9M(1094M) 3.058ms
[40.890s][info][gc,cpu         ] GC(98) User=0.00s Sys=0.00s Real=0.00s
[41.353s][info][gc,start       ] GC(99) Pause Young (Normal) (G1 Evacuation Pause)
[41.353s][info][gc,task        ] GC(99) Using 33 workers of 33 for evacuation
[41.356s][info][gc,phases      ] GC(99)   Pre Evacuate Collection Set: 0.1ms
[41.356s][info][gc,phases      ] GC(99)   Merge Heap Roots: 0.2ms
[41.356s][info][gc,phases      ] GC(99)   Evacuate Collection Set: 0.4ms
[41.356s][info][gc,phases      ] GC(99)   Post Evacuate Collection Set: 2.1ms
[41.356s][info][gc,phases      ] GC(99)   Other: 0.2ms
[41.356s][info][gc,heap        ] GC(99) Eden regions: 327->0(327)
[41.356s][info][gc,heap        ] GC(99) Survivor regions: 1->1(41)
[41.356s][info][gc,heap        ] GC(99) Old regions: 23->23
[41.356s][info][gc,heap        ] GC(99) Archive regions: 0->0
[41.356s][info][gc,heap        ] GC(99) Humongous regions: 0->0
[41.356s][info][gc,metaspace   ] GC(99) Metaspace: 14250K(15104K)->14250K(15104K) NonClass: 12289K(12800K)->12289K(12800K) Class: 1961K(2304K)->1961K(2304K)
[41.357s][info][gc             ] GC(99) Pause Young (Normal) (G1 Evacuation Pause) 663M->9M(1094M) 3.208ms
[41.357s][info][gc,cpu         ] GC(99) User=0.00s Sys=0.00s Real=0.00s
[41.833s][info][gc,start       ] GC(100) Pause Young (Normal) (G1 Evacuation Pause)
[41.834s][info][gc,task        ] GC(100) Using 33 workers of 33 for evacuation
[41.837s][info][gc,phases      ] GC(100)   Pre Evacuate Collection Set: 0.2ms
[41.837s][info][gc,phases      ] GC(100)   Merge Heap Roots: 0.2ms
[41.837s][info][gc,phases      ] GC(100)   Evacuate Collection Set: 0.5ms
[41.837s][info][gc,phases      ] GC(100)   Post Evacuate Collection Set: 2.2ms
[41.837s][info][gc,phases      ] GC(100)   Other: 0.1ms
[41.837s][info][gc,heap        ] GC(100) Eden regions: 327->0(327)
[41.837s][info][gc,heap        ] GC(100) Survivor regions: 1->1(41)
[41.837s][info][gc,heap        ] GC(100) Old regions: 23->23
[41.837s][info][gc,heap        ] GC(100) Archive regions: 0->0
[41.837s][info][gc,heap        ] GC(100) Humongous regions: 0->0
[41.837s][info][gc,metaspace   ] GC(100) Metaspace: 14250K(15104K)->14250K(15104K) NonClass: 12289K(12800K)->12289K(12800K) Class: 1961K(2304K)->1961K(2304K)
[41.837s][info][gc             ] GC(100) Pause Young (Normal) (G1 Evacuation Pause) 663M->9M(1094M) 3.446ms
[41.837s][info][gc,cpu         ] GC(100) User=0.00s Sys=0.00s Real=0.00s
[41.953s][info][gc,start       ] GC(101) Pause Full (System.gc())
[41.953s][info][gc,task        ] GC(101) Using 29 workers of 33 for full compaction
[41.954s][info][gc,phases,start] GC(101) Phase 1: Mark live objects
[41.961s][info][gc,phases      ] GC(101) Phase 1: Mark live objects 7.017ms
[41.961s][info][gc,phases,start] GC(101) Phase 2: Prepare compaction
[41.963s][info][gc,phases      ] GC(101) Phase 2: Prepare compaction 1.634ms
[41.963s][info][gc,phases,start] GC(101) Phase 3: Adjust pointers
[41.968s][info][gc,phases      ] GC(101) Phase 3: Adjust pointers 5.367ms
[41.968s][info][gc,phases,start] GC(101) Phase 4: Compact heap
[41.969s][info][gc,phases      ] GC(101) Phase 4: Compact heap 0.607ms
[41.976s][info][gc,heap        ] GC(101) Eden regions: 78->0(44)
[41.976s][info][gc,heap        ] GC(101) Survivor regions: 1->0(41)
[41.976s][info][gc,heap        ] GC(101) Old regions: 23->22
[41.976s][info][gc,heap        ] GC(101) Archive regions: 0->0
[41.976s][info][gc,heap        ] GC(101) Humongous regions: 0->0
[41.976s][info][gc,metaspace   ] GC(101) Metaspace: 14250K(15104K)->14250K(15104K) NonClass: 12289K(12800K)->12289K(12800K) Class: 1961K(2304K)->1961K(2304K)
[41.977s][info][gc             ] GC(101) Pause Full (System.gc()) 165M->5M(148M) 23.454ms
[41.977s][info][gc,cpu         ] GC(101) User=0.02s Sys=0.00s Real=0.02s
[42.045s][info][gc,start       ] GC(102) Pause Young (Normal) (G1 Evacuation Pause)
[42.097s][info][gc,task        ] GC(102) Using 33 workers of 33 for evacuation
[42.100s][info][gc,phases      ] GC(102)   Pre Evacuate Collection Set: 0.2ms
[42.100s][info][gc,phases      ] GC(102)   Merge Heap Roots: 0.1ms
[42.100s][info][gc,phases      ] GC(102)   Evacuate Collection Set: 0.8ms
[42.100s][info][gc,phases      ] GC(102)   Post Evacuate Collection Set: 2.1ms
[42.100s][info][gc,phases      ] GC(102)   Other: 0.2ms
[42.100s][info][gc,heap        ] GC(102) Eden regions: 44->0(43)
[42.100s][info][gc,heap        ] GC(102) Survivor regions: 0->1(6)
[42.100s][info][gc,heap        ] GC(102) Old regions: 22->22
[42.100s][info][gc,heap        ] GC(102) Archive regions: 0->0
[42.100s][info][gc,heap        ] GC(102) Humongous regions: 0->0
[42.100s][info][gc,metaspace   ] GC(102) Metaspace: 14254K(15104K)->14254K(15104K) NonClass: 12293K(12800K)->12293K(12800K) Class: 1961K(2304K)->1961K(2304K)
[42.100s][info][gc             ] GC(102) Pause Young (Normal) (G1 Evacuation Pause) 93M->6M(148M) 55.870ms
[42.100s][info][gc,cpu         ] GC(102) User=0.00s Sys=0.00s Real=0.04s
[42.244s][info][gc,start       ] GC(103) Pause Young (Normal) (G1 Evacuation Pause)
[42.244s][info][gc,task        ] GC(103) Using 33 workers of 33 for evacuation
[42.247s][info][gc,phases      ] GC(103)   Pre Evacuate Collection Set: 0.2ms
[42.247s][info][gc,phases      ] GC(103)   Merge Heap Roots: 0.1ms
[42.247s][info][gc,phases      ] GC(103)   Evacuate Collection Set: 1.0ms
[42.248s][info][gc,phases      ] GC(103)   Post Evacuate Collection Set: 2.0ms
[42.248s][info][gc,phases      ] GC(103)   Other: 0.1ms
[42.248s][info][gc,heap        ] GC(103) Eden regions: 43->0(43)
[42.248s][info][gc,heap        ] GC(103) Survivor regions: 1->1(6)
[42.248s][info][gc,heap        ] GC(103) Old regions: 22->22
[42.248s][info][gc,heap        ] GC(103) Archive regions: 0->0
[42.248s][info][gc,heap        ] GC(103) Humongous regions: 0->0
[42.248s][info][gc,metaspace   ] GC(103) Metaspace: 14254K(15104K)->14254K(15104K) NonClass: 12293K(12800K)->12293K(12800K) Class: 1961K(2304K)->1961K(2304K)
[42.248s][info][gc             ] GC(103) Pause Young (Normal) (G1 Evacuation Pause) 92M->6M(148M) 3.604ms
[42.248s][info][gc,cpu         ] GC(103) User=0.00s Sys=0.00s Real=0.00s
[42.327s][info][gc,start       ] GC(104) Pause Young (Normal) (G1 Evacuation Pause)
[42.327s][info][gc,task        ] GC(104) Using 33 workers of 33 for evacuation
[42.330s][info][gc,phases      ] GC(104)   Pre Evacuate Collection Set: 0.1ms
[42.330s][info][gc,phases      ] GC(104)   Merge Heap Roots: 0.1ms
[42.330s][info][gc,phases      ] GC(104)   Evacuate Collection Set: 0.5ms
[42.330s][info][gc,phases      ] GC(104)   Post Evacuate Collection Set: 1.7ms
[42.330s][info][gc,phases      ] GC(104)   Other: 0.1ms
[42.330s][info][gc,heap        ] GC(104) Eden regions: 43->0(43)
[42.330s][info][gc,heap        ] GC(104) Survivor regions: 1->1(6)
[42.330s][info][gc,heap        ] GC(104) Old regions: 22->22
[42.330s][info][gc,heap        ] GC(104) Archive regions: 0->0
[42.330s][info][gc,heap        ] GC(104) Humongous regions: 0->0
[42.330s][info][gc,metaspace   ] GC(104) Metaspace: 14254K(15104K)->14254K(15104K) NonClass: 12293K(12800K)->12293K(12800K) Class: 1961K(2304K)->1961K(2304K)
[42.330s][info][gc             ] GC(104) Pause Young (Normal) (G1 Evacuation Pause) 92M->6M(148M) 2.835ms
[42.330s][info][gc,cpu         ] GC(104) User=0.00s Sys=0.00s Real=0.00s
[42.395s][info][gc,start       ] GC(105) Pause Young (Normal) (G1 Evacuation Pause)
[42.395s][info][gc,task        ] GC(105) Using 33 workers of 33 for evacuation
[42.401s][info][gc,phases      ] GC(105)   Pre Evacuate Collection Set: 0.1ms
[42.401s][info][gc,phases      ] GC(105)   Merge Heap Roots: 0.1ms
[42.401s][info][gc,phases      ] GC(105)   Evacuate Collection Set: 0.5ms
[42.401s][info][gc,phases      ] GC(105)   Post Evacuate Collection Set: 5.1ms
[42.401s][info][gc,phases      ] GC(105)   Other: 0.1ms
[42.401s][info][gc,heap        ] GC(105) Eden regions: 43->0(328)
[42.401s][info][gc,heap        ] GC(105) Survivor regions: 1->1(6)
[42.401s][info][gc,heap        ] GC(105) Old regions: 22->22
[42.401s][info][gc,heap        ] GC(105) Archive regions: 0->0
[42.401s][info][gc,heap        ] GC(105) Humongous regions: 0->0
[42.401s][info][gc,metaspace   ] GC(105) Metaspace: 14254K(15104K)->14254K(15104K) NonClass: 12293K(12800K)->12293K(12800K) Class: 1961K(2304K)->1961K(2304K)
[42.401s][info][gc             ] GC(105) Pause Young (Normal) (G1 Evacuation Pause) 92M->6M(1098M) 6.125ms
[42.401s][info][gc,cpu         ] GC(105) User=0.00s Sys=0.00s Real=0.01s
[42.870s][info][gc,start       ] GC(106) Pause Young (Normal) (G1 Evacuation Pause)
[42.870s][info][gc,task        ] GC(106) Using 33 workers of 33 for evacuation
[42.874s][info][gc,phases      ] GC(106)   Pre Evacuate Collection Set: 0.1ms
[42.874s][info][gc,phases      ] GC(106)   Merge Heap Roots: 0.1ms
[42.874s][info][gc,phases      ] GC(106)   Evacuate Collection Set: 2.0ms
[42.874s][info][gc,phases      ] GC(106)   Post Evacuate Collection Set: 1.7ms
[42.874s][info][gc,phases      ] GC(106)   Other: 0.1ms
[42.874s][info][gc,heap        ] GC(106) Eden regions: 328->0(328)
[42.874s][info][gc,heap        ] GC(106) Survivor regions: 1->1(42)
[42.874s][info][gc,heap        ] GC(106) Old regions: 22->22
[42.874s][info][gc,heap        ] GC(106) Archive regions: 0->0
[42.874s][info][gc,heap        ] GC(106) Humongous regions: 0->0
[42.874s][info][gc,metaspace   ] GC(106) Metaspace: 14254K(15104K)->14254K(15104K) NonClass: 12293K(12800K)->12293K(12800K) Class: 1961K(2304K)->1961K(2304K)
[42.874s][info][gc             ] GC(106) Pause Young (Normal) (G1 Evacuation Pause) 662M->6M(1098M) 4.291ms
[42.874s][info][gc,cpu         ] GC(106) User=0.00s Sys=0.00s Real=0.00s
[43.283s][info][gc,start       ] GC(107) Pause Young (Normal) (G1 Evacuation Pause)
[43.284s][info][gc,task        ] GC(107) Using 33 workers of 33 for evacuation
[43.287s][info][gc,phases      ] GC(107)   Pre Evacuate Collection Set: 0.1ms
[43.287s][info][gc,phases      ] GC(107)   Merge Heap Roots: 0.1ms
[43.287s][info][gc,phases      ] GC(107)   Evacuate Collection Set: 1.9ms
[43.287s][info][gc,phases      ] GC(107)   Post Evacuate Collection Set: 1.7ms
[43.287s][info][gc,phases      ] GC(107)   Other: 0.1ms
[43.287s][info][gc,heap        ] GC(107) Eden regions: 328->0(328)
[43.288s][info][gc,heap        ] GC(107) Survivor regions: 1->1(42)
[43.288s][info][gc,heap        ] GC(107) Old regions: 22->22
[43.288s][info][gc,heap        ] GC(107) Archive regions: 0->0
[43.288s][info][gc,heap        ] GC(107) Humongous regions: 0->0
[43.288s][info][gc,metaspace   ] GC(107) Metaspace: 14254K(15104K)->14254K(15104K) NonClass: 12293K(12800K)->12293K(12800K) Class: 1961K(2304K)->1961K(2304K)
[43.288s][info][gc             ] GC(107) Pause Young (Normal) (G1 Evacuation Pause) 662M->6M(1098M) 4.133ms
[43.288s][info][gc,cpu         ] GC(107) User=0.02s Sys=0.50s Real=0.00s
[43.688s][info][gc,start       ] GC(108) Pause Young (Normal) (G1 Evacuation Pause)
[43.688s][info][gc,task        ] GC(108) Using 33 workers of 33 for evacuation
[43.690s][info][gc,phases      ] GC(108)   Pre Evacuate Collection Set: 0.2ms
[43.690s][info][gc,phases      ] GC(108)   Merge Heap Roots: 0.1ms
[43.690s][info][gc,phases      ] GC(108)   Evacuate Collection Set: 0.5ms
[43.690s][info][gc,phases      ] GC(108)   Post Evacuate Collection Set: 1.7ms
[43.690s][info][gc,phases      ] GC(108)   Other: 0.1ms
[43.690s][info][gc,heap        ] GC(108) Eden regions: 328->0(328)
[43.690s][info][gc,heap        ] GC(108) Survivor regions: 1->1(42)
[43.690s][info][gc,heap        ] GC(108) Old regions: 22->22
[43.690s][info][gc,heap        ] GC(108) Archive regions: 0->0
[43.690s][info][gc,heap        ] GC(108) Humongous regions: 0->0
[43.690s][info][gc,metaspace   ] GC(108) Metaspace: 14254K(15104K)->14254K(15104K) NonClass: 12293K(12800K)->12293K(12800K) Class: 1961K(2304K)->1961K(2304K)
[43.691s][info][gc             ] GC(108) Pause Young (Normal) (G1 Evacuation Pause) 662M->6M(1098M) 2.841ms
[43.691s][info][gc,cpu         ] GC(108) User=0.00s Sys=0.02s Real=0.00s
[44.102s][info][gc,start       ] GC(109) Pause Young (Normal) (G1 Evacuation Pause)
[44.102s][info][gc,task        ] GC(109) Using 33 workers of 33 for evacuation
[44.105s][info][gc,phases      ] GC(109)   Pre Evacuate Collection Set: 0.1ms
[44.105s][info][gc,phases      ] GC(109)   Merge Heap Roots: 0.1ms
[44.105s][info][gc,phases      ] GC(109)   Evacuate Collection Set: 0.6ms
[44.105s][info][gc,phases      ] GC(109)   Post Evacuate Collection Set: 1.8ms
[44.105s][info][gc,phases      ] GC(109)   Other: 0.1ms
[44.105s][info][gc,heap        ] GC(109) Eden regions: 328->0(328)
[44.105s][info][gc,heap        ] GC(109) Survivor regions: 1->1(42)
[44.105s][info][gc,heap        ] GC(109) Old regions: 22->22
[44.105s][info][gc,heap        ] GC(109) Archive regions: 0->0
[44.105s][info][gc,heap        ] GC(109) Humongous regions: 0->0
[44.105s][info][gc,metaspace   ] GC(109) Metaspace: 14254K(15104K)->14254K(15104K) NonClass: 12293K(12800K)->12293K(12800K) Class: 1961K(2304K)->1961K(2304K)
[44.105s][info][gc             ] GC(109) Pause Young (Normal) (G1 Evacuation Pause) 662M->7M(1098M) 3.034ms
[44.105s][info][gc,cpu         ] GC(109) User=0.00s Sys=0.00s Real=0.00s
[44.512s][info][gc,start       ] GC(110) Pause Young (Normal) (G1 Evacuation Pause)
[44.512s][info][gc,task        ] GC(110) Using 33 workers of 33 for evacuation
[44.515s][info][gc,phases      ] GC(110)   Pre Evacuate Collection Set: 0.2ms
[44.515s][info][gc,phases      ] GC(110)   Merge Heap Roots: 0.1ms
[44.515s][info][gc,phases      ] GC(110)   Evacuate Collection Set: 0.5ms
[44.515s][info][gc,phases      ] GC(110)   Post Evacuate Collection Set: 1.8ms
[44.515s][info][gc,phases      ] GC(110)   Other: 0.1ms
[44.515s][info][gc,heap        ] GC(110) Eden regions: 328->0(328)
[44.515s][info][gc,heap        ] GC(110) Survivor regions: 1->1(42)
[44.515s][info][gc,heap        ] GC(110) Old regions: 22->22
[44.515s][info][gc,heap        ] GC(110) Archive regions: 0->0
[44.515s][info][gc,heap        ] GC(110) Humongous regions: 0->0
[44.515s][info][gc,metaspace   ] GC(110) Metaspace: 14254K(15104K)->14254K(15104K) NonClass: 12293K(12800K)->12293K(12800K) Class: 1961K(2304K)->1961K(2304K)
[44.515s][info][gc             ] GC(110) Pause Young (Normal) (G1 Evacuation Pause) 663M->7M(1098M) 2.972ms
[44.515s][info][gc,cpu         ] GC(110) User=0.00s Sys=0.00s Real=0.00s
[44.926s][info][gc,start       ] GC(111) Pause Young (Normal) (G1 Evacuation Pause)
[44.926s][info][gc,task        ] GC(111) Using 33 workers of 33 for evacuation
[44.929s][info][gc,phases      ] GC(111)   Pre Evacuate Collection Set: 0.1ms
[44.929s][info][gc,phases      ] GC(111)   Merge Heap Roots: 0.1ms
[44.929s][info][gc,phases      ] GC(111)   Evacuate Collection Set: 0.5ms
[44.929s][info][gc,phases      ] GC(111)   Post Evacuate Collection Set: 1.9ms
[44.929s][info][gc,phases      ] GC(111)   Other: 0.1ms
[44.929s][info][gc,heap        ] GC(111) Eden regions: 328->0(328)
[44.929s][info][gc,heap        ] GC(111) Survivor regions: 1->1(42)
[44.929s][info][gc,heap        ] GC(111) Old regions: 22->22
[44.929s][info][gc,heap        ] GC(111) Archive regions: 0->0
[44.929s][info][gc,heap        ] GC(111) Humongous regions: 0->0
[44.929s][info][gc,metaspace   ] GC(111) Metaspace: 14254K(15104K)->14254K(15104K) NonClass: 12293K(12800K)->12293K(12800K) Class: 1961K(2304K)->1961K(2304K)
[44.929s][info][gc             ] GC(111) Pause Young (Normal) (G1 Evacuation Pause) 663M->7M(1098M) 3.011ms
[44.929s][info][gc,cpu         ] GC(111) User=0.00s Sys=0.00s Real=0.00s
[45.342s][info][gc,start       ] GC(112) Pause Young (Normal) (G1 Evacuation Pause)
[45.343s][info][gc,task        ] GC(112) Using 33 workers of 33 for evacuation
[45.345s][info][gc,phases      ] GC(112)   Pre Evacuate Collection Set: 0.2ms
[45.345s][info][gc,phases      ] GC(112)   Merge Heap Roots: 0.1ms
[45.345s][info][gc,phases      ] GC(112)   Evacuate Collection Set: 0.6ms
[45.345s][info][gc,phases      ] GC(112)   Post Evacuate Collection Set: 1.9ms
[45.345s][info][gc,phases      ] GC(112)   Other: 0.1ms
[45.345s][info][gc,heap        ] GC(112) Eden regions: 328->0(328)
[45.346s][info][gc,heap        ] GC(112) Survivor regions: 1->1(42)
[45.346s][info][gc,heap        ] GC(112) Old regions: 22->22
[45.346s][info][gc,heap        ] GC(112) Archive regions: 0->0
[45.346s][info][gc,heap        ] GC(112) Humongous regions: 0->0
[45.346s][info][gc,metaspace   ] GC(112) Metaspace: 14254K(15104K)->14254K(15104K) NonClass: 12293K(12800K)->12293K(12800K) Class: 1961K(2304K)->1961K(2304K)
[45.346s][info][gc             ] GC(112) Pause Young (Normal) (G1 Evacuation Pause) 663M->7M(1098M) 3.080ms
[45.346s][info][gc,cpu         ] GC(112) User=0.00s Sys=0.00s Real=0.00s
[45.755s][info][gc,start       ] GC(113) Pause Young (Normal) (G1 Evacuation Pause)
[45.755s][info][gc,task        ] GC(113) Using 33 workers of 33 for evacuation
[45.758s][info][gc,phases      ] GC(113)   Pre Evacuate Collection Set: 0.1ms
[45.758s][info][gc,phases      ] GC(113)   Merge Heap Roots: 0.1ms
[45.758s][info][gc,phases      ] GC(113)   Evacuate Collection Set: 0.5ms
[45.758s][info][gc,phases      ] GC(113)   Post Evacuate Collection Set: 2.0ms
[45.758s][info][gc,phases      ] GC(113)   Other: 0.1ms
[45.758s][info][gc,heap        ] GC(113) Eden regions: 328->0(327)
[45.758s][info][gc,heap        ] GC(113) Survivor regions: 1->2(42)
[45.758s][info][gc,heap        ] GC(113) Old regions: 22->22
[45.758s][info][gc,heap        ] GC(113) Archive regions: 0->0
[45.758s][info][gc,heap        ] GC(113) Humongous regions: 0->0
[45.758s][info][gc,metaspace   ] GC(113) Metaspace: 14254K(15104K)->14254K(15104K) NonClass: 12293K(12800K)->12293K(12800K) Class: 1961K(2304K)->1961K(2304K)
[45.758s][info][gc             ] GC(113) Pause Young (Normal) (G1 Evacuation Pause) 663M->7M(1098M) 3.098ms
[45.758s][info][gc,cpu         ] GC(113) User=0.00s Sys=0.00s Real=0.00s
[46.164s][info][gc,start       ] GC(114) Pause Young (Normal) (G1 Evacuation Pause)
[46.164s][info][gc,task        ] GC(114) Using 33 workers of 33 for evacuation
[46.167s][info][gc,phases      ] GC(114)   Pre Evacuate Collection Set: 0.2ms
[46.167s][info][gc,phases      ] GC(114)   Merge Heap Roots: 0.1ms
[46.167s][info][gc,phases      ] GC(114)   Evacuate Collection Set: 0.7ms
[46.167s][info][gc,phases      ] GC(114)   Post Evacuate Collection Set: 2.0ms
[46.167s][info][gc,phases      ] GC(114)   Other: 0.1ms
[46.167s][info][gc,heap        ] GC(114) Eden regions: 327->0(327)
[46.167s][info][gc,heap        ] GC(114) Survivor regions: 2->2(42)
[46.167s][info][gc,heap        ] GC(114) Old regions: 22->22
[46.167s][info][gc,heap        ] GC(114) Archive regions: 0->0
[46.167s][info][gc,heap        ] GC(114) Humongous regions: 0->0
[46.167s][info][gc,metaspace   ] GC(114) Metaspace: 14254K(15104K)->14254K(15104K) NonClass: 12293K(12800K)->12293K(12800K) Class: 1961K(2304K)->1961K(2304K)
[46.167s][info][gc             ] GC(114) Pause Young (Normal) (G1 Evacuation Pause) 661M->7M(1098M) 3.346ms
[46.167s][info][gc,cpu         ] GC(114) User=0.00s Sys=0.00s Real=0.00s
[46.570s][info][gc,start       ] GC(115) Pause Young (Normal) (G1 Evacuation Pause)
[46.570s][info][gc,task        ] GC(115) Using 33 workers of 33 for evacuation
[46.573s][info][gc,phases      ] GC(115)   Pre Evacuate Collection Set: 0.1ms
[46.573s][info][gc,phases      ] GC(115)   Merge Heap Roots: 0.2ms
[46.573s][info][gc,phases      ] GC(115)   Evacuate Collection Set: 0.6ms
[46.573s][info][gc,phases      ] GC(115)   Post Evacuate Collection Set: 2.1ms
[46.573s][info][gc,phases      ] GC(115)   Other: 0.1ms
[46.573s][info][gc,heap        ] GC(115) Eden regions: 327->0(327)
[46.573s][info][gc,heap        ] GC(115) Survivor regions: 2->2(42)
[46.573s][info][gc,heap        ] GC(115) Old regions: 22->22
[46.573s][info][gc,heap        ] GC(115) Archive regions: 0->0
[46.573s][info][gc,heap        ] GC(115) Humongous regions: 0->0
[46.573s][info][gc,metaspace   ] GC(115) Metaspace: 14254K(15104K)->14254K(15104K) NonClass: 12293K(12800K)->12293K(12800K) Class: 1961K(2304K)->1961K(2304K)
[46.574s][info][gc             ] GC(115) Pause Young (Normal) (G1 Evacuation Pause) 661M->7M(1098M) 3.270ms
[46.574s][info][gc,cpu         ] GC(115) User=0.00s Sys=0.00s Real=0.00s
[46.986s][info][gc,start       ] GC(116) Pause Young (Normal) (G1 Evacuation Pause)
[46.986s][info][gc,task        ] GC(116) Using 33 workers of 33 for evacuation
[46.989s][info][gc,phases      ] GC(116)   Pre Evacuate Collection Set: 0.2ms
[46.989s][info][gc,phases      ] GC(116)   Merge Heap Roots: 0.1ms
[46.989s][info][gc,phases      ] GC(116)   Evacuate Collection Set: 0.7ms
[46.989s][info][gc,phases      ] GC(116)   Post Evacuate Collection Set: 2.1ms
[46.989s][info][gc,phases      ] GC(116)   Other: 0.1ms
[46.989s][info][gc,heap        ] GC(116) Eden regions: 327->0(327)
[46.989s][info][gc,heap        ] GC(116) Survivor regions: 2->2(42)
[46.989s][info][gc,heap        ] GC(116) Old regions: 22->22
[46.989s][info][gc,heap        ] GC(116) Archive regions: 0->0
[46.989s][info][gc,heap        ] GC(116) Humongous regions: 0->0
[46.989s][info][gc,metaspace   ] GC(116) Metaspace: 14254K(15104K)->14254K(15104K) NonClass: 12293K(12800K)->12293K(12800K) Class: 1961K(2304K)->1961K(2304K)
[46.989s][info][gc             ] GC(116) Pause Young (Normal) (G1 Evacuation Pause) 661M->7M(1098M) 3.488ms
[46.989s][info][gc,cpu         ] GC(116) User=0.33s Sys=0.05s Real=0.00s
[47.402s][info][gc,start       ] GC(117) Pause Young (Normal) (G1 Evacuation Pause)
[47.402s][info][gc,task        ] GC(117) Using 33 workers of 33 for evacuation
[47.405s][info][gc,phases      ] GC(117)   Pre Evacuate Collection Set: 0.1ms
[47.405s][info][gc,phases      ] GC(117)   Merge Heap Roots: 0.1ms
[47.405s][info][gc,phases      ] GC(117)   Evacuate Collection Set: 0.7ms
[47.405s][info][gc,phases      ] GC(117)   Post Evacuate Collection Set: 2.1ms
[47.405s][info][gc,phases      ] GC(117)   Other: 0.1ms
[47.405s][info][gc,heap        ] GC(117) Eden regions: 327->0(328)
[47.405s][info][gc,heap        ] GC(117) Survivor regions: 2->1(42)
[47.405s][info][gc,heap        ] GC(117) Old regions: 22->23
[47.405s][info][gc,heap        ] GC(117) Archive regions: 0->0
[47.405s][info][gc,heap        ] GC(117) Humongous regions: 0->0
[47.405s][info][gc,metaspace   ] GC(117) Metaspace: 14254K(15104K)->14254K(15104K) NonClass: 12293K(12800K)->12293K(12800K) Class: 1961K(2304K)->1961K(2304K)
[47.405s][info][gc             ] GC(117) Pause Young (Normal) (G1 Evacuation Pause) 661M->7M(1098M) 3.380ms
[47.405s][info][gc,cpu         ] GC(117) User=0.00s Sys=0.00s Real=0.00s
[47.817s][info][gc,start       ] GC(118) Pause Young (Normal) (G1 Evacuation Pause)
[47.817s][info][gc,task        ] GC(118) Using 33 workers of 33 for evacuation
[47.820s][info][gc,phases      ] GC(118)   Pre Evacuate Collection Set: 0.2ms
[47.820s][info][gc,phases      ] GC(118)   Merge Heap Roots: 0.2ms
[47.820s][info][gc,phases      ] GC(118)   Evacuate Collection Set: 0.4ms
[47.820s][info][gc,phases      ] GC(118)   Post Evacuate Collection Set: 1.7ms
[47.820s][info][gc,phases      ] GC(118)   Other: 0.1ms
[47.820s][info][gc,heap        ] GC(118) Eden regions: 328->0(328)
[47.820s][info][gc,heap        ] GC(118) Survivor regions: 1->1(42)
[47.820s][info][gc,heap        ] GC(118) Old regions: 23->23
[47.820s][info][gc,heap        ] GC(118) Archive regions: 0->0
[47.820s][info][gc,heap        ] GC(118) Humongous regions: 0->0
[47.820s][info][gc,metaspace   ] GC(118) Metaspace: 14254K(15104K)->14254K(15104K) NonClass: 12293K(12800K)->12293K(12800K) Class: 1961K(2304K)->1961K(2304K)
[47.820s][info][gc             ] GC(118) Pause Young (Normal) (G1 Evacuation Pause) 663M->7M(1098M) 2.816ms
[47.820s][info][gc,cpu         ] GC(118) User=0.00s Sys=0.00s Real=0.00s
[48.227s][info][gc,start       ] GC(119) Pause Young (Normal) (G1 Evacuation Pause)
[48.227s][info][gc,task        ] GC(119) Using 33 workers of 33 for evacuation
[48.230s][info][gc,phases      ] GC(119)   Pre Evacuate Collection Set: 0.2ms
[48.230s][info][gc,phases      ] GC(119)   Merge Heap Roots: 0.2ms
[48.230s][info][gc,phases      ] GC(119)   Evacuate Collection Set: 0.4ms
[48.230s][info][gc,phases      ] GC(119)   Post Evacuate Collection Set: 1.7ms
[48.230s][info][gc,phases      ] GC(119)   Other: 0.1ms
[48.230s][info][gc,heap        ] GC(119) Eden regions: 328->0(328)
[48.230s][info][gc,heap        ] GC(119) Survivor regions: 1->1(42)
[48.230s][info][gc,heap        ] GC(119) Old regions: 23->23
[48.230s][info][gc,heap        ] GC(119) Archive regions: 0->0
[48.230s][info][gc,heap        ] GC(119) Humongous regions: 0->0
[48.230s][info][gc,metaspace   ] GC(119) Metaspace: 14254K(15104K)->14254K(15104K) NonClass: 12293K(12800K)->12293K(12800K) Class: 1961K(2304K)->1961K(2304K)
[48.230s][info][gc             ] GC(119) Pause Young (Normal) (G1 Evacuation Pause) 663M->7M(1098M) 2.746ms
[48.230s][info][gc,cpu         ] GC(119) User=0.00s Sys=0.00s Real=0.00s
[48.636s][info][gc,start       ] GC(120) Pause Young (Normal) (G1 Evacuation Pause)
[48.636s][info][gc,task        ] GC(120) Using 33 workers of 33 for evacuation
[48.639s][info][gc,phases      ] GC(120)   Pre Evacuate Collection Set: 0.1ms
[48.639s][info][gc,phases      ] GC(120)   Merge Heap Roots: 0.2ms
[48.639s][info][gc,phases      ] GC(120)   Evacuate Collection Set: 0.4ms
[48.639s][info][gc,phases      ] GC(120)   Post Evacuate Collection Set: 1.8ms
[48.639s][info][gc,phases      ] GC(120)   Other: 0.1ms
[48.639s][info][gc,heap        ] GC(120) Eden regions: 328->0(328)
[48.639s][info][gc,heap        ] GC(120) Survivor regions: 1->1(42)
[48.639s][info][gc,heap        ] GC(120) Old regions: 23->23
[48.639s][info][gc,heap        ] GC(120) Archive regions: 0->0
[48.639s][info][gc,heap        ] GC(120) Humongous regions: 0->0
[48.639s][info][gc,metaspace   ] GC(120) Metaspace: 14254K(15104K)->14254K(15104K) NonClass: 12293K(12800K)->12293K(12800K) Class: 1961K(2304K)->1961K(2304K)
[48.639s][info][gc             ] GC(120) Pause Young (Normal) (G1 Evacuation Pause) 663M->7M(1098M) 2.843ms
[48.639s][info][gc,cpu         ] GC(120) User=0.00s Sys=0.00s Real=0.00s
[49.047s][info][gc,start       ] GC(121) Pause Young (Normal) (G1 Evacuation Pause)
[49.047s][info][gc,task        ] GC(121) Using 33 workers of 33 for evacuation
[49.049s][info][gc,phases      ] GC(121)   Pre Evacuate Collection Set: 0.2ms
[49.049s][info][gc,phases      ] GC(121)   Merge Heap Roots: 0.2ms
[49.049s][info][gc,phases      ] GC(121)   Evacuate Collection Set: 0.4ms
[49.049s][info][gc,phases      ] GC(121)   Post Evacuate Collection Set: 1.8ms
[49.049s][info][gc,phases      ] GC(121)   Other: 0.1ms
[49.050s][info][gc,heap        ] GC(121) Eden regions: 328->0(328)
[49.050s][info][gc,heap        ] GC(121) Survivor regions: 1->1(42)
[49.050s][info][gc,heap        ] GC(121) Old regions: 23->23
[49.050s][info][gc,heap        ] GC(121) Archive regions: 0->0
[49.050s][info][gc,heap        ] GC(121) Humongous regions: 0->0
[49.050s][info][gc,metaspace   ] GC(121) Metaspace: 14254K(15104K)->14254K(15104K) NonClass: 12293K(12800K)->12293K(12800K) Class: 1961K(2304K)->1961K(2304K)
[49.050s][info][gc             ] GC(121) Pause Young (Normal) (G1 Evacuation Pause) 663M->7M(1098M) 2.868ms
[49.050s][info][gc,cpu         ] GC(121) User=0.00s Sys=0.00s Real=0.00s
[49.457s][info][gc,start       ] GC(122) Pause Young (Normal) (G1 Evacuation Pause)
[49.457s][info][gc,task        ] GC(122) Using 33 workers of 33 for evacuation
[49.460s][info][gc,phases      ] GC(122)   Pre Evacuate Collection Set: 0.2ms
[49.460s][info][gc,phases      ] GC(122)   Merge Heap Roots: 0.2ms
[49.460s][info][gc,phases      ] GC(122)   Evacuate Collection Set: 0.4ms
[49.460s][info][gc,phases      ] GC(122)   Post Evacuate Collection Set: 1.8ms
[49.460s][info][gc,phases      ] GC(122)   Other: 0.1ms
[49.460s][info][gc,heap        ] GC(122) Eden regions: 328->0(328)
[49.460s][info][gc,heap        ] GC(122) Survivor regions: 1->1(42)
[49.460s][info][gc,heap        ] GC(122) Old regions: 23->23
[49.460s][info][gc,heap        ] GC(122) Archive regions: 0->0
[49.460s][info][gc,heap        ] GC(122) Humongous regions: 0->0
[49.460s][info][gc,metaspace   ] GC(122) Metaspace: 14254K(15104K)->14254K(15104K) NonClass: 12293K(12800K)->12293K(12800K) Class: 1961K(2304K)->1961K(2304K)
[49.460s][info][gc             ] GC(122) Pause Young (Normal) (G1 Evacuation Pause) 663M->7M(1098M) 2.913ms
[49.460s][info][gc,cpu         ] GC(122) User=0.00s Sys=0.00s Real=0.00s
[49.865s][info][gc,start       ] GC(123) Pause Young (Normal) (G1 Evacuation Pause)
[49.865s][info][gc,task        ] GC(123) Using 33 workers of 33 for evacuation
[49.867s][info][gc,phases      ] GC(123)   Pre Evacuate Collection Set: 0.1ms
[49.867s][info][gc,phases      ] GC(123)   Merge Heap Roots: 0.2ms
[49.867s][info][gc,phases      ] GC(123)   Evacuate Collection Set: 0.4ms
[49.867s][info][gc,phases      ] GC(123)   Post Evacuate Collection Set: 1.9ms
[49.867s][info][gc,phases      ] GC(123)   Other: 0.1ms
[49.867s][info][gc,heap        ] GC(123) Eden regions: 328->0(328)
[49.867s][info][gc,heap        ] GC(123) Survivor regions: 1->1(42)
[49.868s][info][gc,heap        ] GC(123) Old regions: 23->23
[49.868s][info][gc,heap        ] GC(123) Archive regions: 0->0
[49.868s][info][gc,heap        ] GC(123) Humongous regions: 0->0
[49.868s][info][gc,metaspace   ] GC(123) Metaspace: 14254K(15104K)->14254K(15104K) NonClass: 12293K(12800K)->12293K(12800K) Class: 1961K(2304K)->1961K(2304K)
[49.868s][info][gc             ] GC(123) Pause Young (Normal) (G1 Evacuation Pause) 663M->8M(1098M) 2.913ms
[49.868s][info][gc,cpu         ] GC(123) User=0.00s Sys=0.00s Real=0.00s
[50.276s][info][gc,start       ] GC(124) Pause Young (Normal) (G1 Evacuation Pause)
[50.276s][info][gc,task        ] GC(124) Using 33 workers of 33 for evacuation
[50.279s][info][gc,phases      ] GC(124)   Pre Evacuate Collection Set: 0.2ms
[50.279s][info][gc,phases      ] GC(124)   Merge Heap Roots: 0.2ms
[50.279s][info][gc,phases      ] GC(124)   Evacuate Collection Set: 0.4ms
[50.279s][info][gc,phases      ] GC(124)   Post Evacuate Collection Set: 1.9ms
[50.279s][info][gc,phases      ] GC(124)   Other: 0.1ms
[50.279s][info][gc,heap        ] GC(124) Eden regions: 328->0(328)
[50.279s][info][gc,heap        ] GC(124) Survivor regions: 1->1(42)
[50.279s][info][gc,heap        ] GC(124) Old regions: 23->23
[50.279s][info][gc,heap        ] GC(124) Archive regions: 0->0
[50.279s][info][gc,heap        ] GC(124) Humongous regions: 0->0
[50.279s][info][gc,metaspace   ] GC(124) Metaspace: 14254K(15104K)->14254K(15104K) NonClass: 12293K(12800K)->12293K(12800K) Class: 1961K(2304K)->1961K(2304K)
[50.279s][info][gc             ] GC(124) Pause Young (Normal) (G1 Evacuation Pause) 664M->8M(1098M) 2.987ms
[50.279s][info][gc,cpu         ] GC(124) User=0.00s Sys=0.00s Real=0.00s
[50.688s][info][gc,start       ] GC(125) Pause Young (Normal) (G1 Evacuation Pause)
[50.688s][info][gc,task        ] GC(125) Using 33 workers of 33 for evacuation
[50.691s][info][gc,phases      ] GC(125)   Pre Evacuate Collection Set: 0.1ms
[50.691s][info][gc,phases      ] GC(125)   Merge Heap Roots: 0.2ms
[50.691s][info][gc,phases      ] GC(125)   Evacuate Collection Set: 0.4ms
[50.691s][info][gc,phases      ] GC(125)   Post Evacuate Collection Set: 2.0ms
[50.691s][info][gc,phases      ] GC(125)   Other: 0.1ms
[50.691s][info][gc,heap        ] GC(125) Eden regions: 328->0(328)
[50.691s][info][gc,heap        ] GC(125) Survivor regions: 1->1(42)
[50.691s][info][gc,heap        ] GC(125) Old regions: 23->23
[50.691s][info][gc,heap        ] GC(125) Archive regions: 0->0
[50.691s][info][gc,heap        ] GC(125) Humongous regions: 0->0
[50.691s][info][gc,metaspace   ] GC(125) Metaspace: 14254K(15104K)->14254K(15104K) NonClass: 12293K(12800K)->12293K(12800K) Class: 1961K(2304K)->1961K(2304K)
[50.691s][info][gc             ] GC(125) Pause Young (Normal) (G1 Evacuation Pause) 664M->8M(1098M) 3.063ms
[50.691s][info][gc,cpu         ] GC(125) User=0.52s Sys=0.00s Real=0.00s
[51.096s][info][gc,start       ] GC(126) Pause Young (Normal) (G1 Evacuation Pause)
[51.096s][info][gc,task        ] GC(126) Using 33 workers of 33 for evacuation
[51.099s][info][gc,phases      ] GC(126)   Pre Evacuate Collection Set: 0.2ms
[51.099s][info][gc,phases      ] GC(126)   Merge Heap Roots: 0.2ms
[51.099s][info][gc,phases      ] GC(126)   Evacuate Collection Set: 0.4ms
[51.099s][info][gc,phases      ] GC(126)   Post Evacuate Collection Set: 2.1ms
[51.099s][info][gc,phases      ] GC(126)   Other: 0.1ms
[51.099s][info][gc,heap        ] GC(126) Eden regions: 328->0(328)
[51.099s][info][gc,heap        ] GC(126) Survivor regions: 1->1(42)
[51.099s][info][gc,heap        ] GC(126) Old regions: 23->24
[51.099s][info][gc,heap        ] GC(126) Archive regions: 0->0
[51.099s][info][gc,heap        ] GC(126) Humongous regions: 0->0
[51.099s][info][gc,metaspace   ] GC(126) Metaspace: 14254K(15104K)->14254K(15104K) NonClass: 12293K(12800K)->12293K(12800K) Class: 1961K(2304K)->1961K(2304K)
[51.099s][info][gc             ] GC(126) Pause Young (Normal) (G1 Evacuation Pause) 664M->8M(1098M) 3.153ms
[51.099s][info][gc,cpu         ] GC(126) User=0.45s Sys=0.06s Real=0.00s
[51.508s][info][gc,start       ] GC(127) Pause Young (Normal) (G1 Evacuation Pause)
[51.508s][info][gc,task        ] GC(127) Using 33 workers of 33 for evacuation
[51.511s][info][gc,phases      ] GC(127)   Pre Evacuate Collection Set: 0.2ms
[51.511s][info][gc,phases      ] GC(127)   Merge Heap Roots: 0.2ms
[51.511s][info][gc,phases      ] GC(127)   Evacuate Collection Set: 0.4ms
[51.511s][info][gc,phases      ] GC(127)   Post Evacuate Collection Set: 2.1ms
[51.511s][info][gc,phases      ] GC(127)   Other: 0.2ms
[51.511s][info][gc,heap        ] GC(127) Eden regions: 328->0(328)
[51.511s][info][gc,heap        ] GC(127) Survivor regions: 1->1(42)
[51.511s][info][gc,heap        ] GC(127) Old regions: 24->24
[51.511s][info][gc,heap        ] GC(127) Archive regions: 0->0
[51.511s][info][gc,heap        ] GC(127) Humongous regions: 0->0
[51.511s][info][gc,metaspace   ] GC(127) Metaspace: 14254K(15104K)->14254K(15104K) NonClass: 12293K(12800K)->12293K(12800K) Class: 1961K(2304K)->1961K(2304K)
[51.511s][info][gc             ] GC(127) Pause Young (Normal) (G1 Evacuation Pause) 664M->8M(1098M) 3.316ms
[51.511s][info][gc,cpu         ] GC(127) User=0.00s Sys=0.00s Real=0.00s
[51.921s][info][gc,start       ] GC(128) Pause Young (Normal) (G1 Evacuation Pause)
[51.921s][info][gc,task        ] GC(128) Using 33 workers of 33 for evacuation
[51.924s][info][gc,phases      ] GC(128)   Pre Evacuate Collection Set: 0.2ms
[51.924s][info][gc,phases      ] GC(128)   Merge Heap Roots: 0.2ms
[51.924s][info][gc,phases      ] GC(128)   Evacuate Collection Set: 0.4ms
[51.924s][info][gc,phases      ] GC(128)   Post Evacuate Collection Set: 2.1ms
[51.924s][info][gc,phases      ] GC(128)   Other: 0.1ms
[51.924s][info][gc,heap        ] GC(128) Eden regions: 328->0(328)
[51.924s][info][gc,heap        ] GC(128) Survivor regions: 1->1(42)
[51.924s][info][gc,heap        ] GC(128) Old regions: 24->24
[51.924s][info][gc,heap        ] GC(128) Archive regions: 0->0
[51.924s][info][gc,heap        ] GC(128) Humongous regions: 0->0
[51.924s][info][gc,metaspace   ] GC(128) Metaspace: 14254K(15104K)->14254K(15104K) NonClass: 12293K(12800K)->12293K(12800K) Class: 1961K(2304K)->1961K(2304K)
[51.924s][info][gc             ] GC(128) Pause Young (Normal) (G1 Evacuation Pause) 664M->8M(1098M) 3.200ms
[51.924s][info][gc,cpu         ] GC(128) User=0.00s Sys=0.00s Real=0.00s
[52.334s][info][gc,start       ] GC(129) Pause Young (Normal) (G1 Evacuation Pause)
[52.334s][info][gc,task        ] GC(129) Using 33 workers of 33 for evacuation
[52.337s][info][gc,phases      ] GC(129)   Pre Evacuate Collection Set: 0.2ms
[52.337s][info][gc,phases      ] GC(129)   Merge Heap Roots: 0.2ms
[52.337s][info][gc,phases      ] GC(129)   Evacuate Collection Set: 0.4ms
[52.337s][info][gc,phases      ] GC(129)   Post Evacuate Collection Set: 2.1ms
[52.337s][info][gc,phases      ] GC(129)   Other: 0.1ms
[52.337s][info][gc,heap        ] GC(129) Eden regions: 328->0(328)
[52.337s][info][gc,heap        ] GC(129) Survivor regions: 1->1(42)
[52.337s][info][gc,heap        ] GC(129) Old regions: 24->24
[52.337s][info][gc,heap        ] GC(129) Archive regions: 0->0
[52.337s][info][gc,heap        ] GC(129) Humongous regions: 0->0
[52.337s][info][gc,metaspace   ] GC(129) Metaspace: 14254K(15104K)->14254K(15104K) NonClass: 12293K(12800K)->12293K(12800K) Class: 1961K(2304K)->1961K(2304K)
[52.337s][info][gc             ] GC(129) Pause Young (Normal) (G1 Evacuation Pause) 664M->8M(1098M) 3.184ms
[52.337s][info][gc,cpu         ] GC(129) User=0.00s Sys=0.00s Real=0.00s
[52.750s][info][gc,start       ] GC(130) Pause Young (Normal) (G1 Evacuation Pause)
[52.750s][info][gc,task        ] GC(130) Using 33 workers of 33 for evacuation
[52.753s][info][gc,phases      ] GC(130)   Pre Evacuate Collection Set: 0.2ms
[52.753s][info][gc,phases      ] GC(130)   Merge Heap Roots: 0.2ms
[52.753s][info][gc,phases      ] GC(130)   Evacuate Collection Set: 0.4ms
[52.753s][info][gc,phases      ] GC(130)   Post Evacuate Collection Set: 1.8ms
[52.753s][info][gc,phases      ] GC(130)   Other: 0.1ms
[52.753s][info][gc,heap        ] GC(130) Eden regions: 328->0(328)
[52.753s][info][gc,heap        ] GC(130) Survivor regions: 1->1(42)
[52.753s][info][gc,heap        ] GC(130) Old regions: 24->24
[52.753s][info][gc,heap        ] GC(130) Archive regions: 0->0
[52.753s][info][gc,heap        ] GC(130) Humongous regions: 0->0
[52.753s][info][gc,metaspace   ] GC(130) Metaspace: 14254K(15104K)->14254K(15104K) NonClass: 12293K(12800K)->12293K(12800K) Class: 1961K(2304K)->1961K(2304K)
[52.753s][info][gc             ] GC(130) Pause Young (Normal) (G1 Evacuation Pause) 664M->8M(1098M) 2.903ms
[52.753s][info][gc,cpu         ] GC(130) User=0.00s Sys=0.00s Real=0.00s
[53.159s][info][gc,start       ] GC(131) Pause Young (Normal) (G1 Evacuation Pause)
[53.159s][info][gc,task        ] GC(131) Using 33 workers of 33 for evacuation
[53.162s][info][gc,phases      ] GC(131)   Pre Evacuate Collection Set: 0.1ms
[53.162s][info][gc,phases      ] GC(131)   Merge Heap Roots: 0.2ms
[53.162s][info][gc,phases      ] GC(131)   Evacuate Collection Set: 0.4ms
[53.162s][info][gc,phases      ] GC(131)   Post Evacuate Collection Set: 1.7ms
[53.162s][info][gc,phases      ] GC(131)   Other: 0.1ms
[53.162s][info][gc,heap        ] GC(131) Eden regions: 328->0(328)
[53.162s][info][gc,heap        ] GC(131) Survivor regions: 1->1(42)
[53.162s][info][gc,heap        ] GC(131) Old regions: 24->24
[53.162s][info][gc,heap        ] GC(131) Archive regions: 0->0
[53.162s][info][gc,heap        ] GC(131) Humongous regions: 0->0
[53.162s][info][gc,metaspace   ] GC(131) Metaspace: 14254K(15104K)->14254K(15104K) NonClass: 12293K(12800K)->12293K(12800K) Class: 1961K(2304K)->1961K(2304K)
[53.162s][info][gc             ] GC(131) Pause Young (Normal) (G1 Evacuation Pause) 664M->8M(1098M) 2.737ms
[53.162s][info][gc,cpu         ] GC(131) User=0.02s Sys=0.00s Real=0.00s
[53.569s][info][gc,start       ] GC(132) Pause Young (Normal) (G1 Evacuation Pause)
[53.569s][info][gc,task        ] GC(132) Using 33 workers of 33 for evacuation
[53.572s][info][gc,phases      ] GC(132)   Pre Evacuate Collection Set: 0.1ms
[53.572s][info][gc,phases      ] GC(132)   Merge Heap Roots: 0.2ms
[53.572s][info][gc,phases      ] GC(132)   Evacuate Collection Set: 0.4ms
[53.572s][info][gc,phases      ] GC(132)   Post Evacuate Collection Set: 1.8ms
[53.572s][info][gc,phases      ] GC(132)   Other: 0.1ms
[53.572s][info][gc,heap        ] GC(132) Eden regions: 328->0(328)
[53.572s][info][gc,heap        ] GC(132) Survivor regions: 1->1(42)
[53.572s][info][gc,heap        ] GC(132) Old regions: 24->24
[53.572s][info][gc,heap        ] GC(132) Archive regions: 0->0
[53.572s][info][gc,heap        ] GC(132) Humongous regions: 0->0
[53.572s][info][gc,metaspace   ] GC(132) Metaspace: 14254K(15104K)->14254K(15104K) NonClass: 12293K(12800K)->12293K(12800K) Class: 1961K(2304K)->1961K(2304K)
[53.572s][info][gc             ] GC(132) Pause Young (Normal) (G1 Evacuation Pause) 664M->8M(1098M) 2.793ms
[53.572s][info][gc,cpu         ] GC(132) User=0.00s Sys=0.00s Real=0.00s
[53.976s][info][gc,start       ] GC(133) Pause Young (Normal) (G1 Evacuation Pause)
[53.976s][info][gc,task        ] GC(133) Using 33 workers of 33 for evacuation
[53.978s][info][gc,phases      ] GC(133)   Pre Evacuate Collection Set: 0.1ms
[53.978s][info][gc,phases      ] GC(133)   Merge Heap Roots: 0.2ms
[53.978s][info][gc,phases      ] GC(133)   Evacuate Collection Set: 0.4ms
[53.978s][info][gc,phases      ] GC(133)   Post Evacuate Collection Set: 1.8ms
[53.978s][info][gc,phases      ] GC(133)   Other: 0.1ms
[53.978s][info][gc,heap        ] GC(133) Eden regions: 328->0(328)
[53.978s][info][gc,heap        ] GC(133) Survivor regions: 1->1(42)
[53.978s][info][gc,heap        ] GC(133) Old regions: 24->24
[53.978s][info][gc,heap        ] GC(133) Archive regions: 0->0
[53.978s][info][gc,heap        ] GC(133) Humongous regions: 0->0
[53.978s][info][gc,metaspace   ] GC(133) Metaspace: 14254K(15104K)->14254K(15104K) NonClass: 12293K(12800K)->12293K(12800K) Class: 1961K(2304K)->1961K(2304K)
[53.979s][info][gc             ] GC(133) Pause Young (Normal) (G1 Evacuation Pause) 664M->8M(1098M) 2.869ms
[53.979s][info][gc,cpu         ] GC(133) User=0.00s Sys=0.00s Real=0.00s
[54.385s][info][gc,start       ] GC(134) Pause Young (Normal) (G1 Evacuation Pause)
[54.386s][info][gc,task        ] GC(134) Using 33 workers of 33 for evacuation
[54.388s][info][gc,phases      ] GC(134)   Pre Evacuate Collection Set: 0.2ms
[54.388s][info][gc,phases      ] GC(134)   Merge Heap Roots: 0.2ms
[54.388s][info][gc,phases      ] GC(134)   Evacuate Collection Set: 0.4ms
[54.388s][info][gc,phases      ] GC(134)   Post Evacuate Collection Set: 1.8ms
[54.388s][info][gc,phases      ] GC(134)   Other: 0.1ms
[54.388s][info][gc,heap        ] GC(134) Eden regions: 328->0(328)
[54.388s][info][gc,heap        ] GC(134) Survivor regions: 1->1(42)
[54.388s][info][gc,heap        ] GC(134) Old regions: 24->24
[54.388s][info][gc,heap        ] GC(134) Archive regions: 0->0
[54.388s][info][gc,heap        ] GC(134) Humongous regions: 0->0
[54.388s][info][gc,metaspace   ] GC(134) Metaspace: 14254K(15104K)->14254K(15104K) NonClass: 12293K(12800K)->12293K(12800K) Class: 1961K(2304K)->1961K(2304K)
[54.388s][info][gc             ] GC(134) Pause Young (Normal) (G1 Evacuation Pause) 664M->9M(1098M) 2.925ms
[54.388s][info][gc,cpu         ] GC(134) User=0.00s Sys=0.00s Real=0.00s
[54.798s][info][gc,start       ] GC(135) Pause Young (Normal) (G1 Evacuation Pause)
[54.798s][info][gc,task        ] GC(135) Using 33 workers of 33 for evacuation
[54.800s][info][gc,phases      ] GC(135)   Pre Evacuate Collection Set: 0.2ms
[54.800s][info][gc,phases      ] GC(135)   Merge Heap Roots: 0.2ms
[54.800s][info][gc,phases      ] GC(135)   Evacuate Collection Set: 0.4ms
[54.800s][info][gc,phases      ] GC(135)   Post Evacuate Collection Set: 1.9ms
[54.800s][info][gc,phases      ] GC(135)   Other: 0.1ms
[54.800s][info][gc,heap        ] GC(135) Eden regions: 328->0(328)
[54.800s][info][gc,heap        ] GC(135) Survivor regions: 1->1(42)
[54.800s][info][gc,heap        ] GC(135) Old regions: 24->24
[54.800s][info][gc,heap        ] GC(135) Archive regions: 0->0
[54.800s][info][gc,heap        ] GC(135) Humongous regions: 0->0
[54.801s][info][gc,metaspace   ] GC(135) Metaspace: 14254K(15104K)->14254K(15104K) NonClass: 12293K(12800K)->12293K(12800K) Class: 1961K(2304K)->1961K(2304K)
[54.801s][info][gc             ] GC(135) Pause Young (Normal) (G1 Evacuation Pause) 665M->9M(1098M) 2.997ms
[54.801s][info][gc,cpu         ] GC(135) User=0.52s Sys=0.00s Real=0.00s
[55.207s][info][gc,start       ] GC(136) Pause Young (Normal) (G1 Evacuation Pause)
[55.207s][info][gc,task        ] GC(136) Using 33 workers of 33 for evacuation
[55.210s][info][gc,phases      ] GC(136)   Pre Evacuate Collection Set: 0.2ms
[55.210s][info][gc,phases      ] GC(136)   Merge Heap Roots: 0.2ms
[55.210s][info][gc,phases      ] GC(136)   Evacuate Collection Set: 0.4ms
[55.210s][info][gc,phases      ] GC(136)   Post Evacuate Collection Set: 2.0ms
[55.210s][info][gc,phases      ] GC(136)   Other: 0.1ms
[55.210s][info][gc,heap        ] GC(136) Eden regions: 328->0(328)
[55.210s][info][gc,heap        ] GC(136) Survivor regions: 1->1(42)
[55.210s][info][gc,heap        ] GC(136) Old regions: 24->24
[55.210s][info][gc,heap        ] GC(136) Archive regions: 0->0
[55.210s][info][gc,heap        ] GC(136) Humongous regions: 0->0
[55.210s][info][gc,metaspace   ] GC(136) Metaspace: 14254K(15104K)->14254K(15104K) NonClass: 12293K(12800K)->12293K(12800K) Class: 1961K(2304K)->1961K(2304K)
[55.210s][info][gc             ] GC(136) Pause Young (Normal) (G1 Evacuation Pause) 665M->9M(1098M) 3.041ms
[55.210s][info][gc,cpu         ] GC(136) User=0.00s Sys=0.00s Real=0.00s
[55.619s][info][gc,start       ] GC(137) Pause Young (Normal) (G1 Evacuation Pause)
[55.619s][info][gc,task        ] GC(137) Using 33 workers of 33 for evacuation
[55.622s][info][gc,phases      ] GC(137)   Pre Evacuate Collection Set: 0.2ms
[55.622s][info][gc,phases      ] GC(137)   Merge Heap Roots: 0.2ms
[55.622s][info][gc,phases      ] GC(137)   Evacuate Collection Set: 0.5ms
[55.622s][info][gc,phases      ] GC(137)   Post Evacuate Collection Set: 2.0ms
[55.622s][info][gc,phases      ] GC(137)   Other: 0.1ms
[55.622s][info][gc,heap        ] GC(137) Eden regions: 328->0(328)
[55.622s][info][gc,heap        ] GC(137) Survivor regions: 1->1(42)
[55.622s][info][gc,heap        ] GC(137) Old regions: 24->24
[55.622s][info][gc,heap        ] GC(137) Archive regions: 0->0
[55.622s][info][gc,heap        ] GC(137) Humongous regions: 0->0
[55.622s][info][gc,metaspace   ] GC(137) Metaspace: 14254K(15104K)->14254K(15104K) NonClass: 12293K(12800K)->12293K(12800K) Class: 1961K(2304K)->1961K(2304K)
[55.622s][info][gc             ] GC(137) Pause Young (Normal) (G1 Evacuation Pause) 665M->9M(1098M) 3.181ms
[55.622s][info][gc,cpu         ] GC(137) User=0.00s Sys=0.00s Real=0.00s
[56.044s][info][gc,start       ] GC(138) Pause Young (Normal) (G1 Evacuation Pause)
[56.044s][info][gc,task        ] GC(138) Using 33 workers of 33 for evacuation
[56.047s][info][gc,phases      ] GC(138)   Pre Evacuate Collection Set: 0.1ms
[56.047s][info][gc,phases      ] GC(138)   Merge Heap Roots: 0.2ms
[56.047s][info][gc,phases      ] GC(138)   Evacuate Collection Set: 0.4ms
[56.047s][info][gc,phases      ] GC(138)   Post Evacuate Collection Set: 2.1ms
[56.047s][info][gc,phases      ] GC(138)   Other: 0.1ms
[56.047s][info][gc,heap        ] GC(138) Eden regions: 328->0(328)
[56.047s][info][gc,heap        ] GC(138) Survivor regions: 1->1(42)
[56.047s][info][gc,heap        ] GC(138) Old regions: 24->24
[56.047s][info][gc,heap        ] GC(138) Archive regions: 0->0
[56.047s][info][gc,heap        ] GC(138) Humongous regions: 0->0
[56.047s][info][gc,metaspace   ] GC(138) Metaspace: 14254K(15104K)->14254K(15104K) NonClass: 12293K(12800K)->12293K(12800K) Class: 1961K(2304K)->1961K(2304K)
[56.047s][info][gc             ] GC(138) Pause Young (Normal) (G1 Evacuation Pause) 665M->9M(1098M) 3.097ms
[56.047s][info][gc,cpu         ] GC(138) User=0.00s Sys=0.00s Real=0.00s
[56.531s][info][gc,start       ] GC(139) Pause Young (Normal) (G1 Evacuation Pause)
[56.531s][info][gc,task        ] GC(139) Using 33 workers of 33 for evacuation
[56.535s][info][gc,phases      ] GC(139)   Pre Evacuate Collection Set: 0.2ms
[56.535s][info][gc,phases      ] GC(139)   Merge Heap Roots: 0.2ms
[56.535s][info][gc,phases      ] GC(139)   Evacuate Collection Set: 0.4ms
[56.535s][info][gc,phases      ] GC(139)   Post Evacuate Collection Set: 2.2ms
[56.535s][info][gc,phases      ] GC(139)   Other: 0.1ms
[56.535s][info][gc,heap        ] GC(139) Eden regions: 328->0(328)
[56.535s][info][gc,heap        ] GC(139) Survivor regions: 1->1(42)
[56.535s][info][gc,heap        ] GC(139) Old regions: 24->24
[56.535s][info][gc,heap        ] GC(139) Archive regions: 0->0
[56.535s][info][gc,heap        ] GC(139) Humongous regions: 0->0
[56.535s][info][gc,metaspace   ] GC(139) Metaspace: 14254K(15104K)->14254K(15104K) NonClass: 12293K(12800K)->12293K(12800K) Class: 1961K(2304K)->1961K(2304K)
[56.535s][info][gc             ] GC(139) Pause Young (Normal) (G1 Evacuation Pause) 665M->9M(1098M) 3.332ms
[56.535s][info][gc,cpu         ] GC(139) User=0.00s Sys=0.00s Real=0.00s
[56.804s][info][gc,start       ] GC(140) Pause Full (System.gc())
[56.804s][info][gc,task        ] GC(140) Using 29 workers of 33 for full compaction
[56.805s][info][gc,phases,start] GC(140) Phase 1: Mark live objects
[56.817s][info][gc,phases      ] GC(140) Phase 1: Mark live objects 11.893ms
[56.817s][info][gc,phases,start] GC(140) Phase 2: Prepare compaction
[56.819s][info][gc,phases      ] GC(140) Phase 2: Prepare compaction 1.844ms
[56.819s][info][gc,phases,start] GC(140) Phase 3: Adjust pointers
[56.822s][info][gc,phases      ] GC(140) Phase 3: Adjust pointers 3.268ms
[56.822s][info][gc,phases,start] GC(140) Phase 4: Compact heap
[56.823s][info][gc,phases      ] GC(140) Phase 4: Compact heap 0.616ms
[56.828s][info][gc,heap        ] GC(140) Eden regions: 204->0(48)
[56.828s][info][gc,heap        ] GC(140) Survivor regions: 1->0(42)
[56.828s][info][gc,heap        ] GC(140) Old regions: 24->24
[56.828s][info][gc,heap        ] GC(140) Archive regions: 0->0
[56.828s][info][gc,heap        ] GC(140) Humongous regions: 0->0
[56.828s][info][gc,metaspace   ] GC(140) Metaspace: 14254K(15104K)->14254K(15104K) NonClass: 12293K(12800K)->12293K(12800K) Class: 1961K(2304K)->1961K(2304K)
[56.828s][info][gc             ] GC(140) Pause Full (System.gc()) 417M->5M(160M) 23.751ms
[56.828s][info][gc,cpu         ] GC(140) User=0.02s Sys=0.50s Real=0.02s
[56.981s][info][gc,start       ] GC(141) Pause Young (Normal) (G1 Evacuation Pause)
[56.981s][info][gc,task        ] GC(141) Using 33 workers of 33 for evacuation
[56.985s][info][gc,phases      ] GC(141)   Pre Evacuate Collection Set: 0.2ms
[56.985s][info][gc,phases      ] GC(141)   Merge Heap Roots: 0.1ms
[56.985s][info][gc,phases      ] GC(141)   Evacuate Collection Set: 0.8ms
[56.985s][info][gc,phases      ] GC(141)   Post Evacuate Collection Set: 2.1ms
[56.985s][info][gc,phases      ] GC(141)   Other: 0.2ms
[56.985s][info][gc,heap        ] GC(141) Eden regions: 48->0(47)
[56.985s][info][gc,heap        ] GC(141) Survivor regions: 0->1(6)
[56.985s][info][gc,heap        ] GC(141) Old regions: 24->24
[56.985s][info][gc,heap        ] GC(141) Archive regions: 0->0
[56.985s][info][gc,heap        ] GC(141) Humongous regions: 0->0
[56.985s][info][gc,metaspace   ] GC(141) Metaspace: 14271K(15104K)->14271K(15104K) NonClass: 12310K(12800K)->12310K(12800K) Class: 1961K(2304K)->1961K(2304K)
[56.985s][info][gc             ] GC(141) Pause Young (Normal) (G1 Evacuation Pause) 101M->6M(160M) 3.804ms
[56.985s][info][gc,cpu         ] GC(141) User=0.00s Sys=0.00s Real=0.00s
[57.064s][info][gc,start       ] GC(142) Pause Young (Normal) (G1 Evacuation Pause)
[57.064s][info][gc,task        ] GC(142) Using 33 workers of 33 for evacuation
[57.066s][info][gc,phases      ] GC(142)   Pre Evacuate Collection Set: 0.1ms
[57.066s][info][gc,phases      ] GC(142)   Merge Heap Roots: 0.1ms
[57.067s][info][gc,phases      ] GC(142)   Evacuate Collection Set: 0.5ms
[57.067s][info][gc,phases      ] GC(142)   Post Evacuate Collection Set: 1.6ms
[57.067s][info][gc,phases      ] GC(142)   Other: 0.1ms
[57.067s][info][gc,heap        ] GC(142) Eden regions: 47->0(47)
[57.067s][info][gc,heap        ] GC(142) Survivor regions: 1->1(6)
[57.067s][info][gc,heap        ] GC(142) Old regions: 24->24
[57.067s][info][gc,heap        ] GC(142) Archive regions: 0->0
[57.067s][info][gc,heap        ] GC(142) Humongous regions: 0->0
[57.067s][info][gc,metaspace   ] GC(142) Metaspace: 14271K(15104K)->14271K(15104K) NonClass: 12310K(12800K)->12310K(12800K) Class: 1961K(2304K)->1961K(2304K)
[57.067s][info][gc             ] GC(142) Pause Young (Normal) (G1 Evacuation Pause) 100M->6M(160M) 2.687ms
[57.067s][info][gc,cpu         ] GC(142) User=0.52s Sys=0.00s Real=0.00s
[57.132s][info][gc,start       ] GC(143) Pause Young (Normal) (G1 Evacuation Pause)
[57.132s][info][gc,task        ] GC(143) Using 33 workers of 33 for evacuation
[57.134s][info][gc,phases      ] GC(143)   Pre Evacuate Collection Set: 0.1ms
[57.134s][info][gc,phases      ] GC(143)   Merge Heap Roots: 0.1ms
[57.134s][info][gc,phases      ] GC(143)   Evacuate Collection Set: 0.4ms
[57.134s][info][gc,phases      ] GC(143)   Post Evacuate Collection Set: 1.5ms
[57.134s][info][gc,phases      ] GC(143)   Other: 0.1ms
[57.134s][info][gc,heap        ] GC(143) Eden regions: 47->0(47)
[57.134s][info][gc,heap        ] GC(143) Survivor regions: 1->1(6)
[57.134s][info][gc,heap        ] GC(143) Old regions: 24->24
[57.134s][info][gc,heap        ] GC(143) Archive regions: 0->0
[57.134s][info][gc,heap        ] GC(143) Humongous regions: 0->0
[57.134s][info][gc,metaspace   ] GC(143) Metaspace: 14271K(15104K)->14271K(15104K) NonClass: 12310K(12800K)->12310K(12800K) Class: 1961K(2304K)->1961K(2304K)
[57.134s][info][gc             ] GC(143) Pause Young (Normal) (G1 Evacuation Pause) 100M->6M(160M) 2.387ms
[57.134s][info][gc,cpu         ] GC(143) User=0.00s Sys=0.00s Real=0.00s
[57.196s][info][gc,start       ] GC(144) Pause Young (Normal) (G1 Evacuation Pause)
[57.196s][info][gc,task        ] GC(144) Using 33 workers of 33 for evacuation
[57.201s][info][gc,phases      ] GC(144)   Pre Evacuate Collection Set: 0.1ms
[57.201s][info][gc,phases      ] GC(144)   Merge Heap Roots: 0.1ms
[57.201s][info][gc,phases      ] GC(144)   Evacuate Collection Set: 0.4ms
[57.201s][info][gc,phases      ] GC(144)   Post Evacuate Collection Set: 4.8ms
[57.201s][info][gc,phases      ] GC(144)   Other: 0.1ms
[57.201s][info][gc,heap        ] GC(144) Eden regions: 47->0(330)
[57.201s][info][gc,heap        ] GC(144) Survivor regions: 1->1(6)
[57.201s][info][gc,heap        ] GC(144) Old regions: 24->24
[57.201s][info][gc,heap        ] GC(144) Archive regions: 0->0
[57.201s][info][gc,heap        ] GC(144) Humongous regions: 0->0
[57.201s][info][gc,metaspace   ] GC(144) Metaspace: 14271K(15104K)->14271K(15104K) NonClass: 12310K(12800K)->12310K(12800K) Class: 1961K(2304K)->1961K(2304K)
[57.201s][info][gc             ] GC(144) Pause Young (Normal) (G1 Evacuation Pause) 100M->6M(1104M) 5.752ms
[57.201s][info][gc,cpu         ] GC(144) User=0.00s Sys=0.00s Real=0.01s
[57.657s][info][gc,start       ] GC(145) Pause Young (Normal) (G1 Evacuation Pause)
[57.657s][info][gc,task        ] GC(145) Using 33 workers of 33 for evacuation
[57.661s][info][gc,phases      ] GC(145)   Pre Evacuate Collection Set: 0.2ms
[57.661s][info][gc,phases      ] GC(145)   Merge Heap Roots: 0.1ms
[57.661s][info][gc,phases      ] GC(145)   Evacuate Collection Set: 1.9ms
[57.661s][info][gc,phases      ] GC(145)   Post Evacuate Collection Set: 1.7ms
[57.661s][info][gc,phases      ] GC(145)   Other: 0.1ms
[57.661s][info][gc,heap        ] GC(145) Eden regions: 330->0(330)
[57.661s][info][gc,heap        ] GC(145) Survivor regions: 1->1(42)
[57.661s][info][gc,heap        ] GC(145) Old regions: 24->24
[57.661s][info][gc,heap        ] GC(145) Archive regions: 0->0
[57.661s][info][gc,heap        ] GC(145) Humongous regions: 0->0
[57.661s][info][gc,metaspace   ] GC(145) Metaspace: 14271K(15104K)->14271K(15104K) NonClass: 12310K(12800K)->12310K(12800K) Class: 1961K(2304K)->1961K(2304K)
[57.661s][info][gc             ] GC(145) Pause Young (Normal) (G1 Evacuation Pause) 666M->6M(1104M) 4.239ms
[57.661s][info][gc,cpu         ] GC(145) User=0.52s Sys=0.00s Real=0.00s
[58.077s][info][gc,start       ] GC(146) Pause Young (Normal) (G1 Evacuation Pause)
[58.077s][info][gc,task        ] GC(146) Using 33 workers of 33 for evacuation
[58.081s][info][gc,phases      ] GC(146)   Pre Evacuate Collection Set: 0.2ms
[58.082s][info][gc,phases      ] GC(146)   Merge Heap Roots: 0.1ms
[58.082s][info][gc,phases      ] GC(146)   Evacuate Collection Set: 1.9ms
[58.082s][info][gc,phases      ] GC(146)   Post Evacuate Collection Set: 1.7ms
[58.082s][info][gc,phases      ] GC(146)   Other: 0.1ms
[58.082s][info][gc,heap        ] GC(146) Eden regions: 330->0(330)
[58.082s][info][gc,heap        ] GC(146) Survivor regions: 1->1(42)
[58.082s][info][gc,heap        ] GC(146) Old regions: 24->24
[58.082s][info][gc,heap        ] GC(146) Archive regions: 0->0
[58.082s][info][gc,heap        ] GC(146) Humongous regions: 0->0
[58.082s][info][gc,metaspace   ] GC(146) Metaspace: 14271K(15104K)->14271K(15104K) NonClass: 12310K(12800K)->12310K(12800K) Class: 1961K(2304K)->1961K(2304K)
[58.082s][info][gc             ] GC(146) Pause Young (Normal) (G1 Evacuation Pause) 666M->6M(1104M) 4.310ms
[58.082s][info][gc,cpu         ] GC(146) User=0.00s Sys=0.02s Real=0.01s
[58.487s][info][gc,start       ] GC(147) Pause Young (Normal) (G1 Evacuation Pause)
[58.487s][info][gc,task        ] GC(147) Using 33 workers of 33 for evacuation
[58.490s][info][gc,phases      ] GC(147)   Pre Evacuate Collection Set: 0.2ms
[58.490s][info][gc,phases      ] GC(147)   Merge Heap Roots: 0.1ms
[58.490s][info][gc,phases      ] GC(147)   Evacuate Collection Set: 0.6ms
[58.490s][info][gc,phases      ] GC(147)   Post Evacuate Collection Set: 1.8ms
[58.490s][info][gc,phases      ] GC(147)   Other: 0.1ms
[58.490s][info][gc,heap        ] GC(147) Eden regions: 330->0(330)
[58.490s][info][gc,heap        ] GC(147) Survivor regions: 1->1(42)
[58.490s][info][gc,heap        ] GC(147) Old regions: 24->24
[58.490s][info][gc,heap        ] GC(147) Archive regions: 0->0
[58.490s][info][gc,heap        ] GC(147) Humongous regions: 0->0
[58.490s][info][gc,metaspace   ] GC(147) Metaspace: 14271K(15104K)->14271K(15104K) NonClass: 12310K(12800K)->12310K(12800K) Class: 1961K(2304K)->1961K(2304K)
[58.490s][info][gc             ] GC(147) Pause Young (Normal) (G1 Evacuation Pause) 666M->6M(1104M) 3.039ms
[58.490s][info][gc,cpu         ] GC(147) User=0.34s Sys=0.05s Real=0.00s
[58.900s][info][gc,start       ] GC(148) Pause Young (Normal) (G1 Evacuation Pause)
[58.901s][info][gc,task        ] GC(148) Using 33 workers of 33 for evacuation
[58.903s][info][gc,phases      ] GC(148)   Pre Evacuate Collection Set: 0.1ms
[58.903s][info][gc,phases      ] GC(148)   Merge Heap Roots: 0.1ms
[58.903s][info][gc,phases      ] GC(148)   Evacuate Collection Set: 0.5ms
[58.903s][info][gc,phases      ] GC(148)   Post Evacuate Collection Set: 1.8ms
[58.903s][info][gc,phases      ] GC(148)   Other: 0.1ms
[58.903s][info][gc,heap        ] GC(148) Eden regions: 330->0(330)
[58.903s][info][gc,heap        ] GC(148) Survivor regions: 1->1(42)
[58.903s][info][gc,heap        ] GC(148) Old regions: 24->24
[58.903s][info][gc,heap        ] GC(148) Archive regions: 0->0
[58.903s][info][gc,heap        ] GC(148) Humongous regions: 0->0
[58.903s][info][gc,metaspace   ] GC(148) Metaspace: 14271K(15104K)->14271K(15104K) NonClass: 12310K(12800K)->12310K(12800K) Class: 1961K(2304K)->1961K(2304K)
[58.903s][info][gc             ] GC(148) Pause Young (Normal) (G1 Evacuation Pause) 666M->7M(1104M) 2.949ms
[58.903s][info][gc,cpu         ] GC(148) User=0.00s Sys=0.00s Real=0.00s
[59.303s][info][gc,start       ] GC(149) Pause Young (Normal) (G1 Evacuation Pause)
[59.304s][info][gc,task        ] GC(149) Using 33 workers of 33 for evacuation
[59.306s][info][gc,phases      ] GC(149)   Pre Evacuate Collection Set: 0.1ms
[59.306s][info][gc,phases      ] GC(149)   Merge Heap Roots: 0.1ms
[59.307s][info][gc,phases      ] GC(149)   Evacuate Collection Set: 0.6ms
[59.307s][info][gc,phases      ] GC(149)   Post Evacuate Collection Set: 1.9ms
[59.307s][info][gc,phases      ] GC(149)   Other: 0.1ms
[59.307s][info][gc,heap        ] GC(149) Eden regions: 330->0(330)
[59.307s][info][gc,heap        ] GC(149) Survivor regions: 1->1(42)
[59.307s][info][gc,heap        ] GC(149) Old regions: 24->24
[59.307s][info][gc,heap        ] GC(149) Archive regions: 0->0
[59.307s][info][gc,heap        ] GC(149) Humongous regions: 0->0
[59.307s][info][gc,metaspace   ] GC(149) Metaspace: 14271K(15104K)->14271K(15104K) NonClass: 12310K(12800K)->12310K(12800K) Class: 1961K(2304K)->1961K(2304K)
[59.307s][info][gc             ] GC(149) Pause Young (Normal) (G1 Evacuation Pause) 667M->7M(1104M) 3.153ms
[59.307s][info][gc,cpu         ] GC(149) User=0.00s Sys=0.00s Real=0.00s
[59.718s][info][gc,start       ] GC(150) Pause Young (Normal) (G1 Evacuation Pause)
[59.718s][info][gc,task        ] GC(150) Using 33 workers of 33 for evacuation
[59.721s][info][gc,phases      ] GC(150)   Pre Evacuate Collection Set: 0.2ms
[59.721s][info][gc,phases      ] GC(150)   Merge Heap Roots: 0.1ms
[59.721s][info][gc,phases      ] GC(150)   Evacuate Collection Set: 0.5ms
[59.721s][info][gc,phases      ] GC(150)   Post Evacuate Collection Set: 1.9ms
[59.721s][info][gc,phases      ] GC(150)   Other: 0.1ms
[59.721s][info][gc,heap        ] GC(150) Eden regions: 330->0(330)
[59.721s][info][gc,heap        ] GC(150) Survivor regions: 1->1(42)
[59.721s][info][gc,heap        ] GC(150) Old regions: 24->24
[59.721s][info][gc,heap        ] GC(150) Archive regions: 0->0
[59.721s][info][gc,heap        ] GC(150) Humongous regions: 0->0
[59.721s][info][gc,metaspace   ] GC(150) Metaspace: 14271K(15104K)->14271K(15104K) NonClass: 12310K(12800K)->12310K(12800K) Class: 1961K(2304K)->1961K(2304K)
[59.721s][info][gc             ] GC(150) Pause Young (Normal) (G1 Evacuation Pause) 667M->7M(1104M) 3.080ms
[59.721s][info][gc,cpu         ] GC(150) User=0.00s Sys=0.00s Real=0.00s
[60.129s][info][gc,start       ] GC(151) Pause Young (Normal) (G1 Evacuation Pause)
[60.129s][info][gc,task        ] GC(151) Using 33 workers of 33 for evacuation
[60.132s][info][gc,phases      ] GC(151)   Pre Evacuate Collection Set: 0.2ms
[60.132s][info][gc,phases      ] GC(151)   Merge Heap Roots: 0.1ms
[60.132s][info][gc,phases      ] GC(151)   Evacuate Collection Set: 0.7ms
[60.132s][info][gc,phases      ] GC(151)   Post Evacuate Collection Set: 1.9ms
[60.132s][info][gc,phases      ] GC(151)   Other: 0.1ms
[60.132s][info][gc,heap        ] GC(151) Eden regions: 330->0(330)
[60.132s][info][gc,heap        ] GC(151) Survivor regions: 1->1(42)
[60.132s][info][gc,heap        ] GC(151) Old regions: 24->24
[60.132s][info][gc,heap        ] GC(151) Archive regions: 0->0
[60.132s][info][gc,heap        ] GC(151) Humongous regions: 0->0
[60.132s][info][gc,metaspace   ] GC(151) Metaspace: 14271K(15104K)->14271K(15104K) NonClass: 12310K(12800K)->12310K(12800K) Class: 1961K(2304K)->1961K(2304K)
[60.132s][info][gc             ] GC(151) Pause Young (Normal) (G1 Evacuation Pause) 667M->7M(1104M) 3.266ms
[60.132s][info][gc,cpu         ] GC(151) User=0.00s Sys=0.00s Real=0.00s
[60.544s][info][gc,start       ] GC(152) Pause Young (Normal) (G1 Evacuation Pause)
[60.544s][info][gc,task        ] GC(152) Using 33 workers of 33 for evacuation
[60.547s][info][gc,phases      ] GC(152)   Pre Evacuate Collection Set: 0.1ms
[60.547s][info][gc,phases      ] GC(152)   Merge Heap Roots: 0.1ms
[60.547s][info][gc,phases      ] GC(152)   Evacuate Collection Set: 0.5ms
[60.547s][info][gc,phases      ] GC(152)   Post Evacuate Collection Set: 2.0ms
[60.547s][info][gc,phases      ] GC(152)   Other: 0.1ms
[60.547s][info][gc,heap        ] GC(152) Eden regions: 330->0(329)
[60.547s][info][gc,heap        ] GC(152) Survivor regions: 1->2(42)
[60.547s][info][gc,heap        ] GC(152) Old regions: 24->24
[60.547s][info][gc,heap        ] GC(152) Archive regions: 0->0
[60.547s][info][gc,heap        ] GC(152) Humongous regions: 0->0
[60.547s][info][gc,metaspace   ] GC(152) Metaspace: 14271K(15104K)->14271K(15104K) NonClass: 12310K(12800K)->12310K(12800K) Class: 1961K(2304K)->1961K(2304K)
[60.547s][info][gc             ] GC(152) Pause Young (Normal) (G1 Evacuation Pause) 667M->7M(1104M) 3.140ms
[60.547s][info][gc,cpu         ] GC(152) User=0.00s Sys=0.00s Real=0.00s
[60.956s][info][gc,start       ] GC(153) Pause Young (Normal) (G1 Evacuation Pause)
[60.956s][info][gc,task        ] GC(153) Using 33 workers of 33 for evacuation
[60.959s][info][gc,phases      ] GC(153)   Pre Evacuate Collection Set: 0.1ms
[60.959s][info][gc,phases      ] GC(153)   Merge Heap Roots: 0.1ms
[60.959s][info][gc,phases      ] GC(153)   Evacuate Collection Set: 1.1ms
[60.959s][info][gc,phases      ] GC(153)   Post Evacuate Collection Set: 2.1ms
[60.959s][info][gc,phases      ] GC(153)   Other: 0.1ms
[60.959s][info][gc,heap        ] GC(153) Eden regions: 329->0(329)
[60.959s][info][gc,heap        ] GC(153) Survivor regions: 2->2(42)
[60.959s][info][gc,heap        ] GC(153) Old regions: 24->24
[60.959s][info][gc,heap        ] GC(153) Archive regions: 0->0
[60.959s][info][gc,heap        ] GC(153) Humongous regions: 0->0
[60.959s][info][gc,metaspace   ] GC(153) Metaspace: 14271K(15104K)->14271K(15104K) NonClass: 12310K(12800K)->12310K(12800K) Class: 1961K(2304K)->1961K(2304K)
[60.959s][info][gc             ] GC(153) Pause Young (Normal) (G1 Evacuation Pause) 665M->7M(1104M) 3.797ms
[60.959s][info][gc,cpu         ] GC(153) User=0.05s Sys=0.47s Real=0.00s
[61.366s][info][gc,start       ] GC(154) Pause Young (Normal) (G1 Evacuation Pause)
[61.366s][info][gc,task        ] GC(154) Using 33 workers of 33 for evacuation
[61.370s][info][gc,phases      ] GC(154)   Pre Evacuate Collection Set: 0.1ms
[61.370s][info][gc,phases      ] GC(154)   Merge Heap Roots: 0.1ms
[61.370s][info][gc,phases      ] GC(154)   Evacuate Collection Set: 0.6ms
[61.370s][info][gc,phases      ] GC(154)   Post Evacuate Collection Set: 2.2ms
[61.370s][info][gc,phases      ] GC(154)   Other: 0.1ms
[61.370s][info][gc,heap        ] GC(154) Eden regions: 329->0(329)
[61.370s][info][gc,heap        ] GC(154) Survivor regions: 2->2(42)
[61.370s][info][gc,heap        ] GC(154) Old regions: 24->24
[61.370s][info][gc,heap        ] GC(154) Archive regions: 0->0
[61.370s][info][gc,heap        ] GC(154) Humongous regions: 0->0
[61.370s][info][gc,metaspace   ] GC(154) Metaspace: 14271K(15104K)->14271K(15104K) NonClass: 12310K(12800K)->12310K(12800K) Class: 1961K(2304K)->1961K(2304K)
[61.370s][info][gc             ] GC(154) Pause Young (Normal) (G1 Evacuation Pause) 665M->7M(1104M) 3.343ms
[61.370s][info][gc,cpu         ] GC(154) User=0.00s Sys=0.00s Real=0.00s
[61.893s][info][gc,start       ] GC(155) Pause Young (Normal) (G1 Evacuation Pause)
[61.893s][info][gc,task        ] GC(155) Using 33 workers of 33 for evacuation
[61.898s][info][gc,phases      ] GC(155)   Pre Evacuate Collection Set: 0.2ms
[61.898s][info][gc,phases      ] GC(155)   Merge Heap Roots: 0.2ms
[61.898s][info][gc,phases      ] GC(155)   Evacuate Collection Set: 1.1ms
[61.898s][info][gc,phases      ] GC(155)   Post Evacuate Collection Set: 2.8ms
[61.898s][info][gc,phases      ] GC(155)   Other: 0.2ms
[61.898s][info][gc,heap        ] GC(155) Eden regions: 329->0(329)
[61.898s][info][gc,heap        ] GC(155) Survivor regions: 2->2(42)
[61.898s][info][gc,heap        ] GC(155) Old regions: 24->24
[61.898s][info][gc,heap        ] GC(155) Archive regions: 0->0
[61.898s][info][gc,heap        ] GC(155) Humongous regions: 0->0
[61.898s][info][gc,metaspace   ] GC(155) Metaspace: 14271K(15104K)->14271K(15104K) NonClass: 12310K(12800K)->12310K(12800K) Class: 1961K(2304K)->1961K(2304K)
[61.898s][info][gc             ] GC(155) Pause Young (Normal) (G1 Evacuation Pause) 665M->7M(1104M) 5.023ms
[61.898s][info][gc,cpu         ] GC(155) User=0.52s Sys=0.00s Real=0.01s
[62.322s][info][gc,start       ] GC(156) Pause Young (Normal) (G1 Evacuation Pause)
[62.322s][info][gc,task        ] GC(156) Using 33 workers of 33 for evacuation
[62.325s][info][gc,phases      ] GC(156)   Pre Evacuate Collection Set: 0.1ms
[62.325s][info][gc,phases      ] GC(156)   Merge Heap Roots: 0.2ms
[62.325s][info][gc,phases      ] GC(156)   Evacuate Collection Set: 0.6ms
[62.325s][info][gc,phases      ] GC(156)   Post Evacuate Collection Set: 1.8ms
[62.325s][info][gc,phases      ] GC(156)   Other: 0.1ms
[62.325s][info][gc,heap        ] GC(156) Eden regions: 329->0(330)
[62.325s][info][gc,heap        ] GC(156) Survivor regions: 2->1(42)
[62.325s][info][gc,heap        ] GC(156) Old regions: 24->25
[62.325s][info][gc,heap        ] GC(156) Archive regions: 0->0
[62.325s][info][gc,heap        ] GC(156) Humongous regions: 0->0
[62.325s][info][gc,metaspace   ] GC(156) Metaspace: 14271K(15104K)->14271K(15104K) NonClass: 12310K(12800K)->12310K(12800K) Class: 1961K(2304K)->1961K(2304K)
[62.325s][info][gc             ] GC(156) Pause Young (Normal) (G1 Evacuation Pause) 665M->7M(1104M) 3.110ms
[62.325s][info][gc,cpu         ] GC(156) User=0.00s Sys=0.00s Real=0.00s
[62.739s][info][gc,start       ] GC(157) Pause Young (Normal) (G1 Evacuation Pause)
[62.739s][info][gc,task        ] GC(157) Using 33 workers of 33 for evacuation
[62.741s][info][gc,phases      ] GC(157)   Pre Evacuate Collection Set: 0.1ms
[62.741s][info][gc,phases      ] GC(157)   Merge Heap Roots: 0.2ms
[62.741s][info][gc,phases      ] GC(157)   Evacuate Collection Set: 0.4ms
[62.741s][info][gc,phases      ] GC(157)   Post Evacuate Collection Set: 1.9ms
[62.741s][info][gc,phases      ] GC(157)   Other: 0.1ms
[62.741s][info][gc,heap        ] GC(157) Eden regions: 330->0(330)
[62.741s][info][gc,heap        ] GC(157) Survivor regions: 1->1(42)
[62.742s][info][gc,heap        ] GC(157) Old regions: 25->25
[62.742s][info][gc,heap        ] GC(157) Archive regions: 0->0
[62.742s][info][gc,heap        ] GC(157) Humongous regions: 0->0
[62.742s][info][gc,metaspace   ] GC(157) Metaspace: 14271K(15104K)->14271K(15104K) NonClass: 12310K(12800K)->12310K(12800K) Class: 1961K(2304K)->1961K(2304K)
[62.742s][info][gc             ] GC(157) Pause Young (Normal) (G1 Evacuation Pause) 667M->7M(1104M) 2.978ms
[62.742s][info][gc,cpu         ] GC(157) User=0.00s Sys=0.00s Real=0.00s
[63.156s][info][gc,start       ] GC(158) Pause Young (Normal) (G1 Evacuation Pause)
[63.156s][info][gc,task        ] GC(158) Using 33 workers of 33 for evacuation
[63.159s][info][gc,phases      ] GC(158)   Pre Evacuate Collection Set: 0.1ms
[63.159s][info][gc,phases      ] GC(158)   Merge Heap Roots: 0.1ms
[63.159s][info][gc,phases      ] GC(158)   Evacuate Collection Set: 0.4ms
[63.159s][info][gc,phases      ] GC(158)   Post Evacuate Collection Set: 1.8ms
[63.159s][info][gc,phases      ] GC(158)   Other: 0.1ms
[63.159s][info][gc,heap        ] GC(158) Eden regions: 330->0(330)
[63.159s][info][gc,heap        ] GC(158) Survivor regions: 1->1(42)
[63.159s][info][gc,heap        ] GC(158) Old regions: 25->25
[63.159s][info][gc,heap        ] GC(158) Archive regions: 0->0
[63.159s][info][gc,heap        ] GC(158) Humongous regions: 0->0
[63.159s][info][gc,metaspace   ] GC(158) Metaspace: 14271K(15104K)->14271K(15104K) NonClass: 12310K(12800K)->12310K(12800K) Class: 1961K(2304K)->1961K(2304K)
[63.159s][info][gc             ] GC(158) Pause Young (Normal) (G1 Evacuation Pause) 667M->7M(1104M) 2.780ms
[63.159s][info][gc,cpu         ] GC(158) User=0.00s Sys=0.00s Real=0.00s
[63.573s][info][gc,start       ] GC(159) Pause Young (Normal) (G1 Evacuation Pause)
[63.573s][info][gc,task        ] GC(159) Using 33 workers of 33 for evacuation
[63.575s][info][gc,phases      ] GC(159)   Pre Evacuate Collection Set: 0.1ms
[63.576s][info][gc,phases      ] GC(159)   Merge Heap Roots: 0.2ms
[63.576s][info][gc,phases      ] GC(159)   Evacuate Collection Set: 0.4ms
[63.576s][info][gc,phases      ] GC(159)   Post Evacuate Collection Set: 1.8ms
[63.576s][info][gc,phases      ] GC(159)   Other: 0.1ms
[63.576s][info][gc,heap        ] GC(159) Eden regions: 330->0(330)
[63.576s][info][gc,heap        ] GC(159) Survivor regions: 1->1(42)
[63.576s][info][gc,heap        ] GC(159) Old regions: 25->25
[63.576s][info][gc,heap        ] GC(159) Archive regions: 0->0
[63.576s][info][gc,heap        ] GC(159) Humongous regions: 0->0
[63.576s][info][gc,metaspace   ] GC(159) Metaspace: 14271K(15104K)->14271K(15104K) NonClass: 12310K(12800K)->12310K(12800K) Class: 1961K(2304K)->1961K(2304K)
[63.576s][info][gc             ] GC(159) Pause Young (Normal) (G1 Evacuation Pause) 667M->7M(1104M) 2.884ms
[63.576s][info][gc,cpu         ] GC(159) User=0.00s Sys=0.00s Real=0.00s
[63.987s][info][gc,start       ] GC(160) Pause Young (Normal) (G1 Evacuation Pause)
[63.987s][info][gc,task        ] GC(160) Using 33 workers of 33 for evacuation
[63.990s][info][gc,phases      ] GC(160)   Pre Evacuate Collection Set: 0.2ms
[63.990s][info][gc,phases      ] GC(160)   Merge Heap Roots: 0.1ms
[63.990s][info][gc,phases      ] GC(160)   Evacuate Collection Set: 0.4ms
[63.990s][info][gc,phases      ] GC(160)   Post Evacuate Collection Set: 1.9ms
[63.990s][info][gc,phases      ] GC(160)   Other: 0.1ms
[63.990s][info][gc,heap        ] GC(160) Eden regions: 330->0(330)
[63.990s][info][gc,heap        ] GC(160) Survivor regions: 1->1(42)
[63.990s][info][gc,heap        ] GC(160) Old regions: 25->25
[63.990s][info][gc,heap        ] GC(160) Archive regions: 0->0
[63.990s][info][gc,heap        ] GC(160) Humongous regions: 0->0
[63.990s][info][gc,metaspace   ] GC(160) Metaspace: 14271K(15104K)->14271K(15104K) NonClass: 12310K(12800K)->12310K(12800K) Class: 1961K(2304K)->1961K(2304K)
[63.990s][info][gc             ] GC(160) Pause Young (Normal) (G1 Evacuation Pause) 667M->7M(1104M) 2.903ms
[63.990s][info][gc,cpu         ] GC(160) User=0.02s Sys=0.00s Real=0.00s
[64.404s][info][gc,start       ] GC(161) Pause Young (Normal) (G1 Evacuation Pause)
[64.404s][info][gc,task        ] GC(161) Using 33 workers of 33 for evacuation
[64.407s][info][gc,phases      ] GC(161)   Pre Evacuate Collection Set: 0.1ms
[64.407s][info][gc,phases      ] GC(161)   Merge Heap Roots: 0.2ms
[64.407s][info][gc,phases      ] GC(161)   Evacuate Collection Set: 0.4ms
[64.407s][info][gc,phases      ] GC(161)   Post Evacuate Collection Set: 1.9ms
[64.407s][info][gc,phases      ] GC(161)   Other: 0.1ms
[64.407s][info][gc,heap        ] GC(161) Eden regions: 330->0(330)
[64.407s][info][gc,heap        ] GC(161) Survivor regions: 1->1(42)
[64.407s][info][gc,heap        ] GC(161) Old regions: 25->25
[64.407s][info][gc,heap        ] GC(161) Archive regions: 0->0
[64.407s][info][gc,heap        ] GC(161) Humongous regions: 0->0
[64.407s][info][gc,metaspace   ] GC(161) Metaspace: 14271K(15104K)->14271K(15104K) NonClass: 12310K(12800K)->12310K(12800K) Class: 1961K(2304K)->1961K(2304K)
[64.407s][info][gc             ] GC(161) Pause Young (Normal) (G1 Evacuation Pause) 667M->7M(1104M) 2.963ms
[64.407s][info][gc,cpu         ] GC(161) User=0.00s Sys=0.00s Real=0.00s
[64.821s][info][gc,start       ] GC(162) Pause Young (Normal) (G1 Evacuation Pause)
[64.821s][info][gc,task        ] GC(162) Using 33 workers of 33 for evacuation
[64.824s][info][gc,phases      ] GC(162)   Pre Evacuate Collection Set: 0.2ms
[64.824s][info][gc,phases      ] GC(162)   Merge Heap Roots: 0.2ms
[64.824s][info][gc,phases      ] GC(162)   Evacuate Collection Set: 0.4ms
[64.824s][info][gc,phases      ] GC(162)   Post Evacuate Collection Set: 2.0ms
[64.824s][info][gc,phases      ] GC(162)   Other: 0.1ms
[64.824s][info][gc,heap        ] GC(162) Eden regions: 330->0(330)
[64.824s][info][gc,heap        ] GC(162) Survivor regions: 1->1(42)
[64.824s][info][gc,heap        ] GC(162) Old regions: 25->25
[64.824s][info][gc,heap        ] GC(162) Archive regions: 0->0
[64.824s][info][gc,heap        ] GC(162) Humongous regions: 0->0
[64.824s][info][gc,metaspace   ] GC(162) Metaspace: 14271K(15104K)->14271K(15104K) NonClass: 12310K(12800K)->12310K(12800K) Class: 1961K(2304K)->1961K(2304K)
[64.824s][info][gc             ] GC(162) Pause Young (Normal) (G1 Evacuation Pause) 667M->8M(1104M) 3.057ms
[64.824s][info][gc,cpu         ] GC(162) User=0.00s Sys=0.00s Real=0.00s
[65.239s][info][gc,start       ] GC(163) Pause Young (Normal) (G1 Evacuation Pause)
[65.239s][info][gc,task        ] GC(163) Using 33 workers of 33 for evacuation
[65.242s][info][gc,phases      ] GC(163)   Pre Evacuate Collection Set: 0.2ms
[65.242s][info][gc,phases      ] GC(163)   Merge Heap Roots: 0.2ms
[65.242s][info][gc,phases      ] GC(163)   Evacuate Collection Set: 0.4ms
[65.242s][info][gc,phases      ] GC(163)   Post Evacuate Collection Set: 2.0ms
[65.242s][info][gc,phases      ] GC(163)   Other: 0.1ms
[65.242s][info][gc,heap        ] GC(163) Eden regions: 330->0(330)
[65.242s][info][gc,heap        ] GC(163) Survivor regions: 1->1(42)
[65.242s][info][gc,heap        ] GC(163) Old regions: 25->25
[65.242s][info][gc,heap        ] GC(163) Archive regions: 0->0
[65.242s][info][gc,heap        ] GC(163) Humongous regions: 0->0
[65.242s][info][gc,metaspace   ] GC(163) Metaspace: 14271K(15104K)->14271K(15104K) NonClass: 12310K(12800K)->12310K(12800K) Class: 1961K(2304K)->1961K(2304K)
[65.242s][info][gc             ] GC(163) Pause Young (Normal) (G1 Evacuation Pause) 668M->8M(1104M) 3.091ms
[65.242s][info][gc,cpu         ] GC(163) User=0.00s Sys=0.00s Real=0.00s
[65.655s][info][gc,start       ] GC(164) Pause Young (Normal) (G1 Evacuation Pause)
[65.655s][info][gc,task        ] GC(164) Using 33 workers of 33 for evacuation
[65.658s][info][gc,phases      ] GC(164)   Pre Evacuate Collection Set: 0.1ms
[65.658s][info][gc,phases      ] GC(164)   Merge Heap Roots: 0.2ms
[65.658s][info][gc,phases      ] GC(164)   Evacuate Collection Set: 0.4ms
[65.658s][info][gc,phases      ] GC(164)   Post Evacuate Collection Set: 2.1ms
[65.658s][info][gc,phases      ] GC(164)   Other: 0.1ms
[65.658s][info][gc,heap        ] GC(164) Eden regions: 330->0(330)
[65.658s][info][gc,heap        ] GC(164) Survivor regions: 1->1(42)
[65.658s][info][gc,heap        ] GC(164) Old regions: 25->25
[65.658s][info][gc,heap        ] GC(164) Archive regions: 0->0
[65.658s][info][gc,heap        ] GC(164) Humongous regions: 0->0
[65.658s][info][gc,metaspace   ] GC(164) Metaspace: 14271K(15104K)->14271K(15104K) NonClass: 12310K(12800K)->12310K(12800K) Class: 1961K(2304K)->1961K(2304K)
[65.658s][info][gc             ] GC(164) Pause Young (Normal) (G1 Evacuation Pause) 668M->8M(1104M) 3.205ms
[65.659s][info][gc,cpu         ] GC(164) User=0.00s Sys=0.00s Real=0.00s
[66.071s][info][gc,start       ] GC(165) Pause Young (Normal) (G1 Evacuation Pause)
[66.071s][info][gc,task        ] GC(165) Using 33 workers of 33 for evacuation
[66.074s][info][gc,phases      ] GC(165)   Pre Evacuate Collection Set: 0.1ms
[66.074s][info][gc,phases      ] GC(165)   Merge Heap Roots: 0.2ms
[66.074s][info][gc,phases      ] GC(165)   Evacuate Collection Set: 0.4ms
[66.074s][info][gc,phases      ] GC(165)   Post Evacuate Collection Set: 2.1ms
[66.074s][info][gc,phases      ] GC(165)   Other: 0.1ms
[66.074s][info][gc,heap        ] GC(165) Eden regions: 330->0(330)
[66.074s][info][gc,heap        ] GC(165) Survivor regions: 1->1(42)
[66.074s][info][gc,heap        ] GC(165) Old regions: 25->25
[66.074s][info][gc,heap        ] GC(165) Archive regions: 0->0
[66.074s][info][gc,heap        ] GC(165) Humongous regions: 0->0
[66.074s][info][gc,metaspace   ] GC(165) Metaspace: 14271K(15104K)->14271K(15104K) NonClass: 12310K(12800K)->12310K(12800K) Class: 1961K(2304K)->1961K(2304K)
[66.074s][info][gc             ] GC(165) Pause Young (Normal) (G1 Evacuation Pause) 668M->8M(1104M) 3.170ms
[66.074s][info][gc,cpu         ] GC(165) User=0.00s Sys=0.00s Real=0.00s
[66.490s][info][gc,start       ] GC(166) Pause Young (Normal) (G1 Evacuation Pause)
[66.490s][info][gc,task        ] GC(166) Using 33 workers of 33 for evacuation
[66.493s][info][gc,phases      ] GC(166)   Pre Evacuate Collection Set: 0.2ms
[66.493s][info][gc,phases      ] GC(166)   Merge Heap Roots: 0.2ms
[66.493s][info][gc,phases      ] GC(166)   Evacuate Collection Set: 0.4ms
[66.493s][info][gc,phases      ] GC(166)   Post Evacuate Collection Set: 2.2ms
[66.493s][info][gc,phases      ] GC(166)   Other: 0.1ms
[66.493s][info][gc,heap        ] GC(166) Eden regions: 330->0(330)
[66.493s][info][gc,heap        ] GC(166) Survivor regions: 1->1(42)
[66.493s][info][gc,heap        ] GC(166) Old regions: 25->26
[66.493s][info][gc,heap        ] GC(166) Archive regions: 0->0
[66.493s][info][gc,heap        ] GC(166) Humongous regions: 0->0
[66.493s][info][gc,metaspace   ] GC(166) Metaspace: 14271K(15104K)->14271K(15104K) NonClass: 12310K(12800K)->12310K(12800K) Class: 1961K(2304K)->1961K(2304K)
[66.493s][info][gc             ] GC(166) Pause Young (Normal) (G1 Evacuation Pause) 668M->8M(1104M) 3.223ms
[66.493s][info][gc,cpu         ] GC(166) User=0.00s Sys=0.00s Real=0.00s
[66.911s][info][gc,start       ] GC(167) Pause Young (Normal) (G1 Evacuation Pause)
[66.911s][info][gc,task        ] GC(167) Using 33 workers of 33 for evacuation
[66.914s][info][gc,phases      ] GC(167)   Pre Evacuate Collection Set: 0.2ms
[66.914s][info][gc,phases      ] GC(167)   Merge Heap Roots: 0.2ms
[66.914s][info][gc,phases      ] GC(167)   Evacuate Collection Set: 0.4ms
[66.914s][info][gc,phases      ] GC(167)   Post Evacuate Collection Set: 2.2ms
[66.914s][info][gc,phases      ] GC(167)   Other: 0.1ms
[66.914s][info][gc,heap        ] GC(167) Eden regions: 330->0(330)
[66.914s][info][gc,heap        ] GC(167) Survivor regions: 1->1(42)
[66.914s][info][gc,heap        ] GC(167) Old regions: 26->26
[66.914s][info][gc,heap        ] GC(167) Archive regions: 0->0
[66.914s][info][gc,heap        ] GC(167) Humongous regions: 0->0
[66.914s][info][gc,metaspace   ] GC(167) Metaspace: 14271K(15104K)->14271K(15104K) NonClass: 12310K(12800K)->12310K(12800K) Class: 1961K(2304K)->1961K(2304K)
[66.914s][info][gc             ] GC(167) Pause Young (Normal) (G1 Evacuation Pause) 668M->8M(1104M) 3.356ms
[66.914s][info][gc,cpu         ] GC(167) User=0.00s Sys=0.00s Real=0.00s
[67.336s][info][gc,start       ] GC(168) Pause Young (Normal) (G1 Evacuation Pause)
[67.336s][info][gc,task        ] GC(168) Using 33 workers of 33 for evacuation
[67.339s][info][gc,phases      ] GC(168)   Pre Evacuate Collection Set: 0.1ms
[67.339s][info][gc,phases      ] GC(168)   Merge Heap Roots: 0.2ms
[67.339s][info][gc,phases      ] GC(168)   Evacuate Collection Set: 0.4ms
[67.339s][info][gc,phases      ] GC(168)   Post Evacuate Collection Set: 1.9ms
[67.339s][info][gc,phases      ] GC(168)   Other: 0.1ms
[67.339s][info][gc,heap        ] GC(168) Eden regions: 330->0(330)
[67.339s][info][gc,heap        ] GC(168) Survivor regions: 1->1(42)
[67.339s][info][gc,heap        ] GC(168) Old regions: 26->26
[67.339s][info][gc,heap        ] GC(168) Archive regions: 0->0
[67.339s][info][gc,heap        ] GC(168) Humongous regions: 0->0
[67.339s][info][gc,metaspace   ] GC(168) Metaspace: 14271K(15104K)->14271K(15104K) NonClass: 12310K(12800K)->12310K(12800K) Class: 1961K(2304K)->1961K(2304K)
[67.339s][info][gc             ] GC(168) Pause Young (Normal) (G1 Evacuation Pause) 668M->8M(1104M) 3.007ms
[67.339s][info][gc,cpu         ] GC(168) User=0.00s Sys=0.00s Real=0.00s
[67.754s][info][gc,start       ] GC(169) Pause Young (Normal) (G1 Evacuation Pause)
[67.754s][info][gc,task        ] GC(169) Using 33 workers of 33 for evacuation
[67.757s][info][gc,phases      ] GC(169)   Pre Evacuate Collection Set: 0.2ms
[67.757s][info][gc,phases      ] GC(169)   Merge Heap Roots: 0.1ms
[67.757s][info][gc,phases      ] GC(169)   Evacuate Collection Set: 0.4ms
[67.757s][info][gc,phases      ] GC(169)   Post Evacuate Collection Set: 2.0ms
[67.757s][info][gc,phases      ] GC(169)   Other: 0.1ms
[67.757s][info][gc,heap        ] GC(169) Eden regions: 330->0(330)
[67.757s][info][gc,heap        ] GC(169) Survivor regions: 1->1(42)
[67.757s][info][gc,heap        ] GC(169) Old regions: 26->26
[67.757s][info][gc,heap        ] GC(169) Archive regions: 0->0
[67.757s][info][gc,heap        ] GC(169) Humongous regions: 0->0
[67.757s][info][gc,metaspace   ] GC(169) Metaspace: 14271K(15104K)->14271K(15104K) NonClass: 12310K(12800K)->12310K(12800K) Class: 1961K(2304K)->1961K(2304K)
[67.757s][info][gc             ] GC(169) Pause Young (Normal) (G1 Evacuation Pause) 668M->8M(1104M) 3.007ms
[67.757s][info][gc,cpu         ] GC(169) User=0.00s Sys=0.00s Real=0.00s
[68.168s][info][gc,start       ] GC(170) Pause Young (Normal) (G1 Evacuation Pause)
[68.168s][info][gc,task        ] GC(170) Using 33 workers of 33 for evacuation
[68.170s][info][gc,phases      ] GC(170)   Pre Evacuate Collection Set: 0.2ms
[68.170s][info][gc,phases      ] GC(170)   Merge Heap Roots: 0.2ms
[68.170s][info][gc,phases      ] GC(170)   Evacuate Collection Set: 0.4ms
[68.170s][info][gc,phases      ] GC(170)   Post Evacuate Collection Set: 1.8ms
[68.170s][info][gc,phases      ] GC(170)   Other: 0.1ms
[68.170s][info][gc,heap        ] GC(170) Eden regions: 330->0(330)
[68.170s][info][gc,heap        ] GC(170) Survivor regions: 1->1(42)
[68.170s][info][gc,heap        ] GC(170) Old regions: 26->26
[68.170s][info][gc,heap        ] GC(170) Archive regions: 0->0
[68.170s][info][gc,heap        ] GC(170) Humongous regions: 0->0
[68.170s][info][gc,metaspace   ] GC(170) Metaspace: 14271K(15104K)->14271K(15104K) NonClass: 12310K(12800K)->12310K(12800K) Class: 1961K(2304K)->1961K(2304K)
[68.170s][info][gc             ] GC(170) Pause Young (Normal) (G1 Evacuation Pause) 668M->8M(1104M) 2.831ms
[68.170s][info][gc,cpu         ] GC(170) User=0.00s Sys=0.00s Real=0.00s
[68.582s][info][gc,start       ] GC(171) Pause Young (Normal) (G1 Evacuation Pause)
[68.582s][info][gc,task        ] GC(171) Using 33 workers of 33 for evacuation
[68.584s][info][gc,phases      ] GC(171)   Pre Evacuate Collection Set: 0.1ms
[68.584s][info][gc,phases      ] GC(171)   Merge Heap Roots: 0.2ms
[68.584s][info][gc,phases      ] GC(171)   Evacuate Collection Set: 0.4ms
[68.584s][info][gc,phases      ] GC(171)   Post Evacuate Collection Set: 1.9ms
[68.585s][info][gc,phases      ] GC(171)   Other: 0.1ms
[68.585s][info][gc,heap        ] GC(171) Eden regions: 330->0(330)
[68.585s][info][gc,heap        ] GC(171) Survivor regions: 1->1(42)
[68.585s][info][gc,heap        ] GC(171) Old regions: 26->26
[68.585s][info][gc,heap        ] GC(171) Archive regions: 0->0
[68.585s][info][gc,heap        ] GC(171) Humongous regions: 0->0
[68.585s][info][gc,metaspace   ] GC(171) Metaspace: 14271K(15104K)->14271K(15104K) NonClass: 12310K(12800K)->12310K(12800K) Class: 1961K(2304K)->1961K(2304K)
[68.585s][info][gc             ] GC(171) Pause Young (Normal) (G1 Evacuation Pause) 668M->8M(1104M) 2.989ms
[68.585s][info][gc,cpu         ] GC(171) User=0.00s Sys=0.00s Real=0.00s
[68.999s][info][gc,start       ] GC(172) Pause Young (Normal) (G1 Evacuation Pause)
[68.999s][info][gc,task        ] GC(172) Using 33 workers of 33 for evacuation
[69.001s][info][gc,phases      ] GC(172)   Pre Evacuate Collection Set: 0.2ms
[69.001s][info][gc,phases      ] GC(172)   Merge Heap Roots: 0.2ms
[69.001s][info][gc,phases      ] GC(172)   Evacuate Collection Set: 0.4ms
[69.001s][info][gc,phases      ] GC(172)   Post Evacuate Collection Set: 1.9ms
[69.001s][info][gc,phases      ] GC(172)   Other: 0.1ms
[69.001s][info][gc,heap        ] GC(172) Eden regions: 330->0(330)
[69.001s][info][gc,heap        ] GC(172) Survivor regions: 1->1(42)
[69.001s][info][gc,heap        ] GC(172) Old regions: 26->26
[69.001s][info][gc,heap        ] GC(172) Archive regions: 0->0
[69.001s][info][gc,heap        ] GC(172) Humongous regions: 0->0
[69.001s][info][gc,metaspace   ] GC(172) Metaspace: 14271K(15104K)->14271K(15104K) NonClass: 12310K(12800K)->12310K(12800K) Class: 1961K(2304K)->1961K(2304K)
[69.002s][info][gc             ] GC(172) Pause Young (Normal) (G1 Evacuation Pause) 668M->8M(1104M) 2.996ms
[69.002s][info][gc,cpu         ] GC(172) User=0.00s Sys=0.00s Real=0.00s
[69.415s][info][gc,start       ] GC(173) Pause Young (Normal) (G1 Evacuation Pause)
[69.415s][info][gc,task        ] GC(173) Using 33 workers of 33 for evacuation
[69.418s][info][gc,phases      ] GC(173)   Pre Evacuate Collection Set: 0.1ms
[69.418s][info][gc,phases      ] GC(173)   Merge Heap Roots: 0.2ms
[69.418s][info][gc,phases      ] GC(173)   Evacuate Collection Set: 0.4ms
[69.418s][info][gc,phases      ] GC(173)   Post Evacuate Collection Set: 2.0ms
[69.418s][info][gc,phases      ] GC(173)   Other: 0.1ms
[69.418s][info][gc,heap        ] GC(173) Eden regions: 330->0(330)
[69.418s][info][gc,heap        ] GC(173) Survivor regions: 1->1(42)
[69.418s][info][gc,heap        ] GC(173) Old regions: 26->26
[69.418s][info][gc,heap        ] GC(173) Archive regions: 0->0
[69.418s][info][gc,heap        ] GC(173) Humongous regions: 0->0
[69.418s][info][gc,metaspace   ] GC(173) Metaspace: 14271K(15104K)->14271K(15104K) NonClass: 12310K(12800K)->12310K(12800K) Class: 1961K(2304K)->1961K(2304K)
[69.418s][info][gc             ] GC(173) Pause Young (Normal) (G1 Evacuation Pause) 668M->8M(1104M) 3.008ms
[69.418s][info][gc,cpu         ] GC(173) User=0.00s Sys=0.00s Real=0.00s
[69.836s][info][gc,start       ] GC(174) Pause Young (Normal) (G1 Evacuation Pause)
[69.836s][info][gc,task        ] GC(174) Using 33 workers of 33 for evacuation
[69.839s][info][gc,phases      ] GC(174)   Pre Evacuate Collection Set: 0.2ms
[69.839s][info][gc,phases      ] GC(174)   Merge Heap Roots: 0.2ms
[69.839s][info][gc,phases      ] GC(174)   Evacuate Collection Set: 0.4ms
[69.839s][info][gc,phases      ] GC(174)   Post Evacuate Collection Set: 2.0ms
[69.839s][info][gc,phases      ] GC(174)   Other: 0.1ms
[69.839s][info][gc,heap        ] GC(174) Eden regions: 330->0(330)
[69.839s][info][gc,heap        ] GC(174) Survivor regions: 1->1(42)
[69.839s][info][gc,heap        ] GC(174) Old regions: 26->26
[69.839s][info][gc,heap        ] GC(174) Archive regions: 0->0
[69.839s][info][gc,heap        ] GC(174) Humongous regions: 0->0
[69.839s][info][gc,metaspace   ] GC(174) Metaspace: 14271K(15104K)->14271K(15104K) NonClass: 12310K(12800K)->12310K(12800K) Class: 1961K(2304K)->1961K(2304K)
[69.839s][info][gc             ] GC(174) Pause Young (Normal) (G1 Evacuation Pause) 668M->8M(1104M) 3.125ms
[69.839s][info][gc,cpu         ] GC(174) User=0.00s Sys=0.00s Real=0.00s
[70.251s][info][gc,start       ] GC(175) Pause Young (Normal) (G1 Evacuation Pause)
[70.251s][info][gc,task        ] GC(175) Using 33 workers of 33 for evacuation
[70.254s][info][gc,phases      ] GC(175)   Pre Evacuate Collection Set: 0.2ms
[70.254s][info][gc,phases      ] GC(175)   Merge Heap Roots: 0.2ms
[70.254s][info][gc,phases      ] GC(175)   Evacuate Collection Set: 0.4ms
[70.254s][info][gc,phases      ] GC(175)   Post Evacuate Collection Set: 2.1ms
[70.254s][info][gc,phases      ] GC(175)   Other: 0.1ms
[70.254s][info][gc,heap        ] GC(175) Eden regions: 330->0(330)
[70.254s][info][gc,heap        ] GC(175) Survivor regions: 1->1(42)
[70.254s][info][gc,heap        ] GC(175) Old regions: 26->26
[70.254s][info][gc,heap        ] GC(175) Archive regions: 0->0
[70.254s][info][gc,heap        ] GC(175) Humongous regions: 0->0
[70.254s][info][gc,metaspace   ] GC(175) Metaspace: 14271K(15104K)->14271K(15104K) NonClass: 12310K(12800K)->12310K(12800K) Class: 1961K(2304K)->1961K(2304K)
[70.254s][info][gc             ] GC(175) Pause Young (Normal) (G1 Evacuation Pause) 668M->9M(1104M) 3.194ms
[70.254s][info][gc,cpu         ] GC(175) User=0.52s Sys=0.00s Real=0.00s
[70.671s][info][gc,start       ] GC(176) Pause Young (Normal) (G1 Evacuation Pause)
[70.671s][info][gc,task        ] GC(176) Using 33 workers of 33 for evacuation
[70.674s][info][gc,phases      ] GC(176)   Pre Evacuate Collection Set: 0.2ms
[70.674s][info][gc,phases      ] GC(176)   Merge Heap Roots: 0.2ms
[70.674s][info][gc,phases      ] GC(176)   Evacuate Collection Set: 0.4ms
[70.674s][info][gc,phases      ] GC(176)   Post Evacuate Collection Set: 2.1ms
[70.674s][info][gc,phases      ] GC(176)   Other: 0.1ms
[70.674s][info][gc,heap        ] GC(176) Eden regions: 330->0(330)
[70.674s][info][gc,heap        ] GC(176) Survivor regions: 1->1(42)
[70.674s][info][gc,heap        ] GC(176) Old regions: 26->26
[70.674s][info][gc,heap        ] GC(176) Archive regions: 0->0
[70.674s][info][gc,heap        ] GC(176) Humongous regions: 0->0
[70.674s][info][gc,metaspace   ] GC(176) Metaspace: 14271K(15104K)->14271K(15104K) NonClass: 12310K(12800K)->12310K(12800K) Class: 1961K(2304K)->1961K(2304K)
[70.674s][info][gc             ] GC(176) Pause Young (Normal) (G1 Evacuation Pause) 669M->9M(1104M) 3.173ms
[70.674s][info][gc,cpu         ] GC(176) User=0.00s Sys=0.00s Real=0.00s
[71.104s][info][gc,start       ] GC(177) Pause Young (Normal) (G1 Evacuation Pause)
[71.104s][info][gc,task        ] GC(177) Using 33 workers of 33 for evacuation
[71.107s][info][gc,phases      ] GC(177)   Pre Evacuate Collection Set: 0.2ms
[71.107s][info][gc,phases      ] GC(177)   Merge Heap Roots: 0.2ms
[71.107s][info][gc,phases      ] GC(177)   Evacuate Collection Set: 0.4ms
[71.107s][info][gc,phases      ] GC(177)   Post Evacuate Collection Set: 2.2ms
[71.107s][info][gc,phases      ] GC(177)   Other: 0.1ms
[71.107s][info][gc,heap        ] GC(177) Eden regions: 330->0(330)
[71.107s][info][gc,heap        ] GC(177) Survivor regions: 1->1(42)
[71.107s][info][gc,heap        ] GC(177) Old regions: 26->26
[71.107s][info][gc,heap        ] GC(177) Archive regions: 0->0
[71.107s][info][gc,heap        ] GC(177) Humongous regions: 0->0
[71.107s][info][gc,metaspace   ] GC(177) Metaspace: 14271K(15104K)->14271K(15104K) NonClass: 12310K(12800K)->12310K(12800K) Class: 1961K(2304K)->1961K(2304K)
[71.107s][info][gc             ] GC(177) Pause Young (Normal) (G1 Evacuation Pause) 669M->9M(1104M) 3.269ms
[71.107s][info][gc,cpu         ] GC(177) User=0.00s Sys=0.00s Real=0.00s
[71.595s][info][gc,start       ] GC(178) Pause Young (Normal) (G1 Evacuation Pause)
[71.595s][info][gc,task        ] GC(178) Using 33 workers of 33 for evacuation
[71.598s][info][gc,phases      ] GC(178)   Pre Evacuate Collection Set: 0.1ms
[71.599s][info][gc,phases      ] GC(178)   Merge Heap Roots: 0.2ms
[71.599s][info][gc,phases      ] GC(178)   Evacuate Collection Set: 0.4ms
[71.599s][info][gc,phases      ] GC(178)   Post Evacuate Collection Set: 2.3ms
[71.599s][info][gc,phases      ] GC(178)   Other: 0.1ms
[71.599s][info][gc,heap        ] GC(178) Eden regions: 330->0(330)
[71.599s][info][gc,heap        ] GC(178) Survivor regions: 1->1(42)
[71.599s][info][gc,heap        ] GC(178) Old regions: 26->26
[71.599s][info][gc,heap        ] GC(178) Archive regions: 0->0
[71.599s][info][gc,heap        ] GC(178) Humongous regions: 0->0
[71.599s][info][gc,metaspace   ] GC(178) Metaspace: 14271K(15104K)->14271K(15104K) NonClass: 12310K(12800K)->12310K(12800K) Class: 1961K(2304K)->1961K(2304K)
[71.599s][info][gc             ] GC(178) Pause Young (Normal) (G1 Evacuation Pause) 669M->9M(1104M) 3.375ms
[71.599s][info][gc,cpu         ] GC(178) User=0.52s Sys=0.00s Real=0.00s
[71.816s][info][gc,start       ] GC(179) Pause Full (System.gc())
[71.816s][info][gc,task        ] GC(179) Using 29 workers of 33 for full compaction
[71.817s][info][gc,phases,start] GC(179) Phase 1: Mark live objects
[71.827s][info][gc,phases      ] GC(179) Phase 1: Mark live objects 9.927ms
[71.827s][info][gc,phases,start] GC(179) Phase 2: Prepare compaction
[71.829s][info][gc,phases      ] GC(179) Phase 2: Prepare compaction 1.909ms
[71.829s][info][gc,phases,start] GC(179) Phase 3: Adjust pointers
[71.834s][info][gc,phases      ] GC(179) Phase 3: Adjust pointers 5.079ms
[71.834s][info][gc,phases,start] GC(179) Phase 4: Compact heap
[71.834s][info][gc,phases      ] GC(179) Phase 4: Compact heap 0.551ms
[71.841s][info][gc,heap        ] GC(179) Eden regions: 166->0(50)
[71.841s][info][gc,heap        ] GC(179) Survivor regions: 1->0(42)
[71.841s][info][gc,heap        ] GC(179) Old regions: 26->25
[71.841s][info][gc,heap        ] GC(179) Archive regions: 0->0
[71.841s][info][gc,heap        ] GC(179) Humongous regions: 0->0
[71.841s][info][gc,metaspace   ] GC(179) Metaspace: 14272K(15104K)->14272K(15104K) NonClass: 12311K(12800K)->12311K(12800K) Class: 1961K(2304K)->1961K(2304K)
[71.841s][info][gc             ] GC(179) Pause Full (System.gc()) 341M->5M(168M) 25.337ms
[71.841s][info][gc,cpu         ] GC(179) User=0.45s Sys=0.00s Real=0.02s
[71.914s][info][gc,start       ] GC(180) Pause Young (Normal) (G1 Evacuation Pause)
[71.914s][info][gc,task        ] GC(180) Using 33 workers of 33 for evacuation
[71.916s][info][gc,phases      ] GC(180)   Pre Evacuate Collection Set: 0.1ms
[71.916s][info][gc,phases      ] GC(180)   Merge Heap Roots: 0.1ms
[71.916s][info][gc,phases      ] GC(180)   Evacuate Collection Set: 0.5ms
[71.916s][info][gc,phases      ] GC(180)   Post Evacuate Collection Set: 1.6ms
[71.916s][info][gc,phases      ] GC(180)   Other: 0.1ms
[71.916s][info][gc,heap        ] GC(180) Eden regions: 50->0(49)
[71.916s][info][gc,heap        ] GC(180) Survivor regions: 0->1(7)
[71.916s][info][gc,heap        ] GC(180) Old regions: 25->25
[71.916s][info][gc,heap        ] GC(180) Archive regions: 0->0
[71.916s][info][gc,heap        ] GC(180) Humongous regions: 0->0
[71.916s][info][gc,metaspace   ] GC(180) Metaspace: 14274K(15104K)->14274K(15104K) NonClass: 12313K(12800K)->12313K(12800K) Class: 1961K(2304K)->1961K(2304K)
[71.916s][info][gc             ] GC(180) Pause Young (Normal) (G1 Evacuation Pause) 105M->6M(168M) 2.647ms
[71.916s][info][gc,cpu         ] GC(180) User=0.00s Sys=0.00s Real=0.00s
[71.981s][info][gc,start       ] GC(181) Pause Young (Normal) (G1 Evacuation Pause)
[71.981s][info][gc,task        ] GC(181) Using 33 workers of 33 for evacuation
[71.983s][info][gc,phases      ] GC(181)   Pre Evacuate Collection Set: 0.1ms
[71.983s][info][gc,phases      ] GC(181)   Merge Heap Roots: 0.1ms
[71.983s][info][gc,phases      ] GC(181)   Evacuate Collection Set: 0.5ms
[71.983s][info][gc,phases      ] GC(181)   Post Evacuate Collection Set: 1.6ms
[71.983s][info][gc,phases      ] GC(181)   Other: 0.1ms
[71.983s][info][gc,heap        ] GC(181) Eden regions: 49->0(49)
[71.983s][info][gc,heap        ] GC(181) Survivor regions: 1->1(7)
[71.983s][info][gc,heap        ] GC(181) Old regions: 25->25
[71.983s][info][gc,heap        ] GC(181) Archive regions: 0->0
[71.983s][info][gc,heap        ] GC(181) Humongous regions: 0->0
[71.983s][info][gc,metaspace   ] GC(181) Metaspace: 14274K(15104K)->14274K(15104K) NonClass: 12313K(12800K)->12313K(12800K) Class: 1961K(2304K)->1961K(2304K)
[71.983s][info][gc             ] GC(181) Pause Young (Normal) (G1 Evacuation Pause) 104M->6M(168M) 2.522ms
[71.983s][info][gc,cpu         ] GC(181) User=0.00s Sys=0.00s Real=0.00s
[72.046s][info][gc,start       ] GC(182) Pause Young (Normal) (G1 Evacuation Pause)
[72.046s][info][gc,task        ] GC(182) Using 33 workers of 33 for evacuation
[72.048s][info][gc,phases      ] GC(182)   Pre Evacuate Collection Set: 0.1ms
[72.048s][info][gc,phases      ] GC(182)   Merge Heap Roots: 0.1ms
[72.048s][info][gc,phases      ] GC(182)   Evacuate Collection Set: 0.5ms
[72.048s][info][gc,phases      ] GC(182)   Post Evacuate Collection Set: 1.5ms
[72.048s][info][gc,phases      ] GC(182)   Other: 0.1ms
[72.048s][info][gc,heap        ] GC(182) Eden regions: 49->0(49)
[72.048s][info][gc,heap        ] GC(182) Survivor regions: 1->1(7)
[72.048s][info][gc,heap        ] GC(182) Old regions: 25->25
[72.048s][info][gc,heap        ] GC(182) Archive regions: 0->0
[72.048s][info][gc,heap        ] GC(182) Humongous regions: 0->0
[72.049s][info][gc,metaspace   ] GC(182) Metaspace: 14274K(15104K)->14274K(15104K) NonClass: 12313K(12800K)->12313K(12800K) Class: 1961K(2304K)->1961K(2304K)
[72.049s][info][gc             ] GC(182) Pause Young (Normal) (G1 Evacuation Pause) 104M->6M(168M) 2.495ms
[72.049s][info][gc,cpu         ] GC(182) User=0.00s Sys=0.00s Real=0.00s
[72.110s][info][gc,start       ] GC(183) Pause Young (Normal) (G1 Evacuation Pause)
[72.110s][info][gc,task        ] GC(183) Using 33 workers of 33 for evacuation
[72.115s][info][gc,phases      ] GC(183)   Pre Evacuate Collection Set: 0.1ms
[72.115s][info][gc,phases      ] GC(183)   Merge Heap Roots: 0.1ms
[72.115s][info][gc,phases      ] GC(183)   Evacuate Collection Set: 0.5ms
[72.115s][info][gc,phases      ] GC(183)   Post Evacuate Collection Set: 4.5ms
[72.115s][info][gc,phases      ] GC(183)   Other: 0.1ms
[72.115s][info][gc,heap        ] GC(183) Eden regions: 49->0(331)
[72.115s][info][gc,heap        ] GC(183) Survivor regions: 1->1(7)
[72.115s][info][gc,heap        ] GC(183) Old regions: 25->25
[72.115s][info][gc,heap        ] GC(183) Archive regions: 0->0
[72.115s][info][gc,heap        ] GC(183) Humongous regions: 0->0
[72.115s][info][gc,metaspace   ] GC(183) Metaspace: 14274K(15104K)->14274K(15104K) NonClass: 12313K(12800K)->12313K(12800K) Class: 1961K(2304K)->1961K(2304K)
[72.115s][info][gc             ] GC(183) Pause Young (Normal) (G1 Evacuation Pause) 104M->6M(1108M) 5.481ms
[72.115s][info][gc,cpu         ] GC(183) User=0.00s Sys=0.02s Real=0.01s
[72.558s][info][gc,start       ] GC(184) Pause Young (Normal) (G1 Evacuation Pause)
[72.558s][info][gc,task        ] GC(184) Using 33 workers of 33 for evacuation
[72.562s][info][gc,phases      ] GC(184)   Pre Evacuate Collection Set: 0.2ms
[72.562s][info][gc,phases      ] GC(184)   Merge Heap Roots: 0.1ms
[72.562s][info][gc,phases      ] GC(184)   Evacuate Collection Set: 1.8ms
[72.562s][info][gc,phases      ] GC(184)   Post Evacuate Collection Set: 1.8ms
[72.562s][info][gc,phases      ] GC(184)   Other: 0.1ms
[72.562s][info][gc,heap        ] GC(184) Eden regions: 331->0(331)
[72.562s][info][gc,heap        ] GC(184) Survivor regions: 1->1(42)
[72.562s][info][gc,heap        ] GC(184) Old regions: 25->25
[72.562s][info][gc,heap        ] GC(184) Archive regions: 0->0
[72.562s][info][gc,heap        ] GC(184) Humongous regions: 0->0
[72.562s][info][gc,metaspace   ] GC(184) Metaspace: 14274K(15104K)->14274K(15104K) NonClass: 12313K(12800K)->12313K(12800K) Class: 1961K(2304K)->1961K(2304K)
[72.562s][info][gc             ] GC(184) Pause Young (Normal) (G1 Evacuation Pause) 668M->6M(1108M) 4.304ms
[72.562s][info][gc,cpu         ] GC(184) User=0.00s Sys=0.00s Real=0.00s
[72.996s][info][gc,start       ] GC(185) Pause Young (Normal) (G1 Evacuation Pause)
[72.996s][info][gc,task        ] GC(185) Using 33 workers of 33 for evacuation
[73.000s][info][gc,phases      ] GC(185)   Pre Evacuate Collection Set: 0.1ms
[73.000s][info][gc,phases      ] GC(185)   Merge Heap Roots: 0.1ms
[73.000s][info][gc,phases      ] GC(185)   Evacuate Collection Set: 1.9ms
[73.000s][info][gc,phases      ] GC(185)   Post Evacuate Collection Set: 1.8ms
[73.000s][info][gc,phases      ] GC(185)   Other: 0.1ms
[73.000s][info][gc,heap        ] GC(185) Eden regions: 331->0(331)
[73.000s][info][gc,heap        ] GC(185) Survivor regions: 1->1(42)
[73.000s][info][gc,heap        ] GC(185) Old regions: 25->25
[73.000s][info][gc,heap        ] GC(185) Archive regions: 0->0
[73.000s][info][gc,heap        ] GC(185) Humongous regions: 0->0
[73.000s][info][gc,metaspace   ] GC(185) Metaspace: 14274K(15104K)->14274K(15104K) NonClass: 12313K(12800K)->12313K(12800K) Class: 1961K(2304K)->1961K(2304K)
[73.000s][info][gc             ] GC(185) Pause Young (Normal) (G1 Evacuation Pause) 668M->6M(1108M) 4.296ms
[73.000s][info][gc,cpu         ] GC(185) User=0.00s Sys=0.00s Real=0.00s
[73.411s][info][gc,start       ] GC(186) Pause Young (Normal) (G1 Evacuation Pause)
[73.411s][info][gc,task        ] GC(186) Using 33 workers of 33 for evacuation
[73.414s][info][gc,phases      ] GC(186)   Pre Evacuate Collection Set: 0.1ms
[73.414s][info][gc,phases      ] GC(186)   Merge Heap Roots: 0.1ms
[73.414s][info][gc,phases      ] GC(186)   Evacuate Collection Set: 0.5ms
[73.414s][info][gc,phases      ] GC(186)   Post Evacuate Collection Set: 1.9ms
[73.414s][info][gc,phases      ] GC(186)   Other: 0.1ms
[73.414s][info][gc,heap        ] GC(186) Eden regions: 331->0(331)
[73.414s][info][gc,heap        ] GC(186) Survivor regions: 1->1(42)
[73.414s][info][gc,heap        ] GC(186) Old regions: 25->25
[73.414s][info][gc,heap        ] GC(186) Archive regions: 0->0
[73.414s][info][gc,heap        ] GC(186) Humongous regions: 0->0
[73.414s][info][gc,metaspace   ] GC(186) Metaspace: 14274K(15104K)->14274K(15104K) NonClass: 12313K(12800K)->12313K(12800K) Class: 1961K(2304K)->1961K(2304K)
[73.414s][info][gc             ] GC(186) Pause Young (Normal) (G1 Evacuation Pause) 668M->6M(1108M) 2.992ms
[73.414s][info][gc,cpu         ] GC(186) User=0.00s Sys=0.00s Real=0.00s
[73.828s][info][gc,start       ] GC(187) Pause Young (Normal) (G1 Evacuation Pause)
[73.828s][info][gc,task        ] GC(187) Using 33 workers of 33 for evacuation
[73.831s][info][gc,phases      ] GC(187)   Pre Evacuate Collection Set: 0.1ms
[73.831s][info][gc,phases      ] GC(187)   Merge Heap Roots: 0.1ms
[73.831s][info][gc,phases      ] GC(187)   Evacuate Collection Set: 0.7ms
[73.831s][info][gc,phases      ] GC(187)   Post Evacuate Collection Set: 1.9ms
[73.831s][info][gc,phases      ] GC(187)   Other: 0.1ms
[73.831s][info][gc,heap        ] GC(187) Eden regions: 331->0(331)
[73.831s][info][gc,heap        ] GC(187) Survivor regions: 1->1(42)
[73.831s][info][gc,heap        ] GC(187) Old regions: 25->25
[73.831s][info][gc,heap        ] GC(187) Archive regions: 0->0
[73.831s][info][gc,heap        ] GC(187) Humongous regions: 0->0
[73.831s][info][gc,metaspace   ] GC(187) Metaspace: 14274K(15104K)->14274K(15104K) NonClass: 12313K(12800K)->12313K(12800K) Class: 1961K(2304K)->1961K(2304K)
[73.831s][info][gc             ] GC(187) Pause Young (Normal) (G1 Evacuation Pause) 668M->7M(1108M) 3.170ms
[73.831s][info][gc,cpu         ] GC(187) User=0.00s Sys=0.00s Real=0.00s
[74.243s][info][gc,start       ] GC(188) Pause Young (Normal) (G1 Evacuation Pause)
[74.243s][info][gc,task        ] GC(188) Using 33 workers of 33 for evacuation
[74.246s][info][gc,phases      ] GC(188)   Pre Evacuate Collection Set: 0.2ms
[74.246s][info][gc,phases      ] GC(188)   Merge Heap Roots: 0.1ms
[74.246s][info][gc,phases      ] GC(188)   Evacuate Collection Set: 0.6ms
[74.246s][info][gc,phases      ] GC(188)   Post Evacuate Collection Set: 2.0ms
[74.246s][info][gc,phases      ] GC(188)   Other: 0.1ms
[74.246s][info][gc,heap        ] GC(188) Eden regions: 331->0(331)
[74.246s][info][gc,heap        ] GC(188) Survivor regions: 1->1(42)
[74.246s][info][gc,heap        ] GC(188) Old regions: 25->25
[74.246s][info][gc,heap        ] GC(188) Archive regions: 0->0
[74.246s][info][gc,heap        ] GC(188) Humongous regions: 0->0
[74.246s][info][gc,metaspace   ] GC(188) Metaspace: 14274K(15104K)->14274K(15104K) NonClass: 12313K(12800K)->12313K(12800K) Class: 1961K(2304K)->1961K(2304K)
[74.246s][info][gc             ] GC(188) Pause Young (Normal) (G1 Evacuation Pause) 669M->7M(1108M) 3.167ms
[74.247s][info][gc,cpu         ] GC(188) User=0.00s Sys=0.00s Real=0.00s
[74.664s][info][gc,start       ] GC(189) Pause Young (Normal) (G1 Evacuation Pause)
[74.665s][info][gc,task        ] GC(189) Using 33 workers of 33 for evacuation
[74.668s][info][gc,phases      ] GC(189)   Pre Evacuate Collection Set: 0.2ms
[74.668s][info][gc,phases      ] GC(189)   Merge Heap Roots: 0.1ms
[74.668s][info][gc,phases      ] GC(189)   Evacuate Collection Set: 0.7ms
[74.668s][info][gc,phases      ] GC(189)   Post Evacuate Collection Set: 2.0ms
[74.668s][info][gc,phases      ] GC(189)   Other: 0.1ms
[74.668s][info][gc,heap        ] GC(189) Eden regions: 331->0(331)
[74.668s][info][gc,heap        ] GC(189) Survivor regions: 1->1(42)
[74.668s][info][gc,heap        ] GC(189) Old regions: 25->25
[74.668s][info][gc,heap        ] GC(189) Archive regions: 0->0
[74.668s][info][gc,heap        ] GC(189) Humongous regions: 0->0
[74.668s][info][gc,metaspace   ] GC(189) Metaspace: 14274K(15104K)->14274K(15104K) NonClass: 12313K(12800K)->12313K(12800K) Class: 1961K(2304K)->1961K(2304K)
[74.668s][info][gc             ] GC(189) Pause Young (Normal) (G1 Evacuation Pause) 669M->7M(1108M) 3.306ms
[74.668s][info][gc,cpu         ] GC(189) User=0.00s Sys=0.00s Real=0.00s
[75.084s][info][gc,start       ] GC(190) Pause Young (Normal) (G1 Evacuation Pause)
[75.084s][info][gc,task        ] GC(190) Using 33 workers of 33 for evacuation
[75.087s][info][gc,phases      ] GC(190)   Pre Evacuate Collection Set: 0.2ms
[75.087s][info][gc,phases      ] GC(190)   Merge Heap Roots: 0.1ms
[75.087s][info][gc,phases      ] GC(190)   Evacuate Collection Set: 0.6ms
[75.087s][info][gc,phases      ] GC(190)   Post Evacuate Collection Set: 2.1ms
[75.087s][info][gc,phases      ] GC(190)   Other: 0.1ms
[75.087s][info][gc,heap        ] GC(190) Eden regions: 331->0(331)
[75.087s][info][gc,heap        ] GC(190) Survivor regions: 1->1(42)
[75.087s][info][gc,heap        ] GC(190) Old regions: 25->25
[75.087s][info][gc,heap        ] GC(190) Archive regions: 0->0
[75.087s][info][gc,heap        ] GC(190) Humongous regions: 0->0
[75.087s][info][gc,metaspace   ] GC(190) Metaspace: 14274K(15104K)->14274K(15104K) NonClass: 12313K(12800K)->12313K(12800K) Class: 1961K(2304K)->1961K(2304K)
[75.087s][info][gc             ] GC(190) Pause Young (Normal) (G1 Evacuation Pause) 669M->7M(1108M) 3.299ms
[75.087s][info][gc,cpu         ] GC(190) User=0.00s Sys=0.00s Real=0.00s
[75.510s][info][gc,start       ] GC(191) Pause Young (Normal) (G1 Evacuation Pause)
[75.510s][info][gc,task        ] GC(191) Using 33 workers of 33 for evacuation
[75.513s][info][gc,phases      ] GC(191)   Pre Evacuate Collection Set: 0.1ms
[75.513s][info][gc,phases      ] GC(191)   Merge Heap Roots: 0.1ms
[75.513s][info][gc,phases      ] GC(191)   Evacuate Collection Set: 0.7ms
[75.513s][info][gc,phases      ] GC(191)   Post Evacuate Collection Set: 2.1ms
[75.513s][info][gc,phases      ] GC(191)   Other: 0.1ms
[75.513s][info][gc,heap        ] GC(191) Eden regions: 331->0(330)
[75.513s][info][gc,heap        ] GC(191) Survivor regions: 1->2(42)
[75.513s][info][gc,heap        ] GC(191) Old regions: 25->25
[75.513s][info][gc,heap        ] GC(191) Archive regions: 0->0
[75.513s][info][gc,heap        ] GC(191) Humongous regions: 0->0
[75.513s][info][gc,metaspace   ] GC(191) Metaspace: 14274K(15104K)->14274K(15104K) NonClass: 12313K(12800K)->12313K(12800K) Class: 1961K(2304K)->1961K(2304K)
[75.513s][info][gc             ] GC(191) Pause Young (Normal) (G1 Evacuation Pause) 669M->7M(1108M) 3.462ms
[75.513s][info][gc,cpu         ] GC(191) User=0.00s Sys=0.00s Real=0.00s
[75.928s][info][gc,start       ] GC(192) Pause Young (Normal) (G1 Evacuation Pause)
[75.928s][info][gc,task        ] GC(192) Using 33 workers of 33 for evacuation
[75.932s][info][gc,phases      ] GC(192)   Pre Evacuate Collection Set: 0.1ms
[75.932s][info][gc,phases      ] GC(192)   Merge Heap Roots: 0.1ms
[75.932s][info][gc,phases      ] GC(192)   Evacuate Collection Set: 0.9ms
[75.932s][info][gc,phases      ] GC(192)   Post Evacuate Collection Set: 2.2ms
[75.932s][info][gc,phases      ] GC(192)   Other: 0.1ms
[75.932s][info][gc,heap        ] GC(192) Eden regions: 330->0(330)
[75.932s][info][gc,heap        ] GC(192) Survivor regions: 2->2(42)
[75.932s][info][gc,heap        ] GC(192) Old regions: 25->25
[75.932s][info][gc,heap        ] GC(192) Archive regions: 0->0
[75.932s][info][gc,heap        ] GC(192) Humongous regions: 0->0
[75.932s][info][gc,metaspace   ] GC(192) Metaspace: 14274K(15104K)->14274K(15104K) NonClass: 12313K(12800K)->12313K(12800K) Class: 1961K(2304K)->1961K(2304K)
[75.932s][info][gc             ] GC(192) Pause Young (Normal) (G1 Evacuation Pause) 667M->7M(1108M) 3.679ms
[75.932s][info][gc,cpu         ] GC(192) User=0.00s Sys=0.00s Real=0.00s
[76.343s][info][gc,start       ] GC(193) Pause Young (Normal) (G1 Evacuation Pause)
[76.343s][info][gc,task        ] GC(193) Using 33 workers of 33 for evacuation
[76.347s][info][gc,phases      ] GC(193)   Pre Evacuate Collection Set: 0.2ms
[76.347s][info][gc,phases      ] GC(193)   Merge Heap Roots: 0.1ms
[76.347s][info][gc,phases      ] GC(193)   Evacuate Collection Set: 0.7ms
[76.347s][info][gc,phases      ] GC(193)   Post Evacuate Collection Set: 2.1ms
[76.347s][info][gc,phases      ] GC(193)   Other: 0.1ms
[76.347s][info][gc,heap        ] GC(193) Eden regions: 330->0(330)
[76.347s][info][gc,heap        ] GC(193) Survivor regions: 2->2(42)
[76.347s][info][gc,heap        ] GC(193) Old regions: 25->25
[76.347s][info][gc,heap        ] GC(193) Archive regions: 0->0
[76.347s][info][gc,heap        ] GC(193) Humongous regions: 0->0
[76.347s][info][gc,metaspace   ] GC(193) Metaspace: 14274K(15104K)->14274K(15104K) NonClass: 12313K(12800K)->12313K(12800K) Class: 1961K(2304K)->1961K(2304K)
[76.347s][info][gc             ] GC(193) Pause Young (Normal) (G1 Evacuation Pause) 667M->7M(1108M) 3.524ms
[76.347s][info][gc,cpu         ] GC(193) User=0.00s Sys=0.00s Real=0.00s
[76.762s][info][gc,start       ] GC(194) Pause Young (Normal) (G1 Evacuation Pause)
[76.762s][info][gc,task        ] GC(194) Using 33 workers of 33 for evacuation
[76.765s][info][gc,phases      ] GC(194)   Pre Evacuate Collection Set: 0.2ms
[76.765s][info][gc,phases      ] GC(194)   Merge Heap Roots: 0.1ms
[76.765s][info][gc,phases      ] GC(194)   Evacuate Collection Set: 0.5ms
[76.765s][info][gc,phases      ] GC(194)   Post Evacuate Collection Set: 2.3ms
[76.765s][info][gc,phases      ] GC(194)   Other: 0.1ms
[76.765s][info][gc,heap        ] GC(194) Eden regions: 330->0(330)
[76.765s][info][gc,heap        ] GC(194) Survivor regions: 2->2(42)
[76.765s][info][gc,heap        ] GC(194) Old regions: 25->25
[76.765s][info][gc,heap        ] GC(194) Archive regions: 0->0
[76.765s][info][gc,heap        ] GC(194) Humongous regions: 0->0
[76.765s][info][gc,metaspace   ] GC(194) Metaspace: 14274K(15104K)->14274K(15104K) NonClass: 12313K(12800K)->12313K(12800K) Class: 1961K(2304K)->1961K(2304K)
[76.766s][info][gc             ] GC(194) Pause Young (Normal) (G1 Evacuation Pause) 667M->7M(1108M) 3.464ms
[76.766s][info][gc,cpu         ] GC(194) User=0.00s Sys=0.00s Real=0.00s
[77.186s][info][gc,start       ] GC(195) Pause Young (Normal) (G1 Evacuation Pause)
[77.186s][info][gc,task        ] GC(195) Using 33 workers of 33 for evacuation
[77.189s][info][gc,phases      ] GC(195)   Pre Evacuate Collection Set: 0.1ms
[77.189s][info][gc,phases      ] GC(195)   Merge Heap Roots: 0.1ms
[77.189s][info][gc,phases      ] GC(195)   Evacuate Collection Set: 0.5ms
[77.189s][info][gc,phases      ] GC(195)   Post Evacuate Collection Set: 1.9ms
[77.189s][info][gc,phases      ] GC(195)   Other: 0.1ms
[77.189s][info][gc,heap        ] GC(195) Eden regions: 330->0(331)
[77.189s][info][gc,heap        ] GC(195) Survivor regions: 2->1(42)
[77.189s][info][gc,heap        ] GC(195) Old regions: 25->26
[77.189s][info][gc,heap        ] GC(195) Archive regions: 0->0
[77.189s][info][gc,heap        ] GC(195) Humongous regions: 0->0
[77.189s][info][gc,metaspace   ] GC(195) Metaspace: 14274K(15104K)->14274K(15104K) NonClass: 12313K(12800K)->12313K(12800K) Class: 1961K(2304K)->1961K(2304K)
[77.189s][info][gc             ] GC(195) Pause Young (Normal) (G1 Evacuation Pause) 667M->7M(1108M) 3.052ms
[77.189s][info][gc,cpu         ] GC(195) User=0.00s Sys=0.00s Real=0.00s
[77.604s][info][gc,start       ] GC(196) Pause Young (Normal) (G1 Evacuation Pause)
[77.604s][info][gc,task        ] GC(196) Using 33 workers of 33 for evacuation
[77.607s][info][gc,phases      ] GC(196)   Pre Evacuate Collection Set: 0.2ms
[77.607s][info][gc,phases      ] GC(196)   Merge Heap Roots: 0.2ms
[77.607s][info][gc,phases      ] GC(196)   Evacuate Collection Set: 0.4ms
[77.607s][info][gc,phases      ] GC(196)   Post Evacuate Collection Set: 1.9ms
[77.607s][info][gc,phases      ] GC(196)   Other: 0.1ms
[77.607s][info][gc,heap        ] GC(196) Eden regions: 331->0(331)
[77.607s][info][gc,heap        ] GC(196) Survivor regions: 1->1(42)
[77.607s][info][gc,heap        ] GC(196) Old regions: 26->26
[77.607s][info][gc,heap        ] GC(196) Archive regions: 0->0
[77.607s][info][gc,heap        ] GC(196) Humongous regions: 0->0
[77.607s][info][gc,metaspace   ] GC(196) Metaspace: 14274K(15104K)->14274K(15104K) NonClass: 12313K(12800K)->12313K(12800K) Class: 1961K(2304K)->1961K(2304K)
[77.607s][info][gc             ] GC(196) Pause Young (Normal) (G1 Evacuation Pause) 669M->7M(1108M) 2.967ms
[77.607s][info][gc,cpu         ] GC(196) User=0.00s Sys=0.00s Real=0.00s
[78.024s][info][gc,start       ] GC(197) Pause Young (Normal) (G1 Evacuation Pause)
[78.024s][info][gc,task        ] GC(197) Using 33 workers of 33 for evacuation
[78.026s][info][gc,phases      ] GC(197)   Pre Evacuate Collection Set: 0.2ms
[78.026s][info][gc,phases      ] GC(197)   Merge Heap Roots: 0.2ms
[78.026s][info][gc,phases      ] GC(197)   Evacuate Collection Set: 0.4ms
[78.026s][info][gc,phases      ] GC(197)   Post Evacuate Collection Set: 1.8ms
[78.026s][info][gc,phases      ] GC(197)   Other: 0.1ms
[78.026s][info][gc,heap        ] GC(197) Eden regions: 331->0(331)
[78.026s][info][gc,heap        ] GC(197) Survivor regions: 1->1(42)
[78.026s][info][gc,heap        ] GC(197) Old regions: 26->26
[78.026s][info][gc,heap        ] GC(197) Archive regions: 0->0
[78.026s][info][gc,heap        ] GC(197) Humongous regions: 0->0
[78.026s][info][gc,metaspace   ] GC(197) Metaspace: 14274K(15104K)->14274K(15104K) NonClass: 12313K(12800K)->12313K(12800K) Class: 1961K(2304K)->1961K(2304K)
[78.026s][info][gc             ] GC(197) Pause Young (Normal) (G1 Evacuation Pause) 669M->7M(1108M) 2.900ms
[78.026s][info][gc,cpu         ] GC(197) User=0.00s Sys=0.00s Real=0.00s
[78.442s][info][gc,start       ] GC(198) Pause Young (Normal) (G1 Evacuation Pause)
[78.442s][info][gc,task        ] GC(198) Using 33 workers of 33 for evacuation
[78.445s][info][gc,phases      ] GC(198)   Pre Evacuate Collection Set: 0.2ms
[78.445s][info][gc,phases      ] GC(198)   Merge Heap Roots: 0.2ms
[78.445s][info][gc,phases      ] GC(198)   Evacuate Collection Set: 0.4ms
[78.445s][info][gc,phases      ] GC(198)   Post Evacuate Collection Set: 1.9ms
[78.445s][info][gc,phases      ] GC(198)   Other: 0.1ms
[78.445s][info][gc,heap        ] GC(198) Eden regions: 331->0(331)
[78.445s][info][gc,heap        ] GC(198) Survivor regions: 1->1(42)
[78.445s][info][gc,heap        ] GC(198) Old regions: 26->26
[78.445s][info][gc,heap        ] GC(198) Archive regions: 0->0
[78.445s][info][gc,heap        ] GC(198) Humongous regions: 0->0
[78.445s][info][gc,metaspace   ] GC(198) Metaspace: 14274K(15104K)->14274K(15104K) NonClass: 12313K(12800K)->12313K(12800K) Class: 1961K(2304K)->1961K(2304K)
[78.445s][info][gc             ] GC(198) Pause Young (Normal) (G1 Evacuation Pause) 669M->7M(1108M) 2.992ms
[78.445s][info][gc,cpu         ] GC(198) User=0.00s Sys=0.00s Real=0.00s
[78.857s][info][gc,start       ] GC(199) Pause Young (Normal) (G1 Evacuation Pause)
[78.858s][info][gc,task        ] GC(199) Using 33 workers of 33 for evacuation
[78.860s][info][gc,phases      ] GC(199)   Pre Evacuate Collection Set: 0.1ms
[78.860s][info][gc,phases      ] GC(199)   Merge Heap Roots: 0.2ms
[78.860s][info][gc,phases      ] GC(199)   Evacuate Collection Set: 0.4ms
[78.860s][info][gc,phases      ] GC(199)   Post Evacuate Collection Set: 1.9ms
[78.860s][info][gc,phases      ] GC(199)   Other: 0.1ms
[78.860s][info][gc,heap        ] GC(199) Eden regions: 331->0(331)
[78.860s][info][gc,heap        ] GC(199) Survivor regions: 1->1(42)
[78.860s][info][gc,heap        ] GC(199) Old regions: 26->26
[78.860s][info][gc,heap        ] GC(199) Archive regions: 0->0
[78.860s][info][gc,heap        ] GC(199) Humongous regions: 0->0
[78.860s][info][gc,metaspace   ] GC(199) Metaspace: 14274K(15104K)->14274K(15104K) NonClass: 12313K(12800K)->12313K(12800K) Class: 1961K(2304K)->1961K(2304K)
[78.860s][info][gc             ] GC(199) Pause Young (Normal) (G1 Evacuation Pause) 669M->7M(1108M) 2.986ms
[78.860s][info][gc,cpu         ] GC(199) User=0.00s Sys=0.00s Real=0.00s
[79.276s][info][gc,start       ] GC(200) Pause Young (Normal) (G1 Evacuation Pause)
[79.276s][info][gc,task        ] GC(200) Using 33 workers of 33 for evacuation
[79.279s][info][gc,phases      ] GC(200)   Pre Evacuate Collection Set: 0.2ms
[79.279s][info][gc,phases      ] GC(200)   Merge Heap Roots: 0.2ms
[79.279s][info][gc,phases      ] GC(200)   Evacuate Collection Set: 0.4ms
[79.279s][info][gc,phases      ] GC(200)   Post Evacuate Collection Set: 2.0ms
[79.279s][info][gc,phases      ] GC(200)   Other: 0.1ms
[79.279s][info][gc,heap        ] GC(200) Eden regions: 331->0(331)
[79.279s][info][gc,heap        ] GC(200) Survivor regions: 1->1(42)
[79.279s][info][gc,heap        ] GC(200) Old regions: 26->26
[79.279s][info][gc,heap        ] GC(200) Archive regions: 0->0
[79.279s][info][gc,heap        ] GC(200) Humongous regions: 0->0
[79.279s][info][gc,metaspace   ] GC(200) Metaspace: 14274K(15104K)->14274K(15104K) NonClass: 12313K(12800K)->12313K(12800K) Class: 1961K(2304K)->1961K(2304K)
[79.279s][info][gc             ] GC(200) Pause Young (Normal) (G1 Evacuation Pause) 669M->7M(1108M) 3.129ms
[79.279s][info][gc,cpu         ] GC(200) User=0.00s Sys=0.00s Real=0.00s
[79.693s][info][gc,start       ] GC(201) Pause Young (Normal) (G1 Evacuation Pause)
[79.693s][info][gc,task        ] GC(201) Using 33 workers of 33 for evacuation
[79.696s][info][gc,phases      ] GC(201)   Pre Evacuate Collection Set: 0.2ms
[79.696s][info][gc,phases      ] GC(201)   Merge Heap Roots: 0.2ms
[79.696s][info][gc,phases      ] GC(201)   Evacuate Collection Set: 0.4ms
[79.696s][info][gc,phases      ] GC(201)   Post Evacuate Collection Set: 2.1ms
[79.696s][info][gc,phases      ] GC(201)   Other: 0.1ms
[79.696s][info][gc,heap        ] GC(201) Eden regions: 331->0(331)
[79.696s][info][gc,heap        ] GC(201) Survivor regions: 1->1(42)
[79.696s][info][gc,heap        ] GC(201) Old regions: 26->26
[79.696s][info][gc,heap        ] GC(201) Archive regions: 0->0
[79.696s][info][gc,heap        ] GC(201) Humongous regions: 0->0
[79.697s][info][gc,metaspace   ] GC(201) Metaspace: 14274K(15104K)->14274K(15104K) NonClass: 12313K(12800K)->12313K(12800K) Class: 1961K(2304K)->1961K(2304K)
[79.697s][info][gc             ] GC(201) Pause Young (Normal) (G1 Evacuation Pause) 669M->8M(1108M) 3.142ms
[79.697s][info][gc,cpu         ] GC(201) User=0.00s Sys=0.00s Real=0.00s
[80.113s][info][gc,start       ] GC(202) Pause Young (Normal) (G1 Evacuation Pause)
[80.113s][info][gc,task        ] GC(202) Using 33 workers of 33 for evacuation
[80.116s][info][gc,phases      ] GC(202)   Pre Evacuate Collection Set: 0.2ms
[80.116s][info][gc,phases      ] GC(202)   Merge Heap Roots: 0.2ms
[80.116s][info][gc,phases      ] GC(202)   Evacuate Collection Set: 0.4ms
[80.116s][info][gc,phases      ] GC(202)   Post Evacuate Collection Set: 2.1ms
[80.116s][info][gc,phases      ] GC(202)   Other: 0.1ms
[80.116s][info][gc,heap        ] GC(202) Eden regions: 331->0(331)
[80.116s][info][gc,heap        ] GC(202) Survivor regions: 1->1(42)
[80.116s][info][gc,heap        ] GC(202) Old regions: 26->26
[80.117s][info][gc,heap        ] GC(202) Archive regions: 0->0
[80.117s][info][gc,heap        ] GC(202) Humongous regions: 0->0
[80.117s][info][gc,metaspace   ] GC(202) Metaspace: 14274K(15104K)->14274K(15104K) NonClass: 12313K(12800K)->12313K(12800K) Class: 1961K(2304K)->1961K(2304K)
[80.117s][info][gc             ] GC(202) Pause Young (Normal) (G1 Evacuation Pause) 670M->8M(1108M) 3.207ms
[80.117s][info][gc,cpu         ] GC(202) User=0.00s Sys=0.00s Real=0.00s
[80.534s][info][gc,start       ] GC(203) Pause Young (Normal) (G1 Evacuation Pause)
[80.534s][info][gc,task        ] GC(203) Using 33 workers of 33 for evacuation
[80.537s][info][gc,phases      ] GC(203)   Pre Evacuate Collection Set: 0.2ms
[80.537s][info][gc,phases      ] GC(203)   Merge Heap Roots: 0.2ms
[80.537s][info][gc,phases      ] GC(203)   Evacuate Collection Set: 0.4ms
[80.537s][info][gc,phases      ] GC(203)   Post Evacuate Collection Set: 2.1ms
[80.537s][info][gc,phases      ] GC(203)   Other: 0.1ms
[80.537s][info][gc,heap        ] GC(203) Eden regions: 331->0(331)
[80.537s][info][gc,heap        ] GC(203) Survivor regions: 1->1(42)
[80.537s][info][gc,heap        ] GC(203) Old regions: 26->26
[80.537s][info][gc,heap        ] GC(203) Archive regions: 0->0
[80.537s][info][gc,heap        ] GC(203) Humongous regions: 0->0
[80.537s][info][gc,metaspace   ] GC(203) Metaspace: 14274K(15104K)->14274K(15104K) NonClass: 12313K(12800K)->12313K(12800K) Class: 1961K(2304K)->1961K(2304K)
[80.537s][info][gc             ] GC(203) Pause Young (Normal) (G1 Evacuation Pause) 670M->8M(1108M) 3.203ms
[80.537s][info][gc,cpu         ] GC(203) User=0.52s Sys=0.00s Real=0.00s
[80.952s][info][gc,start       ] GC(204) Pause Young (Normal) (G1 Evacuation Pause)
[80.952s][info][gc,task        ] GC(204) Using 33 workers of 33 for evacuation
[80.955s][info][gc,phases      ] GC(204)   Pre Evacuate Collection Set: 0.1ms
[80.956s][info][gc,phases      ] GC(204)   Merge Heap Roots: 0.2ms
[80.956s][info][gc,phases      ] GC(204)   Evacuate Collection Set: 0.4ms
[80.956s][info][gc,phases      ] GC(204)   Post Evacuate Collection Set: 2.2ms
[80.956s][info][gc,phases      ] GC(204)   Other: 0.1ms
[80.956s][info][gc,heap        ] GC(204) Eden regions: 331->0(331)
[80.956s][info][gc,heap        ] GC(204) Survivor regions: 1->1(42)
[80.956s][info][gc,heap        ] GC(204) Old regions: 26->26
[80.956s][info][gc,heap        ] GC(204) Archive regions: 0->0
[80.956s][info][gc,heap        ] GC(204) Humongous regions: 0->0
[80.956s][info][gc,metaspace   ] GC(204) Metaspace: 14274K(15104K)->14274K(15104K) NonClass: 12313K(12800K)->12313K(12800K) Class: 1961K(2304K)->1961K(2304K)
[80.956s][info][gc             ] GC(204) Pause Young (Normal) (G1 Evacuation Pause) 670M->8M(1108M) 3.259ms
[80.956s][info][gc,cpu         ] GC(204) User=0.00s Sys=0.00s Real=0.00s
[81.371s][info][gc,start       ] GC(205) Pause Young (Normal) (G1 Evacuation Pause)
[81.371s][info][gc,task        ] GC(205) Using 33 workers of 33 for evacuation
[81.374s][info][gc,phases      ] GC(205)   Pre Evacuate Collection Set: 0.2ms
[81.374s][info][gc,phases      ] GC(205)   Merge Heap Roots: 0.2ms
[81.374s][info][gc,phases      ] GC(205)   Evacuate Collection Set: 0.4ms
[81.374s][info][gc,phases      ] GC(205)   Post Evacuate Collection Set: 2.2ms
[81.374s][info][gc,phases      ] GC(205)   Other: 0.1ms
[81.374s][info][gc,heap        ] GC(205) Eden regions: 331->0(331)
[81.374s][info][gc,heap        ] GC(205) Survivor regions: 1->1(42)
[81.374s][info][gc,heap        ] GC(205) Old regions: 26->27
[81.374s][info][gc,heap        ] GC(205) Archive regions: 0->0
[81.374s][info][gc,heap        ] GC(205) Humongous regions: 0->0
[81.374s][info][gc,metaspace   ] GC(205) Metaspace: 14274K(15104K)->14274K(15104K) NonClass: 12313K(12800K)->12313K(12800K) Class: 1961K(2304K)->1961K(2304K)
[81.374s][info][gc             ] GC(205) Pause Young (Normal) (G1 Evacuation Pause) 670M->8M(1108M) 3.307ms
[81.374s][info][gc,cpu         ] GC(205) User=0.00s Sys=0.00s Real=0.00s
[81.794s][info][gc,start       ] GC(206) Pause Young (Normal) (G1 Evacuation Pause)
[81.794s][info][gc,task        ] GC(206) Using 33 workers of 33 for evacuation
[81.797s][info][gc,phases      ] GC(206)   Pre Evacuate Collection Set: 0.2ms
[81.797s][info][gc,phases      ] GC(206)   Merge Heap Roots: 0.2ms
[81.797s][info][gc,phases      ] GC(206)   Evacuate Collection Set: 0.4ms
[81.797s][info][gc,phases      ] GC(206)   Post Evacuate Collection Set: 2.2ms
[81.797s][info][gc,phases      ] GC(206)   Other: 0.1ms
[81.797s][info][gc,heap        ] GC(206) Eden regions: 331->0(331)
[81.797s][info][gc,heap        ] GC(206) Survivor regions: 1->1(42)
[81.797s][info][gc,heap        ] GC(206) Old regions: 27->27
[81.797s][info][gc,heap        ] GC(206) Archive regions: 0->0
[81.797s][info][gc,heap        ] GC(206) Humongous regions: 0->0
[81.797s][info][gc,metaspace   ] GC(206) Metaspace: 14274K(15104K)->14274K(15104K) NonClass: 12313K(12800K)->12313K(12800K) Class: 1961K(2304K)->1961K(2304K)
[81.797s][info][gc             ] GC(206) Pause Young (Normal) (G1 Evacuation Pause) 670M->8M(1108M) 3.271ms
[81.797s][info][gc,cpu         ] GC(206) User=0.00s Sys=0.00s Real=0.00s
[82.217s][info][gc,start       ] GC(207) Pause Young (Normal) (G1 Evacuation Pause)
[82.217s][info][gc,task        ] GC(207) Using 33 workers of 33 for evacuation
[82.220s][info][gc,phases      ] GC(207)   Pre Evacuate Collection Set: 0.2ms
[82.220s][info][gc,phases      ] GC(207)   Merge Heap Roots: 0.2ms
[82.220s][info][gc,phases      ] GC(207)   Evacuate Collection Set: 0.4ms
[82.220s][info][gc,phases      ] GC(207)   Post Evacuate Collection Set: 1.9ms
[82.220s][info][gc,phases      ] GC(207)   Other: 0.1ms
[82.220s][info][gc,heap        ] GC(207) Eden regions: 331->0(331)
[82.220s][info][gc,heap        ] GC(207) Survivor regions: 1->1(42)
[82.220s][info][gc,heap        ] GC(207) Old regions: 27->27
[82.220s][info][gc,heap        ] GC(207) Archive regions: 0->0
[82.220s][info][gc,heap        ] GC(207) Humongous regions: 0->0
[82.220s][info][gc,metaspace   ] GC(207) Metaspace: 14274K(15104K)->14274K(15104K) NonClass: 12313K(12800K)->12313K(12800K) Class: 1961K(2304K)->1961K(2304K)
[82.220s][info][gc             ] GC(207) Pause Young (Normal) (G1 Evacuation Pause) 670M->8M(1108M) 3.012ms
[82.220s][info][gc,cpu         ] GC(207) User=0.00s Sys=0.00s Real=0.00s
[82.635s][info][gc,start       ] GC(208) Pause Young (Normal) (G1 Evacuation Pause)
[82.635s][info][gc,task        ] GC(208) Using 33 workers of 33 for evacuation
[82.638s][info][gc,phases      ] GC(208)   Pre Evacuate Collection Set: 0.1ms
[82.638s][info][gc,phases      ] GC(208)   Merge Heap Roots: 0.2ms
[82.638s][info][gc,phases      ] GC(208)   Evacuate Collection Set: 0.4ms
[82.638s][info][gc,phases      ] GC(208)   Post Evacuate Collection Set: 2.0ms
[82.638s][info][gc,phases      ] GC(208)   Other: 0.1ms
[82.638s][info][gc,heap        ] GC(208) Eden regions: 331->0(331)
[82.638s][info][gc,heap        ] GC(208) Survivor regions: 1->1(42)
[82.638s][info][gc,heap        ] GC(208) Old regions: 27->27
[82.638s][info][gc,heap        ] GC(208) Archive regions: 0->0
[82.638s][info][gc,heap        ] GC(208) Humongous regions: 0->0
[82.638s][info][gc,metaspace   ] GC(208) Metaspace: 14274K(15104K)->14274K(15104K) NonClass: 12313K(12800K)->12313K(12800K) Class: 1961K(2304K)->1961K(2304K)
[82.638s][info][gc             ] GC(208) Pause Young (Normal) (G1 Evacuation Pause) 670M->8M(1108M) 2.988ms
[82.638s][info][gc,cpu         ] GC(208) User=0.00s Sys=0.00s Real=0.00s
[83.055s][info][gc,start       ] GC(209) Pause Young (Normal) (G1 Evacuation Pause)
[83.055s][info][gc,task        ] GC(209) Using 33 workers of 33 for evacuation
[83.058s][info][gc,phases      ] GC(209)   Pre Evacuate Collection Set: 0.2ms
[83.058s][info][gc,phases      ] GC(209)   Merge Heap Roots: 0.2ms
[83.058s][info][gc,phases      ] GC(209)   Evacuate Collection Set: 0.4ms
[83.058s][info][gc,phases      ] GC(209)   Post Evacuate Collection Set: 1.9ms
[83.058s][info][gc,phases      ] GC(209)   Other: 0.1ms
[83.058s][info][gc,heap        ] GC(209) Eden regions: 331->0(331)
[83.058s][info][gc,heap        ] GC(209) Survivor regions: 1->1(42)
[83.058s][info][gc,heap        ] GC(209) Old regions: 27->27
[83.058s][info][gc,heap        ] GC(209) Archive regions: 0->0
[83.058s][info][gc,heap        ] GC(209) Humongous regions: 0->0
[83.058s][info][gc,metaspace   ] GC(209) Metaspace: 14274K(15104K)->14274K(15104K) NonClass: 12313K(12800K)->12313K(12800K) Class: 1961K(2304K)->1961K(2304K)
[83.058s][info][gc             ] GC(209) Pause Young (Normal) (G1 Evacuation Pause) 670M->8M(1108M) 2.960ms
[83.058s][info][gc,cpu         ] GC(209) User=0.00s Sys=0.00s Real=0.00s
[83.475s][info][gc,start       ] GC(210) Pause Young (Normal) (G1 Evacuation Pause)
[83.475s][info][gc,task        ] GC(210) Using 33 workers of 33 for evacuation
[83.477s][info][gc,phases      ] GC(210)   Pre Evacuate Collection Set: 0.1ms
[83.477s][info][gc,phases      ] GC(210)   Merge Heap Roots: 0.1ms
[83.477s][info][gc,phases      ] GC(210)   Evacuate Collection Set: 0.4ms
[83.477s][info][gc,phases      ] GC(210)   Post Evacuate Collection Set: 1.9ms
[83.478s][info][gc,phases      ] GC(210)   Other: 0.1ms
[83.478s][info][gc,heap        ] GC(210) Eden regions: 331->0(331)
[83.478s][info][gc,heap        ] GC(210) Survivor regions: 1->1(42)
[83.478s][info][gc,heap        ] GC(210) Old regions: 27->27
[83.478s][info][gc,heap        ] GC(210) Archive regions: 0->0
[83.478s][info][gc,heap        ] GC(210) Humongous regions: 0->0
[83.478s][info][gc,metaspace   ] GC(210) Metaspace: 14274K(15104K)->14274K(15104K) NonClass: 12313K(12800K)->12313K(12800K) Class: 1961K(2304K)->1961K(2304K)
[83.478s][info][gc             ] GC(210) Pause Young (Normal) (G1 Evacuation Pause) 670M->8M(1108M) 2.991ms
[83.478s][info][gc,cpu         ] GC(210) User=0.00s Sys=0.00s Real=0.00s
[83.892s][info][gc,start       ] GC(211) Pause Young (Normal) (G1 Evacuation Pause)
[83.893s][info][gc,task        ] GC(211) Using 33 workers of 33 for evacuation
[83.895s][info][gc,phases      ] GC(211)   Pre Evacuate Collection Set: 0.2ms
[83.895s][info][gc,phases      ] GC(211)   Merge Heap Roots: 0.2ms
[83.895s][info][gc,phases      ] GC(211)   Evacuate Collection Set: 0.4ms
[83.895s][info][gc,phases      ] GC(211)   Post Evacuate Collection Set: 2.0ms
[83.895s][info][gc,phases      ] GC(211)   Other: 0.1ms
[83.895s][info][gc,heap        ] GC(211) Eden regions: 331->0(331)
[83.895s][info][gc,heap        ] GC(211) Survivor regions: 1->1(42)
[83.895s][info][gc,heap        ] GC(211) Old regions: 27->27
[83.895s][info][gc,heap        ] GC(211) Archive regions: 0->0
[83.895s][info][gc,heap        ] GC(211) Humongous regions: 0->0
[83.895s][info][gc,metaspace   ] GC(211) Metaspace: 14274K(15104K)->14274K(15104K) NonClass: 12313K(12800K)->12313K(12800K) Class: 1961K(2304K)->1961K(2304K)
[83.895s][info][gc             ] GC(211) Pause Young (Normal) (G1 Evacuation Pause) 670M->8M(1108M) 3.068ms
[83.896s][info][gc,cpu         ] GC(211) User=0.52s Sys=0.00s Real=0.00s
[84.312s][info][gc,start       ] GC(212) Pause Young (Normal) (G1 Evacuation Pause)
[84.312s][info][gc,task        ] GC(212) Using 33 workers of 33 for evacuation
[84.315s][info][gc,phases      ] GC(212)   Pre Evacuate Collection Set: 0.1ms
[84.315s][info][gc,phases      ] GC(212)   Merge Heap Roots: 0.2ms
[84.315s][info][gc,phases      ] GC(212)   Evacuate Collection Set: 0.4ms
[84.315s][info][gc,phases      ] GC(212)   Post Evacuate Collection Set: 2.0ms
[84.315s][info][gc,phases      ] GC(212)   Other: 0.1ms
[84.315s][info][gc,heap        ] GC(212) Eden regions: 331->0(331)
[84.315s][info][gc,heap        ] GC(212) Survivor regions: 1->1(42)
[84.315s][info][gc,heap        ] GC(212) Old regions: 27->27
[84.315s][info][gc,heap        ] GC(212) Archive regions: 0->0
[84.315s][info][gc,heap        ] GC(212) Humongous regions: 0->0
[84.315s][info][gc,metaspace   ] GC(212) Metaspace: 14274K(15104K)->14274K(15104K) NonClass: 12313K(12800K)->12313K(12800K) Class: 1961K(2304K)->1961K(2304K)
[84.315s][info][gc             ] GC(212) Pause Young (Normal) (G1 Evacuation Pause) 670M->8M(1108M) 3.089ms
[84.315s][info][gc,cpu         ] GC(212) User=0.00s Sys=0.00s Real=0.00s
[84.729s][info][gc,start       ] GC(213) Pause Young (Normal) (G1 Evacuation Pause)
[84.729s][info][gc,task        ] GC(213) Using 33 workers of 33 for evacuation
[84.732s][info][gc,phases      ] GC(213)   Pre Evacuate Collection Set: 0.2ms
[84.732s][info][gc,phases      ] GC(213)   Merge Heap Roots: 0.2ms
[84.732s][info][gc,phases      ] GC(213)   Evacuate Collection Set: 0.4ms
[84.732s][info][gc,phases      ] GC(213)   Post Evacuate Collection Set: 2.1ms
[84.732s][info][gc,phases      ] GC(213)   Other: 0.1ms
[84.732s][info][gc,heap        ] GC(213) Eden regions: 331->0(331)
[84.732s][info][gc,heap        ] GC(213) Survivor regions: 1->1(42)
[84.732s][info][gc,heap        ] GC(213) Old regions: 27->27
[84.732s][info][gc,heap        ] GC(213) Archive regions: 0->0
[84.732s][info][gc,heap        ] GC(213) Humongous regions: 0->0
[84.732s][info][gc,metaspace   ] GC(213) Metaspace: 14274K(15104K)->14274K(15104K) NonClass: 12313K(12800K)->12313K(12800K) Class: 1961K(2304K)->1961K(2304K)
[84.732s][info][gc             ] GC(213) Pause Young (Normal) (G1 Evacuation Pause) 670M->8M(1108M) 3.151ms
[84.732s][info][gc,cpu         ] GC(213) User=0.00s Sys=0.00s Real=0.00s
[85.147s][info][gc,start       ] GC(214) Pause Young (Normal) (G1 Evacuation Pause)
[85.148s][info][gc,task        ] GC(214) Using 33 workers of 33 for evacuation
[85.150s][info][gc,phases      ] GC(214)   Pre Evacuate Collection Set: 0.2ms
[85.151s][info][gc,phases      ] GC(214)   Merge Heap Roots: 0.2ms
[85.151s][info][gc,phases      ] GC(214)   Evacuate Collection Set: 0.4ms
[85.151s][info][gc,phases      ] GC(214)   Post Evacuate Collection Set: 2.2ms
[85.151s][info][gc,phases      ] GC(214)   Other: 0.1ms
[85.151s][info][gc,heap        ] GC(214) Eden regions: 331->0(331)
[85.151s][info][gc,heap        ] GC(214) Survivor regions: 1->1(42)
[85.151s][info][gc,heap        ] GC(214) Old regions: 27->27
[85.151s][info][gc,heap        ] GC(214) Archive regions: 0->0
[85.151s][info][gc,heap        ] GC(214) Humongous regions: 0->0
[85.151s][info][gc,metaspace   ] GC(214) Metaspace: 14274K(15104K)->14274K(15104K) NonClass: 12313K(12800K)->12313K(12800K) Class: 1961K(2304K)->1961K(2304K)
[85.151s][info][gc             ] GC(214) Pause Young (Normal) (G1 Evacuation Pause) 670M->9M(1108M) 3.236ms
[85.151s][info][gc,cpu         ] GC(214) User=0.00s Sys=0.00s Real=0.00s
[85.573s][info][gc,start       ] GC(215) Pause Young (Normal) (G1 Evacuation Pause)
[85.574s][info][gc,task        ] GC(215) Using 33 workers of 33 for evacuation
[85.577s][info][gc,phases      ] GC(215)   Pre Evacuate Collection Set: 0.2ms
[85.577s][info][gc,phases      ] GC(215)   Merge Heap Roots: 0.2ms
[85.577s][info][gc,phases      ] GC(215)   Evacuate Collection Set: 0.4ms
[85.577s][info][gc,phases      ] GC(215)   Post Evacuate Collection Set: 2.2ms
[85.577s][info][gc,phases      ] GC(215)   Other: 0.1ms
[85.577s][info][gc,heap        ] GC(215) Eden regions: 331->0(331)
[85.577s][info][gc,heap        ] GC(215) Survivor regions: 1->1(42)
[85.577s][info][gc,heap        ] GC(215) Old regions: 27->27
[85.577s][info][gc,heap        ] GC(215) Archive regions: 0->0
[85.577s][info][gc,heap        ] GC(215) Humongous regions: 0->0
[85.577s][info][gc,metaspace   ] GC(215) Metaspace: 14274K(15104K)->14274K(15104K) NonClass: 12313K(12800K)->12313K(12800K) Class: 1961K(2304K)->1961K(2304K)
[85.577s][info][gc             ] GC(215) Pause Young (Normal) (G1 Evacuation Pause) 671M->9M(1108M) 3.306ms
[85.577s][info][gc,cpu         ] GC(215) User=0.00s Sys=0.00s Real=0.00s
[86.031s][info][gc,start       ] GC(216) Pause Young (Normal) (G1 Evacuation Pause)
[86.031s][info][gc,task        ] GC(216) Using 33 workers of 33 for evacuation
[86.034s][info][gc,phases      ] GC(216)   Pre Evacuate Collection Set: 0.1ms
[86.035s][info][gc,phases      ] GC(216)   Merge Heap Roots: 0.2ms
[86.035s][info][gc,phases      ] GC(216)   Evacuate Collection Set: 0.4ms
[86.035s][info][gc,phases      ] GC(216)   Post Evacuate Collection Set: 2.2ms
[86.035s][info][gc,phases      ] GC(216)   Other: 0.1ms
[86.035s][info][gc,heap        ] GC(216) Eden regions: 331->0(331)
[86.035s][info][gc,heap        ] GC(216) Survivor regions: 1->1(42)
[86.035s][info][gc,heap        ] GC(216) Old regions: 27->27
[86.035s][info][gc,heap        ] GC(216) Archive regions: 0->0
[86.035s][info][gc,heap        ] GC(216) Humongous regions: 0->0
[86.035s][info][gc,metaspace   ] GC(216) Metaspace: 14278K(15104K)->14278K(15104K) NonClass: 12317K(12800K)->12317K(12800K) Class: 1961K(2304K)->1961K(2304K)
[86.035s][info][gc             ] GC(216) Pause Young (Normal) (G1 Evacuation Pause) 671M->9M(1108M) 3.306ms
[86.035s][info][gc,cpu         ] GC(216) User=0.00s Sys=0.00s Real=0.00s
[86.550s][info][gc,start       ] GC(217) Pause Young (Normal) (G1 Evacuation Pause)
[86.550s][info][gc,task        ] GC(217) Using 33 workers of 33 for evacuation
[86.555s][info][gc,phases      ] GC(217)   Pre Evacuate Collection Set: 0.2ms
[86.555s][info][gc,phases      ] GC(217)   Merge Heap Roots: 0.2ms
[86.555s][info][gc,phases      ] GC(217)   Evacuate Collection Set: 0.8ms
[86.555s][info][gc,phases      ] GC(217)   Post Evacuate Collection Set: 2.8ms
[86.555s][info][gc,phases      ] GC(217)   Other: 0.3ms
[86.555s][info][gc,heap        ] GC(217) Eden regions: 331->0(331)
[86.555s][info][gc,heap        ] GC(217) Survivor regions: 1->1(42)
[86.555s][info][gc,heap        ] GC(217) Old regions: 27->27
[86.555s][info][gc,heap        ] GC(217) Archive regions: 0->0
[86.555s][info][gc,heap        ] GC(217) Humongous regions: 0->0
[86.555s][info][gc,metaspace   ] GC(217) Metaspace: 14278K(15104K)->14278K(15104K) NonClass: 12317K(12800K)->12317K(12800K) Class: 1961K(2304K)->1961K(2304K)
[86.555s][info][gc             ] GC(217) Pause Young (Normal) (G1 Evacuation Pause) 671M->9M(1108M) 4.905ms
[86.555s][info][gc,cpu         ] GC(217) User=0.00s Sys=0.00s Real=0.01s
[86.726s][info][gc,start       ] GC(218) Pause Full (System.gc())
[86.727s][info][gc,task        ] GC(218) Using 29 workers of 33 for full compaction
[86.728s][info][gc,phases,start] GC(218) Phase 1: Mark live objects
[86.736s][info][gc,phases      ] GC(218) Phase 1: Mark live objects 8.492ms
[86.736s][info][gc,phases,start] GC(218) Phase 2: Prepare compaction
[86.738s][info][gc,phases      ] GC(218) Phase 2: Prepare compaction 1.959ms
[86.738s][info][gc,phases,start] GC(218) Phase 3: Adjust pointers
[86.742s][info][gc,phases      ] GC(218) Phase 3: Adjust pointers 3.861ms
[86.742s][info][gc,phases,start] GC(218) Phase 4: Compact heap
[86.743s][info][gc,phases      ] GC(218) Phase 4: Compact heap 0.704ms
[86.752s][info][gc,heap        ] GC(218) Eden regions: 89->0(48)
[86.752s][info][gc,heap        ] GC(218) Survivor regions: 1->0(42)
[86.752s][info][gc,heap        ] GC(218) Old regions: 27->24
[86.752s][info][gc,heap        ] GC(218) Archive regions: 0->0
[86.752s][info][gc,heap        ] GC(218) Humongous regions: 0->0
[86.752s][info][gc,metaspace   ] GC(218) Metaspace: 14280K(15104K)->14280K(15104K) NonClass: 12319K(12800K)->12319K(12800K) Class: 1961K(2304K)->1961K(2304K)
[86.752s][info][gc             ] GC(218) Pause Full (System.gc()) 185M->5M(160M) 25.662ms
[86.752s][info][gc,cpu         ] GC(218) User=0.03s Sys=0.42s Real=0.03s
[86.820s][info][gc,start       ] GC(219) Pause Young (Normal) (G1 Evacuation Pause)
[86.820s][info][gc,task        ] GC(219) Using 33 workers of 33 for evacuation
[86.823s][info][gc,phases      ] GC(219)   Pre Evacuate Collection Set: 0.1ms
[86.823s][info][gc,phases      ] GC(219)   Merge Heap Roots: 0.1ms
[86.823s][info][gc,phases      ] GC(219)   Evacuate Collection Set: 0.4ms
[86.823s][info][gc,phases      ] GC(219)   Post Evacuate Collection Set: 1.5ms
[86.823s][info][gc,phases      ] GC(219)   Other: 0.1ms
[86.823s][info][gc,heap        ] GC(219) Eden regions: 48->0(47)
[86.823s][info][gc,heap        ] GC(219) Survivor regions: 0->1(6)
[86.823s][info][gc,heap        ] GC(219) Old regions: 24->24
[86.823s][info][gc,heap        ] GC(219) Archive regions: 0->0
[86.823s][info][gc,heap        ] GC(219) Humongous regions: 0->0
[86.823s][info][gc,metaspace   ] GC(219) Metaspace: 14281K(15168K)->14281K(15168K) NonClass: 12320K(12864K)->12320K(12864K) Class: 1961K(2304K)->1961K(2304K)
[86.823s][info][gc             ] GC(219) Pause Young (Normal) (G1 Evacuation Pause) 101M->6M(160M) 2.482ms
[86.823s][info][gc,cpu         ] GC(219) User=0.00s Sys=0.00s Real=0.00s
[86.889s][info][gc,start       ] GC(220) Pause Young (Normal) (G1 Evacuation Pause)
[86.889s][info][gc,task        ] GC(220) Using 33 workers of 33 for evacuation
[86.891s][info][gc,phases      ] GC(220)   Pre Evacuate Collection Set: 0.1ms
[86.891s][info][gc,phases      ] GC(220)   Merge Heap Roots: 0.1ms
[86.891s][info][gc,phases      ] GC(220)   Evacuate Collection Set: 0.4ms
[86.891s][info][gc,phases      ] GC(220)   Post Evacuate Collection Set: 1.3ms
[86.891s][info][gc,phases      ] GC(220)   Other: 0.1ms
[86.891s][info][gc,heap        ] GC(220) Eden regions: 47->0(47)
[86.891s][info][gc,heap        ] GC(220) Survivor regions: 1->1(6)
[86.891s][info][gc,heap        ] GC(220) Old regions: 24->24
[86.891s][info][gc,heap        ] GC(220) Archive regions: 0->0
[86.891s][info][gc,heap        ] GC(220) Humongous regions: 0->0
[86.891s][info][gc,metaspace   ] GC(220) Metaspace: 14281K(15168K)->14281K(15168K) NonClass: 12320K(12864K)->12320K(12864K) Class: 1961K(2304K)->1961K(2304K)
[86.891s][info][gc             ] GC(220) Pause Young (Normal) (G1 Evacuation Pause) 100M->6M(160M) 2.226ms
[86.891s][info][gc,cpu         ] GC(220) User=0.00s Sys=0.00s Real=0.00s
[86.968s][info][gc,start       ] GC(221) Pause Young (Normal) (G1 Evacuation Pause)
[86.969s][info][gc,task        ] GC(221) Using 33 workers of 33 for evacuation
[86.971s][info][gc,phases      ] GC(221)   Pre Evacuate Collection Set: 0.1ms
[86.971s][info][gc,phases      ] GC(221)   Merge Heap Roots: 0.1ms
[86.971s][info][gc,phases      ] GC(221)   Evacuate Collection Set: 0.5ms
[86.971s][info][gc,phases      ] GC(221)   Post Evacuate Collection Set: 1.5ms
[86.971s][info][gc,phases      ] GC(221)   Other: 0.1ms
[86.971s][info][gc,heap        ] GC(221) Eden regions: 47->0(47)
[86.971s][info][gc,heap        ] GC(221) Survivor regions: 1->1(6)
[86.971s][info][gc,heap        ] GC(221) Old regions: 24->24
[86.971s][info][gc,heap        ] GC(221) Archive regions: 0->0
[86.971s][info][gc,heap        ] GC(221) Humongous regions: 0->0
[86.971s][info][gc,metaspace   ] GC(221) Metaspace: 14281K(15168K)->14281K(15168K) NonClass: 12320K(12864K)->12320K(12864K) Class: 1961K(2304K)->1961K(2304K)
[86.971s][info][gc             ] GC(221) Pause Young (Normal) (G1 Evacuation Pause) 100M->6M(160M) 2.643ms
[86.971s][info][gc,cpu         ] GC(221) User=0.00s Sys=0.00s Real=0.00s
[87.049s][info][gc,start       ] GC(222) Pause Young (Normal) (G1 Evacuation Pause)
[87.049s][info][gc,task        ] GC(222) Using 33 workers of 33 for evacuation
[87.055s][info][gc,phases      ] GC(222)   Pre Evacuate Collection Set: 0.1ms
[87.055s][info][gc,phases      ] GC(222)   Merge Heap Roots: 0.1ms
[87.055s][info][gc,phases      ] GC(222)   Evacuate Collection Set: 0.4ms
[87.055s][info][gc,phases      ] GC(222)   Post Evacuate Collection Set: 5.3ms
[87.055s][info][gc,phases      ] GC(222)   Other: 0.1ms
[87.055s][info][gc,heap        ] GC(222) Eden regions: 47->0(330)
[87.055s][info][gc,heap        ] GC(222) Survivor regions: 1->1(6)
[87.055s][info][gc,heap        ] GC(222) Old regions: 24->24
[87.055s][info][gc,heap        ] GC(222) Archive regions: 0->0
[87.055s][info][gc,heap        ] GC(222) Humongous regions: 0->0
[87.055s][info][gc,metaspace   ] GC(222) Metaspace: 14281K(15168K)->14281K(15168K) NonClass: 12320K(12864K)->12320K(12864K) Class: 1961K(2304K)->1961K(2304K)
[87.055s][info][gc             ] GC(222) Pause Young (Normal) (G1 Evacuation Pause) 100M->6M(1104M) 6.343ms
[87.055s][info][gc,cpu         ] GC(222) User=0.52s Sys=0.00s Real=0.01s
[87.512s][info][gc,start       ] GC(223) Pause Young (Normal) (G1 Evacuation Pause)
[87.512s][info][gc,task        ] GC(223) Using 33 workers of 33 for evacuation
[87.516s][info][gc,phases      ] GC(223)   Pre Evacuate Collection Set: 0.1ms
[87.516s][info][gc,phases      ] GC(223)   Merge Heap Roots: 0.1ms
[87.516s][info][gc,phases      ] GC(223)   Evacuate Collection Set: 1.9ms
[87.516s][info][gc,phases      ] GC(223)   Post Evacuate Collection Set: 1.8ms
[87.516s][info][gc,phases      ] GC(223)   Other: 0.1ms
[87.516s][info][gc,heap        ] GC(223) Eden regions: 330->0(330)
[87.516s][info][gc,heap        ] GC(223) Survivor regions: 1->1(42)
[87.516s][info][gc,heap        ] GC(223) Old regions: 24->24
[87.516s][info][gc,heap        ] GC(223) Archive regions: 0->0
[87.516s][info][gc,heap        ] GC(223) Humongous regions: 0->0
[87.517s][info][gc,metaspace   ] GC(223) Metaspace: 14281K(15168K)->14281K(15168K) NonClass: 12320K(12864K)->12320K(12864K) Class: 1961K(2304K)->1961K(2304K)
[87.517s][info][gc             ] GC(223) Pause Young (Normal) (G1 Evacuation Pause) 666M->6M(1104M) 4.272ms
[87.517s][info][gc,cpu         ] GC(223) User=0.00s Sys=0.00s Real=0.00s
[87.930s][info][gc,start       ] GC(224) Pause Young (Normal) (G1 Evacuation Pause)
[87.930s][info][gc,task        ] GC(224) Using 33 workers of 33 for evacuation
[87.934s][info][gc,phases      ] GC(224)   Pre Evacuate Collection Set: 0.1ms
[87.934s][info][gc,phases      ] GC(224)   Merge Heap Roots: 0.1ms
[87.934s][info][gc,phases      ] GC(224)   Evacuate Collection Set: 1.9ms
[87.934s][info][gc,phases      ] GC(224)   Post Evacuate Collection Set: 1.8ms
[87.934s][info][gc,phases      ] GC(224)   Other: 0.1ms
[87.934s][info][gc,heap        ] GC(224) Eden regions: 330->0(330)
[87.934s][info][gc,heap        ] GC(224) Survivor regions: 1->1(42)
[87.934s][info][gc,heap        ] GC(224) Old regions: 24->24
[87.934s][info][gc,heap        ] GC(224) Archive regions: 0->0
[87.934s][info][gc,heap        ] GC(224) Humongous regions: 0->0
[87.934s][info][gc,metaspace   ] GC(224) Metaspace: 14281K(15168K)->14281K(15168K) NonClass: 12320K(12864K)->12320K(12864K) Class: 1961K(2304K)->1961K(2304K)
[87.934s][info][gc             ] GC(224) Pause Young (Normal) (G1 Evacuation Pause) 666M->6M(1104M) 4.392ms
[87.934s][info][gc,cpu         ] GC(224) User=0.00s Sys=0.00s Real=0.00s
[88.352s][info][gc,start       ] GC(225) Pause Young (Normal) (G1 Evacuation Pause)
[88.352s][info][gc,task        ] GC(225) Using 33 workers of 33 for evacuation
[88.355s][info][gc,phases      ] GC(225)   Pre Evacuate Collection Set: 0.1ms
[88.355s][info][gc,phases      ] GC(225)   Merge Heap Roots: 0.2ms
[88.355s][info][gc,phases      ] GC(225)   Evacuate Collection Set: 0.6ms
[88.355s][info][gc,phases      ] GC(225)   Post Evacuate Collection Set: 1.9ms
[88.355s][info][gc,phases      ] GC(225)   Other: 0.1ms
[88.355s][info][gc,heap        ] GC(225) Eden regions: 330->0(330)
[88.355s][info][gc,heap        ] GC(225) Survivor regions: 1->1(42)
[88.355s][info][gc,heap        ] GC(225) Old regions: 24->24
[88.355s][info][gc,heap        ] GC(225) Archive regions: 0->0
[88.355s][info][gc,heap        ] GC(225) Humongous regions: 0->0
[88.355s][info][gc,metaspace   ] GC(225) Metaspace: 14281K(15168K)->14281K(15168K) NonClass: 12320K(12864K)->12320K(12864K) Class: 1961K(2304K)->1961K(2304K)
[88.355s][info][gc             ] GC(225) Pause Young (Normal) (G1 Evacuation Pause) 666M->6M(1104M) 3.152ms
[88.355s][info][gc,cpu         ] GC(225) User=0.00s Sys=0.00s Real=0.00s
[88.771s][info][gc,start       ] GC(226) Pause Young (Normal) (G1 Evacuation Pause)
[88.771s][info][gc,task        ] GC(226) Using 33 workers of 33 for evacuation
[88.774s][info][gc,phases      ] GC(226)   Pre Evacuate Collection Set: 0.1ms
[88.774s][info][gc,phases      ] GC(226)   Merge Heap Roots: 0.1ms
[88.774s][info][gc,phases      ] GC(226)   Evacuate Collection Set: 0.5ms
[88.774s][info][gc,phases      ] GC(226)   Post Evacuate Collection Set: 1.9ms
[88.774s][info][gc,phases      ] GC(226)   Other: 0.1ms
[88.774s][info][gc,heap        ] GC(226) Eden regions: 330->0(330)
[88.774s][info][gc,heap        ] GC(226) Survivor regions: 1->1(42)
[88.774s][info][gc,heap        ] GC(226) Old regions: 24->24
[88.774s][info][gc,heap        ] GC(226) Archive regions: 0->0
[88.774s][info][gc,heap        ] GC(226) Humongous regions: 0->0
[88.774s][info][gc,metaspace   ] GC(226) Metaspace: 14281K(15168K)->14281K(15168K) NonClass: 12320K(12864K)->12320K(12864K) Class: 1961K(2304K)->1961K(2304K)
[88.774s][info][gc             ] GC(226) Pause Young (Normal) (G1 Evacuation Pause) 666M->7M(1104M) 3.086ms
[88.774s][info][gc,cpu         ] GC(226) User=0.00s Sys=0.00s Real=0.00s
[89.189s][info][gc,start       ] GC(227) Pause Young (Normal) (G1 Evacuation Pause)
[89.189s][info][gc,task        ] GC(227) Using 33 workers of 33 for evacuation
[89.192s][info][gc,phases      ] GC(227)   Pre Evacuate Collection Set: 0.1ms
[89.193s][info][gc,phases      ] GC(227)   Merge Heap Roots: 0.1ms
[89.193s][info][gc,phases      ] GC(227)   Evacuate Collection Set: 0.7ms
[89.193s][info][gc,phases      ] GC(227)   Post Evacuate Collection Set: 2.0ms
[89.193s][info][gc,phases      ] GC(227)   Other: 0.1ms
[89.193s][info][gc,heap        ] GC(227) Eden regions: 330->0(330)
[89.193s][info][gc,heap        ] GC(227) Survivor regions: 1->1(42)
[89.193s][info][gc,heap        ] GC(227) Old regions: 24->24
[89.193s][info][gc,heap        ] GC(227) Archive regions: 0->0
[89.193s][info][gc,heap        ] GC(227) Humongous regions: 0->0
[89.193s][info][gc,metaspace   ] GC(227) Metaspace: 14281K(15168K)->14281K(15168K) NonClass: 12320K(12864K)->12320K(12864K) Class: 1961K(2304K)->1961K(2304K)
[89.193s][info][gc             ] GC(227) Pause Young (Normal) (G1 Evacuation Pause) 667M->7M(1104M) 3.330ms
[89.193s][info][gc,cpu         ] GC(227) User=0.52s Sys=0.00s Real=0.00s
[89.610s][info][gc,start       ] GC(228) Pause Young (Normal) (G1 Evacuation Pause)
[89.610s][info][gc,task        ] GC(228) Using 33 workers of 33 for evacuation
[89.613s][info][gc,phases      ] GC(228)   Pre Evacuate Collection Set: 0.1ms
[89.613s][info][gc,phases      ] GC(228)   Merge Heap Roots: 0.2ms
[89.613s][info][gc,phases      ] GC(228)   Evacuate Collection Set: 0.5ms
[89.613s][info][gc,phases      ] GC(228)   Post Evacuate Collection Set: 2.1ms
[89.613s][info][gc,phases      ] GC(228)   Other: 0.1ms
[89.613s][info][gc,heap        ] GC(228) Eden regions: 330->0(330)
[89.613s][info][gc,heap        ] GC(228) Survivor regions: 1->1(42)
[89.613s][info][gc,heap        ] GC(228) Old regions: 24->24
[89.613s][info][gc,heap        ] GC(228) Archive regions: 0->0
[89.613s][info][gc,heap        ] GC(228) Humongous regions: 0->0
[89.613s][info][gc,metaspace   ] GC(228) Metaspace: 14281K(15168K)->14281K(15168K) NonClass: 12320K(12864K)->12320K(12864K) Class: 1961K(2304K)->1961K(2304K)
[89.613s][info][gc             ] GC(228) Pause Young (Normal) (G1 Evacuation Pause) 667M->7M(1104M) 3.197ms
[89.613s][info][gc,cpu         ] GC(228) User=0.52s Sys=0.00s Real=0.00s
[90.034s][info][gc,start       ] GC(229) Pause Young (Normal) (G1 Evacuation Pause)
[90.034s][info][gc,task        ] GC(229) Using 33 workers of 33 for evacuation
[90.037s][info][gc,phases      ] GC(229)   Pre Evacuate Collection Set: 0.1ms
[90.037s][info][gc,phases      ] GC(229)   Merge Heap Roots: 0.1ms
[90.037s][info][gc,phases      ] GC(229)   Evacuate Collection Set: 0.8ms
[90.037s][info][gc,phases      ] GC(229)   Post Evacuate Collection Set: 2.1ms
[90.037s][info][gc,phases      ] GC(229)   Other: 0.1ms
[90.037s][info][gc,heap        ] GC(229) Eden regions: 330->0(330)
[90.037s][info][gc,heap        ] GC(229) Survivor regions: 1->1(42)
[90.037s][info][gc,heap        ] GC(229) Old regions: 24->24
[90.037s][info][gc,heap        ] GC(229) Archive regions: 0->0
[90.037s][info][gc,heap        ] GC(229) Humongous regions: 0->0
[90.037s][info][gc,metaspace   ] GC(229) Metaspace: 14281K(15168K)->14281K(15168K) NonClass: 12320K(12864K)->12320K(12864K) Class: 1961K(2304K)->1961K(2304K)
[90.037s][info][gc             ] GC(229) Pause Young (Normal) (G1 Evacuation Pause) 667M->7M(1104M) 3.506ms
[90.037s][info][gc,cpu         ] GC(229) User=0.44s Sys=0.00s Real=0.00s
[90.454s][info][gc,start       ] GC(230) Pause Young (Normal) (G1 Evacuation Pause)
[90.454s][info][gc,task        ] GC(230) Using 33 workers of 33 for evacuation
[90.457s][info][gc,phases      ] GC(230)   Pre Evacuate Collection Set: 0.1ms
[90.457s][info][gc,phases      ] GC(230)   Merge Heap Roots: 0.1ms
[90.457s][info][gc,phases      ] GC(230)   Evacuate Collection Set: 0.5ms
[90.457s][info][gc,phases      ] GC(230)   Post Evacuate Collection Set: 2.2ms
[90.457s][info][gc,phases      ] GC(230)   Other: 0.1ms
[90.457s][info][gc,heap        ] GC(230) Eden regions: 330->0(329)
[90.457s][info][gc,heap        ] GC(230) Survivor regions: 1->2(42)
[90.457s][info][gc,heap        ] GC(230) Old regions: 24->24
[90.457s][info][gc,heap        ] GC(230) Archive regions: 0->0
[90.457s][info][gc,heap        ] GC(230) Humongous regions: 0->0
[90.457s][info][gc,metaspace   ] GC(230) Metaspace: 14281K(15168K)->14281K(15168K) NonClass: 12320K(12864K)->12320K(12864K) Class: 1961K(2304K)->1961K(2304K)
[90.457s][info][gc             ] GC(230) Pause Young (Normal) (G1 Evacuation Pause) 667M->7M(1104M) 3.349ms
[90.457s][info][gc,cpu         ] GC(230) User=0.52s Sys=0.00s Real=0.00s
[90.874s][info][gc,start       ] GC(231) Pause Young (Normal) (G1 Evacuation Pause)
[90.874s][info][gc,task        ] GC(231) Using 33 workers of 33 for evacuation
[90.878s][info][gc,phases      ] GC(231)   Pre Evacuate Collection Set: 0.1ms
[90.878s][info][gc,phases      ] GC(231)   Merge Heap Roots: 0.1ms
[90.878s][info][gc,phases      ] GC(231)   Evacuate Collection Set: 0.9ms
[90.878s][info][gc,phases      ] GC(231)   Post Evacuate Collection Set: 2.2ms
[90.878s][info][gc,phases      ] GC(231)   Other: 0.1ms
[90.878s][info][gc,heap        ] GC(231) Eden regions: 329->0(329)
[90.878s][info][gc,heap        ] GC(231) Survivor regions: 2->2(42)
[90.878s][info][gc,heap        ] GC(231) Old regions: 24->24
[90.878s][info][gc,heap        ] GC(231) Archive regions: 0->0
[90.878s][info][gc,heap        ] GC(231) Humongous regions: 0->0
[90.878s][info][gc,metaspace   ] GC(231) Metaspace: 14281K(15168K)->14281K(15168K) NonClass: 12320K(12864K)->12320K(12864K) Class: 1961K(2304K)->1961K(2304K)
[90.878s][info][gc             ] GC(231) Pause Young (Normal) (G1 Evacuation Pause) 665M->7M(1104M) 3.780ms
[90.878s][info][gc,cpu         ] GC(231) User=0.00s Sys=0.00s Real=0.00s
[91.403s][info][gc,start       ] GC(232) Pause Young (Normal) (G1 Evacuation Pause)
[91.403s][info][gc,task        ] GC(232) Using 33 workers of 33 for evacuation
[91.408s][info][gc,phases      ] GC(232)   Pre Evacuate Collection Set: 0.3ms
[91.408s][info][gc,phases      ] GC(232)   Merge Heap Roots: 0.2ms
[91.408s][info][gc,phases      ] GC(232)   Evacuate Collection Set: 1.1ms
[91.408s][info][gc,phases      ] GC(232)   Post Evacuate Collection Set: 3.0ms
[91.408s][info][gc,phases      ] GC(232)   Other: 0.2ms
[91.408s][info][gc,heap        ] GC(232) Eden regions: 329->0(329)
[91.408s][info][gc,heap        ] GC(232) Survivor regions: 2->2(42)
[91.408s][info][gc,heap        ] GC(232) Old regions: 24->24
[91.408s][info][gc,heap        ] GC(232) Archive regions: 0->0
[91.408s][info][gc,heap        ] GC(232) Humongous regions: 0->0
[91.408s][info][gc,metaspace   ] GC(232) Metaspace: 14281K(15168K)->14281K(15168K) NonClass: 12320K(12864K)->12320K(12864K) Class: 1961K(2304K)->1961K(2304K)
[91.408s][info][gc             ] GC(232) Pause Young (Normal) (G1 Evacuation Pause) 665M->7M(1104M) 5.333ms
[91.408s][info][gc,cpu         ] GC(232) User=0.00s Sys=0.00s Real=0.01s
[91.826s][info][gc,start       ] GC(233) Pause Young (Normal) (G1 Evacuation Pause)
[91.826s][info][gc,task        ] GC(233) Using 33 workers of 33 for evacuation
[91.829s][info][gc,phases      ] GC(233)   Pre Evacuate Collection Set: 0.1ms
[91.829s][info][gc,phases      ] GC(233)   Merge Heap Roots: 0.1ms
[91.829s][info][gc,phases      ] GC(233)   Evacuate Collection Set: 0.5ms
[91.829s][info][gc,phases      ] GC(233)   Post Evacuate Collection Set: 1.9ms
[91.829s][info][gc,phases      ] GC(233)   Other: 0.1ms
[91.829s][info][gc,heap        ] GC(233) Eden regions: 329->0(329)
[91.829s][info][gc,heap        ] GC(233) Survivor regions: 2->2(42)
[91.829s][info][gc,heap        ] GC(233) Old regions: 24->24
[91.829s][info][gc,heap        ] GC(233) Archive regions: 0->0
[91.829s][info][gc,heap        ] GC(233) Humongous regions: 0->0
[91.829s][info][gc,metaspace   ] GC(233) Metaspace: 14281K(15168K)->14281K(15168K) NonClass: 12320K(12864K)->12320K(12864K) Class: 1961K(2304K)->1961K(2304K)
[91.829s][info][gc             ] GC(233) Pause Young (Normal) (G1 Evacuation Pause) 665M->7M(1104M) 3.025ms
[91.829s][info][gc,cpu         ] GC(233) User=0.00s Sys=0.00s Real=0.00s
[92.250s][info][gc,start       ] GC(234) Pause Young (Normal) (G1 Evacuation Pause)
[92.250s][info][gc,task        ] GC(234) Using 33 workers of 33 for evacuation
[92.253s][info][gc,phases      ] GC(234)   Pre Evacuate Collection Set: 0.1ms
[92.253s][info][gc,phases      ] GC(234)   Merge Heap Roots: 0.1ms
[92.253s][info][gc,phases      ] GC(234)   Evacuate Collection Set: 0.6ms
[92.253s][info][gc,phases      ] GC(234)   Post Evacuate Collection Set: 2.0ms
[92.253s][info][gc,phases      ] GC(234)   Other: 0.1ms
[92.253s][info][gc,heap        ] GC(234) Eden regions: 329->0(330)
[92.253s][info][gc,heap        ] GC(234) Survivor regions: 2->1(42)
[92.253s][info][gc,heap        ] GC(234) Old regions: 24->25
[92.253s][info][gc,heap        ] GC(234) Archive regions: 0->0
[92.253s][info][gc,heap        ] GC(234) Humongous regions: 0->0
[92.253s][info][gc,metaspace   ] GC(234) Metaspace: 14281K(15168K)->14281K(15168K) NonClass: 12320K(12864K)->12320K(12864K) Class: 1961K(2304K)->1961K(2304K)
[92.253s][info][gc             ] GC(234) Pause Young (Normal) (G1 Evacuation Pause) 665M->7M(1104M) 3.148ms
[92.253s][info][gc,cpu         ] GC(234) User=0.02s Sys=0.00s Real=0.00s
[92.673s][info][gc,start       ] GC(235) Pause Young (Normal) (G1 Evacuation Pause)
[92.673s][info][gc,task        ] GC(235) Using 33 workers of 33 for evacuation
[92.676s][info][gc,phases      ] GC(235)   Pre Evacuate Collection Set: 0.2ms
[92.676s][info][gc,phases      ] GC(235)   Merge Heap Roots: 0.2ms
[92.676s][info][gc,phases      ] GC(235)   Evacuate Collection Set: 0.4ms
[92.676s][info][gc,phases      ] GC(235)   Post Evacuate Collection Set: 1.8ms
[92.676s][info][gc,phases      ] GC(235)   Other: 0.1ms
[92.676s][info][gc,heap        ] GC(235) Eden regions: 330->0(330)
[92.676s][info][gc,heap        ] GC(235) Survivor regions: 1->1(42)
[92.676s][info][gc,heap        ] GC(235) Old regions: 25->25
[92.676s][info][gc,heap        ] GC(235) Archive regions: 0->0
[92.676s][info][gc,heap        ] GC(235) Humongous regions: 0->0
[92.676s][info][gc,metaspace   ] GC(235) Metaspace: 14281K(15168K)->14281K(15168K) NonClass: 12320K(12864K)->12320K(12864K) Class: 1961K(2304K)->1961K(2304K)
[92.676s][info][gc             ] GC(235) Pause Young (Normal) (G1 Evacuation Pause) 667M->7M(1104M) 2.871ms
[92.676s][info][gc,cpu         ] GC(235) User=0.52s Sys=0.00s Real=0.00s
[93.097s][info][gc,start       ] GC(236) Pause Young (Normal) (G1 Evacuation Pause)
[93.097s][info][gc,task        ] GC(236) Using 33 workers of 33 for evacuation
[93.100s][info][gc,phases      ] GC(236)   Pre Evacuate Collection Set: 0.2ms
[93.100s][info][gc,phases      ] GC(236)   Merge Heap Roots: 0.2ms
[93.100s][info][gc,phases      ] GC(236)   Evacuate Collection Set: 0.4ms
[93.100s][info][gc,phases      ] GC(236)   Post Evacuate Collection Set: 2.0ms
[93.100s][info][gc,phases      ] GC(236)   Other: 0.1ms
[93.100s][info][gc,heap        ] GC(236) Eden regions: 330->0(330)
[93.100s][info][gc,heap        ] GC(236) Survivor regions: 1->1(42)
[93.100s][info][gc,heap        ] GC(236) Old regions: 25->25
[93.100s][info][gc,heap        ] GC(236) Archive regions: 0->0
[93.100s][info][gc,heap        ] GC(236) Humongous regions: 0->0
[93.100s][info][gc,metaspace   ] GC(236) Metaspace: 14281K(15168K)->14281K(15168K) NonClass: 12320K(12864K)->12320K(12864K) Class: 1961K(2304K)->1961K(2304K)
[93.100s][info][gc             ] GC(236) Pause Young (Normal) (G1 Evacuation Pause) 667M->7M(1104M) 3.003ms
[93.100s][info][gc,cpu         ] GC(236) User=0.52s Sys=0.00s Real=0.00s
[93.519s][info][gc,start       ] GC(237) Pause Young (Normal) (G1 Evacuation Pause)
[93.519s][info][gc,task        ] GC(237) Using 33 workers of 33 for evacuation
[93.522s][info][gc,phases      ] GC(237)   Pre Evacuate Collection Set: 0.2ms
[93.522s][info][gc,phases      ] GC(237)   Merge Heap Roots: 0.2ms
[93.522s][info][gc,phases      ] GC(237)   Evacuate Collection Set: 0.5ms
[93.522s][info][gc,phases      ] GC(237)   Post Evacuate Collection Set: 2.0ms
[93.522s][info][gc,phases      ] GC(237)   Other: 0.1ms
[93.522s][info][gc,heap        ] GC(237) Eden regions: 330->0(330)
[93.522s][info][gc,heap        ] GC(237) Survivor regions: 1->1(42)
[93.522s][info][gc,heap        ] GC(237) Old regions: 25->25
[93.522s][info][gc,heap        ] GC(237) Archive regions: 0->0
[93.522s][info][gc,heap        ] GC(237) Humongous regions: 0->0
[93.522s][info][gc,metaspace   ] GC(237) Metaspace: 14281K(15168K)->14281K(15168K) NonClass: 12320K(12864K)->12320K(12864K) Class: 1961K(2304K)->1961K(2304K)
[93.522s][info][gc             ] GC(237) Pause Young (Normal) (G1 Evacuation Pause) 667M->7M(1104M) 3.074ms
[93.522s][info][gc,cpu         ] GC(237) User=0.00s Sys=0.00s Real=0.00s
[93.944s][info][gc,start       ] GC(238) Pause Young (Normal) (G1 Evacuation Pause)
[93.944s][info][gc,task        ] GC(238) Using 33 workers of 33 for evacuation
[93.947s][info][gc,phases      ] GC(238)   Pre Evacuate Collection Set: 0.1ms
[93.947s][info][gc,phases      ] GC(238)   Merge Heap Roots: 0.2ms
[93.947s][info][gc,phases      ] GC(238)   Evacuate Collection Set: 0.4ms
[93.947s][info][gc,phases      ] GC(238)   Post Evacuate Collection Set: 2.0ms
[93.947s][info][gc,phases      ] GC(238)   Other: 0.1ms
[93.947s][info][gc,heap        ] GC(238) Eden regions: 330->0(330)
[93.947s][info][gc,heap        ] GC(238) Survivor regions: 1->1(42)
[93.947s][info][gc,heap        ] GC(238) Old regions: 25->25
[93.947s][info][gc,heap        ] GC(238) Archive regions: 0->0
[93.947s][info][gc,heap        ] GC(238) Humongous regions: 0->0
[93.947s][info][gc,metaspace   ] GC(238) Metaspace: 14281K(15168K)->14281K(15168K) NonClass: 12320K(12864K)->12320K(12864K) Class: 1961K(2304K)->1961K(2304K)
[93.947s][info][gc             ] GC(238) Pause Young (Normal) (G1 Evacuation Pause) 667M->7M(1104M) 3.008ms
[93.947s][info][gc,cpu         ] GC(238) User=0.00s Sys=0.00s Real=0.00s
[94.367s][info][gc,start       ] GC(239) Pause Young (Normal) (G1 Evacuation Pause)
[94.378s][info][gc,task        ] GC(239) Using 33 workers of 33 for evacuation
[94.380s][info][gc,phases      ] GC(239)   Pre Evacuate Collection Set: 0.1ms
[94.381s][info][gc,phases      ] GC(239)   Merge Heap Roots: 0.1ms
[94.381s][info][gc,phases      ] GC(239)   Evacuate Collection Set: 0.4ms
[94.381s][info][gc,phases      ] GC(239)   Post Evacuate Collection Set: 2.1ms
[94.381s][info][gc,phases      ] GC(239)   Other: 0.1ms
[94.381s][info][gc,heap        ] GC(239) Eden regions: 330->0(330)
[94.381s][info][gc,heap        ] GC(239) Survivor regions: 1->1(42)
[94.381s][info][gc,heap        ] GC(239) Old regions: 25->25
[94.381s][info][gc,heap        ] GC(239) Archive regions: 0->0
[94.381s][info][gc,heap        ] GC(239) Humongous regions: 0->0
[94.381s][info][gc,metaspace   ] GC(239) Metaspace: 14281K(15168K)->14281K(15168K) NonClass: 12320K(12864K)->12320K(12864K) Class: 1961K(2304K)->1961K(2304K)
[94.381s][info][gc             ] GC(239) Pause Young (Normal) (G1 Evacuation Pause) 667M->7M(1104M) 13.440ms
[94.381s][info][gc,cpu         ] GC(239) User=0.52s Sys=0.00s Real=0.01s
[94.803s][info][gc,start       ] GC(240) Pause Young (Normal) (G1 Evacuation Pause)
[94.803s][info][gc,task        ] GC(240) Using 33 workers of 33 for evacuation
[94.806s][info][gc,phases      ] GC(240)   Pre Evacuate Collection Set: 0.2ms
[94.806s][info][gc,phases      ] GC(240)   Merge Heap Roots: 0.2ms
[94.806s][info][gc,phases      ] GC(240)   Evacuate Collection Set: 0.4ms
[94.806s][info][gc,phases      ] GC(240)   Post Evacuate Collection Set: 2.2ms
[94.806s][info][gc,phases      ] GC(240)   Other: 0.1ms
[94.807s][info][gc,heap        ] GC(240) Eden regions: 330->0(330)
[94.807s][info][gc,heap        ] GC(240) Survivor regions: 1->1(42)
[94.807s][info][gc,heap        ] GC(240) Old regions: 25->25
[94.807s][info][gc,heap        ] GC(240) Archive regions: 0->0
[94.807s][info][gc,heap        ] GC(240) Humongous regions: 0->0
[94.807s][info][gc,metaspace   ] GC(240) Metaspace: 14281K(15168K)->14281K(15168K) NonClass: 12320K(12864K)->12320K(12864K) Class: 1961K(2304K)->1961K(2304K)
[94.807s][info][gc             ] GC(240) Pause Young (Normal) (G1 Evacuation Pause) 667M->8M(1104M) 3.233ms
[94.807s][info][gc,cpu         ] GC(240) User=0.00s Sys=0.00s Real=0.00s
[95.231s][info][gc,start       ] GC(241) Pause Young (Normal) (G1 Evacuation Pause)
[95.231s][info][gc,task        ] GC(241) Using 33 workers of 33 for evacuation
[95.234s][info][gc,phases      ] GC(241)   Pre Evacuate Collection Set: 0.2ms
[95.234s][info][gc,phases      ] GC(241)   Merge Heap Roots: 0.2ms
[95.234s][info][gc,phases      ] GC(241)   Evacuate Collection Set: 0.4ms
[95.234s][info][gc,phases      ] GC(241)   Post Evacuate Collection Set: 2.2ms
[95.234s][info][gc,phases      ] GC(241)   Other: 0.1ms
[95.234s][info][gc,heap        ] GC(241) Eden regions: 330->0(330)
[95.234s][info][gc,heap        ] GC(241) Survivor regions: 1->1(42)
[95.234s][info][gc,heap        ] GC(241) Old regions: 25->25
[95.234s][info][gc,heap        ] GC(241) Archive regions: 0->0
[95.234s][info][gc,heap        ] GC(241) Humongous regions: 0->0
[95.234s][info][gc,metaspace   ] GC(241) Metaspace: 14281K(15168K)->14281K(15168K) NonClass: 12320K(12864K)->12320K(12864K) Class: 1961K(2304K)->1961K(2304K)
[95.234s][info][gc             ] GC(241) Pause Young (Normal) (G1 Evacuation Pause) 668M->8M(1104M) 3.247ms
[95.234s][info][gc,cpu         ] GC(241) User=0.00s Sys=0.00s Real=0.00s
[95.656s][info][gc,start       ] GC(242) Pause Young (Normal) (G1 Evacuation Pause)
[95.656s][info][gc,task        ] GC(242) Using 33 workers of 33 for evacuation
[95.660s][info][gc,phases      ] GC(242)   Pre Evacuate Collection Set: 0.2ms
[95.660s][info][gc,phases      ] GC(242)   Merge Heap Roots: 0.2ms
[95.660s][info][gc,phases      ] GC(242)   Evacuate Collection Set: 0.4ms
[95.660s][info][gc,phases      ] GC(242)   Post Evacuate Collection Set: 2.3ms
[95.660s][info][gc,phases      ] GC(242)   Other: 0.1ms
[95.660s][info][gc,heap        ] GC(242) Eden regions: 330->0(330)
[95.660s][info][gc,heap        ] GC(242) Survivor regions: 1->1(42)
[95.660s][info][gc,heap        ] GC(242) Old regions: 25->25
[95.660s][info][gc,heap        ] GC(242) Archive regions: 0->0
[95.660s][info][gc,heap        ] GC(242) Humongous regions: 0->0
[95.660s][info][gc,metaspace   ] GC(242) Metaspace: 14281K(15168K)->14281K(15168K) NonClass: 12320K(12864K)->12320K(12864K) Class: 1961K(2304K)->1961K(2304K)
[95.660s][info][gc             ] GC(242) Pause Young (Normal) (G1 Evacuation Pause) 668M->8M(1104M) 3.336ms
[95.660s][info][gc,cpu         ] GC(242) User=0.00s Sys=0.02s Real=0.00s
[96.081s][info][gc,start       ] GC(243) Pause Young (Normal) (G1 Evacuation Pause)
[96.081s][info][gc,task        ] GC(243) Using 33 workers of 33 for evacuation
[96.084s][info][gc,phases      ] GC(243)   Pre Evacuate Collection Set: 0.2ms
[96.084s][info][gc,phases      ] GC(243)   Merge Heap Roots: 0.2ms
[96.084s][info][gc,phases      ] GC(243)   Evacuate Collection Set: 0.4ms
[96.084s][info][gc,phases      ] GC(243)   Post Evacuate Collection Set: 2.3ms
[96.084s][info][gc,phases      ] GC(243)   Other: 0.1ms
[96.084s][info][gc,heap        ] GC(243) Eden regions: 330->0(330)
[96.084s][info][gc,heap        ] GC(243) Survivor regions: 1->1(42)
[96.084s][info][gc,heap        ] GC(243) Old regions: 25->25
[96.084s][info][gc,heap        ] GC(243) Archive regions: 0->0
[96.084s][info][gc,heap        ] GC(243) Humongous regions: 0->0
[96.084s][info][gc,metaspace   ] GC(243) Metaspace: 14281K(15168K)->14281K(15168K) NonClass: 12320K(12864K)->12320K(12864K) Class: 1961K(2304K)->1961K(2304K)
[96.084s][info][gc             ] GC(243) Pause Young (Normal) (G1 Evacuation Pause) 668M->8M(1104M) 3.374ms
[96.084s][info][gc,cpu         ] GC(243) User=0.30s Sys=0.05s Real=0.00s
[96.506s][info][gc,start       ] GC(244) Pause Young (Normal) (G1 Evacuation Pause)
[96.506s][info][gc,task        ] GC(244) Using 33 workers of 33 for evacuation
[96.509s][info][gc,phases      ] GC(244)   Pre Evacuate Collection Set: 0.2ms
[96.509s][info][gc,phases      ] GC(244)   Merge Heap Roots: 0.1ms
[96.509s][info][gc,phases      ] GC(244)   Evacuate Collection Set: 0.4ms
[96.509s][info][gc,phases      ] GC(244)   Post Evacuate Collection Set: 2.2ms
[96.509s][info][gc,phases      ] GC(244)   Other: 0.1ms
[96.509s][info][gc,heap        ] GC(244) Eden regions: 330->0(330)
[96.509s][info][gc,heap        ] GC(244) Survivor regions: 1->1(42)
[96.509s][info][gc,heap        ] GC(244) Old regions: 25->26
[96.509s][info][gc,heap        ] GC(244) Archive regions: 0->0
[96.509s][info][gc,heap        ] GC(244) Humongous regions: 0->0
[96.509s][info][gc,metaspace   ] GC(244) Metaspace: 14281K(15168K)->14281K(15168K) NonClass: 12320K(12864K)->12320K(12864K) Class: 1961K(2304K)->1961K(2304K)
[96.509s][info][gc             ] GC(244) Pause Young (Normal) (G1 Evacuation Pause) 668M->8M(1104M) 3.302ms
[96.509s][info][gc,cpu         ] GC(244) User=0.00s Sys=0.00s Real=0.00s
[96.934s][info][gc,start       ] GC(245) Pause Young (Normal) (G1 Evacuation Pause)
[96.934s][info][gc,task        ] GC(245) Using 33 workers of 33 for evacuation
[96.937s][info][gc,phases      ] GC(245)   Pre Evacuate Collection Set: 0.2ms
[96.937s][info][gc,phases      ] GC(245)   Merge Heap Roots: 0.1ms
[96.937s][info][gc,phases      ] GC(245)   Evacuate Collection Set: 0.4ms
[96.937s][info][gc,phases      ] GC(245)   Post Evacuate Collection Set: 1.9ms
[96.937s][info][gc,phases      ] GC(245)   Other: 0.1ms
[96.937s][info][gc,heap        ] GC(245) Eden regions: 330->0(330)
[96.937s][info][gc,heap        ] GC(245) Survivor regions: 1->1(42)
[96.937s][info][gc,heap        ] GC(245) Old regions: 26->26
[96.937s][info][gc,heap        ] GC(245) Archive regions: 0->0
[96.937s][info][gc,heap        ] GC(245) Humongous regions: 0->0
[96.937s][info][gc,metaspace   ] GC(245) Metaspace: 14281K(15168K)->14281K(15168K) NonClass: 12320K(12864K)->12320K(12864K) Class: 1961K(2304K)->1961K(2304K)
[96.937s][info][gc             ] GC(245) Pause Young (Normal) (G1 Evacuation Pause) 668M->8M(1104M) 2.948ms
[96.937s][info][gc,cpu         ] GC(245) User=0.00s Sys=0.00s Real=0.00s
[97.352s][info][gc,start       ] GC(246) Pause Young (Normal) (G1 Evacuation Pause)
[97.352s][info][gc,task        ] GC(246) Using 33 workers of 33 for evacuation
[97.354s][info][gc,phases      ] GC(246)   Pre Evacuate Collection Set: 0.2ms
[97.354s][info][gc,phases      ] GC(246)   Merge Heap Roots: 0.2ms
[97.355s][info][gc,phases      ] GC(246)   Evacuate Collection Set: 0.4ms
[97.355s][info][gc,phases      ] GC(246)   Post Evacuate Collection Set: 2.0ms
[97.355s][info][gc,phases      ] GC(246)   Other: 0.1ms
[97.355s][info][gc,heap        ] GC(246) Eden regions: 330->0(330)
[97.355s][info][gc,heap        ] GC(246) Survivor regions: 1->1(42)
[97.355s][info][gc,heap        ] GC(246) Old regions: 26->26
[97.355s][info][gc,heap        ] GC(246) Archive regions: 0->0
[97.355s][info][gc,heap        ] GC(246) Humongous regions: 0->0
[97.355s][info][gc,metaspace   ] GC(246) Metaspace: 14281K(15168K)->14281K(15168K) NonClass: 12320K(12864K)->12320K(12864K) Class: 1961K(2304K)->1961K(2304K)
[97.355s][info][gc             ] GC(246) Pause Young (Normal) (G1 Evacuation Pause) 668M->8M(1104M) 3.028ms
[97.355s][info][gc,cpu         ] GC(246) User=0.00s Sys=0.00s Real=0.00s
[97.775s][info][gc,start       ] GC(247) Pause Young (Normal) (G1 Evacuation Pause)
[97.775s][info][gc,task        ] GC(247) Using 33 workers of 33 for evacuation
[97.778s][info][gc,phases      ] GC(247)   Pre Evacuate Collection Set: 0.2ms
[97.778s][info][gc,phases      ] GC(247)   Merge Heap Roots: 0.1ms
[97.778s][info][gc,phases      ] GC(247)   Evacuate Collection Set: 0.4ms
[97.778s][info][gc,phases      ] GC(247)   Post Evacuate Collection Set: 1.9ms
[97.778s][info][gc,phases      ] GC(247)   Other: 0.1ms
[97.778s][info][gc,heap        ] GC(247) Eden regions: 330->0(330)
[97.778s][info][gc,heap        ] GC(247) Survivor regions: 1->1(42)
[97.778s][info][gc,heap        ] GC(247) Old regions: 26->26
[97.778s][info][gc,heap        ] GC(247) Archive regions: 0->0
[97.778s][info][gc,heap        ] GC(247) Humongous regions: 0->0
[97.778s][info][gc,metaspace   ] GC(247) Metaspace: 14281K(15168K)->14281K(15168K) NonClass: 12320K(12864K)->12320K(12864K) Class: 1961K(2304K)->1961K(2304K)
[97.778s][info][gc             ] GC(247) Pause Young (Normal) (G1 Evacuation Pause) 668M->8M(1104M) 2.957ms
[97.778s][info][gc,cpu         ] GC(247) User=0.00s Sys=0.00s Real=0.00s
[98.198s][info][gc,start       ] GC(248) Pause Young (Normal) (G1 Evacuation Pause)
[98.198s][info][gc,task        ] GC(248) Using 33 workers of 33 for evacuation
[98.201s][info][gc,phases      ] GC(248)   Pre Evacuate Collection Set: 0.2ms
[98.201s][info][gc,phases      ] GC(248)   Merge Heap Roots: 0.2ms
[98.201s][info][gc,phases      ] GC(248)   Evacuate Collection Set: 0.4ms
[98.201s][info][gc,phases      ] GC(248)   Post Evacuate Collection Set: 2.0ms
[98.201s][info][gc,phases      ] GC(248)   Other: 0.1ms
[98.201s][info][gc,heap        ] GC(248) Eden regions: 330->0(330)
[98.201s][info][gc,heap        ] GC(248) Survivor regions: 1->1(42)
[98.201s][info][gc,heap        ] GC(248) Old regions: 26->26
[98.201s][info][gc,heap        ] GC(248) Archive regions: 0->0
[98.201s][info][gc,heap        ] GC(248) Humongous regions: 0->0
[98.201s][info][gc,metaspace   ] GC(248) Metaspace: 14281K(15168K)->14281K(15168K) NonClass: 12320K(12864K)->12320K(12864K) Class: 1961K(2304K)->1961K(2304K)
[98.201s][info][gc             ] GC(248) Pause Young (Normal) (G1 Evacuation Pause) 668M->8M(1104M) 2.994ms
[98.201s][info][gc,cpu         ] GC(248) User=0.00s Sys=0.00s Real=0.00s
[98.623s][info][gc,start       ] GC(249) Pause Young (Normal) (G1 Evacuation Pause)
[98.623s][info][gc,task        ] GC(249) Using 33 workers of 33 for evacuation
[98.626s][info][gc,phases      ] GC(249)   Pre Evacuate Collection Set: 0.1ms
[98.626s][info][gc,phases      ] GC(249)   Merge Heap Roots: 0.2ms
[98.626s][info][gc,phases      ] GC(249)   Evacuate Collection Set: 0.4ms
[98.626s][info][gc,phases      ] GC(249)   Post Evacuate Collection Set: 2.0ms
[98.626s][info][gc,phases      ] GC(249)   Other: 0.1ms
[98.626s][info][gc,heap        ] GC(249) Eden regions: 330->0(330)
[98.626s][info][gc,heap        ] GC(249) Survivor regions: 1->1(42)
[98.626s][info][gc,heap        ] GC(249) Old regions: 26->26
[98.626s][info][gc,heap        ] GC(249) Archive regions: 0->0
[98.626s][info][gc,heap        ] GC(249) Humongous regions: 0->0
[98.626s][info][gc,metaspace   ] GC(249) Metaspace: 14281K(15168K)->14281K(15168K) NonClass: 12320K(12864K)->12320K(12864K) Class: 1961K(2304K)->1961K(2304K)
[98.626s][info][gc             ] GC(249) Pause Young (Normal) (G1 Evacuation Pause) 668M->8M(1104M) 3.102ms
[98.626s][info][gc,cpu         ] GC(249) User=0.00s Sys=0.00s Real=0.00s
[99.046s][info][gc,start       ] GC(250) Pause Young (Normal) (G1 Evacuation Pause)
[99.046s][info][gc,task        ] GC(250) Using 33 workers of 33 for evacuation
[99.049s][info][gc,phases      ] GC(250)   Pre Evacuate Collection Set: 0.2ms
[99.049s][info][gc,phases      ] GC(250)   Merge Heap Roots: 0.2ms
[99.049s][info][gc,phases      ] GC(250)   Evacuate Collection Set: 0.4ms
[99.049s][info][gc,phases      ] GC(250)   Post Evacuate Collection Set: 2.1ms
[99.049s][info][gc,phases      ] GC(250)   Other: 0.1ms
[99.049s][info][gc,heap        ] GC(250) Eden regions: 330->0(330)
[99.049s][info][gc,heap        ] GC(250) Survivor regions: 1->1(42)
[99.049s][info][gc,heap        ] GC(250) Old regions: 26->26
[99.049s][info][gc,heap        ] GC(250) Archive regions: 0->0
[99.049s][info][gc,heap        ] GC(250) Humongous regions: 0->0
[99.049s][info][gc,metaspace   ] GC(250) Metaspace: 14281K(15168K)->14281K(15168K) NonClass: 12320K(12864K)->12320K(12864K) Class: 1961K(2304K)->1961K(2304K)
[99.049s][info][gc             ] GC(250) Pause Young (Normal) (G1 Evacuation Pause) 668M->8M(1104M) 3.135ms
[99.049s][info][gc,cpu         ] GC(250) User=0.00s Sys=0.00s Real=0.00s
[99.472s][info][gc,start       ] GC(251) Pause Young (Normal) (G1 Evacuation Pause)
[99.472s][info][gc,task        ] GC(251) Using 33 workers of 33 for evacuation
[99.475s][info][gc,phases      ] GC(251)   Pre Evacuate Collection Set: 0.1ms
[99.475s][info][gc,phases      ] GC(251)   Merge Heap Roots: 0.2ms
[99.475s][info][gc,phases      ] GC(251)   Evacuate Collection Set: 0.4ms
[99.475s][info][gc,phases      ] GC(251)   Post Evacuate Collection Set: 2.1ms
[99.475s][info][gc,phases      ] GC(251)   Other: 0.1ms
[99.475s][info][gc,heap        ] GC(251) Eden regions: 330->0(330)
[99.475s][info][gc,heap        ] GC(251) Survivor regions: 1->1(42)
[99.475s][info][gc,heap        ] GC(251) Old regions: 26->26
[99.475s][info][gc,heap        ] GC(251) Archive regions: 0->0
[99.475s][info][gc,heap        ] GC(251) Humongous regions: 0->0
[99.475s][info][gc,metaspace   ] GC(251) Metaspace: 14281K(15168K)->14281K(15168K) NonClass: 12320K(12864K)->12320K(12864K) Class: 1961K(2304K)->1961K(2304K)
[99.475s][info][gc             ] GC(251) Pause Young (Normal) (G1 Evacuation Pause) 668M->8M(1104M) 3.198ms
[99.475s][info][gc,cpu         ] GC(251) User=0.00s Sys=0.00s Real=0.00s
[99.898s][info][gc,start       ] GC(252) Pause Young (Normal) (G1 Evacuation Pause)
[99.902s][info][gc,task        ] GC(252) Using 33 workers of 33 for evacuation
[99.905s][info][gc,phases      ] GC(252)   Pre Evacuate Collection Set: 0.2ms
[99.905s][info][gc,phases      ] GC(252)   Merge Heap Roots: 0.2ms
[99.905s][info][gc,phases      ] GC(252)   Evacuate Collection Set: 0.4ms
[99.905s][info][gc,phases      ] GC(252)   Post Evacuate Collection Set: 2.2ms
[99.905s][info][gc,phases      ] GC(252)   Other: 0.1ms
[99.905s][info][gc,heap        ] GC(252) Eden regions: 330->0(330)
[99.905s][info][gc,heap        ] GC(252) Survivor regions: 1->1(42)
[99.905s][info][gc,heap        ] GC(252) Old regions: 26->26
[99.905s][info][gc,heap        ] GC(252) Archive regions: 0->0
[99.905s][info][gc,heap        ] GC(252) Humongous regions: 0->0
[99.905s][info][gc,metaspace   ] GC(252) Metaspace: 14281K(15168K)->14281K(15168K) NonClass: 12320K(12864K)->12320K(12864K) Class: 1961K(2304K)->1961K(2304K)
[99.905s][info][gc             ] GC(252) Pause Young (Normal) (G1 Evacuation Pause) 668M->8M(1104M) 7.367ms
[99.905s][info][gc,cpu         ] GC(252) User=0.00s Sys=0.00s Real=0.01s
[100.328s][info][gc,start       ] GC(253) Pause Young (Normal) (G1 Evacuation Pause)
[100.328s][info][gc,task        ] GC(253) Using 33 workers of 33 for evacuation
[100.331s][info][gc,phases      ] GC(253)   Pre Evacuate Collection Set: 0.2ms
[100.331s][info][gc,phases      ] GC(253)   Merge Heap Roots: 0.2ms
[100.331s][info][gc,phases      ] GC(253)   Evacuate Collection Set: 0.4ms
[100.331s][info][gc,phases      ] GC(253)   Post Evacuate Collection Set: 2.2ms
[100.331s][info][gc,phases      ] GC(253)   Other: 0.1ms
[100.331s][info][gc,heap        ] GC(253) Eden regions: 330->0(330)
[100.331s][info][gc,heap        ] GC(253) Survivor regions: 1->1(42)
[100.331s][info][gc,heap        ] GC(253) Old regions: 26->26
[100.331s][info][gc,heap        ] GC(253) Archive regions: 0->0
[100.331s][info][gc,heap        ] GC(253) Humongous regions: 0->0
[100.331s][info][gc,metaspace   ] GC(253) Metaspace: 14281K(15168K)->14281K(15168K) NonClass: 12320K(12864K)->12320K(12864K) Class: 1961K(2304K)->1961K(2304K)
[100.331s][info][gc             ] GC(253) Pause Young (Normal) (G1 Evacuation Pause) 668M->9M(1104M) 3.307ms
[100.331s][info][gc,cpu         ] GC(253) User=0.00s Sys=0.00s Real=0.00s
[100.753s][info][gc,start       ] GC(254) Pause Young (Normal) (G1 Evacuation Pause)
[100.754s][info][gc,task        ] GC(254) Using 33 workers of 33 for evacuation
[100.757s][info][gc,phases      ] GC(254)   Pre Evacuate Collection Set: 0.2ms
[100.757s][info][gc,phases      ] GC(254)   Merge Heap Roots: 0.2ms
[100.757s][info][gc,phases      ] GC(254)   Evacuate Collection Set: 0.4ms
[100.757s][info][gc,phases      ] GC(254)   Post Evacuate Collection Set: 2.3ms
[100.757s][info][gc,phases      ] GC(254)   Other: 0.1ms
[100.757s][info][gc,heap        ] GC(254) Eden regions: 330->0(330)
[100.757s][info][gc,heap        ] GC(254) Survivor regions: 1->1(42)
[100.757s][info][gc,heap        ] GC(254) Old regions: 26->26
[100.757s][info][gc,heap        ] GC(254) Archive regions: 0->0
[100.757s][info][gc,heap        ] GC(254) Humongous regions: 0->0
[100.757s][info][gc,metaspace   ] GC(254) Metaspace: 14281K(15168K)->14281K(15168K) NonClass: 12320K(12864K)->12320K(12864K) Class: 1961K(2304K)->1961K(2304K)
[100.757s][info][gc             ] GC(254) Pause Young (Normal) (G1 Evacuation Pause) 669M->9M(1104M) 3.341ms
[100.757s][info][gc,cpu         ] GC(254) User=0.00s Sys=0.00s Real=0.00s
[101.324s][info][gc,start       ] GC(255) Pause Young (Normal) (G1 Evacuation Pause)
[101.324s][info][gc,task        ] GC(255) Using 33 workers of 33 for evacuation
[101.328s][info][gc,phases      ] GC(255)   Pre Evacuate Collection Set: 0.2ms
[101.328s][info][gc,phases      ] GC(255)   Merge Heap Roots: 0.2ms
[101.328s][info][gc,phases      ] GC(255)   Evacuate Collection Set: 0.8ms
[101.328s][info][gc,phases      ] GC(255)   Post Evacuate Collection Set: 3.0ms
[101.328s][info][gc,phases      ] GC(255)   Other: 0.2ms
[101.329s][info][gc,heap        ] GC(255) Eden regions: 330->0(330)
[101.329s][info][gc,heap        ] GC(255) Survivor regions: 1->1(42)
[101.329s][info][gc,heap        ] GC(255) Old regions: 26->26
[101.329s][info][gc,heap        ] GC(255) Archive regions: 0->0
[101.329s][info][gc,heap        ] GC(255) Humongous regions: 0->0
[101.329s][info][gc,metaspace   ] GC(255) Metaspace: 14281K(15168K)->14281K(15168K) NonClass: 12320K(12864K)->12320K(12864K) Class: 1961K(2304K)->1961K(2304K)
[101.329s][info][gc             ] GC(255) Pause Young (Normal) (G1 Evacuation Pause) 669M->9M(1104M) 5.012ms
[101.329s][info][gc,cpu         ] GC(255) User=0.00s Sys=0.00s Real=0.00s
[101.831s][info][gc,start       ] GC(256) Pause Young (Normal) (G1 Evacuation Pause)
[101.831s][info][gc,task        ] GC(256) Using 33 workers of 33 for evacuation
[101.834s][info][gc,phases      ] GC(256)   Pre Evacuate Collection Set: 0.1ms
[101.834s][info][gc,phases      ] GC(256)   Merge Heap Roots: 0.2ms
[101.834s][info][gc,phases      ] GC(256)   Evacuate Collection Set: 0.5ms
[101.834s][info][gc,phases      ] GC(256)   Post Evacuate Collection Set: 1.8ms
[101.834s][info][gc,phases      ] GC(256)   Other: 0.1ms
[101.834s][info][gc,heap        ] GC(256) Eden regions: 330->0(330)
[101.834s][info][gc,heap        ] GC(256) Survivor regions: 1->1(42)
[101.834s][info][gc,heap        ] GC(256) Old regions: 26->26
[101.834s][info][gc,heap        ] GC(256) Archive regions: 0->0
[101.834s][info][gc,heap        ] GC(256) Humongous regions: 0->0
[101.834s][info][gc,metaspace   ] GC(256) Metaspace: 14281K(15168K)->14281K(15168K) NonClass: 12320K(12864K)->12320K(12864K) Class: 1961K(2304K)->1961K(2304K)
[101.834s][info][gc             ] GC(256) Pause Young (Normal) (G1 Evacuation Pause) 669M->9M(1104M) 2.986ms
[101.834s][info][gc,cpu         ] GC(256) User=0.00s Sys=0.00s Real=0.00s
[102.105s][info][gc,start       ] GC(257) Pause Full (System.gc())
[102.106s][info][gc,task        ] GC(257) Using 29 workers of 33 for full compaction
[102.107s][info][gc,phases,start] GC(257) Phase 1: Mark live objects
[102.117s][info][gc,phases      ] GC(257) Phase 1: Mark live objects 10.113ms
[102.117s][info][gc,phases,start] GC(257) Phase 2: Prepare compaction
[102.119s][info][gc,phases      ] GC(257) Phase 2: Prepare compaction 2.194ms
[102.119s][info][gc,phases,start] GC(257) Phase 3: Adjust pointers
[102.124s][info][gc,phases      ] GC(257) Phase 3: Adjust pointers 4.435ms
[102.124s][info][gc,phases,start] GC(257) Phase 4: Compact heap
[102.124s][info][gc,phases      ] GC(257) Phase 4: Compact heap 0.566ms
[102.133s][info][gc,heap        ] GC(257) Eden regions: 187->0(52)
[102.133s][info][gc,heap        ] GC(257) Survivor regions: 1->0(42)
[102.133s][info][gc,heap        ] GC(257) Old regions: 26->26
[102.133s][info][gc,heap        ] GC(257) Archive regions: 0->0
[102.133s][info][gc,heap        ] GC(257) Humongous regions: 0->0
[102.133s][info][gc,metaspace   ] GC(257) Metaspace: 14282K(15168K)->14282K(15168K) NonClass: 12321K(12864K)->12321K(12864K) Class: 1961K(2304K)->1961K(2304K)
[102.133s][info][gc             ] GC(257) Pause Full (System.gc()) 382M->5M(174M) 27.618ms
[102.133s][info][gc,cpu         ] GC(257) User=0.45s Sys=0.00s Real=0.02s
[102.214s][info][gc,start       ] GC(258) Pause Young (Normal) (G1 Evacuation Pause)
[102.214s][info][gc,task        ] GC(258) Using 33 workers of 33 for evacuation
[102.216s][info][gc,phases      ] GC(258)   Pre Evacuate Collection Set: 0.1ms
[102.216s][info][gc,phases      ] GC(258)   Merge Heap Roots: 0.1ms
[102.216s][info][gc,phases      ] GC(258)   Evacuate Collection Set: 0.4ms
[102.216s][info][gc,phases      ] GC(258)   Post Evacuate Collection Set: 1.3ms
[102.216s][info][gc,phases      ] GC(258)   Other: 0.1ms
[102.216s][info][gc,heap        ] GC(258) Eden regions: 52->0(51)
[102.216s][info][gc,heap        ] GC(258) Survivor regions: 0->1(7)
[102.216s][info][gc,heap        ] GC(258) Old regions: 26->26
[102.216s][info][gc,heap        ] GC(258) Archive regions: 0->0
[102.216s][info][gc,heap        ] GC(258) Humongous regions: 0->0
[102.216s][info][gc,metaspace   ] GC(258) Metaspace: 14283K(15168K)->14283K(15168K) NonClass: 12322K(12864K)->12322K(12864K) Class: 1961K(2304K)->1961K(2304K)
[102.216s][info][gc             ] GC(258) Pause Young (Normal) (G1 Evacuation Pause) 109M->6M(174M) 2.199ms
[102.216s][info][gc,cpu         ] GC(258) User=0.00s Sys=0.00s Real=0.00s
[102.282s][info][gc,start       ] GC(259) Pause Young (Normal) (G1 Evacuation Pause)
[102.282s][info][gc,task        ] GC(259) Using 33 workers of 33 for evacuation
[102.284s][info][gc,phases      ] GC(259)   Pre Evacuate Collection Set: 0.1ms
[102.284s][info][gc,phases      ] GC(259)   Merge Heap Roots: 0.1ms
[102.284s][info][gc,phases      ] GC(259)   Evacuate Collection Set: 0.4ms
[102.284s][info][gc,phases      ] GC(259)   Post Evacuate Collection Set: 1.3ms
[102.284s][info][gc,phases      ] GC(259)   Other: 0.1ms
[102.284s][info][gc,heap        ] GC(259) Eden regions: 51->0(51)
[102.284s][info][gc,heap        ] GC(259) Survivor regions: 1->1(7)
[102.284s][info][gc,heap        ] GC(259) Old regions: 26->26
[102.284s][info][gc,heap        ] GC(259) Archive regions: 0->0
[102.284s][info][gc,heap        ] GC(259) Humongous regions: 0->0
[102.284s][info][gc,metaspace   ] GC(259) Metaspace: 14283K(15168K)->14283K(15168K) NonClass: 12322K(12864K)->12322K(12864K) Class: 1961K(2304K)->1961K(2304K)
[102.284s][info][gc             ] GC(259) Pause Young (Normal) (G1 Evacuation Pause) 108M->6M(174M) 2.197ms
[102.284s][info][gc,cpu         ] GC(259) User=0.00s Sys=0.00s Real=0.00s
[102.359s][info][gc,start       ] GC(260) Pause Young (Normal) (G1 Evacuation Pause)
[102.359s][info][gc,task        ] GC(260) Using 33 workers of 33 for evacuation
[102.361s][info][gc,phases      ] GC(260)   Pre Evacuate Collection Set: 0.1ms
[102.361s][info][gc,phases      ] GC(260)   Merge Heap Roots: 0.1ms
[102.361s][info][gc,phases      ] GC(260)   Evacuate Collection Set: 0.5ms
[102.361s][info][gc,phases      ] GC(260)   Post Evacuate Collection Set: 1.3ms
[102.361s][info][gc,phases      ] GC(260)   Other: 0.1ms
[102.361s][info][gc,heap        ] GC(260) Eden regions: 51->0(51)
[102.361s][info][gc,heap        ] GC(260) Survivor regions: 1->1(7)
[102.361s][info][gc,heap        ] GC(260) Old regions: 26->26
[102.361s][info][gc,heap        ] GC(260) Archive regions: 0->0
[102.361s][info][gc,heap        ] GC(260) Humongous regions: 0->0
[102.361s][info][gc,metaspace   ] GC(260) Metaspace: 14283K(15168K)->14283K(15168K) NonClass: 12322K(12864K)->12322K(12864K) Class: 1961K(2304K)->1961K(2304K)
[102.361s][info][gc             ] GC(260) Pause Young (Normal) (G1 Evacuation Pause) 108M->6M(174M) 2.259ms
[102.361s][info][gc,cpu         ] GC(260) User=0.00s Sys=0.00s Real=0.00s
[102.443s][info][gc,start       ] GC(261) Pause Young (Normal) (G1 Evacuation Pause)
[102.443s][info][gc,task        ] GC(261) Using 33 workers of 33 for evacuation
[102.450s][info][gc,phases      ] GC(261)   Pre Evacuate Collection Set: 0.1ms
[102.450s][info][gc,phases      ] GC(261)   Merge Heap Roots: 0.1ms
[102.450s][info][gc,phases      ] GC(261)   Evacuate Collection Set: 0.5ms
[102.450s][info][gc,phases      ] GC(261)   Post Evacuate Collection Set: 6.5ms
[102.450s][info][gc,phases      ] GC(261)   Other: 0.1ms
[102.450s][info][gc,heap        ] GC(261) Eden regions: 51->0(332)
[102.450s][info][gc,heap        ] GC(261) Survivor regions: 1->1(7)
[102.450s][info][gc,heap        ] GC(261) Old regions: 26->26
[102.450s][info][gc,heap        ] GC(261) Archive regions: 0->0
[102.450s][info][gc,heap        ] GC(261) Humongous regions: 0->0
[102.450s][info][gc,metaspace   ] GC(261) Metaspace: 14283K(15168K)->14283K(15168K) NonClass: 12322K(12864K)->12322K(12864K) Class: 1961K(2304K)->1961K(2304K)
[102.450s][info][gc             ] GC(261) Pause Young (Normal) (G1 Evacuation Pause) 108M->6M(1112M) 7.649ms
[102.450s][info][gc,cpu         ] GC(261) User=0.00s Sys=0.00s Real=0.00s
[102.909s][info][gc,start       ] GC(262) Pause Young (Normal) (G1 Evacuation Pause)
[102.909s][info][gc,task        ] GC(262) Using 33 workers of 33 for evacuation
[102.913s][info][gc,phases      ] GC(262)   Pre Evacuate Collection Set: 0.1ms
[102.913s][info][gc,phases      ] GC(262)   Merge Heap Roots: 0.1ms
[102.913s][info][gc,phases      ] GC(262)   Evacuate Collection Set: 1.9ms
[102.913s][info][gc,phases      ] GC(262)   Post Evacuate Collection Set: 1.9ms
[102.913s][info][gc,phases      ] GC(262)   Other: 0.1ms
[102.913s][info][gc,heap        ] GC(262) Eden regions: 332->0(332)
[102.913s][info][gc,heap        ] GC(262) Survivor regions: 1->1(42)
[102.913s][info][gc,heap        ] GC(262) Old regions: 26->26
[102.913s][info][gc,heap        ] GC(262) Archive regions: 0->0
[102.913s][info][gc,heap        ] GC(262) Humongous regions: 0->0
[102.913s][info][gc,metaspace   ] GC(262) Metaspace: 14283K(15168K)->14283K(15168K) NonClass: 12322K(12864K)->12322K(12864K) Class: 1961K(2304K)->1961K(2304K)
[102.913s][info][gc             ] GC(262) Pause Young (Normal) (G1 Evacuation Pause) 670M->6M(1112M) 4.428ms
[102.913s][info][gc,cpu         ] GC(262) User=0.39s Sys=0.06s Real=0.01s
[103.327s][info][gc,start       ] GC(263) Pause Young (Normal) (G1 Evacuation Pause)
[103.327s][info][gc,task        ] GC(263) Using 33 workers of 33 for evacuation
[103.332s][info][gc,phases      ] GC(263)   Pre Evacuate Collection Set: 0.1ms
[103.332s][info][gc,phases      ] GC(263)   Merge Heap Roots: 0.1ms
[103.332s][info][gc,phases      ] GC(263)   Evacuate Collection Set: 1.9ms
[103.332s][info][gc,phases      ] GC(263)   Post Evacuate Collection Set: 2.0ms
[103.332s][info][gc,phases      ] GC(263)   Other: 0.1ms
[103.332s][info][gc,heap        ] GC(263) Eden regions: 332->0(332)
[103.332s][info][gc,heap        ] GC(263) Survivor regions: 1->1(42)
[103.332s][info][gc,heap        ] GC(263) Old regions: 26->26
[103.332s][info][gc,heap        ] GC(263) Archive regions: 0->0
[103.332s][info][gc,heap        ] GC(263) Humongous regions: 0->0
[103.332s][info][gc,metaspace   ] GC(263) Metaspace: 14283K(15168K)->14283K(15168K) NonClass: 12322K(12864K)->12322K(12864K) Class: 1961K(2304K)->1961K(2304K)
[103.332s][info][gc             ] GC(263) Pause Young (Normal) (G1 Evacuation Pause) 670M->6M(1112M) 4.445ms
[103.332s][info][gc,cpu         ] GC(263) User=0.00s Sys=0.00s Real=0.00s
[103.748s][info][gc,start       ] GC(264) Pause Young (Normal) (G1 Evacuation Pause)
[103.748s][info][gc,task        ] GC(264) Using 33 workers of 33 for evacuation
[103.751s][info][gc,phases      ] GC(264)   Pre Evacuate Collection Set: 0.2ms
[103.751s][info][gc,phases      ] GC(264)   Merge Heap Roots: 0.1ms
[103.751s][info][gc,phases      ] GC(264)   Evacuate Collection Set: 0.6ms
[103.751s][info][gc,phases      ] GC(264)   Post Evacuate Collection Set: 2.1ms
[103.751s][info][gc,phases      ] GC(264)   Other: 0.1ms
[103.751s][info][gc,heap        ] GC(264) Eden regions: 332->0(332)
[103.751s][info][gc,heap        ] GC(264) Survivor regions: 1->1(42)
[103.751s][info][gc,heap        ] GC(264) Old regions: 26->26
[103.751s][info][gc,heap        ] GC(264) Archive regions: 0->0
[103.751s][info][gc,heap        ] GC(264) Humongous regions: 0->0
[103.751s][info][gc,metaspace   ] GC(264) Metaspace: 14283K(15168K)->14283K(15168K) NonClass: 12322K(12864K)->12322K(12864K) Class: 1961K(2304K)->1961K(2304K)
[103.751s][info][gc             ] GC(264) Pause Young (Normal) (G1 Evacuation Pause) 670M->6M(1112M) 3.259ms
[103.751s][info][gc,cpu         ] GC(264) User=0.00s Sys=0.00s Real=0.01s
[104.166s][info][gc,start       ] GC(265) Pause Young (Normal) (G1 Evacuation Pause)
[104.167s][info][gc,task        ] GC(265) Using 33 workers of 33 for evacuation
[104.170s][info][gc,phases      ] GC(265)   Pre Evacuate Collection Set: 0.1ms
[104.170s][info][gc,phases      ] GC(265)   Merge Heap Roots: 0.1ms
[104.170s][info][gc,phases      ] GC(265)   Evacuate Collection Set: 0.6ms
[104.170s][info][gc,phases      ] GC(265)   Post Evacuate Collection Set: 2.1ms
[104.170s][info][gc,phases      ] GC(265)   Other: 0.1ms
[104.170s][info][gc,heap        ] GC(265) Eden regions: 332->0(332)
[104.170s][info][gc,heap        ] GC(265) Survivor regions: 1->1(42)
[104.170s][info][gc,heap        ] GC(265) Old regions: 26->26
[104.170s][info][gc,heap        ] GC(265) Archive regions: 0->0
[104.170s][info][gc,heap        ] GC(265) Humongous regions: 0->0
[104.170s][info][gc,metaspace   ] GC(265) Metaspace: 14283K(15168K)->14283K(15168K) NonClass: 12322K(12864K)->12322K(12864K) Class: 1961K(2304K)->1961K(2304K)
[104.170s][info][gc             ] GC(265) Pause Young (Normal) (G1 Evacuation Pause) 670M->7M(1112M) 3.241ms
[104.170s][info][gc,cpu         ] GC(265) User=0.00s Sys=0.00s Real=0.00s
[104.586s][info][gc,start       ] GC(266) Pause Young (Normal) (G1 Evacuation Pause)
[104.586s][info][gc,task        ] GC(266) Using 33 workers of 33 for evacuation
[104.589s][info][gc,phases      ] GC(266)   Pre Evacuate Collection Set: 0.2ms
[104.589s][info][gc,phases      ] GC(266)   Merge Heap Roots: 0.2ms
[104.589s][info][gc,phases      ] GC(266)   Evacuate Collection Set: 0.6ms
[104.589s][info][gc,phases      ] GC(266)   Post Evacuate Collection Set: 2.1ms
[104.589s][info][gc,phases      ] GC(266)   Other: 0.1ms
[104.589s][info][gc,heap        ] GC(266) Eden regions: 332->0(332)
[104.589s][info][gc,heap        ] GC(266) Survivor regions: 1->1(42)
[104.589s][info][gc,heap        ] GC(266) Old regions: 26->26
[104.589s][info][gc,heap        ] GC(266) Archive regions: 0->0
[104.589s][info][gc,heap        ] GC(266) Humongous regions: 0->0
[104.589s][info][gc,metaspace   ] GC(266) Metaspace: 14283K(15168K)->14283K(15168K) NonClass: 12322K(12864K)->12322K(12864K) Class: 1961K(2304K)->1961K(2304K)
[104.589s][info][gc             ] GC(266) Pause Young (Normal) (G1 Evacuation Pause) 671M->7M(1112M) 3.364ms
[104.589s][info][gc,cpu         ] GC(266) User=0.00s Sys=0.00s Real=0.00s
[105.011s][info][gc,start       ] GC(267) Pause Young (Normal) (G1 Evacuation Pause)
[105.011s][info][gc,task        ] GC(267) Using 33 workers of 33 for evacuation
[105.015s][info][gc,phases      ] GC(267)   Pre Evacuate Collection Set: 0.2ms
[105.015s][info][gc,phases      ] GC(267)   Merge Heap Roots: 0.1ms
[105.015s][info][gc,phases      ] GC(267)   Evacuate Collection Set: 0.6ms
[105.015s][info][gc,phases      ] GC(267)   Post Evacuate Collection Set: 2.2ms
[105.015s][info][gc,phases      ] GC(267)   Other: 0.1ms
[105.015s][info][gc,heap        ] GC(267) Eden regions: 332->0(332)
[105.015s][info][gc,heap        ] GC(267) Survivor regions: 1->1(42)
[105.015s][info][gc,heap        ] GC(267) Old regions: 26->26
[105.015s][info][gc,heap        ] GC(267) Archive regions: 0->0
[105.015s][info][gc,heap        ] GC(267) Humongous regions: 0->0
[105.015s][info][gc,metaspace   ] GC(267) Metaspace: 14283K(15168K)->14283K(15168K) NonClass: 12322K(12864K)->12322K(12864K) Class: 1961K(2304K)->1961K(2304K)
[105.015s][info][gc             ] GC(267) Pause Young (Normal) (G1 Evacuation Pause) 671M->7M(1112M) 3.369ms
[105.015s][info][gc,cpu         ] GC(267) User=0.00s Sys=0.00s Real=0.00s
[105.437s][info][gc,start       ] GC(268) Pause Young (Normal) (G1 Evacuation Pause)
[105.437s][info][gc,task        ] GC(268) Using 33 workers of 33 for evacuation
[105.441s][info][gc,phases      ] GC(268)   Pre Evacuate Collection Set: 0.1ms
[105.441s][info][gc,phases      ] GC(268)   Merge Heap Roots: 0.2ms
[105.441s][info][gc,phases      ] GC(268)   Evacuate Collection Set: 0.6ms
[105.441s][info][gc,phases      ] GC(268)   Post Evacuate Collection Set: 2.2ms
[105.441s][info][gc,phases      ] GC(268)   Other: 0.1ms
[105.441s][info][gc,heap        ] GC(268) Eden regions: 332->0(332)
[105.441s][info][gc,heap        ] GC(268) Survivor regions: 1->1(42)
[105.441s][info][gc,heap        ] GC(268) Old regions: 26->26
[105.441s][info][gc,heap        ] GC(268) Archive regions: 0->0
[105.441s][info][gc,heap        ] GC(268) Humongous regions: 0->0
[105.441s][info][gc,metaspace   ] GC(268) Metaspace: 14283K(15168K)->14283K(15168K) NonClass: 12322K(12864K)->12322K(12864K) Class: 1961K(2304K)->1961K(2304K)
[105.441s][info][gc             ] GC(268) Pause Young (Normal) (G1 Evacuation Pause) 671M->7M(1112M) 3.468ms
[105.441s][info][gc,cpu         ] GC(268) User=0.02s Sys=0.00s Real=0.00s
[105.863s][info][gc,start       ] GC(269) Pause Young (Normal) (G1 Evacuation Pause)
[105.863s][info][gc,task        ] GC(269) Using 33 workers of 33 for evacuation
[105.867s][info][gc,phases      ] GC(269)   Pre Evacuate Collection Set: 0.1ms
[105.867s][info][gc,phases      ] GC(269)   Merge Heap Roots: 0.1ms
[105.867s][info][gc,phases      ] GC(269)   Evacuate Collection Set: 0.5ms
[105.867s][info][gc,phases      ] GC(269)   Post Evacuate Collection Set: 2.3ms
[105.867s][info][gc,phases      ] GC(269)   Other: 0.1ms
[105.867s][info][gc,heap        ] GC(269) Eden regions: 332->0(331)
[105.867s][info][gc,heap        ] GC(269) Survivor regions: 1->2(42)
[105.867s][info][gc,heap        ] GC(269) Old regions: 26->26
[105.867s][info][gc,heap        ] GC(269) Archive regions: 0->0
[105.867s][info][gc,heap        ] GC(269) Humongous regions: 0->0
[105.867s][info][gc,metaspace   ] GC(269) Metaspace: 14283K(15168K)->14283K(15168K) NonClass: 12322K(12864K)->12322K(12864K) Class: 1961K(2304K)->1961K(2304K)
[105.867s][info][gc             ] GC(269) Pause Young (Normal) (G1 Evacuation Pause) 671M->7M(1112M) 3.481ms
[105.867s][info][gc,cpu         ] GC(269) User=0.00s Sys=0.00s Real=0.00s
[106.283s][info][gc,start       ] GC(270) Pause Young (Normal) (G1 Evacuation Pause)
[106.283s][info][gc,task        ] GC(270) Using 33 workers of 33 for evacuation
[106.286s][info][gc,phases      ] GC(270)   Pre Evacuate Collection Set: 0.1ms
[106.286s][info][gc,phases      ] GC(270)   Merge Heap Roots: 0.1ms
[106.286s][info][gc,phases      ] GC(270)   Evacuate Collection Set: 1.0ms
[106.286s][info][gc,phases      ] GC(270)   Post Evacuate Collection Set: 2.2ms
[106.286s][info][gc,phases      ] GC(270)   Other: 0.1ms
[106.286s][info][gc,heap        ] GC(270) Eden regions: 331->0(331)
[106.286s][info][gc,heap        ] GC(270) Survivor regions: 2->2(42)
[106.286s][info][gc,heap        ] GC(270) Old regions: 26->26
[106.286s][info][gc,heap        ] GC(270) Archive regions: 0->0
[106.286s][info][gc,heap        ] GC(270) Humongous regions: 0->0
[106.286s][info][gc,metaspace   ] GC(270) Metaspace: 14283K(15168K)->14283K(15168K) NonClass: 12322K(12864K)->12322K(12864K) Class: 1961K(2304K)->1961K(2304K)
[106.286s][info][gc             ] GC(270) Pause Young (Normal) (G1 Evacuation Pause) 669M->7M(1112M) 3.860ms
[106.286s][info][gc,cpu         ] GC(270) User=0.00s Sys=0.00s Real=0.00s
[106.703s][info][gc,start       ] GC(271) Pause Young (Normal) (G1 Evacuation Pause)
[106.703s][info][gc,task        ] GC(271) Using 33 workers of 33 for evacuation
[106.706s][info][gc,phases      ] GC(271)   Pre Evacuate Collection Set: 0.1ms
[106.706s][info][gc,phases      ] GC(271)   Merge Heap Roots: 0.1ms
[106.706s][info][gc,phases      ] GC(271)   Evacuate Collection Set: 0.6ms
[106.706s][info][gc,phases      ] GC(271)   Post Evacuate Collection Set: 1.9ms
[106.706s][info][gc,phases      ] GC(271)   Other: 0.1ms
[106.706s][info][gc,heap        ] GC(271) Eden regions: 331->0(331)
[106.706s][info][gc,heap        ] GC(271) Survivor regions: 2->2(42)
[106.706s][info][gc,heap        ] GC(271) Old regions: 26->26
[106.706s][info][gc,heap        ] GC(271) Archive regions: 0->0
[106.706s][info][gc,heap        ] GC(271) Humongous regions: 0->0
[106.706s][info][gc,metaspace   ] GC(271) Metaspace: 14283K(15168K)->14283K(15168K) NonClass: 12322K(12864K)->12322K(12864K) Class: 1961K(2304K)->1961K(2304K)
[106.706s][info][gc             ] GC(271) Pause Young (Normal) (G1 Evacuation Pause) 669M->7M(1112M) 3.229ms
[106.706s][info][gc,cpu         ] GC(271) User=0.02s Sys=0.00s Real=0.00s
[107.120s][info][gc,start       ] GC(272) Pause Young (Normal) (G1 Evacuation Pause)
[107.120s][info][gc,task        ] GC(272) Using 33 workers of 33 for evacuation
[107.123s][info][gc,phases      ] GC(272)   Pre Evacuate Collection Set: 0.1ms
[107.123s][info][gc,phases      ] GC(272)   Merge Heap Roots: 0.1ms
[107.123s][info][gc,phases      ] GC(272)   Evacuate Collection Set: 0.5ms
[107.123s][info][gc,phases      ] GC(272)   Post Evacuate Collection Set: 1.8ms
[107.123s][info][gc,phases      ] GC(272)   Other: 0.1ms
[107.123s][info][gc,heap        ] GC(272) Eden regions: 331->0(331)
[107.123s][info][gc,heap        ] GC(272) Survivor regions: 2->2(42)
[107.123s][info][gc,heap        ] GC(272) Old regions: 26->26
[107.123s][info][gc,heap        ] GC(272) Archive regions: 0->0
[107.123s][info][gc,heap        ] GC(272) Humongous regions: 0->0
[107.123s][info][gc,metaspace   ] GC(272) Metaspace: 14283K(15168K)->14283K(15168K) NonClass: 12322K(12864K)->12322K(12864K) Class: 1961K(2304K)->1961K(2304K)
[107.123s][info][gc             ] GC(272) Pause Young (Normal) (G1 Evacuation Pause) 669M->7M(1112M) 2.927ms
[107.123s][info][gc,cpu         ] GC(272) User=0.00s Sys=0.00s Real=0.00s
[107.540s][info][gc,start       ] GC(273) Pause Young (Normal) (G1 Evacuation Pause)
[107.540s][info][gc,task        ] GC(273) Using 33 workers of 33 for evacuation
[107.543s][info][gc,phases      ] GC(273)   Pre Evacuate Collection Set: 0.2ms
[107.543s][info][gc,phases      ] GC(273)   Merge Heap Roots: 0.2ms
[107.543s][info][gc,phases      ] GC(273)   Evacuate Collection Set: 0.5ms
[107.543s][info][gc,phases      ] GC(273)   Post Evacuate Collection Set: 1.9ms
[107.543s][info][gc,phases      ] GC(273)   Other: 0.1ms
[107.543s][info][gc,heap        ] GC(273) Eden regions: 331->0(332)
[107.543s][info][gc,heap        ] GC(273) Survivor regions: 2->1(42)
[107.543s][info][gc,heap        ] GC(273) Old regions: 26->27
[107.543s][info][gc,heap        ] GC(273) Archive regions: 0->0
[107.543s][info][gc,heap        ] GC(273) Humongous regions: 0->0
[107.543s][info][gc,metaspace   ] GC(273) Metaspace: 14283K(15168K)->14283K(15168K) NonClass: 12322K(12864K)->12322K(12864K) Class: 1961K(2304K)->1961K(2304K)
[107.543s][info][gc             ] GC(273) Pause Young (Normal) (G1 Evacuation Pause) 669M->7M(1112M) 3.150ms
[107.543s][info][gc,cpu         ] GC(273) User=0.00s Sys=0.00s Real=0.00s
[107.961s][info][gc,start       ] GC(274) Pause Young (Normal) (G1 Evacuation Pause)
[107.962s][info][gc,task        ] GC(274) Using 33 workers of 33 for evacuation
[107.964s][info][gc,phases      ] GC(274)   Pre Evacuate Collection Set: 0.2ms
[107.964s][info][gc,phases      ] GC(274)   Merge Heap Roots: 0.2ms
[107.964s][info][gc,phases      ] GC(274)   Evacuate Collection Set: 0.4ms
[107.964s][info][gc,phases      ] GC(274)   Post Evacuate Collection Set: 2.0ms
[107.964s][info][gc,phases      ] GC(274)   Other: 0.2ms
[107.964s][info][gc,heap        ] GC(274) Eden regions: 332->0(332)
[107.964s][info][gc,heap        ] GC(274) Survivor regions: 1->1(42)
[107.964s][info][gc,heap        ] GC(274) Old regions: 27->27
[107.964s][info][gc,heap        ] GC(274) Archive regions: 0->0
[107.964s][info][gc,heap        ] GC(274) Humongous regions: 0->0
[107.964s][info][gc,metaspace   ] GC(274) Metaspace: 14283K(15168K)->14283K(15168K) NonClass: 12322K(12864K)->12322K(12864K) Class: 1961K(2304K)->1961K(2304K)
[107.965s][info][gc             ] GC(274) Pause Young (Normal) (G1 Evacuation Pause) 671M->7M(1112M) 3.084ms
[107.965s][info][gc,cpu         ] GC(274) User=0.00s Sys=0.00s Real=0.00s
[108.386s][info][gc,start       ] GC(275) Pause Young (Normal) (G1 Evacuation Pause)
[108.387s][info][gc,task        ] GC(275) Using 33 workers of 33 for evacuation
[108.389s][info][gc,phases      ] GC(275)   Pre Evacuate Collection Set: 0.2ms
[108.389s][info][gc,phases      ] GC(275)   Merge Heap Roots: 0.2ms
[108.389s][info][gc,phases      ] GC(275)   Evacuate Collection Set: 0.4ms
[108.389s][info][gc,phases      ] GC(275)   Post Evacuate Collection Set: 2.0ms
[108.390s][info][gc,phases      ] GC(275)   Other: 0.1ms
[108.390s][info][gc,heap        ] GC(275) Eden regions: 332->0(332)
[108.390s][info][gc,heap        ] GC(275) Survivor regions: 1->1(42)
[108.390s][info][gc,heap        ] GC(275) Old regions: 27->27
[108.390s][info][gc,heap        ] GC(275) Archive regions: 0->0
[108.390s][info][gc,heap        ] GC(275) Humongous regions: 0->0
[108.390s][info][gc,metaspace   ] GC(275) Metaspace: 14283K(15168K)->14283K(15168K) NonClass: 12322K(12864K)->12322K(12864K) Class: 1961K(2304K)->1961K(2304K)
[108.390s][info][gc             ] GC(275) Pause Young (Normal) (G1 Evacuation Pause) 671M->7M(1112M) 3.105ms
[108.390s][info][gc,cpu         ] GC(275) User=0.00s Sys=0.00s Real=0.00s
[108.813s][info][gc,start       ] GC(276) Pause Young (Normal) (G1 Evacuation Pause)
[108.813s][info][gc,task        ] GC(276) Using 33 workers of 33 for evacuation
[108.816s][info][gc,phases      ] GC(276)   Pre Evacuate Collection Set: 0.2ms
[108.816s][info][gc,phases      ] GC(276)   Merge Heap Roots: 0.2ms
[108.816s][info][gc,phases      ] GC(276)   Evacuate Collection Set: 0.4ms
[108.816s][info][gc,phases      ] GC(276)   Post Evacuate Collection Set: 2.1ms
[108.816s][info][gc,phases      ] GC(276)   Other: 0.1ms
[108.816s][info][gc,heap        ] GC(276) Eden regions: 332->0(332)
[108.816s][info][gc,heap        ] GC(276) Survivor regions: 1->1(42)
[108.816s][info][gc,heap        ] GC(276) Old regions: 27->27
[108.816s][info][gc,heap        ] GC(276) Archive regions: 0->0
[108.816s][info][gc,heap        ] GC(276) Humongous regions: 0->0
[108.816s][info][gc,metaspace   ] GC(276) Metaspace: 14283K(15168K)->14283K(15168K) NonClass: 12322K(12864K)->12322K(12864K) Class: 1961K(2304K)->1961K(2304K)
[108.816s][info][gc             ] GC(276) Pause Young (Normal) (G1 Evacuation Pause) 671M->7M(1112M) 3.157ms
[108.816s][info][gc,cpu         ] GC(276) User=0.14s Sys=0.03s Real=0.00s
[109.236s][info][gc,start       ] GC(277) Pause Young (Normal) (G1 Evacuation Pause)
[109.236s][info][gc,task        ] GC(277) Using 33 workers of 33 for evacuation
[109.239s][info][gc,phases      ] GC(277)   Pre Evacuate Collection Set: 0.2ms
[109.239s][info][gc,phases      ] GC(277)   Merge Heap Roots: 0.2ms
[109.239s][info][gc,phases      ] GC(277)   Evacuate Collection Set: 0.4ms
[109.239s][info][gc,phases      ] GC(277)   Post Evacuate Collection Set: 2.1ms
[109.239s][info][gc,phases      ] GC(277)   Other: 0.1ms
[109.239s][info][gc,heap        ] GC(277) Eden regions: 332->0(332)
[109.239s][info][gc,heap        ] GC(277) Survivor regions: 1->1(42)
[109.239s][info][gc,heap        ] GC(277) Old regions: 27->27
[109.239s][info][gc,heap        ] GC(277) Archive regions: 0->0
[109.239s][info][gc,heap        ] GC(277) Humongous regions: 0->0
[109.239s][info][gc,metaspace   ] GC(277) Metaspace: 14283K(15168K)->14283K(15168K) NonClass: 12322K(12864K)->12322K(12864K) Class: 1961K(2304K)->1961K(2304K)
[109.239s][info][gc             ] GC(277) Pause Young (Normal) (G1 Evacuation Pause) 671M->7M(1112M) 3.190ms
[109.239s][info][gc,cpu         ] GC(277) User=0.52s Sys=0.00s Real=0.00s
[109.664s][info][gc,start       ] GC(278) Pause Young (Normal) (G1 Evacuation Pause)
[109.664s][info][gc,task        ] GC(278) Using 33 workers of 33 for evacuation
[109.667s][info][gc,phases      ] GC(278)   Pre Evacuate Collection Set: 0.1ms
[109.667s][info][gc,phases      ] GC(278)   Merge Heap Roots: 0.2ms
[109.667s][info][gc,phases      ] GC(278)   Evacuate Collection Set: 0.4ms
[109.667s][info][gc,phases      ] GC(278)   Post Evacuate Collection Set: 2.2ms
[109.667s][info][gc,phases      ] GC(278)   Other: 0.1ms
[109.667s][info][gc,heap        ] GC(278) Eden regions: 332->0(332)
[109.667s][info][gc,heap        ] GC(278) Survivor regions: 1->1(42)
[109.667s][info][gc,heap        ] GC(278) Old regions: 27->27
[109.667s][info][gc,heap        ] GC(278) Archive regions: 0->0
[109.667s][info][gc,heap        ] GC(278) Humongous regions: 0->0
[109.667s][info][gc,metaspace   ] GC(278) Metaspace: 14283K(15168K)->14283K(15168K) NonClass: 12322K(12864K)->12322K(12864K) Class: 1961K(2304K)->1961K(2304K)
[109.667s][info][gc             ] GC(278) Pause Young (Normal) (G1 Evacuation Pause) 671M->7M(1112M) 3.246ms
[109.667s][info][gc,cpu         ] GC(278) User=0.00s Sys=0.00s Real=0.00s
[110.093s][info][gc,start       ] GC(279) Pause Young (Normal) (G1 Evacuation Pause)
[110.093s][info][gc,task        ] GC(279) Using 33 workers of 33 for evacuation
[110.097s][info][gc,phases      ] GC(279)   Pre Evacuate Collection Set: 0.2ms
[110.097s][info][gc,phases      ] GC(279)   Merge Heap Roots: 0.2ms
[110.097s][info][gc,phases      ] GC(279)   Evacuate Collection Set: 0.4ms
[110.097s][info][gc,phases      ] GC(279)   Post Evacuate Collection Set: 2.2ms
[110.097s][info][gc,phases      ] GC(279)   Other: 0.1ms
[110.097s][info][gc,heap        ] GC(279) Eden regions: 332->0(332)
[110.097s][info][gc,heap        ] GC(279) Survivor regions: 1->1(42)
[110.097s][info][gc,heap        ] GC(279) Old regions: 27->27
[110.097s][info][gc,heap        ] GC(279) Archive regions: 0->0
[110.097s][info][gc,heap        ] GC(279) Humongous regions: 0->0
[110.097s][info][gc,metaspace   ] GC(279) Metaspace: 14283K(15168K)->14283K(15168K) NonClass: 12322K(12864K)->12322K(12864K) Class: 1961K(2304K)->1961K(2304K)
[110.097s][info][gc             ] GC(279) Pause Young (Normal) (G1 Evacuation Pause) 671M->8M(1112M) 3.315ms
[110.097s][info][gc,cpu         ] GC(279) User=0.00s Sys=0.00s Real=0.00s
[110.521s][info][gc,start       ] GC(280) Pause Young (Normal) (G1 Evacuation Pause)
[110.521s][info][gc,task        ] GC(280) Using 33 workers of 33 for evacuation
[110.524s][info][gc,phases      ] GC(280)   Pre Evacuate Collection Set: 0.1ms
[110.524s][info][gc,phases      ] GC(280)   Merge Heap Roots: 0.2ms
[110.524s][info][gc,phases      ] GC(280)   Evacuate Collection Set: 0.4ms
[110.524s][info][gc,phases      ] GC(280)   Post Evacuate Collection Set: 2.3ms
[110.524s][info][gc,phases      ] GC(280)   Other: 0.2ms
[110.524s][info][gc,heap        ] GC(280) Eden regions: 332->0(332)
[110.524s][info][gc,heap        ] GC(280) Survivor regions: 1->1(42)
[110.524s][info][gc,heap        ] GC(280) Old regions: 27->27
[110.524s][info][gc,heap        ] GC(280) Archive regions: 0->0
[110.524s][info][gc,heap        ] GC(280) Humongous regions: 0->0
[110.524s][info][gc,metaspace   ] GC(280) Metaspace: 14283K(15168K)->14283K(15168K) NonClass: 12322K(12864K)->12322K(12864K) Class: 1961K(2304K)->1961K(2304K)
[110.524s][info][gc             ] GC(280) Pause Young (Normal) (G1 Evacuation Pause) 672M->8M(1112M) 3.412ms
[110.524s][info][gc,cpu         ] GC(280) User=0.00s Sys=0.00s Real=0.00s
[111.080s][info][gc,start       ] GC(281) Pause Young (Normal) (G1 Evacuation Pause)
[111.080s][info][gc,task        ] GC(281) Using 33 workers of 33 for evacuation
[111.085s][info][gc,phases      ] GC(281)   Pre Evacuate Collection Set: 0.2ms
[111.085s][info][gc,phases      ] GC(281)   Merge Heap Roots: 0.3ms
[111.085s][info][gc,phases      ] GC(281)   Evacuate Collection Set: 0.7ms
[111.085s][info][gc,phases      ] GC(281)   Post Evacuate Collection Set: 3.1ms
[111.085s][info][gc,phases      ] GC(281)   Other: 0.2ms
[111.085s][info][gc,heap        ] GC(281) Eden regions: 332->0(332)
[111.085s][info][gc,heap        ] GC(281) Survivor regions: 1->1(42)
[111.085s][info][gc,heap        ] GC(281) Old regions: 27->27
[111.085s][info][gc,heap        ] GC(281) Archive regions: 0->0
[111.085s][info][gc,heap        ] GC(281) Humongous regions: 0->0
[111.085s][info][gc,metaspace   ] GC(281) Metaspace: 14283K(15168K)->14283K(15168K) NonClass: 12322K(12864K)->12322K(12864K) Class: 1961K(2304K)->1961K(2304K)
[111.085s][info][gc             ] GC(281) Pause Young (Normal) (G1 Evacuation Pause) 672M->8M(1112M) 5.077ms
[111.085s][info][gc,cpu         ] GC(281) User=0.00s Sys=0.00s Real=0.00s
[111.512s][info][gc,start       ] GC(282) Pause Young (Normal) (G1 Evacuation Pause)
[111.512s][info][gc,task        ] GC(282) Using 33 workers of 33 for evacuation
[111.515s][info][gc,phases      ] GC(282)   Pre Evacuate Collection Set: 0.1ms
[111.515s][info][gc,phases      ] GC(282)   Merge Heap Roots: 0.2ms
[111.515s][info][gc,phases      ] GC(282)   Evacuate Collection Set: 0.4ms
[111.515s][info][gc,phases      ] GC(282)   Post Evacuate Collection Set: 2.0ms
[111.515s][info][gc,phases      ] GC(282)   Other: 0.1ms
[111.515s][info][gc,heap        ] GC(282) Eden regions: 332->0(332)
[111.515s][info][gc,heap        ] GC(282) Survivor regions: 1->1(42)
[111.515s][info][gc,heap        ] GC(282) Old regions: 27->27
[111.515s][info][gc,heap        ] GC(282) Archive regions: 0->0
[111.515s][info][gc,heap        ] GC(282) Humongous regions: 0->0
[111.515s][info][gc,metaspace   ] GC(282) Metaspace: 14283K(15168K)->14283K(15168K) NonClass: 12322K(12864K)->12322K(12864K) Class: 1961K(2304K)->1961K(2304K)
[111.515s][info][gc             ] GC(282) Pause Young (Normal) (G1 Evacuation Pause) 672M->8M(1112M) 3.053ms
[111.515s][info][gc,cpu         ] GC(282) User=0.00s Sys=0.00s Real=0.00s
[111.938s][info][gc,start       ] GC(283) Pause Young (Normal) (G1 Evacuation Pause)
[111.938s][info][gc,task        ] GC(283) Using 33 workers of 33 for evacuation
[111.941s][info][gc,phases      ] GC(283)   Pre Evacuate Collection Set: 0.1ms
[111.941s][info][gc,phases      ] GC(283)   Merge Heap Roots: 0.2ms
[111.941s][info][gc,phases      ] GC(283)   Evacuate Collection Set: 0.4ms
[111.941s][info][gc,phases      ] GC(283)   Post Evacuate Collection Set: 2.1ms
[111.941s][info][gc,phases      ] GC(283)   Other: 0.1ms
[111.941s][info][gc,heap        ] GC(283) Eden regions: 332->0(332)
[111.941s][info][gc,heap        ] GC(283) Survivor regions: 1->1(42)
[111.941s][info][gc,heap        ] GC(283) Old regions: 27->28
[111.941s][info][gc,heap        ] GC(283) Archive regions: 0->0
[111.941s][info][gc,heap        ] GC(283) Humongous regions: 0->0
[111.941s][info][gc,metaspace   ] GC(283) Metaspace: 14283K(15168K)->14283K(15168K) NonClass: 12322K(12864K)->12322K(12864K) Class: 1961K(2304K)->1961K(2304K)
[111.941s][info][gc             ] GC(283) Pause Young (Normal) (G1 Evacuation Pause) 672M->8M(1112M) 3.158ms
[111.941s][info][gc,cpu         ] GC(283) User=0.00s Sys=0.00s Real=0.00s
[112.363s][info][gc,start       ] GC(284) Pause Young (Normal) (G1 Evacuation Pause)
[112.363s][info][gc,task        ] GC(284) Using 33 workers of 33 for evacuation
[112.366s][info][gc,phases      ] GC(284)   Pre Evacuate Collection Set: 0.2ms
[112.366s][info][gc,phases      ] GC(284)   Merge Heap Roots: 0.2ms
[112.366s][info][gc,phases      ] GC(284)   Evacuate Collection Set: 0.4ms
[112.366s][info][gc,phases      ] GC(284)   Post Evacuate Collection Set: 1.9ms
[112.366s][info][gc,phases      ] GC(284)   Other: 0.2ms
[112.366s][info][gc,heap        ] GC(284) Eden regions: 332->0(332)
[112.366s][info][gc,heap        ] GC(284) Survivor regions: 1->1(42)
[112.366s][info][gc,heap        ] GC(284) Old regions: 28->28
[112.366s][info][gc,heap        ] GC(284) Archive regions: 0->0
[112.366s][info][gc,heap        ] GC(284) Humongous regions: 0->0
[112.366s][info][gc,metaspace   ] GC(284) Metaspace: 14283K(15168K)->14283K(15168K) NonClass: 12322K(12864K)->12322K(12864K) Class: 1961K(2304K)->1961K(2304K)
[112.366s][info][gc             ] GC(284) Pause Young (Normal) (G1 Evacuation Pause) 672M->8M(1112M) 3.081ms
[112.366s][info][gc,cpu         ] GC(284) User=0.00s Sys=0.00s Real=0.00s
[112.788s][info][gc,start       ] GC(285) Pause Young (Normal) (G1 Evacuation Pause)
[112.788s][info][gc,task        ] GC(285) Using 33 workers of 33 for evacuation
[112.791s][info][gc,phases      ] GC(285)   Pre Evacuate Collection Set: 0.2ms
[112.791s][info][gc,phases      ] GC(285)   Merge Heap Roots: 0.2ms
[112.791s][info][gc,phases      ] GC(285)   Evacuate Collection Set: 0.4ms
[112.791s][info][gc,phases      ] GC(285)   Post Evacuate Collection Set: 2.1ms
[112.791s][info][gc,phases      ] GC(285)   Other: 0.1ms
[112.791s][info][gc,heap        ] GC(285) Eden regions: 332->0(332)
[112.791s][info][gc,heap        ] GC(285) Survivor regions: 1->1(42)
[112.791s][info][gc,heap        ] GC(285) Old regions: 28->28
[112.791s][info][gc,heap        ] GC(285) Archive regions: 0->0
[112.791s][info][gc,heap        ] GC(285) Humongous regions: 0->0
[112.791s][info][gc,metaspace   ] GC(285) Metaspace: 14283K(15168K)->14283K(15168K) NonClass: 12322K(12864K)->12322K(12864K) Class: 1961K(2304K)->1961K(2304K)
[112.791s][info][gc             ] GC(285) Pause Young (Normal) (G1 Evacuation Pause) 672M->8M(1112M) 3.135ms
[112.791s][info][gc,cpu         ] GC(285) User=0.00s Sys=0.00s Real=0.00s
[113.212s][info][gc,start       ] GC(286) Pause Young (Normal) (G1 Evacuation Pause)
[113.212s][info][gc,task        ] GC(286) Using 33 workers of 33 for evacuation
[113.215s][info][gc,phases      ] GC(286)   Pre Evacuate Collection Set: 0.1ms
[113.215s][info][gc,phases      ] GC(286)   Merge Heap Roots: 0.2ms
[113.215s][info][gc,phases      ] GC(286)   Evacuate Collection Set: 0.4ms
[113.215s][info][gc,phases      ] GC(286)   Post Evacuate Collection Set: 2.0ms
[113.215s][info][gc,phases      ] GC(286)   Other: 0.1ms
[113.215s][info][gc,heap        ] GC(286) Eden regions: 332->0(332)
[113.215s][info][gc,heap        ] GC(286) Survivor regions: 1->1(42)
[113.215s][info][gc,heap        ] GC(286) Old regions: 28->28
[113.215s][info][gc,heap        ] GC(286) Archive regions: 0->0
[113.215s][info][gc,heap        ] GC(286) Humongous regions: 0->0
[113.215s][info][gc,metaspace   ] GC(286) Metaspace: 14283K(15168K)->14283K(15168K) NonClass: 12322K(12864K)->12322K(12864K) Class: 1961K(2304K)->1961K(2304K)
[113.215s][info][gc             ] GC(286) Pause Young (Normal) (G1 Evacuation Pause) 672M->8M(1112M) 3.078ms
[113.215s][info][gc,cpu         ] GC(286) User=0.00s Sys=0.00s Real=0.00s
[113.637s][info][gc,start       ] GC(287) Pause Young (Normal) (G1 Evacuation Pause)
[113.637s][info][gc,task        ] GC(287) Using 33 workers of 33 for evacuation
[113.640s][info][gc,phases      ] GC(287)   Pre Evacuate Collection Set: 0.2ms
[113.640s][info][gc,phases      ] GC(287)   Merge Heap Roots: 0.2ms
[113.640s][info][gc,phases      ] GC(287)   Evacuate Collection Set: 0.4ms
[113.640s][info][gc,phases      ] GC(287)   Post Evacuate Collection Set: 2.1ms
[113.640s][info][gc,phases      ] GC(287)   Other: 0.1ms
[113.640s][info][gc,heap        ] GC(287) Eden regions: 332->0(332)
[113.640s][info][gc,heap        ] GC(287) Survivor regions: 1->1(42)
[113.640s][info][gc,heap        ] GC(287) Old regions: 28->28
[113.640s][info][gc,heap        ] GC(287) Archive regions: 0->0
[113.640s][info][gc,heap        ] GC(287) Humongous regions: 0->0
[113.640s][info][gc,metaspace   ] GC(287) Metaspace: 14283K(15168K)->14283K(15168K) NonClass: 12322K(12864K)->12322K(12864K) Class: 1961K(2304K)->1961K(2304K)
[113.640s][info][gc             ] GC(287) Pause Young (Normal) (G1 Evacuation Pause) 672M->8M(1112M) 3.182ms
[113.640s][info][gc,cpu         ] GC(287) User=0.00s Sys=0.00s Real=0.00s
[114.064s][info][gc,start       ] GC(288) Pause Young (Normal) (G1 Evacuation Pause)
[114.064s][info][gc,task        ] GC(288) Using 33 workers of 33 for evacuation
[114.067s][info][gc,phases      ] GC(288)   Pre Evacuate Collection Set: 0.2ms
[114.067s][info][gc,phases      ] GC(288)   Merge Heap Roots: 0.2ms
[114.067s][info][gc,phases      ] GC(288)   Evacuate Collection Set: 0.4ms
[114.067s][info][gc,phases      ] GC(288)   Post Evacuate Collection Set: 2.1ms
[114.067s][info][gc,phases      ] GC(288)   Other: 0.1ms
[114.067s][info][gc,heap        ] GC(288) Eden regions: 332->0(332)
[114.067s][info][gc,heap        ] GC(288) Survivor regions: 1->1(42)
[114.067s][info][gc,heap        ] GC(288) Old regions: 28->28
[114.067s][info][gc,heap        ] GC(288) Archive regions: 0->0
[114.067s][info][gc,heap        ] GC(288) Humongous regions: 0->0
[114.067s][info][gc,metaspace   ] GC(288) Metaspace: 14283K(15168K)->14283K(15168K) NonClass: 12322K(12864K)->12322K(12864K) Class: 1961K(2304K)->1961K(2304K)
[114.067s][info][gc             ] GC(288) Pause Young (Normal) (G1 Evacuation Pause) 672M->8M(1112M) 3.292ms
[114.067s][info][gc,cpu         ] GC(288) User=0.52s Sys=0.00s Real=0.00s
[114.489s][info][gc,start       ] GC(289) Pause Young (Normal) (G1 Evacuation Pause)
[114.489s][info][gc,task        ] GC(289) Using 33 workers of 33 for evacuation
[114.492s][info][gc,phases      ] GC(289)   Pre Evacuate Collection Set: 0.2ms
[114.492s][info][gc,phases      ] GC(289)   Merge Heap Roots: 0.2ms
[114.492s][info][gc,phases      ] GC(289)   Evacuate Collection Set: 0.4ms
[114.492s][info][gc,phases      ] GC(289)   Post Evacuate Collection Set: 2.2ms
[114.492s][info][gc,phases      ] GC(289)   Other: 0.1ms
[114.492s][info][gc,heap        ] GC(289) Eden regions: 332->0(332)
[114.492s][info][gc,heap        ] GC(289) Survivor regions: 1->1(42)
[114.492s][info][gc,heap        ] GC(289) Old regions: 28->28
[114.492s][info][gc,heap        ] GC(289) Archive regions: 0->0
[114.492s][info][gc,heap        ] GC(289) Humongous regions: 0->0
[114.493s][info][gc,metaspace   ] GC(289) Metaspace: 14283K(15168K)->14283K(15168K) NonClass: 12322K(12864K)->12322K(12864K) Class: 1961K(2304K)->1961K(2304K)
[114.493s][info][gc             ] GC(289) Pause Young (Normal) (G1 Evacuation Pause) 672M->8M(1112M) 3.263ms
[114.493s][info][gc,cpu         ] GC(289) User=0.00s Sys=0.00s Real=0.00s
[114.916s][info][gc,start       ] GC(290) Pause Young (Normal) (G1 Evacuation Pause)
[114.916s][info][gc,task        ] GC(290) Using 33 workers of 33 for evacuation
[114.919s][info][gc,phases      ] GC(290)   Pre Evacuate Collection Set: 0.1ms
[114.919s][info][gc,phases      ] GC(290)   Merge Heap Roots: 0.2ms
[114.919s][info][gc,phases      ] GC(290)   Evacuate Collection Set: 0.4ms
[114.919s][info][gc,phases      ] GC(290)   Post Evacuate Collection Set: 2.3ms
[114.919s][info][gc,phases      ] GC(290)   Other: 0.1ms
[114.919s][info][gc,heap        ] GC(290) Eden regions: 332->0(332)
[114.919s][info][gc,heap        ] GC(290) Survivor regions: 1->1(42)
[114.919s][info][gc,heap        ] GC(290) Old regions: 28->28
[114.919s][info][gc,heap        ] GC(290) Archive regions: 0->0
[114.919s][info][gc,heap        ] GC(290) Humongous regions: 0->0
[114.919s][info][gc,metaspace   ] GC(290) Metaspace: 14283K(15168K)->14283K(15168K) NonClass: 12322K(12864K)->12322K(12864K) Class: 1961K(2304K)->1961K(2304K)
[114.919s][info][gc             ] GC(290) Pause Young (Normal) (G1 Evacuation Pause) 672M->8M(1112M) 3.327ms
[114.919s][info][gc,cpu         ] GC(290) User=0.00s Sys=0.00s Real=0.00s
[115.343s][info][gc,start       ] GC(291) Pause Young (Normal) (G1 Evacuation Pause)
[115.343s][info][gc,task        ] GC(291) Using 33 workers of 33 for evacuation
[115.346s][info][gc,phases      ] GC(291)   Pre Evacuate Collection Set: 0.2ms
[115.346s][info][gc,phases      ] GC(291)   Merge Heap Roots: 0.2ms
[115.346s][info][gc,phases      ] GC(291)   Evacuate Collection Set: 0.4ms
[115.346s][info][gc,phases      ] GC(291)   Post Evacuate Collection Set: 2.3ms
[115.346s][info][gc,phases      ] GC(291)   Other: 0.1ms
[115.346s][info][gc,heap        ] GC(291) Eden regions: 332->0(332)
[115.346s][info][gc,heap        ] GC(291) Survivor regions: 1->1(42)
[115.346s][info][gc,heap        ] GC(291) Old regions: 28->28
[115.346s][info][gc,heap        ] GC(291) Archive regions: 0->0
[115.346s][info][gc,heap        ] GC(291) Humongous regions: 0->0
[115.346s][info][gc,metaspace   ] GC(291) Metaspace: 14283K(15168K)->14283K(15168K) NonClass: 12322K(12864K)->12322K(12864K) Class: 1961K(2304K)->1961K(2304K)
[115.346s][info][gc             ] GC(291) Pause Young (Normal) (G1 Evacuation Pause) 672M->8M(1112M) 3.428ms
[115.346s][info][gc,cpu         ] GC(291) User=0.00s Sys=0.00s Real=0.00s
[115.771s][info][gc,start       ] GC(292) Pause Young (Normal) (G1 Evacuation Pause)
[115.771s][info][gc,task        ] GC(292) Using 33 workers of 33 for evacuation
[115.774s][info][gc,phases      ] GC(292)   Pre Evacuate Collection Set: 0.2ms
[115.774s][info][gc,phases      ] GC(292)   Merge Heap Roots: 0.2ms
[115.774s][info][gc,phases      ] GC(292)   Evacuate Collection Set: 0.4ms
[115.774s][info][gc,phases      ] GC(292)   Post Evacuate Collection Set: 2.3ms
[115.774s][info][gc,phases      ] GC(292)   Other: 0.1ms
[115.774s][info][gc,heap        ] GC(292) Eden regions: 332->0(332)
[115.774s][info][gc,heap        ] GC(292) Survivor regions: 1->1(42)
[115.774s][info][gc,heap        ] GC(292) Old regions: 28->28
[115.774s][info][gc,heap        ] GC(292) Archive regions: 0->0
[115.774s][info][gc,heap        ] GC(292) Humongous regions: 0->0
[115.774s][info][gc,metaspace   ] GC(292) Metaspace: 14283K(15168K)->14283K(15168K) NonClass: 12322K(12864K)->12322K(12864K) Class: 1961K(2304K)->1961K(2304K)
[115.774s][info][gc             ] GC(292) Pause Young (Normal) (G1 Evacuation Pause) 672M->9M(1112M) 3.419ms
[115.774s][info][gc,cpu         ] GC(292) User=0.00s Sys=0.00s Real=0.00s
[116.201s][info][gc,start       ] GC(293) Pause Young (Normal) (G1 Evacuation Pause)
[116.201s][info][gc,task        ] GC(293) Using 33 workers of 33 for evacuation
[116.204s][info][gc,phases      ] GC(293)   Pre Evacuate Collection Set: 0.2ms
[116.204s][info][gc,phases      ] GC(293)   Merge Heap Roots: 0.2ms
[116.204s][info][gc,phases      ] GC(293)   Evacuate Collection Set: 0.4ms
[116.204s][info][gc,phases      ] GC(293)   Post Evacuate Collection Set: 2.3ms
[116.204s][info][gc,phases      ] GC(293)   Other: 0.1ms
[116.204s][info][gc,heap        ] GC(293) Eden regions: 332->0(332)
[116.204s][info][gc,heap        ] GC(293) Survivor regions: 1->1(42)
[116.204s][info][gc,heap        ] GC(293) Old regions: 28->28
[116.204s][info][gc,heap        ] GC(293) Archive regions: 0->0
[116.204s][info][gc,heap        ] GC(293) Humongous regions: 0->0
[116.204s][info][gc,metaspace   ] GC(293) Metaspace: 14283K(15168K)->14283K(15168K) NonClass: 12322K(12864K)->12322K(12864K) Class: 1961K(2304K)->1961K(2304K)
[116.204s][info][gc             ] GC(293) Pause Young (Normal) (G1 Evacuation Pause) 673M->9M(1112M) 3.339ms
[116.204s][info][gc,cpu         ] GC(293) User=0.00s Sys=0.00s Real=0.00s
[116.650s][info][gc,start       ] GC(294) Pause Young (Normal) (G1 Evacuation Pause)
[116.650s][info][gc,task        ] GC(294) Using 33 workers of 33 for evacuation
[116.653s][info][gc,phases      ] GC(294)   Pre Evacuate Collection Set: 0.2ms
[116.653s][info][gc,phases      ] GC(294)   Merge Heap Roots: 0.2ms
[116.653s][info][gc,phases      ] GC(294)   Evacuate Collection Set: 0.3ms
[116.653s][info][gc,phases      ] GC(294)   Post Evacuate Collection Set: 1.9ms
[116.653s][info][gc,phases      ] GC(294)   Other: 0.1ms
[116.653s][info][gc,heap        ] GC(294) Eden regions: 332->0(332)
[116.653s][info][gc,heap        ] GC(294) Survivor regions: 1->1(42)
[116.653s][info][gc,heap        ] GC(294) Old regions: 28->28
[116.653s][info][gc,heap        ] GC(294) Archive regions: 0->0
[116.653s][info][gc,heap        ] GC(294) Humongous regions: 0->0
[116.653s][info][gc,metaspace   ] GC(294) Metaspace: 14283K(15168K)->14283K(15168K) NonClass: 12322K(12864K)->12322K(12864K) Class: 1961K(2304K)->1961K(2304K)
[116.653s][info][gc             ] GC(294) Pause Young (Normal) (G1 Evacuation Pause) 673M->9M(1112M) 2.878ms
[116.653s][info][gc,cpu         ] GC(294) User=0.00s Sys=0.00s Real=0.00s
[117.137s][info][gc,start       ] GC(295) Pause Young (Normal) (G1 Evacuation Pause)
[117.137s][info][gc,task        ] GC(295) Using 33 workers of 33 for evacuation
[117.140s][info][gc,phases      ] GC(295)   Pre Evacuate Collection Set: 0.2ms
[117.140s][info][gc,phases      ] GC(295)   Merge Heap Roots: 0.2ms
[117.140s][info][gc,phases      ] GC(295)   Evacuate Collection Set: 0.4ms
[117.140s][info][gc,phases      ] GC(295)   Post Evacuate Collection Set: 2.0ms
[117.140s][info][gc,phases      ] GC(295)   Other: 0.1ms
[117.140s][info][gc,heap        ] GC(295) Eden regions: 332->0(332)
[117.140s][info][gc,heap        ] GC(295) Survivor regions: 1->1(42)
[117.140s][info][gc,heap        ] GC(295) Old regions: 28->28
[117.140s][info][gc,heap        ] GC(295) Archive regions: 0->0
[117.140s][info][gc,heap        ] GC(295) Humongous regions: 0->0
[117.140s][info][gc,metaspace   ] GC(295) Metaspace: 14283K(15168K)->14283K(15168K) NonClass: 12322K(12864K)->12322K(12864K) Class: 1961K(2304K)->1961K(2304K)
[117.140s][info][gc             ] GC(295) Pause Young (Normal) (G1 Evacuation Pause) 673M->9M(1112M) 3.121ms
[117.140s][info][gc,cpu         ] GC(295) User=0.00s Sys=0.00s Real=0.00s
[117.391s][info][gc,start       ] GC(296) Pause Full (System.gc())
[117.391s][info][gc,task        ] GC(296) Using 29 workers of 33 for full compaction
[117.392s][info][gc,phases,start] GC(296) Phase 1: Mark live objects
[117.403s][info][gc,phases      ] GC(296) Phase 1: Mark live objects 10.908ms
[117.403s][info][gc,phases,start] GC(296) Phase 2: Prepare compaction
[117.406s][info][gc,phases      ] GC(296) Phase 2: Prepare compaction 2.124ms
[117.406s][info][gc,phases,start] GC(296) Phase 3: Adjust pointers
[117.409s][info][gc,phases      ] GC(296) Phase 3: Adjust pointers 3.491ms
[117.409s][info][gc,phases,start] GC(296) Phase 4: Compact heap
[117.410s][info][gc,phases      ] GC(296) Phase 4: Compact heap 0.855ms
[117.420s][info][gc,heap        ] GC(296) Eden regions: 159->0(50)
[117.420s][info][gc,heap        ] GC(296) Survivor regions: 1->0(42)
[117.420s][info][gc,heap        ] GC(296) Old regions: 28->25
[117.420s][info][gc,heap        ] GC(296) Archive regions: 0->0
[117.420s][info][gc,heap        ] GC(296) Humongous regions: 0->0
[117.420s][info][gc,metaspace   ] GC(296) Metaspace: 14283K(15168K)->14283K(15168K) NonClass: 12322K(12864K)->12322K(12864K) Class: 1961K(2304K)->1961K(2304K)
[117.420s][info][gc             ] GC(296) Pause Full (System.gc()) 325M->5M(168M) 28.902ms
[117.420s][info][gc,cpu         ] GC(296) User=0.03s Sys=0.42s Real=0.02s
[117.491s][info][gc,start       ] GC(297) Pause Young (Normal) (G1 Evacuation Pause)
[117.491s][info][gc,task        ] GC(297) Using 33 workers of 33 for evacuation
[117.494s][info][gc,phases      ] GC(297)   Pre Evacuate Collection Set: 0.1ms
[117.494s][info][gc,phases      ] GC(297)   Merge Heap Roots: 0.1ms
[117.494s][info][gc,phases      ] GC(297)   Evacuate Collection Set: 0.4ms
[117.494s][info][gc,phases      ] GC(297)   Post Evacuate Collection Set: 1.4ms
[117.494s][info][gc,phases      ] GC(297)   Other: 0.1ms
[117.494s][info][gc,heap        ] GC(297) Eden regions: 50->0(49)
[117.494s][info][gc,heap        ] GC(297) Survivor regions: 0->1(7)
[117.494s][info][gc,heap        ] GC(297) Old regions: 25->25
[117.494s][info][gc,heap        ] GC(297) Archive regions: 0->0
[117.494s][info][gc,heap        ] GC(297) Humongous regions: 0->0
[117.494s][info][gc,metaspace   ] GC(297) Metaspace: 14283K(15168K)->14283K(15168K) NonClass: 12322K(12864K)->12322K(12864K) Class: 1961K(2304K)->1961K(2304K)
[117.494s][info][gc             ] GC(297) Pause Young (Normal) (G1 Evacuation Pause) 105M->6M(168M) 2.373ms
[117.494s][info][gc,cpu         ] GC(297) User=0.00s Sys=0.00s Real=0.00s
[117.564s][info][gc,start       ] GC(298) Pause Young (Normal) (G1 Evacuation Pause)
[117.564s][info][gc,task        ] GC(298) Using 33 workers of 33 for evacuation
[117.566s][info][gc,phases      ] GC(298)   Pre Evacuate Collection Set: 0.1ms
[117.566s][info][gc,phases      ] GC(298)   Merge Heap Roots: 0.1ms
[117.566s][info][gc,phases      ] GC(298)   Evacuate Collection Set: 0.5ms
[117.566s][info][gc,phases      ] GC(298)   Post Evacuate Collection Set: 1.5ms
[117.566s][info][gc,phases      ] GC(298)   Other: 0.1ms
[117.566s][info][gc,heap        ] GC(298) Eden regions: 49->0(49)
[117.566s][info][gc,heap        ] GC(298) Survivor regions: 1->1(7)
[117.566s][info][gc,heap        ] GC(298) Old regions: 25->25
[117.566s][info][gc,heap        ] GC(298) Archive regions: 0->0
[117.566s][info][gc,heap        ] GC(298) Humongous regions: 0->0
[117.566s][info][gc,metaspace   ] GC(298) Metaspace: 14283K(15168K)->14283K(15168K) NonClass: 12322K(12864K)->12322K(12864K) Class: 1961K(2304K)->1961K(2304K)
[117.566s][info][gc             ] GC(298) Pause Young (Normal) (G1 Evacuation Pause) 104M->6M(168M) 2.479ms
[117.566s][info][gc,cpu         ] GC(298) User=0.02s Sys=0.00s Real=0.00s
[117.629s][info][gc,start       ] GC(299) Pause Young (Normal) (G1 Evacuation Pause)
[117.630s][info][gc,task        ] GC(299) Using 33 workers of 33 for evacuation
[117.632s][info][gc,phases      ] GC(299)   Pre Evacuate Collection Set: 0.1ms
[117.632s][info][gc,phases      ] GC(299)   Merge Heap Roots: 0.1ms
[117.632s][info][gc,phases      ] GC(299)   Evacuate Collection Set: 0.4ms
[117.632s][info][gc,phases      ] GC(299)   Post Evacuate Collection Set: 1.4ms
[117.632s][info][gc,phases      ] GC(299)   Other: 0.1ms
[117.632s][info][gc,heap        ] GC(299) Eden regions: 49->0(49)
[117.632s][info][gc,heap        ] GC(299) Survivor regions: 1->1(7)
[117.632s][info][gc,heap        ] GC(299) Old regions: 25->25
[117.632s][info][gc,heap        ] GC(299) Archive regions: 0->0
[117.632s][info][gc,heap        ] GC(299) Humongous regions: 0->0
[117.632s][info][gc,metaspace   ] GC(299) Metaspace: 14283K(15168K)->14283K(15168K) NonClass: 12322K(12864K)->12322K(12864K) Class: 1961K(2304K)->1961K(2304K)
[117.632s][info][gc             ] GC(299) Pause Young (Normal) (G1 Evacuation Pause) 104M->6M(168M) 2.402ms
[117.632s][info][gc,cpu         ] GC(299) User=0.00s Sys=0.00s Real=0.00s
[117.698s][info][gc,start       ] GC(300) Pause Young (Normal) (G1 Evacuation Pause)
[117.698s][info][gc,task        ] GC(300) Using 33 workers of 33 for evacuation
[117.703s][info][gc,phases      ] GC(300)   Pre Evacuate Collection Set: 0.1ms
[117.703s][info][gc,phases      ] GC(300)   Merge Heap Roots: 0.1ms
[117.703s][info][gc,phases      ] GC(300)   Evacuate Collection Set: 0.4ms
[117.703s][info][gc,phases      ] GC(300)   Post Evacuate Collection Set: 4.5ms
[117.704s][info][gc,phases      ] GC(300)   Other: 0.1ms
[117.704s][info][gc,heap        ] GC(300) Eden regions: 49->0(331)
[117.704s][info][gc,heap        ] GC(300) Survivor regions: 1->1(7)
[117.704s][info][gc,heap        ] GC(300) Old regions: 25->25
[117.704s][info][gc,heap        ] GC(300) Archive regions: 0->0
[117.704s][info][gc,heap        ] GC(300) Humongous regions: 0->0
[117.704s][info][gc,metaspace   ] GC(300) Metaspace: 14283K(15168K)->14283K(15168K) NonClass: 12322K(12864K)->12322K(12864K) Class: 1961K(2304K)->1961K(2304K)
[117.704s][info][gc             ] GC(300) Pause Young (Normal) (G1 Evacuation Pause) 104M->6M(1108M) 5.472ms
[117.704s][info][gc,cpu         ] GC(300) User=0.00s Sys=0.00s Real=0.00s
[118.155s][info][gc,start       ] GC(301) Pause Young (Normal) (G1 Evacuation Pause)
[118.156s][info][gc,task        ] GC(301) Using 33 workers of 33 for evacuation
[118.160s][info][gc,phases      ] GC(301)   Pre Evacuate Collection Set: 0.1ms
[118.160s][info][gc,phases      ] GC(301)   Merge Heap Roots: 0.1ms
[118.160s][info][gc,phases      ] GC(301)   Evacuate Collection Set: 1.8ms
[118.160s][info][gc,phases      ] GC(301)   Post Evacuate Collection Set: 2.0ms
[118.160s][info][gc,phases      ] GC(301)   Other: 0.1ms
[118.160s][info][gc,heap        ] GC(301) Eden regions: 331->0(331)
[118.160s][info][gc,heap        ] GC(301) Survivor regions: 1->1(42)
[118.160s][info][gc,heap        ] GC(301) Old regions: 25->25
[118.160s][info][gc,heap        ] GC(301) Archive regions: 0->0
[118.160s][info][gc,heap        ] GC(301) Humongous regions: 0->0
[118.160s][info][gc,metaspace   ] GC(301) Metaspace: 14283K(15168K)->14283K(15168K) NonClass: 12322K(12864K)->12322K(12864K) Class: 1961K(2304K)->1961K(2304K)
[118.160s][info][gc             ] GC(301) Pause Young (Normal) (G1 Evacuation Pause) 668M->6M(1108M) 4.464ms
[118.160s][info][gc,cpu         ] GC(301) User=0.52s Sys=0.00s Real=0.00s
[118.582s][info][gc,start       ] GC(302) Pause Young (Normal) (G1 Evacuation Pause)
[118.582s][info][gc,task        ] GC(302) Using 33 workers of 33 for evacuation
[118.587s][info][gc,phases      ] GC(302)   Pre Evacuate Collection Set: 0.1ms
[118.587s][info][gc,phases      ] GC(302)   Merge Heap Roots: 0.1ms
[118.587s][info][gc,phases      ] GC(302)   Evacuate Collection Set: 1.9ms
[118.587s][info][gc,phases      ] GC(302)   Post Evacuate Collection Set: 2.1ms
[118.587s][info][gc,phases      ] GC(302)   Other: 0.1ms
[118.587s][info][gc,heap        ] GC(302) Eden regions: 331->0(331)
[118.587s][info][gc,heap        ] GC(302) Survivor regions: 1->1(42)
[118.587s][info][gc,heap        ] GC(302) Old regions: 25->25
[118.587s][info][gc,heap        ] GC(302) Archive regions: 0->0
[118.587s][info][gc,heap        ] GC(302) Humongous regions: 0->0
[118.587s][info][gc,metaspace   ] GC(302) Metaspace: 14283K(15168K)->14283K(15168K) NonClass: 12322K(12864K)->12322K(12864K) Class: 1961K(2304K)->1961K(2304K)
[118.587s][info][gc             ] GC(302) Pause Young (Normal) (G1 Evacuation Pause) 668M->6M(1108M) 4.657ms
[118.587s][info][gc,cpu         ] GC(302) User=0.00s Sys=0.00s Real=0.00s
[118.999s][info][gc,start       ] GC(303) Pause Young (Normal) (G1 Evacuation Pause)
[118.999s][info][gc,task        ] GC(303) Using 33 workers of 33 for evacuation
[119.002s][info][gc,phases      ] GC(303)   Pre Evacuate Collection Set: 0.2ms
[119.002s][info][gc,phases      ] GC(303)   Merge Heap Roots: 0.2ms
[119.002s][info][gc,phases      ] GC(303)   Evacuate Collection Set: 0.5ms
[119.002s][info][gc,phases      ] GC(303)   Post Evacuate Collection Set: 2.1ms
[119.002s][info][gc,phases      ] GC(303)   Other: 0.1ms
[119.002s][info][gc,heap        ] GC(303) Eden regions: 331->0(331)
[119.002s][info][gc,heap        ] GC(303) Survivor regions: 1->1(42)
[119.002s][info][gc,heap        ] GC(303) Old regions: 25->25
[119.002s][info][gc,heap        ] GC(303) Archive regions: 0->0
[119.002s][info][gc,heap        ] GC(303) Humongous regions: 0->0
[119.002s][info][gc,metaspace   ] GC(303) Metaspace: 14283K(15168K)->14283K(15168K) NonClass: 12322K(12864K)->12322K(12864K) Class: 1961K(2304K)->1961K(2304K)
[119.002s][info][gc             ] GC(303) Pause Young (Normal) (G1 Evacuation Pause) 668M->6M(1108M) 3.303ms
[119.002s][info][gc,cpu         ] GC(303) User=0.00s Sys=0.00s Real=0.00s
[119.418s][info][gc,start       ] GC(304) Pause Young (Normal) (G1 Evacuation Pause)
[119.418s][info][gc,task        ] GC(304) Using 33 workers of 33 for evacuation
[119.421s][info][gc,phases      ] GC(304)   Pre Evacuate Collection Set: 0.2ms
[119.421s][info][gc,phases      ] GC(304)   Merge Heap Roots: 0.2ms
[119.421s][info][gc,phases      ] GC(304)   Evacuate Collection Set: 0.6ms
[119.421s][info][gc,phases      ] GC(304)   Post Evacuate Collection Set: 2.2ms
[119.421s][info][gc,phases      ] GC(304)   Other: 0.1ms
[119.421s][info][gc,heap        ] GC(304) Eden regions: 331->0(331)
[119.421s][info][gc,heap        ] GC(304) Survivor regions: 1->1(42)
[119.421s][info][gc,heap        ] GC(304) Old regions: 25->25
[119.421s][info][gc,heap        ] GC(304) Archive regions: 0->0
[119.421s][info][gc,heap        ] GC(304) Humongous regions: 0->0
[119.421s][info][gc,metaspace   ] GC(304) Metaspace: 14283K(15168K)->14283K(15168K) NonClass: 12322K(12864K)->12322K(12864K) Class: 1961K(2304K)->1961K(2304K)
[119.421s][info][gc             ] GC(304) Pause Young (Normal) (G1 Evacuation Pause) 668M->7M(1108M) 3.469ms
[119.421s][info][gc,cpu         ] GC(304) User=0.00s Sys=0.00s Real=0.00s
[119.842s][info][gc,start       ] GC(305) Pause Young (Normal) (G1 Evacuation Pause)
[119.842s][info][gc,task        ] GC(305) Using 33 workers of 33 for evacuation
[119.845s][info][gc,phases      ] GC(305)   Pre Evacuate Collection Set: 0.2ms
[119.845s][info][gc,phases      ] GC(305)   Merge Heap Roots: 0.1ms
[119.845s][info][gc,phases      ] GC(305)   Evacuate Collection Set: 0.5ms
[119.845s][info][gc,phases      ] GC(305)   Post Evacuate Collection Set: 2.3ms
[119.845s][info][gc,phases      ] GC(305)   Other: 0.1ms
[119.845s][info][gc,heap        ] GC(305) Eden regions: 331->0(331)
[119.845s][info][gc,heap        ] GC(305) Survivor regions: 1->1(42)
[119.845s][info][gc,heap        ] GC(305) Old regions: 25->25
[119.845s][info][gc,heap        ] GC(305) Archive regions: 0->0
[119.845s][info][gc,heap        ] GC(305) Humongous regions: 0->0
[119.845s][info][gc,metaspace   ] GC(305) Metaspace: 14283K(15168K)->14283K(15168K) NonClass: 12322K(12864K)->12322K(12864K) Class: 1961K(2304K)->1961K(2304K)
[119.845s][info][gc             ] GC(305) Pause Young (Normal) (G1 Evacuation Pause) 669M->7M(1108M) 3.425ms
[119.845s][info][gc,cpu         ] GC(305) User=0.00s Sys=0.00s Real=0.00s
[120.263s][info][gc,start       ] GC(306) Pause Young (Normal) (G1 Evacuation Pause)
[120.263s][info][gc,task        ] GC(306) Using 33 workers of 33 for evacuation
[120.266s][info][gc,phases      ] GC(306)   Pre Evacuate Collection Set: 0.2ms
[120.266s][info][gc,phases      ] GC(306)   Merge Heap Roots: 0.2ms
[120.266s][info][gc,phases      ] GC(306)   Evacuate Collection Set: 0.7ms
[120.266s][info][gc,phases      ] GC(306)   Post Evacuate Collection Set: 2.3ms
[120.266s][info][gc,phases      ] GC(306)   Other: 0.1ms
[120.266s][info][gc,heap        ] GC(306) Eden regions: 331->0(331)
[120.266s][info][gc,heap        ] GC(306) Survivor regions: 1->1(42)
[120.266s][info][gc,heap        ] GC(306) Old regions: 25->25
[120.266s][info][gc,heap        ] GC(306) Archive regions: 0->0
[120.266s][info][gc,heap        ] GC(306) Humongous regions: 0->0
[120.266s][info][gc,metaspace   ] GC(306) Metaspace: 14283K(15168K)->14283K(15168K) NonClass: 12322K(12864K)->12322K(12864K) Class: 1961K(2304K)->1961K(2304K)
[120.266s][info][gc             ] GC(306) Pause Young (Normal) (G1 Evacuation Pause) 669M->7M(1108M) 3.689ms
[120.266s][info][gc,cpu         ] GC(306) User=0.00s Sys=0.00s Real=0.00s
[120.690s][info][gc,start       ] GC(307) Pause Young (Normal) (G1 Evacuation Pause)
[120.690s][info][gc,task        ] GC(307) Using 33 workers of 33 for evacuation
[120.693s][info][gc,phases      ] GC(307)   Pre Evacuate Collection Set: 0.1ms
[120.693s][info][gc,phases      ] GC(307)   Merge Heap Roots: 0.1ms
[120.693s][info][gc,phases      ] GC(307)   Evacuate Collection Set: 0.6ms
[120.693s][info][gc,phases      ] GC(307)   Post Evacuate Collection Set: 2.3ms
[120.693s][info][gc,phases      ] GC(307)   Other: 0.1ms
[120.693s][info][gc,heap        ] GC(307) Eden regions: 331->0(331)
[120.693s][info][gc,heap        ] GC(307) Survivor regions: 1->1(42)
[120.693s][info][gc,heap        ] GC(307) Old regions: 25->25
[120.693s][info][gc,heap        ] GC(307) Archive regions: 0->0
[120.693s][info][gc,heap        ] GC(307) Humongous regions: 0->0
[120.693s][info][gc,metaspace   ] GC(307) Metaspace: 14283K(15168K)->14283K(15168K) NonClass: 12322K(12864K)->12322K(12864K) Class: 1961K(2304K)->1961K(2304K)
[120.693s][info][gc             ] GC(307) Pause Young (Normal) (G1 Evacuation Pause) 669M->7M(1108M) 3.540ms
[120.693s][info][gc,cpu         ] GC(307) User=0.33s Sys=0.02s Real=0.00s
[121.110s][info][gc,start       ] GC(308) Pause Young (Normal) (G1 Evacuation Pause)
[121.110s][info][gc,task        ] GC(308) Using 33 workers of 33 for evacuation
[121.114s][info][gc,phases      ] GC(308)   Pre Evacuate Collection Set: 0.1ms
[121.114s][info][gc,phases      ] GC(308)   Merge Heap Roots: 0.2ms
[121.114s][info][gc,phases      ] GC(308)   Evacuate Collection Set: 0.8ms
[121.114s][info][gc,phases      ] GC(308)   Post Evacuate Collection Set: 2.3ms
[121.114s][info][gc,phases      ] GC(308)   Other: 0.1ms
[121.114s][info][gc,heap        ] GC(308) Eden regions: 331->0(330)
[121.114s][info][gc,heap        ] GC(308) Survivor regions: 1->2(42)
[121.114s][info][gc,heap        ] GC(308) Old regions: 25->25
[121.114s][info][gc,heap        ] GC(308) Archive regions: 0->0
[121.114s][info][gc,heap        ] GC(308) Humongous regions: 0->0
[121.114s][info][gc,metaspace   ] GC(308) Metaspace: 14283K(15168K)->14283K(15168K) NonClass: 12322K(12864K)->12322K(12864K) Class: 1961K(2304K)->1961K(2304K)
[121.114s][info][gc             ] GC(308) Pause Young (Normal) (G1 Evacuation Pause) 669M->7M(1108M) 3.671ms
[121.114s][info][gc,cpu         ] GC(308) User=0.52s Sys=0.00s Real=0.00s
[121.538s][info][gc,start       ] GC(309) Pause Young (Normal) (G1 Evacuation Pause)
[121.538s][info][gc,task        ] GC(309) Using 33 workers of 33 for evacuation
[121.542s][info][gc,phases      ] GC(309)   Pre Evacuate Collection Set: 0.1ms
[121.542s][info][gc,phases      ] GC(309)   Merge Heap Roots: 0.1ms
[121.542s][info][gc,phases      ] GC(309)   Evacuate Collection Set: 1.0ms
[121.542s][info][gc,phases      ] GC(309)   Post Evacuate Collection Set: 2.0ms
[121.542s][info][gc,phases      ] GC(309)   Other: 0.1ms
[121.542s][info][gc,heap        ] GC(309) Eden regions: 330->0(330)
[121.542s][info][gc,heap        ] GC(309) Survivor regions: 2->2(42)
[121.542s][info][gc,heap        ] GC(309) Old regions: 25->25
[121.542s][info][gc,heap        ] GC(309) Archive regions: 0->0
[121.542s][info][gc,heap        ] GC(309) Humongous regions: 0->0
[121.542s][info][gc,metaspace   ] GC(309) Metaspace: 14283K(15168K)->14283K(15168K) NonClass: 12322K(12864K)->12322K(12864K) Class: 1961K(2304K)->1961K(2304K)
[121.542s][info][gc             ] GC(309) Pause Young (Normal) (G1 Evacuation Pause) 667M->7M(1108M) 3.620ms
[121.542s][info][gc,cpu         ] GC(309) User=0.00s Sys=0.00s Real=0.00s
[121.973s][info][gc,start       ] GC(310) Pause Young (Normal) (G1 Evacuation Pause)
[121.974s][info][gc,task        ] GC(310) Using 33 workers of 33 for evacuation
[121.977s][info][gc,phases      ] GC(310)   Pre Evacuate Collection Set: 0.1ms
[121.977s][info][gc,phases      ] GC(310)   Merge Heap Roots: 0.1ms
[121.977s][info][gc,phases      ] GC(310)   Evacuate Collection Set: 0.8ms
[121.977s][info][gc,phases      ] GC(310)   Post Evacuate Collection Set: 1.9ms
[121.977s][info][gc,phases      ] GC(310)   Other: 0.1ms
[121.977s][info][gc,heap        ] GC(310) Eden regions: 330->0(330)
[121.977s][info][gc,heap        ] GC(310) Survivor regions: 2->2(42)
[121.977s][info][gc,heap        ] GC(310) Old regions: 25->25
[121.977s][info][gc,heap        ] GC(310) Archive regions: 0->0
[121.977s][info][gc,heap        ] GC(310) Humongous regions: 0->0
[121.977s][info][gc,metaspace   ] GC(310) Metaspace: 14283K(15168K)->14283K(15168K) NonClass: 12322K(12864K)->12322K(12864K) Class: 1961K(2304K)->1961K(2304K)
[121.977s][info][gc             ] GC(310) Pause Young (Normal) (G1 Evacuation Pause) 667M->7M(1108M) 3.334ms
[121.977s][info][gc,cpu         ] GC(310) User=0.00s Sys=0.00s Real=0.00s
[122.396s][info][gc,start       ] GC(311) Pause Young (Normal) (G1 Evacuation Pause)
[122.396s][info][gc,task        ] GC(311) Using 33 workers of 33 for evacuation
[122.399s][info][gc,phases      ] GC(311)   Pre Evacuate Collection Set: 0.2ms
[122.399s][info][gc,phases      ] GC(311)   Merge Heap Roots: 0.1ms
[122.399s][info][gc,phases      ] GC(311)   Evacuate Collection Set: 0.6ms
[122.399s][info][gc,phases      ] GC(311)   Post Evacuate Collection Set: 2.0ms
[122.399s][info][gc,phases      ] GC(311)   Other: 0.1ms
[122.399s][info][gc,heap        ] GC(311) Eden regions: 330->0(330)
[122.399s][info][gc,heap        ] GC(311) Survivor regions: 2->2(42)
[122.399s][info][gc,heap        ] GC(311) Old regions: 25->25
[122.399s][info][gc,heap        ] GC(311) Archive regions: 0->0
[122.399s][info][gc,heap        ] GC(311) Humongous regions: 0->0
[122.399s][info][gc,metaspace   ] GC(311) Metaspace: 14283K(15168K)->14283K(15168K) NonClass: 12322K(12864K)->12322K(12864K) Class: 1961K(2304K)->1961K(2304K)
[122.399s][info][gc             ] GC(311) Pause Young (Normal) (G1 Evacuation Pause) 667M->7M(1108M) 3.216ms
[122.399s][info][gc,cpu         ] GC(311) User=0.00s Sys=0.00s Real=0.00s
[122.818s][info][gc,start       ] GC(312) Pause Young (Normal) (G1 Evacuation Pause)
[122.818s][info][gc,task        ] GC(312) Using 33 workers of 33 for evacuation
[122.821s][info][gc,phases      ] GC(312)   Pre Evacuate Collection Set: 0.1ms
[122.821s][info][gc,phases      ] GC(312)   Merge Heap Roots: 0.1ms
[122.821s][info][gc,phases      ] GC(312)   Evacuate Collection Set: 0.6ms
[122.821s][info][gc,phases      ] GC(312)   Post Evacuate Collection Set: 2.1ms
[122.821s][info][gc,phases      ] GC(312)   Other: 0.1ms
[122.821s][info][gc,heap        ] GC(312) Eden regions: 330->0(331)
[122.821s][info][gc,heap        ] GC(312) Survivor regions: 2->1(42)
[122.821s][info][gc,heap        ] GC(312) Old regions: 25->26
[122.821s][info][gc,heap        ] GC(312) Archive regions: 0->0
[122.821s][info][gc,heap        ] GC(312) Humongous regions: 0->0
[122.821s][info][gc,metaspace   ] GC(312) Metaspace: 14283K(15168K)->14283K(15168K) NonClass: 12322K(12864K)->12322K(12864K) Class: 1961K(2304K)->1961K(2304K)
[122.821s][info][gc             ] GC(312) Pause Young (Normal) (G1 Evacuation Pause) 667M->7M(1108M) 3.230ms
[122.822s][info][gc,cpu         ] GC(312) User=0.00s Sys=0.00s Real=0.00s
[123.244s][info][gc,start       ] GC(313) Pause Young (Normal) (G1 Evacuation Pause)
[123.244s][info][gc,task        ] GC(313) Using 33 workers of 33 for evacuation
[123.247s][info][gc,phases      ] GC(313)   Pre Evacuate Collection Set: 0.2ms
[123.247s][info][gc,phases      ] GC(313)   Merge Heap Roots: 0.2ms
[123.247s][info][gc,phases      ] GC(313)   Evacuate Collection Set: 0.4ms
[123.247s][info][gc,phases      ] GC(313)   Post Evacuate Collection Set: 2.1ms
[123.247s][info][gc,phases      ] GC(313)   Other: 0.1ms
[123.247s][info][gc,heap        ] GC(313) Eden regions: 331->0(331)
[123.247s][info][gc,heap        ] GC(313) Survivor regions: 1->1(42)
[123.247s][info][gc,heap        ] GC(313) Old regions: 26->26
[123.247s][info][gc,heap        ] GC(313) Archive regions: 0->0
[123.247s][info][gc,heap        ] GC(313) Humongous regions: 0->0
[123.247s][info][gc,metaspace   ] GC(313) Metaspace: 14283K(15168K)->14283K(15168K) NonClass: 12322K(12864K)->12322K(12864K) Class: 1961K(2304K)->1961K(2304K)
[123.247s][info][gc             ] GC(313) Pause Young (Normal) (G1 Evacuation Pause) 669M->7M(1108M) 3.139ms
[123.247s][info][gc,cpu         ] GC(313) User=0.00s Sys=0.00s Real=0.00s
[123.669s][info][gc,start       ] GC(314) Pause Young (Normal) (G1 Evacuation Pause)
[123.669s][info][gc,task        ] GC(314) Using 33 workers of 33 for evacuation
[123.672s][info][gc,phases      ] GC(314)   Pre Evacuate Collection Set: 0.2ms
[123.672s][info][gc,phases      ] GC(314)   Merge Heap Roots: 0.2ms
[123.672s][info][gc,phases      ] GC(314)   Evacuate Collection Set: 0.4ms
[123.672s][info][gc,phases      ] GC(314)   Post Evacuate Collection Set: 2.2ms
[123.672s][info][gc,phases      ] GC(314)   Other: 0.1ms
[123.672s][info][gc,heap        ] GC(314) Eden regions: 331->0(331)
[123.672s][info][gc,heap        ] GC(314) Survivor regions: 1->1(42)
[123.672s][info][gc,heap        ] GC(314) Old regions: 26->26
[123.672s][info][gc,heap        ] GC(314) Archive regions: 0->0
[123.672s][info][gc,heap        ] GC(314) Humongous regions: 0->0
[123.672s][info][gc,metaspace   ] GC(314) Metaspace: 14283K(15168K)->14283K(15168K) NonClass: 12322K(12864K)->12322K(12864K) Class: 1961K(2304K)->1961K(2304K)
[123.672s][info][gc             ] GC(314) Pause Young (Normal) (G1 Evacuation Pause) 669M->7M(1108M) 3.264ms
[123.672s][info][gc,cpu         ] GC(314) User=0.00s Sys=0.00s Real=0.00s
[124.094s][info][gc,start       ] GC(315) Pause Young (Normal) (G1 Evacuation Pause)
[124.094s][info][gc,task        ] GC(315) Using 33 workers of 33 for evacuation
[124.097s][info][gc,phases      ] GC(315)   Pre Evacuate Collection Set: 0.2ms
[124.097s][info][gc,phases      ] GC(315)   Merge Heap Roots: 0.2ms
[124.097s][info][gc,phases      ] GC(315)   Evacuate Collection Set: 0.4ms
[124.097s][info][gc,phases      ] GC(315)   Post Evacuate Collection Set: 2.2ms
[124.097s][info][gc,phases      ] GC(315)   Other: 0.1ms
[124.097s][info][gc,heap        ] GC(315) Eden regions: 331->0(331)
[124.097s][info][gc,heap        ] GC(315) Survivor regions: 1->1(42)
[124.097s][info][gc,heap        ] GC(315) Old regions: 26->26
[124.097s][info][gc,heap        ] GC(315) Archive regions: 0->0
[124.097s][info][gc,heap        ] GC(315) Humongous regions: 0->0
[124.097s][info][gc,metaspace   ] GC(315) Metaspace: 14283K(15168K)->14283K(15168K) NonClass: 12322K(12864K)->12322K(12864K) Class: 1961K(2304K)->1961K(2304K)
[124.097s][info][gc             ] GC(315) Pause Young (Normal) (G1 Evacuation Pause) 669M->7M(1108M) 3.316ms
[124.097s][info][gc,cpu         ] GC(315) User=0.00s Sys=0.02s Real=0.00s
[124.521s][info][gc,start       ] GC(316) Pause Young (Normal) (G1 Evacuation Pause)
[124.521s][info][gc,task        ] GC(316) Using 33 workers of 33 for evacuation
[124.524s][info][gc,phases      ] GC(316)   Pre Evacuate Collection Set: 0.2ms
[124.524s][info][gc,phases      ] GC(316)   Merge Heap Roots: 0.2ms
[124.524s][info][gc,phases      ] GC(316)   Evacuate Collection Set: 0.4ms
[124.524s][info][gc,phases      ] GC(316)   Post Evacuate Collection Set: 2.3ms
[124.524s][info][gc,phases      ] GC(316)   Other: 0.1ms
[124.524s][info][gc,heap        ] GC(316) Eden regions: 331->0(331)
[124.524s][info][gc,heap        ] GC(316) Survivor regions: 1->1(42)
[124.524s][info][gc,heap        ] GC(316) Old regions: 26->26
[124.524s][info][gc,heap        ] GC(316) Archive regions: 0->0
[124.524s][info][gc,heap        ] GC(316) Humongous regions: 0->0
[124.524s][info][gc,metaspace   ] GC(316) Metaspace: 14283K(15168K)->14283K(15168K) NonClass: 12322K(12864K)->12322K(12864K) Class: 1961K(2304K)->1961K(2304K)
[124.524s][info][gc             ] GC(316) Pause Young (Normal) (G1 Evacuation Pause) 669M->7M(1108M) 3.332ms
[124.524s][info][gc,cpu         ] GC(316) User=0.00s Sys=0.00s Real=0.00s
[124.945s][info][gc,start       ] GC(317) Pause Young (Normal) (G1 Evacuation Pause)
[124.945s][info][gc,task        ] GC(317) Using 33 workers of 33 for evacuation
[124.949s][info][gc,phases      ] GC(317)   Pre Evacuate Collection Set: 0.1ms
[124.949s][info][gc,phases      ] GC(317)   Merge Heap Roots: 0.2ms
[124.949s][info][gc,phases      ] GC(317)   Evacuate Collection Set: 0.4ms
[124.949s][info][gc,phases      ] GC(317)   Post Evacuate Collection Set: 2.3ms
[124.949s][info][gc,phases      ] GC(317)   Other: 0.1ms
[124.949s][info][gc,heap        ] GC(317) Eden regions: 331->0(331)
[124.949s][info][gc,heap        ] GC(317) Survivor regions: 1->1(42)
[124.949s][info][gc,heap        ] GC(317) Old regions: 26->26
[124.949s][info][gc,heap        ] GC(317) Archive regions: 0->0
[124.949s][info][gc,heap        ] GC(317) Humongous regions: 0->0
[124.949s][info][gc,metaspace   ] GC(317) Metaspace: 14283K(15168K)->14283K(15168K) NonClass: 12322K(12864K)->12322K(12864K) Class: 1961K(2304K)->1961K(2304K)
[124.949s][info][gc             ] GC(317) Pause Young (Normal) (G1 Evacuation Pause) 669M->7M(1108M) 3.432ms
[124.949s][info][gc,cpu         ] GC(317) User=0.00s Sys=0.00s Real=0.00s
[125.374s][info][gc,start       ] GC(318) Pause Young (Normal) (G1 Evacuation Pause)
[125.374s][info][gc,task        ] GC(318) Using 33 workers of 33 for evacuation
[125.377s][info][gc,phases      ] GC(318)   Pre Evacuate Collection Set: 0.2ms
[125.377s][info][gc,phases      ] GC(318)   Merge Heap Roots: 0.2ms
[125.377s][info][gc,phases      ] GC(318)   Evacuate Collection Set: 0.4ms
[125.377s][info][gc,phases      ] GC(318)   Post Evacuate Collection Set: 2.4ms
[125.377s][info][gc,phases      ] GC(318)   Other: 0.1ms
[125.377s][info][gc,heap        ] GC(318) Eden regions: 331->0(331)
[125.377s][info][gc,heap        ] GC(318) Survivor regions: 1->1(42)
[125.377s][info][gc,heap        ] GC(318) Old regions: 26->26
[125.377s][info][gc,heap        ] GC(318) Archive regions: 0->0
[125.377s][info][gc,heap        ] GC(318) Humongous regions: 0->0
[125.377s][info][gc,metaspace   ] GC(318) Metaspace: 14283K(15168K)->14283K(15168K) NonClass: 12322K(12864K)->12322K(12864K) Class: 1961K(2304K)->1961K(2304K)
[125.377s][info][gc             ] GC(318) Pause Young (Normal) (G1 Evacuation Pause) 669M->8M(1108M) 3.502ms
[125.377s][info][gc,cpu         ] GC(318) User=0.00s Sys=0.00s Real=0.00s
[125.929s][info][gc,start       ] GC(319) Pause Young (Normal) (G1 Evacuation Pause)
[125.929s][info][gc,task        ] GC(319) Using 33 workers of 33 for evacuation
[125.934s][info][gc,phases      ] GC(319)   Pre Evacuate Collection Set: 0.2ms
[125.934s][info][gc,phases      ] GC(319)   Merge Heap Roots: 0.3ms
[125.934s][info][gc,phases      ] GC(319)   Evacuate Collection Set: 0.7ms
[125.934s][info][gc,phases      ] GC(319)   Post Evacuate Collection Set: 3.1ms
[125.934s][info][gc,phases      ] GC(319)   Other: 0.2ms
[125.934s][info][gc,heap        ] GC(319) Eden regions: 331->0(331)
[125.934s][info][gc,heap        ] GC(319) Survivor regions: 1->1(42)
[125.934s][info][gc,heap        ] GC(319) Old regions: 26->26
[125.934s][info][gc,heap        ] GC(319) Archive regions: 0->0
[125.934s][info][gc,heap        ] GC(319) Humongous regions: 0->0
[125.934s][info][gc,metaspace   ] GC(319) Metaspace: 14283K(15168K)->14283K(15168K) NonClass: 12322K(12864K)->12322K(12864K) Class: 1961K(2304K)->1961K(2304K)
[125.934s][info][gc             ] GC(319) Pause Young (Normal) (G1 Evacuation Pause) 670M->8M(1108M) 5.102ms
[125.934s][info][gc,cpu         ] GC(319) User=0.00s Sys=0.00s Real=0.00s
[126.361s][info][gc,start       ] GC(320) Pause Young (Normal) (G1 Evacuation Pause)
[126.362s][info][gc,task        ] GC(320) Using 33 workers of 33 for evacuation
[126.364s][info][gc,phases      ] GC(320)   Pre Evacuate Collection Set: 0.2ms
[126.364s][info][gc,phases      ] GC(320)   Merge Heap Roots: 0.2ms
[126.364s][info][gc,phases      ] GC(320)   Evacuate Collection Set: 0.4ms
[126.365s][info][gc,phases      ] GC(320)   Post Evacuate Collection Set: 2.0ms
[126.365s][info][gc,phases      ] GC(320)   Other: 0.1ms
[126.365s][info][gc,heap        ] GC(320) Eden regions: 331->0(331)
[126.365s][info][gc,heap        ] GC(320) Survivor regions: 1->1(42)
[126.365s][info][gc,heap        ] GC(320) Old regions: 26->26
[126.365s][info][gc,heap        ] GC(320) Archive regions: 0->0
[126.365s][info][gc,heap        ] GC(320) Humongous regions: 0->0
[126.365s][info][gc,metaspace   ] GC(320) Metaspace: 14283K(15168K)->14283K(15168K) NonClass: 12322K(12864K)->12322K(12864K) Class: 1961K(2304K)->1961K(2304K)
[126.365s][info][gc             ] GC(320) Pause Young (Normal) (G1 Evacuation Pause) 670M->8M(1108M) 3.172ms
[126.365s][info][gc,cpu         ] GC(320) User=0.52s Sys=0.00s Real=0.00s
[126.786s][info][gc,start       ] GC(321) Pause Young (Normal) (G1 Evacuation Pause)
[126.786s][info][gc,task        ] GC(321) Using 33 workers of 33 for evacuation
[126.789s][info][gc,phases      ] GC(321)   Pre Evacuate Collection Set: 0.1ms
[126.789s][info][gc,phases      ] GC(321)   Merge Heap Roots: 0.2ms
[126.789s][info][gc,phases      ] GC(321)   Evacuate Collection Set: 0.4ms
[126.789s][info][gc,phases      ] GC(321)   Post Evacuate Collection Set: 2.1ms
[126.789s][info][gc,phases      ] GC(321)   Other: 0.1ms
[126.789s][info][gc,heap        ] GC(321) Eden regions: 331->0(331)
[126.789s][info][gc,heap        ] GC(321) Survivor regions: 1->1(42)
[126.789s][info][gc,heap        ] GC(321) Old regions: 26->26
[126.789s][info][gc,heap        ] GC(321) Archive regions: 0->0
[126.789s][info][gc,heap        ] GC(321) Humongous regions: 0->0
[126.789s][info][gc,metaspace   ] GC(321) Metaspace: 14283K(15168K)->14283K(15168K) NonClass: 12322K(12864K)->12322K(12864K) Class: 1961K(2304K)->1961K(2304K)
[126.789s][info][gc             ] GC(321) Pause Young (Normal) (G1 Evacuation Pause) 670M->8M(1108M) 3.181ms
[126.789s][info][gc,cpu         ] GC(321) User=0.00s Sys=0.00s Real=0.00s
[127.212s][info][gc,start       ] GC(322) Pause Young (Normal) (G1 Evacuation Pause)
[127.212s][info][gc,task        ] GC(322) Using 33 workers of 33 for evacuation
[127.215s][info][gc,phases      ] GC(322)   Pre Evacuate Collection Set: 0.2ms
[127.215s][info][gc,phases      ] GC(322)   Merge Heap Roots: 0.1ms
[127.215s][info][gc,phases      ] GC(322)   Evacuate Collection Set: 0.4ms
[127.215s][info][gc,phases      ] GC(322)   Post Evacuate Collection Set: 2.0ms
[127.215s][info][gc,phases      ] GC(322)   Other: 0.1ms
[127.215s][info][gc,heap        ] GC(322) Eden regions: 331->0(331)
[127.215s][info][gc,heap        ] GC(322) Survivor regions: 1->1(42)
[127.215s][info][gc,heap        ] GC(322) Old regions: 26->27
[127.215s][info][gc,heap        ] GC(322) Archive regions: 0->0
[127.215s][info][gc,heap        ] GC(322) Humongous regions: 0->0
[127.215s][info][gc,metaspace   ] GC(322) Metaspace: 14283K(15168K)->14283K(15168K) NonClass: 12322K(12864K)->12322K(12864K) Class: 1961K(2304K)->1961K(2304K)
[127.215s][info][gc             ] GC(322) Pause Young (Normal) (G1 Evacuation Pause) 670M->8M(1108M) 3.029ms
[127.215s][info][gc,cpu         ] GC(322) User=0.00s Sys=0.00s Real=0.00s
[127.636s][info][gc,start       ] GC(323) Pause Young (Normal) (G1 Evacuation Pause)
[127.642s][info][gc,task        ] GC(323) Using 33 workers of 33 for evacuation
[127.645s][info][gc,phases      ] GC(323)   Pre Evacuate Collection Set: 0.1ms
[127.645s][info][gc,phases      ] GC(323)   Merge Heap Roots: 0.2ms
[127.645s][info][gc,phases      ] GC(323)   Evacuate Collection Set: 0.4ms
[127.645s][info][gc,phases      ] GC(323)   Post Evacuate Collection Set: 2.1ms
[127.645s][info][gc,phases      ] GC(323)   Other: 0.1ms
[127.645s][info][gc,heap        ] GC(323) Eden regions: 331->0(331)
[127.645s][info][gc,heap        ] GC(323) Survivor regions: 1->1(42)
[127.645s][info][gc,heap        ] GC(323) Old regions: 27->27
[127.645s][info][gc,heap        ] GC(323) Archive regions: 0->0
[127.645s][info][gc,heap        ] GC(323) Humongous regions: 0->0
[127.645s][info][gc,metaspace   ] GC(323) Metaspace: 14283K(15168K)->14283K(15168K) NonClass: 12322K(12864K)->12322K(12864K) Class: 1961K(2304K)->1961K(2304K)
[127.645s][info][gc             ] GC(323) Pause Young (Normal) (G1 Evacuation Pause) 670M->8M(1108M) 9.236ms
[127.645s][info][gc,cpu         ] GC(323) User=0.00s Sys=0.00s Real=0.00s
[128.063s][info][gc,start       ] GC(324) Pause Young (Normal) (G1 Evacuation Pause)
[128.064s][info][gc,task        ] GC(324) Using 33 workers of 33 for evacuation
[128.067s][info][gc,phases      ] GC(324)   Pre Evacuate Collection Set: 0.2ms
[128.067s][info][gc,phases      ] GC(324)   Merge Heap Roots: 0.2ms
[128.067s][info][gc,phases      ] GC(324)   Evacuate Collection Set: 0.4ms
[128.067s][info][gc,phases      ] GC(324)   Post Evacuate Collection Set: 2.1ms
[128.067s][info][gc,phases      ] GC(324)   Other: 0.1ms
[128.067s][info][gc,heap        ] GC(324) Eden regions: 331->0(331)
[128.067s][info][gc,heap        ] GC(324) Survivor regions: 1->1(42)
[128.067s][info][gc,heap        ] GC(324) Old regions: 27->27
[128.067s][info][gc,heap        ] GC(324) Archive regions: 0->0
[128.067s][info][gc,heap        ] GC(324) Humongous regions: 0->0
[128.067s][info][gc,metaspace   ] GC(324) Metaspace: 14283K(15168K)->14283K(15168K) NonClass: 12322K(12864K)->12322K(12864K) Class: 1961K(2304K)->1961K(2304K)
[128.067s][info][gc             ] GC(324) Pause Young (Normal) (G1 Evacuation Pause) 670M->8M(1108M) 3.218ms
[128.067s][info][gc,cpu         ] GC(324) User=0.52s Sys=0.00s Real=0.00s
[128.485s][info][gc,start       ] GC(325) Pause Young (Normal) (G1 Evacuation Pause)
[128.485s][info][gc,task        ] GC(325) Using 33 workers of 33 for evacuation
[128.488s][info][gc,phases      ] GC(325)   Pre Evacuate Collection Set: 0.2ms
[128.488s][info][gc,phases      ] GC(325)   Merge Heap Roots: 0.2ms
[128.488s][info][gc,phases      ] GC(325)   Evacuate Collection Set: 0.4ms
[128.488s][info][gc,phases      ] GC(325)   Post Evacuate Collection Set: 2.2ms
[128.488s][info][gc,phases      ] GC(325)   Other: 0.1ms
[128.488s][info][gc,heap        ] GC(325) Eden regions: 331->0(331)
[128.488s][info][gc,heap        ] GC(325) Survivor regions: 1->1(42)
[128.488s][info][gc,heap        ] GC(325) Old regions: 27->27
[128.488s][info][gc,heap        ] GC(325) Archive regions: 0->0
[128.488s][info][gc,heap        ] GC(325) Humongous regions: 0->0
[128.488s][info][gc,metaspace   ] GC(325) Metaspace: 14283K(15168K)->14283K(15168K) NonClass: 12322K(12864K)->12322K(12864K) Class: 1961K(2304K)->1961K(2304K)
[128.488s][info][gc             ] GC(325) Pause Young (Normal) (G1 Evacuation Pause) 670M->8M(1108M) 3.266ms
[128.488s][info][gc,cpu         ] GC(325) User=0.52s Sys=0.00s Real=0.00s
[128.908s][info][gc,start       ] GC(326) Pause Young (Normal) (G1 Evacuation Pause)
[128.908s][info][gc,task        ] GC(326) Using 33 workers of 33 for evacuation
[128.911s][info][gc,phases      ] GC(326)   Pre Evacuate Collection Set: 0.2ms
[128.911s][info][gc,phases      ] GC(326)   Merge Heap Roots: 0.2ms
[128.911s][info][gc,phases      ] GC(326)   Evacuate Collection Set: 0.4ms
[128.911s][info][gc,phases      ] GC(326)   Post Evacuate Collection Set: 2.2ms
[128.911s][info][gc,phases      ] GC(326)   Other: 0.1ms
[128.911s][info][gc,heap        ] GC(326) Eden regions: 331->0(331)
[128.911s][info][gc,heap        ] GC(326) Survivor regions: 1->1(42)
[128.911s][info][gc,heap        ] GC(326) Old regions: 27->27
[128.911s][info][gc,heap        ] GC(326) Archive regions: 0->0
[128.911s][info][gc,heap        ] GC(326) Humongous regions: 0->0
[128.911s][info][gc,metaspace   ] GC(326) Metaspace: 14283K(15168K)->14283K(15168K) NonClass: 12322K(12864K)->12322K(12864K) Class: 1961K(2304K)->1961K(2304K)
[128.911s][info][gc             ] GC(326) Pause Young (Normal) (G1 Evacuation Pause) 670M->8M(1108M) 3.338ms
[128.911s][info][gc,cpu         ] GC(326) User=0.52s Sys=0.00s Real=0.00s
[129.330s][info][gc,start       ] GC(327) Pause Young (Normal) (G1 Evacuation Pause)
[129.330s][info][gc,task        ] GC(327) Using 33 workers of 33 for evacuation
[129.333s][info][gc,phases      ] GC(327)   Pre Evacuate Collection Set: 0.1ms
[129.333s][info][gc,phases      ] GC(327)   Merge Heap Roots: 0.2ms
[129.333s][info][gc,phases      ] GC(327)   Evacuate Collection Set: 0.4ms
[129.333s][info][gc,phases      ] GC(327)   Post Evacuate Collection Set: 2.2ms
[129.333s][info][gc,phases      ] GC(327)   Other: 0.1ms
[129.333s][info][gc,heap        ] GC(327) Eden regions: 331->0(331)
[129.333s][info][gc,heap        ] GC(327) Survivor regions: 1->1(42)
[129.333s][info][gc,heap        ] GC(327) Old regions: 27->27
[129.333s][info][gc,heap        ] GC(327) Archive regions: 0->0
[129.333s][info][gc,heap        ] GC(327) Humongous regions: 0->0
[129.333s][info][gc,metaspace   ] GC(327) Metaspace: 14283K(15168K)->14283K(15168K) NonClass: 12322K(12864K)->12322K(12864K) Class: 1961K(2304K)->1961K(2304K)
[129.333s][info][gc             ] GC(327) Pause Young (Normal) (G1 Evacuation Pause) 670M->8M(1108M) 3.445ms
[129.333s][info][gc,cpu         ] GC(327) User=0.52s Sys=0.00s Real=0.00s
[129.752s][info][gc,start       ] GC(328) Pause Young (Normal) (G1 Evacuation Pause)
[129.752s][info][gc,task        ] GC(328) Using 33 workers of 33 for evacuation
[129.756s][info][gc,phases      ] GC(328)   Pre Evacuate Collection Set: 0.1ms
[129.756s][info][gc,phases      ] GC(328)   Merge Heap Roots: 0.2ms
[129.756s][info][gc,phases      ] GC(328)   Evacuate Collection Set: 0.4ms
[129.756s][info][gc,phases      ] GC(328)   Post Evacuate Collection Set: 2.3ms
[129.756s][info][gc,phases      ] GC(328)   Other: 0.1ms
[129.756s][info][gc,heap        ] GC(328) Eden regions: 331->0(331)
[129.756s][info][gc,heap        ] GC(328) Survivor regions: 1->1(42)
[129.756s][info][gc,heap        ] GC(328) Old regions: 27->27
[129.756s][info][gc,heap        ] GC(328) Archive regions: 0->0
[129.756s][info][gc,heap        ] GC(328) Humongous regions: 0->0
[129.756s][info][gc,metaspace   ] GC(328) Metaspace: 14283K(15168K)->14283K(15168K) NonClass: 12322K(12864K)->12322K(12864K) Class: 1961K(2304K)->1961K(2304K)
[129.756s][info][gc             ] GC(328) Pause Young (Normal) (G1 Evacuation Pause) 670M->8M(1108M) 3.421ms
[129.756s][info][gc,cpu         ] GC(328) User=0.19s Sys=0.02s Real=0.00s
[130.178s][info][gc,start       ] GC(329) Pause Young (Normal) (G1 Evacuation Pause)
[130.178s][info][gc,task        ] GC(329) Using 33 workers of 33 for evacuation
[130.181s][info][gc,phases      ] GC(329)   Pre Evacuate Collection Set: 0.1ms
[130.181s][info][gc,phases      ] GC(329)   Merge Heap Roots: 0.2ms
[130.181s][info][gc,phases      ] GC(329)   Evacuate Collection Set: 0.4ms
[130.181s][info][gc,phases      ] GC(329)   Post Evacuate Collection Set: 2.4ms
[130.181s][info][gc,phases      ] GC(329)   Other: 0.1ms
[130.181s][info][gc,heap        ] GC(329) Eden regions: 331->0(331)
[130.181s][info][gc,heap        ] GC(329) Survivor regions: 1->1(42)
[130.181s][info][gc,heap        ] GC(329) Old regions: 27->27
[130.181s][info][gc,heap        ] GC(329) Archive regions: 0->0
[130.181s][info][gc,heap        ] GC(329) Humongous regions: 0->0
[130.181s][info][gc,metaspace   ] GC(329) Metaspace: 14283K(15168K)->14283K(15168K) NonClass: 12322K(12864K)->12322K(12864K) Class: 1961K(2304K)->1961K(2304K)
[130.181s][info][gc             ] GC(329) Pause Young (Normal) (G1 Evacuation Pause) 670M->8M(1108M) 3.427ms
[130.181s][info][gc,cpu         ] GC(329) User=0.00s Sys=0.00s Real=0.00s
[130.606s][info][gc,start       ] GC(330) Pause Young (Normal) (G1 Evacuation Pause)
[130.606s][info][gc,task        ] GC(330) Using 33 workers of 33 for evacuation
[130.610s][info][gc,phases      ] GC(330)   Pre Evacuate Collection Set: 0.2ms
[130.610s][info][gc,phases      ] GC(330)   Merge Heap Roots: 0.2ms
[130.610s][info][gc,phases      ] GC(330)   Evacuate Collection Set: 0.4ms
[130.610s][info][gc,phases      ] GC(330)   Post Evacuate Collection Set: 2.4ms
[130.610s][info][gc,phases      ] GC(330)   Other: 0.2ms
[130.610s][info][gc,heap        ] GC(330) Eden regions: 331->0(331)
[130.610s][info][gc,heap        ] GC(330) Survivor regions: 1->1(42)
[130.610s][info][gc,heap        ] GC(330) Old regions: 27->27
[130.610s][info][gc,heap        ] GC(330) Archive regions: 0->0
[130.610s][info][gc,heap        ] GC(330) Humongous regions: 0->0
[130.610s][info][gc,metaspace   ] GC(330) Metaspace: 14283K(15168K)->14283K(15168K) NonClass: 12322K(12864K)->12322K(12864K) Class: 1961K(2304K)->1961K(2304K)
[130.610s][info][gc             ] GC(330) Pause Young (Normal) (G1 Evacuation Pause) 670M->8M(1108M) 3.524ms
[130.610s][info][gc,cpu         ] GC(330) User=0.00s Sys=0.00s Real=0.00s
[131.034s][info][gc,start       ] GC(331) Pause Young (Normal) (G1 Evacuation Pause)
[131.034s][info][gc,task        ] GC(331) Using 33 workers of 33 for evacuation
[131.037s][info][gc,phases      ] GC(331)   Pre Evacuate Collection Set: 0.2ms
[131.037s][info][gc,phases      ] GC(331)   Merge Heap Roots: 0.2ms
[131.037s][info][gc,phases      ] GC(331)   Evacuate Collection Set: 0.4ms
[131.037s][info][gc,phases      ] GC(331)   Post Evacuate Collection Set: 2.3ms
[131.037s][info][gc,phases      ] GC(331)   Other: 0.1ms
[131.037s][info][gc,heap        ] GC(331) Eden regions: 331->0(331)
[131.037s][info][gc,heap        ] GC(331) Survivor regions: 1->1(42)
[131.037s][info][gc,heap        ] GC(331) Old regions: 27->27
[131.037s][info][gc,heap        ] GC(331) Archive regions: 0->0
[131.037s][info][gc,heap        ] GC(331) Humongous regions: 0->0
[131.038s][info][gc,metaspace   ] GC(331) Metaspace: 14283K(15168K)->14283K(15168K) NonClass: 12322K(12864K)->12322K(12864K) Class: 1961K(2304K)->1961K(2304K)
[131.038s][info][gc             ] GC(331) Pause Young (Normal) (G1 Evacuation Pause) 670M->9M(1108M) 3.425ms
[131.038s][info][gc,cpu         ] GC(331) User=0.52s Sys=0.00s Real=0.00s
[131.462s][info][gc,start       ] GC(332) Pause Young (Normal) (G1 Evacuation Pause)
[131.462s][info][gc,task        ] GC(332) Using 33 workers of 33 for evacuation
[131.465s][info][gc,phases      ] GC(332)   Pre Evacuate Collection Set: 0.2ms
[131.465s][info][gc,phases      ] GC(332)   Merge Heap Roots: 0.2ms
[131.465s][info][gc,phases      ] GC(332)   Evacuate Collection Set: 0.4ms
[131.465s][info][gc,phases      ] GC(332)   Post Evacuate Collection Set: 1.9ms
[131.465s][info][gc,phases      ] GC(332)   Other: 0.1ms
[131.465s][info][gc,heap        ] GC(332) Eden regions: 331->0(331)
[131.465s][info][gc,heap        ] GC(332) Survivor regions: 1->1(42)
[131.465s][info][gc,heap        ] GC(332) Old regions: 27->27
[131.465s][info][gc,heap        ] GC(332) Archive regions: 0->0
[131.465s][info][gc,heap        ] GC(332) Humongous regions: 0->0
[131.465s][info][gc,metaspace   ] GC(332) Metaspace: 14283K(15168K)->14283K(15168K) NonClass: 12322K(12864K)->12322K(12864K) Class: 1961K(2304K)->1961K(2304K)
[131.465s][info][gc             ] GC(332) Pause Young (Normal) (G1 Evacuation Pause) 671M->9M(1108M) 2.969ms
[131.465s][info][gc,cpu         ] GC(332) User=0.00s Sys=0.00s Real=0.00s
[131.907s][info][gc,start       ] GC(333) Pause Young (Normal) (G1 Evacuation Pause)
[131.907s][info][gc,task        ] GC(333) Using 33 workers of 33 for evacuation
[131.910s][info][gc,phases      ] GC(333)   Pre Evacuate Collection Set: 0.1ms
[131.910s][info][gc,phases      ] GC(333)   Merge Heap Roots: 0.2ms
[131.910s][info][gc,phases      ] GC(333)   Evacuate Collection Set: 0.4ms
[131.910s][info][gc,phases      ] GC(333)   Post Evacuate Collection Set: 2.0ms
[131.910s][info][gc,phases      ] GC(333)   Other: 0.1ms
[131.910s][info][gc,heap        ] GC(333) Eden regions: 331->0(331)
[131.910s][info][gc,heap        ] GC(333) Survivor regions: 1->1(42)
[131.910s][info][gc,heap        ] GC(333) Old regions: 27->27
[131.910s][info][gc,heap        ] GC(333) Archive regions: 0->0
[131.910s][info][gc,heap        ] GC(333) Humongous regions: 0->0
[131.910s][info][gc,metaspace   ] GC(333) Metaspace: 14283K(15168K)->14283K(15168K) NonClass: 12322K(12864K)->12322K(12864K) Class: 1961K(2304K)->1961K(2304K)
[131.910s][info][gc             ] GC(333) Pause Young (Normal) (G1 Evacuation Pause) 671M->9M(1108M) 3.026ms
[131.910s][info][gc,cpu         ] GC(333) User=0.52s Sys=0.00s Real=0.00s
[132.404s][info][gc,start       ] GC(334) Pause Young (Normal) (G1 Evacuation Pause)
[132.404s][info][gc,task        ] GC(334) Using 33 workers of 33 for evacuation
[132.407s][info][gc,phases      ] GC(334)   Pre Evacuate Collection Set: 0.2ms
[132.407s][info][gc,phases      ] GC(334)   Merge Heap Roots: 0.2ms
[132.407s][info][gc,phases      ] GC(334)   Evacuate Collection Set: 0.5ms
[132.407s][info][gc,phases      ] GC(334)   Post Evacuate Collection Set: 2.1ms
[132.407s][info][gc,phases      ] GC(334)   Other: 0.1ms
[132.407s][info][gc,heap        ] GC(334) Eden regions: 331->0(331)
[132.407s][info][gc,heap        ] GC(334) Survivor regions: 1->1(42)
[132.407s][info][gc,heap        ] GC(334) Old regions: 27->27
[132.407s][info][gc,heap        ] GC(334) Archive regions: 0->0
[132.407s][info][gc,heap        ] GC(334) Humongous regions: 0->0
[132.407s][info][gc,metaspace   ] GC(334) Metaspace: 14283K(15168K)->14283K(15168K) NonClass: 12322K(12864K)->12322K(12864K) Class: 1961K(2304K)->1961K(2304K)
[132.407s][info][gc             ] GC(334) Pause Young (Normal) (G1 Evacuation Pause) 671M->9M(1108M) 3.390ms
[132.407s][info][gc,cpu         ] GC(334) User=0.00s Sys=0.00s Real=0.00s
[132.689s][info][gc,start       ] GC(335) Pause Full (System.gc())
[132.689s][info][gc,task        ] GC(335) Using 29 workers of 33 for full compaction
[132.690s][info][gc,phases,start] GC(335) Phase 1: Mark live objects
[132.701s][info][gc,phases      ] GC(335) Phase 1: Mark live objects 10.774ms
[132.701s][info][gc,phases,start] GC(335) Phase 2: Prepare compaction
[132.703s][info][gc,phases      ] GC(335) Phase 2: Prepare compaction 1.947ms
[132.703s][info][gc,phases,start] GC(335) Phase 3: Adjust pointers
[132.708s][info][gc,phases      ] GC(335) Phase 3: Adjust pointers 4.553ms
[132.708s][info][gc,phases,start] GC(335) Phase 4: Compact heap
[132.708s][info][gc,phases      ] GC(335) Phase 4: Compact heap 0.698ms
[132.715s][info][gc,heap        ] GC(335) Eden regions: 198->0(52)
[132.715s][info][gc,heap        ] GC(335) Survivor regions: 1->0(42)
[132.715s][info][gc,heap        ] GC(335) Old regions: 27->26
[132.716s][info][gc,heap        ] GC(335) Archive regions: 0->0
[132.716s][info][gc,heap        ] GC(335) Humongous regions: 0->0
[132.716s][info][gc,metaspace   ] GC(335) Metaspace: 14283K(15168K)->14283K(15168K) NonClass: 12322K(12864K)->12322K(12864K) Class: 1961K(2304K)->1961K(2304K)
[132.716s][info][gc             ] GC(335) Pause Full (System.gc()) 404M->5M(174M) 26.826ms
[132.716s][info][gc,cpu         ] GC(335) User=0.02s Sys=0.44s Real=0.02s
[132.799s][info][gc,start       ] GC(336) Pause Young (Normal) (G1 Evacuation Pause)
[132.799s][info][gc,task        ] GC(336) Using 33 workers of 33 for evacuation
[132.802s][info][gc,phases      ] GC(336)   Pre Evacuate Collection Set: 0.1ms
[132.802s][info][gc,phases      ] GC(336)   Merge Heap Roots: 0.1ms
[132.802s][info][gc,phases      ] GC(336)   Evacuate Collection Set: 0.4ms
[132.802s][info][gc,phases      ] GC(336)   Post Evacuate Collection Set: 1.5ms
[132.802s][info][gc,phases      ] GC(336)   Other: 0.1ms
[132.802s][info][gc,heap        ] GC(336) Eden regions: 52->0(51)
[132.802s][info][gc,heap        ] GC(336) Survivor regions: 0->1(7)
[132.802s][info][gc,heap        ] GC(336) Old regions: 26->26
[132.802s][info][gc,heap        ] GC(336) Archive regions: 0->0
[132.802s][info][gc,heap        ] GC(336) Humongous regions: 0->0
[132.802s][info][gc,metaspace   ] GC(336) Metaspace: 14283K(15168K)->14283K(15168K) NonClass: 12322K(12864K)->12322K(12864K) Class: 1961K(2304K)->1961K(2304K)
[132.802s][info][gc             ] GC(336) Pause Young (Normal) (G1 Evacuation Pause) 109M->6M(174M) 2.480ms
[132.802s][info][gc,cpu         ] GC(336) User=0.52s Sys=0.00s Real=0.00s
[132.864s][info][gc,start       ] GC(337) Pause Young (Normal) (G1 Evacuation Pause)
[132.864s][info][gc,task        ] GC(337) Using 33 workers of 33 for evacuation
[132.866s][info][gc,phases      ] GC(337)   Pre Evacuate Collection Set: 0.1ms
[132.866s][info][gc,phases      ] GC(337)   Merge Heap Roots: 0.1ms
[132.866s][info][gc,phases      ] GC(337)   Evacuate Collection Set: 0.4ms
[132.866s][info][gc,phases      ] GC(337)   Post Evacuate Collection Set: 1.5ms
[132.866s][info][gc,phases      ] GC(337)   Other: 0.1ms
[132.866s][info][gc,heap        ] GC(337) Eden regions: 51->0(51)
[132.866s][info][gc,heap        ] GC(337) Survivor regions: 1->1(7)
[132.866s][info][gc,heap        ] GC(337) Old regions: 26->26
[132.866s][info][gc,heap        ] GC(337) Archive regions: 0->0
[132.866s][info][gc,heap        ] GC(337) Humongous regions: 0->0
[132.866s][info][gc,metaspace   ] GC(337) Metaspace: 14283K(15168K)->14283K(15168K) NonClass: 12322K(12864K)->12322K(12864K) Class: 1961K(2304K)->1961K(2304K)
[132.866s][info][gc             ] GC(337) Pause Young (Normal) (G1 Evacuation Pause) 108M->6M(174M) 2.460ms
[132.866s][info][gc,cpu         ] GC(337) User=0.00s Sys=0.00s Real=0.00s
[132.931s][info][gc,start       ] GC(338) Pause Young (Normal) (G1 Evacuation Pause)
[132.931s][info][gc,task        ] GC(338) Using 33 workers of 33 for evacuation
[132.933s][info][gc,phases      ] GC(338)   Pre Evacuate Collection Set: 0.1ms
[132.933s][info][gc,phases      ] GC(338)   Merge Heap Roots: 0.1ms
[132.933s][info][gc,phases      ] GC(338)   Evacuate Collection Set: 0.5ms
[132.933s][info][gc,phases      ] GC(338)   Post Evacuate Collection Set: 1.5ms
[132.933s][info][gc,phases      ] GC(338)   Other: 0.1ms
[132.933s][info][gc,heap        ] GC(338) Eden regions: 51->0(51)
[132.933s][info][gc,heap        ] GC(338) Survivor regions: 1->1(7)
[132.933s][info][gc,heap        ] GC(338) Old regions: 26->26
[132.933s][info][gc,heap        ] GC(338) Archive regions: 0->0
[132.933s][info][gc,heap        ] GC(338) Humongous regions: 0->0
[132.933s][info][gc,metaspace   ] GC(338) Metaspace: 14283K(15168K)->14283K(15168K) NonClass: 12322K(12864K)->12322K(12864K) Class: 1961K(2304K)->1961K(2304K)
[132.933s][info][gc             ] GC(338) Pause Young (Normal) (G1 Evacuation Pause) 108M->6M(174M) 2.547ms
[132.933s][info][gc,cpu         ] GC(338) User=0.00s Sys=0.00s Real=0.00s
[132.996s][info][gc,start       ] GC(339) Pause Young (Normal) (G1 Evacuation Pause)
[132.996s][info][gc,task        ] GC(339) Using 33 workers of 33 for evacuation
[133.002s][info][gc,phases      ] GC(339)   Pre Evacuate Collection Set: 0.1ms
[133.002s][info][gc,phases      ] GC(339)   Merge Heap Roots: 0.1ms
[133.002s][info][gc,phases      ] GC(339)   Evacuate Collection Set: 0.5ms
[133.002s][info][gc,phases      ] GC(339)   Post Evacuate Collection Set: 4.6ms
[133.002s][info][gc,phases      ] GC(339)   Other: 0.1ms
[133.002s][info][gc,heap        ] GC(339) Eden regions: 51->0(332)
[133.002s][info][gc,heap        ] GC(339) Survivor regions: 1->1(7)
[133.002s][info][gc,heap        ] GC(339) Old regions: 26->26
[133.002s][info][gc,heap        ] GC(339) Archive regions: 0->0
[133.002s][info][gc,heap        ] GC(339) Humongous regions: 0->0
[133.002s][info][gc,metaspace   ] GC(339) Metaspace: 14283K(15168K)->14283K(15168K) NonClass: 12322K(12864K)->12322K(12864K) Class: 1961K(2304K)->1961K(2304K)
[133.002s][info][gc             ] GC(339) Pause Young (Normal) (G1 Evacuation Pause) 108M->6M(1112M) 5.524ms
[133.002s][info][gc,cpu         ] GC(339) User=0.00s Sys=0.00s Real=0.01s
[133.456s][info][gc,start       ] GC(340) Pause Young (Normal) (G1 Evacuation Pause)
[133.456s][info][gc,task        ] GC(340) Using 33 workers of 33 for evacuation
[133.460s][info][gc,phases      ] GC(340)   Pre Evacuate Collection Set: 0.1ms
[133.460s][info][gc,phases      ] GC(340)   Merge Heap Roots: 0.1ms
[133.460s][info][gc,phases      ] GC(340)   Evacuate Collection Set: 1.8ms
[133.460s][info][gc,phases      ] GC(340)   Post Evacuate Collection Set: 2.1ms
[133.460s][info][gc,phases      ] GC(340)   Other: 0.1ms
[133.460s][info][gc,heap        ] GC(340) Eden regions: 332->0(332)
[133.460s][info][gc,heap        ] GC(340) Survivor regions: 1->1(42)
[133.460s][info][gc,heap        ] GC(340) Old regions: 26->26
[133.460s][info][gc,heap        ] GC(340) Archive regions: 0->0
[133.460s][info][gc,heap        ] GC(340) Humongous regions: 0->0
[133.460s][info][gc,metaspace   ] GC(340) Metaspace: 14283K(15168K)->14283K(15168K) NonClass: 12322K(12864K)->12322K(12864K) Class: 1961K(2304K)->1961K(2304K)
[133.460s][info][gc             ] GC(340) Pause Young (Normal) (G1 Evacuation Pause) 670M->6M(1112M) 4.524ms
[133.460s][info][gc,cpu         ] GC(340) User=0.03s Sys=0.48s Real=0.00s
[133.868s][info][gc,start       ] GC(341) Pause Young (Normal) (G1 Evacuation Pause)
[133.868s][info][gc,task        ] GC(341) Using 33 workers of 33 for evacuation
[133.873s][info][gc,phases      ] GC(341)   Pre Evacuate Collection Set: 0.1ms
[133.873s][info][gc,phases      ] GC(341)   Merge Heap Roots: 0.1ms
[133.873s][info][gc,phases      ] GC(341)   Evacuate Collection Set: 1.9ms
[133.873s][info][gc,phases      ] GC(341)   Post Evacuate Collection Set: 2.2ms
[133.873s][info][gc,phases      ] GC(341)   Other: 0.1ms
[133.873s][info][gc,heap        ] GC(341) Eden regions: 332->0(332)
[133.873s][info][gc,heap        ] GC(341) Survivor regions: 1->1(42)
[133.873s][info][gc,heap        ] GC(341) Old regions: 26->26
[133.873s][info][gc,heap        ] GC(341) Archive regions: 0->0
[133.873s][info][gc,heap        ] GC(341) Humongous regions: 0->0
[133.873s][info][gc,metaspace   ] GC(341) Metaspace: 14283K(15168K)->14283K(15168K) NonClass: 12322K(12864K)->12322K(12864K) Class: 1961K(2304K)->1961K(2304K)
[133.873s][info][gc             ] GC(341) Pause Young (Normal) (G1 Evacuation Pause) 670M->6M(1112M) 4.754ms
[133.873s][info][gc,cpu         ] GC(341) User=0.00s Sys=0.00s Real=0.00s
[134.286s][info][gc,start       ] GC(342) Pause Young (Normal) (G1 Evacuation Pause)
[134.286s][info][gc,task        ] GC(342) Using 33 workers of 33 for evacuation
[134.289s][info][gc,phases      ] GC(342)   Pre Evacuate Collection Set: 0.1ms
[134.289s][info][gc,phases      ] GC(342)   Merge Heap Roots: 0.1ms
[134.289s][info][gc,phases      ] GC(342)   Evacuate Collection Set: 0.6ms
[134.289s][info][gc,phases      ] GC(342)   Post Evacuate Collection Set: 2.2ms
[134.289s][info][gc,phases      ] GC(342)   Other: 0.1ms
[134.289s][info][gc,heap        ] GC(342) Eden regions: 332->0(332)
[134.289s][info][gc,heap        ] GC(342) Survivor regions: 1->1(42)
[134.289s][info][gc,heap        ] GC(342) Old regions: 26->26
[134.289s][info][gc,heap        ] GC(342) Archive regions: 0->0
[134.289s][info][gc,heap        ] GC(342) Humongous regions: 0->0
[134.289s][info][gc,metaspace   ] GC(342) Metaspace: 14283K(15168K)->14283K(15168K) NonClass: 12322K(12864K)->12322K(12864K) Class: 1961K(2304K)->1961K(2304K)
[134.289s][info][gc             ] GC(342) Pause Young (Normal) (G1 Evacuation Pause) 670M->6M(1112M) 3.423ms
[134.289s][info][gc,cpu         ] GC(342) User=0.00s Sys=0.00s Real=0.00s
[134.704s][info][gc,start       ] GC(343) Pause Young (Normal) (G1 Evacuation Pause)
[134.704s][info][gc,task        ] GC(343) Using 33 workers of 33 for evacuation
[134.707s][info][gc,phases      ] GC(343)   Pre Evacuate Collection Set: 0.2ms
[134.707s][info][gc,phases      ] GC(343)   Merge Heap Roots: 0.2ms
[134.707s][info][gc,phases      ] GC(343)   Evacuate Collection Set: 0.6ms
[134.707s][info][gc,phases      ] GC(343)   Post Evacuate Collection Set: 2.3ms
[134.707s][info][gc,phases      ] GC(343)   Other: 0.1ms
[134.707s][info][gc,heap        ] GC(343) Eden regions: 332->0(332)
[134.707s][info][gc,heap        ] GC(343) Survivor regions: 1->1(42)
[134.707s][info][gc,heap        ] GC(343) Old regions: 26->26
[134.707s][info][gc,heap        ] GC(343) Archive regions: 0->0
[134.707s][info][gc,heap        ] GC(343) Humongous regions: 0->0
[134.707s][info][gc,metaspace   ] GC(343) Metaspace: 14283K(15168K)->14283K(15168K) NonClass: 12322K(12864K)->12322K(12864K) Class: 1961K(2304K)->1961K(2304K)
[134.707s][info][gc             ] GC(343) Pause Young (Normal) (G1 Evacuation Pause) 670M->7M(1112M) 3.566ms
[134.707s][info][gc,cpu         ] GC(343) User=0.52s Sys=0.00s Real=0.00s
[135.123s][info][gc,start       ] GC(344) Pause Young (Normal) (G1 Evacuation Pause)
[135.124s][info][gc,task        ] GC(344) Using 33 workers of 33 for evacuation
[135.127s][info][gc,phases      ] GC(344)   Pre Evacuate Collection Set: 0.1ms
[135.127s][info][gc,phases      ] GC(344)   Merge Heap Roots: 0.1ms
[135.127s][info][gc,phases      ] GC(344)   Evacuate Collection Set: 0.5ms
[135.127s][info][gc,phases      ] GC(344)   Post Evacuate Collection Set: 2.4ms
[135.127s][info][gc,phases      ] GC(344)   Other: 0.1ms
[135.127s][info][gc,heap        ] GC(344) Eden regions: 332->0(332)
[135.127s][info][gc,heap        ] GC(344) Survivor regions: 1->1(42)
[135.127s][info][gc,heap        ] GC(344) Old regions: 26->26
[135.127s][info][gc,heap        ] GC(344) Archive regions: 0->0
[135.127s][info][gc,heap        ] GC(344) Humongous regions: 0->0
[135.127s][info][gc,metaspace   ] GC(344) Metaspace: 14283K(15168K)->14283K(15168K) NonClass: 12322K(12864K)->12322K(12864K) Class: 1961K(2304K)->1961K(2304K)
[135.127s][info][gc             ] GC(344) Pause Young (Normal) (G1 Evacuation Pause) 671M->7M(1112M) 3.490ms
[135.127s][info][gc,cpu         ] GC(344) User=0.00s Sys=0.00s Real=0.00s
[135.543s][info][gc,start       ] GC(345) Pause Young (Normal) (G1 Evacuation Pause)
[135.544s][info][gc,task        ] GC(345) Using 33 workers of 33 for evacuation
[135.547s][info][gc,phases      ] GC(345)   Pre Evacuate Collection Set: 0.1ms
[135.547s][info][gc,phases      ] GC(345)   Merge Heap Roots: 0.2ms
[135.547s][info][gc,phases      ] GC(345)   Evacuate Collection Set: 0.6ms
[135.547s][info][gc,phases      ] GC(345)   Post Evacuate Collection Set: 2.4ms
[135.547s][info][gc,phases      ] GC(345)   Other: 0.1ms
[135.547s][info][gc,heap        ] GC(345) Eden regions: 332->0(332)
[135.547s][info][gc,heap        ] GC(345) Survivor regions: 1->1(42)
[135.547s][info][gc,heap        ] GC(345) Old regions: 26->26
[135.547s][info][gc,heap        ] GC(345) Archive regions: 0->0
[135.547s][info][gc,heap        ] GC(345) Humongous regions: 0->0
[135.547s][info][gc,metaspace   ] GC(345) Metaspace: 14283K(15168K)->14283K(15168K) NonClass: 12322K(12864K)->12322K(12864K) Class: 1961K(2304K)->1961K(2304K)
[135.547s][info][gc             ] GC(345) Pause Young (Normal) (G1 Evacuation Pause) 671M->7M(1112M) 3.592ms
[135.547s][info][gc,cpu         ] GC(345) User=0.00s Sys=0.00s Real=0.00s
[135.968s][info][gc,start       ] GC(346) Pause Young (Normal) (G1 Evacuation Pause)
[135.973s][info][gc,task        ] GC(346) Using 33 workers of 33 for evacuation
[135.977s][info][gc,phases      ] GC(346)   Pre Evacuate Collection Set: 0.1ms
[135.977s][info][gc,phases      ] GC(346)   Merge Heap Roots: 0.1ms
[135.977s][info][gc,phases      ] GC(346)   Evacuate Collection Set: 0.6ms
[135.977s][info][gc,phases      ] GC(346)   Post Evacuate Collection Set: 2.3ms
[135.977s][info][gc,phases      ] GC(346)   Other: 0.1ms
[135.977s][info][gc,heap        ] GC(346) Eden regions: 332->0(332)
[135.977s][info][gc,heap        ] GC(346) Survivor regions: 1->1(42)
[135.977s][info][gc,heap        ] GC(346) Old regions: 26->26
[135.977s][info][gc,heap        ] GC(346) Archive regions: 0->0
[135.977s][info][gc,heap        ] GC(346) Humongous regions: 0->0
[135.977s][info][gc,metaspace   ] GC(346) Metaspace: 14283K(15168K)->14283K(15168K) NonClass: 12322K(12864K)->12322K(12864K) Class: 1961K(2304K)->1961K(2304K)
[135.977s][info][gc             ] GC(346) Pause Young (Normal) (G1 Evacuation Pause) 671M->7M(1112M) 8.800ms
[135.977s][info][gc,cpu         ] GC(346) User=0.00s Sys=0.00s Real=0.01s
[136.394s][info][gc,start       ] GC(347) Pause Young (Normal) (G1 Evacuation Pause)
[136.395s][info][gc,task        ] GC(347) Using 33 workers of 33 for evacuation
[136.397s][info][gc,phases      ] GC(347)   Pre Evacuate Collection Set: 0.1ms
[136.397s][info][gc,phases      ] GC(347)   Merge Heap Roots: 0.1ms
[136.397s][info][gc,phases      ] GC(347)   Evacuate Collection Set: 0.6ms
[136.397s][info][gc,phases      ] GC(347)   Post Evacuate Collection Set: 2.0ms
[136.397s][info][gc,phases      ] GC(347)   Other: 0.1ms
[136.398s][info][gc,heap        ] GC(347) Eden regions: 332->0(331)
[136.398s][info][gc,heap        ] GC(347) Survivor regions: 1->2(42)
[136.398s][info][gc,heap        ] GC(347) Old regions: 26->26
[136.398s][info][gc,heap        ] GC(347) Archive regions: 0->0
[136.398s][info][gc,heap        ] GC(347) Humongous regions: 0->0
[136.398s][info][gc,metaspace   ] GC(347) Metaspace: 14283K(15168K)->14283K(15168K) NonClass: 12322K(12864K)->12322K(12864K) Class: 1961K(2304K)->1961K(2304K)
[136.398s][info][gc             ] GC(347) Pause Young (Normal) (G1 Evacuation Pause) 671M->7M(1112M) 3.159ms
[136.398s][info][gc,cpu         ] GC(347) User=0.00s Sys=0.00s Real=0.00s
[136.813s][info][gc,start       ] GC(348) Pause Young (Normal) (G1 Evacuation Pause)
[136.813s][info][gc,task        ] GC(348) Using 33 workers of 33 for evacuation
[136.816s][info][gc,phases      ] GC(348)   Pre Evacuate Collection Set: 0.2ms
[136.816s][info][gc,phases      ] GC(348)   Merge Heap Roots: 0.2ms
[136.816s][info][gc,phases      ] GC(348)   Evacuate Collection Set: 1.0ms
[136.816s][info][gc,phases      ] GC(348)   Post Evacuate Collection Set: 2.1ms
[136.816s][info][gc,phases      ] GC(348)   Other: 0.1ms
[136.816s][info][gc,heap        ] GC(348) Eden regions: 331->0(331)
[136.816s][info][gc,heap        ] GC(348) Survivor regions: 2->2(42)
[136.816s][info][gc,heap        ] GC(348) Old regions: 26->26
[136.816s][info][gc,heap        ] GC(348) Archive regions: 0->0
[136.816s][info][gc,heap        ] GC(348) Humongous regions: 0->0
[136.816s][info][gc,metaspace   ] GC(348) Metaspace: 14283K(15168K)->14283K(15168K) NonClass: 12322K(12864K)->12322K(12864K) Class: 1961K(2304K)->1961K(2304K)
[136.816s][info][gc             ] GC(348) Pause Young (Normal) (G1 Evacuation Pause) 669M->7M(1112M) 3.801ms
[136.816s][info][gc,cpu         ] GC(348) User=0.00s Sys=0.00s Real=0.00s
[137.235s][info][gc,start       ] GC(349) Pause Young (Normal) (G1 Evacuation Pause)
[137.235s][info][gc,task        ] GC(349) Using 33 workers of 33 for evacuation
[137.238s][info][gc,phases      ] GC(349)   Pre Evacuate Collection Set: 0.2ms
[137.238s][info][gc,phases      ] GC(349)   Merge Heap Roots: 0.2ms
[137.238s][info][gc,phases      ] GC(349)   Evacuate Collection Set: 0.6ms
[137.238s][info][gc,phases      ] GC(349)   Post Evacuate Collection Set: 2.0ms
[137.238s][info][gc,phases      ] GC(349)   Other: 0.1ms
[137.238s][info][gc,heap        ] GC(349) Eden regions: 331->0(331)
[137.238s][info][gc,heap        ] GC(349) Survivor regions: 2->2(42)
[137.238s][info][gc,heap        ] GC(349) Old regions: 26->26
[137.238s][info][gc,heap        ] GC(349) Archive regions: 0->0
[137.238s][info][gc,heap        ] GC(349) Humongous regions: 0->0
[137.238s][info][gc,metaspace   ] GC(349) Metaspace: 14283K(15168K)->14283K(15168K) NonClass: 12322K(12864K)->12322K(12864K) Class: 1961K(2304K)->1961K(2304K)
[137.238s][info][gc             ] GC(349) Pause Young (Normal) (G1 Evacuation Pause) 669M->7M(1112M) 3.281ms
[137.238s][info][gc,cpu         ] GC(349) User=0.00s Sys=0.00s Real=0.00s
[137.658s][info][gc,start       ] GC(350) Pause Young (Normal) (G1 Evacuation Pause)
[137.658s][info][gc,task        ] GC(350) Using 33 workers of 33 for evacuation
[137.661s][info][gc,phases      ] GC(350)   Pre Evacuate Collection Set: 0.1ms
[137.661s][info][gc,phases      ] GC(350)   Merge Heap Roots: 0.1ms
[137.661s][info][gc,phases      ] GC(350)   Evacuate Collection Set: 0.5ms
[137.661s][info][gc,phases      ] GC(350)   Post Evacuate Collection Set: 2.1ms
[137.661s][info][gc,phases      ] GC(350)   Other: 0.1ms
[137.661s][info][gc,heap        ] GC(350) Eden regions: 331->0(331)
[137.661s][info][gc,heap        ] GC(350) Survivor regions: 2->2(42)
[137.661s][info][gc,heap        ] GC(350) Old regions: 26->26
[137.661s][info][gc,heap        ] GC(350) Archive regions: 0->0
[137.661s][info][gc,heap        ] GC(350) Humongous regions: 0->0
[137.661s][info][gc,metaspace   ] GC(350) Metaspace: 14283K(15168K)->14283K(15168K) NonClass: 12322K(12864K)->12322K(12864K) Class: 1961K(2304K)->1961K(2304K)
[137.661s][info][gc             ] GC(350) Pause Young (Normal) (G1 Evacuation Pause) 669M->7M(1112M) 3.226ms
[137.661s][info][gc,cpu         ] GC(350) User=0.33s Sys=0.03s Real=0.00s
[138.079s][info][gc,start       ] GC(351) Pause Young (Normal) (G1 Evacuation Pause)
[138.079s][info][gc,task        ] GC(351) Using 33 workers of 33 for evacuation
[138.082s][info][gc,phases      ] GC(351)   Pre Evacuate Collection Set: 0.1ms
[138.082s][info][gc,phases      ] GC(351)   Merge Heap Roots: 0.1ms
[138.082s][info][gc,phases      ] GC(351)   Evacuate Collection Set: 0.5ms
[138.082s][info][gc,phases      ] GC(351)   Post Evacuate Collection Set: 2.2ms
[138.082s][info][gc,phases      ] GC(351)   Other: 0.1ms
[138.082s][info][gc,heap        ] GC(351) Eden regions: 331->0(332)
[138.082s][info][gc,heap        ] GC(351) Survivor regions: 2->1(42)
[138.082s][info][gc,heap        ] GC(351) Old regions: 26->27
[138.082s][info][gc,heap        ] GC(351) Archive regions: 0->0
[138.082s][info][gc,heap        ] GC(351) Humongous regions: 0->0
[138.082s][info][gc,metaspace   ] GC(351) Metaspace: 14283K(15168K)->14283K(15168K) NonClass: 12322K(12864K)->12322K(12864K) Class: 1961K(2304K)->1961K(2304K)
[138.082s][info][gc             ] GC(351) Pause Young (Normal) (G1 Evacuation Pause) 669M->7M(1112M) 3.338ms
[138.082s][info][gc,cpu         ] GC(351) User=0.52s Sys=0.00s Real=0.00s
[138.505s][info][gc,start       ] GC(352) Pause Young (Normal) (G1 Evacuation Pause)
[138.505s][info][gc,task        ] GC(352) Using 33 workers of 33 for evacuation
[138.508s][info][gc,phases      ] GC(352)   Pre Evacuate Collection Set: 0.2ms
[138.508s][info][gc,phases      ] GC(352)   Merge Heap Roots: 0.2ms
[138.508s][info][gc,phases      ] GC(352)   Evacuate Collection Set: 0.4ms
[138.508s][info][gc,phases      ] GC(352)   Post Evacuate Collection Set: 2.2ms
[138.508s][info][gc,phases      ] GC(352)   Other: 0.1ms
[138.508s][info][gc,heap        ] GC(352) Eden regions: 332->0(332)
[138.508s][info][gc,heap        ] GC(352) Survivor regions: 1->1(42)
[138.508s][info][gc,heap        ] GC(352) Old regions: 27->27
[138.508s][info][gc,heap        ] GC(352) Archive regions: 0->0
[138.508s][info][gc,heap        ] GC(352) Humongous regions: 0->0
[138.508s][info][gc,metaspace   ] GC(352) Metaspace: 14283K(15168K)->14283K(15168K) NonClass: 12322K(12864K)->12322K(12864K) Class: 1961K(2304K)->1961K(2304K)
[138.508s][info][gc             ] GC(352) Pause Young (Normal) (G1 Evacuation Pause) 671M->7M(1112M) 3.248ms
[138.508s][info][gc,cpu         ] GC(352) User=0.00s Sys=0.00s Real=0.00s
[138.931s][info][gc,start       ] GC(353) Pause Young (Normal) (G1 Evacuation Pause)
[138.931s][info][gc,task        ] GC(353) Using 33 workers of 33 for evacuation
[138.935s][info][gc,phases      ] GC(353)   Pre Evacuate Collection Set: 0.1ms
[138.935s][info][gc,phases      ] GC(353)   Merge Heap Roots: 0.2ms
[138.935s][info][gc,phases      ] GC(353)   Evacuate Collection Set: 0.4ms
[138.935s][info][gc,phases      ] GC(353)   Post Evacuate Collection Set: 2.3ms
[138.935s][info][gc,phases      ] GC(353)   Other: 0.1ms
[138.935s][info][gc,heap        ] GC(353) Eden regions: 332->0(332)
[138.935s][info][gc,heap        ] GC(353) Survivor regions: 1->1(42)
[138.935s][info][gc,heap        ] GC(353) Old regions: 27->27
[138.935s][info][gc,heap        ] GC(353) Archive regions: 0->0
[138.935s][info][gc,heap        ] GC(353) Humongous regions: 0->0
[138.935s][info][gc,metaspace   ] GC(353) Metaspace: 14283K(15168K)->14283K(15168K) NonClass: 12322K(12864K)->12322K(12864K) Class: 1961K(2304K)->1961K(2304K)
[138.935s][info][gc             ] GC(353) Pause Young (Normal) (G1 Evacuation Pause) 671M->7M(1112M) 3.329ms
[138.935s][info][gc,cpu         ] GC(353) User=0.00s Sys=0.00s Real=0.00s
[139.357s][info][gc,start       ] GC(354) Pause Young (Normal) (G1 Evacuation Pause)
[139.357s][info][gc,task        ] GC(354) Using 33 workers of 33 for evacuation
[139.360s][info][gc,phases      ] GC(354)   Pre Evacuate Collection Set: 0.2ms
[139.360s][info][gc,phases      ] GC(354)   Merge Heap Roots: 0.2ms
[139.360s][info][gc,phases      ] GC(354)   Evacuate Collection Set: 0.4ms
[139.360s][info][gc,phases      ] GC(354)   Post Evacuate Collection Set: 2.3ms
[139.360s][info][gc,phases      ] GC(354)   Other: 0.1ms
[139.360s][info][gc,heap        ] GC(354) Eden regions: 332->0(332)
[139.360s][info][gc,heap        ] GC(354) Survivor regions: 1->1(42)
[139.360s][info][gc,heap        ] GC(354) Old regions: 27->27
[139.360s][info][gc,heap        ] GC(354) Archive regions: 0->0
[139.360s][info][gc,heap        ] GC(354) Humongous regions: 0->0
[139.360s][info][gc,metaspace   ] GC(354) Metaspace: 14283K(15168K)->14283K(15168K) NonClass: 12322K(12864K)->12322K(12864K) Class: 1961K(2304K)->1961K(2304K)
[139.360s][info][gc             ] GC(354) Pause Young (Normal) (G1 Evacuation Pause) 671M->7M(1112M) 3.378ms
[139.360s][info][gc,cpu         ] GC(354) User=0.00s Sys=0.00s Real=0.00s
[139.784s][info][gc,start       ] GC(355) Pause Young (Normal) (G1 Evacuation Pause)
[139.784s][info][gc,task        ] GC(355) Using 33 workers of 33 for evacuation
[139.787s][info][gc,phases      ] GC(355)   Pre Evacuate Collection Set: 0.2ms
[139.787s][info][gc,phases      ] GC(355)   Merge Heap Roots: 0.2ms
[139.787s][info][gc,phases      ] GC(355)   Evacuate Collection Set: 0.4ms
[139.787s][info][gc,phases      ] GC(355)   Post Evacuate Collection Set: 2.4ms
[139.787s][info][gc,phases      ] GC(355)   Other: 0.1ms
[139.787s][info][gc,heap        ] GC(355) Eden regions: 332->0(332)
[139.787s][info][gc,heap        ] GC(355) Survivor regions: 1->1(42)
[139.787s][info][gc,heap        ] GC(355) Old regions: 27->27
[139.787s][info][gc,heap        ] GC(355) Archive regions: 0->0
[139.787s][info][gc,heap        ] GC(355) Humongous regions: 0->0
[139.787s][info][gc,metaspace   ] GC(355) Metaspace: 14283K(15168K)->14283K(15168K) NonClass: 12322K(12864K)->12322K(12864K) Class: 1961K(2304K)->1961K(2304K)
[139.787s][info][gc             ] GC(355) Pause Young (Normal) (G1 Evacuation Pause) 671M->7M(1112M) 3.461ms
[139.787s][info][gc,cpu         ] GC(355) User=0.52s Sys=0.00s Real=0.00s
[140.210s][info][gc,start       ] GC(356) Pause Young (Normal) (G1 Evacuation Pause)
[140.231s][info][gc,task        ] GC(356) Using 33 workers of 33 for evacuation
[140.234s][info][gc,phases      ] GC(356)   Pre Evacuate Collection Set: 0.2ms
[140.234s][info][gc,phases      ] GC(356)   Merge Heap Roots: 0.2ms
[140.234s][info][gc,phases      ] GC(356)   Evacuate Collection Set: 0.4ms
[140.234s][info][gc,phases      ] GC(356)   Post Evacuate Collection Set: 2.6ms
[140.234s][info][gc,phases      ] GC(356)   Other: 0.1ms
[140.234s][info][gc,heap        ] GC(356) Eden regions: 332->0(332)
[140.234s][info][gc,heap        ] GC(356) Survivor regions: 1->1(42)
[140.234s][info][gc,heap        ] GC(356) Old regions: 27->27
[140.234s][info][gc,heap        ] GC(356) Archive regions: 0->0
[140.235s][info][gc,heap        ] GC(356) Humongous regions: 0->0
[140.235s][info][gc,metaspace   ] GC(356) Metaspace: 14283K(15168K)->14283K(15168K) NonClass: 12322K(12864K)->12322K(12864K) Class: 1961K(2304K)->1961K(2304K)
[140.235s][info][gc             ] GC(356) Pause Young (Normal) (G1 Evacuation Pause) 671M->7M(1112M) 24.245ms
[140.235s][info][gc,cpu         ] GC(356) User=0.00s Sys=0.00s Real=0.02s
[140.752s][info][gc,start       ] GC(357) Pause Young (Normal) (G1 Evacuation Pause)
[140.752s][info][gc,task        ] GC(357) Using 33 workers of 33 for evacuation
[140.757s][info][gc,phases      ] GC(357)   Pre Evacuate Collection Set: 0.2ms
[140.757s][info][gc,phases      ] GC(357)   Merge Heap Roots: 0.3ms
[140.757s][info][gc,phases      ] GC(357)   Evacuate Collection Set: 0.7ms
[140.757s][info][gc,phases      ] GC(357)   Post Evacuate Collection Set: 3.2ms
[140.757s][info][gc,phases      ] GC(357)   Other: 0.2ms
[140.757s][info][gc,heap        ] GC(357) Eden regions: 332->0(332)
[140.757s][info][gc,heap        ] GC(357) Survivor regions: 1->1(42)
[140.757s][info][gc,heap        ] GC(357) Old regions: 27->27
[140.757s][info][gc,heap        ] GC(357) Archive regions: 0->0
[140.757s][info][gc,heap        ] GC(357) Humongous regions: 0->0
[140.757s][info][gc,metaspace   ] GC(357) Metaspace: 14283K(15168K)->14283K(15168K) NonClass: 12322K(12864K)->12322K(12864K) Class: 1961K(2304K)->1961K(2304K)
[140.757s][info][gc             ] GC(357) Pause Young (Normal) (G1 Evacuation Pause) 671M->8M(1112M) 5.222ms
[140.757s][info][gc,cpu         ] GC(357) User=0.00s Sys=0.00s Real=0.00s
[141.189s][info][gc,start       ] GC(358) Pause Young (Normal) (G1 Evacuation Pause)
[141.189s][info][gc,task        ] GC(358) Using 33 workers of 33 for evacuation
[141.192s][info][gc,phases      ] GC(358)   Pre Evacuate Collection Set: 0.2ms
[141.192s][info][gc,phases      ] GC(358)   Merge Heap Roots: 0.2ms
[141.192s][info][gc,phases      ] GC(358)   Evacuate Collection Set: 0.4ms
[141.192s][info][gc,phases      ] GC(358)   Post Evacuate Collection Set: 2.1ms
[141.192s][info][gc,phases      ] GC(358)   Other: 0.1ms
[141.192s][info][gc,heap        ] GC(358) Eden regions: 332->0(332)
[141.192s][info][gc,heap        ] GC(358) Survivor regions: 1->1(42)
[141.192s][info][gc,heap        ] GC(358) Old regions: 27->27
[141.192s][info][gc,heap        ] GC(358) Archive regions: 0->0
[141.192s][info][gc,heap        ] GC(358) Humongous regions: 0->0
[141.192s][info][gc,metaspace   ] GC(358) Metaspace: 14283K(15168K)->14283K(15168K) NonClass: 12322K(12864K)->12322K(12864K) Class: 1961K(2304K)->1961K(2304K)
[141.192s][info][gc             ] GC(358) Pause Young (Normal) (G1 Evacuation Pause) 672M->8M(1112M) 3.222ms
[141.192s][info][gc,cpu         ] GC(358) User=0.52s Sys=0.00s Real=0.00s
[141.616s][info][gc,start       ] GC(359) Pause Young (Normal) (G1 Evacuation Pause)
[141.616s][info][gc,task        ] GC(359) Using 33 workers of 33 for evacuation
[141.619s][info][gc,phases      ] GC(359)   Pre Evacuate Collection Set: 0.1ms
[141.620s][info][gc,phases      ] GC(359)   Merge Heap Roots: 0.2ms
[141.620s][info][gc,phases      ] GC(359)   Evacuate Collection Set: 0.4ms
[141.620s][info][gc,phases      ] GC(359)   Post Evacuate Collection Set: 2.2ms
[141.620s][info][gc,phases      ] GC(359)   Other: 0.1ms
[141.620s][info][gc,heap        ] GC(359) Eden regions: 332->0(332)
[141.620s][info][gc,heap        ] GC(359) Survivor regions: 1->1(42)
[141.620s][info][gc,heap        ] GC(359) Old regions: 27->27
[141.620s][info][gc,heap        ] GC(359) Archive regions: 0->0
[141.620s][info][gc,heap        ] GC(359) Humongous regions: 0->0
[141.620s][info][gc,metaspace   ] GC(359) Metaspace: 14283K(15168K)->14283K(15168K) NonClass: 12322K(12864K)->12322K(12864K) Class: 1961K(2304K)->1961K(2304K)
[141.620s][info][gc             ] GC(359) Pause Young (Normal) (G1 Evacuation Pause) 672M->8M(1112M) 3.298ms
[141.620s][info][gc,cpu         ] GC(359) User=0.00s Sys=0.00s Real=0.00s
[142.046s][info][gc,start       ] GC(360) Pause Young (Normal) (G1 Evacuation Pause)
[142.046s][info][gc,task        ] GC(360) Using 33 workers of 33 for evacuation
[142.049s][info][gc,phases      ] GC(360)   Pre Evacuate Collection Set: 0.2ms
[142.049s][info][gc,phases      ] GC(360)   Merge Heap Roots: 0.2ms
[142.049s][info][gc,phases      ] GC(360)   Evacuate Collection Set: 0.4ms
[142.049s][info][gc,phases      ] GC(360)   Post Evacuate Collection Set: 2.1ms
[142.049s][info][gc,phases      ] GC(360)   Other: 0.1ms
[142.049s][info][gc,heap        ] GC(360) Eden regions: 332->0(332)
[142.049s][info][gc,heap        ] GC(360) Survivor regions: 1->1(42)
[142.049s][info][gc,heap        ] GC(360) Old regions: 27->28
[142.049s][info][gc,heap        ] GC(360) Archive regions: 0->0
[142.049s][info][gc,heap        ] GC(360) Humongous regions: 0->0
[142.049s][info][gc,metaspace   ] GC(360) Metaspace: 14283K(15168K)->14283K(15168K) NonClass: 12322K(12864K)->12322K(12864K) Class: 1961K(2304K)->1961K(2304K)
[142.049s][info][gc             ] GC(360) Pause Young (Normal) (G1 Evacuation Pause) 672M->8M(1112M) 3.149ms
[142.049s][info][gc,cpu         ] GC(360) User=0.00s Sys=0.00s Real=0.00s
[142.472s][info][gc,start       ] GC(361) Pause Young (Normal) (G1 Evacuation Pause)
[142.472s][info][gc,task        ] GC(361) Using 33 workers of 33 for evacuation
[142.475s][info][gc,phases      ] GC(361)   Pre Evacuate Collection Set: 0.1ms
[142.475s][info][gc,phases      ] GC(361)   Merge Heap Roots: 0.2ms
[142.475s][info][gc,phases      ] GC(361)   Evacuate Collection Set: 0.4ms
[142.475s][info][gc,phases      ] GC(361)   Post Evacuate Collection Set: 2.1ms
[142.475s][info][gc,phases      ] GC(361)   Other: 0.1ms
[142.475s][info][gc,heap        ] GC(361) Eden regions: 332->0(332)
[142.475s][info][gc,heap        ] GC(361) Survivor regions: 1->1(42)
[142.475s][info][gc,heap        ] GC(361) Old regions: 28->28
[142.475s][info][gc,heap        ] GC(361) Archive regions: 0->0
[142.475s][info][gc,heap        ] GC(361) Humongous regions: 0->0
[142.475s][info][gc,metaspace   ] GC(361) Metaspace: 14283K(15168K)->14283K(15168K) NonClass: 12322K(12864K)->12322K(12864K) Class: 1961K(2304K)->1961K(2304K)
[142.475s][info][gc             ] GC(361) Pause Young (Normal) (G1 Evacuation Pause) 672M->8M(1112M) 3.206ms
[142.475s][info][gc,cpu         ] GC(361) User=0.00s Sys=0.00s Real=0.00s
[142.897s][info][gc,start       ] GC(362) Pause Young (Normal) (G1 Evacuation Pause)
[142.897s][info][gc,task        ] GC(362) Using 33 workers of 33 for evacuation
[142.900s][info][gc,phases      ] GC(362)   Pre Evacuate Collection Set: 0.2ms
[142.900s][info][gc,phases      ] GC(362)   Merge Heap Roots: 0.2ms
[142.900s][info][gc,phases      ] GC(362)   Evacuate Collection Set: 0.4ms
[142.900s][info][gc,phases      ] GC(362)   Post Evacuate Collection Set: 2.2ms
[142.900s][info][gc,phases      ] GC(362)   Other: 0.1ms
[142.900s][info][gc,heap        ] GC(362) Eden regions: 332->0(332)
[142.900s][info][gc,heap        ] GC(362) Survivor regions: 1->1(42)
[142.900s][info][gc,heap        ] GC(362) Old regions: 28->28
[142.900s][info][gc,heap        ] GC(362) Archive regions: 0->0
[142.900s][info][gc,heap        ] GC(362) Humongous regions: 0->0
[142.900s][info][gc,metaspace   ] GC(362) Metaspace: 14283K(15168K)->14283K(15168K) NonClass: 12322K(12864K)->12322K(12864K) Class: 1961K(2304K)->1961K(2304K)
[142.900s][info][gc             ] GC(362) Pause Young (Normal) (G1 Evacuation Pause) 672M->8M(1112M) 3.281ms
[142.900s][info][gc,cpu         ] GC(362) User=0.00s Sys=0.00s Real=0.00s
[143.323s][info][gc,start       ] GC(363) Pause Young (Normal) (G1 Evacuation Pause)
[143.323s][info][gc,task        ] GC(363) Using 33 workers of 33 for evacuation
[143.326s][info][gc,phases      ] GC(363)   Pre Evacuate Collection Set: 0.1ms
[143.326s][info][gc,phases      ] GC(363)   Merge Heap Roots: 0.2ms
[143.326s][info][gc,phases      ] GC(363)   Evacuate Collection Set: 0.4ms
[143.326s][info][gc,phases      ] GC(363)   Post Evacuate Collection Set: 2.2ms
[143.326s][info][gc,phases      ] GC(363)   Other: 0.1ms
[143.326s][info][gc,heap        ] GC(363) Eden regions: 332->0(332)
[143.326s][info][gc,heap        ] GC(363) Survivor regions: 1->1(42)
[143.326s][info][gc,heap        ] GC(363) Old regions: 28->28
[143.326s][info][gc,heap        ] GC(363) Archive regions: 0->0
[143.326s][info][gc,heap        ] GC(363) Humongous regions: 0->0
[143.326s][info][gc,metaspace   ] GC(363) Metaspace: 14283K(15168K)->14283K(15168K) NonClass: 12322K(12864K)->12322K(12864K) Class: 1961K(2304K)->1961K(2304K)
[143.326s][info][gc             ] GC(363) Pause Young (Normal) (G1 Evacuation Pause) 672M->8M(1112M) 3.288ms
[143.326s][info][gc,cpu         ] GC(363) User=0.00s Sys=0.00s Real=0.00s
[143.751s][info][gc,start       ] GC(364) Pause Young (Normal) (G1 Evacuation Pause)
[143.751s][info][gc,task        ] GC(364) Using 33 workers of 33 for evacuation
[143.754s][info][gc,phases      ] GC(364)   Pre Evacuate Collection Set: 0.2ms
[143.754s][info][gc,phases      ] GC(364)   Merge Heap Roots: 0.2ms
[143.754s][info][gc,phases      ] GC(364)   Evacuate Collection Set: 0.4ms
[143.754s][info][gc,phases      ] GC(364)   Post Evacuate Collection Set: 2.3ms
[143.754s][info][gc,phases      ] GC(364)   Other: 0.1ms
[143.754s][info][gc,heap        ] GC(364) Eden regions: 332->0(332)
[143.754s][info][gc,heap        ] GC(364) Survivor regions: 1->1(42)
[143.754s][info][gc,heap        ] GC(364) Old regions: 28->28
[143.754s][info][gc,heap        ] GC(364) Archive regions: 0->0
[143.754s][info][gc,heap        ] GC(364) Humongous regions: 0->0
[143.754s][info][gc,metaspace   ] GC(364) Metaspace: 14283K(15168K)->14283K(15168K) NonClass: 12322K(12864K)->12322K(12864K) Class: 1961K(2304K)->1961K(2304K)
[143.754s][info][gc             ] GC(364) Pause Young (Normal) (G1 Evacuation Pause) 672M->8M(1112M) 3.375ms
[143.754s][info][gc,cpu         ] GC(364) User=0.05s Sys=0.00s Real=0.00s
[144.180s][info][gc,start       ] GC(365) Pause Young (Normal) (G1 Evacuation Pause)
[144.180s][info][gc,task        ] GC(365) Using 33 workers of 33 for evacuation
[144.184s][info][gc,phases      ] GC(365)   Pre Evacuate Collection Set: 0.1ms
[144.184s][info][gc,phases      ] GC(365)   Merge Heap Roots: 0.2ms
[144.184s][info][gc,phases      ] GC(365)   Evacuate Collection Set: 0.4ms
[144.184s][info][gc,phases      ] GC(365)   Post Evacuate Collection Set: 2.4ms
[144.184s][info][gc,phases      ] GC(365)   Other: 0.1ms
[144.184s][info][gc,heap        ] GC(365) Eden regions: 332->0(332)
[144.184s][info][gc,heap        ] GC(365) Survivor regions: 1->1(42)
[144.184s][info][gc,heap        ] GC(365) Old regions: 28->28
[144.184s][info][gc,heap        ] GC(365) Archive regions: 0->0
[144.184s][info][gc,heap        ] GC(365) Humongous regions: 0->0
[144.184s][info][gc,metaspace   ] GC(365) Metaspace: 14283K(15168K)->14283K(15168K) NonClass: 12322K(12864K)->12322K(12864K) Class: 1961K(2304K)->1961K(2304K)
[144.184s][info][gc             ] GC(365) Pause Young (Normal) (G1 Evacuation Pause) 672M->8M(1112M) 3.474ms
[144.184s][info][gc,cpu         ] GC(365) User=0.00s Sys=0.00s Real=0.00s
[144.673s][info][gc,start       ] GC(366) Pause Young (Normal) (G1 Evacuation Pause)
[144.674s][info][gc,task        ] GC(366) Using 33 workers of 33 for evacuation
[144.678s][info][gc,phases      ] GC(366)   Pre Evacuate Collection Set: 0.2ms
[144.678s][info][gc,phases      ] GC(366)   Merge Heap Roots: 0.3ms
[144.678s][info][gc,phases      ] GC(366)   Evacuate Collection Set: 0.7ms
[144.678s][info][gc,phases      ] GC(366)   Post Evacuate Collection Set: 3.1ms
[144.678s][info][gc,phases      ] GC(366)   Other: 0.2ms
[144.678s][info][gc,heap        ] GC(366) Eden regions: 332->0(332)
[144.678s][info][gc,heap        ] GC(366) Survivor regions: 1->1(42)
[144.678s][info][gc,heap        ] GC(366) Old regions: 28->28
[144.678s][info][gc,heap        ] GC(366) Archive regions: 0->0
[144.678s][info][gc,heap        ] GC(366) Humongous regions: 0->0
[144.678s][info][gc,metaspace   ] GC(366) Metaspace: 14283K(15168K)->14283K(15168K) NonClass: 12322K(12864K)->12322K(12864K) Class: 1961K(2304K)->1961K(2304K)
[144.678s][info][gc             ] GC(366) Pause Young (Normal) (G1 Evacuation Pause) 672M->8M(1112M) 5.003ms
[144.678s][info][gc,cpu         ] GC(366) User=0.00s Sys=0.00s Real=0.00s
[145.110s][info][gc,start       ] GC(367) Pause Young (Normal) (G1 Evacuation Pause)
[145.110s][info][gc,task        ] GC(367) Using 33 workers of 33 for evacuation
[145.113s][info][gc,phases      ] GC(367)   Pre Evacuate Collection Set: 0.1ms
[145.113s][info][gc,phases      ] GC(367)   Merge Heap Roots: 0.2ms
[145.113s][info][gc,phases      ] GC(367)   Evacuate Collection Set: 0.4ms
[145.113s][info][gc,phases      ] GC(367)   Post Evacuate Collection Set: 2.0ms
[145.113s][info][gc,phases      ] GC(367)   Other: 0.1ms
[145.113s][info][gc,heap        ] GC(367) Eden regions: 332->0(332)
[145.113s][info][gc,heap        ] GC(367) Survivor regions: 1->1(42)
[145.113s][info][gc,heap        ] GC(367) Old regions: 28->28
[145.113s][info][gc,heap        ] GC(367) Archive regions: 0->0
[145.113s][info][gc,heap        ] GC(367) Humongous regions: 0->0
[145.113s][info][gc,metaspace   ] GC(367) Metaspace: 14283K(15168K)->14283K(15168K) NonClass: 12322K(12864K)->12322K(12864K) Class: 1961K(2304K)->1961K(2304K)
[145.113s][info][gc             ] GC(367) Pause Young (Normal) (G1 Evacuation Pause) 672M->8M(1112M) 3.049ms
[145.113s][info][gc,cpu         ] GC(367) User=0.00s Sys=0.00s Real=0.00s
[145.538s][info][gc,start       ] GC(368) Pause Young (Normal) (G1 Evacuation Pause)
[145.538s][info][gc,task        ] GC(368) Using 33 workers of 33 for evacuation
[145.541s][info][gc,phases      ] GC(368)   Pre Evacuate Collection Set: 0.2ms
[145.541s][info][gc,phases      ] GC(368)   Merge Heap Roots: 0.2ms
[145.541s][info][gc,phases      ] GC(368)   Evacuate Collection Set: 0.4ms
[145.541s][info][gc,phases      ] GC(368)   Post Evacuate Collection Set: 1.9ms
[145.541s][info][gc,phases      ] GC(368)   Other: 0.1ms
[145.541s][info][gc,heap        ] GC(368) Eden regions: 332->0(332)
[145.541s][info][gc,heap        ] GC(368) Survivor regions: 1->1(42)
[145.541s][info][gc,heap        ] GC(368) Old regions: 28->28
[145.541s][info][gc,heap        ] GC(368) Archive regions: 0->0
[145.541s][info][gc,heap        ] GC(368) Humongous regions: 0->0
[145.541s][info][gc,metaspace   ] GC(368) Metaspace: 14283K(15168K)->14283K(15168K) NonClass: 12322K(12864K)->12322K(12864K) Class: 1961K(2304K)->1961K(2304K)
[145.541s][info][gc             ] GC(368) Pause Young (Normal) (G1 Evacuation Pause) 672M->8M(1112M) 2.909ms
[145.541s][info][gc,cpu         ] GC(368) User=0.00s Sys=0.00s Real=0.00s
[145.965s][info][gc,start       ] GC(369) Pause Young (Normal) (G1 Evacuation Pause)
[145.965s][info][gc,task        ] GC(369) Using 33 workers of 33 for evacuation
[145.968s][info][gc,phases      ] GC(369)   Pre Evacuate Collection Set: 0.1ms
[145.968s][info][gc,phases      ] GC(369)   Merge Heap Roots: 0.2ms
[145.968s][info][gc,phases      ] GC(369)   Evacuate Collection Set: 0.4ms
[145.968s][info][gc,phases      ] GC(369)   Post Evacuate Collection Set: 1.9ms
[145.968s][info][gc,phases      ] GC(369)   Other: 0.1ms
[145.968s][info][gc,heap        ] GC(369) Eden regions: 332->0(332)
[145.968s][info][gc,heap        ] GC(369) Survivor regions: 1->1(42)
[145.968s][info][gc,heap        ] GC(369) Old regions: 28->28
[145.968s][info][gc,heap        ] GC(369) Archive regions: 0->0
[145.968s][info][gc,heap        ] GC(369) Humongous regions: 0->0
[145.968s][info][gc,metaspace   ] GC(369) Metaspace: 14283K(15168K)->14283K(15168K) NonClass: 12322K(12864K)->12322K(12864K) Class: 1961K(2304K)->1961K(2304K)
[145.968s][info][gc             ] GC(369) Pause Young (Normal) (G1 Evacuation Pause) 672M->9M(1112M) 2.982ms
[145.968s][info][gc,cpu         ] GC(369) User=0.00s Sys=0.00s Real=0.00s
[146.393s][info][gc,start       ] GC(370) Pause Young (Normal) (G1 Evacuation Pause)
[146.393s][info][gc,task        ] GC(370) Using 33 workers of 33 for evacuation
[146.396s][info][gc,phases      ] GC(370)   Pre Evacuate Collection Set: 0.2ms
[146.396s][info][gc,phases      ] GC(370)   Merge Heap Roots: 0.2ms
[146.396s][info][gc,phases      ] GC(370)   Evacuate Collection Set: 0.4ms
[146.396s][info][gc,phases      ] GC(370)   Post Evacuate Collection Set: 2.1ms
[146.396s][info][gc,phases      ] GC(370)   Other: 0.1ms
[146.396s][info][gc,heap        ] GC(370) Eden regions: 332->0(332)
[146.396s][info][gc,heap        ] GC(370) Survivor regions: 1->1(42)
[146.396s][info][gc,heap        ] GC(370) Old regions: 28->28
[146.396s][info][gc,heap        ] GC(370) Archive regions: 0->0
[146.396s][info][gc,heap        ] GC(370) Humongous regions: 0->0
[146.396s][info][gc,metaspace   ] GC(370) Metaspace: 14283K(15168K)->14283K(15168K) NonClass: 12322K(12864K)->12322K(12864K) Class: 1961K(2304K)->1961K(2304K)
[146.396s][info][gc             ] GC(370) Pause Young (Normal) (G1 Evacuation Pause) 673M->9M(1112M) 3.112ms
[146.396s][info][gc,cpu         ] GC(370) User=0.52s Sys=0.00s Real=0.00s
[146.827s][info][gc,start       ] GC(371) Pause Young (Normal) (G1 Evacuation Pause)
[146.827s][info][gc,task        ] GC(371) Using 33 workers of 33 for evacuation
[146.830s][info][gc,phases      ] GC(371)   Pre Evacuate Collection Set: 0.2ms
[146.830s][info][gc,phases      ] GC(371)   Merge Heap Roots: 0.2ms
[146.830s][info][gc,phases      ] GC(371)   Evacuate Collection Set: 0.4ms
[146.830s][info][gc,phases      ] GC(371)   Post Evacuate Collection Set: 2.1ms
[146.830s][info][gc,phases      ] GC(371)   Other: 0.1ms
[146.830s][info][gc,heap        ] GC(371) Eden regions: 332->0(332)
[146.830s][info][gc,heap        ] GC(371) Survivor regions: 1->1(42)
[146.830s][info][gc,heap        ] GC(371) Old regions: 28->28
[146.830s][info][gc,heap        ] GC(371) Archive regions: 0->0
[146.830s][info][gc,heap        ] GC(371) Humongous regions: 0->0
[146.830s][info][gc,metaspace   ] GC(371) Metaspace: 14283K(15168K)->14283K(15168K) NonClass: 12322K(12864K)->12322K(12864K) Class: 1961K(2304K)->1961K(2304K)
[146.830s][info][gc             ] GC(371) Pause Young (Normal) (G1 Evacuation Pause) 673M->9M(1112M) 3.216ms
[146.831s][info][gc,cpu         ] GC(371) User=0.00s Sys=0.00s Real=0.00s
[147.270s][info][gc,start       ] GC(372) Pause Young (Normal) (G1 Evacuation Pause)
[147.270s][info][gc,task        ] GC(372) Using 33 workers of 33 for evacuation
[147.273s][info][gc,phases      ] GC(372)   Pre Evacuate Collection Set: 0.1ms
[147.273s][info][gc,phases      ] GC(372)   Merge Heap Roots: 0.2ms
[147.273s][info][gc,phases      ] GC(372)   Evacuate Collection Set: 0.4ms
[147.273s][info][gc,phases      ] GC(372)   Post Evacuate Collection Set: 2.1ms
[147.273s][info][gc,phases      ] GC(372)   Other: 0.1ms
[147.273s][info][gc,heap        ] GC(372) Eden regions: 332->0(332)
[147.273s][info][gc,heap        ] GC(372) Survivor regions: 1->1(42)
[147.273s][info][gc,heap        ] GC(372) Old regions: 28->28
[147.273s][info][gc,heap        ] GC(372) Archive regions: 0->0
[147.273s][info][gc,heap        ] GC(372) Humongous regions: 0->0
[147.273s][info][gc,metaspace   ] GC(372) Metaspace: 14283K(15168K)->14283K(15168K) NonClass: 12322K(12864K)->12322K(12864K) Class: 1961K(2304K)->1961K(2304K)
[147.273s][info][gc             ] GC(372) Pause Young (Normal) (G1 Evacuation Pause) 673M->9M(1112M) 3.190ms
[147.273s][info][gc,cpu         ] GC(372) User=0.00s Sys=0.00s Real=0.00s
[147.768s][info][gc,start       ] GC(373) Pause Young (Normal) (G1 Evacuation Pause)
[147.769s][info][gc,task        ] GC(373) Using 33 workers of 33 for evacuation
[147.772s][info][gc,phases      ] GC(373)   Pre Evacuate Collection Set: 0.2ms
[147.772s][info][gc,phases      ] GC(373)   Merge Heap Roots: 0.2ms
[147.772s][info][gc,phases      ] GC(373)   Evacuate Collection Set: 0.4ms
[147.772s][info][gc,phases      ] GC(373)   Post Evacuate Collection Set: 2.3ms
[147.772s][info][gc,phases      ] GC(373)   Other: 0.1ms
[147.772s][info][gc,heap        ] GC(373) Eden regions: 332->0(332)
[147.772s][info][gc,heap        ] GC(373) Survivor regions: 1->1(42)
[147.772s][info][gc,heap        ] GC(373) Old regions: 28->28
[147.772s][info][gc,heap        ] GC(373) Archive regions: 0->0
[147.772s][info][gc,heap        ] GC(373) Humongous regions: 0->0
[147.772s][info][gc,metaspace   ] GC(373) Metaspace: 14283K(15168K)->14283K(15168K) NonClass: 12322K(12864K)->12322K(12864K) Class: 1961K(2304K)->1961K(2304K)
[147.772s][info][gc             ] GC(373) Pause Young (Normal) (G1 Evacuation Pause) 673M->9M(1112M) 3.413ms
[147.772s][info][gc,cpu         ] GC(373) User=0.28s Sys=0.02s Real=0.00s
[148.081s][info][gc,start       ] GC(374) Pause Full (System.gc())
[148.082s][info][gc,task        ] GC(374) Using 29 workers of 33 for full compaction
[148.082s][info][gc,phases,start] GC(374) Phase 1: Mark live objects
[148.094s][info][gc,phases      ] GC(374) Phase 1: Mark live objects 11.702ms
[148.094s][info][gc,phases,start] GC(374) Phase 2: Prepare compaction
[148.096s][info][gc,phases      ] GC(374) Phase 2: Prepare compaction 2.097ms
[148.096s][info][gc,phases,start] GC(374) Phase 3: Adjust pointers
[148.101s][info][gc,phases      ] GC(374) Phase 3: Adjust pointers 5.068ms
[148.101s][info][gc,phases,start] GC(374) Phase 4: Compact heap
[148.102s][info][gc,phases      ] GC(374) Phase 4: Compact heap 0.616ms
[148.108s][info][gc,heap        ] GC(374) Eden regions: 199->0(50)
[148.108s][info][gc,heap        ] GC(374) Survivor regions: 1->0(42)
[148.108s][info][gc,heap        ] GC(374) Old regions: 28->25
[148.108s][info][gc,heap        ] GC(374) Archive regions: 0->0
[148.108s][info][gc,heap        ] GC(374) Humongous regions: 0->0
[148.108s][info][gc,metaspace   ] GC(374) Metaspace: 14283K(15168K)->14283K(15168K) NonClass: 12322K(12864K)->12322K(12864K) Class: 1961K(2304K)->1961K(2304K)
[148.108s][info][gc             ] GC(374) Pause Full (System.gc()) 406M->5M(168M) 26.908ms
[148.108s][info][gc,cpu         ] GC(374) User=0.00s Sys=0.45s Real=0.01s
[148.179s][info][gc,start       ] GC(375) Pause Young (Normal) (G1 Evacuation Pause)
[148.179s][info][gc,task        ] GC(375) Using 33 workers of 33 for evacuation
[148.181s][info][gc,phases      ] GC(375)   Pre Evacuate Collection Set: 0.1ms
[148.181s][info][gc,phases      ] GC(375)   Merge Heap Roots: 0.1ms
[148.181s][info][gc,phases      ] GC(375)   Evacuate Collection Set: 0.4ms
[148.181s][info][gc,phases      ] GC(375)   Post Evacuate Collection Set: 1.7ms
[148.181s][info][gc,phases      ] GC(375)   Other: 0.1ms
[148.181s][info][gc,heap        ] GC(375) Eden regions: 50->0(49)
[148.181s][info][gc,heap        ] GC(375) Survivor regions: 0->1(7)
[148.181s][info][gc,heap        ] GC(375) Old regions: 25->25
[148.181s][info][gc,heap        ] GC(375) Archive regions: 0->0
[148.181s][info][gc,heap        ] GC(375) Humongous regions: 0->0
[148.181s][info][gc,metaspace   ] GC(375) Metaspace: 14283K(15168K)->14283K(15168K) NonClass: 12322K(12864K)->12322K(12864K) Class: 1961K(2304K)->1961K(2304K)
[148.181s][info][gc             ] GC(375) Pause Young (Normal) (G1 Evacuation Pause) 105M->6M(168M) 2.662ms
[148.181s][info][gc,cpu         ] GC(375) User=0.00s Sys=0.00s Real=0.00s
[148.254s][info][gc,start       ] GC(376) Pause Young (Normal) (G1 Evacuation Pause)
[148.254s][info][gc,task        ] GC(376) Using 33 workers of 33 for evacuation
[148.257s][info][gc,phases      ] GC(376)   Pre Evacuate Collection Set: 0.1ms
[148.257s][info][gc,phases      ] GC(376)   Merge Heap Roots: 0.1ms
[148.257s][info][gc,phases      ] GC(376)   Evacuate Collection Set: 0.5ms
[148.257s][info][gc,phases      ] GC(376)   Post Evacuate Collection Set: 1.8ms
[148.257s][info][gc,phases      ] GC(376)   Other: 0.1ms
[148.257s][info][gc,heap        ] GC(376) Eden regions: 49->0(49)
[148.257s][info][gc,heap        ] GC(376) Survivor regions: 1->1(7)
[148.257s][info][gc,heap        ] GC(376) Old regions: 25->25
[148.257s][info][gc,heap        ] GC(376) Archive regions: 0->0
[148.257s][info][gc,heap        ] GC(376) Humongous regions: 0->0
[148.257s][info][gc,metaspace   ] GC(376) Metaspace: 14283K(15168K)->14283K(15168K) NonClass: 12322K(12864K)->12322K(12864K) Class: 1961K(2304K)->1961K(2304K)
[148.257s][info][gc             ] GC(376) Pause Young (Normal) (G1 Evacuation Pause) 104M->6M(168M) 2.798ms
[148.257s][info][gc,cpu         ] GC(376) User=0.00s Sys=0.00s Real=0.00s
[148.332s][info][gc,start       ] GC(377) Pause Young (Normal) (G1 Evacuation Pause)
[148.333s][info][gc,task        ] GC(377) Using 33 workers of 33 for evacuation
[148.335s][info][gc,phases      ] GC(377)   Pre Evacuate Collection Set: 0.1ms
[148.335s][info][gc,phases      ] GC(377)   Merge Heap Roots: 0.1ms
[148.335s][info][gc,phases      ] GC(377)   Evacuate Collection Set: 0.5ms
[148.335s][info][gc,phases      ] GC(377)   Post Evacuate Collection Set: 1.8ms
[148.335s][info][gc,phases      ] GC(377)   Other: 0.1ms
[148.335s][info][gc,heap        ] GC(377) Eden regions: 49->0(49)
[148.335s][info][gc,heap        ] GC(377) Survivor regions: 1->1(7)
[148.335s][info][gc,heap        ] GC(377) Old regions: 25->25
[148.335s][info][gc,heap        ] GC(377) Archive regions: 0->0
[148.335s][info][gc,heap        ] GC(377) Humongous regions: 0->0
[148.335s][info][gc,metaspace   ] GC(377) Metaspace: 14283K(15168K)->14283K(15168K) NonClass: 12322K(12864K)->12322K(12864K) Class: 1961K(2304K)->1961K(2304K)
[148.335s][info][gc             ] GC(377) Pause Young (Normal) (G1 Evacuation Pause) 104M->6M(168M) 2.749ms
[148.335s][info][gc,cpu         ] GC(377) User=0.00s Sys=0.00s Real=0.00s
[148.398s][info][gc,start       ] GC(378) Pause Young (Normal) (G1 Evacuation Pause)
[148.398s][info][gc,task        ] GC(378) Using 33 workers of 33 for evacuation
[148.403s][info][gc,phases      ] GC(378)   Pre Evacuate Collection Set: 0.1ms
[148.403s][info][gc,phases      ] GC(378)   Merge Heap Roots: 0.1ms
[148.403s][info][gc,phases      ] GC(378)   Evacuate Collection Set: 0.5ms
[148.403s][info][gc,phases      ] GC(378)   Post Evacuate Collection Set: 4.8ms
[148.403s][info][gc,phases      ] GC(378)   Other: 0.1ms
[148.403s][info][gc,heap        ] GC(378) Eden regions: 49->0(331)
[148.404s][info][gc,heap        ] GC(378) Survivor regions: 1->1(7)
[148.404s][info][gc,heap        ] GC(378) Old regions: 25->25
[148.404s][info][gc,heap        ] GC(378) Archive regions: 0->0
[148.404s][info][gc,heap        ] GC(378) Humongous regions: 0->0
[148.404s][info][gc,metaspace   ] GC(378) Metaspace: 14283K(15168K)->14283K(15168K) NonClass: 12322K(12864K)->12322K(12864K) Class: 1961K(2304K)->1961K(2304K)
[148.404s][info][gc             ] GC(378) Pause Young (Normal) (G1 Evacuation Pause) 104M->6M(1108M) 5.768ms
[148.404s][info][gc,cpu         ] GC(378) User=0.00s Sys=0.00s Real=0.01s
[148.849s][info][gc,start       ] GC(379) Pause Young (Normal) (G1 Evacuation Pause)
[148.849s][info][gc,task        ] GC(379) Using 33 workers of 33 for evacuation
[148.854s][info][gc,phases      ] GC(379)   Pre Evacuate Collection Set: 0.2ms
[148.854s][info][gc,phases      ] GC(379)   Merge Heap Roots: 0.1ms
[148.854s][info][gc,phases      ] GC(379)   Evacuate Collection Set: 1.9ms
[148.854s][info][gc,phases      ] GC(379)   Post Evacuate Collection Set: 2.3ms
[148.854s][info][gc,phases      ] GC(379)   Other: 0.1ms
[148.854s][info][gc,heap        ] GC(379) Eden regions: 331->0(331)
[148.854s][info][gc,heap        ] GC(379) Survivor regions: 1->1(42)
[148.854s][info][gc,heap        ] GC(379) Old regions: 25->25
[148.854s][info][gc,heap        ] GC(379) Archive regions: 0->0
[148.854s][info][gc,heap        ] GC(379) Humongous regions: 0->0
[148.854s][info][gc,metaspace   ] GC(379) Metaspace: 14283K(15168K)->14283K(15168K) NonClass: 12322K(12864K)->12322K(12864K) Class: 1961K(2304K)->1961K(2304K)
[148.854s][info][gc             ] GC(379) Pause Young (Normal) (G1 Evacuation Pause) 668M->6M(1108M) 4.736ms
[148.854s][info][gc,cpu         ] GC(379) User=0.00s Sys=0.00s Real=0.01s
[149.270s][info][gc,start       ] GC(380) Pause Young (Normal) (G1 Evacuation Pause)
[149.271s][info][gc,task        ] GC(380) Using 33 workers of 33 for evacuation
[149.275s][info][gc,phases      ] GC(380)   Pre Evacuate Collection Set: 0.2ms
[149.275s][info][gc,phases      ] GC(380)   Merge Heap Roots: 0.1ms
[149.275s][info][gc,phases      ] GC(380)   Evacuate Collection Set: 2.0ms
[149.275s][info][gc,phases      ] GC(380)   Post Evacuate Collection Set: 2.3ms
[149.275s][info][gc,phases      ] GC(380)   Other: 0.1ms
[149.275s][info][gc,heap        ] GC(380) Eden regions: 331->0(331)
[149.275s][info][gc,heap        ] GC(380) Survivor regions: 1->1(42)
[149.275s][info][gc,heap        ] GC(380) Old regions: 25->25
[149.275s][info][gc,heap        ] GC(380) Archive regions: 0->0
[149.275s][info][gc,heap        ] GC(380) Humongous regions: 0->0
[149.275s][info][gc,metaspace   ] GC(380) Metaspace: 14283K(15168K)->14283K(15168K) NonClass: 12322K(12864K)->12322K(12864K) Class: 1961K(2304K)->1961K(2304K)
[149.275s][info][gc             ] GC(380) Pause Young (Normal) (G1 Evacuation Pause) 668M->6M(1108M) 4.940ms
[149.275s][info][gc,cpu         ] GC(380) User=0.00s Sys=0.00s Real=0.01s
[149.689s][info][gc,start       ] GC(381) Pause Young (Normal) (G1 Evacuation Pause)
[149.689s][info][gc,task        ] GC(381) Using 33 workers of 33 for evacuation
[149.692s][info][gc,phases      ] GC(381)   Pre Evacuate Collection Set: 0.1ms
[149.692s][info][gc,phases      ] GC(381)   Merge Heap Roots: 0.1ms
[149.692s][info][gc,phases      ] GC(381)   Evacuate Collection Set: 0.6ms
[149.692s][info][gc,phases      ] GC(381)   Post Evacuate Collection Set: 2.4ms
[149.692s][info][gc,phases      ] GC(381)   Other: 0.1ms
[149.692s][info][gc,heap        ] GC(381) Eden regions: 331->0(331)
[149.692s][info][gc,heap        ] GC(381) Survivor regions: 1->1(42)
[149.692s][info][gc,heap        ] GC(381) Old regions: 25->25
[149.693s][info][gc,heap        ] GC(381) Archive regions: 0->0
[149.693s][info][gc,heap        ] GC(381) Humongous regions: 0->0
[149.693s][info][gc,metaspace   ] GC(381) Metaspace: 14283K(15168K)->14283K(15168K) NonClass: 12322K(12864K)->12322K(12864K) Class: 1961K(2304K)->1961K(2304K)
[149.693s][info][gc             ] GC(381) Pause Young (Normal) (G1 Evacuation Pause) 668M->6M(1108M) 3.646ms
[149.693s][info][gc,cpu         ] GC(381) User=0.52s Sys=0.00s Real=0.00s
[150.111s][info][gc,start       ] GC(382) Pause Young (Normal) (G1 Evacuation Pause)
[150.111s][info][gc,task        ] GC(382) Using 33 workers of 33 for evacuation
[150.114s][info][gc,phases      ] GC(382)   Pre Evacuate Collection Set: 0.1ms
[150.114s][info][gc,phases      ] GC(382)   Merge Heap Roots: 0.1ms
[150.114s][info][gc,phases      ] GC(382)   Evacuate Collection Set: 0.7ms
[150.114s][info][gc,phases      ] GC(382)   Post Evacuate Collection Set: 2.0ms
[150.114s][info][gc,phases      ] GC(382)   Other: 0.1ms
[150.114s][info][gc,heap        ] GC(382) Eden regions: 331->0(331)
[150.114s][info][gc,heap        ] GC(382) Survivor regions: 1->1(42)
[150.114s][info][gc,heap        ] GC(382) Old regions: 25->25
[150.114s][info][gc,heap        ] GC(382) Archive regions: 0->0
[150.114s][info][gc,heap        ] GC(382) Humongous regions: 0->0
[150.114s][info][gc,metaspace   ] GC(382) Metaspace: 14283K(15168K)->14283K(15168K) NonClass: 12322K(12864K)->12322K(12864K) Class: 1961K(2304K)->1961K(2304K)
[150.114s][info][gc             ] GC(382) Pause Young (Normal) (G1 Evacuation Pause) 668M->7M(1108M) 3.303ms
[150.114s][info][gc,cpu         ] GC(382) User=0.52s Sys=0.00s Real=0.00s
[150.527s][info][gc,start       ] GC(383) Pause Young (Normal) (G1 Evacuation Pause)
[150.527s][info][gc,task        ] GC(383) Using 33 workers of 33 for evacuation
[150.530s][info][gc,phases      ] GC(383)   Pre Evacuate Collection Set: 0.1ms
[150.530s][info][gc,phases      ] GC(383)   Merge Heap Roots: 0.1ms
[150.530s][info][gc,phases      ] GC(383)   Evacuate Collection Set: 0.5ms
[150.530s][info][gc,phases      ] GC(383)   Post Evacuate Collection Set: 2.1ms
[150.530s][info][gc,phases      ] GC(383)   Other: 0.1ms
[150.530s][info][gc,heap        ] GC(383) Eden regions: 331->0(331)
[150.530s][info][gc,heap        ] GC(383) Survivor regions: 1->1(42)
[150.530s][info][gc,heap        ] GC(383) Old regions: 25->25
[150.530s][info][gc,heap        ] GC(383) Archive regions: 0->0
[150.530s][info][gc,heap        ] GC(383) Humongous regions: 0->0
[150.530s][info][gc,metaspace   ] GC(383) Metaspace: 14283K(15168K)->14283K(15168K) NonClass: 12322K(12864K)->12322K(12864K) Class: 1961K(2304K)->1961K(2304K)
[150.530s][info][gc             ] GC(383) Pause Young (Normal) (G1 Evacuation Pause) 669M->7M(1108M) 3.207ms
[150.530s][info][gc,cpu         ] GC(383) User=0.00s Sys=0.00s Real=0.00s
[150.948s][info][gc,start       ] GC(384) Pause Young (Normal) (G1 Evacuation Pause)
[150.948s][info][gc,task        ] GC(384) Using 33 workers of 33 for evacuation
[150.951s][info][gc,phases      ] GC(384)   Pre Evacuate Collection Set: 0.1ms
[150.951s][info][gc,phases      ] GC(384)   Merge Heap Roots: 0.2ms
[150.951s][info][gc,phases      ] GC(384)   Evacuate Collection Set: 0.7ms
[150.951s][info][gc,phases      ] GC(384)   Post Evacuate Collection Set: 2.0ms
[150.951s][info][gc,phases      ] GC(384)   Other: 0.1ms
[150.951s][info][gc,heap        ] GC(384) Eden regions: 331->0(331)
[150.951s][info][gc,heap        ] GC(384) Survivor regions: 1->1(42)
[150.951s][info][gc,heap        ] GC(384) Old regions: 25->25
[150.951s][info][gc,heap        ] GC(384) Archive regions: 0->0
[150.951s][info][gc,heap        ] GC(384) Humongous regions: 0->0
[150.951s][info][gc,metaspace   ] GC(384) Metaspace: 14283K(15168K)->14283K(15168K) NonClass: 12322K(12864K)->12322K(12864K) Class: 1961K(2304K)->1961K(2304K)
[150.951s][info][gc             ] GC(384) Pause Young (Normal) (G1 Evacuation Pause) 669M->7M(1108M) 3.347ms
[150.951s][info][gc,cpu         ] GC(384) User=0.00s Sys=0.00s Real=0.00s
[151.370s][info][gc,start       ] GC(385) Pause Young (Normal) (G1 Evacuation Pause)
[151.370s][info][gc,task        ] GC(385) Using 33 workers of 33 for evacuation
[151.373s][info][gc,phases      ] GC(385)   Pre Evacuate Collection Set: 0.1ms
[151.373s][info][gc,phases      ] GC(385)   Merge Heap Roots: 0.1ms
[151.373s][info][gc,phases      ] GC(385)   Evacuate Collection Set: 0.6ms
[151.373s][info][gc,phases      ] GC(385)   Post Evacuate Collection Set: 2.1ms
[151.373s][info][gc,phases      ] GC(385)   Other: 0.1ms
[151.373s][info][gc,heap        ] GC(385) Eden regions: 331->0(331)
[151.373s][info][gc,heap        ] GC(385) Survivor regions: 1->1(42)
[151.373s][info][gc,heap        ] GC(385) Old regions: 25->25
[151.374s][info][gc,heap        ] GC(385) Archive regions: 0->0
[151.374s][info][gc,heap        ] GC(385) Humongous regions: 0->0
[151.374s][info][gc,metaspace   ] GC(385) Metaspace: 14283K(15168K)->14283K(15168K) NonClass: 12322K(12864K)->12322K(12864K) Class: 1961K(2304K)->1961K(2304K)
[151.374s][info][gc             ] GC(385) Pause Young (Normal) (G1 Evacuation Pause) 669M->7M(1108M) 3.293ms
[151.374s][info][gc,cpu         ] GC(385) User=0.00s Sys=0.00s Real=0.00s
[151.788s][info][gc,start       ] GC(386) Pause Young (Normal) (G1 Evacuation Pause)
[151.788s][info][gc,task        ] GC(386) Using 33 workers of 33 for evacuation
[151.791s][info][gc,phases      ] GC(386)   Pre Evacuate Collection Set: 0.2ms
[151.791s][info][gc,phases      ] GC(386)   Merge Heap Roots: 0.1ms
[151.791s][info][gc,phases      ] GC(386)   Evacuate Collection Set: 0.7ms
[151.791s][info][gc,phases      ] GC(386)   Post Evacuate Collection Set: 2.1ms
[151.791s][info][gc,phases      ] GC(386)   Other: 0.1ms
[151.791s][info][gc,heap        ] GC(386) Eden regions: 331->0(330)
[151.791s][info][gc,heap        ] GC(386) Survivor regions: 1->2(42)
[151.791s][info][gc,heap        ] GC(386) Old regions: 25->25
[151.791s][info][gc,heap        ] GC(386) Archive regions: 0->0
[151.791s][info][gc,heap        ] GC(386) Humongous regions: 0->0
[151.791s][info][gc,metaspace   ] GC(386) Metaspace: 14283K(15168K)->14283K(15168K) NonClass: 12322K(12864K)->12322K(12864K) Class: 1961K(2304K)->1961K(2304K)
[151.791s][info][gc             ] GC(386) Pause Young (Normal) (G1 Evacuation Pause) 669M->7M(1108M) 3.432ms
[151.791s][info][gc,cpu         ] GC(386) User=0.00s Sys=0.00s Real=0.00s
[152.205s][info][gc,start       ] GC(387) Pause Young (Normal) (G1 Evacuation Pause)
[152.205s][info][gc,task        ] GC(387) Using 33 workers of 33 for evacuation
[152.208s][info][gc,phases      ] GC(387)   Pre Evacuate Collection Set: 0.2ms
[152.208s][info][gc,phases      ] GC(387)   Merge Heap Roots: 0.1ms
[152.208s][info][gc,phases      ] GC(387)   Evacuate Collection Set: 0.9ms
[152.208s][info][gc,phases      ] GC(387)   Post Evacuate Collection Set: 2.1ms
[152.208s][info][gc,phases      ] GC(387)   Other: 0.1ms
[152.208s][info][gc,heap        ] GC(387) Eden regions: 330->0(330)
[152.208s][info][gc,heap        ] GC(387) Survivor regions: 2->2(42)
[152.208s][info][gc,heap        ] GC(387) Old regions: 25->25
[152.208s][info][gc,heap        ] GC(387) Archive regions: 0->0
[152.208s][info][gc,heap        ] GC(387) Humongous regions: 0->0
[152.208s][info][gc,metaspace   ] GC(387) Metaspace: 14283K(15168K)->14283K(15168K) NonClass: 12322K(12864K)->12322K(12864K) Class: 1961K(2304K)->1961K(2304K)
[152.209s][info][gc             ] GC(387) Pause Young (Normal) (G1 Evacuation Pause) 667M->7M(1108M) 3.624ms
[152.209s][info][gc,cpu         ] GC(387) User=0.52s Sys=0.00s Real=0.00s
[152.626s][info][gc,start       ] GC(388) Pause Young (Normal) (G1 Evacuation Pause)
[152.626s][info][gc,task        ] GC(388) Using 33 workers of 33 for evacuation
[152.629s][info][gc,phases      ] GC(388)   Pre Evacuate Collection Set: 0.2ms
[152.629s][info][gc,phases      ] GC(388)   Merge Heap Roots: 0.1ms
[152.629s][info][gc,phases      ] GC(388)   Evacuate Collection Set: 0.7ms
[152.629s][info][gc,phases      ] GC(388)   Post Evacuate Collection Set: 2.2ms
[152.629s][info][gc,phases      ] GC(388)   Other: 0.1ms
[152.629s][info][gc,heap        ] GC(388) Eden regions: 330->0(330)
[152.629s][info][gc,heap        ] GC(388) Survivor regions: 2->2(42)
[152.629s][info][gc,heap        ] GC(388) Old regions: 25->25
[152.629s][info][gc,heap        ] GC(388) Archive regions: 0->0
[152.629s][info][gc,heap        ] GC(388) Humongous regions: 0->0
[152.629s][info][gc,metaspace   ] GC(388) Metaspace: 14283K(15168K)->14283K(15168K) NonClass: 12322K(12864K)->12322K(12864K) Class: 1961K(2304K)->1961K(2304K)
[152.629s][info][gc             ] GC(388) Pause Young (Normal) (G1 Evacuation Pause) 667M->7M(1108M) 3.572ms
[152.629s][info][gc,cpu         ] GC(388) User=0.52s Sys=0.00s Real=0.00s
[153.045s][info][gc,start       ] GC(389) Pause Young (Normal) (G1 Evacuation Pause)
[153.045s][info][gc,task        ] GC(389) Using 33 workers of 33 for evacuation
[153.048s][info][gc,phases      ] GC(389)   Pre Evacuate Collection Set: 0.1ms
[153.048s][info][gc,phases      ] GC(389)   Merge Heap Roots: 0.1ms
[153.048s][info][gc,phases      ] GC(389)   Evacuate Collection Set: 0.5ms
[153.048s][info][gc,phases      ] GC(389)   Post Evacuate Collection Set: 2.2ms
[153.048s][info][gc,phases      ] GC(389)   Other: 0.1ms
[153.048s][info][gc,heap        ] GC(389) Eden regions: 330->0(330)
[153.048s][info][gc,heap        ] GC(389) Survivor regions: 2->2(42)
[153.049s][info][gc,heap        ] GC(389) Old regions: 25->25
[153.049s][info][gc,heap        ] GC(389) Archive regions: 0->0
[153.049s][info][gc,heap        ] GC(389) Humongous regions: 0->0
[153.049s][info][gc,metaspace   ] GC(389) Metaspace: 14283K(15168K)->14283K(15168K) NonClass: 12322K(12864K)->12322K(12864K) Class: 1961K(2304K)->1961K(2304K)
[153.049s][info][gc             ] GC(389) Pause Young (Normal) (G1 Evacuation Pause) 667M->7M(1108M) 3.392ms
[153.049s][info][gc,cpu         ] GC(389) User=0.00s Sys=0.00s Real=0.00s
[153.465s][info][gc,start       ] GC(390) Pause Young (Normal) (G1 Evacuation Pause)
[153.465s][info][gc,task        ] GC(390) Using 33 workers of 33 for evacuation
[153.468s][info][gc,phases      ] GC(390)   Pre Evacuate Collection Set: 0.1ms
[153.468s][info][gc,phases      ] GC(390)   Merge Heap Roots: 0.2ms
[153.468s][info][gc,phases      ] GC(390)   Evacuate Collection Set: 0.6ms
[153.468s][info][gc,phases      ] GC(390)   Post Evacuate Collection Set: 2.3ms
[153.468s][info][gc,phases      ] GC(390)   Other: 0.1ms
[153.468s][info][gc,heap        ] GC(390) Eden regions: 330->0(331)
[153.468s][info][gc,heap        ] GC(390) Survivor regions: 2->1(42)
[153.468s][info][gc,heap        ] GC(390) Old regions: 25->26
[153.468s][info][gc,heap        ] GC(390) Archive regions: 0->0
[153.468s][info][gc,heap        ] GC(390) Humongous regions: 0->0
[153.468s][info][gc,metaspace   ] GC(390) Metaspace: 14283K(15168K)->14283K(15168K) NonClass: 12322K(12864K)->12322K(12864K) Class: 1961K(2304K)->1961K(2304K)
[153.468s][info][gc             ] GC(390) Pause Young (Normal) (G1 Evacuation Pause) 667M->7M(1108M) 3.556ms
[153.468s][info][gc,cpu         ] GC(390) User=0.00s Sys=0.00s Real=0.00s
[153.891s][info][gc,start       ] GC(391) Pause Young (Normal) (G1 Evacuation Pause)
[153.891s][info][gc,task        ] GC(391) Using 33 workers of 33 for evacuation
[153.894s][info][gc,phases      ] GC(391)   Pre Evacuate Collection Set: 0.2ms
[153.894s][info][gc,phases      ] GC(391)   Merge Heap Roots: 0.2ms
[153.894s][info][gc,phases      ] GC(391)   Evacuate Collection Set: 0.4ms
[153.894s][info][gc,phases      ] GC(391)   Post Evacuate Collection Set: 2.4ms
[153.894s][info][gc,phases      ] GC(391)   Other: 0.1ms
[153.894s][info][gc,heap        ] GC(391) Eden regions: 331->0(331)
[153.894s][info][gc,heap        ] GC(391) Survivor regions: 1->1(42)
[153.894s][info][gc,heap        ] GC(391) Old regions: 26->26
[153.894s][info][gc,heap        ] GC(391) Archive regions: 0->0
[153.894s][info][gc,heap        ] GC(391) Humongous regions: 0->0
[153.894s][info][gc,metaspace   ] GC(391) Metaspace: 14283K(15168K)->14283K(15168K) NonClass: 12322K(12864K)->12322K(12864K) Class: 1961K(2304K)->1961K(2304K)
[153.894s][info][gc             ] GC(391) Pause Young (Normal) (G1 Evacuation Pause) 669M->7M(1108M) 3.467ms
[153.894s][info][gc,cpu         ] GC(391) User=0.03s Sys=0.00s Real=0.00s
[154.321s][info][gc,start       ] GC(392) Pause Young (Normal) (G1 Evacuation Pause)
[154.321s][info][gc,task        ] GC(392) Using 33 workers of 33 for evacuation
[154.324s][info][gc,phases      ] GC(392)   Pre Evacuate Collection Set: 0.1ms
[154.324s][info][gc,phases      ] GC(392)   Merge Heap Roots: 0.1ms
[154.324s][info][gc,phases      ] GC(392)   Evacuate Collection Set: 0.4ms
[154.324s][info][gc,phases      ] GC(392)   Post Evacuate Collection Set: 2.4ms
[154.324s][info][gc,phases      ] GC(392)   Other: 0.1ms
[154.324s][info][gc,heap        ] GC(392) Eden regions: 331->0(331)
[154.324s][info][gc,heap        ] GC(392) Survivor regions: 1->1(42)
[154.324s][info][gc,heap        ] GC(392) Old regions: 26->26
[154.324s][info][gc,heap        ] GC(392) Archive regions: 0->0
[154.324s][info][gc,heap        ] GC(392) Humongous regions: 0->0
[154.324s][info][gc,metaspace   ] GC(392) Metaspace: 14283K(15168K)->14283K(15168K) NonClass: 12322K(12864K)->12322K(12864K) Class: 1961K(2304K)->1961K(2304K)
[154.324s][info][gc             ] GC(392) Pause Young (Normal) (G1 Evacuation Pause) 669M->7M(1108M) 3.508ms
[154.324s][info][gc,cpu         ] GC(392) User=0.00s Sys=0.00s Real=0.00s
[154.751s][info][gc,start       ] GC(393) Pause Young (Normal) (G1 Evacuation Pause)
[154.751s][info][gc,task        ] GC(393) Using 33 workers of 33 for evacuation
[154.754s][info][gc,phases      ] GC(393)   Pre Evacuate Collection Set: 0.2ms
[154.755s][info][gc,phases      ] GC(393)   Merge Heap Roots: 0.2ms
[154.755s][info][gc,phases      ] GC(393)   Evacuate Collection Set: 0.4ms
[154.755s][info][gc,phases      ] GC(393)   Post Evacuate Collection Set: 2.3ms
[154.755s][info][gc,phases      ] GC(393)   Other: 0.2ms
[154.755s][info][gc,heap        ] GC(393) Eden regions: 331->0(331)
[154.755s][info][gc,heap        ] GC(393) Survivor regions: 1->1(42)
[154.755s][info][gc,heap        ] GC(393) Old regions: 26->26
[154.755s][info][gc,heap        ] GC(393) Archive regions: 0->0
[154.755s][info][gc,heap        ] GC(393) Humongous regions: 0->0
[154.755s][info][gc,metaspace   ] GC(393) Metaspace: 14283K(15168K)->14283K(15168K) NonClass: 12322K(12864K)->12322K(12864K) Class: 1961K(2304K)->1961K(2304K)
[154.755s][info][gc             ] GC(393) Pause Young (Normal) (G1 Evacuation Pause) 669M->7M(1108M) 3.491ms
[154.755s][info][gc,cpu         ] GC(393) User=0.00s Sys=0.00s Real=0.00s
[155.182s][info][gc,start       ] GC(394) Pause Young (Normal) (G1 Evacuation Pause)
[155.182s][info][gc,task        ] GC(394) Using 33 workers of 33 for evacuation
[155.185s][info][gc,phases      ] GC(394)   Pre Evacuate Collection Set: 0.2ms
[155.185s][info][gc,phases      ] GC(394)   Merge Heap Roots: 0.2ms
[155.185s][info][gc,phases      ] GC(394)   Evacuate Collection Set: 0.4ms
[155.185s][info][gc,phases      ] GC(394)   Post Evacuate Collection Set: 2.1ms
[155.185s][info][gc,phases      ] GC(394)   Other: 0.1ms
[155.185s][info][gc,heap        ] GC(394) Eden regions: 331->0(331)
[155.185s][info][gc,heap        ] GC(394) Survivor regions: 1->1(42)
[155.185s][info][gc,heap        ] GC(394) Old regions: 26->26
[155.185s][info][gc,heap        ] GC(394) Archive regions: 0->0
[155.185s][info][gc,heap        ] GC(394) Humongous regions: 0->0
[155.185s][info][gc,metaspace   ] GC(394) Metaspace: 14283K(15168K)->14283K(15168K) NonClass: 12322K(12864K)->12322K(12864K) Class: 1961K(2304K)->1961K(2304K)
[155.185s][info][gc             ] GC(394) Pause Young (Normal) (G1 Evacuation Pause) 669M->7M(1108M) 3.190ms
[155.185s][info][gc,cpu         ] GC(394) User=0.00s Sys=0.00s Real=0.00s
[155.610s][info][gc,start       ] GC(395) Pause Young (Normal) (G1 Evacuation Pause)
[155.614s][info][gc,task        ] GC(395) Using 33 workers of 33 for evacuation
[155.617s][info][gc,phases      ] GC(395)   Pre Evacuate Collection Set: 0.1ms
[155.617s][info][gc,phases      ] GC(395)   Merge Heap Roots: 0.1ms
[155.617s][info][gc,phases      ] GC(395)   Evacuate Collection Set: 0.4ms
[155.617s][info][gc,phases      ] GC(395)   Post Evacuate Collection Set: 2.1ms
[155.617s][info][gc,phases      ] GC(395)   Other: 0.1ms
[155.617s][info][gc,heap        ] GC(395) Eden regions: 331->0(331)
[155.617s][info][gc,heap        ] GC(395) Survivor regions: 1->1(42)
[155.617s][info][gc,heap        ] GC(395) Old regions: 26->26
[155.617s][info][gc,heap        ] GC(395) Archive regions: 0->0
[155.617s][info][gc,heap        ] GC(395) Humongous regions: 0->0
[155.617s][info][gc,metaspace   ] GC(395) Metaspace: 14283K(15168K)->14283K(15168K) NonClass: 12322K(12864K)->12322K(12864K) Class: 1961K(2304K)->1961K(2304K)
[155.617s][info][gc             ] GC(395) Pause Young (Normal) (G1 Evacuation Pause) 669M->7M(1108M) 7.102ms
[155.617s][info][gc,cpu         ] GC(395) User=0.00s Sys=0.00s Real=0.01s
[156.043s][info][gc,start       ] GC(396) Pause Young (Normal) (G1 Evacuation Pause)
[156.043s][info][gc,task        ] GC(396) Using 33 workers of 33 for evacuation
[156.046s][info][gc,phases      ] GC(396)   Pre Evacuate Collection Set: 0.1ms
[156.046s][info][gc,phases      ] GC(396)   Merge Heap Roots: 0.2ms
[156.046s][info][gc,phases      ] GC(396)   Evacuate Collection Set: 0.5ms
[156.046s][info][gc,phases      ] GC(396)   Post Evacuate Collection Set: 2.1ms
[156.046s][info][gc,phases      ] GC(396)   Other: 0.1ms
[156.046s][info][gc,heap        ] GC(396) Eden regions: 331->0(331)
[156.046s][info][gc,heap        ] GC(396) Survivor regions: 1->1(42)
[156.046s][info][gc,heap        ] GC(396) Old regions: 26->26
[156.046s][info][gc,heap        ] GC(396) Archive regions: 0->0
[156.046s][info][gc,heap        ] GC(396) Humongous regions: 0->0
[156.046s][info][gc,metaspace   ] GC(396) Metaspace: 14283K(15168K)->14283K(15168K) NonClass: 12322K(12864K)->12322K(12864K) Class: 1961K(2304K)->1961K(2304K)
[156.046s][info][gc             ] GC(396) Pause Young (Normal) (G1 Evacuation Pause) 669M->8M(1108M) 3.168ms
[156.046s][info][gc,cpu         ] GC(396) User=0.00s Sys=0.00s Real=0.00s
[156.472s][info][gc,start       ] GC(397) Pause Young (Normal) (G1 Evacuation Pause)
[156.472s][info][gc,task        ] GC(397) Using 33 workers of 33 for evacuation
[156.475s][info][gc,phases      ] GC(397)   Pre Evacuate Collection Set: 0.2ms
[156.475s][info][gc,phases      ] GC(397)   Merge Heap Roots: 0.1ms
[156.475s][info][gc,phases      ] GC(397)   Evacuate Collection Set: 0.4ms
[156.475s][info][gc,phases      ] GC(397)   Post Evacuate Collection Set: 2.1ms
[156.475s][info][gc,phases      ] GC(397)   Other: 0.1ms
[156.475s][info][gc,heap        ] GC(397) Eden regions: 331->0(331)
[156.475s][info][gc,heap        ] GC(397) Survivor regions: 1->1(42)
[156.475s][info][gc,heap        ] GC(397) Old regions: 26->26
[156.475s][info][gc,heap        ] GC(397) Archive regions: 0->0
[156.475s][info][gc,heap        ] GC(397) Humongous regions: 0->0
[156.475s][info][gc,metaspace   ] GC(397) Metaspace: 14283K(15168K)->14283K(15168K) NonClass: 12322K(12864K)->12322K(12864K) Class: 1961K(2304K)->1961K(2304K)
[156.475s][info][gc             ] GC(397) Pause Young (Normal) (G1 Evacuation Pause) 670M->8M(1108M) 3.191ms
[156.475s][info][gc,cpu         ] GC(397) User=0.00s Sys=0.00s Real=0.00s
[156.900s][info][gc,start       ] GC(398) Pause Young (Normal) (G1 Evacuation Pause)
[156.900s][info][gc,task        ] GC(398) Using 33 workers of 33 for evacuation
[156.903s][info][gc,phases      ] GC(398)   Pre Evacuate Collection Set: 0.1ms
[156.903s][info][gc,phases      ] GC(398)   Merge Heap Roots: 0.2ms
[156.903s][info][gc,phases      ] GC(398)   Evacuate Collection Set: 0.4ms
[156.903s][info][gc,phases      ] GC(398)   Post Evacuate Collection Set: 2.2ms
[156.903s][info][gc,phases      ] GC(398)   Other: 0.1ms
[156.903s][info][gc,heap        ] GC(398) Eden regions: 331->0(331)
[156.903s][info][gc,heap        ] GC(398) Survivor regions: 1->1(42)
[156.903s][info][gc,heap        ] GC(398) Old regions: 26->26
[156.903s][info][gc,heap        ] GC(398) Archive regions: 0->0
[156.903s][info][gc,heap        ] GC(398) Humongous regions: 0->0
[156.903s][info][gc,metaspace   ] GC(398) Metaspace: 14283K(15168K)->14283K(15168K) NonClass: 12322K(12864K)->12322K(12864K) Class: 1961K(2304K)->1961K(2304K)
[156.903s][info][gc             ] GC(398) Pause Young (Normal) (G1 Evacuation Pause) 670M->8M(1108M) 3.280ms
[156.903s][info][gc,cpu         ] GC(398) User=0.00s Sys=0.00s Real=0.00s
[157.327s][info][gc,start       ] GC(399) Pause Young (Normal) (G1 Evacuation Pause)
[157.327s][info][gc,task        ] GC(399) Using 33 workers of 33 for evacuation
[157.330s][info][gc,phases      ] GC(399)   Pre Evacuate Collection Set: 0.1ms
[157.330s][info][gc,phases      ] GC(399)   Merge Heap Roots: 0.2ms
[157.330s][info][gc,phases      ] GC(399)   Evacuate Collection Set: 0.4ms
[157.330s][info][gc,phases      ] GC(399)   Post Evacuate Collection Set: 2.3ms
[157.330s][info][gc,phases      ] GC(399)   Other: 0.1ms
[157.330s][info][gc,heap        ] GC(399) Eden regions: 331->0(331)
[157.330s][info][gc,heap        ] GC(399) Survivor regions: 1->1(42)
[157.330s][info][gc,heap        ] GC(399) Old regions: 26->26
[157.330s][info][gc,heap        ] GC(399) Archive regions: 0->0
[157.330s][info][gc,heap        ] GC(399) Humongous regions: 0->0
[157.330s][info][gc,metaspace   ] GC(399) Metaspace: 14283K(15168K)->14283K(15168K) NonClass: 12322K(12864K)->12322K(12864K) Class: 1961K(2304K)->1961K(2304K)
[157.330s][info][gc             ] GC(399) Pause Young (Normal) (G1 Evacuation Pause) 670M->8M(1108M) 3.319ms
[157.330s][info][gc,cpu         ] GC(399) User=0.00s Sys=0.00s Real=0.00s
[157.753s][info][gc,start       ] GC(400) Pause Young (Normal) (G1 Evacuation Pause)
[157.753s][info][gc,task        ] GC(400) Using 33 workers of 33 for evacuation
[157.756s][info][gc,phases      ] GC(400)   Pre Evacuate Collection Set: 0.1ms
[157.756s][info][gc,phases      ] GC(400)   Merge Heap Roots: 0.2ms
[157.757s][info][gc,phases      ] GC(400)   Evacuate Collection Set: 0.4ms
[157.757s][info][gc,phases      ] GC(400)   Post Evacuate Collection Set: 2.3ms
[157.757s][info][gc,phases      ] GC(400)   Other: 0.1ms
[157.757s][info][gc,heap        ] GC(400) Eden regions: 331->0(331)
[157.757s][info][gc,heap        ] GC(400) Survivor regions: 1->1(42)
[157.757s][info][gc,heap        ] GC(400) Old regions: 26->27
[157.757s][info][gc,heap        ] GC(400) Archive regions: 0->0
[157.757s][info][gc,heap        ] GC(400) Humongous regions: 0->0
[157.757s][info][gc,metaspace   ] GC(400) Metaspace: 14283K(15168K)->14283K(15168K) NonClass: 12322K(12864K)->12322K(12864K) Class: 1961K(2304K)->1961K(2304K)
[157.757s][info][gc             ] GC(400) Pause Young (Normal) (G1 Evacuation Pause) 670M->8M(1108M) 3.380ms
[157.757s][info][gc,cpu         ] GC(400) User=0.00s Sys=0.00s Real=0.00s
[158.181s][info][gc,start       ] GC(401) Pause Young (Normal) (G1 Evacuation Pause)
[158.181s][info][gc,task        ] GC(401) Using 33 workers of 33 for evacuation
[158.184s][info][gc,phases      ] GC(401)   Pre Evacuate Collection Set: 0.1ms
[158.184s][info][gc,phases      ] GC(401)   Merge Heap Roots: 0.2ms
[158.184s][info][gc,phases      ] GC(401)   Evacuate Collection Set: 0.4ms
[158.184s][info][gc,phases      ] GC(401)   Post Evacuate Collection Set: 2.4ms
[158.184s][info][gc,phases      ] GC(401)   Other: 0.1ms
[158.184s][info][gc,heap        ] GC(401) Eden regions: 331->0(331)
[158.184s][info][gc,heap        ] GC(401) Survivor regions: 1->1(42)
[158.184s][info][gc,heap        ] GC(401) Old regions: 27->27
[158.184s][info][gc,heap        ] GC(401) Archive regions: 0->0
[158.184s][info][gc,heap        ] GC(401) Humongous regions: 0->0
[158.184s][info][gc,metaspace   ] GC(401) Metaspace: 14283K(15168K)->14283K(15168K) NonClass: 12322K(12864K)->12322K(12864K) Class: 1961K(2304K)->1961K(2304K)
[158.184s][info][gc             ] GC(401) Pause Young (Normal) (G1 Evacuation Pause) 670M->8M(1108M) 3.429ms
[158.184s][info][gc,cpu         ] GC(401) User=0.00s Sys=0.00s Real=0.00s
[158.609s][info][gc,start       ] GC(402) Pause Young (Normal) (G1 Evacuation Pause)
[158.609s][info][gc,task        ] GC(402) Using 33 workers of 33 for evacuation
[158.612s][info][gc,phases      ] GC(402)   Pre Evacuate Collection Set: 0.2ms
[158.612s][info][gc,phases      ] GC(402)   Merge Heap Roots: 0.2ms
[158.612s][info][gc,phases      ] GC(402)   Evacuate Collection Set: 0.4ms
[158.612s][info][gc,phases      ] GC(402)   Post Evacuate Collection Set: 2.4ms
[158.612s][info][gc,phases      ] GC(402)   Other: 0.1ms
[158.612s][info][gc,heap        ] GC(402) Eden regions: 331->0(331)
[158.612s][info][gc,heap        ] GC(402) Survivor regions: 1->1(42)
[158.612s][info][gc,heap        ] GC(402) Old regions: 27->27
[158.612s][info][gc,heap        ] GC(402) Archive regions: 0->0
[158.612s][info][gc,heap        ] GC(402) Humongous regions: 0->0
[158.612s][info][gc,metaspace   ] GC(402) Metaspace: 14283K(15168K)->14283K(15168K) NonClass: 12322K(12864K)->12322K(12864K) Class: 1961K(2304K)->1961K(2304K)
[158.612s][info][gc             ] GC(402) Pause Young (Normal) (G1 Evacuation Pause) 670M->8M(1108M) 3.490ms
[158.612s][info][gc,cpu         ] GC(402) User=0.00s Sys=0.00s Real=0.00s
[159.037s][info][gc,start       ] GC(403) Pause Young (Normal) (G1 Evacuation Pause)
[159.037s][info][gc,task        ] GC(403) Using 33 workers of 33 for evacuation
[159.040s][info][gc,phases      ] GC(403)   Pre Evacuate Collection Set: 0.1ms
[159.040s][info][gc,phases      ] GC(403)   Merge Heap Roots: 0.2ms
[159.040s][info][gc,phases      ] GC(403)   Evacuate Collection Set: 0.4ms
[159.040s][info][gc,phases      ] GC(403)   Post Evacuate Collection Set: 2.5ms
[159.040s][info][gc,phases      ] GC(403)   Other: 0.1ms
[159.040s][info][gc,heap        ] GC(403) Eden regions: 331->0(331)
[159.040s][info][gc,heap        ] GC(403) Survivor regions: 1->1(42)
[159.040s][info][gc,heap        ] GC(403) Old regions: 27->27
[159.040s][info][gc,heap        ] GC(403) Archive regions: 0->0
[159.040s][info][gc,heap        ] GC(403) Humongous regions: 0->0
[159.040s][info][gc,metaspace   ] GC(403) Metaspace: 14283K(15168K)->14283K(15168K) NonClass: 12322K(12864K)->12322K(12864K) Class: 1961K(2304K)->1961K(2304K)
[159.040s][info][gc             ] GC(403) Pause Young (Normal) (G1 Evacuation Pause) 670M->8M(1108M) 3.555ms
[159.040s][info][gc,cpu         ] GC(403) User=0.00s Sys=0.00s Real=0.00s
[159.499s][info][gc,start       ] GC(404) Pause Young (Normal) (G1 Evacuation Pause)
[159.499s][info][gc,task        ] GC(404) Using 33 workers of 33 for evacuation
[159.503s][info][gc,phases      ] GC(404)   Pre Evacuate Collection Set: 0.2ms
[159.503s][info][gc,phases      ] GC(404)   Merge Heap Roots: 0.2ms
[159.503s][info][gc,phases      ] GC(404)   Evacuate Collection Set: 0.6ms
[159.503s][info][gc,phases      ] GC(404)   Post Evacuate Collection Set: 3.0ms
[159.503s][info][gc,phases      ] GC(404)   Other: 0.3ms
[159.503s][info][gc,heap        ] GC(404) Eden regions: 331->0(331)
[159.504s][info][gc,heap        ] GC(404) Survivor regions: 1->1(42)
[159.504s][info][gc,heap        ] GC(404) Old regions: 27->27
[159.504s][info][gc,heap        ] GC(404) Archive regions: 0->0
[159.504s][info][gc,heap        ] GC(404) Humongous regions: 0->0
[159.504s][info][gc,metaspace   ] GC(404) Metaspace: 14283K(15168K)->14283K(15168K) NonClass: 12322K(12864K)->12322K(12864K) Class: 1961K(2304K)->1961K(2304K)
[159.504s][info][gc             ] GC(404) Pause Young (Normal) (G1 Evacuation Pause) 670M->8M(1108M) 4.809ms
[159.504s][info][gc,cpu         ] GC(404) User=0.00s Sys=0.00s Real=0.00s
[159.930s][info][gc,start       ] GC(405) Pause Young (Normal) (G1 Evacuation Pause)
[159.931s][info][gc,task        ] GC(405) Using 33 workers of 33 for evacuation
[159.934s][info][gc,phases      ] GC(405)   Pre Evacuate Collection Set: 0.1ms
[159.934s][info][gc,phases      ] GC(405)   Merge Heap Roots: 0.2ms
[159.934s][info][gc,phases      ] GC(405)   Evacuate Collection Set: 0.4ms
[159.934s][info][gc,phases      ] GC(405)   Post Evacuate Collection Set: 2.2ms
[159.934s][info][gc,phases      ] GC(405)   Other: 0.1ms
[159.934s][info][gc,heap        ] GC(405) Eden regions: 331->0(331)
[159.934s][info][gc,heap        ] GC(405) Survivor regions: 1->1(42)
[159.934s][info][gc,heap        ] GC(405) Old regions: 27->27
[159.934s][info][gc,heap        ] GC(405) Archive regions: 0->0
[159.934s][info][gc,heap        ] GC(405) Humongous regions: 0->0
[159.934s][info][gc,metaspace   ] GC(405) Metaspace: 14283K(15168K)->14283K(15168K) NonClass: 12322K(12864K)->12322K(12864K) Class: 1961K(2304K)->1961K(2304K)
[159.934s][info][gc             ] GC(405) Pause Young (Normal) (G1 Evacuation Pause) 670M->8M(1108M) 3.285ms
[159.934s][info][gc,cpu         ] GC(405) User=0.00s Sys=0.00s Real=0.00s
[160.354s][info][gc,start       ] GC(406) Pause Young (Normal) (G1 Evacuation Pause)
[160.354s][info][gc,task        ] GC(406) Using 33 workers of 33 for evacuation
[160.357s][info][gc,phases      ] GC(406)   Pre Evacuate Collection Set: 0.2ms
[160.357s][info][gc,phases      ] GC(406)   Merge Heap Roots: 0.2ms
[160.357s][info][gc,phases      ] GC(406)   Evacuate Collection Set: 0.4ms
[160.357s][info][gc,phases      ] GC(406)   Post Evacuate Collection Set: 2.0ms
[160.357s][info][gc,phases      ] GC(406)   Other: 0.1ms
[160.357s][info][gc,heap        ] GC(406) Eden regions: 331->0(331)
[160.357s][info][gc,heap        ] GC(406) Survivor regions: 1->1(42)
[160.357s][info][gc,heap        ] GC(406) Old regions: 27->27
[160.357s][info][gc,heap        ] GC(406) Archive regions: 0->0
[160.357s][info][gc,heap        ] GC(406) Humongous regions: 0->0
[160.357s][info][gc,metaspace   ] GC(406) Metaspace: 14283K(15168K)->14283K(15168K) NonClass: 12322K(12864K)->12322K(12864K) Class: 1961K(2304K)->1961K(2304K)
[160.357s][info][gc             ] GC(406) Pause Young (Normal) (G1 Evacuation Pause) 670M->8M(1108M) 3.120ms
[160.357s][info][gc,cpu         ] GC(406) User=0.00s Sys=0.00s Real=0.00s
[160.779s][info][gc,start       ] GC(407) Pause Young (Normal) (G1 Evacuation Pause)
[160.779s][info][gc,task        ] GC(407) Using 33 workers of 33 for evacuation
[160.782s][info][gc,phases      ] GC(407)   Pre Evacuate Collection Set: 0.2ms
[160.782s][info][gc,phases      ] GC(407)   Merge Heap Roots: 0.1ms
[160.782s][info][gc,phases      ] GC(407)   Evacuate Collection Set: 0.4ms
[160.782s][info][gc,phases      ] GC(407)   Post Evacuate Collection Set: 2.1ms
[160.782s][info][gc,phases      ] GC(407)   Other: 0.1ms
[160.782s][info][gc,heap        ] GC(407) Eden regions: 331->0(331)
[160.782s][info][gc,heap        ] GC(407) Survivor regions: 1->1(42)
[160.782s][info][gc,heap        ] GC(407) Old regions: 27->27
[160.782s][info][gc,heap        ] GC(407) Archive regions: 0->0
[160.782s][info][gc,heap        ] GC(407) Humongous regions: 0->0
[160.782s][info][gc,metaspace   ] GC(407) Metaspace: 14283K(15168K)->14283K(15168K) NonClass: 12322K(12864K)->12322K(12864K) Class: 1961K(2304K)->1961K(2304K)
[160.782s][info][gc             ] GC(407) Pause Young (Normal) (G1 Evacuation Pause) 670M->8M(1108M) 3.156ms
[160.782s][info][gc,cpu         ] GC(407) User=0.00s Sys=0.00s Real=0.00s
[161.202s][info][gc,start       ] GC(408) Pause Young (Normal) (G1 Evacuation Pause)
[161.202s][info][gc,task        ] GC(408) Using 33 workers of 33 for evacuation
[161.205s][info][gc,phases      ] GC(408)   Pre Evacuate Collection Set: 0.1ms
[161.205s][info][gc,phases      ] GC(408)   Merge Heap Roots: 0.2ms
[161.205s][info][gc,phases      ] GC(408)   Evacuate Collection Set: 0.4ms
[161.205s][info][gc,phases      ] GC(408)   Post Evacuate Collection Set: 2.2ms
[161.205s][info][gc,phases      ] GC(408)   Other: 0.1ms
[161.205s][info][gc,heap        ] GC(408) Eden regions: 331->0(331)
[161.205s][info][gc,heap        ] GC(408) Survivor regions: 1->1(42)
[161.205s][info][gc,heap        ] GC(408) Old regions: 27->27
[161.205s][info][gc,heap        ] GC(408) Archive regions: 0->0
[161.205s][info][gc,heap        ] GC(408) Humongous regions: 0->0
[161.205s][info][gc,metaspace   ] GC(408) Metaspace: 14283K(15168K)->14283K(15168K) NonClass: 12322K(12864K)->12322K(12864K) Class: 1961K(2304K)->1961K(2304K)
[161.205s][info][gc             ] GC(408) Pause Young (Normal) (G1 Evacuation Pause) 670M->8M(1108M) 3.230ms
[161.205s][info][gc,cpu         ] GC(408) User=0.00s Sys=0.00s Real=0.00s
[161.626s][info][gc,start       ] GC(409) Pause Young (Normal) (G1 Evacuation Pause)
[161.626s][info][gc,task        ] GC(409) Using 33 workers of 33 for evacuation
[161.630s][info][gc,phases      ] GC(409)   Pre Evacuate Collection Set: 0.2ms
[161.630s][info][gc,phases      ] GC(409)   Merge Heap Roots: 0.2ms
[161.630s][info][gc,phases      ] GC(409)   Evacuate Collection Set: 0.4ms
[161.630s][info][gc,phases      ] GC(409)   Post Evacuate Collection Set: 2.2ms
[161.630s][info][gc,phases      ] GC(409)   Other: 0.1ms
[161.630s][info][gc,heap        ] GC(409) Eden regions: 331->0(331)
[161.630s][info][gc,heap        ] GC(409) Survivor regions: 1->1(42)
[161.630s][info][gc,heap        ] GC(409) Old regions: 27->27
[161.630s][info][gc,heap        ] GC(409) Archive regions: 0->0
[161.630s][info][gc,heap        ] GC(409) Humongous regions: 0->0
[161.630s][info][gc,metaspace   ] GC(409) Metaspace: 14283K(15168K)->14283K(15168K) NonClass: 12322K(12864K)->12322K(12864K) Class: 1961K(2304K)->1961K(2304K)
[161.630s][info][gc             ] GC(409) Pause Young (Normal) (G1 Evacuation Pause) 670M->9M(1108M) 3.314ms
[161.630s][info][gc,cpu         ] GC(409) User=0.52s Sys=0.00s Real=0.00s
[162.050s][info][gc,start       ] GC(410) Pause Young (Normal) (G1 Evacuation Pause)
[162.050s][info][gc,task        ] GC(410) Using 33 workers of 33 for evacuation
[162.053s][info][gc,phases      ] GC(410)   Pre Evacuate Collection Set: 0.2ms
[162.054s][info][gc,phases      ] GC(410)   Merge Heap Roots: 0.2ms
[162.054s][info][gc,phases      ] GC(410)   Evacuate Collection Set: 0.5ms
[162.054s][info][gc,phases      ] GC(410)   Post Evacuate Collection Set: 2.3ms
[162.054s][info][gc,phases      ] GC(410)   Other: 0.1ms
[162.054s][info][gc,heap        ] GC(410) Eden regions: 331->0(331)
[162.054s][info][gc,heap        ] GC(410) Survivor regions: 1->1(42)
[162.054s][info][gc,heap        ] GC(410) Old regions: 27->27
[162.054s][info][gc,heap        ] GC(410) Archive regions: 0->0
[162.054s][info][gc,heap        ] GC(410) Humongous regions: 0->0
[162.054s][info][gc,metaspace   ] GC(410) Metaspace: 14283K(15168K)->14283K(15168K) NonClass: 12322K(12864K)->12322K(12864K) Class: 1961K(2304K)->1961K(2304K)
[162.054s][info][gc             ] GC(410) Pause Young (Normal) (G1 Evacuation Pause) 671M->9M(1108M) 3.386ms
[162.054s][info][gc,cpu         ] GC(410) User=0.00s Sys=0.00s Real=0.00s
[162.500s][info][gc,start       ] GC(411) Pause Young (Normal) (G1 Evacuation Pause)
[162.500s][info][gc,task        ] GC(411) Using 33 workers of 33 for evacuation
[162.504s][info][gc,phases      ] GC(411)   Pre Evacuate Collection Set: 0.1ms
[162.504s][info][gc,phases      ] GC(411)   Merge Heap Roots: 0.2ms
[162.504s][info][gc,phases      ] GC(411)   Evacuate Collection Set: 0.4ms
[162.504s][info][gc,phases      ] GC(411)   Post Evacuate Collection Set: 2.3ms
[162.504s][info][gc,phases      ] GC(411)   Other: 0.1ms
[162.504s][info][gc,heap        ] GC(411) Eden regions: 331->0(331)
[162.504s][info][gc,heap        ] GC(411) Survivor regions: 1->1(42)
[162.504s][info][gc,heap        ] GC(411) Old regions: 27->27
[162.504s][info][gc,heap        ] GC(411) Archive regions: 0->0
[162.504s][info][gc,heap        ] GC(411) Humongous regions: 0->0
[162.504s][info][gc,metaspace   ] GC(411) Metaspace: 14283K(15168K)->14283K(15168K) NonClass: 12322K(12864K)->12322K(12864K) Class: 1961K(2304K)->1961K(2304K)
[162.504s][info][gc             ] GC(411) Pause Young (Normal) (G1 Evacuation Pause) 671M->9M(1108M) 3.368ms
[162.504s][info][gc,cpu         ] GC(411) User=0.52s Sys=0.00s Real=0.00s
[163.017s][info][gc,start       ] GC(412) Pause Young (Normal) (G1 Evacuation Pause)
[163.017s][info][gc,task        ] GC(412) Using 33 workers of 33 for evacuation
[163.020s][info][gc,phases      ] GC(412)   Pre Evacuate Collection Set: 0.2ms
[163.020s][info][gc,phases      ] GC(412)   Merge Heap Roots: 0.2ms
[163.020s][info][gc,phases      ] GC(412)   Evacuate Collection Set: 0.5ms
[163.020s][info][gc,phases      ] GC(412)   Post Evacuate Collection Set: 2.4ms
[163.020s][info][gc,phases      ] GC(412)   Other: 0.1ms
[163.020s][info][gc,heap        ] GC(412) Eden regions: 331->0(331)
[163.020s][info][gc,heap        ] GC(412) Survivor regions: 1->1(42)
[163.020s][info][gc,heap        ] GC(412) Old regions: 27->27
[163.020s][info][gc,heap        ] GC(412) Archive regions: 0->0
[163.020s][info][gc,heap        ] GC(412) Humongous regions: 0->0
[163.020s][info][gc,metaspace   ] GC(412) Metaspace: 14283K(15168K)->14283K(15168K) NonClass: 12322K(12864K)->12322K(12864K) Class: 1961K(2304K)->1961K(2304K)
[163.020s][info][gc             ] GC(412) Pause Young (Normal) (G1 Evacuation Pause) 671M->9M(1108M) 3.630ms
[163.020s][info][gc,cpu         ] GC(412) User=0.52s Sys=0.00s Real=0.00s
[163.324s][info][gc,start       ] GC(413) Pause Full (System.gc())
[163.324s][info][gc,task        ] GC(413) Using 29 workers of 33 for full compaction
[163.325s][info][gc,phases,start] GC(413) Phase 1: Mark live objects
[163.337s][info][gc,phases      ] GC(413) Phase 1: Mark live objects 11.290ms
[163.337s][info][gc,phases,start] GC(413) Phase 2: Prepare compaction
[163.338s][info][gc,phases      ] GC(413) Phase 2: Prepare compaction 1.703ms
[163.339s][info][gc,phases,start] GC(413) Phase 3: Adjust pointers
[163.344s][info][gc,phases      ] GC(413) Phase 3: Adjust pointers 5.204ms
[163.344s][info][gc,phases,start] GC(413) Phase 4: Compact heap
[163.344s][info][gc,phases      ] GC(413) Phase 4: Compact heap 0.512ms
[163.351s][info][gc,heap        ] GC(413) Eden regions: 224->0(54)
[163.351s][info][gc,heap        ] GC(413) Survivor regions: 1->0(42)
[163.351s][info][gc,heap        ] GC(413) Old regions: 27->27
[163.351s][info][gc,heap        ] GC(413) Archive regions: 0->0
[163.351s][info][gc,heap        ] GC(413) Humongous regions: 0->0
[163.351s][info][gc,metaspace   ] GC(413) Metaspace: 14285K(15168K)->14285K(15168K) NonClass: 12324K(12864K)->12324K(12864K) Class: 1961K(2304K)->1961K(2304K)
[163.351s][info][gc             ] GC(413) Pause Full (System.gc()) 456M->5M(180M) 26.732ms
[163.351s][info][gc,cpu         ] GC(413) User=0.03s Sys=0.42s Real=0.02s
[163.427s][info][gc,start       ] GC(414) Pause Young (Normal) (G1 Evacuation Pause)
[163.427s][info][gc,task        ] GC(414) Using 33 workers of 33 for evacuation
[163.430s][info][gc,phases      ] GC(414)   Pre Evacuate Collection Set: 0.1ms
[163.430s][info][gc,phases      ] GC(414)   Merge Heap Roots: 0.1ms
[163.430s][info][gc,phases      ] GC(414)   Evacuate Collection Set: 0.4ms
[163.430s][info][gc,phases      ] GC(414)   Post Evacuate Collection Set: 1.8ms
[163.430s][info][gc,phases      ] GC(414)   Other: 0.1ms
[163.430s][info][gc,heap        ] GC(414) Eden regions: 54->0(53)
[163.430s][info][gc,heap        ] GC(414) Survivor regions: 0->1(7)
[163.430s][info][gc,heap        ] GC(414) Old regions: 27->27
[163.430s][info][gc,heap        ] GC(414) Archive regions: 0->0
[163.430s][info][gc,heap        ] GC(414) Humongous regions: 0->0
[163.430s][info][gc,metaspace   ] GC(414) Metaspace: 14288K(15168K)->14288K(15168K) NonClass: 12327K(12864K)->12327K(12864K) Class: 1961K(2304K)->1961K(2304K)
[163.430s][info][gc             ] GC(414) Pause Young (Normal) (G1 Evacuation Pause) 113M->6M(180M) 2.747ms
[163.430s][info][gc,cpu         ] GC(414) User=0.00s Sys=0.00s Real=0.00s
[163.500s][info][gc,start       ] GC(415) Pause Young (Normal) (G1 Evacuation Pause)
[163.500s][info][gc,task        ] GC(415) Using 33 workers of 33 for evacuation
[163.503s][info][gc,phases      ] GC(415)   Pre Evacuate Collection Set: 0.1ms
[163.503s][info][gc,phases      ] GC(415)   Merge Heap Roots: 0.1ms
[163.503s][info][gc,phases      ] GC(415)   Evacuate Collection Set: 0.4ms
[163.503s][info][gc,phases      ] GC(415)   Post Evacuate Collection Set: 1.9ms
[163.503s][info][gc,phases      ] GC(415)   Other: 0.1ms
[163.503s][info][gc,heap        ] GC(415) Eden regions: 53->0(53)
[163.503s][info][gc,heap        ] GC(415) Survivor regions: 1->1(7)
[163.503s][info][gc,heap        ] GC(415) Old regions: 27->27
[163.503s][info][gc,heap        ] GC(415) Archive regions: 0->0
[163.503s][info][gc,heap        ] GC(415) Humongous regions: 0->0
[163.503s][info][gc,metaspace   ] GC(415) Metaspace: 14288K(15168K)->14288K(15168K) NonClass: 12327K(12864K)->12327K(12864K) Class: 1961K(2304K)->1961K(2304K)
[163.503s][info][gc             ] GC(415) Pause Young (Normal) (G1 Evacuation Pause) 112M->6M(180M) 2.853ms
[163.503s][info][gc,cpu         ] GC(415) User=0.00s Sys=0.00s Real=0.00s
[163.580s][info][gc,start       ] GC(416) Pause Young (Normal) (G1 Evacuation Pause)
[163.580s][info][gc,task        ] GC(416) Using 33 workers of 33 for evacuation
[163.583s][info][gc,phases      ] GC(416)   Pre Evacuate Collection Set: 0.1ms
[163.583s][info][gc,phases      ] GC(416)   Merge Heap Roots: 0.1ms
[163.583s][info][gc,phases      ] GC(416)   Evacuate Collection Set: 0.5ms
[163.583s][info][gc,phases      ] GC(416)   Post Evacuate Collection Set: 2.0ms
[163.583s][info][gc,phases      ] GC(416)   Other: 0.1ms
[163.583s][info][gc,heap        ] GC(416) Eden regions: 53->0(53)
[163.583s][info][gc,heap        ] GC(416) Survivor regions: 1->1(7)
[163.583s][info][gc,heap        ] GC(416) Old regions: 27->27
[163.583s][info][gc,heap        ] GC(416) Archive regions: 0->0
[163.583s][info][gc,heap        ] GC(416) Humongous regions: 0->0
[163.583s][info][gc,metaspace   ] GC(416) Metaspace: 14288K(15168K)->14288K(15168K) NonClass: 12327K(12864K)->12327K(12864K) Class: 1961K(2304K)->1961K(2304K)
[163.583s][info][gc             ] GC(416) Pause Young (Normal) (G1 Evacuation Pause) 112M->6M(180M) 3.027ms
[163.583s][info][gc,cpu         ] GC(416) User=0.52s Sys=0.00s Real=0.00s
[163.662s][info][gc,start       ] GC(417) Pause Young (Normal) (G1 Evacuation Pause)
[163.662s][info][gc,task        ] GC(417) Using 33 workers of 33 for evacuation
[163.669s][info][gc,phases      ] GC(417)   Pre Evacuate Collection Set: 0.1ms
[163.669s][info][gc,phases      ] GC(417)   Merge Heap Roots: 0.1ms
[163.669s][info][gc,phases      ] GC(417)   Evacuate Collection Set: 0.4ms
[163.669s][info][gc,phases      ] GC(417)   Post Evacuate Collection Set: 5.9ms
[163.669s][info][gc,phases      ] GC(417)   Other: 0.1ms
[163.669s][info][gc,heap        ] GC(417) Eden regions: 53->0(333)
[163.669s][info][gc,heap        ] GC(417) Survivor regions: 1->1(7)
[163.669s][info][gc,heap        ] GC(417) Old regions: 27->27
[163.669s][info][gc,heap        ] GC(417) Archive regions: 0->0
[163.669s][info][gc,heap        ] GC(417) Humongous regions: 0->0
[163.669s][info][gc,metaspace   ] GC(417) Metaspace: 14288K(15168K)->14288K(15168K) NonClass: 12327K(12864K)->12327K(12864K) Class: 1961K(2304K)->1961K(2304K)
[163.669s][info][gc             ] GC(417) Pause Young (Normal) (G1 Evacuation Pause) 112M->6M(1114M) 6.912ms
[163.669s][info][gc,cpu         ] GC(417) User=0.00s Sys=0.00s Real=0.00s
[164.126s][info][gc,start       ] GC(418) Pause Young (Normal) (G1 Evacuation Pause)
[164.126s][info][gc,task        ] GC(418) Using 33 workers of 33 for evacuation
[164.131s][info][gc,phases      ] GC(418)   Pre Evacuate Collection Set: 0.1ms
[164.131s][info][gc,phases      ] GC(418)   Merge Heap Roots: 0.1ms
[164.131s][info][gc,phases      ] GC(418)   Evacuate Collection Set: 1.9ms
[164.131s][info][gc,phases      ] GC(418)   Post Evacuate Collection Set: 2.4ms
[164.131s][info][gc,phases      ] GC(418)   Other: 0.1ms
[164.131s][info][gc,heap        ] GC(418) Eden regions: 333->0(333)
[164.131s][info][gc,heap        ] GC(418) Survivor regions: 1->1(42)
[164.131s][info][gc,heap        ] GC(418) Old regions: 27->27
[164.131s][info][gc,heap        ] GC(418) Archive regions: 0->0
[164.131s][info][gc,heap        ] GC(418) Humongous regions: 0->0
[164.131s][info][gc,metaspace   ] GC(418) Metaspace: 14288K(15168K)->14288K(15168K) NonClass: 12327K(12864K)->12327K(12864K) Class: 1961K(2304K)->1961K(2304K)
[164.131s][info][gc             ] GC(418) Pause Young (Normal) (G1 Evacuation Pause) 672M->6M(1114M) 4.958ms
[164.131s][info][gc,cpu         ] GC(418) User=0.03s Sys=0.48s Real=0.00s
[164.553s][info][gc,start       ] GC(419) Pause Young (Normal) (G1 Evacuation Pause)
[164.553s][info][gc,task        ] GC(419) Using 33 workers of 33 for evacuation
[164.558s][info][gc,phases      ] GC(419)   Pre Evacuate Collection Set: 0.1ms
[164.558s][info][gc,phases      ] GC(419)   Merge Heap Roots: 0.1ms
[164.558s][info][gc,phases      ] GC(419)   Evacuate Collection Set: 1.9ms
[164.558s][info][gc,phases      ] GC(419)   Post Evacuate Collection Set: 2.5ms
[164.558s][info][gc,phases      ] GC(419)   Other: 0.2ms
[164.558s][info][gc,heap        ] GC(419) Eden regions: 333->0(333)
[164.558s][info][gc,heap        ] GC(419) Survivor regions: 1->1(42)
[164.558s][info][gc,heap        ] GC(419) Old regions: 27->27
[164.558s][info][gc,heap        ] GC(419) Archive regions: 0->0
[164.558s][info][gc,heap        ] GC(419) Humongous regions: 0->0
[164.558s][info][gc,metaspace   ] GC(419) Metaspace: 14288K(15168K)->14288K(15168K) NonClass: 12327K(12864K)->12327K(12864K) Class: 1961K(2304K)->1961K(2304K)
[164.558s][info][gc             ] GC(419) Pause Young (Normal) (G1 Evacuation Pause) 672M->6M(1114M) 5.080ms
[164.558s][info][gc,cpu         ] GC(419) User=0.00s Sys=0.00s Real=0.01s
[164.975s][info][gc,start       ] GC(420) Pause Young (Normal) (G1 Evacuation Pause)
[164.976s][info][gc,task        ] GC(420) Using 33 workers of 33 for evacuation
[164.979s][info][gc,phases      ] GC(420)   Pre Evacuate Collection Set: 0.1ms
[164.979s][info][gc,phases      ] GC(420)   Merge Heap Roots: 0.2ms
[164.979s][info][gc,phases      ] GC(420)   Evacuate Collection Set: 0.5ms
[164.979s][info][gc,phases      ] GC(420)   Post Evacuate Collection Set: 2.1ms
[164.979s][info][gc,phases      ] GC(420)   Other: 0.1ms
[164.979s][info][gc,heap        ] GC(420) Eden regions: 333->0(333)
[164.979s][info][gc,heap        ] GC(420) Survivor regions: 1->1(42)
[164.979s][info][gc,heap        ] GC(420) Old regions: 27->27
[164.979s][info][gc,heap        ] GC(420) Archive regions: 0->0
[164.979s][info][gc,heap        ] GC(420) Humongous regions: 0->0
[164.979s][info][gc,metaspace   ] GC(420) Metaspace: 14288K(15168K)->14288K(15168K) NonClass: 12327K(12864K)->12327K(12864K) Class: 1961K(2304K)->1961K(2304K)
[164.979s][info][gc             ] GC(420) Pause Young (Normal) (G1 Evacuation Pause) 672M->6M(1114M) 3.265ms
[164.979s][info][gc,cpu         ] GC(420) User=0.00s Sys=0.00s Real=0.00s
[165.399s][info][gc,start       ] GC(421) Pause Young (Normal) (G1 Evacuation Pause)
[165.399s][info][gc,task        ] GC(421) Using 33 workers of 33 for evacuation
[165.402s][info][gc,phases      ] GC(421)   Pre Evacuate Collection Set: 0.2ms
[165.402s][info][gc,phases      ] GC(421)   Merge Heap Roots: 0.1ms
[165.402s][info][gc,phases      ] GC(421)   Evacuate Collection Set: 0.5ms
[165.402s][info][gc,phases      ] GC(421)   Post Evacuate Collection Set: 2.0ms
[165.402s][info][gc,phases      ] GC(421)   Other: 0.1ms
[165.402s][info][gc,heap        ] GC(421) Eden regions: 333->0(333)
[165.402s][info][gc,heap        ] GC(421) Survivor regions: 1->1(42)
[165.402s][info][gc,heap        ] GC(421) Old regions: 27->27
[165.402s][info][gc,heap        ] GC(421) Archive regions: 0->0
[165.402s][info][gc,heap        ] GC(421) Humongous regions: 0->0
[165.402s][info][gc,metaspace   ] GC(421) Metaspace: 14288K(15168K)->14288K(15168K) NonClass: 12327K(12864K)->12327K(12864K) Class: 1961K(2304K)->1961K(2304K)
[165.402s][info][gc             ] GC(421) Pause Young (Normal) (G1 Evacuation Pause) 672M->7M(1114M) 3.190ms
[165.402s][info][gc,cpu         ] GC(421) User=0.00s Sys=0.00s Real=0.00s
[165.819s][info][gc,start       ] GC(422) Pause Young (Normal) (G1 Evacuation Pause)
[165.820s][info][gc,task        ] GC(422) Using 33 workers of 33 for evacuation
[165.823s][info][gc,phases      ] GC(422)   Pre Evacuate Collection Set: 0.2ms
[165.823s][info][gc,phases      ] GC(422)   Merge Heap Roots: 0.1ms
[165.823s][info][gc,phases      ] GC(422)   Evacuate Collection Set: 0.6ms
[165.823s][info][gc,phases      ] GC(422)   Post Evacuate Collection Set: 2.1ms
[165.823s][info][gc,phases      ] GC(422)   Other: 0.1ms
[165.823s][info][gc,heap        ] GC(422) Eden regions: 333->0(333)
[165.823s][info][gc,heap        ] GC(422) Survivor regions: 1->1(42)
[165.823s][info][gc,heap        ] GC(422) Old regions: 27->27
[165.823s][info][gc,heap        ] GC(422) Archive regions: 0->0
[165.823s][info][gc,heap        ] GC(422) Humongous regions: 0->0
[165.823s][info][gc,metaspace   ] GC(422) Metaspace: 14288K(15168K)->14288K(15168K) NonClass: 12327K(12864K)->12327K(12864K) Class: 1961K(2304K)->1961K(2304K)
[165.823s][info][gc             ] GC(422) Pause Young (Normal) (G1 Evacuation Pause) 673M->7M(1114M) 3.289ms
[165.823s][info][gc,cpu         ] GC(422) User=0.00s Sys=0.00s Real=0.00s
[166.236s][info][gc,start       ] GC(423) Pause Young (Normal) (G1 Evacuation Pause)
[166.237s][info][gc,task        ] GC(423) Using 33 workers of 33 for evacuation
[166.240s][info][gc,phases      ] GC(423)   Pre Evacuate Collection Set: 0.2ms
[166.240s][info][gc,phases      ] GC(423)   Merge Heap Roots: 0.1ms
[166.240s][info][gc,phases      ] GC(423)   Evacuate Collection Set: 0.6ms
[166.240s][info][gc,phases      ] GC(423)   Post Evacuate Collection Set: 2.2ms
[166.240s][info][gc,phases      ] GC(423)   Other: 0.1ms
[166.240s][info][gc,heap        ] GC(423) Eden regions: 333->0(333)
[166.240s][info][gc,heap        ] GC(423) Survivor regions: 1->1(42)
[166.240s][info][gc,heap        ] GC(423) Old regions: 27->27
[166.240s][info][gc,heap        ] GC(423) Archive regions: 0->0
[166.240s][info][gc,heap        ] GC(423) Humongous regions: 0->0
[166.240s][info][gc,metaspace   ] GC(423) Metaspace: 14288K(15168K)->14288K(15168K) NonClass: 12327K(12864K)->12327K(12864K) Class: 1961K(2304K)->1961K(2304K)
[166.240s][info][gc             ] GC(423) Pause Young (Normal) (G1 Evacuation Pause) 673M->7M(1114M) 3.373ms
[166.240s][info][gc,cpu         ] GC(423) User=0.52s Sys=0.00s Real=0.00s
[166.655s][info][gc,start       ] GC(424) Pause Young (Normal) (G1 Evacuation Pause)
[166.655s][info][gc,task        ] GC(424) Using 33 workers of 33 for evacuation
[166.658s][info][gc,phases      ] GC(424)   Pre Evacuate Collection Set: 0.2ms
[166.658s][info][gc,phases      ] GC(424)   Merge Heap Roots: 0.1ms
[166.658s][info][gc,phases      ] GC(424)   Evacuate Collection Set: 0.6ms
[166.658s][info][gc,phases      ] GC(424)   Post Evacuate Collection Set: 2.2ms
[166.658s][info][gc,phases      ] GC(424)   Other: 0.1ms
[166.658s][info][gc,heap        ] GC(424) Eden regions: 333->0(333)
[166.658s][info][gc,heap        ] GC(424) Survivor regions: 1->1(42)
[166.658s][info][gc,heap        ] GC(424) Old regions: 27->27
[166.658s][info][gc,heap        ] GC(424) Archive regions: 0->0
[166.658s][info][gc,heap        ] GC(424) Humongous regions: 0->0
[166.658s][info][gc,metaspace   ] GC(424) Metaspace: 14288K(15168K)->14288K(15168K) NonClass: 12327K(12864K)->12327K(12864K) Class: 1961K(2304K)->1961K(2304K)
[166.658s][info][gc             ] GC(424) Pause Young (Normal) (G1 Evacuation Pause) 673M->7M(1114M) 3.422ms
[166.658s][info][gc,cpu         ] GC(424) User=0.00s Sys=0.00s Real=0.00s
[167.071s][info][gc,start       ] GC(425) Pause Young (Normal) (G1 Evacuation Pause)
[167.071s][info][gc,task        ] GC(425) Using 33 workers of 33 for evacuation
[167.074s][info][gc,phases      ] GC(425)   Pre Evacuate Collection Set: 0.2ms
[167.074s][info][gc,phases      ] GC(425)   Merge Heap Roots: 0.1ms
[167.074s][info][gc,phases      ] GC(425)   Evacuate Collection Set: 0.5ms
[167.074s][info][gc,phases      ] GC(425)   Post Evacuate Collection Set: 2.3ms
[167.074s][info][gc,phases      ] GC(425)   Other: 0.1ms
[167.074s][info][gc,heap        ] GC(425) Eden regions: 333->0(332)
[167.074s][info][gc,heap        ] GC(425) Survivor regions: 1->2(42)
[167.074s][info][gc,heap        ] GC(425) Old regions: 27->27
[167.074s][info][gc,heap        ] GC(425) Archive regions: 0->0
[167.074s][info][gc,heap        ] GC(425) Humongous regions: 0->0
[167.074s][info][gc,metaspace   ] GC(425) Metaspace: 14288K(15168K)->14288K(15168K) NonClass: 12327K(12864K)->12327K(12864K) Class: 1961K(2304K)->1961K(2304K)
[167.074s][info][gc             ] GC(425) Pause Young (Normal) (G1 Evacuation Pause) 673M->7M(1114M) 3.438ms
[167.074s][info][gc,cpu         ] GC(425) User=0.00s Sys=0.00s Real=0.00s
[167.486s][info][gc,start       ] GC(426) Pause Young (Normal) (G1 Evacuation Pause)
[167.486s][info][gc,task        ] GC(426) Using 33 workers of 33 for evacuation
[167.490s][info][gc,phases      ] GC(426)   Pre Evacuate Collection Set: 0.2ms
[167.490s][info][gc,phases      ] GC(426)   Merge Heap Roots: 0.2ms
[167.490s][info][gc,phases      ] GC(426)   Evacuate Collection Set: 1.3ms
[167.490s][info][gc,phases      ] GC(426)   Post Evacuate Collection Set: 2.3ms
[167.490s][info][gc,phases      ] GC(426)   Other: 0.1ms
[167.490s][info][gc,heap        ] GC(426) Eden regions: 332->0(332)
[167.490s][info][gc,heap        ] GC(426) Survivor regions: 2->2(42)
[167.490s][info][gc,heap        ] GC(426) Old regions: 27->27
[167.490s][info][gc,heap        ] GC(426) Archive regions: 0->0
[167.490s][info][gc,heap        ] GC(426) Humongous regions: 0->0
[167.490s][info][gc,metaspace   ] GC(426) Metaspace: 14288K(15168K)->14288K(15168K) NonClass: 12327K(12864K)->12327K(12864K) Class: 1961K(2304K)->1961K(2304K)
[167.490s][info][gc             ] GC(426) Pause Young (Normal) (G1 Evacuation Pause) 671M->7M(1114M) 4.207ms
[167.490s][info][gc,cpu         ] GC(426) User=0.41s Sys=0.02s Real=0.00s
[167.905s][info][gc,start       ] GC(427) Pause Young (Normal) (G1 Evacuation Pause)
[167.905s][info][gc,task        ] GC(427) Using 33 workers of 33 for evacuation
[167.908s][info][gc,phases      ] GC(427)   Pre Evacuate Collection Set: 0.1ms
[167.908s][info][gc,phases      ] GC(427)   Merge Heap Roots: 0.1ms
[167.908s][info][gc,phases      ] GC(427)   Evacuate Collection Set: 0.6ms
[167.908s][info][gc,phases      ] GC(427)   Post Evacuate Collection Set: 2.4ms
[167.908s][info][gc,phases      ] GC(427)   Other: 0.1ms
[167.908s][info][gc,heap        ] GC(427) Eden regions: 332->0(332)
[167.908s][info][gc,heap        ] GC(427) Survivor regions: 2->2(42)
[167.908s][info][gc,heap        ] GC(427) Old regions: 27->27
[167.908s][info][gc,heap        ] GC(427) Archive regions: 0->0
[167.908s][info][gc,heap        ] GC(427) Humongous regions: 0->0
[167.908s][info][gc,metaspace   ] GC(427) Metaspace: 14288K(15168K)->14288K(15168K) NonClass: 12327K(12864K)->12327K(12864K) Class: 1961K(2304K)->1961K(2304K)
[167.908s][info][gc             ] GC(427) Pause Young (Normal) (G1 Evacuation Pause) 671M->7M(1114M) 3.644ms
[167.908s][info][gc,cpu         ] GC(427) User=0.00s Sys=0.00s Real=0.00s
[168.318s][info][gc,start       ] GC(428) Pause Young (Normal) (G1 Evacuation Pause)
[168.319s][info][gc,task        ] GC(428) Using 33 workers of 33 for evacuation
[168.322s][info][gc,phases      ] GC(428)   Pre Evacuate Collection Set: 0.1ms
[168.322s][info][gc,phases      ] GC(428)   Merge Heap Roots: 0.1ms
[168.322s][info][gc,phases      ] GC(428)   Evacuate Collection Set: 0.5ms
[168.322s][info][gc,phases      ] GC(428)   Post Evacuate Collection Set: 2.4ms
[168.322s][info][gc,phases      ] GC(428)   Other: 0.1ms
[168.322s][info][gc,heap        ] GC(428) Eden regions: 332->0(332)
[168.322s][info][gc,heap        ] GC(428) Survivor regions: 2->2(42)
[168.322s][info][gc,heap        ] GC(428) Old regions: 27->27
[168.322s][info][gc,heap        ] GC(428) Archive regions: 0->0
[168.322s][info][gc,heap        ] GC(428) Humongous regions: 0->0
[168.322s][info][gc,metaspace   ] GC(428) Metaspace: 14288K(15168K)->14288K(15168K) NonClass: 12327K(12864K)->12327K(12864K) Class: 1961K(2304K)->1961K(2304K)
[168.322s][info][gc             ] GC(428) Pause Young (Normal) (G1 Evacuation Pause) 671M->7M(1114M) 3.599ms
[168.322s][info][gc,cpu         ] GC(428) User=0.00s Sys=0.00s Real=0.00s
[168.739s][info][gc,start       ] GC(429) Pause Young (Normal) (G1 Evacuation Pause)
[168.739s][info][gc,task        ] GC(429) Using 33 workers of 33 for evacuation
[168.743s][info][gc,phases      ] GC(429)   Pre Evacuate Collection Set: 0.1ms
[168.743s][info][gc,phases      ] GC(429)   Merge Heap Roots: 0.1ms
[168.743s][info][gc,phases      ] GC(429)   Evacuate Collection Set: 0.5ms
[168.743s][info][gc,phases      ] GC(429)   Post Evacuate Collection Set: 2.5ms
[168.743s][info][gc,phases      ] GC(429)   Other: 0.1ms
[168.743s][info][gc,heap        ] GC(429) Eden regions: 332->0(333)
[168.743s][info][gc,heap        ] GC(429) Survivor regions: 2->1(42)
[168.743s][info][gc,heap        ] GC(429) Old regions: 27->28
[168.743s][info][gc,heap        ] GC(429) Archive regions: 0->0
[168.743s][info][gc,heap        ] GC(429) Humongous regions: 0->0
[168.743s][info][gc,metaspace   ] GC(429) Metaspace: 14288K(15168K)->14288K(15168K) NonClass: 12327K(12864K)->12327K(12864K) Class: 1961K(2304K)->1961K(2304K)
[168.743s][info][gc             ] GC(429) Pause Young (Normal) (G1 Evacuation Pause) 671M->7M(1114M) 3.626ms
[168.743s][info][gc,cpu         ] GC(429) User=0.00s Sys=0.00s Real=0.00s
[169.170s][info][gc,start       ] GC(430) Pause Young (Normal) (G1 Evacuation Pause)
[169.170s][info][gc,task        ] GC(430) Using 33 workers of 33 for evacuation
[169.173s][info][gc,phases      ] GC(430)   Pre Evacuate Collection Set: 0.2ms
[169.173s][info][gc,phases      ] GC(430)   Merge Heap Roots: 0.2ms
[169.173s][info][gc,phases      ] GC(430)   Evacuate Collection Set: 0.4ms
[169.173s][info][gc,phases      ] GC(430)   Post Evacuate Collection Set: 2.6ms
[169.173s][info][gc,phases      ] GC(430)   Other: 0.1ms
[169.173s][info][gc,heap        ] GC(430) Eden regions: 333->0(333)
[169.173s][info][gc,heap        ] GC(430) Survivor regions: 1->1(42)
[169.173s][info][gc,heap        ] GC(430) Old regions: 28->28
[169.173s][info][gc,heap        ] GC(430) Archive regions: 0->0
[169.173s][info][gc,heap        ] GC(430) Humongous regions: 0->0
[169.173s][info][gc,metaspace   ] GC(430) Metaspace: 14288K(15168K)->14288K(15168K) NonClass: 12327K(12864K)->12327K(12864K) Class: 1961K(2304K)->1961K(2304K)
[169.173s][info][gc             ] GC(430) Pause Young (Normal) (G1 Evacuation Pause) 673M->7M(1114M) 3.590ms
[169.173s][info][gc,cpu         ] GC(430) User=0.00s Sys=0.00s Real=0.00s
[169.602s][info][gc,start       ] GC(431) Pause Young (Normal) (G1 Evacuation Pause)
[169.602s][info][gc,task        ] GC(431) Using 33 workers of 33 for evacuation
[169.605s][info][gc,phases      ] GC(431)   Pre Evacuate Collection Set: 0.2ms
[169.605s][info][gc,phases      ] GC(431)   Merge Heap Roots: 0.2ms
[169.605s][info][gc,phases      ] GC(431)   Evacuate Collection Set: 0.4ms
[169.605s][info][gc,phases      ] GC(431)   Post Evacuate Collection Set: 2.4ms
[169.605s][info][gc,phases      ] GC(431)   Other: 0.1ms
[169.605s][info][gc,heap        ] GC(431) Eden regions: 333->0(333)
[169.605s][info][gc,heap        ] GC(431) Survivor regions: 1->1(42)
[169.605s][info][gc,heap        ] GC(431) Old regions: 28->28
[169.605s][info][gc,heap        ] GC(431) Archive regions: 0->0
[169.605s][info][gc,heap        ] GC(431) Humongous regions: 0->0
[169.605s][info][gc,metaspace   ] GC(431) Metaspace: 14288K(15168K)->14288K(15168K) NonClass: 12327K(12864K)->12327K(12864K) Class: 1961K(2304K)->1961K(2304K)
[169.605s][info][gc             ] GC(431) Pause Young (Normal) (G1 Evacuation Pause) 673M->7M(1114M) 3.498ms
[169.605s][info][gc,cpu         ] GC(431) User=0.00s Sys=0.00s Real=0.00s
[170.032s][info][gc,start       ] GC(432) Pause Young (Normal) (G1 Evacuation Pause)
[170.032s][info][gc,task        ] GC(432) Using 33 workers of 33 for evacuation
[170.035s][info][gc,phases      ] GC(432)   Pre Evacuate Collection Set: 0.1ms
[170.035s][info][gc,phases      ] GC(432)   Merge Heap Roots: 0.2ms
[170.035s][info][gc,phases      ] GC(432)   Evacuate Collection Set: 0.4ms
[170.035s][info][gc,phases      ] GC(432)   Post Evacuate Collection Set: 2.2ms
[170.035s][info][gc,phases      ] GC(432)   Other: 0.1ms
[170.035s][info][gc,heap        ] GC(432) Eden regions: 333->0(333)
[170.035s][info][gc,heap        ] GC(432) Survivor regions: 1->1(42)
[170.035s][info][gc,heap        ] GC(432) Old regions: 28->28
[170.035s][info][gc,heap        ] GC(432) Archive regions: 0->0
[170.035s][info][gc,heap        ] GC(432) Humongous regions: 0->0
[170.035s][info][gc,metaspace   ] GC(432) Metaspace: 14288K(15168K)->14288K(15168K) NonClass: 12327K(12864K)->12327K(12864K) Class: 1961K(2304K)->1961K(2304K)
[170.035s][info][gc             ] GC(432) Pause Young (Normal) (G1 Evacuation Pause) 673M->7M(1114M) 3.249ms
[170.035s][info][gc,cpu         ] GC(432) User=0.00s Sys=0.00s Real=0.00s
[170.464s][info][gc,start       ] GC(433) Pause Young (Normal) (G1 Evacuation Pause)
[170.464s][info][gc,task        ] GC(433) Using 33 workers of 33 for evacuation
[170.467s][info][gc,phases      ] GC(433)   Pre Evacuate Collection Set: 0.2ms
[170.467s][info][gc,phases      ] GC(433)   Merge Heap Roots: 0.3ms
[170.467s][info][gc,phases      ] GC(433)   Evacuate Collection Set: 0.4ms
[170.467s][info][gc,phases      ] GC(433)   Post Evacuate Collection Set: 2.1ms
[170.467s][info][gc,phases      ] GC(433)   Other: 0.1ms
[170.467s][info][gc,heap        ] GC(433) Eden regions: 333->0(333)
[170.467s][info][gc,heap        ] GC(433) Survivor regions: 1->1(42)
[170.467s][info][gc,heap        ] GC(433) Old regions: 28->28
[170.467s][info][gc,heap        ] GC(433) Archive regions: 0->0
[170.467s][info][gc,heap        ] GC(433) Humongous regions: 0->0
[170.467s][info][gc,metaspace   ] GC(433) Metaspace: 14288K(15168K)->14288K(15168K) NonClass: 12327K(12864K)->12327K(12864K) Class: 1961K(2304K)->1961K(2304K)
[170.467s][info][gc             ] GC(433) Pause Young (Normal) (G1 Evacuation Pause) 673M->7M(1114M) 3.318ms
[170.467s][info][gc,cpu         ] GC(433) User=0.00s Sys=0.00s Real=0.00s
[170.893s][info][gc,start       ] GC(434) Pause Young (Normal) (G1 Evacuation Pause)
[170.893s][info][gc,task        ] GC(434) Using 33 workers of 33 for evacuation
[170.896s][info][gc,phases      ] GC(434)   Pre Evacuate Collection Set: 0.2ms
[170.896s][info][gc,phases      ] GC(434)   Merge Heap Roots: 0.2ms
[170.896s][info][gc,phases      ] GC(434)   Evacuate Collection Set: 0.4ms
[170.896s][info][gc,phases      ] GC(434)   Post Evacuate Collection Set: 2.2ms
[170.896s][info][gc,phases      ] GC(434)   Other: 0.1ms
[170.897s][info][gc,heap        ] GC(434) Eden regions: 333->0(333)
[170.897s][info][gc,heap        ] GC(434) Survivor regions: 1->1(42)
[170.897s][info][gc,heap        ] GC(434) Old regions: 28->28
[170.897s][info][gc,heap        ] GC(434) Archive regions: 0->0
[170.897s][info][gc,heap        ] GC(434) Humongous regions: 0->0
[170.897s][info][gc,metaspace   ] GC(434) Metaspace: 14288K(15168K)->14288K(15168K) NonClass: 12327K(12864K)->12327K(12864K) Class: 1961K(2304K)->1961K(2304K)
[170.897s][info][gc             ] GC(434) Pause Young (Normal) (G1 Evacuation Pause) 673M->7M(1114M) 3.266ms
[170.897s][info][gc,cpu         ] GC(434) User=0.42s Sys=0.09s Real=0.00s
[171.321s][info][gc,start       ] GC(435) Pause Young (Normal) (G1 Evacuation Pause)
[171.321s][info][gc,task        ] GC(435) Using 33 workers of 33 for evacuation
[171.324s][info][gc,phases      ] GC(435)   Pre Evacuate Collection Set: 0.2ms
[171.324s][info][gc,phases      ] GC(435)   Merge Heap Roots: 0.2ms
[171.324s][info][gc,phases      ] GC(435)   Evacuate Collection Set: 0.4ms
[171.324s][info][gc,phases      ] GC(435)   Post Evacuate Collection Set: 2.3ms
[171.324s][info][gc,phases      ] GC(435)   Other: 0.1ms
[171.324s][info][gc,heap        ] GC(435) Eden regions: 333->0(333)
[171.324s][info][gc,heap        ] GC(435) Survivor regions: 1->1(42)
[171.324s][info][gc,heap        ] GC(435) Old regions: 28->28
[171.324s][info][gc,heap        ] GC(435) Archive regions: 0->0
[171.324s][info][gc,heap        ] GC(435) Humongous regions: 0->0
[171.324s][info][gc,metaspace   ] GC(435) Metaspace: 14288K(15168K)->14288K(15168K) NonClass: 12327K(12864K)->12327K(12864K) Class: 1961K(2304K)->1961K(2304K)
[171.324s][info][gc             ] GC(435) Pause Young (Normal) (G1 Evacuation Pause) 673M->8M(1114M) 3.447ms
[171.324s][info][gc,cpu         ] GC(435) User=0.00s Sys=0.00s Real=0.00s
[171.747s][info][gc,start       ] GC(436) Pause Young (Normal) (G1 Evacuation Pause)
[171.747s][info][gc,task        ] GC(436) Using 33 workers of 33 for evacuation
[171.750s][info][gc,phases      ] GC(436)   Pre Evacuate Collection Set: 0.1ms
[171.750s][info][gc,phases      ] GC(436)   Merge Heap Roots: 0.2ms
[171.750s][info][gc,phases      ] GC(436)   Evacuate Collection Set: 0.4ms
[171.750s][info][gc,phases      ] GC(436)   Post Evacuate Collection Set: 2.3ms
[171.750s][info][gc,phases      ] GC(436)   Other: 0.1ms
[171.750s][info][gc,heap        ] GC(436) Eden regions: 333->0(333)
[171.750s][info][gc,heap        ] GC(436) Survivor regions: 1->1(42)
[171.750s][info][gc,heap        ] GC(436) Old regions: 28->28
[171.750s][info][gc,heap        ] GC(436) Archive regions: 0->0
[171.750s][info][gc,heap        ] GC(436) Humongous regions: 0->0
[171.750s][info][gc,metaspace   ] GC(436) Metaspace: 14288K(15168K)->14288K(15168K) NonClass: 12327K(12864K)->12327K(12864K) Class: 1961K(2304K)->1961K(2304K)
[171.750s][info][gc             ] GC(436) Pause Young (Normal) (G1 Evacuation Pause) 674M->8M(1114M) 3.379ms
[171.750s][info][gc,cpu         ] GC(436) User=0.00s Sys=0.00s Real=0.00s
[172.176s][info][gc,start       ] GC(437) Pause Young (Normal) (G1 Evacuation Pause)
[172.176s][info][gc,task        ] GC(437) Using 33 workers of 33 for evacuation
[172.179s][info][gc,phases      ] GC(437)   Pre Evacuate Collection Set: 0.2ms
[172.179s][info][gc,phases      ] GC(437)   Merge Heap Roots: 0.2ms
[172.179s][info][gc,phases      ] GC(437)   Evacuate Collection Set: 0.4ms
[172.179s][info][gc,phases      ] GC(437)   Post Evacuate Collection Set: 2.4ms
[172.179s][info][gc,phases      ] GC(437)   Other: 0.1ms
[172.179s][info][gc,heap        ] GC(437) Eden regions: 333->0(333)
[172.179s][info][gc,heap        ] GC(437) Survivor regions: 1->1(42)
[172.179s][info][gc,heap        ] GC(437) Old regions: 28->28
[172.179s][info][gc,heap        ] GC(437) Archive regions: 0->0
[172.179s][info][gc,heap        ] GC(437) Humongous regions: 0->0
[172.179s][info][gc,metaspace   ] GC(437) Metaspace: 14288K(15168K)->14288K(15168K) NonClass: 12327K(12864K)->12327K(12864K) Class: 1961K(2304K)->1961K(2304K)
[172.179s][info][gc             ] GC(437) Pause Young (Normal) (G1 Evacuation Pause) 674M->8M(1114M) 3.444ms
[172.180s][info][gc,cpu         ] GC(437) User=0.00s Sys=0.00s Real=0.00s
[172.604s][info][gc,start       ] GC(438) Pause Young (Normal) (G1 Evacuation Pause)
[172.604s][info][gc,task        ] GC(438) Using 33 workers of 33 for evacuation
[172.607s][info][gc,phases      ] GC(438)   Pre Evacuate Collection Set: 0.1ms
[172.607s][info][gc,phases      ] GC(438)   Merge Heap Roots: 0.2ms
[172.607s][info][gc,phases      ] GC(438)   Evacuate Collection Set: 0.4ms
[172.607s][info][gc,phases      ] GC(438)   Post Evacuate Collection Set: 2.4ms
[172.607s][info][gc,phases      ] GC(438)   Other: 0.1ms
[172.607s][info][gc,heap        ] GC(438) Eden regions: 333->0(333)
[172.607s][info][gc,heap        ] GC(438) Survivor regions: 1->1(42)
[172.607s][info][gc,heap        ] GC(438) Old regions: 28->28
[172.607s][info][gc,heap        ] GC(438) Archive regions: 0->0
[172.607s][info][gc,heap        ] GC(438) Humongous regions: 0->0
[172.607s][info][gc,metaspace   ] GC(438) Metaspace: 14288K(15168K)->14288K(15168K) NonClass: 12327K(12864K)->12327K(12864K) Class: 1961K(2304K)->1961K(2304K)
[172.607s][info][gc             ] GC(438) Pause Young (Normal) (G1 Evacuation Pause) 674M->8M(1114M) 3.415ms
[172.607s][info][gc,cpu         ] GC(438) User=0.00s Sys=0.00s Real=0.00s
[173.033s][info][gc,start       ] GC(439) Pause Young (Normal) (G1 Evacuation Pause)
[173.033s][info][gc,task        ] GC(439) Using 33 workers of 33 for evacuation
[173.037s][info][gc,phases      ] GC(439)   Pre Evacuate Collection Set: 0.2ms
[173.037s][info][gc,phases      ] GC(439)   Merge Heap Roots: 0.2ms
[173.037s][info][gc,phases      ] GC(439)   Evacuate Collection Set: 0.4ms
[173.037s][info][gc,phases      ] GC(439)   Post Evacuate Collection Set: 2.4ms
[173.037s][info][gc,phases      ] GC(439)   Other: 0.1ms
[173.037s][info][gc,heap        ] GC(439) Eden regions: 333->0(333)
[173.037s][info][gc,heap        ] GC(439) Survivor regions: 1->1(42)
[173.037s][info][gc,heap        ] GC(439) Old regions: 28->29
[173.037s][info][gc,heap        ] GC(439) Archive regions: 0->0
[173.037s][info][gc,heap        ] GC(439) Humongous regions: 0->0
[173.037s][info][gc,metaspace   ] GC(439) Metaspace: 14288K(15168K)->14288K(15168K) NonClass: 12327K(12864K)->12327K(12864K) Class: 1961K(2304K)->1961K(2304K)
[173.037s][info][gc             ] GC(439) Pause Young (Normal) (G1 Evacuation Pause) 674M->8M(1114M) 3.491ms
[173.037s][info][gc,cpu         ] GC(439) User=0.52s Sys=0.00s Real=0.00s
[173.466s][info][gc,start       ] GC(440) Pause Young (Normal) (G1 Evacuation Pause)
[173.466s][info][gc,task        ] GC(440) Using 33 workers of 33 for evacuation
[173.470s][info][gc,phases      ] GC(440)   Pre Evacuate Collection Set: 0.2ms
[173.470s][info][gc,phases      ] GC(440)   Merge Heap Roots: 0.2ms
[173.470s][info][gc,phases      ] GC(440)   Evacuate Collection Set: 0.4ms
[173.470s][info][gc,phases      ] GC(440)   Post Evacuate Collection Set: 2.4ms
[173.470s][info][gc,phases      ] GC(440)   Other: 0.1ms
[173.470s][info][gc,heap        ] GC(440) Eden regions: 333->0(333)
[173.470s][info][gc,heap        ] GC(440) Survivor regions: 1->1(42)
[173.470s][info][gc,heap        ] GC(440) Old regions: 29->29
[173.470s][info][gc,heap        ] GC(440) Archive regions: 0->0
[173.470s][info][gc,heap        ] GC(440) Humongous regions: 0->0
[173.470s][info][gc,metaspace   ] GC(440) Metaspace: 14288K(15168K)->14288K(15168K) NonClass: 12327K(12864K)->12327K(12864K) Class: 1961K(2304K)->1961K(2304K)
[173.470s][info][gc             ] GC(440) Pause Young (Normal) (G1 Evacuation Pause) 674M->8M(1114M) 3.441ms
[173.470s][info][gc,cpu         ] GC(440) User=0.00s Sys=0.00s Real=0.00s
[173.898s][info][gc,start       ] GC(441) Pause Young (Normal) (G1 Evacuation Pause)
[173.898s][info][gc,task        ] GC(441) Using 33 workers of 33 for evacuation
[173.901s][info][gc,phases      ] GC(441)   Pre Evacuate Collection Set: 0.2ms
[173.901s][info][gc,phases      ] GC(441)   Merge Heap Roots: 0.2ms
[173.901s][info][gc,phases      ] GC(441)   Evacuate Collection Set: 0.4ms
[173.901s][info][gc,phases      ] GC(441)   Post Evacuate Collection Set: 2.0ms
[173.901s][info][gc,phases      ] GC(441)   Other: 0.1ms
[173.901s][info][gc,heap        ] GC(441) Eden regions: 333->0(333)
[173.901s][info][gc,heap        ] GC(441) Survivor regions: 1->1(42)
[173.901s][info][gc,heap        ] GC(441) Old regions: 29->29
[173.901s][info][gc,heap        ] GC(441) Archive regions: 0->0
[173.901s][info][gc,heap        ] GC(441) Humongous regions: 0->0
[173.901s][info][gc,metaspace   ] GC(441) Metaspace: 14288K(15168K)->14288K(15168K) NonClass: 12327K(12864K)->12327K(12864K) Class: 1961K(2304K)->1961K(2304K)
[173.901s][info][gc             ] GC(441) Pause Young (Normal) (G1 Evacuation Pause) 674M->8M(1114M) 3.099ms
[173.901s][info][gc,cpu         ] GC(441) User=0.00s Sys=0.00s Real=0.00s
[174.326s][info][gc,start       ] GC(442) Pause Young (Normal) (G1 Evacuation Pause)
[174.326s][info][gc,task        ] GC(442) Using 33 workers of 33 for evacuation
[174.329s][info][gc,phases      ] GC(442)   Pre Evacuate Collection Set: 0.2ms
[174.329s][info][gc,phases      ] GC(442)   Merge Heap Roots: 0.2ms
[174.329s][info][gc,phases      ] GC(442)   Evacuate Collection Set: 0.4ms
[174.329s][info][gc,phases      ] GC(442)   Post Evacuate Collection Set: 2.1ms
[174.329s][info][gc,phases      ] GC(442)   Other: 0.1ms
[174.329s][info][gc,heap        ] GC(442) Eden regions: 333->0(333)
[174.329s][info][gc,heap        ] GC(442) Survivor regions: 1->1(42)
[174.329s][info][gc,heap        ] GC(442) Old regions: 29->29
[174.329s][info][gc,heap        ] GC(442) Archive regions: 0->0
[174.329s][info][gc,heap        ] GC(442) Humongous regions: 0->0
[174.329s][info][gc,metaspace   ] GC(442) Metaspace: 14288K(15168K)->14288K(15168K) NonClass: 12327K(12864K)->12327K(12864K) Class: 1961K(2304K)->1961K(2304K)
[174.329s][info][gc             ] GC(442) Pause Young (Normal) (G1 Evacuation Pause) 674M->8M(1114M) 3.280ms
[174.329s][info][gc,cpu         ] GC(442) User=0.00s Sys=0.00s Real=0.00s
[174.755s][info][gc,start       ] GC(443) Pause Young (Normal) (G1 Evacuation Pause)
[174.755s][info][gc,task        ] GC(443) Using 33 workers of 33 for evacuation
[174.758s][info][gc,phases      ] GC(443)   Pre Evacuate Collection Set: 0.2ms
[174.758s][info][gc,phases      ] GC(443)   Merge Heap Roots: 0.2ms
[174.758s][info][gc,phases      ] GC(443)   Evacuate Collection Set: 0.4ms
[174.758s][info][gc,phases      ] GC(443)   Post Evacuate Collection Set: 2.1ms
[174.758s][info][gc,phases      ] GC(443)   Other: 0.1ms
[174.758s][info][gc,heap        ] GC(443) Eden regions: 333->0(333)
[174.758s][info][gc,heap        ] GC(443) Survivor regions: 1->1(42)
[174.758s][info][gc,heap        ] GC(443) Old regions: 29->29
[174.758s][info][gc,heap        ] GC(443) Archive regions: 0->0
[174.758s][info][gc,heap        ] GC(443) Humongous regions: 0->0
[174.758s][info][gc,metaspace   ] GC(443) Metaspace: 14288K(15168K)->14288K(15168K) NonClass: 12327K(12864K)->12327K(12864K) Class: 1961K(2304K)->1961K(2304K)
[174.758s][info][gc             ] GC(443) Pause Young (Normal) (G1 Evacuation Pause) 674M->8M(1114M) 3.143ms
[174.758s][info][gc,cpu         ] GC(443) User=0.00s Sys=0.00s Real=0.00s
[175.183s][info][gc,start       ] GC(444) Pause Young (Normal) (G1 Evacuation Pause)
[175.183s][info][gc,task        ] GC(444) Using 33 workers of 33 for evacuation
[175.186s][info][gc,phases      ] GC(444)   Pre Evacuate Collection Set: 0.1ms
[175.186s][info][gc,phases      ] GC(444)   Merge Heap Roots: 0.2ms
[175.186s][info][gc,phases      ] GC(444)   Evacuate Collection Set: 0.4ms
[175.186s][info][gc,phases      ] GC(444)   Post Evacuate Collection Set: 2.1ms
[175.186s][info][gc,phases      ] GC(444)   Other: 0.1ms
[175.186s][info][gc,heap        ] GC(444) Eden regions: 333->0(333)
[175.186s][info][gc,heap        ] GC(444) Survivor regions: 1->1(42)
[175.186s][info][gc,heap        ] GC(444) Old regions: 29->29
[175.186s][info][gc,heap        ] GC(444) Archive regions: 0->0
[175.186s][info][gc,heap        ] GC(444) Humongous regions: 0->0
[175.186s][info][gc,metaspace   ] GC(444) Metaspace: 14288K(15168K)->14288K(15168K) NonClass: 12327K(12864K)->12327K(12864K) Class: 1961K(2304K)->1961K(2304K)
[175.186s][info][gc             ] GC(444) Pause Young (Normal) (G1 Evacuation Pause) 674M->8M(1114M) 3.199ms
[175.186s][info][gc,cpu         ] GC(444) User=0.00s Sys=0.00s Real=0.00s
[175.612s][info][gc,start       ] GC(445) Pause Young (Normal) (G1 Evacuation Pause)
[175.613s][info][gc,task        ] GC(445) Using 33 workers of 33 for evacuation
[175.616s][info][gc,phases      ] GC(445)   Pre Evacuate Collection Set: 0.2ms
[175.616s][info][gc,phases      ] GC(445)   Merge Heap Roots: 0.2ms
[175.616s][info][gc,phases      ] GC(445)   Evacuate Collection Set: 0.4ms
[175.616s][info][gc,phases      ] GC(445)   Post Evacuate Collection Set: 2.2ms
[175.616s][info][gc,phases      ] GC(445)   Other: 0.1ms
[175.616s][info][gc,heap        ] GC(445) Eden regions: 333->0(333)
[175.616s][info][gc,heap        ] GC(445) Survivor regions: 1->1(42)
[175.616s][info][gc,heap        ] GC(445) Old regions: 29->29
[175.616s][info][gc,heap        ] GC(445) Archive regions: 0->0
[175.616s][info][gc,heap        ] GC(445) Humongous regions: 0->0
[175.616s][info][gc,metaspace   ] GC(445) Metaspace: 14288K(15168K)->14288K(15168K) NonClass: 12327K(12864K)->12327K(12864K) Class: 1961K(2304K)->1961K(2304K)
[175.616s][info][gc             ] GC(445) Pause Young (Normal) (G1 Evacuation Pause) 674M->8M(1114M) 3.319ms
[175.616s][info][gc,cpu         ] GC(445) User=0.00s Sys=0.00s Real=0.00s
[176.043s][info][gc,start       ] GC(446) Pause Young (Normal) (G1 Evacuation Pause)
[176.043s][info][gc,task        ] GC(446) Using 33 workers of 33 for evacuation
[176.046s][info][gc,phases      ] GC(446)   Pre Evacuate Collection Set: 0.2ms
[176.046s][info][gc,phases      ] GC(446)   Merge Heap Roots: 0.2ms
[176.046s][info][gc,phases      ] GC(446)   Evacuate Collection Set: 0.4ms
[176.046s][info][gc,phases      ] GC(446)   Post Evacuate Collection Set: 2.3ms
[176.046s][info][gc,phases      ] GC(446)   Other: 0.1ms
[176.046s][info][gc,heap        ] GC(446) Eden regions: 333->0(333)
[176.046s][info][gc,heap        ] GC(446) Survivor regions: 1->1(42)
[176.046s][info][gc,heap        ] GC(446) Old regions: 29->29
[176.046s][info][gc,heap        ] GC(446) Archive regions: 0->0
[176.046s][info][gc,heap        ] GC(446) Humongous regions: 0->0
[176.046s][info][gc,metaspace   ] GC(446) Metaspace: 14288K(15168K)->14288K(15168K) NonClass: 12327K(12864K)->12327K(12864K) Class: 1961K(2304K)->1961K(2304K)
[176.046s][info][gc             ] GC(446) Pause Young (Normal) (G1 Evacuation Pause) 674M->8M(1114M) 3.335ms
[176.046s][info][gc,cpu         ] GC(446) User=0.00s Sys=0.00s Real=0.00s
[176.470s][info][gc,start       ] GC(447) Pause Young (Normal) (G1 Evacuation Pause)
[176.470s][info][gc,task        ] GC(447) Using 33 workers of 33 for evacuation
[176.473s][info][gc,phases      ] GC(447)   Pre Evacuate Collection Set: 0.2ms
[176.473s][info][gc,phases      ] GC(447)   Merge Heap Roots: 0.2ms
[176.473s][info][gc,phases      ] GC(447)   Evacuate Collection Set: 0.4ms
[176.473s][info][gc,phases      ] GC(447)   Post Evacuate Collection Set: 2.3ms
[176.473s][info][gc,phases      ] GC(447)   Other: 0.1ms
[176.473s][info][gc,heap        ] GC(447) Eden regions: 333->0(333)
[176.473s][info][gc,heap        ] GC(447) Survivor regions: 1->1(42)
[176.473s][info][gc,heap        ] GC(447) Old regions: 29->29
[176.473s][info][gc,heap        ] GC(447) Archive regions: 0->0
[176.473s][info][gc,heap        ] GC(447) Humongous regions: 0->0
[176.473s][info][gc,metaspace   ] GC(447) Metaspace: 14288K(15168K)->14288K(15168K) NonClass: 12327K(12864K)->12327K(12864K) Class: 1961K(2304K)->1961K(2304K)
[176.473s][info][gc             ] GC(447) Pause Young (Normal) (G1 Evacuation Pause) 674M->8M(1114M) 3.407ms
[176.473s][info][gc,cpu         ] GC(447) User=0.00s Sys=0.00s Real=0.00s
[176.897s][info][gc,start       ] GC(448) Pause Young (Normal) (G1 Evacuation Pause)
[176.897s][info][gc,task        ] GC(448) Using 33 workers of 33 for evacuation
[176.900s][info][gc,phases      ] GC(448)   Pre Evacuate Collection Set: 0.2ms
[176.900s][info][gc,phases      ] GC(448)   Merge Heap Roots: 0.2ms
[176.900s][info][gc,phases      ] GC(448)   Evacuate Collection Set: 0.4ms
[176.900s][info][gc,phases      ] GC(448)   Post Evacuate Collection Set: 2.4ms
[176.900s][info][gc,phases      ] GC(448)   Other: 0.1ms
[176.900s][info][gc,heap        ] GC(448) Eden regions: 333->0(333)
[176.900s][info][gc,heap        ] GC(448) Survivor regions: 1->1(42)
[176.900s][info][gc,heap        ] GC(448) Old regions: 29->29
[176.900s][info][gc,heap        ] GC(448) Archive regions: 0->0
[176.900s][info][gc,heap        ] GC(448) Humongous regions: 0->0
[176.900s][info][gc,metaspace   ] GC(448) Metaspace: 14288K(15168K)->14288K(15168K) NonClass: 12327K(12864K)->12327K(12864K) Class: 1961K(2304K)->1961K(2304K)
[176.900s][info][gc             ] GC(448) Pause Young (Normal) (G1 Evacuation Pause) 674M->9M(1114M) 3.435ms
[176.900s][info][gc,cpu         ] GC(448) User=0.00s Sys=0.00s Real=0.00s
[177.331s][info][gc,start       ] GC(449) Pause Young (Normal) (G1 Evacuation Pause)
[177.331s][info][gc,task        ] GC(449) Using 33 workers of 33 for evacuation
[177.334s][info][gc,phases      ] GC(449)   Pre Evacuate Collection Set: 0.1ms
[177.334s][info][gc,phases      ] GC(449)   Merge Heap Roots: 0.2ms
[177.334s][info][gc,phases      ] GC(449)   Evacuate Collection Set: 0.4ms
[177.334s][info][gc,phases      ] GC(449)   Post Evacuate Collection Set: 2.5ms
[177.334s][info][gc,phases      ] GC(449)   Other: 0.1ms
[177.334s][info][gc,heap        ] GC(449) Eden regions: 333->0(333)
[177.334s][info][gc,heap        ] GC(449) Survivor regions: 1->1(42)
[177.334s][info][gc,heap        ] GC(449) Old regions: 29->29
[177.334s][info][gc,heap        ] GC(449) Archive regions: 0->0
[177.334s][info][gc,heap        ] GC(449) Humongous regions: 0->0
[177.334s][info][gc,metaspace   ] GC(449) Metaspace: 14288K(15168K)->14288K(15168K) NonClass: 12327K(12864K)->12327K(12864K) Class: 1961K(2304K)->1961K(2304K)
[177.334s][info][gc             ] GC(449) Pause Young (Normal) (G1 Evacuation Pause) 675M->9M(1114M) 3.514ms
[177.334s][info][gc,cpu         ] GC(449) User=0.00s Sys=0.00s Real=0.00s
[177.776s][info][gc,start       ] GC(450) Pause Young (Normal) (G1 Evacuation Pause)
[177.776s][info][gc,task        ] GC(450) Using 33 workers of 33 for evacuation
[177.780s][info][gc,phases      ] GC(450)   Pre Evacuate Collection Set: 0.2ms
[177.780s][info][gc,phases      ] GC(450)   Merge Heap Roots: 0.2ms
[177.780s][info][gc,phases      ] GC(450)   Evacuate Collection Set: 0.4ms
[177.780s][info][gc,phases      ] GC(450)   Post Evacuate Collection Set: 2.5ms
[177.780s][info][gc,phases      ] GC(450)   Other: 0.1ms
[177.780s][info][gc,heap        ] GC(450) Eden regions: 333->0(333)
[177.780s][info][gc,heap        ] GC(450) Survivor regions: 1->1(42)
[177.780s][info][gc,heap        ] GC(450) Old regions: 29->29
[177.780s][info][gc,heap        ] GC(450) Archive regions: 0->0
[177.780s][info][gc,heap        ] GC(450) Humongous regions: 0->0
[177.780s][info][gc,metaspace   ] GC(450) Metaspace: 14288K(15168K)->14288K(15168K) NonClass: 12327K(12864K)->12327K(12864K) Class: 1961K(2304K)->1961K(2304K)
[177.780s][info][gc             ] GC(450) Pause Young (Normal) (G1 Evacuation Pause) 675M->9M(1114M) 3.586ms
[177.780s][info][gc,cpu         ] GC(450) User=0.00s Sys=0.00s Real=0.00s
[178.267s][info][gc,start       ] GC(451) Pause Young (Normal) (G1 Evacuation Pause)
[178.267s][info][gc,task        ] GC(451) Using 33 workers of 33 for evacuation
[178.270s][info][gc,phases      ] GC(451)   Pre Evacuate Collection Set: 0.1ms
[178.271s][info][gc,phases      ] GC(451)   Merge Heap Roots: 0.2ms
[178.271s][info][gc,phases      ] GC(451)   Evacuate Collection Set: 0.4ms
[178.271s][info][gc,phases      ] GC(451)   Post Evacuate Collection Set: 2.5ms
[178.271s][info][gc,phases      ] GC(451)   Other: 0.1ms
[178.271s][info][gc,heap        ] GC(451) Eden regions: 333->0(333)
[178.271s][info][gc,heap        ] GC(451) Survivor regions: 1->1(42)
[178.271s][info][gc,heap        ] GC(451) Old regions: 29->29
[178.271s][info][gc,heap        ] GC(451) Archive regions: 0->0
[178.271s][info][gc,heap        ] GC(451) Humongous regions: 0->0
[178.271s][info][gc,metaspace   ] GC(451) Metaspace: 14288K(15168K)->14288K(15168K) NonClass: 12327K(12864K)->12327K(12864K) Class: 1961K(2304K)->1961K(2304K)
[178.271s][info][gc             ] GC(451) Pause Young (Normal) (G1 Evacuation Pause) 675M->9M(1114M) 3.574ms
[178.271s][info][gc,cpu         ] GC(451) User=0.52s Sys=0.00s Real=0.00s
[178.633s][info][gc,start       ] GC(452) Pause Full (System.gc())
[178.633s][info][gc,task        ] GC(452) Using 29 workers of 33 for full compaction
[178.635s][info][gc,phases,start] GC(452) Phase 1: Mark live objects
[178.644s][info][gc,phases      ] GC(452) Phase 1: Mark live objects 9.912ms
[178.644s][info][gc,phases,start] GC(452) Phase 2: Prepare compaction
[178.647s][info][gc,phases      ] GC(452) Phase 2: Prepare compaction 2.300ms
[178.647s][info][gc,phases,start] GC(452) Phase 3: Adjust pointers
[178.652s][info][gc,phases      ] GC(452) Phase 3: Adjust pointers 4.744ms
[178.652s][info][gc,phases,start] GC(452) Phase 4: Compact heap
[178.652s][info][gc,phases      ] GC(452) Phase 4: Compact heap 0.570ms
[178.660s][info][gc,heap        ] GC(452) Eden regions: 188->0(50)
[178.660s][info][gc,heap        ] GC(452) Survivor regions: 1->0(42)
[178.660s][info][gc,heap        ] GC(452) Old regions: 29->25
[178.660s][info][gc,heap        ] GC(452) Archive regions: 0->0
[178.660s][info][gc,heap        ] GC(452) Humongous regions: 0->0
[178.660s][info][gc,metaspace   ] GC(452) Metaspace: 14288K(15168K)->14288K(15168K) NonClass: 12327K(12864K)->12327K(12864K) Class: 1961K(2304K)->1961K(2304K)
[178.660s][info][gc             ] GC(452) Pause Full (System.gc()) 384M->5M(168M) 26.691ms
[178.660s][info][gc,cpu         ] GC(452) User=0.45s Sys=0.00s Real=0.02s
[178.730s][info][gc,start       ] GC(453) Pause Young (Normal) (G1 Evacuation Pause)
[178.730s][info][gc,task        ] GC(453) Using 33 workers of 33 for evacuation
[178.733s][info][gc,phases      ] GC(453)   Pre Evacuate Collection Set: 0.1ms
[178.733s][info][gc,phases      ] GC(453)   Merge Heap Roots: 0.1ms
[178.733s][info][gc,phases      ] GC(453)   Evacuate Collection Set: 0.4ms
[178.733s][info][gc,phases      ] GC(453)   Post Evacuate Collection Set: 1.5ms
[178.733s][info][gc,phases      ] GC(453)   Other: 0.1ms
[178.733s][info][gc,heap        ] GC(453) Eden regions: 50->0(49)
[178.733s][info][gc,heap        ] GC(453) Survivor regions: 0->1(7)
[178.733s][info][gc,heap        ] GC(453) Old regions: 25->25
[178.733s][info][gc,heap        ] GC(453) Archive regions: 0->0
[178.733s][info][gc,heap        ] GC(453) Humongous regions: 0->0
[178.733s][info][gc,metaspace   ] GC(453) Metaspace: 14288K(15168K)->14288K(15168K) NonClass: 12327K(12864K)->12327K(12864K) Class: 1961K(2304K)->1961K(2304K)
[178.733s][info][gc             ] GC(453) Pause Young (Normal) (G1 Evacuation Pause) 105M->6M(168M) 2.385ms
[178.733s][info][gc,cpu         ] GC(453) User=0.00s Sys=0.00s Real=0.00s
[178.800s][info][gc,start       ] GC(454) Pause Young (Normal) (G1 Evacuation Pause)
[178.800s][info][gc,task        ] GC(454) Using 33 workers of 33 for evacuation
[178.802s][info][gc,phases      ] GC(454)   Pre Evacuate Collection Set: 0.1ms
[178.802s][info][gc,phases      ] GC(454)   Merge Heap Roots: 0.1ms
[178.802s][info][gc,phases      ] GC(454)   Evacuate Collection Set: 0.5ms
[178.802s][info][gc,phases      ] GC(454)   Post Evacuate Collection Set: 1.4ms
[178.802s][info][gc,phases      ] GC(454)   Other: 0.1ms
[178.802s][info][gc,heap        ] GC(454) Eden regions: 49->0(49)
[178.802s][info][gc,heap        ] GC(454) Survivor regions: 1->1(7)
[178.802s][info][gc,heap        ] GC(454) Old regions: 25->25
[178.802s][info][gc,heap        ] GC(454) Archive regions: 0->0
[178.802s][info][gc,heap        ] GC(454) Humongous regions: 0->0
[178.802s][info][gc,metaspace   ] GC(454) Metaspace: 14288K(15168K)->14288K(15168K) NonClass: 12327K(12864K)->12327K(12864K) Class: 1961K(2304K)->1961K(2304K)
[178.802s][info][gc             ] GC(454) Pause Young (Normal) (G1 Evacuation Pause) 104M->6M(168M) 2.401ms
[178.802s][info][gc,cpu         ] GC(454) User=0.00s Sys=0.00s Real=0.00s
[178.871s][info][gc,start       ] GC(455) Pause Young (Normal) (G1 Evacuation Pause)
[178.871s][info][gc,task        ] GC(455) Using 33 workers of 33 for evacuation
[178.873s][info][gc,phases      ] GC(455)   Pre Evacuate Collection Set: 0.1ms
[178.873s][info][gc,phases      ] GC(455)   Merge Heap Roots: 0.1ms
[178.873s][info][gc,phases      ] GC(455)   Evacuate Collection Set: 0.4ms
[178.873s][info][gc,phases      ] GC(455)   Post Evacuate Collection Set: 1.4ms
[178.873s][info][gc,phases      ] GC(455)   Other: 0.1ms
[178.873s][info][gc,heap        ] GC(455) Eden regions: 49->0(49)
[178.873s][info][gc,heap        ] GC(455) Survivor regions: 1->1(7)
[178.873s][info][gc,heap        ] GC(455) Old regions: 25->25
[178.873s][info][gc,heap        ] GC(455) Archive regions: 0->0
[178.873s][info][gc,heap        ] GC(455) Humongous regions: 0->0
[178.873s][info][gc,metaspace   ] GC(455) Metaspace: 14288K(15168K)->14288K(15168K) NonClass: 12327K(12864K)->12327K(12864K) Class: 1961K(2304K)->1961K(2304K)
[178.873s][info][gc             ] GC(455) Pause Young (Normal) (G1 Evacuation Pause) 104M->6M(168M) 2.359ms
[178.873s][info][gc,cpu         ] GC(455) User=0.00s Sys=0.00s Real=0.00s
[178.941s][info][gc,start       ] GC(456) Pause Young (Normal) (G1 Evacuation Pause)
[178.941s][info][gc,task        ] GC(456) Using 33 workers of 33 for evacuation
[178.947s][info][gc,phases      ] GC(456)   Pre Evacuate Collection Set: 0.1ms
[178.947s][info][gc,phases      ] GC(456)   Merge Heap Roots: 0.1ms
[178.947s][info][gc,phases      ] GC(456)   Evacuate Collection Set: 0.4ms
[178.947s][info][gc,phases      ] GC(456)   Post Evacuate Collection Set: 5.2ms
[178.947s][info][gc,phases      ] GC(456)   Other: 0.1ms
[178.947s][info][gc,heap        ] GC(456) Eden regions: 49->0(331)
[178.947s][info][gc,heap        ] GC(456) Survivor regions: 1->1(7)
[178.947s][info][gc,heap        ] GC(456) Old regions: 25->25
[178.947s][info][gc,heap        ] GC(456) Archive regions: 0->0
[178.947s][info][gc,heap        ] GC(456) Humongous regions: 0->0
[178.947s][info][gc,metaspace   ] GC(456) Metaspace: 14288K(15168K)->14288K(15168K) NonClass: 12327K(12864K)->12327K(12864K) Class: 1961K(2304K)->1961K(2304K)
[178.947s][info][gc             ] GC(456) Pause Young (Normal) (G1 Evacuation Pause) 104M->6M(1108M) 6.206ms
[178.947s][info][gc,cpu         ] GC(456) User=0.00s Sys=0.00s Real=0.00s
[179.401s][info][gc,start       ] GC(457) Pause Young (Normal) (G1 Evacuation Pause)
[179.401s][info][gc,task        ] GC(457) Using 33 workers of 33 for evacuation
[179.405s][info][gc,phases      ] GC(457)   Pre Evacuate Collection Set: 0.1ms
[179.405s][info][gc,phases      ] GC(457)   Merge Heap Roots: 0.1ms
[179.405s][info][gc,phases      ] GC(457)   Evacuate Collection Set: 1.9ms
[179.405s][info][gc,phases      ] GC(457)   Post Evacuate Collection Set: 2.0ms
[179.405s][info][gc,phases      ] GC(457)   Other: 0.1ms
[179.405s][info][gc,heap        ] GC(457) Eden regions: 331->0(331)
[179.405s][info][gc,heap        ] GC(457) Survivor regions: 1->1(42)
[179.405s][info][gc,heap        ] GC(457) Old regions: 25->25
[179.405s][info][gc,heap        ] GC(457) Archive regions: 0->0
[179.405s][info][gc,heap        ] GC(457) Humongous regions: 0->0
[179.405s][info][gc,metaspace   ] GC(457) Metaspace: 14288K(15168K)->14288K(15168K) NonClass: 12327K(12864K)->12327K(12864K) Class: 1961K(2304K)->1961K(2304K)
[179.405s][info][gc             ] GC(457) Pause Young (Normal) (G1 Evacuation Pause) 668M->6M(1108M) 4.500ms
[179.405s][info][gc,cpu         ] GC(457) User=0.00s Sys=0.00s Real=0.00s
[179.819s][info][gc,start       ] GC(458) Pause Young (Normal) (G1 Evacuation Pause)
[179.819s][info][gc,task        ] GC(458) Using 33 workers of 33 for evacuation
[179.824s][info][gc,phases      ] GC(458)   Pre Evacuate Collection Set: 0.1ms
[179.824s][info][gc,phases      ] GC(458)   Merge Heap Roots: 0.1ms
[179.824s][info][gc,phases      ] GC(458)   Evacuate Collection Set: 2.0ms
[179.824s][info][gc,phases      ] GC(458)   Post Evacuate Collection Set: 2.1ms
[179.824s][info][gc,phases      ] GC(458)   Other: 0.1ms
[179.824s][info][gc,heap        ] GC(458) Eden regions: 331->0(331)
[179.824s][info][gc,heap        ] GC(458) Survivor regions: 1->1(42)
[179.824s][info][gc,heap        ] GC(458) Old regions: 25->25
[179.824s][info][gc,heap        ] GC(458) Archive regions: 0->0
[179.824s][info][gc,heap        ] GC(458) Humongous regions: 0->0
[179.824s][info][gc,metaspace   ] GC(458) Metaspace: 14288K(15168K)->14288K(15168K) NonClass: 12327K(12864K)->12327K(12864K) Class: 1961K(2304K)->1961K(2304K)
[179.824s][info][gc             ] GC(458) Pause Young (Normal) (G1 Evacuation Pause) 668M->6M(1108M) 4.761ms
[179.824s][info][gc,cpu         ] GC(458) User=0.00s Sys=0.00s Real=0.01s
[180.250s][info][gc,start       ] GC(459) Pause Young (Normal) (G1 Evacuation Pause)
[180.251s][info][gc,task        ] GC(459) Using 33 workers of 33 for evacuation
[180.254s][info][gc,phases      ] GC(459)   Pre Evacuate Collection Set: 0.1ms
[180.254s][info][gc,phases      ] GC(459)   Merge Heap Roots: 0.1ms
[180.254s][info][gc,phases      ] GC(459)   Evacuate Collection Set: 0.5ms
[180.254s][info][gc,phases      ] GC(459)   Post Evacuate Collection Set: 2.2ms
[180.254s][info][gc,phases      ] GC(459)   Other: 0.1ms
[180.254s][info][gc,heap        ] GC(459) Eden regions: 331->0(331)
[180.254s][info][gc,heap        ] GC(459) Survivor regions: 1->1(42)
[180.254s][info][gc,heap        ] GC(459) Old regions: 25->25
[180.254s][info][gc,heap        ] GC(459) Archive regions: 0->0
[180.254s][info][gc,heap        ] GC(459) Humongous regions: 0->0
[180.254s][info][gc,metaspace   ] GC(459) Metaspace: 14288K(15168K)->14288K(15168K) NonClass: 12327K(12864K)->12327K(12864K) Class: 1961K(2304K)->1961K(2304K)
[180.254s][info][gc             ] GC(459) Pause Young (Normal) (G1 Evacuation Pause) 668M->6M(1108M) 3.363ms
[180.254s][info][gc,cpu         ] GC(459) User=0.52s Sys=0.00s Real=0.00s
[180.669s][info][gc,start       ] GC(460) Pause Young (Normal) (G1 Evacuation Pause)
[180.669s][info][gc,task        ] GC(460) Using 33 workers of 33 for evacuation
[180.673s][info][gc,phases      ] GC(460)   Pre Evacuate Collection Set: 0.1ms
[180.673s][info][gc,phases      ] GC(460)   Merge Heap Roots: 0.1ms
[180.673s][info][gc,phases      ] GC(460)   Evacuate Collection Set: 0.7ms
[180.673s][info][gc,phases      ] GC(460)   Post Evacuate Collection Set: 2.2ms
[180.673s][info][gc,phases      ] GC(460)   Other: 0.1ms
[180.673s][info][gc,heap        ] GC(460) Eden regions: 331->0(331)
[180.673s][info][gc,heap        ] GC(460) Survivor regions: 1->1(42)
[180.673s][info][gc,heap        ] GC(460) Old regions: 25->25
[180.673s][info][gc,heap        ] GC(460) Archive regions: 0->0
[180.673s][info][gc,heap        ] GC(460) Humongous regions: 0->0
[180.673s][info][gc,metaspace   ] GC(460) Metaspace: 14288K(15168K)->14288K(15168K) NonClass: 12327K(12864K)->12327K(12864K) Class: 1961K(2304K)->1961K(2304K)
[180.673s][info][gc             ] GC(460) Pause Young (Normal) (G1 Evacuation Pause) 668M->7M(1108M) 3.500ms
[180.673s][info][gc,cpu         ] GC(460) User=0.00s Sys=0.00s Real=0.00s
[181.088s][info][gc,start       ] GC(461) Pause Young (Normal) (G1 Evacuation Pause)
[181.089s][info][gc,task        ] GC(461) Using 33 workers of 33 for evacuation
[181.092s][info][gc,phases      ] GC(461)   Pre Evacuate Collection Set: 0.2ms
[181.092s][info][gc,phases      ] GC(461)   Merge Heap Roots: 0.1ms
[181.092s][info][gc,phases      ] GC(461)   Evacuate Collection Set: 0.5ms
[181.092s][info][gc,phases      ] GC(461)   Post Evacuate Collection Set: 2.3ms
[181.092s][info][gc,phases      ] GC(461)   Other: 0.1ms
[181.092s][info][gc,heap        ] GC(461) Eden regions: 331->0(331)
[181.092s][info][gc,heap        ] GC(461) Survivor regions: 1->1(42)
[181.092s][info][gc,heap        ] GC(461) Old regions: 25->25
[181.092s][info][gc,heap        ] GC(461) Archive regions: 0->0
[181.092s][info][gc,heap        ] GC(461) Humongous regions: 0->0
[181.092s][info][gc,metaspace   ] GC(461) Metaspace: 14288K(15168K)->14288K(15168K) NonClass: 12327K(12864K)->12327K(12864K) Class: 1961K(2304K)->1961K(2304K)
[181.092s][info][gc             ] GC(461) Pause Young (Normal) (G1 Evacuation Pause) 669M->7M(1108M) 3.485ms
[181.092s][info][gc,cpu         ] GC(461) User=0.00s Sys=0.00s Real=0.00s
[181.512s][info][gc,start       ] GC(462) Pause Young (Normal) (G1 Evacuation Pause)
[181.512s][info][gc,task        ] GC(462) Using 33 workers of 33 for evacuation
[181.515s][info][gc,phases      ] GC(462)   Pre Evacuate Collection Set: 0.1ms
[181.515s][info][gc,phases      ] GC(462)   Merge Heap Roots: 0.1ms
[181.515s][info][gc,phases      ] GC(462)   Evacuate Collection Set: 0.7ms
[181.515s][info][gc,phases      ] GC(462)   Post Evacuate Collection Set: 2.3ms
[181.515s][info][gc,phases      ] GC(462)   Other: 0.1ms
[181.515s][info][gc,heap        ] GC(462) Eden regions: 331->0(331)
[181.515s][info][gc,heap        ] GC(462) Survivor regions: 1->1(42)
[181.515s][info][gc,heap        ] GC(462) Old regions: 25->25
[181.515s][info][gc,heap        ] GC(462) Archive regions: 0->0
[181.516s][info][gc,heap        ] GC(462) Humongous regions: 0->0
[181.516s][info][gc,metaspace   ] GC(462) Metaspace: 14288K(15168K)->14288K(15168K) NonClass: 12327K(12864K)->12327K(12864K) Class: 1961K(2304K)->1961K(2304K)
[181.516s][info][gc             ] GC(462) Pause Young (Normal) (G1 Evacuation Pause) 669M->7M(1108M) 3.659ms
[181.516s][info][gc,cpu         ] GC(462) User=0.00s Sys=0.00s Real=0.00s
[181.926s][info][gc,start       ] GC(463) Pause Young (Normal) (G1 Evacuation Pause)
[181.926s][info][gc,task        ] GC(463) Using 33 workers of 33 for evacuation
[181.929s][info][gc,phases      ] GC(463)   Pre Evacuate Collection Set: 0.2ms
[181.929s][info][gc,phases      ] GC(463)   Merge Heap Roots: 0.1ms
[181.929s][info][gc,phases      ] GC(463)   Evacuate Collection Set: 0.6ms
[181.929s][info][gc,phases      ] GC(463)   Post Evacuate Collection Set: 2.4ms
[181.929s][info][gc,phases      ] GC(463)   Other: 0.1ms
[181.930s][info][gc,heap        ] GC(463) Eden regions: 331->0(331)
[181.930s][info][gc,heap        ] GC(463) Survivor regions: 1->1(42)
[181.930s][info][gc,heap        ] GC(463) Old regions: 25->25
[181.930s][info][gc,heap        ] GC(463) Archive regions: 0->0
[181.930s][info][gc,heap        ] GC(463) Humongous regions: 0->0
[181.930s][info][gc,metaspace   ] GC(463) Metaspace: 14288K(15168K)->14288K(15168K) NonClass: 12327K(12864K)->12327K(12864K) Class: 1961K(2304K)->1961K(2304K)
[181.930s][info][gc             ] GC(463) Pause Young (Normal) (G1 Evacuation Pause) 669M->7M(1108M) 3.554ms
[181.930s][info][gc,cpu         ] GC(463) User=0.00s Sys=0.00s Real=0.00s
[182.348s][info][gc,start       ] GC(464) Pause Young (Normal) (G1 Evacuation Pause)
[182.348s][info][gc,task        ] GC(464) Using 33 workers of 33 for evacuation
[182.352s][info][gc,phases      ] GC(464)   Pre Evacuate Collection Set: 0.2ms
[182.352s][info][gc,phases      ] GC(464)   Merge Heap Roots: 0.1ms
[182.352s][info][gc,phases      ] GC(464)   Evacuate Collection Set: 0.7ms
[182.352s][info][gc,phases      ] GC(464)   Post Evacuate Collection Set: 2.4ms
[182.352s][info][gc,phases      ] GC(464)   Other: 0.1ms
[182.352s][info][gc,heap        ] GC(464) Eden regions: 331->0(330)
[182.352s][info][gc,heap        ] GC(464) Survivor regions: 1->2(42)
[182.352s][info][gc,heap        ] GC(464) Old regions: 25->25
[182.352s][info][gc,heap        ] GC(464) Archive regions: 0->0
[182.352s][info][gc,heap        ] GC(464) Humongous regions: 0->0
[182.352s][info][gc,metaspace   ] GC(464) Metaspace: 14288K(15168K)->14288K(15168K) NonClass: 12327K(12864K)->12327K(12864K) Class: 1961K(2304K)->1961K(2304K)
[182.352s][info][gc             ] GC(464) Pause Young (Normal) (G1 Evacuation Pause) 669M->7M(1108M) 3.831ms
[182.352s][info][gc,cpu         ] GC(464) User=0.00s Sys=0.00s Real=0.00s
[182.767s][info][gc,start       ] GC(465) Pause Young (Normal) (G1 Evacuation Pause)
[182.767s][info][gc,task        ] GC(465) Using 33 workers of 33 for evacuation
[182.771s][info][gc,phases      ] GC(465)   Pre Evacuate Collection Set: 0.2ms
[182.771s][info][gc,phases      ] GC(465)   Merge Heap Roots: 0.2ms
[182.771s][info][gc,phases      ] GC(465)   Evacuate Collection Set: 1.0ms
[182.771s][info][gc,phases      ] GC(465)   Post Evacuate Collection Set: 2.5ms
[182.771s][info][gc,phases      ] GC(465)   Other: 0.1ms
[182.771s][info][gc,heap        ] GC(465) Eden regions: 330->0(330)
[182.771s][info][gc,heap        ] GC(465) Survivor regions: 2->2(42)
[182.771s][info][gc,heap        ] GC(465) Old regions: 25->25
[182.771s][info][gc,heap        ] GC(465) Archive regions: 0->0
[182.771s][info][gc,heap        ] GC(465) Humongous regions: 0->0
[182.771s][info][gc,metaspace   ] GC(465) Metaspace: 14288K(15168K)->14288K(15168K) NonClass: 12327K(12864K)->12327K(12864K) Class: 1961K(2304K)->1961K(2304K)
[182.772s][info][gc             ] GC(465) Pause Young (Normal) (G1 Evacuation Pause) 667M->7M(1108M) 4.157ms
[182.772s][info][gc,cpu         ] GC(465) User=0.52s Sys=0.00s Real=0.00s
[183.186s][info][gc,start       ] GC(466) Pause Young (Normal) (G1 Evacuation Pause)
[183.187s][info][gc,task        ] GC(466) Using 33 workers of 33 for evacuation
[183.190s][info][gc,phases      ] GC(466)   Pre Evacuate Collection Set: 0.1ms
[183.190s][info][gc,phases      ] GC(466)   Merge Heap Roots: 0.1ms
[183.190s][info][gc,phases      ] GC(466)   Evacuate Collection Set: 0.7ms
[183.190s][info][gc,phases      ] GC(466)   Post Evacuate Collection Set: 2.3ms
[183.190s][info][gc,phases      ] GC(466)   Other: 0.1ms
[183.190s][info][gc,heap        ] GC(466) Eden regions: 330->0(330)
[183.190s][info][gc,heap        ] GC(466) Survivor regions: 2->2(42)
[183.190s][info][gc,heap        ] GC(466) Old regions: 25->25
[183.190s][info][gc,heap        ] GC(466) Archive regions: 0->0
[183.190s][info][gc,heap        ] GC(466) Humongous regions: 0->0
[183.190s][info][gc,metaspace   ] GC(466) Metaspace: 14288K(15168K)->14288K(15168K) NonClass: 12327K(12864K)->12327K(12864K) Class: 1961K(2304K)->1961K(2304K)
[183.190s][info][gc             ] GC(466) Pause Young (Normal) (G1 Evacuation Pause) 667M->7M(1108M) 3.717ms
[183.190s][info][gc,cpu         ] GC(466) User=0.00s Sys=0.00s Real=0.00s
[183.608s][info][gc,start       ] GC(467) Pause Young (Normal) (G1 Evacuation Pause)
[183.608s][info][gc,task        ] GC(467) Using 33 workers of 33 for evacuation
[183.611s][info][gc,phases      ] GC(467)   Pre Evacuate Collection Set: 0.2ms
[183.611s][info][gc,phases      ] GC(467)   Merge Heap Roots: 0.1ms
[183.611s][info][gc,phases      ] GC(467)   Evacuate Collection Set: 0.5ms
[183.611s][info][gc,phases      ] GC(467)   Post Evacuate Collection Set: 2.1ms
[183.611s][info][gc,phases      ] GC(467)   Other: 0.1ms
[183.611s][info][gc,heap        ] GC(467) Eden regions: 330->0(330)
[183.611s][info][gc,heap        ] GC(467) Survivor regions: 2->2(42)
[183.611s][info][gc,heap        ] GC(467) Old regions: 25->25
[183.611s][info][gc,heap        ] GC(467) Archive regions: 0->0
[183.611s][info][gc,heap        ] GC(467) Humongous regions: 0->0
[183.611s][info][gc,metaspace   ] GC(467) Metaspace: 14288K(15168K)->14288K(15168K) NonClass: 12327K(12864K)->12327K(12864K) Class: 1961K(2304K)->1961K(2304K)
[183.611s][info][gc             ] GC(467) Pause Young (Normal) (G1 Evacuation Pause) 667M->7M(1108M) 3.324ms
[183.611s][info][gc,cpu         ] GC(467) User=0.00s Sys=0.00s Real=0.00s
[184.024s][info][gc,start       ] GC(468) Pause Young (Normal) (G1 Evacuation Pause)
[184.024s][info][gc,task        ] GC(468) Using 33 workers of 33 for evacuation
[184.027s][info][gc,phases      ] GC(468)   Pre Evacuate Collection Set: 0.2ms
[184.027s][info][gc,phases      ] GC(468)   Merge Heap Roots: 0.1ms
[184.027s][info][gc,phases      ] GC(468)   Evacuate Collection Set: 0.6ms
[184.027s][info][gc,phases      ] GC(468)   Post Evacuate Collection Set: 2.0ms
[184.027s][info][gc,phases      ] GC(468)   Other: 0.1ms
[184.027s][info][gc,heap        ] GC(468) Eden regions: 330->0(331)
[184.027s][info][gc,heap        ] GC(468) Survivor regions: 2->1(42)
[184.027s][info][gc,heap        ] GC(468) Old regions: 25->26
[184.027s][info][gc,heap        ] GC(468) Archive regions: 0->0
[184.027s][info][gc,heap        ] GC(468) Humongous regions: 0->0
[184.027s][info][gc,metaspace   ] GC(468) Metaspace: 14288K(15168K)->14288K(15168K) NonClass: 12327K(12864K)->12327K(12864K) Class: 1961K(2304K)->1961K(2304K)
[184.027s][info][gc             ] GC(468) Pause Young (Normal) (G1 Evacuation Pause) 667M->7M(1108M) 3.250ms
[184.027s][info][gc,cpu         ] GC(468) User=0.00s Sys=0.00s Real=0.00s
[184.450s][info][gc,start       ] GC(469) Pause Young (Normal) (G1 Evacuation Pause)
[184.450s][info][gc,task        ] GC(469) Using 33 workers of 33 for evacuation
[184.453s][info][gc,phases      ] GC(469)   Pre Evacuate Collection Set: 0.2ms
[184.453s][info][gc,phases      ] GC(469)   Merge Heap Roots: 0.2ms
[184.453s][info][gc,phases      ] GC(469)   Evacuate Collection Set: 0.4ms
[184.453s][info][gc,phases      ] GC(469)   Post Evacuate Collection Set: 2.1ms
[184.453s][info][gc,phases      ] GC(469)   Other: 0.1ms
[184.453s][info][gc,heap        ] GC(469) Eden regions: 331->0(331)
[184.453s][info][gc,heap        ] GC(469) Survivor regions: 1->1(42)
[184.453s][info][gc,heap        ] GC(469) Old regions: 26->26
[184.454s][info][gc,heap        ] GC(469) Archive regions: 0->0
[184.454s][info][gc,heap        ] GC(469) Humongous regions: 0->0
[184.454s][info][gc,metaspace   ] GC(469) Metaspace: 14288K(15168K)->14288K(15168K) NonClass: 12327K(12864K)->12327K(12864K) Class: 1961K(2304K)->1961K(2304K)
[184.454s][info][gc             ] GC(469) Pause Young (Normal) (G1 Evacuation Pause) 669M->7M(1108M) 3.227ms
[184.454s][info][gc,cpu         ] GC(469) User=0.00s Sys=0.00s Real=0.00s
[184.877s][info][gc,start       ] GC(470) Pause Young (Normal) (G1 Evacuation Pause)
[184.878s][info][gc,task        ] GC(470) Using 33 workers of 33 for evacuation
[184.881s][info][gc,phases      ] GC(470)   Pre Evacuate Collection Set: 0.2ms
[184.881s][info][gc,phases      ] GC(470)   Merge Heap Roots: 0.2ms
[184.881s][info][gc,phases      ] GC(470)   Evacuate Collection Set: 0.4ms
[184.881s][info][gc,phases      ] GC(470)   Post Evacuate Collection Set: 2.2ms
[184.881s][info][gc,phases      ] GC(470)   Other: 0.1ms
[184.881s][info][gc,heap        ] GC(470) Eden regions: 331->0(331)
[184.881s][info][gc,heap        ] GC(470) Survivor regions: 1->1(42)
[184.881s][info][gc,heap        ] GC(470) Old regions: 26->26
[184.881s][info][gc,heap        ] GC(470) Archive regions: 0->0
[184.881s][info][gc,heap        ] GC(470) Humongous regions: 0->0
[184.881s][info][gc,metaspace   ] GC(470) Metaspace: 14288K(15168K)->14288K(15168K) NonClass: 12327K(12864K)->12327K(12864K) Class: 1961K(2304K)->1961K(2304K)
[184.881s][info][gc             ] GC(470) Pause Young (Normal) (G1 Evacuation Pause) 669M->7M(1108M) 3.305ms
[184.881s][info][gc,cpu         ] GC(470) User=0.52s Sys=0.00s Real=0.00s
[185.302s][info][gc,start       ] GC(471) Pause Young (Normal) (G1 Evacuation Pause)
[185.302s][info][gc,task        ] GC(471) Using 33 workers of 33 for evacuation
[185.305s][info][gc,phases      ] GC(471)   Pre Evacuate Collection Set: 0.2ms
[185.306s][info][gc,phases      ] GC(471)   Merge Heap Roots: 0.2ms
[185.306s][info][gc,phases      ] GC(471)   Evacuate Collection Set: 0.4ms
[185.306s][info][gc,phases      ] GC(471)   Post Evacuate Collection Set: 2.2ms
[185.306s][info][gc,phases      ] GC(471)   Other: 0.1ms
[185.306s][info][gc,heap        ] GC(471) Eden regions: 331->0(331)
[185.306s][info][gc,heap        ] GC(471) Survivor regions: 1->1(42)
[185.306s][info][gc,heap        ] GC(471) Old regions: 26->26
[185.306s][info][gc,heap        ] GC(471) Archive regions: 0->0
[185.306s][info][gc,heap        ] GC(471) Humongous regions: 0->0
[185.306s][info][gc,metaspace   ] GC(471) Metaspace: 14288K(15168K)->14288K(15168K) NonClass: 12327K(12864K)->12327K(12864K) Class: 1961K(2304K)->1961K(2304K)
[185.306s][info][gc             ] GC(471) Pause Young (Normal) (G1 Evacuation Pause) 669M->7M(1108M) 3.254ms
[185.306s][info][gc,cpu         ] GC(471) User=0.00s Sys=0.00s Real=0.00s
[185.730s][info][gc,start       ] GC(472) Pause Young (Normal) (G1 Evacuation Pause)
[185.730s][info][gc,task        ] GC(472) Using 33 workers of 33 for evacuation
[185.733s][info][gc,phases      ] GC(472)   Pre Evacuate Collection Set: 0.2ms
[185.733s][info][gc,phases      ] GC(472)   Merge Heap Roots: 0.2ms
[185.733s][info][gc,phases      ] GC(472)   Evacuate Collection Set: 0.4ms
[185.733s][info][gc,phases      ] GC(472)   Post Evacuate Collection Set: 2.3ms
[185.733s][info][gc,phases      ] GC(472)   Other: 0.1ms
[185.733s][info][gc,heap        ] GC(472) Eden regions: 331->0(331)
[185.733s][info][gc,heap        ] GC(472) Survivor regions: 1->1(42)
[185.733s][info][gc,heap        ] GC(472) Old regions: 26->26
[185.733s][info][gc,heap        ] GC(472) Archive regions: 0->0
[185.733s][info][gc,heap        ] GC(472) Humongous regions: 0->0
[185.733s][info][gc,metaspace   ] GC(472) Metaspace: 14288K(15168K)->14288K(15168K) NonClass: 12327K(12864K)->12327K(12864K) Class: 1961K(2304K)->1961K(2304K)
[185.733s][info][gc             ] GC(472) Pause Young (Normal) (G1 Evacuation Pause) 669M->7M(1108M) 3.318ms
[185.733s][info][gc,cpu         ] GC(472) User=0.00s Sys=0.00s Real=0.00s
[186.155s][info][gc,start       ] GC(473) Pause Young (Normal) (G1 Evacuation Pause)
[186.156s][info][gc,task        ] GC(473) Using 33 workers of 33 for evacuation
[186.159s][info][gc,phases      ] GC(473)   Pre Evacuate Collection Set: 0.2ms
[186.159s][info][gc,phases      ] GC(473)   Merge Heap Roots: 0.2ms
[186.159s][info][gc,phases      ] GC(473)   Evacuate Collection Set: 0.4ms
[186.159s][info][gc,phases      ] GC(473)   Post Evacuate Collection Set: 2.4ms
[186.159s][info][gc,phases      ] GC(473)   Other: 0.1ms
[186.159s][info][gc,heap        ] GC(473) Eden regions: 331->0(331)
[186.159s][info][gc,heap        ] GC(473) Survivor regions: 1->1(42)
[186.159s][info][gc,heap        ] GC(473) Old regions: 26->26
[186.159s][info][gc,heap        ] GC(473) Archive regions: 0->0
[186.159s][info][gc,heap        ] GC(473) Humongous regions: 0->0
[186.159s][info][gc,metaspace   ] GC(473) Metaspace: 14288K(15168K)->14288K(15168K) NonClass: 12327K(12864K)->12327K(12864K) Class: 1961K(2304K)->1961K(2304K)
[186.159s][info][gc             ] GC(473) Pause Young (Normal) (G1 Evacuation Pause) 669M->7M(1108M) 3.424ms
[186.159s][info][gc,cpu         ] GC(473) User=0.00s Sys=0.00s Real=0.00s
[186.583s][info][gc,start       ] GC(474) Pause Young (Normal) (G1 Evacuation Pause)
[186.583s][info][gc,task        ] GC(474) Using 33 workers of 33 for evacuation
[186.587s][info][gc,phases      ] GC(474)   Pre Evacuate Collection Set: 0.2ms
[186.587s][info][gc,phases      ] GC(474)   Merge Heap Roots: 0.2ms
[186.587s][info][gc,phases      ] GC(474)   Evacuate Collection Set: 0.5ms
[186.587s][info][gc,phases      ] GC(474)   Post Evacuate Collection Set: 2.4ms
[186.587s][info][gc,phases      ] GC(474)   Other: 0.1ms
[186.587s][info][gc,heap        ] GC(474) Eden regions: 331->0(331)
[186.587s][info][gc,heap        ] GC(474) Survivor regions: 1->1(42)
[186.587s][info][gc,heap        ] GC(474) Old regions: 26->26
[186.587s][info][gc,heap        ] GC(474) Archive regions: 0->0
[186.587s][info][gc,heap        ] GC(474) Humongous regions: 0->0
[186.587s][info][gc,metaspace   ] GC(474) Metaspace: 14288K(15168K)->14288K(15168K) NonClass: 12327K(12864K)->12327K(12864K) Class: 1961K(2304K)->1961K(2304K)
[186.587s][info][gc             ] GC(474) Pause Young (Normal) (G1 Evacuation Pause) 669M->8M(1108M) 3.572ms
[186.587s][info][gc,cpu         ] GC(474) User=0.00s Sys=0.00s Real=0.00s
[187.011s][info][gc,start       ] GC(475) Pause Young (Normal) (G1 Evacuation Pause)
[187.012s][info][gc,task        ] GC(475) Using 33 workers of 33 for evacuation
[187.015s][info][gc,phases      ] GC(475)   Pre Evacuate Collection Set: 0.2ms
[187.015s][info][gc,phases      ] GC(475)   Merge Heap Roots: 0.2ms
[187.015s][info][gc,phases      ] GC(475)   Evacuate Collection Set: 0.4ms
[187.015s][info][gc,phases      ] GC(475)   Post Evacuate Collection Set: 2.5ms
[187.015s][info][gc,phases      ] GC(475)   Other: 0.1ms
[187.015s][info][gc,heap        ] GC(475) Eden regions: 331->0(331)
[187.015s][info][gc,heap        ] GC(475) Survivor regions: 1->1(42)
[187.015s][info][gc,heap        ] GC(475) Old regions: 26->26
[187.015s][info][gc,heap        ] GC(475) Archive regions: 0->0
[187.015s][info][gc,heap        ] GC(475) Humongous regions: 0->0
[187.015s][info][gc,metaspace   ] GC(475) Metaspace: 14288K(15168K)->14288K(15168K) NonClass: 12327K(12864K)->12327K(12864K) Class: 1961K(2304K)->1961K(2304K)
[187.015s][info][gc             ] GC(475) Pause Young (Normal) (G1 Evacuation Pause) 670M->8M(1108M) 3.506ms
[187.015s][info][gc,cpu         ] GC(475) User=0.00s Sys=0.00s Real=0.00s
[187.441s][info][gc,start       ] GC(476) Pause Young (Normal) (G1 Evacuation Pause)
[187.441s][info][gc,task        ] GC(476) Using 33 workers of 33 for evacuation
[187.444s][info][gc,phases      ] GC(476)   Pre Evacuate Collection Set: 0.2ms
[187.444s][info][gc,phases      ] GC(476)   Merge Heap Roots: 0.1ms
[187.444s][info][gc,phases      ] GC(476)   Evacuate Collection Set: 0.4ms
[187.444s][info][gc,phases      ] GC(476)   Post Evacuate Collection Set: 2.5ms
[187.444s][info][gc,phases      ] GC(476)   Other: 0.1ms
[187.444s][info][gc,heap        ] GC(476) Eden regions: 331->0(331)
[187.444s][info][gc,heap        ] GC(476) Survivor regions: 1->1(42)
[187.444s][info][gc,heap        ] GC(476) Old regions: 26->26
[187.444s][info][gc,heap        ] GC(476) Archive regions: 0->0
[187.444s][info][gc,heap        ] GC(476) Humongous regions: 0->0
[187.444s][info][gc,metaspace   ] GC(476) Metaspace: 14288K(15168K)->14288K(15168K) NonClass: 12327K(12864K)->12327K(12864K) Class: 1961K(2304K)->1961K(2304K)
[187.444s][info][gc             ] GC(476) Pause Young (Normal) (G1 Evacuation Pause) 670M->8M(1108M) 3.599ms
[187.444s][info][gc,cpu         ] GC(476) User=0.02s Sys=0.00s Real=0.00s
[187.927s][info][gc,start       ] GC(477) Pause Young (Normal) (G1 Evacuation Pause)
[187.928s][info][gc,task        ] GC(477) Using 33 workers of 33 for evacuation
[187.932s][info][gc,phases      ] GC(477)   Pre Evacuate Collection Set: 0.2ms
[187.932s][info][gc,phases      ] GC(477)   Merge Heap Roots: 0.2ms
[187.932s][info][gc,phases      ] GC(477)   Evacuate Collection Set: 0.7ms
[187.932s][info][gc,phases      ] GC(477)   Post Evacuate Collection Set: 3.3ms
[187.932s][info][gc,phases      ] GC(477)   Other: 0.2ms
[187.932s][info][gc,heap        ] GC(477) Eden regions: 331->0(331)
[187.932s][info][gc,heap        ] GC(477) Survivor regions: 1->1(42)
[187.932s][info][gc,heap        ] GC(477) Old regions: 26->26
[187.932s][info][gc,heap        ] GC(477) Archive regions: 0->0
[187.932s][info][gc,heap        ] GC(477) Humongous regions: 0->0
[187.933s][info][gc,metaspace   ] GC(477) Metaspace: 14288K(15168K)->14288K(15168K) NonClass: 12327K(12864K)->12327K(12864K) Class: 1961K(2304K)->1961K(2304K)
[187.933s][info][gc             ] GC(477) Pause Young (Normal) (G1 Evacuation Pause) 670M->8M(1108M) 5.192ms
[187.933s][info][gc,cpu         ] GC(477) User=0.00s Sys=0.00s Real=0.00s
[188.361s][info][gc,start       ] GC(478) Pause Young (Normal) (G1 Evacuation Pause)
[188.362s][info][gc,task        ] GC(478) Using 33 workers of 33 for evacuation
[188.365s][info][gc,phases      ] GC(478)   Pre Evacuate Collection Set: 0.2ms
[188.365s][info][gc,phases      ] GC(478)   Merge Heap Roots: 0.2ms
[188.365s][info][gc,phases      ] GC(478)   Evacuate Collection Set: 0.4ms
[188.365s][info][gc,phases      ] GC(478)   Post Evacuate Collection Set: 2.2ms
[188.365s][info][gc,phases      ] GC(478)   Other: 0.1ms
[188.365s][info][gc,heap        ] GC(478) Eden regions: 331->0(331)
[188.365s][info][gc,heap        ] GC(478) Survivor regions: 1->1(42)
[188.365s][info][gc,heap        ] GC(478) Old regions: 26->27
[188.365s][info][gc,heap        ] GC(478) Archive regions: 0->0
[188.365s][info][gc,heap        ] GC(478) Humongous regions: 0->0
[188.365s][info][gc,metaspace   ] GC(478) Metaspace: 14288K(15168K)->14288K(15168K) NonClass: 12327K(12864K)->12327K(12864K) Class: 1961K(2304K)->1961K(2304K)
[188.365s][info][gc             ] GC(478) Pause Young (Normal) (G1 Evacuation Pause) 670M->8M(1108M) 3.282ms
[188.365s][info][gc,cpu         ] GC(478) User=0.52s Sys=0.00s Real=0.00s
[188.787s][info][gc,start       ] GC(479) Pause Young (Normal) (G1 Evacuation Pause)
[188.788s][info][gc,task        ] GC(479) Using 33 workers of 33 for evacuation
[188.791s][info][gc,phases      ] GC(479)   Pre Evacuate Collection Set: 0.2ms
[188.791s][info][gc,phases      ] GC(479)   Merge Heap Roots: 0.2ms
[188.791s][info][gc,phases      ] GC(479)   Evacuate Collection Set: 0.4ms
[188.791s][info][gc,phases      ] GC(479)   Post Evacuate Collection Set: 2.3ms
[188.791s][info][gc,phases      ] GC(479)   Other: 0.1ms
[188.791s][info][gc,heap        ] GC(479) Eden regions: 331->0(331)
[188.791s][info][gc,heap        ] GC(479) Survivor regions: 1->1(42)
[188.791s][info][gc,heap        ] GC(479) Old regions: 27->27
[188.791s][info][gc,heap        ] GC(479) Archive regions: 0->0
[188.791s][info][gc,heap        ] GC(479) Humongous regions: 0->0
[188.791s][info][gc,metaspace   ] GC(479) Metaspace: 14288K(15168K)->14288K(15168K) NonClass: 12327K(12864K)->12327K(12864K) Class: 1961K(2304K)->1961K(2304K)
[188.791s][info][gc             ] GC(479) Pause Young (Normal) (G1 Evacuation Pause) 670M->8M(1108M) 3.343ms
[188.791s][info][gc,cpu         ] GC(479) User=0.00s Sys=0.00s Real=0.00s
[189.215s][info][gc,start       ] GC(480) Pause Young (Normal) (G1 Evacuation Pause)
[189.215s][info][gc,task        ] GC(480) Using 33 workers of 33 for evacuation
[189.218s][info][gc,phases      ] GC(480)   Pre Evacuate Collection Set: 0.2ms
[189.218s][info][gc,phases      ] GC(480)   Merge Heap Roots: 0.2ms
[189.218s][info][gc,phases      ] GC(480)   Evacuate Collection Set: 0.4ms
[189.218s][info][gc,phases      ] GC(480)   Post Evacuate Collection Set: 2.1ms
[189.218s][info][gc,phases      ] GC(480)   Other: 0.1ms
[189.218s][info][gc,heap        ] GC(480) Eden regions: 331->0(331)
[189.218s][info][gc,heap        ] GC(480) Survivor regions: 1->1(42)
[189.218s][info][gc,heap        ] GC(480) Old regions: 27->27
[189.218s][info][gc,heap        ] GC(480) Archive regions: 0->0
[189.218s][info][gc,heap        ] GC(480) Humongous regions: 0->0
[189.218s][info][gc,metaspace   ] GC(480) Metaspace: 14288K(15168K)->14288K(15168K) NonClass: 12327K(12864K)->12327K(12864K) Class: 1961K(2304K)->1961K(2304K)
[189.218s][info][gc             ] GC(480) Pause Young (Normal) (G1 Evacuation Pause) 670M->8M(1108M) 3.206ms
[189.218s][info][gc,cpu         ] GC(480) User=0.00s Sys=0.00s Real=0.00s
[189.643s][info][gc,start       ] GC(481) Pause Young (Normal) (G1 Evacuation Pause)
[189.643s][info][gc,task        ] GC(481) Using 33 workers of 33 for evacuation
[189.646s][info][gc,phases      ] GC(481)   Pre Evacuate Collection Set: 0.2ms
[189.646s][info][gc,phases      ] GC(481)   Merge Heap Roots: 0.2ms
[189.646s][info][gc,phases      ] GC(481)   Evacuate Collection Set: 0.4ms
[189.646s][info][gc,phases      ] GC(481)   Post Evacuate Collection Set: 2.2ms
[189.646s][info][gc,phases      ] GC(481)   Other: 0.1ms
[189.646s][info][gc,heap        ] GC(481) Eden regions: 331->0(331)
[189.646s][info][gc,heap        ] GC(481) Survivor regions: 1->1(42)
[189.646s][info][gc,heap        ] GC(481) Old regions: 27->27
[189.646s][info][gc,heap        ] GC(481) Archive regions: 0->0
[189.646s][info][gc,heap        ] GC(481) Humongous regions: 0->0
[189.646s][info][gc,metaspace   ] GC(481) Metaspace: 14288K(15168K)->14288K(15168K) NonClass: 12327K(12864K)->12327K(12864K) Class: 1961K(2304K)->1961K(2304K)
[189.646s][info][gc             ] GC(481) Pause Young (Normal) (G1 Evacuation Pause) 670M->8M(1108M) 3.240ms
[189.646s][info][gc,cpu         ] GC(481) User=0.52s Sys=0.00s Real=0.00s
[190.069s][info][gc,start       ] GC(482) Pause Young (Normal) (G1 Evacuation Pause)
[190.069s][info][gc,task        ] GC(482) Using 33 workers of 33 for evacuation
[190.072s][info][gc,phases      ] GC(482)   Pre Evacuate Collection Set: 0.2ms
[190.072s][info][gc,phases      ] GC(482)   Merge Heap Roots: 0.1ms
[190.072s][info][gc,phases      ] GC(482)   Evacuate Collection Set: 0.4ms
[190.072s][info][gc,phases      ] GC(482)   Post Evacuate Collection Set: 2.3ms
[190.072s][info][gc,phases      ] GC(482)   Other: 0.1ms
[190.072s][info][gc,heap        ] GC(482) Eden regions: 331->0(331)
[190.072s][info][gc,heap        ] GC(482) Survivor regions: 1->1(42)
[190.072s][info][gc,heap        ] GC(482) Old regions: 27->27
[190.072s][info][gc,heap        ] GC(482) Archive regions: 0->0
[190.072s][info][gc,heap        ] GC(482) Humongous regions: 0->0
[190.072s][info][gc,metaspace   ] GC(482) Metaspace: 14288K(15168K)->14288K(15168K) NonClass: 12327K(12864K)->12327K(12864K) Class: 1961K(2304K)->1961K(2304K)
[190.072s][info][gc             ] GC(482) Pause Young (Normal) (G1 Evacuation Pause) 670M->8M(1108M) 3.344ms
[190.072s][info][gc,cpu         ] GC(482) User=0.00s Sys=0.00s Real=0.00s
[190.493s][info][gc,start       ] GC(483) Pause Young (Normal) (G1 Evacuation Pause)
[190.494s][info][gc,task        ] GC(483) Using 33 workers of 33 for evacuation
[190.497s][info][gc,phases      ] GC(483)   Pre Evacuate Collection Set: 0.2ms
[190.497s][info][gc,phases      ] GC(483)   Merge Heap Roots: 0.2ms
[190.497s][info][gc,phases      ] GC(483)   Evacuate Collection Set: 0.4ms
[190.497s][info][gc,phases      ] GC(483)   Post Evacuate Collection Set: 2.3ms
[190.497s][info][gc,phases      ] GC(483)   Other: 0.1ms
[190.497s][info][gc,heap        ] GC(483) Eden regions: 331->0(331)
[190.497s][info][gc,heap        ] GC(483) Survivor regions: 1->1(42)
[190.497s][info][gc,heap        ] GC(483) Old regions: 27->27
[190.497s][info][gc,heap        ] GC(483) Archive regions: 0->0
[190.497s][info][gc,heap        ] GC(483) Humongous regions: 0->0
[190.497s][info][gc,metaspace   ] GC(483) Metaspace: 14288K(15168K)->14288K(15168K) NonClass: 12327K(12864K)->12327K(12864K) Class: 1961K(2304K)->1961K(2304K)
[190.497s][info][gc             ] GC(483) Pause Young (Normal) (G1 Evacuation Pause) 670M->8M(1108M) 3.406ms
[190.497s][info][gc,cpu         ] GC(483) User=0.00s Sys=0.00s Real=0.00s
[190.920s][info][gc,start       ] GC(484) Pause Young (Normal) (G1 Evacuation Pause)
[190.920s][info][gc,task        ] GC(484) Using 33 workers of 33 for evacuation
[190.923s][info][gc,phases      ] GC(484)   Pre Evacuate Collection Set: 0.2ms
[190.923s][info][gc,phases      ] GC(484)   Merge Heap Roots: 0.2ms
[190.923s][info][gc,phases      ] GC(484)   Evacuate Collection Set: 0.4ms
[190.923s][info][gc,phases      ] GC(484)   Post Evacuate Collection Set: 2.3ms
[190.923s][info][gc,phases      ] GC(484)   Other: 0.1ms
[190.923s][info][gc,heap        ] GC(484) Eden regions: 331->0(331)
[190.923s][info][gc,heap        ] GC(484) Survivor regions: 1->1(42)
[190.923s][info][gc,heap        ] GC(484) Old regions: 27->27
[190.923s][info][gc,heap        ] GC(484) Archive regions: 0->0
[190.923s][info][gc,heap        ] GC(484) Humongous regions: 0->0
[190.923s][info][gc,metaspace   ] GC(484) Metaspace: 14288K(15168K)->14288K(15168K) NonClass: 12327K(12864K)->12327K(12864K) Class: 1961K(2304K)->1961K(2304K)
[190.923s][info][gc             ] GC(484) Pause Young (Normal) (G1 Evacuation Pause) 670M->8M(1108M) 3.452ms
[190.923s][info][gc,cpu         ] GC(484) User=0.00s Sys=0.00s Real=0.00s
[191.346s][info][gc,start       ] GC(485) Pause Young (Normal) (G1 Evacuation Pause)
[191.346s][info][gc,task        ] GC(485) Using 33 workers of 33 for evacuation
[191.349s][info][gc,phases      ] GC(485)   Pre Evacuate Collection Set: 0.2ms
[191.349s][info][gc,phases      ] GC(485)   Merge Heap Roots: 0.1ms
[191.349s][info][gc,phases      ] GC(485)   Evacuate Collection Set: 0.4ms
[191.349s][info][gc,phases      ] GC(485)   Post Evacuate Collection Set: 2.4ms
[191.349s][info][gc,phases      ] GC(485)   Other: 0.1ms
[191.349s][info][gc,heap        ] GC(485) Eden regions: 331->0(331)
[191.349s][info][gc,heap        ] GC(485) Survivor regions: 1->1(42)
[191.349s][info][gc,heap        ] GC(485) Old regions: 27->27
[191.349s][info][gc,heap        ] GC(485) Archive regions: 0->0
[191.349s][info][gc,heap        ] GC(485) Humongous regions: 0->0
[191.349s][info][gc,metaspace   ] GC(485) Metaspace: 14288K(15168K)->14288K(15168K) NonClass: 12327K(12864K)->12327K(12864K) Class: 1961K(2304K)->1961K(2304K)
[191.349s][info][gc             ] GC(485) Pause Young (Normal) (G1 Evacuation Pause) 670M->8M(1108M) 3.476ms
[191.349s][info][gc,cpu         ] GC(485) User=0.52s Sys=0.00s Real=0.00s
[191.773s][info][gc,start       ] GC(486) Pause Young (Normal) (G1 Evacuation Pause)
[191.773s][info][gc,task        ] GC(486) Using 33 workers of 33 for evacuation
[191.777s][info][gc,phases      ] GC(486)   Pre Evacuate Collection Set: 0.1ms
[191.777s][info][gc,phases      ] GC(486)   Merge Heap Roots: 0.2ms
[191.777s][info][gc,phases      ] GC(486)   Evacuate Collection Set: 0.4ms
[191.777s][info][gc,phases      ] GC(486)   Post Evacuate Collection Set: 2.5ms
[191.777s][info][gc,phases      ] GC(486)   Other: 0.1ms
[191.777s][info][gc,heap        ] GC(486) Eden regions: 331->0(331)
[191.777s][info][gc,heap        ] GC(486) Survivor regions: 1->1(42)
[191.777s][info][gc,heap        ] GC(486) Old regions: 27->27
[191.777s][info][gc,heap        ] GC(486) Archive regions: 0->0
[191.777s][info][gc,heap        ] GC(486) Humongous regions: 0->0
[191.777s][info][gc,metaspace   ] GC(486) Metaspace: 14288K(15168K)->14288K(15168K) NonClass: 12327K(12864K)->12327K(12864K) Class: 1961K(2304K)->1961K(2304K)
[191.777s][info][gc             ] GC(486) Pause Young (Normal) (G1 Evacuation Pause) 670M->8M(1108M) 3.572ms
[191.777s][info][gc,cpu         ] GC(486) User=0.00s Sys=0.00s Real=0.00s
[192.202s][info][gc,start       ] GC(487) Pause Young (Normal) (G1 Evacuation Pause)
[192.202s][info][gc,task        ] GC(487) Using 33 workers of 33 for evacuation
[192.205s][info][gc,phases      ] GC(487)   Pre Evacuate Collection Set: 0.1ms
[192.205s][info][gc,phases      ] GC(487)   Merge Heap Roots: 0.2ms
[192.205s][info][gc,phases      ] GC(487)   Evacuate Collection Set: 0.4ms
[192.205s][info][gc,phases      ] GC(487)   Post Evacuate Collection Set: 2.5ms
[192.205s][info][gc,phases      ] GC(487)   Other: 0.1ms
[192.205s][info][gc,heap        ] GC(487) Eden regions: 331->0(331)
[192.205s][info][gc,heap        ] GC(487) Survivor regions: 1->1(42)
[192.205s][info][gc,heap        ] GC(487) Old regions: 27->27
[192.205s][info][gc,heap        ] GC(487) Archive regions: 0->0
[192.205s][info][gc,heap        ] GC(487) Humongous regions: 0->0
[192.205s][info][gc,metaspace   ] GC(487) Metaspace: 14288K(15168K)->14288K(15168K) NonClass: 12327K(12864K)->12327K(12864K) Class: 1961K(2304K)->1961K(2304K)
[192.205s][info][gc             ] GC(487) Pause Young (Normal) (G1 Evacuation Pause) 670M->9M(1108M) 3.574ms
[192.205s][info][gc,cpu         ] GC(487) User=0.00s Sys=0.00s Real=0.00s
[192.632s][info][gc,start       ] GC(488) Pause Young (Normal) (G1 Evacuation Pause)
[192.633s][info][gc,task        ] GC(488) Using 33 workers of 33 for evacuation
[192.636s][info][gc,phases      ] GC(488)   Pre Evacuate Collection Set: 0.2ms
[192.636s][info][gc,phases      ] GC(488)   Merge Heap Roots: 0.2ms
[192.636s][info][gc,phases      ] GC(488)   Evacuate Collection Set: 0.4ms
[192.636s][info][gc,phases      ] GC(488)   Post Evacuate Collection Set: 2.5ms
[192.636s][info][gc,phases      ] GC(488)   Other: 0.1ms
[192.636s][info][gc,heap        ] GC(488) Eden regions: 331->0(331)
[192.636s][info][gc,heap        ] GC(488) Survivor regions: 1->1(42)
[192.636s][info][gc,heap        ] GC(488) Old regions: 27->27
[192.636s][info][gc,heap        ] GC(488) Archive regions: 0->0
[192.636s][info][gc,heap        ] GC(488) Humongous regions: 0->0
[192.636s][info][gc,metaspace   ] GC(488) Metaspace: 14288K(15168K)->14288K(15168K) NonClass: 12327K(12864K)->12327K(12864K) Class: 1961K(2304K)->1961K(2304K)
[192.636s][info][gc             ] GC(488) Pause Young (Normal) (G1 Evacuation Pause) 671M->9M(1108M) 3.652ms
[192.636s][info][gc,cpu         ] GC(488) User=0.00s Sys=0.00s Real=0.00s
[193.085s][info][gc,start       ] GC(489) Pause Young (Normal) (G1 Evacuation Pause)
[193.085s][info][gc,task        ] GC(489) Using 33 workers of 33 for evacuation
[193.088s][info][gc,phases      ] GC(489)   Pre Evacuate Collection Set: 0.2ms
[193.088s][info][gc,phases      ] GC(489)   Merge Heap Roots: 0.2ms
[193.088s][info][gc,phases      ] GC(489)   Evacuate Collection Set: 0.4ms
[193.088s][info][gc,phases      ] GC(489)   Post Evacuate Collection Set: 2.3ms
[193.088s][info][gc,phases      ] GC(489)   Other: 0.1ms
[193.088s][info][gc,heap        ] GC(489) Eden regions: 331->0(331)
[193.088s][info][gc,heap        ] GC(489) Survivor regions: 1->1(42)
[193.088s][info][gc,heap        ] GC(489) Old regions: 27->27
[193.088s][info][gc,heap        ] GC(489) Archive regions: 0->0
[193.088s][info][gc,heap        ] GC(489) Humongous regions: 0->0
[193.088s][info][gc,metaspace   ] GC(489) Metaspace: 14288K(15168K)->14288K(15168K) NonClass: 12327K(12864K)->12327K(12864K) Class: 1961K(2304K)->1961K(2304K)
[193.088s][info][gc             ] GC(489) Pause Young (Normal) (G1 Evacuation Pause) 671M->9M(1108M) 3.446ms
[193.088s][info][gc,cpu         ] GC(489) User=0.00s Sys=0.00s Real=0.00s
[193.569s][info][gc,start       ] GC(490) Pause Young (Normal) (G1 Evacuation Pause)
[193.569s][info][gc,task        ] GC(490) Using 33 workers of 33 for evacuation
[193.573s][info][gc,phases      ] GC(490)   Pre Evacuate Collection Set: 0.2ms
[193.573s][info][gc,phases      ] GC(490)   Merge Heap Roots: 0.2ms
[193.573s][info][gc,phases      ] GC(490)   Evacuate Collection Set: 0.5ms
[193.573s][info][gc,phases      ] GC(490)   Post Evacuate Collection Set: 2.1ms
[193.573s][info][gc,phases      ] GC(490)   Other: 0.1ms
[193.573s][info][gc,heap        ] GC(490) Eden regions: 331->0(331)
[193.573s][info][gc,heap        ] GC(490) Survivor regions: 1->1(42)
[193.573s][info][gc,heap        ] GC(490) Old regions: 27->27
[193.573s][info][gc,heap        ] GC(490) Archive regions: 0->0
[193.573s][info][gc,heap        ] GC(490) Humongous regions: 0->0
[193.573s][info][gc,metaspace   ] GC(490) Metaspace: 14288K(15168K)->14288K(15168K) NonClass: 12327K(12864K)->12327K(12864K) Class: 1961K(2304K)->1961K(2304K)
[193.573s][info][gc             ] GC(490) Pause Young (Normal) (G1 Evacuation Pause) 671M->9M(1108M) 3.329ms
[193.573s][info][gc,cpu         ] GC(490) User=0.00s Sys=0.00s Real=0.00s
[193.895s][info][gc,start       ] GC(491) Pause Full (System.gc())
[193.895s][info][gc,task        ] GC(491) Using 29 workers of 33 for full compaction
[193.896s][info][gc,phases,start] GC(491) Phase 1: Mark live objects
[193.907s][info][gc,phases      ] GC(491) Phase 1: Mark live objects 11.017ms
[193.907s][info][gc,phases,start] GC(491) Phase 2: Prepare compaction
[193.910s][info][gc,phases      ] GC(491) Phase 2: Prepare compaction 2.136ms
[193.910s][info][gc,phases,start] GC(491) Phase 3: Adjust pointers
[193.914s][info][gc,phases      ] GC(491) Phase 3: Adjust pointers 4.768ms
[193.914s][info][gc,phases,start] GC(491) Phase 4: Compact heap
[193.915s][info][gc,phases      ] GC(491) Phase 4: Compact heap 0.567ms
[193.923s][info][gc,heap        ] GC(491) Eden regions: 192->0(52)
[193.923s][info][gc,heap        ] GC(491) Survivor regions: 1->0(42)
[193.923s][info][gc,heap        ] GC(491) Old regions: 27->26
[193.923s][info][gc,heap        ] GC(491) Archive regions: 0->0
[193.923s][info][gc,heap        ] GC(491) Humongous regions: 0->0
[193.923s][info][gc,metaspace   ] GC(491) Metaspace: 14291K(15168K)->14291K(15168K) NonClass: 12330K(12864K)->12330K(12864K) Class: 1961K(2304K)->1961K(2304K)
[193.923s][info][gc             ] GC(491) Pause Full (System.gc()) 392M->5M(174M) 28.025ms
[193.923s][info][gc,cpu         ] GC(491) User=0.03s Sys=0.42s Real=0.02s
[194.000s][info][gc,start       ] GC(492) Pause Young (Normal) (G1 Evacuation Pause)
[194.000s][info][gc,task        ] GC(492) Using 33 workers of 33 for evacuation
[194.002s][info][gc,phases      ] GC(492)   Pre Evacuate Collection Set: 0.1ms
[194.002s][info][gc,phases      ] GC(492)   Merge Heap Roots: 0.1ms
[194.002s][info][gc,phases      ] GC(492)   Evacuate Collection Set: 0.4ms
[194.002s][info][gc,phases      ] GC(492)   Post Evacuate Collection Set: 1.7ms
[194.002s][info][gc,phases      ] GC(492)   Other: 0.1ms
[194.002s][info][gc,heap        ] GC(492) Eden regions: 52->0(51)
[194.002s][info][gc,heap        ] GC(492) Survivor regions: 0->1(7)
[194.002s][info][gc,heap        ] GC(492) Old regions: 26->26
[194.002s][info][gc,heap        ] GC(492) Archive regions: 0->0
[194.002s][info][gc,heap        ] GC(492) Humongous regions: 0->0
[194.002s][info][gc,metaspace   ] GC(492) Metaspace: 14297K(15168K)->14297K(15168K) NonClass: 12336K(12864K)->12336K(12864K) Class: 1961K(2304K)->1961K(2304K)
[194.002s][info][gc             ] GC(492) Pause Young (Normal) (G1 Evacuation Pause) 109M->6M(174M) 2.647ms
[194.002s][info][gc,cpu         ] GC(492) User=0.00s Sys=0.00s Real=0.00s
[194.065s][info][gc,start       ] GC(493) Pause Young (Normal) (G1 Evacuation Pause)
[194.065s][info][gc,task        ] GC(493) Using 33 workers of 33 for evacuation
[194.068s][info][gc,phases      ] GC(493)   Pre Evacuate Collection Set: 0.1ms
[194.068s][info][gc,phases      ] GC(493)   Merge Heap Roots: 0.1ms
[194.068s][info][gc,phases      ] GC(493)   Evacuate Collection Set: 0.5ms
[194.068s][info][gc,phases      ] GC(493)   Post Evacuate Collection Set: 1.6ms
[194.068s][info][gc,phases      ] GC(493)   Other: 0.1ms
[194.068s][info][gc,heap        ] GC(493) Eden regions: 51->0(51)
[194.068s][info][gc,heap        ] GC(493) Survivor regions: 1->1(7)
[194.068s][info][gc,heap        ] GC(493) Old regions: 26->26
[194.068s][info][gc,heap        ] GC(493) Archive regions: 0->0
[194.068s][info][gc,heap        ] GC(493) Humongous regions: 0->0
[194.068s][info][gc,metaspace   ] GC(493) Metaspace: 14297K(15168K)->14297K(15168K) NonClass: 12336K(12864K)->12336K(12864K) Class: 1961K(2304K)->1961K(2304K)
[194.068s][info][gc             ] GC(493) Pause Young (Normal) (G1 Evacuation Pause) 108M->6M(174M) 2.530ms
[194.068s][info][gc,cpu         ] GC(493) User=0.52s Sys=0.00s Real=0.00s
[194.131s][info][gc,start       ] GC(494) Pause Young (Normal) (G1 Evacuation Pause)
[194.132s][info][gc,task        ] GC(494) Using 33 workers of 33 for evacuation
[194.134s][info][gc,phases      ] GC(494)   Pre Evacuate Collection Set: 0.1ms
[194.134s][info][gc,phases      ] GC(494)   Merge Heap Roots: 0.1ms
[194.134s][info][gc,phases      ] GC(494)   Evacuate Collection Set: 0.5ms
[194.134s][info][gc,phases      ] GC(494)   Post Evacuate Collection Set: 1.6ms
[194.134s][info][gc,phases      ] GC(494)   Other: 0.1ms
[194.134s][info][gc,heap        ] GC(494) Eden regions: 51->0(51)
[194.134s][info][gc,heap        ] GC(494) Survivor regions: 1->1(7)
[194.134s][info][gc,heap        ] GC(494) Old regions: 26->26
[194.134s][info][gc,heap        ] GC(494) Archive regions: 0->0
[194.134s][info][gc,heap        ] GC(494) Humongous regions: 0->0
[194.134s][info][gc,metaspace   ] GC(494) Metaspace: 14297K(15168K)->14297K(15168K) NonClass: 12336K(12864K)->12336K(12864K) Class: 1961K(2304K)->1961K(2304K)
[194.134s][info][gc             ] GC(494) Pause Young (Normal) (G1 Evacuation Pause) 108M->6M(174M) 2.564ms
[194.134s][info][gc,cpu         ] GC(494) User=0.00s Sys=0.00s Real=0.00s
[194.205s][info][gc,start       ] GC(495) Pause Young (Normal) (G1 Evacuation Pause)
[194.205s][info][gc,task        ] GC(495) Using 33 workers of 33 for evacuation
[194.210s][info][gc,phases      ] GC(495)   Pre Evacuate Collection Set: 0.1ms
[194.210s][info][gc,phases      ] GC(495)   Merge Heap Roots: 0.1ms
[194.210s][info][gc,phases      ] GC(495)   Evacuate Collection Set: 0.4ms
[194.210s][info][gc,phases      ] GC(495)   Post Evacuate Collection Set: 4.6ms
[194.210s][info][gc,phases      ] GC(495)   Other: 0.1ms
[194.210s][info][gc,heap        ] GC(495) Eden regions: 51->0(332)
[194.210s][info][gc,heap        ] GC(495) Survivor regions: 1->1(7)
[194.210s][info][gc,heap        ] GC(495) Old regions: 26->26
[194.210s][info][gc,heap        ] GC(495) Archive regions: 0->0
[194.210s][info][gc,heap        ] GC(495) Humongous regions: 0->0
[194.210s][info][gc,metaspace   ] GC(495) Metaspace: 14297K(15168K)->14297K(15168K) NonClass: 12336K(12864K)->12336K(12864K) Class: 1961K(2304K)->1961K(2304K)
[194.210s][info][gc             ] GC(495) Pause Young (Normal) (G1 Evacuation Pause) 108M->6M(1112M) 5.501ms
[194.210s][info][gc,cpu         ] GC(495) User=0.52s Sys=0.00s Real=0.00s
[194.664s][info][gc,start       ] GC(496) Pause Young (Normal) (G1 Evacuation Pause)
[194.664s][info][gc,task        ] GC(496) Using 33 workers of 33 for evacuation
[194.668s][info][gc,phases      ] GC(496)   Pre Evacuate Collection Set: 0.2ms
[194.668s][info][gc,phases      ] GC(496)   Merge Heap Roots: 0.2ms
[194.668s][info][gc,phases      ] GC(496)   Evacuate Collection Set: 1.7ms
[194.668s][info][gc,phases      ] GC(496)   Post Evacuate Collection Set: 2.2ms
[194.668s][info][gc,phases      ] GC(496)   Other: 0.1ms
[194.668s][info][gc,heap        ] GC(496) Eden regions: 332->0(332)
[194.668s][info][gc,heap        ] GC(496) Survivor regions: 1->1(42)
[194.668s][info][gc,heap        ] GC(496) Old regions: 26->26
[194.668s][info][gc,heap        ] GC(496) Archive regions: 0->0
[194.668s][info][gc,heap        ] GC(496) Humongous regions: 0->0
[194.668s][info][gc,metaspace   ] GC(496) Metaspace: 14297K(15168K)->14297K(15168K) NonClass: 12336K(12864K)->12336K(12864K) Class: 1961K(2304K)->1961K(2304K)
[194.668s][info][gc             ] GC(496) Pause Young (Normal) (G1 Evacuation Pause) 670M->6M(1112M) 4.554ms
[194.668s][info][gc,cpu         ] GC(496) User=0.00s Sys=0.00s Real=0.00s
[195.087s][info][gc,start       ] GC(497) Pause Young (Normal) (G1 Evacuation Pause)
[195.088s][info][gc,task        ] GC(497) Using 33 workers of 33 for evacuation
[195.092s][info][gc,phases      ] GC(497)   Pre Evacuate Collection Set: 0.1ms
[195.092s][info][gc,phases      ] GC(497)   Merge Heap Roots: 0.2ms
[195.092s][info][gc,phases      ] GC(497)   Evacuate Collection Set: 1.9ms
[195.092s][info][gc,phases      ] GC(497)   Post Evacuate Collection Set: 2.3ms
[195.092s][info][gc,phases      ] GC(497)   Other: 0.1ms
[195.092s][info][gc,heap        ] GC(497) Eden regions: 332->0(332)
[195.092s][info][gc,heap        ] GC(497) Survivor regions: 1->1(42)
[195.092s][info][gc,heap        ] GC(497) Old regions: 26->26
[195.092s][info][gc,heap        ] GC(497) Archive regions: 0->0
[195.092s][info][gc,heap        ] GC(497) Humongous regions: 0->0
[195.092s][info][gc,metaspace   ] GC(497) Metaspace: 14297K(15168K)->14297K(15168K) NonClass: 12336K(12864K)->12336K(12864K) Class: 1961K(2304K)->1961K(2304K)
[195.092s][info][gc             ] GC(497) Pause Young (Normal) (G1 Evacuation Pause) 670M->6M(1112M) 4.765ms
[195.092s][info][gc,cpu         ] GC(497) User=0.00s Sys=0.00s Real=0.01s
[195.503s][info][gc,start       ] GC(498) Pause Young (Normal) (G1 Evacuation Pause)
[195.504s][info][gc,task        ] GC(498) Using 33 workers of 33 for evacuation
[195.507s][info][gc,phases      ] GC(498)   Pre Evacuate Collection Set: 0.1ms
[195.507s][info][gc,phases      ] GC(498)   Merge Heap Roots: 0.1ms
[195.507s][info][gc,phases      ] GC(498)   Evacuate Collection Set: 0.6ms
[195.507s][info][gc,phases      ] GC(498)   Post Evacuate Collection Set: 2.3ms
[195.507s][info][gc,phases      ] GC(498)   Other: 0.1ms
[195.507s][info][gc,heap        ] GC(498) Eden regions: 332->0(332)
[195.507s][info][gc,heap        ] GC(498) Survivor regions: 1->1(42)
[195.507s][info][gc,heap        ] GC(498) Old regions: 26->26
[195.507s][info][gc,heap        ] GC(498) Archive regions: 0->0
[195.507s][info][gc,heap        ] GC(498) Humongous regions: 0->0
[195.507s][info][gc,metaspace   ] GC(498) Metaspace: 14297K(15168K)->14297K(15168K) NonClass: 12336K(12864K)->12336K(12864K) Class: 1961K(2304K)->1961K(2304K)
[195.507s][info][gc             ] GC(498) Pause Young (Normal) (G1 Evacuation Pause) 670M->6M(1112M) 3.487ms
[195.507s][info][gc,cpu         ] GC(498) User=0.02s Sys=0.00s Real=0.00s
[195.919s][info][gc,start       ] GC(499) Pause Young (Normal) (G1 Evacuation Pause)
[195.919s][info][gc,task        ] GC(499) Using 33 workers of 33 for evacuation
[195.922s][info][gc,phases      ] GC(499)   Pre Evacuate Collection Set: 0.2ms
[195.922s][info][gc,phases      ] GC(499)   Merge Heap Roots: 0.1ms
[195.922s][info][gc,phases      ] GC(499)   Evacuate Collection Set: 0.5ms
[195.922s][info][gc,phases      ] GC(499)   Post Evacuate Collection Set: 2.3ms
[195.922s][info][gc,phases      ] GC(499)   Other: 0.1ms
[195.922s][info][gc,heap        ] GC(499) Eden regions: 332->0(332)
[195.922s][info][gc,heap        ] GC(499) Survivor regions: 1->1(42)
[195.922s][info][gc,heap        ] GC(499) Old regions: 26->26
[195.922s][info][gc,heap        ] GC(499) Archive regions: 0->0
[195.922s][info][gc,heap        ] GC(499) Humongous regions: 0->0
[195.922s][info][gc,metaspace   ] GC(499) Metaspace: 14300K(15168K)->14300K(15168K) NonClass: 12339K(12864K)->12339K(12864K) Class: 1961K(2304K)->1961K(2304K)
[195.922s][info][gc             ] GC(499) Pause Young (Normal) (G1 Evacuation Pause) 670M->7M(1112M) 3.519ms
[195.922s][info][gc,cpu         ] GC(499) User=0.00s Sys=0.00s Real=0.00s
[196.336s][info][gc,start       ] GC(500) Pause Young (Normal) (G1 Evacuation Pause)
[196.336s][info][gc,task        ] GC(500) Using 33 workers of 33 for evacuation
[196.339s][info][gc,phases      ] GC(500)   Pre Evacuate Collection Set: 0.1ms
[196.339s][info][gc,phases      ] GC(500)   Merge Heap Roots: 0.1ms
[196.339s][info][gc,phases      ] GC(500)   Evacuate Collection Set: 0.6ms
[196.339s][info][gc,phases      ] GC(500)   Post Evacuate Collection Set: 2.4ms
[196.339s][info][gc,phases      ] GC(500)   Other: 0.1ms
[196.339s][info][gc,heap        ] GC(500) Eden regions: 332->0(332)
[196.339s][info][gc,heap        ] GC(500) Survivor regions: 1->1(42)
[196.339s][info][gc,heap        ] GC(500) Old regions: 26->26
[196.339s][info][gc,heap        ] GC(500) Archive regions: 0->0
[196.339s][info][gc,heap        ] GC(500) Humongous regions: 0->0
[196.339s][info][gc,metaspace   ] GC(500) Metaspace: 14300K(15168K)->14300K(15168K) NonClass: 12339K(12864K)->12339K(12864K) Class: 1961K(2304K)->1961K(2304K)
[196.339s][info][gc             ] GC(500) Pause Young (Normal) (G1 Evacuation Pause) 671M->7M(1112M) 3.589ms
[196.339s][info][gc,cpu         ] GC(500) User=0.00s Sys=0.00s Real=0.00s
[196.755s][info][gc,start       ] GC(501) Pause Young (Normal) (G1 Evacuation Pause)
[196.755s][info][gc,task        ] GC(501) Using 33 workers of 33 for evacuation
[196.758s][info][gc,phases      ] GC(501)   Pre Evacuate Collection Set: 0.1ms
[196.758s][info][gc,phases      ] GC(501)   Merge Heap Roots: 0.1ms
[196.758s][info][gc,phases      ] GC(501)   Evacuate Collection Set: 0.6ms
[196.758s][info][gc,phases      ] GC(501)   Post Evacuate Collection Set: 2.5ms
[196.758s][info][gc,phases      ] GC(501)   Other: 0.1ms
[196.758s][info][gc,heap        ] GC(501) Eden regions: 332->0(332)
[196.758s][info][gc,heap        ] GC(501) Survivor regions: 1->1(42)
[196.758s][info][gc,heap        ] GC(501) Old regions: 26->26
[196.758s][info][gc,heap        ] GC(501) Archive regions: 0->0
[196.758s][info][gc,heap        ] GC(501) Humongous regions: 0->0
[196.758s][info][gc,metaspace   ] GC(501) Metaspace: 14300K(15168K)->14300K(15168K) NonClass: 12339K(12864K)->12339K(12864K) Class: 1961K(2304K)->1961K(2304K)
[196.759s][info][gc             ] GC(501) Pause Young (Normal) (G1 Evacuation Pause) 671M->7M(1112M) 3.637ms
[196.759s][info][gc,cpu         ] GC(501) User=0.00s Sys=0.00s Real=0.00s
[197.177s][info][gc,start       ] GC(502) Pause Young (Normal) (G1 Evacuation Pause)
[197.177s][info][gc,task        ] GC(502) Using 33 workers of 33 for evacuation
[197.180s][info][gc,phases      ] GC(502)   Pre Evacuate Collection Set: 0.1ms
[197.180s][info][gc,phases      ] GC(502)   Merge Heap Roots: 0.1ms
[197.180s][info][gc,phases      ] GC(502)   Evacuate Collection Set: 0.5ms
[197.180s][info][gc,phases      ] GC(502)   Post Evacuate Collection Set: 2.5ms
[197.180s][info][gc,phases      ] GC(502)   Other: 0.1ms
[197.180s][info][gc,heap        ] GC(502) Eden regions: 332->0(332)
[197.180s][info][gc,heap        ] GC(502) Survivor regions: 1->1(42)
[197.180s][info][gc,heap        ] GC(502) Old regions: 26->26
[197.180s][info][gc,heap        ] GC(502) Archive regions: 0->0
[197.180s][info][gc,heap        ] GC(502) Humongous regions: 0->0
[197.181s][info][gc,metaspace   ] GC(502) Metaspace: 14300K(15168K)->14300K(15168K) NonClass: 12339K(12864K)->12339K(12864K) Class: 1961K(2304K)->1961K(2304K)
[197.181s][info][gc             ] GC(502) Pause Young (Normal) (G1 Evacuation Pause) 671M->7M(1112M) 3.713ms
[197.181s][info][gc,cpu         ] GC(502) User=0.00s Sys=0.00s Real=0.00s
[197.663s][info][gc,start       ] GC(503) Pause Young (Normal) (G1 Evacuation Pause)
[197.663s][info][gc,task        ] GC(503) Using 33 workers of 33 for evacuation
[197.668s][info][gc,phases      ] GC(503)   Pre Evacuate Collection Set: 0.2ms
[197.668s][info][gc,phases      ] GC(503)   Merge Heap Roots: 0.2ms
[197.668s][info][gc,phases      ] GC(503)   Evacuate Collection Set: 1.3ms
[197.668s][info][gc,phases      ] GC(503)   Post Evacuate Collection Set: 3.3ms
[197.668s][info][gc,phases      ] GC(503)   Other: 0.2ms
[197.668s][info][gc,heap        ] GC(503) Eden regions: 332->0(331)
[197.668s][info][gc,heap        ] GC(503) Survivor regions: 1->2(42)
[197.668s][info][gc,heap        ] GC(503) Old regions: 26->26
[197.668s][info][gc,heap        ] GC(503) Archive regions: 0->0
[197.668s][info][gc,heap        ] GC(503) Humongous regions: 0->0
[197.668s][info][gc,metaspace   ] GC(503) Metaspace: 14300K(15168K)->14300K(15168K) NonClass: 12339K(12864K)->12339K(12864K) Class: 1961K(2304K)->1961K(2304K)
[197.668s][info][gc             ] GC(503) Pause Young (Normal) (G1 Evacuation Pause) 671M->7M(1112M) 5.724ms
[197.668s][info][gc,cpu         ] GC(503) User=0.00s Sys=0.00s Real=0.00s
[198.095s][info][gc,start       ] GC(504) Pause Young (Normal) (G1 Evacuation Pause)
[198.095s][info][gc,task        ] GC(504) Using 33 workers of 33 for evacuation
[198.099s][info][gc,phases      ] GC(504)   Pre Evacuate Collection Set: 0.1ms
[198.099s][info][gc,phases      ] GC(504)   Merge Heap Roots: 0.2ms
[198.099s][info][gc,phases      ] GC(504)   Evacuate Collection Set: 1.1ms
[198.099s][info][gc,phases      ] GC(504)   Post Evacuate Collection Set: 2.2ms
[198.099s][info][gc,phases      ] GC(504)   Other: 0.1ms
[198.099s][info][gc,heap        ] GC(504) Eden regions: 331->0(331)
[198.099s][info][gc,heap        ] GC(504) Survivor regions: 2->2(42)
[198.099s][info][gc,heap        ] GC(504) Old regions: 26->26
[198.099s][info][gc,heap        ] GC(504) Archive regions: 0->0
[198.099s][info][gc,heap        ] GC(504) Humongous regions: 0->0
[198.099s][info][gc,metaspace   ] GC(504) Metaspace: 14300K(15168K)->14300K(15168K) NonClass: 12339K(12864K)->12339K(12864K) Class: 1961K(2304K)->1961K(2304K)
[198.099s][info][gc             ] GC(504) Pause Young (Normal) (G1 Evacuation Pause) 669M->7M(1112M) 3.920ms
[198.099s][info][gc,cpu         ] GC(504) User=0.02s Sys=0.50s Real=0.00s
[198.516s][info][gc,start       ] GC(505) Pause Young (Normal) (G1 Evacuation Pause)
[198.516s][info][gc,task        ] GC(505) Using 33 workers of 33 for evacuation
[198.519s][info][gc,phases      ] GC(505)   Pre Evacuate Collection Set: 0.2ms
[198.520s][info][gc,phases      ] GC(505)   Merge Heap Roots: 0.1ms
[198.520s][info][gc,phases      ] GC(505)   Evacuate Collection Set: 0.6ms
[198.520s][info][gc,phases      ] GC(505)   Post Evacuate Collection Set: 2.1ms
[198.520s][info][gc,phases      ] GC(505)   Other: 0.1ms
[198.520s][info][gc,heap        ] GC(505) Eden regions: 331->0(331)
[198.520s][info][gc,heap        ] GC(505) Survivor regions: 2->2(42)
[198.520s][info][gc,heap        ] GC(505) Old regions: 26->26
[198.520s][info][gc,heap        ] GC(505) Archive regions: 0->0
[198.520s][info][gc,heap        ] GC(505) Humongous regions: 0->0
[198.520s][info][gc,metaspace   ] GC(505) Metaspace: 14300K(15168K)->14300K(15168K) NonClass: 12339K(12864K)->12339K(12864K) Class: 1961K(2304K)->1961K(2304K)
[198.520s][info][gc             ] GC(505) Pause Young (Normal) (G1 Evacuation Pause) 669M->7M(1112M) 3.330ms
[198.520s][info][gc,cpu         ] GC(505) User=0.52s Sys=0.00s Real=0.00s
[198.935s][info][gc,start       ] GC(506) Pause Young (Normal) (G1 Evacuation Pause)
[198.935s][info][gc,task        ] GC(506) Using 33 workers of 33 for evacuation
[198.938s][info][gc,phases      ] GC(506)   Pre Evacuate Collection Set: 0.1ms
[198.938s][info][gc,phases      ] GC(506)   Merge Heap Roots: 0.2ms
[198.938s][info][gc,phases      ] GC(506)   Evacuate Collection Set: 0.5ms
[198.938s][info][gc,phases      ] GC(506)   Post Evacuate Collection Set: 2.1ms
[198.938s][info][gc,phases      ] GC(506)   Other: 0.1ms
[198.938s][info][gc,heap        ] GC(506) Eden regions: 331->0(331)
[198.938s][info][gc,heap        ] GC(506) Survivor regions: 2->2(42)
[198.938s][info][gc,heap        ] GC(506) Old regions: 26->26
[198.938s][info][gc,heap        ] GC(506) Archive regions: 0->0
[198.938s][info][gc,heap        ] GC(506) Humongous regions: 0->0
[198.938s][info][gc,metaspace   ] GC(506) Metaspace: 14300K(15168K)->14300K(15168K) NonClass: 12339K(12864K)->12339K(12864K) Class: 1961K(2304K)->1961K(2304K)
[198.938s][info][gc             ] GC(506) Pause Young (Normal) (G1 Evacuation Pause) 669M->7M(1112M) 3.282ms
[198.938s][info][gc,cpu         ] GC(506) User=0.00s Sys=0.00s Real=0.00s
[199.345s][info][gc,start       ] GC(507) Pause Young (Normal) (G1 Evacuation Pause)
[199.345s][info][gc,task        ] GC(507) Using 33 workers of 33 for evacuation
[199.348s][info][gc,phases      ] GC(507)   Pre Evacuate Collection Set: 0.1ms
[199.348s][info][gc,phases      ] GC(507)   Merge Heap Roots: 0.1ms
[199.348s][info][gc,phases      ] GC(507)   Evacuate Collection Set: 0.6ms
[199.348s][info][gc,phases      ] GC(507)   Post Evacuate Collection Set: 2.2ms
[199.348s][info][gc,phases      ] GC(507)   Other: 0.1ms
[199.348s][info][gc,heap        ] GC(507) Eden regions: 331->0(332)
[199.348s][info][gc,heap        ] GC(507) Survivor regions: 2->1(42)
[199.348s][info][gc,heap        ] GC(507) Old regions: 26->27
[199.348s][info][gc,heap        ] GC(507) Archive regions: 0->0
[199.348s][info][gc,heap        ] GC(507) Humongous regions: 0->0
[199.348s][info][gc,metaspace   ] GC(507) Metaspace: 14300K(15168K)->14300K(15168K) NonClass: 12339K(12864K)->12339K(12864K) Class: 1961K(2304K)->1961K(2304K)
[199.348s][info][gc             ] GC(507) Pause Young (Normal) (G1 Evacuation Pause) 669M->7M(1112M) 3.361ms
[199.348s][info][gc,cpu         ] GC(507) User=0.52s Sys=0.00s Real=0.00s
[199.771s][info][gc,start       ] GC(508) Pause Young (Normal) (G1 Evacuation Pause)
[199.771s][info][gc,task        ] GC(508) Using 33 workers of 33 for evacuation
[199.774s][info][gc,phases      ] GC(508)   Pre Evacuate Collection Set: 0.1ms
[199.774s][info][gc,phases      ] GC(508)   Merge Heap Roots: 0.2ms
[199.774s][info][gc,phases      ] GC(508)   Evacuate Collection Set: 0.3ms
[199.774s][info][gc,phases      ] GC(508)   Post Evacuate Collection Set: 2.3ms
[199.774s][info][gc,phases      ] GC(508)   Other: 0.1ms
[199.774s][info][gc,heap        ] GC(508) Eden regions: 332->0(332)
[199.774s][info][gc,heap        ] GC(508) Survivor regions: 1->1(42)
[199.774s][info][gc,heap        ] GC(508) Old regions: 27->27
[199.774s][info][gc,heap        ] GC(508) Archive regions: 0->0
[199.774s][info][gc,heap        ] GC(508) Humongous regions: 0->0
[199.774s][info][gc,metaspace   ] GC(508) Metaspace: 14300K(15168K)->14300K(15168K) NonClass: 12339K(12864K)->12339K(12864K) Class: 1961K(2304K)->1961K(2304K)
[199.774s][info][gc             ] GC(508) Pause Young (Normal) (G1 Evacuation Pause) 671M->7M(1112M) 3.232ms
[199.774s][info][gc,cpu         ] GC(508) User=0.00s Sys=0.00s Real=0.00s
[200.196s][info][gc,start       ] GC(509) Pause Young (Normal) (G1 Evacuation Pause)
[200.196s][info][gc,task        ] GC(509) Using 33 workers of 33 for evacuation
[200.200s][info][gc,phases      ] GC(509)   Pre Evacuate Collection Set: 0.2ms
[200.200s][info][gc,phases      ] GC(509)   Merge Heap Roots: 0.2ms
[200.200s][info][gc,phases      ] GC(509)   Evacuate Collection Set: 0.4ms
[200.200s][info][gc,phases      ] GC(509)   Post Evacuate Collection Set: 2.3ms
[200.200s][info][gc,phases      ] GC(509)   Other: 0.1ms
[200.200s][info][gc,heap        ] GC(509) Eden regions: 332->0(332)
[200.200s][info][gc,heap        ] GC(509) Survivor regions: 1->1(42)
[200.200s][info][gc,heap        ] GC(509) Old regions: 27->27
[200.200s][info][gc,heap        ] GC(509) Archive regions: 0->0
[200.200s][info][gc,heap        ] GC(509) Humongous regions: 0->0
[200.200s][info][gc,metaspace   ] GC(509) Metaspace: 14300K(15168K)->14300K(15168K) NonClass: 12339K(12864K)->12339K(12864K) Class: 1961K(2304K)->1961K(2304K)
[200.200s][info][gc             ] GC(509) Pause Young (Normal) (G1 Evacuation Pause) 671M->7M(1112M) 3.416ms
[200.200s][info][gc,cpu         ] GC(509) User=0.00s Sys=0.00s Real=0.00s
[200.622s][info][gc,start       ] GC(510) Pause Young (Normal) (G1 Evacuation Pause)
[200.622s][info][gc,task        ] GC(510) Using 33 workers of 33 for evacuation
[200.625s][info][gc,phases      ] GC(510)   Pre Evacuate Collection Set: 0.1ms
[200.625s][info][gc,phases      ] GC(510)   Merge Heap Roots: 0.1ms
[200.625s][info][gc,phases      ] GC(510)   Evacuate Collection Set: 0.4ms
[200.625s][info][gc,phases      ] GC(510)   Post Evacuate Collection Set: 2.4ms
[200.625s][info][gc,phases      ] GC(510)   Other: 0.1ms
[200.625s][info][gc,heap        ] GC(510) Eden regions: 332->0(332)
[200.625s][info][gc,heap        ] GC(510) Survivor regions: 1->1(42)
[200.625s][info][gc,heap        ] GC(510) Old regions: 27->27
[200.625s][info][gc,heap        ] GC(510) Archive regions: 0->0
[200.625s][info][gc,heap        ] GC(510) Humongous regions: 0->0
[200.625s][info][gc,metaspace   ] GC(510) Metaspace: 14300K(15168K)->14300K(15168K) NonClass: 12339K(12864K)->12339K(12864K) Class: 1961K(2304K)->1961K(2304K)
[200.625s][info][gc             ] GC(510) Pause Young (Normal) (G1 Evacuation Pause) 671M->7M(1112M) 3.389ms
[200.625s][info][gc,cpu         ] GC(510) User=0.00s Sys=0.00s Real=0.00s
[201.047s][info][gc,start       ] GC(511) Pause Young (Normal) (G1 Evacuation Pause)
[201.047s][info][gc,task        ] GC(511) Using 33 workers of 33 for evacuation
[201.050s][info][gc,phases      ] GC(511)   Pre Evacuate Collection Set: 0.1ms
[201.050s][info][gc,phases      ] GC(511)   Merge Heap Roots: 0.2ms
[201.050s][info][gc,phases      ] GC(511)   Evacuate Collection Set: 0.4ms
[201.050s][info][gc,phases      ] GC(511)   Post Evacuate Collection Set: 2.4ms
[201.050s][info][gc,phases      ] GC(511)   Other: 0.1ms
[201.050s][info][gc,heap        ] GC(511) Eden regions: 332->0(332)
[201.051s][info][gc,heap        ] GC(511) Survivor regions: 1->1(42)
[201.051s][info][gc,heap        ] GC(511) Old regions: 27->27
[201.051s][info][gc,heap        ] GC(511) Archive regions: 0->0
[201.051s][info][gc,heap        ] GC(511) Humongous regions: 0->0
[201.051s][info][gc,metaspace   ] GC(511) Metaspace: 14300K(15168K)->14300K(15168K) NonClass: 12339K(12864K)->12339K(12864K) Class: 1961K(2304K)->1961K(2304K)
[201.051s][info][gc             ] GC(511) Pause Young (Normal) (G1 Evacuation Pause) 671M->7M(1112M) 3.513ms
[201.051s][info][gc,cpu         ] GC(511) User=0.52s Sys=0.00s Real=0.00s
[201.472s][info][gc,start       ] GC(512) Pause Young (Normal) (G1 Evacuation Pause)
[201.472s][info][gc,task        ] GC(512) Using 33 workers of 33 for evacuation
[201.475s][info][gc,phases      ] GC(512)   Pre Evacuate Collection Set: 0.2ms
[201.475s][info][gc,phases      ] GC(512)   Merge Heap Roots: 0.1ms
[201.475s][info][gc,phases      ] GC(512)   Evacuate Collection Set: 0.4ms
[201.475s][info][gc,phases      ] GC(512)   Post Evacuate Collection Set: 2.5ms
[201.475s][info][gc,phases      ] GC(512)   Other: 0.1ms
[201.475s][info][gc,heap        ] GC(512) Eden regions: 332->0(332)
[201.475s][info][gc,heap        ] GC(512) Survivor regions: 1->1(42)
[201.475s][info][gc,heap        ] GC(512) Old regions: 27->27
[201.475s][info][gc,heap        ] GC(512) Archive regions: 0->0
[201.475s][info][gc,heap        ] GC(512) Humongous regions: 0->0
[201.475s][info][gc,metaspace   ] GC(512) Metaspace: 14300K(15168K)->14300K(15168K) NonClass: 12339K(12864K)->12339K(12864K) Class: 1961K(2304K)->1961K(2304K)
[201.475s][info][gc             ] GC(512) Pause Young (Normal) (G1 Evacuation Pause) 671M->7M(1112M) 3.550ms
[201.475s][info][gc,cpu         ] GC(512) User=0.52s Sys=0.00s Real=0.00s
[201.898s][info][gc,start       ] GC(513) Pause Young (Normal) (G1 Evacuation Pause)
[201.898s][info][gc,task        ] GC(513) Using 33 workers of 33 for evacuation
[201.901s][info][gc,phases      ] GC(513)   Pre Evacuate Collection Set: 0.1ms
[201.901s][info][gc,phases      ] GC(513)   Merge Heap Roots: 0.2ms
[201.901s][info][gc,phases      ] GC(513)   Evacuate Collection Set: 0.4ms
[201.901s][info][gc,phases      ] GC(513)   Post Evacuate Collection Set: 2.6ms
[201.901s][info][gc,phases      ] GC(513)   Other: 0.1ms
[201.901s][info][gc,heap        ] GC(513) Eden regions: 332->0(332)
[201.901s][info][gc,heap        ] GC(513) Survivor regions: 1->1(42)
[201.901s][info][gc,heap        ] GC(513) Old regions: 27->27
[201.901s][info][gc,heap        ] GC(513) Archive regions: 0->0
[201.901s][info][gc,heap        ] GC(513) Humongous regions: 0->0
[201.901s][info][gc,metaspace   ] GC(513) Metaspace: 14300K(15168K)->14300K(15168K) NonClass: 12339K(12864K)->12339K(12864K) Class: 1961K(2304K)->1961K(2304K)
[201.901s][info][gc             ] GC(513) Pause Young (Normal) (G1 Evacuation Pause) 671M->8M(1112M) 3.636ms
[201.901s][info][gc,cpu         ] GC(513) User=0.00s Sys=0.00s Real=0.00s
[202.325s][info][gc,start       ] GC(514) Pause Young (Normal) (G1 Evacuation Pause)
[202.325s][info][gc,task        ] GC(514) Using 33 workers of 33 for evacuation
[202.329s][info][gc,phases      ] GC(514)   Pre Evacuate Collection Set: 0.2ms
[202.329s][info][gc,phases      ] GC(514)   Merge Heap Roots: 0.2ms
[202.329s][info][gc,phases      ] GC(514)   Evacuate Collection Set: 0.4ms
[202.329s][info][gc,phases      ] GC(514)   Post Evacuate Collection Set: 2.6ms
[202.329s][info][gc,phases      ] GC(514)   Other: 0.1ms
[202.329s][info][gc,heap        ] GC(514) Eden regions: 332->0(332)
[202.329s][info][gc,heap        ] GC(514) Survivor regions: 1->1(42)
[202.329s][info][gc,heap        ] GC(514) Old regions: 27->27
[202.329s][info][gc,heap        ] GC(514) Archive regions: 0->0
[202.329s][info][gc,heap        ] GC(514) Humongous regions: 0->0
[202.329s][info][gc,metaspace   ] GC(514) Metaspace: 14300K(15168K)->14300K(15168K) NonClass: 12339K(12864K)->12339K(12864K) Class: 1961K(2304K)->1961K(2304K)
[202.329s][info][gc             ] GC(514) Pause Young (Normal) (G1 Evacuation Pause) 672M->8M(1112M) 3.644ms
[202.329s][info][gc,cpu         ] GC(514) User=0.00s Sys=0.00s Real=0.00s
[202.754s][info][gc,start       ] GC(515) Pause Young (Normal) (G1 Evacuation Pause)
[202.754s][info][gc,task        ] GC(515) Using 33 workers of 33 for evacuation
[202.758s][info][gc,phases      ] GC(515)   Pre Evacuate Collection Set: 0.2ms
[202.765s][info][gc,phases      ] GC(515)   Merge Heap Roots: 0.2ms
[202.765s][info][gc,phases      ] GC(515)   Evacuate Collection Set: 0.4ms
[202.765s][info][gc,phases      ] GC(515)   Post Evacuate Collection Set: 2.6ms
[202.765s][info][gc,phases      ] GC(515)   Other: 0.1ms
[202.765s][info][gc,heap        ] GC(515) Eden regions: 332->0(332)
[202.765s][info][gc,heap        ] GC(515) Survivor regions: 1->1(42)
[202.765s][info][gc,heap        ] GC(515) Old regions: 27->27
[202.765s][info][gc,heap        ] GC(515) Archive regions: 0->0
[202.765s][info][gc,heap        ] GC(515) Humongous regions: 0->0
[202.765s][info][gc,metaspace   ] GC(515) Metaspace: 14300K(15168K)->14300K(15168K) NonClass: 12339K(12864K)->12339K(12864K) Class: 1961K(2304K)->1961K(2304K)
[202.765s][info][gc             ] GC(515) Pause Young (Normal) (G1 Evacuation Pause) 672M->8M(1112M) 11.241ms
[202.765s][info][gc,cpu         ] GC(515) User=0.00s Sys=0.00s Real=0.01s
[203.190s][info][gc,start       ] GC(516) Pause Young (Normal) (G1 Evacuation Pause)
[203.190s][info][gc,task        ] GC(516) Using 33 workers of 33 for evacuation
[203.193s][info][gc,phases      ] GC(516)   Pre Evacuate Collection Set: 0.2ms
[203.193s][info][gc,phases      ] GC(516)   Merge Heap Roots: 0.2ms
[203.193s][info][gc,phases      ] GC(516)   Evacuate Collection Set: 0.4ms
[203.193s][info][gc,phases      ] GC(516)   Post Evacuate Collection Set: 2.3ms
[203.193s][info][gc,phases      ] GC(516)   Other: 0.1ms
[203.193s][info][gc,heap        ] GC(516) Eden regions: 332->0(332)
[203.193s][info][gc,heap        ] GC(516) Survivor regions: 1->1(42)
[203.193s][info][gc,heap        ] GC(516) Old regions: 27->27
[203.193s][info][gc,heap        ] GC(516) Archive regions: 0->0
[203.193s][info][gc,heap        ] GC(516) Humongous regions: 0->0
[203.193s][info][gc,metaspace   ] GC(516) Metaspace: 14300K(15168K)->14300K(15168K) NonClass: 12339K(12864K)->12339K(12864K) Class: 1961K(2304K)->1961K(2304K)
[203.193s][info][gc             ] GC(516) Pause Young (Normal) (G1 Evacuation Pause) 672M->8M(1112M) 3.340ms
[203.193s][info][gc,cpu         ] GC(516) User=0.33s Sys=0.00s Real=0.00s
[203.616s][info][gc,start       ] GC(517) Pause Young (Normal) (G1 Evacuation Pause)
[203.616s][info][gc,task        ] GC(517) Using 33 workers of 33 for evacuation
[203.619s][info][gc,phases      ] GC(517)   Pre Evacuate Collection Set: 0.1ms
[203.619s][info][gc,phases      ] GC(517)   Merge Heap Roots: 0.2ms
[203.619s][info][gc,phases      ] GC(517)   Evacuate Collection Set: 0.4ms
[203.619s][info][gc,phases      ] GC(517)   Post Evacuate Collection Set: 2.2ms
[203.619s][info][gc,phases      ] GC(517)   Other: 0.1ms
[203.619s][info][gc,heap        ] GC(517) Eden regions: 332->0(332)
[203.619s][info][gc,heap        ] GC(517) Survivor regions: 1->1(42)
[203.619s][info][gc,heap        ] GC(517) Old regions: 27->28
[203.619s][info][gc,heap        ] GC(517) Archive regions: 0->0
[203.619s][info][gc,heap        ] GC(517) Humongous regions: 0->0
[203.619s][info][gc,metaspace   ] GC(517) Metaspace: 14300K(15168K)->14300K(15168K) NonClass: 12339K(12864K)->12339K(12864K) Class: 1961K(2304K)->1961K(2304K)
[203.619s][info][gc             ] GC(517) Pause Young (Normal) (G1 Evacuation Pause) 672M->8M(1112M) 3.226ms
[203.619s][info][gc,cpu         ] GC(517) User=0.00s Sys=0.00s Real=0.00s
[204.039s][info][gc,start       ] GC(518) Pause Young (Normal) (G1 Evacuation Pause)
[204.039s][info][gc,task        ] GC(518) Using 33 workers of 33 for evacuation
[204.042s][info][gc,phases      ] GC(518)   Pre Evacuate Collection Set: 0.1ms
[204.042s][info][gc,phases      ] GC(518)   Merge Heap Roots: 0.2ms
[204.042s][info][gc,phases      ] GC(518)   Evacuate Collection Set: 0.4ms
[204.042s][info][gc,phases      ] GC(518)   Post Evacuate Collection Set: 2.2ms
[204.042s][info][gc,phases      ] GC(518)   Other: 0.1ms
[204.042s][info][gc,heap        ] GC(518) Eden regions: 332->0(332)
[204.042s][info][gc,heap        ] GC(518) Survivor regions: 1->1(42)
[204.042s][info][gc,heap        ] GC(518) Old regions: 28->28
[204.042s][info][gc,heap        ] GC(518) Archive regions: 0->0
[204.042s][info][gc,heap        ] GC(518) Humongous regions: 0->0
[204.042s][info][gc,metaspace   ] GC(518) Metaspace: 14300K(15168K)->14300K(15168K) NonClass: 12339K(12864K)->12339K(12864K) Class: 1961K(2304K)->1961K(2304K)
[204.042s][info][gc             ] GC(518) Pause Young (Normal) (G1 Evacuation Pause) 672M->8M(1112M) 3.297ms
[204.042s][info][gc,cpu         ] GC(518) User=0.00s Sys=0.00s Real=0.00s
[204.463s][info][gc,start       ] GC(519) Pause Young (Normal) (G1 Evacuation Pause)
[204.463s][info][gc,task        ] GC(519) Using 33 workers of 33 for evacuation
[204.466s][info][gc,phases      ] GC(519)   Pre Evacuate Collection Set: 0.2ms
[204.466s][info][gc,phases      ] GC(519)   Merge Heap Roots: 0.1ms
[204.466s][info][gc,phases      ] GC(519)   Evacuate Collection Set: 0.4ms
[204.466s][info][gc,phases      ] GC(519)   Post Evacuate Collection Set: 2.3ms
[204.466s][info][gc,phases      ] GC(519)   Other: 0.1ms
[204.466s][info][gc,heap        ] GC(519) Eden regions: 332->0(332)
[204.466s][info][gc,heap        ] GC(519) Survivor regions: 1->1(42)
[204.466s][info][gc,heap        ] GC(519) Old regions: 28->28
[204.466s][info][gc,heap        ] GC(519) Archive regions: 0->0
[204.466s][info][gc,heap        ] GC(519) Humongous regions: 0->0
[204.466s][info][gc,metaspace   ] GC(519) Metaspace: 14300K(15168K)->14300K(15168K) NonClass: 12339K(12864K)->12339K(12864K) Class: 1961K(2304K)->1961K(2304K)
[204.466s][info][gc             ] GC(519) Pause Young (Normal) (G1 Evacuation Pause) 672M->8M(1112M) 3.359ms
[204.466s][info][gc,cpu         ] GC(519) User=0.00s Sys=0.00s Real=0.00s
[204.888s][info][gc,start       ] GC(520) Pause Young (Normal) (G1 Evacuation Pause)
[204.888s][info][gc,task        ] GC(520) Using 33 workers of 33 for evacuation
[204.891s][info][gc,phases      ] GC(520)   Pre Evacuate Collection Set: 0.1ms
[204.891s][info][gc,phases      ] GC(520)   Merge Heap Roots: 0.2ms
[204.891s][info][gc,phases      ] GC(520)   Evacuate Collection Set: 0.4ms
[204.891s][info][gc,phases      ] GC(520)   Post Evacuate Collection Set: 2.4ms
[204.891s][info][gc,phases      ] GC(520)   Other: 0.1ms
[204.891s][info][gc,heap        ] GC(520) Eden regions: 332->0(332)
[204.891s][info][gc,heap        ] GC(520) Survivor regions: 1->1(42)
[204.891s][info][gc,heap        ] GC(520) Old regions: 28->28
[204.891s][info][gc,heap        ] GC(520) Archive regions: 0->0
[204.891s][info][gc,heap        ] GC(520) Humongous regions: 0->0
[204.892s][info][gc,metaspace   ] GC(520) Metaspace: 14300K(15168K)->14300K(15168K) NonClass: 12339K(12864K)->12339K(12864K) Class: 1961K(2304K)->1961K(2304K)
[204.892s][info][gc             ] GC(520) Pause Young (Normal) (G1 Evacuation Pause) 672M->8M(1112M) 3.448ms
[204.892s][info][gc,cpu         ] GC(520) User=0.00s Sys=0.00s Real=0.00s
[205.312s][info][gc,start       ] GC(521) Pause Young (Normal) (G1 Evacuation Pause)
[205.312s][info][gc,task        ] GC(521) Using 33 workers of 33 for evacuation
[205.316s][info][gc,phases      ] GC(521)   Pre Evacuate Collection Set: 0.1ms
[205.316s][info][gc,phases      ] GC(521)   Merge Heap Roots: 0.2ms
[205.316s][info][gc,phases      ] GC(521)   Evacuate Collection Set: 0.4ms
[205.316s][info][gc,phases      ] GC(521)   Post Evacuate Collection Set: 2.4ms
[205.316s][info][gc,phases      ] GC(521)   Other: 0.1ms
[205.316s][info][gc,heap        ] GC(521) Eden regions: 332->0(332)
[205.316s][info][gc,heap        ] GC(521) Survivor regions: 1->1(42)
[205.316s][info][gc,heap        ] GC(521) Old regions: 28->28
[205.316s][info][gc,heap        ] GC(521) Archive regions: 0->0
[205.316s][info][gc,heap        ] GC(521) Humongous regions: 0->0
[205.316s][info][gc,metaspace   ] GC(521) Metaspace: 14300K(15168K)->14300K(15168K) NonClass: 12339K(12864K)->12339K(12864K) Class: 1961K(2304K)->1961K(2304K)
[205.316s][info][gc             ] GC(521) Pause Young (Normal) (G1 Evacuation Pause) 672M->8M(1112M) 3.431ms
[205.316s][info][gc,cpu         ] GC(521) User=0.00s Sys=0.00s Real=0.00s
[205.737s][info][gc,start       ] GC(522) Pause Young (Normal) (G1 Evacuation Pause)
[205.737s][info][gc,task        ] GC(522) Using 33 workers of 33 for evacuation
[205.740s][info][gc,phases      ] GC(522)   Pre Evacuate Collection Set: 0.2ms
[205.740s][info][gc,phases      ] GC(522)   Merge Heap Roots: 0.1ms
[205.740s][info][gc,phases      ] GC(522)   Evacuate Collection Set: 0.4ms
[205.740s][info][gc,phases      ] GC(522)   Post Evacuate Collection Set: 2.5ms
[205.740s][info][gc,phases      ] GC(522)   Other: 0.1ms
[205.740s][info][gc,heap        ] GC(522) Eden regions: 332->0(332)
[205.740s][info][gc,heap        ] GC(522) Survivor regions: 1->1(42)
[205.740s][info][gc,heap        ] GC(522) Old regions: 28->28
[205.740s][info][gc,heap        ] GC(522) Archive regions: 0->0
[205.740s][info][gc,heap        ] GC(522) Humongous regions: 0->0
[205.740s][info][gc,metaspace   ] GC(522) Metaspace: 14300K(15168K)->14300K(15168K) NonClass: 12339K(12864K)->12339K(12864K) Class: 1961K(2304K)->1961K(2304K)
[205.740s][info][gc             ] GC(522) Pause Young (Normal) (G1 Evacuation Pause) 672M->8M(1112M) 3.495ms
[205.740s][info][gc,cpu         ] GC(522) User=0.52s Sys=0.00s Real=0.00s
[206.162s][info][gc,start       ] GC(523) Pause Young (Normal) (G1 Evacuation Pause)
[206.162s][info][gc,task        ] GC(523) Using 33 workers of 33 for evacuation
[206.166s][info][gc,phases      ] GC(523)   Pre Evacuate Collection Set: 0.2ms
[206.166s][info][gc,phases      ] GC(523)   Merge Heap Roots: 0.2ms
[206.166s][info][gc,phases      ] GC(523)   Evacuate Collection Set: 0.4ms
[206.166s][info][gc,phases      ] GC(523)   Post Evacuate Collection Set: 2.5ms
[206.166s][info][gc,phases      ] GC(523)   Other: 0.1ms
[206.166s][info][gc,heap        ] GC(523) Eden regions: 332->0(332)
[206.166s][info][gc,heap        ] GC(523) Survivor regions: 1->1(42)
[206.166s][info][gc,heap        ] GC(523) Old regions: 28->28
[206.166s][info][gc,heap        ] GC(523) Archive regions: 0->0
[206.166s][info][gc,heap        ] GC(523) Humongous regions: 0->0
[206.166s][info][gc,metaspace   ] GC(523) Metaspace: 14300K(15168K)->14300K(15168K) NonClass: 12339K(12864K)->12339K(12864K) Class: 1961K(2304K)->1961K(2304K)
[206.166s][info][gc             ] GC(523) Pause Young (Normal) (G1 Evacuation Pause) 672M->8M(1112M) 3.614ms
[206.166s][info][gc,cpu         ] GC(523) User=0.00s Sys=0.00s Real=0.00s
[206.589s][info][gc,start       ] GC(524) Pause Young (Normal) (G1 Evacuation Pause)
[206.589s][info][gc,task        ] GC(524) Using 33 workers of 33 for evacuation
[206.592s][info][gc,phases      ] GC(524)   Pre Evacuate Collection Set: 0.1ms
[206.592s][info][gc,phases      ] GC(524)   Merge Heap Roots: 0.2ms
[206.592s][info][gc,phases      ] GC(524)   Evacuate Collection Set: 0.4ms
[206.592s][info][gc,phases      ] GC(524)   Post Evacuate Collection Set: 2.5ms
[206.592s][info][gc,phases      ] GC(524)   Other: 0.1ms
[206.592s][info][gc,heap        ] GC(524) Eden regions: 332->0(332)
[206.592s][info][gc,heap        ] GC(524) Survivor regions: 1->1(42)
[206.592s][info][gc,heap        ] GC(524) Old regions: 28->28
[206.592s][info][gc,heap        ] GC(524) Archive regions: 0->0
[206.592s][info][gc,heap        ] GC(524) Humongous regions: 0->0
[206.592s][info][gc,metaspace   ] GC(524) Metaspace: 14300K(15168K)->14300K(15168K) NonClass: 12339K(12864K)->12339K(12864K) Class: 1961K(2304K)->1961K(2304K)
[206.592s][info][gc             ] GC(524) Pause Young (Normal) (G1 Evacuation Pause) 672M->8M(1112M) 3.596ms
[206.592s][info][gc,cpu         ] GC(524) User=0.00s Sys=0.00s Real=0.00s
[207.019s][info][gc,start       ] GC(525) Pause Young (Normal) (G1 Evacuation Pause)
[207.019s][info][gc,task        ] GC(525) Using 33 workers of 33 for evacuation
[207.022s][info][gc,phases      ] GC(525)   Pre Evacuate Collection Set: 0.2ms
[207.022s][info][gc,phases      ] GC(525)   Merge Heap Roots: 0.2ms
[207.022s][info][gc,phases      ] GC(525)   Evacuate Collection Set: 0.4ms
[207.022s][info][gc,phases      ] GC(525)   Post Evacuate Collection Set: 2.2ms
[207.022s][info][gc,phases      ] GC(525)   Other: 0.1ms
[207.022s][info][gc,heap        ] GC(525) Eden regions: 332->0(332)
[207.022s][info][gc,heap        ] GC(525) Survivor regions: 1->1(42)
[207.022s][info][gc,heap        ] GC(525) Old regions: 28->28
[207.022s][info][gc,heap        ] GC(525) Archive regions: 0->0
[207.022s][info][gc,heap        ] GC(525) Humongous regions: 0->0
[207.022s][info][gc,metaspace   ] GC(525) Metaspace: 14300K(15168K)->14300K(15168K) NonClass: 12339K(12864K)->12339K(12864K) Class: 1961K(2304K)->1961K(2304K)
[207.022s][info][gc             ] GC(525) Pause Young (Normal) (G1 Evacuation Pause) 672M->9M(1112M) 3.221ms
[207.022s][info][gc,cpu         ] GC(525) User=0.52s Sys=0.00s Real=0.00s
[207.445s][info][gc,start       ] GC(526) Pause Young (Normal) (G1 Evacuation Pause)
[207.445s][info][gc,task        ] GC(526) Using 33 workers of 33 for evacuation
[207.448s][info][gc,phases      ] GC(526)   Pre Evacuate Collection Set: 0.2ms
[207.448s][info][gc,phases      ] GC(526)   Merge Heap Roots: 0.2ms
[207.448s][info][gc,phases      ] GC(526)   Evacuate Collection Set: 0.4ms
[207.448s][info][gc,phases      ] GC(526)   Post Evacuate Collection Set: 2.2ms
[207.448s][info][gc,phases      ] GC(526)   Other: 0.1ms
[207.448s][info][gc,heap        ] GC(526) Eden regions: 332->0(332)
[207.448s][info][gc,heap        ] GC(526) Survivor regions: 1->1(42)
[207.448s][info][gc,heap        ] GC(526) Old regions: 28->28
[207.448s][info][gc,heap        ] GC(526) Archive regions: 0->0
[207.448s][info][gc,heap        ] GC(526) Humongous regions: 0->0
[207.448s][info][gc,metaspace   ] GC(526) Metaspace: 14300K(15168K)->14300K(15168K) NonClass: 12339K(12864K)->12339K(12864K) Class: 1961K(2304K)->1961K(2304K)
[207.448s][info][gc             ] GC(526) Pause Young (Normal) (G1 Evacuation Pause) 673M->9M(1112M) 3.307ms
[207.448s][info][gc,cpu         ] GC(526) User=0.00s Sys=0.00s Real=0.00s
[207.877s][info][gc,start       ] GC(527) Pause Young (Normal) (G1 Evacuation Pause)
[207.877s][info][gc,task        ] GC(527) Using 33 workers of 33 for evacuation
[207.880s][info][gc,phases      ] GC(527)   Pre Evacuate Collection Set: 0.1ms
[207.880s][info][gc,phases      ] GC(527)   Merge Heap Roots: 0.2ms
[207.880s][info][gc,phases      ] GC(527)   Evacuate Collection Set: 0.4ms
[207.880s][info][gc,phases      ] GC(527)   Post Evacuate Collection Set: 2.2ms
[207.880s][info][gc,phases      ] GC(527)   Other: 0.1ms
[207.880s][info][gc,heap        ] GC(527) Eden regions: 332->0(332)
[207.880s][info][gc,heap        ] GC(527) Survivor regions: 1->1(42)
[207.880s][info][gc,heap        ] GC(527) Old regions: 28->28
[207.880s][info][gc,heap        ] GC(527) Archive regions: 0->0
[207.880s][info][gc,heap        ] GC(527) Humongous regions: 0->0
[207.880s][info][gc,metaspace   ] GC(527) Metaspace: 14300K(15168K)->14300K(15168K) NonClass: 12339K(12864K)->12339K(12864K) Class: 1961K(2304K)->1961K(2304K)
[207.880s][info][gc             ] GC(527) Pause Young (Normal) (G1 Evacuation Pause) 673M->9M(1112M) 3.197ms
[207.880s][info][gc,cpu         ] GC(527) User=0.00s Sys=0.00s Real=0.00s
[208.315s][info][gc,start       ] GC(528) Pause Young (Normal) (G1 Evacuation Pause)
[208.315s][info][gc,task        ] GC(528) Using 33 workers of 33 for evacuation
[208.318s][info][gc,phases      ] GC(528)   Pre Evacuate Collection Set: 0.1ms
[208.318s][info][gc,phases      ] GC(528)   Merge Heap Roots: 0.2ms
[208.318s][info][gc,phases      ] GC(528)   Evacuate Collection Set: 0.4ms
[208.318s][info][gc,phases      ] GC(528)   Post Evacuate Collection Set: 2.2ms
[208.318s][info][gc,phases      ] GC(528)   Other: 0.1ms
[208.318s][info][gc,heap        ] GC(528) Eden regions: 332->0(332)
[208.318s][info][gc,heap        ] GC(528) Survivor regions: 1->1(42)
[208.318s][info][gc,heap        ] GC(528) Old regions: 28->28
[208.318s][info][gc,heap        ] GC(528) Archive regions: 0->0
[208.318s][info][gc,heap        ] GC(528) Humongous regions: 0->0
[208.318s][info][gc,metaspace   ] GC(528) Metaspace: 14300K(15168K)->14300K(15168K) NonClass: 12339K(12864K)->12339K(12864K) Class: 1961K(2304K)->1961K(2304K)
[208.318s][info][gc             ] GC(528) Pause Young (Normal) (G1 Evacuation Pause) 673M->9M(1112M) 3.252ms
[208.318s][info][gc,cpu         ] GC(528) User=0.52s Sys=0.00s Real=0.00s
[208.771s][info][gc,start       ] GC(529) Pause Young (Normal) (G1 Evacuation Pause)
[208.771s][info][gc,task        ] GC(529) Using 33 workers of 33 for evacuation
[208.774s][info][gc,phases      ] GC(529)   Pre Evacuate Collection Set: 0.1ms
[208.774s][info][gc,phases      ] GC(529)   Merge Heap Roots: 0.2ms
[208.774s][info][gc,phases      ] GC(529)   Evacuate Collection Set: 0.4ms
[208.774s][info][gc,phases      ] GC(529)   Post Evacuate Collection Set: 2.3ms
[208.774s][info][gc,phases      ] GC(529)   Other: 0.1ms
[208.774s][info][gc,heap        ] GC(529) Eden regions: 332->0(332)
[208.774s][info][gc,heap        ] GC(529) Survivor regions: 1->1(42)
[208.774s][info][gc,heap        ] GC(529) Old regions: 28->28
[208.774s][info][gc,heap        ] GC(529) Archive regions: 0->0
[208.774s][info][gc,heap        ] GC(529) Humongous regions: 0->0
[208.774s][info][gc,metaspace   ] GC(529) Metaspace: 14300K(15168K)->14300K(15168K) NonClass: 12339K(12864K)->12339K(12864K) Class: 1961K(2304K)->1961K(2304K)
[208.774s][info][gc             ] GC(529) Pause Young (Normal) (G1 Evacuation Pause) 673M->9M(1112M) 3.382ms
[208.774s][info][gc,cpu         ] GC(529) User=0.00s Sys=0.00s Real=0.00s
[209.150s][info][gc,start       ] GC(530) Pause Full (System.gc())
[209.150s][info][gc,task        ] GC(530) Using 29 workers of 33 for full compaction
[209.151s][info][gc,phases,start] GC(530) Phase 1: Mark live objects
[209.163s][info][gc,phases      ] GC(530) Phase 1: Mark live objects 11.868ms
[209.163s][info][gc,phases,start] GC(530) Phase 2: Prepare compaction
[209.165s][info][gc,phases      ] GC(530) Phase 2: Prepare compaction 1.832ms
[209.165s][info][gc,phases,start] GC(530) Phase 3: Adjust pointers
[209.170s][info][gc,phases      ] GC(530) Phase 3: Adjust pointers 4.830ms
[209.170s][info][gc,phases,start] GC(530) Phase 4: Compact heap
[209.171s][info][gc,phases      ] GC(530) Phase 4: Compact heap 0.477ms
[209.179s][info][gc,heap        ] GC(530) Eden regions: 161->0(50)
[209.179s][info][gc,heap        ] GC(530) Survivor regions: 1->0(42)
[209.179s][info][gc,heap        ] GC(530) Old regions: 28->25
[209.179s][info][gc,heap        ] GC(530) Archive regions: 0->0
[209.179s][info][gc,heap        ] GC(530) Humongous regions: 0->0
[209.179s][info][gc,metaspace   ] GC(530) Metaspace: 14300K(15168K)->14300K(15168K) NonClass: 12339K(12864K)->12339K(12864K) Class: 1961K(2304K)->1961K(2304K)
[209.179s][info][gc             ] GC(530) Pause Full (System.gc()) 329M->5M(168M) 28.544ms
[209.179s][info][gc,cpu         ] GC(530) User=0.11s Sys=0.34s Real=0.02s
[209.247s][info][gc,start       ] GC(531) Pause Young (Normal) (G1 Evacuation Pause)
[209.247s][info][gc,task        ] GC(531) Using 33 workers of 33 for evacuation
[209.249s][info][gc,phases      ] GC(531)   Pre Evacuate Collection Set: 0.1ms
[209.249s][info][gc,phases      ] GC(531)   Merge Heap Roots: 0.1ms
[209.249s][info][gc,phases      ] GC(531)   Evacuate Collection Set: 0.4ms
[209.249s][info][gc,phases      ] GC(531)   Post Evacuate Collection Set: 1.8ms
[209.249s][info][gc,phases      ] GC(531)   Other: 0.1ms
[209.249s][info][gc,heap        ] GC(531) Eden regions: 50->0(49)
[209.249s][info][gc,heap        ] GC(531) Survivor regions: 0->1(7)
[209.249s][info][gc,heap        ] GC(531) Old regions: 25->25
[209.249s][info][gc,heap        ] GC(531) Archive regions: 0->0
[209.249s][info][gc,heap        ] GC(531) Humongous regions: 0->0
[209.249s][info][gc,metaspace   ] GC(531) Metaspace: 14303K(15168K)->14303K(15168K) NonClass: 12342K(12864K)->12342K(12864K) Class: 1961K(2304K)->1961K(2304K)
[209.249s][info][gc             ] GC(531) Pause Young (Normal) (G1 Evacuation Pause) 105M->6M(168M) 2.696ms
[209.249s][info][gc,cpu         ] GC(531) User=0.00s Sys=0.00s Real=0.00s
[209.316s][info][gc,start       ] GC(532) Pause Young (Normal) (G1 Evacuation Pause)
[209.316s][info][gc,task        ] GC(532) Using 33 workers of 33 for evacuation
[209.319s][info][gc,phases      ] GC(532)   Pre Evacuate Collection Set: 0.1ms
[209.319s][info][gc,phases      ] GC(532)   Merge Heap Roots: 0.1ms
[209.319s][info][gc,phases      ] GC(532)   Evacuate Collection Set: 0.4ms
[209.319s][info][gc,phases      ] GC(532)   Post Evacuate Collection Set: 1.7ms
[209.319s][info][gc,phases      ] GC(532)   Other: 0.1ms
[209.319s][info][gc,heap        ] GC(532) Eden regions: 49->0(49)
[209.319s][info][gc,heap        ] GC(532) Survivor regions: 1->1(7)
[209.319s][info][gc,heap        ] GC(532) Old regions: 25->25
[209.319s][info][gc,heap        ] GC(532) Archive regions: 0->0
[209.319s][info][gc,heap        ] GC(532) Humongous regions: 0->0
[209.319s][info][gc,metaspace   ] GC(532) Metaspace: 14303K(15168K)->14303K(15168K) NonClass: 12342K(12864K)->12342K(12864K) Class: 1961K(2304K)->1961K(2304K)
[209.319s][info][gc             ] GC(532) Pause Young (Normal) (G1 Evacuation Pause) 104M->6M(168M) 2.643ms
[209.319s][info][gc,cpu         ] GC(532) User=0.00s Sys=0.00s Real=0.00s
[209.388s][info][gc,start       ] GC(533) Pause Young (Normal) (G1 Evacuation Pause)
[209.388s][info][gc,task        ] GC(533) Using 33 workers of 33 for evacuation
[209.390s][info][gc,phases      ] GC(533)   Pre Evacuate Collection Set: 0.1ms
[209.391s][info][gc,phases      ] GC(533)   Merge Heap Roots: 0.1ms
[209.391s][info][gc,phases      ] GC(533)   Evacuate Collection Set: 0.4ms
[209.391s][info][gc,phases      ] GC(533)   Post Evacuate Collection Set: 1.8ms
[209.391s][info][gc,phases      ] GC(533)   Other: 0.1ms
[209.391s][info][gc,heap        ] GC(533) Eden regions: 49->0(49)
[209.391s][info][gc,heap        ] GC(533) Survivor regions: 1->1(7)
[209.391s][info][gc,heap        ] GC(533) Old regions: 25->25
[209.391s][info][gc,heap        ] GC(533) Archive regions: 0->0
[209.391s][info][gc,heap        ] GC(533) Humongous regions: 0->0
[209.391s][info][gc,metaspace   ] GC(533) Metaspace: 14303K(15168K)->14303K(15168K) NonClass: 12342K(12864K)->12342K(12864K) Class: 1961K(2304K)->1961K(2304K)
[209.391s][info][gc             ] GC(533) Pause Young (Normal) (G1 Evacuation Pause) 104M->6M(168M) 2.700ms
[209.391s][info][gc,cpu         ] GC(533) User=0.00s Sys=0.00s Real=0.00s
[209.465s][info][gc,start       ] GC(534) Pause Young (Normal) (G1 Evacuation Pause)
[209.465s][info][gc,task        ] GC(534) Using 33 workers of 33 for evacuation
[209.471s][info][gc,phases      ] GC(534)   Pre Evacuate Collection Set: 0.1ms
[209.471s][info][gc,phases      ] GC(534)   Merge Heap Roots: 0.1ms
[209.471s][info][gc,phases      ] GC(534)   Evacuate Collection Set: 0.4ms
[209.471s][info][gc,phases      ] GC(534)   Post Evacuate Collection Set: 5.8ms
[209.471s][info][gc,phases      ] GC(534)   Other: 0.1ms
[209.471s][info][gc,heap        ] GC(534) Eden regions: 49->0(331)
[209.471s][info][gc,heap        ] GC(534) Survivor regions: 1->1(7)
[209.471s][info][gc,heap        ] GC(534) Old regions: 25->25
[209.471s][info][gc,heap        ] GC(534) Archive regions: 0->0
[209.472s][info][gc,heap        ] GC(534) Humongous regions: 0->0
[209.472s][info][gc,metaspace   ] GC(534) Metaspace: 14303K(15168K)->14303K(15168K) NonClass: 12342K(12864K)->12342K(12864K) Class: 1961K(2304K)->1961K(2304K)
[209.472s][info][gc             ] GC(534) Pause Young (Normal) (G1 Evacuation Pause) 104M->6M(1108M) 6.799ms
[209.472s][info][gc,cpu         ] GC(534) User=0.00s Sys=0.00s Real=0.00s
[209.919s][info][gc,start       ] GC(535) Pause Young (Normal) (G1 Evacuation Pause)
[209.919s][info][gc,task        ] GC(535) Using 33 workers of 33 for evacuation
[209.923s][info][gc,phases      ] GC(535)   Pre Evacuate Collection Set: 0.2ms
[209.923s][info][gc,phases      ] GC(535)   Merge Heap Roots: 0.1ms
[209.923s][info][gc,phases      ] GC(535)   Evacuate Collection Set: 1.9ms
[209.923s][info][gc,phases      ] GC(535)   Post Evacuate Collection Set: 2.3ms
[209.923s][info][gc,phases      ] GC(535)   Other: 0.1ms
[209.923s][info][gc,heap        ] GC(535) Eden regions: 331->0(331)
[209.923s][info][gc,heap        ] GC(535) Survivor regions: 1->1(42)
[209.923s][info][gc,heap        ] GC(535) Old regions: 25->25
[209.923s][info][gc,heap        ] GC(535) Archive regions: 0->0
[209.923s][info][gc,heap        ] GC(535) Humongous regions: 0->0
[209.923s][info][gc,metaspace   ] GC(535) Metaspace: 14303K(15168K)->14303K(15168K) NonClass: 12342K(12864K)->12342K(12864K) Class: 1961K(2304K)->1961K(2304K)
[209.923s][info][gc             ] GC(535) Pause Young (Normal) (G1 Evacuation Pause) 668M->6M(1108M) 4.858ms
[209.923s][info][gc,cpu         ] GC(535) User=0.00s Sys=0.00s Real=0.00s
[210.342s][info][gc,start       ] GC(536) Pause Young (Normal) (G1 Evacuation Pause)
[210.342s][info][gc,task        ] GC(536) Using 33 workers of 33 for evacuation
[210.347s][info][gc,phases      ] GC(536)   Pre Evacuate Collection Set: 0.1ms
[210.347s][info][gc,phases      ] GC(536)   Merge Heap Roots: 0.1ms
[210.347s][info][gc,phases      ] GC(536)   Evacuate Collection Set: 2.0ms
[210.347s][info][gc,phases      ] GC(536)   Post Evacuate Collection Set: 2.4ms
[210.347s][info][gc,phases      ] GC(536)   Other: 0.1ms
[210.347s][info][gc,heap        ] GC(536) Eden regions: 331->0(331)
[210.347s][info][gc,heap        ] GC(536) Survivor regions: 1->1(42)
[210.347s][info][gc,heap        ] GC(536) Old regions: 25->25
[210.347s][info][gc,heap        ] GC(536) Archive regions: 0->0
[210.347s][info][gc,heap        ] GC(536) Humongous regions: 0->0
[210.347s][info][gc,metaspace   ] GC(536) Metaspace: 14303K(15168K)->14303K(15168K) NonClass: 12342K(12864K)->12342K(12864K) Class: 1961K(2304K)->1961K(2304K)
[210.347s][info][gc             ] GC(536) Pause Young (Normal) (G1 Evacuation Pause) 668M->6M(1108M) 5.056ms
[210.347s][info][gc,cpu         ] GC(536) User=0.00s Sys=0.02s Real=0.00s
[210.758s][info][gc,start       ] GC(537) Pause Young (Normal) (G1 Evacuation Pause)
[210.759s][info][gc,task        ] GC(537) Using 33 workers of 33 for evacuation
[210.762s][info][gc,phases      ] GC(537)   Pre Evacuate Collection Set: 0.1ms
[210.762s][info][gc,phases      ] GC(537)   Merge Heap Roots: 0.1ms
[210.762s][info][gc,phases      ] GC(537)   Evacuate Collection Set: 0.5ms
[210.762s][info][gc,phases      ] GC(537)   Post Evacuate Collection Set: 2.5ms
[210.762s][info][gc,phases      ] GC(537)   Other: 0.1ms
[210.762s][info][gc,heap        ] GC(537) Eden regions: 331->0(331)
[210.762s][info][gc,heap        ] GC(537) Survivor regions: 1->1(42)
[210.762s][info][gc,heap        ] GC(537) Old regions: 25->25
[210.762s][info][gc,heap        ] GC(537) Archive regions: 0->0
[210.762s][info][gc,heap        ] GC(537) Humongous regions: 0->0
[210.762s][info][gc,metaspace   ] GC(537) Metaspace: 14303K(15168K)->14303K(15168K) NonClass: 12342K(12864K)->12342K(12864K) Class: 1961K(2304K)->1961K(2304K)
[210.762s][info][gc             ] GC(537) Pause Young (Normal) (G1 Evacuation Pause) 668M->6M(1108M) 3.586ms
[210.762s][info][gc,cpu         ] GC(537) User=0.00s Sys=0.00s Real=0.00s
[211.179s][info][gc,start       ] GC(538) Pause Young (Normal) (G1 Evacuation Pause)
[211.179s][info][gc,task        ] GC(538) Using 33 workers of 33 for evacuation
[211.183s][info][gc,phases      ] GC(538)   Pre Evacuate Collection Set: 0.1ms
[211.183s][info][gc,phases      ] GC(538)   Merge Heap Roots: 0.1ms
[211.183s][info][gc,phases      ] GC(538)   Evacuate Collection Set: 0.7ms
[211.183s][info][gc,phases      ] GC(538)   Post Evacuate Collection Set: 2.5ms
[211.183s][info][gc,phases      ] GC(538)   Other: 0.1ms
[211.183s][info][gc,heap        ] GC(538) Eden regions: 331->0(331)
[211.183s][info][gc,heap        ] GC(538) Survivor regions: 1->1(42)
[211.183s][info][gc,heap        ] GC(538) Old regions: 25->25
[211.183s][info][gc,heap        ] GC(538) Archive regions: 0->0
[211.183s][info][gc,heap        ] GC(538) Humongous regions: 0->0
[211.183s][info][gc,metaspace   ] GC(538) Metaspace: 14303K(15168K)->14303K(15168K) NonClass: 12342K(12864K)->12342K(12864K) Class: 1961K(2304K)->1961K(2304K)
[211.183s][info][gc             ] GC(538) Pause Young (Normal) (G1 Evacuation Pause) 668M->7M(1108M) 3.779ms
[211.183s][info][gc,cpu         ] GC(538) User=0.00s Sys=0.00s Real=0.00s
[211.599s][info][gc,start       ] GC(539) Pause Young (Normal) (G1 Evacuation Pause)
[211.599s][info][gc,task        ] GC(539) Using 33 workers of 33 for evacuation
[211.602s][info][gc,phases      ] GC(539)   Pre Evacuate Collection Set: 0.2ms
[211.602s][info][gc,phases      ] GC(539)   Merge Heap Roots: 0.1ms
[211.602s][info][gc,phases      ] GC(539)   Evacuate Collection Set: 0.5ms
[211.602s][info][gc,phases      ] GC(539)   Post Evacuate Collection Set: 2.5ms
[211.602s][info][gc,phases      ] GC(539)   Other: 0.1ms
[211.602s][info][gc,heap        ] GC(539) Eden regions: 331->0(331)
[211.602s][info][gc,heap        ] GC(539) Survivor regions: 1->1(42)
[211.602s][info][gc,heap        ] GC(539) Old regions: 25->25
[211.602s][info][gc,heap        ] GC(539) Archive regions: 0->0
[211.602s][info][gc,heap        ] GC(539) Humongous regions: 0->0
[211.602s][info][gc,metaspace   ] GC(539) Metaspace: 14303K(15168K)->14303K(15168K) NonClass: 12342K(12864K)->12342K(12864K) Class: 1961K(2304K)->1961K(2304K)
[211.602s][info][gc             ] GC(539) Pause Young (Normal) (G1 Evacuation Pause) 669M->7M(1108M) 3.665ms
[211.602s][info][gc,cpu         ] GC(539) User=0.00s Sys=0.00s Real=0.00s
[212.015s][info][gc,start       ] GC(540) Pause Young (Normal) (G1 Evacuation Pause)
[212.015s][info][gc,task        ] GC(540) Using 33 workers of 33 for evacuation
[212.018s][info][gc,phases      ] GC(540)   Pre Evacuate Collection Set: 0.1ms
[212.018s][info][gc,phases      ] GC(540)   Merge Heap Roots: 0.1ms
[212.018s][info][gc,phases      ] GC(540)   Evacuate Collection Set: 0.7ms
[212.018s][info][gc,phases      ] GC(540)   Post Evacuate Collection Set: 2.1ms
[212.018s][info][gc,phases      ] GC(540)   Other: 0.1ms
[212.018s][info][gc,heap        ] GC(540) Eden regions: 331->0(331)
[212.018s][info][gc,heap        ] GC(540) Survivor regions: 1->1(42)
[212.018s][info][gc,heap        ] GC(540) Old regions: 25->25
[212.018s][info][gc,heap        ] GC(540) Archive regions: 0->0
[212.018s][info][gc,heap        ] GC(540) Humongous regions: 0->0
[212.018s][info][gc,metaspace   ] GC(540) Metaspace: 14303K(15168K)->14303K(15168K) NonClass: 12342K(12864K)->12342K(12864K) Class: 1961K(2304K)->1961K(2304K)
[212.018s][info][gc             ] GC(540) Pause Young (Normal) (G1 Evacuation Pause) 669M->7M(1108M) 3.468ms
[212.018s][info][gc,cpu         ] GC(540) User=0.00s Sys=0.00s Real=0.00s
[212.437s][info][gc,start       ] GC(541) Pause Young (Normal) (G1 Evacuation Pause)
[212.437s][info][gc,task        ] GC(541) Using 33 workers of 33 for evacuation
[212.440s][info][gc,phases      ] GC(541)   Pre Evacuate Collection Set: 0.2ms
[212.440s][info][gc,phases      ] GC(541)   Merge Heap Roots: 0.1ms
[212.440s][info][gc,phases      ] GC(541)   Evacuate Collection Set: 0.5ms
[212.440s][info][gc,phases      ] GC(541)   Post Evacuate Collection Set: 2.2ms
[212.440s][info][gc,phases      ] GC(541)   Other: 0.1ms
[212.440s][info][gc,heap        ] GC(541) Eden regions: 331->0(331)
[212.440s][info][gc,heap        ] GC(541) Survivor regions: 1->1(42)
[212.440s][info][gc,heap        ] GC(541) Old regions: 25->25
[212.440s][info][gc,heap        ] GC(541) Archive regions: 0->0
[212.440s][info][gc,heap        ] GC(541) Humongous regions: 0->0
[212.440s][info][gc,metaspace   ] GC(541) Metaspace: 14303K(15168K)->14303K(15168K) NonClass: 12342K(12864K)->12342K(12864K) Class: 1961K(2304K)->1961K(2304K)
[212.440s][info][gc             ] GC(541) Pause Young (Normal) (G1 Evacuation Pause) 669M->7M(1108M) 3.390ms
[212.440s][info][gc,cpu         ] GC(541) User=0.00s Sys=0.00s Real=0.00s
[212.855s][info][gc,start       ] GC(542) Pause Young (Normal) (G1 Evacuation Pause)
[212.855s][info][gc,task        ] GC(542) Using 33 workers of 33 for evacuation
[212.858s][info][gc,phases      ] GC(542)   Pre Evacuate Collection Set: 0.1ms
[212.858s][info][gc,phases      ] GC(542)   Merge Heap Roots: 0.1ms
[212.858s][info][gc,phases      ] GC(542)   Evacuate Collection Set: 0.8ms
[212.859s][info][gc,phases      ] GC(542)   Post Evacuate Collection Set: 2.1ms
[212.859s][info][gc,phases      ] GC(542)   Other: 0.1ms
[212.859s][info][gc,heap        ] GC(542) Eden regions: 331->0(330)
[212.859s][info][gc,heap        ] GC(542) Survivor regions: 1->2(42)
[212.859s][info][gc,heap        ] GC(542) Old regions: 25->25
[212.859s][info][gc,heap        ] GC(542) Archive regions: 0->0
[212.859s][info][gc,heap        ] GC(542) Humongous regions: 0->0
[212.859s][info][gc,metaspace   ] GC(542) Metaspace: 14303K(15168K)->14303K(15168K) NonClass: 12342K(12864K)->12342K(12864K) Class: 1961K(2304K)->1961K(2304K)
[212.859s][info][gc             ] GC(542) Pause Young (Normal) (G1 Evacuation Pause) 669M->7M(1108M) 3.496ms
[212.859s][info][gc,cpu         ] GC(542) User=0.00s Sys=0.00s Real=0.00s
[213.269s][info][gc,start       ] GC(543) Pause Young (Normal) (G1 Evacuation Pause)
[213.269s][info][gc,task        ] GC(543) Using 33 workers of 33 for evacuation
[213.272s][info][gc,phases      ] GC(543)   Pre Evacuate Collection Set: 0.1ms
[213.272s][info][gc,phases      ] GC(543)   Merge Heap Roots: 0.1ms
[213.272s][info][gc,phases      ] GC(543)   Evacuate Collection Set: 0.8ms
[213.272s][info][gc,phases      ] GC(543)   Post Evacuate Collection Set: 2.2ms
[213.272s][info][gc,phases      ] GC(543)   Other: 0.1ms
[213.272s][info][gc,heap        ] GC(543) Eden regions: 330->0(330)
[213.272s][info][gc,heap        ] GC(543) Survivor regions: 2->2(42)
[213.272s][info][gc,heap        ] GC(543) Old regions: 25->25
[213.272s][info][gc,heap        ] GC(543) Archive regions: 0->0
[213.272s][info][gc,heap        ] GC(543) Humongous regions: 0->0
[213.272s][info][gc,metaspace   ] GC(543) Metaspace: 14303K(15168K)->14303K(15168K) NonClass: 12342K(12864K)->12342K(12864K) Class: 1961K(2304K)->1961K(2304K)
[213.272s][info][gc             ] GC(543) Pause Young (Normal) (G1 Evacuation Pause) 667M->7M(1108M) 3.722ms
[213.273s][info][gc,cpu         ] GC(543) User=0.00s Sys=0.02s Real=0.00s
[213.682s][info][gc,start       ] GC(544) Pause Young (Normal) (G1 Evacuation Pause)
[213.682s][info][gc,task        ] GC(544) Using 33 workers of 33 for evacuation
[213.685s][info][gc,phases      ] GC(544)   Pre Evacuate Collection Set: 0.2ms
[213.685s][info][gc,phases      ] GC(544)   Merge Heap Roots: 0.1ms
[213.685s][info][gc,phases      ] GC(544)   Evacuate Collection Set: 0.7ms
[213.685s][info][gc,phases      ] GC(544)   Post Evacuate Collection Set: 2.2ms
[213.685s][info][gc,phases      ] GC(544)   Other: 0.1ms
[213.685s][info][gc,heap        ] GC(544) Eden regions: 330->0(330)
[213.685s][info][gc,heap        ] GC(544) Survivor regions: 2->2(42)
[213.685s][info][gc,heap        ] GC(544) Old regions: 25->25
[213.685s][info][gc,heap        ] GC(544) Archive regions: 0->0
[213.685s][info][gc,heap        ] GC(544) Humongous regions: 0->0
[213.685s][info][gc,metaspace   ] GC(544) Metaspace: 14303K(15168K)->14303K(15168K) NonClass: 12342K(12864K)->12342K(12864K) Class: 1961K(2304K)->1961K(2304K)
[213.686s][info][gc             ] GC(544) Pause Young (Normal) (G1 Evacuation Pause) 667M->7M(1108M) 3.568ms
[213.686s][info][gc,cpu         ] GC(544) User=0.00s Sys=0.00s Real=0.00s
[214.095s][info][gc,start       ] GC(545) Pause Young (Normal) (G1 Evacuation Pause)
[214.095s][info][gc,task        ] GC(545) Using 33 workers of 33 for evacuation
[214.098s][info][gc,phases      ] GC(545)   Pre Evacuate Collection Set: 0.1ms
[214.098s][info][gc,phases      ] GC(545)   Merge Heap Roots: 0.1ms
[214.098s][info][gc,phases      ] GC(545)   Evacuate Collection Set: 0.5ms
[214.098s][info][gc,phases      ] GC(545)   Post Evacuate Collection Set: 2.3ms
[214.098s][info][gc,phases      ] GC(545)   Other: 0.1ms
[214.098s][info][gc,heap        ] GC(545) Eden regions: 330->0(330)
[214.098s][info][gc,heap        ] GC(545) Survivor regions: 2->2(42)
[214.098s][info][gc,heap        ] GC(545) Old regions: 25->25
[214.098s][info][gc,heap        ] GC(545) Archive regions: 0->0
[214.098s][info][gc,heap        ] GC(545) Humongous regions: 0->0
[214.098s][info][gc,metaspace   ] GC(545) Metaspace: 14303K(15168K)->14303K(15168K) NonClass: 12342K(12864K)->12342K(12864K) Class: 1961K(2304K)->1961K(2304K)
[214.098s][info][gc             ] GC(545) Pause Young (Normal) (G1 Evacuation Pause) 667M->7M(1108M) 3.434ms
[214.098s][info][gc,cpu         ] GC(545) User=0.00s Sys=0.00s Real=0.00s
[214.509s][info][gc,start       ] GC(546) Pause Young (Normal) (G1 Evacuation Pause)
[214.509s][info][gc,task        ] GC(546) Using 33 workers of 33 for evacuation
[214.512s][info][gc,phases      ] GC(546)   Pre Evacuate Collection Set: 0.1ms
[214.512s][info][gc,phases      ] GC(546)   Merge Heap Roots: 0.1ms
[214.512s][info][gc,phases      ] GC(546)   Evacuate Collection Set: 0.6ms
[214.512s][info][gc,phases      ] GC(546)   Post Evacuate Collection Set: 2.4ms
[214.512s][info][gc,phases      ] GC(546)   Other: 0.1ms
[214.512s][info][gc,heap        ] GC(546) Eden regions: 330->0(331)
[214.512s][info][gc,heap        ] GC(546) Survivor regions: 2->1(42)
[214.512s][info][gc,heap        ] GC(546) Old regions: 25->26
[214.512s][info][gc,heap        ] GC(546) Archive regions: 0->0
[214.512s][info][gc,heap        ] GC(546) Humongous regions: 0->0
[214.512s][info][gc,metaspace   ] GC(546) Metaspace: 14303K(15168K)->14303K(15168K) NonClass: 12342K(12864K)->12342K(12864K) Class: 1961K(2304K)->1961K(2304K)
[214.512s][info][gc             ] GC(546) Pause Young (Normal) (G1 Evacuation Pause) 667M->7M(1108M) 3.558ms
[214.512s][info][gc,cpu         ] GC(546) User=0.00s Sys=0.00s Real=0.00s
[214.930s][info][gc,start       ] GC(547) Pause Young (Normal) (G1 Evacuation Pause)
[214.931s][info][gc,task        ] GC(547) Using 33 workers of 33 for evacuation
[214.934s][info][gc,phases      ] GC(547)   Pre Evacuate Collection Set: 0.1ms
[214.934s][info][gc,phases      ] GC(547)   Merge Heap Roots: 0.2ms
[214.934s][info][gc,phases      ] GC(547)   Evacuate Collection Set: 0.4ms
[214.934s][info][gc,phases      ] GC(547)   Post Evacuate Collection Set: 2.4ms
[214.934s][info][gc,phases      ] GC(547)   Other: 0.1ms
[214.934s][info][gc,heap        ] GC(547) Eden regions: 331->0(331)
[214.934s][info][gc,heap        ] GC(547) Survivor regions: 1->1(42)
[214.934s][info][gc,heap        ] GC(547) Old regions: 26->26
[214.934s][info][gc,heap        ] GC(547) Archive regions: 0->0
[214.934s][info][gc,heap        ] GC(547) Humongous regions: 0->0
[214.934s][info][gc,metaspace   ] GC(547) Metaspace: 14303K(15168K)->14303K(15168K) NonClass: 12342K(12864K)->12342K(12864K) Class: 1961K(2304K)->1961K(2304K)
[214.934s][info][gc             ] GC(547) Pause Young (Normal) (G1 Evacuation Pause) 669M->7M(1108M) 3.431ms
[214.934s][info][gc,cpu         ] GC(547) User=0.00s Sys=0.00s Real=0.00s
[215.352s][info][gc,start       ] GC(548) Pause Young (Normal) (G1 Evacuation Pause)
[215.352s][info][gc,task        ] GC(548) Using 33 workers of 33 for evacuation
[215.355s][info][gc,phases      ] GC(548)   Pre Evacuate Collection Set: 0.2ms
[215.355s][info][gc,phases      ] GC(548)   Merge Heap Roots: 0.2ms
[215.355s][info][gc,phases      ] GC(548)   Evacuate Collection Set: 0.4ms
[215.355s][info][gc,phases      ] GC(548)   Post Evacuate Collection Set: 2.5ms
[215.355s][info][gc,phases      ] GC(548)   Other: 0.1ms
[215.355s][info][gc,heap        ] GC(548) Eden regions: 331->0(331)
[215.355s][info][gc,heap        ] GC(548) Survivor regions: 1->1(42)
[215.355s][info][gc,heap        ] GC(548) Old regions: 26->26
[215.355s][info][gc,heap        ] GC(548) Archive regions: 0->0
[215.355s][info][gc,heap        ] GC(548) Humongous regions: 0->0
[215.355s][info][gc,metaspace   ] GC(548) Metaspace: 14303K(15168K)->14303K(15168K) NonClass: 12342K(12864K)->12342K(12864K) Class: 1961K(2304K)->1961K(2304K)
[215.355s][info][gc             ] GC(548) Pause Young (Normal) (G1 Evacuation Pause) 669M->7M(1108M) 3.565ms
[215.355s][info][gc,cpu         ] GC(548) User=0.00s Sys=0.00s Real=0.00s
[215.775s][info][gc,start       ] GC(549) Pause Young (Normal) (G1 Evacuation Pause)
[215.775s][info][gc,task        ] GC(549) Using 33 workers of 33 for evacuation
[215.779s][info][gc,phases      ] GC(549)   Pre Evacuate Collection Set: 0.2ms
[215.779s][info][gc,phases      ] GC(549)   Merge Heap Roots: 0.2ms
[215.779s][info][gc,phases      ] GC(549)   Evacuate Collection Set: 0.4ms
[215.779s][info][gc,phases      ] GC(549)   Post Evacuate Collection Set: 2.5ms
[215.779s][info][gc,phases      ] GC(549)   Other: 0.1ms
[215.779s][info][gc,heap        ] GC(549) Eden regions: 331->0(331)
[215.779s][info][gc,heap        ] GC(549) Survivor regions: 1->1(42)
[215.779s][info][gc,heap        ] GC(549) Old regions: 26->26
[215.779s][info][gc,heap        ] GC(549) Archive regions: 0->0
[215.779s][info][gc,heap        ] GC(549) Humongous regions: 0->0
[215.779s][info][gc,metaspace   ] GC(549) Metaspace: 14303K(15168K)->14303K(15168K) NonClass: 12342K(12864K)->12342K(12864K) Class: 1961K(2304K)->1961K(2304K)
[215.779s][info][gc             ] GC(549) Pause Young (Normal) (G1 Evacuation Pause) 669M->7M(1108M) 3.635ms
[215.779s][info][gc,cpu         ] GC(549) User=0.00s Sys=0.00s Real=0.00s
[216.199s][info][gc,start       ] GC(550) Pause Young (Normal) (G1 Evacuation Pause)
[216.199s][info][gc,task        ] GC(550) Using 33 workers of 33 for evacuation
[216.202s][info][gc,phases      ] GC(550)   Pre Evacuate Collection Set: 0.2ms
[216.202s][info][gc,phases      ] GC(550)   Merge Heap Roots: 0.2ms
[216.202s][info][gc,phases      ] GC(550)   Evacuate Collection Set: 0.4ms
[216.203s][info][gc,phases      ] GC(550)   Post Evacuate Collection Set: 2.6ms
[216.203s][info][gc,phases      ] GC(550)   Other: 0.1ms
[216.203s][info][gc,heap        ] GC(550) Eden regions: 331->0(331)
[216.203s][info][gc,heap        ] GC(550) Survivor regions: 1->1(42)
[216.203s][info][gc,heap        ] GC(550) Old regions: 26->26
[216.203s][info][gc,heap        ] GC(550) Archive regions: 0->0
[216.203s][info][gc,heap        ] GC(550) Humongous regions: 0->0
[216.203s][info][gc,metaspace   ] GC(550) Metaspace: 14303K(15168K)->14303K(15168K) NonClass: 12342K(12864K)->12342K(12864K) Class: 1961K(2304K)->1961K(2304K)
[216.203s][info][gc             ] GC(550) Pause Young (Normal) (G1 Evacuation Pause) 669M->7M(1108M) 3.669ms
[216.203s][info][gc,cpu         ] GC(550) User=0.00s Sys=0.00s Real=0.00s
[216.622s][info][gc,start       ] GC(551) Pause Young (Normal) (G1 Evacuation Pause)
[216.622s][info][gc,task        ] GC(551) Using 33 workers of 33 for evacuation
[216.626s][info][gc,phases      ] GC(551)   Pre Evacuate Collection Set: 0.2ms
[216.626s][info][gc,phases      ] GC(551)   Merge Heap Roots: 0.2ms
[216.626s][info][gc,phases      ] GC(551)   Evacuate Collection Set: 0.4ms
[216.626s][info][gc,phases      ] GC(551)   Post Evacuate Collection Set: 2.4ms
[216.626s][info][gc,phases      ] GC(551)   Other: 0.1ms
[216.626s][info][gc,heap        ] GC(551) Eden regions: 331->0(331)
[216.626s][info][gc,heap        ] GC(551) Survivor regions: 1->1(42)
[216.626s][info][gc,heap        ] GC(551) Old regions: 26->26
[216.626s][info][gc,heap        ] GC(551) Archive regions: 0->0
[216.626s][info][gc,heap        ] GC(551) Humongous regions: 0->0
[216.626s][info][gc,metaspace   ] GC(551) Metaspace: 14303K(15168K)->14303K(15168K) NonClass: 12342K(12864K)->12342K(12864K) Class: 1961K(2304K)->1961K(2304K)
[216.626s][info][gc             ] GC(551) Pause Young (Normal) (G1 Evacuation Pause) 669M->7M(1108M) 3.471ms
[216.626s][info][gc,cpu         ] GC(551) User=0.00s Sys=0.00s Real=0.00s
[217.047s][info][gc,start       ] GC(552) Pause Young (Normal) (G1 Evacuation Pause)
[217.048s][info][gc,task        ] GC(552) Using 33 workers of 33 for evacuation
[217.050s][info][gc,phases      ] GC(552)   Pre Evacuate Collection Set: 0.2ms
[217.051s][info][gc,phases      ] GC(552)   Merge Heap Roots: 0.2ms
[217.051s][info][gc,phases      ] GC(552)   Evacuate Collection Set: 0.4ms
[217.051s][info][gc,phases      ] GC(552)   Post Evacuate Collection Set: 2.1ms
[217.051s][info][gc,phases      ] GC(552)   Other: 0.1ms
[217.051s][info][gc,heap        ] GC(552) Eden regions: 331->0(331)
[217.051s][info][gc,heap        ] GC(552) Survivor regions: 1->1(42)
[217.051s][info][gc,heap        ] GC(552) Old regions: 26->26
[217.051s][info][gc,heap        ] GC(552) Archive regions: 0->0
[217.051s][info][gc,heap        ] GC(552) Humongous regions: 0->0
[217.051s][info][gc,metaspace   ] GC(552) Metaspace: 14303K(15168K)->14303K(15168K) NonClass: 12342K(12864K)->12342K(12864K) Class: 1961K(2304K)->1961K(2304K)
[217.051s][info][gc             ] GC(552) Pause Young (Normal) (G1 Evacuation Pause) 669M->8M(1108M) 3.218ms
[217.051s][info][gc,cpu         ] GC(552) User=0.05s Sys=0.00s Real=0.00s
[217.468s][info][gc,start       ] GC(553) Pause Young (Normal) (G1 Evacuation Pause)
[217.468s][info][gc,task        ] GC(553) Using 33 workers of 33 for evacuation
[217.471s][info][gc,phases      ] GC(553)   Pre Evacuate Collection Set: 0.2ms
[217.471s][info][gc,phases      ] GC(553)   Merge Heap Roots: 0.2ms
[217.471s][info][gc,phases      ] GC(553)   Evacuate Collection Set: 0.4ms
[217.471s][info][gc,phases      ] GC(553)   Post Evacuate Collection Set: 2.2ms
[217.471s][info][gc,phases      ] GC(553)   Other: 0.1ms
[217.471s][info][gc,heap        ] GC(553) Eden regions: 331->0(331)
[217.471s][info][gc,heap        ] GC(553) Survivor regions: 1->1(42)
[217.471s][info][gc,heap        ] GC(553) Old regions: 26->26
[217.471s][info][gc,heap        ] GC(553) Archive regions: 0->0
[217.471s][info][gc,heap        ] GC(553) Humongous regions: 0->0
[217.471s][info][gc,metaspace   ] GC(553) Metaspace: 14303K(15168K)->14303K(15168K) NonClass: 12342K(12864K)->12342K(12864K) Class: 1961K(2304K)->1961K(2304K)
[217.471s][info][gc             ] GC(553) Pause Young (Normal) (G1 Evacuation Pause) 670M->8M(1108M) 3.320ms
[217.471s][info][gc,cpu         ] GC(553) User=0.00s Sys=0.00s Real=0.00s
[217.892s][info][gc,start       ] GC(554) Pause Young (Normal) (G1 Evacuation Pause)
[217.892s][info][gc,task        ] GC(554) Using 33 workers of 33 for evacuation
[217.895s][info][gc,phases      ] GC(554)   Pre Evacuate Collection Set: 0.2ms
[217.895s][info][gc,phases      ] GC(554)   Merge Heap Roots: 0.2ms
[217.895s][info][gc,phases      ] GC(554)   Evacuate Collection Set: 0.4ms
[217.895s][info][gc,phases      ] GC(554)   Post Evacuate Collection Set: 2.2ms
[217.895s][info][gc,phases      ] GC(554)   Other: 0.1ms
[217.895s][info][gc,heap        ] GC(554) Eden regions: 331->0(331)
[217.895s][info][gc,heap        ] GC(554) Survivor regions: 1->1(42)
[217.895s][info][gc,heap        ] GC(554) Old regions: 26->26
[217.895s][info][gc,heap        ] GC(554) Archive regions: 0->0
[217.895s][info][gc,heap        ] GC(554) Humongous regions: 0->0
[217.895s][info][gc,metaspace   ] GC(554) Metaspace: 14303K(15168K)->14303K(15168K) NonClass: 12342K(12864K)->12342K(12864K) Class: 1961K(2304K)->1961K(2304K)
[217.895s][info][gc             ] GC(554) Pause Young (Normal) (G1 Evacuation Pause) 670M->8M(1108M) 3.294ms
[217.895s][info][gc,cpu         ] GC(554) User=0.00s Sys=0.00s Real=0.00s
[218.313s][info][gc,start       ] GC(555) Pause Young (Normal) (G1 Evacuation Pause)
[218.313s][info][gc,task        ] GC(555) Using 33 workers of 33 for evacuation
[218.316s][info][gc,phases      ] GC(555)   Pre Evacuate Collection Set: 0.1ms
[218.316s][info][gc,phases      ] GC(555)   Merge Heap Roots: 0.2ms
[218.316s][info][gc,phases      ] GC(555)   Evacuate Collection Set: 0.4ms
[218.316s][info][gc,phases      ] GC(555)   Post Evacuate Collection Set: 2.2ms
[218.316s][info][gc,phases      ] GC(555)   Other: 0.1ms
[218.316s][info][gc,heap        ] GC(555) Eden regions: 331->0(331)
[218.316s][info][gc,heap        ] GC(555) Survivor regions: 1->1(42)
[218.316s][info][gc,heap        ] GC(555) Old regions: 26->26
[218.316s][info][gc,heap        ] GC(555) Archive regions: 0->0
[218.316s][info][gc,heap        ] GC(555) Humongous regions: 0->0
[218.316s][info][gc,metaspace   ] GC(555) Metaspace: 14303K(15168K)->14303K(15168K) NonClass: 12342K(12864K)->12342K(12864K) Class: 1961K(2304K)->1961K(2304K)
[218.316s][info][gc             ] GC(555) Pause Young (Normal) (G1 Evacuation Pause) 670M->8M(1108M) 3.293ms
[218.316s][info][gc,cpu         ] GC(555) User=0.00s Sys=0.00s Real=0.00s
[218.736s][info][gc,start       ] GC(556) Pause Young (Normal) (G1 Evacuation Pause)
[218.737s][info][gc,task        ] GC(556) Using 33 workers of 33 for evacuation
[218.740s][info][gc,phases      ] GC(556)   Pre Evacuate Collection Set: 0.1ms
[218.740s][info][gc,phases      ] GC(556)   Merge Heap Roots: 0.2ms
[218.740s][info][gc,phases      ] GC(556)   Evacuate Collection Set: 0.4ms
[218.740s][info][gc,phases      ] GC(556)   Post Evacuate Collection Set: 2.3ms
[218.740s][info][gc,phases      ] GC(556)   Other: 0.1ms
[218.740s][info][gc,heap        ] GC(556) Eden regions: 331->0(331)
[218.740s][info][gc,heap        ] GC(556) Survivor regions: 1->1(42)
[218.740s][info][gc,heap        ] GC(556) Old regions: 26->27
[218.740s][info][gc,heap        ] GC(556) Archive regions: 0->0
[218.740s][info][gc,heap        ] GC(556) Humongous regions: 0->0
[218.740s][info][gc,metaspace   ] GC(556) Metaspace: 14303K(15168K)->14303K(15168K) NonClass: 12342K(12864K)->12342K(12864K) Class: 1961K(2304K)->1961K(2304K)
[218.740s][info][gc             ] GC(556) Pause Young (Normal) (G1 Evacuation Pause) 670M->8M(1108M) 3.403ms
[218.740s][info][gc,cpu         ] GC(556) User=0.52s Sys=0.00s Real=0.00s
[219.157s][info][gc,start       ] GC(557) Pause Young (Normal) (G1 Evacuation Pause)
[219.157s][info][gc,task        ] GC(557) Using 33 workers of 33 for evacuation
[219.160s][info][gc,phases      ] GC(557)   Pre Evacuate Collection Set: 0.2ms
[219.161s][info][gc,phases      ] GC(557)   Merge Heap Roots: 0.2ms
[219.161s][info][gc,phases      ] GC(557)   Evacuate Collection Set: 0.4ms
[219.161s][info][gc,phases      ] GC(557)   Post Evacuate Collection Set: 2.4ms
[219.161s][info][gc,phases      ] GC(557)   Other: 0.1ms
[219.161s][info][gc,heap        ] GC(557) Eden regions: 331->0(331)
[219.161s][info][gc,heap        ] GC(557) Survivor regions: 1->1(42)
[219.161s][info][gc,heap        ] GC(557) Old regions: 27->27
[219.161s][info][gc,heap        ] GC(557) Archive regions: 0->0
[219.161s][info][gc,heap        ] GC(557) Humongous regions: 0->0
[219.161s][info][gc,metaspace   ] GC(557) Metaspace: 14303K(15168K)->14303K(15168K) NonClass: 12342K(12864K)->12342K(12864K) Class: 1961K(2304K)->1961K(2304K)
[219.161s][info][gc             ] GC(557) Pause Young (Normal) (G1 Evacuation Pause) 670M->8M(1108M) 3.459ms
[219.161s][info][gc,cpu         ] GC(557) User=0.52s Sys=0.00s Real=0.00s
[219.577s][info][gc,start       ] GC(558) Pause Young (Normal) (G1 Evacuation Pause)
[219.577s][info][gc,task        ] GC(558) Using 33 workers of 33 for evacuation
[219.581s][info][gc,phases      ] GC(558)   Pre Evacuate Collection Set: 0.2ms
[219.581s][info][gc,phases      ] GC(558)   Merge Heap Roots: 0.2ms
[219.581s][info][gc,phases      ] GC(558)   Evacuate Collection Set: 0.4ms
[219.581s][info][gc,phases      ] GC(558)   Post Evacuate Collection Set: 2.4ms
[219.581s][info][gc,phases      ] GC(558)   Other: 0.1ms
[219.581s][info][gc,heap        ] GC(558) Eden regions: 331->0(331)
[219.581s][info][gc,heap        ] GC(558) Survivor regions: 1->1(42)
[219.581s][info][gc,heap        ] GC(558) Old regions: 27->27
[219.581s][info][gc,heap        ] GC(558) Archive regions: 0->0
[219.581s][info][gc,heap        ] GC(558) Humongous regions: 0->0
[219.581s][info][gc,metaspace   ] GC(558) Metaspace: 14303K(15168K)->14303K(15168K) NonClass: 12342K(12864K)->12342K(12864K) Class: 1961K(2304K)->1961K(2304K)
[219.581s][info][gc             ] GC(558) Pause Young (Normal) (G1 Evacuation Pause) 670M->8M(1108M) 3.514ms
[219.581s][info][gc,cpu         ] GC(558) User=0.00s Sys=0.00s Real=0.00s
[219.997s][info][gc,start       ] GC(559) Pause Young (Normal) (G1 Evacuation Pause)
[219.997s][info][gc,task        ] GC(559) Using 33 workers of 33 for evacuation
[220.001s][info][gc,phases      ] GC(559)   Pre Evacuate Collection Set: 0.2ms
[220.001s][info][gc,phases      ] GC(559)   Merge Heap Roots: 0.2ms
[220.001s][info][gc,phases      ] GC(559)   Evacuate Collection Set: 0.4ms
[220.001s][info][gc,phases      ] GC(559)   Post Evacuate Collection Set: 2.5ms
[220.001s][info][gc,phases      ] GC(559)   Other: 0.1ms
[220.001s][info][gc,heap        ] GC(559) Eden regions: 331->0(331)
[220.001s][info][gc,heap        ] GC(559) Survivor regions: 1->1(42)
[220.001s][info][gc,heap        ] GC(559) Old regions: 27->27
[220.001s][info][gc,heap        ] GC(559) Archive regions: 0->0
[220.001s][info][gc,heap        ] GC(559) Humongous regions: 0->0
[220.001s][info][gc,metaspace   ] GC(559) Metaspace: 14303K(15168K)->14303K(15168K) NonClass: 12342K(12864K)->12342K(12864K) Class: 1961K(2304K)->1961K(2304K)
[220.001s][info][gc             ] GC(559) Pause Young (Normal) (G1 Evacuation Pause) 670M->8M(1108M) 3.529ms
[220.001s][info][gc,cpu         ] GC(559) User=0.00s Sys=0.00s Real=0.00s
[220.418s][info][gc,start       ] GC(560) Pause Young (Normal) (G1 Evacuation Pause)
[220.418s][info][gc,task        ] GC(560) Using 33 workers of 33 for evacuation
[220.421s][info][gc,phases      ] GC(560)   Pre Evacuate Collection Set: 0.1ms
[220.421s][info][gc,phases      ] GC(560)   Merge Heap Roots: 0.2ms
[220.421s][info][gc,phases      ] GC(560)   Evacuate Collection Set: 0.4ms
[220.421s][info][gc,phases      ] GC(560)   Post Evacuate Collection Set: 2.5ms
[220.421s][info][gc,phases      ] GC(560)   Other: 0.1ms
[220.421s][info][gc,heap        ] GC(560) Eden regions: 331->0(331)
[220.421s][info][gc,heap        ] GC(560) Survivor regions: 1->1(42)
[220.421s][info][gc,heap        ] GC(560) Old regions: 27->27
[220.421s][info][gc,heap        ] GC(560) Archive regions: 0->0
[220.421s][info][gc,heap        ] GC(560) Humongous regions: 0->0
[220.421s][info][gc,metaspace   ] GC(560) Metaspace: 14303K(15168K)->14303K(15168K) NonClass: 12342K(12864K)->12342K(12864K) Class: 1961K(2304K)->1961K(2304K)
[220.421s][info][gc             ] GC(560) Pause Young (Normal) (G1 Evacuation Pause) 670M->8M(1108M) 3.573ms
[220.421s][info][gc,cpu         ] GC(560) User=0.00s Sys=0.00s Real=0.00s
[220.842s][info][gc,start       ] GC(561) Pause Young (Normal) (G1 Evacuation Pause)
[220.842s][info][gc,task        ] GC(561) Using 33 workers of 33 for evacuation
[220.846s][info][gc,phases      ] GC(561)   Pre Evacuate Collection Set: 0.2ms
[220.846s][info][gc,phases      ] GC(561)   Merge Heap Roots: 0.2ms
[220.846s][info][gc,phases      ] GC(561)   Evacuate Collection Set: 0.4ms
[220.846s][info][gc,phases      ] GC(561)   Post Evacuate Collection Set: 2.6ms
[220.846s][info][gc,phases      ] GC(561)   Other: 0.1ms
[220.846s][info][gc,heap        ] GC(561) Eden regions: 331->0(331)
[220.846s][info][gc,heap        ] GC(561) Survivor regions: 1->1(42)
[220.846s][info][gc,heap        ] GC(561) Old regions: 27->27
[220.846s][info][gc,heap        ] GC(561) Archive regions: 0->0
[220.846s][info][gc,heap        ] GC(561) Humongous regions: 0->0
[220.846s][info][gc,metaspace   ] GC(561) Metaspace: 14303K(15168K)->14303K(15168K) NonClass: 12342K(12864K)->12342K(12864K) Class: 1961K(2304K)->1961K(2304K)
[220.846s][info][gc             ] GC(561) Pause Young (Normal) (G1 Evacuation Pause) 670M->8M(1108M) 3.733ms
[220.846s][info][gc,cpu         ] GC(561) User=0.00s Sys=0.00s Real=0.00s
[221.344s][info][gc,start       ] GC(562) Pause Young (Normal) (G1 Evacuation Pause)
[221.344s][info][gc,task        ] GC(562) Using 33 workers of 33 for evacuation
[221.349s][info][gc,phases      ] GC(562)   Pre Evacuate Collection Set: 0.2ms
[221.349s][info][gc,phases      ] GC(562)   Merge Heap Roots: 0.3ms
[221.349s][info][gc,phases      ] GC(562)   Evacuate Collection Set: 0.8ms
[221.349s][info][gc,phases      ] GC(562)   Post Evacuate Collection Set: 3.4ms
[221.349s][info][gc,phases      ] GC(562)   Other: 0.2ms
[221.349s][info][gc,heap        ] GC(562) Eden regions: 331->0(331)
[221.350s][info][gc,heap        ] GC(562) Survivor regions: 1->1(42)
[221.350s][info][gc,heap        ] GC(562) Old regions: 27->27
[221.350s][info][gc,heap        ] GC(562) Archive regions: 0->0
[221.350s][info][gc,heap        ] GC(562) Humongous regions: 0->0
[221.350s][info][gc,metaspace   ] GC(562) Metaspace: 14303K(15168K)->14303K(15168K) NonClass: 12342K(12864K)->12342K(12864K) Class: 1961K(2304K)->1961K(2304K)
[221.350s][info][gc             ] GC(562) Pause Young (Normal) (G1 Evacuation Pause) 670M->8M(1108M) 5.407ms
[221.350s][info][gc,cpu         ] GC(562) User=0.00s Sys=0.00s Real=0.00s
[221.773s][info][gc,start       ] GC(563) Pause Young (Normal) (G1 Evacuation Pause)
[221.773s][info][gc,task        ] GC(563) Using 33 workers of 33 for evacuation
[221.776s][info][gc,phases      ] GC(563)   Pre Evacuate Collection Set: 0.2ms
[221.776s][info][gc,phases      ] GC(563)   Merge Heap Roots: 0.2ms
[221.776s][info][gc,phases      ] GC(563)   Evacuate Collection Set: 0.4ms
[221.777s][info][gc,phases      ] GC(563)   Post Evacuate Collection Set: 2.4ms
[221.777s][info][gc,phases      ] GC(563)   Other: 0.1ms
[221.777s][info][gc,heap        ] GC(563) Eden regions: 331->0(331)
[221.777s][info][gc,heap        ] GC(563) Survivor regions: 1->1(42)
[221.777s][info][gc,heap        ] GC(563) Old regions: 27->27
[221.777s][info][gc,heap        ] GC(563) Archive regions: 0->0
[221.777s][info][gc,heap        ] GC(563) Humongous regions: 0->0
[221.777s][info][gc,metaspace   ] GC(563) Metaspace: 14303K(15168K)->14303K(15168K) NonClass: 12342K(12864K)->12342K(12864K) Class: 1961K(2304K)->1961K(2304K)
[221.777s][info][gc             ] GC(563) Pause Young (Normal) (G1 Evacuation Pause) 670M->8M(1108M) 3.488ms
[221.777s][info][gc,cpu         ] GC(563) User=0.00s Sys=0.00s Real=0.00s
[222.196s][info][gc,start       ] GC(564) Pause Young (Normal) (G1 Evacuation Pause)
[222.196s][info][gc,task        ] GC(564) Using 33 workers of 33 for evacuation
[222.199s][info][gc,phases      ] GC(564)   Pre Evacuate Collection Set: 0.2ms
[222.199s][info][gc,phases      ] GC(564)   Merge Heap Roots: 0.2ms
[222.199s][info][gc,phases      ] GC(564)   Evacuate Collection Set: 0.4ms
[222.199s][info][gc,phases      ] GC(564)   Post Evacuate Collection Set: 2.2ms
[222.199s][info][gc,phases      ] GC(564)   Other: 0.1ms
[222.199s][info][gc,heap        ] GC(564) Eden regions: 331->0(331)
[222.199s][info][gc,heap        ] GC(564) Survivor regions: 1->1(42)
[222.199s][info][gc,heap        ] GC(564) Old regions: 27->27
[222.199s][info][gc,heap        ] GC(564) Archive regions: 0->0
[222.199s][info][gc,heap        ] GC(564) Humongous regions: 0->0
[222.199s][info][gc,metaspace   ] GC(564) Metaspace: 14303K(15168K)->14303K(15168K) NonClass: 12342K(12864K)->12342K(12864K) Class: 1961K(2304K)->1961K(2304K)
[222.199s][info][gc             ] GC(564) Pause Young (Normal) (G1 Evacuation Pause) 670M->8M(1108M) 3.269ms
[222.199s][info][gc,cpu         ] GC(564) User=0.00s Sys=0.00s Real=0.00s
[222.620s][info][gc,start       ] GC(565) Pause Young (Normal) (G1 Evacuation Pause)
[222.620s][info][gc,task        ] GC(565) Using 33 workers of 33 for evacuation
[222.623s][info][gc,phases      ] GC(565)   Pre Evacuate Collection Set: 0.1ms
[222.623s][info][gc,phases      ] GC(565)   Merge Heap Roots: 0.2ms
[222.623s][info][gc,phases      ] GC(565)   Evacuate Collection Set: 0.4ms
[222.623s][info][gc,phases      ] GC(565)   Post Evacuate Collection Set: 2.2ms
[222.623s][info][gc,phases      ] GC(565)   Other: 0.1ms
[222.623s][info][gc,heap        ] GC(565) Eden regions: 331->0(331)
[222.623s][info][gc,heap        ] GC(565) Survivor regions: 1->1(42)
[222.623s][info][gc,heap        ] GC(565) Old regions: 27->27
[222.623s][info][gc,heap        ] GC(565) Archive regions: 0->0
[222.623s][info][gc,heap        ] GC(565) Humongous regions: 0->0
[222.623s][info][gc,metaspace   ] GC(565) Metaspace: 14303K(15168K)->14303K(15168K) NonClass: 12342K(12864K)->12342K(12864K) Class: 1961K(2304K)->1961K(2304K)
[222.623s][info][gc             ] GC(565) Pause Young (Normal) (G1 Evacuation Pause) 670M->9M(1108M) 3.241ms
[222.623s][info][gc,cpu         ] GC(565) User=0.00s Sys=0.00s Real=0.00s
[223.042s][info][gc,start       ] GC(566) Pause Young (Normal) (G1 Evacuation Pause)
[223.042s][info][gc,task        ] GC(566) Using 33 workers of 33 for evacuation
[223.045s][info][gc,phases      ] GC(566)   Pre Evacuate Collection Set: 0.2ms
[223.045s][info][gc,phases      ] GC(566)   Merge Heap Roots: 0.2ms
[223.045s][info][gc,phases      ] GC(566)   Evacuate Collection Set: 0.4ms
[223.046s][info][gc,phases      ] GC(566)   Post Evacuate Collection Set: 2.3ms
[223.046s][info][gc,phases      ] GC(566)   Other: 0.1ms
[223.046s][info][gc,heap        ] GC(566) Eden regions: 331->0(331)
[223.046s][info][gc,heap        ] GC(566) Survivor regions: 1->1(42)
[223.046s][info][gc,heap        ] GC(566) Old regions: 27->27
[223.046s][info][gc,heap        ] GC(566) Archive regions: 0->0
[223.046s][info][gc,heap        ] GC(566) Humongous regions: 0->0
[223.046s][info][gc,metaspace   ] GC(566) Metaspace: 14303K(15168K)->14303K(15168K) NonClass: 12342K(12864K)->12342K(12864K) Class: 1961K(2304K)->1961K(2304K)
[223.046s][info][gc             ] GC(566) Pause Young (Normal) (G1 Evacuation Pause) 671M->9M(1108M) 3.351ms
[223.046s][info][gc,cpu         ] GC(566) User=0.00s Sys=0.00s Real=0.00s
[223.473s][info][gc,start       ] GC(567) Pause Young (Normal) (G1 Evacuation Pause)
[223.473s][info][gc,task        ] GC(567) Using 33 workers of 33 for evacuation
[223.476s][info][gc,phases      ] GC(567)   Pre Evacuate Collection Set: 0.2ms
[223.476s][info][gc,phases      ] GC(567)   Merge Heap Roots: 0.2ms
[223.476s][info][gc,phases      ] GC(567)   Evacuate Collection Set: 0.4ms
[223.476s][info][gc,phases      ] GC(567)   Post Evacuate Collection Set: 2.3ms
[223.476s][info][gc,phases      ] GC(567)   Other: 0.1ms
[223.476s][info][gc,heap        ] GC(567) Eden regions: 331->0(331)
[223.476s][info][gc,heap        ] GC(567) Survivor regions: 1->1(42)
[223.476s][info][gc,heap        ] GC(567) Old regions: 27->27
[223.476s][info][gc,heap        ] GC(567) Archive regions: 0->0
[223.476s][info][gc,heap        ] GC(567) Humongous regions: 0->0
[223.476s][info][gc,metaspace   ] GC(567) Metaspace: 14303K(15168K)->14303K(15168K) NonClass: 12342K(12864K)->12342K(12864K) Class: 1961K(2304K)->1961K(2304K)
[223.476s][info][gc             ] GC(567) Pause Young (Normal) (G1 Evacuation Pause) 671M->9M(1108M) 3.343ms
[223.476s][info][gc,cpu         ] GC(567) User=0.00s Sys=0.00s Real=0.00s
[223.951s][info][gc,start       ] GC(568) Pause Young (Normal) (G1 Evacuation Pause)
[223.951s][info][gc,task        ] GC(568) Using 33 workers of 33 for evacuation
[223.954s][info][gc,phases      ] GC(568)   Pre Evacuate Collection Set: 0.1ms
[223.954s][info][gc,phases      ] GC(568)   Merge Heap Roots: 0.2ms
[223.954s][info][gc,phases      ] GC(568)   Evacuate Collection Set: 0.5ms
[223.954s][info][gc,phases      ] GC(568)   Post Evacuate Collection Set: 2.4ms
[223.954s][info][gc,phases      ] GC(568)   Other: 0.1ms
[223.954s][info][gc,heap        ] GC(568) Eden regions: 331->0(331)
[223.954s][info][gc,heap        ] GC(568) Survivor regions: 1->1(42)
[223.954s][info][gc,heap        ] GC(568) Old regions: 27->27
[223.954s][info][gc,heap        ] GC(568) Archive regions: 0->0
[223.954s][info][gc,heap        ] GC(568) Humongous regions: 0->0
[223.954s][info][gc,metaspace   ] GC(568) Metaspace: 14303K(15168K)->14303K(15168K) NonClass: 12342K(12864K)->12342K(12864K) Class: 1961K(2304K)->1961K(2304K)
[223.954s][info][gc             ] GC(568) Pause Young (Normal) (G1 Evacuation Pause) 671M->9M(1108M) 3.561ms
[223.954s][info][gc,cpu         ] GC(568) User=0.00s Sys=0.00s Real=0.00s
[224.237s][info][gc,start       ] GC(569) Pause Full (System.gc())
[224.237s][info][gc,task        ] GC(569) Using 29 workers of 33 for full compaction
[224.238s][info][gc,phases,start] GC(569) Phase 1: Mark live objects
[224.250s][info][gc,phases      ] GC(569) Phase 1: Mark live objects 11.573ms
[224.250s][info][gc,phases,start] GC(569) Phase 2: Prepare compaction
[224.252s][info][gc,phases      ] GC(569) Phase 2: Prepare compaction 2.003ms
[224.252s][info][gc,phases,start] GC(569) Phase 3: Adjust pointers
[224.255s][info][gc,phases      ] GC(569) Phase 3: Adjust pointers 3.674ms
[224.255s][info][gc,phases,start] GC(569) Phase 4: Compact heap
[224.256s][info][gc,phases      ] GC(569) Phase 4: Compact heap 0.698ms
[224.264s][info][gc,heap        ] GC(569) Eden regions: 200->0(52)
[224.264s][info][gc,heap        ] GC(569) Survivor regions: 1->0(42)
[224.264s][info][gc,heap        ] GC(569) Old regions: 27->26
[224.264s][info][gc,heap        ] GC(569) Archive regions: 0->0
[224.264s][info][gc,heap        ] GC(569) Humongous regions: 0->0
[224.264s][info][gc,metaspace   ] GC(569) Metaspace: 14303K(15168K)->14303K(15168K) NonClass: 12342K(12864K)->12342K(12864K) Class: 1961K(2304K)->1961K(2304K)
[224.264s][info][gc             ] GC(569) Pause Full (System.gc()) 408M->5M(174M) 27.191ms
[224.264s][info][gc,cpu         ] GC(569) User=0.08s Sys=0.38s Real=0.02s
[224.338s][info][gc,start       ] GC(570) Pause Young (Normal) (G1 Evacuation Pause)
[224.338s][info][gc,task        ] GC(570) Using 33 workers of 33 for evacuation
[224.341s][info][gc,phases      ] GC(570)   Pre Evacuate Collection Set: 0.1ms
[224.341s][info][gc,phases      ] GC(570)   Merge Heap Roots: 0.1ms
[224.341s][info][gc,phases      ] GC(570)   Evacuate Collection Set: 0.4ms
[224.341s][info][gc,phases      ] GC(570)   Post Evacuate Collection Set: 1.8ms
[224.341s][info][gc,phases      ] GC(570)   Other: 0.1ms
[224.341s][info][gc,heap        ] GC(570) Eden regions: 52->0(51)
[224.341s][info][gc,heap        ] GC(570) Survivor regions: 0->1(7)
[224.341s][info][gc,heap        ] GC(570) Old regions: 26->26
[224.341s][info][gc,heap        ] GC(570) Archive regions: 0->0
[224.341s][info][gc,heap        ] GC(570) Humongous regions: 0->0
[224.341s][info][gc,metaspace   ] GC(570) Metaspace: 14303K(15168K)->14303K(15168K) NonClass: 12342K(12864K)->12342K(12864K) Class: 1961K(2304K)->1961K(2304K)
[224.341s][info][gc             ] GC(570) Pause Young (Normal) (G1 Evacuation Pause) 109M->6M(174M) 2.794ms
[224.341s][info][gc,cpu         ] GC(570) User=0.00s Sys=0.00s Real=0.00s
[224.406s][info][gc,start       ] GC(571) Pause Young (Normal) (G1 Evacuation Pause)
[224.406s][info][gc,task        ] GC(571) Using 33 workers of 33 for evacuation
[224.409s][info][gc,phases      ] GC(571)   Pre Evacuate Collection Set: 0.1ms
[224.409s][info][gc,phases      ] GC(571)   Merge Heap Roots: 0.1ms
[224.409s][info][gc,phases      ] GC(571)   Evacuate Collection Set: 0.5ms
[224.409s][info][gc,phases      ] GC(571)   Post Evacuate Collection Set: 1.9ms
[224.409s][info][gc,phases      ] GC(571)   Other: 0.1ms
[224.409s][info][gc,heap        ] GC(571) Eden regions: 51->0(51)
[224.409s][info][gc,heap        ] GC(571) Survivor regions: 1->1(7)
[224.409s][info][gc,heap        ] GC(571) Old regions: 26->26
[224.409s][info][gc,heap        ] GC(571) Archive regions: 0->0
[224.409s][info][gc,heap        ] GC(571) Humongous regions: 0->0
[224.409s][info][gc,metaspace   ] GC(571) Metaspace: 14303K(15168K)->14303K(15168K) NonClass: 12342K(12864K)->12342K(12864K) Class: 1961K(2304K)->1961K(2304K)
[224.409s][info][gc             ] GC(571) Pause Young (Normal) (G1 Evacuation Pause) 108M->6M(174M) 2.892ms
[224.409s][info][gc,cpu         ] GC(571) User=0.00s Sys=0.00s Real=0.00s
[224.488s][info][gc,start       ] GC(572) Pause Young (Normal) (G1 Evacuation Pause)
[224.489s][info][gc,task        ] GC(572) Using 33 workers of 33 for evacuation
[224.491s][info][gc,phases      ] GC(572)   Pre Evacuate Collection Set: 0.1ms
[224.491s][info][gc,phases      ] GC(572)   Merge Heap Roots: 0.1ms
[224.491s][info][gc,phases      ] GC(572)   Evacuate Collection Set: 0.5ms
[224.491s][info][gc,phases      ] GC(572)   Post Evacuate Collection Set: 2.0ms
[224.491s][info][gc,phases      ] GC(572)   Other: 0.1ms
[224.491s][info][gc,heap        ] GC(572) Eden regions: 51->0(51)
[224.491s][info][gc,heap        ] GC(572) Survivor regions: 1->1(7)
[224.491s][info][gc,heap        ] GC(572) Old regions: 26->26
[224.491s][info][gc,heap        ] GC(572) Archive regions: 0->0
[224.491s][info][gc,heap        ] GC(572) Humongous regions: 0->0
[224.491s][info][gc,metaspace   ] GC(572) Metaspace: 14303K(15168K)->14303K(15168K) NonClass: 12342K(12864K)->12342K(12864K) Class: 1961K(2304K)->1961K(2304K)
[224.492s][info][gc             ] GC(572) Pause Young (Normal) (G1 Evacuation Pause) 108M->6M(174M) 3.055ms
[224.492s][info][gc,cpu         ] GC(572) User=0.00s Sys=0.00s Real=0.00s
[224.570s][info][gc,start       ] GC(573) Pause Young (Normal) (G1 Evacuation Pause)
[224.570s][info][gc,task        ] GC(573) Using 33 workers of 33 for evacuation
[224.577s][info][gc,phases      ] GC(573)   Pre Evacuate Collection Set: 0.1ms
[224.577s][info][gc,phases      ] GC(573)   Merge Heap Roots: 0.1ms
[224.577s][info][gc,phases      ] GC(573)   Evacuate Collection Set: 0.5ms
[224.577s][info][gc,phases      ] GC(573)   Post Evacuate Collection Set: 5.9ms
[224.577s][info][gc,phases      ] GC(573)   Other: 0.1ms
[224.577s][info][gc,heap        ] GC(573) Eden regions: 51->0(332)
[224.577s][info][gc,heap        ] GC(573) Survivor regions: 1->1(7)
[224.577s][info][gc,heap        ] GC(573) Old regions: 26->26
[224.577s][info][gc,heap        ] GC(573) Archive regions: 0->0
[224.577s][info][gc,heap        ] GC(573) Humongous regions: 0->0
[224.577s][info][gc,metaspace   ] GC(573) Metaspace: 14303K(15168K)->14303K(15168K) NonClass: 12342K(12864K)->12342K(12864K) Class: 1961K(2304K)->1961K(2304K)
[224.577s][info][gc             ] GC(573) Pause Young (Normal) (G1 Evacuation Pause) 108M->6M(1112M) 7.082ms
[224.577s][info][gc,cpu         ] GC(573) User=0.00s Sys=0.00s Real=0.00s
[225.028s][info][gc,start       ] GC(574) Pause Young (Normal) (G1 Evacuation Pause)
[225.028s][info][gc,task        ] GC(574) Using 33 workers of 33 for evacuation
[225.032s][info][gc,phases      ] GC(574)   Pre Evacuate Collection Set: 0.2ms
[225.032s][info][gc,phases      ] GC(574)   Merge Heap Roots: 0.1ms
[225.032s][info][gc,phases      ] GC(574)   Evacuate Collection Set: 1.7ms
[225.032s][info][gc,phases      ] GC(574)   Post Evacuate Collection Set: 2.4ms
[225.032s][info][gc,phases      ] GC(574)   Other: 0.1ms
[225.032s][info][gc,heap        ] GC(574) Eden regions: 332->0(332)
[225.032s][info][gc,heap        ] GC(574) Survivor regions: 1->1(42)
[225.032s][info][gc,heap        ] GC(574) Old regions: 26->26
[225.032s][info][gc,heap        ] GC(574) Archive regions: 0->0
[225.032s][info][gc,heap        ] GC(574) Humongous regions: 0->0
[225.032s][info][gc,metaspace   ] GC(574) Metaspace: 14303K(15168K)->14303K(15168K) NonClass: 12342K(12864K)->12342K(12864K) Class: 1961K(2304K)->1961K(2304K)
[225.032s][info][gc             ] GC(574) Pause Young (Normal) (G1 Evacuation Pause) 670M->6M(1112M) 4.825ms
[225.033s][info][gc,cpu         ] GC(574) User=0.00s Sys=0.00s Real=0.00s
[225.447s][info][gc,start       ] GC(575) Pause Young (Normal) (G1 Evacuation Pause)
[225.447s][info][gc,task        ] GC(575) Using 33 workers of 33 for evacuation
[225.451s][info][gc,phases      ] GC(575)   Pre Evacuate Collection Set: 0.2ms
[225.452s][info][gc,phases      ] GC(575)   Merge Heap Roots: 0.1ms
[225.452s][info][gc,phases      ] GC(575)   Evacuate Collection Set: 1.9ms
[225.452s][info][gc,phases      ] GC(575)   Post Evacuate Collection Set: 2.5ms
[225.452s][info][gc,phases      ] GC(575)   Other: 0.1ms
[225.452s][info][gc,heap        ] GC(575) Eden regions: 332->0(332)
[225.452s][info][gc,heap        ] GC(575) Survivor regions: 1->1(42)
[225.452s][info][gc,heap        ] GC(575) Old regions: 26->26
[225.452s][info][gc,heap        ] GC(575) Archive regions: 0->0
[225.452s][info][gc,heap        ] GC(575) Humongous regions: 0->0
[225.452s][info][gc,metaspace   ] GC(575) Metaspace: 14303K(15168K)->14303K(15168K) NonClass: 12342K(12864K)->12342K(12864K) Class: 1961K(2304K)->1961K(2304K)
[225.452s][info][gc             ] GC(575) Pause Young (Normal) (G1 Evacuation Pause) 670M->6M(1112M) 5.079ms
[225.452s][info][gc,cpu         ] GC(575) User=0.00s Sys=0.00s Real=0.00s
[225.873s][info][gc,start       ] GC(576) Pause Young (Normal) (G1 Evacuation Pause)
[225.873s][info][gc,task        ] GC(576) Using 33 workers of 33 for evacuation
[225.877s][info][gc,phases      ] GC(576)   Pre Evacuate Collection Set: 0.1ms
[225.877s][info][gc,phases      ] GC(576)   Merge Heap Roots: 0.2ms
[225.877s][info][gc,phases      ] GC(576)   Evacuate Collection Set: 0.6ms
[225.877s][info][gc,phases      ] GC(576)   Post Evacuate Collection Set: 2.6ms
[225.877s][info][gc,phases      ] GC(576)   Other: 0.1ms
[225.877s][info][gc,heap        ] GC(576) Eden regions: 332->0(332)
[225.877s][info][gc,heap        ] GC(576) Survivor regions: 1->1(42)
[225.877s][info][gc,heap        ] GC(576) Old regions: 26->26
[225.877s][info][gc,heap        ] GC(576) Archive regions: 0->0
[225.877s][info][gc,heap        ] GC(576) Humongous regions: 0->0
[225.877s][info][gc,metaspace   ] GC(576) Metaspace: 14303K(15168K)->14303K(15168K) NonClass: 12342K(12864K)->12342K(12864K) Class: 1961K(2304K)->1961K(2304K)
[225.877s][info][gc             ] GC(576) Pause Young (Normal) (G1 Evacuation Pause) 670M->6M(1112M) 3.756ms
[225.877s][info][gc,cpu         ] GC(576) User=0.00s Sys=0.00s Real=0.00s
[226.292s][info][gc,start       ] GC(577) Pause Young (Normal) (G1 Evacuation Pause)
[226.292s][info][gc,task        ] GC(577) Using 33 workers of 33 for evacuation
[226.295s][info][gc,phases      ] GC(577)   Pre Evacuate Collection Set: 0.1ms
[226.295s][info][gc,phases      ] GC(577)   Merge Heap Roots: 0.2ms
[226.295s][info][gc,phases      ] GC(577)   Evacuate Collection Set: 0.5ms
[226.295s][info][gc,phases      ] GC(577)   Post Evacuate Collection Set: 2.6ms
[226.295s][info][gc,phases      ] GC(577)   Other: 0.1ms
[226.295s][info][gc,heap        ] GC(577) Eden regions: 332->0(332)
[226.295s][info][gc,heap        ] GC(577) Survivor regions: 1->1(42)
[226.295s][info][gc,heap        ] GC(577) Old regions: 26->26
[226.295s][info][gc,heap        ] GC(577) Archive regions: 0->0
[226.295s][info][gc,heap        ] GC(577) Humongous regions: 0->0
[226.295s][info][gc,metaspace   ] GC(577) Metaspace: 14303K(15168K)->14303K(15168K) NonClass: 12342K(12864K)->12342K(12864K) Class: 1961K(2304K)->1961K(2304K)
[226.295s][info][gc             ] GC(577) Pause Young (Normal) (G1 Evacuation Pause) 670M->7M(1112M) 3.781ms
[226.295s][info][gc,cpu         ] GC(577) User=0.00s Sys=0.00s Real=0.00s
[226.712s][info][gc,start       ] GC(578) Pause Young (Normal) (G1 Evacuation Pause)
[226.712s][info][gc,task        ] GC(578) Using 33 workers of 33 for evacuation
[226.715s][info][gc,phases      ] GC(578)   Pre Evacuate Collection Set: 0.1ms
[226.715s][info][gc,phases      ] GC(578)   Merge Heap Roots: 0.2ms
[226.715s][info][gc,phases      ] GC(578)   Evacuate Collection Set: 0.6ms
[226.715s][info][gc,phases      ] GC(578)   Post Evacuate Collection Set: 2.2ms
[226.715s][info][gc,phases      ] GC(578)   Other: 0.1ms
[226.715s][info][gc,heap        ] GC(578) Eden regions: 332->0(332)
[226.715s][info][gc,heap        ] GC(578) Survivor regions: 1->1(42)
[226.715s][info][gc,heap        ] GC(578) Old regions: 26->26
[226.715s][info][gc,heap        ] GC(578) Archive regions: 0->0
[226.715s][info][gc,heap        ] GC(578) Humongous regions: 0->0
[226.715s][info][gc,metaspace   ] GC(578) Metaspace: 14303K(15168K)->14303K(15168K) NonClass: 12342K(12864K)->12342K(12864K) Class: 1961K(2304K)->1961K(2304K)
[226.715s][info][gc             ] GC(578) Pause Young (Normal) (G1 Evacuation Pause) 671M->7M(1112M) 3.448ms
[226.715s][info][gc,cpu         ] GC(578) User=0.00s Sys=0.00s Real=0.00s
[227.135s][info][gc,start       ] GC(579) Pause Young (Normal) (G1 Evacuation Pause)
[227.135s][info][gc,task        ] GC(579) Using 33 workers of 33 for evacuation
[227.138s][info][gc,phases      ] GC(579)   Pre Evacuate Collection Set: 0.2ms
[227.138s][info][gc,phases      ] GC(579)   Merge Heap Roots: 0.1ms
[227.138s][info][gc,phases      ] GC(579)   Evacuate Collection Set: 0.6ms
[227.138s][info][gc,phases      ] GC(579)   Post Evacuate Collection Set: 2.1ms
[227.138s][info][gc,phases      ] GC(579)   Other: 0.1ms
[227.138s][info][gc,heap        ] GC(579) Eden regions: 332->0(332)
[227.138s][info][gc,heap        ] GC(579) Survivor regions: 1->1(42)
[227.138s][info][gc,heap        ] GC(579) Old regions: 26->26
[227.138s][info][gc,heap        ] GC(579) Archive regions: 0->0
[227.138s][info][gc,heap        ] GC(579) Humongous regions: 0->0
[227.138s][info][gc,metaspace   ] GC(579) Metaspace: 14303K(15168K)->14303K(15168K) NonClass: 12342K(12864K)->12342K(12864K) Class: 1961K(2304K)->1961K(2304K)
[227.138s][info][gc             ] GC(579) Pause Young (Normal) (G1 Evacuation Pause) 671M->7M(1112M) 3.332ms
[227.138s][info][gc,cpu         ] GC(579) User=0.00s Sys=0.00s Real=0.00s
[227.558s][info][gc,start       ] GC(580) Pause Young (Normal) (G1 Evacuation Pause)
[227.558s][info][gc,task        ] GC(580) Using 33 workers of 33 for evacuation
[227.562s][info][gc,phases      ] GC(580)   Pre Evacuate Collection Set: 0.1ms
[227.562s][info][gc,phases      ] GC(580)   Merge Heap Roots: 0.1ms
[227.562s][info][gc,phases      ] GC(580)   Evacuate Collection Set: 0.6ms
[227.562s][info][gc,phases      ] GC(580)   Post Evacuate Collection Set: 2.2ms
[227.562s][info][gc,phases      ] GC(580)   Other: 0.1ms
[227.562s][info][gc,heap        ] GC(580) Eden regions: 332->0(332)
[227.562s][info][gc,heap        ] GC(580) Survivor regions: 1->1(42)
[227.562s][info][gc,heap        ] GC(580) Old regions: 26->26
[227.562s][info][gc,heap        ] GC(580) Archive regions: 0->0
[227.562s][info][gc,heap        ] GC(580) Humongous regions: 0->0
[227.562s][info][gc,metaspace   ] GC(580) Metaspace: 14303K(15168K)->14303K(15168K) NonClass: 12342K(12864K)->12342K(12864K) Class: 1961K(2304K)->1961K(2304K)
[227.562s][info][gc             ] GC(580) Pause Young (Normal) (G1 Evacuation Pause) 671M->7M(1112M) 3.463ms
[227.562s][info][gc,cpu         ] GC(580) User=0.00s Sys=0.00s Real=0.00s
[227.977s][info][gc,start       ] GC(581) Pause Young (Normal) (G1 Evacuation Pause)
[227.977s][info][gc,task        ] GC(581) Using 33 workers of 33 for evacuation
[227.981s][info][gc,phases      ] GC(581)   Pre Evacuate Collection Set: 0.1ms
[227.981s][info][gc,phases      ] GC(581)   Merge Heap Roots: 0.1ms
[227.981s][info][gc,phases      ] GC(581)   Evacuate Collection Set: 0.6ms
[227.981s][info][gc,phases      ] GC(581)   Post Evacuate Collection Set: 2.3ms
[227.981s][info][gc,phases      ] GC(581)   Other: 0.1ms
[227.981s][info][gc,heap        ] GC(581) Eden regions: 332->0(331)
[227.981s][info][gc,heap        ] GC(581) Survivor regions: 1->2(42)
[227.981s][info][gc,heap        ] GC(581) Old regions: 26->26
[227.981s][info][gc,heap        ] GC(581) Archive regions: 0->0
[227.981s][info][gc,heap        ] GC(581) Humongous regions: 0->0
[227.981s][info][gc,metaspace   ] GC(581) Metaspace: 14303K(15168K)->14303K(15168K) NonClass: 12342K(12864K)->12342K(12864K) Class: 1961K(2304K)->1961K(2304K)
[227.981s][info][gc             ] GC(581) Pause Young (Normal) (G1 Evacuation Pause) 671M->7M(1112M) 3.448ms
[227.981s][info][gc,cpu         ] GC(581) User=0.00s Sys=0.00s Real=0.00s
[228.391s][info][gc,start       ] GC(582) Pause Young (Normal) (G1 Evacuation Pause)
[228.391s][info][gc,task        ] GC(582) Using 33 workers of 33 for evacuation
[228.395s][info][gc,phases      ] GC(582)   Pre Evacuate Collection Set: 0.1ms
[228.395s][info][gc,phases      ] GC(582)   Merge Heap Roots: 0.1ms
[228.395s][info][gc,phases      ] GC(582)   Evacuate Collection Set: 1.0ms
[228.395s][info][gc,phases      ] GC(582)   Post Evacuate Collection Set: 2.3ms
[228.395s][info][gc,phases      ] GC(582)   Other: 0.1ms
[228.395s][info][gc,heap        ] GC(582) Eden regions: 331->0(331)
[228.395s][info][gc,heap        ] GC(582) Survivor regions: 2->2(42)
[228.395s][info][gc,heap        ] GC(582) Old regions: 26->26
[228.395s][info][gc,heap        ] GC(582) Archive regions: 0->0
[228.395s][info][gc,heap        ] GC(582) Humongous regions: 0->0
[228.395s][info][gc,metaspace   ] GC(582) Metaspace: 14303K(15168K)->14303K(15168K) NonClass: 12342K(12864K)->12342K(12864K) Class: 1961K(2304K)->1961K(2304K)
[228.395s][info][gc             ] GC(582) Pause Young (Normal) (G1 Evacuation Pause) 669M->7M(1112M) 3.972ms
[228.395s][info][gc,cpu         ] GC(582) User=0.52s Sys=0.00s Real=0.00s
[228.811s][info][gc,start       ] GC(583) Pause Young (Normal) (G1 Evacuation Pause)
[228.811s][info][gc,task        ] GC(583) Using 33 workers of 33 for evacuation
[228.814s][info][gc,phases      ] GC(583)   Pre Evacuate Collection Set: 0.2ms
[228.814s][info][gc,phases      ] GC(583)   Merge Heap Roots: 0.1ms
[228.814s][info][gc,phases      ] GC(583)   Evacuate Collection Set: 0.6ms
[228.814s][info][gc,phases      ] GC(583)   Post Evacuate Collection Set: 2.4ms
[228.814s][info][gc,phases      ] GC(583)   Other: 0.1ms
[228.814s][info][gc,heap        ] GC(583) Eden regions: 331->0(331)
[228.814s][info][gc,heap        ] GC(583) Survivor regions: 2->2(42)
[228.814s][info][gc,heap        ] GC(583) Old regions: 26->26
[228.814s][info][gc,heap        ] GC(583) Archive regions: 0->0
[228.814s][info][gc,heap        ] GC(583) Humongous regions: 0->0
[228.814s][info][gc,metaspace   ] GC(583) Metaspace: 14303K(15168K)->14303K(15168K) NonClass: 12342K(12864K)->12342K(12864K) Class: 1961K(2304K)->1961K(2304K)
[228.814s][info][gc             ] GC(583) Pause Young (Normal) (G1 Evacuation Pause) 669M->7M(1112M) 3.620ms
[228.814s][info][gc,cpu         ] GC(583) User=0.00s Sys=0.00s Real=0.00s
[229.231s][info][gc,start       ] GC(584) Pause Young (Normal) (G1 Evacuation Pause)
[229.246s][info][gc,task        ] GC(584) Using 33 workers of 33 for evacuation
[229.250s][info][gc,phases      ] GC(584)   Pre Evacuate Collection Set: 0.1ms
[229.250s][info][gc,phases      ] GC(584)   Merge Heap Roots: 0.1ms
[229.250s][info][gc,phases      ] GC(584)   Evacuate Collection Set: 0.6ms
[229.250s][info][gc,phases      ] GC(584)   Post Evacuate Collection Set: 2.5ms
[229.250s][info][gc,phases      ] GC(584)   Other: 0.1ms
[229.250s][info][gc,heap        ] GC(584) Eden regions: 331->0(331)
[229.250s][info][gc,heap        ] GC(584) Survivor regions: 2->2(42)
[229.250s][info][gc,heap        ] GC(584) Old regions: 26->26
[229.250s][info][gc,heap        ] GC(584) Archive regions: 0->0
[229.250s][info][gc,heap        ] GC(584) Humongous regions: 0->0
[229.250s][info][gc,metaspace   ] GC(584) Metaspace: 14303K(15168K)->14303K(15168K) NonClass: 12342K(12864K)->12342K(12864K) Class: 1961K(2304K)->1961K(2304K)
[229.250s][info][gc             ] GC(584) Pause Young (Normal) (G1 Evacuation Pause) 669M->7M(1112M) 18.775ms
[229.250s][info][gc,cpu         ] GC(584) User=0.52s Sys=0.00s Real=0.02s
[229.669s][info][gc,start       ] GC(585) Pause Young (Normal) (G1 Evacuation Pause)
[229.669s][info][gc,task        ] GC(585) Using 33 workers of 33 for evacuation
[229.672s][info][gc,phases      ] GC(585)   Pre Evacuate Collection Set: 0.2ms
[229.672s][info][gc,phases      ] GC(585)   Merge Heap Roots: 0.1ms
[229.672s][info][gc,phases      ] GC(585)   Evacuate Collection Set: 0.6ms
[229.673s][info][gc,phases      ] GC(585)   Post Evacuate Collection Set: 2.5ms
[229.673s][info][gc,phases      ] GC(585)   Other: 0.1ms
[229.673s][info][gc,heap        ] GC(585) Eden regions: 331->0(332)
[229.673s][info][gc,heap        ] GC(585) Survivor regions: 2->1(42)
[229.673s][info][gc,heap        ] GC(585) Old regions: 26->27
[229.673s][info][gc,heap        ] GC(585) Archive regions: 0->0
[229.673s][info][gc,heap        ] GC(585) Humongous regions: 0->0
[229.673s][info][gc,metaspace   ] GC(585) Metaspace: 14303K(15168K)->14303K(15168K) NonClass: 12342K(12864K)->12342K(12864K) Class: 1961K(2304K)->1961K(2304K)
[229.673s][info][gc             ] GC(585) Pause Young (Normal) (G1 Evacuation Pause) 669M->7M(1112M) 3.642ms
[229.673s][info][gc,cpu         ] GC(585) User=0.00s Sys=0.00s Real=0.00s
[230.091s][info][gc,start       ] GC(586) Pause Young (Normal) (G1 Evacuation Pause)
[230.091s][info][gc,task        ] GC(586) Using 33 workers of 33 for evacuation
[230.095s][info][gc,phases      ] GC(586)   Pre Evacuate Collection Set: 0.2ms
[230.095s][info][gc,phases      ] GC(586)   Merge Heap Roots: 0.2ms
[230.095s][info][gc,phases      ] GC(586)   Evacuate Collection Set: 0.4ms
[230.095s][info][gc,phases      ] GC(586)   Post Evacuate Collection Set: 2.5ms
[230.095s][info][gc,phases      ] GC(586)   Other: 0.1ms
[230.095s][info][gc,heap        ] GC(586) Eden regions: 332->0(332)
[230.095s][info][gc,heap        ] GC(586) Survivor regions: 1->1(42)
[230.095s][info][gc,heap        ] GC(586) Old regions: 27->27
[230.095s][info][gc,heap        ] GC(586) Archive regions: 0->0
[230.095s][info][gc,heap        ] GC(586) Humongous regions: 0->0
[230.095s][info][gc,metaspace   ] GC(586) Metaspace: 14303K(15168K)->14303K(15168K) NonClass: 12342K(12864K)->12342K(12864K) Class: 1961K(2304K)->1961K(2304K)
[230.095s][info][gc             ] GC(586) Pause Young (Normal) (G1 Evacuation Pause) 671M->7M(1112M) 3.590ms
[230.095s][info][gc,cpu         ] GC(586) User=0.00s Sys=0.00s Real=0.00s
[230.514s][info][gc,start       ] GC(587) Pause Young (Normal) (G1 Evacuation Pause)
[230.514s][info][gc,task        ] GC(587) Using 33 workers of 33 for evacuation
[230.517s][info][gc,phases      ] GC(587)   Pre Evacuate Collection Set: 0.2ms
[230.517s][info][gc,phases      ] GC(587)   Merge Heap Roots: 0.2ms
[230.517s][info][gc,phases      ] GC(587)   Evacuate Collection Set: 0.4ms
[230.517s][info][gc,phases      ] GC(587)   Post Evacuate Collection Set: 2.6ms
[230.517s][info][gc,phases      ] GC(587)   Other: 0.1ms
[230.518s][info][gc,heap        ] GC(587) Eden regions: 332->0(332)
[230.518s][info][gc,heap        ] GC(587) Survivor regions: 1->1(42)
[230.518s][info][gc,heap        ] GC(587) Old regions: 27->27
[230.518s][info][gc,heap        ] GC(587) Archive regions: 0->0
[230.518s][info][gc,heap        ] GC(587) Humongous regions: 0->0
[230.518s][info][gc,metaspace   ] GC(587) Metaspace: 14303K(15168K)->14303K(15168K) NonClass: 12342K(12864K)->12342K(12864K) Class: 1961K(2304K)->1961K(2304K)
[230.518s][info][gc             ] GC(587) Pause Young (Normal) (G1 Evacuation Pause) 671M->7M(1112M) 3.658ms
[230.518s][info][gc,cpu         ] GC(587) User=0.00s Sys=0.00s Real=0.00s
[230.939s][info][gc,start       ] GC(588) Pause Young (Normal) (G1 Evacuation Pause)
[230.939s][info][gc,task        ] GC(588) Using 33 workers of 33 for evacuation
[230.942s][info][gc,phases      ] GC(588)   Pre Evacuate Collection Set: 0.1ms
[230.942s][info][gc,phases      ] GC(588)   Merge Heap Roots: 0.2ms
[230.942s][info][gc,phases      ] GC(588)   Evacuate Collection Set: 0.4ms
[230.942s][info][gc,phases      ] GC(588)   Post Evacuate Collection Set: 2.6ms
[230.942s][info][gc,phases      ] GC(588)   Other: 0.1ms
[230.942s][info][gc,heap        ] GC(588) Eden regions: 332->0(332)
[230.942s][info][gc,heap        ] GC(588) Survivor regions: 1->1(42)
[230.942s][info][gc,heap        ] GC(588) Old regions: 27->27
[230.942s][info][gc,heap        ] GC(588) Archive regions: 0->0
[230.942s][info][gc,heap        ] GC(588) Humongous regions: 0->0
[230.942s][info][gc,metaspace   ] GC(588) Metaspace: 14303K(15168K)->14303K(15168K) NonClass: 12342K(12864K)->12342K(12864K) Class: 1961K(2304K)->1961K(2304K)
[230.942s][info][gc             ] GC(588) Pause Young (Normal) (G1 Evacuation Pause) 671M->7M(1112M) 3.715ms
[230.942s][info][gc,cpu         ] GC(588) User=0.52s Sys=0.00s Real=0.00s
[231.364s][info][gc,start       ] GC(589) Pause Young (Normal) (G1 Evacuation Pause)
[231.364s][info][gc,task        ] GC(589) Using 33 workers of 33 for evacuation
[231.368s][info][gc,phases      ] GC(589)   Pre Evacuate Collection Set: 0.1ms
[231.368s][info][gc,phases      ] GC(589)   Merge Heap Roots: 0.2ms
[231.368s][info][gc,phases      ] GC(589)   Evacuate Collection Set: 0.4ms
[231.368s][info][gc,phases      ] GC(589)   Post Evacuate Collection Set: 2.5ms
[231.368s][info][gc,phases      ] GC(589)   Other: 0.1ms
[231.368s][info][gc,heap        ] GC(589) Eden regions: 332->0(332)
[231.368s][info][gc,heap        ] GC(589) Survivor regions: 1->1(42)
[231.368s][info][gc,heap        ] GC(589) Old regions: 27->27
[231.368s][info][gc,heap        ] GC(589) Archive regions: 0->0
[231.368s][info][gc,heap        ] GC(589) Humongous regions: 0->0
[231.368s][info][gc,metaspace   ] GC(589) Metaspace: 14303K(15168K)->14303K(15168K) NonClass: 12342K(12864K)->12342K(12864K) Class: 1961K(2304K)->1961K(2304K)
[231.368s][info][gc             ] GC(589) Pause Young (Normal) (G1 Evacuation Pause) 671M->7M(1112M) 3.573ms
[231.368s][info][gc,cpu         ] GC(589) User=0.00s Sys=0.00s Real=0.00s
[231.789s][info][gc,start       ] GC(590) Pause Young (Normal) (G1 Evacuation Pause)
[231.789s][info][gc,task        ] GC(590) Using 33 workers of 33 for evacuation
[231.793s][info][gc,phases      ] GC(590)   Pre Evacuate Collection Set: 0.1ms
[231.793s][info][gc,phases      ] GC(590)   Merge Heap Roots: 0.2ms
[231.793s][info][gc,phases      ] GC(590)   Evacuate Collection Set: 0.4ms
[231.793s][info][gc,phases      ] GC(590)   Post Evacuate Collection Set: 2.3ms
[231.793s][info][gc,phases      ] GC(590)   Other: 0.1ms
[231.793s][info][gc,heap        ] GC(590) Eden regions: 332->0(332)
[231.793s][info][gc,heap        ] GC(590) Survivor regions: 1->1(42)
[231.793s][info][gc,heap        ] GC(590) Old regions: 27->27
[231.793s][info][gc,heap        ] GC(590) Archive regions: 0->0
[231.793s][info][gc,heap        ] GC(590) Humongous regions: 0->0
[231.793s][info][gc,metaspace   ] GC(590) Metaspace: 14303K(15168K)->14303K(15168K) NonClass: 12342K(12864K)->12342K(12864K) Class: 1961K(2304K)->1961K(2304K)
[231.793s][info][gc             ] GC(590) Pause Young (Normal) (G1 Evacuation Pause) 671M->7M(1112M) 3.362ms
[231.793s][info][gc,cpu         ] GC(590) User=0.00s Sys=0.00s Real=0.00s
[232.214s][info][gc,start       ] GC(591) Pause Young (Normal) (G1 Evacuation Pause)
[232.214s][info][gc,task        ] GC(591) Using 33 workers of 33 for evacuation
[232.217s][info][gc,phases      ] GC(591)   Pre Evacuate Collection Set: 0.1ms
[232.217s][info][gc,phases      ] GC(591)   Merge Heap Roots: 0.2ms
[232.217s][info][gc,phases      ] GC(591)   Evacuate Collection Set: 0.4ms
[232.217s][info][gc,phases      ] GC(591)   Post Evacuate Collection Set: 2.2ms
[232.217s][info][gc,phases      ] GC(591)   Other: 0.1ms
[232.217s][info][gc,heap        ] GC(591) Eden regions: 332->0(332)
[232.217s][info][gc,heap        ] GC(591) Survivor regions: 1->1(42)
[232.217s][info][gc,heap        ] GC(591) Old regions: 27->27
[232.217s][info][gc,heap        ] GC(591) Archive regions: 0->0
[232.217s][info][gc,heap        ] GC(591) Humongous regions: 0->0
[232.217s][info][gc,metaspace   ] GC(591) Metaspace: 14303K(15168K)->14303K(15168K) NonClass: 12342K(12864K)->12342K(12864K) Class: 1961K(2304K)->1961K(2304K)
[232.217s][info][gc             ] GC(591) Pause Young (Normal) (G1 Evacuation Pause) 671M->8M(1112M) 3.275ms
[232.217s][info][gc,cpu         ] GC(591) User=0.00s Sys=0.00s Real=0.00s
[232.638s][info][gc,start       ] GC(592) Pause Young (Normal) (G1 Evacuation Pause)
[232.638s][info][gc,task        ] GC(592) Using 33 workers of 33 for evacuation
[232.641s][info][gc,phases      ] GC(592)   Pre Evacuate Collection Set: 0.2ms
[232.641s][info][gc,phases      ] GC(592)   Merge Heap Roots: 0.2ms
[232.641s][info][gc,phases      ] GC(592)   Evacuate Collection Set: 0.4ms
[232.641s][info][gc,phases      ] GC(592)   Post Evacuate Collection Set: 2.3ms
[232.641s][info][gc,phases      ] GC(592)   Other: 0.1ms
[232.641s][info][gc,heap        ] GC(592) Eden regions: 332->0(332)
[232.641s][info][gc,heap        ] GC(592) Survivor regions: 1->1(42)
[232.641s][info][gc,heap        ] GC(592) Old regions: 27->27
[232.641s][info][gc,heap        ] GC(592) Archive regions: 0->0
[232.641s][info][gc,heap        ] GC(592) Humongous regions: 0->0
[232.641s][info][gc,metaspace   ] GC(592) Metaspace: 14303K(15168K)->14303K(15168K) NonClass: 12342K(12864K)->12342K(12864K) Class: 1961K(2304K)->1961K(2304K)
[232.641s][info][gc             ] GC(592) Pause Young (Normal) (G1 Evacuation Pause) 672M->8M(1112M) 3.324ms
[232.641s][info][gc,cpu         ] GC(592) User=0.00s Sys=0.00s Real=0.00s
[233.062s][info][gc,start       ] GC(593) Pause Young (Normal) (G1 Evacuation Pause)
[233.062s][info][gc,task        ] GC(593) Using 33 workers of 33 for evacuation
[233.065s][info][gc,phases      ] GC(593)   Pre Evacuate Collection Set: 0.2ms
[233.065s][info][gc,phases      ] GC(593)   Merge Heap Roots: 0.2ms
[233.065s][info][gc,phases      ] GC(593)   Evacuate Collection Set: 0.4ms
[233.065s][info][gc,phases      ] GC(593)   Post Evacuate Collection Set: 2.3ms
[233.065s][info][gc,phases      ] GC(593)   Other: 0.1ms
[233.065s][info][gc,heap        ] GC(593) Eden regions: 332->0(332)
[233.065s][info][gc,heap        ] GC(593) Survivor regions: 1->1(42)
[233.065s][info][gc,heap        ] GC(593) Old regions: 27->27
[233.065s][info][gc,heap        ] GC(593) Archive regions: 0->0
[233.065s][info][gc,heap        ] GC(593) Humongous regions: 0->0
[233.065s][info][gc,metaspace   ] GC(593) Metaspace: 14303K(15168K)->14303K(15168K) NonClass: 12342K(12864K)->12342K(12864K) Class: 1961K(2304K)->1961K(2304K)
[233.065s][info][gc             ] GC(593) Pause Young (Normal) (G1 Evacuation Pause) 672M->8M(1112M) 3.380ms
[233.065s][info][gc,cpu         ] GC(593) User=0.00s Sys=0.00s Real=0.00s
[233.485s][info][gc,start       ] GC(594) Pause Young (Normal) (G1 Evacuation Pause)
[233.485s][info][gc,task        ] GC(594) Using 33 workers of 33 for evacuation
[233.489s][info][gc,phases      ] GC(594)   Pre Evacuate Collection Set: 0.1ms
[233.489s][info][gc,phases      ] GC(594)   Merge Heap Roots: 0.2ms
[233.489s][info][gc,phases      ] GC(594)   Evacuate Collection Set: 0.4ms
[233.489s][info][gc,phases      ] GC(594)   Post Evacuate Collection Set: 2.4ms
[233.489s][info][gc,phases      ] GC(594)   Other: 0.1ms
[233.489s][info][gc,heap        ] GC(594) Eden regions: 332->0(332)
[233.489s][info][gc,heap        ] GC(594) Survivor regions: 1->1(42)
[233.489s][info][gc,heap        ] GC(594) Old regions: 27->27
[233.489s][info][gc,heap        ] GC(594) Archive regions: 0->0
[233.489s][info][gc,heap        ] GC(594) Humongous regions: 0->0
[233.489s][info][gc,metaspace   ] GC(594) Metaspace: 14303K(15168K)->14303K(15168K) NonClass: 12342K(12864K)->12342K(12864K) Class: 1961K(2304K)->1961K(2304K)
[233.489s][info][gc             ] GC(594) Pause Young (Normal) (G1 Evacuation Pause) 672M->8M(1112M) 3.426ms
[233.489s][info][gc,cpu         ] GC(594) User=0.52s Sys=0.00s Real=0.00s
[233.907s][info][gc,start       ] GC(595) Pause Young (Normal) (G1 Evacuation Pause)
[233.907s][info][gc,task        ] GC(595) Using 33 workers of 33 for evacuation
[233.911s][info][gc,phases      ] GC(595)   Pre Evacuate Collection Set: 0.2ms
[233.911s][info][gc,phases      ] GC(595)   Merge Heap Roots: 0.2ms
[233.911s][info][gc,phases      ] GC(595)   Evacuate Collection Set: 0.4ms
[233.911s][info][gc,phases      ] GC(595)   Post Evacuate Collection Set: 2.4ms
[233.911s][info][gc,phases      ] GC(595)   Other: 0.1ms
[233.911s][info][gc,heap        ] GC(595) Eden regions: 332->0(332)
[233.911s][info][gc,heap        ] GC(595) Survivor regions: 1->1(42)
[233.911s][info][gc,heap        ] GC(595) Old regions: 27->28
[233.911s][info][gc,heap        ] GC(595) Archive regions: 0->0
[233.911s][info][gc,heap        ] GC(595) Humongous regions: 0->0
[233.911s][info][gc,metaspace   ] GC(595) Metaspace: 14303K(15168K)->14303K(15168K) NonClass: 12342K(12864K)->12342K(12864K) Class: 1961K(2304K)->1961K(2304K)
[233.911s][info][gc             ] GC(595) Pause Young (Normal) (G1 Evacuation Pause) 672M->8M(1112M) 3.526ms
[233.911s][info][gc,cpu         ] GC(595) User=0.52s Sys=0.00s Real=0.00s
[234.331s][info][gc,start       ] GC(596) Pause Young (Normal) (G1 Evacuation Pause)
[234.331s][info][gc,task        ] GC(596) Using 33 workers of 33 for evacuation
[234.334s][info][gc,phases      ] GC(596)   Pre Evacuate Collection Set: 0.2ms
[234.334s][info][gc,phases      ] GC(596)   Merge Heap Roots: 0.2ms
[234.334s][info][gc,phases      ] GC(596)   Evacuate Collection Set: 0.4ms
[234.334s][info][gc,phases      ] GC(596)   Post Evacuate Collection Set: 2.5ms
[234.334s][info][gc,phases      ] GC(596)   Other: 0.1ms
[234.334s][info][gc,heap        ] GC(596) Eden regions: 332->0(332)
[234.334s][info][gc,heap        ] GC(596) Survivor regions: 1->1(42)
[234.334s][info][gc,heap        ] GC(596) Old regions: 28->28
[234.334s][info][gc,heap        ] GC(596) Archive regions: 0->0
[234.334s][info][gc,heap        ] GC(596) Humongous regions: 0->0
[234.334s][info][gc,metaspace   ] GC(596) Metaspace: 14303K(15168K)->14303K(15168K) NonClass: 12342K(12864K)->12342K(12864K) Class: 1961K(2304K)->1961K(2304K)
[234.334s][info][gc             ] GC(596) Pause Young (Normal) (G1 Evacuation Pause) 672M->8M(1112M) 3.575ms
[234.334s][info][gc,cpu         ] GC(596) User=0.52s Sys=0.00s Real=0.00s
[234.755s][info][gc,start       ] GC(597) Pause Young (Normal) (G1 Evacuation Pause)
[234.755s][info][gc,task        ] GC(597) Using 33 workers of 33 for evacuation
[234.758s][info][gc,phases      ] GC(597)   Pre Evacuate Collection Set: 0.1ms
[234.758s][info][gc,phases      ] GC(597)   Merge Heap Roots: 0.2ms
[234.758s][info][gc,phases      ] GC(597)   Evacuate Collection Set: 0.4ms
[234.758s][info][gc,phases      ] GC(597)   Post Evacuate Collection Set: 2.5ms
[234.758s][info][gc,phases      ] GC(597)   Other: 0.1ms
[234.758s][info][gc,heap        ] GC(597) Eden regions: 332->0(332)
[234.758s][info][gc,heap        ] GC(597) Survivor regions: 1->1(42)
[234.758s][info][gc,heap        ] GC(597) Old regions: 28->28
[234.758s][info][gc,heap        ] GC(597) Archive regions: 0->0
[234.758s][info][gc,heap        ] GC(597) Humongous regions: 0->0
[234.758s][info][gc,metaspace   ] GC(597) Metaspace: 14303K(15168K)->14303K(15168K) NonClass: 12342K(12864K)->12342K(12864K) Class: 1961K(2304K)->1961K(2304K)
[234.758s][info][gc             ] GC(597) Pause Young (Normal) (G1 Evacuation Pause) 672M->8M(1112M) 3.655ms
[234.758s][info][gc,cpu         ] GC(597) User=0.00s Sys=0.00s Real=0.00s
[235.180s][info][gc,start       ] GC(598) Pause Young (Normal) (G1 Evacuation Pause)
[235.180s][info][gc,task        ] GC(598) Using 33 workers of 33 for evacuation
[235.184s][info][gc,phases      ] GC(598)   Pre Evacuate Collection Set: 0.2ms
[235.184s][info][gc,phases      ] GC(598)   Merge Heap Roots: 0.2ms
[235.184s][info][gc,phases      ] GC(598)   Evacuate Collection Set: 0.4ms
[235.184s][info][gc,phases      ] GC(598)   Post Evacuate Collection Set: 2.5ms
[235.184s][info][gc,phases      ] GC(598)   Other: 0.1ms
[235.184s][info][gc,heap        ] GC(598) Eden regions: 332->0(332)
[235.184s][info][gc,heap        ] GC(598) Survivor regions: 1->1(42)
[235.184s][info][gc,heap        ] GC(598) Old regions: 28->28
[235.184s][info][gc,heap        ] GC(598) Archive regions: 0->0
[235.184s][info][gc,heap        ] GC(598) Humongous regions: 0->0
[235.184s][info][gc,metaspace   ] GC(598) Metaspace: 14303K(15168K)->14303K(15168K) NonClass: 12342K(12864K)->12342K(12864K) Class: 1961K(2304K)->1961K(2304K)
[235.184s][info][gc             ] GC(598) Pause Young (Normal) (G1 Evacuation Pause) 672M->8M(1112M) 3.608ms
[235.184s][info][gc,cpu         ] GC(598) User=0.00s Sys=0.00s Real=0.00s
[235.606s][info][gc,start       ] GC(599) Pause Young (Normal) (G1 Evacuation Pause)
[235.607s][info][gc,task        ] GC(599) Using 33 workers of 33 for evacuation
[235.610s][info][gc,phases      ] GC(599)   Pre Evacuate Collection Set: 0.2ms
[235.610s][info][gc,phases      ] GC(599)   Merge Heap Roots: 0.2ms
[235.610s][info][gc,phases      ] GC(599)   Evacuate Collection Set: 0.4ms
[235.610s][info][gc,phases      ] GC(599)   Post Evacuate Collection Set: 2.2ms
[235.610s][info][gc,phases      ] GC(599)   Other: 0.1ms
[235.610s][info][gc,heap        ] GC(599) Eden regions: 332->0(332)
[235.610s][info][gc,heap        ] GC(599) Survivor regions: 1->1(42)
[235.610s][info][gc,heap        ] GC(599) Old regions: 28->28
[235.610s][info][gc,heap        ] GC(599) Archive regions: 0->0
[235.610s][info][gc,heap        ] GC(599) Humongous regions: 0->0
[235.610s][info][gc,metaspace   ] GC(599) Metaspace: 14303K(15168K)->14303K(15168K) NonClass: 12342K(12864K)->12342K(12864K) Class: 1961K(2304K)->1961K(2304K)
[235.610s][info][gc             ] GC(599) Pause Young (Normal) (G1 Evacuation Pause) 672M->8M(1112M) 3.250ms
[235.610s][info][gc,cpu         ] GC(599) User=0.00s Sys=0.00s Real=0.00s
[236.032s][info][gc,start       ] GC(600) Pause Young (Normal) (G1 Evacuation Pause)
[236.032s][info][gc,task        ] GC(600) Using 33 workers of 33 for evacuation
[236.035s][info][gc,phases      ] GC(600)   Pre Evacuate Collection Set: 0.2ms
[236.035s][info][gc,phases      ] GC(600)   Merge Heap Roots: 0.2ms
[236.035s][info][gc,phases      ] GC(600)   Evacuate Collection Set: 0.4ms
[236.035s][info][gc,phases      ] GC(600)   Post Evacuate Collection Set: 2.3ms
[236.035s][info][gc,phases      ] GC(600)   Other: 0.1ms
[236.035s][info][gc,heap        ] GC(600) Eden regions: 332->0(332)
[236.035s][info][gc,heap        ] GC(600) Survivor regions: 1->1(42)
[236.035s][info][gc,heap        ] GC(600) Old regions: 28->28
[236.035s][info][gc,heap        ] GC(600) Archive regions: 0->0
[236.035s][info][gc,heap        ] GC(600) Humongous regions: 0->0
[236.036s][info][gc,metaspace   ] GC(600) Metaspace: 14303K(15168K)->14303K(15168K) NonClass: 12342K(12864K)->12342K(12864K) Class: 1961K(2304K)->1961K(2304K)
[236.036s][info][gc             ] GC(600) Pause Young (Normal) (G1 Evacuation Pause) 672M->8M(1112M) 3.363ms
[236.036s][info][gc,cpu         ] GC(600) User=0.52s Sys=0.00s Real=0.00s
[236.459s][info][gc,start       ] GC(601) Pause Young (Normal) (G1 Evacuation Pause)
[236.459s][info][gc,task        ] GC(601) Using 33 workers of 33 for evacuation
[236.462s][info][gc,phases      ] GC(601)   Pre Evacuate Collection Set: 0.2ms
[236.462s][info][gc,phases      ] GC(601)   Merge Heap Roots: 0.2ms
[236.462s][info][gc,phases      ] GC(601)   Evacuate Collection Set: 0.4ms
[236.462s][info][gc,phases      ] GC(601)   Post Evacuate Collection Set: 2.2ms
[236.462s][info][gc,phases      ] GC(601)   Other: 0.1ms
[236.462s][info][gc,heap        ] GC(601) Eden regions: 332->0(332)
[236.462s][info][gc,heap        ] GC(601) Survivor regions: 1->1(42)
[236.462s][info][gc,heap        ] GC(601) Old regions: 28->28
[236.462s][info][gc,heap        ] GC(601) Archive regions: 0->0
[236.462s][info][gc,heap        ] GC(601) Humongous regions: 0->0
[236.462s][info][gc,metaspace   ] GC(601) Metaspace: 14303K(15168K)->14303K(15168K) NonClass: 12342K(12864K)->12342K(12864K) Class: 1961K(2304K)->1961K(2304K)
[236.462s][info][gc             ] GC(601) Pause Young (Normal) (G1 Evacuation Pause) 672M->8M(1112M) 3.214ms
[236.462s][info][gc,cpu         ] GC(601) User=0.00s Sys=0.00s Real=0.00s
[236.884s][info][gc,start       ] GC(602) Pause Young (Normal) (G1 Evacuation Pause)
[236.884s][info][gc,task        ] GC(602) Using 33 workers of 33 for evacuation
[236.887s][info][gc,phases      ] GC(602)   Pre Evacuate Collection Set: 0.2ms
[236.887s][info][gc,phases      ] GC(602)   Merge Heap Roots: 0.2ms
[236.887s][info][gc,phases      ] GC(602)   Evacuate Collection Set: 0.4ms
[236.887s][info][gc,phases      ] GC(602)   Post Evacuate Collection Set: 2.2ms
[236.887s][info][gc,phases      ] GC(602)   Other: 0.1ms
[236.887s][info][gc,heap        ] GC(602) Eden regions: 332->0(332)
[236.887s][info][gc,heap        ] GC(602) Survivor regions: 1->1(42)
[236.887s][info][gc,heap        ] GC(602) Old regions: 28->28
[236.887s][info][gc,heap        ] GC(602) Archive regions: 0->0
[236.887s][info][gc,heap        ] GC(602) Humongous regions: 0->0
[236.887s][info][gc,metaspace   ] GC(602) Metaspace: 14303K(15168K)->14303K(15168K) NonClass: 12342K(12864K)->12342K(12864K) Class: 1961K(2304K)->1961K(2304K)
[236.887s][info][gc             ] GC(602) Pause Young (Normal) (G1 Evacuation Pause) 672M->8M(1112M) 3.307ms
[236.887s][info][gc,cpu         ] GC(602) User=0.00s Sys=0.00s Real=0.00s
[237.309s][info][gc,start       ] GC(603) Pause Young (Normal) (G1 Evacuation Pause)
[237.309s][info][gc,task        ] GC(603) Using 33 workers of 33 for evacuation
[237.312s][info][gc,phases      ] GC(603)   Pre Evacuate Collection Set: 0.2ms
[237.312s][info][gc,phases      ] GC(603)   Merge Heap Roots: 0.2ms
[237.312s][info][gc,phases      ] GC(603)   Evacuate Collection Set: 0.4ms
[237.312s][info][gc,phases      ] GC(603)   Post Evacuate Collection Set: 2.3ms
[237.312s][info][gc,phases      ] GC(603)   Other: 0.1ms
[237.312s][info][gc,heap        ] GC(603) Eden regions: 332->0(332)
[237.312s][info][gc,heap        ] GC(603) Survivor regions: 1->1(42)
[237.312s][info][gc,heap        ] GC(603) Old regions: 28->28
[237.313s][info][gc,heap        ] GC(603) Archive regions: 0->0
[237.313s][info][gc,heap        ] GC(603) Humongous regions: 0->0
[237.313s][info][gc,metaspace   ] GC(603) Metaspace: 14303K(15168K)->14303K(15168K) NonClass: 12342K(12864K)->12342K(12864K) Class: 1961K(2304K)->1961K(2304K)
[237.313s][info][gc             ] GC(603) Pause Young (Normal) (G1 Evacuation Pause) 672M->8M(1112M) 3.365ms
[237.313s][info][gc,cpu         ] GC(603) User=0.00s Sys=0.00s Real=0.00s
[237.734s][info][gc,start       ] GC(604) Pause Young (Normal) (G1 Evacuation Pause)
[237.734s][info][gc,task        ] GC(604) Using 33 workers of 33 for evacuation
[237.737s][info][gc,phases      ] GC(604)   Pre Evacuate Collection Set: 0.1ms
[237.737s][info][gc,phases      ] GC(604)   Merge Heap Roots: 0.1ms
[237.737s][info][gc,phases      ] GC(604)   Evacuate Collection Set: 0.4ms
[237.737s][info][gc,phases      ] GC(604)   Post Evacuate Collection Set: 2.3ms
[237.737s][info][gc,phases      ] GC(604)   Other: 0.1ms
[237.737s][info][gc,heap        ] GC(604) Eden regions: 332->0(332)
[237.737s][info][gc,heap        ] GC(604) Survivor regions: 1->1(42)
[237.737s][info][gc,heap        ] GC(604) Old regions: 28->28
[237.737s][info][gc,heap        ] GC(604) Archive regions: 0->0
[237.737s][info][gc,heap        ] GC(604) Humongous regions: 0->0
[237.737s][info][gc,metaspace   ] GC(604) Metaspace: 14303K(15168K)->14303K(15168K) NonClass: 12342K(12864K)->12342K(12864K) Class: 1961K(2304K)->1961K(2304K)
[237.737s][info][gc             ] GC(604) Pause Young (Normal) (G1 Evacuation Pause) 672M->9M(1112M) 3.384ms
[237.737s][info][gc,cpu         ] GC(604) User=0.00s Sys=0.02s Real=0.00s
[238.157s][info][gc,start       ] GC(605) Pause Young (Normal) (G1 Evacuation Pause)
[238.158s][info][gc,task        ] GC(605) Using 33 workers of 33 for evacuation
[238.161s][info][gc,phases      ] GC(605)   Pre Evacuate Collection Set: 0.1ms
[238.161s][info][gc,phases      ] GC(605)   Merge Heap Roots: 0.2ms
[238.161s][info][gc,phases      ] GC(605)   Evacuate Collection Set: 0.4ms
[238.161s][info][gc,phases      ] GC(605)   Post Evacuate Collection Set: 2.4ms
[238.161s][info][gc,phases      ] GC(605)   Other: 0.1ms
[238.161s][info][gc,heap        ] GC(605) Eden regions: 332->0(332)
[238.161s][info][gc,heap        ] GC(605) Survivor regions: 1->1(42)
[238.161s][info][gc,heap        ] GC(605) Old regions: 28->28
[238.161s][info][gc,heap        ] GC(605) Archive regions: 0->0
[238.161s][info][gc,heap        ] GC(605) Humongous regions: 0->0
[238.161s][info][gc,metaspace   ] GC(605) Metaspace: 14303K(15168K)->14303K(15168K) NonClass: 12342K(12864K)->12342K(12864K) Class: 1961K(2304K)->1961K(2304K)
[238.161s][info][gc             ] GC(605) Pause Young (Normal) (G1 Evacuation Pause) 673M->9M(1112M) 3.483ms
[238.161s][info][gc,cpu         ] GC(605) User=0.52s Sys=0.00s Real=0.00s
[238.584s][info][gc,start       ] GC(606) Pause Young (Normal) (G1 Evacuation Pause)
[238.584s][info][gc,task        ] GC(606) Using 33 workers of 33 for evacuation
[238.587s][info][gc,phases      ] GC(606)   Pre Evacuate Collection Set: 0.1ms
[238.587s][info][gc,phases      ] GC(606)   Merge Heap Roots: 0.2ms
[238.587s][info][gc,phases      ] GC(606)   Evacuate Collection Set: 0.4ms
[238.587s][info][gc,phases      ] GC(606)   Post Evacuate Collection Set: 2.5ms
[238.587s][info][gc,phases      ] GC(606)   Other: 0.1ms
[238.587s][info][gc,heap        ] GC(606) Eden regions: 332->0(332)
[238.587s][info][gc,heap        ] GC(606) Survivor regions: 1->1(42)
[238.587s][info][gc,heap        ] GC(606) Old regions: 28->28
[238.587s][info][gc,heap        ] GC(606) Archive regions: 0->0
[238.587s][info][gc,heap        ] GC(606) Humongous regions: 0->0
[238.587s][info][gc,metaspace   ] GC(606) Metaspace: 14303K(15168K)->14303K(15168K) NonClass: 12342K(12864K)->12342K(12864K) Class: 1961K(2304K)->1961K(2304K)
[238.587s][info][gc             ] GC(606) Pause Young (Normal) (G1 Evacuation Pause) 673M->9M(1112M) 3.548ms
[238.587s][info][gc,cpu         ] GC(606) User=0.00s Sys=0.00s Real=0.00s
[239.072s][info][gc,start       ] GC(607) Pause Young (Normal) (G1 Evacuation Pause)
[239.072s][info][gc,task        ] GC(607) Using 33 workers of 33 for evacuation
[239.075s][info][gc,phases      ] GC(607)   Pre Evacuate Collection Set: 0.1ms
[239.075s][info][gc,phases      ] GC(607)   Merge Heap Roots: 0.2ms
[239.075s][info][gc,phases      ] GC(607)   Evacuate Collection Set: 0.5ms
[239.075s][info][gc,phases      ] GC(607)   Post Evacuate Collection Set: 2.6ms
[239.075s][info][gc,phases      ] GC(607)   Other: 0.1ms
[239.075s][info][gc,heap        ] GC(607) Eden regions: 332->0(332)
[239.075s][info][gc,heap        ] GC(607) Survivor regions: 1->1(42)
[239.075s][info][gc,heap        ] GC(607) Old regions: 28->28
[239.075s][info][gc,heap        ] GC(607) Archive regions: 0->0
[239.075s][info][gc,heap        ] GC(607) Humongous regions: 0->0
[239.075s][info][gc,metaspace   ] GC(607) Metaspace: 14303K(15168K)->14303K(15168K) NonClass: 12342K(12864K)->12342K(12864K) Class: 1961K(2304K)->1961K(2304K)
[239.075s][info][gc             ] GC(607) Pause Young (Normal) (G1 Evacuation Pause) 673M->9M(1112M) 3.690ms
[239.075s][info][gc,cpu         ] GC(607) User=0.00s Sys=0.00s Real=0.00s
[239.365s][info][gc,start       ] GC(608) Pause Full (System.gc())
[239.365s][info][gc,task        ] GC(608) Using 29 workers of 33 for full compaction
[239.366s][info][gc,phases,start] GC(608) Phase 1: Mark live objects
[239.379s][info][gc,phases      ] GC(608) Phase 1: Mark live objects 12.787ms
[239.379s][info][gc,phases,start] GC(608) Phase 2: Prepare compaction
[239.381s][info][gc,phases      ] GC(608) Phase 2: Prepare compaction 2.246ms
[239.381s][info][gc,phases,start] GC(608) Phase 3: Adjust pointers
[239.386s][info][gc,phases      ] GC(608) Phase 3: Adjust pointers 4.888ms
[239.386s][info][gc,phases,start] GC(608) Phase 4: Compact heap
[239.387s][info][gc,phases      ] GC(608) Phase 4: Compact heap 0.651ms
[239.394s][info][gc,heap        ] GC(608) Eden regions: 205->0(50)
[239.394s][info][gc,heap        ] GC(608) Survivor regions: 1->0(42)
[239.394s][info][gc,heap        ] GC(608) Old regions: 28->25
[239.394s][info][gc,heap        ] GC(608) Archive regions: 0->0
[239.394s][info][gc,heap        ] GC(608) Humongous regions: 0->0
[239.394s][info][gc,metaspace   ] GC(608) Metaspace: 14303K(15168K)->14303K(15168K) NonClass: 12342K(12864K)->12342K(12864K) Class: 1961K(2304K)->1961K(2304K)
[239.394s][info][gc             ] GC(608) Pause Full (System.gc()) 417M->5M(168M) 29.201ms
[239.394s][info][gc,cpu         ] GC(608) User=0.02s Sys=0.00s Real=0.02s
[239.464s][info][gc,start       ] GC(609) Pause Young (Normal) (G1 Evacuation Pause)
[239.464s][info][gc,task        ] GC(609) Using 33 workers of 33 for evacuation
[239.466s][info][gc,phases      ] GC(609)   Pre Evacuate Collection Set: 0.1ms
[239.467s][info][gc,phases      ] GC(609)   Merge Heap Roots: 0.1ms
[239.467s][info][gc,phases      ] GC(609)   Evacuate Collection Set: 0.4ms
[239.467s][info][gc,phases      ] GC(609)   Post Evacuate Collection Set: 2.2ms
[239.467s][info][gc,phases      ] GC(609)   Other: 0.1ms
[239.467s][info][gc,heap        ] GC(609) Eden regions: 50->0(49)
[239.467s][info][gc,heap        ] GC(609) Survivor regions: 0->1(7)
[239.467s][info][gc,heap        ] GC(609) Old regions: 25->25
[239.467s][info][gc,heap        ] GC(609) Archive regions: 0->0
[239.467s][info][gc,heap        ] GC(609) Humongous regions: 0->0
[239.467s][info][gc,metaspace   ] GC(609) Metaspace: 14303K(15168K)->14303K(15168K) NonClass: 12342K(12864K)->12342K(12864K) Class: 1961K(2304K)->1961K(2304K)
[239.467s][info][gc             ] GC(609) Pause Young (Normal) (G1 Evacuation Pause) 105M->6M(168M) 3.112ms
[239.467s][info][gc,cpu         ] GC(609) User=0.00s Sys=0.00s Real=0.00s
[239.537s][info][gc,start       ] GC(610) Pause Young (Normal) (G1 Evacuation Pause)
[239.537s][info][gc,task        ] GC(610) Using 33 workers of 33 for evacuation
[239.539s][info][gc,phases      ] GC(610)   Pre Evacuate Collection Set: 0.1ms
[239.539s][info][gc,phases      ] GC(610)   Merge Heap Roots: 0.1ms
[239.539s][info][gc,phases      ] GC(610)   Evacuate Collection Set: 0.5ms
[239.540s][info][gc,phases      ] GC(610)   Post Evacuate Collection Set: 2.0ms
[239.540s][info][gc,phases      ] GC(610)   Other: 0.1ms
[239.540s][info][gc,heap        ] GC(610) Eden regions: 49->0(49)
[239.540s][info][gc,heap        ] GC(610) Survivor regions: 1->1(7)
[239.540s][info][gc,heap        ] GC(610) Old regions: 25->25
[239.540s][info][gc,heap        ] GC(610) Archive regions: 0->0
[239.540s][info][gc,heap        ] GC(610) Humongous regions: 0->0
[239.540s][info][gc,metaspace   ] GC(610) Metaspace: 14303K(15168K)->14303K(15168K) NonClass: 12342K(12864K)->12342K(12864K) Class: 1961K(2304K)->1961K(2304K)
[239.540s][info][gc             ] GC(610) Pause Young (Normal) (G1 Evacuation Pause) 104M->6M(168M) 3.008ms
[239.540s][info][gc,cpu         ] GC(610) User=0.00s Sys=0.00s Real=0.00s
[239.608s][info][gc,start       ] GC(611) Pause Young (Normal) (G1 Evacuation Pause)
[239.608s][info][gc,task        ] GC(611) Using 33 workers of 33 for evacuation
[239.610s][info][gc,phases      ] GC(611)   Pre Evacuate Collection Set: 0.1ms
[239.610s][info][gc,phases      ] GC(611)   Merge Heap Roots: 0.1ms
[239.610s][info][gc,phases      ] GC(611)   Evacuate Collection Set: 0.5ms
[239.610s][info][gc,phases      ] GC(611)   Post Evacuate Collection Set: 2.0ms
[239.610s][info][gc,phases      ] GC(611)   Other: 0.1ms
[239.610s][info][gc,heap        ] GC(611) Eden regions: 49->0(49)
[239.610s][info][gc,heap        ] GC(611) Survivor regions: 1->1(7)
[239.610s][info][gc,heap        ] GC(611) Old regions: 25->25
[239.610s][info][gc,heap        ] GC(611) Archive regions: 0->0
[239.610s][info][gc,heap        ] GC(611) Humongous regions: 0->0
[239.611s][info][gc,metaspace   ] GC(611) Metaspace: 14303K(15168K)->14303K(15168K) NonClass: 12342K(12864K)->12342K(12864K) Class: 1961K(2304K)->1961K(2304K)
[239.611s][info][gc             ] GC(611) Pause Young (Normal) (G1 Evacuation Pause) 104M->6M(168M) 2.985ms
[239.611s][info][gc,cpu         ] GC(611) User=0.00s Sys=0.00s Real=0.00s
[239.685s][info][gc,start       ] GC(612) Pause Young (Normal) (G1 Evacuation Pause)
[239.685s][info][gc,task        ] GC(612) Using 33 workers of 33 for evacuation
[239.692s][info][gc,phases      ] GC(612)   Pre Evacuate Collection Set: 0.1ms
[239.692s][info][gc,phases      ] GC(612)   Merge Heap Roots: 0.1ms
[239.692s][info][gc,phases      ] GC(612)   Evacuate Collection Set: 0.5ms
[239.692s][info][gc,phases      ] GC(612)   Post Evacuate Collection Set: 5.8ms
[239.692s][info][gc,phases      ] GC(612)   Other: 0.1ms
[239.692s][info][gc,heap        ] GC(612) Eden regions: 49->0(331)
[239.692s][info][gc,heap        ] GC(612) Survivor regions: 1->1(7)
[239.692s][info][gc,heap        ] GC(612) Old regions: 25->25
[239.692s][info][gc,heap        ] GC(612) Archive regions: 0->0
[239.692s][info][gc,heap        ] GC(612) Humongous regions: 0->0
[239.692s][info][gc,metaspace   ] GC(612) Metaspace: 14303K(15168K)->14303K(15168K) NonClass: 12342K(12864K)->12342K(12864K) Class: 1961K(2304K)->1961K(2304K)
[239.692s][info][gc             ] GC(612) Pause Young (Normal) (G1 Evacuation Pause) 104M->6M(1108M) 6.904ms
[239.692s][info][gc,cpu         ] GC(612) User=0.00s Sys=0.00s Real=0.00s
[240.147s][info][gc,start       ] GC(613) Pause Young (Normal) (G1 Evacuation Pause)
[240.147s][info][gc,task        ] GC(613) Using 33 workers of 33 for evacuation
[240.152s][info][gc,phases      ] GC(613)   Pre Evacuate Collection Set: 0.2ms
[240.152s][info][gc,phases      ] GC(613)   Merge Heap Roots: 0.1ms
[240.152s][info][gc,phases      ] GC(613)   Evacuate Collection Set: 1.8ms
[240.152s][info][gc,phases      ] GC(613)   Post Evacuate Collection Set: 2.4ms
[240.152s][info][gc,phases      ] GC(613)   Other: 0.1ms
[240.152s][info][gc,heap        ] GC(613) Eden regions: 331->0(331)
[240.152s][info][gc,heap        ] GC(613) Survivor regions: 1->1(42)
[240.152s][info][gc,heap        ] GC(613) Old regions: 25->25
[240.152s][info][gc,heap        ] GC(613) Archive regions: 0->0
[240.152s][info][gc,heap        ] GC(613) Humongous regions: 0->0
[240.152s][info][gc,metaspace   ] GC(613) Metaspace: 14303K(15168K)->14303K(15168K) NonClass: 12342K(12864K)->12342K(12864K) Class: 1961K(2304K)->1961K(2304K)
[240.152s][info][gc             ] GC(613) Pause Young (Normal) (G1 Evacuation Pause) 668M->6M(1108M) 4.824ms
[240.152s][info][gc,cpu         ] GC(613) User=0.00s Sys=0.00s Real=0.00s
[240.564s][info][gc,start       ] GC(614) Pause Young (Normal) (G1 Evacuation Pause)
[240.564s][info][gc,task        ] GC(614) Using 33 workers of 33 for evacuation
[240.569s][info][gc,phases      ] GC(614)   Pre Evacuate Collection Set: 0.2ms
[240.569s][info][gc,phases      ] GC(614)   Merge Heap Roots: 0.1ms
[240.569s][info][gc,phases      ] GC(614)   Evacuate Collection Set: 1.9ms
[240.569s][info][gc,phases      ] GC(614)   Post Evacuate Collection Set: 2.1ms
[240.569s][info][gc,phases      ] GC(614)   Other: 0.1ms
[240.569s][info][gc,heap        ] GC(614) Eden regions: 331->0(331)
[240.569s][info][gc,heap        ] GC(614) Survivor regions: 1->1(42)
[240.569s][info][gc,heap        ] GC(614) Old regions: 25->25
[240.569s][info][gc,heap        ] GC(614) Archive regions: 0->0
[240.569s][info][gc,heap        ] GC(614) Humongous regions: 0->0
[240.569s][info][gc,metaspace   ] GC(614) Metaspace: 14303K(15168K)->14303K(15168K) NonClass: 12342K(12864K)->12342K(12864K) Class: 1961K(2304K)->1961K(2304K)
[240.569s][info][gc             ] GC(614) Pause Young (Normal) (G1 Evacuation Pause) 668M->6M(1108M) 4.717ms
[240.569s][info][gc,cpu         ] GC(614) User=0.02s Sys=0.50s Real=0.01s
[240.983s][info][gc,start       ] GC(615) Pause Young (Normal) (G1 Evacuation Pause)
[240.983s][info][gc,task        ] GC(615) Using 33 workers of 33 for evacuation
[240.986s][info][gc,phases      ] GC(615)   Pre Evacuate Collection Set: 0.2ms
[240.986s][info][gc,phases      ] GC(615)   Merge Heap Roots: 0.2ms
[240.986s][info][gc,phases      ] GC(615)   Evacuate Collection Set: 0.6ms
[240.986s][info][gc,phases      ] GC(615)   Post Evacuate Collection Set: 2.2ms
[240.986s][info][gc,phases      ] GC(615)   Other: 0.1ms
[240.986s][info][gc,heap        ] GC(615) Eden regions: 331->0(331)
[240.986s][info][gc,heap        ] GC(615) Survivor regions: 1->1(42)
[240.986s][info][gc,heap        ] GC(615) Old regions: 25->25
[240.986s][info][gc,heap        ] GC(615) Archive regions: 0->0
[240.986s][info][gc,heap        ] GC(615) Humongous regions: 0->0
[240.986s][info][gc,metaspace   ] GC(615) Metaspace: 14303K(15168K)->14303K(15168K) NonClass: 12342K(12864K)->12342K(12864K) Class: 1961K(2304K)->1961K(2304K)
[240.986s][info][gc             ] GC(615) Pause Young (Normal) (G1 Evacuation Pause) 668M->6M(1108M) 3.504ms
[240.986s][info][gc,cpu         ] GC(615) User=0.00s Sys=0.00s Real=0.00s
[241.407s][info][gc,start       ] GC(616) Pause Young (Normal) (G1 Evacuation Pause)
[241.407s][info][gc,task        ] GC(616) Using 33 workers of 33 for evacuation
[241.410s][info][gc,phases      ] GC(616)   Pre Evacuate Collection Set: 0.2ms
[241.410s][info][gc,phases      ] GC(616)   Merge Heap Roots: 0.2ms
[241.410s][info][gc,phases      ] GC(616)   Evacuate Collection Set: 0.7ms
[241.410s][info][gc,phases      ] GC(616)   Post Evacuate Collection Set: 2.2ms
[241.410s][info][gc,phases      ] GC(616)   Other: 0.1ms
[241.410s][info][gc,heap        ] GC(616) Eden regions: 331->0(331)
[241.410s][info][gc,heap        ] GC(616) Survivor regions: 1->1(42)
[241.410s][info][gc,heap        ] GC(616) Old regions: 25->25
[241.410s][info][gc,heap        ] GC(616) Archive regions: 0->0
[241.410s][info][gc,heap        ] GC(616) Humongous regions: 0->0
[241.410s][info][gc,metaspace   ] GC(616) Metaspace: 14303K(15168K)->14303K(15168K) NonClass: 12342K(12864K)->12342K(12864K) Class: 1961K(2304K)->1961K(2304K)
[241.410s][info][gc             ] GC(616) Pause Young (Normal) (G1 Evacuation Pause) 668M->7M(1108M) 3.492ms
[241.410s][info][gc,cpu         ] GC(616) User=0.00s Sys=0.00s Real=0.00s
[241.823s][info][gc,start       ] GC(617) Pause Young (Normal) (G1 Evacuation Pause)
[241.823s][info][gc,task        ] GC(617) Using 33 workers of 33 for evacuation
[241.826s][info][gc,phases      ] GC(617)   Pre Evacuate Collection Set: 0.1ms
[241.826s][info][gc,phases      ] GC(617)   Merge Heap Roots: 0.1ms
[241.826s][info][gc,phases      ] GC(617)   Evacuate Collection Set: 0.6ms
[241.826s][info][gc,phases      ] GC(617)   Post Evacuate Collection Set: 2.2ms
[241.826s][info][gc,phases      ] GC(617)   Other: 0.1ms
[241.826s][info][gc,heap        ] GC(617) Eden regions: 331->0(331)
[241.826s][info][gc,heap        ] GC(617) Survivor regions: 1->1(42)
[241.826s][info][gc,heap        ] GC(617) Old regions: 25->25
[241.826s][info][gc,heap        ] GC(617) Archive regions: 0->0
[241.826s][info][gc,heap        ] GC(617) Humongous regions: 0->0
[241.827s][info][gc,metaspace   ] GC(617) Metaspace: 14303K(15168K)->14303K(15168K) NonClass: 12342K(12864K)->12342K(12864K) Class: 1961K(2304K)->1961K(2304K)
[241.827s][info][gc             ] GC(617) Pause Young (Normal) (G1 Evacuation Pause) 669M->7M(1108M) 3.418ms
[241.827s][info][gc,cpu         ] GC(617) User=0.00s Sys=0.00s Real=0.00s
[242.244s][info][gc,start       ] GC(618) Pause Young (Normal) (G1 Evacuation Pause)
[242.244s][info][gc,task        ] GC(618) Using 33 workers of 33 for evacuation
[242.247s][info][gc,phases      ] GC(618)   Pre Evacuate Collection Set: 0.2ms
[242.247s][info][gc,phases      ] GC(618)   Merge Heap Roots: 0.1ms
[242.247s][info][gc,phases      ] GC(618)   Evacuate Collection Set: 0.7ms
[242.247s][info][gc,phases      ] GC(618)   Post Evacuate Collection Set: 2.3ms
[242.247s][info][gc,phases      ] GC(618)   Other: 0.1ms
[242.247s][info][gc,heap        ] GC(618) Eden regions: 331->0(331)
[242.247s][info][gc,heap        ] GC(618) Survivor regions: 1->1(42)
[242.247s][info][gc,heap        ] GC(618) Old regions: 25->25
[242.247s][info][gc,heap        ] GC(618) Archive regions: 0->0
[242.247s][info][gc,heap        ] GC(618) Humongous regions: 0->0
[242.247s][info][gc,metaspace   ] GC(618) Metaspace: 14303K(15168K)->14303K(15168K) NonClass: 12342K(12864K)->12342K(12864K) Class: 1961K(2304K)->1961K(2304K)
[242.247s][info][gc             ] GC(618) Pause Young (Normal) (G1 Evacuation Pause) 669M->7M(1108M) 3.625ms
[242.247s][info][gc,cpu         ] GC(618) User=0.00s Sys=0.00s Real=0.00s
[242.661s][info][gc,start       ] GC(619) Pause Young (Normal) (G1 Evacuation Pause)
[242.661s][info][gc,task        ] GC(619) Using 33 workers of 33 for evacuation
[242.664s][info][gc,phases      ] GC(619)   Pre Evacuate Collection Set: 0.1ms
[242.664s][info][gc,phases      ] GC(619)   Merge Heap Roots: 0.1ms
[242.664s][info][gc,phases      ] GC(619)   Evacuate Collection Set: 0.5ms
[242.664s][info][gc,phases      ] GC(619)   Post Evacuate Collection Set: 2.3ms
[242.664s][info][gc,phases      ] GC(619)   Other: 0.1ms
[242.664s][info][gc,heap        ] GC(619) Eden regions: 331->0(331)
[242.664s][info][gc,heap        ] GC(619) Survivor regions: 1->1(42)
[242.664s][info][gc,heap        ] GC(619) Old regions: 25->25
[242.664s][info][gc,heap        ] GC(619) Archive regions: 0->0
[242.664s][info][gc,heap        ] GC(619) Humongous regions: 0->0
[242.664s][info][gc,metaspace   ] GC(619) Metaspace: 14303K(15168K)->14303K(15168K) NonClass: 12342K(12864K)->12342K(12864K) Class: 1961K(2304K)->1961K(2304K)
[242.664s][info][gc             ] GC(619) Pause Young (Normal) (G1 Evacuation Pause) 669M->7M(1108M) 3.476ms
[242.664s][info][gc,cpu         ] GC(619) User=0.00s Sys=0.00s Real=0.00s
[243.080s][info][gc,start       ] GC(620) Pause Young (Normal) (G1 Evacuation Pause)
[243.080s][info][gc,task        ] GC(620) Using 33 workers of 33 for evacuation
[243.084s][info][gc,phases      ] GC(620)   Pre Evacuate Collection Set: 0.2ms
[243.084s][info][gc,phases      ] GC(620)   Merge Heap Roots: 0.2ms
[243.084s][info][gc,phases      ] GC(620)   Evacuate Collection Set: 0.7ms
[243.084s][info][gc,phases      ] GC(620)   Post Evacuate Collection Set: 2.4ms
[243.084s][info][gc,phases      ] GC(620)   Other: 0.1ms
[243.084s][info][gc,heap        ] GC(620) Eden regions: 331->0(330)
[243.084s][info][gc,heap        ] GC(620) Survivor regions: 1->2(42)
[243.084s][info][gc,heap        ] GC(620) Old regions: 25->25
[243.084s][info][gc,heap        ] GC(620) Archive regions: 0->0
[243.084s][info][gc,heap        ] GC(620) Humongous regions: 0->0
[243.084s][info][gc,metaspace   ] GC(620) Metaspace: 14303K(15168K)->14303K(15168K) NonClass: 12342K(12864K)->12342K(12864K) Class: 1961K(2304K)->1961K(2304K)
[243.084s][info][gc             ] GC(620) Pause Young (Normal) (G1 Evacuation Pause) 669M->7M(1108M) 3.733ms
[243.084s][info][gc,cpu         ] GC(620) User=0.52s Sys=0.00s Real=0.00s
[243.492s][info][gc,start       ] GC(621) Pause Young (Normal) (G1 Evacuation Pause)
[243.492s][info][gc,task        ] GC(621) Using 33 workers of 33 for evacuation
[243.496s][info][gc,phases      ] GC(621)   Pre Evacuate Collection Set: 0.2ms
[243.496s][info][gc,phases      ] GC(621)   Merge Heap Roots: 0.1ms
[243.496s][info][gc,phases      ] GC(621)   Evacuate Collection Set: 0.8ms
[243.496s][info][gc,phases      ] GC(621)   Post Evacuate Collection Set: 2.4ms
[243.496s][info][gc,phases      ] GC(621)   Other: 0.1ms
[243.496s][info][gc,heap        ] GC(621) Eden regions: 330->0(330)
[243.496s][info][gc,heap        ] GC(621) Survivor regions: 2->2(42)
[243.496s][info][gc,heap        ] GC(621) Old regions: 25->25
[243.496s][info][gc,heap        ] GC(621) Archive regions: 0->0
[243.496s][info][gc,heap        ] GC(621) Humongous regions: 0->0
[243.496s][info][gc,metaspace   ] GC(621) Metaspace: 14303K(15168K)->14303K(15168K) NonClass: 12342K(12864K)->12342K(12864K) Class: 1961K(2304K)->1961K(2304K)
[243.496s][info][gc             ] GC(621) Pause Young (Normal) (G1 Evacuation Pause) 667M->7M(1108M) 3.849ms
[243.496s][info][gc,cpu         ] GC(621) User=0.00s Sys=0.00s Real=0.00s
[243.909s][info][gc,start       ] GC(622) Pause Young (Normal) (G1 Evacuation Pause)
[243.909s][info][gc,task        ] GC(622) Using 33 workers of 33 for evacuation
[243.913s][info][gc,phases      ] GC(622)   Pre Evacuate Collection Set: 0.1ms
[243.913s][info][gc,phases      ] GC(622)   Merge Heap Roots: 0.1ms
[243.913s][info][gc,phases      ] GC(622)   Evacuate Collection Set: 0.8ms
[243.913s][info][gc,phases      ] GC(622)   Post Evacuate Collection Set: 2.5ms
[243.913s][info][gc,phases      ] GC(622)   Other: 0.1ms
[243.913s][info][gc,heap        ] GC(622) Eden regions: 330->0(330)
[243.913s][info][gc,heap        ] GC(622) Survivor regions: 2->2(42)
[243.913s][info][gc,heap        ] GC(622) Old regions: 25->25
[243.913s][info][gc,heap        ] GC(622) Archive regions: 0->0
[243.913s][info][gc,heap        ] GC(622) Humongous regions: 0->0
[243.913s][info][gc,metaspace   ] GC(622) Metaspace: 14303K(15168K)->14303K(15168K) NonClass: 12342K(12864K)->12342K(12864K) Class: 1961K(2304K)->1961K(2304K)
[243.913s][info][gc             ] GC(622) Pause Young (Normal) (G1 Evacuation Pause) 667M->7M(1108M) 3.893ms
[243.913s][info][gc,cpu         ] GC(622) User=0.52s Sys=0.00s Real=0.00s
[244.327s][info][gc,start       ] GC(623) Pause Young (Normal) (G1 Evacuation Pause)
[244.327s][info][gc,task        ] GC(623) Using 33 workers of 33 for evacuation
[244.330s][info][gc,phases      ] GC(623)   Pre Evacuate Collection Set: 0.2ms
[244.330s][info][gc,phases      ] GC(623)   Merge Heap Roots: 0.1ms
[244.330s][info][gc,phases      ] GC(623)   Evacuate Collection Set: 0.5ms
[244.330s][info][gc,phases      ] GC(623)   Post Evacuate Collection Set: 2.5ms
[244.330s][info][gc,phases      ] GC(623)   Other: 0.1ms
[244.330s][info][gc,heap        ] GC(623) Eden regions: 330->0(330)
[244.330s][info][gc,heap        ] GC(623) Survivor regions: 2->2(42)
[244.330s][info][gc,heap        ] GC(623) Old regions: 25->25
[244.330s][info][gc,heap        ] GC(623) Archive regions: 0->0
[244.330s][info][gc,heap        ] GC(623) Humongous regions: 0->0
[244.330s][info][gc,metaspace   ] GC(623) Metaspace: 14303K(15168K)->14303K(15168K) NonClass: 12342K(12864K)->12342K(12864K) Class: 1961K(2304K)->1961K(2304K)
[244.330s][info][gc             ] GC(623) Pause Young (Normal) (G1 Evacuation Pause) 667M->7M(1108M) 3.711ms
[244.331s][info][gc,cpu         ] GC(623) User=0.00s Sys=0.00s Real=0.00s
[244.909s][info][gc,start       ] GC(624) Pause Young (Normal) (G1 Evacuation Pause)
[244.909s][info][gc,task        ] GC(624) Using 33 workers of 33 for evacuation
[244.914s][info][gc,phases      ] GC(624)   Pre Evacuate Collection Set: 0.3ms
[244.914s][info][gc,phases      ] GC(624)   Merge Heap Roots: 0.2ms
[244.914s][info][gc,phases      ] GC(624)   Evacuate Collection Set: 1.0ms
[244.914s][info][gc,phases      ] GC(624)   Post Evacuate Collection Set: 3.3ms
[244.914s][info][gc,phases      ] GC(624)   Other: 0.2ms
[244.914s][info][gc,heap        ] GC(624) Eden regions: 330->0(331)
[244.914s][info][gc,heap        ] GC(624) Survivor regions: 2->1(42)
[244.914s][info][gc,heap        ] GC(624) Old regions: 25->26
[244.914s][info][gc,heap        ] GC(624) Archive regions: 0->0
[244.914s][info][gc,heap        ] GC(624) Humongous regions: 0->0
[244.914s][info][gc,metaspace   ] GC(624) Metaspace: 14303K(15168K)->14303K(15168K) NonClass: 12342K(12864K)->12342K(12864K) Class: 1961K(2304K)->1961K(2304K)
[244.914s][info][gc             ] GC(624) Pause Young (Normal) (G1 Evacuation Pause) 667M->7M(1108M) 5.539ms
[244.914s][info][gc,cpu         ] GC(624) User=0.00s Sys=0.00s Real=0.00s
[245.337s][info][gc,start       ] GC(625) Pause Young (Normal) (G1 Evacuation Pause)
[245.337s][info][gc,task        ] GC(625) Using 33 workers of 33 for evacuation
[245.340s][info][gc,phases      ] GC(625)   Pre Evacuate Collection Set: 0.1ms
[245.340s][info][gc,phases      ] GC(625)   Merge Heap Roots: 0.2ms
[245.340s][info][gc,phases      ] GC(625)   Evacuate Collection Set: 0.4ms
[245.340s][info][gc,phases      ] GC(625)   Post Evacuate Collection Set: 2.2ms
[245.340s][info][gc,phases      ] GC(625)   Other: 0.1ms
[245.340s][info][gc,heap        ] GC(625) Eden regions: 331->0(331)
[245.340s][info][gc,heap        ] GC(625) Survivor regions: 1->1(42)
[245.340s][info][gc,heap        ] GC(625) Old regions: 26->26
[245.340s][info][gc,heap        ] GC(625) Archive regions: 0->0
[245.340s][info][gc,heap        ] GC(625) Humongous regions: 0->0
[245.340s][info][gc,metaspace   ] GC(625) Metaspace: 14303K(15168K)->14303K(15168K) NonClass: 12342K(12864K)->12342K(12864K) Class: 1961K(2304K)->1961K(2304K)
[245.340s][info][gc             ] GC(625) Pause Young (Normal) (G1 Evacuation Pause) 669M->7M(1108M) 3.240ms
[245.340s][info][gc,cpu         ] GC(625) User=0.00s Sys=0.00s Real=0.00s
[245.756s][info][gc,start       ] GC(626) Pause Young (Normal) (G1 Evacuation Pause)
[245.756s][info][gc,task        ] GC(626) Using 33 workers of 33 for evacuation
[245.759s][info][gc,phases      ] GC(626)   Pre Evacuate Collection Set: 0.1ms
[245.759s][info][gc,phases      ] GC(626)   Merge Heap Roots: 0.2ms
[245.759s][info][gc,phases      ] GC(626)   Evacuate Collection Set: 0.4ms
[245.759s][info][gc,phases      ] GC(626)   Post Evacuate Collection Set: 2.3ms
[245.759s][info][gc,phases      ] GC(626)   Other: 0.1ms
[245.759s][info][gc,heap        ] GC(626) Eden regions: 331->0(331)
[245.759s][info][gc,heap        ] GC(626) Survivor regions: 1->1(42)
[245.759s][info][gc,heap        ] GC(626) Old regions: 26->26
[245.759s][info][gc,heap        ] GC(626) Archive regions: 0->0
[245.759s][info][gc,heap        ] GC(626) Humongous regions: 0->0
[245.759s][info][gc,metaspace   ] GC(626) Metaspace: 14303K(15168K)->14303K(15168K) NonClass: 12342K(12864K)->12342K(12864K) Class: 1961K(2304K)->1961K(2304K)
[245.759s][info][gc             ] GC(626) Pause Young (Normal) (G1 Evacuation Pause) 669M->7M(1108M) 3.327ms
[245.759s][info][gc,cpu         ] GC(626) User=0.00s Sys=0.00s Real=0.00s
[246.174s][info][gc,start       ] GC(627) Pause Young (Normal) (G1 Evacuation Pause)
[246.174s][info][gc,task        ] GC(627) Using 33 workers of 33 for evacuation
[246.177s][info][gc,phases      ] GC(627)   Pre Evacuate Collection Set: 0.2ms
[246.177s][info][gc,phases      ] GC(627)   Merge Heap Roots: 0.2ms
[246.177s][info][gc,phases      ] GC(627)   Evacuate Collection Set: 0.4ms
[246.177s][info][gc,phases      ] GC(627)   Post Evacuate Collection Set: 2.2ms
[246.177s][info][gc,phases      ] GC(627)   Other: 0.1ms
[246.177s][info][gc,heap        ] GC(627) Eden regions: 331->0(331)
[246.177s][info][gc,heap        ] GC(627) Survivor regions: 1->1(42)
[246.177s][info][gc,heap        ] GC(627) Old regions: 26->26
[246.177s][info][gc,heap        ] GC(627) Archive regions: 0->0
[246.177s][info][gc,heap        ] GC(627) Humongous regions: 0->0
[246.177s][info][gc,metaspace   ] GC(627) Metaspace: 14303K(15168K)->14303K(15168K) NonClass: 12342K(12864K)->12342K(12864K) Class: 1961K(2304K)->1961K(2304K)
[246.177s][info][gc             ] GC(627) Pause Young (Normal) (G1 Evacuation Pause) 669M->7M(1108M) 3.197ms
[246.177s][info][gc,cpu         ] GC(627) User=0.52s Sys=0.00s Real=0.00s
[246.592s][info][gc,start       ] GC(628) Pause Young (Normal) (G1 Evacuation Pause)
[246.592s][info][gc,task        ] GC(628) Using 33 workers of 33 for evacuation
[246.595s][info][gc,phases      ] GC(628)   Pre Evacuate Collection Set: 0.2ms
[246.595s][info][gc,phases      ] GC(628)   Merge Heap Roots: 0.1ms
[246.595s][info][gc,phases      ] GC(628)   Evacuate Collection Set: 0.4ms
[246.595s][info][gc,phases      ] GC(628)   Post Evacuate Collection Set: 2.2ms
[246.595s][info][gc,phases      ] GC(628)   Other: 0.1ms
[246.595s][info][gc,heap        ] GC(628) Eden regions: 331->0(331)
[246.595s][info][gc,heap        ] GC(628) Survivor regions: 1->1(42)
[246.595s][info][gc,heap        ] GC(628) Old regions: 26->26
[246.595s][info][gc,heap        ] GC(628) Archive regions: 0->0
[246.595s][info][gc,heap        ] GC(628) Humongous regions: 0->0
[246.595s][info][gc,metaspace   ] GC(628) Metaspace: 14303K(15168K)->14303K(15168K) NonClass: 12342K(12864K)->12342K(12864K) Class: 1961K(2304K)->1961K(2304K)
[246.595s][info][gc             ] GC(628) Pause Young (Normal) (G1 Evacuation Pause) 669M->7M(1108M) 3.269ms
[246.595s][info][gc,cpu         ] GC(628) User=0.00s Sys=0.00s Real=0.00s
[247.007s][info][gc,start       ] GC(629) Pause Young (Normal) (G1 Evacuation Pause)
[247.007s][info][gc,task        ] GC(629) Using 33 workers of 33 for evacuation
[247.010s][info][gc,phases      ] GC(629)   Pre Evacuate Collection Set: 0.2ms
[247.010s][info][gc,phases      ] GC(629)   Merge Heap Roots: 0.2ms
[247.010s][info][gc,phases      ] GC(629)   Evacuate Collection Set: 0.4ms
[247.010s][info][gc,phases      ] GC(629)   Post Evacuate Collection Set: 2.3ms
[247.010s][info][gc,phases      ] GC(629)   Other: 0.1ms
[247.010s][info][gc,heap        ] GC(629) Eden regions: 331->0(331)
[247.010s][info][gc,heap        ] GC(629) Survivor regions: 1->1(42)
[247.010s][info][gc,heap        ] GC(629) Old regions: 26->26
[247.010s][info][gc,heap        ] GC(629) Archive regions: 0->0
[247.010s][info][gc,heap        ] GC(629) Humongous regions: 0->0
[247.010s][info][gc,metaspace   ] GC(629) Metaspace: 14303K(15168K)->14303K(15168K) NonClass: 12342K(12864K)->12342K(12864K) Class: 1961K(2304K)->1961K(2304K)
[247.010s][info][gc             ] GC(629) Pause Young (Normal) (G1 Evacuation Pause) 669M->7M(1108M) 3.324ms
[247.011s][info][gc,cpu         ] GC(629) User=0.00s Sys=0.00s Real=0.00s
[247.424s][info][gc,start       ] GC(630) Pause Young (Normal) (G1 Evacuation Pause)
[247.424s][info][gc,task        ] GC(630) Using 33 workers of 33 for evacuation
[247.428s][info][gc,phases      ] GC(630)   Pre Evacuate Collection Set: 0.2ms
[247.428s][info][gc,phases      ] GC(630)   Merge Heap Roots: 0.2ms
[247.428s][info][gc,phases      ] GC(630)   Evacuate Collection Set: 0.4ms
[247.428s][info][gc,phases      ] GC(630)   Post Evacuate Collection Set: 2.3ms
[247.428s][info][gc,phases      ] GC(630)   Other: 0.1ms
[247.428s][info][gc,heap        ] GC(630) Eden regions: 331->0(331)
[247.428s][info][gc,heap        ] GC(630) Survivor regions: 1->1(42)
[247.428s][info][gc,heap        ] GC(630) Old regions: 26->26
[247.428s][info][gc,heap        ] GC(630) Archive regions: 0->0
[247.428s][info][gc,heap        ] GC(630) Humongous regions: 0->0
[247.428s][info][gc,metaspace   ] GC(630) Metaspace: 14303K(15168K)->14303K(15168K) NonClass: 12342K(12864K)->12342K(12864K) Class: 1961K(2304K)->1961K(2304K)
[247.428s][info][gc             ] GC(630) Pause Young (Normal) (G1 Evacuation Pause) 669M->8M(1108M) 3.435ms
[247.428s][info][gc,cpu         ] GC(630) User=0.27s Sys=0.02s Real=0.00s
[247.842s][info][gc,start       ] GC(631) Pause Young (Normal) (G1 Evacuation Pause)
[247.842s][info][gc,task        ] GC(631) Using 33 workers of 33 for evacuation
[247.845s][info][gc,phases      ] GC(631)   Pre Evacuate Collection Set: 0.2ms
[247.845s][info][gc,phases      ] GC(631)   Merge Heap Roots: 0.2ms
[247.845s][info][gc,phases      ] GC(631)   Evacuate Collection Set: 0.4ms
[247.845s][info][gc,phases      ] GC(631)   Post Evacuate Collection Set: 2.4ms
[247.845s][info][gc,phases      ] GC(631)   Other: 0.1ms
[247.845s][info][gc,heap        ] GC(631) Eden regions: 331->0(331)
[247.845s][info][gc,heap        ] GC(631) Survivor regions: 1->1(42)
[247.845s][info][gc,heap        ] GC(631) Old regions: 26->26
[247.845s][info][gc,heap        ] GC(631) Archive regions: 0->0
[247.845s][info][gc,heap        ] GC(631) Humongous regions: 0->0
[247.845s][info][gc,metaspace   ] GC(631) Metaspace: 14303K(15168K)->14303K(15168K) NonClass: 12342K(12864K)->12342K(12864K) Class: 1961K(2304K)->1961K(2304K)
[247.846s][info][gc             ] GC(631) Pause Young (Normal) (G1 Evacuation Pause) 670M->8M(1108M) 3.464ms
[247.846s][info][gc,cpu         ] GC(631) User=0.00s Sys=0.00s Real=0.00s
[248.261s][info][gc,start       ] GC(632) Pause Young (Normal) (G1 Evacuation Pause)
[248.261s][info][gc,task        ] GC(632) Using 33 workers of 33 for evacuation
[248.264s][info][gc,phases      ] GC(632)   Pre Evacuate Collection Set: 0.2ms
[248.264s][info][gc,phases      ] GC(632)   Merge Heap Roots: 0.2ms
[248.264s][info][gc,phases      ] GC(632)   Evacuate Collection Set: 0.4ms
[248.264s][info][gc,phases      ] GC(632)   Post Evacuate Collection Set: 2.5ms
[248.264s][info][gc,phases      ] GC(632)   Other: 0.1ms
[248.264s][info][gc,heap        ] GC(632) Eden regions: 331->0(331)
[248.264s][info][gc,heap        ] GC(632) Survivor regions: 1->1(42)
[248.264s][info][gc,heap        ] GC(632) Old regions: 26->26
[248.264s][info][gc,heap        ] GC(632) Archive regions: 0->0
[248.264s][info][gc,heap        ] GC(632) Humongous regions: 0->0
[248.264s][info][gc,metaspace   ] GC(632) Metaspace: 14303K(15168K)->14303K(15168K) NonClass: 12342K(12864K)->12342K(12864K) Class: 1961K(2304K)->1961K(2304K)
[248.264s][info][gc             ] GC(632) Pause Young (Normal) (G1 Evacuation Pause) 670M->8M(1108M) 3.569ms
[248.264s][info][gc,cpu         ] GC(632) User=0.00s Sys=0.00s Real=0.00s
[248.679s][info][gc,start       ] GC(633) Pause Young (Normal) (G1 Evacuation Pause)
[248.679s][info][gc,task        ] GC(633) Using 33 workers of 33 for evacuation
[248.683s][info][gc,phases      ] GC(633)   Pre Evacuate Collection Set: 0.2ms
[248.683s][info][gc,phases      ] GC(633)   Merge Heap Roots: 0.2ms
[248.683s][info][gc,phases      ] GC(633)   Evacuate Collection Set: 0.4ms
[248.683s][info][gc,phases      ] GC(633)   Post Evacuate Collection Set: 2.5ms
[248.683s][info][gc,phases      ] GC(633)   Other: 0.1ms
[248.683s][info][gc,heap        ] GC(633) Eden regions: 331->0(331)
[248.683s][info][gc,heap        ] GC(633) Survivor regions: 1->1(42)
[248.683s][info][gc,heap        ] GC(633) Old regions: 26->26
[248.683s][info][gc,heap        ] GC(633) Archive regions: 0->0
[248.683s][info][gc,heap        ] GC(633) Humongous regions: 0->0
[248.683s][info][gc,metaspace   ] GC(633) Metaspace: 14303K(15168K)->14303K(15168K) NonClass: 12342K(12864K)->12342K(12864K) Class: 1961K(2304K)->1961K(2304K)
[248.683s][info][gc             ] GC(633) Pause Young (Normal) (G1 Evacuation Pause) 670M->8M(1108M) 3.589ms
[248.683s][info][gc,cpu         ] GC(633) User=0.00s Sys=0.00s Real=0.00s
[249.099s][info][gc,start       ] GC(634) Pause Young (Normal) (G1 Evacuation Pause)
[249.099s][info][gc,task        ] GC(634) Using 33 workers of 33 for evacuation
[249.102s][info][gc,phases      ] GC(634)   Pre Evacuate Collection Set: 0.2ms
[249.102s][info][gc,phases      ] GC(634)   Merge Heap Roots: 0.2ms
[249.102s][info][gc,phases      ] GC(634)   Evacuate Collection Set: 0.4ms
[249.102s][info][gc,phases      ] GC(634)   Post Evacuate Collection Set: 2.6ms
[249.102s][info][gc,phases      ] GC(634)   Other: 0.1ms
[249.102s][info][gc,heap        ] GC(634) Eden regions: 331->0(331)
[249.102s][info][gc,heap        ] GC(634) Survivor regions: 1->1(42)
[249.102s][info][gc,heap        ] GC(634) Old regions: 26->27
[249.102s][info][gc,heap        ] GC(634) Archive regions: 0->0
[249.102s][info][gc,heap        ] GC(634) Humongous regions: 0->0
[249.102s][info][gc,metaspace   ] GC(634) Metaspace: 14303K(15168K)->14303K(15168K) NonClass: 12342K(12864K)->12342K(12864K) Class: 1961K(2304K)->1961K(2304K)
[249.102s][info][gc             ] GC(634) Pause Young (Normal) (G1 Evacuation Pause) 670M->8M(1108M) 3.645ms
[249.102s][info][gc,cpu         ] GC(634) User=0.00s Sys=0.00s Real=0.00s
[249.519s][info][gc,start       ] GC(635) Pause Young (Normal) (G1 Evacuation Pause)
[249.519s][info][gc,task        ] GC(635) Using 33 workers of 33 for evacuation
[249.522s][info][gc,phases      ] GC(635)   Pre Evacuate Collection Set: 0.2ms
[249.522s][info][gc,phases      ] GC(635)   Merge Heap Roots: 0.2ms
[249.522s][info][gc,phases      ] GC(635)   Evacuate Collection Set: 0.4ms
[249.522s][info][gc,phases      ] GC(635)   Post Evacuate Collection Set: 2.6ms
[249.522s][info][gc,phases      ] GC(635)   Other: 0.1ms
[249.522s][info][gc,heap        ] GC(635) Eden regions: 331->0(331)
[249.522s][info][gc,heap        ] GC(635) Survivor regions: 1->1(42)
[249.522s][info][gc,heap        ] GC(635) Old regions: 27->27
[249.522s][info][gc,heap        ] GC(635) Archive regions: 0->0
[249.522s][info][gc,heap        ] GC(635) Humongous regions: 0->0
[249.522s][info][gc,metaspace   ] GC(635) Metaspace: 14303K(15168K)->14303K(15168K) NonClass: 12342K(12864K)->12342K(12864K) Class: 1961K(2304K)->1961K(2304K)
[249.522s][info][gc             ] GC(635) Pause Young (Normal) (G1 Evacuation Pause) 670M->8M(1108M) 3.662ms
[249.522s][info][gc,cpu         ] GC(635) User=0.02s Sys=0.00s Real=0.00s
[249.940s][info][gc,start       ] GC(636) Pause Young (Normal) (G1 Evacuation Pause)
[249.940s][info][gc,task        ] GC(636) Using 33 workers of 33 for evacuation
[249.943s][info][gc,phases      ] GC(636)   Pre Evacuate Collection Set: 0.2ms
[249.943s][info][gc,phases      ] GC(636)   Merge Heap Roots: 0.2ms
[249.943s][info][gc,phases      ] GC(636)   Evacuate Collection Set: 0.4ms
[249.943s][info][gc,phases      ] GC(636)   Post Evacuate Collection Set: 2.6ms
[249.943s][info][gc,phases      ] GC(636)   Other: 0.1ms
[249.943s][info][gc,heap        ] GC(636) Eden regions: 331->0(331)
[249.943s][info][gc,heap        ] GC(636) Survivor regions: 1->1(42)
[249.943s][info][gc,heap        ] GC(636) Old regions: 27->27
[249.943s][info][gc,heap        ] GC(636) Archive regions: 0->0
[249.943s][info][gc,heap        ] GC(636) Humongous regions: 0->0
[249.943s][info][gc,metaspace   ] GC(636) Metaspace: 14303K(15168K)->14303K(15168K) NonClass: 12342K(12864K)->12342K(12864K) Class: 1961K(2304K)->1961K(2304K)
[249.943s][info][gc             ] GC(636) Pause Young (Normal) (G1 Evacuation Pause) 670M->8M(1108M) 3.642ms
[249.943s][info][gc,cpu         ] GC(636) User=0.52s Sys=0.00s Real=0.00s
[250.361s][info][gc,start       ] GC(637) Pause Young (Normal) (G1 Evacuation Pause)
[250.361s][info][gc,task        ] GC(637) Using 33 workers of 33 for evacuation
[250.364s][info][gc,phases      ] GC(637)   Pre Evacuate Collection Set: 0.2ms
[250.364s][info][gc,phases      ] GC(637)   Merge Heap Roots: 0.2ms
[250.364s][info][gc,phases      ] GC(637)   Evacuate Collection Set: 0.4ms
[250.364s][info][gc,phases      ] GC(637)   Post Evacuate Collection Set: 2.3ms
[250.364s][info][gc,phases      ] GC(637)   Other: 0.1ms
[250.364s][info][gc,heap        ] GC(637) Eden regions: 331->0(331)
[250.364s][info][gc,heap        ] GC(637) Survivor regions: 1->1(42)
[250.364s][info][gc,heap        ] GC(637) Old regions: 27->27
[250.364s][info][gc,heap        ] GC(637) Archive regions: 0->0
[250.364s][info][gc,heap        ] GC(637) Humongous regions: 0->0
[250.364s][info][gc,metaspace   ] GC(637) Metaspace: 14303K(15168K)->14303K(15168K) NonClass: 12342K(12864K)->12342K(12864K) Class: 1961K(2304K)->1961K(2304K)
[250.364s][info][gc             ] GC(637) Pause Young (Normal) (G1 Evacuation Pause) 670M->8M(1108M) 3.387ms
[250.364s][info][gc,cpu         ] GC(637) User=0.52s Sys=0.00s Real=0.00s
[250.779s][info][gc,start       ] GC(638) Pause Young (Normal) (G1 Evacuation Pause)
[250.779s][info][gc,task        ] GC(638) Using 33 workers of 33 for evacuation
[250.782s][info][gc,phases      ] GC(638)   Pre Evacuate Collection Set: 0.2ms
[250.782s][info][gc,phases      ] GC(638)   Merge Heap Roots: 0.2ms
[250.782s][info][gc,phases      ] GC(638)   Evacuate Collection Set: 0.4ms
[250.782s][info][gc,phases      ] GC(638)   Post Evacuate Collection Set: 2.2ms
[250.782s][info][gc,phases      ] GC(638)   Other: 0.1ms
[250.782s][info][gc,heap        ] GC(638) Eden regions: 331->0(331)
[250.782s][info][gc,heap        ] GC(638) Survivor regions: 1->1(42)
[250.782s][info][gc,heap        ] GC(638) Old regions: 27->27
[250.782s][info][gc,heap        ] GC(638) Archive regions: 0->0
[250.782s][info][gc,heap        ] GC(638) Humongous regions: 0->0
[250.782s][info][gc,metaspace   ] GC(638) Metaspace: 14303K(15168K)->14303K(15168K) NonClass: 12342K(12864K)->12342K(12864K) Class: 1961K(2304K)->1961K(2304K)
[250.782s][info][gc             ] GC(638) Pause Young (Normal) (G1 Evacuation Pause) 670M->8M(1108M) 3.246ms
[250.782s][info][gc,cpu         ] GC(638) User=0.00s Sys=0.00s Real=0.00s
[251.197s][info][gc,start       ] GC(639) Pause Young (Normal) (G1 Evacuation Pause)
[251.197s][info][gc,task        ] GC(639) Using 33 workers of 33 for evacuation
[251.200s][info][gc,phases      ] GC(639)   Pre Evacuate Collection Set: 0.1ms
[251.200s][info][gc,phases      ] GC(639)   Merge Heap Roots: 0.1ms
[251.200s][info][gc,phases      ] GC(639)   Evacuate Collection Set: 0.4ms
[251.200s][info][gc,phases      ] GC(639)   Post Evacuate Collection Set: 2.2ms
[251.200s][info][gc,phases      ] GC(639)   Other: 0.1ms
[251.200s][info][gc,heap        ] GC(639) Eden regions: 331->0(331)
[251.200s][info][gc,heap        ] GC(639) Survivor regions: 1->1(42)
[251.200s][info][gc,heap        ] GC(639) Old regions: 27->27
[251.200s][info][gc,heap        ] GC(639) Archive regions: 0->0
[251.200s][info][gc,heap        ] GC(639) Humongous regions: 0->0
[251.200s][info][gc,metaspace   ] GC(639) Metaspace: 14303K(15168K)->14303K(15168K) NonClass: 12342K(12864K)->12342K(12864K) Class: 1961K(2304K)->1961K(2304K)
[251.200s][info][gc             ] GC(639) Pause Young (Normal) (G1 Evacuation Pause) 670M->8M(1108M) 3.220ms
[251.200s][info][gc,cpu         ] GC(639) User=0.00s Sys=0.00s Real=0.00s
[251.616s][info][gc,start       ] GC(640) Pause Young (Normal) (G1 Evacuation Pause)
[251.616s][info][gc,task        ] GC(640) Using 33 workers of 33 for evacuation
[251.619s][info][gc,phases      ] GC(640)   Pre Evacuate Collection Set: 0.1ms
[251.619s][info][gc,phases      ] GC(640)   Merge Heap Roots: 0.2ms
[251.619s][info][gc,phases      ] GC(640)   Evacuate Collection Set: 0.4ms
[251.619s][info][gc,phases      ] GC(640)   Post Evacuate Collection Set: 2.3ms
[251.619s][info][gc,phases      ] GC(640)   Other: 0.1ms
[251.619s][info][gc,heap        ] GC(640) Eden regions: 331->0(331)
[251.619s][info][gc,heap        ] GC(640) Survivor regions: 1->1(42)
[251.619s][info][gc,heap        ] GC(640) Old regions: 27->27
[251.619s][info][gc,heap        ] GC(640) Archive regions: 0->0
[251.619s][info][gc,heap        ] GC(640) Humongous regions: 0->0
[251.619s][info][gc,metaspace   ] GC(640) Metaspace: 14303K(15168K)->14303K(15168K) NonClass: 12342K(12864K)->12342K(12864K) Class: 1961K(2304K)->1961K(2304K)
[251.619s][info][gc             ] GC(640) Pause Young (Normal) (G1 Evacuation Pause) 670M->8M(1108M) 3.385ms
[251.619s][info][gc,cpu         ] GC(640) User=0.00s Sys=0.00s Real=0.00s
[252.032s][info][gc,start       ] GC(641) Pause Young (Normal) (G1 Evacuation Pause)
[252.032s][info][gc,task        ] GC(641) Using 33 workers of 33 for evacuation
[252.036s][info][gc,phases      ] GC(641)   Pre Evacuate Collection Set: 0.1ms
[252.036s][info][gc,phases      ] GC(641)   Merge Heap Roots: 0.2ms
[252.036s][info][gc,phases      ] GC(641)   Evacuate Collection Set: 0.4ms
[252.036s][info][gc,phases      ] GC(641)   Post Evacuate Collection Set: 2.4ms
[252.036s][info][gc,phases      ] GC(641)   Other: 0.1ms
[252.036s][info][gc,heap        ] GC(641) Eden regions: 331->0(331)
[252.036s][info][gc,heap        ] GC(641) Survivor regions: 1->1(42)
[252.036s][info][gc,heap        ] GC(641) Old regions: 27->27
[252.036s][info][gc,heap        ] GC(641) Archive regions: 0->0
[252.036s][info][gc,heap        ] GC(641) Humongous regions: 0->0
[252.036s][info][gc,metaspace   ] GC(641) Metaspace: 14303K(15168K)->14303K(15168K) NonClass: 12342K(12864K)->12342K(12864K) Class: 1961K(2304K)->1961K(2304K)
[252.036s][info][gc             ] GC(641) Pause Young (Normal) (G1 Evacuation Pause) 670M->8M(1108M) 3.412ms
[252.036s][info][gc,cpu         ] GC(641) User=0.00s Sys=0.00s Real=0.00s
[252.449s][info][gc,start       ] GC(642) Pause Young (Normal) (G1 Evacuation Pause)
[252.449s][info][gc,task        ] GC(642) Using 33 workers of 33 for evacuation
[252.453s][info][gc,phases      ] GC(642)   Pre Evacuate Collection Set: 0.2ms
[252.453s][info][gc,phases      ] GC(642)   Merge Heap Roots: 0.2ms
[252.453s][info][gc,phases      ] GC(642)   Evacuate Collection Set: 0.4ms
[252.453s][info][gc,phases      ] GC(642)   Post Evacuate Collection Set: 2.4ms
[252.453s][info][gc,phases      ] GC(642)   Other: 0.1ms
[252.453s][info][gc,heap        ] GC(642) Eden regions: 331->0(331)
[252.453s][info][gc,heap        ] GC(642) Survivor regions: 1->1(42)
[252.453s][info][gc,heap        ] GC(642) Old regions: 27->27
[252.453s][info][gc,heap        ] GC(642) Archive regions: 0->0
[252.453s][info][gc,heap        ] GC(642) Humongous regions: 0->0
[252.453s][info][gc,metaspace   ] GC(642) Metaspace: 14303K(15168K)->14303K(15168K) NonClass: 12342K(12864K)->12342K(12864K) Class: 1961K(2304K)->1961K(2304K)
[252.453s][info][gc             ] GC(642) Pause Young (Normal) (G1 Evacuation Pause) 670M->8M(1108M) 3.463ms
[252.453s][info][gc,cpu         ] GC(642) User=0.00s Sys=0.00s Real=0.00s
[252.867s][info][gc,start       ] GC(643) Pause Young (Normal) (G1 Evacuation Pause)
[252.867s][info][gc,task        ] GC(643) Using 33 workers of 33 for evacuation
[252.870s][info][gc,phases      ] GC(643)   Pre Evacuate Collection Set: 0.2ms
[252.870s][info][gc,phases      ] GC(643)   Merge Heap Roots: 0.2ms
[252.870s][info][gc,phases      ] GC(643)   Evacuate Collection Set: 0.4ms
[252.870s][info][gc,phases      ] GC(643)   Post Evacuate Collection Set: 2.5ms
[252.870s][info][gc,phases      ] GC(643)   Other: 0.1ms
[252.870s][info][gc,heap        ] GC(643) Eden regions: 331->0(331)
[252.870s][info][gc,heap        ] GC(643) Survivor regions: 1->1(42)
[252.870s][info][gc,heap        ] GC(643) Old regions: 27->27
[252.870s][info][gc,heap        ] GC(643) Archive regions: 0->0
[252.870s][info][gc,heap        ] GC(643) Humongous regions: 0->0
[252.870s][info][gc,metaspace   ] GC(643) Metaspace: 14303K(15168K)->14303K(15168K) NonClass: 12342K(12864K)->12342K(12864K) Class: 1961K(2304K)->1961K(2304K)
[252.870s][info][gc             ] GC(643) Pause Young (Normal) (G1 Evacuation Pause) 670M->9M(1108M) 3.559ms
[252.870s][info][gc,cpu         ] GC(643) User=0.00s Sys=0.00s Real=0.00s
[253.285s][info][gc,start       ] GC(644) Pause Young (Normal) (G1 Evacuation Pause)
[253.285s][info][gc,task        ] GC(644) Using 33 workers of 33 for evacuation
[253.289s][info][gc,phases      ] GC(644)   Pre Evacuate Collection Set: 0.2ms
[253.289s][info][gc,phases      ] GC(644)   Merge Heap Roots: 0.1ms
[253.289s][info][gc,phases      ] GC(644)   Evacuate Collection Set: 0.4ms
[253.289s][info][gc,phases      ] GC(644)   Post Evacuate Collection Set: 2.5ms
[253.289s][info][gc,phases      ] GC(644)   Other: 0.1ms
[253.289s][info][gc,heap        ] GC(644) Eden regions: 331->0(331)
[253.289s][info][gc,heap        ] GC(644) Survivor regions: 1->1(42)
[253.289s][info][gc,heap        ] GC(644) Old regions: 27->27
[253.289s][info][gc,heap        ] GC(644) Archive regions: 0->0
[253.289s][info][gc,heap        ] GC(644) Humongous regions: 0->0
[253.289s][info][gc,metaspace   ] GC(644) Metaspace: 14303K(15168K)->14303K(15168K) NonClass: 12342K(12864K)->12342K(12864K) Class: 1961K(2304K)->1961K(2304K)
[253.289s][info][gc             ] GC(644) Pause Young (Normal) (G1 Evacuation Pause) 671M->9M(1108M) 3.595ms
[253.289s][info][gc,cpu         ] GC(644) User=0.00s Sys=0.00s Real=0.00s
[253.709s][info][gc,start       ] GC(645) Pause Young (Normal) (G1 Evacuation Pause)
[253.709s][info][gc,task        ] GC(645) Using 33 workers of 33 for evacuation
[253.712s][info][gc,phases      ] GC(645)   Pre Evacuate Collection Set: 0.2ms
[253.712s][info][gc,phases      ] GC(645)   Merge Heap Roots: 0.2ms
[253.712s][info][gc,phases      ] GC(645)   Evacuate Collection Set: 0.4ms
[253.712s][info][gc,phases      ] GC(645)   Post Evacuate Collection Set: 2.6ms
[253.712s][info][gc,phases      ] GC(645)   Other: 0.1ms
[253.712s][info][gc,heap        ] GC(645) Eden regions: 331->0(331)
[253.712s][info][gc,heap        ] GC(645) Survivor regions: 1->1(42)
[253.712s][info][gc,heap        ] GC(645) Old regions: 27->27
[253.712s][info][gc,heap        ] GC(645) Archive regions: 0->0
[253.712s][info][gc,heap        ] GC(645) Humongous regions: 0->0
[253.712s][info][gc,metaspace   ] GC(645) Metaspace: 14303K(15168K)->14303K(15168K) NonClass: 12342K(12864K)->12342K(12864K) Class: 1961K(2304K)->1961K(2304K)
[253.712s][info][gc             ] GC(645) Pause Young (Normal) (G1 Evacuation Pause) 671M->9M(1108M) 3.643ms
[253.712s][info][gc,cpu         ] GC(645) User=0.00s Sys=0.00s Real=0.00s
[254.205s][info][gc,start       ] GC(646) Pause Young (Normal) (G1 Evacuation Pause)
[254.205s][info][gc,task        ] GC(646) Using 33 workers of 33 for evacuation
[254.209s][info][gc,phases      ] GC(646)   Pre Evacuate Collection Set: 0.1ms
[254.209s][info][gc,phases      ] GC(646)   Merge Heap Roots: 0.2ms
[254.209s][info][gc,phases      ] GC(646)   Evacuate Collection Set: 0.5ms
[254.209s][info][gc,phases      ] GC(646)   Post Evacuate Collection Set: 2.7ms
[254.209s][info][gc,phases      ] GC(646)   Other: 0.1ms
[254.209s][info][gc,heap        ] GC(646) Eden regions: 331->0(331)
[254.209s][info][gc,heap        ] GC(646) Survivor regions: 1->1(42)
[254.209s][info][gc,heap        ] GC(646) Old regions: 27->27
[254.209s][info][gc,heap        ] GC(646) Archive regions: 0->0
[254.209s][info][gc,heap        ] GC(646) Humongous regions: 0->0
[254.209s][info][gc,metaspace   ] GC(646) Metaspace: 14303K(15168K)->14303K(15168K) NonClass: 12342K(12864K)->12342K(12864K) Class: 1961K(2304K)->1961K(2304K)
[254.209s][info][gc             ] GC(646) Pause Young (Normal) (G1 Evacuation Pause) 671M->9M(1108M) 3.911ms
[254.209s][info][gc,cpu         ] GC(646) User=0.52s Sys=0.00s Real=0.00s
[254.552s][info][gc,start       ] GC(647) Pause Full (System.gc())
[254.552s][info][gc,task        ] GC(647) Using 29 workers of 33 for full compaction
[254.554s][info][gc,phases,start] GC(647) Phase 1: Mark live objects
[254.566s][info][gc,phases      ] GC(647) Phase 1: Mark live objects 12.176ms
[254.566s][info][gc,phases,start] GC(647) Phase 2: Prepare compaction
[254.568s][info][gc,phases      ] GC(647) Phase 2: Prepare compaction 2.036ms
[254.568s][info][gc,phases,start] GC(647) Phase 3: Adjust pointers
[254.572s][info][gc,phases      ] GC(647) Phase 3: Adjust pointers 3.881ms
[254.572s][info][gc,phases,start] GC(647) Phase 4: Compact heap
[254.573s][info][gc,phases      ] GC(647) Phase 4: Compact heap 0.511ms
[254.579s][info][gc,heap        ] GC(647) Eden regions: 251->0(52)
[254.579s][info][gc,heap        ] GC(647) Survivor regions: 1->0(42)
[254.579s][info][gc,heap        ] GC(647) Old regions: 27->26
[254.579s][info][gc,heap        ] GC(647) Archive regions: 0->0
[254.579s][info][gc,heap        ] GC(647) Humongous regions: 0->0
[254.579s][info][gc,metaspace   ] GC(647) Metaspace: 14303K(15168K)->14303K(15168K) NonClass: 12342K(12864K)->12342K(12864K) Class: 1961K(2304K)->1961K(2304K)
[254.579s][info][gc             ] GC(647) Pause Full (System.gc()) 509M->5M(174M) 27.301ms
[254.580s][info][gc,cpu         ] GC(647) User=0.02s Sys=0.00s Real=0.02s
[254.653s][info][gc,start       ] GC(648) Pause Young (Normal) (G1 Evacuation Pause)
[254.653s][info][gc,task        ] GC(648) Using 33 workers of 33 for evacuation
[254.656s][info][gc,phases      ] GC(648)   Pre Evacuate Collection Set: 0.1ms
[254.656s][info][gc,phases      ] GC(648)   Merge Heap Roots: 0.1ms
[254.656s][info][gc,phases      ] GC(648)   Evacuate Collection Set: 0.4ms
[254.656s][info][gc,phases      ] GC(648)   Post Evacuate Collection Set: 2.0ms
[254.656s][info][gc,phases      ] GC(648)   Other: 0.1ms
[254.656s][info][gc,heap        ] GC(648) Eden regions: 52->0(51)
[254.656s][info][gc,heap        ] GC(648) Survivor regions: 0->1(7)
[254.656s][info][gc,heap        ] GC(648) Old regions: 26->26
[254.656s][info][gc,heap        ] GC(648) Archive regions: 0->0
[254.656s][info][gc,heap        ] GC(648) Humongous regions: 0->0
[254.656s][info][gc,metaspace   ] GC(648) Metaspace: 14303K(15168K)->14303K(15168K) NonClass: 12342K(12864K)->12342K(12864K) Class: 1961K(2304K)->1961K(2304K)
[254.656s][info][gc             ] GC(648) Pause Young (Normal) (G1 Evacuation Pause) 109M->6M(174M) 2.967ms
[254.656s][info][gc,cpu         ] GC(648) User=0.00s Sys=0.00s Real=0.00s
[254.719s][info][gc,start       ] GC(649) Pause Young (Normal) (G1 Evacuation Pause)
[254.720s][info][gc,task        ] GC(649) Using 33 workers of 33 for evacuation
[254.722s][info][gc,phases      ] GC(649)   Pre Evacuate Collection Set: 0.1ms
[254.722s][info][gc,phases      ] GC(649)   Merge Heap Roots: 0.1ms
[254.722s][info][gc,phases      ] GC(649)   Evacuate Collection Set: 0.5ms
[254.722s][info][gc,phases      ] GC(649)   Post Evacuate Collection Set: 2.0ms
[254.722s][info][gc,phases      ] GC(649)   Other: 0.1ms
[254.722s][info][gc,heap        ] GC(649) Eden regions: 51->0(51)
[254.722s][info][gc,heap        ] GC(649) Survivor regions: 1->1(7)
[254.722s][info][gc,heap        ] GC(649) Old regions: 26->26
[254.722s][info][gc,heap        ] GC(649) Archive regions: 0->0
[254.722s][info][gc,heap        ] GC(649) Humongous regions: 0->0
[254.722s][info][gc,metaspace   ] GC(649) Metaspace: 14303K(15168K)->14303K(15168K) NonClass: 12342K(12864K)->12342K(12864K) Class: 1961K(2304K)->1961K(2304K)
[254.722s][info][gc             ] GC(649) Pause Young (Normal) (G1 Evacuation Pause) 108M->6M(174M) 3.030ms
[254.722s][info][gc,cpu         ] GC(649) User=0.03s Sys=0.00s Real=0.00s
[254.787s][info][gc,start       ] GC(650) Pause Young (Normal) (G1 Evacuation Pause)
[254.787s][info][gc,task        ] GC(650) Using 33 workers of 33 for evacuation
[254.790s][info][gc,phases      ] GC(650)   Pre Evacuate Collection Set: 0.1ms
[254.790s][info][gc,phases      ] GC(650)   Merge Heap Roots: 0.1ms
[254.790s][info][gc,phases      ] GC(650)   Evacuate Collection Set: 0.4ms
[254.790s][info][gc,phases      ] GC(650)   Post Evacuate Collection Set: 2.0ms
[254.790s][info][gc,phases      ] GC(650)   Other: 0.1ms
[254.790s][info][gc,heap        ] GC(650) Eden regions: 51->0(51)
[254.790s][info][gc,heap        ] GC(650) Survivor regions: 1->1(7)
[254.790s][info][gc,heap        ] GC(650) Old regions: 26->26
[254.790s][info][gc,heap        ] GC(650) Archive regions: 0->0
[254.790s][info][gc,heap        ] GC(650) Humongous regions: 0->0
[254.790s][info][gc,metaspace   ] GC(650) Metaspace: 14303K(15168K)->14303K(15168K) NonClass: 12342K(12864K)->12342K(12864K) Class: 1961K(2304K)->1961K(2304K)
[254.790s][info][gc             ] GC(650) Pause Young (Normal) (G1 Evacuation Pause) 108M->6M(174M) 2.961ms
[254.790s][info][gc,cpu         ] GC(650) User=0.00s Sys=0.00s Real=0.00s
[254.857s][info][gc,start       ] GC(651) Pause Young (Normal) (G1 Evacuation Pause)
[254.857s][info][gc,task        ] GC(651) Using 33 workers of 33 for evacuation
[254.863s][info][gc,phases      ] GC(651)   Pre Evacuate Collection Set: 0.1ms
[254.863s][info][gc,phases      ] GC(651)   Merge Heap Roots: 0.1ms
[254.863s][info][gc,phases      ] GC(651)   Evacuate Collection Set: 0.5ms
[254.863s][info][gc,phases      ] GC(651)   Post Evacuate Collection Set: 4.9ms
[254.863s][info][gc,phases      ] GC(651)   Other: 0.1ms
[254.863s][info][gc,heap        ] GC(651) Eden regions: 51->0(332)
[254.863s][info][gc,heap        ] GC(651) Survivor regions: 1->1(7)
[254.863s][info][gc,heap        ] GC(651) Old regions: 26->26
[254.863s][info][gc,heap        ] GC(651) Archive regions: 0->0
[254.863s][info][gc,heap        ] GC(651) Humongous regions: 0->0
[254.863s][info][gc,metaspace   ] GC(651) Metaspace: 14303K(15168K)->14303K(15168K) NonClass: 12342K(12864K)->12342K(12864K) Class: 1961K(2304K)->1961K(2304K)
[254.863s][info][gc             ] GC(651) Pause Young (Normal) (G1 Evacuation Pause) 108M->6M(1112M) 6.025ms
[254.863s][info][gc,cpu         ] GC(651) User=0.00s Sys=0.00s Real=0.00s
[255.315s][info][gc,start       ] GC(652) Pause Young (Normal) (G1 Evacuation Pause)
[255.315s][info][gc,task        ] GC(652) Using 33 workers of 33 for evacuation
[255.319s][info][gc,phases      ] GC(652)   Pre Evacuate Collection Set: 0.2ms
[255.319s][info][gc,phases      ] GC(652)   Merge Heap Roots: 0.1ms
[255.319s][info][gc,phases      ] GC(652)   Evacuate Collection Set: 1.7ms
[255.319s][info][gc,phases      ] GC(652)   Post Evacuate Collection Set: 2.3ms
[255.319s][info][gc,phases      ] GC(652)   Other: 0.1ms
[255.320s][info][gc,heap        ] GC(652) Eden regions: 332->0(332)
[255.320s][info][gc,heap        ] GC(652) Survivor regions: 1->1(42)
[255.320s][info][gc,heap        ] GC(652) Old regions: 26->26
[255.320s][info][gc,heap        ] GC(652) Archive regions: 0->0
[255.320s][info][gc,heap        ] GC(652) Humongous regions: 0->0
[255.320s][info][gc,metaspace   ] GC(652) Metaspace: 14303K(15168K)->14303K(15168K) NonClass: 12342K(12864K)->12342K(12864K) Class: 1961K(2304K)->1961K(2304K)
[255.320s][info][gc             ] GC(652) Pause Young (Normal) (G1 Evacuation Pause) 670M->6M(1112M) 4.595ms
[255.320s][info][gc,cpu         ] GC(652) User=0.03s Sys=0.48s Real=0.01s
[255.734s][info][gc,start       ] GC(653) Pause Young (Normal) (G1 Evacuation Pause)
[255.735s][info][gc,task        ] GC(653) Using 33 workers of 33 for evacuation
[255.739s][info][gc,phases      ] GC(653)   Pre Evacuate Collection Set: 0.1ms
[255.739s][info][gc,phases      ] GC(653)   Merge Heap Roots: 0.1ms
[255.739s][info][gc,phases      ] GC(653)   Evacuate Collection Set: 1.8ms
[255.739s][info][gc,phases      ] GC(653)   Post Evacuate Collection Set: 2.2ms
[255.739s][info][gc,phases      ] GC(653)   Other: 0.1ms
[255.739s][info][gc,heap        ] GC(653) Eden regions: 332->0(332)
[255.739s][info][gc,heap        ] GC(653) Survivor regions: 1->1(42)
[255.739s][info][gc,heap        ] GC(653) Old regions: 26->26
[255.739s][info][gc,heap        ] GC(653) Archive regions: 0->0
[255.739s][info][gc,heap        ] GC(653) Humongous regions: 0->0
[255.739s][info][gc,metaspace   ] GC(653) Metaspace: 14303K(15168K)->14303K(15168K) NonClass: 12342K(12864K)->12342K(12864K) Class: 1961K(2304K)->1961K(2304K)
[255.739s][info][gc             ] GC(653) Pause Young (Normal) (G1 Evacuation Pause) 670M->6M(1112M) 4.616ms
[255.739s][info][gc,cpu         ] GC(653) User=0.52s Sys=0.02s Real=0.00s
[256.156s][info][gc,start       ] GC(654) Pause Young (Normal) (G1 Evacuation Pause)
[256.156s][info][gc,task        ] GC(654) Using 33 workers of 33 for evacuation
[256.159s][info][gc,phases      ] GC(654)   Pre Evacuate Collection Set: 0.2ms
[256.159s][info][gc,phases      ] GC(654)   Merge Heap Roots: 0.1ms
[256.159s][info][gc,phases      ] GC(654)   Evacuate Collection Set: 0.6ms
[256.159s][info][gc,phases      ] GC(654)   Post Evacuate Collection Set: 2.3ms
[256.159s][info][gc,phases      ] GC(654)   Other: 0.1ms
[256.159s][info][gc,heap        ] GC(654) Eden regions: 332->0(332)
[256.159s][info][gc,heap        ] GC(654) Survivor regions: 1->1(42)
[256.159s][info][gc,heap        ] GC(654) Old regions: 26->26
[256.159s][info][gc,heap        ] GC(654) Archive regions: 0->0
[256.159s][info][gc,heap        ] GC(654) Humongous regions: 0->0
[256.159s][info][gc,metaspace   ] GC(654) Metaspace: 14303K(15168K)->14303K(15168K) NonClass: 12342K(12864K)->12342K(12864K) Class: 1961K(2304K)->1961K(2304K)
[256.159s][info][gc             ] GC(654) Pause Young (Normal) (G1 Evacuation Pause) 670M->6M(1112M) 3.500ms
[256.160s][info][gc,cpu         ] GC(654) User=0.00s Sys=0.00s Real=0.00s
[256.578s][info][gc,start       ] GC(655) Pause Young (Normal) (G1 Evacuation Pause)
[256.578s][info][gc,task        ] GC(655) Using 33 workers of 33 for evacuation
[256.581s][info][gc,phases      ] GC(655)   Pre Evacuate Collection Set: 0.1ms
[256.581s][info][gc,phases      ] GC(655)   Merge Heap Roots: 0.1ms
[256.581s][info][gc,phases      ] GC(655)   Evacuate Collection Set: 0.6ms
[256.581s][info][gc,phases      ] GC(655)   Post Evacuate Collection Set: 2.3ms
[256.581s][info][gc,phases      ] GC(655)   Other: 0.1ms
[256.581s][info][gc,heap        ] GC(655) Eden regions: 332->0(332)
[256.581s][info][gc,heap        ] GC(655) Survivor regions: 1->1(42)
[256.581s][info][gc,heap        ] GC(655) Old regions: 26->26
[256.581s][info][gc,heap        ] GC(655) Archive regions: 0->0
[256.581s][info][gc,heap        ] GC(655) Humongous regions: 0->0
[256.582s][info][gc,metaspace   ] GC(655) Metaspace: 14303K(15168K)->14303K(15168K) NonClass: 12342K(12864K)->12342K(12864K) Class: 1961K(2304K)->1961K(2304K)
[256.582s][info][gc             ] GC(655) Pause Young (Normal) (G1 Evacuation Pause) 670M->7M(1112M) 3.600ms
[256.582s][info][gc,cpu         ] GC(655) User=0.03s Sys=0.00s Real=0.00s
[256.991s][info][gc,start       ] GC(656) Pause Young (Normal) (G1 Evacuation Pause)
[256.991s][info][gc,task        ] GC(656) Using 33 workers of 33 for evacuation
[256.995s][info][gc,phases      ] GC(656)   Pre Evacuate Collection Set: 0.1ms
[256.995s][info][gc,phases      ] GC(656)   Merge Heap Roots: 0.1ms
[256.995s][info][gc,phases      ] GC(656)   Evacuate Collection Set: 0.5ms
[256.995s][info][gc,phases      ] GC(656)   Post Evacuate Collection Set: 2.4ms
[256.995s][info][gc,phases      ] GC(656)   Other: 0.1ms
[256.995s][info][gc,heap        ] GC(656) Eden regions: 332->0(332)
[256.995s][info][gc,heap        ] GC(656) Survivor regions: 1->1(42)
[256.995s][info][gc,heap        ] GC(656) Old regions: 26->26
[256.995s][info][gc,heap        ] GC(656) Archive regions: 0->0
[256.995s][info][gc,heap        ] GC(656) Humongous regions: 0->0
[256.995s][info][gc,metaspace   ] GC(656) Metaspace: 14303K(15168K)->14303K(15168K) NonClass: 12342K(12864K)->12342K(12864K) Class: 1961K(2304K)->1961K(2304K)
[256.995s][info][gc             ] GC(656) Pause Young (Normal) (G1 Evacuation Pause) 671M->7M(1112M) 3.503ms
[256.995s][info][gc,cpu         ] GC(656) User=0.00s Sys=0.00s Real=0.00s
[257.407s][info][gc,start       ] GC(657) Pause Young (Normal) (G1 Evacuation Pause)
[257.407s][info][gc,task        ] GC(657) Using 33 workers of 33 for evacuation
[257.410s][info][gc,phases      ] GC(657)   Pre Evacuate Collection Set: 0.1ms
[257.410s][info][gc,phases      ] GC(657)   Merge Heap Roots: 0.2ms
[257.410s][info][gc,phases      ] GC(657)   Evacuate Collection Set: 0.6ms
[257.410s][info][gc,phases      ] GC(657)   Post Evacuate Collection Set: 2.4ms
[257.410s][info][gc,phases      ] GC(657)   Other: 0.1ms
[257.410s][info][gc,heap        ] GC(657) Eden regions: 332->0(332)
[257.410s][info][gc,heap        ] GC(657) Survivor regions: 1->1(42)
[257.410s][info][gc,heap        ] GC(657) Old regions: 26->26
[257.410s][info][gc,heap        ] GC(657) Archive regions: 0->0
[257.410s][info][gc,heap        ] GC(657) Humongous regions: 0->0
[257.410s][info][gc,metaspace   ] GC(657) Metaspace: 14303K(15168K)->14303K(15168K) NonClass: 12342K(12864K)->12342K(12864K) Class: 1961K(2304K)->1961K(2304K)
[257.410s][info][gc             ] GC(657) Pause Young (Normal) (G1 Evacuation Pause) 671M->7M(1112M) 3.663ms
[257.410s][info][gc,cpu         ] GC(657) User=0.52s Sys=0.00s Real=0.00s
[257.823s][info][gc,start       ] GC(658) Pause Young (Normal) (G1 Evacuation Pause)
[257.823s][info][gc,task        ] GC(658) Using 33 workers of 33 for evacuation
[257.827s][info][gc,phases      ] GC(658)   Pre Evacuate Collection Set: 0.2ms
[257.827s][info][gc,phases      ] GC(658)   Merge Heap Roots: 0.1ms
[257.827s][info][gc,phases      ] GC(658)   Evacuate Collection Set: 0.6ms
[257.827s][info][gc,phases      ] GC(658)   Post Evacuate Collection Set: 2.5ms
[257.827s][info][gc,phases      ] GC(658)   Other: 0.1ms
[257.827s][info][gc,heap        ] GC(658) Eden regions: 332->0(332)
[257.827s][info][gc,heap        ] GC(658) Survivor regions: 1->1(42)
[257.827s][info][gc,heap        ] GC(658) Old regions: 26->26
[257.827s][info][gc,heap        ] GC(658) Archive regions: 0->0
[257.827s][info][gc,heap        ] GC(658) Humongous regions: 0->0
[257.827s][info][gc,metaspace   ] GC(658) Metaspace: 14303K(15168K)->14303K(15168K) NonClass: 12342K(12864K)->12342K(12864K) Class: 1961K(2304K)->1961K(2304K)
[257.827s][info][gc             ] GC(658) Pause Young (Normal) (G1 Evacuation Pause) 671M->7M(1112M) 3.684ms
[257.827s][info][gc,cpu         ] GC(658) User=0.00s Sys=0.00s Real=0.00s
[258.237s][info][gc,start       ] GC(659) Pause Young (Normal) (G1 Evacuation Pause)
[258.237s][info][gc,task        ] GC(659) Using 33 workers of 33 for evacuation
[258.241s][info][gc,phases      ] GC(659)   Pre Evacuate Collection Set: 0.1ms
[258.241s][info][gc,phases      ] GC(659)   Merge Heap Roots: 0.1ms
[258.241s][info][gc,phases      ] GC(659)   Evacuate Collection Set: 0.6ms
[258.241s][info][gc,phases      ] GC(659)   Post Evacuate Collection Set: 2.5ms
[258.241s][info][gc,phases      ] GC(659)   Other: 0.1ms
[258.241s][info][gc,heap        ] GC(659) Eden regions: 332->0(331)
[258.241s][info][gc,heap        ] GC(659) Survivor regions: 1->2(42)
[258.241s][info][gc,heap        ] GC(659) Old regions: 26->26
[258.241s][info][gc,heap        ] GC(659) Archive regions: 0->0
[258.241s][info][gc,heap        ] GC(659) Humongous regions: 0->0
[258.241s][info][gc,metaspace   ] GC(659) Metaspace: 14303K(15168K)->14303K(15168K) NonClass: 12342K(12864K)->12342K(12864K) Class: 1961K(2304K)->1961K(2304K)
[258.241s][info][gc             ] GC(659) Pause Young (Normal) (G1 Evacuation Pause) 671M->7M(1112M) 3.677ms
[258.241s][info][gc,cpu         ] GC(659) User=0.00s Sys=0.02s Real=0.00s
[258.653s][info][gc,start       ] GC(660) Pause Young (Normal) (G1 Evacuation Pause)
[258.653s][info][gc,task        ] GC(660) Using 33 workers of 33 for evacuation
[258.657s][info][gc,phases      ] GC(660)   Pre Evacuate Collection Set: 0.2ms
[258.657s][info][gc,phases      ] GC(660)   Merge Heap Roots: 0.1ms
[258.657s][info][gc,phases      ] GC(660)   Evacuate Collection Set: 1.0ms
[258.657s][info][gc,phases      ] GC(660)   Post Evacuate Collection Set: 2.6ms
[258.657s][info][gc,phases      ] GC(660)   Other: 0.1ms
[258.657s][info][gc,heap        ] GC(660) Eden regions: 331->0(331)
[258.657s][info][gc,heap        ] GC(660) Survivor regions: 2->2(42)
[258.657s][info][gc,heap        ] GC(660) Old regions: 26->26
[258.657s][info][gc,heap        ] GC(660) Archive regions: 0->0
[258.657s][info][gc,heap        ] GC(660) Humongous regions: 0->0
[258.657s][info][gc,metaspace   ] GC(660) Metaspace: 14303K(15168K)->14303K(15168K) NonClass: 12342K(12864K)->12342K(12864K) Class: 1961K(2304K)->1961K(2304K)
[258.657s][info][gc             ] GC(660) Pause Young (Normal) (G1 Evacuation Pause) 669M->7M(1112M) 4.189ms
[258.657s][info][gc,cpu         ] GC(660) User=0.00s Sys=0.00s Real=0.00s
[259.065s][info][gc,start       ] GC(661) Pause Young (Normal) (G1 Evacuation Pause)
[259.065s][info][gc,task        ] GC(661) Using 33 workers of 33 for evacuation
[259.069s][info][gc,phases      ] GC(661)   Pre Evacuate Collection Set: 0.1ms
[259.069s][info][gc,phases      ] GC(661)   Merge Heap Roots: 0.1ms
[259.069s][info][gc,phases      ] GC(661)   Evacuate Collection Set: 0.6ms
[259.069s][info][gc,phases      ] GC(661)   Post Evacuate Collection Set: 2.6ms
[259.069s][info][gc,phases      ] GC(661)   Other: 0.1ms
[259.069s][info][gc,heap        ] GC(661) Eden regions: 331->0(331)
[259.069s][info][gc,heap        ] GC(661) Survivor regions: 2->2(42)
[259.069s][info][gc,heap        ] GC(661) Old regions: 26->26
[259.069s][info][gc,heap        ] GC(661) Archive regions: 0->0
[259.069s][info][gc,heap        ] GC(661) Humongous regions: 0->0
[259.069s][info][gc,metaspace   ] GC(661) Metaspace: 14303K(15168K)->14303K(15168K) NonClass: 12342K(12864K)->12342K(12864K) Class: 1961K(2304K)->1961K(2304K)
[259.069s][info][gc             ] GC(661) Pause Young (Normal) (G1 Evacuation Pause) 669M->7M(1112M) 3.811ms
[259.069s][info][gc,cpu         ] GC(661) User=0.52s Sys=0.00s Real=0.00s
[259.483s][info][gc,start       ] GC(662) Pause Young (Normal) (G1 Evacuation Pause)
[259.483s][info][gc,task        ] GC(662) Using 33 workers of 33 for evacuation
[259.487s][info][gc,phases      ] GC(662)   Pre Evacuate Collection Set: 0.1ms
[259.487s][info][gc,phases      ] GC(662)   Merge Heap Roots: 0.2ms
[259.487s][info][gc,phases      ] GC(662)   Evacuate Collection Set: 0.5ms
[259.487s][info][gc,phases      ] GC(662)   Post Evacuate Collection Set: 2.6ms
[259.487s][info][gc,phases      ] GC(662)   Other: 0.1ms
[259.487s][info][gc,heap        ] GC(662) Eden regions: 331->0(331)
[259.487s][info][gc,heap        ] GC(662) Survivor regions: 2->2(42)
[259.487s][info][gc,heap        ] GC(662) Old regions: 26->26
[259.487s][info][gc,heap        ] GC(662) Archive regions: 0->0
[259.487s][info][gc,heap        ] GC(662) Humongous regions: 0->0
[259.487s][info][gc,metaspace   ] GC(662) Metaspace: 14303K(15168K)->14303K(15168K) NonClass: 12342K(12864K)->12342K(12864K) Class: 1961K(2304K)->1961K(2304K)
[259.487s][info][gc             ] GC(662) Pause Young (Normal) (G1 Evacuation Pause) 669M->7M(1112M) 3.820ms
[259.487s][info][gc,cpu         ] GC(662) User=0.00s Sys=0.00s Real=0.00s
[259.903s][info][gc,start       ] GC(663) Pause Young (Normal) (G1 Evacuation Pause)
[259.903s][info][gc,task        ] GC(663) Using 33 workers of 33 for evacuation
[259.907s][info][gc,phases      ] GC(663)   Pre Evacuate Collection Set: 0.2ms
[259.907s][info][gc,phases      ] GC(663)   Merge Heap Roots: 0.2ms
[259.907s][info][gc,phases      ] GC(663)   Evacuate Collection Set: 0.5ms
[259.907s][info][gc,phases      ] GC(663)   Post Evacuate Collection Set: 2.3ms
[259.907s][info][gc,phases      ] GC(663)   Other: 0.1ms
[259.907s][info][gc,heap        ] GC(663) Eden regions: 331->0(332)
[259.907s][info][gc,heap        ] GC(663) Survivor regions: 2->1(42)
[259.907s][info][gc,heap        ] GC(663) Old regions: 26->27
[259.907s][info][gc,heap        ] GC(663) Archive regions: 0->0
[259.907s][info][gc,heap        ] GC(663) Humongous regions: 0->0
[259.907s][info][gc,metaspace   ] GC(663) Metaspace: 14303K(15168K)->14303K(15168K) NonClass: 12342K(12864K)->12342K(12864K) Class: 1961K(2304K)->1961K(2304K)
[259.907s][info][gc             ] GC(663) Pause Young (Normal) (G1 Evacuation Pause) 669M->7M(1112M) 3.457ms
[259.907s][info][gc,cpu         ] GC(663) User=0.00s Sys=0.00s Real=0.00s
[260.322s][info][gc,start       ] GC(664) Pause Young (Normal) (G1 Evacuation Pause)
[260.322s][info][gc,task        ] GC(664) Using 33 workers of 33 for evacuation
[260.325s][info][gc,phases      ] GC(664)   Pre Evacuate Collection Set: 0.1ms
[260.325s][info][gc,phases      ] GC(664)   Merge Heap Roots: 0.2ms
[260.325s][info][gc,phases      ] GC(664)   Evacuate Collection Set: 0.4ms
[260.325s][info][gc,phases      ] GC(664)   Post Evacuate Collection Set: 2.4ms
[260.325s][info][gc,phases      ] GC(664)   Other: 0.1ms
[260.325s][info][gc,heap        ] GC(664) Eden regions: 332->0(332)
[260.325s][info][gc,heap        ] GC(664) Survivor regions: 1->1(42)
[260.325s][info][gc,heap        ] GC(664) Old regions: 27->27
[260.325s][info][gc,heap        ] GC(664) Archive regions: 0->0
[260.325s][info][gc,heap        ] GC(664) Humongous regions: 0->0
[260.325s][info][gc,metaspace   ] GC(664) Metaspace: 14303K(15168K)->14303K(15168K) NonClass: 12342K(12864K)->12342K(12864K) Class: 1961K(2304K)->1961K(2304K)
[260.325s][info][gc             ] GC(664) Pause Young (Normal) (G1 Evacuation Pause) 671M->7M(1112M) 3.384ms
[260.325s][info][gc,cpu         ] GC(664) User=0.00s Sys=0.00s Real=0.00s
[260.741s][info][gc,start       ] GC(665) Pause Young (Normal) (G1 Evacuation Pause)
[260.741s][info][gc,task        ] GC(665) Using 33 workers of 33 for evacuation
[260.744s][info][gc,phases      ] GC(665)   Pre Evacuate Collection Set: 0.1ms
[260.744s][info][gc,phases      ] GC(665)   Merge Heap Roots: 0.2ms
[260.744s][info][gc,phases      ] GC(665)   Evacuate Collection Set: 0.4ms
[260.744s][info][gc,phases      ] GC(665)   Post Evacuate Collection Set: 2.3ms
[260.744s][info][gc,phases      ] GC(665)   Other: 0.1ms
[260.744s][info][gc,heap        ] GC(665) Eden regions: 332->0(332)
[260.744s][info][gc,heap        ] GC(665) Survivor regions: 1->1(42)
[260.744s][info][gc,heap        ] GC(665) Old regions: 27->27
[260.744s][info][gc,heap        ] GC(665) Archive regions: 0->0
[260.744s][info][gc,heap        ] GC(665) Humongous regions: 0->0
[260.744s][info][gc,metaspace   ] GC(665) Metaspace: 14303K(15168K)->14303K(15168K) NonClass: 12342K(12864K)->12342K(12864K) Class: 1961K(2304K)->1961K(2304K)
[260.744s][info][gc             ] GC(665) Pause Young (Normal) (G1 Evacuation Pause) 671M->7M(1112M) 3.297ms
[260.744s][info][gc,cpu         ] GC(665) User=0.00s Sys=0.00s Real=0.00s
[261.161s][info][gc,start       ] GC(666) Pause Young (Normal) (G1 Evacuation Pause)
[261.161s][info][gc,task        ] GC(666) Using 33 workers of 33 for evacuation
[261.164s][info][gc,phases      ] GC(666)   Pre Evacuate Collection Set: 0.1ms
[261.164s][info][gc,phases      ] GC(666)   Merge Heap Roots: 0.2ms
[261.164s][info][gc,phases      ] GC(666)   Evacuate Collection Set: 0.4ms
[261.164s][info][gc,phases      ] GC(666)   Post Evacuate Collection Set: 2.3ms
[261.164s][info][gc,phases      ] GC(666)   Other: 0.1ms
[261.164s][info][gc,heap        ] GC(666) Eden regions: 332->0(332)
[261.164s][info][gc,heap        ] GC(666) Survivor regions: 1->1(42)
[261.164s][info][gc,heap        ] GC(666) Old regions: 27->27
[261.164s][info][gc,heap        ] GC(666) Archive regions: 0->0
[261.164s][info][gc,heap        ] GC(666) Humongous regions: 0->0
[261.164s][info][gc,metaspace   ] GC(666) Metaspace: 14303K(15168K)->14303K(15168K) NonClass: 12342K(12864K)->12342K(12864K) Class: 1961K(2304K)->1961K(2304K)
[261.164s][info][gc             ] GC(666) Pause Young (Normal) (G1 Evacuation Pause) 671M->7M(1112M) 3.434ms
[261.164s][info][gc,cpu         ] GC(666) User=0.00s Sys=0.00s Real=0.00s
[261.579s][info][gc,start       ] GC(667) Pause Young (Normal) (G1 Evacuation Pause)
[261.579s][info][gc,task        ] GC(667) Using 33 workers of 33 for evacuation
[261.582s][info][gc,phases      ] GC(667)   Pre Evacuate Collection Set: 0.2ms
[261.582s][info][gc,phases      ] GC(667)   Merge Heap Roots: 0.2ms
[261.582s][info][gc,phases      ] GC(667)   Evacuate Collection Set: 0.4ms
[261.582s][info][gc,phases      ] GC(667)   Post Evacuate Collection Set: 2.4ms
[261.582s][info][gc,phases      ] GC(667)   Other: 0.1ms
[261.582s][info][gc,heap        ] GC(667) Eden regions: 332->0(332)
[261.582s][info][gc,heap        ] GC(667) Survivor regions: 1->1(42)
[261.582s][info][gc,heap        ] GC(667) Old regions: 27->27
[261.582s][info][gc,heap        ] GC(667) Archive regions: 0->0
[261.582s][info][gc,heap        ] GC(667) Humongous regions: 0->0
[261.582s][info][gc,metaspace   ] GC(667) Metaspace: 14303K(15168K)->14303K(15168K) NonClass: 12342K(12864K)->12342K(12864K) Class: 1961K(2304K)->1961K(2304K)
[261.582s][info][gc             ] GC(667) Pause Young (Normal) (G1 Evacuation Pause) 671M->7M(1112M) 3.497ms
[261.582s][info][gc,cpu         ] GC(667) User=0.00s Sys=0.00s Real=0.00s
[262.000s][info][gc,start       ] GC(668) Pause Young (Normal) (G1 Evacuation Pause)
[262.000s][info][gc,task        ] GC(668) Using 33 workers of 33 for evacuation
[262.003s][info][gc,phases      ] GC(668)   Pre Evacuate Collection Set: 0.1ms
[262.003s][info][gc,phases      ] GC(668)   Merge Heap Roots: 0.2ms
[262.003s][info][gc,phases      ] GC(668)   Evacuate Collection Set: 0.4ms
[262.003s][info][gc,phases      ] GC(668)   Post Evacuate Collection Set: 2.4ms
[262.003s][info][gc,phases      ] GC(668)   Other: 0.1ms
[262.003s][info][gc,heap        ] GC(668) Eden regions: 332->0(332)
[262.003s][info][gc,heap        ] GC(668) Survivor regions: 1->1(42)
[262.003s][info][gc,heap        ] GC(668) Old regions: 27->27
[262.003s][info][gc,heap        ] GC(668) Archive regions: 0->0
[262.003s][info][gc,heap        ] GC(668) Humongous regions: 0->0
[262.003s][info][gc,metaspace   ] GC(668) Metaspace: 14303K(15168K)->14303K(15168K) NonClass: 12342K(12864K)->12342K(12864K) Class: 1961K(2304K)->1961K(2304K)
[262.003s][info][gc             ] GC(668) Pause Young (Normal) (G1 Evacuation Pause) 671M->7M(1112M) 3.451ms
[262.003s][info][gc,cpu         ] GC(668) User=0.47s Sys=0.03s Real=0.00s
[262.419s][info][gc,start       ] GC(669) Pause Young (Normal) (G1 Evacuation Pause)
[262.419s][info][gc,task        ] GC(669) Using 33 workers of 33 for evacuation
[262.422s][info][gc,phases      ] GC(669)   Pre Evacuate Collection Set: 0.2ms
[262.422s][info][gc,phases      ] GC(669)   Merge Heap Roots: 0.2ms
[262.422s][info][gc,phases      ] GC(669)   Evacuate Collection Set: 0.4ms
[262.422s][info][gc,phases      ] GC(669)   Post Evacuate Collection Set: 2.5ms
[262.422s][info][gc,phases      ] GC(669)   Other: 0.1ms
[262.422s][info][gc,heap        ] GC(669) Eden regions: 332->0(332)
[262.422s][info][gc,heap        ] GC(669) Survivor regions: 1->1(42)
[262.422s][info][gc,heap        ] GC(669) Old regions: 27->27
[262.422s][info][gc,heap        ] GC(669) Archive regions: 0->0
[262.422s][info][gc,heap        ] GC(669) Humongous regions: 0->0
[262.422s][info][gc,metaspace   ] GC(669) Metaspace: 14303K(15168K)->14303K(15168K) NonClass: 12342K(12864K)->12342K(12864K) Class: 1961K(2304K)->1961K(2304K)
[262.422s][info][gc             ] GC(669) Pause Young (Normal) (G1 Evacuation Pause) 671M->8M(1112M) 3.555ms
[262.423s][info][gc,cpu         ] GC(669) User=0.00s Sys=0.00s Real=0.00s
[262.840s][info][gc,start       ] GC(670) Pause Young (Normal) (G1 Evacuation Pause)
[262.840s][info][gc,task        ] GC(670) Using 33 workers of 33 for evacuation
[262.844s][info][gc,phases      ] GC(670)   Pre Evacuate Collection Set: 0.1ms
[262.844s][info][gc,phases      ] GC(670)   Merge Heap Roots: 0.1ms
[262.844s][info][gc,phases      ] GC(670)   Evacuate Collection Set: 0.4ms
[262.844s][info][gc,phases      ] GC(670)   Post Evacuate Collection Set: 2.5ms
[262.844s][info][gc,phases      ] GC(670)   Other: 0.1ms
[262.844s][info][gc,heap        ] GC(670) Eden regions: 332->0(332)
[262.844s][info][gc,heap        ] GC(670) Survivor regions: 1->1(42)
[262.844s][info][gc,heap        ] GC(670) Old regions: 27->27
[262.844s][info][gc,heap        ] GC(670) Archive regions: 0->0
[262.844s][info][gc,heap        ] GC(670) Humongous regions: 0->0
[262.844s][info][gc,metaspace   ] GC(670) Metaspace: 14303K(15168K)->14303K(15168K) NonClass: 12342K(12864K)->12342K(12864K) Class: 1961K(2304K)->1961K(2304K)
[262.844s][info][gc             ] GC(670) Pause Young (Normal) (G1 Evacuation Pause) 672M->8M(1112M) 3.571ms
[262.844s][info][gc,cpu         ] GC(670) User=0.00s Sys=0.00s Real=0.00s
[263.342s][info][gc,start       ] GC(671) Pause Young (Normal) (G1 Evacuation Pause)
[263.343s][info][gc,task        ] GC(671) Using 33 workers of 33 for evacuation
[263.347s][info][gc,phases      ] GC(671)   Pre Evacuate Collection Set: 0.2ms
[263.347s][info][gc,phases      ] GC(671)   Merge Heap Roots: 0.3ms
[263.347s][info][gc,phases      ] GC(671)   Evacuate Collection Set: 0.7ms
[263.347s][info][gc,phases      ] GC(671)   Post Evacuate Collection Set: 3.4ms
[263.347s][info][gc,phases      ] GC(671)   Other: 0.2ms
[263.348s][info][gc,heap        ] GC(671) Eden regions: 332->0(332)
[263.348s][info][gc,heap        ] GC(671) Survivor regions: 1->1(42)
[263.348s][info][gc,heap        ] GC(671) Old regions: 27->27
[263.348s][info][gc,heap        ] GC(671) Archive regions: 0->0
[263.348s][info][gc,heap        ] GC(671) Humongous regions: 0->0
[263.348s][info][gc,metaspace   ] GC(671) Metaspace: 14303K(15168K)->14303K(15168K) NonClass: 12342K(12864K)->12342K(12864K) Class: 1961K(2304K)->1961K(2304K)
[263.348s][info][gc             ] GC(671) Pause Young (Normal) (G1 Evacuation Pause) 672M->8M(1112M) 5.312ms
[263.348s][info][gc,cpu         ] GC(671) User=0.00s Sys=0.00s Real=0.00s
[263.774s][info][gc,start       ] GC(672) Pause Young (Normal) (G1 Evacuation Pause)
[263.774s][info][gc,task        ] GC(672) Using 33 workers of 33 for evacuation
[263.777s][info][gc,phases      ] GC(672)   Pre Evacuate Collection Set: 0.2ms
[263.777s][info][gc,phases      ] GC(672)   Merge Heap Roots: 0.2ms
[263.778s][info][gc,phases      ] GC(672)   Evacuate Collection Set: 0.4ms
[263.778s][info][gc,phases      ] GC(672)   Post Evacuate Collection Set: 2.2ms
[263.778s][info][gc,phases      ] GC(672)   Other: 0.1ms
[263.778s][info][gc,heap        ] GC(672) Eden regions: 332->0(332)
[263.778s][info][gc,heap        ] GC(672) Survivor regions: 1->1(42)
[263.778s][info][gc,heap        ] GC(672) Old regions: 27->27
[263.778s][info][gc,heap        ] GC(672) Archive regions: 0->0
[263.778s][info][gc,heap        ] GC(672) Humongous regions: 0->0
[263.778s][info][gc,metaspace   ] GC(672) Metaspace: 14303K(15168K)->14303K(15168K) NonClass: 12342K(12864K)->12342K(12864K) Class: 1961K(2304K)->1961K(2304K)
[263.778s][info][gc             ] GC(672) Pause Young (Normal) (G1 Evacuation Pause) 672M->8M(1112M) 3.312ms
[263.778s][info][gc,cpu         ] GC(672) User=0.00s Sys=0.00s Real=0.00s
[264.199s][info][gc,start       ] GC(673) Pause Young (Normal) (G1 Evacuation Pause)
[264.199s][info][gc,task        ] GC(673) Using 33 workers of 33 for evacuation
[264.202s][info][gc,phases      ] GC(673)   Pre Evacuate Collection Set: 0.1ms
[264.202s][info][gc,phases      ] GC(673)   Merge Heap Roots: 0.2ms
[264.202s][info][gc,phases      ] GC(673)   Evacuate Collection Set: 0.4ms
[264.202s][info][gc,phases      ] GC(673)   Post Evacuate Collection Set: 2.1ms
[264.202s][info][gc,phases      ] GC(673)   Other: 0.1ms
[264.202s][info][gc,heap        ] GC(673) Eden regions: 332->0(332)
[264.202s][info][gc,heap        ] GC(673) Survivor regions: 1->1(42)
[264.202s][info][gc,heap        ] GC(673) Old regions: 27->28
[264.202s][info][gc,heap        ] GC(673) Archive regions: 0->0
[264.202s][info][gc,heap        ] GC(673) Humongous regions: 0->0
[264.202s][info][gc,metaspace   ] GC(673) Metaspace: 14303K(15168K)->14303K(15168K) NonClass: 12342K(12864K)->12342K(12864K) Class: 1961K(2304K)->1961K(2304K)
[264.202s][info][gc             ] GC(673) Pause Young (Normal) (G1 Evacuation Pause) 672M->8M(1112M) 3.171ms
[264.202s][info][gc,cpu         ] GC(673) User=0.00s Sys=0.00s Real=0.00s
[264.621s][info][gc,start       ] GC(674) Pause Young (Normal) (G1 Evacuation Pause)
[264.621s][info][gc,task        ] GC(674) Using 33 workers of 33 for evacuation
[264.624s][info][gc,phases      ] GC(674)   Pre Evacuate Collection Set: 0.2ms
[264.624s][info][gc,phases      ] GC(674)   Merge Heap Roots: 0.2ms
[264.624s][info][gc,phases      ] GC(674)   Evacuate Collection Set: 0.4ms
[264.624s][info][gc,phases      ] GC(674)   Post Evacuate Collection Set: 2.2ms
[264.624s][info][gc,phases      ] GC(674)   Other: 0.1ms
[264.624s][info][gc,heap        ] GC(674) Eden regions: 332->0(332)
[264.624s][info][gc,heap        ] GC(674) Survivor regions: 1->1(42)
[264.624s][info][gc,heap        ] GC(674) Old regions: 28->28
[264.624s][info][gc,heap        ] GC(674) Archive regions: 0->0
[264.624s][info][gc,heap        ] GC(674) Humongous regions: 0->0
[264.624s][info][gc,metaspace   ] GC(674) Metaspace: 14303K(15168K)->14303K(15168K) NonClass: 12342K(12864K)->12342K(12864K) Class: 1961K(2304K)->1961K(2304K)
[264.624s][info][gc             ] GC(674) Pause Young (Normal) (G1 Evacuation Pause) 672M->8M(1112M) 3.234ms
[264.624s][info][gc,cpu         ] GC(674) User=0.00s Sys=0.00s Real=0.00s
[265.044s][info][gc,start       ] GC(675) Pause Young (Normal) (G1 Evacuation Pause)
[265.044s][info][gc,task        ] GC(675) Using 33 workers of 33 for evacuation
[265.047s][info][gc,phases      ] GC(675)   Pre Evacuate Collection Set: 0.1ms
[265.047s][info][gc,phases      ] GC(675)   Merge Heap Roots: 0.2ms
[265.048s][info][gc,phases      ] GC(675)   Evacuate Collection Set: 0.4ms
[265.048s][info][gc,phases      ] GC(675)   Post Evacuate Collection Set: 2.2ms
[265.048s][info][gc,phases      ] GC(675)   Other: 0.1ms
[265.048s][info][gc,heap        ] GC(675) Eden regions: 332->0(332)
[265.048s][info][gc,heap        ] GC(675) Survivor regions: 1->1(42)
[265.048s][info][gc,heap        ] GC(675) Old regions: 28->28
[265.048s][info][gc,heap        ] GC(675) Archive regions: 0->0
[265.048s][info][gc,heap        ] GC(675) Humongous regions: 0->0
[265.048s][info][gc,metaspace   ] GC(675) Metaspace: 14303K(15168K)->14303K(15168K) NonClass: 12342K(12864K)->12342K(12864K) Class: 1961K(2304K)->1961K(2304K)
[265.048s][info][gc             ] GC(675) Pause Young (Normal) (G1 Evacuation Pause) 672M->8M(1112M) 3.313ms
[265.048s][info][gc,cpu         ] GC(675) User=0.00s Sys=0.00s Real=0.00s
[265.467s][info][gc,start       ] GC(676) Pause Young (Normal) (G1 Evacuation Pause)
[265.467s][info][gc,task        ] GC(676) Using 33 workers of 33 for evacuation
[265.470s][info][gc,phases      ] GC(676)   Pre Evacuate Collection Set: 0.2ms
[265.470s][info][gc,phases      ] GC(676)   Merge Heap Roots: 0.1ms
[265.470s][info][gc,phases      ] GC(676)   Evacuate Collection Set: 0.4ms
[265.470s][info][gc,phases      ] GC(676)   Post Evacuate Collection Set: 2.3ms
[265.470s][info][gc,phases      ] GC(676)   Other: 0.1ms
[265.470s][info][gc,heap        ] GC(676) Eden regions: 332->0(332)
[265.470s][info][gc,heap        ] GC(676) Survivor regions: 1->1(42)
[265.470s][info][gc,heap        ] GC(676) Old regions: 28->28
[265.470s][info][gc,heap        ] GC(676) Archive regions: 0->0
[265.470s][info][gc,heap        ] GC(676) Humongous regions: 0->0
[265.470s][info][gc,metaspace   ] GC(676) Metaspace: 14303K(15168K)->14303K(15168K) NonClass: 12342K(12864K)->12342K(12864K) Class: 1961K(2304K)->1961K(2304K)
[265.470s][info][gc             ] GC(676) Pause Young (Normal) (G1 Evacuation Pause) 672M->8M(1112M) 3.338ms
[265.470s][info][gc,cpu         ] GC(676) User=0.00s Sys=0.00s Real=0.00s
[265.889s][info][gc,start       ] GC(677) Pause Young (Normal) (G1 Evacuation Pause)
[265.889s][info][gc,task        ] GC(677) Using 33 workers of 33 for evacuation
[265.892s][info][gc,phases      ] GC(677)   Pre Evacuate Collection Set: 0.2ms
[265.893s][info][gc,phases      ] GC(677)   Merge Heap Roots: 0.2ms
[265.893s][info][gc,phases      ] GC(677)   Evacuate Collection Set: 0.4ms
[265.893s][info][gc,phases      ] GC(677)   Post Evacuate Collection Set: 2.4ms
[265.893s][info][gc,phases      ] GC(677)   Other: 0.1ms
[265.893s][info][gc,heap        ] GC(677) Eden regions: 332->0(332)
[265.893s][info][gc,heap        ] GC(677) Survivor regions: 1->1(42)
[265.893s][info][gc,heap        ] GC(677) Old regions: 28->28
[265.893s][info][gc,heap        ] GC(677) Archive regions: 0->0
[265.893s][info][gc,heap        ] GC(677) Humongous regions: 0->0
[265.893s][info][gc,metaspace   ] GC(677) Metaspace: 14303K(15168K)->14303K(15168K) NonClass: 12342K(12864K)->12342K(12864K) Class: 1961K(2304K)->1961K(2304K)
[265.893s][info][gc             ] GC(677) Pause Young (Normal) (G1 Evacuation Pause) 672M->8M(1112M) 3.420ms
[265.893s][info][gc,cpu         ] GC(677) User=0.00s Sys=0.00s Real=0.00s
[266.311s][info][gc,start       ] GC(678) Pause Young (Normal) (G1 Evacuation Pause)
[266.311s][info][gc,task        ] GC(678) Using 33 workers of 33 for evacuation
[266.314s][info][gc,phases      ] GC(678)   Pre Evacuate Collection Set: 0.2ms
[266.314s][info][gc,phases      ] GC(678)   Merge Heap Roots: 0.2ms
[266.314s][info][gc,phases      ] GC(678)   Evacuate Collection Set: 0.4ms
[266.314s][info][gc,phases      ] GC(678)   Post Evacuate Collection Set: 2.4ms
[266.314s][info][gc,phases      ] GC(678)   Other: 0.1ms
[266.314s][info][gc,heap        ] GC(678) Eden regions: 332->0(332)
[266.314s][info][gc,heap        ] GC(678) Survivor regions: 1->1(42)
[266.314s][info][gc,heap        ] GC(678) Old regions: 28->28
[266.314s][info][gc,heap        ] GC(678) Archive regions: 0->0
[266.314s][info][gc,heap        ] GC(678) Humongous regions: 0->0
[266.314s][info][gc,metaspace   ] GC(678) Metaspace: 14303K(15168K)->14303K(15168K) NonClass: 12342K(12864K)->12342K(12864K) Class: 1961K(2304K)->1961K(2304K)
[266.314s][info][gc             ] GC(678) Pause Young (Normal) (G1 Evacuation Pause) 672M->8M(1112M) 3.463ms
[266.314s][info][gc,cpu         ] GC(678) User=0.00s Sys=0.00s Real=0.00s
[266.732s][info][gc,start       ] GC(679) Pause Young (Normal) (G1 Evacuation Pause)
[266.732s][info][gc,task        ] GC(679) Using 33 workers of 33 for evacuation
[266.735s][info][gc,phases      ] GC(679)   Pre Evacuate Collection Set: 0.2ms
[266.735s][info][gc,phases      ] GC(679)   Merge Heap Roots: 0.2ms
[266.735s][info][gc,phases      ] GC(679)   Evacuate Collection Set: 0.4ms
[266.735s][info][gc,phases      ] GC(679)   Post Evacuate Collection Set: 2.5ms
[266.735s][info][gc,phases      ] GC(679)   Other: 0.1ms
[266.735s][info][gc,heap        ] GC(679) Eden regions: 332->0(332)
[266.735s][info][gc,heap        ] GC(679) Survivor regions: 1->1(42)
[266.735s][info][gc,heap        ] GC(679) Old regions: 28->28
[266.735s][info][gc,heap        ] GC(679) Archive regions: 0->0
[266.735s][info][gc,heap        ] GC(679) Humongous regions: 0->0
[266.735s][info][gc,metaspace   ] GC(679) Metaspace: 14303K(15168K)->14303K(15168K) NonClass: 12342K(12864K)->12342K(12864K) Class: 1961K(2304K)->1961K(2304K)
[266.736s][info][gc             ] GC(679) Pause Young (Normal) (G1 Evacuation Pause) 672M->8M(1112M) 3.561ms
[266.736s][info][gc,cpu         ] GC(679) User=0.00s Sys=0.00s Real=0.00s
[267.154s][info][gc,start       ] GC(680) Pause Young (Normal) (G1 Evacuation Pause)
[267.154s][info][gc,task        ] GC(680) Using 33 workers of 33 for evacuation
[267.157s][info][gc,phases      ] GC(680)   Pre Evacuate Collection Set: 0.2ms
[267.157s][info][gc,phases      ] GC(680)   Merge Heap Roots: 0.2ms
[267.157s][info][gc,phases      ] GC(680)   Evacuate Collection Set: 0.4ms
[267.157s][info][gc,phases      ] GC(680)   Post Evacuate Collection Set: 2.5ms
[267.157s][info][gc,phases      ] GC(680)   Other: 0.1ms
[267.157s][info][gc,heap        ] GC(680) Eden regions: 332->0(332)
[267.157s][info][gc,heap        ] GC(680) Survivor regions: 1->1(42)
[267.157s][info][gc,heap        ] GC(680) Old regions: 28->28
[267.157s][info][gc,heap        ] GC(680) Archive regions: 0->0
[267.157s][info][gc,heap        ] GC(680) Humongous regions: 0->0
[267.157s][info][gc,metaspace   ] GC(680) Metaspace: 14303K(15168K)->14303K(15168K) NonClass: 12342K(12864K)->12342K(12864K) Class: 1961K(2304K)->1961K(2304K)
[267.157s][info][gc             ] GC(680) Pause Young (Normal) (G1 Evacuation Pause) 672M->8M(1112M) 3.558ms
[267.157s][info][gc,cpu         ] GC(680) User=0.00s Sys=0.00s Real=0.00s
[267.574s][info][gc,start       ] GC(681) Pause Young (Normal) (G1 Evacuation Pause)
[267.574s][info][gc,task        ] GC(681) Using 33 workers of 33 for evacuation
[267.578s][info][gc,phases      ] GC(681)   Pre Evacuate Collection Set: 0.2ms
[267.578s][info][gc,phases      ] GC(681)   Merge Heap Roots: 0.2ms
[267.578s][info][gc,phases      ] GC(681)   Evacuate Collection Set: 0.4ms
[267.578s][info][gc,phases      ] GC(681)   Post Evacuate Collection Set: 2.6ms
[267.578s][info][gc,phases      ] GC(681)   Other: 0.1ms
[267.578s][info][gc,heap        ] GC(681) Eden regions: 332->0(332)
[267.578s][info][gc,heap        ] GC(681) Survivor regions: 1->1(42)
[267.578s][info][gc,heap        ] GC(681) Old regions: 28->28
[267.578s][info][gc,heap        ] GC(681) Archive regions: 0->0
[267.578s][info][gc,heap        ] GC(681) Humongous regions: 0->0
[267.578s][info][gc,metaspace   ] GC(681) Metaspace: 14303K(15168K)->14303K(15168K) NonClass: 12342K(12864K)->12342K(12864K) Class: 1961K(2304K)->1961K(2304K)
[267.578s][info][gc             ] GC(681) Pause Young (Normal) (G1 Evacuation Pause) 672M->8M(1112M) 3.629ms
[267.578s][info][gc,cpu         ] GC(681) User=0.00s Sys=0.00s Real=0.00s
[268.000s][info][gc,start       ] GC(682) Pause Young (Normal) (G1 Evacuation Pause)
[268.000s][info][gc,task        ] GC(682) Using 33 workers of 33 for evacuation
[268.003s][info][gc,phases      ] GC(682)   Pre Evacuate Collection Set: 0.1ms
[268.003s][info][gc,phases      ] GC(682)   Merge Heap Roots: 0.2ms
[268.003s][info][gc,phases      ] GC(682)   Evacuate Collection Set: 0.4ms
[268.003s][info][gc,phases      ] GC(682)   Post Evacuate Collection Set: 2.6ms
[268.003s][info][gc,phases      ] GC(682)   Other: 0.1ms
[268.003s][info][gc,heap        ] GC(682) Eden regions: 332->0(332)
[268.003s][info][gc,heap        ] GC(682) Survivor regions: 1->1(42)
[268.003s][info][gc,heap        ] GC(682) Old regions: 28->28
[268.003s][info][gc,heap        ] GC(682) Archive regions: 0->0
[268.004s][info][gc,heap        ] GC(682) Humongous regions: 0->0
[268.004s][info][gc,metaspace   ] GC(682) Metaspace: 14303K(15168K)->14303K(15168K) NonClass: 12342K(12864K)->12342K(12864K) Class: 1961K(2304K)->1961K(2304K)
[268.004s][info][gc             ] GC(682) Pause Young (Normal) (G1 Evacuation Pause) 672M->9M(1112M) 3.678ms
[268.004s][info][gc,cpu         ] GC(682) User=0.02s Sys=0.00s Real=0.00s
[268.424s][info][gc,start       ] GC(683) Pause Young (Normal) (G1 Evacuation Pause)
[268.425s][info][gc,task        ] GC(683) Using 33 workers of 33 for evacuation
[268.428s][info][gc,phases      ] GC(683)   Pre Evacuate Collection Set: 0.2ms
[268.428s][info][gc,phases      ] GC(683)   Merge Heap Roots: 0.2ms
[268.428s][info][gc,phases      ] GC(683)   Evacuate Collection Set: 0.4ms
[268.428s][info][gc,phases      ] GC(683)   Post Evacuate Collection Set: 2.6ms
[268.428s][info][gc,phases      ] GC(683)   Other: 0.1ms
[268.428s][info][gc,heap        ] GC(683) Eden regions: 332->0(332)
[268.428s][info][gc,heap        ] GC(683) Survivor regions: 1->1(42)
[268.428s][info][gc,heap        ] GC(683) Old regions: 28->28
[268.428s][info][gc,heap        ] GC(683) Archive regions: 0->0
[268.428s][info][gc,heap        ] GC(683) Humongous regions: 0->0
[268.428s][info][gc,metaspace   ] GC(683) Metaspace: 14303K(15168K)->14303K(15168K) NonClass: 12342K(12864K)->12342K(12864K) Class: 1961K(2304K)->1961K(2304K)
[268.428s][info][gc             ] GC(683) Pause Young (Normal) (G1 Evacuation Pause) 673M->9M(1112M) 3.615ms
[268.428s][info][gc,cpu         ] GC(683) User=0.02s Sys=0.03s Real=0.00s
[268.887s][info][gc,start       ] GC(684) Pause Young (Normal) (G1 Evacuation Pause)
[268.887s][info][gc,task        ] GC(684) Using 33 workers of 33 for evacuation
[268.890s][info][gc,phases      ] GC(684)   Pre Evacuate Collection Set: 0.2ms
[268.890s][info][gc,phases      ] GC(684)   Merge Heap Roots: 0.2ms
[268.890s][info][gc,phases      ] GC(684)   Evacuate Collection Set: 0.3ms
[268.890s][info][gc,phases      ] GC(684)   Post Evacuate Collection Set: 2.1ms
[268.890s][info][gc,phases      ] GC(684)   Other: 0.1ms
[268.890s][info][gc,heap        ] GC(684) Eden regions: 332->0(332)
[268.890s][info][gc,heap        ] GC(684) Survivor regions: 1->1(42)
[268.890s][info][gc,heap        ] GC(684) Old regions: 28->28
[268.890s][info][gc,heap        ] GC(684) Archive regions: 0->0
[268.890s][info][gc,heap        ] GC(684) Humongous regions: 0->0
[268.890s][info][gc,metaspace   ] GC(684) Metaspace: 14303K(15168K)->14303K(15168K) NonClass: 12342K(12864K)->12342K(12864K) Class: 1961K(2304K)->1961K(2304K)
[268.890s][info][gc             ] GC(684) Pause Young (Normal) (G1 Evacuation Pause) 673M->9M(1112M) 3.112ms
[268.890s][info][gc,cpu         ] GC(684) User=0.00s Sys=0.00s Real=0.00s
[269.392s][info][gc,start       ] GC(685) Pause Young (Normal) (G1 Evacuation Pause)
[269.392s][info][gc,task        ] GC(685) Using 33 workers of 33 for evacuation
[269.395s][info][gc,phases      ] GC(685)   Pre Evacuate Collection Set: 0.1ms
[269.395s][info][gc,phases      ] GC(685)   Merge Heap Roots: 0.2ms
[269.395s][info][gc,phases      ] GC(685)   Evacuate Collection Set: 0.4ms
[269.395s][info][gc,phases      ] GC(685)   Post Evacuate Collection Set: 2.3ms
[269.395s][info][gc,phases      ] GC(685)   Other: 0.1ms
[269.395s][info][gc,heap        ] GC(685) Eden regions: 332->0(332)
[269.395s][info][gc,heap        ] GC(685) Survivor regions: 1->1(42)
[269.395s][info][gc,heap        ] GC(685) Old regions: 28->28
[269.395s][info][gc,heap        ] GC(685) Archive regions: 0->0
[269.395s][info][gc,heap        ] GC(685) Humongous regions: 0->0
[269.395s][info][gc,metaspace   ] GC(685) Metaspace: 14303K(15168K)->14303K(15168K) NonClass: 12342K(12864K)->12342K(12864K) Class: 1961K(2304K)->1961K(2304K)
[269.395s][info][gc             ] GC(685) Pause Young (Normal) (G1 Evacuation Pause) 673M->9M(1112M) 3.377ms
[269.395s][info][gc,cpu         ] GC(685) User=0.52s Sys=0.00s Real=0.00s
[269.669s][info][gc,start       ] GC(686) Pause Full (System.gc())
[269.669s][info][gc,task        ] GC(686) Using 29 workers of 33 for full compaction
[269.671s][info][gc,phases,start] GC(686) Phase 1: Mark live objects
[269.683s][info][gc,phases      ] GC(686) Phase 1: Mark live objects 12.185ms
[269.683s][info][gc,phases,start] GC(686) Phase 2: Prepare compaction
[269.685s][info][gc,phases      ] GC(686) Phase 2: Prepare compaction 1.828ms
[269.685s][info][gc,phases,start] GC(686) Phase 3: Adjust pointers
[269.689s][info][gc,phases      ] GC(686) Phase 3: Adjust pointers 4.740ms
[269.689s][info][gc,phases,start] GC(686) Phase 4: Compact heap
[269.690s][info][gc,phases      ] GC(686) Phase 4: Compact heap 0.721ms
[269.698s][info][gc,heap        ] GC(686) Eden regions: 176->0(50)
[269.698s][info][gc,heap        ] GC(686) Survivor regions: 1->0(42)
[269.698s][info][gc,heap        ] GC(686) Old regions: 28->25
[269.698s][info][gc,heap        ] GC(686) Archive regions: 0->0
[269.698s][info][gc,heap        ] GC(686) Humongous regions: 0->0
[269.698s][info][gc,metaspace   ] GC(686) Metaspace: 14303K(15168K)->14303K(15168K) NonClass: 12342K(12864K)->12342K(12864K) Class: 1961K(2304K)->1961K(2304K)
[269.698s][info][gc             ] GC(686) Pause Full (System.gc()) 361M->5M(168M) 28.410ms
[269.698s][info][gc,cpu         ] GC(686) User=0.11s Sys=0.34s Real=0.02s
[269.765s][info][gc,start       ] GC(687) Pause Young (Normal) (G1 Evacuation Pause)
[269.765s][info][gc,task        ] GC(687) Using 33 workers of 33 for evacuation
[269.768s][info][gc,phases      ] GC(687)   Pre Evacuate Collection Set: 0.1ms
[269.768s][info][gc,phases      ] GC(687)   Merge Heap Roots: 0.1ms
[269.768s][info][gc,phases      ] GC(687)   Evacuate Collection Set: 0.4ms
[269.768s][info][gc,phases      ] GC(687)   Post Evacuate Collection Set: 1.7ms
[269.768s][info][gc,phases      ] GC(687)   Other: 0.1ms
[269.768s][info][gc,heap        ] GC(687) Eden regions: 50->0(49)
[269.768s][info][gc,heap        ] GC(687) Survivor regions: 0->1(7)
[269.768s][info][gc,heap        ] GC(687) Old regions: 25->25
[269.768s][info][gc,heap        ] GC(687) Archive regions: 0->0
[269.768s][info][gc,heap        ] GC(687) Humongous regions: 0->0
[269.768s][info][gc,metaspace   ] GC(687) Metaspace: 14303K(15168K)->14303K(15168K) NonClass: 12342K(12864K)->12342K(12864K) Class: 1961K(2304K)->1961K(2304K)
[269.768s][info][gc             ] GC(687) Pause Young (Normal) (G1 Evacuation Pause) 105M->6M(168M) 2.628ms
[269.768s][info][gc,cpu         ] GC(687) User=0.00s Sys=0.00s Real=0.00s
[269.841s][info][gc,start       ] GC(688) Pause Young (Normal) (G1 Evacuation Pause)
[269.841s][info][gc,task        ] GC(688) Using 33 workers of 33 for evacuation
[269.844s][info][gc,phases      ] GC(688)   Pre Evacuate Collection Set: 0.1ms
[269.844s][info][gc,phases      ] GC(688)   Merge Heap Roots: 0.1ms
[269.844s][info][gc,phases      ] GC(688)   Evacuate Collection Set: 0.5ms
[269.844s][info][gc,phases      ] GC(688)   Post Evacuate Collection Set: 1.7ms
[269.844s][info][gc,phases      ] GC(688)   Other: 0.1ms
[269.844s][info][gc,heap        ] GC(688) Eden regions: 49->0(49)
[269.844s][info][gc,heap        ] GC(688) Survivor regions: 1->1(7)
[269.844s][info][gc,heap        ] GC(688) Old regions: 25->25
[269.844s][info][gc,heap        ] GC(688) Archive regions: 0->0
[269.844s][info][gc,heap        ] GC(688) Humongous regions: 0->0
[269.844s][info][gc,metaspace   ] GC(688) Metaspace: 14303K(15168K)->14303K(15168K) NonClass: 12342K(12864K)->12342K(12864K) Class: 1961K(2304K)->1961K(2304K)
[269.844s][info][gc             ] GC(688) Pause Young (Normal) (G1 Evacuation Pause) 104M->6M(168M) 2.762ms
[269.844s][info][gc,cpu         ] GC(688) User=0.00s Sys=0.00s Real=0.00s
[269.911s][info][gc,start       ] GC(689) Pause Young (Normal) (G1 Evacuation Pause)
[269.911s][info][gc,task        ] GC(689) Using 33 workers of 33 for evacuation
[269.914s][info][gc,phases      ] GC(689)   Pre Evacuate Collection Set: 0.1ms
[269.914s][info][gc,phases      ] GC(689)   Merge Heap Roots: 0.1ms
[269.914s][info][gc,phases      ] GC(689)   Evacuate Collection Set: 0.5ms
[269.914s][info][gc,phases      ] GC(689)   Post Evacuate Collection Set: 1.7ms
[269.914s][info][gc,phases      ] GC(689)   Other: 0.1ms
[269.914s][info][gc,heap        ] GC(689) Eden regions: 49->0(49)
[269.914s][info][gc,heap        ] GC(689) Survivor regions: 1->1(7)
[269.914s][info][gc,heap        ] GC(689) Old regions: 25->25
[269.914s][info][gc,heap        ] GC(689) Archive regions: 0->0
[269.914s][info][gc,heap        ] GC(689) Humongous regions: 0->0
[269.914s][info][gc,metaspace   ] GC(689) Metaspace: 14303K(15168K)->14303K(15168K) NonClass: 12342K(12864K)->12342K(12864K) Class: 1961K(2304K)->1961K(2304K)
[269.914s][info][gc             ] GC(689) Pause Young (Normal) (G1 Evacuation Pause) 104M->6M(168M) 2.757ms
[269.914s][info][gc,cpu         ] GC(689) User=0.00s Sys=0.00s Real=0.00s
[269.975s][info][gc,start       ] GC(690) Pause Young (Normal) (G1 Evacuation Pause)
[269.975s][info][gc,task        ] GC(690) Using 33 workers of 33 for evacuation
[269.981s][info][gc,phases      ] GC(690)   Pre Evacuate Collection Set: 0.1ms
[269.981s][info][gc,phases      ] GC(690)   Merge Heap Roots: 0.1ms
[269.981s][info][gc,phases      ] GC(690)   Evacuate Collection Set: 0.5ms
[269.981s][info][gc,phases      ] GC(690)   Post Evacuate Collection Set: 4.7ms
[269.981s][info][gc,phases      ] GC(690)   Other: 0.1ms
[269.981s][info][gc,heap        ] GC(690) Eden regions: 49->0(331)
[269.981s][info][gc,heap        ] GC(690) Survivor regions: 1->1(7)
[269.981s][info][gc,heap        ] GC(690) Old regions: 25->25
[269.981s][info][gc,heap        ] GC(690) Archive regions: 0->0
[269.981s][info][gc,heap        ] GC(690) Humongous regions: 0->0
[269.981s][info][gc,metaspace   ] GC(690) Metaspace: 14303K(15168K)->14303K(15168K) NonClass: 12342K(12864K)->12342K(12864K) Class: 1961K(2304K)->1961K(2304K)
[269.981s][info][gc             ] GC(690) Pause Young (Normal) (G1 Evacuation Pause) 104M->6M(1108M) 5.651ms
[269.981s][info][gc,cpu         ] GC(690) User=0.00s Sys=0.00s Real=0.00s
[270.425s][info][gc,start       ] GC(691) Pause Young (Normal) (G1 Evacuation Pause)
[270.425s][info][gc,task        ] GC(691) Using 33 workers of 33 for evacuation
[270.429s][info][gc,phases      ] GC(691)   Pre Evacuate Collection Set: 0.2ms
[270.429s][info][gc,phases      ] GC(691)   Merge Heap Roots: 0.1ms
[270.429s][info][gc,phases      ] GC(691)   Evacuate Collection Set: 1.8ms
[270.429s][info][gc,phases      ] GC(691)   Post Evacuate Collection Set: 2.2ms
[270.429s][info][gc,phases      ] GC(691)   Other: 0.1ms
[270.429s][info][gc,heap        ] GC(691) Eden regions: 331->0(331)
[270.429s][info][gc,heap        ] GC(691) Survivor regions: 1->1(42)
[270.429s][info][gc,heap        ] GC(691) Old regions: 25->25
[270.429s][info][gc,heap        ] GC(691) Archive regions: 0->0
[270.429s][info][gc,heap        ] GC(691) Humongous regions: 0->0
[270.429s][info][gc,metaspace   ] GC(691) Metaspace: 14303K(15168K)->14303K(15168K) NonClass: 12342K(12864K)->12342K(12864K) Class: 1961K(2304K)->1961K(2304K)
[270.430s][info][gc             ] GC(691) Pause Young (Normal) (G1 Evacuation Pause) 668M->6M(1108M) 4.642ms
[270.430s][info][gc,cpu         ] GC(691) User=0.00s Sys=0.00s Real=0.00s
[270.848s][info][gc,start       ] GC(692) Pause Young (Normal) (G1 Evacuation Pause)
[270.848s][info][gc,task        ] GC(692) Using 33 workers of 33 for evacuation
[270.853s][info][gc,phases      ] GC(692)   Pre Evacuate Collection Set: 0.1ms
[270.853s][info][gc,phases      ] GC(692)   Merge Heap Roots: 0.1ms
[270.853s][info][gc,phases      ] GC(692)   Evacuate Collection Set: 1.9ms
[270.853s][info][gc,phases      ] GC(692)   Post Evacuate Collection Set: 2.4ms
[270.853s][info][gc,phases      ] GC(692)   Other: 0.1ms
[270.853s][info][gc,heap        ] GC(692) Eden regions: 331->0(331)
[270.853s][info][gc,heap        ] GC(692) Survivor regions: 1->1(42)
[270.853s][info][gc,heap        ] GC(692) Old regions: 25->25
[270.853s][info][gc,heap        ] GC(692) Archive regions: 0->0
[270.853s][info][gc,heap        ] GC(692) Humongous regions: 0->0
[270.853s][info][gc,metaspace   ] GC(692) Metaspace: 14303K(15168K)->14303K(15168K) NonClass: 12342K(12864K)->12342K(12864K) Class: 1961K(2304K)->1961K(2304K)
[270.853s][info][gc             ] GC(692) Pause Young (Normal) (G1 Evacuation Pause) 668M->6M(1108M) 4.914ms
[270.853s][info][gc,cpu         ] GC(692) User=0.00s Sys=0.00s Real=0.00s
[271.260s][info][gc,start       ] GC(693) Pause Young (Normal) (G1 Evacuation Pause)
[271.260s][info][gc,task        ] GC(693) Using 33 workers of 33 for evacuation
[271.263s][info][gc,phases      ] GC(693)   Pre Evacuate Collection Set: 0.1ms
[271.263s][info][gc,phases      ] GC(693)   Merge Heap Roots: 0.1ms
[271.263s][info][gc,phases      ] GC(693)   Evacuate Collection Set: 0.6ms
[271.263s][info][gc,phases      ] GC(693)   Post Evacuate Collection Set: 2.4ms
[271.263s][info][gc,phases      ] GC(693)   Other: 0.1ms
[271.263s][info][gc,heap        ] GC(693) Eden regions: 331->0(331)
[271.263s][info][gc,heap        ] GC(693) Survivor regions: 1->1(42)
[271.263s][info][gc,heap        ] GC(693) Old regions: 25->25
[271.263s][info][gc,heap        ] GC(693) Archive regions: 0->0
[271.263s][info][gc,heap        ] GC(693) Humongous regions: 0->0
[271.263s][info][gc,metaspace   ] GC(693) Metaspace: 14303K(15168K)->14303K(15168K) NonClass: 12342K(12864K)->12342K(12864K) Class: 1961K(2304K)->1961K(2304K)
[271.263s][info][gc             ] GC(693) Pause Young (Normal) (G1 Evacuation Pause) 668M->6M(1108M) 3.608ms
[271.263s][info][gc,cpu         ] GC(693) User=0.00s Sys=0.00s Real=0.00s
[271.673s][info][gc,start       ] GC(694) Pause Young (Normal) (G1 Evacuation Pause)
[271.673s][info][gc,task        ] GC(694) Using 33 workers of 33 for evacuation
[271.676s][info][gc,phases      ] GC(694)   Pre Evacuate Collection Set: 0.1ms
[271.676s][info][gc,phases      ] GC(694)   Merge Heap Roots: 0.1ms
[271.676s][info][gc,phases      ] GC(694)   Evacuate Collection Set: 0.6ms
[271.676s][info][gc,phases      ] GC(694)   Post Evacuate Collection Set: 2.4ms
[271.676s][info][gc,phases      ] GC(694)   Other: 0.1ms
[271.676s][info][gc,heap        ] GC(694) Eden regions: 331->0(331)
[271.676s][info][gc,heap        ] GC(694) Survivor regions: 1->1(42)
[271.676s][info][gc,heap        ] GC(694) Old regions: 25->25
[271.676s][info][gc,heap        ] GC(694) Archive regions: 0->0
[271.676s][info][gc,heap        ] GC(694) Humongous regions: 0->0
[271.676s][info][gc,metaspace   ] GC(694) Metaspace: 14303K(15168K)->14303K(15168K) NonClass: 12342K(12864K)->12342K(12864K) Class: 1961K(2304K)->1961K(2304K)
[271.676s][info][gc             ] GC(694) Pause Young (Normal) (G1 Evacuation Pause) 668M->7M(1108M) 3.682ms
[271.676s][info][gc,cpu         ] GC(694) User=0.52s Sys=0.00s Real=0.00s
[272.090s][info][gc,start       ] GC(695) Pause Young (Normal) (G1 Evacuation Pause)
[272.090s][info][gc,task        ] GC(695) Using 33 workers of 33 for evacuation
[272.094s][info][gc,phases      ] GC(695)   Pre Evacuate Collection Set: 0.1ms
[272.094s][info][gc,phases      ] GC(695)   Merge Heap Roots: 0.1ms
[272.094s][info][gc,phases      ] GC(695)   Evacuate Collection Set: 0.5ms
[272.094s][info][gc,phases      ] GC(695)   Post Evacuate Collection Set: 2.5ms
[272.094s][info][gc,phases      ] GC(695)   Other: 0.1ms
[272.094s][info][gc,heap        ] GC(695) Eden regions: 331->0(331)
[272.094s][info][gc,heap        ] GC(695) Survivor regions: 1->1(42)
[272.094s][info][gc,heap        ] GC(695) Old regions: 25->25
[272.094s][info][gc,heap        ] GC(695) Archive regions: 0->0
[272.094s][info][gc,heap        ] GC(695) Humongous regions: 0->0
[272.094s][info][gc,metaspace   ] GC(695) Metaspace: 14303K(15168K)->14303K(15168K) NonClass: 12342K(12864K)->12342K(12864K) Class: 1961K(2304K)->1961K(2304K)
[272.094s][info][gc             ] GC(695) Pause Young (Normal) (G1 Evacuation Pause) 669M->7M(1108M) 3.618ms
[272.094s][info][gc,cpu         ] GC(695) User=0.00s Sys=0.00s Real=0.00s
[272.513s][info][gc,start       ] GC(696) Pause Young (Normal) (G1 Evacuation Pause)
[272.514s][info][gc,task        ] GC(696) Using 33 workers of 33 for evacuation
[272.517s][info][gc,phases      ] GC(696)   Pre Evacuate Collection Set: 0.1ms
[272.517s][info][gc,phases      ] GC(696)   Merge Heap Roots: 0.2ms
[272.517s][info][gc,phases      ] GC(696)   Evacuate Collection Set: 0.6ms
[272.517s][info][gc,phases      ] GC(696)   Post Evacuate Collection Set: 2.6ms
[272.517s][info][gc,phases      ] GC(696)   Other: 0.1ms
[272.517s][info][gc,heap        ] GC(696) Eden regions: 331->0(331)
[272.517s][info][gc,heap        ] GC(696) Survivor regions: 1->1(42)
[272.517s][info][gc,heap        ] GC(696) Old regions: 25->25
[272.517s][info][gc,heap        ] GC(696) Archive regions: 0->0
[272.517s][info][gc,heap        ] GC(696) Humongous regions: 0->0
[272.517s][info][gc,metaspace   ] GC(696) Metaspace: 14303K(15168K)->14303K(15168K) NonClass: 12342K(12864K)->12342K(12864K) Class: 1961K(2304K)->1961K(2304K)
[272.517s][info][gc             ] GC(696) Pause Young (Normal) (G1 Evacuation Pause) 669M->7M(1108M) 3.868ms
[272.517s][info][gc,cpu         ] GC(696) User=0.00s Sys=0.00s Real=0.00s
[272.924s][info][gc,start       ] GC(697) Pause Young (Normal) (G1 Evacuation Pause)
[272.924s][info][gc,task        ] GC(697) Using 33 workers of 33 for evacuation
[272.927s][info][gc,phases      ] GC(697)   Pre Evacuate Collection Set: 0.2ms
[272.927s][info][gc,phases      ] GC(697)   Merge Heap Roots: 0.1ms
[272.927s][info][gc,phases      ] GC(697)   Evacuate Collection Set: 0.5ms
[272.927s][info][gc,phases      ] GC(697)   Post Evacuate Collection Set: 2.6ms
[272.927s][info][gc,phases      ] GC(697)   Other: 0.1ms
[272.927s][info][gc,heap        ] GC(697) Eden regions: 331->0(331)
[272.927s][info][gc,heap        ] GC(697) Survivor regions: 1->1(42)
[272.927s][info][gc,heap        ] GC(697) Old regions: 25->25
[272.927s][info][gc,heap        ] GC(697) Archive regions: 0->0
[272.927s][info][gc,heap        ] GC(697) Humongous regions: 0->0
[272.927s][info][gc,metaspace   ] GC(697) Metaspace: 14303K(15168K)->14303K(15168K) NonClass: 12342K(12864K)->12342K(12864K) Class: 1961K(2304K)->1961K(2304K)
[272.927s][info][gc             ] GC(697) Pause Young (Normal) (G1 Evacuation Pause) 669M->7M(1108M) 3.723ms
[272.927s][info][gc,cpu         ] GC(697) User=0.52s Sys=0.00s Real=0.00s
[273.341s][info][gc,start       ] GC(698) Pause Young (Normal) (G1 Evacuation Pause)
[273.341s][info][gc,task        ] GC(698) Using 33 workers of 33 for evacuation
[273.345s][info][gc,phases      ] GC(698)   Pre Evacuate Collection Set: 0.1ms
[273.345s][info][gc,phases      ] GC(698)   Merge Heap Roots: 0.1ms
[273.345s][info][gc,phases      ] GC(698)   Evacuate Collection Set: 0.7ms
[273.345s][info][gc,phases      ] GC(698)   Post Evacuate Collection Set: 2.5ms
[273.345s][info][gc,phases      ] GC(698)   Other: 0.1ms
[273.345s][info][gc,heap        ] GC(698) Eden regions: 331->0(330)
[273.345s][info][gc,heap        ] GC(698) Survivor regions: 1->2(42)
[273.345s][info][gc,heap        ] GC(698) Old regions: 25->25
[273.345s][info][gc,heap        ] GC(698) Archive regions: 0->0
[273.345s][info][gc,heap        ] GC(698) Humongous regions: 0->0
[273.345s][info][gc,metaspace   ] GC(698) Metaspace: 14303K(15168K)->14303K(15168K) NonClass: 12342K(12864K)->12342K(12864K) Class: 1961K(2304K)->1961K(2304K)
[273.345s][info][gc             ] GC(698) Pause Young (Normal) (G1 Evacuation Pause) 669M->7M(1108M) 3.842ms
[273.345s][info][gc,cpu         ] GC(698) User=0.00s Sys=0.00s Real=0.00s
[273.764s][info][gc,start       ] GC(699) Pause Young (Normal) (G1 Evacuation Pause)
[273.764s][info][gc,task        ] GC(699) Using 33 workers of 33 for evacuation
[273.767s][info][gc,phases      ] GC(699)   Pre Evacuate Collection Set: 0.1ms
[273.767s][info][gc,phases      ] GC(699)   Merge Heap Roots: 0.1ms
[273.767s][info][gc,phases      ] GC(699)   Evacuate Collection Set: 0.9ms
[273.767s][info][gc,phases      ] GC(699)   Post Evacuate Collection Set: 2.3ms
[273.767s][info][gc,phases      ] GC(699)   Other: 0.1ms
[273.767s][info][gc,heap        ] GC(699) Eden regions: 330->0(330)
[273.768s][info][gc,heap        ] GC(699) Survivor regions: 2->2(42)
[273.768s][info][gc,heap        ] GC(699) Old regions: 25->25
[273.768s][info][gc,heap        ] GC(699) Archive regions: 0->0
[273.768s][info][gc,heap        ] GC(699) Humongous regions: 0->0
[273.768s][info][gc,metaspace   ] GC(699) Metaspace: 14303K(15168K)->14303K(15168K) NonClass: 12342K(12864K)->12342K(12864K) Class: 1961K(2304K)->1961K(2304K)
[273.768s][info][gc             ] GC(699) Pause Young (Normal) (G1 Evacuation Pause) 667M->7M(1108M) 3.798ms
[273.768s][info][gc,cpu         ] GC(699) User=0.00s Sys=0.00s Real=0.00s
[274.181s][info][gc,start       ] GC(700) Pause Young (Normal) (G1 Evacuation Pause)
[274.181s][info][gc,task        ] GC(700) Using 33 workers of 33 for evacuation
[274.184s][info][gc,phases      ] GC(700)   Pre Evacuate Collection Set: 0.2ms
[274.184s][info][gc,phases      ] GC(700)   Merge Heap Roots: 0.1ms
[274.184s][info][gc,phases      ] GC(700)   Evacuate Collection Set: 0.7ms
[274.185s][info][gc,phases      ] GC(700)   Post Evacuate Collection Set: 2.1ms
[274.185s][info][gc,phases      ] GC(700)   Other: 0.1ms
[274.185s][info][gc,heap        ] GC(700) Eden regions: 330->0(330)
[274.185s][info][gc,heap        ] GC(700) Survivor regions: 2->2(42)
[274.185s][info][gc,heap        ] GC(700) Old regions: 25->25
[274.185s][info][gc,heap        ] GC(700) Archive regions: 0->0
[274.185s][info][gc,heap        ] GC(700) Humongous regions: 0->0
[274.185s][info][gc,metaspace   ] GC(700) Metaspace: 14303K(15168K)->14303K(15168K) NonClass: 12342K(12864K)->12342K(12864K) Class: 1961K(2304K)->1961K(2304K)
[274.185s][info][gc             ] GC(700) Pause Young (Normal) (G1 Evacuation Pause) 667M->7M(1108M) 3.427ms
[274.185s][info][gc,cpu         ] GC(700) User=0.00s Sys=0.00s Real=0.00s
[274.605s][info][gc,start       ] GC(701) Pause Young (Normal) (G1 Evacuation Pause)
[274.605s][info][gc,task        ] GC(701) Using 33 workers of 33 for evacuation
[274.609s][info][gc,phases      ] GC(701)   Pre Evacuate Collection Set: 0.2ms
[274.609s][info][gc,phases      ] GC(701)   Merge Heap Roots: 0.1ms
[274.609s][info][gc,phases      ] GC(701)   Evacuate Collection Set: 0.5ms
[274.609s][info][gc,phases      ] GC(701)   Post Evacuate Collection Set: 2.3ms
[274.609s][info][gc,phases      ] GC(701)   Other: 0.1ms
[274.609s][info][gc,heap        ] GC(701) Eden regions: 330->0(330)
[274.609s][info][gc,heap        ] GC(701) Survivor regions: 2->2(42)
[274.609s][info][gc,heap        ] GC(701) Old regions: 25->25
[274.609s][info][gc,heap        ] GC(701) Archive regions: 0->0
[274.609s][info][gc,heap        ] GC(701) Humongous regions: 0->0
[274.609s][info][gc,metaspace   ] GC(701) Metaspace: 14303K(15168K)->14303K(15168K) NonClass: 12342K(12864K)->12342K(12864K) Class: 1961K(2304K)->1961K(2304K)
[274.609s][info][gc             ] GC(701) Pause Young (Normal) (G1 Evacuation Pause) 667M->7M(1108M) 3.443ms
[274.609s][info][gc,cpu         ] GC(701) User=0.00s Sys=0.00s Real=0.00s
[275.017s][info][gc,start       ] GC(702) Pause Young (Normal) (G1 Evacuation Pause)
[275.017s][info][gc,task        ] GC(702) Using 33 workers of 33 for evacuation
[275.020s][info][gc,phases      ] GC(702)   Pre Evacuate Collection Set: 0.2ms
[275.020s][info][gc,phases      ] GC(702)   Merge Heap Roots: 0.1ms
[275.020s][info][gc,phases      ] GC(702)   Evacuate Collection Set: 0.7ms
[275.020s][info][gc,phases      ] GC(702)   Post Evacuate Collection Set: 2.3ms
[275.020s][info][gc,phases      ] GC(702)   Other: 0.1ms
[275.021s][info][gc,heap        ] GC(702) Eden regions: 330->0(331)
[275.021s][info][gc,heap        ] GC(702) Survivor regions: 2->1(42)
[275.021s][info][gc,heap        ] GC(702) Old regions: 25->26
[275.021s][info][gc,heap        ] GC(702) Archive regions: 0->0
[275.021s][info][gc,heap        ] GC(702) Humongous regions: 0->0
[275.021s][info][gc,metaspace   ] GC(702) Metaspace: 14303K(15168K)->14303K(15168K) NonClass: 12342K(12864K)->12342K(12864K) Class: 1961K(2304K)->1961K(2304K)
[275.021s][info][gc             ] GC(702) Pause Young (Normal) (G1 Evacuation Pause) 667M->7M(1108M) 3.617ms
[275.021s][info][gc,cpu         ] GC(702) User=0.52s Sys=0.00s Real=0.00s
[275.440s][info][gc,start       ] GC(703) Pause Young (Normal) (G1 Evacuation Pause)
[275.440s][info][gc,task        ] GC(703) Using 33 workers of 33 for evacuation
[275.443s][info][gc,phases      ] GC(703)   Pre Evacuate Collection Set: 0.1ms
[275.443s][info][gc,phases      ] GC(703)   Merge Heap Roots: 0.2ms
[275.443s][info][gc,phases      ] GC(703)   Evacuate Collection Set: 0.4ms
[275.443s][info][gc,phases      ] GC(703)   Post Evacuate Collection Set: 2.4ms
[275.443s][info][gc,phases      ] GC(703)   Other: 0.1ms
[275.443s][info][gc,heap        ] GC(703) Eden regions: 331->0(331)
[275.443s][info][gc,heap        ] GC(703) Survivor regions: 1->1(42)
[275.443s][info][gc,heap        ] GC(703) Old regions: 26->26
[275.443s][info][gc,heap        ] GC(703) Archive regions: 0->0
[275.443s][info][gc,heap        ] GC(703) Humongous regions: 0->0
[275.443s][info][gc,metaspace   ] GC(703) Metaspace: 14303K(15168K)->14303K(15168K) NonClass: 12342K(12864K)->12342K(12864K) Class: 1961K(2304K)->1961K(2304K)
[275.443s][info][gc             ] GC(703) Pause Young (Normal) (G1 Evacuation Pause) 669M->7M(1108M) 3.397ms
[275.443s][info][gc,cpu         ] GC(703) User=0.52s Sys=0.00s Real=0.00s
[275.860s][info][gc,start       ] GC(704) Pause Young (Normal) (G1 Evacuation Pause)
[275.860s][info][gc,task        ] GC(704) Using 33 workers of 33 for evacuation
[275.863s][info][gc,phases      ] GC(704)   Pre Evacuate Collection Set: 0.2ms
[275.863s][info][gc,phases      ] GC(704)   Merge Heap Roots: 0.2ms
[275.863s][info][gc,phases      ] GC(704)   Evacuate Collection Set: 0.4ms
[275.863s][info][gc,phases      ] GC(704)   Post Evacuate Collection Set: 2.4ms
[275.863s][info][gc,phases      ] GC(704)   Other: 0.1ms
[275.863s][info][gc,heap        ] GC(704) Eden regions: 331->0(331)
[275.863s][info][gc,heap        ] GC(704) Survivor regions: 1->1(42)
[275.863s][info][gc,heap        ] GC(704) Old regions: 26->26
[275.863s][info][gc,heap        ] GC(704) Archive regions: 0->0
[275.863s][info][gc,heap        ] GC(704) Humongous regions: 0->0
[275.863s][info][gc,metaspace   ] GC(704) Metaspace: 14303K(15168K)->14303K(15168K) NonClass: 12342K(12864K)->12342K(12864K) Class: 1961K(2304K)->1961K(2304K)
[275.863s][info][gc             ] GC(704) Pause Young (Normal) (G1 Evacuation Pause) 669M->7M(1108M) 3.525ms
[275.863s][info][gc,cpu         ] GC(704) User=0.05s Sys=0.00s Real=0.00s
[276.281s][info][gc,start       ] GC(705) Pause Young (Normal) (G1 Evacuation Pause)
[276.281s][info][gc,task        ] GC(705) Using 33 workers of 33 for evacuation
[276.285s][info][gc,phases      ] GC(705)   Pre Evacuate Collection Set: 0.2ms
[276.285s][info][gc,phases      ] GC(705)   Merge Heap Roots: 0.2ms
[276.285s][info][gc,phases      ] GC(705)   Evacuate Collection Set: 0.4ms
[276.285s][info][gc,phases      ] GC(705)   Post Evacuate Collection Set: 2.5ms
[276.285s][info][gc,phases      ] GC(705)   Other: 0.1ms
[276.285s][info][gc,heap        ] GC(705) Eden regions: 331->0(331)
[276.285s][info][gc,heap        ] GC(705) Survivor regions: 1->1(42)
[276.285s][info][gc,heap        ] GC(705) Old regions: 26->26
[276.285s][info][gc,heap        ] GC(705) Archive regions: 0->0
[276.285s][info][gc,heap        ] GC(705) Humongous regions: 0->0
[276.285s][info][gc,metaspace   ] GC(705) Metaspace: 14303K(15168K)->14303K(15168K) NonClass: 12342K(12864K)->12342K(12864K) Class: 1961K(2304K)->1961K(2304K)
[276.285s][info][gc             ] GC(705) Pause Young (Normal) (G1 Evacuation Pause) 669M->7M(1108M) 3.639ms
[276.285s][info][gc,cpu         ] GC(705) User=0.00s Sys=0.00s Real=0.00s
[276.705s][info][gc,start       ] GC(706) Pause Young (Normal) (G1 Evacuation Pause)
[276.705s][info][gc,task        ] GC(706) Using 33 workers of 33 for evacuation
[276.708s][info][gc,phases      ] GC(706)   Pre Evacuate Collection Set: 0.2ms
[276.708s][info][gc,phases      ] GC(706)   Merge Heap Roots: 0.2ms
[276.708s][info][gc,phases      ] GC(706)   Evacuate Collection Set: 0.3ms
[276.708s][info][gc,phases      ] GC(706)   Post Evacuate Collection Set: 2.6ms
[276.708s][info][gc,phases      ] GC(706)   Other: 0.1ms
[276.708s][info][gc,heap        ] GC(706) Eden regions: 331->0(331)
[276.708s][info][gc,heap        ] GC(706) Survivor regions: 1->1(42)
[276.708s][info][gc,heap        ] GC(706) Old regions: 26->26
[276.708s][info][gc,heap        ] GC(706) Archive regions: 0->0
[276.708s][info][gc,heap        ] GC(706) Humongous regions: 0->0
[276.708s][info][gc,metaspace   ] GC(706) Metaspace: 14303K(15168K)->14303K(15168K) NonClass: 12342K(12864K)->12342K(12864K) Class: 1961K(2304K)->1961K(2304K)
[276.708s][info][gc             ] GC(706) Pause Young (Normal) (G1 Evacuation Pause) 669M->7M(1108M) 3.558ms
[276.708s][info][gc,cpu         ] GC(706) User=0.52s Sys=0.00s Real=0.00s
[277.126s][info][gc,start       ] GC(707) Pause Young (Normal) (G1 Evacuation Pause)
[277.126s][info][gc,task        ] GC(707) Using 33 workers of 33 for evacuation
[277.130s][info][gc,phases      ] GC(707)   Pre Evacuate Collection Set: 0.1ms
[277.130s][info][gc,phases      ] GC(707)   Merge Heap Roots: 0.2ms
[277.130s][info][gc,phases      ] GC(707)   Evacuate Collection Set: 0.4ms
[277.130s][info][gc,phases      ] GC(707)   Post Evacuate Collection Set: 2.6ms
[277.130s][info][gc,phases      ] GC(707)   Other: 0.1ms
[277.130s][info][gc,heap        ] GC(707) Eden regions: 331->0(331)
[277.130s][info][gc,heap        ] GC(707) Survivor regions: 1->1(42)
[277.130s][info][gc,heap        ] GC(707) Old regions: 26->26
[277.130s][info][gc,heap        ] GC(707) Archive regions: 0->0
[277.130s][info][gc,heap        ] GC(707) Humongous regions: 0->0
[277.130s][info][gc,metaspace   ] GC(707) Metaspace: 14303K(15168K)->14303K(15168K) NonClass: 12342K(12864K)->12342K(12864K) Class: 1961K(2304K)->1961K(2304K)
[277.130s][info][gc             ] GC(707) Pause Young (Normal) (G1 Evacuation Pause) 669M->7M(1108M) 3.594ms
[277.130s][info][gc,cpu         ] GC(707) User=0.00s Sys=0.00s Real=0.00s
[277.550s][info][gc,start       ] GC(708) Pause Young (Normal) (G1 Evacuation Pause)
[277.550s][info][gc,task        ] GC(708) Using 33 workers of 33 for evacuation
[277.553s][info][gc,phases      ] GC(708)   Pre Evacuate Collection Set: 0.1ms
[277.553s][info][gc,phases      ] GC(708)   Merge Heap Roots: 0.1ms
[277.553s][info][gc,phases      ] GC(708)   Evacuate Collection Set: 0.4ms
[277.553s][info][gc,phases      ] GC(708)   Post Evacuate Collection Set: 2.7ms
[277.553s][info][gc,phases      ] GC(708)   Other: 0.1ms
[277.553s][info][gc,heap        ] GC(708) Eden regions: 331->0(331)
[277.553s][info][gc,heap        ] GC(708) Survivor regions: 1->1(42)
[277.553s][info][gc,heap        ] GC(708) Old regions: 26->26
[277.553s][info][gc,heap        ] GC(708) Archive regions: 0->0
[277.553s][info][gc,heap        ] GC(708) Humongous regions: 0->0
[277.553s][info][gc,metaspace   ] GC(708) Metaspace: 14303K(15168K)->14303K(15168K) NonClass: 12342K(12864K)->12342K(12864K) Class: 1961K(2304K)->1961K(2304K)
[277.553s][info][gc             ] GC(708) Pause Young (Normal) (G1 Evacuation Pause) 669M->8M(1108M) 3.703ms
[277.553s][info][gc,cpu         ] GC(708) User=0.52s Sys=0.00s Real=0.00s
[278.130s][info][gc,start       ] GC(709) Pause Young (Normal) (G1 Evacuation Pause)
[278.130s][info][gc,task        ] GC(709) Using 33 workers of 33 for evacuation
[278.135s][info][gc,phases      ] GC(709)   Pre Evacuate Collection Set: 0.2ms
[278.135s][info][gc,phases      ] GC(709)   Merge Heap Roots: 0.3ms
[278.135s][info][gc,phases      ] GC(709)   Evacuate Collection Set: 0.7ms
[278.135s][info][gc,phases      ] GC(709)   Post Evacuate Collection Set: 3.5ms
[278.135s][info][gc,phases      ] GC(709)   Other: 0.2ms
[278.135s][info][gc,heap        ] GC(709) Eden regions: 331->0(331)
[278.135s][info][gc,heap        ] GC(709) Survivor regions: 1->1(42)
[278.135s][info][gc,heap        ] GC(709) Old regions: 26->26
[278.135s][info][gc,heap        ] GC(709) Archive regions: 0->0
[278.135s][info][gc,heap        ] GC(709) Humongous regions: 0->0
[278.135s][info][gc,metaspace   ] GC(709) Metaspace: 14303K(15168K)->14303K(15168K) NonClass: 12342K(12864K)->12342K(12864K) Class: 1961K(2304K)->1961K(2304K)
[278.135s][info][gc             ] GC(709) Pause Young (Normal) (G1 Evacuation Pause) 670M->8M(1108M) 5.350ms
[278.135s][info][gc,cpu         ] GC(709) User=0.00s Sys=0.00s Real=0.00s
[278.558s][info][gc,start       ] GC(710) Pause Young (Normal) (G1 Evacuation Pause)
[278.559s][info][gc,task        ] GC(710) Using 33 workers of 33 for evacuation
[278.562s][info][gc,phases      ] GC(710)   Pre Evacuate Collection Set: 0.2ms
[278.562s][info][gc,phases      ] GC(710)   Merge Heap Roots: 0.2ms
[278.562s][info][gc,phases      ] GC(710)   Evacuate Collection Set: 0.4ms
[278.562s][info][gc,phases      ] GC(710)   Post Evacuate Collection Set: 2.3ms
[278.562s][info][gc,phases      ] GC(710)   Other: 0.1ms
[278.562s][info][gc,heap        ] GC(710) Eden regions: 331->0(331)
[278.562s][info][gc,heap        ] GC(710) Survivor regions: 1->1(42)
[278.562s][info][gc,heap        ] GC(710) Old regions: 26->26
[278.562s][info][gc,heap        ] GC(710) Archive regions: 0->0
[278.562s][info][gc,heap        ] GC(710) Humongous regions: 0->0
[278.562s][info][gc,metaspace   ] GC(710) Metaspace: 14303K(15168K)->14303K(15168K) NonClass: 12342K(12864K)->12342K(12864K) Class: 1961K(2304K)->1961K(2304K)
[278.562s][info][gc             ] GC(710) Pause Young (Normal) (G1 Evacuation Pause) 670M->8M(1108M) 3.389ms
[278.562s][info][gc,cpu         ] GC(710) User=0.00s Sys=0.00s Real=0.00s
[278.980s][info][gc,start       ] GC(711) Pause Young (Normal) (G1 Evacuation Pause)
[278.980s][info][gc,task        ] GC(711) Using 33 workers of 33 for evacuation
[278.983s][info][gc,phases      ] GC(711)   Pre Evacuate Collection Set: 0.2ms
[278.983s][info][gc,phases      ] GC(711)   Merge Heap Roots: 0.2ms
[278.983s][info][gc,phases      ] GC(711)   Evacuate Collection Set: 0.4ms
[278.983s][info][gc,phases      ] GC(711)   Post Evacuate Collection Set: 2.4ms
[278.983s][info][gc,phases      ] GC(711)   Other: 0.1ms
[278.983s][info][gc,heap        ] GC(711) Eden regions: 331->0(331)
[278.983s][info][gc,heap        ] GC(711) Survivor regions: 1->1(42)
[278.983s][info][gc,heap        ] GC(711) Old regions: 26->26
[278.983s][info][gc,heap        ] GC(711) Archive regions: 0->0
[278.983s][info][gc,heap        ] GC(711) Humongous regions: 0->0
[278.983s][info][gc,metaspace   ] GC(711) Metaspace: 14303K(15168K)->14303K(15168K) NonClass: 12342K(12864K)->12342K(12864K) Class: 1961K(2304K)->1961K(2304K)
[278.983s][info][gc             ] GC(711) Pause Young (Normal) (G1 Evacuation Pause) 670M->8M(1108M) 3.470ms
[278.983s][info][gc,cpu         ] GC(711) User=0.00s Sys=0.00s Real=0.00s
[279.402s][info][gc,start       ] GC(712) Pause Young (Normal) (G1 Evacuation Pause)
[279.402s][info][gc,task        ] GC(712) Using 33 workers of 33 for evacuation
[279.405s][info][gc,phases      ] GC(712)   Pre Evacuate Collection Set: 0.2ms
[279.405s][info][gc,phases      ] GC(712)   Merge Heap Roots: 0.2ms
[279.405s][info][gc,phases      ] GC(712)   Evacuate Collection Set: 0.4ms
[279.405s][info][gc,phases      ] GC(712)   Post Evacuate Collection Set: 2.2ms
[279.405s][info][gc,phases      ] GC(712)   Other: 0.1ms
[279.405s][info][gc,heap        ] GC(712) Eden regions: 331->0(331)
[279.405s][info][gc,heap        ] GC(712) Survivor regions: 1->1(42)
[279.405s][info][gc,heap        ] GC(712) Old regions: 26->27
[279.405s][info][gc,heap        ] GC(712) Archive regions: 0->0
[279.405s][info][gc,heap        ] GC(712) Humongous regions: 0->0
[279.405s][info][gc,metaspace   ] GC(712) Metaspace: 14303K(15168K)->14303K(15168K) NonClass: 12342K(12864K)->12342K(12864K) Class: 1961K(2304K)->1961K(2304K)
[279.405s][info][gc             ] GC(712) Pause Young (Normal) (G1 Evacuation Pause) 670M->8M(1108M) 3.299ms
[279.405s][info][gc,cpu         ] GC(712) User=0.00s Sys=0.00s Real=0.00s
[279.820s][info][gc,start       ] GC(713) Pause Young (Normal) (G1 Evacuation Pause)
[279.820s][info][gc,task        ] GC(713) Using 33 workers of 33 for evacuation
[279.823s][info][gc,phases      ] GC(713)   Pre Evacuate Collection Set: 0.2ms
[279.823s][info][gc,phases      ] GC(713)   Merge Heap Roots: 0.2ms
[279.823s][info][gc,phases      ] GC(713)   Evacuate Collection Set: 0.4ms
[279.823s][info][gc,phases      ] GC(713)   Post Evacuate Collection Set: 2.4ms
[279.823s][info][gc,phases      ] GC(713)   Other: 0.1ms
[279.823s][info][gc,heap        ] GC(713) Eden regions: 331->0(331)
[279.823s][info][gc,heap        ] GC(713) Survivor regions: 1->1(42)
[279.823s][info][gc,heap        ] GC(713) Old regions: 27->27
[279.823s][info][gc,heap        ] GC(713) Archive regions: 0->0
[279.823s][info][gc,heap        ] GC(713) Humongous regions: 0->0
[279.823s][info][gc,metaspace   ] GC(713) Metaspace: 14303K(15168K)->14303K(15168K) NonClass: 12342K(12864K)->12342K(12864K) Class: 1961K(2304K)->1961K(2304K)
[279.823s][info][gc             ] GC(713) Pause Young (Normal) (G1 Evacuation Pause) 670M->8M(1108M) 3.469ms
[279.823s][info][gc,cpu         ] GC(713) User=0.00s Sys=0.00s Real=0.00s
[280.240s][info][gc,start       ] GC(714) Pause Young (Normal) (G1 Evacuation Pause)
[280.240s][info][gc,task        ] GC(714) Using 33 workers of 33 for evacuation
[280.244s][info][gc,phases      ] GC(714)   Pre Evacuate Collection Set: 0.2ms
[280.244s][info][gc,phases      ] GC(714)   Merge Heap Roots: 0.2ms
[280.244s][info][gc,phases      ] GC(714)   Evacuate Collection Set: 0.4ms
[280.244s][info][gc,phases      ] GC(714)   Post Evacuate Collection Set: 2.4ms
[280.244s][info][gc,phases      ] GC(714)   Other: 0.1ms
[280.244s][info][gc,heap        ] GC(714) Eden regions: 331->0(331)
[280.244s][info][gc,heap        ] GC(714) Survivor regions: 1->1(42)
[280.244s][info][gc,heap        ] GC(714) Old regions: 27->27
[280.244s][info][gc,heap        ] GC(714) Archive regions: 0->0
[280.244s][info][gc,heap        ] GC(714) Humongous regions: 0->0
[280.244s][info][gc,metaspace   ] GC(714) Metaspace: 14303K(15168K)->14303K(15168K) NonClass: 12342K(12864K)->12342K(12864K) Class: 1961K(2304K)->1961K(2304K)
[280.244s][info][gc             ] GC(714) Pause Young (Normal) (G1 Evacuation Pause) 670M->8M(1108M) 3.516ms
[280.244s][info][gc,cpu         ] GC(714) User=0.00s Sys=0.00s Real=0.00s
[280.658s][info][gc,start       ] GC(715) Pause Young (Normal) (G1 Evacuation Pause)
[280.661s][info][gc,task        ] GC(715) Using 33 workers of 33 for evacuation
[280.664s][info][gc,phases      ] GC(715)   Pre Evacuate Collection Set: 0.2ms
[280.664s][info][gc,phases      ] GC(715)   Merge Heap Roots: 0.2ms
[280.664s][info][gc,phases      ] GC(715)   Evacuate Collection Set: 0.4ms
[280.664s][info][gc,phases      ] GC(715)   Post Evacuate Collection Set: 2.4ms
[280.664s][info][gc,phases      ] GC(715)   Other: 0.1ms
[280.664s][info][gc,heap        ] GC(715) Eden regions: 331->0(331)
[280.664s][info][gc,heap        ] GC(715) Survivor regions: 1->1(42)
[280.664s][info][gc,heap        ] GC(715) Old regions: 27->27
[280.664s][info][gc,heap        ] GC(715) Archive regions: 0->0
[280.664s][info][gc,heap        ] GC(715) Humongous regions: 0->0
[280.664s][info][gc,metaspace   ] GC(715) Metaspace: 14303K(15168K)->14303K(15168K) NonClass: 12342K(12864K)->12342K(12864K) Class: 1961K(2304K)->1961K(2304K)
[280.664s][info][gc             ] GC(715) Pause Young (Normal) (G1 Evacuation Pause) 670M->8M(1108M) 5.809ms
[280.664s][info][gc,cpu         ] GC(715) User=0.00s Sys=0.00s Real=0.00s
[281.079s][info][gc,start       ] GC(716) Pause Young (Normal) (G1 Evacuation Pause)
[281.079s][info][gc,task        ] GC(716) Using 33 workers of 33 for evacuation
[281.083s][info][gc,phases      ] GC(716)   Pre Evacuate Collection Set: 0.1ms
[281.083s][info][gc,phases      ] GC(716)   Merge Heap Roots: 0.2ms
[281.083s][info][gc,phases      ] GC(716)   Evacuate Collection Set: 0.4ms
[281.083s][info][gc,phases      ] GC(716)   Post Evacuate Collection Set: 2.5ms
[281.083s][info][gc,phases      ] GC(716)   Other: 0.1ms
[281.083s][info][gc,heap        ] GC(716) Eden regions: 331->0(331)
[281.083s][info][gc,heap        ] GC(716) Survivor regions: 1->1(42)
[281.083s][info][gc,heap        ] GC(716) Old regions: 27->27
[281.083s][info][gc,heap        ] GC(716) Archive regions: 0->0
[281.083s][info][gc,heap        ] GC(716) Humongous regions: 0->0
[281.083s][info][gc,metaspace   ] GC(716) Metaspace: 14303K(15168K)->14303K(15168K) NonClass: 12342K(12864K)->12342K(12864K) Class: 1961K(2304K)->1961K(2304K)
[281.083s][info][gc             ] GC(716) Pause Young (Normal) (G1 Evacuation Pause) 670M->8M(1108M) 3.575ms
[281.083s][info][gc,cpu         ] GC(716) User=0.00s Sys=0.00s Real=0.00s
[281.498s][info][gc,start       ] GC(717) Pause Young (Normal) (G1 Evacuation Pause)
[281.498s][info][gc,task        ] GC(717) Using 33 workers of 33 for evacuation
[281.501s][info][gc,phases      ] GC(717)   Pre Evacuate Collection Set: 0.1ms
[281.501s][info][gc,phases      ] GC(717)   Merge Heap Roots: 0.2ms
[281.501s][info][gc,phases      ] GC(717)   Evacuate Collection Set: 0.4ms
[281.501s][info][gc,phases      ] GC(717)   Post Evacuate Collection Set: 2.6ms
[281.501s][info][gc,phases      ] GC(717)   Other: 0.1ms
[281.501s][info][gc,heap        ] GC(717) Eden regions: 331->0(331)
[281.501s][info][gc,heap        ] GC(717) Survivor regions: 1->1(42)
[281.501s][info][gc,heap        ] GC(717) Old regions: 27->27
[281.501s][info][gc,heap        ] GC(717) Archive regions: 0->0
[281.501s][info][gc,heap        ] GC(717) Humongous regions: 0->0
[281.501s][info][gc,metaspace   ] GC(717) Metaspace: 14303K(15168K)->14303K(15168K) NonClass: 12342K(12864K)->12342K(12864K) Class: 1961K(2304K)->1961K(2304K)
[281.501s][info][gc             ] GC(717) Pause Young (Normal) (G1 Evacuation Pause) 670M->8M(1108M) 3.613ms
[281.501s][info][gc,cpu         ] GC(717) User=0.00s Sys=0.00s Real=0.00s
[282.042s][info][gc,start       ] GC(718) Pause Young (Normal) (G1 Evacuation Pause)
[282.051s][info][gc,task        ] GC(718) Using 33 workers of 33 for evacuation
[282.063s][info][gc,phases      ] GC(718)   Pre Evacuate Collection Set: 0.2ms
[282.064s][info][gc,phases      ] GC(718)   Merge Heap Roots: 0.3ms
[282.064s][info][gc,phases      ] GC(718)   Evacuate Collection Set: 0.8ms
[282.064s][info][gc,phases      ] GC(718)   Post Evacuate Collection Set: 3.4ms
[282.064s][info][gc,phases      ] GC(718)   Other: 7.6ms
[282.064s][info][gc,heap        ] GC(718) Eden regions: 331->0(331)
[282.064s][info][gc,heap        ] GC(718) Survivor regions: 1->1(42)
[282.064s][info][gc,heap        ] GC(718) Old regions: 27->27
[282.064s][info][gc,heap        ] GC(718) Archive regions: 0->0
[282.064s][info][gc,heap        ] GC(718) Humongous regions: 0->0
[282.064s][info][gc,metaspace   ] GC(718) Metaspace: 14303K(15168K)->14303K(15168K) NonClass: 12342K(12864K)->12342K(12864K) Class: 1961K(2304K)->1961K(2304K)
[282.064s][info][gc             ] GC(718) Pause Young (Normal) (G1 Evacuation Pause) 670M->8M(1108M) 22.354ms
[282.064s][info][gc,cpu         ] GC(718) User=0.00s Sys=0.00s Real=0.02s
[282.492s][info][gc,start       ] GC(719) Pause Young (Normal) (G1 Evacuation Pause)
[282.493s][info][gc,task        ] GC(719) Using 33 workers of 33 for evacuation
[282.496s][info][gc,phases      ] GC(719)   Pre Evacuate Collection Set: 0.2ms
[282.496s][info][gc,phases      ] GC(719)   Merge Heap Roots: 0.2ms
[282.496s][info][gc,phases      ] GC(719)   Evacuate Collection Set: 0.4ms
[282.496s][info][gc,phases      ] GC(719)   Post Evacuate Collection Set: 2.3ms
[282.496s][info][gc,phases      ] GC(719)   Other: 0.1ms
[282.496s][info][gc,heap        ] GC(719) Eden regions: 331->0(331)
[282.496s][info][gc,heap        ] GC(719) Survivor regions: 1->1(42)
[282.496s][info][gc,heap        ] GC(719) Old regions: 27->27
[282.496s][info][gc,heap        ] GC(719) Archive regions: 0->0
[282.496s][info][gc,heap        ] GC(719) Humongous regions: 0->0
[282.496s][info][gc,metaspace   ] GC(719) Metaspace: 14303K(15168K)->14303K(15168K) NonClass: 12342K(12864K)->12342K(12864K) Class: 1961K(2304K)->1961K(2304K)
[282.496s][info][gc             ] GC(719) Pause Young (Normal) (G1 Evacuation Pause) 670M->8M(1108M) 3.310ms
[282.496s][info][gc,cpu         ] GC(719) User=0.00s Sys=0.00s Real=0.00s
[282.917s][info][gc,start       ] GC(720) Pause Young (Normal) (G1 Evacuation Pause)
[282.917s][info][gc,task        ] GC(720) Using 33 workers of 33 for evacuation
[282.920s][info][gc,phases      ] GC(720)   Pre Evacuate Collection Set: 0.1ms
[282.920s][info][gc,phases      ] GC(720)   Merge Heap Roots: 0.2ms
[282.920s][info][gc,phases      ] GC(720)   Evacuate Collection Set: 0.4ms
[282.920s][info][gc,phases      ] GC(720)   Post Evacuate Collection Set: 2.3ms
[282.920s][info][gc,phases      ] GC(720)   Other: 0.1ms
[282.920s][info][gc,heap        ] GC(720) Eden regions: 331->0(331)
[282.920s][info][gc,heap        ] GC(720) Survivor regions: 1->1(42)
[282.920s][info][gc,heap        ] GC(720) Old regions: 27->27
[282.920s][info][gc,heap        ] GC(720) Archive regions: 0->0
[282.920s][info][gc,heap        ] GC(720) Humongous regions: 0->0
[282.920s][info][gc,metaspace   ] GC(720) Metaspace: 14303K(15168K)->14303K(15168K) NonClass: 12342K(12864K)->12342K(12864K) Class: 1961K(2304K)->1961K(2304K)
[282.920s][info][gc             ] GC(720) Pause Young (Normal) (G1 Evacuation Pause) 670M->8M(1108M) 3.402ms
[282.920s][info][gc,cpu         ] GC(720) User=0.00s Sys=0.00s Real=0.00s
[283.344s][info][gc,start       ] GC(721) Pause Young (Normal) (G1 Evacuation Pause)
[283.344s][info][gc,task        ] GC(721) Using 33 workers of 33 for evacuation
[283.347s][info][gc,phases      ] GC(721)   Pre Evacuate Collection Set: 0.2ms
[283.347s][info][gc,phases      ] GC(721)   Merge Heap Roots: 0.1ms
[283.347s][info][gc,phases      ] GC(721)   Evacuate Collection Set: 0.4ms
[283.347s][info][gc,phases      ] GC(721)   Post Evacuate Collection Set: 2.2ms
[283.347s][info][gc,phases      ] GC(721)   Other: 0.1ms
[283.347s][info][gc,heap        ] GC(721) Eden regions: 331->0(331)
[283.347s][info][gc,heap        ] GC(721) Survivor regions: 1->1(42)
[283.347s][info][gc,heap        ] GC(721) Old regions: 27->27
[283.347s][info][gc,heap        ] GC(721) Archive regions: 0->0
[283.347s][info][gc,heap        ] GC(721) Humongous regions: 0->0
[283.347s][info][gc,metaspace   ] GC(721) Metaspace: 14303K(15168K)->14303K(15168K) NonClass: 12342K(12864K)->12342K(12864K) Class: 1961K(2304K)->1961K(2304K)
[283.347s][info][gc             ] GC(721) Pause Young (Normal) (G1 Evacuation Pause) 670M->9M(1108M) 3.185ms
[283.347s][info][gc,cpu         ] GC(721) User=0.13s Sys=0.02s Real=0.00s
[283.770s][info][gc,start       ] GC(722) Pause Young (Normal) (G1 Evacuation Pause)
[283.770s][info][gc,task        ] GC(722) Using 33 workers of 33 for evacuation
[283.773s][info][gc,phases      ] GC(722)   Pre Evacuate Collection Set: 0.2ms
[283.773s][info][gc,phases      ] GC(722)   Merge Heap Roots: 0.2ms
[283.773s][info][gc,phases      ] GC(722)   Evacuate Collection Set: 0.4ms
[283.773s][info][gc,phases      ] GC(722)   Post Evacuate Collection Set: 2.3ms
[283.773s][info][gc,phases      ] GC(722)   Other: 0.1ms
[283.773s][info][gc,heap        ] GC(722) Eden regions: 331->0(331)
[283.773s][info][gc,heap        ] GC(722) Survivor regions: 1->1(42)
[283.773s][info][gc,heap        ] GC(722) Old regions: 27->27
[283.773s][info][gc,heap        ] GC(722) Archive regions: 0->0
[283.773s][info][gc,heap        ] GC(722) Humongous regions: 0->0
[283.773s][info][gc,metaspace   ] GC(722) Metaspace: 14303K(15168K)->14303K(15168K) NonClass: 12342K(12864K)->12342K(12864K) Class: 1961K(2304K)->1961K(2304K)
[283.773s][info][gc             ] GC(722) Pause Young (Normal) (G1 Evacuation Pause) 671M->9M(1108M) 3.383ms
[283.773s][info][gc,cpu         ] GC(722) User=0.00s Sys=0.00s Real=0.00s
[284.208s][info][gc,start       ] GC(723) Pause Young (Normal) (G1 Evacuation Pause)
[284.208s][info][gc,task        ] GC(723) Using 33 workers of 33 for evacuation
[284.211s][info][gc,phases      ] GC(723)   Pre Evacuate Collection Set: 0.1ms
[284.211s][info][gc,phases      ] GC(723)   Merge Heap Roots: 0.2ms
[284.211s][info][gc,phases      ] GC(723)   Evacuate Collection Set: 0.4ms
[284.211s][info][gc,phases      ] GC(723)   Post Evacuate Collection Set: 2.3ms
[284.211s][info][gc,phases      ] GC(723)   Other: 0.1ms
[284.211s][info][gc,heap        ] GC(723) Eden regions: 331->0(331)
[284.211s][info][gc,heap        ] GC(723) Survivor regions: 1->1(42)
[284.211s][info][gc,heap        ] GC(723) Old regions: 27->27
[284.211s][info][gc,heap        ] GC(723) Archive regions: 0->0
[284.211s][info][gc,heap        ] GC(723) Humongous regions: 0->0
[284.211s][info][gc,metaspace   ] GC(723) Metaspace: 14303K(15168K)->14303K(15168K) NonClass: 12342K(12864K)->12342K(12864K) Class: 1961K(2304K)->1961K(2304K)
[284.211s][info][gc             ] GC(723) Pause Young (Normal) (G1 Evacuation Pause) 671M->9M(1108M) 3.341ms
[284.211s][info][gc,cpu         ] GC(723) User=0.00s Sys=0.00s Real=0.00s
[284.692s][info][gc,start       ] GC(724) Pause Young (Normal) (G1 Evacuation Pause)
[284.692s][info][gc,task        ] GC(724) Using 33 workers of 33 for evacuation
[284.695s][info][gc,phases      ] GC(724)   Pre Evacuate Collection Set: 0.1ms
[284.696s][info][gc,phases      ] GC(724)   Merge Heap Roots: 0.2ms
[284.696s][info][gc,phases      ] GC(724)   Evacuate Collection Set: 0.4ms
[284.696s][info][gc,phases      ] GC(724)   Post Evacuate Collection Set: 2.4ms
[284.696s][info][gc,phases      ] GC(724)   Other: 0.1ms
[284.696s][info][gc,heap        ] GC(724) Eden regions: 331->0(331)
[284.696s][info][gc,heap        ] GC(724) Survivor regions: 1->1(42)
[284.696s][info][gc,heap        ] GC(724) Old regions: 27->27
[284.696s][info][gc,heap        ] GC(724) Archive regions: 0->0
[284.696s][info][gc,heap        ] GC(724) Humongous regions: 0->0
[284.696s][info][gc,metaspace   ] GC(724) Metaspace: 14303K(15168K)->14303K(15168K) NonClass: 12342K(12864K)->12342K(12864K) Class: 1961K(2304K)->1961K(2304K)
[284.696s][info][gc             ] GC(724) Pause Young (Normal) (G1 Evacuation Pause) 671M->9M(1108M) 3.436ms
[284.696s][info][gc,cpu         ] GC(724) User=0.00s Sys=0.00s Real=0.00s
[285.045s][info][gc,start       ] GC(725) Pause Full (System.gc())
[285.045s][info][gc,task        ] GC(725) Using 29 workers of 33 for full compaction
[285.046s][info][gc,phases,start] GC(725) Phase 1: Mark live objects
[285.059s][info][gc,phases      ] GC(725) Phase 1: Mark live objects 12.780ms
[285.059s][info][gc,phases,start] GC(725) Phase 2: Prepare compaction
[285.061s][info][gc,phases      ] GC(725) Phase 2: Prepare compaction 2.122ms
[285.061s][info][gc,phases,start] GC(725) Phase 3: Adjust pointers
[285.066s][info][gc,phases      ] GC(725) Phase 3: Adjust pointers 4.889ms
[285.066s][info][gc,phases,start] GC(725) Phase 4: Compact heap
[285.066s][info][gc,phases      ] GC(725) Phase 4: Compact heap 0.552ms
[285.074s][info][gc,heap        ] GC(725) Eden regions: 247->0(52)
[285.074s][info][gc,heap        ] GC(725) Survivor regions: 1->0(42)
[285.074s][info][gc,heap        ] GC(725) Old regions: 27->26
[285.074s][info][gc,heap        ] GC(725) Archive regions: 0->0
[285.074s][info][gc,heap        ] GC(725) Humongous regions: 0->0
[285.074s][info][gc,metaspace   ] GC(725) Metaspace: 14303K(15168K)->14303K(15168K) NonClass: 12342K(12864K)->12342K(12864K) Class: 1961K(2304K)->1961K(2304K)
[285.074s][info][gc             ] GC(725) Pause Full (System.gc()) 503M->5M(174M) 29.922ms
[285.075s][info][gc,cpu         ] GC(725) User=0.02s Sys=0.02s Real=0.03s
[285.149s][info][gc,start       ] GC(726) Pause Young (Normal) (G1 Evacuation Pause)
[285.149s][info][gc,task        ] GC(726) Using 33 workers of 33 for evacuation
[285.152s][info][gc,phases      ] GC(726)   Pre Evacuate Collection Set: 0.1ms
[285.152s][info][gc,phases      ] GC(726)   Merge Heap Roots: 0.1ms
[285.152s][info][gc,phases      ] GC(726)   Evacuate Collection Set: 0.4ms
[285.152s][info][gc,phases      ] GC(726)   Post Evacuate Collection Set: 1.9ms
[285.152s][info][gc,phases      ] GC(726)   Other: 0.1ms
[285.152s][info][gc,heap        ] GC(726) Eden regions: 52->0(51)
[285.152s][info][gc,heap        ] GC(726) Survivor regions: 0->1(7)
[285.152s][info][gc,heap        ] GC(726) Old regions: 26->26
[285.152s][info][gc,heap        ] GC(726) Archive regions: 0->0
[285.152s][info][gc,heap        ] GC(726) Humongous regions: 0->0
[285.152s][info][gc,metaspace   ] GC(726) Metaspace: 14303K(15168K)->14303K(15168K) NonClass: 12342K(12864K)->12342K(12864K) Class: 1961K(2304K)->1961K(2304K)
[285.152s][info][gc             ] GC(726) Pause Young (Normal) (G1 Evacuation Pause) 109M->6M(174M) 2.901ms
[285.152s][info][gc,cpu         ] GC(726) User=0.00s Sys=0.00s Real=0.00s
[285.215s][info][gc,start       ] GC(727) Pause Young (Normal) (G1 Evacuation Pause)
[285.215s][info][gc,task        ] GC(727) Using 33 workers of 33 for evacuation
[285.218s][info][gc,phases      ] GC(727)   Pre Evacuate Collection Set: 0.1ms
[285.218s][info][gc,phases      ] GC(727)   Merge Heap Roots: 0.1ms
[285.218s][info][gc,phases      ] GC(727)   Evacuate Collection Set: 0.5ms
[285.218s][info][gc,phases      ] GC(727)   Post Evacuate Collection Set: 1.9ms
[285.218s][info][gc,phases      ] GC(727)   Other: 0.1ms
[285.218s][info][gc,heap        ] GC(727) Eden regions: 51->0(51)
[285.218s][info][gc,heap        ] GC(727) Survivor regions: 1->1(7)
[285.218s][info][gc,heap        ] GC(727) Old regions: 26->26
[285.218s][info][gc,heap        ] GC(727) Archive regions: 0->0
[285.218s][info][gc,heap        ] GC(727) Humongous regions: 0->0
[285.218s][info][gc,metaspace   ] GC(727) Metaspace: 14303K(15168K)->14303K(15168K) NonClass: 12342K(12864K)->12342K(12864K) Class: 1961K(2304K)->1961K(2304K)
[285.218s][info][gc             ] GC(727) Pause Young (Normal) (G1 Evacuation Pause) 108M->6M(174M) 2.895ms
[285.218s][info][gc,cpu         ] GC(727) User=0.00s Sys=0.00s Real=0.00s
[285.285s][info][gc,start       ] GC(728) Pause Young (Normal) (G1 Evacuation Pause)
[285.285s][info][gc,task        ] GC(728) Using 33 workers of 33 for evacuation
[285.288s][info][gc,phases      ] GC(728)   Pre Evacuate Collection Set: 0.1ms
[285.288s][info][gc,phases      ] GC(728)   Merge Heap Roots: 0.1ms
[285.288s][info][gc,phases      ] GC(728)   Evacuate Collection Set: 0.4ms
[285.288s][info][gc,phases      ] GC(728)   Post Evacuate Collection Set: 1.9ms
[285.288s][info][gc,phases      ] GC(728)   Other: 0.1ms
[285.288s][info][gc,heap        ] GC(728) Eden regions: 51->0(51)
[285.288s][info][gc,heap        ] GC(728) Survivor regions: 1->1(7)
[285.288s][info][gc,heap        ] GC(728) Old regions: 26->26
[285.288s][info][gc,heap        ] GC(728) Archive regions: 0->0
[285.288s][info][gc,heap        ] GC(728) Humongous regions: 0->0
[285.288s][info][gc,metaspace   ] GC(728) Metaspace: 14303K(15168K)->14303K(15168K) NonClass: 12342K(12864K)->12342K(12864K) Class: 1961K(2304K)->1961K(2304K)
[285.288s][info][gc             ] GC(728) Pause Young (Normal) (G1 Evacuation Pause) 108M->6M(174M) 2.755ms
[285.288s][info][gc,cpu         ] GC(728) User=0.00s Sys=0.00s Real=0.00s
[285.353s][info][gc,start       ] GC(729) Pause Young (Normal) (G1 Evacuation Pause)
[285.353s][info][gc,task        ] GC(729) Using 33 workers of 33 for evacuation
[285.359s][info][gc,phases      ] GC(729)   Pre Evacuate Collection Set: 0.1ms
[285.359s][info][gc,phases      ] GC(729)   Merge Heap Roots: 0.1ms
[285.359s][info][gc,phases      ] GC(729)   Evacuate Collection Set: 0.5ms
[285.359s][info][gc,phases      ] GC(729)   Post Evacuate Collection Set: 4.9ms
[285.359s][info][gc,phases      ] GC(729)   Other: 0.1ms
[285.359s][info][gc,heap        ] GC(729) Eden regions: 51->0(332)
[285.359s][info][gc,heap        ] GC(729) Survivor regions: 1->1(7)
[285.359s][info][gc,heap        ] GC(729) Old regions: 26->26
[285.359s][info][gc,heap        ] GC(729) Archive regions: 0->0
[285.359s][info][gc,heap        ] GC(729) Humongous regions: 0->0
[285.359s][info][gc,metaspace   ] GC(729) Metaspace: 14303K(15168K)->14303K(15168K) NonClass: 12342K(12864K)->12342K(12864K) Class: 1961K(2304K)->1961K(2304K)
[285.359s][info][gc             ] GC(729) Pause Young (Normal) (G1 Evacuation Pause) 108M->6M(1112M) 5.877ms
[285.359s][info][gc,cpu         ] GC(729) User=0.00s Sys=0.00s Real=0.00s
[285.808s][info][gc,start       ] GC(730) Pause Young (Normal) (G1 Evacuation Pause)
[285.808s][info][gc,task        ] GC(730) Using 33 workers of 33 for evacuation
[285.813s][info][gc,phases      ] GC(730)   Pre Evacuate Collection Set: 0.1ms
[285.813s][info][gc,phases      ] GC(730)   Merge Heap Roots: 0.1ms
[285.813s][info][gc,phases      ] GC(730)   Evacuate Collection Set: 1.8ms
[285.813s][info][gc,phases      ] GC(730)   Post Evacuate Collection Set: 2.4ms
[285.813s][info][gc,phases      ] GC(730)   Other: 0.1ms
[285.813s][info][gc,heap        ] GC(730) Eden regions: 332->0(332)
[285.813s][info][gc,heap        ] GC(730) Survivor regions: 1->1(42)
[285.813s][info][gc,heap        ] GC(730) Old regions: 26->26
[285.813s][info][gc,heap        ] GC(730) Archive regions: 0->0
[285.813s][info][gc,heap        ] GC(730) Humongous regions: 0->0
[285.813s][info][gc,metaspace   ] GC(730) Metaspace: 14303K(15168K)->14303K(15168K) NonClass: 12342K(12864K)->12342K(12864K) Class: 1961K(2304K)->1961K(2304K)
[285.813s][info][gc             ] GC(730) Pause Young (Normal) (G1 Evacuation Pause) 670M->6M(1112M) 4.811ms
[285.813s][info][gc,cpu         ] GC(730) User=0.00s Sys=0.00s Real=0.01s
[286.241s][info][gc,start       ] GC(731) Pause Young (Normal) (G1 Evacuation Pause)
[286.241s][info][gc,task        ] GC(731) Using 33 workers of 33 for evacuation
[286.246s][info][gc,phases      ] GC(731)   Pre Evacuate Collection Set: 0.2ms
[286.246s][info][gc,phases      ] GC(731)   Merge Heap Roots: 0.1ms
[286.246s][info][gc,phases      ] GC(731)   Evacuate Collection Set: 1.9ms
[286.246s][info][gc,phases      ] GC(731)   Post Evacuate Collection Set: 2.5ms
[286.246s][info][gc,phases      ] GC(731)   Other: 0.1ms
[286.246s][info][gc,heap        ] GC(731) Eden regions: 332->0(332)
[286.246s][info][gc,heap        ] GC(731) Survivor regions: 1->1(42)
[286.246s][info][gc,heap        ] GC(731) Old regions: 26->26
[286.246s][info][gc,heap        ] GC(731) Archive regions: 0->0
[286.246s][info][gc,heap        ] GC(731) Humongous regions: 0->0
[286.246s][info][gc,metaspace   ] GC(731) Metaspace: 14303K(15168K)->14303K(15168K) NonClass: 12342K(12864K)->12342K(12864K) Class: 1961K(2304K)->1961K(2304K)
[286.246s][info][gc             ] GC(731) Pause Young (Normal) (G1 Evacuation Pause) 670M->6M(1112M) 5.073ms
[286.246s][info][gc,cpu         ] GC(731) User=0.00s Sys=0.00s Real=0.01s
[286.662s][info][gc,start       ] GC(732) Pause Young (Normal) (G1 Evacuation Pause)
[286.663s][info][gc,task        ] GC(732) Using 33 workers of 33 for evacuation
[286.666s][info][gc,phases      ] GC(732)   Pre Evacuate Collection Set: 0.1ms
[286.666s][info][gc,phases      ] GC(732)   Merge Heap Roots: 0.1ms
[286.666s][info][gc,phases      ] GC(732)   Evacuate Collection Set: 0.5ms
[286.666s][info][gc,phases      ] GC(732)   Post Evacuate Collection Set: 2.5ms
[286.666s][info][gc,phases      ] GC(732)   Other: 0.1ms
[286.666s][info][gc,heap        ] GC(732) Eden regions: 332->0(332)
[286.666s][info][gc,heap        ] GC(732) Survivor regions: 1->1(42)
[286.666s][info][gc,heap        ] GC(732) Old regions: 26->26
[286.666s][info][gc,heap        ] GC(732) Archive regions: 0->0
[286.666s][info][gc,heap        ] GC(732) Humongous regions: 0->0
[286.666s][info][gc,metaspace   ] GC(732) Metaspace: 14303K(15168K)->14303K(15168K) NonClass: 12342K(12864K)->12342K(12864K) Class: 1961K(2304K)->1961K(2304K)
[286.666s][info][gc             ] GC(732) Pause Young (Normal) (G1 Evacuation Pause) 670M->6M(1112M) 3.693ms
[286.666s][info][gc,cpu         ] GC(732) User=0.00s Sys=0.00s Real=0.00s
[287.085s][info][gc,start       ] GC(733) Pause Young (Normal) (G1 Evacuation Pause)
[287.085s][info][gc,task        ] GC(733) Using 33 workers of 33 for evacuation
[287.089s][info][gc,phases      ] GC(733)   Pre Evacuate Collection Set: 0.1ms
[287.089s][info][gc,phases      ] GC(733)   Merge Heap Roots: 0.1ms
[287.089s][info][gc,phases      ] GC(733)   Evacuate Collection Set: 0.5ms
[287.089s][info][gc,phases      ] GC(733)   Post Evacuate Collection Set: 2.6ms
[287.089s][info][gc,phases      ] GC(733)   Other: 0.1ms
[287.089s][info][gc,heap        ] GC(733) Eden regions: 332->0(332)
[287.089s][info][gc,heap        ] GC(733) Survivor regions: 1->1(42)
[287.089s][info][gc,heap        ] GC(733) Old regions: 26->26
[287.089s][info][gc,heap        ] GC(733) Archive regions: 0->0
[287.089s][info][gc,heap        ] GC(733) Humongous regions: 0->0
[287.089s][info][gc,metaspace   ] GC(733) Metaspace: 14303K(15168K)->14303K(15168K) NonClass: 12342K(12864K)->12342K(12864K) Class: 1961K(2304K)->1961K(2304K)
[287.089s][info][gc             ] GC(733) Pause Young (Normal) (G1 Evacuation Pause) 670M->7M(1112M) 3.749ms
[287.089s][info][gc,cpu         ] GC(733) User=0.00s Sys=0.00s Real=0.00s
[287.507s][info][gc,start       ] GC(734) Pause Young (Normal) (G1 Evacuation Pause)
[287.507s][info][gc,task        ] GC(734) Using 33 workers of 33 for evacuation
[287.510s][info][gc,phases      ] GC(734)   Pre Evacuate Collection Set: 0.2ms
[287.510s][info][gc,phases      ] GC(734)   Merge Heap Roots: 0.1ms
[287.510s][info][gc,phases      ] GC(734)   Evacuate Collection Set: 0.5ms
[287.510s][info][gc,phases      ] GC(734)   Post Evacuate Collection Set: 2.2ms
[287.510s][info][gc,phases      ] GC(734)   Other: 0.1ms
[287.510s][info][gc,heap        ] GC(734) Eden regions: 332->0(332)
[287.510s][info][gc,heap        ] GC(734) Survivor regions: 1->1(42)
[287.510s][info][gc,heap        ] GC(734) Old regions: 26->26
[287.510s][info][gc,heap        ] GC(734) Archive regions: 0->0
[287.510s][info][gc,heap        ] GC(734) Humongous regions: 0->0
[287.510s][info][gc,metaspace   ] GC(734) Metaspace: 14303K(15168K)->14303K(15168K) NonClass: 12342K(12864K)->12342K(12864K) Class: 1961K(2304K)->1961K(2304K)
[287.510s][info][gc             ] GC(734) Pause Young (Normal) (G1 Evacuation Pause) 671M->7M(1112M) 3.373ms
[287.510s][info][gc,cpu         ] GC(734) User=0.00s Sys=0.00s Real=0.00s
[287.933s][info][gc,start       ] GC(735) Pause Young (Normal) (G1 Evacuation Pause)
[287.933s][info][gc,task        ] GC(735) Using 33 workers of 33 for evacuation
[287.936s][info][gc,phases      ] GC(735)   Pre Evacuate Collection Set: 0.1ms
[287.936s][info][gc,phases      ] GC(735)   Merge Heap Roots: 0.1ms
[287.936s][info][gc,phases      ] GC(735)   Evacuate Collection Set: 0.5ms
[287.936s][info][gc,phases      ] GC(735)   Post Evacuate Collection Set: 2.1ms
[287.936s][info][gc,phases      ] GC(735)   Other: 0.1ms
[287.936s][info][gc,heap        ] GC(735) Eden regions: 332->0(332)
[287.936s][info][gc,heap        ] GC(735) Survivor regions: 1->1(42)
[287.937s][info][gc,heap        ] GC(735) Old regions: 26->26
[287.937s][info][gc,heap        ] GC(735) Archive regions: 0->0
[287.937s][info][gc,heap        ] GC(735) Humongous regions: 0->0
[287.937s][info][gc,metaspace   ] GC(735) Metaspace: 14303K(15168K)->14303K(15168K) NonClass: 12342K(12864K)->12342K(12864K) Class: 1961K(2304K)->1961K(2304K)
[287.937s][info][gc             ] GC(735) Pause Young (Normal) (G1 Evacuation Pause) 671M->7M(1112M) 3.272ms
[287.937s][info][gc,cpu         ] GC(735) User=0.00s Sys=0.00s Real=0.00s
[288.357s][info][gc,start       ] GC(736) Pause Young (Normal) (G1 Evacuation Pause)
[288.357s][info][gc,task        ] GC(736) Using 33 workers of 33 for evacuation
[288.361s][info][gc,phases      ] GC(736)   Pre Evacuate Collection Set: 0.1ms
[288.361s][info][gc,phases      ] GC(736)   Merge Heap Roots: 0.1ms
[288.361s][info][gc,phases      ] GC(736)   Evacuate Collection Set: 0.6ms
[288.361s][info][gc,phases      ] GC(736)   Post Evacuate Collection Set: 2.2ms
[288.361s][info][gc,phases      ] GC(736)   Other: 0.1ms
[288.361s][info][gc,heap        ] GC(736) Eden regions: 332->0(332)
[288.361s][info][gc,heap        ] GC(736) Survivor regions: 1->1(42)
[288.361s][info][gc,heap        ] GC(736) Old regions: 26->26
[288.361s][info][gc,heap        ] GC(736) Archive regions: 0->0
[288.361s][info][gc,heap        ] GC(736) Humongous regions: 0->0
[288.361s][info][gc,metaspace   ] GC(736) Metaspace: 14303K(15168K)->14303K(15168K) NonClass: 12342K(12864K)->12342K(12864K) Class: 1961K(2304K)->1961K(2304K)
[288.361s][info][gc             ] GC(736) Pause Young (Normal) (G1 Evacuation Pause) 671M->7M(1112M) 3.465ms
[288.361s][info][gc,cpu         ] GC(736) User=0.00s Sys=0.00s Real=0.00s
[288.777s][info][gc,start       ] GC(737) Pause Young (Normal) (G1 Evacuation Pause)
[288.777s][info][gc,task        ] GC(737) Using 33 workers of 33 for evacuation
[288.780s][info][gc,phases      ] GC(737)   Pre Evacuate Collection Set: 0.2ms
[288.780s][info][gc,phases      ] GC(737)   Merge Heap Roots: 0.1ms
[288.780s][info][gc,phases      ] GC(737)   Evacuate Collection Set: 0.6ms
[288.780s][info][gc,phases      ] GC(737)   Post Evacuate Collection Set: 2.3ms
[288.780s][info][gc,phases      ] GC(737)   Other: 0.1ms
[288.780s][info][gc,heap        ] GC(737) Eden regions: 332->0(331)
[288.780s][info][gc,heap        ] GC(737) Survivor regions: 1->2(42)
[288.780s][info][gc,heap        ] GC(737) Old regions: 26->26
[288.780s][info][gc,heap        ] GC(737) Archive regions: 0->0
[288.780s][info][gc,heap        ] GC(737) Humongous regions: 0->0
[288.780s][info][gc,metaspace   ] GC(737) Metaspace: 14303K(15168K)->14303K(15168K) NonClass: 12342K(12864K)->12342K(12864K) Class: 1961K(2304K)->1961K(2304K)
[288.780s][info][gc             ] GC(737) Pause Young (Normal) (G1 Evacuation Pause) 671M->7M(1112M) 3.513ms
[288.780s][info][gc,cpu         ] GC(737) User=0.00s Sys=0.00s Real=0.00s
[289.202s][info][gc,start       ] GC(738) Pause Young (Normal) (G1 Evacuation Pause)
[289.202s][info][gc,task        ] GC(738) Using 33 workers of 33 for evacuation
[289.205s][info][gc,phases      ] GC(738)   Pre Evacuate Collection Set: 0.2ms
[289.206s][info][gc,phases      ] GC(738)   Merge Heap Roots: 0.1ms
[289.206s][info][gc,phases      ] GC(738)   Evacuate Collection Set: 1.1ms
[289.206s][info][gc,phases      ] GC(738)   Post Evacuate Collection Set: 2.3ms
[289.206s][info][gc,phases      ] GC(738)   Other: 0.1ms
[289.206s][info][gc,heap        ] GC(738) Eden regions: 331->0(331)
[289.206s][info][gc,heap        ] GC(738) Survivor regions: 2->2(42)
[289.206s][info][gc,heap        ] GC(738) Old regions: 26->26
[289.206s][info][gc,heap        ] GC(738) Archive regions: 0->0
[289.206s][info][gc,heap        ] GC(738) Humongous regions: 0->0
[289.206s][info][gc,metaspace   ] GC(738) Metaspace: 14303K(15168K)->14303K(15168K) NonClass: 12342K(12864K)->12342K(12864K) Class: 1961K(2304K)->1961K(2304K)
[289.206s][info][gc             ] GC(738) Pause Young (Normal) (G1 Evacuation Pause) 669M->7M(1112M) 4.043ms
[289.206s][info][gc,cpu         ] GC(738) User=0.00s Sys=0.00s Real=0.00s
[289.620s][info][gc,start       ] GC(739) Pause Young (Normal) (G1 Evacuation Pause)
[289.620s][info][gc,task        ] GC(739) Using 33 workers of 33 for evacuation
[289.623s][info][gc,phases      ] GC(739)   Pre Evacuate Collection Set: 0.1ms
[289.623s][info][gc,phases      ] GC(739)   Merge Heap Roots: 0.1ms
[289.623s][info][gc,phases      ] GC(739)   Evacuate Collection Set: 0.6ms
[289.623s][info][gc,phases      ] GC(739)   Post Evacuate Collection Set: 2.4ms
[289.623s][info][gc,phases      ] GC(739)   Other: 0.1ms
[289.623s][info][gc,heap        ] GC(739) Eden regions: 331->0(331)
[289.623s][info][gc,heap        ] GC(739) Survivor regions: 2->2(42)
[289.623s][info][gc,heap        ] GC(739) Old regions: 26->26
[289.623s][info][gc,heap        ] GC(739) Archive regions: 0->0
[289.623s][info][gc,heap        ] GC(739) Humongous regions: 0->0
[289.623s][info][gc,metaspace   ] GC(739) Metaspace: 14303K(15168K)->14303K(15168K) NonClass: 12342K(12864K)->12342K(12864K) Class: 1961K(2304K)->1961K(2304K)
[289.623s][info][gc             ] GC(739) Pause Young (Normal) (G1 Evacuation Pause) 669M->7M(1112M) 3.558ms
[289.623s][info][gc,cpu         ] GC(739) User=0.00s Sys=0.00s Real=0.00s
[290.039s][info][gc,start       ] GC(740) Pause Young (Normal) (G1 Evacuation Pause)
[290.039s][info][gc,task        ] GC(740) Using 33 workers of 33 for evacuation
[290.042s][info][gc,phases      ] GC(740)   Pre Evacuate Collection Set: 0.2ms
[290.042s][info][gc,phases      ] GC(740)   Merge Heap Roots: 0.1ms
[290.042s][info][gc,phases      ] GC(740)   Evacuate Collection Set: 0.6ms
[290.042s][info][gc,phases      ] GC(740)   Post Evacuate Collection Set: 2.4ms
[290.042s][info][gc,phases      ] GC(740)   Other: 0.1ms
[290.042s][info][gc,heap        ] GC(740) Eden regions: 331->0(331)
[290.042s][info][gc,heap        ] GC(740) Survivor regions: 2->2(42)
[290.042s][info][gc,heap        ] GC(740) Old regions: 26->26
[290.042s][info][gc,heap        ] GC(740) Archive regions: 0->0
[290.042s][info][gc,heap        ] GC(740) Humongous regions: 0->0
[290.042s][info][gc,metaspace   ] GC(740) Metaspace: 14303K(15168K)->14303K(15168K) NonClass: 12342K(12864K)->12342K(12864K) Class: 1961K(2304K)->1961K(2304K)
[290.042s][info][gc             ] GC(740) Pause Young (Normal) (G1 Evacuation Pause) 669M->7M(1112M) 3.610ms
[290.042s][info][gc,cpu         ] GC(740) User=0.00s Sys=0.00s Real=0.00s
[290.462s][info][gc,start       ] GC(741) Pause Young (Normal) (G1 Evacuation Pause)
[290.462s][info][gc,task        ] GC(741) Using 33 workers of 33 for evacuation
[290.466s][info][gc,phases      ] GC(741)   Pre Evacuate Collection Set: 0.2ms
[290.466s][info][gc,phases      ] GC(741)   Merge Heap Roots: 0.1ms
[290.466s][info][gc,phases      ] GC(741)   Evacuate Collection Set: 0.6ms
[290.466s][info][gc,phases      ] GC(741)   Post Evacuate Collection Set: 2.5ms
[290.466s][info][gc,phases      ] GC(741)   Other: 0.1ms
[290.466s][info][gc,heap        ] GC(741) Eden regions: 331->0(332)
[290.466s][info][gc,heap        ] GC(741) Survivor regions: 2->1(42)
[290.466s][info][gc,heap        ] GC(741) Old regions: 26->27
[290.466s][info][gc,heap        ] GC(741) Archive regions: 0->0
[290.466s][info][gc,heap        ] GC(741) Humongous regions: 0->0
[290.466s][info][gc,metaspace   ] GC(741) Metaspace: 14303K(15168K)->14303K(15168K) NonClass: 12342K(12864K)->12342K(12864K) Class: 1961K(2304K)->1961K(2304K)
[290.466s][info][gc             ] GC(741) Pause Young (Normal) (G1 Evacuation Pause) 669M->7M(1112M) 3.753ms
[290.466s][info][gc,cpu         ] GC(741) User=0.00s Sys=0.00s Real=0.00s
[290.880s][info][gc,start       ] GC(742) Pause Young (Normal) (G1 Evacuation Pause)
[290.880s][info][gc,task        ] GC(742) Using 33 workers of 33 for evacuation
[290.884s][info][gc,phases      ] GC(742)   Pre Evacuate Collection Set: 0.2ms
[290.884s][info][gc,phases      ] GC(742)   Merge Heap Roots: 0.2ms
[290.884s][info][gc,phases      ] GC(742)   Evacuate Collection Set: 0.4ms
[290.884s][info][gc,phases      ] GC(742)   Post Evacuate Collection Set: 2.5ms
[290.884s][info][gc,phases      ] GC(742)   Other: 0.1ms
[290.884s][info][gc,heap        ] GC(742) Eden regions: 332->0(332)
[290.884s][info][gc,heap        ] GC(742) Survivor regions: 1->1(42)
[290.884s][info][gc,heap        ] GC(742) Old regions: 27->27
[290.884s][info][gc,heap        ] GC(742) Archive regions: 0->0
[290.884s][info][gc,heap        ] GC(742) Humongous regions: 0->0
[290.884s][info][gc,metaspace   ] GC(742) Metaspace: 14303K(15168K)->14303K(15168K) NonClass: 12342K(12864K)->12342K(12864K) Class: 1961K(2304K)->1961K(2304K)
[290.884s][info][gc             ] GC(742) Pause Young (Normal) (G1 Evacuation Pause) 671M->7M(1112M) 3.583ms
[290.884s][info][gc,cpu         ] GC(742) User=0.00s Sys=0.00s Real=0.00s
[291.298s][info][gc,start       ] GC(743) Pause Young (Normal) (G1 Evacuation Pause)
[291.298s][info][gc,task        ] GC(743) Using 33 workers of 33 for evacuation
[291.302s][info][gc,phases      ] GC(743)   Pre Evacuate Collection Set: 0.1ms
[291.302s][info][gc,phases      ] GC(743)   Merge Heap Roots: 0.2ms
[291.302s][info][gc,phases      ] GC(743)   Evacuate Collection Set: 0.4ms
[291.302s][info][gc,phases      ] GC(743)   Post Evacuate Collection Set: 2.6ms
[291.302s][info][gc,phases      ] GC(743)   Other: 0.1ms
[291.302s][info][gc,heap        ] GC(743) Eden regions: 332->0(332)
[291.302s][info][gc,heap        ] GC(743) Survivor regions: 1->1(42)
[291.302s][info][gc,heap        ] GC(743) Old regions: 27->27
[291.302s][info][gc,heap        ] GC(743) Archive regions: 0->0
[291.302s][info][gc,heap        ] GC(743) Humongous regions: 0->0
[291.302s][info][gc,metaspace   ] GC(743) Metaspace: 14303K(15168K)->14303K(15168K) NonClass: 12342K(12864K)->12342K(12864K) Class: 1961K(2304K)->1961K(2304K)
[291.302s][info][gc             ] GC(743) Pause Young (Normal) (G1 Evacuation Pause) 671M->7M(1112M) 3.653ms
[291.302s][info][gc,cpu         ] GC(743) User=0.52s Sys=0.00s Real=0.00s
[291.720s][info][gc,start       ] GC(744) Pause Young (Normal) (G1 Evacuation Pause)
[291.720s][info][gc,task        ] GC(744) Using 33 workers of 33 for evacuation
[291.723s][info][gc,phases      ] GC(744)   Pre Evacuate Collection Set: 0.1ms
[291.723s][info][gc,phases      ] GC(744)   Merge Heap Roots: 0.2ms
[291.723s][info][gc,phases      ] GC(744)   Evacuate Collection Set: 0.4ms
[291.723s][info][gc,phases      ] GC(744)   Post Evacuate Collection Set: 2.6ms
[291.723s][info][gc,phases      ] GC(744)   Other: 0.1ms
[291.723s][info][gc,heap        ] GC(744) Eden regions: 332->0(332)
[291.723s][info][gc,heap        ] GC(744) Survivor regions: 1->1(42)
[291.723s][info][gc,heap        ] GC(744) Old regions: 27->27
[291.723s][info][gc,heap        ] GC(744) Archive regions: 0->0
[291.723s][info][gc,heap        ] GC(744) Humongous regions: 0->0
[291.723s][info][gc,metaspace   ] GC(744) Metaspace: 14303K(15168K)->14303K(15168K) NonClass: 12342K(12864K)->12342K(12864K) Class: 1961K(2304K)->1961K(2304K)
[291.724s][info][gc             ] GC(744) Pause Young (Normal) (G1 Evacuation Pause) 671M->7M(1112M) 3.650ms
[291.724s][info][gc,cpu         ] GC(744) User=0.52s Sys=0.00s Real=0.00s
[292.140s][info][gc,start       ] GC(745) Pause Young (Normal) (G1 Evacuation Pause)
[292.140s][info][gc,task        ] GC(745) Using 33 workers of 33 for evacuation
[292.143s][info][gc,phases      ] GC(745)   Pre Evacuate Collection Set: 0.2ms
[292.143s][info][gc,phases      ] GC(745)   Merge Heap Roots: 0.1ms
[292.143s][info][gc,phases      ] GC(745)   Evacuate Collection Set: 0.4ms
[292.143s][info][gc,phases      ] GC(745)   Post Evacuate Collection Set: 2.5ms
[292.143s][info][gc,phases      ] GC(745)   Other: 0.1ms
[292.143s][info][gc,heap        ] GC(745) Eden regions: 332->0(332)
[292.143s][info][gc,heap        ] GC(745) Survivor regions: 1->1(42)
[292.143s][info][gc,heap        ] GC(745) Old regions: 27->27
[292.143s][info][gc,heap        ] GC(745) Archive regions: 0->0
[292.143s][info][gc,heap        ] GC(745) Humongous regions: 0->0
[292.143s][info][gc,metaspace   ] GC(745) Metaspace: 14303K(15168K)->14303K(15168K) NonClass: 12342K(12864K)->12342K(12864K) Class: 1961K(2304K)->1961K(2304K)
[292.143s][info][gc             ] GC(745) Pause Young (Normal) (G1 Evacuation Pause) 671M->7M(1112M) 3.600ms
[292.143s][info][gc,cpu         ] GC(745) User=0.00s Sys=0.00s Real=0.00s
[292.561s][info][gc,start       ] GC(746) Pause Young (Normal) (G1 Evacuation Pause)
[292.561s][info][gc,task        ] GC(746) Using 33 workers of 33 for evacuation
[292.564s][info][gc,phases      ] GC(746)   Pre Evacuate Collection Set: 0.2ms
[292.564s][info][gc,phases      ] GC(746)   Merge Heap Roots: 0.2ms
[292.564s][info][gc,phases      ] GC(746)   Evacuate Collection Set: 0.3ms
[292.564s][info][gc,phases      ] GC(746)   Post Evacuate Collection Set: 2.3ms
[292.564s][info][gc,phases      ] GC(746)   Other: 0.1ms
[292.564s][info][gc,heap        ] GC(746) Eden regions: 332->0(332)
[292.564s][info][gc,heap        ] GC(746) Survivor regions: 1->1(42)
[292.564s][info][gc,heap        ] GC(746) Old regions: 27->27
[292.564s][info][gc,heap        ] GC(746) Archive regions: 0->0
[292.564s][info][gc,heap        ] GC(746) Humongous regions: 0->0
[292.564s][info][gc,metaspace   ] GC(746) Metaspace: 14303K(15168K)->14303K(15168K) NonClass: 12342K(12864K)->12342K(12864K) Class: 1961K(2304K)->1961K(2304K)
[292.564s][info][gc             ] GC(746) Pause Young (Normal) (G1 Evacuation Pause) 671M->7M(1112M) 3.285ms
[292.564s][info][gc,cpu         ] GC(746) User=0.00s Sys=0.00s Real=0.00s
[292.979s][info][gc,start       ] GC(747) Pause Young (Normal) (G1 Evacuation Pause)
[292.979s][info][gc,task        ] GC(747) Using 33 workers of 33 for evacuation
[292.982s][info][gc,phases      ] GC(747)   Pre Evacuate Collection Set: 0.1ms
[292.982s][info][gc,phases      ] GC(747)   Merge Heap Roots: 0.2ms
[292.982s][info][gc,phases      ] GC(747)   Evacuate Collection Set: 0.4ms
[292.982s][info][gc,phases      ] GC(747)   Post Evacuate Collection Set: 2.2ms
[292.982s][info][gc,phases      ] GC(747)   Other: 0.1ms
[292.982s][info][gc,heap        ] GC(747) Eden regions: 332->0(332)
[292.982s][info][gc,heap        ] GC(747) Survivor regions: 1->1(42)
[292.982s][info][gc,heap        ] GC(747) Old regions: 27->27
[292.982s][info][gc,heap        ] GC(747) Archive regions: 0->0
[292.982s][info][gc,heap        ] GC(747) Humongous regions: 0->0
[292.982s][info][gc,metaspace   ] GC(747) Metaspace: 14303K(15168K)->14303K(15168K) NonClass: 12342K(12864K)->12342K(12864K) Class: 1961K(2304K)->1961K(2304K)
[292.982s][info][gc             ] GC(747) Pause Young (Normal) (G1 Evacuation Pause) 671M->8M(1112M) 3.197ms
[292.982s][info][gc,cpu         ] GC(747) User=0.00s Sys=0.00s Real=0.00s
[293.399s][info][gc,start       ] GC(748) Pause Young (Normal) (G1 Evacuation Pause)
[293.399s][info][gc,task        ] GC(748) Using 33 workers of 33 for evacuation
[293.402s][info][gc,phases      ] GC(748)   Pre Evacuate Collection Set: 0.2ms
[293.402s][info][gc,phases      ] GC(748)   Merge Heap Roots: 0.2ms
[293.402s][info][gc,phases      ] GC(748)   Evacuate Collection Set: 0.4ms
[293.402s][info][gc,phases      ] GC(748)   Post Evacuate Collection Set: 2.3ms
[293.402s][info][gc,phases      ] GC(748)   Other: 0.1ms
[293.402s][info][gc,heap        ] GC(748) Eden regions: 332->0(332)
[293.402s][info][gc,heap        ] GC(748) Survivor regions: 1->1(42)
[293.402s][info][gc,heap        ] GC(748) Old regions: 27->27
[293.402s][info][gc,heap        ] GC(748) Archive regions: 0->0
[293.402s][info][gc,heap        ] GC(748) Humongous regions: 0->0
[293.402s][info][gc,metaspace   ] GC(748) Metaspace: 14303K(15168K)->14303K(15168K) NonClass: 12342K(12864K)->12342K(12864K) Class: 1961K(2304K)->1961K(2304K)
[293.403s][info][gc             ] GC(748) Pause Young (Normal) (G1 Evacuation Pause) 672M->8M(1112M) 3.306ms
[293.403s][info][gc,cpu         ] GC(748) User=0.00s Sys=0.00s Real=0.00s
[293.820s][info][gc,start       ] GC(749) Pause Young (Normal) (G1 Evacuation Pause)
[293.821s][info][gc,task        ] GC(749) Using 33 workers of 33 for evacuation
[293.824s][info][gc,phases      ] GC(749)   Pre Evacuate Collection Set: 0.2ms
[293.824s][info][gc,phases      ] GC(749)   Merge Heap Roots: 0.2ms
[293.824s][info][gc,phases      ] GC(749)   Evacuate Collection Set: 0.4ms
[293.824s][info][gc,phases      ] GC(749)   Post Evacuate Collection Set: 2.3ms
[293.824s][info][gc,phases      ] GC(749)   Other: 0.1ms
[293.824s][info][gc,heap        ] GC(749) Eden regions: 332->0(332)
[293.824s][info][gc,heap        ] GC(749) Survivor regions: 1->1(42)
[293.824s][info][gc,heap        ] GC(749) Old regions: 27->27
[293.824s][info][gc,heap        ] GC(749) Archive regions: 0->0
[293.824s][info][gc,heap        ] GC(749) Humongous regions: 0->0
[293.824s][info][gc,metaspace   ] GC(749) Metaspace: 14303K(15168K)->14303K(15168K) NonClass: 12342K(12864K)->12342K(12864K) Class: 1961K(2304K)->1961K(2304K)
[293.824s][info][gc             ] GC(749) Pause Young (Normal) (G1 Evacuation Pause) 672M->8M(1112M) 3.402ms
[293.824s][info][gc,cpu         ] GC(749) User=0.00s Sys=0.00s Real=0.00s
[294.240s][info][gc,start       ] GC(750) Pause Young (Normal) (G1 Evacuation Pause)
[294.240s][info][gc,task        ] GC(750) Using 33 workers of 33 for evacuation
[294.243s][info][gc,phases      ] GC(750)   Pre Evacuate Collection Set: 0.2ms
[294.243s][info][gc,phases      ] GC(750)   Merge Heap Roots: 0.2ms
[294.243s][info][gc,phases      ] GC(750)   Evacuate Collection Set: 0.4ms
[294.243s][info][gc,phases      ] GC(750)   Post Evacuate Collection Set: 2.4ms
[294.243s][info][gc,phases      ] GC(750)   Other: 0.1ms
[294.243s][info][gc,heap        ] GC(750) Eden regions: 332->0(332)
[294.243s][info][gc,heap        ] GC(750) Survivor regions: 1->1(42)
[294.243s][info][gc,heap        ] GC(750) Old regions: 27->27
[294.243s][info][gc,heap        ] GC(750) Archive regions: 0->0
[294.243s][info][gc,heap        ] GC(750) Humongous regions: 0->0
[294.243s][info][gc,metaspace   ] GC(750) Metaspace: 14303K(15168K)->14303K(15168K) NonClass: 12342K(12864K)->12342K(12864K) Class: 1961K(2304K)->1961K(2304K)
[294.244s][info][gc             ] GC(750) Pause Young (Normal) (G1 Evacuation Pause) 672M->8M(1112M) 3.426ms
[294.244s][info][gc,cpu         ] GC(750) User=0.00s Sys=0.00s Real=0.00s
[294.658s][info][gc,start       ] GC(751) Pause Young (Normal) (G1 Evacuation Pause)
[294.658s][info][gc,task        ] GC(751) Using 33 workers of 33 for evacuation
[294.662s][info][gc,phases      ] GC(751)   Pre Evacuate Collection Set: 0.1ms
[294.662s][info][gc,phases      ] GC(751)   Merge Heap Roots: 0.2ms
[294.662s][info][gc,phases      ] GC(751)   Evacuate Collection Set: 0.4ms
[294.662s][info][gc,phases      ] GC(751)   Post Evacuate Collection Set: 2.5ms
[294.662s][info][gc,phases      ] GC(751)   Other: 0.1ms
[294.662s][info][gc,heap        ] GC(751) Eden regions: 332->0(332)
[294.662s][info][gc,heap        ] GC(751) Survivor regions: 1->1(42)
[294.662s][info][gc,heap        ] GC(751) Old regions: 27->28
[294.662s][info][gc,heap        ] GC(751) Archive regions: 0->0
[294.662s][info][gc,heap        ] GC(751) Humongous regions: 0->0
[294.662s][info][gc,metaspace   ] GC(751) Metaspace: 14303K(15168K)->14303K(15168K) NonClass: 12342K(12864K)->12342K(12864K) Class: 1961K(2304K)->1961K(2304K)
[294.662s][info][gc             ] GC(751) Pause Young (Normal) (G1 Evacuation Pause) 672M->8M(1112M) 3.529ms
[294.662s][info][gc,cpu         ] GC(751) User=0.52s Sys=0.00s Real=0.00s
[295.079s][info][gc,start       ] GC(752) Pause Young (Normal) (G1 Evacuation Pause)
[295.079s][info][gc,task        ] GC(752) Using 33 workers of 33 for evacuation
[295.082s][info][gc,phases      ] GC(752)   Pre Evacuate Collection Set: 0.1ms
[295.082s][info][gc,phases      ] GC(752)   Merge Heap Roots: 0.2ms
[295.082s][info][gc,phases      ] GC(752)   Evacuate Collection Set: 0.4ms
[295.082s][info][gc,phases      ] GC(752)   Post Evacuate Collection Set: 2.5ms
[295.082s][info][gc,phases      ] GC(752)   Other: 0.1ms
[295.082s][info][gc,heap        ] GC(752) Eden regions: 332->0(332)
[295.082s][info][gc,heap        ] GC(752) Survivor regions: 1->1(42)
[295.082s][info][gc,heap        ] GC(752) Old regions: 28->28
[295.082s][info][gc,heap        ] GC(752) Archive regions: 0->0
[295.082s][info][gc,heap        ] GC(752) Humongous regions: 0->0
[295.082s][info][gc,metaspace   ] GC(752) Metaspace: 14303K(15168K)->14303K(15168K) NonClass: 12342K(12864K)->12342K(12864K) Class: 1961K(2304K)->1961K(2304K)
[295.082s][info][gc             ] GC(752) Pause Young (Normal) (G1 Evacuation Pause) 672M->8M(1112M) 3.609ms
[295.083s][info][gc,cpu         ] GC(752) User=0.52s Sys=0.00s Real=0.00s
[295.499s][info][gc,start       ] GC(753) Pause Young (Normal) (G1 Evacuation Pause)
[295.499s][info][gc,task        ] GC(753) Using 33 workers of 33 for evacuation
[295.503s][info][gc,phases      ] GC(753)   Pre Evacuate Collection Set: 0.2ms
[295.503s][info][gc,phases      ] GC(753)   Merge Heap Roots: 0.2ms
[295.503s][info][gc,phases      ] GC(753)   Evacuate Collection Set: 0.4ms
[295.503s][info][gc,phases      ] GC(753)   Post Evacuate Collection Set: 2.6ms
[295.503s][info][gc,phases      ] GC(753)   Other: 0.1ms
[295.503s][info][gc,heap        ] GC(753) Eden regions: 332->0(332)
[295.503s][info][gc,heap        ] GC(753) Survivor regions: 1->1(42)
[295.503s][info][gc,heap        ] GC(753) Old regions: 28->28
[295.503s][info][gc,heap        ] GC(753) Archive regions: 0->0
[295.503s][info][gc,heap        ] GC(753) Humongous regions: 0->0
[295.503s][info][gc,metaspace   ] GC(753) Metaspace: 14303K(15168K)->14303K(15168K) NonClass: 12342K(12864K)->12342K(12864K) Class: 1961K(2304K)->1961K(2304K)
[295.503s][info][gc             ] GC(753) Pause Young (Normal) (G1 Evacuation Pause) 672M->8M(1112M) 3.613ms
[295.503s][info][gc,cpu         ] GC(753) User=0.00s Sys=0.00s Real=0.00s
[295.919s][info][gc,start       ] GC(754) Pause Young (Normal) (G1 Evacuation Pause)
[295.919s][info][gc,task        ] GC(754) Using 33 workers of 33 for evacuation
[295.922s][info][gc,phases      ] GC(754)   Pre Evacuate Collection Set: 0.1ms
[295.922s][info][gc,phases      ] GC(754)   Merge Heap Roots: 0.1ms
[295.922s][info][gc,phases      ] GC(754)   Evacuate Collection Set: 0.4ms
[295.922s][info][gc,phases      ] GC(754)   Post Evacuate Collection Set: 2.6ms
[295.922s][info][gc,phases      ] GC(754)   Other: 0.1ms
[295.922s][info][gc,heap        ] GC(754) Eden regions: 332->0(332)
[295.922s][info][gc,heap        ] GC(754) Survivor regions: 1->1(42)
[295.922s][info][gc,heap        ] GC(754) Old regions: 28->28
[295.922s][info][gc,heap        ] GC(754) Archive regions: 0->0
[295.922s][info][gc,heap        ] GC(754) Humongous regions: 0->0
[295.922s][info][gc,metaspace   ] GC(754) Metaspace: 14303K(15168K)->14303K(15168K) NonClass: 12342K(12864K)->12342K(12864K) Class: 1961K(2304K)->1961K(2304K)
[295.923s][info][gc             ] GC(754) Pause Young (Normal) (G1 Evacuation Pause) 672M->8M(1112M) 3.613ms
[295.923s][info][gc,cpu         ] GC(754) User=0.00s Sys=0.00s Real=0.00s
[296.338s][info][gc,start       ] GC(755) Pause Young (Normal) (G1 Evacuation Pause)
[296.338s][info][gc,task        ] GC(755) Using 33 workers of 33 for evacuation
[296.342s][info][gc,phases      ] GC(755)   Pre Evacuate Collection Set: 0.1ms
[296.342s][info][gc,phases      ] GC(755)   Merge Heap Roots: 0.2ms
[296.342s][info][gc,phases      ] GC(755)   Evacuate Collection Set: 0.4ms
[296.342s][info][gc,phases      ] GC(755)   Post Evacuate Collection Set: 2.7ms
[296.342s][info][gc,phases      ] GC(755)   Other: 0.1ms
[296.342s][info][gc,heap        ] GC(755) Eden regions: 332->0(332)
[296.342s][info][gc,heap        ] GC(755) Survivor regions: 1->1(42)
[296.342s][info][gc,heap        ] GC(755) Old regions: 28->28
[296.342s][info][gc,heap        ] GC(755) Archive regions: 0->0
[296.342s][info][gc,heap        ] GC(755) Humongous regions: 0->0
[296.342s][info][gc,metaspace   ] GC(755) Metaspace: 14303K(15168K)->14303K(15168K) NonClass: 12342K(12864K)->12342K(12864K) Class: 1961K(2304K)->1961K(2304K)
[296.342s][info][gc             ] GC(755) Pause Young (Normal) (G1 Evacuation Pause) 672M->8M(1112M) 3.712ms
[296.342s][info][gc,cpu         ] GC(755) User=0.00s Sys=0.00s Real=0.00s
[296.867s][info][gc,start       ] GC(756) Pause Young (Normal) (G1 Evacuation Pause)
[296.868s][info][gc,task        ] GC(756) Using 33 workers of 33 for evacuation
[296.873s][info][gc,phases      ] GC(756)   Pre Evacuate Collection Set: 0.2ms
[296.873s][info][gc,phases      ] GC(756)   Merge Heap Roots: 0.3ms
[296.873s][info][gc,phases      ] GC(756)   Evacuate Collection Set: 0.7ms
[296.873s][info][gc,phases      ] GC(756)   Post Evacuate Collection Set: 3.5ms
[296.873s][info][gc,phases      ] GC(756)   Other: 0.2ms
[296.873s][info][gc,heap        ] GC(756) Eden regions: 332->0(332)
[296.873s][info][gc,heap        ] GC(756) Survivor regions: 1->1(42)
[296.873s][info][gc,heap        ] GC(756) Old regions: 28->28
[296.873s][info][gc,heap        ] GC(756) Archive regions: 0->0
[296.873s][info][gc,heap        ] GC(756) Humongous regions: 0->0
[296.873s][info][gc,metaspace   ] GC(756) Metaspace: 14303K(15168K)->14303K(15168K) NonClass: 12342K(12864K)->12342K(12864K) Class: 1961K(2304K)->1961K(2304K)
[296.873s][info][gc             ] GC(756) Pause Young (Normal) (G1 Evacuation Pause) 672M->8M(1112M) 5.449ms
[296.873s][info][gc,cpu         ] GC(756) User=0.00s Sys=0.00s Real=0.00s
[297.293s][info][gc,start       ] GC(757) Pause Young (Normal) (G1 Evacuation Pause)
[297.293s][info][gc,task        ] GC(757) Using 33 workers of 33 for evacuation
[297.296s][info][gc,phases      ] GC(757)   Pre Evacuate Collection Set: 0.1ms
[297.296s][info][gc,phases      ] GC(757)   Merge Heap Roots: 0.1ms
[297.296s][info][gc,phases      ] GC(757)   Evacuate Collection Set: 0.4ms
[297.296s][info][gc,phases      ] GC(757)   Post Evacuate Collection Set: 2.3ms
[297.296s][info][gc,phases      ] GC(757)   Other: 0.1ms
[297.296s][info][gc,heap        ] GC(757) Eden regions: 332->0(332)
[297.296s][info][gc,heap        ] GC(757) Survivor regions: 1->1(42)
[297.296s][info][gc,heap        ] GC(757) Old regions: 28->28
[297.296s][info][gc,heap        ] GC(757) Archive regions: 0->0
[297.296s][info][gc,heap        ] GC(757) Humongous regions: 0->0
[297.296s][info][gc,metaspace   ] GC(757) Metaspace: 14303K(15168K)->14303K(15168K) NonClass: 12342K(12864K)->12342K(12864K) Class: 1961K(2304K)->1961K(2304K)
[297.296s][info][gc             ] GC(757) Pause Young (Normal) (G1 Evacuation Pause) 672M->8M(1112M) 3.350ms
[297.296s][info][gc,cpu         ] GC(757) User=0.00s Sys=0.00s Real=0.00s
[297.710s][info][gc,start       ] GC(758) Pause Young (Normal) (G1 Evacuation Pause)
[297.710s][info][gc,task        ] GC(758) Using 33 workers of 33 for evacuation
[297.713s][info][gc,phases      ] GC(758)   Pre Evacuate Collection Set: 0.2ms
[297.714s][info][gc,phases      ] GC(758)   Merge Heap Roots: 0.2ms
[297.714s][info][gc,phases      ] GC(758)   Evacuate Collection Set: 0.4ms
[297.714s][info][gc,phases      ] GC(758)   Post Evacuate Collection Set: 2.4ms
[297.714s][info][gc,phases      ] GC(758)   Other: 0.1ms
[297.714s][info][gc,heap        ] GC(758) Eden regions: 332->0(332)
[297.714s][info][gc,heap        ] GC(758) Survivor regions: 1->1(42)
[297.714s][info][gc,heap        ] GC(758) Old regions: 28->28
[297.714s][info][gc,heap        ] GC(758) Archive regions: 0->0
[297.714s][info][gc,heap        ] GC(758) Humongous regions: 0->0
[297.714s][info][gc,metaspace   ] GC(758) Metaspace: 14303K(15168K)->14303K(15168K) NonClass: 12342K(12864K)->12342K(12864K) Class: 1961K(2304K)->1961K(2304K)
[297.714s][info][gc             ] GC(758) Pause Young (Normal) (G1 Evacuation Pause) 672M->8M(1112M) 3.492ms
[297.714s][info][gc,cpu         ] GC(758) User=0.00s Sys=0.00s Real=0.00s
[298.130s][info][gc,start       ] GC(759) Pause Young (Normal) (G1 Evacuation Pause)
[298.130s][info][gc,task        ] GC(759) Using 33 workers of 33 for evacuation
[298.133s][info][gc,phases      ] GC(759)   Pre Evacuate Collection Set: 0.2ms
[298.133s][info][gc,phases      ] GC(759)   Merge Heap Roots: 0.2ms
[298.133s][info][gc,phases      ] GC(759)   Evacuate Collection Set: 0.4ms
[298.133s][info][gc,phases      ] GC(759)   Post Evacuate Collection Set: 2.3ms
[298.133s][info][gc,phases      ] GC(759)   Other: 0.1ms
[298.133s][info][gc,heap        ] GC(759) Eden regions: 332->0(332)
[298.133s][info][gc,heap        ] GC(759) Survivor regions: 1->1(42)
[298.133s][info][gc,heap        ] GC(759) Old regions: 28->28
[298.133s][info][gc,heap        ] GC(759) Archive regions: 0->0
[298.133s][info][gc,heap        ] GC(759) Humongous regions: 0->0
[298.133s][info][gc,metaspace   ] GC(759) Metaspace: 14303K(15168K)->14303K(15168K) NonClass: 12342K(12864K)->12342K(12864K) Class: 1961K(2304K)->1961K(2304K)
[298.133s][info][gc             ] GC(759) Pause Young (Normal) (G1 Evacuation Pause) 672M->8M(1112M) 3.446ms
[298.133s][info][gc,cpu         ] GC(759) User=0.00s Sys=0.00s Real=0.00s
[298.547s][info][gc,start       ] GC(760) Pause Young (Normal) (G1 Evacuation Pause)
[298.548s][info][gc,task        ] GC(760) Using 33 workers of 33 for evacuation
[298.551s][info][gc,phases      ] GC(760)   Pre Evacuate Collection Set: 0.1ms
[298.551s][info][gc,phases      ] GC(760)   Merge Heap Roots: 0.2ms
[298.551s][info][gc,phases      ] GC(760)   Evacuate Collection Set: 0.4ms
[298.551s][info][gc,phases      ] GC(760)   Post Evacuate Collection Set: 2.3ms
[298.551s][info][gc,phases      ] GC(760)   Other: 0.1ms
[298.551s][info][gc,heap        ] GC(760) Eden regions: 332->0(332)
[298.551s][info][gc,heap        ] GC(760) Survivor regions: 1->1(42)
[298.551s][info][gc,heap        ] GC(760) Old regions: 28->28
[298.551s][info][gc,heap        ] GC(760) Archive regions: 0->0
[298.551s][info][gc,heap        ] GC(760) Humongous regions: 0->0
[298.551s][info][gc,metaspace   ] GC(760) Metaspace: 14303K(15168K)->14303K(15168K) NonClass: 12342K(12864K)->12342K(12864K) Class: 1961K(2304K)->1961K(2304K)
[298.551s][info][gc             ] GC(760) Pause Young (Normal) (G1 Evacuation Pause) 672M->9M(1112M) 3.406ms
[298.551s][info][gc,cpu         ] GC(760) User=0.52s Sys=0.00s Real=0.00s
[298.965s][info][gc,start       ] GC(761) Pause Young (Normal) (G1 Evacuation Pause)
[298.965s][info][gc,task        ] GC(761) Using 33 workers of 33 for evacuation
[298.968s][info][gc,phases      ] GC(761)   Pre Evacuate Collection Set: 0.2ms
[298.968s][info][gc,phases      ] GC(761)   Merge Heap Roots: 0.2ms
[298.968s][info][gc,phases      ] GC(761)   Evacuate Collection Set: 0.4ms
[298.968s][info][gc,phases      ] GC(761)   Post Evacuate Collection Set: 2.4ms
[298.968s][info][gc,phases      ] GC(761)   Other: 0.1ms
[298.968s][info][gc,heap        ] GC(761) Eden regions: 332->0(332)
[298.968s][info][gc,heap        ] GC(761) Survivor regions: 1->1(42)
[298.968s][info][gc,heap        ] GC(761) Old regions: 28->28
[298.968s][info][gc,heap        ] GC(761) Archive regions: 0->0
[298.968s][info][gc,heap        ] GC(761) Humongous regions: 0->0
[298.968s][info][gc,metaspace   ] GC(761) Metaspace: 14303K(15168K)->14303K(15168K) NonClass: 12342K(12864K)->12342K(12864K) Class: 1961K(2304K)->1961K(2304K)
[298.968s][info][gc             ] GC(761) Pause Young (Normal) (G1 Evacuation Pause) 673M->9M(1112M) 3.428ms
[298.968s][info][gc,cpu         ] GC(761) User=0.00s Sys=0.00s Real=0.00s
[299.401s][info][gc,start       ] GC(762) Pause Young (Normal) (G1 Evacuation Pause)
[299.401s][info][gc,task        ] GC(762) Using 33 workers of 33 for evacuation
[299.404s][info][gc,phases      ] GC(762)   Pre Evacuate Collection Set: 0.1ms
[299.404s][info][gc,phases      ] GC(762)   Merge Heap Roots: 0.2ms
[299.404s][info][gc,phases      ] GC(762)   Evacuate Collection Set: 0.4ms
[299.404s][info][gc,phases      ] GC(762)   Post Evacuate Collection Set: 2.4ms
[299.404s][info][gc,phases      ] GC(762)   Other: 0.1ms
[299.404s][info][gc,heap        ] GC(762) Eden regions: 332->0(332)
[299.404s][info][gc,heap        ] GC(762) Survivor regions: 1->1(42)
[299.404s][info][gc,heap        ] GC(762) Old regions: 28->28
[299.404s][info][gc,heap        ] GC(762) Archive regions: 0->0
[299.404s][info][gc,heap        ] GC(762) Humongous regions: 0->0
[299.404s][info][gc,metaspace   ] GC(762) Metaspace: 14303K(15168K)->14303K(15168K) NonClass: 12342K(12864K)->12342K(12864K) Class: 1961K(2304K)->1961K(2304K)
[299.404s][info][gc             ] GC(762) Pause Young (Normal) (G1 Evacuation Pause) 673M->9M(1112M) 3.481ms
[299.404s][info][gc,cpu         ] GC(762) User=0.00s Sys=0.00s Real=0.00s
[299.881s][info][gc,start       ] GC(763) Pause Young (Normal) (G1 Evacuation Pause)
[299.881s][info][gc,task        ] GC(763) Using 33 workers of 33 for evacuation
[299.885s][info][gc,phases      ] GC(763)   Pre Evacuate Collection Set: 0.2ms
[299.885s][info][gc,phases      ] GC(763)   Merge Heap Roots: 0.2ms
[299.885s][info][gc,phases      ] GC(763)   Evacuate Collection Set: 0.4ms
[299.885s][info][gc,phases      ] GC(763)   Post Evacuate Collection Set: 2.6ms
[299.885s][info][gc,phases      ] GC(763)   Other: 0.1ms
[299.885s][info][gc,heap        ] GC(763) Eden regions: 332->0(332)
[299.885s][info][gc,heap        ] GC(763) Survivor regions: 1->1(42)
[299.885s][info][gc,heap        ] GC(763) Old regions: 28->28
[299.885s][info][gc,heap        ] GC(763) Archive regions: 0->0
[299.885s][info][gc,heap        ] GC(763) Humongous regions: 0->0
[299.885s][info][gc,metaspace   ] GC(763) Metaspace: 14303K(15168K)->14303K(15168K) NonClass: 12342K(12864K)->12342K(12864K) Class: 1961K(2304K)->1961K(2304K)
[299.885s][info][gc             ] GC(763) Pause Young (Normal) (G1 Evacuation Pause) 673M->9M(1112M) 3.627ms
[299.885s][info][gc,cpu         ] GC(763) User=0.00s Sys=0.00s Real=0.00s
[300.130s][info][gc,start       ] GC(764) Pause Full (System.gc())
[300.130s][info][gc,task        ] GC(764) Using 29 workers of 33 for full compaction
[300.132s][info][gc,phases,start] GC(764) Phase 1: Mark live objects
[300.142s][info][gc,phases      ] GC(764) Phase 1: Mark live objects 10.349ms
[300.142s][info][gc,phases,start] GC(764) Phase 2: Prepare compaction
[300.144s][info][gc,phases      ] GC(764) Phase 2: Prepare compaction 2.072ms
[300.144s][info][gc,phases,start] GC(764) Phase 3: Adjust pointers
[300.149s][info][gc,phases      ] GC(764) Phase 3: Adjust pointers 5.113ms
[300.149s][info][gc,phases,start] GC(764) Phase 4: Compact heap
[300.150s][info][gc,phases      ] GC(764) Phase 4: Compact heap 0.625ms
[300.158s][info][gc,heap        ] GC(764) Eden regions: 129->0(52)
[300.158s][info][gc,heap        ] GC(764) Survivor regions: 1->0(42)
[300.158s][info][gc,heap        ] GC(764) Old regions: 28->26
[300.158s][info][gc,heap        ] GC(764) Archive regions: 0->0
[300.158s][info][gc,heap        ] GC(764) Humongous regions: 0->0
[300.158s][info][gc,metaspace   ] GC(764) Metaspace: 14303K(15168K)->14303K(15168K) NonClass: 12342K(12864K)->12342K(12864K) Class: 1961K(2304K)->1961K(2304K)
[300.158s][info][gc             ] GC(764) Pause Full (System.gc()) 265M->5M(174M) 27.963ms
[300.158s][info][gc,cpu         ] GC(764) User=0.45s Sys=0.00s Real=0.02s
[300.230s][info][gc,start       ] GC(765) Pause Young (Normal) (G1 Evacuation Pause)
[300.231s][info][gc,task        ] GC(765) Using 33 workers of 33 for evacuation
[300.233s][info][gc,phases      ] GC(765)   Pre Evacuate Collection Set: 0.1ms
[300.233s][info][gc,phases      ] GC(765)   Merge Heap Roots: 0.1ms
[300.233s][info][gc,phases      ] GC(765)   Evacuate Collection Set: 0.4ms
[300.233s][info][gc,phases      ] GC(765)   Post Evacuate Collection Set: 2.0ms
[300.233s][info][gc,phases      ] GC(765)   Other: 0.1ms
[300.233s][info][gc,heap        ] GC(765) Eden regions: 52->0(51)
[300.233s][info][gc,heap        ] GC(765) Survivor regions: 0->1(7)
[300.233s][info][gc,heap        ] GC(765) Old regions: 26->26
[300.233s][info][gc,heap        ] GC(765) Archive regions: 0->0
[300.233s][info][gc,heap        ] GC(765) Humongous regions: 0->0
[300.233s][info][gc,metaspace   ] GC(765) Metaspace: 14324K(15168K)->14324K(15168K) NonClass: 12363K(12864K)->12363K(12864K) Class: 1961K(2304K)->1961K(2304K)
[300.233s][info][gc             ] GC(765) Pause Young (Normal) (G1 Evacuation Pause) 109M->6M(174M) 2.936ms
[300.233s][info][gc,cpu         ] GC(765) User=0.00s Sys=0.00s Real=0.00s
[300.297s][info][gc,start       ] GC(766) Pause Young (Normal) (G1 Evacuation Pause)
[300.297s][info][gc,task        ] GC(766) Using 33 workers of 33 for evacuation
[300.300s][info][gc,phases      ] GC(766)   Pre Evacuate Collection Set: 0.1ms
[300.300s][info][gc,phases      ] GC(766)   Merge Heap Roots: 0.1ms
[300.300s][info][gc,phases      ] GC(766)   Evacuate Collection Set: 0.5ms
[300.300s][info][gc,phases      ] GC(766)   Post Evacuate Collection Set: 1.9ms
[300.300s][info][gc,phases      ] GC(766)   Other: 0.1ms
[300.300s][info][gc,heap        ] GC(766) Eden regions: 51->0(51)
[300.300s][info][gc,heap        ] GC(766) Survivor regions: 1->1(7)
[300.300s][info][gc,heap        ] GC(766) Old regions: 26->26
[300.300s][info][gc,heap        ] GC(766) Archive regions: 0->0
[300.300s][info][gc,heap        ] GC(766) Humongous regions: 0->0
[300.300s][info][gc,metaspace   ] GC(766) Metaspace: 14324K(15168K)->14324K(15168K) NonClass: 12363K(12864K)->12363K(12864K) Class: 1961K(2304K)->1961K(2304K)
[300.300s][info][gc             ] GC(766) Pause Young (Normal) (G1 Evacuation Pause) 108M->6M(174M) 2.904ms
[300.300s][info][gc,cpu         ] GC(766) User=0.00s Sys=0.00s Real=0.00s
[300.366s][info][gc,start       ] GC(767) Pause Young (Normal) (G1 Evacuation Pause)
[300.366s][info][gc,task        ] GC(767) Using 33 workers of 33 for evacuation
[300.369s][info][gc,phases      ] GC(767)   Pre Evacuate Collection Set: 0.1ms
[300.369s][info][gc,phases      ] GC(767)   Merge Heap Roots: 0.1ms
[300.369s][info][gc,phases      ] GC(767)   Evacuate Collection Set: 0.4ms
[300.369s][info][gc,phases      ] GC(767)   Post Evacuate Collection Set: 2.0ms
[300.369s][info][gc,phases      ] GC(767)   Other: 0.1ms
[300.369s][info][gc,heap        ] GC(767) Eden regions: 51->0(51)
[300.369s][info][gc,heap        ] GC(767) Survivor regions: 1->1(7)
[300.369s][info][gc,heap        ] GC(767) Old regions: 26->26
[300.369s][info][gc,heap        ] GC(767) Archive regions: 0->0
[300.369s][info][gc,heap        ] GC(767) Humongous regions: 0->0
[300.369s][info][gc,metaspace   ] GC(767) Metaspace: 14324K(15168K)->14324K(15168K) NonClass: 12363K(12864K)->12363K(12864K) Class: 1961K(2304K)->1961K(2304K)
[300.369s][info][gc             ] GC(767) Pause Young (Normal) (G1 Evacuation Pause) 108M->6M(174M) 2.878ms
[300.369s][info][gc,cpu         ] GC(767) User=0.00s Sys=0.00s Real=0.00s
[300.432s][info][gc,start       ] GC(768) Pause Young (Normal) (G1 Evacuation Pause)
[300.432s][info][gc,task        ] GC(768) Using 33 workers of 33 for evacuation
[300.437s][info][gc,phases      ] GC(768)   Pre Evacuate Collection Set: 0.1ms
[300.437s][info][gc,phases      ] GC(768)   Merge Heap Roots: 0.1ms
[300.437s][info][gc,phases      ] GC(768)   Evacuate Collection Set: 0.4ms
[300.437s][info][gc,phases      ] GC(768)   Post Evacuate Collection Set: 5.0ms
[300.437s][info][gc,phases      ] GC(768)   Other: 0.1ms
[300.437s][info][gc,heap        ] GC(768) Eden regions: 51->0(332)
[300.437s][info][gc,heap        ] GC(768) Survivor regions: 1->1(7)
[300.437s][info][gc,heap        ] GC(768) Old regions: 26->26
[300.437s][info][gc,heap        ] GC(768) Archive regions: 0->0
[300.437s][info][gc,heap        ] GC(768) Humongous regions: 0->0
[300.437s][info][gc,metaspace   ] GC(768) Metaspace: 14324K(15168K)->14324K(15168K) NonClass: 12363K(12864K)->12363K(12864K) Class: 1961K(2304K)->1961K(2304K)
[300.438s][info][gc             ] GC(768) Pause Young (Normal) (G1 Evacuation Pause) 108M->6M(1112M) 5.957ms
[300.438s][info][gc,cpu         ] GC(768) User=0.00s Sys=0.00s Real=0.01s
[300.885s][info][gc,start       ] GC(769) Pause Young (Normal) (G1 Evacuation Pause)
[300.885s][info][gc,task        ] GC(769) Using 33 workers of 33 for evacuation
[300.890s][info][gc,phases      ] GC(769)   Pre Evacuate Collection Set: 0.1ms
[300.890s][info][gc,phases      ] GC(769)   Merge Heap Roots: 0.1ms
[300.890s][info][gc,phases      ] GC(769)   Evacuate Collection Set: 1.8ms
[300.890s][info][gc,phases      ] GC(769)   Post Evacuate Collection Set: 2.5ms
[300.890s][info][gc,phases      ] GC(769)   Other: 0.1ms
[300.890s][info][gc,heap        ] GC(769) Eden regions: 332->0(332)
[300.890s][info][gc,heap        ] GC(769) Survivor regions: 1->1(42)
[300.890s][info][gc,heap        ] GC(769) Old regions: 26->26
[300.890s][info][gc,heap        ] GC(769) Archive regions: 0->0
[300.890s][info][gc,heap        ] GC(769) Humongous regions: 0->0
[300.890s][info][gc,metaspace   ] GC(769) Metaspace: 14324K(15168K)->14324K(15168K) NonClass: 12363K(12864K)->12363K(12864K) Class: 1961K(2304K)->1961K(2304K)
[300.890s][info][gc             ] GC(769) Pause Young (Normal) (G1 Evacuation Pause) 670M->6M(1112M) 4.921ms
[300.890s][info][gc,cpu         ] GC(769) User=0.00s Sys=0.00s Real=0.00s
[301.307s][info][gc,start       ] GC(770) Pause Young (Normal) (G1 Evacuation Pause)
[301.307s][info][gc,task        ] GC(770) Using 33 workers of 33 for evacuation
[301.312s][info][gc,phases      ] GC(770)   Pre Evacuate Collection Set: 0.1ms
[301.312s][info][gc,phases      ] GC(770)   Merge Heap Roots: 0.1ms
[301.312s][info][gc,phases      ] GC(770)   Evacuate Collection Set: 2.0ms
[301.312s][info][gc,phases      ] GC(770)   Post Evacuate Collection Set: 2.6ms
[301.312s][info][gc,phases      ] GC(770)   Other: 0.1ms
[301.313s][info][gc,heap        ] GC(770) Eden regions: 332->0(332)
[301.313s][info][gc,heap        ] GC(770) Survivor regions: 1->1(42)
[301.313s][info][gc,heap        ] GC(770) Old regions: 26->26
[301.313s][info][gc,heap        ] GC(770) Archive regions: 0->0
[301.313s][info][gc,heap        ] GC(770) Humongous regions: 0->0
[301.313s][info][gc,metaspace   ] GC(770) Metaspace: 14324K(15168K)->14324K(15168K) NonClass: 12363K(12864K)->12363K(12864K) Class: 1961K(2304K)->1961K(2304K)
[301.313s][info][gc             ] GC(770) Pause Young (Normal) (G1 Evacuation Pause) 670M->6M(1112M) 5.225ms
[301.313s][info][gc,cpu         ] GC(770) User=0.00s Sys=0.00s Real=0.01s
[301.785s][info][gc,start       ] GC(771) Pause Young (Normal) (G1 Evacuation Pause)
[301.785s][info][gc,task        ] GC(771) Using 33 workers of 33 for evacuation
[301.790s][info][gc,phases      ] GC(771)   Pre Evacuate Collection Set: 0.2ms
[301.790s][info][gc,phases      ] GC(771)   Merge Heap Roots: 0.2ms
[301.790s][info][gc,phases      ] GC(771)   Evacuate Collection Set: 1.1ms
[301.790s][info][gc,phases      ] GC(771)   Post Evacuate Collection Set: 3.4ms
[301.790s][info][gc,phases      ] GC(771)   Other: 0.2ms
[301.790s][info][gc,heap        ] GC(771) Eden regions: 332->0(332)
[301.790s][info][gc,heap        ] GC(771) Survivor regions: 1->1(42)
[301.790s][info][gc,heap        ] GC(771) Old regions: 26->26
[301.790s][info][gc,heap        ] GC(771) Archive regions: 0->0
[301.790s][info][gc,heap        ] GC(771) Humongous regions: 0->0
[301.790s][info][gc,metaspace   ] GC(771) Metaspace: 14324K(15168K)->14324K(15168K) NonClass: 12363K(12864K)->12363K(12864K) Class: 1961K(2304K)->1961K(2304K)
[301.790s][info][gc             ] GC(771) Pause Young (Normal) (G1 Evacuation Pause) 670M->6M(1112M) 5.695ms
[301.790s][info][gc,cpu         ] GC(771) User=0.00s Sys=0.00s Real=0.00s
[302.211s][info][gc,start       ] GC(772) Pause Young (Normal) (G1 Evacuation Pause)
[302.211s][info][gc,task        ] GC(772) Using 33 workers of 33 for evacuation
[302.215s][info][gc,phases      ] GC(772)   Pre Evacuate Collection Set: 0.2ms
[302.215s][info][gc,phases      ] GC(772)   Merge Heap Roots: 0.2ms
[302.215s][info][gc,phases      ] GC(772)   Evacuate Collection Set: 0.6ms
[302.215s][info][gc,phases      ] GC(772)   Post Evacuate Collection Set: 2.3ms
[302.215s][info][gc,phases      ] GC(772)   Other: 0.1ms
[302.215s][info][gc,heap        ] GC(772) Eden regions: 332->0(332)
[302.215s][info][gc,heap        ] GC(772) Survivor regions: 1->1(42)
[302.215s][info][gc,heap        ] GC(772) Old regions: 26->26
[302.215s][info][gc,heap        ] GC(772) Archive regions: 0->0
[302.215s][info][gc,heap        ] GC(772) Humongous regions: 0->0
[302.215s][info][gc,metaspace   ] GC(772) Metaspace: 14324K(15168K)->14324K(15168K) NonClass: 12363K(12864K)->12363K(12864K) Class: 1961K(2304K)->1961K(2304K)
[302.215s][info][gc             ] GC(772) Pause Young (Normal) (G1 Evacuation Pause) 670M->7M(1112M) 3.642ms
[302.215s][info][gc,cpu         ] GC(772) User=0.00s Sys=0.00s Real=0.00s
[302.631s][info][gc,start       ] GC(773) Pause Young (Normal) (G1 Evacuation Pause)
[302.631s][info][gc,task        ] GC(773) Using 33 workers of 33 for evacuation
[302.635s][info][gc,phases      ] GC(773)   Pre Evacuate Collection Set: 0.2ms
[302.635s][info][gc,phases      ] GC(773)   Merge Heap Roots: 0.1ms
[302.635s][info][gc,phases      ] GC(773)   Evacuate Collection Set: 0.5ms
[302.635s][info][gc,phases      ] GC(773)   Post Evacuate Collection Set: 2.4ms
[302.635s][info][gc,phases      ] GC(773)   Other: 0.1ms
[302.635s][info][gc,heap        ] GC(773) Eden regions: 332->0(332)
[302.635s][info][gc,heap        ] GC(773) Survivor regions: 1->1(42)
[302.635s][info][gc,heap        ] GC(773) Old regions: 26->26
[302.635s][info][gc,heap        ] GC(773) Archive regions: 0->0
[302.635s][info][gc,heap        ] GC(773) Humongous regions: 0->0
[302.635s][info][gc,metaspace   ] GC(773) Metaspace: 14324K(15168K)->14324K(15168K) NonClass: 12363K(12864K)->12363K(12864K) Class: 1961K(2304K)->1961K(2304K)
[302.635s][info][gc             ] GC(773) Pause Young (Normal) (G1 Evacuation Pause) 671M->7M(1112M) 3.595ms
[302.635s][info][gc,cpu         ] GC(773) User=0.00s Sys=0.00s Real=0.00s
[303.049s][info][gc,start       ] GC(774) Pause Young (Normal) (G1 Evacuation Pause)
[303.049s][info][gc,task        ] GC(774) Using 33 workers of 33 for evacuation
[303.052s][info][gc,phases      ] GC(774)   Pre Evacuate Collection Set: 0.2ms
[303.052s][info][gc,phases      ] GC(774)   Merge Heap Roots: 0.1ms
[303.052s][info][gc,phases      ] GC(774)   Evacuate Collection Set: 0.6ms
[303.052s][info][gc,phases      ] GC(774)   Post Evacuate Collection Set: 2.2ms
[303.052s][info][gc,phases      ] GC(774)   Other: 0.1ms
[303.052s][info][gc,heap        ] GC(774) Eden regions: 332->0(332)
[303.052s][info][gc,heap        ] GC(774) Survivor regions: 1->1(42)
[303.052s][info][gc,heap        ] GC(774) Old regions: 26->26
[303.052s][info][gc,heap        ] GC(774) Archive regions: 0->0
[303.052s][info][gc,heap        ] GC(774) Humongous regions: 0->0
[303.052s][info][gc,metaspace   ] GC(774) Metaspace: 14324K(15168K)->14324K(15168K) NonClass: 12363K(12864K)->12363K(12864K) Class: 1961K(2304K)->1961K(2304K)
[303.052s][info][gc             ] GC(774) Pause Young (Normal) (G1 Evacuation Pause) 671M->7M(1112M) 3.427ms
[303.052s][info][gc,cpu         ] GC(774) User=0.00s Sys=0.00s Real=0.00s
[303.467s][info][gc,start       ] GC(775) Pause Young (Normal) (G1 Evacuation Pause)
[303.467s][info][gc,task        ] GC(775) Using 33 workers of 33 for evacuation
[303.470s][info][gc,phases      ] GC(775)   Pre Evacuate Collection Set: 0.1ms
[303.470s][info][gc,phases      ] GC(775)   Merge Heap Roots: 0.1ms
[303.470s][info][gc,phases      ] GC(775)   Evacuate Collection Set: 0.6ms
[303.470s][info][gc,phases      ] GC(775)   Post Evacuate Collection Set: 2.3ms
[303.470s][info][gc,phases      ] GC(775)   Other: 0.1ms
[303.470s][info][gc,heap        ] GC(775) Eden regions: 332->0(332)
[303.470s][info][gc,heap        ] GC(775) Survivor regions: 1->1(42)
[303.470s][info][gc,heap        ] GC(775) Old regions: 26->26
[303.470s][info][gc,heap        ] GC(775) Archive regions: 0->0
[303.470s][info][gc,heap        ] GC(775) Humongous regions: 0->0
[303.470s][info][gc,metaspace   ] GC(775) Metaspace: 14324K(15168K)->14324K(15168K) NonClass: 12363K(12864K)->12363K(12864K) Class: 1961K(2304K)->1961K(2304K)
[303.470s][info][gc             ] GC(775) Pause Young (Normal) (G1 Evacuation Pause) 671M->7M(1112M) 3.517ms
[303.471s][info][gc,cpu         ] GC(775) User=0.00s Sys=0.00s Real=0.00s
[303.886s][info][gc,start       ] GC(776) Pause Young (Normal) (G1 Evacuation Pause)
[303.886s][info][gc,task        ] GC(776) Using 33 workers of 33 for evacuation
[303.889s][info][gc,phases      ] GC(776)   Pre Evacuate Collection Set: 0.2ms
[303.889s][info][gc,phases      ] GC(776)   Merge Heap Roots: 0.2ms
[303.889s][info][gc,phases      ] GC(776)   Evacuate Collection Set: 0.5ms
[303.889s][info][gc,phases      ] GC(776)   Post Evacuate Collection Set: 2.4ms
[303.889s][info][gc,phases      ] GC(776)   Other: 0.1ms
[303.889s][info][gc,heap        ] GC(776) Eden regions: 332->0(331)
[303.889s][info][gc,heap        ] GC(776) Survivor regions: 1->2(42)
[303.889s][info][gc,heap        ] GC(776) Old regions: 26->26
[303.889s][info][gc,heap        ] GC(776) Archive regions: 0->0
[303.889s][info][gc,heap        ] GC(776) Humongous regions: 0->0
[303.889s][info][gc,metaspace   ] GC(776) Metaspace: 14324K(15168K)->14324K(15168K) NonClass: 12363K(12864K)->12363K(12864K) Class: 1961K(2304K)->1961K(2304K)
[303.889s][info][gc             ] GC(776) Pause Young (Normal) (G1 Evacuation Pause) 671M->7M(1112M) 3.519ms
[303.889s][info][gc,cpu         ] GC(776) User=0.00s Sys=0.00s Real=0.00s
[304.307s][info][gc,start       ] GC(777) Pause Young (Normal) (G1 Evacuation Pause)
[304.307s][info][gc,task        ] GC(777) Using 33 workers of 33 for evacuation
[304.311s][info][gc,phases      ] GC(777)   Pre Evacuate Collection Set: 0.1ms
[304.311s][info][gc,phases      ] GC(777)   Merge Heap Roots: 0.1ms
[304.311s][info][gc,phases      ] GC(777)   Evacuate Collection Set: 0.9ms
[304.311s][info][gc,phases      ] GC(777)   Post Evacuate Collection Set: 2.4ms
[304.311s][info][gc,phases      ] GC(777)   Other: 0.1ms
[304.311s][info][gc,heap        ] GC(777) Eden regions: 331->0(331)
[304.311s][info][gc,heap        ] GC(777) Survivor regions: 2->2(42)
[304.311s][info][gc,heap        ] GC(777) Old regions: 26->26
[304.311s][info][gc,heap        ] GC(777) Archive regions: 0->0
[304.311s][info][gc,heap        ] GC(777) Humongous regions: 0->0
[304.311s][info][gc,metaspace   ] GC(777) Metaspace: 14324K(15168K)->14324K(15168K) NonClass: 12363K(12864K)->12363K(12864K) Class: 1961K(2304K)->1961K(2304K)
[304.311s][info][gc             ] GC(777) Pause Young (Normal) (G1 Evacuation Pause) 669M->7M(1112M) 3.982ms
[304.311s][info][gc,cpu         ] GC(777) User=0.00s Sys=0.00s Real=0.00s
[304.734s][info][gc,start       ] GC(778) Pause Young (Normal) (G1 Evacuation Pause)
[304.734s][info][gc,task        ] GC(778) Using 33 workers of 33 for evacuation
[304.737s][info][gc,phases      ] GC(778)   Pre Evacuate Collection Set: 0.1ms
[304.737s][info][gc,phases      ] GC(778)   Merge Heap Roots: 0.1ms
[304.737s][info][gc,phases      ] GC(778)   Evacuate Collection Set: 0.6ms
[304.737s][info][gc,phases      ] GC(778)   Post Evacuate Collection Set: 2.5ms
[304.737s][info][gc,phases      ] GC(778)   Other: 0.1ms
[304.737s][info][gc,heap        ] GC(778) Eden regions: 331->0(331)
[304.737s][info][gc,heap        ] GC(778) Survivor regions: 2->2(42)
[304.737s][info][gc,heap        ] GC(778) Old regions: 26->26
[304.737s][info][gc,heap        ] GC(778) Archive regions: 0->0
[304.737s][info][gc,heap        ] GC(778) Humongous regions: 0->0
[304.737s][info][gc,metaspace   ] GC(778) Metaspace: 14324K(15168K)->14324K(15168K) NonClass: 12363K(12864K)->12363K(12864K) Class: 1961K(2304K)->1961K(2304K)
[304.737s][info][gc             ] GC(778) Pause Young (Normal) (G1 Evacuation Pause) 669M->7M(1112M) 3.747ms
[304.737s][info][gc,cpu         ] GC(778) User=0.00s Sys=0.00s Real=0.00s
[305.150s][info][gc,start       ] GC(779) Pause Young (Normal) (G1 Evacuation Pause)
[305.150s][info][gc,task        ] GC(779) Using 33 workers of 33 for evacuation
[305.154s][info][gc,phases      ] GC(779)   Pre Evacuate Collection Set: 0.1ms
[305.154s][info][gc,phases      ] GC(779)   Merge Heap Roots: 0.2ms
[305.154s][info][gc,phases      ] GC(779)   Evacuate Collection Set: 0.5ms
[305.154s][info][gc,phases      ] GC(779)   Post Evacuate Collection Set: 2.5ms
[305.154s][info][gc,phases      ] GC(779)   Other: 0.1ms
[305.154s][info][gc,heap        ] GC(779) Eden regions: 331->0(331)
[305.154s][info][gc,heap        ] GC(779) Survivor regions: 2->2(42)
[305.154s][info][gc,heap        ] GC(779) Old regions: 26->26
[305.154s][info][gc,heap        ] GC(779) Archive regions: 0->0
[305.154s][info][gc,heap        ] GC(779) Humongous regions: 0->0
[305.154s][info][gc,metaspace   ] GC(779) Metaspace: 14324K(15168K)->14324K(15168K) NonClass: 12363K(12864K)->12363K(12864K) Class: 1961K(2304K)->1961K(2304K)
[305.154s][info][gc             ] GC(779) Pause Young (Normal) (G1 Evacuation Pause) 669M->7M(1112M) 3.667ms
[305.154s][info][gc,cpu         ] GC(779) User=0.00s Sys=0.00s Real=0.00s
[305.570s][info][gc,start       ] GC(780) Pause Young (Normal) (G1 Evacuation Pause)
[305.570s][info][gc,task        ] GC(780) Using 33 workers of 33 for evacuation
[305.574s][info][gc,phases      ] GC(780)   Pre Evacuate Collection Set: 0.1ms
[305.574s][info][gc,phases      ] GC(780)   Merge Heap Roots: 0.2ms
[305.574s][info][gc,phases      ] GC(780)   Evacuate Collection Set: 0.6ms
[305.574s][info][gc,phases      ] GC(780)   Post Evacuate Collection Set: 2.6ms
[305.574s][info][gc,phases      ] GC(780)   Other: 0.1ms
[305.574s][info][gc,heap        ] GC(780) Eden regions: 331->0(332)
[305.574s][info][gc,heap        ] GC(780) Survivor regions: 2->1(42)
[305.574s][info][gc,heap        ] GC(780) Old regions: 26->27
[305.574s][info][gc,heap        ] GC(780) Archive regions: 0->0
[305.574s][info][gc,heap        ] GC(780) Humongous regions: 0->0
[305.574s][info][gc,metaspace   ] GC(780) Metaspace: 14324K(15168K)->14324K(15168K) NonClass: 12363K(12864K)->12363K(12864K) Class: 1961K(2304K)->1961K(2304K)
[305.574s][info][gc             ] GC(780) Pause Young (Normal) (G1 Evacuation Pause) 669M->7M(1112M) 3.839ms
[305.574s][info][gc,cpu         ] GC(780) User=0.00s Sys=0.00s Real=0.00s
[305.991s][info][gc,start       ] GC(781) Pause Young (Normal) (G1 Evacuation Pause)
[305.992s][info][gc,task        ] GC(781) Using 33 workers of 33 for evacuation
[305.995s][info][gc,phases      ] GC(781)   Pre Evacuate Collection Set: 0.2ms
[305.995s][info][gc,phases      ] GC(781)   Merge Heap Roots: 0.2ms
[305.995s][info][gc,phases      ] GC(781)   Evacuate Collection Set: 0.4ms
[305.995s][info][gc,phases      ] GC(781)   Post Evacuate Collection Set: 2.6ms
[305.995s][info][gc,phases      ] GC(781)   Other: 0.1ms
[305.995s][info][gc,heap        ] GC(781) Eden regions: 332->0(332)
[305.995s][info][gc,heap        ] GC(781) Survivor regions: 1->1(42)
[305.995s][info][gc,heap        ] GC(781) Old regions: 27->27
[305.995s][info][gc,heap        ] GC(781) Archive regions: 0->0
[305.995s][info][gc,heap        ] GC(781) Humongous regions: 0->0
[305.995s][info][gc,metaspace   ] GC(781) Metaspace: 14324K(15168K)->14324K(15168K) NonClass: 12363K(12864K)->12363K(12864K) Class: 1961K(2304K)->1961K(2304K)
[305.995s][info][gc             ] GC(781) Pause Young (Normal) (G1 Evacuation Pause) 671M->7M(1112M) 3.687ms
[305.995s][info][gc,cpu         ] GC(781) User=0.00s Sys=0.00s Real=0.00s
[306.413s][info][gc,start       ] GC(782) Pause Young (Normal) (G1 Evacuation Pause)
[306.413s][info][gc,task        ] GC(782) Using 33 workers of 33 for evacuation
[306.416s][info][gc,phases      ] GC(782)   Pre Evacuate Collection Set: 0.2ms
[306.416s][info][gc,phases      ] GC(782)   Merge Heap Roots: 0.2ms
[306.416s][info][gc,phases      ] GC(782)   Evacuate Collection Set: 0.4ms
[306.416s][info][gc,phases      ] GC(782)   Post Evacuate Collection Set: 2.7ms
[306.416s][info][gc,phases      ] GC(782)   Other: 0.1ms
[306.416s][info][gc,heap        ] GC(782) Eden regions: 332->0(332)
[306.416s][info][gc,heap        ] GC(782) Survivor regions: 1->1(42)
[306.416s][info][gc,heap        ] GC(782) Old regions: 27->27
[306.416s][info][gc,heap        ] GC(782) Archive regions: 0->0
[306.416s][info][gc,heap        ] GC(782) Humongous regions: 0->0
[306.416s][info][gc,metaspace   ] GC(782) Metaspace: 14324K(15168K)->14324K(15168K) NonClass: 12363K(12864K)->12363K(12864K) Class: 1961K(2304K)->1961K(2304K)
[306.416s][info][gc             ] GC(782) Pause Young (Normal) (G1 Evacuation Pause) 671M->7M(1112M) 3.722ms
[306.416s][info][gc,cpu         ] GC(782) User=0.00s Sys=0.00s Real=0.00s
[306.835s][info][gc,start       ] GC(783) Pause Young (Normal) (G1 Evacuation Pause)
[306.835s][info][gc,task        ] GC(783) Using 33 workers of 33 for evacuation
[306.838s][info][gc,phases      ] GC(783)   Pre Evacuate Collection Set: 0.1ms
[306.838s][info][gc,phases      ] GC(783)   Merge Heap Roots: 0.2ms
[306.838s][info][gc,phases      ] GC(783)   Evacuate Collection Set: 0.4ms
[306.838s][info][gc,phases      ] GC(783)   Post Evacuate Collection Set: 2.7ms
[306.838s][info][gc,phases      ] GC(783)   Other: 0.1ms
[306.838s][info][gc,heap        ] GC(783) Eden regions: 332->0(332)
[306.838s][info][gc,heap        ] GC(783) Survivor regions: 1->1(42)
[306.838s][info][gc,heap        ] GC(783) Old regions: 27->27
[306.838s][info][gc,heap        ] GC(783) Archive regions: 0->0
[306.838s][info][gc,heap        ] GC(783) Humongous regions: 0->0
[306.838s][info][gc,metaspace   ] GC(783) Metaspace: 14324K(15168K)->14324K(15168K) NonClass: 12363K(12864K)->12363K(12864K) Class: 1961K(2304K)->1961K(2304K)
[306.838s][info][gc             ] GC(783) Pause Young (Normal) (G1 Evacuation Pause) 671M->7M(1112M) 3.728ms
[306.838s][info][gc,cpu         ] GC(783) User=0.00s Sys=0.00s Real=0.00s
[307.255s][info][gc,start       ] GC(784) Pause Young (Normal) (G1 Evacuation Pause)
[307.256s][info][gc,task        ] GC(784) Using 33 workers of 33 for evacuation
[307.259s][info][gc,phases      ] GC(784)   Pre Evacuate Collection Set: 0.2ms
[307.259s][info][gc,phases      ] GC(784)   Merge Heap Roots: 0.2ms
[307.259s][info][gc,phases      ] GC(784)   Evacuate Collection Set: 0.4ms
[307.259s][info][gc,phases      ] GC(784)   Post Evacuate Collection Set: 2.3ms
[307.259s][info][gc,phases      ] GC(784)   Other: 0.1ms
[307.259s][info][gc,heap        ] GC(784) Eden regions: 332->0(332)
[307.259s][info][gc,heap        ] GC(784) Survivor regions: 1->1(42)
[307.259s][info][gc,heap        ] GC(784) Old regions: 27->27
[307.259s][info][gc,heap        ] GC(784) Archive regions: 0->0
[307.259s][info][gc,heap        ] GC(784) Humongous regions: 0->0
[307.259s][info][gc,metaspace   ] GC(784) Metaspace: 14324K(15168K)->14324K(15168K) NonClass: 12363K(12864K)->12363K(12864K) Class: 1961K(2304K)->1961K(2304K)
[307.259s][info][gc             ] GC(784) Pause Young (Normal) (G1 Evacuation Pause) 671M->7M(1112M) 3.398ms
[307.259s][info][gc,cpu         ] GC(784) User=0.00s Sys=0.00s Real=0.00s
[307.675s][info][gc,start       ] GC(785) Pause Young (Normal) (G1 Evacuation Pause)
[307.675s][info][gc,task        ] GC(785) Using 33 workers of 33 for evacuation
[307.678s][info][gc,phases      ] GC(785)   Pre Evacuate Collection Set: 0.1ms
[307.678s][info][gc,phases      ] GC(785)   Merge Heap Roots: 0.2ms
[307.678s][info][gc,phases      ] GC(785)   Evacuate Collection Set: 0.4ms
[307.678s][info][gc,phases      ] GC(785)   Post Evacuate Collection Set: 2.4ms
[307.678s][info][gc,phases      ] GC(785)   Other: 0.1ms
[307.678s][info][gc,heap        ] GC(785) Eden regions: 332->0(332)
[307.678s][info][gc,heap        ] GC(785) Survivor regions: 1->1(42)
[307.678s][info][gc,heap        ] GC(785) Old regions: 27->27
[307.678s][info][gc,heap        ] GC(785) Archive regions: 0->0
[307.678s][info][gc,heap        ] GC(785) Humongous regions: 0->0
[307.678s][info][gc,metaspace   ] GC(785) Metaspace: 14324K(15168K)->14324K(15168K) NonClass: 12363K(12864K)->12363K(12864K) Class: 1961K(2304K)->1961K(2304K)
[307.678s][info][gc             ] GC(785) Pause Young (Normal) (G1 Evacuation Pause) 671M->7M(1112M) 3.449ms
[307.678s][info][gc,cpu         ] GC(785) User=0.02s Sys=0.41s Real=0.00s
[308.096s][info][gc,start       ] GC(786) Pause Young (Normal) (G1 Evacuation Pause)
[308.096s][info][gc,task        ] GC(786) Using 33 workers of 33 for evacuation
[308.099s][info][gc,phases      ] GC(786)   Pre Evacuate Collection Set: 0.1ms
[308.099s][info][gc,phases      ] GC(786)   Merge Heap Roots: 0.2ms
[308.099s][info][gc,phases      ] GC(786)   Evacuate Collection Set: 0.4ms
[308.099s][info][gc,phases      ] GC(786)   Post Evacuate Collection Set: 2.3ms
[308.099s][info][gc,phases      ] GC(786)   Other: 0.1ms
[308.099s][info][gc,heap        ] GC(786) Eden regions: 332->0(332)
[308.099s][info][gc,heap        ] GC(786) Survivor regions: 1->1(42)
[308.099s][info][gc,heap        ] GC(786) Old regions: 27->27
[308.099s][info][gc,heap        ] GC(786) Archive regions: 0->0
[308.099s][info][gc,heap        ] GC(786) Humongous regions: 0->0
[308.099s][info][gc,metaspace   ] GC(786) Metaspace: 14324K(15168K)->14324K(15168K) NonClass: 12363K(12864K)->12363K(12864K) Class: 1961K(2304K)->1961K(2304K)
[308.099s][info][gc             ] GC(786) Pause Young (Normal) (G1 Evacuation Pause) 671M->8M(1112M) 3.440ms
[308.099s][info][gc,cpu         ] GC(786) User=0.52s Sys=0.00s Real=0.00s
[308.515s][info][gc,start       ] GC(787) Pause Young (Normal) (G1 Evacuation Pause)
[308.515s][info][gc,task        ] GC(787) Using 33 workers of 33 for evacuation
[308.518s][info][gc,phases      ] GC(787)   Pre Evacuate Collection Set: 0.2ms
[308.518s][info][gc,phases      ] GC(787)   Merge Heap Roots: 0.2ms
[308.518s][info][gc,phases      ] GC(787)   Evacuate Collection Set: 0.4ms
[308.518s][info][gc,phases      ] GC(787)   Post Evacuate Collection Set: 2.4ms
[308.518s][info][gc,phases      ] GC(787)   Other: 0.1ms
[308.518s][info][gc,heap        ] GC(787) Eden regions: 332->0(332)
[308.518s][info][gc,heap        ] GC(787) Survivor regions: 1->1(42)
[308.518s][info][gc,heap        ] GC(787) Old regions: 27->27
[308.518s][info][gc,heap        ] GC(787) Archive regions: 0->0
[308.518s][info][gc,heap        ] GC(787) Humongous regions: 0->0
[308.518s][info][gc,metaspace   ] GC(787) Metaspace: 14324K(15168K)->14324K(15168K) NonClass: 12363K(12864K)->12363K(12864K) Class: 1961K(2304K)->1961K(2304K)
[308.518s][info][gc             ] GC(787) Pause Young (Normal) (G1 Evacuation Pause) 672M->8M(1112M) 3.462ms
[308.518s][info][gc,cpu         ] GC(787) User=0.00s Sys=0.00s Real=0.00s
[308.934s][info][gc,start       ] GC(788) Pause Young (Normal) (G1 Evacuation Pause)
[308.934s][info][gc,task        ] GC(788) Using 33 workers of 33 for evacuation
[308.937s][info][gc,phases      ] GC(788)   Pre Evacuate Collection Set: 0.1ms
[308.937s][info][gc,phases      ] GC(788)   Merge Heap Roots: 0.2ms
[308.937s][info][gc,phases      ] GC(788)   Evacuate Collection Set: 0.4ms
[308.937s][info][gc,phases      ] GC(788)   Post Evacuate Collection Set: 2.4ms
[308.937s][info][gc,phases      ] GC(788)   Other: 0.1ms
[308.937s][info][gc,heap        ] GC(788) Eden regions: 332->0(332)
[308.937s][info][gc,heap        ] GC(788) Survivor regions: 1->1(42)
[308.937s][info][gc,heap        ] GC(788) Old regions: 27->27
[308.937s][info][gc,heap        ] GC(788) Archive regions: 0->0
[308.937s][info][gc,heap        ] GC(788) Humongous regions: 0->0
[308.937s][info][gc,metaspace   ] GC(788) Metaspace: 14324K(15168K)->14324K(15168K) NonClass: 12363K(12864K)->12363K(12864K) Class: 1961K(2304K)->1961K(2304K)
[308.938s][info][gc             ] GC(788) Pause Young (Normal) (G1 Evacuation Pause) 672M->8M(1112M) 3.488ms
[308.938s][info][gc,cpu         ] GC(788) User=0.00s Sys=0.00s Real=0.00s
[309.353s][info][gc,start       ] GC(789) Pause Young (Normal) (G1 Evacuation Pause)
[309.353s][info][gc,task        ] GC(789) Using 33 workers of 33 for evacuation
[309.356s][info][gc,phases      ] GC(789)   Pre Evacuate Collection Set: 0.2ms
[309.356s][info][gc,phases      ] GC(789)   Merge Heap Roots: 0.2ms
[309.356s][info][gc,phases      ] GC(789)   Evacuate Collection Set: 0.4ms
[309.356s][info][gc,phases      ] GC(789)   Post Evacuate Collection Set: 2.5ms
[309.357s][info][gc,phases      ] GC(789)   Other: 0.1ms
[309.357s][info][gc,heap        ] GC(789) Eden regions: 332->0(332)
[309.357s][info][gc,heap        ] GC(789) Survivor regions: 1->1(42)
[309.357s][info][gc,heap        ] GC(789) Old regions: 27->27
[309.357s][info][gc,heap        ] GC(789) Archive regions: 0->0
[309.357s][info][gc,heap        ] GC(789) Humongous regions: 0->0
[309.357s][info][gc,metaspace   ] GC(789) Metaspace: 14324K(15168K)->14324K(15168K) NonClass: 12363K(12864K)->12363K(12864K) Class: 1961K(2304K)->1961K(2304K)
[309.357s][info][gc             ] GC(789) Pause Young (Normal) (G1 Evacuation Pause) 672M->8M(1112M) 3.595ms
[309.357s][info][gc,cpu         ] GC(789) User=0.00s Sys=0.00s Real=0.00s
[309.773s][info][gc,start       ] GC(790) Pause Young (Normal) (G1 Evacuation Pause)
[309.773s][info][gc,task        ] GC(790) Using 33 workers of 33 for evacuation
[309.776s][info][gc,phases      ] GC(790)   Pre Evacuate Collection Set: 0.2ms
[309.776s][info][gc,phases      ] GC(790)   Merge Heap Roots: 0.2ms
[309.776s][info][gc,phases      ] GC(790)   Evacuate Collection Set: 0.4ms
[309.776s][info][gc,phases      ] GC(790)   Post Evacuate Collection Set: 2.6ms
[309.776s][info][gc,phases      ] GC(790)   Other: 0.1ms
[309.776s][info][gc,heap        ] GC(790) Eden regions: 332->0(332)
[309.776s][info][gc,heap        ] GC(790) Survivor regions: 1->1(42)
[309.776s][info][gc,heap        ] GC(790) Old regions: 27->28
[309.776s][info][gc,heap        ] GC(790) Archive regions: 0->0
[309.776s][info][gc,heap        ] GC(790) Humongous regions: 0->0
[309.776s][info][gc,metaspace   ] GC(790) Metaspace: 14324K(15168K)->14324K(15168K) NonClass: 12363K(12864K)->12363K(12864K) Class: 1961K(2304K)->1961K(2304K)
[309.777s][info][gc             ] GC(790) Pause Young (Normal) (G1 Evacuation Pause) 672M->8M(1112M) 3.642ms
[309.777s][info][gc,cpu         ] GC(790) User=0.00s Sys=0.00s Real=0.00s
[310.193s][info][gc,start       ] GC(791) Pause Young (Normal) (G1 Evacuation Pause)
[310.193s][info][gc,task        ] GC(791) Using 33 workers of 33 for evacuation
[310.196s][info][gc,phases      ] GC(791)   Pre Evacuate Collection Set: 0.2ms
[310.196s][info][gc,phases      ] GC(791)   Merge Heap Roots: 0.2ms
[310.196s][info][gc,phases      ] GC(791)   Evacuate Collection Set: 0.4ms
[310.196s][info][gc,phases      ] GC(791)   Post Evacuate Collection Set: 2.6ms
[310.196s][info][gc,phases      ] GC(791)   Other: 0.1ms
[310.196s][info][gc,heap        ] GC(791) Eden regions: 332->0(332)
[310.196s][info][gc,heap        ] GC(791) Survivor regions: 1->1(42)
[310.196s][info][gc,heap        ] GC(791) Old regions: 28->28
[310.196s][info][gc,heap        ] GC(791) Archive regions: 0->0
[310.196s][info][gc,heap        ] GC(791) Humongous regions: 0->0
[310.196s][info][gc,metaspace   ] GC(791) Metaspace: 14324K(15168K)->14324K(15168K) NonClass: 12363K(12864K)->12363K(12864K) Class: 1961K(2304K)->1961K(2304K)
[310.196s][info][gc             ] GC(791) Pause Young (Normal) (G1 Evacuation Pause) 672M->8M(1112M) 3.664ms
[310.196s][info][gc,cpu         ] GC(791) User=0.00s Sys=0.00s Real=0.00s
[310.646s][info][gc,start       ] GC(792) Pause Young (Normal) (G1 Evacuation Pause)
[310.646s][info][gc,task        ] GC(792) Using 33 workers of 33 for evacuation
[310.650s][info][gc,phases      ] GC(792)   Pre Evacuate Collection Set: 0.2ms
[310.650s][info][gc,phases      ] GC(792)   Merge Heap Roots: 0.2ms
[310.650s][info][gc,phases      ] GC(792)   Evacuate Collection Set: 0.5ms
[310.650s][info][gc,phases      ] GC(792)   Post Evacuate Collection Set: 3.2ms
[310.650s][info][gc,phases      ] GC(792)   Other: 0.1ms
[310.650s][info][gc,heap        ] GC(792) Eden regions: 332->0(332)
[310.650s][info][gc,heap        ] GC(792) Survivor regions: 1->1(42)
[310.650s][info][gc,heap        ] GC(792) Old regions: 28->28
[310.650s][info][gc,heap        ] GC(792) Archive regions: 0->0
[310.650s][info][gc,heap        ] GC(792) Humongous regions: 0->0
[310.650s][info][gc,metaspace   ] GC(792) Metaspace: 14324K(15168K)->14324K(15168K) NonClass: 12363K(12864K)->12363K(12864K) Class: 1961K(2304K)->1961K(2304K)
[310.650s][info][gc             ] GC(792) Pause Young (Normal) (G1 Evacuation Pause) 672M->8M(1112M) 4.668ms
[310.650s][info][gc,cpu         ] GC(792) User=0.00s Sys=0.00s Real=0.00s
[311.076s][info][gc,start       ] GC(793) Pause Young (Normal) (G1 Evacuation Pause)
[311.076s][info][gc,task        ] GC(793) Using 33 workers of 33 for evacuation
[311.079s][info][gc,phases      ] GC(793)   Pre Evacuate Collection Set: 0.2ms
[311.079s][info][gc,phases      ] GC(793)   Merge Heap Roots: 0.2ms
[311.079s][info][gc,phases      ] GC(793)   Evacuate Collection Set: 0.4ms
[311.079s][info][gc,phases      ] GC(793)   Post Evacuate Collection Set: 2.3ms
[311.079s][info][gc,phases      ] GC(793)   Other: 0.1ms
[311.079s][info][gc,heap        ] GC(793) Eden regions: 332->0(332)
[311.079s][info][gc,heap        ] GC(793) Survivor regions: 1->1(42)
[311.079s][info][gc,heap        ] GC(793) Old regions: 28->28
[311.079s][info][gc,heap        ] GC(793) Archive regions: 0->0
[311.079s][info][gc,heap        ] GC(793) Humongous regions: 0->0
[311.079s][info][gc,metaspace   ] GC(793) Metaspace: 14324K(15168K)->14324K(15168K) NonClass: 12363K(12864K)->12363K(12864K) Class: 1961K(2304K)->1961K(2304K)
[311.079s][info][gc             ] GC(793) Pause Young (Normal) (G1 Evacuation Pause) 672M->8M(1112M) 3.354ms
[311.079s][info][gc,cpu         ] GC(793) User=0.00s Sys=0.00s Real=0.00s
[311.498s][info][gc,start       ] GC(794) Pause Young (Normal) (G1 Evacuation Pause)
[311.498s][info][gc,task        ] GC(794) Using 33 workers of 33 for evacuation
[311.501s][info][gc,phases      ] GC(794)   Pre Evacuate Collection Set: 0.1ms
[311.501s][info][gc,phases      ] GC(794)   Merge Heap Roots: 0.2ms
[311.501s][info][gc,phases      ] GC(794)   Evacuate Collection Set: 0.4ms
[311.501s][info][gc,phases      ] GC(794)   Post Evacuate Collection Set: 2.2ms
[311.501s][info][gc,phases      ] GC(794)   Other: 0.1ms
[311.501s][info][gc,heap        ] GC(794) Eden regions: 332->0(332)
[311.501s][info][gc,heap        ] GC(794) Survivor regions: 1->1(42)
[311.501s][info][gc,heap        ] GC(794) Old regions: 28->28
[311.501s][info][gc,heap        ] GC(794) Archive regions: 0->0
[311.501s][info][gc,heap        ] GC(794) Humongous regions: 0->0
[311.501s][info][gc,metaspace   ] GC(794) Metaspace: 14324K(15168K)->14324K(15168K) NonClass: 12363K(12864K)->12363K(12864K) Class: 1961K(2304K)->1961K(2304K)
[311.501s][info][gc             ] GC(794) Pause Young (Normal) (G1 Evacuation Pause) 672M->8M(1112M) 3.253ms
[311.501s][info][gc,cpu         ] GC(794) User=0.00s Sys=0.00s Real=0.00s
[311.918s][info][gc,start       ] GC(795) Pause Young (Normal) (G1 Evacuation Pause)
[311.918s][info][gc,task        ] GC(795) Using 33 workers of 33 for evacuation
[311.921s][info][gc,phases      ] GC(795)   Pre Evacuate Collection Set: 0.2ms
[311.921s][info][gc,phases      ] GC(795)   Merge Heap Roots: 0.2ms
[311.921s][info][gc,phases      ] GC(795)   Evacuate Collection Set: 0.4ms
[311.921s][info][gc,phases      ] GC(795)   Post Evacuate Collection Set: 2.2ms
[311.921s][info][gc,phases      ] GC(795)   Other: 0.1ms
[311.921s][info][gc,heap        ] GC(795) Eden regions: 332->0(332)
[311.921s][info][gc,heap        ] GC(795) Survivor regions: 1->1(42)
[311.921s][info][gc,heap        ] GC(795) Old regions: 28->28
[311.921s][info][gc,heap        ] GC(795) Archive regions: 0->0
[311.921s][info][gc,heap        ] GC(795) Humongous regions: 0->0
[311.921s][info][gc,metaspace   ] GC(795) Metaspace: 14324K(15168K)->14324K(15168K) NonClass: 12363K(12864K)->12363K(12864K) Class: 1961K(2304K)->1961K(2304K)
[311.921s][info][gc             ] GC(795) Pause Young (Normal) (G1 Evacuation Pause) 672M->8M(1112M) 3.256ms
[311.921s][info][gc,cpu         ] GC(795) User=0.00s Sys=0.00s Real=0.00s
[312.341s][info][gc,start       ] GC(796) Pause Young (Normal) (G1 Evacuation Pause)
[312.341s][info][gc,task        ] GC(796) Using 33 workers of 33 for evacuation
[312.344s][info][gc,phases      ] GC(796)   Pre Evacuate Collection Set: 0.1ms
[312.344s][info][gc,phases      ] GC(796)   Merge Heap Roots: 0.2ms
[312.344s][info][gc,phases      ] GC(796)   Evacuate Collection Set: 0.4ms
[312.344s][info][gc,phases      ] GC(796)   Post Evacuate Collection Set: 2.3ms
[312.344s][info][gc,phases      ] GC(796)   Other: 0.1ms
[312.344s][info][gc,heap        ] GC(796) Eden regions: 332->0(332)
[312.344s][info][gc,heap        ] GC(796) Survivor regions: 1->1(42)
[312.344s][info][gc,heap        ] GC(796) Old regions: 28->28
[312.344s][info][gc,heap        ] GC(796) Archive regions: 0->0
[312.344s][info][gc,heap        ] GC(796) Humongous regions: 0->0
[312.344s][info][gc,metaspace   ] GC(796) Metaspace: 14324K(15168K)->14324K(15168K) NonClass: 12363K(12864K)->12363K(12864K) Class: 1961K(2304K)->1961K(2304K)
[312.344s][info][gc             ] GC(796) Pause Young (Normal) (G1 Evacuation Pause) 672M->8M(1112M) 3.376ms
[312.344s][info][gc,cpu         ] GC(796) User=0.00s Sys=0.00s Real=0.00s
[312.763s][info][gc,start       ] GC(797) Pause Young (Normal) (G1 Evacuation Pause)
[312.763s][info][gc,task        ] GC(797) Using 33 workers of 33 for evacuation
[312.766s][info][gc,phases      ] GC(797)   Pre Evacuate Collection Set: 0.2ms
[312.766s][info][gc,phases      ] GC(797)   Merge Heap Roots: 0.1ms
[312.766s][info][gc,phases      ] GC(797)   Evacuate Collection Set: 0.4ms
[312.766s][info][gc,phases      ] GC(797)   Post Evacuate Collection Set: 2.4ms
[312.766s][info][gc,phases      ] GC(797)   Other: 0.1ms
[312.766s][info][gc,heap        ] GC(797) Eden regions: 332->0(332)
[312.766s][info][gc,heap        ] GC(797) Survivor regions: 1->1(42)
[312.766s][info][gc,heap        ] GC(797) Old regions: 28->28
[312.766s][info][gc,heap        ] GC(797) Archive regions: 0->0
[312.766s][info][gc,heap        ] GC(797) Humongous regions: 0->0
[312.766s][info][gc,metaspace   ] GC(797) Metaspace: 14324K(15168K)->14324K(15168K) NonClass: 12363K(12864K)->12363K(12864K) Class: 1961K(2304K)->1961K(2304K)
[312.766s][info][gc             ] GC(797) Pause Young (Normal) (G1 Evacuation Pause) 672M->8M(1112M) 3.419ms
[312.766s][info][gc,cpu         ] GC(797) User=0.00s Sys=0.00s Real=0.00s
[313.184s][info][gc,start       ] GC(798) Pause Young (Normal) (G1 Evacuation Pause)
[313.184s][info][gc,task        ] GC(798) Using 33 workers of 33 for evacuation
[313.187s][info][gc,phases      ] GC(798)   Pre Evacuate Collection Set: 0.2ms
[313.187s][info][gc,phases      ] GC(798)   Merge Heap Roots: 0.2ms
[313.187s][info][gc,phases      ] GC(798)   Evacuate Collection Set: 0.4ms
[313.187s][info][gc,phases      ] GC(798)   Post Evacuate Collection Set: 2.4ms
[313.187s][info][gc,phases      ] GC(798)   Other: 0.1ms
[313.187s][info][gc,heap        ] GC(798) Eden regions: 332->0(332)
[313.187s][info][gc,heap        ] GC(798) Survivor regions: 1->1(42)
[313.187s][info][gc,heap        ] GC(798) Old regions: 28->28
[313.187s][info][gc,heap        ] GC(798) Archive regions: 0->0
[313.187s][info][gc,heap        ] GC(798) Humongous regions: 0->0
[313.187s][info][gc,metaspace   ] GC(798) Metaspace: 14324K(15168K)->14324K(15168K) NonClass: 12363K(12864K)->12363K(12864K) Class: 1961K(2304K)->1961K(2304K)
[313.187s][info][gc             ] GC(798) Pause Young (Normal) (G1 Evacuation Pause) 672M->8M(1112M) 3.526ms
[313.187s][info][gc,cpu         ] GC(798) User=0.00s Sys=0.00s Real=0.00s
[313.605s][info][gc,start       ] GC(799) Pause Young (Normal) (G1 Evacuation Pause)
[313.605s][info][gc,task        ] GC(799) Using 33 workers of 33 for evacuation
[313.608s][info][gc,phases      ] GC(799)   Pre Evacuate Collection Set: 0.2ms
[313.608s][info][gc,phases      ] GC(799)   Merge Heap Roots: 0.2ms
[313.608s][info][gc,phases      ] GC(799)   Evacuate Collection Set: 0.4ms
[313.608s][info][gc,phases      ] GC(799)   Post Evacuate Collection Set: 2.5ms
[313.608s][info][gc,phases      ] GC(799)   Other: 0.1ms
[313.608s][info][gc,heap        ] GC(799) Eden regions: 332->0(332)
[313.608s][info][gc,heap        ] GC(799) Survivor regions: 1->1(42)
[313.608s][info][gc,heap        ] GC(799) Old regions: 28->28
[313.608s][info][gc,heap        ] GC(799) Archive regions: 0->0
[313.608s][info][gc,heap        ] GC(799) Humongous regions: 0->0
[313.608s][info][gc,metaspace   ] GC(799) Metaspace: 14324K(15168K)->14324K(15168K) NonClass: 12363K(12864K)->12363K(12864K) Class: 1961K(2304K)->1961K(2304K)
[313.608s][info][gc             ] GC(799) Pause Young (Normal) (G1 Evacuation Pause) 672M->9M(1112M) 3.595ms
[313.608s][info][gc,cpu         ] GC(799) User=0.00s Sys=0.00s Real=0.00s
[314.027s][info][gc,start       ] GC(800) Pause Young (Normal) (G1 Evacuation Pause)
[314.027s][info][gc,task        ] GC(800) Using 33 workers of 33 for evacuation
[314.030s][info][gc,phases      ] GC(800)   Pre Evacuate Collection Set: 0.1ms
[314.030s][info][gc,phases      ] GC(800)   Merge Heap Roots: 0.2ms
[314.030s][info][gc,phases      ] GC(800)   Evacuate Collection Set: 0.4ms
[314.030s][info][gc,phases      ] GC(800)   Post Evacuate Collection Set: 2.6ms
[314.030s][info][gc,phases      ] GC(800)   Other: 0.1ms
[314.030s][info][gc,heap        ] GC(800) Eden regions: 332->0(332)
[314.030s][info][gc,heap        ] GC(800) Survivor regions: 1->1(42)
[314.030s][info][gc,heap        ] GC(800) Old regions: 28->28
[314.030s][info][gc,heap        ] GC(800) Archive regions: 0->0
[314.030s][info][gc,heap        ] GC(800) Humongous regions: 0->0
[314.030s][info][gc,metaspace   ] GC(800) Metaspace: 14324K(15168K)->14324K(15168K) NonClass: 12363K(12864K)->12363K(12864K) Class: 1961K(2304K)->1961K(2304K)
[314.030s][info][gc             ] GC(800) Pause Young (Normal) (G1 Evacuation Pause) 673M->9M(1112M) 3.682ms
[314.031s][info][gc,cpu         ] GC(800) User=0.00s Sys=0.00s Real=0.00s
[314.448s][info][gc,start       ] GC(801) Pause Young (Normal) (G1 Evacuation Pause)
[314.448s][info][gc,task        ] GC(801) Using 33 workers of 33 for evacuation
[314.452s][info][gc,phases      ] GC(801)   Pre Evacuate Collection Set: 0.2ms
[314.452s][info][gc,phases      ] GC(801)   Merge Heap Roots: 0.2ms
[314.452s][info][gc,phases      ] GC(801)   Evacuate Collection Set: 0.4ms
[314.452s][info][gc,phases      ] GC(801)   Post Evacuate Collection Set: 2.6ms
[314.452s][info][gc,phases      ] GC(801)   Other: 0.1ms
[314.452s][info][gc,heap        ] GC(801) Eden regions: 332->0(332)
[314.452s][info][gc,heap        ] GC(801) Survivor regions: 1->1(42)
[314.452s][info][gc,heap        ] GC(801) Old regions: 28->28
[314.452s][info][gc,heap        ] GC(801) Archive regions: 0->0
[314.452s][info][gc,heap        ] GC(801) Humongous regions: 0->0
[314.452s][info][gc,metaspace   ] GC(801) Metaspace: 14324K(15168K)->14324K(15168K) NonClass: 12363K(12864K)->12363K(12864K) Class: 1961K(2304K)->1961K(2304K)
[314.452s][info][gc             ] GC(801) Pause Young (Normal) (G1 Evacuation Pause) 673M->9M(1112M) 3.717ms
[314.452s][info][gc,cpu         ] GC(801) User=0.00s Sys=0.00s Real=0.00s
[314.891s][info][gc,start       ] GC(802) Pause Young (Normal) (G1 Evacuation Pause)
[314.891s][info][gc,task        ] GC(802) Using 33 workers of 33 for evacuation
[314.894s][info][gc,phases      ] GC(802)   Pre Evacuate Collection Set: 0.1ms
[314.894s][info][gc,phases      ] GC(802)   Merge Heap Roots: 0.2ms
[314.894s][info][gc,phases      ] GC(802)   Evacuate Collection Set: 0.4ms
[314.894s][info][gc,phases      ] GC(802)   Post Evacuate Collection Set: 2.7ms
[314.894s][info][gc,phases      ] GC(802)   Other: 0.1ms
[314.894s][info][gc,heap        ] GC(802) Eden regions: 332->0(332)
[314.894s][info][gc,heap        ] GC(802) Survivor regions: 1->1(42)
[314.895s][info][gc,heap        ] GC(802) Old regions: 28->28
[314.895s][info][gc,heap        ] GC(802) Archive regions: 0->0
[314.895s][info][gc,heap        ] GC(802) Humongous regions: 0->0
[314.895s][info][gc,metaspace   ] GC(802) Metaspace: 14324K(15168K)->14324K(15168K) NonClass: 12363K(12864K)->12363K(12864K) Class: 1961K(2304K)->1961K(2304K)
[314.895s][info][gc             ] GC(802) Pause Young (Normal) (G1 Evacuation Pause) 673M->9M(1112M) 3.698ms
[314.895s][info][gc,cpu         ] GC(802) User=0.00s Sys=0.00s Real=0.00s
[315.277s][info][gc,start       ] GC(803) Pause Full (System.gc())
[315.277s][info][gc,task        ] GC(803) Using 29 workers of 33 for full compaction
[315.279s][info][gc,phases,start] GC(803) Phase 1: Mark live objects
[315.291s][info][gc,phases      ] GC(803) Phase 1: Mark live objects 12.762ms
[315.291s][info][gc,phases,start] GC(803) Phase 2: Prepare compaction
[315.293s][info][gc,phases      ] GC(803) Phase 2: Prepare compaction 2.012ms
[315.293s][info][gc,phases,start] GC(803) Phase 3: Adjust pointers
[315.299s][info][gc,phases      ] GC(803) Phase 3: Adjust pointers 5.506ms
[315.299s][info][gc,phases,start] GC(803) Phase 4: Compact heap
[315.300s][info][gc,phases      ] GC(803) Phase 4: Compact heap 0.716ms
[315.308s][info][gc,heap        ] GC(803) Eden regions: 258->0(52)
[315.308s][info][gc,heap        ] GC(803) Survivor regions: 1->0(42)
[315.308s][info][gc,heap        ] GC(803) Old regions: 28->26
[315.308s][info][gc,heap        ] GC(803) Archive regions: 0->0
[315.308s][info][gc,heap        ] GC(803) Humongous regions: 0->0
[315.308s][info][gc,metaspace   ] GC(803) Metaspace: 14324K(15168K)->14324K(15168K) NonClass: 12363K(12864K)->12363K(12864K) Class: 1961K(2304K)->1961K(2304K)
[315.308s][info][gc             ] GC(803) Pause Full (System.gc()) 523M->5M(174M) 30.964ms
[315.308s][info][gc,cpu         ] GC(803) User=0.02s Sys=0.02s Real=0.03s
[315.443s][info][gc,start       ] GC(804) Pause Young (Normal) (G1 Evacuation Pause)
[315.443s][info][gc,task        ] GC(804) Using 33 workers of 33 for evacuation
[315.447s][info][gc,phases      ] GC(804)   Pre Evacuate Collection Set: 0.2ms
[315.447s][info][gc,phases      ] GC(804)   Merge Heap Roots: 0.1ms
[315.447s][info][gc,phases      ] GC(804)   Evacuate Collection Set: 0.8ms
[315.447s][info][gc,phases      ] GC(804)   Post Evacuate Collection Set: 2.7ms
[315.447s][info][gc,phases      ] GC(804)   Other: 0.1ms
[315.447s][info][gc,heap        ] GC(804) Eden regions: 52->0(51)
[315.447s][info][gc,heap        ] GC(804) Survivor regions: 0->1(7)
[315.447s][info][gc,heap        ] GC(804) Old regions: 26->26
[315.447s][info][gc,heap        ] GC(804) Archive regions: 0->0
[315.447s][info][gc,heap        ] GC(804) Humongous regions: 0->0
[315.447s][info][gc,metaspace   ] GC(804) Metaspace: 14324K(15168K)->14324K(15168K) NonClass: 12363K(12864K)->12363K(12864K) Class: 1961K(2304K)->1961K(2304K)
[315.447s][info][gc             ] GC(804) Pause Young (Normal) (G1 Evacuation Pause) 109M->6M(174M) 4.481ms
[315.447s][info][gc,cpu         ] GC(804) User=0.00s Sys=0.00s Real=0.00s
[315.527s][info][gc,start       ] GC(805) Pause Young (Normal) (G1 Evacuation Pause)
[315.527s][info][gc,task        ] GC(805) Using 33 workers of 33 for evacuation
[315.530s][info][gc,phases      ] GC(805)   Pre Evacuate Collection Set: 0.1ms
[315.530s][info][gc,phases      ] GC(805)   Merge Heap Roots: 0.1ms
[315.530s][info][gc,phases      ] GC(805)   Evacuate Collection Set: 0.5ms
[315.530s][info][gc,phases      ] GC(805)   Post Evacuate Collection Set: 2.1ms
[315.530s][info][gc,phases      ] GC(805)   Other: 0.1ms
[315.530s][info][gc,heap        ] GC(805) Eden regions: 51->0(51)
[315.530s][info][gc,heap        ] GC(805) Survivor regions: 1->1(7)
[315.530s][info][gc,heap        ] GC(805) Old regions: 26->26
[315.530s][info][gc,heap        ] GC(805) Archive regions: 0->0
[315.530s][info][gc,heap        ] GC(805) Humongous regions: 0->0
[315.530s][info][gc,metaspace   ] GC(805) Metaspace: 14324K(15168K)->14324K(15168K) NonClass: 12363K(12864K)->12363K(12864K) Class: 1961K(2304K)->1961K(2304K)
[315.530s][info][gc             ] GC(805) Pause Young (Normal) (G1 Evacuation Pause) 108M->6M(174M) 3.181ms
[315.530s][info][gc,cpu         ] GC(805) User=0.00s Sys=0.00s Real=0.00s
[315.598s][info][gc,start       ] GC(806) Pause Young (Normal) (G1 Evacuation Pause)
[315.598s][info][gc,task        ] GC(806) Using 33 workers of 33 for evacuation
[315.601s][info][gc,phases      ] GC(806)   Pre Evacuate Collection Set: 0.1ms
[315.601s][info][gc,phases      ] GC(806)   Merge Heap Roots: 0.1ms
[315.601s][info][gc,phases      ] GC(806)   Evacuate Collection Set: 0.4ms
[315.601s][info][gc,phases      ] GC(806)   Post Evacuate Collection Set: 2.0ms
[315.601s][info][gc,phases      ] GC(806)   Other: 0.1ms
[315.601s][info][gc,heap        ] GC(806) Eden regions: 51->0(51)
[315.601s][info][gc,heap        ] GC(806) Survivor regions: 1->1(7)
[315.601s][info][gc,heap        ] GC(806) Old regions: 26->26
[315.601s][info][gc,heap        ] GC(806) Archive regions: 0->0
[315.601s][info][gc,heap        ] GC(806) Humongous regions: 0->0
[315.601s][info][gc,metaspace   ] GC(806) Metaspace: 14324K(15168K)->14324K(15168K) NonClass: 12363K(12864K)->12363K(12864K) Class: 1961K(2304K)->1961K(2304K)
[315.601s][info][gc             ] GC(806) Pause Young (Normal) (G1 Evacuation Pause) 108M->6M(174M) 2.953ms
[315.601s][info][gc,cpu         ] GC(806) User=0.00s Sys=0.00s Real=0.00s
[315.665s][info][gc,start       ] GC(807) Pause Young (Normal) (G1 Evacuation Pause)
[315.665s][info][gc,task        ] GC(807) Using 33 workers of 33 for evacuation
[315.671s][info][gc,phases      ] GC(807)   Pre Evacuate Collection Set: 0.1ms
[315.671s][info][gc,phases      ] GC(807)   Merge Heap Roots: 0.1ms
[315.671s][info][gc,phases      ] GC(807)   Evacuate Collection Set: 0.4ms
[315.671s][info][gc,phases      ] GC(807)   Post Evacuate Collection Set: 5.0ms
[315.671s][info][gc,phases      ] GC(807)   Other: 0.1ms
[315.671s][info][gc,heap        ] GC(807) Eden regions: 51->0(332)
[315.671s][info][gc,heap        ] GC(807) Survivor regions: 1->1(7)
[315.671s][info][gc,heap        ] GC(807) Old regions: 26->26
[315.671s][info][gc,heap        ] GC(807) Archive regions: 0->0
[315.671s][info][gc,heap        ] GC(807) Humongous regions: 0->0
[315.671s][info][gc,metaspace   ] GC(807) Metaspace: 14324K(15168K)->14324K(15168K) NonClass: 12363K(12864K)->12363K(12864K) Class: 1961K(2304K)->1961K(2304K)
[315.671s][info][gc             ] GC(807) Pause Young (Normal) (G1 Evacuation Pause) 108M->6M(1112M) 5.927ms
[315.671s][info][gc,cpu         ] GC(807) User=0.00s Sys=0.00s Real=0.01s
[316.124s][info][gc,start       ] GC(808) Pause Young (Normal) (G1 Evacuation Pause)
[316.124s][info][gc,task        ] GC(808) Using 33 workers of 33 for evacuation
[316.129s][info][gc,phases      ] GC(808)   Pre Evacuate Collection Set: 0.2ms
[316.129s][info][gc,phases      ] GC(808)   Merge Heap Roots: 0.1ms
[316.129s][info][gc,phases      ] GC(808)   Evacuate Collection Set: 1.8ms
[316.129s][info][gc,phases      ] GC(808)   Post Evacuate Collection Set: 2.3ms
[316.129s][info][gc,phases      ] GC(808)   Other: 0.1ms
[316.129s][info][gc,heap        ] GC(808) Eden regions: 332->0(332)
[316.129s][info][gc,heap        ] GC(808) Survivor regions: 1->1(42)
[316.129s][info][gc,heap        ] GC(808) Old regions: 26->26
[316.129s][info][gc,heap        ] GC(808) Archive regions: 0->0
[316.129s][info][gc,heap        ] GC(808) Humongous regions: 0->0
[316.129s][info][gc,metaspace   ] GC(808) Metaspace: 14324K(15168K)->14324K(15168K) NonClass: 12363K(12864K)->12363K(12864K) Class: 1961K(2304K)->1961K(2304K)
[316.129s][info][gc             ] GC(808) Pause Young (Normal) (G1 Evacuation Pause) 670M->6M(1112M) 4.745ms
[316.129s][info][gc,cpu         ] GC(808) User=0.44s Sys=0.02s Real=0.00s
[316.540s][info][gc,start       ] GC(809) Pause Young (Normal) (G1 Evacuation Pause)
[316.540s][info][gc,task        ] GC(809) Using 33 workers of 33 for evacuation
[316.545s][info][gc,phases      ] GC(809)   Pre Evacuate Collection Set: 0.1ms
[316.545s][info][gc,phases      ] GC(809)   Merge Heap Roots: 0.1ms
[316.545s][info][gc,phases      ] GC(809)   Evacuate Collection Set: 1.9ms
[316.545s][info][gc,phases      ] GC(809)   Post Evacuate Collection Set: 2.2ms
[316.545s][info][gc,phases      ] GC(809)   Other: 0.1ms
[316.545s][info][gc,heap        ] GC(809) Eden regions: 332->0(332)
[316.545s][info][gc,heap        ] GC(809) Survivor regions: 1->1(42)
[316.545s][info][gc,heap        ] GC(809) Old regions: 26->26
[316.545s][info][gc,heap        ] GC(809) Archive regions: 0->0
[316.545s][info][gc,heap        ] GC(809) Humongous regions: 0->0
[316.545s][info][gc,metaspace   ] GC(809) Metaspace: 14324K(15168K)->14324K(15168K) NonClass: 12363K(12864K)->12363K(12864K) Class: 1961K(2304K)->1961K(2304K)
[316.545s][info][gc             ] GC(809) Pause Young (Normal) (G1 Evacuation Pause) 670M->6M(1112M) 4.770ms
[316.545s][info][gc,cpu         ] GC(809) User=0.00s Sys=0.00s Real=0.00s
[316.967s][info][gc,start       ] GC(810) Pause Young (Normal) (G1 Evacuation Pause)
[316.967s][info][gc,task        ] GC(810) Using 33 workers of 33 for evacuation
[316.970s][info][gc,phases      ] GC(810)   Pre Evacuate Collection Set: 0.1ms
[316.970s][info][gc,phases      ] GC(810)   Merge Heap Roots: 0.1ms
[316.970s][info][gc,phases      ] GC(810)   Evacuate Collection Set: 0.5ms
[316.970s][info][gc,phases      ] GC(810)   Post Evacuate Collection Set: 2.3ms
[316.970s][info][gc,phases      ] GC(810)   Other: 0.1ms
[316.970s][info][gc,heap        ] GC(810) Eden regions: 332->0(332)
[316.970s][info][gc,heap        ] GC(810) Survivor regions: 1->1(42)
[316.970s][info][gc,heap        ] GC(810) Old regions: 26->26
[316.970s][info][gc,heap        ] GC(810) Archive regions: 0->0
[316.970s][info][gc,heap        ] GC(810) Humongous regions: 0->0
[316.970s][info][gc,metaspace   ] GC(810) Metaspace: 14324K(15168K)->14324K(15168K) NonClass: 12363K(12864K)->12363K(12864K) Class: 1961K(2304K)->1961K(2304K)
[316.971s][info][gc             ] GC(810) Pause Young (Normal) (G1 Evacuation Pause) 670M->6M(1112M) 3.495ms
[316.971s][info][gc,cpu         ] GC(810) User=0.00s Sys=0.00s Real=0.00s
[317.389s][info][gc,start       ] GC(811) Pause Young (Normal) (G1 Evacuation Pause)
[317.389s][info][gc,task        ] GC(811) Using 33 workers of 33 for evacuation
[317.392s][info][gc,phases      ] GC(811)   Pre Evacuate Collection Set: 0.1ms
[317.392s][info][gc,phases      ] GC(811)   Merge Heap Roots: 0.1ms
[317.392s][info][gc,phases      ] GC(811)   Evacuate Collection Set: 0.5ms
[317.392s][info][gc,phases      ] GC(811)   Post Evacuate Collection Set: 2.3ms
[317.392s][info][gc,phases      ] GC(811)   Other: 0.1ms
[317.392s][info][gc,heap        ] GC(811) Eden regions: 332->0(332)
[317.392s][info][gc,heap        ] GC(811) Survivor regions: 1->1(42)
[317.392s][info][gc,heap        ] GC(811) Old regions: 26->26
[317.392s][info][gc,heap        ] GC(811) Archive regions: 0->0
[317.392s][info][gc,heap        ] GC(811) Humongous regions: 0->0
[317.392s][info][gc,metaspace   ] GC(811) Metaspace: 14324K(15168K)->14324K(15168K) NonClass: 12363K(12864K)->12363K(12864K) Class: 1961K(2304K)->1961K(2304K)
[317.392s][info][gc             ] GC(811) Pause Young (Normal) (G1 Evacuation Pause) 670M->7M(1112M) 3.501ms
[317.392s][info][gc,cpu         ] GC(811) User=0.00s Sys=0.00s Real=0.00s
[317.810s][info][gc,start       ] GC(812) Pause Young (Normal) (G1 Evacuation Pause)
[317.810s][info][gc,task        ] GC(812) Using 33 workers of 33 for evacuation
[317.813s][info][gc,phases      ] GC(812)   Pre Evacuate Collection Set: 0.1ms
[317.813s][info][gc,phases      ] GC(812)   Merge Heap Roots: 0.1ms
[317.813s][info][gc,phases      ] GC(812)   Evacuate Collection Set: 0.5ms
[317.813s][info][gc,phases      ] GC(812)   Post Evacuate Collection Set: 2.4ms
[317.813s][info][gc,phases      ] GC(812)   Other: 0.1ms
[317.813s][info][gc,heap        ] GC(812) Eden regions: 332->0(332)
[317.813s][info][gc,heap        ] GC(812) Survivor regions: 1->1(42)
[317.813s][info][gc,heap        ] GC(812) Old regions: 26->26
[317.813s][info][gc,heap        ] GC(812) Archive regions: 0->0
[317.813s][info][gc,heap        ] GC(812) Humongous regions: 0->0
[317.813s][info][gc,metaspace   ] GC(812) Metaspace: 14324K(15168K)->14324K(15168K) NonClass: 12363K(12864K)->12363K(12864K) Class: 1961K(2304K)->1961K(2304K)
[317.813s][info][gc             ] GC(812) Pause Young (Normal) (G1 Evacuation Pause) 671M->7M(1112M) 3.550ms
[317.813s][info][gc,cpu         ] GC(812) User=0.00s Sys=0.00s Real=0.00s
[318.235s][info][gc,start       ] GC(813) Pause Young (Normal) (G1 Evacuation Pause)
[318.235s][info][gc,task        ] GC(813) Using 33 workers of 33 for evacuation
[318.238s][info][gc,phases      ] GC(813)   Pre Evacuate Collection Set: 0.1ms
[318.238s][info][gc,phases      ] GC(813)   Merge Heap Roots: 0.1ms
[318.238s][info][gc,phases      ] GC(813)   Evacuate Collection Set: 0.6ms
[318.238s][info][gc,phases      ] GC(813)   Post Evacuate Collection Set: 2.4ms
[318.238s][info][gc,phases      ] GC(813)   Other: 0.2ms
[318.238s][info][gc,heap        ] GC(813) Eden regions: 332->0(332)
[318.238s][info][gc,heap        ] GC(813) Survivor regions: 1->1(42)
[318.238s][info][gc,heap        ] GC(813) Old regions: 26->26
[318.238s][info][gc,heap        ] GC(813) Archive regions: 0->0
[318.238s][info][gc,heap        ] GC(813) Humongous regions: 0->0
[318.238s][info][gc,metaspace   ] GC(813) Metaspace: 14324K(15168K)->14324K(15168K) NonClass: 12363K(12864K)->12363K(12864K) Class: 1961K(2304K)->1961K(2304K)
[318.238s][info][gc             ] GC(813) Pause Young (Normal) (G1 Evacuation Pause) 671M->7M(1112M) 3.738ms
[318.238s][info][gc,cpu         ] GC(813) User=0.00s Sys=0.00s Real=0.00s
[318.656s][info][gc,start       ] GC(814) Pause Young (Normal) (G1 Evacuation Pause)
[318.656s][info][gc,task        ] GC(814) Using 33 workers of 33 for evacuation
[318.659s][info][gc,phases      ] GC(814)   Pre Evacuate Collection Set: 0.1ms
[318.659s][info][gc,phases      ] GC(814)   Merge Heap Roots: 0.1ms
[318.659s][info][gc,phases      ] GC(814)   Evacuate Collection Set: 0.6ms
[318.659s][info][gc,phases      ] GC(814)   Post Evacuate Collection Set: 2.5ms
[318.659s][info][gc,phases      ] GC(814)   Other: 0.1ms
[318.659s][info][gc,heap        ] GC(814) Eden regions: 332->0(332)
[318.659s][info][gc,heap        ] GC(814) Survivor regions: 1->1(42)
[318.659s][info][gc,heap        ] GC(814) Old regions: 26->26
[318.659s][info][gc,heap        ] GC(814) Archive regions: 0->0
[318.660s][info][gc,heap        ] GC(814) Humongous regions: 0->0
[318.660s][info][gc,metaspace   ] GC(814) Metaspace: 14324K(15168K)->14324K(15168K) NonClass: 12363K(12864K)->12363K(12864K) Class: 1961K(2304K)->1961K(2304K)
[318.660s][info][gc             ] GC(814) Pause Young (Normal) (G1 Evacuation Pause) 671M->7M(1112M) 3.684ms
[318.660s][info][gc,cpu         ] GC(814) User=0.00s Sys=0.02s Real=0.00s
[319.081s][info][gc,start       ] GC(815) Pause Young (Normal) (G1 Evacuation Pause)
[319.081s][info][gc,task        ] GC(815) Using 33 workers of 33 for evacuation
[319.085s][info][gc,phases      ] GC(815)   Pre Evacuate Collection Set: 0.2ms
[319.085s][info][gc,phases      ] GC(815)   Merge Heap Roots: 0.1ms
[319.085s][info][gc,phases      ] GC(815)   Evacuate Collection Set: 0.6ms
[319.085s][info][gc,phases      ] GC(815)   Post Evacuate Collection Set: 2.6ms
[319.085s][info][gc,phases      ] GC(815)   Other: 0.1ms
[319.085s][info][gc,heap        ] GC(815) Eden regions: 332->0(331)
[319.085s][info][gc,heap        ] GC(815) Survivor regions: 1->2(42)
[319.085s][info][gc,heap        ] GC(815) Old regions: 26->26
[319.085s][info][gc,heap        ] GC(815) Archive regions: 0->0
[319.085s][info][gc,heap        ] GC(815) Humongous regions: 0->0
[319.085s][info][gc,metaspace   ] GC(815) Metaspace: 14324K(15168K)->14324K(15168K) NonClass: 12363K(12864K)->12363K(12864K) Class: 1961K(2304K)->1961K(2304K)
[319.085s][info][gc             ] GC(815) Pause Young (Normal) (G1 Evacuation Pause) 671M->7M(1112M) 3.754ms
[319.085s][info][gc,cpu         ] GC(815) User=0.02s Sys=0.36s Real=0.00s
[319.498s][info][gc,start       ] GC(816) Pause Young (Normal) (G1 Evacuation Pause)
[319.498s][info][gc,task        ] GC(816) Using 33 workers of 33 for evacuation
[319.502s][info][gc,phases      ] GC(816)   Pre Evacuate Collection Set: 0.1ms
[319.502s][info][gc,phases      ] GC(816)   Merge Heap Roots: 0.1ms
[319.502s][info][gc,phases      ] GC(816)   Evacuate Collection Set: 1.0ms
[319.502s][info][gc,phases      ] GC(816)   Post Evacuate Collection Set: 2.6ms
[319.502s][info][gc,phases      ] GC(816)   Other: 0.1ms
[319.502s][info][gc,heap        ] GC(816) Eden regions: 331->0(331)
[319.502s][info][gc,heap        ] GC(816) Survivor regions: 2->2(42)
[319.502s][info][gc,heap        ] GC(816) Old regions: 26->26
[319.503s][info][gc,heap        ] GC(816) Archive regions: 0->0
[319.503s][info][gc,heap        ] GC(816) Humongous regions: 0->0
[319.503s][info][gc,metaspace   ] GC(816) Metaspace: 14324K(15168K)->14324K(15168K) NonClass: 12363K(12864K)->12363K(12864K) Class: 1961K(2304K)->1961K(2304K)
[319.503s][info][gc             ] GC(816) Pause Young (Normal) (G1 Evacuation Pause) 669M->7M(1112M) 4.271ms
[319.503s][info][gc,cpu         ] GC(816) User=0.00s Sys=0.00s Real=0.00s
[319.919s][info][gc,start       ] GC(817) Pause Young (Normal) (G1 Evacuation Pause)
[319.920s][info][gc,task        ] GC(817) Using 33 workers of 33 for evacuation
[319.923s][info][gc,phases      ] GC(817)   Pre Evacuate Collection Set: 0.1ms
[319.923s][info][gc,phases      ] GC(817)   Merge Heap Roots: 0.1ms
[319.923s][info][gc,phases      ] GC(817)   Evacuate Collection Set: 0.6ms
[319.923s][info][gc,phases      ] GC(817)   Post Evacuate Collection Set: 2.6ms
[319.923s][info][gc,phases      ] GC(817)   Other: 0.1ms
[319.923s][info][gc,heap        ] GC(817) Eden regions: 331->0(331)
[319.923s][info][gc,heap        ] GC(817) Survivor regions: 2->2(42)
[319.923s][info][gc,heap        ] GC(817) Old regions: 26->26
[319.923s][info][gc,heap        ] GC(817) Archive regions: 0->0
[319.923s][info][gc,heap        ] GC(817) Humongous regions: 0->0
[319.923s][info][gc,metaspace   ] GC(817) Metaspace: 14324K(15168K)->14324K(15168K) NonClass: 12363K(12864K)->12363K(12864K) Class: 1961K(2304K)->1961K(2304K)
[319.923s][info][gc             ] GC(817) Pause Young (Normal) (G1 Evacuation Pause) 669M->7M(1112M) 3.818ms
[319.923s][info][gc,cpu         ] GC(817) User=0.00s Sys=0.00s Real=0.00s
[320.341s][info][gc,start       ] GC(818) Pause Young (Normal) (G1 Evacuation Pause)
[320.341s][info][gc,task        ] GC(818) Using 33 workers of 33 for evacuation
[320.344s][info][gc,phases      ] GC(818)   Pre Evacuate Collection Set: 0.2ms
[320.344s][info][gc,phases      ] GC(818)   Merge Heap Roots: 0.1ms
[320.344s][info][gc,phases      ] GC(818)   Evacuate Collection Set: 0.5ms
[320.344s][info][gc,phases      ] GC(818)   Post Evacuate Collection Set: 2.7ms
[320.344s][info][gc,phases      ] GC(818)   Other: 0.1ms
[320.344s][info][gc,heap        ] GC(818) Eden regions: 331->0(331)
[320.345s][info][gc,heap        ] GC(818) Survivor regions: 2->2(42)
[320.345s][info][gc,heap        ] GC(818) Old regions: 26->26
[320.345s][info][gc,heap        ] GC(818) Archive regions: 0->0
[320.345s][info][gc,heap        ] GC(818) Humongous regions: 0->0
[320.345s][info][gc,metaspace   ] GC(818) Metaspace: 14324K(15168K)->14324K(15168K) NonClass: 12363K(12864K)->12363K(12864K) Class: 1961K(2304K)->1961K(2304K)
[320.345s][info][gc             ] GC(818) Pause Young (Normal) (G1 Evacuation Pause) 669M->7M(1112M) 3.803ms
[320.345s][info][gc,cpu         ] GC(818) User=0.00s Sys=0.00s Real=0.00s
[320.764s][info][gc,start       ] GC(819) Pause Young (Normal) (G1 Evacuation Pause)
[320.764s][info][gc,task        ] GC(819) Using 33 workers of 33 for evacuation
[320.767s][info][gc,phases      ] GC(819)   Pre Evacuate Collection Set: 0.1ms
[320.767s][info][gc,phases      ] GC(819)   Merge Heap Roots: 0.1ms
[320.767s][info][gc,phases      ] GC(819)   Evacuate Collection Set: 0.6ms
[320.767s][info][gc,phases      ] GC(819)   Post Evacuate Collection Set: 2.3ms
[320.767s][info][gc,phases      ] GC(819)   Other: 0.1ms
[320.767s][info][gc,heap        ] GC(819) Eden regions: 331->0(332)
[320.767s][info][gc,heap        ] GC(819) Survivor regions: 2->1(42)
[320.767s][info][gc,heap        ] GC(819) Old regions: 26->27
[320.767s][info][gc,heap        ] GC(819) Archive regions: 0->0
[320.767s][info][gc,heap        ] GC(819) Humongous regions: 0->0
[320.767s][info][gc,metaspace   ] GC(819) Metaspace: 14324K(15168K)->14324K(15168K) NonClass: 12363K(12864K)->12363K(12864K) Class: 1961K(2304K)->1961K(2304K)
[320.767s][info][gc             ] GC(819) Pause Young (Normal) (G1 Evacuation Pause) 669M->7M(1112M) 3.513ms
[320.767s][info][gc,cpu         ] GC(819) User=0.00s Sys=0.00s Real=0.00s
[321.183s][info][gc,start       ] GC(820) Pause Young (Normal) (G1 Evacuation Pause)
[321.183s][info][gc,task        ] GC(820) Using 33 workers of 33 for evacuation
[321.186s][info][gc,phases      ] GC(820)   Pre Evacuate Collection Set: 0.2ms
[321.186s][info][gc,phases      ] GC(820)   Merge Heap Roots: 0.2ms
[321.186s][info][gc,phases      ] GC(820)   Evacuate Collection Set: 0.4ms
[321.186s][info][gc,phases      ] GC(820)   Post Evacuate Collection Set: 2.4ms
[321.186s][info][gc,phases      ] GC(820)   Other: 0.1ms
[321.186s][info][gc,heap        ] GC(820) Eden regions: 332->0(332)
[321.186s][info][gc,heap        ] GC(820) Survivor regions: 1->1(42)
[321.186s][info][gc,heap        ] GC(820) Old regions: 27->27
[321.186s][info][gc,heap        ] GC(820) Archive regions: 0->0
[321.186s][info][gc,heap        ] GC(820) Humongous regions: 0->0
[321.186s][info][gc,metaspace   ] GC(820) Metaspace: 14324K(15168K)->14324K(15168K) NonClass: 12363K(12864K)->12363K(12864K) Class: 1961K(2304K)->1961K(2304K)
[321.186s][info][gc             ] GC(820) Pause Young (Normal) (G1 Evacuation Pause) 671M->7M(1112M) 3.482ms
[321.186s][info][gc,cpu         ] GC(820) User=0.00s Sys=0.00s Real=0.00s
[321.600s][info][gc,start       ] GC(821) Pause Young (Normal) (G1 Evacuation Pause)
[321.600s][info][gc,task        ] GC(821) Using 33 workers of 33 for evacuation
[321.603s][info][gc,phases      ] GC(821)   Pre Evacuate Collection Set: 0.1ms
[321.603s][info][gc,phases      ] GC(821)   Merge Heap Roots: 0.2ms
[321.603s][info][gc,phases      ] GC(821)   Evacuate Collection Set: 0.4ms
[321.603s][info][gc,phases      ] GC(821)   Post Evacuate Collection Set: 2.3ms
[321.603s][info][gc,phases      ] GC(821)   Other: 0.1ms
[321.603s][info][gc,heap        ] GC(821) Eden regions: 332->0(332)
[321.603s][info][gc,heap        ] GC(821) Survivor regions: 1->1(42)
[321.603s][info][gc,heap        ] GC(821) Old regions: 27->27
[321.603s][info][gc,heap        ] GC(821) Archive regions: 0->0
[321.603s][info][gc,heap        ] GC(821) Humongous regions: 0->0
[321.603s][info][gc,metaspace   ] GC(821) Metaspace: 14324K(15168K)->14324K(15168K) NonClass: 12363K(12864K)->12363K(12864K) Class: 1961K(2304K)->1961K(2304K)
[321.603s][info][gc             ] GC(821) Pause Young (Normal) (G1 Evacuation Pause) 671M->7M(1112M) 3.276ms
[321.603s][info][gc,cpu         ] GC(821) User=0.00s Sys=0.00s Real=0.00s
[322.020s][info][gc,start       ] GC(822) Pause Young (Normal) (G1 Evacuation Pause)
[322.020s][info][gc,task        ] GC(822) Using 33 workers of 33 for evacuation
[322.023s][info][gc,phases      ] GC(822)   Pre Evacuate Collection Set: 0.2ms
[322.023s][info][gc,phases      ] GC(822)   Merge Heap Roots: 0.1ms
[322.023s][info][gc,phases      ] GC(822)   Evacuate Collection Set: 0.4ms
[322.023s][info][gc,phases      ] GC(822)   Post Evacuate Collection Set: 2.3ms
[322.023s][info][gc,phases      ] GC(822)   Other: 0.1ms
[322.023s][info][gc,heap        ] GC(822) Eden regions: 332->0(332)
[322.023s][info][gc,heap        ] GC(822) Survivor regions: 1->1(42)
[322.023s][info][gc,heap        ] GC(822) Old regions: 27->27
[322.023s][info][gc,heap        ] GC(822) Archive regions: 0->0
[322.023s][info][gc,heap        ] GC(822) Humongous regions: 0->0
[322.023s][info][gc,metaspace   ] GC(822) Metaspace: 14324K(15168K)->14324K(15168K) NonClass: 12363K(12864K)->12363K(12864K) Class: 1961K(2304K)->1961K(2304K)
[322.023s][info][gc             ] GC(822) Pause Young (Normal) (G1 Evacuation Pause) 671M->7M(1112M) 3.405ms
[322.023s][info][gc,cpu         ] GC(822) User=0.00s Sys=0.00s Real=0.00s
[322.439s][info][gc,start       ] GC(823) Pause Young (Normal) (G1 Evacuation Pause)
[322.439s][info][gc,task        ] GC(823) Using 33 workers of 33 for evacuation
[322.442s][info][gc,phases      ] GC(823)   Pre Evacuate Collection Set: 0.2ms
[322.442s][info][gc,phases      ] GC(823)   Merge Heap Roots: 0.2ms
[322.442s][info][gc,phases      ] GC(823)   Evacuate Collection Set: 0.4ms
[322.442s][info][gc,phases      ] GC(823)   Post Evacuate Collection Set: 2.4ms
[322.442s][info][gc,phases      ] GC(823)   Other: 0.1ms
[322.442s][info][gc,heap        ] GC(823) Eden regions: 332->0(332)
[322.442s][info][gc,heap        ] GC(823) Survivor regions: 1->1(42)
[322.442s][info][gc,heap        ] GC(823) Old regions: 27->27
[322.442s][info][gc,heap        ] GC(823) Archive regions: 0->0
[322.442s][info][gc,heap        ] GC(823) Humongous regions: 0->0
[322.442s][info][gc,metaspace   ] GC(823) Metaspace: 14324K(15168K)->14324K(15168K) NonClass: 12363K(12864K)->12363K(12864K) Class: 1961K(2304K)->1961K(2304K)
[322.442s][info][gc             ] GC(823) Pause Young (Normal) (G1 Evacuation Pause) 671M->7M(1112M) 3.540ms
[322.442s][info][gc,cpu         ] GC(823) User=0.52s Sys=0.00s Real=0.00s
[322.858s][info][gc,start       ] GC(824) Pause Young (Normal) (G1 Evacuation Pause)
[322.858s][info][gc,task        ] GC(824) Using 33 workers of 33 for evacuation
[322.862s][info][gc,phases      ] GC(824)   Pre Evacuate Collection Set: 0.2ms
[322.862s][info][gc,phases      ] GC(824)   Merge Heap Roots: 0.2ms
[322.862s][info][gc,phases      ] GC(824)   Evacuate Collection Set: 0.4ms
[322.862s][info][gc,phases      ] GC(824)   Post Evacuate Collection Set: 2.5ms
[322.862s][info][gc,phases      ] GC(824)   Other: 0.1ms
[322.862s][info][gc,heap        ] GC(824) Eden regions: 332->0(332)
[322.862s][info][gc,heap        ] GC(824) Survivor regions: 1->1(42)
[322.862s][info][gc,heap        ] GC(824) Old regions: 27->27
[322.862s][info][gc,heap        ] GC(824) Archive regions: 0->0
[322.862s][info][gc,heap        ] GC(824) Humongous regions: 0->0
[322.862s][info][gc,metaspace   ] GC(824) Metaspace: 14324K(15168K)->14324K(15168K) NonClass: 12363K(12864K)->12363K(12864K) Class: 1961K(2304K)->1961K(2304K)
[322.862s][info][gc             ] GC(824) Pause Young (Normal) (G1 Evacuation Pause) 671M->7M(1112M) 3.545ms
[322.862s][info][gc,cpu         ] GC(824) User=0.00s Sys=0.00s Real=0.00s
[323.277s][info][gc,start       ] GC(825) Pause Young (Normal) (G1 Evacuation Pause)
[323.277s][info][gc,task        ] GC(825) Using 33 workers of 33 for evacuation
[323.280s][info][gc,phases      ] GC(825)   Pre Evacuate Collection Set: 0.2ms
[323.280s][info][gc,phases      ] GC(825)   Merge Heap Roots: 0.2ms
[323.280s][info][gc,phases      ] GC(825)   Evacuate Collection Set: 0.4ms
[323.280s][info][gc,phases      ] GC(825)   Post Evacuate Collection Set: 2.5ms
[323.280s][info][gc,phases      ] GC(825)   Other: 0.1ms
[323.280s][info][gc,heap        ] GC(825) Eden regions: 332->0(332)
[323.280s][info][gc,heap        ] GC(825) Survivor regions: 1->1(42)
[323.280s][info][gc,heap        ] GC(825) Old regions: 27->27
[323.280s][info][gc,heap        ] GC(825) Archive regions: 0->0
[323.280s][info][gc,heap        ] GC(825) Humongous regions: 0->0
[323.280s][info][gc,metaspace   ] GC(825) Metaspace: 14324K(15168K)->14324K(15168K) NonClass: 12363K(12864K)->12363K(12864K) Class: 1961K(2304K)->1961K(2304K)
[323.280s][info][gc             ] GC(825) Pause Young (Normal) (G1 Evacuation Pause) 671M->8M(1112M) 3.549ms
[323.280s][info][gc,cpu         ] GC(825) User=0.00s Sys=0.00s Real=0.00s
[323.696s][info][gc,start       ] GC(826) Pause Young (Normal) (G1 Evacuation Pause)
[323.696s][info][gc,task        ] GC(826) Using 33 workers of 33 for evacuation
[323.700s][info][gc,phases      ] GC(826)   Pre Evacuate Collection Set: 0.1ms
[323.700s][info][gc,phases      ] GC(826)   Merge Heap Roots: 0.2ms
[323.700s][info][gc,phases      ] GC(826)   Evacuate Collection Set: 0.4ms
[323.700s][info][gc,phases      ] GC(826)   Post Evacuate Collection Set: 2.6ms
[323.700s][info][gc,phases      ] GC(826)   Other: 0.1ms
[323.700s][info][gc,heap        ] GC(826) Eden regions: 332->0(332)
[323.700s][info][gc,heap        ] GC(826) Survivor regions: 1->1(42)
[323.700s][info][gc,heap        ] GC(826) Old regions: 27->27
[323.700s][info][gc,heap        ] GC(826) Archive regions: 0->0
[323.700s][info][gc,heap        ] GC(826) Humongous regions: 0->0
[323.700s][info][gc,metaspace   ] GC(826) Metaspace: 14324K(15168K)->14324K(15168K) NonClass: 12363K(12864K)->12363K(12864K) Class: 1961K(2304K)->1961K(2304K)
[323.700s][info][gc             ] GC(826) Pause Young (Normal) (G1 Evacuation Pause) 672M->8M(1112M) 3.612ms
[323.700s][info][gc,cpu         ] GC(826) User=0.00s Sys=0.00s Real=0.00s
[324.115s][info][gc,start       ] GC(827) Pause Young (Normal) (G1 Evacuation Pause)
[324.115s][info][gc,task        ] GC(827) Using 33 workers of 33 for evacuation
[324.118s][info][gc,phases      ] GC(827)   Pre Evacuate Collection Set: 0.2ms
[324.118s][info][gc,phases      ] GC(827)   Merge Heap Roots: 0.2ms
[324.118s][info][gc,phases      ] GC(827)   Evacuate Collection Set: 0.4ms
[324.118s][info][gc,phases      ] GC(827)   Post Evacuate Collection Set: 2.6ms
[324.118s][info][gc,phases      ] GC(827)   Other: 0.1ms
[324.118s][info][gc,heap        ] GC(827) Eden regions: 332->0(332)
[324.118s][info][gc,heap        ] GC(827) Survivor regions: 1->1(42)
[324.118s][info][gc,heap        ] GC(827) Old regions: 27->27
[324.118s][info][gc,heap        ] GC(827) Archive regions: 0->0
[324.118s][info][gc,heap        ] GC(827) Humongous regions: 0->0
[324.118s][info][gc,metaspace   ] GC(827) Metaspace: 14324K(15168K)->14324K(15168K) NonClass: 12363K(12864K)->12363K(12864K) Class: 1961K(2304K)->1961K(2304K)
[324.118s][info][gc             ] GC(827) Pause Young (Normal) (G1 Evacuation Pause) 672M->8M(1112M) 3.647ms
[324.118s][info][gc,cpu         ] GC(827) User=0.00s Sys=0.00s Real=0.00s
[324.537s][info][gc,start       ] GC(828) Pause Young (Normal) (G1 Evacuation Pause)
[324.537s][info][gc,task        ] GC(828) Using 33 workers of 33 for evacuation
[324.540s][info][gc,phases      ] GC(828)   Pre Evacuate Collection Set: 0.2ms
[324.540s][info][gc,phases      ] GC(828)   Merge Heap Roots: 0.2ms
[324.540s][info][gc,phases      ] GC(828)   Evacuate Collection Set: 0.4ms
[324.540s][info][gc,phases      ] GC(828)   Post Evacuate Collection Set: 2.7ms
[324.540s][info][gc,phases      ] GC(828)   Other: 0.1ms
[324.540s][info][gc,heap        ] GC(828) Eden regions: 332->0(332)
[324.540s][info][gc,heap        ] GC(828) Survivor regions: 1->1(42)
[324.540s][info][gc,heap        ] GC(828) Old regions: 27->27
[324.540s][info][gc,heap        ] GC(828) Archive regions: 0->0
[324.540s][info][gc,heap        ] GC(828) Humongous regions: 0->0
[324.540s][info][gc,metaspace   ] GC(828) Metaspace: 14324K(15168K)->14324K(15168K) NonClass: 12363K(12864K)->12363K(12864K) Class: 1961K(2304K)->1961K(2304K)
[324.540s][info][gc             ] GC(828) Pause Young (Normal) (G1 Evacuation Pause) 672M->8M(1112M) 3.729ms
[324.540s][info][gc,cpu         ] GC(828) User=0.00s Sys=0.00s Real=0.00s
[324.957s][info][gc,start       ] GC(829) Pause Young (Normal) (G1 Evacuation Pause)
[324.957s][info][gc,task        ] GC(829) Using 33 workers of 33 for evacuation
[324.960s][info][gc,phases      ] GC(829)   Pre Evacuate Collection Set: 0.2ms
[324.961s][info][gc,phases      ] GC(829)   Merge Heap Roots: 0.2ms
[324.961s][info][gc,phases      ] GC(829)   Evacuate Collection Set: 0.4ms
[324.961s][info][gc,phases      ] GC(829)   Post Evacuate Collection Set: 2.7ms
[324.961s][info][gc,phases      ] GC(829)   Other: 0.1ms
[324.961s][info][gc,heap        ] GC(829) Eden regions: 332->0(332)
[324.961s][info][gc,heap        ] GC(829) Survivor regions: 1->1(42)
[324.961s][info][gc,heap        ] GC(829) Old regions: 27->28
[324.961s][info][gc,heap        ] GC(829) Archive regions: 0->0
[324.961s][info][gc,heap        ] GC(829) Humongous regions: 0->0
[324.961s][info][gc,metaspace   ] GC(829) Metaspace: 14324K(15168K)->14324K(15168K) NonClass: 12363K(12864K)->12363K(12864K) Class: 1961K(2304K)->1961K(2304K)
[324.961s][info][gc             ] GC(829) Pause Young (Normal) (G1 Evacuation Pause) 672M->8M(1112M) 3.764ms
[324.961s][info][gc,cpu         ] GC(829) User=0.00s Sys=0.00s Real=0.00s
[325.376s][info][gc,start       ] GC(830) Pause Young (Normal) (G1 Evacuation Pause)
[325.377s][info][gc,task        ] GC(830) Using 33 workers of 33 for evacuation
[325.380s][info][gc,phases      ] GC(830)   Pre Evacuate Collection Set: 0.2ms
[325.380s][info][gc,phases      ] GC(830)   Merge Heap Roots: 0.1ms
[325.380s][info][gc,phases      ] GC(830)   Evacuate Collection Set: 0.4ms
[325.380s][info][gc,phases      ] GC(830)   Post Evacuate Collection Set: 2.7ms
[325.380s][info][gc,phases      ] GC(830)   Other: 0.1ms
[325.380s][info][gc,heap        ] GC(830) Eden regions: 332->0(332)
[325.380s][info][gc,heap        ] GC(830) Survivor regions: 1->1(42)
[325.380s][info][gc,heap        ] GC(830) Old regions: 28->28
[325.380s][info][gc,heap        ] GC(830) Archive regions: 0->0
[325.380s][info][gc,heap        ] GC(830) Humongous regions: 0->0
[325.380s][info][gc,metaspace   ] GC(830) Metaspace: 14324K(15168K)->14324K(15168K) NonClass: 12363K(12864K)->12363K(12864K) Class: 1961K(2304K)->1961K(2304K)
[325.380s][info][gc             ] GC(830) Pause Young (Normal) (G1 Evacuation Pause) 672M->8M(1112M) 3.703ms
[325.380s][info][gc,cpu         ] GC(830) User=0.52s Sys=0.00s Real=0.00s
[325.797s][info][gc,start       ] GC(831) Pause Young (Normal) (G1 Evacuation Pause)
[325.797s][info][gc,task        ] GC(831) Using 33 workers of 33 for evacuation
[325.801s][info][gc,phases      ] GC(831)   Pre Evacuate Collection Set: 0.2ms
[325.801s][info][gc,phases      ] GC(831)   Merge Heap Roots: 0.2ms
[325.801s][info][gc,phases      ] GC(831)   Evacuate Collection Set: 0.4ms
[325.801s][info][gc,phases      ] GC(831)   Post Evacuate Collection Set: 2.3ms
[325.801s][info][gc,phases      ] GC(831)   Other: 0.1ms
[325.801s][info][gc,heap        ] GC(831) Eden regions: 332->0(332)
[325.801s][info][gc,heap        ] GC(831) Survivor regions: 1->1(42)
[325.801s][info][gc,heap        ] GC(831) Old regions: 28->28
[325.801s][info][gc,heap        ] GC(831) Archive regions: 0->0
[325.801s][info][gc,heap        ] GC(831) Humongous regions: 0->0
[325.801s][info][gc,metaspace   ] GC(831) Metaspace: 14324K(15168K)->14324K(15168K) NonClass: 12363K(12864K)->12363K(12864K) Class: 1961K(2304K)->1961K(2304K)
[325.801s][info][gc             ] GC(831) Pause Young (Normal) (G1 Evacuation Pause) 672M->8M(1112M) 3.351ms
[325.801s][info][gc,cpu         ] GC(831) User=0.52s Sys=0.00s Real=0.00s
[326.216s][info][gc,start       ] GC(832) Pause Young (Normal) (G1 Evacuation Pause)
[326.216s][info][gc,task        ] GC(832) Using 33 workers of 33 for evacuation
[326.219s][info][gc,phases      ] GC(832)   Pre Evacuate Collection Set: 0.1ms
[326.219s][info][gc,phases      ] GC(832)   Merge Heap Roots: 0.2ms
[326.219s][info][gc,phases      ] GC(832)   Evacuate Collection Set: 0.4ms
[326.219s][info][gc,phases      ] GC(832)   Post Evacuate Collection Set: 2.4ms
[326.219s][info][gc,phases      ] GC(832)   Other: 0.1ms
[326.219s][info][gc,heap        ] GC(832) Eden regions: 332->0(332)
[326.219s][info][gc,heap        ] GC(832) Survivor regions: 1->1(42)
[326.219s][info][gc,heap        ] GC(832) Old regions: 28->28
[326.219s][info][gc,heap        ] GC(832) Archive regions: 0->0
[326.219s][info][gc,heap        ] GC(832) Humongous regions: 0->0
[326.219s][info][gc,metaspace   ] GC(832) Metaspace: 14324K(15168K)->14324K(15168K) NonClass: 12363K(12864K)->12363K(12864K) Class: 1961K(2304K)->1961K(2304K)
[326.219s][info][gc             ] GC(832) Pause Young (Normal) (G1 Evacuation Pause) 672M->8M(1112M) 3.450ms
[326.219s][info][gc,cpu         ] GC(832) User=0.00s Sys=0.00s Real=0.00s
[326.633s][info][gc,start       ] GC(833) Pause Young (Normal) (G1 Evacuation Pause)
[326.634s][info][gc,task        ] GC(833) Using 33 workers of 33 for evacuation
[326.637s][info][gc,phases      ] GC(833)   Pre Evacuate Collection Set: 0.2ms
[326.637s][info][gc,phases      ] GC(833)   Merge Heap Roots: 0.2ms
[326.637s][info][gc,phases      ] GC(833)   Evacuate Collection Set: 0.4ms
[326.637s][info][gc,phases      ] GC(833)   Post Evacuate Collection Set: 2.4ms
[326.637s][info][gc,phases      ] GC(833)   Other: 0.1ms
[326.637s][info][gc,heap        ] GC(833) Eden regions: 332->0(332)
[326.637s][info][gc,heap        ] GC(833) Survivor regions: 1->1(42)
[326.637s][info][gc,heap        ] GC(833) Old regions: 28->28
[326.637s][info][gc,heap        ] GC(833) Archive regions: 0->0
[326.637s][info][gc,heap        ] GC(833) Humongous regions: 0->0
[326.637s][info][gc,metaspace   ] GC(833) Metaspace: 14324K(15168K)->14324K(15168K) NonClass: 12363K(12864K)->12363K(12864K) Class: 1961K(2304K)->1961K(2304K)
[326.637s][info][gc             ] GC(833) Pause Young (Normal) (G1 Evacuation Pause) 672M->8M(1112M) 3.428ms
[326.637s][info][gc,cpu         ] GC(833) User=0.00s Sys=0.00s Real=0.00s
[327.052s][info][gc,start       ] GC(834) Pause Young (Normal) (G1 Evacuation Pause)
[327.052s][info][gc,task        ] GC(834) Using 33 workers of 33 for evacuation
[327.055s][info][gc,phases      ] GC(834)   Pre Evacuate Collection Set: 0.2ms
[327.055s][info][gc,phases      ] GC(834)   Merge Heap Roots: 0.2ms
[327.055s][info][gc,phases      ] GC(834)   Evacuate Collection Set: 0.4ms
[327.055s][info][gc,phases      ] GC(834)   Post Evacuate Collection Set: 2.4ms
[327.055s][info][gc,phases      ] GC(834)   Other: 0.1ms
[327.055s][info][gc,heap        ] GC(834) Eden regions: 332->0(332)
[327.055s][info][gc,heap        ] GC(834) Survivor regions: 1->1(42)
[327.055s][info][gc,heap        ] GC(834) Old regions: 28->28
[327.055s][info][gc,heap        ] GC(834) Archive regions: 0->0
[327.056s][info][gc,heap        ] GC(834) Humongous regions: 0->0
[327.056s][info][gc,metaspace   ] GC(834) Metaspace: 14324K(15168K)->14324K(15168K) NonClass: 12363K(12864K)->12363K(12864K) Class: 1961K(2304K)->1961K(2304K)
[327.056s][info][gc             ] GC(834) Pause Young (Normal) (G1 Evacuation Pause) 672M->8M(1112M) 3.449ms
[327.056s][info][gc,cpu         ] GC(834) User=0.00s Sys=0.00s Real=0.00s
[327.469s][info][gc,start       ] GC(835) Pause Young (Normal) (G1 Evacuation Pause)
[327.470s][info][gc,task        ] GC(835) Using 33 workers of 33 for evacuation
[327.473s][info][gc,phases      ] GC(835)   Pre Evacuate Collection Set: 0.2ms
[327.473s][info][gc,phases      ] GC(835)   Merge Heap Roots: 0.2ms
[327.473s][info][gc,phases      ] GC(835)   Evacuate Collection Set: 0.4ms
[327.473s][info][gc,phases      ] GC(835)   Post Evacuate Collection Set: 2.4ms
[327.473s][info][gc,phases      ] GC(835)   Other: 0.1ms
[327.473s][info][gc,heap        ] GC(835) Eden regions: 332->0(332)
[327.473s][info][gc,heap        ] GC(835) Survivor regions: 1->1(42)
[327.473s][info][gc,heap        ] GC(835) Old regions: 28->28
[327.473s][info][gc,heap        ] GC(835) Archive regions: 0->0
[327.473s][info][gc,heap        ] GC(835) Humongous regions: 0->0
[327.473s][info][gc,metaspace   ] GC(835) Metaspace: 14324K(15168K)->14324K(15168K) NonClass: 12363K(12864K)->12363K(12864K) Class: 1961K(2304K)->1961K(2304K)
[327.473s][info][gc             ] GC(835) Pause Young (Normal) (G1 Evacuation Pause) 672M->8M(1112M) 3.504ms
[327.473s][info][gc,cpu         ] GC(835) User=0.52s Sys=0.00s Real=0.00s
[327.886s][info][gc,start       ] GC(836) Pause Young (Normal) (G1 Evacuation Pause)
[327.886s][info][gc,task        ] GC(836) Using 33 workers of 33 for evacuation
[327.890s][info][gc,phases      ] GC(836)   Pre Evacuate Collection Set: 0.1ms
[327.890s][info][gc,phases      ] GC(836)   Merge Heap Roots: 0.2ms
[327.890s][info][gc,phases      ] GC(836)   Evacuate Collection Set: 0.4ms
[327.890s][info][gc,phases      ] GC(836)   Post Evacuate Collection Set: 2.5ms
[327.890s][info][gc,phases      ] GC(836)   Other: 0.1ms
[327.890s][info][gc,heap        ] GC(836) Eden regions: 332->0(332)
[327.890s][info][gc,heap        ] GC(836) Survivor regions: 1->1(42)
[327.890s][info][gc,heap        ] GC(836) Old regions: 28->28
[327.890s][info][gc,heap        ] GC(836) Archive regions: 0->0
[327.890s][info][gc,heap        ] GC(836) Humongous regions: 0->0
[327.890s][info][gc,metaspace   ] GC(836) Metaspace: 14324K(15168K)->14324K(15168K) NonClass: 12363K(12864K)->12363K(12864K) Class: 1961K(2304K)->1961K(2304K)
[327.890s][info][gc             ] GC(836) Pause Young (Normal) (G1 Evacuation Pause) 672M->8M(1112M) 3.561ms
[327.890s][info][gc,cpu         ] GC(836) User=0.00s Sys=0.00s Real=0.00s
[328.304s][info][gc,start       ] GC(837) Pause Young (Normal) (G1 Evacuation Pause)
[328.304s][info][gc,task        ] GC(837) Using 33 workers of 33 for evacuation
[328.307s][info][gc,phases      ] GC(837)   Pre Evacuate Collection Set: 0.2ms
[328.307s][info][gc,phases      ] GC(837)   Merge Heap Roots: 0.2ms
[328.307s][info][gc,phases      ] GC(837)   Evacuate Collection Set: 0.4ms
[328.307s][info][gc,phases      ] GC(837)   Post Evacuate Collection Set: 2.6ms
[328.307s][info][gc,phases      ] GC(837)   Other: 0.1ms
[328.307s][info][gc,heap        ] GC(837) Eden regions: 332->0(332)
[328.307s][info][gc,heap        ] GC(837) Survivor regions: 1->1(42)
[328.307s][info][gc,heap        ] GC(837) Old regions: 28->28
[328.307s][info][gc,heap        ] GC(837) Archive regions: 0->0
[328.307s][info][gc,heap        ] GC(837) Humongous regions: 0->0
[328.307s][info][gc,metaspace   ] GC(837) Metaspace: 14324K(15168K)->14324K(15168K) NonClass: 12363K(12864K)->12363K(12864K) Class: 1961K(2304K)->1961K(2304K)
[328.307s][info][gc             ] GC(837) Pause Young (Normal) (G1 Evacuation Pause) 672M->8M(1112M) 3.651ms
[328.307s][info][gc,cpu         ] GC(837) User=0.00s Sys=0.00s Real=0.00s
[328.720s][info][gc,start       ] GC(838) Pause Young (Normal) (G1 Evacuation Pause)
[328.721s][info][gc,task        ] GC(838) Using 33 workers of 33 for evacuation
[328.724s][info][gc,phases      ] GC(838)   Pre Evacuate Collection Set: 0.1ms
[328.724s][info][gc,phases      ] GC(838)   Merge Heap Roots: 0.2ms
[328.724s][info][gc,phases      ] GC(838)   Evacuate Collection Set: 0.4ms
[328.724s][info][gc,phases      ] GC(838)   Post Evacuate Collection Set: 2.6ms
[328.724s][info][gc,phases      ] GC(838)   Other: 0.1ms
[328.724s][info][gc,heap        ] GC(838) Eden regions: 332->0(332)
[328.724s][info][gc,heap        ] GC(838) Survivor regions: 1->1(42)
[328.724s][info][gc,heap        ] GC(838) Old regions: 28->28
[328.724s][info][gc,heap        ] GC(838) Archive regions: 0->0
[328.724s][info][gc,heap        ] GC(838) Humongous regions: 0->0
[328.724s][info][gc,metaspace   ] GC(838) Metaspace: 14324K(15168K)->14324K(15168K) NonClass: 12363K(12864K)->12363K(12864K) Class: 1961K(2304K)->1961K(2304K)
[328.724s][info][gc             ] GC(838) Pause Young (Normal) (G1 Evacuation Pause) 672M->9M(1112M) 3.664ms
[328.724s][info][gc,cpu         ] GC(838) User=0.52s Sys=0.00s Real=0.00s
[329.162s][info][gc,start       ] GC(839) Pause Young (Normal) (G1 Evacuation Pause)
[329.163s][info][gc,task        ] GC(839) Using 33 workers of 33 for evacuation
[329.167s][info][gc,phases      ] GC(839)   Pre Evacuate Collection Set: 0.2ms
[329.167s][info][gc,phases      ] GC(839)   Merge Heap Roots: 0.2ms
[329.167s][info][gc,phases      ] GC(839)   Evacuate Collection Set: 0.4ms
[329.167s][info][gc,phases      ] GC(839)   Post Evacuate Collection Set: 2.9ms
[329.167s][info][gc,phases      ] GC(839)   Other: 0.1ms
[329.167s][info][gc,heap        ] GC(839) Eden regions: 332->0(332)
[329.167s][info][gc,heap        ] GC(839) Survivor regions: 1->1(42)
[329.167s][info][gc,heap        ] GC(839) Old regions: 28->28
[329.167s][info][gc,heap        ] GC(839) Archive regions: 0->0
[329.167s][info][gc,heap        ] GC(839) Humongous regions: 0->0
[329.167s][info][gc,metaspace   ] GC(839) Metaspace: 14324K(15168K)->14324K(15168K) NonClass: 12363K(12864K)->12363K(12864K) Class: 1961K(2304K)->1961K(2304K)
[329.167s][info][gc             ] GC(839) Pause Young (Normal) (G1 Evacuation Pause) 673M->9M(1112M) 4.866ms
[329.167s][info][gc,cpu         ] GC(839) User=0.00s Sys=0.00s Real=0.00s
[329.620s][info][gc,start       ] GC(840) Pause Young (Normal) (G1 Evacuation Pause)
[329.620s][info][gc,task        ] GC(840) Using 33 workers of 33 for evacuation
[329.623s][info][gc,phases      ] GC(840)   Pre Evacuate Collection Set: 0.1ms
[329.623s][info][gc,phases      ] GC(840)   Merge Heap Roots: 0.2ms
[329.623s][info][gc,phases      ] GC(840)   Evacuate Collection Set: 0.4ms
[329.623s][info][gc,phases      ] GC(840)   Post Evacuate Collection Set: 2.1ms
[329.623s][info][gc,phases      ] GC(840)   Other: 0.1ms
[329.623s][info][gc,heap        ] GC(840) Eden regions: 332->0(332)
[329.623s][info][gc,heap        ] GC(840) Survivor regions: 1->1(42)
[329.623s][info][gc,heap        ] GC(840) Old regions: 28->28
[329.623s][info][gc,heap        ] GC(840) Archive regions: 0->0
[329.623s][info][gc,heap        ] GC(840) Humongous regions: 0->0
[329.623s][info][gc,metaspace   ] GC(840) Metaspace: 14324K(15168K)->14324K(15168K) NonClass: 12363K(12864K)->12363K(12864K) Class: 1961K(2304K)->1961K(2304K)
[329.623s][info][gc             ] GC(840) Pause Young (Normal) (G1 Evacuation Pause) 673M->9M(1112M) 3.083ms
[329.623s][info][gc,cpu         ] GC(840) User=0.00s Sys=0.00s Real=0.00s
[330.054s][info][gc,start       ] GC(841) Pause Young (Normal) (G1 Evacuation Pause)
[330.054s][info][gc,task        ] GC(841) Using 33 workers of 33 for evacuation
[330.057s][info][gc,phases      ] GC(841)   Pre Evacuate Collection Set: 0.2ms
[330.057s][info][gc,phases      ] GC(841)   Merge Heap Roots: 0.2ms
[330.057s][info][gc,phases      ] GC(841)   Evacuate Collection Set: 0.4ms
[330.057s][info][gc,phases      ] GC(841)   Post Evacuate Collection Set: 2.2ms
[330.057s][info][gc,phases      ] GC(841)   Other: 0.1ms
[330.057s][info][gc,heap        ] GC(841) Eden regions: 332->0(332)
[330.057s][info][gc,heap        ] GC(841) Survivor regions: 1->1(42)
[330.057s][info][gc,heap        ] GC(841) Old regions: 28->28
[330.057s][info][gc,heap        ] GC(841) Archive regions: 0->0
[330.057s][info][gc,heap        ] GC(841) Humongous regions: 0->0
[330.057s][info][gc,metaspace   ] GC(841) Metaspace: 14324K(15168K)->14324K(15168K) NonClass: 12363K(12864K)->12363K(12864K) Class: 1961K(2304K)->1961K(2304K)
[330.057s][info][gc             ] GC(841) Pause Young (Normal) (G1 Evacuation Pause) 673M->9M(1112M) 3.296ms
[330.057s][info][gc,cpu         ] GC(841) User=0.00s Sys=0.00s Real=0.00s
[330.286s][info][gc,start       ] GC(842) Pause Full (System.gc())
[330.287s][info][gc,task        ] GC(842) Using 29 workers of 33 for full compaction
[330.288s][info][gc,phases,start] GC(842) Phase 1: Mark live objects
[330.299s][info][gc,phases      ] GC(842) Phase 1: Mark live objects 10.743ms
[330.299s][info][gc,phases,start] GC(842) Phase 2: Prepare compaction
[330.301s][info][gc,phases      ] GC(842) Phase 2: Prepare compaction 2.146ms
[330.301s][info][gc,phases,start] GC(842) Phase 3: Adjust pointers
[330.306s][info][gc,phases      ] GC(842) Phase 3: Adjust pointers 4.822ms
[330.306s][info][gc,phases,start] GC(842) Phase 4: Compact heap
[330.306s][info][gc,phases      ] GC(842) Phase 4: Compact heap 0.582ms
[330.314s][info][gc,heap        ] GC(842) Eden regions: 169->0(48)
[330.314s][info][gc,heap        ] GC(842) Survivor regions: 1->0(42)
[330.314s][info][gc,heap        ] GC(842) Old regions: 28->24
[330.314s][info][gc,heap        ] GC(842) Archive regions: 0->0
[330.314s][info][gc,heap        ] GC(842) Humongous regions: 0->0
[330.314s][info][gc,metaspace   ] GC(842) Metaspace: 14324K(15168K)->14324K(15168K) NonClass: 12363K(12864K)->12363K(12864K) Class: 1961K(2304K)->1961K(2304K)
[330.314s][info][gc             ] GC(842) Pause Full (System.gc()) 347M->5M(160M) 27.571ms
[330.314s][info][gc,cpu         ] GC(842) User=0.05s Sys=0.17s Real=0.02s
[330.382s][info][gc,start       ] GC(843) Pause Young (Normal) (G1 Evacuation Pause)
[330.382s][info][gc,task        ] GC(843) Using 33 workers of 33 for evacuation
[330.384s][info][gc,phases      ] GC(843)   Pre Evacuate Collection Set: 0.1ms
[330.384s][info][gc,phases      ] GC(843)   Merge Heap Roots: 0.1ms
[330.384s][info][gc,phases      ] GC(843)   Evacuate Collection Set: 0.4ms
[330.384s][info][gc,phases      ] GC(843)   Post Evacuate Collection Set: 1.8ms
[330.384s][info][gc,phases      ] GC(843)   Other: 0.1ms
[330.384s][info][gc,heap        ] GC(843) Eden regions: 48->0(47)
[330.384s][info][gc,heap        ] GC(843) Survivor regions: 0->1(6)
[330.384s][info][gc,heap        ] GC(843) Old regions: 24->24
[330.384s][info][gc,heap        ] GC(843) Archive regions: 0->0
[330.384s][info][gc,heap        ] GC(843) Humongous regions: 0->0
[330.384s][info][gc,metaspace   ] GC(843) Metaspace: 14324K(15168K)->14324K(15168K) NonClass: 12363K(12864K)->12363K(12864K) Class: 1961K(2304K)->1961K(2304K)
[330.384s][info][gc             ] GC(843) Pause Young (Normal) (G1 Evacuation Pause) 101M->6M(160M) 2.756ms
[330.384s][info][gc,cpu         ] GC(843) User=0.00s Sys=0.00s Real=0.00s
[330.455s][info][gc,start       ] GC(844) Pause Young (Normal) (G1 Evacuation Pause)
[330.455s][info][gc,task        ] GC(844) Using 33 workers of 33 for evacuation
[330.458s][info][gc,phases      ] GC(844)   Pre Evacuate Collection Set: 0.1ms
[330.458s][info][gc,phases      ] GC(844)   Merge Heap Roots: 0.1ms
[330.458s][info][gc,phases      ] GC(844)   Evacuate Collection Set: 0.5ms
[330.458s][info][gc,phases      ] GC(844)   Post Evacuate Collection Set: 1.7ms
[330.458s][info][gc,phases      ] GC(844)   Other: 0.1ms
[330.458s][info][gc,heap        ] GC(844) Eden regions: 47->0(47)
[330.458s][info][gc,heap        ] GC(844) Survivor regions: 1->1(6)
[330.458s][info][gc,heap        ] GC(844) Old regions: 24->24
[330.458s][info][gc,heap        ] GC(844) Archive regions: 0->0
[330.458s][info][gc,heap        ] GC(844) Humongous regions: 0->0
[330.458s][info][gc,metaspace   ] GC(844) Metaspace: 14324K(15168K)->14324K(15168K) NonClass: 12363K(12864K)->12363K(12864K) Class: 1961K(2304K)->1961K(2304K)
[330.458s][info][gc             ] GC(844) Pause Young (Normal) (G1 Evacuation Pause) 100M->6M(160M) 2.765ms
[330.458s][info][gc,cpu         ] GC(844) User=0.00s Sys=0.00s Real=0.00s
[330.537s][info][gc,start       ] GC(845) Pause Young (Normal) (G1 Evacuation Pause)
[330.537s][info][gc,task        ] GC(845) Using 33 workers of 33 for evacuation
[330.539s][info][gc,phases      ] GC(845)   Pre Evacuate Collection Set: 0.1ms
[330.539s][info][gc,phases      ] GC(845)   Merge Heap Roots: 0.1ms
[330.539s][info][gc,phases      ] GC(845)   Evacuate Collection Set: 0.4ms
[330.539s][info][gc,phases      ] GC(845)   Post Evacuate Collection Set: 1.8ms
[330.539s][info][gc,phases      ] GC(845)   Other: 0.1ms
[330.539s][info][gc,heap        ] GC(845) Eden regions: 47->0(47)
[330.539s][info][gc,heap        ] GC(845) Survivor regions: 1->1(6)
[330.540s][info][gc,heap        ] GC(845) Old regions: 24->24
[330.540s][info][gc,heap        ] GC(845) Archive regions: 0->0
[330.540s][info][gc,heap        ] GC(845) Humongous regions: 0->0
[330.540s][info][gc,metaspace   ] GC(845) Metaspace: 14324K(15168K)->14324K(15168K) NonClass: 12363K(12864K)->12363K(12864K) Class: 1961K(2304K)->1961K(2304K)
[330.540s][info][gc             ] GC(845) Pause Young (Normal) (G1 Evacuation Pause) 100M->6M(160M) 2.807ms
[330.540s][info][gc,cpu         ] GC(845) User=0.00s Sys=0.00s Real=0.00s
[330.614s][info][gc,start       ] GC(846) Pause Young (Normal) (G1 Evacuation Pause)
[330.616s][info][gc,task        ] GC(846) Using 33 workers of 33 for evacuation
[330.623s][info][gc,phases      ] GC(846)   Pre Evacuate Collection Set: 0.1ms
[330.623s][info][gc,phases      ] GC(846)   Merge Heap Roots: 0.1ms
[330.623s][info][gc,phases      ] GC(846)   Evacuate Collection Set: 0.5ms
[330.623s][info][gc,phases      ] GC(846)   Post Evacuate Collection Set: 5.7ms
[330.623s][info][gc,phases      ] GC(846)   Other: 0.1ms
[330.623s][info][gc,heap        ] GC(846) Eden regions: 47->0(330)
[330.623s][info][gc,heap        ] GC(846) Survivor regions: 1->1(6)
[330.623s][info][gc,heap        ] GC(846) Old regions: 24->24
[330.623s][info][gc,heap        ] GC(846) Archive regions: 0->0
[330.623s][info][gc,heap        ] GC(846) Humongous regions: 0->0
[330.623s][info][gc,metaspace   ] GC(846) Metaspace: 14324K(15168K)->14324K(15168K) NonClass: 12363K(12864K)->12363K(12864K) Class: 1961K(2304K)->1961K(2304K)
[330.623s][info][gc             ] GC(846) Pause Young (Normal) (G1 Evacuation Pause) 100M->6M(1104M) 9.080ms
[330.623s][info][gc,cpu         ] GC(846) User=0.00s Sys=0.00s Real=0.00s
[331.083s][info][gc,start       ] GC(847) Pause Young (Normal) (G1 Evacuation Pause)
[331.083s][info][gc,task        ] GC(847) Using 33 workers of 33 for evacuation
[331.087s][info][gc,phases      ] GC(847)   Pre Evacuate Collection Set: 0.2ms
[331.087s][info][gc,phases      ] GC(847)   Merge Heap Roots: 0.1ms
[331.087s][info][gc,phases      ] GC(847)   Evacuate Collection Set: 1.8ms
[331.087s][info][gc,phases      ] GC(847)   Post Evacuate Collection Set: 2.3ms
[331.087s][info][gc,phases      ] GC(847)   Other: 0.1ms
[331.087s][info][gc,heap        ] GC(847) Eden regions: 330->0(330)
[331.087s][info][gc,heap        ] GC(847) Survivor regions: 1->1(42)
[331.087s][info][gc,heap        ] GC(847) Old regions: 24->24
[331.087s][info][gc,heap        ] GC(847) Archive regions: 0->0
[331.087s][info][gc,heap        ] GC(847) Humongous regions: 0->0
[331.087s][info][gc,metaspace   ] GC(847) Metaspace: 14324K(15168K)->14324K(15168K) NonClass: 12363K(12864K)->12363K(12864K) Class: 1961K(2304K)->1961K(2304K)
[331.088s][info][gc             ] GC(847) Pause Young (Normal) (G1 Evacuation Pause) 666M->6M(1104M) 4.734ms
[331.088s][info][gc,cpu         ] GC(847) User=0.00s Sys=0.00s Real=0.01s
[331.506s][info][gc,start       ] GC(848) Pause Young (Normal) (G1 Evacuation Pause)
[331.506s][info][gc,task        ] GC(848) Using 33 workers of 33 for evacuation
[331.511s][info][gc,phases      ] GC(848)   Pre Evacuate Collection Set: 0.2ms
[331.511s][info][gc,phases      ] GC(848)   Merge Heap Roots: 0.1ms
[331.511s][info][gc,phases      ] GC(848)   Evacuate Collection Set: 1.8ms
[331.511s][info][gc,phases      ] GC(848)   Post Evacuate Collection Set: 2.4ms
[331.511s][info][gc,phases      ] GC(848)   Other: 0.1ms
[331.511s][info][gc,heap        ] GC(848) Eden regions: 330->0(330)
[331.511s][info][gc,heap        ] GC(848) Survivor regions: 1->1(42)
[331.511s][info][gc,heap        ] GC(848) Old regions: 24->24
[331.511s][info][gc,heap        ] GC(848) Archive regions: 0->0
[331.511s][info][gc,heap        ] GC(848) Humongous regions: 0->0
[331.511s][info][gc,metaspace   ] GC(848) Metaspace: 14324K(15168K)->14324K(15168K) NonClass: 12363K(12864K)->12363K(12864K) Class: 1961K(2304K)->1961K(2304K)
[331.511s][info][gc             ] GC(848) Pause Young (Normal) (G1 Evacuation Pause) 666M->6M(1104M) 4.815ms
[331.511s][info][gc,cpu         ] GC(848) User=0.00s Sys=0.00s Real=0.00s
[331.928s][info][gc,start       ] GC(849) Pause Young (Normal) (G1 Evacuation Pause)
[331.929s][info][gc,task        ] GC(849) Using 33 workers of 33 for evacuation
[331.932s][info][gc,phases      ] GC(849)   Pre Evacuate Collection Set: 0.2ms
[331.932s][info][gc,phases      ] GC(849)   Merge Heap Roots: 0.1ms
[331.932s][info][gc,phases      ] GC(849)   Evacuate Collection Set: 0.7ms
[331.932s][info][gc,phases      ] GC(849)   Post Evacuate Collection Set: 2.4ms
[331.932s][info][gc,phases      ] GC(849)   Other: 0.1ms
[331.932s][info][gc,heap        ] GC(849) Eden regions: 330->0(330)
[331.932s][info][gc,heap        ] GC(849) Survivor regions: 1->1(42)
[331.932s][info][gc,heap        ] GC(849) Old regions: 24->24
[331.932s][info][gc,heap        ] GC(849) Archive regions: 0->0
[331.932s][info][gc,heap        ] GC(849) Humongous regions: 0->0
[331.932s][info][gc,metaspace   ] GC(849) Metaspace: 14324K(15168K)->14324K(15168K) NonClass: 12363K(12864K)->12363K(12864K) Class: 1961K(2304K)->1961K(2304K)
[331.932s][info][gc             ] GC(849) Pause Young (Normal) (G1 Evacuation Pause) 666M->6M(1104M) 3.778ms
[331.932s][info][gc,cpu         ] GC(849) User=0.00s Sys=0.00s Real=0.00s
[332.339s][info][gc,start       ] GC(850) Pause Young (Normal) (G1 Evacuation Pause)
[332.339s][info][gc,task        ] GC(850) Using 33 workers of 33 for evacuation
[332.342s][info][gc,phases      ] GC(850)   Pre Evacuate Collection Set: 0.2ms
[332.342s][info][gc,phases      ] GC(850)   Merge Heap Roots: 0.1ms
[332.342s][info][gc,phases      ] GC(850)   Evacuate Collection Set: 0.5ms
[332.342s][info][gc,phases      ] GC(850)   Post Evacuate Collection Set: 2.4ms
[332.342s][info][gc,phases      ] GC(850)   Other: 0.1ms
[332.343s][info][gc,heap        ] GC(850) Eden regions: 330->0(330)
[332.343s][info][gc,heap        ] GC(850) Survivor regions: 1->1(42)
[332.343s][info][gc,heap        ] GC(850) Old regions: 24->24
[332.343s][info][gc,heap        ] GC(850) Archive regions: 0->0
[332.343s][info][gc,heap        ] GC(850) Humongous regions: 0->0
[332.343s][info][gc,metaspace   ] GC(850) Metaspace: 14324K(15168K)->14324K(15168K) NonClass: 12363K(12864K)->12363K(12864K) Class: 1961K(2304K)->1961K(2304K)
[332.343s][info][gc             ] GC(850) Pause Young (Normal) (G1 Evacuation Pause) 666M->7M(1104M) 3.613ms
[332.343s][info][gc,cpu         ] GC(850) User=0.00s Sys=0.00s Real=0.00s
[332.755s][info][gc,start       ] GC(851) Pause Young (Normal) (G1 Evacuation Pause)
[332.755s][info][gc,task        ] GC(851) Using 33 workers of 33 for evacuation
[332.759s][info][gc,phases      ] GC(851)   Pre Evacuate Collection Set: 0.2ms
[332.759s][info][gc,phases      ] GC(851)   Merge Heap Roots: 0.1ms
[332.759s][info][gc,phases      ] GC(851)   Evacuate Collection Set: 0.8ms
[332.759s][info][gc,phases      ] GC(851)   Post Evacuate Collection Set: 2.5ms
[332.759s][info][gc,phases      ] GC(851)   Other: 0.1ms
[332.759s][info][gc,heap        ] GC(851) Eden regions: 330->0(330)
[332.759s][info][gc,heap        ] GC(851) Survivor regions: 1->1(42)
[332.759s][info][gc,heap        ] GC(851) Old regions: 24->24
[332.759s][info][gc,heap        ] GC(851) Archive regions: 0->0
[332.759s][info][gc,heap        ] GC(851) Humongous regions: 0->0
[332.759s][info][gc,metaspace   ] GC(851) Metaspace: 14324K(15168K)->14324K(15168K) NonClass: 12363K(12864K)->12363K(12864K) Class: 1961K(2304K)->1961K(2304K)
[332.759s][info][gc             ] GC(851) Pause Young (Normal) (G1 Evacuation Pause) 667M->7M(1104M) 3.904ms
[332.759s][info][gc,cpu         ] GC(851) User=0.00s Sys=0.00s Real=0.00s
[333.175s][info][gc,start       ] GC(852) Pause Young (Normal) (G1 Evacuation Pause)
[333.175s][info][gc,task        ] GC(852) Using 33 workers of 33 for evacuation
[333.178s][info][gc,phases      ] GC(852)   Pre Evacuate Collection Set: 0.2ms
[333.178s][info][gc,phases      ] GC(852)   Merge Heap Roots: 0.1ms
[333.178s][info][gc,phases      ] GC(852)   Evacuate Collection Set: 0.6ms
[333.178s][info][gc,phases      ] GC(852)   Post Evacuate Collection Set: 2.5ms
[333.178s][info][gc,phases      ] GC(852)   Other: 0.1ms
[333.178s][info][gc,heap        ] GC(852) Eden regions: 330->0(330)
[333.178s][info][gc,heap        ] GC(852) Survivor regions: 1->1(42)
[333.178s][info][gc,heap        ] GC(852) Old regions: 24->24
[333.178s][info][gc,heap        ] GC(852) Archive regions: 0->0
[333.178s][info][gc,heap        ] GC(852) Humongous regions: 0->0
[333.178s][info][gc,metaspace   ] GC(852) Metaspace: 14324K(15168K)->14324K(15168K) NonClass: 12363K(12864K)->12363K(12864K) Class: 1961K(2304K)->1961K(2304K)
[333.178s][info][gc             ] GC(852) Pause Young (Normal) (G1 Evacuation Pause) 667M->7M(1104M) 3.761ms
[333.178s][info][gc,cpu         ] GC(852) User=0.09s Sys=0.42s Real=0.00s
[333.592s][info][gc,start       ] GC(853) Pause Young (Normal) (G1 Evacuation Pause)
[333.592s][info][gc,task        ] GC(853) Using 33 workers of 33 for evacuation
[333.595s][info][gc,phases      ] GC(853)   Pre Evacuate Collection Set: 0.2ms
[333.595s][info][gc,phases      ] GC(853)   Merge Heap Roots: 0.1ms
[333.595s][info][gc,phases      ] GC(853)   Evacuate Collection Set: 0.7ms
[333.595s][info][gc,phases      ] GC(853)   Post Evacuate Collection Set: 2.6ms
[333.595s][info][gc,phases      ] GC(853)   Other: 0.1ms
[333.595s][info][gc,heap        ] GC(853) Eden regions: 330->0(330)
[333.595s][info][gc,heap        ] GC(853) Survivor regions: 1->1(42)
[333.595s][info][gc,heap        ] GC(853) Old regions: 24->24
[333.595s][info][gc,heap        ] GC(853) Archive regions: 0->0
[333.595s][info][gc,heap        ] GC(853) Humongous regions: 0->0
[333.595s][info][gc,metaspace   ] GC(853) Metaspace: 14324K(15168K)->14324K(15168K) NonClass: 12363K(12864K)->12363K(12864K) Class: 1961K(2304K)->1961K(2304K)
[333.596s][info][gc             ] GC(853) Pause Young (Normal) (G1 Evacuation Pause) 667M->7M(1104M) 3.923ms
[333.596s][info][gc,cpu         ] GC(853) User=0.00s Sys=0.00s Real=0.00s
[334.007s][info][gc,start       ] GC(854) Pause Young (Normal) (G1 Evacuation Pause)
[334.007s][info][gc,task        ] GC(854) Using 33 workers of 33 for evacuation
[334.010s][info][gc,phases      ] GC(854)   Pre Evacuate Collection Set: 0.2ms
[334.010s][info][gc,phases      ] GC(854)   Merge Heap Roots: 0.1ms
[334.010s][info][gc,phases      ] GC(854)   Evacuate Collection Set: 0.6ms
[334.010s][info][gc,phases      ] GC(854)   Post Evacuate Collection Set: 2.6ms
[334.010s][info][gc,phases      ] GC(854)   Other: 0.1ms
[334.010s][info][gc,heap        ] GC(854) Eden regions: 330->0(329)
[334.010s][info][gc,heap        ] GC(854) Survivor regions: 1->2(42)
[334.010s][info][gc,heap        ] GC(854) Old regions: 24->24
[334.010s][info][gc,heap        ] GC(854) Archive regions: 0->0
[334.010s][info][gc,heap        ] GC(854) Humongous regions: 0->0
[334.010s][info][gc,metaspace   ] GC(854) Metaspace: 14324K(15168K)->14324K(15168K) NonClass: 12363K(12864K)->12363K(12864K) Class: 1961K(2304K)->1961K(2304K)
[334.010s][info][gc             ] GC(854) Pause Young (Normal) (G1 Evacuation Pause) 667M->7M(1104M) 3.850ms
[334.010s][info][gc,cpu         ] GC(854) User=0.00s Sys=0.00s Real=0.00s
[334.431s][info][gc,start       ] GC(855) Pause Young (Normal) (G1 Evacuation Pause)
[334.431s][info][gc,task        ] GC(855) Using 33 workers of 33 for evacuation
[334.434s][info][gc,phases      ] GC(855)   Pre Evacuate Collection Set: 0.2ms
[334.434s][info][gc,phases      ] GC(855)   Merge Heap Roots: 0.1ms
[334.434s][info][gc,phases      ] GC(855)   Evacuate Collection Set: 0.7ms
[334.434s][info][gc,phases      ] GC(855)   Post Evacuate Collection Set: 2.3ms
[334.434s][info][gc,phases      ] GC(855)   Other: 0.1ms
[334.434s][info][gc,heap        ] GC(855) Eden regions: 329->0(329)
[334.434s][info][gc,heap        ] GC(855) Survivor regions: 2->2(42)
[334.434s][info][gc,heap        ] GC(855) Old regions: 24->24
[334.434s][info][gc,heap        ] GC(855) Archive regions: 0->0
[334.434s][info][gc,heap        ] GC(855) Humongous regions: 0->0
[334.434s][info][gc,metaspace   ] GC(855) Metaspace: 14324K(15168K)->14324K(15168K) NonClass: 12363K(12864K)->12363K(12864K) Class: 1961K(2304K)->1961K(2304K)
[334.434s][info][gc             ] GC(855) Pause Young (Normal) (G1 Evacuation Pause) 665M->7M(1104M) 3.571ms
[334.434s][info][gc,cpu         ] GC(855) User=0.00s Sys=0.00s Real=0.00s
[334.851s][info][gc,start       ] GC(856) Pause Young (Normal) (G1 Evacuation Pause)
[334.852s][info][gc,task        ] GC(856) Using 33 workers of 33 for evacuation
[334.855s][info][gc,phases      ] GC(856)   Pre Evacuate Collection Set: 0.1ms
[334.855s][info][gc,phases      ] GC(856)   Merge Heap Roots: 0.1ms
[334.855s][info][gc,phases      ] GC(856)   Evacuate Collection Set: 0.6ms
[334.855s][info][gc,phases      ] GC(856)   Post Evacuate Collection Set: 2.1ms
[334.855s][info][gc,phases      ] GC(856)   Other: 0.1ms
[334.855s][info][gc,heap        ] GC(856) Eden regions: 329->0(329)
[334.855s][info][gc,heap        ] GC(856) Survivor regions: 2->2(42)
[334.855s][info][gc,heap        ] GC(856) Old regions: 24->24
[334.855s][info][gc,heap        ] GC(856) Archive regions: 0->0
[334.855s][info][gc,heap        ] GC(856) Humongous regions: 0->0
[334.855s][info][gc,metaspace   ] GC(856) Metaspace: 14324K(15168K)->14324K(15168K) NonClass: 12363K(12864K)->12363K(12864K) Class: 1961K(2304K)->1961K(2304K)
[334.855s][info][gc             ] GC(856) Pause Young (Normal) (G1 Evacuation Pause) 665M->7M(1104M) 3.354ms
[334.855s][info][gc,cpu         ] GC(856) User=0.00s Sys=0.00s Real=0.00s
[335.269s][info][gc,start       ] GC(857) Pause Young (Normal) (G1 Evacuation Pause)
[335.269s][info][gc,task        ] GC(857) Using 33 workers of 33 for evacuation
[335.272s][info][gc,phases      ] GC(857)   Pre Evacuate Collection Set: 0.2ms
[335.272s][info][gc,phases      ] GC(857)   Merge Heap Roots: 0.1ms
[335.272s][info][gc,phases      ] GC(857)   Evacuate Collection Set: 0.5ms
[335.272s][info][gc,phases      ] GC(857)   Post Evacuate Collection Set: 2.2ms
[335.272s][info][gc,phases      ] GC(857)   Other: 0.1ms
[335.272s][info][gc,heap        ] GC(857) Eden regions: 329->0(329)
[335.272s][info][gc,heap        ] GC(857) Survivor regions: 2->2(42)
[335.272s][info][gc,heap        ] GC(857) Old regions: 24->24
[335.272s][info][gc,heap        ] GC(857) Archive regions: 0->0
[335.272s][info][gc,heap        ] GC(857) Humongous regions: 0->0
[335.272s][info][gc,metaspace   ] GC(857) Metaspace: 14324K(15168K)->14324K(15168K) NonClass: 12363K(12864K)->12363K(12864K) Class: 1961K(2304K)->1961K(2304K)
[335.272s][info][gc             ] GC(857) Pause Young (Normal) (G1 Evacuation Pause) 665M->7M(1104M) 3.357ms
[335.272s][info][gc,cpu         ] GC(857) User=0.00s Sys=0.02s Real=0.00s
[335.685s][info][gc,start       ] GC(858) Pause Young (Normal) (G1 Evacuation Pause)
[335.685s][info][gc,task        ] GC(858) Using 33 workers of 33 for evacuation
[335.689s][info][gc,phases      ] GC(858)   Pre Evacuate Collection Set: 0.2ms
[335.689s][info][gc,phases      ] GC(858)   Merge Heap Roots: 0.1ms
[335.689s][info][gc,phases      ] GC(858)   Evacuate Collection Set: 0.5ms
[335.689s][info][gc,phases      ] GC(858)   Post Evacuate Collection Set: 2.3ms
[335.689s][info][gc,phases      ] GC(858)   Other: 0.1ms
[335.689s][info][gc,heap        ] GC(858) Eden regions: 329->0(330)
[335.689s][info][gc,heap        ] GC(858) Survivor regions: 2->1(42)
[335.689s][info][gc,heap        ] GC(858) Old regions: 24->25
[335.689s][info][gc,heap        ] GC(858) Archive regions: 0->0
[335.689s][info][gc,heap        ] GC(858) Humongous regions: 0->0
[335.689s][info][gc,metaspace   ] GC(858) Metaspace: 14324K(15168K)->14324K(15168K) NonClass: 12363K(12864K)->12363K(12864K) Class: 1961K(2304K)->1961K(2304K)
[335.689s][info][gc             ] GC(858) Pause Young (Normal) (G1 Evacuation Pause) 665M->7M(1104M) 3.454ms
[335.689s][info][gc,cpu         ] GC(858) User=0.00s Sys=0.00s Real=0.00s
[336.101s][info][gc,start       ] GC(859) Pause Young (Normal) (G1 Evacuation Pause)
[336.101s][info][gc,task        ] GC(859) Using 33 workers of 33 for evacuation
[336.104s][info][gc,phases      ] GC(859)   Pre Evacuate Collection Set: 0.2ms
[336.104s][info][gc,phases      ] GC(859)   Merge Heap Roots: 0.1ms
[336.104s][info][gc,phases      ] GC(859)   Evacuate Collection Set: 0.4ms
[336.104s][info][gc,phases      ] GC(859)   Post Evacuate Collection Set: 2.3ms
[336.104s][info][gc,phases      ] GC(859)   Other: 0.1ms
[336.104s][info][gc,heap        ] GC(859) Eden regions: 330->0(330)
[336.104s][info][gc,heap        ] GC(859) Survivor regions: 1->1(42)
[336.104s][info][gc,heap        ] GC(859) Old regions: 25->25
[336.104s][info][gc,heap        ] GC(859) Archive regions: 0->0
[336.104s][info][gc,heap        ] GC(859) Humongous regions: 0->0
[336.104s][info][gc,metaspace   ] GC(859) Metaspace: 14324K(15168K)->14324K(15168K) NonClass: 12363K(12864K)->12363K(12864K) Class: 1961K(2304K)->1961K(2304K)
[336.104s][info][gc             ] GC(859) Pause Young (Normal) (G1 Evacuation Pause) 667M->7M(1104M) 3.383ms
[336.104s][info][gc,cpu         ] GC(859) User=0.00s Sys=0.00s Real=0.00s
[336.513s][info][gc,start       ] GC(860) Pause Young (Normal) (G1 Evacuation Pause)
[336.513s][info][gc,task        ] GC(860) Using 33 workers of 33 for evacuation
[336.516s][info][gc,phases      ] GC(860)   Pre Evacuate Collection Set: 0.2ms
[336.516s][info][gc,phases      ] GC(860)   Merge Heap Roots: 0.1ms
[336.516s][info][gc,phases      ] GC(860)   Evacuate Collection Set: 0.4ms
[336.516s][info][gc,phases      ] GC(860)   Post Evacuate Collection Set: 2.4ms
[336.516s][info][gc,phases      ] GC(860)   Other: 0.1ms
[336.516s][info][gc,heap        ] GC(860) Eden regions: 330->0(330)
[336.516s][info][gc,heap        ] GC(860) Survivor regions: 1->1(42)
[336.516s][info][gc,heap        ] GC(860) Old regions: 25->25
[336.516s][info][gc,heap        ] GC(860) Archive regions: 0->0
[336.516s][info][gc,heap        ] GC(860) Humongous regions: 0->0
[336.516s][info][gc,metaspace   ] GC(860) Metaspace: 14324K(15168K)->14324K(15168K) NonClass: 12363K(12864K)->12363K(12864K) Class: 1961K(2304K)->1961K(2304K)
[336.516s][info][gc             ] GC(860) Pause Young (Normal) (G1 Evacuation Pause) 667M->7M(1104M) 3.451ms
[336.516s][info][gc,cpu         ] GC(860) User=0.00s Sys=0.00s Real=0.00s
[336.928s][info][gc,start       ] GC(861) Pause Young (Normal) (G1 Evacuation Pause)
[336.928s][info][gc,task        ] GC(861) Using 33 workers of 33 for evacuation
[336.931s][info][gc,phases      ] GC(861)   Pre Evacuate Collection Set: 0.1ms
[336.931s][info][gc,phases      ] GC(861)   Merge Heap Roots: 0.2ms
[336.931s][info][gc,phases      ] GC(861)   Evacuate Collection Set: 0.4ms
[336.931s][info][gc,phases      ] GC(861)   Post Evacuate Collection Set: 2.5ms
[336.931s][info][gc,phases      ] GC(861)   Other: 0.1ms
[336.931s][info][gc,heap        ] GC(861) Eden regions: 330->0(330)
[336.931s][info][gc,heap        ] GC(861) Survivor regions: 1->1(42)
[336.931s][info][gc,heap        ] GC(861) Old regions: 25->25
[336.931s][info][gc,heap        ] GC(861) Archive regions: 0->0
[336.931s][info][gc,heap        ] GC(861) Humongous regions: 0->0
[336.931s][info][gc,metaspace   ] GC(861) Metaspace: 14324K(15168K)->14324K(15168K) NonClass: 12363K(12864K)->12363K(12864K) Class: 1961K(2304K)->1961K(2304K)
[336.931s][info][gc             ] GC(861) Pause Young (Normal) (G1 Evacuation Pause) 667M->7M(1104M) 3.522ms
[336.931s][info][gc,cpu         ] GC(861) User=0.00s Sys=0.00s Real=0.00s
[337.343s][info][gc,start       ] GC(862) Pause Young (Normal) (G1 Evacuation Pause)
[337.344s][info][gc,task        ] GC(862) Using 33 workers of 33 for evacuation
[337.347s][info][gc,phases      ] GC(862)   Pre Evacuate Collection Set: 0.2ms
[337.347s][info][gc,phases      ] GC(862)   Merge Heap Roots: 0.2ms
[337.347s][info][gc,phases      ] GC(862)   Evacuate Collection Set: 0.4ms
[337.347s][info][gc,phases      ] GC(862)   Post Evacuate Collection Set: 2.5ms
[337.347s][info][gc,phases      ] GC(862)   Other: 0.1ms
[337.347s][info][gc,heap        ] GC(862) Eden regions: 330->0(330)
[337.347s][info][gc,heap        ] GC(862) Survivor regions: 1->1(42)
[337.347s][info][gc,heap        ] GC(862) Old regions: 25->25
[337.347s][info][gc,heap        ] GC(862) Archive regions: 0->0
[337.347s][info][gc,heap        ] GC(862) Humongous regions: 0->0
[337.347s][info][gc,metaspace   ] GC(862) Metaspace: 14324K(15168K)->14324K(15168K) NonClass: 12363K(12864K)->12363K(12864K) Class: 1961K(2304K)->1961K(2304K)
[337.347s][info][gc             ] GC(862) Pause Young (Normal) (G1 Evacuation Pause) 667M->7M(1104M) 3.543ms
[337.347s][info][gc,cpu         ] GC(862) User=0.00s Sys=0.00s Real=0.00s
[337.759s][info][gc,start       ] GC(863) Pause Young (Normal) (G1 Evacuation Pause)
[337.759s][info][gc,task        ] GC(863) Using 33 workers of 33 for evacuation
[337.762s][info][gc,phases      ] GC(863)   Pre Evacuate Collection Set: 0.1ms
[337.762s][info][gc,phases      ] GC(863)   Merge Heap Roots: 0.2ms
[337.762s][info][gc,phases      ] GC(863)   Evacuate Collection Set: 0.4ms
[337.762s][info][gc,phases      ] GC(863)   Post Evacuate Collection Set: 2.6ms
[337.762s][info][gc,phases      ] GC(863)   Other: 0.1ms
[337.762s][info][gc,heap        ] GC(863) Eden regions: 330->0(330)
[337.762s][info][gc,heap        ] GC(863) Survivor regions: 1->1(42)
[337.762s][info][gc,heap        ] GC(863) Old regions: 25->25
[337.762s][info][gc,heap        ] GC(863) Archive regions: 0->0
[337.762s][info][gc,heap        ] GC(863) Humongous regions: 0->0
[337.762s][info][gc,metaspace   ] GC(863) Metaspace: 14324K(15168K)->14324K(15168K) NonClass: 12363K(12864K)->12363K(12864K) Class: 1961K(2304K)->1961K(2304K)
[337.762s][info][gc             ] GC(863) Pause Young (Normal) (G1 Evacuation Pause) 667M->7M(1104M) 3.605ms
[337.762s][info][gc,cpu         ] GC(863) User=0.00s Sys=0.00s Real=0.00s
[338.177s][info][gc,start       ] GC(864) Pause Young (Normal) (G1 Evacuation Pause)
[338.177s][info][gc,task        ] GC(864) Using 33 workers of 33 for evacuation
[338.180s][info][gc,phases      ] GC(864)   Pre Evacuate Collection Set: 0.2ms
[338.180s][info][gc,phases      ] GC(864)   Merge Heap Roots: 0.2ms
[338.180s][info][gc,phases      ] GC(864)   Evacuate Collection Set: 0.4ms
[338.180s][info][gc,phases      ] GC(864)   Post Evacuate Collection Set: 2.6ms
[338.180s][info][gc,phases      ] GC(864)   Other: 0.1ms
[338.180s][info][gc,heap        ] GC(864) Eden regions: 330->0(330)
[338.180s][info][gc,heap        ] GC(864) Survivor regions: 1->1(42)
[338.180s][info][gc,heap        ] GC(864) Old regions: 25->25
[338.180s][info][gc,heap        ] GC(864) Archive regions: 0->0
[338.180s][info][gc,heap        ] GC(864) Humongous regions: 0->0
[338.180s][info][gc,metaspace   ] GC(864) Metaspace: 14324K(15168K)->14324K(15168K) NonClass: 12363K(12864K)->12363K(12864K) Class: 1961K(2304K)->1961K(2304K)
[338.181s][info][gc             ] GC(864) Pause Young (Normal) (G1 Evacuation Pause) 667M->8M(1104M) 3.695ms
[338.181s][info][gc,cpu         ] GC(864) User=0.00s Sys=0.00s Real=0.00s
[338.593s][info][gc,start       ] GC(865) Pause Young (Normal) (G1 Evacuation Pause)
[338.593s][info][gc,task        ] GC(865) Using 33 workers of 33 for evacuation
[338.597s][info][gc,phases      ] GC(865)   Pre Evacuate Collection Set: 0.1ms
[338.597s][info][gc,phases      ] GC(865)   Merge Heap Roots: 0.2ms
[338.597s][info][gc,phases      ] GC(865)   Evacuate Collection Set: 0.4ms
[338.597s][info][gc,phases      ] GC(865)   Post Evacuate Collection Set: 2.6ms
[338.597s][info][gc,phases      ] GC(865)   Other: 0.1ms
[338.597s][info][gc,heap        ] GC(865) Eden regions: 330->0(330)
[338.597s][info][gc,heap        ] GC(865) Survivor regions: 1->1(42)
[338.597s][info][gc,heap        ] GC(865) Old regions: 25->25
[338.597s][info][gc,heap        ] GC(865) Archive regions: 0->0
[338.597s][info][gc,heap        ] GC(865) Humongous regions: 0->0
[338.597s][info][gc,metaspace   ] GC(865) Metaspace: 14324K(15168K)->14324K(15168K) NonClass: 12363K(12864K)->12363K(12864K) Class: 1961K(2304K)->1961K(2304K)
[338.597s][info][gc             ] GC(865) Pause Young (Normal) (G1 Evacuation Pause) 668M->8M(1104M) 3.679ms
[338.597s][info][gc,cpu         ] GC(865) User=0.00s Sys=0.00s Real=0.00s
[339.009s][info][gc,start       ] GC(866) Pause Young (Normal) (G1 Evacuation Pause)
[339.009s][info][gc,task        ] GC(866) Using 33 workers of 33 for evacuation
[339.013s][info][gc,phases      ] GC(866)   Pre Evacuate Collection Set: 0.2ms
[339.013s][info][gc,phases      ] GC(866)   Merge Heap Roots: 0.2ms
[339.013s][info][gc,phases      ] GC(866)   Evacuate Collection Set: 0.4ms
[339.013s][info][gc,phases      ] GC(866)   Post Evacuate Collection Set: 2.6ms
[339.013s][info][gc,phases      ] GC(866)   Other: 0.1ms
[339.013s][info][gc,heap        ] GC(866) Eden regions: 330->0(330)
[339.013s][info][gc,heap        ] GC(866) Survivor regions: 1->1(42)
[339.013s][info][gc,heap        ] GC(866) Old regions: 25->25
[339.013s][info][gc,heap        ] GC(866) Archive regions: 0->0
[339.013s][info][gc,heap        ] GC(866) Humongous regions: 0->0
[339.013s][info][gc,metaspace   ] GC(866) Metaspace: 14324K(15168K)->14324K(15168K) NonClass: 12363K(12864K)->12363K(12864K) Class: 1961K(2304K)->1961K(2304K)
[339.013s][info][gc             ] GC(866) Pause Young (Normal) (G1 Evacuation Pause) 668M->8M(1104M) 3.720ms
[339.013s][info][gc,cpu         ] GC(866) User=0.00s Sys=0.00s Real=0.00s
[339.428s][info][gc,start       ] GC(867) Pause Young (Normal) (G1 Evacuation Pause)
[339.428s][info][gc,task        ] GC(867) Using 33 workers of 33 for evacuation
[339.431s][info][gc,phases      ] GC(867)   Pre Evacuate Collection Set: 0.1ms
[339.431s][info][gc,phases      ] GC(867)   Merge Heap Roots: 0.2ms
[339.431s][info][gc,phases      ] GC(867)   Evacuate Collection Set: 0.4ms
[339.431s][info][gc,phases      ] GC(867)   Post Evacuate Collection Set: 2.3ms
[339.431s][info][gc,phases      ] GC(867)   Other: 0.3ms
[339.431s][info][gc,heap        ] GC(867) Eden regions: 330->0(330)
[339.431s][info][gc,heap        ] GC(867) Survivor regions: 1->1(42)
[339.431s][info][gc,heap        ] GC(867) Old regions: 25->25
[339.431s][info][gc,heap        ] GC(867) Archive regions: 0->0
[339.431s][info][gc,heap        ] GC(867) Humongous regions: 0->0
[339.431s][info][gc,metaspace   ] GC(867) Metaspace: 14324K(15168K)->14324K(15168K) NonClass: 12363K(12864K)->12363K(12864K) Class: 1961K(2304K)->1961K(2304K)
[339.431s][info][gc             ] GC(867) Pause Young (Normal) (G1 Evacuation Pause) 668M->8M(1104M) 3.606ms
[339.431s][info][gc,cpu         ] GC(867) User=0.00s Sys=0.00s Real=0.00s
[339.844s][info][gc,start       ] GC(868) Pause Young (Normal) (G1 Evacuation Pause)
[339.844s][info][gc,task        ] GC(868) Using 33 workers of 33 for evacuation
[339.847s][info][gc,phases      ] GC(868)   Pre Evacuate Collection Set: 0.1ms
[339.847s][info][gc,phases      ] GC(868)   Merge Heap Roots: 0.2ms
[339.847s][info][gc,phases      ] GC(868)   Evacuate Collection Set: 0.4ms
[339.847s][info][gc,phases      ] GC(868)   Post Evacuate Collection Set: 2.2ms
[339.847s][info][gc,phases      ] GC(868)   Other: 0.1ms
[339.847s][info][gc,heap        ] GC(868) Eden regions: 330->0(330)
[339.847s][info][gc,heap        ] GC(868) Survivor regions: 1->1(42)
[339.847s][info][gc,heap        ] GC(868) Old regions: 25->26
[339.847s][info][gc,heap        ] GC(868) Archive regions: 0->0
[339.847s][info][gc,heap        ] GC(868) Humongous regions: 0->0
[339.847s][info][gc,metaspace   ] GC(868) Metaspace: 14324K(15168K)->14324K(15168K) NonClass: 12363K(12864K)->12363K(12864K) Class: 1961K(2304K)->1961K(2304K)
[339.847s][info][gc             ] GC(868) Pause Young (Normal) (G1 Evacuation Pause) 668M->8M(1104M) 3.226ms
[339.847s][info][gc,cpu         ] GC(868) User=0.05s Sys=0.00s Real=0.00s
[340.260s][info][gc,start       ] GC(869) Pause Young (Normal) (G1 Evacuation Pause)
[340.260s][info][gc,task        ] GC(869) Using 33 workers of 33 for evacuation
[340.263s][info][gc,phases      ] GC(869)   Pre Evacuate Collection Set: 0.2ms
[340.263s][info][gc,phases      ] GC(869)   Merge Heap Roots: 0.2ms
[340.263s][info][gc,phases      ] GC(869)   Evacuate Collection Set: 0.4ms
[340.263s][info][gc,phases      ] GC(869)   Post Evacuate Collection Set: 2.3ms
[340.263s][info][gc,phases      ] GC(869)   Other: 0.1ms
[340.263s][info][gc,heap        ] GC(869) Eden regions: 330->0(330)
[340.263s][info][gc,heap        ] GC(869) Survivor regions: 1->1(42)
[340.263s][info][gc,heap        ] GC(869) Old regions: 26->26
[340.263s][info][gc,heap        ] GC(869) Archive regions: 0->0
[340.263s][info][gc,heap        ] GC(869) Humongous regions: 0->0
[340.263s][info][gc,metaspace   ] GC(869) Metaspace: 14324K(15168K)->14324K(15168K) NonClass: 12363K(12864K)->12363K(12864K) Class: 1961K(2304K)->1961K(2304K)
[340.263s][info][gc             ] GC(869) Pause Young (Normal) (G1 Evacuation Pause) 668M->8M(1104M) 3.384ms
[340.263s][info][gc,cpu         ] GC(869) User=0.00s Sys=0.00s Real=0.00s
[340.674s][info][gc,start       ] GC(870) Pause Young (Normal) (G1 Evacuation Pause)
[340.674s][info][gc,task        ] GC(870) Using 33 workers of 33 for evacuation
[340.677s][info][gc,phases      ] GC(870)   Pre Evacuate Collection Set: 0.2ms
[340.677s][info][gc,phases      ] GC(870)   Merge Heap Roots: 0.2ms
[340.677s][info][gc,phases      ] GC(870)   Evacuate Collection Set: 0.4ms
[340.677s][info][gc,phases      ] GC(870)   Post Evacuate Collection Set: 2.3ms
[340.677s][info][gc,phases      ] GC(870)   Other: 0.1ms
[340.678s][info][gc,heap        ] GC(870) Eden regions: 330->0(330)
[340.678s][info][gc,heap        ] GC(870) Survivor regions: 1->1(42)
[340.678s][info][gc,heap        ] GC(870) Old regions: 26->26
[340.678s][info][gc,heap        ] GC(870) Archive regions: 0->0
[340.678s][info][gc,heap        ] GC(870) Humongous regions: 0->0
[340.678s][info][gc,metaspace   ] GC(870) Metaspace: 14324K(15168K)->14324K(15168K) NonClass: 12363K(12864K)->12363K(12864K) Class: 1961K(2304K)->1961K(2304K)
[340.678s][info][gc             ] GC(870) Pause Young (Normal) (G1 Evacuation Pause) 668M->8M(1104M) 3.405ms
[340.678s][info][gc,cpu         ] GC(870) User=0.02s Sys=0.00s Real=0.00s
[341.088s][info][gc,start       ] GC(871) Pause Young (Normal) (G1 Evacuation Pause)
[341.088s][info][gc,task        ] GC(871) Using 33 workers of 33 for evacuation
[341.091s][info][gc,phases      ] GC(871)   Pre Evacuate Collection Set: 0.2ms
[341.092s][info][gc,phases      ] GC(871)   Merge Heap Roots: 0.2ms
[341.092s][info][gc,phases      ] GC(871)   Evacuate Collection Set: 0.4ms
[341.092s][info][gc,phases      ] GC(871)   Post Evacuate Collection Set: 2.4ms
[341.092s][info][gc,phases      ] GC(871)   Other: 0.1ms
[341.092s][info][gc,heap        ] GC(871) Eden regions: 330->0(330)
[341.092s][info][gc,heap        ] GC(871) Survivor regions: 1->1(42)
[341.092s][info][gc,heap        ] GC(871) Old regions: 26->26
[341.092s][info][gc,heap        ] GC(871) Archive regions: 0->0
[341.092s][info][gc,heap        ] GC(871) Humongous regions: 0->0
[341.092s][info][gc,metaspace   ] GC(871) Metaspace: 14324K(15168K)->14324K(15168K) NonClass: 12363K(12864K)->12363K(12864K) Class: 1961K(2304K)->1961K(2304K)
[341.092s][info][gc             ] GC(871) Pause Young (Normal) (G1 Evacuation Pause) 668M->8M(1104M) 3.469ms
[341.092s][info][gc,cpu         ] GC(871) User=0.00s Sys=0.00s Real=0.00s
[341.503s][info][gc,start       ] GC(872) Pause Young (Normal) (G1 Evacuation Pause)
[341.503s][info][gc,task        ] GC(872) Using 33 workers of 33 for evacuation
[341.506s][info][gc,phases      ] GC(872)   Pre Evacuate Collection Set: 0.2ms
[341.506s][info][gc,phases      ] GC(872)   Merge Heap Roots: 0.2ms
[341.506s][info][gc,phases      ] GC(872)   Evacuate Collection Set: 0.4ms
[341.506s][info][gc,phases      ] GC(872)   Post Evacuate Collection Set: 2.5ms
[341.506s][info][gc,phases      ] GC(872)   Other: 0.1ms
[341.506s][info][gc,heap        ] GC(872) Eden regions: 330->0(330)
[341.506s][info][gc,heap        ] GC(872) Survivor regions: 1->1(42)
[341.506s][info][gc,heap        ] GC(872) Old regions: 26->26
[341.506s][info][gc,heap        ] GC(872) Archive regions: 0->0
[341.506s][info][gc,heap        ] GC(872) Humongous regions: 0->0
[341.506s][info][gc,metaspace   ] GC(872) Metaspace: 14324K(15168K)->14324K(15168K) NonClass: 12363K(12864K)->12363K(12864K) Class: 1961K(2304K)->1961K(2304K)
[341.506s][info][gc             ] GC(872) Pause Young (Normal) (G1 Evacuation Pause) 668M->8M(1104M) 3.517ms
[341.506s][info][gc,cpu         ] GC(872) User=0.00s Sys=0.00s Real=0.00s
[341.920s][info][gc,start       ] GC(873) Pause Young (Normal) (G1 Evacuation Pause)
[341.920s][info][gc,task        ] GC(873) Using 33 workers of 33 for evacuation
[341.923s][info][gc,phases      ] GC(873)   Pre Evacuate Collection Set: 0.1ms
[341.923s][info][gc,phases      ] GC(873)   Merge Heap Roots: 0.1ms
[341.923s][info][gc,phases      ] GC(873)   Evacuate Collection Set: 0.4ms
[341.923s][info][gc,phases      ] GC(873)   Post Evacuate Collection Set: 2.5ms
[341.923s][info][gc,phases      ] GC(873)   Other: 0.1ms
[341.923s][info][gc,heap        ] GC(873) Eden regions: 330->0(330)
[341.923s][info][gc,heap        ] GC(873) Survivor regions: 1->1(42)
[341.923s][info][gc,heap        ] GC(873) Old regions: 26->26
[341.923s][info][gc,heap        ] GC(873) Archive regions: 0->0
[341.923s][info][gc,heap        ] GC(873) Humongous regions: 0->0
[341.923s][info][gc,metaspace   ] GC(873) Metaspace: 14324K(15168K)->14324K(15168K) NonClass: 12363K(12864K)->12363K(12864K) Class: 1961K(2304K)->1961K(2304K)
[341.924s][info][gc             ] GC(873) Pause Young (Normal) (G1 Evacuation Pause) 668M->8M(1104M) 3.564ms
[341.924s][info][gc,cpu         ] GC(873) User=0.00s Sys=0.00s Real=0.00s
[342.335s][info][gc,start       ] GC(874) Pause Young (Normal) (G1 Evacuation Pause)
[342.335s][info][gc,task        ] GC(874) Using 33 workers of 33 for evacuation
[342.339s][info][gc,phases      ] GC(874)   Pre Evacuate Collection Set: 0.2ms
[342.339s][info][gc,phases      ] GC(874)   Merge Heap Roots: 0.2ms
[342.339s][info][gc,phases      ] GC(874)   Evacuate Collection Set: 0.4ms
[342.339s][info][gc,phases      ] GC(874)   Post Evacuate Collection Set: 2.6ms
[342.339s][info][gc,phases      ] GC(874)   Other: 0.1ms
[342.339s][info][gc,heap        ] GC(874) Eden regions: 330->0(330)
[342.339s][info][gc,heap        ] GC(874) Survivor regions: 1->1(42)
[342.339s][info][gc,heap        ] GC(874) Old regions: 26->26
[342.339s][info][gc,heap        ] GC(874) Archive regions: 0->0
[342.339s][info][gc,heap        ] GC(874) Humongous regions: 0->0
[342.339s][info][gc,metaspace   ] GC(874) Metaspace: 14324K(15168K)->14324K(15168K) NonClass: 12363K(12864K)->12363K(12864K) Class: 1961K(2304K)->1961K(2304K)
[342.339s][info][gc             ] GC(874) Pause Young (Normal) (G1 Evacuation Pause) 668M->8M(1104M) 3.600ms
[342.339s][info][gc,cpu         ] GC(874) User=0.00s Sys=0.00s Real=0.00s
[342.750s][info][gc,start       ] GC(875) Pause Young (Normal) (G1 Evacuation Pause)
[342.750s][info][gc,task        ] GC(875) Using 33 workers of 33 for evacuation
[342.754s][info][gc,phases      ] GC(875)   Pre Evacuate Collection Set: 0.2ms
[342.754s][info][gc,phases      ] GC(875)   Merge Heap Roots: 0.2ms
[342.754s][info][gc,phases      ] GC(875)   Evacuate Collection Set: 0.4ms
[342.754s][info][gc,phases      ] GC(875)   Post Evacuate Collection Set: 2.6ms
[342.754s][info][gc,phases      ] GC(875)   Other: 0.1ms
[342.754s][info][gc,heap        ] GC(875) Eden regions: 330->0(330)
[342.754s][info][gc,heap        ] GC(875) Survivor regions: 1->1(42)
[342.754s][info][gc,heap        ] GC(875) Old regions: 26->26
[342.754s][info][gc,heap        ] GC(875) Archive regions: 0->0
[342.754s][info][gc,heap        ] GC(875) Humongous regions: 0->0
[342.754s][info][gc,metaspace   ] GC(875) Metaspace: 14324K(15168K)->14324K(15168K) NonClass: 12363K(12864K)->12363K(12864K) Class: 1961K(2304K)->1961K(2304K)
[342.754s][info][gc             ] GC(875) Pause Young (Normal) (G1 Evacuation Pause) 668M->8M(1104M) 3.641ms
[342.754s][info][gc,cpu         ] GC(875) User=0.52s Sys=0.00s Real=0.00s
[343.168s][info][gc,start       ] GC(876) Pause Young (Normal) (G1 Evacuation Pause)
[343.168s][info][gc,task        ] GC(876) Using 33 workers of 33 for evacuation
[343.172s][info][gc,phases      ] GC(876)   Pre Evacuate Collection Set: 0.2ms
[343.172s][info][gc,phases      ] GC(876)   Merge Heap Roots: 0.2ms
[343.172s][info][gc,phases      ] GC(876)   Evacuate Collection Set: 0.4ms
[343.172s][info][gc,phases      ] GC(876)   Post Evacuate Collection Set: 2.7ms
[343.172s][info][gc,phases      ] GC(876)   Other: 0.1ms
[343.172s][info][gc,heap        ] GC(876) Eden regions: 330->0(330)
[343.172s][info][gc,heap        ] GC(876) Survivor regions: 1->1(42)
[343.172s][info][gc,heap        ] GC(876) Old regions: 26->26
[343.172s][info][gc,heap        ] GC(876) Archive regions: 0->0
[343.172s][info][gc,heap        ] GC(876) Humongous regions: 0->0
[343.172s][info][gc,metaspace   ] GC(876) Metaspace: 14324K(15168K)->14324K(15168K) NonClass: 12363K(12864K)->12363K(12864K) Class: 1961K(2304K)->1961K(2304K)
[343.172s][info][gc             ] GC(876) Pause Young (Normal) (G1 Evacuation Pause) 668M->8M(1104M) 3.726ms
[343.172s][info][gc,cpu         ] GC(876) User=0.00s Sys=0.00s Real=0.00s
[343.587s][info][gc,start       ] GC(877) Pause Young (Normal) (G1 Evacuation Pause)
[343.587s][info][gc,task        ] GC(877) Using 33 workers of 33 for evacuation
[343.590s][info][gc,phases      ] GC(877)   Pre Evacuate Collection Set: 0.2ms
[343.590s][info][gc,phases      ] GC(877)   Merge Heap Roots: 0.2ms
[343.590s][info][gc,phases      ] GC(877)   Evacuate Collection Set: 0.4ms
[343.590s][info][gc,phases      ] GC(877)   Post Evacuate Collection Set: 2.7ms
[343.590s][info][gc,phases      ] GC(877)   Other: 0.1ms
[343.590s][info][gc,heap        ] GC(877) Eden regions: 330->0(330)
[343.590s][info][gc,heap        ] GC(877) Survivor regions: 1->1(42)
[343.590s][info][gc,heap        ] GC(877) Old regions: 26->26
[343.590s][info][gc,heap        ] GC(877) Archive regions: 0->0
[343.590s][info][gc,heap        ] GC(877) Humongous regions: 0->0
[343.590s][info][gc,metaspace   ] GC(877) Metaspace: 14324K(15168K)->14324K(15168K) NonClass: 12363K(12864K)->12363K(12864K) Class: 1961K(2304K)->1961K(2304K)
[343.590s][info][gc             ] GC(877) Pause Young (Normal) (G1 Evacuation Pause) 668M->9M(1104M) 3.802ms
[343.590s][info][gc,cpu         ] GC(877) User=0.00s Sys=0.00s Real=0.00s
[344.005s][info][gc,start       ] GC(878) Pause Young (Normal) (G1 Evacuation Pause)
[344.005s][info][gc,task        ] GC(878) Using 33 workers of 33 for evacuation
[344.008s][info][gc,phases      ] GC(878)   Pre Evacuate Collection Set: 0.2ms
[344.008s][info][gc,phases      ] GC(878)   Merge Heap Roots: 0.2ms
[344.008s][info][gc,phases      ] GC(878)   Evacuate Collection Set: 0.4ms
[344.008s][info][gc,phases      ] GC(878)   Post Evacuate Collection Set: 2.6ms
[344.008s][info][gc,phases      ] GC(878)   Other: 0.1ms
[344.008s][info][gc,heap        ] GC(878) Eden regions: 330->0(330)
[344.008s][info][gc,heap        ] GC(878) Survivor regions: 1->1(42)
[344.008s][info][gc,heap        ] GC(878) Old regions: 26->26
[344.008s][info][gc,heap        ] GC(878) Archive regions: 0->0
[344.008s][info][gc,heap        ] GC(878) Humongous regions: 0->0
[344.008s][info][gc,metaspace   ] GC(878) Metaspace: 14324K(15168K)->14324K(15168K) NonClass: 12363K(12864K)->12363K(12864K) Class: 1961K(2304K)->1961K(2304K)
[344.008s][info][gc             ] GC(878) Pause Young (Normal) (G1 Evacuation Pause) 669M->9M(1104M) 3.665ms
[344.008s][info][gc,cpu         ] GC(878) User=0.00s Sys=0.00s Real=0.00s
[344.437s][info][gc,start       ] GC(879) Pause Young (Normal) (G1 Evacuation Pause)
[344.437s][info][gc,task        ] GC(879) Using 33 workers of 33 for evacuation
[344.440s][info][gc,phases      ] GC(879)   Pre Evacuate Collection Set: 0.1ms
[344.440s][info][gc,phases      ] GC(879)   Merge Heap Roots: 0.1ms
[344.440s][info][gc,phases      ] GC(879)   Evacuate Collection Set: 0.4ms
[344.440s][info][gc,phases      ] GC(879)   Post Evacuate Collection Set: 2.2ms
[344.440s][info][gc,phases      ] GC(879)   Other: 0.1ms
[344.440s][info][gc,heap        ] GC(879) Eden regions: 330->0(330)
[344.440s][info][gc,heap        ] GC(879) Survivor regions: 1->1(42)
[344.440s][info][gc,heap        ] GC(879) Old regions: 26->26
[344.440s][info][gc,heap        ] GC(879) Archive regions: 0->0
[344.440s][info][gc,heap        ] GC(879) Humongous regions: 0->0
[344.440s][info][gc,metaspace   ] GC(879) Metaspace: 14324K(15168K)->14324K(15168K) NonClass: 12363K(12864K)->12363K(12864K) Class: 1961K(2304K)->1961K(2304K)
[344.440s][info][gc             ] GC(879) Pause Young (Normal) (G1 Evacuation Pause) 669M->9M(1104M) 3.242ms
[344.440s][info][gc,cpu         ] GC(879) User=0.00s Sys=0.00s Real=0.00s
[344.917s][info][gc,start       ] GC(880) Pause Young (Normal) (G1 Evacuation Pause)
[344.917s][info][gc,task        ] GC(880) Using 33 workers of 33 for evacuation
[344.920s][info][gc,phases      ] GC(880)   Pre Evacuate Collection Set: 0.1ms
[344.920s][info][gc,phases      ] GC(880)   Merge Heap Roots: 0.2ms
[344.920s][info][gc,phases      ] GC(880)   Evacuate Collection Set: 0.4ms
[344.920s][info][gc,phases      ] GC(880)   Post Evacuate Collection Set: 2.3ms
[344.920s][info][gc,phases      ] GC(880)   Other: 0.1ms
[344.920s][info][gc,heap        ] GC(880) Eden regions: 330->0(330)
[344.920s][info][gc,heap        ] GC(880) Survivor regions: 1->1(42)
[344.920s][info][gc,heap        ] GC(880) Old regions: 26->26
[344.920s][info][gc,heap        ] GC(880) Archive regions: 0->0
[344.920s][info][gc,heap        ] GC(880) Humongous regions: 0->0
[344.920s][info][gc,metaspace   ] GC(880) Metaspace: 14324K(15168K)->14324K(15168K) NonClass: 12363K(12864K)->12363K(12864K) Class: 1961K(2304K)->1961K(2304K)
[344.920s][info][gc             ] GC(880) Pause Young (Normal) (G1 Evacuation Pause) 669M->9M(1104M) 3.404ms
[344.920s][info][gc,cpu         ] GC(880) User=0.00s Sys=0.00s Real=0.00s
[345.272s][info][gc,start       ] GC(881) Pause Full (System.gc())
[345.272s][info][gc,task        ] GC(881) Using 29 workers of 33 for full compaction
[345.273s][info][gc,phases,start] GC(881) Phase 1: Mark live objects
[345.284s][info][gc,phases      ] GC(881) Phase 1: Mark live objects 11.066ms
[345.284s][info][gc,phases,start] GC(881) Phase 2: Prepare compaction
[345.286s][info][gc,phases      ] GC(881) Phase 2: Prepare compaction 1.905ms
[345.286s][info][gc,phases,start] GC(881) Phase 3: Adjust pointers
[345.291s][info][gc,phases      ] GC(881) Phase 3: Adjust pointers 4.880ms
[345.291s][info][gc,phases,start] GC(881) Phase 4: Compact heap
[345.291s][info][gc,phases      ] GC(881) Phase 4: Compact heap 0.596ms
[345.296s][info][gc,heap        ] GC(881) Eden regions: 261->0(50)
[345.296s][info][gc,heap        ] GC(881) Survivor regions: 1->0(42)
[345.296s][info][gc,heap        ] GC(881) Old regions: 26->25
[345.296s][info][gc,heap        ] GC(881) Archive regions: 0->0
[345.296s][info][gc,heap        ] GC(881) Humongous regions: 0->0
[345.296s][info][gc,metaspace   ] GC(881) Metaspace: 14324K(15168K)->14324K(15168K) NonClass: 12363K(12864K)->12363K(12864K) Class: 1961K(2304K)->1961K(2304K)
[345.296s][info][gc             ] GC(881) Pause Full (System.gc()) 530M->5M(168M) 24.141ms
[345.296s][info][gc,cpu         ] GC(881) User=0.45s Sys=0.00s Real=0.02s
[345.367s][info][gc,start       ] GC(882) Pause Young (Normal) (G1 Evacuation Pause)
[345.367s][info][gc,task        ] GC(882) Using 33 workers of 33 for evacuation
[345.369s][info][gc,phases      ] GC(882)   Pre Evacuate Collection Set: 0.1ms
[345.369s][info][gc,phases      ] GC(882)   Merge Heap Roots: 0.1ms
[345.369s][info][gc,phases      ] GC(882)   Evacuate Collection Set: 0.4ms
[345.369s][info][gc,phases      ] GC(882)   Post Evacuate Collection Set: 1.9ms
[345.370s][info][gc,phases      ] GC(882)   Other: 0.1ms
[345.370s][info][gc,heap        ] GC(882) Eden regions: 50->0(49)
[345.370s][info][gc,heap        ] GC(882) Survivor regions: 0->1(7)
[345.370s][info][gc,heap        ] GC(882) Old regions: 25->25
[345.370s][info][gc,heap        ] GC(882) Archive regions: 0->0
[345.370s][info][gc,heap        ] GC(882) Humongous regions: 0->0
[345.370s][info][gc,metaspace   ] GC(882) Metaspace: 14324K(15168K)->14324K(15168K) NonClass: 12363K(12864K)->12363K(12864K) Class: 1961K(2304K)->1961K(2304K)
[345.370s][info][gc             ] GC(882) Pause Young (Normal) (G1 Evacuation Pause) 105M->6M(168M) 2.804ms
[345.370s][info][gc,cpu         ] GC(882) User=0.00s Sys=0.00s Real=0.00s
[345.439s][info][gc,start       ] GC(883) Pause Young (Normal) (G1 Evacuation Pause)
[345.440s][info][gc,task        ] GC(883) Using 33 workers of 33 for evacuation
[345.442s][info][gc,phases      ] GC(883)   Pre Evacuate Collection Set: 0.1ms
[345.442s][info][gc,phases      ] GC(883)   Merge Heap Roots: 0.1ms
[345.442s][info][gc,phases      ] GC(883)   Evacuate Collection Set: 0.5ms
[345.442s][info][gc,phases      ] GC(883)   Post Evacuate Collection Set: 1.9ms
[345.442s][info][gc,phases      ] GC(883)   Other: 0.1ms
[345.442s][info][gc,heap        ] GC(883) Eden regions: 49->0(49)
[345.442s][info][gc,heap        ] GC(883) Survivor regions: 1->1(7)
[345.442s][info][gc,heap        ] GC(883) Old regions: 25->25
[345.442s][info][gc,heap        ] GC(883) Archive regions: 0->0
[345.442s][info][gc,heap        ] GC(883) Humongous regions: 0->0
[345.442s][info][gc,metaspace   ] GC(883) Metaspace: 14324K(15168K)->14324K(15168K) NonClass: 12363K(12864K)->12363K(12864K) Class: 1961K(2304K)->1961K(2304K)
[345.442s][info][gc             ] GC(883) Pause Young (Normal) (G1 Evacuation Pause) 104M->6M(168M) 2.936ms
[345.442s][info][gc,cpu         ] GC(883) User=0.52s Sys=0.00s Real=0.00s
[345.516s][info][gc,start       ] GC(884) Pause Young (Normal) (G1 Evacuation Pause)
[345.516s][info][gc,task        ] GC(884) Using 33 workers of 33 for evacuation
[345.519s][info][gc,phases      ] GC(884)   Pre Evacuate Collection Set: 0.1ms
[345.519s][info][gc,phases      ] GC(884)   Merge Heap Roots: 0.1ms
[345.519s][info][gc,phases      ] GC(884)   Evacuate Collection Set: 0.4ms
[345.519s][info][gc,phases      ] GC(884)   Post Evacuate Collection Set: 1.9ms
[345.519s][info][gc,phases      ] GC(884)   Other: 0.1ms
[345.519s][info][gc,heap        ] GC(884) Eden regions: 49->0(49)
[345.519s][info][gc,heap        ] GC(884) Survivor regions: 1->1(7)
[345.519s][info][gc,heap        ] GC(884) Old regions: 25->25
[345.519s][info][gc,heap        ] GC(884) Archive regions: 0->0
[345.519s][info][gc,heap        ] GC(884) Humongous regions: 0->0
[345.519s][info][gc,metaspace   ] GC(884) Metaspace: 14324K(15168K)->14324K(15168K) NonClass: 12363K(12864K)->12363K(12864K) Class: 1961K(2304K)->1961K(2304K)
[345.519s][info][gc             ] GC(884) Pause Young (Normal) (G1 Evacuation Pause) 104M->6M(168M) 2.805ms
[345.519s][info][gc,cpu         ] GC(884) User=0.02s Sys=0.00s Real=0.00s
[345.600s][info][gc,start       ] GC(885) Pause Young (Normal) (G1 Evacuation Pause)
[345.600s][info][gc,task        ] GC(885) Using 33 workers of 33 for evacuation
[345.607s][info][gc,phases      ] GC(885)   Pre Evacuate Collection Set: 0.1ms
[345.607s][info][gc,phases      ] GC(885)   Merge Heap Roots: 0.1ms
[345.608s][info][gc,phases      ] GC(885)   Evacuate Collection Set: 0.5ms
[345.608s][info][gc,phases      ] GC(885)   Post Evacuate Collection Set: 6.8ms
[345.608s][info][gc,phases      ] GC(885)   Other: 0.1ms
[345.608s][info][gc,heap        ] GC(885) Eden regions: 49->0(331)
[345.608s][info][gc,heap        ] GC(885) Survivor regions: 1->1(7)
[345.608s][info][gc,heap        ] GC(885) Old regions: 25->25
[345.608s][info][gc,heap        ] GC(885) Archive regions: 0->0
[345.608s][info][gc,heap        ] GC(885) Humongous regions: 0->0
[345.608s][info][gc,metaspace   ] GC(885) Metaspace: 14324K(15168K)->14324K(15168K) NonClass: 12363K(12864K)->12363K(12864K) Class: 1961K(2304K)->1961K(2304K)
[345.608s][info][gc             ] GC(885) Pause Young (Normal) (G1 Evacuation Pause) 104M->6M(1108M) 7.978ms
[345.608s][info][gc,cpu         ] GC(885) User=0.00s Sys=0.00s Real=0.01s
[346.064s][info][gc,start       ] GC(886) Pause Young (Normal) (G1 Evacuation Pause)
[346.064s][info][gc,task        ] GC(886) Using 33 workers of 33 for evacuation
[346.068s][info][gc,phases      ] GC(886)   Pre Evacuate Collection Set: 0.1ms
[346.068s][info][gc,phases      ] GC(886)   Merge Heap Roots: 0.1ms
[346.068s][info][gc,phases      ] GC(886)   Evacuate Collection Set: 1.7ms
[346.068s][info][gc,phases      ] GC(886)   Post Evacuate Collection Set: 2.4ms
[346.068s][info][gc,phases      ] GC(886)   Other: 0.1ms
[346.068s][info][gc,heap        ] GC(886) Eden regions: 331->0(331)
[346.068s][info][gc,heap        ] GC(886) Survivor regions: 1->1(42)
[346.068s][info][gc,heap        ] GC(886) Old regions: 25->25
[346.068s][info][gc,heap        ] GC(886) Archive regions: 0->0
[346.068s][info][gc,heap        ] GC(886) Humongous regions: 0->0
[346.068s][info][gc,metaspace   ] GC(886) Metaspace: 14324K(15168K)->14324K(15168K) NonClass: 12363K(12864K)->12363K(12864K) Class: 1961K(2304K)->1961K(2304K)
[346.068s][info][gc             ] GC(886) Pause Young (Normal) (G1 Evacuation Pause) 668M->6M(1108M) 4.761ms
[346.068s][info][gc,cpu         ] GC(886) User=0.52s Sys=0.00s Real=0.01s
[346.488s][info][gc,start       ] GC(887) Pause Young (Normal) (G1 Evacuation Pause)
[346.488s][info][gc,task        ] GC(887) Using 33 workers of 33 for evacuation
[346.493s][info][gc,phases      ] GC(887)   Pre Evacuate Collection Set: 0.2ms
[346.493s][info][gc,phases      ] GC(887)   Merge Heap Roots: 0.1ms
[346.493s][info][gc,phases      ] GC(887)   Evacuate Collection Set: 2.0ms
[346.493s][info][gc,phases      ] GC(887)   Post Evacuate Collection Set: 2.5ms
[346.493s][info][gc,phases      ] GC(887)   Other: 0.1ms
[346.493s][info][gc,heap        ] GC(887) Eden regions: 331->0(331)
[346.493s][info][gc,heap        ] GC(887) Survivor regions: 1->1(42)
[346.493s][info][gc,heap        ] GC(887) Old regions: 25->25
[346.493s][info][gc,heap        ] GC(887) Archive regions: 0->0
[346.493s][info][gc,heap        ] GC(887) Humongous regions: 0->0
[346.493s][info][gc,metaspace   ] GC(887) Metaspace: 14324K(15168K)->14324K(15168K) NonClass: 12363K(12864K)->12363K(12864K) Class: 1961K(2304K)->1961K(2304K)
[346.493s][info][gc             ] GC(887) Pause Young (Normal) (G1 Evacuation Pause) 668M->6M(1108M) 5.107ms
[346.494s][info][gc,cpu         ] GC(887) User=0.00s Sys=0.00s Real=0.01s
[346.900s][info][gc,start       ] GC(888) Pause Young (Normal) (G1 Evacuation Pause)
[346.900s][info][gc,task        ] GC(888) Using 33 workers of 33 for evacuation
[346.904s][info][gc,phases      ] GC(888)   Pre Evacuate Collection Set: 0.2ms
[346.904s][info][gc,phases      ] GC(888)   Merge Heap Roots: 0.1ms
[346.904s][info][gc,phases      ] GC(888)   Evacuate Collection Set: 0.5ms
[346.904s][info][gc,phases      ] GC(888)   Post Evacuate Collection Set: 2.5ms
[346.904s][info][gc,phases      ] GC(888)   Other: 0.1ms
[346.904s][info][gc,heap        ] GC(888) Eden regions: 331->0(331)
[346.904s][info][gc,heap        ] GC(888) Survivor regions: 1->1(42)
[346.904s][info][gc,heap        ] GC(888) Old regions: 25->25
[346.904s][info][gc,heap        ] GC(888) Archive regions: 0->0
[346.904s][info][gc,heap        ] GC(888) Humongous regions: 0->0
[346.904s][info][gc,metaspace   ] GC(888) Metaspace: 14324K(15168K)->14324K(15168K) NonClass: 12363K(12864K)->12363K(12864K) Class: 1961K(2304K)->1961K(2304K)
[346.904s][info][gc             ] GC(888) Pause Young (Normal) (G1 Evacuation Pause) 668M->6M(1108M) 3.623ms
[346.904s][info][gc,cpu         ] GC(888) User=0.00s Sys=0.00s Real=0.00s
[347.317s][info][gc,start       ] GC(889) Pause Young (Normal) (G1 Evacuation Pause)
[347.317s][info][gc,task        ] GC(889) Using 33 workers of 33 for evacuation
[347.321s][info][gc,phases      ] GC(889)   Pre Evacuate Collection Set: 0.2ms
[347.321s][info][gc,phases      ] GC(889)   Merge Heap Roots: 0.2ms
[347.321s][info][gc,phases      ] GC(889)   Evacuate Collection Set: 0.6ms
[347.321s][info][gc,phases      ] GC(889)   Post Evacuate Collection Set: 2.6ms
[347.321s][info][gc,phases      ] GC(889)   Other: 0.1ms
[347.321s][info][gc,heap        ] GC(889) Eden regions: 331->0(331)
[347.321s][info][gc,heap        ] GC(889) Survivor regions: 1->1(42)
[347.321s][info][gc,heap        ] GC(889) Old regions: 25->25
[347.321s][info][gc,heap        ] GC(889) Archive regions: 0->0
[347.321s][info][gc,heap        ] GC(889) Humongous regions: 0->0
[347.321s][info][gc,metaspace   ] GC(889) Metaspace: 14324K(15168K)->14324K(15168K) NonClass: 12363K(12864K)->12363K(12864K) Class: 1961K(2304K)->1961K(2304K)
[347.321s][info][gc             ] GC(889) Pause Young (Normal) (G1 Evacuation Pause) 668M->7M(1108M) 3.887ms
[347.321s][info][gc,cpu         ] GC(889) User=0.00s Sys=0.00s Real=0.00s
[347.739s][info][gc,start       ] GC(890) Pause Young (Normal) (G1 Evacuation Pause)
[347.739s][info][gc,task        ] GC(890) Using 33 workers of 33 for evacuation
[347.743s][info][gc,phases      ] GC(890)   Pre Evacuate Collection Set: 0.1ms
[347.743s][info][gc,phases      ] GC(890)   Merge Heap Roots: 0.1ms
[347.743s][info][gc,phases      ] GC(890)   Evacuate Collection Set: 0.5ms
[347.743s][info][gc,phases      ] GC(890)   Post Evacuate Collection Set: 2.6ms
[347.743s][info][gc,phases      ] GC(890)   Other: 0.1ms
[347.743s][info][gc,heap        ] GC(890) Eden regions: 331->0(331)
[347.743s][info][gc,heap        ] GC(890) Survivor regions: 1->1(42)
[347.743s][info][gc,heap        ] GC(890) Old regions: 25->25
[347.743s][info][gc,heap        ] GC(890) Archive regions: 0->0
[347.743s][info][gc,heap        ] GC(890) Humongous regions: 0->0
[347.743s][info][gc,metaspace   ] GC(890) Metaspace: 14324K(15168K)->14324K(15168K) NonClass: 12363K(12864K)->12363K(12864K) Class: 1961K(2304K)->1961K(2304K)
[347.743s][info][gc             ] GC(890) Pause Young (Normal) (G1 Evacuation Pause) 669M->7M(1108M) 3.806ms
[347.743s][info][gc,cpu         ] GC(890) User=0.00s Sys=0.00s Real=0.00s
[348.161s][info][gc,start       ] GC(891) Pause Young (Normal) (G1 Evacuation Pause)
[348.161s][info][gc,task        ] GC(891) Using 33 workers of 33 for evacuation
[348.165s][info][gc,phases      ] GC(891)   Pre Evacuate Collection Set: 0.2ms
[348.165s][info][gc,phases      ] GC(891)   Merge Heap Roots: 0.1ms
[348.165s][info][gc,phases      ] GC(891)   Evacuate Collection Set: 0.6ms
[348.165s][info][gc,phases      ] GC(891)   Post Evacuate Collection Set: 2.7ms
[348.165s][info][gc,phases      ] GC(891)   Other: 0.1ms
[348.165s][info][gc,heap        ] GC(891) Eden regions: 331->0(331)
[348.165s][info][gc,heap        ] GC(891) Survivor regions: 1->1(42)
[348.165s][info][gc,heap        ] GC(891) Old regions: 25->25
[348.165s][info][gc,heap        ] GC(891) Archive regions: 0->0
[348.165s][info][gc,heap        ] GC(891) Humongous regions: 0->0
[348.165s][info][gc,metaspace   ] GC(891) Metaspace: 14324K(15168K)->14324K(15168K) NonClass: 12363K(12864K)->12363K(12864K) Class: 1961K(2304K)->1961K(2304K)
[348.165s][info][gc             ] GC(891) Pause Young (Normal) (G1 Evacuation Pause) 669M->7M(1108M) 3.979ms
[348.165s][info][gc,cpu         ] GC(891) User=0.00s Sys=0.00s Real=0.00s
[348.675s][info][gc,start       ] GC(892) Pause Young (Normal) (G1 Evacuation Pause)
[348.675s][info][gc,task        ] GC(892) Using 33 workers of 33 for evacuation
[348.681s][info][gc,phases      ] GC(892)   Pre Evacuate Collection Set: 0.2ms
[348.681s][info][gc,phases      ] GC(892)   Merge Heap Roots: 0.2ms
[348.681s][info][gc,phases      ] GC(892)   Evacuate Collection Set: 1.1ms
[348.681s][info][gc,phases      ] GC(892)   Post Evacuate Collection Set: 3.5ms
[348.681s][info][gc,phases      ] GC(892)   Other: 0.2ms
[348.681s][info][gc,heap        ] GC(892) Eden regions: 331->0(331)
[348.681s][info][gc,heap        ] GC(892) Survivor regions: 1->1(42)
[348.681s][info][gc,heap        ] GC(892) Old regions: 25->25
[348.681s][info][gc,heap        ] GC(892) Archive regions: 0->0
[348.681s][info][gc,heap        ] GC(892) Humongous regions: 0->0
[348.681s][info][gc,metaspace   ] GC(892) Metaspace: 14324K(15168K)->14324K(15168K) NonClass: 12363K(12864K)->12363K(12864K) Class: 1961K(2304K)->1961K(2304K)
[348.681s][info][gc             ] GC(892) Pause Young (Normal) (G1 Evacuation Pause) 669M->7M(1108M) 5.779ms
[348.681s][info][gc,cpu         ] GC(892) User=0.00s Sys=0.00s Real=0.00s
[349.106s][info][gc,start       ] GC(893) Pause Young (Normal) (G1 Evacuation Pause)
[349.106s][info][gc,task        ] GC(893) Using 33 workers of 33 for evacuation
[349.109s][info][gc,phases      ] GC(893)   Pre Evacuate Collection Set: 0.1ms
[349.109s][info][gc,phases      ] GC(893)   Merge Heap Roots: 0.1ms
[349.109s][info][gc,phases      ] GC(893)   Evacuate Collection Set: 0.7ms
[349.109s][info][gc,phases      ] GC(893)   Post Evacuate Collection Set: 2.4ms
[349.109s][info][gc,phases      ] GC(893)   Other: 0.1ms
[349.109s][info][gc,heap        ] GC(893) Eden regions: 331->0(330)
[349.109s][info][gc,heap        ] GC(893) Survivor regions: 1->2(42)
[349.109s][info][gc,heap        ] GC(893) Old regions: 25->25
[349.109s][info][gc,heap        ] GC(893) Archive regions: 0->0
[349.109s][info][gc,heap        ] GC(893) Humongous regions: 0->0
[349.109s][info][gc,metaspace   ] GC(893) Metaspace: 14324K(15168K)->14324K(15168K) NonClass: 12363K(12864K)->12363K(12864K) Class: 1961K(2304K)->1961K(2304K)
[349.109s][info][gc             ] GC(893) Pause Young (Normal) (G1 Evacuation Pause) 669M->7M(1108M) 3.743ms
[349.109s][info][gc,cpu         ] GC(893) User=0.00s Sys=0.00s Real=0.00s
[349.526s][info][gc,start       ] GC(894) Pause Young (Normal) (G1 Evacuation Pause)
[349.526s][info][gc,task        ] GC(894) Using 33 workers of 33 for evacuation
[349.530s][info][gc,phases      ] GC(894)   Pre Evacuate Collection Set: 0.1ms
[349.530s][info][gc,phases      ] GC(894)   Merge Heap Roots: 0.1ms
[349.530s][info][gc,phases      ] GC(894)   Evacuate Collection Set: 1.0ms
[349.530s][info][gc,phases      ] GC(894)   Post Evacuate Collection Set: 2.5ms
[349.530s][info][gc,phases      ] GC(894)   Other: 0.1ms
[349.530s][info][gc,heap        ] GC(894) Eden regions: 330->0(330)
[349.530s][info][gc,heap        ] GC(894) Survivor regions: 2->2(42)
[349.530s][info][gc,heap        ] GC(894) Old regions: 25->25
[349.530s][info][gc,heap        ] GC(894) Archive regions: 0->0
[349.530s][info][gc,heap        ] GC(894) Humongous regions: 0->0
[349.530s][info][gc,metaspace   ] GC(894) Metaspace: 14324K(15168K)->14324K(15168K) NonClass: 12363K(12864K)->12363K(12864K) Class: 1961K(2304K)->1961K(2304K)
[349.530s][info][gc             ] GC(894) Pause Young (Normal) (G1 Evacuation Pause) 667M->7M(1108M) 4.155ms
[349.530s][info][gc,cpu         ] GC(894) User=0.00s Sys=0.00s Real=0.00s
[349.945s][info][gc,start       ] GC(895) Pause Young (Normal) (G1 Evacuation Pause)
[349.946s][info][gc,task        ] GC(895) Using 33 workers of 33 for evacuation
[349.949s][info][gc,phases      ] GC(895)   Pre Evacuate Collection Set: 0.1ms
[349.949s][info][gc,phases      ] GC(895)   Merge Heap Roots: 0.1ms
[349.949s][info][gc,phases      ] GC(895)   Evacuate Collection Set: 0.8ms
[349.949s][info][gc,phases      ] GC(895)   Post Evacuate Collection Set: 2.3ms
[349.949s][info][gc,phases      ] GC(895)   Other: 0.1ms
[349.949s][info][gc,heap        ] GC(895) Eden regions: 330->0(330)
[349.949s][info][gc,heap        ] GC(895) Survivor regions: 2->2(42)
[349.949s][info][gc,heap        ] GC(895) Old regions: 25->25
[349.949s][info][gc,heap        ] GC(895) Archive regions: 0->0
[349.949s][info][gc,heap        ] GC(895) Humongous regions: 0->0
[349.949s][info][gc,metaspace   ] GC(895) Metaspace: 14324K(15168K)->14324K(15168K) NonClass: 12363K(12864K)->12363K(12864K) Class: 1961K(2304K)->1961K(2304K)
[349.949s][info][gc             ] GC(895) Pause Young (Normal) (G1 Evacuation Pause) 667M->7M(1108M) 3.687ms
[349.949s][info][gc,cpu         ] GC(895) User=0.00s Sys=0.00s Real=0.00s
[350.360s][info][gc,start       ] GC(896) Pause Young (Normal) (G1 Evacuation Pause)
[350.360s][info][gc,task        ] GC(896) Using 33 workers of 33 for evacuation
[350.363s][info][gc,phases      ] GC(896)   Pre Evacuate Collection Set: 0.1ms
[350.363s][info][gc,phases      ] GC(896)   Merge Heap Roots: 0.1ms
[350.363s][info][gc,phases      ] GC(896)   Evacuate Collection Set: 0.5ms
[350.363s][info][gc,phases      ] GC(896)   Post Evacuate Collection Set: 2.3ms
[350.363s][info][gc,phases      ] GC(896)   Other: 0.1ms
[350.363s][info][gc,heap        ] GC(896) Eden regions: 330->0(330)
[350.363s][info][gc,heap        ] GC(896) Survivor regions: 2->2(42)
[350.363s][info][gc,heap        ] GC(896) Old regions: 25->25
[350.363s][info][gc,heap        ] GC(896) Archive regions: 0->0
[350.363s][info][gc,heap        ] GC(896) Humongous regions: 0->0
[350.363s][info][gc,metaspace   ] GC(896) Metaspace: 14324K(15168K)->14324K(15168K) NonClass: 12363K(12864K)->12363K(12864K) Class: 1961K(2304K)->1961K(2304K)
[350.363s][info][gc             ] GC(896) Pause Young (Normal) (G1 Evacuation Pause) 667M->7M(1108M) 3.492ms
[350.363s][info][gc,cpu         ] GC(896) User=0.00s Sys=0.00s Real=0.00s
[350.775s][info][gc,start       ] GC(897) Pause Young (Normal) (G1 Evacuation Pause)
[350.775s][info][gc,task        ] GC(897) Using 33 workers of 33 for evacuation
[350.778s][info][gc,phases      ] GC(897)   Pre Evacuate Collection Set: 0.2ms
[350.778s][info][gc,phases      ] GC(897)   Merge Heap Roots: 0.1ms
[350.778s][info][gc,phases      ] GC(897)   Evacuate Collection Set: 0.6ms
[350.778s][info][gc,phases      ] GC(897)   Post Evacuate Collection Set: 2.4ms
[350.778s][info][gc,phases      ] GC(897)   Other: 0.1ms
[350.778s][info][gc,heap        ] GC(897) Eden regions: 330->0(331)
[350.778s][info][gc,heap        ] GC(897) Survivor regions: 2->1(42)
[350.778s][info][gc,heap        ] GC(897) Old regions: 25->26
[350.778s][info][gc,heap        ] GC(897) Archive regions: 0->0
[350.778s][info][gc,heap        ] GC(897) Humongous regions: 0->0
[350.778s][info][gc,metaspace   ] GC(897) Metaspace: 14324K(15168K)->14324K(15168K) NonClass: 12363K(12864K)->12363K(12864K) Class: 1961K(2304K)->1961K(2304K)
[350.778s][info][gc             ] GC(897) Pause Young (Normal) (G1 Evacuation Pause) 667M->7M(1108M) 3.682ms
[350.778s][info][gc,cpu         ] GC(897) User=0.00s Sys=0.00s Real=0.00s
[351.192s][info][gc,start       ] GC(898) Pause Young (Normal) (G1 Evacuation Pause)
[351.192s][info][gc,task        ] GC(898) Using 33 workers of 33 for evacuation
[351.195s][info][gc,phases      ] GC(898)   Pre Evacuate Collection Set: 0.2ms
[351.195s][info][gc,phases      ] GC(898)   Merge Heap Roots: 0.2ms
[351.195s][info][gc,phases      ] GC(898)   Evacuate Collection Set: 0.4ms
[351.195s][info][gc,phases      ] GC(898)   Post Evacuate Collection Set: 2.5ms
[351.195s][info][gc,phases      ] GC(898)   Other: 0.1ms
[351.195s][info][gc,heap        ] GC(898) Eden regions: 331->0(331)
[351.195s][info][gc,heap        ] GC(898) Survivor regions: 1->1(42)
[351.195s][info][gc,heap        ] GC(898) Old regions: 26->26
[351.195s][info][gc,heap        ] GC(898) Archive regions: 0->0
[351.195s][info][gc,heap        ] GC(898) Humongous regions: 0->0
[351.195s][info][gc,metaspace   ] GC(898) Metaspace: 14324K(15168K)->14324K(15168K) NonClass: 12363K(12864K)->12363K(12864K) Class: 1961K(2304K)->1961K(2304K)
[351.195s][info][gc             ] GC(898) Pause Young (Normal) (G1 Evacuation Pause) 669M->7M(1108M) 3.522ms
[351.195s][info][gc,cpu         ] GC(898) User=0.00s Sys=0.00s Real=0.00s
[351.607s][info][gc,start       ] GC(899) Pause Young (Normal) (G1 Evacuation Pause)
[351.607s][info][gc,task        ] GC(899) Using 33 workers of 33 for evacuation
[351.610s][info][gc,phases      ] GC(899)   Pre Evacuate Collection Set: 0.2ms
[351.610s][info][gc,phases      ] GC(899)   Merge Heap Roots: 0.1ms
[351.610s][info][gc,phases      ] GC(899)   Evacuate Collection Set: 0.4ms
[351.610s][info][gc,phases      ] GC(899)   Post Evacuate Collection Set: 2.5ms
[351.610s][info][gc,phases      ] GC(899)   Other: 0.1ms
[351.610s][info][gc,heap        ] GC(899) Eden regions: 331->0(331)
[351.610s][info][gc,heap        ] GC(899) Survivor regions: 1->1(42)
[351.610s][info][gc,heap        ] GC(899) Old regions: 26->26
[351.610s][info][gc,heap        ] GC(899) Archive regions: 0->0
[351.610s][info][gc,heap        ] GC(899) Humongous regions: 0->0
[351.610s][info][gc,metaspace   ] GC(899) Metaspace: 14324K(15168K)->14324K(15168K) NonClass: 12363K(12864K)->12363K(12864K) Class: 1961K(2304K)->1961K(2304K)
[351.610s][info][gc             ] GC(899) Pause Young (Normal) (G1 Evacuation Pause) 669M->7M(1108M) 3.599ms
[351.610s][info][gc,cpu         ] GC(899) User=0.00s Sys=0.00s Real=0.00s
[352.022s][info][gc,start       ] GC(900) Pause Young (Normal) (G1 Evacuation Pause)
[352.022s][info][gc,task        ] GC(900) Using 33 workers of 33 for evacuation
[352.025s][info][gc,phases      ] GC(900)   Pre Evacuate Collection Set: 0.2ms
[352.026s][info][gc,phases      ] GC(900)   Merge Heap Roots: 0.1ms
[352.026s][info][gc,phases      ] GC(900)   Evacuate Collection Set: 0.4ms
[352.026s][info][gc,phases      ] GC(900)   Post Evacuate Collection Set: 2.6ms
[352.026s][info][gc,phases      ] GC(900)   Other: 0.1ms
[352.026s][info][gc,heap        ] GC(900) Eden regions: 331->0(331)
[352.026s][info][gc,heap        ] GC(900) Survivor regions: 1->1(42)
[352.026s][info][gc,heap        ] GC(900) Old regions: 26->26
[352.026s][info][gc,heap        ] GC(900) Archive regions: 0->0
[352.026s][info][gc,heap        ] GC(900) Humongous regions: 0->0
[352.026s][info][gc,metaspace   ] GC(900) Metaspace: 14324K(15168K)->14324K(15168K) NonClass: 12363K(12864K)->12363K(12864K) Class: 1961K(2304K)->1961K(2304K)
[352.026s][info][gc             ] GC(900) Pause Young (Normal) (G1 Evacuation Pause) 669M->7M(1108M) 3.578ms
[352.026s][info][gc,cpu         ] GC(900) User=0.00s Sys=0.00s Real=0.00s
[352.440s][info][gc,start       ] GC(901) Pause Young (Normal) (G1 Evacuation Pause)
[352.440s][info][gc,task        ] GC(901) Using 33 workers of 33 for evacuation
[352.444s][info][gc,phases      ] GC(901)   Pre Evacuate Collection Set: 0.2ms
[352.444s][info][gc,phases      ] GC(901)   Merge Heap Roots: 0.2ms
[352.444s][info][gc,phases      ] GC(901)   Evacuate Collection Set: 0.4ms
[352.444s][info][gc,phases      ] GC(901)   Post Evacuate Collection Set: 2.6ms
[352.444s][info][gc,phases      ] GC(901)   Other: 0.1ms
[352.444s][info][gc,heap        ] GC(901) Eden regions: 331->0(331)
[352.444s][info][gc,heap        ] GC(901) Survivor regions: 1->1(42)
[352.444s][info][gc,heap        ] GC(901) Old regions: 26->26
[352.444s][info][gc,heap        ] GC(901) Archive regions: 0->0
[352.444s][info][gc,heap        ] GC(901) Humongous regions: 0->0
[352.444s][info][gc,metaspace   ] GC(901) Metaspace: 14324K(15168K)->14324K(15168K) NonClass: 12363K(12864K)->12363K(12864K) Class: 1961K(2304K)->1961K(2304K)
[352.444s][info][gc             ] GC(901) Pause Young (Normal) (G1 Evacuation Pause) 669M->7M(1108M) 3.754ms
[352.444s][info][gc,cpu         ] GC(901) User=0.52s Sys=0.00s Real=0.00s
[352.857s][info][gc,start       ] GC(902) Pause Young (Normal) (G1 Evacuation Pause)
[352.857s][info][gc,task        ] GC(902) Using 33 workers of 33 for evacuation
[352.860s][info][gc,phases      ] GC(902)   Pre Evacuate Collection Set: 0.2ms
[352.860s][info][gc,phases      ] GC(902)   Merge Heap Roots: 0.2ms
[352.860s][info][gc,phases      ] GC(902)   Evacuate Collection Set: 0.4ms
[352.860s][info][gc,phases      ] GC(902)   Post Evacuate Collection Set: 2.5ms
[352.860s][info][gc,phases      ] GC(902)   Other: 0.1ms
[352.860s][info][gc,heap        ] GC(902) Eden regions: 331->0(331)
[352.860s][info][gc,heap        ] GC(902) Survivor regions: 1->1(42)
[352.860s][info][gc,heap        ] GC(902) Old regions: 26->26
[352.860s][info][gc,heap        ] GC(902) Archive regions: 0->0
[352.860s][info][gc,heap        ] GC(902) Humongous regions: 0->0
[352.860s][info][gc,metaspace   ] GC(902) Metaspace: 14324K(15168K)->14324K(15168K) NonClass: 12363K(12864K)->12363K(12864K) Class: 1961K(2304K)->1961K(2304K)
[352.860s][info][gc             ] GC(902) Pause Young (Normal) (G1 Evacuation Pause) 669M->7M(1108M) 3.561ms
[352.860s][info][gc,cpu         ] GC(902) User=0.00s Sys=0.00s Real=0.00s
[353.273s][info][gc,start       ] GC(903) Pause Young (Normal) (G1 Evacuation Pause)
[353.273s][info][gc,task        ] GC(903) Using 33 workers of 33 for evacuation
[353.276s][info][gc,phases      ] GC(903)   Pre Evacuate Collection Set: 0.1ms
[353.276s][info][gc,phases      ] GC(903)   Merge Heap Roots: 0.2ms
[353.276s][info][gc,phases      ] GC(903)   Evacuate Collection Set: 0.4ms
[353.276s][info][gc,phases      ] GC(903)   Post Evacuate Collection Set: 2.2ms
[353.276s][info][gc,phases      ] GC(903)   Other: 0.1ms
[353.276s][info][gc,heap        ] GC(903) Eden regions: 331->0(331)
[353.276s][info][gc,heap        ] GC(903) Survivor regions: 1->1(42)
[353.276s][info][gc,heap        ] GC(903) Old regions: 26->26
[353.276s][info][gc,heap        ] GC(903) Archive regions: 0->0
[353.276s][info][gc,heap        ] GC(903) Humongous regions: 0->0
[353.276s][info][gc,metaspace   ] GC(903) Metaspace: 14324K(15168K)->14324K(15168K) NonClass: 12363K(12864K)->12363K(12864K) Class: 1961K(2304K)->1961K(2304K)
[353.276s][info][gc             ] GC(903) Pause Young (Normal) (G1 Evacuation Pause) 669M->8M(1108M) 3.262ms
[353.276s][info][gc,cpu         ] GC(903) User=0.00s Sys=0.00s Real=0.00s
[353.685s][info][gc,start       ] GC(904) Pause Young (Normal) (G1 Evacuation Pause)
[353.686s][info][gc,task        ] GC(904) Using 33 workers of 33 for evacuation
[353.689s][info][gc,phases      ] GC(904)   Pre Evacuate Collection Set: 0.2ms
[353.689s][info][gc,phases      ] GC(904)   Merge Heap Roots: 0.2ms
[353.689s][info][gc,phases      ] GC(904)   Evacuate Collection Set: 0.4ms
[353.689s][info][gc,phases      ] GC(904)   Post Evacuate Collection Set: 2.3ms
[353.689s][info][gc,phases      ] GC(904)   Other: 0.1ms
[353.689s][info][gc,heap        ] GC(904) Eden regions: 331->0(331)
[353.689s][info][gc,heap        ] GC(904) Survivor regions: 1->1(42)
[353.689s][info][gc,heap        ] GC(904) Old regions: 26->26
[353.689s][info][gc,heap        ] GC(904) Archive regions: 0->0
[353.689s][info][gc,heap        ] GC(904) Humongous regions: 0->0
[353.689s][info][gc,metaspace   ] GC(904) Metaspace: 14324K(15168K)->14324K(15168K) NonClass: 12363K(12864K)->12363K(12864K) Class: 1961K(2304K)->1961K(2304K)
[353.689s][info][gc             ] GC(904) Pause Young (Normal) (G1 Evacuation Pause) 670M->8M(1108M) 3.333ms
[353.689s][info][gc,cpu         ] GC(904) User=0.00s Sys=0.00s Real=0.00s
[354.098s][info][gc,start       ] GC(905) Pause Young (Normal) (G1 Evacuation Pause)
[354.098s][info][gc,task        ] GC(905) Using 33 workers of 33 for evacuation
[354.101s][info][gc,phases      ] GC(905)   Pre Evacuate Collection Set: 0.2ms
[354.101s][info][gc,phases      ] GC(905)   Merge Heap Roots: 0.2ms
[354.101s][info][gc,phases      ] GC(905)   Evacuate Collection Set: 0.4ms
[354.101s][info][gc,phases      ] GC(905)   Post Evacuate Collection Set: 2.3ms
[354.101s][info][gc,phases      ] GC(905)   Other: 0.1ms
[354.101s][info][gc,heap        ] GC(905) Eden regions: 331->0(331)
[354.101s][info][gc,heap        ] GC(905) Survivor regions: 1->1(42)
[354.101s][info][gc,heap        ] GC(905) Old regions: 26->26
[354.101s][info][gc,heap        ] GC(905) Archive regions: 0->0
[354.101s][info][gc,heap        ] GC(905) Humongous regions: 0->0
[354.101s][info][gc,metaspace   ] GC(905) Metaspace: 14324K(15168K)->14324K(15168K) NonClass: 12363K(12864K)->12363K(12864K) Class: 1961K(2304K)->1961K(2304K)
[354.101s][info][gc             ] GC(905) Pause Young (Normal) (G1 Evacuation Pause) 670M->8M(1108M) 3.309ms
[354.101s][info][gc,cpu         ] GC(905) User=0.00s Sys=0.00s Real=0.00s
[354.513s][info][gc,start       ] GC(906) Pause Young (Normal) (G1 Evacuation Pause)
[354.513s][info][gc,task        ] GC(906) Using 33 workers of 33 for evacuation
[354.516s][info][gc,phases      ] GC(906)   Pre Evacuate Collection Set: 0.2ms
[354.516s][info][gc,phases      ] GC(906)   Merge Heap Roots: 0.2ms
[354.516s][info][gc,phases      ] GC(906)   Evacuate Collection Set: 0.4ms
[354.516s][info][gc,phases      ] GC(906)   Post Evacuate Collection Set: 2.3ms
[354.516s][info][gc,phases      ] GC(906)   Other: 0.1ms
[354.516s][info][gc,heap        ] GC(906) Eden regions: 331->0(331)
[354.516s][info][gc,heap        ] GC(906) Survivor regions: 1->1(42)
[354.516s][info][gc,heap        ] GC(906) Old regions: 26->26
[354.516s][info][gc,heap        ] GC(906) Archive regions: 0->0
[354.516s][info][gc,heap        ] GC(906) Humongous regions: 0->0
[354.516s][info][gc,metaspace   ] GC(906) Metaspace: 14324K(15168K)->14324K(15168K) NonClass: 12363K(12864K)->12363K(12864K) Class: 1961K(2304K)->1961K(2304K)
[354.516s][info][gc             ] GC(906) Pause Young (Normal) (G1 Evacuation Pause) 670M->8M(1108M) 3.341ms
[354.516s][info][gc,cpu         ] GC(906) User=0.00s Sys=0.00s Real=0.00s
[354.928s][info][gc,start       ] GC(907) Pause Young (Normal) (G1 Evacuation Pause)
[354.928s][info][gc,task        ] GC(907) Using 33 workers of 33 for evacuation
[354.931s][info][gc,phases      ] GC(907)   Pre Evacuate Collection Set: 0.1ms
[354.931s][info][gc,phases      ] GC(907)   Merge Heap Roots: 0.2ms
[354.931s][info][gc,phases      ] GC(907)   Evacuate Collection Set: 0.5ms
[354.931s][info][gc,phases      ] GC(907)   Post Evacuate Collection Set: 2.4ms
[354.931s][info][gc,phases      ] GC(907)   Other: 0.1ms
[354.931s][info][gc,heap        ] GC(907) Eden regions: 331->0(331)
[354.931s][info][gc,heap        ] GC(907) Survivor regions: 1->1(42)
[354.931s][info][gc,heap        ] GC(907) Old regions: 26->27
[354.931s][info][gc,heap        ] GC(907) Archive regions: 0->0
[354.931s][info][gc,heap        ] GC(907) Humongous regions: 0->0
[354.931s][info][gc,metaspace   ] GC(907) Metaspace: 14324K(15168K)->14324K(15168K) NonClass: 12363K(12864K)->12363K(12864K) Class: 1961K(2304K)->1961K(2304K)
[354.932s][info][gc             ] GC(907) Pause Young (Normal) (G1 Evacuation Pause) 670M->8M(1108M) 3.495ms
[354.932s][info][gc,cpu         ] GC(907) User=0.00s Sys=0.00s Real=0.00s
[355.344s][info][gc,start       ] GC(908) Pause Young (Normal) (G1 Evacuation Pause)
[355.344s][info][gc,task        ] GC(908) Using 33 workers of 33 for evacuation
[355.348s][info][gc,phases      ] GC(908)   Pre Evacuate Collection Set: 0.2ms
[355.348s][info][gc,phases      ] GC(908)   Merge Heap Roots: 0.2ms
[355.348s][info][gc,phases      ] GC(908)   Evacuate Collection Set: 0.4ms
[355.348s][info][gc,phases      ] GC(908)   Post Evacuate Collection Set: 2.4ms
[355.348s][info][gc,phases      ] GC(908)   Other: 0.1ms
[355.348s][info][gc,heap        ] GC(908) Eden regions: 331->0(331)
[355.348s][info][gc,heap        ] GC(908) Survivor regions: 1->1(42)
[355.348s][info][gc,heap        ] GC(908) Old regions: 27->27
[355.348s][info][gc,heap        ] GC(908) Archive regions: 0->0
[355.348s][info][gc,heap        ] GC(908) Humongous regions: 0->0
[355.348s][info][gc,metaspace   ] GC(908) Metaspace: 14324K(15168K)->14324K(15168K) NonClass: 12363K(12864K)->12363K(12864K) Class: 1961K(2304K)->1961K(2304K)
[355.348s][info][gc             ] GC(908) Pause Young (Normal) (G1 Evacuation Pause) 670M->8M(1108M) 3.508ms
[355.348s][info][gc,cpu         ] GC(908) User=0.52s Sys=0.00s Real=0.00s
[355.758s][info][gc,start       ] GC(909) Pause Young (Normal) (G1 Evacuation Pause)
[355.759s][info][gc,task        ] GC(909) Using 33 workers of 33 for evacuation
[355.762s][info][gc,phases      ] GC(909)   Pre Evacuate Collection Set: 0.1ms
[355.762s][info][gc,phases      ] GC(909)   Merge Heap Roots: 0.2ms
[355.762s][info][gc,phases      ] GC(909)   Evacuate Collection Set: 0.4ms
[355.762s][info][gc,phases      ] GC(909)   Post Evacuate Collection Set: 2.5ms
[355.762s][info][gc,phases      ] GC(909)   Other: 0.1ms
[355.762s][info][gc,heap        ] GC(909) Eden regions: 331->0(331)
[355.762s][info][gc,heap        ] GC(909) Survivor regions: 1->1(42)
[355.762s][info][gc,heap        ] GC(909) Old regions: 27->27
[355.762s][info][gc,heap        ] GC(909) Archive regions: 0->0
[355.762s][info][gc,heap        ] GC(909) Humongous regions: 0->0
[355.762s][info][gc,metaspace   ] GC(909) Metaspace: 14324K(15168K)->14324K(15168K) NonClass: 12363K(12864K)->12363K(12864K) Class: 1961K(2304K)->1961K(2304K)
[355.762s][info][gc             ] GC(909) Pause Young (Normal) (G1 Evacuation Pause) 670M->8M(1108M) 3.555ms
[355.762s][info][gc,cpu         ] GC(909) User=0.00s Sys=0.00s Real=0.00s
[356.173s][info][gc,start       ] GC(910) Pause Young (Normal) (G1 Evacuation Pause)
[356.173s][info][gc,task        ] GC(910) Using 33 workers of 33 for evacuation
[356.177s][info][gc,phases      ] GC(910)   Pre Evacuate Collection Set: 0.1ms
[356.177s][info][gc,phases      ] GC(910)   Merge Heap Roots: 0.2ms
[356.177s][info][gc,phases      ] GC(910)   Evacuate Collection Set: 0.4ms
[356.177s][info][gc,phases      ] GC(910)   Post Evacuate Collection Set: 2.5ms
[356.177s][info][gc,phases      ] GC(910)   Other: 0.1ms
[356.177s][info][gc,heap        ] GC(910) Eden regions: 331->0(331)
[356.177s][info][gc,heap        ] GC(910) Survivor regions: 1->1(42)
[356.177s][info][gc,heap        ] GC(910) Old regions: 27->27
[356.177s][info][gc,heap        ] GC(910) Archive regions: 0->0
[356.177s][info][gc,heap        ] GC(910) Humongous regions: 0->0
[356.177s][info][gc,metaspace   ] GC(910) Metaspace: 14324K(15168K)->14324K(15168K) NonClass: 12363K(12864K)->12363K(12864K) Class: 1961K(2304K)->1961K(2304K)
[356.177s][info][gc             ] GC(910) Pause Young (Normal) (G1 Evacuation Pause) 670M->8M(1108M) 3.595ms
[356.177s][info][gc,cpu         ] GC(910) User=0.00s Sys=0.00s Real=0.00s
[356.588s][info][gc,start       ] GC(911) Pause Young (Normal) (G1 Evacuation Pause)
[356.588s][info][gc,task        ] GC(911) Using 33 workers of 33 for evacuation
[356.591s][info][gc,phases      ] GC(911)   Pre Evacuate Collection Set: 0.2ms
[356.591s][info][gc,phases      ] GC(911)   Merge Heap Roots: 0.1ms
[356.591s][info][gc,phases      ] GC(911)   Evacuate Collection Set: 0.4ms
[356.591s][info][gc,phases      ] GC(911)   Post Evacuate Collection Set: 2.6ms
[356.591s][info][gc,phases      ] GC(911)   Other: 0.1ms
[356.591s][info][gc,heap        ] GC(911) Eden regions: 331->0(331)
[356.591s][info][gc,heap        ] GC(911) Survivor regions: 1->1(42)
[356.591s][info][gc,heap        ] GC(911) Old regions: 27->27
[356.591s][info][gc,heap        ] GC(911) Archive regions: 0->0
[356.591s][info][gc,heap        ] GC(911) Humongous regions: 0->0
[356.591s][info][gc,metaspace   ] GC(911) Metaspace: 14324K(15168K)->14324K(15168K) NonClass: 12363K(12864K)->12363K(12864K) Class: 1961K(2304K)->1961K(2304K)
[356.591s][info][gc             ] GC(911) Pause Young (Normal) (G1 Evacuation Pause) 670M->8M(1108M) 3.668ms
[356.591s][info][gc,cpu         ] GC(911) User=0.00s Sys=0.00s Real=0.00s
[357.004s][info][gc,start       ] GC(912) Pause Young (Normal) (G1 Evacuation Pause)
[357.004s][info][gc,task        ] GC(912) Using 33 workers of 33 for evacuation
[357.007s][info][gc,phases      ] GC(912)   Pre Evacuate Collection Set: 0.1ms
[357.007s][info][gc,phases      ] GC(912)   Merge Heap Roots: 0.2ms
[357.007s][info][gc,phases      ] GC(912)   Evacuate Collection Set: 0.4ms
[357.007s][info][gc,phases      ] GC(912)   Post Evacuate Collection Set: 2.7ms
[357.007s][info][gc,phases      ] GC(912)   Other: 0.1ms
[357.007s][info][gc,heap        ] GC(912) Eden regions: 331->0(331)
[357.007s][info][gc,heap        ] GC(912) Survivor regions: 1->1(42)
[357.007s][info][gc,heap        ] GC(912) Old regions: 27->27
[357.007s][info][gc,heap        ] GC(912) Archive regions: 0->0
[357.007s][info][gc,heap        ] GC(912) Humongous regions: 0->0
[357.007s][info][gc,metaspace   ] GC(912) Metaspace: 14324K(15168K)->14324K(15168K) NonClass: 12363K(12864K)->12363K(12864K) Class: 1961K(2304K)->1961K(2304K)
[357.007s][info][gc             ] GC(912) Pause Young (Normal) (G1 Evacuation Pause) 670M->8M(1108M) 3.737ms
[357.007s][info][gc,cpu         ] GC(912) User=0.00s Sys=0.00s Real=0.00s
[357.421s][info][gc,start       ] GC(913) Pause Young (Normal) (G1 Evacuation Pause)
[357.421s][info][gc,task        ] GC(913) Using 33 workers of 33 for evacuation
[357.424s][info][gc,phases      ] GC(913)   Pre Evacuate Collection Set: 0.2ms
[357.424s][info][gc,phases      ] GC(913)   Merge Heap Roots: 0.2ms
[357.424s][info][gc,phases      ] GC(913)   Evacuate Collection Set: 0.4ms
[357.424s][info][gc,phases      ] GC(913)   Post Evacuate Collection Set: 2.7ms
[357.424s][info][gc,phases      ] GC(913)   Other: 0.1ms
[357.424s][info][gc,heap        ] GC(913) Eden regions: 331->0(331)
[357.424s][info][gc,heap        ] GC(913) Survivor regions: 1->1(42)
[357.424s][info][gc,heap        ] GC(913) Old regions: 27->27
[357.424s][info][gc,heap        ] GC(913) Archive regions: 0->0
[357.424s][info][gc,heap        ] GC(913) Humongous regions: 0->0
[357.424s][info][gc,metaspace   ] GC(913) Metaspace: 14324K(15168K)->14324K(15168K) NonClass: 12363K(12864K)->12363K(12864K) Class: 1961K(2304K)->1961K(2304K)
[357.424s][info][gc             ] GC(913) Pause Young (Normal) (G1 Evacuation Pause) 670M->8M(1108M) 3.772ms
[357.424s][info][gc,cpu         ] GC(913) User=0.00s Sys=0.00s Real=0.00s
[357.840s][info][gc,start       ] GC(914) Pause Young (Normal) (G1 Evacuation Pause)
[357.840s][info][gc,task        ] GC(914) Using 33 workers of 33 for evacuation
[357.843s][info][gc,phases      ] GC(914)   Pre Evacuate Collection Set: 0.2ms
[357.843s][info][gc,phases      ] GC(914)   Merge Heap Roots: 0.2ms
[357.843s][info][gc,phases      ] GC(914)   Evacuate Collection Set: 0.4ms
[357.843s][info][gc,phases      ] GC(914)   Post Evacuate Collection Set: 2.5ms
[357.843s][info][gc,phases      ] GC(914)   Other: 0.1ms
[357.843s][info][gc,heap        ] GC(914) Eden regions: 331->0(331)
[357.843s][info][gc,heap        ] GC(914) Survivor regions: 1->1(42)
[357.843s][info][gc,heap        ] GC(914) Old regions: 27->27
[357.843s][info][gc,heap        ] GC(914) Archive regions: 0->0
[357.843s][info][gc,heap        ] GC(914) Humongous regions: 0->0
[357.843s][info][gc,metaspace   ] GC(914) Metaspace: 14324K(15168K)->14324K(15168K) NonClass: 12363K(12864K)->12363K(12864K) Class: 1961K(2304K)->1961K(2304K)
[357.843s][info][gc             ] GC(914) Pause Young (Normal) (G1 Evacuation Pause) 670M->8M(1108M) 3.612ms
[357.843s][info][gc,cpu         ] GC(914) User=0.00s Sys=0.00s Real=0.00s
[358.259s][info][gc,start       ] GC(915) Pause Young (Normal) (G1 Evacuation Pause)
[358.259s][info][gc,task        ] GC(915) Using 33 workers of 33 for evacuation
[358.262s][info][gc,phases      ] GC(915)   Pre Evacuate Collection Set: 0.2ms
[358.262s][info][gc,phases      ] GC(915)   Merge Heap Roots: 0.2ms
[358.262s][info][gc,phases      ] GC(915)   Evacuate Collection Set: 0.5ms
[358.262s][info][gc,phases      ] GC(915)   Post Evacuate Collection Set: 2.3ms
[358.262s][info][gc,phases      ] GC(915)   Other: 0.1ms
[358.262s][info][gc,heap        ] GC(915) Eden regions: 331->0(331)
[358.262s][info][gc,heap        ] GC(915) Survivor regions: 1->1(42)
[358.262s][info][gc,heap        ] GC(915) Old regions: 27->27
[358.262s][info][gc,heap        ] GC(915) Archive regions: 0->0
[358.262s][info][gc,heap        ] GC(915) Humongous regions: 0->0
[358.262s][info][gc,metaspace   ] GC(915) Metaspace: 14324K(15168K)->14324K(15168K) NonClass: 12363K(12864K)->12363K(12864K) Class: 1961K(2304K)->1961K(2304K)
[358.262s][info][gc             ] GC(915) Pause Young (Normal) (G1 Evacuation Pause) 670M->8M(1108M) 3.393ms
[358.262s][info][gc,cpu         ] GC(915) User=0.00s Sys=0.00s Real=0.00s
[358.674s][info][gc,start       ] GC(916) Pause Young (Normal) (G1 Evacuation Pause)
[358.674s][info][gc,task        ] GC(916) Using 33 workers of 33 for evacuation
[358.677s][info][gc,phases      ] GC(916)   Pre Evacuate Collection Set: 0.2ms
[358.677s][info][gc,phases      ] GC(916)   Merge Heap Roots: 0.2ms
[358.677s][info][gc,phases      ] GC(916)   Evacuate Collection Set: 0.4ms
[358.677s][info][gc,phases      ] GC(916)   Post Evacuate Collection Set: 2.3ms
[358.677s][info][gc,phases      ] GC(916)   Other: 0.1ms
[358.677s][info][gc,heap        ] GC(916) Eden regions: 331->0(331)
[358.677s][info][gc,heap        ] GC(916) Survivor regions: 1->1(42)
[358.677s][info][gc,heap        ] GC(916) Old regions: 27->27
[358.677s][info][gc,heap        ] GC(916) Archive regions: 0->0
[358.677s][info][gc,heap        ] GC(916) Humongous regions: 0->0
[358.677s][info][gc,metaspace   ] GC(916) Metaspace: 14324K(15168K)->14324K(15168K) NonClass: 12363K(12864K)->12363K(12864K) Class: 1961K(2304K)->1961K(2304K)
[358.677s][info][gc             ] GC(916) Pause Young (Normal) (G1 Evacuation Pause) 670M->9M(1108M) 3.388ms
[358.677s][info][gc,cpu         ] GC(916) User=0.52s Sys=0.00s Real=0.00s
[359.089s][info][gc,start       ] GC(917) Pause Young (Normal) (G1 Evacuation Pause)
[359.089s][info][gc,task        ] GC(917) Using 33 workers of 33 for evacuation
[359.093s][info][gc,phases      ] GC(917)   Pre Evacuate Collection Set: 0.1ms
[359.093s][info][gc,phases      ] GC(917)   Merge Heap Roots: 0.2ms
[359.093s][info][gc,phases      ] GC(917)   Evacuate Collection Set: 0.4ms
[359.093s][info][gc,phases      ] GC(917)   Post Evacuate Collection Set: 2.3ms
[359.093s][info][gc,phases      ] GC(917)   Other: 0.1ms
[359.093s][info][gc,heap        ] GC(917) Eden regions: 331->0(331)
[359.093s][info][gc,heap        ] GC(917) Survivor regions: 1->1(42)
[359.093s][info][gc,heap        ] GC(917) Old regions: 27->27
[359.093s][info][gc,heap        ] GC(917) Archive regions: 0->0
[359.093s][info][gc,heap        ] GC(917) Humongous regions: 0->0
[359.093s][info][gc,metaspace   ] GC(917) Metaspace: 14324K(15168K)->14324K(15168K) NonClass: 12363K(12864K)->12363K(12864K) Class: 1961K(2304K)->1961K(2304K)
[359.093s][info][gc             ] GC(917) Pause Young (Normal) (G1 Evacuation Pause) 671M->9M(1108M) 3.385ms
[359.093s][info][gc,cpu         ] GC(917) User=0.00s Sys=0.00s Real=0.00s
[359.513s][info][gc,start       ] GC(918) Pause Young (Normal) (G1 Evacuation Pause)
[359.513s][info][gc,task        ] GC(918) Using 33 workers of 33 for evacuation
[359.516s][info][gc,phases      ] GC(918)   Pre Evacuate Collection Set: 0.1ms
[359.516s][info][gc,phases      ] GC(918)   Merge Heap Roots: 0.1ms
[359.516s][info][gc,phases      ] GC(918)   Evacuate Collection Set: 0.4ms
[359.516s][info][gc,phases      ] GC(918)   Post Evacuate Collection Set: 2.4ms
[359.516s][info][gc,phases      ] GC(918)   Other: 0.1ms
[359.516s][info][gc,heap        ] GC(918) Eden regions: 331->0(331)
[359.516s][info][gc,heap        ] GC(918) Survivor regions: 1->1(42)
[359.516s][info][gc,heap        ] GC(918) Old regions: 27->27
[359.516s][info][gc,heap        ] GC(918) Archive regions: 0->0
[359.516s][info][gc,heap        ] GC(918) Humongous regions: 0->0
[359.516s][info][gc,metaspace   ] GC(918) Metaspace: 14324K(15168K)->14324K(15168K) NonClass: 12363K(12864K)->12363K(12864K) Class: 1961K(2304K)->1961K(2304K)
[359.516s][info][gc             ] GC(918) Pause Young (Normal) (G1 Evacuation Pause) 671M->9M(1108M) 3.404ms
[359.516s][info][gc,cpu         ] GC(918) User=0.00s Sys=0.00s Real=0.00s
[359.983s][info][gc,start       ] GC(919) Pause Young (Normal) (G1 Evacuation Pause)
[359.983s][info][gc,task        ] GC(919) Using 33 workers of 33 for evacuation
[359.986s][info][gc,phases      ] GC(919)   Pre Evacuate Collection Set: 0.1ms
[359.986s][info][gc,phases      ] GC(919)   Merge Heap Roots: 0.2ms
[359.986s][info][gc,phases      ] GC(919)   Evacuate Collection Set: 0.5ms
[359.986s][info][gc,phases      ] GC(919)   Post Evacuate Collection Set: 2.4ms
[359.986s][info][gc,phases      ] GC(919)   Other: 0.1ms
[359.986s][info][gc,heap        ] GC(919) Eden regions: 331->0(331)
[359.986s][info][gc,heap        ] GC(919) Survivor regions: 1->1(42)
[359.986s][info][gc,heap        ] GC(919) Old regions: 27->27
[359.986s][info][gc,heap        ] GC(919) Archive regions: 0->0
[359.986s][info][gc,heap        ] GC(919) Humongous regions: 0->0
[359.986s][info][gc,metaspace   ] GC(919) Metaspace: 14324K(15168K)->14324K(15168K) NonClass: 12363K(12864K)->12363K(12864K) Class: 1961K(2304K)->1961K(2304K)
[359.986s][info][gc             ] GC(919) Pause Young (Normal) (G1 Evacuation Pause) 671M->9M(1108M) 3.516ms
[359.986s][info][gc,cpu         ] GC(919) User=0.00s Sys=0.00s Real=0.00s
[360.342s][info][gc,start       ] GC(920) Pause Full (System.gc())
[360.342s][info][gc,task        ] GC(920) Using 29 workers of 33 for full compaction
[360.343s][info][gc,phases,start] GC(920) Phase 1: Mark live objects
[360.357s][info][gc,phases      ] GC(920) Phase 1: Mark live objects 13.215ms
[360.357s][info][gc,phases,start] GC(920) Phase 2: Prepare compaction
[360.359s][info][gc,phases      ] GC(920) Phase 2: Prepare compaction 1.937ms
[360.359s][info][gc,phases,start] GC(920) Phase 3: Adjust pointers
[360.364s][info][gc,phases      ] GC(920) Phase 3: Adjust pointers 4.964ms
[360.364s][info][gc,phases,start] GC(920) Phase 4: Compact heap
[360.364s][info][gc,phases      ] GC(920) Phase 4: Compact heap 0.625ms
[360.373s][info][gc,heap        ] GC(920) Eden regions: 215->0(48)
[360.373s][info][gc,heap        ] GC(920) Survivor regions: 1->0(42)
[360.373s][info][gc,heap        ] GC(920) Old regions: 27->24
[360.373s][info][gc,heap        ] GC(920) Archive regions: 0->0
[360.373s][info][gc,heap        ] GC(920) Humongous regions: 0->0
[360.373s][info][gc,metaspace   ] GC(920) Metaspace: 14324K(15168K)->14324K(15168K) NonClass: 12363K(12864K)->12363K(12864K) Class: 1961K(2304K)->1961K(2304K)
[360.373s][info][gc             ] GC(920) Pause Full (System.gc()) 437M->5M(160M) 31.017ms
[360.373s][info][gc,cpu         ] GC(920) User=0.45s Sys=0.02s Real=0.03s
[360.439s][info][gc,start       ] GC(921) Pause Young (Normal) (G1 Evacuation Pause)
[360.439s][info][gc,task        ] GC(921) Using 33 workers of 33 for evacuation
[360.442s][info][gc,phases      ] GC(921)   Pre Evacuate Collection Set: 0.1ms
[360.442s][info][gc,phases      ] GC(921)   Merge Heap Roots: 0.1ms
[360.442s][info][gc,phases      ] GC(921)   Evacuate Collection Set: 0.5ms
[360.442s][info][gc,phases      ] GC(921)   Post Evacuate Collection Set: 1.9ms
[360.442s][info][gc,phases      ] GC(921)   Other: 0.1ms
[360.442s][info][gc,heap        ] GC(921) Eden regions: 48->0(47)
[360.442s][info][gc,heap        ] GC(921) Survivor regions: 0->1(6)
[360.442s][info][gc,heap        ] GC(921) Old regions: 24->24
[360.442s][info][gc,heap        ] GC(921) Archive regions: 0->0
[360.442s][info][gc,heap        ] GC(921) Humongous regions: 0->0
[360.442s][info][gc,metaspace   ] GC(921) Metaspace: 14324K(15168K)->14324K(15168K) NonClass: 12363K(12864K)->12363K(12864K) Class: 1961K(2304K)->1961K(2304K)
[360.442s][info][gc             ] GC(921) Pause Young (Normal) (G1 Evacuation Pause) 101M->6M(160M) 3.021ms
[360.442s][info][gc,cpu         ] GC(921) User=0.52s Sys=0.00s Real=0.00s
[360.507s][info][gc,start       ] GC(922) Pause Young (Normal) (G1 Evacuation Pause)
[360.507s][info][gc,task        ] GC(922) Using 33 workers of 33 for evacuation
[360.510s][info][gc,phases      ] GC(922)   Pre Evacuate Collection Set: 0.1ms
[360.510s][info][gc,phases      ] GC(922)   Merge Heap Roots: 0.1ms
[360.510s][info][gc,phases      ] GC(922)   Evacuate Collection Set: 0.4ms
[360.510s][info][gc,phases      ] GC(922)   Post Evacuate Collection Set: 2.0ms
[360.510s][info][gc,phases      ] GC(922)   Other: 0.1ms
[360.510s][info][gc,heap        ] GC(922) Eden regions: 47->0(47)
[360.510s][info][gc,heap        ] GC(922) Survivor regions: 1->1(6)
[360.510s][info][gc,heap        ] GC(922) Old regions: 24->24
[360.510s][info][gc,heap        ] GC(922) Archive regions: 0->0
[360.510s][info][gc,heap        ] GC(922) Humongous regions: 0->0
[360.510s][info][gc,metaspace   ] GC(922) Metaspace: 14324K(15168K)->14324K(15168K) NonClass: 12363K(12864K)->12363K(12864K) Class: 1961K(2304K)->1961K(2304K)
[360.510s][info][gc             ] GC(922) Pause Young (Normal) (G1 Evacuation Pause) 100M->6M(160M) 2.909ms
[360.510s][info][gc,cpu         ] GC(922) User=0.00s Sys=0.00s Real=0.00s
[360.579s][info][gc,start       ] GC(923) Pause Young (Normal) (G1 Evacuation Pause)
[360.579s][info][gc,task        ] GC(923) Using 33 workers of 33 for evacuation
[360.581s][info][gc,phases      ] GC(923)   Pre Evacuate Collection Set: 0.1ms
[360.581s][info][gc,phases      ] GC(923)   Merge Heap Roots: 0.1ms
[360.581s][info][gc,phases      ] GC(923)   Evacuate Collection Set: 0.5ms
[360.581s][info][gc,phases      ] GC(923)   Post Evacuate Collection Set: 2.1ms
[360.581s][info][gc,phases      ] GC(923)   Other: 0.1ms
[360.582s][info][gc,heap        ] GC(923) Eden regions: 47->0(47)
[360.582s][info][gc,heap        ] GC(923) Survivor regions: 1->1(6)
[360.582s][info][gc,heap        ] GC(923) Old regions: 24->24
[360.582s][info][gc,heap        ] GC(923) Archive regions: 0->0
[360.582s][info][gc,heap        ] GC(923) Humongous regions: 0->0
[360.582s][info][gc,metaspace   ] GC(923) Metaspace: 14324K(15168K)->14324K(15168K) NonClass: 12363K(12864K)->12363K(12864K) Class: 1961K(2304K)->1961K(2304K)
[360.582s][info][gc             ] GC(923) Pause Young (Normal) (G1 Evacuation Pause) 100M->6M(160M) 3.061ms
[360.582s][info][gc,cpu         ] GC(923) User=0.03s Sys=0.00s Real=0.00s
[360.648s][info][gc,start       ] GC(924) Pause Young (Normal) (G1 Evacuation Pause)
[360.648s][info][gc,task        ] GC(924) Using 33 workers of 33 for evacuation
[360.654s][info][gc,phases      ] GC(924)   Pre Evacuate Collection Set: 0.1ms
[360.654s][info][gc,phases      ] GC(924)   Merge Heap Roots: 0.1ms
[360.654s][info][gc,phases      ] GC(924)   Evacuate Collection Set: 0.5ms
[360.654s][info][gc,phases      ] GC(924)   Post Evacuate Collection Set: 5.0ms
[360.654s][info][gc,phases      ] GC(924)   Other: 0.1ms
[360.654s][info][gc,heap        ] GC(924) Eden regions: 47->0(330)
[360.654s][info][gc,heap        ] GC(924) Survivor regions: 1->1(6)
[360.654s][info][gc,heap        ] GC(924) Old regions: 24->24
[360.654s][info][gc,heap        ] GC(924) Archive regions: 0->0
[360.654s][info][gc,heap        ] GC(924) Humongous regions: 0->0
[360.654s][info][gc,metaspace   ] GC(924) Metaspace: 14324K(15168K)->14324K(15168K) NonClass: 12363K(12864K)->12363K(12864K) Class: 1961K(2304K)->1961K(2304K)
[360.654s][info][gc             ] GC(924) Pause Young (Normal) (G1 Evacuation Pause) 100M->6M(1104M) 5.938ms
[360.654s][info][gc,cpu         ] GC(924) User=0.00s Sys=0.00s Real=0.01s
[361.101s][info][gc,start       ] GC(925) Pause Young (Normal) (G1 Evacuation Pause)
[361.101s][info][gc,task        ] GC(925) Using 33 workers of 33 for evacuation
[361.106s][info][gc,phases      ] GC(925)   Pre Evacuate Collection Set: 0.2ms
[361.106s][info][gc,phases      ] GC(925)   Merge Heap Roots: 0.1ms
[361.106s][info][gc,phases      ] GC(925)   Evacuate Collection Set: 2.0ms
[361.106s][info][gc,phases      ] GC(925)   Post Evacuate Collection Set: 2.5ms
[361.106s][info][gc,phases      ] GC(925)   Other: 0.1ms
[361.106s][info][gc,heap        ] GC(925) Eden regions: 330->0(330)
[361.106s][info][gc,heap        ] GC(925) Survivor regions: 1->1(42)
[361.106s][info][gc,heap        ] GC(925) Old regions: 24->24
[361.106s][info][gc,heap        ] GC(925) Archive regions: 0->0
[361.106s][info][gc,heap        ] GC(925) Humongous regions: 0->0
[361.106s][info][gc,metaspace   ] GC(925) Metaspace: 14324K(15168K)->14324K(15168K) NonClass: 12363K(12864K)->12363K(12864K) Class: 1961K(2304K)->1961K(2304K)
[361.106s][info][gc             ] GC(925) Pause Young (Normal) (G1 Evacuation Pause) 666M->6M(1104M) 5.091ms
[361.106s][info][gc,cpu         ] GC(925) User=0.00s Sys=0.00s Real=0.00s
[361.512s][info][gc,start       ] GC(926) Pause Young (Normal) (G1 Evacuation Pause)
[361.512s][info][gc,task        ] GC(926) Using 33 workers of 33 for evacuation
[361.517s][info][gc,phases      ] GC(926)   Pre Evacuate Collection Set: 0.1ms
[361.517s][info][gc,phases      ] GC(926)   Merge Heap Roots: 0.1ms
[361.517s][info][gc,phases      ] GC(926)   Evacuate Collection Set: 1.8ms
[361.517s][info][gc,phases      ] GC(926)   Post Evacuate Collection Set: 2.6ms
[361.517s][info][gc,phases      ] GC(926)   Other: 0.1ms
[361.517s][info][gc,heap        ] GC(926) Eden regions: 330->0(330)
[361.517s][info][gc,heap        ] GC(926) Survivor regions: 1->1(42)
[361.517s][info][gc,heap        ] GC(926) Old regions: 24->24
[361.517s][info][gc,heap        ] GC(926) Archive regions: 0->0
[361.517s][info][gc,heap        ] GC(926) Humongous regions: 0->0
[361.517s][info][gc,metaspace   ] GC(926) Metaspace: 14324K(15168K)->14324K(15168K) NonClass: 12363K(12864K)->12363K(12864K) Class: 1961K(2304K)->1961K(2304K)
[361.517s][info][gc             ] GC(926) Pause Young (Normal) (G1 Evacuation Pause) 666M->6M(1104M) 5.037ms
[361.517s][info][gc,cpu         ] GC(926) User=0.00s Sys=0.00s Real=0.00s
[361.924s][info][gc,start       ] GC(927) Pause Young (Normal) (G1 Evacuation Pause)
[361.924s][info][gc,task        ] GC(927) Using 33 workers of 33 for evacuation
[361.927s][info][gc,phases      ] GC(927)   Pre Evacuate Collection Set: 0.2ms
[361.927s][info][gc,phases      ] GC(927)   Merge Heap Roots: 0.1ms
[361.927s][info][gc,phases      ] GC(927)   Evacuate Collection Set: 0.7ms
[361.927s][info][gc,phases      ] GC(927)   Post Evacuate Collection Set: 2.6ms
[361.927s][info][gc,phases      ] GC(927)   Other: 0.1ms
[361.927s][info][gc,heap        ] GC(927) Eden regions: 330->0(330)
[361.927s][info][gc,heap        ] GC(927) Survivor regions: 1->1(42)
[361.927s][info][gc,heap        ] GC(927) Old regions: 24->24
[361.927s][info][gc,heap        ] GC(927) Archive regions: 0->0
[361.927s][info][gc,heap        ] GC(927) Humongous regions: 0->0
[361.927s][info][gc,metaspace   ] GC(927) Metaspace: 14324K(15168K)->14324K(15168K) NonClass: 12363K(12864K)->12363K(12864K) Class: 1961K(2304K)->1961K(2304K)
[361.928s][info][gc             ] GC(927) Pause Young (Normal) (G1 Evacuation Pause) 666M->6M(1104M) 3.941ms
[361.928s][info][gc,cpu         ] GC(927) User=0.00s Sys=0.00s Real=0.00s
[362.358s][info][gc,start       ] GC(928) Pause Young (Normal) (G1 Evacuation Pause)
[362.358s][info][gc,task        ] GC(928) Using 33 workers of 33 for evacuation
[362.362s][info][gc,phases      ] GC(928)   Pre Evacuate Collection Set: 0.2ms
[362.362s][info][gc,phases      ] GC(928)   Merge Heap Roots: 0.2ms
[362.362s][info][gc,phases      ] GC(928)   Evacuate Collection Set: 0.5ms
[362.362s][info][gc,phases      ] GC(928)   Post Evacuate Collection Set: 2.8ms
[362.362s][info][gc,phases      ] GC(928)   Other: 0.1ms
[362.362s][info][gc,heap        ] GC(928) Eden regions: 330->0(330)
[362.362s][info][gc,heap        ] GC(928) Survivor regions: 1->1(42)
[362.362s][info][gc,heap        ] GC(928) Old regions: 24->24
[362.362s][info][gc,heap        ] GC(928) Archive regions: 0->0
[362.362s][info][gc,heap        ] GC(928) Humongous regions: 0->0
[362.362s][info][gc,metaspace   ] GC(928) Metaspace: 14324K(15168K)->14324K(15168K) NonClass: 12363K(12864K)->12363K(12864K) Class: 1961K(2304K)->1961K(2304K)
[362.362s][info][gc             ] GC(928) Pause Young (Normal) (G1 Evacuation Pause) 666M->7M(1104M) 4.065ms
[362.362s][info][gc,cpu         ] GC(928) User=0.00s Sys=0.00s Real=0.00s
[362.772s][info][gc,start       ] GC(929) Pause Young (Normal) (G1 Evacuation Pause)
[362.773s][info][gc,task        ] GC(929) Using 33 workers of 33 for evacuation
[362.776s][info][gc,phases      ] GC(929)   Pre Evacuate Collection Set: 0.2ms
[362.776s][info][gc,phases      ] GC(929)   Merge Heap Roots: 0.1ms
[362.776s][info][gc,phases      ] GC(929)   Evacuate Collection Set: 0.6ms
[362.776s][info][gc,phases      ] GC(929)   Post Evacuate Collection Set: 2.5ms
[362.776s][info][gc,phases      ] GC(929)   Other: 0.1ms
[362.776s][info][gc,heap        ] GC(929) Eden regions: 330->0(330)
[362.776s][info][gc,heap        ] GC(929) Survivor regions: 1->1(42)
[362.776s][info][gc,heap        ] GC(929) Old regions: 24->24
[362.776s][info][gc,heap        ] GC(929) Archive regions: 0->0
[362.776s][info][gc,heap        ] GC(929) Humongous regions: 0->0
[362.776s][info][gc,metaspace   ] GC(929) Metaspace: 14324K(15168K)->14324K(15168K) NonClass: 12363K(12864K)->12363K(12864K) Class: 1961K(2304K)->1961K(2304K)
[362.776s][info][gc             ] GC(929) Pause Young (Normal) (G1 Evacuation Pause) 667M->7M(1104M) 3.791ms
[362.776s][info][gc,cpu         ] GC(929) User=0.00s Sys=0.00s Real=0.00s
[363.189s][info][gc,start       ] GC(930) Pause Young (Normal) (G1 Evacuation Pause)
[363.189s][info][gc,task        ] GC(930) Using 33 workers of 33 for evacuation
[363.193s][info][gc,phases      ] GC(930)   Pre Evacuate Collection Set: 0.2ms
[363.193s][info][gc,phases      ] GC(930)   Merge Heap Roots: 0.1ms
[363.193s][info][gc,phases      ] GC(930)   Evacuate Collection Set: 0.6ms
[363.193s][info][gc,phases      ] GC(930)   Post Evacuate Collection Set: 2.3ms
[363.193s][info][gc,phases      ] GC(930)   Other: 0.1ms
[363.193s][info][gc,heap        ] GC(930) Eden regions: 330->0(330)
[363.193s][info][gc,heap        ] GC(930) Survivor regions: 1->1(42)
[363.193s][info][gc,heap        ] GC(930) Old regions: 24->24
[363.193s][info][gc,heap        ] GC(930) Archive regions: 0->0
[363.193s][info][gc,heap        ] GC(930) Humongous regions: 0->0
[363.193s][info][gc,metaspace   ] GC(930) Metaspace: 14324K(15168K)->14324K(15168K) NonClass: 12363K(12864K)->12363K(12864K) Class: 1961K(2304K)->1961K(2304K)
[363.193s][info][gc             ] GC(930) Pause Young (Normal) (G1 Evacuation Pause) 667M->7M(1104M) 3.485ms
[363.193s][info][gc,cpu         ] GC(930) User=0.52s Sys=0.00s Real=0.00s
[363.599s][info][gc,start       ] GC(931) Pause Young (Normal) (G1 Evacuation Pause)
[363.599s][info][gc,task        ] GC(931) Using 33 workers of 33 for evacuation
[363.603s][info][gc,phases      ] GC(931)   Pre Evacuate Collection Set: 0.1ms
[363.603s][info][gc,phases      ] GC(931)   Merge Heap Roots: 0.1ms
[363.603s][info][gc,phases      ] GC(931)   Evacuate Collection Set: 0.7ms
[363.603s][info][gc,phases      ] GC(931)   Post Evacuate Collection Set: 2.3ms
[363.603s][info][gc,phases      ] GC(931)   Other: 0.1ms
[363.603s][info][gc,heap        ] GC(931) Eden regions: 330->0(330)
[363.603s][info][gc,heap        ] GC(931) Survivor regions: 1->1(42)
[363.603s][info][gc,heap        ] GC(931) Old regions: 24->24
[363.603s][info][gc,heap        ] GC(931) Archive regions: 0->0
[363.603s][info][gc,heap        ] GC(931) Humongous regions: 0->0
[363.603s][info][gc,metaspace   ] GC(931) Metaspace: 14324K(15168K)->14324K(15168K) NonClass: 12363K(12864K)->12363K(12864K) Class: 1961K(2304K)->1961K(2304K)
[363.603s][info][gc             ] GC(931) Pause Young (Normal) (G1 Evacuation Pause) 667M->7M(1104M) 3.632ms
[363.603s][info][gc,cpu         ] GC(931) User=0.00s Sys=0.00s Real=0.00s
[364.019s][info][gc,start       ] GC(932) Pause Young (Normal) (G1 Evacuation Pause)
[364.019s][info][gc,task        ] GC(932) Using 33 workers of 33 for evacuation
[364.022s][info][gc,phases      ] GC(932)   Pre Evacuate Collection Set: 0.1ms
[364.022s][info][gc,phases      ] GC(932)   Merge Heap Roots: 0.1ms
[364.022s][info][gc,phases      ] GC(932)   Evacuate Collection Set: 0.6ms
[364.022s][info][gc,phases      ] GC(932)   Post Evacuate Collection Set: 2.3ms
[364.022s][info][gc,phases      ] GC(932)   Other: 0.1ms
[364.022s][info][gc,heap        ] GC(932) Eden regions: 330->0(329)
[364.022s][info][gc,heap        ] GC(932) Survivor regions: 1->2(42)
[364.022s][info][gc,heap        ] GC(932) Old regions: 24->24
[364.022s][info][gc,heap        ] GC(932) Archive regions: 0->0
[364.022s][info][gc,heap        ] GC(932) Humongous regions: 0->0
[364.022s][info][gc,metaspace   ] GC(932) Metaspace: 14324K(15168K)->14324K(15168K) NonClass: 12363K(12864K)->12363K(12864K) Class: 1961K(2304K)->1961K(2304K)
[364.022s][info][gc             ] GC(932) Pause Young (Normal) (G1 Evacuation Pause) 667M->7M(1104M) 3.492ms
[364.022s][info][gc,cpu         ] GC(932) User=0.00s Sys=0.00s Real=0.00s
[364.431s][info][gc,start       ] GC(933) Pause Young (Normal) (G1 Evacuation Pause)
[364.431s][info][gc,task        ] GC(933) Using 33 workers of 33 for evacuation
[364.435s][info][gc,phases      ] GC(933)   Pre Evacuate Collection Set: 0.2ms
[364.435s][info][gc,phases      ] GC(933)   Merge Heap Roots: 0.1ms
[364.435s][info][gc,phases      ] GC(933)   Evacuate Collection Set: 1.0ms
[364.435s][info][gc,phases      ] GC(933)   Post Evacuate Collection Set: 2.3ms
[364.435s][info][gc,phases      ] GC(933)   Other: 0.1ms
[364.435s][info][gc,heap        ] GC(933) Eden regions: 329->0(329)
[364.435s][info][gc,heap        ] GC(933) Survivor regions: 2->2(42)
[364.435s][info][gc,heap        ] GC(933) Old regions: 24->24
[364.435s][info][gc,heap        ] GC(933) Archive regions: 0->0
[364.435s][info][gc,heap        ] GC(933) Humongous regions: 0->0
[364.435s][info][gc,metaspace   ] GC(933) Metaspace: 14324K(15168K)->14324K(15168K) NonClass: 12363K(12864K)->12363K(12864K) Class: 1961K(2304K)->1961K(2304K)
[364.435s][info][gc             ] GC(933) Pause Young (Normal) (G1 Evacuation Pause) 665M->7M(1104M) 4.022ms
[364.435s][info][gc,cpu         ] GC(933) User=0.00s Sys=0.00s Real=0.00s
[364.847s][info][gc,start       ] GC(934) Pause Young (Normal) (G1 Evacuation Pause)
[364.847s][info][gc,task        ] GC(934) Using 33 workers of 33 for evacuation
[364.850s][info][gc,phases      ] GC(934)   Pre Evacuate Collection Set: 0.1ms
[364.850s][info][gc,phases      ] GC(934)   Merge Heap Roots: 0.1ms
[364.850s][info][gc,phases      ] GC(934)   Evacuate Collection Set: 0.6ms
[364.850s][info][gc,phases      ] GC(934)   Post Evacuate Collection Set: 2.4ms
[364.850s][info][gc,phases      ] GC(934)   Other: 0.1ms
[364.850s][info][gc,heap        ] GC(934) Eden regions: 329->0(329)
[364.850s][info][gc,heap        ] GC(934) Survivor regions: 2->2(42)
[364.850s][info][gc,heap        ] GC(934) Old regions: 24->24
[364.850s][info][gc,heap        ] GC(934) Archive regions: 0->0
[364.850s][info][gc,heap        ] GC(934) Humongous regions: 0->0
[364.850s][info][gc,metaspace   ] GC(934) Metaspace: 14324K(15168K)->14324K(15168K) NonClass: 12363K(12864K)->12363K(12864K) Class: 1961K(2304K)->1961K(2304K)
[364.850s][info][gc             ] GC(934) Pause Young (Normal) (G1 Evacuation Pause) 665M->7M(1104M) 3.611ms
[364.850s][info][gc,cpu         ] GC(934) User=0.00s Sys=0.00s Real=0.00s
[365.252s][info][gc,start       ] GC(935) Pause Young (Normal) (G1 Evacuation Pause)
[365.252s][info][gc,task        ] GC(935) Using 33 workers of 33 for evacuation
[365.255s][info][gc,phases      ] GC(935)   Pre Evacuate Collection Set: 0.1ms
[365.255s][info][gc,phases      ] GC(935)   Merge Heap Roots: 0.1ms
[365.255s][info][gc,phases      ] GC(935)   Evacuate Collection Set: 0.5ms
[365.255s][info][gc,phases      ] GC(935)   Post Evacuate Collection Set: 2.5ms
[365.255s][info][gc,phases      ] GC(935)   Other: 0.1ms
[365.255s][info][gc,heap        ] GC(935) Eden regions: 329->0(329)
[365.255s][info][gc,heap        ] GC(935) Survivor regions: 2->2(42)
[365.255s][info][gc,heap        ] GC(935) Old regions: 24->24
[365.255s][info][gc,heap        ] GC(935) Archive regions: 0->0
[365.255s][info][gc,heap        ] GC(935) Humongous regions: 0->0
[365.255s][info][gc,metaspace   ] GC(935) Metaspace: 14324K(15168K)->14324K(15168K) NonClass: 12363K(12864K)->12363K(12864K) Class: 1961K(2304K)->1961K(2304K)
[365.255s][info][gc             ] GC(935) Pause Young (Normal) (G1 Evacuation Pause) 665M->7M(1104M) 3.590ms
[365.255s][info][gc,cpu         ] GC(935) User=0.52s Sys=0.00s Real=0.00s
[365.660s][info][gc,start       ] GC(936) Pause Young (Normal) (G1 Evacuation Pause)
[365.660s][info][gc,task        ] GC(936) Using 33 workers of 33 for evacuation
[365.663s][info][gc,phases      ] GC(936)   Pre Evacuate Collection Set: 0.1ms
[365.663s][info][gc,phases      ] GC(936)   Merge Heap Roots: 0.1ms
[365.663s][info][gc,phases      ] GC(936)   Evacuate Collection Set: 0.5ms
[365.663s][info][gc,phases      ] GC(936)   Post Evacuate Collection Set: 2.5ms
[365.663s][info][gc,phases      ] GC(936)   Other: 0.1ms
[365.663s][info][gc,heap        ] GC(936) Eden regions: 329->0(330)
[365.663s][info][gc,heap        ] GC(936) Survivor regions: 2->1(42)
[365.663s][info][gc,heap        ] GC(936) Old regions: 24->25
[365.663s][info][gc,heap        ] GC(936) Archive regions: 0->0
[365.663s][info][gc,heap        ] GC(936) Humongous regions: 0->0
[365.663s][info][gc,metaspace   ] GC(936) Metaspace: 14324K(15168K)->14324K(15168K) NonClass: 12363K(12864K)->12363K(12864K) Class: 1961K(2304K)->1961K(2304K)
[365.663s][info][gc             ] GC(936) Pause Young (Normal) (G1 Evacuation Pause) 665M->7M(1104M) 3.646ms
[365.664s][info][gc,cpu         ] GC(936) User=0.00s Sys=0.00s Real=0.00s
[366.076s][info][gc,start       ] GC(937) Pause Young (Normal) (G1 Evacuation Pause)
[366.076s][info][gc,task        ] GC(937) Using 33 workers of 33 for evacuation
[366.080s][info][gc,phases      ] GC(937)   Pre Evacuate Collection Set: 0.2ms
[366.080s][info][gc,phases      ] GC(937)   Merge Heap Roots: 0.2ms
[366.080s][info][gc,phases      ] GC(937)   Evacuate Collection Set: 0.4ms
[366.080s][info][gc,phases      ] GC(937)   Post Evacuate Collection Set: 2.6ms
[366.080s][info][gc,phases      ] GC(937)   Other: 0.1ms
[366.080s][info][gc,heap        ] GC(937) Eden regions: 330->0(330)
[366.080s][info][gc,heap        ] GC(937) Survivor regions: 1->1(42)
[366.080s][info][gc,heap        ] GC(937) Old regions: 25->25
[366.080s][info][gc,heap        ] GC(937) Archive regions: 0->0
[366.080s][info][gc,heap        ] GC(937) Humongous regions: 0->0
[366.080s][info][gc,metaspace   ] GC(937) Metaspace: 14324K(15168K)->14324K(15168K) NonClass: 12363K(12864K)->12363K(12864K) Class: 1961K(2304K)->1961K(2304K)
[366.080s][info][gc             ] GC(937) Pause Young (Normal) (G1 Evacuation Pause) 667M->7M(1104M) 3.673ms
[366.080s][info][gc,cpu         ] GC(937) User=0.00s Sys=0.00s Real=0.00s
[366.493s][info][gc,start       ] GC(938) Pause Young (Normal) (G1 Evacuation Pause)
[366.493s][info][gc,task        ] GC(938) Using 33 workers of 33 for evacuation
[366.496s][info][gc,phases      ] GC(938)   Pre Evacuate Collection Set: 0.2ms
[366.496s][info][gc,phases      ] GC(938)   Merge Heap Roots: 0.2ms
[366.496s][info][gc,phases      ] GC(938)   Evacuate Collection Set: 0.4ms
[366.496s][info][gc,phases      ] GC(938)   Post Evacuate Collection Set: 2.6ms
[366.496s][info][gc,phases      ] GC(938)   Other: 0.1ms
[366.496s][info][gc,heap        ] GC(938) Eden regions: 330->0(330)
[366.496s][info][gc,heap        ] GC(938) Survivor regions: 1->1(42)
[366.496s][info][gc,heap        ] GC(938) Old regions: 25->25
[366.496s][info][gc,heap        ] GC(938) Archive regions: 0->0
[366.496s][info][gc,heap        ] GC(938) Humongous regions: 0->0
[366.496s][info][gc,metaspace   ] GC(938) Metaspace: 14324K(15168K)->14324K(15168K) NonClass: 12363K(12864K)->12363K(12864K) Class: 1961K(2304K)->1961K(2304K)
[366.496s][info][gc             ] GC(938) Pause Young (Normal) (G1 Evacuation Pause) 667M->7M(1104M) 3.699ms
[366.496s][info][gc,cpu         ] GC(938) User=0.00s Sys=0.00s Real=0.00s
[366.909s][info][gc,start       ] GC(939) Pause Young (Normal) (G1 Evacuation Pause)
[366.909s][info][gc,task        ] GC(939) Using 33 workers of 33 for evacuation
[366.912s][info][gc,phases      ] GC(939)   Pre Evacuate Collection Set: 0.1ms
[366.912s][info][gc,phases      ] GC(939)   Merge Heap Roots: 0.2ms
[366.912s][info][gc,phases      ] GC(939)   Evacuate Collection Set: 0.4ms
[366.912s][info][gc,phases      ] GC(939)   Post Evacuate Collection Set: 2.7ms
[366.912s][info][gc,phases      ] GC(939)   Other: 0.1ms
[366.912s][info][gc,heap        ] GC(939) Eden regions: 330->0(330)
[366.912s][info][gc,heap        ] GC(939) Survivor regions: 1->1(42)
[366.912s][info][gc,heap        ] GC(939) Old regions: 25->25
[366.912s][info][gc,heap        ] GC(939) Archive regions: 0->0
[366.912s][info][gc,heap        ] GC(939) Humongous regions: 0->0
[366.912s][info][gc,metaspace   ] GC(939) Metaspace: 14324K(15168K)->14324K(15168K) NonClass: 12363K(12864K)->12363K(12864K) Class: 1961K(2304K)->1961K(2304K)
[366.912s][info][gc             ] GC(939) Pause Young (Normal) (G1 Evacuation Pause) 667M->7M(1104M) 3.772ms
[366.912s][info][gc,cpu         ] GC(939) User=0.52s Sys=0.00s Real=0.00s
[367.484s][info][gc,start       ] GC(940) Pause Young (Normal) (G1 Evacuation Pause)
[367.484s][info][gc,task        ] GC(940) Using 33 workers of 33 for evacuation
[367.489s][info][gc,phases      ] GC(940)   Pre Evacuate Collection Set: 0.2ms
[367.489s][info][gc,phases      ] GC(940)   Merge Heap Roots: 0.3ms
[367.489s][info][gc,phases      ] GC(940)   Evacuate Collection Set: 0.7ms
[367.489s][info][gc,phases      ] GC(940)   Post Evacuate Collection Set: 3.5ms
[367.489s][info][gc,phases      ] GC(940)   Other: 0.2ms
[367.489s][info][gc,heap        ] GC(940) Eden regions: 330->0(330)
[367.489s][info][gc,heap        ] GC(940) Survivor regions: 1->1(42)
[367.489s][info][gc,heap        ] GC(940) Old regions: 25->25
[367.489s][info][gc,heap        ] GC(940) Archive regions: 0->0
[367.489s][info][gc,heap        ] GC(940) Humongous regions: 0->0
[367.489s][info][gc,metaspace   ] GC(940) Metaspace: 14324K(15168K)->14324K(15168K) NonClass: 12363K(12864K)->12363K(12864K) Class: 1961K(2304K)->1961K(2304K)
[367.489s][info][gc             ] GC(940) Pause Young (Normal) (G1 Evacuation Pause) 667M->7M(1104M) 5.411ms
[367.489s][info][gc,cpu         ] GC(940) User=0.00s Sys=0.00s Real=0.00s
[367.912s][info][gc,start       ] GC(941) Pause Young (Normal) (G1 Evacuation Pause)
[367.912s][info][gc,task        ] GC(941) Using 33 workers of 33 for evacuation
[367.915s][info][gc,phases      ] GC(941)   Pre Evacuate Collection Set: 0.1ms
[367.915s][info][gc,phases      ] GC(941)   Merge Heap Roots: 0.2ms
[367.915s][info][gc,phases      ] GC(941)   Evacuate Collection Set: 0.4ms
[367.915s][info][gc,phases      ] GC(941)   Post Evacuate Collection Set: 2.4ms
[367.915s][info][gc,phases      ] GC(941)   Other: 0.1ms
[367.915s][info][gc,heap        ] GC(941) Eden regions: 330->0(330)
[367.915s][info][gc,heap        ] GC(941) Survivor regions: 1->1(42)
[367.915s][info][gc,heap        ] GC(941) Old regions: 25->25
[367.915s][info][gc,heap        ] GC(941) Archive regions: 0->0
[367.915s][info][gc,heap        ] GC(941) Humongous regions: 0->0
[367.915s][info][gc,metaspace   ] GC(941) Metaspace: 14324K(15168K)->14324K(15168K) NonClass: 12363K(12864K)->12363K(12864K) Class: 1961K(2304K)->1961K(2304K)
[367.915s][info][gc             ] GC(941) Pause Young (Normal) (G1 Evacuation Pause) 667M->7M(1104M) 3.447ms
[367.915s][info][gc,cpu         ] GC(941) User=0.00s Sys=0.00s Real=0.00s
[368.330s][info][gc,start       ] GC(942) Pause Young (Normal) (G1 Evacuation Pause)
[368.330s][info][gc,task        ] GC(942) Using 33 workers of 33 for evacuation
[368.333s][info][gc,phases      ] GC(942)   Pre Evacuate Collection Set: 0.2ms
[368.333s][info][gc,phases      ] GC(942)   Merge Heap Roots: 0.2ms
[368.333s][info][gc,phases      ] GC(942)   Evacuate Collection Set: 0.4ms
[368.333s][info][gc,phases      ] GC(942)   Post Evacuate Collection Set: 2.4ms
[368.333s][info][gc,phases      ] GC(942)   Other: 0.1ms
[368.333s][info][gc,heap        ] GC(942) Eden regions: 330->0(330)
[368.333s][info][gc,heap        ] GC(942) Survivor regions: 1->1(42)
[368.333s][info][gc,heap        ] GC(942) Old regions: 25->25
[368.333s][info][gc,heap        ] GC(942) Archive regions: 0->0
[368.333s][info][gc,heap        ] GC(942) Humongous regions: 0->0
[368.333s][info][gc,metaspace   ] GC(942) Metaspace: 14324K(15168K)->14324K(15168K) NonClass: 12363K(12864K)->12363K(12864K) Class: 1961K(2304K)->1961K(2304K)
[368.333s][info][gc             ] GC(942) Pause Young (Normal) (G1 Evacuation Pause) 667M->7M(1104M) 3.544ms
[368.333s][info][gc,cpu         ] GC(942) User=0.00s Sys=0.00s Real=0.00s
[368.749s][info][gc,start       ] GC(943) Pause Young (Normal) (G1 Evacuation Pause)
[368.750s][info][gc,task        ] GC(943) Using 33 workers of 33 for evacuation
[368.753s][info][gc,phases      ] GC(943)   Pre Evacuate Collection Set: 0.2ms
[368.753s][info][gc,phases      ] GC(943)   Merge Heap Roots: 0.2ms
[368.753s][info][gc,phases      ] GC(943)   Evacuate Collection Set: 0.4ms
[368.753s][info][gc,phases      ] GC(943)   Post Evacuate Collection Set: 2.3ms
[368.753s][info][gc,phases      ] GC(943)   Other: 0.1ms
[368.753s][info][gc,heap        ] GC(943) Eden regions: 330->0(330)
[368.753s][info][gc,heap        ] GC(943) Survivor regions: 1->1(42)
[368.753s][info][gc,heap        ] GC(943) Old regions: 25->25
[368.753s][info][gc,heap        ] GC(943) Archive regions: 0->0
[368.753s][info][gc,heap        ] GC(943) Humongous regions: 0->0
[368.753s][info][gc,metaspace   ] GC(943) Metaspace: 14324K(15168K)->14324K(15168K) NonClass: 12363K(12864K)->12363K(12864K) Class: 1961K(2304K)->1961K(2304K)
[368.753s][info][gc             ] GC(943) Pause Young (Normal) (G1 Evacuation Pause) 667M->8M(1104M) 3.409ms
[368.753s][info][gc,cpu         ] GC(943) User=0.00s Sys=0.00s Real=0.00s
[369.169s][info][gc,start       ] GC(944) Pause Young (Normal) (G1 Evacuation Pause)
[369.169s][info][gc,task        ] GC(944) Using 33 workers of 33 for evacuation
[369.172s][info][gc,phases      ] GC(944)   Pre Evacuate Collection Set: 0.1ms
[369.172s][info][gc,phases      ] GC(944)   Merge Heap Roots: 0.2ms
[369.172s][info][gc,phases      ] GC(944)   Evacuate Collection Set: 0.4ms
[369.172s][info][gc,phases      ] GC(944)   Post Evacuate Collection Set: 2.4ms
[369.172s][info][gc,phases      ] GC(944)   Other: 0.1ms
[369.172s][info][gc,heap        ] GC(944) Eden regions: 330->0(330)
[369.172s][info][gc,heap        ] GC(944) Survivor regions: 1->1(42)
[369.172s][info][gc,heap        ] GC(944) Old regions: 25->25
[369.172s][info][gc,heap        ] GC(944) Archive regions: 0->0
[369.172s][info][gc,heap        ] GC(944) Humongous regions: 0->0
[369.172s][info][gc,metaspace   ] GC(944) Metaspace: 14324K(15168K)->14324K(15168K) NonClass: 12363K(12864K)->12363K(12864K) Class: 1961K(2304K)->1961K(2304K)
[369.172s][info][gc             ] GC(944) Pause Young (Normal) (G1 Evacuation Pause) 668M->8M(1104M) 3.463ms
[369.172s][info][gc,cpu         ] GC(944) User=0.00s Sys=0.00s Real=0.00s
[369.587s][info][gc,start       ] GC(945) Pause Young (Normal) (G1 Evacuation Pause)
[369.588s][info][gc,task        ] GC(945) Using 33 workers of 33 for evacuation
[369.591s][info][gc,phases      ] GC(945)   Pre Evacuate Collection Set: 0.1ms
[369.591s][info][gc,phases      ] GC(945)   Merge Heap Roots: 0.2ms
[369.591s][info][gc,phases      ] GC(945)   Evacuate Collection Set: 0.4ms
[369.591s][info][gc,phases      ] GC(945)   Post Evacuate Collection Set: 2.4ms
[369.591s][info][gc,phases      ] GC(945)   Other: 0.1ms
[369.591s][info][gc,heap        ] GC(945) Eden regions: 330->0(330)
[369.591s][info][gc,heap        ] GC(945) Survivor regions: 1->1(42)
[369.591s][info][gc,heap        ] GC(945) Old regions: 25->25
[369.591s][info][gc,heap        ] GC(945) Archive regions: 0->0
[369.591s][info][gc,heap        ] GC(945) Humongous regions: 0->0
[369.591s][info][gc,metaspace   ] GC(945) Metaspace: 14324K(15168K)->14324K(15168K) NonClass: 12363K(12864K)->12363K(12864K) Class: 1961K(2304K)->1961K(2304K)
[369.591s][info][gc             ] GC(945) Pause Young (Normal) (G1 Evacuation Pause) 668M->8M(1104M) 3.500ms
[369.591s][info][gc,cpu         ] GC(945) User=0.00s Sys=0.00s Real=0.00s
[370.008s][info][gc,start       ] GC(946) Pause Young (Normal) (G1 Evacuation Pause)
[370.008s][info][gc,task        ] GC(946) Using 33 workers of 33 for evacuation
[370.012s][info][gc,phases      ] GC(946)   Pre Evacuate Collection Set: 0.1ms
[370.012s][info][gc,phases      ] GC(946)   Merge Heap Roots: 0.2ms
[370.012s][info][gc,phases      ] GC(946)   Evacuate Collection Set: 0.4ms
[370.012s][info][gc,phases      ] GC(946)   Post Evacuate Collection Set: 2.5ms
[370.012s][info][gc,phases      ] GC(946)   Other: 0.1ms
[370.012s][info][gc,heap        ] GC(946) Eden regions: 330->0(330)
[370.012s][info][gc,heap        ] GC(946) Survivor regions: 1->1(42)
[370.012s][info][gc,heap        ] GC(946) Old regions: 25->26
[370.012s][info][gc,heap        ] GC(946) Archive regions: 0->0
[370.012s][info][gc,heap        ] GC(946) Humongous regions: 0->0
[370.012s][info][gc,metaspace   ] GC(946) Metaspace: 14324K(15168K)->14324K(15168K) NonClass: 12363K(12864K)->12363K(12864K) Class: 1961K(2304K)->1961K(2304K)
[370.012s][info][gc             ] GC(946) Pause Young (Normal) (G1 Evacuation Pause) 668M->8M(1104M) 3.549ms
[370.012s][info][gc,cpu         ] GC(946) User=0.00s Sys=0.00s Real=0.00s
[370.429s][info][gc,start       ] GC(947) Pause Young (Normal) (G1 Evacuation Pause)
[370.429s][info][gc,task        ] GC(947) Using 33 workers of 33 for evacuation
[370.433s][info][gc,phases      ] GC(947)   Pre Evacuate Collection Set: 0.2ms
[370.433s][info][gc,phases      ] GC(947)   Merge Heap Roots: 0.2ms
[370.433s][info][gc,phases      ] GC(947)   Evacuate Collection Set: 0.4ms
[370.433s][info][gc,phases      ] GC(947)   Post Evacuate Collection Set: 2.5ms
[370.433s][info][gc,phases      ] GC(947)   Other: 0.1ms
[370.433s][info][gc,heap        ] GC(947) Eden regions: 330->0(330)
[370.433s][info][gc,heap        ] GC(947) Survivor regions: 1->1(42)
[370.433s][info][gc,heap        ] GC(947) Old regions: 26->26
[370.433s][info][gc,heap        ] GC(947) Archive regions: 0->0
[370.433s][info][gc,heap        ] GC(947) Humongous regions: 0->0
[370.433s][info][gc,metaspace   ] GC(947) Metaspace: 14324K(15168K)->14324K(15168K) NonClass: 12363K(12864K)->12363K(12864K) Class: 1961K(2304K)->1961K(2304K)
[370.433s][info][gc             ] GC(947) Pause Young (Normal) (G1 Evacuation Pause) 668M->8M(1104M) 3.653ms
[370.433s][info][gc,cpu         ] GC(947) User=0.00s Sys=0.00s Real=0.00s
[370.848s][info][gc,start       ] GC(948) Pause Young (Normal) (G1 Evacuation Pause)
[370.848s][info][gc,task        ] GC(948) Using 33 workers of 33 for evacuation
[370.852s][info][gc,phases      ] GC(948)   Pre Evacuate Collection Set: 0.2ms
[370.852s][info][gc,phases      ] GC(948)   Merge Heap Roots: 0.2ms
[370.852s][info][gc,phases      ] GC(948)   Evacuate Collection Set: 0.4ms
[370.852s][info][gc,phases      ] GC(948)   Post Evacuate Collection Set: 2.6ms
[370.852s][info][gc,phases      ] GC(948)   Other: 0.1ms
[370.852s][info][gc,heap        ] GC(948) Eden regions: 330->0(330)
[370.852s][info][gc,heap        ] GC(948) Survivor regions: 1->1(42)
[370.852s][info][gc,heap        ] GC(948) Old regions: 26->26
[370.852s][info][gc,heap        ] GC(948) Archive regions: 0->0
[370.852s][info][gc,heap        ] GC(948) Humongous regions: 0->0
[370.852s][info][gc,metaspace   ] GC(948) Metaspace: 14324K(15168K)->14324K(15168K) NonClass: 12363K(12864K)->12363K(12864K) Class: 1961K(2304K)->1961K(2304K)
[370.852s][info][gc             ] GC(948) Pause Young (Normal) (G1 Evacuation Pause) 668M->8M(1104M) 3.708ms
[370.852s][info][gc,cpu         ] GC(948) User=0.00s Sys=0.00s Real=0.00s
[371.270s][info][gc,start       ] GC(949) Pause Young (Normal) (G1 Evacuation Pause)
[371.270s][info][gc,task        ] GC(949) Using 33 workers of 33 for evacuation
[371.273s][info][gc,phases      ] GC(949)   Pre Evacuate Collection Set: 0.2ms
[371.273s][info][gc,phases      ] GC(949)   Merge Heap Roots: 0.2ms
[371.273s][info][gc,phases      ] GC(949)   Evacuate Collection Set: 0.4ms
[371.273s][info][gc,phases      ] GC(949)   Post Evacuate Collection Set: 2.6ms
[371.273s][info][gc,phases      ] GC(949)   Other: 0.1ms
[371.273s][info][gc,heap        ] GC(949) Eden regions: 330->0(330)
[371.273s][info][gc,heap        ] GC(949) Survivor regions: 1->1(42)
[371.273s][info][gc,heap        ] GC(949) Old regions: 26->26
[371.273s][info][gc,heap        ] GC(949) Archive regions: 0->0
[371.273s][info][gc,heap        ] GC(949) Humongous regions: 0->0
[371.273s][info][gc,metaspace   ] GC(949) Metaspace: 14324K(15168K)->14324K(15168K) NonClass: 12363K(12864K)->12363K(12864K) Class: 1961K(2304K)->1961K(2304K)
[371.273s][info][gc             ] GC(949) Pause Young (Normal) (G1 Evacuation Pause) 668M->8M(1104M) 3.755ms
[371.273s][info][gc,cpu         ] GC(949) User=0.00s Sys=0.00s Real=0.00s
[371.690s][info][gc,start       ] GC(950) Pause Young (Normal) (G1 Evacuation Pause)
[371.690s][info][gc,task        ] GC(950) Using 33 workers of 33 for evacuation
[371.693s][info][gc,phases      ] GC(950)   Pre Evacuate Collection Set: 0.2ms
[371.694s][info][gc,phases      ] GC(950)   Merge Heap Roots: 0.2ms
[371.694s][info][gc,phases      ] GC(950)   Evacuate Collection Set: 0.4ms
[371.694s][info][gc,phases      ] GC(950)   Post Evacuate Collection Set: 2.7ms
[371.694s][info][gc,phases      ] GC(950)   Other: 0.1ms
[371.694s][info][gc,heap        ] GC(950) Eden regions: 330->0(330)
[371.694s][info][gc,heap        ] GC(950) Survivor regions: 1->1(42)
[371.694s][info][gc,heap        ] GC(950) Old regions: 26->26
[371.694s][info][gc,heap        ] GC(950) Archive regions: 0->0
[371.694s][info][gc,heap        ] GC(950) Humongous regions: 0->0
[371.694s][info][gc,metaspace   ] GC(950) Metaspace: 14324K(15168K)->14324K(15168K) NonClass: 12363K(12864K)->12363K(12864K) Class: 1961K(2304K)->1961K(2304K)
[371.694s][info][gc             ] GC(950) Pause Young (Normal) (G1 Evacuation Pause) 668M->8M(1104M) 3.796ms
[371.694s][info][gc,cpu         ] GC(950) User=0.52s Sys=0.00s Real=0.00s
[372.110s][info][gc,start       ] GC(951) Pause Young (Normal) (G1 Evacuation Pause)
[372.110s][info][gc,task        ] GC(951) Using 33 workers of 33 for evacuation
[372.114s][info][gc,phases      ] GC(951)   Pre Evacuate Collection Set: 0.1ms
[372.114s][info][gc,phases      ] GC(951)   Merge Heap Roots: 0.2ms
[372.114s][info][gc,phases      ] GC(951)   Evacuate Collection Set: 0.5ms
[372.114s][info][gc,phases      ] GC(951)   Post Evacuate Collection Set: 2.7ms
[372.114s][info][gc,phases      ] GC(951)   Other: 0.1ms
[372.114s][info][gc,heap        ] GC(951) Eden regions: 330->0(330)
[372.114s][info][gc,heap        ] GC(951) Survivor regions: 1->1(42)
[372.114s][info][gc,heap        ] GC(951) Old regions: 26->26
[372.114s][info][gc,heap        ] GC(951) Archive regions: 0->0
[372.114s][info][gc,heap        ] GC(951) Humongous regions: 0->0
[372.114s][info][gc,metaspace   ] GC(951) Metaspace: 14324K(15168K)->14324K(15168K) NonClass: 12363K(12864K)->12363K(12864K) Class: 1961K(2304K)->1961K(2304K)
[372.114s][info][gc             ] GC(951) Pause Young (Normal) (G1 Evacuation Pause) 668M->8M(1104M) 3.875ms
[372.114s][info][gc,cpu         ] GC(951) User=0.52s Sys=0.00s Real=0.00s
[372.530s][info][gc,start       ] GC(952) Pause Young (Normal) (G1 Evacuation Pause)
[372.582s][info][gc,task        ] GC(952) Using 33 workers of 33 for evacuation
[372.587s][info][gc,phases      ] GC(952)   Pre Evacuate Collection Set: 0.2ms
[372.587s][info][gc,phases      ] GC(952)   Merge Heap Roots: 0.3ms
[372.587s][info][gc,phases      ] GC(952)   Evacuate Collection Set: 0.7ms
[372.587s][info][gc,phases      ] GC(952)   Post Evacuate Collection Set: 3.5ms
[372.587s][info][gc,phases      ] GC(952)   Other: 0.2ms
[372.587s][info][gc,heap        ] GC(952) Eden regions: 330->0(330)
[372.587s][info][gc,heap        ] GC(952) Survivor regions: 1->1(42)
[372.587s][info][gc,heap        ] GC(952) Old regions: 26->26
[372.587s][info][gc,heap        ] GC(952) Archive regions: 0->0
[372.587s][info][gc,heap        ] GC(952) Humongous regions: 0->0
[372.587s][info][gc,metaspace   ] GC(952) Metaspace: 14324K(15168K)->14324K(15168K) NonClass: 12363K(12864K)->12363K(12864K) Class: 1961K(2304K)->1961K(2304K)
[372.587s][info][gc             ] GC(952) Pause Young (Normal) (G1 Evacuation Pause) 668M->8M(1104M) 57.724ms
[372.588s][info][gc,cpu         ] GC(952) User=0.00s Sys=0.08s Real=0.05s
[373.011s][info][gc,start       ] GC(953) Pause Young (Normal) (G1 Evacuation Pause)
[373.011s][info][gc,task        ] GC(953) Using 33 workers of 33 for evacuation
[373.015s][info][gc,phases      ] GC(953)   Pre Evacuate Collection Set: 0.2ms
[373.015s][info][gc,phases      ] GC(953)   Merge Heap Roots: 0.2ms
[373.015s][info][gc,phases      ] GC(953)   Evacuate Collection Set: 0.4ms
[373.015s][info][gc,phases      ] GC(953)   Post Evacuate Collection Set: 2.4ms
[373.015s][info][gc,phases      ] GC(953)   Other: 0.1ms
[373.015s][info][gc,heap        ] GC(953) Eden regions: 330->0(330)
[373.015s][info][gc,heap        ] GC(953) Survivor regions: 1->1(42)
[373.015s][info][gc,heap        ] GC(953) Old regions: 26->26
[373.015s][info][gc,heap        ] GC(953) Archive regions: 0->0
[373.015s][info][gc,heap        ] GC(953) Humongous regions: 0->0
[373.015s][info][gc,metaspace   ] GC(953) Metaspace: 14324K(15168K)->14324K(15168K) NonClass: 12363K(12864K)->12363K(12864K) Class: 1961K(2304K)->1961K(2304K)
[373.015s][info][gc             ] GC(953) Pause Young (Normal) (G1 Evacuation Pause) 668M->8M(1104M) 3.475ms
[373.015s][info][gc,cpu         ] GC(953) User=0.00s Sys=0.00s Real=0.00s
[373.433s][info][gc,start       ] GC(954) Pause Young (Normal) (G1 Evacuation Pause)
[373.433s][info][gc,task        ] GC(954) Using 33 workers of 33 for evacuation
[373.436s][info][gc,phases      ] GC(954)   Pre Evacuate Collection Set: 0.1ms
[373.436s][info][gc,phases      ] GC(954)   Merge Heap Roots: 0.2ms
[373.436s][info][gc,phases      ] GC(954)   Evacuate Collection Set: 0.4ms
[373.436s][info][gc,phases      ] GC(954)   Post Evacuate Collection Set: 2.4ms
[373.436s][info][gc,phases      ] GC(954)   Other: 0.1ms
[373.436s][info][gc,heap        ] GC(954) Eden regions: 330->0(330)
[373.436s][info][gc,heap        ] GC(954) Survivor regions: 1->1(42)
[373.436s][info][gc,heap        ] GC(954) Old regions: 26->26
[373.436s][info][gc,heap        ] GC(954) Archive regions: 0->0
[373.436s][info][gc,heap        ] GC(954) Humongous regions: 0->0
[373.436s][info][gc,metaspace   ] GC(954) Metaspace: 14324K(15168K)->14324K(15168K) NonClass: 12363K(12864K)->12363K(12864K) Class: 1961K(2304K)->1961K(2304K)
[373.436s][info][gc             ] GC(954) Pause Young (Normal) (G1 Evacuation Pause) 668M->8M(1104M) 3.514ms
[373.436s][info][gc,cpu         ] GC(954) User=0.00s Sys=0.00s Real=0.00s
[373.854s][info][gc,start       ] GC(955) Pause Young (Normal) (G1 Evacuation Pause)
[373.854s][info][gc,task        ] GC(955) Using 33 workers of 33 for evacuation
[373.857s][info][gc,phases      ] GC(955)   Pre Evacuate Collection Set: 0.2ms
[373.857s][info][gc,phases      ] GC(955)   Merge Heap Roots: 0.2ms
[373.857s][info][gc,phases      ] GC(955)   Evacuate Collection Set: 0.4ms
[373.857s][info][gc,phases      ] GC(955)   Post Evacuate Collection Set: 2.4ms
[373.857s][info][gc,phases      ] GC(955)   Other: 0.1ms
[373.858s][info][gc,heap        ] GC(955) Eden regions: 330->0(330)
[373.858s][info][gc,heap        ] GC(955) Survivor regions: 1->1(42)
[373.858s][info][gc,heap        ] GC(955) Old regions: 26->26
[373.858s][info][gc,heap        ] GC(955) Archive regions: 0->0
[373.858s][info][gc,heap        ] GC(955) Humongous regions: 0->0
[373.858s][info][gc,metaspace   ] GC(955) Metaspace: 14324K(15168K)->14324K(15168K) NonClass: 12363K(12864K)->12363K(12864K) Class: 1961K(2304K)->1961K(2304K)
[373.858s][info][gc             ] GC(955) Pause Young (Normal) (G1 Evacuation Pause) 668M->9M(1104M) 3.437ms
[373.858s][info][gc,cpu         ] GC(955) User=0.00s Sys=0.00s Real=0.00s
[374.273s][info][gc,start       ] GC(956) Pause Young (Normal) (G1 Evacuation Pause)
[374.273s][info][gc,task        ] GC(956) Using 33 workers of 33 for evacuation
[374.276s][info][gc,phases      ] GC(956)   Pre Evacuate Collection Set: 0.2ms
[374.276s][info][gc,phases      ] GC(956)   Merge Heap Roots: 0.2ms
[374.276s][info][gc,phases      ] GC(956)   Evacuate Collection Set: 0.4ms
[374.276s][info][gc,phases      ] GC(956)   Post Evacuate Collection Set: 2.4ms
[374.276s][info][gc,phases      ] GC(956)   Other: 0.1ms
[374.277s][info][gc,heap        ] GC(956) Eden regions: 330->0(330)
[374.277s][info][gc,heap        ] GC(956) Survivor regions: 1->1(42)
[374.277s][info][gc,heap        ] GC(956) Old regions: 26->26
[374.277s][info][gc,heap        ] GC(956) Archive regions: 0->0
[374.277s][info][gc,heap        ] GC(956) Humongous regions: 0->0
[374.277s][info][gc,metaspace   ] GC(956) Metaspace: 14324K(15168K)->14324K(15168K) NonClass: 12363K(12864K)->12363K(12864K) Class: 1961K(2304K)->1961K(2304K)
[374.277s][info][gc             ] GC(956) Pause Young (Normal) (G1 Evacuation Pause) 669M->9M(1104M) 3.531ms
[374.277s][info][gc,cpu         ] GC(956) User=0.00s Sys=0.00s Real=0.00s
[374.701s][info][gc,start       ] GC(957) Pause Young (Normal) (G1 Evacuation Pause)
[374.701s][info][gc,task        ] GC(957) Using 33 workers of 33 for evacuation
[374.705s][info][gc,phases      ] GC(957)   Pre Evacuate Collection Set: 0.1ms
[374.705s][info][gc,phases      ] GC(957)   Merge Heap Roots: 0.2ms
[374.705s][info][gc,phases      ] GC(957)   Evacuate Collection Set: 0.4ms
[374.705s][info][gc,phases      ] GC(957)   Post Evacuate Collection Set: 2.5ms
[374.705s][info][gc,phases      ] GC(957)   Other: 0.1ms
[374.705s][info][gc,heap        ] GC(957) Eden regions: 330->0(330)
[374.705s][info][gc,heap        ] GC(957) Survivor regions: 1->1(42)
[374.705s][info][gc,heap        ] GC(957) Old regions: 26->26
[374.705s][info][gc,heap        ] GC(957) Archive regions: 0->0
[374.705s][info][gc,heap        ] GC(957) Humongous regions: 0->0
[374.705s][info][gc,metaspace   ] GC(957) Metaspace: 14324K(15168K)->14324K(15168K) NonClass: 12363K(12864K)->12363K(12864K) Class: 1961K(2304K)->1961K(2304K)
[374.705s][info][gc             ] GC(957) Pause Young (Normal) (G1 Evacuation Pause) 669M->9M(1104M) 3.572ms
[374.705s][info][gc,cpu         ] GC(957) User=0.00s Sys=0.00s Real=0.00s
[375.178s][info][gc,start       ] GC(958) Pause Young (Normal) (G1 Evacuation Pause)
[375.178s][info][gc,task        ] GC(958) Using 33 workers of 33 for evacuation
[375.181s][info][gc,phases      ] GC(958)   Pre Evacuate Collection Set: 0.1ms
[375.181s][info][gc,phases      ] GC(958)   Merge Heap Roots: 0.2ms
[375.181s][info][gc,phases      ] GC(958)   Evacuate Collection Set: 0.4ms
[375.181s][info][gc,phases      ] GC(958)   Post Evacuate Collection Set: 2.6ms
[375.181s][info][gc,phases      ] GC(958)   Other: 0.1ms
[375.181s][info][gc,heap        ] GC(958) Eden regions: 330->0(330)
[375.181s][info][gc,heap        ] GC(958) Survivor regions: 1->1(42)
[375.181s][info][gc,heap        ] GC(958) Old regions: 26->26
[375.181s][info][gc,heap        ] GC(958) Archive regions: 0->0
[375.181s][info][gc,heap        ] GC(958) Humongous regions: 0->0
[375.181s][info][gc,metaspace   ] GC(958) Metaspace: 14324K(15168K)->14324K(15168K) NonClass: 12363K(12864K)->12363K(12864K) Class: 1961K(2304K)->1961K(2304K)
[375.181s][info][gc             ] GC(958) Pause Young (Normal) (G1 Evacuation Pause) 669M->9M(1104M) 3.644ms
[375.181s][info][gc,cpu         ] GC(958) User=0.00s Sys=0.00s Real=0.00s
[375.589s][info][gc,start       ] GC(959) Pause Full (System.gc())
[375.589s][info][gc,task        ] GC(959) Using 29 workers of 33 for full compaction
[375.590s][info][gc,phases,start] GC(959) Phase 1: Mark live objects
[375.604s][info][gc,phases      ] GC(959) Phase 1: Mark live objects 13.519ms
[375.604s][info][gc,phases,start] GC(959) Phase 2: Prepare compaction
[375.606s][info][gc,phases      ] GC(959) Phase 2: Prepare compaction 1.815ms
[375.606s][info][gc,phases,start] GC(959) Phase 3: Adjust pointers
[375.611s][info][gc,phases      ] GC(959) Phase 3: Adjust pointers 5.160ms
[375.611s][info][gc,phases,start] GC(959) Phase 4: Compact heap
[375.611s][info][gc,phases      ] GC(959) Phase 4: Compact heap 0.562ms
[375.620s][info][gc,heap        ] GC(959) Eden regions: 272->0(50)
[375.620s][info][gc,heap        ] GC(959) Survivor regions: 1->0(42)
[375.620s][info][gc,heap        ] GC(959) Old regions: 26->25
[375.620s][info][gc,heap        ] GC(959) Archive regions: 0->0
[375.620s][info][gc,heap        ] GC(959) Humongous regions: 0->0
[375.620s][info][gc,metaspace   ] GC(959) Metaspace: 14324K(15168K)->14324K(15168K) NonClass: 12363K(12864K)->12363K(12864K) Class: 1961K(2304K)->1961K(2304K)
[375.620s][info][gc             ] GC(959) Pause Full (System.gc()) 553M->5M(168M) 30.964ms
[375.620s][info][gc,cpu         ] GC(959) User=0.06s Sys=0.06s Real=0.03s
[375.690s][info][gc,start       ] GC(960) Pause Young (Normal) (G1 Evacuation Pause)
[375.690s][info][gc,task        ] GC(960) Using 33 workers of 33 for evacuation
[375.693s][info][gc,phases      ] GC(960)   Pre Evacuate Collection Set: 0.1ms
[375.693s][info][gc,phases      ] GC(960)   Merge Heap Roots: 0.1ms
[375.693s][info][gc,phases      ] GC(960)   Evacuate Collection Set: 0.4ms
[375.693s][info][gc,phases      ] GC(960)   Post Evacuate Collection Set: 2.1ms
[375.693s][info][gc,phases      ] GC(960)   Other: 0.1ms
[375.693s][info][gc,heap        ] GC(960) Eden regions: 50->0(49)
[375.693s][info][gc,heap        ] GC(960) Survivor regions: 0->1(7)
[375.693s][info][gc,heap        ] GC(960) Old regions: 25->25
[375.693s][info][gc,heap        ] GC(960) Archive regions: 0->0
[375.693s][info][gc,heap        ] GC(960) Humongous regions: 0->0
[375.693s][info][gc,metaspace   ] GC(960) Metaspace: 14324K(15168K)->14324K(15168K) NonClass: 12363K(12864K)->12363K(12864K) Class: 1961K(2304K)->1961K(2304K)
[375.693s][info][gc             ] GC(960) Pause Young (Normal) (G1 Evacuation Pause) 105M->6M(168M) 3.061ms
[375.693s][info][gc,cpu         ] GC(960) User=0.38s Sys=0.02s Real=0.00s
[375.761s][info][gc,start       ] GC(961) Pause Young (Normal) (G1 Evacuation Pause)
[375.761s][info][gc,task        ] GC(961) Using 33 workers of 33 for evacuation
[375.764s][info][gc,phases      ] GC(961)   Pre Evacuate Collection Set: 0.1ms
[375.764s][info][gc,phases      ] GC(961)   Merge Heap Roots: 0.1ms
[375.764s][info][gc,phases      ] GC(961)   Evacuate Collection Set: 0.4ms
[375.764s][info][gc,phases      ] GC(961)   Post Evacuate Collection Set: 2.1ms
[375.764s][info][gc,phases      ] GC(961)   Other: 0.1ms
[375.764s][info][gc,heap        ] GC(961) Eden regions: 49->0(49)
[375.764s][info][gc,heap        ] GC(961) Survivor regions: 1->1(7)
[375.764s][info][gc,heap        ] GC(961) Old regions: 25->25
[375.764s][info][gc,heap        ] GC(961) Archive regions: 0->0
[375.764s][info][gc,heap        ] GC(961) Humongous regions: 0->0
[375.764s][info][gc,metaspace   ] GC(961) Metaspace: 14324K(15168K)->14324K(15168K) NonClass: 12363K(12864K)->12363K(12864K) Class: 1961K(2304K)->1961K(2304K)
[375.764s][info][gc             ] GC(961) Pause Young (Normal) (G1 Evacuation Pause) 104M->6M(168M) 3.037ms
[375.764s][info][gc,cpu         ] GC(961) User=0.00s Sys=0.00s Real=0.00s
[375.842s][info][gc,start       ] GC(962) Pause Young (Normal) (G1 Evacuation Pause)
[375.842s][info][gc,task        ] GC(962) Using 33 workers of 33 for evacuation
[375.845s][info][gc,phases      ] GC(962)   Pre Evacuate Collection Set: 0.1ms
[375.845s][info][gc,phases      ] GC(962)   Merge Heap Roots: 0.1ms
[375.845s][info][gc,phases      ] GC(962)   Evacuate Collection Set: 0.4ms
[375.845s][info][gc,phases      ] GC(962)   Post Evacuate Collection Set: 2.2ms
[375.845s][info][gc,phases      ] GC(962)   Other: 0.1ms
[375.845s][info][gc,heap        ] GC(962) Eden regions: 49->0(49)
[375.845s][info][gc,heap        ] GC(962) Survivor regions: 1->1(7)
[375.845s][info][gc,heap        ] GC(962) Old regions: 25->25
[375.845s][info][gc,heap        ] GC(962) Archive regions: 0->0
[375.845s][info][gc,heap        ] GC(962) Humongous regions: 0->0
[375.845s][info][gc,metaspace   ] GC(962) Metaspace: 14324K(15168K)->14324K(15168K) NonClass: 12363K(12864K)->12363K(12864K) Class: 1961K(2304K)->1961K(2304K)
[375.845s][info][gc             ] GC(962) Pause Young (Normal) (G1 Evacuation Pause) 104M->6M(168M) 3.180ms
[375.845s][info][gc,cpu         ] GC(962) User=0.00s Sys=0.00s Real=0.00s
[375.924s][info][gc,start       ] GC(963) Pause Young (Normal) (G1 Evacuation Pause)
[375.924s][info][gc,task        ] GC(963) Using 33 workers of 33 for evacuation
[375.932s][info][gc,phases      ] GC(963)   Pre Evacuate Collection Set: 0.1ms
[375.932s][info][gc,phases      ] GC(963)   Merge Heap Roots: 0.1ms
[375.932s][info][gc,phases      ] GC(963)   Evacuate Collection Set: 0.5ms
[375.932s][info][gc,phases      ] GC(963)   Post Evacuate Collection Set: 7.3ms
[375.932s][info][gc,phases      ] GC(963)   Other: 0.1ms
[375.932s][info][gc,heap        ] GC(963) Eden regions: 49->0(331)
[375.932s][info][gc,heap        ] GC(963) Survivor regions: 1->1(7)
[375.932s][info][gc,heap        ] GC(963) Old regions: 25->25
[375.932s][info][gc,heap        ] GC(963) Archive regions: 0->0
[375.932s][info][gc,heap        ] GC(963) Humongous regions: 0->0
[375.932s][info][gc,metaspace   ] GC(963) Metaspace: 14324K(15168K)->14324K(15168K) NonClass: 12363K(12864K)->12363K(12864K) Class: 1961K(2304K)->1961K(2304K)
[375.932s][info][gc             ] GC(963) Pause Young (Normal) (G1 Evacuation Pause) 104M->6M(1108M) 8.375ms
[375.932s][info][gc,cpu         ] GC(963) User=0.00s Sys=0.00s Real=0.00s
[376.383s][info][gc,start       ] GC(964) Pause Young (Normal) (G1 Evacuation Pause)
[376.383s][info][gc,task        ] GC(964) Using 33 workers of 33 for evacuation
[376.388s][info][gc,phases      ] GC(964)   Pre Evacuate Collection Set: 0.1ms
[376.388s][info][gc,phases      ] GC(964)   Merge Heap Roots: 0.1ms
[376.388s][info][gc,phases      ] GC(964)   Evacuate Collection Set: 1.9ms
[376.388s][info][gc,phases      ] GC(964)   Post Evacuate Collection Set: 2.6ms
[376.388s][info][gc,phases      ] GC(964)   Other: 0.1ms
[376.388s][info][gc,heap        ] GC(964) Eden regions: 331->0(331)
[376.388s][info][gc,heap        ] GC(964) Survivor regions: 1->1(42)
[376.388s][info][gc,heap        ] GC(964) Old regions: 25->25
[376.388s][info][gc,heap        ] GC(964) Archive regions: 0->0
[376.388s][info][gc,heap        ] GC(964) Humongous regions: 0->0
[376.388s][info][gc,metaspace   ] GC(964) Metaspace: 14324K(15168K)->14324K(15168K) NonClass: 12363K(12864K)->12363K(12864K) Class: 1961K(2304K)->1961K(2304K)
[376.388s][info][gc             ] GC(964) Pause Young (Normal) (G1 Evacuation Pause) 668M->6M(1108M) 5.110ms
[376.388s][info][gc,cpu         ] GC(964) User=0.00s Sys=0.00s Real=0.01s
[376.805s][info][gc,start       ] GC(965) Pause Young (Normal) (G1 Evacuation Pause)
[376.806s][info][gc,task        ] GC(965) Using 33 workers of 33 for evacuation
[376.811s][info][gc,phases      ] GC(965)   Pre Evacuate Collection Set: 0.2ms
[376.811s][info][gc,phases      ] GC(965)   Merge Heap Roots: 0.1ms
[376.811s][info][gc,phases      ] GC(965)   Evacuate Collection Set: 1.9ms
[376.811s][info][gc,phases      ] GC(965)   Post Evacuate Collection Set: 2.8ms
[376.811s][info][gc,phases      ] GC(965)   Other: 0.1ms
[376.811s][info][gc,heap        ] GC(965) Eden regions: 331->0(331)
[376.811s][info][gc,heap        ] GC(965) Survivor regions: 1->1(42)
[376.811s][info][gc,heap        ] GC(965) Old regions: 25->25
[376.811s][info][gc,heap        ] GC(965) Archive regions: 0->0
[376.811s][info][gc,heap        ] GC(965) Humongous regions: 0->0
[376.811s][info][gc,metaspace   ] GC(965) Metaspace: 14324K(15168K)->14324K(15168K) NonClass: 12363K(12864K)->12363K(12864K) Class: 1961K(2304K)->1961K(2304K)
[376.811s][info][gc             ] GC(965) Pause Young (Normal) (G1 Evacuation Pause) 668M->6M(1108M) 5.324ms
[376.811s][info][gc,cpu         ] GC(965) User=0.00s Sys=0.00s Real=0.01s
[377.226s][info][gc,start       ] GC(966) Pause Young (Normal) (G1 Evacuation Pause)
[377.226s][info][gc,task        ] GC(966) Using 33 workers of 33 for evacuation
[377.230s][info][gc,phases      ] GC(966)   Pre Evacuate Collection Set: 0.2ms
[377.230s][info][gc,phases      ] GC(966)   Merge Heap Roots: 0.1ms
[377.230s][info][gc,phases      ] GC(966)   Evacuate Collection Set: 0.5ms
[377.230s][info][gc,phases      ] GC(966)   Post Evacuate Collection Set: 2.8ms
[377.230s][info][gc,phases      ] GC(966)   Other: 0.1ms
[377.230s][info][gc,heap        ] GC(966) Eden regions: 331->0(331)
[377.230s][info][gc,heap        ] GC(966) Survivor regions: 1->1(42)
[377.230s][info][gc,heap        ] GC(966) Old regions: 25->25
[377.230s][info][gc,heap        ] GC(966) Archive regions: 0->0
[377.230s][info][gc,heap        ] GC(966) Humongous regions: 0->0
[377.230s][info][gc,metaspace   ] GC(966) Metaspace: 14324K(15168K)->14324K(15168K) NonClass: 12363K(12864K)->12363K(12864K) Class: 1961K(2304K)->1961K(2304K)
[377.230s][info][gc             ] GC(966) Pause Young (Normal) (G1 Evacuation Pause) 668M->6M(1108M) 3.895ms
[377.230s][info][gc,cpu         ] GC(966) User=0.00s Sys=0.00s Real=0.00s
[377.649s][info][gc,start       ] GC(967) Pause Young (Normal) (G1 Evacuation Pause)
[377.649s][info][gc,task        ] GC(967) Using 33 workers of 33 for evacuation
[377.653s][info][gc,phases      ] GC(967)   Pre Evacuate Collection Set: 0.2ms
[377.653s][info][gc,phases      ] GC(967)   Merge Heap Roots: 0.2ms
[377.653s][info][gc,phases      ] GC(967)   Evacuate Collection Set: 0.7ms
[377.653s][info][gc,phases      ] GC(967)   Post Evacuate Collection Set: 2.6ms
[377.653s][info][gc,phases      ] GC(967)   Other: 0.1ms
[377.653s][info][gc,heap        ] GC(967) Eden regions: 331->0(331)
[377.653s][info][gc,heap        ] GC(967) Survivor regions: 1->1(42)
[377.653s][info][gc,heap        ] GC(967) Old regions: 25->25
[377.653s][info][gc,heap        ] GC(967) Archive regions: 0->0
[377.653s][info][gc,heap        ] GC(967) Humongous regions: 0->0
[377.653s][info][gc,metaspace   ] GC(967) Metaspace: 14324K(15168K)->14324K(15168K) NonClass: 12363K(12864K)->12363K(12864K) Class: 1961K(2304K)->1961K(2304K)
[377.653s][info][gc             ] GC(967) Pause Young (Normal) (G1 Evacuation Pause) 668M->7M(1108M) 3.894ms
[377.653s][info][gc,cpu         ] GC(967) User=0.00s Sys=0.00s Real=0.00s
[378.066s][info][gc,start       ] GC(968) Pause Young (Normal) (G1 Evacuation Pause)
[378.066s][info][gc,task        ] GC(968) Using 33 workers of 33 for evacuation
[378.069s][info][gc,phases      ] GC(968)   Pre Evacuate Collection Set: 0.1ms
[378.069s][info][gc,phases      ] GC(968)   Merge Heap Roots: 0.1ms
[378.069s][info][gc,phases      ] GC(968)   Evacuate Collection Set: 0.5ms
[378.069s][info][gc,phases      ] GC(968)   Post Evacuate Collection Set: 2.4ms
[378.069s][info][gc,phases      ] GC(968)   Other: 0.1ms
[378.069s][info][gc,heap        ] GC(968) Eden regions: 331->0(331)
[378.069s][info][gc,heap        ] GC(968) Survivor regions: 1->1(42)
[378.069s][info][gc,heap        ] GC(968) Old regions: 25->25
[378.069s][info][gc,heap        ] GC(968) Archive regions: 0->0
[378.069s][info][gc,heap        ] GC(968) Humongous regions: 0->0
[378.069s][info][gc,metaspace   ] GC(968) Metaspace: 14324K(15168K)->14324K(15168K) NonClass: 12363K(12864K)->12363K(12864K) Class: 1961K(2304K)->1961K(2304K)
[378.069s][info][gc             ] GC(968) Pause Young (Normal) (G1 Evacuation Pause) 669M->7M(1108M) 3.613ms
[378.070s][info][gc,cpu         ] GC(968) User=0.00s Sys=0.00s Real=0.00s
[378.485s][info][gc,start       ] GC(969) Pause Young (Normal) (G1 Evacuation Pause)
[378.485s][info][gc,task        ] GC(969) Using 33 workers of 33 for evacuation
[378.489s][info][gc,phases      ] GC(969)   Pre Evacuate Collection Set: 0.1ms
[378.489s][info][gc,phases      ] GC(969)   Merge Heap Roots: 0.1ms
[378.489s][info][gc,phases      ] GC(969)   Evacuate Collection Set: 0.7ms
[378.489s][info][gc,phases      ] GC(969)   Post Evacuate Collection Set: 2.4ms
[378.489s][info][gc,phases      ] GC(969)   Other: 0.1ms
[378.489s][info][gc,heap        ] GC(969) Eden regions: 331->0(331)
[378.489s][info][gc,heap        ] GC(969) Survivor regions: 1->1(42)
[378.489s][info][gc,heap        ] GC(969) Old regions: 25->25
[378.489s][info][gc,heap        ] GC(969) Archive regions: 0->0
[378.489s][info][gc,heap        ] GC(969) Humongous regions: 0->0
[378.489s][info][gc,metaspace   ] GC(969) Metaspace: 14324K(15168K)->14324K(15168K) NonClass: 12363K(12864K)->12363K(12864K) Class: 1961K(2304K)->1961K(2304K)
[378.489s][info][gc             ] GC(969) Pause Young (Normal) (G1 Evacuation Pause) 669M->7M(1108M) 3.691ms
[378.489s][info][gc,cpu         ] GC(969) User=0.52s Sys=0.00s Real=0.00s
[378.901s][info][gc,start       ] GC(970) Pause Young (Normal) (G1 Evacuation Pause)
[378.901s][info][gc,task        ] GC(970) Using 33 workers of 33 for evacuation
[378.904s][info][gc,phases      ] GC(970)   Pre Evacuate Collection Set: 0.2ms
[378.904s][info][gc,phases      ] GC(970)   Merge Heap Roots: 0.1ms
[378.904s][info][gc,phases      ] GC(970)   Evacuate Collection Set: 0.6ms
[378.904s][info][gc,phases      ] GC(970)   Post Evacuate Collection Set: 2.4ms
[378.904s][info][gc,phases      ] GC(970)   Other: 0.1ms
[378.904s][info][gc,heap        ] GC(970) Eden regions: 331->0(331)
[378.904s][info][gc,heap        ] GC(970) Survivor regions: 1->1(42)
[378.904s][info][gc,heap        ] GC(970) Old regions: 25->25
[378.904s][info][gc,heap        ] GC(970) Archive regions: 0->0
[378.904s][info][gc,heap        ] GC(970) Humongous regions: 0->0
[378.904s][info][gc,metaspace   ] GC(970) Metaspace: 14324K(15168K)->14324K(15168K) NonClass: 12363K(12864K)->12363K(12864K) Class: 1961K(2304K)->1961K(2304K)
[378.904s][info][gc             ] GC(970) Pause Young (Normal) (G1 Evacuation Pause) 669M->7M(1108M) 3.588ms
[378.904s][info][gc,cpu         ] GC(970) User=0.00s Sys=0.00s Real=0.00s
[379.317s][info][gc,start       ] GC(971) Pause Young (Normal) (G1 Evacuation Pause)
[379.317s][info][gc,task        ] GC(971) Using 33 workers of 33 for evacuation
[379.321s][info][gc,phases      ] GC(971)   Pre Evacuate Collection Set: 0.1ms
[379.321s][info][gc,phases      ] GC(971)   Merge Heap Roots: 0.1ms
[379.321s][info][gc,phases      ] GC(971)   Evacuate Collection Set: 0.7ms
[379.321s][info][gc,phases      ] GC(971)   Post Evacuate Collection Set: 2.5ms
[379.321s][info][gc,phases      ] GC(971)   Other: 0.1ms
[379.321s][info][gc,heap        ] GC(971) Eden regions: 331->0(330)
[379.321s][info][gc,heap        ] GC(971) Survivor regions: 1->2(42)
[379.321s][info][gc,heap        ] GC(971) Old regions: 25->25
[379.321s][info][gc,heap        ] GC(971) Archive regions: 0->0
[379.321s][info][gc,heap        ] GC(971) Humongous regions: 0->0
[379.321s][info][gc,metaspace   ] GC(971) Metaspace: 14324K(15168K)->14324K(15168K) NonClass: 12363K(12864K)->12363K(12864K) Class: 1961K(2304K)->1961K(2304K)
[379.321s][info][gc             ] GC(971) Pause Young (Normal) (G1 Evacuation Pause) 669M->7M(1108M) 3.823ms
[379.321s][info][gc,cpu         ] GC(971) User=0.00s Sys=0.00s Real=0.00s
[379.741s][info][gc,start       ] GC(972) Pause Young (Normal) (G1 Evacuation Pause)
[379.741s][info][gc,task        ] GC(972) Using 33 workers of 33 for evacuation
[379.745s][info][gc,phases      ] GC(972)   Pre Evacuate Collection Set: 0.1ms
[379.745s][info][gc,phases      ] GC(972)   Merge Heap Roots: 0.1ms
[379.745s][info][gc,phases      ] GC(972)   Evacuate Collection Set: 1.1ms
[379.745s][info][gc,phases      ] GC(972)   Post Evacuate Collection Set: 2.5ms
[379.746s][info][gc,phases      ] GC(972)   Other: 0.1ms
[379.746s][info][gc,heap        ] GC(972) Eden regions: 330->0(330)
[379.746s][info][gc,heap        ] GC(972) Survivor regions: 2->2(42)
[379.746s][info][gc,heap        ] GC(972) Old regions: 25->25
[379.746s][info][gc,heap        ] GC(972) Archive regions: 0->0
[379.746s][info][gc,heap        ] GC(972) Humongous regions: 0->0
[379.746s][info][gc,metaspace   ] GC(972) Metaspace: 14324K(15168K)->14324K(15168K) NonClass: 12363K(12864K)->12363K(12864K) Class: 1961K(2304K)->1961K(2304K)
[379.746s][info][gc             ] GC(972) Pause Young (Normal) (G1 Evacuation Pause) 667M->7M(1108M) 4.267ms
[379.746s][info][gc,cpu         ] GC(972) User=0.00s Sys=0.00s Real=0.00s
[380.155s][info][gc,start       ] GC(973) Pause Young (Normal) (G1 Evacuation Pause)
[380.155s][info][gc,task        ] GC(973) Using 33 workers of 33 for evacuation
[380.159s][info][gc,phases      ] GC(973)   Pre Evacuate Collection Set: 0.1ms
[380.159s][info][gc,phases      ] GC(973)   Merge Heap Roots: 0.1ms
[380.159s][info][gc,phases      ] GC(973)   Evacuate Collection Set: 0.8ms
[380.159s][info][gc,phases      ] GC(973)   Post Evacuate Collection Set: 2.6ms
[380.159s][info][gc,phases      ] GC(973)   Other: 0.1ms
[380.159s][info][gc,heap        ] GC(973) Eden regions: 330->0(330)
[380.159s][info][gc,heap        ] GC(973) Survivor regions: 2->2(42)
[380.159s][info][gc,heap        ] GC(973) Old regions: 25->25
[380.159s][info][gc,heap        ] GC(973) Archive regions: 0->0
[380.159s][info][gc,heap        ] GC(973) Humongous regions: 0->0
[380.159s][info][gc,metaspace   ] GC(973) Metaspace: 14324K(15168K)->14324K(15168K) NonClass: 12363K(12864K)->12363K(12864K) Class: 1961K(2304K)->1961K(2304K)
[380.159s][info][gc             ] GC(973) Pause Young (Normal) (G1 Evacuation Pause) 667M->7M(1108M) 3.941ms
[380.159s][info][gc,cpu         ] GC(973) User=0.00s Sys=0.00s Real=0.00s
[380.575s][info][gc,start       ] GC(974) Pause Young (Normal) (G1 Evacuation Pause)
[380.575s][info][gc,task        ] GC(974) Using 33 workers of 33 for evacuation
[380.579s][info][gc,phases      ] GC(974)   Pre Evacuate Collection Set: 0.2ms
[380.579s][info][gc,phases      ] GC(974)   Merge Heap Roots: 0.1ms
[380.579s][info][gc,phases      ] GC(974)   Evacuate Collection Set: 0.5ms
[380.579s][info][gc,phases      ] GC(974)   Post Evacuate Collection Set: 2.6ms
[380.579s][info][gc,phases      ] GC(974)   Other: 0.1ms
[380.579s][info][gc,heap        ] GC(974) Eden regions: 330->0(330)
[380.579s][info][gc,heap        ] GC(974) Survivor regions: 2->2(42)
[380.579s][info][gc,heap        ] GC(974) Old regions: 25->25
[380.579s][info][gc,heap        ] GC(974) Archive regions: 0->0
[380.579s][info][gc,heap        ] GC(974) Humongous regions: 0->0
[380.579s][info][gc,metaspace   ] GC(974) Metaspace: 14324K(15168K)->14324K(15168K) NonClass: 12363K(12864K)->12363K(12864K) Class: 1961K(2304K)->1961K(2304K)
[380.579s][info][gc             ] GC(974) Pause Young (Normal) (G1 Evacuation Pause) 667M->7M(1108M) 3.799ms
[380.579s][info][gc,cpu         ] GC(974) User=0.00s Sys=0.00s Real=0.00s
[380.993s][info][gc,start       ] GC(975) Pause Young (Normal) (G1 Evacuation Pause)
[380.993s][info][gc,task        ] GC(975) Using 33 workers of 33 for evacuation
[380.997s][info][gc,phases      ] GC(975)   Pre Evacuate Collection Set: 0.2ms
[380.997s][info][gc,phases      ] GC(975)   Merge Heap Roots: 0.1ms
[380.997s][info][gc,phases      ] GC(975)   Evacuate Collection Set: 0.5ms
[380.997s][info][gc,phases      ] GC(975)   Post Evacuate Collection Set: 2.7ms
[380.997s][info][gc,phases      ] GC(975)   Other: 0.1ms
[380.997s][info][gc,heap        ] GC(975) Eden regions: 330->0(331)
[380.997s][info][gc,heap        ] GC(975) Survivor regions: 2->1(42)
[380.997s][info][gc,heap        ] GC(975) Old regions: 25->26
[380.997s][info][gc,heap        ] GC(975) Archive regions: 0->0
[380.997s][info][gc,heap        ] GC(975) Humongous regions: 0->0
[380.997s][info][gc,metaspace   ] GC(975) Metaspace: 14324K(15168K)->14324K(15168K) NonClass: 12363K(12864K)->12363K(12864K) Class: 1961K(2304K)->1961K(2304K)
[380.997s][info][gc             ] GC(975) Pause Young (Normal) (G1 Evacuation Pause) 667M->7M(1108M) 3.933ms
[380.997s][info][gc,cpu         ] GC(975) User=0.00s Sys=0.00s Real=0.00s
[381.409s][info][gc,start       ] GC(976) Pause Young (Normal) (G1 Evacuation Pause)
[381.409s][info][gc,task        ] GC(976) Using 33 workers of 33 for evacuation
[381.413s][info][gc,phases      ] GC(976)   Pre Evacuate Collection Set: 0.1ms
[381.413s][info][gc,phases      ] GC(976)   Merge Heap Roots: 0.2ms
[381.413s][info][gc,phases      ] GC(976)   Evacuate Collection Set: 0.4ms
[381.413s][info][gc,phases      ] GC(976)   Post Evacuate Collection Set: 2.7ms
[381.413s][info][gc,phases      ] GC(976)   Other: 0.1ms
[381.413s][info][gc,heap        ] GC(976) Eden regions: 331->0(331)
[381.413s][info][gc,heap        ] GC(976) Survivor regions: 1->1(42)
[381.413s][info][gc,heap        ] GC(976) Old regions: 26->26
[381.413s][info][gc,heap        ] GC(976) Archive regions: 0->0
[381.413s][info][gc,heap        ] GC(976) Humongous regions: 0->0
[381.413s][info][gc,metaspace   ] GC(976) Metaspace: 14324K(15168K)->14324K(15168K) NonClass: 12363K(12864K)->12363K(12864K) Class: 1961K(2304K)->1961K(2304K)
[381.413s][info][gc             ] GC(976) Pause Young (Normal) (G1 Evacuation Pause) 669M->7M(1108M) 3.731ms
[381.413s][info][gc,cpu         ] GC(976) User=0.00s Sys=0.00s Real=0.00s
[381.831s][info][gc,start       ] GC(977) Pause Young (Normal) (G1 Evacuation Pause)
[381.831s][info][gc,task        ] GC(977) Using 33 workers of 33 for evacuation
[381.834s][info][gc,phases      ] GC(977)   Pre Evacuate Collection Set: 0.1ms
[381.834s][info][gc,phases      ] GC(977)   Merge Heap Roots: 0.2ms
[381.834s][info][gc,phases      ] GC(977)   Evacuate Collection Set: 0.5ms
[381.834s][info][gc,phases      ] GC(977)   Post Evacuate Collection Set: 2.3ms
[381.834s][info][gc,phases      ] GC(977)   Other: 0.1ms
[381.834s][info][gc,heap        ] GC(977) Eden regions: 331->0(331)
[381.834s][info][gc,heap        ] GC(977) Survivor regions: 1->1(42)
[381.834s][info][gc,heap        ] GC(977) Old regions: 26->26
[381.834s][info][gc,heap        ] GC(977) Archive regions: 0->0
[381.834s][info][gc,heap        ] GC(977) Humongous regions: 0->0
[381.834s][info][gc,metaspace   ] GC(977) Metaspace: 14324K(15168K)->14324K(15168K) NonClass: 12363K(12864K)->12363K(12864K) Class: 1961K(2304K)->1961K(2304K)
[381.834s][info][gc             ] GC(977) Pause Young (Normal) (G1 Evacuation Pause) 669M->7M(1108M) 3.429ms
[381.834s][info][gc,cpu         ] GC(977) User=0.52s Sys=0.00s Real=0.00s
[382.250s][info][gc,start       ] GC(978) Pause Young (Normal) (G1 Evacuation Pause)
[382.250s][info][gc,task        ] GC(978) Using 33 workers of 33 for evacuation
[382.254s][info][gc,phases      ] GC(978)   Pre Evacuate Collection Set: 0.2ms
[382.254s][info][gc,phases      ] GC(978)   Merge Heap Roots: 0.1ms
[382.254s][info][gc,phases      ] GC(978)   Evacuate Collection Set: 0.4ms
[382.254s][info][gc,phases      ] GC(978)   Post Evacuate Collection Set: 2.4ms
[382.254s][info][gc,phases      ] GC(978)   Other: 0.1ms
[382.254s][info][gc,heap        ] GC(978) Eden regions: 331->0(331)
[382.254s][info][gc,heap        ] GC(978) Survivor regions: 1->1(42)
[382.254s][info][gc,heap        ] GC(978) Old regions: 26->26
[382.254s][info][gc,heap        ] GC(978) Archive regions: 0->0
[382.254s][info][gc,heap        ] GC(978) Humongous regions: 0->0
[382.254s][info][gc,metaspace   ] GC(978) Metaspace: 14324K(15168K)->14324K(15168K) NonClass: 12363K(12864K)->12363K(12864K) Class: 1961K(2304K)->1961K(2304K)
[382.254s][info][gc             ] GC(978) Pause Young (Normal) (G1 Evacuation Pause) 669M->7M(1108M) 3.484ms
[382.254s][info][gc,cpu         ] GC(978) User=0.52s Sys=0.00s Real=0.00s
[382.668s][info][gc,start       ] GC(979) Pause Young (Normal) (G1 Evacuation Pause)
[382.668s][info][gc,task        ] GC(979) Using 33 workers of 33 for evacuation
[382.672s][info][gc,phases      ] GC(979)   Pre Evacuate Collection Set: 0.2ms
[382.672s][info][gc,phases      ] GC(979)   Merge Heap Roots: 0.2ms
[382.672s][info][gc,phases      ] GC(979)   Evacuate Collection Set: 0.4ms
[382.672s][info][gc,phases      ] GC(979)   Post Evacuate Collection Set: 2.3ms
[382.672s][info][gc,phases      ] GC(979)   Other: 0.1ms
[382.672s][info][gc,heap        ] GC(979) Eden regions: 331->0(331)
[382.672s][info][gc,heap        ] GC(979) Survivor regions: 1->1(42)
[382.672s][info][gc,heap        ] GC(979) Old regions: 26->26
[382.672s][info][gc,heap        ] GC(979) Archive regions: 0->0
[382.672s][info][gc,heap        ] GC(979) Humongous regions: 0->0
[382.672s][info][gc,metaspace   ] GC(979) Metaspace: 14324K(15168K)->14324K(15168K) NonClass: 12363K(12864K)->12363K(12864K) Class: 1961K(2304K)->1961K(2304K)
[382.672s][info][gc             ] GC(979) Pause Young (Normal) (G1 Evacuation Pause) 669M->7M(1108M) 3.378ms
[382.672s][info][gc,cpu         ] GC(979) User=0.00s Sys=0.00s Real=0.00s
[383.086s][info][gc,start       ] GC(980) Pause Young (Normal) (G1 Evacuation Pause)
[383.087s][info][gc,task        ] GC(980) Using 33 workers of 33 for evacuation
[383.090s][info][gc,phases      ] GC(980)   Pre Evacuate Collection Set: 0.1ms
[383.090s][info][gc,phases      ] GC(980)   Merge Heap Roots: 0.2ms
[383.090s][info][gc,phases      ] GC(980)   Evacuate Collection Set: 0.4ms
[383.090s][info][gc,phases      ] GC(980)   Post Evacuate Collection Set: 2.4ms
[383.090s][info][gc,phases      ] GC(980)   Other: 0.1ms
[383.090s][info][gc,heap        ] GC(980) Eden regions: 331->0(331)
[383.090s][info][gc,heap        ] GC(980) Survivor regions: 1->1(42)
[383.090s][info][gc,heap        ] GC(980) Old regions: 26->26
[383.090s][info][gc,heap        ] GC(980) Archive regions: 0->0
[383.090s][info][gc,heap        ] GC(980) Humongous regions: 0->0
[383.090s][info][gc,metaspace   ] GC(980) Metaspace: 14324K(15168K)->14324K(15168K) NonClass: 12363K(12864K)->12363K(12864K) Class: 1961K(2304K)->1961K(2304K)
[383.090s][info][gc             ] GC(980) Pause Young (Normal) (G1 Evacuation Pause) 669M->7M(1108M) 3.418ms
[383.090s][info][gc,cpu         ] GC(980) User=0.00s Sys=0.00s Real=0.00s
[383.506s][info][gc,start       ] GC(981) Pause Young (Normal) (G1 Evacuation Pause)
[383.506s][info][gc,task        ] GC(981) Using 33 workers of 33 for evacuation
[383.510s][info][gc,phases      ] GC(981)   Pre Evacuate Collection Set: 0.1ms
[383.527s][info][gc,phases      ] GC(981)   Merge Heap Roots: 0.2ms
[383.527s][info][gc,phases      ] GC(981)   Evacuate Collection Set: 0.5ms
[383.527s][info][gc,phases      ] GC(981)   Post Evacuate Collection Set: 2.4ms
[383.527s][info][gc,phases      ] GC(981)   Other: 0.1ms
[383.527s][info][gc,heap        ] GC(981) Eden regions: 331->0(331)
[383.527s][info][gc,heap        ] GC(981) Survivor regions: 1->1(42)
[383.527s][info][gc,heap        ] GC(981) Old regions: 26->26
[383.527s][info][gc,heap        ] GC(981) Archive regions: 0->0
[383.527s][info][gc,heap        ] GC(981) Humongous regions: 0->0
[383.527s][info][gc,metaspace   ] GC(981) Metaspace: 14324K(15168K)->14324K(15168K) NonClass: 12363K(12864K)->12363K(12864K) Class: 1961K(2304K)->1961K(2304K)
[383.527s][info][gc             ] GC(981) Pause Young (Normal) (G1 Evacuation Pause) 669M->8M(1108M) 20.546ms
[383.527s][info][gc,cpu         ] GC(981) User=0.00s Sys=0.00s Real=0.01s
[383.944s][info][gc,start       ] GC(982) Pause Young (Normal) (G1 Evacuation Pause)
[383.945s][info][gc,task        ] GC(982) Using 33 workers of 33 for evacuation
[383.948s][info][gc,phases      ] GC(982)   Pre Evacuate Collection Set: 0.2ms
[383.948s][info][gc,phases      ] GC(982)   Merge Heap Roots: 0.2ms
[383.948s][info][gc,phases      ] GC(982)   Evacuate Collection Set: 0.4ms
[383.948s][info][gc,phases      ] GC(982)   Post Evacuate Collection Set: 2.5ms
[383.948s][info][gc,phases      ] GC(982)   Other: 0.1ms
[383.948s][info][gc,heap        ] GC(982) Eden regions: 331->0(331)
[383.948s][info][gc,heap        ] GC(982) Survivor regions: 1->1(42)
[383.948s][info][gc,heap        ] GC(982) Old regions: 26->26
[383.948s][info][gc,heap        ] GC(982) Archive regions: 0->0
[383.948s][info][gc,heap        ] GC(982) Humongous regions: 0->0
[383.948s][info][gc,metaspace   ] GC(982) Metaspace: 14324K(15168K)->14324K(15168K) NonClass: 12363K(12864K)->12363K(12864K) Class: 1961K(2304K)->1961K(2304K)
[383.948s][info][gc             ] GC(982) Pause Young (Normal) (G1 Evacuation Pause) 670M->8M(1108M) 3.534ms
[383.948s][info][gc,cpu         ] GC(982) User=0.00s Sys=0.00s Real=0.00s
[384.363s][info][gc,start       ] GC(983) Pause Young (Normal) (G1 Evacuation Pause)
[384.363s][info][gc,task        ] GC(983) Using 33 workers of 33 for evacuation
[384.367s][info][gc,phases      ] GC(983)   Pre Evacuate Collection Set: 0.2ms
[384.367s][info][gc,phases      ] GC(983)   Merge Heap Roots: 0.1ms
[384.367s][info][gc,phases      ] GC(983)   Evacuate Collection Set: 0.4ms
[384.367s][info][gc,phases      ] GC(983)   Post Evacuate Collection Set: 2.5ms
[384.367s][info][gc,phases      ] GC(983)   Other: 0.1ms
[384.367s][info][gc,heap        ] GC(983) Eden regions: 331->0(331)
[384.367s][info][gc,heap        ] GC(983) Survivor regions: 1->1(42)
[384.367s][info][gc,heap        ] GC(983) Old regions: 26->26
[384.367s][info][gc,heap        ] GC(983) Archive regions: 0->0
[384.367s][info][gc,heap        ] GC(983) Humongous regions: 0->0
[384.367s][info][gc,metaspace   ] GC(983) Metaspace: 14324K(15168K)->14324K(15168K) NonClass: 12363K(12864K)->12363K(12864K) Class: 1961K(2304K)->1961K(2304K)
[384.367s][info][gc             ] GC(983) Pause Young (Normal) (G1 Evacuation Pause) 670M->8M(1108M) 3.614ms
[384.367s][info][gc,cpu         ] GC(983) User=0.00s Sys=0.00s Real=0.00s
[384.783s][info][gc,start       ] GC(984) Pause Young (Normal) (G1 Evacuation Pause)
[384.783s][info][gc,task        ] GC(984) Using 33 workers of 33 for evacuation
[384.787s][info][gc,phases      ] GC(984)   Pre Evacuate Collection Set: 0.2ms
[384.787s][info][gc,phases      ] GC(984)   Merge Heap Roots: 0.2ms
[384.787s][info][gc,phases      ] GC(984)   Evacuate Collection Set: 0.4ms
[384.787s][info][gc,phases      ] GC(984)   Post Evacuate Collection Set: 2.6ms
[384.787s][info][gc,phases      ] GC(984)   Other: 0.1ms
[384.787s][info][gc,heap        ] GC(984) Eden regions: 331->0(331)
[384.787s][info][gc,heap        ] GC(984) Survivor regions: 1->1(42)
[384.787s][info][gc,heap        ] GC(984) Old regions: 26->26
[384.787s][info][gc,heap        ] GC(984) Archive regions: 0->0
[384.787s][info][gc,heap        ] GC(984) Humongous regions: 0->0
[384.787s][info][gc,metaspace   ] GC(984) Metaspace: 14324K(15168K)->14324K(15168K) NonClass: 12363K(12864K)->12363K(12864K) Class: 1961K(2304K)->1961K(2304K)
[384.787s][info][gc             ] GC(984) Pause Young (Normal) (G1 Evacuation Pause) 670M->8M(1108M) 3.665ms
[384.787s][info][gc,cpu         ] GC(984) User=0.52s Sys=0.00s Real=0.00s
[385.204s][info][gc,start       ] GC(985) Pause Young (Normal) (G1 Evacuation Pause)
[385.204s][info][gc,task        ] GC(985) Using 33 workers of 33 for evacuation
[385.208s][info][gc,phases      ] GC(985)   Pre Evacuate Collection Set: 0.1ms
[385.208s][info][gc,phases      ] GC(985)   Merge Heap Roots: 0.2ms
[385.208s][info][gc,phases      ] GC(985)   Evacuate Collection Set: 0.4ms
[385.208s][info][gc,phases      ] GC(985)   Post Evacuate Collection Set: 2.6ms
[385.208s][info][gc,phases      ] GC(985)   Other: 0.1ms
[385.208s][info][gc,heap        ] GC(985) Eden regions: 331->0(331)
[385.208s][info][gc,heap        ] GC(985) Survivor regions: 1->1(42)
[385.208s][info][gc,heap        ] GC(985) Old regions: 26->27
[385.208s][info][gc,heap        ] GC(985) Archive regions: 0->0
[385.208s][info][gc,heap        ] GC(985) Humongous regions: 0->0
[385.208s][info][gc,metaspace   ] GC(985) Metaspace: 14324K(15168K)->14324K(15168K) NonClass: 12363K(12864K)->12363K(12864K) Class: 1961K(2304K)->1961K(2304K)
[385.208s][info][gc             ] GC(985) Pause Young (Normal) (G1 Evacuation Pause) 670M->8M(1108M) 3.690ms
[385.208s][info][gc,cpu         ] GC(985) User=0.00s Sys=0.00s Real=0.00s
[385.624s][info][gc,start       ] GC(986) Pause Young (Normal) (G1 Evacuation Pause)
[385.624s][info][gc,task        ] GC(986) Using 33 workers of 33 for evacuation
[385.627s][info][gc,phases      ] GC(986)   Pre Evacuate Collection Set: 0.2ms
[385.627s][info][gc,phases      ] GC(986)   Merge Heap Roots: 0.2ms
[385.627s][info][gc,phases      ] GC(986)   Evacuate Collection Set: 0.4ms
[385.627s][info][gc,phases      ] GC(986)   Post Evacuate Collection Set: 2.7ms
[385.627s][info][gc,phases      ] GC(986)   Other: 0.1ms
[385.627s][info][gc,heap        ] GC(986) Eden regions: 331->0(331)
[385.627s][info][gc,heap        ] GC(986) Survivor regions: 1->1(42)
[385.627s][info][gc,heap        ] GC(986) Old regions: 27->27
[385.627s][info][gc,heap        ] GC(986) Archive regions: 0->0
[385.627s][info][gc,heap        ] GC(986) Humongous regions: 0->0
[385.627s][info][gc,metaspace   ] GC(986) Metaspace: 14324K(15168K)->14324K(15168K) NonClass: 12363K(12864K)->12363K(12864K) Class: 1961K(2304K)->1961K(2304K)
[385.627s][info][gc             ] GC(986) Pause Young (Normal) (G1 Evacuation Pause) 670M->8M(1108M) 3.769ms
[385.627s][info][gc,cpu         ] GC(986) User=0.00s Sys=0.00s Real=0.00s
[386.044s][info][gc,start       ] GC(987) Pause Young (Normal) (G1 Evacuation Pause)
[386.044s][info][gc,task        ] GC(987) Using 33 workers of 33 for evacuation
[386.048s][info][gc,phases      ] GC(987)   Pre Evacuate Collection Set: 0.2ms
[386.048s][info][gc,phases      ] GC(987)   Merge Heap Roots: 0.2ms
[386.048s][info][gc,phases      ] GC(987)   Evacuate Collection Set: 0.4ms
[386.048s][info][gc,phases      ] GC(987)   Post Evacuate Collection Set: 2.7ms
[386.048s][info][gc,phases      ] GC(987)   Other: 0.1ms
[386.048s][info][gc,heap        ] GC(987) Eden regions: 331->0(331)
[386.048s][info][gc,heap        ] GC(987) Survivor regions: 1->1(42)
[386.048s][info][gc,heap        ] GC(987) Old regions: 27->27
[386.048s][info][gc,heap        ] GC(987) Archive regions: 0->0
[386.048s][info][gc,heap        ] GC(987) Humongous regions: 0->0
[386.048s][info][gc,metaspace   ] GC(987) Metaspace: 14324K(15168K)->14324K(15168K) NonClass: 12363K(12864K)->12363K(12864K) Class: 1961K(2304K)->1961K(2304K)
[386.048s][info][gc             ] GC(987) Pause Young (Normal) (G1 Evacuation Pause) 670M->8M(1108M) 3.869ms
[386.048s][info][gc,cpu         ] GC(987) User=0.00s Sys=0.00s Real=0.00s
[386.468s][info][gc,start       ] GC(988) Pause Young (Normal) (G1 Evacuation Pause)
[386.468s][info][gc,task        ] GC(988) Using 33 workers of 33 for evacuation
[386.471s][info][gc,phases      ] GC(988)   Pre Evacuate Collection Set: 0.2ms
[386.471s][info][gc,phases      ] GC(988)   Merge Heap Roots: 0.2ms
[386.471s][info][gc,phases      ] GC(988)   Evacuate Collection Set: 0.4ms
[386.472s][info][gc,phases      ] GC(988)   Post Evacuate Collection Set: 2.6ms
[386.472s][info][gc,phases      ] GC(988)   Other: 0.1ms
[386.472s][info][gc,heap        ] GC(988) Eden regions: 331->0(331)
[386.472s][info][gc,heap        ] GC(988) Survivor regions: 1->1(42)
[386.472s][info][gc,heap        ] GC(988) Old regions: 27->27
[386.472s][info][gc,heap        ] GC(988) Archive regions: 0->0
[386.472s][info][gc,heap        ] GC(988) Humongous regions: 0->0
[386.472s][info][gc,metaspace   ] GC(988) Metaspace: 14324K(15168K)->14324K(15168K) NonClass: 12363K(12864K)->12363K(12864K) Class: 1961K(2304K)->1961K(2304K)
[386.472s][info][gc             ] GC(988) Pause Young (Normal) (G1 Evacuation Pause) 670M->8M(1108M) 3.741ms
[386.472s][info][gc,cpu         ] GC(988) User=0.00s Sys=0.00s Real=0.00s
[386.890s][info][gc,start       ] GC(989) Pause Young (Normal) (G1 Evacuation Pause)
[386.890s][info][gc,task        ] GC(989) Using 33 workers of 33 for evacuation
[386.893s][info][gc,phases      ] GC(989)   Pre Evacuate Collection Set: 0.1ms
[386.894s][info][gc,phases      ] GC(989)   Merge Heap Roots: 0.2ms
[386.894s][info][gc,phases      ] GC(989)   Evacuate Collection Set: 0.4ms
[386.894s][info][gc,phases      ] GC(989)   Post Evacuate Collection Set: 2.3ms
[386.894s][info][gc,phases      ] GC(989)   Other: 0.1ms
[386.894s][info][gc,heap        ] GC(989) Eden regions: 331->0(331)
[386.894s][info][gc,heap        ] GC(989) Survivor regions: 1->1(42)
[386.894s][info][gc,heap        ] GC(989) Old regions: 27->27
[386.894s][info][gc,heap        ] GC(989) Archive regions: 0->0
[386.894s][info][gc,heap        ] GC(989) Humongous regions: 0->0
[386.894s][info][gc,metaspace   ] GC(989) Metaspace: 14324K(15168K)->14324K(15168K) NonClass: 12363K(12864K)->12363K(12864K) Class: 1961K(2304K)->1961K(2304K)
[386.894s][info][gc             ] GC(989) Pause Young (Normal) (G1 Evacuation Pause) 670M->8M(1108M) 3.432ms
[386.894s][info][gc,cpu         ] GC(989) User=0.00s Sys=0.00s Real=0.00s
[387.310s][info][gc,start       ] GC(990) Pause Young (Normal) (G1 Evacuation Pause)
[387.310s][info][gc,task        ] GC(990) Using 33 workers of 33 for evacuation
[387.313s][info][gc,phases      ] GC(990)   Pre Evacuate Collection Set: 0.2ms
[387.313s][info][gc,phases      ] GC(990)   Merge Heap Roots: 0.2ms
[387.313s][info][gc,phases      ] GC(990)   Evacuate Collection Set: 0.4ms
[387.313s][info][gc,phases      ] GC(990)   Post Evacuate Collection Set: 2.4ms
[387.313s][info][gc,phases      ] GC(990)   Other: 0.1ms
[387.313s][info][gc,heap        ] GC(990) Eden regions: 331->0(331)
[387.313s][info][gc,heap        ] GC(990) Survivor regions: 1->1(42)
[387.313s][info][gc,heap        ] GC(990) Old regions: 27->27
[387.313s][info][gc,heap        ] GC(990) Archive regions: 0->0
[387.313s][info][gc,heap        ] GC(990) Humongous regions: 0->0
[387.313s][info][gc,metaspace   ] GC(990) Metaspace: 14324K(15168K)->14324K(15168K) NonClass: 12363K(12864K)->12363K(12864K) Class: 1961K(2304K)->1961K(2304K)
[387.313s][info][gc             ] GC(990) Pause Young (Normal) (G1 Evacuation Pause) 670M->8M(1108M) 3.455ms
[387.313s][info][gc,cpu         ] GC(990) User=0.00s Sys=0.00s Real=0.00s
[387.727s][info][gc,start       ] GC(991) Pause Young (Normal) (G1 Evacuation Pause)
[387.727s][info][gc,task        ] GC(991) Using 33 workers of 33 for evacuation
[387.731s][info][gc,phases      ] GC(991)   Pre Evacuate Collection Set: 0.1ms
[387.731s][info][gc,phases      ] GC(991)   Merge Heap Roots: 0.2ms
[387.731s][info][gc,phases      ] GC(991)   Evacuate Collection Set: 0.4ms
[387.731s][info][gc,phases      ] GC(991)   Post Evacuate Collection Set: 2.3ms
[387.731s][info][gc,phases      ] GC(991)   Other: 0.1ms
[387.731s][info][gc,heap        ] GC(991) Eden regions: 331->0(331)
[387.731s][info][gc,heap        ] GC(991) Survivor regions: 1->1(42)
[387.731s][info][gc,heap        ] GC(991) Old regions: 27->27
[387.731s][info][gc,heap        ] GC(991) Archive regions: 0->0
[387.731s][info][gc,heap        ] GC(991) Humongous regions: 0->0
[387.731s][info][gc,metaspace   ] GC(991) Metaspace: 14324K(15168K)->14324K(15168K) NonClass: 12363K(12864K)->12363K(12864K) Class: 1961K(2304K)->1961K(2304K)
[387.731s][info][gc             ] GC(991) Pause Young (Normal) (G1 Evacuation Pause) 670M->8M(1108M) 3.377ms
[387.731s][info][gc,cpu         ] GC(991) User=0.00s Sys=0.00s Real=0.00s
[388.143s][info][gc,start       ] GC(992) Pause Young (Normal) (G1 Evacuation Pause)
[388.143s][info][gc,task        ] GC(992) Using 33 workers of 33 for evacuation
[388.147s][info][gc,phases      ] GC(992)   Pre Evacuate Collection Set: 0.2ms
[388.147s][info][gc,phases      ] GC(992)   Merge Heap Roots: 0.2ms
[388.147s][info][gc,phases      ] GC(992)   Evacuate Collection Set: 0.4ms
[388.147s][info][gc,phases      ] GC(992)   Post Evacuate Collection Set: 2.4ms
[388.147s][info][gc,phases      ] GC(992)   Other: 0.1ms
[388.147s][info][gc,heap        ] GC(992) Eden regions: 331->0(331)
[388.147s][info][gc,heap        ] GC(992) Survivor regions: 1->1(42)
[388.147s][info][gc,heap        ] GC(992) Old regions: 27->27
[388.147s][info][gc,heap        ] GC(992) Archive regions: 0->0
[388.147s][info][gc,heap        ] GC(992) Humongous regions: 0->0
[388.147s][info][gc,metaspace   ] GC(992) Metaspace: 14324K(15168K)->14324K(15168K) NonClass: 12363K(12864K)->12363K(12864K) Class: 1961K(2304K)->1961K(2304K)
[388.147s][info][gc             ] GC(992) Pause Young (Normal) (G1 Evacuation Pause) 670M->8M(1108M) 3.453ms
[388.147s][info][gc,cpu         ] GC(992) User=0.00s Sys=0.00s Real=0.00s
[388.561s][info][gc,start       ] GC(993) Pause Young (Normal) (G1 Evacuation Pause)
[388.561s][info][gc,task        ] GC(993) Using 33 workers of 33 for evacuation
[388.564s][info][gc,phases      ] GC(993)   Pre Evacuate Collection Set: 0.1ms
[388.564s][info][gc,phases      ] GC(993)   Merge Heap Roots: 0.2ms
[388.564s][info][gc,phases      ] GC(993)   Evacuate Collection Set: 0.5ms
[388.564s][info][gc,phases      ] GC(993)   Post Evacuate Collection Set: 2.5ms
[388.564s][info][gc,phases      ] GC(993)   Other: 0.1ms
[388.564s][info][gc,heap        ] GC(993) Eden regions: 331->0(331)
[388.564s][info][gc,heap        ] GC(993) Survivor regions: 1->1(42)
[388.564s][info][gc,heap        ] GC(993) Old regions: 27->27
[388.564s][info][gc,heap        ] GC(993) Archive regions: 0->0
[388.564s][info][gc,heap        ] GC(993) Humongous regions: 0->0
[388.564s][info][gc,metaspace   ] GC(993) Metaspace: 14324K(15168K)->14324K(15168K) NonClass: 12363K(12864K)->12363K(12864K) Class: 1961K(2304K)->1961K(2304K)
[388.564s][info][gc             ] GC(993) Pause Young (Normal) (G1 Evacuation Pause) 670M->8M(1108M) 3.555ms
[388.564s][info][gc,cpu         ] GC(993) User=0.00s Sys=0.00s Real=0.00s
[388.979s][info][gc,start       ] GC(994) Pause Young (Normal) (G1 Evacuation Pause)
[388.979s][info][gc,task        ] GC(994) Using 33 workers of 33 for evacuation
[388.983s][info][gc,phases      ] GC(994)   Pre Evacuate Collection Set: 0.1ms
[388.983s][info][gc,phases      ] GC(994)   Merge Heap Roots: 0.2ms
[388.983s][info][gc,phases      ] GC(994)   Evacuate Collection Set: 0.5ms
[388.983s][info][gc,phases      ] GC(994)   Post Evacuate Collection Set: 2.5ms
[388.983s][info][gc,phases      ] GC(994)   Other: 0.1ms
[388.983s][info][gc,heap        ] GC(994) Eden regions: 331->0(331)
[388.983s][info][gc,heap        ] GC(994) Survivor regions: 1->1(42)
[388.983s][info][gc,heap        ] GC(994) Old regions: 27->27
[388.983s][info][gc,heap        ] GC(994) Archive regions: 0->0
[388.983s][info][gc,heap        ] GC(994) Humongous regions: 0->0
[388.983s][info][gc,metaspace   ] GC(994) Metaspace: 14324K(15168K)->14324K(15168K) NonClass: 12363K(12864K)->12363K(12864K) Class: 1961K(2304K)->1961K(2304K)
[388.983s][info][gc             ] GC(994) Pause Young (Normal) (G1 Evacuation Pause) 670M->9M(1108M) 3.611ms
[388.983s][info][gc,cpu         ] GC(994) User=0.00s Sys=0.00s Real=0.00s
[389.398s][info][gc,start       ] GC(995) Pause Young (Normal) (G1 Evacuation Pause)
[389.398s][info][gc,task        ] GC(995) Using 33 workers of 33 for evacuation
[389.401s][info][gc,phases      ] GC(995)   Pre Evacuate Collection Set: 0.2ms
[389.401s][info][gc,phases      ] GC(995)   Merge Heap Roots: 0.2ms
[389.401s][info][gc,phases      ] GC(995)   Evacuate Collection Set: 0.4ms
[389.401s][info][gc,phases      ] GC(995)   Post Evacuate Collection Set: 2.6ms
[389.401s][info][gc,phases      ] GC(995)   Other: 0.1ms
[389.401s][info][gc,heap        ] GC(995) Eden regions: 331->0(331)
[389.401s][info][gc,heap        ] GC(995) Survivor regions: 1->1(42)
[389.401s][info][gc,heap        ] GC(995) Old regions: 27->27
[389.401s][info][gc,heap        ] GC(995) Archive regions: 0->0
[389.401s][info][gc,heap        ] GC(995) Humongous regions: 0->0
[389.401s][info][gc,metaspace   ] GC(995) Metaspace: 14324K(15168K)->14324K(15168K) NonClass: 12363K(12864K)->12363K(12864K) Class: 1961K(2304K)->1961K(2304K)
[389.401s][info][gc             ] GC(995) Pause Young (Normal) (G1 Evacuation Pause) 671M->9M(1108M) 3.660ms
[389.401s][info][gc,cpu         ] GC(995) User=0.00s Sys=0.00s Real=0.00s
[389.827s][info][gc,start       ] GC(996) Pause Young (Normal) (G1 Evacuation Pause)
[389.827s][info][gc,task        ] GC(996) Using 33 workers of 33 for evacuation
[389.831s][info][gc,phases      ] GC(996)   Pre Evacuate Collection Set: 0.1ms
[389.831s][info][gc,phases      ] GC(996)   Merge Heap Roots: 0.2ms
[389.831s][info][gc,phases      ] GC(996)   Evacuate Collection Set: 0.4ms
[389.831s][info][gc,phases      ] GC(996)   Post Evacuate Collection Set: 2.6ms
[389.831s][info][gc,phases      ] GC(996)   Other: 0.1ms
[389.831s][info][gc,heap        ] GC(996) Eden regions: 331->0(331)
[389.831s][info][gc,heap        ] GC(996) Survivor regions: 1->1(42)
[389.831s][info][gc,heap        ] GC(996) Old regions: 27->27
[389.831s][info][gc,heap        ] GC(996) Archive regions: 0->0
[389.831s][info][gc,heap        ] GC(996) Humongous regions: 0->0
[389.831s][info][gc,metaspace   ] GC(996) Metaspace: 14324K(15168K)->14324K(15168K) NonClass: 12363K(12864K)->12363K(12864K) Class: 1961K(2304K)->1961K(2304K)
[389.831s][info][gc             ] GC(996) Pause Young (Normal) (G1 Evacuation Pause) 671M->9M(1108M) 3.715ms
[389.831s][info][gc,cpu         ] GC(996) User=0.00s Sys=0.00s Real=0.00s
[390.295s][info][gc,start       ] GC(997) Pause Young (Normal) (G1 Evacuation Pause)
[390.295s][info][gc,task        ] GC(997) Using 33 workers of 33 for evacuation
[390.299s][info][gc,phases      ] GC(997)   Pre Evacuate Collection Set: 0.2ms
[390.299s][info][gc,phases      ] GC(997)   Merge Heap Roots: 0.2ms
[390.299s][info][gc,phases      ] GC(997)   Evacuate Collection Set: 0.4ms
[390.299s][info][gc,phases      ] GC(997)   Post Evacuate Collection Set: 2.7ms
[390.299s][info][gc,phases      ] GC(997)   Other: 0.1ms
[390.299s][info][gc,heap        ] GC(997) Eden regions: 331->0(331)
[390.299s][info][gc,heap        ] GC(997) Survivor regions: 1->1(42)
[390.299s][info][gc,heap        ] GC(997) Old regions: 27->27
[390.299s][info][gc,heap        ] GC(997) Archive regions: 0->0
[390.299s][info][gc,heap        ] GC(997) Humongous regions: 0->0
[390.299s][info][gc,metaspace   ] GC(997) Metaspace: 14324K(15168K)->14324K(15168K) NonClass: 12363K(12864K)->12363K(12864K) Class: 1961K(2304K)->1961K(2304K)
[390.299s][info][gc             ] GC(997) Pause Young (Normal) (G1 Evacuation Pause) 671M->9M(1108M) 3.829ms
[390.299s][info][gc,cpu         ] GC(997) User=0.00s Sys=0.00s Real=0.00s
[390.559s][info][gc,start       ] GC(998) Pause Full (System.gc())
[390.559s][info][gc,task        ] GC(998) Using 29 workers of 33 for full compaction
[390.560s][info][gc,phases,start] GC(998) Phase 1: Mark live objects
[390.572s][info][gc,phases      ] GC(998) Phase 1: Mark live objects 11.553ms
[390.572s][info][gc,phases,start] GC(998) Phase 2: Prepare compaction
[390.574s][info][gc,phases      ] GC(998) Phase 2: Prepare compaction 2.151ms
[390.574s][info][gc,phases,start] GC(998) Phase 3: Adjust pointers
[390.579s][info][gc,phases      ] GC(998) Phase 3: Adjust pointers 5.299ms
[390.579s][info][gc,phases,start] GC(998) Phase 4: Compact heap
[390.580s][info][gc,phases      ] GC(998) Phase 4: Compact heap 0.658ms
[390.587s][info][gc,heap        ] GC(998) Eden regions: 199->0(52)
[390.588s][info][gc,heap        ] GC(998) Survivor regions: 1->0(42)
[390.588s][info][gc,heap        ] GC(998) Old regions: 27->26
[390.588s][info][gc,heap        ] GC(998) Archive regions: 0->0
[390.588s][info][gc,heap        ] GC(998) Humongous regions: 0->0
[390.588s][info][gc,metaspace   ] GC(998) Metaspace: 14324K(15168K)->14324K(15168K) NonClass: 12363K(12864K)->12363K(12864K) Class: 1961K(2304K)->1961K(2304K)
[390.588s][info][gc             ] GC(998) Pause Full (System.gc()) 406M->5M(174M) 28.827ms
[390.588s][info][gc,cpu         ] GC(998) User=0.05s Sys=0.41s Real=0.02s
[390.660s][info][gc,start       ] GC(999) Pause Young (Normal) (G1 Evacuation Pause)
[390.660s][info][gc,task        ] GC(999) Using 33 workers of 33 for evacuation
[390.663s][info][gc,phases      ] GC(999)   Pre Evacuate Collection Set: 0.1ms
[390.663s][info][gc,phases      ] GC(999)   Merge Heap Roots: 0.1ms
[390.663s][info][gc,phases      ] GC(999)   Evacuate Collection Set: 0.4ms
[390.663s][info][gc,phases      ] GC(999)   Post Evacuate Collection Set: 2.2ms
[390.663s][info][gc,phases      ] GC(999)   Other: 0.1ms
[390.663s][info][gc,heap        ] GC(999) Eden regions: 52->0(51)
[390.663s][info][gc,heap        ] GC(999) Survivor regions: 0->1(7)
[390.663s][info][gc,heap        ] GC(999) Old regions: 26->26
[390.663s][info][gc,heap        ] GC(999) Archive regions: 0->0
[390.663s][info][gc,heap        ] GC(999) Humongous regions: 0->0
[390.663s][info][gc,metaspace   ] GC(999) Metaspace: 14324K(15168K)->14324K(15168K) NonClass: 12363K(12864K)->12363K(12864K) Class: 1961K(2304K)->1961K(2304K)
[390.663s][info][gc             ] GC(999) Pause Young (Normal) (G1 Evacuation Pause) 109M->6M(174M) 3.123ms
[390.663s][info][gc,cpu         ] GC(999) User=0.00s Sys=0.00s Real=0.00s
[390.733s][info][gc,start       ] GC(1000) Pause Young (Normal) (G1 Evacuation Pause)
[390.733s][info][gc,task        ] GC(1000) Using 33 workers of 33 for evacuation
[390.736s][info][gc,phases      ] GC(1000)   Pre Evacuate Collection Set: 0.1ms
[390.736s][info][gc,phases      ] GC(1000)   Merge Heap Roots: 0.1ms
[390.736s][info][gc,phases      ] GC(1000)   Evacuate Collection Set: 0.4ms
[390.736s][info][gc,phases      ] GC(1000)   Post Evacuate Collection Set: 2.2ms
[390.736s][info][gc,phases      ] GC(1000)   Other: 0.1ms
[390.736s][info][gc,heap        ] GC(1000) Eden regions: 51->0(51)
[390.736s][info][gc,heap        ] GC(1000) Survivor regions: 1->1(7)
[390.736s][info][gc,heap        ] GC(1000) Old regions: 26->26
[390.736s][info][gc,heap        ] GC(1000) Archive regions: 0->0
[390.736s][info][gc,heap        ] GC(1000) Humongous regions: 0->0
[390.736s][info][gc,metaspace   ] GC(1000) Metaspace: 14324K(15168K)->14324K(15168K) NonClass: 12363K(12864K)->12363K(12864K) Class: 1961K(2304K)->1961K(2304K)
[390.736s][info][gc             ] GC(1000) Pause Young (Normal) (G1 Evacuation Pause) 108M->6M(174M) 3.179ms
[390.736s][info][gc,cpu         ] GC(1000) User=0.00s Sys=0.00s Real=0.00s
[390.802s][info][gc,start       ] GC(1001) Pause Young (Normal) (G1 Evacuation Pause)
[390.802s][info][gc,task        ] GC(1001) Using 33 workers of 33 for evacuation
[390.805s][info][gc,phases      ] GC(1001)   Pre Evacuate Collection Set: 0.1ms
[390.805s][info][gc,phases      ] GC(1001)   Merge Heap Roots: 0.1ms
[390.805s][info][gc,phases      ] GC(1001)   Evacuate Collection Set: 0.5ms
[390.805s][info][gc,phases      ] GC(1001)   Post Evacuate Collection Set: 2.2ms
[390.805s][info][gc,phases      ] GC(1001)   Other: 0.1ms
[390.805s][info][gc,heap        ] GC(1001) Eden regions: 51->0(51)
[390.805s][info][gc,heap        ] GC(1001) Survivor regions: 1->1(7)
[390.805s][info][gc,heap        ] GC(1001) Old regions: 26->26
[390.805s][info][gc,heap        ] GC(1001) Archive regions: 0->0
[390.805s][info][gc,heap        ] GC(1001) Humongous regions: 0->0
[390.805s][info][gc,metaspace   ] GC(1001) Metaspace: 14324K(15168K)->14324K(15168K) NonClass: 12363K(12864K)->12363K(12864K) Class: 1961K(2304K)->1961K(2304K)
[390.805s][info][gc             ] GC(1001) Pause Young (Normal) (G1 Evacuation Pause) 108M->6M(174M) 3.188ms
[390.805s][info][gc,cpu         ] GC(1001) User=0.00s Sys=0.00s Real=0.00s
[390.869s][info][gc,start       ] GC(1002) Pause Young (Normal) (G1 Evacuation Pause)
[390.869s][info][gc,task        ] GC(1002) Using 33 workers of 33 for evacuation
[390.875s][info][gc,phases      ] GC(1002)   Pre Evacuate Collection Set: 0.1ms
[390.875s][info][gc,phases      ] GC(1002)   Merge Heap Roots: 0.1ms
[390.875s][info][gc,phases      ] GC(1002)   Evacuate Collection Set: 0.5ms
[390.875s][info][gc,phases      ] GC(1002)   Post Evacuate Collection Set: 5.2ms
[390.875s][info][gc,phases      ] GC(1002)   Other: 0.1ms
[390.875s][info][gc,heap        ] GC(1002) Eden regions: 51->0(332)
[390.875s][info][gc,heap        ] GC(1002) Survivor regions: 1->1(7)
[390.875s][info][gc,heap        ] GC(1002) Old regions: 26->26
[390.875s][info][gc,heap        ] GC(1002) Archive regions: 0->0
[390.875s][info][gc,heap        ] GC(1002) Humongous regions: 0->0
[390.875s][info][gc,metaspace   ] GC(1002) Metaspace: 14324K(15168K)->14324K(15168K) NonClass: 12363K(12864K)->12363K(12864K) Class: 1961K(2304K)->1961K(2304K)
[390.875s][info][gc             ] GC(1002) Pause Young (Normal) (G1 Evacuation Pause) 108M->6M(1112M) 6.252ms
[390.875s][info][gc,cpu         ] GC(1002) User=0.00s Sys=0.00s Real=0.01s
[391.330s][info][gc,start       ] GC(1003) Pause Young (Normal) (G1 Evacuation Pause)
[391.331s][info][gc,task        ] GC(1003) Using 33 workers of 33 for evacuation
[391.335s][info][gc,phases      ] GC(1003)   Pre Evacuate Collection Set: 0.2ms
[391.336s][info][gc,phases      ] GC(1003)   Merge Heap Roots: 0.1ms
[391.336s][info][gc,phases      ] GC(1003)   Evacuate Collection Set: 1.9ms
[391.336s][info][gc,phases      ] GC(1003)   Post Evacuate Collection Set: 2.7ms
[391.336s][info][gc,phases      ] GC(1003)   Other: 0.1ms
[391.336s][info][gc,heap        ] GC(1003) Eden regions: 332->0(332)
[391.336s][info][gc,heap        ] GC(1003) Survivor regions: 1->1(42)
[391.336s][info][gc,heap        ] GC(1003) Old regions: 26->26
[391.336s][info][gc,heap        ] GC(1003) Archive regions: 0->0
[391.336s][info][gc,heap        ] GC(1003) Humongous regions: 0->0
[391.336s][info][gc,metaspace   ] GC(1003) Metaspace: 14324K(15168K)->14324K(15168K) NonClass: 12363K(12864K)->12363K(12864K) Class: 1961K(2304K)->1961K(2304K)
[391.336s][info][gc             ] GC(1003) Pause Young (Normal) (G1 Evacuation Pause) 670M->6M(1112M) 5.207ms
[391.336s][info][gc,cpu         ] GC(1003) User=0.03s Sys=0.48s Real=0.01s
[391.762s][info][gc,start       ] GC(1004) Pause Young (Normal) (G1 Evacuation Pause)
[391.762s][info][gc,task        ] GC(1004) Using 33 workers of 33 for evacuation
[391.766s][info][gc,phases      ] GC(1004)   Pre Evacuate Collection Set: 0.1ms
[391.766s][info][gc,phases      ] GC(1004)   Merge Heap Roots: 0.1ms
[391.766s][info][gc,phases      ] GC(1004)   Evacuate Collection Set: 1.8ms
[391.766s][info][gc,phases      ] GC(1004)   Post Evacuate Collection Set: 2.4ms
[391.766s][info][gc,phases      ] GC(1004)   Other: 0.1ms
[391.767s][info][gc,heap        ] GC(1004) Eden regions: 332->0(332)
[391.767s][info][gc,heap        ] GC(1004) Survivor regions: 1->1(42)
[391.767s][info][gc,heap        ] GC(1004) Old regions: 26->26
[391.767s][info][gc,heap        ] GC(1004) Archive regions: 0->0
[391.767s][info][gc,heap        ] GC(1004) Humongous regions: 0->0
[391.767s][info][gc,metaspace   ] GC(1004) Metaspace: 14324K(15168K)->14324K(15168K) NonClass: 12363K(12864K)->12363K(12864K) Class: 1961K(2304K)->1961K(2304K)
[391.767s][info][gc             ] GC(1004) Pause Young (Normal) (G1 Evacuation Pause) 670M->6M(1112M) 4.809ms
[391.767s][info][gc,cpu         ] GC(1004) User=0.00s Sys=0.00s Real=0.00s
[392.191s][info][gc,start       ] GC(1005) Pause Young (Normal) (G1 Evacuation Pause)
[392.191s][info][gc,task        ] GC(1005) Using 33 workers of 33 for evacuation
[392.194s][info][gc,phases      ] GC(1005)   Pre Evacuate Collection Set: 0.1ms
[392.194s][info][gc,phases      ] GC(1005)   Merge Heap Roots: 0.2ms
[392.194s][info][gc,phases      ] GC(1005)   Evacuate Collection Set: 0.6ms
[392.194s][info][gc,phases      ] GC(1005)   Post Evacuate Collection Set: 2.5ms
[392.194s][info][gc,phases      ] GC(1005)   Other: 0.1ms
[392.194s][info][gc,heap        ] GC(1005) Eden regions: 332->0(332)
[392.194s][info][gc,heap        ] GC(1005) Survivor regions: 1->1(42)
[392.194s][info][gc,heap        ] GC(1005) Old regions: 26->26
[392.194s][info][gc,heap        ] GC(1005) Archive regions: 0->0
[392.194s][info][gc,heap        ] GC(1005) Humongous regions: 0->0
[392.194s][info][gc,metaspace   ] GC(1005) Metaspace: 14324K(15168K)->14324K(15168K) NonClass: 12363K(12864K)->12363K(12864K) Class: 1961K(2304K)->1961K(2304K)
[392.194s][info][gc             ] GC(1005) Pause Young (Normal) (G1 Evacuation Pause) 670M->6M(1112M) 3.677ms
[392.194s][info][gc,cpu         ] GC(1005) User=0.00s Sys=0.00s Real=0.00s
[392.611s][info][gc,start       ] GC(1006) Pause Young (Normal) (G1 Evacuation Pause)
[392.611s][info][gc,task        ] GC(1006) Using 33 workers of 33 for evacuation
[392.615s][info][gc,phases      ] GC(1006)   Pre Evacuate Collection Set: 0.2ms
[392.615s][info][gc,phases      ] GC(1006)   Merge Heap Roots: 0.1ms
[392.615s][info][gc,phases      ] GC(1006)   Evacuate Collection Set: 0.5ms
[392.615s][info][gc,phases      ] GC(1006)   Post Evacuate Collection Set: 2.4ms
[392.615s][info][gc,phases      ] GC(1006)   Other: 0.1ms
[392.615s][info][gc,heap        ] GC(1006) Eden regions: 332->0(332)
[392.615s][info][gc,heap        ] GC(1006) Survivor regions: 1->1(42)
[392.615s][info][gc,heap        ] GC(1006) Old regions: 26->26
[392.615s][info][gc,heap        ] GC(1006) Archive regions: 0->0
[392.615s][info][gc,heap        ] GC(1006) Humongous regions: 0->0
[392.615s][info][gc,metaspace   ] GC(1006) Metaspace: 14324K(15168K)->14324K(15168K) NonClass: 12363K(12864K)->12363K(12864K) Class: 1961K(2304K)->1961K(2304K)
[392.615s][info][gc             ] GC(1006) Pause Young (Normal) (G1 Evacuation Pause) 670M->7M(1112M) 3.557ms
[392.615s][info][gc,cpu         ] GC(1006) User=0.52s Sys=0.00s Real=0.00s
[393.031s][info][gc,start       ] GC(1007) Pause Young (Normal) (G1 Evacuation Pause)
[393.031s][info][gc,task        ] GC(1007) Using 33 workers of 33 for evacuation
[393.034s][info][gc,phases      ] GC(1007)   Pre Evacuate Collection Set: 0.1ms
[393.034s][info][gc,phases      ] GC(1007)   Merge Heap Roots: 0.1ms
[393.034s][info][gc,phases      ] GC(1007)   Evacuate Collection Set: 0.6ms
[393.034s][info][gc,phases      ] GC(1007)   Post Evacuate Collection Set: 2.4ms
[393.034s][info][gc,phases      ] GC(1007)   Other: 0.1ms
[393.034s][info][gc,heap        ] GC(1007) Eden regions: 332->0(332)
[393.034s][info][gc,heap        ] GC(1007) Survivor regions: 1->1(42)
[393.034s][info][gc,heap        ] GC(1007) Old regions: 26->26
[393.034s][info][gc,heap        ] GC(1007) Archive regions: 0->0
[393.034s][info][gc,heap        ] GC(1007) Humongous regions: 0->0
[393.034s][info][gc,metaspace   ] GC(1007) Metaspace: 14324K(15168K)->14324K(15168K) NonClass: 12363K(12864K)->12363K(12864K) Class: 1961K(2304K)->1961K(2304K)
[393.034s][info][gc             ] GC(1007) Pause Young (Normal) (G1 Evacuation Pause) 671M->7M(1112M) 3.630ms
[393.035s][info][gc,cpu         ] GC(1007) User=0.02s Sys=0.00s Real=0.00s
[393.454s][info][gc,start       ] GC(1008) Pause Young (Normal) (G1 Evacuation Pause)
[393.454s][info][gc,task        ] GC(1008) Using 33 workers of 33 for evacuation
[393.458s][info][gc,phases      ] GC(1008)   Pre Evacuate Collection Set: 0.1ms
[393.458s][info][gc,phases      ] GC(1008)   Merge Heap Roots: 0.1ms
[393.458s][info][gc,phases      ] GC(1008)   Evacuate Collection Set: 0.6ms
[393.458s][info][gc,phases      ] GC(1008)   Post Evacuate Collection Set: 2.5ms
[393.458s][info][gc,phases      ] GC(1008)   Other: 0.1ms
[393.458s][info][gc,heap        ] GC(1008) Eden regions: 332->0(332)
[393.458s][info][gc,heap        ] GC(1008) Survivor regions: 1->1(42)
[393.458s][info][gc,heap        ] GC(1008) Old regions: 26->26
[393.458s][info][gc,heap        ] GC(1008) Archive regions: 0->0
[393.458s][info][gc,heap        ] GC(1008) Humongous regions: 0->0
[393.458s][info][gc,metaspace   ] GC(1008) Metaspace: 14324K(15168K)->14324K(15168K) NonClass: 12363K(12864K)->12363K(12864K) Class: 1961K(2304K)->1961K(2304K)
[393.458s][info][gc             ] GC(1008) Pause Young (Normal) (G1 Evacuation Pause) 671M->7M(1112M) 3.712ms
[393.458s][info][gc,cpu         ] GC(1008) User=0.52s Sys=0.00s Real=0.00s
[393.877s][info][gc,start       ] GC(1009) Pause Young (Normal) (G1 Evacuation Pause)
[393.877s][info][gc,task        ] GC(1009) Using 33 workers of 33 for evacuation
[393.881s][info][gc,phases      ] GC(1009)   Pre Evacuate Collection Set: 0.1ms
[393.881s][info][gc,phases      ] GC(1009)   Merge Heap Roots: 0.1ms
[393.881s][info][gc,phases      ] GC(1009)   Evacuate Collection Set: 0.6ms
[393.881s][info][gc,phases      ] GC(1009)   Post Evacuate Collection Set: 2.5ms
[393.881s][info][gc,phases      ] GC(1009)   Other: 0.1ms
[393.881s][info][gc,heap        ] GC(1009) Eden regions: 332->0(332)
[393.881s][info][gc,heap        ] GC(1009) Survivor regions: 1->1(42)
[393.881s][info][gc,heap        ] GC(1009) Old regions: 26->26
[393.881s][info][gc,heap        ] GC(1009) Archive regions: 0->0
[393.881s][info][gc,heap        ] GC(1009) Humongous regions: 0->0
[393.881s][info][gc,metaspace   ] GC(1009) Metaspace: 14324K(15168K)->14324K(15168K) NonClass: 12363K(12864K)->12363K(12864K) Class: 1961K(2304K)->1961K(2304K)
[393.881s][info][gc             ] GC(1009) Pause Young (Normal) (G1 Evacuation Pause) 671M->7M(1112M) 3.736ms
[393.881s][info][gc,cpu         ] GC(1009) User=0.42s Sys=0.00s Real=0.00s
[394.298s][info][gc,start       ] GC(1010) Pause Young (Normal) (G1 Evacuation Pause)
[394.298s][info][gc,task        ] GC(1010) Using 33 workers of 33 for evacuation
[394.301s][info][gc,phases      ] GC(1010)   Pre Evacuate Collection Set: 0.1ms
[394.301s][info][gc,phases      ] GC(1010)   Merge Heap Roots: 0.1ms
[394.301s][info][gc,phases      ] GC(1010)   Evacuate Collection Set: 0.5ms
[394.301s][info][gc,phases      ] GC(1010)   Post Evacuate Collection Set: 2.6ms
[394.301s][info][gc,phases      ] GC(1010)   Other: 0.1ms
[394.301s][info][gc,heap        ] GC(1010) Eden regions: 332->0(331)
[394.301s][info][gc,heap        ] GC(1010) Survivor regions: 1->2(42)
[394.301s][info][gc,heap        ] GC(1010) Old regions: 26->26
[394.301s][info][gc,heap        ] GC(1010) Archive regions: 0->0
[394.301s][info][gc,heap        ] GC(1010) Humongous regions: 0->0
[394.301s][info][gc,metaspace   ] GC(1010) Metaspace: 14324K(15168K)->14324K(15168K) NonClass: 12363K(12864K)->12363K(12864K) Class: 1961K(2304K)->1961K(2304K)
[394.301s][info][gc             ] GC(1010) Pause Young (Normal) (G1 Evacuation Pause) 671M->7M(1112M) 3.730ms
[394.301s][info][gc,cpu         ] GC(1010) User=0.52s Sys=0.00s Real=0.00s
[394.717s][info][gc,start       ] GC(1011) Pause Young (Normal) (G1 Evacuation Pause)
[394.717s][info][gc,task        ] GC(1011) Using 33 workers of 33 for evacuation
[394.721s][info][gc,phases      ] GC(1011)   Pre Evacuate Collection Set: 0.2ms
[394.721s][info][gc,phases      ] GC(1011)   Merge Heap Roots: 0.1ms
[394.721s][info][gc,phases      ] GC(1011)   Evacuate Collection Set: 1.0ms
[394.721s][info][gc,phases      ] GC(1011)   Post Evacuate Collection Set: 2.6ms
[394.721s][info][gc,phases      ] GC(1011)   Other: 0.1ms
[394.721s][info][gc,heap        ] GC(1011) Eden regions: 331->0(331)
[394.721s][info][gc,heap        ] GC(1011) Survivor regions: 2->2(42)
[394.721s][info][gc,heap        ] GC(1011) Old regions: 26->26
[394.721s][info][gc,heap        ] GC(1011) Archive regions: 0->0
[394.721s][info][gc,heap        ] GC(1011) Humongous regions: 0->0
[394.721s][info][gc,metaspace   ] GC(1011) Metaspace: 14324K(15168K)->14324K(15168K) NonClass: 12363K(12864K)->12363K(12864K) Class: 1961K(2304K)->1961K(2304K)
[394.721s][info][gc             ] GC(1011) Pause Young (Normal) (G1 Evacuation Pause) 669M->7M(1112M) 4.236ms
[394.721s][info][gc,cpu         ] GC(1011) User=0.00s Sys=0.00s Real=0.00s
[395.142s][info][gc,start       ] GC(1012) Pause Young (Normal) (G1 Evacuation Pause)
[395.142s][info][gc,task        ] GC(1012) Using 33 workers of 33 for evacuation
[395.145s][info][gc,phases      ] GC(1012)   Pre Evacuate Collection Set: 0.1ms
[395.145s][info][gc,phases      ] GC(1012)   Merge Heap Roots: 0.1ms
[395.145s][info][gc,phases      ] GC(1012)   Evacuate Collection Set: 0.6ms
[395.145s][info][gc,phases      ] GC(1012)   Post Evacuate Collection Set: 2.7ms
[395.145s][info][gc,phases      ] GC(1012)   Other: 0.1ms
[395.145s][info][gc,heap        ] GC(1012) Eden regions: 331->0(331)
[395.145s][info][gc,heap        ] GC(1012) Survivor regions: 2->2(42)
[395.145s][info][gc,heap        ] GC(1012) Old regions: 26->26
[395.145s][info][gc,heap        ] GC(1012) Archive regions: 0->0
[395.145s][info][gc,heap        ] GC(1012) Humongous regions: 0->0
[395.145s][info][gc,metaspace   ] GC(1012) Metaspace: 14324K(15168K)->14324K(15168K) NonClass: 12363K(12864K)->12363K(12864K) Class: 1961K(2304K)->1961K(2304K)
[395.145s][info][gc             ] GC(1012) Pause Young (Normal) (G1 Evacuation Pause) 669M->7M(1112M) 3.935ms
[395.145s][info][gc,cpu         ] GC(1012) User=0.52s Sys=0.00s Real=0.00s
[395.557s][info][gc,start       ] GC(1013) Pause Young (Normal) (G1 Evacuation Pause)
[395.557s][info][gc,task        ] GC(1013) Using 33 workers of 33 for evacuation
[395.561s][info][gc,phases      ] GC(1013)   Pre Evacuate Collection Set: 0.1ms
[395.561s][info][gc,phases      ] GC(1013)   Merge Heap Roots: 0.1ms
[395.561s][info][gc,phases      ] GC(1013)   Evacuate Collection Set: 0.5ms
[395.561s][info][gc,phases      ] GC(1013)   Post Evacuate Collection Set: 2.8ms
[395.561s][info][gc,phases      ] GC(1013)   Other: 0.1ms
[395.561s][info][gc,heap        ] GC(1013) Eden regions: 331->0(331)
[395.561s][info][gc,heap        ] GC(1013) Survivor regions: 2->2(42)
[395.561s][info][gc,heap        ] GC(1013) Old regions: 26->26
[395.561s][info][gc,heap        ] GC(1013) Archive regions: 0->0
[395.561s][info][gc,heap        ] GC(1013) Humongous regions: 0->0
[395.561s][info][gc,metaspace   ] GC(1013) Metaspace: 14324K(15168K)->14324K(15168K) NonClass: 12363K(12864K)->12363K(12864K) Class: 1961K(2304K)->1961K(2304K)
[395.561s][info][gc             ] GC(1013) Pause Young (Normal) (G1 Evacuation Pause) 669M->7M(1112M) 3.909ms
[395.561s][info][gc,cpu         ] GC(1013) User=0.00s Sys=0.00s Real=0.00s
[396.116s][info][gc,start       ] GC(1014) Pause Young (Normal) (G1 Evacuation Pause)
[396.116s][info][gc,task        ] GC(1014) Using 33 workers of 33 for evacuation
[396.121s][info][gc,phases      ] GC(1014)   Pre Evacuate Collection Set: 0.2ms
[396.121s][info][gc,phases      ] GC(1014)   Merge Heap Roots: 0.2ms
[396.121s][info][gc,phases      ] GC(1014)   Evacuate Collection Set: 0.9ms
[396.121s][info][gc,phases      ] GC(1014)   Post Evacuate Collection Set: 3.6ms
[396.121s][info][gc,phases      ] GC(1014)   Other: 0.2ms
[396.121s][info][gc,heap        ] GC(1014) Eden regions: 331->0(332)
[396.121s][info][gc,heap        ] GC(1014) Survivor regions: 2->1(42)
[396.121s][info][gc,heap        ] GC(1014) Old regions: 26->27
[396.121s][info][gc,heap        ] GC(1014) Archive regions: 0->0
[396.121s][info][gc,heap        ] GC(1014) Humongous regions: 0->0
[396.121s][info][gc,metaspace   ] GC(1014) Metaspace: 14324K(15168K)->14324K(15168K) NonClass: 12363K(12864K)->12363K(12864K) Class: 1961K(2304K)->1961K(2304K)
[396.121s][info][gc             ] GC(1014) Pause Young (Normal) (G1 Evacuation Pause) 669M->7M(1112M) 5.581ms
[396.121s][info][gc,cpu         ] GC(1014) User=0.00s Sys=0.00s Real=0.00s
[396.546s][info][gc,start       ] GC(1015) Pause Young (Normal) (G1 Evacuation Pause)
[396.546s][info][gc,task        ] GC(1015) Using 33 workers of 33 for evacuation
[396.549s][info][gc,phases      ] GC(1015)   Pre Evacuate Collection Set: 0.1ms
[396.549s][info][gc,phases      ] GC(1015)   Merge Heap Roots: 0.2ms
[396.549s][info][gc,phases      ] GC(1015)   Evacuate Collection Set: 0.4ms
[396.549s][info][gc,phases      ] GC(1015)   Post Evacuate Collection Set: 2.4ms
[396.549s][info][gc,phases      ] GC(1015)   Other: 0.1ms
[396.549s][info][gc,heap        ] GC(1015) Eden regions: 332->0(332)
[396.549s][info][gc,heap        ] GC(1015) Survivor regions: 1->1(42)
[396.549s][info][gc,heap        ] GC(1015) Old regions: 27->27
[396.549s][info][gc,heap        ] GC(1015) Archive regions: 0->0
[396.549s][info][gc,heap        ] GC(1015) Humongous regions: 0->0
[396.549s][info][gc,metaspace   ] GC(1015) Metaspace: 14324K(15168K)->14324K(15168K) NonClass: 12363K(12864K)->12363K(12864K) Class: 1961K(2304K)->1961K(2304K)
[396.549s][info][gc             ] GC(1015) Pause Young (Normal) (G1 Evacuation Pause) 671M->7M(1112M) 3.481ms
[396.549s][info][gc,cpu         ] GC(1015) User=0.00s Sys=0.00s Real=0.00s
[396.966s][info][gc,start       ] GC(1016) Pause Young (Normal) (G1 Evacuation Pause)
[396.966s][info][gc,task        ] GC(1016) Using 33 workers of 33 for evacuation
[396.970s][info][gc,phases      ] GC(1016)   Pre Evacuate Collection Set: 0.1ms
[396.970s][info][gc,phases      ] GC(1016)   Merge Heap Roots: 0.2ms
[396.970s][info][gc,phases      ] GC(1016)   Evacuate Collection Set: 0.4ms
[396.970s][info][gc,phases      ] GC(1016)   Post Evacuate Collection Set: 2.5ms
[396.970s][info][gc,phases      ] GC(1016)   Other: 0.1ms
[396.970s][info][gc,heap        ] GC(1016) Eden regions: 332->0(332)
[396.970s][info][gc,heap        ] GC(1016) Survivor regions: 1->1(42)
[396.970s][info][gc,heap        ] GC(1016) Old regions: 27->27
[396.970s][info][gc,heap        ] GC(1016) Archive regions: 0->0
[396.970s][info][gc,heap        ] GC(1016) Humongous regions: 0->0
[396.970s][info][gc,metaspace   ] GC(1016) Metaspace: 14324K(15168K)->14324K(15168K) NonClass: 12363K(12864K)->12363K(12864K) Class: 1961K(2304K)->1961K(2304K)
[396.970s][info][gc             ] GC(1016) Pause Young (Normal) (G1 Evacuation Pause) 671M->7M(1112M) 3.592ms
[396.970s][info][gc,cpu         ] GC(1016) User=0.00s Sys=0.00s Real=0.00s
[397.386s][info][gc,start       ] GC(1017) Pause Young (Normal) (G1 Evacuation Pause)
[397.390s][info][gc,task        ] GC(1017) Using 33 workers of 33 for evacuation
[397.393s][info][gc,phases      ] GC(1017)   Pre Evacuate Collection Set: 0.1ms
[397.393s][info][gc,phases      ] GC(1017)   Merge Heap Roots: 0.2ms
[397.393s][info][gc,phases      ] GC(1017)   Evacuate Collection Set: 0.4ms
[397.393s][info][gc,phases      ] GC(1017)   Post Evacuate Collection Set: 2.4ms
[397.393s][info][gc,phases      ] GC(1017)   Other: 0.1ms
[397.393s][info][gc,heap        ] GC(1017) Eden regions: 332->0(332)
[397.393s][info][gc,heap        ] GC(1017) Survivor regions: 1->1(42)
[397.393s][info][gc,heap        ] GC(1017) Old regions: 27->27
[397.393s][info][gc,heap        ] GC(1017) Archive regions: 0->0
[397.393s][info][gc,heap        ] GC(1017) Humongous regions: 0->0
[397.393s][info][gc,metaspace   ] GC(1017) Metaspace: 14324K(15168K)->14324K(15168K) NonClass: 12363K(12864K)->12363K(12864K) Class: 1961K(2304K)->1961K(2304K)
[397.393s][info][gc             ] GC(1017) Pause Young (Normal) (G1 Evacuation Pause) 671M->7M(1112M) 6.606ms
[397.393s][info][gc,cpu         ] GC(1017) User=0.00s Sys=0.00s Real=0.01s
[397.809s][info][gc,start       ] GC(1018) Pause Young (Normal) (G1 Evacuation Pause)
[397.809s][info][gc,task        ] GC(1018) Using 33 workers of 33 for evacuation
[397.813s][info][gc,phases      ] GC(1018)   Pre Evacuate Collection Set: 0.1ms
[397.813s][info][gc,phases      ] GC(1018)   Merge Heap Roots: 0.2ms
[397.813s][info][gc,phases      ] GC(1018)   Evacuate Collection Set: 0.4ms
[397.813s][info][gc,phases      ] GC(1018)   Post Evacuate Collection Set: 2.4ms
[397.813s][info][gc,phases      ] GC(1018)   Other: 0.1ms
[397.813s][info][gc,heap        ] GC(1018) Eden regions: 332->0(332)
[397.813s][info][gc,heap        ] GC(1018) Survivor regions: 1->1(42)
[397.813s][info][gc,heap        ] GC(1018) Old regions: 27->27
[397.813s][info][gc,heap        ] GC(1018) Archive regions: 0->0
[397.813s][info][gc,heap        ] GC(1018) Humongous regions: 0->0
[397.813s][info][gc,metaspace   ] GC(1018) Metaspace: 14324K(15168K)->14324K(15168K) NonClass: 12363K(12864K)->12363K(12864K) Class: 1961K(2304K)->1961K(2304K)
[397.813s][info][gc             ] GC(1018) Pause Young (Normal) (G1 Evacuation Pause) 671M->7M(1112M) 3.523ms
[397.813s][info][gc,cpu         ] GC(1018) User=0.00s Sys=0.00s Real=0.00s
[398.230s][info][gc,start       ] GC(1019) Pause Young (Normal) (G1 Evacuation Pause)
[398.230s][info][gc,task        ] GC(1019) Using 33 workers of 33 for evacuation
[398.233s][info][gc,phases      ] GC(1019)   Pre Evacuate Collection Set: 0.1ms
[398.233s][info][gc,phases      ] GC(1019)   Merge Heap Roots: 0.2ms
[398.233s][info][gc,phases      ] GC(1019)   Evacuate Collection Set: 0.4ms
[398.233s][info][gc,phases      ] GC(1019)   Post Evacuate Collection Set: 2.5ms
[398.233s][info][gc,phases      ] GC(1019)   Other: 0.1ms
[398.233s][info][gc,heap        ] GC(1019) Eden regions: 332->0(332)
[398.233s][info][gc,heap        ] GC(1019) Survivor regions: 1->1(42)
[398.233s][info][gc,heap        ] GC(1019) Old regions: 27->27
[398.233s][info][gc,heap        ] GC(1019) Archive regions: 0->0
[398.233s][info][gc,heap        ] GC(1019) Humongous regions: 0->0
[398.233s][info][gc,metaspace   ] GC(1019) Metaspace: 14324K(15168K)->14324K(15168K) NonClass: 12363K(12864K)->12363K(12864K) Class: 1961K(2304K)->1961K(2304K)
[398.233s][info][gc             ] GC(1019) Pause Young (Normal) (G1 Evacuation Pause) 671M->7M(1112M) 3.563ms
[398.233s][info][gc,cpu         ] GC(1019) User=0.00s Sys=0.00s Real=0.00s
[398.653s][info][gc,start       ] GC(1020) Pause Young (Normal) (G1 Evacuation Pause)
[398.653s][info][gc,task        ] GC(1020) Using 33 workers of 33 for evacuation
[398.656s][info][gc,phases      ] GC(1020)   Pre Evacuate Collection Set: 0.1ms
[398.656s][info][gc,phases      ] GC(1020)   Merge Heap Roots: 0.2ms
[398.656s][info][gc,phases      ] GC(1020)   Evacuate Collection Set: 0.4ms
[398.656s][info][gc,phases      ] GC(1020)   Post Evacuate Collection Set: 2.6ms
[398.656s][info][gc,phases      ] GC(1020)   Other: 0.1ms
[398.656s][info][gc,heap        ] GC(1020) Eden regions: 332->0(332)
[398.656s][info][gc,heap        ] GC(1020) Survivor regions: 1->1(42)
[398.656s][info][gc,heap        ] GC(1020) Old regions: 27->27
[398.656s][info][gc,heap        ] GC(1020) Archive regions: 0->0
[398.657s][info][gc,heap        ] GC(1020) Humongous regions: 0->0
[398.657s][info][gc,metaspace   ] GC(1020) Metaspace: 14324K(15168K)->14324K(15168K) NonClass: 12363K(12864K)->12363K(12864K) Class: 1961K(2304K)->1961K(2304K)
[398.657s][info][gc             ] GC(1020) Pause Young (Normal) (G1 Evacuation Pause) 671M->8M(1112M) 3.614ms
[398.657s][info][gc,cpu         ] GC(1020) User=0.00s Sys=0.00s Real=0.00s
[399.073s][info][gc,start       ] GC(1021) Pause Young (Normal) (G1 Evacuation Pause)
[399.073s][info][gc,task        ] GC(1021) Using 33 workers of 33 for evacuation
[399.076s][info][gc,phases      ] GC(1021)   Pre Evacuate Collection Set: 0.2ms
[399.076s][info][gc,phases      ] GC(1021)   Merge Heap Roots: 0.2ms
[399.076s][info][gc,phases      ] GC(1021)   Evacuate Collection Set: 0.4ms
[399.076s][info][gc,phases      ] GC(1021)   Post Evacuate Collection Set: 2.6ms
[399.076s][info][gc,phases      ] GC(1021)   Other: 0.1ms
[399.076s][info][gc,heap        ] GC(1021) Eden regions: 332->0(332)
[399.076s][info][gc,heap        ] GC(1021) Survivor regions: 1->1(42)
[399.076s][info][gc,heap        ] GC(1021) Old regions: 27->27
[399.076s][info][gc,heap        ] GC(1021) Archive regions: 0->0
[399.076s][info][gc,heap        ] GC(1021) Humongous regions: 0->0
[399.076s][info][gc,metaspace   ] GC(1021) Metaspace: 14324K(15168K)->14324K(15168K) NonClass: 12363K(12864K)->12363K(12864K) Class: 1961K(2304K)->1961K(2304K)
[399.076s][info][gc             ] GC(1021) Pause Young (Normal) (G1 Evacuation Pause) 672M->8M(1112M) 3.702ms
[399.077s][info][gc,cpu         ] GC(1021) User=0.00s Sys=0.00s Real=0.00s
[399.495s][info][gc,start       ] GC(1022) Pause Young (Normal) (G1 Evacuation Pause)
[399.495s][info][gc,task        ] GC(1022) Using 33 workers of 33 for evacuation
[399.499s][info][gc,phases      ] GC(1022)   Pre Evacuate Collection Set: 0.1ms
[399.499s][info][gc,phases      ] GC(1022)   Merge Heap Roots: 0.2ms
[399.499s][info][gc,phases      ] GC(1022)   Evacuate Collection Set: 0.4ms
[399.499s][info][gc,phases      ] GC(1022)   Post Evacuate Collection Set: 2.7ms
[399.499s][info][gc,phases      ] GC(1022)   Other: 0.1ms
[399.499s][info][gc,heap        ] GC(1022) Eden regions: 332->0(332)
[399.499s][info][gc,heap        ] GC(1022) Survivor regions: 1->1(42)
[399.499s][info][gc,heap        ] GC(1022) Old regions: 27->27
[399.499s][info][gc,heap        ] GC(1022) Archive regions: 0->0
[399.499s][info][gc,heap        ] GC(1022) Humongous regions: 0->0
[399.499s][info][gc,metaspace   ] GC(1022) Metaspace: 14324K(15168K)->14324K(15168K) NonClass: 12363K(12864K)->12363K(12864K) Class: 1961K(2304K)->1961K(2304K)
[399.499s][info][gc             ] GC(1022) Pause Young (Normal) (G1 Evacuation Pause) 672M->8M(1112M) 3.756ms
[399.499s][info][gc,cpu         ] GC(1022) User=0.00s Sys=0.00s Real=0.00s
[400.010s][info][gc,start       ] GC(1023) Pause Young (Normal) (G1 Evacuation Pause)
[400.010s][info][gc,task        ] GC(1023) Using 33 workers of 33 for evacuation
[400.015s][info][gc,phases      ] GC(1023)   Pre Evacuate Collection Set: 0.2ms
[400.015s][info][gc,phases      ] GC(1023)   Merge Heap Roots: 0.3ms
[400.015s][info][gc,phases      ] GC(1023)   Evacuate Collection Set: 0.7ms
[400.015s][info][gc,phases      ] GC(1023)   Post Evacuate Collection Set: 3.5ms
[400.015s][info][gc,phases      ] GC(1023)   Other: 0.2ms
[400.015s][info][gc,heap        ] GC(1023) Eden regions: 332->0(332)
[400.015s][info][gc,heap        ] GC(1023) Survivor regions: 1->1(42)
[400.015s][info][gc,heap        ] GC(1023) Old regions: 27->27
[400.015s][info][gc,heap        ] GC(1023) Archive regions: 0->0
[400.015s][info][gc,heap        ] GC(1023) Humongous regions: 0->0
[400.015s][info][gc,metaspace   ] GC(1023) Metaspace: 14324K(15168K)->14324K(15168K) NonClass: 12363K(12864K)->12363K(12864K) Class: 1961K(2304K)->1961K(2304K)
[400.015s][info][gc             ] GC(1023) Pause Young (Normal) (G1 Evacuation Pause) 672M->8M(1112M) 5.423ms
[400.015s][info][gc,cpu         ] GC(1023) User=0.00s Sys=0.00s Real=0.00s
[400.436s][info][gc,start       ] GC(1024) Pause Young (Normal) (G1 Evacuation Pause)
[400.436s][info][gc,task        ] GC(1024) Using 33 workers of 33 for evacuation
[400.439s][info][gc,phases      ] GC(1024)   Pre Evacuate Collection Set: 0.1ms
[400.439s][info][gc,phases      ] GC(1024)   Merge Heap Roots: 0.2ms
[400.439s][info][gc,phases      ] GC(1024)   Evacuate Collection Set: 0.4ms
[400.439s][info][gc,phases      ] GC(1024)   Post Evacuate Collection Set: 2.3ms
[400.439s][info][gc,phases      ] GC(1024)   Other: 0.1ms
[400.439s][info][gc,heap        ] GC(1024) Eden regions: 332->0(332)
[400.439s][info][gc,heap        ] GC(1024) Survivor regions: 1->1(42)
[400.439s][info][gc,heap        ] GC(1024) Old regions: 27->28
[400.439s][info][gc,heap        ] GC(1024) Archive regions: 0->0
[400.439s][info][gc,heap        ] GC(1024) Humongous regions: 0->0
[400.439s][info][gc,metaspace   ] GC(1024) Metaspace: 14324K(15168K)->14324K(15168K) NonClass: 12363K(12864K)->12363K(12864K) Class: 1961K(2304K)->1961K(2304K)
[400.439s][info][gc             ] GC(1024) Pause Young (Normal) (G1 Evacuation Pause) 672M->8M(1112M) 3.410ms
[400.439s][info][gc,cpu         ] GC(1024) User=0.00s Sys=0.00s Real=0.00s
[400.854s][info][gc,start       ] GC(1025) Pause Young (Normal) (G1 Evacuation Pause)
[400.854s][info][gc,task        ] GC(1025) Using 33 workers of 33 for evacuation
[400.857s][info][gc,phases      ] GC(1025)   Pre Evacuate Collection Set: 0.2ms
[400.857s][info][gc,phases      ] GC(1025)   Merge Heap Roots: 0.2ms
[400.857s][info][gc,phases      ] GC(1025)   Evacuate Collection Set: 0.4ms
[400.857s][info][gc,phases      ] GC(1025)   Post Evacuate Collection Set: 2.4ms
[400.857s][info][gc,phases      ] GC(1025)   Other: 0.1ms
[400.857s][info][gc,heap        ] GC(1025) Eden regions: 332->0(332)
[400.857s][info][gc,heap        ] GC(1025) Survivor regions: 1->1(42)
[400.857s][info][gc,heap        ] GC(1025) Old regions: 28->28
[400.857s][info][gc,heap        ] GC(1025) Archive regions: 0->0
[400.857s][info][gc,heap        ] GC(1025) Humongous regions: 0->0
[400.857s][info][gc,metaspace   ] GC(1025) Metaspace: 14324K(15168K)->14324K(15168K) NonClass: 12363K(12864K)->12363K(12864K) Class: 1961K(2304K)->1961K(2304K)
[400.857s][info][gc             ] GC(1025) Pause Young (Normal) (G1 Evacuation Pause) 672M->8M(1112M) 3.507ms
[400.857s][info][gc,cpu         ] GC(1025) User=0.00s Sys=0.00s Real=0.00s
[401.272s][info][gc,start       ] GC(1026) Pause Young (Normal) (G1 Evacuation Pause)
[401.272s][info][gc,task        ] GC(1026) Using 33 workers of 33 for evacuation
[401.275s][info][gc,phases      ] GC(1026)   Pre Evacuate Collection Set: 0.1ms
[401.275s][info][gc,phases      ] GC(1026)   Merge Heap Roots: 0.2ms
[401.275s][info][gc,phases      ] GC(1026)   Evacuate Collection Set: 0.4ms
[401.275s][info][gc,phases      ] GC(1026)   Post Evacuate Collection Set: 2.3ms
[401.275s][info][gc,phases      ] GC(1026)   Other: 0.1ms
[401.275s][info][gc,heap        ] GC(1026) Eden regions: 332->0(332)
[401.275s][info][gc,heap        ] GC(1026) Survivor regions: 1->1(42)
[401.275s][info][gc,heap        ] GC(1026) Old regions: 28->28
[401.275s][info][gc,heap        ] GC(1026) Archive regions: 0->0
[401.275s][info][gc,heap        ] GC(1026) Humongous regions: 0->0
[401.275s][info][gc,metaspace   ] GC(1026) Metaspace: 14324K(15168K)->14324K(15168K) NonClass: 12363K(12864K)->12363K(12864K) Class: 1961K(2304K)->1961K(2304K)
[401.275s][info][gc             ] GC(1026) Pause Young (Normal) (G1 Evacuation Pause) 672M->8M(1112M) 3.344ms
[401.275s][info][gc,cpu         ] GC(1026) User=0.00s Sys=0.00s Real=0.00s
[401.686s][info][gc,start       ] GC(1027) Pause Young (Normal) (G1 Evacuation Pause)
[401.686s][info][gc,task        ] GC(1027) Using 33 workers of 33 for evacuation
[401.689s][info][gc,phases      ] GC(1027)   Pre Evacuate Collection Set: 0.1ms
[401.689s][info][gc,phases      ] GC(1027)   Merge Heap Roots: 0.2ms
[401.689s][info][gc,phases      ] GC(1027)   Evacuate Collection Set: 0.4ms
[401.689s][info][gc,phases      ] GC(1027)   Post Evacuate Collection Set: 2.3ms
[401.689s][info][gc,phases      ] GC(1027)   Other: 0.1ms
[401.689s][info][gc,heap        ] GC(1027) Eden regions: 332->0(332)
[401.689s][info][gc,heap        ] GC(1027) Survivor regions: 1->1(42)
[401.689s][info][gc,heap        ] GC(1027) Old regions: 28->28
[401.689s][info][gc,heap        ] GC(1027) Archive regions: 0->0
[401.689s][info][gc,heap        ] GC(1027) Humongous regions: 0->0
[401.689s][info][gc,metaspace   ] GC(1027) Metaspace: 14324K(15168K)->14324K(15168K) NonClass: 12363K(12864K)->12363K(12864K) Class: 1961K(2304K)->1961K(2304K)
[401.689s][info][gc             ] GC(1027) Pause Young (Normal) (G1 Evacuation Pause) 672M->8M(1112M) 3.362ms
[401.690s][info][gc,cpu         ] GC(1027) User=0.00s Sys=0.00s Real=0.00s
[402.103s][info][gc,start       ] GC(1028) Pause Young (Normal) (G1 Evacuation Pause)
[402.103s][info][gc,task        ] GC(1028) Using 33 workers of 33 for evacuation
[402.106s][info][gc,phases      ] GC(1028)   Pre Evacuate Collection Set: 0.1ms
[402.106s][info][gc,phases      ] GC(1028)   Merge Heap Roots: 0.2ms
[402.106s][info][gc,phases      ] GC(1028)   Evacuate Collection Set: 0.3ms
[402.106s][info][gc,phases      ] GC(1028)   Post Evacuate Collection Set: 2.4ms
[402.106s][info][gc,phases      ] GC(1028)   Other: 0.1ms
[402.106s][info][gc,heap        ] GC(1028) Eden regions: 332->0(332)
[402.106s][info][gc,heap        ] GC(1028) Survivor regions: 1->1(42)
[402.106s][info][gc,heap        ] GC(1028) Old regions: 28->28
[402.106s][info][gc,heap        ] GC(1028) Archive regions: 0->0
[402.106s][info][gc,heap        ] GC(1028) Humongous regions: 0->0
[402.106s][info][gc,metaspace   ] GC(1028) Metaspace: 14324K(15168K)->14324K(15168K) NonClass: 12363K(12864K)->12363K(12864K) Class: 1961K(2304K)->1961K(2304K)
[402.106s][info][gc             ] GC(1028) Pause Young (Normal) (G1 Evacuation Pause) 672M->8M(1112M) 3.471ms
[402.106s][info][gc,cpu         ] GC(1028) User=0.00s Sys=0.00s Real=0.00s
[402.519s][info][gc,start       ] GC(1029) Pause Young (Normal) (G1 Evacuation Pause)
[402.519s][info][gc,task        ] GC(1029) Using 33 workers of 33 for evacuation
[402.522s][info][gc,phases      ] GC(1029)   Pre Evacuate Collection Set: 0.1ms
[402.522s][info][gc,phases      ] GC(1029)   Merge Heap Roots: 0.2ms
[402.522s][info][gc,phases      ] GC(1029)   Evacuate Collection Set: 0.4ms
[402.522s][info][gc,phases      ] GC(1029)   Post Evacuate Collection Set: 2.5ms
[402.522s][info][gc,phases      ] GC(1029)   Other: 0.1ms
[402.522s][info][gc,heap        ] GC(1029) Eden regions: 332->0(332)
[402.522s][info][gc,heap        ] GC(1029) Survivor regions: 1->1(42)
[402.522s][info][gc,heap        ] GC(1029) Old regions: 28->28
[402.522s][info][gc,heap        ] GC(1029) Archive regions: 0->0
[402.522s][info][gc,heap        ] GC(1029) Humongous regions: 0->0
[402.522s][info][gc,metaspace   ] GC(1029) Metaspace: 14324K(15168K)->14324K(15168K) NonClass: 12363K(12864K)->12363K(12864K) Class: 1961K(2304K)->1961K(2304K)
[402.522s][info][gc             ] GC(1029) Pause Young (Normal) (G1 Evacuation Pause) 672M->8M(1112M) 3.516ms
[402.522s][info][gc,cpu         ] GC(1029) User=0.00s Sys=0.00s Real=0.00s
[402.935s][info][gc,start       ] GC(1030) Pause Young (Normal) (G1 Evacuation Pause)
[402.935s][info][gc,task        ] GC(1030) Using 33 workers of 33 for evacuation
[402.939s][info][gc,phases      ] GC(1030)   Pre Evacuate Collection Set: 0.1ms
[402.939s][info][gc,phases      ] GC(1030)   Merge Heap Roots: 0.2ms
[402.939s][info][gc,phases      ] GC(1030)   Evacuate Collection Set: 0.4ms
[402.939s][info][gc,phases      ] GC(1030)   Post Evacuate Collection Set: 2.5ms
[402.939s][info][gc,phases      ] GC(1030)   Other: 0.1ms
[402.939s][info][gc,heap        ] GC(1030) Eden regions: 332->0(332)
[402.939s][info][gc,heap        ] GC(1030) Survivor regions: 1->1(42)
[402.939s][info][gc,heap        ] GC(1030) Old regions: 28->28
[402.939s][info][gc,heap        ] GC(1030) Archive regions: 0->0
[402.939s][info][gc,heap        ] GC(1030) Humongous regions: 0->0
[402.939s][info][gc,metaspace   ] GC(1030) Metaspace: 14324K(15168K)->14324K(15168K) NonClass: 12363K(12864K)->12363K(12864K) Class: 1961K(2304K)->1961K(2304K)
[402.939s][info][gc             ] GC(1030) Pause Young (Normal) (G1 Evacuation Pause) 672M->8M(1112M) 3.535ms
[402.939s][info][gc,cpu         ] GC(1030) User=0.00s Sys=0.00s Real=0.00s
[403.353s][info][gc,start       ] GC(1031) Pause Young (Normal) (G1 Evacuation Pause)
[403.353s][info][gc,task        ] GC(1031) Using 33 workers of 33 for evacuation
[403.356s][info][gc,phases      ] GC(1031)   Pre Evacuate Collection Set: 0.1ms
[403.357s][info][gc,phases      ] GC(1031)   Merge Heap Roots: 0.1ms
[403.357s][info][gc,phases      ] GC(1031)   Evacuate Collection Set: 0.4ms
[403.357s][info][gc,phases      ] GC(1031)   Post Evacuate Collection Set: 2.6ms
[403.357s][info][gc,phases      ] GC(1031)   Other: 0.1ms
[403.357s][info][gc,heap        ] GC(1031) Eden regions: 332->0(332)
[403.357s][info][gc,heap        ] GC(1031) Survivor regions: 1->1(42)
[403.357s][info][gc,heap        ] GC(1031) Old regions: 28->28
[403.357s][info][gc,heap        ] GC(1031) Archive regions: 0->0
[403.357s][info][gc,heap        ] GC(1031) Humongous regions: 0->0
[403.357s][info][gc,metaspace   ] GC(1031) Metaspace: 14324K(15168K)->14324K(15168K) NonClass: 12363K(12864K)->12363K(12864K) Class: 1961K(2304K)->1961K(2304K)
[403.357s][info][gc             ] GC(1031) Pause Young (Normal) (G1 Evacuation Pause) 672M->8M(1112M) 3.593ms
[403.357s][info][gc,cpu         ] GC(1031) User=0.00s Sys=0.00s Real=0.00s
[403.772s][info][gc,start       ] GC(1032) Pause Young (Normal) (G1 Evacuation Pause)
[403.772s][info][gc,task        ] GC(1032) Using 33 workers of 33 for evacuation
[403.775s][info][gc,phases      ] GC(1032)   Pre Evacuate Collection Set: 0.2ms
[403.775s][info][gc,phases      ] GC(1032)   Merge Heap Roots: 0.2ms
[403.775s][info][gc,phases      ] GC(1032)   Evacuate Collection Set: 0.4ms
[403.775s][info][gc,phases      ] GC(1032)   Post Evacuate Collection Set: 2.6ms
[403.775s][info][gc,phases      ] GC(1032)   Other: 0.1ms
[403.775s][info][gc,heap        ] GC(1032) Eden regions: 332->0(332)
[403.775s][info][gc,heap        ] GC(1032) Survivor regions: 1->1(42)
[403.775s][info][gc,heap        ] GC(1032) Old regions: 28->28
[403.775s][info][gc,heap        ] GC(1032) Archive regions: 0->0
[403.775s][info][gc,heap        ] GC(1032) Humongous regions: 0->0
[403.775s][info][gc,metaspace   ] GC(1032) Metaspace: 14324K(15168K)->14324K(15168K) NonClass: 12363K(12864K)->12363K(12864K) Class: 1961K(2304K)->1961K(2304K)
[403.775s][info][gc             ] GC(1032) Pause Young (Normal) (G1 Evacuation Pause) 672M->8M(1112M) 3.749ms
[403.776s][info][gc,cpu         ] GC(1032) User=0.00s Sys=0.00s Real=0.00s
[404.190s][info][gc,start       ] GC(1033) Pause Young (Normal) (G1 Evacuation Pause)
[404.190s][info][gc,task        ] GC(1033) Using 33 workers of 33 for evacuation
[404.194s][info][gc,phases      ] GC(1033)   Pre Evacuate Collection Set: 0.1ms
[404.194s][info][gc,phases      ] GC(1033)   Merge Heap Roots: 0.1ms
[404.194s][info][gc,phases      ] GC(1033)   Evacuate Collection Set: 0.4ms
[404.194s][info][gc,phases      ] GC(1033)   Post Evacuate Collection Set: 2.7ms
[404.194s][info][gc,phases      ] GC(1033)   Other: 0.1ms
[404.194s][info][gc,heap        ] GC(1033) Eden regions: 332->0(332)
[404.194s][info][gc,heap        ] GC(1033) Survivor regions: 1->1(42)
[404.194s][info][gc,heap        ] GC(1033) Old regions: 28->28
[404.194s][info][gc,heap        ] GC(1033) Archive regions: 0->0
[404.194s][info][gc,heap        ] GC(1033) Humongous regions: 0->0
[404.194s][info][gc,metaspace   ] GC(1033) Metaspace: 14324K(15168K)->14324K(15168K) NonClass: 12363K(12864K)->12363K(12864K) Class: 1961K(2304K)->1961K(2304K)
[404.194s][info][gc             ] GC(1033) Pause Young (Normal) (G1 Evacuation Pause) 672M->9M(1112M) 3.723ms
[404.194s][info][gc,cpu         ] GC(1033) User=0.33s Sys=0.06s Real=0.00s
[404.608s][info][gc,start       ] GC(1034) Pause Young (Normal) (G1 Evacuation Pause)
[404.608s][info][gc,task        ] GC(1034) Using 33 workers of 33 for evacuation
[404.612s][info][gc,phases      ] GC(1034)   Pre Evacuate Collection Set: 0.1ms
[404.612s][info][gc,phases      ] GC(1034)   Merge Heap Roots: 0.1ms
[404.612s][info][gc,phases      ] GC(1034)   Evacuate Collection Set: 0.4ms
[404.612s][info][gc,phases      ] GC(1034)   Post Evacuate Collection Set: 2.7ms
[404.612s][info][gc,phases      ] GC(1034)   Other: 0.1ms
[404.612s][info][gc,heap        ] GC(1034) Eden regions: 332->0(332)
[404.612s][info][gc,heap        ] GC(1034) Survivor regions: 1->1(42)
[404.612s][info][gc,heap        ] GC(1034) Old regions: 28->28
[404.612s][info][gc,heap        ] GC(1034) Archive regions: 0->0
[404.612s][info][gc,heap        ] GC(1034) Humongous regions: 0->0
[404.612s][info][gc,metaspace   ] GC(1034) Metaspace: 14324K(15168K)->14324K(15168K) NonClass: 12363K(12864K)->12363K(12864K) Class: 1961K(2304K)->1961K(2304K)
[404.612s][info][gc             ] GC(1034) Pause Young (Normal) (G1 Evacuation Pause) 673M->9M(1112M) 3.740ms
[404.612s][info][gc,cpu         ] GC(1034) User=0.00s Sys=0.00s Real=0.00s
[405.033s][info][gc,start       ] GC(1035) Pause Young (Normal) (G1 Evacuation Pause)
[405.033s][info][gc,task        ] GC(1035) Using 33 workers of 33 for evacuation
[405.036s][info][gc,phases      ] GC(1035)   Pre Evacuate Collection Set: 0.1ms
[405.036s][info][gc,phases      ] GC(1035)   Merge Heap Roots: 0.2ms
[405.036s][info][gc,phases      ] GC(1035)   Evacuate Collection Set: 0.3ms
[405.036s][info][gc,phases      ] GC(1035)   Post Evacuate Collection Set: 2.7ms
[405.036s][info][gc,phases      ] GC(1035)   Other: 0.1ms
[405.036s][info][gc,heap        ] GC(1035) Eden regions: 332->0(332)
[405.036s][info][gc,heap        ] GC(1035) Survivor regions: 1->1(42)
[405.036s][info][gc,heap        ] GC(1035) Old regions: 28->28
[405.036s][info][gc,heap        ] GC(1035) Archive regions: 0->0
[405.036s][info][gc,heap        ] GC(1035) Humongous regions: 0->0
[405.036s][info][gc,metaspace   ] GC(1035) Metaspace: 14324K(15168K)->14324K(15168K) NonClass: 12363K(12864K)->12363K(12864K) Class: 1961K(2304K)->1961K(2304K)
[405.036s][info][gc             ] GC(1035) Pause Young (Normal) (G1 Evacuation Pause) 673M->9M(1112M) 3.721ms
[405.036s][info][gc,cpu         ] GC(1035) User=0.52s Sys=0.00s Real=0.00s
[405.501s][info][gc,start       ] GC(1036) Pause Young (Normal) (G1 Evacuation Pause)
[405.501s][info][gc,task        ] GC(1036) Using 33 workers of 33 for evacuation
[405.504s][info][gc,phases      ] GC(1036)   Pre Evacuate Collection Set: 0.1ms
[405.504s][info][gc,phases      ] GC(1036)   Merge Heap Roots: 0.2ms
[405.504s][info][gc,phases      ] GC(1036)   Evacuate Collection Set: 0.4ms
[405.504s][info][gc,phases      ] GC(1036)   Post Evacuate Collection Set: 2.3ms
[405.504s][info][gc,phases      ] GC(1036)   Other: 0.1ms
[405.504s][info][gc,heap        ] GC(1036) Eden regions: 332->0(332)
[405.504s][info][gc,heap        ] GC(1036) Survivor regions: 1->1(42)
[405.504s][info][gc,heap        ] GC(1036) Old regions: 28->28
[405.504s][info][gc,heap        ] GC(1036) Archive regions: 0->0
[405.505s][info][gc,heap        ] GC(1036) Humongous regions: 0->0
[405.505s][info][gc,metaspace   ] GC(1036) Metaspace: 14324K(15168K)->14324K(15168K) NonClass: 12363K(12864K)->12363K(12864K) Class: 1961K(2304K)->1961K(2304K)
[405.505s][info][gc             ] GC(1036) Pause Young (Normal) (G1 Evacuation Pause) 673M->9M(1112M) 3.403ms
[405.505s][info][gc,cpu         ] GC(1036) User=0.52s Sys=0.00s Real=0.00s
[405.840s][info][gc,start       ] GC(1037) Pause Full (System.gc())
[405.840s][info][gc,task        ] GC(1037) Using 29 workers of 33 for full compaction
[405.842s][info][gc,phases,start] GC(1037) Phase 1: Mark live objects
[405.855s][info][gc,phases      ] GC(1037) Phase 1: Mark live objects 13.485ms
[405.855s][info][gc,phases,start] GC(1037) Phase 2: Prepare compaction
[405.857s][info][gc,phases      ] GC(1037) Phase 2: Prepare compaction 2.208ms
[405.857s][info][gc,phases,start] GC(1037) Phase 3: Adjust pointers
[405.862s][info][gc,phases      ] GC(1037) Phase 3: Adjust pointers 4.588ms
[405.862s][info][gc,phases,start] GC(1037) Phase 4: Compact heap
[405.863s][info][gc,phases      ] GC(1037) Phase 4: Compact heap 0.582ms
[405.870s][info][gc,heap        ] GC(1037) Eden regions: 223->0(50)
[405.870s][info][gc,heap        ] GC(1037) Survivor regions: 1->0(42)
[405.870s][info][gc,heap        ] GC(1037) Old regions: 28->25
[405.870s][info][gc,heap        ] GC(1037) Archive regions: 0->0
[405.870s][info][gc,heap        ] GC(1037) Humongous regions: 0->0
[405.870s][info][gc,metaspace   ] GC(1037) Metaspace: 14326K(15168K)->14326K(15168K) NonClass: 12365K(12864K)->12365K(12864K) Class: 1961K(2304K)->1961K(2304K)
[405.871s][info][gc             ] GC(1037) Pause Full (System.gc()) 454M->5M(168M) 30.312ms
[405.871s][info][gc,cpu         ] GC(1037) User=0.03s Sys=0.28s Real=0.03s
[405.940s][info][gc,start       ] GC(1038) Pause Young (Normal) (G1 Evacuation Pause)
[405.940s][info][gc,task        ] GC(1038) Using 33 workers of 33 for evacuation
[405.943s][info][gc,phases      ] GC(1038)   Pre Evacuate Collection Set: 0.1ms
[405.943s][info][gc,phases      ] GC(1038)   Merge Heap Roots: 0.1ms
[405.943s][info][gc,phases      ] GC(1038)   Evacuate Collection Set: 0.4ms
[405.943s][info][gc,phases      ] GC(1038)   Post Evacuate Collection Set: 1.8ms
[405.943s][info][gc,phases      ] GC(1038)   Other: 0.1ms
[405.943s][info][gc,heap        ] GC(1038) Eden regions: 50->0(49)
[405.943s][info][gc,heap        ] GC(1038) Survivor regions: 0->1(7)
[405.943s][info][gc,heap        ] GC(1038) Old regions: 25->25
[405.943s][info][gc,heap        ] GC(1038) Archive regions: 0->0
[405.943s][info][gc,heap        ] GC(1038) Humongous regions: 0->0
[405.943s][info][gc,metaspace   ] GC(1038) Metaspace: 14329K(15168K)->14329K(15168K) NonClass: 12368K(12864K)->12368K(12864K) Class: 1961K(2304K)->1961K(2304K)
[405.943s][info][gc             ] GC(1038) Pause Young (Normal) (G1 Evacuation Pause) 105M->6M(168M) 2.712ms
[405.943s][info][gc,cpu         ] GC(1038) User=0.52s Sys=0.00s Real=0.00s
[406.014s][info][gc,start       ] GC(1039) Pause Young (Normal) (G1 Evacuation Pause)
[406.014s][info][gc,task        ] GC(1039) Using 33 workers of 33 for evacuation
[406.016s][info][gc,phases      ] GC(1039)   Pre Evacuate Collection Set: 0.1ms
[406.016s][info][gc,phases      ] GC(1039)   Merge Heap Roots: 0.1ms
[406.016s][info][gc,phases      ] GC(1039)   Evacuate Collection Set: 0.4ms
[406.016s][info][gc,phases      ] GC(1039)   Post Evacuate Collection Set: 1.8ms
[406.016s][info][gc,phases      ] GC(1039)   Other: 0.1ms
[406.016s][info][gc,heap        ] GC(1039) Eden regions: 49->0(49)
[406.016s][info][gc,heap        ] GC(1039) Survivor regions: 1->1(7)
[406.016s][info][gc,heap        ] GC(1039) Old regions: 25->25
[406.016s][info][gc,heap        ] GC(1039) Archive regions: 0->0
[406.016s][info][gc,heap        ] GC(1039) Humongous regions: 0->0
[406.017s][info][gc,metaspace   ] GC(1039) Metaspace: 14329K(15168K)->14329K(15168K) NonClass: 12368K(12864K)->12368K(12864K) Class: 1961K(2304K)->1961K(2304K)
[406.017s][info][gc             ] GC(1039) Pause Young (Normal) (G1 Evacuation Pause) 104M->6M(168M) 2.715ms
[406.017s][info][gc,cpu         ] GC(1039) User=0.00s Sys=0.00s Real=0.00s
[406.078s][info][gc,start       ] GC(1040) Pause Young (Normal) (G1 Evacuation Pause)
[406.078s][info][gc,task        ] GC(1040) Using 33 workers of 33 for evacuation
[406.080s][info][gc,phases      ] GC(1040)   Pre Evacuate Collection Set: 0.1ms
[406.080s][info][gc,phases      ] GC(1040)   Merge Heap Roots: 0.1ms
[406.080s][info][gc,phases      ] GC(1040)   Evacuate Collection Set: 0.4ms
[406.080s][info][gc,phases      ] GC(1040)   Post Evacuate Collection Set: 1.7ms
[406.080s][info][gc,phases      ] GC(1040)   Other: 0.1ms
[406.080s][info][gc,heap        ] GC(1040) Eden regions: 49->0(49)
[406.080s][info][gc,heap        ] GC(1040) Survivor regions: 1->1(7)
[406.080s][info][gc,heap        ] GC(1040) Old regions: 25->25
[406.080s][info][gc,heap        ] GC(1040) Archive regions: 0->0
[406.080s][info][gc,heap        ] GC(1040) Humongous regions: 0->0
[406.080s][info][gc,metaspace   ] GC(1040) Metaspace: 14329K(15168K)->14329K(15168K) NonClass: 12368K(12864K)->12368K(12864K) Class: 1961K(2304K)->1961K(2304K)
[406.080s][info][gc             ] GC(1040) Pause Young (Normal) (G1 Evacuation Pause) 104M->6M(168M) 2.640ms
[406.080s][info][gc,cpu         ] GC(1040) User=0.00s Sys=0.00s Real=0.00s
[406.145s][info][gc,start       ] GC(1041) Pause Young (Normal) (G1 Evacuation Pause)
[406.145s][info][gc,task        ] GC(1041) Using 33 workers of 33 for evacuation
[406.151s][info][gc,phases      ] GC(1041)   Pre Evacuate Collection Set: 0.1ms
[406.151s][info][gc,phases      ] GC(1041)   Merge Heap Roots: 0.1ms
[406.151s][info][gc,phases      ] GC(1041)   Evacuate Collection Set: 0.4ms
[406.151s][info][gc,phases      ] GC(1041)   Post Evacuate Collection Set: 4.9ms
[406.151s][info][gc,phases      ] GC(1041)   Other: 0.1ms
[406.151s][info][gc,heap        ] GC(1041) Eden regions: 49->0(331)
[406.151s][info][gc,heap        ] GC(1041) Survivor regions: 1->1(7)
[406.151s][info][gc,heap        ] GC(1041) Old regions: 25->25
[406.151s][info][gc,heap        ] GC(1041) Archive regions: 0->0
[406.151s][info][gc,heap        ] GC(1041) Humongous regions: 0->0
[406.151s][info][gc,metaspace   ] GC(1041) Metaspace: 14329K(15168K)->14329K(15168K) NonClass: 12368K(12864K)->12368K(12864K) Class: 1961K(2304K)->1961K(2304K)
[406.151s][info][gc             ] GC(1041) Pause Young (Normal) (G1 Evacuation Pause) 104M->6M(1108M) 5.812ms
[406.151s][info][gc,cpu         ] GC(1041) User=0.00s Sys=0.00s Real=0.00s
[406.602s][info][gc,start       ] GC(1042) Pause Young (Normal) (G1 Evacuation Pause)
[406.602s][info][gc,task        ] GC(1042) Using 33 workers of 33 for evacuation
[406.607s][info][gc,phases      ] GC(1042)   Pre Evacuate Collection Set: 0.1ms
[406.607s][info][gc,phases      ] GC(1042)   Merge Heap Roots: 0.1ms
[406.607s][info][gc,phases      ] GC(1042)   Evacuate Collection Set: 1.7ms
[406.607s][info][gc,phases      ] GC(1042)   Post Evacuate Collection Set: 2.3ms
[406.607s][info][gc,phases      ] GC(1042)   Other: 0.1ms
[406.607s][info][gc,heap        ] GC(1042) Eden regions: 331->0(331)
[406.607s][info][gc,heap        ] GC(1042) Survivor regions: 1->1(42)
[406.607s][info][gc,heap        ] GC(1042) Old regions: 25->25
[406.607s][info][gc,heap        ] GC(1042) Archive regions: 0->0
[406.607s][info][gc,heap        ] GC(1042) Humongous regions: 0->0
[406.607s][info][gc,metaspace   ] GC(1042) Metaspace: 14329K(15168K)->14329K(15168K) NonClass: 12368K(12864K)->12368K(12864K) Class: 1961K(2304K)->1961K(2304K)
[406.607s][info][gc             ] GC(1042) Pause Young (Normal) (G1 Evacuation Pause) 668M->6M(1108M) 4.640ms
[406.607s][info][gc,cpu         ] GC(1042) User=0.00s Sys=0.00s Real=0.00s
[407.015s][info][gc,start       ] GC(1043) Pause Young (Normal) (G1 Evacuation Pause)
[407.015s][info][gc,task        ] GC(1043) Using 33 workers of 33 for evacuation
[407.020s][info][gc,phases      ] GC(1043)   Pre Evacuate Collection Set: 0.2ms
[407.020s][info][gc,phases      ] GC(1043)   Merge Heap Roots: 0.1ms
[407.020s][info][gc,phases      ] GC(1043)   Evacuate Collection Set: 1.9ms
[407.020s][info][gc,phases      ] GC(1043)   Post Evacuate Collection Set: 2.4ms
[407.020s][info][gc,phases      ] GC(1043)   Other: 0.1ms
[407.020s][info][gc,heap        ] GC(1043) Eden regions: 331->0(331)
[407.020s][info][gc,heap        ] GC(1043) Survivor regions: 1->1(42)
[407.020s][info][gc,heap        ] GC(1043) Old regions: 25->25
[407.020s][info][gc,heap        ] GC(1043) Archive regions: 0->0
[407.020s][info][gc,heap        ] GC(1043) Humongous regions: 0->0
[407.020s][info][gc,metaspace   ] GC(1043) Metaspace: 14329K(15168K)->14329K(15168K) NonClass: 12368K(12864K)->12368K(12864K) Class: 1961K(2304K)->1961K(2304K)
[407.020s][info][gc             ] GC(1043) Pause Young (Normal) (G1 Evacuation Pause) 668M->6M(1108M) 4.971ms
[407.020s][info][gc,cpu         ] GC(1043) User=0.00s Sys=0.00s Real=0.00s
[407.440s][info][gc,start       ] GC(1044) Pause Young (Normal) (G1 Evacuation Pause)
[407.440s][info][gc,task        ] GC(1044) Using 33 workers of 33 for evacuation
[407.444s][info][gc,phases      ] GC(1044)   Pre Evacuate Collection Set: 0.1ms
[407.444s][info][gc,phases      ] GC(1044)   Merge Heap Roots: 0.1ms
[407.444s][info][gc,phases      ] GC(1044)   Evacuate Collection Set: 0.5ms
[407.444s][info][gc,phases      ] GC(1044)   Post Evacuate Collection Set: 2.5ms
[407.444s][info][gc,phases      ] GC(1044)   Other: 0.1ms
[407.444s][info][gc,heap        ] GC(1044) Eden regions: 331->0(331)
[407.444s][info][gc,heap        ] GC(1044) Survivor regions: 1->1(42)
[407.444s][info][gc,heap        ] GC(1044) Old regions: 25->25
[407.444s][info][gc,heap        ] GC(1044) Archive regions: 0->0
[407.444s][info][gc,heap        ] GC(1044) Humongous regions: 0->0
[407.444s][info][gc,metaspace   ] GC(1044) Metaspace: 14329K(15168K)->14329K(15168K) NonClass: 12368K(12864K)->12368K(12864K) Class: 1961K(2304K)->1961K(2304K)
[407.444s][info][gc             ] GC(1044) Pause Young (Normal) (G1 Evacuation Pause) 668M->6M(1108M) 3.675ms
[407.444s][info][gc,cpu         ] GC(1044) User=0.52s Sys=0.00s Real=0.00s
[407.861s][info][gc,start       ] GC(1045) Pause Young (Normal) (G1 Evacuation Pause)
[407.861s][info][gc,task        ] GC(1045) Using 33 workers of 33 for evacuation
[407.864s][info][gc,phases      ] GC(1045)   Pre Evacuate Collection Set: 0.2ms
[407.864s][info][gc,phases      ] GC(1045)   Merge Heap Roots: 0.1ms
[407.864s][info][gc,phases      ] GC(1045)   Evacuate Collection Set: 0.7ms
[407.864s][info][gc,phases      ] GC(1045)   Post Evacuate Collection Set: 2.5ms
[407.864s][info][gc,phases      ] GC(1045)   Other: 0.1ms
[407.864s][info][gc,heap        ] GC(1045) Eden regions: 331->0(331)
[407.864s][info][gc,heap        ] GC(1045) Survivor regions: 1->1(42)
[407.864s][info][gc,heap        ] GC(1045) Old regions: 25->25
[407.864s][info][gc,heap        ] GC(1045) Archive regions: 0->0
[407.864s][info][gc,heap        ] GC(1045) Humongous regions: 0->0
[407.864s][info][gc,metaspace   ] GC(1045) Metaspace: 14329K(15168K)->14329K(15168K) NonClass: 12368K(12864K)->12368K(12864K) Class: 1961K(2304K)->1961K(2304K)
[407.864s][info][gc             ] GC(1045) Pause Young (Normal) (G1 Evacuation Pause) 668M->7M(1108M) 3.832ms
[407.864s][info][gc,cpu         ] GC(1045) User=0.52s Sys=0.00s Real=0.00s
[408.280s][info][gc,start       ] GC(1046) Pause Young (Normal) (G1 Evacuation Pause)
[408.280s][info][gc,task        ] GC(1046) Using 33 workers of 33 for evacuation
[408.284s][info][gc,phases      ] GC(1046)   Pre Evacuate Collection Set: 0.1ms
[408.284s][info][gc,phases      ] GC(1046)   Merge Heap Roots: 0.1ms
[408.284s][info][gc,phases      ] GC(1046)   Evacuate Collection Set: 0.5ms
[408.284s][info][gc,phases      ] GC(1046)   Post Evacuate Collection Set: 2.6ms
[408.284s][info][gc,phases      ] GC(1046)   Other: 0.1ms
[408.284s][info][gc,heap        ] GC(1046) Eden regions: 331->0(331)
[408.284s][info][gc,heap        ] GC(1046) Survivor regions: 1->1(42)
[408.284s][info][gc,heap        ] GC(1046) Old regions: 25->25
[408.284s][info][gc,heap        ] GC(1046) Archive regions: 0->0
[408.284s][info][gc,heap        ] GC(1046) Humongous regions: 0->0
[408.284s][info][gc,metaspace   ] GC(1046) Metaspace: 14329K(15168K)->14329K(15168K) NonClass: 12368K(12864K)->12368K(12864K) Class: 1961K(2304K)->1961K(2304K)
[408.284s][info][gc             ] GC(1046) Pause Young (Normal) (G1 Evacuation Pause) 669M->7M(1108M) 3.777ms
[408.284s][info][gc,cpu         ] GC(1046) User=0.00s Sys=0.00s Real=0.00s
[408.697s][info][gc,start       ] GC(1047) Pause Young (Normal) (G1 Evacuation Pause)
[408.697s][info][gc,task        ] GC(1047) Using 33 workers of 33 for evacuation
[408.701s][info][gc,phases      ] GC(1047)   Pre Evacuate Collection Set: 0.2ms
[408.701s][info][gc,phases      ] GC(1047)   Merge Heap Roots: 0.1ms
[408.701s][info][gc,phases      ] GC(1047)   Evacuate Collection Set: 0.7ms
[408.701s][info][gc,phases      ] GC(1047)   Post Evacuate Collection Set: 2.6ms
[408.701s][info][gc,phases      ] GC(1047)   Other: 0.1ms
[408.701s][info][gc,heap        ] GC(1047) Eden regions: 331->0(331)
[408.701s][info][gc,heap        ] GC(1047) Survivor regions: 1->1(42)
[408.701s][info][gc,heap        ] GC(1047) Old regions: 25->25
[408.701s][info][gc,heap        ] GC(1047) Archive regions: 0->0
[408.701s][info][gc,heap        ] GC(1047) Humongous regions: 0->0
[408.701s][info][gc,metaspace   ] GC(1047) Metaspace: 14329K(15168K)->14329K(15168K) NonClass: 12368K(12864K)->12368K(12864K) Class: 1961K(2304K)->1961K(2304K)
[408.701s][info][gc             ] GC(1047) Pause Young (Normal) (G1 Evacuation Pause) 669M->7M(1108M) 3.948ms
[408.701s][info][gc,cpu         ] GC(1047) User=0.00s Sys=0.00s Real=0.00s
[409.115s][info][gc,start       ] GC(1048) Pause Young (Normal) (G1 Evacuation Pause)
[409.115s][info][gc,task        ] GC(1048) Using 33 workers of 33 for evacuation
[409.118s][info][gc,phases      ] GC(1048)   Pre Evacuate Collection Set: 0.2ms
[409.118s][info][gc,phases      ] GC(1048)   Merge Heap Roots: 0.1ms
[409.119s][info][gc,phases      ] GC(1048)   Evacuate Collection Set: 0.5ms
[409.119s][info][gc,phases      ] GC(1048)   Post Evacuate Collection Set: 2.7ms
[409.119s][info][gc,phases      ] GC(1048)   Other: 0.1ms
[409.119s][info][gc,heap        ] GC(1048) Eden regions: 331->0(331)
[409.119s][info][gc,heap        ] GC(1048) Survivor regions: 1->1(42)
[409.119s][info][gc,heap        ] GC(1048) Old regions: 25->25
[409.119s][info][gc,heap        ] GC(1048) Archive regions: 0->0
[409.119s][info][gc,heap        ] GC(1048) Humongous regions: 0->0
[409.119s][info][gc,metaspace   ] GC(1048) Metaspace: 14329K(15168K)->14329K(15168K) NonClass: 12368K(12864K)->12368K(12864K) Class: 1961K(2304K)->1961K(2304K)
[409.119s][info][gc             ] GC(1048) Pause Young (Normal) (G1 Evacuation Pause) 669M->7M(1108M) 3.878ms
[409.119s][info][gc,cpu         ] GC(1048) User=0.00s Sys=0.00s Real=0.00s
[409.534s][info][gc,start       ] GC(1049) Pause Young (Normal) (G1 Evacuation Pause)
[409.534s][info][gc,task        ] GC(1049) Using 33 workers of 33 for evacuation
[409.538s][info][gc,phases      ] GC(1049)   Pre Evacuate Collection Set: 0.1ms
[409.538s][info][gc,phases      ] GC(1049)   Merge Heap Roots: 0.1ms
[409.538s][info][gc,phases      ] GC(1049)   Evacuate Collection Set: 0.7ms
[409.538s][info][gc,phases      ] GC(1049)   Post Evacuate Collection Set: 2.7ms
[409.538s][info][gc,phases      ] GC(1049)   Other: 0.1ms
[409.538s][info][gc,heap        ] GC(1049) Eden regions: 331->0(330)
[409.538s][info][gc,heap        ] GC(1049) Survivor regions: 1->2(42)
[409.538s][info][gc,heap        ] GC(1049) Old regions: 25->25
[409.538s][info][gc,heap        ] GC(1049) Archive regions: 0->0
[409.538s][info][gc,heap        ] GC(1049) Humongous regions: 0->0
[409.538s][info][gc,metaspace   ] GC(1049) Metaspace: 14329K(15168K)->14329K(15168K) NonClass: 12368K(12864K)->12368K(12864K) Class: 1961K(2304K)->1961K(2304K)
[409.538s][info][gc             ] GC(1049) Pause Young (Normal) (G1 Evacuation Pause) 669M->7M(1108M) 3.985ms
[409.538s][info][gc,cpu         ] GC(1049) User=0.52s Sys=0.00s Real=0.00s
[409.950s][info][gc,start       ] GC(1050) Pause Young (Normal) (G1 Evacuation Pause)
[409.950s][info][gc,task        ] GC(1050) Using 33 workers of 33 for evacuation
[409.954s][info][gc,phases      ] GC(1050)   Pre Evacuate Collection Set: 0.2ms
[409.954s][info][gc,phases      ] GC(1050)   Merge Heap Roots: 0.1ms
[409.954s][info][gc,phases      ] GC(1050)   Evacuate Collection Set: 0.9ms
[409.954s][info][gc,phases      ] GC(1050)   Post Evacuate Collection Set: 2.7ms
[409.954s][info][gc,phases      ] GC(1050)   Other: 0.1ms
[409.954s][info][gc,heap        ] GC(1050) Eden regions: 330->0(330)
[409.954s][info][gc,heap        ] GC(1050) Survivor regions: 2->2(42)
[409.954s][info][gc,heap        ] GC(1050) Old regions: 25->25
[409.954s][info][gc,heap        ] GC(1050) Archive regions: 0->0
[409.954s][info][gc,heap        ] GC(1050) Humongous regions: 0->0
[409.954s][info][gc,metaspace   ] GC(1050) Metaspace: 14329K(15168K)->14329K(15168K) NonClass: 12368K(12864K)->12368K(12864K) Class: 1961K(2304K)->1961K(2304K)
[409.954s][info][gc             ] GC(1050) Pause Young (Normal) (G1 Evacuation Pause) 667M->7M(1108M) 4.188ms
[409.954s][info][gc,cpu         ] GC(1050) User=0.00s Sys=0.00s Real=0.00s
[410.368s][info][gc,start       ] GC(1051) Pause Young (Normal) (G1 Evacuation Pause)
[410.368s][info][gc,task        ] GC(1051) Using 33 workers of 33 for evacuation
[410.371s][info][gc,phases      ] GC(1051)   Pre Evacuate Collection Set: 0.2ms
[410.371s][info][gc,phases      ] GC(1051)   Merge Heap Roots: 0.1ms
[410.371s][info][gc,phases      ] GC(1051)   Evacuate Collection Set: 0.8ms
[410.371s][info][gc,phases      ] GC(1051)   Post Evacuate Collection Set: 2.3ms
[410.371s][info][gc,phases      ] GC(1051)   Other: 0.1ms
[410.371s][info][gc,heap        ] GC(1051) Eden regions: 330->0(330)
[410.371s][info][gc,heap        ] GC(1051) Survivor regions: 2->2(42)
[410.372s][info][gc,heap        ] GC(1051) Old regions: 25->25
[410.372s][info][gc,heap        ] GC(1051) Archive regions: 0->0
[410.372s][info][gc,heap        ] GC(1051) Humongous regions: 0->0
[410.372s][info][gc,metaspace   ] GC(1051) Metaspace: 14329K(15168K)->14329K(15168K) NonClass: 12368K(12864K)->12368K(12864K) Class: 1961K(2304K)->1961K(2304K)
[410.372s][info][gc             ] GC(1051) Pause Young (Normal) (G1 Evacuation Pause) 667M->7M(1108M) 3.761ms
[410.372s][info][gc,cpu         ] GC(1051) User=0.00s Sys=0.00s Real=0.00s
[410.784s][info][gc,start       ] GC(1052) Pause Young (Normal) (G1 Evacuation Pause)
[410.784s][info][gc,task        ] GC(1052) Using 33 workers of 33 for evacuation
[410.787s][info][gc,phases      ] GC(1052)   Pre Evacuate Collection Set: 0.2ms
[410.787s][info][gc,phases      ] GC(1052)   Merge Heap Roots: 0.2ms
[410.787s][info][gc,phases      ] GC(1052)   Evacuate Collection Set: 0.5ms
[410.787s][info][gc,phases      ] GC(1052)   Post Evacuate Collection Set: 2.4ms
[410.787s][info][gc,phases      ] GC(1052)   Other: 0.1ms
[410.787s][info][gc,heap        ] GC(1052) Eden regions: 330->0(330)
[410.787s][info][gc,heap        ] GC(1052) Survivor regions: 2->2(42)
[410.787s][info][gc,heap        ] GC(1052) Old regions: 25->25
[410.787s][info][gc,heap        ] GC(1052) Archive regions: 0->0
[410.787s][info][gc,heap        ] GC(1052) Humongous regions: 0->0
[410.787s][info][gc,metaspace   ] GC(1052) Metaspace: 14329K(15168K)->14329K(15168K) NonClass: 12368K(12864K)->12368K(12864K) Class: 1961K(2304K)->1961K(2304K)
[410.787s][info][gc             ] GC(1052) Pause Young (Normal) (G1 Evacuation Pause) 667M->7M(1108M) 3.620ms
[410.787s][info][gc,cpu         ] GC(1052) User=0.52s Sys=0.00s Real=0.00s
[411.200s][info][gc,start       ] GC(1053) Pause Young (Normal) (G1 Evacuation Pause)
[411.200s][info][gc,task        ] GC(1053) Using 33 workers of 33 for evacuation
[411.203s][info][gc,phases      ] GC(1053)   Pre Evacuate Collection Set: 0.1ms
[411.203s][info][gc,phases      ] GC(1053)   Merge Heap Roots: 0.1ms
[411.203s][info][gc,phases      ] GC(1053)   Evacuate Collection Set: 0.5ms
[411.203s][info][gc,phases      ] GC(1053)   Post Evacuate Collection Set: 2.3ms
[411.203s][info][gc,phases      ] GC(1053)   Other: 0.1ms
[411.203s][info][gc,heap        ] GC(1053) Eden regions: 330->0(331)
[411.203s][info][gc,heap        ] GC(1053) Survivor regions: 2->1(42)
[411.203s][info][gc,heap        ] GC(1053) Old regions: 25->26
[411.203s][info][gc,heap        ] GC(1053) Archive regions: 0->0
[411.203s][info][gc,heap        ] GC(1053) Humongous regions: 0->0
[411.203s][info][gc,metaspace   ] GC(1053) Metaspace: 14329K(15168K)->14329K(15168K) NonClass: 12368K(12864K)->12368K(12864K) Class: 1961K(2304K)->1961K(2304K)
[411.203s][info][gc             ] GC(1053) Pause Young (Normal) (G1 Evacuation Pause) 667M->7M(1108M) 3.502ms
[411.203s][info][gc,cpu         ] GC(1053) User=0.00s Sys=0.00s Real=0.00s
[411.617s][info][gc,start       ] GC(1054) Pause Young (Normal) (G1 Evacuation Pause)
[411.617s][info][gc,task        ] GC(1054) Using 33 workers of 33 for evacuation
[411.620s][info][gc,phases      ] GC(1054)   Pre Evacuate Collection Set: 0.1ms
[411.620s][info][gc,phases      ] GC(1054)   Merge Heap Roots: 0.2ms
[411.620s][info][gc,phases      ] GC(1054)   Evacuate Collection Set: 0.3ms
[411.620s][info][gc,phases      ] GC(1054)   Post Evacuate Collection Set: 2.4ms
[411.620s][info][gc,phases      ] GC(1054)   Other: 0.1ms
[411.620s][info][gc,heap        ] GC(1054) Eden regions: 331->0(331)
[411.620s][info][gc,heap        ] GC(1054) Survivor regions: 1->1(42)
[411.620s][info][gc,heap        ] GC(1054) Old regions: 26->26
[411.620s][info][gc,heap        ] GC(1054) Archive regions: 0->0
[411.620s][info][gc,heap        ] GC(1054) Humongous regions: 0->0
[411.620s][info][gc,metaspace   ] GC(1054) Metaspace: 14329K(15168K)->14329K(15168K) NonClass: 12368K(12864K)->12368K(12864K) Class: 1961K(2304K)->1961K(2304K)
[411.620s][info][gc             ] GC(1054) Pause Young (Normal) (G1 Evacuation Pause) 669M->7M(1108M) 3.402ms
[411.620s][info][gc,cpu         ] GC(1054) User=0.00s Sys=0.00s Real=0.00s
[412.033s][info][gc,start       ] GC(1055) Pause Young (Normal) (G1 Evacuation Pause)
[412.033s][info][gc,task        ] GC(1055) Using 33 workers of 33 for evacuation
[412.037s][info][gc,phases      ] GC(1055)   Pre Evacuate Collection Set: 0.1ms
[412.037s][info][gc,phases      ] GC(1055)   Merge Heap Roots: 0.2ms
[412.037s][info][gc,phases      ] GC(1055)   Evacuate Collection Set: 0.4ms
[412.037s][info][gc,phases      ] GC(1055)   Post Evacuate Collection Set: 2.5ms
[412.037s][info][gc,phases      ] GC(1055)   Other: 0.1ms
[412.037s][info][gc,heap        ] GC(1055) Eden regions: 331->0(331)
[412.037s][info][gc,heap        ] GC(1055) Survivor regions: 1->1(42)
[412.037s][info][gc,heap        ] GC(1055) Old regions: 26->26
[412.037s][info][gc,heap        ] GC(1055) Archive regions: 0->0
[412.037s][info][gc,heap        ] GC(1055) Humongous regions: 0->0
[412.037s][info][gc,metaspace   ] GC(1055) Metaspace: 14329K(15168K)->14329K(15168K) NonClass: 12368K(12864K)->12368K(12864K) Class: 1961K(2304K)->1961K(2304K)
[412.037s][info][gc             ] GC(1055) Pause Young (Normal) (G1 Evacuation Pause) 669M->7M(1108M) 3.526ms
[412.037s][info][gc,cpu         ] GC(1055) User=0.52s Sys=0.00s Real=0.00s
[412.451s][info][gc,start       ] GC(1056) Pause Young (Normal) (G1 Evacuation Pause)
[412.451s][info][gc,task        ] GC(1056) Using 33 workers of 33 for evacuation
[412.454s][info][gc,phases      ] GC(1056)   Pre Evacuate Collection Set: 0.2ms
[412.454s][info][gc,phases      ] GC(1056)   Merge Heap Roots: 0.1ms
[412.454s][info][gc,phases      ] GC(1056)   Evacuate Collection Set: 0.4ms
[412.454s][info][gc,phases      ] GC(1056)   Post Evacuate Collection Set: 2.5ms
[412.454s][info][gc,phases      ] GC(1056)   Other: 0.1ms
[412.454s][info][gc,heap        ] GC(1056) Eden regions: 331->0(331)
[412.454s][info][gc,heap        ] GC(1056) Survivor regions: 1->1(42)
[412.454s][info][gc,heap        ] GC(1056) Old regions: 26->26
[412.454s][info][gc,heap        ] GC(1056) Archive regions: 0->0
[412.454s][info][gc,heap        ] GC(1056) Humongous regions: 0->0
[412.454s][info][gc,metaspace   ] GC(1056) Metaspace: 14329K(15168K)->14329K(15168K) NonClass: 12368K(12864K)->12368K(12864K) Class: 1961K(2304K)->1961K(2304K)
[412.454s][info][gc             ] GC(1056) Pause Young (Normal) (G1 Evacuation Pause) 669M->7M(1108M) 3.577ms
[412.454s][info][gc,cpu         ] GC(1056) User=0.00s Sys=0.00s Real=0.00s
[412.868s][info][gc,start       ] GC(1057) Pause Young (Normal) (G1 Evacuation Pause)
[412.868s][info][gc,task        ] GC(1057) Using 33 workers of 33 for evacuation
[412.871s][info][gc,phases      ] GC(1057)   Pre Evacuate Collection Set: 0.1ms
[412.871s][info][gc,phases      ] GC(1057)   Merge Heap Roots: 0.2ms
[412.872s][info][gc,phases      ] GC(1057)   Evacuate Collection Set: 0.4ms
[412.872s][info][gc,phases      ] GC(1057)   Post Evacuate Collection Set: 2.6ms
[412.872s][info][gc,phases      ] GC(1057)   Other: 0.1ms
[412.872s][info][gc,heap        ] GC(1057) Eden regions: 331->0(331)
[412.872s][info][gc,heap        ] GC(1057) Survivor regions: 1->1(42)
[412.872s][info][gc,heap        ] GC(1057) Old regions: 26->26
[412.872s][info][gc,heap        ] GC(1057) Archive regions: 0->0
[412.872s][info][gc,heap        ] GC(1057) Humongous regions: 0->0
[412.872s][info][gc,metaspace   ] GC(1057) Metaspace: 14329K(15168K)->14329K(15168K) NonClass: 12368K(12864K)->12368K(12864K) Class: 1961K(2304K)->1961K(2304K)
[412.872s][info][gc             ] GC(1057) Pause Young (Normal) (G1 Evacuation Pause) 669M->7M(1108M) 3.680ms
[412.872s][info][gc,cpu         ] GC(1057) User=0.00s Sys=0.00s Real=0.00s
[413.285s][info][gc,start       ] GC(1058) Pause Young (Normal) (G1 Evacuation Pause)
[413.285s][info][gc,task        ] GC(1058) Using 33 workers of 33 for evacuation
[413.289s][info][gc,phases      ] GC(1058)   Pre Evacuate Collection Set: 0.2ms
[413.289s][info][gc,phases      ] GC(1058)   Merge Heap Roots: 0.2ms
[413.289s][info][gc,phases      ] GC(1058)   Evacuate Collection Set: 0.4ms
[413.289s][info][gc,phases      ] GC(1058)   Post Evacuate Collection Set: 2.6ms
[413.289s][info][gc,phases      ] GC(1058)   Other: 0.1ms
[413.289s][info][gc,heap        ] GC(1058) Eden regions: 331->0(331)
[413.289s][info][gc,heap        ] GC(1058) Survivor regions: 1->1(42)
[413.289s][info][gc,heap        ] GC(1058) Old regions: 26->26
[413.289s][info][gc,heap        ] GC(1058) Archive regions: 0->0
[413.289s][info][gc,heap        ] GC(1058) Humongous regions: 0->0
[413.289s][info][gc,metaspace   ] GC(1058) Metaspace: 14329K(15168K)->14329K(15168K) NonClass: 12368K(12864K)->12368K(12864K) Class: 1961K(2304K)->1961K(2304K)
[413.289s][info][gc             ] GC(1058) Pause Young (Normal) (G1 Evacuation Pause) 669M->7M(1108M) 3.760ms
[413.289s][info][gc,cpu         ] GC(1058) User=0.00s Sys=0.00s Real=0.00s
[413.703s][info][gc,start       ] GC(1059) Pause Young (Normal) (G1 Evacuation Pause)
[413.703s][info][gc,task        ] GC(1059) Using 33 workers of 33 for evacuation
[413.707s][info][gc,phases      ] GC(1059)   Pre Evacuate Collection Set: 0.2ms
[413.707s][info][gc,phases      ] GC(1059)   Merge Heap Roots: 0.2ms
[413.707s][info][gc,phases      ] GC(1059)   Evacuate Collection Set: 0.4ms
[413.707s][info][gc,phases      ] GC(1059)   Post Evacuate Collection Set: 2.7ms
[413.707s][info][gc,phases      ] GC(1059)   Other: 0.1ms
[413.707s][info][gc,heap        ] GC(1059) Eden regions: 331->0(331)
[413.707s][info][gc,heap        ] GC(1059) Survivor regions: 1->1(42)
[413.707s][info][gc,heap        ] GC(1059) Old regions: 26->26
[413.707s][info][gc,heap        ] GC(1059) Archive regions: 0->0
[413.707s][info][gc,heap        ] GC(1059) Humongous regions: 0->0
[413.707s][info][gc,metaspace   ] GC(1059) Metaspace: 14329K(15168K)->14329K(15168K) NonClass: 12368K(12864K)->12368K(12864K) Class: 1961K(2304K)->1961K(2304K)
[413.707s][info][gc             ] GC(1059) Pause Young (Normal) (G1 Evacuation Pause) 669M->8M(1108M) 3.749ms
[413.707s][info][gc,cpu         ] GC(1059) User=0.05s Sys=0.00s Real=0.00s
[414.121s][info][gc,start       ] GC(1060) Pause Young (Normal) (G1 Evacuation Pause)
[414.121s][info][gc,task        ] GC(1060) Using 33 workers of 33 for evacuation
[414.125s][info][gc,phases      ] GC(1060)   Pre Evacuate Collection Set: 0.1ms
[414.125s][info][gc,phases      ] GC(1060)   Merge Heap Roots: 0.2ms
[414.125s][info][gc,phases      ] GC(1060)   Evacuate Collection Set: 0.4ms
[414.125s][info][gc,phases      ] GC(1060)   Post Evacuate Collection Set: 2.7ms
[414.125s][info][gc,phases      ] GC(1060)   Other: 0.1ms
[414.125s][info][gc,heap        ] GC(1060) Eden regions: 331->0(331)
[414.125s][info][gc,heap        ] GC(1060) Survivor regions: 1->1(42)
[414.125s][info][gc,heap        ] GC(1060) Old regions: 26->26
[414.125s][info][gc,heap        ] GC(1060) Archive regions: 0->0
[414.125s][info][gc,heap        ] GC(1060) Humongous regions: 0->0
[414.125s][info][gc,metaspace   ] GC(1060) Metaspace: 14329K(15168K)->14329K(15168K) NonClass: 12368K(12864K)->12368K(12864K) Class: 1961K(2304K)->1961K(2304K)
[414.125s][info][gc             ] GC(1060) Pause Young (Normal) (G1 Evacuation Pause) 670M->8M(1108M) 3.790ms
[414.125s][info][gc,cpu         ] GC(1060) User=0.00s Sys=0.00s Real=0.00s
[414.539s][info][gc,start       ] GC(1061) Pause Young (Normal) (G1 Evacuation Pause)
[414.539s][info][gc,task        ] GC(1061) Using 33 workers of 33 for evacuation
[414.543s][info][gc,phases      ] GC(1061)   Pre Evacuate Collection Set: 0.2ms
[414.543s][info][gc,phases      ] GC(1061)   Merge Heap Roots: 0.1ms
[414.543s][info][gc,phases      ] GC(1061)   Evacuate Collection Set: 0.4ms
[414.543s][info][gc,phases      ] GC(1061)   Post Evacuate Collection Set: 2.8ms
[414.543s][info][gc,phases      ] GC(1061)   Other: 0.1ms
[414.543s][info][gc,heap        ] GC(1061) Eden regions: 331->0(331)
[414.543s][info][gc,heap        ] GC(1061) Survivor regions: 1->1(42)
[414.543s][info][gc,heap        ] GC(1061) Old regions: 26->26
[414.543s][info][gc,heap        ] GC(1061) Archive regions: 0->0
[414.543s][info][gc,heap        ] GC(1061) Humongous regions: 0->0
[414.543s][info][gc,metaspace   ] GC(1061) Metaspace: 14329K(15168K)->14329K(15168K) NonClass: 12368K(12864K)->12368K(12864K) Class: 1961K(2304K)->1961K(2304K)
[414.543s][info][gc             ] GC(1061) Pause Young (Normal) (G1 Evacuation Pause) 670M->8M(1108M) 3.821ms
[414.543s][info][gc,cpu         ] GC(1061) User=0.00s Sys=0.00s Real=0.00s
[414.960s][info][gc,start       ] GC(1062) Pause Young (Normal) (G1 Evacuation Pause)
[414.960s][info][gc,task        ] GC(1062) Using 33 workers of 33 for evacuation
[414.964s][info][gc,phases      ] GC(1062)   Pre Evacuate Collection Set: 0.1ms
[414.964s][info][gc,phases      ] GC(1062)   Merge Heap Roots: 0.2ms
[414.964s][info][gc,phases      ] GC(1062)   Evacuate Collection Set: 0.4ms
[414.964s][info][gc,phases      ] GC(1062)   Post Evacuate Collection Set: 2.7ms
[414.964s][info][gc,phases      ] GC(1062)   Other: 0.1ms
[414.964s][info][gc,heap        ] GC(1062) Eden regions: 331->0(331)
[414.964s][info][gc,heap        ] GC(1062) Survivor regions: 1->1(42)
[414.964s][info][gc,heap        ] GC(1062) Old regions: 26->26
[414.964s][info][gc,heap        ] GC(1062) Archive regions: 0->0
[414.964s][info][gc,heap        ] GC(1062) Humongous regions: 0->0
[414.964s][info][gc,metaspace   ] GC(1062) Metaspace: 14329K(15168K)->14329K(15168K) NonClass: 12368K(12864K)->12368K(12864K) Class: 1961K(2304K)->1961K(2304K)
[414.964s][info][gc             ] GC(1062) Pause Young (Normal) (G1 Evacuation Pause) 670M->8M(1108M) 3.737ms
[414.964s][info][gc,cpu         ] GC(1062) User=0.00s Sys=0.00s Real=0.00s
[415.379s][info][gc,start       ] GC(1063) Pause Young (Normal) (G1 Evacuation Pause)
[415.379s][info][gc,task        ] GC(1063) Using 33 workers of 33 for evacuation
[415.383s][info][gc,phases      ] GC(1063)   Pre Evacuate Collection Set: 0.1ms
[415.383s][info][gc,phases      ] GC(1063)   Merge Heap Roots: 0.2ms
[415.383s][info][gc,phases      ] GC(1063)   Evacuate Collection Set: 0.4ms
[415.383s][info][gc,phases      ] GC(1063)   Post Evacuate Collection Set: 2.4ms
[415.383s][info][gc,phases      ] GC(1063)   Other: 0.1ms
[415.383s][info][gc,heap        ] GC(1063) Eden regions: 331->0(331)
[415.383s][info][gc,heap        ] GC(1063) Survivor regions: 1->1(42)
[415.383s][info][gc,heap        ] GC(1063) Old regions: 26->27
[415.383s][info][gc,heap        ] GC(1063) Archive regions: 0->0
[415.383s][info][gc,heap        ] GC(1063) Humongous regions: 0->0
[415.383s][info][gc,metaspace   ] GC(1063) Metaspace: 14329K(15168K)->14329K(15168K) NonClass: 12368K(12864K)->12368K(12864K) Class: 1961K(2304K)->1961K(2304K)
[415.383s][info][gc             ] GC(1063) Pause Young (Normal) (G1 Evacuation Pause) 670M->8M(1108M) 3.469ms
[415.383s][info][gc,cpu         ] GC(1063) User=0.00s Sys=0.00s Real=0.00s
[415.797s][info][gc,start       ] GC(1064) Pause Young (Normal) (G1 Evacuation Pause)
[415.797s][info][gc,task        ] GC(1064) Using 33 workers of 33 for evacuation
[415.801s][info][gc,phases      ] GC(1064)   Pre Evacuate Collection Set: 0.1ms
[415.801s][info][gc,phases      ] GC(1064)   Merge Heap Roots: 0.2ms
[415.801s][info][gc,phases      ] GC(1064)   Evacuate Collection Set: 0.4ms
[415.801s][info][gc,phases      ] GC(1064)   Post Evacuate Collection Set: 2.4ms
[415.801s][info][gc,phases      ] GC(1064)   Other: 0.1ms
[415.801s][info][gc,heap        ] GC(1064) Eden regions: 331->0(331)
[415.801s][info][gc,heap        ] GC(1064) Survivor regions: 1->1(42)
[415.801s][info][gc,heap        ] GC(1064) Old regions: 27->27
[415.801s][info][gc,heap        ] GC(1064) Archive regions: 0->0
[415.801s][info][gc,heap        ] GC(1064) Humongous regions: 0->0
[415.801s][info][gc,metaspace   ] GC(1064) Metaspace: 14329K(15168K)->14329K(15168K) NonClass: 12368K(12864K)->12368K(12864K) Class: 1961K(2304K)->1961K(2304K)
[415.801s][info][gc             ] GC(1064) Pause Young (Normal) (G1 Evacuation Pause) 670M->8M(1108M) 3.519ms
[415.801s][info][gc,cpu         ] GC(1064) User=0.52s Sys=0.00s Real=0.00s
[416.216s][info][gc,start       ] GC(1065) Pause Young (Normal) (G1 Evacuation Pause)
[416.216s][info][gc,task        ] GC(1065) Using 33 workers of 33 for evacuation
[416.219s][info][gc,phases      ] GC(1065)   Pre Evacuate Collection Set: 0.1ms
[416.219s][info][gc,phases      ] GC(1065)   Merge Heap Roots: 0.2ms
[416.219s][info][gc,phases      ] GC(1065)   Evacuate Collection Set: 0.4ms
[416.219s][info][gc,phases      ] GC(1065)   Post Evacuate Collection Set: 2.4ms
[416.219s][info][gc,phases      ] GC(1065)   Other: 0.1ms
[416.219s][info][gc,heap        ] GC(1065) Eden regions: 331->0(331)
[416.219s][info][gc,heap        ] GC(1065) Survivor regions: 1->1(42)
[416.219s][info][gc,heap        ] GC(1065) Old regions: 27->27
[416.219s][info][gc,heap        ] GC(1065) Archive regions: 0->0
[416.219s][info][gc,heap        ] GC(1065) Humongous regions: 0->0
[416.219s][info][gc,metaspace   ] GC(1065) Metaspace: 14329K(15168K)->14329K(15168K) NonClass: 12368K(12864K)->12368K(12864K) Class: 1961K(2304K)->1961K(2304K)
[416.219s][info][gc             ] GC(1065) Pause Young (Normal) (G1 Evacuation Pause) 670M->8M(1108M) 3.454ms
[416.219s][info][gc,cpu         ] GC(1065) User=0.00s Sys=0.00s Real=0.00s
[416.634s][info][gc,start       ] GC(1066) Pause Young (Normal) (G1 Evacuation Pause)
[416.634s][info][gc,task        ] GC(1066) Using 33 workers of 33 for evacuation
[416.637s][info][gc,phases      ] GC(1066)   Pre Evacuate Collection Set: 0.2ms
[416.637s][info][gc,phases      ] GC(1066)   Merge Heap Roots: 0.2ms
[416.637s][info][gc,phases      ] GC(1066)   Evacuate Collection Set: 0.4ms
[416.637s][info][gc,phases      ] GC(1066)   Post Evacuate Collection Set: 2.5ms
[416.638s][info][gc,phases      ] GC(1066)   Other: 0.1ms
[416.638s][info][gc,heap        ] GC(1066) Eden regions: 331->0(331)
[416.638s][info][gc,heap        ] GC(1066) Survivor regions: 1->1(42)
[416.638s][info][gc,heap        ] GC(1066) Old regions: 27->27
[416.638s][info][gc,heap        ] GC(1066) Archive regions: 0->0
[416.638s][info][gc,heap        ] GC(1066) Humongous regions: 0->0
[416.638s][info][gc,metaspace   ] GC(1066) Metaspace: 14329K(15168K)->14329K(15168K) NonClass: 12368K(12864K)->12368K(12864K) Class: 1961K(2304K)->1961K(2304K)
[416.638s][info][gc             ] GC(1066) Pause Young (Normal) (G1 Evacuation Pause) 670M->8M(1108M) 3.539ms
[416.638s][info][gc,cpu         ] GC(1066) User=0.00s Sys=0.00s Real=0.00s
[417.052s][info][gc,start       ] GC(1067) Pause Young (Normal) (G1 Evacuation Pause)
[417.052s][info][gc,task        ] GC(1067) Using 33 workers of 33 for evacuation
[417.055s][info][gc,phases      ] GC(1067)   Pre Evacuate Collection Set: 0.2ms
[417.055s][info][gc,phases      ] GC(1067)   Merge Heap Roots: 0.2ms
[417.055s][info][gc,phases      ] GC(1067)   Evacuate Collection Set: 0.4ms
[417.055s][info][gc,phases      ] GC(1067)   Post Evacuate Collection Set: 2.5ms
[417.055s][info][gc,phases      ] GC(1067)   Other: 0.1ms
[417.055s][info][gc,heap        ] GC(1067) Eden regions: 331->0(331)
[417.055s][info][gc,heap        ] GC(1067) Survivor regions: 1->1(42)
[417.055s][info][gc,heap        ] GC(1067) Old regions: 27->27
[417.055s][info][gc,heap        ] GC(1067) Archive regions: 0->0
[417.055s][info][gc,heap        ] GC(1067) Humongous regions: 0->0
[417.055s][info][gc,metaspace   ] GC(1067) Metaspace: 14329K(15168K)->14329K(15168K) NonClass: 12368K(12864K)->12368K(12864K) Class: 1961K(2304K)->1961K(2304K)
[417.056s][info][gc             ] GC(1067) Pause Young (Normal) (G1 Evacuation Pause) 670M->8M(1108M) 3.605ms
[417.056s][info][gc,cpu         ] GC(1067) User=0.00s Sys=0.00s Real=0.00s
[417.470s][info][gc,start       ] GC(1068) Pause Young (Normal) (G1 Evacuation Pause)
[417.470s][info][gc,task        ] GC(1068) Using 33 workers of 33 for evacuation
[417.474s][info][gc,phases      ] GC(1068)   Pre Evacuate Collection Set: 0.2ms
[417.474s][info][gc,phases      ] GC(1068)   Merge Heap Roots: 0.2ms
[417.474s][info][gc,phases      ] GC(1068)   Evacuate Collection Set: 0.4ms
[417.474s][info][gc,phases      ] GC(1068)   Post Evacuate Collection Set: 2.6ms
[417.474s][info][gc,phases      ] GC(1068)   Other: 0.1ms
[417.474s][info][gc,heap        ] GC(1068) Eden regions: 331->0(331)
[417.474s][info][gc,heap        ] GC(1068) Survivor regions: 1->1(42)
[417.474s][info][gc,heap        ] GC(1068) Old regions: 27->27
[417.474s][info][gc,heap        ] GC(1068) Archive regions: 0->0
[417.474s][info][gc,heap        ] GC(1068) Humongous regions: 0->0
[417.474s][info][gc,metaspace   ] GC(1068) Metaspace: 14329K(15168K)->14329K(15168K) NonClass: 12368K(12864K)->12368K(12864K) Class: 1961K(2304K)->1961K(2304K)
[417.474s][info][gc             ] GC(1068) Pause Young (Normal) (G1 Evacuation Pause) 670M->8M(1108M) 3.638ms
[417.474s][info][gc,cpu         ] GC(1068) User=0.52s Sys=0.00s Real=0.00s
[417.891s][info][gc,start       ] GC(1069) Pause Young (Normal) (G1 Evacuation Pause)
[417.891s][info][gc,task        ] GC(1069) Using 33 workers of 33 for evacuation
[417.894s][info][gc,phases      ] GC(1069)   Pre Evacuate Collection Set: 0.2ms
[417.894s][info][gc,phases      ] GC(1069)   Merge Heap Roots: 0.2ms
[417.894s][info][gc,phases      ] GC(1069)   Evacuate Collection Set: 0.4ms
[417.894s][info][gc,phases      ] GC(1069)   Post Evacuate Collection Set: 2.7ms
[417.894s][info][gc,phases      ] GC(1069)   Other: 0.1ms
[417.894s][info][gc,heap        ] GC(1069) Eden regions: 331->0(331)
[417.894s][info][gc,heap        ] GC(1069) Survivor regions: 1->1(42)
[417.894s][info][gc,heap        ] GC(1069) Old regions: 27->27
[417.894s][info][gc,heap        ] GC(1069) Archive regions: 0->0
[417.894s][info][gc,heap        ] GC(1069) Humongous regions: 0->0
[417.894s][info][gc,metaspace   ] GC(1069) Metaspace: 14329K(15168K)->14329K(15168K) NonClass: 12368K(12864K)->12368K(12864K) Class: 1961K(2304K)->1961K(2304K)
[417.894s][info][gc             ] GC(1069) Pause Young (Normal) (G1 Evacuation Pause) 670M->8M(1108M) 3.741ms
[417.894s][info][gc,cpu         ] GC(1069) User=0.52s Sys=0.00s Real=0.00s
[418.309s][info][gc,start       ] GC(1070) Pause Young (Normal) (G1 Evacuation Pause)
[418.309s][info][gc,task        ] GC(1070) Using 33 workers of 33 for evacuation
[418.313s][info][gc,phases      ] GC(1070)   Pre Evacuate Collection Set: 0.2ms
[418.313s][info][gc,phases      ] GC(1070)   Merge Heap Roots: 0.1ms
[418.313s][info][gc,phases      ] GC(1070)   Evacuate Collection Set: 0.3ms
[418.313s][info][gc,phases      ] GC(1070)   Post Evacuate Collection Set: 2.6ms
[418.313s][info][gc,phases      ] GC(1070)   Other: 0.1ms
[418.313s][info][gc,heap        ] GC(1070) Eden regions: 331->0(331)
[418.313s][info][gc,heap        ] GC(1070) Survivor regions: 1->1(42)
[418.313s][info][gc,heap        ] GC(1070) Old regions: 27->27
[418.313s][info][gc,heap        ] GC(1070) Archive regions: 0->0
[418.313s][info][gc,heap        ] GC(1070) Humongous regions: 0->0
[418.313s][info][gc,metaspace   ] GC(1070) Metaspace: 14329K(15168K)->14329K(15168K) NonClass: 12368K(12864K)->12368K(12864K) Class: 1961K(2304K)->1961K(2304K)
[418.313s][info][gc             ] GC(1070) Pause Young (Normal) (G1 Evacuation Pause) 670M->8M(1108M) 3.635ms
[418.313s][info][gc,cpu         ] GC(1070) User=0.00s Sys=0.00s Real=0.00s
[418.733s][info][gc,start       ] GC(1071) Pause Young (Normal) (G1 Evacuation Pause)
[418.733s][info][gc,task        ] GC(1071) Using 33 workers of 33 for evacuation
[418.737s][info][gc,phases      ] GC(1071)   Pre Evacuate Collection Set: 0.1ms
[418.737s][info][gc,phases      ] GC(1071)   Merge Heap Roots: 0.2ms
[418.737s][info][gc,phases      ] GC(1071)   Evacuate Collection Set: 0.4ms
[418.737s][info][gc,phases      ] GC(1071)   Post Evacuate Collection Set: 2.8ms
[418.737s][info][gc,phases      ] GC(1071)   Other: 0.1ms
[418.737s][info][gc,heap        ] GC(1071) Eden regions: 331->0(331)
[418.737s][info][gc,heap        ] GC(1071) Survivor regions: 1->1(42)
[418.737s][info][gc,heap        ] GC(1071) Old regions: 27->27
[418.737s][info][gc,heap        ] GC(1071) Archive regions: 0->0
[418.737s][info][gc,heap        ] GC(1071) Humongous regions: 0->0
[418.737s][info][gc,metaspace   ] GC(1071) Metaspace: 14329K(15168K)->14329K(15168K) NonClass: 12368K(12864K)->12368K(12864K) Class: 1961K(2304K)->1961K(2304K)
[418.737s][info][gc             ] GC(1071) Pause Young (Normal) (G1 Evacuation Pause) 670M->8M(1108M) 3.865ms
[418.737s][info][gc,cpu         ] GC(1071) User=0.00s Sys=0.00s Real=0.00s
[419.151s][info][gc,start       ] GC(1072) Pause Young (Normal) (G1 Evacuation Pause)
[419.151s][info][gc,task        ] GC(1072) Using 33 workers of 33 for evacuation
[419.154s][info][gc,phases      ] GC(1072)   Pre Evacuate Collection Set: 0.1ms
[419.154s][info][gc,phases      ] GC(1072)   Merge Heap Roots: 0.2ms
[419.155s][info][gc,phases      ] GC(1072)   Evacuate Collection Set: 0.4ms
[419.155s][info][gc,phases      ] GC(1072)   Post Evacuate Collection Set: 2.3ms
[419.155s][info][gc,phases      ] GC(1072)   Other: 0.1ms
[419.155s][info][gc,heap        ] GC(1072) Eden regions: 331->0(331)
[419.155s][info][gc,heap        ] GC(1072) Survivor regions: 1->1(42)
[419.155s][info][gc,heap        ] GC(1072) Old regions: 27->27
[419.155s][info][gc,heap        ] GC(1072) Archive regions: 0->0
[419.155s][info][gc,heap        ] GC(1072) Humongous regions: 0->0
[419.155s][info][gc,metaspace   ] GC(1072) Metaspace: 14329K(15168K)->14329K(15168K) NonClass: 12368K(12864K)->12368K(12864K) Class: 1961K(2304K)->1961K(2304K)
[419.155s][info][gc             ] GC(1072) Pause Young (Normal) (G1 Evacuation Pause) 670M->9M(1108M) 3.385ms
[419.155s][info][gc,cpu         ] GC(1072) User=0.00s Sys=0.00s Real=0.00s
[419.569s][info][gc,start       ] GC(1073) Pause Young (Normal) (G1 Evacuation Pause)
[419.569s][info][gc,task        ] GC(1073) Using 33 workers of 33 for evacuation
[419.572s][info][gc,phases      ] GC(1073)   Pre Evacuate Collection Set: 0.2ms
[419.572s][info][gc,phases      ] GC(1073)   Merge Heap Roots: 0.2ms
[419.572s][info][gc,phases      ] GC(1073)   Evacuate Collection Set: 0.4ms
[419.572s][info][gc,phases      ] GC(1073)   Post Evacuate Collection Set: 2.2ms
[419.572s][info][gc,phases      ] GC(1073)   Other: 0.1ms
[419.572s][info][gc,heap        ] GC(1073) Eden regions: 331->0(331)
[419.572s][info][gc,heap        ] GC(1073) Survivor regions: 1->1(42)
[419.572s][info][gc,heap        ] GC(1073) Old regions: 27->27
[419.572s][info][gc,heap        ] GC(1073) Archive regions: 0->0
[419.572s][info][gc,heap        ] GC(1073) Humongous regions: 0->0
[419.572s][info][gc,metaspace   ] GC(1073) Metaspace: 14329K(15168K)->14329K(15168K) NonClass: 12368K(12864K)->12368K(12864K) Class: 1961K(2304K)->1961K(2304K)
[419.573s][info][gc             ] GC(1073) Pause Young (Normal) (G1 Evacuation Pause) 671M->9M(1108M) 3.322ms
[419.573s][info][gc,cpu         ] GC(1073) User=0.00s Sys=0.00s Real=0.00s
[420.000s][info][gc,start       ] GC(1074) Pause Young (Normal) (G1 Evacuation Pause)
[420.000s][info][gc,task        ] GC(1074) Using 33 workers of 33 for evacuation
[420.004s][info][gc,phases      ] GC(1074)   Pre Evacuate Collection Set: 0.1ms
[420.004s][info][gc,phases      ] GC(1074)   Merge Heap Roots: 0.1ms
[420.004s][info][gc,phases      ] GC(1074)   Evacuate Collection Set: 0.4ms
[420.004s][info][gc,phases      ] GC(1074)   Post Evacuate Collection Set: 2.3ms
[420.004s][info][gc,phases      ] GC(1074)   Other: 0.1ms
[420.004s][info][gc,heap        ] GC(1074) Eden regions: 331->0(331)
[420.004s][info][gc,heap        ] GC(1074) Survivor regions: 1->1(42)
[420.004s][info][gc,heap        ] GC(1074) Old regions: 27->27
[420.004s][info][gc,heap        ] GC(1074) Archive regions: 0->0
[420.004s][info][gc,heap        ] GC(1074) Humongous regions: 0->0
[420.004s][info][gc,metaspace   ] GC(1074) Metaspace: 14329K(15168K)->14329K(15168K) NonClass: 12368K(12864K)->12368K(12864K) Class: 1961K(2304K)->1961K(2304K)
[420.004s][info][gc             ] GC(1074) Pause Young (Normal) (G1 Evacuation Pause) 671M->9M(1108M) 3.313ms
[420.004s][info][gc,cpu         ] GC(1074) User=0.02s Sys=0.00s Real=0.00s
[420.449s][info][gc,start       ] GC(1075) Pause Young (Normal) (G1 Evacuation Pause)
[420.449s][info][gc,task        ] GC(1075) Using 33 workers of 33 for evacuation
[420.453s][info][gc,phases      ] GC(1075)   Pre Evacuate Collection Set: 0.2ms
[420.453s][info][gc,phases      ] GC(1075)   Merge Heap Roots: 0.2ms
[420.453s][info][gc,phases      ] GC(1075)   Evacuate Collection Set: 0.5ms
[420.453s][info][gc,phases      ] GC(1075)   Post Evacuate Collection Set: 2.4ms
[420.453s][info][gc,phases      ] GC(1075)   Other: 0.1ms
[420.453s][info][gc,heap        ] GC(1075) Eden regions: 331->0(331)
[420.453s][info][gc,heap        ] GC(1075) Survivor regions: 1->1(42)
[420.453s][info][gc,heap        ] GC(1075) Old regions: 27->27
[420.453s][info][gc,heap        ] GC(1075) Archive regions: 0->0
[420.453s][info][gc,heap        ] GC(1075) Humongous regions: 0->0
[420.453s][info][gc,metaspace   ] GC(1075) Metaspace: 14329K(15168K)->14329K(15168K) NonClass: 12368K(12864K)->12368K(12864K) Class: 1961K(2304K)->1961K(2304K)
[420.453s][info][gc             ] GC(1075) Pause Young (Normal) (G1 Evacuation Pause) 671M->9M(1108M) 3.554ms
[420.453s][info][gc,cpu         ] GC(1075) User=0.00s Sys=0.00s Real=0.00s
[420.763s][info][gc,start       ] GC(1076) Pause Full (System.gc())
[420.763s][info][gc,task        ] GC(1076) Using 29 workers of 33 for full compaction
[420.764s][info][gc,phases,start] GC(1076) Phase 1: Mark live objects
[420.776s][info][gc,phases      ] GC(1076) Phase 1: Mark live objects 11.598ms
[420.776s][info][gc,phases,start] GC(1076) Phase 2: Prepare compaction
[420.778s][info][gc,phases      ] GC(1076) Phase 2: Prepare compaction 2.082ms
[420.778s][info][gc,phases,start] GC(1076) Phase 3: Adjust pointers
[420.783s][info][gc,phases      ] GC(1076) Phase 3: Adjust pointers 4.930ms
[420.783s][info][gc,phases,start] GC(1076) Phase 4: Compact heap
[420.783s][info][gc,phases      ] GC(1076) Phase 4: Compact heap 0.481ms
[420.792s][info][gc,heap        ] GC(1076) Eden regions: 153->0(52)
[420.792s][info][gc,heap        ] GC(1076) Survivor regions: 1->0(42)
[420.792s][info][gc,heap        ] GC(1076) Old regions: 27->26
[420.792s][info][gc,heap        ] GC(1076) Archive regions: 0->0
[420.792s][info][gc,heap        ] GC(1076) Humongous regions: 0->0
[420.792s][info][gc,metaspace   ] GC(1076) Metaspace: 14329K(15168K)->14329K(15168K) NonClass: 12368K(12864K)->12368K(12864K) Class: 1961K(2304K)->1961K(2304K)
[420.792s][info][gc             ] GC(1076) Pause Full (System.gc()) 314M->5M(174M) 29.055ms
[420.792s][info][gc,cpu         ] GC(1076) User=0.02s Sys=0.44s Real=0.01s
[420.866s][info][gc,start       ] GC(1077) Pause Young (Normal) (G1 Evacuation Pause)
[420.866s][info][gc,task        ] GC(1077) Using 33 workers of 33 for evacuation
[420.869s][info][gc,phases      ] GC(1077)   Pre Evacuate Collection Set: 0.1ms
[420.869s][info][gc,phases      ] GC(1077)   Merge Heap Roots: 0.1ms
[420.869s][info][gc,phases      ] GC(1077)   Evacuate Collection Set: 0.4ms
[420.869s][info][gc,phases      ] GC(1077)   Post Evacuate Collection Set: 1.9ms
[420.869s][info][gc,phases      ] GC(1077)   Other: 0.1ms
[420.869s][info][gc,heap        ] GC(1077) Eden regions: 52->0(51)
[420.869s][info][gc,heap        ] GC(1077) Survivor regions: 0->1(7)
[420.869s][info][gc,heap        ] GC(1077) Old regions: 26->26
[420.869s][info][gc,heap        ] GC(1077) Archive regions: 0->0
[420.869s][info][gc,heap        ] GC(1077) Humongous regions: 0->0
[420.869s][info][gc,metaspace   ] GC(1077) Metaspace: 14329K(15168K)->14329K(15168K) NonClass: 12368K(12864K)->12368K(12864K) Class: 1961K(2304K)->1961K(2304K)
[420.869s][info][gc             ] GC(1077) Pause Young (Normal) (G1 Evacuation Pause) 109M->6M(174M) 2.808ms
[420.869s][info][gc,cpu         ] GC(1077) User=0.00s Sys=0.00s Real=0.00s
[420.936s][info][gc,start       ] GC(1078) Pause Young (Normal) (G1 Evacuation Pause)
[420.936s][info][gc,task        ] GC(1078) Using 33 workers of 33 for evacuation
[420.939s][info][gc,phases      ] GC(1078)   Pre Evacuate Collection Set: 0.1ms
[420.939s][info][gc,phases      ] GC(1078)   Merge Heap Roots: 0.1ms
[420.939s][info][gc,phases      ] GC(1078)   Evacuate Collection Set: 0.4ms
[420.939s][info][gc,phases      ] GC(1078)   Post Evacuate Collection Set: 1.8ms
[420.939s][info][gc,phases      ] GC(1078)   Other: 0.1ms
[420.939s][info][gc,heap        ] GC(1078) Eden regions: 51->0(51)
[420.939s][info][gc,heap        ] GC(1078) Survivor regions: 1->1(7)
[420.939s][info][gc,heap        ] GC(1078) Old regions: 26->26
[420.939s][info][gc,heap        ] GC(1078) Archive regions: 0->0
[420.939s][info][gc,heap        ] GC(1078) Humongous regions: 0->0
[420.939s][info][gc,metaspace   ] GC(1078) Metaspace: 14329K(15168K)->14329K(15168K) NonClass: 12368K(12864K)->12368K(12864K) Class: 1961K(2304K)->1961K(2304K)
[420.939s][info][gc             ] GC(1078) Pause Young (Normal) (G1 Evacuation Pause) 108M->6M(174M) 2.762ms
[420.939s][info][gc,cpu         ] GC(1078) User=0.00s Sys=0.00s Real=0.00s
[421.005s][info][gc,start       ] GC(1079) Pause Young (Normal) (G1 Evacuation Pause)
[421.005s][info][gc,task        ] GC(1079) Using 33 workers of 33 for evacuation
[421.008s][info][gc,phases      ] GC(1079)   Pre Evacuate Collection Set: 0.1ms
[421.008s][info][gc,phases      ] GC(1079)   Merge Heap Roots: 0.1ms
[421.008s][info][gc,phases      ] GC(1079)   Evacuate Collection Set: 0.4ms
[421.008s][info][gc,phases      ] GC(1079)   Post Evacuate Collection Set: 1.9ms
[421.008s][info][gc,phases      ] GC(1079)   Other: 0.1ms
[421.008s][info][gc,heap        ] GC(1079) Eden regions: 51->0(51)
[421.008s][info][gc,heap        ] GC(1079) Survivor regions: 1->1(7)
[421.008s][info][gc,heap        ] GC(1079) Old regions: 26->26
[421.008s][info][gc,heap        ] GC(1079) Archive regions: 0->0
[421.008s][info][gc,heap        ] GC(1079) Humongous regions: 0->0
[421.008s][info][gc,metaspace   ] GC(1079) Metaspace: 14329K(15168K)->14329K(15168K) NonClass: 12368K(12864K)->12368K(12864K) Class: 1961K(2304K)->1961K(2304K)
[421.008s][info][gc             ] GC(1079) Pause Young (Normal) (G1 Evacuation Pause) 108M->6M(174M) 2.777ms
[421.008s][info][gc,cpu         ] GC(1079) User=0.00s Sys=0.00s Real=0.00s
[421.075s][info][gc,start       ] GC(1080) Pause Young (Normal) (G1 Evacuation Pause)
[421.075s][info][gc,task        ] GC(1080) Using 33 workers of 33 for evacuation
[421.081s][info][gc,phases      ] GC(1080)   Pre Evacuate Collection Set: 0.1ms
[421.081s][info][gc,phases      ] GC(1080)   Merge Heap Roots: 0.1ms
[421.081s][info][gc,phases      ] GC(1080)   Evacuate Collection Set: 0.4ms
[421.081s][info][gc,phases      ] GC(1080)   Post Evacuate Collection Set: 4.9ms
[421.081s][info][gc,phases      ] GC(1080)   Other: 0.1ms
[421.081s][info][gc,heap        ] GC(1080) Eden regions: 51->0(332)
[421.081s][info][gc,heap        ] GC(1080) Survivor regions: 1->1(7)
[421.081s][info][gc,heap        ] GC(1080) Old regions: 26->26
[421.081s][info][gc,heap        ] GC(1080) Archive regions: 0->0
[421.081s][info][gc,heap        ] GC(1080) Humongous regions: 0->0
[421.081s][info][gc,metaspace   ] GC(1080) Metaspace: 14329K(15168K)->14329K(15168K) NonClass: 12368K(12864K)->12368K(12864K) Class: 1961K(2304K)->1961K(2304K)
[421.081s][info][gc             ] GC(1080) Pause Young (Normal) (G1 Evacuation Pause) 108M->6M(1112M) 5.822ms
[421.081s][info][gc,cpu         ] GC(1080) User=0.00s Sys=0.00s Real=0.00s
[421.531s][info][gc,start       ] GC(1081) Pause Young (Normal) (G1 Evacuation Pause)
[421.531s][info][gc,task        ] GC(1081) Using 33 workers of 33 for evacuation
[421.536s][info][gc,phases      ] GC(1081)   Pre Evacuate Collection Set: 0.1ms
[421.536s][info][gc,phases      ] GC(1081)   Merge Heap Roots: 0.1ms
[421.536s][info][gc,phases      ] GC(1081)   Evacuate Collection Set: 1.8ms
[421.536s][info][gc,phases      ] GC(1081)   Post Evacuate Collection Set: 2.5ms
[421.536s][info][gc,phases      ] GC(1081)   Other: 0.1ms
[421.536s][info][gc,heap        ] GC(1081) Eden regions: 332->0(332)
[421.536s][info][gc,heap        ] GC(1081) Survivor regions: 1->1(42)
[421.536s][info][gc,heap        ] GC(1081) Old regions: 26->26
[421.536s][info][gc,heap        ] GC(1081) Archive regions: 0->0
[421.536s][info][gc,heap        ] GC(1081) Humongous regions: 0->0
[421.536s][info][gc,metaspace   ] GC(1081) Metaspace: 14329K(15168K)->14329K(15168K) NonClass: 12368K(12864K)->12368K(12864K) Class: 1961K(2304K)->1961K(2304K)
[421.536s][info][gc             ] GC(1081) Pause Young (Normal) (G1 Evacuation Pause) 670M->6M(1112M) 4.904ms
[421.536s][info][gc,cpu         ] GC(1081) User=0.52s Sys=0.00s Real=0.00s
[421.948s][info][gc,start       ] GC(1082) Pause Young (Normal) (G1 Evacuation Pause)
[421.948s][info][gc,task        ] GC(1082) Using 33 workers of 33 for evacuation
[421.953s][info][gc,phases      ] GC(1082)   Pre Evacuate Collection Set: 0.1ms
[421.953s][info][gc,phases      ] GC(1082)   Merge Heap Roots: 0.1ms
[421.953s][info][gc,phases      ] GC(1082)   Evacuate Collection Set: 1.9ms
[421.953s][info][gc,phases      ] GC(1082)   Post Evacuate Collection Set: 2.5ms
[421.953s][info][gc,phases      ] GC(1082)   Other: 0.1ms
[421.953s][info][gc,heap        ] GC(1082) Eden regions: 332->0(332)
[421.953s][info][gc,heap        ] GC(1082) Survivor regions: 1->1(42)
[421.953s][info][gc,heap        ] GC(1082) Old regions: 26->26
[421.953s][info][gc,heap        ] GC(1082) Archive regions: 0->0
[421.953s][info][gc,heap        ] GC(1082) Humongous regions: 0->0
[421.953s][info][gc,metaspace   ] GC(1082) Metaspace: 14329K(15168K)->14329K(15168K) NonClass: 12368K(12864K)->12368K(12864K) Class: 1961K(2304K)->1961K(2304K)
[421.953s][info][gc             ] GC(1082) Pause Young (Normal) (G1 Evacuation Pause) 670M->6M(1112M) 5.022ms
[421.953s][info][gc,cpu         ] GC(1082) User=0.00s Sys=0.00s Real=0.01s
[422.370s][info][gc,start       ] GC(1083) Pause Young (Normal) (G1 Evacuation Pause)
[422.370s][info][gc,task        ] GC(1083) Using 33 workers of 33 for evacuation
[422.374s][info][gc,phases      ] GC(1083)   Pre Evacuate Collection Set: 0.1ms
[422.374s][info][gc,phases      ] GC(1083)   Merge Heap Roots: 0.1ms
[422.374s][info][gc,phases      ] GC(1083)   Evacuate Collection Set: 0.6ms
[422.374s][info][gc,phases      ] GC(1083)   Post Evacuate Collection Set: 2.6ms
[422.374s][info][gc,phases      ] GC(1083)   Other: 0.1ms
[422.374s][info][gc,heap        ] GC(1083) Eden regions: 332->0(332)
[422.374s][info][gc,heap        ] GC(1083) Survivor regions: 1->1(42)
[422.374s][info][gc,heap        ] GC(1083) Old regions: 26->26
[422.374s][info][gc,heap        ] GC(1083) Archive regions: 0->0
[422.374s][info][gc,heap        ] GC(1083) Humongous regions: 0->0
[422.374s][info][gc,metaspace   ] GC(1083) Metaspace: 14329K(15168K)->14329K(15168K) NonClass: 12368K(12864K)->12368K(12864K) Class: 1961K(2304K)->1961K(2304K)
[422.374s][info][gc             ] GC(1083) Pause Young (Normal) (G1 Evacuation Pause) 670M->6M(1112M) 3.815ms
[422.374s][info][gc,cpu         ] GC(1083) User=0.00s Sys=0.00s Real=0.00s
[422.787s][info][gc,start       ] GC(1084) Pause Young (Normal) (G1 Evacuation Pause)
[422.787s][info][gc,task        ] GC(1084) Using 33 workers of 33 for evacuation
[422.790s][info][gc,phases      ] GC(1084)   Pre Evacuate Collection Set: 0.1ms
[422.790s][info][gc,phases      ] GC(1084)   Merge Heap Roots: 0.1ms
[422.790s][info][gc,phases      ] GC(1084)   Evacuate Collection Set: 0.5ms
[422.790s][info][gc,phases      ] GC(1084)   Post Evacuate Collection Set: 2.6ms
[422.790s][info][gc,phases      ] GC(1084)   Other: 0.1ms
[422.790s][info][gc,heap        ] GC(1084) Eden regions: 332->0(332)
[422.790s][info][gc,heap        ] GC(1084) Survivor regions: 1->1(42)
[422.790s][info][gc,heap        ] GC(1084) Old regions: 26->26
[422.790s][info][gc,heap        ] GC(1084) Archive regions: 0->0
[422.790s][info][gc,heap        ] GC(1084) Humongous regions: 0->0
[422.790s][info][gc,metaspace   ] GC(1084) Metaspace: 14329K(15168K)->14329K(15168K) NonClass: 12368K(12864K)->12368K(12864K) Class: 1961K(2304K)->1961K(2304K)
[422.790s][info][gc             ] GC(1084) Pause Young (Normal) (G1 Evacuation Pause) 670M->7M(1112M) 3.818ms
[422.790s][info][gc,cpu         ] GC(1084) User=0.00s Sys=0.00s Real=0.00s
[423.203s][info][gc,start       ] GC(1085) Pause Young (Normal) (G1 Evacuation Pause)
[423.203s][info][gc,task        ] GC(1085) Using 33 workers of 33 for evacuation
[423.207s][info][gc,phases      ] GC(1085)   Pre Evacuate Collection Set: 0.1ms
[423.207s][info][gc,phases      ] GC(1085)   Merge Heap Roots: 0.2ms
[423.207s][info][gc,phases      ] GC(1085)   Evacuate Collection Set: 0.5ms
[423.207s][info][gc,phases      ] GC(1085)   Post Evacuate Collection Set: 2.7ms
[423.207s][info][gc,phases      ] GC(1085)   Other: 0.1ms
[423.207s][info][gc,heap        ] GC(1085) Eden regions: 332->0(332)
[423.207s][info][gc,heap        ] GC(1085) Survivor regions: 1->1(42)
[423.207s][info][gc,heap        ] GC(1085) Old regions: 26->26
[423.207s][info][gc,heap        ] GC(1085) Archive regions: 0->0
[423.207s][info][gc,heap        ] GC(1085) Humongous regions: 0->0
[423.207s][info][gc,metaspace   ] GC(1085) Metaspace: 14329K(15168K)->14329K(15168K) NonClass: 12368K(12864K)->12368K(12864K) Class: 1961K(2304K)->1961K(2304K)
[423.207s][info][gc             ] GC(1085) Pause Young (Normal) (G1 Evacuation Pause) 671M->7M(1112M) 3.891ms
[423.207s][info][gc,cpu         ] GC(1085) User=0.00s Sys=0.02s Real=0.00s
[423.674s][info][gc,start       ] GC(1086) Pause Young (Normal) (G1 Evacuation Pause)
[423.674s][info][gc,task        ] GC(1086) Using 33 workers of 33 for evacuation
[423.679s][info][gc,phases      ] GC(1086)   Pre Evacuate Collection Set: 0.2ms
[423.679s][info][gc,phases      ] GC(1086)   Merge Heap Roots: 0.2ms
[423.679s][info][gc,phases      ] GC(1086)   Evacuate Collection Set: 1.2ms
[423.679s][info][gc,phases      ] GC(1086)   Post Evacuate Collection Set: 3.6ms
[423.679s][info][gc,phases      ] GC(1086)   Other: 0.2ms
[423.679s][info][gc,heap        ] GC(1086) Eden regions: 332->0(332)
[423.679s][info][gc,heap        ] GC(1086) Survivor regions: 1->1(42)
[423.679s][info][gc,heap        ] GC(1086) Old regions: 26->26
[423.679s][info][gc,heap        ] GC(1086) Archive regions: 0->0
[423.679s][info][gc,heap        ] GC(1086) Humongous regions: 0->0
[423.679s][info][gc,metaspace   ] GC(1086) Metaspace: 14329K(15168K)->14329K(15168K) NonClass: 12368K(12864K)->12368K(12864K) Class: 1961K(2304K)->1961K(2304K)
[423.679s][info][gc             ] GC(1086) Pause Young (Normal) (G1 Evacuation Pause) 671M->7M(1112M) 5.945ms
[423.680s][info][gc,cpu         ] GC(1086) User=0.00s Sys=0.00s Real=0.00s
[424.100s][info][gc,start       ] GC(1087) Pause Young (Normal) (G1 Evacuation Pause)
[424.101s][info][gc,task        ] GC(1087) Using 33 workers of 33 for evacuation
[424.104s][info][gc,phases      ] GC(1087)   Pre Evacuate Collection Set: 0.2ms
[424.104s][info][gc,phases      ] GC(1087)   Merge Heap Roots: 0.1ms
[424.104s][info][gc,phases      ] GC(1087)   Evacuate Collection Set: 0.6ms
[424.104s][info][gc,phases      ] GC(1087)   Post Evacuate Collection Set: 2.3ms
[424.104s][info][gc,phases      ] GC(1087)   Other: 0.1ms
[424.104s][info][gc,heap        ] GC(1087) Eden regions: 332->0(332)
[424.104s][info][gc,heap        ] GC(1087) Survivor regions: 1->1(42)
[424.104s][info][gc,heap        ] GC(1087) Old regions: 26->26
[424.104s][info][gc,heap        ] GC(1087) Archive regions: 0->0
[424.104s][info][gc,heap        ] GC(1087) Humongous regions: 0->0
[424.104s][info][gc,metaspace   ] GC(1087) Metaspace: 14329K(15168K)->14329K(15168K) NonClass: 12368K(12864K)->12368K(12864K) Class: 1961K(2304K)->1961K(2304K)
[424.104s][info][gc             ] GC(1087) Pause Young (Normal) (G1 Evacuation Pause) 671M->7M(1112M) 3.566ms
[424.104s][info][gc,cpu         ] GC(1087) User=0.00s Sys=0.00s Real=0.00s
[424.516s][info][gc,start       ] GC(1088) Pause Young (Normal) (G1 Evacuation Pause)
[424.517s][info][gc,task        ] GC(1088) Using 33 workers of 33 for evacuation
[424.520s][info][gc,phases      ] GC(1088)   Pre Evacuate Collection Set: 0.1ms
[424.520s][info][gc,phases      ] GC(1088)   Merge Heap Roots: 0.1ms
[424.520s][info][gc,phases      ] GC(1088)   Evacuate Collection Set: 0.6ms
[424.520s][info][gc,phases      ] GC(1088)   Post Evacuate Collection Set: 2.3ms
[424.520s][info][gc,phases      ] GC(1088)   Other: 0.1ms
[424.520s][info][gc,heap        ] GC(1088) Eden regions: 332->0(331)
[424.520s][info][gc,heap        ] GC(1088) Survivor regions: 1->2(42)
[424.520s][info][gc,heap        ] GC(1088) Old regions: 26->26
[424.520s][info][gc,heap        ] GC(1088) Archive regions: 0->0
[424.520s][info][gc,heap        ] GC(1088) Humongous regions: 0->0
[424.520s][info][gc,metaspace   ] GC(1088) Metaspace: 14329K(15168K)->14329K(15168K) NonClass: 12368K(12864K)->12368K(12864K) Class: 1961K(2304K)->1961K(2304K)
[424.520s][info][gc             ] GC(1088) Pause Young (Normal) (G1 Evacuation Pause) 671M->7M(1112M) 3.534ms
[424.520s][info][gc,cpu         ] GC(1088) User=0.52s Sys=0.00s Real=0.00s
[424.935s][info][gc,start       ] GC(1089) Pause Young (Normal) (G1 Evacuation Pause)
[424.935s][info][gc,task        ] GC(1089) Using 33 workers of 33 for evacuation
[424.939s][info][gc,phases      ] GC(1089)   Pre Evacuate Collection Set: 0.2ms
[424.939s][info][gc,phases      ] GC(1089)   Merge Heap Roots: 0.1ms
[424.939s][info][gc,phases      ] GC(1089)   Evacuate Collection Set: 1.1ms
[424.939s][info][gc,phases      ] GC(1089)   Post Evacuate Collection Set: 2.3ms
[424.939s][info][gc,phases      ] GC(1089)   Other: 0.1ms
[424.939s][info][gc,heap        ] GC(1089) Eden regions: 331->0(331)
[424.939s][info][gc,heap        ] GC(1089) Survivor regions: 2->2(42)
[424.939s][info][gc,heap        ] GC(1089) Old regions: 26->26
[424.939s][info][gc,heap        ] GC(1089) Archive regions: 0->0
[424.939s][info][gc,heap        ] GC(1089) Humongous regions: 0->0
[424.939s][info][gc,metaspace   ] GC(1089) Metaspace: 14329K(15168K)->14329K(15168K) NonClass: 12368K(12864K)->12368K(12864K) Class: 1961K(2304K)->1961K(2304K)
[424.939s][info][gc             ] GC(1089) Pause Young (Normal) (G1 Evacuation Pause) 669M->7M(1112M) 4.000ms
[424.939s][info][gc,cpu         ] GC(1089) User=0.00s Sys=0.00s Real=0.00s
[425.353s][info][gc,start       ] GC(1090) Pause Young (Normal) (G1 Evacuation Pause)
[425.353s][info][gc,task        ] GC(1090) Using 33 workers of 33 for evacuation
[425.356s][info][gc,phases      ] GC(1090)   Pre Evacuate Collection Set: 0.1ms
[425.356s][info][gc,phases      ] GC(1090)   Merge Heap Roots: 0.1ms
[425.356s][info][gc,phases      ] GC(1090)   Evacuate Collection Set: 0.6ms
[425.356s][info][gc,phases      ] GC(1090)   Post Evacuate Collection Set: 2.4ms
[425.356s][info][gc,phases      ] GC(1090)   Other: 0.1ms
[425.356s][info][gc,heap        ] GC(1090) Eden regions: 331->0(331)
[425.356s][info][gc,heap        ] GC(1090) Survivor regions: 2->2(42)
[425.356s][info][gc,heap        ] GC(1090) Old regions: 26->26
[425.357s][info][gc,heap        ] GC(1090) Archive regions: 0->0
[425.357s][info][gc,heap        ] GC(1090) Humongous regions: 0->0
[425.357s][info][gc,metaspace   ] GC(1090) Metaspace: 14329K(15168K)->14329K(15168K) NonClass: 12368K(12864K)->12368K(12864K) Class: 1961K(2304K)->1961K(2304K)
[425.357s][info][gc             ] GC(1090) Pause Young (Normal) (G1 Evacuation Pause) 669M->7M(1112M) 3.614ms
[425.357s][info][gc,cpu         ] GC(1090) User=0.00s Sys=0.00s Real=0.00s
[425.767s][info][gc,start       ] GC(1091) Pause Young (Normal) (G1 Evacuation Pause)
[425.767s][info][gc,task        ] GC(1091) Using 33 workers of 33 for evacuation
[425.771s][info][gc,phases      ] GC(1091)   Pre Evacuate Collection Set: 0.1ms
[425.771s][info][gc,phases      ] GC(1091)   Merge Heap Roots: 0.1ms
[425.771s][info][gc,phases      ] GC(1091)   Evacuate Collection Set: 0.5ms
[425.771s][info][gc,phases      ] GC(1091)   Post Evacuate Collection Set: 2.4ms
[425.771s][info][gc,phases      ] GC(1091)   Other: 0.1ms
[425.771s][info][gc,heap        ] GC(1091) Eden regions: 331->0(331)
[425.771s][info][gc,heap        ] GC(1091) Survivor regions: 2->2(42)
[425.771s][info][gc,heap        ] GC(1091) Old regions: 26->26
[425.771s][info][gc,heap        ] GC(1091) Archive regions: 0->0
[425.771s][info][gc,heap        ] GC(1091) Humongous regions: 0->0
[425.771s][info][gc,metaspace   ] GC(1091) Metaspace: 14329K(15168K)->14329K(15168K) NonClass: 12368K(12864K)->12368K(12864K) Class: 1961K(2304K)->1961K(2304K)
[425.771s][info][gc             ] GC(1091) Pause Young (Normal) (G1 Evacuation Pause) 669M->7M(1112M) 3.576ms
[425.771s][info][gc,cpu         ] GC(1091) User=0.52s Sys=0.00s Real=0.00s
[426.186s][info][gc,start       ] GC(1092) Pause Young (Normal) (G1 Evacuation Pause)
[426.186s][info][gc,task        ] GC(1092) Using 33 workers of 33 for evacuation
[426.189s][info][gc,phases      ] GC(1092)   Pre Evacuate Collection Set: 0.2ms
[426.190s][info][gc,phases      ] GC(1092)   Merge Heap Roots: 0.1ms
[426.190s][info][gc,phases      ] GC(1092)   Evacuate Collection Set: 0.6ms
[426.190s][info][gc,phases      ] GC(1092)   Post Evacuate Collection Set: 2.5ms
[426.190s][info][gc,phases      ] GC(1092)   Other: 0.1ms
[426.190s][info][gc,heap        ] GC(1092) Eden regions: 331->0(332)
[426.190s][info][gc,heap        ] GC(1092) Survivor regions: 2->1(42)
[426.190s][info][gc,heap        ] GC(1092) Old regions: 26->27
[426.190s][info][gc,heap        ] GC(1092) Archive regions: 0->0
[426.190s][info][gc,heap        ] GC(1092) Humongous regions: 0->0
[426.190s][info][gc,metaspace   ] GC(1092) Metaspace: 14329K(15168K)->14329K(15168K) NonClass: 12368K(12864K)->12368K(12864K) Class: 1961K(2304K)->1961K(2304K)
[426.190s][info][gc             ] GC(1092) Pause Young (Normal) (G1 Evacuation Pause) 669M->7M(1112M) 3.662ms
[426.190s][info][gc,cpu         ] GC(1092) User=0.00s Sys=0.00s Real=0.00s
[426.608s][info][gc,start       ] GC(1093) Pause Young (Normal) (G1 Evacuation Pause)
[426.608s][info][gc,task        ] GC(1093) Using 33 workers of 33 for evacuation
[426.612s][info][gc,phases      ] GC(1093)   Pre Evacuate Collection Set: 0.2ms
[426.612s][info][gc,phases      ] GC(1093)   Merge Heap Roots: 0.2ms
[426.612s][info][gc,phases      ] GC(1093)   Evacuate Collection Set: 0.3ms
[426.612s][info][gc,phases      ] GC(1093)   Post Evacuate Collection Set: 2.5ms
[426.612s][info][gc,phases      ] GC(1093)   Other: 0.1ms
[426.612s][info][gc,heap        ] GC(1093) Eden regions: 332->0(332)
[426.612s][info][gc,heap        ] GC(1093) Survivor regions: 1->1(42)
[426.612s][info][gc,heap        ] GC(1093) Old regions: 27->27
[426.612s][info][gc,heap        ] GC(1093) Archive regions: 0->0
[426.612s][info][gc,heap        ] GC(1093) Humongous regions: 0->0
[426.612s][info][gc,metaspace   ] GC(1093) Metaspace: 14329K(15168K)->14329K(15168K) NonClass: 12368K(12864K)->12368K(12864K) Class: 1961K(2304K)->1961K(2304K)
[426.612s][info][gc             ] GC(1093) Pause Young (Normal) (G1 Evacuation Pause) 671M->7M(1112M) 3.533ms
[426.612s][info][gc,cpu         ] GC(1093) User=0.00s Sys=0.00s Real=0.00s
[427.031s][info][gc,start       ] GC(1094) Pause Young (Normal) (G1 Evacuation Pause)
[427.031s][info][gc,task        ] GC(1094) Using 33 workers of 33 for evacuation
[427.034s][info][gc,phases      ] GC(1094)   Pre Evacuate Collection Set: 0.1ms
[427.034s][info][gc,phases      ] GC(1094)   Merge Heap Roots: 0.2ms
[427.034s][info][gc,phases      ] GC(1094)   Evacuate Collection Set: 0.4ms
[427.034s][info][gc,phases      ] GC(1094)   Post Evacuate Collection Set: 2.6ms
[427.034s][info][gc,phases      ] GC(1094)   Other: 0.1ms
[427.034s][info][gc,heap        ] GC(1094) Eden regions: 332->0(332)
[427.034s][info][gc,heap        ] GC(1094) Survivor regions: 1->1(42)
[427.034s][info][gc,heap        ] GC(1094) Old regions: 27->27
[427.034s][info][gc,heap        ] GC(1094) Archive regions: 0->0
[427.034s][info][gc,heap        ] GC(1094) Humongous regions: 0->0
[427.034s][info][gc,metaspace   ] GC(1094) Metaspace: 14329K(15168K)->14329K(15168K) NonClass: 12368K(12864K)->12368K(12864K) Class: 1961K(2304K)->1961K(2304K)
[427.034s][info][gc             ] GC(1094) Pause Young (Normal) (G1 Evacuation Pause) 671M->7M(1112M) 3.657ms
[427.034s][info][gc,cpu         ] GC(1094) User=0.00s Sys=0.00s Real=0.00s
[427.456s][info][gc,start       ] GC(1095) Pause Young (Normal) (G1 Evacuation Pause)
[427.456s][info][gc,task        ] GC(1095) Using 33 workers of 33 for evacuation
[427.460s][info][gc,phases      ] GC(1095)   Pre Evacuate Collection Set: 0.2ms
[427.460s][info][gc,phases      ] GC(1095)   Merge Heap Roots: 0.2ms
[427.460s][info][gc,phases      ] GC(1095)   Evacuate Collection Set: 0.4ms
[427.460s][info][gc,phases      ] GC(1095)   Post Evacuate Collection Set: 2.7ms
[427.460s][info][gc,phases      ] GC(1095)   Other: 0.1ms
[427.460s][info][gc,heap        ] GC(1095) Eden regions: 332->0(332)
[427.460s][info][gc,heap        ] GC(1095) Survivor regions: 1->1(42)
[427.460s][info][gc,heap        ] GC(1095) Old regions: 27->27
[427.460s][info][gc,heap        ] GC(1095) Archive regions: 0->0
[427.460s][info][gc,heap        ] GC(1095) Humongous regions: 0->0
[427.460s][info][gc,metaspace   ] GC(1095) Metaspace: 14329K(15168K)->14329K(15168K) NonClass: 12368K(12864K)->12368K(12864K) Class: 1961K(2304K)->1961K(2304K)
[427.460s][info][gc             ] GC(1095) Pause Young (Normal) (G1 Evacuation Pause) 671M->7M(1112M) 3.788ms
[427.460s][info][gc,cpu         ] GC(1095) User=0.52s Sys=0.00s Real=0.00s
[427.880s][info][gc,start       ] GC(1096) Pause Young (Normal) (G1 Evacuation Pause)
[427.880s][info][gc,task        ] GC(1096) Using 33 workers of 33 for evacuation
[427.884s][info][gc,phases      ] GC(1096)   Pre Evacuate Collection Set: 0.1ms
[427.884s][info][gc,phases      ] GC(1096)   Merge Heap Roots: 0.2ms
[427.884s][info][gc,phases      ] GC(1096)   Evacuate Collection Set: 0.4ms
[427.884s][info][gc,phases      ] GC(1096)   Post Evacuate Collection Set: 2.7ms
[427.884s][info][gc,phases      ] GC(1096)   Other: 0.1ms
[427.884s][info][gc,heap        ] GC(1096) Eden regions: 332->0(332)
[427.884s][info][gc,heap        ] GC(1096) Survivor regions: 1->1(42)
[427.884s][info][gc,heap        ] GC(1096) Old regions: 27->27
[427.884s][info][gc,heap        ] GC(1096) Archive regions: 0->0
[427.884s][info][gc,heap        ] GC(1096) Humongous regions: 0->0
[427.884s][info][gc,metaspace   ] GC(1096) Metaspace: 14329K(15168K)->14329K(15168K) NonClass: 12368K(12864K)->12368K(12864K) Class: 1961K(2304K)->1961K(2304K)
[427.884s][info][gc             ] GC(1096) Pause Young (Normal) (G1 Evacuation Pause) 671M->7M(1112M) 3.744ms
[427.884s][info][gc,cpu         ] GC(1096) User=0.00s Sys=0.00s Real=0.00s
[428.303s][info][gc,start       ] GC(1097) Pause Young (Normal) (G1 Evacuation Pause)
[428.303s][info][gc,task        ] GC(1097) Using 33 workers of 33 for evacuation
[428.307s][info][gc,phases      ] GC(1097)   Pre Evacuate Collection Set: 0.2ms
[428.307s][info][gc,phases      ] GC(1097)   Merge Heap Roots: 0.1ms
[428.307s][info][gc,phases      ] GC(1097)   Evacuate Collection Set: 0.4ms
[428.307s][info][gc,phases      ] GC(1097)   Post Evacuate Collection Set: 2.7ms
[428.307s][info][gc,phases      ] GC(1097)   Other: 0.1ms
[428.307s][info][gc,heap        ] GC(1097) Eden regions: 332->0(332)
[428.307s][info][gc,heap        ] GC(1097) Survivor regions: 1->1(42)
[428.307s][info][gc,heap        ] GC(1097) Old regions: 27->27
[428.307s][info][gc,heap        ] GC(1097) Archive regions: 0->0
[428.307s][info][gc,heap        ] GC(1097) Humongous regions: 0->0
[428.307s][info][gc,metaspace   ] GC(1097) Metaspace: 14329K(15168K)->14329K(15168K) NonClass: 12368K(12864K)->12368K(12864K) Class: 1961K(2304K)->1961K(2304K)
[428.307s][info][gc             ] GC(1097) Pause Young (Normal) (G1 Evacuation Pause) 671M->7M(1112M) 3.813ms
[428.307s][info][gc,cpu         ] GC(1097) User=0.00s Sys=0.00s Real=0.00s
[428.725s][info][gc,start       ] GC(1098) Pause Young (Normal) (G1 Evacuation Pause)
[428.725s][info][gc,task        ] GC(1098) Using 33 workers of 33 for evacuation
[428.728s][info][gc,phases      ] GC(1098)   Pre Evacuate Collection Set: 0.1ms
[428.728s][info][gc,phases      ] GC(1098)   Merge Heap Roots: 0.2ms
[428.728s][info][gc,phases      ] GC(1098)   Evacuate Collection Set: 0.4ms
[428.728s][info][gc,phases      ] GC(1098)   Post Evacuate Collection Set: 2.7ms
[428.728s][info][gc,phases      ] GC(1098)   Other: 0.1ms
[428.728s][info][gc,heap        ] GC(1098) Eden regions: 332->0(332)
[428.728s][info][gc,heap        ] GC(1098) Survivor regions: 1->1(42)
[428.728s][info][gc,heap        ] GC(1098) Old regions: 27->27
[428.728s][info][gc,heap        ] GC(1098) Archive regions: 0->0
[428.728s][info][gc,heap        ] GC(1098) Humongous regions: 0->0
[428.728s][info][gc,metaspace   ] GC(1098) Metaspace: 14329K(15168K)->14329K(15168K) NonClass: 12368K(12864K)->12368K(12864K) Class: 1961K(2304K)->1961K(2304K)
[428.728s][info][gc             ] GC(1098) Pause Young (Normal) (G1 Evacuation Pause) 671M->8M(1112M) 3.825ms
[428.728s][info][gc,cpu         ] GC(1098) User=0.00s Sys=0.00s Real=0.00s
[429.148s][info][gc,start       ] GC(1099) Pause Young (Normal) (G1 Evacuation Pause)
[429.148s][info][gc,task        ] GC(1099) Using 33 workers of 33 for evacuation
[429.151s][info][gc,phases      ] GC(1099)   Pre Evacuate Collection Set: 0.1ms
[429.151s][info][gc,phases      ] GC(1099)   Merge Heap Roots: 0.2ms
[429.151s][info][gc,phases      ] GC(1099)   Evacuate Collection Set: 0.4ms
[429.151s][info][gc,phases      ] GC(1099)   Post Evacuate Collection Set: 2.4ms
[429.151s][info][gc,phases      ] GC(1099)   Other: 0.1ms
[429.151s][info][gc,heap        ] GC(1099) Eden regions: 332->0(332)
[429.151s][info][gc,heap        ] GC(1099) Survivor regions: 1->1(42)
[429.151s][info][gc,heap        ] GC(1099) Old regions: 27->27
[429.151s][info][gc,heap        ] GC(1099) Archive regions: 0->0
[429.151s][info][gc,heap        ] GC(1099) Humongous regions: 0->0
[429.151s][info][gc,metaspace   ] GC(1099) Metaspace: 14329K(15168K)->14329K(15168K) NonClass: 12368K(12864K)->12368K(12864K) Class: 1961K(2304K)->1961K(2304K)
[429.151s][info][gc             ] GC(1099) Pause Young (Normal) (G1 Evacuation Pause) 672M->8M(1112M) 3.469ms
[429.151s][info][gc,cpu         ] GC(1099) User=0.00s Sys=0.00s Real=0.00s
[429.570s][info][gc,start       ] GC(1100) Pause Young (Normal) (G1 Evacuation Pause)
[429.570s][info][gc,task        ] GC(1100) Using 33 workers of 33 for evacuation
[429.573s][info][gc,phases      ] GC(1100)   Pre Evacuate Collection Set: 0.2ms
[429.573s][info][gc,phases      ] GC(1100)   Merge Heap Roots: 0.2ms
[429.573s][info][gc,phases      ] GC(1100)   Evacuate Collection Set: 0.4ms
[429.573s][info][gc,phases      ] GC(1100)   Post Evacuate Collection Set: 2.4ms
[429.573s][info][gc,phases      ] GC(1100)   Other: 0.1ms
[429.573s][info][gc,heap        ] GC(1100) Eden regions: 332->0(332)
[429.573s][info][gc,heap        ] GC(1100) Survivor regions: 1->1(42)
[429.573s][info][gc,heap        ] GC(1100) Old regions: 27->27
[429.573s][info][gc,heap        ] GC(1100) Archive regions: 0->0
[429.573s][info][gc,heap        ] GC(1100) Humongous regions: 0->0
[429.573s][info][gc,metaspace   ] GC(1100) Metaspace: 14329K(15168K)->14329K(15168K) NonClass: 12368K(12864K)->12368K(12864K) Class: 1961K(2304K)->1961K(2304K)
[429.573s][info][gc             ] GC(1100) Pause Young (Normal) (G1 Evacuation Pause) 672M->8M(1112M) 3.444ms
[429.573s][info][gc,cpu         ] GC(1100) User=0.00s Sys=0.00s Real=0.00s
[429.992s][info][gc,start       ] GC(1101) Pause Young (Normal) (G1 Evacuation Pause)
[429.992s][info][gc,task        ] GC(1101) Using 33 workers of 33 for evacuation
[429.995s][info][gc,phases      ] GC(1101)   Pre Evacuate Collection Set: 0.1ms
[429.995s][info][gc,phases      ] GC(1101)   Merge Heap Roots: 0.2ms
[429.995s][info][gc,phases      ] GC(1101)   Evacuate Collection Set: 0.4ms
[429.995s][info][gc,phases      ] GC(1101)   Post Evacuate Collection Set: 2.4ms
[429.995s][info][gc,phases      ] GC(1101)   Other: 0.1ms
[429.995s][info][gc,heap        ] GC(1101) Eden regions: 332->0(332)
[429.995s][info][gc,heap        ] GC(1101) Survivor regions: 1->1(42)
[429.995s][info][gc,heap        ] GC(1101) Old regions: 27->27
[429.995s][info][gc,heap        ] GC(1101) Archive regions: 0->0
[429.995s][info][gc,heap        ] GC(1101) Humongous regions: 0->0
[429.995s][info][gc,metaspace   ] GC(1101) Metaspace: 14329K(15168K)->14329K(15168K) NonClass: 12368K(12864K)->12368K(12864K) Class: 1961K(2304K)->1961K(2304K)
[429.995s][info][gc             ] GC(1101) Pause Young (Normal) (G1 Evacuation Pause) 672M->8M(1112M) 3.470ms
[429.995s][info][gc,cpu         ] GC(1101) User=0.00s Sys=0.00s Real=0.00s
[430.412s][info][gc,start       ] GC(1102) Pause Young (Normal) (G1 Evacuation Pause)
[430.412s][info][gc,task        ] GC(1102) Using 33 workers of 33 for evacuation
[430.415s][info][gc,phases      ] GC(1102)   Pre Evacuate Collection Set: 0.2ms
[430.415s][info][gc,phases      ] GC(1102)   Merge Heap Roots: 0.2ms
[430.415s][info][gc,phases      ] GC(1102)   Evacuate Collection Set: 0.4ms
[430.415s][info][gc,phases      ] GC(1102)   Post Evacuate Collection Set: 2.5ms
[430.416s][info][gc,phases      ] GC(1102)   Other: 0.1ms
[430.416s][info][gc,heap        ] GC(1102) Eden regions: 332->0(332)
[430.416s][info][gc,heap        ] GC(1102) Survivor regions: 1->1(42)
[430.416s][info][gc,heap        ] GC(1102) Old regions: 27->28
[430.416s][info][gc,heap        ] GC(1102) Archive regions: 0->0
[430.416s][info][gc,heap        ] GC(1102) Humongous regions: 0->0
[430.416s][info][gc,metaspace   ] GC(1102) Metaspace: 14329K(15168K)->14329K(15168K) NonClass: 12368K(12864K)->12368K(12864K) Class: 1961K(2304K)->1961K(2304K)
[430.416s][info][gc             ] GC(1102) Pause Young (Normal) (G1 Evacuation Pause) 672M->8M(1112M) 3.550ms
[430.416s][info][gc,cpu         ] GC(1102) User=0.00s Sys=0.00s Real=0.00s
[430.832s][info][gc,start       ] GC(1103) Pause Young (Normal) (G1 Evacuation Pause)
[430.832s][info][gc,task        ] GC(1103) Using 33 workers of 33 for evacuation
[430.836s][info][gc,phases      ] GC(1103)   Pre Evacuate Collection Set: 0.2ms
[430.836s][info][gc,phases      ] GC(1103)   Merge Heap Roots: 0.2ms
[430.836s][info][gc,phases      ] GC(1103)   Evacuate Collection Set: 0.4ms
[430.836s][info][gc,phases      ] GC(1103)   Post Evacuate Collection Set: 2.5ms
[430.836s][info][gc,phases      ] GC(1103)   Other: 0.1ms
[430.836s][info][gc,heap        ] GC(1103) Eden regions: 332->0(332)
[430.836s][info][gc,heap        ] GC(1103) Survivor regions: 1->1(42)
[430.836s][info][gc,heap        ] GC(1103) Old regions: 28->28
[430.836s][info][gc,heap        ] GC(1103) Archive regions: 0->0
[430.836s][info][gc,heap        ] GC(1103) Humongous regions: 0->0
[430.836s][info][gc,metaspace   ] GC(1103) Metaspace: 14329K(15168K)->14329K(15168K) NonClass: 12368K(12864K)->12368K(12864K) Class: 1961K(2304K)->1961K(2304K)
[430.836s][info][gc             ] GC(1103) Pause Young (Normal) (G1 Evacuation Pause) 672M->8M(1112M) 3.578ms
[430.836s][info][gc,cpu         ] GC(1103) User=0.00s Sys=0.00s Real=0.00s
[431.253s][info][gc,start       ] GC(1104) Pause Young (Normal) (G1 Evacuation Pause)
[431.253s][info][gc,task        ] GC(1104) Using 33 workers of 33 for evacuation
[431.256s][info][gc,phases      ] GC(1104)   Pre Evacuate Collection Set: 0.1ms
[431.256s][info][gc,phases      ] GC(1104)   Merge Heap Roots: 0.2ms
[431.256s][info][gc,phases      ] GC(1104)   Evacuate Collection Set: 0.4ms
[431.256s][info][gc,phases      ] GC(1104)   Post Evacuate Collection Set: 2.6ms
[431.256s][info][gc,phases      ] GC(1104)   Other: 0.1ms
[431.256s][info][gc,heap        ] GC(1104) Eden regions: 332->0(332)
[431.256s][info][gc,heap        ] GC(1104) Survivor regions: 1->1(42)
[431.256s][info][gc,heap        ] GC(1104) Old regions: 28->28
[431.256s][info][gc,heap        ] GC(1104) Archive regions: 0->0
[431.256s][info][gc,heap        ] GC(1104) Humongous regions: 0->0
[431.256s][info][gc,metaspace   ] GC(1104) Metaspace: 14329K(15168K)->14329K(15168K) NonClass: 12368K(12864K)->12368K(12864K) Class: 1961K(2304K)->1961K(2304K)
[431.256s][info][gc             ] GC(1104) Pause Young (Normal) (G1 Evacuation Pause) 672M->8M(1112M) 3.637ms
[431.257s][info][gc,cpu         ] GC(1104) User=0.50s Sys=0.02s Real=0.00s
[431.673s][info][gc,start       ] GC(1105) Pause Young (Normal) (G1 Evacuation Pause)
[431.673s][info][gc,task        ] GC(1105) Using 33 workers of 33 for evacuation
[431.677s][info][gc,phases      ] GC(1105)   Pre Evacuate Collection Set: 0.2ms
[431.677s][info][gc,phases      ] GC(1105)   Merge Heap Roots: 0.2ms
[431.677s][info][gc,phases      ] GC(1105)   Evacuate Collection Set: 0.4ms
[431.677s][info][gc,phases      ] GC(1105)   Post Evacuate Collection Set: 2.6ms
[431.677s][info][gc,phases      ] GC(1105)   Other: 0.1ms
[431.677s][info][gc,heap        ] GC(1105) Eden regions: 332->0(332)
[431.677s][info][gc,heap        ] GC(1105) Survivor regions: 1->1(42)
[431.677s][info][gc,heap        ] GC(1105) Old regions: 28->28
[431.677s][info][gc,heap        ] GC(1105) Archive regions: 0->0
[431.677s][info][gc,heap        ] GC(1105) Humongous regions: 0->0
[431.677s][info][gc,metaspace   ] GC(1105) Metaspace: 14329K(15168K)->14329K(15168K) NonClass: 12368K(12864K)->12368K(12864K) Class: 1961K(2304K)->1961K(2304K)
[431.677s][info][gc             ] GC(1105) Pause Young (Normal) (G1 Evacuation Pause) 672M->8M(1112M) 3.710ms
[431.677s][info][gc,cpu         ] GC(1105) User=0.52s Sys=0.00s Real=0.00s
[432.094s][info][gc,start       ] GC(1106) Pause Young (Normal) (G1 Evacuation Pause)
[432.094s][info][gc,task        ] GC(1106) Using 33 workers of 33 for evacuation
[432.098s][info][gc,phases      ] GC(1106)   Pre Evacuate Collection Set: 0.1ms
[432.098s][info][gc,phases      ] GC(1106)   Merge Heap Roots: 0.2ms
[432.098s][info][gc,phases      ] GC(1106)   Evacuate Collection Set: 0.4ms
[432.098s][info][gc,phases      ] GC(1106)   Post Evacuate Collection Set: 2.7ms
[432.098s][info][gc,phases      ] GC(1106)   Other: 0.1ms
[432.098s][info][gc,heap        ] GC(1106) Eden regions: 332->0(332)
[432.098s][info][gc,heap        ] GC(1106) Survivor regions: 1->1(42)
[432.098s][info][gc,heap        ] GC(1106) Old regions: 28->28
[432.098s][info][gc,heap        ] GC(1106) Archive regions: 0->0
[432.098s][info][gc,heap        ] GC(1106) Humongous regions: 0->0
[432.098s][info][gc,metaspace   ] GC(1106) Metaspace: 14329K(15168K)->14329K(15168K) NonClass: 12368K(12864K)->12368K(12864K) Class: 1961K(2304K)->1961K(2304K)
[432.098s][info][gc             ] GC(1106) Pause Young (Normal) (G1 Evacuation Pause) 672M->8M(1112M) 3.735ms
[432.098s][info][gc,cpu         ] GC(1106) User=0.52s Sys=0.00s Real=0.00s
[432.515s][info][gc,start       ] GC(1107) Pause Young (Normal) (G1 Evacuation Pause)
[432.516s][info][gc,task        ] GC(1107) Using 33 workers of 33 for evacuation
[432.519s][info][gc,phases      ] GC(1107)   Pre Evacuate Collection Set: 0.2ms
[432.519s][info][gc,phases      ] GC(1107)   Merge Heap Roots: 0.2ms
[432.519s][info][gc,phases      ] GC(1107)   Evacuate Collection Set: 0.4ms
[432.519s][info][gc,phases      ] GC(1107)   Post Evacuate Collection Set: 2.8ms
[432.519s][info][gc,phases      ] GC(1107)   Other: 0.1ms
[432.519s][info][gc,heap        ] GC(1107) Eden regions: 332->0(332)
[432.519s][info][gc,heap        ] GC(1107) Survivor regions: 1->1(42)
[432.519s][info][gc,heap        ] GC(1107) Old regions: 28->28
[432.519s][info][gc,heap        ] GC(1107) Archive regions: 0->0
[432.519s][info][gc,heap        ] GC(1107) Humongous regions: 0->0
[432.519s][info][gc,metaspace   ] GC(1107) Metaspace: 14329K(15168K)->14329K(15168K) NonClass: 12368K(12864K)->12368K(12864K) Class: 1961K(2304K)->1961K(2304K)
[432.519s][info][gc             ] GC(1107) Pause Young (Normal) (G1 Evacuation Pause) 672M->8M(1112M) 3.876ms
[432.519s][info][gc,cpu         ] GC(1107) User=0.02s Sys=0.00s Real=0.00s
[432.938s][info][gc,start       ] GC(1108) Pause Young (Normal) (G1 Evacuation Pause)
[432.938s][info][gc,task        ] GC(1108) Using 33 workers of 33 for evacuation
[432.942s][info][gc,phases      ] GC(1108)   Pre Evacuate Collection Set: 0.1ms
[432.942s][info][gc,phases      ] GC(1108)   Merge Heap Roots: 0.2ms
[432.942s][info][gc,phases      ] GC(1108)   Evacuate Collection Set: 0.4ms
[432.942s][info][gc,phases      ] GC(1108)   Post Evacuate Collection Set: 2.8ms
[432.942s][info][gc,phases      ] GC(1108)   Other: 0.1ms
[432.942s][info][gc,heap        ] GC(1108) Eden regions: 332->0(332)
[432.942s][info][gc,heap        ] GC(1108) Survivor regions: 1->1(42)
[432.942s][info][gc,heap        ] GC(1108) Old regions: 28->28
[432.942s][info][gc,heap        ] GC(1108) Archive regions: 0->0
[432.942s][info][gc,heap        ] GC(1108) Humongous regions: 0->0
[432.942s][info][gc,metaspace   ] GC(1108) Metaspace: 14329K(15168K)->14329K(15168K) NonClass: 12368K(12864K)->12368K(12864K) Class: 1961K(2304K)->1961K(2304K)
[432.942s][info][gc             ] GC(1108) Pause Young (Normal) (G1 Evacuation Pause) 672M->8M(1112M) 3.899ms
[432.942s][info][gc,cpu         ] GC(1108) User=0.52s Sys=0.00s Real=0.00s
[433.531s][info][gc,start       ] GC(1109) Pause Young (Normal) (G1 Evacuation Pause)
[433.531s][info][gc,task        ] GC(1109) Using 33 workers of 33 for evacuation
[433.536s][info][gc,phases      ] GC(1109)   Pre Evacuate Collection Set: 0.2ms
[433.536s][info][gc,phases      ] GC(1109)   Merge Heap Roots: 0.2ms
[433.537s][info][gc,phases      ] GC(1109)   Evacuate Collection Set: 0.7ms
[433.537s][info][gc,phases      ] GC(1109)   Post Evacuate Collection Set: 3.6ms
[433.537s][info][gc,phases      ] GC(1109)   Other: 0.2ms
[433.537s][info][gc,heap        ] GC(1109) Eden regions: 332->0(332)
[433.537s][info][gc,heap        ] GC(1109) Survivor regions: 1->1(42)
[433.537s][info][gc,heap        ] GC(1109) Old regions: 28->28
[433.537s][info][gc,heap        ] GC(1109) Archive regions: 0->0
[433.537s][info][gc,heap        ] GC(1109) Humongous regions: 0->0
[433.537s][info][gc,metaspace   ] GC(1109) Metaspace: 14329K(15168K)->14329K(15168K) NonClass: 12368K(12864K)->12368K(12864K) Class: 1961K(2304K)->1961K(2304K)
[433.537s][info][gc             ] GC(1109) Pause Young (Normal) (G1 Evacuation Pause) 672M->8M(1112M) 5.565ms
[433.537s][info][gc,cpu         ] GC(1109) User=0.00s Sys=0.00s Real=0.00s
[433.957s][info][gc,start       ] GC(1110) Pause Young (Normal) (G1 Evacuation Pause)
[433.957s][info][gc,task        ] GC(1110) Using 33 workers of 33 for evacuation
[433.960s][info][gc,phases      ] GC(1110)   Pre Evacuate Collection Set: 0.1ms
[433.960s][info][gc,phases      ] GC(1110)   Merge Heap Roots: 0.1ms
[433.960s][info][gc,phases      ] GC(1110)   Evacuate Collection Set: 0.4ms
[433.960s][info][gc,phases      ] GC(1110)   Post Evacuate Collection Set: 2.5ms
[433.960s][info][gc,phases      ] GC(1110)   Other: 0.1ms
[433.960s][info][gc,heap        ] GC(1110) Eden regions: 332->0(332)
[433.960s][info][gc,heap        ] GC(1110) Survivor regions: 1->1(42)
[433.960s][info][gc,heap        ] GC(1110) Old regions: 28->28
[433.960s][info][gc,heap        ] GC(1110) Archive regions: 0->0
[433.960s][info][gc,heap        ] GC(1110) Humongous regions: 0->0
[433.960s][info][gc,metaspace   ] GC(1110) Metaspace: 14329K(15168K)->14329K(15168K) NonClass: 12368K(12864K)->12368K(12864K) Class: 1961K(2304K)->1961K(2304K)
[433.960s][info][gc             ] GC(1110) Pause Young (Normal) (G1 Evacuation Pause) 672M->8M(1112M) 3.494ms
[433.960s][info][gc,cpu         ] GC(1110) User=0.00s Sys=0.00s Real=0.00s
[434.376s][info][gc,start       ] GC(1111) Pause Young (Normal) (G1 Evacuation Pause)
[434.376s][info][gc,task        ] GC(1111) Using 33 workers of 33 for evacuation
[434.379s][info][gc,phases      ] GC(1111)   Pre Evacuate Collection Set: 0.1ms
[434.379s][info][gc,phases      ] GC(1111)   Merge Heap Roots: 0.1ms
[434.379s][info][gc,phases      ] GC(1111)   Evacuate Collection Set: 0.4ms
[434.379s][info][gc,phases      ] GC(1111)   Post Evacuate Collection Set: 2.5ms
[434.379s][info][gc,phases      ] GC(1111)   Other: 0.1ms
[434.379s][info][gc,heap        ] GC(1111) Eden regions: 332->0(332)
[434.379s][info][gc,heap        ] GC(1111) Survivor regions: 1->1(42)
[434.379s][info][gc,heap        ] GC(1111) Old regions: 28->28
[434.379s][info][gc,heap        ] GC(1111) Archive regions: 0->0
[434.379s][info][gc,heap        ] GC(1111) Humongous regions: 0->0
[434.379s][info][gc,metaspace   ] GC(1111) Metaspace: 14329K(15168K)->14329K(15168K) NonClass: 12368K(12864K)->12368K(12864K) Class: 1961K(2304K)->1961K(2304K)
[434.379s][info][gc             ] GC(1111) Pause Young (Normal) (G1 Evacuation Pause) 672M->9M(1112M) 3.537ms
[434.379s][info][gc,cpu         ] GC(1111) User=0.52s Sys=0.00s Real=0.00s
[434.794s][info][gc,start       ] GC(1112) Pause Young (Normal) (G1 Evacuation Pause)
[434.794s][info][gc,task        ] GC(1112) Using 33 workers of 33 for evacuation
[434.798s][info][gc,phases      ] GC(1112)   Pre Evacuate Collection Set: 0.1ms
[434.798s][info][gc,phases      ] GC(1112)   Merge Heap Roots: 0.2ms
[434.798s][info][gc,phases      ] GC(1112)   Evacuate Collection Set: 0.4ms
[434.798s][info][gc,phases      ] GC(1112)   Post Evacuate Collection Set: 2.4ms
[434.798s][info][gc,phases      ] GC(1112)   Other: 0.1ms
[434.798s][info][gc,heap        ] GC(1112) Eden regions: 332->0(332)
[434.798s][info][gc,heap        ] GC(1112) Survivor regions: 1->1(42)
[434.798s][info][gc,heap        ] GC(1112) Old regions: 28->28
[434.798s][info][gc,heap        ] GC(1112) Archive regions: 0->0
[434.798s][info][gc,heap        ] GC(1112) Humongous regions: 0->0
[434.798s][info][gc,metaspace   ] GC(1112) Metaspace: 14329K(15168K)->14329K(15168K) NonClass: 12368K(12864K)->12368K(12864K) Class: 1961K(2304K)->1961K(2304K)
[434.798s][info][gc             ] GC(1112) Pause Young (Normal) (G1 Evacuation Pause) 673M->9M(1112M) 3.433ms
[434.798s][info][gc,cpu         ] GC(1112) User=0.00s Sys=0.00s Real=0.00s
[435.226s][info][gc,start       ] GC(1113) Pause Young (Normal) (G1 Evacuation Pause)
[435.226s][info][gc,task        ] GC(1113) Using 33 workers of 33 for evacuation
[435.229s][info][gc,phases      ] GC(1113)   Pre Evacuate Collection Set: 0.1ms
[435.229s][info][gc,phases      ] GC(1113)   Merge Heap Roots: 0.2ms
[435.229s][info][gc,phases      ] GC(1113)   Evacuate Collection Set: 0.4ms
[435.229s][info][gc,phases      ] GC(1113)   Post Evacuate Collection Set: 2.5ms
[435.229s][info][gc,phases      ] GC(1113)   Other: 0.1ms
[435.229s][info][gc,heap        ] GC(1113) Eden regions: 332->0(332)
[435.229s][info][gc,heap        ] GC(1113) Survivor regions: 1->1(42)
[435.229s][info][gc,heap        ] GC(1113) Old regions: 28->28
[435.229s][info][gc,heap        ] GC(1113) Archive regions: 0->0
[435.229s][info][gc,heap        ] GC(1113) Humongous regions: 0->0
[435.229s][info][gc,metaspace   ] GC(1113) Metaspace: 14329K(15168K)->14329K(15168K) NonClass: 12368K(12864K)->12368K(12864K) Class: 1961K(2304K)->1961K(2304K)
[435.230s][info][gc             ] GC(1113) Pause Young (Normal) (G1 Evacuation Pause) 673M->9M(1112M) 3.493ms
[435.230s][info][gc,cpu         ] GC(1113) User=0.00s Sys=0.00s Real=0.00s
[435.714s][info][gc,start       ] GC(1114) Pause Young (Normal) (G1 Evacuation Pause)
[435.714s][info][gc,task        ] GC(1114) Using 33 workers of 33 for evacuation
[435.717s][info][gc,phases      ] GC(1114)   Pre Evacuate Collection Set: 0.2ms
[435.717s][info][gc,phases      ] GC(1114)   Merge Heap Roots: 0.2ms
[435.717s][info][gc,phases      ] GC(1114)   Evacuate Collection Set: 0.4ms
[435.717s][info][gc,phases      ] GC(1114)   Post Evacuate Collection Set: 2.6ms
[435.717s][info][gc,phases      ] GC(1114)   Other: 0.1ms
[435.717s][info][gc,heap        ] GC(1114) Eden regions: 332->0(332)
[435.717s][info][gc,heap        ] GC(1114) Survivor regions: 1->1(42)
[435.717s][info][gc,heap        ] GC(1114) Old regions: 28->28
[435.717s][info][gc,heap        ] GC(1114) Archive regions: 0->0
[435.717s][info][gc,heap        ] GC(1114) Humongous regions: 0->0
[435.717s][info][gc,metaspace   ] GC(1114) Metaspace: 14329K(15168K)->14329K(15168K) NonClass: 12368K(12864K)->12368K(12864K) Class: 1961K(2304K)->1961K(2304K)
[435.718s][info][gc             ] GC(1114) Pause Young (Normal) (G1 Evacuation Pause) 673M->9M(1112M) 3.706ms
[435.718s][info][gc,cpu         ] GC(1114) User=0.00s Sys=0.00s Real=0.00s
[436.034s][info][gc,start       ] GC(1115) Pause Full (System.gc())
[436.034s][info][gc,task        ] GC(1115) Using 29 workers of 33 for full compaction
[436.035s][info][gc,phases,start] GC(1115) Phase 1: Mark live objects
[436.047s][info][gc,phases      ] GC(1115) Phase 1: Mark live objects 11.989ms
[436.047s][info][gc,phases,start] GC(1115) Phase 2: Prepare compaction
[436.049s][info][gc,phases      ] GC(1115) Phase 2: Prepare compaction 2.042ms
[436.049s][info][gc,phases,start] GC(1115) Phase 3: Adjust pointers
[436.055s][info][gc,phases      ] GC(1115) Phase 3: Adjust pointers 5.206ms
[436.055s][info][gc,phases,start] GC(1115) Phase 4: Compact heap
[436.055s][info][gc,phases      ] GC(1115) Phase 4: Compact heap 0.600ms
[436.062s][info][gc,heap        ] GC(1115) Eden regions: 194->0(50)
[436.062s][info][gc,heap        ] GC(1115) Survivor regions: 1->0(42)
[436.062s][info][gc,heap        ] GC(1115) Old regions: 28->25
[436.062s][info][gc,heap        ] GC(1115) Archive regions: 0->0
[436.062s][info][gc,heap        ] GC(1115) Humongous regions: 0->0
[436.062s][info][gc,metaspace   ] GC(1115) Metaspace: 14329K(15168K)->14329K(15168K) NonClass: 12368K(12864K)->12368K(12864K) Class: 1961K(2304K)->1961K(2304K)
[436.062s][info][gc             ] GC(1115) Pause Full (System.gc()) 395M->5M(168M) 27.577ms
[436.062s][info][gc,cpu         ] GC(1115) User=0.05s Sys=0.41s Real=0.02s
[436.131s][info][gc,start       ] GC(1116) Pause Young (Normal) (G1 Evacuation Pause)
[436.131s][info][gc,task        ] GC(1116) Using 33 workers of 33 for evacuation
[436.134s][info][gc,phases      ] GC(1116)   Pre Evacuate Collection Set: 0.1ms
[436.134s][info][gc,phases      ] GC(1116)   Merge Heap Roots: 0.1ms
[436.134s][info][gc,phases      ] GC(1116)   Evacuate Collection Set: 0.4ms
[436.134s][info][gc,phases      ] GC(1116)   Post Evacuate Collection Set: 2.0ms
[436.134s][info][gc,phases      ] GC(1116)   Other: 0.1ms
[436.134s][info][gc,heap        ] GC(1116) Eden regions: 50->0(49)
[436.134s][info][gc,heap        ] GC(1116) Survivor regions: 0->1(7)
[436.134s][info][gc,heap        ] GC(1116) Old regions: 25->25
[436.134s][info][gc,heap        ] GC(1116) Archive regions: 0->0
[436.134s][info][gc,heap        ] GC(1116) Humongous regions: 0->0
[436.134s][info][gc,metaspace   ] GC(1116) Metaspace: 14329K(15168K)->14329K(15168K) NonClass: 12368K(12864K)->12368K(12864K) Class: 1961K(2304K)->1961K(2304K)
[436.134s][info][gc             ] GC(1116) Pause Young (Normal) (G1 Evacuation Pause) 105M->6M(168M) 2.907ms
[436.134s][info][gc,cpu         ] GC(1116) User=0.00s Sys=0.00s Real=0.00s
[436.207s][info][gc,start       ] GC(1117) Pause Young (Normal) (G1 Evacuation Pause)
[436.207s][info][gc,task        ] GC(1117) Using 33 workers of 33 for evacuation
[436.210s][info][gc,phases      ] GC(1117)   Pre Evacuate Collection Set: 0.1ms
[436.210s][info][gc,phases      ] GC(1117)   Merge Heap Roots: 0.1ms
[436.210s][info][gc,phases      ] GC(1117)   Evacuate Collection Set: 0.5ms
[436.210s][info][gc,phases      ] GC(1117)   Post Evacuate Collection Set: 2.1ms
[436.210s][info][gc,phases      ] GC(1117)   Other: 0.1ms
[436.210s][info][gc,heap        ] GC(1117) Eden regions: 49->0(49)
[436.210s][info][gc,heap        ] GC(1117) Survivor regions: 1->1(7)
[436.210s][info][gc,heap        ] GC(1117) Old regions: 25->25
[436.210s][info][gc,heap        ] GC(1117) Archive regions: 0->0
[436.210s][info][gc,heap        ] GC(1117) Humongous regions: 0->0
[436.210s][info][gc,metaspace   ] GC(1117) Metaspace: 14329K(15168K)->14329K(15168K) NonClass: 12368K(12864K)->12368K(12864K) Class: 1961K(2304K)->1961K(2304K)
[436.210s][info][gc             ] GC(1117) Pause Young (Normal) (G1 Evacuation Pause) 104M->6M(168M) 3.090ms
[436.210s][info][gc,cpu         ] GC(1117) User=0.00s Sys=0.00s Real=0.00s
[436.272s][info][gc,start       ] GC(1118) Pause Young (Normal) (G1 Evacuation Pause)
[436.272s][info][gc,task        ] GC(1118) Using 33 workers of 33 for evacuation
[436.275s][info][gc,phases      ] GC(1118)   Pre Evacuate Collection Set: 0.1ms
[436.275s][info][gc,phases      ] GC(1118)   Merge Heap Roots: 0.1ms
[436.275s][info][gc,phases      ] GC(1118)   Evacuate Collection Set: 0.5ms
[436.275s][info][gc,phases      ] GC(1118)   Post Evacuate Collection Set: 2.0ms
[436.275s][info][gc,phases      ] GC(1118)   Other: 0.1ms
[436.275s][info][gc,heap        ] GC(1118) Eden regions: 49->0(49)
[436.275s][info][gc,heap        ] GC(1118) Survivor regions: 1->1(7)
[436.275s][info][gc,heap        ] GC(1118) Old regions: 25->25
[436.275s][info][gc,heap        ] GC(1118) Archive regions: 0->0
[436.275s][info][gc,heap        ] GC(1118) Humongous regions: 0->0
[436.275s][info][gc,metaspace   ] GC(1118) Metaspace: 14329K(15168K)->14329K(15168K) NonClass: 12368K(12864K)->12368K(12864K) Class: 1961K(2304K)->1961K(2304K)
[436.275s][info][gc             ] GC(1118) Pause Young (Normal) (G1 Evacuation Pause) 104M->6M(168M) 2.949ms
[436.275s][info][gc,cpu         ] GC(1118) User=0.00s Sys=0.00s Real=0.00s
[436.341s][info][gc,start       ] GC(1119) Pause Young (Normal) (G1 Evacuation Pause)
[436.341s][info][gc,task        ] GC(1119) Using 33 workers of 33 for evacuation
[436.347s][info][gc,phases      ] GC(1119)   Pre Evacuate Collection Set: 0.1ms
[436.347s][info][gc,phases      ] GC(1119)   Merge Heap Roots: 0.1ms
[436.347s][info][gc,phases      ] GC(1119)   Evacuate Collection Set: 0.5ms
[436.347s][info][gc,phases      ] GC(1119)   Post Evacuate Collection Set: 5.1ms
[436.347s][info][gc,phases      ] GC(1119)   Other: 0.1ms
[436.347s][info][gc,heap        ] GC(1119) Eden regions: 49->0(331)
[436.347s][info][gc,heap        ] GC(1119) Survivor regions: 1->1(7)
[436.347s][info][gc,heap        ] GC(1119) Old regions: 25->25
[436.347s][info][gc,heap        ] GC(1119) Archive regions: 0->0
[436.347s][info][gc,heap        ] GC(1119) Humongous regions: 0->0
[436.347s][info][gc,metaspace   ] GC(1119) Metaspace: 14329K(15168K)->14329K(15168K) NonClass: 12368K(12864K)->12368K(12864K) Class: 1961K(2304K)->1961K(2304K)
[436.347s][info][gc             ] GC(1119) Pause Young (Normal) (G1 Evacuation Pause) 104M->6M(1108M) 6.042ms
[436.347s][info][gc,cpu         ] GC(1119) User=0.00s Sys=0.00s Real=0.00s
[436.797s][info][gc,start       ] GC(1120) Pause Young (Normal) (G1 Evacuation Pause)
[436.797s][info][gc,task        ] GC(1120) Using 33 workers of 33 for evacuation
[436.802s][info][gc,phases      ] GC(1120)   Pre Evacuate Collection Set: 0.1ms
[436.802s][info][gc,phases      ] GC(1120)   Merge Heap Roots: 0.1ms
[436.802s][info][gc,phases      ] GC(1120)   Evacuate Collection Set: 1.8ms
[436.802s][info][gc,phases      ] GC(1120)   Post Evacuate Collection Set: 2.6ms
[436.802s][info][gc,phases      ] GC(1120)   Other: 0.1ms
[436.802s][info][gc,heap        ] GC(1120) Eden regions: 331->0(331)
[436.802s][info][gc,heap        ] GC(1120) Survivor regions: 1->1(42)
[436.802s][info][gc,heap        ] GC(1120) Old regions: 25->25
[436.802s][info][gc,heap        ] GC(1120) Archive regions: 0->0
[436.802s][info][gc,heap        ] GC(1120) Humongous regions: 0->0
[436.802s][info][gc,metaspace   ] GC(1120) Metaspace: 14329K(15168K)->14329K(15168K) NonClass: 12368K(12864K)->12368K(12864K) Class: 1961K(2304K)->1961K(2304K)
[436.802s][info][gc             ] GC(1120) Pause Young (Normal) (G1 Evacuation Pause) 668M->6M(1108M) 5.022ms
[436.802s][info][gc,cpu         ] GC(1120) User=0.52s Sys=0.00s Real=0.01s
[437.209s][info][gc,start       ] GC(1121) Pause Young (Normal) (G1 Evacuation Pause)
[437.209s][info][gc,task        ] GC(1121) Using 33 workers of 33 for evacuation
[437.214s][info][gc,phases      ] GC(1121)   Pre Evacuate Collection Set: 0.1ms
[437.214s][info][gc,phases      ] GC(1121)   Merge Heap Roots: 0.1ms
[437.214s][info][gc,phases      ] GC(1121)   Evacuate Collection Set: 1.9ms
[437.214s][info][gc,phases      ] GC(1121)   Post Evacuate Collection Set: 2.6ms
[437.214s][info][gc,phases      ] GC(1121)   Other: 0.1ms
[437.214s][info][gc,heap        ] GC(1121) Eden regions: 331->0(331)
[437.214s][info][gc,heap        ] GC(1121) Survivor regions: 1->1(42)
[437.214s][info][gc,heap        ] GC(1121) Old regions: 25->25
[437.214s][info][gc,heap        ] GC(1121) Archive regions: 0->0
[437.214s][info][gc,heap        ] GC(1121) Humongous regions: 0->0
[437.214s][info][gc,metaspace   ] GC(1121) Metaspace: 14329K(15168K)->14329K(15168K) NonClass: 12368K(12864K)->12368K(12864K) Class: 1961K(2304K)->1961K(2304K)
[437.214s][info][gc             ] GC(1121) Pause Young (Normal) (G1 Evacuation Pause) 668M->6M(1108M) 5.155ms
[437.214s][info][gc,cpu         ] GC(1121) User=0.00s Sys=0.00s Real=0.00s
[437.625s][info][gc,start       ] GC(1122) Pause Young (Normal) (G1 Evacuation Pause)
[437.625s][info][gc,task        ] GC(1122) Using 33 workers of 33 for evacuation
[437.628s][info][gc,phases      ] GC(1122)   Pre Evacuate Collection Set: 0.2ms
[437.628s][info][gc,phases      ] GC(1122)   Merge Heap Roots: 0.1ms
[437.628s][info][gc,phases      ] GC(1122)   Evacuate Collection Set: 0.5ms
[437.628s][info][gc,phases      ] GC(1122)   Post Evacuate Collection Set: 2.7ms
[437.628s][info][gc,phases      ] GC(1122)   Other: 0.1ms
[437.628s][info][gc,heap        ] GC(1122) Eden regions: 331->0(331)
[437.628s][info][gc,heap        ] GC(1122) Survivor regions: 1->1(42)
[437.629s][info][gc,heap        ] GC(1122) Old regions: 25->25
[437.629s][info][gc,heap        ] GC(1122) Archive regions: 0->0
[437.629s][info][gc,heap        ] GC(1122) Humongous regions: 0->0
[437.629s][info][gc,metaspace   ] GC(1122) Metaspace: 14329K(15168K)->14329K(15168K) NonClass: 12368K(12864K)->12368K(12864K) Class: 1961K(2304K)->1961K(2304K)
[437.629s][info][gc             ] GC(1122) Pause Young (Normal) (G1 Evacuation Pause) 668M->6M(1108M) 3.919ms
[437.629s][info][gc,cpu         ] GC(1122) User=0.05s Sys=0.00s Real=0.00s
[438.046s][info][gc,start       ] GC(1123) Pause Young (Normal) (G1 Evacuation Pause)
[438.046s][info][gc,task        ] GC(1123) Using 33 workers of 33 for evacuation
[438.050s][info][gc,phases      ] GC(1123)   Pre Evacuate Collection Set: 0.1ms
[438.050s][info][gc,phases      ] GC(1123)   Merge Heap Roots: 0.1ms
[438.050s][info][gc,phases      ] GC(1123)   Evacuate Collection Set: 0.8ms
[438.050s][info][gc,phases      ] GC(1123)   Post Evacuate Collection Set: 2.8ms
[438.050s][info][gc,phases      ] GC(1123)   Other: 0.1ms
[438.050s][info][gc,heap        ] GC(1123) Eden regions: 331->0(331)
[438.050s][info][gc,heap        ] GC(1123) Survivor regions: 1->1(42)
[438.050s][info][gc,heap        ] GC(1123) Old regions: 25->25
[438.050s][info][gc,heap        ] GC(1123) Archive regions: 0->0
[438.050s][info][gc,heap        ] GC(1123) Humongous regions: 0->0
[438.050s][info][gc,metaspace   ] GC(1123) Metaspace: 14329K(15168K)->14329K(15168K) NonClass: 12368K(12864K)->12368K(12864K) Class: 1961K(2304K)->1961K(2304K)
[438.050s][info][gc             ] GC(1123) Pause Young (Normal) (G1 Evacuation Pause) 668M->7M(1108M) 4.161ms
[438.050s][info][gc,cpu         ] GC(1123) User=0.03s Sys=0.00s Real=0.00s
[438.464s][info][gc,start       ] GC(1124) Pause Young (Normal) (G1 Evacuation Pause)
[438.464s][info][gc,task        ] GC(1124) Using 33 workers of 33 for evacuation
[438.468s][info][gc,phases      ] GC(1124)   Pre Evacuate Collection Set: 0.1ms
[438.468s][info][gc,phases      ] GC(1124)   Merge Heap Roots: 0.1ms
[438.468s][info][gc,phases      ] GC(1124)   Evacuate Collection Set: 0.6ms
[438.468s][info][gc,phases      ] GC(1124)   Post Evacuate Collection Set: 2.8ms
[438.468s][info][gc,phases      ] GC(1124)   Other: 0.1ms
[438.468s][info][gc,heap        ] GC(1124) Eden regions: 331->0(331)
[438.468s][info][gc,heap        ] GC(1124) Survivor regions: 1->1(42)
[438.468s][info][gc,heap        ] GC(1124) Old regions: 25->25
[438.468s][info][gc,heap        ] GC(1124) Archive regions: 0->0
[438.468s][info][gc,heap        ] GC(1124) Humongous regions: 0->0
[438.468s][info][gc,metaspace   ] GC(1124) Metaspace: 14329K(15168K)->14329K(15168K) NonClass: 12368K(12864K)->12368K(12864K) Class: 1961K(2304K)->1961K(2304K)
[438.468s][info][gc             ] GC(1124) Pause Young (Normal) (G1 Evacuation Pause) 669M->7M(1108M) 4.002ms
[438.468s][info][gc,cpu         ] GC(1124) User=0.00s Sys=0.00s Real=0.00s
[438.888s][info][gc,start       ] GC(1125) Pause Young (Normal) (G1 Evacuation Pause)
[438.902s][info][gc,task        ] GC(1125) Using 33 workers of 33 for evacuation
[438.918s][info][gc,phases      ] GC(1125)   Pre Evacuate Collection Set: 0.2ms
[438.918s][info][gc,phases      ] GC(1125)   Merge Heap Roots: 0.1ms
[438.918s][info][gc,phases      ] GC(1125)   Evacuate Collection Set: 0.9ms
[438.918s][info][gc,phases      ] GC(1125)   Post Evacuate Collection Set: 2.8ms
[438.918s][info][gc,phases      ] GC(1125)   Other: 11.4ms
[438.918s][info][gc,heap        ] GC(1125) Eden regions: 331->0(331)
[438.918s][info][gc,heap        ] GC(1125) Survivor regions: 1->1(42)
[438.918s][info][gc,heap        ] GC(1125) Old regions: 25->25
[438.918s][info][gc,heap        ] GC(1125) Archive regions: 0->0
[438.918s][info][gc,heap        ] GC(1125) Humongous regions: 0->0
[438.918s][info][gc,metaspace   ] GC(1125) Metaspace: 14329K(15168K)->14329K(15168K) NonClass: 12368K(12864K)->12368K(12864K) Class: 1961K(2304K)->1961K(2304K)
[438.918s][info][gc             ] GC(1125) Pause Young (Normal) (G1 Evacuation Pause) 669M->7M(1108M) 30.400ms
[438.918s][info][gc,cpu         ] GC(1125) User=0.52s Sys=0.00s Real=0.03s
[439.332s][info][gc,start       ] GC(1126) Pause Young (Normal) (G1 Evacuation Pause)
[439.332s][info][gc,task        ] GC(1126) Using 33 workers of 33 for evacuation
[439.335s][info][gc,phases      ] GC(1126)   Pre Evacuate Collection Set: 0.1ms
[439.335s][info][gc,phases      ] GC(1126)   Merge Heap Roots: 0.1ms
[439.335s][info][gc,phases      ] GC(1126)   Evacuate Collection Set: 0.6ms
[439.335s][info][gc,phases      ] GC(1126)   Post Evacuate Collection Set: 2.5ms
[439.335s][info][gc,phases      ] GC(1126)   Other: 0.1ms
[439.335s][info][gc,heap        ] GC(1126) Eden regions: 331->0(331)
[439.335s][info][gc,heap        ] GC(1126) Survivor regions: 1->1(42)
[439.335s][info][gc,heap        ] GC(1126) Old regions: 25->25
[439.335s][info][gc,heap        ] GC(1126) Archive regions: 0->0
[439.335s][info][gc,heap        ] GC(1126) Humongous regions: 0->0
[439.336s][info][gc,metaspace   ] GC(1126) Metaspace: 14329K(15168K)->14329K(15168K) NonClass: 12368K(12864K)->12368K(12864K) Class: 1961K(2304K)->1961K(2304K)
[439.336s][info][gc             ] GC(1126) Pause Young (Normal) (G1 Evacuation Pause) 669M->7M(1108M) 3.690ms
[439.336s][info][gc,cpu         ] GC(1126) User=0.00s Sys=0.00s Real=0.00s
[439.745s][info][gc,start       ] GC(1127) Pause Young (Normal) (G1 Evacuation Pause)
[439.745s][info][gc,task        ] GC(1127) Using 33 workers of 33 for evacuation
[439.748s][info][gc,phases      ] GC(1127)   Pre Evacuate Collection Set: 0.2ms
[439.748s][info][gc,phases      ] GC(1127)   Merge Heap Roots: 0.1ms
[439.748s][info][gc,phases      ] GC(1127)   Evacuate Collection Set: 0.8ms
[439.748s][info][gc,phases      ] GC(1127)   Post Evacuate Collection Set: 2.4ms
[439.748s][info][gc,phases      ] GC(1127)   Other: 0.1ms
[439.748s][info][gc,heap        ] GC(1127) Eden regions: 331->0(330)
[439.748s][info][gc,heap        ] GC(1127) Survivor regions: 1->2(42)
[439.748s][info][gc,heap        ] GC(1127) Old regions: 25->25
[439.748s][info][gc,heap        ] GC(1127) Archive regions: 0->0
[439.748s][info][gc,heap        ] GC(1127) Humongous regions: 0->0
[439.748s][info][gc,metaspace   ] GC(1127) Metaspace: 14329K(15168K)->14329K(15168K) NonClass: 12368K(12864K)->12368K(12864K) Class: 1961K(2304K)->1961K(2304K)
[439.748s][info][gc             ] GC(1127) Pause Young (Normal) (G1 Evacuation Pause) 669M->7M(1108M) 3.751ms
[439.748s][info][gc,cpu         ] GC(1127) User=0.00s Sys=0.00s Real=0.00s
[440.158s][info][gc,start       ] GC(1128) Pause Young (Normal) (G1 Evacuation Pause)
[440.158s][info][gc,task        ] GC(1128) Using 33 workers of 33 for evacuation
[440.162s][info][gc,phases      ] GC(1128)   Pre Evacuate Collection Set: 0.1ms
[440.162s][info][gc,phases      ] GC(1128)   Merge Heap Roots: 0.1ms
[440.162s][info][gc,phases      ] GC(1128)   Evacuate Collection Set: 0.9ms
[440.162s][info][gc,phases      ] GC(1128)   Post Evacuate Collection Set: 2.4ms
[440.162s][info][gc,phases      ] GC(1128)   Other: 0.1ms
[440.162s][info][gc,heap        ] GC(1128) Eden regions: 330->0(330)
[440.162s][info][gc,heap        ] GC(1128) Survivor regions: 2->2(42)
[440.162s][info][gc,heap        ] GC(1128) Old regions: 25->25
[440.162s][info][gc,heap        ] GC(1128) Archive regions: 0->0
[440.162s][info][gc,heap        ] GC(1128) Humongous regions: 0->0
[440.162s][info][gc,metaspace   ] GC(1128) Metaspace: 14329K(15168K)->14329K(15168K) NonClass: 12368K(12864K)->12368K(12864K) Class: 1961K(2304K)->1961K(2304K)
[440.162s][info][gc             ] GC(1128) Pause Young (Normal) (G1 Evacuation Pause) 667M->7M(1108M) 3.950ms
[440.162s][info][gc,cpu         ] GC(1128) User=0.52s Sys=0.00s Real=0.00s
[440.577s][info][gc,start       ] GC(1129) Pause Young (Normal) (G1 Evacuation Pause)
[440.577s][info][gc,task        ] GC(1129) Using 33 workers of 33 for evacuation
[440.580s][info][gc,phases      ] GC(1129)   Pre Evacuate Collection Set: 0.1ms
[440.580s][info][gc,phases      ] GC(1129)   Merge Heap Roots: 0.1ms
[440.580s][info][gc,phases      ] GC(1129)   Evacuate Collection Set: 0.7ms
[440.580s][info][gc,phases      ] GC(1129)   Post Evacuate Collection Set: 2.5ms
[440.580s][info][gc,phases      ] GC(1129)   Other: 0.1ms
[440.580s][info][gc,heap        ] GC(1129) Eden regions: 330->0(330)
[440.580s][info][gc,heap        ] GC(1129) Survivor regions: 2->2(42)
[440.580s][info][gc,heap        ] GC(1129) Old regions: 25->25
[440.580s][info][gc,heap        ] GC(1129) Archive regions: 0->0
[440.580s][info][gc,heap        ] GC(1129) Humongous regions: 0->0
[440.581s][info][gc,metaspace   ] GC(1129) Metaspace: 14329K(15168K)->14329K(15168K) NonClass: 12368K(12864K)->12368K(12864K) Class: 1961K(2304K)->1961K(2304K)
[440.581s][info][gc             ] GC(1129) Pause Young (Normal) (G1 Evacuation Pause) 667M->7M(1108M) 3.829ms
[440.581s][info][gc,cpu         ] GC(1129) User=0.00s Sys=0.00s Real=0.00s
[440.991s][info][gc,start       ] GC(1130) Pause Young (Normal) (G1 Evacuation Pause)
[440.991s][info][gc,task        ] GC(1130) Using 33 workers of 33 for evacuation
[440.995s][info][gc,phases      ] GC(1130)   Pre Evacuate Collection Set: 0.1ms
[440.995s][info][gc,phases      ] GC(1130)   Merge Heap Roots: 0.2ms
[440.995s][info][gc,phases      ] GC(1130)   Evacuate Collection Set: 0.5ms
[440.995s][info][gc,phases      ] GC(1130)   Post Evacuate Collection Set: 2.5ms
[440.995s][info][gc,phases      ] GC(1130)   Other: 0.1ms
[440.995s][info][gc,heap        ] GC(1130) Eden regions: 330->0(330)
[440.995s][info][gc,heap        ] GC(1130) Survivor regions: 2->2(42)
[440.995s][info][gc,heap        ] GC(1130) Old regions: 25->25
[440.995s][info][gc,heap        ] GC(1130) Archive regions: 0->0
[440.995s][info][gc,heap        ] GC(1130) Humongous regions: 0->0
[440.995s][info][gc,metaspace   ] GC(1130) Metaspace: 14329K(15168K)->14329K(15168K) NonClass: 12368K(12864K)->12368K(12864K) Class: 1961K(2304K)->1961K(2304K)
[440.995s][info][gc             ] GC(1130) Pause Young (Normal) (G1 Evacuation Pause) 667M->7M(1108M) 3.712ms
[440.995s][info][gc,cpu         ] GC(1130) User=0.00s Sys=0.00s Real=0.00s
[441.403s][info][gc,start       ] GC(1131) Pause Young (Normal) (G1 Evacuation Pause)
[441.403s][info][gc,task        ] GC(1131) Using 33 workers of 33 for evacuation
[441.407s][info][gc,phases      ] GC(1131)   Pre Evacuate Collection Set: 0.1ms
[441.407s][info][gc,phases      ] GC(1131)   Merge Heap Roots: 0.1ms
[441.407s][info][gc,phases      ] GC(1131)   Evacuate Collection Set: 0.6ms
[441.407s][info][gc,phases      ] GC(1131)   Post Evacuate Collection Set: 2.6ms
[441.407s][info][gc,phases      ] GC(1131)   Other: 0.1ms
[441.407s][info][gc,heap        ] GC(1131) Eden regions: 330->0(331)
[441.407s][info][gc,heap        ] GC(1131) Survivor regions: 2->1(42)
[441.407s][info][gc,heap        ] GC(1131) Old regions: 25->26
[441.407s][info][gc,heap        ] GC(1131) Archive regions: 0->0
[441.407s][info][gc,heap        ] GC(1131) Humongous regions: 0->0
[441.407s][info][gc,metaspace   ] GC(1131) Metaspace: 14329K(15168K)->14329K(15168K) NonClass: 12368K(12864K)->12368K(12864K) Class: 1961K(2304K)->1961K(2304K)
[441.407s][info][gc             ] GC(1131) Pause Young (Normal) (G1 Evacuation Pause) 667M->7M(1108M) 3.779ms
[441.407s][info][gc,cpu         ] GC(1131) User=0.00s Sys=0.00s Real=0.00s
[441.820s][info][gc,start       ] GC(1132) Pause Young (Normal) (G1 Evacuation Pause)
[441.820s][info][gc,task        ] GC(1132) Using 33 workers of 33 for evacuation
[441.823s][info][gc,phases      ] GC(1132)   Pre Evacuate Collection Set: 0.1ms
[441.823s][info][gc,phases      ] GC(1132)   Merge Heap Roots: 0.2ms
[441.824s][info][gc,phases      ] GC(1132)   Evacuate Collection Set: 0.4ms
[441.824s][info][gc,phases      ] GC(1132)   Post Evacuate Collection Set: 2.7ms
[441.824s][info][gc,phases      ] GC(1132)   Other: 0.1ms
[441.824s][info][gc,heap        ] GC(1132) Eden regions: 331->0(331)
[441.824s][info][gc,heap        ] GC(1132) Survivor regions: 1->1(42)
[441.824s][info][gc,heap        ] GC(1132) Old regions: 26->26
[441.824s][info][gc,heap        ] GC(1132) Archive regions: 0->0
[441.824s][info][gc,heap        ] GC(1132) Humongous regions: 0->0
[441.824s][info][gc,metaspace   ] GC(1132) Metaspace: 14329K(15168K)->14329K(15168K) NonClass: 12368K(12864K)->12368K(12864K) Class: 1961K(2304K)->1961K(2304K)
[441.824s][info][gc             ] GC(1132) Pause Young (Normal) (G1 Evacuation Pause) 669M->7M(1108M) 3.701ms
[441.824s][info][gc,cpu         ] GC(1132) User=0.00s Sys=0.00s Real=0.00s
[442.352s][info][gc,start       ] GC(1133) Pause Young (Normal) (G1 Evacuation Pause)
[442.352s][info][gc,task        ] GC(1133) Using 33 workers of 33 for evacuation
[442.357s][info][gc,phases      ] GC(1133)   Pre Evacuate Collection Set: 0.2ms
[442.357s][info][gc,phases      ] GC(1133)   Merge Heap Roots: 0.2ms
[442.357s][info][gc,phases      ] GC(1133)   Evacuate Collection Set: 0.8ms
[442.357s][info][gc,phases      ] GC(1133)   Post Evacuate Collection Set: 3.5ms
[442.357s][info][gc,phases      ] GC(1133)   Other: 0.2ms
[442.357s][info][gc,heap        ] GC(1133) Eden regions: 331->0(331)
[442.357s][info][gc,heap        ] GC(1133) Survivor regions: 1->1(42)
[442.357s][info][gc,heap        ] GC(1133) Old regions: 26->26
[442.357s][info][gc,heap        ] GC(1133) Archive regions: 0->0
[442.358s][info][gc,heap        ] GC(1133) Humongous regions: 0->0
[442.358s][info][gc,metaspace   ] GC(1133) Metaspace: 14329K(15168K)->14329K(15168K) NonClass: 12368K(12864K)->12368K(12864K) Class: 1961K(2304K)->1961K(2304K)
[442.358s][info][gc             ] GC(1133) Pause Young (Normal) (G1 Evacuation Pause) 669M->7M(1108M) 5.502ms
[442.358s][info][gc,cpu         ] GC(1133) User=0.00s Sys=0.00s Real=0.00s
[442.781s][info][gc,start       ] GC(1134) Pause Young (Normal) (G1 Evacuation Pause)
[442.781s][info][gc,task        ] GC(1134) Using 33 workers of 33 for evacuation
[442.784s][info][gc,phases      ] GC(1134)   Pre Evacuate Collection Set: 0.2ms
[442.784s][info][gc,phases      ] GC(1134)   Merge Heap Roots: 0.2ms
[442.784s][info][gc,phases      ] GC(1134)   Evacuate Collection Set: 0.4ms
[442.784s][info][gc,phases      ] GC(1134)   Post Evacuate Collection Set: 2.4ms
[442.784s][info][gc,phases      ] GC(1134)   Other: 0.1ms
[442.784s][info][gc,heap        ] GC(1134) Eden regions: 331->0(331)
[442.784s][info][gc,heap        ] GC(1134) Survivor regions: 1->1(42)
[442.784s][info][gc,heap        ] GC(1134) Old regions: 26->26
[442.784s][info][gc,heap        ] GC(1134) Archive regions: 0->0
[442.784s][info][gc,heap        ] GC(1134) Humongous regions: 0->0
[442.784s][info][gc,metaspace   ] GC(1134) Metaspace: 14329K(15168K)->14329K(15168K) NonClass: 12368K(12864K)->12368K(12864K) Class: 1961K(2304K)->1961K(2304K)
[442.784s][info][gc             ] GC(1134) Pause Young (Normal) (G1 Evacuation Pause) 669M->7M(1108M) 3.461ms
[442.784s][info][gc,cpu         ] GC(1134) User=0.00s Sys=0.00s Real=0.00s
[443.200s][info][gc,start       ] GC(1135) Pause Young (Normal) (G1 Evacuation Pause)
[443.200s][info][gc,task        ] GC(1135) Using 33 workers of 33 for evacuation
[443.203s][info][gc,phases      ] GC(1135)   Pre Evacuate Collection Set: 0.1ms
[443.204s][info][gc,phases      ] GC(1135)   Merge Heap Roots: 0.2ms
[443.204s][info][gc,phases      ] GC(1135)   Evacuate Collection Set: 0.4ms
[443.204s][info][gc,phases      ] GC(1135)   Post Evacuate Collection Set: 2.4ms
[443.204s][info][gc,phases      ] GC(1135)   Other: 0.1ms
[443.204s][info][gc,heap        ] GC(1135) Eden regions: 331->0(331)
[443.204s][info][gc,heap        ] GC(1135) Survivor regions: 1->1(42)
[443.204s][info][gc,heap        ] GC(1135) Old regions: 26->26
[443.204s][info][gc,heap        ] GC(1135) Archive regions: 0->0
[443.204s][info][gc,heap        ] GC(1135) Humongous regions: 0->0
[443.204s][info][gc,metaspace   ] GC(1135) Metaspace: 14329K(15168K)->14329K(15168K) NonClass: 12368K(12864K)->12368K(12864K) Class: 1961K(2304K)->1961K(2304K)
[443.204s][info][gc             ] GC(1135) Pause Young (Normal) (G1 Evacuation Pause) 669M->7M(1108M) 3.606ms
[443.204s][info][gc,cpu         ] GC(1135) User=0.00s Sys=0.00s Real=0.00s
[443.619s][info][gc,start       ] GC(1136) Pause Young (Normal) (G1 Evacuation Pause)
[443.619s][info][gc,task        ] GC(1136) Using 33 workers of 33 for evacuation
[443.622s][info][gc,phases      ] GC(1136)   Pre Evacuate Collection Set: 0.2ms
[443.622s][info][gc,phases      ] GC(1136)   Merge Heap Roots: 0.2ms
[443.622s][info][gc,phases      ] GC(1136)   Evacuate Collection Set: 0.4ms
[443.622s][info][gc,phases      ] GC(1136)   Post Evacuate Collection Set: 2.3ms
[443.622s][info][gc,phases      ] GC(1136)   Other: 0.1ms
[443.622s][info][gc,heap        ] GC(1136) Eden regions: 331->0(331)
[443.622s][info][gc,heap        ] GC(1136) Survivor regions: 1->1(42)
[443.622s][info][gc,heap        ] GC(1136) Old regions: 26->26
[443.622s][info][gc,heap        ] GC(1136) Archive regions: 0->0
[443.622s][info][gc,heap        ] GC(1136) Humongous regions: 0->0
[443.622s][info][gc,metaspace   ] GC(1136) Metaspace: 14329K(15168K)->14329K(15168K) NonClass: 12368K(12864K)->12368K(12864K) Class: 1961K(2304K)->1961K(2304K)
[443.622s][info][gc             ] GC(1136) Pause Young (Normal) (G1 Evacuation Pause) 669M->7M(1108M) 3.304ms
[443.622s][info][gc,cpu         ] GC(1136) User=0.00s Sys=0.00s Real=0.00s
[444.037s][info][gc,start       ] GC(1137) Pause Young (Normal) (G1 Evacuation Pause)
[444.037s][info][gc,task        ] GC(1137) Using 33 workers of 33 for evacuation
[444.040s][info][gc,phases      ] GC(1137)   Pre Evacuate Collection Set: 0.2ms
[444.040s][info][gc,phases      ] GC(1137)   Merge Heap Roots: 0.2ms
[444.040s][info][gc,phases      ] GC(1137)   Evacuate Collection Set: 0.4ms
[444.040s][info][gc,phases      ] GC(1137)   Post Evacuate Collection Set: 2.4ms
[444.040s][info][gc,phases      ] GC(1137)   Other: 0.1ms
[444.040s][info][gc,heap        ] GC(1137) Eden regions: 331->0(331)
[444.040s][info][gc,heap        ] GC(1137) Survivor regions: 1->1(42)
[444.040s][info][gc,heap        ] GC(1137) Old regions: 26->26
[444.040s][info][gc,heap        ] GC(1137) Archive regions: 0->0
[444.040s][info][gc,heap        ] GC(1137) Humongous regions: 0->0
[444.040s][info][gc,metaspace   ] GC(1137) Metaspace: 14329K(15168K)->14329K(15168K) NonClass: 12368K(12864K)->12368K(12864K) Class: 1961K(2304K)->1961K(2304K)
[444.040s][info][gc             ] GC(1137) Pause Young (Normal) (G1 Evacuation Pause) 669M->7M(1108M) 3.452ms
[444.040s][info][gc,cpu         ] GC(1137) User=0.00s Sys=0.00s Real=0.00s
[444.457s][info][gc,start       ] GC(1138) Pause Young (Normal) (G1 Evacuation Pause)
[444.457s][info][gc,task        ] GC(1138) Using 33 workers of 33 for evacuation
[444.460s][info][gc,phases      ] GC(1138)   Pre Evacuate Collection Set: 0.1ms
[444.460s][info][gc,phases      ] GC(1138)   Merge Heap Roots: 0.2ms
[444.460s][info][gc,phases      ] GC(1138)   Evacuate Collection Set: 0.4ms
[444.460s][info][gc,phases      ] GC(1138)   Post Evacuate Collection Set: 2.4ms
[444.460s][info][gc,phases      ] GC(1138)   Other: 0.1ms
[444.460s][info][gc,heap        ] GC(1138) Eden regions: 331->0(331)
[444.460s][info][gc,heap        ] GC(1138) Survivor regions: 1->1(42)
[444.460s][info][gc,heap        ] GC(1138) Old regions: 26->26
[444.460s][info][gc,heap        ] GC(1138) Archive regions: 0->0
[444.460s][info][gc,heap        ] GC(1138) Humongous regions: 0->0
[444.460s][info][gc,metaspace   ] GC(1138) Metaspace: 14329K(15168K)->14329K(15168K) NonClass: 12368K(12864K)->12368K(12864K) Class: 1961K(2304K)->1961K(2304K)
[444.460s][info][gc             ] GC(1138) Pause Young (Normal) (G1 Evacuation Pause) 669M->8M(1108M) 3.849ms
[444.460s][info][gc,cpu         ] GC(1138) User=0.00s Sys=0.00s Real=0.00s
[444.877s][info][gc,start       ] GC(1139) Pause Young (Normal) (G1 Evacuation Pause)
[444.877s][info][gc,task        ] GC(1139) Using 33 workers of 33 for evacuation
[444.880s][info][gc,phases      ] GC(1139)   Pre Evacuate Collection Set: 0.1ms
[444.880s][info][gc,phases      ] GC(1139)   Merge Heap Roots: 0.2ms
[444.880s][info][gc,phases      ] GC(1139)   Evacuate Collection Set: 0.4ms
[444.880s][info][gc,phases      ] GC(1139)   Post Evacuate Collection Set: 2.5ms
[444.880s][info][gc,phases      ] GC(1139)   Other: 0.1ms
[444.880s][info][gc,heap        ] GC(1139) Eden regions: 331->0(331)
[444.881s][info][gc,heap        ] GC(1139) Survivor regions: 1->1(42)
[444.881s][info][gc,heap        ] GC(1139) Old regions: 26->26
[444.881s][info][gc,heap        ] GC(1139) Archive regions: 0->0
[444.881s][info][gc,heap        ] GC(1139) Humongous regions: 0->0
[444.881s][info][gc,metaspace   ] GC(1139) Metaspace: 14329K(15168K)->14329K(15168K) NonClass: 12368K(12864K)->12368K(12864K) Class: 1961K(2304K)->1961K(2304K)
[444.881s][info][gc             ] GC(1139) Pause Young (Normal) (G1 Evacuation Pause) 670M->8M(1108M) 3.542ms
[444.881s][info][gc,cpu         ] GC(1139) User=0.47s Sys=0.03s Real=0.00s
[445.296s][info][gc,start       ] GC(1140) Pause Young (Normal) (G1 Evacuation Pause)
[445.296s][info][gc,task        ] GC(1140) Using 33 workers of 33 for evacuation
[445.299s][info][gc,phases      ] GC(1140)   Pre Evacuate Collection Set: 0.2ms
[445.300s][info][gc,phases      ] GC(1140)   Merge Heap Roots: 0.2ms
[445.300s][info][gc,phases      ] GC(1140)   Evacuate Collection Set: 0.4ms
[445.300s][info][gc,phases      ] GC(1140)   Post Evacuate Collection Set: 2.5ms
[445.300s][info][gc,phases      ] GC(1140)   Other: 0.1ms
[445.300s][info][gc,heap        ] GC(1140) Eden regions: 331->0(331)
[445.300s][info][gc,heap        ] GC(1140) Survivor regions: 1->1(42)
[445.300s][info][gc,heap        ] GC(1140) Old regions: 26->26
[445.300s][info][gc,heap        ] GC(1140) Archive regions: 0->0
[445.300s][info][gc,heap        ] GC(1140) Humongous regions: 0->0
[445.300s][info][gc,metaspace   ] GC(1140) Metaspace: 14329K(15168K)->14329K(15168K) NonClass: 12368K(12864K)->12368K(12864K) Class: 1961K(2304K)->1961K(2304K)
[445.300s][info][gc             ] GC(1140) Pause Young (Normal) (G1 Evacuation Pause) 670M->8M(1108M) 3.562ms
[445.300s][info][gc,cpu         ] GC(1140) User=0.00s Sys=0.00s Real=0.00s
[445.716s][info][gc,start       ] GC(1141) Pause Young (Normal) (G1 Evacuation Pause)
[445.716s][info][gc,task        ] GC(1141) Using 33 workers of 33 for evacuation
[445.719s][info][gc,phases      ] GC(1141)   Pre Evacuate Collection Set: 0.1ms
[445.719s][info][gc,phases      ] GC(1141)   Merge Heap Roots: 0.1ms
[445.719s][info][gc,phases      ] GC(1141)   Evacuate Collection Set: 0.4ms
[445.719s][info][gc,phases      ] GC(1141)   Post Evacuate Collection Set: 2.6ms
[445.719s][info][gc,phases      ] GC(1141)   Other: 0.1ms
[445.719s][info][gc,heap        ] GC(1141) Eden regions: 331->0(331)
[445.719s][info][gc,heap        ] GC(1141) Survivor regions: 1->1(42)
[445.719s][info][gc,heap        ] GC(1141) Old regions: 26->27
[445.719s][info][gc,heap        ] GC(1141) Archive regions: 0->0
[445.719s][info][gc,heap        ] GC(1141) Humongous regions: 0->0
[445.719s][info][gc,metaspace   ] GC(1141) Metaspace: 14329K(15168K)->14329K(15168K) NonClass: 12368K(12864K)->12368K(12864K) Class: 1961K(2304K)->1961K(2304K)
[445.719s][info][gc             ] GC(1141) Pause Young (Normal) (G1 Evacuation Pause) 670M->8M(1108M) 3.655ms
[445.719s][info][gc,cpu         ] GC(1141) User=0.00s Sys=0.00s Real=0.00s
[446.136s][info][gc,start       ] GC(1142) Pause Young (Normal) (G1 Evacuation Pause)
[446.136s][info][gc,task        ] GC(1142) Using 33 workers of 33 for evacuation
[446.139s][info][gc,phases      ] GC(1142)   Pre Evacuate Collection Set: 0.1ms
[446.139s][info][gc,phases      ] GC(1142)   Merge Heap Roots: 0.2ms
[446.139s][info][gc,phases      ] GC(1142)   Evacuate Collection Set: 0.4ms
[446.139s][info][gc,phases      ] GC(1142)   Post Evacuate Collection Set: 2.6ms
[446.139s][info][gc,phases      ] GC(1142)   Other: 0.1ms
[446.140s][info][gc,heap        ] GC(1142) Eden regions: 331->0(331)
[446.140s][info][gc,heap        ] GC(1142) Survivor regions: 1->1(42)
[446.140s][info][gc,heap        ] GC(1142) Old regions: 27->27
[446.140s][info][gc,heap        ] GC(1142) Archive regions: 0->0
[446.140s][info][gc,heap        ] GC(1142) Humongous regions: 0->0
[446.140s][info][gc,metaspace   ] GC(1142) Metaspace: 14329K(15168K)->14329K(15168K) NonClass: 12368K(12864K)->12368K(12864K) Class: 1961K(2304K)->1961K(2304K)
[446.140s][info][gc             ] GC(1142) Pause Young (Normal) (G1 Evacuation Pause) 670M->8M(1108M) 3.720ms
[446.140s][info][gc,cpu         ] GC(1142) User=0.00s Sys=0.00s Real=0.00s
[446.555s][info][gc,start       ] GC(1143) Pause Young (Normal) (G1 Evacuation Pause)
[446.555s][info][gc,task        ] GC(1143) Using 33 workers of 33 for evacuation
[446.559s][info][gc,phases      ] GC(1143)   Pre Evacuate Collection Set: 0.2ms
[446.559s][info][gc,phases      ] GC(1143)   Merge Heap Roots: 0.2ms
[446.559s][info][gc,phases      ] GC(1143)   Evacuate Collection Set: 0.4ms
[446.559s][info][gc,phases      ] GC(1143)   Post Evacuate Collection Set: 2.7ms
[446.559s][info][gc,phases      ] GC(1143)   Other: 0.1ms
[446.559s][info][gc,heap        ] GC(1143) Eden regions: 331->0(331)
[446.559s][info][gc,heap        ] GC(1143) Survivor regions: 1->1(42)
[446.559s][info][gc,heap        ] GC(1143) Old regions: 27->27
[446.559s][info][gc,heap        ] GC(1143) Archive regions: 0->0
[446.559s][info][gc,heap        ] GC(1143) Humongous regions: 0->0
[446.559s][info][gc,metaspace   ] GC(1143) Metaspace: 14329K(15168K)->14329K(15168K) NonClass: 12368K(12864K)->12368K(12864K) Class: 1961K(2304K)->1961K(2304K)
[446.559s][info][gc             ] GC(1143) Pause Young (Normal) (G1 Evacuation Pause) 670M->8M(1108M) 3.768ms
[446.559s][info][gc,cpu         ] GC(1143) User=0.00s Sys=0.00s Real=0.00s
[446.973s][info][gc,start       ] GC(1144) Pause Young (Normal) (G1 Evacuation Pause)
[446.973s][info][gc,task        ] GC(1144) Using 33 workers of 33 for evacuation
[446.977s][info][gc,phases      ] GC(1144)   Pre Evacuate Collection Set: 0.1ms
[446.977s][info][gc,phases      ] GC(1144)   Merge Heap Roots: 0.2ms
[446.977s][info][gc,phases      ] GC(1144)   Evacuate Collection Set: 0.4ms
[446.977s][info][gc,phases      ] GC(1144)   Post Evacuate Collection Set: 2.7ms
[446.977s][info][gc,phases      ] GC(1144)   Other: 0.1ms
[446.977s][info][gc,heap        ] GC(1144) Eden regions: 331->0(331)
[446.977s][info][gc,heap        ] GC(1144) Survivor regions: 1->1(42)
[446.977s][info][gc,heap        ] GC(1144) Old regions: 27->27
[446.977s][info][gc,heap        ] GC(1144) Archive regions: 0->0
[446.977s][info][gc,heap        ] GC(1144) Humongous regions: 0->0
[446.977s][info][gc,metaspace   ] GC(1144) Metaspace: 14329K(15168K)->14329K(15168K) NonClass: 12368K(12864K)->12368K(12864K) Class: 1961K(2304K)->1961K(2304K)
[446.977s][info][gc             ] GC(1144) Pause Young (Normal) (G1 Evacuation Pause) 670M->8M(1108M) 3.745ms
[446.977s][info][gc,cpu         ] GC(1144) User=0.00s Sys=0.00s Real=0.00s
[447.395s][info][gc,start       ] GC(1145) Pause Young (Normal) (G1 Evacuation Pause)
[447.395s][info][gc,task        ] GC(1145) Using 33 workers of 33 for evacuation
[447.399s][info][gc,phases      ] GC(1145)   Pre Evacuate Collection Set: 0.2ms
[447.399s][info][gc,phases      ] GC(1145)   Merge Heap Roots: 0.2ms
[447.399s][info][gc,phases      ] GC(1145)   Evacuate Collection Set: 0.4ms
[447.399s][info][gc,phases      ] GC(1145)   Post Evacuate Collection Set: 2.8ms
[447.399s][info][gc,phases      ] GC(1145)   Other: 0.1ms
[447.399s][info][gc,heap        ] GC(1145) Eden regions: 331->0(331)
[447.399s][info][gc,heap        ] GC(1145) Survivor regions: 1->1(42)
[447.399s][info][gc,heap        ] GC(1145) Old regions: 27->27
[447.399s][info][gc,heap        ] GC(1145) Archive regions: 0->0
[447.399s][info][gc,heap        ] GC(1145) Humongous regions: 0->0
[447.399s][info][gc,metaspace   ] GC(1145) Metaspace: 14329K(15168K)->14329K(15168K) NonClass: 12368K(12864K)->12368K(12864K) Class: 1961K(2304K)->1961K(2304K)
[447.399s][info][gc             ] GC(1145) Pause Young (Normal) (G1 Evacuation Pause) 670M->8M(1108M) 3.888ms
[447.399s][info][gc,cpu         ] GC(1145) User=0.00s Sys=0.00s Real=0.00s
[447.822s][info][gc,start       ] GC(1146) Pause Young (Normal) (G1 Evacuation Pause)
[447.822s][info][gc,task        ] GC(1146) Using 33 workers of 33 for evacuation
[447.825s][info][gc,phases      ] GC(1146)   Pre Evacuate Collection Set: 0.1ms
[447.825s][info][gc,phases      ] GC(1146)   Merge Heap Roots: 0.2ms
[447.825s][info][gc,phases      ] GC(1146)   Evacuate Collection Set: 0.4ms
[447.825s][info][gc,phases      ] GC(1146)   Post Evacuate Collection Set: 2.4ms
[447.825s][info][gc,phases      ] GC(1146)   Other: 0.1ms
[447.825s][info][gc,heap        ] GC(1146) Eden regions: 331->0(331)
[447.825s][info][gc,heap        ] GC(1146) Survivor regions: 1->1(42)
[447.825s][info][gc,heap        ] GC(1146) Old regions: 27->27
[447.825s][info][gc,heap        ] GC(1146) Archive regions: 0->0
[447.825s][info][gc,heap        ] GC(1146) Humongous regions: 0->0
[447.825s][info][gc,metaspace   ] GC(1146) Metaspace: 14329K(15168K)->14329K(15168K) NonClass: 12368K(12864K)->12368K(12864K) Class: 1961K(2304K)->1961K(2304K)
[447.825s][info][gc             ] GC(1146) Pause Young (Normal) (G1 Evacuation Pause) 670M->8M(1108M) 3.483ms
[447.825s][info][gc,cpu         ] GC(1146) User=0.00s Sys=0.00s Real=0.00s
[448.241s][info][gc,start       ] GC(1147) Pause Young (Normal) (G1 Evacuation Pause)
[448.242s][info][gc,task        ] GC(1147) Using 33 workers of 33 for evacuation
[448.245s][info][gc,phases      ] GC(1147)   Pre Evacuate Collection Set: 0.1ms
[448.245s][info][gc,phases      ] GC(1147)   Merge Heap Roots: 0.2ms
[448.245s][info][gc,phases      ] GC(1147)   Evacuate Collection Set: 0.4ms
[448.245s][info][gc,phases      ] GC(1147)   Post Evacuate Collection Set: 2.5ms
[448.245s][info][gc,phases      ] GC(1147)   Other: 0.1ms
[448.245s][info][gc,heap        ] GC(1147) Eden regions: 331->0(331)
[448.245s][info][gc,heap        ] GC(1147) Survivor regions: 1->1(42)
[448.245s][info][gc,heap        ] GC(1147) Old regions: 27->27
[448.245s][info][gc,heap        ] GC(1147) Archive regions: 0->0
[448.245s][info][gc,heap        ] GC(1147) Humongous regions: 0->0
[448.245s][info][gc,metaspace   ] GC(1147) Metaspace: 14329K(15168K)->14329K(15168K) NonClass: 12368K(12864K)->12368K(12864K) Class: 1961K(2304K)->1961K(2304K)
[448.245s][info][gc             ] GC(1147) Pause Young (Normal) (G1 Evacuation Pause) 670M->8M(1108M) 3.550ms
[448.245s][info][gc,cpu         ] GC(1147) User=0.00s Sys=0.00s Real=0.00s
[448.660s][info][gc,start       ] GC(1148) Pause Young (Normal) (G1 Evacuation Pause)
[448.660s][info][gc,task        ] GC(1148) Using 33 workers of 33 for evacuation
[448.664s][info][gc,phases      ] GC(1148)   Pre Evacuate Collection Set: 0.1ms
[448.664s][info][gc,phases      ] GC(1148)   Merge Heap Roots: 0.2ms
[448.664s][info][gc,phases      ] GC(1148)   Evacuate Collection Set: 0.4ms
[448.664s][info][gc,phases      ] GC(1148)   Post Evacuate Collection Set: 2.4ms
[448.664s][info][gc,phases      ] GC(1148)   Other: 0.1ms
[448.664s][info][gc,heap        ] GC(1148) Eden regions: 331->0(331)
[448.664s][info][gc,heap        ] GC(1148) Survivor regions: 1->1(42)
[448.664s][info][gc,heap        ] GC(1148) Old regions: 27->27
[448.664s][info][gc,heap        ] GC(1148) Archive regions: 0->0
[448.664s][info][gc,heap        ] GC(1148) Humongous regions: 0->0
[448.664s][info][gc,metaspace   ] GC(1148) Metaspace: 14329K(15168K)->14329K(15168K) NonClass: 12368K(12864K)->12368K(12864K) Class: 1961K(2304K)->1961K(2304K)
[448.664s][info][gc             ] GC(1148) Pause Young (Normal) (G1 Evacuation Pause) 670M->8M(1108M) 3.492ms
[448.664s][info][gc,cpu         ] GC(1148) User=0.00s Sys=0.00s Real=0.00s
[449.079s][info][gc,start       ] GC(1149) Pause Young (Normal) (G1 Evacuation Pause)
[449.079s][info][gc,task        ] GC(1149) Using 33 workers of 33 for evacuation
[449.082s][info][gc,phases      ] GC(1149)   Pre Evacuate Collection Set: 0.1ms
[449.082s][info][gc,phases      ] GC(1149)   Merge Heap Roots: 0.2ms
[449.082s][info][gc,phases      ] GC(1149)   Evacuate Collection Set: 0.4ms
[449.082s][info][gc,phases      ] GC(1149)   Post Evacuate Collection Set: 2.4ms
[449.082s][info][gc,phases      ] GC(1149)   Other: 0.1ms
[449.082s][info][gc,heap        ] GC(1149) Eden regions: 331->0(331)
[449.082s][info][gc,heap        ] GC(1149) Survivor regions: 1->1(42)
[449.082s][info][gc,heap        ] GC(1149) Old regions: 27->27
[449.082s][info][gc,heap        ] GC(1149) Archive regions: 0->0
[449.082s][info][gc,heap        ] GC(1149) Humongous regions: 0->0
[449.082s][info][gc,metaspace   ] GC(1149) Metaspace: 14329K(15168K)->14329K(15168K) NonClass: 12368K(12864K)->12368K(12864K) Class: 1961K(2304K)->1961K(2304K)
[449.082s][info][gc             ] GC(1149) Pause Young (Normal) (G1 Evacuation Pause) 670M->8M(1108M) 3.510ms
[449.082s][info][gc,cpu         ] GC(1149) User=0.52s Sys=0.00s Real=0.00s
[449.501s][info][gc,start       ] GC(1150) Pause Young (Normal) (G1 Evacuation Pause)
[449.501s][info][gc,task        ] GC(1150) Using 33 workers of 33 for evacuation
[449.504s][info][gc,phases      ] GC(1150)   Pre Evacuate Collection Set: 0.2ms
[449.504s][info][gc,phases      ] GC(1150)   Merge Heap Roots: 0.2ms
[449.504s][info][gc,phases      ] GC(1150)   Evacuate Collection Set: 0.4ms
[449.504s][info][gc,phases      ] GC(1150)   Post Evacuate Collection Set: 2.5ms
[449.504s][info][gc,phases      ] GC(1150)   Other: 0.1ms
[449.504s][info][gc,heap        ] GC(1150) Eden regions: 331->0(331)
[449.504s][info][gc,heap        ] GC(1150) Survivor regions: 1->1(42)
[449.504s][info][gc,heap        ] GC(1150) Old regions: 27->27
[449.504s][info][gc,heap        ] GC(1150) Archive regions: 0->0
[449.504s][info][gc,heap        ] GC(1150) Humongous regions: 0->0
[449.504s][info][gc,metaspace   ] GC(1150) Metaspace: 14329K(15168K)->14329K(15168K) NonClass: 12368K(12864K)->12368K(12864K) Class: 1961K(2304K)->1961K(2304K)
[449.504s][info][gc             ] GC(1150) Pause Young (Normal) (G1 Evacuation Pause) 670M->8M(1108M) 3.526ms
[449.504s][info][gc,cpu         ] GC(1150) User=0.52s Sys=0.00s Real=0.00s
[449.923s][info][gc,start       ] GC(1151) Pause Young (Normal) (G1 Evacuation Pause)
[449.925s][info][gc,task        ] GC(1151) Using 33 workers of 33 for evacuation
[449.929s][info][gc,phases      ] GC(1151)   Pre Evacuate Collection Set: 0.1ms
[449.929s][info][gc,phases      ] GC(1151)   Merge Heap Roots: 0.2ms
[449.929s][info][gc,phases      ] GC(1151)   Evacuate Collection Set: 0.4ms
[449.929s][info][gc,phases      ] GC(1151)   Post Evacuate Collection Set: 2.6ms
[449.929s][info][gc,phases      ] GC(1151)   Other: 0.1ms
[449.929s][info][gc,heap        ] GC(1151) Eden regions: 331->0(331)
[449.929s][info][gc,heap        ] GC(1151) Survivor regions: 1->1(42)
[449.929s][info][gc,heap        ] GC(1151) Old regions: 27->27
[449.929s][info][gc,heap        ] GC(1151) Archive regions: 0->0
[449.929s][info][gc,heap        ] GC(1151) Humongous regions: 0->0
[449.929s][info][gc,metaspace   ] GC(1151) Metaspace: 14329K(15168K)->14329K(15168K) NonClass: 12368K(12864K)->12368K(12864K) Class: 1961K(2304K)->1961K(2304K)
[449.929s][info][gc             ] GC(1151) Pause Young (Normal) (G1 Evacuation Pause) 670M->9M(1108M) 5.835ms
[449.929s][info][gc,cpu         ] GC(1151) User=0.00s Sys=0.00s Real=0.01s
[450.348s][info][gc,start       ] GC(1152) Pause Young (Normal) (G1 Evacuation Pause)
[450.348s][info][gc,task        ] GC(1152) Using 33 workers of 33 for evacuation
[450.351s][info][gc,phases      ] GC(1152)   Pre Evacuate Collection Set: 0.2ms
[450.352s][info][gc,phases      ] GC(1152)   Merge Heap Roots: 0.1ms
[450.352s][info][gc,phases      ] GC(1152)   Evacuate Collection Set: 0.4ms
[450.352s][info][gc,phases      ] GC(1152)   Post Evacuate Collection Set: 2.6ms
[450.352s][info][gc,phases      ] GC(1152)   Other: 0.1ms
[450.352s][info][gc,heap        ] GC(1152) Eden regions: 331->0(331)
[450.352s][info][gc,heap        ] GC(1152) Survivor regions: 1->1(42)
[450.352s][info][gc,heap        ] GC(1152) Old regions: 27->27
[450.352s][info][gc,heap        ] GC(1152) Archive regions: 0->0
[450.352s][info][gc,heap        ] GC(1152) Humongous regions: 0->0
[450.352s][info][gc,metaspace   ] GC(1152) Metaspace: 14329K(15168K)->14329K(15168K) NonClass: 12368K(12864K)->12368K(12864K) Class: 1961K(2304K)->1961K(2304K)
[450.352s][info][gc             ] GC(1152) Pause Young (Normal) (G1 Evacuation Pause) 671M->9M(1108M) 3.710ms
[450.352s][info][gc,cpu         ] GC(1152) User=0.00s Sys=0.00s Real=0.00s
[450.815s][info][gc,start       ] GC(1153) Pause Young (Normal) (G1 Evacuation Pause)
[450.815s][info][gc,task        ] GC(1153) Using 33 workers of 33 for evacuation
[450.818s][info][gc,phases      ] GC(1153)   Pre Evacuate Collection Set: 0.1ms
[450.818s][info][gc,phases      ] GC(1153)   Merge Heap Roots: 0.2ms
[450.818s][info][gc,phases      ] GC(1153)   Evacuate Collection Set: 0.4ms
[450.818s][info][gc,phases      ] GC(1153)   Post Evacuate Collection Set: 2.7ms
[450.818s][info][gc,phases      ] GC(1153)   Other: 0.1ms
[450.818s][info][gc,heap        ] GC(1153) Eden regions: 331->0(331)
[450.818s][info][gc,heap        ] GC(1153) Survivor regions: 1->1(42)
[450.818s][info][gc,heap        ] GC(1153) Old regions: 27->27
[450.818s][info][gc,heap        ] GC(1153) Archive regions: 0->0
[450.818s][info][gc,heap        ] GC(1153) Humongous regions: 0->0
[450.818s][info][gc,metaspace   ] GC(1153) Metaspace: 14329K(15168K)->14329K(15168K) NonClass: 12368K(12864K)->12368K(12864K) Class: 1961K(2304K)->1961K(2304K)
[450.818s][info][gc             ] GC(1153) Pause Young (Normal) (G1 Evacuation Pause) 671M->9M(1108M) 3.755ms
[450.818s][info][gc,cpu         ] GC(1153) User=0.52s Sys=0.00s Real=0.00s
[451.610s][info][gc,heap,exit   ] Heap
[451.610s][info][gc,heap,exit   ]  garbage-first heap   total 1134592K, used 515939K [0x0000000700000000, 0x0000000800000000)
[451.610s][info][gc,heap,exit   ]   region size 2048K, 249 young (509952K), 1 survivors (2048K)
[451.610s][info][gc,heap,exit   ]  Metaspace       used 14392K, committed 15232K, reserved 1114112K
[451.610s][info][gc,heap,exit   ]   class space    used 1969K, committed 2304K, reserved 1048576K
