[0.016s][info][gc,init] CardTable entry size: 512
[0.016s][info][gc     ] Using G1
[0.039s][info][gc,init] Version: 20+36-2344 (release)
[0.039s][info][gc,init] CPUs: 48 total, 48 available
[0.039s][info][gc,init] Memory: 382G
[0.039s][info][gc,init] Large Page Support: Disabled
[0.039s][info][gc,init] NUMA Support: Disabled
[0.040s][info][gc,init] Compressed Oops: Enabled (32-bit)
[0.040s][info][gc,init] Heap Region Size: 1M
[0.040s][info][gc,init] Heap Min Capacity: 8M
[0.040s][info][gc,init] Heap Initial Capacity: 2G
[0.040s][info][gc,init] Heap Max Capacity: 2G
[0.049s][info][gc,init] Pre-touch: Disabled
[0.049s][info][gc,init] Parallel Workers: 33
[0.049s][info][gc,init] Concurrent Workers: 8
[0.049s][info][gc,init] Concurrent Refinement Workers: 33
[0.049s][info][gc,init] Periodic GC: Disabled
[0.050s][info][gc,metaspace] CDS archive(s) mapped at: [0x0000000800000000-0x0000000800c60000-0x0000000800c60000), size 12976128, SharedBaseAddress: 0x0000000800000000, ArchiveRelocationMode: 0.
[0.050s][info][gc,metaspace] Compressed class space mapped at: 0x0000000801000000-0x0000000841000000, reserved size: 1073741824
[0.050s][info][gc,metaspace] Narrow klass base: 0x0000000800000000, Narrow klass shift: 0, Narrow klass range: 0x100000000
[1.104s][info][gc,start    ] GC(0) Pause Full (System.gc())
[1.106s][info][gc,task     ] GC(0) Using 24 workers of 33 for full compaction
[1.107s][info][gc,phases,start] GC(0) Phase 1: Mark live objects
[1.112s][info][gc,phases      ] GC(0) Phase 1: Mark live objects 4.999ms
[1.112s][info][gc,phases,start] GC(0) Phase 2: Prepare compaction
[1.119s][info][gc,phases      ] GC(0) Phase 2: Prepare compaction 6.676ms
[1.119s][info][gc,phases,start] GC(0) Phase 3: Adjust pointers
[1.121s][info][gc,phases      ] GC(0) Phase 3: Adjust pointers 2.075ms
[1.121s][info][gc,phases,start] GC(0) Phase 4: Compact heap
[1.123s][info][gc,phases      ] GC(0) Phase 4: Compact heap 1.574ms
[1.141s][info][gc,heap        ] GC(0) Eden regions: 24->0(23)
[1.141s][info][gc,heap        ] GC(0) Survivor regions: 0->0(0)
[1.141s][info][gc,heap        ] GC(0) Old regions: 0->24
[1.141s][info][gc,heap        ] GC(0) Archive regions: 0->0
[1.141s][info][gc,heap        ] GC(0) Humongous regions: 0->0
[1.141s][info][gc,metaspace   ] GC(0) Metaspace: 8237K(8448K)->8237K(8448K) NonClass: 7128K(7232K)->7128K(7232K) Class: 1108K(1216K)->1108K(1216K)
[1.141s][info][gc             ] GC(0) Pause Full (System.gc()) 23M->3M(80M) 37.134ms
[1.141s][info][gc,cpu         ] GC(0) User=0.06s Sys=0.69s Real=0.03s
[1.797s][info][gc,start       ] GC(1) Pause Young (Normal) (G1 Evacuation Pause)
[1.798s][info][gc,task        ] GC(1) Using 33 workers of 33 for evacuation
[1.804s][info][gc,phases      ] GC(1)   Pre Evacuate Collection Set: 0.2ms
[1.804s][info][gc,phases      ] GC(1)   Merge Heap Roots: 0.2ms
[1.804s][info][gc,phases      ] GC(1)   Evacuate Collection Set: 4.6ms
[1.804s][info][gc,phases      ] GC(1)   Post Evacuate Collection Set: 0.6ms
[1.804s][info][gc,phases      ] GC(1)   Other: 0.8ms
[1.804s][info][gc,heap        ] GC(1) Eden regions: 23->0(26)
[1.804s][info][gc,heap        ] GC(1) Survivor regions: 0->3(3)
[1.804s][info][gc,heap        ] GC(1) Old regions: 24->25
[1.804s][info][gc,heap        ] GC(1) Archive regions: 0->0
[1.804s][info][gc,heap        ] GC(1) Humongous regions: 0->0
[1.804s][info][gc,metaspace   ] GC(1) Metaspace: 13290K(13696K)->13290K(13696K) NonClass: 11403K(11648K)->11403K(11648K) Class: 1887K(2048K)->1887K(2048K)
[1.804s][info][gc             ] GC(1) Pause Young (Normal) (G1 Evacuation Pause) 26M->7M(80M) 6.649ms
[1.804s][info][gc,cpu         ] GC(1) User=0.00s Sys=0.00s Real=0.00s
[1.992s][info][gc,start       ] GC(2) Pause Young (Normal) (G1 Evacuation Pause)
[1.992s][info][gc,task        ] GC(2) Using 33 workers of 33 for evacuation
[1.996s][info][gc,phases      ] GC(2)   Pre Evacuate Collection Set: 0.1ms
[1.996s][info][gc,phases      ] GC(2)   Merge Heap Roots: 0.1ms
[1.996s][info][gc,phases      ] GC(2)   Evacuate Collection Set: 2.8ms
[1.996s][info][gc,phases      ] GC(2)   Post Evacuate Collection Set: 0.5ms
[1.996s][info][gc,phases      ] GC(2)   Other: 0.1ms
[1.996s][info][gc,heap        ] GC(2) Eden regions: 26->0(39)
[1.996s][info][gc,heap        ] GC(2) Survivor regions: 3->1(4)
[1.996s][info][gc,heap        ] GC(2) Old regions: 25->28
[1.996s][info][gc,heap        ] GC(2) Archive regions: 0->0
[1.996s][info][gc,heap        ] GC(2) Humongous regions: 0->0
[1.996s][info][gc,metaspace   ] GC(2) Metaspace: 14473K(14976K)->14473K(14976K) NonClass: 12429K(12736K)->12429K(12736K) Class: 2043K(2240K)->2043K(2240K)
[1.996s][info][gc             ] GC(2) Pause Young (Normal) (G1 Evacuation Pause) 33M->7M(80M) 3.951ms
[1.996s][info][gc,cpu         ] GC(2) User=0.00s Sys=0.00s Real=0.00s
[2.178s][info][gc,start       ] GC(3) Pause Young (Normal) (G1 Evacuation Pause)
[2.178s][info][gc,task        ] GC(3) Using 33 workers of 33 for evacuation
[2.179s][info][gc,phases      ] GC(3)   Pre Evacuate Collection Set: 0.1ms
[2.179s][info][gc,phases      ] GC(3)   Merge Heap Roots: 0.1ms
[2.179s][info][gc,phases      ] GC(3)   Evacuate Collection Set: 0.6ms
[2.179s][info][gc,phases      ] GC(3)   Post Evacuate Collection Set: 0.4ms
[2.179s][info][gc,phases      ] GC(3)   Other: 0.1ms
[2.179s][info][gc,heap        ] GC(3) Eden regions: 39->0(44)
[2.179s][info][gc,heap        ] GC(3) Survivor regions: 1->1(5)
[2.179s][info][gc,heap        ] GC(3) Old regions: 28->28
[2.179s][info][gc,heap        ] GC(3) Archive regions: 0->0
[2.179s][info][gc,heap        ] GC(3) Humongous regions: 0->0
[2.179s][info][gc,metaspace   ] GC(3) Metaspace: 14533K(15040K)->14533K(15040K) NonClass: 12489K(12800K)->12489K(12800K) Class: 2043K(2240K)->2043K(2240K)
[2.179s][info][gc             ] GC(3) Pause Young (Normal) (G1 Evacuation Pause) 46M->7M(80M) 1.639ms
[2.179s][info][gc,cpu         ] GC(3) User=0.00s Sys=0.00s Real=0.00s
[2.357s][info][gc,start       ] GC(4) Pause Young (Normal) (G1 Evacuation Pause)
[2.357s][info][gc,task        ] GC(4) Using 33 workers of 33 for evacuation
[2.358s][info][gc,phases      ] GC(4)   Pre Evacuate Collection Set: 0.1ms
[2.358s][info][gc,phases      ] GC(4)   Merge Heap Roots: 0.1ms
[2.358s][info][gc,phases      ] GC(4)   Evacuate Collection Set: 0.6ms
[2.358s][info][gc,phases      ] GC(4)   Post Evacuate Collection Set: 0.5ms
[2.358s][info][gc,phases      ] GC(4)   Other: 0.1ms
[2.358s][info][gc,heap        ] GC(4) Eden regions: 44->0(45)
[2.358s][info][gc,heap        ] GC(4) Survivor regions: 1->1(6)
[2.358s][info][gc,heap        ] GC(4) Old regions: 28->28
[2.358s][info][gc,heap        ] GC(4) Archive regions: 0->0
[2.358s][info][gc,heap        ] GC(4) Humongous regions: 0->0
[2.358s][info][gc,metaspace   ] GC(4) Metaspace: 14543K(15040K)->14543K(15040K) NonClass: 12499K(12800K)->12499K(12800K) Class: 2043K(2240K)->2043K(2240K)
[2.358s][info][gc             ] GC(4) Pause Young (Normal) (G1 Evacuation Pause) 51M->7M(80M) 1.684ms
[2.358s][info][gc,cpu         ] GC(4) User=0.00s Sys=0.00s Real=0.00s
[2.464s][info][gc,start       ] GC(5) Pause Young (Normal) (G1 Evacuation Pause)
[2.464s][info][gc,task        ] GC(5) Using 33 workers of 33 for evacuation
[2.466s][info][gc,phases      ] GC(5)   Pre Evacuate Collection Set: 0.1ms
[2.466s][info][gc,phases      ] GC(5)   Merge Heap Roots: 0.1ms
[2.466s][info][gc,phases      ] GC(5)   Evacuate Collection Set: 0.6ms
[2.466s][info][gc,phases      ] GC(5)   Post Evacuate Collection Set: 0.5ms
[2.466s][info][gc,phases      ] GC(5)   Other: 0.1ms
[2.466s][info][gc,heap        ] GC(5) Eden regions: 45->0(46)
[2.466s][info][gc,heap        ] GC(5) Survivor regions: 1->1(6)
[2.466s][info][gc,heap        ] GC(5) Old regions: 28->28
[2.466s][info][gc,heap        ] GC(5) Archive regions: 0->0
[2.466s][info][gc,heap        ] GC(5) Humongous regions: 0->0
[2.466s][info][gc,metaspace   ] GC(5) Metaspace: 14543K(15040K)->14543K(15040K) NonClass: 12499K(12800K)->12499K(12800K) Class: 2043K(2240K)->2043K(2240K)
[2.466s][info][gc             ] GC(5) Pause Young (Normal) (G1 Evacuation Pause) 52M->7M(80M) 1.682ms
[2.466s][info][gc,cpu         ] GC(5) User=0.00s Sys=0.00s Real=0.00s
[2.528s][info][gc,start       ] GC(6) Pause Young (Normal) (G1 Evacuation Pause)
[2.528s][info][gc,task        ] GC(6) Using 33 workers of 33 for evacuation
[2.530s][info][gc,phases      ] GC(6)   Pre Evacuate Collection Set: 0.1ms
[2.530s][info][gc,phases      ] GC(6)   Merge Heap Roots: 0.1ms
[2.530s][info][gc,phases      ] GC(6)   Evacuate Collection Set: 0.7ms
[2.530s][info][gc,phases      ] GC(6)   Post Evacuate Collection Set: 0.5ms
[2.530s][info][gc,phases      ] GC(6)   Other: 0.1ms
[2.530s][info][gc,heap        ] GC(6) Eden regions: 46->0(46)
[2.530s][info][gc,heap        ] GC(6) Survivor regions: 1->1(6)
[2.530s][info][gc,heap        ] GC(6) Old regions: 28->28
[2.530s][info][gc,heap        ] GC(6) Archive regions: 0->0
[2.530s][info][gc,heap        ] GC(6) Humongous regions: 0->0
[2.530s][info][gc,metaspace   ] GC(6) Metaspace: 14543K(15040K)->14543K(15040K) NonClass: 12499K(12800K)->12499K(12800K) Class: 2043K(2240K)->2043K(2240K)
[2.530s][info][gc             ] GC(6) Pause Young (Normal) (G1 Evacuation Pause) 53M->7M(80M) 1.778ms
[2.530s][info][gc,cpu         ] GC(6) User=0.00s Sys=0.00s Real=0.00s
[2.613s][info][gc,start       ] GC(7) Pause Young (Normal) (G1 Evacuation Pause)
[2.613s][info][gc,task        ] GC(7) Using 33 workers of 33 for evacuation
[2.620s][info][gc,phases      ] GC(7)   Pre Evacuate Collection Set: 0.1ms
[2.620s][info][gc,phases      ] GC(7)   Merge Heap Roots: 0.1ms
[2.620s][info][gc,phases      ] GC(7)   Evacuate Collection Set: 0.8ms
[2.620s][info][gc,phases      ] GC(7)   Post Evacuate Collection Set: 5.6ms
[2.620s][info][gc,phases      ] GC(7)   Other: 0.1ms
[2.620s][info][gc,heap        ] GC(7) Eden regions: 46->0(637)
[2.620s][info][gc,heap        ] GC(7) Survivor regions: 1->1(6)
[2.620s][info][gc,heap        ] GC(7) Old regions: 28->28
[2.620s][info][gc,heap        ] GC(7) Archive regions: 0->0
[2.620s][info][gc,heap        ] GC(7) Humongous regions: 0->0
[2.620s][info][gc,metaspace   ] GC(7) Metaspace: 14543K(15040K)->14543K(15040K) NonClass: 12499K(12800K)->12499K(12800K) Class: 2044K(2240K)->2044K(2240K)
[2.620s][info][gc             ] GC(7) Pause Young (Normal) (G1 Evacuation Pause) 53M->7M(1064M) 6.937ms
[2.620s][info][gc,cpu         ] GC(7) User=0.03s Sys=0.02s Real=0.01s
[3.238s][info][gc,start       ] GC(8) Pause Young (Normal) (G1 Evacuation Pause)
[3.238s][info][gc,task        ] GC(8) Using 33 workers of 33 for evacuation
[3.241s][info][gc,phases      ] GC(8)   Pre Evacuate Collection Set: 0.2ms
[3.241s][info][gc,phases      ] GC(8)   Merge Heap Roots: 0.2ms
[3.241s][info][gc,phases      ] GC(8)   Evacuate Collection Set: 1.0ms
[3.241s][info][gc,phases      ] GC(8)   Post Evacuate Collection Set: 1.2ms
[3.241s][info][gc,phases      ] GC(8)   Other: 0.2ms
[3.241s][info][gc,heap        ] GC(8) Eden regions: 637->0(637)
[3.241s][info][gc,heap        ] GC(8) Survivor regions: 1->1(80)
[3.241s][info][gc,heap        ] GC(8) Old regions: 28->28
[3.241s][info][gc,heap        ] GC(8) Archive regions: 0->0
[3.241s][info][gc,heap        ] GC(8) Humongous regions: 0->0
[3.241s][info][gc,metaspace   ] GC(8) Metaspace: 14544K(15040K)->14544K(15040K) NonClass: 12499K(12800K)->12499K(12800K) Class: 2044K(2240K)->2044K(2240K)
[3.241s][info][gc             ] GC(8) Pause Young (Normal) (G1 Evacuation Pause) 644M->7M(1064M) 3.034ms
[3.241s][info][gc,cpu         ] GC(8) User=0.31s Sys=0.05s Real=0.00s
[3.718s][info][gc,start       ] GC(9) Pause Young (Normal) (G1 Evacuation Pause)
[3.718s][info][gc,task        ] GC(9) Using 33 workers of 33 for evacuation
[3.722s][info][gc,phases      ] GC(9)   Pre Evacuate Collection Set: 0.2ms
[3.722s][info][gc,phases      ] GC(9)   Merge Heap Roots: 0.2ms
[3.722s][info][gc,phases      ] GC(9)   Evacuate Collection Set: 1.1ms
[3.722s][info][gc,phases      ] GC(9)   Post Evacuate Collection Set: 1.6ms
[3.722s][info][gc,phases      ] GC(9)   Other: 0.1ms
[3.722s][info][gc,heap        ] GC(9) Eden regions: 637->0(637)
[3.722s][info][gc,heap        ] GC(9) Survivor regions: 1->1(80)
[3.722s][info][gc,heap        ] GC(9) Old regions: 28->28
[3.722s][info][gc,heap        ] GC(9) Archive regions: 0->0
[3.722s][info][gc,heap        ] GC(9) Humongous regions: 0->0
[3.722s][info][gc,metaspace   ] GC(9) Metaspace: 14544K(15040K)->14544K(15040K) NonClass: 12499K(12800K)->12499K(12800K) Class: 2044K(2240K)->2044K(2240K)
[3.722s][info][gc             ] GC(9) Pause Young (Normal) (G1 Evacuation Pause) 644M->7M(1064M) 3.414ms
[3.722s][info][gc,cpu         ] GC(9) User=0.00s Sys=0.00s Real=0.00s
[4.195s][info][gc,start       ] GC(10) Pause Young (Normal) (G1 Evacuation Pause)
[4.195s][info][gc,task        ] GC(10) Using 33 workers of 33 for evacuation
[4.198s][info][gc,phases      ] GC(10)   Pre Evacuate Collection Set: 0.2ms
[4.198s][info][gc,phases      ] GC(10)   Merge Heap Roots: 0.2ms
[4.199s][info][gc,phases      ] GC(10)   Evacuate Collection Set: 0.9ms
[4.199s][info][gc,phases      ] GC(10)   Post Evacuate Collection Set: 1.7ms
[4.199s][info][gc,phases      ] GC(10)   Other: 0.1ms
[4.199s][info][gc,heap        ] GC(10) Eden regions: 637->0(637)
[4.199s][info][gc,heap        ] GC(10) Survivor regions: 1->1(80)
[4.199s][info][gc,heap        ] GC(10) Old regions: 28->28
[4.199s][info][gc,heap        ] GC(10) Archive regions: 0->0
[4.199s][info][gc,heap        ] GC(10) Humongous regions: 0->0
[4.199s][info][gc,metaspace   ] GC(10) Metaspace: 14544K(15040K)->14544K(15040K) NonClass: 12499K(12800K)->12499K(12800K) Class: 2044K(2240K)->2044K(2240K)
[4.199s][info][gc             ] GC(10) Pause Young (Normal) (G1 Evacuation Pause) 644M->7M(1064M) 3.301ms
[4.199s][info][gc,cpu         ] GC(10) User=0.00s Sys=0.00s Real=0.00s
[4.682s][info][gc,start       ] GC(11) Pause Young (Normal) (G1 Evacuation Pause)
[4.682s][info][gc,task        ] GC(11) Using 33 workers of 33 for evacuation
[4.685s][info][gc,phases      ] GC(11)   Pre Evacuate Collection Set: 0.2ms
[4.685s][info][gc,phases      ] GC(11)   Merge Heap Roots: 0.2ms
[4.685s][info][gc,phases      ] GC(11)   Evacuate Collection Set: 0.8ms
[4.685s][info][gc,phases      ] GC(11)   Post Evacuate Collection Set: 1.5ms
[4.685s][info][gc,phases      ] GC(11)   Other: 0.1ms
[4.685s][info][gc,heap        ] GC(11) Eden regions: 637->0(637)
[4.685s][info][gc,heap        ] GC(11) Survivor regions: 1->1(80)
[4.685s][info][gc,heap        ] GC(11) Old regions: 28->28
[4.685s][info][gc,heap        ] GC(11) Archive regions: 0->0
[4.685s][info][gc,heap        ] GC(11) Humongous regions: 0->0
[4.685s][info][gc,metaspace   ] GC(11) Metaspace: 14544K(15040K)->14544K(15040K) NonClass: 12500K(12800K)->12500K(12800K) Class: 2044K(2240K)->2044K(2240K)
[4.685s][info][gc             ] GC(11) Pause Young (Normal) (G1 Evacuation Pause) 644M->7M(1064M) 3.050ms
[4.685s][info][gc,cpu         ] GC(11) User=0.00s Sys=0.00s Real=0.00s
[5.162s][info][gc,start       ] GC(12) Pause Young (Normal) (G1 Evacuation Pause)
[5.163s][info][gc,task        ] GC(12) Using 33 workers of 33 for evacuation
[5.167s][info][gc,phases      ] GC(12)   Pre Evacuate Collection Set: 0.2ms
[5.167s][info][gc,phases      ] GC(12)   Merge Heap Roots: 0.2ms
[5.167s][info][gc,phases      ] GC(12)   Evacuate Collection Set: 0.9ms
[5.167s][info][gc,phases      ] GC(12)   Post Evacuate Collection Set: 2.3ms
[5.167s][info][gc,phases      ] GC(12)   Other: 1.3ms
[5.167s][info][gc,heap        ] GC(12) Eden regions: 637->0(637)
[5.168s][info][gc,heap        ] GC(12) Survivor regions: 1->1(80)
[5.168s][info][gc,heap        ] GC(12) Old regions: 28->28
[5.168s][info][gc,heap        ] GC(12) Archive regions: 0->0
[5.168s][info][gc,heap        ] GC(12) Humongous regions: 0->0
[5.168s][info][gc,metaspace   ] GC(12) Metaspace: 14544K(15040K)->14544K(15040K) NonClass: 12500K(12800K)->12500K(12800K) Class: 2044K(2240K)->2044K(2240K)
[5.168s][info][gc             ] GC(12) Pause Young (Normal) (G1 Evacuation Pause) 644M->7M(1064M) 5.135ms
[5.168s][info][gc,cpu         ] GC(12) User=0.02s Sys=0.02s Real=0.01s
[5.646s][info][gc,start       ] GC(13) Pause Young (Normal) (G1 Evacuation Pause)
[5.646s][info][gc,task        ] GC(13) Using 33 workers of 33 for evacuation
[5.649s][info][gc,phases      ] GC(13)   Pre Evacuate Collection Set: 0.2ms
[5.649s][info][gc,phases      ] GC(13)   Merge Heap Roots: 0.2ms
[5.649s][info][gc,phases      ] GC(13)   Evacuate Collection Set: 0.8ms
[5.649s][info][gc,phases      ] GC(13)   Post Evacuate Collection Set: 1.7ms
[5.649s][info][gc,phases      ] GC(13)   Other: 0.1ms
[5.649s][info][gc,heap        ] GC(13) Eden regions: 637->0(637)
[5.649s][info][gc,heap        ] GC(13) Survivor regions: 1->1(80)
[5.649s][info][gc,heap        ] GC(13) Old regions: 28->28
[5.649s][info][gc,heap        ] GC(13) Archive regions: 0->0
[5.649s][info][gc,heap        ] GC(13) Humongous regions: 0->0
[5.649s][info][gc,metaspace   ] GC(13) Metaspace: 14544K(15040K)->14544K(15040K) NonClass: 12500K(12800K)->12500K(12800K) Class: 2044K(2240K)->2044K(2240K)
[5.649s][info][gc             ] GC(13) Pause Young (Normal) (G1 Evacuation Pause) 644M->7M(1064M) 3.216ms
[5.649s][info][gc,cpu         ] GC(13) User=0.02s Sys=0.00s Real=0.00s
[6.126s][info][gc,start       ] GC(14) Pause Young (Normal) (G1 Evacuation Pause)
[6.126s][info][gc,task        ] GC(14) Using 33 workers of 33 for evacuation
[6.129s][info][gc,phases      ] GC(14)   Pre Evacuate Collection Set: 0.2ms
[6.129s][info][gc,phases      ] GC(14)   Merge Heap Roots: 0.2ms
[6.129s][info][gc,phases      ] GC(14)   Evacuate Collection Set: 0.8ms
[6.129s][info][gc,phases      ] GC(14)   Post Evacuate Collection Set: 1.7ms
[6.129s][info][gc,phases      ] GC(14)   Other: 0.1ms
[6.129s][info][gc,heap        ] GC(14) Eden regions: 637->0(637)
[6.129s][info][gc,heap        ] GC(14) Survivor regions: 1->1(80)
[6.129s][info][gc,heap        ] GC(14) Old regions: 28->28
[6.129s][info][gc,heap        ] GC(14) Archive regions: 0->0
[6.129s][info][gc,heap        ] GC(14) Humongous regions: 0->0
[6.129s][info][gc,metaspace   ] GC(14) Metaspace: 14544K(15040K)->14544K(15040K) NonClass: 12500K(12800K)->12500K(12800K) Class: 2044K(2240K)->2044K(2240K)
[6.129s][info][gc             ] GC(14) Pause Young (Normal) (G1 Evacuation Pause) 644M->7M(1064M) 3.168ms
[6.129s][info][gc,cpu         ] GC(14) User=0.00s Sys=0.00s Real=0.00s
[6.604s][info][gc,start       ] GC(15) Pause Young (Normal) (G1 Evacuation Pause)
[6.604s][info][gc,task        ] GC(15) Using 33 workers of 33 for evacuation
[6.607s][info][gc,phases      ] GC(15)   Pre Evacuate Collection Set: 0.2ms
[6.607s][info][gc,phases      ] GC(15)   Merge Heap Roots: 0.2ms
[6.607s][info][gc,phases      ] GC(15)   Evacuate Collection Set: 0.8ms
[6.607s][info][gc,phases      ] GC(15)   Post Evacuate Collection Set: 1.6ms
[6.607s][info][gc,phases      ] GC(15)   Other: 0.1ms
[6.607s][info][gc,heap        ] GC(15) Eden regions: 637->0(637)
[6.607s][info][gc,heap        ] GC(15) Survivor regions: 1->1(80)
[6.607s][info][gc,heap        ] GC(15) Old regions: 28->28
[6.607s][info][gc,heap        ] GC(15) Archive regions: 0->0
[6.607s][info][gc,heap        ] GC(15) Humongous regions: 0->0
[6.607s][info][gc,metaspace   ] GC(15) Metaspace: 14544K(15040K)->14544K(15040K) NonClass: 12500K(12800K)->12500K(12800K) Class: 2044K(2240K)->2044K(2240K)
[6.607s][info][gc             ] GC(15) Pause Young (Normal) (G1 Evacuation Pause) 644M->7M(1064M) 3.123ms
[6.607s][info][gc,cpu         ] GC(15) User=0.00s Sys=0.00s Real=0.00s
[7.079s][info][gc,start       ] GC(16) Pause Young (Normal) (G1 Evacuation Pause)
[7.079s][info][gc,task        ] GC(16) Using 33 workers of 33 for evacuation
[7.082s][info][gc,phases      ] GC(16)   Pre Evacuate Collection Set: 0.2ms
[7.082s][info][gc,phases      ] GC(16)   Merge Heap Roots: 0.2ms
[7.082s][info][gc,phases      ] GC(16)   Evacuate Collection Set: 0.8ms
[7.082s][info][gc,phases      ] GC(16)   Post Evacuate Collection Set: 1.7ms
[7.082s][info][gc,phases      ] GC(16)   Other: 0.1ms
[7.082s][info][gc,heap        ] GC(16) Eden regions: 637->0(637)
[7.082s][info][gc,heap        ] GC(16) Survivor regions: 1->1(80)
[7.082s][info][gc,heap        ] GC(16) Old regions: 28->28
[7.082s][info][gc,heap        ] GC(16) Archive regions: 0->0
[7.082s][info][gc,heap        ] GC(16) Humongous regions: 0->0
[7.082s][info][gc,metaspace   ] GC(16) Metaspace: 14544K(15040K)->14544K(15040K) NonClass: 12500K(12800K)->12500K(12800K) Class: 2044K(2240K)->2044K(2240K)
[7.082s][info][gc             ] GC(16) Pause Young (Normal) (G1 Evacuation Pause) 644M->7M(1064M) 3.201ms
[7.082s][info][gc,cpu         ] GC(16) User=0.00s Sys=0.00s Real=0.00s
[7.562s][info][gc,start       ] GC(17) Pause Young (Normal) (G1 Evacuation Pause)
[7.562s][info][gc,task        ] GC(17) Using 33 workers of 33 for evacuation
[7.565s][info][gc,phases      ] GC(17)   Pre Evacuate Collection Set: 0.2ms
[7.565s][info][gc,phases      ] GC(17)   Merge Heap Roots: 0.2ms
[7.565s][info][gc,phases      ] GC(17)   Evacuate Collection Set: 0.8ms
[7.565s][info][gc,phases      ] GC(17)   Post Evacuate Collection Set: 1.6ms
[7.565s][info][gc,phases      ] GC(17)   Other: 0.1ms
[7.565s][info][gc,heap        ] GC(17) Eden regions: 637->0(637)
[7.565s][info][gc,heap        ] GC(17) Survivor regions: 1->1(80)
[7.565s][info][gc,heap        ] GC(17) Old regions: 28->28
[7.565s][info][gc,heap        ] GC(17) Archive regions: 0->0
[7.565s][info][gc,heap        ] GC(17) Humongous regions: 0->0
[7.565s][info][gc,metaspace   ] GC(17) Metaspace: 14547K(15040K)->14547K(15040K) NonClass: 12503K(12800K)->12503K(12800K) Class: 2044K(2240K)->2044K(2240K)
[7.565s][info][gc             ] GC(17) Pause Young (Normal) (G1 Evacuation Pause) 644M->7M(1064M) 3.114ms
[7.565s][info][gc,cpu         ] GC(17) User=0.00s Sys=0.00s Real=0.00s
[8.034s][info][gc,start       ] GC(18) Pause Young (Normal) (G1 Evacuation Pause)
[8.034s][info][gc,task        ] GC(18) Using 33 workers of 33 for evacuation
[8.037s][info][gc,phases      ] GC(18)   Pre Evacuate Collection Set: 0.2ms
[8.037s][info][gc,phases      ] GC(18)   Merge Heap Roots: 0.2ms
[8.037s][info][gc,phases      ] GC(18)   Evacuate Collection Set: 0.4ms
[8.037s][info][gc,phases      ] GC(18)   Post Evacuate Collection Set: 1.7ms
[8.037s][info][gc,phases      ] GC(18)   Other: 0.1ms
[8.037s][info][gc,heap        ] GC(18) Eden regions: 637->0(637)
[8.037s][info][gc,heap        ] GC(18) Survivor regions: 1->1(80)
[8.037s][info][gc,heap        ] GC(18) Old regions: 28->28
[8.037s][info][gc,heap        ] GC(18) Archive regions: 0->0
[8.037s][info][gc,heap        ] GC(18) Humongous regions: 0->0
[8.037s][info][gc,metaspace   ] GC(18) Metaspace: 14547K(15040K)->14547K(15040K) NonClass: 12503K(12800K)->12503K(12800K) Class: 2044K(2240K)->2044K(2240K)
[8.037s][info][gc             ] GC(18) Pause Young (Normal) (G1 Evacuation Pause) 644M->8M(1064M) 2.855ms
[8.037s][info][gc,cpu         ] GC(18) User=0.00s Sys=0.00s Real=0.00s
[8.512s][info][gc,start       ] GC(19) Pause Young (Normal) (G1 Evacuation Pause)
[8.512s][info][gc,task        ] GC(19) Using 33 workers of 33 for evacuation
[8.515s][info][gc,phases      ] GC(19)   Pre Evacuate Collection Set: 0.2ms
[8.515s][info][gc,phases      ] GC(19)   Merge Heap Roots: 0.2ms
[8.515s][info][gc,phases      ] GC(19)   Evacuate Collection Set: 0.4ms
[8.515s][info][gc,phases      ] GC(19)   Post Evacuate Collection Set: 1.7ms
[8.515s][info][gc,phases      ] GC(19)   Other: 0.1ms
[8.515s][info][gc,heap        ] GC(19) Eden regions: 637->0(636)
[8.515s][info][gc,heap        ] GC(19) Survivor regions: 1->2(80)
[8.515s][info][gc,heap        ] GC(19) Old regions: 28->28
[8.515s][info][gc,heap        ] GC(19) Archive regions: 0->0
[8.515s][info][gc,heap        ] GC(19) Humongous regions: 0->0
[8.515s][info][gc,metaspace   ] GC(19) Metaspace: 14547K(15040K)->14547K(15040K) NonClass: 12503K(12800K)->12503K(12800K) Class: 2044K(2240K)->2044K(2240K)
[8.515s][info][gc             ] GC(19) Pause Young (Normal) (G1 Evacuation Pause) 645M->8M(1064M) 2.867ms
[8.515s][info][gc,cpu         ] GC(19) User=0.00s Sys=0.00s Real=0.00s
[8.986s][info][gc,start       ] GC(20) Pause Young (Normal) (G1 Evacuation Pause)
[8.986s][info][gc,task        ] GC(20) Using 33 workers of 33 for evacuation
[8.989s][info][gc,phases      ] GC(20)   Pre Evacuate Collection Set: 0.2ms
[8.989s][info][gc,phases      ] GC(20)   Merge Heap Roots: 0.2ms
[8.989s][info][gc,phases      ] GC(20)   Evacuate Collection Set: 0.6ms
[8.989s][info][gc,phases      ] GC(20)   Post Evacuate Collection Set: 1.8ms
[8.989s][info][gc,phases      ] GC(20)   Other: 0.1ms
[8.989s][info][gc,heap        ] GC(20) Eden regions: 636->0(636)
[8.989s][info][gc,heap        ] GC(20) Survivor regions: 2->2(80)
[8.989s][info][gc,heap        ] GC(20) Old regions: 28->28
[8.989s][info][gc,heap        ] GC(20) Archive regions: 0->0
[8.989s][info][gc,heap        ] GC(20) Humongous regions: 0->0
[8.989s][info][gc,metaspace   ] GC(20) Metaspace: 14547K(15040K)->14547K(15040K) NonClass: 12503K(12800K)->12503K(12800K) Class: 2044K(2240K)->2044K(2240K)
[8.989s][info][gc             ] GC(20) Pause Young (Normal) (G1 Evacuation Pause) 644M->8M(1064M) 3.145ms
[8.989s][info][gc,cpu         ] GC(20) User=0.00s Sys=0.00s Real=0.00s
[9.462s][info][gc,start       ] GC(21) Pause Young (Normal) (G1 Evacuation Pause)
[9.462s][info][gc,task        ] GC(21) Using 33 workers of 33 for evacuation
[9.465s][info][gc,phases      ] GC(21)   Pre Evacuate Collection Set: 0.2ms
[9.465s][info][gc,phases      ] GC(21)   Merge Heap Roots: 0.2ms
[9.465s][info][gc,phases      ] GC(21)   Evacuate Collection Set: 0.5ms
[9.465s][info][gc,phases      ] GC(21)   Post Evacuate Collection Set: 1.8ms
[9.465s][info][gc,phases      ] GC(21)   Other: 0.1ms
[9.465s][info][gc,heap        ] GC(21) Eden regions: 636->0(636)
[9.465s][info][gc,heap        ] GC(21) Survivor regions: 2->2(80)
[9.465s][info][gc,heap        ] GC(21) Old regions: 28->28
[9.465s][info][gc,heap        ] GC(21) Archive regions: 0->0
[9.465s][info][gc,heap        ] GC(21) Humongous regions: 0->0
[9.465s][info][gc,metaspace   ] GC(21) Metaspace: 14547K(15040K)->14547K(15040K) NonClass: 12503K(12800K)->12503K(12800K) Class: 2044K(2240K)->2044K(2240K)
[9.465s][info][gc             ] GC(21) Pause Young (Normal) (G1 Evacuation Pause) 644M->8M(1064M) 3.039ms
[9.465s][info][gc,cpu         ] GC(21) User=0.00s Sys=0.00s Real=0.00s
[9.943s][info][gc,start       ] GC(22) Pause Young (Normal) (G1 Evacuation Pause)
[9.943s][info][gc,task        ] GC(22) Using 33 workers of 33 for evacuation
[9.945s][info][gc,phases      ] GC(22)   Pre Evacuate Collection Set: 0.2ms
[9.945s][info][gc,phases      ] GC(22)   Merge Heap Roots: 0.2ms
[9.945s][info][gc,phases      ] GC(22)   Evacuate Collection Set: 0.4ms
[9.945s][info][gc,phases      ] GC(22)   Post Evacuate Collection Set: 1.8ms
[9.945s][info][gc,phases      ] GC(22)   Other: 0.1ms
[9.945s][info][gc,heap        ] GC(22) Eden regions: 636->0(636)
[9.945s][info][gc,heap        ] GC(22) Survivor regions: 2->2(80)
[9.946s][info][gc,heap        ] GC(22) Old regions: 28->28
[9.946s][info][gc,heap        ] GC(22) Archive regions: 0->0
[9.946s][info][gc,heap        ] GC(22) Humongous regions: 0->0
[9.946s][info][gc,metaspace   ] GC(22) Metaspace: 14547K(15040K)->14547K(15040K) NonClass: 12503K(12800K)->12503K(12800K) Class: 2044K(2240K)->2044K(2240K)
[9.946s][info][gc             ] GC(22) Pause Young (Normal) (G1 Evacuation Pause) 644M->8M(1064M) 2.924ms
[9.946s][info][gc,cpu         ] GC(22) User=0.52s Sys=0.00s Real=0.00s
[10.436s][info][gc,start       ] GC(23) Pause Young (Normal) (G1 Evacuation Pause)
[10.437s][info][gc,task        ] GC(23) Using 33 workers of 33 for evacuation
[10.439s][info][gc,phases      ] GC(23)   Pre Evacuate Collection Set: 0.2ms
[10.439s][info][gc,phases      ] GC(23)   Merge Heap Roots: 0.2ms
[10.439s][info][gc,phases      ] GC(23)   Evacuate Collection Set: 0.4ms
[10.439s][info][gc,phases      ] GC(23)   Post Evacuate Collection Set: 1.6ms
[10.439s][info][gc,phases      ] GC(23)   Other: 0.1ms
[10.439s][info][gc,heap        ] GC(23) Eden regions: 636->0(636)
[10.439s][info][gc,heap        ] GC(23) Survivor regions: 2->2(80)
[10.439s][info][gc,heap        ] GC(23) Old regions: 28->28
[10.439s][info][gc,heap        ] GC(23) Archive regions: 0->0
[10.439s][info][gc,heap        ] GC(23) Humongous regions: 0->0
[10.439s][info][gc,metaspace   ] GC(23) Metaspace: 14547K(15040K)->14547K(15040K) NonClass: 12503K(12800K)->12503K(12800K) Class: 2044K(2240K)->2044K(2240K)
[10.439s][info][gc             ] GC(23) Pause Young (Normal) (G1 Evacuation Pause) 644M->8M(1064M) 2.710ms
[10.439s][info][gc,cpu         ] GC(23) User=0.00s Sys=0.00s Real=0.00s
[10.910s][info][gc,start       ] GC(24) Pause Young (Normal) (G1 Evacuation Pause)
[10.910s][info][gc,task        ] GC(24) Using 33 workers of 33 for evacuation
[10.913s][info][gc,phases      ] GC(24)   Pre Evacuate Collection Set: 0.2ms
[10.913s][info][gc,phases      ] GC(24)   Merge Heap Roots: 0.2ms
[10.913s][info][gc,phases      ] GC(24)   Evacuate Collection Set: 0.4ms
[10.913s][info][gc,phases      ] GC(24)   Post Evacuate Collection Set: 1.7ms
[10.913s][info][gc,phases      ] GC(24)   Other: 0.1ms
[10.913s][info][gc,heap        ] GC(24) Eden regions: 636->0(636)
[10.913s][info][gc,heap        ] GC(24) Survivor regions: 2->2(80)
[10.913s][info][gc,heap        ] GC(24) Old regions: 28->29
[10.913s][info][gc,heap        ] GC(24) Archive regions: 0->0
[10.913s][info][gc,heap        ] GC(24) Humongous regions: 0->0
[10.913s][info][gc,metaspace   ] GC(24) Metaspace: 14547K(15040K)->14547K(15040K) NonClass: 12503K(12800K)->12503K(12800K) Class: 2044K(2240K)->2044K(2240K)
[10.913s][info][gc             ] GC(24) Pause Young (Normal) (G1 Evacuation Pause) 644M->8M(1064M) 2.767ms
[10.913s][info][gc,cpu         ] GC(24) User=0.00s Sys=0.02s Real=0.00s
[11.382s][info][gc,start       ] GC(25) Pause Young (Normal) (G1 Evacuation Pause)
[11.382s][info][gc,task        ] GC(25) Using 33 workers of 33 for evacuation
[11.384s][info][gc,phases      ] GC(25)   Pre Evacuate Collection Set: 0.2ms
[11.384s][info][gc,phases      ] GC(25)   Merge Heap Roots: 0.2ms
[11.384s][info][gc,phases      ] GC(25)   Evacuate Collection Set: 0.4ms
[11.384s][info][gc,phases      ] GC(25)   Post Evacuate Collection Set: 1.8ms
[11.384s][info][gc,phases      ] GC(25)   Other: 0.1ms
[11.384s][info][gc,heap        ] GC(25) Eden regions: 636->0(636)
[11.384s][info][gc,heap        ] GC(25) Survivor regions: 2->2(80)
[11.384s][info][gc,heap        ] GC(25) Old regions: 29->29
[11.384s][info][gc,heap        ] GC(25) Archive regions: 0->0
[11.384s][info][gc,heap        ] GC(25) Humongous regions: 0->0
[11.385s][info][gc,metaspace   ] GC(25) Metaspace: 14547K(15040K)->14547K(15040K) NonClass: 12503K(12800K)->12503K(12800K) Class: 2044K(2240K)->2044K(2240K)
[11.385s][info][gc             ] GC(25) Pause Young (Normal) (G1 Evacuation Pause) 644M->8M(1064M) 2.916ms
[11.385s][info][gc,cpu         ] GC(25) User=0.00s Sys=0.00s Real=0.00s
[11.852s][info][gc,start       ] GC(26) Pause Young (Normal) (G1 Evacuation Pause)
[11.852s][info][gc,task        ] GC(26) Using 33 workers of 33 for evacuation
[11.855s][info][gc,phases      ] GC(26)   Pre Evacuate Collection Set: 0.2ms
[11.855s][info][gc,phases      ] GC(26)   Merge Heap Roots: 0.2ms
[11.855s][info][gc,phases      ] GC(26)   Evacuate Collection Set: 0.4ms
[11.855s][info][gc,phases      ] GC(26)   Post Evacuate Collection Set: 1.9ms
[11.855s][info][gc,phases      ] GC(26)   Other: 0.1ms
[11.855s][info][gc,heap        ] GC(26) Eden regions: 636->0(636)
[11.855s][info][gc,heap        ] GC(26) Survivor regions: 2->2(80)
[11.855s][info][gc,heap        ] GC(26) Old regions: 29->29
[11.855s][info][gc,heap        ] GC(26) Archive regions: 0->0
[11.855s][info][gc,heap        ] GC(26) Humongous regions: 0->0
[11.855s][info][gc,metaspace   ] GC(26) Metaspace: 14547K(15040K)->14547K(15040K) NonClass: 12503K(12800K)->12503K(12800K) Class: 2044K(2240K)->2044K(2240K)
[11.855s][info][gc             ] GC(26) Pause Young (Normal) (G1 Evacuation Pause) 644M->8M(1064M) 2.979ms
[11.855s][info][gc,cpu         ] GC(26) User=0.00s Sys=0.00s Real=0.00s
[12.326s][info][gc,start       ] GC(27) Pause Young (Normal) (G1 Evacuation Pause)
[12.327s][info][gc,task        ] GC(27) Using 33 workers of 33 for evacuation
[12.329s][info][gc,phases      ] GC(27)   Pre Evacuate Collection Set: 0.2ms
[12.329s][info][gc,phases      ] GC(27)   Merge Heap Roots: 0.2ms
[12.329s][info][gc,phases      ] GC(27)   Evacuate Collection Set: 0.4ms
[12.329s][info][gc,phases      ] GC(27)   Post Evacuate Collection Set: 1.9ms
[12.329s][info][gc,phases      ] GC(27)   Other: 0.1ms
[12.329s][info][gc,heap        ] GC(27) Eden regions: 636->0(636)
[12.329s][info][gc,heap        ] GC(27) Survivor regions: 2->2(80)
[12.329s][info][gc,heap        ] GC(27) Old regions: 29->29
[12.329s][info][gc,heap        ] GC(27) Archive regions: 0->0
[12.329s][info][gc,heap        ] GC(27) Humongous regions: 0->0
[12.329s][info][gc,metaspace   ] GC(27) Metaspace: 14547K(15040K)->14547K(15040K) NonClass: 12503K(12800K)->12503K(12800K) Class: 2044K(2240K)->2044K(2240K)
[12.329s][info][gc             ] GC(27) Pause Young (Normal) (G1 Evacuation Pause) 644M->8M(1064M) 3.140ms
[12.330s][info][gc,cpu         ] GC(27) User=0.00s Sys=0.00s Real=0.00s
[12.809s][info][gc,start       ] GC(28) Pause Young (Normal) (G1 Evacuation Pause)
[12.810s][info][gc,task        ] GC(28) Using 33 workers of 33 for evacuation
[12.812s][info][gc,phases      ] GC(28)   Pre Evacuate Collection Set: 0.2ms
[12.812s][info][gc,phases      ] GC(28)   Merge Heap Roots: 0.2ms
[12.812s][info][gc,phases      ] GC(28)   Evacuate Collection Set: 0.4ms
[12.812s][info][gc,phases      ] GC(28)   Post Evacuate Collection Set: 1.7ms
[12.812s][info][gc,phases      ] GC(28)   Other: 0.1ms
[12.812s][info][gc,heap        ] GC(28) Eden regions: 636->0(636)
[12.812s][info][gc,heap        ] GC(28) Survivor regions: 2->2(80)
[12.812s][info][gc,heap        ] GC(28) Old regions: 29->29
[12.812s][info][gc,heap        ] GC(28) Archive regions: 0->0
[12.812s][info][gc,heap        ] GC(28) Humongous regions: 0->0
[12.812s][info][gc,metaspace   ] GC(28) Metaspace: 14547K(15040K)->14547K(15040K) NonClass: 12503K(12800K)->12503K(12800K) Class: 2044K(2240K)->2044K(2240K)
[12.812s][info][gc             ] GC(28) Pause Young (Normal) (G1 Evacuation Pause) 644M->9M(1064M) 2.867ms
[12.812s][info][gc,cpu         ] GC(28) User=0.00s Sys=0.00s Real=0.00s
[13.295s][info][gc,start       ] GC(29) Pause Young (Normal) (G1 Evacuation Pause)
[13.295s][info][gc,task        ] GC(29) Using 33 workers of 33 for evacuation
[13.297s][info][gc,phases      ] GC(29)   Pre Evacuate Collection Set: 0.2ms
[13.297s][info][gc,phases      ] GC(29)   Merge Heap Roots: 0.2ms
[13.297s][info][gc,phases      ] GC(29)   Evacuate Collection Set: 0.4ms
[13.297s][info][gc,phases      ] GC(29)   Post Evacuate Collection Set: 1.6ms
[13.297s][info][gc,phases      ] GC(29)   Other: 0.1ms
[13.297s][info][gc,heap        ] GC(29) Eden regions: 636->0(636)
[13.297s][info][gc,heap        ] GC(29) Survivor regions: 2->2(80)
[13.297s][info][gc,heap        ] GC(29) Old regions: 29->29
[13.297s][info][gc,heap        ] GC(29) Archive regions: 0->0
[13.298s][info][gc,heap        ] GC(29) Humongous regions: 0->0
[13.298s][info][gc,metaspace   ] GC(29) Metaspace: 14548K(15040K)->14548K(15040K) NonClass: 12503K(12800K)->12503K(12800K) Class: 2044K(2240K)->2044K(2240K)
[13.298s][info][gc             ] GC(29) Pause Young (Normal) (G1 Evacuation Pause) 645M->9M(1064M) 2.779ms
[13.298s][info][gc,cpu         ] GC(29) User=0.00s Sys=0.00s Real=0.00s
[13.748s][info][gc,start       ] GC(30) Pause Young (Normal) (G1 Evacuation Pause)
[13.748s][info][gc,task        ] GC(30) Using 33 workers of 33 for evacuation
[13.751s][info][gc,phases      ] GC(30)   Pre Evacuate Collection Set: 0.2ms
[13.751s][info][gc,phases      ] GC(30)   Merge Heap Roots: 0.2ms
[13.751s][info][gc,phases      ] GC(30)   Evacuate Collection Set: 0.4ms
[13.751s][info][gc,phases      ] GC(30)   Post Evacuate Collection Set: 1.8ms
[13.751s][info][gc,phases      ] GC(30)   Other: 0.1ms
[13.751s][info][gc,heap        ] GC(30) Eden regions: 636->0(636)
[13.751s][info][gc,heap        ] GC(30) Survivor regions: 2->2(80)
[13.751s][info][gc,heap        ] GC(30) Old regions: 29->29
[13.751s][info][gc,heap        ] GC(30) Archive regions: 0->0
[13.751s][info][gc,heap        ] GC(30) Humongous regions: 0->0
[13.751s][info][gc,metaspace   ] GC(30) Metaspace: 14548K(15040K)->14548K(15040K) NonClass: 12503K(12800K)->12503K(12800K) Class: 2044K(2240K)->2044K(2240K)
[13.751s][info][gc             ] GC(30) Pause Young (Normal) (G1 Evacuation Pause) 645M->9M(1064M) 2.915ms
[13.751s][info][gc,cpu         ] GC(30) User=0.00s Sys=0.00s Real=0.00s
[14.168s][info][gc,start       ] GC(31) Pause Young (Normal) (G1 Evacuation Pause)
[14.168s][info][gc,task        ] GC(31) Using 33 workers of 33 for evacuation
[14.171s][info][gc,phases      ] GC(31)   Pre Evacuate Collection Set: 0.2ms
[14.171s][info][gc,phases      ] GC(31)   Merge Heap Roots: 0.3ms
[14.171s][info][gc,phases      ] GC(31)   Evacuate Collection Set: 0.5ms
[14.171s][info][gc,phases      ] GC(31)   Post Evacuate Collection Set: 2.0ms
[14.171s][info][gc,phases      ] GC(31)   Other: 0.1ms
[14.171s][info][gc,heap        ] GC(31) Eden regions: 636->0(636)
[14.171s][info][gc,heap        ] GC(31) Survivor regions: 2->2(80)
[14.171s][info][gc,heap        ] GC(31) Old regions: 29->29
[14.171s][info][gc,heap        ] GC(31) Archive regions: 0->0
[14.171s][info][gc,heap        ] GC(31) Humongous regions: 0->0
[14.171s][info][gc,metaspace   ] GC(31) Metaspace: 14548K(15040K)->14548K(15040K) NonClass: 12503K(12800K)->12503K(12800K) Class: 2044K(2240K)->2044K(2240K)
[14.171s][info][gc             ] GC(31) Pause Young (Normal) (G1 Evacuation Pause) 645M->9M(1064M) 3.288ms
[14.171s][info][gc,cpu         ] GC(31) User=0.00s Sys=0.00s Real=0.00s
[14.465s][info][gc,start       ] GC(32) Pause Young (Normal) (G1 Evacuation Pause)
[14.465s][info][gc,task        ] GC(32) Using 29 workers of 33 for evacuation
[14.468s][info][gc,phases      ] GC(32)   Pre Evacuate Collection Set: 0.2ms
[14.468s][info][gc,phases      ] GC(32)   Merge Heap Roots: 0.2ms
[14.468s][info][gc,phases      ] GC(32)   Evacuate Collection Set: 0.4ms
[14.468s][info][gc,phases      ] GC(32)   Post Evacuate Collection Set: 1.9ms
[14.468s][info][gc,phases      ] GC(32)   Other: 0.1ms
[14.468s][info][gc,heap        ] GC(32) Eden regions: 636->0(636)
[14.468s][info][gc,heap        ] GC(32) Survivor regions: 2->2(80)
[14.468s][info][gc,heap        ] GC(32) Old regions: 29->29
[14.468s][info][gc,heap        ] GC(32) Archive regions: 0->0
[14.468s][info][gc,heap        ] GC(32) Humongous regions: 0->0
[14.468s][info][gc,metaspace   ] GC(32) Metaspace: 14548K(15040K)->14548K(15040K) NonClass: 12503K(12800K)->12503K(12800K) Class: 2044K(2240K)->2044K(2240K)
[14.468s][info][gc             ] GC(32) Pause Young (Normal) (G1 Evacuation Pause) 645M->9M(1064M) 3.116ms
[14.468s][info][gc,cpu         ] GC(32) User=0.00s Sys=0.00s Real=0.00s
[15.213s][info][gc,start       ] GC(33) Pause Full (System.gc())
[15.214s][info][gc,task        ] GC(33) Using 27 workers of 33 for full compaction
[15.215s][info][gc,phases,start] GC(33) Phase 1: Mark live objects
[15.228s][info][gc,phases      ] GC(33) Phase 1: Mark live objects 12.873ms
[15.228s][info][gc,phases,start] GC(33) Phase 2: Prepare compaction
[15.233s][info][gc,phases      ] GC(33) Phase 2: Prepare compaction 5.340ms
[15.233s][info][gc,phases,start] GC(33) Phase 3: Adjust pointers
[15.240s][info][gc,phases      ] GC(33) Phase 3: Adjust pointers 6.607ms
[15.240s][info][gc,phases,start] GC(33) Phase 4: Compact heap
[15.241s][info][gc,phases      ] GC(33) Phase 4: Compact heap 1.071ms
[15.254s][info][gc,heap        ] GC(33) Eden regions: 367->0(54)
[15.254s][info][gc,heap        ] GC(33) Survivor regions: 2->0(80)
[15.254s][info][gc,heap        ] GC(33) Old regions: 29->27
[15.254s][info][gc,heap        ] GC(33) Archive regions: 0->0
[15.254s][info][gc,heap        ] GC(33) Humongous regions: 0->0
[15.254s][info][gc,metaspace   ] GC(33) Metaspace: 14646K(15168K)->14231K(15040K) NonClass: 12592K(12928K)->12292K(12864K) Class: 2054K(2240K)->1939K(2176K)
[15.254s][info][gc             ] GC(33) Pause Full (System.gc()) 376M->5M(90M) 40.703ms
[15.254s][info][gc,cpu         ] GC(33) User=0.86s Sys=0.00s Real=0.05s
[15.315s][info][gc,start       ] GC(34) Pause Young (Normal) (G1 Evacuation Pause)
[15.315s][info][gc,task        ] GC(34) Using 33 workers of 33 for evacuation
[15.316s][info][gc,phases      ] GC(34)   Pre Evacuate Collection Set: 0.1ms
[15.316s][info][gc,phases      ] GC(34)   Merge Heap Roots: 0.1ms
[15.316s][info][gc,phases      ] GC(34)   Evacuate Collection Set: 0.4ms
[15.316s][info][gc,phases      ] GC(34)   Post Evacuate Collection Set: 0.9ms
[15.316s][info][gc,phases      ] GC(34)   Other: 0.1ms
[15.316s][info][gc,heap        ] GC(34) Eden regions: 54->0(52)
[15.316s][info][gc,heap        ] GC(34) Survivor regions: 0->2(7)
[15.316s][info][gc,heap        ] GC(34) Old regions: 27->27
[15.316s][info][gc,heap        ] GC(34) Archive regions: 0->0
[15.316s][info][gc,heap        ] GC(34) Humongous regions: 0->0
[15.316s][info][gc,metaspace   ] GC(34) Metaspace: 14232K(15040K)->14232K(15040K) NonClass: 12293K(12864K)->12293K(12864K) Class: 1939K(2176K)->1939K(2176K)
[15.316s][info][gc             ] GC(34) Pause Young (Normal) (G1 Evacuation Pause) 59M->6M(90M) 1.860ms
[15.316s][info][gc,cpu         ] GC(34) User=0.00s Sys=0.00s Real=0.00s
[15.352s][info][gc,start       ] GC(35) Pause Young (Normal) (G1 Evacuation Pause)
[15.352s][info][gc,task        ] GC(35) Using 33 workers of 33 for evacuation
[15.354s][info][gc,phases      ] GC(35)   Pre Evacuate Collection Set: 0.1ms
[15.354s][info][gc,phases      ] GC(35)   Merge Heap Roots: 0.1ms
[15.354s][info][gc,phases      ] GC(35)   Evacuate Collection Set: 0.5ms
[15.354s][info][gc,phases      ] GC(35)   Post Evacuate Collection Set: 1.0ms
[15.354s][info][gc,phases      ] GC(35)   Other: 0.1ms
[15.354s][info][gc,heap        ] GC(35) Eden regions: 52->0(52)
[15.354s][info][gc,heap        ] GC(35) Survivor regions: 2->2(7)
[15.354s][info][gc,heap        ] GC(35) Old regions: 27->27
[15.354s][info][gc,heap        ] GC(35) Archive regions: 0->0
[15.354s][info][gc,heap        ] GC(35) Humongous regions: 0->0
[15.354s][info][gc,metaspace   ] GC(35) Metaspace: 14232K(15040K)->14232K(15040K) NonClass: 12293K(12864K)->12293K(12864K) Class: 1939K(2176K)->1939K(2176K)
[15.354s][info][gc             ] GC(35) Pause Young (Normal) (G1 Evacuation Pause) 58M->6M(90M) 1.987ms
[15.354s][info][gc,cpu         ] GC(35) User=0.00s Sys=0.00s Real=0.00s
[15.392s][info][gc,start       ] GC(36) Pause Young (Normal) (G1 Evacuation Pause)
[15.392s][info][gc,task        ] GC(36) Using 33 workers of 33 for evacuation
[15.394s][info][gc,phases      ] GC(36)   Pre Evacuate Collection Set: 0.1ms
[15.394s][info][gc,phases      ] GC(36)   Merge Heap Roots: 0.1ms
[15.394s][info][gc,phases      ] GC(36)   Evacuate Collection Set: 0.5ms
[15.394s][info][gc,phases      ] GC(36)   Post Evacuate Collection Set: 0.9ms
[15.394s][info][gc,phases      ] GC(36)   Other: 0.1ms
[15.394s][info][gc,heap        ] GC(36) Eden regions: 52->0(52)
[15.394s][info][gc,heap        ] GC(36) Survivor regions: 2->2(7)
[15.394s][info][gc,heap        ] GC(36) Old regions: 27->27
[15.394s][info][gc,heap        ] GC(36) Archive regions: 0->0
[15.394s][info][gc,heap        ] GC(36) Humongous regions: 0->0
[15.394s][info][gc,metaspace   ] GC(36) Metaspace: 14232K(15040K)->14232K(15040K) NonClass: 12293K(12864K)->12293K(12864K) Class: 1939K(2176K)->1939K(2176K)
[15.394s][info][gc             ] GC(36) Pause Young (Normal) (G1 Evacuation Pause) 58M->6M(90M) 1.926ms
[15.394s][info][gc,cpu         ] GC(36) User=0.00s Sys=0.00s Real=0.00s
[15.430s][info][gc,start       ] GC(37) Pause Young (Normal) (G1 Evacuation Pause)
[15.430s][info][gc,task        ] GC(37) Using 33 workers of 33 for evacuation
[15.436s][info][gc,phases      ] GC(37)   Pre Evacuate Collection Set: 0.1ms
[15.436s][info][gc,phases      ] GC(37)   Merge Heap Roots: 0.1ms
[15.436s][info][gc,phases      ] GC(37)   Evacuate Collection Set: 0.5ms
[15.436s][info][gc,phases      ] GC(37)   Post Evacuate Collection Set: 5.3ms
[15.436s][info][gc,phases      ] GC(37)   Other: 0.1ms
[15.436s][info][gc,heap        ] GC(37) Eden regions: 52->0(639)
[15.436s][info][gc,heap        ] GC(37) Survivor regions: 2->2(7)
[15.436s][info][gc,heap        ] GC(37) Old regions: 27->27
[15.436s][info][gc,heap        ] GC(37) Archive regions: 0->0
[15.436s][info][gc,heap        ] GC(37) Humongous regions: 0->0
[15.436s][info][gc,metaspace   ] GC(37) Metaspace: 14232K(15040K)->14232K(15040K) NonClass: 12293K(12864K)->12293K(12864K) Class: 1939K(2176K)->1939K(2176K)
[15.436s][info][gc             ] GC(37) Pause Young (Normal) (G1 Evacuation Pause) 58M->6M(1069M) 6.281ms
[15.436s][info][gc,cpu         ] GC(37) User=0.00s Sys=0.00s Real=0.01s
[15.885s][info][gc,start       ] GC(38) Pause Young (Normal) (G1 Evacuation Pause)
[15.885s][info][gc,task        ] GC(38) Using 33 workers of 33 for evacuation
[15.889s][info][gc,phases      ] GC(38)   Pre Evacuate Collection Set: 0.2ms
[15.889s][info][gc,phases      ] GC(38)   Merge Heap Roots: 0.2ms
[15.889s][info][gc,phases      ] GC(38)   Evacuate Collection Set: 2.0ms
[15.889s][info][gc,phases      ] GC(38)   Post Evacuate Collection Set: 1.6ms
[15.889s][info][gc,phases      ] GC(38)   Other: 0.1ms
[15.889s][info][gc,heap        ] GC(38) Eden regions: 639->0(639)
[15.889s][info][gc,heap        ] GC(38) Survivor regions: 2->2(81)
[15.889s][info][gc,heap        ] GC(38) Old regions: 27->27
[15.889s][info][gc,heap        ] GC(38) Archive regions: 0->0
[15.889s][info][gc,heap        ] GC(38) Humongous regions: 0->0
[15.889s][info][gc,metaspace   ] GC(38) Metaspace: 14232K(15040K)->14232K(15040K) NonClass: 12293K(12864K)->12293K(12864K) Class: 1939K(2176K)->1939K(2176K)
[15.889s][info][gc             ] GC(38) Pause Young (Normal) (G1 Evacuation Pause) 645M->6M(1069M) 4.258ms
[15.889s][info][gc,cpu         ] GC(38) User=0.00s Sys=0.00s Real=0.00s
[16.357s][info][gc,start       ] GC(39) Pause Young (Normal) (G1 Evacuation Pause)
[16.357s][info][gc,task        ] GC(39) Using 33 workers of 33 for evacuation
[16.361s][info][gc,phases      ] GC(39)   Pre Evacuate Collection Set: 0.2ms
[16.361s][info][gc,phases      ] GC(39)   Merge Heap Roots: 0.2ms
[16.361s][info][gc,phases      ] GC(39)   Evacuate Collection Set: 2.0ms
[16.361s][info][gc,phases      ] GC(39)   Post Evacuate Collection Set: 1.5ms
[16.361s][info][gc,phases      ] GC(39)   Other: 0.1ms
[16.361s][info][gc,heap        ] GC(39) Eden regions: 639->0(639)
[16.361s][info][gc,heap        ] GC(39) Survivor regions: 2->2(81)
[16.361s][info][gc,heap        ] GC(39) Old regions: 27->27
[16.361s][info][gc,heap        ] GC(39) Archive regions: 0->0
[16.362s][info][gc,heap        ] GC(39) Humongous regions: 0->0
[16.362s][info][gc,metaspace   ] GC(39) Metaspace: 14232K(15040K)->14232K(15040K) NonClass: 12293K(12864K)->12293K(12864K) Class: 1939K(2176K)->1939K(2176K)
[16.362s][info][gc             ] GC(39) Pause Young (Normal) (G1 Evacuation Pause) 645M->6M(1069M) 4.257ms
[16.362s][info][gc,cpu         ] GC(39) User=0.00s Sys=0.00s Real=0.00s
[16.819s][info][gc,start       ] GC(40) Pause Young (Normal) (G1 Evacuation Pause)
[16.819s][info][gc,task        ] GC(40) Using 33 workers of 33 for evacuation
[16.822s][info][gc,phases      ] GC(40)   Pre Evacuate Collection Set: 0.2ms
[16.822s][info][gc,phases      ] GC(40)   Merge Heap Roots: 0.2ms
[16.822s][info][gc,phases      ] GC(40)   Evacuate Collection Set: 0.5ms
[16.822s][info][gc,phases      ] GC(40)   Post Evacuate Collection Set: 1.7ms
[16.822s][info][gc,phases      ] GC(40)   Other: 0.1ms
[16.822s][info][gc,heap        ] GC(40) Eden regions: 639->0(639)
[16.822s][info][gc,heap        ] GC(40) Survivor regions: 2->2(81)
[16.822s][info][gc,heap        ] GC(40) Old regions: 27->27
[16.822s][info][gc,heap        ] GC(40) Archive regions: 0->0
[16.822s][info][gc,heap        ] GC(40) Humongous regions: 0->0
[16.822s][info][gc,metaspace   ] GC(40) Metaspace: 14232K(15040K)->14232K(15040K) NonClass: 12293K(12864K)->12293K(12864K) Class: 1939K(2176K)->1939K(2176K)
[16.822s][info][gc             ] GC(40) Pause Young (Normal) (G1 Evacuation Pause) 645M->6M(1069M) 2.916ms
[16.822s][info][gc,cpu         ] GC(40) User=0.02s Sys=0.00s Real=0.00s
[17.276s][info][gc,start       ] GC(41) Pause Young (Normal) (G1 Evacuation Pause)
[17.276s][info][gc,task        ] GC(41) Using 33 workers of 33 for evacuation
[17.279s][info][gc,phases      ] GC(41)   Pre Evacuate Collection Set: 0.2ms
[17.279s][info][gc,phases      ] GC(41)   Merge Heap Roots: 0.2ms
[17.279s][info][gc,phases      ] GC(41)   Evacuate Collection Set: 0.6ms
[17.279s][info][gc,phases      ] GC(41)   Post Evacuate Collection Set: 1.7ms
[17.279s][info][gc,phases      ] GC(41)   Other: 0.1ms
[17.279s][info][gc,heap        ] GC(41) Eden regions: 639->0(639)
[17.279s][info][gc,heap        ] GC(41) Survivor regions: 2->2(81)
[17.279s][info][gc,heap        ] GC(41) Old regions: 27->27
[17.279s][info][gc,heap        ] GC(41) Archive regions: 0->0
[17.279s][info][gc,heap        ] GC(41) Humongous regions: 0->0
[17.279s][info][gc,metaspace   ] GC(41) Metaspace: 14232K(15040K)->14232K(15040K) NonClass: 12293K(12864K)->12293K(12864K) Class: 1939K(2176K)->1939K(2176K)
[17.279s][info][gc             ] GC(41) Pause Young (Normal) (G1 Evacuation Pause) 645M->7M(1069M) 2.948ms
[17.279s][info][gc,cpu         ] GC(41) User=0.00s Sys=0.00s Real=0.00s
[17.731s][info][gc,start       ] GC(42) Pause Young (Normal) (G1 Evacuation Pause)
[17.732s][info][gc,task        ] GC(42) Using 33 workers of 33 for evacuation
[17.734s][info][gc,phases      ] GC(42)   Pre Evacuate Collection Set: 0.2ms
[17.734s][info][gc,phases      ] GC(42)   Merge Heap Roots: 0.2ms
[17.734s][info][gc,phases      ] GC(42)   Evacuate Collection Set: 0.5ms
[17.734s][info][gc,phases      ] GC(42)   Post Evacuate Collection Set: 1.8ms
[17.734s][info][gc,phases      ] GC(42)   Other: 0.1ms
[17.734s][info][gc,heap        ] GC(42) Eden regions: 639->0(639)
[17.734s][info][gc,heap        ] GC(42) Survivor regions: 2->2(81)
[17.734s][info][gc,heap        ] GC(42) Old regions: 27->27
[17.734s][info][gc,heap        ] GC(42) Archive regions: 0->0
[17.734s][info][gc,heap        ] GC(42) Humongous regions: 0->0
[17.734s][info][gc,metaspace   ] GC(42) Metaspace: 14232K(15040K)->14232K(15040K) NonClass: 12293K(12864K)->12293K(12864K) Class: 1939K(2176K)->1939K(2176K)
[17.734s][info][gc             ] GC(42) Pause Young (Normal) (G1 Evacuation Pause) 646M->7M(1069M) 2.967ms
[17.734s][info][gc,cpu         ] GC(42) User=0.00s Sys=0.00s Real=0.00s
[18.184s][info][gc,start       ] GC(43) Pause Young (Normal) (G1 Evacuation Pause)
[18.184s][info][gc,task        ] GC(43) Using 33 workers of 33 for evacuation
[18.187s][info][gc,phases      ] GC(43)   Pre Evacuate Collection Set: 0.2ms
[18.187s][info][gc,phases      ] GC(43)   Merge Heap Roots: 0.2ms
[18.187s][info][gc,phases      ] GC(43)   Evacuate Collection Set: 0.5ms
[18.187s][info][gc,phases      ] GC(43)   Post Evacuate Collection Set: 1.9ms
[18.187s][info][gc,phases      ] GC(43)   Other: 0.1ms
[18.187s][info][gc,heap        ] GC(43) Eden regions: 639->0(639)
[18.187s][info][gc,heap        ] GC(43) Survivor regions: 2->2(81)
[18.187s][info][gc,heap        ] GC(43) Old regions: 27->27
[18.187s][info][gc,heap        ] GC(43) Archive regions: 0->0
[18.187s][info][gc,heap        ] GC(43) Humongous regions: 0->0
[18.187s][info][gc,metaspace   ] GC(43) Metaspace: 14232K(15040K)->14232K(15040K) NonClass: 12293K(12864K)->12293K(12864K) Class: 1939K(2176K)->1939K(2176K)
[18.187s][info][gc             ] GC(43) Pause Young (Normal) (G1 Evacuation Pause) 646M->7M(1069M) 3.147ms
[18.187s][info][gc,cpu         ] GC(43) User=0.00s Sys=0.00s Real=0.00s
[18.640s][info][gc,start       ] GC(44) Pause Young (Normal) (G1 Evacuation Pause)
[18.640s][info][gc,task        ] GC(44) Using 33 workers of 33 for evacuation
[18.643s][info][gc,phases      ] GC(44)   Pre Evacuate Collection Set: 0.2ms
[18.643s][info][gc,phases      ] GC(44)   Merge Heap Roots: 0.2ms
[18.643s][info][gc,phases      ] GC(44)   Evacuate Collection Set: 0.6ms
[18.643s][info][gc,phases      ] GC(44)   Post Evacuate Collection Set: 2.0ms
[18.643s][info][gc,phases      ] GC(44)   Other: 0.1ms
[18.643s][info][gc,heap        ] GC(44) Eden regions: 639->0(639)
[18.643s][info][gc,heap        ] GC(44) Survivor regions: 2->2(81)
[18.643s][info][gc,heap        ] GC(44) Old regions: 27->27
[18.643s][info][gc,heap        ] GC(44) Archive regions: 0->0
[18.643s][info][gc,heap        ] GC(44) Humongous regions: 0->0
[18.643s][info][gc,metaspace   ] GC(44) Metaspace: 14232K(15040K)->14232K(15040K) NonClass: 12293K(12864K)->12293K(12864K) Class: 1939K(2176K)->1939K(2176K)
[18.643s][info][gc             ] GC(44) Pause Young (Normal) (G1 Evacuation Pause) 646M->7M(1069M) 3.282ms
[18.643s][info][gc,cpu         ] GC(44) User=0.00s Sys=0.00s Real=0.00s
[19.119s][info][gc,start       ] GC(45) Pause Young (Normal) (G1 Evacuation Pause)
[19.119s][info][gc,task        ] GC(45) Using 33 workers of 33 for evacuation
[19.123s][info][gc,phases      ] GC(45)   Pre Evacuate Collection Set: 0.2ms
[19.123s][info][gc,phases      ] GC(45)   Merge Heap Roots: 0.2ms
[19.123s][info][gc,phases      ] GC(45)   Evacuate Collection Set: 0.7ms
[19.123s][info][gc,phases      ] GC(45)   Post Evacuate Collection Set: 2.3ms
[19.123s][info][gc,phases      ] GC(45)   Other: 0.2ms
[19.123s][info][gc,heap        ] GC(45) Eden regions: 639->0(638)
[19.123s][info][gc,heap        ] GC(45) Survivor regions: 2->3(81)
[19.123s][info][gc,heap        ] GC(45) Old regions: 27->27
[19.123s][info][gc,heap        ] GC(45) Archive regions: 0->0
[19.123s][info][gc,heap        ] GC(45) Humongous regions: 0->0
[19.123s][info][gc,metaspace   ] GC(45) Metaspace: 14232K(15040K)->14232K(15040K) NonClass: 12293K(12864K)->12293K(12864K) Class: 1939K(2176K)->1939K(2176K)
[19.123s][info][gc             ] GC(45) Pause Young (Normal) (G1 Evacuation Pause) 646M->7M(1069M) 3.927ms
[19.123s][info][gc,cpu         ] GC(45) User=0.00s Sys=0.00s Real=0.00s
[19.591s][info][gc,start       ] GC(46) Pause Young (Normal) (G1 Evacuation Pause)
[19.591s][info][gc,task        ] GC(46) Using 33 workers of 33 for evacuation
[19.594s][info][gc,phases      ] GC(46)   Pre Evacuate Collection Set: 0.2ms
[19.594s][info][gc,phases      ] GC(46)   Merge Heap Roots: 0.2ms
[19.594s][info][gc,phases      ] GC(46)   Evacuate Collection Set: 0.7ms
[19.594s][info][gc,phases      ] GC(46)   Post Evacuate Collection Set: 1.7ms
[19.594s][info][gc,phases      ] GC(46)   Other: 0.1ms
[19.594s][info][gc,heap        ] GC(46) Eden regions: 638->0(638)
[19.594s][info][gc,heap        ] GC(46) Survivor regions: 3->3(81)
[19.594s][info][gc,heap        ] GC(46) Old regions: 27->27
[19.594s][info][gc,heap        ] GC(46) Archive regions: 0->0
[19.594s][info][gc,heap        ] GC(46) Humongous regions: 0->0
[19.594s][info][gc,metaspace   ] GC(46) Metaspace: 14232K(15040K)->14232K(15040K) NonClass: 12293K(12864K)->12293K(12864K) Class: 1939K(2176K)->1939K(2176K)
[19.594s][info][gc             ] GC(46) Pause Young (Normal) (G1 Evacuation Pause) 645M->7M(1069M) 3.091ms
[19.594s][info][gc,cpu         ] GC(46) User=0.00s Sys=0.00s Real=0.00s
[20.041s][info][gc,start       ] GC(47) Pause Young (Normal) (G1 Evacuation Pause)
[20.041s][info][gc,task        ] GC(47) Using 33 workers of 33 for evacuation
[20.044s][info][gc,phases      ] GC(47)   Pre Evacuate Collection Set: 0.2ms
[20.044s][info][gc,phases      ] GC(47)   Merge Heap Roots: 0.2ms
[20.044s][info][gc,phases      ] GC(47)   Evacuate Collection Set: 0.6ms
[20.044s][info][gc,phases      ] GC(47)   Post Evacuate Collection Set: 1.9ms
[20.044s][info][gc,phases      ] GC(47)   Other: 0.1ms
[20.044s][info][gc,heap        ] GC(47) Eden regions: 638->0(638)
[20.044s][info][gc,heap        ] GC(47) Survivor regions: 3->3(81)
[20.044s][info][gc,heap        ] GC(47) Old regions: 27->27
[20.044s][info][gc,heap        ] GC(47) Archive regions: 0->0
[20.044s][info][gc,heap        ] GC(47) Humongous regions: 0->0
[20.044s][info][gc,metaspace   ] GC(47) Metaspace: 14232K(15040K)->14232K(15040K) NonClass: 12293K(12864K)->12293K(12864K) Class: 1939K(2176K)->1939K(2176K)
[20.044s][info][gc             ] GC(47) Pause Young (Normal) (G1 Evacuation Pause) 645M->7M(1069M) 3.150ms
[20.044s][info][gc,cpu         ] GC(47) User=0.00s Sys=0.00s Real=0.00s
[20.515s][info][gc,start       ] GC(48) Pause Young (Normal) (G1 Evacuation Pause)
[20.515s][info][gc,task        ] GC(48) Using 33 workers of 33 for evacuation
[20.517s][info][gc,phases      ] GC(48)   Pre Evacuate Collection Set: 0.2ms
[20.517s][info][gc,phases      ] GC(48)   Merge Heap Roots: 0.2ms
[20.517s][info][gc,phases      ] GC(48)   Evacuate Collection Set: 0.5ms
[20.517s][info][gc,phases      ] GC(48)   Post Evacuate Collection Set: 1.7ms
[20.518s][info][gc,phases      ] GC(48)   Other: 0.1ms
[20.518s][info][gc,heap        ] GC(48) Eden regions: 638->0(638)
[20.518s][info][gc,heap        ] GC(48) Survivor regions: 3->3(81)
[20.518s][info][gc,heap        ] GC(48) Old regions: 27->27
[20.518s][info][gc,heap        ] GC(48) Archive regions: 0->0
[20.518s][info][gc,heap        ] GC(48) Humongous regions: 0->0
[20.518s][info][gc,metaspace   ] GC(48) Metaspace: 14232K(15040K)->14232K(15040K) NonClass: 12293K(12864K)->12293K(12864K) Class: 1939K(2176K)->1939K(2176K)
[20.518s][info][gc             ] GC(48) Pause Young (Normal) (G1 Evacuation Pause) 645M->7M(1069M) 2.892ms
[20.518s][info][gc,cpu         ] GC(48) User=0.00s Sys=0.00s Real=0.00s
[20.963s][info][gc,start       ] GC(49) Pause Young (Normal) (G1 Evacuation Pause)
[20.963s][info][gc,task        ] GC(49) Using 33 workers of 33 for evacuation
[20.966s][info][gc,phases      ] GC(49)   Pre Evacuate Collection Set: 0.2ms
[20.966s][info][gc,phases      ] GC(49)   Merge Heap Roots: 0.2ms
[20.966s][info][gc,phases      ] GC(49)   Evacuate Collection Set: 0.5ms
[20.966s][info][gc,phases      ] GC(49)   Post Evacuate Collection Set: 1.9ms
[20.966s][info][gc,phases      ] GC(49)   Other: 0.1ms
[20.966s][info][gc,heap        ] GC(49) Eden regions: 638->0(640)
[20.966s][info][gc,heap        ] GC(49) Survivor regions: 3->1(81)
[20.966s][info][gc,heap        ] GC(49) Old regions: 27->29
[20.966s][info][gc,heap        ] GC(49) Archive regions: 0->0
[20.966s][info][gc,heap        ] GC(49) Humongous regions: 0->0
[20.966s][info][gc,metaspace   ] GC(49) Metaspace: 14232K(15040K)->14232K(15040K) NonClass: 12293K(12864K)->12293K(12864K) Class: 1939K(2176K)->1939K(2176K)
[20.966s][info][gc             ] GC(49) Pause Young (Normal) (G1 Evacuation Pause) 645M->7M(1069M) 3.181ms
[20.966s][info][gc,cpu         ] GC(49) User=0.00s Sys=0.00s Real=0.00s
[21.430s][info][gc,start       ] GC(50) Pause Young (Normal) (G1 Evacuation Pause)
[21.430s][info][gc,task        ] GC(50) Using 33 workers of 33 for evacuation
[21.433s][info][gc,phases      ] GC(50)   Pre Evacuate Collection Set: 0.2ms
[21.433s][info][gc,phases      ] GC(50)   Merge Heap Roots: 0.2ms
[21.433s][info][gc,phases      ] GC(50)   Evacuate Collection Set: 0.4ms
[21.433s][info][gc,phases      ] GC(50)   Post Evacuate Collection Set: 2.0ms
[21.433s][info][gc,phases      ] GC(50)   Other: 0.1ms
[21.433s][info][gc,heap        ] GC(50) Eden regions: 640->0(640)
[21.433s][info][gc,heap        ] GC(50) Survivor regions: 1->1(81)
[21.433s][info][gc,heap        ] GC(50) Old regions: 29->29
[21.433s][info][gc,heap        ] GC(50) Archive regions: 0->0
[21.433s][info][gc,heap        ] GC(50) Humongous regions: 0->0
[21.433s][info][gc,metaspace   ] GC(50) Metaspace: 14232K(15040K)->14232K(15040K) NonClass: 12293K(12864K)->12293K(12864K) Class: 1939K(2176K)->1939K(2176K)
[21.433s][info][gc             ] GC(50) Pause Young (Normal) (G1 Evacuation Pause) 647M->7M(1069M) 3.107ms
[21.433s][info][gc,cpu         ] GC(50) User=0.00s Sys=0.00s Real=0.00s
[21.896s][info][gc,start       ] GC(51) Pause Young (Normal) (G1 Evacuation Pause)
[21.896s][info][gc,task        ] GC(51) Using 33 workers of 33 for evacuation
[21.899s][info][gc,phases      ] GC(51)   Pre Evacuate Collection Set: 0.2ms
[21.899s][info][gc,phases      ] GC(51)   Merge Heap Roots: 0.2ms
[21.899s][info][gc,phases      ] GC(51)   Evacuate Collection Set: 0.4ms
[21.899s][info][gc,phases      ] GC(51)   Post Evacuate Collection Set: 2.0ms
[21.899s][info][gc,phases      ] GC(51)   Other: 0.1ms
[21.899s][info][gc,heap        ] GC(51) Eden regions: 640->0(639)
[21.899s][info][gc,heap        ] GC(51) Survivor regions: 1->2(81)
[21.899s][info][gc,heap        ] GC(51) Old regions: 29->29
[21.899s][info][gc,heap        ] GC(51) Archive regions: 0->0
[21.899s][info][gc,heap        ] GC(51) Humongous regions: 0->0
[21.899s][info][gc,metaspace   ] GC(51) Metaspace: 14232K(15040K)->14232K(15040K) NonClass: 12293K(12864K)->12293K(12864K) Class: 1939K(2176K)->1939K(2176K)
[21.899s][info][gc             ] GC(51) Pause Young (Normal) (G1 Evacuation Pause) 647M->7M(1069M) 3.154ms
[21.899s][info][gc,cpu         ] GC(51) User=0.00s Sys=0.00s Real=0.00s
[22.362s][info][gc,start       ] GC(52) Pause Young (Normal) (G1 Evacuation Pause)
[22.362s][info][gc,task        ] GC(52) Using 33 workers of 33 for evacuation
[22.365s][info][gc,phases      ] GC(52)   Pre Evacuate Collection Set: 0.2ms
[22.365s][info][gc,phases      ] GC(52)   Merge Heap Roots: 0.2ms
[22.365s][info][gc,phases      ] GC(52)   Evacuate Collection Set: 0.4ms
[22.365s][info][gc,phases      ] GC(52)   Post Evacuate Collection Set: 2.1ms
[22.365s][info][gc,phases      ] GC(52)   Other: 0.1ms
[22.365s][info][gc,heap        ] GC(52) Eden regions: 639->0(639)
[22.365s][info][gc,heap        ] GC(52) Survivor regions: 2->2(81)
[22.365s][info][gc,heap        ] GC(52) Old regions: 29->29
[22.365s][info][gc,heap        ] GC(52) Archive regions: 0->0
[22.365s][info][gc,heap        ] GC(52) Humongous regions: 0->0
[22.365s][info][gc,metaspace   ] GC(52) Metaspace: 14232K(15040K)->14232K(15040K) NonClass: 12293K(12864K)->12293K(12864K) Class: 1939K(2176K)->1939K(2176K)
[22.365s][info][gc             ] GC(52) Pause Young (Normal) (G1 Evacuation Pause) 646M->7M(1069M) 3.248ms
[22.365s][info][gc,cpu         ] GC(52) User=0.00s Sys=0.00s Real=0.00s
[22.827s][info][gc,start       ] GC(53) Pause Young (Normal) (G1 Evacuation Pause)
[22.827s][info][gc,task        ] GC(53) Using 33 workers of 33 for evacuation
[22.830s][info][gc,phases      ] GC(53)   Pre Evacuate Collection Set: 0.2ms
[22.830s][info][gc,phases      ] GC(53)   Merge Heap Roots: 0.2ms
[22.830s][info][gc,phases      ] GC(53)   Evacuate Collection Set: 0.4ms
[22.830s][info][gc,phases      ] GC(53)   Post Evacuate Collection Set: 2.2ms
[22.830s][info][gc,phases      ] GC(53)   Other: 0.1ms
[22.830s][info][gc,heap        ] GC(53) Eden regions: 639->0(639)
[22.830s][info][gc,heap        ] GC(53) Survivor regions: 2->2(81)
[22.830s][info][gc,heap        ] GC(53) Old regions: 29->29
[22.830s][info][gc,heap        ] GC(53) Archive regions: 0->0
[22.830s][info][gc,heap        ] GC(53) Humongous regions: 0->0
[22.830s][info][gc,metaspace   ] GC(53) Metaspace: 14232K(15040K)->14232K(15040K) NonClass: 12293K(12864K)->12293K(12864K) Class: 1939K(2176K)->1939K(2176K)
[22.830s][info][gc             ] GC(53) Pause Young (Normal) (G1 Evacuation Pause) 646M->7M(1069M) 3.345ms
[22.830s][info][gc,cpu         ] GC(53) User=0.00s Sys=0.00s Real=0.00s
[23.297s][info][gc,start       ] GC(54) Pause Young (Normal) (G1 Evacuation Pause)
[23.297s][info][gc,task        ] GC(54) Using 33 workers of 33 for evacuation
[23.300s][info][gc,phases      ] GC(54)   Pre Evacuate Collection Set: 0.2ms
[23.300s][info][gc,phases      ] GC(54)   Merge Heap Roots: 0.2ms
[23.300s][info][gc,phases      ] GC(54)   Evacuate Collection Set: 0.5ms
[23.300s][info][gc,phases      ] GC(54)   Post Evacuate Collection Set: 2.0ms
[23.300s][info][gc,phases      ] GC(54)   Other: 0.1ms
[23.300s][info][gc,heap        ] GC(54) Eden regions: 639->0(639)
[23.300s][info][gc,heap        ] GC(54) Survivor regions: 2->2(81)
[23.300s][info][gc,heap        ] GC(54) Old regions: 29->29
[23.300s][info][gc,heap        ] GC(54) Archive regions: 0->0
[23.300s][info][gc,heap        ] GC(54) Humongous regions: 0->0
[23.300s][info][gc,metaspace   ] GC(54) Metaspace: 14232K(15040K)->14232K(15040K) NonClass: 12293K(12864K)->12293K(12864K) Class: 1939K(2176K)->1939K(2176K)
[23.300s][info][gc             ] GC(54) Pause Young (Normal) (G1 Evacuation Pause) 646M->7M(1069M) 3.217ms
[23.300s][info][gc,cpu         ] GC(54) User=0.00s Sys=0.00s Real=0.00s
[23.769s][info][gc,start       ] GC(55) Pause Young (Normal) (G1 Evacuation Pause)
[23.769s][info][gc,task        ] GC(55) Using 33 workers of 33 for evacuation
[23.772s][info][gc,phases      ] GC(55)   Pre Evacuate Collection Set: 0.2ms
[23.772s][info][gc,phases      ] GC(55)   Merge Heap Roots: 0.2ms
[23.772s][info][gc,phases      ] GC(55)   Evacuate Collection Set: 0.4ms
[23.772s][info][gc,phases      ] GC(55)   Post Evacuate Collection Set: 2.0ms
[23.772s][info][gc,phases      ] GC(55)   Other: 0.1ms
[23.772s][info][gc,heap        ] GC(55) Eden regions: 639->0(639)
[23.772s][info][gc,heap        ] GC(55) Survivor regions: 2->2(81)
[23.772s][info][gc,heap        ] GC(55) Old regions: 29->29
[23.772s][info][gc,heap        ] GC(55) Archive regions: 0->0
[23.772s][info][gc,heap        ] GC(55) Humongous regions: 0->0
[23.772s][info][gc,metaspace   ] GC(55) Metaspace: 14232K(15040K)->14232K(15040K) NonClass: 12293K(12864K)->12293K(12864K) Class: 1939K(2176K)->1939K(2176K)
[23.772s][info][gc             ] GC(55) Pause Young (Normal) (G1 Evacuation Pause) 646M->8M(1069M) 3.041ms
[23.772s][info][gc,cpu         ] GC(55) User=0.00s Sys=0.00s Real=0.00s
[24.250s][info][gc,start       ] GC(56) Pause Young (Normal) (G1 Evacuation Pause)
[24.250s][info][gc,task        ] GC(56) Using 33 workers of 33 for evacuation
[24.253s][info][gc,phases      ] GC(56)   Pre Evacuate Collection Set: 0.2ms
[24.253s][info][gc,phases      ] GC(56)   Merge Heap Roots: 0.2ms
[24.253s][info][gc,phases      ] GC(56)   Evacuate Collection Set: 0.4ms
[24.253s][info][gc,phases      ] GC(56)   Post Evacuate Collection Set: 1.8ms
[24.253s][info][gc,phases      ] GC(56)   Other: 0.1ms
[24.253s][info][gc,heap        ] GC(56) Eden regions: 639->0(639)
[24.253s][info][gc,heap        ] GC(56) Survivor regions: 2->2(81)
[24.253s][info][gc,heap        ] GC(56) Old regions: 29->29
[24.253s][info][gc,heap        ] GC(56) Archive regions: 0->0
[24.253s][info][gc,heap        ] GC(56) Humongous regions: 0->0
[24.253s][info][gc,metaspace   ] GC(56) Metaspace: 14232K(15040K)->14232K(15040K) NonClass: 12293K(12864K)->12293K(12864K) Class: 1939K(2176K)->1939K(2176K)
[24.253s][info][gc             ] GC(56) Pause Young (Normal) (G1 Evacuation Pause) 647M->8M(1069M) 2.979ms
[24.253s][info][gc,cpu         ] GC(56) User=0.00s Sys=0.00s Real=0.00s
[24.718s][info][gc,start       ] GC(57) Pause Young (Normal) (G1 Evacuation Pause)
[24.718s][info][gc,task        ] GC(57) Using 33 workers of 33 for evacuation
[24.720s][info][gc,phases      ] GC(57)   Pre Evacuate Collection Set: 0.2ms
[24.721s][info][gc,phases      ] GC(57)   Merge Heap Roots: 0.2ms
[24.721s][info][gc,phases      ] GC(57)   Evacuate Collection Set: 0.4ms
[24.721s][info][gc,phases      ] GC(57)   Post Evacuate Collection Set: 2.0ms
[24.721s][info][gc,phases      ] GC(57)   Other: 0.1ms
[24.721s][info][gc,heap        ] GC(57) Eden regions: 639->0(639)
[24.721s][info][gc,heap        ] GC(57) Survivor regions: 2->2(81)
[24.721s][info][gc,heap        ] GC(57) Old regions: 29->29
[24.721s][info][gc,heap        ] GC(57) Archive regions: 0->0
[24.721s][info][gc,heap        ] GC(57) Humongous regions: 0->0
[24.721s][info][gc,metaspace   ] GC(57) Metaspace: 14232K(15040K)->14232K(15040K) NonClass: 12293K(12864K)->12293K(12864K) Class: 1939K(2176K)->1939K(2176K)
[24.721s][info][gc             ] GC(57) Pause Young (Normal) (G1 Evacuation Pause) 647M->8M(1069M) 3.110ms
[24.721s][info][gc,cpu         ] GC(57) User=0.00s Sys=0.00s Real=0.00s
[25.181s][info][gc,start       ] GC(58) Pause Young (Normal) (G1 Evacuation Pause)
[25.182s][info][gc,task        ] GC(58) Using 33 workers of 33 for evacuation
[25.185s][info][gc,phases      ] GC(58)   Pre Evacuate Collection Set: 0.2ms
[25.185s][info][gc,phases      ] GC(58)   Merge Heap Roots: 0.2ms
[25.185s][info][gc,phases      ] GC(58)   Evacuate Collection Set: 0.4ms
[25.185s][info][gc,phases      ] GC(58)   Post Evacuate Collection Set: 2.1ms
[25.185s][info][gc,phases      ] GC(58)   Other: 0.1ms
[25.185s][info][gc,heap        ] GC(58) Eden regions: 639->0(639)
[25.185s][info][gc,heap        ] GC(58) Survivor regions: 2->2(81)
[25.185s][info][gc,heap        ] GC(58) Old regions: 29->29
[25.185s][info][gc,heap        ] GC(58) Archive regions: 0->0
[25.185s][info][gc,heap        ] GC(58) Humongous regions: 0->0
[25.185s][info][gc,metaspace   ] GC(58) Metaspace: 14232K(15040K)->14232K(15040K) NonClass: 12293K(12864K)->12293K(12864K) Class: 1939K(2176K)->1939K(2176K)
[25.185s][info][gc             ] GC(58) Pause Young (Normal) (G1 Evacuation Pause) 647M->8M(1069M) 3.250ms
[25.185s][info][gc,cpu         ] GC(58) User=0.00s Sys=0.00s Real=0.00s
[25.646s][info][gc,start       ] GC(59) Pause Young (Normal) (G1 Evacuation Pause)
[25.646s][info][gc,task        ] GC(59) Using 33 workers of 33 for evacuation
[25.649s][info][gc,phases      ] GC(59)   Pre Evacuate Collection Set: 0.2ms
[25.649s][info][gc,phases      ] GC(59)   Merge Heap Roots: 0.2ms
[25.649s][info][gc,phases      ] GC(59)   Evacuate Collection Set: 0.4ms
[25.649s][info][gc,phases      ] GC(59)   Post Evacuate Collection Set: 2.2ms
[25.649s][info][gc,phases      ] GC(59)   Other: 0.1ms
[25.649s][info][gc,heap        ] GC(59) Eden regions: 639->0(639)
[25.649s][info][gc,heap        ] GC(59) Survivor regions: 2->2(81)
[25.649s][info][gc,heap        ] GC(59) Old regions: 29->30
[25.649s][info][gc,heap        ] GC(59) Archive regions: 0->0
[25.649s][info][gc,heap        ] GC(59) Humongous regions: 0->0
[25.649s][info][gc,metaspace   ] GC(59) Metaspace: 14232K(15040K)->14232K(15040K) NonClass: 12293K(12864K)->12293K(12864K) Class: 1939K(2176K)->1939K(2176K)
[25.649s][info][gc             ] GC(59) Pause Young (Normal) (G1 Evacuation Pause) 647M->8M(1069M) 3.342ms
[25.649s][info][gc,cpu         ] GC(59) User=0.52s Sys=0.00s Real=0.00s
[26.064s][info][gc,start       ] GC(60) Pause Young (Normal) (G1 Evacuation Pause)
[26.064s][info][gc,task        ] GC(60) Using 33 workers of 33 for evacuation
[26.067s][info][gc,phases      ] GC(60)   Pre Evacuate Collection Set: 0.2ms
[26.067s][info][gc,phases      ] GC(60)   Merge Heap Roots: 0.2ms
[26.067s][info][gc,phases      ] GC(60)   Evacuate Collection Set: 0.4ms
[26.067s][info][gc,phases      ] GC(60)   Post Evacuate Collection Set: 2.5ms
[26.067s][info][gc,phases      ] GC(60)   Other: 0.1ms
[26.067s][info][gc,heap        ] GC(60) Eden regions: 639->0(639)
[26.067s][info][gc,heap        ] GC(60) Survivor regions: 2->2(81)
[26.067s][info][gc,heap        ] GC(60) Old regions: 30->30
[26.067s][info][gc,heap        ] GC(60) Archive regions: 0->0
[26.067s][info][gc,heap        ] GC(60) Humongous regions: 0->0
[26.067s][info][gc,metaspace   ] GC(60) Metaspace: 14232K(15040K)->14232K(15040K) NonClass: 12293K(12864K)->12293K(12864K) Class: 1939K(2176K)->1939K(2176K)
[26.067s][info][gc             ] GC(60) Pause Young (Normal) (G1 Evacuation Pause) 647M->8M(1069M) 3.685ms
[26.067s][info][gc,cpu         ] GC(60) User=0.00s Sys=0.00s Real=0.00s
[26.389s][info][gc,start       ] GC(61) Pause Full (System.gc())
[26.389s][info][gc,task        ] GC(61) Using 29 workers of 33 for full compaction
[26.390s][info][gc,phases,start] GC(61) Phase 1: Mark live objects
[26.403s][info][gc,phases      ] GC(61) Phase 1: Mark live objects 12.661ms
[26.403s][info][gc,phases,start] GC(61) Phase 2: Prepare compaction
[26.406s][info][gc,phases      ] GC(61) Phase 2: Prepare compaction 2.548ms
[26.406s][info][gc,phases,start] GC(61) Phase 3: Adjust pointers
[26.411s][info][gc,phases      ] GC(61) Phase 3: Adjust pointers 5.431ms
[26.411s][info][gc,phases,start] GC(61) Phase 4: Compact heap
[26.412s][info][gc,phases      ] GC(61) Phase 4: Compact heap 0.756ms
[26.422s][info][gc,heap        ] GC(61) Eden regions: 416->0(56)
[26.422s][info][gc,heap        ] GC(61) Survivor regions: 2->0(81)
[26.422s][info][gc,heap        ] GC(61) Old regions: 30->28
[26.422s][info][gc,heap        ] GC(61) Archive regions: 0->0
[26.422s][info][gc,heap        ] GC(61) Humongous regions: 0->0
[26.422s][info][gc,metaspace   ] GC(61) Metaspace: 14232K(15040K)->14232K(15040K) NonClass: 12293K(12864K)->12293K(12864K) Class: 1939K(2176K)->1939K(2176K)
[26.422s][info][gc             ] GC(61) Pause Full (System.gc()) 424M->5M(94M) 33.366ms
[26.422s][info][gc,cpu         ] GC(61) User=0.02s Sys=0.02s Real=0.03s
[26.473s][info][gc,start       ] GC(62) Pause Young (Normal) (G1 Evacuation Pause)
[26.473s][info][gc,task        ] GC(62) Using 33 workers of 33 for evacuation
[26.475s][info][gc,phases      ] GC(62)   Pre Evacuate Collection Set: 0.1ms
[26.475s][info][gc,phases      ] GC(62)   Merge Heap Roots: 0.1ms
[26.475s][info][gc,phases      ] GC(62)   Evacuate Collection Set: 0.5ms
[26.475s][info][gc,phases      ] GC(62)   Post Evacuate Collection Set: 1.5ms
[26.475s][info][gc,phases      ] GC(62)   Other: 0.1ms
[26.475s][info][gc,heap        ] GC(62) Eden regions: 56->0(54)
[26.475s][info][gc,heap        ] GC(62) Survivor regions: 0->2(7)
[26.475s][info][gc,heap        ] GC(62) Old regions: 28->28
[26.475s][info][gc,heap        ] GC(62) Archive regions: 0->0
[26.475s][info][gc,heap        ] GC(62) Humongous regions: 0->0
[26.475s][info][gc,metaspace   ] GC(62) Metaspace: 14236K(15040K)->14236K(15040K) NonClass: 12296K(12864K)->12296K(12864K) Class: 1939K(2176K)->1939K(2176K)
[26.475s][info][gc             ] GC(62) Pause Young (Normal) (G1 Evacuation Pause) 61M->6M(94M) 2.445ms
[26.475s][info][gc,cpu         ] GC(62) User=0.00s Sys=0.02s Real=0.00s
[26.513s][info][gc,start       ] GC(63) Pause Young (Normal) (G1 Evacuation Pause)
[26.514s][info][gc,task        ] GC(63) Using 33 workers of 33 for evacuation
[26.516s][info][gc,phases      ] GC(63)   Pre Evacuate Collection Set: 0.1ms
[26.516s][info][gc,phases      ] GC(63)   Merge Heap Roots: 0.1ms
[26.516s][info][gc,phases      ] GC(63)   Evacuate Collection Set: 0.4ms
[26.516s][info][gc,phases      ] GC(63)   Post Evacuate Collection Set: 1.4ms
[26.516s][info][gc,phases      ] GC(63)   Other: 0.1ms
[26.516s][info][gc,heap        ] GC(63) Eden regions: 54->0(54)
[26.516s][info][gc,heap        ] GC(63) Survivor regions: 2->2(7)
[26.516s][info][gc,heap        ] GC(63) Old regions: 28->28
[26.516s][info][gc,heap        ] GC(63) Archive regions: 0->0
[26.516s][info][gc,heap        ] GC(63) Humongous regions: 0->0
[26.516s][info][gc,metaspace   ] GC(63) Metaspace: 14236K(15040K)->14236K(15040K) NonClass: 12296K(12864K)->12296K(12864K) Class: 1939K(2176K)->1939K(2176K)
[26.516s][info][gc             ] GC(63) Pause Young (Normal) (G1 Evacuation Pause) 60M->6M(94M) 2.311ms
[26.516s][info][gc,cpu         ] GC(63) User=0.00s Sys=0.00s Real=0.00s
[26.554s][info][gc,start       ] GC(64) Pause Young (Normal) (G1 Evacuation Pause)
[26.554s][info][gc,task        ] GC(64) Using 33 workers of 33 for evacuation
[26.556s][info][gc,phases      ] GC(64)   Pre Evacuate Collection Set: 0.1ms
[26.556s][info][gc,phases      ] GC(64)   Merge Heap Roots: 0.1ms
[26.556s][info][gc,phases      ] GC(64)   Evacuate Collection Set: 0.5ms
[26.556s][info][gc,phases      ] GC(64)   Post Evacuate Collection Set: 1.4ms
[26.556s][info][gc,phases      ] GC(64)   Other: 0.1ms
[26.556s][info][gc,heap        ] GC(64) Eden regions: 54->0(54)
[26.556s][info][gc,heap        ] GC(64) Survivor regions: 2->2(7)
[26.556s][info][gc,heap        ] GC(64) Old regions: 28->28
[26.556s][info][gc,heap        ] GC(64) Archive regions: 0->0
[26.556s][info][gc,heap        ] GC(64) Humongous regions: 0->0
[26.556s][info][gc,metaspace   ] GC(64) Metaspace: 14236K(15040K)->14236K(15040K) NonClass: 12296K(12864K)->12296K(12864K) Class: 1939K(2176K)->1939K(2176K)
[26.556s][info][gc             ] GC(64) Pause Young (Normal) (G1 Evacuation Pause) 60M->6M(94M) 2.402ms
[26.556s][info][gc,cpu         ] GC(64) User=0.00s Sys=0.00s Real=0.00s
[26.622s][info][gc,start       ] GC(65) Pause Young (Normal) (G1 Evacuation Pause)
[26.622s][info][gc,task        ] GC(65) Using 33 workers of 33 for evacuation
[26.632s][info][gc,phases      ] GC(65)   Pre Evacuate Collection Set: 0.1ms
[26.632s][info][gc,phases      ] GC(65)   Merge Heap Roots: 0.1ms
[26.632s][info][gc,phases      ] GC(65)   Evacuate Collection Set: 0.5ms
[26.632s][info][gc,phases      ] GC(65)   Post Evacuate Collection Set: 9.6ms
[26.632s][info][gc,phases      ] GC(65)   Other: 0.1ms
[26.632s][info][gc,heap        ] GC(65) Eden regions: 54->0(640)
[26.632s][info][gc,heap        ] GC(65) Survivor regions: 2->2(7)
[26.632s][info][gc,heap        ] GC(65) Old regions: 28->28
[26.632s][info][gc,heap        ] GC(65) Archive regions: 0->0
[26.632s][info][gc,heap        ] GC(65) Humongous regions: 0->0
[26.632s][info][gc,metaspace   ] GC(65) Metaspace: 14236K(15040K)->14236K(15040K) NonClass: 12296K(12864K)->12296K(12864K) Class: 1939K(2176K)->1939K(2176K)
[26.633s][info][gc             ] GC(65) Pause Young (Normal) (G1 Evacuation Pause) 60M->6M(1071M) 10.939ms
[26.633s][info][gc,cpu         ] GC(65) User=0.00s Sys=0.02s Real=0.02s
[27.086s][info][gc,start       ] GC(66) Pause Young (Normal) (G1 Evacuation Pause)
[27.086s][info][gc,task        ] GC(66) Using 33 workers of 33 for evacuation
[27.091s][info][gc,phases      ] GC(66)   Pre Evacuate Collection Set: 0.2ms
[27.091s][info][gc,phases      ] GC(66)   Merge Heap Roots: 0.2ms
[27.091s][info][gc,phases      ] GC(66)   Evacuate Collection Set: 2.0ms
[27.091s][info][gc,phases      ] GC(66)   Post Evacuate Collection Set: 2.2ms
[27.091s][info][gc,phases      ] GC(66)   Other: 0.1ms
[27.091s][info][gc,heap        ] GC(66) Eden regions: 640->0(640)
[27.091s][info][gc,heap        ] GC(66) Survivor regions: 2->2(81)
[27.091s][info][gc,heap        ] GC(66) Old regions: 28->28
[27.091s][info][gc,heap        ] GC(66) Archive regions: 0->0
[27.091s][info][gc,heap        ] GC(66) Humongous regions: 0->0
[27.091s][info][gc,metaspace   ] GC(66) Metaspace: 14236K(15040K)->14236K(15040K) NonClass: 12296K(12864K)->12296K(12864K) Class: 1939K(2176K)->1939K(2176K)
[27.091s][info][gc             ] GC(66) Pause Young (Normal) (G1 Evacuation Pause) 646M->6M(1071M) 4.903ms
[27.091s][info][gc,cpu         ] GC(66) User=0.00s Sys=0.00s Real=0.00s
[27.573s][info][gc,start       ] GC(67) Pause Young (Normal) (G1 Evacuation Pause)
[27.573s][info][gc,task        ] GC(67) Using 33 workers of 33 for evacuation
[27.577s][info][gc,phases      ] GC(67)   Pre Evacuate Collection Set: 0.2ms
[27.577s][info][gc,phases      ] GC(67)   Merge Heap Roots: 0.2ms
[27.577s][info][gc,phases      ] GC(67)   Evacuate Collection Set: 1.8ms
[27.577s][info][gc,phases      ] GC(67)   Post Evacuate Collection Set: 2.0ms
[27.577s][info][gc,phases      ] GC(67)   Other: 0.1ms
[27.577s][info][gc,heap        ] GC(67) Eden regions: 640->0(640)
[27.577s][info][gc,heap        ] GC(67) Survivor regions: 2->2(81)
[27.577s][info][gc,heap        ] GC(67) Old regions: 28->28
[27.577s][info][gc,heap        ] GC(67) Archive regions: 0->0
[27.577s][info][gc,heap        ] GC(67) Humongous regions: 0->0
[27.577s][info][gc,metaspace   ] GC(67) Metaspace: 14236K(15040K)->14236K(15040K) NonClass: 12296K(12864K)->12296K(12864K) Class: 1939K(2176K)->1939K(2176K)
[27.577s][info][gc             ] GC(67) Pause Young (Normal) (G1 Evacuation Pause) 646M->6M(1071M) 4.480ms
[27.577s][info][gc,cpu         ] GC(67) User=0.00s Sys=0.00s Real=0.01s
[28.036s][info][gc,start       ] GC(68) Pause Young (Normal) (G1 Evacuation Pause)
[28.036s][info][gc,task        ] GC(68) Using 33 workers of 33 for evacuation
[28.039s][info][gc,phases      ] GC(68)   Pre Evacuate Collection Set: 0.2ms
[28.039s][info][gc,phases      ] GC(68)   Merge Heap Roots: 0.2ms
[28.039s][info][gc,phases      ] GC(68)   Evacuate Collection Set: 0.6ms
[28.039s][info][gc,phases      ] GC(68)   Post Evacuate Collection Set: 2.0ms
[28.039s][info][gc,phases      ] GC(68)   Other: 0.1ms
[28.039s][info][gc,heap        ] GC(68) Eden regions: 640->0(640)
[28.039s][info][gc,heap        ] GC(68) Survivor regions: 2->2(81)
[28.039s][info][gc,heap        ] GC(68) Old regions: 28->28
[28.039s][info][gc,heap        ] GC(68) Archive regions: 0->0
[28.039s][info][gc,heap        ] GC(68) Humongous regions: 0->0
[28.039s][info][gc,metaspace   ] GC(68) Metaspace: 14236K(15040K)->14236K(15040K) NonClass: 12296K(12864K)->12296K(12864K) Class: 1939K(2176K)->1939K(2176K)
[28.039s][info][gc             ] GC(68) Pause Young (Normal) (G1 Evacuation Pause) 646M->6M(1071M) 3.305ms
[28.039s][info][gc,cpu         ] GC(68) User=0.52s Sys=0.00s Real=0.00s
[28.488s][info][gc,start       ] GC(69) Pause Young (Normal) (G1 Evacuation Pause)
[28.488s][info][gc,task        ] GC(69) Using 33 workers of 33 for evacuation
[28.491s][info][gc,phases      ] GC(69)   Pre Evacuate Collection Set: 0.2ms
[28.491s][info][gc,phases      ] GC(69)   Merge Heap Roots: 0.2ms
[28.491s][info][gc,phases      ] GC(69)   Evacuate Collection Set: 0.6ms
[28.491s][info][gc,phases      ] GC(69)   Post Evacuate Collection Set: 2.1ms
[28.491s][info][gc,phases      ] GC(69)   Other: 0.1ms
[28.491s][info][gc,heap        ] GC(69) Eden regions: 640->0(640)
[28.491s][info][gc,heap        ] GC(69) Survivor regions: 2->2(81)
[28.491s][info][gc,heap        ] GC(69) Old regions: 28->28
[28.491s][info][gc,heap        ] GC(69) Archive regions: 0->0
[28.491s][info][gc,heap        ] GC(69) Humongous regions: 0->0
[28.491s][info][gc,metaspace   ] GC(69) Metaspace: 14236K(15040K)->14236K(15040K) NonClass: 12296K(12864K)->12296K(12864K) Class: 1939K(2176K)->1939K(2176K)
[28.491s][info][gc             ] GC(69) Pause Young (Normal) (G1 Evacuation Pause) 646M->7M(1071M) 3.411ms
[28.491s][info][gc,cpu         ] GC(69) User=0.00s Sys=0.02s Real=0.00s
[28.940s][info][gc,start       ] GC(70) Pause Young (Normal) (G1 Evacuation Pause)
[28.940s][info][gc,task        ] GC(70) Using 33 workers of 33 for evacuation
[28.943s][info][gc,phases      ] GC(70)   Pre Evacuate Collection Set: 0.2ms
[28.943s][info][gc,phases      ] GC(70)   Merge Heap Roots: 0.2ms
[28.943s][info][gc,phases      ] GC(70)   Evacuate Collection Set: 0.5ms
[28.943s][info][gc,phases      ] GC(70)   Post Evacuate Collection Set: 2.2ms
[28.943s][info][gc,phases      ] GC(70)   Other: 0.1ms
[28.943s][info][gc,heap        ] GC(70) Eden regions: 640->0(640)
[28.944s][info][gc,heap        ] GC(70) Survivor regions: 2->2(81)
[28.944s][info][gc,heap        ] GC(70) Old regions: 28->28
[28.944s][info][gc,heap        ] GC(70) Archive regions: 0->0
[28.944s][info][gc,heap        ] GC(70) Humongous regions: 0->0
[28.944s][info][gc,metaspace   ] GC(70) Metaspace: 14236K(15040K)->14236K(15040K) NonClass: 12296K(12864K)->12296K(12864K) Class: 1939K(2176K)->1939K(2176K)
[28.944s][info][gc             ] GC(70) Pause Young (Normal) (G1 Evacuation Pause) 647M->7M(1071M) 3.392ms
[28.944s][info][gc,cpu         ] GC(70) User=0.00s Sys=0.00s Real=0.00s
[29.392s][info][gc,start       ] GC(71) Pause Young (Normal) (G1 Evacuation Pause)
[29.392s][info][gc,task        ] GC(71) Using 33 workers of 33 for evacuation
[29.396s][info][gc,phases      ] GC(71)   Pre Evacuate Collection Set: 0.2ms
[29.396s][info][gc,phases      ] GC(71)   Merge Heap Roots: 0.2ms
[29.396s][info][gc,phases      ] GC(71)   Evacuate Collection Set: 0.6ms
[29.396s][info][gc,phases      ] GC(71)   Post Evacuate Collection Set: 2.3ms
[29.396s][info][gc,phases      ] GC(71)   Other: 0.1ms
[29.396s][info][gc,heap        ] GC(71) Eden regions: 640->0(640)
[29.396s][info][gc,heap        ] GC(71) Survivor regions: 2->2(81)
[29.396s][info][gc,heap        ] GC(71) Old regions: 28->28
[29.396s][info][gc,heap        ] GC(71) Archive regions: 0->0
[29.396s][info][gc,heap        ] GC(71) Humongous regions: 0->0
[29.396s][info][gc,metaspace   ] GC(71) Metaspace: 14236K(15040K)->14236K(15040K) NonClass: 12296K(12864K)->12296K(12864K) Class: 1939K(2176K)->1939K(2176K)
[29.396s][info][gc             ] GC(71) Pause Young (Normal) (G1 Evacuation Pause) 647M->7M(1071M) 3.573ms
[29.396s][info][gc,cpu         ] GC(71) User=0.00s Sys=0.00s Real=0.00s
[29.843s][info][gc,start       ] GC(72) Pause Young (Normal) (G1 Evacuation Pause)
[29.844s][info][gc,task        ] GC(72) Using 33 workers of 33 for evacuation
[29.847s][info][gc,phases      ] GC(72)   Pre Evacuate Collection Set: 0.2ms
[29.847s][info][gc,phases      ] GC(72)   Merge Heap Roots: 0.2ms
[29.847s][info][gc,phases      ] GC(72)   Evacuate Collection Set: 0.6ms
[29.847s][info][gc,phases      ] GC(72)   Post Evacuate Collection Set: 2.4ms
[29.847s][info][gc,phases      ] GC(72)   Other: 0.1ms
[29.847s][info][gc,heap        ] GC(72) Eden regions: 640->0(640)
[29.847s][info][gc,heap        ] GC(72) Survivor regions: 2->2(81)
[29.847s][info][gc,heap        ] GC(72) Old regions: 28->28
[29.847s][info][gc,heap        ] GC(72) Archive regions: 0->0
[29.847s][info][gc,heap        ] GC(72) Humongous regions: 0->0
[29.847s][info][gc,metaspace   ] GC(72) Metaspace: 14236K(15040K)->14236K(15040K) NonClass: 12296K(12864K)->12296K(12864K) Class: 1939K(2176K)->1939K(2176K)
[29.847s][info][gc             ] GC(72) Pause Young (Normal) (G1 Evacuation Pause) 647M->7M(1071M) 3.650ms
[29.847s][info][gc,cpu         ] GC(72) User=0.00s Sys=0.00s Real=0.00s
[30.295s][info][gc,start       ] GC(73) Pause Young (Normal) (G1 Evacuation Pause)
[30.296s][info][gc,task        ] GC(73) Using 33 workers of 33 for evacuation
[30.299s][info][gc,phases      ] GC(73)   Pre Evacuate Collection Set: 0.2ms
[30.299s][info][gc,phases      ] GC(73)   Merge Heap Roots: 0.2ms
[30.299s][info][gc,phases      ] GC(73)   Evacuate Collection Set: 0.6ms
[30.299s][info][gc,phases      ] GC(73)   Post Evacuate Collection Set: 2.5ms
[30.299s][info][gc,phases      ] GC(73)   Other: 0.1ms
[30.299s][info][gc,heap        ] GC(73) Eden regions: 640->0(639)
[30.299s][info][gc,heap        ] GC(73) Survivor regions: 2->3(81)
[30.299s][info][gc,heap        ] GC(73) Old regions: 28->28
[30.299s][info][gc,heap        ] GC(73) Archive regions: 0->0
[30.299s][info][gc,heap        ] GC(73) Humongous regions: 0->0
[30.299s][info][gc,metaspace   ] GC(73) Metaspace: 14236K(15040K)->14236K(15040K) NonClass: 12296K(12864K)->12296K(12864K) Class: 1939K(2176K)->1939K(2176K)
[30.299s][info][gc             ] GC(73) Pause Young (Normal) (G1 Evacuation Pause) 647M->7M(1071M) 3.787ms
[30.299s][info][gc,cpu         ] GC(73) User=0.00s Sys=0.00s Real=0.00s
[30.769s][info][gc,start       ] GC(74) Pause Young (Normal) (G1 Evacuation Pause)
[30.769s][info][gc,task        ] GC(74) Using 33 workers of 33 for evacuation
[30.774s][info][gc,phases      ] GC(74)   Pre Evacuate Collection Set: 0.2ms
[30.774s][info][gc,phases      ] GC(74)   Merge Heap Roots: 0.2ms
[30.774s][info][gc,phases      ] GC(74)   Evacuate Collection Set: 1.1ms
[30.774s][info][gc,phases      ] GC(74)   Post Evacuate Collection Set: 2.9ms
[30.774s][info][gc,phases      ] GC(74)   Other: 0.1ms
[30.774s][info][gc,heap        ] GC(74) Eden regions: 639->0(639)
[30.774s][info][gc,heap        ] GC(74) Survivor regions: 3->3(81)
[30.774s][info][gc,heap        ] GC(74) Old regions: 28->28
[30.774s][info][gc,heap        ] GC(74) Archive regions: 0->0
[30.774s][info][gc,heap        ] GC(74) Humongous regions: 0->0
[30.774s][info][gc,metaspace   ] GC(74) Metaspace: 14236K(15040K)->14236K(15040K) NonClass: 12296K(12864K)->12296K(12864K) Class: 1939K(2176K)->1939K(2176K)
[30.774s][info][gc             ] GC(74) Pause Young (Normal) (G1 Evacuation Pause) 646M->7M(1071M) 4.938ms
[30.774s][info][gc,cpu         ] GC(74) User=0.52s Sys=0.00s Real=0.00s
[31.246s][info][gc,start       ] GC(75) Pause Young (Normal) (G1 Evacuation Pause)
[31.246s][info][gc,task        ] GC(75) Using 33 workers of 33 for evacuation
[31.249s][info][gc,phases      ] GC(75)   Pre Evacuate Collection Set: 0.2ms
[31.249s][info][gc,phases      ] GC(75)   Merge Heap Roots: 0.2ms
[31.249s][info][gc,phases      ] GC(75)   Evacuate Collection Set: 0.6ms
[31.249s][info][gc,phases      ] GC(75)   Post Evacuate Collection Set: 2.2ms
[31.249s][info][gc,phases      ] GC(75)   Other: 0.1ms
[31.249s][info][gc,heap        ] GC(75) Eden regions: 639->0(639)
[31.249s][info][gc,heap        ] GC(75) Survivor regions: 3->3(81)
[31.249s][info][gc,heap        ] GC(75) Old regions: 28->28
[31.249s][info][gc,heap        ] GC(75) Archive regions: 0->0
[31.249s][info][gc,heap        ] GC(75) Humongous regions: 0->0
[31.249s][info][gc,metaspace   ] GC(75) Metaspace: 14236K(15040K)->14236K(15040K) NonClass: 12296K(12864K)->12296K(12864K) Class: 1939K(2176K)->1939K(2176K)
[31.249s][info][gc             ] GC(75) Pause Young (Normal) (G1 Evacuation Pause) 646M->7M(1071M) 3.486ms
[31.249s][info][gc,cpu         ] GC(75) User=0.00s Sys=0.00s Real=0.00s
[31.708s][info][gc,start       ] GC(76) Pause Young (Normal) (G1 Evacuation Pause)
[31.709s][info][gc,task        ] GC(76) Using 33 workers of 33 for evacuation
[31.712s][info][gc,phases      ] GC(76)   Pre Evacuate Collection Set: 0.2ms
[31.712s][info][gc,phases      ] GC(76)   Merge Heap Roots: 0.2ms
[31.712s][info][gc,phases      ] GC(76)   Evacuate Collection Set: 0.5ms
[31.712s][info][gc,phases      ] GC(76)   Post Evacuate Collection Set: 2.1ms
[31.712s][info][gc,phases      ] GC(76)   Other: 0.1ms
[31.712s][info][gc,heap        ] GC(76) Eden regions: 639->0(639)
[31.712s][info][gc,heap        ] GC(76) Survivor regions: 3->3(81)
[31.712s][info][gc,heap        ] GC(76) Old regions: 28->28
[31.712s][info][gc,heap        ] GC(76) Archive regions: 0->0
[31.712s][info][gc,heap        ] GC(76) Humongous regions: 0->0
[31.712s][info][gc,metaspace   ] GC(76) Metaspace: 14236K(15040K)->14236K(15040K) NonClass: 12296K(12864K)->12296K(12864K) Class: 1939K(2176K)->1939K(2176K)
[31.712s][info][gc             ] GC(76) Pause Young (Normal) (G1 Evacuation Pause) 646M->7M(1071M) 3.319ms
[31.712s][info][gc,cpu         ] GC(76) User=0.52s Sys=0.00s Real=0.00s
[32.156s][info][gc,start       ] GC(77) Pause Young (Normal) (G1 Evacuation Pause)
[32.156s][info][gc,task        ] GC(77) Using 33 workers of 33 for evacuation
[32.160s][info][gc,phases      ] GC(77)   Pre Evacuate Collection Set: 0.2ms
[32.160s][info][gc,phases      ] GC(77)   Merge Heap Roots: 0.2ms
[32.160s][info][gc,phases      ] GC(77)   Evacuate Collection Set: 0.8ms
[32.160s][info][gc,phases      ] GC(77)   Post Evacuate Collection Set: 2.2ms
[32.160s][info][gc,phases      ] GC(77)   Other: 0.1ms
[32.160s][info][gc,heap        ] GC(77) Eden regions: 639->0(641)
[32.160s][info][gc,heap        ] GC(77) Survivor regions: 3->1(81)
[32.160s][info][gc,heap        ] GC(77) Old regions: 28->30
[32.160s][info][gc,heap        ] GC(77) Archive regions: 0->0
[32.160s][info][gc,heap        ] GC(77) Humongous regions: 0->0
[32.160s][info][gc,metaspace   ] GC(77) Metaspace: 14236K(15040K)->14236K(15040K) NonClass: 12296K(12864K)->12296K(12864K) Class: 1939K(2176K)->1939K(2176K)
[32.160s][info][gc             ] GC(77) Pause Young (Normal) (G1 Evacuation Pause) 646M->7M(1071M) 3.633ms
[32.160s][info][gc,cpu         ] GC(77) User=0.00s Sys=0.00s Real=0.00s
[32.629s][info][gc,start       ] GC(78) Pause Young (Normal) (G1 Evacuation Pause)
[32.630s][info][gc,task        ] GC(78) Using 33 workers of 33 for evacuation
[32.633s][info][gc,phases      ] GC(78)   Pre Evacuate Collection Set: 0.2ms
[32.633s][info][gc,phases      ] GC(78)   Merge Heap Roots: 0.2ms
[32.633s][info][gc,phases      ] GC(78)   Evacuate Collection Set: 0.4ms
[32.633s][info][gc,phases      ] GC(78)   Post Evacuate Collection Set: 2.3ms
[32.633s][info][gc,phases      ] GC(78)   Other: 0.1ms
[32.633s][info][gc,heap        ] GC(78) Eden regions: 641->0(641)
[32.633s][info][gc,heap        ] GC(78) Survivor regions: 1->1(81)
[32.633s][info][gc,heap        ] GC(78) Old regions: 30->30
[32.633s][info][gc,heap        ] GC(78) Archive regions: 0->0
[32.633s][info][gc,heap        ] GC(78) Humongous regions: 0->0
[32.633s][info][gc,metaspace   ] GC(78) Metaspace: 14236K(15040K)->14236K(15040K) NonClass: 12296K(12864K)->12296K(12864K) Class: 1939K(2176K)->1939K(2176K)
[32.633s][info][gc             ] GC(78) Pause Young (Normal) (G1 Evacuation Pause) 648M->7M(1071M) 3.469ms
[32.633s][info][gc,cpu         ] GC(78) User=0.52s Sys=0.00s Real=0.00s
[33.102s][info][gc,start       ] GC(79) Pause Young (Normal) (G1 Evacuation Pause)
[33.102s][info][gc,task        ] GC(79) Using 33 workers of 33 for evacuation
[33.105s][info][gc,phases      ] GC(79)   Pre Evacuate Collection Set: 0.2ms
[33.105s][info][gc,phases      ] GC(79)   Merge Heap Roots: 0.2ms
[33.105s][info][gc,phases      ] GC(79)   Evacuate Collection Set: 0.4ms
[33.105s][info][gc,phases      ] GC(79)   Post Evacuate Collection Set: 2.4ms
[33.105s][info][gc,phases      ] GC(79)   Other: 0.2ms
[33.105s][info][gc,heap        ] GC(79) Eden regions: 641->0(640)
[33.105s][info][gc,heap        ] GC(79) Survivor regions: 1->2(81)
[33.105s][info][gc,heap        ] GC(79) Old regions: 30->30
[33.105s][info][gc,heap        ] GC(79) Archive regions: 0->0
[33.105s][info][gc,heap        ] GC(79) Humongous regions: 0->0
[33.105s][info][gc,metaspace   ] GC(79) Metaspace: 14236K(15040K)->14236K(15040K) NonClass: 12296K(12864K)->12296K(12864K) Class: 1939K(2176K)->1939K(2176K)
[33.105s][info][gc             ] GC(79) Pause Young (Normal) (G1 Evacuation Pause) 648M->7M(1071M) 3.614ms
[33.105s][info][gc,cpu         ] GC(79) User=0.00s Sys=0.00s Real=0.00s
[33.571s][info][gc,start       ] GC(80) Pause Young (Normal) (G1 Evacuation Pause)
[33.571s][info][gc,task        ] GC(80) Using 33 workers of 33 for evacuation
[33.575s][info][gc,phases      ] GC(80)   Pre Evacuate Collection Set: 0.2ms
[33.575s][info][gc,phases      ] GC(80)   Merge Heap Roots: 0.2ms
[33.575s][info][gc,phases      ] GC(80)   Evacuate Collection Set: 0.4ms
[33.575s][info][gc,phases      ] GC(80)   Post Evacuate Collection Set: 2.5ms
[33.575s][info][gc,phases      ] GC(80)   Other: 0.1ms
[33.575s][info][gc,heap        ] GC(80) Eden regions: 640->0(640)
[33.575s][info][gc,heap        ] GC(80) Survivor regions: 2->2(81)
[33.575s][info][gc,heap        ] GC(80) Old regions: 30->30
[33.575s][info][gc,heap        ] GC(80) Archive regions: 0->0
[33.575s][info][gc,heap        ] GC(80) Humongous regions: 0->0
[33.575s][info][gc,metaspace   ] GC(80) Metaspace: 14236K(15040K)->14236K(15040K) NonClass: 12296K(12864K)->12296K(12864K) Class: 1939K(2176K)->1939K(2176K)
[33.575s][info][gc             ] GC(80) Pause Young (Normal) (G1 Evacuation Pause) 647M->7M(1071M) 3.631ms
[33.575s][info][gc,cpu         ] GC(80) User=0.00s Sys=0.00s Real=0.00s
[34.042s][info][gc,start       ] GC(81) Pause Young (Normal) (G1 Evacuation Pause)
[34.042s][info][gc,task        ] GC(81) Using 33 workers of 33 for evacuation
[34.045s][info][gc,phases      ] GC(81)   Pre Evacuate Collection Set: 0.2ms
[34.045s][info][gc,phases      ] GC(81)   Merge Heap Roots: 0.2ms
[34.045s][info][gc,phases      ] GC(81)   Evacuate Collection Set: 0.4ms
[34.045s][info][gc,phases      ] GC(81)   Post Evacuate Collection Set: 2.6ms
[34.045s][info][gc,phases      ] GC(81)   Other: 0.1ms
[34.045s][info][gc,heap        ] GC(81) Eden regions: 640->0(640)
[34.045s][info][gc,heap        ] GC(81) Survivor regions: 2->2(81)
[34.045s][info][gc,heap        ] GC(81) Old regions: 30->30
[34.045s][info][gc,heap        ] GC(81) Archive regions: 0->0
[34.045s][info][gc,heap        ] GC(81) Humongous regions: 0->0
[34.045s][info][gc,metaspace   ] GC(81) Metaspace: 14236K(15040K)->14236K(15040K) NonClass: 12296K(12864K)->12296K(12864K) Class: 1939K(2176K)->1939K(2176K)
[34.046s][info][gc             ] GC(81) Pause Young (Normal) (G1 Evacuation Pause) 647M->7M(1071M) 3.755ms
[34.046s][info][gc,cpu         ] GC(81) User=0.00s Sys=0.00s Real=0.00s
[34.671s][info][gc,start       ] GC(82) Pause Young (Normal) (G1 Evacuation Pause)
[34.671s][info][gc,task        ] GC(82) Using 33 workers of 33 for evacuation
[34.676s][info][gc,phases      ] GC(82)   Pre Evacuate Collection Set: 0.2ms
[34.676s][info][gc,phases      ] GC(82)   Merge Heap Roots: 0.3ms
[34.676s][info][gc,phases      ] GC(82)   Evacuate Collection Set: 0.7ms
[34.676s][info][gc,phases      ] GC(82)   Post Evacuate Collection Set: 3.4ms
[34.676s][info][gc,phases      ] GC(82)   Other: 0.1ms
[34.676s][info][gc,heap        ] GC(82) Eden regions: 640->0(640)
[34.676s][info][gc,heap        ] GC(82) Survivor regions: 2->2(81)
[34.676s][info][gc,heap        ] GC(82) Old regions: 30->30
[34.676s][info][gc,heap        ] GC(82) Archive regions: 0->0
[34.676s][info][gc,heap        ] GC(82) Humongous regions: 0->0
[34.676s][info][gc,metaspace   ] GC(82) Metaspace: 14236K(15040K)->14236K(15040K) NonClass: 12296K(12864K)->12296K(12864K) Class: 1939K(2176K)->1939K(2176K)
[34.676s][info][gc             ] GC(82) Pause Young (Normal) (G1 Evacuation Pause) 647M->8M(1071M) 5.215ms
[34.676s][info][gc,cpu         ] GC(82) User=0.00s Sys=0.00s Real=0.00s
[35.164s][info][gc,start       ] GC(83) Pause Young (Normal) (G1 Evacuation Pause)
[35.164s][info][gc,task        ] GC(83) Using 33 workers of 33 for evacuation
[35.167s][info][gc,phases      ] GC(83)   Pre Evacuate Collection Set: 0.2ms
[35.167s][info][gc,phases      ] GC(83)   Merge Heap Roots: 0.2ms
[35.167s][info][gc,phases      ] GC(83)   Evacuate Collection Set: 0.4ms
[35.167s][info][gc,phases      ] GC(83)   Post Evacuate Collection Set: 2.3ms
[35.167s][info][gc,phases      ] GC(83)   Other: 0.1ms
[35.167s][info][gc,heap        ] GC(83) Eden regions: 640->0(640)
[35.167s][info][gc,heap        ] GC(83) Survivor regions: 2->2(81)
[35.167s][info][gc,heap        ] GC(83) Old regions: 30->30
[35.167s][info][gc,heap        ] GC(83) Archive regions: 0->0
[35.167s][info][gc,heap        ] GC(83) Humongous regions: 0->0
[35.167s][info][gc,metaspace   ] GC(83) Metaspace: 14236K(15040K)->14236K(15040K) NonClass: 12296K(12864K)->12296K(12864K) Class: 1939K(2176K)->1939K(2176K)
[35.167s][info][gc             ] GC(83) Pause Young (Normal) (G1 Evacuation Pause) 648M->8M(1071M) 3.426ms
[35.167s][info][gc,cpu         ] GC(83) User=0.00s Sys=0.00s Real=0.00s
[35.632s][info][gc,start       ] GC(84) Pause Young (Normal) (G1 Evacuation Pause)
[35.632s][info][gc,task        ] GC(84) Using 33 workers of 33 for evacuation
[35.635s][info][gc,phases      ] GC(84)   Pre Evacuate Collection Set: 0.2ms
[35.635s][info][gc,phases      ] GC(84)   Merge Heap Roots: 0.2ms
[35.635s][info][gc,phases      ] GC(84)   Evacuate Collection Set: 0.4ms
[35.635s][info][gc,phases      ] GC(84)   Post Evacuate Collection Set: 2.5ms
[35.635s][info][gc,phases      ] GC(84)   Other: 0.1ms
[35.635s][info][gc,heap        ] GC(84) Eden regions: 640->0(640)
[35.635s][info][gc,heap        ] GC(84) Survivor regions: 2->2(81)
[35.635s][info][gc,heap        ] GC(84) Old regions: 30->30
[35.635s][info][gc,heap        ] GC(84) Archive regions: 0->0
[35.635s][info][gc,heap        ] GC(84) Humongous regions: 0->0
[35.635s][info][gc,metaspace   ] GC(84) Metaspace: 14236K(15040K)->14236K(15040K) NonClass: 12296K(12864K)->12296K(12864K) Class: 1939K(2176K)->1939K(2176K)
[35.635s][info][gc             ] GC(84) Pause Young (Normal) (G1 Evacuation Pause) 648M->8M(1071M) 3.570ms
[35.635s][info][gc,cpu         ] GC(84) User=0.02s Sys=0.00s Real=0.00s
[36.116s][info][gc,start       ] GC(85) Pause Young (Normal) (G1 Evacuation Pause)
[36.116s][info][gc,task        ] GC(85) Using 33 workers of 33 for evacuation
[36.119s][info][gc,phases      ] GC(85)   Pre Evacuate Collection Set: 0.2ms
[36.119s][info][gc,phases      ] GC(85)   Merge Heap Roots: 0.2ms
[36.119s][info][gc,phases      ] GC(85)   Evacuate Collection Set: 0.4ms
[36.119s][info][gc,phases      ] GC(85)   Post Evacuate Collection Set: 2.4ms
[36.119s][info][gc,phases      ] GC(85)   Other: 0.1ms
[36.119s][info][gc,heap        ] GC(85) Eden regions: 640->0(640)
[36.119s][info][gc,heap        ] GC(85) Survivor regions: 2->2(81)
[36.119s][info][gc,heap        ] GC(85) Old regions: 30->30
[36.119s][info][gc,heap        ] GC(85) Archive regions: 0->0
[36.119s][info][gc,heap        ] GC(85) Humongous regions: 0->0
[36.119s][info][gc,metaspace   ] GC(85) Metaspace: 14236K(15040K)->14236K(15040K) NonClass: 12296K(12864K)->12296K(12864K) Class: 1939K(2176K)->1939K(2176K)
[36.119s][info][gc             ] GC(85) Pause Young (Normal) (G1 Evacuation Pause) 648M->8M(1071M) 3.527ms
[36.119s][info][gc,cpu         ] GC(85) User=0.02s Sys=0.00s Real=0.00s
[36.589s][info][gc,start       ] GC(86) Pause Young (Normal) (G1 Evacuation Pause)
[36.589s][info][gc,task        ] GC(86) Using 33 workers of 33 for evacuation
[36.592s][info][gc,phases      ] GC(86)   Pre Evacuate Collection Set: 0.2ms
[36.592s][info][gc,phases      ] GC(86)   Merge Heap Roots: 0.2ms
[36.592s][info][gc,phases      ] GC(86)   Evacuate Collection Set: 0.4ms
[36.592s][info][gc,phases      ] GC(86)   Post Evacuate Collection Set: 2.5ms
[36.593s][info][gc,phases      ] GC(86)   Other: 0.1ms
[36.593s][info][gc,heap        ] GC(86) Eden regions: 640->0(640)
[36.593s][info][gc,heap        ] GC(86) Survivor regions: 2->2(81)
[36.593s][info][gc,heap        ] GC(86) Old regions: 30->31
[36.593s][info][gc,heap        ] GC(86) Archive regions: 0->0
[36.593s][info][gc,heap        ] GC(86) Humongous regions: 0->0
[36.593s][info][gc,metaspace   ] GC(86) Metaspace: 14236K(15040K)->14236K(15040K) NonClass: 12296K(12864K)->12296K(12864K) Class: 1939K(2176K)->1939K(2176K)
[36.593s][info][gc             ] GC(86) Pause Young (Normal) (G1 Evacuation Pause) 648M->8M(1071M) 3.602ms
[36.593s][info][gc,cpu         ] GC(86) User=0.00s Sys=0.00s Real=0.00s
[37.061s][info][gc,start       ] GC(87) Pause Young (Normal) (G1 Evacuation Pause)
[37.061s][info][gc,task        ] GC(87) Using 33 workers of 33 for evacuation
[37.064s][info][gc,phases      ] GC(87)   Pre Evacuate Collection Set: 0.2ms
[37.064s][info][gc,phases      ] GC(87)   Merge Heap Roots: 0.2ms
[37.064s][info][gc,phases      ] GC(87)   Evacuate Collection Set: 0.4ms
[37.064s][info][gc,phases      ] GC(87)   Post Evacuate Collection Set: 2.6ms
[37.064s][info][gc,phases      ] GC(87)   Other: 0.1ms
[37.064s][info][gc,heap        ] GC(87) Eden regions: 640->0(640)
[37.064s][info][gc,heap        ] GC(87) Survivor regions: 2->2(81)
[37.064s][info][gc,heap        ] GC(87) Old regions: 31->31
[37.064s][info][gc,heap        ] GC(87) Archive regions: 0->0
[37.064s][info][gc,heap        ] GC(87) Humongous regions: 0->0
[37.064s][info][gc,metaspace   ] GC(87) Metaspace: 14236K(15040K)->14236K(15040K) NonClass: 12296K(12864K)->12296K(12864K) Class: 1939K(2176K)->1939K(2176K)
[37.064s][info][gc             ] GC(87) Pause Young (Normal) (G1 Evacuation Pause) 648M->8M(1071M) 3.771ms
[37.065s][info][gc,cpu         ] GC(87) User=0.00s Sys=0.00s Real=0.00s
[37.505s][info][gc,start       ] GC(88) Pause Young (Normal) (G1 Evacuation Pause)
[37.505s][info][gc,task        ] GC(88) Using 33 workers of 33 for evacuation
[37.509s][info][gc,phases      ] GC(88)   Pre Evacuate Collection Set: 0.2ms
[37.509s][info][gc,phases      ] GC(88)   Merge Heap Roots: 0.2ms
[37.509s][info][gc,phases      ] GC(88)   Evacuate Collection Set: 0.4ms
[37.509s][info][gc,phases      ] GC(88)   Post Evacuate Collection Set: 3.0ms
[37.509s][info][gc,phases      ] GC(88)   Other: 0.1ms
[37.509s][info][gc,heap        ] GC(88) Eden regions: 640->0(640)
[37.509s][info][gc,heap        ] GC(88) Survivor regions: 2->2(81)
[37.509s][info][gc,heap        ] GC(88) Old regions: 31->31
[37.509s][info][gc,heap        ] GC(88) Archive regions: 0->0
[37.509s][info][gc,heap        ] GC(88) Humongous regions: 0->0
[37.509s][info][gc,metaspace   ] GC(88) Metaspace: 14236K(15040K)->14236K(15040K) NonClass: 12296K(12864K)->12296K(12864K) Class: 1939K(2176K)->1939K(2176K)
[37.509s][info][gc             ] GC(88) Pause Young (Normal) (G1 Evacuation Pause) 648M->8M(1071M) 4.123ms
[37.509s][info][gc,cpu         ] GC(88) User=0.52s Sys=0.00s Real=0.00s
[37.900s][info][gc,start       ] GC(89) Pause Full (System.gc())
[37.900s][info][gc,task        ] GC(89) Using 29 workers of 33 for full compaction
[37.901s][info][gc,phases,start] GC(89) Phase 1: Mark live objects
[37.910s][info][gc,phases      ] GC(89) Phase 1: Mark live objects 8.944ms
[37.910s][info][gc,phases,start] GC(89) Phase 2: Prepare compaction
[37.913s][info][gc,phases      ] GC(89) Phase 2: Prepare compaction 3.022ms
[37.913s][info][gc,phases,start] GC(89) Phase 3: Adjust pointers
[37.918s][info][gc,phases      ] GC(89) Phase 3: Adjust pointers 4.623ms
[37.918s][info][gc,phases,start] GC(89) Phase 4: Compact heap
[37.919s][info][gc,phases      ] GC(89) Phase 4: Compact heap 0.556ms
[37.926s][info][gc,heap        ] GC(89) Eden regions: 482->0(58)
[37.926s][info][gc,heap        ] GC(89) Survivor regions: 2->0(81)
[37.926s][info][gc,heap        ] GC(89) Old regions: 31->29
[37.926s][info][gc,heap        ] GC(89) Archive regions: 0->0
[37.926s][info][gc,heap        ] GC(89) Humongous regions: 0->0
[37.926s][info][gc,metaspace   ] GC(89) Metaspace: 14236K(15040K)->14236K(15040K) NonClass: 12296K(12864K)->12296K(12864K) Class: 1939K(2176K)->1939K(2176K)
[37.926s][info][gc             ] GC(89) Pause Full (System.gc()) 490M->5M(97M) 26.415ms
[37.926s][info][gc,cpu         ] GC(89) User=0.45s Sys=0.00s Real=0.02s
[37.974s][info][gc,start       ] GC(90) Pause Young (Normal) (G1 Evacuation Pause)
[37.974s][info][gc,task        ] GC(90) Using 33 workers of 33 for evacuation
[37.977s][info][gc,phases      ] GC(90)   Pre Evacuate Collection Set: 0.1ms
[37.977s][info][gc,phases      ] GC(90)   Merge Heap Roots: 0.1ms
[37.977s][info][gc,phases      ] GC(90)   Evacuate Collection Set: 0.4ms
[37.977s][info][gc,phases      ] GC(90)   Post Evacuate Collection Set: 1.3ms
[37.977s][info][gc,phases      ] GC(90)   Other: 0.1ms
[37.977s][info][gc,heap        ] GC(90) Eden regions: 58->0(56)
[37.977s][info][gc,heap        ] GC(90) Survivor regions: 0->2(8)
[37.977s][info][gc,heap        ] GC(90) Old regions: 29->29
[37.977s][info][gc,heap        ] GC(90) Archive regions: 0->0
[37.977s][info][gc,heap        ] GC(90) Humongous regions: 0->0
[37.977s][info][gc,metaspace   ] GC(90) Metaspace: 14237K(15040K)->14237K(15040K) NonClass: 12297K(12864K)->12297K(12864K) Class: 1939K(2176K)->1939K(2176K)
[37.977s][info][gc             ] GC(90) Pause Young (Normal) (G1 Evacuation Pause) 63M->6M(97M) 2.297ms
[37.977s][info][gc,cpu         ] GC(90) User=0.52s Sys=0.00s Real=0.00s
[38.015s][info][gc,start       ] GC(91) Pause Young (Normal) (G1 Evacuation Pause)
[38.015s][info][gc,task        ] GC(91) Using 33 workers of 33 for evacuation
[38.017s][info][gc,phases      ] GC(91)   Pre Evacuate Collection Set: 0.1ms
[38.017s][info][gc,phases      ] GC(91)   Merge Heap Roots: 0.1ms
[38.017s][info][gc,phases      ] GC(91)   Evacuate Collection Set: 0.5ms
[38.017s][info][gc,phases      ] GC(91)   Post Evacuate Collection Set: 1.3ms
[38.017s][info][gc,phases      ] GC(91)   Other: 0.1ms
[38.017s][info][gc,heap        ] GC(91) Eden regions: 56->0(56)
[38.017s][info][gc,heap        ] GC(91) Survivor regions: 2->2(8)
[38.017s][info][gc,heap        ] GC(91) Old regions: 29->29
[38.017s][info][gc,heap        ] GC(91) Archive regions: 0->0
[38.017s][info][gc,heap        ] GC(91) Humongous regions: 0->0
[38.017s][info][gc,metaspace   ] GC(91) Metaspace: 14237K(15040K)->14237K(15040K) NonClass: 12297K(12864K)->12297K(12864K) Class: 1939K(2176K)->1939K(2176K)
[38.017s][info][gc             ] GC(91) Pause Young (Normal) (G1 Evacuation Pause) 62M->6M(97M) 2.288ms
[38.017s][info][gc,cpu         ] GC(91) User=0.00s Sys=0.00s Real=0.00s
[38.058s][info][gc,start       ] GC(92) Pause Young (Normal) (G1 Evacuation Pause)
[38.058s][info][gc,task        ] GC(92) Using 33 workers of 33 for evacuation
[38.060s][info][gc,phases      ] GC(92)   Pre Evacuate Collection Set: 0.1ms
[38.060s][info][gc,phases      ] GC(92)   Merge Heap Roots: 0.1ms
[38.060s][info][gc,phases      ] GC(92)   Evacuate Collection Set: 0.5ms
[38.060s][info][gc,phases      ] GC(92)   Post Evacuate Collection Set: 1.4ms
[38.060s][info][gc,phases      ] GC(92)   Other: 0.1ms
[38.060s][info][gc,heap        ] GC(92) Eden regions: 56->0(56)
[38.060s][info][gc,heap        ] GC(92) Survivor regions: 2->2(8)
[38.060s][info][gc,heap        ] GC(92) Old regions: 29->29
[38.060s][info][gc,heap        ] GC(92) Archive regions: 0->0
[38.060s][info][gc,heap        ] GC(92) Humongous regions: 0->0
[38.060s][info][gc,metaspace   ] GC(92) Metaspace: 14237K(15040K)->14237K(15040K) NonClass: 12297K(12864K)->12297K(12864K) Class: 1939K(2176K)->1939K(2176K)
[38.060s][info][gc             ] GC(92) Pause Young (Normal) (G1 Evacuation Pause) 62M->6M(97M) 2.285ms
[38.060s][info][gc,cpu         ] GC(92) User=0.00s Sys=0.00s Real=0.00s
[38.099s][info][gc,start       ] GC(93) Pause Young (Normal) (G1 Evacuation Pause)
[38.099s][info][gc,task        ] GC(93) Using 33 workers of 33 for evacuation
[38.106s][info][gc,phases      ] GC(93)   Pre Evacuate Collection Set: 0.1ms
[38.106s][info][gc,phases      ] GC(93)   Merge Heap Roots: 0.1ms
[38.106s][info][gc,phases      ] GC(93)   Evacuate Collection Set: 0.5ms
[38.106s][info][gc,phases      ] GC(93)   Post Evacuate Collection Set: 6.3ms
[38.106s][info][gc,phases      ] GC(93)   Other: 0.1ms
[38.106s][info][gc,heap        ] GC(93) Eden regions: 56->0(641)
[38.106s][info][gc,heap        ] GC(93) Survivor regions: 2->2(8)
[38.106s][info][gc,heap        ] GC(93) Old regions: 29->29
[38.106s][info][gc,heap        ] GC(93) Archive regions: 0->0
[38.106s][info][gc,heap        ] GC(93) Humongous regions: 0->0
[38.106s][info][gc,metaspace   ] GC(93) Metaspace: 14237K(15040K)->14237K(15040K) NonClass: 12297K(12864K)->12297K(12864K) Class: 1939K(2176K)->1939K(2176K)
[38.106s][info][gc             ] GC(93) Pause Young (Normal) (G1 Evacuation Pause) 62M->6M(1073M) 7.306ms
[38.106s][info][gc,cpu         ] GC(93) User=0.52s Sys=0.00s Real=0.00s
[38.542s][info][gc,start       ] GC(94) Pause Young (Normal) (G1 Evacuation Pause)
[38.542s][info][gc,task        ] GC(94) Using 33 workers of 33 for evacuation
[38.547s][info][gc,phases      ] GC(94)   Pre Evacuate Collection Set: 0.2ms
[38.547s][info][gc,phases      ] GC(94)   Merge Heap Roots: 0.2ms
[38.547s][info][gc,phases      ] GC(94)   Evacuate Collection Set: 1.9ms
[38.547s][info][gc,phases      ] GC(94)   Post Evacuate Collection Set: 2.2ms
[38.547s][info][gc,phases      ] GC(94)   Other: 0.1ms
[38.547s][info][gc,heap        ] GC(94) Eden regions: 641->0(641)
[38.547s][info][gc,heap        ] GC(94) Survivor regions: 2->2(81)
[38.547s][info][gc,heap        ] GC(94) Old regions: 29->29
[38.547s][info][gc,heap        ] GC(94) Archive regions: 0->0
[38.547s][info][gc,heap        ] GC(94) Humongous regions: 0->0
[38.547s][info][gc,metaspace   ] GC(94) Metaspace: 14237K(15040K)->14237K(15040K) NonClass: 12297K(12864K)->12297K(12864K) Class: 1939K(2176K)->1939K(2176K)
[38.547s][info][gc             ] GC(94) Pause Young (Normal) (G1 Evacuation Pause) 647M->6M(1073M) 4.873ms
[38.547s][info][gc,cpu         ] GC(94) User=0.00s Sys=0.00s Real=0.00s
[38.998s][info][gc,start       ] GC(95) Pause Young (Normal) (G1 Evacuation Pause)
[38.998s][info][gc,task        ] GC(95) Using 33 workers of 33 for evacuation
[39.002s][info][gc,phases      ] GC(95)   Pre Evacuate Collection Set: 0.2ms
[39.002s][info][gc,phases      ] GC(95)   Merge Heap Roots: 0.2ms
[39.002s][info][gc,phases      ] GC(95)   Evacuate Collection Set: 1.8ms
[39.002s][info][gc,phases      ] GC(95)   Post Evacuate Collection Set: 2.3ms
[39.002s][info][gc,phases      ] GC(95)   Other: 0.1ms
[39.002s][info][gc,heap        ] GC(95) Eden regions: 641->0(641)
[39.002s][info][gc,heap        ] GC(95) Survivor regions: 2->2(81)
[39.002s][info][gc,heap        ] GC(95) Old regions: 29->29
[39.002s][info][gc,heap        ] GC(95) Archive regions: 0->0
[39.002s][info][gc,heap        ] GC(95) Humongous regions: 0->0
[39.002s][info][gc,metaspace   ] GC(95) Metaspace: 14237K(15040K)->14237K(15040K) NonClass: 12297K(12864K)->12297K(12864K) Class: 1939K(2176K)->1939K(2176K)
[39.002s][info][gc             ] GC(95) Pause Young (Normal) (G1 Evacuation Pause) 647M->6M(1073M) 4.869ms
[39.002s][info][gc,cpu         ] GC(95) User=0.00s Sys=0.00s Real=0.00s
[39.457s][info][gc,start       ] GC(96) Pause Young (Normal) (G1 Evacuation Pause)
[39.457s][info][gc,task        ] GC(96) Using 33 workers of 33 for evacuation
[39.461s][info][gc,phases      ] GC(96)   Pre Evacuate Collection Set: 0.2ms
[39.461s][info][gc,phases      ] GC(96)   Merge Heap Roots: 0.2ms
[39.461s][info][gc,phases      ] GC(96)   Evacuate Collection Set: 0.6ms
[39.461s][info][gc,phases      ] GC(96)   Post Evacuate Collection Set: 2.4ms
[39.461s][info][gc,phases      ] GC(96)   Other: 0.1ms
[39.461s][info][gc,heap        ] GC(96) Eden regions: 641->0(641)
[39.461s][info][gc,heap        ] GC(96) Survivor regions: 2->2(81)
[39.461s][info][gc,heap        ] GC(96) Old regions: 29->29
[39.461s][info][gc,heap        ] GC(96) Archive regions: 0->0
[39.461s][info][gc,heap        ] GC(96) Humongous regions: 0->0
[39.461s][info][gc,metaspace   ] GC(96) Metaspace: 14237K(15040K)->14237K(15040K) NonClass: 12297K(12864K)->12297K(12864K) Class: 1939K(2176K)->1939K(2176K)
[39.461s][info][gc             ] GC(96) Pause Young (Normal) (G1 Evacuation Pause) 647M->6M(1073M) 3.707ms
[39.461s][info][gc,cpu         ] GC(96) User=0.52s Sys=0.00s Real=0.00s
[39.915s][info][gc,start       ] GC(97) Pause Young (Normal) (G1 Evacuation Pause)
[39.915s][info][gc,task        ] GC(97) Using 33 workers of 33 for evacuation
[39.918s][info][gc,phases      ] GC(97)   Pre Evacuate Collection Set: 0.2ms
[39.918s][info][gc,phases      ] GC(97)   Merge Heap Roots: 0.2ms
[39.918s][info][gc,phases      ] GC(97)   Evacuate Collection Set: 0.6ms
[39.918s][info][gc,phases      ] GC(97)   Post Evacuate Collection Set: 2.5ms
[39.918s][info][gc,phases      ] GC(97)   Other: 0.1ms
[39.918s][info][gc,heap        ] GC(97) Eden regions: 641->0(641)
[39.918s][info][gc,heap        ] GC(97) Survivor regions: 2->2(81)
[39.918s][info][gc,heap        ] GC(97) Old regions: 29->29
[39.918s][info][gc,heap        ] GC(97) Archive regions: 0->0
[39.918s][info][gc,heap        ] GC(97) Humongous regions: 0->0
[39.918s][info][gc,metaspace   ] GC(97) Metaspace: 14237K(15040K)->14237K(15040K) NonClass: 12297K(12864K)->12297K(12864K) Class: 1939K(2176K)->1939K(2176K)
[39.918s][info][gc             ] GC(97) Pause Young (Normal) (G1 Evacuation Pause) 647M->7M(1073M) 3.781ms
[39.918s][info][gc,cpu         ] GC(97) User=0.00s Sys=0.00s Real=0.00s
[40.370s][info][gc,start       ] GC(98) Pause Young (Normal) (G1 Evacuation Pause)
[40.370s][info][gc,task        ] GC(98) Using 33 workers of 33 for evacuation
[40.374s][info][gc,phases      ] GC(98)   Pre Evacuate Collection Set: 0.2ms
[40.374s][info][gc,phases      ] GC(98)   Merge Heap Roots: 0.2ms
[40.374s][info][gc,phases      ] GC(98)   Evacuate Collection Set: 0.6ms
[40.374s][info][gc,phases      ] GC(98)   Post Evacuate Collection Set: 2.6ms
[40.374s][info][gc,phases      ] GC(98)   Other: 0.1ms
[40.374s][info][gc,heap        ] GC(98) Eden regions: 641->0(641)
[40.374s][info][gc,heap        ] GC(98) Survivor regions: 2->2(81)
[40.374s][info][gc,heap        ] GC(98) Old regions: 29->29
[40.374s][info][gc,heap        ] GC(98) Archive regions: 0->0
[40.374s][info][gc,heap        ] GC(98) Humongous regions: 0->0
[40.374s][info][gc,metaspace   ] GC(98) Metaspace: 14237K(15040K)->14237K(15040K) NonClass: 12297K(12864K)->12297K(12864K) Class: 1939K(2176K)->1939K(2176K)
[40.374s][info][gc             ] GC(98) Pause Young (Normal) (G1 Evacuation Pause) 648M->7M(1073M) 3.905ms
[40.374s][info][gc,cpu         ] GC(98) User=0.00s Sys=0.00s Real=0.00s
[40.822s][info][gc,start       ] GC(99) Pause Young (Normal) (G1 Evacuation Pause)
[40.822s][info][gc,task        ] GC(99) Using 33 workers of 33 for evacuation
[40.826s][info][gc,phases      ] GC(99)   Pre Evacuate Collection Set: 0.2ms
[40.826s][info][gc,phases      ] GC(99)   Merge Heap Roots: 0.2ms
[40.826s][info][gc,phases      ] GC(99)   Evacuate Collection Set: 0.5ms
[40.826s][info][gc,phases      ] GC(99)   Post Evacuate Collection Set: 2.7ms
[40.826s][info][gc,phases      ] GC(99)   Other: 0.1ms
[40.826s][info][gc,heap        ] GC(99) Eden regions: 641->0(641)
[40.826s][info][gc,heap        ] GC(99) Survivor regions: 2->2(81)
[40.826s][info][gc,heap        ] GC(99) Old regions: 29->29
[40.826s][info][gc,heap        ] GC(99) Archive regions: 0->0
[40.826s][info][gc,heap        ] GC(99) Humongous regions: 0->0
[40.826s][info][gc,metaspace   ] GC(99) Metaspace: 14237K(15040K)->14237K(15040K) NonClass: 12297K(12864K)->12297K(12864K) Class: 1939K(2176K)->1939K(2176K)
[40.826s][info][gc             ] GC(99) Pause Young (Normal) (G1 Evacuation Pause) 648M->7M(1073M) 3.938ms
[40.826s][info][gc,cpu         ] GC(99) User=0.00s Sys=0.00s Real=0.00s
[41.276s][info][gc,start       ] GC(100) Pause Young (Normal) (G1 Evacuation Pause)
[41.276s][info][gc,task        ] GC(100) Using 33 workers of 33 for evacuation
[41.279s][info][gc,phases      ] GC(100)   Pre Evacuate Collection Set: 0.2ms
[41.280s][info][gc,phases      ] GC(100)   Merge Heap Roots: 0.2ms
[41.280s][info][gc,phases      ] GC(100)   Evacuate Collection Set: 0.6ms
[41.280s][info][gc,phases      ] GC(100)   Post Evacuate Collection Set: 2.7ms
[41.280s][info][gc,phases      ] GC(100)   Other: 0.1ms
[41.280s][info][gc,heap        ] GC(100) Eden regions: 641->0(641)
[41.280s][info][gc,heap        ] GC(100) Survivor regions: 2->2(81)
[41.280s][info][gc,heap        ] GC(100) Old regions: 29->29
[41.280s][info][gc,heap        ] GC(100) Archive regions: 0->0
[41.280s][info][gc,heap        ] GC(100) Humongous regions: 0->0
[41.280s][info][gc,metaspace   ] GC(100) Metaspace: 14237K(15040K)->14237K(15040K) NonClass: 12297K(12864K)->12297K(12864K) Class: 1939K(2176K)->1939K(2176K)
[41.280s][info][gc             ] GC(100) Pause Young (Normal) (G1 Evacuation Pause) 648M->7M(1073M) 3.991ms
[41.280s][info][gc,cpu         ] GC(100) User=0.00s Sys=0.00s Real=0.00s
[41.756s][info][gc,start       ] GC(101) Pause Young (Normal) (G1 Evacuation Pause)
[41.756s][info][gc,task        ] GC(101) Using 33 workers of 33 for evacuation
[41.759s][info][gc,phases      ] GC(101)   Pre Evacuate Collection Set: 0.2ms
[41.759s][info][gc,phases      ] GC(101)   Merge Heap Roots: 0.2ms
[41.759s][info][gc,phases      ] GC(101)   Evacuate Collection Set: 0.6ms
[41.759s][info][gc,phases      ] GC(101)   Post Evacuate Collection Set: 2.5ms
[41.759s][info][gc,phases      ] GC(101)   Other: 0.1ms
[41.759s][info][gc,heap        ] GC(101) Eden regions: 641->0(640)
[41.759s][info][gc,heap        ] GC(101) Survivor regions: 2->3(81)
[41.759s][info][gc,heap        ] GC(101) Old regions: 29->29
[41.759s][info][gc,heap        ] GC(101) Archive regions: 0->0
[41.759s][info][gc,heap        ] GC(101) Humongous regions: 0->0
[41.759s][info][gc,metaspace   ] GC(101) Metaspace: 14237K(15040K)->14237K(15040K) NonClass: 12297K(12864K)->12297K(12864K) Class: 1939K(2176K)->1939K(2176K)
[41.759s][info][gc             ] GC(101) Pause Young (Normal) (G1 Evacuation Pause) 648M->7M(1073M) 3.704ms
[41.759s][info][gc,cpu         ] GC(101) User=0.52s Sys=0.00s Real=0.00s
[42.209s][info][gc,start       ] GC(102) Pause Young (Normal) (G1 Evacuation Pause)
[42.209s][info][gc,task        ] GC(102) Using 33 workers of 33 for evacuation
[42.213s][info][gc,phases      ] GC(102)   Pre Evacuate Collection Set: 0.2ms
[42.213s][info][gc,phases      ] GC(102)   Merge Heap Roots: 0.2ms
[42.213s][info][gc,phases      ] GC(102)   Evacuate Collection Set: 0.8ms
[42.213s][info][gc,phases      ] GC(102)   Post Evacuate Collection Set: 2.4ms
[42.213s][info][gc,phases      ] GC(102)   Other: 0.1ms
[42.213s][info][gc,heap        ] GC(102) Eden regions: 640->0(640)
[42.213s][info][gc,heap        ] GC(102) Survivor regions: 3->3(81)
[42.213s][info][gc,heap        ] GC(102) Old regions: 29->29
[42.213s][info][gc,heap        ] GC(102) Archive regions: 0->0
[42.213s][info][gc,heap        ] GC(102) Humongous regions: 0->0
[42.213s][info][gc,metaspace   ] GC(102) Metaspace: 14237K(15040K)->14237K(15040K) NonClass: 12297K(12864K)->12297K(12864K) Class: 1939K(2176K)->1939K(2176K)
[42.213s][info][gc             ] GC(102) Pause Young (Normal) (G1 Evacuation Pause) 647M->7M(1073M) 3.903ms
[42.213s][info][gc,cpu         ] GC(102) User=0.00s Sys=0.00s Real=0.00s
[42.661s][info][gc,start       ] GC(103) Pause Young (Normal) (G1 Evacuation Pause)
[42.661s][info][gc,task        ] GC(103) Using 33 workers of 33 for evacuation
[42.665s][info][gc,phases      ] GC(103)   Pre Evacuate Collection Set: 0.2ms
[42.665s][info][gc,phases      ] GC(103)   Merge Heap Roots: 0.2ms
[42.665s][info][gc,phases      ] GC(103)   Evacuate Collection Set: 0.6ms
[42.665s][info][gc,phases      ] GC(103)   Post Evacuate Collection Set: 2.5ms
[42.665s][info][gc,phases      ] GC(103)   Other: 0.1ms
[42.665s][info][gc,heap        ] GC(103) Eden regions: 640->0(640)
[42.665s][info][gc,heap        ] GC(103) Survivor regions: 3->3(81)
[42.665s][info][gc,heap        ] GC(103) Old regions: 29->29
[42.665s][info][gc,heap        ] GC(103) Archive regions: 0->0
[42.665s][info][gc,heap        ] GC(103) Humongous regions: 0->0
[42.665s][info][gc,metaspace   ] GC(103) Metaspace: 14237K(15040K)->14237K(15040K) NonClass: 12297K(12864K)->12297K(12864K) Class: 1939K(2176K)->1939K(2176K)
[42.665s][info][gc             ] GC(103) Pause Young (Normal) (G1 Evacuation Pause) 647M->7M(1073M) 3.740ms
[42.665s][info][gc,cpu         ] GC(103) User=0.52s Sys=0.00s Real=0.00s
[43.112s][info][gc,start       ] GC(104) Pause Young (Normal) (G1 Evacuation Pause)
[43.113s][info][gc,task        ] GC(104) Using 33 workers of 33 for evacuation
[43.116s][info][gc,phases      ] GC(104)   Pre Evacuate Collection Set: 0.2ms
[43.116s][info][gc,phases      ] GC(104)   Merge Heap Roots: 0.2ms
[43.116s][info][gc,phases      ] GC(104)   Evacuate Collection Set: 0.5ms
[43.116s][info][gc,phases      ] GC(104)   Post Evacuate Collection Set: 2.5ms
[43.116s][info][gc,phases      ] GC(104)   Other: 0.1ms
[43.116s][info][gc,heap        ] GC(104) Eden regions: 640->0(640)
[43.116s][info][gc,heap        ] GC(104) Survivor regions: 3->3(81)
[43.116s][info][gc,heap        ] GC(104) Old regions: 29->29
[43.116s][info][gc,heap        ] GC(104) Archive regions: 0->0
[43.116s][info][gc,heap        ] GC(104) Humongous regions: 0->0
[43.116s][info][gc,metaspace   ] GC(104) Metaspace: 14237K(15040K)->14237K(15040K) NonClass: 12297K(12864K)->12297K(12864K) Class: 1939K(2176K)->1939K(2176K)
[43.116s][info][gc             ] GC(104) Pause Young (Normal) (G1 Evacuation Pause) 647M->7M(1073M) 3.788ms
[43.116s][info][gc,cpu         ] GC(104) User=0.00s Sys=0.00s Real=0.00s
[43.565s][info][gc,start       ] GC(105) Pause Young (Normal) (G1 Evacuation Pause)
[43.565s][info][gc,task        ] GC(105) Using 33 workers of 33 for evacuation
[43.569s][info][gc,phases      ] GC(105)   Pre Evacuate Collection Set: 0.2ms
[43.569s][info][gc,phases      ] GC(105)   Merge Heap Roots: 0.2ms
[43.569s][info][gc,phases      ] GC(105)   Evacuate Collection Set: 0.6ms
[43.569s][info][gc,phases      ] GC(105)   Post Evacuate Collection Set: 2.7ms
[43.569s][info][gc,phases      ] GC(105)   Other: 0.1ms
[43.569s][info][gc,heap        ] GC(105) Eden regions: 640->0(642)
[43.569s][info][gc,heap        ] GC(105) Survivor regions: 3->1(81)
[43.569s][info][gc,heap        ] GC(105) Old regions: 29->31
[43.569s][info][gc,heap        ] GC(105) Archive regions: 0->0
[43.569s][info][gc,heap        ] GC(105) Humongous regions: 0->0
[43.569s][info][gc,metaspace   ] GC(105) Metaspace: 14237K(15040K)->14237K(15040K) NonClass: 12297K(12864K)->12297K(12864K) Class: 1939K(2176K)->1939K(2176K)
[43.569s][info][gc             ] GC(105) Pause Young (Normal) (G1 Evacuation Pause) 647M->7M(1073M) 4.007ms
[43.569s][info][gc,cpu         ] GC(105) User=0.00s Sys=0.00s Real=0.00s
[44.032s][info][gc,start       ] GC(106) Pause Young (Normal) (G1 Evacuation Pause)
[44.032s][info][gc,task        ] GC(106) Using 33 workers of 33 for evacuation
[44.036s][info][gc,phases      ] GC(106)   Pre Evacuate Collection Set: 0.2ms
[44.036s][info][gc,phases      ] GC(106)   Merge Heap Roots: 0.2ms
[44.036s][info][gc,phases      ] GC(106)   Evacuate Collection Set: 0.4ms
[44.036s][info][gc,phases      ] GC(106)   Post Evacuate Collection Set: 2.9ms
[44.036s][info][gc,phases      ] GC(106)   Other: 0.1ms
[44.036s][info][gc,heap        ] GC(106) Eden regions: 642->0(642)
[44.036s][info][gc,heap        ] GC(106) Survivor regions: 1->1(81)
[44.036s][info][gc,heap        ] GC(106) Old regions: 31->31
[44.036s][info][gc,heap        ] GC(106) Archive regions: 0->0
[44.036s][info][gc,heap        ] GC(106) Humongous regions: 0->0
[44.036s][info][gc,metaspace   ] GC(106) Metaspace: 14237K(15040K)->14237K(15040K) NonClass: 12297K(12864K)->12297K(12864K) Class: 1939K(2176K)->1939K(2176K)
[44.036s][info][gc             ] GC(106) Pause Young (Normal) (G1 Evacuation Pause) 649M->7M(1073M) 4.045ms
[44.036s][info][gc,cpu         ] GC(106) User=0.00s Sys=0.00s Real=0.00s
[44.513s][info][gc,start       ] GC(107) Pause Young (Normal) (G1 Evacuation Pause)
[44.513s][info][gc,task        ] GC(107) Using 33 workers of 33 for evacuation
[44.516s][info][gc,phases      ] GC(107)   Pre Evacuate Collection Set: 0.2ms
[44.516s][info][gc,phases      ] GC(107)   Merge Heap Roots: 0.2ms
[44.516s][info][gc,phases      ] GC(107)   Evacuate Collection Set: 0.4ms
[44.516s][info][gc,phases      ] GC(107)   Post Evacuate Collection Set: 2.3ms
[44.516s][info][gc,phases      ] GC(107)   Other: 0.1ms
[44.516s][info][gc,heap        ] GC(107) Eden regions: 642->0(641)
[44.516s][info][gc,heap        ] GC(107) Survivor regions: 1->2(81)
[44.516s][info][gc,heap        ] GC(107) Old regions: 31->31
[44.516s][info][gc,heap        ] GC(107) Archive regions: 0->0
[44.516s][info][gc,heap        ] GC(107) Humongous regions: 0->0
[44.516s][info][gc,metaspace   ] GC(107) Metaspace: 14237K(15040K)->14237K(15040K) NonClass: 12297K(12864K)->12297K(12864K) Class: 1939K(2176K)->1939K(2176K)
[44.516s][info][gc             ] GC(107) Pause Young (Normal) (G1 Evacuation Pause) 649M->7M(1073M) 3.439ms
[44.516s][info][gc,cpu         ] GC(107) User=0.00s Sys=0.00s Real=0.00s
[44.976s][info][gc,start       ] GC(108) Pause Young (Normal) (G1 Evacuation Pause)
[44.976s][info][gc,task        ] GC(108) Using 33 workers of 33 for evacuation
[44.980s][info][gc,phases      ] GC(108)   Pre Evacuate Collection Set: 0.2ms
[44.980s][info][gc,phases      ] GC(108)   Merge Heap Roots: 0.2ms
[44.980s][info][gc,phases      ] GC(108)   Evacuate Collection Set: 0.4ms
[44.980s][info][gc,phases      ] GC(108)   Post Evacuate Collection Set: 2.5ms
[44.980s][info][gc,phases      ] GC(108)   Other: 0.1ms
[44.980s][info][gc,heap        ] GC(108) Eden regions: 641->0(641)
[44.980s][info][gc,heap        ] GC(108) Survivor regions: 2->2(81)
[44.980s][info][gc,heap        ] GC(108) Old regions: 31->31
[44.980s][info][gc,heap        ] GC(108) Archive regions: 0->0
[44.980s][info][gc,heap        ] GC(108) Humongous regions: 0->0
[44.980s][info][gc,metaspace   ] GC(108) Metaspace: 14237K(15040K)->14237K(15040K) NonClass: 12297K(12864K)->12297K(12864K) Class: 1939K(2176K)->1939K(2176K)
[44.980s][info][gc             ] GC(108) Pause Young (Normal) (G1 Evacuation Pause) 648M->7M(1073M) 3.609ms
[44.980s][info][gc,cpu         ] GC(108) User=0.00s Sys=0.00s Real=0.00s
[45.447s][info][gc,start       ] GC(109) Pause Young (Normal) (G1 Evacuation Pause)
[45.447s][info][gc,task        ] GC(109) Using 33 workers of 33 for evacuation
[45.450s][info][gc,phases      ] GC(109)   Pre Evacuate Collection Set: 0.2ms
[45.450s][info][gc,phases      ] GC(109)   Merge Heap Roots: 0.2ms
[45.450s][info][gc,phases      ] GC(109)   Evacuate Collection Set: 0.4ms
[45.450s][info][gc,phases      ] GC(109)   Post Evacuate Collection Set: 2.4ms
[45.450s][info][gc,phases      ] GC(109)   Other: 0.1ms
[45.450s][info][gc,heap        ] GC(109) Eden regions: 641->0(641)
[45.450s][info][gc,heap        ] GC(109) Survivor regions: 2->2(81)
[45.450s][info][gc,heap        ] GC(109) Old regions: 31->31
[45.450s][info][gc,heap        ] GC(109) Archive regions: 0->0
[45.450s][info][gc,heap        ] GC(109) Humongous regions: 0->0
[45.450s][info][gc,metaspace   ] GC(109) Metaspace: 14237K(15040K)->14237K(15040K) NonClass: 12297K(12864K)->12297K(12864K) Class: 1939K(2176K)->1939K(2176K)
[45.451s][info][gc             ] GC(109) Pause Young (Normal) (G1 Evacuation Pause) 648M->7M(1073M) 3.612ms
[45.451s][info][gc,cpu         ] GC(109) User=0.00s Sys=0.00s Real=0.00s
[45.908s][info][gc,start       ] GC(110) Pause Young (Normal) (G1 Evacuation Pause)
[45.908s][info][gc,task        ] GC(110) Using 33 workers of 33 for evacuation
[45.912s][info][gc,phases      ] GC(110)   Pre Evacuate Collection Set: 0.2ms
[45.912s][info][gc,phases      ] GC(110)   Merge Heap Roots: 0.2ms
[45.912s][info][gc,phases      ] GC(110)   Evacuate Collection Set: 0.4ms
[45.912s][info][gc,phases      ] GC(110)   Post Evacuate Collection Set: 2.5ms
[45.912s][info][gc,phases      ] GC(110)   Other: 0.1ms
[45.912s][info][gc,heap        ] GC(110) Eden regions: 641->0(641)
[45.912s][info][gc,heap        ] GC(110) Survivor regions: 2->2(81)
[45.912s][info][gc,heap        ] GC(110) Old regions: 31->31
[45.912s][info][gc,heap        ] GC(110) Archive regions: 0->0
[45.912s][info][gc,heap        ] GC(110) Humongous regions: 0->0
[45.912s][info][gc,metaspace   ] GC(110) Metaspace: 14237K(15040K)->14237K(15040K) NonClass: 12297K(12864K)->12297K(12864K) Class: 1939K(2176K)->1939K(2176K)
[45.912s][info][gc             ] GC(110) Pause Young (Normal) (G1 Evacuation Pause) 648M->8M(1073M) 3.608ms
[45.912s][info][gc,cpu         ] GC(110) User=0.00s Sys=0.00s Real=0.00s
[46.373s][info][gc,start       ] GC(111) Pause Young (Normal) (G1 Evacuation Pause)
[46.373s][info][gc,task        ] GC(111) Using 33 workers of 33 for evacuation
[46.376s][info][gc,phases      ] GC(111)   Pre Evacuate Collection Set: 0.2ms
[46.376s][info][gc,phases      ] GC(111)   Merge Heap Roots: 0.2ms
[46.376s][info][gc,phases      ] GC(111)   Evacuate Collection Set: 0.4ms
[46.376s][info][gc,phases      ] GC(111)   Post Evacuate Collection Set: 2.6ms
[46.376s][info][gc,phases      ] GC(111)   Other: 0.1ms
[46.376s][info][gc,heap        ] GC(111) Eden regions: 641->0(641)
[46.376s][info][gc,heap        ] GC(111) Survivor regions: 2->2(81)
[46.376s][info][gc,heap        ] GC(111) Old regions: 31->31
[46.376s][info][gc,heap        ] GC(111) Archive regions: 0->0
[46.376s][info][gc,heap        ] GC(111) Humongous regions: 0->0
[46.376s][info][gc,metaspace   ] GC(111) Metaspace: 14237K(15040K)->14237K(15040K) NonClass: 12297K(12864K)->12297K(12864K) Class: 1939K(2176K)->1939K(2176K)
[46.376s][info][gc             ] GC(111) Pause Young (Normal) (G1 Evacuation Pause) 649M->8M(1073M) 3.812ms
[46.376s][info][gc,cpu         ] GC(111) User=0.00s Sys=0.00s Real=0.00s
[46.839s][info][gc,start       ] GC(112) Pause Young (Normal) (G1 Evacuation Pause)
[46.839s][info][gc,task        ] GC(112) Using 33 workers of 33 for evacuation
[46.842s][info][gc,phases      ] GC(112)   Pre Evacuate Collection Set: 0.2ms
[46.842s][info][gc,phases      ] GC(112)   Merge Heap Roots: 0.2ms
[46.842s][info][gc,phases      ] GC(112)   Evacuate Collection Set: 0.4ms
[46.842s][info][gc,phases      ] GC(112)   Post Evacuate Collection Set: 2.7ms
[46.842s][info][gc,phases      ] GC(112)   Other: 0.1ms
[46.842s][info][gc,heap        ] GC(112) Eden regions: 641->0(641)
[46.842s][info][gc,heap        ] GC(112) Survivor regions: 2->2(81)
[46.842s][info][gc,heap        ] GC(112) Old regions: 31->31
[46.842s][info][gc,heap        ] GC(112) Archive regions: 0->0
[46.842s][info][gc,heap        ] GC(112) Humongous regions: 0->0
[46.842s][info][gc,metaspace   ] GC(112) Metaspace: 14237K(15040K)->14237K(15040K) NonClass: 12297K(12864K)->12297K(12864K) Class: 1939K(2176K)->1939K(2176K)
[46.843s][info][gc             ] GC(112) Pause Young (Normal) (G1 Evacuation Pause) 649M->8M(1073M) 3.853ms
[46.843s][info][gc,cpu         ] GC(112) User=0.00s Sys=0.00s Real=0.00s
[47.302s][info][gc,start       ] GC(113) Pause Young (Normal) (G1 Evacuation Pause)
[47.302s][info][gc,task        ] GC(113) Using 33 workers of 33 for evacuation
[47.305s][info][gc,phases      ] GC(113)   Pre Evacuate Collection Set: 0.2ms
[47.305s][info][gc,phases      ] GC(113)   Merge Heap Roots: 0.2ms
[47.305s][info][gc,phases      ] GC(113)   Evacuate Collection Set: 0.4ms
[47.305s][info][gc,phases      ] GC(113)   Post Evacuate Collection Set: 2.8ms
[47.305s][info][gc,phases      ] GC(113)   Other: 0.1ms
[47.305s][info][gc,heap        ] GC(113) Eden regions: 641->0(641)
[47.305s][info][gc,heap        ] GC(113) Survivor regions: 2->2(81)
[47.305s][info][gc,heap        ] GC(113) Old regions: 31->31
[47.305s][info][gc,heap        ] GC(113) Archive regions: 0->0
[47.305s][info][gc,heap        ] GC(113) Humongous regions: 0->0
[47.305s][info][gc,metaspace   ] GC(113) Metaspace: 14237K(15040K)->14237K(15040K) NonClass: 12297K(12864K)->12297K(12864K) Class: 1939K(2176K)->1939K(2176K)
[47.305s][info][gc             ] GC(113) Pause Young (Normal) (G1 Evacuation Pause) 649M->8M(1073M) 3.922ms
[47.305s][info][gc,cpu         ] GC(113) User=0.52s Sys=0.00s Real=0.00s
[47.869s][info][gc,start       ] GC(114) Pause Young (Normal) (G1 Evacuation Pause)
[47.870s][info][gc,task        ] GC(114) Using 33 workers of 33 for evacuation
[47.875s][info][gc,phases      ] GC(114)   Pre Evacuate Collection Set: 0.3ms
[47.875s][info][gc,phases      ] GC(114)   Merge Heap Roots: 0.4ms
[47.875s][info][gc,phases      ] GC(114)   Evacuate Collection Set: 0.7ms
[47.875s][info][gc,phases      ] GC(114)   Post Evacuate Collection Set: 3.7ms
[47.875s][info][gc,phases      ] GC(114)   Other: 0.2ms
[47.875s][info][gc,heap        ] GC(114) Eden regions: 641->0(641)
[47.875s][info][gc,heap        ] GC(114) Survivor regions: 2->2(81)
[47.875s][info][gc,heap        ] GC(114) Old regions: 31->32
[47.875s][info][gc,heap        ] GC(114) Archive regions: 0->0
[47.875s][info][gc,heap        ] GC(114) Humongous regions: 0->0
[47.875s][info][gc,metaspace   ] GC(114) Metaspace: 14237K(15040K)->14237K(15040K) NonClass: 12297K(12864K)->12297K(12864K) Class: 1939K(2176K)->1939K(2176K)
[47.875s][info][gc             ] GC(114) Pause Young (Normal) (G1 Evacuation Pause) 649M->8M(1073M) 5.748ms
[47.875s][info][gc,cpu         ] GC(114) User=0.00s Sys=0.00s Real=0.00s
[48.365s][info][gc,start       ] GC(115) Pause Young (Normal) (G1 Evacuation Pause)
[48.365s][info][gc,task        ] GC(115) Using 33 workers of 33 for evacuation
[48.368s][info][gc,phases      ] GC(115)   Pre Evacuate Collection Set: 0.2ms
[48.368s][info][gc,phases      ] GC(115)   Merge Heap Roots: 0.2ms
[48.368s][info][gc,phases      ] GC(115)   Evacuate Collection Set: 0.4ms
[48.368s][info][gc,phases      ] GC(115)   Post Evacuate Collection Set: 2.4ms
[48.369s][info][gc,phases      ] GC(115)   Other: 0.1ms
[48.369s][info][gc,heap        ] GC(115) Eden regions: 641->0(641)
[48.369s][info][gc,heap        ] GC(115) Survivor regions: 2->2(81)
[48.369s][info][gc,heap        ] GC(115) Old regions: 32->32
[48.369s][info][gc,heap        ] GC(115) Archive regions: 0->0
[48.369s][info][gc,heap        ] GC(115) Humongous regions: 0->0
[48.369s][info][gc,metaspace   ] GC(115) Metaspace: 14237K(15040K)->14237K(15040K) NonClass: 12297K(12864K)->12297K(12864K) Class: 1939K(2176K)->1939K(2176K)
[48.369s][info][gc             ] GC(115) Pause Young (Normal) (G1 Evacuation Pause) 649M->8M(1073M) 3.534ms
[48.369s][info][gc,cpu         ] GC(115) User=0.52s Sys=0.00s Real=0.00s
[48.794s][info][gc,start       ] GC(116) Pause Young (Normal) (G1 Evacuation Pause)
[48.795s][info][gc,task        ] GC(116) Using 33 workers of 33 for evacuation
[48.798s][info][gc,phases      ] GC(116)   Pre Evacuate Collection Set: 0.2ms
[48.798s][info][gc,phases      ] GC(116)   Merge Heap Roots: 0.3ms
[48.798s][info][gc,phases      ] GC(116)   Evacuate Collection Set: 0.4ms
[48.798s][info][gc,phases      ] GC(116)   Post Evacuate Collection Set: 2.7ms
[48.798s][info][gc,phases      ] GC(116)   Other: 0.2ms
[48.798s][info][gc,heap        ] GC(116) Eden regions: 641->0(641)
[48.798s][info][gc,heap        ] GC(116) Survivor regions: 2->2(81)
[48.798s][info][gc,heap        ] GC(116) Old regions: 32->32
[48.798s][info][gc,heap        ] GC(116) Archive regions: 0->0
[48.798s][info][gc,heap        ] GC(116) Humongous regions: 0->0
[48.798s][info][gc,metaspace   ] GC(116) Metaspace: 14237K(15040K)->14237K(15040K) NonClass: 12297K(12864K)->12297K(12864K) Class: 1939K(2176K)->1939K(2176K)
[48.798s][info][gc             ] GC(116) Pause Young (Normal) (G1 Evacuation Pause) 649M->8M(1073M) 4.030ms
[48.799s][info][gc,cpu         ] GC(116) User=0.00s Sys=0.00s Real=0.00s
[49.103s][info][gc,start       ] GC(117) Pause Full (System.gc())
[49.104s][info][gc,task        ] GC(117) Using 29 workers of 33 for full compaction
[49.105s][info][gc,phases,start] GC(117) Phase 1: Mark live objects
[49.112s][info][gc,phases      ] GC(117) Phase 1: Mark live objects 7.508ms
[49.112s][info][gc,phases,start] GC(117) Phase 2: Prepare compaction
[49.113s][info][gc,phases      ] GC(117) Phase 2: Prepare compaction 1.190ms
[49.113s][info][gc,phases,start] GC(117) Phase 3: Adjust pointers
[49.119s][info][gc,phases      ] GC(117) Phase 3: Adjust pointers 5.576ms
[49.119s][info][gc,phases,start] GC(117) Phase 4: Compact heap
[49.120s][info][gc,phases      ] GC(117) Phase 4: Compact heap 0.720ms
[49.129s][info][gc,heap        ] GC(117) Eden regions: 456->0(56)
[49.129s][info][gc,heap        ] GC(117) Survivor regions: 2->0(81)
[49.129s][info][gc,heap        ] GC(117) Old regions: 32->28
[49.129s][info][gc,heap        ] GC(117) Archive regions: 0->0
[49.129s][info][gc,heap        ] GC(117) Humongous regions: 0->0
[49.129s][info][gc,metaspace   ] GC(117) Metaspace: 14237K(15040K)->14237K(15040K) NonClass: 12297K(12864K)->12297K(12864K) Class: 1939K(2176K)->1939K(2176K)
[49.130s][info][gc             ] GC(117) Pause Full (System.gc()) 464M->5M(94M) 26.122ms
[49.130s][info][gc,cpu         ] GC(117) User=0.02s Sys=0.00s Real=0.02s
[49.179s][info][gc,start       ] GC(118) Pause Young (Normal) (G1 Evacuation Pause)
[49.179s][info][gc,task        ] GC(118) Using 33 workers of 33 for evacuation
[49.181s][info][gc,phases      ] GC(118)   Pre Evacuate Collection Set: 0.1ms
[49.181s][info][gc,phases      ] GC(118)   Merge Heap Roots: 0.1ms
[49.181s][info][gc,phases      ] GC(118)   Evacuate Collection Set: 0.5ms
[49.181s][info][gc,phases      ] GC(118)   Post Evacuate Collection Set: 1.7ms
[49.181s][info][gc,phases      ] GC(118)   Other: 0.1ms
[49.181s][info][gc,heap        ] GC(118) Eden regions: 56->0(54)
[49.181s][info][gc,heap        ] GC(118) Survivor regions: 0->2(7)
[49.181s][info][gc,heap        ] GC(118) Old regions: 28->28
[49.181s][info][gc,heap        ] GC(118) Archive regions: 0->0
[49.181s][info][gc,heap        ] GC(118) Humongous regions: 0->0
[49.181s][info][gc,metaspace   ] GC(118) Metaspace: 14257K(15040K)->14257K(15040K) NonClass: 12318K(12864K)->12318K(12864K) Class: 1939K(2176K)->1939K(2176K)
[49.181s][info][gc             ] GC(118) Pause Young (Normal) (G1 Evacuation Pause) 61M->6M(94M) 2.696ms
[49.181s][info][gc,cpu         ] GC(118) User=0.00s Sys=0.00s Real=0.00s
[49.218s][info][gc,start       ] GC(119) Pause Young (Normal) (G1 Evacuation Pause)
[49.218s][info][gc,task        ] GC(119) Using 33 workers of 33 for evacuation
[49.221s][info][gc,phases      ] GC(119)   Pre Evacuate Collection Set: 0.1ms
[49.221s][info][gc,phases      ] GC(119)   Merge Heap Roots: 0.1ms
[49.221s][info][gc,phases      ] GC(119)   Evacuate Collection Set: 0.4ms
[49.221s][info][gc,phases      ] GC(119)   Post Evacuate Collection Set: 1.6ms
[49.221s][info][gc,phases      ] GC(119)   Other: 0.1ms
[49.221s][info][gc,heap        ] GC(119) Eden regions: 54->0(54)
[49.221s][info][gc,heap        ] GC(119) Survivor regions: 2->2(7)
[49.221s][info][gc,heap        ] GC(119) Old regions: 28->28
[49.221s][info][gc,heap        ] GC(119) Archive regions: 0->0
[49.221s][info][gc,heap        ] GC(119) Humongous regions: 0->0
[49.221s][info][gc,metaspace   ] GC(119) Metaspace: 14257K(15040K)->14257K(15040K) NonClass: 12318K(12864K)->12318K(12864K) Class: 1939K(2176K)->1939K(2176K)
[49.221s][info][gc             ] GC(119) Pause Young (Normal) (G1 Evacuation Pause) 60M->6M(94M) 2.459ms
[49.221s][info][gc,cpu         ] GC(119) User=0.00s Sys=0.00s Real=0.00s
[49.259s][info][gc,start       ] GC(120) Pause Young (Normal) (G1 Evacuation Pause)
[49.259s][info][gc,task        ] GC(120) Using 33 workers of 33 for evacuation
[49.261s][info][gc,phases      ] GC(120)   Pre Evacuate Collection Set: 0.1ms
[49.261s][info][gc,phases      ] GC(120)   Merge Heap Roots: 0.1ms
[49.261s][info][gc,phases      ] GC(120)   Evacuate Collection Set: 0.5ms
[49.261s][info][gc,phases      ] GC(120)   Post Evacuate Collection Set: 1.6ms
[49.261s][info][gc,phases      ] GC(120)   Other: 0.1ms
[49.261s][info][gc,heap        ] GC(120) Eden regions: 54->0(54)
[49.261s][info][gc,heap        ] GC(120) Survivor regions: 2->2(7)
[49.261s][info][gc,heap        ] GC(120) Old regions: 28->28
[49.261s][info][gc,heap        ] GC(120) Archive regions: 0->0
[49.261s][info][gc,heap        ] GC(120) Humongous regions: 0->0
[49.261s][info][gc,metaspace   ] GC(120) Metaspace: 14257K(15040K)->14257K(15040K) NonClass: 12318K(12864K)->12318K(12864K) Class: 1939K(2176K)->1939K(2176K)
[49.261s][info][gc             ] GC(120) Pause Young (Normal) (G1 Evacuation Pause) 60M->6M(94M) 2.526ms
[49.261s][info][gc,cpu         ] GC(120) User=0.00s Sys=0.00s Real=0.00s
[49.299s][info][gc,start       ] GC(121) Pause Young (Normal) (G1 Evacuation Pause)
[49.299s][info][gc,task        ] GC(121) Using 33 workers of 33 for evacuation
[49.306s][info][gc,phases      ] GC(121)   Pre Evacuate Collection Set: 0.1ms
[49.306s][info][gc,phases      ] GC(121)   Merge Heap Roots: 0.1ms
[49.306s][info][gc,phases      ] GC(121)   Evacuate Collection Set: 0.4ms
[49.306s][info][gc,phases      ] GC(121)   Post Evacuate Collection Set: 5.9ms
[49.306s][info][gc,phases      ] GC(121)   Other: 0.1ms
[49.306s][info][gc,heap        ] GC(121) Eden regions: 54->0(640)
[49.306s][info][gc,heap        ] GC(121) Survivor regions: 2->2(7)
[49.306s][info][gc,heap        ] GC(121) Old regions: 28->28
[49.306s][info][gc,heap        ] GC(121) Archive regions: 0->0
[49.306s][info][gc,heap        ] GC(121) Humongous regions: 0->0
[49.306s][info][gc,metaspace   ] GC(121) Metaspace: 14257K(15040K)->14257K(15040K) NonClass: 12318K(12864K)->12318K(12864K) Class: 1939K(2176K)->1939K(2176K)
[49.306s][info][gc             ] GC(121) Pause Young (Normal) (G1 Evacuation Pause) 60M->6M(1071M) 6.769ms
[49.306s][info][gc,cpu         ] GC(121) User=0.00s Sys=0.02s Real=0.01s
[49.744s][info][gc,start       ] GC(122) Pause Young (Normal) (G1 Evacuation Pause)
[49.744s][info][gc,task        ] GC(122) Using 33 workers of 33 for evacuation
[49.749s][info][gc,phases      ] GC(122)   Pre Evacuate Collection Set: 0.2ms
[49.749s][info][gc,phases      ] GC(122)   Merge Heap Roots: 0.2ms
[49.749s][info][gc,phases      ] GC(122)   Evacuate Collection Set: 1.8ms
[49.749s][info][gc,phases      ] GC(122)   Post Evacuate Collection Set: 2.6ms
[49.749s][info][gc,phases      ] GC(122)   Other: 0.1ms
[49.749s][info][gc,heap        ] GC(122) Eden regions: 640->0(640)
[49.749s][info][gc,heap        ] GC(122) Survivor regions: 2->2(81)
[49.749s][info][gc,heap        ] GC(122) Old regions: 28->28
[49.749s][info][gc,heap        ] GC(122) Archive regions: 0->0
[49.749s][info][gc,heap        ] GC(122) Humongous regions: 0->0
[49.749s][info][gc,metaspace   ] GC(122) Metaspace: 14257K(15040K)->14257K(15040K) NonClass: 12318K(12864K)->12318K(12864K) Class: 1939K(2176K)->1939K(2176K)
[49.749s][info][gc             ] GC(122) Pause Young (Normal) (G1 Evacuation Pause) 646M->6M(1071M) 5.054ms
[49.749s][info][gc,cpu         ] GC(122) User=0.00s Sys=0.00s Real=0.01s
[50.206s][info][gc,start       ] GC(123) Pause Young (Normal) (G1 Evacuation Pause)
[50.206s][info][gc,task        ] GC(123) Using 33 workers of 33 for evacuation
[50.211s][info][gc,phases      ] GC(123)   Pre Evacuate Collection Set: 0.2ms
[50.211s][info][gc,phases      ] GC(123)   Merge Heap Roots: 0.2ms
[50.211s][info][gc,phases      ] GC(123)   Evacuate Collection Set: 1.8ms
[50.211s][info][gc,phases      ] GC(123)   Post Evacuate Collection Set: 2.8ms
[50.211s][info][gc,phases      ] GC(123)   Other: 0.1ms
[50.211s][info][gc,heap        ] GC(123) Eden regions: 640->0(640)
[50.211s][info][gc,heap        ] GC(123) Survivor regions: 2->2(81)
[50.212s][info][gc,heap        ] GC(123) Old regions: 28->28
[50.212s][info][gc,heap        ] GC(123) Archive regions: 0->0
[50.212s][info][gc,heap        ] GC(123) Humongous regions: 0->0
[50.212s][info][gc,metaspace   ] GC(123) Metaspace: 14257K(15040K)->14257K(15040K) NonClass: 12318K(12864K)->12318K(12864K) Class: 1939K(2176K)->1939K(2176K)
[50.212s][info][gc             ] GC(123) Pause Young (Normal) (G1 Evacuation Pause) 646M->6M(1071M) 5.279ms
[50.212s][info][gc,cpu         ] GC(123) User=0.52s Sys=0.00s Real=0.00s
[50.687s][info][gc,start       ] GC(124) Pause Young (Normal) (G1 Evacuation Pause)
[50.687s][info][gc,task        ] GC(124) Using 33 workers of 33 for evacuation
[50.692s][info][gc,phases      ] GC(124)   Pre Evacuate Collection Set: 0.2ms
[50.692s][info][gc,phases      ] GC(124)   Merge Heap Roots: 0.2ms
[50.692s][info][gc,phases      ] GC(124)   Evacuate Collection Set: 0.6ms
[50.692s][info][gc,phases      ] GC(124)   Post Evacuate Collection Set: 3.1ms
[50.692s][info][gc,phases      ] GC(124)   Other: 0.1ms
[50.692s][info][gc,heap        ] GC(124) Eden regions: 640->0(640)
[50.692s][info][gc,heap        ] GC(124) Survivor regions: 2->2(81)
[50.692s][info][gc,heap        ] GC(124) Old regions: 28->28
[50.692s][info][gc,heap        ] GC(124) Archive regions: 0->0
[50.692s][info][gc,heap        ] GC(124) Humongous regions: 0->0
[50.692s][info][gc,metaspace   ] GC(124) Metaspace: 14257K(15040K)->14257K(15040K) NonClass: 12318K(12864K)->12318K(12864K) Class: 1939K(2176K)->1939K(2176K)
[50.692s][info][gc             ] GC(124) Pause Young (Normal) (G1 Evacuation Pause) 646M->6M(1071M) 4.584ms
[50.692s][info][gc,cpu         ] GC(124) User=0.00s Sys=0.00s Real=0.00s
[51.150s][info][gc,start       ] GC(125) Pause Young (Normal) (G1 Evacuation Pause)
[51.150s][info][gc,task        ] GC(125) Using 33 workers of 33 for evacuation
[51.153s][info][gc,phases      ] GC(125)   Pre Evacuate Collection Set: 0.2ms
[51.153s][info][gc,phases      ] GC(125)   Merge Heap Roots: 0.2ms
[51.153s][info][gc,phases      ] GC(125)   Evacuate Collection Set: 0.5ms
[51.153s][info][gc,phases      ] GC(125)   Post Evacuate Collection Set: 2.4ms
[51.153s][info][gc,phases      ] GC(125)   Other: 0.1ms
[51.153s][info][gc,heap        ] GC(125) Eden regions: 640->0(640)
[51.153s][info][gc,heap        ] GC(125) Survivor regions: 2->2(81)
[51.153s][info][gc,heap        ] GC(125) Old regions: 28->28
[51.153s][info][gc,heap        ] GC(125) Archive regions: 0->0
[51.153s][info][gc,heap        ] GC(125) Humongous regions: 0->0
[51.153s][info][gc,metaspace   ] GC(125) Metaspace: 14257K(15040K)->14257K(15040K) NonClass: 12318K(12864K)->12318K(12864K) Class: 1939K(2176K)->1939K(2176K)
[51.153s][info][gc             ] GC(125) Pause Young (Normal) (G1 Evacuation Pause) 646M->7M(1071M) 3.661ms
[51.153s][info][gc,cpu         ] GC(125) User=0.00s Sys=0.00s Real=0.00s
[51.601s][info][gc,start       ] GC(126) Pause Young (Normal) (G1 Evacuation Pause)
[51.601s][info][gc,task        ] GC(126) Using 33 workers of 33 for evacuation
[51.605s][info][gc,phases      ] GC(126)   Pre Evacuate Collection Set: 0.2ms
[51.605s][info][gc,phases      ] GC(126)   Merge Heap Roots: 0.2ms
[51.605s][info][gc,phases      ] GC(126)   Evacuate Collection Set: 0.5ms
[51.605s][info][gc,phases      ] GC(126)   Post Evacuate Collection Set: 2.5ms
[51.605s][info][gc,phases      ] GC(126)   Other: 0.1ms
[51.605s][info][gc,heap        ] GC(126) Eden regions: 640->0(640)
[51.605s][info][gc,heap        ] GC(126) Survivor regions: 2->2(81)
[51.605s][info][gc,heap        ] GC(126) Old regions: 28->28
[51.605s][info][gc,heap        ] GC(126) Archive regions: 0->0
[51.605s][info][gc,heap        ] GC(126) Humongous regions: 0->0
[51.605s][info][gc,metaspace   ] GC(126) Metaspace: 14257K(15040K)->14257K(15040K) NonClass: 12318K(12864K)->12318K(12864K) Class: 1939K(2176K)->1939K(2176K)
[51.605s][info][gc             ] GC(126) Pause Young (Normal) (G1 Evacuation Pause) 647M->7M(1071M) 3.757ms
[51.605s][info][gc,cpu         ] GC(126) User=0.00s Sys=0.00s Real=0.00s
[52.060s][info][gc,start       ] GC(127) Pause Young (Normal) (G1 Evacuation Pause)
[52.060s][info][gc,task        ] GC(127) Using 33 workers of 33 for evacuation
[52.063s][info][gc,phases      ] GC(127)   Pre Evacuate Collection Set: 0.2ms
[52.063s][info][gc,phases      ] GC(127)   Merge Heap Roots: 0.2ms
[52.063s][info][gc,phases      ] GC(127)   Evacuate Collection Set: 0.5ms
[52.063s][info][gc,phases      ] GC(127)   Post Evacuate Collection Set: 2.4ms
[52.063s][info][gc,phases      ] GC(127)   Other: 0.1ms
[52.063s][info][gc,heap        ] GC(127) Eden regions: 640->0(640)
[52.063s][info][gc,heap        ] GC(127) Survivor regions: 2->2(81)
[52.063s][info][gc,heap        ] GC(127) Old regions: 28->28
[52.063s][info][gc,heap        ] GC(127) Archive regions: 0->0
[52.063s][info][gc,heap        ] GC(127) Humongous regions: 0->0
[52.063s][info][gc,metaspace   ] GC(127) Metaspace: 14257K(15040K)->14257K(15040K) NonClass: 12318K(12864K)->12318K(12864K) Class: 1939K(2176K)->1939K(2176K)
[52.063s][info][gc             ] GC(127) Pause Young (Normal) (G1 Evacuation Pause) 647M->7M(1071M) 3.674ms
[52.063s][info][gc,cpu         ] GC(127) User=0.00s Sys=0.00s Real=0.00s
[52.512s][info][gc,start       ] GC(128) Pause Young (Normal) (G1 Evacuation Pause)
[52.512s][info][gc,task        ] GC(128) Using 33 workers of 33 for evacuation
[52.516s][info][gc,phases      ] GC(128)   Pre Evacuate Collection Set: 0.2ms
[52.516s][info][gc,phases      ] GC(128)   Merge Heap Roots: 0.2ms
[52.516s][info][gc,phases      ] GC(128)   Evacuate Collection Set: 0.6ms
[52.516s][info][gc,phases      ] GC(128)   Post Evacuate Collection Set: 2.5ms
[52.516s][info][gc,phases      ] GC(128)   Other: 0.1ms
[52.516s][info][gc,heap        ] GC(128) Eden regions: 640->0(640)
[52.516s][info][gc,heap        ] GC(128) Survivor regions: 2->2(81)
[52.516s][info][gc,heap        ] GC(128) Old regions: 28->28
[52.516s][info][gc,heap        ] GC(128) Archive regions: 0->0
[52.516s][info][gc,heap        ] GC(128) Humongous regions: 0->0
[52.516s][info][gc,metaspace   ] GC(128) Metaspace: 14257K(15040K)->14257K(15040K) NonClass: 12318K(12864K)->12318K(12864K) Class: 1939K(2176K)->1939K(2176K)
[52.516s][info][gc             ] GC(128) Pause Young (Normal) (G1 Evacuation Pause) 647M->7M(1071M) 3.752ms
[52.516s][info][gc,cpu         ] GC(128) User=0.00s Sys=0.00s Real=0.00s
[52.967s][info][gc,start       ] GC(129) Pause Young (Normal) (G1 Evacuation Pause)
[52.968s][info][gc,task        ] GC(129) Using 33 workers of 33 for evacuation
[52.971s][info][gc,phases      ] GC(129)   Pre Evacuate Collection Set: 0.2ms
[52.971s][info][gc,phases      ] GC(129)   Merge Heap Roots: 0.2ms
[52.971s][info][gc,phases      ] GC(129)   Evacuate Collection Set: 0.6ms
[52.971s][info][gc,phases      ] GC(129)   Post Evacuate Collection Set: 2.7ms
[52.971s][info][gc,phases      ] GC(129)   Other: 0.1ms
[52.971s][info][gc,heap        ] GC(129) Eden regions: 640->0(639)
[52.971s][info][gc,heap        ] GC(129) Survivor regions: 2->3(81)
[52.971s][info][gc,heap        ] GC(129) Old regions: 28->28
[52.971s][info][gc,heap        ] GC(129) Archive regions: 0->0
[52.971s][info][gc,heap        ] GC(129) Humongous regions: 0->0
[52.971s][info][gc,metaspace   ] GC(129) Metaspace: 14257K(15040K)->14257K(15040K) NonClass: 12318K(12864K)->12318K(12864K) Class: 1939K(2176K)->1939K(2176K)
[52.971s][info][gc             ] GC(129) Pause Young (Normal) (G1 Evacuation Pause) 647M->7M(1071M) 3.896ms
[52.971s][info][gc,cpu         ] GC(129) User=0.00s Sys=0.00s Real=0.00s
[53.417s][info][gc,start       ] GC(130) Pause Young (Normal) (G1 Evacuation Pause)
[53.418s][info][gc,task        ] GC(130) Using 33 workers of 33 for evacuation
[53.422s][info][gc,phases      ] GC(130)   Pre Evacuate Collection Set: 0.2ms
[53.422s][info][gc,phases      ] GC(130)   Merge Heap Roots: 0.2ms
[53.422s][info][gc,phases      ] GC(130)   Evacuate Collection Set: 0.8ms
[53.422s][info][gc,phases      ] GC(130)   Post Evacuate Collection Set: 2.7ms
[53.422s][info][gc,phases      ] GC(130)   Other: 0.1ms
[53.422s][info][gc,heap        ] GC(130) Eden regions: 639->0(639)
[53.422s][info][gc,heap        ] GC(130) Survivor regions: 3->3(81)
[53.422s][info][gc,heap        ] GC(130) Old regions: 28->28
[53.422s][info][gc,heap        ] GC(130) Archive regions: 0->0
[53.422s][info][gc,heap        ] GC(130) Humongous regions: 0->0
[53.422s][info][gc,metaspace   ] GC(130) Metaspace: 14257K(15040K)->14257K(15040K) NonClass: 12318K(12864K)->12318K(12864K) Class: 1939K(2176K)->1939K(2176K)
[53.422s][info][gc             ] GC(130) Pause Young (Normal) (G1 Evacuation Pause) 646M->7M(1071M) 4.222ms
[53.422s][info][gc,cpu         ] GC(130) User=0.00s Sys=0.00s Real=0.00s
[53.868s][info][gc,start       ] GC(131) Pause Young (Normal) (G1 Evacuation Pause)
[53.868s][info][gc,task        ] GC(131) Using 33 workers of 33 for evacuation
[53.872s][info][gc,phases      ] GC(131)   Pre Evacuate Collection Set: 0.2ms
[53.872s][info][gc,phases      ] GC(131)   Merge Heap Roots: 0.2ms
[53.872s][info][gc,phases      ] GC(131)   Evacuate Collection Set: 0.6ms
[53.872s][info][gc,phases      ] GC(131)   Post Evacuate Collection Set: 2.8ms
[53.872s][info][gc,phases      ] GC(131)   Other: 0.1ms
[53.872s][info][gc,heap        ] GC(131) Eden regions: 639->0(639)
[53.872s][info][gc,heap        ] GC(131) Survivor regions: 3->3(81)
[53.872s][info][gc,heap        ] GC(131) Old regions: 28->28
[53.872s][info][gc,heap        ] GC(131) Archive regions: 0->0
[53.872s][info][gc,heap        ] GC(131) Humongous regions: 0->0
[53.872s][info][gc,metaspace   ] GC(131) Metaspace: 14257K(15040K)->14257K(15040K) NonClass: 12318K(12864K)->12318K(12864K) Class: 1939K(2176K)->1939K(2176K)
[53.872s][info][gc             ] GC(131) Pause Young (Normal) (G1 Evacuation Pause) 646M->7M(1071M) 4.112ms
[53.872s][info][gc,cpu         ] GC(131) User=0.00s Sys=0.00s Real=0.00s
[54.321s][info][gc,start       ] GC(132) Pause Young (Normal) (G1 Evacuation Pause)
[54.321s][info][gc,task        ] GC(132) Using 33 workers of 33 for evacuation
[54.325s][info][gc,phases      ] GC(132)   Pre Evacuate Collection Set: 0.2ms
[54.325s][info][gc,phases      ] GC(132)   Merge Heap Roots: 0.2ms
[54.325s][info][gc,phases      ] GC(132)   Evacuate Collection Set: 0.5ms
[54.325s][info][gc,phases      ] GC(132)   Post Evacuate Collection Set: 2.9ms
[54.325s][info][gc,phases      ] GC(132)   Other: 0.1ms
[54.325s][info][gc,heap        ] GC(132) Eden regions: 639->0(639)
[54.325s][info][gc,heap        ] GC(132) Survivor regions: 3->3(81)
[54.325s][info][gc,heap        ] GC(132) Old regions: 28->28
[54.325s][info][gc,heap        ] GC(132) Archive regions: 0->0
[54.325s][info][gc,heap        ] GC(132) Humongous regions: 0->0
[54.325s][info][gc,metaspace   ] GC(132) Metaspace: 14257K(15040K)->14257K(15040K) NonClass: 12318K(12864K)->12318K(12864K) Class: 1939K(2176K)->1939K(2176K)
[54.325s][info][gc             ] GC(132) Pause Young (Normal) (G1 Evacuation Pause) 646M->7M(1071M) 4.089ms
[54.325s][info][gc,cpu         ] GC(132) User=0.00s Sys=0.00s Real=0.00s
[54.779s][info][gc,start       ] GC(133) Pause Young (Normal) (G1 Evacuation Pause)
[54.779s][info][gc,task        ] GC(133) Using 33 workers of 33 for evacuation
[54.782s][info][gc,phases      ] GC(133)   Pre Evacuate Collection Set: 0.2ms
[54.782s][info][gc,phases      ] GC(133)   Merge Heap Roots: 0.2ms
[54.782s][info][gc,phases      ] GC(133)   Evacuate Collection Set: 0.5ms
[54.782s][info][gc,phases      ] GC(133)   Post Evacuate Collection Set: 2.7ms
[54.782s][info][gc,phases      ] GC(133)   Other: 0.2ms
[54.782s][info][gc,heap        ] GC(133) Eden regions: 639->0(641)
[54.783s][info][gc,heap        ] GC(133) Survivor regions: 3->1(81)
[54.783s][info][gc,heap        ] GC(133) Old regions: 28->30
[54.783s][info][gc,heap        ] GC(133) Archive regions: 0->0
[54.783s][info][gc,heap        ] GC(133) Humongous regions: 0->0
[54.783s][info][gc,metaspace   ] GC(133) Metaspace: 14257K(15040K)->14257K(15040K) NonClass: 12318K(12864K)->12318K(12864K) Class: 1939K(2176K)->1939K(2176K)
[54.783s][info][gc             ] GC(133) Pause Young (Normal) (G1 Evacuation Pause) 646M->7M(1071M) 4.013ms
[54.783s][info][gc,cpu         ] GC(133) User=0.00s Sys=0.00s Real=0.00s
[55.256s][info][gc,start       ] GC(134) Pause Young (Normal) (G1 Evacuation Pause)
[55.256s][info][gc,task        ] GC(134) Using 33 workers of 33 for evacuation
[55.259s][info][gc,phases      ] GC(134)   Pre Evacuate Collection Set: 0.2ms
[55.259s][info][gc,phases      ] GC(134)   Merge Heap Roots: 0.2ms
[55.259s][info][gc,phases      ] GC(134)   Evacuate Collection Set: 0.4ms
[55.259s][info][gc,phases      ] GC(134)   Post Evacuate Collection Set: 2.5ms
[55.259s][info][gc,phases      ] GC(134)   Other: 0.1ms
[55.259s][info][gc,heap        ] GC(134) Eden regions: 641->0(641)
[55.259s][info][gc,heap        ] GC(134) Survivor regions: 1->1(81)
[55.259s][info][gc,heap        ] GC(134) Old regions: 30->30
[55.259s][info][gc,heap        ] GC(134) Archive regions: 0->0
[55.259s][info][gc,heap        ] GC(134) Humongous regions: 0->0
[55.259s][info][gc,metaspace   ] GC(134) Metaspace: 14257K(15040K)->14257K(15040K) NonClass: 12318K(12864K)->12318K(12864K) Class: 1939K(2176K)->1939K(2176K)
[55.259s][info][gc             ] GC(134) Pause Young (Normal) (G1 Evacuation Pause) 648M->7M(1071M) 3.639ms
[55.259s][info][gc,cpu         ] GC(134) User=0.52s Sys=0.00s Real=0.00s
[55.715s][info][gc,start       ] GC(135) Pause Young (Normal) (G1 Evacuation Pause)
[55.715s][info][gc,task        ] GC(135) Using 33 workers of 33 for evacuation
[55.719s][info][gc,phases      ] GC(135)   Pre Evacuate Collection Set: 0.2ms
[55.719s][info][gc,phases      ] GC(135)   Merge Heap Roots: 0.2ms
[55.719s][info][gc,phases      ] GC(135)   Evacuate Collection Set: 0.4ms
[55.719s][info][gc,phases      ] GC(135)   Post Evacuate Collection Set: 2.6ms
[55.719s][info][gc,phases      ] GC(135)   Other: 0.1ms
[55.719s][info][gc,heap        ] GC(135) Eden regions: 641->0(640)
[55.719s][info][gc,heap        ] GC(135) Survivor regions: 1->2(81)
[55.719s][info][gc,heap        ] GC(135) Old regions: 30->30
[55.719s][info][gc,heap        ] GC(135) Archive regions: 0->0
[55.719s][info][gc,heap        ] GC(135) Humongous regions: 0->0
[55.719s][info][gc,metaspace   ] GC(135) Metaspace: 14257K(15040K)->14257K(15040K) NonClass: 12318K(12864K)->12318K(12864K) Class: 1939K(2176K)->1939K(2176K)
[55.719s][info][gc             ] GC(135) Pause Young (Normal) (G1 Evacuation Pause) 648M->7M(1071M) 3.737ms
[55.719s][info][gc,cpu         ] GC(135) User=0.00s Sys=0.00s Real=0.00s
[56.177s][info][gc,start       ] GC(136) Pause Young (Normal) (G1 Evacuation Pause)
[56.177s][info][gc,task        ] GC(136) Using 33 workers of 33 for evacuation
[56.181s][info][gc,phases      ] GC(136)   Pre Evacuate Collection Set: 0.2ms
[56.181s][info][gc,phases      ] GC(136)   Merge Heap Roots: 0.2ms
[56.181s][info][gc,phases      ] GC(136)   Evacuate Collection Set: 0.4ms
[56.181s][info][gc,phases      ] GC(136)   Post Evacuate Collection Set: 2.7ms
[56.181s][info][gc,phases      ] GC(136)   Other: 0.1ms
[56.181s][info][gc,heap        ] GC(136) Eden regions: 640->0(640)
[56.181s][info][gc,heap        ] GC(136) Survivor regions: 2->2(81)
[56.181s][info][gc,heap        ] GC(136) Old regions: 30->30
[56.181s][info][gc,heap        ] GC(136) Archive regions: 0->0
[56.181s][info][gc,heap        ] GC(136) Humongous regions: 0->0
[56.181s][info][gc,metaspace   ] GC(136) Metaspace: 14257K(15040K)->14257K(15040K) NonClass: 12318K(12864K)->12318K(12864K) Class: 1939K(2176K)->1939K(2176K)
[56.181s][info][gc             ] GC(136) Pause Young (Normal) (G1 Evacuation Pause) 647M->7M(1071M) 3.745ms
[56.181s][info][gc,cpu         ] GC(136) User=0.52s Sys=0.00s Real=0.00s
[56.640s][info][gc,start       ] GC(137) Pause Young (Normal) (G1 Evacuation Pause)
[56.640s][info][gc,task        ] GC(137) Using 33 workers of 33 for evacuation
[56.644s][info][gc,phases      ] GC(137)   Pre Evacuate Collection Set: 0.2ms
[56.644s][info][gc,phases      ] GC(137)   Merge Heap Roots: 0.2ms
[56.644s][info][gc,phases      ] GC(137)   Evacuate Collection Set: 0.4ms
[56.644s][info][gc,phases      ] GC(137)   Post Evacuate Collection Set: 2.8ms
[56.644s][info][gc,phases      ] GC(137)   Other: 0.1ms
[56.644s][info][gc,heap        ] GC(137) Eden regions: 640->0(640)
[56.644s][info][gc,heap        ] GC(137) Survivor regions: 2->2(81)
[56.644s][info][gc,heap        ] GC(137) Old regions: 30->30
[56.644s][info][gc,heap        ] GC(137) Archive regions: 0->0
[56.644s][info][gc,heap        ] GC(137) Humongous regions: 0->0
[56.644s][info][gc,metaspace   ] GC(137) Metaspace: 14257K(15040K)->14257K(15040K) NonClass: 12318K(12864K)->12318K(12864K) Class: 1939K(2176K)->1939K(2176K)
[56.644s][info][gc             ] GC(137) Pause Young (Normal) (G1 Evacuation Pause) 647M->7M(1071M) 3.958ms
[56.644s][info][gc,cpu         ] GC(137) User=0.00s Sys=0.00s Real=0.00s
[57.104s][info][gc,start       ] GC(138) Pause Young (Normal) (G1 Evacuation Pause)
[57.104s][info][gc,task        ] GC(138) Using 33 workers of 33 for evacuation
[57.108s][info][gc,phases      ] GC(138)   Pre Evacuate Collection Set: 0.2ms
[57.108s][info][gc,phases      ] GC(138)   Merge Heap Roots: 0.2ms
[57.108s][info][gc,phases      ] GC(138)   Evacuate Collection Set: 0.4ms
[57.108s][info][gc,phases      ] GC(138)   Post Evacuate Collection Set: 2.8ms
[57.108s][info][gc,phases      ] GC(138)   Other: 0.1ms
[57.108s][info][gc,heap        ] GC(138) Eden regions: 640->0(640)
[57.108s][info][gc,heap        ] GC(138) Survivor regions: 2->2(81)
[57.108s][info][gc,heap        ] GC(138) Old regions: 30->30
[57.108s][info][gc,heap        ] GC(138) Archive regions: 0->0
[57.108s][info][gc,heap        ] GC(138) Humongous regions: 0->0
[57.108s][info][gc,metaspace   ] GC(138) Metaspace: 14257K(15040K)->14257K(15040K) NonClass: 12318K(12864K)->12318K(12864K) Class: 1939K(2176K)->1939K(2176K)
[57.108s][info][gc             ] GC(138) Pause Young (Normal) (G1 Evacuation Pause) 647M->8M(1071M) 4.007ms
[57.108s][info][gc,cpu         ] GC(138) User=0.00s Sys=0.00s Real=0.00s
[57.573s][info][gc,start       ] GC(139) Pause Young (Normal) (G1 Evacuation Pause)
[57.574s][info][gc,task        ] GC(139) Using 33 workers of 33 for evacuation
[57.577s][info][gc,phases      ] GC(139)   Pre Evacuate Collection Set: 0.2ms
[57.577s][info][gc,phases      ] GC(139)   Merge Heap Roots: 0.2ms
[57.577s][info][gc,phases      ] GC(139)   Evacuate Collection Set: 0.4ms
[57.577s][info][gc,phases      ] GC(139)   Post Evacuate Collection Set: 2.7ms
[57.577s][info][gc,phases      ] GC(139)   Other: 0.1ms
[57.577s][info][gc,heap        ] GC(139) Eden regions: 640->0(640)
[57.577s][info][gc,heap        ] GC(139) Survivor regions: 2->2(81)
[57.577s][info][gc,heap        ] GC(139) Old regions: 30->30
[57.577s][info][gc,heap        ] GC(139) Archive regions: 0->0
[57.577s][info][gc,heap        ] GC(139) Humongous regions: 0->0
[57.577s][info][gc,metaspace   ] GC(139) Metaspace: 14257K(15040K)->14257K(15040K) NonClass: 12318K(12864K)->12318K(12864K) Class: 1939K(2176K)->1939K(2176K)
[57.577s][info][gc             ] GC(139) Pause Young (Normal) (G1 Evacuation Pause) 648M->8M(1071M) 3.813ms
[57.577s][info][gc,cpu         ] GC(139) User=0.00s Sys=0.00s Real=0.00s
[58.045s][info][gc,start       ] GC(140) Pause Young (Normal) (G1 Evacuation Pause)
[58.045s][info][gc,task        ] GC(140) Using 33 workers of 33 for evacuation
[58.049s][info][gc,phases      ] GC(140)   Pre Evacuate Collection Set: 0.2ms
[58.049s][info][gc,phases      ] GC(140)   Merge Heap Roots: 0.2ms
[58.049s][info][gc,phases      ] GC(140)   Evacuate Collection Set: 0.4ms
[58.049s][info][gc,phases      ] GC(140)   Post Evacuate Collection Set: 2.6ms
[58.049s][info][gc,phases      ] GC(140)   Other: 0.1ms
[58.049s][info][gc,heap        ] GC(140) Eden regions: 640->0(640)
[58.049s][info][gc,heap        ] GC(140) Survivor regions: 2->2(81)
[58.049s][info][gc,heap        ] GC(140) Old regions: 30->30
[58.049s][info][gc,heap        ] GC(140) Archive regions: 0->0
[58.049s][info][gc,heap        ] GC(140) Humongous regions: 0->0
[58.049s][info][gc,metaspace   ] GC(140) Metaspace: 14257K(15040K)->14257K(15040K) NonClass: 12318K(12864K)->12318K(12864K) Class: 1939K(2176K)->1939K(2176K)
[58.049s][info][gc             ] GC(140) Pause Young (Normal) (G1 Evacuation Pause) 648M->8M(1071M) 3.802ms
[58.049s][info][gc,cpu         ] GC(140) User=0.00s Sys=0.00s Real=0.00s
[58.519s][info][gc,start       ] GC(141) Pause Young (Normal) (G1 Evacuation Pause)
[58.519s][info][gc,task        ] GC(141) Using 33 workers of 33 for evacuation
[58.523s][info][gc,phases      ] GC(141)   Pre Evacuate Collection Set: 0.2ms
[58.523s][info][gc,phases      ] GC(141)   Merge Heap Roots: 0.2ms
[58.523s][info][gc,phases      ] GC(141)   Evacuate Collection Set: 0.4ms
[58.523s][info][gc,phases      ] GC(141)   Post Evacuate Collection Set: 2.5ms
[58.523s][info][gc,phases      ] GC(141)   Other: 0.1ms
[58.523s][info][gc,heap        ] GC(141) Eden regions: 640->0(640)
[58.523s][info][gc,heap        ] GC(141) Survivor regions: 2->2(81)
[58.523s][info][gc,heap        ] GC(141) Old regions: 30->30
[58.523s][info][gc,heap        ] GC(141) Archive regions: 0->0
[58.523s][info][gc,heap        ] GC(141) Humongous regions: 0->0
[58.523s][info][gc,metaspace   ] GC(141) Metaspace: 14257K(15040K)->14257K(15040K) NonClass: 12318K(12864K)->12318K(12864K) Class: 1939K(2176K)->1939K(2176K)
[58.523s][info][gc             ] GC(141) Pause Young (Normal) (G1 Evacuation Pause) 648M->8M(1071M) 3.629ms
[58.523s][info][gc,cpu         ] GC(141) User=0.28s Sys=0.05s Real=0.00s
[58.981s][info][gc,start       ] GC(142) Pause Young (Normal) (G1 Evacuation Pause)
[58.981s][info][gc,task        ] GC(142) Using 33 workers of 33 for evacuation
[58.985s][info][gc,phases      ] GC(142)   Pre Evacuate Collection Set: 0.2ms
[58.985s][info][gc,phases      ] GC(142)   Merge Heap Roots: 0.2ms
[58.985s][info][gc,phases      ] GC(142)   Evacuate Collection Set: 0.4ms
[58.985s][info][gc,phases      ] GC(142)   Post Evacuate Collection Set: 2.6ms
[58.985s][info][gc,phases      ] GC(142)   Other: 0.1ms
[58.985s][info][gc,heap        ] GC(142) Eden regions: 640->0(640)
[58.985s][info][gc,heap        ] GC(142) Survivor regions: 2->2(81)
[58.985s][info][gc,heap        ] GC(142) Old regions: 30->31
[58.985s][info][gc,heap        ] GC(142) Archive regions: 0->0
[58.985s][info][gc,heap        ] GC(142) Humongous regions: 0->0
[58.985s][info][gc,metaspace   ] GC(142) Metaspace: 14257K(15040K)->14257K(15040K) NonClass: 12318K(12864K)->12318K(12864K) Class: 1939K(2176K)->1939K(2176K)
[58.985s][info][gc             ] GC(142) Pause Young (Normal) (G1 Evacuation Pause) 648M->8M(1071M) 3.760ms
[58.985s][info][gc,cpu         ] GC(142) User=0.00s Sys=0.00s Real=0.00s
[59.444s][info][gc,start       ] GC(143) Pause Young (Normal) (G1 Evacuation Pause)
[59.445s][info][gc,task        ] GC(143) Using 33 workers of 33 for evacuation
[59.448s][info][gc,phases      ] GC(143)   Pre Evacuate Collection Set: 0.2ms
[59.448s][info][gc,phases      ] GC(143)   Merge Heap Roots: 0.2ms
[59.448s][info][gc,phases      ] GC(143)   Evacuate Collection Set: 0.4ms
[59.448s][info][gc,phases      ] GC(143)   Post Evacuate Collection Set: 2.8ms
[59.448s][info][gc,phases      ] GC(143)   Other: 0.1ms
[59.448s][info][gc,heap        ] GC(143) Eden regions: 640->0(640)
[59.448s][info][gc,heap        ] GC(143) Survivor regions: 2->2(81)
[59.448s][info][gc,heap        ] GC(143) Old regions: 31->31
[59.448s][info][gc,heap        ] GC(143) Archive regions: 0->0
[59.448s][info][gc,heap        ] GC(143) Humongous regions: 0->0
[59.448s][info][gc,metaspace   ] GC(143) Metaspace: 14257K(15040K)->14257K(15040K) NonClass: 12318K(12864K)->12318K(12864K) Class: 1939K(2176K)->1939K(2176K)
[59.448s][info][gc             ] GC(143) Pause Young (Normal) (G1 Evacuation Pause) 648M->8M(1071M) 3.887ms
[59.448s][info][gc,cpu         ] GC(143) User=0.00s Sys=0.00s Real=0.00s
[59.885s][info][gc,start       ] GC(144) Pause Young (Normal) (G1 Evacuation Pause)
[59.885s][info][gc,task        ] GC(144) Using 33 workers of 33 for evacuation
[59.889s][info][gc,phases      ] GC(144)   Pre Evacuate Collection Set: 0.2ms
[59.889s][info][gc,phases      ] GC(144)   Merge Heap Roots: 0.2ms
[59.889s][info][gc,phases      ] GC(144)   Evacuate Collection Set: 0.4ms
[59.889s][info][gc,phases      ] GC(144)   Post Evacuate Collection Set: 3.0ms
[59.889s][info][gc,phases      ] GC(144)   Other: 0.2ms
[59.889s][info][gc,heap        ] GC(144) Eden regions: 640->0(640)
[59.889s][info][gc,heap        ] GC(144) Survivor regions: 2->2(81)
[59.889s][info][gc,heap        ] GC(144) Old regions: 31->31
[59.889s][info][gc,heap        ] GC(144) Archive regions: 0->0
[59.889s][info][gc,heap        ] GC(144) Humongous regions: 0->0
[59.889s][info][gc,metaspace   ] GC(144) Metaspace: 14257K(15040K)->14257K(15040K) NonClass: 12318K(12864K)->12318K(12864K) Class: 1939K(2176K)->1939K(2176K)
[59.889s][info][gc             ] GC(144) Pause Young (Normal) (G1 Evacuation Pause) 648M->8M(1071M) 4.241ms
[59.889s][info][gc,cpu         ] GC(144) User=0.00s Sys=0.00s Real=0.00s
[60.268s][info][gc,start       ] GC(145) Pause Full (System.gc())
[60.268s][info][gc,task        ] GC(145) Using 29 workers of 33 for full compaction
[60.269s][info][gc,phases,start] GC(145) Phase 1: Mark live objects
[60.278s][info][gc,phases      ] GC(145) Phase 1: Mark live objects 8.564ms
[60.278s][info][gc,phases,start] GC(145) Phase 2: Prepare compaction
[60.280s][info][gc,phases      ] GC(145) Phase 2: Prepare compaction 2.534ms
[60.280s][info][gc,phases,start] GC(145) Phase 3: Adjust pointers
[60.286s][info][gc,phases      ] GC(145) Phase 3: Adjust pointers 5.387ms
[60.286s][info][gc,phases,start] GC(145) Phase 4: Compact heap
[60.286s][info][gc,phases      ] GC(145) Phase 4: Compact heap 0.589ms
[60.293s][info][gc,heap        ] GC(145) Eden regions: 557->0(58)
[60.293s][info][gc,heap        ] GC(145) Survivor regions: 2->0(81)
[60.293s][info][gc,heap        ] GC(145) Old regions: 31->29
[60.293s][info][gc,heap        ] GC(145) Archive regions: 0->0
[60.293s][info][gc,heap        ] GC(145) Humongous regions: 0->0
[60.293s][info][gc,metaspace   ] GC(145) Metaspace: 14258K(15040K)->14258K(15040K) NonClass: 12318K(12864K)->12318K(12864K) Class: 1939K(2176K)->1939K(2176K)
[60.293s][info][gc             ] GC(145) Pause Full (System.gc()) 565M->5M(97M) 24.780ms
[60.293s][info][gc,cpu         ] GC(145) User=0.45s Sys=0.00s Real=0.02s
[60.344s][info][gc,start       ] GC(146) Pause Young (Normal) (G1 Evacuation Pause)
[60.344s][info][gc,task        ] GC(146) Using 33 workers of 33 for evacuation
[60.346s][info][gc,phases      ] GC(146)   Pre Evacuate Collection Set: 0.1ms
[60.346s][info][gc,phases      ] GC(146)   Merge Heap Roots: 0.1ms
[60.346s][info][gc,phases      ] GC(146)   Evacuate Collection Set: 0.4ms
[60.346s][info][gc,phases      ] GC(146)   Post Evacuate Collection Set: 2.1ms
[60.346s][info][gc,phases      ] GC(146)   Other: 0.1ms
[60.346s][info][gc,heap        ] GC(146) Eden regions: 58->0(56)
[60.346s][info][gc,heap        ] GC(146) Survivor regions: 0->2(8)
[60.346s][info][gc,heap        ] GC(146) Old regions: 29->29
[60.347s][info][gc,heap        ] GC(146) Archive regions: 0->0
[60.347s][info][gc,heap        ] GC(146) Humongous regions: 0->0
[60.347s][info][gc,metaspace   ] GC(146) Metaspace: 14260K(15040K)->14260K(15040K) NonClass: 12321K(12864K)->12321K(12864K) Class: 1939K(2176K)->1939K(2176K)
[60.347s][info][gc             ] GC(146) Pause Young (Normal) (G1 Evacuation Pause) 63M->6M(97M) 3.002ms
[60.347s][info][gc,cpu         ] GC(146) User=0.00s Sys=0.00s Real=0.00s
[60.386s][info][gc,start       ] GC(147) Pause Young (Normal) (G1 Evacuation Pause)
[60.386s][info][gc,task        ] GC(147) Using 33 workers of 33 for evacuation
[60.389s][info][gc,phases      ] GC(147)   Pre Evacuate Collection Set: 0.1ms
[60.389s][info][gc,phases      ] GC(147)   Merge Heap Roots: 0.1ms
[60.389s][info][gc,phases      ] GC(147)   Evacuate Collection Set: 0.5ms
[60.389s][info][gc,phases      ] GC(147)   Post Evacuate Collection Set: 2.0ms
[60.389s][info][gc,phases      ] GC(147)   Other: 0.1ms
[60.389s][info][gc,heap        ] GC(147) Eden regions: 56->0(56)
[60.389s][info][gc,heap        ] GC(147) Survivor regions: 2->2(8)
[60.389s][info][gc,heap        ] GC(147) Old regions: 29->29
[60.389s][info][gc,heap        ] GC(147) Archive regions: 0->0
[60.389s][info][gc,heap        ] GC(147) Humongous regions: 0->0
[60.389s][info][gc,metaspace   ] GC(147) Metaspace: 14260K(15040K)->14260K(15040K) NonClass: 12321K(12864K)->12321K(12864K) Class: 1939K(2176K)->1939K(2176K)
[60.389s][info][gc             ] GC(147) Pause Young (Normal) (G1 Evacuation Pause) 62M->6M(97M) 2.972ms
[60.389s][info][gc,cpu         ] GC(147) User=0.00s Sys=0.00s Real=0.00s
[60.429s][info][gc,start       ] GC(148) Pause Young (Normal) (G1 Evacuation Pause)
[60.429s][info][gc,task        ] GC(148) Using 33 workers of 33 for evacuation
[60.432s][info][gc,phases      ] GC(148)   Pre Evacuate Collection Set: 0.1ms
[60.432s][info][gc,phases      ] GC(148)   Merge Heap Roots: 0.1ms
[60.432s][info][gc,phases      ] GC(148)   Evacuate Collection Set: 0.5ms
[60.432s][info][gc,phases      ] GC(148)   Post Evacuate Collection Set: 2.1ms
[60.432s][info][gc,phases      ] GC(148)   Other: 0.1ms
[60.432s][info][gc,heap        ] GC(148) Eden regions: 56->0(56)
[60.432s][info][gc,heap        ] GC(148) Survivor regions: 2->2(8)
[60.432s][info][gc,heap        ] GC(148) Old regions: 29->29
[60.432s][info][gc,heap        ] GC(148) Archive regions: 0->0
[60.432s][info][gc,heap        ] GC(148) Humongous regions: 0->0
[60.432s][info][gc,metaspace   ] GC(148) Metaspace: 14260K(15040K)->14260K(15040K) NonClass: 12321K(12864K)->12321K(12864K) Class: 1939K(2176K)->1939K(2176K)
[60.432s][info][gc             ] GC(148) Pause Young (Normal) (G1 Evacuation Pause) 62M->6M(97M) 2.973ms
[60.432s][info][gc,cpu         ] GC(148) User=0.00s Sys=0.00s Real=0.00s
[60.472s][info][gc,start       ] GC(149) Pause Young (Normal) (G1 Evacuation Pause)
[60.472s][info][gc,task        ] GC(149) Using 33 workers of 33 for evacuation
[60.479s][info][gc,phases      ] GC(149)   Pre Evacuate Collection Set: 0.1ms
[60.480s][info][gc,phases      ] GC(149)   Merge Heap Roots: 0.1ms
[60.480s][info][gc,phases      ] GC(149)   Evacuate Collection Set: 0.5ms
[60.480s][info][gc,phases      ] GC(149)   Post Evacuate Collection Set: 6.9ms
[60.480s][info][gc,phases      ] GC(149)   Other: 0.1ms
[60.480s][info][gc,heap        ] GC(149) Eden regions: 56->0(641)
[60.480s][info][gc,heap        ] GC(149) Survivor regions: 2->2(8)
[60.480s][info][gc,heap        ] GC(149) Old regions: 29->29
[60.480s][info][gc,heap        ] GC(149) Archive regions: 0->0
[60.480s][info][gc,heap        ] GC(149) Humongous regions: 0->0
[60.480s][info][gc,metaspace   ] GC(149) Metaspace: 14260K(15040K)->14260K(15040K) NonClass: 12321K(12864K)->12321K(12864K) Class: 1939K(2176K)->1939K(2176K)
[60.480s][info][gc             ] GC(149) Pause Young (Normal) (G1 Evacuation Pause) 62M->6M(1073M) 7.924ms
[60.480s][info][gc,cpu         ] GC(149) User=0.03s Sys=0.00s Real=0.01s
[60.920s][info][gc,start       ] GC(150) Pause Young (Normal) (G1 Evacuation Pause)
[60.920s][info][gc,task        ] GC(150) Using 33 workers of 33 for evacuation
[60.925s][info][gc,phases      ] GC(150)   Pre Evacuate Collection Set: 0.2ms
[60.925s][info][gc,phases      ] GC(150)   Merge Heap Roots: 0.2ms
[60.925s][info][gc,phases      ] GC(150)   Evacuate Collection Set: 1.8ms
[60.925s][info][gc,phases      ] GC(150)   Post Evacuate Collection Set: 2.9ms
[60.925s][info][gc,phases      ] GC(150)   Other: 0.1ms
[60.925s][info][gc,heap        ] GC(150) Eden regions: 641->0(641)
[60.925s][info][gc,heap        ] GC(150) Survivor regions: 2->2(81)
[60.925s][info][gc,heap        ] GC(150) Old regions: 29->29
[60.925s][info][gc,heap        ] GC(150) Archive regions: 0->0
[60.925s][info][gc,heap        ] GC(150) Humongous regions: 0->0
[60.925s][info][gc,metaspace   ] GC(150) Metaspace: 14260K(15040K)->14260K(15040K) NonClass: 12321K(12864K)->12321K(12864K) Class: 1939K(2176K)->1939K(2176K)
[60.925s][info][gc             ] GC(150) Pause Young (Normal) (G1 Evacuation Pause) 647M->6M(1073M) 5.431ms
[60.925s][info][gc,cpu         ] GC(150) User=0.00s Sys=0.00s Real=0.00s
[61.376s][info][gc,start       ] GC(151) Pause Young (Normal) (G1 Evacuation Pause)
[61.376s][info][gc,task        ] GC(151) Using 33 workers of 33 for evacuation
[61.381s][info][gc,phases      ] GC(151)   Pre Evacuate Collection Set: 0.2ms
[61.381s][info][gc,phases      ] GC(151)   Merge Heap Roots: 0.2ms
[61.381s][info][gc,phases      ] GC(151)   Evacuate Collection Set: 1.9ms
[61.381s][info][gc,phases      ] GC(151)   Post Evacuate Collection Set: 3.0ms
[61.381s][info][gc,phases      ] GC(151)   Other: 0.1ms
[61.381s][info][gc,heap        ] GC(151) Eden regions: 641->0(641)
[61.381s][info][gc,heap        ] GC(151) Survivor regions: 2->2(81)
[61.381s][info][gc,heap        ] GC(151) Old regions: 29->29
[61.381s][info][gc,heap        ] GC(151) Archive regions: 0->0
[61.381s][info][gc,heap        ] GC(151) Humongous regions: 0->0
[61.381s][info][gc,metaspace   ] GC(151) Metaspace: 14260K(15040K)->14260K(15040K) NonClass: 12321K(12864K)->12321K(12864K) Class: 1939K(2176K)->1939K(2176K)
[61.381s][info][gc             ] GC(151) Pause Young (Normal) (G1 Evacuation Pause) 647M->6M(1073M) 5.588ms
[61.381s][info][gc,cpu         ] GC(151) User=0.00s Sys=0.00s Real=0.00s
[61.844s][info][gc,start       ] GC(152) Pause Young (Normal) (G1 Evacuation Pause)
[61.845s][info][gc,task        ] GC(152) Using 33 workers of 33 for evacuation
[61.848s][info][gc,phases      ] GC(152)   Pre Evacuate Collection Set: 0.2ms
[61.848s][info][gc,phases      ] GC(152)   Merge Heap Roots: 0.2ms
[61.848s][info][gc,phases      ] GC(152)   Evacuate Collection Set: 0.5ms
[61.848s][info][gc,phases      ] GC(152)   Post Evacuate Collection Set: 2.8ms
[61.848s][info][gc,phases      ] GC(152)   Other: 0.1ms
[61.848s][info][gc,heap        ] GC(152) Eden regions: 641->0(641)
[61.848s][info][gc,heap        ] GC(152) Survivor regions: 2->2(81)
[61.848s][info][gc,heap        ] GC(152) Old regions: 29->29
[61.848s][info][gc,heap        ] GC(152) Archive regions: 0->0
[61.848s][info][gc,heap        ] GC(152) Humongous regions: 0->0
[61.848s][info][gc,metaspace   ] GC(152) Metaspace: 14260K(15040K)->14260K(15040K) NonClass: 12321K(12864K)->12321K(12864K) Class: 1939K(2176K)->1939K(2176K)
[61.848s][info][gc             ] GC(152) Pause Young (Normal) (G1 Evacuation Pause) 647M->6M(1073M) 3.990ms
[61.848s][info][gc,cpu         ] GC(152) User=0.00s Sys=0.00s Real=0.00s
[62.309s][info][gc,start       ] GC(153) Pause Young (Normal) (G1 Evacuation Pause)
[62.309s][info][gc,task        ] GC(153) Using 33 workers of 33 for evacuation
[62.312s][info][gc,phases      ] GC(153)   Pre Evacuate Collection Set: 0.2ms
[62.312s][info][gc,phases      ] GC(153)   Merge Heap Roots: 0.2ms
[62.313s][info][gc,phases      ] GC(153)   Evacuate Collection Set: 0.6ms
[62.313s][info][gc,phases      ] GC(153)   Post Evacuate Collection Set: 2.7ms
[62.313s][info][gc,phases      ] GC(153)   Other: 0.1ms
[62.313s][info][gc,heap        ] GC(153) Eden regions: 641->0(641)
[62.313s][info][gc,heap        ] GC(153) Survivor regions: 2->2(81)
[62.313s][info][gc,heap        ] GC(153) Old regions: 29->29
[62.313s][info][gc,heap        ] GC(153) Archive regions: 0->0
[62.313s][info][gc,heap        ] GC(153) Humongous regions: 0->0
[62.313s][info][gc,metaspace   ] GC(153) Metaspace: 14260K(15040K)->14260K(15040K) NonClass: 12321K(12864K)->12321K(12864K) Class: 1939K(2176K)->1939K(2176K)
[62.313s][info][gc             ] GC(153) Pause Young (Normal) (G1 Evacuation Pause) 647M->7M(1073M) 3.968ms
[62.313s][info][gc,cpu         ] GC(153) User=0.00s Sys=0.00s Real=0.00s
[62.757s][info][gc,start       ] GC(154) Pause Young (Normal) (G1 Evacuation Pause)
[62.758s][info][gc,task        ] GC(154) Using 33 workers of 33 for evacuation
[62.761s][info][gc,phases      ] GC(154)   Pre Evacuate Collection Set: 0.2ms
[62.761s][info][gc,phases      ] GC(154)   Merge Heap Roots: 0.2ms
[62.761s][info][gc,phases      ] GC(154)   Evacuate Collection Set: 0.5ms
[62.761s][info][gc,phases      ] GC(154)   Post Evacuate Collection Set: 2.8ms
[62.761s][info][gc,phases      ] GC(154)   Other: 0.1ms
[62.761s][info][gc,heap        ] GC(154) Eden regions: 641->0(641)
[62.761s][info][gc,heap        ] GC(154) Survivor regions: 2->2(81)
[62.761s][info][gc,heap        ] GC(154) Old regions: 29->29
[62.761s][info][gc,heap        ] GC(154) Archive regions: 0->0
[62.761s][info][gc,heap        ] GC(154) Humongous regions: 0->0
[62.761s][info][gc,metaspace   ] GC(154) Metaspace: 14260K(15040K)->14260K(15040K) NonClass: 12321K(12864K)->12321K(12864K) Class: 1939K(2176K)->1939K(2176K)
[62.762s][info][gc             ] GC(154) Pause Young (Normal) (G1 Evacuation Pause) 648M->7M(1073M) 4.020ms
[62.762s][info][gc,cpu         ] GC(154) User=0.00s Sys=0.00s Real=0.00s
[63.208s][info][gc,start       ] GC(155) Pause Young (Normal) (G1 Evacuation Pause)
[63.209s][info][gc,task        ] GC(155) Using 33 workers of 33 for evacuation
[63.212s][info][gc,phases      ] GC(155)   Pre Evacuate Collection Set: 0.2ms
[63.212s][info][gc,phases      ] GC(155)   Merge Heap Roots: 0.2ms
[63.212s][info][gc,phases      ] GC(155)   Evacuate Collection Set: 0.5ms
[63.212s][info][gc,phases      ] GC(155)   Post Evacuate Collection Set: 2.9ms
[63.212s][info][gc,phases      ] GC(155)   Other: 0.1ms
[63.213s][info][gc,heap        ] GC(155) Eden regions: 641->0(641)
[63.213s][info][gc,heap        ] GC(155) Survivor regions: 2->2(81)
[63.213s][info][gc,heap        ] GC(155) Old regions: 29->29
[63.213s][info][gc,heap        ] GC(155) Archive regions: 0->0
[63.213s][info][gc,heap        ] GC(155) Humongous regions: 0->0
[63.213s][info][gc,metaspace   ] GC(155) Metaspace: 14260K(15040K)->14260K(15040K) NonClass: 12321K(12864K)->12321K(12864K) Class: 1939K(2176K)->1939K(2176K)
[63.213s][info][gc             ] GC(155) Pause Young (Normal) (G1 Evacuation Pause) 648M->7M(1073M) 4.158ms
[63.213s][info][gc,cpu         ] GC(155) User=0.52s Sys=0.00s Real=0.00s
[63.660s][info][gc,start       ] GC(156) Pause Young (Normal) (G1 Evacuation Pause)
[63.660s][info][gc,task        ] GC(156) Using 33 workers of 33 for evacuation
[63.664s][info][gc,phases      ] GC(156)   Pre Evacuate Collection Set: 0.2ms
[63.664s][info][gc,phases      ] GC(156)   Merge Heap Roots: 0.2ms
[63.664s][info][gc,phases      ] GC(156)   Evacuate Collection Set: 0.6ms
[63.664s][info][gc,phases      ] GC(156)   Post Evacuate Collection Set: 3.0ms
[63.664s][info][gc,phases      ] GC(156)   Other: 0.1ms
[63.664s][info][gc,heap        ] GC(156) Eden regions: 641->0(641)
[63.664s][info][gc,heap        ] GC(156) Survivor regions: 2->2(81)
[63.664s][info][gc,heap        ] GC(156) Old regions: 29->29
[63.664s][info][gc,heap        ] GC(156) Archive regions: 0->0
[63.664s][info][gc,heap        ] GC(156) Humongous regions: 0->0
[63.664s][info][gc,metaspace   ] GC(156) Metaspace: 14260K(15040K)->14260K(15040K) NonClass: 12321K(12864K)->12321K(12864K) Class: 1939K(2176K)->1939K(2176K)
[63.664s][info][gc             ] GC(156) Pause Young (Normal) (G1 Evacuation Pause) 648M->7M(1073M) 4.231ms
[63.664s][info][gc,cpu         ] GC(156) User=0.03s Sys=0.00s Real=0.00s
[64.114s][info][gc,start       ] GC(157) Pause Young (Normal) (G1 Evacuation Pause)
[64.114s][info][gc,task        ] GC(157) Using 33 workers of 33 for evacuation
[64.118s][info][gc,phases      ] GC(157)   Pre Evacuate Collection Set: 0.2ms
[64.118s][info][gc,phases      ] GC(157)   Merge Heap Roots: 0.2ms
[64.118s][info][gc,phases      ] GC(157)   Evacuate Collection Set: 0.6ms
[64.118s][info][gc,phases      ] GC(157)   Post Evacuate Collection Set: 3.1ms
[64.118s][info][gc,phases      ] GC(157)   Other: 0.1ms
[64.118s][info][gc,heap        ] GC(157) Eden regions: 641->0(640)
[64.118s][info][gc,heap        ] GC(157) Survivor regions: 2->3(81)
[64.118s][info][gc,heap        ] GC(157) Old regions: 29->29
[64.118s][info][gc,heap        ] GC(157) Archive regions: 0->0
[64.118s][info][gc,heap        ] GC(157) Humongous regions: 0->0
[64.118s][info][gc,metaspace   ] GC(157) Metaspace: 14260K(15040K)->14260K(15040K) NonClass: 12321K(12864K)->12321K(12864K) Class: 1939K(2176K)->1939K(2176K)
[64.118s][info][gc             ] GC(157) Pause Young (Normal) (G1 Evacuation Pause) 648M->7M(1073M) 4.418ms
[64.118s][info][gc,cpu         ] GC(157) User=0.52s Sys=0.00s Real=0.00s
[64.578s][info][gc,start       ] GC(158) Pause Young (Normal) (G1 Evacuation Pause)
[64.578s][info][gc,task        ] GC(158) Using 33 workers of 33 for evacuation
[64.582s][info][gc,phases      ] GC(158)   Pre Evacuate Collection Set: 0.2ms
[64.582s][info][gc,phases      ] GC(158)   Merge Heap Roots: 0.2ms
[64.582s][info][gc,phases      ] GC(158)   Evacuate Collection Set: 0.7ms
[64.582s][info][gc,phases      ] GC(158)   Post Evacuate Collection Set: 2.7ms
[64.582s][info][gc,phases      ] GC(158)   Other: 0.1ms
[64.582s][info][gc,heap        ] GC(158) Eden regions: 640->0(640)
[64.582s][info][gc,heap        ] GC(158) Survivor regions: 3->3(81)
[64.582s][info][gc,heap        ] GC(158) Old regions: 29->29
[64.582s][info][gc,heap        ] GC(158) Archive regions: 0->0
[64.582s][info][gc,heap        ] GC(158) Humongous regions: 0->0
[64.582s][info][gc,metaspace   ] GC(158) Metaspace: 14260K(15040K)->14260K(15040K) NonClass: 12321K(12864K)->12321K(12864K) Class: 1939K(2176K)->1939K(2176K)
[64.582s][info][gc             ] GC(158) Pause Young (Normal) (G1 Evacuation Pause) 647M->7M(1073M) 4.082ms
[64.582s][info][gc,cpu         ] GC(158) User=0.00s Sys=0.00s Real=0.00s
[65.042s][info][gc,start       ] GC(159) Pause Young (Normal) (G1 Evacuation Pause)
[65.042s][info][gc,task        ] GC(159) Using 33 workers of 33 for evacuation
[65.046s][info][gc,phases      ] GC(159)   Pre Evacuate Collection Set: 0.2ms
[65.046s][info][gc,phases      ] GC(159)   Merge Heap Roots: 0.2ms
[65.046s][info][gc,phases      ] GC(159)   Evacuate Collection Set: 0.6ms
[65.046s][info][gc,phases      ] GC(159)   Post Evacuate Collection Set: 2.6ms
[65.046s][info][gc,phases      ] GC(159)   Other: 0.1ms
[65.046s][info][gc,heap        ] GC(159) Eden regions: 640->0(640)
[65.046s][info][gc,heap        ] GC(159) Survivor regions: 3->3(81)
[65.046s][info][gc,heap        ] GC(159) Old regions: 29->29
[65.046s][info][gc,heap        ] GC(159) Archive regions: 0->0
[65.046s][info][gc,heap        ] GC(159) Humongous regions: 0->0
[65.046s][info][gc,metaspace   ] GC(159) Metaspace: 14260K(15040K)->14260K(15040K) NonClass: 12321K(12864K)->12321K(12864K) Class: 1939K(2176K)->1939K(2176K)
[65.046s][info][gc             ] GC(159) Pause Young (Normal) (G1 Evacuation Pause) 647M->7M(1073M) 3.852ms
[65.046s][info][gc,cpu         ] GC(159) User=0.00s Sys=0.00s Real=0.00s
[65.492s][info][gc,start       ] GC(160) Pause Young (Normal) (G1 Evacuation Pause)
[65.492s][info][gc,task        ] GC(160) Using 33 workers of 33 for evacuation
[65.496s][info][gc,phases      ] GC(160)   Pre Evacuate Collection Set: 0.2ms
[65.496s][info][gc,phases      ] GC(160)   Merge Heap Roots: 0.2ms
[65.496s][info][gc,phases      ] GC(160)   Evacuate Collection Set: 0.6ms
[65.496s][info][gc,phases      ] GC(160)   Post Evacuate Collection Set: 2.7ms
[65.496s][info][gc,phases      ] GC(160)   Other: 0.1ms
[65.496s][info][gc,heap        ] GC(160) Eden regions: 640->0(640)
[65.496s][info][gc,heap        ] GC(160) Survivor regions: 3->3(81)
[65.496s][info][gc,heap        ] GC(160) Old regions: 29->29
[65.496s][info][gc,heap        ] GC(160) Archive regions: 0->0
[65.496s][info][gc,heap        ] GC(160) Humongous regions: 0->0
[65.496s][info][gc,metaspace   ] GC(160) Metaspace: 14260K(15040K)->14260K(15040K) NonClass: 12321K(12864K)->12321K(12864K) Class: 1939K(2176K)->1939K(2176K)
[65.496s][info][gc             ] GC(160) Pause Young (Normal) (G1 Evacuation Pause) 647M->7M(1073M) 3.962ms
[65.496s][info][gc,cpu         ] GC(160) User=0.00s Sys=0.00s Real=0.00s
[65.939s][info][gc,start       ] GC(161) Pause Young (Normal) (G1 Evacuation Pause)
[65.940s][info][gc,task        ] GC(161) Using 33 workers of 33 for evacuation
[65.943s][info][gc,phases      ] GC(161)   Pre Evacuate Collection Set: 0.2ms
[65.943s][info][gc,phases      ] GC(161)   Merge Heap Roots: 0.2ms
[65.943s][info][gc,phases      ] GC(161)   Evacuate Collection Set: 0.5ms
[65.943s][info][gc,phases      ] GC(161)   Post Evacuate Collection Set: 2.8ms
[65.943s][info][gc,phases      ] GC(161)   Other: 0.1ms
[65.943s][info][gc,heap        ] GC(161) Eden regions: 640->0(642)
[65.943s][info][gc,heap        ] GC(161) Survivor regions: 3->1(81)
[65.943s][info][gc,heap        ] GC(161) Old regions: 29->31
[65.943s][info][gc,heap        ] GC(161) Archive regions: 0->0
[65.943s][info][gc,heap        ] GC(161) Humongous regions: 0->0
[65.943s][info][gc,metaspace   ] GC(161) Metaspace: 14260K(15040K)->14260K(15040K) NonClass: 12321K(12864K)->12321K(12864K) Class: 1939K(2176K)->1939K(2176K)
[65.943s][info][gc             ] GC(161) Pause Young (Normal) (G1 Evacuation Pause) 647M->7M(1073M) 4.033ms
[65.943s][info][gc,cpu         ] GC(161) User=0.00s Sys=0.00s Real=0.00s
[66.401s][info][gc,start       ] GC(162) Pause Young (Normal) (G1 Evacuation Pause)
[66.401s][info][gc,task        ] GC(162) Using 33 workers of 33 for evacuation
[66.405s][info][gc,phases      ] GC(162)   Pre Evacuate Collection Set: 0.2ms
[66.405s][info][gc,phases      ] GC(162)   Merge Heap Roots: 0.2ms
[66.405s][info][gc,phases      ] GC(162)   Evacuate Collection Set: 0.4ms
[66.405s][info][gc,phases      ] GC(162)   Post Evacuate Collection Set: 3.0ms
[66.405s][info][gc,phases      ] GC(162)   Other: 0.1ms
[66.405s][info][gc,heap        ] GC(162) Eden regions: 642->0(642)
[66.405s][info][gc,heap        ] GC(162) Survivor regions: 1->1(81)
[66.405s][info][gc,heap        ] GC(162) Old regions: 31->31
[66.405s][info][gc,heap        ] GC(162) Archive regions: 0->0
[66.405s][info][gc,heap        ] GC(162) Humongous regions: 0->0
[66.405s][info][gc,metaspace   ] GC(162) Metaspace: 14260K(15040K)->14260K(15040K) NonClass: 12321K(12864K)->12321K(12864K) Class: 1939K(2176K)->1939K(2176K)
[66.405s][info][gc             ] GC(162) Pause Young (Normal) (G1 Evacuation Pause) 649M->7M(1073M) 4.069ms
[66.405s][info][gc,cpu         ] GC(162) User=0.00s Sys=0.00s Real=0.00s
[66.856s][info][gc,start       ] GC(163) Pause Young (Normal) (G1 Evacuation Pause)
[66.856s][info][gc,task        ] GC(163) Using 33 workers of 33 for evacuation
[66.860s][info][gc,phases      ] GC(163)   Pre Evacuate Collection Set: 0.2ms
[66.860s][info][gc,phases      ] GC(163)   Merge Heap Roots: 0.2ms
[66.860s][info][gc,phases      ] GC(163)   Evacuate Collection Set: 0.4ms
[66.860s][info][gc,phases      ] GC(163)   Post Evacuate Collection Set: 3.0ms
[66.860s][info][gc,phases      ] GC(163)   Other: 0.1ms
[66.860s][info][gc,heap        ] GC(163) Eden regions: 642->0(641)
[66.860s][info][gc,heap        ] GC(163) Survivor regions: 1->2(81)
[66.860s][info][gc,heap        ] GC(163) Old regions: 31->31
[66.860s][info][gc,heap        ] GC(163) Archive regions: 0->0
[66.860s][info][gc,heap        ] GC(163) Humongous regions: 0->0
[66.860s][info][gc,metaspace   ] GC(163) Metaspace: 14260K(15040K)->14260K(15040K) NonClass: 12321K(12864K)->12321K(12864K) Class: 1939K(2176K)->1939K(2176K)
[66.860s][info][gc             ] GC(163) Pause Young (Normal) (G1 Evacuation Pause) 649M->7M(1073M) 4.111ms
[66.860s][info][gc,cpu         ] GC(163) User=0.00s Sys=0.00s Real=0.00s
[67.316s][info][gc,start       ] GC(164) Pause Young (Normal) (G1 Evacuation Pause)
[67.316s][info][gc,task        ] GC(164) Using 33 workers of 33 for evacuation
[67.320s][info][gc,phases      ] GC(164)   Pre Evacuate Collection Set: 0.2ms
[67.320s][info][gc,phases      ] GC(164)   Merge Heap Roots: 0.2ms
[67.320s][info][gc,phases      ] GC(164)   Evacuate Collection Set: 0.4ms
[67.320s][info][gc,phases      ] GC(164)   Post Evacuate Collection Set: 3.1ms
[67.320s][info][gc,phases      ] GC(164)   Other: 0.1ms
[67.320s][info][gc,heap        ] GC(164) Eden regions: 641->0(641)
[67.320s][info][gc,heap        ] GC(164) Survivor regions: 2->2(81)
[67.320s][info][gc,heap        ] GC(164) Old regions: 31->31
[67.320s][info][gc,heap        ] GC(164) Archive regions: 0->0
[67.320s][info][gc,heap        ] GC(164) Humongous regions: 0->0
[67.320s][info][gc,metaspace   ] GC(164) Metaspace: 14260K(15040K)->14260K(15040K) NonClass: 12321K(12864K)->12321K(12864K) Class: 1939K(2176K)->1939K(2176K)
[67.320s][info][gc             ] GC(164) Pause Young (Normal) (G1 Evacuation Pause) 648M->7M(1073M) 4.330ms
[67.320s][info][gc,cpu         ] GC(164) User=0.03s Sys=0.00s Real=0.00s
[67.776s][info][gc,start       ] GC(165) Pause Young (Normal) (G1 Evacuation Pause)
[67.776s][info][gc,task        ] GC(165) Using 33 workers of 33 for evacuation
[67.780s][info][gc,phases      ] GC(165)   Pre Evacuate Collection Set: 0.2ms
[67.780s][info][gc,phases      ] GC(165)   Merge Heap Roots: 0.2ms
[67.780s][info][gc,phases      ] GC(165)   Evacuate Collection Set: 0.4ms
[67.780s][info][gc,phases      ] GC(165)   Post Evacuate Collection Set: 3.2ms
[67.780s][info][gc,phases      ] GC(165)   Other: 0.1ms
[67.780s][info][gc,heap        ] GC(165) Eden regions: 641->0(641)
[67.780s][info][gc,heap        ] GC(165) Survivor regions: 2->2(81)
[67.780s][info][gc,heap        ] GC(165) Old regions: 31->31
[67.780s][info][gc,heap        ] GC(165) Archive regions: 0->0
[67.780s][info][gc,heap        ] GC(165) Humongous regions: 0->0
[67.780s][info][gc,metaspace   ] GC(165) Metaspace: 14260K(15040K)->14260K(15040K) NonClass: 12321K(12864K)->12321K(12864K) Class: 1939K(2176K)->1939K(2176K)
[67.780s][info][gc             ] GC(165) Pause Young (Normal) (G1 Evacuation Pause) 648M->7M(1073M) 4.345ms
[67.780s][info][gc,cpu         ] GC(165) User=0.00s Sys=0.00s Real=0.00s
[68.243s][info][gc,start       ] GC(166) Pause Young (Normal) (G1 Evacuation Pause)
[68.243s][info][gc,task        ] GC(166) Using 33 workers of 33 for evacuation
[68.247s][info][gc,phases      ] GC(166)   Pre Evacuate Collection Set: 0.2ms
[68.247s][info][gc,phases      ] GC(166)   Merge Heap Roots: 0.2ms
[68.247s][info][gc,phases      ] GC(166)   Evacuate Collection Set: 0.4ms
[68.247s][info][gc,phases      ] GC(166)   Post Evacuate Collection Set: 2.9ms
[68.247s][info][gc,phases      ] GC(166)   Other: 0.1ms
[68.247s][info][gc,heap        ] GC(166) Eden regions: 641->0(641)
[68.247s][info][gc,heap        ] GC(166) Survivor regions: 2->2(81)
[68.247s][info][gc,heap        ] GC(166) Old regions: 31->31
[68.247s][info][gc,heap        ] GC(166) Archive regions: 0->0
[68.247s][info][gc,heap        ] GC(166) Humongous regions: 0->0
[68.247s][info][gc,metaspace   ] GC(166) Metaspace: 14260K(15040K)->14260K(15040K) NonClass: 12321K(12864K)->12321K(12864K) Class: 1939K(2176K)->1939K(2176K)
[68.247s][info][gc             ] GC(166) Pause Young (Normal) (G1 Evacuation Pause) 648M->8M(1073M) 4.070ms
[68.247s][info][gc,cpu         ] GC(166) User=0.00s Sys=0.00s Real=0.00s
[68.705s][info][gc,start       ] GC(167) Pause Young (Normal) (G1 Evacuation Pause)
[68.706s][info][gc,task        ] GC(167) Using 33 workers of 33 for evacuation
[68.709s][info][gc,phases      ] GC(167)   Pre Evacuate Collection Set: 0.2ms
[68.709s][info][gc,phases      ] GC(167)   Merge Heap Roots: 0.2ms
[68.709s][info][gc,phases      ] GC(167)   Evacuate Collection Set: 0.4ms
[68.709s][info][gc,phases      ] GC(167)   Post Evacuate Collection Set: 2.9ms
[68.709s][info][gc,phases      ] GC(167)   Other: 0.1ms
[68.709s][info][gc,heap        ] GC(167) Eden regions: 641->0(641)
[68.709s][info][gc,heap        ] GC(167) Survivor regions: 2->2(81)
[68.709s][info][gc,heap        ] GC(167) Old regions: 31->31
[68.709s][info][gc,heap        ] GC(167) Archive regions: 0->0
[68.709s][info][gc,heap        ] GC(167) Humongous regions: 0->0
[68.709s][info][gc,metaspace   ] GC(167) Metaspace: 14260K(15040K)->14260K(15040K) NonClass: 12321K(12864K)->12321K(12864K) Class: 1939K(2176K)->1939K(2176K)
[68.709s][info][gc             ] GC(167) Pause Young (Normal) (G1 Evacuation Pause) 649M->8M(1073M) 4.048ms
[68.710s][info][gc,cpu         ] GC(167) User=0.00s Sys=0.00s Real=0.00s
[69.174s][info][gc,start       ] GC(168) Pause Young (Normal) (G1 Evacuation Pause)
[69.174s][info][gc,task        ] GC(168) Using 33 workers of 33 for evacuation
[69.178s][info][gc,phases      ] GC(168)   Pre Evacuate Collection Set: 0.2ms
[69.178s][info][gc,phases      ] GC(168)   Merge Heap Roots: 0.2ms
[69.178s][info][gc,phases      ] GC(168)   Evacuate Collection Set: 0.4ms
[69.178s][info][gc,phases      ] GC(168)   Post Evacuate Collection Set: 2.8ms
[69.178s][info][gc,phases      ] GC(168)   Other: 0.1ms
[69.178s][info][gc,heap        ] GC(168) Eden regions: 641->0(641)
[69.178s][info][gc,heap        ] GC(168) Survivor regions: 2->2(81)
[69.178s][info][gc,heap        ] GC(168) Old regions: 31->31
[69.178s][info][gc,heap        ] GC(168) Archive regions: 0->0
[69.178s][info][gc,heap        ] GC(168) Humongous regions: 0->0
[69.178s][info][gc,metaspace   ] GC(168) Metaspace: 14260K(15040K)->14260K(15040K) NonClass: 12321K(12864K)->12321K(12864K) Class: 1939K(2176K)->1939K(2176K)
[69.178s][info][gc             ] GC(168) Pause Young (Normal) (G1 Evacuation Pause) 649M->8M(1073M) 3.923ms
[69.178s][info][gc,cpu         ] GC(168) User=0.00s Sys=0.00s Real=0.00s
[69.632s][info][gc,start       ] GC(169) Pause Young (Normal) (G1 Evacuation Pause)
[69.632s][info][gc,task        ] GC(169) Using 33 workers of 33 for evacuation
[69.636s][info][gc,phases      ] GC(169)   Pre Evacuate Collection Set: 0.2ms
[69.636s][info][gc,phases      ] GC(169)   Merge Heap Roots: 0.2ms
[69.636s][info][gc,phases      ] GC(169)   Evacuate Collection Set: 0.4ms
[69.636s][info][gc,phases      ] GC(169)   Post Evacuate Collection Set: 3.0ms
[69.636s][info][gc,phases      ] GC(169)   Other: 0.1ms
[69.636s][info][gc,heap        ] GC(169) Eden regions: 641->0(641)
[69.636s][info][gc,heap        ] GC(169) Survivor regions: 2->2(81)
[69.636s][info][gc,heap        ] GC(169) Old regions: 31->31
[69.636s][info][gc,heap        ] GC(169) Archive regions: 0->0
[69.636s][info][gc,heap        ] GC(169) Humongous regions: 0->0
[69.636s][info][gc,metaspace   ] GC(169) Metaspace: 14260K(15040K)->14260K(15040K) NonClass: 12321K(12864K)->12321K(12864K) Class: 1939K(2176K)->1939K(2176K)
[69.636s][info][gc             ] GC(169) Pause Young (Normal) (G1 Evacuation Pause) 649M->8M(1073M) 4.087ms
[69.636s][info][gc,cpu         ] GC(169) User=0.00s Sys=0.00s Real=0.00s
[70.091s][info][gc,start       ] GC(170) Pause Young (Normal) (G1 Evacuation Pause)
[70.091s][info][gc,task        ] GC(170) Using 33 workers of 33 for evacuation
[70.095s][info][gc,phases      ] GC(170)   Pre Evacuate Collection Set: 0.2ms
[70.095s][info][gc,phases      ] GC(170)   Merge Heap Roots: 0.2ms
[70.095s][info][gc,phases      ] GC(170)   Evacuate Collection Set: 0.4ms
[70.095s][info][gc,phases      ] GC(170)   Post Evacuate Collection Set: 3.1ms
[70.095s][info][gc,phases      ] GC(170)   Other: 0.1ms
[70.095s][info][gc,heap        ] GC(170) Eden regions: 641->0(641)
[70.095s][info][gc,heap        ] GC(170) Survivor regions: 2->2(81)
[70.095s][info][gc,heap        ] GC(170) Old regions: 31->31
[70.095s][info][gc,heap        ] GC(170) Archive regions: 0->0
[70.095s][info][gc,heap        ] GC(170) Humongous regions: 0->0
[70.095s][info][gc,metaspace   ] GC(170) Metaspace: 14260K(15040K)->14260K(15040K) NonClass: 12321K(12864K)->12321K(12864K) Class: 1939K(2176K)->1939K(2176K)
[70.095s][info][gc             ] GC(170) Pause Young (Normal) (G1 Evacuation Pause) 649M->8M(1073M) 4.173ms
[70.095s][info][gc,cpu         ] GC(170) User=0.00s Sys=0.00s Real=0.00s
[70.547s][info][gc,start       ] GC(171) Pause Young (Normal) (G1 Evacuation Pause)
[70.547s][info][gc,task        ] GC(171) Using 33 workers of 33 for evacuation
[70.551s][info][gc,phases      ] GC(171)   Pre Evacuate Collection Set: 0.2ms
[70.551s][info][gc,phases      ] GC(171)   Merge Heap Roots: 0.3ms
[70.551s][info][gc,phases      ] GC(171)   Evacuate Collection Set: 0.4ms
[70.551s][info][gc,phases      ] GC(171)   Post Evacuate Collection Set: 3.1ms
[70.551s][info][gc,phases      ] GC(171)   Other: 0.2ms
[70.551s][info][gc,heap        ] GC(171) Eden regions: 641->0(641)
[70.551s][info][gc,heap        ] GC(171) Survivor regions: 2->2(81)
[70.551s][info][gc,heap        ] GC(171) Old regions: 31->32
[70.551s][info][gc,heap        ] GC(171) Archive regions: 0->0
[70.551s][info][gc,heap        ] GC(171) Humongous regions: 0->0
[70.551s][info][gc,metaspace   ] GC(171) Metaspace: 14260K(15040K)->14260K(15040K) NonClass: 12321K(12864K)->12321K(12864K) Class: 1939K(2176K)->1939K(2176K)
[70.551s][info][gc             ] GC(171) Pause Young (Normal) (G1 Evacuation Pause) 649M->8M(1073M) 4.310ms
[70.551s][info][gc,cpu         ] GC(171) User=0.00s Sys=0.00s Real=0.00s
[70.983s][info][gc,start       ] GC(172) Pause Young (Normal) (G1 Evacuation Pause)
[70.983s][info][gc,task        ] GC(172) Using 33 workers of 33 for evacuation
[70.987s][info][gc,phases      ] GC(172)   Pre Evacuate Collection Set: 0.2ms
[70.987s][info][gc,phases      ] GC(172)   Merge Heap Roots: 0.2ms
[70.987s][info][gc,phases      ] GC(172)   Evacuate Collection Set: 0.4ms
[70.987s][info][gc,phases      ] GC(172)   Post Evacuate Collection Set: 3.2ms
[70.987s][info][gc,phases      ] GC(172)   Other: 0.1ms
[70.987s][info][gc,heap        ] GC(172) Eden regions: 641->0(641)
[70.987s][info][gc,heap        ] GC(172) Survivor regions: 2->2(81)
[70.987s][info][gc,heap        ] GC(172) Old regions: 32->32
[70.987s][info][gc,heap        ] GC(172) Archive regions: 0->0
[70.987s][info][gc,heap        ] GC(172) Humongous regions: 0->0
[70.987s][info][gc,metaspace   ] GC(172) Metaspace: 14264K(15040K)->14264K(15040K) NonClass: 12324K(12864K)->12324K(12864K) Class: 1939K(2176K)->1939K(2176K)
[70.987s][info][gc             ] GC(172) Pause Young (Normal) (G1 Evacuation Pause) 649M->8M(1073M) 4.323ms
[70.987s][info][gc,cpu         ] GC(172) User=0.00s Sys=0.00s Real=0.00s
[71.285s][info][gc,start       ] GC(173) Pause Full (System.gc())
[71.285s][info][gc,task        ] GC(173) Using 29 workers of 33 for full compaction
[71.286s][info][gc,phases,start] GC(173) Phase 1: Mark live objects
[71.295s][info][gc,phases      ] GC(173) Phase 1: Mark live objects 8.405ms
[71.295s][info][gc,phases,start] GC(173) Phase 2: Prepare compaction
[71.296s][info][gc,phases      ] GC(173) Phase 2: Prepare compaction 1.278ms
[71.296s][info][gc,phases,start] GC(173) Phase 3: Adjust pointers
[71.302s][info][gc,phases      ] GC(173) Phase 3: Adjust pointers 5.497ms
[71.302s][info][gc,phases,start] GC(173) Phase 4: Compact heap
[71.302s][info][gc,phases      ] GC(173) Phase 4: Compact heap 0.595ms
[71.310s][info][gc,heap        ] GC(173) Eden regions: 476->0(58)
[71.310s][info][gc,heap        ] GC(173) Survivor regions: 2->0(81)
[71.310s][info][gc,heap        ] GC(173) Old regions: 32->29
[71.310s][info][gc,heap        ] GC(173) Archive regions: 0->0
[71.311s][info][gc,heap        ] GC(173) Humongous regions: 0->0
[71.311s][info][gc,metaspace   ] GC(173) Metaspace: 14266K(15040K)->14266K(15040K) NonClass: 12327K(12864K)->12327K(12864K) Class: 1939K(2176K)->1939K(2176K)
[71.311s][info][gc             ] GC(173) Pause Full (System.gc()) 483M->5M(97M) 25.506ms
[71.311s][info][gc,cpu         ] GC(173) User=0.05s Sys=0.00s Real=0.02s
[71.361s][info][gc,start       ] GC(174) Pause Young (Normal) (G1 Evacuation Pause)
[71.361s][info][gc,task        ] GC(174) Using 33 workers of 33 for evacuation
[71.364s][info][gc,phases      ] GC(174)   Pre Evacuate Collection Set: 0.1ms
[71.364s][info][gc,phases      ] GC(174)   Merge Heap Roots: 0.1ms
[71.364s][info][gc,phases      ] GC(174)   Evacuate Collection Set: 0.4ms
[71.364s][info][gc,phases      ] GC(174)   Post Evacuate Collection Set: 2.1ms
[71.364s][info][gc,phases      ] GC(174)   Other: 0.1ms
[71.364s][info][gc,heap        ] GC(174) Eden regions: 58->0(56)
[71.364s][info][gc,heap        ] GC(174) Survivor regions: 0->2(8)
[71.364s][info][gc,heap        ] GC(174) Old regions: 29->29
[71.364s][info][gc,heap        ] GC(174) Archive regions: 0->0
[71.364s][info][gc,heap        ] GC(174) Humongous regions: 0->0
[71.364s][info][gc,metaspace   ] GC(174) Metaspace: 14267K(15040K)->14267K(15040K) NonClass: 12327K(12864K)->12327K(12864K) Class: 1939K(2176K)->1939K(2176K)
[71.364s][info][gc             ] GC(174) Pause Young (Normal) (G1 Evacuation Pause) 63M->6M(97M) 3.077ms
[71.364s][info][gc,cpu         ] GC(174) User=0.00s Sys=0.00s Real=0.00s
[71.402s][info][gc,start       ] GC(175) Pause Young (Normal) (G1 Evacuation Pause)
[71.402s][info][gc,task        ] GC(175) Using 33 workers of 33 for evacuation
[71.405s][info][gc,phases      ] GC(175)   Pre Evacuate Collection Set: 0.1ms
[71.405s][info][gc,phases      ] GC(175)   Merge Heap Roots: 0.1ms
[71.405s][info][gc,phases      ] GC(175)   Evacuate Collection Set: 0.5ms
[71.405s][info][gc,phases      ] GC(175)   Post Evacuate Collection Set: 1.8ms
[71.405s][info][gc,phases      ] GC(175)   Other: 0.1ms
[71.405s][info][gc,heap        ] GC(175) Eden regions: 56->0(56)
[71.405s][info][gc,heap        ] GC(175) Survivor regions: 2->2(8)
[71.405s][info][gc,heap        ] GC(175) Old regions: 29->29
[71.405s][info][gc,heap        ] GC(175) Archive regions: 0->0
[71.405s][info][gc,heap        ] GC(175) Humongous regions: 0->0
[71.405s][info][gc,metaspace   ] GC(175) Metaspace: 14267K(15040K)->14267K(15040K) NonClass: 12327K(12864K)->12327K(12864K) Class: 1939K(2176K)->1939K(2176K)
[71.405s][info][gc             ] GC(175) Pause Young (Normal) (G1 Evacuation Pause) 62M->6M(97M) 2.792ms
[71.405s][info][gc,cpu         ] GC(175) User=0.00s Sys=0.00s Real=0.00s
[71.443s][info][gc,start       ] GC(176) Pause Young (Normal) (G1 Evacuation Pause)
[71.443s][info][gc,task        ] GC(176) Using 33 workers of 33 for evacuation
[71.445s][info][gc,phases      ] GC(176)   Pre Evacuate Collection Set: 0.1ms
[71.445s][info][gc,phases      ] GC(176)   Merge Heap Roots: 0.1ms
[71.445s][info][gc,phases      ] GC(176)   Evacuate Collection Set: 0.4ms
[71.445s][info][gc,phases      ] GC(176)   Post Evacuate Collection Set: 1.9ms
[71.445s][info][gc,phases      ] GC(176)   Other: 0.1ms
[71.445s][info][gc,heap        ] GC(176) Eden regions: 56->0(56)
[71.446s][info][gc,heap        ] GC(176) Survivor regions: 2->2(8)
[71.446s][info][gc,heap        ] GC(176) Old regions: 29->29
[71.446s][info][gc,heap        ] GC(176) Archive regions: 0->0
[71.446s][info][gc,heap        ] GC(176) Humongous regions: 0->0
[71.446s][info][gc,metaspace   ] GC(176) Metaspace: 14267K(15040K)->14267K(15040K) NonClass: 12327K(12864K)->12327K(12864K) Class: 1939K(2176K)->1939K(2176K)
[71.446s][info][gc             ] GC(176) Pause Young (Normal) (G1 Evacuation Pause) 62M->6M(97M) 2.757ms
[71.446s][info][gc,cpu         ] GC(176) User=0.52s Sys=0.00s Real=0.00s
[71.484s][info][gc,start       ] GC(177) Pause Young (Normal) (G1 Evacuation Pause)
[71.484s][info][gc,task        ] GC(177) Using 33 workers of 33 for evacuation
[71.491s][info][gc,phases      ] GC(177)   Pre Evacuate Collection Set: 0.1ms
[71.491s][info][gc,phases      ] GC(177)   Merge Heap Roots: 0.1ms
[71.491s][info][gc,phases      ] GC(177)   Evacuate Collection Set: 0.5ms
[71.491s][info][gc,phases      ] GC(177)   Post Evacuate Collection Set: 6.6ms
[71.491s][info][gc,phases      ] GC(177)   Other: 0.1ms
[71.491s][info][gc,heap        ] GC(177) Eden regions: 56->0(641)
[71.491s][info][gc,heap        ] GC(177) Survivor regions: 2->2(8)
[71.491s][info][gc,heap        ] GC(177) Old regions: 29->29
[71.491s][info][gc,heap        ] GC(177) Archive regions: 0->0
[71.491s][info][gc,heap        ] GC(177) Humongous regions: 0->0
[71.491s][info][gc,metaspace   ] GC(177) Metaspace: 14267K(15040K)->14267K(15040K) NonClass: 12327K(12864K)->12327K(12864K) Class: 1939K(2176K)->1939K(2176K)
[71.491s][info][gc             ] GC(177) Pause Young (Normal) (G1 Evacuation Pause) 62M->6M(1073M) 7.516ms
[71.492s][info][gc,cpu         ] GC(177) User=0.00s Sys=0.00s Real=0.00s
[71.929s][info][gc,start       ] GC(178) Pause Young (Normal) (G1 Evacuation Pause)
[71.929s][info][gc,task        ] GC(178) Using 33 workers of 33 for evacuation
[71.934s][info][gc,phases      ] GC(178)   Pre Evacuate Collection Set: 0.2ms
[71.934s][info][gc,phases      ] GC(178)   Merge Heap Roots: 0.2ms
[71.934s][info][gc,phases      ] GC(178)   Evacuate Collection Set: 1.8ms
[71.934s][info][gc,phases      ] GC(178)   Post Evacuate Collection Set: 2.8ms
[71.934s][info][gc,phases      ] GC(178)   Other: 0.1ms
[71.934s][info][gc,heap        ] GC(178) Eden regions: 641->0(641)
[71.934s][info][gc,heap        ] GC(178) Survivor regions: 2->2(81)
[71.934s][info][gc,heap        ] GC(178) Old regions: 29->29
[71.934s][info][gc,heap        ] GC(178) Archive regions: 0->0
[71.934s][info][gc,heap        ] GC(178) Humongous regions: 0->0
[71.934s][info][gc,metaspace   ] GC(178) Metaspace: 14267K(15040K)->14267K(15040K) NonClass: 12327K(12864K)->12327K(12864K) Class: 1939K(2176K)->1939K(2176K)
[71.934s][info][gc             ] GC(178) Pause Young (Normal) (G1 Evacuation Pause) 647M->6M(1073M) 5.294ms
[71.934s][info][gc,cpu         ] GC(178) User=0.00s Sys=0.00s Real=0.00s
[72.386s][info][gc,start       ] GC(179) Pause Young (Normal) (G1 Evacuation Pause)
[72.386s][info][gc,task        ] GC(179) Using 33 workers of 33 for evacuation
[72.392s][info][gc,phases      ] GC(179)   Pre Evacuate Collection Set: 0.2ms
[72.392s][info][gc,phases      ] GC(179)   Merge Heap Roots: 0.2ms
[72.392s][info][gc,phases      ] GC(179)   Evacuate Collection Set: 2.2ms
[72.392s][info][gc,phases      ] GC(179)   Post Evacuate Collection Set: 2.9ms
[72.392s][info][gc,phases      ] GC(179)   Other: 0.1ms
[72.392s][info][gc,heap        ] GC(179) Eden regions: 641->0(641)
[72.392s][info][gc,heap        ] GC(179) Survivor regions: 2->2(81)
[72.392s][info][gc,heap        ] GC(179) Old regions: 29->29
[72.392s][info][gc,heap        ] GC(179) Archive regions: 0->0
[72.392s][info][gc,heap        ] GC(179) Humongous regions: 0->0
[72.392s][info][gc,metaspace   ] GC(179) Metaspace: 14267K(15040K)->14267K(15040K) NonClass: 12327K(12864K)->12327K(12864K) Class: 1939K(2176K)->1939K(2176K)
[72.392s][info][gc             ] GC(179) Pause Young (Normal) (G1 Evacuation Pause) 647M->6M(1073M) 5.797ms
[72.392s][info][gc,cpu         ] GC(179) User=0.00s Sys=0.00s Real=0.01s
[72.846s][info][gc,start       ] GC(180) Pause Young (Normal) (G1 Evacuation Pause)
[72.846s][info][gc,task        ] GC(180) Using 33 workers of 33 for evacuation
[72.850s][info][gc,phases      ] GC(180)   Pre Evacuate Collection Set: 0.2ms
[72.850s][info][gc,phases      ] GC(180)   Merge Heap Roots: 0.2ms
[72.850s][info][gc,phases      ] GC(180)   Evacuate Collection Set: 0.6ms
[72.851s][info][gc,phases      ] GC(180)   Post Evacuate Collection Set: 3.0ms
[72.851s][info][gc,phases      ] GC(180)   Other: 0.1ms
[72.851s][info][gc,heap        ] GC(180) Eden regions: 641->0(641)
[72.851s][info][gc,heap        ] GC(180) Survivor regions: 2->2(81)
[72.851s][info][gc,heap        ] GC(180) Old regions: 29->29
[72.851s][info][gc,heap        ] GC(180) Archive regions: 0->0
[72.851s][info][gc,heap        ] GC(180) Humongous regions: 0->0
[72.851s][info][gc,metaspace   ] GC(180) Metaspace: 14267K(15040K)->14267K(15040K) NonClass: 12327K(12864K)->12327K(12864K) Class: 1939K(2176K)->1939K(2176K)
[72.851s][info][gc             ] GC(180) Pause Young (Normal) (G1 Evacuation Pause) 647M->6M(1073M) 4.297ms
[72.851s][info][gc,cpu         ] GC(180) User=0.00s Sys=0.02s Real=0.00s
[73.297s][info][gc,start       ] GC(181) Pause Young (Normal) (G1 Evacuation Pause)
[73.297s][info][gc,task        ] GC(181) Using 33 workers of 33 for evacuation
[73.301s][info][gc,phases      ] GC(181)   Pre Evacuate Collection Set: 0.2ms
[73.301s][info][gc,phases      ] GC(181)   Merge Heap Roots: 0.2ms
[73.301s][info][gc,phases      ] GC(181)   Evacuate Collection Set: 0.6ms
[73.301s][info][gc,phases      ] GC(181)   Post Evacuate Collection Set: 3.0ms
[73.301s][info][gc,phases      ] GC(181)   Other: 0.1ms
[73.301s][info][gc,heap        ] GC(181) Eden regions: 641->0(641)
[73.301s][info][gc,heap        ] GC(181) Survivor regions: 2->2(81)
[73.301s][info][gc,heap        ] GC(181) Old regions: 29->29
[73.301s][info][gc,heap        ] GC(181) Archive regions: 0->0
[73.301s][info][gc,heap        ] GC(181) Humongous regions: 0->0
[73.301s][info][gc,metaspace   ] GC(181) Metaspace: 14267K(15040K)->14267K(15040K) NonClass: 12327K(12864K)->12327K(12864K) Class: 1939K(2176K)->1939K(2176K)
[73.301s][info][gc             ] GC(181) Pause Young (Normal) (G1 Evacuation Pause) 647M->7M(1073M) 4.303ms
[73.301s][info][gc,cpu         ] GC(181) User=0.00s Sys=0.00s Real=0.00s
[73.751s][info][gc,start       ] GC(182) Pause Young (Normal) (G1 Evacuation Pause)
[73.751s][info][gc,task        ] GC(182) Using 33 workers of 33 for evacuation
[73.755s][info][gc,phases      ] GC(182)   Pre Evacuate Collection Set: 0.2ms
[73.755s][info][gc,phases      ] GC(182)   Merge Heap Roots: 0.2ms
[73.755s][info][gc,phases      ] GC(182)   Evacuate Collection Set: 0.5ms
[73.755s][info][gc,phases      ] GC(182)   Post Evacuate Collection Set: 3.0ms
[73.755s][info][gc,phases      ] GC(182)   Other: 0.1ms
[73.755s][info][gc,heap        ] GC(182) Eden regions: 641->0(641)
[73.755s][info][gc,heap        ] GC(182) Survivor regions: 2->2(81)
[73.755s][info][gc,heap        ] GC(182) Old regions: 29->29
[73.755s][info][gc,heap        ] GC(182) Archive regions: 0->0
[73.755s][info][gc,heap        ] GC(182) Humongous regions: 0->0
[73.755s][info][gc,metaspace   ] GC(182) Metaspace: 14267K(15040K)->14267K(15040K) NonClass: 12327K(12864K)->12327K(12864K) Class: 1939K(2176K)->1939K(2176K)
[73.755s][info][gc             ] GC(182) Pause Young (Normal) (G1 Evacuation Pause) 648M->7M(1073M) 4.225ms
[73.755s][info][gc,cpu         ] GC(182) User=0.00s Sys=0.00s Real=0.00s
[74.222s][info][gc,start       ] GC(183) Pause Young (Normal) (G1 Evacuation Pause)
[74.223s][info][gc,task        ] GC(183) Using 33 workers of 33 for evacuation
[74.226s][info][gc,phases      ] GC(183)   Pre Evacuate Collection Set: 0.2ms
[74.226s][info][gc,phases      ] GC(183)   Merge Heap Roots: 0.2ms
[74.226s][info][gc,phases      ] GC(183)   Evacuate Collection Set: 0.5ms
[74.226s][info][gc,phases      ] GC(183)   Post Evacuate Collection Set: 2.7ms
[74.226s][info][gc,phases      ] GC(183)   Other: 0.1ms
[74.226s][info][gc,heap        ] GC(183) Eden regions: 641->0(641)
[74.226s][info][gc,heap        ] GC(183) Survivor regions: 2->2(81)
[74.226s][info][gc,heap        ] GC(183) Old regions: 29->29
[74.226s][info][gc,heap        ] GC(183) Archive regions: 0->0
[74.226s][info][gc,heap        ] GC(183) Humongous regions: 0->0
[74.226s][info][gc,metaspace   ] GC(183) Metaspace: 14267K(15040K)->14267K(15040K) NonClass: 12327K(12864K)->12327K(12864K) Class: 1939K(2176K)->1939K(2176K)
[74.226s][info][gc             ] GC(183) Pause Young (Normal) (G1 Evacuation Pause) 648M->7M(1073M) 3.959ms
[74.226s][info][gc,cpu         ] GC(183) User=0.00s Sys=0.00s Real=0.00s
[74.677s][info][gc,start       ] GC(184) Pause Young (Normal) (G1 Evacuation Pause)
[74.677s][info][gc,task        ] GC(184) Using 33 workers of 33 for evacuation
[74.681s][info][gc,phases      ] GC(184)   Pre Evacuate Collection Set: 0.2ms
[74.681s][info][gc,phases      ] GC(184)   Merge Heap Roots: 0.2ms
[74.681s][info][gc,phases      ] GC(184)   Evacuate Collection Set: 0.5ms
[74.681s][info][gc,phases      ] GC(184)   Post Evacuate Collection Set: 2.8ms
[74.681s][info][gc,phases      ] GC(184)   Other: 0.1ms
[74.681s][info][gc,heap        ] GC(184) Eden regions: 641->0(641)
[74.681s][info][gc,heap        ] GC(184) Survivor regions: 2->2(81)
[74.681s][info][gc,heap        ] GC(184) Old regions: 29->29
[74.681s][info][gc,heap        ] GC(184) Archive regions: 0->0
[74.681s][info][gc,heap        ] GC(184) Humongous regions: 0->0
[74.681s][info][gc,metaspace   ] GC(184) Metaspace: 14267K(15040K)->14267K(15040K) NonClass: 12327K(12864K)->12327K(12864K) Class: 1939K(2176K)->1939K(2176K)
[74.681s][info][gc             ] GC(184) Pause Young (Normal) (G1 Evacuation Pause) 648M->7M(1073M) 3.991ms
[74.681s][info][gc,cpu         ] GC(184) User=0.52s Sys=0.00s Real=0.00s
[75.144s][info][gc,start       ] GC(185) Pause Young (Normal) (G1 Evacuation Pause)
[75.144s][info][gc,task        ] GC(185) Using 33 workers of 33 for evacuation
[75.148s][info][gc,phases      ] GC(185)   Pre Evacuate Collection Set: 0.2ms
[75.148s][info][gc,phases      ] GC(185)   Merge Heap Roots: 0.2ms
[75.148s][info][gc,phases      ] GC(185)   Evacuate Collection Set: 0.6ms
[75.148s][info][gc,phases      ] GC(185)   Post Evacuate Collection Set: 2.8ms
[75.148s][info][gc,phases      ] GC(185)   Other: 0.1ms
[75.148s][info][gc,heap        ] GC(185) Eden regions: 641->0(640)
[75.148s][info][gc,heap        ] GC(185) Survivor regions: 2->3(81)
[75.148s][info][gc,heap        ] GC(185) Old regions: 29->29
[75.148s][info][gc,heap        ] GC(185) Archive regions: 0->0
[75.148s][info][gc,heap        ] GC(185) Humongous regions: 0->0
[75.148s][info][gc,metaspace   ] GC(185) Metaspace: 14267K(15040K)->14267K(15040K) NonClass: 12327K(12864K)->12327K(12864K) Class: 1939K(2176K)->1939K(2176K)
[75.148s][info][gc             ] GC(185) Pause Young (Normal) (G1 Evacuation Pause) 648M->7M(1073M) 4.067ms
[75.148s][info][gc,cpu         ] GC(185) User=0.00s Sys=0.00s Real=0.00s
[75.591s][info][gc,start       ] GC(186) Pause Young (Normal) (G1 Evacuation Pause)
[75.591s][info][gc,task        ] GC(186) Using 33 workers of 33 for evacuation
[75.596s][info][gc,phases      ] GC(186)   Pre Evacuate Collection Set: 0.2ms
[75.596s][info][gc,phases      ] GC(186)   Merge Heap Roots: 0.2ms
[75.596s][info][gc,phases      ] GC(186)   Evacuate Collection Set: 0.8ms
[75.596s][info][gc,phases      ] GC(186)   Post Evacuate Collection Set: 3.0ms
[75.596s][info][gc,phases      ] GC(186)   Other: 0.1ms
[75.596s][info][gc,heap        ] GC(186) Eden regions: 640->0(640)
[75.596s][info][gc,heap        ] GC(186) Survivor regions: 3->3(81)
[75.596s][info][gc,heap        ] GC(186) Old regions: 29->29
[75.596s][info][gc,heap        ] GC(186) Archive regions: 0->0
[75.596s][info][gc,heap        ] GC(186) Humongous regions: 0->0
[75.596s][info][gc,metaspace   ] GC(186) Metaspace: 14267K(15040K)->14267K(15040K) NonClass: 12327K(12864K)->12327K(12864K) Class: 1939K(2176K)->1939K(2176K)
[75.596s][info][gc             ] GC(186) Pause Young (Normal) (G1 Evacuation Pause) 647M->7M(1073M) 4.453ms
[75.596s][info][gc,cpu         ] GC(186) User=0.00s Sys=0.00s Real=0.00s
[76.049s][info][gc,start       ] GC(187) Pause Young (Normal) (G1 Evacuation Pause)
[76.049s][info][gc,task        ] GC(187) Using 33 workers of 33 for evacuation
[76.053s][info][gc,phases      ] GC(187)   Pre Evacuate Collection Set: 0.2ms
[76.053s][info][gc,phases      ] GC(187)   Merge Heap Roots: 0.2ms
[76.053s][info][gc,phases      ] GC(187)   Evacuate Collection Set: 0.6ms
[76.053s][info][gc,phases      ] GC(187)   Post Evacuate Collection Set: 3.0ms
[76.053s][info][gc,phases      ] GC(187)   Other: 0.1ms
[76.053s][info][gc,heap        ] GC(187) Eden regions: 640->0(640)
[76.054s][info][gc,heap        ] GC(187) Survivor regions: 3->3(81)
[76.054s][info][gc,heap        ] GC(187) Old regions: 29->29
[76.054s][info][gc,heap        ] GC(187) Archive regions: 0->0
[76.054s][info][gc,heap        ] GC(187) Humongous regions: 0->0
[76.054s][info][gc,metaspace   ] GC(187) Metaspace: 14267K(15040K)->14267K(15040K) NonClass: 12327K(12864K)->12327K(12864K) Class: 1939K(2176K)->1939K(2176K)
[76.054s][info][gc             ] GC(187) Pause Young (Normal) (G1 Evacuation Pause) 647M->7M(1073M) 4.371ms
[76.054s][info][gc,cpu         ] GC(187) User=0.00s Sys=0.00s Real=0.00s
[76.503s][info][gc,start       ] GC(188) Pause Young (Normal) (G1 Evacuation Pause)
[76.503s][info][gc,task        ] GC(188) Using 33 workers of 33 for evacuation
[76.508s][info][gc,phases      ] GC(188)   Pre Evacuate Collection Set: 0.2ms
[76.508s][info][gc,phases      ] GC(188)   Merge Heap Roots: 0.2ms
[76.508s][info][gc,phases      ] GC(188)   Evacuate Collection Set: 0.6ms
[76.508s][info][gc,phases      ] GC(188)   Post Evacuate Collection Set: 3.1ms
[76.508s][info][gc,phases      ] GC(188)   Other: 0.1ms
[76.508s][info][gc,heap        ] GC(188) Eden regions: 640->0(640)
[76.508s][info][gc,heap        ] GC(188) Survivor regions: 3->3(81)
[76.508s][info][gc,heap        ] GC(188) Old regions: 29->29
[76.508s][info][gc,heap        ] GC(188) Archive regions: 0->0
[76.508s][info][gc,heap        ] GC(188) Humongous regions: 0->0
[76.508s][info][gc,metaspace   ] GC(188) Metaspace: 14267K(15040K)->14267K(15040K) NonClass: 12327K(12864K)->12327K(12864K) Class: 1939K(2176K)->1939K(2176K)
[76.508s][info][gc             ] GC(188) Pause Young (Normal) (G1 Evacuation Pause) 647M->7M(1073M) 4.401ms
[76.508s][info][gc,cpu         ] GC(188) User=0.52s Sys=0.00s Real=0.00s
[76.956s][info][gc,start       ] GC(189) Pause Young (Normal) (G1 Evacuation Pause)
[76.956s][info][gc,task        ] GC(189) Using 33 workers of 33 for evacuation
[76.960s][info][gc,phases      ] GC(189)   Pre Evacuate Collection Set: 0.2ms
[76.960s][info][gc,phases      ] GC(189)   Merge Heap Roots: 0.2ms
[76.960s][info][gc,phases      ] GC(189)   Evacuate Collection Set: 0.6ms
[76.960s][info][gc,phases      ] GC(189)   Post Evacuate Collection Set: 3.2ms
[76.960s][info][gc,phases      ] GC(189)   Other: 0.1ms
[76.960s][info][gc,heap        ] GC(189) Eden regions: 640->0(642)
[76.960s][info][gc,heap        ] GC(189) Survivor regions: 3->1(81)
[76.960s][info][gc,heap        ] GC(189) Old regions: 29->31
[76.960s][info][gc,heap        ] GC(189) Archive regions: 0->0
[76.960s][info][gc,heap        ] GC(189) Humongous regions: 0->0
[76.960s][info][gc,metaspace   ] GC(189) Metaspace: 14267K(15040K)->14267K(15040K) NonClass: 12327K(12864K)->12327K(12864K) Class: 1939K(2176K)->1939K(2176K)
[76.960s][info][gc             ] GC(189) Pause Young (Normal) (G1 Evacuation Pause) 647M->7M(1073M) 4.540ms
[76.960s][info][gc,cpu         ] GC(189) User=0.52s Sys=0.00s Real=0.01s
[77.473s][info][gc,start       ] GC(190) Pause Young (Normal) (G1 Evacuation Pause)
[77.473s][info][gc,task        ] GC(190) Using 33 workers of 33 for evacuation
[77.479s][info][gc,phases      ] GC(190)   Pre Evacuate Collection Set: 0.2ms
[77.479s][info][gc,phases      ] GC(190)   Merge Heap Roots: 0.3ms
[77.479s][info][gc,phases      ] GC(190)   Evacuate Collection Set: 0.6ms
[77.479s][info][gc,phases      ] GC(190)   Post Evacuate Collection Set: 4.2ms
[77.479s][info][gc,phases      ] GC(190)   Other: 0.2ms
[77.479s][info][gc,heap        ] GC(190) Eden regions: 642->0(642)
[77.479s][info][gc,heap        ] GC(190) Survivor regions: 1->1(81)
[77.479s][info][gc,heap        ] GC(190) Old regions: 31->31
[77.479s][info][gc,heap        ] GC(190) Archive regions: 0->0
[77.479s][info][gc,heap        ] GC(190) Humongous regions: 0->0
[77.479s][info][gc,metaspace   ] GC(190) Metaspace: 14267K(15040K)->14267K(15040K) NonClass: 12327K(12864K)->12327K(12864K) Class: 1939K(2176K)->1939K(2176K)
[77.479s][info][gc             ] GC(190) Pause Young (Normal) (G1 Evacuation Pause) 649M->7M(1073M) 6.147ms
[77.479s][info][gc,cpu         ] GC(190) User=0.00s Sys=0.00s Real=0.00s
[77.953s][info][gc,start       ] GC(191) Pause Young (Normal) (G1 Evacuation Pause)
[77.953s][info][gc,task        ] GC(191) Using 33 workers of 33 for evacuation
[77.957s][info][gc,phases      ] GC(191)   Pre Evacuate Collection Set: 0.2ms
[77.957s][info][gc,phases      ] GC(191)   Merge Heap Roots: 0.2ms
[77.957s][info][gc,phases      ] GC(191)   Evacuate Collection Set: 0.4ms
[77.957s][info][gc,phases      ] GC(191)   Post Evacuate Collection Set: 2.9ms
[77.957s][info][gc,phases      ] GC(191)   Other: 0.1ms
[77.957s][info][gc,heap        ] GC(191) Eden regions: 642->0(641)
[77.957s][info][gc,heap        ] GC(191) Survivor regions: 1->2(81)
[77.957s][info][gc,heap        ] GC(191) Old regions: 31->31
[77.957s][info][gc,heap        ] GC(191) Archive regions: 0->0
[77.957s][info][gc,heap        ] GC(191) Humongous regions: 0->0
[77.957s][info][gc,metaspace   ] GC(191) Metaspace: 14267K(15040K)->14267K(15040K) NonClass: 12327K(12864K)->12327K(12864K) Class: 1939K(2176K)->1939K(2176K)
[77.957s][info][gc             ] GC(191) Pause Young (Normal) (G1 Evacuation Pause) 649M->7M(1073M) 4.079ms
[77.957s][info][gc,cpu         ] GC(191) User=0.00s Sys=0.00s Real=0.00s
[78.413s][info][gc,start       ] GC(192) Pause Young (Normal) (G1 Evacuation Pause)
[78.413s][info][gc,task        ] GC(192) Using 33 workers of 33 for evacuation
[78.417s][info][gc,phases      ] GC(192)   Pre Evacuate Collection Set: 0.2ms
[78.417s][info][gc,phases      ] GC(192)   Merge Heap Roots: 0.2ms
[78.417s][info][gc,phases      ] GC(192)   Evacuate Collection Set: 0.4ms
[78.417s][info][gc,phases      ] GC(192)   Post Evacuate Collection Set: 3.1ms
[78.417s][info][gc,phases      ] GC(192)   Other: 0.1ms
[78.417s][info][gc,heap        ] GC(192) Eden regions: 641->0(641)
[78.418s][info][gc,heap        ] GC(192) Survivor regions: 2->2(81)
[78.418s][info][gc,heap        ] GC(192) Old regions: 31->31
[78.418s][info][gc,heap        ] GC(192) Archive regions: 0->0
[78.418s][info][gc,heap        ] GC(192) Humongous regions: 0->0
[78.418s][info][gc,metaspace   ] GC(192) Metaspace: 14267K(15040K)->14267K(15040K) NonClass: 12327K(12864K)->12327K(12864K) Class: 1939K(2176K)->1939K(2176K)
[78.418s][info][gc             ] GC(192) Pause Young (Normal) (G1 Evacuation Pause) 648M->7M(1073M) 4.202ms
[78.418s][info][gc,cpu         ] GC(192) User=0.00s Sys=0.00s Real=0.00s
[78.888s][info][gc,start       ] GC(193) Pause Young (Normal) (G1 Evacuation Pause)
[78.888s][info][gc,task        ] GC(193) Using 33 workers of 33 for evacuation
[78.891s][info][gc,phases      ] GC(193)   Pre Evacuate Collection Set: 0.2ms
[78.892s][info][gc,phases      ] GC(193)   Merge Heap Roots: 0.2ms
[78.892s][info][gc,phases      ] GC(193)   Evacuate Collection Set: 0.4ms
[78.892s][info][gc,phases      ] GC(193)   Post Evacuate Collection Set: 2.9ms
[78.892s][info][gc,phases      ] GC(193)   Other: 0.1ms
[78.892s][info][gc,heap        ] GC(193) Eden regions: 641->0(641)
[78.892s][info][gc,heap        ] GC(193) Survivor regions: 2->2(81)
[78.892s][info][gc,heap        ] GC(193) Old regions: 31->31
[78.892s][info][gc,heap        ] GC(193) Archive regions: 0->0
[78.892s][info][gc,heap        ] GC(193) Humongous regions: 0->0
[78.892s][info][gc,metaspace   ] GC(193) Metaspace: 14267K(15040K)->14267K(15040K) NonClass: 12327K(12864K)->12327K(12864K) Class: 1939K(2176K)->1939K(2176K)
[78.892s][info][gc             ] GC(193) Pause Young (Normal) (G1 Evacuation Pause) 648M->7M(1073M) 4.081ms
[78.892s][info][gc,cpu         ] GC(193) User=0.00s Sys=0.00s Real=0.00s
[79.353s][info][gc,start       ] GC(194) Pause Young (Normal) (G1 Evacuation Pause)
[79.353s][info][gc,task        ] GC(194) Using 33 workers of 33 for evacuation
[79.357s][info][gc,phases      ] GC(194)   Pre Evacuate Collection Set: 0.2ms
[79.357s][info][gc,phases      ] GC(194)   Merge Heap Roots: 0.2ms
[79.357s][info][gc,phases      ] GC(194)   Evacuate Collection Set: 0.4ms
[79.357s][info][gc,phases      ] GC(194)   Post Evacuate Collection Set: 3.1ms
[79.357s][info][gc,phases      ] GC(194)   Other: 0.1ms
[79.357s][info][gc,heap        ] GC(194) Eden regions: 641->0(641)
[79.357s][info][gc,heap        ] GC(194) Survivor regions: 2->2(81)
[79.357s][info][gc,heap        ] GC(194) Old regions: 31->31
[79.357s][info][gc,heap        ] GC(194) Archive regions: 0->0
[79.357s][info][gc,heap        ] GC(194) Humongous regions: 0->0
[79.357s][info][gc,metaspace   ] GC(194) Metaspace: 14267K(15040K)->14267K(15040K) NonClass: 12327K(12864K)->12327K(12864K) Class: 1939K(2176K)->1939K(2176K)
[79.357s][info][gc             ] GC(194) Pause Young (Normal) (G1 Evacuation Pause) 648M->8M(1073M) 4.222ms
[79.357s][info][gc,cpu         ] GC(194) User=0.00s Sys=0.00s Real=0.00s
[79.818s][info][gc,start       ] GC(195) Pause Young (Normal) (G1 Evacuation Pause)
[79.818s][info][gc,task        ] GC(195) Using 33 workers of 33 for evacuation
[79.822s][info][gc,phases      ] GC(195)   Pre Evacuate Collection Set: 0.2ms
[79.822s][info][gc,phases      ] GC(195)   Merge Heap Roots: 0.2ms
[79.822s][info][gc,phases      ] GC(195)   Evacuate Collection Set: 0.4ms
[79.822s][info][gc,phases      ] GC(195)   Post Evacuate Collection Set: 3.2ms
[79.822s][info][gc,phases      ] GC(195)   Other: 0.1ms
[79.822s][info][gc,heap        ] GC(195) Eden regions: 641->0(641)
[79.822s][info][gc,heap        ] GC(195) Survivor regions: 2->2(81)
[79.822s][info][gc,heap        ] GC(195) Old regions: 31->31
[79.822s][info][gc,heap        ] GC(195) Archive regions: 0->0
[79.822s][info][gc,heap        ] GC(195) Humongous regions: 0->0
[79.822s][info][gc,metaspace   ] GC(195) Metaspace: 14267K(15040K)->14267K(15040K) NonClass: 12327K(12864K)->12327K(12864K) Class: 1939K(2176K)->1939K(2176K)
[79.822s][info][gc             ] GC(195) Pause Young (Normal) (G1 Evacuation Pause) 649M->8M(1073M) 4.349ms
[79.822s][info][gc,cpu         ] GC(195) User=0.52s Sys=0.00s Real=0.00s
[80.324s][info][gc,start       ] GC(196) Pause Young (Normal) (G1 Evacuation Pause)
[80.324s][info][gc,task        ] GC(196) Using 33 workers of 33 for evacuation
[80.330s][info][gc,phases      ] GC(196)   Pre Evacuate Collection Set: 0.3ms
[80.330s][info][gc,phases      ] GC(196)   Merge Heap Roots: 0.4ms
[80.330s][info][gc,phases      ] GC(196)   Evacuate Collection Set: 0.7ms
[80.330s][info][gc,phases      ] GC(196)   Post Evacuate Collection Set: 4.1ms
[80.330s][info][gc,phases      ] GC(196)   Other: 0.3ms
[80.330s][info][gc,heap        ] GC(196) Eden regions: 641->0(641)
[80.330s][info][gc,heap        ] GC(196) Survivor regions: 2->2(81)
[80.330s][info][gc,heap        ] GC(196) Old regions: 31->31
[80.330s][info][gc,heap        ] GC(196) Archive regions: 0->0
[80.330s][info][gc,heap        ] GC(196) Humongous regions: 0->0
[80.330s][info][gc,metaspace   ] GC(196) Metaspace: 14267K(15040K)->14267K(15040K) NonClass: 12327K(12864K)->12327K(12864K) Class: 1939K(2176K)->1939K(2176K)
[80.330s][info][gc             ] GC(196) Pause Young (Normal) (G1 Evacuation Pause) 649M->8M(1073M) 6.271ms
[80.330s][info][gc,cpu         ] GC(196) User=0.00s Sys=0.00s Real=0.00s
[80.803s][info][gc,start       ] GC(197) Pause Young (Normal) (G1 Evacuation Pause)
[80.803s][info][gc,task        ] GC(197) Using 33 workers of 33 for evacuation
[80.807s][info][gc,phases      ] GC(197)   Pre Evacuate Collection Set: 0.2ms
[80.807s][info][gc,phases      ] GC(197)   Merge Heap Roots: 0.2ms
[80.807s][info][gc,phases      ] GC(197)   Evacuate Collection Set: 0.4ms
[80.807s][info][gc,phases      ] GC(197)   Post Evacuate Collection Set: 2.9ms
[80.807s][info][gc,phases      ] GC(197)   Other: 0.1ms
[80.807s][info][gc,heap        ] GC(197) Eden regions: 641->0(641)
[80.807s][info][gc,heap        ] GC(197) Survivor regions: 2->2(81)
[80.807s][info][gc,heap        ] GC(197) Old regions: 31->31
[80.807s][info][gc,heap        ] GC(197) Archive regions: 0->0
[80.807s][info][gc,heap        ] GC(197) Humongous regions: 0->0
[80.807s][info][gc,metaspace   ] GC(197) Metaspace: 14267K(15040K)->14267K(15040K) NonClass: 12327K(12864K)->12327K(12864K) Class: 1939K(2176K)->1939K(2176K)
[80.807s][info][gc             ] GC(197) Pause Young (Normal) (G1 Evacuation Pause) 649M->8M(1073M) 4.053ms
[80.807s][info][gc,cpu         ] GC(197) User=0.52s Sys=0.00s Real=0.00s
[81.258s][info][gc,start       ] GC(198) Pause Young (Normal) (G1 Evacuation Pause)
[81.258s][info][gc,task        ] GC(198) Using 33 workers of 33 for evacuation
[81.262s][info][gc,phases      ] GC(198)   Pre Evacuate Collection Set: 0.2ms
[81.262s][info][gc,phases      ] GC(198)   Merge Heap Roots: 0.2ms
[81.263s][info][gc,phases      ] GC(198)   Evacuate Collection Set: 0.4ms
[81.263s][info][gc,phases      ] GC(198)   Post Evacuate Collection Set: 3.2ms
[81.263s][info][gc,phases      ] GC(198)   Other: 0.1ms
[81.263s][info][gc,heap        ] GC(198) Eden regions: 641->0(641)
[81.263s][info][gc,heap        ] GC(198) Survivor regions: 2->2(81)
[81.263s][info][gc,heap        ] GC(198) Old regions: 31->31
[81.263s][info][gc,heap        ] GC(198) Archive regions: 0->0
[81.263s][info][gc,heap        ] GC(198) Humongous regions: 0->0
[81.263s][info][gc,metaspace   ] GC(198) Metaspace: 14267K(15040K)->14267K(15040K) NonClass: 12327K(12864K)->12327K(12864K) Class: 1939K(2176K)->1939K(2176K)
[81.263s][info][gc             ] GC(198) Pause Young (Normal) (G1 Evacuation Pause) 649M->8M(1073M) 4.293ms
[81.263s][info][gc,cpu         ] GC(198) User=0.00s Sys=0.00s Real=0.00s
[81.727s][info][gc,start       ] GC(199) Pause Young (Normal) (G1 Evacuation Pause)
[81.727s][info][gc,task        ] GC(199) Using 33 workers of 33 for evacuation
[81.731s][info][gc,phases      ] GC(199)   Pre Evacuate Collection Set: 0.2ms
[81.731s][info][gc,phases      ] GC(199)   Merge Heap Roots: 0.2ms
[81.731s][info][gc,phases      ] GC(199)   Evacuate Collection Set: 0.4ms
[81.731s][info][gc,phases      ] GC(199)   Post Evacuate Collection Set: 2.9ms
[81.731s][info][gc,phases      ] GC(199)   Other: 0.1ms
[81.731s][info][gc,heap        ] GC(199) Eden regions: 641->0(641)
[81.731s][info][gc,heap        ] GC(199) Survivor regions: 2->2(81)
[81.731s][info][gc,heap        ] GC(199) Old regions: 31->32
[81.731s][info][gc,heap        ] GC(199) Archive regions: 0->0
[81.731s][info][gc,heap        ] GC(199) Humongous regions: 0->0
[81.731s][info][gc,metaspace   ] GC(199) Metaspace: 14267K(15040K)->14267K(15040K) NonClass: 12327K(12864K)->12327K(12864K) Class: 1939K(2176K)->1939K(2176K)
[81.731s][info][gc             ] GC(199) Pause Young (Normal) (G1 Evacuation Pause) 649M->8M(1073M) 4.031ms
[81.731s][info][gc,cpu         ] GC(199) User=0.00s Sys=0.00s Real=0.00s
[82.160s][info][gc,start       ] GC(200) Pause Young (Normal) (G1 Evacuation Pause)
[82.160s][info][gc,task        ] GC(200) Using 33 workers of 33 for evacuation
[82.164s][info][gc,phases      ] GC(200)   Pre Evacuate Collection Set: 0.2ms
[82.164s][info][gc,phases      ] GC(200)   Merge Heap Roots: 0.2ms
[82.164s][info][gc,phases      ] GC(200)   Evacuate Collection Set: 0.4ms
[82.164s][info][gc,phases      ] GC(200)   Post Evacuate Collection Set: 3.2ms
[82.164s][info][gc,phases      ] GC(200)   Other: 0.1ms
[82.164s][info][gc,heap        ] GC(200) Eden regions: 641->0(641)
[82.164s][info][gc,heap        ] GC(200) Survivor regions: 2->2(81)
[82.164s][info][gc,heap        ] GC(200) Old regions: 32->32
[82.164s][info][gc,heap        ] GC(200) Archive regions: 0->0
[82.164s][info][gc,heap        ] GC(200) Humongous regions: 0->0
[82.164s][info][gc,metaspace   ] GC(200) Metaspace: 14267K(15040K)->14267K(15040K) NonClass: 12327K(12864K)->12327K(12864K) Class: 1939K(2176K)->1939K(2176K)
[82.164s][info][gc             ] GC(200) Pause Young (Normal) (G1 Evacuation Pause) 649M->8M(1073M) 4.242ms
[82.164s][info][gc,cpu         ] GC(200) User=0.52s Sys=0.00s Real=0.00s
[82.492s][info][gc,start       ] GC(201) Pause Full (System.gc())
[82.492s][info][gc,task        ] GC(201) Using 29 workers of 33 for full compaction
[82.493s][info][gc,phases,start] GC(201) Phase 1: Mark live objects
[82.501s][info][gc,phases      ] GC(201) Phase 1: Mark live objects 7.419ms
[82.501s][info][gc,phases,start] GC(201) Phase 2: Prepare compaction
[82.502s][info][gc,phases      ] GC(201) Phase 2: Prepare compaction 1.212ms
[82.502s][info][gc,phases,start] GC(201) Phase 3: Adjust pointers
[82.508s][info][gc,phases      ] GC(201) Phase 3: Adjust pointers 5.524ms
[82.508s][info][gc,phases,start] GC(201) Phase 4: Compact heap
[82.508s][info][gc,phases      ] GC(201) Phase 4: Compact heap 0.759ms
[82.516s][info][gc,heap        ] GC(201) Eden regions: 453->0(58)
[82.516s][info][gc,heap        ] GC(201) Survivor regions: 2->0(81)
[82.516s][info][gc,heap        ] GC(201) Old regions: 32->29
[82.516s][info][gc,heap        ] GC(201) Archive regions: 0->0
[82.516s][info][gc,heap        ] GC(201) Humongous regions: 0->0
[82.517s][info][gc,metaspace   ] GC(201) Metaspace: 14268K(15040K)->14268K(15040K) NonClass: 12328K(12864K)->12328K(12864K) Class: 1939K(2176K)->1939K(2176K)
[82.517s][info][gc             ] GC(201) Pause Full (System.gc()) 460M->5M(97M) 25.008ms
[82.517s][info][gc,cpu         ] GC(201) User=0.02s Sys=0.00s Real=0.02s
[82.567s][info][gc,start       ] GC(202) Pause Young (Normal) (G1 Evacuation Pause)
[82.567s][info][gc,task        ] GC(202) Using 33 workers of 33 for evacuation
[82.570s][info][gc,phases      ] GC(202)   Pre Evacuate Collection Set: 0.1ms
[82.570s][info][gc,phases      ] GC(202)   Merge Heap Roots: 0.1ms
[82.570s][info][gc,phases      ] GC(202)   Evacuate Collection Set: 0.5ms
[82.570s][info][gc,phases      ] GC(202)   Post Evacuate Collection Set: 2.3ms
[82.570s][info][gc,phases      ] GC(202)   Other: 0.1ms
[82.570s][info][gc,heap        ] GC(202) Eden regions: 58->0(56)
[82.570s][info][gc,heap        ] GC(202) Survivor regions: 0->2(8)
[82.570s][info][gc,heap        ] GC(202) Old regions: 29->29
[82.570s][info][gc,heap        ] GC(202) Archive regions: 0->0
[82.570s][info][gc,heap        ] GC(202) Humongous regions: 0->0
[82.570s][info][gc,metaspace   ] GC(202) Metaspace: 14269K(15040K)->14269K(15040K) NonClass: 12329K(12864K)->12329K(12864K) Class: 1939K(2176K)->1939K(2176K)
[82.570s][info][gc             ] GC(202) Pause Young (Normal) (G1 Evacuation Pause) 63M->6M(97M) 3.243ms
[82.570s][info][gc,cpu         ] GC(202) User=0.52s Sys=0.00s Real=0.00s
[82.609s][info][gc,start       ] GC(203) Pause Young (Normal) (G1 Evacuation Pause)
[82.609s][info][gc,task        ] GC(203) Using 33 workers of 33 for evacuation
[82.612s][info][gc,phases      ] GC(203)   Pre Evacuate Collection Set: 0.1ms
[82.612s][info][gc,phases      ] GC(203)   Merge Heap Roots: 0.1ms
[82.612s][info][gc,phases      ] GC(203)   Evacuate Collection Set: 0.5ms
[82.612s][info][gc,phases      ] GC(203)   Post Evacuate Collection Set: 2.2ms
[82.612s][info][gc,phases      ] GC(203)   Other: 0.1ms
[82.612s][info][gc,heap        ] GC(203) Eden regions: 56->0(56)
[82.612s][info][gc,heap        ] GC(203) Survivor regions: 2->2(8)
[82.612s][info][gc,heap        ] GC(203) Old regions: 29->29
[82.612s][info][gc,heap        ] GC(203) Archive regions: 0->0
[82.612s][info][gc,heap        ] GC(203) Humongous regions: 0->0
[82.612s][info][gc,metaspace   ] GC(203) Metaspace: 14269K(15040K)->14269K(15040K) NonClass: 12329K(12864K)->12329K(12864K) Class: 1939K(2176K)->1939K(2176K)
[82.612s][info][gc             ] GC(203) Pause Young (Normal) (G1 Evacuation Pause) 62M->6M(97M) 3.097ms
[82.612s][info][gc,cpu         ] GC(203) User=0.00s Sys=0.00s Real=0.00s
[82.650s][info][gc,start       ] GC(204) Pause Young (Normal) (G1 Evacuation Pause)
[82.650s][info][gc,task        ] GC(204) Using 33 workers of 33 for evacuation
[82.653s][info][gc,phases      ] GC(204)   Pre Evacuate Collection Set: 0.1ms
[82.653s][info][gc,phases      ] GC(204)   Merge Heap Roots: 0.1ms
[82.653s][info][gc,phases      ] GC(204)   Evacuate Collection Set: 0.4ms
[82.653s][info][gc,phases      ] GC(204)   Post Evacuate Collection Set: 2.2ms
[82.653s][info][gc,phases      ] GC(204)   Other: 0.1ms
[82.653s][info][gc,heap        ] GC(204) Eden regions: 56->0(56)
[82.653s][info][gc,heap        ] GC(204) Survivor regions: 2->2(8)
[82.653s][info][gc,heap        ] GC(204) Old regions: 29->29
[82.653s][info][gc,heap        ] GC(204) Archive regions: 0->0
[82.653s][info][gc,heap        ] GC(204) Humongous regions: 0->0
[82.653s][info][gc,metaspace   ] GC(204) Metaspace: 14269K(15040K)->14269K(15040K) NonClass: 12329K(12864K)->12329K(12864K) Class: 1939K(2176K)->1939K(2176K)
[82.653s][info][gc             ] GC(204) Pause Young (Normal) (G1 Evacuation Pause) 62M->6M(97M) 3.123ms
[82.653s][info][gc,cpu         ] GC(204) User=0.00s Sys=0.00s Real=0.00s
[82.691s][info][gc,start       ] GC(205) Pause Young (Normal) (G1 Evacuation Pause)
[82.691s][info][gc,task        ] GC(205) Using 33 workers of 33 for evacuation
[82.699s][info][gc,phases      ] GC(205)   Pre Evacuate Collection Set: 0.1ms
[82.699s][info][gc,phases      ] GC(205)   Merge Heap Roots: 0.1ms
[82.699s][info][gc,phases      ] GC(205)   Evacuate Collection Set: 0.5ms
[82.699s][info][gc,phases      ] GC(205)   Post Evacuate Collection Set: 7.0ms
[82.699s][info][gc,phases      ] GC(205)   Other: 0.1ms
[82.699s][info][gc,heap        ] GC(205) Eden regions: 56->0(641)
[82.699s][info][gc,heap        ] GC(205) Survivor regions: 2->2(8)
[82.699s][info][gc,heap        ] GC(205) Old regions: 29->29
[82.699s][info][gc,heap        ] GC(205) Archive regions: 0->0
[82.699s][info][gc,heap        ] GC(205) Humongous regions: 0->0
[82.699s][info][gc,metaspace   ] GC(205) Metaspace: 14269K(15040K)->14269K(15040K) NonClass: 12329K(12864K)->12329K(12864K) Class: 1939K(2176K)->1939K(2176K)
[82.699s][info][gc             ] GC(205) Pause Young (Normal) (G1 Evacuation Pause) 62M->6M(1073M) 7.944ms
[82.699s][info][gc,cpu         ] GC(205) User=0.03s Sys=0.00s Real=0.01s
[83.140s][info][gc,start       ] GC(206) Pause Young (Normal) (G1 Evacuation Pause)
[83.140s][info][gc,task        ] GC(206) Using 33 workers of 33 for evacuation
[83.145s][info][gc,phases      ] GC(206)   Pre Evacuate Collection Set: 0.2ms
[83.145s][info][gc,phases      ] GC(206)   Merge Heap Roots: 0.2ms
[83.145s][info][gc,phases      ] GC(206)   Evacuate Collection Set: 1.9ms
[83.145s][info][gc,phases      ] GC(206)   Post Evacuate Collection Set: 3.2ms
[83.145s][info][gc,phases      ] GC(206)   Other: 0.1ms
[83.145s][info][gc,heap        ] GC(206) Eden regions: 641->0(641)
[83.145s][info][gc,heap        ] GC(206) Survivor regions: 2->2(81)
[83.145s][info][gc,heap        ] GC(206) Old regions: 29->29
[83.145s][info][gc,heap        ] GC(206) Archive regions: 0->0
[83.145s][info][gc,heap        ] GC(206) Humongous regions: 0->0
[83.145s][info][gc,metaspace   ] GC(206) Metaspace: 14269K(15040K)->14269K(15040K) NonClass: 12329K(12864K)->12329K(12864K) Class: 1939K(2176K)->1939K(2176K)
[83.146s][info][gc             ] GC(206) Pause Young (Normal) (G1 Evacuation Pause) 647M->6M(1073M) 5.816ms
[83.146s][info][gc,cpu         ] GC(206) User=0.00s Sys=0.00s Real=0.01s
[83.595s][info][gc,start       ] GC(207) Pause Young (Normal) (G1 Evacuation Pause)
[83.595s][info][gc,task        ] GC(207) Using 33 workers of 33 for evacuation
[83.601s][info][gc,phases      ] GC(207)   Pre Evacuate Collection Set: 0.2ms
[83.601s][info][gc,phases      ] GC(207)   Merge Heap Roots: 0.2ms
[83.601s][info][gc,phases      ] GC(207)   Evacuate Collection Set: 1.9ms
[83.601s][info][gc,phases      ] GC(207)   Post Evacuate Collection Set: 3.3ms
[83.601s][info][gc,phases      ] GC(207)   Other: 0.1ms
[83.601s][info][gc,heap        ] GC(207) Eden regions: 641->0(641)
[83.601s][info][gc,heap        ] GC(207) Survivor regions: 2->2(81)
[83.601s][info][gc,heap        ] GC(207) Old regions: 29->29
[83.601s][info][gc,heap        ] GC(207) Archive regions: 0->0
[83.601s][info][gc,heap        ] GC(207) Humongous regions: 0->0
[83.601s][info][gc,metaspace   ] GC(207) Metaspace: 14269K(15040K)->14269K(15040K) NonClass: 12329K(12864K)->12329K(12864K) Class: 1939K(2176K)->1939K(2176K)
[83.601s][info][gc             ] GC(207) Pause Young (Normal) (G1 Evacuation Pause) 647M->6M(1073M) 5.905ms
[83.601s][info][gc,cpu         ] GC(207) User=0.05s Sys=0.00s Real=0.01s
[84.088s][info][gc,start       ] GC(208) Pause Young (Normal) (G1 Evacuation Pause)
[84.088s][info][gc,task        ] GC(208) Using 33 workers of 33 for evacuation
[84.094s][info][gc,phases      ] GC(208)   Pre Evacuate Collection Set: 0.2ms
[84.094s][info][gc,phases      ] GC(208)   Merge Heap Roots: 0.3ms
[84.094s][info][gc,phases      ] GC(208)   Evacuate Collection Set: 1.0ms
[84.094s][info][gc,phases      ] GC(208)   Post Evacuate Collection Set: 4.3ms
[84.094s][info][gc,phases      ] GC(208)   Other: 0.2ms
[84.094s][info][gc,heap        ] GC(208) Eden regions: 641->0(641)
[84.094s][info][gc,heap        ] GC(208) Survivor regions: 2->2(81)
[84.094s][info][gc,heap        ] GC(208) Old regions: 29->29
[84.094s][info][gc,heap        ] GC(208) Archive regions: 0->0
[84.094s][info][gc,heap        ] GC(208) Humongous regions: 0->0
[84.094s][info][gc,metaspace   ] GC(208) Metaspace: 14269K(15040K)->14269K(15040K) NonClass: 12329K(12864K)->12329K(12864K) Class: 1939K(2176K)->1939K(2176K)
[84.094s][info][gc             ] GC(208) Pause Young (Normal) (G1 Evacuation Pause) 647M->6M(1073M) 6.590ms
[84.094s][info][gc,cpu         ] GC(208) User=0.00s Sys=0.00s Real=0.00s
[84.558s][info][gc,start       ] GC(209) Pause Young (Normal) (G1 Evacuation Pause)
[84.558s][info][gc,task        ] GC(209) Using 33 workers of 33 for evacuation
[84.562s][info][gc,phases      ] GC(209)   Pre Evacuate Collection Set: 0.2ms
[84.563s][info][gc,phases      ] GC(209)   Merge Heap Roots: 0.2ms
[84.563s][info][gc,phases      ] GC(209)   Evacuate Collection Set: 0.5ms
[84.563s][info][gc,phases      ] GC(209)   Post Evacuate Collection Set: 3.1ms
[84.563s][info][gc,phases      ] GC(209)   Other: 0.1ms
[84.563s][info][gc,heap        ] GC(209) Eden regions: 641->0(641)
[84.563s][info][gc,heap        ] GC(209) Survivor regions: 2->2(81)
[84.563s][info][gc,heap        ] GC(209) Old regions: 29->29
[84.563s][info][gc,heap        ] GC(209) Archive regions: 0->0
[84.563s][info][gc,heap        ] GC(209) Humongous regions: 0->0
[84.563s][info][gc,metaspace   ] GC(209) Metaspace: 14269K(15040K)->14269K(15040K) NonClass: 12329K(12864K)->12329K(12864K) Class: 1939K(2176K)->1939K(2176K)
[84.563s][info][gc             ] GC(209) Pause Young (Normal) (G1 Evacuation Pause) 647M->7M(1073M) 4.318ms
[84.563s][info][gc,cpu         ] GC(209) User=0.00s Sys=0.00s Real=0.00s
[85.011s][info][gc,start       ] GC(210) Pause Young (Normal) (G1 Evacuation Pause)
[85.011s][info][gc,task        ] GC(210) Using 33 workers of 33 for evacuation
[85.015s][info][gc,phases      ] GC(210)   Pre Evacuate Collection Set: 0.2ms
[85.015s][info][gc,phases      ] GC(210)   Merge Heap Roots: 0.2ms
[85.015s][info][gc,phases      ] GC(210)   Evacuate Collection Set: 0.5ms
[85.015s][info][gc,phases      ] GC(210)   Post Evacuate Collection Set: 3.2ms
[85.015s][info][gc,phases      ] GC(210)   Other: 0.1ms
[85.015s][info][gc,heap        ] GC(210) Eden regions: 641->0(641)
[85.015s][info][gc,heap        ] GC(210) Survivor regions: 2->2(81)
[85.015s][info][gc,heap        ] GC(210) Old regions: 29->29
[85.015s][info][gc,heap        ] GC(210) Archive regions: 0->0
[85.015s][info][gc,heap        ] GC(210) Humongous regions: 0->0
[85.015s][info][gc,metaspace   ] GC(210) Metaspace: 14269K(15040K)->14269K(15040K) NonClass: 12329K(12864K)->12329K(12864K) Class: 1939K(2176K)->1939K(2176K)
[85.015s][info][gc             ] GC(210) Pause Young (Normal) (G1 Evacuation Pause) 648M->7M(1073M) 4.458ms
[85.015s][info][gc,cpu         ] GC(210) User=0.00s Sys=0.00s Real=0.00s
[85.478s][info][gc,start       ] GC(211) Pause Young (Normal) (G1 Evacuation Pause)
[85.478s][info][gc,task        ] GC(211) Using 33 workers of 33 for evacuation
[85.482s][info][gc,phases      ] GC(211)   Pre Evacuate Collection Set: 0.2ms
[85.482s][info][gc,phases      ] GC(211)   Merge Heap Roots: 0.2ms
[85.482s][info][gc,phases      ] GC(211)   Evacuate Collection Set: 0.6ms
[85.482s][info][gc,phases      ] GC(211)   Post Evacuate Collection Set: 3.0ms
[85.482s][info][gc,phases      ] GC(211)   Other: 0.1ms
[85.482s][info][gc,heap        ] GC(211) Eden regions: 641->0(641)
[85.482s][info][gc,heap        ] GC(211) Survivor regions: 2->2(81)
[85.482s][info][gc,heap        ] GC(211) Old regions: 29->29
[85.482s][info][gc,heap        ] GC(211) Archive regions: 0->0
[85.482s][info][gc,heap        ] GC(211) Humongous regions: 0->0
[85.482s][info][gc,metaspace   ] GC(211) Metaspace: 14269K(15040K)->14269K(15040K) NonClass: 12329K(12864K)->12329K(12864K) Class: 1939K(2176K)->1939K(2176K)
[85.482s][info][gc             ] GC(211) Pause Young (Normal) (G1 Evacuation Pause) 648M->7M(1073M) 4.298ms
[85.482s][info][gc,cpu         ] GC(211) User=0.00s Sys=0.00s Real=0.01s
[85.929s][info][gc,start       ] GC(212) Pause Young (Normal) (G1 Evacuation Pause)
[85.929s][info][gc,task        ] GC(212) Using 33 workers of 33 for evacuation
[85.934s][info][gc,phases      ] GC(212)   Pre Evacuate Collection Set: 0.2ms
[85.934s][info][gc,phases      ] GC(212)   Merge Heap Roots: 0.2ms
[85.934s][info][gc,phases      ] GC(212)   Evacuate Collection Set: 0.6ms
[85.934s][info][gc,phases      ] GC(212)   Post Evacuate Collection Set: 3.1ms
[85.934s][info][gc,phases      ] GC(212)   Other: 0.1ms
[85.934s][info][gc,heap        ] GC(212) Eden regions: 641->0(641)
[85.934s][info][gc,heap        ] GC(212) Survivor regions: 2->2(81)
[85.934s][info][gc,heap        ] GC(212) Old regions: 29->29
[85.934s][info][gc,heap        ] GC(212) Archive regions: 0->0
[85.934s][info][gc,heap        ] GC(212) Humongous regions: 0->0
[85.934s][info][gc,metaspace   ] GC(212) Metaspace: 14269K(15040K)->14269K(15040K) NonClass: 12329K(12864K)->12329K(12864K) Class: 1939K(2176K)->1939K(2176K)
[85.934s][info][gc             ] GC(212) Pause Young (Normal) (G1 Evacuation Pause) 648M->7M(1073M) 4.466ms
[85.934s][info][gc,cpu         ] GC(212) User=0.00s Sys=0.00s Real=0.00s
[86.379s][info][gc,start       ] GC(213) Pause Young (Normal) (G1 Evacuation Pause)
[86.379s][info][gc,task        ] GC(213) Using 33 workers of 33 for evacuation
[86.383s][info][gc,phases      ] GC(213)   Pre Evacuate Collection Set: 0.2ms
[86.383s][info][gc,phases      ] GC(213)   Merge Heap Roots: 0.2ms
[86.383s][info][gc,phases      ] GC(213)   Evacuate Collection Set: 0.5ms
[86.383s][info][gc,phases      ] GC(213)   Post Evacuate Collection Set: 3.2ms
[86.383s][info][gc,phases      ] GC(213)   Other: 0.1ms
[86.383s][info][gc,heap        ] GC(213) Eden regions: 641->0(640)
[86.383s][info][gc,heap        ] GC(213) Survivor regions: 2->3(81)
[86.383s][info][gc,heap        ] GC(213) Old regions: 29->29
[86.383s][info][gc,heap        ] GC(213) Archive regions: 0->0
[86.383s][info][gc,heap        ] GC(213) Humongous regions: 0->0
[86.383s][info][gc,metaspace   ] GC(213) Metaspace: 14269K(15040K)->14269K(15040K) NonClass: 12329K(12864K)->12329K(12864K) Class: 1939K(2176K)->1939K(2176K)
[86.383s][info][gc             ] GC(213) Pause Young (Normal) (G1 Evacuation Pause) 648M->7M(1073M) 4.465ms
[86.383s][info][gc,cpu         ] GC(213) User=0.52s Sys=0.00s Real=0.00s
[86.822s][info][gc,start       ] GC(214) Pause Young (Normal) (G1 Evacuation Pause)
[86.822s][info][gc,task        ] GC(214) Using 33 workers of 33 for evacuation
[86.827s][info][gc,phases      ] GC(214)   Pre Evacuate Collection Set: 0.2ms
[86.827s][info][gc,phases      ] GC(214)   Merge Heap Roots: 0.2ms
[86.827s][info][gc,phases      ] GC(214)   Evacuate Collection Set: 0.8ms
[86.827s][info][gc,phases      ] GC(214)   Post Evacuate Collection Set: 3.3ms
[86.827s][info][gc,phases      ] GC(214)   Other: 0.1ms
[86.827s][info][gc,heap        ] GC(214) Eden regions: 640->0(640)
[86.827s][info][gc,heap        ] GC(214) Survivor regions: 3->3(81)
[86.827s][info][gc,heap        ] GC(214) Old regions: 29->29
[86.827s][info][gc,heap        ] GC(214) Archive regions: 0->0
[86.827s][info][gc,heap        ] GC(214) Humongous regions: 0->0
[86.827s][info][gc,metaspace   ] GC(214) Metaspace: 14269K(15040K)->14269K(15040K) NonClass: 12329K(12864K)->12329K(12864K) Class: 1939K(2176K)->1939K(2176K)
[86.827s][info][gc             ] GC(214) Pause Young (Normal) (G1 Evacuation Pause) 647M->7M(1073M) 4.797ms
[86.827s][info][gc,cpu         ] GC(214) User=0.00s Sys=0.00s Real=0.01s
[87.278s][info][gc,start       ] GC(215) Pause Young (Normal) (G1 Evacuation Pause)
[87.278s][info][gc,task        ] GC(215) Using 33 workers of 33 for evacuation
[87.282s][info][gc,phases      ] GC(215)   Pre Evacuate Collection Set: 0.2ms
[87.282s][info][gc,phases      ] GC(215)   Merge Heap Roots: 0.2ms
[87.282s][info][gc,phases      ] GC(215)   Evacuate Collection Set: 0.6ms
[87.282s][info][gc,phases      ] GC(215)   Post Evacuate Collection Set: 3.2ms
[87.282s][info][gc,phases      ] GC(215)   Other: 0.1ms
[87.282s][info][gc,heap        ] GC(215) Eden regions: 640->0(640)
[87.282s][info][gc,heap        ] GC(215) Survivor regions: 3->3(81)
[87.282s][info][gc,heap        ] GC(215) Old regions: 29->29
[87.282s][info][gc,heap        ] GC(215) Archive regions: 0->0
[87.282s][info][gc,heap        ] GC(215) Humongous regions: 0->0
[87.282s][info][gc,metaspace   ] GC(215) Metaspace: 14269K(15040K)->14269K(15040K) NonClass: 12329K(12864K)->12329K(12864K) Class: 1939K(2176K)->1939K(2176K)
[87.282s][info][gc             ] GC(215) Pause Young (Normal) (G1 Evacuation Pause) 647M->7M(1073M) 4.548ms
[87.282s][info][gc,cpu         ] GC(215) User=0.00s Sys=0.00s Real=0.00s
[87.747s][info][gc,start       ] GC(216) Pause Young (Normal) (G1 Evacuation Pause)
[87.747s][info][gc,task        ] GC(216) Using 33 workers of 33 for evacuation
[87.751s][info][gc,phases      ] GC(216)   Pre Evacuate Collection Set: 0.2ms
[87.751s][info][gc,phases      ] GC(216)   Merge Heap Roots: 0.2ms
[87.751s][info][gc,phases      ] GC(216)   Evacuate Collection Set: 0.5ms
[87.751s][info][gc,phases      ] GC(216)   Post Evacuate Collection Set: 2.9ms
[87.751s][info][gc,phases      ] GC(216)   Other: 0.1ms
[87.751s][info][gc,heap        ] GC(216) Eden regions: 640->0(640)
[87.751s][info][gc,heap        ] GC(216) Survivor regions: 3->3(81)
[87.751s][info][gc,heap        ] GC(216) Old regions: 29->29
[87.751s][info][gc,heap        ] GC(216) Archive regions: 0->0
[87.751s][info][gc,heap        ] GC(216) Humongous regions: 0->0
[87.751s][info][gc,metaspace   ] GC(216) Metaspace: 14269K(15040K)->14269K(15040K) NonClass: 12329K(12864K)->12329K(12864K) Class: 1939K(2176K)->1939K(2176K)
[87.751s][info][gc             ] GC(216) Pause Young (Normal) (G1 Evacuation Pause) 647M->7M(1073M) 4.117ms
[87.751s][info][gc,cpu         ] GC(216) User=0.00s Sys=0.00s Real=0.00s
[88.195s][info][gc,start       ] GC(217) Pause Young (Normal) (G1 Evacuation Pause)
[88.196s][info][gc,task        ] GC(217) Using 33 workers of 33 for evacuation
[88.199s][info][gc,phases      ] GC(217)   Pre Evacuate Collection Set: 0.2ms
[88.200s][info][gc,phases      ] GC(217)   Merge Heap Roots: 0.2ms
[88.200s][info][gc,phases      ] GC(217)   Evacuate Collection Set: 0.5ms
[88.200s][info][gc,phases      ] GC(217)   Post Evacuate Collection Set: 3.0ms
[88.200s][info][gc,phases      ] GC(217)   Other: 0.1ms
[88.200s][info][gc,heap        ] GC(217) Eden regions: 640->0(642)
[88.200s][info][gc,heap        ] GC(217) Survivor regions: 3->1(81)
[88.200s][info][gc,heap        ] GC(217) Old regions: 29->31
[88.200s][info][gc,heap        ] GC(217) Archive regions: 0->0
[88.200s][info][gc,heap        ] GC(217) Humongous regions: 0->0
[88.200s][info][gc,metaspace   ] GC(217) Metaspace: 14269K(15040K)->14269K(15040K) NonClass: 12329K(12864K)->12329K(12864K) Class: 1939K(2176K)->1939K(2176K)
[88.200s][info][gc             ] GC(217) Pause Young (Normal) (G1 Evacuation Pause) 647M->7M(1073M) 4.206ms
[88.200s][info][gc,cpu         ] GC(217) User=0.00s Sys=0.00s Real=0.00s
[88.657s][info][gc,start       ] GC(218) Pause Young (Normal) (G1 Evacuation Pause)
[88.657s][info][gc,task        ] GC(218) Using 33 workers of 33 for evacuation
[88.661s][info][gc,phases      ] GC(218)   Pre Evacuate Collection Set: 0.2ms
[88.661s][info][gc,phases      ] GC(218)   Merge Heap Roots: 0.2ms
[88.661s][info][gc,phases      ] GC(218)   Evacuate Collection Set: 0.4ms
[88.661s][info][gc,phases      ] GC(218)   Post Evacuate Collection Set: 3.1ms
[88.661s][info][gc,phases      ] GC(218)   Other: 0.1ms
[88.661s][info][gc,heap        ] GC(218) Eden regions: 642->0(642)
[88.661s][info][gc,heap        ] GC(218) Survivor regions: 1->1(81)
[88.661s][info][gc,heap        ] GC(218) Old regions: 31->31
[88.661s][info][gc,heap        ] GC(218) Archive regions: 0->0
[88.661s][info][gc,heap        ] GC(218) Humongous regions: 0->0
[88.661s][info][gc,metaspace   ] GC(218) Metaspace: 14269K(15040K)->14269K(15040K) NonClass: 12329K(12864K)->12329K(12864K) Class: 1939K(2176K)->1939K(2176K)
[88.661s][info][gc             ] GC(218) Pause Young (Normal) (G1 Evacuation Pause) 649M->7M(1073M) 4.248ms
[88.661s][info][gc,cpu         ] GC(218) User=0.00s Sys=0.00s Real=0.00s
[89.116s][info][gc,start       ] GC(219) Pause Young (Normal) (G1 Evacuation Pause)
[89.117s][info][gc,task        ] GC(219) Using 33 workers of 33 for evacuation
[89.121s][info][gc,phases      ] GC(219)   Pre Evacuate Collection Set: 0.2ms
[89.121s][info][gc,phases      ] GC(219)   Merge Heap Roots: 0.2ms
[89.121s][info][gc,phases      ] GC(219)   Evacuate Collection Set: 0.4ms
[89.121s][info][gc,phases      ] GC(219)   Post Evacuate Collection Set: 3.2ms
[89.121s][info][gc,phases      ] GC(219)   Other: 0.1ms
[89.121s][info][gc,heap        ] GC(219) Eden regions: 642->0(641)
[89.121s][info][gc,heap        ] GC(219) Survivor regions: 1->2(81)
[89.121s][info][gc,heap        ] GC(219) Old regions: 31->31
[89.121s][info][gc,heap        ] GC(219) Archive regions: 0->0
[89.121s][info][gc,heap        ] GC(219) Humongous regions: 0->0
[89.121s][info][gc,metaspace   ] GC(219) Metaspace: 14269K(15040K)->14269K(15040K) NonClass: 12329K(12864K)->12329K(12864K) Class: 1939K(2176K)->1939K(2176K)
[89.121s][info][gc             ] GC(219) Pause Young (Normal) (G1 Evacuation Pause) 649M->7M(1073M) 4.356ms
[89.121s][info][gc,cpu         ] GC(219) User=0.00s Sys=0.00s Real=0.00s
[89.578s][info][gc,start       ] GC(220) Pause Young (Normal) (G1 Evacuation Pause)
[89.578s][info][gc,task        ] GC(220) Using 33 workers of 33 for evacuation
[89.582s][info][gc,phases      ] GC(220)   Pre Evacuate Collection Set: 0.2ms
[89.582s][info][gc,phases      ] GC(220)   Merge Heap Roots: 0.2ms
[89.582s][info][gc,phases      ] GC(220)   Evacuate Collection Set: 0.4ms
[89.582s][info][gc,phases      ] GC(220)   Post Evacuate Collection Set: 3.3ms
[89.582s][info][gc,phases      ] GC(220)   Other: 0.2ms
[89.582s][info][gc,heap        ] GC(220) Eden regions: 641->0(641)
[89.582s][info][gc,heap        ] GC(220) Survivor regions: 2->2(81)
[89.582s][info][gc,heap        ] GC(220) Old regions: 31->31
[89.582s][info][gc,heap        ] GC(220) Archive regions: 0->0
[89.582s][info][gc,heap        ] GC(220) Humongous regions: 0->0
[89.582s][info][gc,metaspace   ] GC(220) Metaspace: 14269K(15040K)->14269K(15040K) NonClass: 12329K(12864K)->12329K(12864K) Class: 1939K(2176K)->1939K(2176K)
[89.582s][info][gc             ] GC(220) Pause Young (Normal) (G1 Evacuation Pause) 648M->7M(1073M) 4.522ms
[89.582s][info][gc,cpu         ] GC(220) User=0.00s Sys=0.00s Real=0.00s
[90.041s][info][gc,start       ] GC(221) Pause Young (Normal) (G1 Evacuation Pause)
[90.041s][info][gc,task        ] GC(221) Using 33 workers of 33 for evacuation
[90.045s][info][gc,phases      ] GC(221)   Pre Evacuate Collection Set: 0.2ms
[90.045s][info][gc,phases      ] GC(221)   Merge Heap Roots: 0.2ms
[90.045s][info][gc,phases      ] GC(221)   Evacuate Collection Set: 0.4ms
[90.045s][info][gc,phases      ] GC(221)   Post Evacuate Collection Set: 3.3ms
[90.045s][info][gc,phases      ] GC(221)   Other: 0.1ms
[90.045s][info][gc,heap        ] GC(221) Eden regions: 641->0(641)
[90.045s][info][gc,heap        ] GC(221) Survivor regions: 2->2(81)
[90.045s][info][gc,heap        ] GC(221) Old regions: 31->31
[90.046s][info][gc,heap        ] GC(221) Archive regions: 0->0
[90.046s][info][gc,heap        ] GC(221) Humongous regions: 0->0
[90.046s][info][gc,metaspace   ] GC(221) Metaspace: 14269K(15040K)->14269K(15040K) NonClass: 12329K(12864K)->12329K(12864K) Class: 1939K(2176K)->1939K(2176K)
[90.046s][info][gc             ] GC(221) Pause Young (Normal) (G1 Evacuation Pause) 648M->7M(1073M) 4.396ms
[90.046s][info][gc,cpu         ] GC(221) User=0.00s Sys=0.00s Real=0.00s
[90.512s][info][gc,start       ] GC(222) Pause Young (Normal) (G1 Evacuation Pause)
[90.512s][info][gc,task        ] GC(222) Using 33 workers of 33 for evacuation
[90.516s][info][gc,phases      ] GC(222)   Pre Evacuate Collection Set: 0.2ms
[90.516s][info][gc,phases      ] GC(222)   Merge Heap Roots: 0.2ms
[90.516s][info][gc,phases      ] GC(222)   Evacuate Collection Set: 0.3ms
[90.516s][info][gc,phases      ] GC(222)   Post Evacuate Collection Set: 3.0ms
[90.516s][info][gc,phases      ] GC(222)   Other: 0.1ms
[90.516s][info][gc,heap        ] GC(222) Eden regions: 641->0(641)
[90.516s][info][gc,heap        ] GC(222) Survivor regions: 2->2(81)
[90.516s][info][gc,heap        ] GC(222) Old regions: 31->31
[90.516s][info][gc,heap        ] GC(222) Archive regions: 0->0
[90.516s][info][gc,heap        ] GC(222) Humongous regions: 0->0
[90.516s][info][gc,metaspace   ] GC(222) Metaspace: 14269K(15040K)->14269K(15040K) NonClass: 12329K(12864K)->12329K(12864K) Class: 1939K(2176K)->1939K(2176K)
[90.516s][info][gc             ] GC(222) Pause Young (Normal) (G1 Evacuation Pause) 648M->8M(1073M) 4.119ms
[90.516s][info][gc,cpu         ] GC(222) User=0.00s Sys=0.00s Real=0.00s
[90.984s][info][gc,start       ] GC(223) Pause Young (Normal) (G1 Evacuation Pause)
[90.984s][info][gc,task        ] GC(223) Using 33 workers of 33 for evacuation
[90.987s][info][gc,phases      ] GC(223)   Pre Evacuate Collection Set: 0.2ms
[90.988s][info][gc,phases      ] GC(223)   Merge Heap Roots: 0.2ms
[90.988s][info][gc,phases      ] GC(223)   Evacuate Collection Set: 0.4ms
[90.988s][info][gc,phases      ] GC(223)   Post Evacuate Collection Set: 2.9ms
[90.988s][info][gc,phases      ] GC(223)   Other: 0.1ms
[90.988s][info][gc,heap        ] GC(223) Eden regions: 641->0(641)
[90.988s][info][gc,heap        ] GC(223) Survivor regions: 2->2(81)
[90.988s][info][gc,heap        ] GC(223) Old regions: 31->31
[90.988s][info][gc,heap        ] GC(223) Archive regions: 0->0
[90.988s][info][gc,heap        ] GC(223) Humongous regions: 0->0
[90.988s][info][gc,metaspace   ] GC(223) Metaspace: 14269K(15040K)->14269K(15040K) NonClass: 12329K(12864K)->12329K(12864K) Class: 1939K(2176K)->1939K(2176K)
[90.988s][info][gc             ] GC(223) Pause Young (Normal) (G1 Evacuation Pause) 649M->8M(1073M) 4.070ms
[90.988s][info][gc,cpu         ] GC(223) User=0.00s Sys=0.00s Real=0.00s
[91.443s][info][gc,start       ] GC(224) Pause Young (Normal) (G1 Evacuation Pause)
[91.443s][info][gc,task        ] GC(224) Using 33 workers of 33 for evacuation
[91.447s][info][gc,phases      ] GC(224)   Pre Evacuate Collection Set: 0.2ms
[91.447s][info][gc,phases      ] GC(224)   Merge Heap Roots: 0.2ms
[91.447s][info][gc,phases      ] GC(224)   Evacuate Collection Set: 0.3ms
[91.447s][info][gc,phases      ] GC(224)   Post Evacuate Collection Set: 3.1ms
[91.447s][info][gc,phases      ] GC(224)   Other: 0.1ms
[91.447s][info][gc,heap        ] GC(224) Eden regions: 641->0(641)
[91.447s][info][gc,heap        ] GC(224) Survivor regions: 2->2(81)
[91.447s][info][gc,heap        ] GC(224) Old regions: 31->31
[91.447s][info][gc,heap        ] GC(224) Archive regions: 0->0
[91.447s][info][gc,heap        ] GC(224) Humongous regions: 0->0
[91.447s][info][gc,metaspace   ] GC(224) Metaspace: 14269K(15040K)->14269K(15040K) NonClass: 12329K(12864K)->12329K(12864K) Class: 1939K(2176K)->1939K(2176K)
[91.448s][info][gc             ] GC(224) Pause Young (Normal) (G1 Evacuation Pause) 649M->8M(1073M) 4.140ms
[91.448s][info][gc,cpu         ] GC(224) User=0.52s Sys=0.00s Real=0.00s
[91.906s][info][gc,start       ] GC(225) Pause Young (Normal) (G1 Evacuation Pause)
[91.906s][info][gc,task        ] GC(225) Using 33 workers of 33 for evacuation
[91.910s][info][gc,phases      ] GC(225)   Pre Evacuate Collection Set: 0.2ms
[91.910s][info][gc,phases      ] GC(225)   Merge Heap Roots: 0.2ms
[91.910s][info][gc,phases      ] GC(225)   Evacuate Collection Set: 0.4ms
[91.910s][info][gc,phases      ] GC(225)   Post Evacuate Collection Set: 3.2ms
[91.910s][info][gc,phases      ] GC(225)   Other: 0.1ms
[91.910s][info][gc,heap        ] GC(225) Eden regions: 641->0(641)
[91.910s][info][gc,heap        ] GC(225) Survivor regions: 2->2(81)
[91.910s][info][gc,heap        ] GC(225) Old regions: 31->31
[91.910s][info][gc,heap        ] GC(225) Archive regions: 0->0
[91.910s][info][gc,heap        ] GC(225) Humongous regions: 0->0
[91.910s][info][gc,metaspace   ] GC(225) Metaspace: 14269K(15040K)->14269K(15040K) NonClass: 12329K(12864K)->12329K(12864K) Class: 1939K(2176K)->1939K(2176K)
[91.910s][info][gc             ] GC(225) Pause Young (Normal) (G1 Evacuation Pause) 649M->8M(1073M) 4.299ms
[91.910s][info][gc,cpu         ] GC(225) User=0.00s Sys=0.00s Real=0.00s
[92.369s][info][gc,start       ] GC(226) Pause Young (Normal) (G1 Evacuation Pause)
[92.369s][info][gc,task        ] GC(226) Using 33 workers of 33 for evacuation
[92.373s][info][gc,phases      ] GC(226)   Pre Evacuate Collection Set: 0.2ms
[92.373s][info][gc,phases      ] GC(226)   Merge Heap Roots: 0.2ms
[92.373s][info][gc,phases      ] GC(226)   Evacuate Collection Set: 0.4ms
[92.373s][info][gc,phases      ] GC(226)   Post Evacuate Collection Set: 3.3ms
[92.373s][info][gc,phases      ] GC(226)   Other: 0.1ms
[92.373s][info][gc,heap        ] GC(226) Eden regions: 641->0(641)
[92.373s][info][gc,heap        ] GC(226) Survivor regions: 2->2(81)
[92.373s][info][gc,heap        ] GC(226) Old regions: 31->32
[92.373s][info][gc,heap        ] GC(226) Archive regions: 0->0
[92.373s][info][gc,heap        ] GC(226) Humongous regions: 0->0
[92.373s][info][gc,metaspace   ] GC(226) Metaspace: 14269K(15040K)->14269K(15040K) NonClass: 12329K(12864K)->12329K(12864K) Class: 1939K(2176K)->1939K(2176K)
[92.373s][info][gc             ] GC(226) Pause Young (Normal) (G1 Evacuation Pause) 649M->8M(1073M) 4.476ms
[92.373s][info][gc,cpu         ] GC(226) User=0.00s Sys=0.00s Real=0.00s
[92.828s][info][gc,start       ] GC(227) Pause Young (Normal) (G1 Evacuation Pause)
[92.828s][info][gc,task        ] GC(227) Using 33 workers of 33 for evacuation
[92.832s][info][gc,phases      ] GC(227)   Pre Evacuate Collection Set: 0.2ms
[92.832s][info][gc,phases      ] GC(227)   Merge Heap Roots: 0.2ms
[92.832s][info][gc,phases      ] GC(227)   Evacuate Collection Set: 0.4ms
[92.832s][info][gc,phases      ] GC(227)   Post Evacuate Collection Set: 3.4ms
[92.832s][info][gc,phases      ] GC(227)   Other: 0.1ms
[92.832s][info][gc,heap        ] GC(227) Eden regions: 641->0(641)
[92.832s][info][gc,heap        ] GC(227) Survivor regions: 2->2(81)
[92.832s][info][gc,heap        ] GC(227) Old regions: 32->32
[92.832s][info][gc,heap        ] GC(227) Archive regions: 0->0
[92.832s][info][gc,heap        ] GC(227) Humongous regions: 0->0
[92.832s][info][gc,metaspace   ] GC(227) Metaspace: 14269K(15040K)->14269K(15040K) NonClass: 12329K(12864K)->12329K(12864K) Class: 1939K(2176K)->1939K(2176K)
[92.832s][info][gc             ] GC(227) Pause Young (Normal) (G1 Evacuation Pause) 649M->8M(1073M) 4.479ms
[92.832s][info][gc,cpu         ] GC(227) User=0.00s Sys=0.00s Real=0.00s
[93.292s][info][gc,start       ] GC(228) Pause Young (Normal) (G1 Evacuation Pause)
[93.292s][info][gc,task        ] GC(228) Using 33 workers of 33 for evacuation
[93.296s][info][gc,phases      ] GC(228)   Pre Evacuate Collection Set: 0.2ms
[93.296s][info][gc,phases      ] GC(228)   Merge Heap Roots: 0.2ms
[93.296s][info][gc,phases      ] GC(228)   Evacuate Collection Set: 0.4ms
[93.296s][info][gc,phases      ] GC(228)   Post Evacuate Collection Set: 3.0ms
[93.296s][info][gc,phases      ] GC(228)   Other: 0.1ms
[93.296s][info][gc,heap        ] GC(228) Eden regions: 641->0(641)
[93.296s][info][gc,heap        ] GC(228) Survivor regions: 2->2(81)
[93.296s][info][gc,heap        ] GC(228) Old regions: 32->32
[93.296s][info][gc,heap        ] GC(228) Archive regions: 0->0
[93.296s][info][gc,heap        ] GC(228) Humongous regions: 0->0
[93.296s][info][gc,metaspace   ] GC(228) Metaspace: 14269K(15040K)->14269K(15040K) NonClass: 12329K(12864K)->12329K(12864K) Class: 1939K(2176K)->1939K(2176K)
[93.296s][info][gc             ] GC(228) Pause Young (Normal) (G1 Evacuation Pause) 649M->8M(1073M) 4.137ms
[93.296s][info][gc,cpu         ] GC(228) User=0.00s Sys=0.00s Real=0.00s
[93.600s][info][gc,start       ] GC(229) Pause Full (System.gc())
[93.600s][info][gc,task        ] GC(229) Using 29 workers of 33 for full compaction
[93.602s][info][gc,phases,start] GC(229) Phase 1: Mark live objects
[93.610s][info][gc,phases      ] GC(229) Phase 1: Mark live objects 8.164ms
[93.610s][info][gc,phases,start] GC(229) Phase 2: Prepare compaction
[93.611s][info][gc,phases      ] GC(229) Phase 2: Prepare compaction 1.218ms
[93.611s][info][gc,phases,start] GC(229) Phase 3: Adjust pointers
[93.617s][info][gc,phases      ] GC(229) Phase 3: Adjust pointers 6.264ms
[93.617s][info][gc,phases,start] GC(229) Phase 4: Compact heap
[93.618s][info][gc,phases      ] GC(229) Phase 4: Compact heap 0.677ms
[93.628s][info][gc,heap        ] GC(229) Eden regions: 460->0(58)
[93.628s][info][gc,heap        ] GC(229) Survivor regions: 2->0(81)
[93.628s][info][gc,heap        ] GC(229) Old regions: 32->29
[93.628s][info][gc,heap        ] GC(229) Archive regions: 0->0
[93.628s][info][gc,heap        ] GC(229) Humongous regions: 0->0
[93.628s][info][gc,metaspace   ] GC(229) Metaspace: 14269K(15040K)->14269K(15040K) NonClass: 12329K(12864K)->12329K(12864K) Class: 1939K(2176K)->1939K(2176K)
[93.628s][info][gc             ] GC(229) Pause Full (System.gc()) 468M->5M(97M) 28.269ms
[93.628s][info][gc,cpu         ] GC(229) User=0.02s Sys=0.00s Real=0.02s
[93.677s][info][gc,start       ] GC(230) Pause Young (Normal) (G1 Evacuation Pause)
[93.677s][info][gc,task        ] GC(230) Using 33 workers of 33 for evacuation
[93.680s][info][gc,phases      ] GC(230)   Pre Evacuate Collection Set: 0.1ms
[93.680s][info][gc,phases      ] GC(230)   Merge Heap Roots: 0.1ms
[93.680s][info][gc,phases      ] GC(230)   Evacuate Collection Set: 0.4ms
[93.680s][info][gc,phases      ] GC(230)   Post Evacuate Collection Set: 2.3ms
[93.680s][info][gc,phases      ] GC(230)   Other: 0.1ms
[93.680s][info][gc,heap        ] GC(230) Eden regions: 58->0(56)
[93.680s][info][gc,heap        ] GC(230) Survivor regions: 0->2(8)
[93.680s][info][gc,heap        ] GC(230) Old regions: 29->29
[93.680s][info][gc,heap        ] GC(230) Archive regions: 0->0
[93.680s][info][gc,heap        ] GC(230) Humongous regions: 0->0
[93.680s][info][gc,metaspace   ] GC(230) Metaspace: 14269K(15040K)->14269K(15040K) NonClass: 12329K(12864K)->12329K(12864K) Class: 1939K(2176K)->1939K(2176K)
[93.680s][info][gc             ] GC(230) Pause Young (Normal) (G1 Evacuation Pause) 63M->6M(97M) 3.240ms
[93.680s][info][gc,cpu         ] GC(230) User=0.52s Sys=0.00s Real=0.00s
[93.718s][info][gc,start       ] GC(231) Pause Young (Normal) (G1 Evacuation Pause)
[93.718s][info][gc,task        ] GC(231) Using 33 workers of 33 for evacuation
[93.720s][info][gc,phases      ] GC(231)   Pre Evacuate Collection Set: 0.1ms
[93.720s][info][gc,phases      ] GC(231)   Merge Heap Roots: 0.1ms
[93.720s][info][gc,phases      ] GC(231)   Evacuate Collection Set: 0.5ms
[93.720s][info][gc,phases      ] GC(231)   Post Evacuate Collection Set: 2.0ms
[93.720s][info][gc,phases      ] GC(231)   Other: 0.1ms
[93.720s][info][gc,heap        ] GC(231) Eden regions: 56->0(56)
[93.721s][info][gc,heap        ] GC(231) Survivor regions: 2->2(8)
[93.721s][info][gc,heap        ] GC(231) Old regions: 29->29
[93.721s][info][gc,heap        ] GC(231) Archive regions: 0->0
[93.721s][info][gc,heap        ] GC(231) Humongous regions: 0->0
[93.721s][info][gc,metaspace   ] GC(231) Metaspace: 14269K(15040K)->14269K(15040K) NonClass: 12329K(12864K)->12329K(12864K) Class: 1939K(2176K)->1939K(2176K)
[93.721s][info][gc             ] GC(231) Pause Young (Normal) (G1 Evacuation Pause) 62M->6M(97M) 2.958ms
[93.721s][info][gc,cpu         ] GC(231) User=0.00s Sys=0.00s Real=0.00s
[93.760s][info][gc,start       ] GC(232) Pause Young (Normal) (G1 Evacuation Pause)
[93.760s][info][gc,task        ] GC(232) Using 33 workers of 33 for evacuation
[93.762s][info][gc,phases      ] GC(232)   Pre Evacuate Collection Set: 0.1ms
[93.762s][info][gc,phases      ] GC(232)   Merge Heap Roots: 0.1ms
[93.762s][info][gc,phases      ] GC(232)   Evacuate Collection Set: 0.4ms
[93.762s][info][gc,phases      ] GC(232)   Post Evacuate Collection Set: 2.1ms
[93.762s][info][gc,phases      ] GC(232)   Other: 0.1ms
[93.762s][info][gc,heap        ] GC(232) Eden regions: 56->0(56)
[93.762s][info][gc,heap        ] GC(232) Survivor regions: 2->2(8)
[93.762s][info][gc,heap        ] GC(232) Old regions: 29->29
[93.762s][info][gc,heap        ] GC(232) Archive regions: 0->0
[93.762s][info][gc,heap        ] GC(232) Humongous regions: 0->0
[93.762s][info][gc,metaspace   ] GC(232) Metaspace: 14269K(15040K)->14269K(15040K) NonClass: 12329K(12864K)->12329K(12864K) Class: 1939K(2176K)->1939K(2176K)
[93.763s][info][gc             ] GC(232) Pause Young (Normal) (G1 Evacuation Pause) 62M->6M(97M) 2.999ms
[93.763s][info][gc,cpu         ] GC(232) User=0.00s Sys=0.00s Real=0.00s
[93.801s][info][gc,start       ] GC(233) Pause Young (Normal) (G1 Evacuation Pause)
[93.801s][info][gc,task        ] GC(233) Using 33 workers of 33 for evacuation
[93.809s][info][gc,phases      ] GC(233)   Pre Evacuate Collection Set: 0.1ms
[93.809s][info][gc,phases      ] GC(233)   Merge Heap Roots: 0.1ms
[93.809s][info][gc,phases      ] GC(233)   Evacuate Collection Set: 0.5ms
[93.809s][info][gc,phases      ] GC(233)   Post Evacuate Collection Set: 7.1ms
[93.809s][info][gc,phases      ] GC(233)   Other: 0.1ms
[93.809s][info][gc,heap        ] GC(233) Eden regions: 56->0(641)
[93.809s][info][gc,heap        ] GC(233) Survivor regions: 2->2(8)
[93.809s][info][gc,heap        ] GC(233) Old regions: 29->29
[93.809s][info][gc,heap        ] GC(233) Archive regions: 0->0
[93.809s][info][gc,heap        ] GC(233) Humongous regions: 0->0
[93.809s][info][gc,metaspace   ] GC(233) Metaspace: 14269K(15040K)->14269K(15040K) NonClass: 12329K(12864K)->12329K(12864K) Class: 1939K(2176K)->1939K(2176K)
[93.809s][info][gc             ] GC(233) Pause Young (Normal) (G1 Evacuation Pause) 62M->6M(1073M) 8.042ms
[93.809s][info][gc,cpu         ] GC(233) User=0.52s Sys=0.00s Real=0.01s
[94.247s][info][gc,start       ] GC(234) Pause Young (Normal) (G1 Evacuation Pause)
[94.247s][info][gc,task        ] GC(234) Using 33 workers of 33 for evacuation
[94.252s][info][gc,phases      ] GC(234)   Pre Evacuate Collection Set: 0.2ms
[94.252s][info][gc,phases      ] GC(234)   Merge Heap Roots: 0.2ms
[94.252s][info][gc,phases      ] GC(234)   Evacuate Collection Set: 1.8ms
[94.252s][info][gc,phases      ] GC(234)   Post Evacuate Collection Set: 3.0ms
[94.252s][info][gc,phases      ] GC(234)   Other: 0.1ms
[94.252s][info][gc,heap        ] GC(234) Eden regions: 641->0(641)
[94.252s][info][gc,heap        ] GC(234) Survivor regions: 2->2(81)
[94.252s][info][gc,heap        ] GC(234) Old regions: 29->29
[94.252s][info][gc,heap        ] GC(234) Archive regions: 0->0
[94.252s][info][gc,heap        ] GC(234) Humongous regions: 0->0
[94.253s][info][gc,metaspace   ] GC(234) Metaspace: 14269K(15040K)->14269K(15040K) NonClass: 12329K(12864K)->12329K(12864K) Class: 1939K(2176K)->1939K(2176K)
[94.253s][info][gc             ] GC(234) Pause Young (Normal) (G1 Evacuation Pause) 647M->6M(1073M) 5.540ms
[94.253s][info][gc,cpu         ] GC(234) User=0.00s Sys=0.00s Real=0.01s
[94.709s][info][gc,start       ] GC(235) Pause Young (Normal) (G1 Evacuation Pause)
[94.709s][info][gc,task        ] GC(235) Using 33 workers of 33 for evacuation
[94.714s][info][gc,phases      ] GC(235)   Pre Evacuate Collection Set: 0.2ms
[94.714s][info][gc,phases      ] GC(235)   Merge Heap Roots: 0.2ms
[94.714s][info][gc,phases      ] GC(235)   Evacuate Collection Set: 1.9ms
[94.714s][info][gc,phases      ] GC(235)   Post Evacuate Collection Set: 3.1ms
[94.714s][info][gc,phases      ] GC(235)   Other: 0.1ms
[94.714s][info][gc,heap        ] GC(235) Eden regions: 641->0(641)
[94.714s][info][gc,heap        ] GC(235) Survivor regions: 2->2(81)
[94.714s][info][gc,heap        ] GC(235) Old regions: 29->29
[94.714s][info][gc,heap        ] GC(235) Archive regions: 0->0
[94.714s][info][gc,heap        ] GC(235) Humongous regions: 0->0
[94.714s][info][gc,metaspace   ] GC(235) Metaspace: 14269K(15040K)->14269K(15040K) NonClass: 12329K(12864K)->12329K(12864K) Class: 1939K(2176K)->1939K(2176K)
[94.714s][info][gc             ] GC(235) Pause Young (Normal) (G1 Evacuation Pause) 647M->6M(1073M) 5.699ms
[94.714s][info][gc,cpu         ] GC(235) User=0.28s Sys=0.23s Real=0.01s
[95.165s][info][gc,start       ] GC(236) Pause Young (Normal) (G1 Evacuation Pause)
[95.175s][info][gc,task        ] GC(236) Using 33 workers of 33 for evacuation
[95.179s][info][gc,phases      ] GC(236)   Pre Evacuate Collection Set: 0.2ms
[95.180s][info][gc,phases      ] GC(236)   Merge Heap Roots: 0.2ms
[95.180s][info][gc,phases      ] GC(236)   Evacuate Collection Set: 0.7ms
[95.180s][info][gc,phases      ] GC(236)   Post Evacuate Collection Set: 3.4ms
[95.180s][info][gc,phases      ] GC(236)   Other: 0.1ms
[95.180s][info][gc,heap        ] GC(236) Eden regions: 641->0(641)
[95.180s][info][gc,heap        ] GC(236) Survivor regions: 2->2(81)
[95.180s][info][gc,heap        ] GC(236) Old regions: 29->29
[95.180s][info][gc,heap        ] GC(236) Archive regions: 0->0
[95.180s][info][gc,heap        ] GC(236) Humongous regions: 0->0
[95.180s][info][gc,metaspace   ] GC(236) Metaspace: 14269K(15040K)->14269K(15040K) NonClass: 12329K(12864K)->12329K(12864K) Class: 1939K(2176K)->1939K(2176K)
[95.180s][info][gc             ] GC(236) Pause Young (Normal) (G1 Evacuation Pause) 647M->6M(1073M) 14.212ms
[95.180s][info][gc,cpu         ] GC(236) User=0.00s Sys=0.00s Real=0.01s
[95.664s][info][gc,start       ] GC(237) Pause Young (Normal) (G1 Evacuation Pause)
[95.664s][info][gc,task        ] GC(237) Using 33 workers of 33 for evacuation
[95.669s][info][gc,phases      ] GC(237)   Pre Evacuate Collection Set: 0.2ms
[95.669s][info][gc,phases      ] GC(237)   Merge Heap Roots: 0.3ms
[95.669s][info][gc,phases      ] GC(237)   Evacuate Collection Set: 1.0ms
[95.669s][info][gc,phases      ] GC(237)   Post Evacuate Collection Set: 3.9ms
[95.669s][info][gc,phases      ] GC(237)   Other: 0.2ms
[95.669s][info][gc,heap        ] GC(237) Eden regions: 641->0(641)
[95.669s][info][gc,heap        ] GC(237) Survivor regions: 2->2(81)
[95.669s][info][gc,heap        ] GC(237) Old regions: 29->29
[95.669s][info][gc,heap        ] GC(237) Archive regions: 0->0
[95.669s][info][gc,heap        ] GC(237) Humongous regions: 0->0
[95.669s][info][gc,metaspace   ] GC(237) Metaspace: 14269K(15040K)->14269K(15040K) NonClass: 12329K(12864K)->12329K(12864K) Class: 1939K(2176K)->1939K(2176K)
[95.670s][info][gc             ] GC(237) Pause Young (Normal) (G1 Evacuation Pause) 647M->7M(1073M) 6.045ms
[95.670s][info][gc,cpu         ] GC(237) User=0.00s Sys=0.00s Real=0.00s
[96.136s][info][gc,start       ] GC(238) Pause Young (Normal) (G1 Evacuation Pause)
[96.136s][info][gc,task        ] GC(238) Using 33 workers of 33 for evacuation
[96.140s][info][gc,phases      ] GC(238)   Pre Evacuate Collection Set: 0.2ms
[96.140s][info][gc,phases      ] GC(238)   Merge Heap Roots: 0.2ms
[96.140s][info][gc,phases      ] GC(238)   Evacuate Collection Set: 0.6ms
[96.140s][info][gc,phases      ] GC(238)   Post Evacuate Collection Set: 3.0ms
[96.140s][info][gc,phases      ] GC(238)   Other: 0.1ms
[96.140s][info][gc,heap        ] GC(238) Eden regions: 641->0(641)
[96.140s][info][gc,heap        ] GC(238) Survivor regions: 2->2(81)
[96.140s][info][gc,heap        ] GC(238) Old regions: 29->29
[96.140s][info][gc,heap        ] GC(238) Archive regions: 0->0
[96.140s][info][gc,heap        ] GC(238) Humongous regions: 0->0
[96.140s][info][gc,metaspace   ] GC(238) Metaspace: 14269K(15040K)->14269K(15040K) NonClass: 12329K(12864K)->12329K(12864K) Class: 1939K(2176K)->1939K(2176K)
[96.140s][info][gc             ] GC(238) Pause Young (Normal) (G1 Evacuation Pause) 648M->7M(1073M) 4.309ms
[96.140s][info][gc,cpu         ] GC(238) User=0.00s Sys=0.00s Real=0.00s
[96.614s][info][gc,start       ] GC(239) Pause Young (Normal) (G1 Evacuation Pause)
[96.614s][info][gc,task        ] GC(239) Using 33 workers of 33 for evacuation
[96.618s][info][gc,phases      ] GC(239)   Pre Evacuate Collection Set: 0.2ms
[96.618s][info][gc,phases      ] GC(239)   Merge Heap Roots: 0.2ms
[96.618s][info][gc,phases      ] GC(239)   Evacuate Collection Set: 0.7ms
[96.618s][info][gc,phases      ] GC(239)   Post Evacuate Collection Set: 2.9ms
[96.618s][info][gc,phases      ] GC(239)   Other: 0.1ms
[96.618s][info][gc,heap        ] GC(239) Eden regions: 641->0(641)
[96.618s][info][gc,heap        ] GC(239) Survivor regions: 2->2(81)
[96.618s][info][gc,heap        ] GC(239) Old regions: 29->29
[96.618s][info][gc,heap        ] GC(239) Archive regions: 0->0
[96.618s][info][gc,heap        ] GC(239) Humongous regions: 0->0
[96.618s][info][gc,metaspace   ] GC(239) Metaspace: 14269K(15040K)->14269K(15040K) NonClass: 12329K(12864K)->12329K(12864K) Class: 1939K(2176K)->1939K(2176K)
[96.618s][info][gc             ] GC(239) Pause Young (Normal) (G1 Evacuation Pause) 648M->7M(1073M) 4.287ms
[96.618s][info][gc,cpu         ] GC(239) User=0.52s Sys=0.00s Real=0.00s
[97.065s][info][gc,start       ] GC(240) Pause Young (Normal) (G1 Evacuation Pause)
[97.065s][info][gc,task        ] GC(240) Using 33 workers of 33 for evacuation
[97.069s][info][gc,phases      ] GC(240)   Pre Evacuate Collection Set: 0.2ms
[97.069s][info][gc,phases      ] GC(240)   Merge Heap Roots: 0.2ms
[97.069s][info][gc,phases      ] GC(240)   Evacuate Collection Set: 0.6ms
[97.069s][info][gc,phases      ] GC(240)   Post Evacuate Collection Set: 2.9ms
[97.069s][info][gc,phases      ] GC(240)   Other: 0.1ms
[97.069s][info][gc,heap        ] GC(240) Eden regions: 641->0(641)
[97.069s][info][gc,heap        ] GC(240) Survivor regions: 2->2(81)
[97.069s][info][gc,heap        ] GC(240) Old regions: 29->29
[97.069s][info][gc,heap        ] GC(240) Archive regions: 0->0
[97.069s][info][gc,heap        ] GC(240) Humongous regions: 0->0
[97.069s][info][gc,metaspace   ] GC(240) Metaspace: 14269K(15040K)->14269K(15040K) NonClass: 12329K(12864K)->12329K(12864K) Class: 1939K(2176K)->1939K(2176K)
[97.069s][info][gc             ] GC(240) Pause Young (Normal) (G1 Evacuation Pause) 648M->7M(1073M) 4.218ms
[97.069s][info][gc,cpu         ] GC(240) User=0.00s Sys=0.00s Real=0.00s
[97.523s][info][gc,start       ] GC(241) Pause Young (Normal) (G1 Evacuation Pause)
[97.523s][info][gc,task        ] GC(241) Using 33 workers of 33 for evacuation
[97.527s][info][gc,phases      ] GC(241)   Pre Evacuate Collection Set: 0.2ms
[97.527s][info][gc,phases      ] GC(241)   Merge Heap Roots: 0.2ms
[97.527s][info][gc,phases      ] GC(241)   Evacuate Collection Set: 0.6ms
[97.527s][info][gc,phases      ] GC(241)   Post Evacuate Collection Set: 3.1ms
[97.527s][info][gc,phases      ] GC(241)   Other: 0.1ms
[97.527s][info][gc,heap        ] GC(241) Eden regions: 641->0(640)
[97.527s][info][gc,heap        ] GC(241) Survivor regions: 2->3(81)
[97.527s][info][gc,heap        ] GC(241) Old regions: 29->29
[97.527s][info][gc,heap        ] GC(241) Archive regions: 0->0
[97.527s][info][gc,heap        ] GC(241) Humongous regions: 0->0
[97.527s][info][gc,metaspace   ] GC(241) Metaspace: 14269K(15040K)->14269K(15040K) NonClass: 12329K(12864K)->12329K(12864K) Class: 1939K(2176K)->1939K(2176K)
[97.527s][info][gc             ] GC(241) Pause Young (Normal) (G1 Evacuation Pause) 648M->7M(1073M) 4.329ms
[97.527s][info][gc,cpu         ] GC(241) User=0.00s Sys=0.00s Real=0.00s
[97.976s][info][gc,start       ] GC(242) Pause Young (Normal) (G1 Evacuation Pause)
[97.976s][info][gc,task        ] GC(242) Using 33 workers of 33 for evacuation
[97.981s][info][gc,phases      ] GC(242)   Pre Evacuate Collection Set: 0.2ms
[97.981s][info][gc,phases      ] GC(242)   Merge Heap Roots: 0.2ms
[97.981s][info][gc,phases      ] GC(242)   Evacuate Collection Set: 0.7ms
[97.981s][info][gc,phases      ] GC(242)   Post Evacuate Collection Set: 3.2ms
[97.981s][info][gc,phases      ] GC(242)   Other: 0.1ms
[97.981s][info][gc,heap        ] GC(242) Eden regions: 640->0(640)
[97.981s][info][gc,heap        ] GC(242) Survivor regions: 3->3(81)
[97.981s][info][gc,heap        ] GC(242) Old regions: 29->29
[97.981s][info][gc,heap        ] GC(242) Archive regions: 0->0
[97.981s][info][gc,heap        ] GC(242) Humongous regions: 0->0
[97.981s][info][gc,metaspace   ] GC(242) Metaspace: 14269K(15040K)->14269K(15040K) NonClass: 12329K(12864K)->12329K(12864K) Class: 1939K(2176K)->1939K(2176K)
[97.981s][info][gc             ] GC(242) Pause Young (Normal) (G1 Evacuation Pause) 647M->7M(1073M) 4.606ms
[97.981s][info][gc,cpu         ] GC(242) User=0.00s Sys=0.00s Real=0.00s
[98.430s][info][gc,start       ] GC(243) Pause Young (Normal) (G1 Evacuation Pause)
[98.430s][info][gc,task        ] GC(243) Using 33 workers of 33 for evacuation
[98.435s][info][gc,phases      ] GC(243)   Pre Evacuate Collection Set: 0.2ms
[98.435s][info][gc,phases      ] GC(243)   Merge Heap Roots: 0.2ms
[98.435s][info][gc,phases      ] GC(243)   Evacuate Collection Set: 0.6ms
[98.435s][info][gc,phases      ] GC(243)   Post Evacuate Collection Set: 3.3ms
[98.435s][info][gc,phases      ] GC(243)   Other: 0.1ms
[98.435s][info][gc,heap        ] GC(243) Eden regions: 640->0(640)
[98.435s][info][gc,heap        ] GC(243) Survivor regions: 3->3(81)
[98.435s][info][gc,heap        ] GC(243) Old regions: 29->29
[98.435s][info][gc,heap        ] GC(243) Archive regions: 0->0
[98.435s][info][gc,heap        ] GC(243) Humongous regions: 0->0
[98.435s][info][gc,metaspace   ] GC(243) Metaspace: 14269K(15040K)->14269K(15040K) NonClass: 12329K(12864K)->12329K(12864K) Class: 1939K(2176K)->1939K(2176K)
[98.435s][info][gc             ] GC(243) Pause Young (Normal) (G1 Evacuation Pause) 647M->7M(1073M) 4.538ms
[98.435s][info][gc,cpu         ] GC(243) User=0.00s Sys=0.00s Real=0.00s
[98.887s][info][gc,start       ] GC(244) Pause Young (Normal) (G1 Evacuation Pause)
[98.887s][info][gc,task        ] GC(244) Using 33 workers of 33 for evacuation
[98.892s][info][gc,phases      ] GC(244)   Pre Evacuate Collection Set: 0.2ms
[98.892s][info][gc,phases      ] GC(244)   Merge Heap Roots: 0.2ms
[98.892s][info][gc,phases      ] GC(244)   Evacuate Collection Set: 0.6ms
[98.892s][info][gc,phases      ] GC(244)   Post Evacuate Collection Set: 3.4ms
[98.892s][info][gc,phases      ] GC(244)   Other: 0.2ms
[98.892s][info][gc,heap        ] GC(244) Eden regions: 640->0(640)
[98.892s][info][gc,heap        ] GC(244) Survivor regions: 3->3(81)
[98.892s][info][gc,heap        ] GC(244) Old regions: 29->29
[98.892s][info][gc,heap        ] GC(244) Archive regions: 0->0
[98.892s][info][gc,heap        ] GC(244) Humongous regions: 0->0
[98.892s][info][gc,metaspace   ] GC(244) Metaspace: 14269K(15040K)->14269K(15040K) NonClass: 12329K(12864K)->12329K(12864K) Class: 1939K(2176K)->1939K(2176K)
[98.892s][info][gc             ] GC(244) Pause Young (Normal) (G1 Evacuation Pause) 647M->7M(1073M) 4.711ms
[98.892s][info][gc,cpu         ] GC(244) User=0.00s Sys=0.00s Real=0.00s
[99.341s][info][gc,start       ] GC(245) Pause Young (Normal) (G1 Evacuation Pause)
[99.341s][info][gc,task        ] GC(245) Using 33 workers of 33 for evacuation
[99.345s][info][gc,phases      ] GC(245)   Pre Evacuate Collection Set: 0.2ms
[99.345s][info][gc,phases      ] GC(245)   Merge Heap Roots: 0.2ms
[99.345s][info][gc,phases      ] GC(245)   Evacuate Collection Set: 0.5ms
[99.345s][info][gc,phases      ] GC(245)   Post Evacuate Collection Set: 3.4ms
[99.345s][info][gc,phases      ] GC(245)   Other: 0.1ms
[99.345s][info][gc,heap        ] GC(245) Eden regions: 640->0(642)
[99.345s][info][gc,heap        ] GC(245) Survivor regions: 3->1(81)
[99.345s][info][gc,heap        ] GC(245) Old regions: 29->31
[99.345s][info][gc,heap        ] GC(245) Archive regions: 0->0
[99.345s][info][gc,heap        ] GC(245) Humongous regions: 0->0
[99.345s][info][gc,metaspace   ] GC(245) Metaspace: 14269K(15040K)->14269K(15040K) NonClass: 12329K(12864K)->12329K(12864K) Class: 1939K(2176K)->1939K(2176K)
[99.345s][info][gc             ] GC(245) Pause Young (Normal) (G1 Evacuation Pause) 647M->7M(1073M) 4.599ms
[99.345s][info][gc,cpu         ] GC(245) User=0.00s Sys=0.00s Real=0.00s
[99.800s][info][gc,start       ] GC(246) Pause Young (Normal) (G1 Evacuation Pause)
[99.800s][info][gc,task        ] GC(246) Using 33 workers of 33 for evacuation
[99.804s][info][gc,phases      ] GC(246)   Pre Evacuate Collection Set: 0.2ms
[99.804s][info][gc,phases      ] GC(246)   Merge Heap Roots: 0.2ms
[99.804s][info][gc,phases      ] GC(246)   Evacuate Collection Set: 0.4ms
[99.804s][info][gc,phases      ] GC(246)   Post Evacuate Collection Set: 3.4ms
[99.804s][info][gc,phases      ] GC(246)   Other: 0.1ms
[99.804s][info][gc,heap        ] GC(246) Eden regions: 642->0(642)
[99.804s][info][gc,heap        ] GC(246) Survivor regions: 1->1(81)
[99.804s][info][gc,heap        ] GC(246) Old regions: 31->31
[99.804s][info][gc,heap        ] GC(246) Archive regions: 0->0
[99.804s][info][gc,heap        ] GC(246) Humongous regions: 0->0
[99.804s][info][gc,metaspace   ] GC(246) Metaspace: 14269K(15040K)->14269K(15040K) NonClass: 12329K(12864K)->12329K(12864K) Class: 1939K(2176K)->1939K(2176K)
[99.804s][info][gc             ] GC(246) Pause Young (Normal) (G1 Evacuation Pause) 649M->7M(1073M) 4.497ms
[99.804s][info][gc,cpu         ] GC(246) User=0.02s Sys=0.00s Real=0.01s
[100.267s][info][gc,start       ] GC(247) Pause Young (Normal) (G1 Evacuation Pause)
[100.267s][info][gc,task        ] GC(247) Using 33 workers of 33 for evacuation
[100.271s][info][gc,phases      ] GC(247)   Pre Evacuate Collection Set: 0.2ms
[100.271s][info][gc,phases      ] GC(247)   Merge Heap Roots: 0.2ms
[100.271s][info][gc,phases      ] GC(247)   Evacuate Collection Set: 0.4ms
[100.271s][info][gc,phases      ] GC(247)   Post Evacuate Collection Set: 3.1ms
[100.271s][info][gc,phases      ] GC(247)   Other: 0.1ms
[100.271s][info][gc,heap        ] GC(247) Eden regions: 642->0(641)
[100.271s][info][gc,heap        ] GC(247) Survivor regions: 1->2(81)
[100.271s][info][gc,heap        ] GC(247) Old regions: 31->31
[100.271s][info][gc,heap        ] GC(247) Archive regions: 0->0
[100.271s][info][gc,heap        ] GC(247) Humongous regions: 0->0
[100.271s][info][gc,metaspace   ] GC(247) Metaspace: 14269K(15040K)->14269K(15040K) NonClass: 12329K(12864K)->12329K(12864K) Class: 1939K(2176K)->1939K(2176K)
[100.271s][info][gc             ] GC(247) Pause Young (Normal) (G1 Evacuation Pause) 649M->7M(1073M) 4.264ms
[100.271s][info][gc,cpu         ] GC(247) User=0.00s Sys=0.00s Real=0.00s
[100.737s][info][gc,start       ] GC(248) Pause Young (Normal) (G1 Evacuation Pause)
[100.737s][info][gc,task        ] GC(248) Using 33 workers of 33 for evacuation
[100.740s][info][gc,phases      ] GC(248)   Pre Evacuate Collection Set: 0.2ms
[100.741s][info][gc,phases      ] GC(248)   Merge Heap Roots: 0.2ms
[100.741s][info][gc,phases      ] GC(248)   Evacuate Collection Set: 0.4ms
[100.741s][info][gc,phases      ] GC(248)   Post Evacuate Collection Set: 3.0ms
[100.741s][info][gc,phases      ] GC(248)   Other: 0.1ms
[100.741s][info][gc,heap        ] GC(248) Eden regions: 641->0(641)
[100.741s][info][gc,heap        ] GC(248) Survivor regions: 2->2(81)
[100.741s][info][gc,heap        ] GC(248) Old regions: 31->31
[100.741s][info][gc,heap        ] GC(248) Archive regions: 0->0
[100.741s][info][gc,heap        ] GC(248) Humongous regions: 0->0
[100.741s][info][gc,metaspace   ] GC(248) Metaspace: 14269K(15040K)->14269K(15040K) NonClass: 12329K(12864K)->12329K(12864K) Class: 1939K(2176K)->1939K(2176K)
[100.741s][info][gc             ] GC(248) Pause Young (Normal) (G1 Evacuation Pause) 648M->7M(1073M) 4.136ms
[100.741s][info][gc,cpu         ] GC(248) User=0.00s Sys=0.00s Real=0.00s
[101.194s][info][gc,start       ] GC(249) Pause Young (Normal) (G1 Evacuation Pause)
[101.194s][info][gc,task        ] GC(249) Using 33 workers of 33 for evacuation
[101.198s][info][gc,phases      ] GC(249)   Pre Evacuate Collection Set: 0.2ms
[101.198s][info][gc,phases      ] GC(249)   Merge Heap Roots: 0.2ms
[101.198s][info][gc,phases      ] GC(249)   Evacuate Collection Set: 0.4ms
[101.198s][info][gc,phases      ] GC(249)   Post Evacuate Collection Set: 3.1ms
[101.198s][info][gc,phases      ] GC(249)   Other: 0.1ms
[101.198s][info][gc,heap        ] GC(249) Eden regions: 641->0(641)
[101.198s][info][gc,heap        ] GC(249) Survivor regions: 2->2(81)
[101.198s][info][gc,heap        ] GC(249) Old regions: 31->31
[101.198s][info][gc,heap        ] GC(249) Archive regions: 0->0
[101.198s][info][gc,heap        ] GC(249) Humongous regions: 0->0
[101.198s][info][gc,metaspace   ] GC(249) Metaspace: 14269K(15040K)->14269K(15040K) NonClass: 12329K(12864K)->12329K(12864K) Class: 1939K(2176K)->1939K(2176K)
[101.198s][info][gc             ] GC(249) Pause Young (Normal) (G1 Evacuation Pause) 648M->7M(1073M) 4.308ms
[101.198s][info][gc,cpu         ] GC(249) User=0.45s Sys=0.06s Real=0.00s
[101.651s][info][gc,start       ] GC(250) Pause Young (Normal) (G1 Evacuation Pause)
[101.651s][info][gc,task        ] GC(250) Using 33 workers of 33 for evacuation
[101.656s][info][gc,phases      ] GC(250)   Pre Evacuate Collection Set: 0.2ms
[101.656s][info][gc,phases      ] GC(250)   Merge Heap Roots: 0.2ms
[101.656s][info][gc,phases      ] GC(250)   Evacuate Collection Set: 0.4ms
[101.656s][info][gc,phases      ] GC(250)   Post Evacuate Collection Set: 3.3ms
[101.656s][info][gc,phases      ] GC(250)   Other: 0.1ms
[101.656s][info][gc,heap        ] GC(250) Eden regions: 641->0(641)
[101.656s][info][gc,heap        ] GC(250) Survivor regions: 2->2(81)
[101.656s][info][gc,heap        ] GC(250) Old regions: 31->31
[101.656s][info][gc,heap        ] GC(250) Archive regions: 0->0
[101.656s][info][gc,heap        ] GC(250) Humongous regions: 0->0
[101.656s][info][gc,metaspace   ] GC(250) Metaspace: 14269K(15040K)->14269K(15040K) NonClass: 12329K(12864K)->12329K(12864K) Class: 1939K(2176K)->1939K(2176K)
[101.656s][info][gc             ] GC(250) Pause Young (Normal) (G1 Evacuation Pause) 648M->8M(1073M) 4.399ms
[101.656s][info][gc,cpu         ] GC(250) User=0.00s Sys=0.00s Real=0.00s
[102.110s][info][gc,start       ] GC(251) Pause Young (Normal) (G1 Evacuation Pause)
[102.110s][info][gc,task        ] GC(251) Using 33 workers of 33 for evacuation
[102.114s][info][gc,phases      ] GC(251)   Pre Evacuate Collection Set: 0.2ms
[102.114s][info][gc,phases      ] GC(251)   Merge Heap Roots: 0.2ms
[102.114s][info][gc,phases      ] GC(251)   Evacuate Collection Set: 0.4ms
[102.114s][info][gc,phases      ] GC(251)   Post Evacuate Collection Set: 3.4ms
[102.114s][info][gc,phases      ] GC(251)   Other: 0.1ms
[102.114s][info][gc,heap        ] GC(251) Eden regions: 641->0(641)
[102.114s][info][gc,heap        ] GC(251) Survivor regions: 2->2(81)
[102.114s][info][gc,heap        ] GC(251) Old regions: 31->31
[102.114s][info][gc,heap        ] GC(251) Archive regions: 0->0
[102.114s][info][gc,heap        ] GC(251) Humongous regions: 0->0
[102.114s][info][gc,metaspace   ] GC(251) Metaspace: 14269K(15040K)->14269K(15040K) NonClass: 12329K(12864K)->12329K(12864K) Class: 1939K(2176K)->1939K(2176K)
[102.114s][info][gc             ] GC(251) Pause Young (Normal) (G1 Evacuation Pause) 649M->8M(1073M) 4.599ms
[102.114s][info][gc,cpu         ] GC(251) User=0.00s Sys=0.00s Real=0.00s
[102.566s][info][gc,start       ] GC(252) Pause Young (Normal) (G1 Evacuation Pause)
[102.566s][info][gc,task        ] GC(252) Using 33 workers of 33 for evacuation
[102.571s][info][gc,phases      ] GC(252)   Pre Evacuate Collection Set: 0.2ms
[102.571s][info][gc,phases      ] GC(252)   Merge Heap Roots: 0.2ms
[102.571s][info][gc,phases      ] GC(252)   Evacuate Collection Set: 0.4ms
[102.571s][info][gc,phases      ] GC(252)   Post Evacuate Collection Set: 3.5ms
[102.571s][info][gc,phases      ] GC(252)   Other: 0.1ms
[102.571s][info][gc,heap        ] GC(252) Eden regions: 641->0(641)
[102.571s][info][gc,heap        ] GC(252) Survivor regions: 2->2(81)
[102.571s][info][gc,heap        ] GC(252) Old regions: 31->31
[102.571s][info][gc,heap        ] GC(252) Archive regions: 0->0
[102.571s][info][gc,heap        ] GC(252) Humongous regions: 0->0
[102.571s][info][gc,metaspace   ] GC(252) Metaspace: 14269K(15040K)->14269K(15040K) NonClass: 12329K(12864K)->12329K(12864K) Class: 1939K(2176K)->1939K(2176K)
[102.571s][info][gc             ] GC(252) Pause Young (Normal) (G1 Evacuation Pause) 649M->8M(1073M) 4.587ms
[102.571s][info][gc,cpu         ] GC(252) User=0.52s Sys=0.00s Real=0.00s
[103.039s][info][gc,start       ] GC(253) Pause Young (Normal) (G1 Evacuation Pause)
[103.039s][info][gc,task        ] GC(253) Using 33 workers of 33 for evacuation
[103.043s][info][gc,phases      ] GC(253)   Pre Evacuate Collection Set: 0.2ms
[103.043s][info][gc,phases      ] GC(253)   Merge Heap Roots: 0.2ms
[103.043s][info][gc,phases      ] GC(253)   Evacuate Collection Set: 0.3ms
[103.043s][info][gc,phases      ] GC(253)   Post Evacuate Collection Set: 3.1ms
[103.043s][info][gc,phases      ] GC(253)   Other: 0.1ms
[103.043s][info][gc,heap        ] GC(253) Eden regions: 641->0(641)
[103.043s][info][gc,heap        ] GC(253) Survivor regions: 2->2(81)
[103.043s][info][gc,heap        ] GC(253) Old regions: 31->31
[103.043s][info][gc,heap        ] GC(253) Archive regions: 0->0
[103.043s][info][gc,heap        ] GC(253) Humongous regions: 0->0
[103.043s][info][gc,metaspace   ] GC(253) Metaspace: 14269K(15040K)->14269K(15040K) NonClass: 12329K(12864K)->12329K(12864K) Class: 1939K(2176K)->1939K(2176K)
[103.043s][info][gc             ] GC(253) Pause Young (Normal) (G1 Evacuation Pause) 649M->8M(1073M) 4.180ms
[103.044s][info][gc,cpu         ] GC(253) User=0.00s Sys=0.00s Real=0.00s
[103.508s][info][gc,start       ] GC(254) Pause Young (Normal) (G1 Evacuation Pause)
[103.508s][info][gc,task        ] GC(254) Using 33 workers of 33 for evacuation
[103.512s][info][gc,phases      ] GC(254)   Pre Evacuate Collection Set: 0.2ms
[103.512s][info][gc,phases      ] GC(254)   Merge Heap Roots: 0.2ms
[103.512s][info][gc,phases      ] GC(254)   Evacuate Collection Set: 0.4ms
[103.512s][info][gc,phases      ] GC(254)   Post Evacuate Collection Set: 3.0ms
[103.512s][info][gc,phases      ] GC(254)   Other: 0.1ms
[103.512s][info][gc,heap        ] GC(254) Eden regions: 641->0(641)
[103.512s][info][gc,heap        ] GC(254) Survivor regions: 2->2(81)
[103.512s][info][gc,heap        ] GC(254) Old regions: 31->32
[103.512s][info][gc,heap        ] GC(254) Archive regions: 0->0
[103.512s][info][gc,heap        ] GC(254) Humongous regions: 0->0
[103.512s][info][gc,metaspace   ] GC(254) Metaspace: 14269K(15040K)->14269K(15040K) NonClass: 12329K(12864K)->12329K(12864K) Class: 1939K(2176K)->1939K(2176K)
[103.512s][info][gc             ] GC(254) Pause Young (Normal) (G1 Evacuation Pause) 649M->8M(1073M) 4.097ms
[103.512s][info][gc,cpu         ] GC(254) User=0.00s Sys=0.00s Real=0.00s
[103.964s][info][gc,start       ] GC(255) Pause Young (Normal) (G1 Evacuation Pause)
[103.965s][info][gc,task        ] GC(255) Using 33 workers of 33 for evacuation
[103.969s][info][gc,phases      ] GC(255)   Pre Evacuate Collection Set: 0.2ms
[103.969s][info][gc,phases      ] GC(255)   Merge Heap Roots: 0.3ms
[103.969s][info][gc,phases      ] GC(255)   Evacuate Collection Set: 0.3ms
[103.969s][info][gc,phases      ] GC(255)   Post Evacuate Collection Set: 3.1ms
[103.969s][info][gc,phases      ] GC(255)   Other: 0.1ms
[103.969s][info][gc,heap        ] GC(255) Eden regions: 641->0(641)
[103.969s][info][gc,heap        ] GC(255) Survivor regions: 2->2(81)
[103.969s][info][gc,heap        ] GC(255) Old regions: 32->32
[103.969s][info][gc,heap        ] GC(255) Archive regions: 0->0
[103.969s][info][gc,heap        ] GC(255) Humongous regions: 0->0
[103.969s][info][gc,metaspace   ] GC(255) Metaspace: 14269K(15040K)->14269K(15040K) NonClass: 12329K(12864K)->12329K(12864K) Class: 1939K(2176K)->1939K(2176K)
[103.969s][info][gc             ] GC(255) Pause Young (Normal) (G1 Evacuation Pause) 649M->8M(1073M) 4.265ms
[103.969s][info][gc,cpu         ] GC(255) User=0.00s Sys=0.00s Real=0.01s
[104.403s][info][gc,start       ] GC(256) Pause Young (Normal) (G1 Evacuation Pause)
[104.403s][info][gc,task        ] GC(256) Using 33 workers of 33 for evacuation
[104.408s][info][gc,phases      ] GC(256)   Pre Evacuate Collection Set: 0.2ms
[104.408s][info][gc,phases      ] GC(256)   Merge Heap Roots: 0.2ms
[104.408s][info][gc,phases      ] GC(256)   Evacuate Collection Set: 0.4ms
[104.408s][info][gc,phases      ] GC(256)   Post Evacuate Collection Set: 3.4ms
[104.408s][info][gc,phases      ] GC(256)   Other: 0.1ms
[104.408s][info][gc,heap        ] GC(256) Eden regions: 641->0(641)
[104.408s][info][gc,heap        ] GC(256) Survivor regions: 2->2(81)
[104.408s][info][gc,heap        ] GC(256) Old regions: 32->32
[104.408s][info][gc,heap        ] GC(256) Archive regions: 0->0
[104.408s][info][gc,heap        ] GC(256) Humongous regions: 0->0
[104.408s][info][gc,metaspace   ] GC(256) Metaspace: 14269K(15040K)->14269K(15040K) NonClass: 12329K(12864K)->12329K(12864K) Class: 1939K(2176K)->1939K(2176K)
[104.408s][info][gc             ] GC(256) Pause Young (Normal) (G1 Evacuation Pause) 649M->8M(1073M) 4.569ms
[104.408s][info][gc,cpu         ] GC(256) User=0.00s Sys=0.00s Real=0.00s
[104.727s][info][gc,start       ] GC(257) Pause Full (System.gc())
[104.728s][info][gc,task        ] GC(257) Using 29 workers of 33 for full compaction
[104.729s][info][gc,phases,start] GC(257) Phase 1: Mark live objects
[104.737s][info][gc,phases      ] GC(257) Phase 1: Mark live objects 7.940ms
[104.737s][info][gc,phases,start] GC(257) Phase 2: Prepare compaction
[104.738s][info][gc,phases      ] GC(257) Phase 2: Prepare compaction 1.164ms
[104.738s][info][gc,phases,start] GC(257) Phase 3: Adjust pointers
[104.745s][info][gc,phases      ] GC(257) Phase 3: Adjust pointers 6.627ms
[104.745s][info][gc,phases,start] GC(257) Phase 4: Compact heap
[104.745s][info][gc,phases      ] GC(257) Phase 4: Compact heap 0.602ms
[104.754s][info][gc,heap        ] GC(257) Eden regions: 469->0(58)
[104.754s][info][gc,heap        ] GC(257) Survivor regions: 2->0(81)
[104.754s][info][gc,heap        ] GC(257) Old regions: 32->29
[104.754s][info][gc,heap        ] GC(257) Archive regions: 0->0
[104.754s][info][gc,heap        ] GC(257) Humongous regions: 0->0
[104.754s][info][gc,metaspace   ] GC(257) Metaspace: 14269K(15040K)->14269K(15040K) NonClass: 12329K(12864K)->12329K(12864K) Class: 1939K(2176K)->1939K(2176K)
[104.754s][info][gc             ] GC(257) Pause Full (System.gc()) 476M->5M(97M) 26.839ms
[104.754s][info][gc,cpu         ] GC(257) User=0.02s Sys=0.00s Real=0.02s
[104.801s][info][gc,start       ] GC(258) Pause Young (Normal) (G1 Evacuation Pause)
[104.801s][info][gc,task        ] GC(258) Using 33 workers of 33 for evacuation
[104.804s][info][gc,phases      ] GC(258)   Pre Evacuate Collection Set: 0.1ms
[104.804s][info][gc,phases      ] GC(258)   Merge Heap Roots: 0.1ms
[104.804s][info][gc,phases      ] GC(258)   Evacuate Collection Set: 0.4ms
[104.804s][info][gc,phases      ] GC(258)   Post Evacuate Collection Set: 2.5ms
[104.804s][info][gc,phases      ] GC(258)   Other: 0.1ms
[104.804s][info][gc,heap        ] GC(258) Eden regions: 58->0(56)
[104.804s][info][gc,heap        ] GC(258) Survivor regions: 0->2(8)
[104.804s][info][gc,heap        ] GC(258) Old regions: 29->29
[104.804s][info][gc,heap        ] GC(258) Archive regions: 0->0
[104.804s][info][gc,heap        ] GC(258) Humongous regions: 0->0
[104.804s][info][gc,metaspace   ] GC(258) Metaspace: 14269K(15040K)->14269K(15040K) NonClass: 12329K(12864K)->12329K(12864K) Class: 1939K(2176K)->1939K(2176K)
[104.804s][info][gc             ] GC(258) Pause Young (Normal) (G1 Evacuation Pause) 63M->6M(97M) 3.430ms
[104.804s][info][gc,cpu         ] GC(258) User=0.52s Sys=0.00s Real=0.00s
[104.843s][info][gc,start       ] GC(259) Pause Young (Normal) (G1 Evacuation Pause)
[104.843s][info][gc,task        ] GC(259) Using 33 workers of 33 for evacuation
[104.846s][info][gc,phases      ] GC(259)   Pre Evacuate Collection Set: 0.1ms
[104.847s][info][gc,phases      ] GC(259)   Merge Heap Roots: 0.1ms
[104.847s][info][gc,phases      ] GC(259)   Evacuate Collection Set: 0.5ms
[104.847s][info][gc,phases      ] GC(259)   Post Evacuate Collection Set: 2.4ms
[104.847s][info][gc,phases      ] GC(259)   Other: 0.1ms
[104.847s][info][gc,heap        ] GC(259) Eden regions: 56->0(56)
[104.847s][info][gc,heap        ] GC(259) Survivor regions: 2->2(8)
[104.847s][info][gc,heap        ] GC(259) Old regions: 29->29
[104.847s][info][gc,heap        ] GC(259) Archive regions: 0->0
[104.847s][info][gc,heap        ] GC(259) Humongous regions: 0->0
[104.847s][info][gc,metaspace   ] GC(259) Metaspace: 14269K(15040K)->14269K(15040K) NonClass: 12329K(12864K)->12329K(12864K) Class: 1939K(2176K)->1939K(2176K)
[104.847s][info][gc             ] GC(259) Pause Young (Normal) (G1 Evacuation Pause) 62M->6M(97M) 3.376ms
[104.847s][info][gc,cpu         ] GC(259) User=0.00s Sys=0.00s Real=0.00s
[104.887s][info][gc,start       ] GC(260) Pause Young (Normal) (G1 Evacuation Pause)
[104.887s][info][gc,task        ] GC(260) Using 33 workers of 33 for evacuation
[104.890s][info][gc,phases      ] GC(260)   Pre Evacuate Collection Set: 0.1ms
[104.890s][info][gc,phases      ] GC(260)   Merge Heap Roots: 0.1ms
[104.890s][info][gc,phases      ] GC(260)   Evacuate Collection Set: 0.5ms
[104.890s][info][gc,phases      ] GC(260)   Post Evacuate Collection Set: 2.5ms
[104.890s][info][gc,phases      ] GC(260)   Other: 0.1ms
[104.890s][info][gc,heap        ] GC(260) Eden regions: 56->0(56)
[104.890s][info][gc,heap        ] GC(260) Survivor regions: 2->2(8)
[104.890s][info][gc,heap        ] GC(260) Old regions: 29->29
[104.890s][info][gc,heap        ] GC(260) Archive regions: 0->0
[104.890s][info][gc,heap        ] GC(260) Humongous regions: 0->0
[104.890s][info][gc,metaspace   ] GC(260) Metaspace: 14269K(15040K)->14269K(15040K) NonClass: 12329K(12864K)->12329K(12864K) Class: 1939K(2176K)->1939K(2176K)
[104.890s][info][gc             ] GC(260) Pause Young (Normal) (G1 Evacuation Pause) 62M->6M(97M) 3.467ms
[104.890s][info][gc,cpu         ] GC(260) User=0.00s Sys=0.00s Real=0.00s
[104.929s][info][gc,start       ] GC(261) Pause Young (Normal) (G1 Evacuation Pause)
[104.929s][info][gc,task        ] GC(261) Using 33 workers of 33 for evacuation
[104.937s][info][gc,phases      ] GC(261)   Pre Evacuate Collection Set: 0.1ms
[104.937s][info][gc,phases      ] GC(261)   Merge Heap Roots: 0.1ms
[104.937s][info][gc,phases      ] GC(261)   Evacuate Collection Set: 0.5ms
[104.937s][info][gc,phases      ] GC(261)   Post Evacuate Collection Set: 7.2ms
[104.937s][info][gc,phases      ] GC(261)   Other: 0.1ms
[104.937s][info][gc,heap        ] GC(261) Eden regions: 56->0(641)
[104.937s][info][gc,heap        ] GC(261) Survivor regions: 2->2(8)
[104.937s][info][gc,heap        ] GC(261) Old regions: 29->29
[104.937s][info][gc,heap        ] GC(261) Archive regions: 0->0
[104.937s][info][gc,heap        ] GC(261) Humongous regions: 0->0
[104.937s][info][gc,metaspace   ] GC(261) Metaspace: 14269K(15040K)->14269K(15040K) NonClass: 12329K(12864K)->12329K(12864K) Class: 1939K(2176K)->1939K(2176K)
[104.937s][info][gc             ] GC(261) Pause Young (Normal) (G1 Evacuation Pause) 62M->6M(1073M) 8.140ms
[104.937s][info][gc,cpu         ] GC(261) User=0.00s Sys=0.00s Real=0.01s
[105.409s][info][gc,start       ] GC(262) Pause Young (Normal) (G1 Evacuation Pause)
[105.409s][info][gc,task        ] GC(262) Using 33 workers of 33 for evacuation
[105.417s][info][gc,phases      ] GC(262)   Pre Evacuate Collection Set: 0.2ms
[105.417s][info][gc,phases      ] GC(262)   Merge Heap Roots: 0.3ms
[105.417s][info][gc,phases      ] GC(262)   Evacuate Collection Set: 3.0ms
[105.417s][info][gc,phases      ] GC(262)   Post Evacuate Collection Set: 4.3ms
[105.418s][info][gc,phases      ] GC(262)   Other: 0.2ms
[105.418s][info][gc,heap        ] GC(262) Eden regions: 641->0(641)
[105.418s][info][gc,heap        ] GC(262) Survivor regions: 2->2(81)
[105.418s][info][gc,heap        ] GC(262) Old regions: 29->29
[105.418s][info][gc,heap        ] GC(262) Archive regions: 0->0
[105.418s][info][gc,heap        ] GC(262) Humongous regions: 0->0
[105.418s][info][gc,metaspace   ] GC(262) Metaspace: 14269K(15040K)->14269K(15040K) NonClass: 12329K(12864K)->12329K(12864K) Class: 1939K(2176K)->1939K(2176K)
[105.418s][info][gc             ] GC(262) Pause Young (Normal) (G1 Evacuation Pause) 647M->6M(1073M) 8.489ms
[105.418s][info][gc,cpu         ] GC(262) User=0.00s Sys=0.00s Real=0.00s
[105.885s][info][gc,start       ] GC(263) Pause Young (Normal) (G1 Evacuation Pause)
[105.885s][info][gc,task        ] GC(263) Using 33 workers of 33 for evacuation
[105.891s][info][gc,phases      ] GC(263)   Pre Evacuate Collection Set: 0.2ms
[105.891s][info][gc,phases      ] GC(263)   Merge Heap Roots: 0.2ms
[105.891s][info][gc,phases      ] GC(263)   Evacuate Collection Set: 1.9ms
[105.891s][info][gc,phases      ] GC(263)   Post Evacuate Collection Set: 3.0ms
[105.891s][info][gc,phases      ] GC(263)   Other: 0.1ms
[105.891s][info][gc,heap        ] GC(263) Eden regions: 641->0(641)
[105.891s][info][gc,heap        ] GC(263) Survivor regions: 2->2(81)
[105.891s][info][gc,heap        ] GC(263) Old regions: 29->29
[105.891s][info][gc,heap        ] GC(263) Archive regions: 0->0
[105.891s][info][gc,heap        ] GC(263) Humongous regions: 0->0
[105.891s][info][gc,metaspace   ] GC(263) Metaspace: 14269K(15040K)->14269K(15040K) NonClass: 12329K(12864K)->12329K(12864K) Class: 1939K(2176K)->1939K(2176K)
[105.891s][info][gc             ] GC(263) Pause Young (Normal) (G1 Evacuation Pause) 647M->6M(1073M) 5.614ms
[105.891s][info][gc,cpu         ] GC(263) User=0.00s Sys=0.00s Real=0.01s
[106.337s][info][gc,start       ] GC(264) Pause Young (Normal) (G1 Evacuation Pause)
[106.337s][info][gc,task        ] GC(264) Using 33 workers of 33 for evacuation
[106.342s][info][gc,phases      ] GC(264)   Pre Evacuate Collection Set: 0.2ms
[106.342s][info][gc,phases      ] GC(264)   Merge Heap Roots: 0.2ms
[106.342s][info][gc,phases      ] GC(264)   Evacuate Collection Set: 0.5ms
[106.342s][info][gc,phases      ] GC(264)   Post Evacuate Collection Set: 3.2ms
[106.342s][info][gc,phases      ] GC(264)   Other: 0.1ms
[106.342s][info][gc,heap        ] GC(264) Eden regions: 641->0(641)
[106.342s][info][gc,heap        ] GC(264) Survivor regions: 2->2(81)
[106.342s][info][gc,heap        ] GC(264) Old regions: 29->29
[106.342s][info][gc,heap        ] GC(264) Archive regions: 0->0
[106.342s][info][gc,heap        ] GC(264) Humongous regions: 0->0
[106.342s][info][gc,metaspace   ] GC(264) Metaspace: 14269K(15040K)->14269K(15040K) NonClass: 12329K(12864K)->12329K(12864K) Class: 1939K(2176K)->1939K(2176K)
[106.342s][info][gc             ] GC(264) Pause Young (Normal) (G1 Evacuation Pause) 647M->6M(1073M) 4.471ms
[106.342s][info][gc,cpu         ] GC(264) User=0.00s Sys=0.00s Real=0.00s
[106.797s][info][gc,start       ] GC(265) Pause Young (Normal) (G1 Evacuation Pause)
[106.797s][info][gc,task        ] GC(265) Using 33 workers of 33 for evacuation
[106.801s][info][gc,phases      ] GC(265)   Pre Evacuate Collection Set: 0.2ms
[106.801s][info][gc,phases      ] GC(265)   Merge Heap Roots: 0.2ms
[106.801s][info][gc,phases      ] GC(265)   Evacuate Collection Set: 0.6ms
[106.801s][info][gc,phases      ] GC(265)   Post Evacuate Collection Set: 3.1ms
[106.801s][info][gc,phases      ] GC(265)   Other: 0.1ms
[106.801s][info][gc,heap        ] GC(265) Eden regions: 641->0(641)
[106.801s][info][gc,heap        ] GC(265) Survivor regions: 2->2(81)
[106.801s][info][gc,heap        ] GC(265) Old regions: 29->29
[106.801s][info][gc,heap        ] GC(265) Archive regions: 0->0
[106.801s][info][gc,heap        ] GC(265) Humongous regions: 0->0
[106.801s][info][gc,metaspace   ] GC(265) Metaspace: 14269K(15040K)->14269K(15040K) NonClass: 12329K(12864K)->12329K(12864K) Class: 1939K(2176K)->1939K(2176K)
[106.801s][info][gc             ] GC(265) Pause Young (Normal) (G1 Evacuation Pause) 647M->7M(1073M) 4.349ms
[106.801s][info][gc,cpu         ] GC(265) User=0.00s Sys=0.00s Real=0.01s
[107.245s][info][gc,start       ] GC(266) Pause Young (Normal) (G1 Evacuation Pause)
[107.245s][info][gc,task        ] GC(266) Using 33 workers of 33 for evacuation
[107.249s][info][gc,phases      ] GC(266)   Pre Evacuate Collection Set: 0.2ms
[107.249s][info][gc,phases      ] GC(266)   Merge Heap Roots: 0.2ms
[107.249s][info][gc,phases      ] GC(266)   Evacuate Collection Set: 0.5ms
[107.249s][info][gc,phases      ] GC(266)   Post Evacuate Collection Set: 3.1ms
[107.249s][info][gc,phases      ] GC(266)   Other: 0.1ms
[107.249s][info][gc,heap        ] GC(266) Eden regions: 641->0(641)
[107.249s][info][gc,heap        ] GC(266) Survivor regions: 2->2(81)
[107.249s][info][gc,heap        ] GC(266) Old regions: 29->29
[107.249s][info][gc,heap        ] GC(266) Archive regions: 0->0
[107.249s][info][gc,heap        ] GC(266) Humongous regions: 0->0
[107.249s][info][gc,metaspace   ] GC(266) Metaspace: 14269K(15040K)->14269K(15040K) NonClass: 12329K(12864K)->12329K(12864K) Class: 1939K(2176K)->1939K(2176K)
[107.249s][info][gc             ] GC(266) Pause Young (Normal) (G1 Evacuation Pause) 648M->7M(1073M) 4.350ms
[107.249s][info][gc,cpu         ] GC(266) User=0.00s Sys=0.00s Real=0.00s
[107.693s][info][gc,start       ] GC(267) Pause Young (Normal) (G1 Evacuation Pause)
[107.693s][info][gc,task        ] GC(267) Using 33 workers of 33 for evacuation
[107.698s][info][gc,phases      ] GC(267)   Pre Evacuate Collection Set: 0.2ms
[107.698s][info][gc,phases      ] GC(267)   Merge Heap Roots: 0.2ms
[107.698s][info][gc,phases      ] GC(267)   Evacuate Collection Set: 0.5ms
[107.698s][info][gc,phases      ] GC(267)   Post Evacuate Collection Set: 3.3ms
[107.698s][info][gc,phases      ] GC(267)   Other: 0.1ms
[107.698s][info][gc,heap        ] GC(267) Eden regions: 641->0(641)
[107.698s][info][gc,heap        ] GC(267) Survivor regions: 2->2(81)
[107.698s][info][gc,heap        ] GC(267) Old regions: 29->29
[107.698s][info][gc,heap        ] GC(267) Archive regions: 0->0
[107.698s][info][gc,heap        ] GC(267) Humongous regions: 0->0
[107.698s][info][gc,metaspace   ] GC(267) Metaspace: 14269K(15040K)->14269K(15040K) NonClass: 12329K(12864K)->12329K(12864K) Class: 1939K(2176K)->1939K(2176K)
[107.698s][info][gc             ] GC(267) Pause Young (Normal) (G1 Evacuation Pause) 648M->7M(1073M) 4.548ms
[107.698s][info][gc,cpu         ] GC(267) User=0.52s Sys=0.00s Real=0.01s
[108.213s][info][gc,start       ] GC(268) Pause Young (Normal) (G1 Evacuation Pause)
[108.214s][info][gc,task        ] GC(268) Using 33 workers of 33 for evacuation
[108.220s][info][gc,phases      ] GC(268)   Pre Evacuate Collection Set: 0.2ms
[108.220s][info][gc,phases      ] GC(268)   Merge Heap Roots: 0.3ms
[108.220s][info][gc,phases      ] GC(268)   Evacuate Collection Set: 1.1ms
[108.220s][info][gc,phases      ] GC(268)   Post Evacuate Collection Set: 4.2ms
[108.220s][info][gc,phases      ] GC(268)   Other: 0.2ms
[108.220s][info][gc,heap        ] GC(268) Eden regions: 641->0(641)
[108.220s][info][gc,heap        ] GC(268) Survivor regions: 2->2(81)
[108.220s][info][gc,heap        ] GC(268) Old regions: 29->29
[108.220s][info][gc,heap        ] GC(268) Archive regions: 0->0
[108.220s][info][gc,heap        ] GC(268) Humongous regions: 0->0
[108.220s][info][gc,metaspace   ] GC(268) Metaspace: 14269K(15040K)->14269K(15040K) NonClass: 12329K(12864K)->12329K(12864K) Class: 1939K(2176K)->1939K(2176K)
[108.220s][info][gc             ] GC(268) Pause Young (Normal) (G1 Evacuation Pause) 648M->7M(1073M) 6.620ms
[108.220s][info][gc,cpu         ] GC(268) User=0.00s Sys=0.00s Real=0.01s
[108.686s][info][gc,start       ] GC(269) Pause Young (Normal) (G1 Evacuation Pause)
[108.686s][info][gc,task        ] GC(269) Using 33 workers of 33 for evacuation
[108.690s][info][gc,phases      ] GC(269)   Pre Evacuate Collection Set: 0.2ms
[108.690s][info][gc,phases      ] GC(269)   Merge Heap Roots: 0.2ms
[108.690s][info][gc,phases      ] GC(269)   Evacuate Collection Set: 0.5ms
[108.690s][info][gc,phases      ] GC(269)   Post Evacuate Collection Set: 3.0ms
[108.690s][info][gc,phases      ] GC(269)   Other: 0.1ms
[108.690s][info][gc,heap        ] GC(269) Eden regions: 641->0(640)
[108.690s][info][gc,heap        ] GC(269) Survivor regions: 2->3(81)
[108.690s][info][gc,heap        ] GC(269) Old regions: 29->29
[108.690s][info][gc,heap        ] GC(269) Archive regions: 0->0
[108.690s][info][gc,heap        ] GC(269) Humongous regions: 0->0
[108.690s][info][gc,metaspace   ] GC(269) Metaspace: 14269K(15040K)->14269K(15040K) NonClass: 12329K(12864K)->12329K(12864K) Class: 1939K(2176K)->1939K(2176K)
[108.690s][info][gc             ] GC(269) Pause Young (Normal) (G1 Evacuation Pause) 648M->7M(1073M) 4.227ms
[108.690s][info][gc,cpu         ] GC(269) User=0.00s Sys=0.00s Real=0.00s
[109.131s][info][gc,start       ] GC(270) Pause Young (Normal) (G1 Evacuation Pause)
[109.131s][info][gc,task        ] GC(270) Using 33 workers of 33 for evacuation
[109.136s][info][gc,phases      ] GC(270)   Pre Evacuate Collection Set: 0.2ms
[109.136s][info][gc,phases      ] GC(270)   Merge Heap Roots: 0.2ms
[109.136s][info][gc,phases      ] GC(270)   Evacuate Collection Set: 0.7ms
[109.136s][info][gc,phases      ] GC(270)   Post Evacuate Collection Set: 3.2ms
[109.136s][info][gc,phases      ] GC(270)   Other: 0.1ms
[109.136s][info][gc,heap        ] GC(270) Eden regions: 640->0(640)
[109.136s][info][gc,heap        ] GC(270) Survivor regions: 3->3(81)
[109.136s][info][gc,heap        ] GC(270) Old regions: 29->29
[109.136s][info][gc,heap        ] GC(270) Archive regions: 0->0
[109.136s][info][gc,heap        ] GC(270) Humongous regions: 0->0
[109.136s][info][gc,metaspace   ] GC(270) Metaspace: 14269K(15040K)->14269K(15040K) NonClass: 12329K(12864K)->12329K(12864K) Class: 1939K(2176K)->1939K(2176K)
[109.136s][info][gc             ] GC(270) Pause Young (Normal) (G1 Evacuation Pause) 647M->7M(1073M) 4.622ms
[109.136s][info][gc,cpu         ] GC(270) User=0.00s Sys=0.02s Real=0.01s
[109.586s][info][gc,start       ] GC(271) Pause Young (Normal) (G1 Evacuation Pause)
[109.586s][info][gc,task        ] GC(271) Using 33 workers of 33 for evacuation
[109.590s][info][gc,phases      ] GC(271)   Pre Evacuate Collection Set: 0.2ms
[109.591s][info][gc,phases      ] GC(271)   Merge Heap Roots: 0.2ms
[109.591s][info][gc,phases      ] GC(271)   Evacuate Collection Set: 0.6ms
[109.591s][info][gc,phases      ] GC(271)   Post Evacuate Collection Set: 3.0ms
[109.591s][info][gc,phases      ] GC(271)   Other: 0.1ms
[109.591s][info][gc,heap        ] GC(271) Eden regions: 640->0(640)
[109.591s][info][gc,heap        ] GC(271) Survivor regions: 3->3(81)
[109.591s][info][gc,heap        ] GC(271) Old regions: 29->29
[109.591s][info][gc,heap        ] GC(271) Archive regions: 0->0
[109.591s][info][gc,heap        ] GC(271) Humongous regions: 0->0
[109.591s][info][gc,metaspace   ] GC(271) Metaspace: 14269K(15040K)->14269K(15040K) NonClass: 12329K(12864K)->12329K(12864K) Class: 1939K(2176K)->1939K(2176K)
[109.591s][info][gc             ] GC(271) Pause Young (Normal) (G1 Evacuation Pause) 647M->7M(1073M) 4.277ms
[109.591s][info][gc,cpu         ] GC(271) User=0.00s Sys=0.00s Real=0.00s
[110.036s][info][gc,start       ] GC(272) Pause Young (Normal) (G1 Evacuation Pause)
[110.036s][info][gc,task        ] GC(272) Using 33 workers of 33 for evacuation
[110.040s][info][gc,phases      ] GC(272)   Pre Evacuate Collection Set: 0.2ms
[110.040s][info][gc,phases      ] GC(272)   Merge Heap Roots: 0.2ms
[110.040s][info][gc,phases      ] GC(272)   Evacuate Collection Set: 0.5ms
[110.040s][info][gc,phases      ] GC(272)   Post Evacuate Collection Set: 3.1ms
[110.040s][info][gc,phases      ] GC(272)   Other: 0.1ms
[110.040s][info][gc,heap        ] GC(272) Eden regions: 640->0(640)
[110.040s][info][gc,heap        ] GC(272) Survivor regions: 3->3(81)
[110.040s][info][gc,heap        ] GC(272) Old regions: 29->29
[110.040s][info][gc,heap        ] GC(272) Archive regions: 0->0
[110.040s][info][gc,heap        ] GC(272) Humongous regions: 0->0
[110.040s][info][gc,metaspace   ] GC(272) Metaspace: 14269K(15040K)->14269K(15040K) NonClass: 12329K(12864K)->12329K(12864K) Class: 1939K(2176K)->1939K(2176K)
[110.040s][info][gc             ] GC(272) Pause Young (Normal) (G1 Evacuation Pause) 647M->7M(1073M) 4.319ms
[110.040s][info][gc,cpu         ] GC(272) User=0.52s Sys=0.00s Real=0.00s
[110.487s][info][gc,start       ] GC(273) Pause Young (Normal) (G1 Evacuation Pause)
[110.487s][info][gc,task        ] GC(273) Using 33 workers of 33 for evacuation
[110.491s][info][gc,phases      ] GC(273)   Pre Evacuate Collection Set: 0.2ms
[110.491s][info][gc,phases      ] GC(273)   Merge Heap Roots: 0.2ms
[110.491s][info][gc,phases      ] GC(273)   Evacuate Collection Set: 0.5ms
[110.491s][info][gc,phases      ] GC(273)   Post Evacuate Collection Set: 3.3ms
[110.491s][info][gc,phases      ] GC(273)   Other: 0.1ms
[110.491s][info][gc,heap        ] GC(273) Eden regions: 640->0(642)
[110.491s][info][gc,heap        ] GC(273) Survivor regions: 3->1(81)
[110.491s][info][gc,heap        ] GC(273) Old regions: 29->31
[110.491s][info][gc,heap        ] GC(273) Archive regions: 0->0
[110.491s][info][gc,heap        ] GC(273) Humongous regions: 0->0
[110.491s][info][gc,metaspace   ] GC(273) Metaspace: 14269K(15040K)->14269K(15040K) NonClass: 12329K(12864K)->12329K(12864K) Class: 1939K(2176K)->1939K(2176K)
[110.491s][info][gc             ] GC(273) Pause Young (Normal) (G1 Evacuation Pause) 647M->7M(1073M) 4.585ms
[110.491s][info][gc,cpu         ] GC(273) User=0.00s Sys=0.02s Real=0.01s
[110.948s][info][gc,start       ] GC(274) Pause Young (Normal) (G1 Evacuation Pause)
[110.948s][info][gc,task        ] GC(274) Using 33 workers of 33 for evacuation
[110.952s][info][gc,phases      ] GC(274)   Pre Evacuate Collection Set: 0.2ms
[110.952s][info][gc,phases      ] GC(274)   Merge Heap Roots: 0.2ms
[110.952s][info][gc,phases      ] GC(274)   Evacuate Collection Set: 0.4ms
[110.952s][info][gc,phases      ] GC(274)   Post Evacuate Collection Set: 3.4ms
[110.952s][info][gc,phases      ] GC(274)   Other: 0.1ms
[110.952s][info][gc,heap        ] GC(274) Eden regions: 642->0(642)
[110.952s][info][gc,heap        ] GC(274) Survivor regions: 1->1(81)
[110.952s][info][gc,heap        ] GC(274) Old regions: 31->31
[110.952s][info][gc,heap        ] GC(274) Archive regions: 0->0
[110.952s][info][gc,heap        ] GC(274) Humongous regions: 0->0
[110.952s][info][gc,metaspace   ] GC(274) Metaspace: 14269K(15040K)->14269K(15040K) NonClass: 12329K(12864K)->12329K(12864K) Class: 1939K(2176K)->1939K(2176K)
[110.952s][info][gc             ] GC(274) Pause Young (Normal) (G1 Evacuation Pause) 649M->7M(1073M) 4.491ms
[110.952s][info][gc,cpu         ] GC(274) User=0.00s Sys=0.00s Real=0.00s
[111.404s][info][gc,start       ] GC(275) Pause Young (Normal) (G1 Evacuation Pause)
[111.404s][info][gc,task        ] GC(275) Using 33 workers of 33 for evacuation
[111.409s][info][gc,phases      ] GC(275)   Pre Evacuate Collection Set: 0.2ms
[111.409s][info][gc,phases      ] GC(275)   Merge Heap Roots: 0.2ms
[111.409s][info][gc,phases      ] GC(275)   Evacuate Collection Set: 0.4ms
[111.409s][info][gc,phases      ] GC(275)   Post Evacuate Collection Set: 3.4ms
[111.409s][info][gc,phases      ] GC(275)   Other: 0.1ms
[111.409s][info][gc,heap        ] GC(275) Eden regions: 642->0(641)
[111.409s][info][gc,heap        ] GC(275) Survivor regions: 1->2(81)
[111.409s][info][gc,heap        ] GC(275) Old regions: 31->31
[111.409s][info][gc,heap        ] GC(275) Archive regions: 0->0
[111.409s][info][gc,heap        ] GC(275) Humongous regions: 0->0
[111.409s][info][gc,metaspace   ] GC(275) Metaspace: 14269K(15040K)->14269K(15040K) NonClass: 12329K(12864K)->12329K(12864K) Class: 1939K(2176K)->1939K(2176K)
[111.409s][info][gc             ] GC(275) Pause Young (Normal) (G1 Evacuation Pause) 649M->7M(1073M) 4.568ms
[111.409s][info][gc,cpu         ] GC(275) User=0.00s Sys=0.00s Real=0.00s
[111.863s][info][gc,start       ] GC(276) Pause Young (Normal) (G1 Evacuation Pause)
[111.863s][info][gc,task        ] GC(276) Using 33 workers of 33 for evacuation
[111.867s][info][gc,phases      ] GC(276)   Pre Evacuate Collection Set: 0.2ms
[111.867s][info][gc,phases      ] GC(276)   Merge Heap Roots: 0.2ms
[111.867s][info][gc,phases      ] GC(276)   Evacuate Collection Set: 0.4ms
[111.867s][info][gc,phases      ] GC(276)   Post Evacuate Collection Set: 3.5ms
[111.867s][info][gc,phases      ] GC(276)   Other: 0.2ms
[111.867s][info][gc,heap        ] GC(276) Eden regions: 641->0(641)
[111.867s][info][gc,heap        ] GC(276) Survivor regions: 2->2(81)
[111.867s][info][gc,heap        ] GC(276) Old regions: 31->31
[111.867s][info][gc,heap        ] GC(276) Archive regions: 0->0
[111.867s][info][gc,heap        ] GC(276) Humongous regions: 0->0
[111.867s][info][gc,metaspace   ] GC(276) Metaspace: 14269K(15040K)->14269K(15040K) NonClass: 12329K(12864K)->12329K(12864K) Class: 1939K(2176K)->1939K(2176K)
[111.867s][info][gc             ] GC(276) Pause Young (Normal) (G1 Evacuation Pause) 648M->7M(1073M) 4.634ms
[111.867s][info][gc,cpu         ] GC(276) User=0.00s Sys=0.00s Real=0.00s
[112.328s][info][gc,start       ] GC(277) Pause Young (Normal) (G1 Evacuation Pause)
[112.328s][info][gc,task        ] GC(277) Using 33 workers of 33 for evacuation
[112.333s][info][gc,phases      ] GC(277)   Pre Evacuate Collection Set: 0.2ms
[112.333s][info][gc,phases      ] GC(277)   Merge Heap Roots: 0.2ms
[112.333s][info][gc,phases      ] GC(277)   Evacuate Collection Set: 0.4ms
[112.333s][info][gc,phases      ] GC(277)   Post Evacuate Collection Set: 3.3ms
[112.333s][info][gc,phases      ] GC(277)   Other: 0.1ms
[112.333s][info][gc,heap        ] GC(277) Eden regions: 641->0(641)
[112.333s][info][gc,heap        ] GC(277) Survivor regions: 2->2(81)
[112.333s][info][gc,heap        ] GC(277) Old regions: 31->31
[112.333s][info][gc,heap        ] GC(277) Archive regions: 0->0
[112.333s][info][gc,heap        ] GC(277) Humongous regions: 0->0
[112.333s][info][gc,metaspace   ] GC(277) Metaspace: 14269K(15040K)->14269K(15040K) NonClass: 12329K(12864K)->12329K(12864K) Class: 1939K(2176K)->1939K(2176K)
[112.333s][info][gc             ] GC(277) Pause Young (Normal) (G1 Evacuation Pause) 648M->7M(1073M) 4.483ms
[112.333s][info][gc,cpu         ] GC(277) User=0.00s Sys=0.00s Real=0.00s
[112.793s][info][gc,start       ] GC(278) Pause Young (Normal) (G1 Evacuation Pause)
[112.793s][info][gc,task        ] GC(278) Using 33 workers of 33 for evacuation
[112.797s][info][gc,phases      ] GC(278)   Pre Evacuate Collection Set: 0.2ms
[112.797s][info][gc,phases      ] GC(278)   Merge Heap Roots: 0.2ms
[112.797s][info][gc,phases      ] GC(278)   Evacuate Collection Set: 0.4ms
[112.797s][info][gc,phases      ] GC(278)   Post Evacuate Collection Set: 3.2ms
[112.797s][info][gc,phases      ] GC(278)   Other: 0.1ms
[112.797s][info][gc,heap        ] GC(278) Eden regions: 641->0(641)
[112.797s][info][gc,heap        ] GC(278) Survivor regions: 2->2(81)
[112.797s][info][gc,heap        ] GC(278) Old regions: 31->31
[112.797s][info][gc,heap        ] GC(278) Archive regions: 0->0
[112.797s][info][gc,heap        ] GC(278) Humongous regions: 0->0
[112.797s][info][gc,metaspace   ] GC(278) Metaspace: 14269K(15040K)->14269K(15040K) NonClass: 12329K(12864K)->12329K(12864K) Class: 1939K(2176K)->1939K(2176K)
[112.797s][info][gc             ] GC(278) Pause Young (Normal) (G1 Evacuation Pause) 648M->8M(1073M) 4.357ms
[112.797s][info][gc,cpu         ] GC(278) User=0.00s Sys=0.00s Real=0.00s
[113.260s][info][gc,start       ] GC(279) Pause Young (Normal) (G1 Evacuation Pause)
[113.260s][info][gc,task        ] GC(279) Using 33 workers of 33 for evacuation
[113.264s][info][gc,phases      ] GC(279)   Pre Evacuate Collection Set: 0.2ms
[113.264s][info][gc,phases      ] GC(279)   Merge Heap Roots: 0.2ms
[113.264s][info][gc,phases      ] GC(279)   Evacuate Collection Set: 0.4ms
[113.264s][info][gc,phases      ] GC(279)   Post Evacuate Collection Set: 3.2ms
[113.264s][info][gc,phases      ] GC(279)   Other: 0.1ms
[113.264s][info][gc,heap        ] GC(279) Eden regions: 641->0(641)
[113.264s][info][gc,heap        ] GC(279) Survivor regions: 2->2(81)
[113.264s][info][gc,heap        ] GC(279) Old regions: 31->31
[113.264s][info][gc,heap        ] GC(279) Archive regions: 0->0
[113.264s][info][gc,heap        ] GC(279) Humongous regions: 0->0
[113.264s][info][gc,metaspace   ] GC(279) Metaspace: 14269K(15040K)->14269K(15040K) NonClass: 12329K(12864K)->12329K(12864K) Class: 1939K(2176K)->1939K(2176K)
[113.264s][info][gc             ] GC(279) Pause Young (Normal) (G1 Evacuation Pause) 649M->8M(1073M) 4.279ms
[113.264s][info][gc,cpu         ] GC(279) User=0.00s Sys=0.00s Real=0.00s
[113.717s][info][gc,start       ] GC(280) Pause Young (Normal) (G1 Evacuation Pause)
[113.717s][info][gc,task        ] GC(280) Using 33 workers of 33 for evacuation
[113.721s][info][gc,phases      ] GC(280)   Pre Evacuate Collection Set: 0.2ms
[113.721s][info][gc,phases      ] GC(280)   Merge Heap Roots: 0.2ms
[113.721s][info][gc,phases      ] GC(280)   Evacuate Collection Set: 0.4ms
[113.721s][info][gc,phases      ] GC(280)   Post Evacuate Collection Set: 3.3ms
[113.721s][info][gc,phases      ] GC(280)   Other: 0.1ms
[113.721s][info][gc,heap        ] GC(280) Eden regions: 641->0(641)
[113.721s][info][gc,heap        ] GC(280) Survivor regions: 2->2(81)
[113.721s][info][gc,heap        ] GC(280) Old regions: 31->31
[113.721s][info][gc,heap        ] GC(280) Archive regions: 0->0
[113.721s][info][gc,heap        ] GC(280) Humongous regions: 0->0
[113.721s][info][gc,metaspace   ] GC(280) Metaspace: 14269K(15040K)->14269K(15040K) NonClass: 12329K(12864K)->12329K(12864K) Class: 1939K(2176K)->1939K(2176K)
[113.721s][info][gc             ] GC(280) Pause Young (Normal) (G1 Evacuation Pause) 649M->8M(1073M) 4.416ms
[113.721s][info][gc,cpu         ] GC(280) User=0.00s Sys=0.00s Real=0.01s
[114.175s][info][gc,start       ] GC(281) Pause Young (Normal) (G1 Evacuation Pause)
[114.176s][info][gc,task        ] GC(281) Using 33 workers of 33 for evacuation
[114.180s][info][gc,phases      ] GC(281)   Pre Evacuate Collection Set: 0.2ms
[114.180s][info][gc,phases      ] GC(281)   Merge Heap Roots: 0.2ms
[114.180s][info][gc,phases      ] GC(281)   Evacuate Collection Set: 0.4ms
[114.180s][info][gc,phases      ] GC(281)   Post Evacuate Collection Set: 3.4ms
[114.180s][info][gc,phases      ] GC(281)   Other: 0.1ms
[114.180s][info][gc,heap        ] GC(281) Eden regions: 641->0(641)
[114.180s][info][gc,heap        ] GC(281) Survivor regions: 2->2(81)
[114.180s][info][gc,heap        ] GC(281) Old regions: 31->31
[114.180s][info][gc,heap        ] GC(281) Archive regions: 0->0
[114.180s][info][gc,heap        ] GC(281) Humongous regions: 0->0
[114.180s][info][gc,metaspace   ] GC(281) Metaspace: 14269K(15040K)->14269K(15040K) NonClass: 12329K(12864K)->12329K(12864K) Class: 1939K(2176K)->1939K(2176K)
[114.180s][info][gc             ] GC(281) Pause Young (Normal) (G1 Evacuation Pause) 649M->8M(1073M) 4.515ms
[114.180s][info][gc,cpu         ] GC(281) User=0.52s Sys=0.00s Real=0.00s
[114.634s][info][gc,start       ] GC(282) Pause Young (Normal) (G1 Evacuation Pause)
[114.634s][info][gc,task        ] GC(282) Using 33 workers of 33 for evacuation
[114.638s][info][gc,phases      ] GC(282)   Pre Evacuate Collection Set: 0.2ms
[114.638s][info][gc,phases      ] GC(282)   Merge Heap Roots: 0.2ms
[114.638s][info][gc,phases      ] GC(282)   Evacuate Collection Set: 0.4ms
[114.638s][info][gc,phases      ] GC(282)   Post Evacuate Collection Set: 3.4ms
[114.639s][info][gc,phases      ] GC(282)   Other: 0.1ms
[114.639s][info][gc,heap        ] GC(282) Eden regions: 641->0(641)
[114.639s][info][gc,heap        ] GC(282) Survivor regions: 2->2(81)
[114.639s][info][gc,heap        ] GC(282) Old regions: 31->31
[114.639s][info][gc,heap        ] GC(282) Archive regions: 0->0
[114.639s][info][gc,heap        ] GC(282) Humongous regions: 0->0
[114.639s][info][gc,metaspace   ] GC(282) Metaspace: 14269K(15040K)->14269K(15040K) NonClass: 12329K(12864K)->12329K(12864K) Class: 1939K(2176K)->1939K(2176K)
[114.639s][info][gc             ] GC(282) Pause Young (Normal) (G1 Evacuation Pause) 649M->8M(1073M) 4.554ms
[114.639s][info][gc,cpu         ] GC(282) User=0.00s Sys=0.00s Real=0.00s
[115.095s][info][gc,start       ] GC(283) Pause Young (Normal) (G1 Evacuation Pause)
[115.095s][info][gc,task        ] GC(283) Using 33 workers of 33 for evacuation
[115.099s][info][gc,phases      ] GC(283)   Pre Evacuate Collection Set: 0.2ms
[115.099s][info][gc,phases      ] GC(283)   Merge Heap Roots: 0.2ms
[115.099s][info][gc,phases      ] GC(283)   Evacuate Collection Set: 0.4ms
[115.099s][info][gc,phases      ] GC(283)   Post Evacuate Collection Set: 3.4ms
[115.099s][info][gc,phases      ] GC(283)   Other: 0.1ms
[115.099s][info][gc,heap        ] GC(283) Eden regions: 641->0(641)
[115.099s][info][gc,heap        ] GC(283) Survivor regions: 2->2(81)
[115.099s][info][gc,heap        ] GC(283) Old regions: 31->32
[115.099s][info][gc,heap        ] GC(283) Archive regions: 0->0
[115.099s][info][gc,heap        ] GC(283) Humongous regions: 0->0
[115.099s][info][gc,metaspace   ] GC(283) Metaspace: 14269K(15040K)->14269K(15040K) NonClass: 12329K(12864K)->12329K(12864K) Class: 1939K(2176K)->1939K(2176K)
[115.099s][info][gc             ] GC(283) Pause Young (Normal) (G1 Evacuation Pause) 649M->8M(1073M) 4.543ms
[115.099s][info][gc,cpu         ] GC(283) User=0.00s Sys=0.00s Real=0.01s
[115.549s][info][gc,start       ] GC(284) Pause Young (Normal) (G1 Evacuation Pause)
[115.549s][info][gc,task        ] GC(284) Using 33 workers of 33 for evacuation
[115.553s][info][gc,phases      ] GC(284)   Pre Evacuate Collection Set: 0.2ms
[115.553s][info][gc,phases      ] GC(284)   Merge Heap Roots: 0.2ms
[115.553s][info][gc,phases      ] GC(284)   Evacuate Collection Set: 0.4ms
[115.553s][info][gc,phases      ] GC(284)   Post Evacuate Collection Set: 3.3ms
[115.553s][info][gc,phases      ] GC(284)   Other: 0.1ms
[115.553s][info][gc,heap        ] GC(284) Eden regions: 641->0(641)
[115.553s][info][gc,heap        ] GC(284) Survivor regions: 2->2(81)
[115.553s][info][gc,heap        ] GC(284) Old regions: 32->32
[115.553s][info][gc,heap        ] GC(284) Archive regions: 0->0
[115.553s][info][gc,heap        ] GC(284) Humongous regions: 0->0
[115.553s][info][gc,metaspace   ] GC(284) Metaspace: 14269K(15040K)->14269K(15040K) NonClass: 12329K(12864K)->12329K(12864K) Class: 1939K(2176K)->1939K(2176K)
[115.553s][info][gc             ] GC(284) Pause Young (Normal) (G1 Evacuation Pause) 649M->8M(1073M) 4.287ms
[115.553s][info][gc,cpu         ] GC(284) User=0.00s Sys=0.00s Real=0.00s
[115.819s][info][gc,start       ] GC(285) Pause Full (System.gc())
[115.835s][info][gc,task        ] GC(285) Using 29 workers of 33 for full compaction
[115.836s][info][gc,phases,start] GC(285) Phase 1: Mark live objects
[115.845s][info][gc,phases      ] GC(285) Phase 1: Mark live objects 8.431ms
[115.845s][info][gc,phases,start] GC(285) Phase 2: Prepare compaction
[115.846s][info][gc,phases      ] GC(285) Phase 2: Prepare compaction 1.220ms
[115.846s][info][gc,phases,start] GC(285) Phase 3: Adjust pointers
[115.852s][info][gc,phases      ] GC(285) Phase 3: Adjust pointers 5.801ms
[115.852s][info][gc,phases,start] GC(285) Phase 4: Compact heap
[115.852s][info][gc,phases      ] GC(285) Phase 4: Compact heap 0.630ms
[115.861s][info][gc,heap        ] GC(285) Eden regions: 472->0(58)
[115.861s][info][gc,heap        ] GC(285) Survivor regions: 2->0(81)
[115.861s][info][gc,heap        ] GC(285) Old regions: 32->29
[115.861s][info][gc,heap        ] GC(285) Archive regions: 0->0
[115.861s][info][gc,heap        ] GC(285) Humongous regions: 0->0
[115.861s][info][gc,metaspace   ] GC(285) Metaspace: 14269K(15040K)->14269K(15040K) NonClass: 12329K(12864K)->12329K(12864K) Class: 1939K(2176K)->1939K(2176K)
[115.861s][info][gc             ] GC(285) Pause Full (System.gc()) 479M->5M(97M) 42.381ms
[115.861s][info][gc,cpu         ] GC(285) User=0.14s Sys=0.02s Real=0.03s
[115.910s][info][gc,start       ] GC(286) Pause Young (Normal) (G1 Evacuation Pause)
[115.910s][info][gc,task        ] GC(286) Using 33 workers of 33 for evacuation
[115.913s][info][gc,phases      ] GC(286)   Pre Evacuate Collection Set: 0.1ms
[115.913s][info][gc,phases      ] GC(286)   Merge Heap Roots: 0.1ms
[115.913s][info][gc,phases      ] GC(286)   Evacuate Collection Set: 0.5ms
[115.913s][info][gc,phases      ] GC(286)   Post Evacuate Collection Set: 2.5ms
[115.913s][info][gc,phases      ] GC(286)   Other: 0.1ms
[115.913s][info][gc,heap        ] GC(286) Eden regions: 58->0(56)
[115.913s][info][gc,heap        ] GC(286) Survivor regions: 0->2(8)
[115.913s][info][gc,heap        ] GC(286) Old regions: 29->29
[115.913s][info][gc,heap        ] GC(286) Archive regions: 0->0
[115.913s][info][gc,heap        ] GC(286) Humongous regions: 0->0
[115.913s][info][gc,metaspace   ] GC(286) Metaspace: 14269K(15040K)->14269K(15040K) NonClass: 12329K(12864K)->12329K(12864K) Class: 1939K(2176K)->1939K(2176K)
[115.913s][info][gc             ] GC(286) Pause Young (Normal) (G1 Evacuation Pause) 63M->6M(97M) 3.410ms
[115.913s][info][gc,cpu         ] GC(286) User=0.00s Sys=0.30s Real=0.00s
[115.951s][info][gc,start       ] GC(287) Pause Young (Normal) (G1 Evacuation Pause)
[115.952s][info][gc,task        ] GC(287) Using 33 workers of 33 for evacuation
[115.954s][info][gc,phases      ] GC(287)   Pre Evacuate Collection Set: 0.1ms
[115.954s][info][gc,phases      ] GC(287)   Merge Heap Roots: 0.1ms
[115.954s][info][gc,phases      ] GC(287)   Evacuate Collection Set: 0.5ms
[115.954s][info][gc,phases      ] GC(287)   Post Evacuate Collection Set: 2.2ms
[115.954s][info][gc,phases      ] GC(287)   Other: 0.1ms
[115.955s][info][gc,heap        ] GC(287) Eden regions: 56->0(56)
[115.955s][info][gc,heap        ] GC(287) Survivor regions: 2->2(8)
[115.955s][info][gc,heap        ] GC(287) Old regions: 29->29
[115.955s][info][gc,heap        ] GC(287) Archive regions: 0->0
[115.955s][info][gc,heap        ] GC(287) Humongous regions: 0->0
[115.955s][info][gc,metaspace   ] GC(287) Metaspace: 14269K(15040K)->14269K(15040K) NonClass: 12329K(12864K)->12329K(12864K) Class: 1939K(2176K)->1939K(2176K)
[115.955s][info][gc             ] GC(287) Pause Young (Normal) (G1 Evacuation Pause) 62M->6M(97M) 3.145ms
[115.955s][info][gc,cpu         ] GC(287) User=0.00s Sys=0.00s Real=0.00s
[115.992s][info][gc,start       ] GC(288) Pause Young (Normal) (G1 Evacuation Pause)
[115.992s][info][gc,task        ] GC(288) Using 33 workers of 33 for evacuation
[115.995s][info][gc,phases      ] GC(288)   Pre Evacuate Collection Set: 0.1ms
[115.995s][info][gc,phases      ] GC(288)   Merge Heap Roots: 0.1ms
[115.995s][info][gc,phases      ] GC(288)   Evacuate Collection Set: 0.4ms
[115.995s][info][gc,phases      ] GC(288)   Post Evacuate Collection Set: 2.4ms
[115.995s][info][gc,phases      ] GC(288)   Other: 0.1ms
[115.995s][info][gc,heap        ] GC(288) Eden regions: 56->0(56)
[115.995s][info][gc,heap        ] GC(288) Survivor regions: 2->2(8)
[115.995s][info][gc,heap        ] GC(288) Old regions: 29->29
[115.995s][info][gc,heap        ] GC(288) Archive regions: 0->0
[115.995s][info][gc,heap        ] GC(288) Humongous regions: 0->0
[115.995s][info][gc,metaspace   ] GC(288) Metaspace: 14269K(15040K)->14269K(15040K) NonClass: 12329K(12864K)->12329K(12864K) Class: 1939K(2176K)->1939K(2176K)
[115.995s][info][gc             ] GC(288) Pause Young (Normal) (G1 Evacuation Pause) 62M->6M(97M) 3.270ms
[115.995s][info][gc,cpu         ] GC(288) User=0.00s Sys=0.00s Real=0.00s
[116.033s][info][gc,start       ] GC(289) Pause Young (Normal) (G1 Evacuation Pause)
[116.033s][info][gc,task        ] GC(289) Using 33 workers of 33 for evacuation
[116.041s][info][gc,phases      ] GC(289)   Pre Evacuate Collection Set: 0.1ms
[116.041s][info][gc,phases      ] GC(289)   Merge Heap Roots: 0.1ms
[116.041s][info][gc,phases      ] GC(289)   Evacuate Collection Set: 0.4ms
[116.041s][info][gc,phases      ] GC(289)   Post Evacuate Collection Set: 7.3ms
[116.041s][info][gc,phases      ] GC(289)   Other: 0.1ms
[116.041s][info][gc,heap        ] GC(289) Eden regions: 56->0(641)
[116.041s][info][gc,heap        ] GC(289) Survivor regions: 2->2(8)
[116.041s][info][gc,heap        ] GC(289) Old regions: 29->29
[116.041s][info][gc,heap        ] GC(289) Archive regions: 0->0
[116.041s][info][gc,heap        ] GC(289) Humongous regions: 0->0
[116.041s][info][gc,metaspace   ] GC(289) Metaspace: 14269K(15040K)->14269K(15040K) NonClass: 12329K(12864K)->12329K(12864K) Class: 1939K(2176K)->1939K(2176K)
[116.041s][info][gc             ] GC(289) Pause Young (Normal) (G1 Evacuation Pause) 62M->6M(1073M) 8.218ms
[116.041s][info][gc,cpu         ] GC(289) User=0.02s Sys=0.00s Real=0.01s
[116.473s][info][gc,start       ] GC(290) Pause Young (Normal) (G1 Evacuation Pause)
[116.473s][info][gc,task        ] GC(290) Using 33 workers of 33 for evacuation
[116.478s][info][gc,phases      ] GC(290)   Pre Evacuate Collection Set: 0.2ms
[116.478s][info][gc,phases      ] GC(290)   Merge Heap Roots: 0.2ms
[116.478s][info][gc,phases      ] GC(290)   Evacuate Collection Set: 1.8ms
[116.478s][info][gc,phases      ] GC(290)   Post Evacuate Collection Set: 3.2ms
[116.478s][info][gc,phases      ] GC(290)   Other: 0.1ms
[116.478s][info][gc,heap        ] GC(290) Eden regions: 641->0(641)
[116.478s][info][gc,heap        ] GC(290) Survivor regions: 2->2(81)
[116.478s][info][gc,heap        ] GC(290) Old regions: 29->29
[116.478s][info][gc,heap        ] GC(290) Archive regions: 0->0
[116.478s][info][gc,heap        ] GC(290) Humongous regions: 0->0
[116.478s][info][gc,metaspace   ] GC(290) Metaspace: 14269K(15040K)->14269K(15040K) NonClass: 12329K(12864K)->12329K(12864K) Class: 1939K(2176K)->1939K(2176K)
[116.478s][info][gc             ] GC(290) Pause Young (Normal) (G1 Evacuation Pause) 647M->6M(1073M) 5.621ms
[116.478s][info][gc,cpu         ] GC(290) User=0.52s Sys=0.00s Real=0.01s
[116.938s][info][gc,start       ] GC(291) Pause Young (Normal) (G1 Evacuation Pause)
[116.938s][info][gc,task        ] GC(291) Using 33 workers of 33 for evacuation
[116.944s][info][gc,phases      ] GC(291)   Pre Evacuate Collection Set: 0.2ms
[116.944s][info][gc,phases      ] GC(291)   Merge Heap Roots: 0.2ms
[116.944s][info][gc,phases      ] GC(291)   Evacuate Collection Set: 1.8ms
[116.944s][info][gc,phases      ] GC(291)   Post Evacuate Collection Set: 3.3ms
[116.944s][info][gc,phases      ] GC(291)   Other: 0.1ms
[116.944s][info][gc,heap        ] GC(291) Eden regions: 641->0(641)
[116.944s][info][gc,heap        ] GC(291) Survivor regions: 2->2(81)
[116.944s][info][gc,heap        ] GC(291) Old regions: 29->29
[116.944s][info][gc,heap        ] GC(291) Archive regions: 0->0
[116.944s][info][gc,heap        ] GC(291) Humongous regions: 0->0
[116.944s][info][gc,metaspace   ] GC(291) Metaspace: 14269K(15040K)->14269K(15040K) NonClass: 12329K(12864K)->12329K(12864K) Class: 1939K(2176K)->1939K(2176K)
[116.944s][info][gc             ] GC(291) Pause Young (Normal) (G1 Evacuation Pause) 647M->6M(1073M) 5.864ms
[116.944s][info][gc,cpu         ] GC(291) User=0.00s Sys=0.00s Real=0.00s
[117.402s][info][gc,start       ] GC(292) Pause Young (Normal) (G1 Evacuation Pause)
[117.402s][info][gc,task        ] GC(292) Using 33 workers of 33 for evacuation
[117.407s][info][gc,phases      ] GC(292)   Pre Evacuate Collection Set: 0.2ms
[117.407s][info][gc,phases      ] GC(292)   Merge Heap Roots: 0.2ms
[117.407s][info][gc,phases      ] GC(292)   Evacuate Collection Set: 0.6ms
[117.407s][info][gc,phases      ] GC(292)   Post Evacuate Collection Set: 3.5ms
[117.407s][info][gc,phases      ] GC(292)   Other: 0.1ms
[117.407s][info][gc,heap        ] GC(292) Eden regions: 641->0(641)
[117.407s][info][gc,heap        ] GC(292) Survivor regions: 2->2(81)
[117.407s][info][gc,heap        ] GC(292) Old regions: 29->29
[117.407s][info][gc,heap        ] GC(292) Archive regions: 0->0
[117.407s][info][gc,heap        ] GC(292) Humongous regions: 0->0
[117.407s][info][gc,metaspace   ] GC(292) Metaspace: 14269K(15040K)->14269K(15040K) NonClass: 12329K(12864K)->12329K(12864K) Class: 1939K(2176K)->1939K(2176K)
[117.407s][info][gc             ] GC(292) Pause Young (Normal) (G1 Evacuation Pause) 647M->6M(1073M) 4.797ms
[117.407s][info][gc,cpu         ] GC(292) User=0.00s Sys=0.00s Real=0.00s
[117.853s][info][gc,start       ] GC(293) Pause Young (Normal) (G1 Evacuation Pause)
[117.853s][info][gc,task        ] GC(293) Using 33 workers of 33 for evacuation
[117.857s][info][gc,phases      ] GC(293)   Pre Evacuate Collection Set: 0.2ms
[117.857s][info][gc,phases      ] GC(293)   Merge Heap Roots: 0.2ms
[117.857s][info][gc,phases      ] GC(293)   Evacuate Collection Set: 0.6ms
[117.857s][info][gc,phases      ] GC(293)   Post Evacuate Collection Set: 3.4ms
[117.857s][info][gc,phases      ] GC(293)   Other: 0.1ms
[117.857s][info][gc,heap        ] GC(293) Eden regions: 641->0(641)
[117.857s][info][gc,heap        ] GC(293) Survivor regions: 2->2(81)
[117.857s][info][gc,heap        ] GC(293) Old regions: 29->29
[117.857s][info][gc,heap        ] GC(293) Archive regions: 0->0
[117.857s][info][gc,heap        ] GC(293) Humongous regions: 0->0
[117.857s][info][gc,metaspace   ] GC(293) Metaspace: 14269K(15040K)->14269K(15040K) NonClass: 12329K(12864K)->12329K(12864K) Class: 1939K(2176K)->1939K(2176K)
[117.858s][info][gc             ] GC(293) Pause Young (Normal) (G1 Evacuation Pause) 647M->7M(1073M) 4.654ms
[117.858s][info][gc,cpu         ] GC(293) User=0.00s Sys=0.00s Real=0.01s
[118.315s][info][gc,start       ] GC(294) Pause Young (Normal) (G1 Evacuation Pause)
[118.315s][info][gc,task        ] GC(294) Using 33 workers of 33 for evacuation
[118.319s][info][gc,phases      ] GC(294)   Pre Evacuate Collection Set: 0.2ms
[118.319s][info][gc,phases      ] GC(294)   Merge Heap Roots: 0.2ms
[118.319s][info][gc,phases      ] GC(294)   Evacuate Collection Set: 0.5ms
[118.319s][info][gc,phases      ] GC(294)   Post Evacuate Collection Set: 3.2ms
[118.319s][info][gc,phases      ] GC(294)   Other: 0.1ms
[118.319s][info][gc,heap        ] GC(294) Eden regions: 641->0(641)
[118.319s][info][gc,heap        ] GC(294) Survivor regions: 2->2(81)
[118.319s][info][gc,heap        ] GC(294) Old regions: 29->29
[118.319s][info][gc,heap        ] GC(294) Archive regions: 0->0
[118.319s][info][gc,heap        ] GC(294) Humongous regions: 0->0
[118.319s][info][gc,metaspace   ] GC(294) Metaspace: 14269K(15040K)->14269K(15040K) NonClass: 12329K(12864K)->12329K(12864K) Class: 1939K(2176K)->1939K(2176K)
[118.319s][info][gc             ] GC(294) Pause Young (Normal) (G1 Evacuation Pause) 648M->7M(1073M) 4.418ms
[118.320s][info][gc,cpu         ] GC(294) User=0.00s Sys=0.00s Real=0.00s
[118.778s][info][gc,start       ] GC(295) Pause Young (Normal) (G1 Evacuation Pause)
[118.778s][info][gc,task        ] GC(295) Using 33 workers of 33 for evacuation
[118.782s][info][gc,phases      ] GC(295)   Pre Evacuate Collection Set: 0.2ms
[118.782s][info][gc,phases      ] GC(295)   Merge Heap Roots: 0.2ms
[118.782s][info][gc,phases      ] GC(295)   Evacuate Collection Set: 0.5ms
[118.782s][info][gc,phases      ] GC(295)   Post Evacuate Collection Set: 3.0ms
[118.782s][info][gc,phases      ] GC(295)   Other: 0.1ms
[118.782s][info][gc,heap        ] GC(295) Eden regions: 641->0(641)
[118.782s][info][gc,heap        ] GC(295) Survivor regions: 2->2(81)
[118.782s][info][gc,heap        ] GC(295) Old regions: 29->29
[118.782s][info][gc,heap        ] GC(295) Archive regions: 0->0
[118.782s][info][gc,heap        ] GC(295) Humongous regions: 0->0
[118.782s][info][gc,metaspace   ] GC(295) Metaspace: 14269K(15040K)->14269K(15040K) NonClass: 12329K(12864K)->12329K(12864K) Class: 1939K(2176K)->1939K(2176K)
[118.782s][info][gc             ] GC(295) Pause Young (Normal) (G1 Evacuation Pause) 648M->7M(1073M) 4.248ms
[118.782s][info][gc,cpu         ] GC(295) User=0.00s Sys=0.00s Real=0.00s
[119.229s][info][gc,start       ] GC(296) Pause Young (Normal) (G1 Evacuation Pause)
[119.229s][info][gc,task        ] GC(296) Using 33 workers of 33 for evacuation
[119.233s][info][gc,phases      ] GC(296)   Pre Evacuate Collection Set: 0.2ms
[119.233s][info][gc,phases      ] GC(296)   Merge Heap Roots: 0.2ms
[119.233s][info][gc,phases      ] GC(296)   Evacuate Collection Set: 0.6ms
[119.233s][info][gc,phases      ] GC(296)   Post Evacuate Collection Set: 3.1ms
[119.233s][info][gc,phases      ] GC(296)   Other: 0.1ms
[119.233s][info][gc,heap        ] GC(296) Eden regions: 641->0(641)
[119.233s][info][gc,heap        ] GC(296) Survivor regions: 2->2(81)
[119.233s][info][gc,heap        ] GC(296) Old regions: 29->29
[119.233s][info][gc,heap        ] GC(296) Archive regions: 0->0
[119.233s][info][gc,heap        ] GC(296) Humongous regions: 0->0
[119.233s][info][gc,metaspace   ] GC(296) Metaspace: 14269K(15040K)->14269K(15040K) NonClass: 12329K(12864K)->12329K(12864K) Class: 1939K(2176K)->1939K(2176K)
[119.233s][info][gc             ] GC(296) Pause Young (Normal) (G1 Evacuation Pause) 648M->7M(1073M) 4.390ms
[119.233s][info][gc,cpu         ] GC(296) User=0.00s Sys=0.00s Real=0.00s
[119.679s][info][gc,start       ] GC(297) Pause Young (Normal) (G1 Evacuation Pause)
[119.679s][info][gc,task        ] GC(297) Using 33 workers of 33 for evacuation
[119.684s][info][gc,phases      ] GC(297)   Pre Evacuate Collection Set: 0.2ms
[119.684s][info][gc,phases      ] GC(297)   Merge Heap Roots: 0.2ms
[119.684s][info][gc,phases      ] GC(297)   Evacuate Collection Set: 0.5ms
[119.684s][info][gc,phases      ] GC(297)   Post Evacuate Collection Set: 3.3ms
[119.684s][info][gc,phases      ] GC(297)   Other: 0.1ms
[119.684s][info][gc,heap        ] GC(297) Eden regions: 641->0(640)
[119.684s][info][gc,heap        ] GC(297) Survivor regions: 2->3(81)
[119.684s][info][gc,heap        ] GC(297) Old regions: 29->29
[119.684s][info][gc,heap        ] GC(297) Archive regions: 0->0
[119.684s][info][gc,heap        ] GC(297) Humongous regions: 0->0
[119.684s][info][gc,metaspace   ] GC(297) Metaspace: 14269K(15040K)->14269K(15040K) NonClass: 12329K(12864K)->12329K(12864K) Class: 1939K(2176K)->1939K(2176K)
[119.684s][info][gc             ] GC(297) Pause Young (Normal) (G1 Evacuation Pause) 648M->7M(1073M) 4.537ms
[119.684s][info][gc,cpu         ] GC(297) User=0.00s Sys=0.00s Real=0.00s
[120.125s][info][gc,start       ] GC(298) Pause Young (Normal) (G1 Evacuation Pause)
[120.125s][info][gc,task        ] GC(298) Using 33 workers of 33 for evacuation
[120.130s][info][gc,phases      ] GC(298)   Pre Evacuate Collection Set: 0.2ms
[120.130s][info][gc,phases      ] GC(298)   Merge Heap Roots: 0.2ms
[120.130s][info][gc,phases      ] GC(298)   Evacuate Collection Set: 0.7ms
[120.130s][info][gc,phases      ] GC(298)   Post Evacuate Collection Set: 3.4ms
[120.130s][info][gc,phases      ] GC(298)   Other: 0.1ms
[120.130s][info][gc,heap        ] GC(298) Eden regions: 640->0(640)
[120.130s][info][gc,heap        ] GC(298) Survivor regions: 3->3(81)
[120.130s][info][gc,heap        ] GC(298) Old regions: 29->29
[120.130s][info][gc,heap        ] GC(298) Archive regions: 0->0
[120.130s][info][gc,heap        ] GC(298) Humongous regions: 0->0
[120.130s][info][gc,metaspace   ] GC(298) Metaspace: 14269K(15040K)->14269K(15040K) NonClass: 12329K(12864K)->12329K(12864K) Class: 1939K(2176K)->1939K(2176K)
[120.130s][info][gc             ] GC(298) Pause Young (Normal) (G1 Evacuation Pause) 647M->7M(1073M) 4.785ms
[120.130s][info][gc,cpu         ] GC(298) User=0.00s Sys=0.00s Real=0.00s
[120.607s][info][gc,start       ] GC(299) Pause Young (Normal) (G1 Evacuation Pause)
[120.607s][info][gc,task        ] GC(299) Using 33 workers of 33 for evacuation
[120.613s][info][gc,phases      ] GC(299)   Pre Evacuate Collection Set: 0.2ms
[120.613s][info][gc,phases      ] GC(299)   Merge Heap Roots: 0.3ms
[120.613s][info][gc,phases      ] GC(299)   Evacuate Collection Set: 1.0ms
[120.613s][info][gc,phases      ] GC(299)   Post Evacuate Collection Set: 4.2ms
[120.613s][info][gc,phases      ] GC(299)   Other: 0.2ms
[120.613s][info][gc,heap        ] GC(299) Eden regions: 640->0(640)
[120.613s][info][gc,heap        ] GC(299) Survivor regions: 3->3(81)
[120.613s][info][gc,heap        ] GC(299) Old regions: 29->29
[120.613s][info][gc,heap        ] GC(299) Archive regions: 0->0
[120.613s][info][gc,heap        ] GC(299) Humongous regions: 0->0
[120.613s][info][gc,metaspace   ] GC(299) Metaspace: 14269K(15040K)->14269K(15040K) NonClass: 12329K(12864K)->12329K(12864K) Class: 1939K(2176K)->1939K(2176K)
[120.613s][info][gc             ] GC(299) Pause Young (Normal) (G1 Evacuation Pause) 647M->7M(1073M) 6.436ms
[120.613s][info][gc,cpu         ] GC(299) User=0.00s Sys=0.00s Real=0.01s
[121.079s][info][gc,start       ] GC(300) Pause Young (Normal) (G1 Evacuation Pause)
[121.079s][info][gc,task        ] GC(300) Using 33 workers of 33 for evacuation
[121.083s][info][gc,phases      ] GC(300)   Pre Evacuate Collection Set: 0.2ms
[121.083s][info][gc,phases      ] GC(300)   Merge Heap Roots: 0.2ms
[121.083s][info][gc,phases      ] GC(300)   Evacuate Collection Set: 0.6ms
[121.083s][info][gc,phases      ] GC(300)   Post Evacuate Collection Set: 3.0ms
[121.083s][info][gc,phases      ] GC(300)   Other: 0.1ms
[121.083s][info][gc,heap        ] GC(300) Eden regions: 640->0(640)
[121.083s][info][gc,heap        ] GC(300) Survivor regions: 3->3(81)
[121.083s][info][gc,heap        ] GC(300) Old regions: 29->29
[121.083s][info][gc,heap        ] GC(300) Archive regions: 0->0
[121.083s][info][gc,heap        ] GC(300) Humongous regions: 0->0
[121.083s][info][gc,metaspace   ] GC(300) Metaspace: 14269K(15040K)->14269K(15040K) NonClass: 12329K(12864K)->12329K(12864K) Class: 1939K(2176K)->1939K(2176K)
[121.083s][info][gc             ] GC(300) Pause Young (Normal) (G1 Evacuation Pause) 647M->7M(1073M) 4.326ms
[121.083s][info][gc,cpu         ] GC(300) User=0.00s Sys=0.00s Real=0.01s
[121.544s][info][gc,start       ] GC(301) Pause Young (Normal) (G1 Evacuation Pause)
[121.544s][info][gc,task        ] GC(301) Using 33 workers of 33 for evacuation
[121.548s][info][gc,phases      ] GC(301)   Pre Evacuate Collection Set: 0.2ms
[121.548s][info][gc,phases      ] GC(301)   Merge Heap Roots: 0.2ms
[121.548s][info][gc,phases      ] GC(301)   Evacuate Collection Set: 0.5ms
[121.548s][info][gc,phases      ] GC(301)   Post Evacuate Collection Set: 3.0ms
[121.548s][info][gc,phases      ] GC(301)   Other: 0.1ms
[121.548s][info][gc,heap        ] GC(301) Eden regions: 640->0(642)
[121.548s][info][gc,heap        ] GC(301) Survivor regions: 3->1(81)
[121.548s][info][gc,heap        ] GC(301) Old regions: 29->31
[121.548s][info][gc,heap        ] GC(301) Archive regions: 0->0
[121.548s][info][gc,heap        ] GC(301) Humongous regions: 0->0
[121.548s][info][gc,metaspace   ] GC(301) Metaspace: 14269K(15040K)->14269K(15040K) NonClass: 12329K(12864K)->12329K(12864K) Class: 1939K(2176K)->1939K(2176K)
[121.548s][info][gc             ] GC(301) Pause Young (Normal) (G1 Evacuation Pause) 647M->7M(1073M) 4.182ms
[121.548s][info][gc,cpu         ] GC(301) User=0.00s Sys=0.00s Real=0.00s
[122.011s][info][gc,start       ] GC(302) Pause Young (Normal) (G1 Evacuation Pause)
[122.011s][info][gc,task        ] GC(302) Using 33 workers of 33 for evacuation
[122.015s][info][gc,phases      ] GC(302)   Pre Evacuate Collection Set: 0.2ms
[122.015s][info][gc,phases      ] GC(302)   Merge Heap Roots: 0.2ms
[122.015s][info][gc,phases      ] GC(302)   Evacuate Collection Set: 0.4ms
[122.015s][info][gc,phases      ] GC(302)   Post Evacuate Collection Set: 3.1ms
[122.015s][info][gc,phases      ] GC(302)   Other: 0.1ms
[122.015s][info][gc,heap        ] GC(302) Eden regions: 642->0(642)
[122.015s][info][gc,heap        ] GC(302) Survivor regions: 1->1(81)
[122.015s][info][gc,heap        ] GC(302) Old regions: 31->31
[122.015s][info][gc,heap        ] GC(302) Archive regions: 0->0
[122.015s][info][gc,heap        ] GC(302) Humongous regions: 0->0
[122.015s][info][gc,metaspace   ] GC(302) Metaspace: 14269K(15040K)->14269K(15040K) NonClass: 12329K(12864K)->12329K(12864K) Class: 1939K(2176K)->1939K(2176K)
[122.015s][info][gc             ] GC(302) Pause Young (Normal) (G1 Evacuation Pause) 649M->7M(1073M) 4.187ms
[122.015s][info][gc,cpu         ] GC(302) User=0.00s Sys=0.00s Real=0.00s
[122.478s][info][gc,start       ] GC(303) Pause Young (Normal) (G1 Evacuation Pause)
[122.478s][info][gc,task        ] GC(303) Using 33 workers of 33 for evacuation
[122.482s][info][gc,phases      ] GC(303)   Pre Evacuate Collection Set: 0.2ms
[122.482s][info][gc,phases      ] GC(303)   Merge Heap Roots: 0.2ms
[122.482s][info][gc,phases      ] GC(303)   Evacuate Collection Set: 0.4ms
[122.482s][info][gc,phases      ] GC(303)   Post Evacuate Collection Set: 3.2ms
[122.482s][info][gc,phases      ] GC(303)   Other: 0.1ms
[122.482s][info][gc,heap        ] GC(303) Eden regions: 642->0(641)
[122.482s][info][gc,heap        ] GC(303) Survivor regions: 1->2(81)
[122.482s][info][gc,heap        ] GC(303) Old regions: 31->31
[122.482s][info][gc,heap        ] GC(303) Archive regions: 0->0
[122.482s][info][gc,heap        ] GC(303) Humongous regions: 0->0
[122.482s][info][gc,metaspace   ] GC(303) Metaspace: 14269K(15040K)->14269K(15040K) NonClass: 12329K(12864K)->12329K(12864K) Class: 1939K(2176K)->1939K(2176K)
[122.482s][info][gc             ] GC(303) Pause Young (Normal) (G1 Evacuation Pause) 649M->7M(1073M) 4.364ms
[122.482s][info][gc,cpu         ] GC(303) User=0.00s Sys=0.00s Real=0.00s
[122.946s][info][gc,start       ] GC(304) Pause Young (Normal) (G1 Evacuation Pause)
[122.946s][info][gc,task        ] GC(304) Using 33 workers of 33 for evacuation
[122.950s][info][gc,phases      ] GC(304)   Pre Evacuate Collection Set: 0.2ms
[122.951s][info][gc,phases      ] GC(304)   Merge Heap Roots: 0.2ms
[122.951s][info][gc,phases      ] GC(304)   Evacuate Collection Set: 0.4ms
[122.951s][info][gc,phases      ] GC(304)   Post Evacuate Collection Set: 3.4ms
[122.951s][info][gc,phases      ] GC(304)   Other: 0.1ms
[122.951s][info][gc,heap        ] GC(304) Eden regions: 641->0(641)
[122.951s][info][gc,heap        ] GC(304) Survivor regions: 2->2(81)
[122.951s][info][gc,heap        ] GC(304) Old regions: 31->31
[122.951s][info][gc,heap        ] GC(304) Archive regions: 0->0
[122.951s][info][gc,heap        ] GC(304) Humongous regions: 0->0
[122.951s][info][gc,metaspace   ] GC(304) Metaspace: 14269K(15040K)->14269K(15040K) NonClass: 12329K(12864K)->12329K(12864K) Class: 1939K(2176K)->1939K(2176K)
[122.951s][info][gc             ] GC(304) Pause Young (Normal) (G1 Evacuation Pause) 648M->7M(1073M) 4.470ms
[122.951s][info][gc,cpu         ] GC(304) User=0.00s Sys=0.00s Real=0.00s
[123.412s][info][gc,start       ] GC(305) Pause Young (Normal) (G1 Evacuation Pause)
[123.412s][info][gc,task        ] GC(305) Using 33 workers of 33 for evacuation
[123.416s][info][gc,phases      ] GC(305)   Pre Evacuate Collection Set: 0.2ms
[123.416s][info][gc,phases      ] GC(305)   Merge Heap Roots: 0.2ms
[123.416s][info][gc,phases      ] GC(305)   Evacuate Collection Set: 0.4ms
[123.416s][info][gc,phases      ] GC(305)   Post Evacuate Collection Set: 3.4ms
[123.416s][info][gc,phases      ] GC(305)   Other: 0.2ms
[123.416s][info][gc,heap        ] GC(305) Eden regions: 641->0(641)
[123.416s][info][gc,heap        ] GC(305) Survivor regions: 2->2(81)
[123.416s][info][gc,heap        ] GC(305) Old regions: 31->31
[123.416s][info][gc,heap        ] GC(305) Archive regions: 0->0
[123.416s][info][gc,heap        ] GC(305) Humongous regions: 0->0
[123.416s][info][gc,metaspace   ] GC(305) Metaspace: 14269K(15040K)->14269K(15040K) NonClass: 12329K(12864K)->12329K(12864K) Class: 1939K(2176K)->1939K(2176K)
[123.417s][info][gc             ] GC(305) Pause Young (Normal) (G1 Evacuation Pause) 648M->7M(1073M) 4.615ms
[123.417s][info][gc,cpu         ] GC(305) User=0.52s Sys=0.00s Real=0.00s
[123.877s][info][gc,start       ] GC(306) Pause Young (Normal) (G1 Evacuation Pause)
[123.877s][info][gc,task        ] GC(306) Using 33 workers of 33 for evacuation
[123.881s][info][gc,phases      ] GC(306)   Pre Evacuate Collection Set: 0.2ms
[123.881s][info][gc,phases      ] GC(306)   Merge Heap Roots: 0.2ms
[123.881s][info][gc,phases      ] GC(306)   Evacuate Collection Set: 0.4ms
[123.881s][info][gc,phases      ] GC(306)   Post Evacuate Collection Set: 3.5ms
[123.881s][info][gc,phases      ] GC(306)   Other: 0.1ms
[123.881s][info][gc,heap        ] GC(306) Eden regions: 641->0(641)
[123.881s][info][gc,heap        ] GC(306) Survivor regions: 2->2(81)
[123.881s][info][gc,heap        ] GC(306) Old regions: 31->31
[123.881s][info][gc,heap        ] GC(306) Archive regions: 0->0
[123.881s][info][gc,heap        ] GC(306) Humongous regions: 0->0
[123.881s][info][gc,metaspace   ] GC(306) Metaspace: 14269K(15040K)->14269K(15040K) NonClass: 12329K(12864K)->12329K(12864K) Class: 1939K(2176K)->1939K(2176K)
[123.881s][info][gc             ] GC(306) Pause Young (Normal) (G1 Evacuation Pause) 648M->8M(1073M) 4.637ms
[123.881s][info][gc,cpu         ] GC(306) User=0.00s Sys=0.00s Real=0.00s
[124.344s][info][gc,start       ] GC(307) Pause Young (Normal) (G1 Evacuation Pause)
[124.344s][info][gc,task        ] GC(307) Using 33 workers of 33 for evacuation
[124.349s][info][gc,phases      ] GC(307)   Pre Evacuate Collection Set: 0.2ms
[124.349s][info][gc,phases      ] GC(307)   Merge Heap Roots: 0.2ms
[124.349s][info][gc,phases      ] GC(307)   Evacuate Collection Set: 0.4ms
[124.349s][info][gc,phases      ] GC(307)   Post Evacuate Collection Set: 3.6ms
[124.349s][info][gc,phases      ] GC(307)   Other: 0.1ms
[124.349s][info][gc,heap        ] GC(307) Eden regions: 641->0(641)
[124.349s][info][gc,heap        ] GC(307) Survivor regions: 2->2(81)
[124.349s][info][gc,heap        ] GC(307) Old regions: 31->31
[124.349s][info][gc,heap        ] GC(307) Archive regions: 0->0
[124.349s][info][gc,heap        ] GC(307) Humongous regions: 0->0
[124.349s][info][gc,metaspace   ] GC(307) Metaspace: 14269K(15040K)->14269K(15040K) NonClass: 12329K(12864K)->12329K(12864K) Class: 1939K(2176K)->1939K(2176K)
[124.349s][info][gc             ] GC(307) Pause Young (Normal) (G1 Evacuation Pause) 649M->8M(1073M) 4.740ms
[124.349s][info][gc,cpu         ] GC(307) User=0.00s Sys=0.00s Real=0.01s
[124.818s][info][gc,start       ] GC(308) Pause Young (Normal) (G1 Evacuation Pause)
[124.818s][info][gc,task        ] GC(308) Using 33 workers of 33 for evacuation
[124.822s][info][gc,phases      ] GC(308)   Pre Evacuate Collection Set: 0.2ms
[124.822s][info][gc,phases      ] GC(308)   Merge Heap Roots: 0.2ms
[124.822s][info][gc,phases      ] GC(308)   Evacuate Collection Set: 0.4ms
[124.822s][info][gc,phases      ] GC(308)   Post Evacuate Collection Set: 3.3ms
[124.822s][info][gc,phases      ] GC(308)   Other: 0.1ms
[124.822s][info][gc,heap        ] GC(308) Eden regions: 641->0(641)
[124.822s][info][gc,heap        ] GC(308) Survivor regions: 2->2(81)
[124.822s][info][gc,heap        ] GC(308) Old regions: 31->31
[124.822s][info][gc,heap        ] GC(308) Archive regions: 0->0
[124.822s][info][gc,heap        ] GC(308) Humongous regions: 0->0
[124.822s][info][gc,metaspace   ] GC(308) Metaspace: 14269K(15040K)->14269K(15040K) NonClass: 12329K(12864K)->12329K(12864K) Class: 1939K(2176K)->1939K(2176K)
[124.822s][info][gc             ] GC(308) Pause Young (Normal) (G1 Evacuation Pause) 649M->8M(1073M) 4.442ms
[124.822s][info][gc,cpu         ] GC(308) User=0.52s Sys=0.00s Real=0.00s
[125.298s][info][gc,start       ] GC(309) Pause Young (Normal) (G1 Evacuation Pause)
[125.298s][info][gc,task        ] GC(309) Using 33 workers of 33 for evacuation
[125.302s][info][gc,phases      ] GC(309)   Pre Evacuate Collection Set: 0.2ms
[125.302s][info][gc,phases      ] GC(309)   Merge Heap Roots: 0.2ms
[125.302s][info][gc,phases      ] GC(309)   Evacuate Collection Set: 0.4ms
[125.302s][info][gc,phases      ] GC(309)   Post Evacuate Collection Set: 3.2ms
[125.302s][info][gc,phases      ] GC(309)   Other: 0.1ms
[125.302s][info][gc,heap        ] GC(309) Eden regions: 641->0(641)
[125.302s][info][gc,heap        ] GC(309) Survivor regions: 2->2(81)
[125.302s][info][gc,heap        ] GC(309) Old regions: 31->31
[125.302s][info][gc,heap        ] GC(309) Archive regions: 0->0
[125.302s][info][gc,heap        ] GC(309) Humongous regions: 0->0
[125.302s][info][gc,metaspace   ] GC(309) Metaspace: 14269K(15040K)->14269K(15040K) NonClass: 12329K(12864K)->12329K(12864K) Class: 1939K(2176K)->1939K(2176K)
[125.302s][info][gc             ] GC(309) Pause Young (Normal) (G1 Evacuation Pause) 649M->8M(1073M) 4.297ms
[125.302s][info][gc,cpu         ] GC(309) User=0.00s Sys=0.00s Real=0.00s
[125.760s][info][gc,start       ] GC(310) Pause Young (Normal) (G1 Evacuation Pause)
[125.760s][info][gc,task        ] GC(310) Using 33 workers of 33 for evacuation
[125.764s][info][gc,phases      ] GC(310)   Pre Evacuate Collection Set: 0.2ms
[125.764s][info][gc,phases      ] GC(310)   Merge Heap Roots: 0.2ms
[125.764s][info][gc,phases      ] GC(310)   Evacuate Collection Set: 0.4ms
[125.764s][info][gc,phases      ] GC(310)   Post Evacuate Collection Set: 3.3ms
[125.764s][info][gc,phases      ] GC(310)   Other: 0.1ms
[125.764s][info][gc,heap        ] GC(310) Eden regions: 641->0(641)
[125.764s][info][gc,heap        ] GC(310) Survivor regions: 2->2(81)
[125.764s][info][gc,heap        ] GC(310) Old regions: 31->31
[125.764s][info][gc,heap        ] GC(310) Archive regions: 0->0
[125.764s][info][gc,heap        ] GC(310) Humongous regions: 0->0
[125.764s][info][gc,metaspace   ] GC(310) Metaspace: 14269K(15040K)->14269K(15040K) NonClass: 12329K(12864K)->12329K(12864K) Class: 1939K(2176K)->1939K(2176K)
[125.764s][info][gc             ] GC(310) Pause Young (Normal) (G1 Evacuation Pause) 649M->8M(1073M) 4.405ms
[125.764s][info][gc,cpu         ] GC(310) User=0.00s Sys=0.00s Real=0.00s
[126.223s][info][gc,start       ] GC(311) Pause Young (Normal) (G1 Evacuation Pause)
[126.223s][info][gc,task        ] GC(311) Using 33 workers of 33 for evacuation
[126.227s][info][gc,phases      ] GC(311)   Pre Evacuate Collection Set: 0.2ms
[126.227s][info][gc,phases      ] GC(311)   Merge Heap Roots: 0.2ms
[126.227s][info][gc,phases      ] GC(311)   Evacuate Collection Set: 0.4ms
[126.227s][info][gc,phases      ] GC(311)   Post Evacuate Collection Set: 3.4ms
[126.227s][info][gc,phases      ] GC(311)   Other: 0.1ms
[126.227s][info][gc,heap        ] GC(311) Eden regions: 641->0(641)
[126.227s][info][gc,heap        ] GC(311) Survivor regions: 2->2(81)
[126.227s][info][gc,heap        ] GC(311) Old regions: 31->32
[126.227s][info][gc,heap        ] GC(311) Archive regions: 0->0
[126.227s][info][gc,heap        ] GC(311) Humongous regions: 0->0
[126.227s][info][gc,metaspace   ] GC(311) Metaspace: 14269K(15040K)->14269K(15040K) NonClass: 12329K(12864K)->12329K(12864K) Class: 1939K(2176K)->1939K(2176K)
[126.227s][info][gc             ] GC(311) Pause Young (Normal) (G1 Evacuation Pause) 649M->8M(1073M) 4.580ms
[126.227s][info][gc,cpu         ] GC(311) User=0.52s Sys=0.00s Real=0.00s
[126.668s][info][gc,start       ] GC(312) Pause Young (Normal) (G1 Evacuation Pause)
[126.668s][info][gc,task        ] GC(312) Using 33 workers of 33 for evacuation
[126.672s][info][gc,phases      ] GC(312)   Pre Evacuate Collection Set: 0.2ms
[126.672s][info][gc,phases      ] GC(312)   Merge Heap Roots: 0.2ms
[126.672s][info][gc,phases      ] GC(312)   Evacuate Collection Set: 0.4ms
[126.672s][info][gc,phases      ] GC(312)   Post Evacuate Collection Set: 3.6ms
[126.672s][info][gc,phases      ] GC(312)   Other: 0.1ms
[126.672s][info][gc,heap        ] GC(312) Eden regions: 641->0(641)
[126.672s][info][gc,heap        ] GC(312) Survivor regions: 2->2(81)
[126.672s][info][gc,heap        ] GC(312) Old regions: 32->32
[126.672s][info][gc,heap        ] GC(312) Archive regions: 0->0
[126.672s][info][gc,heap        ] GC(312) Humongous regions: 0->0
[126.672s][info][gc,metaspace   ] GC(312) Metaspace: 14269K(15040K)->14269K(15040K) NonClass: 12329K(12864K)->12329K(12864K) Class: 1939K(2176K)->1939K(2176K)
[126.672s][info][gc             ] GC(312) Pause Young (Normal) (G1 Evacuation Pause) 649M->8M(1073M) 4.761ms
[126.672s][info][gc,cpu         ] GC(312) User=0.00s Sys=0.00s Real=0.00s
[126.987s][info][gc,start       ] GC(313) Pause Full (System.gc())
[126.987s][info][gc,task        ] GC(313) Using 29 workers of 33 for full compaction
[126.989s][info][gc,phases,start] GC(313) Phase 1: Mark live objects
[126.998s][info][gc,phases      ] GC(313) Phase 1: Mark live objects 8.613ms
[126.998s][info][gc,phases,start] GC(313) Phase 2: Prepare compaction
[126.999s][info][gc,phases      ] GC(313) Phase 2: Prepare compaction 1.047ms
[126.999s][info][gc,phases,start] GC(313) Phase 3: Adjust pointers
[127.005s][info][gc,phases      ] GC(313) Phase 3: Adjust pointers 5.897ms
[127.005s][info][gc,phases,start] GC(313) Phase 4: Compact heap
[127.005s][info][gc,phases      ] GC(313) Phase 4: Compact heap 0.560ms
[127.013s][info][gc,heap        ] GC(313) Eden regions: 441->0(58)
[127.013s][info][gc,heap        ] GC(313) Survivor regions: 2->0(81)
[127.013s][info][gc,heap        ] GC(313) Old regions: 32->29
[127.013s][info][gc,heap        ] GC(313) Archive regions: 0->0
[127.013s][info][gc,heap        ] GC(313) Humongous regions: 0->0
[127.013s][info][gc,metaspace   ] GC(313) Metaspace: 14271K(15040K)->14271K(15040K) NonClass: 12331K(12864K)->12331K(12864K) Class: 1939K(2176K)->1939K(2176K)
[127.013s][info][gc             ] GC(313) Pause Full (System.gc()) 449M->5M(97M) 26.260ms
[127.013s][info][gc,cpu         ] GC(313) User=0.45s Sys=0.00s Real=0.02s
[127.060s][info][gc,start       ] GC(314) Pause Young (Normal) (G1 Evacuation Pause)
[127.060s][info][gc,task        ] GC(314) Using 33 workers of 33 for evacuation
[127.063s][info][gc,phases      ] GC(314)   Pre Evacuate Collection Set: 0.1ms
[127.063s][info][gc,phases      ] GC(314)   Merge Heap Roots: 0.1ms
[127.063s][info][gc,phases      ] GC(314)   Evacuate Collection Set: 0.4ms
[127.063s][info][gc,phases      ] GC(314)   Post Evacuate Collection Set: 2.7ms
[127.063s][info][gc,phases      ] GC(314)   Other: 0.1ms
[127.063s][info][gc,heap        ] GC(314) Eden regions: 58->0(56)
[127.064s][info][gc,heap        ] GC(314) Survivor regions: 0->2(8)
[127.064s][info][gc,heap        ] GC(314) Old regions: 29->29
[127.064s][info][gc,heap        ] GC(314) Archive regions: 0->0
[127.064s][info][gc,heap        ] GC(314) Humongous regions: 0->0
[127.064s][info][gc,metaspace   ] GC(314) Metaspace: 14274K(15040K)->14274K(15040K) NonClass: 12334K(12864K)->12334K(12864K) Class: 1939K(2176K)->1939K(2176K)
[127.064s][info][gc             ] GC(314) Pause Young (Normal) (G1 Evacuation Pause) 63M->6M(97M) 3.635ms
[127.064s][info][gc,cpu         ] GC(314) User=0.00s Sys=0.00s Real=0.00s
[127.102s][info][gc,start       ] GC(315) Pause Young (Normal) (G1 Evacuation Pause)
[127.102s][info][gc,task        ] GC(315) Using 33 workers of 33 for evacuation
[127.105s][info][gc,phases      ] GC(315)   Pre Evacuate Collection Set: 0.1ms
[127.105s][info][gc,phases      ] GC(315)   Merge Heap Roots: 0.1ms
[127.105s][info][gc,phases      ] GC(315)   Evacuate Collection Set: 0.5ms
[127.105s][info][gc,phases      ] GC(315)   Post Evacuate Collection Set: 2.7ms
[127.105s][info][gc,phases      ] GC(315)   Other: 0.1ms
[127.105s][info][gc,heap        ] GC(315) Eden regions: 56->0(56)
[127.105s][info][gc,heap        ] GC(315) Survivor regions: 2->2(8)
[127.105s][info][gc,heap        ] GC(315) Old regions: 29->29
[127.105s][info][gc,heap        ] GC(315) Archive regions: 0->0
[127.105s][info][gc,heap        ] GC(315) Humongous regions: 0->0
[127.105s][info][gc,metaspace   ] GC(315) Metaspace: 14274K(15040K)->14274K(15040K) NonClass: 12334K(12864K)->12334K(12864K) Class: 1939K(2176K)->1939K(2176K)
[127.105s][info][gc             ] GC(315) Pause Young (Normal) (G1 Evacuation Pause) 62M->6M(97M) 3.650ms
[127.105s][info][gc,cpu         ] GC(315) User=0.00s Sys=0.00s Real=0.00s
[127.149s][info][gc,start       ] GC(316) Pause Young (Normal) (G1 Evacuation Pause)
[127.149s][info][gc,task        ] GC(316) Using 33 workers of 33 for evacuation
[127.153s][info][gc,phases      ] GC(316)   Pre Evacuate Collection Set: 0.1ms
[127.153s][info][gc,phases      ] GC(316)   Merge Heap Roots: 0.1ms
[127.153s][info][gc,phases      ] GC(316)   Evacuate Collection Set: 0.5ms
[127.153s][info][gc,phases      ] GC(316)   Post Evacuate Collection Set: 2.7ms
[127.153s][info][gc,phases      ] GC(316)   Other: 0.1ms
[127.153s][info][gc,heap        ] GC(316) Eden regions: 56->0(56)
[127.153s][info][gc,heap        ] GC(316) Survivor regions: 2->2(8)
[127.153s][info][gc,heap        ] GC(316) Old regions: 29->29
[127.153s][info][gc,heap        ] GC(316) Archive regions: 0->0
[127.153s][info][gc,heap        ] GC(316) Humongous regions: 0->0
[127.153s][info][gc,metaspace   ] GC(316) Metaspace: 14274K(15040K)->14274K(15040K) NonClass: 12334K(12864K)->12334K(12864K) Class: 1939K(2176K)->1939K(2176K)
[127.153s][info][gc             ] GC(316) Pause Young (Normal) (G1 Evacuation Pause) 62M->6M(97M) 3.604ms
[127.153s][info][gc,cpu         ] GC(316) User=0.00s Sys=0.00s Real=0.00s
[127.192s][info][gc,start       ] GC(317) Pause Young (Normal) (G1 Evacuation Pause)
[127.192s][info][gc,task        ] GC(317) Using 33 workers of 33 for evacuation
[127.200s][info][gc,phases      ] GC(317)   Pre Evacuate Collection Set: 0.1ms
[127.200s][info][gc,phases      ] GC(317)   Merge Heap Roots: 0.1ms
[127.200s][info][gc,phases      ] GC(317)   Evacuate Collection Set: 0.5ms
[127.200s][info][gc,phases      ] GC(317)   Post Evacuate Collection Set: 7.4ms
[127.200s][info][gc,phases      ] GC(317)   Other: 0.1ms
[127.200s][info][gc,heap        ] GC(317) Eden regions: 56->0(641)
[127.200s][info][gc,heap        ] GC(317) Survivor regions: 2->2(8)
[127.200s][info][gc,heap        ] GC(317) Old regions: 29->29
[127.200s][info][gc,heap        ] GC(317) Archive regions: 0->0
[127.200s][info][gc,heap        ] GC(317) Humongous regions: 0->0
[127.200s][info][gc,metaspace   ] GC(317) Metaspace: 14274K(15040K)->14274K(15040K) NonClass: 12334K(12864K)->12334K(12864K) Class: 1939K(2176K)->1939K(2176K)
[127.200s][info][gc             ] GC(317) Pause Young (Normal) (G1 Evacuation Pause) 62M->6M(1073M) 8.392ms
[127.200s][info][gc,cpu         ] GC(317) User=0.52s Sys=0.00s Real=0.01s
[127.639s][info][gc,start       ] GC(318) Pause Young (Normal) (G1 Evacuation Pause)
[127.639s][info][gc,task        ] GC(318) Using 33 workers of 33 for evacuation
[127.644s][info][gc,phases      ] GC(318)   Pre Evacuate Collection Set: 0.2ms
[127.644s][info][gc,phases      ] GC(318)   Merge Heap Roots: 0.2ms
[127.644s][info][gc,phases      ] GC(318)   Evacuate Collection Set: 1.9ms
[127.644s][info][gc,phases      ] GC(318)   Post Evacuate Collection Set: 3.4ms
[127.644s][info][gc,phases      ] GC(318)   Other: 0.1ms
[127.644s][info][gc,heap        ] GC(318) Eden regions: 641->0(641)
[127.644s][info][gc,heap        ] GC(318) Survivor regions: 2->2(81)
[127.644s][info][gc,heap        ] GC(318) Old regions: 29->29
[127.644s][info][gc,heap        ] GC(318) Archive regions: 0->0
[127.644s][info][gc,heap        ] GC(318) Humongous regions: 0->0
[127.644s][info][gc,metaspace   ] GC(318) Metaspace: 14274K(15040K)->14274K(15040K) NonClass: 12334K(12864K)->12334K(12864K) Class: 1939K(2176K)->1939K(2176K)
[127.645s][info][gc             ] GC(318) Pause Young (Normal) (G1 Evacuation Pause) 647M->6M(1073M) 5.922ms
[127.645s][info][gc,cpu         ] GC(318) User=0.00s Sys=0.00s Real=0.00s
[128.116s][info][gc,start       ] GC(319) Pause Young (Normal) (G1 Evacuation Pause)
[128.116s][info][gc,task        ] GC(319) Using 33 workers of 33 for evacuation
[128.122s][info][gc,phases      ] GC(319)   Pre Evacuate Collection Set: 0.2ms
[128.122s][info][gc,phases      ] GC(319)   Merge Heap Roots: 0.2ms
[128.122s][info][gc,phases      ] GC(319)   Evacuate Collection Set: 1.8ms
[128.122s][info][gc,phases      ] GC(319)   Post Evacuate Collection Set: 3.2ms
[128.122s][info][gc,phases      ] GC(319)   Other: 0.1ms
[128.122s][info][gc,heap        ] GC(319) Eden regions: 641->0(641)
[128.122s][info][gc,heap        ] GC(319) Survivor regions: 2->2(81)
[128.122s][info][gc,heap        ] GC(319) Old regions: 29->29
[128.122s][info][gc,heap        ] GC(319) Archive regions: 0->0
[128.122s][info][gc,heap        ] GC(319) Humongous regions: 0->0
[128.122s][info][gc,metaspace   ] GC(319) Metaspace: 14274K(15040K)->14274K(15040K) NonClass: 12334K(12864K)->12334K(12864K) Class: 1939K(2176K)->1939K(2176K)
[128.122s][info][gc             ] GC(319) Pause Young (Normal) (G1 Evacuation Pause) 647M->6M(1073M) 5.649ms
[128.122s][info][gc,cpu         ] GC(319) User=0.00s Sys=0.00s Real=0.00s
[128.570s][info][gc,start       ] GC(320) Pause Young (Normal) (G1 Evacuation Pause)
[128.570s][info][gc,task        ] GC(320) Using 33 workers of 33 for evacuation
[128.574s][info][gc,phases      ] GC(320)   Pre Evacuate Collection Set: 0.2ms
[128.574s][info][gc,phases      ] GC(320)   Merge Heap Roots: 0.2ms
[128.574s][info][gc,phases      ] GC(320)   Evacuate Collection Set: 0.5ms
[128.574s][info][gc,phases      ] GC(320)   Post Evacuate Collection Set: 3.2ms
[128.574s][info][gc,phases      ] GC(320)   Other: 0.1ms
[128.574s][info][gc,heap        ] GC(320) Eden regions: 641->0(641)
[128.574s][info][gc,heap        ] GC(320) Survivor regions: 2->2(81)
[128.574s][info][gc,heap        ] GC(320) Old regions: 29->29
[128.574s][info][gc,heap        ] GC(320) Archive regions: 0->0
[128.574s][info][gc,heap        ] GC(320) Humongous regions: 0->0
[128.574s][info][gc,metaspace   ] GC(320) Metaspace: 14274K(15040K)->14274K(15040K) NonClass: 12334K(12864K)->12334K(12864K) Class: 1939K(2176K)->1939K(2176K)
[128.575s][info][gc             ] GC(320) Pause Young (Normal) (G1 Evacuation Pause) 647M->6M(1073M) 4.473ms
[128.575s][info][gc,cpu         ] GC(320) User=0.00s Sys=0.00s Real=0.01s
[129.021s][info][gc,start       ] GC(321) Pause Young (Normal) (G1 Evacuation Pause)
[129.022s][info][gc,task        ] GC(321) Using 33 workers of 33 for evacuation
[129.026s][info][gc,phases      ] GC(321)   Pre Evacuate Collection Set: 0.2ms
[129.026s][info][gc,phases      ] GC(321)   Merge Heap Roots: 0.2ms
[129.026s][info][gc,phases      ] GC(321)   Evacuate Collection Set: 0.6ms
[129.026s][info][gc,phases      ] GC(321)   Post Evacuate Collection Set: 3.3ms
[129.026s][info][gc,phases      ] GC(321)   Other: 0.1ms
[129.026s][info][gc,heap        ] GC(321) Eden regions: 641->0(641)
[129.026s][info][gc,heap        ] GC(321) Survivor regions: 2->2(81)
[129.026s][info][gc,heap        ] GC(321) Old regions: 29->29
[129.026s][info][gc,heap        ] GC(321) Archive regions: 0->0
[129.026s][info][gc,heap        ] GC(321) Humongous regions: 0->0
[129.026s][info][gc,metaspace   ] GC(321) Metaspace: 14274K(15040K)->14274K(15040K) NonClass: 12334K(12864K)->12334K(12864K) Class: 1939K(2176K)->1939K(2176K)
[129.026s][info][gc             ] GC(321) Pause Young (Normal) (G1 Evacuation Pause) 647M->7M(1073M) 4.575ms
[129.026s][info][gc,cpu         ] GC(321) User=0.52s Sys=0.00s Real=0.00s
[129.464s][info][gc,start       ] GC(322) Pause Young (Normal) (G1 Evacuation Pause)
[129.464s][info][gc,task        ] GC(322) Using 33 workers of 33 for evacuation
[129.469s][info][gc,phases      ] GC(322)   Pre Evacuate Collection Set: 0.2ms
[129.469s][info][gc,phases      ] GC(322)   Merge Heap Roots: 0.2ms
[129.469s][info][gc,phases      ] GC(322)   Evacuate Collection Set: 0.5ms
[129.469s][info][gc,phases      ] GC(322)   Post Evacuate Collection Set: 3.4ms
[129.469s][info][gc,phases      ] GC(322)   Other: 0.1ms
[129.469s][info][gc,heap        ] GC(322) Eden regions: 641->0(641)
[129.469s][info][gc,heap        ] GC(322) Survivor regions: 2->2(81)
[129.469s][info][gc,heap        ] GC(322) Old regions: 29->29
[129.469s][info][gc,heap        ] GC(322) Archive regions: 0->0
[129.469s][info][gc,heap        ] GC(322) Humongous regions: 0->0
[129.469s][info][gc,metaspace   ] GC(322) Metaspace: 14274K(15040K)->14274K(15040K) NonClass: 12334K(12864K)->12334K(12864K) Class: 1939K(2176K)->1939K(2176K)
[129.469s][info][gc             ] GC(322) Pause Young (Normal) (G1 Evacuation Pause) 648M->7M(1073M) 4.689ms
[129.469s][info][gc,cpu         ] GC(322) User=0.00s Sys=0.00s Real=0.01s
[129.914s][info][gc,start       ] GC(323) Pause Young (Normal) (G1 Evacuation Pause)
[129.914s][info][gc,task        ] GC(323) Using 33 workers of 33 for evacuation
[129.918s][info][gc,phases      ] GC(323)   Pre Evacuate Collection Set: 0.2ms
[129.918s][info][gc,phases      ] GC(323)   Merge Heap Roots: 0.2ms
[129.918s][info][gc,phases      ] GC(323)   Evacuate Collection Set: 0.5ms
[129.918s][info][gc,phases      ] GC(323)   Post Evacuate Collection Set: 3.5ms
[129.918s][info][gc,phases      ] GC(323)   Other: 0.2ms
[129.918s][info][gc,heap        ] GC(323) Eden regions: 641->0(641)
[129.918s][info][gc,heap        ] GC(323) Survivor regions: 2->2(81)
[129.918s][info][gc,heap        ] GC(323) Old regions: 29->29
[129.918s][info][gc,heap        ] GC(323) Archive regions: 0->0
[129.918s][info][gc,heap        ] GC(323) Humongous regions: 0->0
[129.918s][info][gc,metaspace   ] GC(323) Metaspace: 14274K(15040K)->14274K(15040K) NonClass: 12334K(12864K)->12334K(12864K) Class: 1939K(2176K)->1939K(2176K)
[129.918s][info][gc             ] GC(323) Pause Young (Normal) (G1 Evacuation Pause) 648M->7M(1073M) 4.738ms
[129.918s][info][gc,cpu         ] GC(323) User=0.00s Sys=0.00s Real=0.01s
[130.360s][info][gc,start       ] GC(324) Pause Young (Normal) (G1 Evacuation Pause)
[130.360s][info][gc,task        ] GC(324) Using 33 workers of 33 for evacuation
[130.364s][info][gc,phases      ] GC(324)   Pre Evacuate Collection Set: 0.2ms
[130.364s][info][gc,phases      ] GC(324)   Merge Heap Roots: 0.2ms
[130.364s][info][gc,phases      ] GC(324)   Evacuate Collection Set: 0.5ms
[130.364s][info][gc,phases      ] GC(324)   Post Evacuate Collection Set: 3.4ms
[130.364s][info][gc,phases      ] GC(324)   Other: 0.1ms
[130.364s][info][gc,heap        ] GC(324) Eden regions: 641->0(641)
[130.364s][info][gc,heap        ] GC(324) Survivor regions: 2->2(81)
[130.364s][info][gc,heap        ] GC(324) Old regions: 29->29
[130.364s][info][gc,heap        ] GC(324) Archive regions: 0->0
[130.364s][info][gc,heap        ] GC(324) Humongous regions: 0->0
[130.364s][info][gc,metaspace   ] GC(324) Metaspace: 14274K(15040K)->14274K(15040K) NonClass: 12334K(12864K)->12334K(12864K) Class: 1939K(2176K)->1939K(2176K)
[130.364s][info][gc             ] GC(324) Pause Young (Normal) (G1 Evacuation Pause) 648M->7M(1073M) 4.692ms
[130.364s][info][gc,cpu         ] GC(324) User=0.00s Sys=0.00s Real=0.00s
[130.813s][info][gc,start       ] GC(325) Pause Young (Normal) (G1 Evacuation Pause)
[130.813s][info][gc,task        ] GC(325) Using 33 workers of 33 for evacuation
[130.817s][info][gc,phases      ] GC(325)   Pre Evacuate Collection Set: 0.2ms
[130.817s][info][gc,phases      ] GC(325)   Merge Heap Roots: 0.2ms
[130.817s][info][gc,phases      ] GC(325)   Evacuate Collection Set: 0.6ms
[130.817s][info][gc,phases      ] GC(325)   Post Evacuate Collection Set: 3.2ms
[130.817s][info][gc,phases      ] GC(325)   Other: 0.1ms
[130.817s][info][gc,heap        ] GC(325) Eden regions: 641->0(640)
[130.817s][info][gc,heap        ] GC(325) Survivor regions: 2->3(81)
[130.817s][info][gc,heap        ] GC(325) Old regions: 29->29
[130.817s][info][gc,heap        ] GC(325) Archive regions: 0->0
[130.817s][info][gc,heap        ] GC(325) Humongous regions: 0->0
[130.817s][info][gc,metaspace   ] GC(325) Metaspace: 14274K(15040K)->14274K(15040K) NonClass: 12334K(12864K)->12334K(12864K) Class: 1939K(2176K)->1939K(2176K)
[130.817s][info][gc             ] GC(325) Pause Young (Normal) (G1 Evacuation Pause) 648M->7M(1073M) 4.423ms
[130.817s][info][gc,cpu         ] GC(325) User=0.00s Sys=0.00s Real=0.00s
[131.274s][info][gc,start       ] GC(326) Pause Young (Normal) (G1 Evacuation Pause)
[131.274s][info][gc,task        ] GC(326) Using 33 workers of 33 for evacuation
[131.278s][info][gc,phases      ] GC(326)   Pre Evacuate Collection Set: 0.2ms
[131.278s][info][gc,phases      ] GC(326)   Merge Heap Roots: 0.2ms
[131.278s][info][gc,phases      ] GC(326)   Evacuate Collection Set: 0.7ms
[131.278s][info][gc,phases      ] GC(326)   Post Evacuate Collection Set: 3.1ms
[131.278s][info][gc,phases      ] GC(326)   Other: 0.1ms
[131.278s][info][gc,heap        ] GC(326) Eden regions: 640->0(640)
[131.278s][info][gc,heap        ] GC(326) Survivor regions: 3->3(81)
[131.278s][info][gc,heap        ] GC(326) Old regions: 29->29
[131.278s][info][gc,heap        ] GC(326) Archive regions: 0->0
[131.278s][info][gc,heap        ] GC(326) Humongous regions: 0->0
[131.278s][info][gc,metaspace   ] GC(326) Metaspace: 14274K(15040K)->14274K(15040K) NonClass: 12334K(12864K)->12334K(12864K) Class: 1939K(2176K)->1939K(2176K)
[131.278s][info][gc             ] GC(326) Pause Young (Normal) (G1 Evacuation Pause) 647M->7M(1073M) 4.507ms
[131.278s][info][gc,cpu         ] GC(326) User=0.00s Sys=0.00s Real=0.00s
[131.726s][info][gc,start       ] GC(327) Pause Young (Normal) (G1 Evacuation Pause)
[131.726s][info][gc,task        ] GC(327) Using 33 workers of 33 for evacuation
[131.730s][info][gc,phases      ] GC(327)   Pre Evacuate Collection Set: 0.2ms
[131.730s][info][gc,phases      ] GC(327)   Merge Heap Roots: 0.2ms
[131.730s][info][gc,phases      ] GC(327)   Evacuate Collection Set: 0.6ms
[131.730s][info][gc,phases      ] GC(327)   Post Evacuate Collection Set: 3.3ms
[131.730s][info][gc,phases      ] GC(327)   Other: 0.2ms
[131.730s][info][gc,heap        ] GC(327) Eden regions: 640->0(640)
[131.730s][info][gc,heap        ] GC(327) Survivor regions: 3->3(81)
[131.730s][info][gc,heap        ] GC(327) Old regions: 29->29
[131.730s][info][gc,heap        ] GC(327) Archive regions: 0->0
[131.730s][info][gc,heap        ] GC(327) Humongous regions: 0->0
[131.730s][info][gc,metaspace   ] GC(327) Metaspace: 14274K(15040K)->14274K(15040K) NonClass: 12334K(12864K)->12334K(12864K) Class: 1939K(2176K)->1939K(2176K)
[131.730s][info][gc             ] GC(327) Pause Young (Normal) (G1 Evacuation Pause) 647M->7M(1073M) 4.611ms
[131.730s][info][gc,cpu         ] GC(327) User=0.00s Sys=0.00s Real=0.00s
[132.177s][info][gc,start       ] GC(328) Pause Young (Normal) (G1 Evacuation Pause)
[132.177s][info][gc,task        ] GC(328) Using 33 workers of 33 for evacuation
[132.181s][info][gc,phases      ] GC(328)   Pre Evacuate Collection Set: 0.2ms
[132.181s][info][gc,phases      ] GC(328)   Merge Heap Roots: 0.2ms
[132.181s][info][gc,phases      ] GC(328)   Evacuate Collection Set: 0.5ms
[132.181s][info][gc,phases      ] GC(328)   Post Evacuate Collection Set: 3.4ms
[132.182s][info][gc,phases      ] GC(328)   Other: 0.1ms
[132.182s][info][gc,heap        ] GC(328) Eden regions: 640->0(640)
[132.182s][info][gc,heap        ] GC(328) Survivor regions: 3->3(81)
[132.182s][info][gc,heap        ] GC(328) Old regions: 29->29
[132.182s][info][gc,heap        ] GC(328) Archive regions: 0->0
[132.182s][info][gc,heap        ] GC(328) Humongous regions: 0->0
[132.182s][info][gc,metaspace   ] GC(328) Metaspace: 14274K(15040K)->14274K(15040K) NonClass: 12334K(12864K)->12334K(12864K) Class: 1939K(2176K)->1939K(2176K)
[132.182s][info][gc             ] GC(328) Pause Young (Normal) (G1 Evacuation Pause) 647M->7M(1073M) 4.606ms
[132.182s][info][gc,cpu         ] GC(328) User=0.52s Sys=0.00s Real=0.00s
[132.623s][info][gc,start       ] GC(329) Pause Young (Normal) (G1 Evacuation Pause)
[132.623s][info][gc,task        ] GC(329) Using 33 workers of 33 for evacuation
[132.628s][info][gc,phases      ] GC(329)   Pre Evacuate Collection Set: 0.2ms
[132.628s][info][gc,phases      ] GC(329)   Merge Heap Roots: 0.2ms
[132.628s][info][gc,phases      ] GC(329)   Evacuate Collection Set: 0.5ms
[132.628s][info][gc,phases      ] GC(329)   Post Evacuate Collection Set: 3.5ms
[132.628s][info][gc,phases      ] GC(329)   Other: 0.1ms
[132.628s][info][gc,heap        ] GC(329) Eden regions: 640->0(642)
[132.628s][info][gc,heap        ] GC(329) Survivor regions: 3->1(81)
[132.628s][info][gc,heap        ] GC(329) Old regions: 29->31
[132.628s][info][gc,heap        ] GC(329) Archive regions: 0->0
[132.628s][info][gc,heap        ] GC(329) Humongous regions: 0->0
[132.628s][info][gc,metaspace   ] GC(329) Metaspace: 14274K(15040K)->14274K(15040K) NonClass: 12334K(12864K)->12334K(12864K) Class: 1939K(2176K)->1939K(2176K)
[132.628s][info][gc             ] GC(329) Pause Young (Normal) (G1 Evacuation Pause) 647M->7M(1073M) 4.686ms
[132.628s][info][gc,cpu         ] GC(329) User=0.00s Sys=0.00s Real=0.00s
[133.141s][info][gc,start       ] GC(330) Pause Young (Normal) (G1 Evacuation Pause)
[133.141s][info][gc,task        ] GC(330) Using 33 workers of 33 for evacuation
[133.147s][info][gc,phases      ] GC(330)   Pre Evacuate Collection Set: 0.3ms
[133.147s][info][gc,phases      ] GC(330)   Merge Heap Roots: 0.3ms
[133.147s][info][gc,phases      ] GC(330)   Evacuate Collection Set: 0.7ms
[133.147s][info][gc,phases      ] GC(330)   Post Evacuate Collection Set: 4.5ms
[133.147s][info][gc,phases      ] GC(330)   Other: 0.2ms
[133.147s][info][gc,heap        ] GC(330) Eden regions: 642->0(642)
[133.147s][info][gc,heap        ] GC(330) Survivor regions: 1->1(81)
[133.147s][info][gc,heap        ] GC(330) Old regions: 31->31
[133.147s][info][gc,heap        ] GC(330) Archive regions: 0->0
[133.147s][info][gc,heap        ] GC(330) Humongous regions: 0->0
[133.147s][info][gc,metaspace   ] GC(330) Metaspace: 14274K(15040K)->14274K(15040K) NonClass: 12334K(12864K)->12334K(12864K) Class: 1939K(2176K)->1939K(2176K)
[133.147s][info][gc             ] GC(330) Pause Young (Normal) (G1 Evacuation Pause) 649M->7M(1073M) 6.500ms
[133.147s][info][gc,cpu         ] GC(330) User=0.00s Sys=0.00s Real=0.00s
[133.621s][info][gc,start       ] GC(331) Pause Young (Normal) (G1 Evacuation Pause)
[133.621s][info][gc,task        ] GC(331) Using 33 workers of 33 for evacuation
[133.625s][info][gc,phases      ] GC(331)   Pre Evacuate Collection Set: 0.2ms
[133.625s][info][gc,phases      ] GC(331)   Merge Heap Roots: 0.2ms
[133.625s][info][gc,phases      ] GC(331)   Evacuate Collection Set: 0.4ms
[133.625s][info][gc,phases      ] GC(331)   Post Evacuate Collection Set: 3.1ms
[133.625s][info][gc,phases      ] GC(331)   Other: 0.1ms
[133.625s][info][gc,heap        ] GC(331) Eden regions: 642->0(641)
[133.625s][info][gc,heap        ] GC(331) Survivor regions: 1->2(81)
[133.625s][info][gc,heap        ] GC(331) Old regions: 31->31
[133.625s][info][gc,heap        ] GC(331) Archive regions: 0->0
[133.625s][info][gc,heap        ] GC(331) Humongous regions: 0->0
[133.625s][info][gc,metaspace   ] GC(331) Metaspace: 14274K(15040K)->14274K(15040K) NonClass: 12334K(12864K)->12334K(12864K) Class: 1939K(2176K)->1939K(2176K)
[133.625s][info][gc             ] GC(331) Pause Young (Normal) (G1 Evacuation Pause) 649M->7M(1073M) 4.226ms
[133.625s][info][gc,cpu         ] GC(331) User=0.00s Sys=0.00s Real=0.00s
[134.073s][info][gc,start       ] GC(332) Pause Young (Normal) (G1 Evacuation Pause)
[134.073s][info][gc,task        ] GC(332) Using 33 workers of 33 for evacuation
[134.077s][info][gc,phases      ] GC(332)   Pre Evacuate Collection Set: 0.2ms
[134.077s][info][gc,phases      ] GC(332)   Merge Heap Roots: 0.2ms
[134.077s][info][gc,phases      ] GC(332)   Evacuate Collection Set: 0.3ms
[134.077s][info][gc,phases      ] GC(332)   Post Evacuate Collection Set: 3.3ms
[134.077s][info][gc,phases      ] GC(332)   Other: 0.1ms
[134.077s][info][gc,heap        ] GC(332) Eden regions: 641->0(641)
[134.077s][info][gc,heap        ] GC(332) Survivor regions: 2->2(81)
[134.077s][info][gc,heap        ] GC(332) Old regions: 31->31
[134.077s][info][gc,heap        ] GC(332) Archive regions: 0->0
[134.077s][info][gc,heap        ] GC(332) Humongous regions: 0->0
[134.077s][info][gc,metaspace   ] GC(332) Metaspace: 14274K(15040K)->14274K(15040K) NonClass: 12334K(12864K)->12334K(12864K) Class: 1939K(2176K)->1939K(2176K)
[134.077s][info][gc             ] GC(332) Pause Young (Normal) (G1 Evacuation Pause) 648M->7M(1073M) 4.406ms
[134.077s][info][gc,cpu         ] GC(332) User=0.00s Sys=0.00s Real=0.00s
[134.535s][info][gc,start       ] GC(333) Pause Young (Normal) (G1 Evacuation Pause)
[134.535s][info][gc,task        ] GC(333) Using 33 workers of 33 for evacuation
[134.539s][info][gc,phases      ] GC(333)   Pre Evacuate Collection Set: 0.2ms
[134.539s][info][gc,phases      ] GC(333)   Merge Heap Roots: 0.2ms
[134.539s][info][gc,phases      ] GC(333)   Evacuate Collection Set: 0.4ms
[134.539s][info][gc,phases      ] GC(333)   Post Evacuate Collection Set: 3.2ms
[134.539s][info][gc,phases      ] GC(333)   Other: 0.1ms
[134.539s][info][gc,heap        ] GC(333) Eden regions: 641->0(641)
[134.539s][info][gc,heap        ] GC(333) Survivor regions: 2->2(81)
[134.539s][info][gc,heap        ] GC(333) Old regions: 31->31
[134.539s][info][gc,heap        ] GC(333) Archive regions: 0->0
[134.539s][info][gc,heap        ] GC(333) Humongous regions: 0->0
[134.539s][info][gc,metaspace   ] GC(333) Metaspace: 14274K(15040K)->14274K(15040K) NonClass: 12334K(12864K)->12334K(12864K) Class: 1939K(2176K)->1939K(2176K)
[134.539s][info][gc             ] GC(333) Pause Young (Normal) (G1 Evacuation Pause) 648M->7M(1073M) 4.308ms
[134.539s][info][gc,cpu         ] GC(333) User=0.00s Sys=0.00s Real=0.00s
[134.994s][info][gc,start       ] GC(334) Pause Young (Normal) (G1 Evacuation Pause)
[134.994s][info][gc,task        ] GC(334) Using 33 workers of 33 for evacuation
[134.998s][info][gc,phases      ] GC(334)   Pre Evacuate Collection Set: 0.2ms
[134.998s][info][gc,phases      ] GC(334)   Merge Heap Roots: 0.2ms
[134.999s][info][gc,phases      ] GC(334)   Evacuate Collection Set: 0.4ms
[134.999s][info][gc,phases      ] GC(334)   Post Evacuate Collection Set: 3.3ms
[134.999s][info][gc,phases      ] GC(334)   Other: 0.1ms
[134.999s][info][gc,heap        ] GC(334) Eden regions: 641->0(641)
[134.999s][info][gc,heap        ] GC(334) Survivor regions: 2->2(81)
[134.999s][info][gc,heap        ] GC(334) Old regions: 31->31
[134.999s][info][gc,heap        ] GC(334) Archive regions: 0->0
[134.999s][info][gc,heap        ] GC(334) Humongous regions: 0->0
[134.999s][info][gc,metaspace   ] GC(334) Metaspace: 14274K(15040K)->14274K(15040K) NonClass: 12334K(12864K)->12334K(12864K) Class: 1939K(2176K)->1939K(2176K)
[134.999s][info][gc             ] GC(334) Pause Young (Normal) (G1 Evacuation Pause) 648M->7M(1073M) 4.395ms
[134.999s][info][gc,cpu         ] GC(334) User=0.00s Sys=0.00s Real=0.00s
[135.447s][info][gc,start       ] GC(335) Pause Young (Normal) (G1 Evacuation Pause)
[135.447s][info][gc,task        ] GC(335) Using 33 workers of 33 for evacuation
[135.452s][info][gc,phases      ] GC(335)   Pre Evacuate Collection Set: 0.2ms
[135.452s][info][gc,phases      ] GC(335)   Merge Heap Roots: 0.2ms
[135.452s][info][gc,phases      ] GC(335)   Evacuate Collection Set: 0.4ms
[135.452s][info][gc,phases      ] GC(335)   Post Evacuate Collection Set: 3.4ms
[135.452s][info][gc,phases      ] GC(335)   Other: 0.1ms
[135.452s][info][gc,heap        ] GC(335) Eden regions: 641->0(641)
[135.452s][info][gc,heap        ] GC(335) Survivor regions: 2->2(81)
[135.452s][info][gc,heap        ] GC(335) Old regions: 31->31
[135.452s][info][gc,heap        ] GC(335) Archive regions: 0->0
[135.452s][info][gc,heap        ] GC(335) Humongous regions: 0->0
[135.452s][info][gc,metaspace   ] GC(335) Metaspace: 14274K(15040K)->14274K(15040K) NonClass: 12334K(12864K)->12334K(12864K) Class: 1939K(2176K)->1939K(2176K)
[135.452s][info][gc             ] GC(335) Pause Young (Normal) (G1 Evacuation Pause) 648M->8M(1073M) 4.479ms
[135.452s][info][gc,cpu         ] GC(335) User=0.00s Sys=0.00s Real=0.00s
[135.902s][info][gc,start       ] GC(336) Pause Young (Normal) (G1 Evacuation Pause)
[135.902s][info][gc,task        ] GC(336) Using 33 workers of 33 for evacuation
[135.907s][info][gc,phases      ] GC(336)   Pre Evacuate Collection Set: 0.2ms
[135.907s][info][gc,phases      ] GC(336)   Merge Heap Roots: 0.2ms
[135.907s][info][gc,phases      ] GC(336)   Evacuate Collection Set: 0.4ms
[135.907s][info][gc,phases      ] GC(336)   Post Evacuate Collection Set: 3.5ms
[135.907s][info][gc,phases      ] GC(336)   Other: 0.2ms
[135.907s][info][gc,heap        ] GC(336) Eden regions: 641->0(641)
[135.907s][info][gc,heap        ] GC(336) Survivor regions: 2->2(81)
[135.907s][info][gc,heap        ] GC(336) Old regions: 31->31
[135.907s][info][gc,heap        ] GC(336) Archive regions: 0->0
[135.907s][info][gc,heap        ] GC(336) Humongous regions: 0->0
[135.907s][info][gc,metaspace   ] GC(336) Metaspace: 14274K(15040K)->14274K(15040K) NonClass: 12334K(12864K)->12334K(12864K) Class: 1939K(2176K)->1939K(2176K)
[135.907s][info][gc             ] GC(336) Pause Young (Normal) (G1 Evacuation Pause) 649M->8M(1073M) 4.642ms
[135.907s][info][gc,cpu         ] GC(336) User=0.00s Sys=0.00s Real=0.00s
[136.357s][info][gc,start       ] GC(337) Pause Young (Normal) (G1 Evacuation Pause)
[136.357s][info][gc,task        ] GC(337) Using 33 workers of 33 for evacuation
[136.362s][info][gc,phases      ] GC(337)   Pre Evacuate Collection Set: 0.2ms
[136.362s][info][gc,phases      ] GC(337)   Merge Heap Roots: 0.2ms
[136.362s][info][gc,phases      ] GC(337)   Evacuate Collection Set: 0.4ms
[136.362s][info][gc,phases      ] GC(337)   Post Evacuate Collection Set: 3.6ms
[136.362s][info][gc,phases      ] GC(337)   Other: 0.1ms
[136.362s][info][gc,heap        ] GC(337) Eden regions: 641->0(641)
[136.362s][info][gc,heap        ] GC(337) Survivor regions: 2->2(81)
[136.362s][info][gc,heap        ] GC(337) Old regions: 31->31
[136.362s][info][gc,heap        ] GC(337) Archive regions: 0->0
[136.362s][info][gc,heap        ] GC(337) Humongous regions: 0->0
[136.362s][info][gc,metaspace   ] GC(337) Metaspace: 14274K(15040K)->14274K(15040K) NonClass: 12334K(12864K)->12334K(12864K) Class: 1939K(2176K)->1939K(2176K)
[136.362s][info][gc             ] GC(337) Pause Young (Normal) (G1 Evacuation Pause) 649M->8M(1073M) 4.726ms
[136.362s][info][gc,cpu         ] GC(337) User=0.00s Sys=0.00s Real=0.00s
[136.816s][info][gc,start       ] GC(338) Pause Young (Normal) (G1 Evacuation Pause)
[136.817s][info][gc,task        ] GC(338) Using 33 workers of 33 for evacuation
[136.821s][info][gc,phases      ] GC(338)   Pre Evacuate Collection Set: 0.2ms
[136.821s][info][gc,phases      ] GC(338)   Merge Heap Roots: 0.2ms
[136.821s][info][gc,phases      ] GC(338)   Evacuate Collection Set: 0.4ms
[136.821s][info][gc,phases      ] GC(338)   Post Evacuate Collection Set: 3.7ms
[136.821s][info][gc,phases      ] GC(338)   Other: 0.1ms
[136.821s][info][gc,heap        ] GC(338) Eden regions: 641->0(641)
[136.821s][info][gc,heap        ] GC(338) Survivor regions: 2->2(81)
[136.821s][info][gc,heap        ] GC(338) Old regions: 31->31
[136.821s][info][gc,heap        ] GC(338) Archive regions: 0->0
[136.821s][info][gc,heap        ] GC(338) Humongous regions: 0->0
[136.821s][info][gc,metaspace   ] GC(338) Metaspace: 14274K(15040K)->14274K(15040K) NonClass: 12334K(12864K)->12334K(12864K) Class: 1939K(2176K)->1939K(2176K)
[136.821s][info][gc             ] GC(338) Pause Young (Normal) (G1 Evacuation Pause) 649M->8M(1073M) 4.838ms
[136.821s][info][gc,cpu         ] GC(338) User=0.52s Sys=0.00s Real=0.00s
[137.277s][info][gc,start       ] GC(339) Pause Young (Normal) (G1 Evacuation Pause)
[137.277s][info][gc,task        ] GC(339) Using 33 workers of 33 for evacuation
[137.281s][info][gc,phases      ] GC(339)   Pre Evacuate Collection Set: 0.2ms
[137.281s][info][gc,phases      ] GC(339)   Merge Heap Roots: 0.2ms
[137.281s][info][gc,phases      ] GC(339)   Evacuate Collection Set: 0.4ms
[137.281s][info][gc,phases      ] GC(339)   Post Evacuate Collection Set: 3.5ms
[137.281s][info][gc,phases      ] GC(339)   Other: 0.1ms
[137.281s][info][gc,heap        ] GC(339) Eden regions: 641->0(641)
[137.281s][info][gc,heap        ] GC(339) Survivor regions: 2->2(81)
[137.281s][info][gc,heap        ] GC(339) Old regions: 31->32
[137.281s][info][gc,heap        ] GC(339) Archive regions: 0->0
[137.281s][info][gc,heap        ] GC(339) Humongous regions: 0->0
[137.281s][info][gc,metaspace   ] GC(339) Metaspace: 14274K(15040K)->14274K(15040K) NonClass: 12334K(12864K)->12334K(12864K) Class: 1939K(2176K)->1939K(2176K)
[137.281s][info][gc             ] GC(339) Pause Young (Normal) (G1 Evacuation Pause) 649M->8M(1073M) 4.631ms
[137.281s][info][gc,cpu         ] GC(339) User=0.00s Sys=0.00s Real=0.00s
[137.683s][info][gc,start       ] GC(340) Pause Young (Normal) (G1 Evacuation Pause)
[137.684s][info][gc,task        ] GC(340) Using 33 workers of 33 for evacuation
[137.688s][info][gc,phases      ] GC(340)   Pre Evacuate Collection Set: 0.2ms
[137.688s][info][gc,phases      ] GC(340)   Merge Heap Roots: 0.3ms
[137.688s][info][gc,phases      ] GC(340)   Evacuate Collection Set: 0.4ms
[137.688s][info][gc,phases      ] GC(340)   Post Evacuate Collection Set: 3.5ms
[137.688s][info][gc,phases      ] GC(340)   Other: 0.1ms
[137.688s][info][gc,heap        ] GC(340) Eden regions: 641->0(641)
[137.688s][info][gc,heap        ] GC(340) Survivor regions: 2->2(81)
[137.688s][info][gc,heap        ] GC(340) Old regions: 32->32
[137.688s][info][gc,heap        ] GC(340) Archive regions: 0->0
[137.688s][info][gc,heap        ] GC(340) Humongous regions: 0->0
[137.688s][info][gc,metaspace   ] GC(340) Metaspace: 14274K(15040K)->14274K(15040K) NonClass: 12334K(12864K)->12334K(12864K) Class: 1939K(2176K)->1939K(2176K)
[137.688s][info][gc             ] GC(340) Pause Young (Normal) (G1 Evacuation Pause) 649M->8M(1073M) 4.703ms
[137.688s][info][gc,cpu         ] GC(340) User=0.00s Sys=0.00s Real=0.00s
[138.073s][info][gc,start       ] GC(341) Pause Full (System.gc())
[138.073s][info][gc,task        ] GC(341) Using 29 workers of 33 for full compaction
[138.074s][info][gc,phases,start] GC(341) Phase 1: Mark live objects
[138.082s][info][gc,phases      ] GC(341) Phase 1: Mark live objects 8.306ms
[138.082s][info][gc,phases,start] GC(341) Phase 2: Prepare compaction
[138.083s][info][gc,phases      ] GC(341) Phase 2: Prepare compaction 1.217ms
[138.084s][info][gc,phases,start] GC(341) Phase 3: Adjust pointers
[138.089s][info][gc,phases      ] GC(341) Phase 3: Adjust pointers 5.811ms
[138.089s][info][gc,phases,start] GC(341) Phase 4: Compact heap
[138.090s][info][gc,phases      ] GC(341) Phase 4: Compact heap 0.549ms
[138.097s][info][gc,heap        ] GC(341) Eden regions: 412->0(58)
[138.097s][info][gc,heap        ] GC(341) Survivor regions: 2->0(81)
[138.097s][info][gc,heap        ] GC(341) Old regions: 32->29
[138.097s][info][gc,heap        ] GC(341) Archive regions: 0->0
[138.097s][info][gc,heap        ] GC(341) Humongous regions: 0->0
[138.097s][info][gc,metaspace   ] GC(341) Metaspace: 14274K(15040K)->14274K(15040K) NonClass: 12334K(12864K)->12334K(12864K) Class: 1939K(2176K)->1939K(2176K)
[138.097s][info][gc             ] GC(341) Pause Full (System.gc()) 419M->5M(97M) 23.927ms
[138.097s][info][gc,cpu         ] GC(341) User=0.05s Sys=0.00s Real=0.02s
[138.144s][info][gc,start       ] GC(342) Pause Young (Normal) (G1 Evacuation Pause)
[138.144s][info][gc,task        ] GC(342) Using 33 workers of 33 for evacuation
[138.147s][info][gc,phases      ] GC(342)   Pre Evacuate Collection Set: 0.1ms
[138.147s][info][gc,phases      ] GC(342)   Merge Heap Roots: 0.1ms
[138.147s][info][gc,phases      ] GC(342)   Evacuate Collection Set: 0.5ms
[138.147s][info][gc,phases      ] GC(342)   Post Evacuate Collection Set: 2.7ms
[138.147s][info][gc,phases      ] GC(342)   Other: 0.1ms
[138.147s][info][gc,heap        ] GC(342) Eden regions: 58->0(56)
[138.147s][info][gc,heap        ] GC(342) Survivor regions: 0->2(8)
[138.147s][info][gc,heap        ] GC(342) Old regions: 29->29
[138.147s][info][gc,heap        ] GC(342) Archive regions: 0->0
[138.147s][info][gc,heap        ] GC(342) Humongous regions: 0->0
[138.147s][info][gc,metaspace   ] GC(342) Metaspace: 14274K(15040K)->14274K(15040K) NonClass: 12335K(12864K)->12335K(12864K) Class: 1939K(2176K)->1939K(2176K)
[138.147s][info][gc             ] GC(342) Pause Young (Normal) (G1 Evacuation Pause) 63M->6M(97M) 3.649ms
[138.147s][info][gc,cpu         ] GC(342) User=0.00s Sys=0.00s Real=0.00s
[138.185s][info][gc,start       ] GC(343) Pause Young (Normal) (G1 Evacuation Pause)
[138.185s][info][gc,task        ] GC(343) Using 33 workers of 33 for evacuation
[138.188s][info][gc,phases      ] GC(343)   Pre Evacuate Collection Set: 0.1ms
[138.188s][info][gc,phases      ] GC(343)   Merge Heap Roots: 0.1ms
[138.188s][info][gc,phases      ] GC(343)   Evacuate Collection Set: 0.5ms
[138.188s][info][gc,phases      ] GC(343)   Post Evacuate Collection Set: 2.4ms
[138.188s][info][gc,phases      ] GC(343)   Other: 0.1ms
[138.188s][info][gc,heap        ] GC(343) Eden regions: 56->0(56)
[138.188s][info][gc,heap        ] GC(343) Survivor regions: 2->2(8)
[138.188s][info][gc,heap        ] GC(343) Old regions: 29->29
[138.188s][info][gc,heap        ] GC(343) Archive regions: 0->0
[138.188s][info][gc,heap        ] GC(343) Humongous regions: 0->0
[138.188s][info][gc,metaspace   ] GC(343) Metaspace: 14274K(15040K)->14274K(15040K) NonClass: 12335K(12864K)->12335K(12864K) Class: 1939K(2176K)->1939K(2176K)
[138.188s][info][gc             ] GC(343) Pause Young (Normal) (G1 Evacuation Pause) 62M->6M(97M) 3.332ms
[138.188s][info][gc,cpu         ] GC(343) User=0.00s Sys=0.00s Real=0.00s
[138.226s][info][gc,start       ] GC(344) Pause Young (Normal) (G1 Evacuation Pause)
[138.226s][info][gc,task        ] GC(344) Using 33 workers of 33 for evacuation
[138.230s][info][gc,phases      ] GC(344)   Pre Evacuate Collection Set: 0.1ms
[138.230s][info][gc,phases      ] GC(344)   Merge Heap Roots: 0.1ms
[138.230s][info][gc,phases      ] GC(344)   Evacuate Collection Set: 0.4ms
[138.230s][info][gc,phases      ] GC(344)   Post Evacuate Collection Set: 2.5ms
[138.230s][info][gc,phases      ] GC(344)   Other: 0.1ms
[138.230s][info][gc,heap        ] GC(344) Eden regions: 56->0(56)
[138.230s][info][gc,heap        ] GC(344) Survivor regions: 2->2(8)
[138.230s][info][gc,heap        ] GC(344) Old regions: 29->29
[138.230s][info][gc,heap        ] GC(344) Archive regions: 0->0
[138.230s][info][gc,heap        ] GC(344) Humongous regions: 0->0
[138.230s][info][gc,metaspace   ] GC(344) Metaspace: 14274K(15040K)->14274K(15040K) NonClass: 12335K(12864K)->12335K(12864K) Class: 1939K(2176K)->1939K(2176K)
[138.230s][info][gc             ] GC(344) Pause Young (Normal) (G1 Evacuation Pause) 62M->6M(97M) 3.365ms
[138.230s][info][gc,cpu         ] GC(344) User=0.00s Sys=0.00s Real=0.00s
[138.283s][info][gc,start       ] GC(345) Pause Young (Normal) (G1 Evacuation Pause)
[138.283s][info][gc,task        ] GC(345) Using 33 workers of 33 for evacuation
[138.294s][info][gc,phases      ] GC(345)   Pre Evacuate Collection Set: 0.1ms
[138.294s][info][gc,phases      ] GC(345)   Merge Heap Roots: 0.1ms
[138.294s][info][gc,phases      ] GC(345)   Evacuate Collection Set: 0.5ms
[138.294s][info][gc,phases      ] GC(345)   Post Evacuate Collection Set: 10.1ms
[138.294s][info][gc,phases      ] GC(345)   Other: 0.1ms
[138.294s][info][gc,heap        ] GC(345) Eden regions: 56->0(641)
[138.294s][info][gc,heap        ] GC(345) Survivor regions: 2->2(8)
[138.294s][info][gc,heap        ] GC(345) Old regions: 29->29
[138.294s][info][gc,heap        ] GC(345) Archive regions: 0->0
[138.294s][info][gc,heap        ] GC(345) Humongous regions: 0->0
[138.294s][info][gc,metaspace   ] GC(345) Metaspace: 14274K(15040K)->14274K(15040K) NonClass: 12335K(12864K)->12335K(12864K) Class: 1939K(2176K)->1939K(2176K)
[138.294s][info][gc             ] GC(345) Pause Young (Normal) (G1 Evacuation Pause) 62M->6M(1073M) 11.271ms
[138.294s][info][gc,cpu         ] GC(345) User=0.02s Sys=0.00s Real=0.02s
[138.746s][info][gc,start       ] GC(346) Pause Young (Normal) (G1 Evacuation Pause)
[138.746s][info][gc,task        ] GC(346) Using 33 workers of 33 for evacuation
[138.752s][info][gc,phases      ] GC(346)   Pre Evacuate Collection Set: 0.2ms
[138.752s][info][gc,phases      ] GC(346)   Merge Heap Roots: 0.2ms
[138.752s][info][gc,phases      ] GC(346)   Evacuate Collection Set: 2.3ms
[138.752s][info][gc,phases      ] GC(346)   Post Evacuate Collection Set: 3.4ms
[138.752s][info][gc,phases      ] GC(346)   Other: 0.1ms
[138.752s][info][gc,heap        ] GC(346) Eden regions: 641->0(641)
[138.752s][info][gc,heap        ] GC(346) Survivor regions: 2->2(81)
[138.752s][info][gc,heap        ] GC(346) Old regions: 29->29
[138.752s][info][gc,heap        ] GC(346) Archive regions: 0->0
[138.752s][info][gc,heap        ] GC(346) Humongous regions: 0->0
[138.752s][info][gc,metaspace   ] GC(346) Metaspace: 14274K(15040K)->14274K(15040K) NonClass: 12335K(12864K)->12335K(12864K) Class: 1939K(2176K)->1939K(2176K)
[138.752s][info][gc             ] GC(346) Pause Young (Normal) (G1 Evacuation Pause) 647M->6M(1073M) 6.347ms
[138.752s][info][gc,cpu         ] GC(346) User=0.00s Sys=0.00s Real=0.01s
[139.195s][info][gc,start       ] GC(347) Pause Young (Normal) (G1 Evacuation Pause)
[139.195s][info][gc,task        ] GC(347) Using 33 workers of 33 for evacuation
[139.201s][info][gc,phases      ] GC(347)   Pre Evacuate Collection Set: 0.2ms
[139.201s][info][gc,phases      ] GC(347)   Merge Heap Roots: 0.2ms
[139.201s][info][gc,phases      ] GC(347)   Evacuate Collection Set: 1.8ms
[139.201s][info][gc,phases      ] GC(347)   Post Evacuate Collection Set: 3.5ms
[139.201s][info][gc,phases      ] GC(347)   Other: 0.1ms
[139.201s][info][gc,heap        ] GC(347) Eden regions: 641->0(641)
[139.201s][info][gc,heap        ] GC(347) Survivor regions: 2->2(81)
[139.201s][info][gc,heap        ] GC(347) Old regions: 29->29
[139.201s][info][gc,heap        ] GC(347) Archive regions: 0->0
[139.201s][info][gc,heap        ] GC(347) Humongous regions: 0->0
[139.201s][info][gc,metaspace   ] GC(347) Metaspace: 14274K(15040K)->14274K(15040K) NonClass: 12335K(12864K)->12335K(12864K) Class: 1939K(2176K)->1939K(2176K)
[139.201s][info][gc             ] GC(347) Pause Young (Normal) (G1 Evacuation Pause) 647M->6M(1073M) 6.018ms
[139.201s][info][gc,cpu         ] GC(347) User=0.00s Sys=0.00s Real=0.01s
[139.648s][info][gc,start       ] GC(348) Pause Young (Normal) (G1 Evacuation Pause)
[139.649s][info][gc,task        ] GC(348) Using 33 workers of 33 for evacuation
[139.653s][info][gc,phases      ] GC(348)   Pre Evacuate Collection Set: 0.2ms
[139.653s][info][gc,phases      ] GC(348)   Merge Heap Roots: 0.2ms
[139.653s][info][gc,phases      ] GC(348)   Evacuate Collection Set: 0.5ms
[139.653s][info][gc,phases      ] GC(348)   Post Evacuate Collection Set: 3.6ms
[139.653s][info][gc,phases      ] GC(348)   Other: 0.1ms
[139.653s][info][gc,heap        ] GC(348) Eden regions: 641->0(641)
[139.653s][info][gc,heap        ] GC(348) Survivor regions: 2->2(81)
[139.653s][info][gc,heap        ] GC(348) Old regions: 29->29
[139.653s][info][gc,heap        ] GC(348) Archive regions: 0->0
[139.653s][info][gc,heap        ] GC(348) Humongous regions: 0->0
[139.653s][info][gc,metaspace   ] GC(348) Metaspace: 14274K(15040K)->14274K(15040K) NonClass: 12335K(12864K)->12335K(12864K) Class: 1939K(2176K)->1939K(2176K)
[139.653s][info][gc             ] GC(348) Pause Young (Normal) (G1 Evacuation Pause) 647M->6M(1073M) 4.787ms
[139.653s][info][gc,cpu         ] GC(348) User=0.00s Sys=0.00s Real=0.01s
[140.109s][info][gc,start       ] GC(349) Pause Young (Normal) (G1 Evacuation Pause)
[140.109s][info][gc,task        ] GC(349) Using 33 workers of 33 for evacuation
[140.114s][info][gc,phases      ] GC(349)   Pre Evacuate Collection Set: 0.2ms
[140.114s][info][gc,phases      ] GC(349)   Merge Heap Roots: 0.2ms
[140.114s][info][gc,phases      ] GC(349)   Evacuate Collection Set: 0.6ms
[140.114s][info][gc,phases      ] GC(349)   Post Evacuate Collection Set: 3.5ms
[140.114s][info][gc,phases      ] GC(349)   Other: 0.1ms
[140.114s][info][gc,heap        ] GC(349) Eden regions: 641->0(641)
[140.114s][info][gc,heap        ] GC(349) Survivor regions: 2->2(81)
[140.114s][info][gc,heap        ] GC(349) Old regions: 29->29
[140.114s][info][gc,heap        ] GC(349) Archive regions: 0->0
[140.114s][info][gc,heap        ] GC(349) Humongous regions: 0->0
[140.114s][info][gc,metaspace   ] GC(349) Metaspace: 14274K(15040K)->14274K(15040K) NonClass: 12335K(12864K)->12335K(12864K) Class: 1939K(2176K)->1939K(2176K)
[140.114s][info][gc             ] GC(349) Pause Young (Normal) (G1 Evacuation Pause) 647M->7M(1073M) 4.795ms
[140.114s][info][gc,cpu         ] GC(349) User=0.00s Sys=0.00s Real=0.00s
[140.559s][info][gc,start       ] GC(350) Pause Young (Normal) (G1 Evacuation Pause)
[140.559s][info][gc,task        ] GC(350) Using 33 workers of 33 for evacuation
[140.564s][info][gc,phases      ] GC(350)   Pre Evacuate Collection Set: 0.2ms
[140.564s][info][gc,phases      ] GC(350)   Merge Heap Roots: 0.2ms
[140.564s][info][gc,phases      ] GC(350)   Evacuate Collection Set: 0.6ms
[140.564s][info][gc,phases      ] GC(350)   Post Evacuate Collection Set: 3.3ms
[140.564s][info][gc,phases      ] GC(350)   Other: 0.1ms
[140.564s][info][gc,heap        ] GC(350) Eden regions: 641->0(641)
[140.564s][info][gc,heap        ] GC(350) Survivor regions: 2->2(81)
[140.564s][info][gc,heap        ] GC(350) Old regions: 29->29
[140.564s][info][gc,heap        ] GC(350) Archive regions: 0->0
[140.564s][info][gc,heap        ] GC(350) Humongous regions: 0->0
[140.564s][info][gc,metaspace   ] GC(350) Metaspace: 14274K(15040K)->14274K(15040K) NonClass: 12335K(12864K)->12335K(12864K) Class: 1939K(2176K)->1939K(2176K)
[140.564s][info][gc             ] GC(350) Pause Young (Normal) (G1 Evacuation Pause) 648M->7M(1073M) 4.614ms
[140.564s][info][gc,cpu         ] GC(350) User=0.00s Sys=0.00s Real=0.00s
[141.020s][info][gc,start       ] GC(351) Pause Young (Normal) (G1 Evacuation Pause)
[141.020s][info][gc,task        ] GC(351) Using 33 workers of 33 for evacuation
[141.024s][info][gc,phases      ] GC(351)   Pre Evacuate Collection Set: 0.2ms
[141.024s][info][gc,phases      ] GC(351)   Merge Heap Roots: 0.2ms
[141.024s][info][gc,phases      ] GC(351)   Evacuate Collection Set: 0.5ms
[141.024s][info][gc,phases      ] GC(351)   Post Evacuate Collection Set: 3.2ms
[141.024s][info][gc,phases      ] GC(351)   Other: 0.1ms
[141.024s][info][gc,heap        ] GC(351) Eden regions: 641->0(641)
[141.024s][info][gc,heap        ] GC(351) Survivor regions: 2->2(81)
[141.024s][info][gc,heap        ] GC(351) Old regions: 29->29
[141.024s][info][gc,heap        ] GC(351) Archive regions: 0->0
[141.024s][info][gc,heap        ] GC(351) Humongous regions: 0->0
[141.024s][info][gc,metaspace   ] GC(351) Metaspace: 14274K(15040K)->14274K(15040K) NonClass: 12335K(12864K)->12335K(12864K) Class: 1939K(2176K)->1939K(2176K)
[141.024s][info][gc             ] GC(351) Pause Young (Normal) (G1 Evacuation Pause) 648M->7M(1073M) 4.442ms
[141.024s][info][gc,cpu         ] GC(351) User=0.52s Sys=0.00s Real=0.00s
[141.472s][info][gc,start       ] GC(352) Pause Young (Normal) (G1 Evacuation Pause)
[141.472s][info][gc,task        ] GC(352) Using 33 workers of 33 for evacuation
[141.476s][info][gc,phases      ] GC(352)   Pre Evacuate Collection Set: 0.2ms
[141.476s][info][gc,phases      ] GC(352)   Merge Heap Roots: 0.2ms
[141.476s][info][gc,phases      ] GC(352)   Evacuate Collection Set: 0.5ms
[141.476s][info][gc,phases      ] GC(352)   Post Evacuate Collection Set: 3.3ms
[141.476s][info][gc,phases      ] GC(352)   Other: 0.1ms
[141.477s][info][gc,heap        ] GC(352) Eden regions: 641->0(641)
[141.477s][info][gc,heap        ] GC(352) Survivor regions: 2->2(81)
[141.477s][info][gc,heap        ] GC(352) Old regions: 29->29
[141.477s][info][gc,heap        ] GC(352) Archive regions: 0->0
[141.477s][info][gc,heap        ] GC(352) Humongous regions: 0->0
[141.477s][info][gc,metaspace   ] GC(352) Metaspace: 14274K(15040K)->14274K(15040K) NonClass: 12335K(12864K)->12335K(12864K) Class: 1939K(2176K)->1939K(2176K)
[141.477s][info][gc             ] GC(352) Pause Young (Normal) (G1 Evacuation Pause) 648M->7M(1073M) 4.557ms
[141.477s][info][gc,cpu         ] GC(352) User=0.52s Sys=0.00s Real=0.00s
[141.925s][info][gc,start       ] GC(353) Pause Young (Normal) (G1 Evacuation Pause)
[141.925s][info][gc,task        ] GC(353) Using 33 workers of 33 for evacuation
[141.929s][info][gc,phases      ] GC(353)   Pre Evacuate Collection Set: 0.2ms
[141.929s][info][gc,phases      ] GC(353)   Merge Heap Roots: 0.2ms
[141.929s][info][gc,phases      ] GC(353)   Evacuate Collection Set: 0.6ms
[141.929s][info][gc,phases      ] GC(353)   Post Evacuate Collection Set: 3.5ms
[141.929s][info][gc,phases      ] GC(353)   Other: 0.1ms
[141.929s][info][gc,heap        ] GC(353) Eden regions: 641->0(640)
[141.929s][info][gc,heap        ] GC(353) Survivor regions: 2->3(81)
[141.929s][info][gc,heap        ] GC(353) Old regions: 29->29
[141.929s][info][gc,heap        ] GC(353) Archive regions: 0->0
[141.929s][info][gc,heap        ] GC(353) Humongous regions: 0->0
[141.929s][info][gc,metaspace   ] GC(353) Metaspace: 14274K(15040K)->14274K(15040K) NonClass: 12335K(12864K)->12335K(12864K) Class: 1939K(2176K)->1939K(2176K)
[141.929s][info][gc             ] GC(353) Pause Young (Normal) (G1 Evacuation Pause) 648M->7M(1073M) 4.753ms
[141.929s][info][gc,cpu         ] GC(353) User=0.03s Sys=0.00s Real=0.01s
[142.373s][info][gc,start       ] GC(354) Pause Young (Normal) (G1 Evacuation Pause)
[142.373s][info][gc,task        ] GC(354) Using 33 workers of 33 for evacuation
[142.378s][info][gc,phases      ] GC(354)   Pre Evacuate Collection Set: 0.2ms
[142.378s][info][gc,phases      ] GC(354)   Merge Heap Roots: 0.2ms
[142.378s][info][gc,phases      ] GC(354)   Evacuate Collection Set: 0.7ms
[142.378s][info][gc,phases      ] GC(354)   Post Evacuate Collection Set: 3.6ms
[142.378s][info][gc,phases      ] GC(354)   Other: 0.1ms
[142.378s][info][gc,heap        ] GC(354) Eden regions: 640->0(640)
[142.378s][info][gc,heap        ] GC(354) Survivor regions: 3->3(81)
[142.378s][info][gc,heap        ] GC(354) Old regions: 29->29
[142.378s][info][gc,heap        ] GC(354) Archive regions: 0->0
[142.378s][info][gc,heap        ] GC(354) Humongous regions: 0->0
[142.378s][info][gc,metaspace   ] GC(354) Metaspace: 14274K(15040K)->14274K(15040K) NonClass: 12335K(12864K)->12335K(12864K) Class: 1939K(2176K)->1939K(2176K)
[142.378s][info][gc             ] GC(354) Pause Young (Normal) (G1 Evacuation Pause) 647M->7M(1073M) 5.033ms
[142.378s][info][gc,cpu         ] GC(354) User=0.00s Sys=0.00s Real=0.00s
[142.821s][info][gc,start       ] GC(355) Pause Young (Normal) (G1 Evacuation Pause)
[142.821s][info][gc,task        ] GC(355) Using 33 workers of 33 for evacuation
[142.826s][info][gc,phases      ] GC(355)   Pre Evacuate Collection Set: 0.2ms
[142.826s][info][gc,phases      ] GC(355)   Merge Heap Roots: 0.2ms
[142.826s][info][gc,phases      ] GC(355)   Evacuate Collection Set: 0.6ms
[142.826s][info][gc,phases      ] GC(355)   Post Evacuate Collection Set: 3.6ms
[142.826s][info][gc,phases      ] GC(355)   Other: 0.1ms
[142.826s][info][gc,heap        ] GC(355) Eden regions: 640->0(640)
[142.826s][info][gc,heap        ] GC(355) Survivor regions: 3->3(81)
[142.826s][info][gc,heap        ] GC(355) Old regions: 29->29
[142.826s][info][gc,heap        ] GC(355) Archive regions: 0->0
[142.826s][info][gc,heap        ] GC(355) Humongous regions: 0->0
[142.826s][info][gc,metaspace   ] GC(355) Metaspace: 14274K(15040K)->14274K(15040K) NonClass: 12335K(12864K)->12335K(12864K) Class: 1939K(2176K)->1939K(2176K)
[142.826s][info][gc             ] GC(355) Pause Young (Normal) (G1 Evacuation Pause) 647M->7M(1073M) 4.846ms
[142.826s][info][gc,cpu         ] GC(355) User=0.00s Sys=0.00s Real=0.00s
[143.287s][info][gc,start       ] GC(356) Pause Young (Normal) (G1 Evacuation Pause)
[143.287s][info][gc,task        ] GC(356) Using 33 workers of 33 for evacuation
[143.291s][info][gc,phases      ] GC(356)   Pre Evacuate Collection Set: 0.2ms
[143.291s][info][gc,phases      ] GC(356)   Merge Heap Roots: 0.2ms
[143.291s][info][gc,phases      ] GC(356)   Evacuate Collection Set: 0.5ms
[143.291s][info][gc,phases      ] GC(356)   Post Evacuate Collection Set: 3.2ms
[143.291s][info][gc,phases      ] GC(356)   Other: 0.1ms
[143.291s][info][gc,heap        ] GC(356) Eden regions: 640->0(640)
[143.291s][info][gc,heap        ] GC(356) Survivor regions: 3->3(81)
[143.291s][info][gc,heap        ] GC(356) Old regions: 29->29
[143.291s][info][gc,heap        ] GC(356) Archive regions: 0->0
[143.291s][info][gc,heap        ] GC(356) Humongous regions: 0->0
[143.291s][info][gc,metaspace   ] GC(356) Metaspace: 14274K(15040K)->14274K(15040K) NonClass: 12335K(12864K)->12335K(12864K) Class: 1939K(2176K)->1939K(2176K)
[143.291s][info][gc             ] GC(356) Pause Young (Normal) (G1 Evacuation Pause) 647M->7M(1073M) 4.461ms
[143.291s][info][gc,cpu         ] GC(356) User=0.52s Sys=0.00s Real=0.00s
[143.729s][info][gc,start       ] GC(357) Pause Young (Normal) (G1 Evacuation Pause)
[143.730s][info][gc,task        ] GC(357) Using 33 workers of 33 for evacuation
[143.734s][info][gc,phases      ] GC(357)   Pre Evacuate Collection Set: 0.2ms
[143.734s][info][gc,phases      ] GC(357)   Merge Heap Roots: 0.2ms
[143.734s][info][gc,phases      ] GC(357)   Evacuate Collection Set: 0.5ms
[143.734s][info][gc,phases      ] GC(357)   Post Evacuate Collection Set: 3.3ms
[143.734s][info][gc,phases      ] GC(357)   Other: 0.1ms
[143.734s][info][gc,heap        ] GC(357) Eden regions: 640->0(642)
[143.734s][info][gc,heap        ] GC(357) Survivor regions: 3->1(81)
[143.734s][info][gc,heap        ] GC(357) Old regions: 29->31
[143.734s][info][gc,heap        ] GC(357) Archive regions: 0->0
[143.734s][info][gc,heap        ] GC(357) Humongous regions: 0->0
[143.734s][info][gc,metaspace   ] GC(357) Metaspace: 14274K(15040K)->14274K(15040K) NonClass: 12335K(12864K)->12335K(12864K) Class: 1939K(2176K)->1939K(2176K)
[143.734s][info][gc             ] GC(357) Pause Young (Normal) (G1 Evacuation Pause) 647M->7M(1073M) 4.538ms
[143.734s][info][gc,cpu         ] GC(357) User=0.00s Sys=0.00s Real=0.01s
[144.192s][info][gc,start       ] GC(358) Pause Young (Normal) (G1 Evacuation Pause)
[144.192s][info][gc,task        ] GC(358) Using 33 workers of 33 for evacuation
[144.196s][info][gc,phases      ] GC(358)   Pre Evacuate Collection Set: 0.2ms
[144.196s][info][gc,phases      ] GC(358)   Merge Heap Roots: 0.2ms
[144.196s][info][gc,phases      ] GC(358)   Evacuate Collection Set: 0.4ms
[144.196s][info][gc,phases      ] GC(358)   Post Evacuate Collection Set: 3.2ms
[144.196s][info][gc,phases      ] GC(358)   Other: 0.1ms
[144.196s][info][gc,heap        ] GC(358) Eden regions: 642->0(642)
[144.197s][info][gc,heap        ] GC(358) Survivor regions: 1->1(81)
[144.197s][info][gc,heap        ] GC(358) Old regions: 31->31
[144.197s][info][gc,heap        ] GC(358) Archive regions: 0->0
[144.197s][info][gc,heap        ] GC(358) Humongous regions: 0->0
[144.197s][info][gc,metaspace   ] GC(358) Metaspace: 14274K(15040K)->14274K(15040K) NonClass: 12335K(12864K)->12335K(12864K) Class: 1939K(2176K)->1939K(2176K)
[144.197s][info][gc             ] GC(358) Pause Young (Normal) (G1 Evacuation Pause) 649M->7M(1073M) 4.399ms
[144.197s][info][gc,cpu         ] GC(358) User=0.52s Sys=0.00s Real=0.00s
[144.649s][info][gc,start       ] GC(359) Pause Young (Normal) (G1 Evacuation Pause)
[144.649s][info][gc,task        ] GC(359) Using 33 workers of 33 for evacuation
[144.653s][info][gc,phases      ] GC(359)   Pre Evacuate Collection Set: 0.2ms
[144.653s][info][gc,phases      ] GC(359)   Merge Heap Roots: 0.2ms
[144.653s][info][gc,phases      ] GC(359)   Evacuate Collection Set: 0.4ms
[144.653s][info][gc,phases      ] GC(359)   Post Evacuate Collection Set: 3.4ms
[144.653s][info][gc,phases      ] GC(359)   Other: 0.1ms
[144.654s][info][gc,heap        ] GC(359) Eden regions: 642->0(641)
[144.654s][info][gc,heap        ] GC(359) Survivor regions: 1->2(81)
[144.654s][info][gc,heap        ] GC(359) Old regions: 31->31
[144.654s][info][gc,heap        ] GC(359) Archive regions: 0->0
[144.654s][info][gc,heap        ] GC(359) Humongous regions: 0->0
[144.654s][info][gc,metaspace   ] GC(359) Metaspace: 14274K(15040K)->14274K(15040K) NonClass: 12335K(12864K)->12335K(12864K) Class: 1939K(2176K)->1939K(2176K)
[144.654s][info][gc             ] GC(359) Pause Young (Normal) (G1 Evacuation Pause) 649M->7M(1073M) 4.568ms
[144.654s][info][gc,cpu         ] GC(359) User=0.00s Sys=0.00s Real=0.01s
[145.106s][info][gc,start       ] GC(360) Pause Young (Normal) (G1 Evacuation Pause)
[145.106s][info][gc,task        ] GC(360) Using 33 workers of 33 for evacuation
[145.110s][info][gc,phases      ] GC(360)   Pre Evacuate Collection Set: 0.2ms
[145.110s][info][gc,phases      ] GC(360)   Merge Heap Roots: 0.2ms
[145.110s][info][gc,phases      ] GC(360)   Evacuate Collection Set: 0.3ms
[145.110s][info][gc,phases      ] GC(360)   Post Evacuate Collection Set: 3.5ms
[145.110s][info][gc,phases      ] GC(360)   Other: 0.1ms
[145.110s][info][gc,heap        ] GC(360) Eden regions: 641->0(641)
[145.110s][info][gc,heap        ] GC(360) Survivor regions: 2->2(81)
[145.110s][info][gc,heap        ] GC(360) Old regions: 31->31
[145.110s][info][gc,heap        ] GC(360) Archive regions: 0->0
[145.110s][info][gc,heap        ] GC(360) Humongous regions: 0->0
[145.110s][info][gc,metaspace   ] GC(360) Metaspace: 14274K(15040K)->14274K(15040K) NonClass: 12335K(12864K)->12335K(12864K) Class: 1939K(2176K)->1939K(2176K)
[145.110s][info][gc             ] GC(360) Pause Young (Normal) (G1 Evacuation Pause) 648M->7M(1073M) 4.589ms
[145.110s][info][gc,cpu         ] GC(360) User=0.00s Sys=0.00s Real=0.00s
[145.584s][info][gc,start       ] GC(361) Pause Young (Normal) (G1 Evacuation Pause)
[145.584s][info][gc,task        ] GC(361) Using 33 workers of 33 for evacuation
[145.589s][info][gc,phases      ] GC(361)   Pre Evacuate Collection Set: 0.2ms
[145.589s][info][gc,phases      ] GC(361)   Merge Heap Roots: 0.3ms
[145.589s][info][gc,phases      ] GC(361)   Evacuate Collection Set: 0.4ms
[145.589s][info][gc,phases      ] GC(361)   Post Evacuate Collection Set: 4.0ms
[145.589s][info][gc,phases      ] GC(361)   Other: 0.1ms
[145.589s][info][gc,heap        ] GC(361) Eden regions: 641->0(641)
[145.589s][info][gc,heap        ] GC(361) Survivor regions: 2->2(81)
[145.589s][info][gc,heap        ] GC(361) Old regions: 31->31
[145.589s][info][gc,heap        ] GC(361) Archive regions: 0->0
[145.589s][info][gc,heap        ] GC(361) Humongous regions: 0->0
[145.589s][info][gc,metaspace   ] GC(361) Metaspace: 14274K(15040K)->14274K(15040K) NonClass: 12335K(12864K)->12335K(12864K) Class: 1939K(2176K)->1939K(2176K)
[145.589s][info][gc             ] GC(361) Pause Young (Normal) (G1 Evacuation Pause) 648M->7M(1073M) 5.416ms
[145.589s][info][gc,cpu         ] GC(361) User=0.00s Sys=0.00s Real=0.00s
[146.058s][info][gc,start       ] GC(362) Pause Young (Normal) (G1 Evacuation Pause)
[146.058s][info][gc,task        ] GC(362) Using 33 workers of 33 for evacuation
[146.062s][info][gc,phases      ] GC(362)   Pre Evacuate Collection Set: 0.2ms
[146.062s][info][gc,phases      ] GC(362)   Merge Heap Roots: 0.2ms
[146.062s][info][gc,phases      ] GC(362)   Evacuate Collection Set: 0.4ms
[146.062s][info][gc,phases      ] GC(362)   Post Evacuate Collection Set: 3.2ms
[146.062s][info][gc,phases      ] GC(362)   Other: 0.1ms
[146.062s][info][gc,heap        ] GC(362) Eden regions: 641->0(641)
[146.062s][info][gc,heap        ] GC(362) Survivor regions: 2->2(81)
[146.062s][info][gc,heap        ] GC(362) Old regions: 31->31
[146.062s][info][gc,heap        ] GC(362) Archive regions: 0->0
[146.062s][info][gc,heap        ] GC(362) Humongous regions: 0->0
[146.062s][info][gc,metaspace   ] GC(362) Metaspace: 14274K(15040K)->14274K(15040K) NonClass: 12335K(12864K)->12335K(12864K) Class: 1939K(2176K)->1939K(2176K)
[146.062s][info][gc             ] GC(362) Pause Young (Normal) (G1 Evacuation Pause) 648M->7M(1073M) 4.289ms
[146.062s][info][gc,cpu         ] GC(362) User=0.00s Sys=0.00s Real=0.00s
[146.510s][info][gc,start       ] GC(363) Pause Young (Normal) (G1 Evacuation Pause)
[146.510s][info][gc,task        ] GC(363) Using 33 workers of 33 for evacuation
[146.514s][info][gc,phases      ] GC(363)   Pre Evacuate Collection Set: 0.2ms
[146.514s][info][gc,phases      ] GC(363)   Merge Heap Roots: 0.2ms
[146.514s][info][gc,phases      ] GC(363)   Evacuate Collection Set: 0.4ms
[146.514s][info][gc,phases      ] GC(363)   Post Evacuate Collection Set: 3.4ms
[146.514s][info][gc,phases      ] GC(363)   Other: 0.1ms
[146.514s][info][gc,heap        ] GC(363) Eden regions: 641->0(641)
[146.514s][info][gc,heap        ] GC(363) Survivor regions: 2->2(81)
[146.514s][info][gc,heap        ] GC(363) Old regions: 31->31
[146.514s][info][gc,heap        ] GC(363) Archive regions: 0->0
[146.514s][info][gc,heap        ] GC(363) Humongous regions: 0->0
[146.514s][info][gc,metaspace   ] GC(363) Metaspace: 14274K(15040K)->14274K(15040K) NonClass: 12335K(12864K)->12335K(12864K) Class: 1939K(2176K)->1939K(2176K)
[146.514s][info][gc             ] GC(363) Pause Young (Normal) (G1 Evacuation Pause) 648M->8M(1073M) 4.558ms
[146.514s][info][gc,cpu         ] GC(363) User=0.00s Sys=0.00s Real=0.00s
[146.974s][info][gc,start       ] GC(364) Pause Young (Normal) (G1 Evacuation Pause)
[146.974s][info][gc,task        ] GC(364) Using 33 workers of 33 for evacuation
[146.978s][info][gc,phases      ] GC(364)   Pre Evacuate Collection Set: 0.2ms
[146.978s][info][gc,phases      ] GC(364)   Merge Heap Roots: 0.2ms
[146.978s][info][gc,phases      ] GC(364)   Evacuate Collection Set: 0.4ms
[146.978s][info][gc,phases      ] GC(364)   Post Evacuate Collection Set: 3.3ms
[146.978s][info][gc,phases      ] GC(364)   Other: 0.1ms
[146.978s][info][gc,heap        ] GC(364) Eden regions: 641->0(641)
[146.978s][info][gc,heap        ] GC(364) Survivor regions: 2->2(81)
[146.978s][info][gc,heap        ] GC(364) Old regions: 31->31
[146.978s][info][gc,heap        ] GC(364) Archive regions: 0->0
[146.978s][info][gc,heap        ] GC(364) Humongous regions: 0->0
[146.978s][info][gc,metaspace   ] GC(364) Metaspace: 14274K(15040K)->14274K(15040K) NonClass: 12335K(12864K)->12335K(12864K) Class: 1939K(2176K)->1939K(2176K)
[146.978s][info][gc             ] GC(364) Pause Young (Normal) (G1 Evacuation Pause) 649M->8M(1073M) 4.405ms
[146.978s][info][gc,cpu         ] GC(364) User=0.52s Sys=0.00s Real=0.01s
[147.433s][info][gc,start       ] GC(365) Pause Young (Normal) (G1 Evacuation Pause)
[147.433s][info][gc,task        ] GC(365) Using 33 workers of 33 for evacuation
[147.437s][info][gc,phases      ] GC(365)   Pre Evacuate Collection Set: 0.2ms
[147.437s][info][gc,phases      ] GC(365)   Merge Heap Roots: 0.2ms
[147.437s][info][gc,phases      ] GC(365)   Evacuate Collection Set: 0.4ms
[147.437s][info][gc,phases      ] GC(365)   Post Evacuate Collection Set: 3.3ms
[147.437s][info][gc,phases      ] GC(365)   Other: 0.1ms
[147.437s][info][gc,heap        ] GC(365) Eden regions: 641->0(641)
[147.437s][info][gc,heap        ] GC(365) Survivor regions: 2->2(81)
[147.437s][info][gc,heap        ] GC(365) Old regions: 31->31
[147.437s][info][gc,heap        ] GC(365) Archive regions: 0->0
[147.437s][info][gc,heap        ] GC(365) Humongous regions: 0->0
[147.437s][info][gc,metaspace   ] GC(365) Metaspace: 14274K(15040K)->14274K(15040K) NonClass: 12335K(12864K)->12335K(12864K) Class: 1939K(2176K)->1939K(2176K)
[147.437s][info][gc             ] GC(365) Pause Young (Normal) (G1 Evacuation Pause) 649M->8M(1073M) 4.429ms
[147.437s][info][gc,cpu         ] GC(365) User=0.00s Sys=0.00s Real=0.00s
[147.891s][info][gc,start       ] GC(366) Pause Young (Normal) (G1 Evacuation Pause)
[147.891s][info][gc,task        ] GC(366) Using 33 workers of 33 for evacuation
[147.896s][info][gc,phases      ] GC(366)   Pre Evacuate Collection Set: 0.2ms
[147.896s][info][gc,phases      ] GC(366)   Merge Heap Roots: 0.2ms
[147.896s][info][gc,phases      ] GC(366)   Evacuate Collection Set: 0.4ms
[147.896s][info][gc,phases      ] GC(366)   Post Evacuate Collection Set: 3.5ms
[147.896s][info][gc,phases      ] GC(366)   Other: 0.1ms
[147.896s][info][gc,heap        ] GC(366) Eden regions: 641->0(641)
[147.896s][info][gc,heap        ] GC(366) Survivor regions: 2->2(81)
[147.896s][info][gc,heap        ] GC(366) Old regions: 31->31
[147.896s][info][gc,heap        ] GC(366) Archive regions: 0->0
[147.896s][info][gc,heap        ] GC(366) Humongous regions: 0->0
[147.896s][info][gc,metaspace   ] GC(366) Metaspace: 14274K(15040K)->14274K(15040K) NonClass: 12335K(12864K)->12335K(12864K) Class: 1939K(2176K)->1939K(2176K)
[147.896s][info][gc             ] GC(366) Pause Young (Normal) (G1 Evacuation Pause) 649M->8M(1073M) 4.620ms
[147.896s][info][gc,cpu         ] GC(366) User=0.00s Sys=0.00s Real=0.00s
[148.346s][info][gc,start       ] GC(367) Pause Young (Normal) (G1 Evacuation Pause)
[148.346s][info][gc,task        ] GC(367) Using 33 workers of 33 for evacuation
[148.350s][info][gc,phases      ] GC(367)   Pre Evacuate Collection Set: 0.2ms
[148.350s][info][gc,phases      ] GC(367)   Merge Heap Roots: 0.2ms
[148.350s][info][gc,phases      ] GC(367)   Evacuate Collection Set: 0.3ms
[148.350s][info][gc,phases      ] GC(367)   Post Evacuate Collection Set: 3.6ms
[148.350s][info][gc,phases      ] GC(367)   Other: 0.1ms
[148.350s][info][gc,heap        ] GC(367) Eden regions: 641->0(641)
[148.350s][info][gc,heap        ] GC(367) Survivor regions: 2->2(81)
[148.350s][info][gc,heap        ] GC(367) Old regions: 31->32
[148.350s][info][gc,heap        ] GC(367) Archive regions: 0->0
[148.350s][info][gc,heap        ] GC(367) Humongous regions: 0->0
[148.350s][info][gc,metaspace   ] GC(367) Metaspace: 14274K(15040K)->14274K(15040K) NonClass: 12335K(12864K)->12335K(12864K) Class: 1939K(2176K)->1939K(2176K)
[148.350s][info][gc             ] GC(367) Pause Young (Normal) (G1 Evacuation Pause) 649M->8M(1073M) 4.626ms
[148.350s][info][gc,cpu         ] GC(367) User=0.00s Sys=0.00s Real=0.00s
[148.778s][info][gc,start       ] GC(368) Pause Young (Normal) (G1 Evacuation Pause)
[148.778s][info][gc,task        ] GC(368) Using 33 workers of 33 for evacuation
[148.783s][info][gc,phases      ] GC(368)   Pre Evacuate Collection Set: 0.2ms
[148.783s][info][gc,phases      ] GC(368)   Merge Heap Roots: 0.2ms
[148.783s][info][gc,phases      ] GC(368)   Evacuate Collection Set: 0.4ms
[148.783s][info][gc,phases      ] GC(368)   Post Evacuate Collection Set: 3.9ms
[148.783s][info][gc,phases      ] GC(368)   Other: 0.1ms
[148.783s][info][gc,heap        ] GC(368) Eden regions: 641->0(641)
[148.783s][info][gc,heap        ] GC(368) Survivor regions: 2->2(81)
[148.783s][info][gc,heap        ] GC(368) Old regions: 32->32
[148.783s][info][gc,heap        ] GC(368) Archive regions: 0->0
[148.783s][info][gc,heap        ] GC(368) Humongous regions: 0->0
[148.783s][info][gc,metaspace   ] GC(368) Metaspace: 14274K(15040K)->14274K(15040K) NonClass: 12335K(12864K)->12335K(12864K) Class: 1939K(2176K)->1939K(2176K)
[148.783s][info][gc             ] GC(368) Pause Young (Normal) (G1 Evacuation Pause) 649M->8M(1073M) 5.024ms
[148.783s][info][gc,cpu         ] GC(368) User=0.00s Sys=0.00s Real=0.00s
[149.277s][info][gc,start       ] GC(369) Pause Full (System.gc())
[149.277s][info][gc,task        ] GC(369) Using 29 workers of 33 for full compaction
[149.279s][info][gc,phases,start] GC(369) Phase 1: Mark live objects
[149.290s][info][gc,phases      ] GC(369) Phase 1: Mark live objects 11.490ms
[149.290s][info][gc,phases,start] GC(369) Phase 2: Prepare compaction
[149.291s][info][gc,phases      ] GC(369) Phase 2: Prepare compaction 1.367ms
[149.291s][info][gc,phases,start] GC(369) Phase 3: Adjust pointers
[149.298s][info][gc,phases      ] GC(369) Phase 3: Adjust pointers 6.100ms
[149.298s][info][gc,phases,start] GC(369) Phase 4: Compact heap
[149.298s][info][gc,phases      ] GC(369) Phase 4: Compact heap 0.575ms
[149.307s][info][gc,heap        ] GC(369) Eden regions: 578->0(58)
[149.307s][info][gc,heap        ] GC(369) Survivor regions: 2->0(81)
[149.307s][info][gc,heap        ] GC(369) Old regions: 32->29
[149.307s][info][gc,heap        ] GC(369) Archive regions: 0->0
[149.307s][info][gc,heap        ] GC(369) Humongous regions: 0->0
[149.307s][info][gc,metaspace   ] GC(369) Metaspace: 14276K(15040K)->14276K(15040K) NonClass: 12337K(12864K)->12337K(12864K) Class: 1939K(2176K)->1939K(2176K)
[149.307s][info][gc             ] GC(369) Pause Full (System.gc()) 586M->5M(97M) 30.451ms
[149.307s][info][gc,cpu         ] GC(369) User=0.45s Sys=0.00s Real=0.01s
[149.353s][info][gc,start       ] GC(370) Pause Young (Normal) (G1 Evacuation Pause)
[149.353s][info][gc,task        ] GC(370) Using 33 workers of 33 for evacuation
[149.357s][info][gc,phases      ] GC(370)   Pre Evacuate Collection Set: 0.1ms
[149.357s][info][gc,phases      ] GC(370)   Merge Heap Roots: 0.1ms
[149.357s][info][gc,phases      ] GC(370)   Evacuate Collection Set: 0.5ms
[149.357s][info][gc,phases      ] GC(370)   Post Evacuate Collection Set: 2.8ms
[149.357s][info][gc,phases      ] GC(370)   Other: 0.1ms
[149.357s][info][gc,heap        ] GC(370) Eden regions: 58->0(56)
[149.357s][info][gc,heap        ] GC(370) Survivor regions: 0->2(8)
[149.357s][info][gc,heap        ] GC(370) Old regions: 29->29
[149.357s][info][gc,heap        ] GC(370) Archive regions: 0->0
[149.357s][info][gc,heap        ] GC(370) Humongous regions: 0->0
[149.357s][info][gc,metaspace   ] GC(370) Metaspace: 14283K(15040K)->14283K(15040K) NonClass: 12344K(12864K)->12344K(12864K) Class: 1939K(2176K)->1939K(2176K)
[149.357s][info][gc             ] GC(370) Pause Young (Normal) (G1 Evacuation Pause) 63M->6M(97M) 3.801ms
[149.357s][info][gc,cpu         ] GC(370) User=0.00s Sys=0.00s Real=0.00s
[149.397s][info][gc,start       ] GC(371) Pause Young (Normal) (G1 Evacuation Pause)
[149.397s][info][gc,task        ] GC(371) Using 33 workers of 33 for evacuation
[149.400s][info][gc,phases      ] GC(371)   Pre Evacuate Collection Set: 0.1ms
[149.400s][info][gc,phases      ] GC(371)   Merge Heap Roots: 0.1ms
[149.400s][info][gc,phases      ] GC(371)   Evacuate Collection Set: 0.4ms
[149.400s][info][gc,phases      ] GC(371)   Post Evacuate Collection Set: 2.7ms
[149.400s][info][gc,phases      ] GC(371)   Other: 0.1ms
[149.400s][info][gc,heap        ] GC(371) Eden regions: 56->0(56)
[149.400s][info][gc,heap        ] GC(371) Survivor regions: 2->2(8)
[149.400s][info][gc,heap        ] GC(371) Old regions: 29->29
[149.400s][info][gc,heap        ] GC(371) Archive regions: 0->0
[149.400s][info][gc,heap        ] GC(371) Humongous regions: 0->0
[149.400s][info][gc,metaspace   ] GC(371) Metaspace: 14283K(15040K)->14283K(15040K) NonClass: 12344K(12864K)->12344K(12864K) Class: 1939K(2176K)->1939K(2176K)
[149.400s][info][gc             ] GC(371) Pause Young (Normal) (G1 Evacuation Pause) 62M->6M(97M) 3.663ms
[149.400s][info][gc,cpu         ] GC(371) User=0.00s Sys=0.13s Real=0.00s
[149.443s][info][gc,start       ] GC(372) Pause Young (Normal) (G1 Evacuation Pause)
[149.443s][info][gc,task        ] GC(372) Using 33 workers of 33 for evacuation
[149.446s][info][gc,phases      ] GC(372)   Pre Evacuate Collection Set: 0.1ms
[149.446s][info][gc,phases      ] GC(372)   Merge Heap Roots: 0.1ms
[149.446s][info][gc,phases      ] GC(372)   Evacuate Collection Set: 0.5ms
[149.446s][info][gc,phases      ] GC(372)   Post Evacuate Collection Set: 2.8ms
[149.446s][info][gc,phases      ] GC(372)   Other: 0.1ms
[149.446s][info][gc,heap        ] GC(372) Eden regions: 56->0(56)
[149.446s][info][gc,heap        ] GC(372) Survivor regions: 2->2(8)
[149.446s][info][gc,heap        ] GC(372) Old regions: 29->29
[149.446s][info][gc,heap        ] GC(372) Archive regions: 0->0
[149.446s][info][gc,heap        ] GC(372) Humongous regions: 0->0
[149.446s][info][gc,metaspace   ] GC(372) Metaspace: 14283K(15040K)->14283K(15040K) NonClass: 12344K(12864K)->12344K(12864K) Class: 1939K(2176K)->1939K(2176K)
[149.446s][info][gc             ] GC(372) Pause Young (Normal) (G1 Evacuation Pause) 62M->6M(97M) 3.716ms
[149.446s][info][gc,cpu         ] GC(372) User=0.00s Sys=0.00s Real=0.00s
[149.487s][info][gc,start       ] GC(373) Pause Young (Normal) (G1 Evacuation Pause)
[149.487s][info][gc,task        ] GC(373) Using 33 workers of 33 for evacuation
[149.496s][info][gc,phases      ] GC(373)   Pre Evacuate Collection Set: 0.1ms
[149.496s][info][gc,phases      ] GC(373)   Merge Heap Roots: 0.1ms
[149.496s][info][gc,phases      ] GC(373)   Evacuate Collection Set: 0.5ms
[149.496s][info][gc,phases      ] GC(373)   Post Evacuate Collection Set: 7.7ms
[149.496s][info][gc,phases      ] GC(373)   Other: 0.1ms
[149.496s][info][gc,heap        ] GC(373) Eden regions: 56->0(641)
[149.496s][info][gc,heap        ] GC(373) Survivor regions: 2->2(8)
[149.496s][info][gc,heap        ] GC(373) Old regions: 29->29
[149.496s][info][gc,heap        ] GC(373) Archive regions: 0->0
[149.496s][info][gc,heap        ] GC(373) Humongous regions: 0->0
[149.496s][info][gc,metaspace   ] GC(373) Metaspace: 14283K(15040K)->14283K(15040K) NonClass: 12344K(12864K)->12344K(12864K) Class: 1939K(2176K)->1939K(2176K)
[149.496s][info][gc             ] GC(373) Pause Young (Normal) (G1 Evacuation Pause) 62M->6M(1073M) 8.680ms
[149.496s][info][gc,cpu         ] GC(373) User=0.00s Sys=0.02s Real=0.01s
[149.938s][info][gc,start       ] GC(374) Pause Young (Normal) (G1 Evacuation Pause)
[149.938s][info][gc,task        ] GC(374) Using 33 workers of 33 for evacuation
[149.943s][info][gc,phases      ] GC(374)   Pre Evacuate Collection Set: 0.2ms
[149.943s][info][gc,phases      ] GC(374)   Merge Heap Roots: 0.2ms
[149.943s][info][gc,phases      ] GC(374)   Evacuate Collection Set: 1.8ms
[149.943s][info][gc,phases      ] GC(374)   Post Evacuate Collection Set: 3.3ms
[149.943s][info][gc,phases      ] GC(374)   Other: 0.1ms
[149.943s][info][gc,heap        ] GC(374) Eden regions: 641->0(641)
[149.943s][info][gc,heap        ] GC(374) Survivor regions: 2->2(81)
[149.943s][info][gc,heap        ] GC(374) Old regions: 29->29
[149.943s][info][gc,heap        ] GC(374) Archive regions: 0->0
[149.943s][info][gc,heap        ] GC(374) Humongous regions: 0->0
[149.943s][info][gc,metaspace   ] GC(374) Metaspace: 14283K(15040K)->14283K(15040K) NonClass: 12344K(12864K)->12344K(12864K) Class: 1939K(2176K)->1939K(2176K)
[149.943s][info][gc             ] GC(374) Pause Young (Normal) (G1 Evacuation Pause) 647M->6M(1073M) 5.822ms
[149.943s][info][gc,cpu         ] GC(374) User=0.00s Sys=0.00s Real=0.00s
[150.404s][info][gc,start       ] GC(375) Pause Young (Normal) (G1 Evacuation Pause)
[150.404s][info][gc,task        ] GC(375) Using 33 workers of 33 for evacuation
[150.409s][info][gc,phases      ] GC(375)   Pre Evacuate Collection Set: 0.2ms
[150.409s][info][gc,phases      ] GC(375)   Merge Heap Roots: 0.2ms
[150.409s][info][gc,phases      ] GC(375)   Evacuate Collection Set: 1.8ms
[150.409s][info][gc,phases      ] GC(375)   Post Evacuate Collection Set: 3.3ms
[150.409s][info][gc,phases      ] GC(375)   Other: 0.1ms
[150.409s][info][gc,heap        ] GC(375) Eden regions: 641->0(641)
[150.409s][info][gc,heap        ] GC(375) Survivor regions: 2->2(81)
[150.409s][info][gc,heap        ] GC(375) Old regions: 29->29
[150.409s][info][gc,heap        ] GC(375) Archive regions: 0->0
[150.409s][info][gc,heap        ] GC(375) Humongous regions: 0->0
[150.409s][info][gc,metaspace   ] GC(375) Metaspace: 14283K(15040K)->14283K(15040K) NonClass: 12344K(12864K)->12344K(12864K) Class: 1939K(2176K)->1939K(2176K)
[150.410s][info][gc             ] GC(375) Pause Young (Normal) (G1 Evacuation Pause) 647M->6M(1073M) 5.810ms
[150.410s][info][gc,cpu         ] GC(375) User=0.00s Sys=0.00s Real=0.01s
[150.869s][info][gc,start       ] GC(376) Pause Young (Normal) (G1 Evacuation Pause)
[150.869s][info][gc,task        ] GC(376) Using 33 workers of 33 for evacuation
[150.874s][info][gc,phases      ] GC(376)   Pre Evacuate Collection Set: 0.2ms
[150.874s][info][gc,phases      ] GC(376)   Merge Heap Roots: 0.2ms
[150.874s][info][gc,phases      ] GC(376)   Evacuate Collection Set: 0.5ms
[150.874s][info][gc,phases      ] GC(376)   Post Evacuate Collection Set: 3.4ms
[150.874s][info][gc,phases      ] GC(376)   Other: 0.1ms
[150.874s][info][gc,heap        ] GC(376) Eden regions: 641->0(641)
[150.874s][info][gc,heap        ] GC(376) Survivor regions: 2->2(81)
[150.874s][info][gc,heap        ] GC(376) Old regions: 29->29
[150.874s][info][gc,heap        ] GC(376) Archive regions: 0->0
[150.874s][info][gc,heap        ] GC(376) Humongous regions: 0->0
[150.874s][info][gc,metaspace   ] GC(376) Metaspace: 14283K(15040K)->14283K(15040K) NonClass: 12344K(12864K)->12344K(12864K) Class: 1939K(2176K)->1939K(2176K)
[150.874s][info][gc             ] GC(376) Pause Young (Normal) (G1 Evacuation Pause) 647M->6M(1073M) 4.631ms
[150.874s][info][gc,cpu         ] GC(376) User=0.00s Sys=0.00s Real=0.00s
[151.321s][info][gc,start       ] GC(377) Pause Young (Normal) (G1 Evacuation Pause)
[151.321s][info][gc,task        ] GC(377) Using 33 workers of 33 for evacuation
[151.326s][info][gc,phases      ] GC(377)   Pre Evacuate Collection Set: 0.2ms
[151.326s][info][gc,phases      ] GC(377)   Merge Heap Roots: 0.2ms
[151.326s][info][gc,phases      ] GC(377)   Evacuate Collection Set: 0.5ms
[151.326s][info][gc,phases      ] GC(377)   Post Evacuate Collection Set: 3.5ms
[151.326s][info][gc,phases      ] GC(377)   Other: 0.1ms
[151.326s][info][gc,heap        ] GC(377) Eden regions: 641->0(641)
[151.326s][info][gc,heap        ] GC(377) Survivor regions: 2->2(81)
[151.326s][info][gc,heap        ] GC(377) Old regions: 29->29
[151.326s][info][gc,heap        ] GC(377) Archive regions: 0->0
[151.326s][info][gc,heap        ] GC(377) Humongous regions: 0->0
[151.326s][info][gc,metaspace   ] GC(377) Metaspace: 14283K(15040K)->14283K(15040K) NonClass: 12344K(12864K)->12344K(12864K) Class: 1939K(2176K)->1939K(2176K)
[151.326s][info][gc             ] GC(377) Pause Young (Normal) (G1 Evacuation Pause) 647M->7M(1073M) 4.791ms
[151.326s][info][gc,cpu         ] GC(377) User=0.00s Sys=0.00s Real=0.01s
[151.780s][info][gc,start       ] GC(378) Pause Young (Normal) (G1 Evacuation Pause)
[151.780s][info][gc,task        ] GC(378) Using 33 workers of 33 for evacuation
[151.784s][info][gc,phases      ] GC(378)   Pre Evacuate Collection Set: 0.2ms
[151.784s][info][gc,phases      ] GC(378)   Merge Heap Roots: 0.2ms
[151.784s][info][gc,phases      ] GC(378)   Evacuate Collection Set: 0.5ms
[151.784s][info][gc,phases      ] GC(378)   Post Evacuate Collection Set: 3.6ms
[151.784s][info][gc,phases      ] GC(378)   Other: 0.1ms
[151.784s][info][gc,heap        ] GC(378) Eden regions: 641->0(641)
[151.784s][info][gc,heap        ] GC(378) Survivor regions: 2->2(81)
[151.784s][info][gc,heap        ] GC(378) Old regions: 29->29
[151.784s][info][gc,heap        ] GC(378) Archive regions: 0->0
[151.784s][info][gc,heap        ] GC(378) Humongous regions: 0->0
[151.784s][info][gc,metaspace   ] GC(378) Metaspace: 14283K(15040K)->14283K(15040K) NonClass: 12344K(12864K)->12344K(12864K) Class: 1939K(2176K)->1939K(2176K)
[151.784s][info][gc             ] GC(378) Pause Young (Normal) (G1 Evacuation Pause) 648M->7M(1073M) 4.885ms
[151.784s][info][gc,cpu         ] GC(378) User=0.00s Sys=0.00s Real=0.00s
[152.233s][info][gc,start       ] GC(379) Pause Young (Normal) (G1 Evacuation Pause)
[152.233s][info][gc,task        ] GC(379) Using 33 workers of 33 for evacuation
[152.237s][info][gc,phases      ] GC(379)   Pre Evacuate Collection Set: 0.2ms
[152.237s][info][gc,phases      ] GC(379)   Merge Heap Roots: 0.2ms
[152.237s][info][gc,phases      ] GC(379)   Evacuate Collection Set: 0.5ms
[152.237s][info][gc,phases      ] GC(379)   Post Evacuate Collection Set: 3.6ms
[152.237s][info][gc,phases      ] GC(379)   Other: 0.1ms
[152.237s][info][gc,heap        ] GC(379) Eden regions: 641->0(641)
[152.237s][info][gc,heap        ] GC(379) Survivor regions: 2->2(81)
[152.237s][info][gc,heap        ] GC(379) Old regions: 29->29
[152.237s][info][gc,heap        ] GC(379) Archive regions: 0->0
[152.237s][info][gc,heap        ] GC(379) Humongous regions: 0->0
[152.237s][info][gc,metaspace   ] GC(379) Metaspace: 14283K(15040K)->14283K(15040K) NonClass: 12344K(12864K)->12344K(12864K) Class: 1939K(2176K)->1939K(2176K)
[152.237s][info][gc             ] GC(379) Pause Young (Normal) (G1 Evacuation Pause) 648M->7M(1073M) 4.800ms
[152.237s][info][gc,cpu         ] GC(379) User=0.00s Sys=0.00s Real=0.00s
[152.696s][info][gc,start       ] GC(380) Pause Young (Normal) (G1 Evacuation Pause)
[152.696s][info][gc,task        ] GC(380) Using 33 workers of 33 for evacuation
[152.700s][info][gc,phases      ] GC(380)   Pre Evacuate Collection Set: 0.2ms
[152.700s][info][gc,phases      ] GC(380)   Merge Heap Roots: 0.2ms
[152.700s][info][gc,phases      ] GC(380)   Evacuate Collection Set: 0.5ms
[152.700s][info][gc,phases      ] GC(380)   Post Evacuate Collection Set: 3.3ms
[152.700s][info][gc,phases      ] GC(380)   Other: 0.1ms
[152.700s][info][gc,heap        ] GC(380) Eden regions: 641->0(641)
[152.700s][info][gc,heap        ] GC(380) Survivor regions: 2->2(81)
[152.700s][info][gc,heap        ] GC(380) Old regions: 29->29
[152.700s][info][gc,heap        ] GC(380) Archive regions: 0->0
[152.700s][info][gc,heap        ] GC(380) Humongous regions: 0->0
[152.700s][info][gc,metaspace   ] GC(380) Metaspace: 14283K(15040K)->14283K(15040K) NonClass: 12344K(12864K)->12344K(12864K) Class: 1939K(2176K)->1939K(2176K)
[152.700s][info][gc             ] GC(380) Pause Young (Normal) (G1 Evacuation Pause) 648M->7M(1073M) 4.543ms
[152.700s][info][gc,cpu         ] GC(380) User=0.00s Sys=0.00s Real=0.00s
[153.158s][info][gc,start       ] GC(381) Pause Young (Normal) (G1 Evacuation Pause)
[153.158s][info][gc,task        ] GC(381) Using 33 workers of 33 for evacuation
[153.163s][info][gc,phases      ] GC(381)   Pre Evacuate Collection Set: 0.2ms
[153.163s][info][gc,phases      ] GC(381)   Merge Heap Roots: 0.2ms
[153.163s][info][gc,phases      ] GC(381)   Evacuate Collection Set: 0.5ms
[153.163s][info][gc,phases      ] GC(381)   Post Evacuate Collection Set: 3.2ms
[153.163s][info][gc,phases      ] GC(381)   Other: 0.1ms
[153.163s][info][gc,heap        ] GC(381) Eden regions: 641->0(640)
[153.163s][info][gc,heap        ] GC(381) Survivor regions: 2->3(81)
[153.163s][info][gc,heap        ] GC(381) Old regions: 29->29
[153.163s][info][gc,heap        ] GC(381) Archive regions: 0->0
[153.163s][info][gc,heap        ] GC(381) Humongous regions: 0->0
[153.163s][info][gc,metaspace   ] GC(381) Metaspace: 14283K(15040K)->14283K(15040K) NonClass: 12344K(12864K)->12344K(12864K) Class: 1939K(2176K)->1939K(2176K)
[153.163s][info][gc             ] GC(381) Pause Young (Normal) (G1 Evacuation Pause) 648M->7M(1073M) 4.472ms
[153.163s][info][gc,cpu         ] GC(381) User=0.00s Sys=0.00s Real=0.01s
[153.609s][info][gc,start       ] GC(382) Pause Young (Normal) (G1 Evacuation Pause)
[153.609s][info][gc,task        ] GC(382) Using 33 workers of 33 for evacuation
[153.614s][info][gc,phases      ] GC(382)   Pre Evacuate Collection Set: 0.2ms
[153.614s][info][gc,phases      ] GC(382)   Merge Heap Roots: 0.2ms
[153.614s][info][gc,phases      ] GC(382)   Evacuate Collection Set: 0.8ms
[153.614s][info][gc,phases      ] GC(382)   Post Evacuate Collection Set: 3.3ms
[153.614s][info][gc,phases      ] GC(382)   Other: 0.1ms
[153.614s][info][gc,heap        ] GC(382) Eden regions: 640->0(640)
[153.614s][info][gc,heap        ] GC(382) Survivor regions: 3->3(81)
[153.614s][info][gc,heap        ] GC(382) Old regions: 29->29
[153.614s][info][gc,heap        ] GC(382) Archive regions: 0->0
[153.614s][info][gc,heap        ] GC(382) Humongous regions: 0->0
[153.614s][info][gc,metaspace   ] GC(382) Metaspace: 14283K(15040K)->14283K(15040K) NonClass: 12344K(12864K)->12344K(12864K) Class: 1939K(2176K)->1939K(2176K)
[153.614s][info][gc             ] GC(382) Pause Young (Normal) (G1 Evacuation Pause) 647M->7M(1073M) 4.821ms
[153.614s][info][gc,cpu         ] GC(382) User=0.00s Sys=0.00s Real=0.00s
[154.059s][info][gc,start       ] GC(383) Pause Young (Normal) (G1 Evacuation Pause)
[154.059s][info][gc,task        ] GC(383) Using 33 workers of 33 for evacuation
[154.064s][info][gc,phases      ] GC(383)   Pre Evacuate Collection Set: 0.2ms
[154.064s][info][gc,phases      ] GC(383)   Merge Heap Roots: 0.2ms
[154.064s][info][gc,phases      ] GC(383)   Evacuate Collection Set: 0.6ms
[154.064s][info][gc,phases      ] GC(383)   Post Evacuate Collection Set: 3.5ms
[154.064s][info][gc,phases      ] GC(383)   Other: 0.1ms
[154.064s][info][gc,heap        ] GC(383) Eden regions: 640->0(640)
[154.064s][info][gc,heap        ] GC(383) Survivor regions: 3->3(81)
[154.064s][info][gc,heap        ] GC(383) Old regions: 29->29
[154.064s][info][gc,heap        ] GC(383) Archive regions: 0->0
[154.064s][info][gc,heap        ] GC(383) Humongous regions: 0->0
[154.064s][info][gc,metaspace   ] GC(383) Metaspace: 14283K(15040K)->14283K(15040K) NonClass: 12344K(12864K)->12344K(12864K) Class: 1939K(2176K)->1939K(2176K)
[154.064s][info][gc             ] GC(383) Pause Young (Normal) (G1 Evacuation Pause) 647M->7M(1073M) 4.766ms
[154.064s][info][gc,cpu         ] GC(383) User=0.00s Sys=0.00s Real=0.00s
[154.511s][info][gc,start       ] GC(384) Pause Young (Normal) (G1 Evacuation Pause)
[154.511s][info][gc,task        ] GC(384) Using 33 workers of 33 for evacuation
[154.516s][info][gc,phases      ] GC(384)   Pre Evacuate Collection Set: 0.2ms
[154.516s][info][gc,phases      ] GC(384)   Merge Heap Roots: 0.2ms
[154.516s][info][gc,phases      ] GC(384)   Evacuate Collection Set: 0.6ms
[154.516s][info][gc,phases      ] GC(384)   Post Evacuate Collection Set: 3.5ms
[154.516s][info][gc,phases      ] GC(384)   Other: 0.1ms
[154.516s][info][gc,heap        ] GC(384) Eden regions: 640->0(640)
[154.516s][info][gc,heap        ] GC(384) Survivor regions: 3->3(81)
[154.516s][info][gc,heap        ] GC(384) Old regions: 29->29
[154.516s][info][gc,heap        ] GC(384) Archive regions: 0->0
[154.516s][info][gc,heap        ] GC(384) Humongous regions: 0->0
[154.516s][info][gc,metaspace   ] GC(384) Metaspace: 14283K(15040K)->14283K(15040K) NonClass: 12344K(12864K)->12344K(12864K) Class: 1939K(2176K)->1939K(2176K)
[154.516s][info][gc             ] GC(384) Pause Young (Normal) (G1 Evacuation Pause) 647M->7M(1073M) 4.816ms
[154.516s][info][gc,cpu         ] GC(384) User=0.00s Sys=0.00s Real=0.00s
[154.975s][info][gc,start       ] GC(385) Pause Young (Normal) (G1 Evacuation Pause)
[154.976s][info][gc,task        ] GC(385) Using 33 workers of 33 for evacuation
[154.980s][info][gc,phases      ] GC(385)   Pre Evacuate Collection Set: 0.2ms
[154.980s][info][gc,phases      ] GC(385)   Merge Heap Roots: 0.2ms
[154.980s][info][gc,phases      ] GC(385)   Evacuate Collection Set: 0.6ms
[154.980s][info][gc,phases      ] GC(385)   Post Evacuate Collection Set: 3.8ms
[154.980s][info][gc,phases      ] GC(385)   Other: 0.1ms
[154.980s][info][gc,heap        ] GC(385) Eden regions: 640->0(642)
[154.980s][info][gc,heap        ] GC(385) Survivor regions: 3->1(81)
[154.980s][info][gc,heap        ] GC(385) Old regions: 29->31
[154.980s][info][gc,heap        ] GC(385) Archive regions: 0->0
[154.980s][info][gc,heap        ] GC(385) Humongous regions: 0->0
[154.980s][info][gc,metaspace   ] GC(385) Metaspace: 14283K(15040K)->14283K(15040K) NonClass: 12344K(12864K)->12344K(12864K) Class: 1939K(2176K)->1939K(2176K)
[154.981s][info][gc             ] GC(385) Pause Young (Normal) (G1 Evacuation Pause) 647M->7M(1073M) 5.093ms
[154.981s][info][gc,cpu         ] GC(385) User=0.00s Sys=0.00s Real=0.01s
[155.444s][info][gc,start       ] GC(386) Pause Young (Normal) (G1 Evacuation Pause)
[155.444s][info][gc,task        ] GC(386) Using 33 workers of 33 for evacuation
[155.448s][info][gc,phases      ] GC(386)   Pre Evacuate Collection Set: 0.2ms
[155.448s][info][gc,phases      ] GC(386)   Merge Heap Roots: 0.2ms
[155.448s][info][gc,phases      ] GC(386)   Evacuate Collection Set: 0.4ms
[155.448s][info][gc,phases      ] GC(386)   Post Evacuate Collection Set: 3.2ms
[155.448s][info][gc,phases      ] GC(386)   Other: 0.1ms
[155.448s][info][gc,heap        ] GC(386) Eden regions: 642->0(642)
[155.448s][info][gc,heap        ] GC(386) Survivor regions: 1->1(81)
[155.448s][info][gc,heap        ] GC(386) Old regions: 31->31
[155.448s][info][gc,heap        ] GC(386) Archive regions: 0->0
[155.448s][info][gc,heap        ] GC(386) Humongous regions: 0->0
[155.448s][info][gc,metaspace   ] GC(386) Metaspace: 14283K(15040K)->14283K(15040K) NonClass: 12344K(12864K)->12344K(12864K) Class: 1939K(2176K)->1939K(2176K)
[155.448s][info][gc             ] GC(386) Pause Young (Normal) (G1 Evacuation Pause) 649M->7M(1073M) 4.330ms
[155.448s][info][gc,cpu         ] GC(386) User=0.52s Sys=0.00s Real=0.00s
[155.911s][info][gc,start       ] GC(387) Pause Young (Normal) (G1 Evacuation Pause)
[155.911s][info][gc,task        ] GC(387) Using 33 workers of 33 for evacuation
[155.915s][info][gc,phases      ] GC(387)   Pre Evacuate Collection Set: 0.2ms
[155.915s][info][gc,phases      ] GC(387)   Merge Heap Roots: 0.2ms
[155.915s][info][gc,phases      ] GC(387)   Evacuate Collection Set: 0.4ms
[155.915s][info][gc,phases      ] GC(387)   Post Evacuate Collection Set: 3.2ms
[155.916s][info][gc,phases      ] GC(387)   Other: 0.1ms
[155.916s][info][gc,heap        ] GC(387) Eden regions: 642->0(641)
[155.916s][info][gc,heap        ] GC(387) Survivor regions: 1->2(81)
[155.916s][info][gc,heap        ] GC(387) Old regions: 31->31
[155.916s][info][gc,heap        ] GC(387) Archive regions: 0->0
[155.916s][info][gc,heap        ] GC(387) Humongous regions: 0->0
[155.916s][info][gc,metaspace   ] GC(387) Metaspace: 14283K(15040K)->14283K(15040K) NonClass: 12344K(12864K)->12344K(12864K) Class: 1939K(2176K)->1939K(2176K)
[155.916s][info][gc             ] GC(387) Pause Young (Normal) (G1 Evacuation Pause) 649M->7M(1073M) 4.293ms
[155.916s][info][gc,cpu         ] GC(387) User=0.52s Sys=0.00s Real=0.00s
[156.361s][info][gc,start       ] GC(388) Pause Young (Normal) (G1 Evacuation Pause)
[156.361s][info][gc,task        ] GC(388) Using 33 workers of 33 for evacuation
[156.365s][info][gc,phases      ] GC(388)   Pre Evacuate Collection Set: 0.2ms
[156.365s][info][gc,phases      ] GC(388)   Merge Heap Roots: 0.2ms
[156.365s][info][gc,phases      ] GC(388)   Evacuate Collection Set: 0.4ms
[156.365s][info][gc,phases      ] GC(388)   Post Evacuate Collection Set: 3.3ms
[156.365s][info][gc,phases      ] GC(388)   Other: 0.1ms
[156.365s][info][gc,heap        ] GC(388) Eden regions: 641->0(641)
[156.365s][info][gc,heap        ] GC(388) Survivor regions: 2->2(81)
[156.365s][info][gc,heap        ] GC(388) Old regions: 31->31
[156.365s][info][gc,heap        ] GC(388) Archive regions: 0->0
[156.365s][info][gc,heap        ] GC(388) Humongous regions: 0->0
[156.365s][info][gc,metaspace   ] GC(388) Metaspace: 14283K(15040K)->14283K(15040K) NonClass: 12344K(12864K)->12344K(12864K) Class: 1939K(2176K)->1939K(2176K)
[156.365s][info][gc             ] GC(388) Pause Young (Normal) (G1 Evacuation Pause) 648M->7M(1073M) 4.397ms
[156.365s][info][gc,cpu         ] GC(388) User=0.00s Sys=0.00s Real=0.01s
[156.814s][info][gc,start       ] GC(389) Pause Young (Normal) (G1 Evacuation Pause)
[156.814s][info][gc,task        ] GC(389) Using 33 workers of 33 for evacuation
[156.819s][info][gc,phases      ] GC(389)   Pre Evacuate Collection Set: 0.2ms
[156.819s][info][gc,phases      ] GC(389)   Merge Heap Roots: 0.2ms
[156.819s][info][gc,phases      ] GC(389)   Evacuate Collection Set: 0.4ms
[156.819s][info][gc,phases      ] GC(389)   Post Evacuate Collection Set: 3.4ms
[156.819s][info][gc,phases      ] GC(389)   Other: 0.1ms
[156.819s][info][gc,heap        ] GC(389) Eden regions: 641->0(641)
[156.819s][info][gc,heap        ] GC(389) Survivor regions: 2->2(81)
[156.819s][info][gc,heap        ] GC(389) Old regions: 31->31
[156.819s][info][gc,heap        ] GC(389) Archive regions: 0->0
[156.819s][info][gc,heap        ] GC(389) Humongous regions: 0->0
[156.819s][info][gc,metaspace   ] GC(389) Metaspace: 14283K(15040K)->14283K(15040K) NonClass: 12344K(12864K)->12344K(12864K) Class: 1939K(2176K)->1939K(2176K)
[156.819s][info][gc             ] GC(389) Pause Young (Normal) (G1 Evacuation Pause) 648M->7M(1073M) 4.520ms
[156.819s][info][gc,cpu         ] GC(389) User=0.00s Sys=0.00s Real=0.00s
[157.266s][info][gc,start       ] GC(390) Pause Young (Normal) (G1 Evacuation Pause)
[157.266s][info][gc,task        ] GC(390) Using 33 workers of 33 for evacuation
[157.271s][info][gc,phases      ] GC(390)   Pre Evacuate Collection Set: 0.2ms
[157.271s][info][gc,phases      ] GC(390)   Merge Heap Roots: 0.2ms
[157.271s][info][gc,phases      ] GC(390)   Evacuate Collection Set: 0.4ms
[157.271s][info][gc,phases      ] GC(390)   Post Evacuate Collection Set: 3.5ms
[157.271s][info][gc,phases      ] GC(390)   Other: 0.1ms
[157.271s][info][gc,heap        ] GC(390) Eden regions: 641->0(641)
[157.271s][info][gc,heap        ] GC(390) Survivor regions: 2->2(81)
[157.271s][info][gc,heap        ] GC(390) Old regions: 31->31
[157.271s][info][gc,heap        ] GC(390) Archive regions: 0->0
[157.271s][info][gc,heap        ] GC(390) Humongous regions: 0->0
[157.271s][info][gc,metaspace   ] GC(390) Metaspace: 14283K(15040K)->14283K(15040K) NonClass: 12344K(12864K)->12344K(12864K) Class: 1939K(2176K)->1939K(2176K)
[157.271s][info][gc             ] GC(390) Pause Young (Normal) (G1 Evacuation Pause) 648M->8M(1073M) 4.634ms
[157.271s][info][gc,cpu         ] GC(390) User=0.00s Sys=0.00s Real=0.01s
[157.717s][info][gc,start       ] GC(391) Pause Young (Normal) (G1 Evacuation Pause)
[157.717s][info][gc,task        ] GC(391) Using 33 workers of 33 for evacuation
[157.721s][info][gc,phases      ] GC(391)   Pre Evacuate Collection Set: 0.2ms
[157.721s][info][gc,phases      ] GC(391)   Merge Heap Roots: 0.2ms
[157.721s][info][gc,phases      ] GC(391)   Evacuate Collection Set: 0.4ms
[157.721s][info][gc,phases      ] GC(391)   Post Evacuate Collection Set: 3.6ms
[157.721s][info][gc,phases      ] GC(391)   Other: 0.1ms
[157.721s][info][gc,heap        ] GC(391) Eden regions: 641->0(641)
[157.721s][info][gc,heap        ] GC(391) Survivor regions: 2->2(81)
[157.721s][info][gc,heap        ] GC(391) Old regions: 31->31
[157.721s][info][gc,heap        ] GC(391) Archive regions: 0->0
[157.721s][info][gc,heap        ] GC(391) Humongous regions: 0->0
[157.721s][info][gc,metaspace   ] GC(391) Metaspace: 14283K(15040K)->14283K(15040K) NonClass: 12344K(12864K)->12344K(12864K) Class: 1939K(2176K)->1939K(2176K)
[157.721s][info][gc             ] GC(391) Pause Young (Normal) (G1 Evacuation Pause) 649M->8M(1073M) 4.708ms
[157.721s][info][gc,cpu         ] GC(391) User=0.00s Sys=0.00s Real=0.00s
[158.169s][info][gc,start       ] GC(392) Pause Young (Normal) (G1 Evacuation Pause)
[158.169s][info][gc,task        ] GC(392) Using 33 workers of 33 for evacuation
[158.173s][info][gc,phases      ] GC(392)   Pre Evacuate Collection Set: 0.2ms
[158.173s][info][gc,phases      ] GC(392)   Merge Heap Roots: 0.2ms
[158.173s][info][gc,phases      ] GC(392)   Evacuate Collection Set: 0.4ms
[158.173s][info][gc,phases      ] GC(392)   Post Evacuate Collection Set: 3.7ms
[158.173s][info][gc,phases      ] GC(392)   Other: 0.1ms
[158.173s][info][gc,heap        ] GC(392) Eden regions: 641->0(641)
[158.173s][info][gc,heap        ] GC(392) Survivor regions: 2->2(81)
[158.173s][info][gc,heap        ] GC(392) Old regions: 31->31
[158.173s][info][gc,heap        ] GC(392) Archive regions: 0->0
[158.173s][info][gc,heap        ] GC(392) Humongous regions: 0->0
[158.174s][info][gc,metaspace   ] GC(392) Metaspace: 14283K(15040K)->14283K(15040K) NonClass: 12344K(12864K)->12344K(12864K) Class: 1939K(2176K)->1939K(2176K)
[158.174s][info][gc             ] GC(392) Pause Young (Normal) (G1 Evacuation Pause) 649M->8M(1073M) 4.778ms
[158.174s][info][gc,cpu         ] GC(392) User=0.00s Sys=0.00s Real=0.00s
[158.618s][info][gc,start       ] GC(393) Pause Young (Normal) (G1 Evacuation Pause)
[158.618s][info][gc,task        ] GC(393) Using 33 workers of 33 for evacuation
[158.623s][info][gc,phases      ] GC(393)   Pre Evacuate Collection Set: 0.2ms
[158.623s][info][gc,phases      ] GC(393)   Merge Heap Roots: 0.2ms
[158.623s][info][gc,phases      ] GC(393)   Evacuate Collection Set: 0.4ms
[158.623s][info][gc,phases      ] GC(393)   Post Evacuate Collection Set: 3.8ms
[158.623s][info][gc,phases      ] GC(393)   Other: 0.2ms
[158.623s][info][gc,heap        ] GC(393) Eden regions: 641->0(641)
[158.623s][info][gc,heap        ] GC(393) Survivor regions: 2->2(81)
[158.623s][info][gc,heap        ] GC(393) Old regions: 31->31
[158.623s][info][gc,heap        ] GC(393) Archive regions: 0->0
[158.623s][info][gc,heap        ] GC(393) Humongous regions: 0->0
[158.623s][info][gc,metaspace   ] GC(393) Metaspace: 14283K(15040K)->14283K(15040K) NonClass: 12344K(12864K)->12344K(12864K) Class: 1939K(2176K)->1939K(2176K)
[158.623s][info][gc             ] GC(393) Pause Young (Normal) (G1 Evacuation Pause) 649M->8M(1073M) 4.969ms
[158.623s][info][gc,cpu         ] GC(393) User=0.00s Sys=0.00s Real=0.01s
[159.080s][info][gc,start       ] GC(394) Pause Young (Normal) (G1 Evacuation Pause)
[159.080s][info][gc,task        ] GC(394) Using 33 workers of 33 for evacuation
[159.084s][info][gc,phases      ] GC(394)   Pre Evacuate Collection Set: 0.2ms
[159.085s][info][gc,phases      ] GC(394)   Merge Heap Roots: 0.2ms
[159.085s][info][gc,phases      ] GC(394)   Evacuate Collection Set: 0.4ms
[159.085s][info][gc,phases      ] GC(394)   Post Evacuate Collection Set: 3.6ms
[159.085s][info][gc,phases      ] GC(394)   Other: 0.1ms
[159.085s][info][gc,heap        ] GC(394) Eden regions: 641->0(641)
[159.085s][info][gc,heap        ] GC(394) Survivor regions: 2->2(81)
[159.085s][info][gc,heap        ] GC(394) Old regions: 31->32
[159.085s][info][gc,heap        ] GC(394) Archive regions: 0->0
[159.085s][info][gc,heap        ] GC(394) Humongous regions: 0->0
[159.085s][info][gc,metaspace   ] GC(394) Metaspace: 14283K(15040K)->14283K(15040K) NonClass: 12344K(12864K)->12344K(12864K) Class: 1939K(2176K)->1939K(2176K)
[159.085s][info][gc             ] GC(394) Pause Young (Normal) (G1 Evacuation Pause) 649M->8M(1073M) 4.694ms
[159.085s][info][gc,cpu         ] GC(394) User=0.00s Sys=0.00s Real=0.00s
[159.553s][info][gc,start       ] GC(395) Pause Young (Normal) (G1 Evacuation Pause)
[159.553s][info][gc,task        ] GC(395) Using 33 workers of 33 for evacuation
[159.558s][info][gc,phases      ] GC(395)   Pre Evacuate Collection Set: 0.2ms
[159.558s][info][gc,phases      ] GC(395)   Merge Heap Roots: 0.2ms
[159.558s][info][gc,phases      ] GC(395)   Evacuate Collection Set: 0.4ms
[159.558s][info][gc,phases      ] GC(395)   Post Evacuate Collection Set: 3.3ms
[159.558s][info][gc,phases      ] GC(395)   Other: 0.1ms
[159.558s][info][gc,heap        ] GC(395) Eden regions: 641->0(641)
[159.558s][info][gc,heap        ] GC(395) Survivor regions: 2->2(81)
[159.558s][info][gc,heap        ] GC(395) Old regions: 32->32
[159.558s][info][gc,heap        ] GC(395) Archive regions: 0->0
[159.558s][info][gc,heap        ] GC(395) Humongous regions: 0->0
[159.558s][info][gc,metaspace   ] GC(395) Metaspace: 14283K(15040K)->14283K(15040K) NonClass: 12344K(12864K)->12344K(12864K) Class: 1939K(2176K)->1939K(2176K)
[159.558s][info][gc             ] GC(395) Pause Young (Normal) (G1 Evacuation Pause) 649M->8M(1073M) 4.463ms
[159.558s][info][gc,cpu         ] GC(395) User=0.02s Sys=0.00s Real=0.00s
[159.975s][info][gc,start       ] GC(396) Pause Young (Normal) (G1 Evacuation Pause)
[159.975s][info][gc,task        ] GC(396) Using 33 workers of 33 for evacuation
[159.980s][info][gc,phases      ] GC(396)   Pre Evacuate Collection Set: 0.2ms
[159.980s][info][gc,phases      ] GC(396)   Merge Heap Roots: 0.2ms
[159.980s][info][gc,phases      ] GC(396)   Evacuate Collection Set: 0.4ms
[159.980s][info][gc,phases      ] GC(396)   Post Evacuate Collection Set: 3.6ms
[159.980s][info][gc,phases      ] GC(396)   Other: 0.1ms
[159.980s][info][gc,heap        ] GC(396) Eden regions: 641->0(641)
[159.980s][info][gc,heap        ] GC(396) Survivor regions: 2->2(81)
[159.980s][info][gc,heap        ] GC(396) Old regions: 32->32
[159.980s][info][gc,heap        ] GC(396) Archive regions: 0->0
[159.980s][info][gc,heap        ] GC(396) Humongous regions: 0->0
[159.980s][info][gc,metaspace   ] GC(396) Metaspace: 14283K(15040K)->14283K(15040K) NonClass: 12344K(12864K)->12344K(12864K) Class: 1939K(2176K)->1939K(2176K)
[159.980s][info][gc             ] GC(396) Pause Young (Normal) (G1 Evacuation Pause) 649M->8M(1073M) 4.819ms
[159.980s][info][gc,cpu         ] GC(396) User=0.00s Sys=0.00s Real=0.00s
[160.208s][info][gc,start       ] GC(397) Pause Full (System.gc())
[160.208s][info][gc,task        ] GC(397) Using 29 workers of 33 for full compaction
[160.209s][info][gc,phases,start] GC(397) Phase 1: Mark live objects
[160.216s][info][gc,phases      ] GC(397) Phase 1: Mark live objects 7.231ms
[160.217s][info][gc,phases,start] GC(397) Phase 2: Prepare compaction
[160.218s][info][gc,phases      ] GC(397) Phase 2: Prepare compaction 1.141ms
[160.218s][info][gc,phases,start] GC(397) Phase 3: Adjust pointers
[160.223s][info][gc,phases      ] GC(397) Phase 3: Adjust pointers 5.023ms
[160.223s][info][gc,phases,start] GC(397) Phase 4: Compact heap
[160.223s][info][gc,phases      ] GC(397) Phase 4: Compact heap 0.524ms
[160.230s][info][gc,heap        ] GC(397) Eden regions: 398->0(58)
[160.230s][info][gc,heap        ] GC(397) Survivor regions: 2->0(81)
[160.230s][info][gc,heap        ] GC(397) Old regions: 32->29
[160.231s][info][gc,heap        ] GC(397) Archive regions: 0->0
[160.231s][info][gc,heap        ] GC(397) Humongous regions: 0->0
[160.231s][info][gc,metaspace   ] GC(397) Metaspace: 14283K(15040K)->14283K(15040K) NonClass: 12344K(12864K)->12344K(12864K) Class: 1939K(2176K)->1939K(2176K)
[160.231s][info][gc             ] GC(397) Pause Full (System.gc()) 406M->5M(97M) 22.731ms
[160.231s][info][gc,cpu         ] GC(397) User=0.02s Sys=0.00s Real=0.02s
[160.276s][info][gc,start       ] GC(398) Pause Young (Normal) (G1 Evacuation Pause)
[160.276s][info][gc,task        ] GC(398) Using 33 workers of 33 for evacuation
[160.280s][info][gc,phases      ] GC(398)   Pre Evacuate Collection Set: 0.1ms
[160.280s][info][gc,phases      ] GC(398)   Merge Heap Roots: 0.1ms
[160.280s][info][gc,phases      ] GC(398)   Evacuate Collection Set: 0.4ms
[160.280s][info][gc,phases      ] GC(398)   Post Evacuate Collection Set: 2.7ms
[160.280s][info][gc,phases      ] GC(398)   Other: 0.1ms
[160.280s][info][gc,heap        ] GC(398) Eden regions: 58->0(56)
[160.280s][info][gc,heap        ] GC(398) Survivor regions: 0->2(8)
[160.280s][info][gc,heap        ] GC(398) Old regions: 29->29
[160.280s][info][gc,heap        ] GC(398) Archive regions: 0->0
[160.280s][info][gc,heap        ] GC(398) Humongous regions: 0->0
[160.280s][info][gc,metaspace   ] GC(398) Metaspace: 14286K(15104K)->14286K(15104K) NonClass: 12347K(12928K)->12347K(12928K) Class: 1939K(2176K)->1939K(2176K)
[160.280s][info][gc             ] GC(398) Pause Young (Normal) (G1 Evacuation Pause) 63M->6M(97M) 3.600ms
[160.280s][info][gc,cpu         ] GC(398) User=0.00s Sys=0.00s Real=0.00s
[160.319s][info][gc,start       ] GC(399) Pause Young (Normal) (G1 Evacuation Pause)
[160.319s][info][gc,task        ] GC(399) Using 33 workers of 33 for evacuation
[160.322s][info][gc,phases      ] GC(399)   Pre Evacuate Collection Set: 0.1ms
[160.322s][info][gc,phases      ] GC(399)   Merge Heap Roots: 0.1ms
[160.322s][info][gc,phases      ] GC(399)   Evacuate Collection Set: 0.5ms
[160.322s][info][gc,phases      ] GC(399)   Post Evacuate Collection Set: 2.5ms
[160.322s][info][gc,phases      ] GC(399)   Other: 0.1ms
[160.322s][info][gc,heap        ] GC(399) Eden regions: 56->0(56)
[160.322s][info][gc,heap        ] GC(399) Survivor regions: 2->2(8)
[160.322s][info][gc,heap        ] GC(399) Old regions: 29->29
[160.322s][info][gc,heap        ] GC(399) Archive regions: 0->0
[160.322s][info][gc,heap        ] GC(399) Humongous regions: 0->0
[160.322s][info][gc,metaspace   ] GC(399) Metaspace: 14286K(15104K)->14286K(15104K) NonClass: 12347K(12928K)->12347K(12928K) Class: 1939K(2176K)->1939K(2176K)
[160.322s][info][gc             ] GC(399) Pause Young (Normal) (G1 Evacuation Pause) 62M->6M(97M) 3.458ms
[160.322s][info][gc,cpu         ] GC(399) User=0.27s Sys=0.00s Real=0.00s
[160.363s][info][gc,start       ] GC(400) Pause Young (Normal) (G1 Evacuation Pause)
[160.363s][info][gc,task        ] GC(400) Using 33 workers of 33 for evacuation
[160.366s][info][gc,phases      ] GC(400)   Pre Evacuate Collection Set: 0.1ms
[160.366s][info][gc,phases      ] GC(400)   Merge Heap Roots: 0.1ms
[160.366s][info][gc,phases      ] GC(400)   Evacuate Collection Set: 0.4ms
[160.366s][info][gc,phases      ] GC(400)   Post Evacuate Collection Set: 2.7ms
[160.366s][info][gc,phases      ] GC(400)   Other: 0.1ms
[160.366s][info][gc,heap        ] GC(400) Eden regions: 56->0(56)
[160.366s][info][gc,heap        ] GC(400) Survivor regions: 2->2(8)
[160.366s][info][gc,heap        ] GC(400) Old regions: 29->29
[160.366s][info][gc,heap        ] GC(400) Archive regions: 0->0
[160.366s][info][gc,heap        ] GC(400) Humongous regions: 0->0
[160.366s][info][gc,metaspace   ] GC(400) Metaspace: 14286K(15104K)->14286K(15104K) NonClass: 12347K(12928K)->12347K(12928K) Class: 1939K(2176K)->1939K(2176K)
[160.366s][info][gc             ] GC(400) Pause Young (Normal) (G1 Evacuation Pause) 62M->6M(97M) 3.588ms
[160.366s][info][gc,cpu         ] GC(400) User=0.00s Sys=0.00s Real=0.00s
[160.405s][info][gc,start       ] GC(401) Pause Young (Normal) (G1 Evacuation Pause)
[160.405s][info][gc,task        ] GC(401) Using 33 workers of 33 for evacuation
[160.413s][info][gc,phases      ] GC(401)   Pre Evacuate Collection Set: 0.1ms
[160.413s][info][gc,phases      ] GC(401)   Merge Heap Roots: 0.1ms
[160.413s][info][gc,phases      ] GC(401)   Evacuate Collection Set: 0.5ms
[160.413s][info][gc,phases      ] GC(401)   Post Evacuate Collection Set: 7.7ms
[160.413s][info][gc,phases      ] GC(401)   Other: 0.1ms
[160.414s][info][gc,heap        ] GC(401) Eden regions: 56->0(641)
[160.414s][info][gc,heap        ] GC(401) Survivor regions: 2->2(8)
[160.414s][info][gc,heap        ] GC(401) Old regions: 29->29
[160.414s][info][gc,heap        ] GC(401) Archive regions: 0->0
[160.414s][info][gc,heap        ] GC(401) Humongous regions: 0->0
[160.414s][info][gc,metaspace   ] GC(401) Metaspace: 14286K(15104K)->14286K(15104K) NonClass: 12347K(12928K)->12347K(12928K) Class: 1939K(2176K)->1939K(2176K)
[160.414s][info][gc             ] GC(401) Pause Young (Normal) (G1 Evacuation Pause) 62M->6M(1073M) 8.625ms
[160.414s][info][gc,cpu         ] GC(401) User=0.00s Sys=0.02s Real=0.01s
[160.852s][info][gc,start       ] GC(402) Pause Young (Normal) (G1 Evacuation Pause)
[160.852s][info][gc,task        ] GC(402) Using 33 workers of 33 for evacuation
[160.858s][info][gc,phases      ] GC(402)   Pre Evacuate Collection Set: 0.2ms
[160.858s][info][gc,phases      ] GC(402)   Merge Heap Roots: 0.2ms
[160.858s][info][gc,phases      ] GC(402)   Evacuate Collection Set: 1.7ms
[160.858s][info][gc,phases      ] GC(402)   Post Evacuate Collection Set: 3.6ms
[160.858s][info][gc,phases      ] GC(402)   Other: 0.1ms
[160.858s][info][gc,heap        ] GC(402) Eden regions: 641->0(641)
[160.858s][info][gc,heap        ] GC(402) Survivor regions: 2->2(81)
[160.858s][info][gc,heap        ] GC(402) Old regions: 29->29
[160.858s][info][gc,heap        ] GC(402) Archive regions: 0->0
[160.858s][info][gc,heap        ] GC(402) Humongous regions: 0->0
[160.858s][info][gc,metaspace   ] GC(402) Metaspace: 14286K(15104K)->14286K(15104K) NonClass: 12347K(12928K)->12347K(12928K) Class: 1939K(2176K)->1939K(2176K)
[160.858s][info][gc             ] GC(402) Pause Young (Normal) (G1 Evacuation Pause) 647M->6M(1073M) 6.064ms
[160.858s][info][gc,cpu         ] GC(402) User=0.00s Sys=0.00s Real=0.00s
[161.314s][info][gc,start       ] GC(403) Pause Young (Normal) (G1 Evacuation Pause)
[161.315s][info][gc,task        ] GC(403) Using 33 workers of 33 for evacuation
[161.321s][info][gc,phases      ] GC(403)   Pre Evacuate Collection Set: 0.2ms
[161.321s][info][gc,phases      ] GC(403)   Merge Heap Roots: 0.2ms
[161.321s][info][gc,phases      ] GC(403)   Evacuate Collection Set: 1.8ms
[161.321s][info][gc,phases      ] GC(403)   Post Evacuate Collection Set: 3.7ms
[161.321s][info][gc,phases      ] GC(403)   Other: 0.2ms
[161.321s][info][gc,heap        ] GC(403) Eden regions: 641->0(641)
[161.321s][info][gc,heap        ] GC(403) Survivor regions: 2->2(81)
[161.321s][info][gc,heap        ] GC(403) Old regions: 29->29
[161.321s][info][gc,heap        ] GC(403) Archive regions: 0->0
[161.321s][info][gc,heap        ] GC(403) Humongous regions: 0->0
[161.321s][info][gc,metaspace   ] GC(403) Metaspace: 14286K(15104K)->14286K(15104K) NonClass: 12347K(12928K)->12347K(12928K) Class: 1939K(2176K)->1939K(2176K)
[161.321s][info][gc             ] GC(403) Pause Young (Normal) (G1 Evacuation Pause) 647M->6M(1073M) 6.271ms
[161.321s][info][gc,cpu         ] GC(403) User=0.52s Sys=0.00s Real=0.01s
[161.777s][info][gc,start       ] GC(404) Pause Young (Normal) (G1 Evacuation Pause)
[161.777s][info][gc,task        ] GC(404) Using 33 workers of 33 for evacuation
[161.782s][info][gc,phases      ] GC(404)   Pre Evacuate Collection Set: 0.2ms
[161.782s][info][gc,phases      ] GC(404)   Merge Heap Roots: 0.2ms
[161.782s][info][gc,phases      ] GC(404)   Evacuate Collection Set: 0.6ms
[161.782s][info][gc,phases      ] GC(404)   Post Evacuate Collection Set: 3.7ms
[161.782s][info][gc,phases      ] GC(404)   Other: 0.1ms
[161.782s][info][gc,heap        ] GC(404) Eden regions: 641->0(641)
[161.782s][info][gc,heap        ] GC(404) Survivor regions: 2->2(81)
[161.782s][info][gc,heap        ] GC(404) Old regions: 29->29
[161.782s][info][gc,heap        ] GC(404) Archive regions: 0->0
[161.782s][info][gc,heap        ] GC(404) Humongous regions: 0->0
[161.782s][info][gc,metaspace   ] GC(404) Metaspace: 14286K(15104K)->14286K(15104K) NonClass: 12347K(12928K)->12347K(12928K) Class: 1939K(2176K)->1939K(2176K)
[161.782s][info][gc             ] GC(404) Pause Young (Normal) (G1 Evacuation Pause) 647M->6M(1073M) 4.958ms
[161.782s][info][gc,cpu         ] GC(404) User=0.00s Sys=0.00s Real=0.00s
[162.247s][info][gc,start       ] GC(405) Pause Young (Normal) (G1 Evacuation Pause)
[162.247s][info][gc,task        ] GC(405) Using 33 workers of 33 for evacuation
[162.251s][info][gc,phases      ] GC(405)   Pre Evacuate Collection Set: 0.2ms
[162.252s][info][gc,phases      ] GC(405)   Merge Heap Roots: 0.2ms
[162.252s][info][gc,phases      ] GC(405)   Evacuate Collection Set: 0.5ms
[162.252s][info][gc,phases      ] GC(405)   Post Evacuate Collection Set: 3.4ms
[162.252s][info][gc,phases      ] GC(405)   Other: 0.1ms
[162.252s][info][gc,heap        ] GC(405) Eden regions: 641->0(641)
[162.252s][info][gc,heap        ] GC(405) Survivor regions: 2->2(81)
[162.252s][info][gc,heap        ] GC(405) Old regions: 29->29
[162.252s][info][gc,heap        ] GC(405) Archive regions: 0->0
[162.252s][info][gc,heap        ] GC(405) Humongous regions: 0->0
[162.252s][info][gc,metaspace   ] GC(405) Metaspace: 14286K(15104K)->14286K(15104K) NonClass: 12347K(12928K)->12347K(12928K) Class: 1939K(2176K)->1939K(2176K)
[162.252s][info][gc             ] GC(405) Pause Young (Normal) (G1 Evacuation Pause) 647M->7M(1073M) 4.575ms
[162.252s][info][gc,cpu         ] GC(405) User=0.00s Sys=0.00s Real=0.00s
[162.701s][info][gc,start       ] GC(406) Pause Young (Normal) (G1 Evacuation Pause)
[162.701s][info][gc,task        ] GC(406) Using 33 workers of 33 for evacuation
[162.706s][info][gc,phases      ] GC(406)   Pre Evacuate Collection Set: 0.2ms
[162.706s][info][gc,phases      ] GC(406)   Merge Heap Roots: 0.2ms
[162.706s][info][gc,phases      ] GC(406)   Evacuate Collection Set: 0.7ms
[162.706s][info][gc,phases      ] GC(406)   Post Evacuate Collection Set: 3.4ms
[162.706s][info][gc,phases      ] GC(406)   Other: 0.1ms
[162.706s][info][gc,heap        ] GC(406) Eden regions: 641->0(641)
[162.706s][info][gc,heap        ] GC(406) Survivor regions: 2->2(81)
[162.706s][info][gc,heap        ] GC(406) Old regions: 29->29
[162.706s][info][gc,heap        ] GC(406) Archive regions: 0->0
[162.706s][info][gc,heap        ] GC(406) Humongous regions: 0->0
[162.706s][info][gc,metaspace   ] GC(406) Metaspace: 14286K(15104K)->14286K(15104K) NonClass: 12347K(12928K)->12347K(12928K) Class: 1939K(2176K)->1939K(2176K)
[162.706s][info][gc             ] GC(406) Pause Young (Normal) (G1 Evacuation Pause) 648M->7M(1073M) 4.812ms
[162.706s][info][gc,cpu         ] GC(406) User=0.00s Sys=0.00s Real=0.00s
[163.158s][info][gc,start       ] GC(407) Pause Young (Normal) (G1 Evacuation Pause)
[163.158s][info][gc,task        ] GC(407) Using 33 workers of 33 for evacuation
[163.162s][info][gc,phases      ] GC(407)   Pre Evacuate Collection Set: 0.2ms
[163.163s][info][gc,phases      ] GC(407)   Merge Heap Roots: 0.2ms
[163.163s][info][gc,phases      ] GC(407)   Evacuate Collection Set: 0.5ms
[163.163s][info][gc,phases      ] GC(407)   Post Evacuate Collection Set: 3.4ms
[163.163s][info][gc,phases      ] GC(407)   Other: 0.1ms
[163.163s][info][gc,heap        ] GC(407) Eden regions: 641->0(641)
[163.163s][info][gc,heap        ] GC(407) Survivor regions: 2->2(81)
[163.163s][info][gc,heap        ] GC(407) Old regions: 29->29
[163.163s][info][gc,heap        ] GC(407) Archive regions: 0->0
[163.163s][info][gc,heap        ] GC(407) Humongous regions: 0->0
[163.163s][info][gc,metaspace   ] GC(407) Metaspace: 14286K(15104K)->14286K(15104K) NonClass: 12347K(12928K)->12347K(12928K) Class: 1939K(2176K)->1939K(2176K)
[163.163s][info][gc             ] GC(407) Pause Young (Normal) (G1 Evacuation Pause) 648M->7M(1073M) 4.655ms
[163.163s][info][gc,cpu         ] GC(407) User=0.00s Sys=0.00s Real=0.01s
[163.610s][info][gc,start       ] GC(408) Pause Young (Normal) (G1 Evacuation Pause)
[163.610s][info][gc,task        ] GC(408) Using 33 workers of 33 for evacuation
[163.614s][info][gc,phases      ] GC(408)   Pre Evacuate Collection Set: 0.2ms
[163.614s][info][gc,phases      ] GC(408)   Merge Heap Roots: 0.2ms
[163.614s][info][gc,phases      ] GC(408)   Evacuate Collection Set: 0.5ms
[163.614s][info][gc,phases      ] GC(408)   Post Evacuate Collection Set: 3.5ms
[163.614s][info][gc,phases      ] GC(408)   Other: 0.1ms
[163.614s][info][gc,heap        ] GC(408) Eden regions: 641->0(641)
[163.614s][info][gc,heap        ] GC(408) Survivor regions: 2->2(81)
[163.614s][info][gc,heap        ] GC(408) Old regions: 29->29
[163.614s][info][gc,heap        ] GC(408) Archive regions: 0->0
[163.615s][info][gc,heap        ] GC(408) Humongous regions: 0->0
[163.615s][info][gc,metaspace   ] GC(408) Metaspace: 14286K(15104K)->14286K(15104K) NonClass: 12347K(12928K)->12347K(12928K) Class: 1939K(2176K)->1939K(2176K)
[163.615s][info][gc             ] GC(408) Pause Young (Normal) (G1 Evacuation Pause) 648M->7M(1073M) 4.777ms
[163.615s][info][gc,cpu         ] GC(408) User=0.00s Sys=0.00s Real=0.00s
[164.063s][info][gc,start       ] GC(409) Pause Young (Normal) (G1 Evacuation Pause)
[164.063s][info][gc,task        ] GC(409) Using 33 workers of 33 for evacuation
[164.068s][info][gc,phases      ] GC(409)   Pre Evacuate Collection Set: 0.2ms
[164.068s][info][gc,phases      ] GC(409)   Merge Heap Roots: 0.2ms
[164.068s][info][gc,phases      ] GC(409)   Evacuate Collection Set: 0.5ms
[164.068s][info][gc,phases      ] GC(409)   Post Evacuate Collection Set: 3.7ms
[164.068s][info][gc,phases      ] GC(409)   Other: 0.1ms
[164.068s][info][gc,heap        ] GC(409) Eden regions: 641->0(640)
[164.068s][info][gc,heap        ] GC(409) Survivor regions: 2->3(81)
[164.068s][info][gc,heap        ] GC(409) Old regions: 29->29
[164.068s][info][gc,heap        ] GC(409) Archive regions: 0->0
[164.068s][info][gc,heap        ] GC(409) Humongous regions: 0->0
[164.068s][info][gc,metaspace   ] GC(409) Metaspace: 14286K(15104K)->14286K(15104K) NonClass: 12347K(12928K)->12347K(12928K) Class: 1939K(2176K)->1939K(2176K)
[164.068s][info][gc             ] GC(409) Pause Young (Normal) (G1 Evacuation Pause) 648M->7M(1073M) 4.878ms
[164.068s][info][gc,cpu         ] GC(409) User=0.00s Sys=0.00s Real=0.00s
[164.516s][info][gc,start       ] GC(410) Pause Young (Normal) (G1 Evacuation Pause)
[164.516s][info][gc,task        ] GC(410) Using 33 workers of 33 for evacuation
[164.521s][info][gc,phases      ] GC(410)   Pre Evacuate Collection Set: 0.2ms
[164.521s][info][gc,phases      ] GC(410)   Merge Heap Roots: 0.2ms
[164.521s][info][gc,phases      ] GC(410)   Evacuate Collection Set: 0.7ms
[164.521s][info][gc,phases      ] GC(410)   Post Evacuate Collection Set: 3.8ms
[164.521s][info][gc,phases      ] GC(410)   Other: 0.1ms
[164.521s][info][gc,heap        ] GC(410) Eden regions: 640->0(640)
[164.521s][info][gc,heap        ] GC(410) Survivor regions: 3->3(81)
[164.521s][info][gc,heap        ] GC(410) Old regions: 29->29
[164.521s][info][gc,heap        ] GC(410) Archive regions: 0->0
[164.521s][info][gc,heap        ] GC(410) Humongous regions: 0->0
[164.521s][info][gc,metaspace   ] GC(410) Metaspace: 14286K(15104K)->14286K(15104K) NonClass: 12347K(12928K)->12347K(12928K) Class: 1939K(2176K)->1939K(2176K)
[164.521s][info][gc             ] GC(410) Pause Young (Normal) (G1 Evacuation Pause) 647M->7M(1073M) 5.112ms
[164.521s][info][gc,cpu         ] GC(410) User=0.00s Sys=0.00s Real=0.01s
[164.980s][info][gc,start       ] GC(411) Pause Young (Normal) (G1 Evacuation Pause)
[164.980s][info][gc,task        ] GC(411) Using 33 workers of 33 for evacuation
[164.985s][info][gc,phases      ] GC(411)   Pre Evacuate Collection Set: 0.2ms
[164.985s][info][gc,phases      ] GC(411)   Merge Heap Roots: 0.2ms
[164.985s][info][gc,phases      ] GC(411)   Evacuate Collection Set: 0.6ms
[164.985s][info][gc,phases      ] GC(411)   Post Evacuate Collection Set: 3.4ms
[164.985s][info][gc,phases      ] GC(411)   Other: 0.1ms
[164.985s][info][gc,heap        ] GC(411) Eden regions: 640->0(640)
[164.985s][info][gc,heap        ] GC(411) Survivor regions: 3->3(81)
[164.985s][info][gc,heap        ] GC(411) Old regions: 29->29
[164.985s][info][gc,heap        ] GC(411) Archive regions: 0->0
[164.985s][info][gc,heap        ] GC(411) Humongous regions: 0->0
[164.985s][info][gc,metaspace   ] GC(411) Metaspace: 14286K(15104K)->14286K(15104K) NonClass: 12347K(12928K)->12347K(12928K) Class: 1939K(2176K)->1939K(2176K)
[164.985s][info][gc             ] GC(411) Pause Young (Normal) (G1 Evacuation Pause) 647M->7M(1073M) 4.640ms
[164.985s][info][gc,cpu         ] GC(411) User=0.00s Sys=0.00s Real=0.01s
[165.432s][info][gc,start       ] GC(412) Pause Young (Normal) (G1 Evacuation Pause)
[165.432s][info][gc,task        ] GC(412) Using 33 workers of 33 for evacuation
[165.436s][info][gc,phases      ] GC(412)   Pre Evacuate Collection Set: 0.2ms
[165.436s][info][gc,phases      ] GC(412)   Merge Heap Roots: 0.2ms
[165.436s][info][gc,phases      ] GC(412)   Evacuate Collection Set: 0.6ms
[165.436s][info][gc,phases      ] GC(412)   Post Evacuate Collection Set: 3.5ms
[165.436s][info][gc,phases      ] GC(412)   Other: 0.1ms
[165.436s][info][gc,heap        ] GC(412) Eden regions: 640->0(640)
[165.436s][info][gc,heap        ] GC(412) Survivor regions: 3->3(81)
[165.436s][info][gc,heap        ] GC(412) Old regions: 29->29
[165.436s][info][gc,heap        ] GC(412) Archive regions: 0->0
[165.436s][info][gc,heap        ] GC(412) Humongous regions: 0->0
[165.436s][info][gc,metaspace   ] GC(412) Metaspace: 14286K(15104K)->14286K(15104K) NonClass: 12347K(12928K)->12347K(12928K) Class: 1939K(2176K)->1939K(2176K)
[165.436s][info][gc             ] GC(412) Pause Young (Normal) (G1 Evacuation Pause) 647M->7M(1073M) 4.770ms
[165.436s][info][gc,cpu         ] GC(412) User=0.00s Sys=0.00s Real=0.00s
[165.894s][info][gc,start       ] GC(413) Pause Young (Normal) (G1 Evacuation Pause)
[165.894s][info][gc,task        ] GC(413) Using 33 workers of 33 for evacuation
[165.899s][info][gc,phases      ] GC(413)   Pre Evacuate Collection Set: 0.2ms
[165.899s][info][gc,phases      ] GC(413)   Merge Heap Roots: 0.2ms
[165.899s][info][gc,phases      ] GC(413)   Evacuate Collection Set: 0.5ms
[165.899s][info][gc,phases      ] GC(413)   Post Evacuate Collection Set: 3.4ms
[165.899s][info][gc,phases      ] GC(413)   Other: 0.1ms
[165.899s][info][gc,heap        ] GC(413) Eden regions: 640->0(642)
[165.899s][info][gc,heap        ] GC(413) Survivor regions: 3->1(81)
[165.899s][info][gc,heap        ] GC(413) Old regions: 29->31
[165.899s][info][gc,heap        ] GC(413) Archive regions: 0->0
[165.899s][info][gc,heap        ] GC(413) Humongous regions: 0->0
[165.899s][info][gc,metaspace   ] GC(413) Metaspace: 14286K(15104K)->14286K(15104K) NonClass: 12347K(12928K)->12347K(12928K) Class: 1939K(2176K)->1939K(2176K)
[165.899s][info][gc             ] GC(413) Pause Young (Normal) (G1 Evacuation Pause) 647M->7M(1073M) 4.574ms
[165.899s][info][gc,cpu         ] GC(413) User=0.52s Sys=0.00s Real=0.01s
[166.346s][info][gc,start       ] GC(414) Pause Young (Normal) (G1 Evacuation Pause)
[166.346s][info][gc,task        ] GC(414) Using 33 workers of 33 for evacuation
[166.350s][info][gc,phases      ] GC(414)   Pre Evacuate Collection Set: 0.2ms
[166.350s][info][gc,phases      ] GC(414)   Merge Heap Roots: 0.2ms
[166.350s][info][gc,phases      ] GC(414)   Evacuate Collection Set: 0.4ms
[166.350s][info][gc,phases      ] GC(414)   Post Evacuate Collection Set: 3.5ms
[166.350s][info][gc,phases      ] GC(414)   Other: 0.1ms
[166.350s][info][gc,heap        ] GC(414) Eden regions: 642->0(642)
[166.350s][info][gc,heap        ] GC(414) Survivor regions: 1->1(81)
[166.350s][info][gc,heap        ] GC(414) Old regions: 31->31
[166.350s][info][gc,heap        ] GC(414) Archive regions: 0->0
[166.350s][info][gc,heap        ] GC(414) Humongous regions: 0->0
[166.350s][info][gc,metaspace   ] GC(414) Metaspace: 14286K(15104K)->14286K(15104K) NonClass: 12347K(12928K)->12347K(12928K) Class: 1939K(2176K)->1939K(2176K)
[166.351s][info][gc             ] GC(414) Pause Young (Normal) (G1 Evacuation Pause) 649M->7M(1073M) 4.566ms
[166.351s][info][gc,cpu         ] GC(414) User=0.52s Sys=0.00s Real=0.00s
[166.800s][info][gc,start       ] GC(415) Pause Young (Normal) (G1 Evacuation Pause)
[166.800s][info][gc,task        ] GC(415) Using 33 workers of 33 for evacuation
[166.805s][info][gc,phases      ] GC(415)   Pre Evacuate Collection Set: 0.2ms
[166.805s][info][gc,phases      ] GC(415)   Merge Heap Roots: 0.2ms
[166.805s][info][gc,phases      ] GC(415)   Evacuate Collection Set: 0.3ms
[166.805s][info][gc,phases      ] GC(415)   Post Evacuate Collection Set: 3.6ms
[166.805s][info][gc,phases      ] GC(415)   Other: 0.1ms
[166.805s][info][gc,heap        ] GC(415) Eden regions: 642->0(641)
[166.805s][info][gc,heap        ] GC(415) Survivor regions: 1->2(81)
[166.805s][info][gc,heap        ] GC(415) Old regions: 31->31
[166.805s][info][gc,heap        ] GC(415) Archive regions: 0->0
[166.805s][info][gc,heap        ] GC(415) Humongous regions: 0->0
[166.805s][info][gc,metaspace   ] GC(415) Metaspace: 14286K(15104K)->14286K(15104K) NonClass: 12347K(12928K)->12347K(12928K) Class: 1939K(2176K)->1939K(2176K)
[166.805s][info][gc             ] GC(415) Pause Young (Normal) (G1 Evacuation Pause) 649M->7M(1073M) 4.731ms
[166.805s][info][gc,cpu         ] GC(415) User=0.05s Sys=0.00s Real=0.00s
[167.346s][info][gc,start       ] GC(416) Pause Young (Normal) (G1 Evacuation Pause)
[167.347s][info][gc,task        ] GC(416) Using 33 workers of 33 for evacuation
[167.353s][info][gc,phases      ] GC(416)   Pre Evacuate Collection Set: 0.2ms
[167.353s][info][gc,phases      ] GC(416)   Merge Heap Roots: 0.3ms
[167.353s][info][gc,phases      ] GC(416)   Evacuate Collection Set: 0.7ms
[167.353s][info][gc,phases      ] GC(416)   Post Evacuate Collection Set: 4.6ms
[167.353s][info][gc,phases      ] GC(416)   Other: 0.2ms
[167.353s][info][gc,heap        ] GC(416) Eden regions: 641->0(641)
[167.353s][info][gc,heap        ] GC(416) Survivor regions: 2->2(81)
[167.353s][info][gc,heap        ] GC(416) Old regions: 31->31
[167.353s][info][gc,heap        ] GC(416) Archive regions: 0->0
[167.353s][info][gc,heap        ] GC(416) Humongous regions: 0->0
[167.353s][info][gc,metaspace   ] GC(416) Metaspace: 14286K(15104K)->14286K(15104K) NonClass: 12347K(12928K)->12347K(12928K) Class: 1939K(2176K)->1939K(2176K)
[167.353s][info][gc             ] GC(416) Pause Young (Normal) (G1 Evacuation Pause) 648M->7M(1073M) 6.662ms
[167.353s][info][gc,cpu         ] GC(416) User=0.00s Sys=0.00s Real=0.00s
[167.817s][info][gc,start       ] GC(417) Pause Young (Normal) (G1 Evacuation Pause)
[167.817s][info][gc,task        ] GC(417) Using 33 workers of 33 for evacuation
[167.821s][info][gc,phases      ] GC(417)   Pre Evacuate Collection Set: 0.2ms
[167.822s][info][gc,phases      ] GC(417)   Merge Heap Roots: 0.2ms
[167.822s][info][gc,phases      ] GC(417)   Evacuate Collection Set: 0.4ms
[167.822s][info][gc,phases      ] GC(417)   Post Evacuate Collection Set: 3.3ms
[167.822s][info][gc,phases      ] GC(417)   Other: 0.1ms
[167.822s][info][gc,heap        ] GC(417) Eden regions: 641->0(641)
[167.822s][info][gc,heap        ] GC(417) Survivor regions: 2->2(81)
[167.822s][info][gc,heap        ] GC(417) Old regions: 31->31
[167.822s][info][gc,heap        ] GC(417) Archive regions: 0->0
[167.822s][info][gc,heap        ] GC(417) Humongous regions: 0->0
[167.822s][info][gc,metaspace   ] GC(417) Metaspace: 14286K(15104K)->14286K(15104K) NonClass: 12347K(12928K)->12347K(12928K) Class: 1939K(2176K)->1939K(2176K)
[167.822s][info][gc             ] GC(417) Pause Young (Normal) (G1 Evacuation Pause) 648M->7M(1073M) 4.389ms
[167.822s][info][gc,cpu         ] GC(417) User=0.52s Sys=0.00s Real=0.00s
[168.265s][info][gc,start       ] GC(418) Pause Young (Normal) (G1 Evacuation Pause)
[168.265s][info][gc,task        ] GC(418) Using 33 workers of 33 for evacuation
[168.270s][info][gc,phases      ] GC(418)   Pre Evacuate Collection Set: 0.2ms
[168.270s][info][gc,phases      ] GC(418)   Merge Heap Roots: 0.2ms
[168.270s][info][gc,phases      ] GC(418)   Evacuate Collection Set: 0.4ms
[168.270s][info][gc,phases      ] GC(418)   Post Evacuate Collection Set: 3.5ms
[168.270s][info][gc,phases      ] GC(418)   Other: 0.1ms
[168.270s][info][gc,heap        ] GC(418) Eden regions: 641->0(641)
[168.270s][info][gc,heap        ] GC(418) Survivor regions: 2->2(81)
[168.270s][info][gc,heap        ] GC(418) Old regions: 31->31
[168.270s][info][gc,heap        ] GC(418) Archive regions: 0->0
[168.270s][info][gc,heap        ] GC(418) Humongous regions: 0->0
[168.270s][info][gc,metaspace   ] GC(418) Metaspace: 14286K(15104K)->14286K(15104K) NonClass: 12347K(12928K)->12347K(12928K) Class: 1939K(2176K)->1939K(2176K)
[168.270s][info][gc             ] GC(418) Pause Young (Normal) (G1 Evacuation Pause) 648M->8M(1073M) 4.597ms
[168.270s][info][gc,cpu         ] GC(418) User=0.00s Sys=0.00s Real=0.00s
[168.725s][info][gc,start       ] GC(419) Pause Young (Normal) (G1 Evacuation Pause)
[168.726s][info][gc,task        ] GC(419) Using 33 workers of 33 for evacuation
[168.730s][info][gc,phases      ] GC(419)   Pre Evacuate Collection Set: 0.2ms
[168.730s][info][gc,phases      ] GC(419)   Merge Heap Roots: 0.2ms
[168.730s][info][gc,phases      ] GC(419)   Evacuate Collection Set: 0.4ms
[168.730s][info][gc,phases      ] GC(419)   Post Evacuate Collection Set: 3.4ms
[168.730s][info][gc,phases      ] GC(419)   Other: 0.1ms
[168.730s][info][gc,heap        ] GC(419) Eden regions: 641->0(641)
[168.730s][info][gc,heap        ] GC(419) Survivor regions: 2->2(81)
[168.730s][info][gc,heap        ] GC(419) Old regions: 31->31
[168.730s][info][gc,heap        ] GC(419) Archive regions: 0->0
[168.730s][info][gc,heap        ] GC(419) Humongous regions: 0->0
[168.730s][info][gc,metaspace   ] GC(419) Metaspace: 14286K(15104K)->14286K(15104K) NonClass: 12347K(12928K)->12347K(12928K) Class: 1939K(2176K)->1939K(2176K)
[168.730s][info][gc             ] GC(419) Pause Young (Normal) (G1 Evacuation Pause) 649M->8M(1073M) 4.512ms
[168.730s][info][gc,cpu         ] GC(419) User=0.00s Sys=0.00s Real=0.00s
[169.180s][info][gc,start       ] GC(420) Pause Young (Normal) (G1 Evacuation Pause)
[169.180s][info][gc,task        ] GC(420) Using 33 workers of 33 for evacuation
[169.184s][info][gc,phases      ] GC(420)   Pre Evacuate Collection Set: 0.2ms
[169.184s][info][gc,phases      ] GC(420)   Merge Heap Roots: 0.2ms
[169.184s][info][gc,phases      ] GC(420)   Evacuate Collection Set: 0.4ms
[169.184s][info][gc,phases      ] GC(420)   Post Evacuate Collection Set: 3.4ms
[169.184s][info][gc,phases      ] GC(420)   Other: 0.1ms
[169.184s][info][gc,heap        ] GC(420) Eden regions: 641->0(641)
[169.184s][info][gc,heap        ] GC(420) Survivor regions: 2->2(81)
[169.184s][info][gc,heap        ] GC(420) Old regions: 31->31
[169.184s][info][gc,heap        ] GC(420) Archive regions: 0->0
[169.184s][info][gc,heap        ] GC(420) Humongous regions: 0->0
[169.184s][info][gc,metaspace   ] GC(420) Metaspace: 14286K(15104K)->14286K(15104K) NonClass: 12347K(12928K)->12347K(12928K) Class: 1939K(2176K)->1939K(2176K)
[169.184s][info][gc             ] GC(420) Pause Young (Normal) (G1 Evacuation Pause) 649M->8M(1073M) 4.547ms
[169.184s][info][gc,cpu         ] GC(420) User=0.00s Sys=0.00s Real=0.00s
[169.630s][info][gc,start       ] GC(421) Pause Young (Normal) (G1 Evacuation Pause)
[169.630s][info][gc,task        ] GC(421) Using 33 workers of 33 for evacuation
[169.635s][info][gc,phases      ] GC(421)   Pre Evacuate Collection Set: 0.2ms
[169.635s][info][gc,phases      ] GC(421)   Merge Heap Roots: 0.2ms
[169.635s][info][gc,phases      ] GC(421)   Evacuate Collection Set: 0.4ms
[169.635s][info][gc,phases      ] GC(421)   Post Evacuate Collection Set: 3.6ms
[169.635s][info][gc,phases      ] GC(421)   Other: 0.1ms
[169.635s][info][gc,heap        ] GC(421) Eden regions: 641->0(641)
[169.635s][info][gc,heap        ] GC(421) Survivor regions: 2->2(81)
[169.635s][info][gc,heap        ] GC(421) Old regions: 31->31
[169.635s][info][gc,heap        ] GC(421) Archive regions: 0->0
[169.635s][info][gc,heap        ] GC(421) Humongous regions: 0->0
[169.635s][info][gc,metaspace   ] GC(421) Metaspace: 14286K(15104K)->14286K(15104K) NonClass: 12347K(12928K)->12347K(12928K) Class: 1939K(2176K)->1939K(2176K)
[169.635s][info][gc             ] GC(421) Pause Young (Normal) (G1 Evacuation Pause) 649M->8M(1073M) 4.659ms
[169.635s][info][gc,cpu         ] GC(421) User=0.52s Sys=0.00s Real=0.00s
[170.083s][info][gc,start       ] GC(422) Pause Young (Normal) (G1 Evacuation Pause)
[170.083s][info][gc,task        ] GC(422) Using 33 workers of 33 for evacuation
[170.088s][info][gc,phases      ] GC(422)   Pre Evacuate Collection Set: 0.2ms
[170.088s][info][gc,phases      ] GC(422)   Merge Heap Roots: 0.2ms
[170.088s][info][gc,phases      ] GC(422)   Evacuate Collection Set: 0.4ms
[170.088s][info][gc,phases      ] GC(422)   Post Evacuate Collection Set: 3.7ms
[170.088s][info][gc,phases      ] GC(422)   Other: 0.1ms
[170.088s][info][gc,heap        ] GC(422) Eden regions: 641->0(641)
[170.088s][info][gc,heap        ] GC(422) Survivor regions: 2->2(81)
[170.088s][info][gc,heap        ] GC(422) Old regions: 31->32
[170.088s][info][gc,heap        ] GC(422) Archive regions: 0->0
[170.088s][info][gc,heap        ] GC(422) Humongous regions: 0->0
[170.088s][info][gc,metaspace   ] GC(422) Metaspace: 14286K(15104K)->14286K(15104K) NonClass: 12347K(12928K)->12347K(12928K) Class: 1939K(2176K)->1939K(2176K)
[170.088s][info][gc             ] GC(422) Pause Young (Normal) (G1 Evacuation Pause) 649M->8M(1073M) 4.822ms
[170.088s][info][gc,cpu         ] GC(422) User=0.52s Sys=0.00s Real=0.00s
[170.534s][info][gc,start       ] GC(423) Pause Young (Normal) (G1 Evacuation Pause)
[170.534s][info][gc,task        ] GC(423) Using 33 workers of 33 for evacuation
[170.538s][info][gc,phases      ] GC(423)   Pre Evacuate Collection Set: 0.2ms
[170.539s][info][gc,phases      ] GC(423)   Merge Heap Roots: 0.2ms
[170.539s][info][gc,phases      ] GC(423)   Evacuate Collection Set: 0.4ms
[170.539s][info][gc,phases      ] GC(423)   Post Evacuate Collection Set: 3.8ms
[170.539s][info][gc,phases      ] GC(423)   Other: 0.2ms
[170.539s][info][gc,heap        ] GC(423) Eden regions: 641->0(641)
[170.539s][info][gc,heap        ] GC(423) Survivor regions: 2->2(81)
[170.539s][info][gc,heap        ] GC(423) Old regions: 32->32
[170.539s][info][gc,heap        ] GC(423) Archive regions: 0->0
[170.539s][info][gc,heap        ] GC(423) Humongous regions: 0->0
[170.539s][info][gc,metaspace   ] GC(423) Metaspace: 14286K(15104K)->14286K(15104K) NonClass: 12347K(12928K)->12347K(12928K) Class: 1939K(2176K)->1939K(2176K)
[170.539s][info][gc             ] GC(423) Pause Young (Normal) (G1 Evacuation Pause) 649M->8M(1073M) 4.972ms
[170.539s][info][gc,cpu         ] GC(423) User=0.05s Sys=0.00s Real=0.00s
[170.953s][info][gc,start       ] GC(424) Pause Young (Normal) (G1 Evacuation Pause)
[170.953s][info][gc,task        ] GC(424) Using 33 workers of 33 for evacuation
[170.958s][info][gc,phases      ] GC(424)   Pre Evacuate Collection Set: 0.2ms
[170.967s][info][gc,phases      ] GC(424)   Merge Heap Roots: 0.2ms
[170.967s][info][gc,phases      ] GC(424)   Evacuate Collection Set: 0.4ms
[170.967s][info][gc,phases      ] GC(424)   Post Evacuate Collection Set: 3.9ms
[170.967s][info][gc,phases      ] GC(424)   Other: 0.1ms
[170.967s][info][gc,heap        ] GC(424) Eden regions: 641->0(641)
[170.967s][info][gc,heap        ] GC(424) Survivor regions: 2->2(81)
[170.967s][info][gc,heap        ] GC(424) Old regions: 32->32
[170.967s][info][gc,heap        ] GC(424) Archive regions: 0->0
[170.967s][info][gc,heap        ] GC(424) Humongous regions: 0->0
[170.967s][info][gc,metaspace   ] GC(424) Metaspace: 14286K(15104K)->14286K(15104K) NonClass: 12347K(12928K)->12347K(12928K) Class: 1939K(2176K)->1939K(2176K)
[170.967s][info][gc             ] GC(424) Pause Young (Normal) (G1 Evacuation Pause) 649M->8M(1073M) 13.367ms
[170.967s][info][gc,cpu         ] GC(424) User=0.00s Sys=0.00s Real=0.01s
[171.246s][info][gc,start       ] GC(425) Pause Full (System.gc())
[171.246s][info][gc,task        ] GC(425) Using 29 workers of 33 for full compaction
[171.248s][info][gc,phases,start] GC(425) Phase 1: Mark live objects
[171.255s][info][gc,phases      ] GC(425) Phase 1: Mark live objects 7.611ms
[171.255s][info][gc,phases,start] GC(425) Phase 2: Prepare compaction
[171.257s][info][gc,phases      ] GC(425) Phase 2: Prepare compaction 1.183ms
[171.257s][info][gc,phases,start] GC(425) Phase 3: Adjust pointers
[171.264s][info][gc,phases      ] GC(425) Phase 3: Adjust pointers 6.992ms
[171.264s][info][gc,phases,start] GC(425) Phase 4: Compact heap
[171.264s][info][gc,phases      ] GC(425) Phase 4: Compact heap 0.751ms
[171.275s][info][gc,heap        ] GC(425) Eden regions: 427->0(58)
[171.275s][info][gc,heap        ] GC(425) Survivor regions: 2->0(81)
[171.275s][info][gc,heap        ] GC(425) Old regions: 32->29
[171.275s][info][gc,heap        ] GC(425) Archive regions: 0->0
[171.275s][info][gc,heap        ] GC(425) Humongous regions: 0->0
[171.275s][info][gc,metaspace   ] GC(425) Metaspace: 14287K(15104K)->14287K(15104K) NonClass: 12347K(12928K)->12347K(12928K) Class: 1939K(2176K)->1939K(2176K)
[171.275s][info][gc             ] GC(425) Pause Full (System.gc()) 434M->5M(97M) 28.447ms
[171.275s][info][gc,cpu         ] GC(425) User=0.05s Sys=0.00s Real=0.02s
[171.324s][info][gc,start       ] GC(426) Pause Young (Normal) (G1 Evacuation Pause)
[171.324s][info][gc,task        ] GC(426) Using 33 workers of 33 for evacuation
[171.327s][info][gc,phases      ] GC(426)   Pre Evacuate Collection Set: 0.1ms
[171.327s][info][gc,phases      ] GC(426)   Merge Heap Roots: 0.1ms
[171.327s][info][gc,phases      ] GC(426)   Evacuate Collection Set: 0.4ms
[171.327s][info][gc,phases      ] GC(426)   Post Evacuate Collection Set: 2.7ms
[171.327s][info][gc,phases      ] GC(426)   Other: 0.1ms
[171.327s][info][gc,heap        ] GC(426) Eden regions: 58->0(56)
[171.327s][info][gc,heap        ] GC(426) Survivor regions: 0->2(8)
[171.327s][info][gc,heap        ] GC(426) Old regions: 29->29
[171.327s][info][gc,heap        ] GC(426) Archive regions: 0->0
[171.327s][info][gc,heap        ] GC(426) Humongous regions: 0->0
[171.327s][info][gc,metaspace   ] GC(426) Metaspace: 14287K(15104K)->14287K(15104K) NonClass: 12347K(12928K)->12347K(12928K) Class: 1939K(2176K)->1939K(2176K)
[171.327s][info][gc             ] GC(426) Pause Young (Normal) (G1 Evacuation Pause) 63M->6M(97M) 3.668ms
[171.327s][info][gc,cpu         ] GC(426) User=0.00s Sys=0.00s Real=0.00s
[171.366s][info][gc,start       ] GC(427) Pause Young (Normal) (G1 Evacuation Pause)
[171.366s][info][gc,task        ] GC(427) Using 33 workers of 33 for evacuation
[171.370s][info][gc,phases      ] GC(427)   Pre Evacuate Collection Set: 0.1ms
[171.370s][info][gc,phases      ] GC(427)   Merge Heap Roots: 0.1ms
[171.370s][info][gc,phases      ] GC(427)   Evacuate Collection Set: 0.5ms
[171.370s][info][gc,phases      ] GC(427)   Post Evacuate Collection Set: 2.6ms
[171.370s][info][gc,phases      ] GC(427)   Other: 0.1ms
[171.370s][info][gc,heap        ] GC(427) Eden regions: 56->0(56)
[171.370s][info][gc,heap        ] GC(427) Survivor regions: 2->2(8)
[171.370s][info][gc,heap        ] GC(427) Old regions: 29->29
[171.370s][info][gc,heap        ] GC(427) Archive regions: 0->0
[171.370s][info][gc,heap        ] GC(427) Humongous regions: 0->0
[171.370s][info][gc,metaspace   ] GC(427) Metaspace: 14287K(15104K)->14287K(15104K) NonClass: 12347K(12928K)->12347K(12928K) Class: 1939K(2176K)->1939K(2176K)
[171.370s][info][gc             ] GC(427) Pause Young (Normal) (G1 Evacuation Pause) 62M->6M(97M) 3.584ms
[171.370s][info][gc,cpu         ] GC(427) User=0.00s Sys=0.00s Real=0.00s
[171.410s][info][gc,start       ] GC(428) Pause Young (Normal) (G1 Evacuation Pause)
[171.410s][info][gc,task        ] GC(428) Using 33 workers of 33 for evacuation
[171.413s][info][gc,phases      ] GC(428)   Pre Evacuate Collection Set: 0.1ms
[171.413s][info][gc,phases      ] GC(428)   Merge Heap Roots: 0.1ms
[171.413s][info][gc,phases      ] GC(428)   Evacuate Collection Set: 0.5ms
[171.413s][info][gc,phases      ] GC(428)   Post Evacuate Collection Set: 2.6ms
[171.413s][info][gc,phases      ] GC(428)   Other: 0.1ms
[171.413s][info][gc,heap        ] GC(428) Eden regions: 56->0(56)
[171.413s][info][gc,heap        ] GC(428) Survivor regions: 2->2(8)
[171.413s][info][gc,heap        ] GC(428) Old regions: 29->29
[171.413s][info][gc,heap        ] GC(428) Archive regions: 0->0
[171.413s][info][gc,heap        ] GC(428) Humongous regions: 0->0
[171.413s][info][gc,metaspace   ] GC(428) Metaspace: 14287K(15104K)->14287K(15104K) NonClass: 12347K(12928K)->12347K(12928K) Class: 1939K(2176K)->1939K(2176K)
[171.413s][info][gc             ] GC(428) Pause Young (Normal) (G1 Evacuation Pause) 62M->6M(97M) 3.578ms
[171.413s][info][gc,cpu         ] GC(428) User=0.00s Sys=0.00s Real=0.00s
[171.452s][info][gc,start       ] GC(429) Pause Young (Normal) (G1 Evacuation Pause)
[171.452s][info][gc,task        ] GC(429) Using 33 workers of 33 for evacuation
[171.460s][info][gc,phases      ] GC(429)   Pre Evacuate Collection Set: 0.1ms
[171.460s][info][gc,phases      ] GC(429)   Merge Heap Roots: 0.1ms
[171.460s][info][gc,phases      ] GC(429)   Evacuate Collection Set: 0.5ms
[171.460s][info][gc,phases      ] GC(429)   Post Evacuate Collection Set: 7.3ms
[171.460s][info][gc,phases      ] GC(429)   Other: 0.1ms
[171.460s][info][gc,heap        ] GC(429) Eden regions: 56->0(641)
[171.460s][info][gc,heap        ] GC(429) Survivor regions: 2->2(8)
[171.460s][info][gc,heap        ] GC(429) Old regions: 29->29
[171.460s][info][gc,heap        ] GC(429) Archive regions: 0->0
[171.460s][info][gc,heap        ] GC(429) Humongous regions: 0->0
[171.460s][info][gc,metaspace   ] GC(429) Metaspace: 14287K(15104K)->14287K(15104K) NonClass: 12347K(12928K)->12347K(12928K) Class: 1939K(2176K)->1939K(2176K)
[171.460s][info][gc             ] GC(429) Pause Young (Normal) (G1 Evacuation Pause) 62M->6M(1073M) 8.301ms
[171.460s][info][gc,cpu         ] GC(429) User=0.00s Sys=0.00s Real=0.01s
[171.894s][info][gc,start       ] GC(430) Pause Young (Normal) (G1 Evacuation Pause)
[171.894s][info][gc,task        ] GC(430) Using 33 workers of 33 for evacuation
[171.900s][info][gc,phases      ] GC(430)   Pre Evacuate Collection Set: 0.2ms
[171.900s][info][gc,phases      ] GC(430)   Merge Heap Roots: 0.2ms
[171.900s][info][gc,phases      ] GC(430)   Evacuate Collection Set: 1.8ms
[171.900s][info][gc,phases      ] GC(430)   Post Evacuate Collection Set: 3.4ms
[171.900s][info][gc,phases      ] GC(430)   Other: 0.1ms
[171.900s][info][gc,heap        ] GC(430) Eden regions: 641->0(641)
[171.900s][info][gc,heap        ] GC(430) Survivor regions: 2->2(81)
[171.900s][info][gc,heap        ] GC(430) Old regions: 29->29
[171.900s][info][gc,heap        ] GC(430) Archive regions: 0->0
[171.900s][info][gc,heap        ] GC(430) Humongous regions: 0->0
[171.900s][info][gc,metaspace   ] GC(430) Metaspace: 14287K(15104K)->14287K(15104K) NonClass: 12347K(12928K)->12347K(12928K) Class: 1939K(2176K)->1939K(2176K)
[171.900s][info][gc             ] GC(430) Pause Young (Normal) (G1 Evacuation Pause) 647M->6M(1073M) 5.899ms
[171.900s][info][gc,cpu         ] GC(430) User=0.00s Sys=0.00s Real=0.00s
[172.350s][info][gc,start       ] GC(431) Pause Young (Normal) (G1 Evacuation Pause)
[172.350s][info][gc,task        ] GC(431) Using 33 workers of 33 for evacuation
[172.356s][info][gc,phases      ] GC(431)   Pre Evacuate Collection Set: 0.2ms
[172.356s][info][gc,phases      ] GC(431)   Merge Heap Roots: 0.2ms
[172.356s][info][gc,phases      ] GC(431)   Evacuate Collection Set: 1.8ms
[172.356s][info][gc,phases      ] GC(431)   Post Evacuate Collection Set: 3.5ms
[172.356s][info][gc,phases      ] GC(431)   Other: 0.1ms
[172.356s][info][gc,heap        ] GC(431) Eden regions: 641->0(641)
[172.356s][info][gc,heap        ] GC(431) Survivor regions: 2->2(81)
[172.356s][info][gc,heap        ] GC(431) Old regions: 29->29
[172.356s][info][gc,heap        ] GC(431) Archive regions: 0->0
[172.356s][info][gc,heap        ] GC(431) Humongous regions: 0->0
[172.356s][info][gc,metaspace   ] GC(431) Metaspace: 14287K(15104K)->14287K(15104K) NonClass: 12347K(12928K)->12347K(12928K) Class: 1939K(2176K)->1939K(2176K)
[172.356s][info][gc             ] GC(431) Pause Young (Normal) (G1 Evacuation Pause) 647M->6M(1073M) 6.002ms
[172.356s][info][gc,cpu         ] GC(431) User=0.52s Sys=0.00s Real=0.01s
[172.803s][info][gc,start       ] GC(432) Pause Young (Normal) (G1 Evacuation Pause)
[172.803s][info][gc,task        ] GC(432) Using 33 workers of 33 for evacuation
[172.808s][info][gc,phases      ] GC(432)   Pre Evacuate Collection Set: 0.2ms
[172.808s][info][gc,phases      ] GC(432)   Merge Heap Roots: 0.2ms
[172.808s][info][gc,phases      ] GC(432)   Evacuate Collection Set: 0.5ms
[172.808s][info][gc,phases      ] GC(432)   Post Evacuate Collection Set: 3.6ms
[172.808s][info][gc,phases      ] GC(432)   Other: 0.1ms
[172.808s][info][gc,heap        ] GC(432) Eden regions: 641->0(641)
[172.808s][info][gc,heap        ] GC(432) Survivor regions: 2->2(81)
[172.808s][info][gc,heap        ] GC(432) Old regions: 29->29
[172.808s][info][gc,heap        ] GC(432) Archive regions: 0->0
[172.808s][info][gc,heap        ] GC(432) Humongous regions: 0->0
[172.808s][info][gc,metaspace   ] GC(432) Metaspace: 14287K(15104K)->14287K(15104K) NonClass: 12347K(12928K)->12347K(12928K) Class: 1939K(2176K)->1939K(2176K)
[172.808s][info][gc             ] GC(432) Pause Young (Normal) (G1 Evacuation Pause) 647M->6M(1073M) 4.803ms
[172.808s][info][gc,cpu         ] GC(432) User=0.00s Sys=0.02s Real=0.00s
[173.256s][info][gc,start       ] GC(433) Pause Young (Normal) (G1 Evacuation Pause)
[173.256s][info][gc,task        ] GC(433) Using 33 workers of 33 for evacuation
[173.261s][info][gc,phases      ] GC(433)   Pre Evacuate Collection Set: 0.2ms
[173.261s][info][gc,phases      ] GC(433)   Merge Heap Roots: 0.2ms
[173.261s][info][gc,phases      ] GC(433)   Evacuate Collection Set: 0.6ms
[173.261s][info][gc,phases      ] GC(433)   Post Evacuate Collection Set: 3.7ms
[173.261s][info][gc,phases      ] GC(433)   Other: 0.1ms
[173.261s][info][gc,heap        ] GC(433) Eden regions: 641->0(641)
[173.261s][info][gc,heap        ] GC(433) Survivor regions: 2->2(81)
[173.261s][info][gc,heap        ] GC(433) Old regions: 29->29
[173.261s][info][gc,heap        ] GC(433) Archive regions: 0->0
[173.261s][info][gc,heap        ] GC(433) Humongous regions: 0->0
[173.261s][info][gc,metaspace   ] GC(433) Metaspace: 14287K(15104K)->14287K(15104K) NonClass: 12347K(12928K)->12347K(12928K) Class: 1939K(2176K)->1939K(2176K)
[173.261s][info][gc             ] GC(433) Pause Young (Normal) (G1 Evacuation Pause) 647M->7M(1073M) 4.999ms
[173.261s][info][gc,cpu         ] GC(433) User=0.00s Sys=0.02s Real=0.00s
[173.704s][info][gc,start       ] GC(434) Pause Young (Normal) (G1 Evacuation Pause)
[173.704s][info][gc,task        ] GC(434) Using 33 workers of 33 for evacuation
[173.708s][info][gc,phases      ] GC(434)   Pre Evacuate Collection Set: 0.2ms
[173.708s][info][gc,phases      ] GC(434)   Merge Heap Roots: 0.2ms
[173.708s][info][gc,phases      ] GC(434)   Evacuate Collection Set: 0.5ms
[173.708s][info][gc,phases      ] GC(434)   Post Evacuate Collection Set: 3.7ms
[173.708s][info][gc,phases      ] GC(434)   Other: 0.1ms
[173.708s][info][gc,heap        ] GC(434) Eden regions: 641->0(641)
[173.708s][info][gc,heap        ] GC(434) Survivor regions: 2->2(81)
[173.708s][info][gc,heap        ] GC(434) Old regions: 29->29
[173.708s][info][gc,heap        ] GC(434) Archive regions: 0->0
[173.708s][info][gc,heap        ] GC(434) Humongous regions: 0->0
[173.708s][info][gc,metaspace   ] GC(434) Metaspace: 14287K(15104K)->14287K(15104K) NonClass: 12347K(12928K)->12347K(12928K) Class: 1939K(2176K)->1939K(2176K)
[173.708s][info][gc             ] GC(434) Pause Young (Normal) (G1 Evacuation Pause) 648M->7M(1073M) 4.971ms
[173.709s][info][gc,cpu         ] GC(434) User=0.00s Sys=0.00s Real=0.00s
[174.160s][info][gc,start       ] GC(435) Pause Young (Normal) (G1 Evacuation Pause)
[174.160s][info][gc,task        ] GC(435) Using 33 workers of 33 for evacuation
[174.165s][info][gc,phases      ] GC(435)   Pre Evacuate Collection Set: 0.2ms
[174.165s][info][gc,phases      ] GC(435)   Merge Heap Roots: 0.2ms
[174.165s][info][gc,phases      ] GC(435)   Evacuate Collection Set: 0.6ms
[174.165s][info][gc,phases      ] GC(435)   Post Evacuate Collection Set: 3.6ms
[174.165s][info][gc,phases      ] GC(435)   Other: 0.1ms
[174.165s][info][gc,heap        ] GC(435) Eden regions: 641->0(641)
[174.165s][info][gc,heap        ] GC(435) Survivor regions: 2->2(81)
[174.165s][info][gc,heap        ] GC(435) Old regions: 29->29
[174.165s][info][gc,heap        ] GC(435) Archive regions: 0->0
[174.165s][info][gc,heap        ] GC(435) Humongous regions: 0->0
[174.165s][info][gc,metaspace   ] GC(435) Metaspace: 14287K(15104K)->14287K(15104K) NonClass: 12347K(12928K)->12347K(12928K) Class: 1939K(2176K)->1939K(2176K)
[174.165s][info][gc             ] GC(435) Pause Young (Normal) (G1 Evacuation Pause) 648M->7M(1073M) 4.921ms
[174.165s][info][gc,cpu         ] GC(435) User=0.52s Sys=0.00s Real=0.01s
[174.612s][info][gc,start       ] GC(436) Pause Young (Normal) (G1 Evacuation Pause)
[174.612s][info][gc,task        ] GC(436) Using 33 workers of 33 for evacuation
[174.617s][info][gc,phases      ] GC(436)   Pre Evacuate Collection Set: 0.2ms
[174.617s][info][gc,phases      ] GC(436)   Merge Heap Roots: 0.2ms
[174.617s][info][gc,phases      ] GC(436)   Evacuate Collection Set: 0.5ms
[174.617s][info][gc,phases      ] GC(436)   Post Evacuate Collection Set: 3.5ms
[174.617s][info][gc,phases      ] GC(436)   Other: 0.1ms
[174.617s][info][gc,heap        ] GC(436) Eden regions: 641->0(641)
[174.617s][info][gc,heap        ] GC(436) Survivor regions: 2->2(81)
[174.617s][info][gc,heap        ] GC(436) Old regions: 29->29
[174.617s][info][gc,heap        ] GC(436) Archive regions: 0->0
[174.617s][info][gc,heap        ] GC(436) Humongous regions: 0->0
[174.617s][info][gc,metaspace   ] GC(436) Metaspace: 14287K(15104K)->14287K(15104K) NonClass: 12347K(12928K)->12347K(12928K) Class: 1939K(2176K)->1939K(2176K)
[174.617s][info][gc             ] GC(436) Pause Young (Normal) (G1 Evacuation Pause) 648M->7M(1073M) 4.730ms
[174.617s][info][gc,cpu         ] GC(436) User=0.52s Sys=0.00s Real=0.00s
[175.077s][info][gc,start       ] GC(437) Pause Young (Normal) (G1 Evacuation Pause)
[175.078s][info][gc,task        ] GC(437) Using 33 workers of 33 for evacuation
[175.082s][info][gc,phases      ] GC(437)   Pre Evacuate Collection Set: 0.2ms
[175.082s][info][gc,phases      ] GC(437)   Merge Heap Roots: 0.2ms
[175.082s][info][gc,phases      ] GC(437)   Evacuate Collection Set: 0.5ms
[175.082s][info][gc,phases      ] GC(437)   Post Evacuate Collection Set: 3.4ms
[175.082s][info][gc,phases      ] GC(437)   Other: 0.1ms
[175.082s][info][gc,heap        ] GC(437) Eden regions: 641->0(640)
[175.082s][info][gc,heap        ] GC(437) Survivor regions: 2->3(81)
[175.082s][info][gc,heap        ] GC(437) Old regions: 29->29
[175.082s][info][gc,heap        ] GC(437) Archive regions: 0->0
[175.082s][info][gc,heap        ] GC(437) Humongous regions: 0->0
[175.082s][info][gc,metaspace   ] GC(437) Metaspace: 14287K(15104K)->14287K(15104K) NonClass: 12347K(12928K)->12347K(12928K) Class: 1939K(2176K)->1939K(2176K)
[175.082s][info][gc             ] GC(437) Pause Young (Normal) (G1 Evacuation Pause) 648M->7M(1073M) 4.699ms
[175.082s][info][gc,cpu         ] GC(437) User=0.00s Sys=0.00s Real=0.00s
[175.524s][info][gc,start       ] GC(438) Pause Young (Normal) (G1 Evacuation Pause)
[175.524s][info][gc,task        ] GC(438) Using 33 workers of 33 for evacuation
[175.528s][info][gc,phases      ] GC(438)   Pre Evacuate Collection Set: 0.2ms
[175.528s][info][gc,phases      ] GC(438)   Merge Heap Roots: 0.2ms
[175.528s][info][gc,phases      ] GC(438)   Evacuate Collection Set: 0.6ms
[175.528s][info][gc,phases      ] GC(438)   Post Evacuate Collection Set: 3.5ms
[175.528s][info][gc,phases      ] GC(438)   Other: 0.1ms
[175.528s][info][gc,heap        ] GC(438) Eden regions: 640->0(640)
[175.528s][info][gc,heap        ] GC(438) Survivor regions: 3->3(81)
[175.528s][info][gc,heap        ] GC(438) Old regions: 29->29
[175.528s][info][gc,heap        ] GC(438) Archive regions: 0->0
[175.528s][info][gc,heap        ] GC(438) Humongous regions: 0->0
[175.528s][info][gc,metaspace   ] GC(438) Metaspace: 14287K(15104K)->14287K(15104K) NonClass: 12347K(12928K)->12347K(12928K) Class: 1939K(2176K)->1939K(2176K)
[175.529s][info][gc             ] GC(438) Pause Young (Normal) (G1 Evacuation Pause) 647M->7M(1073M) 4.768ms
[175.529s][info][gc,cpu         ] GC(438) User=0.00s Sys=0.00s Real=0.00s
[175.977s][info][gc,start       ] GC(439) Pause Young (Normal) (G1 Evacuation Pause)
[175.977s][info][gc,task        ] GC(439) Using 33 workers of 33 for evacuation
[175.982s][info][gc,phases      ] GC(439)   Pre Evacuate Collection Set: 0.2ms
[175.982s][info][gc,phases      ] GC(439)   Merge Heap Roots: 0.2ms
[175.982s][info][gc,phases      ] GC(439)   Evacuate Collection Set: 0.5ms
[175.982s][info][gc,phases      ] GC(439)   Post Evacuate Collection Set: 3.6ms
[175.982s][info][gc,phases      ] GC(439)   Other: 0.1ms
[175.982s][info][gc,heap        ] GC(439) Eden regions: 640->0(640)
[175.982s][info][gc,heap        ] GC(439) Survivor regions: 3->3(81)
[175.982s][info][gc,heap        ] GC(439) Old regions: 29->29
[175.982s][info][gc,heap        ] GC(439) Archive regions: 0->0
[175.982s][info][gc,heap        ] GC(439) Humongous regions: 0->0
[175.982s][info][gc,metaspace   ] GC(439) Metaspace: 14287K(15104K)->14287K(15104K) NonClass: 12347K(12928K)->12347K(12928K) Class: 1939K(2176K)->1939K(2176K)
[175.982s][info][gc             ] GC(439) Pause Young (Normal) (G1 Evacuation Pause) 647M->7M(1073M) 4.880ms
[175.982s][info][gc,cpu         ] GC(439) User=0.00s Sys=0.00s Real=0.00s
[176.432s][info][gc,start       ] GC(440) Pause Young (Normal) (G1 Evacuation Pause)
[176.432s][info][gc,task        ] GC(440) Using 33 workers of 33 for evacuation
[176.437s][info][gc,phases      ] GC(440)   Pre Evacuate Collection Set: 0.2ms
[176.437s][info][gc,phases      ] GC(440)   Merge Heap Roots: 0.2ms
[176.437s][info][gc,phases      ] GC(440)   Evacuate Collection Set: 0.5ms
[176.437s][info][gc,phases      ] GC(440)   Post Evacuate Collection Set: 3.7ms
[176.437s][info][gc,phases      ] GC(440)   Other: 0.1ms
[176.437s][info][gc,heap        ] GC(440) Eden regions: 640->0(640)
[176.437s][info][gc,heap        ] GC(440) Survivor regions: 3->3(81)
[176.437s][info][gc,heap        ] GC(440) Old regions: 29->29
[176.437s][info][gc,heap        ] GC(440) Archive regions: 0->0
[176.437s][info][gc,heap        ] GC(440) Humongous regions: 0->0
[176.437s][info][gc,metaspace   ] GC(440) Metaspace: 14287K(15104K)->14287K(15104K) NonClass: 12347K(12928K)->12347K(12928K) Class: 1939K(2176K)->1939K(2176K)
[176.437s][info][gc             ] GC(440) Pause Young (Normal) (G1 Evacuation Pause) 647M->7M(1073M) 4.925ms
[176.437s][info][gc,cpu         ] GC(440) User=0.00s Sys=0.00s Real=0.00s
[176.887s][info][gc,start       ] GC(441) Pause Young (Normal) (G1 Evacuation Pause)
[176.887s][info][gc,task        ] GC(441) Using 33 workers of 33 for evacuation
[176.891s][info][gc,phases      ] GC(441)   Pre Evacuate Collection Set: 0.2ms
[176.891s][info][gc,phases      ] GC(441)   Merge Heap Roots: 0.2ms
[176.891s][info][gc,phases      ] GC(441)   Evacuate Collection Set: 0.5ms
[176.891s][info][gc,phases      ] GC(441)   Post Evacuate Collection Set: 3.6ms
[176.891s][info][gc,phases      ] GC(441)   Other: 0.1ms
[176.891s][info][gc,heap        ] GC(441) Eden regions: 640->0(642)
[176.891s][info][gc,heap        ] GC(441) Survivor regions: 3->1(81)
[176.891s][info][gc,heap        ] GC(441) Old regions: 29->31
[176.891s][info][gc,heap        ] GC(441) Archive regions: 0->0
[176.892s][info][gc,heap        ] GC(441) Humongous regions: 0->0
[176.892s][info][gc,metaspace   ] GC(441) Metaspace: 14287K(15104K)->14287K(15104K) NonClass: 12347K(12928K)->12347K(12928K) Class: 1939K(2176K)->1939K(2176K)
[176.892s][info][gc             ] GC(441) Pause Young (Normal) (G1 Evacuation Pause) 647M->7M(1073M) 4.832ms
[176.892s][info][gc,cpu         ] GC(441) User=0.00s Sys=0.00s Real=0.00s
[177.350s][info][gc,start       ] GC(442) Pause Young (Normal) (G1 Evacuation Pause)
[177.350s][info][gc,task        ] GC(442) Using 33 workers of 33 for evacuation
[177.355s][info][gc,phases      ] GC(442)   Pre Evacuate Collection Set: 0.2ms
[177.355s][info][gc,phases      ] GC(442)   Merge Heap Roots: 0.2ms
[177.355s][info][gc,phases      ] GC(442)   Evacuate Collection Set: 0.4ms
[177.355s][info][gc,phases      ] GC(442)   Post Evacuate Collection Set: 3.5ms
[177.355s][info][gc,phases      ] GC(442)   Other: 0.1ms
[177.355s][info][gc,heap        ] GC(442) Eden regions: 642->0(642)
[177.355s][info][gc,heap        ] GC(442) Survivor regions: 1->1(81)
[177.355s][info][gc,heap        ] GC(442) Old regions: 31->31
[177.355s][info][gc,heap        ] GC(442) Archive regions: 0->0
[177.355s][info][gc,heap        ] GC(442) Humongous regions: 0->0
[177.355s][info][gc,metaspace   ] GC(442) Metaspace: 14287K(15104K)->14287K(15104K) NonClass: 12347K(12928K)->12347K(12928K) Class: 1939K(2176K)->1939K(2176K)
[177.355s][info][gc             ] GC(442) Pause Young (Normal) (G1 Evacuation Pause) 649M->7M(1073M) 4.690ms
[177.355s][info][gc,cpu         ] GC(442) User=0.52s Sys=0.00s Real=0.00s
[177.816s][info][gc,start       ] GC(443) Pause Young (Normal) (G1 Evacuation Pause)
[177.840s][info][gc,task        ] GC(443) Using 33 workers of 33 for evacuation
[177.844s][info][gc,phases      ] GC(443)   Pre Evacuate Collection Set: 0.2ms
[177.845s][info][gc,phases      ] GC(443)   Merge Heap Roots: 0.3ms
[177.845s][info][gc,phases      ] GC(443)   Evacuate Collection Set: 0.5ms
[177.845s][info][gc,phases      ] GC(443)   Post Evacuate Collection Set: 3.7ms
[177.845s][info][gc,phases      ] GC(443)   Other: 0.2ms
[177.845s][info][gc,heap        ] GC(443) Eden regions: 642->0(641)
[177.845s][info][gc,heap        ] GC(443) Survivor regions: 1->2(81)
[177.845s][info][gc,heap        ] GC(443) Old regions: 31->31
[177.845s][info][gc,heap        ] GC(443) Archive regions: 0->0
[177.845s][info][gc,heap        ] GC(443) Humongous regions: 0->0
[177.845s][info][gc,metaspace   ] GC(443) Metaspace: 14287K(15104K)->14287K(15104K) NonClass: 12347K(12928K)->12347K(12928K) Class: 1939K(2176K)->1939K(2176K)
[177.845s][info][gc             ] GC(443) Pause Young (Normal) (G1 Evacuation Pause) 649M->7M(1073M) 28.706ms
[177.845s][info][gc,cpu         ] GC(443) User=0.00s Sys=0.00s Real=0.03s
[178.301s][info][gc,start       ] GC(444) Pause Young (Normal) (G1 Evacuation Pause)
[178.301s][info][gc,task        ] GC(444) Using 33 workers of 33 for evacuation
[178.305s][info][gc,phases      ] GC(444)   Pre Evacuate Collection Set: 0.2ms
[178.305s][info][gc,phases      ] GC(444)   Merge Heap Roots: 0.2ms
[178.305s][info][gc,phases      ] GC(444)   Evacuate Collection Set: 0.3ms
[178.305s][info][gc,phases      ] GC(444)   Post Evacuate Collection Set: 3.4ms
[178.305s][info][gc,phases      ] GC(444)   Other: 0.1ms
[178.305s][info][gc,heap        ] GC(444) Eden regions: 641->0(641)
[178.305s][info][gc,heap        ] GC(444) Survivor regions: 2->2(81)
[178.305s][info][gc,heap        ] GC(444) Old regions: 31->31
[178.305s][info][gc,heap        ] GC(444) Archive regions: 0->0
[178.305s][info][gc,heap        ] GC(444) Humongous regions: 0->0
[178.305s][info][gc,metaspace   ] GC(444) Metaspace: 14287K(15104K)->14287K(15104K) NonClass: 12347K(12928K)->12347K(12928K) Class: 1939K(2176K)->1939K(2176K)
[178.305s][info][gc             ] GC(444) Pause Young (Normal) (G1 Evacuation Pause) 648M->7M(1073M) 4.508ms
[178.305s][info][gc,cpu         ] GC(444) User=0.00s Sys=0.00s Real=0.00s
[178.756s][info][gc,start       ] GC(445) Pause Young (Normal) (G1 Evacuation Pause)
[178.756s][info][gc,task        ] GC(445) Using 33 workers of 33 for evacuation
[178.760s][info][gc,phases      ] GC(445)   Pre Evacuate Collection Set: 0.2ms
[178.760s][info][gc,phases      ] GC(445)   Merge Heap Roots: 0.2ms
[178.760s][info][gc,phases      ] GC(445)   Evacuate Collection Set: 0.4ms
[178.760s][info][gc,phases      ] GC(445)   Post Evacuate Collection Set: 3.6ms
[178.761s][info][gc,phases      ] GC(445)   Other: 0.1ms
[178.761s][info][gc,heap        ] GC(445) Eden regions: 641->0(641)
[178.761s][info][gc,heap        ] GC(445) Survivor regions: 2->2(81)
[178.761s][info][gc,heap        ] GC(445) Old regions: 31->31
[178.761s][info][gc,heap        ] GC(445) Archive regions: 0->0
[178.761s][info][gc,heap        ] GC(445) Humongous regions: 0->0
[178.761s][info][gc,metaspace   ] GC(445) Metaspace: 14287K(15104K)->14287K(15104K) NonClass: 12347K(12928K)->12347K(12928K) Class: 1939K(2176K)->1939K(2176K)
[178.761s][info][gc             ] GC(445) Pause Young (Normal) (G1 Evacuation Pause) 648M->7M(1073M) 4.662ms
[178.761s][info][gc,cpu         ] GC(445) User=0.22s Sys=0.02s Real=0.00s
[179.211s][info][gc,start       ] GC(446) Pause Young (Normal) (G1 Evacuation Pause)
[179.211s][info][gc,task        ] GC(446) Using 33 workers of 33 for evacuation
[179.216s][info][gc,phases      ] GC(446)   Pre Evacuate Collection Set: 0.2ms
[179.216s][info][gc,phases      ] GC(446)   Merge Heap Roots: 0.2ms
[179.216s][info][gc,phases      ] GC(446)   Evacuate Collection Set: 0.4ms
[179.216s][info][gc,phases      ] GC(446)   Post Evacuate Collection Set: 3.7ms
[179.216s][info][gc,phases      ] GC(446)   Other: 0.1ms
[179.216s][info][gc,heap        ] GC(446) Eden regions: 641->0(641)
[179.216s][info][gc,heap        ] GC(446) Survivor regions: 2->2(81)
[179.216s][info][gc,heap        ] GC(446) Old regions: 31->31
[179.216s][info][gc,heap        ] GC(446) Archive regions: 0->0
[179.216s][info][gc,heap        ] GC(446) Humongous regions: 0->0
[179.216s][info][gc,metaspace   ] GC(446) Metaspace: 14287K(15104K)->14287K(15104K) NonClass: 12347K(12928K)->12347K(12928K) Class: 1939K(2176K)->1939K(2176K)
[179.216s][info][gc             ] GC(446) Pause Young (Normal) (G1 Evacuation Pause) 648M->8M(1073M) 4.802ms
[179.216s][info][gc,cpu         ] GC(446) User=0.00s Sys=0.00s Real=0.00s
[179.666s][info][gc,start       ] GC(447) Pause Young (Normal) (G1 Evacuation Pause)
[179.666s][info][gc,task        ] GC(447) Using 33 workers of 33 for evacuation
[179.670s][info][gc,phases      ] GC(447)   Pre Evacuate Collection Set: 0.2ms
[179.671s][info][gc,phases      ] GC(447)   Merge Heap Roots: 0.2ms
[179.671s][info][gc,phases      ] GC(447)   Evacuate Collection Set: 0.4ms
[179.671s][info][gc,phases      ] GC(447)   Post Evacuate Collection Set: 3.8ms
[179.671s][info][gc,phases      ] GC(447)   Other: 0.1ms
[179.671s][info][gc,heap        ] GC(447) Eden regions: 641->0(641)
[179.671s][info][gc,heap        ] GC(447) Survivor regions: 2->2(81)
[179.671s][info][gc,heap        ] GC(447) Old regions: 31->31
[179.671s][info][gc,heap        ] GC(447) Archive regions: 0->0
[179.671s][info][gc,heap        ] GC(447) Humongous regions: 0->0
[179.671s][info][gc,metaspace   ] GC(447) Metaspace: 14287K(15104K)->14287K(15104K) NonClass: 12347K(12928K)->12347K(12928K) Class: 1939K(2176K)->1939K(2176K)
[179.671s][info][gc             ] GC(447) Pause Young (Normal) (G1 Evacuation Pause) 649M->8M(1073M) 4.885ms
[179.671s][info][gc,cpu         ] GC(447) User=0.00s Sys=0.00s Real=0.00s
[180.121s][info][gc,start       ] GC(448) Pause Young (Normal) (G1 Evacuation Pause)
[180.121s][info][gc,task        ] GC(448) Using 33 workers of 33 for evacuation
[180.126s][info][gc,phases      ] GC(448)   Pre Evacuate Collection Set: 0.2ms
[180.126s][info][gc,phases      ] GC(448)   Merge Heap Roots: 0.2ms
[180.126s][info][gc,phases      ] GC(448)   Evacuate Collection Set: 0.4ms
[180.126s][info][gc,phases      ] GC(448)   Post Evacuate Collection Set: 3.9ms
[180.126s][info][gc,phases      ] GC(448)   Other: 0.1ms
[180.126s][info][gc,heap        ] GC(448) Eden regions: 641->0(641)
[180.126s][info][gc,heap        ] GC(448) Survivor regions: 2->2(81)
[180.126s][info][gc,heap        ] GC(448) Old regions: 31->31
[180.126s][info][gc,heap        ] GC(448) Archive regions: 0->0
[180.126s][info][gc,heap        ] GC(448) Humongous regions: 0->0
[180.126s][info][gc,metaspace   ] GC(448) Metaspace: 14287K(15104K)->14287K(15104K) NonClass: 12347K(12928K)->12347K(12928K) Class: 1939K(2176K)->1939K(2176K)
[180.126s][info][gc             ] GC(448) Pause Young (Normal) (G1 Evacuation Pause) 649M->8M(1073M) 5.066ms
[180.126s][info][gc,cpu         ] GC(448) User=0.00s Sys=0.00s Real=0.01s
[180.575s][info][gc,start       ] GC(449) Pause Young (Normal) (G1 Evacuation Pause)
[180.576s][info][gc,task        ] GC(449) Using 33 workers of 33 for evacuation
[180.580s][info][gc,phases      ] GC(449)   Pre Evacuate Collection Set: 0.2ms
[180.580s][info][gc,phases      ] GC(449)   Merge Heap Roots: 0.2ms
[180.580s][info][gc,phases      ] GC(449)   Evacuate Collection Set: 0.4ms
[180.580s][info][gc,phases      ] GC(449)   Post Evacuate Collection Set: 3.9ms
[180.580s][info][gc,phases      ] GC(449)   Other: 0.1ms
[180.580s][info][gc,heap        ] GC(449) Eden regions: 641->0(641)
[180.580s][info][gc,heap        ] GC(449) Survivor regions: 2->2(81)
[180.580s][info][gc,heap        ] GC(449) Old regions: 31->31
[180.580s][info][gc,heap        ] GC(449) Archive regions: 0->0
[180.580s][info][gc,heap        ] GC(449) Humongous regions: 0->0
[180.580s][info][gc,metaspace   ] GC(449) Metaspace: 14287K(15104K)->14287K(15104K) NonClass: 12347K(12928K)->12347K(12928K) Class: 1939K(2176K)->1939K(2176K)
[180.581s][info][gc             ] GC(449) Pause Young (Normal) (G1 Evacuation Pause) 649M->8M(1073M) 5.078ms
[180.581s][info][gc,cpu         ] GC(449) User=0.00s Sys=0.00s Real=0.01s
[181.038s][info][gc,start       ] GC(450) Pause Young (Normal) (G1 Evacuation Pause)
[181.038s][info][gc,task        ] GC(450) Using 33 workers of 33 for evacuation
[181.042s][info][gc,phases      ] GC(450)   Pre Evacuate Collection Set: 0.2ms
[181.043s][info][gc,phases      ] GC(450)   Merge Heap Roots: 0.2ms
[181.043s][info][gc,phases      ] GC(450)   Evacuate Collection Set: 0.4ms
[181.043s][info][gc,phases      ] GC(450)   Post Evacuate Collection Set: 3.6ms
[181.043s][info][gc,phases      ] GC(450)   Other: 0.1ms
[181.043s][info][gc,heap        ] GC(450) Eden regions: 641->0(641)
[181.043s][info][gc,heap        ] GC(450) Survivor regions: 2->2(81)
[181.043s][info][gc,heap        ] GC(450) Old regions: 31->31
[181.043s][info][gc,heap        ] GC(450) Archive regions: 0->0
[181.043s][info][gc,heap        ] GC(450) Humongous regions: 0->0
[181.043s][info][gc,metaspace   ] GC(450) Metaspace: 14287K(15104K)->14287K(15104K) NonClass: 12347K(12928K)->12347K(12928K) Class: 1939K(2176K)->1939K(2176K)
[181.043s][info][gc             ] GC(450) Pause Young (Normal) (G1 Evacuation Pause) 649M->8M(1073M) 4.724ms
[181.043s][info][gc,cpu         ] GC(450) User=0.52s Sys=0.00s Real=0.00s
[181.501s][info][gc,start       ] GC(451) Pause Young (Normal) (G1 Evacuation Pause)
[181.502s][info][gc,task        ] GC(451) Using 33 workers of 33 for evacuation
[181.506s][info][gc,phases      ] GC(451)   Pre Evacuate Collection Set: 0.2ms
[181.506s][info][gc,phases      ] GC(451)   Merge Heap Roots: 0.2ms
[181.506s][info][gc,phases      ] GC(451)   Evacuate Collection Set: 0.4ms
[181.506s][info][gc,phases      ] GC(451)   Post Evacuate Collection Set: 3.5ms
[181.506s][info][gc,phases      ] GC(451)   Other: 0.1ms
[181.506s][info][gc,heap        ] GC(451) Eden regions: 641->0(641)
[181.506s][info][gc,heap        ] GC(451) Survivor regions: 2->2(81)
[181.506s][info][gc,heap        ] GC(451) Old regions: 31->32
[181.506s][info][gc,heap        ] GC(451) Archive regions: 0->0
[181.506s][info][gc,heap        ] GC(451) Humongous regions: 0->0
[181.506s][info][gc,metaspace   ] GC(451) Metaspace: 14287K(15104K)->14287K(15104K) NonClass: 12347K(12928K)->12347K(12928K) Class: 1939K(2176K)->1939K(2176K)
[181.506s][info][gc             ] GC(451) Pause Young (Normal) (G1 Evacuation Pause) 649M->8M(1073M) 4.666ms
[181.506s][info][gc,cpu         ] GC(451) User=0.00s Sys=0.00s Real=0.00s
[181.916s][info][gc,start       ] GC(452) Pause Young (Normal) (G1 Evacuation Pause)
[181.916s][info][gc,task        ] GC(452) Using 33 workers of 33 for evacuation
[181.921s][info][gc,phases      ] GC(452)   Pre Evacuate Collection Set: 0.2ms
[181.921s][info][gc,phases      ] GC(452)   Merge Heap Roots: 0.3ms
[181.921s][info][gc,phases      ] GC(452)   Evacuate Collection Set: 0.4ms
[181.921s][info][gc,phases      ] GC(452)   Post Evacuate Collection Set: 3.8ms
[181.921s][info][gc,phases      ] GC(452)   Other: 0.1ms
[181.921s][info][gc,heap        ] GC(452) Eden regions: 641->0(641)
[181.921s][info][gc,heap        ] GC(452) Survivor regions: 2->2(81)
[181.921s][info][gc,heap        ] GC(452) Old regions: 32->32
[181.921s][info][gc,heap        ] GC(452) Archive regions: 0->0
[181.921s][info][gc,heap        ] GC(452) Humongous regions: 0->0
[181.921s][info][gc,metaspace   ] GC(452) Metaspace: 14287K(15104K)->14287K(15104K) NonClass: 12347K(12928K)->12347K(12928K) Class: 1939K(2176K)->1939K(2176K)
[181.921s][info][gc             ] GC(452) Pause Young (Normal) (G1 Evacuation Pause) 649M->8M(1073M) 4.984ms
[181.921s][info][gc,cpu         ] GC(452) User=0.00s Sys=0.00s Real=0.00s
[182.211s][info][gc,start       ] GC(453) Pause Full (System.gc())
[182.211s][info][gc,task        ] GC(453) Using 29 workers of 33 for full compaction
[182.213s][info][gc,phases,start] GC(453) Phase 1: Mark live objects
[182.222s][info][gc,phases      ] GC(453) Phase 1: Mark live objects 9.109ms
[182.222s][info][gc,phases,start] GC(453) Phase 2: Prepare compaction
[182.223s][info][gc,phases      ] GC(453) Phase 2: Prepare compaction 1.210ms
[182.223s][info][gc,phases,start] GC(453) Phase 3: Adjust pointers
[182.230s][info][gc,phases      ] GC(453) Phase 3: Adjust pointers 6.707ms
[182.230s][info][gc,phases,start] GC(453) Phase 4: Compact heap
[182.230s][info][gc,phases      ] GC(453) Phase 4: Compact heap 0.578ms
[182.239s][info][gc,heap        ] GC(453) Eden regions: 420->0(58)
[182.239s][info][gc,heap        ] GC(453) Survivor regions: 2->0(81)
[182.239s][info][gc,heap        ] GC(453) Old regions: 32->29
[182.239s][info][gc,heap        ] GC(453) Archive regions: 0->0
[182.239s][info][gc,heap        ] GC(453) Humongous regions: 0->0
[182.239s][info][gc,metaspace   ] GC(453) Metaspace: 14287K(15104K)->14287K(15104K) NonClass: 12347K(12928K)->12347K(12928K) Class: 1939K(2176K)->1939K(2176K)
[182.240s][info][gc             ] GC(453) Pause Full (System.gc()) 427M->5M(97M) 28.360ms
[182.240s][info][gc,cpu         ] GC(453) User=0.45s Sys=0.00s Real=0.02s
[182.289s][info][gc,start       ] GC(454) Pause Young (Normal) (G1 Evacuation Pause)
[182.289s][info][gc,task        ] GC(454) Using 33 workers of 33 for evacuation
[182.292s][info][gc,phases      ] GC(454)   Pre Evacuate Collection Set: 0.1ms
[182.292s][info][gc,phases      ] GC(454)   Merge Heap Roots: 0.1ms
[182.292s][info][gc,phases      ] GC(454)   Evacuate Collection Set: 0.5ms
[182.292s][info][gc,phases      ] GC(454)   Post Evacuate Collection Set: 3.0ms
[182.292s][info][gc,phases      ] GC(454)   Other: 0.1ms
[182.292s][info][gc,heap        ] GC(454) Eden regions: 58->0(56)
[182.292s][info][gc,heap        ] GC(454) Survivor regions: 0->2(8)
[182.292s][info][gc,heap        ] GC(454) Old regions: 29->29
[182.292s][info][gc,heap        ] GC(454) Archive regions: 0->0
[182.292s][info][gc,heap        ] GC(454) Humongous regions: 0->0
[182.292s][info][gc,metaspace   ] GC(454) Metaspace: 14287K(15104K)->14287K(15104K) NonClass: 12347K(12928K)->12347K(12928K) Class: 1939K(2176K)->1939K(2176K)
[182.292s][info][gc             ] GC(454) Pause Young (Normal) (G1 Evacuation Pause) 63M->6M(97M) 3.975ms
[182.293s][info][gc,cpu         ] GC(454) User=0.00s Sys=0.00s Real=0.00s
[182.331s][info][gc,start       ] GC(455) Pause Young (Normal) (G1 Evacuation Pause)
[182.332s][info][gc,task        ] GC(455) Using 33 workers of 33 for evacuation
[182.335s][info][gc,phases      ] GC(455)   Pre Evacuate Collection Set: 0.1ms
[182.335s][info][gc,phases      ] GC(455)   Merge Heap Roots: 0.1ms
[182.335s][info][gc,phases      ] GC(455)   Evacuate Collection Set: 0.5ms
[182.335s][info][gc,phases      ] GC(455)   Post Evacuate Collection Set: 2.7ms
[182.335s][info][gc,phases      ] GC(455)   Other: 0.1ms
[182.335s][info][gc,heap        ] GC(455) Eden regions: 56->0(56)
[182.335s][info][gc,heap        ] GC(455) Survivor regions: 2->2(8)
[182.335s][info][gc,heap        ] GC(455) Old regions: 29->29
[182.335s][info][gc,heap        ] GC(455) Archive regions: 0->0
[182.335s][info][gc,heap        ] GC(455) Humongous regions: 0->0
[182.335s][info][gc,metaspace   ] GC(455) Metaspace: 14287K(15104K)->14287K(15104K) NonClass: 12347K(12928K)->12347K(12928K) Class: 1939K(2176K)->1939K(2176K)
[182.335s][info][gc             ] GC(455) Pause Young (Normal) (G1 Evacuation Pause) 62M->6M(97M) 3.674ms
[182.335s][info][gc,cpu         ] GC(455) User=0.02s Sys=0.00s Real=0.00s
[182.373s][info][gc,start       ] GC(456) Pause Young (Normal) (G1 Evacuation Pause)
[182.373s][info][gc,task        ] GC(456) Using 33 workers of 33 for evacuation
[182.377s][info][gc,phases      ] GC(456)   Pre Evacuate Collection Set: 0.1ms
[182.377s][info][gc,phases      ] GC(456)   Merge Heap Roots: 0.1ms
[182.377s][info][gc,phases      ] GC(456)   Evacuate Collection Set: 0.4ms
[182.377s][info][gc,phases      ] GC(456)   Post Evacuate Collection Set: 2.9ms
[182.377s][info][gc,phases      ] GC(456)   Other: 0.1ms
[182.377s][info][gc,heap        ] GC(456) Eden regions: 56->0(56)
[182.377s][info][gc,heap        ] GC(456) Survivor regions: 2->2(8)
[182.377s][info][gc,heap        ] GC(456) Old regions: 29->29
[182.377s][info][gc,heap        ] GC(456) Archive regions: 0->0
[182.377s][info][gc,heap        ] GC(456) Humongous regions: 0->0
[182.377s][info][gc,metaspace   ] GC(456) Metaspace: 14287K(15104K)->14287K(15104K) NonClass: 12347K(12928K)->12347K(12928K) Class: 1939K(2176K)->1939K(2176K)
[182.377s][info][gc             ] GC(456) Pause Young (Normal) (G1 Evacuation Pause) 62M->6M(97M) 3.789ms
[182.377s][info][gc,cpu         ] GC(456) User=0.00s Sys=0.00s Real=0.00s
[182.437s][info][gc,start       ] GC(457) Pause Young (Normal) (G1 Evacuation Pause)
[182.437s][info][gc,task        ] GC(457) Using 33 workers of 33 for evacuation
[182.446s][info][gc,phases      ] GC(457)   Pre Evacuate Collection Set: 0.1ms
[182.446s][info][gc,phases      ] GC(457)   Merge Heap Roots: 0.1ms
[182.446s][info][gc,phases      ] GC(457)   Evacuate Collection Set: 0.6ms
[182.446s][info][gc,phases      ] GC(457)   Post Evacuate Collection Set: 8.4ms
[182.446s][info][gc,phases      ] GC(457)   Other: 0.1ms
[182.446s][info][gc,heap        ] GC(457) Eden regions: 56->0(641)
[182.446s][info][gc,heap        ] GC(457) Survivor regions: 2->2(8)
[182.446s][info][gc,heap        ] GC(457) Old regions: 29->29
[182.446s][info][gc,heap        ] GC(457) Archive regions: 0->0
[182.446s][info][gc,heap        ] GC(457) Humongous regions: 0->0
[182.446s][info][gc,metaspace   ] GC(457) Metaspace: 14287K(15104K)->14287K(15104K) NonClass: 12347K(12928K)->12347K(12928K) Class: 1939K(2176K)->1939K(2176K)
[182.446s][info][gc             ] GC(457) Pause Young (Normal) (G1 Evacuation Pause) 62M->6M(1073M) 9.452ms
[182.446s][info][gc,cpu         ] GC(457) User=0.00s Sys=0.00s Real=0.00s
[182.899s][info][gc,start       ] GC(458) Pause Young (Normal) (G1 Evacuation Pause)
[182.899s][info][gc,task        ] GC(458) Using 33 workers of 33 for evacuation
[182.905s][info][gc,phases      ] GC(458)   Pre Evacuate Collection Set: 0.2ms
[182.905s][info][gc,phases      ] GC(458)   Merge Heap Roots: 0.2ms
[182.905s][info][gc,phases      ] GC(458)   Evacuate Collection Set: 2.0ms
[182.905s][info][gc,phases      ] GC(458)   Post Evacuate Collection Set: 3.8ms
[182.905s][info][gc,phases      ] GC(458)   Other: 0.1ms
[182.905s][info][gc,heap        ] GC(458) Eden regions: 641->0(641)
[182.905s][info][gc,heap        ] GC(458) Survivor regions: 2->2(81)
[182.905s][info][gc,heap        ] GC(458) Old regions: 29->29
[182.905s][info][gc,heap        ] GC(458) Archive regions: 0->0
[182.905s][info][gc,heap        ] GC(458) Humongous regions: 0->0
[182.905s][info][gc,metaspace   ] GC(458) Metaspace: 14287K(15104K)->14287K(15104K) NonClass: 12347K(12928K)->12347K(12928K) Class: 1939K(2176K)->1939K(2176K)
[182.905s][info][gc             ] GC(458) Pause Young (Normal) (G1 Evacuation Pause) 647M->6M(1073M) 6.435ms
[182.905s][info][gc,cpu         ] GC(458) User=0.00s Sys=0.00s Real=0.00s
[183.385s][info][gc,start       ] GC(459) Pause Young (Normal) (G1 Evacuation Pause)
[183.388s][info][gc,task        ] GC(459) Using 33 workers of 33 for evacuation
[183.396s][info][gc,phases      ] GC(459)   Pre Evacuate Collection Set: 0.2ms
[183.396s][info][gc,phases      ] GC(459)   Merge Heap Roots: 0.2ms
[183.396s][info][gc,phases      ] GC(459)   Evacuate Collection Set: 2.4ms
[183.396s][info][gc,phases      ] GC(459)   Post Evacuate Collection Set: 4.4ms
[183.396s][info][gc,phases      ] GC(459)   Other: 0.1ms
[183.396s][info][gc,heap        ] GC(459) Eden regions: 641->0(641)
[183.396s][info][gc,heap        ] GC(459) Survivor regions: 2->2(81)
[183.396s][info][gc,heap        ] GC(459) Old regions: 29->29
[183.396s][info][gc,heap        ] GC(459) Archive regions: 0->0
[183.396s][info][gc,heap        ] GC(459) Humongous regions: 0->0
[183.396s][info][gc,metaspace   ] GC(459) Metaspace: 14287K(15104K)->14287K(15104K) NonClass: 12347K(12928K)->12347K(12928K) Class: 1939K(2176K)->1939K(2176K)
[183.396s][info][gc             ] GC(459) Pause Young (Normal) (G1 Evacuation Pause) 647M->6M(1073M) 11.145ms
[183.396s][info][gc,cpu         ] GC(459) User=0.00s Sys=0.00s Real=0.00s
[183.868s][info][gc,start       ] GC(460) Pause Young (Normal) (G1 Evacuation Pause)
[183.868s][info][gc,task        ] GC(460) Using 33 workers of 33 for evacuation
[183.872s][info][gc,phases      ] GC(460)   Pre Evacuate Collection Set: 0.2ms
[183.872s][info][gc,phases      ] GC(460)   Merge Heap Roots: 0.2ms
[183.872s][info][gc,phases      ] GC(460)   Evacuate Collection Set: 0.6ms
[183.872s][info][gc,phases      ] GC(460)   Post Evacuate Collection Set: 3.5ms
[183.872s][info][gc,phases      ] GC(460)   Other: 0.1ms
[183.872s][info][gc,heap        ] GC(460) Eden regions: 641->0(641)
[183.873s][info][gc,heap        ] GC(460) Survivor regions: 2->2(81)
[183.873s][info][gc,heap        ] GC(460) Old regions: 29->29
[183.873s][info][gc,heap        ] GC(460) Archive regions: 0->0
[183.873s][info][gc,heap        ] GC(460) Humongous regions: 0->0
[183.873s][info][gc,metaspace   ] GC(460) Metaspace: 14287K(15104K)->14287K(15104K) NonClass: 12347K(12928K)->12347K(12928K) Class: 1939K(2176K)->1939K(2176K)
[183.873s][info][gc             ] GC(460) Pause Young (Normal) (G1 Evacuation Pause) 647M->6M(1073M) 4.739ms
[183.873s][info][gc,cpu         ] GC(460) User=0.00s Sys=0.00s Real=0.01s
[184.335s][info][gc,start       ] GC(461) Pause Young (Normal) (G1 Evacuation Pause)
[184.335s][info][gc,task        ] GC(461) Using 33 workers of 33 for evacuation
[184.339s][info][gc,phases      ] GC(461)   Pre Evacuate Collection Set: 0.2ms
[184.339s][info][gc,phases      ] GC(461)   Merge Heap Roots: 0.2ms
[184.339s][info][gc,phases      ] GC(461)   Evacuate Collection Set: 0.6ms
[184.339s][info][gc,phases      ] GC(461)   Post Evacuate Collection Set: 3.4ms
[184.339s][info][gc,phases      ] GC(461)   Other: 0.1ms
[184.339s][info][gc,heap        ] GC(461) Eden regions: 641->0(641)
[184.339s][info][gc,heap        ] GC(461) Survivor regions: 2->2(81)
[184.340s][info][gc,heap        ] GC(461) Old regions: 29->29
[184.340s][info][gc,heap        ] GC(461) Archive regions: 0->0
[184.340s][info][gc,heap        ] GC(461) Humongous regions: 0->0
[184.340s][info][gc,metaspace   ] GC(461) Metaspace: 14287K(15104K)->14287K(15104K) NonClass: 12347K(12928K)->12347K(12928K) Class: 1939K(2176K)->1939K(2176K)
[184.340s][info][gc             ] GC(461) Pause Young (Normal) (G1 Evacuation Pause) 647M->7M(1073M) 4.657ms
[184.340s][info][gc,cpu         ] GC(461) User=0.00s Sys=0.00s Real=0.01s
[184.788s][info][gc,start       ] GC(462) Pause Young (Normal) (G1 Evacuation Pause)
[184.788s][info][gc,task        ] GC(462) Using 33 workers of 33 for evacuation
[184.793s][info][gc,phases      ] GC(462)   Pre Evacuate Collection Set: 0.2ms
[184.793s][info][gc,phases      ] GC(462)   Merge Heap Roots: 0.2ms
[184.793s][info][gc,phases      ] GC(462)   Evacuate Collection Set: 0.5ms
[184.793s][info][gc,phases      ] GC(462)   Post Evacuate Collection Set: 3.5ms
[184.793s][info][gc,phases      ] GC(462)   Other: 0.1ms
[184.793s][info][gc,heap        ] GC(462) Eden regions: 641->0(641)
[184.793s][info][gc,heap        ] GC(462) Survivor regions: 2->2(81)
[184.793s][info][gc,heap        ] GC(462) Old regions: 29->29
[184.793s][info][gc,heap        ] GC(462) Archive regions: 0->0
[184.793s][info][gc,heap        ] GC(462) Humongous regions: 0->0
[184.793s][info][gc,metaspace   ] GC(462) Metaspace: 14287K(15104K)->14287K(15104K) NonClass: 12347K(12928K)->12347K(12928K) Class: 1939K(2176K)->1939K(2176K)
[184.793s][info][gc             ] GC(462) Pause Young (Normal) (G1 Evacuation Pause) 648M->7M(1073M) 4.725ms
[184.793s][info][gc,cpu         ] GC(462) User=0.00s Sys=0.00s Real=0.01s
[185.241s][info][gc,start       ] GC(463) Pause Young (Normal) (G1 Evacuation Pause)
[185.241s][info][gc,task        ] GC(463) Using 33 workers of 33 for evacuation
[185.245s][info][gc,phases      ] GC(463)   Pre Evacuate Collection Set: 0.2ms
[185.245s][info][gc,phases      ] GC(463)   Merge Heap Roots: 0.2ms
[185.245s][info][gc,phases      ] GC(463)   Evacuate Collection Set: 0.5ms
[185.245s][info][gc,phases      ] GC(463)   Post Evacuate Collection Set: 3.6ms
[185.245s][info][gc,phases      ] GC(463)   Other: 0.1ms
[185.245s][info][gc,heap        ] GC(463) Eden regions: 641->0(641)
[185.245s][info][gc,heap        ] GC(463) Survivor regions: 2->2(81)
[185.245s][info][gc,heap        ] GC(463) Old regions: 29->29
[185.245s][info][gc,heap        ] GC(463) Archive regions: 0->0
[185.245s][info][gc,heap        ] GC(463) Humongous regions: 0->0
[185.245s][info][gc,metaspace   ] GC(463) Metaspace: 14287K(15104K)->14287K(15104K) NonClass: 12347K(12928K)->12347K(12928K) Class: 1939K(2176K)->1939K(2176K)
[185.245s][info][gc             ] GC(463) Pause Young (Normal) (G1 Evacuation Pause) 648M->7M(1073M) 4.848ms
[185.246s][info][gc,cpu         ] GC(463) User=0.52s Sys=0.00s Real=0.00s
[185.694s][info][gc,start       ] GC(464) Pause Young (Normal) (G1 Evacuation Pause)
[185.694s][info][gc,task        ] GC(464) Using 33 workers of 33 for evacuation
[185.699s][info][gc,phases      ] GC(464)   Pre Evacuate Collection Set: 0.2ms
[185.699s][info][gc,phases      ] GC(464)   Merge Heap Roots: 0.2ms
[185.699s][info][gc,phases      ] GC(464)   Evacuate Collection Set: 0.5ms
[185.699s][info][gc,phases      ] GC(464)   Post Evacuate Collection Set: 3.7ms
[185.699s][info][gc,phases      ] GC(464)   Other: 0.1ms
[185.699s][info][gc,heap        ] GC(464) Eden regions: 641->0(641)
[185.699s][info][gc,heap        ] GC(464) Survivor regions: 2->2(81)
[185.699s][info][gc,heap        ] GC(464) Old regions: 29->29
[185.699s][info][gc,heap        ] GC(464) Archive regions: 0->0
[185.699s][info][gc,heap        ] GC(464) Humongous regions: 0->0
[185.699s][info][gc,metaspace   ] GC(464) Metaspace: 14287K(15104K)->14287K(15104K) NonClass: 12347K(12928K)->12347K(12928K) Class: 1939K(2176K)->1939K(2176K)
[185.699s][info][gc             ] GC(464) Pause Young (Normal) (G1 Evacuation Pause) 648M->7M(1073M) 4.949ms
[185.699s][info][gc,cpu         ] GC(464) User=0.02s Sys=0.00s Real=0.00s
[186.229s][info][gc,start       ] GC(465) Pause Young (Normal) (G1 Evacuation Pause)
[186.229s][info][gc,task        ] GC(465) Using 33 workers of 33 for evacuation
[186.236s][info][gc,phases      ] GC(465)   Pre Evacuate Collection Set: 0.2ms
[186.236s][info][gc,phases      ] GC(465)   Merge Heap Roots: 0.3ms
[186.236s][info][gc,phases      ] GC(465)   Evacuate Collection Set: 1.0ms
[186.236s][info][gc,phases      ] GC(465)   Post Evacuate Collection Set: 4.8ms
[186.236s][info][gc,phases      ] GC(465)   Other: 0.1ms
[186.236s][info][gc,heap        ] GC(465) Eden regions: 641->0(640)
[186.236s][info][gc,heap        ] GC(465) Survivor regions: 2->3(81)
[186.236s][info][gc,heap        ] GC(465) Old regions: 29->29
[186.236s][info][gc,heap        ] GC(465) Archive regions: 0->0
[186.236s][info][gc,heap        ] GC(465) Humongous regions: 0->0
[186.236s][info][gc,metaspace   ] GC(465) Metaspace: 14287K(15104K)->14287K(15104K) NonClass: 12347K(12928K)->12347K(12928K) Class: 1939K(2176K)->1939K(2176K)
[186.236s][info][gc             ] GC(465) Pause Young (Normal) (G1 Evacuation Pause) 648M->7M(1073M) 7.025ms
[186.236s][info][gc,cpu         ] GC(465) User=0.00s Sys=0.00s Real=0.01s
[186.709s][info][gc,start       ] GC(466) Pause Young (Normal) (G1 Evacuation Pause)
[186.709s][info][gc,task        ] GC(466) Using 33 workers of 33 for evacuation
[186.714s][info][gc,phases      ] GC(466)   Pre Evacuate Collection Set: 0.2ms
[186.714s][info][gc,phases      ] GC(466)   Merge Heap Roots: 0.2ms
[186.714s][info][gc,phases      ] GC(466)   Evacuate Collection Set: 0.7ms
[186.714s][info][gc,phases      ] GC(466)   Post Evacuate Collection Set: 3.4ms
[186.714s][info][gc,phases      ] GC(466)   Other: 0.1ms
[186.714s][info][gc,heap        ] GC(466) Eden regions: 640->0(640)
[186.714s][info][gc,heap        ] GC(466) Survivor regions: 3->3(81)
[186.714s][info][gc,heap        ] GC(466) Old regions: 29->29
[186.714s][info][gc,heap        ] GC(466) Archive regions: 0->0
[186.714s][info][gc,heap        ] GC(466) Humongous regions: 0->0
[186.714s][info][gc,metaspace   ] GC(466) Metaspace: 14287K(15104K)->14287K(15104K) NonClass: 12347K(12928K)->12347K(12928K) Class: 1939K(2176K)->1939K(2176K)
[186.714s][info][gc             ] GC(466) Pause Young (Normal) (G1 Evacuation Pause) 647M->7M(1073M) 4.814ms
[186.714s][info][gc,cpu         ] GC(466) User=0.41s Sys=0.03s Real=0.00s
[187.166s][info][gc,start       ] GC(467) Pause Young (Normal) (G1 Evacuation Pause)
[187.166s][info][gc,task        ] GC(467) Using 33 workers of 33 for evacuation
[187.171s][info][gc,phases      ] GC(467)   Pre Evacuate Collection Set: 0.2ms
[187.171s][info][gc,phases      ] GC(467)   Merge Heap Roots: 0.2ms
[187.171s][info][gc,phases      ] GC(467)   Evacuate Collection Set: 0.6ms
[187.171s][info][gc,phases      ] GC(467)   Post Evacuate Collection Set: 3.6ms
[187.171s][info][gc,phases      ] GC(467)   Other: 0.1ms
[187.171s][info][gc,heap        ] GC(467) Eden regions: 640->0(640)
[187.171s][info][gc,heap        ] GC(467) Survivor regions: 3->3(81)
[187.171s][info][gc,heap        ] GC(467) Old regions: 29->29
[187.171s][info][gc,heap        ] GC(467) Archive regions: 0->0
[187.171s][info][gc,heap        ] GC(467) Humongous regions: 0->0
[187.171s][info][gc,metaspace   ] GC(467) Metaspace: 14287K(15104K)->14287K(15104K) NonClass: 12347K(12928K)->12347K(12928K) Class: 1939K(2176K)->1939K(2176K)
[187.171s][info][gc             ] GC(467) Pause Young (Normal) (G1 Evacuation Pause) 647M->7M(1073M) 4.834ms
[187.171s][info][gc,cpu         ] GC(467) User=0.00s Sys=0.00s Real=0.00s
[187.625s][info][gc,start       ] GC(468) Pause Young (Normal) (G1 Evacuation Pause)
[187.625s][info][gc,task        ] GC(468) Using 33 workers of 33 for evacuation
[187.630s][info][gc,phases      ] GC(468)   Pre Evacuate Collection Set: 0.2ms
[187.630s][info][gc,phases      ] GC(468)   Merge Heap Roots: 0.2ms
[187.630s][info][gc,phases      ] GC(468)   Evacuate Collection Set: 0.5ms
[187.630s][info][gc,phases      ] GC(468)   Post Evacuate Collection Set: 3.4ms
[187.630s][info][gc,phases      ] GC(468)   Other: 0.1ms
[187.630s][info][gc,heap        ] GC(468) Eden regions: 640->0(640)
[187.630s][info][gc,heap        ] GC(468) Survivor regions: 3->3(81)
[187.630s][info][gc,heap        ] GC(468) Old regions: 29->29
[187.630s][info][gc,heap        ] GC(468) Archive regions: 0->0
[187.630s][info][gc,heap        ] GC(468) Humongous regions: 0->0
[187.630s][info][gc,metaspace   ] GC(468) Metaspace: 14287K(15104K)->14287K(15104K) NonClass: 12347K(12928K)->12347K(12928K) Class: 1939K(2176K)->1939K(2176K)
[187.630s][info][gc             ] GC(468) Pause Young (Normal) (G1 Evacuation Pause) 647M->7M(1073M) 4.678ms
[187.630s][info][gc,cpu         ] GC(468) User=0.00s Sys=0.00s Real=0.01s
[188.077s][info][gc,start       ] GC(469) Pause Young (Normal) (G1 Evacuation Pause)
[188.077s][info][gc,task        ] GC(469) Using 33 workers of 33 for evacuation
[188.081s][info][gc,phases      ] GC(469)   Pre Evacuate Collection Set: 0.2ms
[188.081s][info][gc,phases      ] GC(469)   Merge Heap Roots: 0.2ms
[188.081s][info][gc,phases      ] GC(469)   Evacuate Collection Set: 0.5ms
[188.081s][info][gc,phases      ] GC(469)   Post Evacuate Collection Set: 3.6ms
[188.081s][info][gc,phases      ] GC(469)   Other: 0.1ms
[188.081s][info][gc,heap        ] GC(469) Eden regions: 640->0(642)
[188.081s][info][gc,heap        ] GC(469) Survivor regions: 3->1(81)
[188.081s][info][gc,heap        ] GC(469) Old regions: 29->31
[188.082s][info][gc,heap        ] GC(469) Archive regions: 0->0
[188.082s][info][gc,heap        ] GC(469) Humongous regions: 0->0
[188.082s][info][gc,metaspace   ] GC(469) Metaspace: 14287K(15104K)->14287K(15104K) NonClass: 12347K(12928K)->12347K(12928K) Class: 1939K(2176K)->1939K(2176K)
[188.082s][info][gc             ] GC(469) Pause Young (Normal) (G1 Evacuation Pause) 647M->7M(1073M) 4.780ms
[188.082s][info][gc,cpu         ] GC(469) User=0.00s Sys=0.00s Real=0.00s
[188.539s][info][gc,start       ] GC(470) Pause Young (Normal) (G1 Evacuation Pause)
[188.539s][info][gc,task        ] GC(470) Using 33 workers of 33 for evacuation
[188.543s][info][gc,phases      ] GC(470)   Pre Evacuate Collection Set: 0.2ms
[188.543s][info][gc,phases      ] GC(470)   Merge Heap Roots: 0.2ms
[188.543s][info][gc,phases      ] GC(470)   Evacuate Collection Set: 0.4ms
[188.543s][info][gc,phases      ] GC(470)   Post Evacuate Collection Set: 3.7ms
[188.543s][info][gc,phases      ] GC(470)   Other: 0.1ms
[188.543s][info][gc,heap        ] GC(470) Eden regions: 642->0(642)
[188.544s][info][gc,heap        ] GC(470) Survivor regions: 1->1(81)
[188.544s][info][gc,heap        ] GC(470) Old regions: 31->31
[188.544s][info][gc,heap        ] GC(470) Archive regions: 0->0
[188.544s][info][gc,heap        ] GC(470) Humongous regions: 0->0
[188.544s][info][gc,metaspace   ] GC(470) Metaspace: 14287K(15104K)->14287K(15104K) NonClass: 12347K(12928K)->12347K(12928K) Class: 1939K(2176K)->1939K(2176K)
[188.544s][info][gc             ] GC(470) Pause Young (Normal) (G1 Evacuation Pause) 649M->7M(1073M) 4.813ms
[188.544s][info][gc,cpu         ] GC(470) User=0.00s Sys=0.00s Real=0.01s
[189.048s][info][gc,start       ] GC(471) Pause Young (Normal) (G1 Evacuation Pause)
[189.048s][info][gc,task        ] GC(471) Using 33 workers of 33 for evacuation
[189.054s][info][gc,phases      ] GC(471)   Pre Evacuate Collection Set: 0.3ms
[189.054s][info][gc,phases      ] GC(471)   Merge Heap Roots: 0.4ms
[189.054s][info][gc,phases      ] GC(471)   Evacuate Collection Set: 0.8ms
[189.054s][info][gc,phases      ] GC(471)   Post Evacuate Collection Set: 4.8ms
[189.054s][info][gc,phases      ] GC(471)   Other: 0.3ms
[189.054s][info][gc,heap        ] GC(471) Eden regions: 642->0(641)
[189.054s][info][gc,heap        ] GC(471) Survivor regions: 1->2(81)
[189.054s][info][gc,heap        ] GC(471) Old regions: 31->31
[189.055s][info][gc,heap        ] GC(471) Archive regions: 0->0
[189.055s][info][gc,heap        ] GC(471) Humongous regions: 0->0
[189.055s][info][gc,metaspace   ] GC(471) Metaspace: 14287K(15104K)->14287K(15104K) NonClass: 12347K(12928K)->12347K(12928K) Class: 1939K(2176K)->1939K(2176K)
[189.055s][info][gc             ] GC(471) Pause Young (Normal) (G1 Evacuation Pause) 649M->7M(1073M) 6.958ms
[189.055s][info][gc,cpu         ] GC(471) User=0.05s Sys=0.00s Real=0.01s
[189.532s][info][gc,start       ] GC(472) Pause Young (Normal) (G1 Evacuation Pause)
[189.532s][info][gc,task        ] GC(472) Using 33 workers of 33 for evacuation
[189.536s][info][gc,phases      ] GC(472)   Pre Evacuate Collection Set: 0.2ms
[189.536s][info][gc,phases      ] GC(472)   Merge Heap Roots: 0.2ms
[189.536s][info][gc,phases      ] GC(472)   Evacuate Collection Set: 0.4ms
[189.536s][info][gc,phases      ] GC(472)   Post Evacuate Collection Set: 3.6ms
[189.536s][info][gc,phases      ] GC(472)   Other: 0.1ms
[189.536s][info][gc,heap        ] GC(472) Eden regions: 641->0(641)
[189.536s][info][gc,heap        ] GC(472) Survivor regions: 2->2(81)
[189.536s][info][gc,heap        ] GC(472) Old regions: 31->31
[189.537s][info][gc,heap        ] GC(472) Archive regions: 0->0
[189.537s][info][gc,heap        ] GC(472) Humongous regions: 0->0
[189.537s][info][gc,metaspace   ] GC(472) Metaspace: 14287K(15104K)->14287K(15104K) NonClass: 12347K(12928K)->12347K(12928K) Class: 1939K(2176K)->1939K(2176K)
[189.537s][info][gc             ] GC(472) Pause Young (Normal) (G1 Evacuation Pause) 648M->7M(1073M) 4.714ms
[189.537s][info][gc,cpu         ] GC(472) User=0.00s Sys=0.00s Real=0.00s
[189.990s][info][gc,start       ] GC(473) Pause Young (Normal) (G1 Evacuation Pause)
[189.990s][info][gc,task        ] GC(473) Using 33 workers of 33 for evacuation
[189.994s][info][gc,phases      ] GC(473)   Pre Evacuate Collection Set: 0.2ms
[189.994s][info][gc,phases      ] GC(473)   Merge Heap Roots: 0.2ms
[189.994s][info][gc,phases      ] GC(473)   Evacuate Collection Set: 0.4ms
[189.994s][info][gc,phases      ] GC(473)   Post Evacuate Collection Set: 3.5ms
[189.994s][info][gc,phases      ] GC(473)   Other: 0.1ms
[189.994s][info][gc,heap        ] GC(473) Eden regions: 641->0(641)
[189.994s][info][gc,heap        ] GC(473) Survivor regions: 2->2(81)
[189.994s][info][gc,heap        ] GC(473) Old regions: 31->31
[189.994s][info][gc,heap        ] GC(473) Archive regions: 0->0
[189.994s][info][gc,heap        ] GC(473) Humongous regions: 0->0
[189.994s][info][gc,metaspace   ] GC(473) Metaspace: 14287K(15104K)->14287K(15104K) NonClass: 12347K(12928K)->12347K(12928K) Class: 1939K(2176K)->1939K(2176K)
[189.994s][info][gc             ] GC(473) Pause Young (Normal) (G1 Evacuation Pause) 648M->7M(1073M) 4.669ms
[189.994s][info][gc,cpu         ] GC(473) User=0.52s Sys=0.00s Real=0.01s
[190.456s][info][gc,start       ] GC(474) Pause Young (Normal) (G1 Evacuation Pause)
[190.456s][info][gc,task        ] GC(474) Using 33 workers of 33 for evacuation
[190.461s][info][gc,phases      ] GC(474)   Pre Evacuate Collection Set: 0.2ms
[190.461s][info][gc,phases      ] GC(474)   Merge Heap Roots: 0.2ms
[190.461s][info][gc,phases      ] GC(474)   Evacuate Collection Set: 0.4ms
[190.461s][info][gc,phases      ] GC(474)   Post Evacuate Collection Set: 3.4ms
[190.461s][info][gc,phases      ] GC(474)   Other: 0.1ms
[190.461s][info][gc,heap        ] GC(474) Eden regions: 641->0(641)
[190.461s][info][gc,heap        ] GC(474) Survivor regions: 2->2(81)
[190.461s][info][gc,heap        ] GC(474) Old regions: 31->31
[190.461s][info][gc,heap        ] GC(474) Archive regions: 0->0
[190.461s][info][gc,heap        ] GC(474) Humongous regions: 0->0
[190.461s][info][gc,metaspace   ] GC(474) Metaspace: 14287K(15104K)->14287K(15104K) NonClass: 12347K(12928K)->12347K(12928K) Class: 1939K(2176K)->1939K(2176K)
[190.461s][info][gc             ] GC(474) Pause Young (Normal) (G1 Evacuation Pause) 648M->8M(1073M) 4.536ms
[190.461s][info][gc,cpu         ] GC(474) User=0.00s Sys=0.00s Real=0.00s
[190.918s][info][gc,start       ] GC(475) Pause Young (Normal) (G1 Evacuation Pause)
[190.918s][info][gc,task        ] GC(475) Using 33 workers of 33 for evacuation
[190.922s][info][gc,phases      ] GC(475)   Pre Evacuate Collection Set: 0.2ms
[190.922s][info][gc,phases      ] GC(475)   Merge Heap Roots: 0.2ms
[190.922s][info][gc,phases      ] GC(475)   Evacuate Collection Set: 0.4ms
[190.922s][info][gc,phases      ] GC(475)   Post Evacuate Collection Set: 3.5ms
[190.922s][info][gc,phases      ] GC(475)   Other: 0.1ms
[190.922s][info][gc,heap        ] GC(475) Eden regions: 641->0(641)
[190.922s][info][gc,heap        ] GC(475) Survivor regions: 2->2(81)
[190.922s][info][gc,heap        ] GC(475) Old regions: 31->31
[190.923s][info][gc,heap        ] GC(475) Archive regions: 0->0
[190.923s][info][gc,heap        ] GC(475) Humongous regions: 0->0
[190.923s][info][gc,metaspace   ] GC(475) Metaspace: 14287K(15104K)->14287K(15104K) NonClass: 12347K(12928K)->12347K(12928K) Class: 1939K(2176K)->1939K(2176K)
[190.923s][info][gc             ] GC(475) Pause Young (Normal) (G1 Evacuation Pause) 649M->8M(1073M) 4.632ms
[190.923s][info][gc,cpu         ] GC(475) User=0.00s Sys=0.00s Real=0.00s
[191.377s][info][gc,start       ] GC(476) Pause Young (Normal) (G1 Evacuation Pause)
[191.377s][info][gc,task        ] GC(476) Using 33 workers of 33 for evacuation
[191.382s][info][gc,phases      ] GC(476)   Pre Evacuate Collection Set: 0.2ms
[191.382s][info][gc,phases      ] GC(476)   Merge Heap Roots: 0.2ms
[191.382s][info][gc,phases      ] GC(476)   Evacuate Collection Set: 0.4ms
[191.382s][info][gc,phases      ] GC(476)   Post Evacuate Collection Set: 3.6ms
[191.382s][info][gc,phases      ] GC(476)   Other: 0.1ms
[191.382s][info][gc,heap        ] GC(476) Eden regions: 641->0(641)
[191.382s][info][gc,heap        ] GC(476) Survivor regions: 2->2(81)
[191.382s][info][gc,heap        ] GC(476) Old regions: 31->31
[191.382s][info][gc,heap        ] GC(476) Archive regions: 0->0
[191.382s][info][gc,heap        ] GC(476) Humongous regions: 0->0
[191.382s][info][gc,metaspace   ] GC(476) Metaspace: 14287K(15104K)->14287K(15104K) NonClass: 12347K(12928K)->12347K(12928K) Class: 1939K(2176K)->1939K(2176K)
[191.382s][info][gc             ] GC(476) Pause Young (Normal) (G1 Evacuation Pause) 649M->8M(1073M) 4.789ms
[191.382s][info][gc,cpu         ] GC(476) User=0.34s Sys=0.00s Real=0.01s
[191.839s][info][gc,start       ] GC(477) Pause Young (Normal) (G1 Evacuation Pause)
[191.839s][info][gc,task        ] GC(477) Using 33 workers of 33 for evacuation
[191.844s][info][gc,phases      ] GC(477)   Pre Evacuate Collection Set: 0.2ms
[191.844s][info][gc,phases      ] GC(477)   Merge Heap Roots: 0.2ms
[191.844s][info][gc,phases      ] GC(477)   Evacuate Collection Set: 0.4ms
[191.844s][info][gc,phases      ] GC(477)   Post Evacuate Collection Set: 3.7ms
[191.844s][info][gc,phases      ] GC(477)   Other: 0.1ms
[191.844s][info][gc,heap        ] GC(477) Eden regions: 641->0(641)
[191.844s][info][gc,heap        ] GC(477) Survivor regions: 2->2(81)
[191.844s][info][gc,heap        ] GC(477) Old regions: 31->31
[191.844s][info][gc,heap        ] GC(477) Archive regions: 0->0
[191.844s][info][gc,heap        ] GC(477) Humongous regions: 0->0
[191.844s][info][gc,metaspace   ] GC(477) Metaspace: 14287K(15104K)->14287K(15104K) NonClass: 12347K(12928K)->12347K(12928K) Class: 1939K(2176K)->1939K(2176K)
[191.844s][info][gc             ] GC(477) Pause Young (Normal) (G1 Evacuation Pause) 649M->8M(1073M) 4.847ms
[191.844s][info][gc,cpu         ] GC(477) User=0.00s Sys=0.00s Real=0.01s
[192.301s][info][gc,start       ] GC(478) Pause Young (Normal) (G1 Evacuation Pause)
[192.301s][info][gc,task        ] GC(478) Using 33 workers of 33 for evacuation
[192.306s][info][gc,phases      ] GC(478)   Pre Evacuate Collection Set: 0.2ms
[192.306s][info][gc,phases      ] GC(478)   Merge Heap Roots: 0.2ms
[192.306s][info][gc,phases      ] GC(478)   Evacuate Collection Set: 0.4ms
[192.306s][info][gc,phases      ] GC(478)   Post Evacuate Collection Set: 3.8ms
[192.306s][info][gc,phases      ] GC(478)   Other: 0.1ms
[192.306s][info][gc,heap        ] GC(478) Eden regions: 641->0(641)
[192.306s][info][gc,heap        ] GC(478) Survivor regions: 2->2(81)
[192.306s][info][gc,heap        ] GC(478) Old regions: 31->31
[192.306s][info][gc,heap        ] GC(478) Archive regions: 0->0
[192.306s][info][gc,heap        ] GC(478) Humongous regions: 0->0
[192.306s][info][gc,metaspace   ] GC(478) Metaspace: 14287K(15104K)->14287K(15104K) NonClass: 12347K(12928K)->12347K(12928K) Class: 1939K(2176K)->1939K(2176K)
[192.306s][info][gc             ] GC(478) Pause Young (Normal) (G1 Evacuation Pause) 649M->8M(1073M) 4.971ms
[192.306s][info][gc,cpu         ] GC(478) User=0.52s Sys=0.00s Real=0.01s
[192.765s][info][gc,start       ] GC(479) Pause Young (Normal) (G1 Evacuation Pause)
[192.765s][info][gc,task        ] GC(479) Using 33 workers of 33 for evacuation
[192.770s][info][gc,phases      ] GC(479)   Pre Evacuate Collection Set: 0.2ms
[192.770s][info][gc,phases      ] GC(479)   Merge Heap Roots: 0.2ms
[192.770s][info][gc,phases      ] GC(479)   Evacuate Collection Set: 0.4ms
[192.770s][info][gc,phases      ] GC(479)   Post Evacuate Collection Set: 3.9ms
[192.770s][info][gc,phases      ] GC(479)   Other: 0.1ms
[192.770s][info][gc,heap        ] GC(479) Eden regions: 641->0(641)
[192.770s][info][gc,heap        ] GC(479) Survivor regions: 2->2(81)
[192.770s][info][gc,heap        ] GC(479) Old regions: 31->32
[192.770s][info][gc,heap        ] GC(479) Archive regions: 0->0
[192.770s][info][gc,heap        ] GC(479) Humongous regions: 0->0
[192.770s][info][gc,metaspace   ] GC(479) Metaspace: 14287K(15104K)->14287K(15104K) NonClass: 12347K(12928K)->12347K(12928K) Class: 1939K(2176K)->1939K(2176K)
[192.770s][info][gc             ] GC(479) Pause Young (Normal) (G1 Evacuation Pause) 649M->8M(1073M) 5.008ms
[192.770s][info][gc,cpu         ] GC(479) User=0.00s Sys=0.00s Real=0.01s
[193.202s][info][gc,start       ] GC(480) Pause Young (Normal) (G1 Evacuation Pause)
[193.202s][info][gc,task        ] GC(480) Using 33 workers of 33 for evacuation
[193.207s][info][gc,phases      ] GC(480)   Pre Evacuate Collection Set: 0.2ms
[193.207s][info][gc,phases      ] GC(480)   Merge Heap Roots: 0.3ms
[193.207s][info][gc,phases      ] GC(480)   Evacuate Collection Set: 0.4ms
[193.207s][info][gc,phases      ] GC(480)   Post Evacuate Collection Set: 3.9ms
[193.207s][info][gc,phases      ] GC(480)   Other: 0.1ms
[193.207s][info][gc,heap        ] GC(480) Eden regions: 641->0(641)
[193.207s][info][gc,heap        ] GC(480) Survivor regions: 2->2(81)
[193.207s][info][gc,heap        ] GC(480) Old regions: 32->32
[193.207s][info][gc,heap        ] GC(480) Archive regions: 0->0
[193.207s][info][gc,heap        ] GC(480) Humongous regions: 0->0
[193.207s][info][gc,metaspace   ] GC(480) Metaspace: 14287K(15104K)->14287K(15104K) NonClass: 12347K(12928K)->12347K(12928K) Class: 1939K(2176K)->1939K(2176K)
[193.207s][info][gc             ] GC(480) Pause Young (Normal) (G1 Evacuation Pause) 649M->8M(1073M) 5.075ms
[193.207s][info][gc,cpu         ] GC(480) User=0.00s Sys=0.00s Real=0.00s
[193.434s][info][gc,start       ] GC(481) Pause Full (System.gc())
[193.434s][info][gc,task        ] GC(481) Using 29 workers of 33 for full compaction
[193.436s][info][gc,phases,start] GC(481) Phase 1: Mark live objects
[193.443s][info][gc,phases      ] GC(481) Phase 1: Mark live objects 7.077ms
[193.443s][info][gc,phases,start] GC(481) Phase 2: Prepare compaction
[193.444s][info][gc,phases      ] GC(481) Phase 2: Prepare compaction 1.239ms
[193.444s][info][gc,phases,start] GC(481) Phase 3: Adjust pointers
[193.449s][info][gc,phases      ] GC(481) Phase 3: Adjust pointers 5.451ms
[193.449s][info][gc,phases,start] GC(481) Phase 4: Compact heap
[193.450s][info][gc,phases      ] GC(481) Phase 4: Compact heap 0.713ms
[193.460s][info][gc,heap        ] GC(481) Eden regions: 459->0(58)
[193.460s][info][gc,heap        ] GC(481) Survivor regions: 2->0(81)
[193.460s][info][gc,heap        ] GC(481) Old regions: 32->29
[193.460s][info][gc,heap        ] GC(481) Archive regions: 0->0
[193.460s][info][gc,heap        ] GC(481) Humongous regions: 0->0
[193.460s][info][gc,metaspace   ] GC(481) Metaspace: 14287K(15104K)->14287K(15104K) NonClass: 12347K(12928K)->12347K(12928K) Class: 1939K(2176K)->1939K(2176K)
[193.460s][info][gc             ] GC(481) Pause Full (System.gc()) 466M->5M(97M) 26.047ms
[193.460s][info][gc,cpu         ] GC(481) User=0.02s Sys=0.00s Real=0.02s
[193.506s][info][gc,start       ] GC(482) Pause Young (Normal) (G1 Evacuation Pause)
[193.506s][info][gc,task        ] GC(482) Using 33 workers of 33 for evacuation
[193.510s][info][gc,phases      ] GC(482)   Pre Evacuate Collection Set: 0.1ms
[193.510s][info][gc,phases      ] GC(482)   Merge Heap Roots: 0.1ms
[193.510s][info][gc,phases      ] GC(482)   Evacuate Collection Set: 0.5ms
[193.510s][info][gc,phases      ] GC(482)   Post Evacuate Collection Set: 2.9ms
[193.510s][info][gc,phases      ] GC(482)   Other: 0.1ms
[193.510s][info][gc,heap        ] GC(482) Eden regions: 58->0(56)
[193.510s][info][gc,heap        ] GC(482) Survivor regions: 0->2(8)
[193.510s][info][gc,heap        ] GC(482) Old regions: 29->29
[193.510s][info][gc,heap        ] GC(482) Archive regions: 0->0
[193.510s][info][gc,heap        ] GC(482) Humongous regions: 0->0
[193.510s][info][gc,metaspace   ] GC(482) Metaspace: 14287K(15104K)->14287K(15104K) NonClass: 12347K(12928K)->12347K(12928K) Class: 1939K(2176K)->1939K(2176K)
[193.510s][info][gc             ] GC(482) Pause Young (Normal) (G1 Evacuation Pause) 63M->6M(97M) 3.849ms
[193.510s][info][gc,cpu         ] GC(482) User=0.53s Sys=0.00s Real=0.00s
[193.548s][info][gc,start       ] GC(483) Pause Young (Normal) (G1 Evacuation Pause)
[193.548s][info][gc,task        ] GC(483) Using 33 workers of 33 for evacuation
[193.552s][info][gc,phases      ] GC(483)   Pre Evacuate Collection Set: 0.1ms
[193.552s][info][gc,phases      ] GC(483)   Merge Heap Roots: 0.1ms
[193.552s][info][gc,phases      ] GC(483)   Evacuate Collection Set: 0.6ms
[193.552s][info][gc,phases      ] GC(483)   Post Evacuate Collection Set: 2.7ms
[193.552s][info][gc,phases      ] GC(483)   Other: 0.1ms
[193.552s][info][gc,heap        ] GC(483) Eden regions: 56->0(56)
[193.552s][info][gc,heap        ] GC(483) Survivor regions: 2->2(8)
[193.552s][info][gc,heap        ] GC(483) Old regions: 29->29
[193.552s][info][gc,heap        ] GC(483) Archive regions: 0->0
[193.552s][info][gc,heap        ] GC(483) Humongous regions: 0->0
[193.552s][info][gc,metaspace   ] GC(483) Metaspace: 14287K(15104K)->14287K(15104K) NonClass: 12347K(12928K)->12347K(12928K) Class: 1939K(2176K)->1939K(2176K)
[193.552s][info][gc             ] GC(483) Pause Young (Normal) (G1 Evacuation Pause) 62M->6M(97M) 3.755ms
[193.552s][info][gc,cpu         ] GC(483) User=0.00s Sys=0.00s Real=0.00s
[193.591s][info][gc,start       ] GC(484) Pause Young (Normal) (G1 Evacuation Pause)
[193.591s][info][gc,task        ] GC(484) Using 33 workers of 33 for evacuation
[193.594s][info][gc,phases      ] GC(484)   Pre Evacuate Collection Set: 0.1ms
[193.594s][info][gc,phases      ] GC(484)   Merge Heap Roots: 0.1ms
[193.594s][info][gc,phases      ] GC(484)   Evacuate Collection Set: 0.5ms
[193.594s][info][gc,phases      ] GC(484)   Post Evacuate Collection Set: 2.7ms
[193.594s][info][gc,phases      ] GC(484)   Other: 0.1ms
[193.595s][info][gc,heap        ] GC(484) Eden regions: 56->0(56)
[193.595s][info][gc,heap        ] GC(484) Survivor regions: 2->2(8)
[193.595s][info][gc,heap        ] GC(484) Old regions: 29->29
[193.595s][info][gc,heap        ] GC(484) Archive regions: 0->0
[193.595s][info][gc,heap        ] GC(484) Humongous regions: 0->0
[193.595s][info][gc,metaspace   ] GC(484) Metaspace: 14287K(15104K)->14287K(15104K) NonClass: 12347K(12928K)->12347K(12928K) Class: 1939K(2176K)->1939K(2176K)
[193.595s][info][gc             ] GC(484) Pause Young (Normal) (G1 Evacuation Pause) 62M->6M(97M) 3.621ms
[193.595s][info][gc,cpu         ] GC(484) User=0.00s Sys=0.00s Real=0.00s
[193.633s][info][gc,start       ] GC(485) Pause Young (Normal) (G1 Evacuation Pause)
[193.633s][info][gc,task        ] GC(485) Using 33 workers of 33 for evacuation
[193.642s][info][gc,phases      ] GC(485)   Pre Evacuate Collection Set: 0.1ms
[193.642s][info][gc,phases      ] GC(485)   Merge Heap Roots: 0.1ms
[193.642s][info][gc,phases      ] GC(485)   Evacuate Collection Set: 0.5ms
[193.642s][info][gc,phases      ] GC(485)   Post Evacuate Collection Set: 7.4ms
[193.642s][info][gc,phases      ] GC(485)   Other: 0.1ms
[193.642s][info][gc,heap        ] GC(485) Eden regions: 56->0(641)
[193.642s][info][gc,heap        ] GC(485) Survivor regions: 2->2(8)
[193.642s][info][gc,heap        ] GC(485) Old regions: 29->29
[193.642s][info][gc,heap        ] GC(485) Archive regions: 0->0
[193.642s][info][gc,heap        ] GC(485) Humongous regions: 0->0
[193.642s][info][gc,metaspace   ] GC(485) Metaspace: 14287K(15104K)->14287K(15104K) NonClass: 12347K(12928K)->12347K(12928K) Class: 1939K(2176K)->1939K(2176K)
[193.642s][info][gc             ] GC(485) Pause Young (Normal) (G1 Evacuation Pause) 62M->6M(1073M) 8.429ms
[193.642s][info][gc,cpu         ] GC(485) User=0.00s Sys=0.00s Real=0.01s
[194.079s][info][gc,start       ] GC(486) Pause Young (Normal) (G1 Evacuation Pause)
[194.079s][info][gc,task        ] GC(486) Using 33 workers of 33 for evacuation
[194.084s][info][gc,phases      ] GC(486)   Pre Evacuate Collection Set: 0.2ms
[194.084s][info][gc,phases      ] GC(486)   Merge Heap Roots: 0.2ms
[194.084s][info][gc,phases      ] GC(486)   Evacuate Collection Set: 1.7ms
[194.084s][info][gc,phases      ] GC(486)   Post Evacuate Collection Set: 3.6ms
[194.084s][info][gc,phases      ] GC(486)   Other: 0.1ms
[194.084s][info][gc,heap        ] GC(486) Eden regions: 641->0(641)
[194.084s][info][gc,heap        ] GC(486) Survivor regions: 2->2(81)
[194.085s][info][gc,heap        ] GC(486) Old regions: 29->29
[194.085s][info][gc,heap        ] GC(486) Archive regions: 0->0
[194.085s][info][gc,heap        ] GC(486) Humongous regions: 0->0
[194.085s][info][gc,metaspace   ] GC(486) Metaspace: 14287K(15104K)->14287K(15104K) NonClass: 12347K(12928K)->12347K(12928K) Class: 1939K(2176K)->1939K(2176K)
[194.085s][info][gc             ] GC(486) Pause Young (Normal) (G1 Evacuation Pause) 647M->6M(1073M) 6.001ms
[194.085s][info][gc,cpu         ] GC(486) User=0.00s Sys=0.00s Real=0.00s
[194.544s][info][gc,start       ] GC(487) Pause Young (Normal) (G1 Evacuation Pause)
[194.544s][info][gc,task        ] GC(487) Using 33 workers of 33 for evacuation
[194.550s][info][gc,phases      ] GC(487)   Pre Evacuate Collection Set: 0.2ms
[194.550s][info][gc,phases      ] GC(487)   Merge Heap Roots: 0.2ms
[194.550s][info][gc,phases      ] GC(487)   Evacuate Collection Set: 1.7ms
[194.550s][info][gc,phases      ] GC(487)   Post Evacuate Collection Set: 3.7ms
[194.550s][info][gc,phases      ] GC(487)   Other: 0.1ms
[194.550s][info][gc,heap        ] GC(487) Eden regions: 641->0(641)
[194.550s][info][gc,heap        ] GC(487) Survivor regions: 2->2(81)
[194.550s][info][gc,heap        ] GC(487) Old regions: 29->29
[194.550s][info][gc,heap        ] GC(487) Archive regions: 0->0
[194.550s][info][gc,heap        ] GC(487) Humongous regions: 0->0
[194.550s][info][gc,metaspace   ] GC(487) Metaspace: 14287K(15104K)->14287K(15104K) NonClass: 12347K(12928K)->12347K(12928K) Class: 1939K(2176K)->1939K(2176K)
[194.550s][info][gc             ] GC(487) Pause Young (Normal) (G1 Evacuation Pause) 647M->6M(1073M) 6.098ms
[194.550s][info][gc,cpu         ] GC(487) User=0.00s Sys=0.00s Real=0.01s
[195.001s][info][gc,start       ] GC(488) Pause Young (Normal) (G1 Evacuation Pause)
[195.001s][info][gc,task        ] GC(488) Using 33 workers of 33 for evacuation
[195.006s][info][gc,phases      ] GC(488)   Pre Evacuate Collection Set: 0.2ms
[195.006s][info][gc,phases      ] GC(488)   Merge Heap Roots: 0.2ms
[195.006s][info][gc,phases      ] GC(488)   Evacuate Collection Set: 0.6ms
[195.006s][info][gc,phases      ] GC(488)   Post Evacuate Collection Set: 3.8ms
[195.006s][info][gc,phases      ] GC(488)   Other: 0.1ms
[195.006s][info][gc,heap        ] GC(488) Eden regions: 641->0(641)
[195.006s][info][gc,heap        ] GC(488) Survivor regions: 2->2(81)
[195.006s][info][gc,heap        ] GC(488) Old regions: 29->29
[195.006s][info][gc,heap        ] GC(488) Archive regions: 0->0
[195.006s][info][gc,heap        ] GC(488) Humongous regions: 0->0
[195.006s][info][gc,metaspace   ] GC(488) Metaspace: 14287K(15104K)->14287K(15104K) NonClass: 12347K(12928K)->12347K(12928K) Class: 1939K(2176K)->1939K(2176K)
[195.006s][info][gc             ] GC(488) Pause Young (Normal) (G1 Evacuation Pause) 647M->6M(1073M) 5.164ms
[195.006s][info][gc,cpu         ] GC(488) User=0.00s Sys=0.00s Real=0.01s
[195.454s][info][gc,start       ] GC(489) Pause Young (Normal) (G1 Evacuation Pause)
[195.454s][info][gc,task        ] GC(489) Using 33 workers of 33 for evacuation
[195.459s][info][gc,phases      ] GC(489)   Pre Evacuate Collection Set: 0.2ms
[195.459s][info][gc,phases      ] GC(489)   Merge Heap Roots: 0.2ms
[195.459s][info][gc,phases      ] GC(489)   Evacuate Collection Set: 0.6ms
[195.459s][info][gc,phases      ] GC(489)   Post Evacuate Collection Set: 3.8ms
[195.459s][info][gc,phases      ] GC(489)   Other: 0.1ms
[195.459s][info][gc,heap        ] GC(489) Eden regions: 641->0(641)
[195.459s][info][gc,heap        ] GC(489) Survivor regions: 2->2(81)
[195.459s][info][gc,heap        ] GC(489) Old regions: 29->29
[195.459s][info][gc,heap        ] GC(489) Archive regions: 0->0
[195.459s][info][gc,heap        ] GC(489) Humongous regions: 0->0
[195.459s][info][gc,metaspace   ] GC(489) Metaspace: 14287K(15104K)->14287K(15104K) NonClass: 12347K(12928K)->12347K(12928K) Class: 1939K(2176K)->1939K(2176K)
[195.459s][info][gc             ] GC(489) Pause Young (Normal) (G1 Evacuation Pause) 647M->7M(1073M) 5.052ms
[195.459s][info][gc,cpu         ] GC(489) User=0.00s Sys=0.00s Real=0.01s
[195.916s][info][gc,start       ] GC(490) Pause Young (Normal) (G1 Evacuation Pause)
[195.916s][info][gc,task        ] GC(490) Using 33 workers of 33 for evacuation
[195.921s][info][gc,phases      ] GC(490)   Pre Evacuate Collection Set: 0.2ms
[195.921s][info][gc,phases      ] GC(490)   Merge Heap Roots: 0.2ms
[195.921s][info][gc,phases      ] GC(490)   Evacuate Collection Set: 0.5ms
[195.921s][info][gc,phases      ] GC(490)   Post Evacuate Collection Set: 3.8ms
[195.921s][info][gc,phases      ] GC(490)   Other: 0.1ms
[195.921s][info][gc,heap        ] GC(490) Eden regions: 641->0(641)
[195.921s][info][gc,heap        ] GC(490) Survivor regions: 2->2(81)
[195.921s][info][gc,heap        ] GC(490) Old regions: 29->29
[195.921s][info][gc,heap        ] GC(490) Archive regions: 0->0
[195.921s][info][gc,heap        ] GC(490) Humongous regions: 0->0
[195.921s][info][gc,metaspace   ] GC(490) Metaspace: 14287K(15104K)->14287K(15104K) NonClass: 12347K(12928K)->12347K(12928K) Class: 1939K(2176K)->1939K(2176K)
[195.921s][info][gc             ] GC(490) Pause Young (Normal) (G1 Evacuation Pause) 648M->7M(1073M) 5.032ms
[195.921s][info][gc,cpu         ] GC(490) User=0.00s Sys=0.00s Real=0.00s
[196.387s][info][gc,start       ] GC(491) Pause Young (Normal) (G1 Evacuation Pause)
[196.387s][info][gc,task        ] GC(491) Using 33 workers of 33 for evacuation
[196.391s][info][gc,phases      ] GC(491)   Pre Evacuate Collection Set: 0.2ms
[196.391s][info][gc,phases      ] GC(491)   Merge Heap Roots: 0.2ms
[196.391s][info][gc,phases      ] GC(491)   Evacuate Collection Set: 0.5ms
[196.391s][info][gc,phases      ] GC(491)   Post Evacuate Collection Set: 3.5ms
[196.391s][info][gc,phases      ] GC(491)   Other: 0.1ms
[196.391s][info][gc,heap        ] GC(491) Eden regions: 641->0(641)
[196.391s][info][gc,heap        ] GC(491) Survivor regions: 2->2(81)
[196.391s][info][gc,heap        ] GC(491) Old regions: 29->29
[196.391s][info][gc,heap        ] GC(491) Archive regions: 0->0
[196.391s][info][gc,heap        ] GC(491) Humongous regions: 0->0
[196.391s][info][gc,metaspace   ] GC(491) Metaspace: 14287K(15104K)->14287K(15104K) NonClass: 12347K(12928K)->12347K(12928K) Class: 1939K(2176K)->1939K(2176K)
[196.392s][info][gc             ] GC(491) Pause Young (Normal) (G1 Evacuation Pause) 648M->7M(1073M) 4.760ms
[196.392s][info][gc,cpu         ] GC(491) User=0.00s Sys=0.00s Real=0.01s
[196.839s][info][gc,start       ] GC(492) Pause Young (Normal) (G1 Evacuation Pause)
[196.839s][info][gc,task        ] GC(492) Using 33 workers of 33 for evacuation
[196.843s][info][gc,phases      ] GC(492)   Pre Evacuate Collection Set: 0.2ms
[196.843s][info][gc,phases      ] GC(492)   Merge Heap Roots: 0.2ms
[196.843s][info][gc,phases      ] GC(492)   Evacuate Collection Set: 0.5ms
[196.843s][info][gc,phases      ] GC(492)   Post Evacuate Collection Set: 3.6ms
[196.843s][info][gc,phases      ] GC(492)   Other: 0.1ms
[196.844s][info][gc,heap        ] GC(492) Eden regions: 641->0(641)
[196.844s][info][gc,heap        ] GC(492) Survivor regions: 2->2(81)
[196.844s][info][gc,heap        ] GC(492) Old regions: 29->29
[196.844s][info][gc,heap        ] GC(492) Archive regions: 0->0
[196.844s][info][gc,heap        ] GC(492) Humongous regions: 0->0
[196.844s][info][gc,metaspace   ] GC(492) Metaspace: 14287K(15104K)->14287K(15104K) NonClass: 12347K(12928K)->12347K(12928K) Class: 1939K(2176K)->1939K(2176K)
[196.844s][info][gc             ] GC(492) Pause Young (Normal) (G1 Evacuation Pause) 648M->7M(1073M) 4.906ms
[196.844s][info][gc,cpu         ] GC(492) User=0.00s Sys=0.00s Real=0.01s
[197.299s][info][gc,start       ] GC(493) Pause Young (Normal) (G1 Evacuation Pause)
[197.299s][info][gc,task        ] GC(493) Using 33 workers of 33 for evacuation
[197.303s][info][gc,phases      ] GC(493)   Pre Evacuate Collection Set: 0.2ms
[197.303s][info][gc,phases      ] GC(493)   Merge Heap Roots: 0.2ms
[197.303s][info][gc,phases      ] GC(493)   Evacuate Collection Set: 0.5ms
[197.303s][info][gc,phases      ] GC(493)   Post Evacuate Collection Set: 3.5ms
[197.303s][info][gc,phases      ] GC(493)   Other: 0.1ms
[197.303s][info][gc,heap        ] GC(493) Eden regions: 641->0(640)
[197.303s][info][gc,heap        ] GC(493) Survivor regions: 2->3(81)
[197.303s][info][gc,heap        ] GC(493) Old regions: 29->29
[197.303s][info][gc,heap        ] GC(493) Archive regions: 0->0
[197.303s][info][gc,heap        ] GC(493) Humongous regions: 0->0
[197.303s][info][gc,metaspace   ] GC(493) Metaspace: 14287K(15104K)->14287K(15104K) NonClass: 12347K(12928K)->12347K(12928K) Class: 1939K(2176K)->1939K(2176K)
[197.303s][info][gc             ] GC(493) Pause Young (Normal) (G1 Evacuation Pause) 648M->7M(1073M) 4.767ms
[197.303s][info][gc,cpu         ] GC(493) User=0.00s Sys=0.00s Real=0.01s
[197.753s][info][gc,start       ] GC(494) Pause Young (Normal) (G1 Evacuation Pause)
[197.753s][info][gc,task        ] GC(494) Using 33 workers of 33 for evacuation
[197.758s][info][gc,phases      ] GC(494)   Pre Evacuate Collection Set: 0.2ms
[197.758s][info][gc,phases      ] GC(494)   Merge Heap Roots: 0.2ms
[197.758s][info][gc,phases      ] GC(494)   Evacuate Collection Set: 0.7ms
[197.758s][info][gc,phases      ] GC(494)   Post Evacuate Collection Set: 3.7ms
[197.758s][info][gc,phases      ] GC(494)   Other: 0.1ms
[197.758s][info][gc,heap        ] GC(494) Eden regions: 640->0(640)
[197.758s][info][gc,heap        ] GC(494) Survivor regions: 3->3(81)
[197.758s][info][gc,heap        ] GC(494) Old regions: 29->29
[197.758s][info][gc,heap        ] GC(494) Archive regions: 0->0
[197.758s][info][gc,heap        ] GC(494) Humongous regions: 0->0
[197.758s][info][gc,metaspace   ] GC(494) Metaspace: 14287K(15104K)->14287K(15104K) NonClass: 12347K(12928K)->12347K(12928K) Class: 1939K(2176K)->1939K(2176K)
[197.758s][info][gc             ] GC(494) Pause Young (Normal) (G1 Evacuation Pause) 647M->7M(1073M) 5.092ms
[197.758s][info][gc,cpu         ] GC(494) User=0.52s Sys=0.00s Real=0.00s
[198.209s][info][gc,start       ] GC(495) Pause Young (Normal) (G1 Evacuation Pause)
[198.209s][info][gc,task        ] GC(495) Using 33 workers of 33 for evacuation
[198.214s][info][gc,phases      ] GC(495)   Pre Evacuate Collection Set: 0.2ms
[198.214s][info][gc,phases      ] GC(495)   Merge Heap Roots: 0.2ms
[198.214s][info][gc,phases      ] GC(495)   Evacuate Collection Set: 0.6ms
[198.214s][info][gc,phases      ] GC(495)   Post Evacuate Collection Set: 3.8ms
[198.214s][info][gc,phases      ] GC(495)   Other: 0.1ms
[198.214s][info][gc,heap        ] GC(495) Eden regions: 640->0(640)
[198.214s][info][gc,heap        ] GC(495) Survivor regions: 3->3(81)
[198.214s][info][gc,heap        ] GC(495) Old regions: 29->29
[198.214s][info][gc,heap        ] GC(495) Archive regions: 0->0
[198.214s][info][gc,heap        ] GC(495) Humongous regions: 0->0
[198.214s][info][gc,metaspace   ] GC(495) Metaspace: 14287K(15104K)->14287K(15104K) NonClass: 12347K(12928K)->12347K(12928K) Class: 1939K(2176K)->1939K(2176K)
[198.214s][info][gc             ] GC(495) Pause Young (Normal) (G1 Evacuation Pause) 647M->7M(1073M) 5.120ms
[198.214s][info][gc,cpu         ] GC(495) User=0.52s Sys=0.00s Real=0.00s
[198.660s][info][gc,start       ] GC(496) Pause Young (Normal) (G1 Evacuation Pause)
[198.660s][info][gc,task        ] GC(496) Using 33 workers of 33 for evacuation
[198.665s][info][gc,phases      ] GC(496)   Pre Evacuate Collection Set: 0.2ms
[198.665s][info][gc,phases      ] GC(496)   Merge Heap Roots: 0.2ms
[198.665s][info][gc,phases      ] GC(496)   Evacuate Collection Set: 0.6ms
[198.665s][info][gc,phases      ] GC(496)   Post Evacuate Collection Set: 3.9ms
[198.665s][info][gc,phases      ] GC(496)   Other: 0.1ms
[198.665s][info][gc,heap        ] GC(496) Eden regions: 640->0(640)
[198.665s][info][gc,heap        ] GC(496) Survivor regions: 3->3(81)
[198.665s][info][gc,heap        ] GC(496) Old regions: 29->29
[198.665s][info][gc,heap        ] GC(496) Archive regions: 0->0
[198.665s][info][gc,heap        ] GC(496) Humongous regions: 0->0
[198.665s][info][gc,metaspace   ] GC(496) Metaspace: 14287K(15104K)->14287K(15104K) NonClass: 12347K(12928K)->12347K(12928K) Class: 1939K(2176K)->1939K(2176K)
[198.665s][info][gc             ] GC(496) Pause Young (Normal) (G1 Evacuation Pause) 647M->7M(1073M) 5.130ms
[198.665s][info][gc,cpu         ] GC(496) User=0.52s Sys=0.00s Real=0.01s
[199.123s][info][gc,start       ] GC(497) Pause Young (Normal) (G1 Evacuation Pause)
[199.123s][info][gc,task        ] GC(497) Using 33 workers of 33 for evacuation
[199.127s][info][gc,phases      ] GC(497)   Pre Evacuate Collection Set: 0.2ms
[199.127s][info][gc,phases      ] GC(497)   Merge Heap Roots: 0.2ms
[199.127s][info][gc,phases      ] GC(497)   Evacuate Collection Set: 0.5ms
[199.127s][info][gc,phases      ] GC(497)   Post Evacuate Collection Set: 3.5ms
[199.127s][info][gc,phases      ] GC(497)   Other: 0.1ms
[199.127s][info][gc,heap        ] GC(497) Eden regions: 640->0(642)
[199.127s][info][gc,heap        ] GC(497) Survivor regions: 3->1(81)
[199.127s][info][gc,heap        ] GC(497) Old regions: 29->31
[199.128s][info][gc,heap        ] GC(497) Archive regions: 0->0
[199.128s][info][gc,heap        ] GC(497) Humongous regions: 0->0
[199.128s][info][gc,metaspace   ] GC(497) Metaspace: 14287K(15104K)->14287K(15104K) NonClass: 12347K(12928K)->12347K(12928K) Class: 1939K(2176K)->1939K(2176K)
[199.128s][info][gc             ] GC(497) Pause Young (Normal) (G1 Evacuation Pause) 647M->7M(1073M) 4.736ms
[199.128s][info][gc,cpu         ] GC(497) User=0.00s Sys=0.00s Real=0.00s
[199.580s][info][gc,start       ] GC(498) Pause Young (Normal) (G1 Evacuation Pause)
[199.580s][info][gc,task        ] GC(498) Using 33 workers of 33 for evacuation
[199.585s][info][gc,phases      ] GC(498)   Pre Evacuate Collection Set: 0.2ms
[199.585s][info][gc,phases      ] GC(498)   Merge Heap Roots: 0.2ms
[199.585s][info][gc,phases      ] GC(498)   Evacuate Collection Set: 0.4ms
[199.585s][info][gc,phases      ] GC(498)   Post Evacuate Collection Set: 3.6ms
[199.585s][info][gc,phases      ] GC(498)   Other: 0.1ms
[199.585s][info][gc,heap        ] GC(498) Eden regions: 642->0(642)
[199.585s][info][gc,heap        ] GC(498) Survivor regions: 1->1(81)
[199.585s][info][gc,heap        ] GC(498) Old regions: 31->31
[199.585s][info][gc,heap        ] GC(498) Archive regions: 0->0
[199.585s][info][gc,heap        ] GC(498) Humongous regions: 0->0
[199.585s][info][gc,metaspace   ] GC(498) Metaspace: 14287K(15104K)->14287K(15104K) NonClass: 12347K(12928K)->12347K(12928K) Class: 1939K(2176K)->1939K(2176K)
[199.585s][info][gc             ] GC(498) Pause Young (Normal) (G1 Evacuation Pause) 649M->7M(1073M) 4.757ms
[199.585s][info][gc,cpu         ] GC(498) User=0.00s Sys=0.00s Real=0.00s
[200.046s][info][gc,start       ] GC(499) Pause Young (Normal) (G1 Evacuation Pause)
[200.046s][info][gc,task        ] GC(499) Using 33 workers of 33 for evacuation
[200.051s][info][gc,phases      ] GC(499)   Pre Evacuate Collection Set: 0.2ms
[200.051s][info][gc,phases      ] GC(499)   Merge Heap Roots: 0.2ms
[200.051s][info][gc,phases      ] GC(499)   Evacuate Collection Set: 0.4ms
[200.051s][info][gc,phases      ] GC(499)   Post Evacuate Collection Set: 3.5ms
[200.051s][info][gc,phases      ] GC(499)   Other: 0.1ms
[200.051s][info][gc,heap        ] GC(499) Eden regions: 642->0(641)
[200.051s][info][gc,heap        ] GC(499) Survivor regions: 1->2(81)
[200.051s][info][gc,heap        ] GC(499) Old regions: 31->31
[200.051s][info][gc,heap        ] GC(499) Archive regions: 0->0
[200.051s][info][gc,heap        ] GC(499) Humongous regions: 0->0
[200.051s][info][gc,metaspace   ] GC(499) Metaspace: 14287K(15104K)->14287K(15104K) NonClass: 12347K(12928K)->12347K(12928K) Class: 1939K(2176K)->1939K(2176K)
[200.051s][info][gc             ] GC(499) Pause Young (Normal) (G1 Evacuation Pause) 649M->7M(1073M) 4.603ms
[200.051s][info][gc,cpu         ] GC(499) User=0.00s Sys=0.00s Real=0.01s
[200.504s][info][gc,start       ] GC(500) Pause Young (Normal) (G1 Evacuation Pause)
[200.504s][info][gc,task        ] GC(500) Using 33 workers of 33 for evacuation
[200.508s][info][gc,phases      ] GC(500)   Pre Evacuate Collection Set: 0.2ms
[200.508s][info][gc,phases      ] GC(500)   Merge Heap Roots: 0.2ms
[200.508s][info][gc,phases      ] GC(500)   Evacuate Collection Set: 0.4ms
[200.508s][info][gc,phases      ] GC(500)   Post Evacuate Collection Set: 3.6ms
[200.508s][info][gc,phases      ] GC(500)   Other: 0.1ms
[200.508s][info][gc,heap        ] GC(500) Eden regions: 641->0(641)
[200.508s][info][gc,heap        ] GC(500) Survivor regions: 2->2(81)
[200.508s][info][gc,heap        ] GC(500) Old regions: 31->31
[200.508s][info][gc,heap        ] GC(500) Archive regions: 0->0
[200.508s][info][gc,heap        ] GC(500) Humongous regions: 0->0
[200.508s][info][gc,metaspace   ] GC(500) Metaspace: 14287K(15104K)->14287K(15104K) NonClass: 12347K(12928K)->12347K(12928K) Class: 1939K(2176K)->1939K(2176K)
[200.508s][info][gc             ] GC(500) Pause Young (Normal) (G1 Evacuation Pause) 648M->7M(1073M) 4.726ms
[200.509s][info][gc,cpu         ] GC(500) User=0.52s Sys=0.00s Real=0.00s
[200.963s][info][gc,start       ] GC(501) Pause Young (Normal) (G1 Evacuation Pause)
[200.963s][info][gc,task        ] GC(501) Using 33 workers of 33 for evacuation
[200.967s][info][gc,phases      ] GC(501)   Pre Evacuate Collection Set: 0.2ms
[200.967s][info][gc,phases      ] GC(501)   Merge Heap Roots: 0.2ms
[200.967s][info][gc,phases      ] GC(501)   Evacuate Collection Set: 0.4ms
[200.967s][info][gc,phases      ] GC(501)   Post Evacuate Collection Set: 3.7ms
[200.967s][info][gc,phases      ] GC(501)   Other: 0.1ms
[200.967s][info][gc,heap        ] GC(501) Eden regions: 641->0(641)
[200.967s][info][gc,heap        ] GC(501) Survivor regions: 2->2(81)
[200.967s][info][gc,heap        ] GC(501) Old regions: 31->31
[200.967s][info][gc,heap        ] GC(501) Archive regions: 0->0
[200.967s][info][gc,heap        ] GC(501) Humongous regions: 0->0
[200.967s][info][gc,metaspace   ] GC(501) Metaspace: 14287K(15104K)->14287K(15104K) NonClass: 12347K(12928K)->12347K(12928K) Class: 1939K(2176K)->1939K(2176K)
[200.967s][info][gc             ] GC(501) Pause Young (Normal) (G1 Evacuation Pause) 648M->7M(1073M) 4.902ms
[200.968s][info][gc,cpu         ] GC(501) User=0.00s Sys=0.00s Real=0.01s
[201.487s][info][gc,start       ] GC(502) Pause Young (Normal) (G1 Evacuation Pause)
[201.487s][info][gc,task        ] GC(502) Using 33 workers of 33 for evacuation
[201.494s][info][gc,phases      ] GC(502)   Pre Evacuate Collection Set: 0.2ms
[201.494s][info][gc,phases      ] GC(502)   Merge Heap Roots: 0.4ms
[201.494s][info][gc,phases      ] GC(502)   Evacuate Collection Set: 0.7ms
[201.494s][info][gc,phases      ] GC(502)   Post Evacuate Collection Set: 4.8ms
[201.494s][info][gc,phases      ] GC(502)   Other: 0.2ms
[201.494s][info][gc,heap        ] GC(502) Eden regions: 641->0(641)
[201.494s][info][gc,heap        ] GC(502) Survivor regions: 2->2(81)
[201.494s][info][gc,heap        ] GC(502) Old regions: 31->31
[201.494s][info][gc,heap        ] GC(502) Archive regions: 0->0
[201.494s][info][gc,heap        ] GC(502) Humongous regions: 0->0
[201.494s][info][gc,metaspace   ] GC(502) Metaspace: 14287K(15104K)->14287K(15104K) NonClass: 12347K(12928K)->12347K(12928K) Class: 1939K(2176K)->1939K(2176K)
[201.494s][info][gc             ] GC(502) Pause Young (Normal) (G1 Evacuation Pause) 648M->8M(1073M) 6.943ms
[201.494s][info][gc,cpu         ] GC(502) User=0.00s Sys=0.00s Real=0.00s
[201.964s][info][gc,start       ] GC(503) Pause Young (Normal) (G1 Evacuation Pause)
[201.964s][info][gc,task        ] GC(503) Using 33 workers of 33 for evacuation
[201.969s][info][gc,phases      ] GC(503)   Pre Evacuate Collection Set: 0.2ms
[201.969s][info][gc,phases      ] GC(503)   Merge Heap Roots: 0.2ms
[201.969s][info][gc,phases      ] GC(503)   Evacuate Collection Set: 0.4ms
[201.969s][info][gc,phases      ] GC(503)   Post Evacuate Collection Set: 3.4ms
[201.969s][info][gc,phases      ] GC(503)   Other: 0.3ms
[201.969s][info][gc,heap        ] GC(503) Eden regions: 641->0(641)
[201.969s][info][gc,heap        ] GC(503) Survivor regions: 2->2(81)
[201.969s][info][gc,heap        ] GC(503) Old regions: 31->31
[201.969s][info][gc,heap        ] GC(503) Archive regions: 0->0
[201.969s][info][gc,heap        ] GC(503) Humongous regions: 0->0
[201.969s][info][gc,metaspace   ] GC(503) Metaspace: 14287K(15104K)->14287K(15104K) NonClass: 12347K(12928K)->12347K(12928K) Class: 1939K(2176K)->1939K(2176K)
[201.969s][info][gc             ] GC(503) Pause Young (Normal) (G1 Evacuation Pause) 649M->8M(1073M) 4.800ms
[201.969s][info][gc,cpu         ] GC(503) User=0.00s Sys=0.00s Real=0.01s
[202.418s][info][gc,start       ] GC(504) Pause Young (Normal) (G1 Evacuation Pause)
[202.418s][info][gc,task        ] GC(504) Using 33 workers of 33 for evacuation
[202.422s][info][gc,phases      ] GC(504)   Pre Evacuate Collection Set: 0.2ms
[202.422s][info][gc,phases      ] GC(504)   Merge Heap Roots: 0.2ms
[202.422s][info][gc,phases      ] GC(504)   Evacuate Collection Set: 0.4ms
[202.422s][info][gc,phases      ] GC(504)   Post Evacuate Collection Set: 3.6ms
[202.422s][info][gc,phases      ] GC(504)   Other: 0.1ms
[202.422s][info][gc,heap        ] GC(504) Eden regions: 641->0(641)
[202.422s][info][gc,heap        ] GC(504) Survivor regions: 2->2(81)
[202.422s][info][gc,heap        ] GC(504) Old regions: 31->31
[202.422s][info][gc,heap        ] GC(504) Archive regions: 0->0
[202.422s][info][gc,heap        ] GC(504) Humongous regions: 0->0
[202.422s][info][gc,metaspace   ] GC(504) Metaspace: 14287K(15104K)->14287K(15104K) NonClass: 12347K(12928K)->12347K(12928K) Class: 1939K(2176K)->1939K(2176K)
[202.422s][info][gc             ] GC(504) Pause Young (Normal) (G1 Evacuation Pause) 649M->8M(1073M) 4.751ms
[202.422s][info][gc,cpu         ] GC(504) User=0.00s Sys=0.00s Real=0.00s
[202.884s][info][gc,start       ] GC(505) Pause Young (Normal) (G1 Evacuation Pause)
[202.884s][info][gc,task        ] GC(505) Using 33 workers of 33 for evacuation
[202.888s][info][gc,phases      ] GC(505)   Pre Evacuate Collection Set: 0.2ms
[202.888s][info][gc,phases      ] GC(505)   Merge Heap Roots: 0.2ms
[202.888s][info][gc,phases      ] GC(505)   Evacuate Collection Set: 0.4ms
[202.888s][info][gc,phases      ] GC(505)   Post Evacuate Collection Set: 3.5ms
[202.888s][info][gc,phases      ] GC(505)   Other: 0.1ms
[202.888s][info][gc,heap        ] GC(505) Eden regions: 641->0(641)
[202.888s][info][gc,heap        ] GC(505) Survivor regions: 2->2(81)
[202.888s][info][gc,heap        ] GC(505) Old regions: 31->31
[202.888s][info][gc,heap        ] GC(505) Archive regions: 0->0
[202.888s][info][gc,heap        ] GC(505) Humongous regions: 0->0
[202.888s][info][gc,metaspace   ] GC(505) Metaspace: 14287K(15104K)->14287K(15104K) NonClass: 12347K(12928K)->12347K(12928K) Class: 1939K(2176K)->1939K(2176K)
[202.888s][info][gc             ] GC(505) Pause Young (Normal) (G1 Evacuation Pause) 649M->8M(1073M) 4.627ms
[202.888s][info][gc,cpu         ] GC(505) User=0.00s Sys=0.00s Real=0.01s
[203.340s][info][gc,start       ] GC(506) Pause Young (Normal) (G1 Evacuation Pause)
[203.340s][info][gc,task        ] GC(506) Using 33 workers of 33 for evacuation
[203.344s][info][gc,phases      ] GC(506)   Pre Evacuate Collection Set: 0.2ms
[203.344s][info][gc,phases      ] GC(506)   Merge Heap Roots: 0.2ms
[203.344s][info][gc,phases      ] GC(506)   Evacuate Collection Set: 0.4ms
[203.344s][info][gc,phases      ] GC(506)   Post Evacuate Collection Set: 3.5ms
[203.344s][info][gc,phases      ] GC(506)   Other: 0.1ms
[203.344s][info][gc,heap        ] GC(506) Eden regions: 641->0(641)
[203.344s][info][gc,heap        ] GC(506) Survivor regions: 2->2(81)
[203.344s][info][gc,heap        ] GC(506) Old regions: 31->31
[203.344s][info][gc,heap        ] GC(506) Archive regions: 0->0
[203.344s][info][gc,heap        ] GC(506) Humongous regions: 0->0
[203.344s][info][gc,metaspace   ] GC(506) Metaspace: 14287K(15104K)->14287K(15104K) NonClass: 12347K(12928K)->12347K(12928K) Class: 1939K(2176K)->1939K(2176K)
[203.344s][info][gc             ] GC(506) Pause Young (Normal) (G1 Evacuation Pause) 649M->8M(1073M) 4.682ms
[203.344s][info][gc,cpu         ] GC(506) User=0.00s Sys=0.00s Real=0.00s
[203.794s][info][gc,start       ] GC(507) Pause Young (Normal) (G1 Evacuation Pause)
[203.794s][info][gc,task        ] GC(507) Using 33 workers of 33 for evacuation
[203.799s][info][gc,phases      ] GC(507)   Pre Evacuate Collection Set: 0.2ms
[203.799s][info][gc,phases      ] GC(507)   Merge Heap Roots: 0.2ms
[203.799s][info][gc,phases      ] GC(507)   Evacuate Collection Set: 0.4ms
[203.799s][info][gc,phases      ] GC(507)   Post Evacuate Collection Set: 3.8ms
[203.799s][info][gc,phases      ] GC(507)   Other: 0.1ms
[203.799s][info][gc,heap        ] GC(507) Eden regions: 641->0(641)
[203.799s][info][gc,heap        ] GC(507) Survivor regions: 2->2(81)
[203.799s][info][gc,heap        ] GC(507) Old regions: 31->32
[203.799s][info][gc,heap        ] GC(507) Archive regions: 0->0
[203.799s][info][gc,heap        ] GC(507) Humongous regions: 0->0
[203.799s][info][gc,metaspace   ] GC(507) Metaspace: 14287K(15104K)->14287K(15104K) NonClass: 12347K(12928K)->12347K(12928K) Class: 1939K(2176K)->1939K(2176K)
[203.799s][info][gc             ] GC(507) Pause Young (Normal) (G1 Evacuation Pause) 649M->8M(1073M) 4.937ms
[203.799s][info][gc,cpu         ] GC(507) User=0.00s Sys=0.00s Real=0.01s
[204.196s][info][gc,start       ] GC(508) Pause Young (Normal) (G1 Evacuation Pause)
[204.196s][info][gc,task        ] GC(508) Using 33 workers of 33 for evacuation
[204.201s][info][gc,phases      ] GC(508)   Pre Evacuate Collection Set: 0.2ms
[204.201s][info][gc,phases      ] GC(508)   Merge Heap Roots: 0.3ms
[204.201s][info][gc,phases      ] GC(508)   Evacuate Collection Set: 0.4ms
[204.201s][info][gc,phases      ] GC(508)   Post Evacuate Collection Set: 4.0ms
[204.201s][info][gc,phases      ] GC(508)   Other: 0.1ms
[204.201s][info][gc,heap        ] GC(508) Eden regions: 641->0(641)
[204.201s][info][gc,heap        ] GC(508) Survivor regions: 2->2(81)
[204.201s][info][gc,heap        ] GC(508) Old regions: 32->32
[204.201s][info][gc,heap        ] GC(508) Archive regions: 0->0
[204.201s][info][gc,heap        ] GC(508) Humongous regions: 0->0
[204.201s][info][gc,metaspace   ] GC(508) Metaspace: 14287K(15104K)->14287K(15104K) NonClass: 12347K(12928K)->12347K(12928K) Class: 1939K(2176K)->1939K(2176K)
[204.201s][info][gc             ] GC(508) Pause Young (Normal) (G1 Evacuation Pause) 649M->8M(1073M) 5.195ms
[204.201s][info][gc,cpu         ] GC(508) User=0.00s Sys=0.00s Real=0.01s
[204.428s][info][gc,start       ] GC(509) Pause Full (System.gc())
[204.428s][info][gc,task        ] GC(509) Using 29 workers of 33 for full compaction
[204.429s][info][gc,phases,start] GC(509) Phase 1: Mark live objects
[204.436s][info][gc,phases      ] GC(509) Phase 1: Mark live objects 6.871ms
[204.436s][info][gc,phases,start] GC(509) Phase 2: Prepare compaction
[204.437s][info][gc,phases      ] GC(509) Phase 2: Prepare compaction 1.141ms
[204.437s][info][gc,phases,start] GC(509) Phase 3: Adjust pointers
[204.445s][info][gc,phases      ] GC(509) Phase 3: Adjust pointers 7.260ms
[204.445s][info][gc,phases,start] GC(509) Phase 4: Compact heap
[204.446s][info][gc,phases      ] GC(509) Phase 4: Compact heap 0.703ms
[204.456s][info][gc,heap        ] GC(509) Eden regions: 364->0(58)
[204.456s][info][gc,heap        ] GC(509) Survivor regions: 2->0(81)
[204.456s][info][gc,heap        ] GC(509) Old regions: 32->29
[204.456s][info][gc,heap        ] GC(509) Archive regions: 0->0
[204.456s][info][gc,heap        ] GC(509) Humongous regions: 0->0
[204.456s][info][gc,metaspace   ] GC(509) Metaspace: 14287K(15104K)->14287K(15104K) NonClass: 12347K(12928K)->12347K(12928K) Class: 1939K(2176K)->1939K(2176K)
[204.456s][info][gc             ] GC(509) Pause Full (System.gc()) 372M->5M(97M) 28.961ms
[204.457s][info][gc,cpu         ] GC(509) User=0.05s Sys=0.00s Real=0.02s
[204.505s][info][gc,start       ] GC(510) Pause Young (Normal) (G1 Evacuation Pause)
[204.505s][info][gc,task        ] GC(510) Using 33 workers of 33 for evacuation
[204.509s][info][gc,phases      ] GC(510)   Pre Evacuate Collection Set: 0.1ms
[204.509s][info][gc,phases      ] GC(510)   Merge Heap Roots: 0.1ms
[204.509s][info][gc,phases      ] GC(510)   Evacuate Collection Set: 0.4ms
[204.509s][info][gc,phases      ] GC(510)   Post Evacuate Collection Set: 3.0ms
[204.509s][info][gc,phases      ] GC(510)   Other: 0.2ms
[204.509s][info][gc,heap        ] GC(510) Eden regions: 58->0(56)
[204.509s][info][gc,heap        ] GC(510) Survivor regions: 0->2(8)
[204.509s][info][gc,heap        ] GC(510) Old regions: 29->29
[204.509s][info][gc,heap        ] GC(510) Archive regions: 0->0
[204.509s][info][gc,heap        ] GC(510) Humongous regions: 0->0
[204.509s][info][gc,metaspace   ] GC(510) Metaspace: 14287K(15104K)->14287K(15104K) NonClass: 12347K(12928K)->12347K(12928K) Class: 1939K(2176K)->1939K(2176K)
[204.509s][info][gc             ] GC(510) Pause Young (Normal) (G1 Evacuation Pause) 63M->6M(97M) 3.988ms
[204.509s][info][gc,cpu         ] GC(510) User=0.52s Sys=0.00s Real=0.00s
[204.547s][info][gc,start       ] GC(511) Pause Young (Normal) (G1 Evacuation Pause)
[204.547s][info][gc,task        ] GC(511) Using 33 workers of 33 for evacuation
[204.551s][info][gc,phases      ] GC(511)   Pre Evacuate Collection Set: 0.1ms
[204.551s][info][gc,phases      ] GC(511)   Merge Heap Roots: 0.1ms
[204.551s][info][gc,phases      ] GC(511)   Evacuate Collection Set: 0.5ms
[204.551s][info][gc,phases      ] GC(511)   Post Evacuate Collection Set: 2.9ms
[204.551s][info][gc,phases      ] GC(511)   Other: 0.1ms
[204.551s][info][gc,heap        ] GC(511) Eden regions: 56->0(56)
[204.551s][info][gc,heap        ] GC(511) Survivor regions: 2->2(8)
[204.551s][info][gc,heap        ] GC(511) Old regions: 29->29
[204.551s][info][gc,heap        ] GC(511) Archive regions: 0->0
[204.551s][info][gc,heap        ] GC(511) Humongous regions: 0->0
[204.551s][info][gc,metaspace   ] GC(511) Metaspace: 14287K(15104K)->14287K(15104K) NonClass: 12347K(12928K)->12347K(12928K) Class: 1939K(2176K)->1939K(2176K)
[204.551s][info][gc             ] GC(511) Pause Young (Normal) (G1 Evacuation Pause) 62M->6M(97M) 3.794ms
[204.551s][info][gc,cpu         ] GC(511) User=0.00s Sys=0.00s Real=0.00s
[204.591s][info][gc,start       ] GC(512) Pause Young (Normal) (G1 Evacuation Pause)
[204.591s][info][gc,task        ] GC(512) Using 33 workers of 33 for evacuation
[204.595s][info][gc,phases      ] GC(512)   Pre Evacuate Collection Set: 0.1ms
[204.595s][info][gc,phases      ] GC(512)   Merge Heap Roots: 0.1ms
[204.595s][info][gc,phases      ] GC(512)   Evacuate Collection Set: 0.4ms
[204.595s][info][gc,phases      ] GC(512)   Post Evacuate Collection Set: 3.1ms
[204.595s][info][gc,phases      ] GC(512)   Other: 0.1ms
[204.595s][info][gc,heap        ] GC(512) Eden regions: 56->0(56)
[204.595s][info][gc,heap        ] GC(512) Survivor regions: 2->2(8)
[204.595s][info][gc,heap        ] GC(512) Old regions: 29->29
[204.595s][info][gc,heap        ] GC(512) Archive regions: 0->0
[204.595s][info][gc,heap        ] GC(512) Humongous regions: 0->0
[204.595s][info][gc,metaspace   ] GC(512) Metaspace: 14287K(15104K)->14287K(15104K) NonClass: 12347K(12928K)->12347K(12928K) Class: 1939K(2176K)->1939K(2176K)
[204.595s][info][gc             ] GC(512) Pause Young (Normal) (G1 Evacuation Pause) 62M->6M(97M) 3.979ms
[204.595s][info][gc,cpu         ] GC(512) User=0.00s Sys=0.00s Real=0.00s
[204.633s][info][gc,start       ] GC(513) Pause Young (Normal) (G1 Evacuation Pause)
[204.633s][info][gc,task        ] GC(513) Using 33 workers of 33 for evacuation
[204.642s][info][gc,phases      ] GC(513)   Pre Evacuate Collection Set: 0.1ms
[204.642s][info][gc,phases      ] GC(513)   Merge Heap Roots: 0.1ms
[204.642s][info][gc,phases      ] GC(513)   Evacuate Collection Set: 0.5ms
[204.642s][info][gc,phases      ] GC(513)   Post Evacuate Collection Set: 8.0ms
[204.642s][info][gc,phases      ] GC(513)   Other: 0.1ms
[204.642s][info][gc,heap        ] GC(513) Eden regions: 56->0(641)
[204.642s][info][gc,heap        ] GC(513) Survivor regions: 2->2(8)
[204.642s][info][gc,heap        ] GC(513) Old regions: 29->29
[204.642s][info][gc,heap        ] GC(513) Archive regions: 0->0
[204.642s][info][gc,heap        ] GC(513) Humongous regions: 0->0
[204.642s][info][gc,metaspace   ] GC(513) Metaspace: 14287K(15104K)->14287K(15104K) NonClass: 12347K(12928K)->12347K(12928K) Class: 1939K(2176K)->1939K(2176K)
[204.642s][info][gc             ] GC(513) Pause Young (Normal) (G1 Evacuation Pause) 62M->6M(1073M) 8.995ms
[204.642s][info][gc,cpu         ] GC(513) User=0.00s Sys=0.00s Real=0.01s
[205.082s][info][gc,start       ] GC(514) Pause Young (Normal) (G1 Evacuation Pause)
[205.082s][info][gc,task        ] GC(514) Using 33 workers of 33 for evacuation
[205.088s][info][gc,phases      ] GC(514)   Pre Evacuate Collection Set: 0.2ms
[205.088s][info][gc,phases      ] GC(514)   Merge Heap Roots: 0.2ms
[205.088s][info][gc,phases      ] GC(514)   Evacuate Collection Set: 1.7ms
[205.088s][info][gc,phases      ] GC(514)   Post Evacuate Collection Set: 3.9ms
[205.088s][info][gc,phases      ] GC(514)   Other: 0.1ms
[205.089s][info][gc,heap        ] GC(514) Eden regions: 641->0(641)
[205.089s][info][gc,heap        ] GC(514) Survivor regions: 2->2(81)
[205.089s][info][gc,heap        ] GC(514) Old regions: 29->29
[205.089s][info][gc,heap        ] GC(514) Archive regions: 0->0
[205.089s][info][gc,heap        ] GC(514) Humongous regions: 0->0
[205.089s][info][gc,metaspace   ] GC(514) Metaspace: 14287K(15104K)->14287K(15104K) NonClass: 12347K(12928K)->12347K(12928K) Class: 1939K(2176K)->1939K(2176K)
[205.089s][info][gc             ] GC(514) Pause Young (Normal) (G1 Evacuation Pause) 647M->6M(1073M) 6.325ms
[205.089s][info][gc,cpu         ] GC(514) User=0.52s Sys=0.00s Real=0.01s
[205.550s][info][gc,start       ] GC(515) Pause Young (Normal) (G1 Evacuation Pause)
[205.550s][info][gc,task        ] GC(515) Using 33 workers of 33 for evacuation
[205.556s][info][gc,phases      ] GC(515)   Pre Evacuate Collection Set: 0.2ms
[205.556s][info][gc,phases      ] GC(515)   Merge Heap Roots: 0.2ms
[205.556s][info][gc,phases      ] GC(515)   Evacuate Collection Set: 1.8ms
[205.556s][info][gc,phases      ] GC(515)   Post Evacuate Collection Set: 3.8ms
[205.556s][info][gc,phases      ] GC(515)   Other: 0.1ms
[205.556s][info][gc,heap        ] GC(515) Eden regions: 641->0(641)
[205.556s][info][gc,heap        ] GC(515) Survivor regions: 2->2(81)
[205.556s][info][gc,heap        ] GC(515) Old regions: 29->29
[205.556s][info][gc,heap        ] GC(515) Archive regions: 0->0
[205.556s][info][gc,heap        ] GC(515) Humongous regions: 0->0
[205.556s][info][gc,metaspace   ] GC(515) Metaspace: 14287K(15104K)->14287K(15104K) NonClass: 12347K(12928K)->12347K(12928K) Class: 1939K(2176K)->1939K(2176K)
[205.556s][info][gc             ] GC(515) Pause Young (Normal) (G1 Evacuation Pause) 647M->6M(1073M) 6.277ms
[205.556s][info][gc,cpu         ] GC(515) User=0.52s Sys=0.00s Real=0.01s
[206.011s][info][gc,start       ] GC(516) Pause Young (Normal) (G1 Evacuation Pause)
[206.011s][info][gc,task        ] GC(516) Using 33 workers of 33 for evacuation
[206.016s][info][gc,phases      ] GC(516)   Pre Evacuate Collection Set: 0.2ms
[206.016s][info][gc,phases      ] GC(516)   Merge Heap Roots: 0.2ms
[206.016s][info][gc,phases      ] GC(516)   Evacuate Collection Set: 0.5ms
[206.016s][info][gc,phases      ] GC(516)   Post Evacuate Collection Set: 3.6ms
[206.016s][info][gc,phases      ] GC(516)   Other: 0.1ms
[206.016s][info][gc,heap        ] GC(516) Eden regions: 641->0(641)
[206.016s][info][gc,heap        ] GC(516) Survivor regions: 2->2(81)
[206.016s][info][gc,heap        ] GC(516) Old regions: 29->29
[206.016s][info][gc,heap        ] GC(516) Archive regions: 0->0
[206.016s][info][gc,heap        ] GC(516) Humongous regions: 0->0
[206.016s][info][gc,metaspace   ] GC(516) Metaspace: 14287K(15104K)->14287K(15104K) NonClass: 12347K(12928K)->12347K(12928K) Class: 1939K(2176K)->1939K(2176K)
[206.016s][info][gc             ] GC(516) Pause Young (Normal) (G1 Evacuation Pause) 647M->6M(1073M) 4.884ms
[206.016s][info][gc,cpu         ] GC(516) User=0.00s Sys=0.00s Real=0.01s
[206.476s][info][gc,start       ] GC(517) Pause Young (Normal) (G1 Evacuation Pause)
[206.477s][info][gc,task        ] GC(517) Using 33 workers of 33 for evacuation
[206.481s][info][gc,phases      ] GC(517)   Pre Evacuate Collection Set: 0.2ms
[206.481s][info][gc,phases      ] GC(517)   Merge Heap Roots: 0.2ms
[206.481s][info][gc,phases      ] GC(517)   Evacuate Collection Set: 0.5ms
[206.481s][info][gc,phases      ] GC(517)   Post Evacuate Collection Set: 3.6ms
[206.481s][info][gc,phases      ] GC(517)   Other: 0.1ms
[206.481s][info][gc,heap        ] GC(517) Eden regions: 641->0(641)
[206.481s][info][gc,heap        ] GC(517) Survivor regions: 2->2(81)
[206.481s][info][gc,heap        ] GC(517) Old regions: 29->29
[206.481s][info][gc,heap        ] GC(517) Archive regions: 0->0
[206.481s][info][gc,heap        ] GC(517) Humongous regions: 0->0
[206.481s][info][gc,metaspace   ] GC(517) Metaspace: 14287K(15104K)->14287K(15104K) NonClass: 12347K(12928K)->12347K(12928K) Class: 1939K(2176K)->1939K(2176K)
[206.481s][info][gc             ] GC(517) Pause Young (Normal) (G1 Evacuation Pause) 647M->7M(1073M) 4.809ms
[206.481s][info][gc,cpu         ] GC(517) User=0.00s Sys=0.00s Real=0.00s
[206.925s][info][gc,start       ] GC(518) Pause Young (Normal) (G1 Evacuation Pause)
[206.926s][info][gc,task        ] GC(518) Using 33 workers of 33 for evacuation
[206.930s][info][gc,phases      ] GC(518)   Pre Evacuate Collection Set: 0.2ms
[206.930s][info][gc,phases      ] GC(518)   Merge Heap Roots: 0.2ms
[206.930s][info][gc,phases      ] GC(518)   Evacuate Collection Set: 0.5ms
[206.930s][info][gc,phases      ] GC(518)   Post Evacuate Collection Set: 3.7ms
[206.930s][info][gc,phases      ] GC(518)   Other: 0.1ms
[206.930s][info][gc,heap        ] GC(518) Eden regions: 641->0(641)
[206.930s][info][gc,heap        ] GC(518) Survivor regions: 2->2(81)
[206.930s][info][gc,heap        ] GC(518) Old regions: 29->29
[206.930s][info][gc,heap        ] GC(518) Archive regions: 0->0
[206.930s][info][gc,heap        ] GC(518) Humongous regions: 0->0
[206.930s][info][gc,metaspace   ] GC(518) Metaspace: 14287K(15104K)->14287K(15104K) NonClass: 12347K(12928K)->12347K(12928K) Class: 1939K(2176K)->1939K(2176K)
[206.930s][info][gc             ] GC(518) Pause Young (Normal) (G1 Evacuation Pause) 648M->7M(1073M) 4.866ms
[206.930s][info][gc,cpu         ] GC(518) User=0.52s Sys=0.00s Real=0.00s
[207.381s][info][gc,start       ] GC(519) Pause Young (Normal) (G1 Evacuation Pause)
[207.381s][info][gc,task        ] GC(519) Using 33 workers of 33 for evacuation
[207.386s][info][gc,phases      ] GC(519)   Pre Evacuate Collection Set: 0.2ms
[207.386s][info][gc,phases      ] GC(519)   Merge Heap Roots: 0.2ms
[207.386s][info][gc,phases      ] GC(519)   Evacuate Collection Set: 0.6ms
[207.386s][info][gc,phases      ] GC(519)   Post Evacuate Collection Set: 3.8ms
[207.386s][info][gc,phases      ] GC(519)   Other: 0.1ms
[207.386s][info][gc,heap        ] GC(519) Eden regions: 641->0(641)
[207.386s][info][gc,heap        ] GC(519) Survivor regions: 2->2(81)
[207.386s][info][gc,heap        ] GC(519) Old regions: 29->29
[207.386s][info][gc,heap        ] GC(519) Archive regions: 0->0
[207.386s][info][gc,heap        ] GC(519) Humongous regions: 0->0
[207.386s][info][gc,metaspace   ] GC(519) Metaspace: 14287K(15104K)->14287K(15104K) NonClass: 12347K(12928K)->12347K(12928K) Class: 1939K(2176K)->1939K(2176K)
[207.386s][info][gc             ] GC(519) Pause Young (Normal) (G1 Evacuation Pause) 648M->7M(1073M) 5.083ms
[207.386s][info][gc,cpu         ] GC(519) User=0.23s Sys=0.14s Real=0.00s
[207.837s][info][gc,start       ] GC(520) Pause Young (Normal) (G1 Evacuation Pause)
[207.837s][info][gc,task        ] GC(520) Using 33 workers of 33 for evacuation
[207.842s][info][gc,phases      ] GC(520)   Pre Evacuate Collection Set: 0.2ms
[207.842s][info][gc,phases      ] GC(520)   Merge Heap Roots: 0.2ms
[207.842s][info][gc,phases      ] GC(520)   Evacuate Collection Set: 0.5ms
[207.842s][info][gc,phases      ] GC(520)   Post Evacuate Collection Set: 3.8ms
[207.842s][info][gc,phases      ] GC(520)   Other: 0.1ms
[207.842s][info][gc,heap        ] GC(520) Eden regions: 641->0(641)
[207.842s][info][gc,heap        ] GC(520) Survivor regions: 2->2(81)
[207.842s][info][gc,heap        ] GC(520) Old regions: 29->29
[207.842s][info][gc,heap        ] GC(520) Archive regions: 0->0
[207.842s][info][gc,heap        ] GC(520) Humongous regions: 0->0
[207.842s][info][gc,metaspace   ] GC(520) Metaspace: 14287K(15104K)->14287K(15104K) NonClass: 12347K(12928K)->12347K(12928K) Class: 1939K(2176K)->1939K(2176K)
[207.842s][info][gc             ] GC(520) Pause Young (Normal) (G1 Evacuation Pause) 648M->7M(1073M) 5.075ms
[207.842s][info][gc,cpu         ] GC(520) User=0.00s Sys=0.00s Real=0.01s
[208.289s][info][gc,start       ] GC(521) Pause Young (Normal) (G1 Evacuation Pause)
[208.289s][info][gc,task        ] GC(521) Using 33 workers of 33 for evacuation
[208.294s][info][gc,phases      ] GC(521)   Pre Evacuate Collection Set: 0.2ms
[208.294s][info][gc,phases      ] GC(521)   Merge Heap Roots: 0.2ms
[208.294s][info][gc,phases      ] GC(521)   Evacuate Collection Set: 0.5ms
[208.294s][info][gc,phases      ] GC(521)   Post Evacuate Collection Set: 3.9ms
[208.294s][info][gc,phases      ] GC(521)   Other: 0.1ms
[208.294s][info][gc,heap        ] GC(521) Eden regions: 641->0(640)
[208.294s][info][gc,heap        ] GC(521) Survivor regions: 2->3(81)
[208.294s][info][gc,heap        ] GC(521) Old regions: 29->29
[208.294s][info][gc,heap        ] GC(521) Archive regions: 0->0
[208.294s][info][gc,heap        ] GC(521) Humongous regions: 0->0
[208.294s][info][gc,metaspace   ] GC(521) Metaspace: 14287K(15104K)->14287K(15104K) NonClass: 12347K(12928K)->12347K(12928K) Class: 1939K(2176K)->1939K(2176K)
[208.294s][info][gc             ] GC(521) Pause Young (Normal) (G1 Evacuation Pause) 648M->7M(1073M) 5.090ms
[208.294s][info][gc,cpu         ] GC(521) User=0.00s Sys=0.00s Real=0.01s
[208.751s][info][gc,start       ] GC(522) Pause Young (Normal) (G1 Evacuation Pause)
[208.751s][info][gc,task        ] GC(522) Using 33 workers of 33 for evacuation
[208.755s][info][gc,phases      ] GC(522)   Pre Evacuate Collection Set: 0.2ms
[208.755s][info][gc,phases      ] GC(522)   Merge Heap Roots: 0.2ms
[208.755s][info][gc,phases      ] GC(522)   Evacuate Collection Set: 0.6ms
[208.755s][info][gc,phases      ] GC(522)   Post Evacuate Collection Set: 3.6ms
[208.755s][info][gc,phases      ] GC(522)   Other: 0.1ms
[208.755s][info][gc,heap        ] GC(522) Eden regions: 640->0(640)
[208.755s][info][gc,heap        ] GC(522) Survivor regions: 3->3(81)
[208.755s][info][gc,heap        ] GC(522) Old regions: 29->29
[208.755s][info][gc,heap        ] GC(522) Archive regions: 0->0
[208.755s][info][gc,heap        ] GC(522) Humongous regions: 0->0
[208.755s][info][gc,metaspace   ] GC(522) Metaspace: 14287K(15104K)->14287K(15104K) NonClass: 12347K(12928K)->12347K(12928K) Class: 1939K(2176K)->1939K(2176K)
[208.755s][info][gc             ] GC(522) Pause Young (Normal) (G1 Evacuation Pause) 647M->7M(1073M) 4.916ms
[208.756s][info][gc,cpu         ] GC(522) User=0.00s Sys=0.00s Real=0.00s
[209.216s][info][gc,start       ] GC(523) Pause Young (Normal) (G1 Evacuation Pause)
[209.216s][info][gc,task        ] GC(523) Using 33 workers of 33 for evacuation
[209.221s][info][gc,phases      ] GC(523)   Pre Evacuate Collection Set: 0.2ms
[209.221s][info][gc,phases      ] GC(523)   Merge Heap Roots: 0.2ms
[209.221s][info][gc,phases      ] GC(523)   Evacuate Collection Set: 0.6ms
[209.221s][info][gc,phases      ] GC(523)   Post Evacuate Collection Set: 3.5ms
[209.221s][info][gc,phases      ] GC(523)   Other: 0.1ms
[209.221s][info][gc,heap        ] GC(523) Eden regions: 640->0(640)
[209.221s][info][gc,heap        ] GC(523) Survivor regions: 3->3(81)
[209.221s][info][gc,heap        ] GC(523) Old regions: 29->29
[209.221s][info][gc,heap        ] GC(523) Archive regions: 0->0
[209.221s][info][gc,heap        ] GC(523) Humongous regions: 0->0
[209.221s][info][gc,metaspace   ] GC(523) Metaspace: 14287K(15104K)->14287K(15104K) NonClass: 12347K(12928K)->12347K(12928K) Class: 1939K(2176K)->1939K(2176K)
[209.221s][info][gc             ] GC(523) Pause Young (Normal) (G1 Evacuation Pause) 647M->7M(1073M) 4.757ms
[209.221s][info][gc,cpu         ] GC(523) User=0.00s Sys=0.00s Real=0.00s
[209.673s][info][gc,start       ] GC(524) Pause Young (Normal) (G1 Evacuation Pause)
[209.673s][info][gc,task        ] GC(524) Using 33 workers of 33 for evacuation
[209.678s][info][gc,phases      ] GC(524)   Pre Evacuate Collection Set: 0.2ms
[209.678s][info][gc,phases      ] GC(524)   Merge Heap Roots: 0.2ms
[209.678s][info][gc,phases      ] GC(524)   Evacuate Collection Set: 0.6ms
[209.678s][info][gc,phases      ] GC(524)   Post Evacuate Collection Set: 3.6ms
[209.678s][info][gc,phases      ] GC(524)   Other: 0.1ms
[209.678s][info][gc,heap        ] GC(524) Eden regions: 640->0(640)
[209.678s][info][gc,heap        ] GC(524) Survivor regions: 3->3(81)
[209.678s][info][gc,heap        ] GC(524) Old regions: 29->29
[209.678s][info][gc,heap        ] GC(524) Archive regions: 0->0
[209.678s][info][gc,heap        ] GC(524) Humongous regions: 0->0
[209.678s][info][gc,metaspace   ] GC(524) Metaspace: 14287K(15104K)->14287K(15104K) NonClass: 12347K(12928K)->12347K(12928K) Class: 1939K(2176K)->1939K(2176K)
[209.678s][info][gc             ] GC(524) Pause Young (Normal) (G1 Evacuation Pause) 647M->7M(1073M) 4.822ms
[209.678s][info][gc,cpu         ] GC(524) User=0.00s Sys=0.00s Real=0.00s
[210.132s][info][gc,start       ] GC(525) Pause Young (Normal) (G1 Evacuation Pause)
[210.132s][info][gc,task        ] GC(525) Using 33 workers of 33 for evacuation
[210.136s][info][gc,phases      ] GC(525)   Pre Evacuate Collection Set: 0.2ms
[210.137s][info][gc,phases      ] GC(525)   Merge Heap Roots: 0.2ms
[210.137s][info][gc,phases      ] GC(525)   Evacuate Collection Set: 0.5ms
[210.137s][info][gc,phases      ] GC(525)   Post Evacuate Collection Set: 3.8ms
[210.137s][info][gc,phases      ] GC(525)   Other: 0.1ms
[210.137s][info][gc,heap        ] GC(525) Eden regions: 640->0(642)
[210.137s][info][gc,heap        ] GC(525) Survivor regions: 3->1(81)
[210.137s][info][gc,heap        ] GC(525) Old regions: 29->31
[210.137s][info][gc,heap        ] GC(525) Archive regions: 0->0
[210.137s][info][gc,heap        ] GC(525) Humongous regions: 0->0
[210.137s][info][gc,metaspace   ] GC(525) Metaspace: 14287K(15104K)->14287K(15104K) NonClass: 12347K(12928K)->12347K(12928K) Class: 1939K(2176K)->1939K(2176K)
[210.137s][info][gc             ] GC(525) Pause Young (Normal) (G1 Evacuation Pause) 647M->7M(1073M) 4.995ms
[210.137s][info][gc,cpu         ] GC(525) User=0.52s Sys=0.00s Real=0.00s
[210.591s][info][gc,start       ] GC(526) Pause Young (Normal) (G1 Evacuation Pause)
[210.591s][info][gc,task        ] GC(526) Using 33 workers of 33 for evacuation
[210.596s][info][gc,phases      ] GC(526)   Pre Evacuate Collection Set: 0.2ms
[210.596s][info][gc,phases      ] GC(526)   Merge Heap Roots: 0.2ms
[210.596s][info][gc,phases      ] GC(526)   Evacuate Collection Set: 0.4ms
[210.596s][info][gc,phases      ] GC(526)   Post Evacuate Collection Set: 3.9ms
[210.596s][info][gc,phases      ] GC(526)   Other: 0.1ms
[210.596s][info][gc,heap        ] GC(526) Eden regions: 642->0(642)
[210.596s][info][gc,heap        ] GC(526) Survivor regions: 1->1(81)
[210.596s][info][gc,heap        ] GC(526) Old regions: 31->31
[210.596s][info][gc,heap        ] GC(526) Archive regions: 0->0
[210.596s][info][gc,heap        ] GC(526) Humongous regions: 0->0
[210.596s][info][gc,metaspace   ] GC(526) Metaspace: 14287K(15104K)->14287K(15104K) NonClass: 12347K(12928K)->12347K(12928K) Class: 1939K(2176K)->1939K(2176K)
[210.596s][info][gc             ] GC(526) Pause Young (Normal) (G1 Evacuation Pause) 649M->7M(1073M) 4.984ms
[210.596s][info][gc,cpu         ] GC(526) User=0.00s Sys=0.00s Real=0.01s
[211.056s][info][gc,start       ] GC(527) Pause Young (Normal) (G1 Evacuation Pause)
[211.056s][info][gc,task        ] GC(527) Using 33 workers of 33 for evacuation
[211.061s][info][gc,phases      ] GC(527)   Pre Evacuate Collection Set: 0.2ms
[211.061s][info][gc,phases      ] GC(527)   Merge Heap Roots: 0.2ms
[211.061s][info][gc,phases      ] GC(527)   Evacuate Collection Set: 0.4ms
[211.061s][info][gc,phases      ] GC(527)   Post Evacuate Collection Set: 3.9ms
[211.061s][info][gc,phases      ] GC(527)   Other: 0.1ms
[211.061s][info][gc,heap        ] GC(527) Eden regions: 642->0(641)
[211.061s][info][gc,heap        ] GC(527) Survivor regions: 1->2(81)
[211.061s][info][gc,heap        ] GC(527) Old regions: 31->31
[211.061s][info][gc,heap        ] GC(527) Archive regions: 0->0
[211.061s][info][gc,heap        ] GC(527) Humongous regions: 0->0
[211.061s][info][gc,metaspace   ] GC(527) Metaspace: 14287K(15104K)->14287K(15104K) NonClass: 12347K(12928K)->12347K(12928K) Class: 1939K(2176K)->1939K(2176K)
[211.061s][info][gc             ] GC(527) Pause Young (Normal) (G1 Evacuation Pause) 649M->7M(1073M) 5.012ms
[211.061s][info][gc,cpu         ] GC(527) User=0.00s Sys=0.00s Real=0.00s
[211.527s][info][gc,start       ] GC(528) Pause Young (Normal) (G1 Evacuation Pause)
[211.527s][info][gc,task        ] GC(528) Using 33 workers of 33 for evacuation
[211.531s][info][gc,phases      ] GC(528)   Pre Evacuate Collection Set: 0.2ms
[211.531s][info][gc,phases      ] GC(528)   Merge Heap Roots: 0.2ms
[211.531s][info][gc,phases      ] GC(528)   Evacuate Collection Set: 0.4ms
[211.531s][info][gc,phases      ] GC(528)   Post Evacuate Collection Set: 3.5ms
[211.531s][info][gc,phases      ] GC(528)   Other: 0.1ms
[211.531s][info][gc,heap        ] GC(528) Eden regions: 641->0(641)
[211.531s][info][gc,heap        ] GC(528) Survivor regions: 2->2(81)
[211.531s][info][gc,heap        ] GC(528) Old regions: 31->31
[211.531s][info][gc,heap        ] GC(528) Archive regions: 0->0
[211.531s][info][gc,heap        ] GC(528) Humongous regions: 0->0
[211.531s][info][gc,metaspace   ] GC(528) Metaspace: 14287K(15104K)->14287K(15104K) NonClass: 12347K(12928K)->12347K(12928K) Class: 1939K(2176K)->1939K(2176K)
[211.531s][info][gc             ] GC(528) Pause Young (Normal) (G1 Evacuation Pause) 648M->7M(1073M) 4.645ms
[211.531s][info][gc,cpu         ] GC(528) User=0.00s Sys=0.00s Real=0.00s
[212.001s][info][gc,start       ] GC(529) Pause Young (Normal) (G1 Evacuation Pause)
[212.001s][info][gc,task        ] GC(529) Using 33 workers of 33 for evacuation
[212.005s][info][gc,phases      ] GC(529)   Pre Evacuate Collection Set: 0.2ms
[212.005s][info][gc,phases      ] GC(529)   Merge Heap Roots: 0.2ms
[212.005s][info][gc,phases      ] GC(529)   Evacuate Collection Set: 0.4ms
[212.005s][info][gc,phases      ] GC(529)   Post Evacuate Collection Set: 3.4ms
[212.005s][info][gc,phases      ] GC(529)   Other: 0.1ms
[212.005s][info][gc,heap        ] GC(529) Eden regions: 641->0(641)
[212.005s][info][gc,heap        ] GC(529) Survivor regions: 2->2(81)
[212.005s][info][gc,heap        ] GC(529) Old regions: 31->31
[212.005s][info][gc,heap        ] GC(529) Archive regions: 0->0
[212.005s][info][gc,heap        ] GC(529) Humongous regions: 0->0
[212.005s][info][gc,metaspace   ] GC(529) Metaspace: 14287K(15104K)->14287K(15104K) NonClass: 12347K(12928K)->12347K(12928K) Class: 1939K(2176K)->1939K(2176K)
[212.005s][info][gc             ] GC(529) Pause Young (Normal) (G1 Evacuation Pause) 648M->7M(1073M) 4.587ms
[212.005s][info][gc,cpu         ] GC(529) User=0.00s Sys=0.00s Real=0.00s
[212.460s][info][gc,start       ] GC(530) Pause Young (Normal) (G1 Evacuation Pause)
[212.461s][info][gc,task        ] GC(530) Using 33 workers of 33 for evacuation
[212.465s][info][gc,phases      ] GC(530)   Pre Evacuate Collection Set: 0.2ms
[212.465s][info][gc,phases      ] GC(530)   Merge Heap Roots: 0.2ms
[212.465s][info][gc,phases      ] GC(530)   Evacuate Collection Set: 0.4ms
[212.465s][info][gc,phases      ] GC(530)   Post Evacuate Collection Set: 3.6ms
[212.465s][info][gc,phases      ] GC(530)   Other: 0.1ms
[212.465s][info][gc,heap        ] GC(530) Eden regions: 641->0(641)
[212.465s][info][gc,heap        ] GC(530) Survivor regions: 2->2(81)
[212.465s][info][gc,heap        ] GC(530) Old regions: 31->31
[212.465s][info][gc,heap        ] GC(530) Archive regions: 0->0
[212.465s][info][gc,heap        ] GC(530) Humongous regions: 0->0
[212.465s][info][gc,metaspace   ] GC(530) Metaspace: 14287K(15104K)->14287K(15104K) NonClass: 12347K(12928K)->12347K(12928K) Class: 1939K(2176K)->1939K(2176K)
[212.465s][info][gc             ] GC(530) Pause Young (Normal) (G1 Evacuation Pause) 648M->8M(1073M) 4.711ms
[212.465s][info][gc,cpu         ] GC(530) User=0.00s Sys=0.00s Real=0.00s
[212.922s][info][gc,start       ] GC(531) Pause Young (Normal) (G1 Evacuation Pause)
[212.922s][info][gc,task        ] GC(531) Using 33 workers of 33 for evacuation
[212.927s][info][gc,phases      ] GC(531)   Pre Evacuate Collection Set: 0.2ms
[212.927s][info][gc,phases      ] GC(531)   Merge Heap Roots: 0.2ms
[212.927s][info][gc,phases      ] GC(531)   Evacuate Collection Set: 0.4ms
[212.927s][info][gc,phases      ] GC(531)   Post Evacuate Collection Set: 3.7ms
[212.927s][info][gc,phases      ] GC(531)   Other: 0.1ms
[212.927s][info][gc,heap        ] GC(531) Eden regions: 641->0(641)
[212.927s][info][gc,heap        ] GC(531) Survivor regions: 2->2(81)
[212.927s][info][gc,heap        ] GC(531) Old regions: 31->31
[212.927s][info][gc,heap        ] GC(531) Archive regions: 0->0
[212.927s][info][gc,heap        ] GC(531) Humongous regions: 0->0
[212.927s][info][gc,metaspace   ] GC(531) Metaspace: 14287K(15104K)->14287K(15104K) NonClass: 12347K(12928K)->12347K(12928K) Class: 1939K(2176K)->1939K(2176K)
[212.927s][info][gc             ] GC(531) Pause Young (Normal) (G1 Evacuation Pause) 649M->8M(1073M) 4.916ms
[212.927s][info][gc,cpu         ] GC(531) User=0.00s Sys=0.00s Real=0.00s
[213.384s][info][gc,start       ] GC(532) Pause Young (Normal) (G1 Evacuation Pause)
[213.384s][info][gc,task        ] GC(532) Using 33 workers of 33 for evacuation
[213.389s][info][gc,phases      ] GC(532)   Pre Evacuate Collection Set: 0.2ms
[213.389s][info][gc,phases      ] GC(532)   Merge Heap Roots: 0.2ms
[213.389s][info][gc,phases      ] GC(532)   Evacuate Collection Set: 0.3ms
[213.389s][info][gc,phases      ] GC(532)   Post Evacuate Collection Set: 3.8ms
[213.389s][info][gc,phases      ] GC(532)   Other: 0.1ms
[213.389s][info][gc,heap        ] GC(532) Eden regions: 641->0(641)
[213.389s][info][gc,heap        ] GC(532) Survivor regions: 2->2(81)
[213.389s][info][gc,heap        ] GC(532) Old regions: 31->31
[213.389s][info][gc,heap        ] GC(532) Archive regions: 0->0
[213.389s][info][gc,heap        ] GC(532) Humongous regions: 0->0
[213.389s][info][gc,metaspace   ] GC(532) Metaspace: 14287K(15104K)->14287K(15104K) NonClass: 12347K(12928K)->12347K(12928K) Class: 1939K(2176K)->1939K(2176K)
[213.389s][info][gc             ] GC(532) Pause Young (Normal) (G1 Evacuation Pause) 649M->8M(1073M) 4.922ms
[213.389s][info][gc,cpu         ] GC(532) User=0.00s Sys=0.00s Real=0.01s
[213.844s][info][gc,start       ] GC(533) Pause Young (Normal) (G1 Evacuation Pause)
[213.844s][info][gc,task        ] GC(533) Using 33 workers of 33 for evacuation
[213.848s][info][gc,phases      ] GC(533)   Pre Evacuate Collection Set: 0.2ms
[213.848s][info][gc,phases      ] GC(533)   Merge Heap Roots: 0.2ms
[213.848s][info][gc,phases      ] GC(533)   Evacuate Collection Set: 0.4ms
[213.848s][info][gc,phases      ] GC(533)   Post Evacuate Collection Set: 3.9ms
[213.848s][info][gc,phases      ] GC(533)   Other: 0.1ms
[213.849s][info][gc,heap        ] GC(533) Eden regions: 641->0(641)
[213.849s][info][gc,heap        ] GC(533) Survivor regions: 2->2(81)
[213.849s][info][gc,heap        ] GC(533) Old regions: 31->31
[213.849s][info][gc,heap        ] GC(533) Archive regions: 0->0
[213.849s][info][gc,heap        ] GC(533) Humongous regions: 0->0
[213.849s][info][gc,metaspace   ] GC(533) Metaspace: 14287K(15104K)->14287K(15104K) NonClass: 12347K(12928K)->12347K(12928K) Class: 1939K(2176K)->1939K(2176K)
[213.849s][info][gc             ] GC(533) Pause Young (Normal) (G1 Evacuation Pause) 649M->8M(1073M) 4.999ms
[213.849s][info][gc,cpu         ] GC(533) User=0.00s Sys=0.00s Real=0.01s
[214.315s][info][gc,start       ] GC(534) Pause Young (Normal) (G1 Evacuation Pause)
[214.315s][info][gc,task        ] GC(534) Using 33 workers of 33 for evacuation
[214.319s][info][gc,phases      ] GC(534)   Pre Evacuate Collection Set: 0.2ms
[214.319s][info][gc,phases      ] GC(534)   Merge Heap Roots: 0.2ms
[214.319s][info][gc,phases      ] GC(534)   Evacuate Collection Set: 0.4ms
[214.319s][info][gc,phases      ] GC(534)   Post Evacuate Collection Set: 3.5ms
[214.319s][info][gc,phases      ] GC(534)   Other: 0.1ms
[214.319s][info][gc,heap        ] GC(534) Eden regions: 641->0(641)
[214.319s][info][gc,heap        ] GC(534) Survivor regions: 2->2(81)
[214.319s][info][gc,heap        ] GC(534) Old regions: 31->32
[214.319s][info][gc,heap        ] GC(534) Archive regions: 0->0
[214.319s][info][gc,heap        ] GC(534) Humongous regions: 0->0
[214.319s][info][gc,metaspace   ] GC(534) Metaspace: 14287K(15104K)->14287K(15104K) NonClass: 12347K(12928K)->12347K(12928K) Class: 1939K(2176K)->1939K(2176K)
[214.319s][info][gc             ] GC(534) Pause Young (Normal) (G1 Evacuation Pause) 649M->8M(1073M) 4.568ms
[214.319s][info][gc,cpu         ] GC(534) User=0.00s Sys=0.00s Real=0.00s
[214.786s][info][gc,start       ] GC(535) Pause Young (Normal) (G1 Evacuation Pause)
[214.786s][info][gc,task        ] GC(535) Using 33 workers of 33 for evacuation
[214.791s][info][gc,phases      ] GC(535)   Pre Evacuate Collection Set: 0.2ms
[214.791s][info][gc,phases      ] GC(535)   Merge Heap Roots: 0.2ms
[214.791s][info][gc,phases      ] GC(535)   Evacuate Collection Set: 0.4ms
[214.791s][info][gc,phases      ] GC(535)   Post Evacuate Collection Set: 3.4ms
[214.791s][info][gc,phases      ] GC(535)   Other: 0.1ms
[214.791s][info][gc,heap        ] GC(535) Eden regions: 641->0(641)
[214.791s][info][gc,heap        ] GC(535) Survivor regions: 2->2(81)
[214.791s][info][gc,heap        ] GC(535) Old regions: 32->32
[214.791s][info][gc,heap        ] GC(535) Archive regions: 0->0
[214.791s][info][gc,heap        ] GC(535) Humongous regions: 0->0
[214.791s][info][gc,metaspace   ] GC(535) Metaspace: 14287K(15104K)->14287K(15104K) NonClass: 12347K(12928K)->12347K(12928K) Class: 1939K(2176K)->1939K(2176K)
[214.791s][info][gc             ] GC(535) Pause Young (Normal) (G1 Evacuation Pause) 649M->8M(1073M) 4.509ms
[214.791s][info][gc,cpu         ] GC(535) User=0.52s Sys=0.00s Real=0.00s
[215.216s][info][gc,start       ] GC(536) Pause Young (Normal) (G1 Evacuation Pause)
[215.216s][info][gc,task        ] GC(536) Using 33 workers of 33 for evacuation
[215.220s][info][gc,phases      ] GC(536)   Pre Evacuate Collection Set: 0.2ms
[215.220s][info][gc,phases      ] GC(536)   Merge Heap Roots: 0.3ms
[215.220s][info][gc,phases      ] GC(536)   Evacuate Collection Set: 0.4ms
[215.220s][info][gc,phases      ] GC(536)   Post Evacuate Collection Set: 3.7ms
[215.220s][info][gc,phases      ] GC(536)   Other: 0.1ms
[215.220s][info][gc,heap        ] GC(536) Eden regions: 641->0(641)
[215.220s][info][gc,heap        ] GC(536) Survivor regions: 2->2(81)
[215.220s][info][gc,heap        ] GC(536) Old regions: 32->32
[215.220s][info][gc,heap        ] GC(536) Archive regions: 0->0
[215.220s][info][gc,heap        ] GC(536) Humongous regions: 0->0
[215.221s][info][gc,metaspace   ] GC(536) Metaspace: 14287K(15104K)->14287K(15104K) NonClass: 12347K(12928K)->12347K(12928K) Class: 1939K(2176K)->1939K(2176K)
[215.221s][info][gc             ] GC(536) Pause Young (Normal) (G1 Evacuation Pause) 649M->8M(1073M) 4.838ms
[215.221s][info][gc,cpu         ] GC(536) User=0.00s Sys=0.00s Real=0.01s
[215.486s][info][gc,start       ] GC(537) Pause Full (System.gc())
[215.486s][info][gc,task        ] GC(537) Using 29 workers of 33 for full compaction
[215.487s][info][gc,phases,start] GC(537) Phase 1: Mark live objects
[215.496s][info][gc,phases      ] GC(537) Phase 1: Mark live objects 8.732ms
[215.496s][info][gc,phases,start] GC(537) Phase 2: Prepare compaction
[215.497s][info][gc,phases      ] GC(537) Phase 2: Prepare compaction 1.127ms
[215.497s][info][gc,phases,start] GC(537) Phase 3: Adjust pointers
[215.504s][info][gc,phases      ] GC(537) Phase 3: Adjust pointers 6.317ms
[215.504s][info][gc,phases,start] GC(537) Phase 4: Compact heap
[215.504s][info][gc,phases      ] GC(537) Phase 4: Compact heap 0.531ms
[215.510s][info][gc,heap        ] GC(537) Eden regions: 454->0(58)
[215.510s][info][gc,heap        ] GC(537) Survivor regions: 2->0(81)
[215.510s][info][gc,heap        ] GC(537) Old regions: 32->29
[215.510s][info][gc,heap        ] GC(537) Archive regions: 0->0
[215.510s][info][gc,heap        ] GC(537) Humongous regions: 0->0
[215.510s][info][gc,metaspace   ] GC(537) Metaspace: 14287K(15104K)->14287K(15104K) NonClass: 12347K(12928K)->12347K(12928K) Class: 1939K(2176K)->1939K(2176K)
[215.510s][info][gc             ] GC(537) Pause Full (System.gc()) 462M->5M(97M) 23.950ms
[215.510s][info][gc,cpu         ] GC(537) User=0.45s Sys=0.00s Real=0.02s
[215.556s][info][gc,start       ] GC(538) Pause Young (Normal) (G1 Evacuation Pause)
[215.556s][info][gc,task        ] GC(538) Using 33 workers of 33 for evacuation
[215.559s][info][gc,phases      ] GC(538)   Pre Evacuate Collection Set: 0.1ms
[215.559s][info][gc,phases      ] GC(538)   Merge Heap Roots: 0.1ms
[215.559s][info][gc,phases      ] GC(538)   Evacuate Collection Set: 0.4ms
[215.559s][info][gc,phases      ] GC(538)   Post Evacuate Collection Set: 2.7ms
[215.559s][info][gc,phases      ] GC(538)   Other: 0.1ms
[215.559s][info][gc,heap        ] GC(538) Eden regions: 58->0(56)
[215.559s][info][gc,heap        ] GC(538) Survivor regions: 0->2(8)
[215.559s][info][gc,heap        ] GC(538) Old regions: 29->29
[215.559s][info][gc,heap        ] GC(538) Archive regions: 0->0
[215.559s][info][gc,heap        ] GC(538) Humongous regions: 0->0
[215.560s][info][gc,metaspace   ] GC(538) Metaspace: 14287K(15104K)->14287K(15104K) NonClass: 12347K(12928K)->12347K(12928K) Class: 1939K(2176K)->1939K(2176K)
[215.560s][info][gc             ] GC(538) Pause Young (Normal) (G1 Evacuation Pause) 63M->6M(97M) 3.620ms
[215.560s][info][gc,cpu         ] GC(538) User=0.00s Sys=0.00s Real=0.00s
[215.597s][info][gc,start       ] GC(539) Pause Young (Normal) (G1 Evacuation Pause)
[215.597s][info][gc,task        ] GC(539) Using 33 workers of 33 for evacuation
[215.601s][info][gc,phases      ] GC(539)   Pre Evacuate Collection Set: 0.1ms
[215.601s][info][gc,phases      ] GC(539)   Merge Heap Roots: 0.1ms
[215.601s][info][gc,phases      ] GC(539)   Evacuate Collection Set: 0.4ms
[215.601s][info][gc,phases      ] GC(539)   Post Evacuate Collection Set: 2.6ms
[215.601s][info][gc,phases      ] GC(539)   Other: 0.1ms
[215.601s][info][gc,heap        ] GC(539) Eden regions: 56->0(56)
[215.601s][info][gc,heap        ] GC(539) Survivor regions: 2->2(8)
[215.601s][info][gc,heap        ] GC(539) Old regions: 29->29
[215.601s][info][gc,heap        ] GC(539) Archive regions: 0->0
[215.601s][info][gc,heap        ] GC(539) Humongous regions: 0->0
[215.601s][info][gc,metaspace   ] GC(539) Metaspace: 14287K(15104K)->14287K(15104K) NonClass: 12347K(12928K)->12347K(12928K) Class: 1939K(2176K)->1939K(2176K)
[215.601s][info][gc             ] GC(539) Pause Young (Normal) (G1 Evacuation Pause) 62M->6M(97M) 3.564ms
[215.601s][info][gc,cpu         ] GC(539) User=0.02s Sys=0.00s Real=0.00s
[215.642s][info][gc,start       ] GC(540) Pause Young (Normal) (G1 Evacuation Pause)
[215.642s][info][gc,task        ] GC(540) Using 33 workers of 33 for evacuation
[215.645s][info][gc,phases      ] GC(540)   Pre Evacuate Collection Set: 0.1ms
[215.645s][info][gc,phases      ] GC(540)   Merge Heap Roots: 0.1ms
[215.645s][info][gc,phases      ] GC(540)   Evacuate Collection Set: 0.4ms
[215.645s][info][gc,phases      ] GC(540)   Post Evacuate Collection Set: 2.7ms
[215.645s][info][gc,phases      ] GC(540)   Other: 0.1ms
[215.645s][info][gc,heap        ] GC(540) Eden regions: 56->0(56)
[215.645s][info][gc,heap        ] GC(540) Survivor regions: 2->2(8)
[215.645s][info][gc,heap        ] GC(540) Old regions: 29->29
[215.645s][info][gc,heap        ] GC(540) Archive regions: 0->0
[215.645s][info][gc,heap        ] GC(540) Humongous regions: 0->0
[215.645s][info][gc,metaspace   ] GC(540) Metaspace: 14287K(15104K)->14287K(15104K) NonClass: 12347K(12928K)->12347K(12928K) Class: 1939K(2176K)->1939K(2176K)
[215.645s][info][gc             ] GC(540) Pause Young (Normal) (G1 Evacuation Pause) 62M->6M(97M) 3.634ms
[215.645s][info][gc,cpu         ] GC(540) User=0.00s Sys=0.00s Real=0.00s
[215.709s][info][gc,start       ] GC(541) Pause Young (Normal) (G1 Evacuation Pause)
[215.709s][info][gc,task        ] GC(541) Using 33 workers of 33 for evacuation
[215.723s][info][gc,phases      ] GC(541)   Pre Evacuate Collection Set: 0.1ms
[215.723s][info][gc,phases      ] GC(541)   Merge Heap Roots: 0.1ms
[215.723s][info][gc,phases      ] GC(541)   Evacuate Collection Set: 0.6ms
[215.723s][info][gc,phases      ] GC(541)   Post Evacuate Collection Set: 12.3ms
[215.723s][info][gc,phases      ] GC(541)   Other: 0.1ms
[215.723s][info][gc,heap        ] GC(541) Eden regions: 56->0(641)
[215.723s][info][gc,heap        ] GC(541) Survivor regions: 2->2(8)
[215.723s][info][gc,heap        ] GC(541) Old regions: 29->29
[215.723s][info][gc,heap        ] GC(541) Archive regions: 0->0
[215.723s][info][gc,heap        ] GC(541) Humongous regions: 0->0
[215.723s][info][gc,metaspace   ] GC(541) Metaspace: 14287K(15104K)->14287K(15104K) NonClass: 12347K(12928K)->12347K(12928K) Class: 1939K(2176K)->1939K(2176K)
[215.723s][info][gc             ] GC(541) Pause Young (Normal) (G1 Evacuation Pause) 62M->6M(1073M) 13.555ms
[215.723s][info][gc,cpu         ] GC(541) User=0.00s Sys=0.02s Real=0.02s
[216.165s][info][gc,start       ] GC(542) Pause Young (Normal) (G1 Evacuation Pause)
[216.166s][info][gc,task        ] GC(542) Using 33 workers of 33 for evacuation
[216.172s][info][gc,phases      ] GC(542)   Pre Evacuate Collection Set: 0.2ms
[216.172s][info][gc,phases      ] GC(542)   Merge Heap Roots: 0.2ms
[216.172s][info][gc,phases      ] GC(542)   Evacuate Collection Set: 2.3ms
[216.172s][info][gc,phases      ] GC(542)   Post Evacuate Collection Set: 3.7ms
[216.172s][info][gc,phases      ] GC(542)   Other: 0.1ms
[216.172s][info][gc,heap        ] GC(542) Eden regions: 641->0(641)
[216.172s][info][gc,heap        ] GC(542) Survivor regions: 2->2(81)
[216.172s][info][gc,heap        ] GC(542) Old regions: 29->29
[216.172s][info][gc,heap        ] GC(542) Archive regions: 0->0
[216.172s][info][gc,heap        ] GC(542) Humongous regions: 0->0
[216.172s][info][gc,metaspace   ] GC(542) Metaspace: 14287K(15104K)->14287K(15104K) NonClass: 12347K(12928K)->12347K(12928K) Class: 1939K(2176K)->1939K(2176K)
[216.172s][info][gc             ] GC(542) Pause Young (Normal) (G1 Evacuation Pause) 647M->6M(1073M) 6.839ms
[216.172s][info][gc,cpu         ] GC(542) User=0.00s Sys=0.00s Real=0.00s
[216.621s][info][gc,start       ] GC(543) Pause Young (Normal) (G1 Evacuation Pause)
[216.621s][info][gc,task        ] GC(543) Using 33 workers of 33 for evacuation
[216.627s][info][gc,phases      ] GC(543)   Pre Evacuate Collection Set: 0.2ms
[216.627s][info][gc,phases      ] GC(543)   Merge Heap Roots: 0.2ms
[216.627s][info][gc,phases      ] GC(543)   Evacuate Collection Set: 1.8ms
[216.627s][info][gc,phases      ] GC(543)   Post Evacuate Collection Set: 3.9ms
[216.627s][info][gc,phases      ] GC(543)   Other: 0.1ms
[216.627s][info][gc,heap        ] GC(543) Eden regions: 641->0(641)
[216.627s][info][gc,heap        ] GC(543) Survivor regions: 2->2(81)
[216.627s][info][gc,heap        ] GC(543) Old regions: 29->29
[216.627s][info][gc,heap        ] GC(543) Archive regions: 0->0
[216.627s][info][gc,heap        ] GC(543) Humongous regions: 0->0
[216.627s][info][gc,metaspace   ] GC(543) Metaspace: 14287K(15104K)->14287K(15104K) NonClass: 12347K(12928K)->12347K(12928K) Class: 1939K(2176K)->1939K(2176K)
[216.627s][info][gc             ] GC(543) Pause Young (Normal) (G1 Evacuation Pause) 647M->6M(1073M) 6.344ms
[216.627s][info][gc,cpu         ] GC(543) User=0.00s Sys=0.00s Real=0.01s
[217.070s][info][gc,start       ] GC(544) Pause Young (Normal) (G1 Evacuation Pause)
[217.070s][info][gc,task        ] GC(544) Using 33 workers of 33 for evacuation
[217.075s][info][gc,phases      ] GC(544)   Pre Evacuate Collection Set: 0.2ms
[217.075s][info][gc,phases      ] GC(544)   Merge Heap Roots: 0.2ms
[217.075s][info][gc,phases      ] GC(544)   Evacuate Collection Set: 0.5ms
[217.075s][info][gc,phases      ] GC(544)   Post Evacuate Collection Set: 3.9ms
[217.075s][info][gc,phases      ] GC(544)   Other: 0.1ms
[217.075s][info][gc,heap        ] GC(544) Eden regions: 641->0(641)
[217.075s][info][gc,heap        ] GC(544) Survivor regions: 2->2(81)
[217.075s][info][gc,heap        ] GC(544) Old regions: 29->29
[217.075s][info][gc,heap        ] GC(544) Archive regions: 0->0
[217.075s][info][gc,heap        ] GC(544) Humongous regions: 0->0
[217.075s][info][gc,metaspace   ] GC(544) Metaspace: 14287K(15104K)->14287K(15104K) NonClass: 12347K(12928K)->12347K(12928K) Class: 1939K(2176K)->1939K(2176K)
[217.075s][info][gc             ] GC(544) Pause Young (Normal) (G1 Evacuation Pause) 647M->6M(1073M) 5.137ms
[217.075s][info][gc,cpu         ] GC(544) User=0.00s Sys=0.00s Real=0.00s
[217.515s][info][gc,start       ] GC(545) Pause Young (Normal) (G1 Evacuation Pause)
[217.515s][info][gc,task        ] GC(545) Using 33 workers of 33 for evacuation
[217.520s][info][gc,phases      ] GC(545)   Pre Evacuate Collection Set: 0.2ms
[217.520s][info][gc,phases      ] GC(545)   Merge Heap Roots: 0.2ms
[217.520s][info][gc,phases      ] GC(545)   Evacuate Collection Set: 0.6ms
[217.520s][info][gc,phases      ] GC(545)   Post Evacuate Collection Set: 4.0ms
[217.520s][info][gc,phases      ] GC(545)   Other: 0.1ms
[217.520s][info][gc,heap        ] GC(545) Eden regions: 641->0(641)
[217.520s][info][gc,heap        ] GC(545) Survivor regions: 2->2(81)
[217.520s][info][gc,heap        ] GC(545) Old regions: 29->29
[217.520s][info][gc,heap        ] GC(545) Archive regions: 0->0
[217.520s][info][gc,heap        ] GC(545) Humongous regions: 0->0
[217.520s][info][gc,metaspace   ] GC(545) Metaspace: 14287K(15104K)->14287K(15104K) NonClass: 12347K(12928K)->12347K(12928K) Class: 1939K(2176K)->1939K(2176K)
[217.520s][info][gc             ] GC(545) Pause Young (Normal) (G1 Evacuation Pause) 647M->7M(1073M) 5.306ms
[217.520s][info][gc,cpu         ] GC(545) User=0.00s Sys=0.00s Real=0.00s
[217.972s][info][gc,start       ] GC(546) Pause Young (Normal) (G1 Evacuation Pause)
[217.972s][info][gc,task        ] GC(546) Using 33 workers of 33 for evacuation
[217.976s][info][gc,phases      ] GC(546)   Pre Evacuate Collection Set: 0.2ms
[217.976s][info][gc,phases      ] GC(546)   Merge Heap Roots: 0.2ms
[217.977s][info][gc,phases      ] GC(546)   Evacuate Collection Set: 0.5ms
[217.977s][info][gc,phases      ] GC(546)   Post Evacuate Collection Set: 3.7ms
[217.977s][info][gc,phases      ] GC(546)   Other: 0.1ms
[217.977s][info][gc,heap        ] GC(546) Eden regions: 641->0(641)
[217.977s][info][gc,heap        ] GC(546) Survivor regions: 2->2(81)
[217.977s][info][gc,heap        ] GC(546) Old regions: 29->29
[217.977s][info][gc,heap        ] GC(546) Archive regions: 0->0
[217.977s][info][gc,heap        ] GC(546) Humongous regions: 0->0
[217.977s][info][gc,metaspace   ] GC(546) Metaspace: 14287K(15104K)->14287K(15104K) NonClass: 12347K(12928K)->12347K(12928K) Class: 1939K(2176K)->1939K(2176K)
[217.977s][info][gc             ] GC(546) Pause Young (Normal) (G1 Evacuation Pause) 648M->7M(1073M) 4.979ms
[217.977s][info][gc,cpu         ] GC(546) User=0.52s Sys=0.00s Real=0.00s
[218.438s][info][gc,start       ] GC(547) Pause Young (Normal) (G1 Evacuation Pause)
[218.438s][info][gc,task        ] GC(547) Using 33 workers of 33 for evacuation
[218.443s][info][gc,phases      ] GC(547)   Pre Evacuate Collection Set: 0.2ms
[218.443s][info][gc,phases      ] GC(547)   Merge Heap Roots: 0.2ms
[218.443s][info][gc,phases      ] GC(547)   Evacuate Collection Set: 0.5ms
[218.443s][info][gc,phases      ] GC(547)   Post Evacuate Collection Set: 3.5ms
[218.443s][info][gc,phases      ] GC(547)   Other: 0.1ms
[218.443s][info][gc,heap        ] GC(547) Eden regions: 641->0(641)
[218.443s][info][gc,heap        ] GC(547) Survivor regions: 2->2(81)
[218.443s][info][gc,heap        ] GC(547) Old regions: 29->29
[218.443s][info][gc,heap        ] GC(547) Archive regions: 0->0
[218.443s][info][gc,heap        ] GC(547) Humongous regions: 0->0
[218.443s][info][gc,metaspace   ] GC(547) Metaspace: 14287K(15104K)->14287K(15104K) NonClass: 12347K(12928K)->12347K(12928K) Class: 1939K(2176K)->1939K(2176K)
[218.443s][info][gc             ] GC(547) Pause Young (Normal) (G1 Evacuation Pause) 648M->7M(1073M) 4.761ms
[218.443s][info][gc,cpu         ] GC(547) User=0.00s Sys=0.00s Real=0.00s
[218.888s][info][gc,start       ] GC(548) Pause Young (Normal) (G1 Evacuation Pause)
[218.888s][info][gc,task        ] GC(548) Using 33 workers of 33 for evacuation
[218.892s][info][gc,phases      ] GC(548)   Pre Evacuate Collection Set: 0.2ms
[218.892s][info][gc,phases      ] GC(548)   Merge Heap Roots: 0.2ms
[218.892s][info][gc,phases      ] GC(548)   Evacuate Collection Set: 0.5ms
[218.892s][info][gc,phases      ] GC(548)   Post Evacuate Collection Set: 3.6ms
[218.892s][info][gc,phases      ] GC(548)   Other: 0.1ms
[218.892s][info][gc,heap        ] GC(548) Eden regions: 641->0(641)
[218.892s][info][gc,heap        ] GC(548) Survivor regions: 2->2(81)
[218.892s][info][gc,heap        ] GC(548) Old regions: 29->29
[218.892s][info][gc,heap        ] GC(548) Archive regions: 0->0
[218.892s][info][gc,heap        ] GC(548) Humongous regions: 0->0
[218.892s][info][gc,metaspace   ] GC(548) Metaspace: 14287K(15104K)->14287K(15104K) NonClass: 12347K(12928K)->12347K(12928K) Class: 1939K(2176K)->1939K(2176K)
[218.892s][info][gc             ] GC(548) Pause Young (Normal) (G1 Evacuation Pause) 648M->7M(1073M) 4.819ms
[218.892s][info][gc,cpu         ] GC(548) User=0.00s Sys=0.00s Real=0.01s
[219.331s][info][gc,start       ] GC(549) Pause Young (Normal) (G1 Evacuation Pause)
[219.331s][info][gc,task        ] GC(549) Using 33 workers of 33 for evacuation
[219.336s][info][gc,phases      ] GC(549)   Pre Evacuate Collection Set: 0.2ms
[219.336s][info][gc,phases      ] GC(549)   Merge Heap Roots: 0.2ms
[219.336s][info][gc,phases      ] GC(549)   Evacuate Collection Set: 0.5ms
[219.336s][info][gc,phases      ] GC(549)   Post Evacuate Collection Set: 3.8ms
[219.336s][info][gc,phases      ] GC(549)   Other: 0.1ms
[219.336s][info][gc,heap        ] GC(549) Eden regions: 641->0(640)
[219.336s][info][gc,heap        ] GC(549) Survivor regions: 2->3(81)
[219.336s][info][gc,heap        ] GC(549) Old regions: 29->29
[219.336s][info][gc,heap        ] GC(549) Archive regions: 0->0
[219.336s][info][gc,heap        ] GC(549) Humongous regions: 0->0
[219.336s][info][gc,metaspace   ] GC(549) Metaspace: 14287K(15104K)->14287K(15104K) NonClass: 12347K(12928K)->12347K(12928K) Class: 1939K(2176K)->1939K(2176K)
[219.336s][info][gc             ] GC(549) Pause Young (Normal) (G1 Evacuation Pause) 648M->7M(1073M) 5.007ms
[219.336s][info][gc,cpu         ] GC(549) User=0.52s Sys=0.00s Real=0.01s
[219.781s][info][gc,start       ] GC(550) Pause Young (Normal) (G1 Evacuation Pause)
[219.781s][info][gc,task        ] GC(550) Using 33 workers of 33 for evacuation
[219.786s][info][gc,phases      ] GC(550)   Pre Evacuate Collection Set: 0.2ms
[219.786s][info][gc,phases      ] GC(550)   Merge Heap Roots: 0.2ms
[219.786s][info][gc,phases      ] GC(550)   Evacuate Collection Set: 0.7ms
[219.786s][info][gc,phases      ] GC(550)   Post Evacuate Collection Set: 3.9ms
[219.786s][info][gc,phases      ] GC(550)   Other: 0.1ms
[219.786s][info][gc,heap        ] GC(550) Eden regions: 640->0(640)
[219.786s][info][gc,heap        ] GC(550) Survivor regions: 3->3(81)
[219.786s][info][gc,heap        ] GC(550) Old regions: 29->29
[219.786s][info][gc,heap        ] GC(550) Archive regions: 0->0
[219.786s][info][gc,heap        ] GC(550) Humongous regions: 0->0
[219.786s][info][gc,metaspace   ] GC(550) Metaspace: 14287K(15104K)->14287K(15104K) NonClass: 12347K(12928K)->12347K(12928K) Class: 1939K(2176K)->1939K(2176K)
[219.786s][info][gc             ] GC(550) Pause Young (Normal) (G1 Evacuation Pause) 647M->7M(1073M) 5.295ms
[219.786s][info][gc,cpu         ] GC(550) User=0.00s Sys=0.00s Real=0.01s
[220.231s][info][gc,start       ] GC(551) Pause Young (Normal) (G1 Evacuation Pause)
[220.232s][info][gc,task        ] GC(551) Using 33 workers of 33 for evacuation
[220.236s][info][gc,phases      ] GC(551)   Pre Evacuate Collection Set: 0.2ms
[220.237s][info][gc,phases      ] GC(551)   Merge Heap Roots: 0.2ms
[220.237s][info][gc,phases      ] GC(551)   Evacuate Collection Set: 0.6ms
[220.237s][info][gc,phases      ] GC(551)   Post Evacuate Collection Set: 3.9ms
[220.237s][info][gc,phases      ] GC(551)   Other: 0.1ms
[220.237s][info][gc,heap        ] GC(551) Eden regions: 640->0(640)
[220.237s][info][gc,heap        ] GC(551) Survivor regions: 3->3(81)
[220.237s][info][gc,heap        ] GC(551) Old regions: 29->29
[220.237s][info][gc,heap        ] GC(551) Archive regions: 0->0
[220.237s][info][gc,heap        ] GC(551) Humongous regions: 0->0
[220.237s][info][gc,metaspace   ] GC(551) Metaspace: 14287K(15104K)->14287K(15104K) NonClass: 12347K(12928K)->12347K(12928K) Class: 1939K(2176K)->1939K(2176K)
[220.237s][info][gc             ] GC(551) Pause Young (Normal) (G1 Evacuation Pause) 647M->7M(1073M) 5.162ms
[220.237s][info][gc,cpu         ] GC(551) User=0.00s Sys=0.00s Real=0.00s
[220.681s][info][gc,start       ] GC(552) Pause Young (Normal) (G1 Evacuation Pause)
[220.681s][info][gc,task        ] GC(552) Using 33 workers of 33 for evacuation
[220.686s][info][gc,phases      ] GC(552)   Pre Evacuate Collection Set: 0.2ms
[220.686s][info][gc,phases      ] GC(552)   Merge Heap Roots: 0.2ms
[220.686s][info][gc,phases      ] GC(552)   Evacuate Collection Set: 0.6ms
[220.686s][info][gc,phases      ] GC(552)   Post Evacuate Collection Set: 3.9ms
[220.686s][info][gc,phases      ] GC(552)   Other: 0.1ms
[220.686s][info][gc,heap        ] GC(552) Eden regions: 640->0(640)
[220.686s][info][gc,heap        ] GC(552) Survivor regions: 3->3(81)
[220.686s][info][gc,heap        ] GC(552) Old regions: 29->29
[220.686s][info][gc,heap        ] GC(552) Archive regions: 0->0
[220.686s][info][gc,heap        ] GC(552) Humongous regions: 0->0
[220.686s][info][gc,metaspace   ] GC(552) Metaspace: 14287K(15104K)->14287K(15104K) NonClass: 12347K(12928K)->12347K(12928K) Class: 1939K(2176K)->1939K(2176K)
[220.686s][info][gc             ] GC(552) Pause Young (Normal) (G1 Evacuation Pause) 647M->7M(1073M) 5.139ms
[220.686s][info][gc,cpu         ] GC(552) User=0.00s Sys=0.00s Real=0.00s
[221.153s][info][gc,start       ] GC(553) Pause Young (Normal) (G1 Evacuation Pause)
[221.153s][info][gc,task        ] GC(553) Using 33 workers of 33 for evacuation
[221.157s][info][gc,phases      ] GC(553)   Pre Evacuate Collection Set: 0.2ms
[221.157s][info][gc,phases      ] GC(553)   Merge Heap Roots: 0.2ms
[221.157s][info][gc,phases      ] GC(553)   Evacuate Collection Set: 0.5ms
[221.157s][info][gc,phases      ] GC(553)   Post Evacuate Collection Set: 3.6ms
[221.157s][info][gc,phases      ] GC(553)   Other: 0.1ms
[221.157s][info][gc,heap        ] GC(553) Eden regions: 640->0(642)
[221.157s][info][gc,heap        ] GC(553) Survivor regions: 3->1(81)
[221.157s][info][gc,heap        ] GC(553) Old regions: 29->31
[221.157s][info][gc,heap        ] GC(553) Archive regions: 0->0
[221.157s][info][gc,heap        ] GC(553) Humongous regions: 0->0
[221.157s][info][gc,metaspace   ] GC(553) Metaspace: 14287K(15104K)->14287K(15104K) NonClass: 12347K(12928K)->12347K(12928K) Class: 1939K(2176K)->1939K(2176K)
[221.157s][info][gc             ] GC(553) Pause Young (Normal) (G1 Evacuation Pause) 647M->7M(1073M) 4.813ms
[221.157s][info][gc,cpu         ] GC(553) User=0.00s Sys=0.00s Real=0.00s
[221.609s][info][gc,start       ] GC(554) Pause Young (Normal) (G1 Evacuation Pause)
[221.609s][info][gc,task        ] GC(554) Using 33 workers of 33 for evacuation
[221.613s][info][gc,phases      ] GC(554)   Pre Evacuate Collection Set: 0.2ms
[221.613s][info][gc,phases      ] GC(554)   Merge Heap Roots: 0.2ms
[221.613s][info][gc,phases      ] GC(554)   Evacuate Collection Set: 0.4ms
[221.613s][info][gc,phases      ] GC(554)   Post Evacuate Collection Set: 3.6ms
[221.613s][info][gc,phases      ] GC(554)   Other: 0.1ms
[221.613s][info][gc,heap        ] GC(554) Eden regions: 642->0(642)
[221.613s][info][gc,heap        ] GC(554) Survivor regions: 1->1(81)
[221.613s][info][gc,heap        ] GC(554) Old regions: 31->31
[221.613s][info][gc,heap        ] GC(554) Archive regions: 0->0
[221.613s][info][gc,heap        ] GC(554) Humongous regions: 0->0
[221.613s][info][gc,metaspace   ] GC(554) Metaspace: 14287K(15104K)->14287K(15104K) NonClass: 12347K(12928K)->12347K(12928K) Class: 1939K(2176K)->1939K(2176K)
[221.613s][info][gc             ] GC(554) Pause Young (Normal) (G1 Evacuation Pause) 649M->7M(1073M) 4.733ms
[221.613s][info][gc,cpu         ] GC(554) User=0.00s Sys=0.00s Real=0.00s
[222.065s][info][gc,start       ] GC(555) Pause Young (Normal) (G1 Evacuation Pause)
[222.065s][info][gc,task        ] GC(555) Using 33 workers of 33 for evacuation
[222.070s][info][gc,phases      ] GC(555)   Pre Evacuate Collection Set: 0.2ms
[222.070s][info][gc,phases      ] GC(555)   Merge Heap Roots: 0.2ms
[222.070s][info][gc,phases      ] GC(555)   Evacuate Collection Set: 0.4ms
[222.070s][info][gc,phases      ] GC(555)   Post Evacuate Collection Set: 3.7ms
[222.070s][info][gc,phases      ] GC(555)   Other: 0.1ms
[222.070s][info][gc,heap        ] GC(555) Eden regions: 642->0(641)
[222.070s][info][gc,heap        ] GC(555) Survivor regions: 1->2(81)
[222.070s][info][gc,heap        ] GC(555) Old regions: 31->31
[222.070s][info][gc,heap        ] GC(555) Archive regions: 0->0
[222.070s][info][gc,heap        ] GC(555) Humongous regions: 0->0
[222.070s][info][gc,metaspace   ] GC(555) Metaspace: 14287K(15104K)->14287K(15104K) NonClass: 12347K(12928K)->12347K(12928K) Class: 1939K(2176K)->1939K(2176K)
[222.070s][info][gc             ] GC(555) Pause Young (Normal) (G1 Evacuation Pause) 649M->7M(1073M) 4.831ms
[222.070s][info][gc,cpu         ] GC(555) User=0.52s Sys=0.00s Real=0.00s
[222.519s][info][gc,start       ] GC(556) Pause Young (Normal) (G1 Evacuation Pause)
[222.519s][info][gc,task        ] GC(556) Using 33 workers of 33 for evacuation
[222.524s][info][gc,phases      ] GC(556)   Pre Evacuate Collection Set: 0.2ms
[222.524s][info][gc,phases      ] GC(556)   Merge Heap Roots: 0.2ms
[222.524s][info][gc,phases      ] GC(556)   Evacuate Collection Set: 0.3ms
[222.524s][info][gc,phases      ] GC(556)   Post Evacuate Collection Set: 3.8ms
[222.524s][info][gc,phases      ] GC(556)   Other: 0.1ms
[222.524s][info][gc,heap        ] GC(556) Eden regions: 641->0(641)
[222.524s][info][gc,heap        ] GC(556) Survivor regions: 2->2(81)
[222.524s][info][gc,heap        ] GC(556) Old regions: 31->31
[222.524s][info][gc,heap        ] GC(556) Archive regions: 0->0
[222.524s][info][gc,heap        ] GC(556) Humongous regions: 0->0
[222.524s][info][gc,metaspace   ] GC(556) Metaspace: 14287K(15104K)->14287K(15104K) NonClass: 12347K(12928K)->12347K(12928K) Class: 1939K(2176K)->1939K(2176K)
[222.524s][info][gc             ] GC(556) Pause Young (Normal) (G1 Evacuation Pause) 648M->7M(1073M) 4.876ms
[222.524s][info][gc,cpu         ] GC(556) User=0.52s Sys=0.00s Real=0.00s
[222.975s][info][gc,start       ] GC(557) Pause Young (Normal) (G1 Evacuation Pause)
[222.975s][info][gc,task        ] GC(557) Using 33 workers of 33 for evacuation
[222.979s][info][gc,phases      ] GC(557)   Pre Evacuate Collection Set: 0.2ms
[222.979s][info][gc,phases      ] GC(557)   Merge Heap Roots: 0.2ms
[222.979s][info][gc,phases      ] GC(557)   Evacuate Collection Set: 0.4ms
[222.979s][info][gc,phases      ] GC(557)   Post Evacuate Collection Set: 3.9ms
[222.979s][info][gc,phases      ] GC(557)   Other: 0.1ms
[222.979s][info][gc,heap        ] GC(557) Eden regions: 641->0(641)
[222.980s][info][gc,heap        ] GC(557) Survivor regions: 2->2(81)
[222.980s][info][gc,heap        ] GC(557) Old regions: 31->31
[222.980s][info][gc,heap        ] GC(557) Archive regions: 0->0
[222.980s][info][gc,heap        ] GC(557) Humongous regions: 0->0
[222.980s][info][gc,metaspace   ] GC(557) Metaspace: 14287K(15104K)->14287K(15104K) NonClass: 12347K(12928K)->12347K(12928K) Class: 1939K(2176K)->1939K(2176K)
[222.980s][info][gc             ] GC(557) Pause Young (Normal) (G1 Evacuation Pause) 648M->7M(1073M) 5.048ms
[222.980s][info][gc,cpu         ] GC(557) User=0.52s Sys=0.00s Real=0.00s
[223.431s][info][gc,start       ] GC(558) Pause Young (Normal) (G1 Evacuation Pause)
[223.431s][info][gc,task        ] GC(558) Using 33 workers of 33 for evacuation
[223.436s][info][gc,phases      ] GC(558)   Pre Evacuate Collection Set: 0.2ms
[223.436s][info][gc,phases      ] GC(558)   Merge Heap Roots: 0.2ms
[223.436s][info][gc,phases      ] GC(558)   Evacuate Collection Set: 0.4ms
[223.436s][info][gc,phases      ] GC(558)   Post Evacuate Collection Set: 4.0ms
[223.436s][info][gc,phases      ] GC(558)   Other: 0.3ms
[223.436s][info][gc,heap        ] GC(558) Eden regions: 641->0(641)
[223.436s][info][gc,heap        ] GC(558) Survivor regions: 2->2(81)
[223.436s][info][gc,heap        ] GC(558) Old regions: 31->31
[223.436s][info][gc,heap        ] GC(558) Archive regions: 0->0
[223.436s][info][gc,heap        ] GC(558) Humongous regions: 0->0
[223.436s][info][gc,metaspace   ] GC(558) Metaspace: 14287K(15104K)->14287K(15104K) NonClass: 12347K(12928K)->12347K(12928K) Class: 1939K(2176K)->1939K(2176K)
[223.436s][info][gc             ] GC(558) Pause Young (Normal) (G1 Evacuation Pause) 648M->8M(1073M) 5.303ms
[223.436s][info][gc,cpu         ] GC(558) User=0.00s Sys=0.00s Real=0.00s
[223.901s][info][gc,start       ] GC(559) Pause Young (Normal) (G1 Evacuation Pause)
[223.902s][info][gc,task        ] GC(559) Using 33 workers of 33 for evacuation
[223.906s][info][gc,phases      ] GC(559)   Pre Evacuate Collection Set: 0.2ms
[223.906s][info][gc,phases      ] GC(559)   Merge Heap Roots: 0.2ms
[223.906s][info][gc,phases      ] GC(559)   Evacuate Collection Set: 0.4ms
[223.906s][info][gc,phases      ] GC(559)   Post Evacuate Collection Set: 3.6ms
[223.906s][info][gc,phases      ] GC(559)   Other: 0.1ms
[223.906s][info][gc,heap        ] GC(559) Eden regions: 641->0(641)
[223.906s][info][gc,heap        ] GC(559) Survivor regions: 2->2(81)
[223.906s][info][gc,heap        ] GC(559) Old regions: 31->31
[223.906s][info][gc,heap        ] GC(559) Archive regions: 0->0
[223.906s][info][gc,heap        ] GC(559) Humongous regions: 0->0
[223.906s][info][gc,metaspace   ] GC(559) Metaspace: 14287K(15104K)->14287K(15104K) NonClass: 12347K(12928K)->12347K(12928K) Class: 1939K(2176K)->1939K(2176K)
[223.906s][info][gc             ] GC(559) Pause Young (Normal) (G1 Evacuation Pause) 649M->8M(1073M) 4.700ms
[223.906s][info][gc,cpu         ] GC(559) User=0.00s Sys=0.00s Real=0.00s
[224.352s][info][gc,start       ] GC(560) Pause Young (Normal) (G1 Evacuation Pause)
[224.352s][info][gc,task        ] GC(560) Using 33 workers of 33 for evacuation
[224.356s][info][gc,phases      ] GC(560)   Pre Evacuate Collection Set: 0.2ms
[224.356s][info][gc,phases      ] GC(560)   Merge Heap Roots: 0.2ms
[224.356s][info][gc,phases      ] GC(560)   Evacuate Collection Set: 0.4ms
[224.357s][info][gc,phases      ] GC(560)   Post Evacuate Collection Set: 3.8ms
[224.357s][info][gc,phases      ] GC(560)   Other: 0.1ms
[224.357s][info][gc,heap        ] GC(560) Eden regions: 641->0(641)
[224.357s][info][gc,heap        ] GC(560) Survivor regions: 2->2(81)
[224.357s][info][gc,heap        ] GC(560) Old regions: 31->31
[224.357s][info][gc,heap        ] GC(560) Archive regions: 0->0
[224.357s][info][gc,heap        ] GC(560) Humongous regions: 0->0
[224.357s][info][gc,metaspace   ] GC(560) Metaspace: 14287K(15104K)->14287K(15104K) NonClass: 12347K(12928K)->12347K(12928K) Class: 1939K(2176K)->1939K(2176K)
[224.357s][info][gc             ] GC(560) Pause Young (Normal) (G1 Evacuation Pause) 649M->8M(1073M) 4.900ms
[224.357s][info][gc,cpu         ] GC(560) User=0.00s Sys=0.00s Real=0.01s
[224.817s][info][gc,start       ] GC(561) Pause Young (Normal) (G1 Evacuation Pause)
[224.817s][info][gc,task        ] GC(561) Using 33 workers of 33 for evacuation
[224.822s][info][gc,phases      ] GC(561)   Pre Evacuate Collection Set: 0.2ms
[224.822s][info][gc,phases      ] GC(561)   Merge Heap Roots: 0.2ms
[224.822s][info][gc,phases      ] GC(561)   Evacuate Collection Set: 0.4ms
[224.822s][info][gc,phases      ] GC(561)   Post Evacuate Collection Set: 3.6ms
[224.822s][info][gc,phases      ] GC(561)   Other: 0.1ms
[224.822s][info][gc,heap        ] GC(561) Eden regions: 641->0(641)
[224.822s][info][gc,heap        ] GC(561) Survivor regions: 2->2(81)
[224.822s][info][gc,heap        ] GC(561) Old regions: 31->31
[224.822s][info][gc,heap        ] GC(561) Archive regions: 0->0
[224.822s][info][gc,heap        ] GC(561) Humongous regions: 0->0
[224.822s][info][gc,metaspace   ] GC(561) Metaspace: 14287K(15104K)->14287K(15104K) NonClass: 12347K(12928K)->12347K(12928K) Class: 1939K(2176K)->1939K(2176K)
[224.822s][info][gc             ] GC(561) Pause Young (Normal) (G1 Evacuation Pause) 649M->8M(1073M) 4.746ms
[224.822s][info][gc,cpu         ] GC(561) User=0.52s Sys=0.00s Real=0.01s
[225.271s][info][gc,start       ] GC(562) Pause Young (Normal) (G1 Evacuation Pause)
[225.271s][info][gc,task        ] GC(562) Using 33 workers of 33 for evacuation
[225.276s][info][gc,phases      ] GC(562)   Pre Evacuate Collection Set: 0.2ms
[225.276s][info][gc,phases      ] GC(562)   Merge Heap Roots: 0.2ms
[225.276s][info][gc,phases      ] GC(562)   Evacuate Collection Set: 0.4ms
[225.276s][info][gc,phases      ] GC(562)   Post Evacuate Collection Set: 3.7ms
[225.276s][info][gc,phases      ] GC(562)   Other: 0.1ms
[225.276s][info][gc,heap        ] GC(562) Eden regions: 641->0(641)
[225.276s][info][gc,heap        ] GC(562) Survivor regions: 2->2(81)
[225.276s][info][gc,heap        ] GC(562) Old regions: 31->32
[225.276s][info][gc,heap        ] GC(562) Archive regions: 0->0
[225.276s][info][gc,heap        ] GC(562) Humongous regions: 0->0
[225.276s][info][gc,metaspace   ] GC(562) Metaspace: 14287K(15104K)->14287K(15104K) NonClass: 12347K(12928K)->12347K(12928K) Class: 1939K(2176K)->1939K(2176K)
[225.276s][info][gc             ] GC(562) Pause Young (Normal) (G1 Evacuation Pause) 649M->8M(1073M) 4.881ms
[225.276s][info][gc,cpu         ] GC(562) User=0.52s Sys=0.00s Real=0.01s
[225.725s][info][gc,start       ] GC(563) Pause Young (Normal) (G1 Evacuation Pause)
[225.725s][info][gc,task        ] GC(563) Using 33 workers of 33 for evacuation
[225.730s][info][gc,phases      ] GC(563)   Pre Evacuate Collection Set: 0.2ms
[225.730s][info][gc,phases      ] GC(563)   Merge Heap Roots: 0.2ms
[225.730s][info][gc,phases      ] GC(563)   Evacuate Collection Set: 0.4ms
[225.730s][info][gc,phases      ] GC(563)   Post Evacuate Collection Set: 3.9ms
[225.730s][info][gc,phases      ] GC(563)   Other: 0.1ms
[225.730s][info][gc,heap        ] GC(563) Eden regions: 641->0(641)
[225.730s][info][gc,heap        ] GC(563) Survivor regions: 2->2(81)
[225.730s][info][gc,heap        ] GC(563) Old regions: 32->32
[225.730s][info][gc,heap        ] GC(563) Archive regions: 0->0
[225.730s][info][gc,heap        ] GC(563) Humongous regions: 0->0
[225.730s][info][gc,metaspace   ] GC(563) Metaspace: 14287K(15104K)->14287K(15104K) NonClass: 12347K(12928K)->12347K(12928K) Class: 1939K(2176K)->1939K(2176K)
[225.730s][info][gc             ] GC(563) Pause Young (Normal) (G1 Evacuation Pause) 649M->8M(1073M) 4.958ms
[225.730s][info][gc,cpu         ] GC(563) User=0.16s Sys=0.05s Real=0.00s
[226.170s][info][gc,start       ] GC(564) Pause Young (Normal) (G1 Evacuation Pause)
[226.170s][info][gc,task        ] GC(564) Using 33 workers of 33 for evacuation
[226.175s][info][gc,phases      ] GC(564)   Pre Evacuate Collection Set: 0.2ms
[226.175s][info][gc,phases      ] GC(564)   Merge Heap Roots: 0.2ms
[226.175s][info][gc,phases      ] GC(564)   Evacuate Collection Set: 0.5ms
[226.175s][info][gc,phases      ] GC(564)   Post Evacuate Collection Set: 4.2ms
[226.175s][info][gc,phases      ] GC(564)   Other: 0.1ms
[226.175s][info][gc,heap        ] GC(564) Eden regions: 641->0(641)
[226.175s][info][gc,heap        ] GC(564) Survivor regions: 2->2(81)
[226.175s][info][gc,heap        ] GC(564) Old regions: 32->32
[226.176s][info][gc,heap        ] GC(564) Archive regions: 0->0
[226.176s][info][gc,heap        ] GC(564) Humongous regions: 0->0
[226.176s][info][gc,metaspace   ] GC(564) Metaspace: 14287K(15104K)->14287K(15104K) NonClass: 12347K(12928K)->12347K(12928K) Class: 1939K(2176K)->1939K(2176K)
[226.176s][info][gc             ] GC(564) Pause Young (Normal) (G1 Evacuation Pause) 649M->8M(1073M) 5.547ms
[226.176s][info][gc,cpu         ] GC(564) User=0.00s Sys=0.00s Real=0.01s
[226.528s][info][gc,start       ] GC(565) Pause Full (System.gc())
[226.529s][info][gc,task        ] GC(565) Using 29 workers of 33 for full compaction
[226.530s][info][gc,phases,start] GC(565) Phase 1: Mark live objects
[226.540s][info][gc,phases      ] GC(565) Phase 1: Mark live objects 9.983ms
[226.540s][info][gc,phases,start] GC(565) Phase 2: Prepare compaction
[226.541s][info][gc,phases      ] GC(565) Phase 2: Prepare compaction 1.452ms
[226.541s][info][gc,phases,start] GC(565) Phase 3: Adjust pointers
[226.547s][info][gc,phases      ] GC(565) Phase 3: Adjust pointers 5.583ms
[226.547s][info][gc,phases,start] GC(565) Phase 4: Compact heap
[226.548s][info][gc,phases      ] GC(565) Phase 4: Compact heap 0.574ms
[226.556s][info][gc,heap        ] GC(565) Eden regions: 480->0(58)
[226.556s][info][gc,heap        ] GC(565) Survivor regions: 2->0(81)
[226.556s][info][gc,heap        ] GC(565) Old regions: 32->29
[226.556s][info][gc,heap        ] GC(565) Archive regions: 0->0
[226.556s][info][gc,heap        ] GC(565) Humongous regions: 0->0
[226.556s][info][gc,metaspace   ] GC(565) Metaspace: 14287K(15104K)->14287K(15104K) NonClass: 12347K(12928K)->12347K(12928K) Class: 1939K(2176K)->1939K(2176K)
[226.556s][info][gc             ] GC(565) Pause Full (System.gc()) 487M->5M(97M) 27.749ms
[226.556s][info][gc,cpu         ] GC(565) User=0.45s Sys=0.00s Real=0.02s
[226.603s][info][gc,start       ] GC(566) Pause Young (Normal) (G1 Evacuation Pause)
[226.603s][info][gc,task        ] GC(566) Using 33 workers of 33 for evacuation
[226.606s][info][gc,phases      ] GC(566)   Pre Evacuate Collection Set: 0.1ms
[226.606s][info][gc,phases      ] GC(566)   Merge Heap Roots: 0.1ms
[226.606s][info][gc,phases      ] GC(566)   Evacuate Collection Set: 0.4ms
[226.606s][info][gc,phases      ] GC(566)   Post Evacuate Collection Set: 2.8ms
[226.606s][info][gc,phases      ] GC(566)   Other: 0.1ms
[226.606s][info][gc,heap        ] GC(566) Eden regions: 58->0(56)
[226.606s][info][gc,heap        ] GC(566) Survivor regions: 0->2(8)
[226.606s][info][gc,heap        ] GC(566) Old regions: 29->29
[226.606s][info][gc,heap        ] GC(566) Archive regions: 0->0
[226.606s][info][gc,heap        ] GC(566) Humongous regions: 0->0
[226.606s][info][gc,metaspace   ] GC(566) Metaspace: 14308K(15104K)->14308K(15104K) NonClass: 12368K(12928K)->12368K(12928K) Class: 1939K(2176K)->1939K(2176K)
[226.606s][info][gc             ] GC(566) Pause Young (Normal) (G1 Evacuation Pause) 63M->6M(97M) 3.740ms
[226.606s][info][gc,cpu         ] GC(566) User=0.00s Sys=0.00s Real=0.00s
[226.645s][info][gc,start       ] GC(567) Pause Young (Normal) (G1 Evacuation Pause)
[226.645s][info][gc,task        ] GC(567) Using 33 workers of 33 for evacuation
[226.648s][info][gc,phases      ] GC(567)   Pre Evacuate Collection Set: 0.1ms
[226.648s][info][gc,phases      ] GC(567)   Merge Heap Roots: 0.1ms
[226.648s][info][gc,phases      ] GC(567)   Evacuate Collection Set: 0.5ms
[226.648s][info][gc,phases      ] GC(567)   Post Evacuate Collection Set: 2.6ms
[226.648s][info][gc,phases      ] GC(567)   Other: 0.1ms
[226.648s][info][gc,heap        ] GC(567) Eden regions: 56->0(56)
[226.648s][info][gc,heap        ] GC(567) Survivor regions: 2->2(8)
[226.648s][info][gc,heap        ] GC(567) Old regions: 29->29
[226.648s][info][gc,heap        ] GC(567) Archive regions: 0->0
[226.648s][info][gc,heap        ] GC(567) Humongous regions: 0->0
[226.648s][info][gc,metaspace   ] GC(567) Metaspace: 14308K(15104K)->14308K(15104K) NonClass: 12368K(12928K)->12368K(12928K) Class: 1939K(2176K)->1939K(2176K)
[226.648s][info][gc             ] GC(567) Pause Young (Normal) (G1 Evacuation Pause) 62M->6M(97M) 3.515ms
[226.648s][info][gc,cpu         ] GC(567) User=0.52s Sys=0.00s Real=0.00s
[226.687s][info][gc,start       ] GC(568) Pause Young (Normal) (G1 Evacuation Pause)
[226.687s][info][gc,task        ] GC(568) Using 33 workers of 33 for evacuation
[226.690s][info][gc,phases      ] GC(568)   Pre Evacuate Collection Set: 0.1ms
[226.690s][info][gc,phases      ] GC(568)   Merge Heap Roots: 0.1ms
[226.690s][info][gc,phases      ] GC(568)   Evacuate Collection Set: 0.4ms
[226.690s][info][gc,phases      ] GC(568)   Post Evacuate Collection Set: 2.7ms
[226.690s][info][gc,phases      ] GC(568)   Other: 0.1ms
[226.690s][info][gc,heap        ] GC(568) Eden regions: 56->0(56)
[226.690s][info][gc,heap        ] GC(568) Survivor regions: 2->2(8)
[226.690s][info][gc,heap        ] GC(568) Old regions: 29->29
[226.690s][info][gc,heap        ] GC(568) Archive regions: 0->0
[226.690s][info][gc,heap        ] GC(568) Humongous regions: 0->0
[226.690s][info][gc,metaspace   ] GC(568) Metaspace: 14308K(15104K)->14308K(15104K) NonClass: 12368K(12928K)->12368K(12928K) Class: 1939K(2176K)->1939K(2176K)
[226.690s][info][gc             ] GC(568) Pause Young (Normal) (G1 Evacuation Pause) 62M->6M(97M) 3.605ms
[226.690s][info][gc,cpu         ] GC(568) User=0.00s Sys=0.00s Real=0.00s
[226.729s][info][gc,start       ] GC(569) Pause Young (Normal) (G1 Evacuation Pause)
[226.729s][info][gc,task        ] GC(569) Using 33 workers of 33 for evacuation
[226.737s][info][gc,phases      ] GC(569)   Pre Evacuate Collection Set: 0.1ms
[226.737s][info][gc,phases      ] GC(569)   Merge Heap Roots: 0.1ms
[226.737s][info][gc,phases      ] GC(569)   Evacuate Collection Set: 0.5ms
[226.737s][info][gc,phases      ] GC(569)   Post Evacuate Collection Set: 7.3ms
[226.737s][info][gc,phases      ] GC(569)   Other: 0.1ms
[226.737s][info][gc,heap        ] GC(569) Eden regions: 56->0(641)
[226.737s][info][gc,heap        ] GC(569) Survivor regions: 2->2(8)
[226.737s][info][gc,heap        ] GC(569) Old regions: 29->29
[226.737s][info][gc,heap        ] GC(569) Archive regions: 0->0
[226.737s][info][gc,heap        ] GC(569) Humongous regions: 0->0
[226.737s][info][gc,metaspace   ] GC(569) Metaspace: 14308K(15104K)->14308K(15104K) NonClass: 12368K(12928K)->12368K(12928K) Class: 1939K(2176K)->1939K(2176K)
[226.737s][info][gc             ] GC(569) Pause Young (Normal) (G1 Evacuation Pause) 62M->6M(1073M) 8.335ms
[226.737s][info][gc,cpu         ] GC(569) User=0.00s Sys=0.00s Real=0.01s
[227.176s][info][gc,start       ] GC(570) Pause Young (Normal) (G1 Evacuation Pause)
[227.176s][info][gc,task        ] GC(570) Using 33 workers of 33 for evacuation
[227.182s][info][gc,phases      ] GC(570)   Pre Evacuate Collection Set: 0.2ms
[227.182s][info][gc,phases      ] GC(570)   Merge Heap Roots: 0.2ms
[227.182s][info][gc,phases      ] GC(570)   Evacuate Collection Set: 1.8ms
[227.182s][info][gc,phases      ] GC(570)   Post Evacuate Collection Set: 3.5ms
[227.182s][info][gc,phases      ] GC(570)   Other: 0.1ms
[227.182s][info][gc,heap        ] GC(570) Eden regions: 641->0(641)
[227.182s][info][gc,heap        ] GC(570) Survivor regions: 2->2(81)
[227.182s][info][gc,heap        ] GC(570) Old regions: 29->29
[227.182s][info][gc,heap        ] GC(570) Archive regions: 0->0
[227.182s][info][gc,heap        ] GC(570) Humongous regions: 0->0
[227.182s][info][gc,metaspace   ] GC(570) Metaspace: 14308K(15104K)->14308K(15104K) NonClass: 12368K(12928K)->12368K(12928K) Class: 1939K(2176K)->1939K(2176K)
[227.182s][info][gc             ] GC(570) Pause Young (Normal) (G1 Evacuation Pause) 647M->6M(1073M) 6.026ms
[227.182s][info][gc,cpu         ] GC(570) User=0.00s Sys=0.00s Real=0.00s
[227.636s][info][gc,start       ] GC(571) Pause Young (Normal) (G1 Evacuation Pause)
[227.636s][info][gc,task        ] GC(571) Using 33 workers of 33 for evacuation
[227.642s][info][gc,phases      ] GC(571)   Pre Evacuate Collection Set: 0.2ms
[227.642s][info][gc,phases      ] GC(571)   Merge Heap Roots: 0.2ms
[227.642s][info][gc,phases      ] GC(571)   Evacuate Collection Set: 1.9ms
[227.642s][info][gc,phases      ] GC(571)   Post Evacuate Collection Set: 3.6ms
[227.642s][info][gc,phases      ] GC(571)   Other: 0.1ms
[227.642s][info][gc,heap        ] GC(571) Eden regions: 641->0(641)
[227.642s][info][gc,heap        ] GC(571) Survivor regions: 2->2(81)
[227.642s][info][gc,heap        ] GC(571) Old regions: 29->29
[227.642s][info][gc,heap        ] GC(571) Archive regions: 0->0
[227.642s][info][gc,heap        ] GC(571) Humongous regions: 0->0
[227.642s][info][gc,metaspace   ] GC(571) Metaspace: 14308K(15104K)->14308K(15104K) NonClass: 12368K(12928K)->12368K(12928K) Class: 1939K(2176K)->1939K(2176K)
[227.642s][info][gc             ] GC(571) Pause Young (Normal) (G1 Evacuation Pause) 647M->6M(1073M) 6.232ms
[227.642s][info][gc,cpu         ] GC(571) User=0.00s Sys=0.00s Real=0.00s
[228.096s][info][gc,start       ] GC(572) Pause Young (Normal) (G1 Evacuation Pause)
[228.096s][info][gc,task        ] GC(572) Using 33 workers of 33 for evacuation
[228.101s][info][gc,phases      ] GC(572)   Pre Evacuate Collection Set: 0.2ms
[228.101s][info][gc,phases      ] GC(572)   Merge Heap Roots: 0.2ms
[228.101s][info][gc,phases      ] GC(572)   Evacuate Collection Set: 0.5ms
[228.101s][info][gc,phases      ] GC(572)   Post Evacuate Collection Set: 3.8ms
[228.101s][info][gc,phases      ] GC(572)   Other: 0.1ms
[228.101s][info][gc,heap        ] GC(572) Eden regions: 641->0(641)
[228.101s][info][gc,heap        ] GC(572) Survivor regions: 2->2(81)
[228.101s][info][gc,heap        ] GC(572) Old regions: 29->29
[228.101s][info][gc,heap        ] GC(572) Archive regions: 0->0
[228.101s][info][gc,heap        ] GC(572) Humongous regions: 0->0
[228.101s][info][gc,metaspace   ] GC(572) Metaspace: 14308K(15104K)->14308K(15104K) NonClass: 12368K(12928K)->12368K(12928K) Class: 1939K(2176K)->1939K(2176K)
[228.101s][info][gc             ] GC(572) Pause Young (Normal) (G1 Evacuation Pause) 647M->6M(1073M) 4.974ms
[228.101s][info][gc,cpu         ] GC(572) User=0.00s Sys=0.00s Real=0.00s
[228.547s][info][gc,start       ] GC(573) Pause Young (Normal) (G1 Evacuation Pause)
[228.547s][info][gc,task        ] GC(573) Using 33 workers of 33 for evacuation
[228.552s][info][gc,phases      ] GC(573)   Pre Evacuate Collection Set: 0.2ms
[228.552s][info][gc,phases      ] GC(573)   Merge Heap Roots: 0.2ms
[228.552s][info][gc,phases      ] GC(573)   Evacuate Collection Set: 0.5ms
[228.552s][info][gc,phases      ] GC(573)   Post Evacuate Collection Set: 3.9ms
[228.552s][info][gc,phases      ] GC(573)   Other: 0.1ms
[228.552s][info][gc,heap        ] GC(573) Eden regions: 641->0(641)
[228.552s][info][gc,heap        ] GC(573) Survivor regions: 2->2(81)
[228.552s][info][gc,heap        ] GC(573) Old regions: 29->29
[228.552s][info][gc,heap        ] GC(573) Archive regions: 0->0
[228.552s][info][gc,heap        ] GC(573) Humongous regions: 0->0
[228.552s][info][gc,metaspace   ] GC(573) Metaspace: 14308K(15104K)->14308K(15104K) NonClass: 12368K(12928K)->12368K(12928K) Class: 1939K(2176K)->1939K(2176K)
[228.552s][info][gc             ] GC(573) Pause Young (Normal) (G1 Evacuation Pause) 647M->7M(1073M) 5.115ms
[228.552s][info][gc,cpu         ] GC(573) User=0.00s Sys=0.00s Real=0.01s
[229.003s][info][gc,start       ] GC(574) Pause Young (Normal) (G1 Evacuation Pause)
[229.004s][info][gc,task        ] GC(574) Using 33 workers of 33 for evacuation
[229.008s][info][gc,phases      ] GC(574)   Pre Evacuate Collection Set: 0.2ms
[229.008s][info][gc,phases      ] GC(574)   Merge Heap Roots: 0.2ms
[229.008s][info][gc,phases      ] GC(574)   Evacuate Collection Set: 0.5ms
[229.008s][info][gc,phases      ] GC(574)   Post Evacuate Collection Set: 3.9ms
[229.008s][info][gc,phases      ] GC(574)   Other: 0.1ms
[229.008s][info][gc,heap        ] GC(574) Eden regions: 641->0(641)
[229.009s][info][gc,heap        ] GC(574) Survivor regions: 2->2(81)
[229.009s][info][gc,heap        ] GC(574) Old regions: 29->29
[229.009s][info][gc,heap        ] GC(574) Archive regions: 0->0
[229.009s][info][gc,heap        ] GC(574) Humongous regions: 0->0
[229.009s][info][gc,metaspace   ] GC(574) Metaspace: 14308K(15104K)->14308K(15104K) NonClass: 12368K(12928K)->12368K(12928K) Class: 1939K(2176K)->1939K(2176K)
[229.009s][info][gc             ] GC(574) Pause Young (Normal) (G1 Evacuation Pause) 648M->7M(1073M) 5.150ms
[229.009s][info][gc,cpu         ] GC(574) User=0.00s Sys=0.00s Real=0.00s
[229.453s][info][gc,start       ] GC(575) Pause Young (Normal) (G1 Evacuation Pause)
[229.453s][info][gc,task        ] GC(575) Using 33 workers of 33 for evacuation
[229.458s][info][gc,phases      ] GC(575)   Pre Evacuate Collection Set: 0.2ms
[229.459s][info][gc,phases      ] GC(575)   Merge Heap Roots: 0.2ms
[229.459s][info][gc,phases      ] GC(575)   Evacuate Collection Set: 0.6ms
[229.459s][info][gc,phases      ] GC(575)   Post Evacuate Collection Set: 4.0ms
[229.459s][info][gc,phases      ] GC(575)   Other: 0.1ms
[229.459s][info][gc,heap        ] GC(575) Eden regions: 641->0(641)
[229.459s][info][gc,heap        ] GC(575) Survivor regions: 2->2(81)
[229.459s][info][gc,heap        ] GC(575) Old regions: 29->29
[229.459s][info][gc,heap        ] GC(575) Archive regions: 0->0
[229.459s][info][gc,heap        ] GC(575) Humongous regions: 0->0
[229.459s][info][gc,metaspace   ] GC(575) Metaspace: 14308K(15104K)->14308K(15104K) NonClass: 12368K(12928K)->12368K(12928K) Class: 1939K(2176K)->1939K(2176K)
[229.459s][info][gc             ] GC(575) Pause Young (Normal) (G1 Evacuation Pause) 648M->7M(1073M) 5.226ms
[229.459s][info][gc,cpu         ] GC(575) User=0.00s Sys=0.00s Real=0.00s
[229.901s][info][gc,start       ] GC(576) Pause Young (Normal) (G1 Evacuation Pause)
[229.901s][info][gc,task        ] GC(576) Using 33 workers of 33 for evacuation
[229.906s][info][gc,phases      ] GC(576)   Pre Evacuate Collection Set: 0.2ms
[229.906s][info][gc,phases      ] GC(576)   Merge Heap Roots: 0.2ms
[229.906s][info][gc,phases      ] GC(576)   Evacuate Collection Set: 0.6ms
[229.906s][info][gc,phases      ] GC(576)   Post Evacuate Collection Set: 4.1ms
[229.906s][info][gc,phases      ] GC(576)   Other: 0.1ms
[229.906s][info][gc,heap        ] GC(576) Eden regions: 641->0(641)
[229.906s][info][gc,heap        ] GC(576) Survivor regions: 2->2(81)
[229.906s][info][gc,heap        ] GC(576) Old regions: 29->29
[229.906s][info][gc,heap        ] GC(576) Archive regions: 0->0
[229.906s][info][gc,heap        ] GC(576) Humongous regions: 0->0
[229.906s][info][gc,metaspace   ] GC(576) Metaspace: 14308K(15104K)->14308K(15104K) NonClass: 12368K(12928K)->12368K(12928K) Class: 1939K(2176K)->1939K(2176K)
[229.906s][info][gc             ] GC(576) Pause Young (Normal) (G1 Evacuation Pause) 648M->7M(1073M) 5.356ms
[229.906s][info][gc,cpu         ] GC(576) User=0.00s Sys=0.00s Real=0.00s
[230.366s][info][gc,start       ] GC(577) Pause Young (Normal) (G1 Evacuation Pause)
[230.366s][info][gc,task        ] GC(577) Using 33 workers of 33 for evacuation
[230.371s][info][gc,phases      ] GC(577)   Pre Evacuate Collection Set: 0.2ms
[230.371s][info][gc,phases      ] GC(577)   Merge Heap Roots: 0.2ms
[230.371s][info][gc,phases      ] GC(577)   Evacuate Collection Set: 0.6ms
[230.371s][info][gc,phases      ] GC(577)   Post Evacuate Collection Set: 3.6ms
[230.371s][info][gc,phases      ] GC(577)   Other: 0.1ms
[230.371s][info][gc,heap        ] GC(577) Eden regions: 641->0(640)
[230.371s][info][gc,heap        ] GC(577) Survivor regions: 2->3(81)
[230.371s][info][gc,heap        ] GC(577) Old regions: 29->29
[230.371s][info][gc,heap        ] GC(577) Archive regions: 0->0
[230.371s][info][gc,heap        ] GC(577) Humongous regions: 0->0
[230.371s][info][gc,metaspace   ] GC(577) Metaspace: 14308K(15104K)->14308K(15104K) NonClass: 12368K(12928K)->12368K(12928K) Class: 1939K(2176K)->1939K(2176K)
[230.371s][info][gc             ] GC(577) Pause Young (Normal) (G1 Evacuation Pause) 648M->7M(1073M) 4.928ms
[230.371s][info][gc,cpu         ] GC(577) User=0.00s Sys=0.00s Real=0.01s
[230.824s][info][gc,start       ] GC(578) Pause Young (Normal) (G1 Evacuation Pause)
[230.824s][info][gc,task        ] GC(578) Using 33 workers of 33 for evacuation
[230.829s][info][gc,phases      ] GC(578)   Pre Evacuate Collection Set: 0.2ms
[230.829s][info][gc,phases      ] GC(578)   Merge Heap Roots: 0.2ms
[230.829s][info][gc,phases      ] GC(578)   Evacuate Collection Set: 0.8ms
[230.829s][info][gc,phases      ] GC(578)   Post Evacuate Collection Set: 3.8ms
[230.829s][info][gc,phases      ] GC(578)   Other: 0.1ms
[230.829s][info][gc,heap        ] GC(578) Eden regions: 640->0(640)
[230.829s][info][gc,heap        ] GC(578) Survivor regions: 3->3(81)
[230.829s][info][gc,heap        ] GC(578) Old regions: 29->29
[230.829s][info][gc,heap        ] GC(578) Archive regions: 0->0
[230.829s][info][gc,heap        ] GC(578) Humongous regions: 0->0
[230.829s][info][gc,metaspace   ] GC(578) Metaspace: 14308K(15104K)->14308K(15104K) NonClass: 12368K(12928K)->12368K(12928K) Class: 1939K(2176K)->1939K(2176K)
[230.829s][info][gc             ] GC(578) Pause Young (Normal) (G1 Evacuation Pause) 647M->7M(1073M) 5.320ms
[230.829s][info][gc,cpu         ] GC(578) User=0.00s Sys=0.00s Real=0.01s
[231.281s][info][gc,start       ] GC(579) Pause Young (Normal) (G1 Evacuation Pause)
[231.281s][info][gc,task        ] GC(579) Using 33 workers of 33 for evacuation
[231.285s][info][gc,phases      ] GC(579)   Pre Evacuate Collection Set: 0.2ms
[231.285s][info][gc,phases      ] GC(579)   Merge Heap Roots: 0.2ms
[231.285s][info][gc,phases      ] GC(579)   Evacuate Collection Set: 0.6ms
[231.286s][info][gc,phases      ] GC(579)   Post Evacuate Collection Set: 3.7ms
[231.286s][info][gc,phases      ] GC(579)   Other: 0.1ms
[231.286s][info][gc,heap        ] GC(579) Eden regions: 640->0(640)
[231.286s][info][gc,heap        ] GC(579) Survivor regions: 3->3(81)
[231.286s][info][gc,heap        ] GC(579) Old regions: 29->29
[231.286s][info][gc,heap        ] GC(579) Archive regions: 0->0
[231.286s][info][gc,heap        ] GC(579) Humongous regions: 0->0
[231.286s][info][gc,metaspace   ] GC(579) Metaspace: 14308K(15104K)->14308K(15104K) NonClass: 12368K(12928K)->12368K(12928K) Class: 1939K(2176K)->1939K(2176K)
[231.286s][info][gc             ] GC(579) Pause Young (Normal) (G1 Evacuation Pause) 647M->7M(1073M) 4.967ms
[231.286s][info][gc,cpu         ] GC(579) User=0.00s Sys=0.00s Real=0.01s
[231.727s][info][gc,start       ] GC(580) Pause Young (Normal) (G1 Evacuation Pause)
[231.727s][info][gc,task        ] GC(580) Using 33 workers of 33 for evacuation
[231.732s][info][gc,phases      ] GC(580)   Pre Evacuate Collection Set: 0.2ms
[231.732s][info][gc,phases      ] GC(580)   Merge Heap Roots: 0.2ms
[231.732s][info][gc,phases      ] GC(580)   Evacuate Collection Set: 0.6ms
[231.732s][info][gc,phases      ] GC(580)   Post Evacuate Collection Set: 3.8ms
[231.732s][info][gc,phases      ] GC(580)   Other: 0.1ms
[231.732s][info][gc,heap        ] GC(580) Eden regions: 640->0(640)
[231.732s][info][gc,heap        ] GC(580) Survivor regions: 3->3(81)
[231.732s][info][gc,heap        ] GC(580) Old regions: 29->29
[231.732s][info][gc,heap        ] GC(580) Archive regions: 0->0
[231.732s][info][gc,heap        ] GC(580) Humongous regions: 0->0
[231.732s][info][gc,metaspace   ] GC(580) Metaspace: 14308K(15104K)->14308K(15104K) NonClass: 12368K(12928K)->12368K(12928K) Class: 1939K(2176K)->1939K(2176K)
[231.732s][info][gc             ] GC(580) Pause Young (Normal) (G1 Evacuation Pause) 647M->7M(1073M) 5.130ms
[231.732s][info][gc,cpu         ] GC(580) User=0.00s Sys=0.00s Real=0.01s
[232.176s][info][gc,start       ] GC(581) Pause Young (Normal) (G1 Evacuation Pause)
[232.177s][info][gc,task        ] GC(581) Using 33 workers of 33 for evacuation
[232.181s][info][gc,phases      ] GC(581)   Pre Evacuate Collection Set: 0.2ms
[232.181s][info][gc,phases      ] GC(581)   Merge Heap Roots: 0.2ms
[232.181s][info][gc,phases      ] GC(581)   Evacuate Collection Set: 0.6ms
[232.181s][info][gc,phases      ] GC(581)   Post Evacuate Collection Set: 3.9ms
[232.181s][info][gc,phases      ] GC(581)   Other: 0.1ms
[232.182s][info][gc,heap        ] GC(581) Eden regions: 640->0(642)
[232.182s][info][gc,heap        ] GC(581) Survivor regions: 3->1(81)
[232.182s][info][gc,heap        ] GC(581) Old regions: 29->31
[232.182s][info][gc,heap        ] GC(581) Archive regions: 0->0
[232.182s][info][gc,heap        ] GC(581) Humongous regions: 0->0
[232.182s][info][gc,metaspace   ] GC(581) Metaspace: 14308K(15104K)->14308K(15104K) NonClass: 12368K(12928K)->12368K(12928K) Class: 1939K(2176K)->1939K(2176K)
[232.182s][info][gc             ] GC(581) Pause Young (Normal) (G1 Evacuation Pause) 647M->7M(1073M) 5.161ms
[232.182s][info][gc,cpu         ] GC(581) User=0.52s Sys=0.00s Real=0.01s
[232.738s][info][gc,start       ] GC(582) Pause Young (Normal) (G1 Evacuation Pause)
[232.738s][info][gc,task        ] GC(582) Using 33 workers of 33 for evacuation
[232.744s][info][gc,phases      ] GC(582)   Pre Evacuate Collection Set: 0.2ms
[232.744s][info][gc,phases      ] GC(582)   Merge Heap Roots: 0.4ms
[232.744s][info][gc,phases      ] GC(582)   Evacuate Collection Set: 0.7ms
[232.745s][info][gc,phases      ] GC(582)   Post Evacuate Collection Set: 5.1ms
[232.745s][info][gc,phases      ] GC(582)   Other: 0.2ms
[232.745s][info][gc,heap        ] GC(582) Eden regions: 642->0(642)
[232.745s][info][gc,heap        ] GC(582) Survivor regions: 1->1(81)
[232.745s][info][gc,heap        ] GC(582) Old regions: 31->31
[232.745s][info][gc,heap        ] GC(582) Archive regions: 0->0
[232.745s][info][gc,heap        ] GC(582) Humongous regions: 0->0
[232.745s][info][gc,metaspace   ] GC(582) Metaspace: 14308K(15104K)->14308K(15104K) NonClass: 12368K(12928K)->12368K(12928K) Class: 1939K(2176K)->1939K(2176K)
[232.745s][info][gc             ] GC(582) Pause Young (Normal) (G1 Evacuation Pause) 649M->7M(1073M) 7.129ms
[232.745s][info][gc,cpu         ] GC(582) User=0.00s Sys=0.00s Real=0.00s
[233.218s][info][gc,start       ] GC(583) Pause Young (Normal) (G1 Evacuation Pause)
[233.218s][info][gc,task        ] GC(583) Using 33 workers of 33 for evacuation
[233.223s][info][gc,phases      ] GC(583)   Pre Evacuate Collection Set: 0.2ms
[233.223s][info][gc,phases      ] GC(583)   Merge Heap Roots: 0.2ms
[233.223s][info][gc,phases      ] GC(583)   Evacuate Collection Set: 0.4ms
[233.223s][info][gc,phases      ] GC(583)   Post Evacuate Collection Set: 3.6ms
[233.223s][info][gc,phases      ] GC(583)   Other: 0.1ms
[233.223s][info][gc,heap        ] GC(583) Eden regions: 642->0(641)
[233.223s][info][gc,heap        ] GC(583) Survivor regions: 1->2(81)
[233.223s][info][gc,heap        ] GC(583) Old regions: 31->31
[233.223s][info][gc,heap        ] GC(583) Archive regions: 0->0
[233.223s][info][gc,heap        ] GC(583) Humongous regions: 0->0
[233.223s][info][gc,metaspace   ] GC(583) Metaspace: 14308K(15104K)->14308K(15104K) NonClass: 12368K(12928K)->12368K(12928K) Class: 1939K(2176K)->1939K(2176K)
[233.223s][info][gc             ] GC(583) Pause Young (Normal) (G1 Evacuation Pause) 649M->7M(1073M) 4.754ms
[233.223s][info][gc,cpu         ] GC(583) User=0.00s Sys=0.00s Real=0.00s
[233.677s][info][gc,start       ] GC(584) Pause Young (Normal) (G1 Evacuation Pause)
[233.677s][info][gc,task        ] GC(584) Using 33 workers of 33 for evacuation
[233.682s][info][gc,phases      ] GC(584)   Pre Evacuate Collection Set: 0.2ms
[233.682s][info][gc,phases      ] GC(584)   Merge Heap Roots: 0.2ms
[233.682s][info][gc,phases      ] GC(584)   Evacuate Collection Set: 0.4ms
[233.682s][info][gc,phases      ] GC(584)   Post Evacuate Collection Set: 3.9ms
[233.682s][info][gc,phases      ] GC(584)   Other: 0.1ms
[233.682s][info][gc,heap        ] GC(584) Eden regions: 641->0(641)
[233.682s][info][gc,heap        ] GC(584) Survivor regions: 2->2(81)
[233.682s][info][gc,heap        ] GC(584) Old regions: 31->31
[233.682s][info][gc,heap        ] GC(584) Archive regions: 0->0
[233.682s][info][gc,heap        ] GC(584) Humongous regions: 0->0
[233.682s][info][gc,metaspace   ] GC(584) Metaspace: 14308K(15104K)->14308K(15104K) NonClass: 12368K(12928K)->12368K(12928K) Class: 1939K(2176K)->1939K(2176K)
[233.682s][info][gc             ] GC(584) Pause Young (Normal) (G1 Evacuation Pause) 648M->7M(1073M) 5.022ms
[233.682s][info][gc,cpu         ] GC(584) User=0.02s Sys=0.00s Real=0.00s
[234.150s][info][gc,start       ] GC(585) Pause Young (Normal) (G1 Evacuation Pause)
[234.160s][info][gc,task        ] GC(585) Using 33 workers of 33 for evacuation
[234.165s][info][gc,phases      ] GC(585)   Pre Evacuate Collection Set: 0.2ms
[234.165s][info][gc,phases      ] GC(585)   Merge Heap Roots: 0.2ms
[234.165s][info][gc,phases      ] GC(585)   Evacuate Collection Set: 0.4ms
[234.165s][info][gc,phases      ] GC(585)   Post Evacuate Collection Set: 3.8ms
[234.165s][info][gc,phases      ] GC(585)   Other: 0.1ms
[234.165s][info][gc,heap        ] GC(585) Eden regions: 641->0(641)
[234.165s][info][gc,heap        ] GC(585) Survivor regions: 2->2(81)
[234.165s][info][gc,heap        ] GC(585) Old regions: 31->31
[234.165s][info][gc,heap        ] GC(585) Archive regions: 0->0
[234.165s][info][gc,heap        ] GC(585) Humongous regions: 0->0
[234.165s][info][gc,metaspace   ] GC(585) Metaspace: 14308K(15104K)->14308K(15104K) NonClass: 12368K(12928K)->12368K(12928K) Class: 1939K(2176K)->1939K(2176K)
[234.165s][info][gc             ] GC(585) Pause Young (Normal) (G1 Evacuation Pause) 648M->7M(1073M) 15.133ms
[234.165s][info][gc,cpu         ] GC(585) User=0.52s Sys=0.00s Real=0.01s
[234.620s][info][gc,start       ] GC(586) Pause Young (Normal) (G1 Evacuation Pause)
[234.620s][info][gc,task        ] GC(586) Using 33 workers of 33 for evacuation
[234.624s][info][gc,phases      ] GC(586)   Pre Evacuate Collection Set: 0.2ms
[234.624s][info][gc,phases      ] GC(586)   Merge Heap Roots: 0.2ms
[234.624s][info][gc,phases      ] GC(586)   Evacuate Collection Set: 0.4ms
[234.624s][info][gc,phases      ] GC(586)   Post Evacuate Collection Set: 3.7ms
[234.624s][info][gc,phases      ] GC(586)   Other: 0.1ms
[234.624s][info][gc,heap        ] GC(586) Eden regions: 641->0(641)
[234.624s][info][gc,heap        ] GC(586) Survivor regions: 2->2(81)
[234.624s][info][gc,heap        ] GC(586) Old regions: 31->31
[234.624s][info][gc,heap        ] GC(586) Archive regions: 0->0
[234.624s][info][gc,heap        ] GC(586) Humongous regions: 0->0
[234.624s][info][gc,metaspace   ] GC(586) Metaspace: 14308K(15104K)->14308K(15104K) NonClass: 12368K(12928K)->12368K(12928K) Class: 1939K(2176K)->1939K(2176K)
[234.624s][info][gc             ] GC(586) Pause Young (Normal) (G1 Evacuation Pause) 648M->8M(1073M) 4.887ms
[234.625s][info][gc,cpu         ] GC(586) User=0.00s Sys=0.00s Real=0.00s
[235.081s][info][gc,start       ] GC(587) Pause Young (Normal) (G1 Evacuation Pause)
[235.081s][info][gc,task        ] GC(587) Using 33 workers of 33 for evacuation
[235.086s][info][gc,phases      ] GC(587)   Pre Evacuate Collection Set: 0.2ms
[235.086s][info][gc,phases      ] GC(587)   Merge Heap Roots: 0.2ms
[235.086s][info][gc,phases      ] GC(587)   Evacuate Collection Set: 0.4ms
[235.086s][info][gc,phases      ] GC(587)   Post Evacuate Collection Set: 3.9ms
[235.086s][info][gc,phases      ] GC(587)   Other: 0.1ms
[235.086s][info][gc,heap        ] GC(587) Eden regions: 641->0(641)
[235.086s][info][gc,heap        ] GC(587) Survivor regions: 2->2(81)
[235.086s][info][gc,heap        ] GC(587) Old regions: 31->31
[235.086s][info][gc,heap        ] GC(587) Archive regions: 0->0
[235.086s][info][gc,heap        ] GC(587) Humongous regions: 0->0
[235.086s][info][gc,metaspace   ] GC(587) Metaspace: 14308K(15104K)->14308K(15104K) NonClass: 12368K(12928K)->12368K(12928K) Class: 1939K(2176K)->1939K(2176K)
[235.086s][info][gc             ] GC(587) Pause Young (Normal) (G1 Evacuation Pause) 649M->8M(1073M) 5.078ms
[235.086s][info][gc,cpu         ] GC(587) User=0.52s Sys=0.00s Real=0.01s
[235.569s][info][gc,start       ] GC(588) Pause Young (Normal) (G1 Evacuation Pause)
[235.569s][info][gc,task        ] GC(588) Using 33 workers of 33 for evacuation
[235.575s][info][gc,phases      ] GC(588)   Pre Evacuate Collection Set: 0.2ms
[235.575s][info][gc,phases      ] GC(588)   Merge Heap Roots: 0.3ms
[235.575s][info][gc,phases      ] GC(588)   Evacuate Collection Set: 0.5ms
[235.575s][info][gc,phases      ] GC(588)   Post Evacuate Collection Set: 4.7ms
[235.576s][info][gc,phases      ] GC(588)   Other: 0.2ms
[235.576s][info][gc,heap        ] GC(588) Eden regions: 641->0(641)
[235.576s][info][gc,heap        ] GC(588) Survivor regions: 2->2(81)
[235.576s][info][gc,heap        ] GC(588) Old regions: 31->31
[235.576s][info][gc,heap        ] GC(588) Archive regions: 0->0
[235.576s][info][gc,heap        ] GC(588) Humongous regions: 0->0
[235.576s][info][gc,metaspace   ] GC(588) Metaspace: 14308K(15104K)->14308K(15104K) NonClass: 12368K(12928K)->12368K(12928K) Class: 1939K(2176K)->1939K(2176K)
[235.576s][info][gc             ] GC(588) Pause Young (Normal) (G1 Evacuation Pause) 649M->8M(1073M) 6.422ms
[235.576s][info][gc,cpu         ] GC(588) User=0.00s Sys=0.00s Real=0.00s
[236.049s][info][gc,start       ] GC(589) Pause Young (Normal) (G1 Evacuation Pause)
[236.049s][info][gc,task        ] GC(589) Using 33 workers of 33 for evacuation
[236.054s][info][gc,phases      ] GC(589)   Pre Evacuate Collection Set: 0.2ms
[236.054s][info][gc,phases      ] GC(589)   Merge Heap Roots: 0.2ms
[236.054s][info][gc,phases      ] GC(589)   Evacuate Collection Set: 0.4ms
[236.054s][info][gc,phases      ] GC(589)   Post Evacuate Collection Set: 3.6ms
[236.054s][info][gc,phases      ] GC(589)   Other: 0.1ms
[236.054s][info][gc,heap        ] GC(589) Eden regions: 641->0(641)
[236.054s][info][gc,heap        ] GC(589) Survivor regions: 2->2(81)
[236.054s][info][gc,heap        ] GC(589) Old regions: 31->31
[236.054s][info][gc,heap        ] GC(589) Archive regions: 0->0
[236.054s][info][gc,heap        ] GC(589) Humongous regions: 0->0
[236.054s][info][gc,metaspace   ] GC(589) Metaspace: 14308K(15104K)->14308K(15104K) NonClass: 12368K(12928K)->12368K(12928K) Class: 1939K(2176K)->1939K(2176K)
[236.054s][info][gc             ] GC(589) Pause Young (Normal) (G1 Evacuation Pause) 649M->8M(1073M) 4.714ms
[236.054s][info][gc,cpu         ] GC(589) User=0.47s Sys=0.02s Real=0.00s
[236.506s][info][gc,start       ] GC(590) Pause Young (Normal) (G1 Evacuation Pause)
[236.506s][info][gc,task        ] GC(590) Using 33 workers of 33 for evacuation
[236.511s][info][gc,phases      ] GC(590)   Pre Evacuate Collection Set: 0.2ms
[236.511s][info][gc,phases      ] GC(590)   Merge Heap Roots: 0.2ms
[236.511s][info][gc,phases      ] GC(590)   Evacuate Collection Set: 0.4ms
[236.511s][info][gc,phases      ] GC(590)   Post Evacuate Collection Set: 3.8ms
[236.511s][info][gc,phases      ] GC(590)   Other: 0.1ms
[236.511s][info][gc,heap        ] GC(590) Eden regions: 641->0(641)
[236.511s][info][gc,heap        ] GC(590) Survivor regions: 2->2(81)
[236.511s][info][gc,heap        ] GC(590) Old regions: 31->31
[236.511s][info][gc,heap        ] GC(590) Archive regions: 0->0
[236.511s][info][gc,heap        ] GC(590) Humongous regions: 0->0
[236.511s][info][gc,metaspace   ] GC(590) Metaspace: 14308K(15104K)->14308K(15104K) NonClass: 12368K(12928K)->12368K(12928K) Class: 1939K(2176K)->1939K(2176K)
[236.511s][info][gc             ] GC(590) Pause Young (Normal) (G1 Evacuation Pause) 649M->8M(1073M) 4.920ms
[236.511s][info][gc,cpu         ] GC(590) User=0.31s Sys=0.00s Real=0.00s
[236.974s][info][gc,start       ] GC(591) Pause Young (Normal) (G1 Evacuation Pause)
[236.974s][info][gc,task        ] GC(591) Using 33 workers of 33 for evacuation
[236.979s][info][gc,phases      ] GC(591)   Pre Evacuate Collection Set: 0.2ms
[236.979s][info][gc,phases      ] GC(591)   Merge Heap Roots: 0.2ms
[236.979s][info][gc,phases      ] GC(591)   Evacuate Collection Set: 0.4ms
[236.979s][info][gc,phases      ] GC(591)   Post Evacuate Collection Set: 3.6ms
[236.979s][info][gc,phases      ] GC(591)   Other: 0.1ms
[236.979s][info][gc,heap        ] GC(591) Eden regions: 641->0(641)
[236.979s][info][gc,heap        ] GC(591) Survivor regions: 2->2(81)
[236.979s][info][gc,heap        ] GC(591) Old regions: 31->32
[236.979s][info][gc,heap        ] GC(591) Archive regions: 0->0
[236.979s][info][gc,heap        ] GC(591) Humongous regions: 0->0
[236.979s][info][gc,metaspace   ] GC(591) Metaspace: 14308K(15104K)->14308K(15104K) NonClass: 12368K(12928K)->12368K(12928K) Class: 1939K(2176K)->1939K(2176K)
[236.979s][info][gc             ] GC(591) Pause Young (Normal) (G1 Evacuation Pause) 649M->8M(1073M) 4.748ms
[236.979s][info][gc,cpu         ] GC(591) User=0.52s Sys=0.00s Real=0.00s
[237.417s][info][gc,start       ] GC(592) Pause Young (Normal) (G1 Evacuation Pause)
[237.417s][info][gc,task        ] GC(592) Using 33 workers of 33 for evacuation
[237.422s][info][gc,phases      ] GC(592)   Pre Evacuate Collection Set: 0.2ms
[237.422s][info][gc,phases      ] GC(592)   Merge Heap Roots: 0.2ms
[237.422s][info][gc,phases      ] GC(592)   Evacuate Collection Set: 0.4ms
[237.422s][info][gc,phases      ] GC(592)   Post Evacuate Collection Set: 3.8ms
[237.422s][info][gc,phases      ] GC(592)   Other: 0.1ms
[237.422s][info][gc,heap        ] GC(592) Eden regions: 641->0(641)
[237.422s][info][gc,heap        ] GC(592) Survivor regions: 2->2(81)
[237.422s][info][gc,heap        ] GC(592) Old regions: 32->32
[237.422s][info][gc,heap        ] GC(592) Archive regions: 0->0
[237.422s][info][gc,heap        ] GC(592) Humongous regions: 0->0
[237.422s][info][gc,metaspace   ] GC(592) Metaspace: 14308K(15104K)->14308K(15104K) NonClass: 12368K(12928K)->12368K(12928K) Class: 1939K(2176K)->1939K(2176K)
[237.422s][info][gc             ] GC(592) Pause Young (Normal) (G1 Evacuation Pause) 649M->8M(1073M) 4.909ms
[237.422s][info][gc,cpu         ] GC(592) User=0.00s Sys=0.00s Real=0.00s
[237.777s][info][gc,start       ] GC(593) Pause Full (System.gc())
[237.777s][info][gc,task        ] GC(593) Using 29 workers of 33 for full compaction
[237.778s][info][gc,phases,start] GC(593) Phase 1: Mark live objects
[237.789s][info][gc,phases      ] GC(593) Phase 1: Mark live objects 10.514ms
[237.789s][info][gc,phases,start] GC(593) Phase 2: Prepare compaction
[237.790s][info][gc,phases      ] GC(593) Phase 2: Prepare compaction 1.193ms
[237.790s][info][gc,phases,start] GC(593) Phase 3: Adjust pointers
[237.796s][info][gc,phases      ] GC(593) Phase 3: Adjust pointers 6.533ms
[237.797s][info][gc,phases,start] GC(593) Phase 4: Compact heap
[237.797s][info][gc,phases      ] GC(593) Phase 4: Compact heap 0.626ms
[237.806s][info][gc,heap        ] GC(593) Eden regions: 519->0(58)
[237.806s][info][gc,heap        ] GC(593) Survivor regions: 2->0(81)
[237.806s][info][gc,heap        ] GC(593) Old regions: 32->29
[237.806s][info][gc,heap        ] GC(593) Archive regions: 0->0
[237.806s][info][gc,heap        ] GC(593) Humongous regions: 0->0
[237.806s][info][gc,metaspace   ] GC(593) Metaspace: 14308K(15104K)->14308K(15104K) NonClass: 12368K(12928K)->12368K(12928K) Class: 1939K(2176K)->1939K(2176K)
[237.806s][info][gc             ] GC(593) Pause Full (System.gc()) 526M->5M(97M) 29.127ms
[237.806s][info][gc,cpu         ] GC(593) User=0.45s Sys=0.00s Real=0.02s
[237.852s][info][gc,start       ] GC(594) Pause Young (Normal) (G1 Evacuation Pause)
[237.852s][info][gc,task        ] GC(594) Using 33 workers of 33 for evacuation
[237.856s][info][gc,phases      ] GC(594)   Pre Evacuate Collection Set: 0.1ms
[237.856s][info][gc,phases      ] GC(594)   Merge Heap Roots: 0.1ms
[237.856s][info][gc,phases      ] GC(594)   Evacuate Collection Set: 0.4ms
[237.856s][info][gc,phases      ] GC(594)   Post Evacuate Collection Set: 3.1ms
[237.856s][info][gc,phases      ] GC(594)   Other: 0.1ms
[237.856s][info][gc,heap        ] GC(594) Eden regions: 58->0(56)
[237.856s][info][gc,heap        ] GC(594) Survivor regions: 0->2(8)
[237.856s][info][gc,heap        ] GC(594) Old regions: 29->29
[237.856s][info][gc,heap        ] GC(594) Archive regions: 0->0
[237.856s][info][gc,heap        ] GC(594) Humongous regions: 0->0
[237.856s][info][gc,metaspace   ] GC(594) Metaspace: 14308K(15104K)->14308K(15104K) NonClass: 12368K(12928K)->12368K(12928K) Class: 1939K(2176K)->1939K(2176K)
[237.856s][info][gc             ] GC(594) Pause Young (Normal) (G1 Evacuation Pause) 63M->6M(97M) 4.034ms
[237.856s][info][gc,cpu         ] GC(594) User=0.00s Sys=0.00s Real=0.00s
[237.895s][info][gc,start       ] GC(595) Pause Young (Normal) (G1 Evacuation Pause)
[237.895s][info][gc,task        ] GC(595) Using 33 workers of 33 for evacuation
[237.898s][info][gc,phases      ] GC(595)   Pre Evacuate Collection Set: 0.1ms
[237.898s][info][gc,phases      ] GC(595)   Merge Heap Roots: 0.1ms
[237.898s][info][gc,phases      ] GC(595)   Evacuate Collection Set: 0.5ms
[237.898s][info][gc,phases      ] GC(595)   Post Evacuate Collection Set: 2.9ms
[237.898s][info][gc,phases      ] GC(595)   Other: 0.1ms
[237.898s][info][gc,heap        ] GC(595) Eden regions: 56->0(56)
[237.898s][info][gc,heap        ] GC(595) Survivor regions: 2->2(8)
[237.898s][info][gc,heap        ] GC(595) Old regions: 29->29
[237.898s][info][gc,heap        ] GC(595) Archive regions: 0->0
[237.898s][info][gc,heap        ] GC(595) Humongous regions: 0->0
[237.898s][info][gc,metaspace   ] GC(595) Metaspace: 14308K(15104K)->14308K(15104K) NonClass: 12368K(12928K)->12368K(12928K) Class: 1939K(2176K)->1939K(2176K)
[237.898s][info][gc             ] GC(595) Pause Young (Normal) (G1 Evacuation Pause) 62M->6M(97M) 3.841ms
[237.898s][info][gc,cpu         ] GC(595) User=0.52s Sys=0.00s Real=0.00s
[237.938s][info][gc,start       ] GC(596) Pause Young (Normal) (G1 Evacuation Pause)
[237.938s][info][gc,task        ] GC(596) Using 33 workers of 33 for evacuation
[237.941s][info][gc,phases      ] GC(596)   Pre Evacuate Collection Set: 0.1ms
[237.942s][info][gc,phases      ] GC(596)   Merge Heap Roots: 0.1ms
[237.942s][info][gc,phases      ] GC(596)   Evacuate Collection Set: 0.4ms
[237.942s][info][gc,phases      ] GC(596)   Post Evacuate Collection Set: 3.0ms
[237.942s][info][gc,phases      ] GC(596)   Other: 0.1ms
[237.942s][info][gc,heap        ] GC(596) Eden regions: 56->0(56)
[237.942s][info][gc,heap        ] GC(596) Survivor regions: 2->2(8)
[237.942s][info][gc,heap        ] GC(596) Old regions: 29->29
[237.942s][info][gc,heap        ] GC(596) Archive regions: 0->0
[237.942s][info][gc,heap        ] GC(596) Humongous regions: 0->0
[237.942s][info][gc,metaspace   ] GC(596) Metaspace: 14308K(15104K)->14308K(15104K) NonClass: 12368K(12928K)->12368K(12928K) Class: 1939K(2176K)->1939K(2176K)
[237.942s][info][gc             ] GC(596) Pause Young (Normal) (G1 Evacuation Pause) 62M->6M(97M) 3.998ms
[237.942s][info][gc,cpu         ] GC(596) User=0.00s Sys=0.00s Real=0.00s
[237.980s][info][gc,start       ] GC(597) Pause Young (Normal) (G1 Evacuation Pause)
[237.980s][info][gc,task        ] GC(597) Using 33 workers of 33 for evacuation
[237.989s][info][gc,phases      ] GC(597)   Pre Evacuate Collection Set: 0.1ms
[237.989s][info][gc,phases      ] GC(597)   Merge Heap Roots: 0.1ms
[237.989s][info][gc,phases      ] GC(597)   Evacuate Collection Set: 0.5ms
[237.989s][info][gc,phases      ] GC(597)   Post Evacuate Collection Set: 7.7ms
[237.989s][info][gc,phases      ] GC(597)   Other: 0.1ms
[237.989s][info][gc,heap        ] GC(597) Eden regions: 56->0(641)
[237.989s][info][gc,heap        ] GC(597) Survivor regions: 2->2(8)
[237.989s][info][gc,heap        ] GC(597) Old regions: 29->29
[237.989s][info][gc,heap        ] GC(597) Archive regions: 0->0
[237.989s][info][gc,heap        ] GC(597) Humongous regions: 0->0
[237.989s][info][gc,metaspace   ] GC(597) Metaspace: 14308K(15104K)->14308K(15104K) NonClass: 12368K(12928K)->12368K(12928K) Class: 1939K(2176K)->1939K(2176K)
[237.989s][info][gc             ] GC(597) Pause Young (Normal) (G1 Evacuation Pause) 62M->6M(1073M) 8.744ms
[237.989s][info][gc,cpu         ] GC(597) User=0.00s Sys=0.00s Real=0.01s
[238.432s][info][gc,start       ] GC(598) Pause Young (Normal) (G1 Evacuation Pause)
[238.432s][info][gc,task        ] GC(598) Using 33 workers of 33 for evacuation
[238.438s][info][gc,phases      ] GC(598)   Pre Evacuate Collection Set: 0.2ms
[238.438s][info][gc,phases      ] GC(598)   Merge Heap Roots: 0.2ms
[238.438s][info][gc,phases      ] GC(598)   Evacuate Collection Set: 1.9ms
[238.438s][info][gc,phases      ] GC(598)   Post Evacuate Collection Set: 4.0ms
[238.438s][info][gc,phases      ] GC(598)   Other: 0.1ms
[238.438s][info][gc,heap        ] GC(598) Eden regions: 641->0(641)
[238.438s][info][gc,heap        ] GC(598) Survivor regions: 2->2(81)
[238.438s][info][gc,heap        ] GC(598) Old regions: 29->29
[238.438s][info][gc,heap        ] GC(598) Archive regions: 0->0
[238.438s][info][gc,heap        ] GC(598) Humongous regions: 0->0
[238.438s][info][gc,metaspace   ] GC(598) Metaspace: 14308K(15104K)->14308K(15104K) NonClass: 12368K(12928K)->12368K(12928K) Class: 1939K(2176K)->1939K(2176K)
[238.438s][info][gc             ] GC(598) Pause Young (Normal) (G1 Evacuation Pause) 647M->6M(1073M) 6.537ms
[238.438s][info][gc,cpu         ] GC(598) User=0.00s Sys=0.00s Real=0.00s
[238.912s][info][gc,start       ] GC(599) Pause Young (Normal) (G1 Evacuation Pause)
[238.912s][info][gc,task        ] GC(599) Using 33 workers of 33 for evacuation
[238.918s][info][gc,phases      ] GC(599)   Pre Evacuate Collection Set: 0.2ms
[238.918s][info][gc,phases      ] GC(599)   Merge Heap Roots: 0.2ms
[238.918s][info][gc,phases      ] GC(599)   Evacuate Collection Set: 1.8ms
[238.918s][info][gc,phases      ] GC(599)   Post Evacuate Collection Set: 3.6ms
[238.918s][info][gc,phases      ] GC(599)   Other: 0.1ms
[238.918s][info][gc,heap        ] GC(599) Eden regions: 641->0(641)
[238.918s][info][gc,heap        ] GC(599) Survivor regions: 2->2(81)
[238.918s][info][gc,heap        ] GC(599) Old regions: 29->29
[238.918s][info][gc,heap        ] GC(599) Archive regions: 0->0
[238.918s][info][gc,heap        ] GC(599) Humongous regions: 0->0
[238.918s][info][gc,metaspace   ] GC(599) Metaspace: 14308K(15104K)->14308K(15104K) NonClass: 12368K(12928K)->12368K(12928K) Class: 1939K(2176K)->1939K(2176K)
[238.918s][info][gc             ] GC(599) Pause Young (Normal) (G1 Evacuation Pause) 647M->6M(1073M) 6.180ms
[238.918s][info][gc,cpu         ] GC(599) User=0.02s Sys=0.50s Real=0.01s
[239.372s][info][gc,start       ] GC(600) Pause Young (Normal) (G1 Evacuation Pause)
[239.372s][info][gc,task        ] GC(600) Using 33 workers of 33 for evacuation
[239.376s][info][gc,phases      ] GC(600)   Pre Evacuate Collection Set: 0.2ms
[239.377s][info][gc,phases      ] GC(600)   Merge Heap Roots: 0.2ms
[239.377s][info][gc,phases      ] GC(600)   Evacuate Collection Set: 0.6ms
[239.377s][info][gc,phases      ] GC(600)   Post Evacuate Collection Set: 3.8ms
[239.377s][info][gc,phases      ] GC(600)   Other: 0.1ms
[239.377s][info][gc,heap        ] GC(600) Eden regions: 641->0(641)
[239.377s][info][gc,heap        ] GC(600) Survivor regions: 2->2(81)
[239.377s][info][gc,heap        ] GC(600) Old regions: 29->29
[239.377s][info][gc,heap        ] GC(600) Archive regions: 0->0
[239.377s][info][gc,heap        ] GC(600) Humongous regions: 0->0
[239.377s][info][gc,metaspace   ] GC(600) Metaspace: 14308K(15104K)->14308K(15104K) NonClass: 12368K(12928K)->12368K(12928K) Class: 1939K(2176K)->1939K(2176K)
[239.377s][info][gc             ] GC(600) Pause Young (Normal) (G1 Evacuation Pause) 647M->6M(1073M) 5.050ms
[239.377s][info][gc,cpu         ] GC(600) User=0.00s Sys=0.00s Real=0.00s
[239.833s][info][gc,start       ] GC(601) Pause Young (Normal) (G1 Evacuation Pause)
[239.833s][info][gc,task        ] GC(601) Using 33 workers of 33 for evacuation
[239.838s][info][gc,phases      ] GC(601)   Pre Evacuate Collection Set: 0.2ms
[239.838s][info][gc,phases      ] GC(601)   Merge Heap Roots: 0.2ms
[239.838s][info][gc,phases      ] GC(601)   Evacuate Collection Set: 0.6ms
[239.838s][info][gc,phases      ] GC(601)   Post Evacuate Collection Set: 3.6ms
[239.838s][info][gc,phases      ] GC(601)   Other: 0.1ms
[239.838s][info][gc,heap        ] GC(601) Eden regions: 641->0(641)
[239.838s][info][gc,heap        ] GC(601) Survivor regions: 2->2(81)
[239.838s][info][gc,heap        ] GC(601) Old regions: 29->29
[239.838s][info][gc,heap        ] GC(601) Archive regions: 0->0
[239.838s][info][gc,heap        ] GC(601) Humongous regions: 0->0
[239.838s][info][gc,metaspace   ] GC(601) Metaspace: 14308K(15104K)->14308K(15104K) NonClass: 12368K(12928K)->12368K(12928K) Class: 1939K(2176K)->1939K(2176K)
[239.838s][info][gc             ] GC(601) Pause Young (Normal) (G1 Evacuation Pause) 647M->7M(1073M) 4.851ms
[239.838s][info][gc,cpu         ] GC(601) User=0.52s Sys=0.00s Real=0.00s
[240.288s][info][gc,start       ] GC(602) Pause Young (Normal) (G1 Evacuation Pause)
[240.288s][info][gc,task        ] GC(602) Using 33 workers of 33 for evacuation
[240.293s][info][gc,phases      ] GC(602)   Pre Evacuate Collection Set: 0.2ms
[240.293s][info][gc,phases      ] GC(602)   Merge Heap Roots: 0.2ms
[240.293s][info][gc,phases      ] GC(602)   Evacuate Collection Set: 0.5ms
[240.293s][info][gc,phases      ] GC(602)   Post Evacuate Collection Set: 3.7ms
[240.293s][info][gc,phases      ] GC(602)   Other: 0.1ms
[240.293s][info][gc,heap        ] GC(602) Eden regions: 641->0(641)
[240.293s][info][gc,heap        ] GC(602) Survivor regions: 2->2(81)
[240.293s][info][gc,heap        ] GC(602) Old regions: 29->29
[240.293s][info][gc,heap        ] GC(602) Archive regions: 0->0
[240.293s][info][gc,heap        ] GC(602) Humongous regions: 0->0
[240.293s][info][gc,metaspace   ] GC(602) Metaspace: 14308K(15104K)->14308K(15104K) NonClass: 12368K(12928K)->12368K(12928K) Class: 1939K(2176K)->1939K(2176K)
[240.293s][info][gc             ] GC(602) Pause Young (Normal) (G1 Evacuation Pause) 648M->7M(1073M) 4.903ms
[240.293s][info][gc,cpu         ] GC(602) User=0.02s Sys=0.00s Real=0.01s
[240.742s][info][gc,start       ] GC(603) Pause Young (Normal) (G1 Evacuation Pause)
[240.742s][info][gc,task        ] GC(603) Using 33 workers of 33 for evacuation
[240.747s][info][gc,phases      ] GC(603)   Pre Evacuate Collection Set: 0.2ms
[240.747s][info][gc,phases      ] GC(603)   Merge Heap Roots: 0.2ms
[240.747s][info][gc,phases      ] GC(603)   Evacuate Collection Set: 0.6ms
[240.747s][info][gc,phases      ] GC(603)   Post Evacuate Collection Set: 3.8ms
[240.747s][info][gc,phases      ] GC(603)   Other: 0.1ms
[240.747s][info][gc,heap        ] GC(603) Eden regions: 641->0(641)
[240.747s][info][gc,heap        ] GC(603) Survivor regions: 2->2(81)
[240.747s][info][gc,heap        ] GC(603) Old regions: 29->29
[240.747s][info][gc,heap        ] GC(603) Archive regions: 0->0
[240.747s][info][gc,heap        ] GC(603) Humongous regions: 0->0
[240.747s][info][gc,metaspace   ] GC(603) Metaspace: 14308K(15104K)->14308K(15104K) NonClass: 12368K(12928K)->12368K(12928K) Class: 1939K(2176K)->1939K(2176K)
[240.747s][info][gc             ] GC(603) Pause Young (Normal) (G1 Evacuation Pause) 648M->7M(1073M) 5.079ms
[240.747s][info][gc,cpu         ] GC(603) User=0.00s Sys=0.00s Real=0.00s
[241.200s][info][gc,start       ] GC(604) Pause Young (Normal) (G1 Evacuation Pause)
[241.200s][info][gc,task        ] GC(604) Using 33 workers of 33 for evacuation
[241.205s][info][gc,phases      ] GC(604)   Pre Evacuate Collection Set: 0.2ms
[241.205s][info][gc,phases      ] GC(604)   Merge Heap Roots: 0.2ms
[241.205s][info][gc,phases      ] GC(604)   Evacuate Collection Set: 0.6ms
[241.205s][info][gc,phases      ] GC(604)   Post Evacuate Collection Set: 3.9ms
[241.205s][info][gc,phases      ] GC(604)   Other: 0.1ms
[241.205s][info][gc,heap        ] GC(604) Eden regions: 641->0(641)
[241.205s][info][gc,heap        ] GC(604) Survivor regions: 2->2(81)
[241.205s][info][gc,heap        ] GC(604) Old regions: 29->29
[241.205s][info][gc,heap        ] GC(604) Archive regions: 0->0
[241.205s][info][gc,heap        ] GC(604) Humongous regions: 0->0
[241.205s][info][gc,metaspace   ] GC(604) Metaspace: 14308K(15104K)->14308K(15104K) NonClass: 12368K(12928K)->12368K(12928K) Class: 1939K(2176K)->1939K(2176K)
[241.205s][info][gc             ] GC(604) Pause Young (Normal) (G1 Evacuation Pause) 648M->7M(1073M) 5.152ms
[241.205s][info][gc,cpu         ] GC(604) User=0.00s Sys=0.00s Real=0.01s
[241.657s][info][gc,start       ] GC(605) Pause Young (Normal) (G1 Evacuation Pause)
[241.658s][info][gc,task        ] GC(605) Using 33 workers of 33 for evacuation
[241.663s][info][gc,phases      ] GC(605)   Pre Evacuate Collection Set: 0.2ms
[241.663s][info][gc,phases      ] GC(605)   Merge Heap Roots: 0.2ms
[241.663s][info][gc,phases      ] GC(605)   Evacuate Collection Set: 0.6ms
[241.663s][info][gc,phases      ] GC(605)   Post Evacuate Collection Set: 4.0ms
[241.663s][info][gc,phases      ] GC(605)   Other: 0.1ms
[241.663s][info][gc,heap        ] GC(605) Eden regions: 641->0(640)
[241.663s][info][gc,heap        ] GC(605) Survivor regions: 2->3(81)
[241.663s][info][gc,heap        ] GC(605) Old regions: 29->29
[241.663s][info][gc,heap        ] GC(605) Archive regions: 0->0
[241.663s][info][gc,heap        ] GC(605) Humongous regions: 0->0
[241.663s][info][gc,metaspace   ] GC(605) Metaspace: 14308K(15104K)->14308K(15104K) NonClass: 12368K(12928K)->12368K(12928K) Class: 1939K(2176K)->1939K(2176K)
[241.663s][info][gc             ] GC(605) Pause Young (Normal) (G1 Evacuation Pause) 648M->7M(1073M) 5.317ms
[241.663s][info][gc,cpu         ] GC(605) User=0.00s Sys=0.00s Real=0.01s
[242.108s][info][gc,start       ] GC(606) Pause Young (Normal) (G1 Evacuation Pause)
[242.108s][info][gc,task        ] GC(606) Using 33 workers of 33 for evacuation
[242.113s][info][gc,phases      ] GC(606)   Pre Evacuate Collection Set: 0.2ms
[242.113s][info][gc,phases      ] GC(606)   Merge Heap Roots: 0.2ms
[242.113s][info][gc,phases      ] GC(606)   Evacuate Collection Set: 0.7ms
[242.113s][info][gc,phases      ] GC(606)   Post Evacuate Collection Set: 4.1ms
[242.113s][info][gc,phases      ] GC(606)   Other: 0.1ms
[242.113s][info][gc,heap        ] GC(606) Eden regions: 640->0(640)
[242.113s][info][gc,heap        ] GC(606) Survivor regions: 3->3(81)
[242.113s][info][gc,heap        ] GC(606) Old regions: 29->29
[242.113s][info][gc,heap        ] GC(606) Archive regions: 0->0
[242.113s][info][gc,heap        ] GC(606) Humongous regions: 0->0
[242.113s][info][gc,metaspace   ] GC(606) Metaspace: 14308K(15104K)->14308K(15104K) NonClass: 12368K(12928K)->12368K(12928K) Class: 1939K(2176K)->1939K(2176K)
[242.113s][info][gc             ] GC(606) Pause Young (Normal) (G1 Evacuation Pause) 647M->7M(1073M) 5.575ms
[242.113s][info][gc,cpu         ] GC(606) User=0.00s Sys=0.00s Real=0.01s
[242.566s][info][gc,start       ] GC(607) Pause Young (Normal) (G1 Evacuation Pause)
[242.566s][info][gc,task        ] GC(607) Using 33 workers of 33 for evacuation
[242.571s][info][gc,phases      ] GC(607)   Pre Evacuate Collection Set: 0.2ms
[242.571s][info][gc,phases      ] GC(607)   Merge Heap Roots: 0.2ms
[242.571s][info][gc,phases      ] GC(607)   Evacuate Collection Set: 0.6ms
[242.571s][info][gc,phases      ] GC(607)   Post Evacuate Collection Set: 3.8ms
[242.571s][info][gc,phases      ] GC(607)   Other: 0.2ms
[242.571s][info][gc,heap        ] GC(607) Eden regions: 640->0(640)
[242.571s][info][gc,heap        ] GC(607) Survivor regions: 3->3(81)
[242.571s][info][gc,heap        ] GC(607) Old regions: 29->29
[242.571s][info][gc,heap        ] GC(607) Archive regions: 0->0
[242.571s][info][gc,heap        ] GC(607) Humongous regions: 0->0
[242.571s][info][gc,metaspace   ] GC(607) Metaspace: 14308K(15104K)->14308K(15104K) NonClass: 12368K(12928K)->12368K(12928K) Class: 1939K(2176K)->1939K(2176K)
[242.571s][info][gc             ] GC(607) Pause Young (Normal) (G1 Evacuation Pause) 647M->7M(1073M) 5.255ms
[242.571s][info][gc,cpu         ] GC(607) User=0.00s Sys=0.00s Real=0.00s
[243.024s][info][gc,start       ] GC(608) Pause Young (Normal) (G1 Evacuation Pause)
[243.024s][info][gc,task        ] GC(608) Using 33 workers of 33 for evacuation
[243.029s][info][gc,phases      ] GC(608)   Pre Evacuate Collection Set: 0.2ms
[243.029s][info][gc,phases      ] GC(608)   Merge Heap Roots: 0.2ms
[243.029s][info][gc,phases      ] GC(608)   Evacuate Collection Set: 0.6ms
[243.029s][info][gc,phases      ] GC(608)   Post Evacuate Collection Set: 3.8ms
[243.029s][info][gc,phases      ] GC(608)   Other: 0.1ms
[243.029s][info][gc,heap        ] GC(608) Eden regions: 640->0(640)
[243.029s][info][gc,heap        ] GC(608) Survivor regions: 3->3(81)
[243.029s][info][gc,heap        ] GC(608) Old regions: 29->29
[243.029s][info][gc,heap        ] GC(608) Archive regions: 0->0
[243.029s][info][gc,heap        ] GC(608) Humongous regions: 0->0
[243.029s][info][gc,metaspace   ] GC(608) Metaspace: 14308K(15104K)->14308K(15104K) NonClass: 12368K(12928K)->12368K(12928K) Class: 1939K(2176K)->1939K(2176K)
[243.029s][info][gc             ] GC(608) Pause Young (Normal) (G1 Evacuation Pause) 647M->7M(1073M) 5.113ms
[243.029s][info][gc,cpu         ] GC(608) User=0.00s Sys=0.00s Real=0.00s
[243.487s][info][gc,start       ] GC(609) Pause Young (Normal) (G1 Evacuation Pause)
[243.487s][info][gc,task        ] GC(609) Using 33 workers of 33 for evacuation
[243.492s][info][gc,phases      ] GC(609)   Pre Evacuate Collection Set: 0.2ms
[243.492s][info][gc,phases      ] GC(609)   Merge Heap Roots: 0.2ms
[243.492s][info][gc,phases      ] GC(609)   Evacuate Collection Set: 0.5ms
[243.492s][info][gc,phases      ] GC(609)   Post Evacuate Collection Set: 3.7ms
[243.492s][info][gc,phases      ] GC(609)   Other: 0.1ms
[243.492s][info][gc,heap        ] GC(609) Eden regions: 640->0(642)
[243.492s][info][gc,heap        ] GC(609) Survivor regions: 3->1(81)
[243.492s][info][gc,heap        ] GC(609) Old regions: 29->31
[243.492s][info][gc,heap        ] GC(609) Archive regions: 0->0
[243.492s][info][gc,heap        ] GC(609) Humongous regions: 0->0
[243.492s][info][gc,metaspace   ] GC(609) Metaspace: 14308K(15104K)->14308K(15104K) NonClass: 12368K(12928K)->12368K(12928K) Class: 1939K(2176K)->1939K(2176K)
[243.492s][info][gc             ] GC(609) Pause Young (Normal) (G1 Evacuation Pause) 647M->7M(1073M) 4.932ms
[243.492s][info][gc,cpu         ] GC(609) User=0.00s Sys=0.00s Real=0.00s
[243.953s][info][gc,start       ] GC(610) Pause Young (Normal) (G1 Evacuation Pause)
[243.953s][info][gc,task        ] GC(610) Using 33 workers of 33 for evacuation
[243.958s][info][gc,phases      ] GC(610)   Pre Evacuate Collection Set: 0.2ms
[243.958s][info][gc,phases      ] GC(610)   Merge Heap Roots: 0.2ms
[243.958s][info][gc,phases      ] GC(610)   Evacuate Collection Set: 0.4ms
[243.958s][info][gc,phases      ] GC(610)   Post Evacuate Collection Set: 3.8ms
[243.958s][info][gc,phases      ] GC(610)   Other: 0.1ms
[243.958s][info][gc,heap        ] GC(610) Eden regions: 642->0(642)
[243.958s][info][gc,heap        ] GC(610) Survivor regions: 1->1(81)
[243.958s][info][gc,heap        ] GC(610) Old regions: 31->31
[243.958s][info][gc,heap        ] GC(610) Archive regions: 0->0
[243.958s][info][gc,heap        ] GC(610) Humongous regions: 0->0
[243.958s][info][gc,metaspace   ] GC(610) Metaspace: 14308K(15104K)->14308K(15104K) NonClass: 12368K(12928K)->12368K(12928K) Class: 1939K(2176K)->1939K(2176K)
[243.958s][info][gc             ] GC(610) Pause Young (Normal) (G1 Evacuation Pause) 649M->7M(1073M) 4.919ms
[243.958s][info][gc,cpu         ] GC(610) User=0.00s Sys=0.00s Real=0.01s
[244.417s][info][gc,start       ] GC(611) Pause Young (Normal) (G1 Evacuation Pause)
[244.417s][info][gc,task        ] GC(611) Using 33 workers of 33 for evacuation
[244.421s][info][gc,phases      ] GC(611)   Pre Evacuate Collection Set: 0.2ms
[244.422s][info][gc,phases      ] GC(611)   Merge Heap Roots: 0.2ms
[244.422s][info][gc,phases      ] GC(611)   Evacuate Collection Set: 0.4ms
[244.422s][info][gc,phases      ] GC(611)   Post Evacuate Collection Set: 3.9ms
[244.422s][info][gc,phases      ] GC(611)   Other: 0.1ms
[244.422s][info][gc,heap        ] GC(611) Eden regions: 642->0(641)
[244.422s][info][gc,heap        ] GC(611) Survivor regions: 1->2(81)
[244.422s][info][gc,heap        ] GC(611) Old regions: 31->31
[244.422s][info][gc,heap        ] GC(611) Archive regions: 0->0
[244.422s][info][gc,heap        ] GC(611) Humongous regions: 0->0
[244.422s][info][gc,metaspace   ] GC(611) Metaspace: 14308K(15104K)->14308K(15104K) NonClass: 12368K(12928K)->12368K(12928K) Class: 1939K(2176K)->1939K(2176K)
[244.422s][info][gc             ] GC(611) Pause Young (Normal) (G1 Evacuation Pause) 649M->7M(1073M) 5.060ms
[244.422s][info][gc,cpu         ] GC(611) User=0.00s Sys=0.00s Real=0.00s
[244.882s][info][gc,start       ] GC(612) Pause Young (Normal) (G1 Evacuation Pause)
[244.882s][info][gc,task        ] GC(612) Using 33 workers of 33 for evacuation
[244.887s][info][gc,phases      ] GC(612)   Pre Evacuate Collection Set: 0.2ms
[244.887s][info][gc,phases      ] GC(612)   Merge Heap Roots: 0.2ms
[244.887s][info][gc,phases      ] GC(612)   Evacuate Collection Set: 0.4ms
[244.887s][info][gc,phases      ] GC(612)   Post Evacuate Collection Set: 4.0ms
[244.887s][info][gc,phases      ] GC(612)   Other: 0.1ms
[244.887s][info][gc,heap        ] GC(612) Eden regions: 641->0(641)
[244.887s][info][gc,heap        ] GC(612) Survivor regions: 2->2(81)
[244.887s][info][gc,heap        ] GC(612) Old regions: 31->31
[244.887s][info][gc,heap        ] GC(612) Archive regions: 0->0
[244.887s][info][gc,heap        ] GC(612) Humongous regions: 0->0
[244.887s][info][gc,metaspace   ] GC(612) Metaspace: 14308K(15104K)->14308K(15104K) NonClass: 12368K(12928K)->12368K(12928K) Class: 1939K(2176K)->1939K(2176K)
[244.887s][info][gc             ] GC(612) Pause Young (Normal) (G1 Evacuation Pause) 648M->7M(1073M) 5.114ms
[244.887s][info][gc,cpu         ] GC(612) User=0.00s Sys=0.00s Real=0.00s
[245.353s][info][gc,start       ] GC(613) Pause Young (Normal) (G1 Evacuation Pause)
[245.353s][info][gc,task        ] GC(613) Using 33 workers of 33 for evacuation
[245.358s][info][gc,phases      ] GC(613)   Pre Evacuate Collection Set: 0.2ms
[245.358s][info][gc,phases      ] GC(613)   Merge Heap Roots: 0.2ms
[245.358s][info][gc,phases      ] GC(613)   Evacuate Collection Set: 0.4ms
[245.358s][info][gc,phases      ] GC(613)   Post Evacuate Collection Set: 3.9ms
[245.358s][info][gc,phases      ] GC(613)   Other: 0.1ms
[245.358s][info][gc,heap        ] GC(613) Eden regions: 641->0(641)
[245.358s][info][gc,heap        ] GC(613) Survivor regions: 2->2(81)
[245.358s][info][gc,heap        ] GC(613) Old regions: 31->31
[245.358s][info][gc,heap        ] GC(613) Archive regions: 0->0
[245.358s][info][gc,heap        ] GC(613) Humongous regions: 0->0
[245.358s][info][gc,metaspace   ] GC(613) Metaspace: 14308K(15104K)->14308K(15104K) NonClass: 12368K(12928K)->12368K(12928K) Class: 1939K(2176K)->1939K(2176K)
[245.358s][info][gc             ] GC(613) Pause Young (Normal) (G1 Evacuation Pause) 648M->7M(1073M) 5.091ms
[245.358s][info][gc,cpu         ] GC(613) User=0.00s Sys=0.00s Real=0.01s
[245.825s][info][gc,start       ] GC(614) Pause Young (Normal) (G1 Evacuation Pause)
[245.825s][info][gc,task        ] GC(614) Using 33 workers of 33 for evacuation
[245.830s][info][gc,phases      ] GC(614)   Pre Evacuate Collection Set: 0.2ms
[245.830s][info][gc,phases      ] GC(614)   Merge Heap Roots: 0.2ms
[245.830s][info][gc,phases      ] GC(614)   Evacuate Collection Set: 0.4ms
[245.830s][info][gc,phases      ] GC(614)   Post Evacuate Collection Set: 3.8ms
[245.830s][info][gc,phases      ] GC(614)   Other: 0.1ms
[245.830s][info][gc,heap        ] GC(614) Eden regions: 641->0(641)
[245.830s][info][gc,heap        ] GC(614) Survivor regions: 2->2(81)
[245.830s][info][gc,heap        ] GC(614) Old regions: 31->31
[245.830s][info][gc,heap        ] GC(614) Archive regions: 0->0
[245.830s][info][gc,heap        ] GC(614) Humongous regions: 0->0
[245.830s][info][gc,metaspace   ] GC(614) Metaspace: 14308K(15104K)->14308K(15104K) NonClass: 12368K(12928K)->12368K(12928K) Class: 1939K(2176K)->1939K(2176K)
[245.830s][info][gc             ] GC(614) Pause Young (Normal) (G1 Evacuation Pause) 648M->8M(1073M) 4.923ms
[245.830s][info][gc,cpu         ] GC(614) User=0.00s Sys=0.00s Real=0.00s
[246.303s][info][gc,start       ] GC(615) Pause Young (Normal) (G1 Evacuation Pause)
[246.303s][info][gc,task        ] GC(615) Using 33 workers of 33 for evacuation
[246.307s][info][gc,phases      ] GC(615)   Pre Evacuate Collection Set: 0.2ms
[246.307s][info][gc,phases      ] GC(615)   Merge Heap Roots: 0.2ms
[246.307s][info][gc,phases      ] GC(615)   Evacuate Collection Set: 0.4ms
[246.307s][info][gc,phases      ] GC(615)   Post Evacuate Collection Set: 3.7ms
[246.307s][info][gc,phases      ] GC(615)   Other: 0.1ms
[246.307s][info][gc,heap        ] GC(615) Eden regions: 641->0(641)
[246.307s][info][gc,heap        ] GC(615) Survivor regions: 2->2(81)
[246.307s][info][gc,heap        ] GC(615) Old regions: 31->31
[246.307s][info][gc,heap        ] GC(615) Archive regions: 0->0
[246.307s][info][gc,heap        ] GC(615) Humongous regions: 0->0
[246.307s][info][gc,metaspace   ] GC(615) Metaspace: 14308K(15104K)->14308K(15104K) NonClass: 12368K(12928K)->12368K(12928K) Class: 1939K(2176K)->1939K(2176K)
[246.308s][info][gc             ] GC(615) Pause Young (Normal) (G1 Evacuation Pause) 649M->8M(1073M) 4.755ms
[246.308s][info][gc,cpu         ] GC(615) User=0.52s Sys=0.00s Real=0.00s
[246.766s][info][gc,start       ] GC(616) Pause Young (Normal) (G1 Evacuation Pause)
[246.766s][info][gc,task        ] GC(616) Using 33 workers of 33 for evacuation
[246.770s][info][gc,phases      ] GC(616)   Pre Evacuate Collection Set: 0.2ms
[246.771s][info][gc,phases      ] GC(616)   Merge Heap Roots: 0.2ms
[246.771s][info][gc,phases      ] GC(616)   Evacuate Collection Set: 0.4ms
[246.771s][info][gc,phases      ] GC(616)   Post Evacuate Collection Set: 3.8ms
[246.771s][info][gc,phases      ] GC(616)   Other: 0.1ms
[246.771s][info][gc,heap        ] GC(616) Eden regions: 641->0(641)
[246.771s][info][gc,heap        ] GC(616) Survivor regions: 2->2(81)
[246.771s][info][gc,heap        ] GC(616) Old regions: 31->31
[246.771s][info][gc,heap        ] GC(616) Archive regions: 0->0
[246.771s][info][gc,heap        ] GC(616) Humongous regions: 0->0
[246.771s][info][gc,metaspace   ] GC(616) Metaspace: 14308K(15104K)->14308K(15104K) NonClass: 12368K(12928K)->12368K(12928K) Class: 1939K(2176K)->1939K(2176K)
[246.771s][info][gc             ] GC(616) Pause Young (Normal) (G1 Evacuation Pause) 649M->8M(1073M) 4.917ms
[246.771s][info][gc,cpu         ] GC(616) User=0.00s Sys=0.00s Real=0.00s
[247.230s][info][gc,start       ] GC(617) Pause Young (Normal) (G1 Evacuation Pause)
[247.230s][info][gc,task        ] GC(617) Using 33 workers of 33 for evacuation
[247.234s][info][gc,phases      ] GC(617)   Pre Evacuate Collection Set: 0.2ms
[247.235s][info][gc,phases      ] GC(617)   Merge Heap Roots: 0.2ms
[247.235s][info][gc,phases      ] GC(617)   Evacuate Collection Set: 0.4ms
[247.235s][info][gc,phases      ] GC(617)   Post Evacuate Collection Set: 3.9ms
[247.235s][info][gc,phases      ] GC(617)   Other: 0.1ms
[247.235s][info][gc,heap        ] GC(617) Eden regions: 641->0(641)
[247.235s][info][gc,heap        ] GC(617) Survivor regions: 2->2(81)
[247.235s][info][gc,heap        ] GC(617) Old regions: 31->31
[247.235s][info][gc,heap        ] GC(617) Archive regions: 0->0
[247.235s][info][gc,heap        ] GC(617) Humongous regions: 0->0
[247.235s][info][gc,metaspace   ] GC(617) Metaspace: 14308K(15104K)->14308K(15104K) NonClass: 12368K(12928K)->12368K(12928K) Class: 1939K(2176K)->1939K(2176K)
[247.235s][info][gc             ] GC(617) Pause Young (Normal) (G1 Evacuation Pause) 649M->8M(1073M) 5.050ms
[247.235s][info][gc,cpu         ] GC(617) User=0.00s Sys=0.00s Real=0.00s
[247.691s][info][gc,start       ] GC(618) Pause Young (Normal) (G1 Evacuation Pause)
[247.691s][info][gc,task        ] GC(618) Using 33 workers of 33 for evacuation
[247.696s][info][gc,phases      ] GC(618)   Pre Evacuate Collection Set: 0.2ms
[247.696s][info][gc,phases      ] GC(618)   Merge Heap Roots: 0.2ms
[247.696s][info][gc,phases      ] GC(618)   Evacuate Collection Set: 0.3ms
[247.696s][info][gc,phases      ] GC(618)   Post Evacuate Collection Set: 3.9ms
[247.696s][info][gc,phases      ] GC(618)   Other: 0.1ms
[247.696s][info][gc,heap        ] GC(618) Eden regions: 641->0(641)
[247.696s][info][gc,heap        ] GC(618) Survivor regions: 2->2(81)
[247.696s][info][gc,heap        ] GC(618) Old regions: 31->31
[247.696s][info][gc,heap        ] GC(618) Archive regions: 0->0
[247.696s][info][gc,heap        ] GC(618) Humongous regions: 0->0
[247.696s][info][gc,metaspace   ] GC(618) Metaspace: 14308K(15104K)->14308K(15104K) NonClass: 12368K(12928K)->12368K(12928K) Class: 1939K(2176K)->1939K(2176K)
[247.696s][info][gc             ] GC(618) Pause Young (Normal) (G1 Evacuation Pause) 649M->8M(1073M) 4.998ms
[247.696s][info][gc,cpu         ] GC(618) User=0.52s Sys=0.00s Real=0.00s
[248.160s][info][gc,start       ] GC(619) Pause Young (Normal) (G1 Evacuation Pause)
[248.160s][info][gc,task        ] GC(619) Using 33 workers of 33 for evacuation
[248.165s][info][gc,phases      ] GC(619)   Pre Evacuate Collection Set: 0.2ms
[248.165s][info][gc,phases      ] GC(619)   Merge Heap Roots: 0.2ms
[248.165s][info][gc,phases      ] GC(619)   Evacuate Collection Set: 0.3ms
[248.165s][info][gc,phases      ] GC(619)   Post Evacuate Collection Set: 4.0ms
[248.165s][info][gc,phases      ] GC(619)   Other: 0.1ms
[248.165s][info][gc,heap        ] GC(619) Eden regions: 641->0(641)
[248.165s][info][gc,heap        ] GC(619) Survivor regions: 2->2(81)
[248.165s][info][gc,heap        ] GC(619) Old regions: 31->32
[248.165s][info][gc,heap        ] GC(619) Archive regions: 0->0
[248.165s][info][gc,heap        ] GC(619) Humongous regions: 0->0
[248.165s][info][gc,metaspace   ] GC(619) Metaspace: 14308K(15104K)->14308K(15104K) NonClass: 12368K(12928K)->12368K(12928K) Class: 1939K(2176K)->1939K(2176K)
[248.165s][info][gc             ] GC(619) Pause Young (Normal) (G1 Evacuation Pause) 649M->8M(1073M) 5.072ms
[248.165s][info][gc,cpu         ] GC(619) User=0.52s Sys=0.00s Real=0.01s
[248.577s][info][gc,start       ] GC(620) Pause Young (Normal) (G1 Evacuation Pause)
[248.577s][info][gc,task        ] GC(620) Using 33 workers of 33 for evacuation
[248.582s][info][gc,phases      ] GC(620)   Pre Evacuate Collection Set: 0.2ms
[248.582s][info][gc,phases      ] GC(620)   Merge Heap Roots: 0.3ms
[248.582s][info][gc,phases      ] GC(620)   Evacuate Collection Set: 0.4ms
[248.582s][info][gc,phases      ] GC(620)   Post Evacuate Collection Set: 3.8ms
[248.582s][info][gc,phases      ] GC(620)   Other: 0.1ms
[248.582s][info][gc,heap        ] GC(620) Eden regions: 641->0(641)
[248.582s][info][gc,heap        ] GC(620) Survivor regions: 2->2(81)
[248.582s][info][gc,heap        ] GC(620) Old regions: 32->32
[248.582s][info][gc,heap        ] GC(620) Archive regions: 0->0
[248.582s][info][gc,heap        ] GC(620) Humongous regions: 0->0
[248.582s][info][gc,metaspace   ] GC(620) Metaspace: 14308K(15104K)->14308K(15104K) NonClass: 12368K(12928K)->12368K(12928K) Class: 1939K(2176K)->1939K(2176K)
[248.582s][info][gc             ] GC(620) Pause Young (Normal) (G1 Evacuation Pause) 649M->8M(1073M) 5.016ms
[248.582s][info][gc,cpu         ] GC(620) User=0.00s Sys=0.00s Real=0.00s
[248.879s][info][gc,start       ] GC(621) Pause Full (System.gc())
[248.879s][info][gc,task        ] GC(621) Using 29 workers of 33 for full compaction
[248.880s][info][gc,phases,start] GC(621) Phase 1: Mark live objects
[248.888s][info][gc,phases      ] GC(621) Phase 1: Mark live objects 7.776ms
[248.888s][info][gc,phases,start] GC(621) Phase 2: Prepare compaction
[248.889s][info][gc,phases      ] GC(621) Phase 2: Prepare compaction 1.370ms
[248.890s][info][gc,phases,start] GC(621) Phase 3: Adjust pointers
[248.896s][info][gc,phases      ] GC(621) Phase 3: Adjust pointers 6.459ms
[248.896s][info][gc,phases,start] GC(621) Phase 4: Compact heap
[248.897s][info][gc,phases      ] GC(621) Phase 4: Compact heap 0.527ms
[248.904s][info][gc,heap        ] GC(621) Eden regions: 428->0(58)
[248.904s][info][gc,heap        ] GC(621) Survivor regions: 2->0(81)
[248.904s][info][gc,heap        ] GC(621) Old regions: 32->29
[248.904s][info][gc,heap        ] GC(621) Archive regions: 0->0
[248.904s][info][gc,heap        ] GC(621) Humongous regions: 0->0
[248.904s][info][gc,metaspace   ] GC(621) Metaspace: 14308K(15104K)->14308K(15104K) NonClass: 12368K(12928K)->12368K(12928K) Class: 1939K(2176K)->1939K(2176K)
[248.904s][info][gc             ] GC(621) Pause Full (System.gc()) 435M->5M(97M) 24.624ms
[248.904s][info][gc,cpu         ] GC(621) User=0.02s Sys=0.00s Real=0.02s
[248.949s][info][gc,start       ] GC(622) Pause Young (Normal) (G1 Evacuation Pause)
[248.949s][info][gc,task        ] GC(622) Using 33 workers of 33 for evacuation
[248.952s][info][gc,phases      ] GC(622)   Pre Evacuate Collection Set: 0.1ms
[248.952s][info][gc,phases      ] GC(622)   Merge Heap Roots: 0.1ms
[248.952s][info][gc,phases      ] GC(622)   Evacuate Collection Set: 0.5ms
[248.952s][info][gc,phases      ] GC(622)   Post Evacuate Collection Set: 2.8ms
[248.952s][info][gc,phases      ] GC(622)   Other: 0.1ms
[248.952s][info][gc,heap        ] GC(622) Eden regions: 58->0(56)
[248.952s][info][gc,heap        ] GC(622) Survivor regions: 0->2(8)
[248.952s][info][gc,heap        ] GC(622) Old regions: 29->29
[248.952s][info][gc,heap        ] GC(622) Archive regions: 0->0
[248.952s][info][gc,heap        ] GC(622) Humongous regions: 0->0
[248.952s][info][gc,metaspace   ] GC(622) Metaspace: 14308K(15104K)->14308K(15104K) NonClass: 12368K(12928K)->12368K(12928K) Class: 1939K(2176K)->1939K(2176K)
[248.952s][info][gc             ] GC(622) Pause Young (Normal) (G1 Evacuation Pause) 63M->6M(97M) 3.737ms
[248.952s][info][gc,cpu         ] GC(622) User=0.00s Sys=0.00s Real=0.00s
[248.990s][info][gc,start       ] GC(623) Pause Young (Normal) (G1 Evacuation Pause)
[248.990s][info][gc,task        ] GC(623) Using 33 workers of 33 for evacuation
[248.993s][info][gc,phases      ] GC(623)   Pre Evacuate Collection Set: 0.1ms
[248.993s][info][gc,phases      ] GC(623)   Merge Heap Roots: 0.1ms
[248.993s][info][gc,phases      ] GC(623)   Evacuate Collection Set: 0.5ms
[248.993s][info][gc,phases      ] GC(623)   Post Evacuate Collection Set: 2.7ms
[248.993s][info][gc,phases      ] GC(623)   Other: 0.1ms
[248.993s][info][gc,heap        ] GC(623) Eden regions: 56->0(56)
[248.993s][info][gc,heap        ] GC(623) Survivor regions: 2->2(8)
[248.993s][info][gc,heap        ] GC(623) Old regions: 29->29
[248.993s][info][gc,heap        ] GC(623) Archive regions: 0->0
[248.993s][info][gc,heap        ] GC(623) Humongous regions: 0->0
[248.993s][info][gc,metaspace   ] GC(623) Metaspace: 14308K(15104K)->14308K(15104K) NonClass: 12368K(12928K)->12368K(12928K) Class: 1939K(2176K)->1939K(2176K)
[248.993s][info][gc             ] GC(623) Pause Young (Normal) (G1 Evacuation Pause) 62M->6M(97M) 3.629ms
[248.993s][info][gc,cpu         ] GC(623) User=0.52s Sys=0.00s Real=0.00s
[249.033s][info][gc,start       ] GC(624) Pause Young (Normal) (G1 Evacuation Pause)
[249.033s][info][gc,task        ] GC(624) Using 33 workers of 33 for evacuation
[249.037s][info][gc,phases      ] GC(624)   Pre Evacuate Collection Set: 0.1ms
[249.037s][info][gc,phases      ] GC(624)   Merge Heap Roots: 0.1ms
[249.037s][info][gc,phases      ] GC(624)   Evacuate Collection Set: 0.5ms
[249.037s][info][gc,phases      ] GC(624)   Post Evacuate Collection Set: 2.8ms
[249.037s][info][gc,phases      ] GC(624)   Other: 0.1ms
[249.037s][info][gc,heap        ] GC(624) Eden regions: 56->0(56)
[249.037s][info][gc,heap        ] GC(624) Survivor regions: 2->2(8)
[249.037s][info][gc,heap        ] GC(624) Old regions: 29->29
[249.037s][info][gc,heap        ] GC(624) Archive regions: 0->0
[249.037s][info][gc,heap        ] GC(624) Humongous regions: 0->0
[249.037s][info][gc,metaspace   ] GC(624) Metaspace: 14308K(15104K)->14308K(15104K) NonClass: 12368K(12928K)->12368K(12928K) Class: 1939K(2176K)->1939K(2176K)
[249.037s][info][gc             ] GC(624) Pause Young (Normal) (G1 Evacuation Pause) 62M->6M(97M) 3.688ms
[249.037s][info][gc,cpu         ] GC(624) User=0.00s Sys=0.00s Real=0.00s
[249.076s][info][gc,start       ] GC(625) Pause Young (Normal) (G1 Evacuation Pause)
[249.076s][info][gc,task        ] GC(625) Using 33 workers of 33 for evacuation
[249.084s][info][gc,phases      ] GC(625)   Pre Evacuate Collection Set: 0.1ms
[249.085s][info][gc,phases      ] GC(625)   Merge Heap Roots: 0.1ms
[249.085s][info][gc,phases      ] GC(625)   Evacuate Collection Set: 0.5ms
[249.085s][info][gc,phases      ] GC(625)   Post Evacuate Collection Set: 7.5ms
[249.085s][info][gc,phases      ] GC(625)   Other: 0.1ms
[249.085s][info][gc,heap        ] GC(625) Eden regions: 56->0(641)
[249.085s][info][gc,heap        ] GC(625) Survivor regions: 2->2(8)
[249.085s][info][gc,heap        ] GC(625) Old regions: 29->29
[249.085s][info][gc,heap        ] GC(625) Archive regions: 0->0
[249.085s][info][gc,heap        ] GC(625) Humongous regions: 0->0
[249.085s][info][gc,metaspace   ] GC(625) Metaspace: 14308K(15104K)->14308K(15104K) NonClass: 12368K(12928K)->12368K(12928K) Class: 1939K(2176K)->1939K(2176K)
[249.085s][info][gc             ] GC(625) Pause Young (Normal) (G1 Evacuation Pause) 62M->6M(1073M) 8.492ms
[249.085s][info][gc,cpu         ] GC(625) User=0.00s Sys=0.00s Real=0.01s
[249.526s][info][gc,start       ] GC(626) Pause Young (Normal) (G1 Evacuation Pause)
[249.526s][info][gc,task        ] GC(626) Using 33 workers of 33 for evacuation
[249.532s][info][gc,phases      ] GC(626)   Pre Evacuate Collection Set: 0.2ms
[249.532s][info][gc,phases      ] GC(626)   Merge Heap Roots: 0.2ms
[249.532s][info][gc,phases      ] GC(626)   Evacuate Collection Set: 1.7ms
[249.532s][info][gc,phases      ] GC(626)   Post Evacuate Collection Set: 3.7ms
[249.532s][info][gc,phases      ] GC(626)   Other: 0.1ms
[249.532s][info][gc,heap        ] GC(626) Eden regions: 641->0(641)
[249.532s][info][gc,heap        ] GC(626) Survivor regions: 2->2(81)
[249.532s][info][gc,heap        ] GC(626) Old regions: 29->29
[249.532s][info][gc,heap        ] GC(626) Archive regions: 0->0
[249.532s][info][gc,heap        ] GC(626) Humongous regions: 0->0
[249.532s][info][gc,metaspace   ] GC(626) Metaspace: 14308K(15104K)->14308K(15104K) NonClass: 12368K(12928K)->12368K(12928K) Class: 1939K(2176K)->1939K(2176K)
[249.532s][info][gc             ] GC(626) Pause Young (Normal) (G1 Evacuation Pause) 647M->6M(1073M) 6.178ms
[249.532s][info][gc,cpu         ] GC(626) User=0.00s Sys=0.00s Real=0.01s
[249.979s][info][gc,start       ] GC(627) Pause Young (Normal) (G1 Evacuation Pause)
[249.979s][info][gc,task        ] GC(627) Using 33 workers of 33 for evacuation
[249.985s][info][gc,phases      ] GC(627)   Pre Evacuate Collection Set: 0.2ms
[249.985s][info][gc,phases      ] GC(627)   Merge Heap Roots: 0.2ms
[249.985s][info][gc,phases      ] GC(627)   Evacuate Collection Set: 1.8ms
[249.985s][info][gc,phases      ] GC(627)   Post Evacuate Collection Set: 3.9ms
[249.985s][info][gc,phases      ] GC(627)   Other: 0.1ms
[249.985s][info][gc,heap        ] GC(627) Eden regions: 641->0(641)
[249.985s][info][gc,heap        ] GC(627) Survivor regions: 2->2(81)
[249.985s][info][gc,heap        ] GC(627) Old regions: 29->29
[249.985s][info][gc,heap        ] GC(627) Archive regions: 0->0
[249.985s][info][gc,heap        ] GC(627) Humongous regions: 0->0
[249.985s][info][gc,metaspace   ] GC(627) Metaspace: 14308K(15104K)->14308K(15104K) NonClass: 12368K(12928K)->12368K(12928K) Class: 1939K(2176K)->1939K(2176K)
[249.985s][info][gc             ] GC(627) Pause Young (Normal) (G1 Evacuation Pause) 647M->6M(1073M) 6.340ms
[249.985s][info][gc,cpu         ] GC(627) User=0.00s Sys=0.00s Real=0.01s
[250.441s][info][gc,start       ] GC(628) Pause Young (Normal) (G1 Evacuation Pause)
[250.441s][info][gc,task        ] GC(628) Using 33 workers of 33 for evacuation
[250.446s][info][gc,phases      ] GC(628)   Pre Evacuate Collection Set: 0.2ms
[250.446s][info][gc,phases      ] GC(628)   Merge Heap Roots: 0.2ms
[250.446s][info][gc,phases      ] GC(628)   Evacuate Collection Set: 0.5ms
[250.446s][info][gc,phases      ] GC(628)   Post Evacuate Collection Set: 4.0ms
[250.446s][info][gc,phases      ] GC(628)   Other: 0.1ms
[250.446s][info][gc,heap        ] GC(628) Eden regions: 641->0(641)
[250.446s][info][gc,heap        ] GC(628) Survivor regions: 2->2(81)
[250.446s][info][gc,heap        ] GC(628) Old regions: 29->29
[250.446s][info][gc,heap        ] GC(628) Archive regions: 0->0
[250.446s][info][gc,heap        ] GC(628) Humongous regions: 0->0
[250.446s][info][gc,metaspace   ] GC(628) Metaspace: 14308K(15104K)->14308K(15104K) NonClass: 12368K(12928K)->12368K(12928K) Class: 1939K(2176K)->1939K(2176K)
[250.446s][info][gc             ] GC(628) Pause Young (Normal) (G1 Evacuation Pause) 647M->6M(1073M) 5.186ms
[250.446s][info][gc,cpu         ] GC(628) User=0.52s Sys=0.00s Real=0.00s
[250.929s][info][gc,start       ] GC(629) Pause Young (Normal) (G1 Evacuation Pause)
[250.929s][info][gc,task        ] GC(629) Using 33 workers of 33 for evacuation
[250.936s][info][gc,phases      ] GC(629)   Pre Evacuate Collection Set: 0.2ms
[250.936s][info][gc,phases      ] GC(629)   Merge Heap Roots: 0.3ms
[250.936s][info][gc,phases      ] GC(629)   Evacuate Collection Set: 1.0ms
[250.936s][info][gc,phases      ] GC(629)   Post Evacuate Collection Set: 5.0ms
[250.936s][info][gc,phases      ] GC(629)   Other: 0.2ms
[250.936s][info][gc,heap        ] GC(629) Eden regions: 641->0(641)
[250.936s][info][gc,heap        ] GC(629) Survivor regions: 2->2(81)
[250.936s][info][gc,heap        ] GC(629) Old regions: 29->29
[250.936s][info][gc,heap        ] GC(629) Archive regions: 0->0
[250.936s][info][gc,heap        ] GC(629) Humongous regions: 0->0
[250.936s][info][gc,metaspace   ] GC(629) Metaspace: 14308K(15104K)->14308K(15104K) NonClass: 12368K(12928K)->12368K(12928K) Class: 1939K(2176K)->1939K(2176K)
[250.936s][info][gc             ] GC(629) Pause Young (Normal) (G1 Evacuation Pause) 647M->7M(1073M) 7.243ms
[250.936s][info][gc,cpu         ] GC(629) User=0.00s Sys=0.00s Real=0.01s
[251.400s][info][gc,start       ] GC(630) Pause Young (Normal) (G1 Evacuation Pause)
[251.400s][info][gc,task        ] GC(630) Using 33 workers of 33 for evacuation
[251.405s][info][gc,phases      ] GC(630)   Pre Evacuate Collection Set: 0.2ms
[251.405s][info][gc,phases      ] GC(630)   Merge Heap Roots: 0.2ms
[251.405s][info][gc,phases      ] GC(630)   Evacuate Collection Set: 0.5ms
[251.405s][info][gc,phases      ] GC(630)   Post Evacuate Collection Set: 3.6ms
[251.405s][info][gc,phases      ] GC(630)   Other: 0.1ms
[251.405s][info][gc,heap        ] GC(630) Eden regions: 641->0(641)
[251.405s][info][gc,heap        ] GC(630) Survivor regions: 2->2(81)
[251.405s][info][gc,heap        ] GC(630) Old regions: 29->29
[251.405s][info][gc,heap        ] GC(630) Archive regions: 0->0
[251.405s][info][gc,heap        ] GC(630) Humongous regions: 0->0
[251.405s][info][gc,metaspace   ] GC(630) Metaspace: 14308K(15104K)->14308K(15104K) NonClass: 12368K(12928K)->12368K(12928K) Class: 1939K(2176K)->1939K(2176K)
[251.405s][info][gc             ] GC(630) Pause Young (Normal) (G1 Evacuation Pause) 648M->7M(1073M) 4.831ms
[251.405s][info][gc,cpu         ] GC(630) User=0.00s Sys=0.00s Real=0.00s
[251.863s][info][gc,start       ] GC(631) Pause Young (Normal) (G1 Evacuation Pause)
[251.863s][info][gc,task        ] GC(631) Using 33 workers of 33 for evacuation
[251.868s][info][gc,phases      ] GC(631)   Pre Evacuate Collection Set: 0.2ms
[251.868s][info][gc,phases      ] GC(631)   Merge Heap Roots: 0.2ms
[251.868s][info][gc,phases      ] GC(631)   Evacuate Collection Set: 0.6ms
[251.868s][info][gc,phases      ] GC(631)   Post Evacuate Collection Set: 3.6ms
[251.868s][info][gc,phases      ] GC(631)   Other: 0.1ms
[251.868s][info][gc,heap        ] GC(631) Eden regions: 641->0(641)
[251.868s][info][gc,heap        ] GC(631) Survivor regions: 2->2(81)
[251.868s][info][gc,heap        ] GC(631) Old regions: 29->29
[251.868s][info][gc,heap        ] GC(631) Archive regions: 0->0
[251.868s][info][gc,heap        ] GC(631) Humongous regions: 0->0
[251.868s][info][gc,metaspace   ] GC(631) Metaspace: 14308K(15104K)->14308K(15104K) NonClass: 12368K(12928K)->12368K(12928K) Class: 1939K(2176K)->1939K(2176K)
[251.868s][info][gc             ] GC(631) Pause Young (Normal) (G1 Evacuation Pause) 648M->7M(1073M) 4.858ms
[251.868s][info][gc,cpu         ] GC(631) User=0.52s Sys=0.00s Real=0.00s
[252.311s][info][gc,start       ] GC(632) Pause Young (Normal) (G1 Evacuation Pause)
[252.311s][info][gc,task        ] GC(632) Using 33 workers of 33 for evacuation
[252.316s][info][gc,phases      ] GC(632)   Pre Evacuate Collection Set: 0.2ms
[252.316s][info][gc,phases      ] GC(632)   Merge Heap Roots: 0.2ms
[252.316s][info][gc,phases      ] GC(632)   Evacuate Collection Set: 0.5ms
[252.316s][info][gc,phases      ] GC(632)   Post Evacuate Collection Set: 3.6ms
[252.316s][info][gc,phases      ] GC(632)   Other: 0.1ms
[252.316s][info][gc,heap        ] GC(632) Eden regions: 641->0(641)
[252.316s][info][gc,heap        ] GC(632) Survivor regions: 2->2(81)
[252.316s][info][gc,heap        ] GC(632) Old regions: 29->29
[252.316s][info][gc,heap        ] GC(632) Archive regions: 0->0
[252.316s][info][gc,heap        ] GC(632) Humongous regions: 0->0
[252.316s][info][gc,metaspace   ] GC(632) Metaspace: 14308K(15104K)->14308K(15104K) NonClass: 12368K(12928K)->12368K(12928K) Class: 1939K(2176K)->1939K(2176K)
[252.316s][info][gc             ] GC(632) Pause Young (Normal) (G1 Evacuation Pause) 648M->7M(1073M) 4.857ms
[252.316s][info][gc,cpu         ] GC(632) User=0.00s Sys=0.00s Real=0.00s
[252.765s][info][gc,start       ] GC(633) Pause Young (Normal) (G1 Evacuation Pause)
[252.765s][info][gc,task        ] GC(633) Using 33 workers of 33 for evacuation
[252.770s][info][gc,phases      ] GC(633)   Pre Evacuate Collection Set: 0.2ms
[252.770s][info][gc,phases      ] GC(633)   Merge Heap Roots: 0.2ms
[252.770s][info][gc,phases      ] GC(633)   Evacuate Collection Set: 0.5ms
[252.770s][info][gc,phases      ] GC(633)   Post Evacuate Collection Set: 3.8ms
[252.770s][info][gc,phases      ] GC(633)   Other: 0.1ms
[252.770s][info][gc,heap        ] GC(633) Eden regions: 641->0(640)
[252.770s][info][gc,heap        ] GC(633) Survivor regions: 2->3(81)
[252.770s][info][gc,heap        ] GC(633) Old regions: 29->29
[252.770s][info][gc,heap        ] GC(633) Archive regions: 0->0
[252.770s][info][gc,heap        ] GC(633) Humongous regions: 0->0
[252.770s][info][gc,metaspace   ] GC(633) Metaspace: 14308K(15104K)->14308K(15104K) NonClass: 12368K(12928K)->12368K(12928K) Class: 1939K(2176K)->1939K(2176K)
[252.770s][info][gc             ] GC(633) Pause Young (Normal) (G1 Evacuation Pause) 648M->7M(1073M) 5.050ms
[252.770s][info][gc,cpu         ] GC(633) User=0.00s Sys=0.00s Real=0.01s
[253.221s][info][gc,start       ] GC(634) Pause Young (Normal) (G1 Evacuation Pause)
[253.221s][info][gc,task        ] GC(634) Using 33 workers of 33 for evacuation
[253.226s][info][gc,phases      ] GC(634)   Pre Evacuate Collection Set: 0.2ms
[253.226s][info][gc,phases      ] GC(634)   Merge Heap Roots: 0.2ms
[253.226s][info][gc,phases      ] GC(634)   Evacuate Collection Set: 0.8ms
[253.226s][info][gc,phases      ] GC(634)   Post Evacuate Collection Set: 3.8ms
[253.226s][info][gc,phases      ] GC(634)   Other: 0.1ms
[253.226s][info][gc,heap        ] GC(634) Eden regions: 640->0(640)
[253.226s][info][gc,heap        ] GC(634) Survivor regions: 3->3(81)
[253.226s][info][gc,heap        ] GC(634) Old regions: 29->29
[253.226s][info][gc,heap        ] GC(634) Archive regions: 0->0
[253.226s][info][gc,heap        ] GC(634) Humongous regions: 0->0
[253.226s][info][gc,metaspace   ] GC(634) Metaspace: 14308K(15104K)->14308K(15104K) NonClass: 12368K(12928K)->12368K(12928K) Class: 1939K(2176K)->1939K(2176K)
[253.226s][info][gc             ] GC(634) Pause Young (Normal) (G1 Evacuation Pause) 647M->7M(1073M) 5.322ms
[253.226s][info][gc,cpu         ] GC(634) User=0.00s Sys=0.00s Real=0.00s
[253.760s][info][gc,start       ] GC(635) Pause Young (Normal) (G1 Evacuation Pause)
[253.760s][info][gc,task        ] GC(635) Using 33 workers of 33 for evacuation
[253.767s][info][gc,phases      ] GC(635)   Pre Evacuate Collection Set: 0.2ms
[253.767s][info][gc,phases      ] GC(635)   Merge Heap Roots: 0.3ms
[253.767s][info][gc,phases      ] GC(635)   Evacuate Collection Set: 1.1ms
[253.767s][info][gc,phases      ] GC(635)   Post Evacuate Collection Set: 5.0ms
[253.767s][info][gc,phases      ] GC(635)   Other: 0.2ms
[253.767s][info][gc,heap        ] GC(635) Eden regions: 640->0(640)
[253.767s][info][gc,heap        ] GC(635) Survivor regions: 3->3(81)
[253.767s][info][gc,heap        ] GC(635) Old regions: 29->29
[253.767s][info][gc,heap        ] GC(635) Archive regions: 0->0
[253.767s][info][gc,heap        ] GC(635) Humongous regions: 0->0
[253.767s][info][gc,metaspace   ] GC(635) Metaspace: 14308K(15104K)->14308K(15104K) NonClass: 12368K(12928K)->12368K(12928K) Class: 1939K(2176K)->1939K(2176K)
[253.767s][info][gc             ] GC(635) Pause Young (Normal) (G1 Evacuation Pause) 647M->7M(1073M) 7.403ms
[253.767s][info][gc,cpu         ] GC(635) User=0.00s Sys=0.00s Real=0.01s
[254.236s][info][gc,start       ] GC(636) Pause Young (Normal) (G1 Evacuation Pause)
[254.236s][info][gc,task        ] GC(636) Using 33 workers of 33 for evacuation
[254.241s][info][gc,phases      ] GC(636)   Pre Evacuate Collection Set: 0.2ms
[254.241s][info][gc,phases      ] GC(636)   Merge Heap Roots: 0.2ms
[254.241s][info][gc,phases      ] GC(636)   Evacuate Collection Set: 0.6ms
[254.241s][info][gc,phases      ] GC(636)   Post Evacuate Collection Set: 3.6ms
[254.241s][info][gc,phases      ] GC(636)   Other: 0.1ms
[254.241s][info][gc,heap        ] GC(636) Eden regions: 640->0(640)
[254.241s][info][gc,heap        ] GC(636) Survivor regions: 3->3(81)
[254.241s][info][gc,heap        ] GC(636) Old regions: 29->29
[254.241s][info][gc,heap        ] GC(636) Archive regions: 0->0
[254.241s][info][gc,heap        ] GC(636) Humongous regions: 0->0
[254.241s][info][gc,metaspace   ] GC(636) Metaspace: 14308K(15104K)->14308K(15104K) NonClass: 12368K(12928K)->12368K(12928K) Class: 1939K(2176K)->1939K(2176K)
[254.241s][info][gc             ] GC(636) Pause Young (Normal) (G1 Evacuation Pause) 647M->7M(1073M) 4.864ms
[254.241s][info][gc,cpu         ] GC(636) User=0.00s Sys=0.02s Real=0.01s
[254.688s][info][gc,start       ] GC(637) Pause Young (Normal) (G1 Evacuation Pause)
[254.688s][info][gc,task        ] GC(637) Using 33 workers of 33 for evacuation
[254.693s][info][gc,phases      ] GC(637)   Pre Evacuate Collection Set: 0.2ms
[254.693s][info][gc,phases      ] GC(637)   Merge Heap Roots: 0.2ms
[254.693s][info][gc,phases      ] GC(637)   Evacuate Collection Set: 0.5ms
[254.693s][info][gc,phases      ] GC(637)   Post Evacuate Collection Set: 3.7ms
[254.693s][info][gc,phases      ] GC(637)   Other: 0.1ms
[254.693s][info][gc,heap        ] GC(637) Eden regions: 640->0(642)
[254.693s][info][gc,heap        ] GC(637) Survivor regions: 3->1(81)
[254.693s][info][gc,heap        ] GC(637) Old regions: 29->31
[254.693s][info][gc,heap        ] GC(637) Archive regions: 0->0
[254.693s][info][gc,heap        ] GC(637) Humongous regions: 0->0
[254.693s][info][gc,metaspace   ] GC(637) Metaspace: 14308K(15104K)->14308K(15104K) NonClass: 12368K(12928K)->12368K(12928K) Class: 1939K(2176K)->1939K(2176K)
[254.693s][info][gc             ] GC(637) Pause Young (Normal) (G1 Evacuation Pause) 647M->7M(1073M) 4.990ms
[254.693s][info][gc,cpu         ] GC(637) User=0.00s Sys=0.00s Real=0.01s
[255.153s][info][gc,start       ] GC(638) Pause Young (Normal) (G1 Evacuation Pause)
[255.153s][info][gc,task        ] GC(638) Using 33 workers of 33 for evacuation
[255.158s][info][gc,phases      ] GC(638)   Pre Evacuate Collection Set: 0.2ms
[255.158s][info][gc,phases      ] GC(638)   Merge Heap Roots: 0.2ms
[255.158s][info][gc,phases      ] GC(638)   Evacuate Collection Set: 0.4ms
[255.158s][info][gc,phases      ] GC(638)   Post Evacuate Collection Set: 3.6ms
[255.158s][info][gc,phases      ] GC(638)   Other: 0.1ms
[255.158s][info][gc,heap        ] GC(638) Eden regions: 642->0(642)
[255.158s][info][gc,heap        ] GC(638) Survivor regions: 1->1(81)
[255.158s][info][gc,heap        ] GC(638) Old regions: 31->31
[255.158s][info][gc,heap        ] GC(638) Archive regions: 0->0
[255.158s][info][gc,heap        ] GC(638) Humongous regions: 0->0
[255.158s][info][gc,metaspace   ] GC(638) Metaspace: 14308K(15104K)->14308K(15104K) NonClass: 12368K(12928K)->12368K(12928K) Class: 1939K(2176K)->1939K(2176K)
[255.158s][info][gc             ] GC(638) Pause Young (Normal) (G1 Evacuation Pause) 649M->7M(1073M) 4.740ms
[255.158s][info][gc,cpu         ] GC(638) User=0.00s Sys=0.00s Real=0.01s
[255.606s][info][gc,start       ] GC(639) Pause Young (Normal) (G1 Evacuation Pause)
[255.606s][info][gc,task        ] GC(639) Using 33 workers of 33 for evacuation
[255.611s][info][gc,phases      ] GC(639)   Pre Evacuate Collection Set: 0.2ms
[255.611s][info][gc,phases      ] GC(639)   Merge Heap Roots: 0.2ms
[255.611s][info][gc,phases      ] GC(639)   Evacuate Collection Set: 0.4ms
[255.611s][info][gc,phases      ] GC(639)   Post Evacuate Collection Set: 3.7ms
[255.611s][info][gc,phases      ] GC(639)   Other: 0.1ms
[255.611s][info][gc,heap        ] GC(639) Eden regions: 642->0(641)
[255.611s][info][gc,heap        ] GC(639) Survivor regions: 1->2(81)
[255.611s][info][gc,heap        ] GC(639) Old regions: 31->31
[255.611s][info][gc,heap        ] GC(639) Archive regions: 0->0
[255.611s][info][gc,heap        ] GC(639) Humongous regions: 0->0
[255.611s][info][gc,metaspace   ] GC(639) Metaspace: 14308K(15104K)->14308K(15104K) NonClass: 12368K(12928K)->12368K(12928K) Class: 1939K(2176K)->1939K(2176K)
[255.611s][info][gc             ] GC(639) Pause Young (Normal) (G1 Evacuation Pause) 649M->7M(1073M) 4.812ms
[255.611s][info][gc,cpu         ] GC(639) User=0.00s Sys=0.00s Real=0.00s
[256.061s][info][gc,start       ] GC(640) Pause Young (Normal) (G1 Evacuation Pause)
[256.061s][info][gc,task        ] GC(640) Using 33 workers of 33 for evacuation
[256.065s][info][gc,phases      ] GC(640)   Pre Evacuate Collection Set: 0.2ms
[256.065s][info][gc,phases      ] GC(640)   Merge Heap Roots: 0.2ms
[256.065s][info][gc,phases      ] GC(640)   Evacuate Collection Set: 0.4ms
[256.065s][info][gc,phases      ] GC(640)   Post Evacuate Collection Set: 3.8ms
[256.066s][info][gc,phases      ] GC(640)   Other: 0.1ms
[256.066s][info][gc,heap        ] GC(640) Eden regions: 641->0(641)
[256.066s][info][gc,heap        ] GC(640) Survivor regions: 2->2(81)
[256.066s][info][gc,heap        ] GC(640) Old regions: 31->31
[256.066s][info][gc,heap        ] GC(640) Archive regions: 0->0
[256.066s][info][gc,heap        ] GC(640) Humongous regions: 0->0
[256.066s][info][gc,metaspace   ] GC(640) Metaspace: 14308K(15104K)->14308K(15104K) NonClass: 12368K(12928K)->12368K(12928K) Class: 1939K(2176K)->1939K(2176K)
[256.066s][info][gc             ] GC(640) Pause Young (Normal) (G1 Evacuation Pause) 648M->7M(1073M) 4.929ms
[256.066s][info][gc,cpu         ] GC(640) User=0.00s Sys=0.00s Real=0.01s
[256.516s][info][gc,start       ] GC(641) Pause Young (Normal) (G1 Evacuation Pause)
[256.516s][info][gc,task        ] GC(641) Using 33 workers of 33 for evacuation
[256.520s][info][gc,phases      ] GC(641)   Pre Evacuate Collection Set: 0.2ms
[256.521s][info][gc,phases      ] GC(641)   Merge Heap Roots: 0.2ms
[256.521s][info][gc,phases      ] GC(641)   Evacuate Collection Set: 0.4ms
[256.521s][info][gc,phases      ] GC(641)   Post Evacuate Collection Set: 3.9ms
[256.521s][info][gc,phases      ] GC(641)   Other: 0.1ms
[256.521s][info][gc,heap        ] GC(641) Eden regions: 641->0(641)
[256.521s][info][gc,heap        ] GC(641) Survivor regions: 2->2(81)
[256.521s][info][gc,heap        ] GC(641) Old regions: 31->31
[256.521s][info][gc,heap        ] GC(641) Archive regions: 0->0
[256.521s][info][gc,heap        ] GC(641) Humongous regions: 0->0
[256.521s][info][gc,metaspace   ] GC(641) Metaspace: 14308K(15104K)->14308K(15104K) NonClass: 12368K(12928K)->12368K(12928K) Class: 1939K(2176K)->1939K(2176K)
[256.521s][info][gc             ] GC(641) Pause Young (Normal) (G1 Evacuation Pause) 648M->7M(1073M) 4.999ms
[256.521s][info][gc,cpu         ] GC(641) User=0.00s Sys=0.00s Real=0.01s
[256.970s][info][gc,start       ] GC(642) Pause Young (Normal) (G1 Evacuation Pause)
[256.970s][info][gc,task        ] GC(642) Using 33 workers of 33 for evacuation
[256.975s][info][gc,phases      ] GC(642)   Pre Evacuate Collection Set: 0.2ms
[256.975s][info][gc,phases      ] GC(642)   Merge Heap Roots: 0.2ms
[256.975s][info][gc,phases      ] GC(642)   Evacuate Collection Set: 0.4ms
[256.975s][info][gc,phases      ] GC(642)   Post Evacuate Collection Set: 4.0ms
[256.975s][info][gc,phases      ] GC(642)   Other: 0.1ms
[256.975s][info][gc,heap        ] GC(642) Eden regions: 641->0(641)
[256.975s][info][gc,heap        ] GC(642) Survivor regions: 2->2(81)
[256.975s][info][gc,heap        ] GC(642) Old regions: 31->31
[256.975s][info][gc,heap        ] GC(642) Archive regions: 0->0
[256.975s][info][gc,heap        ] GC(642) Humongous regions: 0->0
[256.975s][info][gc,metaspace   ] GC(642) Metaspace: 14308K(15104K)->14308K(15104K) NonClass: 12368K(12928K)->12368K(12928K) Class: 1939K(2176K)->1939K(2176K)
[256.976s][info][gc             ] GC(642) Pause Young (Normal) (G1 Evacuation Pause) 648M->8M(1073M) 5.165ms
[256.976s][info][gc,cpu         ] GC(642) User=0.00s Sys=0.00s Real=0.00s
[257.426s][info][gc,start       ] GC(643) Pause Young (Normal) (G1 Evacuation Pause)
[257.426s][info][gc,task        ] GC(643) Using 33 workers of 33 for evacuation
[257.431s][info][gc,phases      ] GC(643)   Pre Evacuate Collection Set: 0.2ms
[257.431s][info][gc,phases      ] GC(643)   Merge Heap Roots: 0.2ms
[257.431s][info][gc,phases      ] GC(643)   Evacuate Collection Set: 0.4ms
[257.431s][info][gc,phases      ] GC(643)   Post Evacuate Collection Set: 4.0ms
[257.431s][info][gc,phases      ] GC(643)   Other: 0.1ms
[257.431s][info][gc,heap        ] GC(643) Eden regions: 641->0(641)
[257.431s][info][gc,heap        ] GC(643) Survivor regions: 2->2(81)
[257.431s][info][gc,heap        ] GC(643) Old regions: 31->31
[257.431s][info][gc,heap        ] GC(643) Archive regions: 0->0
[257.431s][info][gc,heap        ] GC(643) Humongous regions: 0->0
[257.431s][info][gc,metaspace   ] GC(643) Metaspace: 14308K(15104K)->14308K(15104K) NonClass: 12368K(12928K)->12368K(12928K) Class: 1939K(2176K)->1939K(2176K)
[257.431s][info][gc             ] GC(643) Pause Young (Normal) (G1 Evacuation Pause) 649M->8M(1073M) 5.121ms
[257.431s][info][gc,cpu         ] GC(643) User=0.52s Sys=0.00s Real=0.00s
[257.886s][info][gc,start       ] GC(644) Pause Young (Normal) (G1 Evacuation Pause)
[257.886s][info][gc,task        ] GC(644) Using 33 workers of 33 for evacuation
[257.891s][info][gc,phases      ] GC(644)   Pre Evacuate Collection Set: 0.2ms
[257.891s][info][gc,phases      ] GC(644)   Merge Heap Roots: 0.2ms
[257.891s][info][gc,phases      ] GC(644)   Evacuate Collection Set: 0.4ms
[257.891s][info][gc,phases      ] GC(644)   Post Evacuate Collection Set: 3.9ms
[257.891s][info][gc,phases      ] GC(644)   Other: 0.2ms
[257.891s][info][gc,heap        ] GC(644) Eden regions: 641->0(641)
[257.891s][info][gc,heap        ] GC(644) Survivor regions: 2->2(81)
[257.891s][info][gc,heap        ] GC(644) Old regions: 31->31
[257.891s][info][gc,heap        ] GC(644) Archive regions: 0->0
[257.891s][info][gc,heap        ] GC(644) Humongous regions: 0->0
[257.891s][info][gc,metaspace   ] GC(644) Metaspace: 14308K(15104K)->14308K(15104K) NonClass: 12368K(12928K)->12368K(12928K) Class: 1939K(2176K)->1939K(2176K)
[257.891s][info][gc             ] GC(644) Pause Young (Normal) (G1 Evacuation Pause) 649M->8M(1073M) 5.164ms
[257.891s][info][gc,cpu         ] GC(644) User=0.00s Sys=0.00s Real=0.01s
[258.345s][info][gc,start       ] GC(645) Pause Young (Normal) (G1 Evacuation Pause)
[258.345s][info][gc,task        ] GC(645) Using 33 workers of 33 for evacuation
[258.350s][info][gc,phases      ] GC(645)   Pre Evacuate Collection Set: 0.2ms
[258.350s][info][gc,phases      ] GC(645)   Merge Heap Roots: 0.2ms
[258.350s][info][gc,phases      ] GC(645)   Evacuate Collection Set: 0.4ms
[258.350s][info][gc,phases      ] GC(645)   Post Evacuate Collection Set: 3.8ms
[258.350s][info][gc,phases      ] GC(645)   Other: 0.1ms
[258.350s][info][gc,heap        ] GC(645) Eden regions: 641->0(641)
[258.350s][info][gc,heap        ] GC(645) Survivor regions: 2->2(81)
[258.350s][info][gc,heap        ] GC(645) Old regions: 31->31
[258.350s][info][gc,heap        ] GC(645) Archive regions: 0->0
[258.350s][info][gc,heap        ] GC(645) Humongous regions: 0->0
[258.350s][info][gc,metaspace   ] GC(645) Metaspace: 14308K(15104K)->14308K(15104K) NonClass: 12368K(12928K)->12368K(12928K) Class: 1939K(2176K)->1939K(2176K)
[258.350s][info][gc             ] GC(645) Pause Young (Normal) (G1 Evacuation Pause) 649M->8M(1073M) 4.875ms
[258.350s][info][gc,cpu         ] GC(645) User=0.00s Sys=0.00s Real=0.00s
[258.814s][info][gc,start       ] GC(646) Pause Young (Normal) (G1 Evacuation Pause)
[258.814s][info][gc,task        ] GC(646) Using 33 workers of 33 for evacuation
[258.818s][info][gc,phases      ] GC(646)   Pre Evacuate Collection Set: 0.2ms
[258.818s][info][gc,phases      ] GC(646)   Merge Heap Roots: 0.2ms
[258.818s][info][gc,phases      ] GC(646)   Evacuate Collection Set: 0.4ms
[258.818s][info][gc,phases      ] GC(646)   Post Evacuate Collection Set: 3.7ms
[258.819s][info][gc,phases      ] GC(646)   Other: 0.1ms
[258.819s][info][gc,heap        ] GC(646) Eden regions: 641->0(641)
[258.819s][info][gc,heap        ] GC(646) Survivor regions: 2->2(81)
[258.819s][info][gc,heap        ] GC(646) Old regions: 31->32
[258.819s][info][gc,heap        ] GC(646) Archive regions: 0->0
[258.819s][info][gc,heap        ] GC(646) Humongous regions: 0->0
[258.819s][info][gc,metaspace   ] GC(646) Metaspace: 14308K(15104K)->14308K(15104K) NonClass: 12368K(12928K)->12368K(12928K) Class: 1939K(2176K)->1939K(2176K)
[258.819s][info][gc             ] GC(646) Pause Young (Normal) (G1 Evacuation Pause) 649M->8M(1073M) 4.802ms
[258.819s][info][gc,cpu         ] GC(646) User=0.00s Sys=0.00s Real=0.01s
[259.267s][info][gc,start       ] GC(647) Pause Young (Normal) (G1 Evacuation Pause)
[259.267s][info][gc,task        ] GC(647) Using 33 workers of 33 for evacuation
[259.272s][info][gc,phases      ] GC(647)   Pre Evacuate Collection Set: 0.2ms
[259.272s][info][gc,phases      ] GC(647)   Merge Heap Roots: 0.2ms
[259.272s][info][gc,phases      ] GC(647)   Evacuate Collection Set: 0.4ms
[259.272s][info][gc,phases      ] GC(647)   Post Evacuate Collection Set: 3.8ms
[259.272s][info][gc,phases      ] GC(647)   Other: 0.1ms
[259.272s][info][gc,heap        ] GC(647) Eden regions: 641->0(641)
[259.272s][info][gc,heap        ] GC(647) Survivor regions: 2->2(81)
[259.272s][info][gc,heap        ] GC(647) Old regions: 32->32
[259.272s][info][gc,heap        ] GC(647) Archive regions: 0->0
[259.272s][info][gc,heap        ] GC(647) Humongous regions: 0->0
[259.272s][info][gc,metaspace   ] GC(647) Metaspace: 14308K(15104K)->14308K(15104K) NonClass: 12368K(12928K)->12368K(12928K) Class: 1939K(2176K)->1939K(2176K)
[259.272s][info][gc             ] GC(647) Pause Young (Normal) (G1 Evacuation Pause) 649M->8M(1073M) 4.914ms
[259.272s][info][gc,cpu         ] GC(647) User=0.02s Sys=0.00s Real=0.00s
[259.696s][info][gc,start       ] GC(648) Pause Young (Normal) (G1 Evacuation Pause)
[259.696s][info][gc,task        ] GC(648) Using 33 workers of 33 for evacuation
[259.701s][info][gc,phases      ] GC(648)   Pre Evacuate Collection Set: 0.2ms
[259.701s][info][gc,phases      ] GC(648)   Merge Heap Roots: 0.2ms
[259.701s][info][gc,phases      ] GC(648)   Evacuate Collection Set: 0.4ms
[259.701s][info][gc,phases      ] GC(648)   Post Evacuate Collection Set: 4.1ms
[259.701s][info][gc,phases      ] GC(648)   Other: 0.1ms
[259.701s][info][gc,heap        ] GC(648) Eden regions: 641->0(641)
[259.701s][info][gc,heap        ] GC(648) Survivor regions: 2->2(81)
[259.701s][info][gc,heap        ] GC(648) Old regions: 32->32
[259.701s][info][gc,heap        ] GC(648) Archive regions: 0->0
[259.701s][info][gc,heap        ] GC(648) Humongous regions: 0->0
[259.701s][info][gc,metaspace   ] GC(648) Metaspace: 14308K(15104K)->14308K(15104K) NonClass: 12368K(12928K)->12368K(12928K) Class: 1939K(2176K)->1939K(2176K)
[259.701s][info][gc             ] GC(648) Pause Young (Normal) (G1 Evacuation Pause) 649M->8M(1073M) 5.262ms
[259.701s][info][gc,cpu         ] GC(648) User=0.00s Sys=0.00s Real=0.01s
[259.949s][info][gc,start       ] GC(649) Pause Full (System.gc())
[259.949s][info][gc,task        ] GC(649) Using 29 workers of 33 for full compaction
[259.951s][info][gc,phases,start] GC(649) Phase 1: Mark live objects
[259.958s][info][gc,phases      ] GC(649) Phase 1: Mark live objects 7.213ms
[259.958s][info][gc,phases,start] GC(649) Phase 2: Prepare compaction
[259.959s][info][gc,phases      ] GC(649) Phase 2: Prepare compaction 1.161ms
[259.959s][info][gc,phases,start] GC(649) Phase 3: Adjust pointers
[259.965s][info][gc,phases      ] GC(649) Phase 3: Adjust pointers 6.224ms
[259.965s][info][gc,phases,start] GC(649) Phase 4: Compact heap
[259.966s][info][gc,phases      ] GC(649) Phase 4: Compact heap 0.640ms
[259.975s][info][gc,heap        ] GC(649) Eden regions: 425->0(58)
[259.975s][info][gc,heap        ] GC(649) Survivor regions: 2->0(81)
[259.975s][info][gc,heap        ] GC(649) Old regions: 32->29
[259.975s][info][gc,heap        ] GC(649) Archive regions: 0->0
[259.975s][info][gc,heap        ] GC(649) Humongous regions: 0->0
[259.975s][info][gc,metaspace   ] GC(649) Metaspace: 14308K(15104K)->14308K(15104K) NonClass: 12368K(12928K)->12368K(12928K) Class: 1939K(2176K)->1939K(2176K)
[259.975s][info][gc             ] GC(649) Pause Full (System.gc()) 433M->5M(97M) 25.722ms
[259.975s][info][gc,cpu         ] GC(649) User=0.02s Sys=0.00s Real=0.02s
[260.023s][info][gc,start       ] GC(650) Pause Young (Normal) (G1 Evacuation Pause)
[260.023s][info][gc,task        ] GC(650) Using 33 workers of 33 for evacuation
[260.027s][info][gc,phases      ] GC(650)   Pre Evacuate Collection Set: 0.1ms
[260.027s][info][gc,phases      ] GC(650)   Merge Heap Roots: 0.1ms
[260.027s][info][gc,phases      ] GC(650)   Evacuate Collection Set: 0.4ms
[260.027s][info][gc,phases      ] GC(650)   Post Evacuate Collection Set: 3.3ms
[260.027s][info][gc,phases      ] GC(650)   Other: 0.1ms
[260.027s][info][gc,heap        ] GC(650) Eden regions: 58->0(56)
[260.027s][info][gc,heap        ] GC(650) Survivor regions: 0->2(8)
[260.027s][info][gc,heap        ] GC(650) Old regions: 29->29
[260.027s][info][gc,heap        ] GC(650) Archive regions: 0->0
[260.027s][info][gc,heap        ] GC(650) Humongous regions: 0->0
[260.027s][info][gc,metaspace   ] GC(650) Metaspace: 14308K(15104K)->14308K(15104K) NonClass: 12368K(12928K)->12368K(12928K) Class: 1939K(2176K)->1939K(2176K)
[260.027s][info][gc             ] GC(650) Pause Young (Normal) (G1 Evacuation Pause) 63M->6M(97M) 4.312ms
[260.027s][info][gc,cpu         ] GC(650) User=0.00s Sys=0.00s Real=0.00s
[260.065s][info][gc,start       ] GC(651) Pause Young (Normal) (G1 Evacuation Pause)
[260.065s][info][gc,task        ] GC(651) Using 33 workers of 33 for evacuation
[260.069s][info][gc,phases      ] GC(651)   Pre Evacuate Collection Set: 0.1ms
[260.069s][info][gc,phases      ] GC(651)   Merge Heap Roots: 0.1ms
[260.069s][info][gc,phases      ] GC(651)   Evacuate Collection Set: 0.4ms
[260.069s][info][gc,phases      ] GC(651)   Post Evacuate Collection Set: 3.0ms
[260.069s][info][gc,phases      ] GC(651)   Other: 0.1ms
[260.069s][info][gc,heap        ] GC(651) Eden regions: 56->0(56)
[260.069s][info][gc,heap        ] GC(651) Survivor regions: 2->2(8)
[260.069s][info][gc,heap        ] GC(651) Old regions: 29->29
[260.069s][info][gc,heap        ] GC(651) Archive regions: 0->0
[260.069s][info][gc,heap        ] GC(651) Humongous regions: 0->0
[260.069s][info][gc,metaspace   ] GC(651) Metaspace: 14308K(15104K)->14308K(15104K) NonClass: 12368K(12928K)->12368K(12928K) Class: 1939K(2176K)->1939K(2176K)
[260.069s][info][gc             ] GC(651) Pause Young (Normal) (G1 Evacuation Pause) 62M->6M(97M) 3.952ms
[260.069s][info][gc,cpu         ] GC(651) User=0.52s Sys=0.00s Real=0.00s
[260.109s][info][gc,start       ] GC(652) Pause Young (Normal) (G1 Evacuation Pause)
[260.109s][info][gc,task        ] GC(652) Using 33 workers of 33 for evacuation
[260.113s][info][gc,phases      ] GC(652)   Pre Evacuate Collection Set: 0.1ms
[260.113s][info][gc,phases      ] GC(652)   Merge Heap Roots: 0.1ms
[260.113s][info][gc,phases      ] GC(652)   Evacuate Collection Set: 0.4ms
[260.113s][info][gc,phases      ] GC(652)   Post Evacuate Collection Set: 3.1ms
[260.113s][info][gc,phases      ] GC(652)   Other: 0.1ms
[260.113s][info][gc,heap        ] GC(652) Eden regions: 56->0(56)
[260.113s][info][gc,heap        ] GC(652) Survivor regions: 2->2(8)
[260.113s][info][gc,heap        ] GC(652) Old regions: 29->29
[260.113s][info][gc,heap        ] GC(652) Archive regions: 0->0
[260.113s][info][gc,heap        ] GC(652) Humongous regions: 0->0
[260.113s][info][gc,metaspace   ] GC(652) Metaspace: 14308K(15104K)->14308K(15104K) NonClass: 12368K(12928K)->12368K(12928K) Class: 1939K(2176K)->1939K(2176K)
[260.113s][info][gc             ] GC(652) Pause Young (Normal) (G1 Evacuation Pause) 62M->6M(97M) 4.028ms
[260.113s][info][gc,cpu         ] GC(652) User=0.00s Sys=0.00s Real=0.00s
[260.161s][info][gc,start       ] GC(653) Pause Young (Normal) (G1 Evacuation Pause)
[260.161s][info][gc,task        ] GC(653) Using 33 workers of 33 for evacuation
[260.171s][info][gc,phases      ] GC(653)   Pre Evacuate Collection Set: 0.1ms
[260.171s][info][gc,phases      ] GC(653)   Merge Heap Roots: 0.1ms
[260.171s][info][gc,phases      ] GC(653)   Evacuate Collection Set: 0.5ms
[260.171s][info][gc,phases      ] GC(653)   Post Evacuate Collection Set: 9.2ms
[260.171s][info][gc,phases      ] GC(653)   Other: 0.1ms
[260.171s][info][gc,heap        ] GC(653) Eden regions: 56->0(641)
[260.171s][info][gc,heap        ] GC(653) Survivor regions: 2->2(8)
[260.171s][info][gc,heap        ] GC(653) Old regions: 29->29
[260.171s][info][gc,heap        ] GC(653) Archive regions: 0->0
[260.171s][info][gc,heap        ] GC(653) Humongous regions: 0->0
[260.171s][info][gc,metaspace   ] GC(653) Metaspace: 14308K(15104K)->14308K(15104K) NonClass: 12368K(12928K)->12368K(12928K) Class: 1939K(2176K)->1939K(2176K)
[260.171s][info][gc             ] GC(653) Pause Young (Normal) (G1 Evacuation Pause) 62M->6M(1073M) 10.260ms
[260.172s][info][gc,cpu         ] GC(653) User=0.00s Sys=0.02s Real=0.02s
[260.620s][info][gc,start       ] GC(654) Pause Young (Normal) (G1 Evacuation Pause)
[260.620s][info][gc,task        ] GC(654) Using 33 workers of 33 for evacuation
[260.626s][info][gc,phases      ] GC(654)   Pre Evacuate Collection Set: 0.2ms
[260.626s][info][gc,phases      ] GC(654)   Merge Heap Roots: 0.2ms
[260.626s][info][gc,phases      ] GC(654)   Evacuate Collection Set: 1.8ms
[260.626s][info][gc,phases      ] GC(654)   Post Evacuate Collection Set: 3.9ms
[260.626s][info][gc,phases      ] GC(654)   Other: 0.1ms
[260.626s][info][gc,heap        ] GC(654) Eden regions: 641->0(641)
[260.626s][info][gc,heap        ] GC(654) Survivor regions: 2->2(81)
[260.626s][info][gc,heap        ] GC(654) Old regions: 29->29
[260.626s][info][gc,heap        ] GC(654) Archive regions: 0->0
[260.626s][info][gc,heap        ] GC(654) Humongous regions: 0->0
[260.626s][info][gc,metaspace   ] GC(654) Metaspace: 14308K(15104K)->14308K(15104K) NonClass: 12368K(12928K)->12368K(12928K) Class: 1939K(2176K)->1939K(2176K)
[260.626s][info][gc             ] GC(654) Pause Young (Normal) (G1 Evacuation Pause) 647M->6M(1073M) 6.398ms
[260.626s][info][gc,cpu         ] GC(654) User=0.00s Sys=0.00s Real=0.00s
[261.103s][info][gc,start       ] GC(655) Pause Young (Normal) (G1 Evacuation Pause)
[261.103s][info][gc,task        ] GC(655) Using 33 workers of 33 for evacuation
[261.109s][info][gc,phases      ] GC(655)   Pre Evacuate Collection Set: 0.2ms
[261.109s][info][gc,phases      ] GC(655)   Merge Heap Roots: 0.2ms
[261.109s][info][gc,phases      ] GC(655)   Evacuate Collection Set: 1.9ms
[261.109s][info][gc,phases      ] GC(655)   Post Evacuate Collection Set: 3.6ms
[261.110s][info][gc,phases      ] GC(655)   Other: 0.1ms
[261.110s][info][gc,heap        ] GC(655) Eden regions: 641->0(641)
[261.110s][info][gc,heap        ] GC(655) Survivor regions: 2->2(81)
[261.110s][info][gc,heap        ] GC(655) Old regions: 29->29
[261.110s][info][gc,heap        ] GC(655) Archive regions: 0->0
[261.110s][info][gc,heap        ] GC(655) Humongous regions: 0->0
[261.110s][info][gc,metaspace   ] GC(655) Metaspace: 14308K(15104K)->14308K(15104K) NonClass: 12368K(12928K)->12368K(12928K) Class: 1939K(2176K)->1939K(2176K)
[261.110s][info][gc             ] GC(655) Pause Young (Normal) (G1 Evacuation Pause) 647M->6M(1073M) 6.221ms
[261.110s][info][gc,cpu         ] GC(655) User=0.00s Sys=0.00s Real=0.01s
[261.554s][info][gc,start       ] GC(656) Pause Young (Normal) (G1 Evacuation Pause)
[261.554s][info][gc,task        ] GC(656) Using 33 workers of 33 for evacuation
[261.558s][info][gc,phases      ] GC(656)   Pre Evacuate Collection Set: 0.2ms
[261.558s][info][gc,phases      ] GC(656)   Merge Heap Roots: 0.2ms
[261.558s][info][gc,phases      ] GC(656)   Evacuate Collection Set: 0.5ms
[261.558s][info][gc,phases      ] GC(656)   Post Evacuate Collection Set: 3.7ms
[261.558s][info][gc,phases      ] GC(656)   Other: 0.1ms
[261.558s][info][gc,heap        ] GC(656) Eden regions: 641->0(641)
[261.558s][info][gc,heap        ] GC(656) Survivor regions: 2->2(81)
[261.558s][info][gc,heap        ] GC(656) Old regions: 29->29
[261.558s][info][gc,heap        ] GC(656) Archive regions: 0->0
[261.558s][info][gc,heap        ] GC(656) Humongous regions: 0->0
[261.558s][info][gc,metaspace   ] GC(656) Metaspace: 14308K(15104K)->14308K(15104K) NonClass: 12368K(12928K)->12368K(12928K) Class: 1939K(2176K)->1939K(2176K)
[261.558s][info][gc             ] GC(656) Pause Young (Normal) (G1 Evacuation Pause) 647M->6M(1073M) 4.891ms
[261.558s][info][gc,cpu         ] GC(656) User=0.00s Sys=0.00s Real=0.00s
[262.004s][info][gc,start       ] GC(657) Pause Young (Normal) (G1 Evacuation Pause)
[262.004s][info][gc,task        ] GC(657) Using 33 workers of 33 for evacuation
[262.009s][info][gc,phases      ] GC(657)   Pre Evacuate Collection Set: 0.2ms
[262.009s][info][gc,phases      ] GC(657)   Merge Heap Roots: 0.2ms
[262.009s][info][gc,phases      ] GC(657)   Evacuate Collection Set: 0.5ms
[262.009s][info][gc,phases      ] GC(657)   Post Evacuate Collection Set: 3.7ms
[262.009s][info][gc,phases      ] GC(657)   Other: 0.1ms
[262.009s][info][gc,heap        ] GC(657) Eden regions: 641->0(641)
[262.009s][info][gc,heap        ] GC(657) Survivor regions: 2->2(81)
[262.009s][info][gc,heap        ] GC(657) Old regions: 29->29
[262.009s][info][gc,heap        ] GC(657) Archive regions: 0->0
[262.009s][info][gc,heap        ] GC(657) Humongous regions: 0->0
[262.009s][info][gc,metaspace   ] GC(657) Metaspace: 14308K(15104K)->14308K(15104K) NonClass: 12368K(12928K)->12368K(12928K) Class: 1939K(2176K)->1939K(2176K)
[262.009s][info][gc             ] GC(657) Pause Young (Normal) (G1 Evacuation Pause) 647M->7M(1073M) 4.923ms
[262.009s][info][gc,cpu         ] GC(657) User=0.52s Sys=0.00s Real=0.01s
[262.458s][info][gc,start       ] GC(658) Pause Young (Normal) (G1 Evacuation Pause)
[262.458s][info][gc,task        ] GC(658) Using 33 workers of 33 for evacuation
[262.463s][info][gc,phases      ] GC(658)   Pre Evacuate Collection Set: 0.2ms
[262.463s][info][gc,phases      ] GC(658)   Merge Heap Roots: 0.2ms
[262.463s][info][gc,phases      ] GC(658)   Evacuate Collection Set: 0.5ms
[262.463s][info][gc,phases      ] GC(658)   Post Evacuate Collection Set: 3.9ms
[262.463s][info][gc,phases      ] GC(658)   Other: 0.1ms
[262.463s][info][gc,heap        ] GC(658) Eden regions: 641->0(641)
[262.463s][info][gc,heap        ] GC(658) Survivor regions: 2->2(81)
[262.463s][info][gc,heap        ] GC(658) Old regions: 29->29
[262.463s][info][gc,heap        ] GC(658) Archive regions: 0->0
[262.463s][info][gc,heap        ] GC(658) Humongous regions: 0->0
[262.463s][info][gc,metaspace   ] GC(658) Metaspace: 14308K(15104K)->14308K(15104K) NonClass: 12368K(12928K)->12368K(12928K) Class: 1939K(2176K)->1939K(2176K)
[262.463s][info][gc             ] GC(658) Pause Young (Normal) (G1 Evacuation Pause) 648M->7M(1073M) 5.162ms
[262.463s][info][gc,cpu         ] GC(658) User=0.52s Sys=0.00s Real=0.00s
[262.911s][info][gc,start       ] GC(659) Pause Young (Normal) (G1 Evacuation Pause)
[262.911s][info][gc,task        ] GC(659) Using 33 workers of 33 for evacuation
[262.916s][info][gc,phases      ] GC(659)   Pre Evacuate Collection Set: 0.2ms
[262.916s][info][gc,phases      ] GC(659)   Merge Heap Roots: 0.2ms
[262.916s][info][gc,phases      ] GC(659)   Evacuate Collection Set: 0.5ms
[262.916s][info][gc,phases      ] GC(659)   Post Evacuate Collection Set: 4.0ms
[262.916s][info][gc,phases      ] GC(659)   Other: 0.1ms
[262.917s][info][gc,heap        ] GC(659) Eden regions: 641->0(641)
[262.917s][info][gc,heap        ] GC(659) Survivor regions: 2->2(81)
[262.917s][info][gc,heap        ] GC(659) Old regions: 29->29
[262.917s][info][gc,heap        ] GC(659) Archive regions: 0->0
[262.917s][info][gc,heap        ] GC(659) Humongous regions: 0->0
[262.917s][info][gc,metaspace   ] GC(659) Metaspace: 14308K(15104K)->14308K(15104K) NonClass: 12368K(12928K)->12368K(12928K) Class: 1939K(2176K)->1939K(2176K)
[262.917s][info][gc             ] GC(659) Pause Young (Normal) (G1 Evacuation Pause) 648M->7M(1073M) 5.230ms
[262.917s][info][gc,cpu         ] GC(659) User=0.52s Sys=0.00s Real=0.01s
[263.371s][info][gc,start       ] GC(660) Pause Young (Normal) (G1 Evacuation Pause)
[263.371s][info][gc,task        ] GC(660) Using 33 workers of 33 for evacuation
[263.376s][info][gc,phases      ] GC(660)   Pre Evacuate Collection Set: 0.2ms
[263.376s][info][gc,phases      ] GC(660)   Merge Heap Roots: 0.2ms
[263.376s][info][gc,phases      ] GC(660)   Evacuate Collection Set: 0.6ms
[263.376s][info][gc,phases      ] GC(660)   Post Evacuate Collection Set: 3.9ms
[263.376s][info][gc,phases      ] GC(660)   Other: 0.1ms
[263.376s][info][gc,heap        ] GC(660) Eden regions: 641->0(641)
[263.376s][info][gc,heap        ] GC(660) Survivor regions: 2->2(81)
[263.376s][info][gc,heap        ] GC(660) Old regions: 29->29
[263.376s][info][gc,heap        ] GC(660) Archive regions: 0->0
[263.376s][info][gc,heap        ] GC(660) Humongous regions: 0->0
[263.376s][info][gc,metaspace   ] GC(660) Metaspace: 14308K(15104K)->14308K(15104K) NonClass: 12368K(12928K)->12368K(12928K) Class: 1939K(2176K)->1939K(2176K)
[263.376s][info][gc             ] GC(660) Pause Young (Normal) (G1 Evacuation Pause) 648M->7M(1073M) 5.180ms
[263.376s][info][gc,cpu         ] GC(660) User=0.00s Sys=0.00s Real=0.00s
[263.847s][info][gc,start       ] GC(661) Pause Young (Normal) (G1 Evacuation Pause)
[263.847s][info][gc,task        ] GC(661) Using 33 workers of 33 for evacuation
[263.851s][info][gc,phases      ] GC(661)   Pre Evacuate Collection Set: 0.2ms
[263.851s][info][gc,phases      ] GC(661)   Merge Heap Roots: 0.2ms
[263.851s][info][gc,phases      ] GC(661)   Evacuate Collection Set: 0.6ms
[263.851s][info][gc,phases      ] GC(661)   Post Evacuate Collection Set: 3.5ms
[263.851s][info][gc,phases      ] GC(661)   Other: 0.1ms
[263.851s][info][gc,heap        ] GC(661) Eden regions: 641->0(640)
[263.851s][info][gc,heap        ] GC(661) Survivor regions: 2->3(81)
[263.851s][info][gc,heap        ] GC(661) Old regions: 29->29
[263.851s][info][gc,heap        ] GC(661) Archive regions: 0->0
[263.851s][info][gc,heap        ] GC(661) Humongous regions: 0->0
[263.851s][info][gc,metaspace   ] GC(661) Metaspace: 14308K(15104K)->14308K(15104K) NonClass: 12368K(12928K)->12368K(12928K) Class: 1939K(2176K)->1939K(2176K)
[263.852s][info][gc             ] GC(661) Pause Young (Normal) (G1 Evacuation Pause) 648M->7M(1073M) 4.802ms
[263.852s][info][gc,cpu         ] GC(661) User=0.52s Sys=0.00s Real=0.00s
[264.303s][info][gc,start       ] GC(662) Pause Young (Normal) (G1 Evacuation Pause)
[264.304s][info][gc,task        ] GC(662) Using 33 workers of 33 for evacuation
[264.308s][info][gc,phases      ] GC(662)   Pre Evacuate Collection Set: 0.2ms
[264.308s][info][gc,phases      ] GC(662)   Merge Heap Roots: 0.2ms
[264.308s][info][gc,phases      ] GC(662)   Evacuate Collection Set: 0.5ms
[264.308s][info][gc,phases      ] GC(662)   Post Evacuate Collection Set: 3.6ms
[264.308s][info][gc,phases      ] GC(662)   Other: 0.1ms
[264.308s][info][gc,heap        ] GC(662) Eden regions: 640->0(640)
[264.308s][info][gc,heap        ] GC(662) Survivor regions: 3->3(81)
[264.308s][info][gc,heap        ] GC(662) Old regions: 29->29
[264.308s][info][gc,heap        ] GC(662) Archive regions: 0->0
[264.308s][info][gc,heap        ] GC(662) Humongous regions: 0->0
[264.308s][info][gc,metaspace   ] GC(662) Metaspace: 14308K(15104K)->14308K(15104K) NonClass: 12368K(12928K)->12368K(12928K) Class: 1939K(2176K)->1939K(2176K)
[264.308s][info][gc             ] GC(662) Pause Young (Normal) (G1 Evacuation Pause) 647M->7M(1073M) 4.877ms
[264.308s][info][gc,cpu         ] GC(662) User=0.00s Sys=0.02s Real=0.00s
[264.758s][info][gc,start       ] GC(663) Pause Young (Normal) (G1 Evacuation Pause)
[264.758s][info][gc,task        ] GC(663) Using 33 workers of 33 for evacuation
[264.763s][info][gc,phases      ] GC(663)   Pre Evacuate Collection Set: 0.2ms
[264.763s][info][gc,phases      ] GC(663)   Merge Heap Roots: 0.2ms
[264.763s][info][gc,phases      ] GC(663)   Evacuate Collection Set: 0.6ms
[264.763s][info][gc,phases      ] GC(663)   Post Evacuate Collection Set: 3.7ms
[264.763s][info][gc,phases      ] GC(663)   Other: 0.1ms
[264.763s][info][gc,heap        ] GC(663) Eden regions: 640->0(640)
[264.763s][info][gc,heap        ] GC(663) Survivor regions: 3->3(81)
[264.763s][info][gc,heap        ] GC(663) Old regions: 29->29
[264.763s][info][gc,heap        ] GC(663) Archive regions: 0->0
[264.763s][info][gc,heap        ] GC(663) Humongous regions: 0->0
[264.763s][info][gc,metaspace   ] GC(663) Metaspace: 14308K(15104K)->14308K(15104K) NonClass: 12368K(12928K)->12368K(12928K) Class: 1939K(2176K)->1939K(2176K)
[264.763s][info][gc             ] GC(663) Pause Young (Normal) (G1 Evacuation Pause) 647M->7M(1073M) 4.993ms
[264.763s][info][gc,cpu         ] GC(663) User=0.00s Sys=0.00s Real=0.00s
[265.210s][info][gc,start       ] GC(664) Pause Young (Normal) (G1 Evacuation Pause)
[265.210s][info][gc,task        ] GC(664) Using 33 workers of 33 for evacuation
[265.214s][info][gc,phases      ] GC(664)   Pre Evacuate Collection Set: 0.2ms
[265.214s][info][gc,phases      ] GC(664)   Merge Heap Roots: 0.2ms
[265.214s][info][gc,phases      ] GC(664)   Evacuate Collection Set: 0.6ms
[265.214s][info][gc,phases      ] GC(664)   Post Evacuate Collection Set: 3.7ms
[265.214s][info][gc,phases      ] GC(664)   Other: 0.1ms
[265.214s][info][gc,heap        ] GC(664) Eden regions: 640->0(640)
[265.214s][info][gc,heap        ] GC(664) Survivor regions: 3->3(81)
[265.214s][info][gc,heap        ] GC(664) Old regions: 29->29
[265.214s][info][gc,heap        ] GC(664) Archive regions: 0->0
[265.215s][info][gc,heap        ] GC(664) Humongous regions: 0->0
[265.215s][info][gc,metaspace   ] GC(664) Metaspace: 14308K(15104K)->14308K(15104K) NonClass: 12368K(12928K)->12368K(12928K) Class: 1939K(2176K)->1939K(2176K)
[265.215s][info][gc             ] GC(664) Pause Young (Normal) (G1 Evacuation Pause) 647M->7M(1073M) 4.998ms
[265.215s][info][gc,cpu         ] GC(664) User=0.52s Sys=0.00s Real=0.00s
[265.667s][info][gc,start       ] GC(665) Pause Young (Normal) (G1 Evacuation Pause)
[265.667s][info][gc,task        ] GC(665) Using 33 workers of 33 for evacuation
[265.672s][info][gc,phases      ] GC(665)   Pre Evacuate Collection Set: 0.2ms
[265.672s][info][gc,phases      ] GC(665)   Merge Heap Roots: 0.2ms
[265.672s][info][gc,phases      ] GC(665)   Evacuate Collection Set: 0.5ms
[265.672s][info][gc,phases      ] GC(665)   Post Evacuate Collection Set: 3.9ms
[265.672s][info][gc,phases      ] GC(665)   Other: 0.1ms
[265.672s][info][gc,heap        ] GC(665) Eden regions: 640->0(642)
[265.672s][info][gc,heap        ] GC(665) Survivor regions: 3->1(81)
[265.672s][info][gc,heap        ] GC(665) Old regions: 29->31
[265.672s][info][gc,heap        ] GC(665) Archive regions: 0->0
[265.672s][info][gc,heap        ] GC(665) Humongous regions: 0->0
[265.672s][info][gc,metaspace   ] GC(665) Metaspace: 14308K(15104K)->14308K(15104K) NonClass: 12368K(12928K)->12368K(12928K) Class: 1939K(2176K)->1939K(2176K)
[265.672s][info][gc             ] GC(665) Pause Young (Normal) (G1 Evacuation Pause) 647M->7M(1073M) 5.126ms
[265.672s][info][gc,cpu         ] GC(665) User=0.00s Sys=0.00s Real=0.00s
[266.129s][info][gc,start       ] GC(666) Pause Young (Normal) (G1 Evacuation Pause)
[266.129s][info][gc,task        ] GC(666) Using 33 workers of 33 for evacuation
[266.134s][info][gc,phases      ] GC(666)   Pre Evacuate Collection Set: 0.2ms
[266.134s][info][gc,phases      ] GC(666)   Merge Heap Roots: 0.2ms
[266.134s][info][gc,phases      ] GC(666)   Evacuate Collection Set: 0.4ms
[266.134s][info][gc,phases      ] GC(666)   Post Evacuate Collection Set: 4.0ms
[266.134s][info][gc,phases      ] GC(666)   Other: 0.1ms
[266.134s][info][gc,heap        ] GC(666) Eden regions: 642->0(642)
[266.134s][info][gc,heap        ] GC(666) Survivor regions: 1->1(81)
[266.134s][info][gc,heap        ] GC(666) Old regions: 31->31
[266.134s][info][gc,heap        ] GC(666) Archive regions: 0->0
[266.134s][info][gc,heap        ] GC(666) Humongous regions: 0->0
[266.134s][info][gc,metaspace   ] GC(666) Metaspace: 14308K(15104K)->14308K(15104K) NonClass: 12368K(12928K)->12368K(12928K) Class: 1939K(2176K)->1939K(2176K)
[266.134s][info][gc             ] GC(666) Pause Young (Normal) (G1 Evacuation Pause) 649M->7M(1073M) 5.073ms
[266.134s][info][gc,cpu         ] GC(666) User=0.52s Sys=0.00s Real=0.00s
[266.602s][info][gc,start       ] GC(667) Pause Young (Normal) (G1 Evacuation Pause)
[266.602s][info][gc,task        ] GC(667) Using 33 workers of 33 for evacuation
[266.607s][info][gc,phases      ] GC(667)   Pre Evacuate Collection Set: 0.2ms
[266.607s][info][gc,phases      ] GC(667)   Merge Heap Roots: 0.2ms
[266.607s][info][gc,phases      ] GC(667)   Evacuate Collection Set: 0.4ms
[266.607s][info][gc,phases      ] GC(667)   Post Evacuate Collection Set: 3.6ms
[266.607s][info][gc,phases      ] GC(667)   Other: 0.1ms
[266.607s][info][gc,heap        ] GC(667) Eden regions: 642->0(641)
[266.607s][info][gc,heap        ] GC(667) Survivor regions: 1->2(81)
[266.607s][info][gc,heap        ] GC(667) Old regions: 31->31
[266.607s][info][gc,heap        ] GC(667) Archive regions: 0->0
[266.607s][info][gc,heap        ] GC(667) Humongous regions: 0->0
[266.607s][info][gc,metaspace   ] GC(667) Metaspace: 14308K(15104K)->14308K(15104K) NonClass: 12368K(12928K)->12368K(12928K) Class: 1939K(2176K)->1939K(2176K)
[266.607s][info][gc             ] GC(667) Pause Young (Normal) (G1 Evacuation Pause) 649M->7M(1073M) 4.768ms
[266.607s][info][gc,cpu         ] GC(667) User=0.00s Sys=0.00s Real=0.00s
[267.063s][info][gc,start       ] GC(668) Pause Young (Normal) (G1 Evacuation Pause)
[267.063s][info][gc,task        ] GC(668) Using 33 workers of 33 for evacuation
[267.068s][info][gc,phases      ] GC(668)   Pre Evacuate Collection Set: 0.2ms
[267.068s][info][gc,phases      ] GC(668)   Merge Heap Roots: 0.2ms
[267.068s][info][gc,phases      ] GC(668)   Evacuate Collection Set: 0.3ms
[267.068s][info][gc,phases      ] GC(668)   Post Evacuate Collection Set: 3.7ms
[267.068s][info][gc,phases      ] GC(668)   Other: 0.1ms
[267.068s][info][gc,heap        ] GC(668) Eden regions: 641->0(641)
[267.068s][info][gc,heap        ] GC(668) Survivor regions: 2->2(81)
[267.068s][info][gc,heap        ] GC(668) Old regions: 31->31
[267.068s][info][gc,heap        ] GC(668) Archive regions: 0->0
[267.068s][info][gc,heap        ] GC(668) Humongous regions: 0->0
[267.068s][info][gc,metaspace   ] GC(668) Metaspace: 14308K(15104K)->14308K(15104K) NonClass: 12368K(12928K)->12368K(12928K) Class: 1939K(2176K)->1939K(2176K)
[267.068s][info][gc             ] GC(668) Pause Young (Normal) (G1 Evacuation Pause) 648M->7M(1073M) 4.778ms
[267.068s][info][gc,cpu         ] GC(668) User=0.00s Sys=0.00s Real=0.00s
[267.528s][info][gc,start       ] GC(669) Pause Young (Normal) (G1 Evacuation Pause)
[267.528s][info][gc,task        ] GC(669) Using 33 workers of 33 for evacuation
[267.533s][info][gc,phases      ] GC(669)   Pre Evacuate Collection Set: 0.2ms
[267.533s][info][gc,phases      ] GC(669)   Merge Heap Roots: 0.2ms
[267.533s][info][gc,phases      ] GC(669)   Evacuate Collection Set: 0.4ms
[267.533s][info][gc,phases      ] GC(669)   Post Evacuate Collection Set: 3.7ms
[267.533s][info][gc,phases      ] GC(669)   Other: 0.1ms
[267.533s][info][gc,heap        ] GC(669) Eden regions: 641->0(641)
[267.533s][info][gc,heap        ] GC(669) Survivor regions: 2->2(81)
[267.533s][info][gc,heap        ] GC(669) Old regions: 31->31
[267.533s][info][gc,heap        ] GC(669) Archive regions: 0->0
[267.533s][info][gc,heap        ] GC(669) Humongous regions: 0->0
[267.533s][info][gc,metaspace   ] GC(669) Metaspace: 14308K(15104K)->14308K(15104K) NonClass: 12368K(12928K)->12368K(12928K) Class: 1939K(2176K)->1939K(2176K)
[267.533s][info][gc             ] GC(669) Pause Young (Normal) (G1 Evacuation Pause) 648M->7M(1073M) 4.801ms
[267.533s][info][gc,cpu         ] GC(669) User=0.00s Sys=0.00s Real=0.00s
[267.986s][info][gc,start       ] GC(670) Pause Young (Normal) (G1 Evacuation Pause)
[267.986s][info][gc,task        ] GC(670) Using 33 workers of 33 for evacuation
[267.991s][info][gc,phases      ] GC(670)   Pre Evacuate Collection Set: 0.2ms
[267.991s][info][gc,phases      ] GC(670)   Merge Heap Roots: 0.2ms
[267.991s][info][gc,phases      ] GC(670)   Evacuate Collection Set: 0.4ms
[267.991s][info][gc,phases      ] GC(670)   Post Evacuate Collection Set: 3.7ms
[267.991s][info][gc,phases      ] GC(670)   Other: 0.1ms
[267.991s][info][gc,heap        ] GC(670) Eden regions: 641->0(641)
[267.991s][info][gc,heap        ] GC(670) Survivor regions: 2->2(81)
[267.991s][info][gc,heap        ] GC(670) Old regions: 31->31
[267.991s][info][gc,heap        ] GC(670) Archive regions: 0->0
[267.991s][info][gc,heap        ] GC(670) Humongous regions: 0->0
[267.991s][info][gc,metaspace   ] GC(670) Metaspace: 14308K(15104K)->14308K(15104K) NonClass: 12368K(12928K)->12368K(12928K) Class: 1939K(2176K)->1939K(2176K)
[267.991s][info][gc             ] GC(670) Pause Young (Normal) (G1 Evacuation Pause) 648M->8M(1073M) 4.897ms
[267.991s][info][gc,cpu         ] GC(670) User=0.00s Sys=0.00s Real=0.00s
[268.443s][info][gc,start       ] GC(671) Pause Young (Normal) (G1 Evacuation Pause)
[268.443s][info][gc,task        ] GC(671) Using 33 workers of 33 for evacuation
[268.448s][info][gc,phases      ] GC(671)   Pre Evacuate Collection Set: 0.2ms
[268.448s][info][gc,phases      ] GC(671)   Merge Heap Roots: 0.2ms
[268.448s][info][gc,phases      ] GC(671)   Evacuate Collection Set: 0.4ms
[268.448s][info][gc,phases      ] GC(671)   Post Evacuate Collection Set: 3.8ms
[268.448s][info][gc,phases      ] GC(671)   Other: 0.1ms
[268.448s][info][gc,heap        ] GC(671) Eden regions: 641->0(641)
[268.448s][info][gc,heap        ] GC(671) Survivor regions: 2->2(81)
[268.448s][info][gc,heap        ] GC(671) Old regions: 31->31
[268.448s][info][gc,heap        ] GC(671) Archive regions: 0->0
[268.448s][info][gc,heap        ] GC(671) Humongous regions: 0->0
[268.448s][info][gc,metaspace   ] GC(671) Metaspace: 14308K(15104K)->14308K(15104K) NonClass: 12368K(12928K)->12368K(12928K) Class: 1939K(2176K)->1939K(2176K)
[268.448s][info][gc             ] GC(671) Pause Young (Normal) (G1 Evacuation Pause) 649M->8M(1073M) 4.963ms
[268.448s][info][gc,cpu         ] GC(671) User=0.52s Sys=0.00s Real=0.00s
[268.901s][info][gc,start       ] GC(672) Pause Young (Normal) (G1 Evacuation Pause)
[268.901s][info][gc,task        ] GC(672) Using 33 workers of 33 for evacuation
[268.906s][info][gc,phases      ] GC(672)   Pre Evacuate Collection Set: 0.2ms
[268.906s][info][gc,phases      ] GC(672)   Merge Heap Roots: 0.2ms
[268.906s][info][gc,phases      ] GC(672)   Evacuate Collection Set: 0.4ms
[268.906s][info][gc,phases      ] GC(672)   Post Evacuate Collection Set: 3.9ms
[268.906s][info][gc,phases      ] GC(672)   Other: 0.1ms
[268.906s][info][gc,heap        ] GC(672) Eden regions: 641->0(641)
[268.906s][info][gc,heap        ] GC(672) Survivor regions: 2->2(81)
[268.906s][info][gc,heap        ] GC(672) Old regions: 31->31
[268.906s][info][gc,heap        ] GC(672) Archive regions: 0->0
[268.906s][info][gc,heap        ] GC(672) Humongous regions: 0->0
[268.906s][info][gc,metaspace   ] GC(672) Metaspace: 14308K(15104K)->14308K(15104K) NonClass: 12368K(12928K)->12368K(12928K) Class: 1939K(2176K)->1939K(2176K)
[268.906s][info][gc             ] GC(672) Pause Young (Normal) (G1 Evacuation Pause) 649M->8M(1073M) 5.042ms
[268.906s][info][gc,cpu         ] GC(672) User=0.00s Sys=0.00s Real=0.00s
[269.360s][info][gc,start       ] GC(673) Pause Young (Normal) (G1 Evacuation Pause)
[269.360s][info][gc,task        ] GC(673) Using 33 workers of 33 for evacuation
[269.365s][info][gc,phases      ] GC(673)   Pre Evacuate Collection Set: 0.2ms
[269.365s][info][gc,phases      ] GC(673)   Merge Heap Roots: 0.2ms
[269.365s][info][gc,phases      ] GC(673)   Evacuate Collection Set: 0.4ms
[269.365s][info][gc,phases      ] GC(673)   Post Evacuate Collection Set: 4.1ms
[269.365s][info][gc,phases      ] GC(673)   Other: 0.1ms
[269.365s][info][gc,heap        ] GC(673) Eden regions: 641->0(641)
[269.365s][info][gc,heap        ] GC(673) Survivor regions: 2->2(81)
[269.365s][info][gc,heap        ] GC(673) Old regions: 31->31
[269.365s][info][gc,heap        ] GC(673) Archive regions: 0->0
[269.365s][info][gc,heap        ] GC(673) Humongous regions: 0->0
[269.365s][info][gc,metaspace   ] GC(673) Metaspace: 14308K(15104K)->14308K(15104K) NonClass: 12368K(12928K)->12368K(12928K) Class: 1939K(2176K)->1939K(2176K)
[269.365s][info][gc             ] GC(673) Pause Young (Normal) (G1 Evacuation Pause) 649M->8M(1073M) 5.187ms
[269.365s][info][gc,cpu         ] GC(673) User=0.00s Sys=0.00s Real=0.00s
[269.927s][info][gc,start       ] GC(674) Pause Young (Normal) (G1 Evacuation Pause)
[269.927s][info][gc,task        ] GC(674) Using 33 workers of 33 for evacuation
[269.934s][info][gc,phases      ] GC(674)   Pre Evacuate Collection Set: 0.2ms
[269.934s][info][gc,phases      ] GC(674)   Merge Heap Roots: 0.4ms
[269.934s][info][gc,phases      ] GC(674)   Evacuate Collection Set: 0.7ms
[269.934s][info][gc,phases      ] GC(674)   Post Evacuate Collection Set: 5.2ms
[269.934s][info][gc,phases      ] GC(674)   Other: 0.2ms
[269.934s][info][gc,heap        ] GC(674) Eden regions: 641->0(641)
[269.934s][info][gc,heap        ] GC(674) Survivor regions: 2->2(81)
[269.934s][info][gc,heap        ] GC(674) Old regions: 31->31
[269.934s][info][gc,heap        ] GC(674) Archive regions: 0->0
[269.934s][info][gc,heap        ] GC(674) Humongous regions: 0->0
[269.934s][info][gc,metaspace   ] GC(674) Metaspace: 14308K(15104K)->14308K(15104K) NonClass: 12368K(12928K)->12368K(12928K) Class: 1939K(2176K)->1939K(2176K)
[269.934s][info][gc             ] GC(674) Pause Young (Normal) (G1 Evacuation Pause) 649M->8M(1073M) 7.300ms
[269.934s][info][gc,cpu         ] GC(674) User=0.00s Sys=0.00s Real=0.00s
[270.415s][info][gc,start       ] GC(675) Pause Young (Normal) (G1 Evacuation Pause)
[270.415s][info][gc,task        ] GC(675) Using 33 workers of 33 for evacuation
[270.420s][info][gc,phases      ] GC(675)   Pre Evacuate Collection Set: 0.2ms
[270.420s][info][gc,phases      ] GC(675)   Merge Heap Roots: 0.2ms
[270.420s][info][gc,phases      ] GC(675)   Evacuate Collection Set: 0.4ms
[270.420s][info][gc,phases      ] GC(675)   Post Evacuate Collection Set: 3.8ms
[270.420s][info][gc,phases      ] GC(675)   Other: 0.1ms
[270.420s][info][gc,heap        ] GC(675) Eden regions: 641->0(641)
[270.420s][info][gc,heap        ] GC(675) Survivor regions: 2->2(81)
[270.420s][info][gc,heap        ] GC(675) Old regions: 31->32
[270.420s][info][gc,heap        ] GC(675) Archive regions: 0->0
[270.420s][info][gc,heap        ] GC(675) Humongous regions: 0->0
[270.420s][info][gc,metaspace   ] GC(675) Metaspace: 14308K(15104K)->14308K(15104K) NonClass: 12368K(12928K)->12368K(12928K) Class: 1939K(2176K)->1939K(2176K)
[270.420s][info][gc             ] GC(675) Pause Young (Normal) (G1 Evacuation Pause) 649M->8M(1073M) 4.872ms
[270.420s][info][gc,cpu         ] GC(675) User=0.00s Sys=0.00s Real=0.00s
[270.854s][info][gc,start       ] GC(676) Pause Young (Normal) (G1 Evacuation Pause)
[270.854s][info][gc,task        ] GC(676) Using 33 workers of 33 for evacuation
[270.858s][info][gc,phases      ] GC(676)   Pre Evacuate Collection Set: 0.2ms
[270.858s][info][gc,phases      ] GC(676)   Merge Heap Roots: 0.2ms
[270.858s][info][gc,phases      ] GC(676)   Evacuate Collection Set: 0.4ms
[270.858s][info][gc,phases      ] GC(676)   Post Evacuate Collection Set: 3.8ms
[270.858s][info][gc,phases      ] GC(676)   Other: 0.1ms
[270.858s][info][gc,heap        ] GC(676) Eden regions: 641->0(641)
[270.858s][info][gc,heap        ] GC(676) Survivor regions: 2->2(81)
[270.858s][info][gc,heap        ] GC(676) Old regions: 32->32
[270.858s][info][gc,heap        ] GC(676) Archive regions: 0->0
[270.858s][info][gc,heap        ] GC(676) Humongous regions: 0->0
[270.858s][info][gc,metaspace   ] GC(676) Metaspace: 14308K(15104K)->14308K(15104K) NonClass: 12368K(12928K)->12368K(12928K) Class: 1939K(2176K)->1939K(2176K)
[270.859s][info][gc             ] GC(676) Pause Young (Normal) (G1 Evacuation Pause) 649M->8M(1073M) 4.932ms
[270.859s][info][gc,cpu         ] GC(676) User=0.00s Sys=0.00s Real=0.01s
[271.167s][info][gc,start       ] GC(677) Pause Full (System.gc())
[271.168s][info][gc,task        ] GC(677) Using 29 workers of 33 for full compaction
[271.169s][info][gc,phases,start] GC(677) Phase 1: Mark live objects
[271.178s][info][gc,phases      ] GC(677) Phase 1: Mark live objects 9.063ms
[271.178s][info][gc,phases,start] GC(677) Phase 2: Prepare compaction
[271.179s][info][gc,phases      ] GC(677) Phase 2: Prepare compaction 1.166ms
[271.179s][info][gc,phases,start] GC(677) Phase 3: Adjust pointers
[271.185s][info][gc,phases      ] GC(677) Phase 3: Adjust pointers 6.081ms
[271.185s][info][gc,phases,start] GC(677) Phase 4: Compact heap
[271.186s][info][gc,phases      ] GC(677) Phase 4: Compact heap 0.570ms
[271.193s][info][gc,heap        ] GC(677) Eden regions: 424->0(58)
[271.194s][info][gc,heap        ] GC(677) Survivor regions: 2->0(81)
[271.194s][info][gc,heap        ] GC(677) Old regions: 32->29
[271.194s][info][gc,heap        ] GC(677) Archive regions: 0->0
[271.194s][info][gc,heap        ] GC(677) Humongous regions: 0->0
[271.194s][info][gc,metaspace   ] GC(677) Metaspace: 14308K(15104K)->14308K(15104K) NonClass: 12368K(12928K)->12368K(12928K) Class: 1939K(2176K)->1939K(2176K)
[271.194s][info][gc             ] GC(677) Pause Full (System.gc()) 432M->5M(97M) 26.216ms
[271.194s][info][gc,cpu         ] GC(677) User=0.45s Sys=0.00s Real=0.01s
[271.239s][info][gc,start       ] GC(678) Pause Young (Normal) (G1 Evacuation Pause)
[271.239s][info][gc,task        ] GC(678) Using 33 workers of 33 for evacuation
[271.243s][info][gc,phases      ] GC(678)   Pre Evacuate Collection Set: 0.1ms
[271.243s][info][gc,phases      ] GC(678)   Merge Heap Roots: 0.1ms
[271.243s][info][gc,phases      ] GC(678)   Evacuate Collection Set: 0.4ms
[271.243s][info][gc,phases      ] GC(678)   Post Evacuate Collection Set: 3.1ms
[271.243s][info][gc,phases      ] GC(678)   Other: 0.1ms
[271.243s][info][gc,heap        ] GC(678) Eden regions: 58->0(56)
[271.243s][info][gc,heap        ] GC(678) Survivor regions: 0->2(8)
[271.243s][info][gc,heap        ] GC(678) Old regions: 29->29
[271.243s][info][gc,heap        ] GC(678) Archive regions: 0->0
[271.243s][info][gc,heap        ] GC(678) Humongous regions: 0->0
[271.243s][info][gc,metaspace   ] GC(678) Metaspace: 14308K(15104K)->14308K(15104K) NonClass: 12368K(12928K)->12368K(12928K) Class: 1939K(2176K)->1939K(2176K)
[271.243s][info][gc             ] GC(678) Pause Young (Normal) (G1 Evacuation Pause) 63M->6M(97M) 3.992ms
[271.243s][info][gc,cpu         ] GC(678) User=0.52s Sys=0.00s Real=0.00s
[271.281s][info][gc,start       ] GC(679) Pause Young (Normal) (G1 Evacuation Pause)
[271.281s][info][gc,task        ] GC(679) Using 33 workers of 33 for evacuation
[271.285s][info][gc,phases      ] GC(679)   Pre Evacuate Collection Set: 0.1ms
[271.285s][info][gc,phases      ] GC(679)   Merge Heap Roots: 0.1ms
[271.285s][info][gc,phases      ] GC(679)   Evacuate Collection Set: 0.4ms
[271.285s][info][gc,phases      ] GC(679)   Post Evacuate Collection Set: 2.8ms
[271.285s][info][gc,phases      ] GC(679)   Other: 0.1ms
[271.285s][info][gc,heap        ] GC(679) Eden regions: 56->0(56)
[271.285s][info][gc,heap        ] GC(679) Survivor regions: 2->2(8)
[271.285s][info][gc,heap        ] GC(679) Old regions: 29->29
[271.285s][info][gc,heap        ] GC(679) Archive regions: 0->0
[271.285s][info][gc,heap        ] GC(679) Humongous regions: 0->0
[271.285s][info][gc,metaspace   ] GC(679) Metaspace: 14308K(15104K)->14308K(15104K) NonClass: 12368K(12928K)->12368K(12928K) Class: 1939K(2176K)->1939K(2176K)
[271.285s][info][gc             ] GC(679) Pause Young (Normal) (G1 Evacuation Pause) 62M->6M(97M) 3.747ms
[271.285s][info][gc,cpu         ] GC(679) User=0.00s Sys=0.00s Real=0.00s
[271.327s][info][gc,start       ] GC(680) Pause Young (Normal) (G1 Evacuation Pause)
[271.327s][info][gc,task        ] GC(680) Using 33 workers of 33 for evacuation
[271.330s][info][gc,phases      ] GC(680)   Pre Evacuate Collection Set: 0.1ms
[271.330s][info][gc,phases      ] GC(680)   Merge Heap Roots: 0.1ms
[271.330s][info][gc,phases      ] GC(680)   Evacuate Collection Set: 0.4ms
[271.330s][info][gc,phases      ] GC(680)   Post Evacuate Collection Set: 3.0ms
[271.330s][info][gc,phases      ] GC(680)   Other: 0.1ms
[271.330s][info][gc,heap        ] GC(680) Eden regions: 56->0(56)
[271.330s][info][gc,heap        ] GC(680) Survivor regions: 2->2(8)
[271.330s][info][gc,heap        ] GC(680) Old regions: 29->29
[271.330s][info][gc,heap        ] GC(680) Archive regions: 0->0
[271.330s][info][gc,heap        ] GC(680) Humongous regions: 0->0
[271.330s][info][gc,metaspace   ] GC(680) Metaspace: 14308K(15104K)->14308K(15104K) NonClass: 12368K(12928K)->12368K(12928K) Class: 1939K(2176K)->1939K(2176K)
[271.331s][info][gc             ] GC(680) Pause Young (Normal) (G1 Evacuation Pause) 62M->6M(97M) 3.879ms
[271.331s][info][gc,cpu         ] GC(680) User=0.00s Sys=0.00s Real=0.00s
[271.369s][info][gc,start       ] GC(681) Pause Young (Normal) (G1 Evacuation Pause)
[271.369s][info][gc,task        ] GC(681) Using 33 workers of 33 for evacuation
[271.378s][info][gc,phases      ] GC(681)   Pre Evacuate Collection Set: 0.1ms
[271.378s][info][gc,phases      ] GC(681)   Merge Heap Roots: 0.1ms
[271.378s][info][gc,phases      ] GC(681)   Evacuate Collection Set: 0.5ms
[271.378s][info][gc,phases      ] GC(681)   Post Evacuate Collection Set: 7.9ms
[271.378s][info][gc,phases      ] GC(681)   Other: 0.1ms
[271.378s][info][gc,heap        ] GC(681) Eden regions: 56->0(641)
[271.378s][info][gc,heap        ] GC(681) Survivor regions: 2->2(8)
[271.378s][info][gc,heap        ] GC(681) Old regions: 29->29
[271.378s][info][gc,heap        ] GC(681) Archive regions: 0->0
[271.378s][info][gc,heap        ] GC(681) Humongous regions: 0->0
[271.378s][info][gc,metaspace   ] GC(681) Metaspace: 14308K(15104K)->14308K(15104K) NonClass: 12368K(12928K)->12368K(12928K) Class: 1939K(2176K)->1939K(2176K)
[271.378s][info][gc             ] GC(681) Pause Young (Normal) (G1 Evacuation Pause) 62M->6M(1073M) 8.891ms
[271.378s][info][gc,cpu         ] GC(681) User=0.00s Sys=0.00s Real=0.01s
[271.813s][info][gc,start       ] GC(682) Pause Young (Normal) (G1 Evacuation Pause)
[271.813s][info][gc,task        ] GC(682) Using 33 workers of 33 for evacuation
[271.819s][info][gc,phases      ] GC(682)   Pre Evacuate Collection Set: 0.2ms
[271.819s][info][gc,phases      ] GC(682)   Merge Heap Roots: 0.2ms
[271.819s][info][gc,phases      ] GC(682)   Evacuate Collection Set: 1.8ms
[271.819s][info][gc,phases      ] GC(682)   Post Evacuate Collection Set: 3.8ms
[271.819s][info][gc,phases      ] GC(682)   Other: 0.1ms
[271.820s][info][gc,heap        ] GC(682) Eden regions: 641->0(641)
[271.820s][info][gc,heap        ] GC(682) Survivor regions: 2->2(81)
[271.820s][info][gc,heap        ] GC(682) Old regions: 29->29
[271.820s][info][gc,heap        ] GC(682) Archive regions: 0->0
[271.820s][info][gc,heap        ] GC(682) Humongous regions: 0->0
[271.820s][info][gc,metaspace   ] GC(682) Metaspace: 14308K(15104K)->14308K(15104K) NonClass: 12368K(12928K)->12368K(12928K) Class: 1939K(2176K)->1939K(2176K)
[271.820s][info][gc             ] GC(682) Pause Young (Normal) (G1 Evacuation Pause) 647M->6M(1073M) 6.326ms
[271.820s][info][gc,cpu         ] GC(682) User=0.00s Sys=0.00s Real=0.01s
[272.268s][info][gc,start       ] GC(683) Pause Young (Normal) (G1 Evacuation Pause)
[272.268s][info][gc,task        ] GC(683) Using 33 workers of 33 for evacuation
[272.274s][info][gc,phases      ] GC(683)   Pre Evacuate Collection Set: 0.2ms
[272.274s][info][gc,phases      ] GC(683)   Merge Heap Roots: 0.2ms
[272.274s][info][gc,phases      ] GC(683)   Evacuate Collection Set: 1.8ms
[272.274s][info][gc,phases      ] GC(683)   Post Evacuate Collection Set: 4.0ms
[272.274s][info][gc,phases      ] GC(683)   Other: 0.1ms
[272.274s][info][gc,heap        ] GC(683) Eden regions: 641->0(641)
[272.274s][info][gc,heap        ] GC(683) Survivor regions: 2->2(81)
[272.274s][info][gc,heap        ] GC(683) Old regions: 29->29
[272.274s][info][gc,heap        ] GC(683) Archive regions: 0->0
[272.274s][info][gc,heap        ] GC(683) Humongous regions: 0->0
[272.274s][info][gc,metaspace   ] GC(683) Metaspace: 14308K(15104K)->14308K(15104K) NonClass: 12368K(12928K)->12368K(12928K) Class: 1939K(2176K)->1939K(2176K)
[272.274s][info][gc             ] GC(683) Pause Young (Normal) (G1 Evacuation Pause) 647M->6M(1073M) 6.502ms
[272.274s][info][gc,cpu         ] GC(683) User=0.52s Sys=0.00s Real=0.01s
[272.754s][info][gc,start       ] GC(684) Pause Young (Normal) (G1 Evacuation Pause)
[272.754s][info][gc,task        ] GC(684) Using 33 workers of 33 for evacuation
[272.760s][info][gc,phases      ] GC(684)   Pre Evacuate Collection Set: 0.2ms
[272.760s][info][gc,phases      ] GC(684)   Merge Heap Roots: 0.2ms
[272.760s][info][gc,phases      ] GC(684)   Evacuate Collection Set: 0.6ms
[272.760s][info][gc,phases      ] GC(684)   Post Evacuate Collection Set: 4.7ms
[272.760s][info][gc,phases      ] GC(684)   Other: 0.1ms
[272.760s][info][gc,heap        ] GC(684) Eden regions: 641->0(641)
[272.760s][info][gc,heap        ] GC(684) Survivor regions: 2->2(81)
[272.760s][info][gc,heap        ] GC(684) Old regions: 29->29
[272.760s][info][gc,heap        ] GC(684) Archive regions: 0->0
[272.760s][info][gc,heap        ] GC(684) Humongous regions: 0->0
[272.760s][info][gc,metaspace   ] GC(684) Metaspace: 14308K(15104K)->14308K(15104K) NonClass: 12368K(12928K)->12368K(12928K) Class: 1939K(2176K)->1939K(2176K)
[272.760s][info][gc             ] GC(684) Pause Young (Normal) (G1 Evacuation Pause) 647M->6M(1073M) 6.385ms
[272.760s][info][gc,cpu         ] GC(684) User=0.00s Sys=0.00s Real=0.00s
[273.217s][info][gc,start       ] GC(685) Pause Young (Normal) (G1 Evacuation Pause)
[273.217s][info][gc,task        ] GC(685) Using 33 workers of 33 for evacuation
[273.222s][info][gc,phases      ] GC(685)   Pre Evacuate Collection Set: 0.2ms
[273.222s][info][gc,phases      ] GC(685)   Merge Heap Roots: 0.2ms
[273.222s][info][gc,phases      ] GC(685)   Evacuate Collection Set: 0.5ms
[273.222s][info][gc,phases      ] GC(685)   Post Evacuate Collection Set: 3.6ms
[273.222s][info][gc,phases      ] GC(685)   Other: 0.1ms
[273.222s][info][gc,heap        ] GC(685) Eden regions: 641->0(641)
[273.222s][info][gc,heap        ] GC(685) Survivor regions: 2->2(81)
[273.222s][info][gc,heap        ] GC(685) Old regions: 29->29
[273.222s][info][gc,heap        ] GC(685) Archive regions: 0->0
[273.222s][info][gc,heap        ] GC(685) Humongous regions: 0->0
[273.222s][info][gc,metaspace   ] GC(685) Metaspace: 14308K(15104K)->14308K(15104K) NonClass: 12368K(12928K)->12368K(12928K) Class: 1939K(2176K)->1939K(2176K)
[273.222s][info][gc             ] GC(685) Pause Young (Normal) (G1 Evacuation Pause) 647M->7M(1073M) 4.813ms
[273.222s][info][gc,cpu         ] GC(685) User=0.00s Sys=0.00s Real=0.00s
[273.667s][info][gc,start       ] GC(686) Pause Young (Normal) (G1 Evacuation Pause)
[273.667s][info][gc,task        ] GC(686) Using 33 workers of 33 for evacuation
[273.672s][info][gc,phases      ] GC(686)   Pre Evacuate Collection Set: 0.2ms
[273.672s][info][gc,phases      ] GC(686)   Merge Heap Roots: 0.2ms
[273.672s][info][gc,phases      ] GC(686)   Evacuate Collection Set: 0.5ms
[273.672s][info][gc,phases      ] GC(686)   Post Evacuate Collection Set: 3.9ms
[273.672s][info][gc,phases      ] GC(686)   Other: 0.1ms
[273.672s][info][gc,heap        ] GC(686) Eden regions: 641->0(641)
[273.672s][info][gc,heap        ] GC(686) Survivor regions: 2->2(81)
[273.672s][info][gc,heap        ] GC(686) Old regions: 29->29
[273.672s][info][gc,heap        ] GC(686) Archive regions: 0->0
[273.672s][info][gc,heap        ] GC(686) Humongous regions: 0->0
[273.672s][info][gc,metaspace   ] GC(686) Metaspace: 14308K(15104K)->14308K(15104K) NonClass: 12368K(12928K)->12368K(12928K) Class: 1939K(2176K)->1939K(2176K)
[273.672s][info][gc             ] GC(686) Pause Young (Normal) (G1 Evacuation Pause) 648M->7M(1073M) 5.127ms
[273.672s][info][gc,cpu         ] GC(686) User=0.00s Sys=0.00s Real=0.00s
[274.131s][info][gc,start       ] GC(687) Pause Young (Normal) (G1 Evacuation Pause)
[274.131s][info][gc,task        ] GC(687) Using 33 workers of 33 for evacuation
[274.136s][info][gc,phases      ] GC(687)   Pre Evacuate Collection Set: 0.2ms
[274.136s][info][gc,phases      ] GC(687)   Merge Heap Roots: 0.2ms
[274.136s][info][gc,phases      ] GC(687)   Evacuate Collection Set: 0.6ms
[274.136s][info][gc,phases      ] GC(687)   Post Evacuate Collection Set: 3.7ms
[274.136s][info][gc,phases      ] GC(687)   Other: 0.1ms
[274.136s][info][gc,heap        ] GC(687) Eden regions: 641->0(641)
[274.136s][info][gc,heap        ] GC(687) Survivor regions: 2->2(81)
[274.136s][info][gc,heap        ] GC(687) Old regions: 29->29
[274.136s][info][gc,heap        ] GC(687) Archive regions: 0->0
[274.136s][info][gc,heap        ] GC(687) Humongous regions: 0->0
[274.136s][info][gc,metaspace   ] GC(687) Metaspace: 14308K(15104K)->14308K(15104K) NonClass: 12368K(12928K)->12368K(12928K) Class: 1939K(2176K)->1939K(2176K)
[274.136s][info][gc             ] GC(687) Pause Young (Normal) (G1 Evacuation Pause) 648M->7M(1073M) 5.034ms
[274.136s][info][gc,cpu         ] GC(687) User=0.02s Sys=0.00s Real=0.00s
[274.585s][info][gc,start       ] GC(688) Pause Young (Normal) (G1 Evacuation Pause)
[274.585s][info][gc,task        ] GC(688) Using 33 workers of 33 for evacuation
[274.590s][info][gc,phases      ] GC(688)   Pre Evacuate Collection Set: 0.2ms
[274.590s][info][gc,phases      ] GC(688)   Merge Heap Roots: 0.2ms
[274.590s][info][gc,phases      ] GC(688)   Evacuate Collection Set: 0.6ms
[274.590s][info][gc,phases      ] GC(688)   Post Evacuate Collection Set: 3.8ms
[274.590s][info][gc,phases      ] GC(688)   Other: 0.1ms
[274.590s][info][gc,heap        ] GC(688) Eden regions: 641->0(641)
[274.590s][info][gc,heap        ] GC(688) Survivor regions: 2->2(81)
[274.590s][info][gc,heap        ] GC(688) Old regions: 29->29
[274.590s][info][gc,heap        ] GC(688) Archive regions: 0->0
[274.590s][info][gc,heap        ] GC(688) Humongous regions: 0->0
[274.590s][info][gc,metaspace   ] GC(688) Metaspace: 14308K(15104K)->14308K(15104K) NonClass: 12368K(12928K)->12368K(12928K) Class: 1939K(2176K)->1939K(2176K)
[274.590s][info][gc             ] GC(688) Pause Young (Normal) (G1 Evacuation Pause) 648M->7M(1073M) 5.040ms
[274.590s][info][gc,cpu         ] GC(688) User=0.00s Sys=0.00s Real=0.00s
[275.033s][info][gc,start       ] GC(689) Pause Young (Normal) (G1 Evacuation Pause)
[275.033s][info][gc,task        ] GC(689) Using 33 workers of 33 for evacuation
[275.038s][info][gc,phases      ] GC(689)   Pre Evacuate Collection Set: 0.2ms
[275.038s][info][gc,phases      ] GC(689)   Merge Heap Roots: 0.2ms
[275.038s][info][gc,phases      ] GC(689)   Evacuate Collection Set: 0.5ms
[275.038s][info][gc,phases      ] GC(689)   Post Evacuate Collection Set: 3.9ms
[275.038s][info][gc,phases      ] GC(689)   Other: 0.1ms
[275.038s][info][gc,heap        ] GC(689) Eden regions: 641->0(640)
[275.038s][info][gc,heap        ] GC(689) Survivor regions: 2->3(81)
[275.038s][info][gc,heap        ] GC(689) Old regions: 29->29
[275.038s][info][gc,heap        ] GC(689) Archive regions: 0->0
[275.039s][info][gc,heap        ] GC(689) Humongous regions: 0->0
[275.039s][info][gc,metaspace   ] GC(689) Metaspace: 14308K(15104K)->14308K(15104K) NonClass: 12368K(12928K)->12368K(12928K) Class: 1939K(2176K)->1939K(2176K)
[275.039s][info][gc             ] GC(689) Pause Young (Normal) (G1 Evacuation Pause) 648M->7M(1073M) 5.151ms
[275.039s][info][gc,cpu         ] GC(689) User=0.03s Sys=0.00s Real=0.01s
[275.521s][info][gc,start       ] GC(690) Pause Young (Normal) (G1 Evacuation Pause)
[275.521s][info][gc,task        ] GC(690) Using 33 workers of 33 for evacuation
[275.528s][info][gc,phases      ] GC(690)   Pre Evacuate Collection Set: 0.2ms
[275.528s][info][gc,phases      ] GC(690)   Merge Heap Roots: 0.3ms
[275.528s][info][gc,phases      ] GC(690)   Evacuate Collection Set: 1.4ms
[275.528s][info][gc,phases      ] GC(690)   Post Evacuate Collection Set: 5.0ms
[275.528s][info][gc,phases      ] GC(690)   Other: 0.2ms
[275.528s][info][gc,heap        ] GC(690) Eden regions: 640->0(640)
[275.528s][info][gc,heap        ] GC(690) Survivor regions: 3->3(81)
[275.528s][info][gc,heap        ] GC(690) Old regions: 29->29
[275.528s][info][gc,heap        ] GC(690) Archive regions: 0->0
[275.528s][info][gc,heap        ] GC(690) Humongous regions: 0->0
[275.528s][info][gc,metaspace   ] GC(690) Metaspace: 14308K(15104K)->14308K(15104K) NonClass: 12368K(12928K)->12368K(12928K) Class: 1939K(2176K)->1939K(2176K)
[275.528s][info][gc             ] GC(690) Pause Young (Normal) (G1 Evacuation Pause) 647M->7M(1073M) 7.624ms
[275.529s][info][gc,cpu         ] GC(690) User=0.52s Sys=0.00s Real=0.01s
[275.990s][info][gc,start       ] GC(691) Pause Young (Normal) (G1 Evacuation Pause)
[275.990s][info][gc,task        ] GC(691) Using 33 workers of 33 for evacuation
[275.994s][info][gc,phases      ] GC(691)   Pre Evacuate Collection Set: 0.2ms
[275.994s][info][gc,phases      ] GC(691)   Merge Heap Roots: 0.2ms
[275.994s][info][gc,phases      ] GC(691)   Evacuate Collection Set: 0.6ms
[275.994s][info][gc,phases      ] GC(691)   Post Evacuate Collection Set: 3.6ms
[275.995s][info][gc,phases      ] GC(691)   Other: 0.1ms
[275.995s][info][gc,heap        ] GC(691) Eden regions: 640->0(640)
[275.995s][info][gc,heap        ] GC(691) Survivor regions: 3->3(81)
[275.995s][info][gc,heap        ] GC(691) Old regions: 29->29
[275.995s][info][gc,heap        ] GC(691) Archive regions: 0->0
[275.995s][info][gc,heap        ] GC(691) Humongous regions: 0->0
[275.995s][info][gc,metaspace   ] GC(691) Metaspace: 14308K(15104K)->14308K(15104K) NonClass: 12368K(12928K)->12368K(12928K) Class: 1939K(2176K)->1939K(2176K)
[275.995s][info][gc             ] GC(691) Pause Young (Normal) (G1 Evacuation Pause) 647M->7M(1073M) 4.874ms
[275.995s][info][gc,cpu         ] GC(691) User=0.52s Sys=0.00s Real=0.00s
[276.440s][info][gc,start       ] GC(692) Pause Young (Normal) (G1 Evacuation Pause)
[276.441s][info][gc,task        ] GC(692) Using 33 workers of 33 for evacuation
[276.445s][info][gc,phases      ] GC(692)   Pre Evacuate Collection Set: 0.2ms
[276.445s][info][gc,phases      ] GC(692)   Merge Heap Roots: 0.2ms
[276.445s][info][gc,phases      ] GC(692)   Evacuate Collection Set: 0.5ms
[276.445s][info][gc,phases      ] GC(692)   Post Evacuate Collection Set: 3.8ms
[276.445s][info][gc,phases      ] GC(692)   Other: 0.1ms
[276.445s][info][gc,heap        ] GC(692) Eden regions: 640->0(640)
[276.445s][info][gc,heap        ] GC(692) Survivor regions: 3->3(81)
[276.445s][info][gc,heap        ] GC(692) Old regions: 29->29
[276.445s][info][gc,heap        ] GC(692) Archive regions: 0->0
[276.445s][info][gc,heap        ] GC(692) Humongous regions: 0->0
[276.445s][info][gc,metaspace   ] GC(692) Metaspace: 14308K(15104K)->14308K(15104K) NonClass: 12368K(12928K)->12368K(12928K) Class: 1939K(2176K)->1939K(2176K)
[276.446s][info][gc             ] GC(692) Pause Young (Normal) (G1 Evacuation Pause) 647M->7M(1073M) 5.038ms
[276.446s][info][gc,cpu         ] GC(692) User=0.00s Sys=0.00s Real=0.00s
[276.897s][info][gc,start       ] GC(693) Pause Young (Normal) (G1 Evacuation Pause)
[276.897s][info][gc,task        ] GC(693) Using 33 workers of 33 for evacuation
[276.902s][info][gc,phases      ] GC(693)   Pre Evacuate Collection Set: 0.2ms
[276.902s][info][gc,phases      ] GC(693)   Merge Heap Roots: 0.2ms
[276.902s][info][gc,phases      ] GC(693)   Evacuate Collection Set: 0.5ms
[276.902s][info][gc,phases      ] GC(693)   Post Evacuate Collection Set: 3.6ms
[276.902s][info][gc,phases      ] GC(693)   Other: 0.1ms
[276.902s][info][gc,heap        ] GC(693) Eden regions: 640->0(642)
[276.902s][info][gc,heap        ] GC(693) Survivor regions: 3->1(81)
[276.902s][info][gc,heap        ] GC(693) Old regions: 29->31
[276.902s][info][gc,heap        ] GC(693) Archive regions: 0->0
[276.902s][info][gc,heap        ] GC(693) Humongous regions: 0->0
[276.902s][info][gc,metaspace   ] GC(693) Metaspace: 14308K(15104K)->14308K(15104K) NonClass: 12368K(12928K)->12368K(12928K) Class: 1939K(2176K)->1939K(2176K)
[276.902s][info][gc             ] GC(693) Pause Young (Normal) (G1 Evacuation Pause) 647M->7M(1073M) 4.916ms
[276.902s][info][gc,cpu         ] GC(693) User=0.02s Sys=0.00s Real=0.01s
[277.351s][info][gc,start       ] GC(694) Pause Young (Normal) (G1 Evacuation Pause)
[277.351s][info][gc,task        ] GC(694) Using 33 workers of 33 for evacuation
[277.355s][info][gc,phases      ] GC(694)   Pre Evacuate Collection Set: 0.2ms
[277.355s][info][gc,phases      ] GC(694)   Merge Heap Roots: 0.2ms
[277.355s][info][gc,phases      ] GC(694)   Evacuate Collection Set: 0.4ms
[277.355s][info][gc,phases      ] GC(694)   Post Evacuate Collection Set: 3.7ms
[277.356s][info][gc,phases      ] GC(694)   Other: 0.1ms
[277.356s][info][gc,heap        ] GC(694) Eden regions: 642->0(642)
[277.356s][info][gc,heap        ] GC(694) Survivor regions: 1->1(81)
[277.356s][info][gc,heap        ] GC(694) Old regions: 31->31
[277.356s][info][gc,heap        ] GC(694) Archive regions: 0->0
[277.356s][info][gc,heap        ] GC(694) Humongous regions: 0->0
[277.356s][info][gc,metaspace   ] GC(694) Metaspace: 14308K(15104K)->14308K(15104K) NonClass: 12368K(12928K)->12368K(12928K) Class: 1939K(2176K)->1939K(2176K)
[277.356s][info][gc             ] GC(694) Pause Young (Normal) (G1 Evacuation Pause) 649M->7M(1073M) 4.901ms
[277.356s][info][gc,cpu         ] GC(694) User=0.00s Sys=0.02s Real=0.01s
[277.806s][info][gc,start       ] GC(695) Pause Young (Normal) (G1 Evacuation Pause)
[277.806s][info][gc,task        ] GC(695) Using 33 workers of 33 for evacuation
[277.811s][info][gc,phases      ] GC(695)   Pre Evacuate Collection Set: 0.2ms
[277.811s][info][gc,phases      ] GC(695)   Merge Heap Roots: 0.2ms
[277.811s][info][gc,phases      ] GC(695)   Evacuate Collection Set: 0.4ms
[277.811s][info][gc,phases      ] GC(695)   Post Evacuate Collection Set: 3.9ms
[277.811s][info][gc,phases      ] GC(695)   Other: 0.1ms
[277.811s][info][gc,heap        ] GC(695) Eden regions: 642->0(641)
[277.811s][info][gc,heap        ] GC(695) Survivor regions: 1->2(81)
[277.811s][info][gc,heap        ] GC(695) Old regions: 31->31
[277.811s][info][gc,heap        ] GC(695) Archive regions: 0->0
[277.811s][info][gc,heap        ] GC(695) Humongous regions: 0->0
[277.811s][info][gc,metaspace   ] GC(695) Metaspace: 14308K(15104K)->14308K(15104K) NonClass: 12368K(12928K)->12368K(12928K) Class: 1939K(2176K)->1939K(2176K)
[277.811s][info][gc             ] GC(695) Pause Young (Normal) (G1 Evacuation Pause) 649M->7M(1073M) 5.021ms
[277.811s][info][gc,cpu         ] GC(695) User=0.00s Sys=0.00s Real=0.00s
[278.363s][info][gc,start       ] GC(696) Pause Young (Normal) (G1 Evacuation Pause)
[278.363s][info][gc,task        ] GC(696) Using 33 workers of 33 for evacuation
[278.370s][info][gc,phases      ] GC(696)   Pre Evacuate Collection Set: 0.2ms
[278.370s][info][gc,phases      ] GC(696)   Merge Heap Roots: 0.3ms
[278.370s][info][gc,phases      ] GC(696)   Evacuate Collection Set: 0.7ms
[278.370s][info][gc,phases      ] GC(696)   Post Evacuate Collection Set: 5.0ms
[278.370s][info][gc,phases      ] GC(696)   Other: 0.2ms
[278.370s][info][gc,heap        ] GC(696) Eden regions: 641->0(641)
[278.370s][info][gc,heap        ] GC(696) Survivor regions: 2->2(81)
[278.370s][info][gc,heap        ] GC(696) Old regions: 31->31
[278.370s][info][gc,heap        ] GC(696) Archive regions: 0->0
[278.370s][info][gc,heap        ] GC(696) Humongous regions: 0->0
[278.370s][info][gc,metaspace   ] GC(696) Metaspace: 14308K(15104K)->14308K(15104K) NonClass: 12368K(12928K)->12368K(12928K) Class: 1939K(2176K)->1939K(2176K)
[278.370s][info][gc             ] GC(696) Pause Young (Normal) (G1 Evacuation Pause) 648M->7M(1073M) 6.998ms
[278.370s][info][gc,cpu         ] GC(696) User=0.00s Sys=0.00s Real=0.00s
[278.841s][info][gc,start       ] GC(697) Pause Young (Normal) (G1 Evacuation Pause)
[278.841s][info][gc,task        ] GC(697) Using 33 workers of 33 for evacuation
[278.845s][info][gc,phases      ] GC(697)   Pre Evacuate Collection Set: 0.2ms
[278.845s][info][gc,phases      ] GC(697)   Merge Heap Roots: 0.2ms
[278.845s][info][gc,phases      ] GC(697)   Evacuate Collection Set: 0.4ms
[278.845s][info][gc,phases      ] GC(697)   Post Evacuate Collection Set: 3.5ms
[278.845s][info][gc,phases      ] GC(697)   Other: 0.1ms
[278.845s][info][gc,heap        ] GC(697) Eden regions: 641->0(641)
[278.845s][info][gc,heap        ] GC(697) Survivor regions: 2->2(81)
[278.845s][info][gc,heap        ] GC(697) Old regions: 31->31
[278.845s][info][gc,heap        ] GC(697) Archive regions: 0->0
[278.845s][info][gc,heap        ] GC(697) Humongous regions: 0->0
[278.845s][info][gc,metaspace   ] GC(697) Metaspace: 14308K(15104K)->14308K(15104K) NonClass: 12368K(12928K)->12368K(12928K) Class: 1939K(2176K)->1939K(2176K)
[278.845s][info][gc             ] GC(697) Pause Young (Normal) (G1 Evacuation Pause) 648M->7M(1073M) 4.666ms
[278.845s][info][gc,cpu         ] GC(697) User=0.00s Sys=0.00s Real=0.00s
[279.297s][info][gc,start       ] GC(698) Pause Young (Normal) (G1 Evacuation Pause)
[279.297s][info][gc,task        ] GC(698) Using 33 workers of 33 for evacuation
[279.301s][info][gc,phases      ] GC(698)   Pre Evacuate Collection Set: 0.2ms
[279.301s][info][gc,phases      ] GC(698)   Merge Heap Roots: 0.2ms
[279.301s][info][gc,phases      ] GC(698)   Evacuate Collection Set: 0.3ms
[279.301s][info][gc,phases      ] GC(698)   Post Evacuate Collection Set: 3.7ms
[279.301s][info][gc,phases      ] GC(698)   Other: 0.1ms
[279.301s][info][gc,heap        ] GC(698) Eden regions: 641->0(641)
[279.301s][info][gc,heap        ] GC(698) Survivor regions: 2->2(81)
[279.301s][info][gc,heap        ] GC(698) Old regions: 31->31
[279.301s][info][gc,heap        ] GC(698) Archive regions: 0->0
[279.301s][info][gc,heap        ] GC(698) Humongous regions: 0->0
[279.301s][info][gc,metaspace   ] GC(698) Metaspace: 14308K(15104K)->14308K(15104K) NonClass: 12368K(12928K)->12368K(12928K) Class: 1939K(2176K)->1939K(2176K)
[279.301s][info][gc             ] GC(698) Pause Young (Normal) (G1 Evacuation Pause) 648M->8M(1073M) 4.823ms
[279.301s][info][gc,cpu         ] GC(698) User=0.00s Sys=0.00s Real=0.00s
[279.760s][info][gc,start       ] GC(699) Pause Young (Normal) (G1 Evacuation Pause)
[279.760s][info][gc,task        ] GC(699) Using 33 workers of 33 for evacuation
[279.765s][info][gc,phases      ] GC(699)   Pre Evacuate Collection Set: 0.2ms
[279.765s][info][gc,phases      ] GC(699)   Merge Heap Roots: 0.2ms
[279.765s][info][gc,phases      ] GC(699)   Evacuate Collection Set: 0.4ms
[279.765s][info][gc,phases      ] GC(699)   Post Evacuate Collection Set: 3.6ms
[279.765s][info][gc,phases      ] GC(699)   Other: 0.1ms
[279.765s][info][gc,heap        ] GC(699) Eden regions: 641->0(641)
[279.765s][info][gc,heap        ] GC(699) Survivor regions: 2->2(81)
[279.765s][info][gc,heap        ] GC(699) Old regions: 31->31
[279.765s][info][gc,heap        ] GC(699) Archive regions: 0->0
[279.765s][info][gc,heap        ] GC(699) Humongous regions: 0->0
[279.765s][info][gc,metaspace   ] GC(699) Metaspace: 14308K(15104K)->14308K(15104K) NonClass: 12368K(12928K)->12368K(12928K) Class: 1939K(2176K)->1939K(2176K)
[279.765s][info][gc             ] GC(699) Pause Young (Normal) (G1 Evacuation Pause) 649M->8M(1073M) 4.734ms
[279.765s][info][gc,cpu         ] GC(699) User=0.00s Sys=0.00s Real=0.01s
[280.215s][info][gc,start       ] GC(700) Pause Young (Normal) (G1 Evacuation Pause)
[280.215s][info][gc,task        ] GC(700) Using 33 workers of 33 for evacuation
[280.220s][info][gc,phases      ] GC(700)   Pre Evacuate Collection Set: 0.2ms
[280.220s][info][gc,phases      ] GC(700)   Merge Heap Roots: 0.2ms
[280.220s][info][gc,phases      ] GC(700)   Evacuate Collection Set: 0.4ms
[280.220s][info][gc,phases      ] GC(700)   Post Evacuate Collection Set: 3.7ms
[280.220s][info][gc,phases      ] GC(700)   Other: 0.1ms
[280.220s][info][gc,heap        ] GC(700) Eden regions: 641->0(641)
[280.220s][info][gc,heap        ] GC(700) Survivor regions: 2->2(81)
[280.220s][info][gc,heap        ] GC(700) Old regions: 31->31
[280.220s][info][gc,heap        ] GC(700) Archive regions: 0->0
[280.220s][info][gc,heap        ] GC(700) Humongous regions: 0->0
[280.220s][info][gc,metaspace   ] GC(700) Metaspace: 14308K(15104K)->14308K(15104K) NonClass: 12368K(12928K)->12368K(12928K) Class: 1939K(2176K)->1939K(2176K)
[280.220s][info][gc             ] GC(700) Pause Young (Normal) (G1 Evacuation Pause) 649M->8M(1073M) 4.815ms
[280.220s][info][gc,cpu         ] GC(700) User=0.00s Sys=0.00s Real=0.00s
[280.672s][info][gc,start       ] GC(701) Pause Young (Normal) (G1 Evacuation Pause)
[280.672s][info][gc,task        ] GC(701) Using 33 workers of 33 for evacuation
[280.677s][info][gc,phases      ] GC(701)   Pre Evacuate Collection Set: 0.2ms
[280.677s][info][gc,phases      ] GC(701)   Merge Heap Roots: 0.2ms
[280.677s][info][gc,phases      ] GC(701)   Evacuate Collection Set: 0.4ms
[280.677s][info][gc,phases      ] GC(701)   Post Evacuate Collection Set: 3.8ms
[280.677s][info][gc,phases      ] GC(701)   Other: 0.1ms
[280.677s][info][gc,heap        ] GC(701) Eden regions: 641->0(641)
[280.677s][info][gc,heap        ] GC(701) Survivor regions: 2->2(81)
[280.677s][info][gc,heap        ] GC(701) Old regions: 31->31
[280.677s][info][gc,heap        ] GC(701) Archive regions: 0->0
[280.677s][info][gc,heap        ] GC(701) Humongous regions: 0->0
[280.677s][info][gc,metaspace   ] GC(701) Metaspace: 14308K(15104K)->14308K(15104K) NonClass: 12368K(12928K)->12368K(12928K) Class: 1939K(2176K)->1939K(2176K)
[280.677s][info][gc             ] GC(701) Pause Young (Normal) (G1 Evacuation Pause) 649M->8M(1073M) 4.963ms
[280.677s][info][gc,cpu         ] GC(701) User=0.00s Sys=0.00s Real=0.01s
[281.130s][info][gc,start       ] GC(702) Pause Young (Normal) (G1 Evacuation Pause)
[281.131s][info][gc,task        ] GC(702) Using 33 workers of 33 for evacuation
[281.135s][info][gc,phases      ] GC(702)   Pre Evacuate Collection Set: 0.2ms
[281.135s][info][gc,phases      ] GC(702)   Merge Heap Roots: 0.2ms
[281.135s][info][gc,phases      ] GC(702)   Evacuate Collection Set: 0.4ms
[281.135s][info][gc,phases      ] GC(702)   Post Evacuate Collection Set: 3.9ms
[281.135s][info][gc,phases      ] GC(702)   Other: 0.1ms
[281.135s][info][gc,heap        ] GC(702) Eden regions: 641->0(641)
[281.135s][info][gc,heap        ] GC(702) Survivor regions: 2->2(81)
[281.135s][info][gc,heap        ] GC(702) Old regions: 31->31
[281.135s][info][gc,heap        ] GC(702) Archive regions: 0->0
[281.135s][info][gc,heap        ] GC(702) Humongous regions: 0->0
[281.135s][info][gc,metaspace   ] GC(702) Metaspace: 14308K(15104K)->14308K(15104K) NonClass: 12368K(12928K)->12368K(12928K) Class: 1939K(2176K)->1939K(2176K)
[281.135s][info][gc             ] GC(702) Pause Young (Normal) (G1 Evacuation Pause) 649M->8M(1073M) 5.017ms
[281.136s][info][gc,cpu         ] GC(702) User=0.52s Sys=0.00s Real=0.00s
[281.582s][info][gc,start       ] GC(703) Pause Young (Normal) (G1 Evacuation Pause)
[281.582s][info][gc,task        ] GC(703) Using 33 workers of 33 for evacuation
[281.587s][info][gc,phases      ] GC(703)   Pre Evacuate Collection Set: 0.2ms
[281.587s][info][gc,phases      ] GC(703)   Merge Heap Roots: 0.2ms
[281.587s][info][gc,phases      ] GC(703)   Evacuate Collection Set: 0.4ms
[281.587s][info][gc,phases      ] GC(703)   Post Evacuate Collection Set: 4.0ms
[281.587s][info][gc,phases      ] GC(703)   Other: 0.1ms
[281.587s][info][gc,heap        ] GC(703) Eden regions: 641->0(641)
[281.587s][info][gc,heap        ] GC(703) Survivor regions: 2->2(81)
[281.587s][info][gc,heap        ] GC(703) Old regions: 31->32
[281.587s][info][gc,heap        ] GC(703) Archive regions: 0->0
[281.587s][info][gc,heap        ] GC(703) Humongous regions: 0->0
[281.587s][info][gc,metaspace   ] GC(703) Metaspace: 14308K(15104K)->14308K(15104K) NonClass: 12368K(12928K)->12368K(12928K) Class: 1939K(2176K)->1939K(2176K)
[281.587s][info][gc             ] GC(703) Pause Young (Normal) (G1 Evacuation Pause) 649M->8M(1073M) 5.108ms
[281.587s][info][gc,cpu         ] GC(703) User=0.52s Sys=0.00s Real=0.00s
[282.172s][info][gc,start       ] GC(704) Pause Young (Normal) (G1 Evacuation Pause)
[282.172s][info][gc,task        ] GC(704) Using 33 workers of 33 for evacuation
[282.179s][info][gc,phases      ] GC(704)   Pre Evacuate Collection Set: 0.2ms
[282.179s][info][gc,phases      ] GC(704)   Merge Heap Roots: 0.3ms
[282.179s][info][gc,phases      ] GC(704)   Evacuate Collection Set: 0.7ms
[282.179s][info][gc,phases      ] GC(704)   Post Evacuate Collection Set: 5.3ms
[282.179s][info][gc,phases      ] GC(704)   Other: 0.2ms
[282.179s][info][gc,heap        ] GC(704) Eden regions: 641->0(641)
[282.179s][info][gc,heap        ] GC(704) Survivor regions: 2->2(81)
[282.179s][info][gc,heap        ] GC(704) Old regions: 32->32
[282.179s][info][gc,heap        ] GC(704) Archive regions: 0->0
[282.179s][info][gc,heap        ] GC(704) Humongous regions: 0->0
[282.179s][info][gc,metaspace   ] GC(704) Metaspace: 14308K(15104K)->14308K(15104K) NonClass: 12368K(12928K)->12368K(12928K) Class: 1939K(2176K)->1939K(2176K)
[282.180s][info][gc             ] GC(704) Pause Young (Normal) (G1 Evacuation Pause) 649M->8M(1073M) 7.462ms
[282.180s][info][gc,cpu         ] GC(704) User=0.00s Sys=0.00s Real=0.00s
[282.481s][info][gc,start       ] GC(705) Pause Full (System.gc())
[282.481s][info][gc,task        ] GC(705) Using 29 workers of 33 for full compaction
[282.482s][info][gc,phases,start] GC(705) Phase 1: Mark live objects
[282.489s][info][gc,phases      ] GC(705) Phase 1: Mark live objects 7.483ms
[282.489s][info][gc,phases,start] GC(705) Phase 2: Prepare compaction
[282.490s][info][gc,phases      ] GC(705) Phase 2: Prepare compaction 1.119ms
[282.490s][info][gc,phases,start] GC(705) Phase 3: Adjust pointers
[282.495s][info][gc,phases      ] GC(705) Phase 3: Adjust pointers 4.878ms
[282.495s][info][gc,phases,start] GC(705) Phase 4: Compact heap
[282.496s][info][gc,phases      ] GC(705) Phase 4: Compact heap 0.741ms
[282.502s][info][gc,heap        ] GC(705) Eden regions: 500->0(58)
[282.502s][info][gc,heap        ] GC(705) Survivor regions: 2->0(81)
[282.502s][info][gc,heap        ] GC(705) Old regions: 32->29
[282.502s][info][gc,heap        ] GC(705) Archive regions: 0->0
[282.502s][info][gc,heap        ] GC(705) Humongous regions: 0->0
[282.502s][info][gc,metaspace   ] GC(705) Metaspace: 14308K(15104K)->14308K(15104K) NonClass: 12368K(12928K)->12368K(12928K) Class: 1939K(2176K)->1939K(2176K)
[282.502s][info][gc             ] GC(705) Pause Full (System.gc()) 508M->5M(97M) 20.666ms
[282.502s][info][gc,cpu         ] GC(705) User=0.41s Sys=0.03s Real=0.02s
[282.548s][info][gc,start       ] GC(706) Pause Young (Normal) (G1 Evacuation Pause)
[282.548s][info][gc,task        ] GC(706) Using 33 workers of 33 for evacuation
[282.552s][info][gc,phases      ] GC(706)   Pre Evacuate Collection Set: 0.1ms
[282.552s][info][gc,phases      ] GC(706)   Merge Heap Roots: 0.1ms
[282.552s][info][gc,phases      ] GC(706)   Evacuate Collection Set: 0.4ms
[282.552s][info][gc,phases      ] GC(706)   Post Evacuate Collection Set: 2.8ms
[282.552s][info][gc,phases      ] GC(706)   Other: 0.1ms
[282.552s][info][gc,heap        ] GC(706) Eden regions: 58->0(56)
[282.552s][info][gc,heap        ] GC(706) Survivor regions: 0->2(8)
[282.552s][info][gc,heap        ] GC(706) Old regions: 29->29
[282.552s][info][gc,heap        ] GC(706) Archive regions: 0->0
[282.552s][info][gc,heap        ] GC(706) Humongous regions: 0->0
[282.552s][info][gc,metaspace   ] GC(706) Metaspace: 14308K(15104K)->14308K(15104K) NonClass: 12368K(12928K)->12368K(12928K) Class: 1939K(2176K)->1939K(2176K)
[282.552s][info][gc             ] GC(706) Pause Young (Normal) (G1 Evacuation Pause) 63M->6M(97M) 3.721ms
[282.552s][info][gc,cpu         ] GC(706) User=0.00s Sys=0.00s Real=0.00s
[282.590s][info][gc,start       ] GC(707) Pause Young (Normal) (G1 Evacuation Pause)
[282.590s][info][gc,task        ] GC(707) Using 33 workers of 33 for evacuation
[282.594s][info][gc,phases      ] GC(707)   Pre Evacuate Collection Set: 0.1ms
[282.594s][info][gc,phases      ] GC(707)   Merge Heap Roots: 0.1ms
[282.594s][info][gc,phases      ] GC(707)   Evacuate Collection Set: 0.5ms
[282.594s][info][gc,phases      ] GC(707)   Post Evacuate Collection Set: 2.8ms
[282.594s][info][gc,phases      ] GC(707)   Other: 0.1ms
[282.594s][info][gc,heap        ] GC(707) Eden regions: 56->0(56)
[282.594s][info][gc,heap        ] GC(707) Survivor regions: 2->2(8)
[282.594s][info][gc,heap        ] GC(707) Old regions: 29->29
[282.594s][info][gc,heap        ] GC(707) Archive regions: 0->0
[282.594s][info][gc,heap        ] GC(707) Humongous regions: 0->0
[282.594s][info][gc,metaspace   ] GC(707) Metaspace: 14308K(15104K)->14308K(15104K) NonClass: 12368K(12928K)->12368K(12928K) Class: 1939K(2176K)->1939K(2176K)
[282.594s][info][gc             ] GC(707) Pause Young (Normal) (G1 Evacuation Pause) 62M->6M(97M) 3.717ms
[282.594s][info][gc,cpu         ] GC(707) User=0.00s Sys=0.00s Real=0.00s
[282.634s][info][gc,start       ] GC(708) Pause Young (Normal) (G1 Evacuation Pause)
[282.634s][info][gc,task        ] GC(708) Using 33 workers of 33 for evacuation
[282.638s][info][gc,phases      ] GC(708)   Pre Evacuate Collection Set: 0.1ms
[282.638s][info][gc,phases      ] GC(708)   Merge Heap Roots: 0.1ms
[282.638s][info][gc,phases      ] GC(708)   Evacuate Collection Set: 0.4ms
[282.638s][info][gc,phases      ] GC(708)   Post Evacuate Collection Set: 2.9ms
[282.638s][info][gc,phases      ] GC(708)   Other: 0.1ms
[282.638s][info][gc,heap        ] GC(708) Eden regions: 56->0(56)
[282.638s][info][gc,heap        ] GC(708) Survivor regions: 2->2(8)
[282.638s][info][gc,heap        ] GC(708) Old regions: 29->29
[282.638s][info][gc,heap        ] GC(708) Archive regions: 0->0
[282.638s][info][gc,heap        ] GC(708) Humongous regions: 0->0
[282.638s][info][gc,metaspace   ] GC(708) Metaspace: 14308K(15104K)->14308K(15104K) NonClass: 12368K(12928K)->12368K(12928K) Class: 1939K(2176K)->1939K(2176K)
[282.638s][info][gc             ] GC(708) Pause Young (Normal) (G1 Evacuation Pause) 62M->6M(97M) 3.838ms
[282.638s][info][gc,cpu         ] GC(708) User=0.00s Sys=0.00s Real=0.00s
[282.677s][info][gc,start       ] GC(709) Pause Young (Normal) (G1 Evacuation Pause)
[282.677s][info][gc,task        ] GC(709) Using 33 workers of 33 for evacuation
[282.686s][info][gc,phases      ] GC(709)   Pre Evacuate Collection Set: 0.1ms
[282.686s][info][gc,phases      ] GC(709)   Merge Heap Roots: 0.1ms
[282.686s][info][gc,phases      ] GC(709)   Evacuate Collection Set: 0.5ms
[282.686s][info][gc,phases      ] GC(709)   Post Evacuate Collection Set: 7.8ms
[282.686s][info][gc,phases      ] GC(709)   Other: 0.1ms
[282.686s][info][gc,heap        ] GC(709) Eden regions: 56->0(641)
[282.686s][info][gc,heap        ] GC(709) Survivor regions: 2->2(8)
[282.686s][info][gc,heap        ] GC(709) Old regions: 29->29
[282.686s][info][gc,heap        ] GC(709) Archive regions: 0->0
[282.686s][info][gc,heap        ] GC(709) Humongous regions: 0->0
[282.686s][info][gc,metaspace   ] GC(709) Metaspace: 14308K(15104K)->14308K(15104K) NonClass: 12368K(12928K)->12368K(12928K) Class: 1939K(2176K)->1939K(2176K)
[282.686s][info][gc             ] GC(709) Pause Young (Normal) (G1 Evacuation Pause) 62M->6M(1073M) 8.773ms
[282.686s][info][gc,cpu         ] GC(709) User=0.52s Sys=0.00s Real=0.01s
[283.126s][info][gc,start       ] GC(710) Pause Young (Normal) (G1 Evacuation Pause)
[283.127s][info][gc,task        ] GC(710) Using 33 workers of 33 for evacuation
[283.133s][info][gc,phases      ] GC(710)   Pre Evacuate Collection Set: 0.2ms
[283.133s][info][gc,phases      ] GC(710)   Merge Heap Roots: 0.2ms
[283.133s][info][gc,phases      ] GC(710)   Evacuate Collection Set: 1.8ms
[283.133s][info][gc,phases      ] GC(710)   Post Evacuate Collection Set: 3.7ms
[283.133s][info][gc,phases      ] GC(710)   Other: 0.1ms
[283.133s][info][gc,heap        ] GC(710) Eden regions: 641->0(641)
[283.133s][info][gc,heap        ] GC(710) Survivor regions: 2->2(81)
[283.133s][info][gc,heap        ] GC(710) Old regions: 29->29
[283.133s][info][gc,heap        ] GC(710) Archive regions: 0->0
[283.133s][info][gc,heap        ] GC(710) Humongous regions: 0->0
[283.133s][info][gc,metaspace   ] GC(710) Metaspace: 14308K(15104K)->14308K(15104K) NonClass: 12368K(12928K)->12368K(12928K) Class: 1939K(2176K)->1939K(2176K)
[283.133s][info][gc             ] GC(710) Pause Young (Normal) (G1 Evacuation Pause) 647M->6M(1073M) 6.276ms
[283.133s][info][gc,cpu         ] GC(710) User=0.03s Sys=0.00s Real=0.01s
[283.586s][info][gc,start       ] GC(711) Pause Young (Normal) (G1 Evacuation Pause)
[283.586s][info][gc,task        ] GC(711) Using 33 workers of 33 for evacuation
[283.592s][info][gc,phases      ] GC(711)   Pre Evacuate Collection Set: 0.2ms
[283.592s][info][gc,phases      ] GC(711)   Merge Heap Roots: 0.2ms
[283.592s][info][gc,phases      ] GC(711)   Evacuate Collection Set: 1.8ms
[283.592s][info][gc,phases      ] GC(711)   Post Evacuate Collection Set: 3.8ms
[283.592s][info][gc,phases      ] GC(711)   Other: 0.1ms
[283.593s][info][gc,heap        ] GC(711) Eden regions: 641->0(641)
[283.593s][info][gc,heap        ] GC(711) Survivor regions: 2->2(81)
[283.593s][info][gc,heap        ] GC(711) Old regions: 29->29
[283.593s][info][gc,heap        ] GC(711) Archive regions: 0->0
[283.593s][info][gc,heap        ] GC(711) Humongous regions: 0->0
[283.593s][info][gc,metaspace   ] GC(711) Metaspace: 14308K(15104K)->14308K(15104K) NonClass: 12368K(12928K)->12368K(12928K) Class: 1939K(2176K)->1939K(2176K)
[283.593s][info][gc             ] GC(711) Pause Young (Normal) (G1 Evacuation Pause) 647M->6M(1073M) 6.356ms
[283.593s][info][gc,cpu         ] GC(711) User=0.00s Sys=0.00s Real=0.01s
[284.045s][info][gc,start       ] GC(712) Pause Young (Normal) (G1 Evacuation Pause)
[284.046s][info][gc,task        ] GC(712) Using 33 workers of 33 for evacuation
[284.050s][info][gc,phases      ] GC(712)   Pre Evacuate Collection Set: 0.2ms
[284.050s][info][gc,phases      ] GC(712)   Merge Heap Roots: 0.2ms
[284.050s][info][gc,phases      ] GC(712)   Evacuate Collection Set: 0.5ms
[284.050s][info][gc,phases      ] GC(712)   Post Evacuate Collection Set: 3.9ms
[284.051s][info][gc,phases      ] GC(712)   Other: 0.1ms
[284.051s][info][gc,heap        ] GC(712) Eden regions: 641->0(641)
[284.051s][info][gc,heap        ] GC(712) Survivor regions: 2->2(81)
[284.051s][info][gc,heap        ] GC(712) Old regions: 29->29
[284.051s][info][gc,heap        ] GC(712) Archive regions: 0->0
[284.051s][info][gc,heap        ] GC(712) Humongous regions: 0->0
[284.051s][info][gc,metaspace   ] GC(712) Metaspace: 14308K(15104K)->14308K(15104K) NonClass: 12368K(12928K)->12368K(12928K) Class: 1939K(2176K)->1939K(2176K)
[284.051s][info][gc             ] GC(712) Pause Young (Normal) (G1 Evacuation Pause) 647M->6M(1073M) 5.134ms
[284.051s][info][gc,cpu         ] GC(712) User=0.00s Sys=0.00s Real=0.01s
[284.498s][info][gc,start       ] GC(713) Pause Young (Normal) (G1 Evacuation Pause)
[284.498s][info][gc,task        ] GC(713) Using 33 workers of 33 for evacuation
[284.503s][info][gc,phases      ] GC(713)   Pre Evacuate Collection Set: 0.2ms
[284.503s][info][gc,phases      ] GC(713)   Merge Heap Roots: 0.2ms
[284.503s][info][gc,phases      ] GC(713)   Evacuate Collection Set: 0.5ms
[284.503s][info][gc,phases      ] GC(713)   Post Evacuate Collection Set: 4.0ms
[284.503s][info][gc,phases      ] GC(713)   Other: 0.1ms
[284.503s][info][gc,heap        ] GC(713) Eden regions: 641->0(641)
[284.504s][info][gc,heap        ] GC(713) Survivor regions: 2->2(81)
[284.504s][info][gc,heap        ] GC(713) Old regions: 29->29
[284.504s][info][gc,heap        ] GC(713) Archive regions: 0->0
[284.504s][info][gc,heap        ] GC(713) Humongous regions: 0->0
[284.504s][info][gc,metaspace   ] GC(713) Metaspace: 14308K(15104K)->14308K(15104K) NonClass: 12368K(12928K)->12368K(12928K) Class: 1939K(2176K)->1939K(2176K)
[284.504s][info][gc             ] GC(713) Pause Young (Normal) (G1 Evacuation Pause) 647M->7M(1073M) 5.238ms
[284.504s][info][gc,cpu         ] GC(713) User=0.00s Sys=0.00s Real=0.01s
[284.972s][info][gc,start       ] GC(714) Pause Young (Normal) (G1 Evacuation Pause)
[284.972s][info][gc,task        ] GC(714) Using 33 workers of 33 for evacuation
[284.978s][info][gc,phases      ] GC(714)   Pre Evacuate Collection Set: 0.2ms
[284.978s][info][gc,phases      ] GC(714)   Merge Heap Roots: 0.2ms
[284.978s][info][gc,phases      ] GC(714)   Evacuate Collection Set: 0.6ms
[284.978s][info][gc,phases      ] GC(714)   Post Evacuate Collection Set: 4.4ms
[284.978s][info][gc,phases      ] GC(714)   Other: 0.1ms
[284.978s][info][gc,heap        ] GC(714) Eden regions: 641->0(641)
[284.978s][info][gc,heap        ] GC(714) Survivor regions: 2->2(81)
[284.978s][info][gc,heap        ] GC(714) Old regions: 29->29
[284.978s][info][gc,heap        ] GC(714) Archive regions: 0->0
[284.978s][info][gc,heap        ] GC(714) Humongous regions: 0->0
[284.978s][info][gc,metaspace   ] GC(714) Metaspace: 14308K(15104K)->14308K(15104K) NonClass: 12368K(12928K)->12368K(12928K) Class: 1939K(2176K)->1939K(2176K)
[284.978s][info][gc             ] GC(714) Pause Young (Normal) (G1 Evacuation Pause) 648M->7M(1073M) 6.024ms
[284.978s][info][gc,cpu         ] GC(714) User=0.52s Sys=0.00s Real=0.01s
[285.439s][info][gc,start       ] GC(715) Pause Young (Normal) (G1 Evacuation Pause)
[285.439s][info][gc,task        ] GC(715) Using 33 workers of 33 for evacuation
[285.443s][info][gc,phases      ] GC(715)   Pre Evacuate Collection Set: 0.2ms
[285.444s][info][gc,phases      ] GC(715)   Merge Heap Roots: 0.2ms
[285.444s][info][gc,phases      ] GC(715)   Evacuate Collection Set: 0.5ms
[285.444s][info][gc,phases      ] GC(715)   Post Evacuate Collection Set: 3.6ms
[285.444s][info][gc,phases      ] GC(715)   Other: 0.1ms
[285.444s][info][gc,heap        ] GC(715) Eden regions: 641->0(641)
[285.444s][info][gc,heap        ] GC(715) Survivor regions: 2->2(81)
[285.444s][info][gc,heap        ] GC(715) Old regions: 29->29
[285.444s][info][gc,heap        ] GC(715) Archive regions: 0->0
[285.444s][info][gc,heap        ] GC(715) Humongous regions: 0->0
[285.444s][info][gc,metaspace   ] GC(715) Metaspace: 14308K(15104K)->14308K(15104K) NonClass: 12368K(12928K)->12368K(12928K) Class: 1939K(2176K)->1939K(2176K)
[285.444s][info][gc             ] GC(715) Pause Young (Normal) (G1 Evacuation Pause) 648M->7M(1073M) 4.850ms
[285.444s][info][gc,cpu         ] GC(715) User=0.00s Sys=0.00s Real=0.01s
[285.885s][info][gc,start       ] GC(716) Pause Young (Normal) (G1 Evacuation Pause)
[285.885s][info][gc,task        ] GC(716) Using 33 workers of 33 for evacuation
[285.890s][info][gc,phases      ] GC(716)   Pre Evacuate Collection Set: 0.2ms
[285.890s][info][gc,phases      ] GC(716)   Merge Heap Roots: 0.2ms
[285.890s][info][gc,phases      ] GC(716)   Evacuate Collection Set: 0.6ms
[285.890s][info][gc,phases      ] GC(716)   Post Evacuate Collection Set: 3.8ms
[285.890s][info][gc,phases      ] GC(716)   Other: 0.1ms
[285.890s][info][gc,heap        ] GC(716) Eden regions: 641->0(641)
[285.890s][info][gc,heap        ] GC(716) Survivor regions: 2->2(81)
[285.890s][info][gc,heap        ] GC(716) Old regions: 29->29
[285.890s][info][gc,heap        ] GC(716) Archive regions: 0->0
[285.890s][info][gc,heap        ] GC(716) Humongous regions: 0->0
[285.890s][info][gc,metaspace   ] GC(716) Metaspace: 14308K(15104K)->14308K(15104K) NonClass: 12368K(12928K)->12368K(12928K) Class: 1939K(2176K)->1939K(2176K)
[285.890s][info][gc             ] GC(716) Pause Young (Normal) (G1 Evacuation Pause) 648M->7M(1073M) 5.043ms
[285.890s][info][gc,cpu         ] GC(716) User=0.00s Sys=0.00s Real=0.00s
[286.350s][info][gc,start       ] GC(717) Pause Young (Normal) (G1 Evacuation Pause)
[286.350s][info][gc,task        ] GC(717) Using 33 workers of 33 for evacuation
[286.354s][info][gc,phases      ] GC(717)   Pre Evacuate Collection Set: 0.2ms
[286.355s][info][gc,phases      ] GC(717)   Merge Heap Roots: 0.2ms
[286.355s][info][gc,phases      ] GC(717)   Evacuate Collection Set: 0.6ms
[286.355s][info][gc,phases      ] GC(717)   Post Evacuate Collection Set: 3.7ms
[286.355s][info][gc,phases      ] GC(717)   Other: 0.1ms
[286.355s][info][gc,heap        ] GC(717) Eden regions: 641->0(640)
[286.355s][info][gc,heap        ] GC(717) Survivor regions: 2->3(81)
[286.355s][info][gc,heap        ] GC(717) Old regions: 29->29
[286.355s][info][gc,heap        ] GC(717) Archive regions: 0->0
[286.355s][info][gc,heap        ] GC(717) Humongous regions: 0->0
[286.355s][info][gc,metaspace   ] GC(717) Metaspace: 14308K(15104K)->14308K(15104K) NonClass: 12368K(12928K)->12368K(12928K) Class: 1939K(2176K)->1939K(2176K)
[286.355s][info][gc             ] GC(717) Pause Young (Normal) (G1 Evacuation Pause) 648M->7M(1073M) 4.948ms
[286.355s][info][gc,cpu         ] GC(717) User=0.23s Sys=0.28s Real=0.00s
[286.796s][info][gc,start       ] GC(718) Pause Young (Normal) (G1 Evacuation Pause)
[286.796s][info][gc,task        ] GC(718) Using 33 workers of 33 for evacuation
[286.801s][info][gc,phases      ] GC(718)   Pre Evacuate Collection Set: 0.2ms
[286.801s][info][gc,phases      ] GC(718)   Merge Heap Roots: 0.2ms
[286.801s][info][gc,phases      ] GC(718)   Evacuate Collection Set: 0.7ms
[286.801s][info][gc,phases      ] GC(718)   Post Evacuate Collection Set: 3.7ms
[286.801s][info][gc,phases      ] GC(718)   Other: 0.1ms
[286.801s][info][gc,heap        ] GC(718) Eden regions: 640->0(640)
[286.801s][info][gc,heap        ] GC(718) Survivor regions: 3->3(81)
[286.801s][info][gc,heap        ] GC(718) Old regions: 29->29
[286.801s][info][gc,heap        ] GC(718) Archive regions: 0->0
[286.801s][info][gc,heap        ] GC(718) Humongous regions: 0->0
[286.801s][info][gc,metaspace   ] GC(718) Metaspace: 14308K(15104K)->14308K(15104K) NonClass: 12368K(12928K)->12368K(12928K) Class: 1939K(2176K)->1939K(2176K)
[286.801s][info][gc             ] GC(718) Pause Young (Normal) (G1 Evacuation Pause) 647M->7M(1073M) 5.121ms
[286.801s][info][gc,cpu         ] GC(718) User=0.00s Sys=0.00s Real=0.01s
[287.252s][info][gc,start       ] GC(719) Pause Young (Normal) (G1 Evacuation Pause)
[287.252s][info][gc,task        ] GC(719) Using 33 workers of 33 for evacuation
[287.257s][info][gc,phases      ] GC(719)   Pre Evacuate Collection Set: 0.2ms
[287.257s][info][gc,phases      ] GC(719)   Merge Heap Roots: 0.2ms
[287.257s][info][gc,phases      ] GC(719)   Evacuate Collection Set: 0.5ms
[287.257s][info][gc,phases      ] GC(719)   Post Evacuate Collection Set: 3.9ms
[287.257s][info][gc,phases      ] GC(719)   Other: 0.1ms
[287.257s][info][gc,heap        ] GC(719) Eden regions: 640->0(640)
[287.257s][info][gc,heap        ] GC(719) Survivor regions: 3->3(81)
[287.257s][info][gc,heap        ] GC(719) Old regions: 29->29
[287.257s][info][gc,heap        ] GC(719) Archive regions: 0->0
[287.257s][info][gc,heap        ] GC(719) Humongous regions: 0->0
[287.257s][info][gc,metaspace   ] GC(719) Metaspace: 14308K(15104K)->14308K(15104K) NonClass: 12368K(12928K)->12368K(12928K) Class: 1939K(2176K)->1939K(2176K)
[287.257s][info][gc             ] GC(719) Pause Young (Normal) (G1 Evacuation Pause) 647M->7M(1073M) 5.163ms
[287.257s][info][gc,cpu         ] GC(719) User=0.00s Sys=0.00s Real=0.01s
[287.758s][info][gc,start       ] GC(720) Pause Young (Normal) (G1 Evacuation Pause)
[287.758s][info][gc,task        ] GC(720) Using 33 workers of 33 for evacuation
[287.765s][info][gc,phases      ] GC(720)   Pre Evacuate Collection Set: 0.3ms
[287.765s][info][gc,phases      ] GC(720)   Merge Heap Roots: 0.3ms
[287.765s][info][gc,phases      ] GC(720)   Evacuate Collection Set: 1.0ms
[287.765s][info][gc,phases      ] GC(720)   Post Evacuate Collection Set: 5.0ms
[287.765s][info][gc,phases      ] GC(720)   Other: 0.2ms
[287.765s][info][gc,heap        ] GC(720) Eden regions: 640->0(640)
[287.765s][info][gc,heap        ] GC(720) Survivor regions: 3->3(81)
[287.765s][info][gc,heap        ] GC(720) Old regions: 29->29
[287.765s][info][gc,heap        ] GC(720) Archive regions: 0->0
[287.765s][info][gc,heap        ] GC(720) Humongous regions: 0->0
[287.765s][info][gc,metaspace   ] GC(720) Metaspace: 14308K(15104K)->14308K(15104K) NonClass: 12368K(12928K)->12368K(12928K) Class: 1939K(2176K)->1939K(2176K)
[287.765s][info][gc             ] GC(720) Pause Young (Normal) (G1 Evacuation Pause) 647M->7M(1073M) 7.386ms
[287.765s][info][gc,cpu         ] GC(720) User=0.00s Sys=0.00s Real=0.00s
[288.230s][info][gc,start       ] GC(721) Pause Young (Normal) (G1 Evacuation Pause)
[288.230s][info][gc,task        ] GC(721) Using 33 workers of 33 for evacuation
[288.235s][info][gc,phases      ] GC(721)   Pre Evacuate Collection Set: 0.2ms
[288.235s][info][gc,phases      ] GC(721)   Merge Heap Roots: 0.2ms
[288.235s][info][gc,phases      ] GC(721)   Evacuate Collection Set: 0.5ms
[288.235s][info][gc,phases      ] GC(721)   Post Evacuate Collection Set: 3.6ms
[288.235s][info][gc,phases      ] GC(721)   Other: 0.1ms
[288.235s][info][gc,heap        ] GC(721) Eden regions: 640->0(642)
[288.235s][info][gc,heap        ] GC(721) Survivor regions: 3->1(81)
[288.235s][info][gc,heap        ] GC(721) Old regions: 29->31
[288.235s][info][gc,heap        ] GC(721) Archive regions: 0->0
[288.235s][info][gc,heap        ] GC(721) Humongous regions: 0->0
[288.235s][info][gc,metaspace   ] GC(721) Metaspace: 14308K(15104K)->14308K(15104K) NonClass: 12368K(12928K)->12368K(12928K) Class: 1939K(2176K)->1939K(2176K)
[288.235s][info][gc             ] GC(721) Pause Young (Normal) (G1 Evacuation Pause) 647M->7M(1073M) 4.886ms
[288.235s][info][gc,cpu         ] GC(721) User=0.00s Sys=0.00s Real=0.00s
[288.687s][info][gc,start       ] GC(722) Pause Young (Normal) (G1 Evacuation Pause)
[288.687s][info][gc,task        ] GC(722) Using 33 workers of 33 for evacuation
[288.691s][info][gc,phases      ] GC(722)   Pre Evacuate Collection Set: 0.2ms
[288.691s][info][gc,phases      ] GC(722)   Merge Heap Roots: 0.2ms
[288.691s][info][gc,phases      ] GC(722)   Evacuate Collection Set: 0.4ms
[288.691s][info][gc,phases      ] GC(722)   Post Evacuate Collection Set: 3.8ms
[288.691s][info][gc,phases      ] GC(722)   Other: 0.1ms
[288.691s][info][gc,heap        ] GC(722) Eden regions: 642->0(642)
[288.691s][info][gc,heap        ] GC(722) Survivor regions: 1->1(81)
[288.691s][info][gc,heap        ] GC(722) Old regions: 31->31
[288.691s][info][gc,heap        ] GC(722) Archive regions: 0->0
[288.691s][info][gc,heap        ] GC(722) Humongous regions: 0->0
[288.691s][info][gc,metaspace   ] GC(722) Metaspace: 14308K(15104K)->14308K(15104K) NonClass: 12368K(12928K)->12368K(12928K) Class: 1939K(2176K)->1939K(2176K)
[288.691s][info][gc             ] GC(722) Pause Young (Normal) (G1 Evacuation Pause) 649M->7M(1073M) 4.896ms
[288.691s][info][gc,cpu         ] GC(722) User=0.00s Sys=0.00s Real=0.00s
[289.153s][info][gc,start       ] GC(723) Pause Young (Normal) (G1 Evacuation Pause)
[289.153s][info][gc,task        ] GC(723) Using 33 workers of 33 for evacuation
[289.157s][info][gc,phases      ] GC(723)   Pre Evacuate Collection Set: 0.2ms
[289.157s][info][gc,phases      ] GC(723)   Merge Heap Roots: 0.2ms
[289.157s][info][gc,phases      ] GC(723)   Evacuate Collection Set: 0.4ms
[289.157s][info][gc,phases      ] GC(723)   Post Evacuate Collection Set: 3.7ms
[289.157s][info][gc,phases      ] GC(723)   Other: 0.1ms
[289.157s][info][gc,heap        ] GC(723) Eden regions: 642->0(641)
[289.157s][info][gc,heap        ] GC(723) Survivor regions: 1->2(81)
[289.157s][info][gc,heap        ] GC(723) Old regions: 31->31
[289.157s][info][gc,heap        ] GC(723) Archive regions: 0->0
[289.157s][info][gc,heap        ] GC(723) Humongous regions: 0->0
[289.157s][info][gc,metaspace   ] GC(723) Metaspace: 14308K(15104K)->14308K(15104K) NonClass: 12368K(12928K)->12368K(12928K) Class: 1939K(2176K)->1939K(2176K)
[289.157s][info][gc             ] GC(723) Pause Young (Normal) (G1 Evacuation Pause) 649M->7M(1073M) 4.740ms
[289.157s][info][gc,cpu         ] GC(723) User=0.00s Sys=0.00s Real=0.01s
[289.609s][info][gc,start       ] GC(724) Pause Young (Normal) (G1 Evacuation Pause)
[289.609s][info][gc,task        ] GC(724) Using 33 workers of 33 for evacuation
[289.614s][info][gc,phases      ] GC(724)   Pre Evacuate Collection Set: 0.2ms
[289.614s][info][gc,phases      ] GC(724)   Merge Heap Roots: 0.2ms
[289.614s][info][gc,phases      ] GC(724)   Evacuate Collection Set: 0.4ms
[289.614s][info][gc,phases      ] GC(724)   Post Evacuate Collection Set: 3.7ms
[289.614s][info][gc,phases      ] GC(724)   Other: 0.1ms
[289.614s][info][gc,heap        ] GC(724) Eden regions: 641->0(641)
[289.614s][info][gc,heap        ] GC(724) Survivor regions: 2->2(81)
[289.614s][info][gc,heap        ] GC(724) Old regions: 31->31
[289.614s][info][gc,heap        ] GC(724) Archive regions: 0->0
[289.614s][info][gc,heap        ] GC(724) Humongous regions: 0->0
[289.614s][info][gc,metaspace   ] GC(724) Metaspace: 14308K(15104K)->14308K(15104K) NonClass: 12368K(12928K)->12368K(12928K) Class: 1939K(2176K)->1939K(2176K)
[289.614s][info][gc             ] GC(724) Pause Young (Normal) (G1 Evacuation Pause) 648M->7M(1073M) 4.875ms
[289.614s][info][gc,cpu         ] GC(724) User=0.00s Sys=0.00s Real=0.00s
[290.069s][info][gc,start       ] GC(725) Pause Young (Normal) (G1 Evacuation Pause)
[290.069s][info][gc,task        ] GC(725) Using 33 workers of 33 for evacuation
[290.074s][info][gc,phases      ] GC(725)   Pre Evacuate Collection Set: 0.2ms
[290.074s][info][gc,phases      ] GC(725)   Merge Heap Roots: 0.2ms
[290.074s][info][gc,phases      ] GC(725)   Evacuate Collection Set: 0.4ms
[290.074s][info][gc,phases      ] GC(725)   Post Evacuate Collection Set: 3.9ms
[290.074s][info][gc,phases      ] GC(725)   Other: 0.1ms
[290.074s][info][gc,heap        ] GC(725) Eden regions: 641->0(641)
[290.074s][info][gc,heap        ] GC(725) Survivor regions: 2->2(81)
[290.074s][info][gc,heap        ] GC(725) Old regions: 31->31
[290.074s][info][gc,heap        ] GC(725) Archive regions: 0->0
[290.074s][info][gc,heap        ] GC(725) Humongous regions: 0->0
[290.074s][info][gc,metaspace   ] GC(725) Metaspace: 14308K(15104K)->14308K(15104K) NonClass: 12368K(12928K)->12368K(12928K) Class: 1939K(2176K)->1939K(2176K)
[290.074s][info][gc             ] GC(725) Pause Young (Normal) (G1 Evacuation Pause) 648M->7M(1073M) 4.994ms
[290.074s][info][gc,cpu         ] GC(725) User=0.00s Sys=0.00s Real=0.01s
[290.524s][info][gc,start       ] GC(726) Pause Young (Normal) (G1 Evacuation Pause)
[290.524s][info][gc,task        ] GC(726) Using 33 workers of 33 for evacuation
[290.529s][info][gc,phases      ] GC(726)   Pre Evacuate Collection Set: 0.2ms
[290.529s][info][gc,phases      ] GC(726)   Merge Heap Roots: 0.2ms
[290.529s][info][gc,phases      ] GC(726)   Evacuate Collection Set: 0.4ms
[290.529s][info][gc,phases      ] GC(726)   Post Evacuate Collection Set: 3.9ms
[290.529s][info][gc,phases      ] GC(726)   Other: 0.1ms
[290.529s][info][gc,heap        ] GC(726) Eden regions: 641->0(641)
[290.529s][info][gc,heap        ] GC(726) Survivor regions: 2->2(81)
[290.529s][info][gc,heap        ] GC(726) Old regions: 31->31
[290.529s][info][gc,heap        ] GC(726) Archive regions: 0->0
[290.529s][info][gc,heap        ] GC(726) Humongous regions: 0->0
[290.529s][info][gc,metaspace   ] GC(726) Metaspace: 14308K(15104K)->14308K(15104K) NonClass: 12368K(12928K)->12368K(12928K) Class: 1939K(2176K)->1939K(2176K)
[290.529s][info][gc             ] GC(726) Pause Young (Normal) (G1 Evacuation Pause) 648M->8M(1073M) 5.046ms
[290.529s][info][gc,cpu         ] GC(726) User=0.00s Sys=0.00s Real=0.01s
[290.981s][info][gc,start       ] GC(727) Pause Young (Normal) (G1 Evacuation Pause)
[290.981s][info][gc,task        ] GC(727) Using 33 workers of 33 for evacuation
[290.986s][info][gc,phases      ] GC(727)   Pre Evacuate Collection Set: 0.2ms
[290.986s][info][gc,phases      ] GC(727)   Merge Heap Roots: 0.2ms
[290.986s][info][gc,phases      ] GC(727)   Evacuate Collection Set: 0.4ms
[290.986s][info][gc,phases      ] GC(727)   Post Evacuate Collection Set: 4.0ms
[290.986s][info][gc,phases      ] GC(727)   Other: 0.1ms
[290.986s][info][gc,heap        ] GC(727) Eden regions: 641->0(641)
[290.986s][info][gc,heap        ] GC(727) Survivor regions: 2->2(81)
[290.986s][info][gc,heap        ] GC(727) Old regions: 31->31
[290.986s][info][gc,heap        ] GC(727) Archive regions: 0->0
[290.986s][info][gc,heap        ] GC(727) Humongous regions: 0->0
[290.986s][info][gc,metaspace   ] GC(727) Metaspace: 14308K(15104K)->14308K(15104K) NonClass: 12368K(12928K)->12368K(12928K) Class: 1939K(2176K)->1939K(2176K)
[290.986s][info][gc             ] GC(727) Pause Young (Normal) (G1 Evacuation Pause) 649M->8M(1073M) 5.162ms
[290.986s][info][gc,cpu         ] GC(727) User=0.00s Sys=0.00s Real=0.00s
[291.602s][info][gc,start       ] GC(728) Pause Young (Normal) (G1 Evacuation Pause)
[291.602s][info][gc,task        ] GC(728) Using 33 workers of 33 for evacuation
[291.609s][info][gc,phases      ] GC(728)   Pre Evacuate Collection Set: 0.3ms
[291.609s][info][gc,phases      ] GC(728)   Merge Heap Roots: 0.4ms
[291.609s][info][gc,phases      ] GC(728)   Evacuate Collection Set: 0.7ms
[291.609s][info][gc,phases      ] GC(728)   Post Evacuate Collection Set: 5.2ms
[291.609s][info][gc,phases      ] GC(728)   Other: 0.2ms
[291.609s][info][gc,heap        ] GC(728) Eden regions: 641->0(641)
[291.609s][info][gc,heap        ] GC(728) Survivor regions: 2->2(81)
[291.609s][info][gc,heap        ] GC(728) Old regions: 31->31
[291.609s][info][gc,heap        ] GC(728) Archive regions: 0->0
[291.609s][info][gc,heap        ] GC(728) Humongous regions: 0->0
[291.609s][info][gc,metaspace   ] GC(728) Metaspace: 14308K(15104K)->14308K(15104K) NonClass: 12368K(12928K)->12368K(12928K) Class: 1939K(2176K)->1939K(2176K)
[291.609s][info][gc             ] GC(728) Pause Young (Normal) (G1 Evacuation Pause) 649M->8M(1073M) 7.344ms
[291.609s][info][gc,cpu         ] GC(728) User=0.00s Sys=0.00s Real=0.00s
[292.080s][info][gc,start       ] GC(729) Pause Young (Normal) (G1 Evacuation Pause)
[292.080s][info][gc,task        ] GC(729) Using 33 workers of 33 for evacuation
[292.085s][info][gc,phases      ] GC(729)   Pre Evacuate Collection Set: 0.2ms
[292.085s][info][gc,phases      ] GC(729)   Merge Heap Roots: 0.2ms
[292.085s][info][gc,phases      ] GC(729)   Evacuate Collection Set: 0.4ms
[292.085s][info][gc,phases      ] GC(729)   Post Evacuate Collection Set: 3.7ms
[292.085s][info][gc,phases      ] GC(729)   Other: 0.1ms
[292.085s][info][gc,heap        ] GC(729) Eden regions: 641->0(641)
[292.085s][info][gc,heap        ] GC(729) Survivor regions: 2->2(81)
[292.085s][info][gc,heap        ] GC(729) Old regions: 31->31
[292.085s][info][gc,heap        ] GC(729) Archive regions: 0->0
[292.085s][info][gc,heap        ] GC(729) Humongous regions: 0->0
[292.085s][info][gc,metaspace   ] GC(729) Metaspace: 14308K(15104K)->14308K(15104K) NonClass: 12368K(12928K)->12368K(12928K) Class: 1939K(2176K)->1939K(2176K)
[292.085s][info][gc             ] GC(729) Pause Young (Normal) (G1 Evacuation Pause) 649M->8M(1073M) 4.951ms
[292.085s][info][gc,cpu         ] GC(729) User=0.00s Sys=0.00s Real=0.00s
[292.536s][info][gc,start       ] GC(730) Pause Young (Normal) (G1 Evacuation Pause)
[292.536s][info][gc,task        ] GC(730) Using 33 workers of 33 for evacuation
[292.541s][info][gc,phases      ] GC(730)   Pre Evacuate Collection Set: 0.2ms
[292.541s][info][gc,phases      ] GC(730)   Merge Heap Roots: 0.2ms
[292.541s][info][gc,phases      ] GC(730)   Evacuate Collection Set: 0.4ms
[292.541s][info][gc,phases      ] GC(730)   Post Evacuate Collection Set: 3.9ms
[292.541s][info][gc,phases      ] GC(730)   Other: 0.1ms
[292.541s][info][gc,heap        ] GC(730) Eden regions: 641->0(641)
[292.541s][info][gc,heap        ] GC(730) Survivor regions: 2->2(81)
[292.541s][info][gc,heap        ] GC(730) Old regions: 31->32
[292.541s][info][gc,heap        ] GC(730) Archive regions: 0->0
[292.541s][info][gc,heap        ] GC(730) Humongous regions: 0->0
[292.541s][info][gc,metaspace   ] GC(730) Metaspace: 14308K(15104K)->14308K(15104K) NonClass: 12368K(12928K)->12368K(12928K) Class: 1939K(2176K)->1939K(2176K)
[292.541s][info][gc             ] GC(730) Pause Young (Normal) (G1 Evacuation Pause) 649M->8M(1073M) 5.019ms
[292.541s][info][gc,cpu         ] GC(730) User=0.52s Sys=0.00s Real=0.00s
[293.005s][info][gc,start       ] GC(731) Pause Young (Normal) (G1 Evacuation Pause)
[293.005s][info][gc,task        ] GC(731) Using 33 workers of 33 for evacuation
[293.010s][info][gc,phases      ] GC(731)   Pre Evacuate Collection Set: 0.2ms
[293.010s][info][gc,phases      ] GC(731)   Merge Heap Roots: 0.2ms
[293.010s][info][gc,phases      ] GC(731)   Evacuate Collection Set: 0.4ms
[293.010s][info][gc,phases      ] GC(731)   Post Evacuate Collection Set: 3.8ms
[293.010s][info][gc,phases      ] GC(731)   Other: 0.1ms
[293.010s][info][gc,heap        ] GC(731) Eden regions: 641->0(641)
[293.010s][info][gc,heap        ] GC(731) Survivor regions: 2->2(81)
[293.010s][info][gc,heap        ] GC(731) Old regions: 32->32
[293.010s][info][gc,heap        ] GC(731) Archive regions: 0->0
[293.010s][info][gc,heap        ] GC(731) Humongous regions: 0->0
[293.010s][info][gc,metaspace   ] GC(731) Metaspace: 14308K(15104K)->14308K(15104K) NonClass: 12368K(12928K)->12368K(12928K) Class: 1939K(2176K)->1939K(2176K)
[293.010s][info][gc             ] GC(731) Pause Young (Normal) (G1 Evacuation Pause) 649M->8M(1073M) 4.873ms
[293.010s][info][gc,cpu         ] GC(731) User=0.52s Sys=0.00s Real=0.00s
[293.398s][info][gc,start       ] GC(732) Pause Young (Normal) (G1 Evacuation Pause)
[293.398s][info][gc,task        ] GC(732) Using 33 workers of 33 for evacuation
[293.403s][info][gc,phases      ] GC(732)   Pre Evacuate Collection Set: 0.2ms
[293.403s][info][gc,phases      ] GC(732)   Merge Heap Roots: 0.3ms
[293.403s][info][gc,phases      ] GC(732)   Evacuate Collection Set: 0.4ms
[293.403s][info][gc,phases      ] GC(732)   Post Evacuate Collection Set: 4.1ms
[293.403s][info][gc,phases      ] GC(732)   Other: 0.1ms
[293.403s][info][gc,heap        ] GC(732) Eden regions: 641->0(641)
[293.403s][info][gc,heap        ] GC(732) Survivor regions: 2->2(81)
[293.403s][info][gc,heap        ] GC(732) Old regions: 32->32
[293.403s][info][gc,heap        ] GC(732) Archive regions: 0->0
[293.403s][info][gc,heap        ] GC(732) Humongous regions: 0->0
[293.404s][info][gc,metaspace   ] GC(732) Metaspace: 14308K(15104K)->14308K(15104K) NonClass: 12368K(12928K)->12368K(12928K) Class: 1939K(2176K)->1939K(2176K)
[293.404s][info][gc             ] GC(732) Pause Young (Normal) (G1 Evacuation Pause) 649M->8M(1073M) 5.290ms
[293.404s][info][gc,cpu         ] GC(732) User=0.00s Sys=0.00s Real=0.01s
[293.619s][info][gc,start       ] GC(733) Pause Full (System.gc())
[293.619s][info][gc,task        ] GC(733) Using 29 workers of 33 for full compaction
[293.620s][info][gc,phases,start] GC(733) Phase 1: Mark live objects
[293.629s][info][gc,phases      ] GC(733) Phase 1: Mark live objects 8.873ms
[293.629s][info][gc,phases,start] GC(733) Phase 2: Prepare compaction
[293.631s][info][gc,phases      ] GC(733) Phase 2: Prepare compaction 1.215ms
[293.631s][info][gc,phases,start] GC(733) Phase 3: Adjust pointers
[293.638s][info][gc,phases      ] GC(733) Phase 3: Adjust pointers 7.053ms
[293.638s][info][gc,phases,start] GC(733) Phase 4: Compact heap
[293.638s][info][gc,phases      ] GC(733) Phase 4: Compact heap 0.585ms
[293.646s][info][gc,heap        ] GC(733) Eden regions: 361->0(58)
[293.646s][info][gc,heap        ] GC(733) Survivor regions: 2->0(81)
[293.646s][info][gc,heap        ] GC(733) Old regions: 32->29
[293.646s][info][gc,heap        ] GC(733) Archive regions: 0->0
[293.647s][info][gc,heap        ] GC(733) Humongous regions: 0->0
[293.647s][info][gc,metaspace   ] GC(733) Metaspace: 14308K(15104K)->14308K(15104K) NonClass: 12368K(12928K)->12368K(12928K) Class: 1939K(2176K)->1939K(2176K)
[293.647s][info][gc             ] GC(733) Pause Full (System.gc()) 369M->5M(97M) 27.605ms
[293.647s][info][gc,cpu         ] GC(733) User=0.45s Sys=0.00s Real=0.02s
[293.694s][info][gc,start       ] GC(734) Pause Young (Normal) (G1 Evacuation Pause)
[293.694s][info][gc,task        ] GC(734) Using 33 workers of 33 for evacuation
[293.698s][info][gc,phases      ] GC(734)   Pre Evacuate Collection Set: 0.1ms
[293.698s][info][gc,phases      ] GC(734)   Merge Heap Roots: 0.1ms
[293.698s][info][gc,phases      ] GC(734)   Evacuate Collection Set: 0.4ms
[293.698s][info][gc,phases      ] GC(734)   Post Evacuate Collection Set: 3.3ms
[293.698s][info][gc,phases      ] GC(734)   Other: 0.1ms
[293.698s][info][gc,heap        ] GC(734) Eden regions: 58->0(56)
[293.698s][info][gc,heap        ] GC(734) Survivor regions: 0->2(8)
[293.698s][info][gc,heap        ] GC(734) Old regions: 29->29
[293.698s][info][gc,heap        ] GC(734) Archive regions: 0->0
[293.698s][info][gc,heap        ] GC(734) Humongous regions: 0->0
[293.698s][info][gc,metaspace   ] GC(734) Metaspace: 14308K(15104K)->14308K(15104K) NonClass: 12368K(12928K)->12368K(12928K) Class: 1939K(2176K)->1939K(2176K)
[293.698s][info][gc             ] GC(734) Pause Young (Normal) (G1 Evacuation Pause) 63M->6M(97M) 4.241ms
[293.698s][info][gc,cpu         ] GC(734) User=0.38s Sys=0.00s Real=0.00s
[293.737s][info][gc,start       ] GC(735) Pause Young (Normal) (G1 Evacuation Pause)
[293.756s][info][gc,task        ] GC(735) Using 33 workers of 33 for evacuation
[293.760s][info][gc,phases      ] GC(735)   Pre Evacuate Collection Set: 0.1ms
[293.760s][info][gc,phases      ] GC(735)   Merge Heap Roots: 0.1ms
[293.760s][info][gc,phases      ] GC(735)   Evacuate Collection Set: 0.5ms
[293.760s][info][gc,phases      ] GC(735)   Post Evacuate Collection Set: 3.1ms
[293.760s][info][gc,phases      ] GC(735)   Other: 0.1ms
[293.760s][info][gc,heap        ] GC(735) Eden regions: 56->0(56)
[293.760s][info][gc,heap        ] GC(735) Survivor regions: 2->2(8)
[293.760s][info][gc,heap        ] GC(735) Old regions: 29->29
[293.760s][info][gc,heap        ] GC(735) Archive regions: 0->0
[293.760s][info][gc,heap        ] GC(735) Humongous regions: 0->0
[293.760s][info][gc,metaspace   ] GC(735) Metaspace: 14308K(15104K)->14308K(15104K) NonClass: 12368K(12928K)->12368K(12928K) Class: 1939K(2176K)->1939K(2176K)
[293.761s][info][gc             ] GC(735) Pause Young (Normal) (G1 Evacuation Pause) 62M->6M(97M) 23.352ms
[293.761s][info][gc,cpu         ] GC(735) User=0.00s Sys=0.00s Real=0.02s
[293.801s][info][gc,start       ] GC(736) Pause Young (Normal) (G1 Evacuation Pause)
[293.801s][info][gc,task        ] GC(736) Using 33 workers of 33 for evacuation
[293.805s][info][gc,phases      ] GC(736)   Pre Evacuate Collection Set: 0.1ms
[293.805s][info][gc,phases      ] GC(736)   Merge Heap Roots: 0.1ms
[293.805s][info][gc,phases      ] GC(736)   Evacuate Collection Set: 0.5ms
[293.805s][info][gc,phases      ] GC(736)   Post Evacuate Collection Set: 3.1ms
[293.805s][info][gc,phases      ] GC(736)   Other: 0.1ms
[293.805s][info][gc,heap        ] GC(736) Eden regions: 56->0(56)
[293.805s][info][gc,heap        ] GC(736) Survivor regions: 2->2(8)
[293.805s][info][gc,heap        ] GC(736) Old regions: 29->29
[293.805s][info][gc,heap        ] GC(736) Archive regions: 0->0
[293.805s][info][gc,heap        ] GC(736) Humongous regions: 0->0
[293.805s][info][gc,metaspace   ] GC(736) Metaspace: 14308K(15104K)->14308K(15104K) NonClass: 12368K(12928K)->12368K(12928K) Class: 1939K(2176K)->1939K(2176K)
[293.805s][info][gc             ] GC(736) Pause Young (Normal) (G1 Evacuation Pause) 62M->6M(97M) 3.987ms
[293.805s][info][gc,cpu         ] GC(736) User=0.00s Sys=0.00s Real=0.00s
[293.857s][info][gc,start       ] GC(737) Pause Young (Normal) (G1 Evacuation Pause)
[293.857s][info][gc,task        ] GC(737) Using 33 workers of 33 for evacuation
[293.868s][info][gc,phases      ] GC(737)   Pre Evacuate Collection Set: 0.1ms
[293.869s][info][gc,phases      ] GC(737)   Merge Heap Roots: 0.1ms
[293.869s][info][gc,phases      ] GC(737)   Evacuate Collection Set: 0.5ms
[293.869s][info][gc,phases      ] GC(737)   Post Evacuate Collection Set: 10.7ms
[293.869s][info][gc,phases      ] GC(737)   Other: 0.1ms
[293.869s][info][gc,heap        ] GC(737) Eden regions: 56->0(641)
[293.869s][info][gc,heap        ] GC(737) Survivor regions: 2->2(8)
[293.869s][info][gc,heap        ] GC(737) Old regions: 29->29
[293.869s][info][gc,heap        ] GC(737) Archive regions: 0->0
[293.869s][info][gc,heap        ] GC(737) Humongous regions: 0->0
[293.869s][info][gc,metaspace   ] GC(737) Metaspace: 14308K(15104K)->14308K(15104K) NonClass: 12368K(12928K)->12368K(12928K) Class: 1939K(2176K)->1939K(2176K)
[293.869s][info][gc             ] GC(737) Pause Young (Normal) (G1 Evacuation Pause) 62M->6M(1073M) 11.837ms
[293.869s][info][gc,cpu         ] GC(737) User=0.00s Sys=0.00s Real=0.00s
[294.339s][info][gc,start       ] GC(738) Pause Young (Normal) (G1 Evacuation Pause)
[294.339s][info][gc,task        ] GC(738) Using 33 workers of 33 for evacuation
[294.347s][info][gc,phases      ] GC(738)   Pre Evacuate Collection Set: 0.2ms
[294.347s][info][gc,phases      ] GC(738)   Merge Heap Roots: 0.3ms
[294.347s][info][gc,phases      ] GC(738)   Evacuate Collection Set: 2.5ms
[294.347s][info][gc,phases      ] GC(738)   Post Evacuate Collection Set: 4.8ms
[294.347s][info][gc,phases      ] GC(738)   Other: 0.2ms
[294.347s][info][gc,heap        ] GC(738) Eden regions: 641->0(641)
[294.347s][info][gc,heap        ] GC(738) Survivor regions: 2->2(81)
[294.347s][info][gc,heap        ] GC(738) Old regions: 29->29
[294.347s][info][gc,heap        ] GC(738) Archive regions: 0->0
[294.347s][info][gc,heap        ] GC(738) Humongous regions: 0->0
[294.347s][info][gc,metaspace   ] GC(738) Metaspace: 14308K(15104K)->14308K(15104K) NonClass: 12368K(12928K)->12368K(12928K) Class: 1939K(2176K)->1939K(2176K)
[294.347s][info][gc             ] GC(738) Pause Young (Normal) (G1 Evacuation Pause) 647M->6M(1073M) 8.393ms
[294.347s][info][gc,cpu         ] GC(738) User=0.00s Sys=0.00s Real=0.00s
[294.808s][info][gc,start       ] GC(739) Pause Young (Normal) (G1 Evacuation Pause)
[294.808s][info][gc,task        ] GC(739) Using 33 workers of 33 for evacuation
[294.814s][info][gc,phases      ] GC(739)   Pre Evacuate Collection Set: 0.2ms
[294.814s][info][gc,phases      ] GC(739)   Merge Heap Roots: 0.2ms
[294.814s][info][gc,phases      ] GC(739)   Evacuate Collection Set: 1.9ms
[294.814s][info][gc,phases      ] GC(739)   Post Evacuate Collection Set: 3.8ms
[294.814s][info][gc,phases      ] GC(739)   Other: 0.1ms
[294.814s][info][gc,heap        ] GC(739) Eden regions: 641->0(641)
[294.814s][info][gc,heap        ] GC(739) Survivor regions: 2->2(81)
[294.814s][info][gc,heap        ] GC(739) Old regions: 29->29
[294.814s][info][gc,heap        ] GC(739) Archive regions: 0->0
[294.814s][info][gc,heap        ] GC(739) Humongous regions: 0->0
[294.814s][info][gc,metaspace   ] GC(739) Metaspace: 14308K(15104K)->14308K(15104K) NonClass: 12368K(12928K)->12368K(12928K) Class: 1939K(2176K)->1939K(2176K)
[294.814s][info][gc             ] GC(739) Pause Young (Normal) (G1 Evacuation Pause) 647M->6M(1073M) 6.400ms
[294.814s][info][gc,cpu         ] GC(739) User=0.00s Sys=0.00s Real=0.01s
[295.273s][info][gc,start       ] GC(740) Pause Young (Normal) (G1 Evacuation Pause)
[295.273s][info][gc,task        ] GC(740) Using 33 workers of 33 for evacuation
[295.278s][info][gc,phases      ] GC(740)   Pre Evacuate Collection Set: 0.2ms
[295.278s][info][gc,phases      ] GC(740)   Merge Heap Roots: 0.2ms
[295.278s][info][gc,phases      ] GC(740)   Evacuate Collection Set: 0.6ms
[295.278s][info][gc,phases      ] GC(740)   Post Evacuate Collection Set: 3.8ms
[295.278s][info][gc,phases      ] GC(740)   Other: 0.1ms
[295.278s][info][gc,heap        ] GC(740) Eden regions: 641->0(641)
[295.278s][info][gc,heap        ] GC(740) Survivor regions: 2->2(81)
[295.278s][info][gc,heap        ] GC(740) Old regions: 29->29
[295.278s][info][gc,heap        ] GC(740) Archive regions: 0->0
[295.278s][info][gc,heap        ] GC(740) Humongous regions: 0->0
[295.278s][info][gc,metaspace   ] GC(740) Metaspace: 14308K(15104K)->14308K(15104K) NonClass: 12368K(12928K)->12368K(12928K) Class: 1939K(2176K)->1939K(2176K)
[295.278s][info][gc             ] GC(740) Pause Young (Normal) (G1 Evacuation Pause) 647M->6M(1073M) 5.070ms
[295.278s][info][gc,cpu         ] GC(740) User=0.00s Sys=0.00s Real=0.00s
[295.740s][info][gc,start       ] GC(741) Pause Young (Normal) (G1 Evacuation Pause)
[295.740s][info][gc,task        ] GC(741) Using 33 workers of 33 for evacuation
[295.745s][info][gc,phases      ] GC(741)   Pre Evacuate Collection Set: 0.2ms
[295.745s][info][gc,phases      ] GC(741)   Merge Heap Roots: 0.2ms
[295.745s][info][gc,phases      ] GC(741)   Evacuate Collection Set: 0.5ms
[295.745s][info][gc,phases      ] GC(741)   Post Evacuate Collection Set: 3.7ms
[295.745s][info][gc,phases      ] GC(741)   Other: 0.1ms
[295.745s][info][gc,heap        ] GC(741) Eden regions: 641->0(641)
[295.745s][info][gc,heap        ] GC(741) Survivor regions: 2->2(81)
[295.745s][info][gc,heap        ] GC(741) Old regions: 29->29
[295.745s][info][gc,heap        ] GC(741) Archive regions: 0->0
[295.745s][info][gc,heap        ] GC(741) Humongous regions: 0->0
[295.745s][info][gc,metaspace   ] GC(741) Metaspace: 14308K(15104K)->14308K(15104K) NonClass: 12368K(12928K)->12368K(12928K) Class: 1939K(2176K)->1939K(2176K)
[295.745s][info][gc             ] GC(741) Pause Young (Normal) (G1 Evacuation Pause) 647M->7M(1073M) 4.873ms
[295.745s][info][gc,cpu         ] GC(741) User=0.52s Sys=0.00s Real=0.01s
[296.195s][info][gc,start       ] GC(742) Pause Young (Normal) (G1 Evacuation Pause)
[296.195s][info][gc,task        ] GC(742) Using 33 workers of 33 for evacuation
[296.199s][info][gc,phases      ] GC(742)   Pre Evacuate Collection Set: 0.2ms
[296.199s][info][gc,phases      ] GC(742)   Merge Heap Roots: 0.2ms
[296.199s][info][gc,phases      ] GC(742)   Evacuate Collection Set: 0.5ms
[296.199s][info][gc,phases      ] GC(742)   Post Evacuate Collection Set: 3.8ms
[296.199s][info][gc,phases      ] GC(742)   Other: 0.1ms
[296.200s][info][gc,heap        ] GC(742) Eden regions: 641->0(641)
[296.200s][info][gc,heap        ] GC(742) Survivor regions: 2->2(81)
[296.200s][info][gc,heap        ] GC(742) Old regions: 29->29
[296.200s][info][gc,heap        ] GC(742) Archive regions: 0->0
[296.200s][info][gc,heap        ] GC(742) Humongous regions: 0->0
[296.200s][info][gc,metaspace   ] GC(742) Metaspace: 14308K(15104K)->14308K(15104K) NonClass: 12368K(12928K)->12368K(12928K) Class: 1939K(2176K)->1939K(2176K)
[296.200s][info][gc             ] GC(742) Pause Young (Normal) (G1 Evacuation Pause) 648M->7M(1073M) 5.077ms
[296.200s][info][gc,cpu         ] GC(742) User=0.00s Sys=0.00s Real=0.01s
[296.651s][info][gc,start       ] GC(743) Pause Young (Normal) (G1 Evacuation Pause)
[296.651s][info][gc,task        ] GC(743) Using 33 workers of 33 for evacuation
[296.656s][info][gc,phases      ] GC(743)   Pre Evacuate Collection Set: 0.2ms
[296.656s][info][gc,phases      ] GC(743)   Merge Heap Roots: 0.2ms
[296.656s][info][gc,phases      ] GC(743)   Evacuate Collection Set: 0.5ms
[296.656s][info][gc,phases      ] GC(743)   Post Evacuate Collection Set: 3.9ms
[296.656s][info][gc,phases      ] GC(743)   Other: 0.1ms
[296.656s][info][gc,heap        ] GC(743) Eden regions: 641->0(641)
[296.656s][info][gc,heap        ] GC(743) Survivor regions: 2->2(81)
[296.656s][info][gc,heap        ] GC(743) Old regions: 29->29
[296.656s][info][gc,heap        ] GC(743) Archive regions: 0->0
[296.656s][info][gc,heap        ] GC(743) Humongous regions: 0->0
[296.656s][info][gc,metaspace   ] GC(743) Metaspace: 14308K(15104K)->14308K(15104K) NonClass: 12368K(12928K)->12368K(12928K) Class: 1939K(2176K)->1939K(2176K)
[296.656s][info][gc             ] GC(743) Pause Young (Normal) (G1 Evacuation Pause) 648M->7M(1073M) 5.169ms
[296.656s][info][gc,cpu         ] GC(743) User=0.00s Sys=0.00s Real=0.00s
[297.100s][info][gc,start       ] GC(744) Pause Young (Normal) (G1 Evacuation Pause)
[297.100s][info][gc,task        ] GC(744) Using 33 workers of 33 for evacuation
[297.105s][info][gc,phases      ] GC(744)   Pre Evacuate Collection Set: 0.2ms
[297.105s][info][gc,phases      ] GC(744)   Merge Heap Roots: 0.2ms
[297.105s][info][gc,phases      ] GC(744)   Evacuate Collection Set: 0.6ms
[297.105s][info][gc,phases      ] GC(744)   Post Evacuate Collection Set: 3.9ms
[297.105s][info][gc,phases      ] GC(744)   Other: 0.1ms
[297.105s][info][gc,heap        ] GC(744) Eden regions: 641->0(641)
[297.105s][info][gc,heap        ] GC(744) Survivor regions: 2->2(81)
[297.105s][info][gc,heap        ] GC(744) Old regions: 29->29
[297.105s][info][gc,heap        ] GC(744) Archive regions: 0->0
[297.105s][info][gc,heap        ] GC(744) Humongous regions: 0->0
[297.105s][info][gc,metaspace   ] GC(744) Metaspace: 14308K(15104K)->14308K(15104K) NonClass: 12368K(12928K)->12368K(12928K) Class: 1939K(2176K)->1939K(2176K)
[297.106s][info][gc             ] GC(744) Pause Young (Normal) (G1 Evacuation Pause) 648M->7M(1073M) 5.210ms
[297.106s][info][gc,cpu         ] GC(744) User=0.02s Sys=0.00s Real=0.01s
[297.556s][info][gc,start       ] GC(745) Pause Young (Normal) (G1 Evacuation Pause)
[297.556s][info][gc,task        ] GC(745) Using 33 workers of 33 for evacuation
[297.561s][info][gc,phases      ] GC(745)   Pre Evacuate Collection Set: 0.2ms
[297.561s][info][gc,phases      ] GC(745)   Merge Heap Roots: 0.2ms
[297.561s][info][gc,phases      ] GC(745)   Evacuate Collection Set: 0.6ms
[297.561s][info][gc,phases      ] GC(745)   Post Evacuate Collection Set: 3.9ms
[297.561s][info][gc,phases      ] GC(745)   Other: 0.1ms
[297.561s][info][gc,heap        ] GC(745) Eden regions: 641->0(640)
[297.561s][info][gc,heap        ] GC(745) Survivor regions: 2->3(81)
[297.561s][info][gc,heap        ] GC(745) Old regions: 29->29
[297.561s][info][gc,heap        ] GC(745) Archive regions: 0->0
[297.561s][info][gc,heap        ] GC(745) Humongous regions: 0->0
[297.561s][info][gc,metaspace   ] GC(745) Metaspace: 14308K(15104K)->14308K(15104K) NonClass: 12368K(12928K)->12368K(12928K) Class: 1939K(2176K)->1939K(2176K)
[297.562s][info][gc             ] GC(745) Pause Young (Normal) (G1 Evacuation Pause) 648M->7M(1073M) 5.127ms
[297.562s][info][gc,cpu         ] GC(745) User=0.00s Sys=0.00s Real=0.01s
[298.019s][info][gc,start       ] GC(746) Pause Young (Normal) (G1 Evacuation Pause)
[298.019s][info][gc,task        ] GC(746) Using 33 workers of 33 for evacuation
[298.024s][info][gc,phases      ] GC(746)   Pre Evacuate Collection Set: 0.2ms
[298.024s][info][gc,phases      ] GC(746)   Merge Heap Roots: 0.2ms
[298.024s][info][gc,phases      ] GC(746)   Evacuate Collection Set: 0.6ms
[298.024s][info][gc,phases      ] GC(746)   Post Evacuate Collection Set: 3.7ms
[298.024s][info][gc,phases      ] GC(746)   Other: 0.1ms
[298.024s][info][gc,heap        ] GC(746) Eden regions: 640->0(640)
[298.024s][info][gc,heap        ] GC(746) Survivor regions: 3->3(81)
[298.024s][info][gc,heap        ] GC(746) Old regions: 29->29
[298.024s][info][gc,heap        ] GC(746) Archive regions: 0->0
[298.024s][info][gc,heap        ] GC(746) Humongous regions: 0->0
[298.024s][info][gc,metaspace   ] GC(746) Metaspace: 14308K(15104K)->14308K(15104K) NonClass: 12368K(12928K)->12368K(12928K) Class: 1939K(2176K)->1939K(2176K)
[298.024s][info][gc             ] GC(746) Pause Young (Normal) (G1 Evacuation Pause) 647M->7M(1073M) 5.086ms
[298.024s][info][gc,cpu         ] GC(746) User=0.52s Sys=0.00s Real=0.00s
[298.480s][info][gc,start       ] GC(747) Pause Young (Normal) (G1 Evacuation Pause)
[298.480s][info][gc,task        ] GC(747) Using 33 workers of 33 for evacuation
[298.485s][info][gc,phases      ] GC(747)   Pre Evacuate Collection Set: 0.2ms
[298.485s][info][gc,phases      ] GC(747)   Merge Heap Roots: 0.2ms
[298.485s][info][gc,phases      ] GC(747)   Evacuate Collection Set: 0.6ms
[298.485s][info][gc,phases      ] GC(747)   Post Evacuate Collection Set: 3.6ms
[298.485s][info][gc,phases      ] GC(747)   Other: 0.1ms
[298.485s][info][gc,heap        ] GC(747) Eden regions: 640->0(640)
[298.485s][info][gc,heap        ] GC(747) Survivor regions: 3->3(81)
[298.485s][info][gc,heap        ] GC(747) Old regions: 29->29
[298.485s][info][gc,heap        ] GC(747) Archive regions: 0->0
[298.485s][info][gc,heap        ] GC(747) Humongous regions: 0->0
[298.485s][info][gc,metaspace   ] GC(747) Metaspace: 14308K(15104K)->14308K(15104K) NonClass: 12368K(12928K)->12368K(12928K) Class: 1939K(2176K)->1939K(2176K)
[298.485s][info][gc             ] GC(747) Pause Young (Normal) (G1 Evacuation Pause) 647M->7M(1073M) 4.829ms
[298.485s][info][gc,cpu         ] GC(747) User=0.00s Sys=0.00s Real=0.00s
[298.932s][info][gc,start       ] GC(748) Pause Young (Normal) (G1 Evacuation Pause)
[298.932s][info][gc,task        ] GC(748) Using 33 workers of 33 for evacuation
[298.937s][info][gc,phases      ] GC(748)   Pre Evacuate Collection Set: 0.2ms
[298.937s][info][gc,phases      ] GC(748)   Merge Heap Roots: 0.2ms
[298.937s][info][gc,phases      ] GC(748)   Evacuate Collection Set: 0.6ms
[298.937s][info][gc,phases      ] GC(748)   Post Evacuate Collection Set: 3.7ms
[298.937s][info][gc,phases      ] GC(748)   Other: 0.1ms
[298.937s][info][gc,heap        ] GC(748) Eden regions: 640->0(640)
[298.937s][info][gc,heap        ] GC(748) Survivor regions: 3->3(81)
[298.937s][info][gc,heap        ] GC(748) Old regions: 29->29
[298.937s][info][gc,heap        ] GC(748) Archive regions: 0->0
[298.937s][info][gc,heap        ] GC(748) Humongous regions: 0->0
[298.937s][info][gc,metaspace   ] GC(748) Metaspace: 14308K(15104K)->14308K(15104K) NonClass: 12368K(12928K)->12368K(12928K) Class: 1939K(2176K)->1939K(2176K)
[298.937s][info][gc             ] GC(748) Pause Young (Normal) (G1 Evacuation Pause) 647M->7M(1073M) 5.006ms
[298.937s][info][gc,cpu         ] GC(748) User=0.00s Sys=0.00s Real=0.01s
[299.389s][info][gc,start       ] GC(749) Pause Young (Normal) (G1 Evacuation Pause)
[299.389s][info][gc,task        ] GC(749) Using 33 workers of 33 for evacuation
[299.394s][info][gc,phases      ] GC(749)   Pre Evacuate Collection Set: 0.2ms
[299.394s][info][gc,phases      ] GC(749)   Merge Heap Roots: 0.2ms
[299.394s][info][gc,phases      ] GC(749)   Evacuate Collection Set: 0.6ms
[299.394s][info][gc,phases      ] GC(749)   Post Evacuate Collection Set: 3.9ms
[299.394s][info][gc,phases      ] GC(749)   Other: 0.1ms
[299.394s][info][gc,heap        ] GC(749) Eden regions: 640->0(642)
[299.394s][info][gc,heap        ] GC(749) Survivor regions: 3->1(81)
[299.394s][info][gc,heap        ] GC(749) Old regions: 29->31
[299.394s][info][gc,heap        ] GC(749) Archive regions: 0->0
[299.394s][info][gc,heap        ] GC(749) Humongous regions: 0->0
[299.394s][info][gc,metaspace   ] GC(749) Metaspace: 14308K(15104K)->14308K(15104K) NonClass: 12368K(12928K)->12368K(12928K) Class: 1939K(2176K)->1939K(2176K)
[299.394s][info][gc             ] GC(749) Pause Young (Normal) (G1 Evacuation Pause) 647M->7M(1073M) 5.148ms
[299.395s][info][gc,cpu         ] GC(749) User=0.00s Sys=0.00s Real=0.01s
[299.844s][info][gc,start       ] GC(750) Pause Young (Normal) (G1 Evacuation Pause)
[299.844s][info][gc,task        ] GC(750) Using 33 workers of 33 for evacuation
[299.849s][info][gc,phases      ] GC(750)   Pre Evacuate Collection Set: 0.2ms
[299.849s][info][gc,phases      ] GC(750)   Merge Heap Roots: 0.2ms
[299.849s][info][gc,phases      ] GC(750)   Evacuate Collection Set: 0.4ms
[299.849s][info][gc,phases      ] GC(750)   Post Evacuate Collection Set: 3.9ms
[299.849s][info][gc,phases      ] GC(750)   Other: 0.1ms
[299.849s][info][gc,heap        ] GC(750) Eden regions: 642->0(642)
[299.849s][info][gc,heap        ] GC(750) Survivor regions: 1->1(81)
[299.849s][info][gc,heap        ] GC(750) Old regions: 31->31
[299.849s][info][gc,heap        ] GC(750) Archive regions: 0->0
[299.849s][info][gc,heap        ] GC(750) Humongous regions: 0->0
[299.849s][info][gc,metaspace   ] GC(750) Metaspace: 14308K(15104K)->14308K(15104K) NonClass: 12368K(12928K)->12368K(12928K) Class: 1939K(2176K)->1939K(2176K)
[299.849s][info][gc             ] GC(750) Pause Young (Normal) (G1 Evacuation Pause) 649M->7M(1073M) 5.012ms
[299.849s][info][gc,cpu         ] GC(750) User=0.00s Sys=0.00s Real=0.01s
[300.301s][info][gc,start       ] GC(751) Pause Young (Normal) (G1 Evacuation Pause)
[300.301s][info][gc,task        ] GC(751) Using 33 workers of 33 for evacuation
[300.306s][info][gc,phases      ] GC(751)   Pre Evacuate Collection Set: 0.2ms
[300.306s][info][gc,phases      ] GC(751)   Merge Heap Roots: 0.2ms
[300.306s][info][gc,phases      ] GC(751)   Evacuate Collection Set: 0.4ms
[300.306s][info][gc,phases      ] GC(751)   Post Evacuate Collection Set: 3.9ms
[300.306s][info][gc,phases      ] GC(751)   Other: 0.1ms
[300.306s][info][gc,heap        ] GC(751) Eden regions: 642->0(641)
[300.306s][info][gc,heap        ] GC(751) Survivor regions: 1->2(81)
[300.306s][info][gc,heap        ] GC(751) Old regions: 31->31
[300.306s][info][gc,heap        ] GC(751) Archive regions: 0->0
[300.306s][info][gc,heap        ] GC(751) Humongous regions: 0->0
[300.306s][info][gc,metaspace   ] GC(751) Metaspace: 14308K(15104K)->14308K(15104K) NonClass: 12368K(12928K)->12368K(12928K) Class: 1939K(2176K)->1939K(2176K)
[300.306s][info][gc             ] GC(751) Pause Young (Normal) (G1 Evacuation Pause) 649M->7M(1073M) 4.998ms
[300.306s][info][gc,cpu         ] GC(751) User=0.52s Sys=0.00s Real=0.00s
[300.764s][info][gc,start       ] GC(752) Pause Young (Normal) (G1 Evacuation Pause)
[300.764s][info][gc,task        ] GC(752) Using 33 workers of 33 for evacuation
[300.769s][info][gc,phases      ] GC(752)   Pre Evacuate Collection Set: 0.2ms
[300.769s][info][gc,phases      ] GC(752)   Merge Heap Roots: 0.2ms
[300.769s][info][gc,phases      ] GC(752)   Evacuate Collection Set: 0.4ms
[300.769s][info][gc,phases      ] GC(752)   Post Evacuate Collection Set: 3.7ms
[300.769s][info][gc,phases      ] GC(752)   Other: 0.1ms
[300.769s][info][gc,heap        ] GC(752) Eden regions: 641->0(641)
[300.769s][info][gc,heap        ] GC(752) Survivor regions: 2->2(81)
[300.769s][info][gc,heap        ] GC(752) Old regions: 31->31
[300.769s][info][gc,heap        ] GC(752) Archive regions: 0->0
[300.769s][info][gc,heap        ] GC(752) Humongous regions: 0->0
[300.769s][info][gc,metaspace   ] GC(752) Metaspace: 14308K(15104K)->14308K(15104K) NonClass: 12368K(12928K)->12368K(12928K) Class: 1939K(2176K)->1939K(2176K)
[300.769s][info][gc             ] GC(752) Pause Young (Normal) (G1 Evacuation Pause) 648M->7M(1073M) 4.801ms
[300.769s][info][gc,cpu         ] GC(752) User=0.00s Sys=0.00s Real=0.00s
[301.227s][info][gc,start       ] GC(753) Pause Young (Normal) (G1 Evacuation Pause)
[301.227s][info][gc,task        ] GC(753) Using 33 workers of 33 for evacuation
[301.232s][info][gc,phases      ] GC(753)   Pre Evacuate Collection Set: 0.2ms
[301.232s][info][gc,phases      ] GC(753)   Merge Heap Roots: 0.2ms
[301.232s][info][gc,phases      ] GC(753)   Evacuate Collection Set: 0.4ms
[301.232s][info][gc,phases      ] GC(753)   Post Evacuate Collection Set: 3.5ms
[301.232s][info][gc,phases      ] GC(753)   Other: 0.1ms
[301.232s][info][gc,heap        ] GC(753) Eden regions: 641->0(641)
[301.232s][info][gc,heap        ] GC(753) Survivor regions: 2->2(81)
[301.232s][info][gc,heap        ] GC(753) Old regions: 31->31
[301.232s][info][gc,heap        ] GC(753) Archive regions: 0->0
[301.232s][info][gc,heap        ] GC(753) Humongous regions: 0->0
[301.232s][info][gc,metaspace   ] GC(753) Metaspace: 14308K(15104K)->14308K(15104K) NonClass: 12368K(12928K)->12368K(12928K) Class: 1939K(2176K)->1939K(2176K)
[301.232s][info][gc             ] GC(753) Pause Young (Normal) (G1 Evacuation Pause) 648M->7M(1073M) 4.708ms
[301.232s][info][gc,cpu         ] GC(753) User=0.00s Sys=0.00s Real=0.01s
[301.681s][info][gc,start       ] GC(754) Pause Young (Normal) (G1 Evacuation Pause)
[301.682s][info][gc,task        ] GC(754) Using 33 workers of 33 for evacuation
[301.686s][info][gc,phases      ] GC(754)   Pre Evacuate Collection Set: 0.2ms
[301.686s][info][gc,phases      ] GC(754)   Merge Heap Roots: 0.2ms
[301.686s][info][gc,phases      ] GC(754)   Evacuate Collection Set: 0.4ms
[301.686s][info][gc,phases      ] GC(754)   Post Evacuate Collection Set: 3.6ms
[301.686s][info][gc,phases      ] GC(754)   Other: 0.1ms
[301.686s][info][gc,heap        ] GC(754) Eden regions: 641->0(641)
[301.686s][info][gc,heap        ] GC(754) Survivor regions: 2->2(81)
[301.686s][info][gc,heap        ] GC(754) Old regions: 31->31
[301.686s][info][gc,heap        ] GC(754) Archive regions: 0->0
[301.686s][info][gc,heap        ] GC(754) Humongous regions: 0->0
[301.686s][info][gc,metaspace   ] GC(754) Metaspace: 14308K(15104K)->14308K(15104K) NonClass: 12368K(12928K)->12368K(12928K) Class: 1939K(2176K)->1939K(2176K)
[301.686s][info][gc             ] GC(754) Pause Young (Normal) (G1 Evacuation Pause) 648M->8M(1073M) 4.711ms
[301.686s][info][gc,cpu         ] GC(754) User=0.00s Sys=0.00s Real=0.00s
[302.136s][info][gc,start       ] GC(755) Pause Young (Normal) (G1 Evacuation Pause)
[302.136s][info][gc,task        ] GC(755) Using 33 workers of 33 for evacuation
[302.140s][info][gc,phases      ] GC(755)   Pre Evacuate Collection Set: 0.2ms
[302.140s][info][gc,phases      ] GC(755)   Merge Heap Roots: 0.2ms
[302.140s][info][gc,phases      ] GC(755)   Evacuate Collection Set: 0.4ms
[302.140s][info][gc,phases      ] GC(755)   Post Evacuate Collection Set: 3.8ms
[302.140s][info][gc,phases      ] GC(755)   Other: 0.1ms
[302.140s][info][gc,heap        ] GC(755) Eden regions: 641->0(641)
[302.140s][info][gc,heap        ] GC(755) Survivor regions: 2->2(81)
[302.140s][info][gc,heap        ] GC(755) Old regions: 31->31
[302.140s][info][gc,heap        ] GC(755) Archive regions: 0->0
[302.140s][info][gc,heap        ] GC(755) Humongous regions: 0->0
[302.140s][info][gc,metaspace   ] GC(755) Metaspace: 14308K(15104K)->14308K(15104K) NonClass: 12368K(12928K)->12368K(12928K) Class: 1939K(2176K)->1939K(2176K)
[302.140s][info][gc             ] GC(755) Pause Young (Normal) (G1 Evacuation Pause) 649M->8M(1073M) 4.890ms
[302.141s][info][gc,cpu         ] GC(755) User=0.00s Sys=0.00s Real=0.01s
[302.591s][info][gc,start       ] GC(756) Pause Young (Normal) (G1 Evacuation Pause)
[302.591s][info][gc,task        ] GC(756) Using 33 workers of 33 for evacuation
[302.596s][info][gc,phases      ] GC(756)   Pre Evacuate Collection Set: 0.2ms
[302.596s][info][gc,phases      ] GC(756)   Merge Heap Roots: 0.2ms
[302.596s][info][gc,phases      ] GC(756)   Evacuate Collection Set: 0.4ms
[302.596s][info][gc,phases      ] GC(756)   Post Evacuate Collection Set: 3.9ms
[302.596s][info][gc,phases      ] GC(756)   Other: 0.1ms
[302.596s][info][gc,heap        ] GC(756) Eden regions: 641->0(641)
[302.596s][info][gc,heap        ] GC(756) Survivor regions: 2->2(81)
[302.596s][info][gc,heap        ] GC(756) Old regions: 31->31
[302.596s][info][gc,heap        ] GC(756) Archive regions: 0->0
[302.596s][info][gc,heap        ] GC(756) Humongous regions: 0->0
[302.596s][info][gc,metaspace   ] GC(756) Metaspace: 14308K(15104K)->14308K(15104K) NonClass: 12368K(12928K)->12368K(12928K) Class: 1939K(2176K)->1939K(2176K)
[302.596s][info][gc             ] GC(756) Pause Young (Normal) (G1 Evacuation Pause) 649M->8M(1073M) 4.982ms
[302.596s][info][gc,cpu         ] GC(756) User=0.00s Sys=0.00s Real=0.00s
[303.046s][info][gc,start       ] GC(757) Pause Young (Normal) (G1 Evacuation Pause)
[303.046s][info][gc,task        ] GC(757) Using 33 workers of 33 for evacuation
[303.051s][info][gc,phases      ] GC(757)   Pre Evacuate Collection Set: 0.2ms
[303.051s][info][gc,phases      ] GC(757)   Merge Heap Roots: 0.2ms
[303.051s][info][gc,phases      ] GC(757)   Evacuate Collection Set: 0.4ms
[303.051s][info][gc,phases      ] GC(757)   Post Evacuate Collection Set: 4.0ms
[303.051s][info][gc,phases      ] GC(757)   Other: 0.1ms
[303.051s][info][gc,heap        ] GC(757) Eden regions: 641->0(641)
[303.051s][info][gc,heap        ] GC(757) Survivor regions: 2->2(81)
[303.051s][info][gc,heap        ] GC(757) Old regions: 31->31
[303.051s][info][gc,heap        ] GC(757) Archive regions: 0->0
[303.051s][info][gc,heap        ] GC(757) Humongous regions: 0->0
[303.051s][info][gc,metaspace   ] GC(757) Metaspace: 14308K(15104K)->14308K(15104K) NonClass: 12368K(12928K)->12368K(12928K) Class: 1939K(2176K)->1939K(2176K)
[303.051s][info][gc             ] GC(757) Pause Young (Normal) (G1 Evacuation Pause) 649M->8M(1073M) 5.101ms
[303.051s][info][gc,cpu         ] GC(757) User=0.00s Sys=0.00s Real=0.00s
[303.501s][info][gc,start       ] GC(758) Pause Young (Normal) (G1 Evacuation Pause)
[303.501s][info][gc,task        ] GC(758) Using 33 workers of 33 for evacuation
[303.506s][info][gc,phases      ] GC(758)   Pre Evacuate Collection Set: 0.2ms
[303.506s][info][gc,phases      ] GC(758)   Merge Heap Roots: 0.2ms
[303.506s][info][gc,phases      ] GC(758)   Evacuate Collection Set: 0.4ms
[303.506s][info][gc,phases      ] GC(758)   Post Evacuate Collection Set: 4.1ms
[303.507s][info][gc,phases      ] GC(758)   Other: 0.1ms
[303.507s][info][gc,heap        ] GC(758) Eden regions: 641->0(641)
[303.507s][info][gc,heap        ] GC(758) Survivor regions: 2->2(81)
[303.507s][info][gc,heap        ] GC(758) Old regions: 31->31
[303.507s][info][gc,heap        ] GC(758) Archive regions: 0->0
[303.507s][info][gc,heap        ] GC(758) Humongous regions: 0->0
[303.507s][info][gc,metaspace   ] GC(758) Metaspace: 14308K(15104K)->14308K(15104K) NonClass: 12368K(12928K)->12368K(12928K) Class: 1939K(2176K)->1939K(2176K)
[303.507s][info][gc             ] GC(758) Pause Young (Normal) (G1 Evacuation Pause) 649M->8M(1073M) 5.299ms
[303.507s][info][gc,cpu         ] GC(758) User=0.00s Sys=0.00s Real=0.00s
[304.029s][info][gc,start       ] GC(759) Pause Young (Normal) (G1 Evacuation Pause)
[304.029s][info][gc,task        ] GC(759) Using 33 workers of 33 for evacuation
[304.035s][info][gc,phases      ] GC(759)   Pre Evacuate Collection Set: 0.2ms
[304.036s][info][gc,phases      ] GC(759)   Merge Heap Roots: 0.3ms
[304.036s][info][gc,phases      ] GC(759)   Evacuate Collection Set: 0.8ms
[304.036s][info][gc,phases      ] GC(759)   Post Evacuate Collection Set: 5.2ms
[304.036s][info][gc,phases      ] GC(759)   Other: 0.2ms
[304.036s][info][gc,heap        ] GC(759) Eden regions: 641->0(641)
[304.036s][info][gc,heap        ] GC(759) Survivor regions: 2->2(81)
[304.036s][info][gc,heap        ] GC(759) Old regions: 31->32
[304.036s][info][gc,heap        ] GC(759) Archive regions: 0->0
[304.036s][info][gc,heap        ] GC(759) Humongous regions: 0->0
[304.036s][info][gc,metaspace   ] GC(759) Metaspace: 14308K(15104K)->14308K(15104K) NonClass: 12368K(12928K)->12368K(12928K) Class: 1939K(2176K)->1939K(2176K)
[304.036s][info][gc             ] GC(759) Pause Young (Normal) (G1 Evacuation Pause) 649M->8M(1073M) 7.266ms
[304.036s][info][gc,cpu         ] GC(759) User=0.00s Sys=0.00s Real=0.01s
[304.455s][info][gc,start       ] GC(760) Pause Young (Normal) (G1 Evacuation Pause)
[304.455s][info][gc,task        ] GC(760) Using 33 workers of 33 for evacuation
[304.460s][info][gc,phases      ] GC(760)   Pre Evacuate Collection Set: 0.2ms
[304.460s][info][gc,phases      ] GC(760)   Merge Heap Roots: 0.3ms
[304.460s][info][gc,phases      ] GC(760)   Evacuate Collection Set: 0.4ms
[304.460s][info][gc,phases      ] GC(760)   Post Evacuate Collection Set: 4.0ms
[304.460s][info][gc,phases      ] GC(760)   Other: 0.1ms
[304.460s][info][gc,heap        ] GC(760) Eden regions: 641->0(641)
[304.460s][info][gc,heap        ] GC(760) Survivor regions: 2->2(81)
[304.460s][info][gc,heap        ] GC(760) Old regions: 32->32
[304.460s][info][gc,heap        ] GC(760) Archive regions: 0->0
[304.460s][info][gc,heap        ] GC(760) Humongous regions: 0->0
[304.460s][info][gc,metaspace   ] GC(760) Metaspace: 14308K(15104K)->14308K(15104K) NonClass: 12368K(12928K)->12368K(12928K) Class: 1939K(2176K)->1939K(2176K)
[304.460s][info][gc             ] GC(760) Pause Young (Normal) (G1 Evacuation Pause) 649M->8M(1073M) 5.151ms
[304.460s][info][gc,cpu         ] GC(760) User=0.02s Sys=0.00s Real=0.01s
[304.727s][info][gc,start       ] GC(761) Pause Full (System.gc())
[304.727s][info][gc,task        ] GC(761) Using 29 workers of 33 for full compaction
[304.728s][info][gc,phases,start] GC(761) Phase 1: Mark live objects
[304.738s][info][gc,phases      ] GC(761) Phase 1: Mark live objects 9.799ms
[304.738s][info][gc,phases,start] GC(761) Phase 2: Prepare compaction
[304.739s][info][gc,phases      ] GC(761) Phase 2: Prepare compaction 1.286ms
[304.739s][info][gc,phases,start] GC(761) Phase 3: Adjust pointers
[304.746s][info][gc,phases      ] GC(761) Phase 3: Adjust pointers 7.087ms
[304.747s][info][gc,phases,start] GC(761) Phase 4: Compact heap
[304.747s][info][gc,phases      ] GC(761) Phase 4: Compact heap 0.654ms
[304.757s][info][gc,heap        ] GC(761) Eden regions: 432->0(58)
[304.757s][info][gc,heap        ] GC(761) Survivor regions: 2->0(81)
[304.757s][info][gc,heap        ] GC(761) Old regions: 32->29
[304.757s][info][gc,heap        ] GC(761) Archive regions: 0->0
[304.757s][info][gc,heap        ] GC(761) Humongous regions: 0->0
[304.757s][info][gc,metaspace   ] GC(761) Metaspace: 14309K(15104K)->14309K(15104K) NonClass: 12370K(12928K)->12370K(12928K) Class: 1939K(2176K)->1939K(2176K)
[304.757s][info][gc             ] GC(761) Pause Full (System.gc()) 439M->5M(97M) 30.201ms
[304.757s][info][gc,cpu         ] GC(761) User=0.45s Sys=0.02s Real=0.03s
[304.805s][info][gc,start       ] GC(762) Pause Young (Normal) (G1 Evacuation Pause)
[304.805s][info][gc,task        ] GC(762) Using 33 workers of 33 for evacuation
[304.808s][info][gc,phases      ] GC(762)   Pre Evacuate Collection Set: 0.1ms
[304.808s][info][gc,phases      ] GC(762)   Merge Heap Roots: 0.1ms
[304.808s][info][gc,phases      ] GC(762)   Evacuate Collection Set: 0.4ms
[304.809s][info][gc,phases      ] GC(762)   Post Evacuate Collection Set: 3.0ms
[304.809s][info][gc,phases      ] GC(762)   Other: 0.1ms
[304.809s][info][gc,heap        ] GC(762) Eden regions: 58->0(56)
[304.809s][info][gc,heap        ] GC(762) Survivor regions: 0->2(8)
[304.809s][info][gc,heap        ] GC(762) Old regions: 29->29
[304.809s][info][gc,heap        ] GC(762) Archive regions: 0->0
[304.809s][info][gc,heap        ] GC(762) Humongous regions: 0->0
[304.809s][info][gc,metaspace   ] GC(762) Metaspace: 14313K(15104K)->14313K(15104K) NonClass: 12373K(12928K)->12373K(12928K) Class: 1939K(2176K)->1939K(2176K)
[304.809s][info][gc             ] GC(762) Pause Young (Normal) (G1 Evacuation Pause) 63M->6M(97M) 3.910ms
[304.809s][info][gc,cpu         ] GC(762) User=0.00s Sys=0.00s Real=0.00s
[304.848s][info][gc,start       ] GC(763) Pause Young (Normal) (G1 Evacuation Pause)
[304.848s][info][gc,task        ] GC(763) Using 33 workers of 33 for evacuation
[304.851s][info][gc,phases      ] GC(763)   Pre Evacuate Collection Set: 0.1ms
[304.851s][info][gc,phases      ] GC(763)   Merge Heap Roots: 0.1ms
[304.851s][info][gc,phases      ] GC(763)   Evacuate Collection Set: 0.5ms
[304.851s][info][gc,phases      ] GC(763)   Post Evacuate Collection Set: 2.8ms
[304.851s][info][gc,phases      ] GC(763)   Other: 0.1ms
[304.851s][info][gc,heap        ] GC(763) Eden regions: 56->0(56)
[304.851s][info][gc,heap        ] GC(763) Survivor regions: 2->2(8)
[304.851s][info][gc,heap        ] GC(763) Old regions: 29->29
[304.851s][info][gc,heap        ] GC(763) Archive regions: 0->0
[304.851s][info][gc,heap        ] GC(763) Humongous regions: 0->0
[304.851s][info][gc,metaspace   ] GC(763) Metaspace: 14313K(15104K)->14313K(15104K) NonClass: 12373K(12928K)->12373K(12928K) Class: 1939K(2176K)->1939K(2176K)
[304.852s][info][gc             ] GC(763) Pause Young (Normal) (G1 Evacuation Pause) 62M->6M(97M) 3.706ms
[304.852s][info][gc,cpu         ] GC(763) User=0.52s Sys=0.00s Real=0.00s
[304.890s][info][gc,start       ] GC(764) Pause Young (Normal) (G1 Evacuation Pause)
[304.890s][info][gc,task        ] GC(764) Using 33 workers of 33 for evacuation
[304.894s][info][gc,phases      ] GC(764)   Pre Evacuate Collection Set: 0.1ms
[304.894s][info][gc,phases      ] GC(764)   Merge Heap Roots: 0.1ms
[304.894s][info][gc,phases      ] GC(764)   Evacuate Collection Set: 0.4ms
[304.894s][info][gc,phases      ] GC(764)   Post Evacuate Collection Set: 2.9ms
[304.894s][info][gc,phases      ] GC(764)   Other: 0.1ms
[304.894s][info][gc,heap        ] GC(764) Eden regions: 56->0(56)
[304.894s][info][gc,heap        ] GC(764) Survivor regions: 2->2(8)
[304.894s][info][gc,heap        ] GC(764) Old regions: 29->29
[304.894s][info][gc,heap        ] GC(764) Archive regions: 0->0
[304.894s][info][gc,heap        ] GC(764) Humongous regions: 0->0
[304.894s][info][gc,metaspace   ] GC(764) Metaspace: 14313K(15104K)->14313K(15104K) NonClass: 12373K(12928K)->12373K(12928K) Class: 1939K(2176K)->1939K(2176K)
[304.894s][info][gc             ] GC(764) Pause Young (Normal) (G1 Evacuation Pause) 62M->6M(97M) 3.818ms
[304.894s][info][gc,cpu         ] GC(764) User=0.00s Sys=0.00s Real=0.00s
[304.933s][info][gc,start       ] GC(765) Pause Young (Normal) (G1 Evacuation Pause)
[304.933s][info][gc,task        ] GC(765) Using 33 workers of 33 for evacuation
[304.942s][info][gc,phases      ] GC(765)   Pre Evacuate Collection Set: 0.1ms
[304.942s][info][gc,phases      ] GC(765)   Merge Heap Roots: 0.1ms
[304.942s][info][gc,phases      ] GC(765)   Evacuate Collection Set: 0.4ms
[304.942s][info][gc,phases      ] GC(765)   Post Evacuate Collection Set: 7.9ms
[304.942s][info][gc,phases      ] GC(765)   Other: 0.1ms
[304.942s][info][gc,heap        ] GC(765) Eden regions: 56->0(641)
[304.942s][info][gc,heap        ] GC(765) Survivor regions: 2->2(8)
[304.942s][info][gc,heap        ] GC(765) Old regions: 29->29
[304.942s][info][gc,heap        ] GC(765) Archive regions: 0->0
[304.942s][info][gc,heap        ] GC(765) Humongous regions: 0->0
[304.942s][info][gc,metaspace   ] GC(765) Metaspace: 14313K(15104K)->14313K(15104K) NonClass: 12373K(12928K)->12373K(12928K) Class: 1939K(2176K)->1939K(2176K)
[304.942s][info][gc             ] GC(765) Pause Young (Normal) (G1 Evacuation Pause) 62M->6M(1073M) 8.803ms
[304.942s][info][gc,cpu         ] GC(765) User=0.00s Sys=0.00s Real=0.01s
[305.377s][info][gc,start       ] GC(766) Pause Young (Normal) (G1 Evacuation Pause)
[305.377s][info][gc,task        ] GC(766) Using 33 workers of 33 for evacuation
[305.383s][info][gc,phases      ] GC(766)   Pre Evacuate Collection Set: 0.2ms
[305.383s][info][gc,phases      ] GC(766)   Merge Heap Roots: 0.2ms
[305.383s][info][gc,phases      ] GC(766)   Evacuate Collection Set: 1.8ms
[305.383s][info][gc,phases      ] GC(766)   Post Evacuate Collection Set: 3.8ms
[305.383s][info][gc,phases      ] GC(766)   Other: 0.1ms
[305.383s][info][gc,heap        ] GC(766) Eden regions: 641->0(641)
[305.383s][info][gc,heap        ] GC(766) Survivor regions: 2->2(81)
[305.383s][info][gc,heap        ] GC(766) Old regions: 29->29
[305.383s][info][gc,heap        ] GC(766) Archive regions: 0->0
[305.383s][info][gc,heap        ] GC(766) Humongous regions: 0->0
[305.383s][info][gc,metaspace   ] GC(766) Metaspace: 14313K(15104K)->14313K(15104K) NonClass: 12373K(12928K)->12373K(12928K) Class: 1939K(2176K)->1939K(2176K)
[305.383s][info][gc             ] GC(766) Pause Young (Normal) (G1 Evacuation Pause) 647M->6M(1073M) 6.316ms
[305.383s][info][gc,cpu         ] GC(766) User=0.52s Sys=0.00s Real=0.01s
[305.830s][info][gc,start       ] GC(767) Pause Young (Normal) (G1 Evacuation Pause)
[305.830s][info][gc,task        ] GC(767) Using 33 workers of 33 for evacuation
[305.837s][info][gc,phases      ] GC(767)   Pre Evacuate Collection Set: 0.2ms
[305.837s][info][gc,phases      ] GC(767)   Merge Heap Roots: 0.2ms
[305.837s][info][gc,phases      ] GC(767)   Evacuate Collection Set: 1.8ms
[305.837s][info][gc,phases      ] GC(767)   Post Evacuate Collection Set: 3.9ms
[305.837s][info][gc,phases      ] GC(767)   Other: 0.1ms
[305.837s][info][gc,heap        ] GC(767) Eden regions: 641->0(641)
[305.837s][info][gc,heap        ] GC(767) Survivor regions: 2->2(81)
[305.837s][info][gc,heap        ] GC(767) Old regions: 29->29
[305.837s][info][gc,heap        ] GC(767) Archive regions: 0->0
[305.837s][info][gc,heap        ] GC(767) Humongous regions: 0->0
[305.837s][info][gc,metaspace   ] GC(767) Metaspace: 14313K(15104K)->14313K(15104K) NonClass: 12373K(12928K)->12373K(12928K) Class: 1939K(2176K)->1939K(2176K)
[305.837s][info][gc             ] GC(767) Pause Young (Normal) (G1 Evacuation Pause) 647M->6M(1073M) 6.420ms
[305.837s][info][gc,cpu         ] GC(767) User=0.52s Sys=0.00s Real=0.01s
[306.292s][info][gc,start       ] GC(768) Pause Young (Normal) (G1 Evacuation Pause)
[306.292s][info][gc,task        ] GC(768) Using 33 workers of 33 for evacuation
[306.297s][info][gc,phases      ] GC(768)   Pre Evacuate Collection Set: 0.2ms
[306.297s][info][gc,phases      ] GC(768)   Merge Heap Roots: 0.2ms
[306.297s][info][gc,phases      ] GC(768)   Evacuate Collection Set: 0.6ms
[306.297s][info][gc,phases      ] GC(768)   Post Evacuate Collection Set: 4.0ms
[306.297s][info][gc,phases      ] GC(768)   Other: 0.1ms
[306.297s][info][gc,heap        ] GC(768) Eden regions: 641->0(641)
[306.297s][info][gc,heap        ] GC(768) Survivor regions: 2->2(81)
[306.297s][info][gc,heap        ] GC(768) Old regions: 29->29
[306.297s][info][gc,heap        ] GC(768) Archive regions: 0->0
[306.297s][info][gc,heap        ] GC(768) Humongous regions: 0->0
[306.297s][info][gc,metaspace   ] GC(768) Metaspace: 14313K(15104K)->14313K(15104K) NonClass: 12373K(12928K)->12373K(12928K) Class: 1939K(2176K)->1939K(2176K)
[306.297s][info][gc             ] GC(768) Pause Young (Normal) (G1 Evacuation Pause) 647M->6M(1073M) 5.251ms
[306.297s][info][gc,cpu         ] GC(768) User=0.00s Sys=0.00s Real=0.00s
[306.828s][info][gc,start       ] GC(769) Pause Young (Normal) (G1 Evacuation Pause)
[306.828s][info][gc,task        ] GC(769) Using 33 workers of 33 for evacuation
[306.835s][info][gc,phases      ] GC(769)   Pre Evacuate Collection Set: 0.2ms
[306.835s][info][gc,phases      ] GC(769)   Merge Heap Roots: 0.3ms
[306.835s][info][gc,phases      ] GC(769)   Evacuate Collection Set: 1.1ms
[306.835s][info][gc,phases      ] GC(769)   Post Evacuate Collection Set: 5.1ms
[306.835s][info][gc,phases      ] GC(769)   Other: 0.2ms
[306.835s][info][gc,heap        ] GC(769) Eden regions: 641->0(641)
[306.835s][info][gc,heap        ] GC(769) Survivor regions: 2->2(81)
[306.835s][info][gc,heap        ] GC(769) Old regions: 29->29
[306.835s][info][gc,heap        ] GC(769) Archive regions: 0->0
[306.835s][info][gc,heap        ] GC(769) Humongous regions: 0->0
[306.835s][info][gc,metaspace   ] GC(769) Metaspace: 14313K(15104K)->14313K(15104K) NonClass: 12373K(12928K)->12373K(12928K) Class: 1939K(2176K)->1939K(2176K)
[306.835s][info][gc             ] GC(769) Pause Young (Normal) (G1 Evacuation Pause) 647M->7M(1073M) 7.453ms
[306.835s][info][gc,cpu         ] GC(769) User=0.00s Sys=0.00s Real=0.00s
[307.302s][info][gc,start       ] GC(770) Pause Young (Normal) (G1 Evacuation Pause)
[307.302s][info][gc,task        ] GC(770) Using 33 workers of 33 for evacuation
[307.307s][info][gc,phases      ] GC(770)   Pre Evacuate Collection Set: 0.2ms
[307.307s][info][gc,phases      ] GC(770)   Merge Heap Roots: 0.2ms
[307.307s][info][gc,phases      ] GC(770)   Evacuate Collection Set: 0.5ms
[307.307s][info][gc,phases      ] GC(770)   Post Evacuate Collection Set: 3.8ms
[307.307s][info][gc,phases      ] GC(770)   Other: 0.1ms
[307.307s][info][gc,heap        ] GC(770) Eden regions: 641->0(641)
[307.307s][info][gc,heap        ] GC(770) Survivor regions: 2->2(81)
[307.307s][info][gc,heap        ] GC(770) Old regions: 29->29
[307.307s][info][gc,heap        ] GC(770) Archive regions: 0->0
[307.307s][info][gc,heap        ] GC(770) Humongous regions: 0->0
[307.307s][info][gc,metaspace   ] GC(770) Metaspace: 14313K(15104K)->14313K(15104K) NonClass: 12373K(12928K)->12373K(12928K) Class: 1939K(2176K)->1939K(2176K)
[307.307s][info][gc             ] GC(770) Pause Young (Normal) (G1 Evacuation Pause) 648M->7M(1073M) 4.964ms
[307.307s][info][gc,cpu         ] GC(770) User=0.00s Sys=0.00s Real=0.00s
[307.757s][info][gc,start       ] GC(771) Pause Young (Normal) (G1 Evacuation Pause)
[307.757s][info][gc,task        ] GC(771) Using 33 workers of 33 for evacuation
[307.762s][info][gc,phases      ] GC(771)   Pre Evacuate Collection Set: 0.2ms
[307.762s][info][gc,phases      ] GC(771)   Merge Heap Roots: 0.2ms
[307.762s][info][gc,phases      ] GC(771)   Evacuate Collection Set: 0.6ms
[307.762s][info][gc,phases      ] GC(771)   Post Evacuate Collection Set: 3.8ms
[307.762s][info][gc,phases      ] GC(771)   Other: 0.1ms
[307.762s][info][gc,heap        ] GC(771) Eden regions: 641->0(641)
[307.762s][info][gc,heap        ] GC(771) Survivor regions: 2->2(81)
[307.762s][info][gc,heap        ] GC(771) Old regions: 29->29
[307.762s][info][gc,heap        ] GC(771) Archive regions: 0->0
[307.762s][info][gc,heap        ] GC(771) Humongous regions: 0->0
[307.762s][info][gc,metaspace   ] GC(771) Metaspace: 14313K(15104K)->14313K(15104K) NonClass: 12373K(12928K)->12373K(12928K) Class: 1939K(2176K)->1939K(2176K)
[307.762s][info][gc             ] GC(771) Pause Young (Normal) (G1 Evacuation Pause) 648M->7M(1073M) 5.115ms
[307.762s][info][gc,cpu         ] GC(771) User=0.52s Sys=0.00s Real=0.00s
[308.220s][info][gc,start       ] GC(772) Pause Young (Normal) (G1 Evacuation Pause)
[308.220s][info][gc,task        ] GC(772) Using 33 workers of 33 for evacuation
[308.225s][info][gc,phases      ] GC(772)   Pre Evacuate Collection Set: 0.2ms
[308.225s][info][gc,phases      ] GC(772)   Merge Heap Roots: 0.2ms
[308.225s][info][gc,phases      ] GC(772)   Evacuate Collection Set: 0.5ms
[308.225s][info][gc,phases      ] GC(772)   Post Evacuate Collection Set: 3.7ms
[308.225s][info][gc,phases      ] GC(772)   Other: 0.1ms
[308.225s][info][gc,heap        ] GC(772) Eden regions: 641->0(641)
[308.225s][info][gc,heap        ] GC(772) Survivor regions: 2->2(81)
[308.225s][info][gc,heap        ] GC(772) Old regions: 29->29
[308.225s][info][gc,heap        ] GC(772) Archive regions: 0->0
[308.225s][info][gc,heap        ] GC(772) Humongous regions: 0->0
[308.225s][info][gc,metaspace   ] GC(772) Metaspace: 14313K(15104K)->14313K(15104K) NonClass: 12373K(12928K)->12373K(12928K) Class: 1939K(2176K)->1939K(2176K)
[308.225s][info][gc             ] GC(772) Pause Young (Normal) (G1 Evacuation Pause) 648M->7M(1073M) 4.961ms
[308.225s][info][gc,cpu         ] GC(772) User=0.00s Sys=0.00s Real=0.00s
[308.674s][info][gc,start       ] GC(773) Pause Young (Normal) (G1 Evacuation Pause)
[308.674s][info][gc,task        ] GC(773) Using 33 workers of 33 for evacuation
[308.678s][info][gc,phases      ] GC(773)   Pre Evacuate Collection Set: 0.2ms
[308.678s][info][gc,phases      ] GC(773)   Merge Heap Roots: 0.2ms
[308.678s][info][gc,phases      ] GC(773)   Evacuate Collection Set: 0.5ms
[308.678s][info][gc,phases      ] GC(773)   Post Evacuate Collection Set: 3.8ms
[308.679s][info][gc,phases      ] GC(773)   Other: 0.1ms
[308.679s][info][gc,heap        ] GC(773) Eden regions: 641->0(640)
[308.679s][info][gc,heap        ] GC(773) Survivor regions: 2->3(81)
[308.679s][info][gc,heap        ] GC(773) Old regions: 29->29
[308.679s][info][gc,heap        ] GC(773) Archive regions: 0->0
[308.679s][info][gc,heap        ] GC(773) Humongous regions: 0->0
[308.679s][info][gc,metaspace   ] GC(773) Metaspace: 14313K(15104K)->14313K(15104K) NonClass: 12373K(12928K)->12373K(12928K) Class: 1939K(2176K)->1939K(2176K)
[308.679s][info][gc             ] GC(773) Pause Young (Normal) (G1 Evacuation Pause) 648M->7M(1073M) 5.023ms
[308.679s][info][gc,cpu         ] GC(773) User=0.00s Sys=0.02s Real=0.00s
[309.130s][info][gc,start       ] GC(774) Pause Young (Normal) (G1 Evacuation Pause)
[309.130s][info][gc,task        ] GC(774) Using 33 workers of 33 for evacuation
[309.135s][info][gc,phases      ] GC(774)   Pre Evacuate Collection Set: 0.2ms
[309.135s][info][gc,phases      ] GC(774)   Merge Heap Roots: 0.2ms
[309.135s][info][gc,phases      ] GC(774)   Evacuate Collection Set: 0.8ms
[309.135s][info][gc,phases      ] GC(774)   Post Evacuate Collection Set: 3.9ms
[309.135s][info][gc,phases      ] GC(774)   Other: 0.1ms
[309.135s][info][gc,heap        ] GC(774) Eden regions: 640->0(640)
[309.135s][info][gc,heap        ] GC(774) Survivor regions: 3->3(81)
[309.135s][info][gc,heap        ] GC(774) Old regions: 29->29
[309.135s][info][gc,heap        ] GC(774) Archive regions: 0->0
[309.135s][info][gc,heap        ] GC(774) Humongous regions: 0->0
[309.135s][info][gc,metaspace   ] GC(774) Metaspace: 14313K(15104K)->14313K(15104K) NonClass: 12373K(12928K)->12373K(12928K) Class: 1939K(2176K)->1939K(2176K)
[309.135s][info][gc             ] GC(774) Pause Young (Normal) (G1 Evacuation Pause) 647M->7M(1073M) 5.388ms
[309.135s][info][gc,cpu         ] GC(774) User=0.52s Sys=0.00s Real=0.01s
[309.583s][info][gc,start       ] GC(775) Pause Young (Normal) (G1 Evacuation Pause)
[309.583s][info][gc,task        ] GC(775) Using 33 workers of 33 for evacuation
[309.588s][info][gc,phases      ] GC(775)   Pre Evacuate Collection Set: 0.2ms
[309.588s][info][gc,phases      ] GC(775)   Merge Heap Roots: 0.2ms
[309.588s][info][gc,phases      ] GC(775)   Evacuate Collection Set: 0.6ms
[309.588s][info][gc,phases      ] GC(775)   Post Evacuate Collection Set: 4.0ms
[309.588s][info][gc,phases      ] GC(775)   Other: 0.1ms
[309.588s][info][gc,heap        ] GC(775) Eden regions: 640->0(640)
[309.588s][info][gc,heap        ] GC(775) Survivor regions: 3->3(81)
[309.588s][info][gc,heap        ] GC(775) Old regions: 29->29
[309.588s][info][gc,heap        ] GC(775) Archive regions: 0->0
[309.588s][info][gc,heap        ] GC(775) Humongous regions: 0->0
[309.588s][info][gc,metaspace   ] GC(775) Metaspace: 14313K(15104K)->14313K(15104K) NonClass: 12373K(12928K)->12373K(12928K) Class: 1939K(2176K)->1939K(2176K)
[309.588s][info][gc             ] GC(775) Pause Young (Normal) (G1 Evacuation Pause) 647M->7M(1073M) 5.341ms
[309.588s][info][gc,cpu         ] GC(775) User=0.52s Sys=0.00s Real=0.01s
[310.042s][info][gc,start       ] GC(776) Pause Young (Normal) (G1 Evacuation Pause)
[310.042s][info][gc,task        ] GC(776) Using 33 workers of 33 for evacuation
[310.047s][info][gc,phases      ] GC(776)   Pre Evacuate Collection Set: 0.2ms
[310.047s][info][gc,phases      ] GC(776)   Merge Heap Roots: 0.2ms
[310.047s][info][gc,phases      ] GC(776)   Evacuate Collection Set: 0.6ms
[310.047s][info][gc,phases      ] GC(776)   Post Evacuate Collection Set: 3.9ms
[310.047s][info][gc,phases      ] GC(776)   Other: 0.1ms
[310.047s][info][gc,heap        ] GC(776) Eden regions: 640->0(640)
[310.047s][info][gc,heap        ] GC(776) Survivor regions: 3->3(81)
[310.047s][info][gc,heap        ] GC(776) Old regions: 29->29
[310.047s][info][gc,heap        ] GC(776) Archive regions: 0->0
[310.047s][info][gc,heap        ] GC(776) Humongous regions: 0->0
[310.047s][info][gc,metaspace   ] GC(776) Metaspace: 14313K(15104K)->14313K(15104K) NonClass: 12373K(12928K)->12373K(12928K) Class: 1939K(2176K)->1939K(2176K)
[310.047s][info][gc             ] GC(776) Pause Young (Normal) (G1 Evacuation Pause) 647M->7M(1073M) 5.137ms
[310.047s][info][gc,cpu         ] GC(776) User=0.00s Sys=0.00s Real=0.00s
[310.500s][info][gc,start       ] GC(777) Pause Young (Normal) (G1 Evacuation Pause)
[310.500s][info][gc,task        ] GC(777) Using 33 workers of 33 for evacuation
[310.505s][info][gc,phases      ] GC(777)   Pre Evacuate Collection Set: 0.2ms
[310.505s][info][gc,phases      ] GC(777)   Merge Heap Roots: 0.2ms
[310.505s][info][gc,phases      ] GC(777)   Evacuate Collection Set: 0.5ms
[310.505s][info][gc,phases      ] GC(777)   Post Evacuate Collection Set: 3.8ms
[310.505s][info][gc,phases      ] GC(777)   Other: 0.1ms
[310.505s][info][gc,heap        ] GC(777) Eden regions: 640->0(642)
[310.505s][info][gc,heap        ] GC(777) Survivor regions: 3->1(81)
[310.505s][info][gc,heap        ] GC(777) Old regions: 29->31
[310.505s][info][gc,heap        ] GC(777) Archive regions: 0->0
[310.505s][info][gc,heap        ] GC(777) Humongous regions: 0->0
[310.505s][info][gc,metaspace   ] GC(777) Metaspace: 14313K(15104K)->14313K(15104K) NonClass: 12373K(12928K)->12373K(12928K) Class: 1939K(2176K)->1939K(2176K)
[310.505s][info][gc             ] GC(777) Pause Young (Normal) (G1 Evacuation Pause) 647M->7M(1073M) 5.037ms
[310.505s][info][gc,cpu         ] GC(777) User=0.00s Sys=0.00s Real=0.00s
[310.969s][info][gc,start       ] GC(778) Pause Young (Normal) (G1 Evacuation Pause)
[310.969s][info][gc,task        ] GC(778) Using 33 workers of 33 for evacuation
[310.974s][info][gc,phases      ] GC(778)   Pre Evacuate Collection Set: 0.2ms
[310.974s][info][gc,phases      ] GC(778)   Merge Heap Roots: 0.2ms
[310.974s][info][gc,phases      ] GC(778)   Evacuate Collection Set: 0.4ms
[310.974s][info][gc,phases      ] GC(778)   Post Evacuate Collection Set: 3.7ms
[310.974s][info][gc,phases      ] GC(778)   Other: 0.1ms
[310.974s][info][gc,heap        ] GC(778) Eden regions: 642->0(642)
[310.974s][info][gc,heap        ] GC(778) Survivor regions: 1->1(81)
[310.974s][info][gc,heap        ] GC(778) Old regions: 31->31
[310.974s][info][gc,heap        ] GC(778) Archive regions: 0->0
[310.974s][info][gc,heap        ] GC(778) Humongous regions: 0->0
[310.974s][info][gc,metaspace   ] GC(778) Metaspace: 14313K(15104K)->14313K(15104K) NonClass: 12373K(12928K)->12373K(12928K) Class: 1939K(2176K)->1939K(2176K)
[310.974s][info][gc             ] GC(778) Pause Young (Normal) (G1 Evacuation Pause) 649M->7M(1073M) 4.875ms
[310.974s][info][gc,cpu         ] GC(778) User=0.00s Sys=0.00s Real=0.00s
[311.428s][info][gc,start       ] GC(779) Pause Young (Normal) (G1 Evacuation Pause)
[311.428s][info][gc,task        ] GC(779) Using 33 workers of 33 for evacuation
[311.433s][info][gc,phases      ] GC(779)   Pre Evacuate Collection Set: 0.2ms
[311.433s][info][gc,phases      ] GC(779)   Merge Heap Roots: 0.2ms
[311.433s][info][gc,phases      ] GC(779)   Evacuate Collection Set: 0.4ms
[311.433s][info][gc,phases      ] GC(779)   Post Evacuate Collection Set: 3.8ms
[311.433s][info][gc,phases      ] GC(779)   Other: 0.1ms
[311.433s][info][gc,heap        ] GC(779) Eden regions: 642->0(641)
[311.433s][info][gc,heap        ] GC(779) Survivor regions: 1->2(81)
[311.433s][info][gc,heap        ] GC(779) Old regions: 31->31
[311.433s][info][gc,heap        ] GC(779) Archive regions: 0->0
[311.433s][info][gc,heap        ] GC(779) Humongous regions: 0->0
[311.433s][info][gc,metaspace   ] GC(779) Metaspace: 14313K(15104K)->14313K(15104K) NonClass: 12373K(12928K)->12373K(12928K) Class: 1939K(2176K)->1939K(2176K)
[311.433s][info][gc             ] GC(779) Pause Young (Normal) (G1 Evacuation Pause) 649M->7M(1073M) 4.891ms
[311.433s][info][gc,cpu         ] GC(779) User=0.52s Sys=0.00s Real=0.01s
[311.888s][info][gc,start       ] GC(780) Pause Young (Normal) (G1 Evacuation Pause)
[311.888s][info][gc,task        ] GC(780) Using 33 workers of 33 for evacuation
[311.893s][info][gc,phases      ] GC(780)   Pre Evacuate Collection Set: 0.2ms
[311.893s][info][gc,phases      ] GC(780)   Merge Heap Roots: 0.2ms
[311.893s][info][gc,phases      ] GC(780)   Evacuate Collection Set: 0.4ms
[311.893s][info][gc,phases      ] GC(780)   Post Evacuate Collection Set: 3.9ms
[311.893s][info][gc,phases      ] GC(780)   Other: 0.1ms
[311.893s][info][gc,heap        ] GC(780) Eden regions: 641->0(641)
[311.893s][info][gc,heap        ] GC(780) Survivor regions: 2->2(81)
[311.893s][info][gc,heap        ] GC(780) Old regions: 31->31
[311.893s][info][gc,heap        ] GC(780) Archive regions: 0->0
[311.893s][info][gc,heap        ] GC(780) Humongous regions: 0->0
[311.893s][info][gc,metaspace   ] GC(780) Metaspace: 14313K(15104K)->14313K(15104K) NonClass: 12373K(12928K)->12373K(12928K) Class: 1939K(2176K)->1939K(2176K)
[311.893s][info][gc             ] GC(780) Pause Young (Normal) (G1 Evacuation Pause) 648M->7M(1073M) 5.021ms
[311.893s][info][gc,cpu         ] GC(780) User=0.00s Sys=0.00s Real=0.01s
[312.351s][info][gc,start       ] GC(781) Pause Young (Normal) (G1 Evacuation Pause)
[312.351s][info][gc,task        ] GC(781) Using 33 workers of 33 for evacuation
[312.356s][info][gc,phases      ] GC(781)   Pre Evacuate Collection Set: 0.2ms
[312.356s][info][gc,phases      ] GC(781)   Merge Heap Roots: 0.2ms
[312.356s][info][gc,phases      ] GC(781)   Evacuate Collection Set: 0.4ms
[312.356s][info][gc,phases      ] GC(781)   Post Evacuate Collection Set: 3.9ms
[312.356s][info][gc,phases      ] GC(781)   Other: 0.1ms
[312.356s][info][gc,heap        ] GC(781) Eden regions: 641->0(641)
[312.356s][info][gc,heap        ] GC(781) Survivor regions: 2->2(81)
[312.356s][info][gc,heap        ] GC(781) Old regions: 31->31
[312.356s][info][gc,heap        ] GC(781) Archive regions: 0->0
[312.356s][info][gc,heap        ] GC(781) Humongous regions: 0->0
[312.356s][info][gc,metaspace   ] GC(781) Metaspace: 14313K(15104K)->14313K(15104K) NonClass: 12373K(12928K)->12373K(12928K) Class: 1939K(2176K)->1939K(2176K)
[312.356s][info][gc             ] GC(781) Pause Young (Normal) (G1 Evacuation Pause) 648M->7M(1073M) 5.075ms
[312.356s][info][gc,cpu         ] GC(781) User=0.02s Sys=0.00s Real=0.01s
[312.813s][info][gc,start       ] GC(782) Pause Young (Normal) (G1 Evacuation Pause)
[312.813s][info][gc,task        ] GC(782) Using 33 workers of 33 for evacuation
[312.818s][info][gc,phases      ] GC(782)   Pre Evacuate Collection Set: 0.2ms
[312.818s][info][gc,phases      ] GC(782)   Merge Heap Roots: 0.2ms
[312.818s][info][gc,phases      ] GC(782)   Evacuate Collection Set: 0.4ms
[312.818s][info][gc,phases      ] GC(782)   Post Evacuate Collection Set: 3.9ms
[312.818s][info][gc,phases      ] GC(782)   Other: 0.1ms
[312.818s][info][gc,heap        ] GC(782) Eden regions: 641->0(641)
[312.818s][info][gc,heap        ] GC(782) Survivor regions: 2->2(81)
[312.818s][info][gc,heap        ] GC(782) Old regions: 31->31
[312.818s][info][gc,heap        ] GC(782) Archive regions: 0->0
[312.818s][info][gc,heap        ] GC(782) Humongous regions: 0->0
[312.818s][info][gc,metaspace   ] GC(782) Metaspace: 14313K(15104K)->14313K(15104K) NonClass: 12373K(12928K)->12373K(12928K) Class: 1939K(2176K)->1939K(2176K)
[312.818s][info][gc             ] GC(782) Pause Young (Normal) (G1 Evacuation Pause) 648M->8M(1073M) 4.991ms
[312.818s][info][gc,cpu         ] GC(782) User=0.00s Sys=0.00s Real=0.00s
[313.280s][info][gc,start       ] GC(783) Pause Young (Normal) (G1 Evacuation Pause)
[313.280s][info][gc,task        ] GC(783) Using 33 workers of 33 for evacuation
[313.285s][info][gc,phases      ] GC(783)   Pre Evacuate Collection Set: 0.2ms
[313.285s][info][gc,phases      ] GC(783)   Merge Heap Roots: 0.2ms
[313.285s][info][gc,phases      ] GC(783)   Evacuate Collection Set: 0.4ms
[313.285s][info][gc,phases      ] GC(783)   Post Evacuate Collection Set: 3.7ms
[313.285s][info][gc,phases      ] GC(783)   Other: 0.1ms
[313.285s][info][gc,heap        ] GC(783) Eden regions: 641->0(641)
[313.285s][info][gc,heap        ] GC(783) Survivor regions: 2->2(81)
[313.285s][info][gc,heap        ] GC(783) Old regions: 31->31
[313.285s][info][gc,heap        ] GC(783) Archive regions: 0->0
[313.285s][info][gc,heap        ] GC(783) Humongous regions: 0->0
[313.285s][info][gc,metaspace   ] GC(783) Metaspace: 14313K(15104K)->14313K(15104K) NonClass: 12373K(12928K)->12373K(12928K) Class: 1939K(2176K)->1939K(2176K)
[313.285s][info][gc             ] GC(783) Pause Young (Normal) (G1 Evacuation Pause) 649M->8M(1073M) 4.827ms
[313.285s][info][gc,cpu         ] GC(783) User=0.00s Sys=0.00s Real=0.01s
[313.752s][info][gc,start       ] GC(784) Pause Young (Normal) (G1 Evacuation Pause)
[313.752s][info][gc,task        ] GC(784) Using 33 workers of 33 for evacuation
[313.757s][info][gc,phases      ] GC(784)   Pre Evacuate Collection Set: 0.2ms
[313.757s][info][gc,phases      ] GC(784)   Merge Heap Roots: 0.2ms
[313.757s][info][gc,phases      ] GC(784)   Evacuate Collection Set: 0.4ms
[313.757s][info][gc,phases      ] GC(784)   Post Evacuate Collection Set: 3.6ms
[313.757s][info][gc,phases      ] GC(784)   Other: 0.1ms
[313.757s][info][gc,heap        ] GC(784) Eden regions: 641->0(641)
[313.757s][info][gc,heap        ] GC(784) Survivor regions: 2->2(81)
[313.757s][info][gc,heap        ] GC(784) Old regions: 31->31
[313.757s][info][gc,heap        ] GC(784) Archive regions: 0->0
[313.757s][info][gc,heap        ] GC(784) Humongous regions: 0->0
[313.757s][info][gc,metaspace   ] GC(784) Metaspace: 14313K(15104K)->14313K(15104K) NonClass: 12373K(12928K)->12373K(12928K) Class: 1939K(2176K)->1939K(2176K)
[313.757s][info][gc             ] GC(784) Pause Young (Normal) (G1 Evacuation Pause) 649M->8M(1073M) 4.703ms
[313.757s][info][gc,cpu         ] GC(784) User=0.02s Sys=0.00s Real=0.00s
[314.212s][info][gc,start       ] GC(785) Pause Young (Normal) (G1 Evacuation Pause)
[314.212s][info][gc,task        ] GC(785) Using 33 workers of 33 for evacuation
[314.217s][info][gc,phases      ] GC(785)   Pre Evacuate Collection Set: 0.2ms
[314.217s][info][gc,phases      ] GC(785)   Merge Heap Roots: 0.2ms
[314.217s][info][gc,phases      ] GC(785)   Evacuate Collection Set: 0.4ms
[314.217s][info][gc,phases      ] GC(785)   Post Evacuate Collection Set: 3.7ms
[314.217s][info][gc,phases      ] GC(785)   Other: 0.1ms
[314.217s][info][gc,heap        ] GC(785) Eden regions: 641->0(641)
[314.217s][info][gc,heap        ] GC(785) Survivor regions: 2->2(81)
[314.217s][info][gc,heap        ] GC(785) Old regions: 31->31
[314.217s][info][gc,heap        ] GC(785) Archive regions: 0->0
[314.217s][info][gc,heap        ] GC(785) Humongous regions: 0->0
[314.217s][info][gc,metaspace   ] GC(785) Metaspace: 14313K(15104K)->14313K(15104K) NonClass: 12373K(12928K)->12373K(12928K) Class: 1939K(2176K)->1939K(2176K)
[314.217s][info][gc             ] GC(785) Pause Young (Normal) (G1 Evacuation Pause) 649M->8M(1073M) 4.871ms
[314.217s][info][gc,cpu         ] GC(785) User=0.00s Sys=0.00s Real=0.00s
[314.674s][info][gc,start       ] GC(786) Pause Young (Normal) (G1 Evacuation Pause)
[314.674s][info][gc,task        ] GC(786) Using 33 workers of 33 for evacuation
[314.679s][info][gc,phases      ] GC(786)   Pre Evacuate Collection Set: 0.2ms
[314.679s][info][gc,phases      ] GC(786)   Merge Heap Roots: 0.2ms
[314.679s][info][gc,phases      ] GC(786)   Evacuate Collection Set: 0.4ms
[314.679s][info][gc,phases      ] GC(786)   Post Evacuate Collection Set: 3.9ms
[314.679s][info][gc,phases      ] GC(786)   Other: 0.1ms
[314.679s][info][gc,heap        ] GC(786) Eden regions: 641->0(641)
[314.679s][info][gc,heap        ] GC(786) Survivor regions: 2->2(81)
[314.679s][info][gc,heap        ] GC(786) Old regions: 31->31
[314.679s][info][gc,heap        ] GC(786) Archive regions: 0->0
[314.679s][info][gc,heap        ] GC(786) Humongous regions: 0->0
[314.679s][info][gc,metaspace   ] GC(786) Metaspace: 14313K(15104K)->14313K(15104K) NonClass: 12373K(12928K)->12373K(12928K) Class: 1939K(2176K)->1939K(2176K)
[314.679s][info][gc             ] GC(786) Pause Young (Normal) (G1 Evacuation Pause) 649M->8M(1073M) 4.968ms
[314.679s][info][gc,cpu         ] GC(786) User=0.00s Sys=0.02s Real=0.00s
[315.129s][info][gc,start       ] GC(787) Pause Young (Normal) (G1 Evacuation Pause)
[315.129s][info][gc,task        ] GC(787) Using 33 workers of 33 for evacuation
[315.134s][info][gc,phases      ] GC(787)   Pre Evacuate Collection Set: 0.2ms
[315.134s][info][gc,phases      ] GC(787)   Merge Heap Roots: 0.2ms
[315.134s][info][gc,phases      ] GC(787)   Evacuate Collection Set: 0.4ms
[315.134s][info][gc,phases      ] GC(787)   Post Evacuate Collection Set: 3.9ms
[315.134s][info][gc,phases      ] GC(787)   Other: 0.1ms
[315.134s][info][gc,heap        ] GC(787) Eden regions: 641->0(641)
[315.134s][info][gc,heap        ] GC(787) Survivor regions: 2->2(81)
[315.134s][info][gc,heap        ] GC(787) Old regions: 31->32
[315.134s][info][gc,heap        ] GC(787) Archive regions: 0->0
[315.134s][info][gc,heap        ] GC(787) Humongous regions: 0->0
[315.134s][info][gc,metaspace   ] GC(787) Metaspace: 14313K(15104K)->14313K(15104K) NonClass: 12373K(12928K)->12373K(12928K) Class: 1939K(2176K)->1939K(2176K)
[315.134s][info][gc             ] GC(787) Pause Young (Normal) (G1 Evacuation Pause) 649M->8M(1073M) 4.967ms
[315.134s][info][gc,cpu         ] GC(787) User=0.52s Sys=0.00s Real=0.01s
[315.538s][info][gc,start       ] GC(788) Pause Young (Normal) (G1 Evacuation Pause)
[315.539s][info][gc,task        ] GC(788) Using 33 workers of 33 for evacuation
[315.544s][info][gc,phases      ] GC(788)   Pre Evacuate Collection Set: 0.2ms
[315.544s][info][gc,phases      ] GC(788)   Merge Heap Roots: 0.3ms
[315.544s][info][gc,phases      ] GC(788)   Evacuate Collection Set: 0.4ms
[315.544s][info][gc,phases      ] GC(788)   Post Evacuate Collection Set: 4.1ms
[315.544s][info][gc,phases      ] GC(788)   Other: 0.1ms
[315.544s][info][gc,heap        ] GC(788) Eden regions: 641->0(641)
[315.544s][info][gc,heap        ] GC(788) Survivor regions: 2->2(81)
[315.544s][info][gc,heap        ] GC(788) Old regions: 32->32
[315.544s][info][gc,heap        ] GC(788) Archive regions: 0->0
[315.544s][info][gc,heap        ] GC(788) Humongous regions: 0->0
[315.544s][info][gc,metaspace   ] GC(788) Metaspace: 14313K(15104K)->14313K(15104K) NonClass: 12373K(12928K)->12373K(12928K) Class: 1939K(2176K)->1939K(2176K)
[315.544s][info][gc             ] GC(788) Pause Young (Normal) (G1 Evacuation Pause) 649M->8M(1073M) 5.325ms
[315.544s][info][gc,cpu         ] GC(788) User=0.00s Sys=0.00s Real=0.01s
[315.800s][info][gc,start       ] GC(789) Pause Full (System.gc())
[315.800s][info][gc,task        ] GC(789) Using 29 workers of 33 for full compaction
[315.801s][info][gc,phases,start] GC(789) Phase 1: Mark live objects
[315.809s][info][gc,phases      ] GC(789) Phase 1: Mark live objects 8.341ms
[315.809s][info][gc,phases,start] GC(789) Phase 2: Prepare compaction
[315.811s][info][gc,phases      ] GC(789) Phase 2: Prepare compaction 1.173ms
[315.811s][info][gc,phases,start] GC(789) Phase 3: Adjust pointers
[315.817s][info][gc,phases      ] GC(789) Phase 3: Adjust pointers 6.330ms
[315.817s][info][gc,phases,start] GC(789) Phase 4: Compact heap
[315.818s][info][gc,phases      ] GC(789) Phase 4: Compact heap 0.620ms
[315.825s][info][gc,heap        ] GC(789) Eden regions: 395->0(58)
[315.825s][info][gc,heap        ] GC(789) Survivor regions: 2->0(81)
[315.825s][info][gc,heap        ] GC(789) Old regions: 32->29
[315.825s][info][gc,heap        ] GC(789) Archive regions: 0->0
[315.825s][info][gc,heap        ] GC(789) Humongous regions: 0->0
[315.825s][info][gc,metaspace   ] GC(789) Metaspace: 14313K(15104K)->14313K(15104K) NonClass: 12373K(12928K)->12373K(12928K) Class: 1939K(2176K)->1939K(2176K)
[315.825s][info][gc             ] GC(789) Pause Full (System.gc()) 403M->5M(97M) 25.778ms
[315.825s][info][gc,cpu         ] GC(789) User=0.03s Sys=0.00s Real=0.02s
[315.871s][info][gc,start       ] GC(790) Pause Young (Normal) (G1 Evacuation Pause)
[315.871s][info][gc,task        ] GC(790) Using 33 workers of 33 for evacuation
[315.875s][info][gc,phases      ] GC(790)   Pre Evacuate Collection Set: 0.1ms
[315.875s][info][gc,phases      ] GC(790)   Merge Heap Roots: 0.1ms
[315.875s][info][gc,phases      ] GC(790)   Evacuate Collection Set: 0.4ms
[315.875s][info][gc,phases      ] GC(790)   Post Evacuate Collection Set: 2.7ms
[315.875s][info][gc,phases      ] GC(790)   Other: 0.1ms
[315.875s][info][gc,heap        ] GC(790) Eden regions: 58->0(56)
[315.875s][info][gc,heap        ] GC(790) Survivor regions: 0->2(8)
[315.875s][info][gc,heap        ] GC(790) Old regions: 29->29
[315.875s][info][gc,heap        ] GC(790) Archive regions: 0->0
[315.875s][info][gc,heap        ] GC(790) Humongous regions: 0->0
[315.875s][info][gc,metaspace   ] GC(790) Metaspace: 14313K(15104K)->14313K(15104K) NonClass: 12373K(12928K)->12373K(12928K) Class: 1939K(2176K)->1939K(2176K)
[315.875s][info][gc             ] GC(790) Pause Young (Normal) (G1 Evacuation Pause) 63M->6M(97M) 3.603ms
[315.875s][info][gc,cpu         ] GC(790) User=0.00s Sys=0.00s Real=0.00s
[315.914s][info][gc,start       ] GC(791) Pause Young (Normal) (G1 Evacuation Pause)
[315.914s][info][gc,task        ] GC(791) Using 33 workers of 33 for evacuation
[315.917s][info][gc,phases      ] GC(791)   Pre Evacuate Collection Set: 0.1ms
[315.917s][info][gc,phases      ] GC(791)   Merge Heap Roots: 0.1ms
[315.917s][info][gc,phases      ] GC(791)   Evacuate Collection Set: 0.5ms
[315.917s][info][gc,phases      ] GC(791)   Post Evacuate Collection Set: 2.6ms
[315.917s][info][gc,phases      ] GC(791)   Other: 0.1ms
[315.918s][info][gc,heap        ] GC(791) Eden regions: 56->0(56)
[315.918s][info][gc,heap        ] GC(791) Survivor regions: 2->2(8)
[315.918s][info][gc,heap        ] GC(791) Old regions: 29->29
[315.918s][info][gc,heap        ] GC(791) Archive regions: 0->0
[315.918s][info][gc,heap        ] GC(791) Humongous regions: 0->0
[315.918s][info][gc,metaspace   ] GC(791) Metaspace: 14313K(15104K)->14313K(15104K) NonClass: 12373K(12928K)->12373K(12928K) Class: 1939K(2176K)->1939K(2176K)
[315.918s][info][gc             ] GC(791) Pause Young (Normal) (G1 Evacuation Pause) 62M->6M(97M) 3.536ms
[315.918s][info][gc,cpu         ] GC(791) User=0.00s Sys=0.00s Real=0.00s
[315.957s][info][gc,start       ] GC(792) Pause Young (Normal) (G1 Evacuation Pause)
[315.957s][info][gc,task        ] GC(792) Using 33 workers of 33 for evacuation
[315.961s][info][gc,phases      ] GC(792)   Pre Evacuate Collection Set: 0.1ms
[315.961s][info][gc,phases      ] GC(792)   Merge Heap Roots: 0.1ms
[315.961s][info][gc,phases      ] GC(792)   Evacuate Collection Set: 0.5ms
[315.961s][info][gc,phases      ] GC(792)   Post Evacuate Collection Set: 2.7ms
[315.961s][info][gc,phases      ] GC(792)   Other: 0.1ms
[315.961s][info][gc,heap        ] GC(792) Eden regions: 56->0(56)
[315.961s][info][gc,heap        ] GC(792) Survivor regions: 2->2(8)
[315.961s][info][gc,heap        ] GC(792) Old regions: 29->29
[315.961s][info][gc,heap        ] GC(792) Archive regions: 0->0
[315.961s][info][gc,heap        ] GC(792) Humongous regions: 0->0
[315.961s][info][gc,metaspace   ] GC(792) Metaspace: 14313K(15104K)->14313K(15104K) NonClass: 12373K(12928K)->12373K(12928K) Class: 1939K(2176K)->1939K(2176K)
[315.961s][info][gc             ] GC(792) Pause Young (Normal) (G1 Evacuation Pause) 62M->6M(97M) 3.578ms
[315.961s][info][gc,cpu         ] GC(792) User=0.02s Sys=0.00s Real=0.00s
[316.024s][info][gc,start       ] GC(793) Pause Young (Normal) (G1 Evacuation Pause)
[316.024s][info][gc,task        ] GC(793) Using 33 workers of 33 for evacuation
[316.036s][info][gc,phases      ] GC(793)   Pre Evacuate Collection Set: 0.1ms
[316.036s][info][gc,phases      ] GC(793)   Merge Heap Roots: 0.1ms
[316.036s][info][gc,phases      ] GC(793)   Evacuate Collection Set: 0.6ms
[316.037s][info][gc,phases      ] GC(793)   Post Evacuate Collection Set: 11.5ms
[316.037s][info][gc,phases      ] GC(793)   Other: 0.1ms
[316.037s][info][gc,heap        ] GC(793) Eden regions: 56->0(641)
[316.037s][info][gc,heap        ] GC(793) Survivor regions: 2->2(8)
[316.037s][info][gc,heap        ] GC(793) Old regions: 29->29
[316.037s][info][gc,heap        ] GC(793) Archive regions: 0->0
[316.037s][info][gc,heap        ] GC(793) Humongous regions: 0->0
[316.037s][info][gc,metaspace   ] GC(793) Metaspace: 14313K(15104K)->14313K(15104K) NonClass: 12373K(12928K)->12373K(12928K) Class: 1939K(2176K)->1939K(2176K)
[316.037s][info][gc             ] GC(793) Pause Young (Normal) (G1 Evacuation Pause) 62M->6M(1073M) 12.861ms
[316.037s][info][gc,cpu         ] GC(793) User=0.52s Sys=0.00s Real=0.01s
[316.488s][info][gc,start       ] GC(794) Pause Young (Normal) (G1 Evacuation Pause)
[316.488s][info][gc,task        ] GC(794) Using 33 workers of 33 for evacuation
[316.494s][info][gc,phases      ] GC(794)   Pre Evacuate Collection Set: 0.2ms
[316.494s][info][gc,phases      ] GC(794)   Merge Heap Roots: 0.2ms
[316.494s][info][gc,phases      ] GC(794)   Evacuate Collection Set: 2.3ms
[316.494s][info][gc,phases      ] GC(794)   Post Evacuate Collection Set: 3.5ms
[316.494s][info][gc,phases      ] GC(794)   Other: 0.1ms
[316.494s][info][gc,heap        ] GC(794) Eden regions: 641->0(641)
[316.494s][info][gc,heap        ] GC(794) Survivor regions: 2->2(81)
[316.494s][info][gc,heap        ] GC(794) Old regions: 29->29
[316.494s][info][gc,heap        ] GC(794) Archive regions: 0->0
[316.494s][info][gc,heap        ] GC(794) Humongous regions: 0->0
[316.494s][info][gc,metaspace   ] GC(794) Metaspace: 14313K(15104K)->14313K(15104K) NonClass: 12373K(12928K)->12373K(12928K) Class: 1939K(2176K)->1939K(2176K)
[316.494s][info][gc             ] GC(794) Pause Young (Normal) (G1 Evacuation Pause) 647M->6M(1073M) 6.537ms
[316.494s][info][gc,cpu         ] GC(794) User=0.00s Sys=0.00s Real=0.00s
[316.939s][info][gc,start       ] GC(795) Pause Young (Normal) (G1 Evacuation Pause)
[316.939s][info][gc,task        ] GC(795) Using 33 workers of 33 for evacuation
[316.945s][info][gc,phases      ] GC(795)   Pre Evacuate Collection Set: 0.2ms
[316.945s][info][gc,phases      ] GC(795)   Merge Heap Roots: 0.2ms
[316.945s][info][gc,phases      ] GC(795)   Evacuate Collection Set: 1.8ms
[316.945s][info][gc,phases      ] GC(795)   Post Evacuate Collection Set: 3.7ms
[316.945s][info][gc,phases      ] GC(795)   Other: 0.1ms
[316.945s][info][gc,heap        ] GC(795) Eden regions: 641->0(641)
[316.945s][info][gc,heap        ] GC(795) Survivor regions: 2->2(81)
[316.945s][info][gc,heap        ] GC(795) Old regions: 29->29
[316.945s][info][gc,heap        ] GC(795) Archive regions: 0->0
[316.945s][info][gc,heap        ] GC(795) Humongous regions: 0->0
[316.945s][info][gc,metaspace   ] GC(795) Metaspace: 14313K(15104K)->14313K(15104K) NonClass: 12373K(12928K)->12373K(12928K) Class: 1939K(2176K)->1939K(2176K)
[316.945s][info][gc             ] GC(795) Pause Young (Normal) (G1 Evacuation Pause) 647M->6M(1073M) 6.136ms
[316.945s][info][gc,cpu         ] GC(795) User=0.19s Sys=0.03s Real=0.01s
[317.396s][info][gc,start       ] GC(796) Pause Young (Normal) (G1 Evacuation Pause)
[317.396s][info][gc,task        ] GC(796) Using 33 workers of 33 for evacuation
[317.401s][info][gc,phases      ] GC(796)   Pre Evacuate Collection Set: 0.2ms
[317.401s][info][gc,phases      ] GC(796)   Merge Heap Roots: 0.2ms
[317.401s][info][gc,phases      ] GC(796)   Evacuate Collection Set: 0.5ms
[317.401s][info][gc,phases      ] GC(796)   Post Evacuate Collection Set: 3.8ms
[317.401s][info][gc,phases      ] GC(796)   Other: 0.1ms
[317.401s][info][gc,heap        ] GC(796) Eden regions: 641->0(641)
[317.401s][info][gc,heap        ] GC(796) Survivor regions: 2->2(81)
[317.401s][info][gc,heap        ] GC(796) Old regions: 29->29
[317.401s][info][gc,heap        ] GC(796) Archive regions: 0->0
[317.401s][info][gc,heap        ] GC(796) Humongous regions: 0->0
[317.401s][info][gc,metaspace   ] GC(796) Metaspace: 14313K(15104K)->14313K(15104K) NonClass: 12373K(12928K)->12373K(12928K) Class: 1939K(2176K)->1939K(2176K)
[317.401s][info][gc             ] GC(796) Pause Young (Normal) (G1 Evacuation Pause) 647M->6M(1073M) 5.025ms
[317.401s][info][gc,cpu         ] GC(796) User=0.52s Sys=0.00s Real=0.01s
[317.850s][info][gc,start       ] GC(797) Pause Young (Normal) (G1 Evacuation Pause)
[317.850s][info][gc,task        ] GC(797) Using 33 workers of 33 for evacuation
[317.855s][info][gc,phases      ] GC(797)   Pre Evacuate Collection Set: 0.2ms
[317.855s][info][gc,phases      ] GC(797)   Merge Heap Roots: 0.2ms
[317.855s][info][gc,phases      ] GC(797)   Evacuate Collection Set: 0.5ms
[317.855s][info][gc,phases      ] GC(797)   Post Evacuate Collection Set: 3.9ms
[317.855s][info][gc,phases      ] GC(797)   Other: 0.1ms
[317.855s][info][gc,heap        ] GC(797) Eden regions: 641->0(641)
[317.855s][info][gc,heap        ] GC(797) Survivor regions: 2->2(81)
[317.855s][info][gc,heap        ] GC(797) Old regions: 29->29
[317.855s][info][gc,heap        ] GC(797) Archive regions: 0->0
[317.855s][info][gc,heap        ] GC(797) Humongous regions: 0->0
[317.855s][info][gc,metaspace   ] GC(797) Metaspace: 14313K(15104K)->14313K(15104K) NonClass: 12373K(12928K)->12373K(12928K) Class: 1939K(2176K)->1939K(2176K)
[317.855s][info][gc             ] GC(797) Pause Young (Normal) (G1 Evacuation Pause) 647M->7M(1073M) 5.092ms
[317.855s][info][gc,cpu         ] GC(797) User=0.52s Sys=0.00s Real=0.01s
[318.311s][info][gc,start       ] GC(798) Pause Young (Normal) (G1 Evacuation Pause)
[318.311s][info][gc,task        ] GC(798) Using 33 workers of 33 for evacuation
[318.316s][info][gc,phases      ] GC(798)   Pre Evacuate Collection Set: 0.2ms
[318.316s][info][gc,phases      ] GC(798)   Merge Heap Roots: 0.2ms
[318.316s][info][gc,phases      ] GC(798)   Evacuate Collection Set: 0.5ms
[318.316s][info][gc,phases      ] GC(798)   Post Evacuate Collection Set: 3.9ms
[318.316s][info][gc,phases      ] GC(798)   Other: 0.1ms
[318.316s][info][gc,heap        ] GC(798) Eden regions: 641->0(641)
[318.316s][info][gc,heap        ] GC(798) Survivor regions: 2->2(81)
[318.316s][info][gc,heap        ] GC(798) Old regions: 29->29
[318.316s][info][gc,heap        ] GC(798) Archive regions: 0->0
[318.316s][info][gc,heap        ] GC(798) Humongous regions: 0->0
[318.316s][info][gc,metaspace   ] GC(798) Metaspace: 14313K(15104K)->14313K(15104K) NonClass: 12373K(12928K)->12373K(12928K) Class: 1939K(2176K)->1939K(2176K)
[318.316s][info][gc             ] GC(798) Pause Young (Normal) (G1 Evacuation Pause) 648M->7M(1073M) 5.146ms
[318.316s][info][gc,cpu         ] GC(798) User=0.00s Sys=0.00s Real=0.00s
[318.769s][info][gc,start       ] GC(799) Pause Young (Normal) (G1 Evacuation Pause)
[318.770s][info][gc,task        ] GC(799) Using 33 workers of 33 for evacuation
[318.775s][info][gc,phases      ] GC(799)   Pre Evacuate Collection Set: 0.2ms
[318.775s][info][gc,phases      ] GC(799)   Merge Heap Roots: 0.2ms
[318.775s][info][gc,phases      ] GC(799)   Evacuate Collection Set: 0.5ms
[318.775s][info][gc,phases      ] GC(799)   Post Evacuate Collection Set: 4.0ms
[318.775s][info][gc,phases      ] GC(799)   Other: 0.1ms
[318.775s][info][gc,heap        ] GC(799) Eden regions: 641->0(641)
[318.775s][info][gc,heap        ] GC(799) Survivor regions: 2->2(81)
[318.775s][info][gc,heap        ] GC(799) Old regions: 29->29
[318.775s][info][gc,heap        ] GC(799) Archive regions: 0->0
[318.775s][info][gc,heap        ] GC(799) Humongous regions: 0->0
[318.775s][info][gc,metaspace   ] GC(799) Metaspace: 14313K(15104K)->14313K(15104K) NonClass: 12373K(12928K)->12373K(12928K) Class: 1939K(2176K)->1939K(2176K)
[318.775s][info][gc             ] GC(799) Pause Young (Normal) (G1 Evacuation Pause) 648M->7M(1073M) 5.234ms
[318.775s][info][gc,cpu         ] GC(799) User=0.52s Sys=0.00s Real=0.00s
[319.226s][info][gc,start       ] GC(800) Pause Young (Normal) (G1 Evacuation Pause)
[319.226s][info][gc,task        ] GC(800) Using 33 workers of 33 for evacuation
[319.231s][info][gc,phases      ] GC(800)   Pre Evacuate Collection Set: 0.2ms
[319.231s][info][gc,phases      ] GC(800)   Merge Heap Roots: 0.2ms
[319.231s][info][gc,phases      ] GC(800)   Evacuate Collection Set: 0.5ms
[319.231s][info][gc,phases      ] GC(800)   Post Evacuate Collection Set: 4.0ms
[319.231s][info][gc,phases      ] GC(800)   Other: 0.1ms
[319.231s][info][gc,heap        ] GC(800) Eden regions: 641->0(641)
[319.231s][info][gc,heap        ] GC(800) Survivor regions: 2->2(81)
[319.231s][info][gc,heap        ] GC(800) Old regions: 29->29
[319.231s][info][gc,heap        ] GC(800) Archive regions: 0->0
[319.231s][info][gc,heap        ] GC(800) Humongous regions: 0->0
[319.231s][info][gc,metaspace   ] GC(800) Metaspace: 14313K(15104K)->14313K(15104K) NonClass: 12373K(12928K)->12373K(12928K) Class: 1939K(2176K)->1939K(2176K)
[319.231s][info][gc             ] GC(800) Pause Young (Normal) (G1 Evacuation Pause) 648M->7M(1073M) 5.250ms
[319.231s][info][gc,cpu         ] GC(800) User=0.00s Sys=0.00s Real=0.00s
[319.690s][info][gc,start       ] GC(801) Pause Young (Normal) (G1 Evacuation Pause)
[319.690s][info][gc,task        ] GC(801) Using 33 workers of 33 for evacuation
[319.694s][info][gc,phases      ] GC(801)   Pre Evacuate Collection Set: 0.2ms
[319.694s][info][gc,phases      ] GC(801)   Merge Heap Roots: 0.2ms
[319.694s][info][gc,phases      ] GC(801)   Evacuate Collection Set: 0.6ms
[319.694s][info][gc,phases      ] GC(801)   Post Evacuate Collection Set: 3.7ms
[319.694s][info][gc,phases      ] GC(801)   Other: 0.1ms
[319.694s][info][gc,heap        ] GC(801) Eden regions: 641->0(640)
[319.694s][info][gc,heap        ] GC(801) Survivor regions: 2->3(81)
[319.694s][info][gc,heap        ] GC(801) Old regions: 29->29
[319.694s][info][gc,heap        ] GC(801) Archive regions: 0->0
[319.695s][info][gc,heap        ] GC(801) Humongous regions: 0->0
[319.695s][info][gc,metaspace   ] GC(801) Metaspace: 14313K(15104K)->14313K(15104K) NonClass: 12373K(12928K)->12373K(12928K) Class: 1939K(2176K)->1939K(2176K)
[319.695s][info][gc             ] GC(801) Pause Young (Normal) (G1 Evacuation Pause) 648M->7M(1073M) 5.007ms
[319.695s][info][gc,cpu         ] GC(801) User=0.00s Sys=0.02s Real=0.00s
[320.155s][info][gc,start       ] GC(802) Pause Young (Normal) (G1 Evacuation Pause)
[320.155s][info][gc,task        ] GC(802) Using 33 workers of 33 for evacuation
[320.159s][info][gc,phases      ] GC(802)   Pre Evacuate Collection Set: 0.2ms
[320.160s][info][gc,phases      ] GC(802)   Merge Heap Roots: 0.2ms
[320.160s][info][gc,phases      ] GC(802)   Evacuate Collection Set: 0.7ms
[320.160s][info][gc,phases      ] GC(802)   Post Evacuate Collection Set: 3.6ms
[320.160s][info][gc,phases      ] GC(802)   Other: 0.1ms
[320.160s][info][gc,heap        ] GC(802) Eden regions: 640->0(640)
[320.160s][info][gc,heap        ] GC(802) Survivor regions: 3->3(81)
[320.160s][info][gc,heap        ] GC(802) Old regions: 29->29
[320.160s][info][gc,heap        ] GC(802) Archive regions: 0->0
[320.160s][info][gc,heap        ] GC(802) Humongous regions: 0->0
[320.160s][info][gc,metaspace   ] GC(802) Metaspace: 14313K(15104K)->14313K(15104K) NonClass: 12373K(12928K)->12373K(12928K) Class: 1939K(2176K)->1939K(2176K)
[320.160s][info][gc             ] GC(802) Pause Young (Normal) (G1 Evacuation Pause) 647M->7M(1073M) 5.061ms
[320.160s][info][gc,cpu         ] GC(802) User=0.00s Sys=0.00s Real=0.01s
[320.607s][info][gc,start       ] GC(803) Pause Young (Normal) (G1 Evacuation Pause)
[320.607s][info][gc,task        ] GC(803) Using 33 workers of 33 for evacuation
[320.612s][info][gc,phases      ] GC(803)   Pre Evacuate Collection Set: 0.2ms
[320.612s][info][gc,phases      ] GC(803)   Merge Heap Roots: 0.2ms
[320.612s][info][gc,phases      ] GC(803)   Evacuate Collection Set: 0.5ms
[320.612s][info][gc,phases      ] GC(803)   Post Evacuate Collection Set: 3.8ms
[320.612s][info][gc,phases      ] GC(803)   Other: 0.1ms
[320.612s][info][gc,heap        ] GC(803) Eden regions: 640->0(640)
[320.612s][info][gc,heap        ] GC(803) Survivor regions: 3->3(81)
[320.612s][info][gc,heap        ] GC(803) Old regions: 29->29
[320.612s][info][gc,heap        ] GC(803) Archive regions: 0->0
[320.612s][info][gc,heap        ] GC(803) Humongous regions: 0->0
[320.612s][info][gc,metaspace   ] GC(803) Metaspace: 14313K(15104K)->14313K(15104K) NonClass: 12373K(12928K)->12373K(12928K) Class: 1939K(2176K)->1939K(2176K)
[320.612s][info][gc             ] GC(803) Pause Young (Normal) (G1 Evacuation Pause) 647M->7M(1073M) 5.054ms
[320.612s][info][gc,cpu         ] GC(803) User=0.00s Sys=0.00s Real=0.00s
[321.061s][info][gc,start       ] GC(804) Pause Young (Normal) (G1 Evacuation Pause)
[321.062s][info][gc,task        ] GC(804) Using 33 workers of 33 for evacuation
[321.067s][info][gc,phases      ] GC(804)   Pre Evacuate Collection Set: 0.2ms
[321.067s][info][gc,phases      ] GC(804)   Merge Heap Roots: 0.2ms
[321.067s][info][gc,phases      ] GC(804)   Evacuate Collection Set: 0.6ms
[321.067s][info][gc,phases      ] GC(804)   Post Evacuate Collection Set: 3.9ms
[321.067s][info][gc,phases      ] GC(804)   Other: 0.1ms
[321.067s][info][gc,heap        ] GC(804) Eden regions: 640->0(640)
[321.067s][info][gc,heap        ] GC(804) Survivor regions: 3->3(81)
[321.067s][info][gc,heap        ] GC(804) Old regions: 29->29
[321.067s][info][gc,heap        ] GC(804) Archive regions: 0->0
[321.067s][info][gc,heap        ] GC(804) Humongous regions: 0->0
[321.067s][info][gc,metaspace   ] GC(804) Metaspace: 14313K(15104K)->14313K(15104K) NonClass: 12373K(12928K)->12373K(12928K) Class: 1939K(2176K)->1939K(2176K)
[321.067s][info][gc             ] GC(804) Pause Young (Normal) (G1 Evacuation Pause) 647M->7M(1073M) 5.210ms
[321.067s][info][gc,cpu         ] GC(804) User=0.00s Sys=0.00s Real=0.01s
[321.520s][info][gc,start       ] GC(805) Pause Young (Normal) (G1 Evacuation Pause)
[321.520s][info][gc,task        ] GC(805) Using 33 workers of 33 for evacuation
[321.525s][info][gc,phases      ] GC(805)   Pre Evacuate Collection Set: 0.2ms
[321.525s][info][gc,phases      ] GC(805)   Merge Heap Roots: 0.2ms
[321.525s][info][gc,phases      ] GC(805)   Evacuate Collection Set: 0.5ms
[321.525s][info][gc,phases      ] GC(805)   Post Evacuate Collection Set: 4.0ms
[321.525s][info][gc,phases      ] GC(805)   Other: 0.1ms
[321.525s][info][gc,heap        ] GC(805) Eden regions: 640->0(642)
[321.525s][info][gc,heap        ] GC(805) Survivor regions: 3->1(81)
[321.525s][info][gc,heap        ] GC(805) Old regions: 29->31
[321.525s][info][gc,heap        ] GC(805) Archive regions: 0->0
[321.525s][info][gc,heap        ] GC(805) Humongous regions: 0->0
[321.525s][info][gc,metaspace   ] GC(805) Metaspace: 14313K(15104K)->14313K(15104K) NonClass: 12373K(12928K)->12373K(12928K) Class: 1939K(2176K)->1939K(2176K)
[321.525s][info][gc             ] GC(805) Pause Young (Normal) (G1 Evacuation Pause) 647M->7M(1073M) 5.219ms
[321.525s][info][gc,cpu         ] GC(805) User=0.52s Sys=0.00s Real=0.01s
[321.986s][info][gc,start       ] GC(806) Pause Young (Normal) (G1 Evacuation Pause)
[321.986s][info][gc,task        ] GC(806) Using 33 workers of 33 for evacuation
[321.991s][info][gc,phases      ] GC(806)   Pre Evacuate Collection Set: 0.2ms
[321.991s][info][gc,phases      ] GC(806)   Merge Heap Roots: 0.2ms
[321.991s][info][gc,phases      ] GC(806)   Evacuate Collection Set: 0.4ms
[321.991s][info][gc,phases      ] GC(806)   Post Evacuate Collection Set: 3.9ms
[321.991s][info][gc,phases      ] GC(806)   Other: 0.1ms
[321.991s][info][gc,heap        ] GC(806) Eden regions: 642->0(642)
[321.991s][info][gc,heap        ] GC(806) Survivor regions: 1->1(81)
[321.991s][info][gc,heap        ] GC(806) Old regions: 31->31
[321.991s][info][gc,heap        ] GC(806) Archive regions: 0->0
[321.991s][info][gc,heap        ] GC(806) Humongous regions: 0->0
[321.991s][info][gc,metaspace   ] GC(806) Metaspace: 14313K(15104K)->14313K(15104K) NonClass: 12373K(12928K)->12373K(12928K) Class: 1939K(2176K)->1939K(2176K)
[321.991s][info][gc             ] GC(806) Pause Young (Normal) (G1 Evacuation Pause) 649M->7M(1073M) 5.078ms
[321.991s][info][gc,cpu         ] GC(806) User=0.00s Sys=0.00s Real=0.01s
[322.460s][info][gc,start       ] GC(807) Pause Young (Normal) (G1 Evacuation Pause)
[322.460s][info][gc,task        ] GC(807) Using 33 workers of 33 for evacuation
[322.464s][info][gc,phases      ] GC(807)   Pre Evacuate Collection Set: 0.2ms
[322.464s][info][gc,phases      ] GC(807)   Merge Heap Roots: 0.2ms
[322.464s][info][gc,phases      ] GC(807)   Evacuate Collection Set: 0.4ms
[322.464s][info][gc,phases      ] GC(807)   Post Evacuate Collection Set: 3.7ms
[322.464s][info][gc,phases      ] GC(807)   Other: 0.1ms
[322.465s][info][gc,heap        ] GC(807) Eden regions: 642->0(641)
[322.465s][info][gc,heap        ] GC(807) Survivor regions: 1->2(81)
[322.465s][info][gc,heap        ] GC(807) Old regions: 31->31
[322.465s][info][gc,heap        ] GC(807) Archive regions: 0->0
[322.465s][info][gc,heap        ] GC(807) Humongous regions: 0->0
[322.465s][info][gc,metaspace   ] GC(807) Metaspace: 14313K(15104K)->14313K(15104K) NonClass: 12373K(12928K)->12373K(12928K) Class: 1939K(2176K)->1939K(2176K)
[322.465s][info][gc             ] GC(807) Pause Young (Normal) (G1 Evacuation Pause) 649M->7M(1073M) 4.839ms
[322.465s][info][gc,cpu         ] GC(807) User=0.00s Sys=0.00s Real=0.00s
[322.934s][info][gc,start       ] GC(808) Pause Young (Normal) (G1 Evacuation Pause)
[322.934s][info][gc,task        ] GC(808) Using 33 workers of 33 for evacuation
[322.939s][info][gc,phases      ] GC(808)   Pre Evacuate Collection Set: 0.2ms
[322.939s][info][gc,phases      ] GC(808)   Merge Heap Roots: 0.2ms
[322.939s][info][gc,phases      ] GC(808)   Evacuate Collection Set: 0.3ms
[322.939s][info][gc,phases      ] GC(808)   Post Evacuate Collection Set: 3.6ms
[322.939s][info][gc,phases      ] GC(808)   Other: 0.1ms
[322.939s][info][gc,heap        ] GC(808) Eden regions: 641->0(641)
[322.939s][info][gc,heap        ] GC(808) Survivor regions: 2->2(81)
[322.939s][info][gc,heap        ] GC(808) Old regions: 31->31
[322.939s][info][gc,heap        ] GC(808) Archive regions: 0->0
[322.939s][info][gc,heap        ] GC(808) Humongous regions: 0->0
[322.939s][info][gc,metaspace   ] GC(808) Metaspace: 14313K(15104K)->14313K(15104K) NonClass: 12373K(12928K)->12373K(12928K) Class: 1939K(2176K)->1939K(2176K)
[322.939s][info][gc             ] GC(808) Pause Young (Normal) (G1 Evacuation Pause) 648M->7M(1073M) 4.672ms
[322.939s][info][gc,cpu         ] GC(808) User=0.00s Sys=0.00s Real=0.00s
[323.396s][info][gc,start       ] GC(809) Pause Young (Normal) (G1 Evacuation Pause)
[323.396s][info][gc,task        ] GC(809) Using 33 workers of 33 for evacuation
[323.401s][info][gc,phases      ] GC(809)   Pre Evacuate Collection Set: 0.2ms
[323.401s][info][gc,phases      ] GC(809)   Merge Heap Roots: 0.2ms
[323.401s][info][gc,phases      ] GC(809)   Evacuate Collection Set: 0.4ms
[323.401s][info][gc,phases      ] GC(809)   Post Evacuate Collection Set: 3.8ms
[323.401s][info][gc,phases      ] GC(809)   Other: 0.1ms
[323.401s][info][gc,heap        ] GC(809) Eden regions: 641->0(641)
[323.401s][info][gc,heap        ] GC(809) Survivor regions: 2->2(81)
[323.401s][info][gc,heap        ] GC(809) Old regions: 31->31
[323.401s][info][gc,heap        ] GC(809) Archive regions: 0->0
[323.401s][info][gc,heap        ] GC(809) Humongous regions: 0->0
[323.401s][info][gc,metaspace   ] GC(809) Metaspace: 14313K(15104K)->14313K(15104K) NonClass: 12373K(12928K)->12373K(12928K) Class: 1939K(2176K)->1939K(2176K)
[323.401s][info][gc             ] GC(809) Pause Young (Normal) (G1 Evacuation Pause) 648M->7M(1073M) 4.944ms
[323.401s][info][gc,cpu         ] GC(809) User=0.52s Sys=0.00s Real=0.01s
[323.860s][info][gc,start       ] GC(810) Pause Young (Normal) (G1 Evacuation Pause)
[323.860s][info][gc,task        ] GC(810) Using 33 workers of 33 for evacuation
[323.865s][info][gc,phases      ] GC(810)   Pre Evacuate Collection Set: 0.2ms
[323.865s][info][gc,phases      ] GC(810)   Merge Heap Roots: 0.2ms
[323.865s][info][gc,phases      ] GC(810)   Evacuate Collection Set: 0.4ms
[323.865s][info][gc,phases      ] GC(810)   Post Evacuate Collection Set: 3.8ms
[323.865s][info][gc,phases      ] GC(810)   Other: 0.1ms
[323.865s][info][gc,heap        ] GC(810) Eden regions: 641->0(641)
[323.865s][info][gc,heap        ] GC(810) Survivor regions: 2->2(81)
[323.865s][info][gc,heap        ] GC(810) Old regions: 31->31
[323.865s][info][gc,heap        ] GC(810) Archive regions: 0->0
[323.865s][info][gc,heap        ] GC(810) Humongous regions: 0->0
[323.865s][info][gc,metaspace   ] GC(810) Metaspace: 14313K(15104K)->14313K(15104K) NonClass: 12373K(12928K)->12373K(12928K) Class: 1939K(2176K)->1939K(2176K)
[323.865s][info][gc             ] GC(810) Pause Young (Normal) (G1 Evacuation Pause) 648M->8M(1073M) 4.921ms
[323.865s][info][gc,cpu         ] GC(810) User=0.00s Sys=0.00s Real=0.01s
[324.322s][info][gc,start       ] GC(811) Pause Young (Normal) (G1 Evacuation Pause)
[324.323s][info][gc,task        ] GC(811) Using 33 workers of 33 for evacuation
[324.327s][info][gc,phases      ] GC(811)   Pre Evacuate Collection Set: 0.2ms
[324.327s][info][gc,phases      ] GC(811)   Merge Heap Roots: 0.2ms
[324.327s][info][gc,phases      ] GC(811)   Evacuate Collection Set: 0.4ms
[324.327s][info][gc,phases      ] GC(811)   Post Evacuate Collection Set: 3.9ms
[324.327s][info][gc,phases      ] GC(811)   Other: 0.1ms
[324.327s][info][gc,heap        ] GC(811) Eden regions: 641->0(641)
[324.327s][info][gc,heap        ] GC(811) Survivor regions: 2->2(81)
[324.327s][info][gc,heap        ] GC(811) Old regions: 31->31
[324.327s][info][gc,heap        ] GC(811) Archive regions: 0->0
[324.327s][info][gc,heap        ] GC(811) Humongous regions: 0->0
[324.327s][info][gc,metaspace   ] GC(811) Metaspace: 14313K(15104K)->14313K(15104K) NonClass: 12373K(12928K)->12373K(12928K) Class: 1939K(2176K)->1939K(2176K)
[324.327s][info][gc             ] GC(811) Pause Young (Normal) (G1 Evacuation Pause) 649M->8M(1073M) 5.026ms
[324.327s][info][gc,cpu         ] GC(811) User=0.00s Sys=0.00s Real=0.00s
[324.791s][info][gc,start       ] GC(812) Pause Young (Normal) (G1 Evacuation Pause)
[324.791s][info][gc,task        ] GC(812) Using 33 workers of 33 for evacuation
[324.796s][info][gc,phases      ] GC(812)   Pre Evacuate Collection Set: 0.2ms
[324.796s][info][gc,phases      ] GC(812)   Merge Heap Roots: 0.2ms
[324.796s][info][gc,phases      ] GC(812)   Evacuate Collection Set: 0.4ms
[324.796s][info][gc,phases      ] GC(812)   Post Evacuate Collection Set: 3.9ms
[324.796s][info][gc,phases      ] GC(812)   Other: 0.1ms
[324.796s][info][gc,heap        ] GC(812) Eden regions: 641->0(641)
[324.796s][info][gc,heap        ] GC(812) Survivor regions: 2->2(81)
[324.796s][info][gc,heap        ] GC(812) Old regions: 31->31
[324.796s][info][gc,heap        ] GC(812) Archive regions: 0->0
[324.796s][info][gc,heap        ] GC(812) Humongous regions: 0->0
[324.796s][info][gc,metaspace   ] GC(812) Metaspace: 14313K(15104K)->14313K(15104K) NonClass: 12373K(12928K)->12373K(12928K) Class: 1939K(2176K)->1939K(2176K)
[324.796s][info][gc             ] GC(812) Pause Young (Normal) (G1 Evacuation Pause) 649M->8M(1073M) 5.080ms
[324.796s][info][gc,cpu         ] GC(812) User=0.00s Sys=0.00s Real=0.00s
[325.259s][info][gc,start       ] GC(813) Pause Young (Normal) (G1 Evacuation Pause)
[325.260s][info][gc,task        ] GC(813) Using 33 workers of 33 for evacuation
[325.264s][info][gc,phases      ] GC(813)   Pre Evacuate Collection Set: 0.2ms
[325.264s][info][gc,phases      ] GC(813)   Merge Heap Roots: 0.2ms
[325.264s][info][gc,phases      ] GC(813)   Evacuate Collection Set: 0.4ms
[325.264s][info][gc,phases      ] GC(813)   Post Evacuate Collection Set: 3.6ms
[325.264s][info][gc,phases      ] GC(813)   Other: 0.1ms
[325.264s][info][gc,heap        ] GC(813) Eden regions: 641->0(641)
[325.264s][info][gc,heap        ] GC(813) Survivor regions: 2->2(81)
[325.264s][info][gc,heap        ] GC(813) Old regions: 31->31
[325.264s][info][gc,heap        ] GC(813) Archive regions: 0->0
[325.264s][info][gc,heap        ] GC(813) Humongous regions: 0->0
[325.264s][info][gc,metaspace   ] GC(813) Metaspace: 14313K(15104K)->14313K(15104K) NonClass: 12373K(12928K)->12373K(12928K) Class: 1939K(2176K)->1939K(2176K)
[325.264s][info][gc             ] GC(813) Pause Young (Normal) (G1 Evacuation Pause) 649M->8M(1073M) 4.783ms
[325.264s][info][gc,cpu         ] GC(813) User=0.00s Sys=0.00s Real=0.00s
[325.732s][info][gc,start       ] GC(814) Pause Young (Normal) (G1 Evacuation Pause)
[325.732s][info][gc,task        ] GC(814) Using 33 workers of 33 for evacuation
[325.737s][info][gc,phases      ] GC(814)   Pre Evacuate Collection Set: 0.2ms
[325.737s][info][gc,phases      ] GC(814)   Merge Heap Roots: 0.2ms
[325.737s][info][gc,phases      ] GC(814)   Evacuate Collection Set: 0.4ms
[325.737s][info][gc,phases      ] GC(814)   Post Evacuate Collection Set: 3.6ms
[325.737s][info][gc,phases      ] GC(814)   Other: 0.1ms
[325.737s][info][gc,heap        ] GC(814) Eden regions: 641->0(641)
[325.737s][info][gc,heap        ] GC(814) Survivor regions: 2->2(81)
[325.737s][info][gc,heap        ] GC(814) Old regions: 31->31
[325.737s][info][gc,heap        ] GC(814) Archive regions: 0->0
[325.737s][info][gc,heap        ] GC(814) Humongous regions: 0->0
[325.737s][info][gc,metaspace   ] GC(814) Metaspace: 14313K(15104K)->14313K(15104K) NonClass: 12373K(12928K)->12373K(12928K) Class: 1939K(2176K)->1939K(2176K)
[325.737s][info][gc             ] GC(814) Pause Young (Normal) (G1 Evacuation Pause) 649M->8M(1073M) 4.699ms
[325.737s][info][gc,cpu         ] GC(814) User=0.00s Sys=0.00s Real=0.00s
[326.190s][info][gc,start       ] GC(815) Pause Young (Normal) (G1 Evacuation Pause)
[326.190s][info][gc,task        ] GC(815) Using 33 workers of 33 for evacuation
[326.194s][info][gc,phases      ] GC(815)   Pre Evacuate Collection Set: 0.2ms
[326.194s][info][gc,phases      ] GC(815)   Merge Heap Roots: 0.2ms
[326.194s][info][gc,phases      ] GC(815)   Evacuate Collection Set: 0.4ms
[326.194s][info][gc,phases      ] GC(815)   Post Evacuate Collection Set: 3.7ms
[326.194s][info][gc,phases      ] GC(815)   Other: 0.1ms
[326.194s][info][gc,heap        ] GC(815) Eden regions: 641->0(641)
[326.194s][info][gc,heap        ] GC(815) Survivor regions: 2->2(81)
[326.194s][info][gc,heap        ] GC(815) Old regions: 31->32
[326.194s][info][gc,heap        ] GC(815) Archive regions: 0->0
[326.194s][info][gc,heap        ] GC(815) Humongous regions: 0->0
[326.194s][info][gc,metaspace   ] GC(815) Metaspace: 14313K(15104K)->14313K(15104K) NonClass: 12373K(12928K)->12373K(12928K) Class: 1939K(2176K)->1939K(2176K)
[326.194s][info][gc             ] GC(815) Pause Young (Normal) (G1 Evacuation Pause) 649M->8M(1073M) 4.849ms
[326.194s][info][gc,cpu         ] GC(815) User=0.38s Sys=0.05s Real=0.00s
[326.617s][info][gc,start       ] GC(816) Pause Young (Normal) (G1 Evacuation Pause)
[326.617s][info][gc,task        ] GC(816) Using 33 workers of 33 for evacuation
[326.622s][info][gc,phases      ] GC(816)   Pre Evacuate Collection Set: 0.2ms
[326.622s][info][gc,phases      ] GC(816)   Merge Heap Roots: 0.2ms
[326.622s][info][gc,phases      ] GC(816)   Evacuate Collection Set: 0.4ms
[326.622s][info][gc,phases      ] GC(816)   Post Evacuate Collection Set: 4.1ms
[326.622s][info][gc,phases      ] GC(816)   Other: 0.1ms
[326.622s][info][gc,heap        ] GC(816) Eden regions: 641->0(641)
[326.622s][info][gc,heap        ] GC(816) Survivor regions: 2->2(81)
[326.622s][info][gc,heap        ] GC(816) Old regions: 32->32
[326.622s][info][gc,heap        ] GC(816) Archive regions: 0->0
[326.622s][info][gc,heap        ] GC(816) Humongous regions: 0->0
[326.622s][info][gc,metaspace   ] GC(816) Metaspace: 14313K(15104K)->14313K(15104K) NonClass: 12373K(12928K)->12373K(12928K) Class: 1939K(2176K)->1939K(2176K)
[326.622s][info][gc             ] GC(816) Pause Young (Normal) (G1 Evacuation Pause) 649M->8M(1073M) 5.211ms
[326.622s][info][gc,cpu         ] GC(816) User=0.00s Sys=0.00s Real=0.00s
[326.868s][info][gc,start       ] GC(817) Pause Full (System.gc())
[326.868s][info][gc,task        ] GC(817) Using 29 workers of 33 for full compaction
[326.870s][info][gc,phases,start] GC(817) Phase 1: Mark live objects
[326.879s][info][gc,phases      ] GC(817) Phase 1: Mark live objects 9.763ms
[326.879s][info][gc,phases,start] GC(817) Phase 2: Prepare compaction
[326.881s][info][gc,phases      ] GC(817) Phase 2: Prepare compaction 1.248ms
[326.881s][info][gc,phases,start] GC(817) Phase 3: Adjust pointers
[326.888s][info][gc,phases      ] GC(817) Phase 3: Adjust pointers 6.849ms
[326.888s][info][gc,phases,start] GC(817) Phase 4: Compact heap
[326.888s][info][gc,phases      ] GC(817) Phase 4: Compact heap 0.568ms
[326.897s][info][gc,heap        ] GC(817) Eden regions: 420->0(58)
[326.897s][info][gc,heap        ] GC(817) Survivor regions: 2->0(81)
[326.897s][info][gc,heap        ] GC(817) Old regions: 32->29
[326.897s][info][gc,heap        ] GC(817) Archive regions: 0->0
[326.897s][info][gc,heap        ] GC(817) Humongous regions: 0->0
[326.897s][info][gc,metaspace   ] GC(817) Metaspace: 14313K(15104K)->14313K(15104K) NonClass: 12373K(12928K)->12373K(12928K) Class: 1939K(2176K)->1939K(2176K)
[326.897s][info][gc             ] GC(817) Pause Full (System.gc()) 427M->5M(97M) 28.527ms
[326.897s][info][gc,cpu         ] GC(817) User=0.45s Sys=0.00s Real=0.02s
[326.944s][info][gc,start       ] GC(818) Pause Young (Normal) (G1 Evacuation Pause)
[326.944s][info][gc,task        ] GC(818) Using 33 workers of 33 for evacuation
[326.948s][info][gc,phases      ] GC(818)   Pre Evacuate Collection Set: 0.1ms
[326.948s][info][gc,phases      ] GC(818)   Merge Heap Roots: 0.1ms
[326.948s][info][gc,phases      ] GC(818)   Evacuate Collection Set: 0.5ms
[326.948s][info][gc,phases      ] GC(818)   Post Evacuate Collection Set: 3.0ms
[326.948s][info][gc,phases      ] GC(818)   Other: 0.1ms
[326.948s][info][gc,heap        ] GC(818) Eden regions: 58->0(56)
[326.948s][info][gc,heap        ] GC(818) Survivor regions: 0->2(8)
[326.948s][info][gc,heap        ] GC(818) Old regions: 29->29
[326.948s][info][gc,heap        ] GC(818) Archive regions: 0->0
[326.948s][info][gc,heap        ] GC(818) Humongous regions: 0->0
[326.948s][info][gc,metaspace   ] GC(818) Metaspace: 14313K(15104K)->14313K(15104K) NonClass: 12373K(12928K)->12373K(12928K) Class: 1939K(2176K)->1939K(2176K)
[326.948s][info][gc             ] GC(818) Pause Young (Normal) (G1 Evacuation Pause) 63M->6M(97M) 3.934ms
[326.948s][info][gc,cpu         ] GC(818) User=0.52s Sys=0.00s Real=0.00s
[326.985s][info][gc,start       ] GC(819) Pause Young (Normal) (G1 Evacuation Pause)
[326.985s][info][gc,task        ] GC(819) Using 33 workers of 33 for evacuation
[326.989s][info][gc,phases      ] GC(819)   Pre Evacuate Collection Set: 0.1ms
[326.989s][info][gc,phases      ] GC(819)   Merge Heap Roots: 0.1ms
[326.989s][info][gc,phases      ] GC(819)   Evacuate Collection Set: 0.4ms
[326.989s][info][gc,phases      ] GC(819)   Post Evacuate Collection Set: 2.9ms
[326.989s][info][gc,phases      ] GC(819)   Other: 0.1ms
[326.989s][info][gc,heap        ] GC(819) Eden regions: 56->0(56)
[326.989s][info][gc,heap        ] GC(819) Survivor regions: 2->2(8)
[326.989s][info][gc,heap        ] GC(819) Old regions: 29->29
[326.989s][info][gc,heap        ] GC(819) Archive regions: 0->0
[326.989s][info][gc,heap        ] GC(819) Humongous regions: 0->0
[326.989s][info][gc,metaspace   ] GC(819) Metaspace: 14313K(15104K)->14313K(15104K) NonClass: 12373K(12928K)->12373K(12928K) Class: 1939K(2176K)->1939K(2176K)
[326.989s][info][gc             ] GC(819) Pause Young (Normal) (G1 Evacuation Pause) 62M->6M(97M) 3.834ms
[326.989s][info][gc,cpu         ] GC(819) User=0.00s Sys=0.00s Real=0.00s
[327.028s][info][gc,start       ] GC(820) Pause Young (Normal) (G1 Evacuation Pause)
[327.028s][info][gc,task        ] GC(820) Using 33 workers of 33 for evacuation
[327.032s][info][gc,phases      ] GC(820)   Pre Evacuate Collection Set: 0.1ms
[327.032s][info][gc,phases      ] GC(820)   Merge Heap Roots: 0.1ms
[327.032s][info][gc,phases      ] GC(820)   Evacuate Collection Set: 0.4ms
[327.032s][info][gc,phases      ] GC(820)   Post Evacuate Collection Set: 3.0ms
[327.032s][info][gc,phases      ] GC(820)   Other: 0.1ms
[327.032s][info][gc,heap        ] GC(820) Eden regions: 56->0(56)
[327.032s][info][gc,heap        ] GC(820) Survivor regions: 2->2(8)
[327.032s][info][gc,heap        ] GC(820) Old regions: 29->29
[327.032s][info][gc,heap        ] GC(820) Archive regions: 0->0
[327.032s][info][gc,heap        ] GC(820) Humongous regions: 0->0
[327.032s][info][gc,metaspace   ] GC(820) Metaspace: 14313K(15104K)->14313K(15104K) NonClass: 12373K(12928K)->12373K(12928K) Class: 1939K(2176K)->1939K(2176K)
[327.032s][info][gc             ] GC(820) Pause Young (Normal) (G1 Evacuation Pause) 62M->6M(97M) 3.921ms
[327.032s][info][gc,cpu         ] GC(820) User=0.00s Sys=0.00s Real=0.00s
[327.082s][info][gc,start       ] GC(821) Pause Young (Normal) (G1 Evacuation Pause)
[327.082s][info][gc,task        ] GC(821) Using 33 workers of 33 for evacuation
[327.091s][info][gc,phases      ] GC(821)   Pre Evacuate Collection Set: 0.1ms
[327.091s][info][gc,phases      ] GC(821)   Merge Heap Roots: 0.1ms
[327.091s][info][gc,phases      ] GC(821)   Evacuate Collection Set: 0.5ms
[327.092s][info][gc,phases      ] GC(821)   Post Evacuate Collection Set: 9.1ms
[327.092s][info][gc,phases      ] GC(821)   Other: 0.1ms
[327.092s][info][gc,heap        ] GC(821) Eden regions: 56->0(641)
[327.092s][info][gc,heap        ] GC(821) Survivor regions: 2->2(8)
[327.092s][info][gc,heap        ] GC(821) Old regions: 29->29
[327.092s][info][gc,heap        ] GC(821) Archive regions: 0->0
[327.092s][info][gc,heap        ] GC(821) Humongous regions: 0->0
[327.092s][info][gc,metaspace   ] GC(821) Metaspace: 14313K(15104K)->14313K(15104K) NonClass: 12373K(12928K)->12373K(12928K) Class: 1939K(2176K)->1939K(2176K)
[327.092s][info][gc             ] GC(821) Pause Young (Normal) (G1 Evacuation Pause) 62M->6M(1073M) 10.112ms
[327.092s][info][gc,cpu         ] GC(821) User=0.00s Sys=0.00s Real=0.00s
[327.531s][info][gc,start       ] GC(822) Pause Young (Normal) (G1 Evacuation Pause)
[327.531s][info][gc,task        ] GC(822) Using 33 workers of 33 for evacuation
[327.538s][info][gc,phases      ] GC(822)   Pre Evacuate Collection Set: 0.2ms
[327.538s][info][gc,phases      ] GC(822)   Merge Heap Roots: 0.2ms
[327.538s][info][gc,phases      ] GC(822)   Evacuate Collection Set: 2.4ms
[327.538s][info][gc,phases      ] GC(822)   Post Evacuate Collection Set: 4.0ms
[327.538s][info][gc,phases      ] GC(822)   Other: 0.1ms
[327.538s][info][gc,heap        ] GC(822) Eden regions: 641->0(641)
[327.538s][info][gc,heap        ] GC(822) Survivor regions: 2->2(81)
[327.538s][info][gc,heap        ] GC(822) Old regions: 29->29
[327.538s][info][gc,heap        ] GC(822) Archive regions: 0->0
[327.538s][info][gc,heap        ] GC(822) Humongous regions: 0->0
[327.538s][info][gc,metaspace   ] GC(822) Metaspace: 14313K(15104K)->14313K(15104K) NonClass: 12373K(12928K)->12373K(12928K) Class: 1939K(2176K)->1939K(2176K)
[327.538s][info][gc             ] GC(822) Pause Young (Normal) (G1 Evacuation Pause) 647M->6M(1073M) 7.096ms
[327.538s][info][gc,cpu         ] GC(822) User=0.00s Sys=0.00s Real=0.01s
[327.998s][info][gc,start       ] GC(823) Pause Young (Normal) (G1 Evacuation Pause)
[327.998s][info][gc,task        ] GC(823) Using 33 workers of 33 for evacuation
[328.005s][info][gc,phases      ] GC(823)   Pre Evacuate Collection Set: 0.2ms
[328.005s][info][gc,phases      ] GC(823)   Merge Heap Roots: 0.2ms
[328.005s][info][gc,phases      ] GC(823)   Evacuate Collection Set: 1.9ms
[328.005s][info][gc,phases      ] GC(823)   Post Evacuate Collection Set: 4.1ms
[328.005s][info][gc,phases      ] GC(823)   Other: 0.1ms
[328.005s][info][gc,heap        ] GC(823) Eden regions: 641->0(641)
[328.005s][info][gc,heap        ] GC(823) Survivor regions: 2->2(81)
[328.005s][info][gc,heap        ] GC(823) Old regions: 29->29
[328.005s][info][gc,heap        ] GC(823) Archive regions: 0->0
[328.005s][info][gc,heap        ] GC(823) Humongous regions: 0->0
[328.005s][info][gc,metaspace   ] GC(823) Metaspace: 14313K(15104K)->14313K(15104K) NonClass: 12373K(12928K)->12373K(12928K) Class: 1939K(2176K)->1939K(2176K)
[328.005s][info][gc             ] GC(823) Pause Young (Normal) (G1 Evacuation Pause) 647M->6M(1073M) 6.658ms
[328.005s][info][gc,cpu         ] GC(823) User=0.00s Sys=0.00s Real=0.01s
[328.458s][info][gc,start       ] GC(824) Pause Young (Normal) (G1 Evacuation Pause)
[328.459s][info][gc,task        ] GC(824) Using 33 workers of 33 for evacuation
[328.464s][info][gc,phases      ] GC(824)   Pre Evacuate Collection Set: 0.2ms
[328.464s][info][gc,phases      ] GC(824)   Merge Heap Roots: 0.2ms
[328.464s][info][gc,phases      ] GC(824)   Evacuate Collection Set: 0.5ms
[328.464s][info][gc,phases      ] GC(824)   Post Evacuate Collection Set: 4.1ms
[328.464s][info][gc,phases      ] GC(824)   Other: 0.2ms
[328.464s][info][gc,heap        ] GC(824) Eden regions: 641->0(641)
[328.464s][info][gc,heap        ] GC(824) Survivor regions: 2->2(81)
[328.464s][info][gc,heap        ] GC(824) Old regions: 29->29
[328.464s][info][gc,heap        ] GC(824) Archive regions: 0->0
[328.464s][info][gc,heap        ] GC(824) Humongous regions: 0->0
[328.464s][info][gc,metaspace   ] GC(824) Metaspace: 14313K(15104K)->14313K(15104K) NonClass: 12373K(12928K)->12373K(12928K) Class: 1939K(2176K)->1939K(2176K)
[328.464s][info][gc             ] GC(824) Pause Young (Normal) (G1 Evacuation Pause) 647M->6M(1073M) 5.365ms
[328.464s][info][gc,cpu         ] GC(824) User=0.52s Sys=0.00s Real=0.00s
[328.925s][info][gc,start       ] GC(825) Pause Young (Normal) (G1 Evacuation Pause)
[328.925s][info][gc,task        ] GC(825) Using 33 workers of 33 for evacuation
[328.930s][info][gc,phases      ] GC(825)   Pre Evacuate Collection Set: 0.2ms
[328.930s][info][gc,phases      ] GC(825)   Merge Heap Roots: 0.2ms
[328.930s][info][gc,phases      ] GC(825)   Evacuate Collection Set: 0.6ms
[328.930s][info][gc,phases      ] GC(825)   Post Evacuate Collection Set: 3.7ms
[328.930s][info][gc,phases      ] GC(825)   Other: 0.1ms
[328.930s][info][gc,heap        ] GC(825) Eden regions: 641->0(641)
[328.930s][info][gc,heap        ] GC(825) Survivor regions: 2->2(81)
[328.930s][info][gc,heap        ] GC(825) Old regions: 29->29
[328.930s][info][gc,heap        ] GC(825) Archive regions: 0->0
[328.930s][info][gc,heap        ] GC(825) Humongous regions: 0->0
[328.930s][info][gc,metaspace   ] GC(825) Metaspace: 14313K(15104K)->14313K(15104K) NonClass: 12373K(12928K)->12373K(12928K) Class: 1939K(2176K)->1939K(2176K)
[328.930s][info][gc             ] GC(825) Pause Young (Normal) (G1 Evacuation Pause) 647M->7M(1073M) 5.082ms
[328.930s][info][gc,cpu         ] GC(825) User=0.52s Sys=0.00s Real=0.01s
[329.380s][info][gc,start       ] GC(826) Pause Young (Normal) (G1 Evacuation Pause)
[329.380s][info][gc,task        ] GC(826) Using 33 workers of 33 for evacuation
[329.385s][info][gc,phases      ] GC(826)   Pre Evacuate Collection Set: 0.2ms
[329.385s][info][gc,phases      ] GC(826)   Merge Heap Roots: 0.2ms
[329.385s][info][gc,phases      ] GC(826)   Evacuate Collection Set: 0.6ms
[329.385s][info][gc,phases      ] GC(826)   Post Evacuate Collection Set: 3.9ms
[329.385s][info][gc,phases      ] GC(826)   Other: 0.1ms
[329.385s][info][gc,heap        ] GC(826) Eden regions: 641->0(641)
[329.385s][info][gc,heap        ] GC(826) Survivor regions: 2->2(81)
[329.385s][info][gc,heap        ] GC(826) Old regions: 29->29
[329.385s][info][gc,heap        ] GC(826) Archive regions: 0->0
[329.385s][info][gc,heap        ] GC(826) Humongous regions: 0->0
[329.385s][info][gc,metaspace   ] GC(826) Metaspace: 14313K(15104K)->14313K(15104K) NonClass: 12373K(12928K)->12373K(12928K) Class: 1939K(2176K)->1939K(2176K)
[329.385s][info][gc             ] GC(826) Pause Young (Normal) (G1 Evacuation Pause) 648M->7M(1073M) 5.122ms
[329.385s][info][gc,cpu         ] GC(826) User=0.52s Sys=0.00s Real=0.01s
[329.844s][info][gc,start       ] GC(827) Pause Young (Normal) (G1 Evacuation Pause)
[329.844s][info][gc,task        ] GC(827) Using 33 workers of 33 for evacuation
[329.848s][info][gc,phases      ] GC(827)   Pre Evacuate Collection Set: 0.2ms
[329.849s][info][gc,phases      ] GC(827)   Merge Heap Roots: 0.2ms
[329.849s][info][gc,phases      ] GC(827)   Evacuate Collection Set: 0.6ms
[329.849s][info][gc,phases      ] GC(827)   Post Evacuate Collection Set: 3.8ms
[329.849s][info][gc,phases      ] GC(827)   Other: 0.1ms
[329.849s][info][gc,heap        ] GC(827) Eden regions: 641->0(641)
[329.849s][info][gc,heap        ] GC(827) Survivor regions: 2->2(81)
[329.849s][info][gc,heap        ] GC(827) Old regions: 29->29
[329.849s][info][gc,heap        ] GC(827) Archive regions: 0->0
[329.849s][info][gc,heap        ] GC(827) Humongous regions: 0->0
[329.849s][info][gc,metaspace   ] GC(827) Metaspace: 14313K(15104K)->14313K(15104K) NonClass: 12373K(12928K)->12373K(12928K) Class: 1939K(2176K)->1939K(2176K)
[329.849s][info][gc             ] GC(827) Pause Young (Normal) (G1 Evacuation Pause) 648M->7M(1073M) 5.037ms
[329.849s][info][gc,cpu         ] GC(827) User=0.00s Sys=0.00s Real=0.00s
[330.297s][info][gc,start       ] GC(828) Pause Young (Normal) (G1 Evacuation Pause)
[330.297s][info][gc,task        ] GC(828) Using 33 workers of 33 for evacuation
[330.302s][info][gc,phases      ] GC(828)   Pre Evacuate Collection Set: 0.2ms
[330.302s][info][gc,phases      ] GC(828)   Merge Heap Roots: 0.2ms
[330.302s][info][gc,phases      ] GC(828)   Evacuate Collection Set: 0.5ms
[330.302s][info][gc,phases      ] GC(828)   Post Evacuate Collection Set: 3.9ms
[330.302s][info][gc,phases      ] GC(828)   Other: 0.1ms
[330.302s][info][gc,heap        ] GC(828) Eden regions: 641->0(641)
[330.302s][info][gc,heap        ] GC(828) Survivor regions: 2->2(81)
[330.302s][info][gc,heap        ] GC(828) Old regions: 29->29
[330.302s][info][gc,heap        ] GC(828) Archive regions: 0->0
[330.302s][info][gc,heap        ] GC(828) Humongous regions: 0->0
[330.302s][info][gc,metaspace   ] GC(828) Metaspace: 14313K(15104K)->14313K(15104K) NonClass: 12373K(12928K)->12373K(12928K) Class: 1939K(2176K)->1939K(2176K)
[330.302s][info][gc             ] GC(828) Pause Young (Normal) (G1 Evacuation Pause) 648M->7M(1073M) 5.211ms
[330.302s][info][gc,cpu         ] GC(828) User=0.00s Sys=0.00s Real=0.00s
[330.749s][info][gc,start       ] GC(829) Pause Young (Normal) (G1 Evacuation Pause)
[330.749s][info][gc,task        ] GC(829) Using 33 workers of 33 for evacuation
[330.754s][info][gc,phases      ] GC(829)   Pre Evacuate Collection Set: 0.2ms
[330.754s][info][gc,phases      ] GC(829)   Merge Heap Roots: 0.2ms
[330.754s][info][gc,phases      ] GC(829)   Evacuate Collection Set: 0.5ms
[330.754s][info][gc,phases      ] GC(829)   Post Evacuate Collection Set: 4.0ms
[330.754s][info][gc,phases      ] GC(829)   Other: 0.1ms
[330.754s][info][gc,heap        ] GC(829) Eden regions: 641->0(640)
[330.754s][info][gc,heap        ] GC(829) Survivor regions: 2->3(81)
[330.754s][info][gc,heap        ] GC(829) Old regions: 29->29
[330.754s][info][gc,heap        ] GC(829) Archive regions: 0->0
[330.754s][info][gc,heap        ] GC(829) Humongous regions: 0->0
[330.754s][info][gc,metaspace   ] GC(829) Metaspace: 14313K(15104K)->14313K(15104K) NonClass: 12373K(12928K)->12373K(12928K) Class: 1939K(2176K)->1939K(2176K)
[330.754s][info][gc             ] GC(829) Pause Young (Normal) (G1 Evacuation Pause) 648M->7M(1073M) 5.273ms
[330.754s][info][gc,cpu         ] GC(829) User=0.00s Sys=0.00s Real=0.00s
[331.235s][info][gc,start       ] GC(830) Pause Young (Normal) (G1 Evacuation Pause)
[331.235s][info][gc,task        ] GC(830) Using 33 workers of 33 for evacuation
[331.241s][info][gc,phases      ] GC(830)   Pre Evacuate Collection Set: 0.2ms
[331.241s][info][gc,phases      ] GC(830)   Merge Heap Roots: 0.3ms
[331.241s][info][gc,phases      ] GC(830)   Evacuate Collection Set: 1.0ms
[331.241s][info][gc,phases      ] GC(830)   Post Evacuate Collection Set: 4.8ms
[331.241s][info][gc,phases      ] GC(830)   Other: 0.2ms
[331.241s][info][gc,heap        ] GC(830) Eden regions: 640->0(640)
[331.241s][info][gc,heap        ] GC(830) Survivor regions: 3->3(81)
[331.241s][info][gc,heap        ] GC(830) Old regions: 29->29
[331.241s][info][gc,heap        ] GC(830) Archive regions: 0->0
[331.242s][info][gc,heap        ] GC(830) Humongous regions: 0->0
[331.242s][info][gc,metaspace   ] GC(830) Metaspace: 14313K(15104K)->14313K(15104K) NonClass: 12373K(12928K)->12373K(12928K) Class: 1939K(2176K)->1939K(2176K)
[331.242s][info][gc             ] GC(830) Pause Young (Normal) (G1 Evacuation Pause) 647M->7M(1073M) 6.927ms
[331.242s][info][gc,cpu         ] GC(830) User=0.00s Sys=0.00s Real=0.00s
[331.707s][info][gc,start       ] GC(831) Pause Young (Normal) (G1 Evacuation Pause)
[331.708s][info][gc,task        ] GC(831) Using 33 workers of 33 for evacuation
[331.712s][info][gc,phases      ] GC(831)   Pre Evacuate Collection Set: 0.2ms
[331.712s][info][gc,phases      ] GC(831)   Merge Heap Roots: 0.2ms
[331.712s][info][gc,phases      ] GC(831)   Evacuate Collection Set: 0.6ms
[331.712s][info][gc,phases      ] GC(831)   Post Evacuate Collection Set: 3.7ms
[331.712s][info][gc,phases      ] GC(831)   Other: 0.1ms
[331.712s][info][gc,heap        ] GC(831) Eden regions: 640->0(640)
[331.712s][info][gc,heap        ] GC(831) Survivor regions: 3->3(81)
[331.712s][info][gc,heap        ] GC(831) Old regions: 29->29
[331.712s][info][gc,heap        ] GC(831) Archive regions: 0->0
[331.712s][info][gc,heap        ] GC(831) Humongous regions: 0->0
[331.712s][info][gc,metaspace   ] GC(831) Metaspace: 14313K(15104K)->14313K(15104K) NonClass: 12373K(12928K)->12373K(12928K) Class: 1939K(2176K)->1939K(2176K)
[331.713s][info][gc             ] GC(831) Pause Young (Normal) (G1 Evacuation Pause) 647M->7M(1073M) 5.026ms
[331.713s][info][gc,cpu         ] GC(831) User=0.52s Sys=0.00s Real=0.00s
[332.160s][info][gc,start       ] GC(832) Pause Young (Normal) (G1 Evacuation Pause)
[332.160s][info][gc,task        ] GC(832) Using 33 workers of 33 for evacuation
[332.165s][info][gc,phases      ] GC(832)   Pre Evacuate Collection Set: 0.2ms
[332.165s][info][gc,phases      ] GC(832)   Merge Heap Roots: 0.2ms
[332.165s][info][gc,phases      ] GC(832)   Evacuate Collection Set: 0.6ms
[332.165s][info][gc,phases      ] GC(832)   Post Evacuate Collection Set: 3.9ms
[332.165s][info][gc,phases      ] GC(832)   Other: 0.1ms
[332.165s][info][gc,heap        ] GC(832) Eden regions: 640->0(640)
[332.165s][info][gc,heap        ] GC(832) Survivor regions: 3->3(81)
[332.165s][info][gc,heap        ] GC(832) Old regions: 29->29
[332.165s][info][gc,heap        ] GC(832) Archive regions: 0->0
[332.165s][info][gc,heap        ] GC(832) Humongous regions: 0->0
[332.165s][info][gc,metaspace   ] GC(832) Metaspace: 14313K(15104K)->14313K(15104K) NonClass: 12373K(12928K)->12373K(12928K) Class: 1939K(2176K)->1939K(2176K)
[332.165s][info][gc             ] GC(832) Pause Young (Normal) (G1 Evacuation Pause) 647M->7M(1073M) 5.227ms
[332.165s][info][gc,cpu         ] GC(832) User=0.52s Sys=0.00s Real=0.01s
[332.621s][info][gc,start       ] GC(833) Pause Young (Normal) (G1 Evacuation Pause)
[332.621s][info][gc,task        ] GC(833) Using 33 workers of 33 for evacuation
[332.626s][info][gc,phases      ] GC(833)   Pre Evacuate Collection Set: 0.2ms
[332.626s][info][gc,phases      ] GC(833)   Merge Heap Roots: 0.2ms
[332.626s][info][gc,phases      ] GC(833)   Evacuate Collection Set: 0.5ms
[332.626s][info][gc,phases      ] GC(833)   Post Evacuate Collection Set: 3.7ms
[332.626s][info][gc,phases      ] GC(833)   Other: 0.1ms
[332.626s][info][gc,heap        ] GC(833) Eden regions: 640->0(642)
[332.626s][info][gc,heap        ] GC(833) Survivor regions: 3->1(81)
[332.626s][info][gc,heap        ] GC(833) Old regions: 29->31
[332.626s][info][gc,heap        ] GC(833) Archive regions: 0->0
[332.626s][info][gc,heap        ] GC(833) Humongous regions: 0->0
[332.626s][info][gc,metaspace   ] GC(833) Metaspace: 14313K(15104K)->14313K(15104K) NonClass: 12373K(12928K)->12373K(12928K) Class: 1939K(2176K)->1939K(2176K)
[332.626s][info][gc             ] GC(833) Pause Young (Normal) (G1 Evacuation Pause) 647M->7M(1073M) 5.022ms
[332.626s][info][gc,cpu         ] GC(833) User=0.00s Sys=0.00s Real=0.00s
[333.076s][info][gc,start       ] GC(834) Pause Young (Normal) (G1 Evacuation Pause)
[333.076s][info][gc,task        ] GC(834) Using 33 workers of 33 for evacuation
[333.081s][info][gc,phases      ] GC(834)   Pre Evacuate Collection Set: 0.2ms
[333.081s][info][gc,phases      ] GC(834)   Merge Heap Roots: 0.2ms
[333.081s][info][gc,phases      ] GC(834)   Evacuate Collection Set: 0.4ms
[333.081s][info][gc,phases      ] GC(834)   Post Evacuate Collection Set: 3.8ms
[333.081s][info][gc,phases      ] GC(834)   Other: 0.1ms
[333.081s][info][gc,heap        ] GC(834) Eden regions: 642->0(642)
[333.081s][info][gc,heap        ] GC(834) Survivor regions: 1->1(81)
[333.081s][info][gc,heap        ] GC(834) Old regions: 31->31
[333.081s][info][gc,heap        ] GC(834) Archive regions: 0->0
[333.081s][info][gc,heap        ] GC(834) Humongous regions: 0->0
[333.081s][info][gc,metaspace   ] GC(834) Metaspace: 14313K(15104K)->14313K(15104K) NonClass: 12373K(12928K)->12373K(12928K) Class: 1939K(2176K)->1939K(2176K)
[333.081s][info][gc             ] GC(834) Pause Young (Normal) (G1 Evacuation Pause) 649M->7M(1073M) 4.901ms
[333.081s][info][gc,cpu         ] GC(834) User=0.00s Sys=0.00s Real=0.00s
[333.528s][info][gc,start       ] GC(835) Pause Young (Normal) (G1 Evacuation Pause)
[333.528s][info][gc,task        ] GC(835) Using 33 workers of 33 for evacuation
[333.533s][info][gc,phases      ] GC(835)   Pre Evacuate Collection Set: 0.2ms
[333.533s][info][gc,phases      ] GC(835)   Merge Heap Roots: 0.2ms
[333.533s][info][gc,phases      ] GC(835)   Evacuate Collection Set: 0.4ms
[333.533s][info][gc,phases      ] GC(835)   Post Evacuate Collection Set: 4.0ms
[333.533s][info][gc,phases      ] GC(835)   Other: 0.1ms
[333.533s][info][gc,heap        ] GC(835) Eden regions: 642->0(641)
[333.533s][info][gc,heap        ] GC(835) Survivor regions: 1->2(81)
[333.533s][info][gc,heap        ] GC(835) Old regions: 31->31
[333.533s][info][gc,heap        ] GC(835) Archive regions: 0->0
[333.533s][info][gc,heap        ] GC(835) Humongous regions: 0->0
[333.533s][info][gc,metaspace   ] GC(835) Metaspace: 14313K(15104K)->14313K(15104K) NonClass: 12373K(12928K)->12373K(12928K) Class: 1939K(2176K)->1939K(2176K)
[333.533s][info][gc             ] GC(835) Pause Young (Normal) (G1 Evacuation Pause) 649M->7M(1073M) 5.105ms
[333.534s][info][gc,cpu         ] GC(835) User=0.00s Sys=0.00s Real=0.01s
[334.091s][info][gc,start       ] GC(836) Pause Young (Normal) (G1 Evacuation Pause)
[334.091s][info][gc,task        ] GC(836) Using 33 workers of 33 for evacuation
[334.097s][info][gc,phases      ] GC(836)   Pre Evacuate Collection Set: 0.2ms
[334.098s][info][gc,phases      ] GC(836)   Merge Heap Roots: 0.4ms
[334.098s][info][gc,phases      ] GC(836)   Evacuate Collection Set: 0.6ms
[334.098s][info][gc,phases      ] GC(836)   Post Evacuate Collection Set: 5.1ms
[334.098s][info][gc,phases      ] GC(836)   Other: 0.2ms
[334.098s][info][gc,heap        ] GC(836) Eden regions: 641->0(641)
[334.098s][info][gc,heap        ] GC(836) Survivor regions: 2->2(81)
[334.098s][info][gc,heap        ] GC(836) Old regions: 31->31
[334.098s][info][gc,heap        ] GC(836) Archive regions: 0->0
[334.098s][info][gc,heap        ] GC(836) Humongous regions: 0->0
[334.098s][info][gc,metaspace   ] GC(836) Metaspace: 14313K(15104K)->14313K(15104K) NonClass: 12373K(12928K)->12373K(12928K) Class: 1939K(2176K)->1939K(2176K)
[334.098s][info][gc             ] GC(836) Pause Young (Normal) (G1 Evacuation Pause) 648M->7M(1073M) 7.071ms
[334.098s][info][gc,cpu         ] GC(836) User=0.00s Sys=0.00s Real=0.00s
[334.564s][info][gc,start       ] GC(837) Pause Young (Normal) (G1 Evacuation Pause)
[334.564s][info][gc,task        ] GC(837) Using 33 workers of 33 for evacuation
[334.568s][info][gc,phases      ] GC(837)   Pre Evacuate Collection Set: 0.2ms
[334.568s][info][gc,phases      ] GC(837)   Merge Heap Roots: 0.2ms
[334.568s][info][gc,phases      ] GC(837)   Evacuate Collection Set: 0.4ms
[334.568s][info][gc,phases      ] GC(837)   Post Evacuate Collection Set: 3.6ms
[334.568s][info][gc,phases      ] GC(837)   Other: 0.1ms
[334.568s][info][gc,heap        ] GC(837) Eden regions: 641->0(641)
[334.568s][info][gc,heap        ] GC(837) Survivor regions: 2->2(81)
[334.569s][info][gc,heap        ] GC(837) Old regions: 31->31
[334.569s][info][gc,heap        ] GC(837) Archive regions: 0->0
[334.569s][info][gc,heap        ] GC(837) Humongous regions: 0->0
[334.569s][info][gc,metaspace   ] GC(837) Metaspace: 14313K(15104K)->14313K(15104K) NonClass: 12373K(12928K)->12373K(12928K) Class: 1939K(2176K)->1939K(2176K)
[334.569s][info][gc             ] GC(837) Pause Young (Normal) (G1 Evacuation Pause) 648M->7M(1073M) 4.766ms
[334.569s][info][gc,cpu         ] GC(837) User=0.00s Sys=0.00s Real=0.01s
[335.018s][info][gc,start       ] GC(838) Pause Young (Normal) (G1 Evacuation Pause)
[335.018s][info][gc,task        ] GC(838) Using 33 workers of 33 for evacuation
[335.022s][info][gc,phases      ] GC(838)   Pre Evacuate Collection Set: 0.2ms
[335.023s][info][gc,phases      ] GC(838)   Merge Heap Roots: 0.2ms
[335.023s][info][gc,phases      ] GC(838)   Evacuate Collection Set: 0.4ms
[335.023s][info][gc,phases      ] GC(838)   Post Evacuate Collection Set: 3.8ms
[335.023s][info][gc,phases      ] GC(838)   Other: 0.1ms
[335.023s][info][gc,heap        ] GC(838) Eden regions: 641->0(641)
[335.023s][info][gc,heap        ] GC(838) Survivor regions: 2->2(81)
[335.023s][info][gc,heap        ] GC(838) Old regions: 31->31
[335.023s][info][gc,heap        ] GC(838) Archive regions: 0->0
[335.023s][info][gc,heap        ] GC(838) Humongous regions: 0->0
[335.023s][info][gc,metaspace   ] GC(838) Metaspace: 14313K(15104K)->14313K(15104K) NonClass: 12373K(12928K)->12373K(12928K) Class: 1939K(2176K)->1939K(2176K)
[335.023s][info][gc             ] GC(838) Pause Young (Normal) (G1 Evacuation Pause) 648M->8M(1073M) 4.959ms
[335.023s][info][gc,cpu         ] GC(838) User=0.52s Sys=0.00s Real=0.00s
[335.477s][info][gc,start       ] GC(839) Pause Young (Normal) (G1 Evacuation Pause)
[335.477s][info][gc,task        ] GC(839) Using 33 workers of 33 for evacuation
[335.481s][info][gc,phases      ] GC(839)   Pre Evacuate Collection Set: 0.2ms
[335.481s][info][gc,phases      ] GC(839)   Merge Heap Roots: 0.2ms
[335.481s][info][gc,phases      ] GC(839)   Evacuate Collection Set: 0.4ms
[335.481s][info][gc,phases      ] GC(839)   Post Evacuate Collection Set: 3.7ms
[335.481s][info][gc,phases      ] GC(839)   Other: 0.1ms
[335.481s][info][gc,heap        ] GC(839) Eden regions: 641->0(641)
[335.481s][info][gc,heap        ] GC(839) Survivor regions: 2->2(81)
[335.481s][info][gc,heap        ] GC(839) Old regions: 31->31
[335.481s][info][gc,heap        ] GC(839) Archive regions: 0->0
[335.481s][info][gc,heap        ] GC(839) Humongous regions: 0->0
[335.481s][info][gc,metaspace   ] GC(839) Metaspace: 14313K(15104K)->14313K(15104K) NonClass: 12373K(12928K)->12373K(12928K) Class: 1939K(2176K)->1939K(2176K)
[335.482s][info][gc             ] GC(839) Pause Young (Normal) (G1 Evacuation Pause) 649M->8M(1073M) 4.815ms
[335.482s][info][gc,cpu         ] GC(839) User=0.00s Sys=0.00s Real=0.00s
[335.932s][info][gc,start       ] GC(840) Pause Young (Normal) (G1 Evacuation Pause)
[335.932s][info][gc,task        ] GC(840) Using 33 workers of 33 for evacuation
[335.937s][info][gc,phases      ] GC(840)   Pre Evacuate Collection Set: 0.2ms
[335.937s][info][gc,phases      ] GC(840)   Merge Heap Roots: 0.2ms
[335.937s][info][gc,phases      ] GC(840)   Evacuate Collection Set: 0.4ms
[335.937s][info][gc,phases      ] GC(840)   Post Evacuate Collection Set: 3.8ms
[335.937s][info][gc,phases      ] GC(840)   Other: 0.1ms
[335.937s][info][gc,heap        ] GC(840) Eden regions: 641->0(641)
[335.937s][info][gc,heap        ] GC(840) Survivor regions: 2->2(81)
[335.937s][info][gc,heap        ] GC(840) Old regions: 31->31
[335.937s][info][gc,heap        ] GC(840) Archive regions: 0->0
[335.937s][info][gc,heap        ] GC(840) Humongous regions: 0->0
[335.937s][info][gc,metaspace   ] GC(840) Metaspace: 14313K(15104K)->14313K(15104K) NonClass: 12373K(12928K)->12373K(12928K) Class: 1939K(2176K)->1939K(2176K)
[335.937s][info][gc             ] GC(840) Pause Young (Normal) (G1 Evacuation Pause) 649M->8M(1073M) 4.912ms
[335.937s][info][gc,cpu         ] GC(840) User=0.00s Sys=0.00s Real=0.00s
[336.386s][info][gc,start       ] GC(841) Pause Young (Normal) (G1 Evacuation Pause)
[336.386s][info][gc,task        ] GC(841) Using 33 workers of 33 for evacuation
[336.391s][info][gc,phases      ] GC(841)   Pre Evacuate Collection Set: 0.2ms
[336.391s][info][gc,phases      ] GC(841)   Merge Heap Roots: 0.2ms
[336.391s][info][gc,phases      ] GC(841)   Evacuate Collection Set: 0.4ms
[336.391s][info][gc,phases      ] GC(841)   Post Evacuate Collection Set: 3.9ms
[336.391s][info][gc,phases      ] GC(841)   Other: 0.1ms
[336.391s][info][gc,heap        ] GC(841) Eden regions: 641->0(641)
[336.391s][info][gc,heap        ] GC(841) Survivor regions: 2->2(81)
[336.391s][info][gc,heap        ] GC(841) Old regions: 31->31
[336.391s][info][gc,heap        ] GC(841) Archive regions: 0->0
[336.391s][info][gc,heap        ] GC(841) Humongous regions: 0->0
[336.391s][info][gc,metaspace   ] GC(841) Metaspace: 14313K(15104K)->14313K(15104K) NonClass: 12373K(12928K)->12373K(12928K) Class: 1939K(2176K)->1939K(2176K)
[336.391s][info][gc             ] GC(841) Pause Young (Normal) (G1 Evacuation Pause) 649M->8M(1073M) 5.005ms
[336.391s][info][gc,cpu         ] GC(841) User=0.00s Sys=0.00s Real=0.01s
[336.883s][info][gc,start       ] GC(842) Pause Young (Normal) (G1 Evacuation Pause)
[336.883s][info][gc,task        ] GC(842) Using 33 workers of 33 for evacuation
[336.889s][info][gc,phases      ] GC(842)   Pre Evacuate Collection Set: 0.2ms
[336.889s][info][gc,phases      ] GC(842)   Merge Heap Roots: 0.4ms
[336.889s][info][gc,phases      ] GC(842)   Evacuate Collection Set: 0.7ms
[336.889s][info][gc,phases      ] GC(842)   Post Evacuate Collection Set: 5.1ms
[336.889s][info][gc,phases      ] GC(842)   Other: 0.2ms
[336.889s][info][gc,heap        ] GC(842) Eden regions: 641->0(641)
[336.889s][info][gc,heap        ] GC(842) Survivor regions: 2->2(81)
[336.890s][info][gc,heap        ] GC(842) Old regions: 31->31
[336.890s][info][gc,heap        ] GC(842) Archive regions: 0->0
[336.890s][info][gc,heap        ] GC(842) Humongous regions: 0->0
[336.890s][info][gc,metaspace   ] GC(842) Metaspace: 14313K(15104K)->14313K(15104K) NonClass: 12373K(12928K)->12373K(12928K) Class: 1939K(2176K)->1939K(2176K)
[336.890s][info][gc             ] GC(842) Pause Young (Normal) (G1 Evacuation Pause) 649M->8M(1073M) 7.171ms
[336.890s][info][gc,cpu         ] GC(842) User=0.00s Sys=0.00s Real=0.00s
[337.357s][info][gc,start       ] GC(843) Pause Young (Normal) (G1 Evacuation Pause)
[337.357s][info][gc,task        ] GC(843) Using 33 workers of 33 for evacuation
[337.362s][info][gc,phases      ] GC(843)   Pre Evacuate Collection Set: 0.2ms
[337.362s][info][gc,phases      ] GC(843)   Merge Heap Roots: 0.2ms
[337.362s][info][gc,phases      ] GC(843)   Evacuate Collection Set: 0.4ms
[337.362s][info][gc,phases      ] GC(843)   Post Evacuate Collection Set: 3.6ms
[337.362s][info][gc,phases      ] GC(843)   Other: 0.1ms
[337.362s][info][gc,heap        ] GC(843) Eden regions: 641->0(641)
[337.362s][info][gc,heap        ] GC(843) Survivor regions: 2->2(81)
[337.362s][info][gc,heap        ] GC(843) Old regions: 31->32
[337.362s][info][gc,heap        ] GC(843) Archive regions: 0->0
[337.362s][info][gc,heap        ] GC(843) Humongous regions: 0->0
[337.362s][info][gc,metaspace   ] GC(843) Metaspace: 14313K(15104K)->14313K(15104K) NonClass: 12373K(12928K)->12373K(12928K) Class: 1939K(2176K)->1939K(2176K)
[337.362s][info][gc             ] GC(843) Pause Young (Normal) (G1 Evacuation Pause) 649M->8M(1073M) 4.747ms
[337.362s][info][gc,cpu         ] GC(843) User=0.00s Sys=0.00s Real=0.00s
[337.797s][info][gc,start       ] GC(844) Pause Young (Normal) (G1 Evacuation Pause)
[337.798s][info][gc,task        ] GC(844) Using 33 workers of 33 for evacuation
[337.802s][info][gc,phases      ] GC(844)   Pre Evacuate Collection Set: 0.2ms
[337.802s][info][gc,phases      ] GC(844)   Merge Heap Roots: 0.2ms
[337.802s][info][gc,phases      ] GC(844)   Evacuate Collection Set: 0.4ms
[337.802s][info][gc,phases      ] GC(844)   Post Evacuate Collection Set: 3.7ms
[337.802s][info][gc,phases      ] GC(844)   Other: 0.1ms
[337.802s][info][gc,heap        ] GC(844) Eden regions: 641->0(641)
[337.802s][info][gc,heap        ] GC(844) Survivor regions: 2->2(81)
[337.802s][info][gc,heap        ] GC(844) Old regions: 32->32
[337.802s][info][gc,heap        ] GC(844) Archive regions: 0->0
[337.802s][info][gc,heap        ] GC(844) Humongous regions: 0->0
[337.802s][info][gc,metaspace   ] GC(844) Metaspace: 14313K(15104K)->14313K(15104K) NonClass: 12373K(12928K)->12373K(12928K) Class: 1939K(2176K)->1939K(2176K)
[337.802s][info][gc             ] GC(844) Pause Young (Normal) (G1 Evacuation Pause) 649M->8M(1073M) 4.863ms
[337.802s][info][gc,cpu         ] GC(844) User=0.00s Sys=0.00s Real=0.01s
[338.540s][info][gc,heap,exit   ] Heap
[338.540s][info][gc,heap,exit   ]  garbage-first heap   total 1098752K, used 399906K [0x0000000080000000, 0x0000000100000000)
[338.540s][info][gc,heap,exit   ]   region size 1024K, 385 young (394240K), 2 survivors (2048K)
[338.540s][info][gc,heap,exit   ]  Metaspace       used 14372K, committed 15168K, reserved 1114112K
[338.540s][info][gc,heap,exit   ]   class space    used 1948K, committed 2176K, reserved 1048576K
