[0.017s][info][gc,init] CardTable entry size: 512
[0.017s][info][gc     ] Using Parallel
[0.021s][info][gc,init] Version: 20+36-2344 (release)
[0.021s][info][gc,init] CPUs: 48 total, 48 available
[0.021s][info][gc,init] Memory: 382G
[0.021s][info][gc,init] Large Page Support: Disabled
[0.021s][info][gc,init] NUMA Support: Disabled
[0.021s][info][gc,init] Compressed Oops: Enabled (32-bit)
[0.021s][info][gc,init] Alignments: Space 512K, Generation 512K, Heap 2M
[0.021s][info][gc,init] Heap Min Capacity: 8M
[0.021s][info][gc,init] Heap Initial Capacity: 512M
[0.027s][info][gc,init] Heap Max Capacity: 512M
[0.027s][info][gc,init] Pre-touch: Disabled
[0.027s][info][gc,init] Parallel Workers: 33
[0.028s][info][gc,metaspace] CDS archive(s) mapped at: [0x0000000800000000-0x0000000800c60000-0x0000000800c60000), size 12976128, SharedBaseAddress: 0x0000000800000000, ArchiveRelocationMode: 0.
[0.028s][info][gc,metaspace] Compressed class space mapped at: 0x0000000801000000-0x0000000841000000, reserved size: 1073741824
[0.028s][info][gc,metaspace] Narrow klass base: 0x0000000800000000, Narrow klass shift: 0, Narrow klass range: 0x100000000
[1.275s][info][gc,start    ] GC(0) Pause Young (System.gc())
[1.280s][info][gc,heap     ] GC(0) PSYoungGen: 42180K(153088K)->3617K(153088K) Eden: 42180K(131584K)->0K(131584K) From: 0K(21504K)->3617K(21504K)
[1.280s][info][gc,heap     ] GC(0) ParOldGen: 0K(349696K)->16K(349696K)
[1.280s][info][gc,metaspace] GC(0) Metaspace: 8237K(8448K)->8237K(8448K) NonClass: 7128K(7232K)->7128K(7232K) Class: 1109K(1216K)->1109K(1216K)
[1.280s][info][gc          ] GC(0) Pause Young (System.gc()) 41M->3M(491M) 5.339ms
[1.281s][info][gc,cpu      ] GC(0) User=0.00s Sys=0.00s Real=0.00s
[1.281s][info][gc,start    ] GC(1) Pause Full (System.gc())
[1.281s][info][gc,phases,start] GC(1) Marking Phase
[1.291s][info][gc,phases      ] GC(1) Marking Phase 10.204ms
[1.291s][info][gc,phases,start] GC(1) Summary Phase
[1.291s][info][gc,phases      ] GC(1) Summary Phase 0.032ms
[1.291s][info][gc,phases,start] GC(1) Adjust Roots
[1.295s][info][gc,phases      ] GC(1) Adjust Roots 3.521ms
[1.295s][info][gc,phases,start] GC(1) Compaction Phase
[1.301s][info][gc,phases      ] GC(1) Compaction Phase 6.651ms
[1.301s][info][gc,phases,start] GC(1) Post Compact
[1.303s][info][gc,phases      ] GC(1) Post Compact 1.242ms
[1.303s][info][gc,heap        ] GC(1) PSYoungGen: 3617K(153088K)->0K(153088K) Eden: 0K(131584K)->0K(131584K) From: 3617K(21504K)->0K(21504K)
[1.303s][info][gc,heap        ] GC(1) ParOldGen: 16K(349696K)->3469K(349696K)
[1.303s][info][gc,metaspace   ] GC(1) Metaspace: 8237K(8448K)->8237K(8448K) NonClass: 7128K(7232K)->7128K(7232K) Class: 1109K(1216K)->1109K(1216K)
[1.303s][info][gc             ] GC(1) Pause Full (System.gc()) 3M->3M(491M) 22.039ms
[1.303s][info][gc,cpu         ] GC(1) User=0.30s Sys=0.00s Real=0.03s
[2.328s][info][gc,start       ] GC(2) Pause Young (Allocation Failure)
[2.331s][info][gc,heap        ] GC(2) PSYoungGen: 131584K(153088K)->4261K(153088K) Eden: 131584K(131584K)->0K(131584K) From: 0K(21504K)->4261K(21504K)
[2.331s][info][gc,heap        ] GC(2) ParOldGen: 3469K(349696K)->3477K(349696K)
[2.331s][info][gc,metaspace   ] GC(2) Metaspace: 14649K(15232K)->14649K(15232K) NonClass: 12560K(12864K)->12560K(12864K) Class: 2089K(2368K)->2089K(2368K)
[2.331s][info][gc             ] GC(2) Pause Young (Allocation Failure) 131M->7M(491M) 3.535ms
[2.331s][info][gc,cpu         ] GC(2) User=0.00s Sys=0.00s Real=0.00s
[2.611s][info][gc,start       ] GC(3) Pause Young (Allocation Failure)
[2.612s][info][gc,heap        ] GC(3) PSYoungGen: 135845K(153088K)->4149K(153088K) Eden: 131584K(131584K)->0K(131584K) From: 4261K(21504K)->4149K(21504K)
[2.612s][info][gc,heap        ] GC(3) ParOldGen: 3477K(349696K)->3485K(349696K)
[2.612s][info][gc,metaspace   ] GC(3) Metaspace: 14655K(15232K)->14655K(15232K) NonClass: 12566K(12864K)->12566K(12864K) Class: 2089K(2368K)->2089K(2368K)
[2.612s][info][gc             ] GC(3) Pause Young (Allocation Failure) 136M->7M(491M) 1.514ms
[2.612s][info][gc,cpu         ] GC(3) User=0.00s Sys=0.00s Real=0.00s
[2.728s][info][gc,start       ] GC(4) Pause Young (Allocation Failure)
[2.729s][info][gc,heap        ] GC(4) PSYoungGen: 135733K(153088K)->4136K(153088K) Eden: 131584K(131584K)->0K(131584K) From: 4149K(21504K)->4136K(21504K)
[2.729s][info][gc,heap        ] GC(4) ParOldGen: 3485K(349696K)->3493K(349696K)
[2.729s][info][gc,metaspace   ] GC(4) Metaspace: 14656K(15232K)->14656K(15232K) NonClass: 12567K(12864K)->12567K(12864K) Class: 2089K(2368K)->2089K(2368K)
[2.729s][info][gc             ] GC(4) Pause Young (Allocation Failure) 135M->7M(491M) 1.600ms
[2.729s][info][gc,cpu         ] GC(4) User=0.00s Sys=0.00s Real=0.00s
[2.831s][info][gc,start       ] GC(5) Pause Young (Allocation Failure)
[2.832s][info][gc,heap        ] GC(5) PSYoungGen: 135720K(153088K)->4120K(153088K) Eden: 131584K(131584K)->0K(131584K) From: 4136K(21504K)->4120K(21504K)
[2.832s][info][gc,heap        ] GC(5) ParOldGen: 3493K(349696K)->3501K(349696K)
[2.832s][info][gc,metaspace   ] GC(5) Metaspace: 14656K(15232K)->14656K(15232K) NonClass: 12567K(12864K)->12567K(12864K) Class: 2089K(2368K)->2089K(2368K)
[2.832s][info][gc             ] GC(5) Pause Young (Allocation Failure) 135M->7M(491M) 1.600ms
[2.832s][info][gc,cpu         ] GC(5) User=0.00s Sys=0.00s Real=0.00s
[2.929s][info][gc,start       ] GC(6) Pause Young (Allocation Failure)
[2.931s][info][gc,heap        ] GC(6) PSYoungGen: 135704K(153088K)->4077K(135680K) Eden: 131584K(131584K)->0K(131584K) From: 4120K(21504K)->4077K(4096K)
[2.931s][info][gc,heap        ] GC(6) ParOldGen: 3501K(349696K)->3509K(349696K)
[2.931s][info][gc,metaspace   ] GC(6) Metaspace: 14656K(15232K)->14656K(15232K) NonClass: 12567K(12864K)->12567K(12864K) Class: 2089K(2368K)->2089K(2368K)
[2.931s][info][gc             ] GC(6) Pause Young (Allocation Failure) 135M->7M(474M) 1.742ms
[2.931s][info][gc,cpu         ] GC(6) User=0.00s Sys=0.00s Real=0.00s
[3.007s][info][gc,start       ] GC(7) Pause Young (Allocation Failure)
[3.010s][info][gc,heap        ] GC(7) PSYoungGen: 135661K(135680K)->4243K(152576K) Eden: 131584K(131584K)->0K(147968K) From: 4077K(4096K)->4243K(4608K)
[3.010s][info][gc,heap        ] GC(7) ParOldGen: 3509K(349696K)->3517K(349696K)
[3.010s][info][gc,metaspace   ] GC(7) Metaspace: 14656K(15232K)->14656K(15232K) NonClass: 12567K(12864K)->12567K(12864K) Class: 2089K(2368K)->2089K(2368K)
[3.010s][info][gc             ] GC(7) Pause Young (Allocation Failure) 135M->7M(490M) 2.923ms
[3.010s][info][gc,cpu         ] GC(7) User=0.00s Sys=0.00s Real=0.00s
[3.104s][info][gc,start       ] GC(8) Pause Young (Allocation Failure)
[3.107s][info][gc,heap        ] GC(8) PSYoungGen: 152211K(152576K)->1024K(168960K) Eden: 147968K(147968K)->0K(164352K) From: 4243K(4608K)->1024K(4608K)
[3.107s][info][gc,heap        ] GC(8) ParOldGen: 3517K(349696K)->7338K(349696K)
[3.107s][info][gc,metaspace   ] GC(8) Metaspace: 14656K(15232K)->14656K(15232K) NonClass: 12567K(12864K)->12567K(12864K) Class: 2089K(2368K)->2089K(2368K)
[3.107s][info][gc             ] GC(8) Pause Young (Allocation Failure) 152M->8M(506M) 3.217ms
[3.107s][info][gc,cpu         ] GC(8) User=0.00s Sys=0.00s Real=0.00s
[3.205s][info][gc,start       ] GC(9) Pause Young (Allocation Failure)
[3.206s][info][gc,heap        ] GC(9) PSYoungGen: 165376K(168960K)->1088K(165888K) Eden: 164352K(164352K)->0K(164352K) From: 1024K(4608K)->1088K(1536K)
[3.206s][info][gc,heap        ] GC(9) ParOldGen: 7338K(349696K)->7610K(349696K)
[3.206s][info][gc,metaspace   ] GC(9) Metaspace: 14656K(15232K)->14656K(15232K) NonClass: 12567K(12864K)->12567K(12864K) Class: 2089K(2368K)->2089K(2368K)
[3.206s][info][gc             ] GC(9) Pause Young (Allocation Failure) 168M->8M(503M) 0.799ms
[3.206s][info][gc,cpu         ] GC(9) User=0.00s Sys=0.00s Real=0.00s
[3.310s][info][gc,start       ] GC(10) Pause Young (Allocation Failure)
[3.310s][info][gc,heap        ] GC(10) PSYoungGen: 165440K(165888K)->1056K(168960K) Eden: 164352K(164352K)->0K(163328K) From: 1088K(1536K)->1056K(5632K)
[3.310s][info][gc,heap        ] GC(10) ParOldGen: 7610K(349696K)->7818K(349696K)
[3.311s][info][gc,metaspace   ] GC(10) Metaspace: 14656K(15232K)->14656K(15232K) NonClass: 12567K(12864K)->12567K(12864K) Class: 2089K(2368K)->2089K(2368K)
[3.311s][info][gc             ] GC(10) Pause Young (Allocation Failure) 168M->8M(506M) 0.793ms
[3.311s][info][gc,cpu         ] GC(10) User=0.00s Sys=0.00s Real=0.00s
[3.408s][info][gc,start       ] GC(11) Pause Young (Allocation Failure)
[3.408s][info][gc,heap        ] GC(11) PSYoungGen: 164384K(168960K)->1024K(164352K) Eden: 163328K(163328K)->0K(163328K) From: 1056K(5632K)->1024K(1024K)
[3.408s][info][gc,heap        ] GC(11) ParOldGen: 7818K(349696K)->8002K(349696K)
[3.408s][info][gc,metaspace   ] GC(11) Metaspace: 14656K(15232K)->14656K(15232K) NonClass: 12567K(12864K)->12567K(12864K) Class: 2089K(2368K)->2089K(2368K)
[3.408s][info][gc             ] GC(11) Pause Young (Allocation Failure) 168M->8M(502M) 0.710ms
[3.408s][info][gc,cpu         ] GC(11) User=0.00s Sys=0.00s Real=0.00s
[3.505s][info][gc,start       ] GC(12) Pause Young (Allocation Failure)
[3.505s][info][gc,heap        ] GC(12) PSYoungGen: 164352K(164352K)->1024K(168448K) Eden: 163328K(163328K)->0K(162304K) From: 1024K(1024K)->1024K(6144K)
[3.505s][info][gc,heap        ] GC(12) ParOldGen: 8002K(349696K)->8154K(349696K)
[3.505s][info][gc,metaspace   ] GC(12) Metaspace: 14656K(15232K)->14656K(15232K) NonClass: 12567K(12864K)->12567K(12864K) Class: 2089K(2368K)->2089K(2368K)
[3.505s][info][gc             ] GC(12) Pause Young (Allocation Failure) 168M->8M(506M) 0.718ms
[3.505s][info][gc,cpu         ] GC(12) User=0.00s Sys=0.00s Real=0.00s
[3.604s][info][gc,start       ] GC(13) Pause Young (Allocation Failure)
[3.604s][info][gc,heap        ] GC(13) PSYoungGen: 163328K(168448K)->1024K(159232K) Eden: 162304K(162304K)->0K(158208K) From: 1024K(6144K)->1024K(1024K)
[3.605s][info][gc,heap        ] GC(13) ParOldGen: 8154K(349696K)->8210K(349696K)
[3.605s][info][gc,metaspace   ] GC(13) Metaspace: 14656K(15232K)->14656K(15232K) NonClass: 12567K(12864K)->12567K(12864K) Class: 2089K(2368K)->2089K(2368K)
[3.605s][info][gc             ] GC(13) Pause Young (Allocation Failure) 167M->9M(497M) 0.773ms
[3.605s][info][gc,cpu         ] GC(13) User=0.00s Sys=0.00s Real=0.00s
[3.701s][info][gc,start       ] GC(14) Pause Young (Allocation Failure)
[3.702s][info][gc,heap        ] GC(14) PSYoungGen: 159232K(159232K)->992K(156160K) Eden: 158208K(158208K)->0K(154112K) From: 1024K(1024K)->992K(2048K)
[3.702s][info][gc,heap        ] GC(14) ParOldGen: 8210K(349696K)->8274K(349696K)
[3.702s][info][gc,metaspace   ] GC(14) Metaspace: 14656K(15232K)->14656K(15232K) NonClass: 12567K(12864K)->12567K(12864K) Class: 2089K(2368K)->2089K(2368K)
[3.702s][info][gc             ] GC(14) Pause Young (Allocation Failure) 163M->9M(494M) 0.831ms
[3.702s][info][gc,cpu         ] GC(14) User=0.00s Sys=0.00s Real=0.00s
[3.795s][info][gc,start       ] GC(15) Pause Young (Allocation Failure)
[3.796s][info][gc,heap        ] GC(15) PSYoungGen: 155104K(156160K)->992K(151040K) Eden: 154112K(154112K)->0K(150016K) From: 992K(2048K)->992K(1024K)
[3.796s][info][gc,heap        ] GC(15) ParOldGen: 8274K(349696K)->8330K(349696K)
[3.796s][info][gc,metaspace   ] GC(15) Metaspace: 14656K(15232K)->14656K(15232K) NonClass: 12567K(12864K)->12567K(12864K) Class: 2089K(2368K)->2089K(2368K)
[3.796s][info][gc             ] GC(15) Pause Young (Allocation Failure) 159M->9M(489M) 0.828ms
[3.796s][info][gc,cpu         ] GC(15) User=0.00s Sys=0.00s Real=0.00s
[3.887s][info][gc,start       ] GC(16) Pause Young (Allocation Failure)
[3.889s][info][gc,heap        ] GC(16) PSYoungGen: 151008K(151040K)->992K(147456K) Eden: 150016K(150016K)->0K(146432K) From: 992K(1024K)->992K(1024K)
[3.889s][info][gc,heap        ] GC(16) ParOldGen: 8330K(349696K)->8370K(349696K)
[3.889s][info][gc,metaspace   ] GC(16) Metaspace: 14656K(15232K)->14656K(15232K) NonClass: 12567K(12864K)->12567K(12864K) Class: 2089K(2368K)->2089K(2368K)
[3.889s][info][gc             ] GC(16) Pause Young (Allocation Failure) 155M->9M(485M) 1.429ms
[3.889s][info][gc,cpu         ] GC(16) User=0.00s Sys=0.00s Real=0.00s
[3.977s][info][gc,start       ] GC(17) Pause Young (Allocation Failure)
[3.978s][info][gc,heap        ] GC(17) PSYoungGen: 147424K(147456K)->960K(143872K) Eden: 146432K(146432K)->0K(142848K) From: 992K(1024K)->960K(1024K)
[3.978s][info][gc,heap        ] GC(17) ParOldGen: 8370K(349696K)->8442K(349696K)
[3.978s][info][gc,metaspace   ] GC(17) Metaspace: 14656K(15232K)->14656K(15232K) NonClass: 12567K(12864K)->12567K(12864K) Class: 2089K(2368K)->2089K(2368K)
[3.978s][info][gc             ] GC(17) Pause Young (Allocation Failure) 152M->9M(482M) 0.906ms
[3.978s][info][gc,cpu         ] GC(17) User=0.00s Sys=0.00s Real=0.00s
[4.064s][info][gc,start       ] GC(18) Pause Young (Allocation Failure)
[4.065s][info][gc,heap        ] GC(18) PSYoungGen: 143808K(143872K)->992K(140288K) Eden: 142848K(142848K)->0K(139264K) From: 960K(1024K)->992K(1024K)
[4.065s][info][gc,heap        ] GC(18) ParOldGen: 8442K(349696K)->8482K(349696K)
[4.066s][info][gc,metaspace   ] GC(18) Metaspace: 14656K(15232K)->14656K(15232K) NonClass: 12567K(12864K)->12567K(12864K) Class: 2089K(2368K)->2089K(2368K)
[4.066s][info][gc             ] GC(18) Pause Young (Allocation Failure) 148M->9M(478M) 1.381ms
[4.066s][info][gc,cpu         ] GC(18) User=0.00s Sys=0.00s Real=0.00s
[4.150s][info][gc,start       ] GC(19) Pause Young (Allocation Failure)
[4.151s][info][gc,heap        ] GC(19) PSYoungGen: 140256K(140288K)->992K(141824K) Eden: 139264K(139264K)->0K(136192K) From: 992K(1024K)->992K(5632K)
[4.151s][info][gc,heap        ] GC(19) ParOldGen: 8482K(349696K)->8530K(349696K)
[4.151s][info][gc,metaspace   ] GC(19) Metaspace: 14656K(15232K)->14656K(15232K) NonClass: 12567K(12864K)->12567K(12864K) Class: 2089K(2368K)->2089K(2368K)
[4.151s][info][gc             ] GC(19) Pause Young (Allocation Failure) 145M->9M(480M) 0.932ms
[4.151s][info][gc,cpu         ] GC(19) User=0.00s Sys=0.00s Real=0.00s
[4.232s][info][gc,start       ] GC(20) Pause Young (Allocation Failure)
[4.234s][info][gc,heap        ] GC(20) PSYoungGen: 137184K(141824K)->960K(134144K) Eden: 136192K(136192K)->0K(133120K) From: 992K(5632K)->960K(1024K)
[4.234s][info][gc,heap        ] GC(20) ParOldGen: 8530K(349696K)->8578K(349696K)
[4.234s][info][gc,metaspace   ] GC(20) Metaspace: 14656K(15232K)->14656K(15232K) NonClass: 12567K(12864K)->12567K(12864K) Class: 2089K(2368K)->2089K(2368K)
[4.234s][info][gc             ] GC(20) Pause Young (Allocation Failure) 142M->9M(472M) 1.531ms
[4.234s][info][gc,cpu         ] GC(20) User=0.00s Sys=0.00s Real=0.00s
[4.346s][info][gc,start       ] GC(21) Pause Young (Allocation Failure)
[4.348s][info][gc,heap        ] GC(21) PSYoungGen: 134080K(134144K)->960K(131072K) Eden: 133120K(133120K)->0K(130048K) From: 960K(1024K)->960K(1024K)
[4.348s][info][gc,heap        ] GC(21) ParOldGen: 8578K(349696K)->8626K(349696K)
[4.348s][info][gc,metaspace   ] GC(21) Metaspace: 14656K(15232K)->14656K(15232K) NonClass: 12567K(12864K)->12567K(12864K) Class: 2089K(2368K)->2089K(2368K)
[4.348s][info][gc             ] GC(21) Pause Young (Allocation Failure) 139M->9M(469M) 1.182ms
[4.348s][info][gc,cpu         ] GC(21) User=0.52s Sys=0.00s Real=0.00s
[4.435s][info][gc,start       ] GC(22) Pause Young (Allocation Failure)
[4.436s][info][gc,heap        ] GC(22) PSYoungGen: 131008K(131072K)->960K(128000K) Eden: 130048K(130048K)->0K(126976K) From: 960K(1024K)->960K(1024K)
[4.436s][info][gc,heap        ] GC(22) ParOldGen: 8626K(349696K)->8666K(349696K)
[4.436s][info][gc,metaspace   ] GC(22) Metaspace: 14656K(15232K)->14656K(15232K) NonClass: 12567K(12864K)->12567K(12864K) Class: 2089K(2368K)->2089K(2368K)
[4.436s][info][gc             ] GC(22) Pause Young (Allocation Failure) 136M->9M(466M) 1.231ms
[4.436s][info][gc,cpu         ] GC(22) User=0.00s Sys=0.00s Real=0.00s
[4.517s][info][gc,start       ] GC(23) Pause Young (Allocation Failure)
[4.518s][info][gc,heap        ] GC(23) PSYoungGen: 127936K(128000K)->928K(124928K) Eden: 126976K(126976K)->0K(123904K) From: 960K(1024K)->928K(1024K)
[4.518s][info][gc,heap        ] GC(23) ParOldGen: 8666K(349696K)->8714K(349696K)
[4.518s][info][gc,metaspace   ] GC(23) Metaspace: 14656K(15232K)->14656K(15232K) NonClass: 12567K(12864K)->12567K(12864K) Class: 2089K(2368K)->2089K(2368K)
[4.518s][info][gc             ] GC(23) Pause Young (Allocation Failure) 133M->9M(463M) 0.860ms
[4.518s][info][gc,cpu         ] GC(23) User=0.00s Sys=0.00s Real=0.00s
[4.603s][info][gc,start       ] GC(24) Pause Young (Allocation Failure)
[4.604s][info][gc,heap        ] GC(24) PSYoungGen: 124832K(124928K)->992K(122368K) Eden: 123904K(123904K)->0K(121344K) From: 928K(1024K)->992K(1024K)
[4.604s][info][gc,heap        ] GC(24) ParOldGen: 8714K(349696K)->8762K(349696K)
[4.604s][info][gc,metaspace   ] GC(24) Metaspace: 14656K(15232K)->14656K(15232K) NonClass: 12567K(12864K)->12567K(12864K) Class: 2089K(2368K)->2089K(2368K)
[4.604s][info][gc             ] GC(24) Pause Young (Allocation Failure) 130M->9M(461M) 1.107ms
[4.604s][info][gc,cpu         ] GC(24) User=0.00s Sys=0.00s Real=0.00s
[4.677s][info][gc,start       ] GC(25) Pause Young (Allocation Failure)
[4.678s][info][gc,heap        ] GC(25) PSYoungGen: 122336K(122368K)->992K(123392K) Eden: 121344K(121344K)->0K(118784K) From: 992K(1024K)->992K(4608K)
[4.678s][info][gc,heap        ] GC(25) ParOldGen: 8762K(349696K)->8802K(349696K)
[4.678s][info][gc,metaspace   ] GC(25) Metaspace: 14656K(15232K)->14656K(15232K) NonClass: 12567K(12864K)->12567K(12864K) Class: 2089K(2368K)->2089K(2368K)
[4.678s][info][gc             ] GC(25) Pause Young (Allocation Failure) 128M->9M(462M) 0.737ms
[4.678s][info][gc,cpu         ] GC(25) User=0.00s Sys=0.00s Real=0.00s
[4.748s][info][gc,start       ] GC(26) Pause Young (Allocation Failure)
[4.749s][info][gc,heap        ] GC(26) PSYoungGen: 119775K(123392K)->960K(117248K) Eden: 118783K(118784K)->0K(116224K) From: 992K(4608K)->960K(1024K)
[4.749s][info][gc,heap        ] GC(26) ParOldGen: 8802K(349696K)->8858K(349696K)
[4.749s][info][gc,metaspace   ] GC(26) Metaspace: 14656K(15232K)->14656K(15232K) NonClass: 12567K(12864K)->12567K(12864K) Class: 2089K(2368K)->2089K(2368K)
[4.749s][info][gc             ] GC(26) Pause Young (Allocation Failure) 125M->9M(456M) 1.028ms
[4.749s][info][gc,cpu         ] GC(26) User=0.00s Sys=0.00s Real=0.00s
[4.820s][info][gc,start       ] GC(27) Pause Young (Allocation Failure)
[4.820s][info][gc,heap        ] GC(27) PSYoungGen: 117184K(117248K)->960K(114688K) Eden: 116224K(116224K)->0K(113664K) From: 960K(1024K)->960K(1024K)
[4.820s][info][gc,heap        ] GC(27) ParOldGen: 8858K(349696K)->8898K(349696K)
[4.820s][info][gc,metaspace   ] GC(27) Metaspace: 14656K(15232K)->14656K(15232K) NonClass: 12567K(12864K)->12567K(12864K) Class: 2089K(2368K)->2089K(2368K)
[4.820s][info][gc             ] GC(27) Pause Young (Allocation Failure) 123M->9M(453M) 0.802ms
[4.820s][info][gc,cpu         ] GC(27) User=0.00s Sys=0.00s Real=0.00s
[4.888s][info][gc,start       ] GC(28) Pause Young (Allocation Failure)
[4.889s][info][gc,heap        ] GC(28) PSYoungGen: 114624K(114688K)->928K(112128K) Eden: 113664K(113664K)->0K(111104K) From: 960K(1024K)->928K(1024K)
[4.889s][info][gc,heap        ] GC(28) ParOldGen: 8898K(349696K)->8930K(349696K)
[4.889s][info][gc,metaspace   ] GC(28) Metaspace: 14656K(15232K)->14656K(15232K) NonClass: 12567K(12864K)->12567K(12864K) Class: 2089K(2368K)->2089K(2368K)
[4.889s][info][gc             ] GC(28) Pause Young (Allocation Failure) 120M->9M(451M) 1.073ms
[4.889s][info][gc,cpu         ] GC(28) User=0.00s Sys=0.00s Real=0.00s
[4.956s][info][gc,start       ] GC(29) Pause Young (Allocation Failure)
[4.957s][info][gc,heap        ] GC(29) PSYoungGen: 112032K(112128K)->960K(110080K) Eden: 111104K(111104K)->0K(109056K) From: 928K(1024K)->960K(1024K)
[4.957s][info][gc,heap        ] GC(29) ParOldGen: 8930K(349696K)->8962K(349696K)
[4.957s][info][gc,metaspace   ] GC(29) Metaspace: 14656K(15232K)->14656K(15232K) NonClass: 12567K(12864K)->12567K(12864K) Class: 2089K(2368K)->2089K(2368K)
[4.957s][info][gc             ] GC(29) Pause Young (Allocation Failure) 118M->9M(449M) 0.796ms
[4.957s][info][gc,cpu         ] GC(29) User=0.00s Sys=0.00s Real=0.00s
[5.021s][info][gc,start       ] GC(30) Pause Young (Allocation Failure)
[5.022s][info][gc,heap        ] GC(30) PSYoungGen: 110016K(110080K)->960K(108032K) Eden: 109056K(109056K)->0K(107008K) From: 960K(1024K)->960K(1024K)
[5.022s][info][gc,heap        ] GC(30) ParOldGen: 8962K(349696K)->8994K(349696K)
[5.022s][info][gc,metaspace   ] GC(30) Metaspace: 14656K(15232K)->14656K(15232K) NonClass: 12567K(12864K)->12567K(12864K) Class: 2089K(2368K)->2089K(2368K)
[5.022s][info][gc             ] GC(30) Pause Young (Allocation Failure) 116M->9M(447M) 1.050ms
[5.022s][info][gc,cpu         ] GC(30) User=0.00s Sys=0.00s Real=0.00s
[5.088s][info][gc,start       ] GC(31) Pause Young (Allocation Failure)
[5.089s][info][gc,heap        ] GC(31) PSYoungGen: 107968K(108032K)->1024K(108544K) Eden: 107008K(107008K)->0K(104960K) From: 960K(1024K)->1024K(3584K)
[5.089s][info][gc,heap        ] GC(31) ParOldGen: 8994K(349696K)->9018K(349696K)
[5.089s][info][gc,metaspace   ] GC(31) Metaspace: 14656K(15232K)->14656K(15232K) NonClass: 12567K(12864K)->12567K(12864K) Class: 2089K(2368K)->2089K(2368K)
[5.089s][info][gc             ] GC(31) Pause Young (Allocation Failure) 114M->9M(447M) 0.851ms
[5.089s][info][gc,cpu         ] GC(31) User=0.00s Sys=0.00s Real=0.00s
[5.155s][info][gc,start       ] GC(32) Pause Young (Allocation Failure)
[5.156s][info][gc,heap        ] GC(32) PSYoungGen: 105984K(108544K)->992K(103936K) Eden: 104960K(104960K)->0K(102912K) From: 1024K(3584K)->992K(1024K)
[5.156s][info][gc,heap        ] GC(32) ParOldGen: 9018K(349696K)->9042K(349696K)
[5.156s][info][gc,metaspace   ] GC(32) Metaspace: 14656K(15232K)->14656K(15232K) NonClass: 12567K(12864K)->12567K(12864K) Class: 2089K(2368K)->2089K(2368K)
[5.156s][info][gc             ] GC(32) Pause Young (Allocation Failure) 112M->9M(443M) 1.155ms
[5.156s][info][gc,cpu         ] GC(32) User=0.00s Sys=0.00s Real=0.00s
[5.218s][info][gc,start       ] GC(33) Pause Young (Allocation Failure)
[5.219s][info][gc,heap        ] GC(33) PSYoungGen: 103904K(103936K)->960K(101888K) Eden: 102912K(102912K)->0K(100864K) From: 992K(1024K)->960K(1024K)
[5.219s][info][gc,heap        ] GC(33) ParOldGen: 9042K(349696K)->9098K(349696K)
[5.219s][info][gc,metaspace   ] GC(33) Metaspace: 14656K(15232K)->14656K(15232K) NonClass: 12567K(12864K)->12567K(12864K) Class: 2089K(2368K)->2089K(2368K)
[5.219s][info][gc             ] GC(33) Pause Young (Allocation Failure) 110M->9M(441M) 0.822ms
[5.219s][info][gc,cpu         ] GC(33) User=0.00s Sys=0.00s Real=0.00s
[5.279s][info][gc,start       ] GC(34) Pause Young (Allocation Failure)
[5.280s][info][gc,heap        ] GC(34) PSYoungGen: 101824K(101888K)->992K(99840K) Eden: 100864K(100864K)->0K(98816K) From: 960K(1024K)->992K(1024K)
[5.280s][info][gc,heap        ] GC(34) ParOldGen: 9098K(349696K)->9122K(349696K)
[5.280s][info][gc,metaspace   ] GC(34) Metaspace: 14656K(15232K)->14656K(15232K) NonClass: 12567K(12864K)->12567K(12864K) Class: 2089K(2368K)->2089K(2368K)
[5.280s][info][gc             ] GC(34) Pause Young (Allocation Failure) 108M->9M(439M) 1.033ms
[5.280s][info][gc,cpu         ] GC(34) User=0.00s Sys=0.00s Real=0.00s
[5.340s][info][gc,start       ] GC(35) Pause Young (Allocation Failure)
[5.340s][info][gc,heap        ] GC(35) PSYoungGen: 99807K(99840K)->960K(99840K) Eden: 98815K(98816K)->0K(96768K) From: 992K(1024K)->960K(3072K)
[5.341s][info][gc,heap        ] GC(35) ParOldGen: 9122K(349696K)->9154K(349696K)
[5.341s][info][gc,metaspace   ] GC(35) Metaspace: 14656K(15232K)->14656K(15232K) NonClass: 12567K(12864K)->12567K(12864K) Class: 2089K(2368K)->2089K(2368K)
[5.341s][info][gc             ] GC(35) Pause Young (Allocation Failure) 106M->9M(439M) 0.848ms
[5.341s][info][gc,cpu         ] GC(35) User=0.00s Sys=0.00s Real=0.00s
[5.398s][info][gc,start       ] GC(36) Pause Young (Allocation Failure)
[5.399s][info][gc,heap        ] GC(36) PSYoungGen: 97728K(99840K)->992K(123392K) Eden: 96768K(96768K)->0K(120832K) From: 960K(3072K)->992K(2560K)
[5.399s][info][gc,heap        ] GC(36) ParOldGen: 9154K(349696K)->9178K(349696K)
[5.399s][info][gc,metaspace   ] GC(36) Metaspace: 14656K(15232K)->14656K(15232K) NonClass: 12567K(12864K)->12567K(12864K) Class: 2089K(2368K)->2089K(2368K)
[5.399s][info][gc             ] GC(36) Pause Young (Allocation Failure) 104M->9M(462M) 0.807ms
[5.399s][info][gc,cpu         ] GC(36) User=0.00s Sys=0.00s Real=0.00s
[5.473s][info][gc,start       ] GC(37) Pause Young (Allocation Failure)
[5.474s][info][gc,heap        ] GC(37) PSYoungGen: 121824K(123392K)->1024K(123392K) Eden: 120832K(120832K)->0K(120832K) From: 992K(2560K)->1024K(2560K)
[5.474s][info][gc,heap        ] GC(37) ParOldGen: 9178K(349696K)->9202K(349696K)
[5.474s][info][gc,metaspace   ] GC(37) Metaspace: 14656K(15232K)->14656K(15232K) NonClass: 12567K(12864K)->12567K(12864K) Class: 2089K(2368K)->2089K(2368K)
[5.474s][info][gc             ] GC(37) Pause Young (Allocation Failure) 127M->9M(462M) 0.967ms
[5.474s][info][gc,cpu         ] GC(37) User=0.02s Sys=0.00s Real=0.00s
[5.546s][info][gc,start       ] GC(38) Pause Young (Allocation Failure)
[5.547s][info][gc,heap        ] GC(38) PSYoungGen: 121856K(123392K)->1056K(153600K) Eden: 120832K(120832K)->0K(151040K) From: 1024K(2560K)->1056K(2560K)
[5.547s][info][gc,heap        ] GC(38) ParOldGen: 9202K(349696K)->9338K(349696K)
[5.547s][info][gc,metaspace   ] GC(38) Metaspace: 14656K(15232K)->14656K(15232K) NonClass: 12567K(12864K)->12567K(12864K) Class: 2089K(2368K)->2089K(2368K)
[5.547s][info][gc             ] GC(38) Pause Young (Allocation Failure) 127M->10M(491M) 0.887ms
[5.547s][info][gc,cpu         ] GC(38) User=0.00s Sys=0.00s Real=0.00s
[5.668s][info][gc,start       ] GC(39) Pause Young (Allocation Failure)
[5.669s][info][gc,heap        ] GC(39) PSYoungGen: 152096K(153600K)->1056K(148992K) Eden: 151040K(151040K)->0K(147456K) From: 1056K(2560K)->1056K(1536K)
[5.669s][info][gc,heap        ] GC(39) ParOldGen: 9338K(349696K)->9370K(349696K)
[5.669s][info][gc,metaspace   ] GC(39) Metaspace: 14656K(15232K)->14656K(15232K) NonClass: 12567K(12864K)->12567K(12864K) Class: 2089K(2368K)->2089K(2368K)
[5.669s][info][gc             ] GC(39) Pause Young (Allocation Failure) 157M->10M(487M) 1.177ms
[5.669s][info][gc,cpu         ] GC(39) User=0.00s Sys=0.00s Real=0.00s
[5.766s][info][gc,start       ] GC(40) Pause Young (Allocation Failure)
[5.767s][info][gc,heap        ] GC(40) PSYoungGen: 148512K(148992K)->1056K(145408K) Eden: 147456K(147456K)->0K(143872K) From: 1056K(1536K)->1056K(1536K)
[5.767s][info][gc,heap        ] GC(40) ParOldGen: 9370K(349696K)->9426K(349696K)
[5.767s][info][gc,metaspace   ] GC(40) Metaspace: 14656K(15232K)->14656K(15232K) NonClass: 12567K(12864K)->12567K(12864K) Class: 2089K(2368K)->2089K(2368K)
[5.767s][info][gc             ] GC(40) Pause Young (Allocation Failure) 154M->10M(483M) 0.804ms
[5.767s][info][gc,cpu         ] GC(40) User=0.00s Sys=0.00s Real=0.00s
[5.857s][info][gc,start       ] GC(41) Pause Young (Allocation Failure)
[5.858s][info][gc,heap        ] GC(41) PSYoungGen: 144928K(145408K)->960K(141312K) Eden: 143872K(143872K)->0K(140288K) From: 1056K(1536K)->960K(1024K)
[5.858s][info][gc,heap        ] GC(41) ParOldGen: 9426K(349696K)->9482K(349696K)
[5.858s][info][gc,metaspace   ] GC(41) Metaspace: 14656K(15232K)->14656K(15232K) NonClass: 12567K(12864K)->12567K(12864K) Class: 2089K(2368K)->2089K(2368K)
[5.858s][info][gc             ] GC(41) Pause Young (Allocation Failure) 150M->10M(479M) 0.735ms
[5.858s][info][gc,cpu         ] GC(41) User=0.00s Sys=0.00s Real=0.00s
[5.942s][info][gc,start       ] GC(42) Pause Young (Allocation Failure)
[5.943s][info][gc,heap        ] GC(42) PSYoungGen: 141248K(141312K)->992K(137728K) Eden: 140288K(140288K)->0K(136704K) From: 960K(1024K)->992K(1024K)
[5.943s][info][gc,heap        ] GC(42) ParOldGen: 9482K(349696K)->9522K(349696K)
[5.943s][info][gc,metaspace   ] GC(42) Metaspace: 14656K(15232K)->14656K(15232K) NonClass: 12567K(12864K)->12567K(12864K) Class: 2089K(2368K)->2089K(2368K)
[5.943s][info][gc             ] GC(42) Pause Young (Allocation Failure) 147M->10M(476M) 0.812ms
[5.943s][info][gc,cpu         ] GC(42) User=0.00s Sys=0.00s Real=0.00s
[6.024s][info][gc,start       ] GC(43) Pause Young (Allocation Failure)
[6.025s][info][gc,heap        ] GC(43) PSYoungGen: 137696K(137728K)->960K(134656K) Eden: 136704K(136704K)->0K(133632K) From: 992K(1024K)->960K(1024K)
[6.025s][info][gc,heap        ] GC(43) ParOldGen: 9522K(349696K)->9570K(349696K)
[6.025s][info][gc,metaspace   ] GC(43) Metaspace: 14656K(15232K)->14656K(15232K) NonClass: 12567K(12864K)->12567K(12864K) Class: 2089K(2368K)->2089K(2368K)
[6.025s][info][gc             ] GC(43) Pause Young (Allocation Failure) 143M->10M(473M) 0.782ms
[6.025s][info][gc,cpu         ] GC(43) User=0.00s Sys=0.00s Real=0.00s
[6.106s][info][gc,start       ] GC(44) Pause Young (Allocation Failure)
[6.107s][info][gc,heap        ] GC(44) PSYoungGen: 134592K(134656K)->960K(131584K) Eden: 133632K(133632K)->0K(130560K) From: 960K(1024K)->960K(1024K)
[6.107s][info][gc,heap        ] GC(44) ParOldGen: 9570K(349696K)->9610K(349696K)
[6.107s][info][gc,metaspace   ] GC(44) Metaspace: 14656K(15232K)->14656K(15232K) NonClass: 12567K(12864K)->12567K(12864K) Class: 2089K(2368K)->2089K(2368K)
[6.107s][info][gc             ] GC(44) Pause Young (Allocation Failure) 140M->10M(470M) 0.816ms
[6.107s][info][gc,cpu         ] GC(44) User=0.00s Sys=0.00s Real=0.00s
[6.194s][info][gc,start       ] GC(45) Pause Young (Allocation Failure)
[6.194s][info][gc,heap        ] GC(45) PSYoungGen: 131520K(131584K)->960K(128512K) Eden: 130560K(130560K)->0K(127488K) From: 960K(1024K)->960K(1024K)
[6.194s][info][gc,heap        ] GC(45) ParOldGen: 9610K(349696K)->9642K(349696K)
[6.194s][info][gc,metaspace   ] GC(45) Metaspace: 14656K(15232K)->14656K(15232K) NonClass: 12567K(12864K)->12567K(12864K) Class: 2089K(2368K)->2089K(2368K)
[6.194s][info][gc             ] GC(45) Pause Young (Allocation Failure) 137M->10M(467M) 0.776ms
[6.194s][info][gc,cpu         ] GC(45) User=0.00s Sys=0.00s Real=0.00s
[6.272s][info][gc,start       ] GC(46) Pause Young (Allocation Failure)
[6.273s][info][gc,heap        ] GC(46) PSYoungGen: 128448K(128512K)->992K(125440K) Eden: 127488K(127488K)->0K(124416K) From: 960K(1024K)->992K(1024K)
[6.273s][info][gc,heap        ] GC(46) ParOldGen: 9642K(349696K)->9674K(349696K)
[6.273s][info][gc,metaspace   ] GC(46) Metaspace: 14656K(15232K)->14656K(15232K) NonClass: 12567K(12864K)->12567K(12864K) Class: 2089K(2368K)->2089K(2368K)
[6.273s][info][gc             ] GC(46) Pause Young (Allocation Failure) 134M->10M(464M) 0.857ms
[6.273s][info][gc,cpu         ] GC(46) User=0.00s Sys=0.00s Real=0.00s
[6.348s][info][gc,start       ] GC(47) Pause Young (Allocation Failure)
[6.348s][info][gc,heap        ] GC(47) PSYoungGen: 125408K(125440K)->928K(122880K) Eden: 124416K(124416K)->0K(121856K) From: 992K(1024K)->928K(1024K)
[6.348s][info][gc,heap        ] GC(47) ParOldGen: 9674K(349696K)->9722K(349696K)
[6.348s][info][gc,metaspace   ] GC(47) Metaspace: 14656K(15232K)->14656K(15232K) NonClass: 12567K(12864K)->12567K(12864K) Class: 2089K(2368K)->2089K(2368K)
[6.348s][info][gc             ] GC(47) Pause Young (Allocation Failure) 131M->10M(461M) 0.826ms
[6.348s][info][gc,cpu         ] GC(47) User=0.09s Sys=0.06s Real=0.00s
[6.420s][info][gc,start       ] GC(48) Pause Young (Allocation Failure)
[6.421s][info][gc,heap        ] GC(48) PSYoungGen: 122784K(122880K)->960K(120320K) Eden: 121856K(121856K)->0K(119296K) From: 928K(1024K)->960K(1024K)
[6.421s][info][gc,heap        ] GC(48) ParOldGen: 9722K(349696K)->9762K(349696K)
[6.421s][info][gc,metaspace   ] GC(48) Metaspace: 14656K(15232K)->14656K(15232K) NonClass: 12567K(12864K)->12567K(12864K) Class: 2089K(2368K)->2089K(2368K)
[6.421s][info][gc             ] GC(48) Pause Young (Allocation Failure) 129M->10M(459M) 0.893ms
[6.421s][info][gc,cpu         ] GC(48) User=0.00s Sys=0.00s Real=0.00s
[6.492s][info][gc,start       ] GC(49) Pause Young (Allocation Failure)
[6.493s][info][gc,heap        ] GC(49) PSYoungGen: 120256K(120320K)->992K(118784K) Eden: 119296K(119296K)->0K(116736K) From: 960K(1024K)->992K(2048K)
[6.493s][info][gc,heap        ] GC(49) ParOldGen: 9762K(349696K)->9802K(349696K)
[6.493s][info][gc,metaspace   ] GC(49) Metaspace: 14656K(15232K)->14656K(15232K) NonClass: 12567K(12864K)->12567K(12864K) Class: 2089K(2368K)->2089K(2368K)
[6.493s][info][gc             ] GC(49) Pause Young (Allocation Failure) 126M->10M(457M) 0.879ms
[6.493s][info][gc,cpu         ] GC(49) User=0.00s Sys=0.00s Real=0.00s
[6.564s][info][gc,start       ] GC(50) Pause Young (Allocation Failure)
[6.564s][info][gc,heap        ] GC(50) PSYoungGen: 117728K(118784K)->992K(115200K) Eden: 116736K(116736K)->0K(114176K) From: 992K(2048K)->992K(1024K)
[6.564s][info][gc,heap        ] GC(50) ParOldGen: 9802K(349696K)->9834K(349696K)
[6.564s][info][gc,metaspace   ] GC(50) Metaspace: 14656K(15232K)->14656K(15232K) NonClass: 12567K(12864K)->12567K(12864K) Class: 2089K(2368K)->2089K(2368K)
[6.564s][info][gc             ] GC(50) Pause Young (Allocation Failure) 124M->10M(454M) 0.908ms
[6.564s][info][gc,cpu         ] GC(50) User=0.00s Sys=0.00s Real=0.00s
[6.632s][info][gc,start       ] GC(51) Pause Young (Allocation Failure)
[6.633s][info][gc,heap        ] GC(51) PSYoungGen: 115168K(115200K)->960K(112640K) Eden: 114176K(114176K)->0K(111616K) From: 992K(1024K)->960K(1024K)
[6.633s][info][gc,heap        ] GC(51) ParOldGen: 9834K(349696K)->9866K(349696K)
[6.633s][info][gc,metaspace   ] GC(51) Metaspace: 14656K(15232K)->14656K(15232K) NonClass: 12567K(12864K)->12567K(12864K) Class: 2089K(2368K)->2089K(2368K)
[6.633s][info][gc             ] GC(51) Pause Young (Allocation Failure) 122M->10M(451M) 0.882ms
[6.633s][info][gc,cpu         ] GC(51) User=0.00s Sys=0.00s Real=0.00s
[6.700s][info][gc,start       ] GC(52) Pause Young (Allocation Failure)
[6.701s][info][gc,heap        ] GC(52) PSYoungGen: 112576K(112640K)->928K(110080K) Eden: 111616K(111616K)->0K(109056K) From: 960K(1024K)->928K(1024K)
[6.701s][info][gc,heap        ] GC(52) ParOldGen: 9866K(349696K)->9890K(349696K)
[6.701s][info][gc,metaspace   ] GC(52) Metaspace: 14656K(15232K)->14656K(15232K) NonClass: 12567K(12864K)->12567K(12864K) Class: 2089K(2368K)->2089K(2368K)
[6.701s][info][gc             ] GC(52) Pause Young (Allocation Failure) 119M->10M(449M) 0.916ms
[6.701s][info][gc,cpu         ] GC(52) User=0.00s Sys=0.00s Real=0.00s
[6.767s][info][gc,start       ] GC(53) Pause Young (Allocation Failure)
[6.768s][info][gc,heap        ] GC(53) PSYoungGen: 109984K(110080K)->992K(108032K) Eden: 109056K(109056K)->0K(107008K) From: 928K(1024K)->992K(1024K)
[6.768s][info][gc,heap        ] GC(53) ParOldGen: 9890K(349696K)->9938K(349696K)
[6.768s][info][gc,metaspace   ] GC(53) Metaspace: 14656K(15232K)->14656K(15232K) NonClass: 12567K(12864K)->12567K(12864K) Class: 2089K(2368K)->2089K(2368K)
[6.768s][info][gc             ] GC(53) Pause Young (Allocation Failure) 117M->10M(447M) 0.899ms
[6.768s][info][gc,cpu         ] GC(53) User=0.00s Sys=0.00s Real=0.00s
[6.833s][info][gc,start       ] GC(54) Pause Young (Allocation Failure)
[6.834s][info][gc,heap        ] GC(54) PSYoungGen: 108000K(108032K)->992K(105984K) Eden: 107008K(107008K)->0K(104960K) From: 992K(1024K)->992K(1024K)
[6.834s][info][gc,heap        ] GC(54) ParOldGen: 9938K(349696K)->9970K(349696K)
[6.834s][info][gc,metaspace   ] GC(54) Metaspace: 14656K(15232K)->14656K(15232K) NonClass: 12567K(12864K)->12567K(12864K) Class: 2089K(2368K)->2089K(2368K)
[6.834s][info][gc             ] GC(54) Pause Young (Allocation Failure) 115M->10M(445M) 0.892ms
[6.834s][info][gc,cpu         ] GC(54) User=0.00s Sys=0.00s Real=0.00s
[6.898s][info][gc,start       ] GC(55) Pause Young (Allocation Failure)
[6.899s][info][gc,heap        ] GC(55) PSYoungGen: 105952K(105984K)->960K(103936K) Eden: 104960K(104960K)->0K(102912K) From: 992K(1024K)->960K(1024K)
[6.899s][info][gc,heap        ] GC(55) ParOldGen: 9970K(349696K)->9994K(349696K)
[6.899s][info][gc,metaspace   ] GC(55) Metaspace: 14656K(15232K)->14656K(15232K) NonClass: 12567K(12864K)->12567K(12864K) Class: 2089K(2368K)->2089K(2368K)
[6.899s][info][gc             ] GC(55) Pause Young (Allocation Failure) 113M->10M(443M) 0.914ms
[6.899s][info][gc,cpu         ] GC(55) User=0.00s Sys=0.00s Real=0.00s
[7.014s][info][gc,start       ] GC(56) Pause Young (Allocation Failure)
[7.015s][info][gc,heap        ] GC(56) PSYoungGen: 103872K(103936K)->992K(101888K) Eden: 102912K(102912K)->0K(100864K) From: 960K(1024K)->992K(1024K)
[7.015s][info][gc,heap        ] GC(56) ParOldGen: 9994K(349696K)->10026K(349696K)
[7.015s][info][gc,metaspace   ] GC(56) Metaspace: 14656K(15232K)->14656K(15232K) NonClass: 12567K(12864K)->12567K(12864K) Class: 2089K(2368K)->2089K(2368K)
[7.016s][info][gc             ] GC(56) Pause Young (Allocation Failure) 111M->10M(441M) 1.398ms
[7.016s][info][gc,cpu         ] GC(56) User=0.00s Sys=0.00s Real=0.00s
[7.086s][info][gc,start       ] GC(57) Pause Young (Allocation Failure)
[7.086s][info][gc,heap        ] GC(57) PSYoungGen: 101856K(101888K)->1024K(99840K) Eden: 100864K(100864K)->0K(98816K) From: 992K(1024K)->1024K(1024K)
[7.087s][info][gc,heap        ] GC(57) ParOldGen: 10026K(349696K)->10050K(349696K)
[7.087s][info][gc,metaspace   ] GC(57) Metaspace: 14656K(15232K)->14656K(15232K) NonClass: 12567K(12864K)->12567K(12864K) Class: 2089K(2368K)->2089K(2368K)
[7.087s][info][gc             ] GC(57) Pause Young (Allocation Failure) 109M->10M(439M) 0.856ms
[7.087s][info][gc,cpu         ] GC(57) User=0.00s Sys=0.00s Real=0.00s
[7.148s][info][gc,start       ] GC(58) Pause Young (Allocation Failure)
[7.149s][info][gc,heap        ] GC(58) PSYoungGen: 99840K(99840K)->992K(97792K) Eden: 98816K(98816K)->0K(96768K) From: 1024K(1024K)->992K(1024K)
[7.149s][info][gc,heap        ] GC(58) ParOldGen: 10050K(349696K)->10090K(349696K)
[7.149s][info][gc,metaspace   ] GC(58) Metaspace: 14656K(15232K)->14656K(15232K) NonClass: 12567K(12864K)->12567K(12864K) Class: 2089K(2368K)->2089K(2368K)
[7.149s][info][gc             ] GC(58) Pause Young (Allocation Failure) 107M->10M(437M) 0.743ms
[7.149s][info][gc,cpu         ] GC(58) User=0.00s Sys=0.00s Real=0.00s
[7.210s][info][gc,start       ] GC(59) Pause Young (Allocation Failure)
[7.211s][info][gc,heap        ] GC(59) PSYoungGen: 97760K(97792K)->992K(95744K) Eden: 96768K(96768K)->0K(94720K) From: 992K(1024K)->992K(1024K)
[7.211s][info][gc,heap        ] GC(59) ParOldGen: 10090K(349696K)->10114K(349696K)
[7.211s][info][gc,metaspace   ] GC(59) Metaspace: 14660K(15232K)->14660K(15232K) NonClass: 12571K(12864K)->12571K(12864K) Class: 2089K(2368K)->2089K(2368K)
[7.211s][info][gc             ] GC(59) Pause Young (Allocation Failure) 105M->10M(435M) 0.780ms
[7.211s][info][gc,cpu         ] GC(59) User=0.00s Sys=0.00s Real=0.00s
[7.275s][info][gc,start       ] GC(60) Pause Young (Allocation Failure)
[7.275s][info][gc,heap        ] GC(60) PSYoungGen: 95712K(95744K)->960K(94208K) Eden: 94720K(94720K)->0K(93184K) From: 992K(1024K)->960K(1024K)
[7.275s][info][gc,heap        ] GC(60) ParOldGen: 10114K(349696K)->10170K(349696K)
[7.275s][info][gc,metaspace   ] GC(60) Metaspace: 14660K(15232K)->14660K(15232K) NonClass: 12571K(12864K)->12571K(12864K) Class: 2089K(2368K)->2089K(2368K)
[7.275s][info][gc             ] GC(60) Pause Young (Allocation Failure) 103M->10M(433M) 0.699ms
[7.275s][info][gc,cpu         ] GC(60) User=0.00s Sys=0.00s Real=0.00s
[7.333s][info][gc,start       ] GC(61) Pause Young (Allocation Failure)
[7.334s][info][gc,heap        ] GC(61) PSYoungGen: 94144K(94208K)->1024K(92672K) Eden: 93184K(93184K)->0K(91648K) From: 960K(1024K)->1024K(1024K)
[7.334s][info][gc,heap        ] GC(61) ParOldGen: 10170K(349696K)->10210K(349696K)
[7.334s][info][gc,metaspace   ] GC(61) Metaspace: 14660K(15232K)->14660K(15232K) NonClass: 12571K(12864K)->12571K(12864K) Class: 2089K(2368K)->2089K(2368K)
[7.334s][info][gc             ] GC(61) Pause Young (Allocation Failure) 101M->10M(432M) 0.721ms
[7.334s][info][gc,cpu         ] GC(61) User=0.00s Sys=0.00s Real=0.00s
[7.388s][info][gc,start       ] GC(62) Pause Young (Allocation Failure)
[7.389s][info][gc,heap        ] GC(62) PSYoungGen: 92672K(92672K)->960K(91136K) Eden: 91648K(91648K)->0K(90112K) From: 1024K(1024K)->960K(1024K)
[7.389s][info][gc,heap        ] GC(62) ParOldGen: 10210K(349696K)->10234K(349696K)
[7.389s][info][gc,metaspace   ] GC(62) Metaspace: 14660K(15232K)->14660K(15232K) NonClass: 12571K(12864K)->12571K(12864K) Class: 2089K(2368K)->2089K(2368K)
[7.389s][info][gc             ] GC(62) Pause Young (Allocation Failure) 100M->10M(430M) 0.740ms
[7.389s][info][gc,cpu         ] GC(62) User=0.00s Sys=0.00s Real=0.00s
[7.443s][info][gc,start       ] GC(63) Pause Young (Allocation Failure)
[7.443s][info][gc,heap        ] GC(63) PSYoungGen: 91072K(91136K)->992K(89600K) Eden: 90112K(90112K)->0K(88576K) From: 960K(1024K)->992K(1024K)
[7.443s][info][gc,heap        ] GC(63) ParOldGen: 10234K(349696K)->10258K(349696K)
[7.443s][info][gc,metaspace   ] GC(63) Metaspace: 14660K(15232K)->14660K(15232K) NonClass: 12571K(12864K)->12571K(12864K) Class: 2089K(2368K)->2089K(2368K)
[7.443s][info][gc             ] GC(63) Pause Young (Allocation Failure) 98M->10M(429M) 0.691ms
[7.443s][info][gc,cpu         ] GC(63) User=0.00s Sys=0.00s Real=0.00s
[7.496s][info][gc,start       ] GC(64) Pause Young (Allocation Failure)
[7.497s][info][gc,heap        ] GC(64) PSYoungGen: 89568K(89600K)->992K(88064K) Eden: 88576K(88576K)->0K(87040K) From: 992K(1024K)->992K(1024K)
[7.497s][info][gc,heap        ] GC(64) ParOldGen: 10258K(349696K)->10282K(349696K)
[7.497s][info][gc,metaspace   ] GC(64) Metaspace: 14660K(15232K)->14660K(15232K) NonClass: 12571K(12864K)->12571K(12864K) Class: 2089K(2368K)->2089K(2368K)
[7.497s][info][gc             ] GC(64) Pause Young (Allocation Failure) 97M->11M(427M) 0.724ms
[7.497s][info][gc,cpu         ] GC(64) User=0.00s Sys=0.00s Real=0.00s
[7.548s][info][gc,start       ] GC(65) Pause Young (Allocation Failure)
[7.549s][info][gc,heap        ] GC(65) PSYoungGen: 88032K(88064K)->992K(86528K) Eden: 87040K(87040K)->0K(85504K) From: 992K(1024K)->992K(1024K)
[7.549s][info][gc,heap        ] GC(65) ParOldGen: 10282K(349696K)->10306K(349696K)
[7.549s][info][gc,metaspace   ] GC(65) Metaspace: 14660K(15232K)->14660K(15232K) NonClass: 12571K(12864K)->12571K(12864K) Class: 2089K(2368K)->2089K(2368K)
[7.549s][info][gc             ] GC(65) Pause Young (Allocation Failure) 96M->11M(426M) 0.744ms
[7.549s][info][gc,cpu         ] GC(65) User=0.00s Sys=0.00s Real=0.00s
[7.600s][info][gc,start       ] GC(66) Pause Young (Allocation Failure)
[7.601s][info][gc,heap        ] GC(66) PSYoungGen: 86496K(86528K)->1024K(84992K) Eden: 85504K(85504K)->0K(83968K) From: 992K(1024K)->1024K(1024K)
[7.601s][info][gc,heap        ] GC(66) ParOldGen: 10306K(349696K)->10354K(349696K)
[7.601s][info][gc,metaspace   ] GC(66) Metaspace: 14660K(15232K)->14660K(15232K) NonClass: 12571K(12864K)->12571K(12864K) Class: 2089K(2368K)->2089K(2368K)
[7.601s][info][gc             ] GC(66) Pause Young (Allocation Failure) 94M->11M(424M) 0.777ms
[7.601s][info][gc,cpu         ] GC(66) User=0.00s Sys=0.00s Real=0.00s
[7.651s][info][gc,start       ] GC(67) Pause Young (Allocation Failure)
[7.652s][info][gc,heap        ] GC(67) PSYoungGen: 84992K(84992K)->960K(101888K) Eden: 83968K(83968K)->0K(100864K) From: 1024K(1024K)->960K(1024K)
[7.652s][info][gc,heap        ] GC(67) ParOldGen: 10354K(349696K)->10378K(349696K)
[7.652s][info][gc,metaspace   ] GC(67) Metaspace: 14660K(15232K)->14660K(15232K) NonClass: 12571K(12864K)->12571K(12864K) Class: 2089K(2368K)->2089K(2368K)
[7.652s][info][gc             ] GC(67) Pause Young (Allocation Failure) 93M->11M(441M) 0.756ms
[7.652s][info][gc,cpu         ] GC(67) User=0.00s Sys=0.00s Real=0.00s
[7.713s][info][gc,start       ] GC(68) Pause Young (Allocation Failure)
[7.713s][info][gc,heap        ] GC(68) PSYoungGen: 101824K(101888K)->960K(99840K) Eden: 100864K(100864K)->0K(98816K) From: 960K(1024K)->960K(1024K)
[7.713s][info][gc,heap        ] GC(68) ParOldGen: 10378K(349696K)->10402K(349696K)
[7.713s][info][gc,metaspace   ] GC(68) Metaspace: 14660K(15232K)->14660K(15232K) NonClass: 12571K(12864K)->12571K(12864K) Class: 2089K(2368K)->2089K(2368K)
[7.713s][info][gc             ] GC(68) Pause Young (Allocation Failure) 109M->11M(439M) 0.788ms
[7.713s][info][gc,cpu         ] GC(68) User=0.00s Sys=0.00s Real=0.00s
[7.772s][info][gc,start       ] GC(69) Pause Young (Allocation Failure)
[7.773s][info][gc,heap        ] GC(69) PSYoungGen: 99776K(99840K)->960K(119808K) Eden: 98816K(98816K)->0K(118784K) From: 960K(1024K)->960K(1024K)
[7.773s][info][gc,heap        ] GC(69) ParOldGen: 10402K(349696K)->10442K(349696K)
[7.773s][info][gc,metaspace   ] GC(69) Metaspace: 14660K(15232K)->14660K(15232K) NonClass: 12571K(12864K)->12571K(12864K) Class: 2089K(2368K)->2089K(2368K)
[7.773s][info][gc             ] GC(69) Pause Young (Allocation Failure) 107M->11M(458M) 0.829ms
[7.773s][info][gc,cpu         ] GC(69) User=0.00s Sys=0.00s Real=0.00s
[7.844s][info][gc,start       ] GC(70) Pause Young (Allocation Failure)
[7.845s][info][gc,heap        ] GC(70) PSYoungGen: 119744K(119808K)->960K(117248K) Eden: 118784K(118784K)->0K(116224K) From: 960K(1024K)->960K(1024K)
[7.845s][info][gc,heap        ] GC(70) ParOldGen: 10442K(349696K)->10474K(349696K)
[7.845s][info][gc,metaspace   ] GC(70) Metaspace: 14660K(15232K)->14660K(15232K) NonClass: 12571K(12864K)->12571K(12864K) Class: 2089K(2368K)->2089K(2368K)
[7.845s][info][gc             ] GC(70) Pause Young (Allocation Failure) 127M->11M(456M) 0.844ms
[7.845s][info][gc,cpu         ] GC(70) User=0.00s Sys=0.00s Real=0.00s
[7.915s][info][gc,start       ] GC(71) Pause Young (Allocation Failure)
[7.915s][info][gc,heap        ] GC(71) PSYoungGen: 117184K(117248K)->960K(114688K) Eden: 116224K(116224K)->0K(113664K) From: 960K(1024K)->960K(1024K)
[7.915s][info][gc,heap        ] GC(71) ParOldGen: 10474K(349696K)->10506K(349696K)
[7.915s][info][gc,metaspace   ] GC(71) Metaspace: 14660K(15232K)->14660K(15232K) NonClass: 12571K(12864K)->12571K(12864K) Class: 2089K(2368K)->2089K(2368K)
[7.915s][info][gc             ] GC(71) Pause Young (Allocation Failure) 124M->11M(453M) 0.853ms
[7.916s][info][gc,cpu         ] GC(71) User=0.00s Sys=0.00s Real=0.00s
[7.984s][info][gc,start       ] GC(72) Pause Young (Allocation Failure)
[7.984s][info][gc,heap        ] GC(72) PSYoungGen: 114624K(114688K)->992K(112128K) Eden: 113664K(113664K)->0K(111104K) From: 960K(1024K)->992K(1024K)
[7.984s][info][gc,heap        ] GC(72) ParOldGen: 10506K(349696K)->10530K(349696K)
[7.984s][info][gc,metaspace   ] GC(72) Metaspace: 14660K(15232K)->14660K(15232K) NonClass: 12571K(12864K)->12571K(12864K) Class: 2089K(2368K)->2089K(2368K)
[7.984s][info][gc             ] GC(72) Pause Young (Allocation Failure) 122M->11M(451M) 0.883ms
[7.984s][info][gc,cpu         ] GC(72) User=0.00s Sys=0.00s Real=0.00s
[8.051s][info][gc,start       ] GC(73) Pause Young (Allocation Failure)
[8.052s][info][gc,heap        ] GC(73) PSYoungGen: 112096K(112128K)->992K(110080K) Eden: 111104K(111104K)->0K(109056K) From: 992K(1024K)->992K(1024K)
[8.052s][info][gc,heap        ] GC(73) ParOldGen: 10530K(349696K)->10570K(349696K)
[8.052s][info][gc,metaspace   ] GC(73) Metaspace: 14660K(15232K)->14660K(15232K) NonClass: 12571K(12864K)->12571K(12864K) Class: 2089K(2368K)->2089K(2368K)
[8.052s][info][gc             ] GC(73) Pause Young (Allocation Failure) 119M->11M(449M) 0.817ms
[8.052s][info][gc,cpu         ] GC(73) User=0.00s Sys=0.00s Real=0.00s
[8.118s][info][gc,start       ] GC(74) Pause Young (Allocation Failure)
[8.119s][info][gc,heap        ] GC(74) PSYoungGen: 110048K(110080K)->960K(108032K) Eden: 109056K(109056K)->0K(107008K) From: 992K(1024K)->960K(1024K)
[8.119s][info][gc,heap        ] GC(74) ParOldGen: 10570K(349696K)->10602K(349696K)
[8.119s][info][gc,metaspace   ] GC(74) Metaspace: 14660K(15232K)->14660K(15232K) NonClass: 12571K(12864K)->12571K(12864K) Class: 2089K(2368K)->2089K(2368K)
[8.119s][info][gc             ] GC(74) Pause Young (Allocation Failure) 117M->11M(447M) 0.908ms
[8.119s][info][gc,cpu         ] GC(74) User=0.00s Sys=0.00s Real=0.00s
[8.183s][info][gc,start       ] GC(75) Pause Young (Allocation Failure)
[8.184s][info][gc,heap        ] GC(75) PSYoungGen: 107968K(108032K)->960K(105984K) Eden: 107008K(107008K)->0K(104960K) From: 960K(1024K)->960K(1024K)
[8.184s][info][gc,heap        ] GC(75) ParOldGen: 10602K(349696K)->10642K(349696K)
[8.184s][info][gc,metaspace   ] GC(75) Metaspace: 14660K(15232K)->14660K(15232K) NonClass: 12571K(12864K)->12571K(12864K) Class: 2089K(2368K)->2089K(2368K)
[8.184s][info][gc             ] GC(75) Pause Young (Allocation Failure) 115M->11M(445M) 0.923ms
[8.184s][info][gc,cpu         ] GC(75) User=0.00s Sys=0.00s Real=0.00s
[8.247s][info][gc,start       ] GC(76) Pause Young (Allocation Failure)
[8.248s][info][gc,heap        ] GC(76) PSYoungGen: 105920K(105984K)->960K(126976K) Eden: 104960K(104960K)->0K(125952K) From: 960K(1024K)->960K(1024K)
[8.248s][info][gc,heap        ] GC(76) ParOldGen: 10642K(349696K)->10674K(349696K)
[8.248s][info][gc,metaspace   ] GC(76) Metaspace: 14660K(15232K)->14660K(15232K) NonClass: 12571K(12864K)->12571K(12864K) Class: 2089K(2368K)->2089K(2368K)
[8.248s][info][gc             ] GC(76) Pause Young (Allocation Failure) 113M->11M(465M) 0.959ms
[8.248s][info][gc,cpu         ] GC(76) User=0.00s Sys=0.00s Real=0.00s
[8.359s][info][gc,start       ] GC(77) Pause Young (Allocation Failure)
[8.360s][info][gc,heap        ] GC(77) PSYoungGen: 126912K(126976K)->992K(123904K) Eden: 125952K(125952K)->0K(122880K) From: 960K(1024K)->992K(1024K)
[8.360s][info][gc,heap        ] GC(77) ParOldGen: 10674K(349696K)->10714K(349696K)
[8.360s][info][gc,metaspace   ] GC(77) Metaspace: 14660K(15232K)->14660K(15232K) NonClass: 12571K(12864K)->12571K(12864K) Class: 2089K(2368K)->2089K(2368K)
[8.360s][info][gc             ] GC(77) Pause Young (Allocation Failure) 134M->11M(462M) 1.186ms
[8.360s][info][gc,cpu         ] GC(77) User=0.00s Sys=0.00s Real=0.00s
[8.444s][info][gc,start       ] GC(78) Pause Young (Allocation Failure)
[8.445s][info][gc,heap        ] GC(78) PSYoungGen: 123872K(123904K)->928K(121344K) Eden: 122880K(122880K)->0K(120320K) From: 992K(1024K)->928K(1024K)
[8.445s][info][gc,heap        ] GC(78) ParOldGen: 10714K(349696K)->10754K(349696K)
[8.445s][info][gc,metaspace   ] GC(78) Metaspace: 14660K(15232K)->14660K(15232K) NonClass: 12571K(12864K)->12571K(12864K) Class: 2089K(2368K)->2089K(2368K)
[8.445s][info][gc             ] GC(78) Pause Young (Allocation Failure) 131M->11M(460M) 0.882ms
[8.445s][info][gc,cpu         ] GC(78) User=0.00s Sys=0.00s Real=0.00s
[8.521s][info][gc,start       ] GC(79) Pause Young (Allocation Failure)
[8.522s][info][gc,heap        ] GC(79) PSYoungGen: 121248K(121344K)->992K(118784K) Eden: 120320K(120320K)->0K(117760K) From: 928K(1024K)->992K(1024K)
[8.522s][info][gc,heap        ] GC(79) ParOldGen: 10754K(349696K)->10794K(349696K)
[8.522s][info][gc,metaspace   ] GC(79) Metaspace: 14660K(15232K)->14660K(15232K) NonClass: 12571K(12864K)->12571K(12864K) Class: 2089K(2368K)->2089K(2368K)
[8.522s][info][gc             ] GC(79) Pause Young (Allocation Failure) 128M->11M(457M) 0.797ms
[8.522s][info][gc,cpu         ] GC(79) User=0.00s Sys=0.00s Real=0.00s
[8.594s][info][gc,start       ] GC(80) Pause Young (Allocation Failure)
[8.595s][info][gc,heap        ] GC(80) PSYoungGen: 118752K(118784K)->960K(116224K) Eden: 117760K(117760K)->0K(115200K) From: 992K(1024K)->960K(1024K)
[8.595s][info][gc,heap        ] GC(80) ParOldGen: 10794K(349696K)->10842K(349696K)
[8.595s][info][gc,metaspace   ] GC(80) Metaspace: 14660K(15232K)->14660K(15232K) NonClass: 12571K(12864K)->12571K(12864K) Class: 2089K(2368K)->2089K(2368K)
[8.595s][info][gc             ] GC(80) Pause Young (Allocation Failure) 126M->11M(455M) 0.792ms
[8.595s][info][gc,cpu         ] GC(80) User=0.00s Sys=0.00s Real=0.00s
[8.665s][info][gc,start       ] GC(81) Pause Young (Allocation Failure)
[8.666s][info][gc,heap        ] GC(81) PSYoungGen: 116160K(116224K)->992K(113664K) Eden: 115200K(115200K)->0K(112640K) From: 960K(1024K)->992K(1024K)
[8.666s][info][gc,heap        ] GC(81) ParOldGen: 10842K(349696K)->10874K(349696K)
[8.666s][info][gc,metaspace   ] GC(81) Metaspace: 14660K(15232K)->14660K(15232K) NonClass: 12571K(12864K)->12571K(12864K) Class: 2089K(2368K)->2089K(2368K)
[8.666s][info][gc             ] GC(81) Pause Young (Allocation Failure) 124M->11M(452M) 0.800ms
[8.666s][info][gc,cpu         ] GC(81) User=0.00s Sys=0.00s Real=0.00s
[8.732s][info][gc,start       ] GC(82) Pause Young (Allocation Failure)
[8.733s][info][gc,heap        ] GC(82) PSYoungGen: 113632K(113664K)->960K(111104K) Eden: 112640K(112640K)->0K(110080K) From: 992K(1024K)->960K(1024K)
[8.733s][info][gc,heap        ] GC(82) ParOldGen: 10874K(349696K)->10914K(349696K)
[8.733s][info][gc,metaspace   ] GC(82) Metaspace: 14660K(15232K)->14660K(15232K) NonClass: 12571K(12864K)->12571K(12864K) Class: 2089K(2368K)->2089K(2368K)
[8.733s][info][gc             ] GC(82) Pause Young (Allocation Failure) 121M->11M(450M) 0.826ms
[8.733s][info][gc,cpu         ] GC(82) User=0.00s Sys=0.00s Real=0.00s
[8.798s][info][gc,start       ] GC(83) Pause Young (Allocation Failure)
[8.799s][info][gc,heap        ] GC(83) PSYoungGen: 111040K(111104K)->960K(109056K) Eden: 110080K(110080K)->0K(108032K) From: 960K(1024K)->960K(1024K)
[8.799s][info][gc,heap        ] GC(83) ParOldGen: 10914K(349696K)->10954K(349696K)
[8.799s][info][gc,metaspace   ] GC(83) Metaspace: 14660K(15232K)->14660K(15232K) NonClass: 12571K(12864K)->12571K(12864K) Class: 2089K(2368K)->2089K(2368K)
[8.799s][info][gc             ] GC(83) Pause Young (Allocation Failure) 119M->11M(448M) 0.815ms
[8.799s][info][gc,cpu         ] GC(83) User=0.00s Sys=0.00s Real=0.00s
[8.863s][info][gc,start       ] GC(84) Pause Young (Allocation Failure)
[8.864s][info][gc,heap        ] GC(84) PSYoungGen: 108992K(109056K)->928K(107008K) Eden: 108032K(108032K)->0K(105984K) From: 960K(1024K)->928K(1024K)
[8.864s][info][gc,heap        ] GC(84) ParOldGen: 10954K(349696K)->10986K(349696K)
[8.864s][info][gc,metaspace   ] GC(84) Metaspace: 14660K(15232K)->14660K(15232K) NonClass: 12571K(12864K)->12571K(12864K) Class: 2089K(2368K)->2089K(2368K)
[8.864s][info][gc             ] GC(84) Pause Young (Allocation Failure) 117M->11M(446M) 0.811ms
[8.864s][info][gc,cpu         ] GC(84) User=0.42s Sys=0.06s Real=0.00s
[8.933s][info][gc,start       ] GC(85) Pause Young (Allocation Failure)
[8.934s][info][gc,heap        ] GC(85) PSYoungGen: 106912K(107008K)->992K(104960K) Eden: 105984K(105984K)->0K(103936K) From: 928K(1024K)->992K(1024K)
[8.934s][info][gc,heap        ] GC(85) ParOldGen: 10986K(349696K)->11018K(349696K)
[8.934s][info][gc,metaspace   ] GC(85) Metaspace: 14660K(15232K)->14660K(15232K) NonClass: 12571K(12864K)->12571K(12864K) Class: 2089K(2368K)->2089K(2368K)
[8.934s][info][gc             ] GC(85) Pause Young (Allocation Failure) 115M->11M(444M) 0.750ms
[8.934s][info][gc,cpu         ] GC(85) User=0.00s Sys=0.00s Real=0.00s
[8.996s][info][gc,start       ] GC(86) Pause Young (Allocation Failure)
[8.996s][info][gc,heap        ] GC(86) PSYoungGen: 104928K(104960K)->928K(102912K) Eden: 103936K(103936K)->0K(101888K) From: 992K(1024K)->928K(1024K)
[8.996s][info][gc,heap        ] GC(86) ParOldGen: 11018K(349696K)->11058K(349696K)
[8.996s][info][gc,metaspace   ] GC(86) Metaspace: 14660K(15232K)->14660K(15232K) NonClass: 12571K(12864K)->12571K(12864K) Class: 2089K(2368K)->2089K(2368K)
[8.996s][info][gc             ] GC(86) Pause Young (Allocation Failure) 113M->11M(442M) 0.787ms
[8.996s][info][gc,cpu         ] GC(86) User=0.00s Sys=0.00s Real=0.00s
[9.058s][info][gc,start       ] GC(87) Pause Young (Allocation Failure)
[9.058s][info][gc,heap        ] GC(87) PSYoungGen: 102816K(102912K)->960K(100864K) Eden: 101888K(101888K)->0K(99840K) From: 928K(1024K)->960K(1024K)
[9.058s][info][gc,heap        ] GC(87) ParOldGen: 11058K(349696K)->11082K(349696K)
[9.058s][info][gc,metaspace   ] GC(87) Metaspace: 14660K(15232K)->14660K(15232K) NonClass: 12571K(12864K)->12571K(12864K) Class: 2089K(2368K)->2089K(2368K)
[9.058s][info][gc             ] GC(87) Pause Young (Allocation Failure) 111M->11M(440M) 0.807ms
[9.058s][info][gc,cpu         ] GC(87) User=0.00s Sys=0.00s Real=0.00s
[9.119s][info][gc,start       ] GC(88) Pause Young (Allocation Failure)
[9.120s][info][gc,heap        ] GC(88) PSYoungGen: 100800K(100864K)->960K(98816K) Eden: 99840K(99840K)->0K(97792K) From: 960K(1024K)->960K(1024K)
[9.120s][info][gc,heap        ] GC(88) ParOldGen: 11082K(349696K)->11106K(349696K)
[9.120s][info][gc,metaspace   ] GC(88) Metaspace: 14660K(15232K)->14660K(15232K) NonClass: 12571K(12864K)->12571K(12864K) Class: 2089K(2368K)->2089K(2368K)
[9.120s][info][gc             ] GC(88) Pause Young (Allocation Failure) 109M->11M(438M) 0.803ms
[9.120s][info][gc,cpu         ] GC(88) User=0.00s Sys=0.00s Real=0.00s
[9.178s][info][gc,start       ] GC(89) Pause Young (Allocation Failure)
[9.179s][info][gc,heap        ] GC(89) PSYoungGen: 98752K(98816K)->992K(96768K) Eden: 97792K(97792K)->0K(95744K) From: 960K(1024K)->992K(1024K)
[9.179s][info][gc,heap        ] GC(89) ParOldGen: 11106K(349696K)->11162K(349696K)
[9.179s][info][gc,metaspace   ] GC(89) Metaspace: 14660K(15232K)->14660K(15232K) NonClass: 12571K(12864K)->12571K(12864K) Class: 2089K(2368K)->2089K(2368K)
[9.179s][info][gc             ] GC(89) Pause Young (Allocation Failure) 107M->11M(436M) 0.799ms
[9.179s][info][gc,cpu         ] GC(89) User=0.00s Sys=0.00s Real=0.00s
[9.234s][info][gc,start       ] GC(90) Pause Young (Allocation Failure)
[9.235s][info][gc,heap        ] GC(90) PSYoungGen: 96735K(96768K)->960K(95232K) Eden: 95743K(95744K)->0K(94208K) From: 992K(1024K)->960K(1024K)
[9.235s][info][gc,heap        ] GC(90) ParOldGen: 11162K(349696K)->11194K(349696K)
[9.235s][info][gc,metaspace   ] GC(90) Metaspace: 14660K(15232K)->14660K(15232K) NonClass: 12571K(12864K)->12571K(12864K) Class: 2089K(2368K)->2089K(2368K)
[9.235s][info][gc             ] GC(90) Pause Young (Allocation Failure) 105M->11M(434M) 0.851ms
[9.235s][info][gc,cpu         ] GC(90) User=0.00s Sys=0.00s Real=0.00s
[9.290s][info][gc,start       ] GC(91) Pause Young (Allocation Failure)
[9.291s][info][gc,heap        ] GC(91) PSYoungGen: 95168K(95232K)->928K(114176K) Eden: 94208K(94208K)->0K(113152K) From: 960K(1024K)->928K(1024K)
[9.291s][info][gc,heap        ] GC(91) ParOldGen: 11194K(349696K)->11226K(349696K)
[9.291s][info][gc,metaspace   ] GC(91) Metaspace: 14660K(15232K)->14660K(15232K) NonClass: 12571K(12864K)->12571K(12864K) Class: 2089K(2368K)->2089K(2368K)
[9.291s][info][gc             ] GC(91) Pause Young (Allocation Failure) 103M->11M(453M) 0.834ms
[9.291s][info][gc,cpu         ] GC(91) User=0.00s Sys=0.00s Real=0.00s
[9.360s][info][gc,start       ] GC(92) Pause Young (Allocation Failure)
[9.360s][info][gc,heap        ] GC(92) PSYoungGen: 114080K(114176K)->960K(111616K) Eden: 113152K(113152K)->0K(110592K) From: 928K(1024K)->960K(1024K)
[9.360s][info][gc,heap        ] GC(92) ParOldGen: 11226K(349696K)->11258K(349696K)
[9.360s][info][gc,metaspace   ] GC(92) Metaspace: 14660K(15232K)->14660K(15232K) NonClass: 12571K(12864K)->12571K(12864K) Class: 2089K(2368K)->2089K(2368K)
[9.360s][info][gc             ] GC(92) Pause Young (Allocation Failure) 122M->11M(450M) 0.878ms
[9.360s][info][gc,cpu         ] GC(92) User=0.00s Sys=0.00s Real=0.00s
[9.427s][info][gc,start       ] GC(93) Pause Young (Allocation Failure)
[9.428s][info][gc,heap        ] GC(93) PSYoungGen: 111552K(111616K)->960K(123904K) Eden: 110592K(110592K)->0K(122880K) From: 960K(1024K)->960K(1024K)
[9.428s][info][gc,heap        ] GC(93) ParOldGen: 11258K(349696K)->11282K(349696K)
[9.428s][info][gc,metaspace   ] GC(93) Metaspace: 14660K(15232K)->14660K(15232K) NonClass: 12571K(12864K)->12571K(12864K) Class: 2089K(2368K)->2089K(2368K)
[9.428s][info][gc             ] GC(93) Pause Young (Allocation Failure) 119M->11M(462M) 0.850ms
[9.428s][info][gc,cpu         ] GC(93) User=0.00s Sys=0.00s Real=0.00s
[9.502s][info][gc,start       ] GC(94) Pause Young (Allocation Failure)
[9.503s][info][gc,heap        ] GC(94) PSYoungGen: 123840K(123904K)->1024K(133632K) Eden: 122880K(122880K)->0K(132608K) From: 960K(1024K)->1024K(1024K)
[9.503s][info][gc,heap        ] GC(94) ParOldGen: 11282K(349696K)->11322K(349696K)
[9.503s][info][gc,metaspace   ] GC(94) Metaspace: 14660K(15232K)->14660K(15232K) NonClass: 12571K(12864K)->12571K(12864K) Class: 2089K(2368K)->2089K(2368K)
[9.503s][info][gc             ] GC(94) Pause Young (Allocation Failure) 131M->12M(472M) 1.000ms
[9.503s][info][gc,cpu         ] GC(94) User=0.00s Sys=0.00s Real=0.00s
[9.584s][info][gc,start       ] GC(95) Pause Young (Allocation Failure)
[9.584s][info][gc,heap        ] GC(95) PSYoungGen: 133632K(133632K)->1056K(134144K) Eden: 132608K(132608K)->0K(132608K) From: 1024K(1024K)->1056K(1536K)
[9.585s][info][gc,heap        ] GC(95) ParOldGen: 11322K(349696K)->11362K(349696K)
[9.585s][info][gc,metaspace   ] GC(95) Metaspace: 14660K(15232K)->14660K(15232K) NonClass: 12571K(12864K)->12571K(12864K) Class: 2089K(2368K)->2089K(2368K)
[9.585s][info][gc             ] GC(95) Pause Young (Allocation Failure) 141M->12M(472M) 0.925ms
[9.585s][info][gc,cpu         ] GC(95) User=0.00s Sys=0.00s Real=0.00s
[9.701s][info][gc,start       ] GC(96) Pause Young (Allocation Failure)
[9.702s][info][gc,heap        ] GC(96) PSYoungGen: 133664K(134144K)->1024K(130560K) Eden: 132608K(132608K)->0K(129536K) From: 1056K(1536K)->1024K(1024K)
[9.702s][info][gc,heap        ] GC(96) ParOldGen: 11362K(349696K)->11410K(349696K)
[9.702s][info][gc,metaspace   ] GC(96) Metaspace: 14660K(15232K)->14660K(15232K) NonClass: 12571K(12864K)->12571K(12864K) Class: 2089K(2368K)->2089K(2368K)
[9.702s][info][gc             ] GC(96) Pause Young (Allocation Failure) 141M->12M(469M) 1.213ms
[9.702s][info][gc,cpu         ] GC(96) User=0.00s Sys=0.00s Real=0.00s
[9.791s][info][gc,start       ] GC(97) Pause Young (Allocation Failure)
[9.792s][info][gc,heap        ] GC(97) PSYoungGen: 130560K(130560K)->1056K(128000K) Eden: 129536K(129536K)->0K(126464K) From: 1024K(1024K)->1056K(1536K)
[9.792s][info][gc,heap        ] GC(97) ParOldGen: 11410K(349696K)->11442K(349696K)
[9.792s][info][gc,metaspace   ] GC(97) Metaspace: 14660K(15232K)->14660K(15232K) NonClass: 12571K(12864K)->12571K(12864K) Class: 2089K(2368K)->2089K(2368K)
[9.792s][info][gc             ] GC(97) Pause Young (Allocation Failure) 138M->12M(466M) 0.794ms
[9.792s][info][gc,cpu         ] GC(97) User=0.00s Sys=0.00s Real=0.00s
[9.873s][info][gc,start       ] GC(98) Pause Young (Allocation Failure)
[9.873s][info][gc,heap        ] GC(98) PSYoungGen: 127520K(128000K)->992K(124416K) Eden: 126464K(126464K)->0K(123392K) From: 1056K(1536K)->992K(1024K)
[9.873s][info][gc,heap        ] GC(98) ParOldGen: 11442K(349696K)->11482K(349696K)
[9.873s][info][gc,metaspace   ] GC(98) Metaspace: 14660K(15232K)->14660K(15232K) NonClass: 12571K(12864K)->12571K(12864K) Class: 2089K(2368K)->2089K(2368K)
[9.873s][info][gc             ] GC(98) Pause Young (Allocation Failure) 135M->12M(463M) 0.761ms
[9.873s][info][gc,cpu         ] GC(98) User=0.00s Sys=0.00s Real=0.00s
[9.948s][info][gc,start       ] GC(99) Pause Young (Allocation Failure)
[9.948s][info][gc,heap        ] GC(99) PSYoungGen: 124384K(124416K)->960K(121856K) Eden: 123392K(123392K)->0K(120832K) From: 992K(1024K)->960K(1024K)
[9.948s][info][gc,heap        ] GC(99) ParOldGen: 11482K(349696K)->11522K(349696K)
[9.948s][info][gc,metaspace   ] GC(99) Metaspace: 14660K(15232K)->14660K(15232K) NonClass: 12571K(12864K)->12571K(12864K) Class: 2089K(2368K)->2089K(2368K)
[9.948s][info][gc             ] GC(99) Pause Young (Allocation Failure) 132M->12M(460M) 0.766ms
[9.948s][info][gc,cpu         ] GC(99) User=0.00s Sys=0.00s Real=0.00s
[10.020s][info][gc,start       ] GC(100) Pause Young (Allocation Failure)
[10.021s][info][gc,heap        ] GC(100) PSYoungGen: 121792K(121856K)->992K(119296K) Eden: 120832K(120832K)->0K(118272K) From: 960K(1024K)->992K(1024K)
[10.021s][info][gc,heap        ] GC(100) ParOldGen: 11522K(349696K)->11554K(349696K)
[10.021s][info][gc,metaspace   ] GC(100) Metaspace: 14660K(15232K)->14660K(15232K) NonClass: 12571K(12864K)->12571K(12864K) Class: 2089K(2368K)->2089K(2368K)
[10.021s][info][gc             ] GC(100) Pause Young (Allocation Failure) 130M->12M(458M) 0.780ms
[10.021s][info][gc,cpu         ] GC(100) User=0.00s Sys=0.00s Real=0.00s
[10.099s][info][gc,start       ] GC(101) Pause Young (Allocation Failure)
[10.099s][info][gc,heap        ] GC(101) PSYoungGen: 119264K(119296K)->1056K(117248K) Eden: 118272K(118272K)->0K(115712K) From: 992K(1024K)->1056K(1536K)
[10.099s][info][gc,heap        ] GC(101) ParOldGen: 11554K(349696K)->11586K(349696K)
[10.099s][info][gc,metaspace   ] GC(101) Metaspace: 14660K(15232K)->14660K(15232K) NonClass: 12571K(12864K)->12571K(12864K) Class: 2089K(2368K)->2089K(2368K)
[10.099s][info][gc             ] GC(101) Pause Young (Allocation Failure) 127M->12M(456M) 0.756ms
[10.099s][info][gc,cpu         ] GC(101) User=0.00s Sys=0.00s Real=0.00s
[10.169s][info][gc,start       ] GC(102) Pause Young (Allocation Failure)
[10.170s][info][gc,heap        ] GC(102) PSYoungGen: 116768K(117248K)->960K(114176K) Eden: 115712K(115712K)->0K(113152K) From: 1056K(1536K)->960K(1024K)
[10.170s][info][gc,heap        ] GC(102) ParOldGen: 11586K(349696K)->11626K(349696K)
[10.170s][info][gc,metaspace   ] GC(102) Metaspace: 14660K(15232K)->14660K(15232K) NonClass: 12571K(12864K)->12571K(12864K) Class: 2089K(2368K)->2089K(2368K)
[10.170s][info][gc             ] GC(102) Pause Young (Allocation Failure) 125M->12M(453M) 0.675ms
[10.170s][info][gc,cpu         ] GC(102) User=0.00s Sys=0.00s Real=0.00s
[10.237s][info][gc,start       ] GC(103) Pause Young (Allocation Failure)
[10.238s][info][gc,heap        ] GC(103) PSYoungGen: 114112K(114176K)->1024K(111616K) Eden: 113152K(113152K)->0K(110592K) From: 960K(1024K)->1024K(1024K)
[10.238s][info][gc,heap        ] GC(103) ParOldGen: 11626K(349696K)->11658K(349696K)
[10.238s][info][gc,metaspace   ] GC(103) Metaspace: 14660K(15232K)->14660K(15232K) NonClass: 12571K(12864K)->12571K(12864K) Class: 2089K(2368K)->2089K(2368K)
[10.238s][info][gc             ] GC(103) Pause Young (Allocation Failure) 122M->12M(450M) 0.734ms
[10.238s][info][gc,cpu         ] GC(103) User=0.00s Sys=0.00s Real=0.00s
[10.303s][info][gc,start       ] GC(104) Pause Young (Allocation Failure)
[10.303s][info][gc,heap        ] GC(104) PSYoungGen: 111616K(111616K)->960K(109568K) Eden: 110592K(110592K)->0K(108544K) From: 1024K(1024K)->960K(1024K)
[10.303s][info][gc,heap        ] GC(104) ParOldGen: 11658K(349696K)->11682K(349696K)
[10.303s][info][gc,metaspace   ] GC(104) Metaspace: 14660K(15232K)->14660K(15232K) NonClass: 12571K(12864K)->12571K(12864K) Class: 2089K(2368K)->2089K(2368K)
[10.303s][info][gc             ] GC(104) Pause Young (Allocation Failure) 120M->12M(448M) 0.736ms
[10.303s][info][gc,cpu         ] GC(104) User=0.00s Sys=0.00s Real=0.00s
[10.368s][info][gc,start       ] GC(105) Pause Young (Allocation Failure)
[10.369s][info][gc,heap        ] GC(105) PSYoungGen: 109504K(109568K)->1024K(107520K) Eden: 108544K(108544K)->0K(106496K) From: 960K(1024K)->1024K(1024K)
[10.369s][info][gc,heap        ] GC(105) ParOldGen: 11682K(349696K)->11714K(349696K)
[10.369s][info][gc,metaspace   ] GC(105) Metaspace: 14660K(15232K)->14660K(15232K) NonClass: 12571K(12864K)->12571K(12864K) Class: 2089K(2368K)->2089K(2368K)
[10.369s][info][gc             ] GC(105) Pause Young (Allocation Failure) 118M->12M(446M) 0.760ms
[10.369s][info][gc,cpu         ] GC(105) User=0.00s Sys=0.00s Real=0.00s
[10.433s][info][gc,start       ] GC(106) Pause Young (Allocation Failure)
[10.433s][info][gc,heap        ] GC(106) PSYoungGen: 107520K(107520K)->992K(105472K) Eden: 106496K(106496K)->0K(104448K) From: 1024K(1024K)->992K(1024K)
[10.433s][info][gc,heap        ] GC(106) ParOldGen: 11714K(349696K)->11738K(349696K)
[10.433s][info][gc,metaspace   ] GC(106) Metaspace: 14660K(15232K)->14660K(15232K) NonClass: 12571K(12864K)->12571K(12864K) Class: 2089K(2368K)->2089K(2368K)
[10.433s][info][gc             ] GC(106) Pause Young (Allocation Failure) 116M->12M(444M) 0.764ms
[10.433s][info][gc,cpu         ] GC(106) User=0.00s Sys=0.00s Real=0.00s
[10.495s][info][gc,start       ] GC(107) Pause Young (Allocation Failure)
[10.496s][info][gc,heap        ] GC(107) PSYoungGen: 105440K(105472K)->1056K(103936K) Eden: 104448K(104448K)->0K(102400K) From: 992K(1024K)->1056K(1536K)
[10.496s][info][gc,heap        ] GC(107) ParOldGen: 11738K(349696K)->11786K(349696K)
[10.496s][info][gc,metaspace   ] GC(107) Metaspace: 14660K(15232K)->14660K(15232K) NonClass: 12571K(12864K)->12571K(12864K) Class: 2089K(2368K)->2089K(2368K)
[10.496s][info][gc             ] GC(107) Pause Young (Allocation Failure) 114M->12M(443M) 0.834ms
[10.496s][info][gc,cpu         ] GC(107) User=0.00s Sys=0.00s Real=0.00s
[10.555s][info][gc,start       ] GC(108) Pause Young (Allocation Failure)
[10.556s][info][gc,heap        ] GC(108) PSYoungGen: 103456K(103936K)->960K(101376K) Eden: 102400K(102400K)->0K(100352K) From: 1056K(1536K)->960K(1024K)
[10.556s][info][gc,heap        ] GC(108) ParOldGen: 11786K(349696K)->11810K(349696K)
[10.556s][info][gc,metaspace   ] GC(108) Metaspace: 14660K(15232K)->14660K(15232K) NonClass: 12571K(12864K)->12571K(12864K) Class: 2089K(2368K)->2089K(2368K)
[10.556s][info][gc             ] GC(108) Pause Young (Allocation Failure) 112M->12M(440M) 0.739ms
[10.556s][info][gc,cpu         ] GC(108) User=0.00s Sys=0.00s Real=0.00s
[10.616s][info][gc,start       ] GC(109) Pause Young (Allocation Failure)
[10.616s][info][gc,heap        ] GC(109) PSYoungGen: 101312K(101376K)->992K(99328K) Eden: 100352K(100352K)->0K(98304K) From: 960K(1024K)->992K(1024K)
[10.616s][info][gc,heap        ] GC(109) ParOldGen: 11810K(349696K)->11842K(349696K)
[10.616s][info][gc,metaspace   ] GC(109) Metaspace: 14660K(15232K)->14660K(15232K) NonClass: 12571K(12864K)->12571K(12864K) Class: 2089K(2368K)->2089K(2368K)
[10.616s][info][gc             ] GC(109) Pause Young (Allocation Failure) 110M->12M(438M) 0.804ms
[10.616s][info][gc,cpu         ] GC(109) User=0.00s Sys=0.00s Real=0.00s
[10.676s][info][gc,start       ] GC(110) Pause Young (Allocation Failure)
[10.676s][info][gc,heap        ] GC(110) PSYoungGen: 99296K(99328K)->960K(119296K) Eden: 98304K(98304K)->0K(118272K) From: 992K(1024K)->960K(1024K)
[10.676s][info][gc,heap        ] GC(110) ParOldGen: 11842K(349696K)->11866K(349696K)
[10.676s][info][gc,metaspace   ] GC(110) Metaspace: 14660K(15232K)->14660K(15232K) NonClass: 12571K(12864K)->12571K(12864K) Class: 2089K(2368K)->2089K(2368K)
[10.676s][info][gc             ] GC(110) Pause Young (Allocation Failure) 108M->12M(458M) 0.802ms
[10.677s][info][gc,cpu         ] GC(110) User=0.00s Sys=0.00s Real=0.00s
[10.746s][info][gc,start       ] GC(111) Pause Young (Allocation Failure)
[10.747s][info][gc,heap        ] GC(111) PSYoungGen: 119232K(119296K)->1056K(143872K) Eden: 118272K(118272K)->0K(142336K) From: 960K(1024K)->1056K(1536K)
[10.747s][info][gc,heap        ] GC(111) ParOldGen: 11866K(349696K)->11898K(349696K)
[10.747s][info][gc,metaspace   ] GC(111) Metaspace: 14660K(15232K)->14660K(15232K) NonClass: 12571K(12864K)->12571K(12864K) Class: 2089K(2368K)->2089K(2368K)
[10.747s][info][gc             ] GC(111) Pause Young (Allocation Failure) 128M->12M(482M) 0.869ms
[10.747s][info][gc,cpu         ] GC(111) User=0.00s Sys=0.00s Real=0.00s
[10.831s][info][gc,start       ] GC(112) Pause Young (Allocation Failure)
[10.831s][info][gc,heap        ] GC(112) PSYoungGen: 143392K(143872K)->992K(139776K) Eden: 142336K(142336K)->0K(138752K) From: 1056K(1536K)->992K(1024K)
[10.832s][info][gc,heap        ] GC(112) ParOldGen: 11898K(349696K)->11930K(349696K)
[10.832s][info][gc,metaspace   ] GC(112) Metaspace: 14660K(15232K)->14660K(15232K) NonClass: 12571K(12864K)->12571K(12864K) Class: 2089K(2368K)->2089K(2368K)
[10.832s][info][gc             ] GC(112) Pause Young (Allocation Failure) 151M->12M(478M) 0.855ms
[10.832s][info][gc,cpu         ] GC(112) User=0.00s Sys=0.00s Real=0.00s
[10.915s][info][gc,start       ] GC(113) Pause Young (Allocation Failure)
[10.916s][info][gc,heap        ] GC(113) PSYoungGen: 139744K(139776K)->1024K(136704K) Eden: 138752K(138752K)->0K(135680K) From: 992K(1024K)->1024K(1024K)
[10.916s][info][gc,heap        ] GC(113) ParOldGen: 11930K(349696K)->11970K(349696K)
[10.916s][info][gc,metaspace   ] GC(113) Metaspace: 14660K(15232K)->14660K(15232K) NonClass: 12571K(12864K)->12571K(12864K) Class: 2089K(2368K)->2089K(2368K)
[10.916s][info][gc             ] GC(113) Pause Young (Allocation Failure) 148M->12M(475M) 0.889ms
[10.916s][info][gc,cpu         ] GC(113) User=0.00s Sys=0.00s Real=0.00s
[11.040s][info][gc,start       ] GC(114) Pause Young (Allocation Failure)
[11.041s][info][gc,heap        ] GC(114) PSYoungGen: 136704K(136704K)->1024K(133632K) Eden: 135680K(135680K)->0K(132608K) From: 1024K(1024K)->1024K(1024K)
[11.041s][info][gc,heap        ] GC(114) ParOldGen: 11970K(349696K)->12002K(349696K)
[11.041s][info][gc,metaspace   ] GC(114) Metaspace: 14660K(15232K)->14660K(15232K) NonClass: 12571K(12864K)->12571K(12864K) Class: 2089K(2368K)->2089K(2368K)
[11.041s][info][gc             ] GC(114) Pause Young (Allocation Failure) 145M->12M(472M) 1.274ms
[11.041s][info][gc,cpu         ] GC(114) User=0.00s Sys=0.00s Real=0.00s
[11.136s][info][gc,start       ] GC(115) Pause Young (Allocation Failure)
[11.137s][info][gc,heap        ] GC(115) PSYoungGen: 133632K(133632K)->1056K(131072K) Eden: 132608K(132608K)->0K(129536K) From: 1024K(1024K)->1056K(1536K)
[11.137s][info][gc,heap        ] GC(115) ParOldGen: 12002K(349696K)->12042K(349696K)
[11.137s][info][gc,metaspace   ] GC(115) Metaspace: 14660K(15232K)->14660K(15232K) NonClass: 12571K(12864K)->12571K(12864K) Class: 2089K(2368K)->2089K(2368K)
[11.137s][info][gc             ] GC(115) Pause Young (Allocation Failure) 142M->12M(469M) 0.827ms
[11.137s][info][gc,cpu         ] GC(115) User=0.00s Sys=0.00s Real=0.00s
[11.227s][info][gc,start       ] GC(116) Pause Young (Allocation Failure)
[11.227s][info][gc,heap        ] GC(116) PSYoungGen: 130592K(131072K)->960K(127488K) Eden: 129536K(129536K)->0K(126464K) From: 1056K(1536K)->960K(1024K)
[11.227s][info][gc,heap        ] GC(116) ParOldGen: 12042K(349696K)->12082K(349696K)
[11.227s][info][gc,metaspace   ] GC(116) Metaspace: 14660K(15232K)->14660K(15232K) NonClass: 12571K(12864K)->12571K(12864K) Class: 2089K(2368K)->2089K(2368K)
[11.228s][info][gc             ] GC(116) Pause Young (Allocation Failure) 139M->12M(466M) 0.705ms
[11.228s][info][gc,cpu         ] GC(116) User=0.00s Sys=0.00s Real=0.00s
[11.306s][info][gc,start       ] GC(117) Pause Young (Allocation Failure)
[11.307s][info][gc,heap        ] GC(117) PSYoungGen: 127424K(127488K)->992K(124416K) Eden: 126464K(126464K)->0K(123392K) From: 960K(1024K)->992K(1024K)
[11.307s][info][gc,heap        ] GC(117) ParOldGen: 12082K(349696K)->12114K(349696K)
[11.307s][info][gc,metaspace   ] GC(117) Metaspace: 14660K(15232K)->14660K(15232K) NonClass: 12571K(12864K)->12571K(12864K) Class: 2089K(2368K)->2089K(2368K)
[11.307s][info][gc             ] GC(117) Pause Young (Allocation Failure) 136M->12M(463M) 0.662ms
[11.307s][info][gc,cpu         ] GC(117) User=0.00s Sys=0.00s Real=0.00s
[11.380s][info][gc,start       ] GC(118) Pause Young (Allocation Failure)
[11.381s][info][gc,heap        ] GC(118) PSYoungGen: 124384K(124416K)->960K(121856K) Eden: 123392K(123392K)->0K(120832K) From: 992K(1024K)->960K(1024K)
[11.381s][info][gc,heap        ] GC(118) ParOldGen: 12114K(349696K)->12154K(349696K)
[11.381s][info][gc,metaspace   ] GC(118) Metaspace: 14660K(15232K)->14660K(15232K) NonClass: 12571K(12864K)->12571K(12864K) Class: 2089K(2368K)->2089K(2368K)
[11.381s][info][gc             ] GC(118) Pause Young (Allocation Failure) 133M->12M(460M) 0.708ms
[11.381s][info][gc,cpu         ] GC(118) User=0.00s Sys=0.00s Real=0.00s
[11.453s][info][gc,start       ] GC(119) Pause Young (Allocation Failure)
[11.453s][info][gc,heap        ] GC(119) PSYoungGen: 121792K(121856K)->1024K(119296K) Eden: 120832K(120832K)->0K(118272K) From: 960K(1024K)->1024K(1024K)
[11.453s][info][gc,heap        ] GC(119) ParOldGen: 12154K(349696K)->12186K(349696K)
[11.453s][info][gc,metaspace   ] GC(119) Metaspace: 14660K(15232K)->14660K(15232K) NonClass: 12571K(12864K)->12571K(12864K) Class: 2089K(2368K)->2089K(2368K)
[11.453s][info][gc             ] GC(119) Pause Young (Allocation Failure) 130M->12M(458M) 0.698ms
[11.453s][info][gc,cpu         ] GC(119) User=0.00s Sys=0.00s Real=0.00s
[11.524s][info][gc,start       ] GC(120) Pause Young (Allocation Failure)
[11.525s][info][gc,heap        ] GC(120) PSYoungGen: 119296K(119296K)->928K(116736K) Eden: 118272K(118272K)->0K(115712K) From: 1024K(1024K)->928K(1024K)
[11.525s][info][gc,heap        ] GC(120) ParOldGen: 12186K(349696K)->12218K(349696K)
[11.525s][info][gc,metaspace   ] GC(120) Metaspace: 14660K(15232K)->14660K(15232K) NonClass: 12571K(12864K)->12571K(12864K) Class: 2089K(2368K)->2089K(2368K)
[11.525s][info][gc             ] GC(120) Pause Young (Allocation Failure) 128M->12M(455M) 0.751ms
[11.525s][info][gc,cpu         ] GC(120) User=0.00s Sys=0.00s Real=0.00s
[11.594s][info][gc,start       ] GC(121) Pause Young (Allocation Failure)
[11.594s][info][gc,heap        ] GC(121) PSYoungGen: 116640K(116736K)->1056K(114688K) Eden: 115712K(115712K)->0K(113152K) From: 928K(1024K)->1056K(1536K)
[11.594s][info][gc,heap        ] GC(121) ParOldGen: 12218K(349696K)->12250K(349696K)
[11.594s][info][gc,metaspace   ] GC(121) Metaspace: 14660K(15232K)->14660K(15232K) NonClass: 12571K(12864K)->12571K(12864K) Class: 2089K(2368K)->2089K(2368K)
[11.594s][info][gc             ] GC(121) Pause Young (Allocation Failure) 125M->12M(453M) 0.708ms
[11.594s][info][gc,cpu         ] GC(121) User=0.00s Sys=0.00s Real=0.00s
[11.663s][info][gc,start       ] GC(122) Pause Young (Allocation Failure)
[11.664s][info][gc,heap        ] GC(122) PSYoungGen: 114207K(114688K)->960K(111616K) Eden: 113151K(113152K)->0K(110592K) From: 1056K(1536K)->960K(1024K)
[11.664s][info][gc,heap        ] GC(122) ParOldGen: 12250K(349696K)->12274K(349696K)
[11.664s][info][gc,metaspace   ] GC(122) Metaspace: 14660K(15232K)->14660K(15232K) NonClass: 12571K(12864K)->12571K(12864K) Class: 2089K(2368K)->2089K(2368K)
[11.664s][info][gc             ] GC(122) Pause Young (Allocation Failure) 123M->12M(450M) 0.743ms
[11.664s][info][gc,cpu         ] GC(122) User=0.00s Sys=0.00s Real=0.00s
[11.731s][info][gc,start       ] GC(123) Pause Young (Allocation Failure)
[11.731s][info][gc,heap        ] GC(123) PSYoungGen: 111552K(111616K)->960K(109568K) Eden: 110592K(110592K)->0K(108544K) From: 960K(1024K)->960K(1024K)
[11.731s][info][gc,heap        ] GC(123) ParOldGen: 12274K(349696K)->12322K(349696K)
[11.731s][info][gc,metaspace   ] GC(123) Metaspace: 14660K(15232K)->14660K(15232K) NonClass: 12571K(12864K)->12571K(12864K) Class: 2089K(2368K)->2089K(2368K)
[11.731s][info][gc             ] GC(123) Pause Young (Allocation Failure) 120M->12M(448M) 0.760ms
[11.731s][info][gc,cpu         ] GC(123) User=0.00s Sys=0.00s Real=0.00s
[11.797s][info][gc,start       ] GC(124) Pause Young (Allocation Failure)
[11.798s][info][gc,heap        ] GC(124) PSYoungGen: 109504K(109568K)->960K(107520K) Eden: 108544K(108544K)->0K(106496K) From: 960K(1024K)->960K(1024K)
[11.798s][info][gc,heap        ] GC(124) ParOldGen: 12322K(349696K)->12362K(349696K)
[11.798s][info][gc,metaspace   ] GC(124) Metaspace: 14660K(15232K)->14660K(15232K) NonClass: 12571K(12864K)->12571K(12864K) Class: 2089K(2368K)->2089K(2368K)
[11.798s][info][gc             ] GC(124) Pause Young (Allocation Failure) 118M->13M(446M) 0.751ms
[11.798s][info][gc,cpu         ] GC(124) User=0.00s Sys=0.00s Real=0.00s
[11.862s][info][gc,start       ] GC(125) Pause Young (Allocation Failure)
[11.863s][info][gc,heap        ] GC(125) PSYoungGen: 107456K(107520K)->1024K(105472K) Eden: 106496K(106496K)->0K(104448K) From: 960K(1024K)->1024K(1024K)
[11.863s][info][gc,heap        ] GC(125) ParOldGen: 12362K(349696K)->12394K(349696K)
[11.863s][info][gc,metaspace   ] GC(125) Metaspace: 14660K(15232K)->14660K(15232K) NonClass: 12571K(12864K)->12571K(12864K) Class: 2089K(2368K)->2089K(2368K)
[11.863s][info][gc             ] GC(125) Pause Young (Allocation Failure) 117M->13M(444M) 0.777ms
[11.863s][info][gc,cpu         ] GC(125) User=0.00s Sys=0.00s Real=0.00s
[11.925s][info][gc,start       ] GC(126) Pause Young (Allocation Failure)
[11.926s][info][gc,heap        ] GC(126) PSYoungGen: 105472K(105472K)->928K(103424K) Eden: 104448K(104448K)->0K(102400K) From: 1024K(1024K)->928K(1024K)
[11.926s][info][gc,heap        ] GC(126) ParOldGen: 12394K(349696K)->12418K(349696K)
[11.926s][info][gc,metaspace   ] GC(126) Metaspace: 14660K(15232K)->14660K(15232K) NonClass: 12571K(12864K)->12571K(12864K) Class: 2089K(2368K)->2089K(2368K)
[11.926s][info][gc             ] GC(126) Pause Young (Allocation Failure) 115M->13M(442M) 0.821ms
[11.926s][info][gc,cpu         ] GC(126) User=0.00s Sys=0.00s Real=0.00s
[11.987s][info][gc,start       ] GC(127) Pause Young (Allocation Failure)
[11.988s][info][gc,heap        ] GC(127) PSYoungGen: 103328K(103424K)->1056K(101888K) Eden: 102400K(102400K)->0K(100352K) From: 928K(1024K)->1056K(1536K)
[11.988s][info][gc,heap        ] GC(127) ParOldGen: 12418K(349696K)->12450K(349696K)
[11.988s][info][gc,metaspace   ] GC(127) Metaspace: 14660K(15232K)->14660K(15232K) NonClass: 12571K(12864K)->12571K(12864K) Class: 2089K(2368K)->2089K(2368K)
[11.988s][info][gc             ] GC(127) Pause Young (Allocation Failure) 113M->13M(441M) 0.796ms
[11.988s][info][gc,cpu         ] GC(127) User=0.00s Sys=0.00s Real=0.00s
[12.047s][info][gc,start       ] GC(128) Pause Young (Allocation Failure)
[12.048s][info][gc,heap        ] GC(128) PSYoungGen: 101408K(101888K)->960K(99328K) Eden: 100352K(100352K)->0K(98304K) From: 1056K(1536K)->960K(1024K)
[12.048s][info][gc,heap        ] GC(128) ParOldGen: 12450K(349696K)->12482K(349696K)
[12.048s][info][gc,metaspace   ] GC(128) Metaspace: 14660K(15232K)->14660K(15232K) NonClass: 12571K(12864K)->12571K(12864K) Class: 2089K(2368K)->2089K(2368K)
[12.048s][info][gc             ] GC(128) Pause Young (Allocation Failure) 111M->13M(438M) 0.786ms
[12.048s][info][gc,cpu         ] GC(128) User=0.00s Sys=0.00s Real=0.00s
[12.107s][info][gc,start       ] GC(129) Pause Young (Allocation Failure)
[12.108s][info][gc,heap        ] GC(129) PSYoungGen: 99264K(99328K)->1024K(97280K) Eden: 98304K(98304K)->0K(96256K) From: 960K(1024K)->1024K(1024K)
[12.108s][info][gc,heap        ] GC(129) ParOldGen: 12482K(349696K)->12506K(349696K)
[12.108s][info][gc,metaspace   ] GC(129) Metaspace: 14660K(15232K)->14660K(15232K) NonClass: 12571K(12864K)->12571K(12864K) Class: 2089K(2368K)->2089K(2368K)
[12.108s][info][gc             ] GC(129) Pause Young (Allocation Failure) 109M->13M(436M) 0.787ms
[12.108s][info][gc,cpu         ] GC(129) User=0.00s Sys=0.00s Real=0.00s
[12.166s][info][gc,start       ] GC(130) Pause Young (Allocation Failure)
[12.167s][info][gc,heap        ] GC(130) PSYoungGen: 97280K(97280K)->960K(116736K) Eden: 96256K(96256K)->0K(115712K) From: 1024K(1024K)->960K(1024K)
[12.167s][info][gc,heap        ] GC(130) ParOldGen: 12506K(349696K)->12530K(349696K)
[12.167s][info][gc,metaspace   ] GC(130) Metaspace: 14660K(15232K)->14660K(15232K) NonClass: 12571K(12864K)->12571K(12864K) Class: 2089K(2368K)->2089K(2368K)
[12.167s][info][gc             ] GC(130) Pause Young (Allocation Failure) 107M->13M(455M) 0.794ms
[12.167s][info][gc,cpu         ] GC(130) User=0.00s Sys=0.00s Real=0.00s
[12.234s][info][gc,start       ] GC(131) Pause Young (Allocation Failure)
[12.235s][info][gc,heap        ] GC(131) PSYoungGen: 116672K(116736K)->1024K(140288K) Eden: 115712K(115712K)->0K(139264K) From: 960K(1024K)->1024K(1024K)
[12.235s][info][gc,heap        ] GC(131) ParOldGen: 12530K(349696K)->12554K(349696K)
[12.235s][info][gc,metaspace   ] GC(131) Metaspace: 14660K(15232K)->14660K(15232K) NonClass: 12571K(12864K)->12571K(12864K) Class: 2089K(2368K)->2089K(2368K)
[12.235s][info][gc             ] GC(131) Pause Young (Allocation Failure) 126M->13M(478M) 0.849ms
[12.235s][info][gc,cpu         ] GC(131) User=0.00s Sys=0.00s Real=0.00s
[12.318s][info][gc,start       ] GC(132) Pause Young (Allocation Failure)
[12.319s][info][gc,heap        ] GC(132) PSYoungGen: 140288K(140288K)->960K(137216K) Eden: 139264K(139264K)->0K(136192K) From: 1024K(1024K)->960K(1024K)
[12.319s][info][gc,heap        ] GC(132) ParOldGen: 12554K(349696K)->12582K(349696K)
[12.319s][info][gc,metaspace   ] GC(132) Metaspace: 14660K(15232K)->14660K(15232K) NonClass: 12571K(12864K)->12571K(12864K) Class: 2089K(2368K)->2089K(2368K)
[12.319s][info][gc             ] GC(132) Pause Young (Allocation Failure) 149M->13M(475M) 0.912ms
[12.319s][info][gc,cpu         ] GC(132) User=0.00s Sys=0.00s Real=0.00s
[12.400s][info][gc,start       ] GC(133) Pause Young (Allocation Failure)
[12.401s][info][gc,heap        ] GC(133) PSYoungGen: 137152K(137216K)->1056K(134656K) Eden: 136192K(136192K)->0K(133120K) From: 960K(1024K)->1056K(1536K)
[12.401s][info][gc,heap        ] GC(133) ParOldGen: 12582K(349696K)->12630K(349696K)
[12.401s][info][gc,metaspace   ] GC(133) Metaspace: 14660K(15232K)->14660K(15232K) NonClass: 12571K(12864K)->12571K(12864K) Class: 2089K(2368K)->2089K(2368K)
[12.401s][info][gc             ] GC(133) Pause Young (Allocation Failure) 146M->13M(473M) 0.906ms
[12.401s][info][gc,cpu         ] GC(133) User=0.00s Sys=0.00s Real=0.00s
[12.479s][info][gc,start       ] GC(134) Pause Young (Allocation Failure)
[12.480s][info][gc,heap        ] GC(134) PSYoungGen: 134176K(134656K)->992K(131072K) Eden: 133120K(133120K)->0K(130048K) From: 1056K(1536K)->992K(1024K)
[12.480s][info][gc,heap        ] GC(134) ParOldGen: 12630K(349696K)->12662K(349696K)
[12.480s][info][gc,metaspace   ] GC(134) Metaspace: 14660K(15232K)->14660K(15232K) NonClass: 12571K(12864K)->12571K(12864K) Class: 2089K(2368K)->2089K(2368K)
[12.480s][info][gc             ] GC(134) Pause Young (Allocation Failure) 143M->13M(469M) 0.834ms
[12.480s][info][gc,cpu         ] GC(134) User=0.00s Sys=0.00s Real=0.00s
[12.559s][info][gc,start       ] GC(135) Pause Young (Allocation Failure)
[12.560s][info][gc,heap        ] GC(135) PSYoungGen: 131040K(131072K)->1024K(128000K) Eden: 130048K(130048K)->0K(126976K) From: 992K(1024K)->1024K(1024K)
[12.560s][info][gc,heap        ] GC(135) ParOldGen: 12662K(349696K)->12694K(349696K)
[12.560s][info][gc,metaspace   ] GC(135) Metaspace: 14660K(15232K)->14660K(15232K) NonClass: 12571K(12864K)->12571K(12864K) Class: 2089K(2368K)->2089K(2368K)
[12.560s][info][gc             ] GC(135) Pause Young (Allocation Failure) 140M->13M(466M) 0.934ms
[12.560s][info][gc,cpu         ] GC(135) User=0.00s Sys=0.00s Real=0.00s
[12.636s][info][gc,start       ] GC(136) Pause Young (Allocation Failure)
[12.637s][info][gc,heap        ] GC(136) PSYoungGen: 128000K(128000K)->1024K(124928K) Eden: 126976K(126976K)->0K(123904K) From: 1024K(1024K)->1024K(1024K)
[12.637s][info][gc,heap        ] GC(136) ParOldGen: 12694K(349696K)->12734K(349696K)
[12.637s][info][gc,metaspace   ] GC(136) Metaspace: 14660K(15232K)->14660K(15232K) NonClass: 12571K(12864K)->12571K(12864K) Class: 2089K(2368K)->2089K(2368K)
[12.637s][info][gc             ] GC(136) Pause Young (Allocation Failure) 137M->13M(463M) 0.924ms
[12.637s][info][gc,cpu         ] GC(136) User=0.00s Sys=0.00s Real=0.00s
[12.712s][info][gc,start       ] GC(137) Pause Young (Allocation Failure)
[12.713s][info][gc,heap        ] GC(137) PSYoungGen: 124928K(124928K)->1056K(143872K) Eden: 123904K(123904K)->0K(142336K) From: 1024K(1024K)->1056K(1536K)
[12.713s][info][gc,heap        ] GC(137) ParOldGen: 12734K(349696K)->12766K(349696K)
[12.713s][info][gc,metaspace   ] GC(137) Metaspace: 14660K(15232K)->14660K(15232K) NonClass: 12571K(12864K)->12571K(12864K) Class: 2089K(2368K)->2089K(2368K)
[12.713s][info][gc             ] GC(137) Pause Young (Allocation Failure) 134M->13M(482M) 1.000ms
[12.713s][info][gc,cpu         ] GC(137) User=0.00s Sys=0.00s Real=0.00s
[12.798s][info][gc,start       ] GC(138) Pause Young (Allocation Failure)
[12.799s][info][gc,heap        ] GC(138) PSYoungGen: 143392K(143872K)->1024K(150528K) Eden: 142336K(142336K)->0K(148992K) From: 1056K(1536K)->1024K(1536K)
[12.799s][info][gc,heap        ] GC(138) ParOldGen: 12766K(349696K)->12798K(349696K)
[12.799s][info][gc,metaspace   ] GC(138) Metaspace: 14660K(15232K)->14660K(15232K) NonClass: 12571K(12864K)->12571K(12864K) Class: 2089K(2368K)->2089K(2368K)
[12.799s][info][gc             ] GC(138) Pause Young (Allocation Failure) 152M->13M(488M) 1.045ms
[12.799s][info][gc,cpu         ] GC(138) User=0.00s Sys=0.00s Real=0.00s
[12.886s][info][gc,start       ] GC(139) Pause Young (Allocation Failure)
[12.887s][info][gc,heap        ] GC(139) PSYoungGen: 150016K(150528K)->1024K(150528K) Eden: 148992K(148992K)->0K(148992K) From: 1024K(1536K)->1024K(1536K)
[12.887s][info][gc,heap        ] GC(139) ParOldGen: 12798K(349696K)->12838K(349696K)
[12.887s][info][gc,metaspace   ] GC(139) Metaspace: 14660K(15232K)->14660K(15232K) NonClass: 12571K(12864K)->12571K(12864K) Class: 2089K(2368K)->2089K(2368K)
[12.887s][info][gc             ] GC(139) Pause Young (Allocation Failure) 158M->13M(488M) 1.102ms
[12.887s][info][gc,cpu         ] GC(139) User=0.00s Sys=0.00s Real=0.00s
[12.975s][info][gc,start       ] GC(140) Pause Young (Allocation Failure)
[12.976s][info][gc,heap        ] GC(140) PSYoungGen: 150016K(150528K)->1056K(173056K) Eden: 148992K(148992K)->0K(171520K) From: 1024K(1536K)->1056K(1536K)
[12.976s][info][gc,heap        ] GC(140) ParOldGen: 12838K(349696K)->12886K(349696K)
[12.976s][info][gc,metaspace   ] GC(140) Metaspace: 14660K(15232K)->14660K(15232K) NonClass: 12571K(12864K)->12571K(12864K) Class: 2089K(2368K)->2089K(2368K)
[12.976s][info][gc             ] GC(140) Pause Young (Allocation Failure) 159M->13M(510M) 1.060ms
[12.976s][info][gc,cpu         ] GC(140) User=0.00s Sys=0.00s Real=0.00s
[13.078s][info][gc,start       ] GC(141) Pause Young (Allocation Failure)
[13.079s][info][gc,heap        ] GC(141) PSYoungGen: 172576K(173056K)->1056K(173056K) Eden: 171520K(171520K)->0K(171520K) From: 1056K(1536K)->1056K(1536K)
[13.079s][info][gc,heap        ] GC(141) ParOldGen: 12886K(349696K)->12926K(349696K)
[13.079s][info][gc,metaspace   ] GC(141) Metaspace: 14660K(15232K)->14660K(15232K) NonClass: 12571K(12864K)->12571K(12864K) Class: 2089K(2368K)->2089K(2368K)
[13.079s][info][gc             ] GC(141) Pause Young (Allocation Failure) 181M->13M(510M) 1.101ms
[13.079s][info][gc,cpu         ] GC(141) User=0.00s Sys=0.00s Real=0.00s
[13.183s][info][gc,start       ] GC(142) Pause Young (Allocation Failure)
[13.184s][info][gc,heap        ] GC(142) PSYoungGen: 172576K(173056K)->1024K(167936K) Eden: 171520K(171520K)->0K(166912K) From: 1056K(1536K)->1024K(1024K)
[13.184s][info][gc,heap        ] GC(142) ParOldGen: 12926K(349696K)->12966K(349696K)
[13.184s][info][gc,metaspace   ] GC(142) Metaspace: 14660K(15232K)->14660K(15232K) NonClass: 12571K(12864K)->12571K(12864K) Class: 2089K(2368K)->2089K(2368K)
[13.184s][info][gc             ] GC(142) Pause Young (Allocation Failure) 181M->13M(505M) 1.124ms
[13.184s][info][gc,cpu         ] GC(142) User=0.00s Sys=0.00s Real=0.00s
[13.283s][info][gc,start       ] GC(143) Pause Young (Allocation Failure)
[13.284s][info][gc,heap        ] GC(143) PSYoungGen: 167936K(167936K)->1024K(163328K) Eden: 166912K(166912K)->0K(162304K) From: 1024K(1024K)->1024K(1024K)
[13.284s][info][gc,heap        ] GC(143) ParOldGen: 12966K(349696K)->13046K(349696K)
[13.284s][info][gc,metaspace   ] GC(143) Metaspace: 14660K(15232K)->14660K(15232K) NonClass: 12571K(12864K)->12571K(12864K) Class: 2089K(2368K)->2089K(2368K)
[13.284s][info][gc             ] GC(143) Pause Young (Allocation Failure) 176M->13M(501M) 1.139ms
[13.284s][info][gc,cpu         ] GC(143) User=0.00s Sys=0.00s Real=0.00s
[13.383s][info][gc,start       ] GC(144) Pause Young (Allocation Failure)
[13.384s][info][gc,heap        ] GC(144) PSYoungGen: 163328K(163328K)->1024K(159232K) Eden: 162304K(162304K)->0K(158208K) From: 1024K(1024K)->1024K(1024K)
[13.384s][info][gc,heap        ] GC(144) ParOldGen: 13046K(349696K)->13086K(349696K)
[13.384s][info][gc,metaspace   ] GC(144) Metaspace: 14660K(15232K)->14660K(15232K) NonClass: 12571K(12864K)->12571K(12864K) Class: 2089K(2368K)->2089K(2368K)
[13.384s][info][gc             ] GC(144) Pause Young (Allocation Failure) 172M->13M(497M) 1.133ms
[13.384s][info][gc,cpu         ] GC(144) User=0.00s Sys=0.00s Real=0.00s
[13.540s][info][gc,start       ] GC(145) Pause Young (Allocation Failure)
[13.542s][info][gc,heap        ] GC(145) PSYoungGen: 159232K(159232K)->1024K(155136K) Eden: 158208K(158208K)->0K(154112K) From: 1024K(1024K)->1024K(1024K)
[13.542s][info][gc,heap        ] GC(145) ParOldGen: 13086K(349696K)->13142K(349696K)
[13.542s][info][gc,metaspace   ] GC(145) Metaspace: 14660K(15232K)->14660K(15232K) NonClass: 12571K(12864K)->12571K(12864K) Class: 2089K(2368K)->2089K(2368K)
[13.542s][info][gc             ] GC(145) Pause Young (Allocation Failure) 168M->13M(493M) 1.881ms
[13.542s][info][gc,cpu         ] GC(145) User=0.00s Sys=0.00s Real=0.00s
[13.646s][info][gc,start       ] GC(146) Pause Young (Allocation Failure)
[13.647s][info][gc,heap        ] GC(146) PSYoungGen: 155136K(155136K)->992K(151040K) Eden: 154112K(154112K)->0K(150016K) From: 1024K(1024K)->992K(1024K)
[13.647s][info][gc,heap        ] GC(146) ParOldGen: 13142K(349696K)->13182K(349696K)
[13.647s][info][gc,metaspace   ] GC(146) Metaspace: 14660K(15232K)->14660K(15232K) NonClass: 12571K(12864K)->12571K(12864K) Class: 2089K(2368K)->2089K(2368K)
[13.647s][info][gc             ] GC(146) Pause Young (Allocation Failure) 164M->13M(489M) 1.062ms
[13.647s][info][gc,cpu         ] GC(146) User=0.00s Sys=0.00s Real=0.00s
[13.740s][info][gc,start       ] GC(147) Pause Young (Allocation Failure)
[13.741s][info][gc,heap        ] GC(147) PSYoungGen: 151008K(151040K)->992K(147456K) Eden: 150016K(150016K)->0K(146432K) From: 992K(1024K)->992K(1024K)
[13.741s][info][gc,heap        ] GC(147) ParOldGen: 13182K(349696K)->13222K(349696K)
[13.741s][info][gc,metaspace   ] GC(147) Metaspace: 14660K(15232K)->14660K(15232K) NonClass: 12571K(12864K)->12571K(12864K) Class: 2089K(2368K)->2089K(2368K)
[13.741s][info][gc             ] GC(147) Pause Young (Allocation Failure) 160M->13M(485M) 1.000ms
[13.741s][info][gc,cpu         ] GC(147) User=0.00s Sys=0.00s Real=0.00s
[13.834s][info][gc,start       ] GC(148) Pause Young (Allocation Failure)
[13.834s][info][gc,heap        ] GC(148) PSYoungGen: 147424K(147456K)->1024K(143872K) Eden: 146432K(146432K)->0K(142848K) From: 992K(1024K)->1024K(1024K)
[13.834s][info][gc,heap        ] GC(148) ParOldGen: 13222K(349696K)->13262K(349696K)
[13.835s][info][gc,metaspace   ] GC(148) Metaspace: 14660K(15232K)->14660K(15232K) NonClass: 12571K(12864K)->12571K(12864K) Class: 2089K(2368K)->2089K(2368K)
[13.835s][info][gc             ] GC(148) Pause Young (Allocation Failure) 156M->13M(482M) 1.001ms
[13.835s][info][gc,cpu         ] GC(148) User=0.00s Sys=0.00s Real=0.00s
[13.923s][info][gc,start       ] GC(149) Pause Young (Allocation Failure)
[13.924s][info][gc,heap        ] GC(149) PSYoungGen: 143872K(143872K)->960K(140288K) Eden: 142848K(142848K)->0K(139264K) From: 1024K(1024K)->960K(1024K)
[13.924s][info][gc,heap        ] GC(149) ParOldGen: 13262K(349696K)->13302K(349696K)
[13.924s][info][gc,metaspace   ] GC(149) Metaspace: 14660K(15232K)->14660K(15232K) NonClass: 12571K(12864K)->12571K(12864K) Class: 2089K(2368K)->2089K(2368K)
[13.924s][info][gc             ] GC(149) Pause Young (Allocation Failure) 153M->13M(478M) 0.930ms
[13.924s][info][gc,cpu         ] GC(149) User=0.00s Sys=0.00s Real=0.00s
[14.009s][info][gc,start       ] GC(150) Pause Young (Allocation Failure)
[14.010s][info][gc,heap        ] GC(150) PSYoungGen: 140224K(140288K)->928K(137216K) Eden: 139264K(139264K)->0K(136192K) From: 960K(1024K)->928K(1024K)
[14.010s][info][gc,heap        ] GC(150) ParOldGen: 13302K(349696K)->13350K(349696K)
[14.010s][info][gc,metaspace   ] GC(150) Metaspace: 14660K(15232K)->14660K(15232K) NonClass: 12571K(12864K)->12571K(12864K) Class: 2089K(2368K)->2089K(2368K)
[14.010s][info][gc             ] GC(150) Pause Young (Allocation Failure) 149M->13M(475M) 0.992ms
[14.010s][info][gc,cpu         ] GC(150) User=0.00s Sys=0.00s Real=0.00s
[14.099s][info][gc,start       ] GC(151) Pause Young (Allocation Failure)
[14.100s][info][gc,heap        ] GC(151) PSYoungGen: 137120K(137216K)->992K(134144K) Eden: 136192K(136192K)->0K(133120K) From: 928K(1024K)->992K(1024K)
[14.100s][info][gc,heap        ] GC(151) ParOldGen: 13350K(349696K)->13382K(349696K)
[14.100s][info][gc,metaspace   ] GC(151) Metaspace: 14660K(15232K)->14660K(15232K) NonClass: 12571K(12864K)->12571K(12864K) Class: 2089K(2368K)->2089K(2368K)
[14.100s][info][gc             ] GC(151) Pause Young (Allocation Failure) 146M->14M(472M) 0.812ms
[14.100s][info][gc,cpu         ] GC(151) User=0.00s Sys=0.00s Real=0.00s
[14.178s][info][gc,start       ] GC(152) Pause Young (Allocation Failure)
[14.179s][info][gc,heap        ] GC(152) PSYoungGen: 134112K(134144K)->992K(131072K) Eden: 133120K(133120K)->0K(130048K) From: 992K(1024K)->992K(1024K)
[14.179s][info][gc,heap        ] GC(152) ParOldGen: 13382K(349696K)->13438K(349696K)
[14.179s][info][gc,metaspace   ] GC(152) Metaspace: 14660K(15232K)->14660K(15232K) NonClass: 12571K(12864K)->12571K(12864K) Class: 2089K(2368K)->2089K(2368K)
[14.179s][info][gc             ] GC(152) Pause Young (Allocation Failure) 144M->14M(469M) 0.857ms
[14.179s][info][gc,cpu         ] GC(152) User=0.00s Sys=0.00s Real=0.00s
[14.256s][info][gc,start       ] GC(153) Pause Young (Allocation Failure)
[14.257s][info][gc,heap        ] GC(153) PSYoungGen: 131040K(131072K)->992K(128000K) Eden: 130048K(130048K)->0K(126976K) From: 992K(1024K)->992K(1024K)
[14.257s][info][gc,heap        ] GC(153) ParOldGen: 13438K(349696K)->13486K(349696K)
[14.257s][info][gc,metaspace   ] GC(153) Metaspace: 14660K(15232K)->14660K(15232K) NonClass: 12571K(12864K)->12571K(12864K) Class: 2089K(2368K)->2089K(2368K)
[14.257s][info][gc             ] GC(153) Pause Young (Allocation Failure) 141M->14M(466M) 0.892ms
[14.257s][info][gc,cpu         ] GC(153) User=0.00s Sys=0.00s Real=0.00s
[14.332s][info][gc,start       ] GC(154) Pause Young (Allocation Failure)
[14.333s][info][gc,heap        ] GC(154) PSYoungGen: 127968K(128000K)->992K(124928K) Eden: 126976K(126976K)->0K(123904K) From: 992K(1024K)->992K(1024K)
[14.333s][info][gc,heap        ] GC(154) ParOldGen: 13486K(349696K)->13518K(349696K)
[14.333s][info][gc,metaspace   ] GC(154) Metaspace: 14660K(15232K)->14660K(15232K) NonClass: 12571K(12864K)->12571K(12864K) Class: 2089K(2368K)->2089K(2368K)
[14.333s][info][gc             ] GC(154) Pause Young (Allocation Failure) 138M->14M(463M) 0.861ms
[14.333s][info][gc,cpu         ] GC(154) User=0.00s Sys=0.00s Real=0.00s
[14.406s][info][gc,start       ] GC(155) Pause Young (Allocation Failure)
[14.407s][info][gc,heap        ] GC(155) PSYoungGen: 124896K(124928K)->960K(122368K) Eden: 123904K(123904K)->0K(121344K) From: 992K(1024K)->960K(1024K)
[14.407s][info][gc,heap        ] GC(155) ParOldGen: 13518K(349696K)->13558K(349696K)
[14.407s][info][gc,metaspace   ] GC(155) Metaspace: 14660K(15232K)->14660K(15232K) NonClass: 12571K(12864K)->12571K(12864K) Class: 2089K(2368K)->2089K(2368K)
[14.407s][info][gc             ] GC(155) Pause Young (Allocation Failure) 135M->14M(461M) 0.886ms
[14.407s][info][gc,cpu         ] GC(155) User=0.00s Sys=0.00s Real=0.00s
[14.480s][info][gc,start       ] GC(156) Pause Young (Allocation Failure)
[14.480s][info][gc,heap        ] GC(156) PSYoungGen: 122304K(122368K)->992K(119808K) Eden: 121344K(121344K)->0K(118784K) From: 960K(1024K)->992K(1024K)
[14.480s][info][gc,heap        ] GC(156) ParOldGen: 13558K(349696K)->13582K(349696K)
[14.480s][info][gc,metaspace   ] GC(156) Metaspace: 14660K(15232K)->14660K(15232K) NonClass: 12571K(12864K)->12571K(12864K) Class: 2089K(2368K)->2089K(2368K)
[14.480s][info][gc             ] GC(156) Pause Young (Allocation Failure) 132M->14M(458M) 0.883ms
[14.480s][info][gc,cpu         ] GC(156) User=0.00s Sys=0.00s Real=0.00s
[14.551s][info][gc,start       ] GC(157) Pause Young (Allocation Failure)
[14.552s][info][gc,heap        ] GC(157) PSYoungGen: 119776K(119808K)->928K(117248K) Eden: 118784K(118784K)->0K(116224K) From: 992K(1024K)->928K(1024K)
[14.552s][info][gc,heap        ] GC(157) ParOldGen: 13582K(349696K)->13622K(349696K)
[14.552s][info][gc,metaspace   ] GC(157) Metaspace: 14660K(15232K)->14660K(15232K) NonClass: 12571K(12864K)->12571K(12864K) Class: 2089K(2368K)->2089K(2368K)
[14.552s][info][gc             ] GC(157) Pause Young (Allocation Failure) 130M->14M(456M) 0.903ms
[14.552s][info][gc,cpu         ] GC(157) User=0.17s Sys=0.05s Real=0.00s
[14.620s][info][gc,start       ] GC(158) Pause Young (Allocation Failure)
[14.621s][info][gc,heap        ] GC(158) PSYoungGen: 117152K(117248K)->928K(114688K) Eden: 116224K(116224K)->0K(113664K) From: 928K(1024K)->928K(1024K)
[14.621s][info][gc,heap        ] GC(158) ParOldGen: 13622K(349696K)->13662K(349696K)
[14.621s][info][gc,metaspace   ] GC(158) Metaspace: 14660K(15232K)->14660K(15232K) NonClass: 12571K(12864K)->12571K(12864K) Class: 2089K(2368K)->2089K(2368K)
[14.621s][info][gc             ] GC(158) Pause Young (Allocation Failure) 127M->14M(453M) 0.941ms
[14.621s][info][gc,cpu         ] GC(158) User=0.00s Sys=0.00s Real=0.00s
[14.687s][info][gc,start       ] GC(159) Pause Young (Allocation Failure)
[14.688s][info][gc,heap        ] GC(159) PSYoungGen: 114592K(114688K)->960K(112128K) Eden: 113664K(113664K)->0K(111104K) From: 928K(1024K)->960K(1024K)
[14.688s][info][gc,heap        ] GC(159) ParOldGen: 13662K(349696K)->13702K(349696K)
[14.688s][info][gc,metaspace   ] GC(159) Metaspace: 14660K(15232K)->14660K(15232K) NonClass: 12571K(12864K)->12571K(12864K) Class: 2089K(2368K)->2089K(2368K)
[14.688s][info][gc             ] GC(159) Pause Young (Allocation Failure) 125M->14M(451M) 0.899ms
[14.688s][info][gc,cpu         ] GC(159) User=0.00s Sys=0.00s Real=0.00s
[14.752s][info][gc,start       ] GC(160) Pause Young (Allocation Failure)
[14.753s][info][gc,heap        ] GC(160) PSYoungGen: 112064K(112128K)->928K(134656K) Eden: 111104K(111104K)->0K(133632K) From: 960K(1024K)->928K(1024K)
[14.753s][info][gc,heap        ] GC(160) ParOldGen: 13702K(349696K)->13750K(349696K)
[14.753s][info][gc,metaspace   ] GC(160) Metaspace: 14660K(15232K)->14660K(15232K) NonClass: 12571K(12864K)->12571K(12864K) Class: 2089K(2368K)->2089K(2368K)
[14.753s][info][gc             ] GC(160) Pause Young (Allocation Failure) 122M->14M(473M) 0.948ms
[14.753s][info][gc,cpu         ] GC(160) User=0.00s Sys=0.00s Real=0.00s
[14.833s][info][gc,start       ] GC(161) Pause Young (Allocation Failure)
[14.834s][info][gc,heap        ] GC(161) PSYoungGen: 134560K(134656K)->896K(161792K) Eden: 133632K(133632K)->0K(160768K) From: 928K(1024K)->896K(1024K)
[14.834s][info][gc,heap        ] GC(161) ParOldGen: 13750K(349696K)->13782K(349696K)
[14.834s][info][gc,metaspace   ] GC(161) Metaspace: 14660K(15232K)->14660K(15232K) NonClass: 12571K(12864K)->12571K(12864K) Class: 2089K(2368K)->2089K(2368K)
[14.834s][info][gc             ] GC(161) Pause Young (Allocation Failure) 144M->14M(499M) 1.016ms
[14.834s][info][gc,cpu         ] GC(161) User=0.00s Sys=0.00s Real=0.00s
[14.931s][info][gc,start       ] GC(162) Pause Young (Allocation Failure)
[14.932s][info][gc,heap        ] GC(162) PSYoungGen: 161664K(161792K)->896K(157696K) Eden: 160768K(160768K)->0K(156672K) From: 896K(1024K)->896K(1024K)
[14.932s][info][gc,heap        ] GC(162) ParOldGen: 13782K(349696K)->13814K(349696K)
[14.932s][info][gc,metaspace   ] GC(162) Metaspace: 14660K(15232K)->14660K(15232K) NonClass: 12571K(12864K)->12571K(12864K) Class: 2089K(2368K)->2089K(2368K)
[14.932s][info][gc             ] GC(162) Pause Young (Allocation Failure) 171M->14M(495M) 1.010ms
[14.932s][info][gc,cpu         ] GC(162) User=0.00s Sys=0.00s Real=0.00s
[15.016s][info][gc,start       ] GC(163) Pause Young (Allocation Failure)
[15.017s][info][gc,heap        ] GC(163) PSYoungGen: 157568K(157696K)->864K(153600K) Eden: 156672K(156672K)->0K(152576K) From: 896K(1024K)->864K(1024K)
[15.017s][info][gc,heap        ] GC(163) ParOldGen: 13814K(349696K)->13870K(349696K)
[15.017s][info][gc,metaspace   ] GC(163) Metaspace: 14660K(15232K)->14660K(15232K) NonClass: 12571K(12864K)->12571K(12864K) Class: 2089K(2368K)->2089K(2368K)
[15.017s][info][gc             ] GC(163) Pause Young (Allocation Failure) 167M->14M(491M) 1.068ms
[15.017s][info][gc,cpu         ] GC(163) User=0.00s Sys=0.00s Real=0.00s
[15.076s][info][gc,start       ] GC(164) Pause Young (Allocation Failure)
[15.077s][info][gc,heap        ] GC(164) PSYoungGen: 153440K(153600K)->832K(161792K) Eden: 152576K(152576K)->0K(160256K) From: 864K(1024K)->832K(1536K)
[15.077s][info][gc,heap        ] GC(164) ParOldGen: 13870K(349696K)->13910K(349696K)
[15.077s][info][gc,metaspace   ] GC(164) Metaspace: 14660K(15232K)->14660K(15232K) NonClass: 12571K(12864K)->12571K(12864K) Class: 2089K(2368K)->2089K(2368K)
[15.077s][info][gc             ] GC(164) Pause Young (Allocation Failure) 163M->14M(499M) 0.982ms
[15.077s][info][gc,cpu         ] GC(164) User=0.00s Sys=0.00s Real=0.00s
[15.154s][info][gc,start       ] GC(165) Pause Young (Allocation Failure)
[15.154s][info][gc,heap        ] GC(165) PSYoungGen: 161088K(161792K)->736K(161792K) Eden: 160256K(160256K)->0K(160256K) From: 832K(1536K)->736K(1536K)
[15.154s][info][gc,heap        ] GC(165) ParOldGen: 13910K(349696K)->13950K(349696K)
[15.154s][info][gc,metaspace   ] GC(165) Metaspace: 14660K(15232K)->14660K(15232K) NonClass: 12571K(12864K)->12571K(12864K) Class: 2089K(2368K)->2089K(2368K)
[15.155s][info][gc             ] GC(165) Pause Young (Allocation Failure) 170M->14M(499M) 0.945ms
[15.155s][info][gc,cpu         ] GC(165) User=0.00s Sys=0.00s Real=0.00s
[15.277s][info][gc,start       ] GC(166) Pause Young (Allocation Failure)
[15.278s][info][gc,heap        ] GC(166) PSYoungGen: 160992K(161792K)->608K(157184K) Eden: 160256K(160256K)->0K(156160K) From: 736K(1536K)->608K(1024K)
[15.278s][info][gc,heap        ] GC(166) ParOldGen: 13950K(349696K)->13990K(349696K)
[15.278s][info][gc,metaspace   ] GC(166) Metaspace: 14660K(15232K)->14660K(15232K) NonClass: 12571K(12864K)->12571K(12864K) Class: 2089K(2368K)->2089K(2368K)
[15.278s][info][gc             ] GC(166) Pause Young (Allocation Failure) 170M->14M(495M) 1.072ms
[15.278s][info][gc,cpu         ] GC(166) User=0.00s Sys=0.00s Real=0.00s
[15.529s][info][gc,start       ] GC(167) Pause Young (Allocation Failure)
[15.530s][info][gc,heap        ] GC(167) PSYoungGen: 156768K(157184K)->416K(152576K) Eden: 156160K(156160K)->0K(152064K) From: 608K(1024K)->416K(512K)
[15.530s][info][gc,heap        ] GC(167) ParOldGen: 13990K(349696K)->14054K(349696K)
[15.530s][info][gc,metaspace   ] GC(167) Metaspace: 14660K(15232K)->14660K(15232K) NonClass: 12571K(12864K)->12571K(12864K) Class: 2089K(2368K)->2089K(2368K)
[15.531s][info][gc             ] GC(167) Pause Young (Allocation Failure) 166M->14M(490M) 1.139ms
[15.531s][info][gc,cpu         ] GC(167) User=0.00s Sys=0.00s Real=0.00s
[15.875s][info][gc,start       ] GC(168) Pause Young (System.gc())
[15.876s][info][gc,heap        ] GC(168) PSYoungGen: 139615K(152576K)->416K(152576K) Eden: 139199K(152064K)->0K(152064K) From: 416K(512K)->416K(512K)
[15.876s][info][gc,heap        ] GC(168) ParOldGen: 14054K(349696K)->14158K(349696K)
[15.876s][info][gc,metaspace   ] GC(168) Metaspace: 14758K(15296K)->14758K(15296K) NonClass: 12659K(12928K)->12659K(12928K) Class: 2098K(2368K)->2098K(2368K)
[15.876s][info][gc             ] GC(168) Pause Young (System.gc()) 150M->14M(490M) 1.249ms
[15.876s][info][gc,cpu         ] GC(168) User=0.00s Sys=0.00s Real=0.00s
[15.876s][info][gc,start       ] GC(169) Pause Full (System.gc())
[15.876s][info][gc,phases,start] GC(169) Marking Phase
[15.898s][info][gc,phases      ] GC(169) Marking Phase 21.369ms
[15.898s][info][gc,phases,start] GC(169) Summary Phase
[15.898s][info][gc,phases      ] GC(169) Summary Phase 0.022ms
[15.898s][info][gc,phases,start] GC(169) Adjust Roots
[15.903s][info][gc,phases      ] GC(169) Adjust Roots 5.426ms
[15.903s][info][gc,phases,start] GC(169) Compaction Phase
[15.911s][info][gc,phases      ] GC(169) Compaction Phase 7.829ms
[15.911s][info][gc,phases,start] GC(169) Post Compact
[15.913s][info][gc,phases      ] GC(169) Post Compact 1.493ms
[15.913s][info][gc,heap        ] GC(169) PSYoungGen: 416K(152576K)->0K(152576K) Eden: 0K(152064K)->0K(152064K) From: 416K(512K)->0K(512K)
[15.913s][info][gc,heap        ] GC(169) ParOldGen: 14158K(349696K)->5379K(349696K)
[15.913s][info][gc,metaspace   ] GC(169) Metaspace: 14758K(15296K)->14335K(15168K) NonClass: 12659K(12928K)->12354K(12800K) Class: 2098K(2368K)->1981K(2368K)
[15.913s][info][gc             ] GC(169) Pause Full (System.gc()) 14M->5M(490M) 36.416ms
[15.913s][info][gc,cpu         ] GC(169) User=0.23s Sys=0.00s Real=0.05s
[16.046s][info][gc,start       ] GC(170) Pause Young (Allocation Failure)
[16.048s][info][gc,heap        ] GC(170) PSYoungGen: 152064K(152576K)->1536K(150016K) Eden: 152064K(152064K)->0K(148480K) From: 0K(512K)->1536K(1536K)
[16.048s][info][gc,heap        ] GC(170) ParOldGen: 5379K(349696K)->5589K(349696K)
[16.048s][info][gc,metaspace   ] GC(170) Metaspace: 14336K(15168K)->14336K(15168K) NonClass: 12355K(12800K)->12355K(12800K) Class: 1981K(2368K)->1981K(2368K)
[16.048s][info][gc             ] GC(170) Pause Young (Allocation Failure) 153M->6M(488M) 1.177ms
[16.048s][info][gc,cpu         ] GC(170) User=0.00s Sys=0.00s Real=0.00s
[16.141s][info][gc,start       ] GC(171) Pause Young (Allocation Failure)
[16.143s][info][gc,heap        ] GC(171) PSYoungGen: 150016K(150016K)->1024K(145920K) Eden: 148480K(148480K)->0K(144896K) From: 1536K(1536K)->1024K(1024K)
[16.143s][info][gc,heap        ] GC(171) ParOldGen: 5589K(349696K)->7066K(349696K)
[16.143s][info][gc,metaspace   ] GC(171) Metaspace: 14336K(15168K)->14336K(15168K) NonClass: 12355K(12800K)->12355K(12800K) Class: 1981K(2368K)->1981K(2368K)
[16.143s][info][gc             ] GC(171) Pause Young (Allocation Failure) 151M->7M(484M) 1.219ms
[16.143s][info][gc,cpu         ] GC(171) User=0.00s Sys=0.00s Real=0.00s
[16.241s][info][gc,start       ] GC(172) Pause Young (Allocation Failure)
[16.242s][info][gc,heap        ] GC(172) PSYoungGen: 145920K(145920K)->1024K(142336K) Eden: 144896K(144896K)->0K(141312K) From: 1024K(1024K)->1024K(1024K)
[16.242s][info][gc,heap        ] GC(172) ParOldGen: 7066K(349696K)->7106K(349696K)
[16.242s][info][gc,metaspace   ] GC(172) Metaspace: 14336K(15168K)->14336K(15168K) NonClass: 12355K(12800K)->12355K(12800K) Class: 1981K(2368K)->1981K(2368K)
[16.242s][info][gc             ] GC(172) Pause Young (Allocation Failure) 149M->7M(480M) 1.116ms
[16.242s][info][gc,cpu         ] GC(172) User=0.00s Sys=0.00s Real=0.00s
[16.336s][info][gc,start       ] GC(173) Pause Young (Allocation Failure)
[16.337s][info][gc,heap        ] GC(173) PSYoungGen: 142336K(142336K)->1024K(138752K) Eden: 141312K(141312K)->0K(137728K) From: 1024K(1024K)->1024K(1024K)
[16.337s][info][gc,heap        ] GC(173) ParOldGen: 7106K(349696K)->7202K(349696K)
[16.337s][info][gc,metaspace   ] GC(173) Metaspace: 14336K(15168K)->14336K(15168K) NonClass: 12355K(12800K)->12355K(12800K) Class: 1981K(2368K)->1981K(2368K)
[16.337s][info][gc             ] GC(173) Pause Young (Allocation Failure) 145M->8M(477M) 1.111ms
[16.337s][info][gc,cpu         ] GC(173) User=0.00s Sys=0.00s Real=0.00s
[16.433s][info][gc,start       ] GC(174) Pause Young (Allocation Failure)
[16.434s][info][gc,heap        ] GC(174) PSYoungGen: 138752K(138752K)->1024K(135680K) Eden: 137728K(137728K)->0K(134656K) From: 1024K(1024K)->1024K(1024K)
[16.434s][info][gc,heap        ] GC(174) ParOldGen: 7202K(349696K)->7242K(349696K)
[16.434s][info][gc,metaspace   ] GC(174) Metaspace: 14336K(15168K)->14336K(15168K) NonClass: 12355K(12800K)->12355K(12800K) Class: 1981K(2368K)->1981K(2368K)
[16.434s][info][gc             ] GC(174) Pause Young (Allocation Failure) 142M->8M(474M) 1.181ms
[16.434s][info][gc,cpu         ] GC(174) User=0.00s Sys=0.00s Real=0.00s
[16.525s][info][gc,start       ] GC(175) Pause Young (Allocation Failure)
[16.526s][info][gc,heap        ] GC(175) PSYoungGen: 135680K(135680K)->1024K(132608K) Eden: 134656K(134656K)->0K(131584K) From: 1024K(1024K)->1024K(1024K)
[16.526s][info][gc,heap        ] GC(175) ParOldGen: 7242K(349696K)->7274K(349696K)
[16.526s][info][gc,metaspace   ] GC(175) Metaspace: 14336K(15168K)->14336K(15168K) NonClass: 12355K(12800K)->12355K(12800K) Class: 1981K(2368K)->1981K(2368K)
[16.526s][info][gc             ] GC(175) Pause Young (Allocation Failure) 139M->8M(471M) 1.195ms
[16.526s][info][gc,cpu         ] GC(175) User=0.00s Sys=0.00s Real=0.00s
[16.616s][info][gc,start       ] GC(176) Pause Young (Allocation Failure)
[16.617s][info][gc,heap        ] GC(176) PSYoungGen: 132608K(132608K)->1056K(159744K) Eden: 131584K(131584K)->0K(158208K) From: 1024K(1024K)->1056K(1536K)
[16.617s][info][gc,heap        ] GC(176) ParOldGen: 7274K(349696K)->7298K(349696K)
[16.617s][info][gc,metaspace   ] GC(176) Metaspace: 14336K(15168K)->14336K(15168K) NonClass: 12355K(12800K)->12355K(12800K) Class: 1981K(2368K)->1981K(2368K)
[16.617s][info][gc             ] GC(176) Pause Young (Allocation Failure) 136M->8M(497M) 1.228ms
[16.617s][info][gc,cpu         ] GC(176) User=0.00s Sys=0.00s Real=0.00s
[16.724s][info][gc,start       ] GC(177) Pause Young (Allocation Failure)
[16.725s][info][gc,heap        ] GC(177) PSYoungGen: 159264K(159744K)->1024K(167936K) Eden: 158208K(158208K)->0K(166912K) From: 1056K(1536K)->1024K(1024K)
[16.725s][info][gc,heap        ] GC(177) ParOldGen: 7298K(349696K)->7346K(349696K)
[16.725s][info][gc,metaspace   ] GC(177) Metaspace: 14336K(15168K)->14336K(15168K) NonClass: 12355K(12800K)->12355K(12800K) Class: 1981K(2368K)->1981K(2368K)
[16.725s][info][gc             ] GC(177) Pause Young (Allocation Failure) 162M->8M(505M) 1.212ms
[16.725s][info][gc,cpu         ] GC(177) User=0.00s Sys=0.00s Real=0.00s
[16.840s][info][gc,start       ] GC(178) Pause Young (Allocation Failure)
[16.841s][info][gc,heap        ] GC(178) PSYoungGen: 167936K(167936K)->992K(163328K) Eden: 166912K(166912K)->0K(162304K) From: 1024K(1024K)->992K(1024K)
[16.841s][info][gc,heap        ] GC(178) ParOldGen: 7346K(349696K)->7394K(349696K)
[16.841s][info][gc,metaspace   ] GC(178) Metaspace: 14336K(15168K)->14336K(15168K) NonClass: 12355K(12800K)->12355K(12800K) Class: 1981K(2368K)->1981K(2368K)
[16.841s][info][gc             ] GC(178) Pause Young (Allocation Failure) 171M->8M(501M) 1.224ms
[16.841s][info][gc,cpu         ] GC(178) User=0.00s Sys=0.00s Real=0.00s
[16.951s][info][gc,start       ] GC(179) Pause Young (Allocation Failure)
[16.952s][info][gc,heap        ] GC(179) PSYoungGen: 163296K(163328K)->992K(159232K) Eden: 162304K(162304K)->0K(158208K) From: 992K(1024K)->992K(1024K)
[16.952s][info][gc,heap        ] GC(179) ParOldGen: 7394K(349696K)->7450K(349696K)
[16.953s][info][gc,metaspace   ] GC(179) Metaspace: 14336K(15168K)->14336K(15168K) NonClass: 12355K(12800K)->12355K(12800K) Class: 1981K(2368K)->1981K(2368K)
[16.953s][info][gc             ] GC(179) Pause Young (Allocation Failure) 166M->8M(497M) 1.192ms
[16.953s][info][gc,cpu         ] GC(179) User=0.00s Sys=0.00s Real=0.00s
[17.061s][info][gc,start       ] GC(180) Pause Young (Allocation Failure)
[17.063s][info][gc,heap        ] GC(180) PSYoungGen: 159200K(159232K)->1024K(155136K) Eden: 158208K(158208K)->0K(154112K) From: 992K(1024K)->1024K(1024K)
[17.063s][info][gc,heap        ] GC(180) ParOldGen: 7450K(349696K)->7490K(349696K)
[17.063s][info][gc,metaspace   ] GC(180) Metaspace: 14336K(15168K)->14336K(15168K) NonClass: 12355K(12800K)->12355K(12800K) Class: 1981K(2368K)->1981K(2368K)
[17.063s][info][gc             ] GC(180) Pause Young (Allocation Failure) 162M->8M(493M) 1.276ms
[17.063s][info][gc,cpu         ] GC(180) User=0.00s Sys=0.00s Real=0.00s
[17.262s][info][gc,start       ] GC(181) Pause Young (Allocation Failure)
[17.264s][info][gc,heap        ] GC(181) PSYoungGen: 155136K(155136K)->1024K(151040K) Eden: 154112K(154112K)->0K(150016K) From: 1024K(1024K)->1024K(1024K)
[17.264s][info][gc,heap        ] GC(181) ParOldGen: 7490K(349696K)->7538K(349696K)
[17.264s][info][gc,metaspace   ] GC(181) Metaspace: 14336K(15168K)->14336K(15168K) NonClass: 12355K(12800K)->12355K(12800K) Class: 1981K(2368K)->1981K(2368K)
[17.264s][info][gc             ] GC(181) Pause Young (Allocation Failure) 158M->8M(489M) 1.897ms
[17.264s][info][gc,cpu         ] GC(181) User=0.00s Sys=0.00s Real=0.00s
[17.377s][info][gc,start       ] GC(182) Pause Young (Allocation Failure)
[17.378s][info][gc,heap        ] GC(182) PSYoungGen: 151040K(151040K)->1024K(147456K) Eden: 150016K(150016K)->0K(146432K) From: 1024K(1024K)->1024K(1024K)
[17.378s][info][gc,heap        ] GC(182) ParOldGen: 7538K(349696K)->7578K(349696K)
[17.378s][info][gc,metaspace   ] GC(182) Metaspace: 14336K(15168K)->14336K(15168K) NonClass: 12355K(12800K)->12355K(12800K) Class: 1981K(2368K)->1981K(2368K)
[17.379s][info][gc             ] GC(182) Pause Young (Allocation Failure) 154M->8M(485M) 1.180ms
[17.379s][info][gc,cpu         ] GC(182) User=0.00s Sys=0.00s Real=0.00s
[17.481s][info][gc,start       ] GC(183) Pause Young (Allocation Failure)
[17.482s][info][gc,heap        ] GC(183) PSYoungGen: 147456K(147456K)->1024K(143872K) Eden: 146432K(146432K)->0K(142848K) From: 1024K(1024K)->1024K(1024K)
[17.482s][info][gc,heap        ] GC(183) ParOldGen: 7578K(349696K)->7634K(349696K)
[17.482s][info][gc,metaspace   ] GC(183) Metaspace: 14336K(15168K)->14336K(15168K) NonClass: 12355K(12800K)->12355K(12800K) Class: 1981K(2368K)->1981K(2368K)
[17.482s][info][gc             ] GC(183) Pause Young (Allocation Failure) 151M->8M(482M) 1.111ms
[17.482s][info][gc,cpu         ] GC(183) User=0.00s Sys=0.00s Real=0.00s
[17.583s][info][gc,start       ] GC(184) Pause Young (Allocation Failure)
[17.584s][info][gc,heap        ] GC(184) PSYoungGen: 143872K(143872K)->1024K(140288K) Eden: 142848K(142848K)->0K(139264K) From: 1024K(1024K)->1024K(1024K)
[17.584s][info][gc,heap        ] GC(184) ParOldGen: 7634K(349696K)->7690K(349696K)
[17.584s][info][gc,metaspace   ] GC(184) Metaspace: 14336K(15168K)->14336K(15168K) NonClass: 12355K(12800K)->12355K(12800K) Class: 1981K(2368K)->1981K(2368K)
[17.584s][info][gc             ] GC(184) Pause Young (Allocation Failure) 147M->8M(478M) 1.053ms
[17.584s][info][gc,cpu         ] GC(184) User=0.00s Sys=0.00s Real=0.00s
[17.684s][info][gc,start       ] GC(185) Pause Young (Allocation Failure)
[17.684s][info][gc,heap        ] GC(185) PSYoungGen: 140288K(140288K)->992K(137216K) Eden: 139264K(139264K)->0K(136192K) From: 1024K(1024K)->992K(1024K)
[17.684s][info][gc,heap        ] GC(185) ParOldGen: 7690K(349696K)->7738K(349696K)
[17.684s][info][gc,metaspace   ] GC(185) Metaspace: 14336K(15168K)->14336K(15168K) NonClass: 12355K(12800K)->12355K(12800K) Class: 1981K(2368K)->1981K(2368K)
[17.684s][info][gc             ] GC(185) Pause Young (Allocation Failure) 144M->8M(475M) 0.916ms
[17.684s][info][gc,cpu         ] GC(185) User=0.00s Sys=0.00s Real=0.00s
[17.778s][info][gc,start       ] GC(186) Pause Young (Allocation Failure)
[17.779s][info][gc,heap        ] GC(186) PSYoungGen: 137184K(137216K)->992K(134144K) Eden: 136192K(136192K)->0K(133120K) From: 992K(1024K)->992K(1024K)
[17.779s][info][gc,heap        ] GC(186) ParOldGen: 7738K(349696K)->7802K(349696K)
[17.779s][info][gc,metaspace   ] GC(186) Metaspace: 14336K(15168K)->14336K(15168K) NonClass: 12355K(12800K)->12355K(12800K) Class: 1981K(2368K)->1981K(2368K)
[17.779s][info][gc             ] GC(186) Pause Young (Allocation Failure) 141M->8M(472M) 0.992ms
[17.779s][info][gc,cpu         ] GC(186) User=0.00s Sys=0.00s Real=0.00s
[17.876s][info][gc,start       ] GC(187) Pause Young (Allocation Failure)
[17.877s][info][gc,heap        ] GC(187) PSYoungGen: 134112K(134144K)->1024K(131072K) Eden: 133120K(133120K)->0K(130048K) From: 992K(1024K)->1024K(1024K)
[17.877s][info][gc,heap        ] GC(187) ParOldGen: 7802K(349696K)->7850K(349696K)
[17.877s][info][gc,metaspace   ] GC(187) Metaspace: 14336K(15168K)->14336K(15168K) NonClass: 12355K(12800K)->12355K(12800K) Class: 1981K(2368K)->1981K(2368K)
[17.877s][info][gc             ] GC(187) Pause Young (Allocation Failure) 138M->8M(469M) 1.031ms
[17.877s][info][gc,cpu         ] GC(187) User=0.00s Sys=0.00s Real=0.00s
[17.972s][info][gc,start       ] GC(188) Pause Young (Allocation Failure)
[17.973s][info][gc,heap        ] GC(188) PSYoungGen: 131072K(131072K)->992K(128000K) Eden: 130048K(130048K)->0K(126976K) From: 1024K(1024K)->992K(1024K)
[17.973s][info][gc,heap        ] GC(188) ParOldGen: 7850K(349696K)->7890K(349696K)
[17.973s][info][gc,metaspace   ] GC(188) Metaspace: 14336K(15168K)->14336K(15168K) NonClass: 12355K(12800K)->12355K(12800K) Class: 1981K(2368K)->1981K(2368K)
[17.973s][info][gc             ] GC(188) Pause Young (Allocation Failure) 135M->8M(466M) 0.957ms
[17.973s][info][gc,cpu         ] GC(188) User=0.14s Sys=0.02s Real=0.00s
[18.063s][info][gc,start       ] GC(189) Pause Young (Allocation Failure)
[18.064s][info][gc,heap        ] GC(189) PSYoungGen: 127968K(128000K)->992K(124928K) Eden: 126976K(126976K)->0K(123904K) From: 992K(1024K)->992K(1024K)
[18.064s][info][gc,heap        ] GC(189) ParOldGen: 7890K(349696K)->7938K(349696K)
[18.064s][info][gc,metaspace   ] GC(189) Metaspace: 14336K(15168K)->14336K(15168K) NonClass: 12355K(12800K)->12355K(12800K) Class: 1981K(2368K)->1981K(2368K)
[18.064s][info][gc             ] GC(189) Pause Young (Allocation Failure) 132M->8M(463M) 0.859ms
[18.064s][info][gc,cpu         ] GC(189) User=0.00s Sys=0.00s Real=0.00s
[18.148s][info][gc,start       ] GC(190) Pause Young (Allocation Failure)
[18.149s][info][gc,heap        ] GC(190) PSYoungGen: 124896K(124928K)->1024K(122368K) Eden: 123904K(123904K)->0K(121344K) From: 992K(1024K)->1024K(1024K)
[18.149s][info][gc,heap        ] GC(190) ParOldGen: 7938K(349696K)->7970K(349696K)
[18.149s][info][gc,metaspace   ] GC(190) Metaspace: 14336K(15168K)->14336K(15168K) NonClass: 12355K(12800K)->12355K(12800K) Class: 1981K(2368K)->1981K(2368K)
[18.149s][info][gc             ] GC(190) Pause Young (Allocation Failure) 129M->8M(461M) 0.827ms
[18.149s][info][gc,cpu         ] GC(190) User=0.00s Sys=0.00s Real=0.00s
[18.229s][info][gc,start       ] GC(191) Pause Young (Allocation Failure)
[18.230s][info][gc,heap        ] GC(191) PSYoungGen: 122368K(122368K)->992K(119808K) Eden: 121344K(121344K)->0K(118784K) From: 1024K(1024K)->992K(1024K)
[18.230s][info][gc,heap        ] GC(191) ParOldGen: 7970K(349696K)->8010K(349696K)
[18.230s][info][gc,metaspace   ] GC(191) Metaspace: 14336K(15168K)->14336K(15168K) NonClass: 12355K(12800K)->12355K(12800K) Class: 1981K(2368K)->1981K(2368K)
[18.230s][info][gc             ] GC(191) Pause Young (Allocation Failure) 127M->8M(458M) 0.883ms
[18.230s][info][gc,cpu         ] GC(191) User=0.00s Sys=0.00s Real=0.00s
[18.310s][info][gc,start       ] GC(192) Pause Young (Allocation Failure)
[18.311s][info][gc,heap        ] GC(192) PSYoungGen: 119776K(119808K)->928K(117248K) Eden: 118784K(118784K)->0K(116224K) From: 992K(1024K)->928K(1024K)
[18.311s][info][gc,heap        ] GC(192) ParOldGen: 8010K(349696K)->8042K(349696K)
[18.311s][info][gc,metaspace   ] GC(192) Metaspace: 14336K(15168K)->14336K(15168K) NonClass: 12355K(12800K)->12355K(12800K) Class: 1981K(2368K)->1981K(2368K)
[18.311s][info][gc             ] GC(192) Pause Young (Allocation Failure) 124M->8M(456M) 0.887ms
[18.311s][info][gc,cpu         ] GC(192) User=0.00s Sys=0.00s Real=0.00s
[18.391s][info][gc,start       ] GC(193) Pause Young (Allocation Failure)
[18.392s][info][gc,heap        ] GC(193) PSYoungGen: 117152K(117248K)->992K(114688K) Eden: 116224K(116224K)->0K(113664K) From: 928K(1024K)->992K(1024K)
[18.392s][info][gc,heap        ] GC(193) ParOldGen: 8042K(349696K)->8082K(349696K)
[18.392s][info][gc,metaspace   ] GC(193) Metaspace: 14336K(15168K)->14336K(15168K) NonClass: 12355K(12800K)->12355K(12800K) Class: 1981K(2368K)->1981K(2368K)
[18.392s][info][gc             ] GC(193) Pause Young (Allocation Failure) 122M->8M(453M) 0.897ms
[18.392s][info][gc,cpu         ] GC(193) User=0.00s Sys=0.00s Real=0.00s
[18.469s][info][gc,start       ] GC(194) Pause Young (Allocation Failure)
[18.470s][info][gc,heap        ] GC(194) PSYoungGen: 114656K(114688K)->960K(112128K) Eden: 113664K(113664K)->0K(111104K) From: 992K(1024K)->960K(1024K)
[18.470s][info][gc,heap        ] GC(194) ParOldGen: 8082K(349696K)->8114K(349696K)
[18.470s][info][gc,metaspace   ] GC(194) Metaspace: 14336K(15168K)->14336K(15168K) NonClass: 12355K(12800K)->12355K(12800K) Class: 1981K(2368K)->1981K(2368K)
[18.470s][info][gc             ] GC(194) Pause Young (Allocation Failure) 119M->8M(451M) 0.929ms
[18.470s][info][gc,cpu         ] GC(194) User=0.00s Sys=0.00s Real=0.00s
[18.546s][info][gc,start       ] GC(195) Pause Young (Allocation Failure)
[18.547s][info][gc,heap        ] GC(195) PSYoungGen: 112064K(112128K)->1024K(110080K) Eden: 111104K(111104K)->0K(109056K) From: 960K(1024K)->1024K(1024K)
[18.547s][info][gc,heap        ] GC(195) ParOldGen: 8114K(349696K)->8146K(349696K)
[18.547s][info][gc,metaspace   ] GC(195) Metaspace: 14336K(15168K)->14336K(15168K) NonClass: 12355K(12800K)->12355K(12800K) Class: 1981K(2368K)->1981K(2368K)
[18.547s][info][gc             ] GC(195) Pause Young (Allocation Failure) 117M->8M(449M) 0.951ms
[18.547s][info][gc,cpu         ] GC(195) User=0.00s Sys=0.00s Real=0.00s
[18.621s][info][gc,start       ] GC(196) Pause Young (Allocation Failure)
[18.622s][info][gc,heap        ] GC(196) PSYoungGen: 110080K(110080K)->1024K(108032K) Eden: 109056K(109056K)->0K(107008K) From: 1024K(1024K)->1024K(1024K)
[18.622s][info][gc,heap        ] GC(196) ParOldGen: 8146K(349696K)->8202K(349696K)
[18.622s][info][gc,metaspace   ] GC(196) Metaspace: 14336K(15168K)->14336K(15168K) NonClass: 12355K(12800K)->12355K(12800K) Class: 1981K(2368K)->1981K(2368K)
[18.622s][info][gc             ] GC(196) Pause Young (Allocation Failure) 115M->9M(447M) 0.915ms
[18.622s][info][gc,cpu         ] GC(196) User=0.00s Sys=0.00s Real=0.00s
[18.694s][info][gc,start       ] GC(197) Pause Young (Allocation Failure)
[18.695s][info][gc,heap        ] GC(197) PSYoungGen: 108032K(108032K)->1024K(105984K) Eden: 107008K(107008K)->0K(104960K) From: 1024K(1024K)->1024K(1024K)
[18.695s][info][gc,heap        ] GC(197) ParOldGen: 8202K(349696K)->8258K(349696K)
[18.695s][info][gc,metaspace   ] GC(197) Metaspace: 14336K(15168K)->14336K(15168K) NonClass: 12355K(12800K)->12355K(12800K) Class: 1981K(2368K)->1981K(2368K)
[18.695s][info][gc             ] GC(197) Pause Young (Allocation Failure) 113M->9M(445M) 0.954ms
[18.695s][info][gc,cpu         ] GC(197) User=0.00s Sys=0.00s Real=0.00s
[18.765s][info][gc,start       ] GC(198) Pause Young (Allocation Failure)
[18.766s][info][gc,heap        ] GC(198) PSYoungGen: 105984K(105984K)->1024K(103936K) Eden: 104960K(104960K)->0K(102912K) From: 1024K(1024K)->1024K(1024K)
[18.766s][info][gc,heap        ] GC(198) ParOldGen: 8258K(349696K)->8290K(349696K)
[18.766s][info][gc,metaspace   ] GC(198) Metaspace: 14336K(15168K)->14336K(15168K) NonClass: 12355K(12800K)->12355K(12800K) Class: 1981K(2368K)->1981K(2368K)
[18.766s][info][gc             ] GC(198) Pause Young (Allocation Failure) 111M->9M(443M) 0.961ms
[18.766s][info][gc,cpu         ] GC(198) User=0.00s Sys=0.00s Real=0.00s
[18.837s][info][gc,start       ] GC(199) Pause Young (Allocation Failure)
[18.838s][info][gc,heap        ] GC(199) PSYoungGen: 103936K(103936K)->1024K(101888K) Eden: 102912K(102912K)->0K(100864K) From: 1024K(1024K)->1024K(1024K)
[18.838s][info][gc,heap        ] GC(199) ParOldGen: 8290K(349696K)->8322K(349696K)
[18.838s][info][gc,metaspace   ] GC(199) Metaspace: 14336K(15168K)->14336K(15168K) NonClass: 12355K(12800K)->12355K(12800K) Class: 1981K(2368K)->1981K(2368K)
[18.838s][info][gc             ] GC(199) Pause Young (Allocation Failure) 109M->9M(441M) 0.976ms
[18.838s][info][gc,cpu         ] GC(199) User=0.00s Sys=0.00s Real=0.00s
[18.907s][info][gc,start       ] GC(200) Pause Young (Allocation Failure)
[18.908s][info][gc,heap        ] GC(200) PSYoungGen: 101888K(101888K)->1024K(122368K) Eden: 100864K(100864K)->0K(121344K) From: 1024K(1024K)->1024K(1024K)
[18.908s][info][gc,heap        ] GC(200) ParOldGen: 8322K(349696K)->8362K(349696K)
[18.908s][info][gc,metaspace   ] GC(200) Metaspace: 14336K(15168K)->14336K(15168K) NonClass: 12355K(12800K)->12355K(12800K) Class: 1981K(2368K)->1981K(2368K)
[18.908s][info][gc             ] GC(200) Pause Young (Allocation Failure) 107M->9M(461M) 0.984ms
[18.908s][info][gc,cpu         ] GC(200) User=0.00s Sys=0.00s Real=0.00s
[18.990s][info][gc,start       ] GC(201) Pause Young (Allocation Failure)
[18.991s][info][gc,heap        ] GC(201) PSYoungGen: 122368K(122368K)->1024K(146944K) Eden: 121344K(121344K)->0K(145920K) From: 1024K(1024K)->1024K(1024K)
[18.991s][info][gc,heap        ] GC(201) ParOldGen: 8362K(349696K)->8394K(349696K)
[18.991s][info][gc,metaspace   ] GC(201) Metaspace: 14336K(15168K)->14336K(15168K) NonClass: 12355K(12800K)->12355K(12800K) Class: 1981K(2368K)->1981K(2368K)
[18.991s][info][gc             ] GC(201) Pause Young (Allocation Failure) 127M->9M(485M) 1.033ms
[18.991s][info][gc,cpu         ] GC(201) User=0.00s Sys=0.00s Real=0.00s
[19.091s][info][gc,start       ] GC(202) Pause Young (Allocation Failure)
[19.092s][info][gc,heap        ] GC(202) PSYoungGen: 146944K(146944K)->1024K(143360K) Eden: 145920K(145920K)->0K(142336K) From: 1024K(1024K)->1024K(1024K)
[19.092s][info][gc,heap        ] GC(202) ParOldGen: 8394K(349696K)->8442K(349696K)
[19.092s][info][gc,metaspace   ] GC(202) Metaspace: 14336K(15168K)->14336K(15168K) NonClass: 12355K(12800K)->12355K(12800K) Class: 1981K(2368K)->1981K(2368K)
[19.092s][info][gc             ] GC(202) Pause Young (Allocation Failure) 151M->9M(481M) 1.076ms
[19.092s][info][gc,cpu         ] GC(202) User=0.00s Sys=0.00s Real=0.00s
[19.188s][info][gc,start       ] GC(203) Pause Young (Allocation Failure)
[19.189s][info][gc,heap        ] GC(203) PSYoungGen: 143360K(143360K)->1024K(139776K) Eden: 142336K(142336K)->0K(138752K) From: 1024K(1024K)->1024K(1024K)
[19.189s][info][gc,heap        ] GC(203) ParOldGen: 8442K(349696K)->8498K(349696K)
[19.189s][info][gc,metaspace   ] GC(203) Metaspace: 14336K(15168K)->14336K(15168K) NonClass: 12355K(12800K)->12355K(12800K) Class: 1981K(2368K)->1981K(2368K)
[19.189s][info][gc             ] GC(203) Pause Young (Allocation Failure) 148M->9M(478M) 1.054ms
[19.189s][info][gc,cpu         ] GC(203) User=0.00s Sys=0.00s Real=0.00s
[19.284s][info][gc,start       ] GC(204) Pause Young (Allocation Failure)
[19.285s][info][gc,heap        ] GC(204) PSYoungGen: 139776K(139776K)->1024K(136704K) Eden: 138752K(138752K)->0K(135680K) From: 1024K(1024K)->1024K(1024K)
[19.285s][info][gc,heap        ] GC(204) ParOldGen: 8498K(349696K)->8530K(349696K)
[19.285s][info][gc,metaspace   ] GC(204) Metaspace: 14336K(15168K)->14336K(15168K) NonClass: 12355K(12800K)->12355K(12800K) Class: 1981K(2368K)->1981K(2368K)
[19.285s][info][gc             ] GC(204) Pause Young (Allocation Failure) 144M->9M(475M) 1.102ms
[19.285s][info][gc,cpu         ] GC(204) User=0.00s Sys=0.00s Real=0.00s
[19.376s][info][gc,start       ] GC(205) Pause Young (Allocation Failure)
[19.377s][info][gc,heap        ] GC(205) PSYoungGen: 136704K(136704K)->1024K(133632K) Eden: 135680K(135680K)->0K(132608K) From: 1024K(1024K)->1024K(1024K)
[19.377s][info][gc,heap        ] GC(205) ParOldGen: 8530K(349696K)->8578K(349696K)
[19.377s][info][gc,metaspace   ] GC(205) Metaspace: 14336K(15168K)->14336K(15168K) NonClass: 12355K(12800K)->12355K(12800K) Class: 1981K(2368K)->1981K(2368K)
[19.377s][info][gc             ] GC(205) Pause Young (Allocation Failure) 141M->9M(472M) 1.133ms
[19.377s][info][gc,cpu         ] GC(205) User=0.00s Sys=0.00s Real=0.00s
[19.467s][info][gc,start       ] GC(206) Pause Young (Allocation Failure)
[19.468s][info][gc,heap        ] GC(206) PSYoungGen: 133632K(133632K)->1024K(130560K) Eden: 132608K(132608K)->0K(129536K) From: 1024K(1024K)->1024K(1024K)
[19.468s][info][gc,heap        ] GC(206) ParOldGen: 8578K(349696K)->8618K(349696K)
[19.468s][info][gc,metaspace   ] GC(206) Metaspace: 14336K(15168K)->14336K(15168K) NonClass: 12355K(12800K)->12355K(12800K) Class: 1981K(2368K)->1981K(2368K)
[19.468s][info][gc             ] GC(206) Pause Young (Allocation Failure) 138M->9M(469M) 1.130ms
[19.468s][info][gc,cpu         ] GC(206) User=0.00s Sys=0.00s Real=0.00s
[19.557s][info][gc,start       ] GC(207) Pause Young (Allocation Failure)
[19.558s][info][gc,heap        ] GC(207) PSYoungGen: 130560K(130560K)->992K(127488K) Eden: 129536K(129536K)->0K(126464K) From: 1024K(1024K)->992K(1024K)
[19.558s][info][gc,heap        ] GC(207) ParOldGen: 8618K(349696K)->8658K(349696K)
[19.558s][info][gc,metaspace   ] GC(207) Metaspace: 14336K(15168K)->14336K(15168K) NonClass: 12355K(12800K)->12355K(12800K) Class: 1981K(2368K)->1981K(2368K)
[19.558s][info][gc             ] GC(207) Pause Young (Allocation Failure) 135M->9M(466M) 1.155ms
[19.558s][info][gc,cpu         ] GC(207) User=0.00s Sys=0.00s Real=0.00s
[19.641s][info][gc,start       ] GC(208) Pause Young (Allocation Failure)
[19.642s][info][gc,heap        ] GC(208) PSYoungGen: 127456K(127488K)->1024K(153088K) Eden: 126464K(126464K)->0K(151552K) From: 992K(1024K)->1024K(1536K)
[19.642s][info][gc,heap        ] GC(208) ParOldGen: 8658K(349696K)->8706K(349696K)
[19.642s][info][gc,metaspace   ] GC(208) Metaspace: 14336K(15168K)->14336K(15168K) NonClass: 12355K(12800K)->12355K(12800K) Class: 1981K(2368K)->1981K(2368K)
[19.642s][info][gc             ] GC(208) Pause Young (Allocation Failure) 132M->9M(491M) 1.079ms
[19.642s][info][gc,cpu         ] GC(208) User=0.00s Sys=0.00s Real=0.00s
[19.743s][info][gc,start       ] GC(209) Pause Young (Allocation Failure)
[19.744s][info][gc,heap        ] GC(209) PSYoungGen: 152576K(153088K)->1024K(153600K) Eden: 151552K(151552K)->0K(152064K) From: 1024K(1536K)->1024K(1536K)
[19.744s][info][gc,heap        ] GC(209) ParOldGen: 8706K(349696K)->8746K(349696K)
[19.744s][info][gc,metaspace   ] GC(209) Metaspace: 14336K(15168K)->14336K(15168K) NonClass: 12355K(12800K)->12355K(12800K) Class: 1981K(2368K)->1981K(2368K)
[19.744s][info][gc             ] GC(209) Pause Young (Allocation Failure) 157M->9M(491M) 1.195ms
[19.744s][info][gc,cpu         ] GC(209) User=0.00s Sys=0.00s Real=0.00s
[19.846s][info][gc,start       ] GC(210) Pause Young (Allocation Failure)
[19.847s][info][gc,heap        ] GC(210) PSYoungGen: 153088K(153600K)->928K(153600K) Eden: 152064K(152064K)->0K(152064K) From: 1024K(1536K)->928K(1536K)
[19.847s][info][gc,heap        ] GC(210) ParOldGen: 8746K(349696K)->8794K(349696K)
[19.847s][info][gc,metaspace   ] GC(210) Metaspace: 14336K(15168K)->14336K(15168K) NonClass: 12355K(12800K)->12355K(12800K) Class: 1981K(2368K)->1981K(2368K)
[19.847s][info][gc             ] GC(210) Pause Young (Allocation Failure) 158M->9M(491M) 1.158ms
[19.847s][info][gc,cpu         ] GC(210) User=0.00s Sys=0.00s Real=0.00s
[19.950s][info][gc,start       ] GC(211) Pause Young (Allocation Failure)
[19.951s][info][gc,heap        ] GC(211) PSYoungGen: 152992K(153600K)->1056K(173056K) Eden: 152064K(152064K)->0K(171520K) From: 928K(1536K)->1056K(1536K)
[19.951s][info][gc,heap        ] GC(211) ParOldGen: 8794K(349696K)->8818K(349696K)
[19.951s][info][gc,metaspace   ] GC(211) Metaspace: 14336K(15168K)->14336K(15168K) NonClass: 12355K(12800K)->12355K(12800K) Class: 1981K(2368K)->1981K(2368K)
[19.951s][info][gc             ] GC(211) Pause Young (Allocation Failure) 157M->9M(510M) 1.181ms
[19.951s][info][gc,cpu         ] GC(211) User=0.00s Sys=0.00s Real=0.00s
[20.067s][info][gc,start       ] GC(212) Pause Young (Allocation Failure)
[20.068s][info][gc,heap        ] GC(212) PSYoungGen: 172576K(173056K)->1024K(167936K) Eden: 171520K(171520K)->0K(166912K) From: 1056K(1536K)->1024K(1024K)
[20.068s][info][gc,heap        ] GC(212) ParOldGen: 8818K(349696K)->8850K(349696K)
[20.069s][info][gc,metaspace   ] GC(212) Metaspace: 14336K(15168K)->14336K(15168K) NonClass: 12355K(12800K)->12355K(12800K) Class: 1981K(2368K)->1981K(2368K)
[20.069s][info][gc             ] GC(212) Pause Young (Allocation Failure) 177M->9M(505M) 1.211ms
[20.069s][info][gc,cpu         ] GC(212) User=0.00s Sys=0.00s Real=0.00s
[20.183s][info][gc,start       ] GC(213) Pause Young (Allocation Failure)
[20.184s][info][gc,heap        ] GC(213) PSYoungGen: 167935K(167936K)->1024K(163328K) Eden: 166911K(166912K)->0K(162304K) From: 1024K(1024K)->1024K(1024K)
[20.184s][info][gc,heap        ] GC(213) ParOldGen: 8850K(349696K)->8906K(349696K)
[20.184s][info][gc,metaspace   ] GC(213) Metaspace: 14336K(15168K)->14336K(15168K) NonClass: 12355K(12800K)->12355K(12800K) Class: 1981K(2368K)->1981K(2368K)
[20.184s][info][gc             ] GC(213) Pause Young (Allocation Failure) 172M->9M(501M) 1.244ms
[20.184s][info][gc,cpu         ] GC(213) User=0.00s Sys=0.00s Real=0.00s
[20.294s][info][gc,start       ] GC(214) Pause Young (Allocation Failure)
[20.295s][info][gc,heap        ] GC(214) PSYoungGen: 163328K(163328K)->1056K(159744K) Eden: 162304K(162304K)->0K(158208K) From: 1024K(1024K)->1056K(1536K)
[20.295s][info][gc,heap        ] GC(214) ParOldGen: 8906K(349696K)->8970K(349696K)
[20.295s][info][gc,metaspace   ] GC(214) Metaspace: 14336K(15168K)->14336K(15168K) NonClass: 12355K(12800K)->12355K(12800K) Class: 1981K(2368K)->1981K(2368K)
[20.295s][info][gc             ] GC(214) Pause Young (Allocation Failure) 168M->9M(497M) 1.250ms
[20.295s][info][gc,cpu         ] GC(214) User=0.00s Sys=0.00s Real=0.00s
[20.403s][info][gc,start       ] GC(215) Pause Young (Allocation Failure)
[20.404s][info][gc,heap        ] GC(215) PSYoungGen: 159263K(159744K)->1024K(155136K) Eden: 158207K(158208K)->0K(154112K) From: 1056K(1536K)->1024K(1024K)
[20.404s][info][gc,heap        ] GC(215) ParOldGen: 8970K(349696K)->9026K(349696K)
[20.404s][info][gc,metaspace   ] GC(215) Metaspace: 14336K(15168K)->14336K(15168K) NonClass: 12355K(12800K)->12355K(12800K) Class: 1981K(2368K)->1981K(2368K)
[20.404s][info][gc             ] GC(215) Pause Young (Allocation Failure) 164M->9M(493M) 1.244ms
[20.404s][info][gc,cpu         ] GC(215) User=0.00s Sys=0.00s Real=0.00s
[20.509s][info][gc,start       ] GC(216) Pause Young (Allocation Failure)
[20.510s][info][gc,heap        ] GC(216) PSYoungGen: 155136K(155136K)->1024K(171520K) Eden: 154112K(154112K)->0K(169984K) From: 1024K(1024K)->1024K(1536K)
[20.510s][info][gc,heap        ] GC(216) ParOldGen: 9026K(349696K)->9090K(349696K)
[20.510s][info][gc,metaspace   ] GC(216) Metaspace: 14336K(15168K)->14336K(15168K) NonClass: 12355K(12800K)->12355K(12800K) Class: 1981K(2368K)->1981K(2368K)
[20.510s][info][gc             ] GC(216) Pause Young (Allocation Failure) 160M->9M(509M) 1.273ms
[20.510s][info][gc,cpu         ] GC(216) User=0.00s Sys=0.00s Real=0.00s
[20.627s][info][gc,start       ] GC(217) Pause Young (Allocation Failure)
[20.662s][info][gc,heap        ] GC(217) PSYoungGen: 171008K(171520K)->1056K(173056K) Eden: 169984K(169984K)->0K(171520K) From: 1024K(1536K)->1056K(1536K)
[20.662s][info][gc,heap        ] GC(217) ParOldGen: 9090K(349696K)->9122K(349696K)
[20.662s][info][gc,metaspace   ] GC(217) Metaspace: 14336K(15168K)->14336K(15168K) NonClass: 12355K(12800K)->12355K(12800K) Class: 1981K(2368K)->1981K(2368K)
[20.662s][info][gc             ] GC(217) Pause Young (Allocation Failure) 175M->9M(510M) 35.190ms
[20.662s][info][gc,cpu         ] GC(217) User=0.33s Sys=0.03s Real=0.03s
[20.787s][info][gc,start       ] GC(218) Pause Young (Allocation Failure)
[20.789s][info][gc,heap        ] GC(218) PSYoungGen: 172576K(173056K)->1024K(167936K) Eden: 171520K(171520K)->0K(166912K) From: 1056K(1536K)->1024K(1024K)
[20.789s][info][gc,heap        ] GC(218) ParOldGen: 9122K(349696K)->9202K(349696K)
[20.789s][info][gc,metaspace   ] GC(218) Metaspace: 14336K(15168K)->14336K(15168K) NonClass: 12355K(12800K)->12355K(12800K) Class: 1981K(2368K)->1981K(2368K)
[20.789s][info][gc             ] GC(218) Pause Young (Allocation Failure) 177M->9M(505M) 1.329ms
[20.789s][info][gc,cpu         ] GC(218) User=0.00s Sys=0.00s Real=0.00s
[20.905s][info][gc,start       ] GC(219) Pause Young (Allocation Failure)
[20.907s][info][gc,heap        ] GC(219) PSYoungGen: 167936K(167936K)->1024K(172032K) Eden: 166912K(166912K)->0K(171008K) From: 1024K(1024K)->1024K(1024K)
[20.907s][info][gc,heap        ] GC(219) ParOldGen: 9202K(349696K)->9274K(349696K)
[20.907s][info][gc,metaspace   ] GC(219) Metaspace: 14336K(15168K)->14336K(15168K) NonClass: 12355K(12800K)->12355K(12800K) Class: 1981K(2368K)->1981K(2368K)
[20.907s][info][gc             ] GC(219) Pause Young (Allocation Failure) 172M->10M(509M) 1.387ms
[20.907s][info][gc,cpu         ] GC(219) User=0.00s Sys=0.00s Real=0.00s
[21.115s][info][gc,start       ] GC(220) Pause Young (Allocation Failure)
[21.117s][info][gc,heap        ] GC(220) PSYoungGen: 172032K(172032K)->1056K(167936K) Eden: 171008K(171008K)->0K(166400K) From: 1024K(1024K)->1056K(1536K)
[21.117s][info][gc,heap        ] GC(220) ParOldGen: 9274K(349696K)->9322K(349696K)
[21.117s][info][gc,metaspace   ] GC(220) Metaspace: 14336K(15168K)->14336K(15168K) NonClass: 12355K(12800K)->12355K(12800K) Class: 1981K(2368K)->1981K(2368K)
[21.117s][info][gc             ] GC(220) Pause Young (Allocation Failure) 177M->10M(505M) 2.031ms
[21.117s][info][gc,cpu         ] GC(220) User=0.00s Sys=0.00s Real=0.00s
[21.243s][info][gc,start       ] GC(221) Pause Young (Allocation Failure)
[21.244s][info][gc,heap        ] GC(221) PSYoungGen: 167456K(167936K)->512K(162304K) Eden: 166400K(166400K)->0K(161792K) From: 1056K(1536K)->512K(512K)
[21.244s][info][gc,heap        ] GC(221) ParOldGen: 9322K(349696K)->9490K(349696K)
[21.244s][info][gc,metaspace   ] GC(221) Metaspace: 14336K(15168K)->14336K(15168K) NonClass: 12355K(12800K)->12355K(12800K) Class: 1981K(2368K)->1981K(2368K)
[21.244s][info][gc             ] GC(221) Pause Young (Allocation Failure) 172M->9M(500M) 1.231ms
[21.244s][info][gc,cpu         ] GC(221) User=0.00s Sys=0.00s Real=0.00s
[21.357s][info][gc,start       ] GC(222) Pause Young (Allocation Failure)
[21.359s][info][gc,heap        ] GC(222) PSYoungGen: 162304K(162304K)->1024K(159232K) Eden: 161792K(161792K)->0K(157696K) From: 512K(512K)->1024K(1536K)
[21.359s][info][gc,heap        ] GC(222) ParOldGen: 9490K(349696K)->9562K(349696K)
[21.359s][info][gc,metaspace   ] GC(222) Metaspace: 14336K(15168K)->14336K(15168K) NonClass: 12355K(12800K)->12355K(12800K) Class: 1981K(2368K)->1981K(2368K)
[21.359s][info][gc             ] GC(222) Pause Young (Allocation Failure) 167M->10M(497M) 1.178ms
[21.359s][info][gc,cpu         ] GC(222) User=0.00s Sys=0.00s Real=0.00s
[21.470s][info][gc,start       ] GC(223) Pause Young (Allocation Failure)
[21.471s][info][gc,heap        ] GC(223) PSYoungGen: 158719K(159232K)->992K(154624K) Eden: 157695K(157696K)->0K(153600K) From: 1024K(1536K)->992K(1024K)
[21.471s][info][gc,heap        ] GC(223) ParOldGen: 9562K(349696K)->9650K(349696K)
[21.471s][info][gc,metaspace   ] GC(223) Metaspace: 14336K(15168K)->14336K(15168K) NonClass: 12355K(12800K)->12355K(12800K) Class: 1981K(2368K)->1981K(2368K)
[21.471s][info][gc             ] GC(223) Pause Young (Allocation Failure) 164M->10M(492M) 1.131ms
[21.471s][info][gc,cpu         ] GC(223) User=0.00s Sys=0.00s Real=0.00s
[21.586s][info][gc,start       ] GC(224) Pause Young (Allocation Failure)
[21.588s][info][gc,heap        ] GC(224) PSYoungGen: 154592K(154624K)->1024K(150528K) Eden: 153600K(153600K)->0K(149504K) From: 992K(1024K)->1024K(1024K)
[21.588s][info][gc,heap        ] GC(224) ParOldGen: 9650K(349696K)->9706K(349696K)
[21.588s][info][gc,metaspace   ] GC(224) Metaspace: 14336K(15168K)->14336K(15168K) NonClass: 12355K(12800K)->12355K(12800K) Class: 1981K(2368K)->1981K(2368K)
[21.588s][info][gc             ] GC(224) Pause Young (Allocation Failure) 160M->10M(488M) 1.126ms
[21.588s][info][gc,cpu         ] GC(224) User=0.00s Sys=0.00s Real=0.00s
[21.695s][info][gc,start       ] GC(225) Pause Young (Allocation Failure)
[21.696s][info][gc,heap        ] GC(225) PSYoungGen: 150528K(150528K)->1024K(146944K) Eden: 149504K(149504K)->0K(145920K) From: 1024K(1024K)->1024K(1024K)
[21.696s][info][gc,heap        ] GC(225) ParOldGen: 9706K(349696K)->9754K(349696K)
[21.696s][info][gc,metaspace   ] GC(225) Metaspace: 14336K(15168K)->14336K(15168K) NonClass: 12355K(12800K)->12355K(12800K) Class: 1981K(2368K)->1981K(2368K)
[21.696s][info][gc             ] GC(225) Pause Young (Allocation Failure) 156M->10M(485M) 0.979ms
[21.696s][info][gc,cpu         ] GC(225) User=0.00s Sys=0.00s Real=0.00s
[21.804s][info][gc,start       ] GC(226) Pause Young (Allocation Failure)
[21.805s][info][gc,heap        ] GC(226) PSYoungGen: 146944K(146944K)->1024K(143360K) Eden: 145920K(145920K)->0K(142336K) From: 1024K(1024K)->1024K(1024K)
[21.805s][info][gc,heap        ] GC(226) ParOldGen: 9754K(349696K)->9810K(349696K)
[21.805s][info][gc,metaspace   ] GC(226) Metaspace: 14336K(15168K)->14336K(15168K) NonClass: 12355K(12800K)->12355K(12800K) Class: 1981K(2368K)->1981K(2368K)
[21.805s][info][gc             ] GC(226) Pause Young (Allocation Failure) 153M->10M(481M) 0.849ms
[21.805s][info][gc,cpu         ] GC(226) User=0.00s Sys=0.00s Real=0.00s
[21.899s][info][gc,start       ] GC(227) Pause Young (Allocation Failure)
[21.900s][info][gc,heap        ] GC(227) PSYoungGen: 143360K(143360K)->960K(139776K) Eden: 142336K(142336K)->0K(138752K) From: 1024K(1024K)->960K(1024K)
[21.900s][info][gc,heap        ] GC(227) ParOldGen: 9810K(349696K)->9866K(349696K)
[21.900s][info][gc,metaspace   ] GC(227) Metaspace: 14336K(15168K)->14336K(15168K) NonClass: 12355K(12800K)->12355K(12800K) Class: 1981K(2368K)->1981K(2368K)
[21.900s][info][gc             ] GC(227) Pause Young (Allocation Failure) 149M->10M(478M) 0.952ms
[21.900s][info][gc,cpu         ] GC(227) User=0.00s Sys=0.00s Real=0.00s
[21.996s][info][gc,start       ] GC(228) Pause Young (Allocation Failure)
[21.996s][info][gc,heap        ] GC(228) PSYoungGen: 139712K(139776K)->1024K(136704K) Eden: 138752K(138752K)->0K(135680K) From: 960K(1024K)->1024K(1024K)
[21.996s][info][gc,heap        ] GC(228) ParOldGen: 9866K(349696K)->9906K(349696K)
[21.996s][info][gc,metaspace   ] GC(228) Metaspace: 14336K(15168K)->14336K(15168K) NonClass: 12355K(12800K)->12355K(12800K) Class: 1981K(2368K)->1981K(2368K)
[21.996s][info][gc             ] GC(228) Pause Young (Allocation Failure) 146M->10M(475M) 0.934ms
[21.996s][info][gc,cpu         ] GC(228) User=0.00s Sys=0.00s Real=0.00s
[22.087s][info][gc,start       ] GC(229) Pause Young (Allocation Failure)
[22.088s][info][gc,heap        ] GC(229) PSYoungGen: 136704K(136704K)->1024K(133632K) Eden: 135680K(135680K)->0K(132608K) From: 1024K(1024K)->1024K(1024K)
[22.088s][info][gc,heap        ] GC(229) ParOldGen: 9906K(349696K)->9954K(349696K)
[22.088s][info][gc,metaspace   ] GC(229) Metaspace: 14336K(15168K)->14336K(15168K) NonClass: 12355K(12800K)->12355K(12800K) Class: 1981K(2368K)->1981K(2368K)
[22.088s][info][gc             ] GC(229) Pause Young (Allocation Failure) 143M->10M(472M) 0.996ms
[22.088s][info][gc,cpu         ] GC(229) User=0.00s Sys=0.00s Real=0.00s
[22.178s][info][gc,start       ] GC(230) Pause Young (Allocation Failure)
[22.179s][info][gc,heap        ] GC(230) PSYoungGen: 133632K(133632K)->1024K(130560K) Eden: 132608K(132608K)->0K(129536K) From: 1024K(1024K)->1024K(1024K)
[22.179s][info][gc,heap        ] GC(230) ParOldGen: 9954K(349696K)->9978K(349696K)
[22.179s][info][gc,metaspace   ] GC(230) Metaspace: 14336K(15168K)->14336K(15168K) NonClass: 12355K(12800K)->12355K(12800K) Class: 1981K(2368K)->1981K(2368K)
[22.179s][info][gc             ] GC(230) Pause Young (Allocation Failure) 140M->10M(469M) 0.989ms
[22.179s][info][gc,cpu         ] GC(230) User=0.00s Sys=0.00s Real=0.00s
[22.267s][info][gc,start       ] GC(231) Pause Young (Allocation Failure)
[22.268s][info][gc,heap        ] GC(231) PSYoungGen: 130560K(130560K)->992K(127488K) Eden: 129536K(129536K)->0K(126464K) From: 1024K(1024K)->992K(1024K)
[22.268s][info][gc,heap        ] GC(231) ParOldGen: 9978K(349696K)->10010K(349696K)
[22.268s][info][gc,metaspace   ] GC(231) Metaspace: 14336K(15168K)->14336K(15168K) NonClass: 12355K(12800K)->12355K(12800K) Class: 1981K(2368K)->1981K(2368K)
[22.268s][info][gc             ] GC(231) Pause Young (Allocation Failure) 137M->10M(466M) 1.014ms
[22.268s][info][gc,cpu         ] GC(231) User=0.00s Sys=0.00s Real=0.00s
[22.354s][info][gc,start       ] GC(232) Pause Young (Allocation Failure)
[22.354s][info][gc,heap        ] GC(232) PSYoungGen: 127456K(127488K)->1024K(124416K) Eden: 126464K(126464K)->0K(123392K) From: 992K(1024K)->1024K(1024K)
[22.354s][info][gc,heap        ] GC(232) ParOldGen: 10010K(349696K)->10042K(349696K)
[22.354s][info][gc,metaspace   ] GC(232) Metaspace: 14336K(15168K)->14336K(15168K) NonClass: 12355K(12800K)->12355K(12800K) Class: 1981K(2368K)->1981K(2368K)
[22.355s][info][gc             ] GC(232) Pause Young (Allocation Failure) 134M->10M(463M) 0.980ms
[22.355s][info][gc,cpu         ] GC(232) User=0.00s Sys=0.00s Real=0.00s
[22.439s][info][gc,start       ] GC(233) Pause Young (Allocation Failure)
[22.440s][info][gc,heap        ] GC(233) PSYoungGen: 124416K(124416K)->1024K(121856K) Eden: 123392K(123392K)->0K(120832K) From: 1024K(1024K)->1024K(1024K)
[22.440s][info][gc,heap        ] GC(233) ParOldGen: 10042K(349696K)->10082K(349696K)
[22.440s][info][gc,metaspace   ] GC(233) Metaspace: 14336K(15168K)->14336K(15168K) NonClass: 12355K(12800K)->12355K(12800K) Class: 1981K(2368K)->1981K(2368K)
[22.440s][info][gc             ] GC(233) Pause Young (Allocation Failure) 131M->10M(460M) 1.026ms
[22.440s][info][gc,cpu         ] GC(233) User=0.00s Sys=0.00s Real=0.00s
[22.520s][info][gc,start       ] GC(234) Pause Young (Allocation Failure)
[22.521s][info][gc,heap        ] GC(234) PSYoungGen: 121856K(121856K)->1024K(119296K) Eden: 120832K(120832K)->0K(118272K) From: 1024K(1024K)->1024K(1024K)
[22.521s][info][gc,heap        ] GC(234) ParOldGen: 10082K(349696K)->10122K(349696K)
[22.521s][info][gc,metaspace   ] GC(234) Metaspace: 14336K(15168K)->14336K(15168K) NonClass: 12355K(12800K)->12355K(12800K) Class: 1981K(2368K)->1981K(2368K)
[22.521s][info][gc             ] GC(234) Pause Young (Allocation Failure) 128M->10M(458M) 1.016ms
[22.521s][info][gc,cpu         ] GC(234) User=0.00s Sys=0.00s Real=0.00s
[22.601s][info][gc,start       ] GC(235) Pause Young (Allocation Failure)
[22.602s][info][gc,heap        ] GC(235) PSYoungGen: 119296K(119296K)->1024K(116736K) Eden: 118272K(118272K)->0K(115712K) From: 1024K(1024K)->1024K(1024K)
[22.602s][info][gc,heap        ] GC(235) ParOldGen: 10122K(349696K)->10154K(349696K)
[22.602s][info][gc,metaspace   ] GC(235) Metaspace: 14336K(15168K)->14336K(15168K) NonClass: 12355K(12800K)->12355K(12800K) Class: 1981K(2368K)->1981K(2368K)
[22.602s][info][gc             ] GC(235) Pause Young (Allocation Failure) 126M->10M(455M) 1.036ms
[22.602s][info][gc,cpu         ] GC(235) User=0.00s Sys=0.00s Real=0.00s
[22.680s][info][gc,start       ] GC(236) Pause Young (Allocation Failure)
[22.681s][info][gc,heap        ] GC(236) PSYoungGen: 116736K(116736K)->1024K(114176K) Eden: 115712K(115712K)->0K(113152K) From: 1024K(1024K)->1024K(1024K)
[22.681s][info][gc,heap        ] GC(236) ParOldGen: 10154K(349696K)->10186K(349696K)
[22.681s][info][gc,metaspace   ] GC(236) Metaspace: 14336K(15168K)->14336K(15168K) NonClass: 12355K(12800K)->12355K(12800K) Class: 1981K(2368K)->1981K(2368K)
[22.681s][info][gc             ] GC(236) Pause Young (Allocation Failure) 123M->10M(453M) 1.065ms
[22.681s][info][gc,cpu         ] GC(236) User=0.00s Sys=0.00s Real=0.00s
[22.758s][info][gc,start       ] GC(237) Pause Young (Allocation Failure)
[22.759s][info][gc,heap        ] GC(237) PSYoungGen: 114176K(114176K)->1024K(137216K) Eden: 113152K(113152K)->0K(136192K) From: 1024K(1024K)->1024K(1024K)
[22.759s][info][gc,heap        ] GC(237) ParOldGen: 10186K(349696K)->10218K(349696K)
[22.759s][info][gc,metaspace   ] GC(237) Metaspace: 14336K(15168K)->14336K(15168K) NonClass: 12355K(12800K)->12355K(12800K) Class: 1981K(2368K)->1981K(2368K)
[22.759s][info][gc             ] GC(237) Pause Young (Allocation Failure) 121M->10M(475M) 1.055ms
[22.759s][info][gc,cpu         ] GC(237) User=0.00s Sys=0.00s Real=0.00s
[22.850s][info][gc,start       ] GC(238) Pause Young (Allocation Failure)
[22.851s][info][gc,heap        ] GC(238) PSYoungGen: 137216K(137216K)->1024K(134144K) Eden: 136192K(136192K)->0K(133120K) From: 1024K(1024K)->1024K(1024K)
[22.851s][info][gc,heap        ] GC(238) ParOldGen: 10218K(349696K)->10258K(349696K)
[22.851s][info][gc,metaspace   ] GC(238) Metaspace: 14336K(15168K)->14336K(15168K) NonClass: 12355K(12800K)->12355K(12800K) Class: 1981K(2368K)->1981K(2368K)
[22.851s][info][gc             ] GC(238) Pause Young (Allocation Failure) 143M->11M(472M) 1.084ms
[22.851s][info][gc,cpu         ] GC(238) User=0.00s Sys=0.00s Real=0.00s
[22.941s][info][gc,start       ] GC(239) Pause Young (Allocation Failure)
[22.942s][info][gc,heap        ] GC(239) PSYoungGen: 134144K(134144K)->992K(131072K) Eden: 133120K(133120K)->0K(130048K) From: 1024K(1024K)->992K(1024K)
[22.942s][info][gc,heap        ] GC(239) ParOldGen: 10258K(349696K)->10290K(349696K)
[22.942s][info][gc,metaspace   ] GC(239) Metaspace: 14336K(15168K)->14336K(15168K) NonClass: 12355K(12800K)->12355K(12800K) Class: 1981K(2368K)->1981K(2368K)
[22.942s][info][gc             ] GC(239) Pause Young (Allocation Failure) 141M->11M(469M) 1.172ms
[22.942s][info][gc,cpu         ] GC(239) User=0.52s Sys=0.00s Real=0.00s
[23.031s][info][gc,start       ] GC(240) Pause Young (Allocation Failure)
[23.032s][info][gc,heap        ] GC(240) PSYoungGen: 131040K(131072K)->992K(157184K) Eden: 130048K(130048K)->0K(156160K) From: 992K(1024K)->992K(1024K)
[23.032s][info][gc,heap        ] GC(240) ParOldGen: 10290K(349696K)->10338K(349696K)
[23.032s][info][gc,metaspace   ] GC(240) Metaspace: 14336K(15168K)->14336K(15168K) NonClass: 12355K(12800K)->12355K(12800K) Class: 1981K(2368K)->1981K(2368K)
[23.032s][info][gc             ] GC(240) Pause Young (Allocation Failure) 138M->11M(495M) 1.127ms
[23.032s][info][gc,cpu         ] GC(240) User=0.00s Sys=0.00s Real=0.00s
[23.138s][info][gc,start       ] GC(241) Pause Young (Allocation Failure)
[23.139s][info][gc,heap        ] GC(241) PSYoungGen: 157152K(157184K)->992K(153088K) Eden: 156160K(156160K)->0K(152064K) From: 992K(1024K)->992K(1024K)
[23.139s][info][gc,heap        ] GC(241) ParOldGen: 10338K(349696K)->10370K(349696K)
[23.139s][info][gc,metaspace   ] GC(241) Metaspace: 14336K(15168K)->14336K(15168K) NonClass: 12355K(12800K)->12355K(12800K) Class: 1981K(2368K)->1981K(2368K)
[23.139s][info][gc             ] GC(241) Pause Young (Allocation Failure) 163M->11M(491M) 1.181ms
[23.139s][info][gc,cpu         ] GC(241) User=0.00s Sys=0.00s Real=0.00s
[23.244s][info][gc,start       ] GC(242) Pause Young (Allocation Failure)
[23.245s][info][gc,heap        ] GC(242) PSYoungGen: 153056K(153088K)->1024K(149504K) Eden: 152064K(152064K)->0K(148480K) From: 992K(1024K)->1024K(1024K)
[23.245s][info][gc,heap        ] GC(242) ParOldGen: 10370K(349696K)->10410K(349696K)
[23.245s][info][gc,metaspace   ] GC(242) Metaspace: 14336K(15168K)->14336K(15168K) NonClass: 12355K(12800K)->12355K(12800K) Class: 1981K(2368K)->1981K(2368K)
[23.245s][info][gc             ] GC(242) Pause Young (Allocation Failure) 159M->11M(487M) 1.204ms
[23.245s][info][gc,cpu         ] GC(242) User=0.00s Sys=0.00s Real=0.00s
[23.347s][info][gc,start       ] GC(243) Pause Young (Allocation Failure)
[23.348s][info][gc,heap        ] GC(243) PSYoungGen: 149504K(149504K)->1024K(145920K) Eden: 148480K(148480K)->0K(144896K) From: 1024K(1024K)->1024K(1024K)
[23.348s][info][gc,heap        ] GC(243) ParOldGen: 10410K(349696K)->10466K(349696K)
[23.348s][info][gc,metaspace   ] GC(243) Metaspace: 14336K(15168K)->14336K(15168K) NonClass: 12355K(12800K)->12355K(12800K) Class: 1981K(2368K)->1981K(2368K)
[23.348s][info][gc             ] GC(243) Pause Young (Allocation Failure) 156M->11M(484M) 1.243ms
[23.348s][info][gc,cpu         ] GC(243) User=0.52s Sys=0.00s Real=0.00s
[23.447s][info][gc,start       ] GC(244) Pause Young (Allocation Failure)
[23.449s][info][gc,heap        ] GC(244) PSYoungGen: 145920K(145920K)->960K(142336K) Eden: 144896K(144896K)->0K(141312K) From: 1024K(1024K)->960K(1024K)
[23.449s][info][gc,heap        ] GC(244) ParOldGen: 10466K(349696K)->10506K(349696K)
[23.449s][info][gc,metaspace   ] GC(244) Metaspace: 14336K(15168K)->14336K(15168K) NonClass: 12355K(12800K)->12355K(12800K) Class: 1981K(2368K)->1981K(2368K)
[23.449s][info][gc             ] GC(244) Pause Young (Allocation Failure) 152M->11M(480M) 1.229ms
[23.449s][info][gc,cpu         ] GC(244) User=0.00s Sys=0.00s Real=0.00s
[23.544s][info][gc,start       ] GC(245) Pause Young (Allocation Failure)
[23.545s][info][gc,heap        ] GC(245) PSYoungGen: 142272K(142336K)->992K(160256K) Eden: 141312K(141312K)->0K(158720K) From: 960K(1024K)->992K(1536K)
[23.545s][info][gc,heap        ] GC(245) ParOldGen: 10506K(349696K)->10570K(349696K)
[23.545s][info][gc,metaspace   ] GC(245) Metaspace: 14336K(15168K)->14336K(15168K) NonClass: 12355K(12800K)->12355K(12800K) Class: 1981K(2368K)->1981K(2368K)
[23.545s][info][gc             ] GC(245) Pause Young (Allocation Failure) 149M->11M(498M) 1.191ms
[23.545s][info][gc,cpu         ] GC(245) User=0.00s Sys=0.00s Real=0.00s
[23.652s][info][gc,start       ] GC(246) Pause Young (Allocation Failure)
[23.653s][info][gc,heap        ] GC(246) PSYoungGen: 159712K(160256K)->1024K(160256K) Eden: 158720K(158720K)->0K(158720K) From: 992K(1536K)->1024K(1536K)
[23.653s][info][gc,heap        ] GC(246) ParOldGen: 10570K(349696K)->10626K(349696K)
[23.653s][info][gc,metaspace   ] GC(246) Metaspace: 14336K(15168K)->14336K(15168K) NonClass: 12355K(12800K)->12355K(12800K) Class: 1981K(2368K)->1981K(2368K)
[23.653s][info][gc             ] GC(246) Pause Young (Allocation Failure) 166M->11M(498M) 1.268ms
[23.653s][info][gc,cpu         ] GC(246) User=0.00s Sys=0.00s Real=0.00s
[23.761s][info][gc,start       ] GC(247) Pause Young (Allocation Failure)
[23.762s][info][gc,heap        ] GC(247) PSYoungGen: 159744K(160256K)->1056K(173056K) Eden: 158720K(158720K)->0K(171520K) From: 1024K(1536K)->1056K(1536K)
[23.762s][info][gc,heap        ] GC(247) ParOldGen: 10626K(349696K)->10658K(349696K)
[23.762s][info][gc,metaspace   ] GC(247) Metaspace: 14336K(15168K)->14336K(15168K) NonClass: 12355K(12800K)->12355K(12800K) Class: 1981K(2368K)->1981K(2368K)
[23.762s][info][gc             ] GC(247) Pause Young (Allocation Failure) 166M->11M(510M) 1.252ms
[23.762s][info][gc,cpu         ] GC(247) User=0.00s Sys=0.00s Real=0.00s
[23.877s][info][gc,start       ] GC(248) Pause Young (Allocation Failure)
[23.878s][info][gc,heap        ] GC(248) PSYoungGen: 172576K(173056K)->1056K(168448K) Eden: 171520K(171520K)->0K(166912K) From: 1056K(1536K)->1056K(1536K)
[23.878s][info][gc,heap        ] GC(248) ParOldGen: 10658K(349696K)->10690K(349696K)
[23.878s][info][gc,metaspace   ] GC(248) Metaspace: 14336K(15168K)->14336K(15168K) NonClass: 12355K(12800K)->12355K(12800K) Class: 1981K(2368K)->1981K(2368K)
[23.878s][info][gc             ] GC(248) Pause Young (Allocation Failure) 178M->11M(506M) 1.256ms
[23.878s][info][gc,cpu         ] GC(248) User=0.00s Sys=0.00s Real=0.00s
[23.990s][info][gc,start       ] GC(249) Pause Young (Allocation Failure)
[23.991s][info][gc,heap        ] GC(249) PSYoungGen: 167968K(168448K)->512K(172032K) Eden: 166912K(166912K)->0K(171520K) From: 1056K(1536K)->512K(512K)
[23.991s][info][gc,heap        ] GC(249) ParOldGen: 10690K(349696K)->10850K(349696K)
[23.991s][info][gc,metaspace   ] GC(249) Metaspace: 14336K(15168K)->14336K(15168K) NonClass: 12355K(12800K)->12355K(12800K) Class: 1981K(2368K)->1981K(2368K)
[23.991s][info][gc             ] GC(249) Pause Young (Allocation Failure) 174M->11M(509M) 1.267ms
[23.991s][info][gc,cpu         ] GC(249) User=0.00s Sys=0.00s Real=0.00s
[24.109s][info][gc,start       ] GC(250) Pause Young (Allocation Failure)
[24.110s][info][gc,heap        ] GC(250) PSYoungGen: 172032K(172032K)->1024K(173056K) Eden: 171520K(171520K)->0K(171520K) From: 512K(512K)->1024K(1536K)
[24.110s][info][gc,heap        ] GC(250) ParOldGen: 10850K(349696K)->10914K(349696K)
[24.110s][info][gc,metaspace   ] GC(250) Metaspace: 14336K(15168K)->14336K(15168K) NonClass: 12355K(12800K)->12355K(12800K) Class: 1981K(2368K)->1981K(2368K)
[24.110s][info][gc             ] GC(250) Pause Young (Allocation Failure) 178M->11M(510M) 1.339ms
[24.110s][info][gc,cpu         ] GC(250) User=0.00s Sys=0.00s Real=0.00s
[24.224s][info][gc,start       ] GC(251) Pause Young (Allocation Failure)
[24.225s][info][gc,heap        ] GC(251) PSYoungGen: 172544K(173056K)->1024K(173056K) Eden: 171520K(171520K)->0K(171520K) From: 1024K(1536K)->1024K(1536K)
[24.225s][info][gc,heap        ] GC(251) ParOldGen: 10914K(349696K)->10986K(349696K)
[24.225s][info][gc,metaspace   ] GC(251) Metaspace: 14336K(15168K)->14336K(15168K) NonClass: 12355K(12800K)->12355K(12800K) Class: 1981K(2368K)->1981K(2368K)
[24.225s][info][gc             ] GC(251) Pause Young (Allocation Failure) 179M->11M(510M) 1.328ms
[24.225s][info][gc,cpu         ] GC(251) User=0.00s Sys=0.00s Real=0.00s
[24.340s][info][gc,start       ] GC(252) Pause Young (Allocation Failure)
[24.341s][info][gc,heap        ] GC(252) PSYoungGen: 172544K(173056K)->1024K(173056K) Eden: 171520K(171520K)->0K(171520K) From: 1024K(1536K)->1024K(1536K)
[24.341s][info][gc,heap        ] GC(252) ParOldGen: 10986K(349696K)->11066K(349696K)
[24.341s][info][gc,metaspace   ] GC(252) Metaspace: 14336K(15168K)->14336K(15168K) NonClass: 12355K(12800K)->12355K(12800K) Class: 1981K(2368K)->1981K(2368K)
[24.341s][info][gc             ] GC(252) Pause Young (Allocation Failure) 179M->11M(510M) 1.343ms
[24.341s][info][gc,cpu         ] GC(252) User=0.00s Sys=0.00s Real=0.00s
[24.455s][info][gc,start       ] GC(253) Pause Young (Allocation Failure)
[24.457s][info][gc,heap        ] GC(253) PSYoungGen: 172544K(173056K)->1024K(173056K) Eden: 171520K(171520K)->0K(171520K) From: 1024K(1536K)->1024K(1536K)
[24.457s][info][gc,heap        ] GC(253) ParOldGen: 11066K(349696K)->11106K(349696K)
[24.457s][info][gc,metaspace   ] GC(253) Metaspace: 14336K(15168K)->14336K(15168K) NonClass: 12355K(12800K)->12355K(12800K) Class: 1981K(2368K)->1981K(2368K)
[24.457s][info][gc             ] GC(253) Pause Young (Allocation Failure) 179M->11M(510M) 1.373ms
[24.457s][info][gc,cpu         ] GC(253) User=0.00s Sys=0.00s Real=0.00s
[24.575s][info][gc,start       ] GC(254) Pause Young (Allocation Failure)
[24.576s][info][gc,heap        ] GC(254) PSYoungGen: 172544K(173056K)->1024K(173056K) Eden: 171520K(171520K)->0K(171520K) From: 1024K(1536K)->1024K(1536K)
[24.576s][info][gc,heap        ] GC(254) ParOldGen: 11106K(349696K)->11154K(349696K)
[24.576s][info][gc,metaspace   ] GC(254) Metaspace: 14336K(15168K)->14336K(15168K) NonClass: 12355K(12800K)->12355K(12800K) Class: 1981K(2368K)->1981K(2368K)
[24.576s][info][gc             ] GC(254) Pause Young (Allocation Failure) 179M->11M(510M) 1.381ms
[24.576s][info][gc,cpu         ] GC(254) User=0.00s Sys=0.00s Real=0.00s
[24.694s][info][gc,start       ] GC(255) Pause Young (Allocation Failure)
[24.695s][info][gc,heap        ] GC(255) PSYoungGen: 172544K(173056K)->1024K(173056K) Eden: 171520K(171520K)->0K(171520K) From: 1024K(1536K)->1024K(1536K)
[24.695s][info][gc,heap        ] GC(255) ParOldGen: 11154K(349696K)->11226K(349696K)
[24.695s][info][gc,metaspace   ] GC(255) Metaspace: 14336K(15168K)->14336K(15168K) NonClass: 12355K(12800K)->12355K(12800K) Class: 1981K(2368K)->1981K(2368K)
[24.695s][info][gc             ] GC(255) Pause Young (Allocation Failure) 179M->11M(510M) 1.448ms
[24.695s][info][gc,cpu         ] GC(255) User=0.00s Sys=0.00s Real=0.00s
[24.815s][info][gc,start       ] GC(256) Pause Young (Allocation Failure)
[24.816s][info][gc,heap        ] GC(256) PSYoungGen: 172544K(173056K)->1024K(173056K) Eden: 171520K(171520K)->0K(171520K) From: 1024K(1536K)->1024K(1536K)
[24.816s][info][gc,heap        ] GC(256) ParOldGen: 11226K(349696K)->11274K(349696K)
[24.816s][info][gc,metaspace   ] GC(256) Metaspace: 14336K(15168K)->14336K(15168K) NonClass: 12355K(12800K)->12355K(12800K) Class: 1981K(2368K)->1981K(2368K)
[24.816s][info][gc             ] GC(256) Pause Young (Allocation Failure) 179M->12M(510M) 1.464ms
[24.816s][info][gc,cpu         ] GC(256) User=0.00s Sys=0.00s Real=0.00s
[25.001s][info][gc,start       ] GC(257) Pause Young (Allocation Failure)
[25.003s][info][gc,heap        ] GC(257) PSYoungGen: 172544K(173056K)->1056K(173056K) Eden: 171520K(171520K)->0K(171520K) From: 1024K(1536K)->1056K(1536K)
[25.003s][info][gc,heap        ] GC(257) ParOldGen: 11274K(349696K)->11330K(349696K)
[25.003s][info][gc,metaspace   ] GC(257) Metaspace: 14336K(15168K)->14336K(15168K) NonClass: 12355K(12800K)->12355K(12800K) Class: 1981K(2368K)->1981K(2368K)
[25.003s][info][gc             ] GC(257) Pause Young (Allocation Failure) 179M->12M(510M) 2.059ms
[25.003s][info][gc,cpu         ] GC(257) User=0.00s Sys=0.00s Real=0.00s
[25.131s][info][gc,start       ] GC(258) Pause Young (Allocation Failure)
[25.133s][info][gc,heap        ] GC(258) PSYoungGen: 172576K(173056K)->1024K(173056K) Eden: 171520K(171520K)->0K(171520K) From: 1056K(1536K)->1024K(1536K)
[25.133s][info][gc,heap        ] GC(258) ParOldGen: 11330K(349696K)->11386K(349696K)
[25.133s][info][gc,metaspace   ] GC(258) Metaspace: 14336K(15168K)->14336K(15168K) NonClass: 12355K(12800K)->12355K(12800K) Class: 1981K(2368K)->1981K(2368K)
[25.133s][info][gc             ] GC(258) Pause Young (Allocation Failure) 179M->12M(510M) 1.376ms
[25.133s][info][gc,cpu         ] GC(258) User=0.00s Sys=0.00s Real=0.00s
[25.250s][info][gc,start       ] GC(259) Pause Young (Allocation Failure)
[25.251s][info][gc,heap        ] GC(259) PSYoungGen: 172544K(173056K)->1024K(167936K) Eden: 171520K(171520K)->0K(166912K) From: 1024K(1536K)->1024K(1024K)
[25.251s][info][gc,heap        ] GC(259) ParOldGen: 11386K(349696K)->11426K(349696K)
[25.251s][info][gc,metaspace   ] GC(259) Metaspace: 14336K(15168K)->14336K(15168K) NonClass: 12355K(12800K)->12355K(12800K) Class: 1981K(2368K)->1981K(2368K)
[25.251s][info][gc             ] GC(259) Pause Young (Allocation Failure) 179M->12M(505M) 1.249ms
[25.251s][info][gc,cpu         ] GC(259) User=0.00s Sys=0.00s Real=0.00s
[25.374s][info][gc,start       ] GC(260) Pause Young (Allocation Failure)
[25.375s][info][gc,heap        ] GC(260) PSYoungGen: 167936K(167936K)->1024K(163328K) Eden: 166912K(166912K)->0K(162304K) From: 1024K(1024K)->1024K(1024K)
[25.375s][info][gc,heap        ] GC(260) ParOldGen: 11426K(349696K)->11490K(349696K)
[25.375s][info][gc,metaspace   ] GC(260) Metaspace: 14336K(15168K)->14336K(15168K) NonClass: 12355K(12800K)->12355K(12800K) Class: 1981K(2368K)->1981K(2368K)
[25.375s][info][gc             ] GC(260) Pause Young (Allocation Failure) 175M->12M(501M) 1.251ms
[25.375s][info][gc,cpu         ] GC(260) User=0.00s Sys=0.00s Real=0.00s
[25.497s][info][gc,start       ] GC(261) Pause Young (Allocation Failure)
[25.499s][info][gc,heap        ] GC(261) PSYoungGen: 163328K(163328K)->1024K(159232K) Eden: 162304K(162304K)->0K(158208K) From: 1024K(1024K)->1024K(1024K)
[25.499s][info][gc,heap        ] GC(261) ParOldGen: 11490K(349696K)->11538K(349696K)
[25.499s][info][gc,metaspace   ] GC(261) Metaspace: 14336K(15168K)->14336K(15168K) NonClass: 12355K(12800K)->12355K(12800K) Class: 1981K(2368K)->1981K(2368K)
[25.499s][info][gc             ] GC(261) Pause Young (Allocation Failure) 170M->12M(497M) 1.165ms
[25.499s][info][gc,cpu         ] GC(261) User=0.00s Sys=0.00s Real=0.00s
[25.614s][info][gc,start       ] GC(262) Pause Young (Allocation Failure)
[25.615s][info][gc,heap        ] GC(262) PSYoungGen: 159232K(159232K)->1024K(155136K) Eden: 158208K(158208K)->0K(154112K) From: 1024K(1024K)->1024K(1024K)
[25.615s][info][gc,heap        ] GC(262) ParOldGen: 11538K(349696K)->11578K(349696K)
[25.615s][info][gc,metaspace   ] GC(262) Metaspace: 14336K(15168K)->14336K(15168K) NonClass: 12355K(12800K)->12355K(12800K) Class: 1981K(2368K)->1981K(2368K)
[25.615s][info][gc             ] GC(262) Pause Young (Allocation Failure) 166M->12M(493M) 1.014ms
[25.615s][info][gc,cpu         ] GC(262) User=0.00s Sys=0.00s Real=0.00s
[25.717s][info][gc,start       ] GC(263) Pause Young (Allocation Failure)
[25.718s][info][gc,heap        ] GC(263) PSYoungGen: 155136K(155136K)->1024K(151040K) Eden: 154112K(154112K)->0K(150016K) From: 1024K(1024K)->1024K(1024K)
[25.718s][info][gc,heap        ] GC(263) ParOldGen: 11578K(349696K)->11642K(349696K)
[25.718s][info][gc,metaspace   ] GC(263) Metaspace: 14336K(15168K)->14336K(15168K) NonClass: 12355K(12800K)->12355K(12800K) Class: 1981K(2368K)->1981K(2368K)
[25.718s][info][gc             ] GC(263) Pause Young (Allocation Failure) 162M->12M(489M) 0.957ms
[25.718s][info][gc,cpu         ] GC(263) User=0.00s Sys=0.00s Real=0.00s
[25.817s][info][gc,start       ] GC(264) Pause Young (Allocation Failure)
[25.818s][info][gc,heap        ] GC(264) PSYoungGen: 151040K(151040K)->992K(147456K) Eden: 150016K(150016K)->0K(146432K) From: 1024K(1024K)->992K(1024K)
[25.818s][info][gc,heap        ] GC(264) ParOldGen: 11642K(349696K)->11674K(349696K)
[25.818s][info][gc,metaspace   ] GC(264) Metaspace: 14336K(15168K)->14336K(15168K) NonClass: 12355K(12800K)->12355K(12800K) Class: 1981K(2368K)->1981K(2368K)
[25.818s][info][gc             ] GC(264) Pause Young (Allocation Failure) 158M->12M(485M) 1.026ms
[25.818s][info][gc,cpu         ] GC(264) User=0.23s Sys=0.05s Real=0.00s
[25.917s][info][gc,start       ] GC(265) Pause Young (Allocation Failure)
[25.918s][info][gc,heap        ] GC(265) PSYoungGen: 147424K(147456K)->992K(143872K) Eden: 146432K(146432K)->0K(142848K) From: 992K(1024K)->992K(1024K)
[25.918s][info][gc,heap        ] GC(265) ParOldGen: 11674K(349696K)->11714K(349696K)
[25.918s][info][gc,metaspace   ] GC(265) Metaspace: 14336K(15168K)->14336K(15168K) NonClass: 12355K(12800K)->12355K(12800K) Class: 1981K(2368K)->1981K(2368K)
[25.918s][info][gc             ] GC(265) Pause Young (Allocation Failure) 155M->12M(482M) 1.069ms
[25.918s][info][gc,cpu         ] GC(265) User=0.00s Sys=0.00s Real=0.00s
[26.016s][info][gc,start       ] GC(266) Pause Young (Allocation Failure)
[26.017s][info][gc,heap        ] GC(266) PSYoungGen: 143840K(143872K)->1024K(140288K) Eden: 142848K(142848K)->0K(139264K) From: 992K(1024K)->1024K(1024K)
[26.017s][info][gc,heap        ] GC(266) ParOldGen: 11714K(349696K)->11762K(349696K)
[26.017s][info][gc,metaspace   ] GC(266) Metaspace: 14336K(15168K)->14336K(15168K) NonClass: 12355K(12800K)->12355K(12800K) Class: 1981K(2368K)->1981K(2368K)
[26.017s][info][gc             ] GC(266) Pause Young (Allocation Failure) 151M->12M(478M) 1.040ms
[26.017s][info][gc,cpu         ] GC(266) User=0.00s Sys=0.00s Real=0.00s
[26.111s][info][gc,start       ] GC(267) Pause Young (Allocation Failure)
[26.112s][info][gc,heap        ] GC(267) PSYoungGen: 140288K(140288K)->992K(137216K) Eden: 139264K(139264K)->0K(136192K) From: 1024K(1024K)->992K(1024K)
[26.112s][info][gc,heap        ] GC(267) ParOldGen: 11762K(349696K)->11822K(349696K)
[26.112s][info][gc,metaspace   ] GC(267) Metaspace: 14336K(15168K)->14336K(15168K) NonClass: 12355K(12800K)->12355K(12800K) Class: 1981K(2368K)->1981K(2368K)
[26.112s][info][gc             ] GC(267) Pause Young (Allocation Failure) 148M->12M(475M) 1.072ms
[26.112s][info][gc,cpu         ] GC(267) User=0.00s Sys=0.00s Real=0.00s
[26.205s][info][gc,start       ] GC(268) Pause Young (Allocation Failure)
[26.206s][info][gc,heap        ] GC(268) PSYoungGen: 137184K(137216K)->1024K(134144K) Eden: 136192K(136192K)->0K(133120K) From: 992K(1024K)->1024K(1024K)
[26.207s][info][gc,heap        ] GC(268) ParOldGen: 11822K(349696K)->11862K(349696K)
[26.207s][info][gc,metaspace   ] GC(268) Metaspace: 14336K(15168K)->14336K(15168K) NonClass: 12355K(12800K)->12355K(12800K) Class: 1981K(2368K)->1981K(2368K)
[26.207s][info][gc             ] GC(268) Pause Young (Allocation Failure) 145M->12M(472M) 1.089ms
[26.207s][info][gc,cpu         ] GC(268) User=0.00s Sys=0.00s Real=0.00s
[26.296s][info][gc,start       ] GC(269) Pause Young (Allocation Failure)
[26.297s][info][gc,heap        ] GC(269) PSYoungGen: 134144K(134144K)->1024K(131072K) Eden: 133120K(133120K)->0K(130048K) From: 1024K(1024K)->1024K(1024K)
[26.297s][info][gc,heap        ] GC(269) ParOldGen: 11862K(349696K)->11902K(349696K)
[26.297s][info][gc,metaspace   ] GC(269) Metaspace: 14336K(15168K)->14336K(15168K) NonClass: 12355K(12800K)->12355K(12800K) Class: 1981K(2368K)->1981K(2368K)
[26.297s][info][gc             ] GC(269) Pause Young (Allocation Failure) 142M->12M(469M) 1.112ms
[26.297s][info][gc,cpu         ] GC(269) User=0.00s Sys=0.00s Real=0.00s
[26.386s][info][gc,start       ] GC(270) Pause Young (Allocation Failure)
[26.387s][info][gc,heap        ] GC(270) PSYoungGen: 131072K(131072K)->992K(128000K) Eden: 130048K(130048K)->0K(126976K) From: 1024K(1024K)->992K(1024K)
[26.387s][info][gc,heap        ] GC(270) ParOldGen: 11902K(349696K)->11958K(349696K)
[26.387s][info][gc,metaspace   ] GC(270) Metaspace: 14336K(15168K)->14336K(15168K) NonClass: 12355K(12800K)->12355K(12800K) Class: 1981K(2368K)->1981K(2368K)
[26.387s][info][gc             ] GC(270) Pause Young (Allocation Failure) 139M->12M(466M) 1.100ms
[26.388s][info][gc,cpu         ] GC(270) User=0.00s Sys=0.00s Real=0.00s
[26.474s][info][gc,start       ] GC(271) Pause Young (Allocation Failure)
[26.475s][info][gc,heap        ] GC(271) PSYoungGen: 127968K(128000K)->992K(124928K) Eden: 126976K(126976K)->0K(123904K) From: 992K(1024K)->992K(1024K)
[26.475s][info][gc,heap        ] GC(271) ParOldGen: 11958K(349696K)->11998K(349696K)
[26.475s][info][gc,metaspace   ] GC(271) Metaspace: 14336K(15168K)->14336K(15168K) NonClass: 12355K(12800K)->12355K(12800K) Class: 1981K(2368K)->1981K(2368K)
[26.475s][info][gc             ] GC(271) Pause Young (Allocation Failure) 136M->12M(463M) 1.152ms
[26.475s][info][gc,cpu         ] GC(271) User=0.00s Sys=0.00s Real=0.00s
[26.558s][info][gc,start       ] GC(272) Pause Young (Allocation Failure)
[26.559s][info][gc,heap        ] GC(272) PSYoungGen: 124896K(124928K)->992K(122368K) Eden: 123904K(123904K)->0K(121344K) From: 992K(1024K)->992K(1024K)
[26.559s][info][gc,heap        ] GC(272) ParOldGen: 11998K(349696K)->12030K(349696K)
[26.559s][info][gc,metaspace   ] GC(272) Metaspace: 14336K(15168K)->14336K(15168K) NonClass: 12355K(12800K)->12355K(12800K) Class: 1981K(2368K)->1981K(2368K)
[26.559s][info][gc             ] GC(272) Pause Young (Allocation Failure) 133M->12M(461M) 1.094ms
[26.559s][info][gc,cpu         ] GC(272) User=0.00s Sys=0.00s Real=0.00s
[26.642s][info][gc,start       ] GC(273) Pause Young (Allocation Failure)
[26.643s][info][gc,heap        ] GC(273) PSYoungGen: 122336K(122368K)->992K(146944K) Eden: 121344K(121344K)->0K(145920K) From: 992K(1024K)->992K(1024K)
[26.643s][info][gc,heap        ] GC(273) ParOldGen: 12030K(349696K)->12070K(349696K)
[26.643s][info][gc,metaspace   ] GC(273) Metaspace: 14336K(15168K)->14336K(15168K) NonClass: 12355K(12800K)->12355K(12800K) Class: 1981K(2368K)->1981K(2368K)
[26.643s][info][gc             ] GC(273) Pause Young (Allocation Failure) 131M->12M(485M) 1.171ms
[26.643s][info][gc,cpu         ] GC(273) User=0.00s Sys=0.00s Real=0.00s
[26.743s][info][gc,start       ] GC(274) Pause Young (Allocation Failure)
[26.744s][info][gc,heap        ] GC(274) PSYoungGen: 146912K(146944K)->1024K(165376K) Eden: 145920K(145920K)->0K(163840K) From: 992K(1024K)->1024K(1536K)
[26.744s][info][gc,heap        ] GC(274) ParOldGen: 12070K(349696K)->12110K(349696K)
[26.744s][info][gc,metaspace   ] GC(274) Metaspace: 14336K(15168K)->14336K(15168K) NonClass: 12355K(12800K)->12355K(12800K) Class: 1981K(2368K)->1981K(2368K)
[26.744s][info][gc             ] GC(274) Pause Young (Allocation Failure) 155M->12M(503M) 1.142ms
[26.744s][info][gc,cpu         ] GC(274) User=0.00s Sys=0.00s Real=0.00s
[26.853s][info][gc,start       ] GC(275) Pause Young (Allocation Failure)
[26.854s][info][gc,heap        ] GC(275) PSYoungGen: 164864K(165376K)->1056K(161280K) Eden: 163840K(163840K)->0K(159744K) From: 1024K(1536K)->1056K(1536K)
[26.854s][info][gc,heap        ] GC(275) ParOldGen: 12110K(349696K)->12142K(349696K)
[26.854s][info][gc,metaspace   ] GC(275) Metaspace: 14336K(15168K)->14336K(15168K) NonClass: 12355K(12800K)->12355K(12800K) Class: 1981K(2368K)->1981K(2368K)
[26.854s][info][gc             ] GC(275) Pause Young (Allocation Failure) 172M->12M(499M) 1.136ms
[26.854s][info][gc,cpu         ] GC(275) User=0.00s Sys=0.00s Real=0.00s
[26.962s][info][gc,start       ] GC(276) Pause Young (Allocation Failure)
[26.963s][info][gc,heap        ] GC(276) PSYoungGen: 160800K(161280K)->1024K(156672K) Eden: 159744K(159744K)->0K(155648K) From: 1056K(1536K)->1024K(1024K)
[26.963s][info][gc,heap        ] GC(276) ParOldGen: 12142K(349696K)->12198K(349696K)
[26.963s][info][gc,metaspace   ] GC(276) Metaspace: 14336K(15168K)->14336K(15168K) NonClass: 12355K(12800K)->12355K(12800K) Class: 1981K(2368K)->1981K(2368K)
[26.963s][info][gc             ] GC(276) Pause Young (Allocation Failure) 168M->12M(494M) 1.236ms
[26.963s][info][gc,cpu         ] GC(276) User=0.00s Sys=0.00s Real=0.00s
[27.068s][info][gc,start       ] GC(277) Pause Young (Allocation Failure)
[27.070s][info][gc,heap        ] GC(277) PSYoungGen: 156672K(156672K)->1024K(152576K) Eden: 155648K(155648K)->0K(151552K) From: 1024K(1024K)->1024K(1024K)
[27.070s][info][gc,heap        ] GC(277) ParOldGen: 12198K(349696K)->12238K(349696K)
[27.070s][info][gc,metaspace   ] GC(277) Metaspace: 14336K(15168K)->14336K(15168K) NonClass: 12355K(12800K)->12355K(12800K) Class: 1981K(2368K)->1981K(2368K)
[27.070s][info][gc             ] GC(277) Pause Young (Allocation Failure) 164M->12M(490M) 1.203ms
[27.070s][info][gc,cpu         ] GC(277) User=0.00s Sys=0.00s Real=0.00s
[27.172s][info][gc,start       ] GC(278) Pause Young (Allocation Failure)
[27.173s][info][gc,heap        ] GC(278) PSYoungGen: 152576K(152576K)->1056K(172032K) Eden: 151552K(151552K)->0K(170496K) From: 1024K(1024K)->1056K(1536K)
[27.173s][info][gc,heap        ] GC(278) ParOldGen: 12238K(349696K)->12286K(349696K)
[27.173s][info][gc,metaspace   ] GC(278) Metaspace: 14336K(15168K)->14336K(15168K) NonClass: 12355K(12800K)->12355K(12800K) Class: 1981K(2368K)->1981K(2368K)
[27.173s][info][gc             ] GC(278) Pause Young (Allocation Failure) 160M->13M(509M) 1.236ms
[27.173s][info][gc,cpu         ] GC(278) User=0.00s Sys=0.00s Real=0.00s
[27.289s][info][gc,start       ] GC(279) Pause Young (Allocation Failure)
[27.290s][info][gc,heap        ] GC(279) PSYoungGen: 171552K(172032K)->1024K(173056K) Eden: 170496K(170496K)->0K(171520K) From: 1056K(1536K)->1024K(1536K)
[27.290s][info][gc,heap        ] GC(279) ParOldGen: 12286K(349696K)->12334K(349696K)
[27.290s][info][gc,metaspace   ] GC(279) Metaspace: 14336K(15168K)->14336K(15168K) NonClass: 12355K(12800K)->12355K(12800K) Class: 1981K(2368K)->1981K(2368K)
[27.290s][info][gc             ] GC(279) Pause Young (Allocation Failure) 179M->13M(510M) 1.256ms
[27.290s][info][gc,cpu         ] GC(279) User=0.00s Sys=0.00s Real=0.00s
[27.407s][info][gc,start       ] GC(280) Pause Young (Allocation Failure)
[27.408s][info][gc,heap        ] GC(280) PSYoungGen: 172544K(173056K)->1024K(167936K) Eden: 171520K(171520K)->0K(166912K) From: 1024K(1536K)->1024K(1024K)
[27.408s][info][gc,heap        ] GC(280) ParOldGen: 12334K(349696K)->12374K(349696K)
[27.408s][info][gc,metaspace   ] GC(280) Metaspace: 14336K(15168K)->14336K(15168K) NonClass: 12355K(12800K)->12355K(12800K) Class: 1981K(2368K)->1981K(2368K)
[27.408s][info][gc             ] GC(280) Pause Young (Allocation Failure) 180M->13M(505M) 1.301ms
[27.408s][info][gc,cpu         ] GC(280) User=0.00s Sys=0.00s Real=0.00s
[27.516s][info][gc,start       ] GC(281) Pause Young (Allocation Failure)
[27.518s][info][gc,heap        ] GC(281) PSYoungGen: 167936K(167936K)->1024K(172032K) Eden: 166912K(166912K)->0K(171008K) From: 1024K(1024K)->1024K(1024K)
[27.518s][info][gc,heap        ] GC(281) ParOldGen: 12374K(349696K)->12414K(349696K)
[27.518s][info][gc,metaspace   ] GC(281) Metaspace: 14336K(15168K)->14336K(15168K) NonClass: 12355K(12800K)->12355K(12800K) Class: 1981K(2368K)->1981K(2368K)
[27.518s][info][gc             ] GC(281) Pause Young (Allocation Failure) 176M->13M(509M) 1.297ms
[27.518s][info][gc,cpu         ] GC(281) User=0.00s Sys=0.00s Real=0.00s
[27.633s][info][gc,start       ] GC(282) Pause Young (Allocation Failure)
[27.634s][info][gc,heap        ] GC(282) PSYoungGen: 172032K(172032K)->992K(172544K) Eden: 171008K(171008K)->0K(171008K) From: 1024K(1024K)->992K(1536K)
[27.634s][info][gc,heap        ] GC(282) ParOldGen: 12414K(349696K)->12470K(349696K)
[27.634s][info][gc,metaspace   ] GC(282) Metaspace: 14336K(15168K)->14336K(15168K) NonClass: 12355K(12800K)->12355K(12800K) Class: 1981K(2368K)->1981K(2368K)
[27.634s][info][gc             ] GC(282) Pause Young (Allocation Failure) 180M->13M(510M) 1.319ms
[27.634s][info][gc,cpu         ] GC(282) User=0.00s Sys=0.00s Real=0.00s
[27.745s][info][gc,start       ] GC(283) Pause Young (Allocation Failure)
[27.747s][info][gc,heap        ] GC(283) PSYoungGen: 172000K(172544K)->1056K(173056K) Eden: 171008K(171008K)->0K(171520K) From: 992K(1536K)->1056K(1536K)
[27.747s][info][gc,heap        ] GC(283) ParOldGen: 12470K(349696K)->12518K(349696K)
[27.747s][info][gc,metaspace   ] GC(283) Metaspace: 14336K(15168K)->14336K(15168K) NonClass: 12355K(12800K)->12355K(12800K) Class: 1981K(2368K)->1981K(2368K)
[27.747s][info][gc             ] GC(283) Pause Young (Allocation Failure) 180M->13M(510M) 1.356ms
[27.747s][info][gc,cpu         ] GC(283) User=0.00s Sys=0.00s Real=0.00s
[27.860s][info][gc,start       ] GC(284) Pause Young (Allocation Failure)
[27.861s][info][gc,heap        ] GC(284) PSYoungGen: 172576K(173056K)->992K(173056K) Eden: 171520K(171520K)->0K(171520K) From: 1056K(1536K)->992K(1536K)
[27.861s][info][gc,heap        ] GC(284) ParOldGen: 12518K(349696K)->12566K(349696K)
[27.861s][info][gc,metaspace   ] GC(284) Metaspace: 14336K(15168K)->14336K(15168K) NonClass: 12355K(12800K)->12355K(12800K) Class: 1981K(2368K)->1981K(2368K)
[27.861s][info][gc             ] GC(284) Pause Young (Allocation Failure) 180M->13M(510M) 1.391ms
[27.861s][info][gc,cpu         ] GC(284) User=0.00s Sys=0.00s Real=0.00s
[27.969s][info][gc,start       ] GC(285) Pause Young (Allocation Failure)
[27.970s][info][gc,heap        ] GC(285) PSYoungGen: 172512K(173056K)->992K(173056K) Eden: 171520K(171520K)->0K(171520K) From: 992K(1536K)->992K(1536K)
[27.970s][info][gc,heap        ] GC(285) ParOldGen: 12566K(349696K)->12630K(349696K)
[27.970s][info][gc,metaspace   ] GC(285) Metaspace: 14336K(15168K)->14336K(15168K) NonClass: 12355K(12800K)->12355K(12800K) Class: 1981K(2368K)->1981K(2368K)
[27.970s][info][gc             ] GC(285) Pause Young (Allocation Failure) 180M->13M(510M) 1.423ms
[27.970s][info][gc,cpu         ] GC(285) User=0.00s Sys=0.00s Real=0.00s
[28.073s][info][gc,start       ] GC(286) Pause Young (Allocation Failure)
[28.074s][info][gc,heap        ] GC(286) PSYoungGen: 172512K(173056K)->992K(173056K) Eden: 171520K(171520K)->0K(171520K) From: 992K(1536K)->992K(1536K)
[28.074s][info][gc,heap        ] GC(286) ParOldGen: 12630K(349696K)->12670K(349696K)
[28.074s][info][gc,metaspace   ] GC(286) Metaspace: 14336K(15168K)->14336K(15168K) NonClass: 12355K(12800K)->12355K(12800K) Class: 1981K(2368K)->1981K(2368K)
[28.074s][info][gc             ] GC(286) Pause Young (Allocation Failure) 180M->13M(510M) 1.481ms
[28.074s][info][gc,cpu         ] GC(286) User=0.00s Sys=0.00s Real=0.00s
[28.171s][info][gc,start       ] GC(287) Pause Young (Allocation Failure)
[28.173s][info][gc,heap        ] GC(287) PSYoungGen: 172512K(173056K)->800K(173056K) Eden: 171520K(171520K)->0K(171520K) From: 992K(1536K)->800K(1536K)
[28.173s][info][gc,heap        ] GC(287) ParOldGen: 12670K(349696K)->12710K(349696K)
[28.173s][info][gc,metaspace   ] GC(287) Metaspace: 14336K(15168K)->14336K(15168K) NonClass: 12355K(12800K)->12355K(12800K) Class: 1981K(2368K)->1981K(2368K)
[28.173s][info][gc             ] GC(287) Pause Young (Allocation Failure) 180M->13M(510M) 1.515ms
[28.173s][info][gc,cpu         ] GC(287) User=0.00s Sys=0.00s Real=0.00s
[28.245s][info][gc,start       ] GC(288) Pause Young (Allocation Failure)
[28.246s][info][gc,heap        ] GC(288) PSYoungGen: 172320K(173056K)->800K(173056K) Eden: 171520K(171520K)->0K(171520K) From: 800K(1536K)->800K(1536K)
[28.246s][info][gc,heap        ] GC(288) ParOldGen: 12710K(349696K)->12750K(349696K)
[28.246s][info][gc,metaspace   ] GC(288) Metaspace: 14336K(15168K)->14336K(15168K) NonClass: 12355K(12800K)->12355K(12800K) Class: 1981K(2368K)->1981K(2368K)
[28.246s][info][gc             ] GC(288) Pause Young (Allocation Failure) 180M->13M(510M) 1.451ms
[28.246s][info][gc,cpu         ] GC(288) User=0.00s Sys=0.00s Real=0.00s
[28.332s][info][gc,start       ] GC(289) Pause Young (Allocation Failure)
[28.333s][info][gc,heap        ] GC(289) PSYoungGen: 172320K(173056K)->352K(173056K) Eden: 171520K(171520K)->0K(171520K) From: 800K(1536K)->352K(1536K)
[28.333s][info][gc,heap        ] GC(289) ParOldGen: 12750K(349696K)->12790K(349696K)
[28.333s][info][gc,metaspace   ] GC(289) Metaspace: 14336K(15168K)->14336K(15168K) NonClass: 12355K(12800K)->12355K(12800K) Class: 1981K(2368K)->1981K(2368K)
[28.333s][info][gc             ] GC(289) Pause Young (Allocation Failure) 180M->12M(510M) 1.363ms
[28.333s][info][gc,cpu         ] GC(289) User=0.02s Sys=0.00s Real=0.00s
[28.383s][info][gc,start       ] GC(290) Pause Young (System.gc())
[28.384s][info][gc,heap        ] GC(290) PSYoungGen: 29860K(173056K)->128K(173056K) Eden: 29508K(171520K)->0K(171520K) From: 352K(1536K)->128K(1536K)
[28.384s][info][gc,heap        ] GC(290) ParOldGen: 12790K(349696K)->12854K(349696K)
[28.384s][info][gc,metaspace   ] GC(290) Metaspace: 14336K(15168K)->14336K(15168K) NonClass: 12355K(12800K)->12355K(12800K) Class: 1981K(2368K)->1981K(2368K)
[28.384s][info][gc             ] GC(290) Pause Young (System.gc()) 41M->12M(510M) 1.295ms
[28.384s][info][gc,cpu         ] GC(290) User=0.00s Sys=0.00s Real=0.00s
[28.384s][info][gc,start       ] GC(291) Pause Full (System.gc())
[28.384s][info][gc,phases,start] GC(291) Marking Phase
[28.396s][info][gc,phases      ] GC(291) Marking Phase 11.349ms
[28.396s][info][gc,phases,start] GC(291) Summary Phase
[28.396s][info][gc,phases      ] GC(291) Summary Phase 0.013ms
[28.396s][info][gc,phases,start] GC(291) Adjust Roots
[28.401s][info][gc,phases      ] GC(291) Adjust Roots 5.409ms
[28.401s][info][gc,phases,start] GC(291) Compaction Phase
[28.405s][info][gc,phases      ] GC(291) Compaction Phase 3.555ms
[28.405s][info][gc,phases,start] GC(291) Post Compact
[28.405s][info][gc,phases      ] GC(291) Post Compact 0.291ms
[28.405s][info][gc,heap        ] GC(291) PSYoungGen: 128K(173056K)->0K(173056K) Eden: 0K(171520K)->0K(171520K) From: 128K(1536K)->0K(1536K)
[28.405s][info][gc,heap        ] GC(291) ParOldGen: 12854K(349696K)->5378K(349696K)
[28.405s][info][gc,metaspace   ] GC(291) Metaspace: 14336K(15168K)->14336K(15168K) NonClass: 12355K(12800K)->12355K(12800K) Class: 1981K(2368K)->1981K(2368K)
[28.405s][info][gc             ] GC(291) Pause Full (System.gc()) 12M->5M(510M) 20.790ms
[28.405s][info][gc,cpu         ] GC(291) User=0.22s Sys=0.00s Real=0.02s
[28.557s][info][gc,start       ] GC(292) Pause Young (Allocation Failure)
[28.559s][info][gc,heap        ] GC(292) PSYoungGen: 171520K(173056K)->1536K(172032K) Eden: 171520K(171520K)->0K(170496K) From: 0K(1536K)->1536K(1536K)
[28.559s][info][gc,heap        ] GC(292) ParOldGen: 5378K(349696K)->5569K(349696K)
[28.559s][info][gc,metaspace   ] GC(292) Metaspace: 14339K(15232K)->14339K(15232K) NonClass: 12358K(12864K)->12358K(12864K) Class: 1981K(2368K)->1981K(2368K)
[28.559s][info][gc             ] GC(292) Pause Young (Allocation Failure) 172M->6M(509M) 1.621ms
[28.559s][info][gc,cpu         ] GC(292) User=0.00s Sys=0.00s Real=0.00s
[28.676s][info][gc,start       ] GC(293) Pause Young (Allocation Failure)
[28.677s][info][gc,heap        ] GC(293) PSYoungGen: 172032K(172032K)->1024K(172544K) Eden: 170496K(170496K)->0K(170496K) From: 1536K(1536K)->1024K(2048K)
[28.677s][info][gc,heap        ] GC(293) ParOldGen: 5569K(349696K)->7057K(349696K)
[28.677s][info][gc,metaspace   ] GC(293) Metaspace: 14339K(15232K)->14339K(15232K) NonClass: 12358K(12864K)->12358K(12864K) Class: 1981K(2368K)->1981K(2368K)
[28.677s][info][gc             ] GC(293) Pause Young (Allocation Failure) 173M->7M(510M) 1.664ms
[28.677s][info][gc,cpu         ] GC(293) User=0.00s Sys=0.00s Real=0.00s
[28.883s][info][gc,start       ] GC(294) Pause Young (Allocation Failure)
[28.885s][info][gc,heap        ] GC(294) PSYoungGen: 171520K(172544K)->960K(171520K) Eden: 170496K(170496K)->0K(170496K) From: 1024K(2048K)->960K(1024K)
[28.885s][info][gc,heap        ] GC(294) ParOldGen: 7057K(349696K)->7129K(349696K)
[28.885s][info][gc,metaspace   ] GC(294) Metaspace: 14339K(15232K)->14339K(15232K) NonClass: 12358K(12864K)->12358K(12864K) Class: 1981K(2368K)->1981K(2368K)
[28.885s][info][gc             ] GC(294) Pause Young (Allocation Failure) 174M->7M(509M) 2.458ms
[28.885s][info][gc,cpu         ] GC(294) User=0.00s Sys=0.00s Real=0.00s
[29.016s][info][gc,start       ] GC(295) Pause Young (Allocation Failure)
[29.018s][info][gc,heap        ] GC(295) PSYoungGen: 171456K(171520K)->1024K(172032K) Eden: 170496K(170496K)->0K(170496K) From: 960K(1024K)->1024K(1536K)
[29.018s][info][gc,heap        ] GC(295) ParOldGen: 7129K(349696K)->7177K(349696K)
[29.018s][info][gc,metaspace   ] GC(295) Metaspace: 14339K(15232K)->14339K(15232K) NonClass: 12358K(12864K)->12358K(12864K) Class: 1981K(2368K)->1981K(2368K)
[29.018s][info][gc             ] GC(295) Pause Young (Allocation Failure) 174M->8M(509M) 1.372ms
[29.018s][info][gc,cpu         ] GC(295) User=0.00s Sys=0.00s Real=0.00s
[29.149s][info][gc,start       ] GC(296) Pause Young (Allocation Failure)
[29.151s][info][gc,heap        ] GC(296) PSYoungGen: 171520K(172032K)->992K(173056K) Eden: 170496K(170496K)->0K(171520K) From: 1024K(1536K)->992K(1536K)
[29.151s][info][gc,heap        ] GC(296) ParOldGen: 7177K(349696K)->7257K(349696K)
[29.151s][info][gc,metaspace   ] GC(296) Metaspace: 14339K(15232K)->14339K(15232K) NonClass: 12358K(12864K)->12358K(12864K) Class: 1981K(2368K)->1981K(2368K)
[29.151s][info][gc             ] GC(296) Pause Young (Allocation Failure) 174M->8M(510M) 1.331ms
[29.151s][info][gc,cpu         ] GC(296) User=0.00s Sys=0.00s Real=0.00s
[29.284s][info][gc,start       ] GC(297) Pause Young (Allocation Failure)
[29.285s][info][gc,heap        ] GC(297) PSYoungGen: 172512K(173056K)->1024K(173056K) Eden: 171520K(171520K)->0K(171520K) From: 992K(1536K)->1024K(1536K)
[29.285s][info][gc,heap        ] GC(297) ParOldGen: 7257K(349696K)->7345K(349696K)
[29.285s][info][gc,metaspace   ] GC(297) Metaspace: 14339K(15232K)->14339K(15232K) NonClass: 12358K(12864K)->12358K(12864K) Class: 1981K(2368K)->1981K(2368K)
[29.285s][info][gc             ] GC(297) Pause Young (Allocation Failure) 175M->8M(510M) 1.246ms
[29.285s][info][gc,cpu         ] GC(297) User=0.00s Sys=0.00s Real=0.00s
[29.415s][info][gc,start       ] GC(298) Pause Young (Allocation Failure)
[29.416s][info][gc,heap        ] GC(298) PSYoungGen: 172544K(173056K)->960K(167936K) Eden: 171520K(171520K)->0K(166912K) From: 1024K(1536K)->960K(1024K)
[29.416s][info][gc,heap        ] GC(298) ParOldGen: 7345K(349696K)->7433K(349696K)
[29.416s][info][gc,metaspace   ] GC(298) Metaspace: 14339K(15232K)->14339K(15232K) NonClass: 12358K(12864K)->12358K(12864K) Class: 1981K(2368K)->1981K(2368K)
[29.416s][info][gc             ] GC(298) Pause Young (Allocation Failure) 175M->8M(505M) 1.086ms
[29.416s][info][gc,cpu         ] GC(298) User=0.00s Sys=0.00s Real=0.00s
[29.537s][info][gc,start       ] GC(299) Pause Young (Allocation Failure)
[29.538s][info][gc,heap        ] GC(299) PSYoungGen: 167872K(167936K)->992K(163328K) Eden: 166912K(166912K)->0K(162304K) From: 960K(1024K)->992K(1024K)
[29.538s][info][gc,heap        ] GC(299) ParOldGen: 7433K(349696K)->7489K(349696K)
[29.538s][info][gc,metaspace   ] GC(299) Metaspace: 14339K(15232K)->14339K(15232K) NonClass: 12358K(12864K)->12358K(12864K) Class: 1981K(2368K)->1981K(2368K)
[29.538s][info][gc             ] GC(299) Pause Young (Allocation Failure) 171M->8M(501M) 1.138ms
[29.539s][info][gc,cpu         ] GC(299) User=0.00s Sys=0.00s Real=0.00s
[29.655s][info][gc,start       ] GC(300) Pause Young (Allocation Failure)
[29.656s][info][gc,heap        ] GC(300) PSYoungGen: 163296K(163328K)->1024K(159232K) Eden: 162304K(162304K)->0K(158208K) From: 992K(1024K)->1024K(1024K)
[29.656s][info][gc,heap        ] GC(300) ParOldGen: 7489K(349696K)->7529K(349696K)
[29.656s][info][gc,metaspace   ] GC(300) Metaspace: 14339K(15232K)->14339K(15232K) NonClass: 12358K(12864K)->12358K(12864K) Class: 1981K(2368K)->1981K(2368K)
[29.656s][info][gc             ] GC(300) Pause Young (Allocation Failure) 166M->8M(497M) 1.168ms
[29.657s][info][gc,cpu         ] GC(300) User=0.00s Sys=0.00s Real=0.00s
[29.771s][info][gc,start       ] GC(301) Pause Young (Allocation Failure)
[29.772s][info][gc,heap        ] GC(301) PSYoungGen: 159232K(159232K)->1024K(155136K) Eden: 158208K(158208K)->0K(154112K) From: 1024K(1024K)->1024K(1024K)
[29.772s][info][gc,heap        ] GC(301) ParOldGen: 7529K(349696K)->7593K(349696K)
[29.772s][info][gc,metaspace   ] GC(301) Metaspace: 14339K(15232K)->14339K(15232K) NonClass: 12358K(12864K)->12358K(12864K) Class: 1981K(2368K)->1981K(2368K)
[29.772s][info][gc             ] GC(301) Pause Young (Allocation Failure) 162M->8M(493M) 1.094ms
[29.772s][info][gc,cpu         ] GC(301) User=0.00s Sys=0.00s Real=0.00s
[29.882s][info][gc,start       ] GC(302) Pause Young (Allocation Failure)
[29.883s][info][gc,heap        ] GC(302) PSYoungGen: 155136K(155136K)->1024K(151040K) Eden: 154112K(154112K)->0K(150016K) From: 1024K(1024K)->1024K(1024K)
[29.883s][info][gc,heap        ] GC(302) ParOldGen: 7593K(349696K)->7657K(349696K)
[29.883s][info][gc,metaspace   ] GC(302) Metaspace: 14339K(15232K)->14339K(15232K) NonClass: 12358K(12864K)->12358K(12864K) Class: 1981K(2368K)->1981K(2368K)
[29.883s][info][gc             ] GC(302) Pause Young (Allocation Failure) 158M->8M(489M) 1.198ms
[29.883s][info][gc,cpu         ] GC(302) User=0.00s Sys=0.00s Real=0.00s
[29.987s][info][gc,start       ] GC(303) Pause Young (Allocation Failure)
[29.988s][info][gc,heap        ] GC(303) PSYoungGen: 151040K(151040K)->992K(147456K) Eden: 150016K(150016K)->0K(146432K) From: 1024K(1024K)->992K(1024K)
[29.989s][info][gc,heap        ] GC(303) ParOldGen: 7657K(349696K)->7713K(349696K)
[29.989s][info][gc,metaspace   ] GC(303) Metaspace: 14339K(15232K)->14339K(15232K) NonClass: 12358K(12864K)->12358K(12864K) Class: 1981K(2368K)->1981K(2368K)
[29.989s][info][gc             ] GC(303) Pause Young (Allocation Failure) 154M->8M(485M) 1.153ms
[29.989s][info][gc,cpu         ] GC(303) User=0.52s Sys=0.00s Real=0.00s
[30.093s][info][gc,start       ] GC(304) Pause Young (Allocation Failure)
[30.094s][info][gc,heap        ] GC(304) PSYoungGen: 147424K(147456K)->992K(143872K) Eden: 146432K(146432K)->0K(142848K) From: 992K(1024K)->992K(1024K)
[30.094s][info][gc,heap        ] GC(304) ParOldGen: 7713K(349696K)->7761K(349696K)
[30.094s][info][gc,metaspace   ] GC(304) Metaspace: 14339K(15232K)->14339K(15232K) NonClass: 12358K(12864K)->12358K(12864K) Class: 1981K(2368K)->1981K(2368K)
[30.094s][info][gc             ] GC(304) Pause Young (Allocation Failure) 151M->8M(482M) 1.195ms
[30.094s][info][gc,cpu         ] GC(304) User=0.00s Sys=0.00s Real=0.00s
[30.195s][info][gc,start       ] GC(305) Pause Young (Allocation Failure)
[30.196s][info][gc,heap        ] GC(305) PSYoungGen: 143840K(143872K)->960K(140288K) Eden: 142848K(142848K)->0K(139264K) From: 992K(1024K)->960K(1024K)
[30.196s][info][gc,heap        ] GC(305) ParOldGen: 7761K(349696K)->7809K(349696K)
[30.196s][info][gc,metaspace   ] GC(305) Metaspace: 14339K(15232K)->14339K(15232K) NonClass: 12358K(12864K)->12358K(12864K) Class: 1981K(2368K)->1981K(2368K)
[30.196s][info][gc             ] GC(305) Pause Young (Allocation Failure) 148M->8M(478M) 1.237ms
[30.196s][info][gc,cpu         ] GC(305) User=0.00s Sys=0.00s Real=0.00s
[30.296s][info][gc,start       ] GC(306) Pause Young (Allocation Failure)
[30.297s][info][gc,heap        ] GC(306) PSYoungGen: 140224K(140288K)->992K(137216K) Eden: 139264K(139264K)->0K(136192K) From: 960K(1024K)->992K(1024K)
[30.297s][info][gc,heap        ] GC(306) ParOldGen: 7809K(349696K)->7857K(349696K)
[30.297s][info][gc,metaspace   ] GC(306) Metaspace: 14339K(15232K)->14339K(15232K) NonClass: 12358K(12864K)->12358K(12864K) Class: 1981K(2368K)->1981K(2368K)
[30.297s][info][gc             ] GC(306) Pause Young (Allocation Failure) 144M->8M(475M) 1.252ms
[30.297s][info][gc,cpu         ] GC(306) User=0.00s Sys=0.00s Real=0.00s
[30.394s][info][gc,start       ] GC(307) Pause Young (Allocation Failure)
[30.395s][info][gc,heap        ] GC(307) PSYoungGen: 137184K(137216K)->992K(134144K) Eden: 136192K(136192K)->0K(133120K) From: 992K(1024K)->992K(1024K)
[30.395s][info][gc,heap        ] GC(307) ParOldGen: 7857K(349696K)->7913K(349696K)
[30.395s][info][gc,metaspace   ] GC(307) Metaspace: 14339K(15232K)->14339K(15232K) NonClass: 12358K(12864K)->12358K(12864K) Class: 1981K(2368K)->1981K(2368K)
[30.395s][info][gc             ] GC(307) Pause Young (Allocation Failure) 141M->8M(472M) 1.211ms
[30.395s][info][gc,cpu         ] GC(307) User=0.52s Sys=0.00s Real=0.00s
[30.490s][info][gc,start       ] GC(308) Pause Young (Allocation Failure)
[30.491s][info][gc,heap        ] GC(308) PSYoungGen: 134112K(134144K)->1024K(131072K) Eden: 133120K(133120K)->0K(130048K) From: 992K(1024K)->1024K(1024K)
[30.491s][info][gc,heap        ] GC(308) ParOldGen: 7913K(349696K)->7961K(349696K)
[30.491s][info][gc,metaspace   ] GC(308) Metaspace: 14339K(15232K)->14339K(15232K) NonClass: 12358K(12864K)->12358K(12864K) Class: 1981K(2368K)->1981K(2368K)
[30.491s][info][gc             ] GC(308) Pause Young (Allocation Failure) 138M->8M(469M) 1.322ms
[30.491s][info][gc,cpu         ] GC(308) User=0.00s Sys=0.00s Real=0.00s
[30.585s][info][gc,start       ] GC(309) Pause Young (Allocation Failure)
[30.586s][info][gc,heap        ] GC(309) PSYoungGen: 131072K(131072K)->928K(157184K) Eden: 130048K(130048K)->0K(156160K) From: 1024K(1024K)->928K(1024K)
[30.586s][info][gc,heap        ] GC(309) ParOldGen: 7961K(349696K)->8009K(349696K)
[30.586s][info][gc,metaspace   ] GC(309) Metaspace: 14339K(15232K)->14339K(15232K) NonClass: 12358K(12864K)->12358K(12864K) Class: 1981K(2368K)->1981K(2368K)
[30.586s][info][gc             ] GC(309) Pause Young (Allocation Failure) 135M->8M(495M) 1.261ms
[30.586s][info][gc,cpu         ] GC(309) User=0.00s Sys=0.00s Real=0.00s
[30.697s][info][gc,start       ] GC(310) Pause Young (Allocation Failure)
[30.699s][info][gc,heap        ] GC(310) PSYoungGen: 157088K(157184K)->960K(166912K) Eden: 156160K(156160K)->0K(165376K) From: 928K(1024K)->960K(1536K)
[30.699s][info][gc,heap        ] GC(310) ParOldGen: 8009K(349696K)->8073K(349696K)
[30.699s][info][gc,metaspace   ] GC(310) Metaspace: 14339K(15232K)->14339K(15232K) NonClass: 12358K(12864K)->12358K(12864K) Class: 1981K(2368K)->1981K(2368K)
[30.699s][info][gc             ] GC(310) Pause Young (Allocation Failure) 161M->8M(504M) 1.281ms
[30.699s][info][gc,cpu         ] GC(310) User=0.00s Sys=0.00s Real=0.00s
[30.817s][info][gc,start       ] GC(311) Pause Young (Allocation Failure)
[30.818s][info][gc,heap        ] GC(311) PSYoungGen: 166336K(166912K)->992K(166912K) Eden: 165376K(165376K)->0K(165376K) From: 960K(1536K)->992K(1536K)
[30.818s][info][gc,heap        ] GC(311) ParOldGen: 8073K(349696K)->8113K(349696K)
[30.818s][info][gc,metaspace   ] GC(311) Metaspace: 14339K(15232K)->14339K(15232K) NonClass: 12358K(12864K)->12358K(12864K) Class: 1981K(2368K)->1981K(2368K)
[30.818s][info][gc             ] GC(311) Pause Young (Allocation Failure) 170M->8M(504M) 1.281ms
[30.818s][info][gc,cpu         ] GC(311) User=0.00s Sys=0.00s Real=0.00s
[30.935s][info][gc,start       ] GC(312) Pause Young (Allocation Failure)
[30.936s][info][gc,heap        ] GC(312) PSYoungGen: 166368K(166912K)->1056K(173056K) Eden: 165376K(165376K)->0K(171520K) From: 992K(1536K)->1056K(1536K)
[30.936s][info][gc,heap        ] GC(312) ParOldGen: 8113K(349696K)->8145K(349696K)
[30.936s][info][gc,metaspace   ] GC(312) Metaspace: 14339K(15232K)->14339K(15232K) NonClass: 12358K(12864K)->12358K(12864K) Class: 1981K(2368K)->1981K(2368K)
[30.936s][info][gc             ] GC(312) Pause Young (Allocation Failure) 170M->8M(510M) 1.336ms
[30.936s][info][gc,cpu         ] GC(312) User=0.00s Sys=0.00s Real=0.00s
[31.060s][info][gc,start       ] GC(313) Pause Young (Allocation Failure)
[31.061s][info][gc,heap        ] GC(313) PSYoungGen: 172576K(173056K)->1056K(173056K) Eden: 171520K(171520K)->0K(171520K) From: 1056K(1536K)->1056K(1536K)
[31.061s][info][gc,heap        ] GC(313) ParOldGen: 8145K(349696K)->8185K(349696K)
[31.061s][info][gc,metaspace   ] GC(313) Metaspace: 14339K(15232K)->14339K(15232K) NonClass: 12358K(12864K)->12358K(12864K) Class: 1981K(2368K)->1981K(2368K)
[31.061s][info][gc             ] GC(313) Pause Young (Allocation Failure) 176M->9M(510M) 1.349ms
[31.061s][info][gc,cpu         ] GC(313) User=0.00s Sys=0.00s Real=0.00s
[31.183s][info][gc,start       ] GC(314) Pause Young (Allocation Failure)
[31.184s][info][gc,heap        ] GC(314) PSYoungGen: 172576K(173056K)->1024K(173056K) Eden: 171520K(171520K)->0K(171520K) From: 1056K(1536K)->1024K(1536K)
[31.184s][info][gc,heap        ] GC(314) ParOldGen: 8185K(349696K)->8273K(349696K)
[31.184s][info][gc,metaspace   ] GC(314) Metaspace: 14339K(15232K)->14339K(15232K) NonClass: 12358K(12864K)->12358K(12864K) Class: 1981K(2368K)->1981K(2368K)
[31.184s][info][gc             ] GC(314) Pause Young (Allocation Failure) 176M->9M(510M) 1.361ms
[31.184s][info][gc,cpu         ] GC(314) User=0.00s Sys=0.00s Real=0.00s
[31.307s][info][gc,start       ] GC(315) Pause Young (Allocation Failure)
[31.308s][info][gc,heap        ] GC(315) PSYoungGen: 172544K(173056K)->1024K(173056K) Eden: 171520K(171520K)->0K(171520K) From: 1024K(1536K)->1024K(1536K)
[31.308s][info][gc,heap        ] GC(315) ParOldGen: 8273K(349696K)->8337K(349696K)
[31.308s][info][gc,metaspace   ] GC(315) Metaspace: 14339K(15232K)->14339K(15232K) NonClass: 12358K(12864K)->12358K(12864K) Class: 1981K(2368K)->1981K(2368K)
[31.308s][info][gc             ] GC(315) Pause Young (Allocation Failure) 176M->9M(510M) 1.395ms
[31.308s][info][gc,cpu         ] GC(315) User=0.00s Sys=0.00s Real=0.00s
[31.432s][info][gc,start       ] GC(316) Pause Young (Allocation Failure)
[31.434s][info][gc,heap        ] GC(316) PSYoungGen: 172544K(173056K)->1024K(173056K) Eden: 171520K(171520K)->0K(171520K) From: 1024K(1536K)->1024K(1536K)
[31.434s][info][gc,heap        ] GC(316) ParOldGen: 8337K(349696K)->8401K(349696K)
[31.434s][info][gc,metaspace   ] GC(316) Metaspace: 14339K(15232K)->14339K(15232K) NonClass: 12358K(12864K)->12358K(12864K) Class: 1981K(2368K)->1981K(2368K)
[31.434s][info][gc             ] GC(316) Pause Young (Allocation Failure) 176M->9M(510M) 1.416ms
[31.434s][info][gc,cpu         ] GC(316) User=0.00s Sys=0.00s Real=0.00s
[31.556s][info][gc,start       ] GC(317) Pause Young (Allocation Failure)
[31.557s][info][gc,heap        ] GC(317) PSYoungGen: 172544K(173056K)->992K(173056K) Eden: 171520K(171520K)->0K(171520K) From: 1024K(1536K)->992K(1536K)
[31.557s][info][gc,heap        ] GC(317) ParOldGen: 8401K(349696K)->8465K(349696K)
[31.557s][info][gc,metaspace   ] GC(317) Metaspace: 14339K(15232K)->14339K(15232K) NonClass: 12358K(12864K)->12358K(12864K) Class: 1981K(2368K)->1981K(2368K)
[31.557s][info][gc             ] GC(317) Pause Young (Allocation Failure) 176M->9M(510M) 1.428ms
[31.557s][info][gc,cpu         ] GC(317) User=0.00s Sys=0.00s Real=0.00s
[31.678s][info][gc,start       ] GC(318) Pause Young (Allocation Failure)
[31.680s][info][gc,heap        ] GC(318) PSYoungGen: 172512K(173056K)->992K(173056K) Eden: 171520K(171520K)->0K(171520K) From: 992K(1536K)->992K(1536K)
[31.680s][info][gc,heap        ] GC(318) ParOldGen: 8465K(349696K)->8537K(349696K)
[31.680s][info][gc,metaspace   ] GC(318) Metaspace: 14339K(15232K)->14339K(15232K) NonClass: 12358K(12864K)->12358K(12864K) Class: 1981K(2368K)->1981K(2368K)
[31.680s][info][gc             ] GC(318) Pause Young (Allocation Failure) 176M->9M(510M) 1.470ms
[31.680s][info][gc,cpu         ] GC(318) User=0.00s Sys=0.00s Real=0.00s
[31.803s][info][gc,start       ] GC(319) Pause Young (Allocation Failure)
[31.804s][info][gc,heap        ] GC(319) PSYoungGen: 172512K(173056K)->1024K(173056K) Eden: 171520K(171520K)->0K(171520K) From: 992K(1536K)->1024K(1536K)
[31.804s][info][gc,heap        ] GC(319) ParOldGen: 8537K(349696K)->8585K(349696K)
[31.804s][info][gc,metaspace   ] GC(319) Metaspace: 14339K(15232K)->14339K(15232K) NonClass: 12358K(12864K)->12358K(12864K) Class: 1981K(2368K)->1981K(2368K)
[31.804s][info][gc             ] GC(319) Pause Young (Allocation Failure) 176M->9M(510M) 1.453ms
[31.804s][info][gc,cpu         ] GC(319) User=0.00s Sys=0.00s Real=0.00s
[31.925s][info][gc,start       ] GC(320) Pause Young (Allocation Failure)
[31.927s][info][gc,heap        ] GC(320) PSYoungGen: 172544K(173056K)->1024K(173056K) Eden: 171520K(171520K)->0K(171520K) From: 1024K(1536K)->1024K(1536K)
[31.927s][info][gc,heap        ] GC(320) ParOldGen: 8585K(349696K)->8649K(349696K)
[31.927s][info][gc,metaspace   ] GC(320) Metaspace: 14339K(15232K)->14339K(15232K) NonClass: 12358K(12864K)->12358K(12864K) Class: 1981K(2368K)->1981K(2368K)
[31.927s][info][gc             ] GC(320) Pause Young (Allocation Failure) 176M->9M(510M) 1.483ms
[31.927s][info][gc,cpu         ] GC(320) User=0.52s Sys=0.00s Real=0.00s
[32.048s][info][gc,start       ] GC(321) Pause Young (Allocation Failure)
[32.049s][info][gc,heap        ] GC(321) PSYoungGen: 172544K(173056K)->960K(173056K) Eden: 171520K(171520K)->0K(171520K) From: 1024K(1536K)->960K(1536K)
[32.049s][info][gc,heap        ] GC(321) ParOldGen: 8649K(349696K)->8713K(349696K)
[32.049s][info][gc,metaspace   ] GC(321) Metaspace: 14339K(15232K)->14339K(15232K) NonClass: 12358K(12864K)->12358K(12864K) Class: 1981K(2368K)->1981K(2368K)
[32.049s][info][gc             ] GC(321) Pause Young (Allocation Failure) 176M->9M(510M) 1.608ms
[32.050s][info][gc,cpu         ] GC(321) User=0.00s Sys=0.00s Real=0.00s
[32.172s][info][gc,start       ] GC(322) Pause Young (Allocation Failure)
[32.174s][info][gc,heap        ] GC(322) PSYoungGen: 172480K(173056K)->1024K(173056K) Eden: 171520K(171520K)->0K(171520K) From: 960K(1536K)->1024K(1536K)
[32.174s][info][gc,heap        ] GC(322) ParOldGen: 8713K(349696K)->8777K(349696K)
[32.174s][info][gc,metaspace   ] GC(322) Metaspace: 14339K(15232K)->14339K(15232K) NonClass: 12358K(12864K)->12358K(12864K) Class: 1981K(2368K)->1981K(2368K)
[32.174s][info][gc             ] GC(322) Pause Young (Allocation Failure) 176M->9M(510M) 1.528ms
[32.174s][info][gc,cpu         ] GC(322) User=0.00s Sys=0.00s Real=0.00s
[32.299s][info][gc,start       ] GC(323) Pause Young (Allocation Failure)
[32.300s][info][gc,heap        ] GC(323) PSYoungGen: 172544K(173056K)->992K(173056K) Eden: 171520K(171520K)->0K(171520K) From: 1024K(1536K)->992K(1536K)
[32.300s][info][gc,heap        ] GC(323) ParOldGen: 8777K(349696K)->8841K(349696K)
[32.300s][info][gc,metaspace   ] GC(323) Metaspace: 14339K(15232K)->14339K(15232K) NonClass: 12358K(12864K)->12358K(12864K) Class: 1981K(2368K)->1981K(2368K)
[32.300s][info][gc             ] GC(323) Pause Young (Allocation Failure) 177M->9M(510M) 1.546ms
[32.300s][info][gc,cpu         ] GC(323) User=0.00s Sys=0.00s Real=0.00s
[32.424s][info][gc,start       ] GC(324) Pause Young (Allocation Failure)
[32.426s][info][gc,heap        ] GC(324) PSYoungGen: 172512K(173056K)->1024K(173056K) Eden: 171520K(171520K)->0K(171520K) From: 992K(1536K)->1024K(1536K)
[32.426s][info][gc,heap        ] GC(324) ParOldGen: 8841K(349696K)->8905K(349696K)
[32.426s][info][gc,metaspace   ] GC(324) Metaspace: 14339K(15232K)->14339K(15232K) NonClass: 12358K(12864K)->12358K(12864K) Class: 1981K(2368K)->1981K(2368K)
[32.426s][info][gc             ] GC(324) Pause Young (Allocation Failure) 177M->9M(510M) 1.593ms
[32.426s][info][gc,cpu         ] GC(324) User=0.00s Sys=0.00s Real=0.00s
[32.550s][info][gc,start       ] GC(325) Pause Young (Allocation Failure)
[32.552s][info][gc,heap        ] GC(325) PSYoungGen: 172544K(173056K)->1024K(173056K) Eden: 171520K(171520K)->0K(171520K) From: 1024K(1536K)->1024K(1536K)
[32.552s][info][gc,heap        ] GC(325) ParOldGen: 8905K(349696K)->8977K(349696K)
[32.552s][info][gc,metaspace   ] GC(325) Metaspace: 14339K(15232K)->14339K(15232K) NonClass: 12358K(12864K)->12358K(12864K) Class: 1981K(2368K)->1981K(2368K)
[32.552s][info][gc             ] GC(325) Pause Young (Allocation Failure) 177M->9M(510M) 1.598ms
[32.552s][info][gc,cpu         ] GC(325) User=0.52s Sys=0.00s Real=0.00s
[32.698s][info][gc,start       ] GC(326) Pause Young (Allocation Failure)
[32.700s][info][gc,heap        ] GC(326) PSYoungGen: 172544K(173056K)->992K(173056K) Eden: 171520K(171520K)->0K(171520K) From: 1024K(1536K)->992K(1536K)
[32.700s][info][gc,heap        ] GC(326) ParOldGen: 8977K(349696K)->9049K(349696K)
[32.700s][info][gc,metaspace   ] GC(326) Metaspace: 14339K(15232K)->14339K(15232K) NonClass: 12358K(12864K)->12358K(12864K) Class: 1981K(2368K)->1981K(2368K)
[32.700s][info][gc             ] GC(326) Pause Young (Allocation Failure) 177M->9M(510M) 1.853ms
[32.700s][info][gc,cpu         ] GC(326) User=0.00s Sys=0.00s Real=0.00s
[32.829s][info][gc,start       ] GC(327) Pause Young (Allocation Failure)
[32.831s][info][gc,heap        ] GC(327) PSYoungGen: 172512K(173056K)->1024K(173056K) Eden: 171520K(171520K)->0K(171520K) From: 992K(1536K)->1024K(1536K)
[32.831s][info][gc,heap        ] GC(327) ParOldGen: 9049K(349696K)->9105K(349696K)
[32.831s][info][gc,metaspace   ] GC(327) Metaspace: 14339K(15232K)->14339K(15232K) NonClass: 12358K(12864K)->12358K(12864K) Class: 1981K(2368K)->1981K(2368K)
[32.831s][info][gc             ] GC(327) Pause Young (Allocation Failure) 177M->9M(510M) 1.589ms
[32.831s][info][gc,cpu         ] GC(327) User=0.00s Sys=0.00s Real=0.00s
[32.958s][info][gc,start       ] GC(328) Pause Young (Allocation Failure)
[32.960s][info][gc,heap        ] GC(328) PSYoungGen: 172544K(173056K)->1024K(173056K) Eden: 171520K(171520K)->0K(171520K) From: 1024K(1536K)->1024K(1536K)
[32.960s][info][gc,heap        ] GC(328) ParOldGen: 9105K(349696K)->9153K(349696K)
[32.960s][info][gc,metaspace   ] GC(328) Metaspace: 14339K(15232K)->14339K(15232K) NonClass: 12358K(12864K)->12358K(12864K) Class: 1981K(2368K)->1981K(2368K)
[32.960s][info][gc             ] GC(328) Pause Young (Allocation Failure) 177M->9M(510M) 1.414ms
[32.960s][info][gc,cpu         ] GC(328) User=0.00s Sys=0.00s Real=0.00s
[33.086s][info][gc,start       ] GC(329) Pause Young (Allocation Failure)
[33.087s][info][gc,heap        ] GC(329) PSYoungGen: 172544K(173056K)->1024K(173056K) Eden: 171520K(171520K)->0K(171520K) From: 1024K(1536K)->1024K(1536K)
[33.087s][info][gc,heap        ] GC(329) ParOldGen: 9153K(349696K)->9217K(349696K)
[33.087s][info][gc,metaspace   ] GC(329) Metaspace: 14339K(15232K)->14339K(15232K) NonClass: 12358K(12864K)->12358K(12864K) Class: 1981K(2368K)->1981K(2368K)
[33.087s][info][gc             ] GC(329) Pause Young (Allocation Failure) 177M->10M(510M) 1.359ms
[33.087s][info][gc,cpu         ] GC(329) User=0.00s Sys=0.00s Real=0.00s
[33.218s][info][gc,start       ] GC(330) Pause Young (Allocation Failure)
[33.220s][info][gc,heap        ] GC(330) PSYoungGen: 172544K(173056K)->960K(173056K) Eden: 171520K(171520K)->0K(171520K) From: 1024K(1536K)->960K(1536K)
[33.220s][info][gc,heap        ] GC(330) ParOldGen: 9217K(349696K)->9273K(349696K)
[33.220s][info][gc,metaspace   ] GC(330) Metaspace: 14339K(15232K)->14339K(15232K) NonClass: 12358K(12864K)->12358K(12864K) Class: 1981K(2368K)->1981K(2368K)
[33.220s][info][gc             ] GC(330) Pause Young (Allocation Failure) 177M->9M(510M) 1.320ms
[33.220s][info][gc,cpu         ] GC(330) User=0.00s Sys=0.00s Real=0.00s
[33.351s][info][gc,start       ] GC(331) Pause Young (Allocation Failure)
[33.352s][info][gc,heap        ] GC(331) PSYoungGen: 172480K(173056K)->1024K(167936K) Eden: 171520K(171520K)->0K(166912K) From: 960K(1536K)->1024K(1024K)
[33.352s][info][gc,heap        ] GC(331) ParOldGen: 9273K(349696K)->9337K(349696K)
[33.352s][info][gc,metaspace   ] GC(331) Metaspace: 14339K(15232K)->14339K(15232K) NonClass: 12358K(12864K)->12358K(12864K) Class: 1981K(2368K)->1981K(2368K)
[33.352s][info][gc             ] GC(331) Pause Young (Allocation Failure) 177M->10M(505M) 1.208ms
[33.352s][info][gc,cpu         ] GC(331) User=0.00s Sys=0.00s Real=0.00s
[33.477s][info][gc,start       ] GC(332) Pause Young (Allocation Failure)
[33.478s][info][gc,heap        ] GC(332) PSYoungGen: 167936K(167936K)->1024K(163328K) Eden: 166912K(166912K)->0K(162304K) From: 1024K(1024K)->1024K(1024K)
[33.478s][info][gc,heap        ] GC(332) ParOldGen: 9337K(349696K)->9425K(349696K)
[33.478s][info][gc,metaspace   ] GC(332) Metaspace: 14339K(15232K)->14339K(15232K) NonClass: 12358K(12864K)->12358K(12864K) Class: 1981K(2368K)->1981K(2368K)
[33.478s][info][gc             ] GC(332) Pause Young (Allocation Failure) 173M->10M(501M) 1.128ms
[33.478s][info][gc,cpu         ] GC(332) User=0.00s Sys=0.00s Real=0.00s
[33.595s][info][gc,start       ] GC(333) Pause Young (Allocation Failure)
[33.596s][info][gc,heap        ] GC(333) PSYoungGen: 163328K(163328K)->992K(159232K) Eden: 162304K(162304K)->0K(158208K) From: 1024K(1024K)->992K(1024K)
[33.596s][info][gc,heap        ] GC(333) ParOldGen: 9425K(349696K)->9481K(349696K)
[33.596s][info][gc,metaspace   ] GC(333) Metaspace: 14339K(15232K)->14339K(15232K) NonClass: 12358K(12864K)->12358K(12864K) Class: 1981K(2368K)->1981K(2368K)
[33.596s][info][gc             ] GC(333) Pause Young (Allocation Failure) 168M->10M(497M) 1.194ms
[33.596s][info][gc,cpu         ] GC(333) User=0.00s Sys=0.00s Real=0.00s
[33.706s][info][gc,start       ] GC(334) Pause Young (Allocation Failure)
[33.707s][info][gc,heap        ] GC(334) PSYoungGen: 159200K(159232K)->1024K(155136K) Eden: 158208K(158208K)->0K(154112K) From: 992K(1024K)->1024K(1024K)
[33.707s][info][gc,heap        ] GC(334) ParOldGen: 9481K(349696K)->9545K(349696K)
[33.707s][info][gc,metaspace   ] GC(334) Metaspace: 14339K(15232K)->14339K(15232K) NonClass: 12358K(12864K)->12358K(12864K) Class: 1981K(2368K)->1981K(2368K)
[33.707s][info][gc             ] GC(334) Pause Young (Allocation Failure) 164M->10M(493M) 1.215ms
[33.707s][info][gc,cpu         ] GC(334) User=0.02s Sys=0.00s Real=0.00s
[33.817s][info][gc,start       ] GC(335) Pause Young (Allocation Failure)
[33.818s][info][gc,heap        ] GC(335) PSYoungGen: 155136K(155136K)->1024K(151040K) Eden: 154112K(154112K)->0K(150016K) From: 1024K(1024K)->1024K(1024K)
[33.818s][info][gc,heap        ] GC(335) ParOldGen: 9545K(349696K)->9593K(349696K)
[33.818s][info][gc,metaspace   ] GC(335) Metaspace: 14339K(15232K)->14339K(15232K) NonClass: 12358K(12864K)->12358K(12864K) Class: 1981K(2368K)->1981K(2368K)
[33.818s][info][gc             ] GC(335) Pause Young (Allocation Failure) 160M->10M(489M) 1.226ms
[33.818s][info][gc,cpu         ] GC(335) User=0.00s Sys=0.00s Real=0.00s
[33.927s][info][gc,start       ] GC(336) Pause Young (Allocation Failure)
[33.928s][info][gc,heap        ] GC(336) PSYoungGen: 151040K(151040K)->992K(147456K) Eden: 150016K(150016K)->0K(146432K) From: 1024K(1024K)->992K(1024K)
[33.928s][info][gc,heap        ] GC(336) ParOldGen: 9593K(349696K)->9625K(349696K)
[33.928s][info][gc,metaspace   ] GC(336) Metaspace: 14339K(15232K)->14339K(15232K) NonClass: 12358K(12864K)->12358K(12864K) Class: 1981K(2368K)->1981K(2368K)
[33.928s][info][gc             ] GC(336) Pause Young (Allocation Failure) 156M->10M(485M) 1.250ms
[33.928s][info][gc,cpu         ] GC(336) User=0.00s Sys=0.00s Real=0.00s
[34.033s][info][gc,start       ] GC(337) Pause Young (Allocation Failure)
[34.035s][info][gc,heap        ] GC(337) PSYoungGen: 147424K(147456K)->960K(143872K) Eden: 146432K(146432K)->0K(142848K) From: 992K(1024K)->960K(1024K)
[34.035s][info][gc,heap        ] GC(337) ParOldGen: 9625K(349696K)->9665K(349696K)
[34.035s][info][gc,metaspace   ] GC(337) Metaspace: 14339K(15232K)->14339K(15232K) NonClass: 12358K(12864K)->12358K(12864K) Class: 1981K(2368K)->1981K(2368K)
[34.035s][info][gc             ] GC(337) Pause Young (Allocation Failure) 153M->10M(482M) 1.286ms
[34.035s][info][gc,cpu         ] GC(337) User=0.00s Sys=0.00s Real=0.00s
[34.136s][info][gc,start       ] GC(338) Pause Young (Allocation Failure)
[34.137s][info][gc,heap        ] GC(338) PSYoungGen: 143807K(143872K)->992K(140288K) Eden: 142847K(142848K)->0K(139264K) From: 960K(1024K)->992K(1024K)
[34.137s][info][gc,heap        ] GC(338) ParOldGen: 9665K(349696K)->9705K(349696K)
[34.137s][info][gc,metaspace   ] GC(338) Metaspace: 14339K(15232K)->14339K(15232K) NonClass: 12358K(12864K)->12358K(12864K) Class: 1981K(2368K)->1981K(2368K)
[34.137s][info][gc             ] GC(338) Pause Young (Allocation Failure) 149M->10M(478M) 1.298ms
[34.137s][info][gc,cpu         ] GC(338) User=0.00s Sys=0.00s Real=0.00s
[34.236s][info][gc,start       ] GC(339) Pause Young (Allocation Failure)
[34.237s][info][gc,heap        ] GC(339) PSYoungGen: 140256K(140288K)->1024K(168960K) Eden: 139264K(139264K)->0K(167424K) From: 992K(1024K)->1024K(1536K)
[34.237s][info][gc,heap        ] GC(339) ParOldGen: 9705K(349696K)->9753K(349696K)
[34.237s][info][gc,metaspace   ] GC(339) Metaspace: 14339K(15232K)->14339K(15232K) NonClass: 12358K(12864K)->12358K(12864K) Class: 1981K(2368K)->1981K(2368K)
[34.237s][info][gc             ] GC(339) Pause Young (Allocation Failure) 146M->10M(506M) 1.258ms
[34.237s][info][gc,cpu         ] GC(339) User=0.00s Sys=0.00s Real=0.00s
[34.355s][info][gc,start       ] GC(340) Pause Young (Allocation Failure)
[34.371s][info][gc,heap        ] GC(340) PSYoungGen: 168448K(168960K)->960K(163840K) Eden: 167424K(167424K)->0K(162816K) From: 1024K(1536K)->960K(1024K)
[34.371s][info][gc,heap        ] GC(340) ParOldGen: 9753K(349696K)->9841K(349696K)
[34.371s][info][gc,metaspace   ] GC(340) Metaspace: 14339K(15232K)->14339K(15232K) NonClass: 12358K(12864K)->12358K(12864K) Class: 1981K(2368K)->1981K(2368K)
[34.371s][info][gc             ] GC(340) Pause Young (Allocation Failure) 174M->10M(501M) 15.578ms
[34.371s][info][gc,cpu         ] GC(340) User=0.00s Sys=0.00s Real=0.02s
[34.488s][info][gc,start       ] GC(341) Pause Young (Allocation Failure)
[34.489s][info][gc,heap        ] GC(341) PSYoungGen: 163776K(163840K)->992K(159744K) Eden: 162816K(162816K)->0K(158720K) From: 960K(1024K)->992K(1024K)
[34.490s][info][gc,heap        ] GC(341) ParOldGen: 9841K(349696K)->9905K(349696K)
[34.490s][info][gc,metaspace   ] GC(341) Metaspace: 14339K(15232K)->14339K(15232K) NonClass: 12358K(12864K)->12358K(12864K) Class: 1981K(2368K)->1981K(2368K)
[34.490s][info][gc             ] GC(341) Pause Young (Allocation Failure) 169M->10M(497M) 1.410ms
[34.490s][info][gc,cpu         ] GC(341) User=0.52s Sys=0.00s Real=0.00s
[34.605s][info][gc,start       ] GC(342) Pause Young (Allocation Failure)
[34.606s][info][gc,heap        ] GC(342) PSYoungGen: 159712K(159744K)->992K(167936K) Eden: 158720K(158720K)->0K(166400K) From: 992K(1024K)->992K(1536K)
[34.606s][info][gc,heap        ] GC(342) ParOldGen: 9905K(349696K)->9977K(349696K)
[34.606s][info][gc,metaspace   ] GC(342) Metaspace: 14339K(15232K)->14339K(15232K) NonClass: 12358K(12864K)->12358K(12864K) Class: 1981K(2368K)->1981K(2368K)
[34.606s][info][gc             ] GC(342) Pause Young (Allocation Failure) 165M->10M(505M) 1.352ms
[34.606s][info][gc,cpu         ] GC(342) User=0.00s Sys=0.00s Real=0.00s
[34.725s][info][gc,start       ] GC(343) Pause Young (Allocation Failure)
[34.727s][info][gc,heap        ] GC(343) PSYoungGen: 167392K(167936K)->992K(162816K) Eden: 166400K(166400K)->0K(161792K) From: 992K(1536K)->992K(1024K)
[34.727s][info][gc,heap        ] GC(343) ParOldGen: 9977K(349696K)->10017K(349696K)
[34.727s][info][gc,metaspace   ] GC(343) Metaspace: 14339K(15232K)->14339K(15232K) NonClass: 12358K(12864K)->12358K(12864K) Class: 1981K(2368K)->1981K(2368K)
[34.727s][info][gc             ] GC(343) Pause Young (Allocation Failure) 173M->10M(500M) 1.491ms
[34.727s][info][gc,cpu         ] GC(343) User=0.00s Sys=0.00s Real=0.00s
[34.844s][info][gc,start       ] GC(344) Pause Young (Allocation Failure)
[34.845s][info][gc,heap        ] GC(344) PSYoungGen: 162784K(162816K)->992K(166912K) Eden: 161792K(161792K)->0K(165888K) From: 992K(1024K)->992K(1024K)
[34.845s][info][gc,heap        ] GC(344) ParOldGen: 10017K(349696K)->10065K(349696K)
[34.845s][info][gc,metaspace   ] GC(344) Metaspace: 14339K(15232K)->14339K(15232K) NonClass: 12358K(12864K)->12358K(12864K) Class: 1981K(2368K)->1981K(2368K)
[34.845s][info][gc             ] GC(344) Pause Young (Allocation Failure) 168M->10M(504M) 1.400ms
[34.845s][info][gc,cpu         ] GC(344) User=0.00s Sys=0.00s Real=0.00s
[34.965s][info][gc,start       ] GC(345) Pause Young (Allocation Failure)
[34.967s][info][gc,heap        ] GC(345) PSYoungGen: 166880K(166912K)->1024K(167424K) Eden: 165888K(165888K)->0K(165888K) From: 992K(1024K)->1024K(1536K)
[34.967s][info][gc,heap        ] GC(345) ParOldGen: 10065K(349696K)->10105K(349696K)
[34.967s][info][gc,metaspace   ] GC(345) Metaspace: 14339K(15232K)->14339K(15232K) NonClass: 12358K(12864K)->12358K(12864K) Class: 1981K(2368K)->1981K(2368K)
[34.967s][info][gc             ] GC(345) Pause Young (Allocation Failure) 172M->10M(505M) 1.400ms
[34.967s][info][gc,cpu         ] GC(345) User=0.00s Sys=0.00s Real=0.00s
[35.087s][info][gc,start       ] GC(346) Pause Young (Allocation Failure)
[35.088s][info][gc,heap        ] GC(346) PSYoungGen: 166912K(167424K)->1056K(173056K) Eden: 165888K(165888K)->0K(171520K) From: 1024K(1536K)->1056K(1536K)
[35.088s][info][gc,heap        ] GC(346) ParOldGen: 10105K(349696K)->10137K(349696K)
[35.088s][info][gc,metaspace   ] GC(346) Metaspace: 14339K(15232K)->14339K(15232K) NonClass: 12358K(12864K)->12358K(12864K) Class: 1981K(2368K)->1981K(2368K)
[35.088s][info][gc             ] GC(346) Pause Young (Allocation Failure) 172M->10M(510M) 1.423ms
[35.088s][info][gc,cpu         ] GC(346) User=0.00s Sys=0.00s Real=0.00s
[35.211s][info][gc,start       ] GC(347) Pause Young (Allocation Failure)
[35.212s][info][gc,heap        ] GC(347) PSYoungGen: 172576K(173056K)->1056K(173056K) Eden: 171520K(171520K)->0K(171520K) From: 1056K(1536K)->1056K(1536K)
[35.212s][info][gc,heap        ] GC(347) ParOldGen: 10137K(349696K)->10185K(349696K)
[35.212s][info][gc,metaspace   ] GC(347) Metaspace: 14339K(15232K)->14339K(15232K) NonClass: 12358K(12864K)->12358K(12864K) Class: 1981K(2368K)->1981K(2368K)
[35.212s][info][gc             ] GC(347) Pause Young (Allocation Failure) 178M->10M(510M) 1.491ms
[35.212s][info][gc,cpu         ] GC(347) User=0.00s Sys=0.00s Real=0.00s
[35.334s][info][gc,start       ] GC(348) Pause Young (Allocation Failure)
[35.335s][info][gc,heap        ] GC(348) PSYoungGen: 172576K(173056K)->992K(173056K) Eden: 171520K(171520K)->0K(171520K) From: 1056K(1536K)->992K(1536K)
[35.335s][info][gc,heap        ] GC(348) ParOldGen: 10185K(349696K)->10241K(349696K)
[35.335s][info][gc,metaspace   ] GC(348) Metaspace: 14339K(15232K)->14339K(15232K) NonClass: 12358K(12864K)->12358K(12864K) Class: 1981K(2368K)->1981K(2368K)
[35.335s][info][gc             ] GC(348) Pause Young (Allocation Failure) 178M->10M(510M) 1.466ms
[35.335s][info][gc,cpu         ] GC(348) User=0.00s Sys=0.00s Real=0.00s
[35.458s][info][gc,start       ] GC(349) Pause Young (Allocation Failure)
[35.459s][info][gc,heap        ] GC(349) PSYoungGen: 172512K(173056K)->1024K(173056K) Eden: 171520K(171520K)->0K(171520K) From: 992K(1536K)->1024K(1536K)
[35.459s][info][gc,heap        ] GC(349) ParOldGen: 10241K(349696K)->10305K(349696K)
[35.459s][info][gc,metaspace   ] GC(349) Metaspace: 14339K(15232K)->14339K(15232K) NonClass: 12358K(12864K)->12358K(12864K) Class: 1981K(2368K)->1981K(2368K)
[35.459s][info][gc             ] GC(349) Pause Young (Allocation Failure) 178M->11M(510M) 1.497ms
[35.459s][info][gc,cpu         ] GC(349) User=0.00s Sys=0.00s Real=0.00s
[35.583s][info][gc,start       ] GC(350) Pause Young (Allocation Failure)
[35.585s][info][gc,heap        ] GC(350) PSYoungGen: 172544K(173056K)->992K(173056K) Eden: 171520K(171520K)->0K(171520K) From: 1024K(1536K)->992K(1536K)
[35.585s][info][gc,heap        ] GC(350) ParOldGen: 10305K(349696K)->10337K(349696K)
[35.585s][info][gc,metaspace   ] GC(350) Metaspace: 14339K(15232K)->14339K(15232K) NonClass: 12358K(12864K)->12358K(12864K) Class: 1981K(2368K)->1981K(2368K)
[35.585s][info][gc             ] GC(350) Pause Young (Allocation Failure) 178M->11M(510M) 1.528ms
[35.585s][info][gc,cpu         ] GC(350) User=0.00s Sys=0.00s Real=0.00s
[35.706s][info][gc,start       ] GC(351) Pause Young (Allocation Failure)
[35.708s][info][gc,heap        ] GC(351) PSYoungGen: 172512K(173056K)->1024K(173056K) Eden: 171520K(171520K)->0K(171520K) From: 992K(1536K)->1024K(1536K)
[35.734s][info][gc,heap        ] GC(351) ParOldGen: 10337K(349696K)->10393K(349696K)
[35.734s][info][gc,metaspace   ] GC(351) Metaspace: 14339K(15232K)->14339K(15232K) NonClass: 12358K(12864K)->12358K(12864K) Class: 1981K(2368K)->1981K(2368K)
[35.734s][info][gc             ] GC(351) Pause Young (Allocation Failure) 178M->11M(510M) 27.988ms
[35.734s][info][gc,cpu         ] GC(351) User=0.52s Sys=0.00s Real=0.03s
[35.861s][info][gc,start       ] GC(352) Pause Young (Allocation Failure)
[35.862s][info][gc,heap        ] GC(352) PSYoungGen: 172544K(173056K)->1024K(173056K) Eden: 171520K(171520K)->0K(171520K) From: 1024K(1536K)->1024K(1536K)
[35.862s][info][gc,heap        ] GC(352) ParOldGen: 10393K(349696K)->10489K(349696K)
[35.862s][info][gc,metaspace   ] GC(352) Metaspace: 14339K(15232K)->14339K(15232K) NonClass: 12358K(12864K)->12358K(12864K) Class: 1981K(2368K)->1981K(2368K)
[35.863s][info][gc             ] GC(352) Pause Young (Allocation Failure) 178M->11M(510M) 1.569ms
[35.863s][info][gc,cpu         ] GC(352) User=0.00s Sys=0.00s Real=0.00s
[35.985s][info][gc,start       ] GC(353) Pause Young (Allocation Failure)
[35.987s][info][gc,heap        ] GC(353) PSYoungGen: 172544K(173056K)->992K(173056K) Eden: 171520K(171520K)->0K(171520K) From: 1024K(1536K)->992K(1536K)
[35.987s][info][gc,heap        ] GC(353) ParOldGen: 10489K(349696K)->10553K(349696K)
[35.987s][info][gc,metaspace   ] GC(353) Metaspace: 14339K(15232K)->14339K(15232K) NonClass: 12358K(12864K)->12358K(12864K) Class: 1981K(2368K)->1981K(2368K)
[35.987s][info][gc             ] GC(353) Pause Young (Allocation Failure) 178M->11M(510M) 1.618ms
[35.987s][info][gc,cpu         ] GC(353) User=0.00s Sys=0.00s Real=0.00s
[36.110s][info][gc,start       ] GC(354) Pause Young (Allocation Failure)
[36.111s][info][gc,heap        ] GC(354) PSYoungGen: 172512K(173056K)->992K(173056K) Eden: 171520K(171520K)->0K(171520K) From: 992K(1536K)->992K(1536K)
[36.111s][info][gc,heap        ] GC(354) ParOldGen: 10553K(349696K)->10601K(349696K)
[36.111s][info][gc,metaspace   ] GC(354) Metaspace: 14339K(15232K)->14339K(15232K) NonClass: 12358K(12864K)->12358K(12864K) Class: 1981K(2368K)->1981K(2368K)
[36.111s][info][gc             ] GC(354) Pause Young (Allocation Failure) 178M->11M(510M) 1.600ms
[36.111s][info][gc,cpu         ] GC(354) User=0.00s Sys=0.00s Real=0.00s
[36.234s][info][gc,start       ] GC(355) Pause Young (Allocation Failure)
[36.236s][info][gc,heap        ] GC(355) PSYoungGen: 172512K(173056K)->1024K(173056K) Eden: 171520K(171520K)->0K(171520K) From: 992K(1536K)->1024K(1536K)
[36.236s][info][gc,heap        ] GC(355) ParOldGen: 10601K(349696K)->10657K(349696K)
[36.236s][info][gc,metaspace   ] GC(355) Metaspace: 14339K(15232K)->14339K(15232K) NonClass: 12358K(12864K)->12358K(12864K) Class: 1981K(2368K)->1981K(2368K)
[36.236s][info][gc             ] GC(355) Pause Young (Allocation Failure) 178M->11M(510M) 1.666ms
[36.236s][info][gc,cpu         ] GC(355) User=0.00s Sys=0.00s Real=0.00s
[36.522s][info][gc,start       ] GC(356) Pause Young (Allocation Failure)
[36.524s][info][gc,heap        ] GC(356) PSYoungGen: 172544K(173056K)->992K(173056K) Eden: 171520K(171520K)->0K(171520K) From: 1024K(1536K)->992K(1536K)
[36.524s][info][gc,heap        ] GC(356) ParOldGen: 10657K(349696K)->10697K(349696K)
[36.524s][info][gc,metaspace   ] GC(356) Metaspace: 14339K(15232K)->14339K(15232K) NonClass: 12358K(12864K)->12358K(12864K) Class: 1981K(2368K)->1981K(2368K)
[36.524s][info][gc             ] GC(356) Pause Young (Allocation Failure) 178M->11M(510M) 2.280ms
[36.524s][info][gc,cpu         ] GC(356) User=0.00s Sys=0.00s Real=0.00s
[36.658s][info][gc,start       ] GC(357) Pause Young (Allocation Failure)
[36.660s][info][gc,heap        ] GC(357) PSYoungGen: 172512K(173056K)->992K(173056K) Eden: 171520K(171520K)->0K(171520K) From: 992K(1536K)->992K(1536K)
[36.660s][info][gc,heap        ] GC(357) ParOldGen: 10697K(349696K)->10753K(349696K)
[36.660s][info][gc,metaspace   ] GC(357) Metaspace: 14339K(15232K)->14339K(15232K) NonClass: 12358K(12864K)->12358K(12864K) Class: 1981K(2368K)->1981K(2368K)
[36.660s][info][gc             ] GC(357) Pause Young (Allocation Failure) 178M->11M(510M) 1.560ms
[36.660s][info][gc,cpu         ] GC(357) User=0.00s Sys=0.00s Real=0.00s
[36.784s][info][gc,start       ] GC(358) Pause Young (Allocation Failure)
[36.786s][info][gc,heap        ] GC(358) PSYoungGen: 172512K(173056K)->992K(173056K) Eden: 171520K(171520K)->0K(171520K) From: 992K(1536K)->992K(1536K)
[36.786s][info][gc,heap        ] GC(358) ParOldGen: 10753K(349696K)->10809K(349696K)
[36.786s][info][gc,metaspace   ] GC(358) Metaspace: 14339K(15232K)->14339K(15232K) NonClass: 12358K(12864K)->12358K(12864K) Class: 1981K(2368K)->1981K(2368K)
[36.786s][info][gc             ] GC(358) Pause Young (Allocation Failure) 178M->11M(510M) 1.495ms
[36.786s][info][gc,cpu         ] GC(358) User=0.52s Sys=0.00s Real=0.00s
[36.912s][info][gc,start       ] GC(359) Pause Young (Allocation Failure)
[36.914s][info][gc,heap        ] GC(359) PSYoungGen: 172512K(173056K)->992K(173056K) Eden: 171520K(171520K)->0K(171520K) From: 992K(1536K)->992K(1536K)
[36.914s][info][gc,heap        ] GC(359) ParOldGen: 10809K(349696K)->10889K(349696K)
[36.914s][info][gc,metaspace   ] GC(359) Metaspace: 14339K(15232K)->14339K(15232K) NonClass: 12358K(12864K)->12358K(12864K) Class: 1981K(2368K)->1981K(2368K)
[36.914s][info][gc             ] GC(359) Pause Young (Allocation Failure) 179M->11M(510M) 1.409ms
[36.914s][info][gc,cpu         ] GC(359) User=0.00s Sys=0.00s Real=0.00s
[37.042s][info][gc,start       ] GC(360) Pause Young (Allocation Failure)
[37.043s][info][gc,heap        ] GC(360) PSYoungGen: 172512K(173056K)->960K(173056K) Eden: 171520K(171520K)->0K(171520K) From: 992K(1536K)->960K(1536K)
[37.043s][info][gc,heap        ] GC(360) ParOldGen: 10889K(349696K)->10953K(349696K)
[37.043s][info][gc,metaspace   ] GC(360) Metaspace: 14339K(15232K)->14339K(15232K) NonClass: 12358K(12864K)->12358K(12864K) Class: 1981K(2368K)->1981K(2368K)
[37.043s][info][gc             ] GC(360) Pause Young (Allocation Failure) 179M->11M(510M) 1.347ms
[37.043s][info][gc,cpu         ] GC(360) User=0.00s Sys=0.00s Real=0.00s
[37.176s][info][gc,start       ] GC(361) Pause Young (Allocation Failure)
[37.179s][info][gc,heap        ] GC(361) PSYoungGen: 172480K(173056K)->992K(167936K) Eden: 171520K(171520K)->0K(166912K) From: 960K(1536K)->992K(1024K)
[37.179s][info][gc,heap        ] GC(361) ParOldGen: 10953K(349696K)->11025K(349696K)
[37.179s][info][gc,metaspace   ] GC(361) Metaspace: 14339K(15232K)->14339K(15232K) NonClass: 12358K(12864K)->12358K(12864K) Class: 1981K(2368K)->1981K(2368K)
[37.179s][info][gc             ] GC(361) Pause Young (Allocation Failure) 179M->11M(505M) 2.874ms
[37.179s][info][gc,cpu         ] GC(361) User=0.00s Sys=0.00s Real=0.00s
[37.309s][info][gc,start       ] GC(362) Pause Young (Allocation Failure)
[37.310s][info][gc,heap        ] GC(362) PSYoungGen: 167904K(167936K)->1024K(163328K) Eden: 166912K(166912K)->0K(162304K) From: 992K(1024K)->1024K(1024K)
[37.310s][info][gc,heap        ] GC(362) ParOldGen: 11025K(349696K)->11073K(349696K)
[37.310s][info][gc,metaspace   ] GC(362) Metaspace: 14339K(15232K)->14339K(15232K) NonClass: 12358K(12864K)->12358K(12864K) Class: 1981K(2368K)->1981K(2368K)
[37.310s][info][gc             ] GC(362) Pause Young (Allocation Failure) 174M->11M(501M) 1.162ms
[37.310s][info][gc,cpu         ] GC(362) User=0.00s Sys=0.00s Real=0.00s
[37.426s][info][gc,start       ] GC(363) Pause Young (Allocation Failure)
[37.427s][info][gc,heap        ] GC(363) PSYoungGen: 163328K(163328K)->1024K(159232K) Eden: 162304K(162304K)->0K(158208K) From: 1024K(1024K)->1024K(1024K)
[37.427s][info][gc,heap        ] GC(363) ParOldGen: 11073K(349696K)->11137K(349696K)
[37.427s][info][gc,metaspace   ] GC(363) Metaspace: 14339K(15232K)->14339K(15232K) NonClass: 12358K(12864K)->12358K(12864K) Class: 1981K(2368K)->1981K(2368K)
[37.427s][info][gc             ] GC(363) Pause Young (Allocation Failure) 170M->11M(497M) 1.244ms
[37.427s][info][gc,cpu         ] GC(363) User=0.00s Sys=0.00s Real=0.00s
[37.541s][info][gc,start       ] GC(364) Pause Young (Allocation Failure)
[37.542s][info][gc,heap        ] GC(364) PSYoungGen: 159232K(159232K)->960K(155136K) Eden: 158208K(158208K)->0K(154112K) From: 1024K(1024K)->960K(1024K)
[37.542s][info][gc,heap        ] GC(364) ParOldGen: 11137K(349696K)->11185K(349696K)
[37.542s][info][gc,metaspace   ] GC(364) Metaspace: 14339K(15232K)->14339K(15232K) NonClass: 12358K(12864K)->12358K(12864K) Class: 1981K(2368K)->1981K(2368K)
[37.542s][info][gc             ] GC(364) Pause Young (Allocation Failure) 166M->11M(493M) 1.206ms
[37.542s][info][gc,cpu         ] GC(364) User=0.00s Sys=0.00s Real=0.00s
[37.654s][info][gc,start       ] GC(365) Pause Young (Allocation Failure)
[37.655s][info][gc,heap        ] GC(365) PSYoungGen: 155072K(155136K)->928K(151040K) Eden: 154112K(154112K)->0K(150016K) From: 960K(1024K)->928K(1024K)
[37.655s][info][gc,heap        ] GC(365) ParOldGen: 11185K(349696K)->11233K(349696K)
[37.655s][info][gc,metaspace   ] GC(365) Metaspace: 14339K(15232K)->14339K(15232K) NonClass: 12358K(12864K)->12358K(12864K) Class: 1981K(2368K)->1981K(2368K)
[37.655s][info][gc             ] GC(365) Pause Young (Allocation Failure) 162M->11M(489M) 1.232ms
[37.655s][info][gc,cpu         ] GC(365) User=0.00s Sys=0.00s Real=0.00s
[37.762s][info][gc,start       ] GC(366) Pause Young (Allocation Failure)
[37.763s][info][gc,heap        ] GC(366) PSYoungGen: 150944K(151040K)->1024K(147456K) Eden: 150016K(150016K)->0K(146432K) From: 928K(1024K)->1024K(1024K)
[37.763s][info][gc,heap        ] GC(366) ParOldGen: 11233K(349696K)->11273K(349696K)
[37.763s][info][gc,metaspace   ] GC(366) Metaspace: 14339K(15232K)->14339K(15232K) NonClass: 12358K(12864K)->12358K(12864K) Class: 1981K(2368K)->1981K(2368K)
[37.763s][info][gc             ] GC(366) Pause Young (Allocation Failure) 158M->12M(485M) 1.258ms
[37.763s][info][gc,cpu         ] GC(366) User=0.00s Sys=0.00s Real=0.00s
[37.865s][info][gc,start       ] GC(367) Pause Young (Allocation Failure)
[37.867s][info][gc,heap        ] GC(367) PSYoungGen: 147456K(147456K)->960K(143872K) Eden: 146432K(146432K)->0K(142848K) From: 1024K(1024K)->960K(1024K)
[37.867s][info][gc,heap        ] GC(367) ParOldGen: 11273K(349696K)->11321K(349696K)
[37.867s][info][gc,metaspace   ] GC(367) Metaspace: 14339K(15232K)->14339K(15232K) NonClass: 12358K(12864K)->12358K(12864K) Class: 1981K(2368K)->1981K(2368K)
[37.867s][info][gc             ] GC(367) Pause Young (Allocation Failure) 155M->11M(482M) 1.323ms
[37.867s][info][gc,cpu         ] GC(367) User=0.00s Sys=0.00s Real=0.00s
[37.971s][info][gc,start       ] GC(368) Pause Young (Allocation Failure)
[37.972s][info][gc,heap        ] GC(368) PSYoungGen: 143808K(143872K)->1024K(169472K) Eden: 142848K(142848K)->0K(167936K) From: 960K(1024K)->1024K(1536K)
[37.972s][info][gc,heap        ] GC(368) ParOldGen: 11321K(349696K)->11369K(349696K)
[37.972s][info][gc,metaspace   ] GC(368) Metaspace: 14339K(15232K)->14339K(15232K) NonClass: 12358K(12864K)->12358K(12864K) Class: 1981K(2368K)->1981K(2368K)
[37.972s][info][gc             ] GC(368) Pause Young (Allocation Failure) 151M->12M(507M) 1.291ms
[37.972s][info][gc,cpu         ] GC(368) User=0.00s Sys=0.00s Real=0.00s
[38.091s][info][gc,start       ] GC(369) Pause Young (Allocation Failure)
[38.092s][info][gc,heap        ] GC(369) PSYoungGen: 168960K(169472K)->992K(164352K) Eden: 167936K(167936K)->0K(163328K) From: 1024K(1536K)->992K(1024K)
[38.092s][info][gc,heap        ] GC(369) ParOldGen: 11369K(349696K)->11425K(349696K)
[38.092s][info][gc,metaspace   ] GC(369) Metaspace: 14339K(15232K)->14339K(15232K) NonClass: 12358K(12864K)->12358K(12864K) Class: 1981K(2368K)->1981K(2368K)
[38.092s][info][gc             ] GC(369) Pause Young (Allocation Failure) 176M->12M(502M) 1.421ms
[38.092s][info][gc,cpu         ] GC(369) User=0.00s Sys=0.00s Real=0.00s
[38.209s][info][gc,start       ] GC(370) Pause Young (Allocation Failure)
[38.210s][info][gc,heap        ] GC(370) PSYoungGen: 164320K(164352K)->992K(168448K) Eden: 163328K(163328K)->0K(167424K) From: 992K(1024K)->992K(1024K)
[38.211s][info][gc,heap        ] GC(370) ParOldGen: 11425K(349696K)->11465K(349696K)
[38.211s][info][gc,metaspace   ] GC(370) Metaspace: 14339K(15232K)->14339K(15232K) NonClass: 12358K(12864K)->12358K(12864K) Class: 1981K(2368K)->1981K(2368K)
[38.211s][info][gc             ] GC(370) Pause Young (Allocation Failure) 171M->12M(506M) 1.370ms
[38.211s][info][gc,cpu         ] GC(370) User=0.00s Sys=0.00s Real=0.00s
[38.333s][info][gc,start       ] GC(371) Pause Young (Allocation Failure)
[38.334s][info][gc,heap        ] GC(371) PSYoungGen: 168415K(168448K)->960K(168960K) Eden: 167423K(167424K)->0K(167424K) From: 992K(1024K)->960K(1536K)
[38.334s][info][gc,heap        ] GC(371) ParOldGen: 11465K(349696K)->11505K(349696K)
[38.334s][info][gc,metaspace   ] GC(371) Metaspace: 14339K(15232K)->14339K(15232K) NonClass: 12358K(12864K)->12358K(12864K) Class: 1981K(2368K)->1981K(2368K)
[38.334s][info][gc             ] GC(371) Pause Young (Allocation Failure) 175M->12M(506M) 1.373ms
[38.334s][info][gc,cpu         ] GC(371) User=0.00s Sys=0.00s Real=0.00s
[38.456s][info][gc,start       ] GC(372) Pause Young (Allocation Failure)
[38.457s][info][gc,heap        ] GC(372) PSYoungGen: 168384K(168960K)->1024K(173056K) Eden: 167424K(167424K)->0K(171520K) From: 960K(1536K)->1024K(1536K)
[38.457s][info][gc,heap        ] GC(372) ParOldGen: 11505K(349696K)->11545K(349696K)
[38.458s][info][gc,metaspace   ] GC(372) Metaspace: 14339K(15232K)->14339K(15232K) NonClass: 12358K(12864K)->12358K(12864K) Class: 1981K(2368K)->1981K(2368K)
[38.458s][info][gc             ] GC(372) Pause Young (Allocation Failure) 175M->12M(510M) 1.384ms
[38.458s][info][gc,cpu         ] GC(372) User=0.52s Sys=0.00s Real=0.00s
[38.579s][info][gc,start       ] GC(373) Pause Young (Allocation Failure)
[38.581s][info][gc,heap        ] GC(373) PSYoungGen: 172544K(173056K)->1056K(173056K) Eden: 171520K(171520K)->0K(171520K) From: 1024K(1536K)->1056K(1536K)
[38.581s][info][gc,heap        ] GC(373) ParOldGen: 11545K(349696K)->11597K(349696K)
[38.581s][info][gc,metaspace   ] GC(373) Metaspace: 14339K(15232K)->14339K(15232K) NonClass: 12358K(12864K)->12358K(12864K) Class: 1981K(2368K)->1981K(2368K)
[38.581s][info][gc             ] GC(373) Pause Young (Allocation Failure) 179M->12M(510M) 1.407ms
[38.581s][info][gc,cpu         ] GC(373) User=0.00s Sys=0.00s Real=0.00s
[38.703s][info][gc,start       ] GC(374) Pause Young (Allocation Failure)
[38.705s][info][gc,heap        ] GC(374) PSYoungGen: 172576K(173056K)->992K(173056K) Eden: 171520K(171520K)->0K(171520K) From: 1056K(1536K)->992K(1536K)
[38.705s][info][gc,heap        ] GC(374) ParOldGen: 11597K(349696K)->11637K(349696K)
[38.705s][info][gc,metaspace   ] GC(374) Metaspace: 14339K(15232K)->14339K(15232K) NonClass: 12358K(12864K)->12358K(12864K) Class: 1981K(2368K)->1981K(2368K)
[38.705s][info][gc             ] GC(374) Pause Young (Allocation Failure) 179M->12M(510M) 1.451ms
[38.705s][info][gc,cpu         ] GC(374) User=0.00s Sys=0.00s Real=0.00s
[38.826s][info][gc,start       ] GC(375) Pause Young (Allocation Failure)
[38.828s][info][gc,heap        ] GC(375) PSYoungGen: 172512K(173056K)->1024K(173056K) Eden: 171520K(171520K)->0K(171520K) From: 992K(1536K)->1024K(1536K)
[38.828s][info][gc,heap        ] GC(375) ParOldGen: 11637K(349696K)->11693K(349696K)
[38.828s][info][gc,metaspace   ] GC(375) Metaspace: 14339K(15232K)->14339K(15232K) NonClass: 12358K(12864K)->12358K(12864K) Class: 1981K(2368K)->1981K(2368K)
[38.828s][info][gc             ] GC(375) Pause Young (Allocation Failure) 179M->12M(510M) 1.453ms
[38.828s][info][gc,cpu         ] GC(375) User=0.00s Sys=0.00s Real=0.00s
[38.948s][info][gc,start       ] GC(376) Pause Young (Allocation Failure)
[38.950s][info][gc,heap        ] GC(376) PSYoungGen: 172544K(173056K)->1024K(173056K) Eden: 171520K(171520K)->0K(171520K) From: 1024K(1536K)->1024K(1536K)
[38.950s][info][gc,heap        ] GC(376) ParOldGen: 11693K(349696K)->11741K(349696K)
[38.950s][info][gc,metaspace   ] GC(376) Metaspace: 14339K(15232K)->14339K(15232K) NonClass: 12358K(12864K)->12358K(12864K) Class: 1981K(2368K)->1981K(2368K)
[38.950s][info][gc             ] GC(376) Pause Young (Allocation Failure) 179M->12M(510M) 1.517ms
[38.950s][info][gc,cpu         ] GC(376) User=0.00s Sys=0.00s Real=0.00s
[39.073s][info][gc,start       ] GC(377) Pause Young (Allocation Failure)
[39.075s][info][gc,heap        ] GC(377) PSYoungGen: 172544K(173056K)->1024K(173056K) Eden: 171520K(171520K)->0K(171520K) From: 1024K(1536K)->1024K(1536K)
[39.075s][info][gc,heap        ] GC(377) ParOldGen: 11741K(349696K)->11797K(349696K)
[39.075s][info][gc,metaspace   ] GC(377) Metaspace: 14339K(15232K)->14339K(15232K) NonClass: 12358K(12864K)->12358K(12864K) Class: 1981K(2368K)->1981K(2368K)
[39.075s][info][gc             ] GC(377) Pause Young (Allocation Failure) 179M->12M(510M) 1.513ms
[39.075s][info][gc,cpu         ] GC(377) User=0.00s Sys=0.00s Real=0.00s
[39.196s][info][gc,start       ] GC(378) Pause Young (Allocation Failure)
[39.197s][info][gc,heap        ] GC(378) PSYoungGen: 172543K(173056K)->1024K(173056K) Eden: 171519K(171520K)->0K(171520K) From: 1024K(1536K)->1024K(1536K)
[39.197s][info][gc,heap        ] GC(378) ParOldGen: 11797K(349696K)->11853K(349696K)
[39.197s][info][gc,metaspace   ] GC(378) Metaspace: 14339K(15232K)->14339K(15232K) NonClass: 12358K(12864K)->12358K(12864K) Class: 1981K(2368K)->1981K(2368K)
[39.197s][info][gc             ] GC(378) Pause Young (Allocation Failure) 180M->12M(510M) 1.554ms
[39.197s][info][gc,cpu         ] GC(378) User=0.00s Sys=0.00s Real=0.00s
[39.319s][info][gc,start       ] GC(379) Pause Young (Allocation Failure)
[39.320s][info][gc,heap        ] GC(379) PSYoungGen: 172544K(173056K)->960K(173056K) Eden: 171520K(171520K)->0K(171520K) From: 1024K(1536K)->960K(1536K)
[39.320s][info][gc,heap        ] GC(379) ParOldGen: 11853K(349696K)->11901K(349696K)
[39.320s][info][gc,metaspace   ] GC(379) Metaspace: 14339K(15232K)->14339K(15232K) NonClass: 12358K(12864K)->12358K(12864K) Class: 1981K(2368K)->1981K(2368K)
[39.320s][info][gc             ] GC(379) Pause Young (Allocation Failure) 180M->12M(510M) 1.566ms
[39.320s][info][gc,cpu         ] GC(379) User=0.00s Sys=0.00s Real=0.00s
[39.443s][info][gc,start       ] GC(380) Pause Young (Allocation Failure)
[39.445s][info][gc,heap        ] GC(380) PSYoungGen: 172480K(173056K)->1024K(173056K) Eden: 171520K(171520K)->0K(171520K) From: 960K(1536K)->1024K(1536K)
[39.445s][info][gc,heap        ] GC(380) ParOldGen: 11901K(349696K)->11941K(349696K)
[39.445s][info][gc,metaspace   ] GC(380) Metaspace: 14339K(15232K)->14339K(15232K) NonClass: 12358K(12864K)->12358K(12864K) Class: 1981K(2368K)->1981K(2368K)
[39.445s][info][gc             ] GC(380) Pause Young (Allocation Failure) 180M->12M(510M) 1.575ms
[39.445s][info][gc,cpu         ] GC(380) User=0.00s Sys=0.00s Real=0.00s
[39.567s][info][gc,start       ] GC(381) Pause Young (Allocation Failure)
[39.569s][info][gc,heap        ] GC(381) PSYoungGen: 172544K(173056K)->1024K(173056K) Eden: 171520K(171520K)->0K(171520K) From: 1024K(1536K)->1024K(1536K)
[39.569s][info][gc,heap        ] GC(381) ParOldGen: 11941K(349696K)->11989K(349696K)
[39.569s][info][gc,metaspace   ] GC(381) Metaspace: 14339K(15232K)->14339K(15232K) NonClass: 12358K(12864K)->12358K(12864K) Class: 1981K(2368K)->1981K(2368K)
[39.569s][info][gc             ] GC(381) Pause Young (Allocation Failure) 180M->12M(510M) 1.606ms
[39.569s][info][gc,cpu         ] GC(381) User=0.00s Sys=0.00s Real=0.00s
[39.692s][info][gc,start       ] GC(382) Pause Young (Allocation Failure)
[39.693s][info][gc,heap        ] GC(382) PSYoungGen: 172544K(173056K)->992K(173056K) Eden: 171520K(171520K)->0K(171520K) From: 1024K(1536K)->992K(1536K)
[39.693s][info][gc,heap        ] GC(382) ParOldGen: 11989K(349696K)->12037K(349696K)
[39.693s][info][gc,metaspace   ] GC(382) Metaspace: 14339K(15232K)->14339K(15232K) NonClass: 12358K(12864K)->12358K(12864K) Class: 1981K(2368K)->1981K(2368K)
[39.693s][info][gc             ] GC(382) Pause Young (Allocation Failure) 180M->12M(510M) 1.602ms
[39.693s][info][gc,cpu         ] GC(382) User=0.36s Sys=0.00s Real=0.00s
[39.815s][info][gc,start       ] GC(383) Pause Young (Allocation Failure)
[39.851s][info][gc,heap        ] GC(383) PSYoungGen: 172512K(173056K)->992K(173056K) Eden: 171520K(171520K)->0K(171520K) From: 992K(1536K)->992K(1536K)
[39.851s][info][gc,heap        ] GC(383) ParOldGen: 12037K(349696K)->12093K(349696K)
[39.851s][info][gc,metaspace   ] GC(383) Metaspace: 14339K(15232K)->14339K(15232K) NonClass: 12358K(12864K)->12358K(12864K) Class: 1981K(2368K)->1981K(2368K)
[39.851s][info][gc             ] GC(383) Pause Young (Allocation Failure) 180M->12M(510M) 35.976ms
[39.851s][info][gc,cpu         ] GC(383) User=0.00s Sys=0.00s Real=0.04s
[39.983s][info][gc,start       ] GC(384) Pause Young (Allocation Failure)
[39.985s][info][gc,heap        ] GC(384) PSYoungGen: 172512K(173056K)->992K(173056K) Eden: 171520K(171520K)->0K(171520K) From: 992K(1536K)->992K(1536K)
[39.985s][info][gc,heap        ] GC(384) ParOldGen: 12093K(349696K)->12157K(349696K)
[39.985s][info][gc,metaspace   ] GC(384) Metaspace: 14339K(15232K)->14339K(15232K) NonClass: 12358K(12864K)->12358K(12864K) Class: 1981K(2368K)->1981K(2368K)
[39.985s][info][gc             ] GC(384) Pause Young (Allocation Failure) 180M->12M(510M) 1.677ms
[39.985s][info][gc,cpu         ] GC(384) User=0.00s Sys=0.00s Real=0.00s
[40.107s][info][gc,start       ] GC(385) Pause Young (Allocation Failure)
[40.109s][info][gc,heap        ] GC(385) PSYoungGen: 172512K(173056K)->960K(173056K) Eden: 171520K(171520K)->0K(171520K) From: 992K(1536K)->960K(1536K)
[40.109s][info][gc,heap        ] GC(385) ParOldGen: 12157K(349696K)->12213K(349696K)
[40.109s][info][gc,metaspace   ] GC(385) Metaspace: 14339K(15232K)->14339K(15232K) NonClass: 12358K(12864K)->12358K(12864K) Class: 1981K(2368K)->1981K(2368K)
[40.109s][info][gc             ] GC(385) Pause Young (Allocation Failure) 180M->12M(510M) 1.719ms
[40.109s][info][gc,cpu         ] GC(385) User=0.00s Sys=0.00s Real=0.00s
[40.387s][info][gc,start       ] GC(386) Pause Young (Allocation Failure)
[40.389s][info][gc,heap        ] GC(386) PSYoungGen: 172480K(173056K)->960K(173056K) Eden: 171520K(171520K)->0K(171520K) From: 960K(1536K)->960K(1536K)
[40.389s][info][gc,heap        ] GC(386) ParOldGen: 12213K(349696K)->12277K(349696K)
[40.389s][info][gc,metaspace   ] GC(386) Metaspace: 14339K(15232K)->14339K(15232K) NonClass: 12358K(12864K)->12358K(12864K) Class: 1981K(2368K)->1981K(2368K)
[40.389s][info][gc             ] GC(386) Pause Young (Allocation Failure) 180M->12M(510M) 2.389ms
[40.389s][info][gc,cpu         ] GC(386) User=0.00s Sys=0.00s Real=0.00s
[40.529s][info][gc,start       ] GC(387) Pause Young (Allocation Failure)
[40.531s][info][gc,heap        ] GC(387) PSYoungGen: 172480K(173056K)->1024K(173056K) Eden: 171520K(171520K)->0K(171520K) From: 960K(1536K)->1024K(1536K)
[40.531s][info][gc,heap        ] GC(387) ParOldGen: 12277K(349696K)->12325K(349696K)
[40.531s][info][gc,metaspace   ] GC(387) Metaspace: 14339K(15232K)->14339K(15232K) NonClass: 12358K(12864K)->12358K(12864K) Class: 1981K(2368K)->1981K(2368K)
[40.531s][info][gc             ] GC(387) Pause Young (Allocation Failure) 180M->13M(510M) 1.573ms
[40.531s][info][gc,cpu         ] GC(387) User=0.00s Sys=0.00s Real=0.00s
[40.661s][info][gc,start       ] GC(388) Pause Young (Allocation Failure)
[40.663s][info][gc,heap        ] GC(388) PSYoungGen: 172544K(173056K)->992K(173056K) Eden: 171520K(171520K)->0K(171520K) From: 1024K(1536K)->992K(1536K)
[40.663s][info][gc,heap        ] GC(388) ParOldGen: 12325K(349696K)->12357K(349696K)
[40.663s][info][gc,metaspace   ] GC(388) Metaspace: 14339K(15232K)->14339K(15232K) NonClass: 12358K(12864K)->12358K(12864K) Class: 1981K(2368K)->1981K(2368K)
[40.663s][info][gc             ] GC(388) Pause Young (Allocation Failure) 180M->13M(510M) 1.443ms
[40.663s][info][gc,cpu         ] GC(388) User=0.00s Sys=0.00s Real=0.00s
[40.788s][info][gc,start       ] GC(389) Pause Young (Allocation Failure)
[40.789s][info][gc,heap        ] GC(389) PSYoungGen: 172512K(173056K)->992K(173056K) Eden: 171520K(171520K)->0K(171520K) From: 992K(1536K)->992K(1536K)
[40.789s][info][gc,heap        ] GC(389) ParOldGen: 12357K(349696K)->12405K(349696K)
[40.789s][info][gc,metaspace   ] GC(389) Metaspace: 14339K(15232K)->14339K(15232K) NonClass: 12358K(12864K)->12358K(12864K) Class: 1981K(2368K)->1981K(2368K)
[40.789s][info][gc             ] GC(389) Pause Young (Allocation Failure) 180M->13M(510M) 1.346ms
[40.789s][info][gc,cpu         ] GC(389) User=0.00s Sys=0.00s Real=0.00s
[40.907s][info][gc,start       ] GC(390) Pause Young (Allocation Failure)
[40.908s][info][gc,heap        ] GC(390) PSYoungGen: 172512K(173056K)->992K(173056K) Eden: 171520K(171520K)->0K(171520K) From: 992K(1536K)->992K(1536K)
[40.908s][info][gc,heap        ] GC(390) ParOldGen: 12405K(349696K)->12461K(349696K)
[40.908s][info][gc,metaspace   ] GC(390) Metaspace: 14339K(15232K)->14339K(15232K) NonClass: 12358K(12864K)->12358K(12864K) Class: 1981K(2368K)->1981K(2368K)
[40.908s][info][gc             ] GC(390) Pause Young (Allocation Failure) 180M->13M(510M) 1.349ms
[40.908s][info][gc,cpu         ] GC(390) User=0.00s Sys=0.00s Real=0.00s
[41.020s][info][gc,start       ] GC(391) Pause Young (Allocation Failure)
[41.022s][info][gc,heap        ] GC(391) PSYoungGen: 172512K(173056K)->896K(173056K) Eden: 171520K(171520K)->0K(171520K) From: 992K(1536K)->896K(1536K)
[41.022s][info][gc,heap        ] GC(391) ParOldGen: 12461K(349696K)->12493K(349696K)
[41.022s][info][gc,metaspace   ] GC(391) Metaspace: 14339K(15232K)->14339K(15232K) NonClass: 12358K(12864K)->12358K(12864K) Class: 1981K(2368K)->1981K(2368K)
[41.022s][info][gc             ] GC(391) Pause Young (Allocation Failure) 180M->13M(510M) 1.393ms
[41.022s][info][gc,cpu         ] GC(391) User=0.00s Sys=0.00s Real=0.00s
[41.133s][info][gc,start       ] GC(392) Pause Young (Allocation Failure)
[41.134s][info][gc,heap        ] GC(392) PSYoungGen: 172416K(173056K)->896K(173056K) Eden: 171520K(171520K)->0K(171520K) From: 896K(1536K)->896K(1536K)
[41.134s][info][gc,heap        ] GC(392) ParOldGen: 12493K(349696K)->12549K(349696K)
[41.134s][info][gc,metaspace   ] GC(392) Metaspace: 14339K(15232K)->14339K(15232K) NonClass: 12358K(12864K)->12358K(12864K) Class: 1981K(2368K)->1981K(2368K)
[41.134s][info][gc             ] GC(392) Pause Young (Allocation Failure) 180M->13M(510M) 1.376ms
[41.134s][info][gc,cpu         ] GC(392) User=0.00s Sys=0.00s Real=0.00s
[41.249s][info][gc,start       ] GC(393) Pause Young (Allocation Failure)
[41.250s][info][gc,heap        ] GC(393) PSYoungGen: 172416K(173056K)->928K(173056K) Eden: 171520K(171520K)->0K(171520K) From: 896K(1536K)->928K(1536K)
[41.250s][info][gc,heap        ] GC(393) ParOldGen: 12549K(349696K)->12589K(349696K)
[41.250s][info][gc,metaspace   ] GC(393) Metaspace: 14339K(15232K)->14339K(15232K) NonClass: 12358K(12864K)->12358K(12864K) Class: 1981K(2368K)->1981K(2368K)
[41.250s][info][gc             ] GC(393) Pause Young (Allocation Failure) 180M->13M(510M) 1.272ms
[41.250s][info][gc,cpu         ] GC(393) User=0.00s Sys=0.00s Real=0.00s
[41.349s][info][gc,start       ] GC(394) Pause Young (Allocation Failure)
[41.351s][info][gc,heap        ] GC(394) PSYoungGen: 172448K(173056K)->832K(173056K) Eden: 171520K(171520K)->0K(171520K) From: 928K(1536K)->832K(1536K)
[41.351s][info][gc,heap        ] GC(394) ParOldGen: 12589K(349696K)->12645K(349696K)
[41.351s][info][gc,metaspace   ] GC(394) Metaspace: 14339K(15232K)->14339K(15232K) NonClass: 12358K(12864K)->12358K(12864K) Class: 1981K(2368K)->1981K(2368K)
[41.351s][info][gc             ] GC(394) Pause Young (Allocation Failure) 180M->13M(510M) 1.317ms
[41.351s][info][gc,cpu         ] GC(394) User=0.00s Sys=0.00s Real=0.00s
[41.416s][info][gc,start       ] GC(395) Pause Young (Allocation Failure)
[41.418s][info][gc,heap        ] GC(395) PSYoungGen: 172352K(173056K)->768K(173056K) Eden: 171520K(171520K)->0K(171520K) From: 832K(1536K)->768K(1536K)
[41.418s][info][gc,heap        ] GC(395) ParOldGen: 12645K(349696K)->12677K(349696K)
[41.418s][info][gc,metaspace   ] GC(395) Metaspace: 14339K(15232K)->14339K(15232K) NonClass: 12358K(12864K)->12358K(12864K) Class: 1981K(2368K)->1981K(2368K)
[41.418s][info][gc             ] GC(395) Pause Young (Allocation Failure) 180M->13M(510M) 1.267ms
[41.418s][info][gc,cpu         ] GC(395) User=0.00s Sys=0.00s Real=0.00s
[41.493s][info][gc,start       ] GC(396) Pause Young (Allocation Failure)
[41.494s][info][gc,heap        ] GC(396) PSYoungGen: 172288K(173056K)->800K(173056K) Eden: 171520K(171520K)->0K(171520K) From: 768K(1536K)->800K(1536K)
[41.494s][info][gc,heap        ] GC(396) ParOldGen: 12677K(349696K)->12709K(349696K)
[41.494s][info][gc,metaspace   ] GC(396) Metaspace: 14339K(15232K)->14339K(15232K) NonClass: 12358K(12864K)->12358K(12864K) Class: 1981K(2368K)->1981K(2368K)
[41.494s][info][gc             ] GC(396) Pause Young (Allocation Failure) 180M->13M(510M) 1.269ms
[41.494s][info][gc,cpu         ] GC(396) User=0.00s Sys=0.00s Real=0.00s
[41.581s][info][gc,start       ] GC(397) Pause Young (Allocation Failure)
[41.582s][info][gc,heap        ] GC(397) PSYoungGen: 172320K(173056K)->672K(173056K) Eden: 171520K(171520K)->0K(171520K) From: 800K(1536K)->672K(1536K)
[41.582s][info][gc,heap        ] GC(397) ParOldGen: 12709K(349696K)->12749K(349696K)
[41.582s][info][gc,metaspace   ] GC(397) Metaspace: 14339K(15232K)->14339K(15232K) NonClass: 12358K(12864K)->12358K(12864K) Class: 1981K(2368K)->1981K(2368K)
[41.582s][info][gc             ] GC(397) Pause Young (Allocation Failure) 180M->13M(510M) 1.288ms
[41.582s][info][gc,cpu         ] GC(397) User=0.00s Sys=0.00s Real=0.00s
[41.688s][info][gc,start       ] GC(398) Pause Young (System.gc())
[41.689s][info][gc,heap        ] GC(398) PSYoungGen: 113548K(173056K)->288K(173056K) Eden: 112876K(171520K)->0K(171520K) From: 672K(1536K)->288K(1536K)
[41.689s][info][gc,heap        ] GC(398) ParOldGen: 12749K(349696K)->12789K(349696K)
[41.689s][info][gc,metaspace   ] GC(398) Metaspace: 14339K(15232K)->14339K(15232K) NonClass: 12358K(12864K)->12358K(12864K) Class: 1981K(2368K)->1981K(2368K)
[41.689s][info][gc             ] GC(398) Pause Young (System.gc()) 123M->12M(510M) 1.391ms
[41.689s][info][gc,cpu         ] GC(398) User=0.00s Sys=0.00s Real=0.00s
[41.689s][info][gc,start       ] GC(399) Pause Full (System.gc())
[41.689s][info][gc,phases,start] GC(399) Marking Phase
[41.700s][info][gc,phases      ] GC(399) Marking Phase 10.742ms
[41.700s][info][gc,phases,start] GC(399) Summary Phase
[41.700s][info][gc,phases      ] GC(399) Summary Phase 0.023ms
[41.700s][info][gc,phases,start] GC(399) Adjust Roots
[41.703s][info][gc,phases      ] GC(399) Adjust Roots 3.498ms
[41.704s][info][gc,phases,start] GC(399) Compaction Phase
[41.705s][info][gc,phases      ] GC(399) Compaction Phase 1.467ms
[41.705s][info][gc,phases,start] GC(399) Post Compact
[41.705s][info][gc,phases      ] GC(399) Post Compact 0.217ms
[41.705s][info][gc,heap        ] GC(399) PSYoungGen: 288K(173056K)->0K(173056K) Eden: 0K(171520K)->0K(171520K) From: 288K(1536K)->0K(1536K)
[41.705s][info][gc,heap        ] GC(399) ParOldGen: 12789K(349696K)->5378K(349696K)
[41.705s][info][gc,metaspace   ] GC(399) Metaspace: 14339K(15232K)->14339K(15232K) NonClass: 12358K(12864K)->12358K(12864K) Class: 1981K(2368K)->1981K(2368K)
[41.705s][info][gc             ] GC(399) Pause Full (System.gc()) 12M->5M(510M) 16.183ms
[41.705s][info][gc,cpu         ] GC(399) User=0.02s Sys=0.00s Real=0.02s
[41.860s][info][gc,start       ] GC(400) Pause Young (Allocation Failure)
[41.862s][info][gc,heap        ] GC(400) PSYoungGen: 171520K(173056K)->1536K(173056K) Eden: 171520K(171520K)->0K(171520K) From: 0K(1536K)->1536K(1536K)
[41.862s][info][gc,heap        ] GC(400) ParOldGen: 5378K(349696K)->5742K(349696K)
[41.862s][info][gc,metaspace   ] GC(400) Metaspace: 14340K(15232K)->14340K(15232K) NonClass: 12359K(12864K)->12359K(12864K) Class: 1981K(2368K)->1981K(2368K)
[41.862s][info][gc             ] GC(400) Pause Young (Allocation Failure) 172M->7M(510M) 1.938ms
[41.862s][info][gc,cpu         ] GC(400) User=0.00s Sys=0.00s Real=0.00s
[41.989s][info][gc,start       ] GC(401) Pause Young (Allocation Failure)
[41.990s][info][gc,heap        ] GC(401) PSYoungGen: 173056K(173056K)->1024K(172032K) Eden: 171520K(171520K)->0K(170496K) From: 1536K(1536K)->1024K(1536K)
[41.990s][info][gc,heap        ] GC(401) ParOldGen: 5742K(349696K)->7061K(349696K)
[41.990s][info][gc,metaspace   ] GC(401) Metaspace: 14340K(15232K)->14340K(15232K) NonClass: 12359K(12864K)->12359K(12864K) Class: 1981K(2368K)->1981K(2368K)
[41.990s][info][gc             ] GC(401) Pause Young (Allocation Failure) 174M->7M(509M) 1.506ms
[41.990s][info][gc,cpu         ] GC(401) User=0.52s Sys=0.00s Real=0.00s
[42.112s][info][gc,start       ] GC(402) Pause Young (Allocation Failure)
[42.113s][info][gc,heap        ] GC(402) PSYoungGen: 171520K(172032K)->1024K(172544K) Eden: 170496K(170496K)->0K(170496K) From: 1024K(1536K)->1024K(2048K)
[42.113s][info][gc,heap        ] GC(402) ParOldGen: 7061K(349696K)->7149K(349696K)
[42.113s][info][gc,metaspace   ] GC(402) Metaspace: 14340K(15232K)->14340K(15232K) NonClass: 12359K(12864K)->12359K(12864K) Class: 1981K(2368K)->1981K(2368K)
[42.113s][info][gc             ] GC(402) Pause Young (Allocation Failure) 174M->7M(510M) 1.460ms
[42.113s][info][gc,cpu         ] GC(402) User=0.00s Sys=0.00s Real=0.00s
[42.236s][info][gc,start       ] GC(403) Pause Young (Allocation Failure)
[42.237s][info][gc,heap        ] GC(403) PSYoungGen: 171520K(172544K)->1024K(172544K) Eden: 170496K(170496K)->0K(171008K) From: 1024K(2048K)->1024K(1536K)
[42.237s][info][gc,heap        ] GC(403) ParOldGen: 7149K(349696K)->7197K(349696K)
[42.237s][info][gc,metaspace   ] GC(403) Metaspace: 14340K(15232K)->14340K(15232K) NonClass: 12359K(12864K)->12359K(12864K) Class: 1981K(2368K)->1981K(2368K)
[42.237s][info][gc             ] GC(403) Pause Young (Allocation Failure) 174M->8M(510M) 1.458ms
[42.237s][info][gc,cpu         ] GC(403) User=0.00s Sys=0.00s Real=0.00s
[42.364s][info][gc,start       ] GC(404) Pause Young (Allocation Failure)
[42.365s][info][gc,heap        ] GC(404) PSYoungGen: 172032K(172544K)->1024K(172544K) Eden: 171008K(171008K)->0K(171008K) From: 1024K(1536K)->1024K(1536K)
[42.366s][info][gc,heap        ] GC(404) ParOldGen: 7197K(349696K)->7253K(349696K)
[42.366s][info][gc,metaspace   ] GC(404) Metaspace: 14340K(15232K)->14340K(15232K) NonClass: 12359K(12864K)->12359K(12864K) Class: 1981K(2368K)->1981K(2368K)
[42.366s][info][gc             ] GC(404) Pause Young (Allocation Failure) 175M->8M(510M) 1.490ms
[42.366s][info][gc,cpu         ] GC(404) User=0.00s Sys=0.00s Real=0.00s
[42.489s][info][gc,start       ] GC(405) Pause Young (Allocation Failure)
[42.490s][info][gc,heap        ] GC(405) PSYoungGen: 172032K(172544K)->1024K(173056K) Eden: 171008K(171008K)->0K(171520K) From: 1024K(1536K)->1024K(1536K)
[42.490s][info][gc,heap        ] GC(405) ParOldGen: 7253K(349696K)->7317K(349696K)
[42.490s][info][gc,metaspace   ] GC(405) Metaspace: 14340K(15232K)->14340K(15232K) NonClass: 12359K(12864K)->12359K(12864K) Class: 1981K(2368K)->1981K(2368K)
[42.490s][info][gc             ] GC(405) Pause Young (Allocation Failure) 175M->8M(510M) 1.481ms
[42.490s][info][gc,cpu         ] GC(405) User=0.00s Sys=0.00s Real=0.00s
[42.615s][info][gc,start       ] GC(406) Pause Young (Allocation Failure)
[42.616s][info][gc,heap        ] GC(406) PSYoungGen: 172544K(173056K)->992K(173056K) Eden: 171520K(171520K)->0K(171520K) From: 1024K(1536K)->992K(1536K)
[42.616s][info][gc,heap        ] GC(406) ParOldGen: 7317K(349696K)->7357K(349696K)
[42.616s][info][gc,metaspace   ] GC(406) Metaspace: 14340K(15232K)->14340K(15232K) NonClass: 12359K(12864K)->12359K(12864K) Class: 1981K(2368K)->1981K(2368K)
[42.616s][info][gc             ] GC(406) Pause Young (Allocation Failure) 175M->8M(510M) 1.523ms
[42.616s][info][gc,cpu         ] GC(406) User=0.00s Sys=0.00s Real=0.00s
[42.743s][info][gc,start       ] GC(407) Pause Young (Allocation Failure)
[42.745s][info][gc,heap        ] GC(407) PSYoungGen: 172512K(173056K)->1024K(173056K) Eden: 171520K(171520K)->0K(171520K) From: 992K(1536K)->1024K(1536K)
[42.745s][info][gc,heap        ] GC(407) ParOldGen: 7357K(349696K)->7405K(349696K)
[42.745s][info][gc,metaspace   ] GC(407) Metaspace: 14340K(15232K)->14340K(15232K) NonClass: 12359K(12864K)->12359K(12864K) Class: 1981K(2368K)->1981K(2368K)
[42.745s][info][gc             ] GC(407) Pause Young (Allocation Failure) 175M->8M(510M) 1.552ms
[42.745s][info][gc,cpu         ] GC(407) User=0.00s Sys=0.00s Real=0.00s
[42.868s][info][gc,start       ] GC(408) Pause Young (Allocation Failure)
[42.869s][info][gc,heap        ] GC(408) PSYoungGen: 172544K(173056K)->992K(173056K) Eden: 171520K(171520K)->0K(171520K) From: 1024K(1536K)->992K(1536K)
[42.869s][info][gc,heap        ] GC(408) ParOldGen: 7405K(349696K)->7477K(349696K)
[42.869s][info][gc,metaspace   ] GC(408) Metaspace: 14340K(15232K)->14340K(15232K) NonClass: 12359K(12864K)->12359K(12864K) Class: 1981K(2368K)->1981K(2368K)
[42.869s][info][gc             ] GC(408) Pause Young (Allocation Failure) 175M->8M(510M) 1.537ms
[42.869s][info][gc,cpu         ] GC(408) User=0.00s Sys=0.00s Real=0.00s
[42.994s][info][gc,start       ] GC(409) Pause Young (Allocation Failure)
[42.995s][info][gc,heap        ] GC(409) PSYoungGen: 172511K(173056K)->1024K(173056K) Eden: 171519K(171520K)->0K(171520K) From: 992K(1536K)->1024K(1536K)
[42.995s][info][gc,heap        ] GC(409) ParOldGen: 7477K(349696K)->7525K(349696K)
[42.995s][info][gc,metaspace   ] GC(409) Metaspace: 14340K(15232K)->14340K(15232K) NonClass: 12359K(12864K)->12359K(12864K) Class: 1981K(2368K)->1981K(2368K)
[42.995s][info][gc             ] GC(409) Pause Young (Allocation Failure) 175M->8M(510M) 1.597ms
[42.995s][info][gc,cpu         ] GC(409) User=0.00s Sys=0.00s Real=0.00s
[43.121s][info][gc,start       ] GC(410) Pause Young (Allocation Failure)
[43.122s][info][gc,heap        ] GC(410) PSYoungGen: 172544K(173056K)->1024K(173056K) Eden: 171520K(171520K)->0K(171520K) From: 1024K(1536K)->1024K(1536K)
[43.122s][info][gc,heap        ] GC(410) ParOldGen: 7525K(349696K)->7581K(349696K)
[43.122s][info][gc,metaspace   ] GC(410) Metaspace: 14340K(15232K)->14340K(15232K) NonClass: 12359K(12864K)->12359K(12864K) Class: 1981K(2368K)->1981K(2368K)
[43.122s][info][gc             ] GC(410) Pause Young (Allocation Failure) 175M->8M(510M) 1.606ms
[43.122s][info][gc,cpu         ] GC(410) User=0.00s Sys=0.00s Real=0.00s
[43.248s][info][gc,start       ] GC(411) Pause Young (Allocation Failure)
[43.250s][info][gc,heap        ] GC(411) PSYoungGen: 172544K(173056K)->1024K(173056K) Eden: 171520K(171520K)->0K(171520K) From: 1024K(1536K)->1024K(1536K)
[43.250s][info][gc,heap        ] GC(411) ParOldGen: 7581K(349696K)->7645K(349696K)
[43.250s][info][gc,metaspace   ] GC(411) Metaspace: 14340K(15232K)->14340K(15232K) NonClass: 12359K(12864K)->12359K(12864K) Class: 1981K(2368K)->1981K(2368K)
[43.250s][info][gc             ] GC(411) Pause Young (Allocation Failure) 175M->8M(510M) 1.639ms
[43.250s][info][gc,cpu         ] GC(411) User=0.00s Sys=0.00s Real=0.00s
[43.376s][info][gc,start       ] GC(412) Pause Young (Allocation Failure)
[43.377s][info][gc,heap        ] GC(412) PSYoungGen: 172544K(173056K)->992K(173056K) Eden: 171520K(171520K)->0K(171520K) From: 1024K(1536K)->992K(1536K)
[43.377s][info][gc,heap        ] GC(412) ParOldGen: 7645K(349696K)->7709K(349696K)
[43.377s][info][gc,metaspace   ] GC(412) Metaspace: 14340K(15232K)->14340K(15232K) NonClass: 12359K(12864K)->12359K(12864K) Class: 1981K(2368K)->1981K(2368K)
[43.377s][info][gc             ] GC(412) Pause Young (Allocation Failure) 175M->8M(510M) 1.708ms
[43.377s][info][gc,cpu         ] GC(412) User=0.00s Sys=0.00s Real=0.00s
[43.504s][info][gc,start       ] GC(413) Pause Young (Allocation Failure)
[43.505s][info][gc,heap        ] GC(413) PSYoungGen: 172512K(173056K)->992K(173056K) Eden: 171520K(171520K)->0K(171520K) From: 992K(1536K)->992K(1536K)
[43.506s][info][gc,heap        ] GC(413) ParOldGen: 7709K(349696K)->7773K(349696K)
[43.506s][info][gc,metaspace   ] GC(413) Metaspace: 14340K(15232K)->14340K(15232K) NonClass: 12359K(12864K)->12359K(12864K) Class: 1981K(2368K)->1981K(2368K)
[43.506s][info][gc             ] GC(413) Pause Young (Allocation Failure) 175M->8M(510M) 1.718ms
[43.506s][info][gc,cpu         ] GC(413) User=0.00s Sys=0.00s Real=0.00s
[43.630s][info][gc,start       ] GC(414) Pause Young (Allocation Failure)
[43.631s][info][gc,heap        ] GC(414) PSYoungGen: 172512K(173056K)->1024K(173056K) Eden: 171520K(171520K)->0K(171520K) From: 992K(1536K)->1024K(1536K)
[43.631s][info][gc,heap        ] GC(414) ParOldGen: 7773K(349696K)->7821K(349696K)
[43.631s][info][gc,metaspace   ] GC(414) Metaspace: 14340K(15232K)->14340K(15232K) NonClass: 12359K(12864K)->12359K(12864K) Class: 1981K(2368K)->1981K(2368K)
[43.631s][info][gc             ] GC(414) Pause Young (Allocation Failure) 176M->8M(510M) 1.726ms
[43.631s][info][gc,cpu         ] GC(414) User=0.00s Sys=0.00s Real=0.00s
[43.755s][info][gc,start       ] GC(415) Pause Young (Allocation Failure)
[43.757s][info][gc,heap        ] GC(415) PSYoungGen: 172544K(173056K)->992K(173056K) Eden: 171520K(171520K)->0K(171520K) From: 1024K(1536K)->992K(1536K)
[43.757s][info][gc,heap        ] GC(415) ParOldGen: 7821K(349696K)->7877K(349696K)
[43.757s][info][gc,metaspace   ] GC(415) Metaspace: 14340K(15232K)->14340K(15232K) NonClass: 12359K(12864K)->12359K(12864K) Class: 1981K(2368K)->1981K(2368K)
[43.757s][info][gc             ] GC(415) Pause Young (Allocation Failure) 176M->8M(510M) 1.734ms
[43.757s][info][gc,cpu         ] GC(415) User=0.00s Sys=0.00s Real=0.00s
[43.880s][info][gc,start       ] GC(416) Pause Young (Allocation Failure)
[43.882s][info][gc,heap        ] GC(416) PSYoungGen: 172512K(173056K)->1024K(173056K) Eden: 171520K(171520K)->0K(171520K) From: 992K(1536K)->1024K(1536K)
[43.882s][info][gc,heap        ] GC(416) ParOldGen: 7877K(349696K)->7925K(349696K)
[43.882s][info][gc,metaspace   ] GC(416) Metaspace: 14340K(15232K)->14340K(15232K) NonClass: 12359K(12864K)->12359K(12864K) Class: 1981K(2368K)->1981K(2368K)
[43.882s][info][gc             ] GC(416) Pause Young (Allocation Failure) 176M->8M(510M) 1.764ms
[43.882s][info][gc,cpu         ] GC(416) User=0.00s Sys=0.00s Real=0.00s
[44.008s][info][gc,start       ] GC(417) Pause Young (Allocation Failure)
[44.010s][info][gc,heap        ] GC(417) PSYoungGen: 172544K(173056K)->960K(173056K) Eden: 171520K(171520K)->0K(171520K) From: 1024K(1536K)->960K(1536K)
[44.010s][info][gc,heap        ] GC(417) ParOldGen: 7925K(349696K)->7973K(349696K)
[44.010s][info][gc,metaspace   ] GC(417) Metaspace: 14340K(15232K)->14340K(15232K) NonClass: 12359K(12864K)->12359K(12864K) Class: 1981K(2368K)->1981K(2368K)
[44.010s][info][gc             ] GC(417) Pause Young (Allocation Failure) 176M->8M(510M) 1.756ms
[44.010s][info][gc,cpu         ] GC(417) User=0.00s Sys=0.00s Real=0.00s
[44.161s][info][gc,start       ] GC(418) Pause Young (Allocation Failure)
[44.163s][info][gc,heap        ] GC(418) PSYoungGen: 172480K(173056K)->1024K(173056K) Eden: 171520K(171520K)->0K(171520K) From: 960K(1536K)->1024K(1536K)
[44.163s][info][gc,heap        ] GC(418) ParOldGen: 7973K(349696K)->8021K(349696K)
[44.163s][info][gc,metaspace   ] GC(418) Metaspace: 14340K(15232K)->14340K(15232K) NonClass: 12359K(12864K)->12359K(12864K) Class: 1981K(2368K)->1981K(2368K)
[44.163s][info][gc             ] GC(418) Pause Young (Allocation Failure) 176M->8M(510M) 2.045ms
[44.163s][info][gc,cpu         ] GC(418) User=0.00s Sys=0.00s Real=0.00s
[44.294s][info][gc,start       ] GC(419) Pause Young (Allocation Failure)
[44.296s][info][gc,heap        ] GC(419) PSYoungGen: 172544K(173056K)->992K(173056K) Eden: 171520K(171520K)->0K(171520K) From: 1024K(1536K)->992K(1536K)
[44.296s][info][gc,heap        ] GC(419) ParOldGen: 8021K(349696K)->8109K(349696K)
[44.296s][info][gc,metaspace   ] GC(419) Metaspace: 14340K(15232K)->14340K(15232K) NonClass: 12359K(12864K)->12359K(12864K) Class: 1981K(2368K)->1981K(2368K)
[44.296s][info][gc             ] GC(419) Pause Young (Allocation Failure) 176M->8M(510M) 1.683ms
[44.296s][info][gc,cpu         ] GC(419) User=0.00s Sys=0.00s Real=0.00s
[44.434s][info][gc,start       ] GC(420) Pause Young (Allocation Failure)
[44.436s][info][gc,heap        ] GC(420) PSYoungGen: 172512K(173056K)->1024K(173056K) Eden: 171520K(171520K)->0K(171520K) From: 992K(1536K)->1024K(1536K)
[44.436s][info][gc,heap        ] GC(420) ParOldGen: 8109K(349696K)->8173K(349696K)
[44.436s][info][gc,metaspace   ] GC(420) Metaspace: 14340K(15232K)->14340K(15232K) NonClass: 12359K(12864K)->12359K(12864K) Class: 1981K(2368K)->1981K(2368K)
[44.436s][info][gc             ] GC(420) Pause Young (Allocation Failure) 176M->8M(510M) 1.702ms
[44.436s][info][gc,cpu         ] GC(420) User=0.00s Sys=0.00s Real=0.00s
[44.573s][info][gc,start       ] GC(421) Pause Young (Allocation Failure)
[44.574s][info][gc,heap        ] GC(421) PSYoungGen: 172544K(173056K)->992K(173056K) Eden: 171520K(171520K)->0K(171520K) From: 1024K(1536K)->992K(1536K)
[44.574s][info][gc,heap        ] GC(421) ParOldGen: 8173K(349696K)->8237K(349696K)
[44.574s][info][gc,metaspace   ] GC(421) Metaspace: 14340K(15232K)->14340K(15232K) NonClass: 12359K(12864K)->12359K(12864K) Class: 1981K(2368K)->1981K(2368K)
[44.574s][info][gc             ] GC(421) Pause Young (Allocation Failure) 176M->9M(510M) 1.478ms
[44.574s][info][gc,cpu         ] GC(421) User=0.00s Sys=0.00s Real=0.00s
[44.706s][info][gc,start       ] GC(422) Pause Young (Allocation Failure)
[44.707s][info][gc,heap        ] GC(422) PSYoungGen: 172512K(173056K)->960K(173056K) Eden: 171520K(171520K)->0K(171520K) From: 992K(1536K)->960K(1536K)
[44.707s][info][gc,heap        ] GC(422) ParOldGen: 8237K(349696K)->8333K(349696K)
[44.707s][info][gc,metaspace   ] GC(422) Metaspace: 14340K(15232K)->14340K(15232K) NonClass: 12359K(12864K)->12359K(12864K) Class: 1981K(2368K)->1981K(2368K)
[44.707s][info][gc             ] GC(422) Pause Young (Allocation Failure) 176M->9M(510M) 1.378ms
[44.707s][info][gc,cpu         ] GC(422) User=0.52s Sys=0.00s Real=0.00s
[44.832s][info][gc,start       ] GC(423) Pause Young (Allocation Failure)
[44.833s][info][gc,heap        ] GC(423) PSYoungGen: 172480K(173056K)->992K(173056K) Eden: 171520K(171520K)->0K(171520K) From: 960K(1536K)->992K(1536K)
[44.833s][info][gc,heap        ] GC(423) ParOldGen: 8333K(349696K)->8397K(349696K)
[44.833s][info][gc,metaspace   ] GC(423) Metaspace: 14340K(15232K)->14340K(15232K) NonClass: 12359K(12864K)->12359K(12864K) Class: 1981K(2368K)->1981K(2368K)
[44.833s][info][gc             ] GC(423) Pause Young (Allocation Failure) 176M->9M(510M) 1.403ms
[44.833s][info][gc,cpu         ] GC(423) User=0.00s Sys=0.00s Real=0.00s
[44.957s][info][gc,start       ] GC(424) Pause Young (Allocation Failure)
[44.959s][info][gc,heap        ] GC(424) PSYoungGen: 172512K(173056K)->992K(173056K) Eden: 171520K(171520K)->0K(171520K) From: 992K(1536K)->992K(1536K)
[44.959s][info][gc,heap        ] GC(424) ParOldGen: 8397K(349696K)->8461K(349696K)
[44.959s][info][gc,metaspace   ] GC(424) Metaspace: 14340K(15232K)->14340K(15232K) NonClass: 12359K(12864K)->12359K(12864K) Class: 1981K(2368K)->1981K(2368K)
[44.959s][info][gc             ] GC(424) Pause Young (Allocation Failure) 176M->9M(510M) 1.421ms
[44.959s][info][gc,cpu         ] GC(424) User=0.00s Sys=0.00s Real=0.00s
[45.084s][info][gc,start       ] GC(425) Pause Young (Allocation Failure)
[45.086s][info][gc,heap        ] GC(425) PSYoungGen: 172512K(173056K)->992K(173056K) Eden: 171520K(171520K)->0K(171520K) From: 992K(1536K)->992K(1536K)
[45.086s][info][gc,heap        ] GC(425) ParOldGen: 8461K(349696K)->8517K(349696K)
[45.086s][info][gc,metaspace   ] GC(425) Metaspace: 14340K(15232K)->14340K(15232K) NonClass: 12359K(12864K)->12359K(12864K) Class: 1981K(2368K)->1981K(2368K)
[45.086s][info][gc             ] GC(425) Pause Young (Allocation Failure) 176M->9M(510M) 1.418ms
[45.086s][info][gc,cpu         ] GC(425) User=0.00s Sys=0.00s Real=0.00s
[45.211s][info][gc,start       ] GC(426) Pause Young (Allocation Failure)
[45.212s][info][gc,heap        ] GC(426) PSYoungGen: 172512K(173056K)->992K(173056K) Eden: 171520K(171520K)->0K(171520K) From: 992K(1536K)->992K(1536K)
[45.212s][info][gc,heap        ] GC(426) ParOldGen: 8517K(349696K)->8565K(349696K)
[45.212s][info][gc,metaspace   ] GC(426) Metaspace: 14340K(15232K)->14340K(15232K) NonClass: 12359K(12864K)->12359K(12864K) Class: 1981K(2368K)->1981K(2368K)
[45.212s][info][gc             ] GC(426) Pause Young (Allocation Failure) 176M->9M(510M) 1.452ms
[45.212s][info][gc,cpu         ] GC(426) User=0.00s Sys=0.00s Real=0.00s
[45.337s][info][gc,start       ] GC(427) Pause Young (Allocation Failure)
[45.370s][info][gc,heap        ] GC(427) PSYoungGen: 172512K(173056K)->1024K(173056K) Eden: 171520K(171520K)->0K(171520K) From: 992K(1536K)->1024K(1536K)
[45.370s][info][gc,heap        ] GC(427) ParOldGen: 8565K(349696K)->8621K(349696K)
[45.370s][info][gc,metaspace   ] GC(427) Metaspace: 14340K(15232K)->14340K(15232K) NonClass: 12359K(12864K)->12359K(12864K) Class: 1981K(2368K)->1981K(2368K)
[45.370s][info][gc             ] GC(427) Pause Young (Allocation Failure) 176M->9M(510M) 33.603ms
[45.371s][info][gc,cpu         ] GC(427) User=0.00s Sys=0.00s Real=0.03s
[45.503s][info][gc,start       ] GC(428) Pause Young (Allocation Failure)
[45.505s][info][gc,heap        ] GC(428) PSYoungGen: 172544K(173056K)->1024K(173056K) Eden: 171520K(171520K)->0K(171520K) From: 1024K(1536K)->1024K(1536K)
[45.505s][info][gc,heap        ] GC(428) ParOldGen: 8621K(349696K)->8685K(349696K)
[45.505s][info][gc,metaspace   ] GC(428) Metaspace: 14340K(15232K)->14340K(15232K) NonClass: 12359K(12864K)->12359K(12864K) Class: 1981K(2368K)->1981K(2368K)
[45.505s][info][gc             ] GC(428) Pause Young (Allocation Failure) 176M->9M(510M) 1.452ms
[45.505s][info][gc,cpu         ] GC(428) User=0.45s Sys=0.02s Real=0.00s
[45.629s][info][gc,start       ] GC(429) Pause Young (Allocation Failure)
[45.631s][info][gc,heap        ] GC(429) PSYoungGen: 172544K(173056K)->1024K(173056K) Eden: 171520K(171520K)->0K(171520K) From: 1024K(1536K)->1024K(1536K)
[45.631s][info][gc,heap        ] GC(429) ParOldGen: 8685K(349696K)->8749K(349696K)
[45.631s][info][gc,metaspace   ] GC(429) Metaspace: 14340K(15232K)->14340K(15232K) NonClass: 12359K(12864K)->12359K(12864K) Class: 1981K(2368K)->1981K(2368K)
[45.631s][info][gc             ] GC(429) Pause Young (Allocation Failure) 176M->9M(510M) 1.474ms
[45.631s][info][gc,cpu         ] GC(429) User=0.00s Sys=0.00s Real=0.00s
[45.755s][info][gc,start       ] GC(430) Pause Young (Allocation Failure)
[45.757s][info][gc,heap        ] GC(430) PSYoungGen: 172544K(173056K)->1024K(173056K) Eden: 171520K(171520K)->0K(171520K) From: 1024K(1536K)->1024K(1536K)
[45.757s][info][gc,heap        ] GC(430) ParOldGen: 8749K(349696K)->8797K(349696K)
[45.757s][info][gc,metaspace   ] GC(430) Metaspace: 14340K(15232K)->14340K(15232K) NonClass: 12359K(12864K)->12359K(12864K) Class: 1981K(2368K)->1981K(2368K)
[45.757s][info][gc             ] GC(430) Pause Young (Allocation Failure) 177M->9M(510M) 1.431ms
[45.757s][info][gc,cpu         ] GC(430) User=0.00s Sys=0.00s Real=0.00s
[45.880s][info][gc,start       ] GC(431) Pause Young (Allocation Failure)
[45.882s][info][gc,heap        ] GC(431) PSYoungGen: 172544K(173056K)->992K(173056K) Eden: 171520K(171520K)->0K(171520K) From: 1024K(1536K)->992K(1536K)
[45.882s][info][gc,heap        ] GC(431) ParOldGen: 8797K(349696K)->8861K(349696K)
[45.882s][info][gc,metaspace   ] GC(431) Metaspace: 14340K(15232K)->14340K(15232K) NonClass: 12359K(12864K)->12359K(12864K) Class: 1981K(2368K)->1981K(2368K)
[45.882s][info][gc             ] GC(431) Pause Young (Allocation Failure) 177M->9M(510M) 1.473ms
[45.882s][info][gc,cpu         ] GC(431) User=0.00s Sys=0.00s Real=0.00s
[46.006s][info][gc,start       ] GC(432) Pause Young (Allocation Failure)
[46.007s][info][gc,heap        ] GC(432) PSYoungGen: 172512K(173056K)->1024K(173056K) Eden: 171520K(171520K)->0K(171520K) From: 992K(1536K)->1024K(1536K)
[46.007s][info][gc,heap        ] GC(432) ParOldGen: 8861K(349696K)->8925K(349696K)
[46.007s][info][gc,metaspace   ] GC(432) Metaspace: 14340K(15232K)->14340K(15232K) NonClass: 12359K(12864K)->12359K(12864K) Class: 1981K(2368K)->1981K(2368K)
[46.007s][info][gc             ] GC(432) Pause Young (Allocation Failure) 177M->9M(510M) 1.500ms
[46.007s][info][gc,cpu         ] GC(432) User=0.00s Sys=0.00s Real=0.00s
[46.135s][info][gc,start       ] GC(433) Pause Young (Allocation Failure)
[46.137s][info][gc,heap        ] GC(433) PSYoungGen: 172544K(173056K)->1024K(173056K) Eden: 171520K(171520K)->0K(171520K) From: 1024K(1536K)->1024K(1536K)
[46.137s][info][gc,heap        ] GC(433) ParOldGen: 8925K(349696K)->8981K(349696K)
[46.137s][info][gc,metaspace   ] GC(433) Metaspace: 14340K(15232K)->14340K(15232K) NonClass: 12359K(12864K)->12359K(12864K) Class: 1981K(2368K)->1981K(2368K)
[46.137s][info][gc             ] GC(433) Pause Young (Allocation Failure) 177M->9M(510M) 1.505ms
[46.137s][info][gc,cpu         ] GC(433) User=0.00s Sys=0.00s Real=0.00s
[46.260s][info][gc,start       ] GC(434) Pause Young (Allocation Failure)
[46.262s][info][gc,heap        ] GC(434) PSYoungGen: 172544K(173056K)->1024K(173056K) Eden: 171520K(171520K)->0K(171520K) From: 1024K(1536K)->1024K(1536K)
[46.262s][info][gc,heap        ] GC(434) ParOldGen: 8981K(349696K)->9045K(349696K)
[46.262s][info][gc,metaspace   ] GC(434) Metaspace: 14340K(15232K)->14340K(15232K) NonClass: 12359K(12864K)->12359K(12864K) Class: 1981K(2368K)->1981K(2368K)
[46.262s][info][gc             ] GC(434) Pause Young (Allocation Failure) 177M->9M(510M) 1.542ms
[46.262s][info][gc,cpu         ] GC(434) User=0.00s Sys=0.00s Real=0.00s
[46.387s][info][gc,start       ] GC(435) Pause Young (Allocation Failure)
[46.388s][info][gc,heap        ] GC(435) PSYoungGen: 172544K(173056K)->1024K(173056K) Eden: 171520K(171520K)->0K(171520K) From: 1024K(1536K)->1024K(1536K)
[46.388s][info][gc,heap        ] GC(435) ParOldGen: 9045K(349696K)->9093K(349696K)
[46.388s][info][gc,metaspace   ] GC(435) Metaspace: 14340K(15232K)->14340K(15232K) NonClass: 12359K(12864K)->12359K(12864K) Class: 1981K(2368K)->1981K(2368K)
[46.388s][info][gc             ] GC(435) Pause Young (Allocation Failure) 177M->9M(510M) 1.546ms
[46.388s][info][gc,cpu         ] GC(435) User=0.00s Sys=0.00s Real=0.00s
[46.513s][info][gc,start       ] GC(436) Pause Young (Allocation Failure)
[46.514s][info][gc,heap        ] GC(436) PSYoungGen: 172544K(173056K)->992K(173056K) Eden: 171520K(171520K)->0K(171520K) From: 1024K(1536K)->992K(1536K)
[46.514s][info][gc,heap        ] GC(436) ParOldGen: 9093K(349696K)->9157K(349696K)
[46.514s][info][gc,metaspace   ] GC(436) Metaspace: 14340K(15232K)->14340K(15232K) NonClass: 12359K(12864K)->12359K(12864K) Class: 1981K(2368K)->1981K(2368K)
[46.514s][info][gc             ] GC(436) Pause Young (Allocation Failure) 177M->9M(510M) 1.590ms
[46.514s][info][gc,cpu         ] GC(436) User=0.00s Sys=0.00s Real=0.00s
[46.638s][info][gc,start       ] GC(437) Pause Young (Allocation Failure)
[46.640s][info][gc,heap        ] GC(437) PSYoungGen: 172512K(173056K)->992K(173056K) Eden: 171520K(171520K)->0K(171520K) From: 992K(1536K)->992K(1536K)
[46.640s][info][gc,heap        ] GC(437) ParOldGen: 9157K(349696K)->9229K(349696K)
[46.640s][info][gc,metaspace   ] GC(437) Metaspace: 14340K(15232K)->14340K(15232K) NonClass: 12359K(12864K)->12359K(12864K) Class: 1981K(2368K)->1981K(2368K)
[46.640s][info][gc             ] GC(437) Pause Young (Allocation Failure) 177M->9M(510M) 1.591ms
[46.640s][info][gc,cpu         ] GC(437) User=0.00s Sys=0.00s Real=0.00s
[46.762s][info][gc,start       ] GC(438) Pause Young (Allocation Failure)
[46.763s][info][gc,heap        ] GC(438) PSYoungGen: 172512K(173056K)->1024K(173056K) Eden: 171520K(171520K)->0K(171520K) From: 992K(1536K)->1024K(1536K)
[46.764s][info][gc,heap        ] GC(438) ParOldGen: 9229K(349696K)->9285K(349696K)
[46.764s][info][gc,metaspace   ] GC(438) Metaspace: 14340K(15232K)->14340K(15232K) NonClass: 12359K(12864K)->12359K(12864K) Class: 1981K(2368K)->1981K(2368K)
[46.764s][info][gc             ] GC(438) Pause Young (Allocation Failure) 177M->10M(510M) 1.652ms
[46.764s][info][gc,cpu         ] GC(438) User=0.00s Sys=0.00s Real=0.00s
[46.889s][info][gc,start       ] GC(439) Pause Young (Allocation Failure)
[46.890s][info][gc,heap        ] GC(439) PSYoungGen: 172544K(173056K)->1024K(173056K) Eden: 171520K(171520K)->0K(171520K) From: 1024K(1536K)->1024K(1536K)
[46.890s][info][gc,heap        ] GC(439) ParOldGen: 9285K(349696K)->9341K(349696K)
[46.890s][info][gc,metaspace   ] GC(439) Metaspace: 14340K(15232K)->14340K(15232K) NonClass: 12359K(12864K)->12359K(12864K) Class: 1981K(2368K)->1981K(2368K)
[46.890s][info][gc             ] GC(439) Pause Young (Allocation Failure) 177M->10M(510M) 1.639ms
[46.890s][info][gc,cpu         ] GC(439) User=0.00s Sys=0.00s Real=0.00s
[47.014s][info][gc,start       ] GC(440) Pause Young (Allocation Failure)
[47.015s][info][gc,heap        ] GC(440) PSYoungGen: 172544K(173056K)->1024K(173056K) Eden: 171520K(171520K)->0K(171520K) From: 1024K(1536K)->1024K(1536K)
[47.015s][info][gc,heap        ] GC(440) ParOldGen: 9341K(349696K)->9397K(349696K)
[47.015s][info][gc,metaspace   ] GC(440) Metaspace: 14340K(15232K)->14340K(15232K) NonClass: 12359K(12864K)->12359K(12864K) Class: 1981K(2368K)->1981K(2368K)
[47.015s][info][gc             ] GC(440) Pause Young (Allocation Failure) 177M->10M(510M) 1.665ms
[47.015s][info][gc,cpu         ] GC(440) User=0.00s Sys=0.00s Real=0.00s
[47.139s][info][gc,start       ] GC(441) Pause Young (Allocation Failure)
[47.140s][info][gc,heap        ] GC(441) PSYoungGen: 172544K(173056K)->992K(173056K) Eden: 171520K(171520K)->0K(171520K) From: 1024K(1536K)->992K(1536K)
[47.140s][info][gc,heap        ] GC(441) ParOldGen: 9397K(349696K)->9445K(349696K)
[47.140s][info][gc,metaspace   ] GC(441) Metaspace: 14340K(15232K)->14340K(15232K) NonClass: 12359K(12864K)->12359K(12864K) Class: 1981K(2368K)->1981K(2368K)
[47.140s][info][gc             ] GC(441) Pause Young (Allocation Failure) 177M->10M(510M) 1.649ms
[47.140s][info][gc,cpu         ] GC(441) User=0.00s Sys=0.00s Real=0.00s
[47.264s][info][gc,start       ] GC(442) Pause Young (Allocation Failure)
[47.266s][info][gc,heap        ] GC(442) PSYoungGen: 172512K(173056K)->992K(173056K) Eden: 171520K(171520K)->0K(171520K) From: 992K(1536K)->992K(1536K)
[47.266s][info][gc,heap        ] GC(442) ParOldGen: 9445K(349696K)->9517K(349696K)
[47.266s][info][gc,metaspace   ] GC(442) Metaspace: 14340K(15232K)->14340K(15232K) NonClass: 12359K(12864K)->12359K(12864K) Class: 1981K(2368K)->1981K(2368K)
[47.266s][info][gc             ] GC(442) Pause Young (Allocation Failure) 177M->10M(510M) 1.704ms
[47.266s][info][gc,cpu         ] GC(442) User=0.00s Sys=0.00s Real=0.00s
[47.391s][info][gc,start       ] GC(443) Pause Young (Allocation Failure)
[47.393s][info][gc,heap        ] GC(443) PSYoungGen: 172512K(173056K)->1024K(173056K) Eden: 171520K(171520K)->0K(171520K) From: 992K(1536K)->1024K(1536K)
[47.393s][info][gc,heap        ] GC(443) ParOldGen: 9517K(349696K)->9565K(349696K)
[47.393s][info][gc,metaspace   ] GC(443) Metaspace: 14340K(15232K)->14340K(15232K) NonClass: 12359K(12864K)->12359K(12864K) Class: 1981K(2368K)->1981K(2368K)
[47.393s][info][gc             ] GC(443) Pause Young (Allocation Failure) 177M->10M(510M) 1.761ms
[47.393s][info][gc,cpu         ] GC(443) User=0.00s Sys=0.00s Real=0.00s
[47.520s][info][gc,start       ] GC(444) Pause Young (Allocation Failure)
[47.522s][info][gc,heap        ] GC(444) PSYoungGen: 172544K(173056K)->1024K(173056K) Eden: 171520K(171520K)->0K(171520K) From: 1024K(1536K)->1024K(1536K)
[47.522s][info][gc,heap        ] GC(444) ParOldGen: 9565K(349696K)->9605K(349696K)
[47.522s][info][gc,metaspace   ] GC(444) Metaspace: 14340K(15232K)->14340K(15232K) NonClass: 12359K(12864K)->12359K(12864K) Class: 1981K(2368K)->1981K(2368K)
[47.522s][info][gc             ] GC(444) Pause Young (Allocation Failure) 177M->10M(510M) 1.776ms
[47.522s][info][gc,cpu         ] GC(444) User=0.00s Sys=0.00s Real=0.00s
[47.645s][info][gc,start       ] GC(445) Pause Young (Allocation Failure)
[47.647s][info][gc,heap        ] GC(445) PSYoungGen: 172544K(173056K)->1024K(173056K) Eden: 171520K(171520K)->0K(171520K) From: 1024K(1536K)->1024K(1536K)
[47.647s][info][gc,heap        ] GC(445) ParOldGen: 9605K(349696K)->9661K(349696K)
[47.647s][info][gc,metaspace   ] GC(445) Metaspace: 14340K(15232K)->14340K(15232K) NonClass: 12359K(12864K)->12359K(12864K) Class: 1981K(2368K)->1981K(2368K)
[47.647s][info][gc             ] GC(445) Pause Young (Allocation Failure) 177M->10M(510M) 1.811ms
[47.647s][info][gc,cpu         ] GC(445) User=0.00s Sys=0.00s Real=0.00s
[47.770s][info][gc,start       ] GC(446) Pause Young (Allocation Failure)
[47.772s][info][gc,heap        ] GC(446) PSYoungGen: 172544K(173056K)->1024K(173056K) Eden: 171520K(171520K)->0K(171520K) From: 1024K(1536K)->1024K(1536K)
[47.772s][info][gc,heap        ] GC(446) ParOldGen: 9661K(349696K)->9733K(349696K)
[47.772s][info][gc,metaspace   ] GC(446) Metaspace: 14340K(15232K)->14340K(15232K) NonClass: 12359K(12864K)->12359K(12864K) Class: 1981K(2368K)->1981K(2368K)
[47.772s][info][gc             ] GC(446) Pause Young (Allocation Failure) 177M->10M(510M) 1.837ms
[47.772s][info][gc,cpu         ] GC(446) User=0.00s Sys=0.00s Real=0.00s
[48.035s][info][gc,start       ] GC(447) Pause Young (Allocation Failure)
[48.038s][info][gc,heap        ] GC(447) PSYoungGen: 172544K(173056K)->1024K(173056K) Eden: 171520K(171520K)->0K(171520K) From: 1024K(1536K)->1024K(1536K)
[48.038s][info][gc,heap        ] GC(447) ParOldGen: 9733K(349696K)->9757K(349696K)
[48.038s][info][gc,metaspace   ] GC(447) Metaspace: 14340K(15232K)->14340K(15232K) NonClass: 12359K(12864K)->12359K(12864K) Class: 1981K(2368K)->1981K(2368K)
[48.038s][info][gc             ] GC(447) Pause Young (Allocation Failure) 178M->10M(510M) 2.508ms
[48.038s][info][gc,cpu         ] GC(447) User=0.00s Sys=0.00s Real=0.00s
[48.175s][info][gc,start       ] GC(448) Pause Young (Allocation Failure)
[48.176s][info][gc,heap        ] GC(448) PSYoungGen: 172544K(173056K)->1024K(173056K) Eden: 171520K(171520K)->0K(171520K) From: 1024K(1536K)->1024K(1536K)
[48.176s][info][gc,heap        ] GC(448) ParOldGen: 9757K(349696K)->9821K(349696K)
[48.176s][info][gc,metaspace   ] GC(448) Metaspace: 14340K(15232K)->14340K(15232K) NonClass: 12359K(12864K)->12359K(12864K) Class: 1981K(2368K)->1981K(2368K)
[48.176s][info][gc             ] GC(448) Pause Young (Allocation Failure) 178M->10M(510M) 1.693ms
[48.176s][info][gc,cpu         ] GC(448) User=0.52s Sys=0.00s Real=0.00s
[48.319s][info][gc,start       ] GC(449) Pause Young (Allocation Failure)
[48.320s][info][gc,heap        ] GC(449) PSYoungGen: 172544K(173056K)->1024K(173056K) Eden: 171520K(171520K)->0K(171520K) From: 1024K(1536K)->1024K(1536K)
[48.320s][info][gc,heap        ] GC(449) ParOldGen: 9821K(349696K)->9885K(349696K)
[48.320s][info][gc,metaspace   ] GC(449) Metaspace: 14340K(15232K)->14340K(15232K) NonClass: 12359K(12864K)->12359K(12864K) Class: 1981K(2368K)->1981K(2368K)
[48.320s][info][gc             ] GC(449) Pause Young (Allocation Failure) 178M->10M(510M) 1.724ms
[48.320s][info][gc,cpu         ] GC(449) User=0.00s Sys=0.00s Real=0.00s
[48.459s][info][gc,start       ] GC(450) Pause Young (Allocation Failure)
[48.461s][info][gc,heap        ] GC(450) PSYoungGen: 172544K(173056K)->1024K(173056K) Eden: 171520K(171520K)->0K(171520K) From: 1024K(1536K)->1024K(1536K)
[48.461s][info][gc,heap        ] GC(450) ParOldGen: 9885K(349696K)->9941K(349696K)
[48.461s][info][gc,metaspace   ] GC(450) Metaspace: 14340K(15232K)->14340K(15232K) NonClass: 12359K(12864K)->12359K(12864K) Class: 1981K(2368K)->1981K(2368K)
[48.461s][info][gc             ] GC(450) Pause Young (Allocation Failure) 178M->10M(510M) 1.623ms
[48.461s][info][gc,cpu         ] GC(450) User=0.00s Sys=0.00s Real=0.00s
[48.594s][info][gc,start       ] GC(451) Pause Young (Allocation Failure)
[48.595s][info][gc,heap        ] GC(451) PSYoungGen: 172544K(173056K)->1024K(173056K) Eden: 171520K(171520K)->0K(171520K) From: 1024K(1536K)->1024K(1536K)
[48.595s][info][gc,heap        ] GC(451) ParOldGen: 9941K(349696K)->9997K(349696K)
[48.595s][info][gc,metaspace   ] GC(451) Metaspace: 14340K(15232K)->14340K(15232K) NonClass: 12359K(12864K)->12359K(12864K) Class: 1981K(2368K)->1981K(2368K)
[48.595s][info][gc             ] GC(451) Pause Young (Allocation Failure) 178M->10M(510M) 1.425ms
[48.595s][info][gc,cpu         ] GC(451) User=0.00s Sys=0.00s Real=0.00s
[48.719s][info][gc,start       ] GC(452) Pause Young (Allocation Failure)
[48.720s][info][gc,heap        ] GC(452) PSYoungGen: 172544K(173056K)->1024K(173056K) Eden: 171520K(171520K)->0K(171520K) From: 1024K(1536K)->1024K(1536K)
[48.720s][info][gc,heap        ] GC(452) ParOldGen: 9997K(349696K)->10045K(349696K)
[48.720s][info][gc,metaspace   ] GC(452) Metaspace: 14340K(15232K)->14340K(15232K) NonClass: 12359K(12864K)->12359K(12864K) Class: 1981K(2368K)->1981K(2368K)
[48.720s][info][gc             ] GC(452) Pause Young (Allocation Failure) 178M->10M(510M) 1.445ms
[48.720s][info][gc,cpu         ] GC(452) User=0.00s Sys=0.00s Real=0.00s
[48.843s][info][gc,start       ] GC(453) Pause Young (Allocation Failure)
[48.845s][info][gc,heap        ] GC(453) PSYoungGen: 172544K(173056K)->992K(173056K) Eden: 171520K(171520K)->0K(171520K) From: 1024K(1536K)->992K(1536K)
[48.845s][info][gc,heap        ] GC(453) ParOldGen: 10045K(349696K)->10085K(349696K)
[48.845s][info][gc,metaspace   ] GC(453) Metaspace: 14340K(15232K)->14340K(15232K) NonClass: 12359K(12864K)->12359K(12864K) Class: 1981K(2368K)->1981K(2368K)
[48.845s][info][gc             ] GC(453) Pause Young (Allocation Failure) 178M->10M(510M) 1.487ms
[48.845s][info][gc,cpu         ] GC(453) User=0.00s Sys=0.00s Real=0.00s
[48.967s][info][gc,start       ] GC(454) Pause Young (Allocation Failure)
[48.968s][info][gc,heap        ] GC(454) PSYoungGen: 172512K(173056K)->1024K(173056K) Eden: 171520K(171520K)->0K(171520K) From: 992K(1536K)->1024K(1536K)
[48.968s][info][gc,heap        ] GC(454) ParOldGen: 10085K(349696K)->10117K(349696K)
[48.968s][info][gc,metaspace   ] GC(454) Metaspace: 14340K(15232K)->14340K(15232K) NonClass: 12359K(12864K)->12359K(12864K) Class: 1981K(2368K)->1981K(2368K)
[48.968s][info][gc             ] GC(454) Pause Young (Allocation Failure) 178M->10M(510M) 1.428ms
[48.968s][info][gc,cpu         ] GC(454) User=0.00s Sys=0.00s Real=0.00s
[49.092s][info][gc,start       ] GC(455) Pause Young (Allocation Failure)
[49.093s][info][gc,heap        ] GC(455) PSYoungGen: 172544K(173056K)->1024K(173056K) Eden: 171520K(171520K)->0K(171520K) From: 1024K(1536K)->1024K(1536K)
[49.093s][info][gc,heap        ] GC(455) ParOldGen: 10117K(349696K)->10165K(349696K)
[49.093s][info][gc,metaspace   ] GC(455) Metaspace: 14340K(15232K)->14340K(15232K) NonClass: 12359K(12864K)->12359K(12864K) Class: 1981K(2368K)->1981K(2368K)
[49.093s][info][gc             ] GC(455) Pause Young (Allocation Failure) 178M->10M(510M) 1.467ms
[49.093s][info][gc,cpu         ] GC(455) User=0.00s Sys=0.00s Real=0.00s
[49.219s][info][gc,start       ] GC(456) Pause Young (Allocation Failure)
[49.220s][info][gc,heap        ] GC(456) PSYoungGen: 172544K(173056K)->992K(173056K) Eden: 171520K(171520K)->0K(171520K) From: 1024K(1536K)->992K(1536K)
[49.220s][info][gc,heap        ] GC(456) ParOldGen: 10165K(349696K)->10205K(349696K)
[49.220s][info][gc,metaspace   ] GC(456) Metaspace: 14340K(15232K)->14340K(15232K) NonClass: 12359K(12864K)->12359K(12864K) Class: 1981K(2368K)->1981K(2368K)
[49.220s][info][gc             ] GC(456) Pause Young (Allocation Failure) 178M->10M(510M) 1.453ms
[49.220s][info][gc,cpu         ] GC(456) User=0.00s Sys=0.00s Real=0.00s
[49.345s][info][gc,start       ] GC(457) Pause Young (Allocation Failure)
[49.347s][info][gc,heap        ] GC(457) PSYoungGen: 172512K(173056K)->1024K(173056K) Eden: 171520K(171520K)->0K(171520K) From: 992K(1536K)->1024K(1536K)
[49.347s][info][gc,heap        ] GC(457) ParOldGen: 10205K(349696K)->10253K(349696K)
[49.347s][info][gc,metaspace   ] GC(457) Metaspace: 14340K(15232K)->14340K(15232K) NonClass: 12359K(12864K)->12359K(12864K) Class: 1981K(2368K)->1981K(2368K)
[49.347s][info][gc             ] GC(457) Pause Young (Allocation Failure) 178M->11M(510M) 1.454ms
[49.347s][info][gc,cpu         ] GC(457) User=0.00s Sys=0.00s Real=0.00s
[49.473s][info][gc,start       ] GC(458) Pause Young (Allocation Failure)
[49.475s][info][gc,heap        ] GC(458) PSYoungGen: 172544K(173056K)->960K(173056K) Eden: 171520K(171520K)->0K(171520K) From: 1024K(1536K)->960K(1536K)
[49.475s][info][gc,heap        ] GC(458) ParOldGen: 10253K(349696K)->10301K(349696K)
[49.475s][info][gc,metaspace   ] GC(458) Metaspace: 14340K(15232K)->14340K(15232K) NonClass: 12359K(12864K)->12359K(12864K) Class: 1981K(2368K)->1981K(2368K)
[49.475s][info][gc             ] GC(458) Pause Young (Allocation Failure) 178M->10M(510M) 1.492ms
[49.475s][info][gc,cpu         ] GC(458) User=0.00s Sys=0.00s Real=0.00s
[49.601s][info][gc,start       ] GC(459) Pause Young (Allocation Failure)
[49.602s][info][gc,heap        ] GC(459) PSYoungGen: 172480K(173056K)->1024K(173056K) Eden: 171520K(171520K)->0K(171520K) From: 960K(1536K)->1024K(1536K)
[49.602s][info][gc,heap        ] GC(459) ParOldGen: 10301K(349696K)->10357K(349696K)
[49.602s][info][gc,metaspace   ] GC(459) Metaspace: 14340K(15232K)->14340K(15232K) NonClass: 12359K(12864K)->12359K(12864K) Class: 1981K(2368K)->1981K(2368K)
[49.602s][info][gc             ] GC(459) Pause Young (Allocation Failure) 178M->11M(510M) 1.512ms
[49.602s][info][gc,cpu         ] GC(459) User=0.00s Sys=0.00s Real=0.00s
[49.727s][info][gc,start       ] GC(460) Pause Young (Allocation Failure)
[49.728s][info][gc,heap        ] GC(460) PSYoungGen: 172544K(173056K)->1024K(173056K) Eden: 171520K(171520K)->0K(171520K) From: 1024K(1536K)->1024K(1536K)
[49.728s][info][gc,heap        ] GC(460) ParOldGen: 10357K(349696K)->10397K(349696K)
[49.728s][info][gc,metaspace   ] GC(460) Metaspace: 14340K(15232K)->14340K(15232K) NonClass: 12359K(12864K)->12359K(12864K) Class: 1981K(2368K)->1981K(2368K)
[49.728s][info][gc             ] GC(460) Pause Young (Allocation Failure) 178M->11M(510M) 1.468ms
[49.728s][info][gc,cpu         ] GC(460) User=0.00s Sys=0.00s Real=0.00s
[49.854s][info][gc,start       ] GC(461) Pause Young (Allocation Failure)
[49.855s][info][gc,heap        ] GC(461) PSYoungGen: 172544K(173056K)->1024K(173056K) Eden: 171520K(171520K)->0K(171520K) From: 1024K(1536K)->1024K(1536K)
[49.855s][info][gc,heap        ] GC(461) ParOldGen: 10397K(349696K)->10437K(349696K)
[49.855s][info][gc,metaspace   ] GC(461) Metaspace: 14340K(15232K)->14340K(15232K) NonClass: 12359K(12864K)->12359K(12864K) Class: 1981K(2368K)->1981K(2368K)
[49.855s][info][gc             ] GC(461) Pause Young (Allocation Failure) 178M->11M(510M) 1.511ms
[49.855s][info][gc,cpu         ] GC(461) User=0.00s Sys=0.00s Real=0.00s
[49.980s][info][gc,start       ] GC(462) Pause Young (Allocation Failure)
[49.981s][info][gc,heap        ] GC(462) PSYoungGen: 172544K(173056K)->992K(173056K) Eden: 171520K(171520K)->0K(171520K) From: 1024K(1536K)->992K(1536K)
[49.981s][info][gc,heap        ] GC(462) ParOldGen: 10437K(349696K)->10493K(349696K)
[49.981s][info][gc,metaspace   ] GC(462) Metaspace: 14340K(15232K)->14340K(15232K) NonClass: 12359K(12864K)->12359K(12864K) Class: 1981K(2368K)->1981K(2368K)
[49.981s][info][gc             ] GC(462) Pause Young (Allocation Failure) 178M->11M(510M) 1.562ms
[49.981s][info][gc,cpu         ] GC(462) User=0.00s Sys=0.00s Real=0.00s
[50.106s][info][gc,start       ] GC(463) Pause Young (Allocation Failure)
[50.107s][info][gc,heap        ] GC(463) PSYoungGen: 172512K(173056K)->1024K(173056K) Eden: 171520K(171520K)->0K(171520K) From: 992K(1536K)->1024K(1536K)
[50.107s][info][gc,heap        ] GC(463) ParOldGen: 10493K(349696K)->10541K(349696K)
[50.107s][info][gc,metaspace   ] GC(463) Metaspace: 14340K(15232K)->14340K(15232K) NonClass: 12359K(12864K)->12359K(12864K) Class: 1981K(2368K)->1981K(2368K)
[50.107s][info][gc             ] GC(463) Pause Young (Allocation Failure) 178M->11M(510M) 1.592ms
[50.107s][info][gc,cpu         ] GC(463) User=0.00s Sys=0.00s Real=0.00s
[50.233s][info][gc,start       ] GC(464) Pause Young (Allocation Failure)
[50.234s][info][gc,heap        ] GC(464) PSYoungGen: 172544K(173056K)->1024K(173056K) Eden: 171520K(171520K)->0K(171520K) From: 1024K(1536K)->1024K(1536K)
[50.234s][info][gc,heap        ] GC(464) ParOldGen: 10541K(349696K)->10581K(349696K)
[50.234s][info][gc,metaspace   ] GC(464) Metaspace: 14340K(15232K)->14340K(15232K) NonClass: 12359K(12864K)->12359K(12864K) Class: 1981K(2368K)->1981K(2368K)
[50.234s][info][gc             ] GC(464) Pause Young (Allocation Failure) 178M->11M(510M) 1.610ms
[50.234s][info][gc,cpu         ] GC(464) User=0.00s Sys=0.00s Real=0.00s
[50.355s][info][gc,start       ] GC(465) Pause Young (Allocation Failure)
[50.357s][info][gc,heap        ] GC(465) PSYoungGen: 172544K(173056K)->1024K(173056K) Eden: 171520K(171520K)->0K(171520K) From: 1024K(1536K)->1024K(1536K)
[50.357s][info][gc,heap        ] GC(465) ParOldGen: 10581K(349696K)->10621K(349696K)
[50.357s][info][gc,metaspace   ] GC(465) Metaspace: 14340K(15232K)->14340K(15232K) NonClass: 12359K(12864K)->12359K(12864K) Class: 1981K(2368K)->1981K(2368K)
[50.357s][info][gc             ] GC(465) Pause Young (Allocation Failure) 178M->11M(510M) 1.639ms
[50.357s][info][gc,cpu         ] GC(465) User=0.00s Sys=0.00s Real=0.00s
[50.482s][info][gc,start       ] GC(466) Pause Young (Allocation Failure)
[50.483s][info][gc,heap        ] GC(466) PSYoungGen: 172544K(173056K)->992K(173056K) Eden: 171520K(171520K)->0K(171520K) From: 1024K(1536K)->992K(1536K)
[50.483s][info][gc,heap        ] GC(466) ParOldGen: 10621K(349696K)->10661K(349696K)
[50.483s][info][gc,metaspace   ] GC(466) Metaspace: 14340K(15232K)->14340K(15232K) NonClass: 12359K(12864K)->12359K(12864K) Class: 1981K(2368K)->1981K(2368K)
[50.483s][info][gc             ] GC(466) Pause Young (Allocation Failure) 178M->11M(510M) 1.680ms
[50.483s][info][gc,cpu         ] GC(466) User=0.00s Sys=0.00s Real=0.00s
[50.605s][info][gc,start       ] GC(467) Pause Young (Allocation Failure)
[50.607s][info][gc,heap        ] GC(467) PSYoungGen: 172512K(173056K)->992K(173056K) Eden: 171520K(171520K)->0K(171520K) From: 992K(1536K)->992K(1536K)
[50.607s][info][gc,heap        ] GC(467) ParOldGen: 10661K(349696K)->10717K(349696K)
[50.607s][info][gc,metaspace   ] GC(467) Metaspace: 14340K(15232K)->14340K(15232K) NonClass: 12359K(12864K)->12359K(12864K) Class: 1981K(2368K)->1981K(2368K)
[50.607s][info][gc             ] GC(467) Pause Young (Allocation Failure) 178M->11M(510M) 1.717ms
[50.607s][info][gc,cpu         ] GC(467) User=0.00s Sys=0.00s Real=0.00s
[50.731s][info][gc,start       ] GC(468) Pause Young (Allocation Failure)
[50.733s][info][gc,heap        ] GC(468) PSYoungGen: 172512K(173056K)->992K(173056K) Eden: 171520K(171520K)->0K(171520K) From: 992K(1536K)->992K(1536K)
[50.733s][info][gc,heap        ] GC(468) ParOldGen: 10717K(349696K)->10749K(349696K)
[50.733s][info][gc,metaspace   ] GC(468) Metaspace: 14340K(15232K)->14340K(15232K) NonClass: 12359K(12864K)->12359K(12864K) Class: 1981K(2368K)->1981K(2368K)
[50.733s][info][gc             ] GC(468) Pause Young (Allocation Failure) 178M->11M(510M) 1.722ms
[50.733s][info][gc,cpu         ] GC(468) User=0.00s Sys=0.00s Real=0.00s
[50.857s][info][gc,start       ] GC(469) Pause Young (Allocation Failure)
[50.862s][info][gc,heap        ] GC(469) PSYoungGen: 172512K(173056K)->1024K(173056K) Eden: 171520K(171520K)->0K(171520K) From: 992K(1536K)->1024K(1536K)
[50.862s][info][gc,heap        ] GC(469) ParOldGen: 10749K(349696K)->10805K(349696K)
[50.862s][info][gc,metaspace   ] GC(469) Metaspace: 14340K(15232K)->14340K(15232K) NonClass: 12359K(12864K)->12359K(12864K) Class: 1981K(2368K)->1981K(2368K)
[50.862s][info][gc             ] GC(469) Pause Young (Allocation Failure) 178M->11M(510M) 4.675ms
[50.862s][info][gc,cpu         ] GC(469) User=0.00s Sys=0.00s Real=0.00s
[50.986s][info][gc,start       ] GC(470) Pause Young (Allocation Failure)
[50.987s][info][gc,heap        ] GC(470) PSYoungGen: 172544K(173056K)->1024K(173056K) Eden: 171520K(171520K)->0K(171520K) From: 1024K(1536K)->1024K(1536K)
[50.987s][info][gc,heap        ] GC(470) ParOldGen: 10805K(349696K)->10845K(349696K)
[50.987s][info][gc,metaspace   ] GC(470) Metaspace: 14340K(15232K)->14340K(15232K) NonClass: 12359K(12864K)->12359K(12864K) Class: 1981K(2368K)->1981K(2368K)
[50.987s][info][gc             ] GC(470) Pause Young (Allocation Failure) 179M->11M(510M) 1.746ms
[50.987s][info][gc,cpu         ] GC(470) User=0.00s Sys=0.00s Real=0.00s
[51.112s][info][gc,start       ] GC(471) Pause Young (Allocation Failure)
[51.114s][info][gc,heap        ] GC(471) PSYoungGen: 172544K(173056K)->1024K(173056K) Eden: 171520K(171520K)->0K(171520K) From: 1024K(1536K)->1024K(1536K)
[51.114s][info][gc,heap        ] GC(471) ParOldGen: 10845K(349696K)->10893K(349696K)
[51.114s][info][gc,metaspace   ] GC(471) Metaspace: 14340K(15232K)->14340K(15232K) NonClass: 12359K(12864K)->12359K(12864K) Class: 1981K(2368K)->1981K(2368K)
[51.114s][info][gc             ] GC(471) Pause Young (Allocation Failure) 179M->11M(510M) 1.788ms
[51.114s][info][gc,cpu         ] GC(471) User=0.52s Sys=0.00s Real=0.00s
[51.238s][info][gc,start       ] GC(472) Pause Young (Allocation Failure)
[51.239s][info][gc,heap        ] GC(472) PSYoungGen: 172544K(173056K)->960K(173056K) Eden: 171520K(171520K)->0K(171520K) From: 1024K(1536K)->960K(1536K)
[51.239s][info][gc,heap        ] GC(472) ParOldGen: 10893K(349696K)->10941K(349696K)
[51.239s][info][gc,metaspace   ] GC(472) Metaspace: 14340K(15232K)->14340K(15232K) NonClass: 12359K(12864K)->12359K(12864K) Class: 1981K(2368K)->1981K(2368K)
[51.239s][info][gc             ] GC(472) Pause Young (Allocation Failure) 179M->11M(510M) 1.800ms
[51.239s][info][gc,cpu         ] GC(472) User=0.44s Sys=0.00s Real=0.00s
[51.364s][info][gc,start       ] GC(473) Pause Young (Allocation Failure)
[51.366s][info][gc,heap        ] GC(473) PSYoungGen: 172480K(173056K)->1024K(173056K) Eden: 171520K(171520K)->0K(171520K) From: 960K(1536K)->1024K(1536K)
[51.366s][info][gc,heap        ] GC(473) ParOldGen: 10941K(349696K)->11005K(349696K)
[51.366s][info][gc,metaspace   ] GC(473) Metaspace: 14340K(15232K)->14340K(15232K) NonClass: 12359K(12864K)->12359K(12864K) Class: 1981K(2368K)->1981K(2368K)
[51.366s][info][gc             ] GC(473) Pause Young (Allocation Failure) 179M->11M(510M) 1.803ms
[51.366s][info][gc,cpu         ] GC(473) User=0.00s Sys=0.00s Real=0.00s
[51.489s][info][gc,start       ] GC(474) Pause Young (Allocation Failure)
[51.491s][info][gc,heap        ] GC(474) PSYoungGen: 172544K(173056K)->1024K(173056K) Eden: 171520K(171520K)->0K(171520K) From: 1024K(1536K)->1024K(1536K)
[51.491s][info][gc,heap        ] GC(474) ParOldGen: 11005K(349696K)->11069K(349696K)
[51.491s][info][gc,metaspace   ] GC(474) Metaspace: 14340K(15232K)->14340K(15232K) NonClass: 12359K(12864K)->12359K(12864K) Class: 1981K(2368K)->1981K(2368K)
[51.491s][info][gc             ] GC(474) Pause Young (Allocation Failure) 179M->11M(510M) 1.880ms
[51.491s][info][gc,cpu         ] GC(474) User=0.00s Sys=0.00s Real=0.00s
[51.617s][info][gc,start       ] GC(475) Pause Young (Allocation Failure)
[51.619s][info][gc,heap        ] GC(475) PSYoungGen: 172544K(173056K)->1024K(173056K) Eden: 171520K(171520K)->0K(171520K) From: 1024K(1536K)->1024K(1536K)
[51.619s][info][gc,heap        ] GC(475) ParOldGen: 11069K(349696K)->11101K(349696K)
[51.619s][info][gc,metaspace   ] GC(475) Metaspace: 14340K(15232K)->14340K(15232K) NonClass: 12359K(12864K)->12359K(12864K) Class: 1981K(2368K)->1981K(2368K)
[51.619s][info][gc             ] GC(475) Pause Young (Allocation Failure) 179M->11M(510M) 1.896ms
[51.619s][info][gc,cpu         ] GC(475) User=0.00s Sys=0.00s Real=0.00s
[51.881s][info][gc,start       ] GC(476) Pause Young (Allocation Failure)
[51.884s][info][gc,heap        ] GC(476) PSYoungGen: 172544K(173056K)->1056K(173056K) Eden: 171520K(171520K)->0K(171520K) From: 1024K(1536K)->1056K(1536K)
[51.884s][info][gc,heap        ] GC(476) ParOldGen: 11101K(349696K)->11141K(349696K)
[51.884s][info][gc,metaspace   ] GC(476) Metaspace: 14340K(15232K)->14340K(15232K) NonClass: 12359K(12864K)->12359K(12864K) Class: 1981K(2368K)->1981K(2368K)
[51.884s][info][gc             ] GC(476) Pause Young (Allocation Failure) 179M->11M(510M) 2.546ms
[51.884s][info][gc,cpu         ] GC(476) User=0.00s Sys=0.00s Real=0.00s
[52.018s][info][gc,start       ] GC(477) Pause Young (Allocation Failure)
[52.020s][info][gc,heap        ] GC(477) PSYoungGen: 172576K(173056K)->1056K(173056K) Eden: 171520K(171520K)->0K(171520K) From: 1056K(1536K)->1056K(1536K)
[52.020s][info][gc,heap        ] GC(477) ParOldGen: 11141K(349696K)->11193K(349696K)
[52.020s][info][gc,metaspace   ] GC(477) Metaspace: 14340K(15232K)->14340K(15232K) NonClass: 12359K(12864K)->12359K(12864K) Class: 1981K(2368K)->1981K(2368K)
[52.020s][info][gc             ] GC(477) Pause Young (Allocation Failure) 179M->11M(510M) 1.702ms
[52.020s][info][gc,cpu         ] GC(477) User=0.00s Sys=0.00s Real=0.00s
[52.150s][info][gc,start       ] GC(478) Pause Young (Allocation Failure)
[52.151s][info][gc,heap        ] GC(478) PSYoungGen: 172576K(173056K)->1024K(173056K) Eden: 171520K(171520K)->0K(171520K) From: 1056K(1536K)->1024K(1536K)
[52.151s][info][gc,heap        ] GC(478) ParOldGen: 11193K(349696K)->11273K(349696K)
[52.151s][info][gc,metaspace   ] GC(478) Metaspace: 14340K(15232K)->14340K(15232K) NonClass: 12359K(12864K)->12359K(12864K) Class: 1981K(2368K)->1981K(2368K)
[52.151s][info][gc             ] GC(478) Pause Young (Allocation Failure) 179M->12M(510M) 1.679ms
[52.151s][info][gc,cpu         ] GC(478) User=0.00s Sys=0.00s Real=0.00s
[52.278s][info][gc,start       ] GC(479) Pause Young (Allocation Failure)
[52.280s][info][gc,heap        ] GC(479) PSYoungGen: 172544K(173056K)->1024K(173056K) Eden: 171520K(171520K)->0K(171520K) From: 1024K(1536K)->1024K(1536K)
[52.280s][info][gc,heap        ] GC(479) ParOldGen: 11273K(349696K)->11337K(349696K)
[52.280s][info][gc,metaspace   ] GC(479) Metaspace: 14340K(15232K)->14340K(15232K) NonClass: 12359K(12864K)->12359K(12864K) Class: 1981K(2368K)->1981K(2368K)
[52.280s][info][gc             ] GC(479) Pause Young (Allocation Failure) 179M->12M(510M) 1.591ms
[52.280s][info][gc,cpu         ] GC(479) User=0.00s Sys=0.00s Real=0.00s
[52.407s][info][gc,start       ] GC(480) Pause Young (Allocation Failure)
[52.408s][info][gc,heap        ] GC(480) PSYoungGen: 172544K(173056K)->960K(173056K) Eden: 171520K(171520K)->0K(171520K) From: 1024K(1536K)->960K(1536K)
[52.408s][info][gc,heap        ] GC(480) ParOldGen: 11337K(349696K)->11377K(349696K)
[52.408s][info][gc,metaspace   ] GC(480) Metaspace: 14340K(15232K)->14340K(15232K) NonClass: 12359K(12864K)->12359K(12864K) Class: 1981K(2368K)->1981K(2368K)
[52.408s][info][gc             ] GC(480) Pause Young (Allocation Failure) 179M->12M(510M) 1.568ms
[52.408s][info][gc,cpu         ] GC(480) User=0.00s Sys=0.00s Real=0.00s
[52.539s][info][gc,start       ] GC(481) Pause Young (Allocation Failure)
[52.541s][info][gc,heap        ] GC(481) PSYoungGen: 172480K(173056K)->992K(173056K) Eden: 171520K(171520K)->0K(171520K) From: 960K(1536K)->992K(1536K)
[52.541s][info][gc,heap        ] GC(481) ParOldGen: 11377K(349696K)->11425K(349696K)
[52.541s][info][gc,metaspace   ] GC(481) Metaspace: 14340K(15232K)->14340K(15232K) NonClass: 12359K(12864K)->12359K(12864K) Class: 1981K(2368K)->1981K(2368K)
[52.541s][info][gc             ] GC(481) Pause Young (Allocation Failure) 179M->12M(510M) 1.589ms
[52.541s][info][gc,cpu         ] GC(481) User=0.00s Sys=0.00s Real=0.00s
[52.673s][info][gc,start       ] GC(482) Pause Young (Allocation Failure)
[52.674s][info][gc,heap        ] GC(482) PSYoungGen: 172512K(173056K)->992K(173056K) Eden: 171520K(171520K)->0K(171520K) From: 992K(1536K)->992K(1536K)
[52.674s][info][gc,heap        ] GC(482) ParOldGen: 11425K(349696K)->11473K(349696K)
[52.674s][info][gc,metaspace   ] GC(482) Metaspace: 14340K(15232K)->14340K(15232K) NonClass: 12359K(12864K)->12359K(12864K) Class: 1981K(2368K)->1981K(2368K)
[52.675s][info][gc             ] GC(482) Pause Young (Allocation Failure) 179M->12M(510M) 1.420ms
[52.675s][info][gc,cpu         ] GC(482) User=0.00s Sys=0.00s Real=0.00s
[52.801s][info][gc,start       ] GC(483) Pause Young (Allocation Failure)
[52.802s][info][gc,heap        ] GC(483) PSYoungGen: 172512K(173056K)->1024K(173056K) Eden: 171520K(171520K)->0K(171520K) From: 992K(1536K)->1024K(1536K)
[52.802s][info][gc,heap        ] GC(483) ParOldGen: 11473K(349696K)->11537K(349696K)
[52.802s][info][gc,metaspace   ] GC(483) Metaspace: 14340K(15232K)->14340K(15232K) NonClass: 12359K(12864K)->12359K(12864K) Class: 1981K(2368K)->1981K(2368K)
[52.802s][info][gc             ] GC(483) Pause Young (Allocation Failure) 179M->12M(510M) 1.378ms
[52.802s][info][gc,cpu         ] GC(483) User=0.52s Sys=0.00s Real=0.00s
[52.926s][info][gc,start       ] GC(484) Pause Young (Allocation Failure)
[52.928s][info][gc,heap        ] GC(484) PSYoungGen: 172544K(173056K)->1024K(173056K) Eden: 171520K(171520K)->0K(171520K) From: 1024K(1536K)->1024K(1536K)
[52.928s][info][gc,heap        ] GC(484) ParOldGen: 11537K(349696K)->11593K(349696K)
[52.928s][info][gc,metaspace   ] GC(484) Metaspace: 14340K(15232K)->14340K(15232K) NonClass: 12359K(12864K)->12359K(12864K) Class: 1981K(2368K)->1981K(2368K)
[52.928s][info][gc             ] GC(484) Pause Young (Allocation Failure) 179M->12M(510M) 1.417ms
[52.928s][info][gc,cpu         ] GC(484) User=0.00s Sys=0.00s Real=0.00s
[53.054s][info][gc,start       ] GC(485) Pause Young (Allocation Failure)
[53.055s][info][gc,heap        ] GC(485) PSYoungGen: 172544K(173056K)->1024K(173056K) Eden: 171520K(171520K)->0K(171520K) From: 1024K(1536K)->1024K(1536K)
[53.055s][info][gc,heap        ] GC(485) ParOldGen: 11593K(349696K)->11641K(349696K)
[53.055s][info][gc,metaspace   ] GC(485) Metaspace: 14340K(15232K)->14340K(15232K) NonClass: 12359K(12864K)->12359K(12864K) Class: 1981K(2368K)->1981K(2368K)
[53.055s][info][gc             ] GC(485) Pause Young (Allocation Failure) 179M->12M(510M) 1.491ms
[53.055s][info][gc,cpu         ] GC(485) User=0.00s Sys=0.00s Real=0.00s
[53.181s][info][gc,start       ] GC(486) Pause Young (Allocation Failure)
[53.182s][info][gc,heap        ] GC(486) PSYoungGen: 172544K(173056K)->960K(173056K) Eden: 171520K(171520K)->0K(171520K) From: 1024K(1536K)->960K(1536K)
[53.182s][info][gc,heap        ] GC(486) ParOldGen: 11641K(349696K)->11697K(349696K)
[53.182s][info][gc,metaspace   ] GC(486) Metaspace: 14340K(15232K)->14340K(15232K) NonClass: 12359K(12864K)->12359K(12864K) Class: 1981K(2368K)->1981K(2368K)
[53.182s][info][gc             ] GC(486) Pause Young (Allocation Failure) 179M->12M(510M) 1.502ms
[53.182s][info][gc,cpu         ] GC(486) User=0.00s Sys=0.00s Real=0.00s
[53.308s][info][gc,start       ] GC(487) Pause Young (Allocation Failure)
[53.309s][info][gc,heap        ] GC(487) PSYoungGen: 172479K(173056K)->960K(173056K) Eden: 171519K(171520K)->0K(171520K) From: 960K(1536K)->960K(1536K)
[53.309s][info][gc,heap        ] GC(487) ParOldGen: 11697K(349696K)->11745K(349696K)
[53.309s][info][gc,metaspace   ] GC(487) Metaspace: 14340K(15232K)->14340K(15232K) NonClass: 12359K(12864K)->12359K(12864K) Class: 1981K(2368K)->1981K(2368K)
[53.309s][info][gc             ] GC(487) Pause Young (Allocation Failure) 179M->12M(510M) 1.516ms
[53.309s][info][gc,cpu         ] GC(487) User=0.00s Sys=0.00s Real=0.00s
[53.434s][info][gc,start       ] GC(488) Pause Young (Allocation Failure)
[53.435s][info][gc,heap        ] GC(488) PSYoungGen: 172480K(173056K)->992K(173056K) Eden: 171520K(171520K)->0K(171520K) From: 960K(1536K)->992K(1536K)
[53.435s][info][gc,heap        ] GC(488) ParOldGen: 11745K(349696K)->11825K(349696K)
[53.435s][info][gc,metaspace   ] GC(488) Metaspace: 14340K(15232K)->14340K(15232K) NonClass: 12359K(12864K)->12359K(12864K) Class: 1981K(2368K)->1981K(2368K)
[53.435s][info][gc             ] GC(488) Pause Young (Allocation Failure) 179M->12M(510M) 1.555ms
[53.435s][info][gc,cpu         ] GC(488) User=0.00s Sys=0.00s Real=0.00s
[53.560s][info][gc,start       ] GC(489) Pause Young (Allocation Failure)
[53.561s][info][gc,heap        ] GC(489) PSYoungGen: 172512K(173056K)->1024K(173056K) Eden: 171520K(171520K)->0K(171520K) From: 992K(1536K)->1024K(1536K)
[53.561s][info][gc,heap        ] GC(489) ParOldGen: 11825K(349696K)->11881K(349696K)
[53.561s][info][gc,metaspace   ] GC(489) Metaspace: 14340K(15232K)->14340K(15232K) NonClass: 12359K(12864K)->12359K(12864K) Class: 1981K(2368K)->1981K(2368K)
[53.561s][info][gc             ] GC(489) Pause Young (Allocation Failure) 180M->12M(510M) 1.583ms
[53.561s][info][gc,cpu         ] GC(489) User=0.00s Sys=0.00s Real=0.00s
[53.684s][info][gc,start       ] GC(490) Pause Young (Allocation Failure)
[53.685s][info][gc,heap        ] GC(490) PSYoungGen: 172544K(173056K)->1024K(173056K) Eden: 171520K(171520K)->0K(171520K) From: 1024K(1536K)->1024K(1536K)
[53.685s][info][gc,heap        ] GC(490) ParOldGen: 11881K(349696K)->11945K(349696K)
[53.685s][info][gc,metaspace   ] GC(490) Metaspace: 14340K(15232K)->14340K(15232K) NonClass: 12359K(12864K)->12359K(12864K) Class: 1981K(2368K)->1981K(2368K)
[53.685s][info][gc             ] GC(490) Pause Young (Allocation Failure) 180M->12M(510M) 1.621ms
[53.685s][info][gc,cpu         ] GC(490) User=0.00s Sys=0.00s Real=0.00s
[53.804s][info][gc,start       ] GC(491) Pause Young (Allocation Failure)
[53.806s][info][gc,heap        ] GC(491) PSYoungGen: 172544K(173056K)->1024K(173056K) Eden: 171520K(171520K)->0K(171520K) From: 1024K(1536K)->1024K(1536K)
[53.806s][info][gc,heap        ] GC(491) ParOldGen: 11945K(349696K)->12001K(349696K)
[53.806s][info][gc,metaspace   ] GC(491) Metaspace: 14340K(15232K)->14340K(15232K) NonClass: 12359K(12864K)->12359K(12864K) Class: 1981K(2368K)->1981K(2368K)
[53.806s][info][gc             ] GC(491) Pause Young (Allocation Failure) 180M->12M(510M) 1.643ms
[53.806s][info][gc,cpu         ] GC(491) User=0.00s Sys=0.00s Real=0.00s
[53.924s][info][gc,start       ] GC(492) Pause Young (Allocation Failure)
[53.926s][info][gc,heap        ] GC(492) PSYoungGen: 172544K(173056K)->992K(173056K) Eden: 171520K(171520K)->0K(171520K) From: 1024K(1536K)->992K(1536K)
[53.926s][info][gc,heap        ] GC(492) ParOldGen: 12001K(349696K)->12041K(349696K)
[53.926s][info][gc,metaspace   ] GC(492) Metaspace: 14340K(15232K)->14340K(15232K) NonClass: 12359K(12864K)->12359K(12864K) Class: 1981K(2368K)->1981K(2368K)
[53.926s][info][gc             ] GC(492) Pause Young (Allocation Failure) 180M->12M(510M) 1.651ms
[53.926s][info][gc,cpu         ] GC(492) User=0.00s Sys=0.00s Real=0.00s
[54.043s][info][gc,start       ] GC(493) Pause Young (Allocation Failure)
[54.045s][info][gc,heap        ] GC(493) PSYoungGen: 172512K(173056K)->1024K(173056K) Eden: 171520K(171520K)->0K(171520K) From: 992K(1536K)->1024K(1536K)
[54.045s][info][gc,heap        ] GC(493) ParOldGen: 12041K(349696K)->12097K(349696K)
[54.045s][info][gc,metaspace   ] GC(493) Metaspace: 14340K(15232K)->14340K(15232K) NonClass: 12359K(12864K)->12359K(12864K) Class: 1981K(2368K)->1981K(2368K)
[54.045s][info][gc             ] GC(493) Pause Young (Allocation Failure) 180M->12M(510M) 1.682ms
[54.045s][info][gc,cpu         ] GC(493) User=0.00s Sys=0.00s Real=0.00s
[54.159s][info][gc,start       ] GC(494) Pause Young (Allocation Failure)
[54.161s][info][gc,heap        ] GC(494) PSYoungGen: 172544K(173056K)->1024K(173056K) Eden: 171520K(171520K)->0K(171520K) From: 1024K(1536K)->1024K(1536K)
[54.161s][info][gc,heap        ] GC(494) ParOldGen: 12097K(349696K)->12129K(349696K)
[54.161s][info][gc,metaspace   ] GC(494) Metaspace: 14340K(15232K)->14340K(15232K) NonClass: 12359K(12864K)->12359K(12864K) Class: 1981K(2368K)->1981K(2368K)
[54.161s][info][gc             ] GC(494) Pause Young (Allocation Failure) 180M->12M(510M) 1.754ms
[54.161s][info][gc,cpu         ] GC(494) User=0.52s Sys=0.00s Real=0.00s
[54.275s][info][gc,start       ] GC(495) Pause Young (Allocation Failure)
[54.276s][info][gc,heap        ] GC(495) PSYoungGen: 172544K(173056K)->992K(173056K) Eden: 171520K(171520K)->0K(171520K) From: 1024K(1536K)->992K(1536K)
[54.276s][info][gc,heap        ] GC(495) ParOldGen: 12129K(349696K)->12177K(349696K)
[54.276s][info][gc,metaspace   ] GC(495) Metaspace: 14340K(15232K)->14340K(15232K) NonClass: 12359K(12864K)->12359K(12864K) Class: 1981K(2368K)->1981K(2368K)
[54.276s][info][gc             ] GC(495) Pause Young (Allocation Failure) 180M->12M(510M) 1.775ms
[54.276s][info][gc,cpu         ] GC(495) User=0.00s Sys=0.00s Real=0.00s
[54.387s][info][gc,start       ] GC(496) Pause Young (Allocation Failure)
[54.389s][info][gc,heap        ] GC(496) PSYoungGen: 172512K(173056K)->960K(173056K) Eden: 171520K(171520K)->0K(171520K) From: 992K(1536K)->960K(1536K)
[54.389s][info][gc,heap        ] GC(496) ParOldGen: 12177K(349696K)->12233K(349696K)
[54.389s][info][gc,metaspace   ] GC(496) Metaspace: 14340K(15232K)->14340K(15232K) NonClass: 12359K(12864K)->12359K(12864K) Class: 1981K(2368K)->1981K(2368K)
[54.389s][info][gc             ] GC(496) Pause Young (Allocation Failure) 180M->12M(510M) 1.809ms
[54.389s][info][gc,cpu         ] GC(496) User=0.00s Sys=0.00s Real=0.00s
[54.488s][info][gc,start       ] GC(497) Pause Young (Allocation Failure)
[54.490s][info][gc,heap        ] GC(497) PSYoungGen: 172480K(173056K)->928K(173056K) Eden: 171520K(171520K)->0K(171520K) From: 960K(1536K)->928K(1536K)
[54.490s][info][gc,heap        ] GC(497) ParOldGen: 12233K(349696K)->12289K(349696K)
[54.490s][info][gc,metaspace   ] GC(497) Metaspace: 14340K(15232K)->14340K(15232K) NonClass: 12359K(12864K)->12359K(12864K) Class: 1981K(2368K)->1981K(2368K)
[54.490s][info][gc             ] GC(497) Pause Young (Allocation Failure) 180M->12M(510M) 1.923ms
[54.490s][info][gc,cpu         ] GC(497) User=0.52s Sys=0.00s Real=0.00s
[54.560s][info][gc,start       ] GC(498) Pause Young (Allocation Failure)
[54.562s][info][gc,heap        ] GC(498) PSYoungGen: 172448K(173056K)->800K(173056K) Eden: 171520K(171520K)->0K(171520K) From: 928K(1536K)->800K(1536K)
[54.562s][info][gc,heap        ] GC(498) ParOldGen: 12289K(349696K)->12329K(349696K)
[54.562s][info][gc,metaspace   ] GC(498) Metaspace: 14340K(15232K)->14340K(15232K) NonClass: 12359K(12864K)->12359K(12864K) Class: 1981K(2368K)->1981K(2368K)
[54.562s][info][gc             ] GC(498) Pause Young (Allocation Failure) 180M->12M(510M) 1.883ms
[54.562s][info][gc,cpu         ] GC(498) User=0.00s Sys=0.00s Real=0.00s
[54.632s][info][gc,start       ] GC(499) Pause Young (Allocation Failure)
[54.634s][info][gc,heap        ] GC(499) PSYoungGen: 172320K(173056K)->832K(173056K) Eden: 171520K(171520K)->0K(171520K) From: 800K(1536K)->832K(1536K)
[54.634s][info][gc,heap        ] GC(499) ParOldGen: 12329K(349696K)->12385K(349696K)
[54.634s][info][gc,metaspace   ] GC(499) Metaspace: 14340K(15232K)->14340K(15232K) NonClass: 12359K(12864K)->12359K(12864K) Class: 1981K(2368K)->1981K(2368K)
[54.634s][info][gc             ] GC(499) Pause Young (Allocation Failure) 180M->12M(510M) 1.879ms
[54.634s][info][gc,cpu         ] GC(499) User=0.00s Sys=0.00s Real=0.00s
[54.723s][info][gc,start       ] GC(500) Pause Young (Allocation Failure)
[54.724s][info][gc,heap        ] GC(500) PSYoungGen: 172352K(173056K)->704K(173056K) Eden: 171520K(171520K)->0K(171520K) From: 832K(1536K)->704K(1536K)
[54.724s][info][gc,heap        ] GC(500) ParOldGen: 12385K(349696K)->12425K(349696K)
[54.724s][info][gc,metaspace   ] GC(500) Metaspace: 14340K(15232K)->14340K(15232K) NonClass: 12359K(12864K)->12359K(12864K) Class: 1981K(2368K)->1981K(2368K)
[54.724s][info][gc             ] GC(500) Pause Young (Allocation Failure) 180M->12M(510M) 1.893ms
[54.725s][info][gc,cpu         ] GC(500) User=0.52s Sys=0.00s Real=0.00s
[54.903s][info][gc,start       ] GC(501) Pause Young (System.gc())
[54.905s][info][gc,heap        ] GC(501) PSYoungGen: 165444K(173056K)->416K(173056K) Eden: 164740K(171520K)->0K(171520K) From: 704K(1536K)->416K(1536K)
[54.906s][info][gc,heap        ] GC(501) ParOldGen: 12425K(349696K)->12465K(349696K)
[54.906s][info][gc,metaspace   ] GC(501) Metaspace: 14340K(15232K)->14340K(15232K) NonClass: 12359K(12864K)->12359K(12864K) Class: 1981K(2368K)->1981K(2368K)
[54.906s][info][gc             ] GC(501) Pause Young (System.gc()) 173M->12M(510M) 2.150ms
[54.906s][info][gc,cpu         ] GC(501) User=0.00s Sys=0.00s Real=0.00s
[54.906s][info][gc,start       ] GC(502) Pause Full (System.gc())
[54.906s][info][gc,phases,start] GC(502) Marking Phase
[54.919s][info][gc,phases      ] GC(502) Marking Phase 13.094ms
[54.919s][info][gc,phases,start] GC(502) Summary Phase
[54.919s][info][gc,phases      ] GC(502) Summary Phase 0.032ms
[54.919s][info][gc,phases,start] GC(502) Adjust Roots
[54.923s][info][gc,phases      ] GC(502) Adjust Roots 4.285ms
[54.923s][info][gc,phases,start] GC(502) Compaction Phase
[54.925s][info][gc,phases      ] GC(502) Compaction Phase 1.504ms
[54.925s][info][gc,phases,start] GC(502) Post Compact
[54.925s][info][gc,phases      ] GC(502) Post Compact 0.199ms
[54.925s][info][gc,heap        ] GC(502) PSYoungGen: 416K(173056K)->0K(173056K) Eden: 0K(171520K)->0K(171520K) From: 416K(1536K)->0K(1536K)
[54.925s][info][gc,heap        ] GC(502) ParOldGen: 12465K(349696K)->5378K(349696K)
[54.925s][info][gc,metaspace   ] GC(502) Metaspace: 14340K(15232K)->14340K(15232K) NonClass: 12359K(12864K)->12359K(12864K) Class: 1981K(2368K)->1981K(2368K)
[54.925s][info][gc             ] GC(502) Pause Full (System.gc()) 12M->5M(510M) 19.442ms
[54.925s][info][gc,cpu         ] GC(502) User=0.02s Sys=0.00s Real=0.01s
[55.073s][info][gc,start       ] GC(503) Pause Young (Allocation Failure)
[55.075s][info][gc,heap        ] GC(503) PSYoungGen: 171520K(173056K)->1536K(173056K) Eden: 171520K(171520K)->0K(171520K) From: 0K(1536K)->1536K(1536K)
[55.075s][info][gc,heap        ] GC(503) ParOldGen: 5378K(349696K)->5596K(349696K)
[55.075s][info][gc,metaspace   ] GC(503) Metaspace: 14361K(15232K)->14361K(15232K) NonClass: 12379K(12864K)->12379K(12864K) Class: 1981K(2368K)->1981K(2368K)
[55.075s][info][gc             ] GC(503) Pause Young (Allocation Failure) 172M->6M(510M) 2.180ms
[55.076s][info][gc,cpu         ] GC(503) User=0.00s Sys=0.00s Real=0.00s
[55.196s][info][gc,start       ] GC(504) Pause Young (Allocation Failure)
[55.198s][info][gc,heap        ] GC(504) PSYoungGen: 173056K(173056K)->1024K(173056K) Eden: 171520K(171520K)->0K(171520K) From: 1536K(1536K)->1024K(1536K)
[55.198s][info][gc,heap        ] GC(504) ParOldGen: 5596K(349696K)->7071K(349696K)
[55.198s][info][gc,metaspace   ] GC(504) Metaspace: 14361K(15232K)->14361K(15232K) NonClass: 12379K(12864K)->12379K(12864K) Class: 1981K(2368K)->1981K(2368K)
[55.198s][info][gc             ] GC(504) Pause Young (Allocation Failure) 174M->7M(510M) 2.027ms
[55.198s][info][gc,cpu         ] GC(504) User=0.00s Sys=0.00s Real=0.00s
[55.322s][info][gc,start       ] GC(505) Pause Young (Allocation Failure)
[55.324s][info][gc,heap        ] GC(505) PSYoungGen: 172544K(173056K)->992K(173056K) Eden: 171520K(171520K)->0K(171520K) From: 1024K(1536K)->992K(1536K)
[55.324s][info][gc,heap        ] GC(505) ParOldGen: 7071K(349696K)->7119K(349696K)
[55.324s][info][gc,metaspace   ] GC(505) Metaspace: 14361K(15232K)->14361K(15232K) NonClass: 12379K(12864K)->12379K(12864K) Class: 1981K(2368K)->1981K(2368K)
[55.324s][info][gc             ] GC(505) Pause Young (Allocation Failure) 175M->7M(510M) 1.951ms
[55.324s][info][gc,cpu         ] GC(505) User=0.00s Sys=0.00s Real=0.00s
[55.448s][info][gc,start       ] GC(506) Pause Young (Allocation Failure)
[55.450s][info][gc,heap        ] GC(506) PSYoungGen: 172512K(173056K)->992K(173056K) Eden: 171520K(171520K)->0K(171520K) From: 992K(1536K)->992K(1536K)
[55.450s][info][gc,heap        ] GC(506) ParOldGen: 7119K(349696K)->7175K(349696K)
[55.450s][info][gc,metaspace   ] GC(506) Metaspace: 14361K(15232K)->14361K(15232K) NonClass: 12379K(12864K)->12379K(12864K) Class: 1981K(2368K)->1981K(2368K)
[55.450s][info][gc             ] GC(506) Pause Young (Allocation Failure) 175M->7M(510M) 1.984ms
[55.450s][info][gc,cpu         ] GC(506) User=0.00s Sys=0.00s Real=0.00s
[55.664s][info][gc,start       ] GC(507) Pause Young (Allocation Failure)
[55.667s][info][gc,heap        ] GC(507) PSYoungGen: 172512K(173056K)->1024K(173056K) Eden: 171520K(171520K)->0K(171520K) From: 992K(1536K)->1024K(1536K)
[55.667s][info][gc,heap        ] GC(507) ParOldGen: 7175K(349696K)->7231K(349696K)
[55.667s][info][gc,metaspace   ] GC(507) Metaspace: 14361K(15232K)->14361K(15232K) NonClass: 12379K(12864K)->12379K(12864K) Class: 1981K(2368K)->1981K(2368K)
[55.667s][info][gc             ] GC(507) Pause Young (Allocation Failure) 175M->8M(510M) 2.753ms
[55.667s][info][gc,cpu         ] GC(507) User=0.00s Sys=0.00s Real=0.00s
[55.800s][info][gc,start       ] GC(508) Pause Young (Allocation Failure)
[55.802s][info][gc,heap        ] GC(508) PSYoungGen: 172544K(173056K)->992K(173056K) Eden: 171520K(171520K)->0K(171520K) From: 1024K(1536K)->992K(1536K)
[55.802s][info][gc,heap        ] GC(508) ParOldGen: 7231K(349696K)->7311K(349696K)
[55.802s][info][gc,metaspace   ] GC(508) Metaspace: 14361K(15232K)->14361K(15232K) NonClass: 12379K(12864K)->12379K(12864K) Class: 1981K(2368K)->1981K(2368K)
[55.802s][info][gc             ] GC(508) Pause Young (Allocation Failure) 175M->8M(510M) 1.827ms
[55.802s][info][gc,cpu         ] GC(508) User=0.52s Sys=0.00s Real=0.00s
[55.927s][info][gc,start       ] GC(509) Pause Young (Allocation Failure)
[55.929s][info][gc,heap        ] GC(509) PSYoungGen: 172512K(173056K)->1024K(173056K) Eden: 171520K(171520K)->0K(171520K) From: 992K(1536K)->1024K(1536K)
[55.929s][info][gc,heap        ] GC(509) ParOldGen: 7311K(349696K)->7351K(349696K)
[55.929s][info][gc,metaspace   ] GC(509) Metaspace: 14361K(15232K)->14361K(15232K) NonClass: 12379K(12864K)->12379K(12864K) Class: 1981K(2368K)->1981K(2368K)
[55.929s][info][gc             ] GC(509) Pause Young (Allocation Failure) 175M->8M(510M) 1.759ms
[55.929s][info][gc,cpu         ] GC(509) User=0.00s Sys=0.00s Real=0.00s
[56.057s][info][gc,start       ] GC(510) Pause Young (Allocation Failure)
[56.058s][info][gc,heap        ] GC(510) PSYoungGen: 172544K(173056K)->992K(173056K) Eden: 171520K(171520K)->0K(171520K) From: 1024K(1536K)->992K(1536K)
[56.058s][info][gc,heap        ] GC(510) ParOldGen: 7351K(349696K)->7415K(349696K)
[56.058s][info][gc,metaspace   ] GC(510) Metaspace: 14361K(15232K)->14361K(15232K) NonClass: 12379K(12864K)->12379K(12864K) Class: 1981K(2368K)->1981K(2368K)
[56.058s][info][gc             ] GC(510) Pause Young (Allocation Failure) 175M->8M(510M) 1.653ms
[56.058s][info][gc,cpu         ] GC(510) User=0.00s Sys=0.00s Real=0.00s
[56.189s][info][gc,start       ] GC(511) Pause Young (Allocation Failure)
[56.191s][info][gc,heap        ] GC(511) PSYoungGen: 172512K(173056K)->1056K(173056K) Eden: 171520K(171520K)->0K(171520K) From: 992K(1536K)->1056K(1536K)
[56.191s][info][gc,heap        ] GC(511) ParOldGen: 7415K(349696K)->7471K(349696K)
[56.191s][info][gc,metaspace   ] GC(511) Metaspace: 14361K(15232K)->14361K(15232K) NonClass: 12379K(12864K)->12379K(12864K) Class: 1981K(2368K)->1981K(2368K)
[56.191s][info][gc             ] GC(511) Pause Young (Allocation Failure) 175M->8M(510M) 1.652ms
[56.191s][info][gc,cpu         ] GC(511) User=0.00s Sys=0.00s Real=0.00s
[56.322s][info][gc,start       ] GC(512) Pause Young (Allocation Failure)
[56.323s][info][gc,heap        ] GC(512) PSYoungGen: 172576K(173056K)->992K(173056K) Eden: 171520K(171520K)->0K(171520K) From: 1056K(1536K)->992K(1536K)
[56.323s][info][gc,heap        ] GC(512) ParOldGen: 7471K(349696K)->7511K(349696K)
[56.323s][info][gc,metaspace   ] GC(512) Metaspace: 14361K(15232K)->14361K(15232K) NonClass: 12379K(12864K)->12379K(12864K) Class: 1981K(2368K)->1981K(2368K)
[56.323s][info][gc             ] GC(512) Pause Young (Allocation Failure) 175M->8M(510M) 1.574ms
[56.323s][info][gc,cpu         ] GC(512) User=0.00s Sys=0.00s Real=0.00s
[56.449s][info][gc,start       ] GC(513) Pause Young (Allocation Failure)
[56.451s][info][gc,heap        ] GC(513) PSYoungGen: 172512K(173056K)->1024K(173056K) Eden: 171520K(171520K)->0K(171520K) From: 992K(1536K)->1024K(1536K)
[56.451s][info][gc,heap        ] GC(513) ParOldGen: 7511K(349696K)->7551K(349696K)
[56.451s][info][gc,metaspace   ] GC(513) Metaspace: 14361K(15232K)->14361K(15232K) NonClass: 12379K(12864K)->12379K(12864K) Class: 1981K(2368K)->1981K(2368K)
[56.451s][info][gc             ] GC(513) Pause Young (Allocation Failure) 175M->8M(510M) 1.499ms
[56.451s][info][gc,cpu         ] GC(513) User=0.00s Sys=0.00s Real=0.00s
[56.574s][info][gc,start       ] GC(514) Pause Young (Allocation Failure)
[56.575s][info][gc,heap        ] GC(514) PSYoungGen: 172544K(173056K)->992K(173056K) Eden: 171520K(171520K)->0K(171520K) From: 1024K(1536K)->992K(1536K)
[56.575s][info][gc,heap        ] GC(514) ParOldGen: 7551K(349696K)->7599K(349696K)
[56.575s][info][gc,metaspace   ] GC(514) Metaspace: 14361K(15232K)->14361K(15232K) NonClass: 12379K(12864K)->12379K(12864K) Class: 1981K(2368K)->1981K(2368K)
[56.575s][info][gc             ] GC(514) Pause Young (Allocation Failure) 175M->8M(510M) 1.499ms
[56.575s][info][gc,cpu         ] GC(514) User=0.00s Sys=0.00s Real=0.00s
[56.697s][info][gc,start       ] GC(515) Pause Young (Allocation Failure)
[56.698s][info][gc,heap        ] GC(515) PSYoungGen: 172512K(173056K)->992K(173056K) Eden: 171520K(171520K)->0K(171520K) From: 992K(1536K)->992K(1536K)
[56.698s][info][gc,heap        ] GC(515) ParOldGen: 7599K(349696K)->7663K(349696K)
[56.698s][info][gc,metaspace   ] GC(515) Metaspace: 14361K(15232K)->14361K(15232K) NonClass: 12379K(12864K)->12379K(12864K) Class: 1981K(2368K)->1981K(2368K)
[56.698s][info][gc             ] GC(515) Pause Young (Allocation Failure) 175M->8M(510M) 1.498ms
[56.698s][info][gc,cpu         ] GC(515) User=0.00s Sys=0.00s Real=0.00s
[56.821s][info][gc,start       ] GC(516) Pause Young (Allocation Failure)
[56.823s][info][gc,heap        ] GC(516) PSYoungGen: 172512K(173056K)->1024K(173056K) Eden: 171520K(171520K)->0K(171520K) From: 992K(1536K)->1024K(1536K)
[56.823s][info][gc,heap        ] GC(516) ParOldGen: 7663K(349696K)->7727K(349696K)
[56.823s][info][gc,metaspace   ] GC(516) Metaspace: 14361K(15232K)->14361K(15232K) NonClass: 12379K(12864K)->12379K(12864K) Class: 1981K(2368K)->1981K(2368K)
[56.823s][info][gc             ] GC(516) Pause Young (Allocation Failure) 175M->8M(510M) 1.617ms
[56.823s][info][gc,cpu         ] GC(516) User=0.00s Sys=0.00s Real=0.00s
[56.944s][info][gc,start       ] GC(517) Pause Young (Allocation Failure)
[56.946s][info][gc,heap        ] GC(517) PSYoungGen: 172544K(173056K)->1024K(173056K) Eden: 171520K(171520K)->0K(171520K) From: 1024K(1536K)->1024K(1536K)
[56.946s][info][gc,heap        ] GC(517) ParOldGen: 7727K(349696K)->7791K(349696K)
[56.946s][info][gc,metaspace   ] GC(517) Metaspace: 14361K(15232K)->14361K(15232K) NonClass: 12379K(12864K)->12379K(12864K) Class: 1981K(2368K)->1981K(2368K)
[56.946s][info][gc             ] GC(517) Pause Young (Allocation Failure) 176M->8M(510M) 1.617ms
[56.946s][info][gc,cpu         ] GC(517) User=0.00s Sys=0.00s Real=0.00s
[57.070s][info][gc,start       ] GC(518) Pause Young (Allocation Failure)
[57.071s][info][gc,heap        ] GC(518) PSYoungGen: 172544K(173056K)->992K(173056K) Eden: 171520K(171520K)->0K(171520K) From: 1024K(1536K)->992K(1536K)
[57.071s][info][gc,heap        ] GC(518) ParOldGen: 7791K(349696K)->7839K(349696K)
[57.071s][info][gc,metaspace   ] GC(518) Metaspace: 14361K(15232K)->14361K(15232K) NonClass: 12379K(12864K)->12379K(12864K) Class: 1981K(2368K)->1981K(2368K)
[57.071s][info][gc             ] GC(518) Pause Young (Allocation Failure) 176M->8M(510M) 1.613ms
[57.071s][info][gc,cpu         ] GC(518) User=0.00s Sys=0.00s Real=0.00s
[57.194s][info][gc,start       ] GC(519) Pause Young (Allocation Failure)
[57.195s][info][gc,heap        ] GC(519) PSYoungGen: 172512K(173056K)->1024K(173056K) Eden: 171520K(171520K)->0K(171520K) From: 992K(1536K)->1024K(1536K)
[57.195s][info][gc,heap        ] GC(519) ParOldGen: 7839K(349696K)->7887K(349696K)
[57.195s][info][gc,metaspace   ] GC(519) Metaspace: 14361K(15232K)->14361K(15232K) NonClass: 12379K(12864K)->12379K(12864K) Class: 1981K(2368K)->1981K(2368K)
[57.195s][info][gc             ] GC(519) Pause Young (Allocation Failure) 176M->8M(510M) 1.647ms
[57.195s][info][gc,cpu         ] GC(519) User=0.00s Sys=0.00s Real=0.00s
[57.318s][info][gc,start       ] GC(520) Pause Young (Allocation Failure)
[57.320s][info][gc,heap        ] GC(520) PSYoungGen: 172544K(173056K)->1024K(173056K) Eden: 171520K(171520K)->0K(171520K) From: 1024K(1536K)->1024K(1536K)
[57.320s][info][gc,heap        ] GC(520) ParOldGen: 7887K(349696K)->7943K(349696K)
[57.320s][info][gc,metaspace   ] GC(520) Metaspace: 14361K(15232K)->14361K(15232K) NonClass: 12379K(12864K)->12379K(12864K) Class: 1981K(2368K)->1981K(2368K)
[57.320s][info][gc             ] GC(520) Pause Young (Allocation Failure) 176M->8M(510M) 1.705ms
[57.320s][info][gc,cpu         ] GC(520) User=0.00s Sys=0.00s Real=0.00s
[57.442s][info][gc,start       ] GC(521) Pause Young (Allocation Failure)
[57.444s][info][gc,heap        ] GC(521) PSYoungGen: 172544K(173056K)->1024K(173056K) Eden: 171520K(171520K)->0K(171520K) From: 1024K(1536K)->1024K(1536K)
[57.444s][info][gc,heap        ] GC(521) ParOldGen: 7943K(349696K)->7991K(349696K)
[57.444s][info][gc,metaspace   ] GC(521) Metaspace: 14361K(15232K)->14361K(15232K) NonClass: 12379K(12864K)->12379K(12864K) Class: 1981K(2368K)->1981K(2368K)
[57.444s][info][gc             ] GC(521) Pause Young (Allocation Failure) 176M->8M(510M) 1.692ms
[57.444s][info][gc,cpu         ] GC(521) User=0.00s Sys=0.00s Real=0.00s
[57.566s][info][gc,start       ] GC(522) Pause Young (Allocation Failure)
[57.568s][info][gc,heap        ] GC(522) PSYoungGen: 172544K(173056K)->992K(173056K) Eden: 171520K(171520K)->0K(171520K) From: 1024K(1536K)->992K(1536K)
[57.568s][info][gc,heap        ] GC(522) ParOldGen: 7991K(349696K)->8055K(349696K)
[57.568s][info][gc,metaspace   ] GC(522) Metaspace: 14361K(15232K)->14361K(15232K) NonClass: 12379K(12864K)->12379K(12864K) Class: 1981K(2368K)->1981K(2368K)
[57.568s][info][gc             ] GC(522) Pause Young (Allocation Failure) 176M->8M(510M) 1.776ms
[57.568s][info][gc,cpu         ] GC(522) User=0.02s Sys=0.00s Real=0.00s
[57.690s][info][gc,start       ] GC(523) Pause Young (Allocation Failure)
[57.692s][info][gc,heap        ] GC(523) PSYoungGen: 172512K(173056K)->1056K(173056K) Eden: 171520K(171520K)->0K(171520K) From: 992K(1536K)->1056K(1536K)
[57.692s][info][gc,heap        ] GC(523) ParOldGen: 8055K(349696K)->8135K(349696K)
[57.692s][info][gc,metaspace   ] GC(523) Metaspace: 14361K(15232K)->14361K(15232K) NonClass: 12379K(12864K)->12379K(12864K) Class: 1981K(2368K)->1981K(2368K)
[57.692s][info][gc             ] GC(523) Pause Young (Allocation Failure) 176M->8M(510M) 1.739ms
[57.692s][info][gc,cpu         ] GC(523) User=0.00s Sys=0.00s Real=0.00s
[57.813s][info][gc,start       ] GC(524) Pause Young (Allocation Failure)
[57.815s][info][gc,heap        ] GC(524) PSYoungGen: 172576K(173056K)->992K(173056K) Eden: 171520K(171520K)->0K(171520K) From: 1056K(1536K)->992K(1536K)
[57.815s][info][gc,heap        ] GC(524) ParOldGen: 8135K(349696K)->8175K(349696K)
[57.815s][info][gc,metaspace   ] GC(524) Metaspace: 14361K(15232K)->14361K(15232K) NonClass: 12379K(12864K)->12379K(12864K) Class: 1981K(2368K)->1981K(2368K)
[57.815s][info][gc             ] GC(524) Pause Young (Allocation Failure) 176M->8M(510M) 1.757ms
[57.815s][info][gc,cpu         ] GC(524) User=0.00s Sys=0.00s Real=0.00s
[57.937s][info][gc,start       ] GC(525) Pause Young (Allocation Failure)
[57.938s][info][gc,heap        ] GC(525) PSYoungGen: 172512K(173056K)->960K(173056K) Eden: 171520K(171520K)->0K(171520K) From: 992K(1536K)->960K(1536K)
[57.939s][info][gc,heap        ] GC(525) ParOldGen: 8175K(349696K)->8215K(349696K)
[57.939s][info][gc,metaspace   ] GC(525) Metaspace: 14361K(15232K)->14361K(15232K) NonClass: 12379K(12864K)->12379K(12864K) Class: 1981K(2368K)->1981K(2368K)
[57.939s][info][gc             ] GC(525) Pause Young (Allocation Failure) 176M->8M(510M) 1.751ms
[57.939s][info][gc,cpu         ] GC(525) User=0.00s Sys=0.00s Real=0.00s
[58.061s][info][gc,start       ] GC(526) Pause Young (Allocation Failure)
[58.063s][info][gc,heap        ] GC(526) PSYoungGen: 172480K(173056K)->1056K(173056K) Eden: 171520K(171520K)->0K(171520K) From: 960K(1536K)->1056K(1536K)
[58.063s][info][gc,heap        ] GC(526) ParOldGen: 8215K(349696K)->8271K(349696K)
[58.063s][info][gc,metaspace   ] GC(526) Metaspace: 14361K(15232K)->14361K(15232K) NonClass: 12379K(12864K)->12379K(12864K) Class: 1981K(2368K)->1981K(2368K)
[58.063s][info][gc             ] GC(526) Pause Young (Allocation Failure) 176M->9M(510M) 1.805ms
[58.063s][info][gc,cpu         ] GC(526) User=0.00s Sys=0.00s Real=0.00s
[58.185s][info][gc,start       ] GC(527) Pause Young (Allocation Failure)
[58.187s][info][gc,heap        ] GC(527) PSYoungGen: 172576K(173056K)->960K(173056K) Eden: 171520K(171520K)->0K(171520K) From: 1056K(1536K)->960K(1536K)
[58.187s][info][gc,heap        ] GC(527) ParOldGen: 8271K(349696K)->8327K(349696K)
[58.187s][info][gc,metaspace   ] GC(527) Metaspace: 14361K(15232K)->14361K(15232K) NonClass: 12379K(12864K)->12379K(12864K) Class: 1981K(2368K)->1981K(2368K)
[58.187s][info][gc             ] GC(527) Pause Young (Allocation Failure) 176M->9M(510M) 1.854ms
[58.187s][info][gc,cpu         ] GC(527) User=0.00s Sys=0.00s Real=0.00s
[58.308s][info][gc,start       ] GC(528) Pause Young (Allocation Failure)
[58.310s][info][gc,heap        ] GC(528) PSYoungGen: 172480K(173056K)->1024K(173056K) Eden: 171520K(171520K)->0K(171520K) From: 960K(1536K)->1024K(1536K)
[58.310s][info][gc,heap        ] GC(528) ParOldGen: 8327K(349696K)->8375K(349696K)
[58.310s][info][gc,metaspace   ] GC(528) Metaspace: 14361K(15232K)->14361K(15232K) NonClass: 12379K(12864K)->12379K(12864K) Class: 1981K(2368K)->1981K(2368K)
[58.310s][info][gc             ] GC(528) Pause Young (Allocation Failure) 176M->9M(510M) 1.822ms
[58.310s][info][gc,cpu         ] GC(528) User=0.00s Sys=0.00s Real=0.00s
[58.434s][info][gc,start       ] GC(529) Pause Young (Allocation Failure)
[58.436s][info][gc,heap        ] GC(529) PSYoungGen: 172544K(173056K)->1024K(173056K) Eden: 171520K(171520K)->0K(171520K) From: 1024K(1536K)->1024K(1536K)
[58.436s][info][gc,heap        ] GC(529) ParOldGen: 8375K(349696K)->8439K(349696K)
[58.436s][info][gc,metaspace   ] GC(529) Metaspace: 14361K(15232K)->14361K(15232K) NonClass: 12379K(12864K)->12379K(12864K) Class: 1981K(2368K)->1981K(2368K)
[58.436s][info][gc             ] GC(529) Pause Young (Allocation Failure) 176M->9M(510M) 1.877ms
[58.436s][info][gc,cpu         ] GC(529) User=0.00s Sys=0.00s Real=0.00s
[58.557s][info][gc,start       ] GC(530) Pause Young (Allocation Failure)
[58.558s][info][gc,heap        ] GC(530) PSYoungGen: 172544K(173056K)->992K(173056K) Eden: 171520K(171520K)->0K(171520K) From: 1024K(1536K)->992K(1536K)
[58.558s][info][gc,heap        ] GC(530) ParOldGen: 8439K(349696K)->8503K(349696K)
[58.558s][info][gc,metaspace   ] GC(530) Metaspace: 14361K(15232K)->14361K(15232K) NonClass: 12379K(12864K)->12379K(12864K) Class: 1981K(2368K)->1981K(2368K)
[58.559s][info][gc             ] GC(530) Pause Young (Allocation Failure) 176M->9M(510M) 1.908ms
[58.559s][info][gc,cpu         ] GC(530) User=0.00s Sys=0.00s Real=0.00s
[58.681s][info][gc,start       ] GC(531) Pause Young (Allocation Failure)
[58.683s][info][gc,heap        ] GC(531) PSYoungGen: 172512K(173056K)->960K(173056K) Eden: 171520K(171520K)->0K(171520K) From: 992K(1536K)->960K(1536K)
[58.683s][info][gc,heap        ] GC(531) ParOldGen: 8503K(349696K)->8551K(349696K)
[58.683s][info][gc,metaspace   ] GC(531) Metaspace: 14361K(15232K)->14361K(15232K) NonClass: 12379K(12864K)->12379K(12864K) Class: 1981K(2368K)->1981K(2368K)
[58.683s][info][gc             ] GC(531) Pause Young (Allocation Failure) 176M->9M(510M) 1.942ms
[58.683s][info][gc,cpu         ] GC(531) User=0.00s Sys=0.00s Real=0.00s
[58.807s][info][gc,start       ] GC(532) Pause Young (Allocation Failure)
[58.809s][info][gc,heap        ] GC(532) PSYoungGen: 172480K(173056K)->1024K(173056K) Eden: 171520K(171520K)->0K(171520K) From: 960K(1536K)->1024K(1536K)
[58.809s][info][gc,heap        ] GC(532) ParOldGen: 8551K(349696K)->8615K(349696K)
[58.809s][info][gc,metaspace   ] GC(532) Metaspace: 14361K(15232K)->14361K(15232K) NonClass: 12379K(12864K)->12379K(12864K) Class: 1981K(2368K)->1981K(2368K)
[58.809s][info][gc             ] GC(532) Pause Young (Allocation Failure) 176M->9M(510M) 1.955ms
[58.809s][info][gc,cpu         ] GC(532) User=0.00s Sys=0.00s Real=0.00s
[58.932s][info][gc,start       ] GC(533) Pause Young (Allocation Failure)
[58.934s][info][gc,heap        ] GC(533) PSYoungGen: 172544K(173056K)->960K(173056K) Eden: 171520K(171520K)->0K(171520K) From: 1024K(1536K)->960K(1536K)
[58.934s][info][gc,heap        ] GC(533) ParOldGen: 8615K(349696K)->8671K(349696K)
[58.934s][info][gc,metaspace   ] GC(533) Metaspace: 14361K(15232K)->14361K(15232K) NonClass: 12379K(12864K)->12379K(12864K) Class: 1981K(2368K)->1981K(2368K)
[58.934s][info][gc             ] GC(533) Pause Young (Allocation Failure) 176M->9M(510M) 1.957ms
[58.934s][info][gc,cpu         ] GC(533) User=0.00s Sys=0.00s Real=0.00s
[59.057s][info][gc,start       ] GC(534) Pause Young (Allocation Failure)
[59.059s][info][gc,heap        ] GC(534) PSYoungGen: 172480K(173056K)->960K(173056K) Eden: 171520K(171520K)->0K(171520K) From: 960K(1536K)->960K(1536K)
[59.059s][info][gc,heap        ] GC(534) ParOldGen: 8671K(349696K)->8727K(349696K)
[59.059s][info][gc,metaspace   ] GC(534) Metaspace: 14361K(15232K)->14361K(15232K) NonClass: 12379K(12864K)->12379K(12864K) Class: 1981K(2368K)->1981K(2368K)
[59.059s][info][gc             ] GC(534) Pause Young (Allocation Failure) 176M->9M(510M) 1.995ms
[59.059s][info][gc,cpu         ] GC(534) User=0.00s Sys=0.00s Real=0.00s
[59.182s][info][gc,start       ] GC(535) Pause Young (Allocation Failure)
[59.184s][info][gc,heap        ] GC(535) PSYoungGen: 172480K(173056K)->1024K(173056K) Eden: 171520K(171520K)->0K(171520K) From: 960K(1536K)->1024K(1536K)
[59.184s][info][gc,heap        ] GC(535) ParOldGen: 8727K(349696K)->8775K(349696K)
[59.184s][info][gc,metaspace   ] GC(535) Metaspace: 14361K(15232K)->14361K(15232K) NonClass: 12379K(12864K)->12379K(12864K) Class: 1981K(2368K)->1981K(2368K)
[59.184s][info][gc             ] GC(535) Pause Young (Allocation Failure) 176M->9M(510M) 2.012ms
[59.184s][info][gc,cpu         ] GC(535) User=0.00s Sys=0.00s Real=0.00s
[59.308s][info][gc,start       ] GC(536) Pause Young (Allocation Failure)
[59.310s][info][gc,heap        ] GC(536) PSYoungGen: 172544K(173056K)->992K(173056K) Eden: 171520K(171520K)->0K(171520K) From: 1024K(1536K)->992K(1536K)
[59.310s][info][gc,heap        ] GC(536) ParOldGen: 8775K(349696K)->8839K(349696K)
[59.310s][info][gc,metaspace   ] GC(536) Metaspace: 14361K(15232K)->14361K(15232K) NonClass: 12379K(12864K)->12379K(12864K) Class: 1981K(2368K)->1981K(2368K)
[59.310s][info][gc             ] GC(536) Pause Young (Allocation Failure) 177M->9M(510M) 2.005ms
[59.310s][info][gc,cpu         ] GC(536) User=0.00s Sys=0.00s Real=0.00s
[59.503s][info][gc,start       ] GC(537) Pause Young (Allocation Failure)
[59.506s][info][gc,heap        ] GC(537) PSYoungGen: 172512K(173056K)->992K(173056K) Eden: 171520K(171520K)->0K(171520K) From: 992K(1536K)->992K(1536K)
[59.506s][info][gc,heap        ] GC(537) ParOldGen: 8839K(349696K)->8879K(349696K)
[59.506s][info][gc,metaspace   ] GC(537) Metaspace: 14361K(15232K)->14361K(15232K) NonClass: 12379K(12864K)->12379K(12864K) Class: 1981K(2368K)->1981K(2368K)
[59.506s][info][gc             ] GC(537) Pause Young (Allocation Failure) 177M->9M(510M) 2.660ms
[59.506s][info][gc,cpu         ] GC(537) User=0.00s Sys=0.00s Real=0.00s
[59.638s][info][gc,start       ] GC(538) Pause Young (Allocation Failure)
[59.640s][info][gc,heap        ] GC(538) PSYoungGen: 172512K(173056K)->1024K(173056K) Eden: 171520K(171520K)->0K(171520K) From: 992K(1536K)->1024K(1536K)
[59.640s][info][gc,heap        ] GC(538) ParOldGen: 8879K(349696K)->8927K(349696K)
[59.640s][info][gc,metaspace   ] GC(538) Metaspace: 14361K(15232K)->14361K(15232K) NonClass: 12379K(12864K)->12379K(12864K) Class: 1981K(2368K)->1981K(2368K)
[59.640s][info][gc             ] GC(538) Pause Young (Allocation Failure) 177M->9M(510M) 1.933ms
[59.640s][info][gc,cpu         ] GC(538) User=0.00s Sys=0.00s Real=0.00s
[59.765s][info][gc,start       ] GC(539) Pause Young (Allocation Failure)
[59.767s][info][gc,heap        ] GC(539) PSYoungGen: 172544K(173056K)->992K(173056K) Eden: 171520K(171520K)->0K(171520K) From: 1024K(1536K)->992K(1536K)
[59.767s][info][gc,heap        ] GC(539) ParOldGen: 8927K(349696K)->8999K(349696K)
[59.767s][info][gc,metaspace   ] GC(539) Metaspace: 14361K(15232K)->14361K(15232K) NonClass: 12379K(12864K)->12379K(12864K) Class: 1981K(2368K)->1981K(2368K)
[59.767s][info][gc             ] GC(539) Pause Young (Allocation Failure) 177M->9M(510M) 1.887ms
[59.767s][info][gc,cpu         ] GC(539) User=0.00s Sys=0.00s Real=0.00s
[59.893s][info][gc,start       ] GC(540) Pause Young (Allocation Failure)
[59.895s][info][gc,heap        ] GC(540) PSYoungGen: 172512K(173056K)->1024K(173056K) Eden: 171520K(171520K)->0K(171520K) From: 992K(1536K)->1024K(1536K)
[59.895s][info][gc,heap        ] GC(540) ParOldGen: 8999K(349696K)->9039K(349696K)
[59.895s][info][gc,metaspace   ] GC(540) Metaspace: 14361K(15232K)->14361K(15232K) NonClass: 12379K(12864K)->12379K(12864K) Class: 1981K(2368K)->1981K(2368K)
[59.895s][info][gc             ] GC(540) Pause Young (Allocation Failure) 177M->9M(510M) 1.717ms
[59.895s][info][gc,cpu         ] GC(540) User=0.00s Sys=0.00s Real=0.00s
[60.023s][info][gc,start       ] GC(541) Pause Young (Allocation Failure)
[60.024s][info][gc,heap        ] GC(541) PSYoungGen: 172544K(173056K)->992K(173056K) Eden: 171520K(171520K)->0K(171520K) From: 1024K(1536K)->992K(1536K)
[60.024s][info][gc,heap        ] GC(541) ParOldGen: 9039K(349696K)->9095K(349696K)
[60.024s][info][gc,metaspace   ] GC(541) Metaspace: 14361K(15232K)->14361K(15232K) NonClass: 12379K(12864K)->12379K(12864K) Class: 1981K(2368K)->1981K(2368K)
[60.024s][info][gc             ] GC(541) Pause Young (Allocation Failure) 177M->9M(510M) 1.763ms
[60.024s][info][gc,cpu         ] GC(541) User=0.00s Sys=0.00s Real=0.00s
[60.153s][info][gc,start       ] GC(542) Pause Young (Allocation Failure)
[60.155s][info][gc,heap        ] GC(542) PSYoungGen: 172512K(173056K)->1056K(173056K) Eden: 171520K(171520K)->0K(171520K) From: 992K(1536K)->1056K(1536K)
[60.155s][info][gc,heap        ] GC(542) ParOldGen: 9095K(349696K)->9151K(349696K)
[60.155s][info][gc,metaspace   ] GC(542) Metaspace: 14361K(15232K)->14361K(15232K) NonClass: 12379K(12864K)->12379K(12864K) Class: 1981K(2368K)->1981K(2368K)
[60.155s][info][gc             ] GC(542) Pause Young (Allocation Failure) 177M->9M(510M) 1.679ms
[60.155s][info][gc,cpu         ] GC(542) User=0.00s Sys=0.00s Real=0.00s
[60.281s][info][gc,start       ] GC(543) Pause Young (Allocation Failure)
[60.282s][info][gc,heap        ] GC(543) PSYoungGen: 172576K(173056K)->1024K(173056K) Eden: 171520K(171520K)->0K(171520K) From: 1056K(1536K)->1024K(1536K)
[60.282s][info][gc,heap        ] GC(543) ParOldGen: 9151K(349696K)->9215K(349696K)
[60.282s][info][gc,metaspace   ] GC(543) Metaspace: 14361K(15232K)->14361K(15232K) NonClass: 12379K(12864K)->12379K(12864K) Class: 1981K(2368K)->1981K(2368K)
[60.282s][info][gc             ] GC(543) Pause Young (Allocation Failure) 177M->9M(510M) 1.576ms
[60.282s][info][gc,cpu         ] GC(543) User=0.00s Sys=0.00s Real=0.00s
[60.405s][info][gc,start       ] GC(544) Pause Young (Allocation Failure)
[60.406s][info][gc,heap        ] GC(544) PSYoungGen: 172544K(173056K)->1024K(173056K) Eden: 171520K(171520K)->0K(171520K) From: 1024K(1536K)->1024K(1536K)
[60.406s][info][gc,heap        ] GC(544) ParOldGen: 9215K(349696K)->9247K(349696K)
[60.406s][info][gc,metaspace   ] GC(544) Metaspace: 14361K(15232K)->14361K(15232K) NonClass: 12379K(12864K)->12379K(12864K) Class: 1981K(2368K)->1981K(2368K)
[60.406s][info][gc             ] GC(544) Pause Young (Allocation Failure) 177M->10M(510M) 1.533ms
[60.406s][info][gc,cpu         ] GC(544) User=0.00s Sys=0.00s Real=0.00s
[60.530s][info][gc,start       ] GC(545) Pause Young (Allocation Failure)
[60.532s][info][gc,heap        ] GC(545) PSYoungGen: 172544K(173056K)->1024K(173056K) Eden: 171520K(171520K)->0K(171520K) From: 1024K(1536K)->1024K(1536K)
[60.532s][info][gc,heap        ] GC(545) ParOldGen: 9247K(349696K)->9279K(349696K)
[60.532s][info][gc,metaspace   ] GC(545) Metaspace: 14361K(15232K)->14361K(15232K) NonClass: 12379K(12864K)->12379K(12864K) Class: 1981K(2368K)->1981K(2368K)
[60.532s][info][gc             ] GC(545) Pause Young (Allocation Failure) 177M->10M(510M) 2.354ms
[60.532s][info][gc,cpu         ] GC(545) User=0.00s Sys=0.00s Real=0.00s
[60.652s][info][gc,start       ] GC(546) Pause Young (Allocation Failure)
[60.654s][info][gc,heap        ] GC(546) PSYoungGen: 172544K(173056K)->992K(173056K) Eden: 171520K(171520K)->0K(171520K) From: 1024K(1536K)->992K(1536K)
[60.654s][info][gc,heap        ] GC(546) ParOldGen: 9279K(349696K)->9335K(349696K)
[60.654s][info][gc,metaspace   ] GC(546) Metaspace: 14361K(15232K)->14361K(15232K) NonClass: 12379K(12864K)->12379K(12864K) Class: 1981K(2368K)->1981K(2368K)
[60.654s][info][gc             ] GC(546) Pause Young (Allocation Failure) 177M->10M(510M) 1.626ms
[60.654s][info][gc,cpu         ] GC(546) User=0.00s Sys=0.00s Real=0.00s
[60.776s][info][gc,start       ] GC(547) Pause Young (Allocation Failure)
[60.777s][info][gc,heap        ] GC(547) PSYoungGen: 172512K(173056K)->1024K(173056K) Eden: 171520K(171520K)->0K(171520K) From: 992K(1536K)->1024K(1536K)
[60.777s][info][gc,heap        ] GC(547) ParOldGen: 9335K(349696K)->9367K(349696K)
[60.777s][info][gc,metaspace   ] GC(547) Metaspace: 14361K(15232K)->14361K(15232K) NonClass: 12379K(12864K)->12379K(12864K) Class: 1981K(2368K)->1981K(2368K)
[60.777s][info][gc             ] GC(547) Pause Young (Allocation Failure) 177M->10M(510M) 1.663ms
[60.777s][info][gc,cpu         ] GC(547) User=0.00s Sys=0.00s Real=0.00s
[60.899s][info][gc,start       ] GC(548) Pause Young (Allocation Failure)
[60.901s][info][gc,heap        ] GC(548) PSYoungGen: 172544K(173056K)->1024K(173056K) Eden: 171520K(171520K)->0K(171520K) From: 1024K(1536K)->1024K(1536K)
[60.901s][info][gc,heap        ] GC(548) ParOldGen: 9367K(349696K)->9423K(349696K)
[60.901s][info][gc,metaspace   ] GC(548) Metaspace: 14361K(15232K)->14361K(15232K) NonClass: 12379K(12864K)->12379K(12864K) Class: 1981K(2368K)->1981K(2368K)
[60.901s][info][gc             ] GC(548) Pause Young (Allocation Failure) 177M->10M(510M) 1.680ms
[60.901s][info][gc,cpu         ] GC(548) User=0.00s Sys=0.00s Real=0.00s
[61.026s][info][gc,start       ] GC(549) Pause Young (Allocation Failure)
[61.028s][info][gc,heap        ] GC(549) PSYoungGen: 172544K(173056K)->1024K(173056K) Eden: 171520K(171520K)->0K(171520K) From: 1024K(1536K)->1024K(1536K)
[61.028s][info][gc,heap        ] GC(549) ParOldGen: 9423K(349696K)->9471K(349696K)
[61.028s][info][gc,metaspace   ] GC(549) Metaspace: 14361K(15232K)->14361K(15232K) NonClass: 12379K(12864K)->12379K(12864K) Class: 1981K(2368K)->1981K(2368K)
[61.028s][info][gc             ] GC(549) Pause Young (Allocation Failure) 177M->10M(510M) 1.718ms
[61.028s][info][gc,cpu         ] GC(549) User=0.00s Sys=0.00s Real=0.00s
[61.150s][info][gc,start       ] GC(550) Pause Young (Allocation Failure)
[61.151s][info][gc,heap        ] GC(550) PSYoungGen: 172544K(173056K)->1024K(173056K) Eden: 171520K(171520K)->0K(171520K) From: 1024K(1536K)->1024K(1536K)
[61.151s][info][gc,heap        ] GC(550) ParOldGen: 9471K(349696K)->9519K(349696K)
[61.151s][info][gc,metaspace   ] GC(550) Metaspace: 14361K(15232K)->14361K(15232K) NonClass: 12379K(12864K)->12379K(12864K) Class: 1981K(2368K)->1981K(2368K)
[61.151s][info][gc             ] GC(550) Pause Young (Allocation Failure) 177M->10M(510M) 1.680ms
[61.151s][info][gc,cpu         ] GC(550) User=0.00s Sys=0.00s Real=0.00s
[61.275s][info][gc,start       ] GC(551) Pause Young (Allocation Failure)
[61.277s][info][gc,heap        ] GC(551) PSYoungGen: 172544K(173056K)->1024K(173056K) Eden: 171520K(171520K)->0K(171520K) From: 1024K(1536K)->1024K(1536K)
[61.277s][info][gc,heap        ] GC(551) ParOldGen: 9519K(349696K)->9567K(349696K)
[61.277s][info][gc,metaspace   ] GC(551) Metaspace: 14361K(15232K)->14361K(15232K) NonClass: 12379K(12864K)->12379K(12864K) Class: 1981K(2368K)->1981K(2368K)
[61.277s][info][gc             ] GC(551) Pause Young (Allocation Failure) 177M->10M(510M) 1.752ms
[61.277s][info][gc,cpu         ] GC(551) User=0.00s Sys=0.00s Real=0.00s
[61.399s][info][gc,start       ] GC(552) Pause Young (Allocation Failure)
[61.401s][info][gc,heap        ] GC(552) PSYoungGen: 172544K(173056K)->992K(173056K) Eden: 171520K(171520K)->0K(171520K) From: 1024K(1536K)->992K(1536K)
[61.401s][info][gc,heap        ] GC(552) ParOldGen: 9567K(349696K)->9607K(349696K)
[61.401s][info][gc,metaspace   ] GC(552) Metaspace: 14361K(15232K)->14361K(15232K) NonClass: 12379K(12864K)->12379K(12864K) Class: 1981K(2368K)->1981K(2368K)
[61.401s][info][gc             ] GC(552) Pause Young (Allocation Failure) 177M->10M(510M) 1.771ms
[61.401s][info][gc,cpu         ] GC(552) User=0.00s Sys=0.00s Real=0.00s
[61.522s][info][gc,start       ] GC(553) Pause Young (Allocation Failure)
[61.524s][info][gc,heap        ] GC(553) PSYoungGen: 172512K(173056K)->1024K(173056K) Eden: 171520K(171520K)->0K(171520K) From: 992K(1536K)->1024K(1536K)
[61.524s][info][gc,heap        ] GC(553) ParOldGen: 9607K(349696K)->9663K(349696K)
[61.524s][info][gc,metaspace   ] GC(553) Metaspace: 14361K(15232K)->14361K(15232K) NonClass: 12379K(12864K)->12379K(12864K) Class: 1981K(2368K)->1981K(2368K)
[61.524s][info][gc             ] GC(553) Pause Young (Allocation Failure) 177M->10M(510M) 1.782ms
[61.524s][info][gc,cpu         ] GC(553) User=0.00s Sys=0.00s Real=0.00s
[61.648s][info][gc,start       ] GC(554) Pause Young (Allocation Failure)
[61.650s][info][gc,heap        ] GC(554) PSYoungGen: 172544K(173056K)->1024K(173056K) Eden: 171520K(171520K)->0K(171520K) From: 1024K(1536K)->1024K(1536K)
[61.650s][info][gc,heap        ] GC(554) ParOldGen: 9663K(349696K)->9711K(349696K)
[61.650s][info][gc,metaspace   ] GC(554) Metaspace: 14361K(15232K)->14361K(15232K) NonClass: 12379K(12864K)->12379K(12864K) Class: 1981K(2368K)->1981K(2368K)
[61.650s][info][gc             ] GC(554) Pause Young (Allocation Failure) 177M->10M(510M) 1.818ms
[61.650s][info][gc,cpu         ] GC(554) User=0.00s Sys=0.00s Real=0.00s
[61.772s][info][gc,start       ] GC(555) Pause Young (Allocation Failure)
[61.773s][info][gc,heap        ] GC(555) PSYoungGen: 172544K(173056K)->1024K(173056K) Eden: 171520K(171520K)->0K(171520K) From: 1024K(1536K)->1024K(1536K)
[61.774s][info][gc,heap        ] GC(555) ParOldGen: 9711K(349696K)->9791K(349696K)
[61.774s][info][gc,metaspace   ] GC(555) Metaspace: 14361K(15232K)->14361K(15232K) NonClass: 12379K(12864K)->12379K(12864K) Class: 1981K(2368K)->1981K(2368K)
[61.774s][info][gc             ] GC(555) Pause Young (Allocation Failure) 177M->10M(510M) 1.830ms
[61.774s][info][gc,cpu         ] GC(555) User=0.00s Sys=0.00s Real=0.00s
[61.896s][info][gc,start       ] GC(556) Pause Young (Allocation Failure)
[61.898s][info][gc,heap        ] GC(556) PSYoungGen: 172544K(173056K)->992K(173056K) Eden: 171520K(171520K)->0K(171520K) From: 1024K(1536K)->992K(1536K)
[61.898s][info][gc,heap        ] GC(556) ParOldGen: 9791K(349696K)->9839K(349696K)
[61.898s][info][gc,metaspace   ] GC(556) Metaspace: 14361K(15232K)->14361K(15232K) NonClass: 12379K(12864K)->12379K(12864K) Class: 1981K(2368K)->1981K(2368K)
[61.898s][info][gc             ] GC(556) Pause Young (Allocation Failure) 178M->10M(510M) 1.842ms
[61.898s][info][gc,cpu         ] GC(556) User=0.00s Sys=0.00s Real=0.00s
[62.022s][info][gc,start       ] GC(557) Pause Young (Allocation Failure)
[62.024s][info][gc,heap        ] GC(557) PSYoungGen: 172512K(173056K)->1024K(173056K) Eden: 171520K(171520K)->0K(171520K) From: 992K(1536K)->1024K(1536K)
[62.024s][info][gc,heap        ] GC(557) ParOldGen: 9839K(349696K)->9903K(349696K)
[62.024s][info][gc,metaspace   ] GC(557) Metaspace: 14361K(15232K)->14361K(15232K) NonClass: 12379K(12864K)->12379K(12864K) Class: 1981K(2368K)->1981K(2368K)
[62.024s][info][gc             ] GC(557) Pause Young (Allocation Failure) 178M->10M(510M) 1.906ms
[62.024s][info][gc,cpu         ] GC(557) User=0.00s Sys=0.00s Real=0.00s
[62.145s][info][gc,start       ] GC(558) Pause Young (Allocation Failure)
[62.147s][info][gc,heap        ] GC(558) PSYoungGen: 172544K(173056K)->1024K(173056K) Eden: 171520K(171520K)->0K(171520K) From: 1024K(1536K)->1024K(1536K)
[62.147s][info][gc,heap        ] GC(558) ParOldGen: 9903K(349696K)->9975K(349696K)
[62.147s][info][gc,metaspace   ] GC(558) Metaspace: 14361K(15232K)->14361K(15232K) NonClass: 12379K(12864K)->12379K(12864K) Class: 1981K(2368K)->1981K(2368K)
[62.147s][info][gc             ] GC(558) Pause Young (Allocation Failure) 178M->10M(510M) 1.922ms
[62.147s][info][gc,cpu         ] GC(558) User=0.00s Sys=0.00s Real=0.00s
[62.267s][info][gc,start       ] GC(559) Pause Young (Allocation Failure)
[62.269s][info][gc,heap        ] GC(559) PSYoungGen: 172544K(173056K)->1024K(173056K) Eden: 171520K(171520K)->0K(171520K) From: 1024K(1536K)->1024K(1536K)
[62.269s][info][gc,heap        ] GC(559) ParOldGen: 9975K(349696K)->10015K(349696K)
[62.269s][info][gc,metaspace   ] GC(559) Metaspace: 14361K(15232K)->14361K(15232K) NonClass: 12379K(12864K)->12379K(12864K) Class: 1981K(2368K)->1981K(2368K)
[62.269s][info][gc             ] GC(559) Pause Young (Allocation Failure) 178M->10M(510M) 1.930ms
[62.269s][info][gc,cpu         ] GC(559) User=0.00s Sys=0.00s Real=0.00s
[62.390s][info][gc,start       ] GC(560) Pause Young (Allocation Failure)
[62.392s][info][gc,heap        ] GC(560) PSYoungGen: 172544K(173056K)->1024K(173056K) Eden: 171520K(171520K)->0K(171520K) From: 1024K(1536K)->1024K(1536K)
[62.392s][info][gc,heap        ] GC(560) ParOldGen: 10015K(349696K)->10079K(349696K)
[62.392s][info][gc,metaspace   ] GC(560) Metaspace: 14361K(15232K)->14361K(15232K) NonClass: 12379K(12864K)->12379K(12864K) Class: 1981K(2368K)->1981K(2368K)
[62.392s][info][gc             ] GC(560) Pause Young (Allocation Failure) 178M->10M(510M) 1.952ms
[62.392s][info][gc,cpu         ] GC(560) User=0.00s Sys=0.00s Real=0.00s
[62.513s][info][gc,start       ] GC(561) Pause Young (Allocation Failure)
[62.514s][info][gc,heap        ] GC(561) PSYoungGen: 172544K(173056K)->992K(173056K) Eden: 171520K(171520K)->0K(171520K) From: 1024K(1536K)->992K(1536K)
[62.515s][info][gc,heap        ] GC(561) ParOldGen: 10079K(349696K)->10119K(349696K)
[62.515s][info][gc,metaspace   ] GC(561) Metaspace: 14361K(15232K)->14361K(15232K) NonClass: 12379K(12864K)->12379K(12864K) Class: 1981K(2368K)->1981K(2368K)
[62.515s][info][gc             ] GC(561) Pause Young (Allocation Failure) 178M->10M(510M) 1.990ms
[62.515s][info][gc,cpu         ] GC(561) User=0.00s Sys=0.00s Real=0.00s
[62.637s][info][gc,start       ] GC(562) Pause Young (Allocation Failure)
[62.639s][info][gc,heap        ] GC(562) PSYoungGen: 172512K(173056K)->1024K(173056K) Eden: 171520K(171520K)->0K(171520K) From: 992K(1536K)->1024K(1536K)
[62.639s][info][gc,heap        ] GC(562) ParOldGen: 10119K(349696K)->10167K(349696K)
[62.639s][info][gc,metaspace   ] GC(562) Metaspace: 14361K(15232K)->14361K(15232K) NonClass: 12379K(12864K)->12379K(12864K) Class: 1981K(2368K)->1981K(2368K)
[62.639s][info][gc             ] GC(562) Pause Young (Allocation Failure) 178M->10M(510M) 2.023ms
[62.639s][info][gc,cpu         ] GC(562) User=0.00s Sys=0.00s Real=0.00s
[62.761s][info][gc,start       ] GC(563) Pause Young (Allocation Failure)
[62.763s][info][gc,heap        ] GC(563) PSYoungGen: 172544K(173056K)->992K(173056K) Eden: 171520K(171520K)->0K(171520K) From: 1024K(1536K)->992K(1536K)
[62.763s][info][gc,heap        ] GC(563) ParOldGen: 10167K(349696K)->10239K(349696K)
[62.763s][info][gc,metaspace   ] GC(563) Metaspace: 14361K(15232K)->14361K(15232K) NonClass: 12379K(12864K)->12379K(12864K) Class: 1981K(2368K)->1981K(2368K)
[62.763s][info][gc             ] GC(563) Pause Young (Allocation Failure) 178M->10M(510M) 2.015ms
[62.763s][info][gc,cpu         ] GC(563) User=0.00s Sys=0.00s Real=0.00s
[62.883s][info][gc,start       ] GC(564) Pause Young (Allocation Failure)
[62.885s][info][gc,heap        ] GC(564) PSYoungGen: 172512K(173056K)->1024K(173056K) Eden: 171520K(171520K)->0K(171520K) From: 992K(1536K)->1024K(1536K)
[62.885s][info][gc,heap        ] GC(564) ParOldGen: 10239K(349696K)->10287K(349696K)
[62.885s][info][gc,metaspace   ] GC(564) Metaspace: 14361K(15232K)->14361K(15232K) NonClass: 12379K(12864K)->12379K(12864K) Class: 1981K(2368K)->1981K(2368K)
[62.885s][info][gc             ] GC(564) Pause Young (Allocation Failure) 178M->11M(510M) 2.075ms
[62.885s][info][gc,cpu         ] GC(564) User=0.00s Sys=0.00s Real=0.00s
[63.009s][info][gc,start       ] GC(565) Pause Young (Allocation Failure)
[63.011s][info][gc,heap        ] GC(565) PSYoungGen: 172544K(173056K)->1024K(173056K) Eden: 171520K(171520K)->0K(171520K) From: 1024K(1536K)->1024K(1536K)
[63.011s][info][gc,heap        ] GC(565) ParOldGen: 10287K(349696K)->10343K(349696K)
[63.011s][info][gc,metaspace   ] GC(565) Metaspace: 14361K(15232K)->14361K(15232K) NonClass: 12379K(12864K)->12379K(12864K) Class: 1981K(2368K)->1981K(2368K)
[63.011s][info][gc             ] GC(565) Pause Young (Allocation Failure) 178M->11M(510M) 2.041ms
[63.011s][info][gc,cpu         ] GC(565) User=0.00s Sys=0.00s Real=0.00s
[63.135s][info][gc,start       ] GC(566) Pause Young (Allocation Failure)
[63.137s][info][gc,heap        ] GC(566) PSYoungGen: 172544K(173056K)->960K(173056K) Eden: 171520K(171520K)->0K(171520K) From: 1024K(1536K)->960K(1536K)
[63.137s][info][gc,heap        ] GC(566) ParOldGen: 10343K(349696K)->10407K(349696K)
[63.137s][info][gc,metaspace   ] GC(566) Metaspace: 14361K(15232K)->14361K(15232K) NonClass: 12379K(12864K)->12379K(12864K) Class: 1981K(2368K)->1981K(2368K)
[63.137s][info][gc             ] GC(566) Pause Young (Allocation Failure) 178M->11M(510M) 2.054ms
[63.137s][info][gc,cpu         ] GC(566) User=0.00s Sys=0.00s Real=0.00s
[63.365s][info][gc,start       ] GC(567) Pause Young (Allocation Failure)
[63.368s][info][gc,heap        ] GC(567) PSYoungGen: 172480K(173056K)->992K(173056K) Eden: 171520K(171520K)->0K(171520K) From: 960K(1536K)->992K(1536K)
[63.368s][info][gc,heap        ] GC(567) ParOldGen: 10407K(349696K)->10455K(349696K)
[63.368s][info][gc,metaspace   ] GC(567) Metaspace: 14361K(15232K)->14361K(15232K) NonClass: 12379K(12864K)->12379K(12864K) Class: 1981K(2368K)->1981K(2368K)
[63.368s][info][gc             ] GC(567) Pause Young (Allocation Failure) 178M->11M(510M) 2.832ms
[63.368s][info][gc,cpu         ] GC(567) User=0.00s Sys=0.00s Real=0.00s
[63.505s][info][gc,start       ] GC(568) Pause Young (Allocation Failure)
[63.507s][info][gc,heap        ] GC(568) PSYoungGen: 172512K(173056K)->1024K(173056K) Eden: 171520K(171520K)->0K(171520K) From: 992K(1536K)->1024K(1536K)
[63.507s][info][gc,heap        ] GC(568) ParOldGen: 10455K(349696K)->10511K(349696K)
[63.507s][info][gc,metaspace   ] GC(568) Metaspace: 14361K(15232K)->14361K(15232K) NonClass: 12379K(12864K)->12379K(12864K) Class: 1981K(2368K)->1981K(2368K)
[63.507s][info][gc             ] GC(568) Pause Young (Allocation Failure) 178M->11M(510M) 1.936ms
[63.507s][info][gc,cpu         ] GC(568) User=0.00s Sys=0.00s Real=0.00s
[63.632s][info][gc,start       ] GC(569) Pause Young (Allocation Failure)
[63.633s][info][gc,heap        ] GC(569) PSYoungGen: 172544K(173056K)->992K(173056K) Eden: 171520K(171520K)->0K(171520K) From: 1024K(1536K)->992K(1536K)
[63.633s][info][gc,heap        ] GC(569) ParOldGen: 10511K(349696K)->10559K(349696K)
[63.633s][info][gc,metaspace   ] GC(569) Metaspace: 14361K(15232K)->14361K(15232K) NonClass: 12379K(12864K)->12379K(12864K) Class: 1981K(2368K)->1981K(2368K)
[63.633s][info][gc             ] GC(569) Pause Young (Allocation Failure) 178M->11M(510M) 1.848ms
[63.633s][info][gc,cpu         ] GC(569) User=0.00s Sys=0.00s Real=0.00s
[63.761s][info][gc,start       ] GC(570) Pause Young (Allocation Failure)
[63.762s][info][gc,heap        ] GC(570) PSYoungGen: 172512K(173056K)->1024K(173056K) Eden: 171520K(171520K)->0K(171520K) From: 992K(1536K)->1024K(1536K)
[63.762s][info][gc,heap        ] GC(570) ParOldGen: 10559K(349696K)->10615K(349696K)
[63.762s][info][gc,metaspace   ] GC(570) Metaspace: 14361K(15232K)->14361K(15232K) NonClass: 12379K(12864K)->12379K(12864K) Class: 1981K(2368K)->1981K(2368K)
[63.762s][info][gc             ] GC(570) Pause Young (Allocation Failure) 178M->11M(510M) 1.835ms
[63.762s][info][gc,cpu         ] GC(570) User=0.00s Sys=0.00s Real=0.00s
[63.884s][info][gc,start       ] GC(571) Pause Young (Allocation Failure)
[63.886s][info][gc,heap        ] GC(571) PSYoungGen: 172544K(173056K)->1024K(173056K) Eden: 171520K(171520K)->0K(171520K) From: 1024K(1536K)->1024K(1536K)
[63.886s][info][gc,heap        ] GC(571) ParOldGen: 10615K(349696K)->10647K(349696K)
[63.886s][info][gc,metaspace   ] GC(571) Metaspace: 14361K(15232K)->14361K(15232K) NonClass: 12379K(12864K)->12379K(12864K) Class: 1981K(2368K)->1981K(2368K)
[63.886s][info][gc             ] GC(571) Pause Young (Allocation Failure) 178M->11M(510M) 1.820ms
[63.886s][info][gc,cpu         ] GC(571) User=0.00s Sys=0.00s Real=0.00s
[64.019s][info][gc,start       ] GC(572) Pause Young (Allocation Failure)
[64.020s][info][gc,heap        ] GC(572) PSYoungGen: 172544K(173056K)->992K(173056K) Eden: 171520K(171520K)->0K(171520K) From: 1024K(1536K)->992K(1536K)
[64.020s][info][gc,heap        ] GC(572) ParOldGen: 10647K(349696K)->10735K(349696K)
[64.020s][info][gc,metaspace   ] GC(572) Metaspace: 14361K(15232K)->14361K(15232K) NonClass: 12379K(12864K)->12379K(12864K) Class: 1981K(2368K)->1981K(2368K)
[64.020s][info][gc             ] GC(572) Pause Young (Allocation Failure) 178M->11M(510M) 1.741ms
[64.021s][info][gc,cpu         ] GC(572) User=0.00s Sys=0.00s Real=0.00s
[64.153s][info][gc,start       ] GC(573) Pause Young (Allocation Failure)
[64.154s][info][gc,heap        ] GC(573) PSYoungGen: 172512K(173056K)->1024K(173056K) Eden: 171520K(171520K)->0K(171520K) From: 992K(1536K)->1024K(1536K)
[64.154s][info][gc,heap        ] GC(573) ParOldGen: 10735K(349696K)->10783K(349696K)
[64.154s][info][gc,metaspace   ] GC(573) Metaspace: 14361K(15232K)->14361K(15232K) NonClass: 12379K(12864K)->12379K(12864K) Class: 1981K(2368K)->1981K(2368K)
[64.154s][info][gc             ] GC(573) Pause Young (Allocation Failure) 178M->11M(510M) 1.659ms
[64.154s][info][gc,cpu         ] GC(573) User=0.00s Sys=0.00s Real=0.00s
[64.279s][info][gc,start       ] GC(574) Pause Young (Allocation Failure)
[64.280s][info][gc,heap        ] GC(574) PSYoungGen: 172544K(173056K)->992K(173056K) Eden: 171520K(171520K)->0K(171520K) From: 1024K(1536K)->992K(1536K)
[64.280s][info][gc,heap        ] GC(574) ParOldGen: 10783K(349696K)->10855K(349696K)
[64.280s][info][gc,metaspace   ] GC(574) Metaspace: 14361K(15232K)->14361K(15232K) NonClass: 12379K(12864K)->12379K(12864K) Class: 1981K(2368K)->1981K(2368K)
[64.280s][info][gc             ] GC(574) Pause Young (Allocation Failure) 179M->11M(510M) 1.614ms
[64.280s][info][gc,cpu         ] GC(574) User=0.00s Sys=0.00s Real=0.00s
[64.401s][info][gc,start       ] GC(575) Pause Young (Allocation Failure)
[64.402s][info][gc,heap        ] GC(575) PSYoungGen: 172512K(173056K)->1024K(173056K) Eden: 171520K(171520K)->0K(171520K) From: 992K(1536K)->1024K(1536K)
[64.402s][info][gc,heap        ] GC(575) ParOldGen: 10855K(349696K)->10903K(349696K)
[64.402s][info][gc,metaspace   ] GC(575) Metaspace: 14361K(15232K)->14361K(15232K) NonClass: 12379K(12864K)->12379K(12864K) Class: 1981K(2368K)->1981K(2368K)
[64.402s][info][gc             ] GC(575) Pause Young (Allocation Failure) 179M->11M(510M) 1.619ms
[64.402s][info][gc,cpu         ] GC(575) User=0.00s Sys=0.00s Real=0.00s
[64.525s][info][gc,start       ] GC(576) Pause Young (Allocation Failure)
[64.527s][info][gc,heap        ] GC(576) PSYoungGen: 172544K(173056K)->992K(173056K) Eden: 171520K(171520K)->0K(171520K) From: 1024K(1536K)->992K(1536K)
[64.527s][info][gc,heap        ] GC(576) ParOldGen: 10903K(349696K)->10943K(349696K)
[64.527s][info][gc,metaspace   ] GC(576) Metaspace: 14361K(15232K)->14361K(15232K) NonClass: 12379K(12864K)->12379K(12864K) Class: 1981K(2368K)->1981K(2368K)
[64.527s][info][gc             ] GC(576) Pause Young (Allocation Failure) 179M->11M(510M) 1.687ms
[64.527s][info][gc,cpu         ] GC(576) User=0.00s Sys=0.00s Real=0.00s
[64.649s][info][gc,start       ] GC(577) Pause Young (Allocation Failure)
[64.680s][info][gc,heap        ] GC(577) PSYoungGen: 172512K(173056K)->928K(173056K) Eden: 171520K(171520K)->0K(171520K) From: 992K(1536K)->928K(1536K)
[64.681s][info][gc,heap        ] GC(577) ParOldGen: 10943K(349696K)->10983K(349696K)
[64.681s][info][gc,metaspace   ] GC(577) Metaspace: 14361K(15232K)->14361K(15232K) NonClass: 12379K(12864K)->12379K(12864K) Class: 1981K(2368K)->1981K(2368K)
[64.681s][info][gc             ] GC(577) Pause Young (Allocation Failure) 179M->11M(510M) 31.131ms
[64.681s][info][gc,cpu         ] GC(577) User=0.00s Sys=0.00s Real=0.02s
[64.810s][info][gc,start       ] GC(578) Pause Young (Allocation Failure)
[64.812s][info][gc,heap        ] GC(578) PSYoungGen: 172448K(173056K)->992K(173056K) Eden: 171520K(171520K)->0K(171520K) From: 928K(1536K)->992K(1536K)
[64.812s][info][gc,heap        ] GC(578) ParOldGen: 10983K(349696K)->11023K(349696K)
[64.812s][info][gc,metaspace   ] GC(578) Metaspace: 14361K(15232K)->14361K(15232K) NonClass: 12379K(12864K)->12379K(12864K) Class: 1981K(2368K)->1981K(2368K)
[64.812s][info][gc             ] GC(578) Pause Young (Allocation Failure) 179M->11M(510M) 1.733ms
[64.812s][info][gc,cpu         ] GC(578) User=0.00s Sys=0.00s Real=0.00s
[64.936s][info][gc,start       ] GC(579) Pause Young (Allocation Failure)
[64.938s][info][gc,heap        ] GC(579) PSYoungGen: 172512K(173056K)->1024K(173056K) Eden: 171520K(171520K)->0K(171520K) From: 992K(1536K)->1024K(1536K)
[64.938s][info][gc,heap        ] GC(579) ParOldGen: 11023K(349696K)->11071K(349696K)
[64.938s][info][gc,metaspace   ] GC(579) Metaspace: 14361K(15232K)->14361K(15232K) NonClass: 12379K(12864K)->12379K(12864K) Class: 1981K(2368K)->1981K(2368K)
[64.938s][info][gc             ] GC(579) Pause Young (Allocation Failure) 179M->11M(510M) 1.743ms
[64.938s][info][gc,cpu         ] GC(579) User=0.00s Sys=0.00s Real=0.00s
[65.062s][info][gc,start       ] GC(580) Pause Young (Allocation Failure)
[65.064s][info][gc,heap        ] GC(580) PSYoungGen: 172544K(173056K)->992K(173056K) Eden: 171520K(171520K)->0K(171520K) From: 1024K(1536K)->992K(1536K)
[65.064s][info][gc,heap        ] GC(580) ParOldGen: 11071K(349696K)->11119K(349696K)
[65.064s][info][gc,metaspace   ] GC(580) Metaspace: 14361K(15232K)->14361K(15232K) NonClass: 12379K(12864K)->12379K(12864K) Class: 1981K(2368K)->1981K(2368K)
[65.064s][info][gc             ] GC(580) Pause Young (Allocation Failure) 179M->11M(510M) 1.804ms
[65.064s][info][gc,cpu         ] GC(580) User=0.00s Sys=0.00s Real=0.00s
[65.187s][info][gc,start       ] GC(581) Pause Young (Allocation Failure)
[65.189s][info][gc,heap        ] GC(581) PSYoungGen: 172512K(173056K)->1024K(173056K) Eden: 171520K(171520K)->0K(171520K) From: 992K(1536K)->1024K(1536K)
[65.189s][info][gc,heap        ] GC(581) ParOldGen: 11119K(349696K)->11187K(349696K)
[65.189s][info][gc,metaspace   ] GC(581) Metaspace: 14361K(15232K)->14361K(15232K) NonClass: 12379K(12864K)->12379K(12864K) Class: 1981K(2368K)->1981K(2368K)
[65.189s][info][gc             ] GC(581) Pause Young (Allocation Failure) 179M->11M(510M) 1.833ms
[65.189s][info][gc,cpu         ] GC(581) User=0.00s Sys=0.00s Real=0.00s
[65.312s][info][gc,start       ] GC(582) Pause Young (Allocation Failure)
[65.314s][info][gc,heap        ] GC(582) PSYoungGen: 172544K(173056K)->992K(173056K) Eden: 171520K(171520K)->0K(171520K) From: 1024K(1536K)->992K(1536K)
[65.314s][info][gc,heap        ] GC(582) ParOldGen: 11187K(349696K)->11243K(349696K)
[65.314s][info][gc,metaspace   ] GC(582) Metaspace: 14361K(15232K)->14361K(15232K) NonClass: 12379K(12864K)->12379K(12864K) Class: 1981K(2368K)->1981K(2368K)
[65.314s][info][gc             ] GC(582) Pause Young (Allocation Failure) 179M->11M(510M) 1.815ms
[65.314s][info][gc,cpu         ] GC(582) User=0.00s Sys=0.00s Real=0.00s
[65.438s][info][gc,start       ] GC(583) Pause Young (Allocation Failure)
[65.439s][info][gc,heap        ] GC(583) PSYoungGen: 172512K(173056K)->1024K(173056K) Eden: 171520K(171520K)->0K(171520K) From: 992K(1536K)->1024K(1536K)
[65.439s][info][gc,heap        ] GC(583) ParOldGen: 11243K(349696K)->11307K(349696K)
[65.439s][info][gc,metaspace   ] GC(583) Metaspace: 14361K(15232K)->14361K(15232K) NonClass: 12379K(12864K)->12379K(12864K) Class: 1981K(2368K)->1981K(2368K)
[65.439s][info][gc             ] GC(583) Pause Young (Allocation Failure) 179M->12M(510M) 1.835ms
[65.439s][info][gc,cpu         ] GC(583) User=0.00s Sys=0.00s Real=0.00s
[65.563s][info][gc,start       ] GC(584) Pause Young (Allocation Failure)
[65.565s][info][gc,heap        ] GC(584) PSYoungGen: 172544K(173056K)->1024K(173056K) Eden: 171520K(171520K)->0K(171520K) From: 1024K(1536K)->1024K(1536K)
[65.565s][info][gc,heap        ] GC(584) ParOldGen: 11307K(349696K)->11355K(349696K)
[65.565s][info][gc,metaspace   ] GC(584) Metaspace: 14361K(15232K)->14361K(15232K) NonClass: 12379K(12864K)->12379K(12864K) Class: 1981K(2368K)->1981K(2368K)
[65.565s][info][gc             ] GC(584) Pause Young (Allocation Failure) 179M->12M(510M) 1.903ms
[65.565s][info][gc,cpu         ] GC(584) User=0.00s Sys=0.00s Real=0.00s
[65.688s][info][gc,start       ] GC(585) Pause Young (Allocation Failure)
[65.690s][info][gc,heap        ] GC(585) PSYoungGen: 172544K(173056K)->1024K(173056K) Eden: 171520K(171520K)->0K(171520K) From: 1024K(1536K)->1024K(1536K)
[65.690s][info][gc,heap        ] GC(585) ParOldGen: 11355K(349696K)->11395K(349696K)
[65.690s][info][gc,metaspace   ] GC(585) Metaspace: 14361K(15232K)->14361K(15232K) NonClass: 12379K(12864K)->12379K(12864K) Class: 1981K(2368K)->1981K(2368K)
[65.690s][info][gc             ] GC(585) Pause Young (Allocation Failure) 179M->12M(510M) 1.905ms
[65.690s][info][gc,cpu         ] GC(585) User=0.00s Sys=0.00s Real=0.00s
[65.812s][info][gc,start       ] GC(586) Pause Young (Allocation Failure)
[65.813s][info][gc,heap        ] GC(586) PSYoungGen: 172544K(173056K)->992K(173056K) Eden: 171520K(171520K)->0K(171520K) From: 1024K(1536K)->992K(1536K)
[65.813s][info][gc,heap        ] GC(586) ParOldGen: 11395K(349696K)->11451K(349696K)
[65.813s][info][gc,metaspace   ] GC(586) Metaspace: 14361K(15232K)->14361K(15232K) NonClass: 12379K(12864K)->12379K(12864K) Class: 1981K(2368K)->1981K(2368K)
[65.813s][info][gc             ] GC(586) Pause Young (Allocation Failure) 179M->12M(510M) 1.879ms
[65.813s][info][gc,cpu         ] GC(586) User=0.00s Sys=0.00s Real=0.00s
[65.936s][info][gc,start       ] GC(587) Pause Young (Allocation Failure)
[65.938s][info][gc,heap        ] GC(587) PSYoungGen: 172512K(173056K)->1024K(173056K) Eden: 171520K(171520K)->0K(171520K) From: 992K(1536K)->1024K(1536K)
[65.938s][info][gc,heap        ] GC(587) ParOldGen: 11451K(349696K)->11507K(349696K)
[65.938s][info][gc,metaspace   ] GC(587) Metaspace: 14361K(15232K)->14361K(15232K) NonClass: 12379K(12864K)->12379K(12864K) Class: 1981K(2368K)->1981K(2368K)
[65.938s][info][gc             ] GC(587) Pause Young (Allocation Failure) 179M->12M(510M) 1.965ms
[65.938s][info][gc,cpu         ] GC(587) User=0.00s Sys=0.00s Real=0.00s
[66.061s][info][gc,start       ] GC(588) Pause Young (Allocation Failure)
[66.063s][info][gc,heap        ] GC(588) PSYoungGen: 172544K(173056K)->1024K(173056K) Eden: 171520K(171520K)->0K(171520K) From: 1024K(1536K)->1024K(1536K)
[66.063s][info][gc,heap        ] GC(588) ParOldGen: 11507K(349696K)->11563K(349696K)
[66.063s][info][gc,metaspace   ] GC(588) Metaspace: 14361K(15232K)->14361K(15232K) NonClass: 12379K(12864K)->12379K(12864K) Class: 1981K(2368K)->1981K(2368K)
[66.063s][info][gc             ] GC(588) Pause Young (Allocation Failure) 179M->12M(510M) 1.947ms
[66.063s][info][gc,cpu         ] GC(588) User=0.00s Sys=0.00s Real=0.00s
[66.184s][info][gc,start       ] GC(589) Pause Young (Allocation Failure)
[66.186s][info][gc,heap        ] GC(589) PSYoungGen: 172544K(173056K)->1024K(173056K) Eden: 171520K(171520K)->0K(171520K) From: 1024K(1536K)->1024K(1536K)
[66.186s][info][gc,heap        ] GC(589) ParOldGen: 11563K(349696K)->11611K(349696K)
[66.186s][info][gc,metaspace   ] GC(589) Metaspace: 14361K(15232K)->14361K(15232K) NonClass: 12379K(12864K)->12379K(12864K) Class: 1981K(2368K)->1981K(2368K)
[66.186s][info][gc             ] GC(589) Pause Young (Allocation Failure) 179M->12M(510M) 1.995ms
[66.186s][info][gc,cpu         ] GC(589) User=0.00s Sys=0.00s Real=0.00s
[66.309s][info][gc,start       ] GC(590) Pause Young (Allocation Failure)
[66.311s][info][gc,heap        ] GC(590) PSYoungGen: 172544K(173056K)->1024K(173056K) Eden: 171520K(171520K)->0K(171520K) From: 1024K(1536K)->1024K(1536K)
[66.311s][info][gc,heap        ] GC(590) ParOldGen: 11611K(349696K)->11667K(349696K)
[66.311s][info][gc,metaspace   ] GC(590) Metaspace: 14361K(15232K)->14361K(15232K) NonClass: 12379K(12864K)->12379K(12864K) Class: 1981K(2368K)->1981K(2368K)
[66.311s][info][gc             ] GC(590) Pause Young (Allocation Failure) 179M->12M(510M) 2.024ms
[66.311s][info][gc,cpu         ] GC(590) User=0.00s Sys=0.00s Real=0.00s
[66.433s][info][gc,start       ] GC(591) Pause Young (Allocation Failure)
[66.435s][info][gc,heap        ] GC(591) PSYoungGen: 172544K(173056K)->992K(173056K) Eden: 171520K(171520K)->0K(171520K) From: 1024K(1536K)->992K(1536K)
[66.435s][info][gc,heap        ] GC(591) ParOldGen: 11667K(349696K)->11723K(349696K)
[66.435s][info][gc,metaspace   ] GC(591) Metaspace: 14361K(15232K)->14361K(15232K) NonClass: 12379K(12864K)->12379K(12864K) Class: 1981K(2368K)->1981K(2368K)
[66.435s][info][gc             ] GC(591) Pause Young (Allocation Failure) 179M->12M(510M) 2.019ms
[66.435s][info][gc,cpu         ] GC(591) User=0.00s Sys=0.00s Real=0.00s
[66.558s][info][gc,start       ] GC(592) Pause Young (Allocation Failure)
[66.560s][info][gc,heap        ] GC(592) PSYoungGen: 172512K(173056K)->1024K(173056K) Eden: 171520K(171520K)->0K(171520K) From: 992K(1536K)->1024K(1536K)
[66.560s][info][gc,heap        ] GC(592) ParOldGen: 11723K(349696K)->11771K(349696K)
[66.560s][info][gc,metaspace   ] GC(592) Metaspace: 14361K(15232K)->14361K(15232K) NonClass: 12379K(12864K)->12379K(12864K) Class: 1981K(2368K)->1981K(2368K)
[66.560s][info][gc             ] GC(592) Pause Young (Allocation Failure) 179M->12M(510M) 2.036ms
[66.560s][info][gc,cpu         ] GC(592) User=0.00s Sys=0.00s Real=0.00s
[66.681s][info][gc,start       ] GC(593) Pause Young (Allocation Failure)
[66.683s][info][gc,heap        ] GC(593) PSYoungGen: 172544K(173056K)->992K(173056K) Eden: 171520K(171520K)->0K(171520K) From: 1024K(1536K)->992K(1536K)
[66.683s][info][gc,heap        ] GC(593) ParOldGen: 11771K(349696K)->11811K(349696K)
[66.683s][info][gc,metaspace   ] GC(593) Metaspace: 14361K(15232K)->14361K(15232K) NonClass: 12379K(12864K)->12379K(12864K) Class: 1981K(2368K)->1981K(2368K)
[66.683s][info][gc             ] GC(593) Pause Young (Allocation Failure) 179M->12M(510M) 2.057ms
[66.683s][info][gc,cpu         ] GC(593) User=0.00s Sys=0.00s Real=0.00s
[66.805s][info][gc,start       ] GC(594) Pause Young (Allocation Failure)
[66.807s][info][gc,heap        ] GC(594) PSYoungGen: 172512K(173056K)->992K(173056K) Eden: 171520K(171520K)->0K(171520K) From: 992K(1536K)->992K(1536K)
[66.807s][info][gc,heap        ] GC(594) ParOldGen: 11811K(349696K)->11883K(349696K)
[66.807s][info][gc,metaspace   ] GC(594) Metaspace: 14361K(15232K)->14361K(15232K) NonClass: 12379K(12864K)->12379K(12864K) Class: 1981K(2368K)->1981K(2368K)
[66.807s][info][gc             ] GC(594) Pause Young (Allocation Failure) 180M->12M(510M) 2.022ms
[66.807s][info][gc,cpu         ] GC(594) User=0.00s Sys=0.00s Real=0.00s
[66.929s][info][gc,start       ] GC(595) Pause Young (Allocation Failure)
[66.931s][info][gc,heap        ] GC(595) PSYoungGen: 172512K(173056K)->1024K(173056K) Eden: 171520K(171520K)->0K(171520K) From: 992K(1536K)->1024K(1536K)
[66.931s][info][gc,heap        ] GC(595) ParOldGen: 11883K(349696K)->11931K(349696K)
[66.931s][info][gc,metaspace   ] GC(595) Metaspace: 14361K(15232K)->14361K(15232K) NonClass: 12379K(12864K)->12379K(12864K) Class: 1981K(2368K)->1981K(2368K)
[66.931s][info][gc             ] GC(595) Pause Young (Allocation Failure) 180M->12M(510M) 2.127ms
[66.931s][info][gc,cpu         ] GC(595) User=0.00s Sys=0.00s Real=0.00s
[67.098s][info][gc,start       ] GC(596) Pause Young (Allocation Failure)
[67.101s][info][gc,heap        ] GC(596) PSYoungGen: 172544K(173056K)->960K(173056K) Eden: 171520K(171520K)->0K(171520K) From: 1024K(1536K)->960K(1536K)
[67.101s][info][gc,heap        ] GC(596) ParOldGen: 11931K(349696K)->12003K(349696K)
[67.101s][info][gc,metaspace   ] GC(596) Metaspace: 14361K(15232K)->14361K(15232K) NonClass: 12379K(12864K)->12379K(12864K) Class: 1981K(2368K)->1981K(2368K)
[67.101s][info][gc             ] GC(596) Pause Young (Allocation Failure) 180M->12M(510M) 2.935ms
[67.101s][info][gc,cpu         ] GC(596) User=0.00s Sys=0.00s Real=0.00s
[67.225s][info][gc,start       ] GC(597) Pause Young (Allocation Failure)
[67.227s][info][gc,heap        ] GC(597) PSYoungGen: 172480K(173056K)->992K(173056K) Eden: 171520K(171520K)->0K(171520K) From: 960K(1536K)->992K(1536K)
[67.227s][info][gc,heap        ] GC(597) ParOldGen: 12003K(349696K)->12051K(349696K)
[67.227s][info][gc,metaspace   ] GC(597) Metaspace: 14361K(15232K)->14361K(15232K) NonClass: 12379K(12864K)->12379K(12864K) Class: 1981K(2368K)->1981K(2368K)
[67.227s][info][gc             ] GC(597) Pause Young (Allocation Failure) 180M->12M(510M) 2.058ms
[67.227s][info][gc,cpu         ] GC(597) User=0.00s Sys=0.00s Real=0.00s
[67.357s][info][gc,start       ] GC(598) Pause Young (Allocation Failure)
[67.359s][info][gc,heap        ] GC(598) PSYoungGen: 172512K(173056K)->1024K(173056K) Eden: 171520K(171520K)->0K(171520K) From: 992K(1536K)->1024K(1536K)
[67.359s][info][gc,heap        ] GC(598) ParOldGen: 12051K(349696K)->12123K(349696K)
[67.359s][info][gc,metaspace   ] GC(598) Metaspace: 14361K(15232K)->14361K(15232K) NonClass: 12379K(12864K)->12379K(12864K) Class: 1981K(2368K)->1981K(2368K)
[67.359s][info][gc             ] GC(598) Pause Young (Allocation Failure) 180M->12M(510M) 1.882ms
[67.359s][info][gc,cpu         ] GC(598) User=0.00s Sys=0.00s Real=0.00s
[67.467s][info][gc,start       ] GC(599) Pause Young (Allocation Failure)
[67.469s][info][gc,heap        ] GC(599) PSYoungGen: 172544K(173056K)->928K(173056K) Eden: 171520K(171520K)->0K(171520K) From: 1024K(1536K)->928K(1536K)
[67.469s][info][gc,heap        ] GC(599) ParOldGen: 12123K(349696K)->12187K(349696K)
[67.469s][info][gc,metaspace   ] GC(599) Metaspace: 14361K(15232K)->14361K(15232K) NonClass: 12379K(12864K)->12379K(12864K) Class: 1981K(2368K)->1981K(2368K)
[67.469s][info][gc             ] GC(599) Pause Young (Allocation Failure) 180M->12M(510M) 1.854ms
[67.469s][info][gc,cpu         ] GC(599) User=0.00s Sys=0.00s Real=0.00s
[67.571s][info][gc,start       ] GC(600) Pause Young (Allocation Failure)
[67.573s][info][gc,heap        ] GC(600) PSYoungGen: 172448K(173056K)->896K(173056K) Eden: 171520K(171520K)->0K(171520K) From: 928K(1536K)->896K(1536K)
[67.573s][info][gc,heap        ] GC(600) ParOldGen: 12187K(349696K)->12235K(349696K)
[67.573s][info][gc,metaspace   ] GC(600) Metaspace: 14361K(15232K)->14361K(15232K) NonClass: 12379K(12864K)->12379K(12864K) Class: 1981K(2368K)->1981K(2368K)
[67.573s][info][gc             ] GC(600) Pause Young (Allocation Failure) 180M->12M(510M) 1.901ms
[67.573s][info][gc,cpu         ] GC(600) User=0.00s Sys=0.00s Real=0.00s
[67.648s][info][gc,start       ] GC(601) Pause Young (Allocation Failure)
[67.650s][info][gc,heap        ] GC(601) PSYoungGen: 172416K(173056K)->800K(173056K) Eden: 171520K(171520K)->0K(171520K) From: 896K(1536K)->800K(1536K)
[67.650s][info][gc,heap        ] GC(601) ParOldGen: 12235K(349696K)->12267K(349696K)
[67.650s][info][gc,metaspace   ] GC(601) Metaspace: 14361K(15232K)->14361K(15232K) NonClass: 12379K(12864K)->12379K(12864K) Class: 1981K(2368K)->1981K(2368K)
[67.650s][info][gc             ] GC(601) Pause Young (Allocation Failure) 180M->12M(510M) 1.926ms
[67.650s][info][gc,cpu         ] GC(601) User=0.00s Sys=0.00s Real=0.00s
[67.714s][info][gc,start       ] GC(602) Pause Young (Allocation Failure)
[67.716s][info][gc,heap        ] GC(602) PSYoungGen: 172320K(173056K)->864K(173056K) Eden: 171520K(171520K)->0K(171520K) From: 800K(1536K)->864K(1536K)
[67.716s][info][gc,heap        ] GC(602) ParOldGen: 12267K(349696K)->12323K(349696K)
[67.716s][info][gc,metaspace   ] GC(602) Metaspace: 14361K(15232K)->14361K(15232K) NonClass: 12379K(12864K)->12379K(12864K) Class: 1981K(2368K)->1981K(2368K)
[67.716s][info][gc             ] GC(602) Pause Young (Allocation Failure) 180M->12M(510M) 1.837ms
[67.716s][info][gc,cpu         ] GC(602) User=0.00s Sys=0.00s Real=0.00s
[67.792s][info][gc,start       ] GC(603) Pause Young (Allocation Failure)
[67.794s][info][gc,heap        ] GC(603) PSYoungGen: 172384K(173056K)->672K(173056K) Eden: 171520K(171520K)->0K(171520K) From: 864K(1536K)->672K(1536K)
[67.794s][info][gc,heap        ] GC(603) ParOldGen: 12323K(349696K)->12347K(349696K)
[67.794s][info][gc,metaspace   ] GC(603) Metaspace: 14361K(15232K)->14361K(15232K) NonClass: 12379K(12864K)->12379K(12864K) Class: 1981K(2368K)->1981K(2368K)
[67.794s][info][gc             ] GC(603) Pause Young (Allocation Failure) 180M->12M(510M) 1.653ms
[67.794s][info][gc,cpu         ] GC(603) User=0.00s Sys=0.00s Real=0.00s
[67.927s][info][gc,start       ] GC(604) Pause Young (Allocation Failure)
[67.929s][info][gc,heap        ] GC(604) PSYoungGen: 172192K(173056K)->320K(173056K) Eden: 171520K(171520K)->0K(171520K) From: 672K(1536K)->320K(1536K)
[67.929s][info][gc,heap        ] GC(604) ParOldGen: 12347K(349696K)->12379K(349696K)
[67.929s][info][gc,metaspace   ] GC(604) Metaspace: 14361K(15232K)->14361K(15232K) NonClass: 12379K(12864K)->12379K(12864K) Class: 1981K(2368K)->1981K(2368K)
[67.929s][info][gc             ] GC(604) Pause Young (Allocation Failure) 180M->12M(510M) 1.808ms
[67.929s][info][gc,cpu         ] GC(604) User=0.00s Sys=0.00s Real=0.00s
[67.997s][info][gc,start       ] GC(605) Pause Young (System.gc())
[67.999s][info][gc,heap        ] GC(605) PSYoungGen: 43413K(173056K)->192K(173056K) Eden: 43093K(171520K)->0K(171520K) From: 320K(1536K)->192K(1536K)
[67.999s][info][gc,heap        ] GC(605) ParOldGen: 12379K(349696K)->12443K(349696K)
[67.999s][info][gc,metaspace   ] GC(605) Metaspace: 14361K(15232K)->14361K(15232K) NonClass: 12380K(12864K)->12380K(12864K) Class: 1981K(2368K)->1981K(2368K)
[67.999s][info][gc             ] GC(605) Pause Young (System.gc()) 54M->12M(510M) 1.797ms
[67.999s][info][gc,cpu         ] GC(605) User=0.00s Sys=0.00s Real=0.00s
[67.999s][info][gc,start       ] GC(606) Pause Full (System.gc())
[67.999s][info][gc,phases,start] GC(606) Marking Phase
[68.011s][info][gc,phases      ] GC(606) Marking Phase 11.953ms
[68.011s][info][gc,phases,start] GC(606) Summary Phase
[68.011s][info][gc,phases      ] GC(606) Summary Phase 0.024ms
[68.011s][info][gc,phases,start] GC(606) Adjust Roots
[68.014s][info][gc,phases      ] GC(606) Adjust Roots 3.387ms
[68.014s][info][gc,phases,start] GC(606) Compaction Phase
[68.016s][info][gc,phases      ] GC(606) Compaction Phase 1.509ms
[68.016s][info][gc,phases,start] GC(606) Post Compact
[68.016s][info][gc,phases      ] GC(606) Post Compact 0.222ms
[68.016s][info][gc,heap        ] GC(606) PSYoungGen: 192K(173056K)->0K(173056K) Eden: 0K(171520K)->0K(171520K) From: 192K(1536K)->0K(1536K)
[68.016s][info][gc,heap        ] GC(606) ParOldGen: 12443K(349696K)->5380K(349696K)
[68.016s][info][gc,metaspace   ] GC(606) Metaspace: 14361K(15232K)->14361K(15232K) NonClass: 12380K(12864K)->12380K(12864K) Class: 1981K(2368K)->1981K(2368K)
[68.016s][info][gc             ] GC(606) Pause Full (System.gc()) 12M->5M(510M) 17.424ms
[68.016s][info][gc,cpu         ] GC(606) User=0.02s Sys=0.00s Real=0.02s
[68.171s][info][gc,start       ] GC(607) Pause Young (Allocation Failure)
[68.174s][info][gc,heap        ] GC(607) PSYoungGen: 171520K(173056K)->1536K(172032K) Eden: 171520K(171520K)->0K(170496K) From: 0K(1536K)->1536K(1536K)
[68.174s][info][gc,heap        ] GC(607) ParOldGen: 5380K(349696K)->5778K(349696K)
[68.174s][info][gc,metaspace   ] GC(607) Metaspace: 14364K(15232K)->14364K(15232K) NonClass: 12383K(12864K)->12383K(12864K) Class: 1981K(2368K)->1981K(2368K)
[68.174s][info][gc             ] GC(607) Pause Young (Allocation Failure) 172M->7M(509M) 2.219ms
[68.174s][info][gc,cpu         ] GC(607) User=0.00s Sys=0.00s Real=0.00s
[68.291s][info][gc,start       ] GC(608) Pause Young (Allocation Failure)
[68.293s][info][gc,heap        ] GC(608) PSYoungGen: 172032K(172032K)->1024K(172544K) Eden: 170496K(170496K)->0K(170496K) From: 1536K(1536K)->1024K(2048K)
[68.293s][info][gc,heap        ] GC(608) ParOldGen: 5778K(349696K)->7030K(349696K)
[68.293s][info][gc,metaspace   ] GC(608) Metaspace: 14364K(15232K)->14364K(15232K) NonClass: 12383K(12864K)->12383K(12864K) Class: 1981K(2368K)->1981K(2368K)
[68.293s][info][gc             ] GC(608) Pause Young (Allocation Failure) 173M->7M(510M) 1.827ms
[68.293s][info][gc,cpu         ] GC(608) User=0.00s Sys=0.00s Real=0.00s
[68.411s][info][gc,start       ] GC(609) Pause Young (Allocation Failure)
[68.413s][info][gc,heap        ] GC(609) PSYoungGen: 171520K(172544K)->1024K(172544K) Eden: 170496K(170496K)->0K(170496K) From: 1024K(2048K)->1024K(2048K)
[68.413s][info][gc,heap        ] GC(609) ParOldGen: 7030K(349696K)->7062K(349696K)
[68.413s][info][gc,metaspace   ] GC(609) Metaspace: 14364K(15232K)->14364K(15232K) NonClass: 12383K(12864K)->12383K(12864K) Class: 1981K(2368K)->1981K(2368K)
[68.413s][info][gc             ] GC(609) Pause Young (Allocation Failure) 174M->7M(510M) 1.752ms
[68.413s][info][gc,cpu         ] GC(609) User=0.00s Sys=0.00s Real=0.00s
[68.534s][info][gc,start       ] GC(610) Pause Young (Allocation Failure)
[68.535s][info][gc,heap        ] GC(610) PSYoungGen: 171520K(172544K)->1024K(172544K) Eden: 170496K(170496K)->0K(170496K) From: 1024K(2048K)->1024K(2048K)
[68.535s][info][gc,heap        ] GC(610) ParOldGen: 7062K(349696K)->7094K(349696K)
[68.535s][info][gc,metaspace   ] GC(610) Metaspace: 14364K(15232K)->14364K(15232K) NonClass: 12383K(12864K)->12383K(12864K) Class: 1981K(2368K)->1981K(2368K)
[68.535s][info][gc             ] GC(610) Pause Young (Allocation Failure) 174M->7M(510M) 1.810ms
[68.535s][info][gc,cpu         ] GC(610) User=0.00s Sys=0.00s Real=0.00s
[68.658s][info][gc,start       ] GC(611) Pause Young (Allocation Failure)
[68.659s][info][gc,heap        ] GC(611) PSYoungGen: 171520K(172544K)->1024K(171520K) Eden: 170496K(170496K)->0K(170496K) From: 1024K(2048K)->1024K(1024K)
[68.659s][info][gc,heap        ] GC(611) ParOldGen: 7094K(349696K)->7150K(349696K)
[68.659s][info][gc,metaspace   ] GC(611) Metaspace: 14364K(15232K)->14364K(15232K) NonClass: 12383K(12864K)->12383K(12864K) Class: 1981K(2368K)->1981K(2368K)
[68.660s][info][gc             ] GC(611) Pause Young (Allocation Failure) 174M->7M(509M) 1.926ms
[68.660s][info][gc,cpu         ] GC(611) User=0.00s Sys=0.00s Real=0.00s
[68.782s][info][gc,start       ] GC(612) Pause Young (Allocation Failure)
[68.784s][info][gc,heap        ] GC(612) PSYoungGen: 171520K(171520K)->1024K(172032K) Eden: 170496K(170496K)->0K(170496K) From: 1024K(1024K)->1024K(1536K)
[68.784s][info][gc,heap        ] GC(612) ParOldGen: 7150K(349696K)->7222K(349696K)
[68.784s][info][gc,metaspace   ] GC(612) Metaspace: 14364K(15232K)->14364K(15232K) NonClass: 12383K(12864K)->12383K(12864K) Class: 1981K(2368K)->1981K(2368K)
[68.784s][info][gc             ] GC(612) Pause Young (Allocation Failure) 174M->8M(509M) 1.863ms
[68.784s][info][gc,cpu         ] GC(612) User=0.00s Sys=0.00s Real=0.00s
[68.903s][info][gc,start       ] GC(613) Pause Young (Allocation Failure)
[68.905s][info][gc,heap        ] GC(613) PSYoungGen: 171520K(172032K)->1024K(173056K) Eden: 170496K(170496K)->0K(171520K) From: 1024K(1536K)->1024K(1536K)
[68.905s][info][gc,heap        ] GC(613) ParOldGen: 7222K(349696K)->7286K(349696K)
[68.905s][info][gc,metaspace   ] GC(613) Metaspace: 14364K(15232K)->14364K(15232K) NonClass: 12383K(12864K)->12383K(12864K) Class: 1981K(2368K)->1981K(2368K)
[68.905s][info][gc             ] GC(613) Pause Young (Allocation Failure) 174M->8M(510M) 1.858ms
[68.905s][info][gc,cpu         ] GC(613) User=0.00s Sys=0.00s Real=0.00s
[69.027s][info][gc,start       ] GC(614) Pause Young (Allocation Failure)
[69.029s][info][gc,heap        ] GC(614) PSYoungGen: 172544K(173056K)->1024K(173056K) Eden: 171520K(171520K)->0K(171520K) From: 1024K(1536K)->1024K(1536K)
[69.029s][info][gc,heap        ] GC(614) ParOldGen: 7286K(349696K)->7334K(349696K)
[69.029s][info][gc,metaspace   ] GC(614) Metaspace: 14364K(15232K)->14364K(15232K) NonClass: 12383K(12864K)->12383K(12864K) Class: 1981K(2368K)->1981K(2368K)
[69.029s][info][gc             ] GC(614) Pause Young (Allocation Failure) 175M->8M(510M) 1.863ms
[69.029s][info][gc,cpu         ] GC(614) User=0.00s Sys=0.00s Real=0.00s
[69.153s][info][gc,start       ] GC(615) Pause Young (Allocation Failure)
[69.155s][info][gc,heap        ] GC(615) PSYoungGen: 172544K(173056K)->1024K(173056K) Eden: 171520K(171520K)->0K(171520K) From: 1024K(1536K)->1024K(1536K)
[69.155s][info][gc,heap        ] GC(615) ParOldGen: 7334K(349696K)->7390K(349696K)
[69.155s][info][gc,metaspace   ] GC(615) Metaspace: 14364K(15232K)->14364K(15232K) NonClass: 12383K(12864K)->12383K(12864K) Class: 1981K(2368K)->1981K(2368K)
[69.155s][info][gc             ] GC(615) Pause Young (Allocation Failure) 175M->8M(510M) 1.896ms
[69.155s][info][gc,cpu         ] GC(615) User=0.00s Sys=0.00s Real=0.00s
[69.277s][info][gc,start       ] GC(616) Pause Young (Allocation Failure)
[69.279s][info][gc,heap        ] GC(616) PSYoungGen: 172544K(173056K)->1024K(173056K) Eden: 171520K(171520K)->0K(171520K) From: 1024K(1536K)->1024K(1536K)
[69.279s][info][gc,heap        ] GC(616) ParOldGen: 7390K(349696K)->7454K(349696K)
[69.279s][info][gc,metaspace   ] GC(616) Metaspace: 14364K(15232K)->14364K(15232K) NonClass: 12383K(12864K)->12383K(12864K) Class: 1981K(2368K)->1981K(2368K)
[69.279s][info][gc             ] GC(616) Pause Young (Allocation Failure) 175M->8M(510M) 1.938ms
[69.279s][info][gc,cpu         ] GC(616) User=0.00s Sys=0.00s Real=0.00s
[69.401s][info][gc,start       ] GC(617) Pause Young (Allocation Failure)
[69.403s][info][gc,heap        ] GC(617) PSYoungGen: 172544K(173056K)->1024K(173056K) Eden: 171520K(171520K)->0K(171520K) From: 1024K(1536K)->1024K(1536K)
[69.403s][info][gc,heap        ] GC(617) ParOldGen: 7454K(349696K)->7510K(349696K)
[69.403s][info][gc,metaspace   ] GC(617) Metaspace: 14364K(15232K)->14364K(15232K) NonClass: 12383K(12864K)->12383K(12864K) Class: 1981K(2368K)->1981K(2368K)
[69.403s][info][gc             ] GC(617) Pause Young (Allocation Failure) 175M->8M(510M) 1.978ms
[69.403s][info][gc,cpu         ] GC(617) User=0.00s Sys=0.00s Real=0.00s
[69.523s][info][gc,start       ] GC(618) Pause Young (Allocation Failure)
[69.525s][info][gc,heap        ] GC(618) PSYoungGen: 172544K(173056K)->1024K(173056K) Eden: 171520K(171520K)->0K(171520K) From: 1024K(1536K)->1024K(1536K)
[69.525s][info][gc,heap        ] GC(618) ParOldGen: 7510K(349696K)->7550K(349696K)
[69.525s][info][gc,metaspace   ] GC(618) Metaspace: 14364K(15232K)->14364K(15232K) NonClass: 12383K(12864K)->12383K(12864K) Class: 1981K(2368K)->1981K(2368K)
[69.525s][info][gc             ] GC(618) Pause Young (Allocation Failure) 175M->8M(510M) 2.013ms
[69.525s][info][gc,cpu         ] GC(618) User=0.00s Sys=0.00s Real=0.00s
[69.648s][info][gc,start       ] GC(619) Pause Young (Allocation Failure)
[69.649s][info][gc,heap        ] GC(619) PSYoungGen: 172544K(173056K)->1024K(173056K) Eden: 171520K(171520K)->0K(171520K) From: 1024K(1536K)->1024K(1536K)
[69.650s][info][gc,heap        ] GC(619) ParOldGen: 7550K(349696K)->7590K(349696K)
[69.650s][info][gc,metaspace   ] GC(619) Metaspace: 14364K(15232K)->14364K(15232K) NonClass: 12383K(12864K)->12383K(12864K) Class: 1981K(2368K)->1981K(2368K)
[69.650s][info][gc             ] GC(619) Pause Young (Allocation Failure) 175M->8M(510M) 1.985ms
[69.650s][info][gc,cpu         ] GC(619) User=0.00s Sys=0.00s Real=0.00s
[69.772s][info][gc,start       ] GC(620) Pause Young (Allocation Failure)
[69.774s][info][gc,heap        ] GC(620) PSYoungGen: 172544K(173056K)->1024K(173056K) Eden: 171520K(171520K)->0K(171520K) From: 1024K(1536K)->1024K(1536K)
[69.774s][info][gc,heap        ] GC(620) ParOldGen: 7590K(349696K)->7662K(349696K)
[69.774s][info][gc,metaspace   ] GC(620) Metaspace: 14364K(15232K)->14364K(15232K) NonClass: 12383K(12864K)->12383K(12864K) Class: 1981K(2368K)->1981K(2368K)
[69.774s][info][gc             ] GC(620) Pause Young (Allocation Failure) 175M->8M(510M) 2.014ms
[69.774s][info][gc,cpu         ] GC(620) User=0.00s Sys=0.00s Real=0.00s
[69.896s][info][gc,start       ] GC(621) Pause Young (Allocation Failure)
[69.898s][info][gc,heap        ] GC(621) PSYoungGen: 172544K(173056K)->1024K(173056K) Eden: 171520K(171520K)->0K(171520K) From: 1024K(1536K)->1024K(1536K)
[69.898s][info][gc,heap        ] GC(621) ParOldGen: 7662K(349696K)->7726K(349696K)
[69.898s][info][gc,metaspace   ] GC(621) Metaspace: 14364K(15232K)->14364K(15232K) NonClass: 12383K(12864K)->12383K(12864K) Class: 1981K(2368K)->1981K(2368K)
[69.898s][info][gc             ] GC(621) Pause Young (Allocation Failure) 175M->8M(510M) 2.055ms
[69.898s][info][gc,cpu         ] GC(621) User=0.00s Sys=0.00s Real=0.00s
[70.021s][info][gc,start       ] GC(622) Pause Young (Allocation Failure)
[70.023s][info][gc,heap        ] GC(622) PSYoungGen: 172544K(173056K)->1024K(173056K) Eden: 171520K(171520K)->0K(171520K) From: 1024K(1536K)->1024K(1536K)
[70.023s][info][gc,heap        ] GC(622) ParOldGen: 7726K(349696K)->7790K(349696K)
[70.023s][info][gc,metaspace   ] GC(622) Metaspace: 14364K(15232K)->14364K(15232K) NonClass: 12383K(12864K)->12383K(12864K) Class: 1981K(2368K)->1981K(2368K)
[70.023s][info][gc             ] GC(622) Pause Young (Allocation Failure) 176M->8M(510M) 2.081ms
[70.023s][info][gc,cpu         ] GC(622) User=0.00s Sys=0.00s Real=0.00s
[70.146s][info][gc,start       ] GC(623) Pause Young (Allocation Failure)
[70.148s][info][gc,heap        ] GC(623) PSYoungGen: 172544K(173056K)->1024K(173056K) Eden: 171520K(171520K)->0K(171520K) From: 1024K(1536K)->1024K(1536K)
[70.148s][info][gc,heap        ] GC(623) ParOldGen: 7790K(349696K)->7854K(349696K)
[70.148s][info][gc,metaspace   ] GC(623) Metaspace: 14364K(15232K)->14364K(15232K) NonClass: 12383K(12864K)->12383K(12864K) Class: 1981K(2368K)->1981K(2368K)
[70.148s][info][gc             ] GC(623) Pause Young (Allocation Failure) 176M->8M(510M) 2.084ms
[70.148s][info][gc,cpu         ] GC(623) User=0.00s Sys=0.00s Real=0.00s
[70.269s][info][gc,start       ] GC(624) Pause Young (Allocation Failure)
[70.271s][info][gc,heap        ] GC(624) PSYoungGen: 172544K(173056K)->1024K(173056K) Eden: 171520K(171520K)->0K(171520K) From: 1024K(1536K)->1024K(1536K)
[70.271s][info][gc,heap        ] GC(624) ParOldGen: 7854K(349696K)->7926K(349696K)
[70.271s][info][gc,metaspace   ] GC(624) Metaspace: 14364K(15232K)->14364K(15232K) NonClass: 12383K(12864K)->12383K(12864K) Class: 1981K(2368K)->1981K(2368K)
[70.271s][info][gc             ] GC(624) Pause Young (Allocation Failure) 176M->8M(510M) 2.109ms
[70.271s][info][gc,cpu         ] GC(624) User=0.52s Sys=0.00s Real=0.00s
[70.395s][info][gc,start       ] GC(625) Pause Young (Allocation Failure)
[70.397s][info][gc,heap        ] GC(625) PSYoungGen: 172544K(173056K)->1024K(173056K) Eden: 171520K(171520K)->0K(171520K) From: 1024K(1536K)->1024K(1536K)
[70.397s][info][gc,heap        ] GC(625) ParOldGen: 7926K(349696K)->7990K(349696K)
[70.397s][info][gc,metaspace   ] GC(625) Metaspace: 14364K(15232K)->14364K(15232K) NonClass: 12383K(12864K)->12383K(12864K) Class: 1981K(2368K)->1981K(2368K)
[70.397s][info][gc             ] GC(625) Pause Young (Allocation Failure) 176M->8M(510M) 2.155ms
[70.397s][info][gc,cpu         ] GC(625) User=0.00s Sys=0.00s Real=0.00s
[70.519s][info][gc,start       ] GC(626) Pause Young (Allocation Failure)
[70.522s][info][gc,heap        ] GC(626) PSYoungGen: 172544K(173056K)->1024K(173056K) Eden: 171520K(171520K)->0K(171520K) From: 1024K(1536K)->1024K(1536K)
[70.553s][info][gc,heap        ] GC(626) ParOldGen: 7990K(349696K)->8062K(349696K)
[70.553s][info][gc,metaspace   ] GC(626) Metaspace: 14364K(15232K)->14364K(15232K) NonClass: 12383K(12864K)->12383K(12864K) Class: 1981K(2368K)->1981K(2368K)
[70.553s][info][gc             ] GC(626) Pause Young (Allocation Failure) 176M->8M(510M) 33.913ms
[70.553s][info][gc,cpu         ] GC(626) User=0.06s Sys=0.05s Real=0.03s
[70.685s][info][gc,start       ] GC(627) Pause Young (Allocation Failure)
[70.688s][info][gc,heap        ] GC(627) PSYoungGen: 172544K(173056K)->1024K(173056K) Eden: 171520K(171520K)->0K(171520K) From: 1024K(1536K)->1024K(1536K)
[70.688s][info][gc,heap        ] GC(627) ParOldGen: 8062K(349696K)->8126K(349696K)
[70.688s][info][gc,metaspace   ] GC(627) Metaspace: 14364K(15232K)->14364K(15232K) NonClass: 12383K(12864K)->12383K(12864K) Class: 1981K(2368K)->1981K(2368K)
[70.688s][info][gc             ] GC(627) Pause Young (Allocation Failure) 176M->8M(510M) 2.192ms
[70.688s][info][gc,cpu         ] GC(627) User=0.00s Sys=0.00s Real=0.00s
[70.861s][info][gc,start       ] GC(628) Pause Young (Allocation Failure)
[70.864s][info][gc,heap        ] GC(628) PSYoungGen: 172544K(173056K)->1024K(173056K) Eden: 171520K(171520K)->0K(171520K) From: 1024K(1536K)->1024K(1536K)
[70.864s][info][gc,heap        ] GC(628) ParOldGen: 8126K(349696K)->8182K(349696K)
[70.864s][info][gc,metaspace   ] GC(628) Metaspace: 14364K(15232K)->14364K(15232K) NonClass: 12383K(12864K)->12383K(12864K) Class: 1981K(2368K)->1981K(2368K)
[70.864s][info][gc             ] GC(628) Pause Young (Allocation Failure) 176M->8M(510M) 2.963ms
[70.864s][info][gc,cpu         ] GC(628) User=0.52s Sys=0.00s Real=0.00s
[70.996s][info][gc,start       ] GC(629) Pause Young (Allocation Failure)
[70.998s][info][gc,heap        ] GC(629) PSYoungGen: 172544K(173056K)->1024K(173056K) Eden: 171520K(171520K)->0K(171520K) From: 1024K(1536K)->1024K(1536K)
[70.998s][info][gc,heap        ] GC(629) ParOldGen: 8182K(349696K)->8254K(349696K)
[70.998s][info][gc,metaspace   ] GC(629) Metaspace: 14364K(15232K)->14364K(15232K) NonClass: 12383K(12864K)->12383K(12864K) Class: 1981K(2368K)->1981K(2368K)
[70.998s][info][gc             ] GC(629) Pause Young (Allocation Failure) 176M->9M(510M) 2.273ms
[70.998s][info][gc,cpu         ] GC(629) User=0.00s Sys=0.00s Real=0.00s
[71.124s][info][gc,start       ] GC(630) Pause Young (Allocation Failure)
[71.126s][info][gc,heap        ] GC(630) PSYoungGen: 172544K(173056K)->1024K(173056K) Eden: 171520K(171520K)->0K(171520K) From: 1024K(1536K)->1024K(1536K)
[71.126s][info][gc,heap        ] GC(630) ParOldGen: 8254K(349696K)->8318K(349696K)
[71.126s][info][gc,metaspace   ] GC(630) Metaspace: 14364K(15232K)->14364K(15232K) NonClass: 12383K(12864K)->12383K(12864K) Class: 1981K(2368K)->1981K(2368K)
[71.126s][info][gc             ] GC(630) Pause Young (Allocation Failure) 176M->9M(510M) 2.031ms
[71.126s][info][gc,cpu         ] GC(630) User=0.00s Sys=0.00s Real=0.00s
[71.252s][info][gc,start       ] GC(631) Pause Young (Allocation Failure)
[71.253s][info][gc,heap        ] GC(631) PSYoungGen: 172544K(173056K)->1024K(173056K) Eden: 171520K(171520K)->0K(171520K) From: 1024K(1536K)->1024K(1536K)
[71.253s][info][gc,heap        ] GC(631) ParOldGen: 8318K(349696K)->8374K(349696K)
[71.254s][info][gc,metaspace   ] GC(631) Metaspace: 14364K(15232K)->14364K(15232K) NonClass: 12383K(12864K)->12383K(12864K) Class: 1981K(2368K)->1981K(2368K)
[71.254s][info][gc             ] GC(631) Pause Young (Allocation Failure) 176M->9M(510M) 1.909ms
[71.254s][info][gc,cpu         ] GC(631) User=0.00s Sys=0.00s Real=0.00s
[71.384s][info][gc,start       ] GC(632) Pause Young (Allocation Failure)
[71.386s][info][gc,heap        ] GC(632) PSYoungGen: 172544K(173056K)->1024K(173056K) Eden: 171520K(171520K)->0K(171520K) From: 1024K(1536K)->1024K(1536K)
[71.386s][info][gc,heap        ] GC(632) ParOldGen: 8374K(349696K)->8422K(349696K)
[71.386s][info][gc,metaspace   ] GC(632) Metaspace: 14364K(15232K)->14364K(15232K) NonClass: 12383K(12864K)->12383K(12864K) Class: 1981K(2368K)->1981K(2368K)
[71.386s][info][gc             ] GC(632) Pause Young (Allocation Failure) 176M->9M(510M) 1.881ms
[71.386s][info][gc,cpu         ] GC(632) User=0.00s Sys=0.00s Real=0.00s
[71.516s][info][gc,start       ] GC(633) Pause Young (Allocation Failure)
[71.518s][info][gc,heap        ] GC(633) PSYoungGen: 172544K(173056K)->1024K(173056K) Eden: 171520K(171520K)->0K(171520K) From: 1024K(1536K)->1024K(1536K)
[71.518s][info][gc,heap        ] GC(633) ParOldGen: 8422K(349696K)->8486K(349696K)
[71.518s][info][gc,metaspace   ] GC(633) Metaspace: 14364K(15232K)->14364K(15232K) NonClass: 12383K(12864K)->12383K(12864K) Class: 1981K(2368K)->1981K(2368K)
[71.518s][info][gc             ] GC(633) Pause Young (Allocation Failure) 176M->9M(510M) 1.793ms
[71.518s][info][gc,cpu         ] GC(633) User=0.00s Sys=0.00s Real=0.00s
[71.641s][info][gc,start       ] GC(634) Pause Young (Allocation Failure)
[71.643s][info][gc,heap        ] GC(634) PSYoungGen: 172544K(173056K)->1024K(173056K) Eden: 171520K(171520K)->0K(171520K) From: 1024K(1536K)->1024K(1536K)
[71.643s][info][gc,heap        ] GC(634) ParOldGen: 8486K(349696K)->8550K(349696K)
[71.643s][info][gc,metaspace   ] GC(634) Metaspace: 14364K(15232K)->14364K(15232K) NonClass: 12383K(12864K)->12383K(12864K) Class: 1981K(2368K)->1981K(2368K)
[71.643s][info][gc             ] GC(634) Pause Young (Allocation Failure) 176M->9M(510M) 1.682ms
[71.643s][info][gc,cpu         ] GC(634) User=0.00s Sys=0.00s Real=0.00s
[71.766s][info][gc,start       ] GC(635) Pause Young (Allocation Failure)
[71.768s][info][gc,heap        ] GC(635) PSYoungGen: 172544K(173056K)->1024K(173056K) Eden: 171520K(171520K)->0K(171520K) From: 1024K(1536K)->1024K(1536K)
[71.768s][info][gc,heap        ] GC(635) ParOldGen: 8550K(349696K)->8622K(349696K)
[71.768s][info][gc,metaspace   ] GC(635) Metaspace: 14364K(15232K)->14364K(15232K) NonClass: 12383K(12864K)->12383K(12864K) Class: 1981K(2368K)->1981K(2368K)
[71.768s][info][gc             ] GC(635) Pause Young (Allocation Failure) 176M->9M(510M) 1.729ms
[71.768s][info][gc,cpu         ] GC(635) User=0.00s Sys=0.00s Real=0.00s
[71.889s][info][gc,start       ] GC(636) Pause Young (Allocation Failure)
[71.891s][info][gc,heap        ] GC(636) PSYoungGen: 172544K(173056K)->1024K(173056K) Eden: 171520K(171520K)->0K(171520K) From: 1024K(1536K)->1024K(1536K)
[71.891s][info][gc,heap        ] GC(636) ParOldGen: 8622K(349696K)->8686K(349696K)
[71.891s][info][gc,metaspace   ] GC(636) Metaspace: 14364K(15232K)->14364K(15232K) NonClass: 12383K(12864K)->12383K(12864K) Class: 1981K(2368K)->1981K(2368K)
[71.891s][info][gc             ] GC(636) Pause Young (Allocation Failure) 176M->9M(510M) 1.726ms
[71.891s][info][gc,cpu         ] GC(636) User=0.00s Sys=0.00s Real=0.00s
[72.016s][info][gc,start       ] GC(637) Pause Young (Allocation Failure)
[72.018s][info][gc,heap        ] GC(637) PSYoungGen: 172544K(173056K)->1024K(173056K) Eden: 171520K(171520K)->0K(171520K) From: 1024K(1536K)->1024K(1536K)
[72.018s][info][gc,heap        ] GC(637) ParOldGen: 8686K(349696K)->8750K(349696K)
[72.018s][info][gc,metaspace   ] GC(637) Metaspace: 14364K(15232K)->14364K(15232K) NonClass: 12383K(12864K)->12383K(12864K) Class: 1981K(2368K)->1981K(2368K)
[72.018s][info][gc             ] GC(637) Pause Young (Allocation Failure) 176M->9M(510M) 1.736ms
[72.018s][info][gc,cpu         ] GC(637) User=0.00s Sys=0.00s Real=0.00s
[72.140s][info][gc,start       ] GC(638) Pause Young (Allocation Failure)
[72.142s][info][gc,heap        ] GC(638) PSYoungGen: 172544K(173056K)->1024K(173056K) Eden: 171520K(171520K)->0K(171520K) From: 1024K(1536K)->1024K(1536K)
[72.142s][info][gc,heap        ] GC(638) ParOldGen: 8750K(349696K)->8846K(349696K)
[72.142s][info][gc,metaspace   ] GC(638) Metaspace: 14364K(15232K)->14364K(15232K) NonClass: 12383K(12864K)->12383K(12864K) Class: 1981K(2368K)->1981K(2368K)
[72.142s][info][gc             ] GC(638) Pause Young (Allocation Failure) 177M->9M(510M) 1.829ms
[72.142s][info][gc,cpu         ] GC(638) User=0.00s Sys=0.00s Real=0.00s
[72.266s][info][gc,start       ] GC(639) Pause Young (Allocation Failure)
[72.268s][info][gc,heap        ] GC(639) PSYoungGen: 172544K(173056K)->992K(173056K) Eden: 171520K(171520K)->0K(171520K) From: 1024K(1536K)->992K(1536K)
[72.268s][info][gc,heap        ] GC(639) ParOldGen: 8846K(349696K)->8902K(349696K)
[72.268s][info][gc,metaspace   ] GC(639) Metaspace: 14364K(15232K)->14364K(15232K) NonClass: 12383K(12864K)->12383K(12864K) Class: 1981K(2368K)->1981K(2368K)
[72.268s][info][gc             ] GC(639) Pause Young (Allocation Failure) 177M->9M(510M) 1.802ms
[72.268s][info][gc,cpu         ] GC(639) User=0.00s Sys=0.00s Real=0.00s
[72.391s][info][gc,start       ] GC(640) Pause Young (Allocation Failure)
[72.393s][info][gc,heap        ] GC(640) PSYoungGen: 172512K(173056K)->992K(173056K) Eden: 171520K(171520K)->0K(171520K) From: 992K(1536K)->992K(1536K)
[72.393s][info][gc,heap        ] GC(640) ParOldGen: 8902K(349696K)->8990K(349696K)
[72.393s][info][gc,metaspace   ] GC(640) Metaspace: 14364K(15232K)->14364K(15232K) NonClass: 12383K(12864K)->12383K(12864K) Class: 1981K(2368K)->1981K(2368K)
[72.393s][info][gc             ] GC(640) Pause Young (Allocation Failure) 177M->9M(510M) 1.840ms
[72.393s][info][gc,cpu         ] GC(640) User=0.00s Sys=0.00s Real=0.00s
[72.516s][info][gc,start       ] GC(641) Pause Young (Allocation Failure)
[72.518s][info][gc,heap        ] GC(641) PSYoungGen: 172512K(173056K)->1024K(173056K) Eden: 171520K(171520K)->0K(171520K) From: 992K(1536K)->1024K(1536K)
[72.518s][info][gc,heap        ] GC(641) ParOldGen: 8990K(349696K)->9046K(349696K)
[72.518s][info][gc,metaspace   ] GC(641) Metaspace: 14364K(15232K)->14364K(15232K) NonClass: 12383K(12864K)->12383K(12864K) Class: 1981K(2368K)->1981K(2368K)
[72.518s][info][gc             ] GC(641) Pause Young (Allocation Failure) 177M->9M(510M) 1.983ms
[72.518s][info][gc,cpu         ] GC(641) User=0.00s Sys=0.00s Real=0.00s
[72.641s][info][gc,start       ] GC(642) Pause Young (Allocation Failure)
[72.643s][info][gc,heap        ] GC(642) PSYoungGen: 172544K(173056K)->1024K(173056K) Eden: 171520K(171520K)->0K(171520K) From: 1024K(1536K)->1024K(1536K)
[72.643s][info][gc,heap        ] GC(642) ParOldGen: 9046K(349696K)->9110K(349696K)
[72.643s][info][gc,metaspace   ] GC(642) Metaspace: 14364K(15232K)->14364K(15232K) NonClass: 12383K(12864K)->12383K(12864K) Class: 1981K(2368K)->1981K(2368K)
[72.643s][info][gc             ] GC(642) Pause Young (Allocation Failure) 177M->9M(510M) 1.899ms
[72.643s][info][gc,cpu         ] GC(642) User=0.00s Sys=0.00s Real=0.00s
[72.765s][info][gc,start       ] GC(643) Pause Young (Allocation Failure)
[72.767s][info][gc,heap        ] GC(643) PSYoungGen: 172544K(173056K)->992K(173056K) Eden: 171520K(171520K)->0K(171520K) From: 1024K(1536K)->992K(1536K)
[72.767s][info][gc,heap        ] GC(643) ParOldGen: 9110K(349696K)->9190K(349696K)
[72.767s][info][gc,metaspace   ] GC(643) Metaspace: 14364K(15232K)->14364K(15232K) NonClass: 12383K(12864K)->12383K(12864K) Class: 1981K(2368K)->1981K(2368K)
[72.767s][info][gc             ] GC(643) Pause Young (Allocation Failure) 177M->9M(510M) 1.913ms
[72.767s][info][gc,cpu         ] GC(643) User=0.00s Sys=0.00s Real=0.00s
[72.889s][info][gc,start       ] GC(644) Pause Young (Allocation Failure)
[72.891s][info][gc,heap        ] GC(644) PSYoungGen: 172512K(173056K)->1024K(173056K) Eden: 171520K(171520K)->0K(171520K) From: 992K(1536K)->1024K(1536K)
[72.891s][info][gc,heap        ] GC(644) ParOldGen: 9190K(349696K)->9246K(349696K)
[72.891s][info][gc,metaspace   ] GC(644) Metaspace: 14364K(15232K)->14364K(15232K) NonClass: 12383K(12864K)->12383K(12864K) Class: 1981K(2368K)->1981K(2368K)
[72.891s][info][gc             ] GC(644) Pause Young (Allocation Failure) 177M->10M(510M) 1.948ms
[72.891s][info][gc,cpu         ] GC(644) User=0.00s Sys=0.00s Real=0.00s
[73.011s][info][gc,start       ] GC(645) Pause Young (Allocation Failure)
[73.013s][info][gc,heap        ] GC(645) PSYoungGen: 172544K(173056K)->1024K(173056K) Eden: 171520K(171520K)->0K(171520K) From: 1024K(1536K)->1024K(1536K)
[73.013s][info][gc,heap        ] GC(645) ParOldGen: 9246K(349696K)->9318K(349696K)
[73.013s][info][gc,metaspace   ] GC(645) Metaspace: 14364K(15232K)->14364K(15232K) NonClass: 12383K(12864K)->12383K(12864K) Class: 1981K(2368K)->1981K(2368K)
[73.013s][info][gc             ] GC(645) Pause Young (Allocation Failure) 177M->10M(510M) 2.010ms
[73.013s][info][gc,cpu         ] GC(645) User=0.00s Sys=0.00s Real=0.00s
[73.137s][info][gc,start       ] GC(646) Pause Young (Allocation Failure)
[73.139s][info][gc,heap        ] GC(646) PSYoungGen: 172544K(173056K)->992K(173056K) Eden: 171520K(171520K)->0K(171520K) From: 1024K(1536K)->992K(1536K)
[73.139s][info][gc,heap        ] GC(646) ParOldGen: 9318K(349696K)->9366K(349696K)
[73.139s][info][gc,metaspace   ] GC(646) Metaspace: 14364K(15232K)->14364K(15232K) NonClass: 12383K(12864K)->12383K(12864K) Class: 1981K(2368K)->1981K(2368K)
[73.139s][info][gc             ] GC(646) Pause Young (Allocation Failure) 177M->10M(510M) 1.995ms
[73.139s][info][gc,cpu         ] GC(646) User=0.00s Sys=0.00s Real=0.00s
[73.261s][info][gc,start       ] GC(647) Pause Young (Allocation Failure)
[73.263s][info][gc,heap        ] GC(647) PSYoungGen: 172512K(173056K)->992K(173056K) Eden: 171520K(171520K)->0K(171520K) From: 992K(1536K)->992K(1536K)
[73.263s][info][gc,heap        ] GC(647) ParOldGen: 9366K(349696K)->9414K(349696K)
[73.263s][info][gc,metaspace   ] GC(647) Metaspace: 14364K(15232K)->14364K(15232K) NonClass: 12383K(12864K)->12383K(12864K) Class: 1981K(2368K)->1981K(2368K)
[73.263s][info][gc             ] GC(647) Pause Young (Allocation Failure) 177M->10M(510M) 2.021ms
[73.263s][info][gc,cpu         ] GC(647) User=0.00s Sys=0.00s Real=0.00s
[73.387s][info][gc,start       ] GC(648) Pause Young (Allocation Failure)
[73.389s][info][gc,heap        ] GC(648) PSYoungGen: 172512K(173056K)->1024K(173056K) Eden: 171520K(171520K)->0K(171520K) From: 992K(1536K)->1024K(1536K)
[73.389s][info][gc,heap        ] GC(648) ParOldGen: 9414K(349696K)->9470K(349696K)
[73.389s][info][gc,metaspace   ] GC(648) Metaspace: 14364K(15232K)->14364K(15232K) NonClass: 12383K(12864K)->12383K(12864K) Class: 1981K(2368K)->1981K(2368K)
[73.389s][info][gc             ] GC(648) Pause Young (Allocation Failure) 177M->10M(510M) 2.050ms
[73.389s][info][gc,cpu         ] GC(648) User=0.00s Sys=0.00s Real=0.00s
[73.512s][info][gc,start       ] GC(649) Pause Young (Allocation Failure)
[73.514s][info][gc,heap        ] GC(649) PSYoungGen: 172544K(173056K)->1024K(173056K) Eden: 171520K(171520K)->0K(171520K) From: 1024K(1536K)->1024K(1536K)
[73.514s][info][gc,heap        ] GC(649) ParOldGen: 9470K(349696K)->9534K(349696K)
[73.514s][info][gc,metaspace   ] GC(649) Metaspace: 14364K(15232K)->14364K(15232K) NonClass: 12383K(12864K)->12383K(12864K) Class: 1981K(2368K)->1981K(2368K)
[73.514s][info][gc             ] GC(649) Pause Young (Allocation Failure) 177M->10M(510M) 2.014ms
[73.514s][info][gc,cpu         ] GC(649) User=0.00s Sys=0.00s Real=0.00s
[73.634s][info][gc,start       ] GC(650) Pause Young (Allocation Failure)
[73.636s][info][gc,heap        ] GC(650) PSYoungGen: 172544K(173056K)->1024K(173056K) Eden: 171520K(171520K)->0K(171520K) From: 1024K(1536K)->1024K(1536K)
[73.636s][info][gc,heap        ] GC(650) ParOldGen: 9534K(349696K)->9590K(349696K)
[73.636s][info][gc,metaspace   ] GC(650) Metaspace: 14364K(15232K)->14364K(15232K) NonClass: 12383K(12864K)->12383K(12864K) Class: 1981K(2368K)->1981K(2368K)
[73.636s][info][gc             ] GC(650) Pause Young (Allocation Failure) 177M->10M(510M) 2.122ms
[73.636s][info][gc,cpu         ] GC(650) User=0.00s Sys=0.00s Real=0.00s
[73.757s][info][gc,start       ] GC(651) Pause Young (Allocation Failure)
[73.759s][info][gc,heap        ] GC(651) PSYoungGen: 172544K(173056K)->1024K(173056K) Eden: 171520K(171520K)->0K(171520K) From: 1024K(1536K)->1024K(1536K)
[73.759s][info][gc,heap        ] GC(651) ParOldGen: 9590K(349696K)->9646K(349696K)
[73.759s][info][gc,metaspace   ] GC(651) Metaspace: 14364K(15232K)->14364K(15232K) NonClass: 12383K(12864K)->12383K(12864K) Class: 1981K(2368K)->1981K(2368K)
[73.759s][info][gc             ] GC(651) Pause Young (Allocation Failure) 177M->10M(510M) 2.102ms
[73.759s][info][gc,cpu         ] GC(651) User=0.00s Sys=0.00s Real=0.00s
[73.881s][info][gc,start       ] GC(652) Pause Young (Allocation Failure)
[73.883s][info][gc,heap        ] GC(652) PSYoungGen: 172544K(173056K)->1024K(173056K) Eden: 171520K(171520K)->0K(171520K) From: 1024K(1536K)->1024K(1536K)
[73.883s][info][gc,heap        ] GC(652) ParOldGen: 9646K(349696K)->9702K(349696K)
[73.883s][info][gc,metaspace   ] GC(652) Metaspace: 14364K(15232K)->14364K(15232K) NonClass: 12383K(12864K)->12383K(12864K) Class: 1981K(2368K)->1981K(2368K)
[73.883s][info][gc             ] GC(652) Pause Young (Allocation Failure) 177M->10M(510M) 2.149ms
[73.883s][info][gc,cpu         ] GC(652) User=0.00s Sys=0.00s Real=0.00s
[74.007s][info][gc,start       ] GC(653) Pause Young (Allocation Failure)
[74.009s][info][gc,heap        ] GC(653) PSYoungGen: 172544K(173056K)->1024K(173056K) Eden: 171520K(171520K)->0K(171520K) From: 1024K(1536K)->1024K(1536K)
[74.009s][info][gc,heap        ] GC(653) ParOldGen: 9702K(349696K)->9742K(349696K)
[74.009s][info][gc,metaspace   ] GC(653) Metaspace: 14364K(15232K)->14364K(15232K) NonClass: 12383K(12864K)->12383K(12864K) Class: 1981K(2368K)->1981K(2368K)
[74.009s][info][gc             ] GC(653) Pause Young (Allocation Failure) 177M->10M(510M) 2.176ms
[74.009s][info][gc,cpu         ] GC(653) User=0.00s Sys=0.00s Real=0.00s
[74.130s][info][gc,start       ] GC(654) Pause Young (Allocation Failure)
[74.132s][info][gc,heap        ] GC(654) PSYoungGen: 172544K(173056K)->1024K(173056K) Eden: 171520K(171520K)->0K(171520K) From: 1024K(1536K)->1024K(1536K)
[74.132s][info][gc,heap        ] GC(654) ParOldGen: 9742K(349696K)->9806K(349696K)
[74.132s][info][gc,metaspace   ] GC(654) Metaspace: 14364K(15232K)->14364K(15232K) NonClass: 12383K(12864K)->12383K(12864K) Class: 1981K(2368K)->1981K(2368K)
[74.132s][info][gc             ] GC(654) Pause Young (Allocation Failure) 178M->10M(510M) 2.153ms
[74.132s][info][gc,cpu         ] GC(654) User=0.00s Sys=0.00s Real=0.00s
[74.254s][info][gc,start       ] GC(655) Pause Young (Allocation Failure)
[74.256s][info][gc,heap        ] GC(655) PSYoungGen: 172544K(173056K)->992K(173056K) Eden: 171520K(171520K)->0K(171520K) From: 1024K(1536K)->992K(1536K)
[74.256s][info][gc,heap        ] GC(655) ParOldGen: 9806K(349696K)->9862K(349696K)
[74.256s][info][gc,metaspace   ] GC(655) Metaspace: 14364K(15232K)->14364K(15232K) NonClass: 12383K(12864K)->12383K(12864K) Class: 1981K(2368K)->1981K(2368K)
[74.256s][info][gc             ] GC(655) Pause Young (Allocation Failure) 178M->10M(510M) 2.200ms
[74.257s][info][gc,cpu         ] GC(655) User=0.00s Sys=0.00s Real=0.00s
[74.378s][info][gc,start       ] GC(656) Pause Young (Allocation Failure)
[74.380s][info][gc,heap        ] GC(656) PSYoungGen: 172512K(173056K)->992K(173056K) Eden: 171520K(171520K)->0K(171520K) From: 992K(1536K)->992K(1536K)
[74.380s][info][gc,heap        ] GC(656) ParOldGen: 9862K(349696K)->9926K(349696K)
[74.380s][info][gc,metaspace   ] GC(656) Metaspace: 14364K(15232K)->14364K(15232K) NonClass: 12383K(12864K)->12383K(12864K) Class: 1981K(2368K)->1981K(2368K)
[74.380s][info][gc             ] GC(656) Pause Young (Allocation Failure) 178M->10M(510M) 2.227ms
[74.380s][info][gc,cpu         ] GC(656) User=0.52s Sys=0.00s Real=0.00s
[74.505s][info][gc,start       ] GC(657) Pause Young (Allocation Failure)
[74.507s][info][gc,heap        ] GC(657) PSYoungGen: 172512K(173056K)->992K(173056K) Eden: 171520K(171520K)->0K(171520K) From: 992K(1536K)->992K(1536K)
[74.507s][info][gc,heap        ] GC(657) ParOldGen: 9926K(349696K)->9998K(349696K)
[74.507s][info][gc,metaspace   ] GC(657) Metaspace: 14364K(15232K)->14364K(15232K) NonClass: 12383K(12864K)->12383K(12864K) Class: 1981K(2368K)->1981K(2368K)
[74.507s][info][gc             ] GC(657) Pause Young (Allocation Failure) 178M->10M(510M) 2.241ms
[74.507s][info][gc,cpu         ] GC(657) User=0.00s Sys=0.00s Real=0.00s
[74.707s][info][gc,start       ] GC(658) Pause Young (Allocation Failure)
[74.736s][info][gc,heap        ] GC(658) PSYoungGen: 172512K(173056K)->1024K(173056K) Eden: 171520K(171520K)->0K(171520K) From: 992K(1536K)->1024K(1536K)
[74.736s][info][gc,heap        ] GC(658) ParOldGen: 9998K(349696K)->10046K(349696K)
[74.736s][info][gc,metaspace   ] GC(658) Metaspace: 14364K(15232K)->14364K(15232K) NonClass: 12383K(12864K)->12383K(12864K) Class: 1981K(2368K)->1981K(2368K)
[74.736s][info][gc             ] GC(658) Pause Young (Allocation Failure) 178M->10M(510M) 28.864ms
[74.736s][info][gc,cpu         ] GC(658) User=0.00s Sys=0.00s Real=0.02s
[74.871s][info][gc,start       ] GC(659) Pause Young (Allocation Failure)
[74.873s][info][gc,heap        ] GC(659) PSYoungGen: 172544K(173056K)->992K(173056K) Eden: 171520K(171520K)->0K(171520K) From: 1024K(1536K)->992K(1536K)
[74.873s][info][gc,heap        ] GC(659) ParOldGen: 10046K(349696K)->10110K(349696K)
[74.874s][info][gc,metaspace   ] GC(659) Metaspace: 14364K(15232K)->14364K(15232K) NonClass: 12383K(12864K)->12383K(12864K) Class: 1981K(2368K)->1981K(2368K)
[74.874s][info][gc             ] GC(659) Pause Young (Allocation Failure) 178M->10M(510M) 2.127ms
[74.874s][info][gc,cpu         ] GC(659) User=0.00s Sys=0.00s Real=0.00s
[74.999s][info][gc,start       ] GC(660) Pause Young (Allocation Failure)
[75.001s][info][gc,heap        ] GC(660) PSYoungGen: 172512K(173056K)->1024K(173056K) Eden: 171520K(171520K)->0K(171520K) From: 992K(1536K)->1024K(1536K)
[75.001s][info][gc,heap        ] GC(660) ParOldGen: 10110K(349696K)->10182K(349696K)
[75.001s][info][gc,metaspace   ] GC(660) Metaspace: 14364K(15232K)->14364K(15232K) NonClass: 12383K(12864K)->12383K(12864K) Class: 1981K(2368K)->1981K(2368K)
[75.001s][info][gc             ] GC(660) Pause Young (Allocation Failure) 178M->10M(510M) 2.030ms
[75.001s][info][gc,cpu         ] GC(660) User=0.00s Sys=0.00s Real=0.00s
[75.126s][info][gc,start       ] GC(661) Pause Young (Allocation Failure)
[75.128s][info][gc,heap        ] GC(661) PSYoungGen: 172544K(173056K)->1024K(173056K) Eden: 171520K(171520K)->0K(171520K) From: 1024K(1536K)->1024K(1536K)
[75.128s][info][gc,heap        ] GC(661) ParOldGen: 10182K(349696K)->10222K(349696K)
[75.128s][info][gc,metaspace   ] GC(661) Metaspace: 14364K(15232K)->14364K(15232K) NonClass: 12383K(12864K)->12383K(12864K) Class: 1981K(2368K)->1981K(2368K)
[75.128s][info][gc             ] GC(661) Pause Young (Allocation Failure) 178M->10M(510M) 1.964ms
[75.128s][info][gc,cpu         ] GC(661) User=0.00s Sys=0.00s Real=0.00s
[75.253s][info][gc,start       ] GC(662) Pause Young (Allocation Failure)
[75.254s][info][gc,heap        ] GC(662) PSYoungGen: 172544K(173056K)->1024K(173056K) Eden: 171520K(171520K)->0K(171520K) From: 1024K(1536K)->1024K(1536K)
[75.254s][info][gc,heap        ] GC(662) ParOldGen: 10222K(349696K)->10286K(349696K)
[75.254s][info][gc,metaspace   ] GC(662) Metaspace: 14364K(15232K)->14364K(15232K) NonClass: 12383K(12864K)->12383K(12864K) Class: 1981K(2368K)->1981K(2368K)
[75.254s][info][gc             ] GC(662) Pause Young (Allocation Failure) 178M->11M(510M) 1.969ms
[75.254s][info][gc,cpu         ] GC(662) User=0.02s Sys=0.00s Real=0.00s
[75.386s][info][gc,start       ] GC(663) Pause Young (Allocation Failure)
[75.388s][info][gc,heap        ] GC(663) PSYoungGen: 172544K(173056K)->1024K(173056K) Eden: 171520K(171520K)->0K(171520K) From: 1024K(1536K)->1024K(1536K)
[75.388s][info][gc,heap        ] GC(663) ParOldGen: 10286K(349696K)->10358K(349696K)
[75.388s][info][gc,metaspace   ] GC(663) Metaspace: 14364K(15232K)->14364K(15232K) NonClass: 12383K(12864K)->12383K(12864K) Class: 1981K(2368K)->1981K(2368K)
[75.388s][info][gc             ] GC(663) Pause Young (Allocation Failure) 178M->11M(510M) 1.924ms
[75.388s][info][gc,cpu         ] GC(663) User=0.00s Sys=0.00s Real=0.00s
[75.518s][info][gc,start       ] GC(664) Pause Young (Allocation Failure)
[75.520s][info][gc,heap        ] GC(664) PSYoungGen: 172544K(173056K)->1024K(173056K) Eden: 171520K(171520K)->0K(171520K) From: 1024K(1536K)->1024K(1536K)
[75.520s][info][gc,heap        ] GC(664) ParOldGen: 10358K(349696K)->10430K(349696K)
[75.520s][info][gc,metaspace   ] GC(664) Metaspace: 14364K(15232K)->14364K(15232K) NonClass: 12383K(12864K)->12383K(12864K) Class: 1981K(2368K)->1981K(2368K)
[75.520s][info][gc             ] GC(664) Pause Young (Allocation Failure) 178M->11M(510M) 1.849ms
[75.520s][info][gc,cpu         ] GC(664) User=0.52s Sys=0.00s Real=0.00s
[75.643s][info][gc,start       ] GC(665) Pause Young (Allocation Failure)
[75.645s][info][gc,heap        ] GC(665) PSYoungGen: 172544K(173056K)->1024K(173056K) Eden: 171520K(171520K)->0K(171520K) From: 1024K(1536K)->1024K(1536K)
[75.645s][info][gc,heap        ] GC(665) ParOldGen: 10430K(349696K)->10462K(349696K)
[75.645s][info][gc,metaspace   ] GC(665) Metaspace: 14364K(15232K)->14364K(15232K) NonClass: 12383K(12864K)->12383K(12864K) Class: 1981K(2368K)->1981K(2368K)
[75.645s][info][gc             ] GC(665) Pause Young (Allocation Failure) 178M->11M(510M) 1.772ms
[75.645s][info][gc,cpu         ] GC(665) User=0.52s Sys=0.00s Real=0.00s
[75.767s][info][gc,start       ] GC(666) Pause Young (Allocation Failure)
[75.769s][info][gc,heap        ] GC(666) PSYoungGen: 172544K(173056K)->1024K(173056K) Eden: 171520K(171520K)->0K(171520K) From: 1024K(1536K)->1024K(1536K)
[75.769s][info][gc,heap        ] GC(666) ParOldGen: 10462K(349696K)->10518K(349696K)
[75.769s][info][gc,metaspace   ] GC(666) Metaspace: 14364K(15232K)->14364K(15232K) NonClass: 12383K(12864K)->12383K(12864K) Class: 1981K(2368K)->1981K(2368K)
[75.769s][info][gc             ] GC(666) Pause Young (Allocation Failure) 178M->11M(510M) 1.772ms
[75.769s][info][gc,cpu         ] GC(666) User=0.00s Sys=0.00s Real=0.00s
[75.890s][info][gc,start       ] GC(667) Pause Young (Allocation Failure)
[75.892s][info][gc,heap        ] GC(667) PSYoungGen: 172544K(173056K)->1024K(173056K) Eden: 171520K(171520K)->0K(171520K) From: 1024K(1536K)->1024K(1536K)
[75.892s][info][gc,heap        ] GC(667) ParOldGen: 10518K(349696K)->10566K(349696K)
[75.892s][info][gc,metaspace   ] GC(667) Metaspace: 14364K(15232K)->14364K(15232K) NonClass: 12383K(12864K)->12383K(12864K) Class: 1981K(2368K)->1981K(2368K)
[75.892s][info][gc             ] GC(667) Pause Young (Allocation Failure) 178M->11M(510M) 1.849ms
[75.892s][info][gc,cpu         ] GC(667) User=0.00s Sys=0.00s Real=0.00s
[76.016s][info][gc,start       ] GC(668) Pause Young (Allocation Failure)
[76.017s][info][gc,heap        ] GC(668) PSYoungGen: 172544K(173056K)->1024K(173056K) Eden: 171520K(171520K)->0K(171520K) From: 1024K(1536K)->1024K(1536K)
[76.017s][info][gc,heap        ] GC(668) ParOldGen: 10566K(349696K)->10638K(349696K)
[76.017s][info][gc,metaspace   ] GC(668) Metaspace: 14364K(15232K)->14364K(15232K) NonClass: 12383K(12864K)->12383K(12864K) Class: 1981K(2368K)->1981K(2368K)
[76.018s][info][gc             ] GC(668) Pause Young (Allocation Failure) 178M->11M(510M) 1.867ms
[76.018s][info][gc,cpu         ] GC(668) User=0.00s Sys=0.00s Real=0.00s
[76.141s][info][gc,start       ] GC(669) Pause Young (Allocation Failure)
[76.143s][info][gc,heap        ] GC(669) PSYoungGen: 172544K(173056K)->992K(173056K) Eden: 171520K(171520K)->0K(171520K) From: 1024K(1536K)->992K(1536K)
[76.143s][info][gc,heap        ] GC(669) ParOldGen: 10638K(349696K)->10702K(349696K)
[76.143s][info][gc,metaspace   ] GC(669) Metaspace: 14364K(15232K)->14364K(15232K) NonClass: 12383K(12864K)->12383K(12864K) Class: 1981K(2368K)->1981K(2368K)
[76.143s][info][gc             ] GC(669) Pause Young (Allocation Failure) 178M->11M(510M) 1.872ms
[76.143s][info][gc,cpu         ] GC(669) User=0.00s Sys=0.00s Real=0.00s
[76.265s][info][gc,start       ] GC(670) Pause Young (Allocation Failure)
[76.266s][info][gc,heap        ] GC(670) PSYoungGen: 172512K(173056K)->1024K(173056K) Eden: 171520K(171520K)->0K(171520K) From: 992K(1536K)->1024K(1536K)
[76.266s][info][gc,heap        ] GC(670) ParOldGen: 10702K(349696K)->10750K(349696K)
[76.266s][info][gc,metaspace   ] GC(670) Metaspace: 14364K(15232K)->14364K(15232K) NonClass: 12383K(12864K)->12383K(12864K) Class: 1981K(2368K)->1981K(2368K)
[76.266s][info][gc             ] GC(670) Pause Young (Allocation Failure) 178M->11M(510M) 1.859ms
[76.266s][info][gc,cpu         ] GC(670) User=0.00s Sys=0.00s Real=0.00s
[76.389s][info][gc,start       ] GC(671) Pause Young (Allocation Failure)
[76.391s][info][gc,heap        ] GC(671) PSYoungGen: 172544K(173056K)->1024K(173056K) Eden: 171520K(171520K)->0K(171520K) From: 1024K(1536K)->1024K(1536K)
[76.391s][info][gc,heap        ] GC(671) ParOldGen: 10750K(349696K)->10806K(349696K)
[76.391s][info][gc,metaspace   ] GC(671) Metaspace: 14364K(15232K)->14364K(15232K) NonClass: 12383K(12864K)->12383K(12864K) Class: 1981K(2368K)->1981K(2368K)
[76.391s][info][gc             ] GC(671) Pause Young (Allocation Failure) 178M->11M(510M) 1.948ms
[76.391s][info][gc,cpu         ] GC(671) User=0.00s Sys=0.00s Real=0.00s
[76.514s][info][gc,start       ] GC(672) Pause Young (Allocation Failure)
[76.516s][info][gc,heap        ] GC(672) PSYoungGen: 172544K(173056K)->992K(173056K) Eden: 171520K(171520K)->0K(171520K) From: 1024K(1536K)->992K(1536K)
[76.516s][info][gc,heap        ] GC(672) ParOldGen: 10806K(349696K)->10870K(349696K)
[76.516s][info][gc,metaspace   ] GC(672) Metaspace: 14364K(15232K)->14364K(15232K) NonClass: 12383K(12864K)->12383K(12864K) Class: 1981K(2368K)->1981K(2368K)
[76.516s][info][gc             ] GC(672) Pause Young (Allocation Failure) 179M->11M(510M) 1.945ms
[76.516s][info][gc,cpu         ] GC(672) User=0.00s Sys=0.00s Real=0.00s
[76.639s][info][gc,start       ] GC(673) Pause Young (Allocation Failure)
[76.641s][info][gc,heap        ] GC(673) PSYoungGen: 172512K(173056K)->1024K(173056K) Eden: 171520K(171520K)->0K(171520K) From: 992K(1536K)->1024K(1536K)
[76.641s][info][gc,heap        ] GC(673) ParOldGen: 10870K(349696K)->10910K(349696K)
[76.641s][info][gc,metaspace   ] GC(673) Metaspace: 14364K(15232K)->14364K(15232K) NonClass: 12383K(12864K)->12383K(12864K) Class: 1981K(2368K)->1981K(2368K)
[76.641s][info][gc             ] GC(673) Pause Young (Allocation Failure) 179M->11M(510M) 1.980ms
[76.641s][info][gc,cpu         ] GC(673) User=0.00s Sys=0.00s Real=0.00s
[76.763s][info][gc,start       ] GC(674) Pause Young (Allocation Failure)
[76.765s][info][gc,heap        ] GC(674) PSYoungGen: 172544K(173056K)->1024K(173056K) Eden: 171520K(171520K)->0K(171520K) From: 1024K(1536K)->1024K(1536K)
[76.765s][info][gc,heap        ] GC(674) ParOldGen: 10910K(349696K)->10942K(349696K)
[76.765s][info][gc,metaspace   ] GC(674) Metaspace: 14364K(15232K)->14364K(15232K) NonClass: 12383K(12864K)->12383K(12864K) Class: 1981K(2368K)->1981K(2368K)
[76.765s][info][gc             ] GC(674) Pause Young (Allocation Failure) 179M->11M(510M) 1.993ms
[76.765s][info][gc,cpu         ] GC(674) User=0.00s Sys=0.00s Real=0.00s
[76.887s][info][gc,start       ] GC(675) Pause Young (Allocation Failure)
[76.889s][info][gc,heap        ] GC(675) PSYoungGen: 172544K(173056K)->1024K(173056K) Eden: 171520K(171520K)->0K(171520K) From: 1024K(1536K)->1024K(1536K)
[76.889s][info][gc,heap        ] GC(675) ParOldGen: 10942K(349696K)->11006K(349696K)
[76.889s][info][gc,metaspace   ] GC(675) Metaspace: 14364K(15232K)->14364K(15232K) NonClass: 12383K(12864K)->12383K(12864K) Class: 1981K(2368K)->1981K(2368K)
[76.889s][info][gc             ] GC(675) Pause Young (Allocation Failure) 179M->11M(510M) 2.049ms
[76.889s][info][gc,cpu         ] GC(675) User=0.00s Sys=0.00s Real=0.00s
[77.013s][info][gc,start       ] GC(676) Pause Young (Allocation Failure)
[77.015s][info][gc,heap        ] GC(676) PSYoungGen: 172544K(173056K)->1024K(173056K) Eden: 171520K(171520K)->0K(171520K) From: 1024K(1536K)->1024K(1536K)
[77.015s][info][gc,heap        ] GC(676) ParOldGen: 11006K(349696K)->11070K(349696K)
[77.015s][info][gc,metaspace   ] GC(676) Metaspace: 14364K(15232K)->14364K(15232K) NonClass: 12383K(12864K)->12383K(12864K) Class: 1981K(2368K)->1981K(2368K)
[77.015s][info][gc             ] GC(676) Pause Young (Allocation Failure) 179M->11M(510M) 2.073ms
[77.015s][info][gc,cpu         ] GC(676) User=0.00s Sys=0.00s Real=0.00s
[77.135s][info][gc,start       ] GC(677) Pause Young (Allocation Failure)
[77.137s][info][gc,heap        ] GC(677) PSYoungGen: 172544K(173056K)->1024K(173056K) Eden: 171520K(171520K)->0K(171520K) From: 1024K(1536K)->1024K(1536K)
[77.138s][info][gc,heap        ] GC(677) ParOldGen: 11070K(349696K)->11118K(349696K)
[77.138s][info][gc,metaspace   ] GC(677) Metaspace: 14364K(15232K)->14364K(15232K) NonClass: 12383K(12864K)->12383K(12864K) Class: 1981K(2368K)->1981K(2368K)
[77.138s][info][gc             ] GC(677) Pause Young (Allocation Failure) 179M->11M(510M) 2.106ms
[77.138s][info][gc,cpu         ] GC(677) User=0.00s Sys=0.00s Real=0.00s
[77.259s][info][gc,start       ] GC(678) Pause Young (Allocation Failure)
[77.261s][info][gc,heap        ] GC(678) PSYoungGen: 172544K(173056K)->1024K(173056K) Eden: 171520K(171520K)->0K(171520K) From: 1024K(1536K)->1024K(1536K)
[77.262s][info][gc,heap        ] GC(678) ParOldGen: 11118K(349696K)->11166K(349696K)
[77.262s][info][gc,metaspace   ] GC(678) Metaspace: 14364K(15232K)->14364K(15232K) NonClass: 12383K(12864K)->12383K(12864K) Class: 1981K(2368K)->1981K(2368K)
[77.262s][info][gc             ] GC(678) Pause Young (Allocation Failure) 179M->11M(510M) 2.082ms
[77.262s][info][gc,cpu         ] GC(678) User=0.00s Sys=0.00s Real=0.00s
[77.385s][info][gc,start       ] GC(679) Pause Young (Allocation Failure)
[77.387s][info][gc,heap        ] GC(679) PSYoungGen: 172544K(173056K)->1024K(173056K) Eden: 171520K(171520K)->0K(171520K) From: 1024K(1536K)->1024K(1536K)
[77.387s][info][gc,heap        ] GC(679) ParOldGen: 11166K(349696K)->11214K(349696K)
[77.387s][info][gc,metaspace   ] GC(679) Metaspace: 14364K(15232K)->14364K(15232K) NonClass: 12383K(12864K)->12383K(12864K) Class: 1981K(2368K)->1981K(2368K)
[77.387s][info][gc             ] GC(679) Pause Young (Allocation Failure) 179M->11M(510M) 2.107ms
[77.387s][info][gc,cpu         ] GC(679) User=0.00s Sys=0.00s Real=0.00s
[77.511s][info][gc,start       ] GC(680) Pause Young (Allocation Failure)
[77.513s][info][gc,heap        ] GC(680) PSYoungGen: 172544K(173056K)->1024K(173056K) Eden: 171520K(171520K)->0K(171520K) From: 1024K(1536K)->1024K(1536K)
[77.513s][info][gc,heap        ] GC(680) ParOldGen: 11214K(349696K)->11278K(349696K)
[77.513s][info][gc,metaspace   ] GC(680) Metaspace: 14364K(15232K)->14364K(15232K) NonClass: 12383K(12864K)->12383K(12864K) Class: 1981K(2368K)->1981K(2368K)
[77.513s][info][gc             ] GC(680) Pause Young (Allocation Failure) 179M->12M(510M) 2.132ms
[77.513s][info][gc,cpu         ] GC(680) User=0.00s Sys=0.00s Real=0.00s
[77.634s][info][gc,start       ] GC(681) Pause Young (Allocation Failure)
[77.636s][info][gc,heap        ] GC(681) PSYoungGen: 172544K(173056K)->1024K(173056K) Eden: 171520K(171520K)->0K(171520K) From: 1024K(1536K)->1024K(1536K)
[77.636s][info][gc,heap        ] GC(681) ParOldGen: 11278K(349696K)->11342K(349696K)
[77.636s][info][gc,metaspace   ] GC(681) Metaspace: 14364K(15232K)->14364K(15232K) NonClass: 12383K(12864K)->12383K(12864K) Class: 1981K(2368K)->1981K(2368K)
[77.636s][info][gc             ] GC(681) Pause Young (Allocation Failure) 179M->12M(510M) 2.165ms
[77.636s][info][gc,cpu         ] GC(681) User=0.00s Sys=0.00s Real=0.00s
[77.758s][info][gc,start       ] GC(682) Pause Young (Allocation Failure)
[77.760s][info][gc,heap        ] GC(682) PSYoungGen: 172544K(173056K)->992K(173056K) Eden: 171520K(171520K)->0K(171520K) From: 1024K(1536K)->992K(1536K)
[77.760s][info][gc,heap        ] GC(682) ParOldGen: 11342K(349696K)->11382K(349696K)
[77.760s][info][gc,metaspace   ] GC(682) Metaspace: 14364K(15232K)->14364K(15232K) NonClass: 12383K(12864K)->12383K(12864K) Class: 1981K(2368K)->1981K(2368K)
[77.760s][info][gc             ] GC(682) Pause Young (Allocation Failure) 179M->12M(510M) 2.256ms
[77.760s][info][gc,cpu         ] GC(682) User=0.00s Sys=0.00s Real=0.00s
[77.882s][info][gc,start       ] GC(683) Pause Young (Allocation Failure)
[77.884s][info][gc,heap        ] GC(683) PSYoungGen: 172512K(173056K)->1024K(173056K) Eden: 171520K(171520K)->0K(171520K) From: 992K(1536K)->1024K(1536K)
[77.884s][info][gc,heap        ] GC(683) ParOldGen: 11382K(349696K)->11446K(349696K)
[77.884s][info][gc,metaspace   ] GC(683) Metaspace: 14364K(15232K)->14364K(15232K) NonClass: 12383K(12864K)->12383K(12864K) Class: 1981K(2368K)->1981K(2368K)
[77.884s][info][gc             ] GC(683) Pause Young (Allocation Failure) 179M->12M(510M) 2.210ms
[77.884s][info][gc,cpu         ] GC(683) User=0.00s Sys=0.00s Real=0.00s
[78.005s][info][gc,start       ] GC(684) Pause Young (Allocation Failure)
[78.007s][info][gc,heap        ] GC(684) PSYoungGen: 172544K(173056K)->1056K(173056K) Eden: 171520K(171520K)->0K(171520K) From: 1024K(1536K)->1056K(1536K)
[78.007s][info][gc,heap        ] GC(684) ParOldGen: 11446K(349696K)->11510K(349696K)
[78.007s][info][gc,metaspace   ] GC(684) Metaspace: 14364K(15232K)->14364K(15232K) NonClass: 12383K(12864K)->12383K(12864K) Class: 1981K(2368K)->1981K(2368K)
[78.007s][info][gc             ] GC(684) Pause Young (Allocation Failure) 179M->12M(510M) 2.273ms
[78.007s][info][gc,cpu         ] GC(684) User=0.00s Sys=0.00s Real=0.00s
[78.128s][info][gc,start       ] GC(685) Pause Young (Allocation Failure)
[78.130s][info][gc,heap        ] GC(685) PSYoungGen: 172576K(173056K)->1056K(173056K) Eden: 171520K(171520K)->0K(171520K) From: 1056K(1536K)->1056K(1536K)
[78.130s][info][gc,heap        ] GC(685) ParOldGen: 11510K(349696K)->11570K(349696K)
[78.130s][info][gc,metaspace   ] GC(685) Metaspace: 14364K(15232K)->14364K(15232K) NonClass: 12383K(12864K)->12383K(12864K) Class: 1981K(2368K)->1981K(2368K)
[78.130s][info][gc             ] GC(685) Pause Young (Allocation Failure) 179M->12M(510M) 2.299ms
[78.130s][info][gc,cpu         ] GC(685) User=0.52s Sys=0.00s Real=0.00s
[78.252s][info][gc,start       ] GC(686) Pause Young (Allocation Failure)
[78.255s][info][gc,heap        ] GC(686) PSYoungGen: 172576K(173056K)->1024K(173056K) Eden: 171520K(171520K)->0K(171520K) From: 1056K(1536K)->1024K(1536K)
[78.255s][info][gc,heap        ] GC(686) ParOldGen: 11570K(349696K)->11610K(349696K)
[78.255s][info][gc,metaspace   ] GC(686) Metaspace: 14364K(15232K)->14364K(15232K) NonClass: 12383K(12864K)->12383K(12864K) Class: 1981K(2368K)->1981K(2368K)
[78.255s][info][gc             ] GC(686) Pause Young (Allocation Failure) 179M->12M(510M) 2.325ms
[78.255s][info][gc,cpu         ] GC(686) User=0.52s Sys=0.00s Real=0.00s
[78.378s][info][gc,start       ] GC(687) Pause Young (Allocation Failure)
[78.381s][info][gc,heap        ] GC(687) PSYoungGen: 172544K(173056K)->1024K(173056K) Eden: 171520K(171520K)->0K(171520K) From: 1024K(1536K)->1024K(1536K)
[78.381s][info][gc,heap        ] GC(687) ParOldGen: 11610K(349696K)->11674K(349696K)
[78.381s][info][gc,metaspace   ] GC(687) Metaspace: 14364K(15232K)->14364K(15232K) NonClass: 12383K(12864K)->12383K(12864K) Class: 1981K(2368K)->1981K(2368K)
[78.381s][info][gc             ] GC(687) Pause Young (Allocation Failure) 179M->12M(510M) 2.282ms
[78.381s][info][gc,cpu         ] GC(687) User=0.02s Sys=0.00s Real=0.00s
[78.579s][info][gc,start       ] GC(688) Pause Young (Allocation Failure)
[78.582s][info][gc,heap        ] GC(688) PSYoungGen: 172544K(173056K)->1024K(173056K) Eden: 171520K(171520K)->0K(171520K) From: 1024K(1536K)->1024K(1536K)
[78.582s][info][gc,heap        ] GC(688) ParOldGen: 11674K(349696K)->11722K(349696K)
[78.582s][info][gc,metaspace   ] GC(688) Metaspace: 14364K(15232K)->14364K(15232K) NonClass: 12383K(12864K)->12383K(12864K) Class: 1981K(2368K)->1981K(2368K)
[78.582s][info][gc             ] GC(688) Pause Young (Allocation Failure) 179M->12M(510M) 3.115ms
[78.582s][info][gc,cpu         ] GC(688) User=0.00s Sys=0.00s Real=0.00s
[78.714s][info][gc,start       ] GC(689) Pause Young (Allocation Failure)
[78.717s][info][gc,heap        ] GC(689) PSYoungGen: 172544K(173056K)->992K(173056K) Eden: 171520K(171520K)->0K(171520K) From: 1024K(1536K)->992K(1536K)
[78.717s][info][gc,heap        ] GC(689) ParOldGen: 11722K(349696K)->11802K(349696K)
[78.717s][info][gc,metaspace   ] GC(689) Metaspace: 14364K(15232K)->14364K(15232K) NonClass: 12383K(12864K)->12383K(12864K) Class: 1981K(2368K)->1981K(2368K)
[78.717s][info][gc             ] GC(689) Pause Young (Allocation Failure) 179M->12M(510M) 2.150ms
[78.717s][info][gc,cpu         ] GC(689) User=0.00s Sys=0.00s Real=0.00s
[78.845s][info][gc,start       ] GC(690) Pause Young (Allocation Failure)
[78.847s][info][gc,heap        ] GC(690) PSYoungGen: 172512K(173056K)->1024K(173056K) Eden: 171520K(171520K)->0K(171520K) From: 992K(1536K)->1024K(1536K)
[78.847s][info][gc,heap        ] GC(690) ParOldGen: 11802K(349696K)->11858K(349696K)
[78.847s][info][gc,metaspace   ] GC(690) Metaspace: 14364K(15232K)->14364K(15232K) NonClass: 12383K(12864K)->12383K(12864K) Class: 1981K(2368K)->1981K(2368K)
[78.847s][info][gc             ] GC(690) Pause Young (Allocation Failure) 179M->12M(510M) 2.053ms
[78.847s][info][gc,cpu         ] GC(690) User=0.00s Sys=0.00s Real=0.00s
[78.974s][info][gc,start       ] GC(691) Pause Young (Allocation Failure)
[78.976s][info][gc,heap        ] GC(691) PSYoungGen: 172544K(173056K)->1056K(173056K) Eden: 171520K(171520K)->0K(171520K) From: 1024K(1536K)->1056K(1536K)
[78.976s][info][gc,heap        ] GC(691) ParOldGen: 11858K(349696K)->11914K(349696K)
[78.976s][info][gc,metaspace   ] GC(691) Metaspace: 14364K(15232K)->14364K(15232K) NonClass: 12383K(12864K)->12383K(12864K) Class: 1981K(2368K)->1981K(2368K)
[78.976s][info][gc             ] GC(691) Pause Young (Allocation Failure) 180M->12M(510M) 1.991ms
[78.976s][info][gc,cpu         ] GC(691) User=0.00s Sys=0.00s Real=0.00s
[79.099s][info][gc,start       ] GC(692) Pause Young (Allocation Failure)
[79.101s][info][gc,heap        ] GC(692) PSYoungGen: 172576K(173056K)->1024K(173056K) Eden: 171520K(171520K)->0K(171520K) From: 1056K(1536K)->1024K(1536K)
[79.101s][info][gc,heap        ] GC(692) ParOldGen: 11914K(349696K)->11962K(349696K)
[79.101s][info][gc,metaspace   ] GC(692) Metaspace: 14364K(15232K)->14364K(15232K) NonClass: 12383K(12864K)->12383K(12864K) Class: 1981K(2368K)->1981K(2368K)
[79.101s][info][gc             ] GC(692) Pause Young (Allocation Failure) 180M->12M(510M) 1.949ms
[79.101s][info][gc,cpu         ] GC(692) User=0.00s Sys=0.00s Real=0.00s
[79.235s][info][gc,start       ] GC(693) Pause Young (Allocation Failure)
[79.237s][info][gc,heap        ] GC(693) PSYoungGen: 172544K(173056K)->1024K(173056K) Eden: 171520K(171520K)->0K(171520K) From: 1024K(1536K)->1024K(1536K)
[79.237s][info][gc,heap        ] GC(693) ParOldGen: 11962K(349696K)->12042K(349696K)
[79.237s][info][gc,metaspace   ] GC(693) Metaspace: 14364K(15232K)->14364K(15232K) NonClass: 12383K(12864K)->12383K(12864K) Class: 1981K(2368K)->1981K(2368K)
[79.237s][info][gc             ] GC(693) Pause Young (Allocation Failure) 180M->12M(510M) 2.020ms
[79.237s][info][gc,cpu         ] GC(693) User=0.00s Sys=0.00s Real=0.00s
[79.368s][info][gc,start       ] GC(694) Pause Young (Allocation Failure)
[79.370s][info][gc,heap        ] GC(694) PSYoungGen: 172544K(173056K)->1024K(173056K) Eden: 171520K(171520K)->0K(171520K) From: 1024K(1536K)->1024K(1536K)
[79.370s][info][gc,heap        ] GC(694) ParOldGen: 12042K(349696K)->12082K(349696K)
[79.370s][info][gc,metaspace   ] GC(694) Metaspace: 14364K(15232K)->14364K(15232K) NonClass: 12383K(12864K)->12383K(12864K) Class: 1981K(2368K)->1981K(2368K)
[79.370s][info][gc             ] GC(694) Pause Young (Allocation Failure) 180M->12M(510M) 1.866ms
[79.370s][info][gc,cpu         ] GC(694) User=0.00s Sys=0.00s Real=0.00s
[79.497s][info][gc,start       ] GC(695) Pause Young (Allocation Failure)
[79.498s][info][gc,heap        ] GC(695) PSYoungGen: 172544K(173056K)->992K(173056K) Eden: 171520K(171520K)->0K(171520K) From: 1024K(1536K)->992K(1536K)
[79.498s][info][gc,heap        ] GC(695) ParOldGen: 12082K(349696K)->12122K(349696K)
[79.498s][info][gc,metaspace   ] GC(695) Metaspace: 14364K(15232K)->14364K(15232K) NonClass: 12383K(12864K)->12383K(12864K) Class: 1981K(2368K)->1981K(2368K)
[79.498s][info][gc             ] GC(695) Pause Young (Allocation Failure) 180M->12M(510M) 1.782ms
[79.498s][info][gc,cpu         ] GC(695) User=0.00s Sys=0.00s Real=0.00s
[79.619s][info][gc,start       ] GC(696) Pause Young (Allocation Failure)
[79.621s][info][gc,heap        ] GC(696) PSYoungGen: 172512K(173056K)->1024K(173056K) Eden: 171520K(171520K)->0K(171520K) From: 992K(1536K)->1024K(1536K)
[79.621s][info][gc,heap        ] GC(696) ParOldGen: 12122K(349696K)->12178K(349696K)
[79.621s][info][gc,metaspace   ] GC(696) Metaspace: 14364K(15232K)->14364K(15232K) NonClass: 12383K(12864K)->12383K(12864K) Class: 1981K(2368K)->1981K(2368K)
[79.621s][info][gc             ] GC(696) Pause Young (Allocation Failure) 180M->12M(510M) 1.822ms
[79.621s][info][gc,cpu         ] GC(696) User=0.00s Sys=0.00s Real=0.00s
[79.746s][info][gc,start       ] GC(697) Pause Young (Allocation Failure)
[79.748s][info][gc,heap        ] GC(697) PSYoungGen: 172544K(173056K)->1024K(173056K) Eden: 171520K(171520K)->0K(171520K) From: 1024K(1536K)->1024K(1536K)
[79.748s][info][gc,heap        ] GC(697) ParOldGen: 12178K(349696K)->12234K(349696K)
[79.748s][info][gc,metaspace   ] GC(697) Metaspace: 14364K(15232K)->14364K(15232K) NonClass: 12383K(12864K)->12383K(12864K) Class: 1981K(2368K)->1981K(2368K)
[79.748s][info][gc             ] GC(697) Pause Young (Allocation Failure) 180M->12M(510M) 1.895ms
[79.748s][info][gc,cpu         ] GC(697) User=0.00s Sys=0.00s Real=0.00s
[79.871s][info][gc,start       ] GC(698) Pause Young (Allocation Failure)
[79.873s][info][gc,heap        ] GC(698) PSYoungGen: 172544K(173056K)->1024K(173056K) Eden: 171520K(171520K)->0K(171520K) From: 1024K(1536K)->1024K(1536K)
[79.873s][info][gc,heap        ] GC(698) ParOldGen: 12234K(349696K)->12290K(349696K)
[79.873s][info][gc,metaspace   ] GC(698) Metaspace: 14364K(15232K)->14364K(15232K) NonClass: 12383K(12864K)->12383K(12864K) Class: 1981K(2368K)->1981K(2368K)
[79.873s][info][gc             ] GC(698) Pause Young (Allocation Failure) 180M->13M(510M) 1.944ms
[79.873s][info][gc,cpu         ] GC(698) User=0.00s Sys=0.00s Real=0.00s
[79.994s][info][gc,start       ] GC(699) Pause Young (Allocation Failure)
[79.996s][info][gc,heap        ] GC(699) PSYoungGen: 172544K(173056K)->1024K(173056K) Eden: 171520K(171520K)->0K(171520K) From: 1024K(1536K)->1024K(1536K)
[79.996s][info][gc,heap        ] GC(699) ParOldGen: 12290K(349696K)->12346K(349696K)
[79.996s][info][gc,metaspace   ] GC(699) Metaspace: 14364K(15232K)->14364K(15232K) NonClass: 12383K(12864K)->12383K(12864K) Class: 1981K(2368K)->1981K(2368K)
[79.996s][info][gc             ] GC(699) Pause Young (Allocation Failure) 180M->13M(510M) 1.977ms
[79.996s][info][gc,cpu         ] GC(699) User=0.00s Sys=0.00s Real=0.00s
[80.118s][info][gc,start       ] GC(700) Pause Young (Allocation Failure)
[80.120s][info][gc,heap        ] GC(700) PSYoungGen: 172544K(173056K)->1024K(173056K) Eden: 171520K(171520K)->0K(171520K) From: 1024K(1536K)->1024K(1536K)
[80.120s][info][gc,heap        ] GC(700) ParOldGen: 12346K(349696K)->12394K(349696K)
[80.120s][info][gc,metaspace   ] GC(700) Metaspace: 14364K(15232K)->14364K(15232K) NonClass: 12383K(12864K)->12383K(12864K) Class: 1981K(2368K)->1981K(2368K)
[80.120s][info][gc             ] GC(700) Pause Young (Allocation Failure) 180M->13M(510M) 1.981ms
[80.120s][info][gc,cpu         ] GC(700) User=0.00s Sys=0.00s Real=0.00s
[80.240s][info][gc,start       ] GC(701) Pause Young (Allocation Failure)
[80.242s][info][gc,heap        ] GC(701) PSYoungGen: 172544K(173056K)->1024K(173056K) Eden: 171520K(171520K)->0K(171520K) From: 1024K(1536K)->1024K(1536K)
[80.242s][info][gc,heap        ] GC(701) ParOldGen: 12394K(349696K)->12442K(349696K)
[80.243s][info][gc,metaspace   ] GC(701) Metaspace: 14364K(15232K)->14364K(15232K) NonClass: 12383K(12864K)->12383K(12864K) Class: 1981K(2368K)->1981K(2368K)
[80.243s][info][gc             ] GC(701) Pause Young (Allocation Failure) 180M->13M(510M) 2.037ms
[80.243s][info][gc,cpu         ] GC(701) User=0.00s Sys=0.00s Real=0.00s
[80.362s][info][gc,start       ] GC(702) Pause Young (Allocation Failure)
[80.364s][info][gc,heap        ] GC(702) PSYoungGen: 172544K(173056K)->992K(173056K) Eden: 171520K(171520K)->0K(171520K) From: 1024K(1536K)->992K(1536K)
[80.364s][info][gc,heap        ] GC(702) ParOldGen: 12442K(349696K)->12490K(349696K)
[80.364s][info][gc,metaspace   ] GC(702) Metaspace: 14364K(15232K)->14364K(15232K) NonClass: 12383K(12864K)->12383K(12864K) Class: 1981K(2368K)->1981K(2368K)
[80.364s][info][gc             ] GC(702) Pause Young (Allocation Failure) 180M->13M(510M) 2.035ms
[80.364s][info][gc,cpu         ] GC(702) User=0.52s Sys=0.00s Real=0.00s
[80.476s][info][gc,start       ] GC(703) Pause Young (Allocation Failure)
[80.478s][info][gc,heap        ] GC(703) PSYoungGen: 172512K(173056K)->1024K(173056K) Eden: 171520K(171520K)->0K(171520K) From: 992K(1536K)->1024K(1536K)
[80.478s][info][gc,heap        ] GC(703) ParOldGen: 12490K(349696K)->12538K(349696K)
[80.478s][info][gc,metaspace   ] GC(703) Metaspace: 14367K(15232K)->14367K(15232K) NonClass: 12386K(12864K)->12386K(12864K) Class: 1981K(2368K)->1981K(2368K)
[80.478s][info][gc             ] GC(703) Pause Young (Allocation Failure) 180M->13M(510M) 2.077ms
[80.478s][info][gc,cpu         ] GC(703) User=0.00s Sys=0.00s Real=0.00s
[80.584s][info][gc,start       ] GC(704) Pause Young (Allocation Failure)
[80.586s][info][gc,heap        ] GC(704) PSYoungGen: 172544K(173056K)->1024K(173056K) Eden: 171520K(171520K)->0K(171520K) From: 1024K(1536K)->1024K(1536K)
[80.586s][info][gc,heap        ] GC(704) ParOldGen: 12538K(349696K)->12562K(349696K)
[80.586s][info][gc,metaspace   ] GC(704) Metaspace: 14368K(15232K)->14368K(15232K) NonClass: 12386K(12864K)->12386K(12864K) Class: 1981K(2368K)->1981K(2368K)
[80.586s][info][gc             ] GC(704) Pause Young (Allocation Failure) 180M->13M(510M) 2.073ms
[80.586s][info][gc,cpu         ] GC(704) User=0.00s Sys=0.00s Real=0.00s
[80.692s][info][gc,start       ] GC(705) Pause Young (Allocation Failure)
[80.694s][info][gc,heap        ] GC(705) PSYoungGen: 172544K(173056K)->1024K(173056K) Eden: 171520K(171520K)->0K(171520K) From: 1024K(1536K)->1024K(1536K)
[80.694s][info][gc,heap        ] GC(705) ParOldGen: 12562K(349696K)->12610K(349696K)
[80.694s][info][gc,metaspace   ] GC(705) Metaspace: 14368K(15232K)->14368K(15232K) NonClass: 12386K(12864K)->12386K(12864K) Class: 1981K(2368K)->1981K(2368K)
[80.694s][info][gc             ] GC(705) Pause Young (Allocation Failure) 180M->13M(510M) 2.247ms
[80.694s][info][gc,cpu         ] GC(705) User=0.00s Sys=0.00s Real=0.00s
[80.789s][info][gc,start       ] GC(706) Pause Young (Allocation Failure)
[80.792s][info][gc,heap        ] GC(706) PSYoungGen: 172544K(173056K)->992K(173056K) Eden: 171520K(171520K)->0K(171520K) From: 1024K(1536K)->992K(1536K)
[80.792s][info][gc,heap        ] GC(706) ParOldGen: 12610K(349696K)->12666K(349696K)
[80.792s][info][gc,metaspace   ] GC(706) Metaspace: 14368K(15232K)->14368K(15232K) NonClass: 12386K(12864K)->12386K(12864K) Class: 1981K(2368K)->1981K(2368K)
[80.792s][info][gc             ] GC(706) Pause Young (Allocation Failure) 180M->13M(510M) 2.210ms
[80.792s][info][gc,cpu         ] GC(706) User=0.00s Sys=0.00s Real=0.00s
[80.866s][info][gc,start       ] GC(707) Pause Young (Allocation Failure)
[80.868s][info][gc,heap        ] GC(707) PSYoungGen: 172512K(173056K)->960K(173056K) Eden: 171520K(171520K)->0K(171520K) From: 992K(1536K)->960K(1536K)
[80.868s][info][gc,heap        ] GC(707) ParOldGen: 12666K(349696K)->12714K(349696K)
[80.868s][info][gc,metaspace   ] GC(707) Metaspace: 14368K(15232K)->14368K(15232K) NonClass: 12386K(12864K)->12386K(12864K) Class: 1981K(2368K)->1981K(2368K)
[80.868s][info][gc             ] GC(707) Pause Young (Allocation Failure) 180M->13M(510M) 2.129ms
[80.868s][info][gc,cpu         ] GC(707) User=0.00s Sys=0.00s Real=0.00s
[80.938s][info][gc,start       ] GC(708) Pause Young (Allocation Failure)
[80.940s][info][gc,heap        ] GC(708) PSYoungGen: 172480K(173056K)->768K(173056K) Eden: 171520K(171520K)->0K(171520K) From: 960K(1536K)->768K(1536K)
[80.940s][info][gc,heap        ] GC(708) ParOldGen: 12714K(349696K)->12738K(349696K)
[80.940s][info][gc,metaspace   ] GC(708) Metaspace: 14368K(15232K)->14368K(15232K) NonClass: 12386K(12864K)->12386K(12864K) Class: 1981K(2368K)->1981K(2368K)
[80.940s][info][gc             ] GC(708) Pause Young (Allocation Failure) 180M->13M(510M) 2.136ms
[80.940s][info][gc,cpu         ] GC(708) User=0.00s Sys=0.00s Real=0.00s
[81.021s][info][gc,start       ] GC(709) Pause Young (System.gc())
[81.023s][info][gc,heap        ] GC(709) PSYoungGen: 94517K(173056K)->192K(173056K) Eden: 93749K(171520K)->0K(171520K) From: 768K(1536K)->192K(1536K)
[81.023s][info][gc,heap        ] GC(709) ParOldGen: 12738K(349696K)->12786K(349696K)
[81.023s][info][gc,metaspace   ] GC(709) Metaspace: 14370K(15232K)->14370K(15232K) NonClass: 12389K(12864K)->12389K(12864K) Class: 1981K(2368K)->1981K(2368K)
[81.023s][info][gc             ] GC(709) Pause Young (System.gc()) 104M->12M(510M) 2.325ms
[81.023s][info][gc,cpu         ] GC(709) User=0.00s Sys=0.00s Real=0.00s
[81.024s][info][gc,start       ] GC(710) Pause Full (System.gc())
[81.024s][info][gc,phases,start] GC(710) Marking Phase
[81.035s][info][gc,phases      ] GC(710) Marking Phase 11.692ms
[81.035s][info][gc,phases,start] GC(710) Summary Phase
[81.035s][info][gc,phases      ] GC(710) Summary Phase 0.020ms
[81.035s][info][gc,phases,start] GC(710) Adjust Roots
[81.039s][info][gc,phases      ] GC(710) Adjust Roots 3.532ms
[81.039s][info][gc,phases,start] GC(710) Compaction Phase
[81.040s][info][gc,phases      ] GC(710) Compaction Phase 1.386ms
[81.040s][info][gc,phases,start] GC(710) Post Compact
[81.041s][info][gc,phases      ] GC(710) Post Compact 0.196ms
[81.041s][info][gc,heap        ] GC(710) PSYoungGen: 192K(173056K)->0K(173056K) Eden: 0K(171520K)->0K(171520K) From: 192K(1536K)->0K(1536K)
[81.041s][info][gc,heap        ] GC(710) ParOldGen: 12786K(349696K)->5380K(349696K)
[81.041s][info][gc,metaspace   ] GC(710) Metaspace: 14370K(15232K)->14370K(15232K) NonClass: 12389K(12864K)->12389K(12864K) Class: 1981K(2368K)->1981K(2368K)
[81.041s][info][gc             ] GC(710) Pause Full (System.gc()) 12M->5M(510M) 17.084ms
[81.041s][info][gc,cpu         ] GC(710) User=0.25s Sys=0.00s Real=0.02s
[81.190s][info][gc,start       ] GC(711) Pause Young (Allocation Failure)
[81.192s][info][gc,heap        ] GC(711) PSYoungGen: 171520K(173056K)->1536K(173056K) Eden: 171520K(171520K)->0K(171520K) From: 0K(1536K)->1536K(1536K)
[81.192s][info][gc,heap        ] GC(711) ParOldGen: 5380K(349696K)->5603K(349696K)
[81.192s][info][gc,metaspace   ] GC(711) Metaspace: 14370K(15232K)->14370K(15232K) NonClass: 12389K(12864K)->12389K(12864K) Class: 1981K(2368K)->1981K(2368K)
[81.192s][info][gc             ] GC(711) Pause Young (Allocation Failure) 172M->6M(510M) 2.384ms
[81.192s][info][gc,cpu         ] GC(711) User=0.53s Sys=0.00s Real=0.00s
[81.306s][info][gc,start       ] GC(712) Pause Young (Allocation Failure)
[81.308s][info][gc,heap        ] GC(712) PSYoungGen: 173056K(173056K)->992K(173056K) Eden: 171520K(171520K)->0K(171520K) From: 1536K(1536K)->992K(1536K)
[81.308s][info][gc,heap        ] GC(712) ParOldGen: 5603K(349696K)->7075K(349696K)
[81.308s][info][gc,metaspace   ] GC(712) Metaspace: 14370K(15232K)->14370K(15232K) NonClass: 12389K(12864K)->12389K(12864K) Class: 1981K(2368K)->1981K(2368K)
[81.308s][info][gc             ] GC(712) Pause Young (Allocation Failure) 174M->7M(510M) 2.372ms
[81.308s][info][gc,cpu         ] GC(712) User=0.00s Sys=0.00s Real=0.00s
[81.433s][info][gc,start       ] GC(713) Pause Young (Allocation Failure)
[81.436s][info][gc,heap        ] GC(713) PSYoungGen: 172512K(173056K)->1024K(173056K) Eden: 171520K(171520K)->0K(171520K) From: 992K(1536K)->1024K(1536K)
[81.436s][info][gc,heap        ] GC(713) ParOldGen: 7075K(349696K)->7147K(349696K)
[81.436s][info][gc,metaspace   ] GC(713) Metaspace: 14370K(15232K)->14370K(15232K) NonClass: 12389K(12864K)->12389K(12864K) Class: 1981K(2368K)->1981K(2368K)
[81.436s][info][gc             ] GC(713) Pause Young (Allocation Failure) 175M->7M(510M) 2.256ms
[81.436s][info][gc,cpu         ] GC(713) User=0.00s Sys=0.00s Real=0.00s
[81.558s][info][gc,start       ] GC(714) Pause Young (Allocation Failure)
[81.560s][info][gc,heap        ] GC(714) PSYoungGen: 172544K(173056K)->992K(173056K) Eden: 171520K(171520K)->0K(171520K) From: 1024K(1536K)->992K(1536K)
[81.560s][info][gc,heap        ] GC(714) ParOldGen: 7147K(349696K)->7219K(349696K)
[81.560s][info][gc,metaspace   ] GC(714) Metaspace: 14370K(15232K)->14370K(15232K) NonClass: 12389K(12864K)->12389K(12864K) Class: 1981K(2368K)->1981K(2368K)
[81.560s][info][gc             ] GC(714) Pause Young (Allocation Failure) 175M->8M(510M) 2.262ms
[81.560s][info][gc,cpu         ] GC(714) User=0.00s Sys=0.00s Real=0.00s
[81.686s][info][gc,start       ] GC(715) Pause Young (Allocation Failure)
[81.688s][info][gc,heap        ] GC(715) PSYoungGen: 172512K(173056K)->992K(173056K) Eden: 171520K(171520K)->0K(171520K) From: 992K(1536K)->992K(1536K)
[81.688s][info][gc,heap        ] GC(715) ParOldGen: 7219K(349696K)->7299K(349696K)
[81.688s][info][gc,metaspace   ] GC(715) Metaspace: 14370K(15232K)->14370K(15232K) NonClass: 12389K(12864K)->12389K(12864K) Class: 1981K(2368K)->1981K(2368K)
[81.689s][info][gc             ] GC(715) Pause Young (Allocation Failure) 175M->8M(510M) 2.251ms
[81.689s][info][gc,cpu         ] GC(715) User=0.00s Sys=0.00s Real=0.00s
[81.815s][info][gc,start       ] GC(716) Pause Young (Allocation Failure)
[81.817s][info][gc,heap        ] GC(716) PSYoungGen: 172512K(173056K)->1024K(173056K) Eden: 171520K(171520K)->0K(171520K) From: 992K(1536K)->1024K(1536K)
[81.817s][info][gc,heap        ] GC(716) ParOldGen: 7299K(349696K)->7371K(349696K)
[81.817s][info][gc,metaspace   ] GC(716) Metaspace: 14370K(15232K)->14370K(15232K) NonClass: 12389K(12864K)->12389K(12864K) Class: 1981K(2368K)->1981K(2368K)
[81.817s][info][gc             ] GC(716) Pause Young (Allocation Failure) 175M->8M(510M) 2.312ms
[81.817s][info][gc,cpu         ] GC(716) User=0.52s Sys=0.00s Real=0.00s
[81.937s][info][gc,start       ] GC(717) Pause Young (Allocation Failure)
[81.939s][info][gc,heap        ] GC(717) PSYoungGen: 172544K(173056K)->1024K(173056K) Eden: 171520K(171520K)->0K(171520K) From: 1024K(1536K)->1024K(1536K)
[81.939s][info][gc,heap        ] GC(717) ParOldGen: 7371K(349696K)->7427K(349696K)
[81.939s][info][gc,metaspace   ] GC(717) Metaspace: 14370K(15232K)->14370K(15232K) NonClass: 12389K(12864K)->12389K(12864K) Class: 1981K(2368K)->1981K(2368K)
[81.939s][info][gc             ] GC(717) Pause Young (Allocation Failure) 175M->8M(510M) 2.327ms
[81.939s][info][gc,cpu         ] GC(717) User=0.00s Sys=0.00s Real=0.00s
[82.066s][info][gc,start       ] GC(718) Pause Young (Allocation Failure)
[82.068s][info][gc,heap        ] GC(718) PSYoungGen: 172544K(173056K)->1024K(173056K) Eden: 171520K(171520K)->0K(171520K) From: 1024K(1536K)->1024K(1536K)
[82.068s][info][gc,heap        ] GC(718) ParOldGen: 7427K(349696K)->7459K(349696K)
[82.068s][info][gc,metaspace   ] GC(718) Metaspace: 14370K(15232K)->14370K(15232K) NonClass: 12389K(12864K)->12389K(12864K) Class: 1981K(2368K)->1981K(2368K)
[82.068s][info][gc             ] GC(718) Pause Young (Allocation Failure) 175M->8M(510M) 2.371ms
[82.068s][info][gc,cpu         ] GC(718) User=0.52s Sys=0.00s Real=0.00s
[82.194s][info][gc,start       ] GC(719) Pause Young (Allocation Failure)
[82.197s][info][gc,heap        ] GC(719) PSYoungGen: 172544K(173056K)->1024K(173056K) Eden: 171520K(171520K)->0K(171520K) From: 1024K(1536K)->1024K(1536K)
[82.197s][info][gc,heap        ] GC(719) ParOldGen: 7459K(349696K)->7507K(349696K)
[82.197s][info][gc,metaspace   ] GC(719) Metaspace: 14370K(15232K)->14370K(15232K) NonClass: 12389K(12864K)->12389K(12864K) Class: 1981K(2368K)->1981K(2368K)
[82.197s][info][gc             ] GC(719) Pause Young (Allocation Failure) 175M->8M(510M) 2.362ms
[82.197s][info][gc,cpu         ] GC(719) User=0.00s Sys=0.00s Real=0.00s
[82.343s][info][gc,start       ] GC(720) Pause Young (Allocation Failure)
[82.346s][info][gc,heap        ] GC(720) PSYoungGen: 172544K(173056K)->1024K(173056K) Eden: 171520K(171520K)->0K(171520K) From: 1024K(1536K)->1024K(1536K)
[82.346s][info][gc,heap        ] GC(720) ParOldGen: 7507K(349696K)->7579K(349696K)
[82.346s][info][gc,metaspace   ] GC(720) Metaspace: 14370K(15232K)->14370K(15232K) NonClass: 12389K(12864K)->12389K(12864K) Class: 1981K(2368K)->1981K(2368K)
[82.346s][info][gc             ] GC(720) Pause Young (Allocation Failure) 175M->8M(510M) 2.580ms
[82.346s][info][gc,cpu         ] GC(720) User=0.00s Sys=0.00s Real=0.00s
[82.476s][info][gc,start       ] GC(721) Pause Young (Allocation Failure)
[82.478s][info][gc,heap        ] GC(721) PSYoungGen: 172544K(173056K)->1024K(173056K) Eden: 171520K(171520K)->0K(171520K) From: 1024K(1536K)->1024K(1536K)
[82.478s][info][gc,heap        ] GC(721) ParOldGen: 7579K(349696K)->7651K(349696K)
[82.478s][info][gc,metaspace   ] GC(721) Metaspace: 14370K(15232K)->14370K(15232K) NonClass: 12389K(12864K)->12389K(12864K) Class: 1981K(2368K)->1981K(2368K)
[82.478s][info][gc             ] GC(721) Pause Young (Allocation Failure) 175M->8M(510M) 2.191ms
[82.478s][info][gc,cpu         ] GC(721) User=0.00s Sys=0.00s Real=0.00s
[82.606s][info][gc,start       ] GC(722) Pause Young (Allocation Failure)
[82.608s][info][gc,heap        ] GC(722) PSYoungGen: 172544K(173056K)->1024K(173056K) Eden: 171520K(171520K)->0K(171520K) From: 1024K(1536K)->1024K(1536K)
[82.608s][info][gc,heap        ] GC(722) ParOldGen: 7651K(349696K)->7691K(349696K)
[82.608s][info][gc,metaspace   ] GC(722) Metaspace: 14370K(15232K)->14370K(15232K) NonClass: 12389K(12864K)->12389K(12864K) Class: 1981K(2368K)->1981K(2368K)
[82.608s][info][gc             ] GC(722) Pause Young (Allocation Failure) 175M->8M(510M) 2.152ms
[82.608s][info][gc,cpu         ] GC(722) User=0.00s Sys=0.00s Real=0.00s
[82.744s][info][gc,start       ] GC(723) Pause Young (Allocation Failure)
[82.747s][info][gc,heap        ] GC(723) PSYoungGen: 172544K(173056K)->1024K(173056K) Eden: 171520K(171520K)->0K(171520K) From: 1024K(1536K)->1024K(1536K)
[82.747s][info][gc,heap        ] GC(723) ParOldGen: 7691K(349696K)->7755K(349696K)
[82.747s][info][gc,metaspace   ] GC(723) Metaspace: 14370K(15232K)->14370K(15232K) NonClass: 12389K(12864K)->12389K(12864K) Class: 1981K(2368K)->1981K(2368K)
[82.747s][info][gc             ] GC(723) Pause Young (Allocation Failure) 176M->8M(510M) 2.136ms
[82.747s][info][gc,cpu         ] GC(723) User=0.00s Sys=0.00s Real=0.00s
[82.881s][info][gc,start       ] GC(724) Pause Young (Allocation Failure)
[82.884s][info][gc,heap        ] GC(724) PSYoungGen: 172544K(173056K)->1024K(173056K) Eden: 171520K(171520K)->0K(171520K) From: 1024K(1536K)->1024K(1536K)
[82.884s][info][gc,heap        ] GC(724) ParOldGen: 7755K(349696K)->7803K(349696K)
[82.884s][info][gc,metaspace   ] GC(724) Metaspace: 14370K(15232K)->14370K(15232K) NonClass: 12389K(12864K)->12389K(12864K) Class: 1981K(2368K)->1981K(2368K)
[82.884s][info][gc             ] GC(724) Pause Young (Allocation Failure) 176M->8M(510M) 3.577ms
[82.884s][info][gc,cpu         ] GC(724) User=0.00s Sys=0.00s Real=0.00s
[83.011s][info][gc,start       ] GC(725) Pause Young (Allocation Failure)
[83.013s][info][gc,heap        ] GC(725) PSYoungGen: 172544K(173056K)->1024K(173056K) Eden: 171520K(171520K)->0K(171520K) From: 1024K(1536K)->1024K(1536K)
[83.013s][info][gc,heap        ] GC(725) ParOldGen: 7803K(349696K)->7851K(349696K)
[83.013s][info][gc,metaspace   ] GC(725) Metaspace: 14370K(15232K)->14370K(15232K) NonClass: 12389K(12864K)->12389K(12864K) Class: 1981K(2368K)->1981K(2368K)
[83.013s][info][gc             ] GC(725) Pause Young (Allocation Failure) 176M->8M(510M) 1.916ms
[83.013s][info][gc,cpu         ] GC(725) User=0.00s Sys=0.00s Real=0.00s
[83.138s][info][gc,start       ] GC(726) Pause Young (Allocation Failure)
[83.139s][info][gc,heap        ] GC(726) PSYoungGen: 172544K(173056K)->1024K(173056K) Eden: 171520K(171520K)->0K(171520K) From: 1024K(1536K)->1024K(1536K)
[83.139s][info][gc,heap        ] GC(726) ParOldGen: 7851K(349696K)->7899K(349696K)
[83.139s][info][gc,metaspace   ] GC(726) Metaspace: 14370K(15232K)->14370K(15232K) NonClass: 12389K(12864K)->12389K(12864K) Class: 1981K(2368K)->1981K(2368K)
[83.140s][info][gc             ] GC(726) Pause Young (Allocation Failure) 176M->8M(510M) 1.879ms
[83.140s][info][gc,cpu         ] GC(726) User=0.00s Sys=0.00s Real=0.00s
[83.264s][info][gc,start       ] GC(727) Pause Young (Allocation Failure)
[83.266s][info][gc,heap        ] GC(727) PSYoungGen: 172544K(173056K)->992K(173056K) Eden: 171520K(171520K)->0K(171520K) From: 1024K(1536K)->992K(1536K)
[83.266s][info][gc,heap        ] GC(727) ParOldGen: 7899K(349696K)->7955K(349696K)
[83.266s][info][gc,metaspace   ] GC(727) Metaspace: 14370K(15232K)->14370K(15232K) NonClass: 12389K(12864K)->12389K(12864K) Class: 1981K(2368K)->1981K(2368K)
[83.266s][info][gc             ] GC(727) Pause Young (Allocation Failure) 176M->8M(510M) 1.908ms
[83.266s][info][gc,cpu         ] GC(727) User=0.00s Sys=0.00s Real=0.00s
[83.390s][info][gc,start       ] GC(728) Pause Young (Allocation Failure)
[83.392s][info][gc,heap        ] GC(728) PSYoungGen: 172512K(173056K)->1024K(173056K) Eden: 171520K(171520K)->0K(171520K) From: 992K(1536K)->1024K(1536K)
[83.392s][info][gc,heap        ] GC(728) ParOldGen: 7955K(349696K)->8003K(349696K)
[83.392s][info][gc,metaspace   ] GC(728) Metaspace: 14370K(15232K)->14370K(15232K) NonClass: 12389K(12864K)->12389K(12864K) Class: 1981K(2368K)->1981K(2368K)
[83.392s][info][gc             ] GC(728) Pause Young (Allocation Failure) 176M->8M(510M) 1.953ms
[83.392s][info][gc,cpu         ] GC(728) User=0.00s Sys=0.00s Real=0.00s
[83.516s][info][gc,start       ] GC(729) Pause Young (Allocation Failure)
[83.518s][info][gc,heap        ] GC(729) PSYoungGen: 172544K(173056K)->1024K(173056K) Eden: 171520K(171520K)->0K(171520K) From: 1024K(1536K)->1024K(1536K)
[83.518s][info][gc,heap        ] GC(729) ParOldGen: 8003K(349696K)->8075K(349696K)
[83.518s][info][gc,metaspace   ] GC(729) Metaspace: 14370K(15232K)->14370K(15232K) NonClass: 12389K(12864K)->12389K(12864K) Class: 1981K(2368K)->1981K(2368K)
[83.518s][info][gc             ] GC(729) Pause Young (Allocation Failure) 176M->8M(510M) 1.969ms
[83.518s][info][gc,cpu         ] GC(729) User=0.00s Sys=0.00s Real=0.00s
[83.644s][info][gc,start       ] GC(730) Pause Young (Allocation Failure)
[83.646s][info][gc,heap        ] GC(730) PSYoungGen: 172544K(173056K)->1024K(173056K) Eden: 171520K(171520K)->0K(171520K) From: 1024K(1536K)->1024K(1536K)
[83.646s][info][gc,heap        ] GC(730) ParOldGen: 8075K(349696K)->8163K(349696K)
[83.646s][info][gc,metaspace   ] GC(730) Metaspace: 14370K(15232K)->14370K(15232K) NonClass: 12389K(12864K)->12389K(12864K) Class: 1981K(2368K)->1981K(2368K)
[83.646s][info][gc             ] GC(730) Pause Young (Allocation Failure) 176M->8M(510M) 1.969ms
[83.646s][info][gc,cpu         ] GC(730) User=0.52s Sys=0.00s Real=0.00s
[83.769s][info][gc,start       ] GC(731) Pause Young (Allocation Failure)
[83.771s][info][gc,heap        ] GC(731) PSYoungGen: 172544K(173056K)->1024K(173056K) Eden: 171520K(171520K)->0K(171520K) From: 1024K(1536K)->1024K(1536K)
[83.771s][info][gc,heap        ] GC(731) ParOldGen: 8163K(349696K)->8235K(349696K)
[83.771s][info][gc,metaspace   ] GC(731) Metaspace: 14370K(15232K)->14370K(15232K) NonClass: 12389K(12864K)->12389K(12864K) Class: 1981K(2368K)->1981K(2368K)
[83.771s][info][gc             ] GC(731) Pause Young (Allocation Failure) 176M->9M(510M) 2.062ms
[83.771s][info][gc,cpu         ] GC(731) User=0.52s Sys=0.00s Real=0.00s
[83.897s][info][gc,start       ] GC(732) Pause Young (Allocation Failure)
[83.899s][info][gc,heap        ] GC(732) PSYoungGen: 172544K(173056K)->1024K(173056K) Eden: 171520K(171520K)->0K(171520K) From: 1024K(1536K)->1024K(1536K)
[83.899s][info][gc,heap        ] GC(732) ParOldGen: 8235K(349696K)->8299K(349696K)
[83.899s][info][gc,metaspace   ] GC(732) Metaspace: 14370K(15232K)->14370K(15232K) NonClass: 12389K(12864K)->12389K(12864K) Class: 1981K(2368K)->1981K(2368K)
[83.899s][info][gc             ] GC(732) Pause Young (Allocation Failure) 176M->9M(510M) 2.018ms
[83.899s][info][gc,cpu         ] GC(732) User=0.00s Sys=0.00s Real=0.00s
[84.024s][info][gc,start       ] GC(733) Pause Young (Allocation Failure)
[84.026s][info][gc,heap        ] GC(733) PSYoungGen: 172544K(173056K)->992K(173056K) Eden: 171520K(171520K)->0K(171520K) From: 1024K(1536K)->992K(1536K)
[84.026s][info][gc,heap        ] GC(733) ParOldGen: 8299K(349696K)->8363K(349696K)
[84.026s][info][gc,metaspace   ] GC(733) Metaspace: 14370K(15232K)->14370K(15232K) NonClass: 12389K(12864K)->12389K(12864K) Class: 1981K(2368K)->1981K(2368K)
[84.026s][info][gc             ] GC(733) Pause Young (Allocation Failure) 176M->9M(510M) 2.082ms
[84.026s][info][gc,cpu         ] GC(733) User=0.00s Sys=0.00s Real=0.00s
[84.150s][info][gc,start       ] GC(734) Pause Young (Allocation Failure)
[84.152s][info][gc,heap        ] GC(734) PSYoungGen: 172512K(173056K)->992K(173056K) Eden: 171520K(171520K)->0K(171520K) From: 992K(1536K)->992K(1536K)
[84.152s][info][gc,heap        ] GC(734) ParOldGen: 8363K(349696K)->8427K(349696K)
[84.152s][info][gc,metaspace   ] GC(734) Metaspace: 14370K(15232K)->14370K(15232K) NonClass: 12389K(12864K)->12389K(12864K) Class: 1981K(2368K)->1981K(2368K)
[84.152s][info][gc             ] GC(734) Pause Young (Allocation Failure) 176M->9M(510M) 2.091ms
[84.152s][info][gc,cpu         ] GC(734) User=0.00s Sys=0.00s Real=0.00s
[84.275s][info][gc,start       ] GC(735) Pause Young (Allocation Failure)
[84.277s][info][gc,heap        ] GC(735) PSYoungGen: 172512K(173056K)->1024K(173056K) Eden: 171520K(171520K)->0K(171520K) From: 992K(1536K)->1024K(1536K)
[84.277s][info][gc,heap        ] GC(735) ParOldGen: 8427K(349696K)->8475K(349696K)
[84.277s][info][gc,metaspace   ] GC(735) Metaspace: 14370K(15232K)->14370K(15232K) NonClass: 12389K(12864K)->12389K(12864K) Class: 1981K(2368K)->1981K(2368K)
[84.277s][info][gc             ] GC(735) Pause Young (Allocation Failure) 176M->9M(510M) 2.118ms
[84.277s][info][gc,cpu         ] GC(735) User=0.00s Sys=0.00s Real=0.00s
[84.400s][info][gc,start       ] GC(736) Pause Young (Allocation Failure)
[84.402s][info][gc,heap        ] GC(736) PSYoungGen: 172544K(173056K)->992K(173056K) Eden: 171520K(171520K)->0K(171520K) From: 1024K(1536K)->992K(1536K)
[84.402s][info][gc,heap        ] GC(736) ParOldGen: 8475K(349696K)->8523K(349696K)
[84.402s][info][gc,metaspace   ] GC(736) Metaspace: 14370K(15232K)->14370K(15232K) NonClass: 12389K(12864K)->12389K(12864K) Class: 1981K(2368K)->1981K(2368K)
[84.402s][info][gc             ] GC(736) Pause Young (Allocation Failure) 176M->9M(510M) 2.159ms
[84.402s][info][gc,cpu         ] GC(736) User=0.00s Sys=0.00s Real=0.00s
[84.524s][info][gc,start       ] GC(737) Pause Young (Allocation Failure)
[84.527s][info][gc,heap        ] GC(737) PSYoungGen: 172512K(173056K)->992K(173056K) Eden: 171520K(171520K)->0K(171520K) From: 992K(1536K)->992K(1536K)
[84.527s][info][gc,heap        ] GC(737) ParOldGen: 8523K(349696K)->8579K(349696K)
[84.527s][info][gc,metaspace   ] GC(737) Metaspace: 14370K(15232K)->14370K(15232K) NonClass: 12389K(12864K)->12389K(12864K) Class: 1981K(2368K)->1981K(2368K)
[84.527s][info][gc             ] GC(737) Pause Young (Allocation Failure) 176M->9M(510M) 2.163ms
[84.527s][info][gc,cpu         ] GC(737) User=0.00s Sys=0.00s Real=0.00s
[84.650s][info][gc,start       ] GC(738) Pause Young (Allocation Failure)
[84.652s][info][gc,heap        ] GC(738) PSYoungGen: 172512K(173056K)->1024K(173056K) Eden: 171520K(171520K)->0K(171520K) From: 992K(1536K)->1024K(1536K)
[84.652s][info][gc,heap        ] GC(738) ParOldGen: 8579K(349696K)->8643K(349696K)
[84.653s][info][gc,metaspace   ] GC(738) Metaspace: 14370K(15232K)->14370K(15232K) NonClass: 12389K(12864K)->12389K(12864K) Class: 1981K(2368K)->1981K(2368K)
[84.653s][info][gc             ] GC(738) Pause Young (Allocation Failure) 176M->9M(510M) 2.173ms
[84.653s][info][gc,cpu         ] GC(738) User=0.00s Sys=0.00s Real=0.00s
[84.776s][info][gc,start       ] GC(739) Pause Young (Allocation Failure)
[84.779s][info][gc,heap        ] GC(739) PSYoungGen: 172544K(173056K)->1024K(173056K) Eden: 171520K(171520K)->0K(171520K) From: 1024K(1536K)->1024K(1536K)
[84.779s][info][gc,heap        ] GC(739) ParOldGen: 8643K(349696K)->8691K(349696K)
[84.779s][info][gc,metaspace   ] GC(739) Metaspace: 14370K(15232K)->14370K(15232K) NonClass: 12389K(12864K)->12389K(12864K) Class: 1981K(2368K)->1981K(2368K)
[84.779s][info][gc             ] GC(739) Pause Young (Allocation Failure) 176M->9M(510M) 2.195ms
[84.779s][info][gc,cpu         ] GC(739) User=0.00s Sys=0.00s Real=0.00s
[84.905s][info][gc,start       ] GC(740) Pause Young (Allocation Failure)
[84.907s][info][gc,heap        ] GC(740) PSYoungGen: 172544K(173056K)->1024K(173056K) Eden: 171520K(171520K)->0K(171520K) From: 1024K(1536K)->1024K(1536K)
[84.907s][info][gc,heap        ] GC(740) ParOldGen: 8691K(349696K)->8763K(349696K)
[84.907s][info][gc,metaspace   ] GC(740) Metaspace: 14370K(15232K)->14370K(15232K) NonClass: 12389K(12864K)->12389K(12864K) Class: 1981K(2368K)->1981K(2368K)
[84.907s][info][gc             ] GC(740) Pause Young (Allocation Failure) 176M->9M(510M) 2.215ms
[84.907s][info][gc,cpu         ] GC(740) User=0.00s Sys=0.00s Real=0.00s
[85.031s][info][gc,start       ] GC(741) Pause Young (Allocation Failure)
[85.033s][info][gc,heap        ] GC(741) PSYoungGen: 172544K(173056K)->1024K(173056K) Eden: 171520K(171520K)->0K(171520K) From: 1024K(1536K)->1024K(1536K)
[85.033s][info][gc,heap        ] GC(741) ParOldGen: 8763K(349696K)->8811K(349696K)
[85.033s][info][gc,metaspace   ] GC(741) Metaspace: 14370K(15232K)->14370K(15232K) NonClass: 12389K(12864K)->12389K(12864K) Class: 1981K(2368K)->1981K(2368K)
[85.033s][info][gc             ] GC(741) Pause Young (Allocation Failure) 177M->9M(510M) 2.232ms
[85.033s][info][gc,cpu         ] GC(741) User=0.00s Sys=0.00s Real=0.00s
[85.157s][info][gc,start       ] GC(742) Pause Young (Allocation Failure)
[85.159s][info][gc,heap        ] GC(742) PSYoungGen: 172544K(173056K)->1024K(173056K) Eden: 171520K(171520K)->0K(171520K) From: 1024K(1536K)->1024K(1536K)
[85.159s][info][gc,heap        ] GC(742) ParOldGen: 8811K(349696K)->8875K(349696K)
[85.159s][info][gc,metaspace   ] GC(742) Metaspace: 14370K(15232K)->14370K(15232K) NonClass: 12389K(12864K)->12389K(12864K) Class: 1981K(2368K)->1981K(2368K)
[85.159s][info][gc             ] GC(742) Pause Young (Allocation Failure) 177M->9M(510M) 2.294ms
[85.159s][info][gc,cpu         ] GC(742) User=0.00s Sys=0.00s Real=0.00s
[85.283s][info][gc,start       ] GC(743) Pause Young (Allocation Failure)
[85.285s][info][gc,heap        ] GC(743) PSYoungGen: 172544K(173056K)->992K(173056K) Eden: 171520K(171520K)->0K(171520K) From: 1024K(1536K)->992K(1536K)
[85.285s][info][gc,heap        ] GC(743) ParOldGen: 8875K(349696K)->8915K(349696K)
[85.285s][info][gc,metaspace   ] GC(743) Metaspace: 14370K(15232K)->14370K(15232K) NonClass: 12389K(12864K)->12389K(12864K) Class: 1981K(2368K)->1981K(2368K)
[85.285s][info][gc             ] GC(743) Pause Young (Allocation Failure) 177M->9M(510M) 2.325ms
[85.285s][info][gc,cpu         ] GC(743) User=0.00s Sys=0.00s Real=0.00s
[85.409s][info][gc,start       ] GC(744) Pause Young (Allocation Failure)
[85.412s][info][gc,heap        ] GC(744) PSYoungGen: 172512K(173056K)->1024K(173056K) Eden: 171520K(171520K)->0K(171520K) From: 992K(1536K)->1024K(1536K)
[85.412s][info][gc,heap        ] GC(744) ParOldGen: 8915K(349696K)->8995K(349696K)
[85.412s][info][gc,metaspace   ] GC(744) Metaspace: 14370K(15232K)->14370K(15232K) NonClass: 12389K(12864K)->12389K(12864K) Class: 1981K(2368K)->1981K(2368K)
[85.412s][info][gc             ] GC(744) Pause Young (Allocation Failure) 177M->9M(510M) 2.372ms
[85.412s][info][gc,cpu         ] GC(744) User=0.52s Sys=0.00s Real=0.00s
[85.536s][info][gc,start       ] GC(745) Pause Young (Allocation Failure)
[85.538s][info][gc,heap        ] GC(745) PSYoungGen: 172544K(173056K)->1024K(173056K) Eden: 171520K(171520K)->0K(171520K) From: 1024K(1536K)->1024K(1536K)
[85.538s][info][gc,heap        ] GC(745) ParOldGen: 8995K(349696K)->9043K(349696K)
[85.538s][info][gc,metaspace   ] GC(745) Metaspace: 14370K(15232K)->14370K(15232K) NonClass: 12389K(12864K)->12389K(12864K) Class: 1981K(2368K)->1981K(2368K)
[85.538s][info][gc             ] GC(745) Pause Young (Allocation Failure) 177M->9M(510M) 2.317ms
[85.539s][info][gc,cpu         ] GC(745) User=0.00s Sys=0.00s Real=0.00s
[85.664s][info][gc,start       ] GC(746) Pause Young (Allocation Failure)
[85.667s][info][gc,heap        ] GC(746) PSYoungGen: 172544K(173056K)->1024K(173056K) Eden: 171520K(171520K)->0K(171520K) From: 1024K(1536K)->1024K(1536K)
[85.667s][info][gc,heap        ] GC(746) ParOldGen: 9043K(349696K)->9099K(349696K)
[85.667s][info][gc,metaspace   ] GC(746) Metaspace: 14370K(15232K)->14370K(15232K) NonClass: 12389K(12864K)->12389K(12864K) Class: 1981K(2368K)->1981K(2368K)
[85.667s][info][gc             ] GC(746) Pause Young (Allocation Failure) 177M->9M(510M) 2.395ms
[85.667s][info][gc,cpu         ] GC(746) User=0.00s Sys=0.00s Real=0.00s
[85.791s][info][gc,start       ] GC(747) Pause Young (Allocation Failure)
[85.793s][info][gc,heap        ] GC(747) PSYoungGen: 172544K(173056K)->1024K(173056K) Eden: 171520K(171520K)->0K(171520K) From: 1024K(1536K)->1024K(1536K)
[85.793s][info][gc,heap        ] GC(747) ParOldGen: 9099K(349696K)->9163K(349696K)
[85.793s][info][gc,metaspace   ] GC(747) Metaspace: 14370K(15232K)->14370K(15232K) NonClass: 12389K(12864K)->12389K(12864K) Class: 1981K(2368K)->1981K(2368K)
[85.793s][info][gc             ] GC(747) Pause Young (Allocation Failure) 177M->9M(510M) 2.420ms
[85.793s][info][gc,cpu         ] GC(747) User=0.00s Sys=0.00s Real=0.00s
[85.920s][info][gc,start       ] GC(748) Pause Young (Allocation Failure)
[85.922s][info][gc,heap        ] GC(748) PSYoungGen: 172544K(173056K)->1024K(173056K) Eden: 171520K(171520K)->0K(171520K) From: 1024K(1536K)->1024K(1536K)
[85.922s][info][gc,heap        ] GC(748) ParOldGen: 9163K(349696K)->9219K(349696K)
[85.922s][info][gc,metaspace   ] GC(748) Metaspace: 14370K(15232K)->14370K(15232K) NonClass: 12389K(12864K)->12389K(12864K) Class: 1981K(2368K)->1981K(2368K)
[85.922s][info][gc             ] GC(748) Pause Young (Allocation Failure) 177M->10M(510M) 2.399ms
[85.922s][info][gc,cpu         ] GC(748) User=0.00s Sys=0.00s Real=0.00s
[86.121s][info][gc,start       ] GC(749) Pause Young (Allocation Failure)
[86.124s][info][gc,heap        ] GC(749) PSYoungGen: 172544K(173056K)->992K(173056K) Eden: 171520K(171520K)->0K(171520K) From: 1024K(1536K)->992K(1536K)
[86.124s][info][gc,heap        ] GC(749) ParOldGen: 9219K(349696K)->9275K(349696K)
[86.124s][info][gc,metaspace   ] GC(749) Metaspace: 14370K(15232K)->14370K(15232K) NonClass: 12389K(12864K)->12389K(12864K) Class: 1981K(2368K)->1981K(2368K)
[86.124s][info][gc             ] GC(749) Pause Young (Allocation Failure) 177M->10M(510M) 3.273ms
[86.124s][info][gc,cpu         ] GC(749) User=0.00s Sys=0.00s Real=0.00s
[86.258s][info][gc,start       ] GC(750) Pause Young (Allocation Failure)
[86.261s][info][gc,heap        ] GC(750) PSYoungGen: 172512K(173056K)->992K(173056K) Eden: 171520K(171520K)->0K(171520K) From: 992K(1536K)->992K(1536K)
[86.261s][info][gc,heap        ] GC(750) ParOldGen: 9275K(349696K)->9355K(349696K)
[86.261s][info][gc,metaspace   ] GC(750) Metaspace: 14370K(15232K)->14370K(15232K) NonClass: 12389K(12864K)->12389K(12864K) Class: 1981K(2368K)->1981K(2368K)
[86.261s][info][gc             ] GC(750) Pause Young (Allocation Failure) 177M->10M(510M) 2.257ms
[86.261s][info][gc,cpu         ] GC(750) User=0.00s Sys=0.00s Real=0.00s
[86.398s][info][gc,start       ] GC(751) Pause Young (Allocation Failure)
[86.400s][info][gc,heap        ] GC(751) PSYoungGen: 172512K(173056K)->1024K(173056K) Eden: 171520K(171520K)->0K(171520K) From: 992K(1536K)->1024K(1536K)
[86.400s][info][gc,heap        ] GC(751) ParOldGen: 9355K(349696K)->9403K(349696K)
[86.401s][info][gc,metaspace   ] GC(751) Metaspace: 14370K(15232K)->14370K(15232K) NonClass: 12389K(12864K)->12389K(12864K) Class: 1981K(2368K)->1981K(2368K)
[86.401s][info][gc             ] GC(751) Pause Young (Allocation Failure) 177M->10M(510M) 2.155ms
[86.401s][info][gc,cpu         ] GC(751) User=0.00s Sys=0.00s Real=0.00s
[86.537s][info][gc,start       ] GC(752) Pause Young (Allocation Failure)
[86.540s][info][gc,heap        ] GC(752) PSYoungGen: 172544K(173056K)->1024K(173056K) Eden: 171520K(171520K)->0K(171520K) From: 1024K(1536K)->1024K(1536K)
[86.540s][info][gc,heap        ] GC(752) ParOldGen: 9403K(349696K)->9475K(349696K)
[86.540s][info][gc,metaspace   ] GC(752) Metaspace: 14370K(15232K)->14370K(15232K) NonClass: 12389K(12864K)->12389K(12864K) Class: 1981K(2368K)->1981K(2368K)
[86.540s][info][gc             ] GC(752) Pause Young (Allocation Failure) 177M->10M(510M) 2.096ms
[86.540s][info][gc,cpu         ] GC(752) User=0.00s Sys=0.00s Real=0.00s
[86.666s][info][gc,start       ] GC(753) Pause Young (Allocation Failure)
[86.668s][info][gc,heap        ] GC(753) PSYoungGen: 172544K(173056K)->1024K(173056K) Eden: 171520K(171520K)->0K(171520K) From: 1024K(1536K)->1024K(1536K)
[86.668s][info][gc,heap        ] GC(753) ParOldGen: 9475K(349696K)->9515K(349696K)
[86.668s][info][gc,metaspace   ] GC(753) Metaspace: 14370K(15232K)->14370K(15232K) NonClass: 12389K(12864K)->12389K(12864K) Class: 1981K(2368K)->1981K(2368K)
[86.668s][info][gc             ] GC(753) Pause Young (Allocation Failure) 177M->10M(510M) 2.039ms
[86.668s][info][gc,cpu         ] GC(753) User=0.00s Sys=0.00s Real=0.00s
[86.793s][info][gc,start       ] GC(754) Pause Young (Allocation Failure)
[86.795s][info][gc,heap        ] GC(754) PSYoungGen: 172544K(173056K)->1024K(173056K) Eden: 171520K(171520K)->0K(171520K) From: 1024K(1536K)->1024K(1536K)
[86.795s][info][gc,heap        ] GC(754) ParOldGen: 9515K(349696K)->9555K(349696K)
[86.795s][info][gc,metaspace   ] GC(754) Metaspace: 14370K(15232K)->14370K(15232K) NonClass: 12389K(12864K)->12389K(12864K) Class: 1981K(2368K)->1981K(2368K)
[86.795s][info][gc             ] GC(754) Pause Young (Allocation Failure) 177M->10M(510M) 2.025ms
[86.795s][info][gc,cpu         ] GC(754) User=0.00s Sys=0.00s Real=0.00s
[86.914s][info][gc,start       ] GC(755) Pause Young (Allocation Failure)
[86.916s][info][gc,heap        ] GC(755) PSYoungGen: 172544K(173056K)->1024K(173056K) Eden: 171520K(171520K)->0K(171520K) From: 1024K(1536K)->1024K(1536K)
[86.916s][info][gc,heap        ] GC(755) ParOldGen: 9555K(349696K)->9611K(349696K)
[86.916s][info][gc,metaspace   ] GC(755) Metaspace: 14370K(15232K)->14370K(15232K) NonClass: 12389K(12864K)->12389K(12864K) Class: 1981K(2368K)->1981K(2368K)
[86.916s][info][gc             ] GC(755) Pause Young (Allocation Failure) 177M->10M(510M) 2.005ms
[86.916s][info][gc,cpu         ] GC(755) User=0.00s Sys=0.00s Real=0.00s
[87.039s][info][gc,start       ] GC(756) Pause Young (Allocation Failure)
[87.041s][info][gc,heap        ] GC(756) PSYoungGen: 172544K(173056K)->1024K(173056K) Eden: 171520K(171520K)->0K(171520K) From: 1024K(1536K)->1024K(1536K)
[87.041s][info][gc,heap        ] GC(756) ParOldGen: 9611K(349696K)->9667K(349696K)
[87.041s][info][gc,metaspace   ] GC(756) Metaspace: 14370K(15232K)->14370K(15232K) NonClass: 12389K(12864K)->12389K(12864K) Class: 1981K(2368K)->1981K(2368K)
[87.041s][info][gc             ] GC(756) Pause Young (Allocation Failure) 177M->10M(510M) 2.023ms
[87.041s][info][gc,cpu         ] GC(756) User=0.00s Sys=0.00s Real=0.00s
[87.164s][info][gc,start       ] GC(757) Pause Young (Allocation Failure)
[87.166s][info][gc,heap        ] GC(757) PSYoungGen: 172544K(173056K)->1024K(173056K) Eden: 171520K(171520K)->0K(171520K) From: 1024K(1536K)->1024K(1536K)
[87.166s][info][gc,heap        ] GC(757) ParOldGen: 9667K(349696K)->9731K(349696K)
[87.166s][info][gc,metaspace   ] GC(757) Metaspace: 14370K(15232K)->14370K(15232K) NonClass: 12389K(12864K)->12389K(12864K) Class: 1981K(2368K)->1981K(2368K)
[87.166s][info][gc             ] GC(757) Pause Young (Allocation Failure) 177M->10M(510M) 2.056ms
[87.166s][info][gc,cpu         ] GC(757) User=0.00s Sys=0.00s Real=0.00s
[87.287s][info][gc,start       ] GC(758) Pause Young (Allocation Failure)
[87.289s][info][gc,heap        ] GC(758) PSYoungGen: 172544K(173056K)->1024K(173056K) Eden: 171520K(171520K)->0K(171520K) From: 1024K(1536K)->1024K(1536K)
[87.289s][info][gc,heap        ] GC(758) ParOldGen: 9731K(349696K)->9771K(349696K)
[87.289s][info][gc,metaspace   ] GC(758) Metaspace: 14370K(15232K)->14370K(15232K) NonClass: 12389K(12864K)->12389K(12864K) Class: 1981K(2368K)->1981K(2368K)
[87.289s][info][gc             ] GC(758) Pause Young (Allocation Failure) 178M->10M(510M) 2.067ms
[87.289s][info][gc,cpu         ] GC(758) User=0.00s Sys=0.00s Real=0.00s
[87.414s][info][gc,start       ] GC(759) Pause Young (Allocation Failure)
[87.416s][info][gc,heap        ] GC(759) PSYoungGen: 172544K(173056K)->960K(173056K) Eden: 171520K(171520K)->0K(171520K) From: 1024K(1536K)->960K(1536K)
[87.416s][info][gc,heap        ] GC(759) ParOldGen: 9771K(349696K)->9851K(349696K)
[87.416s][info][gc,metaspace   ] GC(759) Metaspace: 14370K(15232K)->14370K(15232K) NonClass: 12389K(12864K)->12389K(12864K) Class: 1981K(2368K)->1981K(2368K)
[87.416s][info][gc             ] GC(759) Pause Young (Allocation Failure) 178M->10M(510M) 2.146ms
[87.416s][info][gc,cpu         ] GC(759) User=0.00s Sys=0.00s Real=0.00s
[87.537s][info][gc,start       ] GC(760) Pause Young (Allocation Failure)
[87.539s][info][gc,heap        ] GC(760) PSYoungGen: 172480K(173056K)->1024K(173056K) Eden: 171520K(171520K)->0K(171520K) From: 960K(1536K)->1024K(1536K)
[87.539s][info][gc,heap        ] GC(760) ParOldGen: 9851K(349696K)->9907K(349696K)
[87.539s][info][gc,metaspace   ] GC(760) Metaspace: 14370K(15232K)->14370K(15232K) NonClass: 12389K(12864K)->12389K(12864K) Class: 1981K(2368K)->1981K(2368K)
[87.539s][info][gc             ] GC(760) Pause Young (Allocation Failure) 178M->10M(510M) 2.101ms
[87.539s][info][gc,cpu         ] GC(760) User=0.00s Sys=0.00s Real=0.00s
[87.663s][info][gc,start       ] GC(761) Pause Young (Allocation Failure)
[87.665s][info][gc,heap        ] GC(761) PSYoungGen: 172544K(173056K)->1024K(173056K) Eden: 171520K(171520K)->0K(171520K) From: 1024K(1536K)->1024K(1536K)
[87.665s][info][gc,heap        ] GC(761) ParOldGen: 9907K(349696K)->9963K(349696K)
[87.665s][info][gc,metaspace   ] GC(761) Metaspace: 14370K(15232K)->14370K(15232K) NonClass: 12389K(12864K)->12389K(12864K) Class: 1981K(2368K)->1981K(2368K)
[87.665s][info][gc             ] GC(761) Pause Young (Allocation Failure) 178M->10M(510M) 2.131ms
[87.665s][info][gc,cpu         ] GC(761) User=0.00s Sys=0.00s Real=0.00s
[87.790s][info][gc,start       ] GC(762) Pause Young (Allocation Failure)
[87.792s][info][gc,heap        ] GC(762) PSYoungGen: 172544K(173056K)->1024K(173056K) Eden: 171520K(171520K)->0K(171520K) From: 1024K(1536K)->1024K(1536K)
[87.792s][info][gc,heap        ] GC(762) ParOldGen: 9963K(349696K)->10003K(349696K)
[87.792s][info][gc,metaspace   ] GC(762) Metaspace: 14370K(15232K)->14370K(15232K) NonClass: 12389K(12864K)->12389K(12864K) Class: 1981K(2368K)->1981K(2368K)
[87.792s][info][gc             ] GC(762) Pause Young (Allocation Failure) 178M->10M(510M) 2.104ms
[87.792s][info][gc,cpu         ] GC(762) User=0.00s Sys=0.00s Real=0.00s
[87.913s][info][gc,start       ] GC(763) Pause Young (Allocation Failure)
[87.915s][info][gc,heap        ] GC(763) PSYoungGen: 172544K(173056K)->1024K(173056K) Eden: 171520K(171520K)->0K(171520K) From: 1024K(1536K)->1024K(1536K)
[87.915s][info][gc,heap        ] GC(763) ParOldGen: 10003K(349696K)->10043K(349696K)
[87.915s][info][gc,metaspace   ] GC(763) Metaspace: 14370K(15232K)->14370K(15232K) NonClass: 12389K(12864K)->12389K(12864K) Class: 1981K(2368K)->1981K(2368K)
[87.915s][info][gc             ] GC(763) Pause Young (Allocation Failure) 178M->10M(510M) 2.142ms
[87.915s][info][gc,cpu         ] GC(763) User=0.00s Sys=0.00s Real=0.00s
[88.039s][info][gc,start       ] GC(764) Pause Young (Allocation Failure)
[88.041s][info][gc,heap        ] GC(764) PSYoungGen: 172544K(173056K)->1024K(173056K) Eden: 171520K(171520K)->0K(171520K) From: 1024K(1536K)->1024K(1536K)
[88.041s][info][gc,heap        ] GC(764) ParOldGen: 10043K(349696K)->10107K(349696K)
[88.041s][info][gc,metaspace   ] GC(764) Metaspace: 14370K(15232K)->14370K(15232K) NonClass: 12389K(12864K)->12389K(12864K) Class: 1981K(2368K)->1981K(2368K)
[88.042s][info][gc             ] GC(764) Pause Young (Allocation Failure) 178M->10M(510M) 2.162ms
[88.042s][info][gc,cpu         ] GC(764) User=0.00s Sys=0.00s Real=0.00s
[88.164s][info][gc,start       ] GC(765) Pause Young (Allocation Failure)
[88.166s][info][gc,heap        ] GC(765) PSYoungGen: 172544K(173056K)->1024K(173056K) Eden: 171520K(171520K)->0K(171520K) From: 1024K(1536K)->1024K(1536K)
[88.166s][info][gc,heap        ] GC(765) ParOldGen: 10107K(349696K)->10139K(349696K)
[88.166s][info][gc,metaspace   ] GC(765) Metaspace: 14370K(15232K)->14370K(15232K) NonClass: 12389K(12864K)->12389K(12864K) Class: 1981K(2368K)->1981K(2368K)
[88.166s][info][gc             ] GC(765) Pause Young (Allocation Failure) 178M->10M(510M) 2.175ms
[88.166s][info][gc,cpu         ] GC(765) User=0.00s Sys=0.00s Real=0.00s
[88.287s][info][gc,start       ] GC(766) Pause Young (Allocation Failure)
[88.289s][info][gc,heap        ] GC(766) PSYoungGen: 172544K(173056K)->1024K(173056K) Eden: 171520K(171520K)->0K(171520K) From: 1024K(1536K)->1024K(1536K)
[88.289s][info][gc,heap        ] GC(766) ParOldGen: 10139K(349696K)->10179K(349696K)
[88.289s][info][gc,metaspace   ] GC(766) Metaspace: 14370K(15232K)->14370K(15232K) NonClass: 12389K(12864K)->12389K(12864K) Class: 1981K(2368K)->1981K(2368K)
[88.289s][info][gc             ] GC(766) Pause Young (Allocation Failure) 178M->10M(510M) 2.179ms
[88.289s][info][gc,cpu         ] GC(766) User=0.00s Sys=0.00s Real=0.00s
[88.412s][info][gc,start       ] GC(767) Pause Young (Allocation Failure)
[88.415s][info][gc,heap        ] GC(767) PSYoungGen: 172544K(173056K)->1024K(173056K) Eden: 171520K(171520K)->0K(171520K) From: 1024K(1536K)->1024K(1536K)
[88.415s][info][gc,heap        ] GC(767) ParOldGen: 10179K(349696K)->10227K(349696K)
[88.415s][info][gc,metaspace   ] GC(767) Metaspace: 14370K(15232K)->14370K(15232K) NonClass: 12389K(12864K)->12389K(12864K) Class: 1981K(2368K)->1981K(2368K)
[88.415s][info][gc             ] GC(767) Pause Young (Allocation Failure) 178M->10M(510M) 2.261ms
[88.415s][info][gc,cpu         ] GC(767) User=0.00s Sys=0.00s Real=0.00s
[88.539s][info][gc,start       ] GC(768) Pause Young (Allocation Failure)
[88.541s][info][gc,heap        ] GC(768) PSYoungGen: 172544K(173056K)->1024K(173056K) Eden: 171520K(171520K)->0K(171520K) From: 1024K(1536K)->1024K(1536K)
[88.542s][info][gc,heap        ] GC(768) ParOldGen: 10227K(349696K)->10275K(349696K)
[88.542s][info][gc,metaspace   ] GC(768) Metaspace: 14370K(15232K)->14370K(15232K) NonClass: 12389K(12864K)->12389K(12864K) Class: 1981K(2368K)->1981K(2368K)
[88.542s][info][gc             ] GC(768) Pause Young (Allocation Failure) 178M->11M(510M) 2.265ms
[88.542s][info][gc,cpu         ] GC(768) User=0.00s Sys=0.00s Real=0.00s
[88.667s][info][gc,start       ] GC(769) Pause Young (Allocation Failure)
[88.669s][info][gc,heap        ] GC(769) PSYoungGen: 172544K(173056K)->1024K(173056K) Eden: 171520K(171520K)->0K(171520K) From: 1024K(1536K)->1024K(1536K)
[88.669s][info][gc,heap        ] GC(769) ParOldGen: 10275K(349696K)->10339K(349696K)
[88.669s][info][gc,metaspace   ] GC(769) Metaspace: 14370K(15232K)->14370K(15232K) NonClass: 12389K(12864K)->12389K(12864K) Class: 1981K(2368K)->1981K(2368K)
[88.669s][info][gc             ] GC(769) Pause Young (Allocation Failure) 178M->11M(510M) 2.322ms
[88.669s][info][gc,cpu         ] GC(769) User=0.00s Sys=0.00s Real=0.00s
[88.793s][info][gc,start       ] GC(770) Pause Young (Allocation Failure)
[88.795s][info][gc,heap        ] GC(770) PSYoungGen: 172544K(173056K)->1024K(173056K) Eden: 171520K(171520K)->0K(171520K) From: 1024K(1536K)->1024K(1536K)
[88.795s][info][gc,heap        ] GC(770) ParOldGen: 10339K(349696K)->10403K(349696K)
[88.795s][info][gc,metaspace   ] GC(770) Metaspace: 14370K(15232K)->14370K(15232K) NonClass: 12389K(12864K)->12389K(12864K) Class: 1981K(2368K)->1981K(2368K)
[88.795s][info][gc             ] GC(770) Pause Young (Allocation Failure) 178M->11M(510M) 2.295ms
[88.795s][info][gc,cpu         ] GC(770) User=0.00s Sys=0.00s Real=0.00s
[88.917s][info][gc,start       ] GC(771) Pause Young (Allocation Failure)
[88.919s][info][gc,heap        ] GC(771) PSYoungGen: 172544K(173056K)->992K(173056K) Eden: 171520K(171520K)->0K(171520K) From: 1024K(1536K)->992K(1536K)
[88.919s][info][gc,heap        ] GC(771) ParOldGen: 10403K(349696K)->10443K(349696K)
[88.919s][info][gc,metaspace   ] GC(771) Metaspace: 14370K(15232K)->14370K(15232K) NonClass: 12389K(12864K)->12389K(12864K) Class: 1981K(2368K)->1981K(2368K)
[88.919s][info][gc             ] GC(771) Pause Young (Allocation Failure) 178M->11M(510M) 2.343ms
[88.919s][info][gc,cpu         ] GC(771) User=0.00s Sys=0.00s Real=0.00s
[89.044s][info][gc,start       ] GC(772) Pause Young (Allocation Failure)
[89.046s][info][gc,heap        ] GC(772) PSYoungGen: 172512K(173056K)->1024K(173056K) Eden: 171520K(171520K)->0K(171520K) From: 992K(1536K)->1024K(1536K)
[89.046s][info][gc,heap        ] GC(772) ParOldGen: 10443K(349696K)->10491K(349696K)
[89.046s][info][gc,metaspace   ] GC(772) Metaspace: 14370K(15232K)->14370K(15232K) NonClass: 12389K(12864K)->12389K(12864K) Class: 1981K(2368K)->1981K(2368K)
[89.046s][info][gc             ] GC(772) Pause Young (Allocation Failure) 178M->11M(510M) 2.347ms
[89.046s][info][gc,cpu         ] GC(772) User=0.00s Sys=0.00s Real=0.00s
[89.169s][info][gc,start       ] GC(773) Pause Young (Allocation Failure)
[89.171s][info][gc,heap        ] GC(773) PSYoungGen: 172544K(173056K)->1024K(173056K) Eden: 171520K(171520K)->0K(171520K) From: 1024K(1536K)->1024K(1536K)
[89.171s][info][gc,heap        ] GC(773) ParOldGen: 10491K(349696K)->10531K(349696K)
[89.171s][info][gc,metaspace   ] GC(773) Metaspace: 14370K(15232K)->14370K(15232K) NonClass: 12389K(12864K)->12389K(12864K) Class: 1981K(2368K)->1981K(2368K)
[89.171s][info][gc             ] GC(773) Pause Young (Allocation Failure) 178M->11M(510M) 2.357ms
[89.171s][info][gc,cpu         ] GC(773) User=0.00s Sys=0.00s Real=0.00s
[89.295s][info][gc,start       ] GC(774) Pause Young (Allocation Failure)
[89.297s][info][gc,heap        ] GC(774) PSYoungGen: 172544K(173056K)->992K(173056K) Eden: 171520K(171520K)->0K(171520K) From: 1024K(1536K)->992K(1536K)
[89.298s][info][gc,heap        ] GC(774) ParOldGen: 10531K(349696K)->10587K(349696K)
[89.298s][info][gc,metaspace   ] GC(774) Metaspace: 14370K(15232K)->14370K(15232K) NonClass: 12389K(12864K)->12389K(12864K) Class: 1981K(2368K)->1981K(2368K)
[89.298s][info][gc             ] GC(774) Pause Young (Allocation Failure) 178M->11M(510M) 2.429ms
[89.298s][info][gc,cpu         ] GC(774) User=0.00s Sys=0.00s Real=0.00s
[89.421s][info][gc,start       ] GC(775) Pause Young (Allocation Failure)
[89.424s][info][gc,heap        ] GC(775) PSYoungGen: 172512K(173056K)->1024K(173056K) Eden: 171520K(171520K)->0K(171520K) From: 992K(1536K)->1024K(1536K)
[89.424s][info][gc,heap        ] GC(775) ParOldGen: 10587K(349696K)->10643K(349696K)
[89.424s][info][gc,metaspace   ] GC(775) Metaspace: 14370K(15232K)->14370K(15232K) NonClass: 12389K(12864K)->12389K(12864K) Class: 1981K(2368K)->1981K(2368K)
[89.424s][info][gc             ] GC(775) Pause Young (Allocation Failure) 178M->11M(510M) 2.427ms
[89.424s][info][gc,cpu         ] GC(775) User=0.00s Sys=0.00s Real=0.00s
[89.549s][info][gc,start       ] GC(776) Pause Young (Allocation Failure)
[89.551s][info][gc,heap        ] GC(776) PSYoungGen: 172544K(173056K)->992K(173056K) Eden: 171520K(171520K)->0K(171520K) From: 1024K(1536K)->992K(1536K)
[89.551s][info][gc,heap        ] GC(776) ParOldGen: 10643K(349696K)->10691K(349696K)
[89.551s][info][gc,metaspace   ] GC(776) Metaspace: 14370K(15232K)->14370K(15232K) NonClass: 12389K(12864K)->12389K(12864K) Class: 1981K(2368K)->1981K(2368K)
[89.551s][info][gc             ] GC(776) Pause Young (Allocation Failure) 178M->11M(510M) 2.426ms
[89.551s][info][gc,cpu         ] GC(776) User=0.52s Sys=0.00s Real=0.00s
[89.678s][info][gc,start       ] GC(777) Pause Young (Allocation Failure)
[89.680s][info][gc,heap        ] GC(777) PSYoungGen: 172512K(173056K)->1024K(173056K) Eden: 171520K(171520K)->0K(171520K) From: 992K(1536K)->1024K(1536K)
[89.680s][info][gc,heap        ] GC(777) ParOldGen: 10691K(349696K)->10755K(349696K)
[89.680s][info][gc,metaspace   ] GC(777) Metaspace: 14370K(15232K)->14370K(15232K) NonClass: 12389K(12864K)->12389K(12864K) Class: 1981K(2368K)->1981K(2368K)
[89.680s][info][gc             ] GC(777) Pause Young (Allocation Failure) 178M->11M(510M) 2.423ms
[89.680s][info][gc,cpu         ] GC(777) User=0.00s Sys=0.00s Real=0.00s
[89.922s][info][gc,start       ] GC(778) Pause Young (Allocation Failure)
[89.925s][info][gc,heap        ] GC(778) PSYoungGen: 172544K(173056K)->992K(173056K) Eden: 171520K(171520K)->0K(171520K) From: 1024K(1536K)->992K(1536K)
[89.925s][info][gc,heap        ] GC(778) ParOldGen: 10755K(349696K)->10795K(349696K)
[89.926s][info][gc,metaspace   ] GC(778) Metaspace: 14370K(15232K)->14370K(15232K) NonClass: 12389K(12864K)->12389K(12864K) Class: 1981K(2368K)->1981K(2368K)
[89.926s][info][gc             ] GC(778) Pause Young (Allocation Failure) 179M->11M(510M) 3.300ms
[89.926s][info][gc,cpu         ] GC(778) User=0.00s Sys=0.00s Real=0.00s
[90.060s][info][gc,start       ] GC(779) Pause Young (Allocation Failure)
[90.063s][info][gc,heap        ] GC(779) PSYoungGen: 172512K(173056K)->1024K(173056K) Eden: 171520K(171520K)->0K(171520K) From: 992K(1536K)->1024K(1536K)
[90.063s][info][gc,heap        ] GC(779) ParOldGen: 10795K(349696K)->10835K(349696K)
[90.063s][info][gc,metaspace   ] GC(779) Metaspace: 14370K(15232K)->14370K(15232K) NonClass: 12389K(12864K)->12389K(12864K) Class: 1981K(2368K)->1981K(2368K)
[90.063s][info][gc             ] GC(779) Pause Young (Allocation Failure) 179M->11M(510M) 2.327ms
[90.063s][info][gc,cpu         ] GC(779) User=0.00s Sys=0.00s Real=0.00s
[90.199s][info][gc,start       ] GC(780) Pause Young (Allocation Failure)
[90.201s][info][gc,heap        ] GC(780) PSYoungGen: 172544K(173056K)->1024K(173056K) Eden: 171520K(171520K)->0K(171520K) From: 1024K(1536K)->1024K(1536K)
[90.201s][info][gc,heap        ] GC(780) ParOldGen: 10835K(349696K)->10891K(349696K)
[90.201s][info][gc,metaspace   ] GC(780) Metaspace: 14370K(15232K)->14370K(15232K) NonClass: 12389K(12864K)->12389K(12864K) Class: 1981K(2368K)->1981K(2368K)
[90.201s][info][gc             ] GC(780) Pause Young (Allocation Failure) 179M->11M(510M) 2.298ms
[90.202s][info][gc,cpu         ] GC(780) User=0.00s Sys=0.00s Real=0.00s
[90.338s][info][gc,start       ] GC(781) Pause Young (Allocation Failure)
[90.340s][info][gc,heap        ] GC(781) PSYoungGen: 172543K(173056K)->1024K(173056K) Eden: 171519K(171520K)->0K(171520K) From: 1024K(1536K)->1024K(1536K)
[90.340s][info][gc,heap        ] GC(781) ParOldGen: 10891K(349696K)->10971K(349696K)
[90.340s][info][gc,metaspace   ] GC(781) Metaspace: 14370K(15232K)->14370K(15232K) NonClass: 12389K(12864K)->12389K(12864K) Class: 1981K(2368K)->1981K(2368K)
[90.340s][info][gc             ] GC(781) Pause Young (Allocation Failure) 179M->11M(510M) 2.179ms
[90.340s][info][gc,cpu         ] GC(781) User=0.00s Sys=0.00s Real=0.00s
[90.467s][info][gc,start       ] GC(782) Pause Young (Allocation Failure)
[90.469s][info][gc,heap        ] GC(782) PSYoungGen: 172544K(173056K)->1024K(173056K) Eden: 171520K(171520K)->0K(171520K) From: 1024K(1536K)->1024K(1536K)
[90.469s][info][gc,heap        ] GC(782) ParOldGen: 10971K(349696K)->11051K(349696K)
[90.469s][info][gc,metaspace   ] GC(782) Metaspace: 14370K(15232K)->14370K(15232K) NonClass: 12389K(12864K)->12389K(12864K) Class: 1981K(2368K)->1981K(2368K)
[90.469s][info][gc             ] GC(782) Pause Young (Allocation Failure) 179M->11M(510M) 2.083ms
[90.469s][info][gc,cpu         ] GC(782) User=0.00s Sys=0.00s Real=0.00s
[90.589s][info][gc,start       ] GC(783) Pause Young (Allocation Failure)
[90.591s][info][gc,heap        ] GC(783) PSYoungGen: 172544K(173056K)->1024K(173056K) Eden: 171520K(171520K)->0K(171520K) From: 1024K(1536K)->1024K(1536K)
[90.591s][info][gc,heap        ] GC(783) ParOldGen: 11051K(349696K)->11115K(349696K)
[90.591s][info][gc,metaspace   ] GC(783) Metaspace: 14370K(15232K)->14370K(15232K) NonClass: 12389K(12864K)->12389K(12864K) Class: 1981K(2368K)->1981K(2368K)
[90.591s][info][gc             ] GC(783) Pause Young (Allocation Failure) 179M->11M(510M) 2.040ms
[90.591s][info][gc,cpu         ] GC(783) User=0.00s Sys=0.00s Real=0.00s
[90.716s][info][gc,start       ] GC(784) Pause Young (Allocation Failure)
[90.718s][info][gc,heap        ] GC(784) PSYoungGen: 172544K(173056K)->1024K(173056K) Eden: 171520K(171520K)->0K(171520K) From: 1024K(1536K)->1024K(1536K)
[90.718s][info][gc,heap        ] GC(784) ParOldGen: 11115K(349696K)->11163K(349696K)
[90.718s][info][gc,metaspace   ] GC(784) Metaspace: 14370K(15232K)->14370K(15232K) NonClass: 12389K(12864K)->12389K(12864K) Class: 1981K(2368K)->1981K(2368K)
[90.718s][info][gc             ] GC(784) Pause Young (Allocation Failure) 179M->11M(510M) 2.075ms
[90.718s][info][gc,cpu         ] GC(784) User=0.00s Sys=0.00s Real=0.00s
[90.841s][info][gc,start       ] GC(785) Pause Young (Allocation Failure)
[90.843s][info][gc,heap        ] GC(785) PSYoungGen: 172544K(173056K)->992K(173056K) Eden: 171520K(171520K)->0K(171520K) From: 1024K(1536K)->992K(1536K)
[90.843s][info][gc,heap        ] GC(785) ParOldGen: 11163K(349696K)->11219K(349696K)
[90.843s][info][gc,metaspace   ] GC(785) Metaspace: 14370K(15232K)->14370K(15232K) NonClass: 12389K(12864K)->12389K(12864K) Class: 1981K(2368K)->1981K(2368K)
[90.843s][info][gc             ] GC(785) Pause Young (Allocation Failure) 179M->11M(510M) 2.083ms
[90.844s][info][gc,cpu         ] GC(785) User=0.00s Sys=0.00s Real=0.00s
[90.967s][info][gc,start       ] GC(786) Pause Young (Allocation Failure)
[90.969s][info][gc,heap        ] GC(786) PSYoungGen: 172512K(173056K)->1024K(173056K) Eden: 171520K(171520K)->0K(171520K) From: 992K(1536K)->1024K(1536K)
[90.969s][info][gc,heap        ] GC(786) ParOldGen: 11219K(349696K)->11291K(349696K)
[90.969s][info][gc,metaspace   ] GC(786) Metaspace: 14370K(15232K)->14370K(15232K) NonClass: 12389K(12864K)->12389K(12864K) Class: 1981K(2368K)->1981K(2368K)
[90.969s][info][gc             ] GC(786) Pause Young (Allocation Failure) 179M->12M(510M) 2.080ms
[90.969s][info][gc,cpu         ] GC(786) User=0.00s Sys=0.00s Real=0.00s
[91.092s][info][gc,start       ] GC(787) Pause Young (Allocation Failure)
[91.094s][info][gc,heap        ] GC(787) PSYoungGen: 172544K(173056K)->960K(173056K) Eden: 171520K(171520K)->0K(171520K) From: 1024K(1536K)->960K(1536K)
[91.094s][info][gc,heap        ] GC(787) ParOldGen: 11291K(349696K)->11347K(349696K)
[91.094s][info][gc,metaspace   ] GC(787) Metaspace: 14370K(15232K)->14370K(15232K) NonClass: 12389K(12864K)->12389K(12864K) Class: 1981K(2368K)->1981K(2368K)
[91.094s][info][gc             ] GC(787) Pause Young (Allocation Failure) 179M->12M(510M) 2.128ms
[91.094s][info][gc,cpu         ] GC(787) User=0.00s Sys=0.00s Real=0.00s
[91.216s][info][gc,start       ] GC(788) Pause Young (Allocation Failure)
[91.218s][info][gc,heap        ] GC(788) PSYoungGen: 172480K(173056K)->992K(173056K) Eden: 171520K(171520K)->0K(171520K) From: 960K(1536K)->992K(1536K)
[91.218s][info][gc,heap        ] GC(788) ParOldGen: 11347K(349696K)->11415K(349696K)
[91.218s][info][gc,metaspace   ] GC(788) Metaspace: 14370K(15232K)->14370K(15232K) NonClass: 12389K(12864K)->12389K(12864K) Class: 1981K(2368K)->1981K(2368K)
[91.218s][info][gc             ] GC(788) Pause Young (Allocation Failure) 179M->12M(510M) 2.132ms
[91.218s][info][gc,cpu         ] GC(788) User=0.00s Sys=0.00s Real=0.00s
[91.343s][info][gc,start       ] GC(789) Pause Young (Allocation Failure)
[91.345s][info][gc,heap        ] GC(789) PSYoungGen: 172512K(173056K)->1024K(173056K) Eden: 171520K(171520K)->0K(171520K) From: 992K(1536K)->1024K(1536K)
[91.345s][info][gc,heap        ] GC(789) ParOldGen: 11415K(349696K)->11471K(349696K)
[91.345s][info][gc,metaspace   ] GC(789) Metaspace: 14370K(15232K)->14370K(15232K) NonClass: 12389K(12864K)->12389K(12864K) Class: 1981K(2368K)->1981K(2368K)
[91.345s][info][gc             ] GC(789) Pause Young (Allocation Failure) 179M->12M(510M) 2.110ms
[91.345s][info][gc,cpu         ] GC(789) User=0.00s Sys=0.00s Real=0.00s
[91.467s][info][gc,start       ] GC(790) Pause Young (Allocation Failure)
[91.470s][info][gc,heap        ] GC(790) PSYoungGen: 172544K(173056K)->1024K(173056K) Eden: 171520K(171520K)->0K(171520K) From: 1024K(1536K)->1024K(1536K)
[91.470s][info][gc,heap        ] GC(790) ParOldGen: 11471K(349696K)->11519K(349696K)
[91.470s][info][gc,metaspace   ] GC(790) Metaspace: 14370K(15232K)->14370K(15232K) NonClass: 12389K(12864K)->12389K(12864K) Class: 1981K(2368K)->1981K(2368K)
[91.470s][info][gc             ] GC(790) Pause Young (Allocation Failure) 179M->12M(510M) 2.133ms
[91.470s][info][gc,cpu         ] GC(790) User=0.00s Sys=0.00s Real=0.00s
[91.594s][info][gc,start       ] GC(791) Pause Young (Allocation Failure)
[91.596s][info][gc,heap        ] GC(791) PSYoungGen: 172544K(173056K)->1024K(173056K) Eden: 171520K(171520K)->0K(171520K) From: 1024K(1536K)->1024K(1536K)
[91.596s][info][gc,heap        ] GC(791) ParOldGen: 11519K(349696K)->11567K(349696K)
[91.596s][info][gc,metaspace   ] GC(791) Metaspace: 14370K(15232K)->14370K(15232K) NonClass: 12389K(12864K)->12389K(12864K) Class: 1981K(2368K)->1981K(2368K)
[91.596s][info][gc             ] GC(791) Pause Young (Allocation Failure) 179M->12M(510M) 2.160ms
[91.596s][info][gc,cpu         ] GC(791) User=0.00s Sys=0.00s Real=0.00s
[91.719s][info][gc,start       ] GC(792) Pause Young (Allocation Failure)
[91.721s][info][gc,heap        ] GC(792) PSYoungGen: 172544K(173056K)->1024K(173056K) Eden: 171520K(171520K)->0K(171520K) From: 1024K(1536K)->1024K(1536K)
[91.721s][info][gc,heap        ] GC(792) ParOldGen: 11567K(349696K)->11607K(349696K)
[91.721s][info][gc,metaspace   ] GC(792) Metaspace: 14370K(15232K)->14370K(15232K) NonClass: 12389K(12864K)->12389K(12864K) Class: 1981K(2368K)->1981K(2368K)
[91.721s][info][gc             ] GC(792) Pause Young (Allocation Failure) 179M->12M(510M) 2.168ms
[91.721s][info][gc,cpu         ] GC(792) User=0.00s Sys=0.00s Real=0.00s
[91.845s][info][gc,start       ] GC(793) Pause Young (Allocation Failure)
[91.847s][info][gc,heap        ] GC(793) PSYoungGen: 172544K(173056K)->1024K(173056K) Eden: 171520K(171520K)->0K(171520K) From: 1024K(1536K)->1024K(1536K)
[91.847s][info][gc,heap        ] GC(793) ParOldGen: 11607K(349696K)->11655K(349696K)
[91.847s][info][gc,metaspace   ] GC(793) Metaspace: 14370K(15232K)->14370K(15232K) NonClass: 12389K(12864K)->12389K(12864K) Class: 1981K(2368K)->1981K(2368K)
[91.847s][info][gc             ] GC(793) Pause Young (Allocation Failure) 179M->12M(510M) 2.248ms
[91.847s][info][gc,cpu         ] GC(793) User=0.00s Sys=0.00s Real=0.00s
[91.970s][info][gc,start       ] GC(794) Pause Young (Allocation Failure)
[91.973s][info][gc,heap        ] GC(794) PSYoungGen: 172544K(173056K)->1024K(173056K) Eden: 171520K(171520K)->0K(171520K) From: 1024K(1536K)->1024K(1536K)
[91.973s][info][gc,heap        ] GC(794) ParOldGen: 11655K(349696K)->11711K(349696K)
[91.973s][info][gc,metaspace   ] GC(794) Metaspace: 14370K(15232K)->14370K(15232K) NonClass: 12389K(12864K)->12389K(12864K) Class: 1981K(2368K)->1981K(2368K)
[91.973s][info][gc             ] GC(794) Pause Young (Allocation Failure) 179M->12M(510M) 2.231ms
[91.973s][info][gc,cpu         ] GC(794) User=0.00s Sys=0.00s Real=0.00s
[92.095s][info][gc,start       ] GC(795) Pause Young (Allocation Failure)
[92.098s][info][gc,heap        ] GC(795) PSYoungGen: 172544K(173056K)->1024K(173056K) Eden: 171520K(171520K)->0K(171520K) From: 1024K(1536K)->1024K(1536K)
[92.098s][info][gc,heap        ] GC(795) ParOldGen: 11711K(349696K)->11783K(349696K)
[92.098s][info][gc,metaspace   ] GC(795) Metaspace: 14370K(15232K)->14370K(15232K) NonClass: 12389K(12864K)->12389K(12864K) Class: 1981K(2368K)->1981K(2368K)
[92.098s][info][gc             ] GC(795) Pause Young (Allocation Failure) 179M->12M(510M) 2.257ms
[92.098s][info][gc,cpu         ] GC(795) User=0.00s Sys=0.00s Real=0.00s
[92.222s][info][gc,start       ] GC(796) Pause Young (Allocation Failure)
[92.224s][info][gc,heap        ] GC(796) PSYoungGen: 172544K(173056K)->1024K(173056K) Eden: 171520K(171520K)->0K(171520K) From: 1024K(1536K)->1024K(1536K)
[92.224s][info][gc,heap        ] GC(796) ParOldGen: 11783K(349696K)->11847K(349696K)
[92.224s][info][gc,metaspace   ] GC(796) Metaspace: 14370K(15232K)->14370K(15232K) NonClass: 12389K(12864K)->12389K(12864K) Class: 1981K(2368K)->1981K(2368K)
[92.224s][info][gc             ] GC(796) Pause Young (Allocation Failure) 180M->12M(510M) 2.291ms
[92.224s][info][gc,cpu         ] GC(796) User=0.52s Sys=0.00s Real=0.00s
[92.349s][info][gc,start       ] GC(797) Pause Young (Allocation Failure)
[92.352s][info][gc,heap        ] GC(797) PSYoungGen: 172544K(173056K)->1024K(173056K) Eden: 171520K(171520K)->0K(171520K) From: 1024K(1536K)->1024K(1536K)
[92.352s][info][gc,heap        ] GC(797) ParOldGen: 11847K(349696K)->11919K(349696K)
[92.352s][info][gc,metaspace   ] GC(797) Metaspace: 14370K(15232K)->14370K(15232K) NonClass: 12389K(12864K)->12389K(12864K) Class: 1981K(2368K)->1981K(2368K)
[92.352s][info][gc             ] GC(797) Pause Young (Allocation Failure) 180M->12M(510M) 2.331ms
[92.352s][info][gc,cpu         ] GC(797) User=0.00s Sys=0.00s Real=0.00s
[92.476s][info][gc,start       ] GC(798) Pause Young (Allocation Failure)
[92.478s][info][gc,heap        ] GC(798) PSYoungGen: 172544K(173056K)->1024K(173056K) Eden: 171520K(171520K)->0K(171520K) From: 1024K(1536K)->1024K(1536K)
[92.478s][info][gc,heap        ] GC(798) ParOldGen: 11919K(349696K)->11975K(349696K)
[92.478s][info][gc,metaspace   ] GC(798) Metaspace: 14370K(15232K)->14370K(15232K) NonClass: 12389K(12864K)->12389K(12864K) Class: 1981K(2368K)->1981K(2368K)
[92.478s][info][gc             ] GC(798) Pause Young (Allocation Failure) 180M->12M(510M) 2.360ms
[92.478s][info][gc,cpu         ] GC(798) User=0.00s Sys=0.00s Real=0.00s
[92.602s][info][gc,start       ] GC(799) Pause Young (Allocation Failure)
[92.604s][info][gc,heap        ] GC(799) PSYoungGen: 172544K(173056K)->1024K(173056K) Eden: 171520K(171520K)->0K(171520K) From: 1024K(1536K)->1024K(1536K)
[92.604s][info][gc,heap        ] GC(799) ParOldGen: 11975K(349696K)->12031K(349696K)
[92.604s][info][gc,metaspace   ] GC(799) Metaspace: 14370K(15232K)->14370K(15232K) NonClass: 12389K(12864K)->12389K(12864K) Class: 1981K(2368K)->1981K(2368K)
[92.604s][info][gc             ] GC(799) Pause Young (Allocation Failure) 180M->12M(510M) 2.347ms
[92.604s][info][gc,cpu         ] GC(799) User=0.00s Sys=0.00s Real=0.00s
[92.729s][info][gc,start       ] GC(800) Pause Young (Allocation Failure)
[92.731s][info][gc,heap        ] GC(800) PSYoungGen: 172544K(173056K)->1024K(173056K) Eden: 171520K(171520K)->0K(171520K) From: 1024K(1536K)->1024K(1536K)
[92.731s][info][gc,heap        ] GC(800) ParOldGen: 12031K(349696K)->12087K(349696K)
[92.731s][info][gc,metaspace   ] GC(800) Metaspace: 14370K(15232K)->14370K(15232K) NonClass: 12389K(12864K)->12389K(12864K) Class: 1981K(2368K)->1981K(2368K)
[92.731s][info][gc             ] GC(800) Pause Young (Allocation Failure) 180M->12M(510M) 2.385ms
[92.731s][info][gc,cpu         ] GC(800) User=0.00s Sys=0.00s Real=0.00s
[92.854s][info][gc,start       ] GC(801) Pause Young (Allocation Failure)
[92.856s][info][gc,heap        ] GC(801) PSYoungGen: 172544K(173056K)->1024K(173056K) Eden: 171520K(171520K)->0K(171520K) From: 1024K(1536K)->1024K(1536K)
[92.856s][info][gc,heap        ] GC(801) ParOldGen: 12087K(349696K)->12175K(349696K)
[92.856s][info][gc,metaspace   ] GC(801) Metaspace: 14370K(15232K)->14370K(15232K) NonClass: 12389K(12864K)->12389K(12864K) Class: 1981K(2368K)->1981K(2368K)
[92.856s][info][gc             ] GC(801) Pause Young (Allocation Failure) 180M->12M(510M) 2.436ms
[92.856s][info][gc,cpu         ] GC(801) User=0.00s Sys=0.00s Real=0.00s
[92.977s][info][gc,start       ] GC(802) Pause Young (Allocation Failure)
[92.979s][info][gc,heap        ] GC(802) PSYoungGen: 172544K(173056K)->1024K(173056K) Eden: 171520K(171520K)->0K(171520K) From: 1024K(1536K)->1024K(1536K)
[92.979s][info][gc,heap        ] GC(802) ParOldGen: 12175K(349696K)->12215K(349696K)
[92.979s][info][gc,metaspace   ] GC(802) Metaspace: 14370K(15232K)->14370K(15232K) NonClass: 12389K(12864K)->12389K(12864K) Class: 1981K(2368K)->1981K(2368K)
[92.979s][info][gc             ] GC(802) Pause Young (Allocation Failure) 180M->12M(510M) 2.455ms
[92.979s][info][gc,cpu         ] GC(802) User=0.00s Sys=0.00s Real=0.00s
[93.099s][info][gc,start       ] GC(803) Pause Young (Allocation Failure)
[93.102s][info][gc,heap        ] GC(803) PSYoungGen: 172544K(173056K)->1024K(173056K) Eden: 171520K(171520K)->0K(171520K) From: 1024K(1536K)->1024K(1536K)
[93.102s][info][gc,heap        ] GC(803) ParOldGen: 12215K(349696K)->12271K(349696K)
[93.102s][info][gc,metaspace   ] GC(803) Metaspace: 14370K(15232K)->14370K(15232K) NonClass: 12389K(12864K)->12389K(12864K) Class: 1981K(2368K)->1981K(2368K)
[93.102s][info][gc             ] GC(803) Pause Young (Allocation Failure) 180M->12M(510M) 2.446ms
[93.102s][info][gc,cpu         ] GC(803) User=0.00s Sys=0.00s Real=0.00s
[93.222s][info][gc,start       ] GC(804) Pause Young (Allocation Failure)
[93.225s][info][gc,heap        ] GC(804) PSYoungGen: 172544K(173056K)->1024K(173056K) Eden: 171520K(171520K)->0K(171520K) From: 1024K(1536K)->1024K(1536K)
[93.225s][info][gc,heap        ] GC(804) ParOldGen: 12271K(349696K)->12327K(349696K)
[93.225s][info][gc,metaspace   ] GC(804) Metaspace: 14370K(15232K)->14370K(15232K) NonClass: 12389K(12864K)->12389K(12864K) Class: 1981K(2368K)->1981K(2368K)
[93.225s][info][gc             ] GC(804) Pause Young (Allocation Failure) 180M->13M(510M) 2.558ms
[93.225s][info][gc,cpu         ] GC(804) User=0.00s Sys=0.02s Real=0.00s
[93.390s][info][gc,start       ] GC(805) Pause Young (Allocation Failure)
[93.393s][info][gc,heap        ] GC(805) PSYoungGen: 172544K(173056K)->1024K(173056K) Eden: 171520K(171520K)->0K(171520K) From: 1024K(1536K)->1024K(1536K)
[93.393s][info][gc,heap        ] GC(805) ParOldGen: 12327K(349696K)->12391K(349696K)
[93.393s][info][gc,metaspace   ] GC(805) Metaspace: 14370K(15232K)->14370K(15232K) NonClass: 12389K(12864K)->12389K(12864K) Class: 1981K(2368K)->1981K(2368K)
[93.393s][info][gc             ] GC(805) Pause Young (Allocation Failure) 180M->13M(510M) 2.720ms
[93.393s][info][gc,cpu         ] GC(805) User=0.00s Sys=0.00s Real=0.00s
[93.508s][info][gc,start       ] GC(806) Pause Young (Allocation Failure)
[93.510s][info][gc,heap        ] GC(806) PSYoungGen: 172544K(173056K)->992K(173056K) Eden: 171520K(171520K)->0K(171520K) From: 1024K(1536K)->992K(1536K)
[93.510s][info][gc,heap        ] GC(806) ParOldGen: 12391K(349696K)->12439K(349696K)
[93.510s][info][gc,metaspace   ] GC(806) Metaspace: 14370K(15232K)->14370K(15232K) NonClass: 12389K(12864K)->12389K(12864K) Class: 1981K(2368K)->1981K(2368K)
[93.510s][info][gc             ] GC(806) Pause Young (Allocation Failure) 180M->13M(510M) 2.533ms
[93.510s][info][gc,cpu         ] GC(806) User=0.00s Sys=0.00s Real=0.00s
[93.693s][info][gc,start       ] GC(807) Pause Young (Allocation Failure)
[93.697s][info][gc,heap        ] GC(807) PSYoungGen: 172512K(173056K)->1024K(173056K) Eden: 171520K(171520K)->0K(171520K) From: 992K(1536K)->1024K(1536K)
[93.697s][info][gc,heap        ] GC(807) ParOldGen: 12439K(349696K)->12503K(349696K)
[93.697s][info][gc,metaspace   ] GC(807) Metaspace: 14370K(15232K)->14370K(15232K) NonClass: 12389K(12864K)->12389K(12864K) Class: 1981K(2368K)->1981K(2368K)
[93.697s][info][gc             ] GC(807) Pause Young (Allocation Failure) 180M->13M(510M) 3.229ms
[93.697s][info][gc,cpu         ] GC(807) User=0.00s Sys=0.00s Real=0.00s
[93.813s][info][gc,start       ] GC(808) Pause Young (Allocation Failure)
[93.816s][info][gc,heap        ] GC(808) PSYoungGen: 172544K(173056K)->896K(173056K) Eden: 171520K(171520K)->0K(171520K) From: 1024K(1536K)->896K(1536K)
[93.816s][info][gc,heap        ] GC(808) ParOldGen: 12503K(349696K)->12543K(349696K)
[93.816s][info][gc,metaspace   ] GC(808) Metaspace: 14370K(15232K)->14370K(15232K) NonClass: 12389K(12864K)->12389K(12864K) Class: 1981K(2368K)->1981K(2368K)
[93.816s][info][gc             ] GC(808) Pause Young (Allocation Failure) 180M->13M(510M) 2.518ms
[93.816s][info][gc,cpu         ] GC(808) User=0.00s Sys=0.00s Real=0.00s
[93.910s][info][gc,start       ] GC(809) Pause Young (Allocation Failure)
[93.912s][info][gc,heap        ] GC(809) PSYoungGen: 172416K(173056K)->896K(173056K) Eden: 171520K(171520K)->0K(171520K) From: 896K(1536K)->896K(1536K)
[93.912s][info][gc,heap        ] GC(809) ParOldGen: 12543K(349696K)->12607K(349696K)
[93.912s][info][gc,metaspace   ] GC(809) Metaspace: 14370K(15232K)->14370K(15232K) NonClass: 12389K(12864K)->12389K(12864K) Class: 1981K(2368K)->1981K(2368K)
[93.912s][info][gc             ] GC(809) Pause Young (Allocation Failure) 180M->13M(510M) 2.347ms
[93.912s][info][gc,cpu         ] GC(809) User=0.52s Sys=0.00s Real=0.00s
[93.982s][info][gc,start       ] GC(810) Pause Young (Allocation Failure)
[93.984s][info][gc,heap        ] GC(810) PSYoungGen: 172416K(173056K)->768K(173056K) Eden: 171520K(171520K)->0K(171520K) From: 896K(1536K)->768K(1536K)
[93.984s][info][gc,heap        ] GC(810) ParOldGen: 12607K(349696K)->12631K(349696K)
[93.984s][info][gc,metaspace   ] GC(810) Metaspace: 14370K(15232K)->14370K(15232K) NonClass: 12389K(12864K)->12389K(12864K) Class: 1981K(2368K)->1981K(2368K)
[93.984s][info][gc             ] GC(810) Pause Young (Allocation Failure) 180M->13M(510M) 2.287ms
[93.984s][info][gc,cpu         ] GC(810) User=0.00s Sys=0.00s Real=0.00s
[94.056s][info][gc,start       ] GC(811) Pause Young (Allocation Failure)
[94.058s][info][gc,heap        ] GC(811) PSYoungGen: 172288K(173056K)->736K(173056K) Eden: 171520K(171520K)->0K(171520K) From: 768K(1536K)->736K(1536K)
[94.058s][info][gc,heap        ] GC(811) ParOldGen: 12631K(349696K)->12671K(349696K)
[94.058s][info][gc,metaspace   ] GC(811) Metaspace: 14370K(15232K)->14370K(15232K) NonClass: 12389K(12864K)->12389K(12864K) Class: 1981K(2368K)->1981K(2368K)
[94.058s][info][gc             ] GC(811) Pause Young (Allocation Failure) 180M->13M(510M) 2.077ms
[94.058s][info][gc,cpu         ] GC(811) User=0.00s Sys=0.00s Real=0.00s
[94.172s][info][gc,start       ] GC(812) Pause Young (Allocation Failure)
[94.174s][info][gc,heap        ] GC(812) PSYoungGen: 172256K(173056K)->448K(173056K) Eden: 171520K(171520K)->0K(171520K) From: 736K(1536K)->448K(1536K)
[94.174s][info][gc,heap        ] GC(812) ParOldGen: 12671K(349696K)->12711K(349696K)
[94.174s][info][gc,metaspace   ] GC(812) Metaspace: 14370K(15232K)->14370K(15232K) NonClass: 12389K(12864K)->12389K(12864K) Class: 1981K(2368K)->1981K(2368K)
[94.174s][info][gc             ] GC(812) Pause Young (Allocation Failure) 180M->12M(510M) 2.235ms
[94.175s][info][gc,cpu         ] GC(812) User=0.00s Sys=0.00s Real=0.00s
[94.404s][info][gc,start       ] GC(813) Pause Young (System.gc())
[94.406s][info][gc,heap        ] GC(813) PSYoungGen: 124113K(173056K)->256K(173056K) Eden: 123665K(171520K)->0K(171520K) From: 448K(1536K)->256K(1536K)
[94.406s][info][gc,heap        ] GC(813) ParOldGen: 12711K(349696K)->12759K(349696K)
[94.407s][info][gc,metaspace   ] GC(813) Metaspace: 14372K(15232K)->14372K(15232K) NonClass: 12391K(12864K)->12391K(12864K) Class: 1981K(2368K)->1981K(2368K)
[94.407s][info][gc             ] GC(813) Pause Young (System.gc()) 133M->12M(510M) 2.309ms
[94.407s][info][gc,cpu         ] GC(813) User=0.00s Sys=0.00s Real=0.00s
[94.407s][info][gc,start       ] GC(814) Pause Full (System.gc())
[94.407s][info][gc,phases,start] GC(814) Marking Phase
[94.419s][info][gc,phases      ] GC(814) Marking Phase 12.098ms
[94.419s][info][gc,phases,start] GC(814) Summary Phase
[94.419s][info][gc,phases      ] GC(814) Summary Phase 0.020ms
[94.419s][info][gc,phases,start] GC(814) Adjust Roots
[94.424s][info][gc,phases      ] GC(814) Adjust Roots 5.161ms
[94.424s][info][gc,phases,start] GC(814) Compaction Phase
[94.426s][info][gc,phases      ] GC(814) Compaction Phase 1.514ms
[94.426s][info][gc,phases,start] GC(814) Post Compact
[94.426s][info][gc,phases      ] GC(814) Post Compact 0.197ms
[94.426s][info][gc,heap        ] GC(814) PSYoungGen: 256K(173056K)->0K(173056K) Eden: 0K(171520K)->0K(171520K) From: 256K(1536K)->0K(1536K)
[94.426s][info][gc,heap        ] GC(814) ParOldGen: 12759K(349696K)->5380K(349696K)
[94.426s][info][gc,metaspace   ] GC(814) Metaspace: 14372K(15232K)->14372K(15232K) NonClass: 12391K(12864K)->12391K(12864K) Class: 1981K(2368K)->1981K(2368K)
[94.426s][info][gc             ] GC(814) Pause Full (System.gc()) 12M->5M(510M) 19.239ms
[94.426s][info][gc,cpu         ] GC(814) User=0.02s Sys=0.00s Real=0.01s
[94.574s][info][gc,start       ] GC(815) Pause Young (Allocation Failure)
[94.576s][info][gc,heap        ] GC(815) PSYoungGen: 171520K(173056K)->1536K(172032K) Eden: 171520K(171520K)->0K(170496K) From: 0K(1536K)->1536K(1536K)
[94.576s][info][gc,heap        ] GC(815) ParOldGen: 5380K(349696K)->5831K(349696K)
[94.576s][info][gc,metaspace   ] GC(815) Metaspace: 14372K(15232K)->14372K(15232K) NonClass: 12391K(12864K)->12391K(12864K) Class: 1981K(2368K)->1981K(2368K)
[94.576s][info][gc             ] GC(815) Pause Young (Allocation Failure) 172M->7M(509M) 2.374ms
[94.576s][info][gc,cpu         ] GC(815) User=0.00s Sys=0.00s Real=0.00s
[94.695s][info][gc,start       ] GC(816) Pause Young (Allocation Failure)
[94.697s][info][gc,heap        ] GC(816) PSYoungGen: 172032K(172032K)->1024K(172544K) Eden: 170496K(170496K)->0K(170496K) From: 1536K(1536K)->1024K(2048K)
[94.697s][info][gc,heap        ] GC(816) ParOldGen: 5831K(349696K)->7045K(349696K)
[94.697s][info][gc,metaspace   ] GC(816) Metaspace: 14372K(15232K)->14372K(15232K) NonClass: 12391K(12864K)->12391K(12864K) Class: 1981K(2368K)->1981K(2368K)
[94.697s][info][gc             ] GC(816) Pause Young (Allocation Failure) 173M->7M(510M) 2.156ms
[94.697s][info][gc,cpu         ] GC(816) User=0.00s Sys=0.00s Real=0.00s
[94.823s][info][gc,start       ] GC(817) Pause Young (Allocation Failure)
[94.825s][info][gc,heap        ] GC(817) PSYoungGen: 171519K(172544K)->960K(172544K) Eden: 170495K(170496K)->0K(170496K) From: 1024K(2048K)->960K(2048K)
[94.825s][info][gc,heap        ] GC(817) ParOldGen: 7045K(349696K)->7117K(349696K)
[94.825s][info][gc,metaspace   ] GC(817) Metaspace: 14372K(15232K)->14372K(15232K) NonClass: 12391K(12864K)->12391K(12864K) Class: 1981K(2368K)->1981K(2368K)
[94.825s][info][gc             ] GC(817) Pause Young (Allocation Failure) 174M->7M(510M) 2.225ms
[94.825s][info][gc,cpu         ] GC(817) User=0.00s Sys=0.00s Real=0.00s
[94.949s][info][gc,start       ] GC(818) Pause Young (Allocation Failure)
[94.951s][info][gc,heap        ] GC(818) PSYoungGen: 171456K(172544K)->1024K(171520K) Eden: 170496K(170496K)->0K(170496K) From: 960K(2048K)->1024K(1024K)
[94.951s][info][gc,heap        ] GC(818) ParOldGen: 7117K(349696K)->7173K(349696K)
[94.951s][info][gc,metaspace   ] GC(818) Metaspace: 14372K(15232K)->14372K(15232K) NonClass: 12391K(12864K)->12391K(12864K) Class: 1981K(2368K)->1981K(2368K)
[94.951s][info][gc             ] GC(818) Pause Young (Allocation Failure) 174M->8M(509M) 2.263ms
[94.951s][info][gc,cpu         ] GC(818) User=0.00s Sys=0.00s Real=0.00s
[95.078s][info][gc,start       ] GC(819) Pause Young (Allocation Failure)
[95.080s][info][gc,heap        ] GC(819) PSYoungGen: 171520K(171520K)->992K(172032K) Eden: 170496K(170496K)->0K(170496K) From: 1024K(1024K)->992K(1536K)
[95.081s][info][gc,heap        ] GC(819) ParOldGen: 7173K(349696K)->7245K(349696K)
[95.081s][info][gc,metaspace   ] GC(819) Metaspace: 14372K(15232K)->14372K(15232K) NonClass: 12391K(12864K)->12391K(12864K) Class: 1981K(2368K)->1981K(2368K)
[95.081s][info][gc             ] GC(819) Pause Young (Allocation Failure) 174M->8M(509M) 2.225ms
[95.081s][info][gc,cpu         ] GC(819) User=0.00s Sys=0.00s Real=0.00s
[95.209s][info][gc,start       ] GC(820) Pause Young (Allocation Failure)
[95.212s][info][gc,heap        ] GC(820) PSYoungGen: 171488K(172032K)->1024K(172032K) Eden: 170496K(170496K)->0K(170496K) From: 992K(1536K)->1024K(1536K)
[95.212s][info][gc,heap        ] GC(820) ParOldGen: 7245K(349696K)->7285K(349696K)
[95.212s][info][gc,metaspace   ] GC(820) Metaspace: 14372K(15232K)->14372K(15232K) NonClass: 12391K(12864K)->12391K(12864K) Class: 1981K(2368K)->1981K(2368K)
[95.212s][info][gc             ] GC(820) Pause Young (Allocation Failure) 174M->8M(509M) 2.218ms
[95.212s][info][gc,cpu         ] GC(820) User=0.00s Sys=0.00s Real=0.00s
[95.338s][info][gc,start       ] GC(821) Pause Young (Allocation Failure)
[95.340s][info][gc,heap        ] GC(821) PSYoungGen: 171520K(172032K)->1024K(173056K) Eden: 170496K(170496K)->0K(171520K) From: 1024K(1536K)->1024K(1536K)
[95.340s][info][gc,heap        ] GC(821) ParOldGen: 7285K(349696K)->7357K(349696K)
[95.340s][info][gc,metaspace   ] GC(821) Metaspace: 14372K(15232K)->14372K(15232K) NonClass: 12391K(12864K)->12391K(12864K) Class: 1981K(2368K)->1981K(2368K)
[95.340s][info][gc             ] GC(821) Pause Young (Allocation Failure) 174M->8M(510M) 2.229ms
[95.340s][info][gc,cpu         ] GC(821) User=0.00s Sys=0.00s Real=0.00s
[95.468s][info][gc,start       ] GC(822) Pause Young (Allocation Failure)
[95.471s][info][gc,heap        ] GC(822) PSYoungGen: 172544K(173056K)->992K(173056K) Eden: 171520K(171520K)->0K(171520K) From: 1024K(1536K)->992K(1536K)
[95.471s][info][gc,heap        ] GC(822) ParOldGen: 7357K(349696K)->7429K(349696K)
[95.471s][info][gc,metaspace   ] GC(822) Metaspace: 14372K(15232K)->14372K(15232K) NonClass: 12391K(12864K)->12391K(12864K) Class: 1981K(2368K)->1981K(2368K)
[95.471s][info][gc             ] GC(822) Pause Young (Allocation Failure) 175M->8M(510M) 2.252ms
[95.471s][info][gc,cpu         ] GC(822) User=0.00s Sys=0.00s Real=0.00s
[95.599s][info][gc,start       ] GC(823) Pause Young (Allocation Failure)
[95.601s][info][gc,heap        ] GC(823) PSYoungGen: 172512K(173056K)->1024K(173056K) Eden: 171520K(171520K)->0K(171520K) From: 992K(1536K)->1024K(1536K)
[95.601s][info][gc,heap        ] GC(823) ParOldGen: 7429K(349696K)->7493K(349696K)
[95.601s][info][gc,metaspace   ] GC(823) Metaspace: 14372K(15232K)->14372K(15232K) NonClass: 12391K(12864K)->12391K(12864K) Class: 1981K(2368K)->1981K(2368K)
[95.601s][info][gc             ] GC(823) Pause Young (Allocation Failure) 175M->8M(510M) 2.364ms
[95.601s][info][gc,cpu         ] GC(823) User=0.00s Sys=0.00s Real=0.00s
[95.728s][info][gc,start       ] GC(824) Pause Young (Allocation Failure)
[95.730s][info][gc,heap        ] GC(824) PSYoungGen: 172544K(173056K)->1024K(173056K) Eden: 171520K(171520K)->0K(171520K) From: 1024K(1536K)->1024K(1536K)
[95.730s][info][gc,heap        ] GC(824) ParOldGen: 7493K(349696K)->7557K(349696K)
[95.730s][info][gc,metaspace   ] GC(824) Metaspace: 14372K(15232K)->14372K(15232K) NonClass: 12391K(12864K)->12391K(12864K) Class: 1981K(2368K)->1981K(2368K)
[95.730s][info][gc             ] GC(824) Pause Young (Allocation Failure) 175M->8M(510M) 2.289ms
[95.730s][info][gc,cpu         ] GC(824) User=0.00s Sys=0.00s Real=0.00s
[95.858s][info][gc,start       ] GC(825) Pause Young (Allocation Failure)
[95.860s][info][gc,heap        ] GC(825) PSYoungGen: 172544K(173056K)->992K(173056K) Eden: 171520K(171520K)->0K(171520K) From: 1024K(1536K)->992K(1536K)
[95.860s][info][gc,heap        ] GC(825) ParOldGen: 7557K(349696K)->7605K(349696K)
[95.860s][info][gc,metaspace   ] GC(825) Metaspace: 14372K(15232K)->14372K(15232K) NonClass: 12391K(12864K)->12391K(12864K) Class: 1981K(2368K)->1981K(2368K)
[95.860s][info][gc             ] GC(825) Pause Young (Allocation Failure) 175M->8M(510M) 2.355ms
[95.860s][info][gc,cpu         ] GC(825) User=0.00s Sys=0.00s Real=0.00s
[95.985s][info][gc,start       ] GC(826) Pause Young (Allocation Failure)
[95.987s][info][gc,heap        ] GC(826) PSYoungGen: 172512K(173056K)->1056K(173056K) Eden: 171520K(171520K)->0K(171520K) From: 992K(1536K)->1056K(1536K)
[95.987s][info][gc,heap        ] GC(826) ParOldGen: 7605K(349696K)->7653K(349696K)
[95.987s][info][gc,metaspace   ] GC(826) Metaspace: 14372K(15232K)->14372K(15232K) NonClass: 12391K(12864K)->12391K(12864K) Class: 1981K(2368K)->1981K(2368K)
[95.987s][info][gc             ] GC(826) Pause Young (Allocation Failure) 175M->8M(510M) 2.336ms
[95.987s][info][gc,cpu         ] GC(826) User=0.00s Sys=0.00s Real=0.00s
[96.116s][info][gc,start       ] GC(827) Pause Young (Allocation Failure)
[96.118s][info][gc,heap        ] GC(827) PSYoungGen: 172576K(173056K)->1024K(173056K) Eden: 171520K(171520K)->0K(171520K) From: 1056K(1536K)->1024K(1536K)
[96.118s][info][gc,heap        ] GC(827) ParOldGen: 7653K(349696K)->7717K(349696K)
[96.118s][info][gc,metaspace   ] GC(827) Metaspace: 14372K(15232K)->14372K(15232K) NonClass: 12391K(12864K)->12391K(12864K) Class: 1981K(2368K)->1981K(2368K)
[96.118s][info][gc             ] GC(827) Pause Young (Allocation Failure) 176M->8M(510M) 2.368ms
[96.118s][info][gc,cpu         ] GC(827) User=0.00s Sys=0.00s Real=0.00s
[96.247s][info][gc,start       ] GC(828) Pause Young (Allocation Failure)
[96.249s][info][gc,heap        ] GC(828) PSYoungGen: 172544K(173056K)->1024K(173056K) Eden: 171520K(171520K)->0K(171520K) From: 1024K(1536K)->1024K(1536K)
[96.249s][info][gc,heap        ] GC(828) ParOldGen: 7717K(349696K)->7765K(349696K)
[96.249s][info][gc,metaspace   ] GC(828) Metaspace: 14372K(15232K)->14372K(15232K) NonClass: 12391K(12864K)->12391K(12864K) Class: 1981K(2368K)->1981K(2368K)
[96.249s][info][gc             ] GC(828) Pause Young (Allocation Failure) 176M->8M(510M) 2.386ms
[96.249s][info][gc,cpu         ] GC(828) User=0.00s Sys=0.00s Real=0.00s
[96.376s][info][gc,start       ] GC(829) Pause Young (Allocation Failure)
[96.378s][info][gc,heap        ] GC(829) PSYoungGen: 172544K(173056K)->1024K(173056K) Eden: 171520K(171520K)->0K(171520K) From: 1024K(1536K)->1024K(1536K)
[96.378s][info][gc,heap        ] GC(829) ParOldGen: 7765K(349696K)->7821K(349696K)
[96.378s][info][gc,metaspace   ] GC(829) Metaspace: 14372K(15232K)->14372K(15232K) NonClass: 12391K(12864K)->12391K(12864K) Class: 1981K(2368K)->1981K(2368K)
[96.378s][info][gc             ] GC(829) Pause Young (Allocation Failure) 176M->8M(510M) 2.448ms
[96.379s][info][gc,cpu         ] GC(829) User=0.00s Sys=0.00s Real=0.00s
[96.507s][info][gc,start       ] GC(830) Pause Young (Allocation Failure)
[96.509s][info][gc,heap        ] GC(830) PSYoungGen: 172544K(173056K)->1024K(173056K) Eden: 171520K(171520K)->0K(171520K) From: 1024K(1536K)->1024K(1536K)
[96.510s][info][gc,heap        ] GC(830) ParOldGen: 7821K(349696K)->7869K(349696K)
[96.510s][info][gc,metaspace   ] GC(830) Metaspace: 14372K(15232K)->14372K(15232K) NonClass: 12391K(12864K)->12391K(12864K) Class: 1981K(2368K)->1981K(2368K)
[96.510s][info][gc             ] GC(830) Pause Young (Allocation Failure) 176M->8M(510M) 2.560ms
[96.510s][info][gc,cpu         ] GC(830) User=0.00s Sys=0.00s Real=0.00s
[96.638s][info][gc,start       ] GC(831) Pause Young (Allocation Failure)
[96.641s][info][gc,heap        ] GC(831) PSYoungGen: 172544K(173056K)->992K(173056K) Eden: 171520K(171520K)->0K(171520K) From: 1024K(1536K)->992K(1536K)
[96.641s][info][gc,heap        ] GC(831) ParOldGen: 7869K(349696K)->7917K(349696K)
[96.641s][info][gc,metaspace   ] GC(831) Metaspace: 14372K(15232K)->14372K(15232K) NonClass: 12391K(12864K)->12391K(12864K) Class: 1981K(2368K)->1981K(2368K)
[96.641s][info][gc             ] GC(831) Pause Young (Allocation Failure) 176M->8M(510M) 2.502ms
[96.641s][info][gc,cpu         ] GC(831) User=0.00s Sys=0.00s Real=0.00s
[96.767s][info][gc,start       ] GC(832) Pause Young (Allocation Failure)
[96.770s][info][gc,heap        ] GC(832) PSYoungGen: 172512K(173056K)->1024K(173056K) Eden: 171520K(171520K)->0K(171520K) From: 992K(1536K)->1024K(1536K)
[96.770s][info][gc,heap        ] GC(832) ParOldGen: 7917K(349696K)->7981K(349696K)
[96.770s][info][gc,metaspace   ] GC(832) Metaspace: 14372K(15232K)->14372K(15232K) NonClass: 12391K(12864K)->12391K(12864K) Class: 1981K(2368K)->1981K(2368K)
[96.770s][info][gc             ] GC(832) Pause Young (Allocation Failure) 176M->8M(510M) 2.483ms
[96.770s][info][gc,cpu         ] GC(832) User=0.00s Sys=0.00s Real=0.00s
[96.898s][info][gc,start       ] GC(833) Pause Young (Allocation Failure)
[96.900s][info][gc,heap        ] GC(833) PSYoungGen: 172544K(173056K)->1024K(173056K) Eden: 171520K(171520K)->0K(171520K) From: 1024K(1536K)->1024K(1536K)
[96.900s][info][gc,heap        ] GC(833) ParOldGen: 7981K(349696K)->8021K(349696K)
[96.901s][info][gc,metaspace   ] GC(833) Metaspace: 14372K(15232K)->14372K(15232K) NonClass: 12391K(12864K)->12391K(12864K) Class: 1981K(2368K)->1981K(2368K)
[96.901s][info][gc             ] GC(833) Pause Young (Allocation Failure) 176M->8M(510M) 2.538ms
[96.901s][info][gc,cpu         ] GC(833) User=0.00s Sys=0.00s Real=0.00s
[97.026s][info][gc,start       ] GC(834) Pause Young (Allocation Failure)
[97.028s][info][gc,heap        ] GC(834) PSYoungGen: 172544K(173056K)->992K(173056K) Eden: 171520K(171520K)->0K(171520K) From: 1024K(1536K)->992K(1536K)
[97.028s][info][gc,heap        ] GC(834) ParOldGen: 8021K(349696K)->8069K(349696K)
[97.028s][info][gc,metaspace   ] GC(834) Metaspace: 14372K(15232K)->14372K(15232K) NonClass: 12391K(12864K)->12391K(12864K) Class: 1981K(2368K)->1981K(2368K)
[97.028s][info][gc             ] GC(834) Pause Young (Allocation Failure) 176M->8M(510M) 2.595ms
[97.028s][info][gc,cpu         ] GC(834) User=0.00s Sys=0.00s Real=0.00s
[97.157s][info][gc,start       ] GC(835) Pause Young (Allocation Failure)
[97.159s][info][gc,heap        ] GC(835) PSYoungGen: 172512K(173056K)->1056K(173056K) Eden: 171520K(171520K)->0K(171520K) From: 992K(1536K)->1056K(1536K)
[97.159s][info][gc,heap        ] GC(835) ParOldGen: 8069K(349696K)->8125K(349696K)
[97.159s][info][gc,metaspace   ] GC(835) Metaspace: 14372K(15232K)->14372K(15232K) NonClass: 12391K(12864K)->12391K(12864K) Class: 1981K(2368K)->1981K(2368K)
[97.159s][info][gc             ] GC(835) Pause Young (Allocation Failure) 176M->8M(510M) 2.724ms
[97.159s][info][gc,cpu         ] GC(835) User=0.00s Sys=0.00s Real=0.00s
[97.378s][info][gc,start       ] GC(836) Pause Young (Allocation Failure)
[97.381s][info][gc,heap        ] GC(836) PSYoungGen: 172576K(173056K)->1056K(173056K) Eden: 171520K(171520K)->0K(171520K) From: 1056K(1536K)->1056K(1536K)
[97.381s][info][gc,heap        ] GC(836) ParOldGen: 8125K(349696K)->8189K(349696K)
[97.381s][info][gc,metaspace   ] GC(836) Metaspace: 14372K(15232K)->14372K(15232K) NonClass: 12391K(12864K)->12391K(12864K) Class: 1981K(2368K)->1981K(2368K)
[97.381s][info][gc             ] GC(836) Pause Young (Allocation Failure) 176M->9M(510M) 3.608ms
[97.381s][info][gc,cpu         ] GC(836) User=0.00s Sys=0.00s Real=0.00s
[97.520s][info][gc,start       ] GC(837) Pause Young (Allocation Failure)
[97.522s][info][gc,heap        ] GC(837) PSYoungGen: 172576K(173056K)->1024K(173056K) Eden: 171520K(171520K)->0K(171520K) From: 1056K(1536K)->1024K(1536K)
[97.522s][info][gc,heap        ] GC(837) ParOldGen: 8189K(349696K)->8269K(349696K)
[97.522s][info][gc,metaspace   ] GC(837) Metaspace: 14372K(15232K)->14372K(15232K) NonClass: 12391K(12864K)->12391K(12864K) Class: 1981K(2368K)->1981K(2368K)
[97.522s][info][gc             ] GC(837) Pause Young (Allocation Failure) 176M->9M(510M) 2.486ms
[97.522s][info][gc,cpu         ] GC(837) User=0.42s Sys=0.02s Real=0.00s
[97.651s][info][gc,start       ] GC(838) Pause Young (Allocation Failure)
[97.653s][info][gc,heap        ] GC(838) PSYoungGen: 172544K(173056K)->1024K(173056K) Eden: 171520K(171520K)->0K(171520K) From: 1024K(1536K)->1024K(1536K)
[97.653s][info][gc,heap        ] GC(838) ParOldGen: 8269K(349696K)->8341K(349696K)
[97.653s][info][gc,metaspace   ] GC(838) Metaspace: 14372K(15232K)->14372K(15232K) NonClass: 12391K(12864K)->12391K(12864K) Class: 1981K(2368K)->1981K(2368K)
[97.653s][info][gc             ] GC(838) Pause Young (Allocation Failure) 176M->9M(510M) 2.389ms
[97.653s][info][gc,cpu         ] GC(838) User=0.00s Sys=0.00s Real=0.00s
[97.791s][info][gc,start       ] GC(839) Pause Young (Allocation Failure)
[97.793s][info][gc,heap        ] GC(839) PSYoungGen: 172544K(173056K)->992K(173056K) Eden: 171520K(171520K)->0K(171520K) From: 1024K(1536K)->992K(1536K)
[97.794s][info][gc,heap        ] GC(839) ParOldGen: 8341K(349696K)->8405K(349696K)
[97.794s][info][gc,metaspace   ] GC(839) Metaspace: 14372K(15232K)->14372K(15232K) NonClass: 12391K(12864K)->12391K(12864K) Class: 1981K(2368K)->1981K(2368K)
[97.794s][info][gc             ] GC(839) Pause Young (Allocation Failure) 176M->9M(510M) 2.304ms
[97.794s][info][gc,cpu         ] GC(839) User=0.00s Sys=0.00s Real=0.00s
[97.928s][info][gc,start       ] GC(840) Pause Young (Allocation Failure)
[97.930s][info][gc,heap        ] GC(840) PSYoungGen: 172512K(173056K)->992K(173056K) Eden: 171520K(171520K)->0K(171520K) From: 992K(1536K)->992K(1536K)
[97.930s][info][gc,heap        ] GC(840) ParOldGen: 8405K(349696K)->8485K(349696K)
[97.930s][info][gc,metaspace   ] GC(840) Metaspace: 14372K(15232K)->14372K(15232K) NonClass: 12391K(12864K)->12391K(12864K) Class: 1981K(2368K)->1981K(2368K)
[97.930s][info][gc             ] GC(840) Pause Young (Allocation Failure) 176M->9M(510M) 2.205ms
[97.930s][info][gc,cpu         ] GC(840) User=0.00s Sys=0.00s Real=0.00s
[98.058s][info][gc,start       ] GC(841) Pause Young (Allocation Failure)
[98.060s][info][gc,heap        ] GC(841) PSYoungGen: 172512K(173056K)->1024K(173056K) Eden: 171520K(171520K)->0K(171520K) From: 992K(1536K)->1024K(1536K)
[98.060s][info][gc,heap        ] GC(841) ParOldGen: 8485K(349696K)->8557K(349696K)
[98.060s][info][gc,metaspace   ] GC(841) Metaspace: 14372K(15232K)->14372K(15232K) NonClass: 12391K(12864K)->12391K(12864K) Class: 1981K(2368K)->1981K(2368K)
[98.060s][info][gc             ] GC(841) Pause Young (Allocation Failure) 176M->9M(510M) 2.160ms
[98.060s][info][gc,cpu         ] GC(841) User=0.00s Sys=0.00s Real=0.00s
[98.187s][info][gc,start       ] GC(842) Pause Young (Allocation Failure)
[98.189s][info][gc,heap        ] GC(842) PSYoungGen: 172544K(173056K)->1024K(173056K) Eden: 171520K(171520K)->0K(171520K) From: 1024K(1536K)->1024K(1536K)
[98.189s][info][gc,heap        ] GC(842) ParOldGen: 8557K(349696K)->8629K(349696K)
[98.189s][info][gc,metaspace   ] GC(842) Metaspace: 14372K(15232K)->14372K(15232K) NonClass: 12391K(12864K)->12391K(12864K) Class: 1981K(2368K)->1981K(2368K)
[98.189s][info][gc             ] GC(842) Pause Young (Allocation Failure) 176M->9M(510M) 2.207ms
[98.189s][info][gc,cpu         ] GC(842) User=0.00s Sys=0.00s Real=0.00s
[98.316s][info][gc,start       ] GC(843) Pause Young (Allocation Failure)
[98.318s][info][gc,heap        ] GC(843) PSYoungGen: 172544K(173056K)->992K(173056K) Eden: 171520K(171520K)->0K(171520K) From: 1024K(1536K)->992K(1536K)
[98.318s][info][gc,heap        ] GC(843) ParOldGen: 8629K(349696K)->8693K(349696K)
[98.318s][info][gc,metaspace   ] GC(843) Metaspace: 14372K(15232K)->14372K(15232K) NonClass: 12391K(12864K)->12391K(12864K) Class: 1981K(2368K)->1981K(2368K)
[98.318s][info][gc             ] GC(843) Pause Young (Allocation Failure) 176M->9M(510M) 2.152ms
[98.318s][info][gc,cpu         ] GC(843) User=0.00s Sys=0.02s Real=0.00s
[98.447s][info][gc,start       ] GC(844) Pause Young (Allocation Failure)
[98.449s][info][gc,heap        ] GC(844) PSYoungGen: 172512K(173056K)->1024K(173056K) Eden: 171520K(171520K)->0K(171520K) From: 992K(1536K)->1024K(1536K)
[98.449s][info][gc,heap        ] GC(844) ParOldGen: 8693K(349696K)->8765K(349696K)
[98.449s][info][gc,metaspace   ] GC(844) Metaspace: 14372K(15232K)->14372K(15232K) NonClass: 12391K(12864K)->12391K(12864K) Class: 1981K(2368K)->1981K(2368K)
[98.449s][info][gc             ] GC(844) Pause Young (Allocation Failure) 176M->9M(510M) 2.146ms
[98.449s][info][gc,cpu         ] GC(844) User=0.00s Sys=0.00s Real=0.00s
[98.576s][info][gc,start       ] GC(845) Pause Young (Allocation Failure)
[98.578s][info][gc,heap        ] GC(845) PSYoungGen: 172544K(173056K)->1024K(173056K) Eden: 171520K(171520K)->0K(171520K) From: 1024K(1536K)->1024K(1536K)
[98.578s][info][gc,heap        ] GC(845) ParOldGen: 8765K(349696K)->8829K(349696K)
[98.578s][info][gc,metaspace   ] GC(845) Metaspace: 14372K(15232K)->14372K(15232K) NonClass: 12391K(12864K)->12391K(12864K) Class: 1981K(2368K)->1981K(2368K)
[98.578s][info][gc             ] GC(845) Pause Young (Allocation Failure) 177M->9M(510M) 2.178ms
[98.578s][info][gc,cpu         ] GC(845) User=0.00s Sys=0.00s Real=0.00s
[98.705s][info][gc,start       ] GC(846) Pause Young (Allocation Failure)
[98.707s][info][gc,heap        ] GC(846) PSYoungGen: 172544K(173056K)->992K(173056K) Eden: 171520K(171520K)->0K(171520K) From: 1024K(1536K)->992K(1536K)
[98.707s][info][gc,heap        ] GC(846) ParOldGen: 8829K(349696K)->8885K(349696K)
[98.707s][info][gc,metaspace   ] GC(846) Metaspace: 14372K(15232K)->14372K(15232K) NonClass: 12391K(12864K)->12391K(12864K) Class: 1981K(2368K)->1981K(2368K)
[98.707s][info][gc             ] GC(846) Pause Young (Allocation Failure) 177M->9M(510M) 2.224ms
[98.707s][info][gc,cpu         ] GC(846) User=0.00s Sys=0.00s Real=0.00s
[98.836s][info][gc,start       ] GC(847) Pause Young (Allocation Failure)
[98.838s][info][gc,heap        ] GC(847) PSYoungGen: 172512K(173056K)->992K(173056K) Eden: 171520K(171520K)->0K(171520K) From: 992K(1536K)->992K(1536K)
[98.838s][info][gc,heap        ] GC(847) ParOldGen: 8885K(349696K)->8941K(349696K)
[98.838s][info][gc,metaspace   ] GC(847) Metaspace: 14372K(15232K)->14372K(15232K) NonClass: 12391K(12864K)->12391K(12864K) Class: 1981K(2368K)->1981K(2368K)
[98.838s][info][gc             ] GC(847) Pause Young (Allocation Failure) 177M->9M(510M) 2.218ms
[98.838s][info][gc,cpu         ] GC(847) User=0.00s Sys=0.00s Real=0.00s
[98.966s][info][gc,start       ] GC(848) Pause Young (Allocation Failure)
[98.968s][info][gc,heap        ] GC(848) PSYoungGen: 172512K(173056K)->1024K(173056K) Eden: 171520K(171520K)->0K(171520K) From: 992K(1536K)->1024K(1536K)
[98.968s][info][gc,heap        ] GC(848) ParOldGen: 8941K(349696K)->9005K(349696K)
[98.968s][info][gc,metaspace   ] GC(848) Metaspace: 14372K(15232K)->14372K(15232K) NonClass: 12391K(12864K)->12391K(12864K) Class: 1981K(2368K)->1981K(2368K)
[98.968s][info][gc             ] GC(848) Pause Young (Allocation Failure) 177M->9M(510M) 2.256ms
[98.968s][info][gc,cpu         ] GC(848) User=0.00s Sys=0.00s Real=0.00s
[99.096s][info][gc,start       ] GC(849) Pause Young (Allocation Failure)
[99.098s][info][gc,heap        ] GC(849) PSYoungGen: 172544K(173056K)->992K(173056K) Eden: 171520K(171520K)->0K(171520K) From: 1024K(1536K)->992K(1536K)
[99.098s][info][gc,heap        ] GC(849) ParOldGen: 9005K(349696K)->9069K(349696K)
[99.098s][info][gc,metaspace   ] GC(849) Metaspace: 14372K(15232K)->14372K(15232K) NonClass: 12391K(12864K)->12391K(12864K) Class: 1981K(2368K)->1981K(2368K)
[99.098s][info][gc             ] GC(849) Pause Young (Allocation Failure) 177M->9M(510M) 2.270ms
[99.098s][info][gc,cpu         ] GC(849) User=0.52s Sys=0.00s Real=0.00s
[99.224s][info][gc,start       ] GC(850) Pause Young (Allocation Failure)
[99.226s][info][gc,heap        ] GC(850) PSYoungGen: 172512K(173056K)->1024K(173056K) Eden: 171520K(171520K)->0K(171520K) From: 992K(1536K)->1024K(1536K)
[99.226s][info][gc,heap        ] GC(850) ParOldGen: 9069K(349696K)->9149K(349696K)
[99.226s][info][gc,metaspace   ] GC(850) Metaspace: 14372K(15232K)->14372K(15232K) NonClass: 12391K(12864K)->12391K(12864K) Class: 1981K(2368K)->1981K(2368K)
[99.226s][info][gc             ] GC(850) Pause Young (Allocation Failure) 177M->9M(510M) 2.319ms
[99.226s][info][gc,cpu         ] GC(850) User=0.00s Sys=0.00s Real=0.00s
[99.354s][info][gc,start       ] GC(851) Pause Young (Allocation Failure)
[99.357s][info][gc,heap        ] GC(851) PSYoungGen: 172544K(173056K)->992K(173056K) Eden: 171520K(171520K)->0K(171520K) From: 1024K(1536K)->992K(1536K)
[99.357s][info][gc,heap        ] GC(851) ParOldGen: 9149K(349696K)->9213K(349696K)
[99.357s][info][gc,metaspace   ] GC(851) Metaspace: 14372K(15232K)->14372K(15232K) NonClass: 12391K(12864K)->12391K(12864K) Class: 1981K(2368K)->1981K(2368K)
[99.357s][info][gc             ] GC(851) Pause Young (Allocation Failure) 177M->9M(510M) 2.318ms
[99.357s][info][gc,cpu         ] GC(851) User=0.00s Sys=0.00s Real=0.00s
[99.484s][info][gc,start       ] GC(852) Pause Young (Allocation Failure)
[99.487s][info][gc,heap        ] GC(852) PSYoungGen: 172512K(173056K)->1024K(173056K) Eden: 171520K(171520K)->0K(171520K) From: 992K(1536K)->1024K(1536K)
[99.487s][info][gc,heap        ] GC(852) ParOldGen: 9213K(349696K)->9277K(349696K)
[99.487s][info][gc,metaspace   ] GC(852) Metaspace: 14372K(15232K)->14372K(15232K) NonClass: 12391K(12864K)->12391K(12864K) Class: 1981K(2368K)->1981K(2368K)
[99.487s][info][gc             ] GC(852) Pause Young (Allocation Failure) 177M->10M(510M) 2.361ms
[99.487s][info][gc,cpu         ] GC(852) User=0.00s Sys=0.00s Real=0.00s
[99.614s][info][gc,start       ] GC(853) Pause Young (Allocation Failure)
[99.616s][info][gc,heap        ] GC(853) PSYoungGen: 172544K(173056K)->1024K(173056K) Eden: 171520K(171520K)->0K(171520K) From: 1024K(1536K)->1024K(1536K)
[99.616s][info][gc,heap        ] GC(853) ParOldGen: 9277K(349696K)->9333K(349696K)
[99.616s][info][gc,metaspace   ] GC(853) Metaspace: 14372K(15232K)->14372K(15232K) NonClass: 12391K(12864K)->12391K(12864K) Class: 1981K(2368K)->1981K(2368K)
[99.616s][info][gc             ] GC(853) Pause Young (Allocation Failure) 177M->10M(510M) 2.406ms
[99.616s][info][gc,cpu         ] GC(853) User=0.00s Sys=0.00s Real=0.00s
[99.745s][info][gc,start       ] GC(854) Pause Young (Allocation Failure)
[99.748s][info][gc,heap        ] GC(854) PSYoungGen: 172544K(173056K)->1024K(173056K) Eden: 171520K(171520K)->0K(171520K) From: 1024K(1536K)->1024K(1536K)
[99.748s][info][gc,heap        ] GC(854) ParOldGen: 9333K(349696K)->9413K(349696K)
[99.748s][info][gc,metaspace   ] GC(854) Metaspace: 14372K(15232K)->14372K(15232K) NonClass: 12391K(12864K)->12391K(12864K) Class: 1981K(2368K)->1981K(2368K)
[99.748s][info][gc             ] GC(854) Pause Young (Allocation Failure) 177M->10M(510M) 2.367ms
[99.748s][info][gc,cpu         ] GC(854) User=0.00s Sys=0.00s Real=0.00s
[99.876s][info][gc,start       ] GC(855) Pause Young (Allocation Failure)
[99.878s][info][gc,heap        ] GC(855) PSYoungGen: 172544K(173056K)->992K(173056K) Eden: 171520K(171520K)->0K(171520K) From: 1024K(1536K)->992K(1536K)
[99.878s][info][gc,heap        ] GC(855) ParOldGen: 9413K(349696K)->9461K(349696K)
[99.878s][info][gc,metaspace   ] GC(855) Metaspace: 14372K(15232K)->14372K(15232K) NonClass: 12391K(12864K)->12391K(12864K) Class: 1981K(2368K)->1981K(2368K)
[99.878s][info][gc             ] GC(855) Pause Young (Allocation Failure) 177M->10M(510M) 2.439ms
[99.878s][info][gc,cpu         ] GC(855) User=0.00s Sys=0.00s Real=0.00s
[100.003s][info][gc,start       ] GC(856) Pause Young (Allocation Failure)
[100.005s][info][gc,heap        ] GC(856) PSYoungGen: 172512K(173056K)->1024K(173056K) Eden: 171520K(171520K)->0K(171520K) From: 992K(1536K)->1024K(1536K)
[100.005s][info][gc,heap        ] GC(856) ParOldGen: 9461K(349696K)->9517K(349696K)
[100.005s][info][gc,metaspace   ] GC(856) Metaspace: 14372K(15232K)->14372K(15232K) NonClass: 12391K(12864K)->12391K(12864K) Class: 1981K(2368K)->1981K(2368K)
[100.005s][info][gc             ] GC(856) Pause Young (Allocation Failure) 177M->10M(510M) 2.432ms
[100.005s][info][gc,cpu         ] GC(856) User=0.52s Sys=0.00s Real=0.00s
[100.131s][info][gc,start       ] GC(857) Pause Young (Allocation Failure)
[100.134s][info][gc,heap        ] GC(857) PSYoungGen: 172544K(173056K)->928K(173056K) Eden: 171520K(171520K)->0K(171520K) From: 1024K(1536K)->928K(1536K)
[100.134s][info][gc,heap        ] GC(857) ParOldGen: 9517K(349696K)->9589K(349696K)
[100.134s][info][gc,metaspace   ] GC(857) Metaspace: 14372K(15232K)->14372K(15232K) NonClass: 12391K(12864K)->12391K(12864K) Class: 1981K(2368K)->1981K(2368K)
[100.134s][info][gc             ] GC(857) Pause Young (Allocation Failure) 177M->10M(510M) 2.476ms
[100.134s][info][gc,cpu         ] GC(857) User=0.00s Sys=0.00s Real=0.00s
[100.258s][info][gc,start       ] GC(858) Pause Young (Allocation Failure)
[100.260s][info][gc,heap        ] GC(858) PSYoungGen: 172448K(173056K)->992K(173056K) Eden: 171520K(171520K)->0K(171520K) From: 928K(1536K)->992K(1536K)
[100.260s][info][gc,heap        ] GC(858) ParOldGen: 9589K(349696K)->9653K(349696K)
[100.260s][info][gc,metaspace   ] GC(858) Metaspace: 14372K(15232K)->14372K(15232K) NonClass: 12391K(12864K)->12391K(12864K) Class: 1981K(2368K)->1981K(2368K)
[100.260s][info][gc             ] GC(858) Pause Young (Allocation Failure) 177M->10M(510M) 2.468ms
[100.260s][info][gc,cpu         ] GC(858) User=0.00s Sys=0.00s Real=0.00s
[100.388s][info][gc,start       ] GC(859) Pause Young (Allocation Failure)
[100.390s][info][gc,heap        ] GC(859) PSYoungGen: 172512K(173056K)->1024K(173056K) Eden: 171520K(171520K)->0K(171520K) From: 992K(1536K)->1024K(1536K)
[100.390s][info][gc,heap        ] GC(859) ParOldGen: 9653K(349696K)->9693K(349696K)
[100.390s][info][gc,metaspace   ] GC(859) Metaspace: 14372K(15232K)->14372K(15232K) NonClass: 12391K(12864K)->12391K(12864K) Class: 1981K(2368K)->1981K(2368K)
[100.390s][info][gc             ] GC(859) Pause Young (Allocation Failure) 177M->10M(510M) 2.516ms
[100.390s][info][gc,cpu         ] GC(859) User=0.00s Sys=0.00s Real=0.00s
[100.516s][info][gc,start       ] GC(860) Pause Young (Allocation Failure)
[100.518s][info][gc,heap        ] GC(860) PSYoungGen: 172544K(173056K)->1024K(173056K) Eden: 171520K(171520K)->0K(171520K) From: 1024K(1536K)->1024K(1536K)
[100.519s][info][gc,heap        ] GC(860) ParOldGen: 9693K(349696K)->9757K(349696K)
[100.519s][info][gc,metaspace   ] GC(860) Metaspace: 14372K(15232K)->14372K(15232K) NonClass: 12391K(12864K)->12391K(12864K) Class: 1981K(2368K)->1981K(2368K)
[100.519s][info][gc             ] GC(860) Pause Young (Allocation Failure) 177M->10M(510M) 2.546ms
[100.519s][info][gc,cpu         ] GC(860) User=0.00s Sys=0.00s Real=0.00s
[100.645s][info][gc,start       ] GC(861) Pause Young (Allocation Failure)
[100.648s][info][gc,heap        ] GC(861) PSYoungGen: 172544K(173056K)->1024K(173056K) Eden: 171520K(171520K)->0K(171520K) From: 1024K(1536K)->1024K(1536K)
[100.648s][info][gc,heap        ] GC(861) ParOldGen: 9757K(349696K)->9813K(349696K)
[100.648s][info][gc,metaspace   ] GC(861) Metaspace: 14372K(15232K)->14372K(15232K) NonClass: 12391K(12864K)->12391K(12864K) Class: 1981K(2368K)->1981K(2368K)
[100.648s][info][gc             ] GC(861) Pause Young (Allocation Failure) 178M->10M(510M) 2.553ms
[100.648s][info][gc,cpu         ] GC(861) User=0.00s Sys=0.00s Real=0.00s
[100.774s][info][gc,start       ] GC(862) Pause Young (Allocation Failure)
[100.776s][info][gc,heap        ] GC(862) PSYoungGen: 172544K(173056K)->1024K(173056K) Eden: 171520K(171520K)->0K(171520K) From: 1024K(1536K)->1024K(1536K)
[100.776s][info][gc,heap        ] GC(862) ParOldGen: 9813K(349696K)->9885K(349696K)
[100.776s][info][gc,metaspace   ] GC(862) Metaspace: 14372K(15232K)->14372K(15232K) NonClass: 12391K(12864K)->12391K(12864K) Class: 1981K(2368K)->1981K(2368K)
[100.776s][info][gc             ] GC(862) Pause Young (Allocation Failure) 178M->10M(510M) 2.567ms
[100.776s][info][gc,cpu         ] GC(862) User=0.00s Sys=0.00s Real=0.00s
[100.903s][info][gc,start       ] GC(863) Pause Young (Allocation Failure)
[100.905s][info][gc,heap        ] GC(863) PSYoungGen: 172544K(173056K)->1024K(173056K) Eden: 171520K(171520K)->0K(171520K) From: 1024K(1536K)->1024K(1536K)
[100.905s][info][gc,heap        ] GC(863) ParOldGen: 9885K(349696K)->9949K(349696K)
[100.905s][info][gc,metaspace   ] GC(863) Metaspace: 14372K(15232K)->14372K(15232K) NonClass: 12391K(12864K)->12391K(12864K) Class: 1981K(2368K)->1981K(2368K)
[100.905s][info][gc             ] GC(863) Pause Young (Allocation Failure) 178M->10M(510M) 2.619ms
[100.905s][info][gc,cpu         ] GC(863) User=0.00s Sys=0.00s Real=0.00s
[101.034s][info][gc,start       ] GC(864) Pause Young (Allocation Failure)
[101.037s][info][gc,heap        ] GC(864) PSYoungGen: 172544K(173056K)->1024K(173056K) Eden: 171520K(171520K)->0K(171520K) From: 1024K(1536K)->1024K(1536K)
[101.037s][info][gc,heap        ] GC(864) ParOldGen: 9949K(349696K)->10013K(349696K)
[101.037s][info][gc,metaspace   ] GC(864) Metaspace: 14372K(15232K)->14372K(15232K) NonClass: 12391K(12864K)->12391K(12864K) Class: 1981K(2368K)->1981K(2368K)
[101.037s][info][gc             ] GC(864) Pause Young (Allocation Failure) 178M->10M(510M) 2.630ms
[101.037s][info][gc,cpu         ] GC(864) User=0.52s Sys=0.00s Real=0.00s
[101.237s][info][gc,start       ] GC(865) Pause Young (Allocation Failure)
[101.241s][info][gc,heap        ] GC(865) PSYoungGen: 172544K(173056K)->1024K(173056K) Eden: 171520K(171520K)->0K(171520K) From: 1024K(1536K)->1024K(1536K)
[101.241s][info][gc,heap        ] GC(865) ParOldGen: 10013K(349696K)->10069K(349696K)
[101.241s][info][gc,metaspace   ] GC(865) Metaspace: 14372K(15232K)->14372K(15232K) NonClass: 12391K(12864K)->12391K(12864K) Class: 1981K(2368K)->1981K(2368K)
[101.241s][info][gc             ] GC(865) Pause Young (Allocation Failure) 178M->10M(510M) 3.516ms
[101.241s][info][gc,cpu         ] GC(865) User=0.52s Sys=0.00s Real=0.00s
[101.376s][info][gc,start       ] GC(866) Pause Young (Allocation Failure)
[101.378s][info][gc,heap        ] GC(866) PSYoungGen: 172544K(173056K)->960K(173056K) Eden: 171520K(171520K)->0K(171520K) From: 1024K(1536K)->960K(1536K)
[101.378s][info][gc,heap        ] GC(866) ParOldGen: 10069K(349696K)->10133K(349696K)
[101.378s][info][gc,metaspace   ] GC(866) Metaspace: 14372K(15232K)->14372K(15232K) NonClass: 12391K(12864K)->12391K(12864K) Class: 1981K(2368K)->1981K(2368K)
[101.378s][info][gc             ] GC(866) Pause Young (Allocation Failure) 178M->10M(510M) 2.480ms
[101.378s][info][gc,cpu         ] GC(866) User=0.00s Sys=0.00s Real=0.00s
[101.507s][info][gc,start       ] GC(867) Pause Young (Allocation Failure)
[101.510s][info][gc,heap        ] GC(867) PSYoungGen: 172480K(173056K)->1024K(173056K) Eden: 171520K(171520K)->0K(171520K) From: 960K(1536K)->1024K(1536K)
[101.510s][info][gc,heap        ] GC(867) ParOldGen: 10133K(349696K)->10197K(349696K)
[101.510s][info][gc,metaspace   ] GC(867) Metaspace: 14372K(15232K)->14372K(15232K) NonClass: 12391K(12864K)->12391K(12864K) Class: 1981K(2368K)->1981K(2368K)
[101.510s][info][gc             ] GC(867) Pause Young (Allocation Failure) 178M->10M(510M) 2.420ms
[101.510s][info][gc,cpu         ] GC(867) User=0.00s Sys=0.00s Real=0.00s
[101.649s][info][gc,start       ] GC(868) Pause Young (Allocation Failure)
[101.651s][info][gc,heap        ] GC(868) PSYoungGen: 172544K(173056K)->1024K(173056K) Eden: 171520K(171520K)->0K(171520K) From: 1024K(1536K)->1024K(1536K)
[101.651s][info][gc,heap        ] GC(868) ParOldGen: 10197K(349696K)->10253K(349696K)
[101.651s][info][gc,metaspace   ] GC(868) Metaspace: 14372K(15232K)->14372K(15232K) NonClass: 12391K(12864K)->12391K(12864K) Class: 1981K(2368K)->1981K(2368K)
[101.651s][info][gc             ] GC(868) Pause Young (Allocation Failure) 178M->11M(510M) 2.317ms
[101.651s][info][gc,cpu         ] GC(868) User=0.00s Sys=0.00s Real=0.00s
[101.787s][info][gc,start       ] GC(869) Pause Young (Allocation Failure)
[101.789s][info][gc,heap        ] GC(869) PSYoungGen: 172544K(173056K)->1024K(173056K) Eden: 171520K(171520K)->0K(171520K) From: 1024K(1536K)->1024K(1536K)
[101.789s][info][gc,heap        ] GC(869) ParOldGen: 10253K(349696K)->10309K(349696K)
[101.789s][info][gc,metaspace   ] GC(869) Metaspace: 14372K(15232K)->14372K(15232K) NonClass: 12391K(12864K)->12391K(12864K) Class: 1981K(2368K)->1981K(2368K)
[101.789s][info][gc             ] GC(869) Pause Young (Allocation Failure) 178M->11M(510M) 2.283ms
[101.789s][info][gc,cpu         ] GC(869) User=0.00s Sys=0.00s Real=0.00s
[101.921s][info][gc,start       ] GC(870) Pause Young (Allocation Failure)
[101.923s][info][gc,heap        ] GC(870) PSYoungGen: 172544K(173056K)->1024K(173056K) Eden: 171520K(171520K)->0K(171520K) From: 1024K(1536K)->1024K(1536K)
[101.924s][info][gc,heap        ] GC(870) ParOldGen: 10309K(349696K)->10357K(349696K)
[101.924s][info][gc,metaspace   ] GC(870) Metaspace: 14372K(15232K)->14372K(15232K) NonClass: 12391K(12864K)->12391K(12864K) Class: 1981K(2368K)->1981K(2368K)
[101.924s][info][gc             ] GC(870) Pause Young (Allocation Failure) 178M->11M(510M) 2.160ms
[101.924s][info][gc,cpu         ] GC(870) User=0.00s Sys=0.00s Real=0.00s
[102.048s][info][gc,start       ] GC(871) Pause Young (Allocation Failure)
[102.050s][info][gc,heap        ] GC(871) PSYoungGen: 172544K(173056K)->1024K(173056K) Eden: 171520K(171520K)->0K(171520K) From: 1024K(1536K)->1024K(1536K)
[102.050s][info][gc,heap        ] GC(871) ParOldGen: 10357K(349696K)->10405K(349696K)
[102.050s][info][gc,metaspace   ] GC(871) Metaspace: 14372K(15232K)->14372K(15232K) NonClass: 12391K(12864K)->12391K(12864K) Class: 1981K(2368K)->1981K(2368K)
[102.050s][info][gc             ] GC(871) Pause Young (Allocation Failure) 178M->11M(510M) 2.187ms
[102.050s][info][gc,cpu         ] GC(871) User=0.00s Sys=0.00s Real=0.00s
[102.177s][info][gc,start       ] GC(872) Pause Young (Allocation Failure)
[102.179s][info][gc,heap        ] GC(872) PSYoungGen: 172544K(173056K)->992K(173056K) Eden: 171520K(171520K)->0K(171520K) From: 1024K(1536K)->992K(1536K)
[102.179s][info][gc,heap        ] GC(872) ParOldGen: 10405K(349696K)->10485K(349696K)
[102.179s][info][gc,metaspace   ] GC(872) Metaspace: 14372K(15232K)->14372K(15232K) NonClass: 12391K(12864K)->12391K(12864K) Class: 1981K(2368K)->1981K(2368K)
[102.179s][info][gc             ] GC(872) Pause Young (Allocation Failure) 178M->11M(510M) 2.179ms
[102.179s][info][gc,cpu         ] GC(872) User=0.00s Sys=0.00s Real=0.00s
[102.307s][info][gc,start       ] GC(873) Pause Young (Allocation Failure)
[102.309s][info][gc,heap        ] GC(873) PSYoungGen: 172512K(173056K)->1024K(173056K) Eden: 171520K(171520K)->0K(171520K) From: 992K(1536K)->1024K(1536K)
[102.309s][info][gc,heap        ] GC(873) ParOldGen: 10485K(349696K)->10533K(349696K)
[102.309s][info][gc,metaspace   ] GC(873) Metaspace: 14372K(15232K)->14372K(15232K) NonClass: 12391K(12864K)->12391K(12864K) Class: 1981K(2368K)->1981K(2368K)
[102.309s][info][gc             ] GC(873) Pause Young (Allocation Failure) 178M->11M(510M) 2.179ms
[102.309s][info][gc,cpu         ] GC(873) User=0.00s Sys=0.00s Real=0.00s
[102.435s][info][gc,start       ] GC(874) Pause Young (Allocation Failure)
[102.437s][info][gc,heap        ] GC(874) PSYoungGen: 172544K(173056K)->1024K(173056K) Eden: 171520K(171520K)->0K(171520K) From: 1024K(1536K)->1024K(1536K)
[102.437s][info][gc,heap        ] GC(874) ParOldGen: 10533K(349696K)->10581K(349696K)
[102.437s][info][gc,metaspace   ] GC(874) Metaspace: 14372K(15232K)->14372K(15232K) NonClass: 12391K(12864K)->12391K(12864K) Class: 1981K(2368K)->1981K(2368K)
[102.437s][info][gc             ] GC(874) Pause Young (Allocation Failure) 178M->11M(510M) 2.268ms
[102.437s][info][gc,cpu         ] GC(874) User=0.00s Sys=0.00s Real=0.00s
[102.564s][info][gc,start       ] GC(875) Pause Young (Allocation Failure)
[102.567s][info][gc,heap        ] GC(875) PSYoungGen: 172544K(173056K)->1024K(173056K) Eden: 171520K(171520K)->0K(171520K) From: 1024K(1536K)->1024K(1536K)
[102.567s][info][gc,heap        ] GC(875) ParOldGen: 10581K(349696K)->10629K(349696K)
[102.567s][info][gc,metaspace   ] GC(875) Metaspace: 14372K(15232K)->14372K(15232K) NonClass: 12391K(12864K)->12391K(12864K) Class: 1981K(2368K)->1981K(2368K)
[102.567s][info][gc             ] GC(875) Pause Young (Allocation Failure) 178M->11M(510M) 2.248ms
[102.567s][info][gc,cpu         ] GC(875) User=0.00s Sys=0.00s Real=0.00s
[102.694s][info][gc,start       ] GC(876) Pause Young (Allocation Failure)
[102.696s][info][gc,heap        ] GC(876) PSYoungGen: 172544K(173056K)->1024K(173056K) Eden: 171520K(171520K)->0K(171520K) From: 1024K(1536K)->1024K(1536K)
[102.697s][info][gc,heap        ] GC(876) ParOldGen: 10629K(349696K)->10677K(349696K)
[102.697s][info][gc,metaspace   ] GC(876) Metaspace: 14372K(15232K)->14372K(15232K) NonClass: 12391K(12864K)->12391K(12864K) Class: 1981K(2368K)->1981K(2368K)
[102.697s][info][gc             ] GC(876) Pause Young (Allocation Failure) 178M->11M(510M) 2.270ms
[102.697s][info][gc,cpu         ] GC(876) User=0.00s Sys=0.00s Real=0.00s
[102.825s][info][gc,start       ] GC(877) Pause Young (Allocation Failure)
[102.828s][info][gc,heap        ] GC(877) PSYoungGen: 172543K(173056K)->1024K(173056K) Eden: 171519K(171520K)->0K(171520K) From: 1024K(1536K)->1024K(1536K)
[102.828s][info][gc,heap        ] GC(877) ParOldGen: 10677K(349696K)->10741K(349696K)
[102.828s][info][gc,metaspace   ] GC(877) Metaspace: 14372K(15232K)->14372K(15232K) NonClass: 12391K(12864K)->12391K(12864K) Class: 1981K(2368K)->1981K(2368K)
[102.828s][info][gc             ] GC(877) Pause Young (Allocation Failure) 178M->11M(510M) 2.319ms
[102.828s][info][gc,cpu         ] GC(877) User=0.00s Sys=0.00s Real=0.00s
[102.954s][info][gc,start       ] GC(878) Pause Young (Allocation Failure)
[102.957s][info][gc,heap        ] GC(878) PSYoungGen: 172544K(173056K)->1024K(173056K) Eden: 171520K(171520K)->0K(171520K) From: 1024K(1536K)->1024K(1536K)
[102.957s][info][gc,heap        ] GC(878) ParOldGen: 10741K(349696K)->10813K(349696K)
[102.957s][info][gc,metaspace   ] GC(878) Metaspace: 14372K(15232K)->14372K(15232K) NonClass: 12391K(12864K)->12391K(12864K) Class: 1981K(2368K)->1981K(2368K)
[102.957s][info][gc             ] GC(878) Pause Young (Allocation Failure) 178M->11M(510M) 2.342ms
[102.957s][info][gc,cpu         ] GC(878) User=0.00s Sys=0.00s Real=0.00s
[103.083s][info][gc,start       ] GC(879) Pause Young (Allocation Failure)
[103.086s][info][gc,heap        ] GC(879) PSYoungGen: 172544K(173056K)->1024K(173056K) Eden: 171520K(171520K)->0K(171520K) From: 1024K(1536K)->1024K(1536K)
[103.086s][info][gc,heap        ] GC(879) ParOldGen: 10813K(349696K)->10869K(349696K)
[103.086s][info][gc,metaspace   ] GC(879) Metaspace: 14372K(15232K)->14372K(15232K) NonClass: 12391K(12864K)->12391K(12864K) Class: 1981K(2368K)->1981K(2368K)
[103.086s][info][gc             ] GC(879) Pause Young (Allocation Failure) 179M->11M(510M) 2.339ms
[103.086s][info][gc,cpu         ] GC(879) User=0.00s Sys=0.00s Real=0.00s
[103.210s][info][gc,start       ] GC(880) Pause Young (Allocation Failure)
[103.213s][info][gc,heap        ] GC(880) PSYoungGen: 172544K(173056K)->1024K(173056K) Eden: 171520K(171520K)->0K(171520K) From: 1024K(1536K)->1024K(1536K)
[103.213s][info][gc,heap        ] GC(880) ParOldGen: 10869K(349696K)->10941K(349696K)
[103.213s][info][gc,metaspace   ] GC(880) Metaspace: 14372K(15232K)->14372K(15232K) NonClass: 12391K(12864K)->12391K(12864K) Class: 1981K(2368K)->1981K(2368K)
[103.213s][info][gc             ] GC(880) Pause Young (Allocation Failure) 179M->11M(510M) 2.381ms
[103.213s][info][gc,cpu         ] GC(880) User=0.00s Sys=0.00s Real=0.00s
[103.340s][info][gc,start       ] GC(881) Pause Young (Allocation Failure)
[103.342s][info][gc,heap        ] GC(881) PSYoungGen: 172544K(173056K)->1024K(173056K) Eden: 171520K(171520K)->0K(171520K) From: 1024K(1536K)->1024K(1536K)
[103.342s][info][gc,heap        ] GC(881) ParOldGen: 10941K(349696K)->10981K(349696K)
[103.342s][info][gc,metaspace   ] GC(881) Metaspace: 14372K(15232K)->14372K(15232K) NonClass: 12391K(12864K)->12391K(12864K) Class: 1981K(2368K)->1981K(2368K)
[103.342s][info][gc             ] GC(881) Pause Young (Allocation Failure) 179M->11M(510M) 2.401ms
[103.342s][info][gc,cpu         ] GC(881) User=0.00s Sys=0.00s Real=0.00s
[103.469s][info][gc,start       ] GC(882) Pause Young (Allocation Failure)
[103.472s][info][gc,heap        ] GC(882) PSYoungGen: 172544K(173056K)->1056K(173056K) Eden: 171520K(171520K)->0K(171520K) From: 1024K(1536K)->1056K(1536K)
[103.472s][info][gc,heap        ] GC(882) ParOldGen: 10981K(349696K)->11045K(349696K)
[103.472s][info][gc,metaspace   ] GC(882) Metaspace: 14372K(15232K)->14372K(15232K) NonClass: 12391K(12864K)->12391K(12864K) Class: 1981K(2368K)->1981K(2368K)
[103.472s][info][gc             ] GC(882) Pause Young (Allocation Failure) 179M->11M(510M) 2.470ms
[103.472s][info][gc,cpu         ] GC(882) User=0.00s Sys=0.00s Real=0.00s
[103.600s][info][gc,start       ] GC(883) Pause Young (Allocation Failure)
[103.602s][info][gc,heap        ] GC(883) PSYoungGen: 172576K(173056K)->992K(173056K) Eden: 171520K(171520K)->0K(171520K) From: 1056K(1536K)->992K(1536K)
[103.603s][info][gc,heap        ] GC(883) ParOldGen: 11045K(349696K)->11109K(349696K)
[103.603s][info][gc,metaspace   ] GC(883) Metaspace: 14372K(15232K)->14372K(15232K) NonClass: 12391K(12864K)->12391K(12864K) Class: 1981K(2368K)->1981K(2368K)
[103.603s][info][gc             ] GC(883) Pause Young (Allocation Failure) 179M->11M(510M) 2.457ms
[103.603s][info][gc,cpu         ] GC(883) User=0.00s Sys=0.00s Real=0.00s
[103.731s][info][gc,start       ] GC(884) Pause Young (Allocation Failure)
[103.734s][info][gc,heap        ] GC(884) PSYoungGen: 172512K(173056K)->1024K(173056K) Eden: 171520K(171520K)->0K(171520K) From: 992K(1536K)->1024K(1536K)
[103.734s][info][gc,heap        ] GC(884) ParOldGen: 11109K(349696K)->11165K(349696K)
[103.734s][info][gc,metaspace   ] GC(884) Metaspace: 14372K(15232K)->14372K(15232K) NonClass: 12391K(12864K)->12391K(12864K) Class: 1981K(2368K)->1981K(2368K)
[103.734s][info][gc             ] GC(884) Pause Young (Allocation Failure) 179M->11M(510M) 2.488ms
[103.734s][info][gc,cpu         ] GC(884) User=0.00s Sys=0.00s Real=0.00s
[103.862s][info][gc,start       ] GC(885) Pause Young (Allocation Failure)
[103.865s][info][gc,heap        ] GC(885) PSYoungGen: 172544K(173056K)->1024K(173056K) Eden: 171520K(171520K)->0K(171520K) From: 1024K(1536K)->1024K(1536K)
[103.865s][info][gc,heap        ] GC(885) ParOldGen: 11165K(349696K)->11229K(349696K)
[103.865s][info][gc,metaspace   ] GC(885) Metaspace: 14372K(15232K)->14372K(15232K) NonClass: 12391K(12864K)->12391K(12864K) Class: 1981K(2368K)->1981K(2368K)
[103.865s][info][gc             ] GC(885) Pause Young (Allocation Failure) 179M->11M(510M) 2.492ms
[103.865s][info][gc,cpu         ] GC(885) User=0.52s Sys=0.00s Real=0.00s
[103.992s][info][gc,start       ] GC(886) Pause Young (Allocation Failure)
[103.995s][info][gc,heap        ] GC(886) PSYoungGen: 172544K(173056K)->1024K(173056K) Eden: 171520K(171520K)->0K(171520K) From: 1024K(1536K)->1024K(1536K)
[103.995s][info][gc,heap        ] GC(886) ParOldGen: 11229K(349696K)->11301K(349696K)
[103.995s][info][gc,metaspace   ] GC(886) Metaspace: 14372K(15232K)->14372K(15232K) NonClass: 12391K(12864K)->12391K(12864K) Class: 1981K(2368K)->1981K(2368K)
[103.995s][info][gc             ] GC(886) Pause Young (Allocation Failure) 179M->12M(510M) 2.544ms
[103.995s][info][gc,cpu         ] GC(886) User=0.00s Sys=0.00s Real=0.00s
[104.124s][info][gc,start       ] GC(887) Pause Young (Allocation Failure)
[104.126s][info][gc,heap        ] GC(887) PSYoungGen: 172544K(173056K)->1024K(173056K) Eden: 171520K(171520K)->0K(171520K) From: 1024K(1536K)->1024K(1536K)
[104.126s][info][gc,heap        ] GC(887) ParOldGen: 11301K(349696K)->11357K(349696K)
[104.126s][info][gc,metaspace   ] GC(887) Metaspace: 14372K(15232K)->14372K(15232K) NonClass: 12391K(12864K)->12391K(12864K) Class: 1981K(2368K)->1981K(2368K)
[104.126s][info][gc             ] GC(887) Pause Young (Allocation Failure) 179M->12M(510M) 2.558ms
[104.126s][info][gc,cpu         ] GC(887) User=0.00s Sys=0.00s Real=0.00s
[104.255s][info][gc,start       ] GC(888) Pause Young (Allocation Failure)
[104.257s][info][gc,heap        ] GC(888) PSYoungGen: 172544K(173056K)->1024K(173056K) Eden: 171520K(171520K)->0K(171520K) From: 1024K(1536K)->1024K(1536K)
[104.257s][info][gc,heap        ] GC(888) ParOldGen: 11357K(349696K)->11413K(349696K)
[104.257s][info][gc,metaspace   ] GC(888) Metaspace: 14372K(15232K)->14372K(15232K) NonClass: 12391K(12864K)->12391K(12864K) Class: 1981K(2368K)->1981K(2368K)
[104.257s][info][gc             ] GC(888) Pause Young (Allocation Failure) 179M->12M(510M) 2.602ms
[104.257s][info][gc,cpu         ] GC(888) User=0.00s Sys=0.00s Real=0.00s
[104.384s][info][gc,start       ] GC(889) Pause Young (Allocation Failure)
[104.387s][info][gc,heap        ] GC(889) PSYoungGen: 172544K(173056K)->1024K(173056K) Eden: 171520K(171520K)->0K(171520K) From: 1024K(1536K)->1024K(1536K)
[104.387s][info][gc,heap        ] GC(889) ParOldGen: 11413K(349696K)->11469K(349696K)
[104.387s][info][gc,metaspace   ] GC(889) Metaspace: 14372K(15232K)->14372K(15232K) NonClass: 12391K(12864K)->12391K(12864K) Class: 1981K(2368K)->1981K(2368K)
[104.387s][info][gc             ] GC(889) Pause Young (Allocation Failure) 179M->12M(510M) 2.639ms
[104.387s][info][gc,cpu         ] GC(889) User=0.00s Sys=0.00s Real=0.00s
[104.514s][info][gc,start       ] GC(890) Pause Young (Allocation Failure)
[104.517s][info][gc,heap        ] GC(890) PSYoungGen: 172544K(173056K)->992K(173056K) Eden: 171520K(171520K)->0K(171520K) From: 1024K(1536K)->992K(1536K)
[104.517s][info][gc,heap        ] GC(890) ParOldGen: 11469K(349696K)->11521K(349696K)
[104.517s][info][gc,metaspace   ] GC(890) Metaspace: 14372K(15232K)->14372K(15232K) NonClass: 12391K(12864K)->12391K(12864K) Class: 1981K(2368K)->1981K(2368K)
[104.517s][info][gc             ] GC(890) Pause Young (Allocation Failure) 179M->12M(510M) 2.659ms
[104.517s][info][gc,cpu         ] GC(890) User=0.00s Sys=0.00s Real=0.00s
[104.645s][info][gc,start       ] GC(891) Pause Young (Allocation Failure)
[104.648s][info][gc,heap        ] GC(891) PSYoungGen: 172512K(173056K)->1024K(173056K) Eden: 171520K(171520K)->0K(171520K) From: 992K(1536K)->1024K(1536K)
[104.648s][info][gc,heap        ] GC(891) ParOldGen: 11521K(349696K)->11569K(349696K)
[104.648s][info][gc,metaspace   ] GC(891) Metaspace: 14372K(15232K)->14372K(15232K) NonClass: 12391K(12864K)->12391K(12864K) Class: 1981K(2368K)->1981K(2368K)
[104.648s][info][gc             ] GC(891) Pause Young (Allocation Failure) 179M->12M(510M) 2.625ms
[104.648s][info][gc,cpu         ] GC(891) User=0.00s Sys=0.00s Real=0.00s
[104.774s][info][gc,start       ] GC(892) Pause Young (Allocation Failure)
[104.777s][info][gc,heap        ] GC(892) PSYoungGen: 172544K(173056K)->992K(173056K) Eden: 171520K(171520K)->0K(171520K) From: 1024K(1536K)->992K(1536K)
[104.777s][info][gc,heap        ] GC(892) ParOldGen: 11569K(349696K)->11625K(349696K)
[104.777s][info][gc,metaspace   ] GC(892) Metaspace: 14372K(15232K)->14372K(15232K) NonClass: 12391K(12864K)->12391K(12864K) Class: 1981K(2368K)->1981K(2368K)
[104.777s][info][gc             ] GC(892) Pause Young (Allocation Failure) 179M->12M(510M) 2.657ms
[104.777s][info][gc,cpu         ] GC(892) User=0.00s Sys=0.00s Real=0.00s
[105.042s][info][gc,start       ] GC(893) Pause Young (Allocation Failure)
[105.046s][info][gc,heap        ] GC(893) PSYoungGen: 172512K(173056K)->1024K(173056K) Eden: 171520K(171520K)->0K(171520K) From: 992K(1536K)->1024K(1536K)
[105.046s][info][gc,heap        ] GC(893) ParOldGen: 11625K(349696K)->11673K(349696K)
[105.046s][info][gc,metaspace   ] GC(893) Metaspace: 14372K(15232K)->14372K(15232K) NonClass: 12391K(12864K)->12391K(12864K) Class: 1981K(2368K)->1981K(2368K)
[105.046s][info][gc             ] GC(893) Pause Young (Allocation Failure) 179M->12M(510M) 3.557ms
[105.046s][info][gc,cpu         ] GC(893) User=0.00s Sys=0.00s Real=0.00s
[105.183s][info][gc,start       ] GC(894) Pause Young (Allocation Failure)
[105.185s][info][gc,heap        ] GC(894) PSYoungGen: 172544K(173056K)->1024K(173056K) Eden: 171520K(171520K)->0K(171520K) From: 1024K(1536K)->1024K(1536K)
[105.185s][info][gc,heap        ] GC(894) ParOldGen: 11673K(349696K)->11729K(349696K)
[105.186s][info][gc,metaspace   ] GC(894) Metaspace: 14372K(15232K)->14372K(15232K) NonClass: 12391K(12864K)->12391K(12864K) Class: 1981K(2368K)->1981K(2368K)
[105.186s][info][gc             ] GC(894) Pause Young (Allocation Failure) 179M->12M(510M) 2.495ms
[105.186s][info][gc,cpu         ] GC(894) User=0.00s Sys=0.00s Real=0.00s
[105.324s][info][gc,start       ] GC(895) Pause Young (Allocation Failure)
[105.327s][info][gc,heap        ] GC(895) PSYoungGen: 172544K(173056K)->1024K(173056K) Eden: 171520K(171520K)->0K(171520K) From: 1024K(1536K)->1024K(1536K)
[105.327s][info][gc,heap        ] GC(895) ParOldGen: 11729K(349696K)->11801K(349696K)
[105.327s][info][gc,metaspace   ] GC(895) Metaspace: 14372K(15232K)->14372K(15232K) NonClass: 12391K(12864K)->12391K(12864K) Class: 1981K(2368K)->1981K(2368K)
[105.327s][info][gc             ] GC(895) Pause Young (Allocation Failure) 179M->12M(510M) 2.455ms
[105.327s][info][gc,cpu         ] GC(895) User=0.00s Sys=0.00s Real=0.00s
[105.463s][info][gc,start       ] GC(896) Pause Young (Allocation Failure)
[105.466s][info][gc,heap        ] GC(896) PSYoungGen: 172544K(173056K)->960K(173056K) Eden: 171520K(171520K)->0K(171520K) From: 1024K(1536K)->960K(1536K)
[105.466s][info][gc,heap        ] GC(896) ParOldGen: 11801K(349696K)->11857K(349696K)
[105.466s][info][gc,metaspace   ] GC(896) Metaspace: 14372K(15232K)->14372K(15232K) NonClass: 12391K(12864K)->12391K(12864K) Class: 1981K(2368K)->1981K(2368K)
[105.466s][info][gc             ] GC(896) Pause Young (Allocation Failure) 180M->12M(510M) 2.361ms
[105.466s][info][gc,cpu         ] GC(896) User=0.00s Sys=0.00s Real=0.00s
[105.597s][info][gc,start       ] GC(897) Pause Young (Allocation Failure)
[105.600s][info][gc,heap        ] GC(897) PSYoungGen: 172480K(173056K)->992K(173056K) Eden: 171520K(171520K)->0K(171520K) From: 960K(1536K)->992K(1536K)
[105.600s][info][gc,heap        ] GC(897) ParOldGen: 11857K(349696K)->11913K(349696K)
[105.600s][info][gc,metaspace   ] GC(897) Metaspace: 14372K(15232K)->14372K(15232K) NonClass: 12391K(12864K)->12391K(12864K) Class: 1981K(2368K)->1981K(2368K)
[105.600s][info][gc             ] GC(897) Pause Young (Allocation Failure) 180M->12M(510M) 2.302ms
[105.600s][info][gc,cpu         ] GC(897) User=0.52s Sys=0.00s Real=0.00s
[105.723s][info][gc,start       ] GC(898) Pause Young (Allocation Failure)
[105.725s][info][gc,heap        ] GC(898) PSYoungGen: 172512K(173056K)->992K(173056K) Eden: 171520K(171520K)->0K(171520K) From: 992K(1536K)->992K(1536K)
[105.725s][info][gc,heap        ] GC(898) ParOldGen: 11913K(349696K)->11953K(349696K)
[105.725s][info][gc,metaspace   ] GC(898) Metaspace: 14372K(15232K)->14372K(15232K) NonClass: 12391K(12864K)->12391K(12864K) Class: 1981K(2368K)->1981K(2368K)
[105.725s][info][gc             ] GC(898) Pause Young (Allocation Failure) 180M->12M(510M) 2.232ms
[105.725s][info][gc,cpu         ] GC(898) User=0.52s Sys=0.00s Real=0.00s
[105.851s][info][gc,start       ] GC(899) Pause Young (Allocation Failure)
[105.853s][info][gc,heap        ] GC(899) PSYoungGen: 172512K(173056K)->1056K(173056K) Eden: 171520K(171520K)->0K(171520K) From: 992K(1536K)->1056K(1536K)
[105.854s][info][gc,heap        ] GC(899) ParOldGen: 11953K(349696K)->12017K(349696K)
[105.854s][info][gc,metaspace   ] GC(899) Metaspace: 14372K(15232K)->14372K(15232K) NonClass: 12391K(12864K)->12391K(12864K) Class: 1981K(2368K)->1981K(2368K)
[105.854s][info][gc             ] GC(899) Pause Young (Allocation Failure) 180M->12M(510M) 2.317ms
[105.854s][info][gc,cpu         ] GC(899) User=0.00s Sys=0.00s Real=0.00s
[105.980s][info][gc,start       ] GC(900) Pause Young (Allocation Failure)
[105.983s][info][gc,heap        ] GC(900) PSYoungGen: 172576K(173056K)->1024K(173056K) Eden: 171520K(171520K)->0K(171520K) From: 1056K(1536K)->1024K(1536K)
[105.983s][info][gc,heap        ] GC(900) ParOldGen: 12017K(349696K)->12073K(349696K)
[105.983s][info][gc,metaspace   ] GC(900) Metaspace: 14372K(15232K)->14372K(15232K) NonClass: 12391K(12864K)->12391K(12864K) Class: 1981K(2368K)->1981K(2368K)
[105.983s][info][gc             ] GC(900) Pause Young (Allocation Failure) 180M->12M(510M) 2.294ms
[105.983s][info][gc,cpu         ] GC(900) User=0.00s Sys=0.00s Real=0.00s
[106.108s][info][gc,start       ] GC(901) Pause Young (Allocation Failure)
[106.110s][info][gc,heap        ] GC(901) PSYoungGen: 172544K(173056K)->992K(173056K) Eden: 171520K(171520K)->0K(171520K) From: 1024K(1536K)->992K(1536K)
[106.110s][info][gc,heap        ] GC(901) ParOldGen: 12073K(349696K)->12113K(349696K)
[106.110s][info][gc,metaspace   ] GC(901) Metaspace: 14372K(15232K)->14372K(15232K) NonClass: 12391K(12864K)->12391K(12864K) Class: 1981K(2368K)->1981K(2368K)
[106.110s][info][gc             ] GC(901) Pause Young (Allocation Failure) 180M->12M(510M) 2.299ms
[106.110s][info][gc,cpu         ] GC(901) User=0.00s Sys=0.00s Real=0.00s
[106.235s][info][gc,start       ] GC(902) Pause Young (Allocation Failure)
[106.237s][info][gc,heap        ] GC(902) PSYoungGen: 172512K(173056K)->1024K(173056K) Eden: 171520K(171520K)->0K(171520K) From: 992K(1536K)->1024K(1536K)
[106.237s][info][gc,heap        ] GC(902) ParOldGen: 12113K(349696K)->12185K(349696K)
[106.237s][info][gc,metaspace   ] GC(902) Metaspace: 14372K(15232K)->14372K(15232K) NonClass: 12391K(12864K)->12391K(12864K) Class: 1981K(2368K)->1981K(2368K)
[106.237s][info][gc             ] GC(902) Pause Young (Allocation Failure) 180M->12M(510M) 2.303ms
[106.237s][info][gc,cpu         ] GC(902) User=0.00s Sys=0.00s Real=0.00s
[106.365s][info][gc,start       ] GC(903) Pause Young (Allocation Failure)
[106.367s][info][gc,heap        ] GC(903) PSYoungGen: 172544K(173056K)->1024K(173056K) Eden: 171520K(171520K)->0K(171520K) From: 1024K(1536K)->1024K(1536K)
[106.367s][info][gc,heap        ] GC(903) ParOldGen: 12185K(349696K)->12249K(349696K)
[106.367s][info][gc,metaspace   ] GC(903) Metaspace: 14372K(15232K)->14372K(15232K) NonClass: 12391K(12864K)->12391K(12864K) Class: 1981K(2368K)->1981K(2368K)
[106.367s][info][gc             ] GC(903) Pause Young (Allocation Failure) 180M->12M(510M) 2.346ms
[106.367s][info][gc,cpu         ] GC(903) User=0.00s Sys=0.00s Real=0.00s
[106.493s][info][gc,start       ] GC(904) Pause Young (Allocation Failure)
[106.496s][info][gc,heap        ] GC(904) PSYoungGen: 172544K(173056K)->992K(173056K) Eden: 171520K(171520K)->0K(171520K) From: 1024K(1536K)->992K(1536K)
[106.496s][info][gc,heap        ] GC(904) ParOldGen: 12249K(349696K)->12305K(349696K)
[106.496s][info][gc,metaspace   ] GC(904) Metaspace: 14372K(15232K)->14372K(15232K) NonClass: 12391K(12864K)->12391K(12864K) Class: 1981K(2368K)->1981K(2368K)
[106.496s][info][gc             ] GC(904) Pause Young (Allocation Failure) 180M->12M(510M) 2.306ms
[106.496s][info][gc,cpu         ] GC(904) User=0.00s Sys=0.00s Real=0.00s
[106.622s][info][gc,start       ] GC(905) Pause Young (Allocation Failure)
[106.624s][info][gc,heap        ] GC(905) PSYoungGen: 172512K(173056K)->992K(173056K) Eden: 171520K(171520K)->0K(171520K) From: 992K(1536K)->992K(1536K)
[106.624s][info][gc,heap        ] GC(905) ParOldGen: 12305K(349696K)->12353K(349696K)
[106.624s][info][gc,metaspace   ] GC(905) Metaspace: 14372K(15232K)->14372K(15232K) NonClass: 12391K(12864K)->12391K(12864K) Class: 1981K(2368K)->1981K(2368K)
[106.624s][info][gc             ] GC(905) Pause Young (Allocation Failure) 180M->13M(510M) 2.366ms
[106.624s][info][gc,cpu         ] GC(905) User=0.00s Sys=0.00s Real=0.00s
[106.751s][info][gc,start       ] GC(906) Pause Young (Allocation Failure)
[106.754s][info][gc,heap        ] GC(906) PSYoungGen: 172512K(173056K)->1024K(173056K) Eden: 171520K(171520K)->0K(171520K) From: 992K(1536K)->1024K(1536K)
[106.754s][info][gc,heap        ] GC(906) ParOldGen: 12353K(349696K)->12409K(349696K)
[106.754s][info][gc,metaspace   ] GC(906) Metaspace: 14372K(15232K)->14372K(15232K) NonClass: 12391K(12864K)->12391K(12864K) Class: 1981K(2368K)->1981K(2368K)
[106.754s][info][gc             ] GC(906) Pause Young (Allocation Failure) 180M->13M(510M) 2.415ms
[106.754s][info][gc,cpu         ] GC(906) User=0.00s Sys=0.00s Real=0.00s
[106.876s][info][gc,start       ] GC(907) Pause Young (Allocation Failure)
[106.879s][info][gc,heap        ] GC(907) PSYoungGen: 172544K(173056K)->992K(173056K) Eden: 171520K(171520K)->0K(171520K) From: 1024K(1536K)->992K(1536K)
[106.879s][info][gc,heap        ] GC(907) ParOldGen: 12409K(349696K)->12465K(349696K)
[106.879s][info][gc,metaspace   ] GC(907) Metaspace: 14372K(15232K)->14372K(15232K) NonClass: 12391K(12864K)->12391K(12864K) Class: 1981K(2368K)->1981K(2368K)
[106.879s][info][gc             ] GC(907) Pause Young (Allocation Failure) 180M->13M(510M) 2.399ms
[106.879s][info][gc,cpu         ] GC(907) User=0.00s Sys=0.00s Real=0.00s
[107.000s][info][gc,start       ] GC(908) Pause Young (Allocation Failure)
[107.002s][info][gc,heap        ] GC(908) PSYoungGen: 172512K(173056K)->992K(173056K) Eden: 171520K(171520K)->0K(171520K) From: 992K(1536K)->992K(1536K)
[107.003s][info][gc,heap        ] GC(908) ParOldGen: 12465K(349696K)->12521K(349696K)
[107.003s][info][gc,metaspace   ] GC(908) Metaspace: 14372K(15232K)->14372K(15232K) NonClass: 12391K(12864K)->12391K(12864K) Class: 1981K(2368K)->1981K(2368K)
[107.003s][info][gc             ] GC(908) Pause Young (Allocation Failure) 180M->13M(510M) 2.462ms
[107.003s][info][gc,cpu         ] GC(908) User=0.00s Sys=0.00s Real=0.00s
[107.117s][info][gc,start       ] GC(909) Pause Young (Allocation Failure)
[107.119s][info][gc,heap        ] GC(909) PSYoungGen: 172512K(173056K)->1024K(173056K) Eden: 171520K(171520K)->0K(171520K) From: 992K(1536K)->1024K(1536K)
[107.119s][info][gc,heap        ] GC(909) ParOldGen: 12521K(349696K)->12569K(349696K)
[107.119s][info][gc,metaspace   ] GC(909) Metaspace: 14372K(15232K)->14372K(15232K) NonClass: 12391K(12864K)->12391K(12864K) Class: 1981K(2368K)->1981K(2368K)
[107.119s][info][gc             ] GC(909) Pause Young (Allocation Failure) 180M->13M(510M) 2.466ms
[107.119s][info][gc,cpu         ] GC(909) User=0.00s Sys=0.00s Real=0.00s
[107.232s][info][gc,start       ] GC(910) Pause Young (Allocation Failure)
[107.234s][info][gc,heap        ] GC(910) PSYoungGen: 172544K(173056K)->992K(173056K) Eden: 171520K(171520K)->0K(171520K) From: 1024K(1536K)->992K(1536K)
[107.235s][info][gc,heap        ] GC(910) ParOldGen: 12569K(349696K)->12625K(349696K)
[107.235s][info][gc,metaspace   ] GC(910) Metaspace: 14372K(15232K)->14372K(15232K) NonClass: 12391K(12864K)->12391K(12864K) Class: 1981K(2368K)->1981K(2368K)
[107.235s][info][gc             ] GC(910) Pause Young (Allocation Failure) 180M->13M(510M) 2.551ms
[107.235s][info][gc,cpu         ] GC(910) User=0.00s Sys=0.00s Real=0.00s
[107.338s][info][gc,start       ] GC(911) Pause Young (Allocation Failure)
[107.340s][info][gc,heap        ] GC(911) PSYoungGen: 172512K(173056K)->928K(173056K) Eden: 171520K(171520K)->0K(171520K) From: 992K(1536K)->928K(1536K)
[107.340s][info][gc,heap        ] GC(911) ParOldGen: 12625K(349696K)->12665K(349696K)
[107.340s][info][gc,metaspace   ] GC(911) Metaspace: 14372K(15232K)->14372K(15232K) NonClass: 12391K(12864K)->12391K(12864K) Class: 1981K(2368K)->1981K(2368K)
[107.340s][info][gc             ] GC(911) Pause Young (Allocation Failure) 180M->13M(510M) 2.606ms
[107.340s][info][gc,cpu         ] GC(911) User=0.00s Sys=0.00s Real=0.00s
[107.419s][info][gc,start       ] GC(912) Pause Young (Allocation Failure)
[107.421s][info][gc,heap        ] GC(912) PSYoungGen: 172448K(173056K)->800K(173056K) Eden: 171520K(171520K)->0K(171520K) From: 928K(1536K)->800K(1536K)
[107.422s][info][gc,heap        ] GC(912) ParOldGen: 12665K(349696K)->12689K(349696K)
[107.422s][info][gc,metaspace   ] GC(912) Metaspace: 14372K(15232K)->14372K(15232K) NonClass: 12391K(12864K)->12391K(12864K) Class: 1981K(2368K)->1981K(2368K)
[107.422s][info][gc             ] GC(912) Pause Young (Allocation Failure) 180M->13M(510M) 2.631ms
[107.422s][info][gc,cpu         ] GC(912) User=0.00s Sys=0.00s Real=0.00s
[107.488s][info][gc,start       ] GC(913) Pause Young (Allocation Failure)
[107.490s][info][gc,heap        ] GC(913) PSYoungGen: 172320K(173056K)->800K(173056K) Eden: 171520K(171520K)->0K(171520K) From: 800K(1536K)->800K(1536K)
[107.490s][info][gc,heap        ] GC(913) ParOldGen: 12689K(349696K)->12721K(349696K)
[107.490s][info][gc,metaspace   ] GC(913) Metaspace: 14372K(15232K)->14372K(15232K) NonClass: 12391K(12864K)->12391K(12864K) Class: 1981K(2368K)->1981K(2368K)
[107.490s][info][gc             ] GC(913) Pause Young (Allocation Failure) 180M->13M(510M) 2.599ms
[107.490s][info][gc,cpu         ] GC(913) User=0.52s Sys=0.00s Real=0.00s
[107.568s][info][gc,start       ] GC(914) Pause Young (Allocation Failure)
[107.571s][info][gc,heap        ] GC(914) PSYoungGen: 172320K(173056K)->864K(173056K) Eden: 171520K(171520K)->0K(171520K) From: 800K(1536K)->864K(1536K)
[107.571s][info][gc,heap        ] GC(914) ParOldGen: 12721K(349696K)->12745K(349696K)
[107.571s][info][gc,metaspace   ] GC(914) Metaspace: 14372K(15232K)->14372K(15232K) NonClass: 12391K(12864K)->12391K(12864K) Class: 1981K(2368K)->1981K(2368K)
[107.571s][info][gc             ] GC(914) Pause Young (Allocation Failure) 180M->13M(510M) 2.684ms
[107.571s][info][gc,cpu         ] GC(914) User=0.00s Sys=0.00s Real=0.00s
[107.748s][info][gc,start       ] GC(915) Pause Young (Allocation Failure)
[107.751s][info][gc,heap        ] GC(915) PSYoungGen: 172384K(173056K)->704K(173056K) Eden: 171520K(171520K)->0K(171520K) From: 864K(1536K)->704K(1536K)
[107.751s][info][gc,heap        ] GC(915) ParOldGen: 12745K(349696K)->12793K(349696K)
[107.751s][info][gc,metaspace   ] GC(915) Metaspace: 14372K(15232K)->14372K(15232K) NonClass: 12391K(12864K)->12391K(12864K) Class: 1981K(2368K)->1981K(2368K)
[107.751s][info][gc             ] GC(915) Pause Young (Allocation Failure) 180M->13M(510M) 3.237ms
[107.751s][info][gc,cpu         ] GC(915) User=0.00s Sys=0.00s Real=0.00s
[107.926s][info][gc,start       ] GC(916) Pause Young (System.gc())
[107.928s][info][gc,heap        ] GC(916) PSYoungGen: 161363K(173056K)->352K(173056K) Eden: 160659K(171520K)->0K(171520K) From: 704K(1536K)->352K(1536K)
[107.928s][info][gc,heap        ] GC(916) ParOldGen: 12793K(349696K)->12833K(349696K)
[107.928s][info][gc,metaspace   ] GC(916) Metaspace: 14372K(15232K)->14372K(15232K) NonClass: 12391K(12864K)->12391K(12864K) Class: 1981K(2368K)->1981K(2368K)
[107.928s][info][gc             ] GC(916) Pause Young (System.gc()) 170M->12M(510M) 2.347ms
[107.928s][info][gc,cpu         ] GC(916) User=0.00s Sys=0.00s Real=0.00s
[107.929s][info][gc,start       ] GC(917) Pause Full (System.gc())
[107.929s][info][gc,phases,start] GC(917) Marking Phase
[107.939s][info][gc,phases      ] GC(917) Marking Phase 10.640ms
[107.939s][info][gc,phases,start] GC(917) Summary Phase
[107.939s][info][gc,phases      ] GC(917) Summary Phase 0.026ms
[107.939s][info][gc,phases,start] GC(917) Adjust Roots
[107.943s][info][gc,phases      ] GC(917) Adjust Roots 3.682ms
[107.943s][info][gc,phases,start] GC(917) Compaction Phase
[107.945s][info][gc,phases      ] GC(917) Compaction Phase 1.525ms
[107.945s][info][gc,phases,start] GC(917) Post Compact
[107.945s][info][gc,phases      ] GC(917) Post Compact 0.237ms
[107.945s][info][gc,heap        ] GC(917) PSYoungGen: 352K(173056K)->0K(173056K) Eden: 0K(171520K)->0K(171520K) From: 352K(1536K)->0K(1536K)
[107.945s][info][gc,heap        ] GC(917) ParOldGen: 12833K(349696K)->5380K(349696K)
[107.945s][info][gc,metaspace   ] GC(917) Metaspace: 14372K(15232K)->14372K(15232K) NonClass: 12391K(12864K)->12391K(12864K) Class: 1981K(2368K)->1981K(2368K)
[107.945s][info][gc             ] GC(917) Pause Full (System.gc()) 12M->5M(510M) 16.455ms
[107.945s][info][gc,cpu         ] GC(917) User=0.25s Sys=0.00s Real=0.02s
[108.090s][info][gc,start       ] GC(918) Pause Young (Allocation Failure)
[108.092s][info][gc,heap        ] GC(918) PSYoungGen: 171520K(173056K)->1536K(172032K) Eden: 171520K(171520K)->0K(170496K) From: 0K(1536K)->1536K(1536K)
[108.092s][info][gc,heap        ] GC(918) ParOldGen: 5380K(349696K)->5883K(349696K)
[108.092s][info][gc,metaspace   ] GC(918) Metaspace: 14372K(15232K)->14372K(15232K) NonClass: 12391K(12864K)->12391K(12864K) Class: 1981K(2368K)->1981K(2368K)
[108.092s][info][gc             ] GC(918) Pause Young (Allocation Failure) 172M->7M(509M) 2.360ms
[108.093s][info][gc,cpu         ] GC(918) User=0.00s Sys=0.00s Real=0.00s
[108.211s][info][gc,start       ] GC(919) Pause Young (Allocation Failure)
[108.213s][info][gc,heap        ] GC(919) PSYoungGen: 172032K(172032K)->960K(172544K) Eden: 170496K(170496K)->0K(170496K) From: 1536K(1536K)->960K(2048K)
[108.213s][info][gc,heap        ] GC(919) ParOldGen: 5883K(349696K)->7044K(349696K)
[108.213s][info][gc,metaspace   ] GC(919) Metaspace: 14372K(15232K)->14372K(15232K) NonClass: 12391K(12864K)->12391K(12864K) Class: 1981K(2368K)->1981K(2368K)
[108.213s][info][gc             ] GC(919) Pause Young (Allocation Failure) 173M->7M(510M) 2.238ms
[108.213s][info][gc,cpu         ] GC(919) User=0.00s Sys=0.00s Real=0.00s
[108.338s][info][gc,start       ] GC(920) Pause Young (Allocation Failure)
[108.340s][info][gc,heap        ] GC(920) PSYoungGen: 171456K(172544K)->1024K(171520K) Eden: 170496K(170496K)->0K(170496K) From: 960K(2048K)->1024K(1024K)
[108.340s][info][gc,heap        ] GC(920) ParOldGen: 7044K(349696K)->7140K(349696K)
[108.340s][info][gc,metaspace   ] GC(920) Metaspace: 14372K(15232K)->14372K(15232K) NonClass: 12391K(12864K)->12391K(12864K) Class: 1981K(2368K)->1981K(2368K)
[108.340s][info][gc             ] GC(920) Pause Young (Allocation Failure) 174M->7M(509M) 2.244ms
[108.340s][info][gc,cpu         ] GC(920) User=0.00s Sys=0.00s Real=0.00s
[108.465s][info][gc,start       ] GC(921) Pause Young (Allocation Failure)
[108.467s][info][gc,heap        ] GC(921) PSYoungGen: 171519K(171520K)->992K(172032K) Eden: 170495K(170496K)->0K(170496K) From: 1024K(1024K)->992K(1536K)
[108.467s][info][gc,heap        ] GC(921) ParOldGen: 7140K(349696K)->7220K(349696K)
[108.467s][info][gc,metaspace   ] GC(921) Metaspace: 14372K(15232K)->14372K(15232K) NonClass: 12391K(12864K)->12391K(12864K) Class: 1981K(2368K)->1981K(2368K)
[108.467s][info][gc             ] GC(921) Pause Young (Allocation Failure) 174M->8M(509M) 2.161ms
[108.467s][info][gc,cpu         ] GC(921) User=0.00s Sys=0.00s Real=0.00s
[108.597s][info][gc,start       ] GC(922) Pause Young (Allocation Failure)
[108.599s][info][gc,heap        ] GC(922) PSYoungGen: 171488K(172032K)->1024K(173056K) Eden: 170496K(170496K)->0K(171520K) From: 992K(1536K)->1024K(1536K)
[108.599s][info][gc,heap        ] GC(922) ParOldGen: 7220K(349696K)->7268K(349696K)
[108.599s][info][gc,metaspace   ] GC(922) Metaspace: 14372K(15232K)->14372K(15232K) NonClass: 12391K(12864K)->12391K(12864K) Class: 1981K(2368K)->1981K(2368K)
[108.599s][info][gc             ] GC(922) Pause Young (Allocation Failure) 174M->8M(510M) 2.092ms
[108.600s][info][gc,cpu         ] GC(922) User=0.00s Sys=0.02s Real=0.00s
[108.725s][info][gc,start       ] GC(923) Pause Young (Allocation Failure)
[108.727s][info][gc,heap        ] GC(923) PSYoungGen: 172544K(173056K)->992K(173056K) Eden: 171520K(171520K)->0K(171520K) From: 1024K(1536K)->992K(1536K)
[108.727s][info][gc,heap        ] GC(923) ParOldGen: 7268K(349696K)->7324K(349696K)
[108.727s][info][gc,metaspace   ] GC(923) Metaspace: 14372K(15232K)->14372K(15232K) NonClass: 12391K(12864K)->12391K(12864K) Class: 1981K(2368K)->1981K(2368K)
[108.727s][info][gc             ] GC(923) Pause Young (Allocation Failure) 175M->8M(510M) 2.167ms
[108.727s][info][gc,cpu         ] GC(923) User=0.00s Sys=0.00s Real=0.00s
[108.855s][info][gc,start       ] GC(924) Pause Young (Allocation Failure)
[108.857s][info][gc,heap        ] GC(924) PSYoungGen: 172512K(173056K)->992K(173056K) Eden: 171520K(171520K)->0K(171520K) From: 992K(1536K)->992K(1536K)
[108.857s][info][gc,heap        ] GC(924) ParOldGen: 7324K(349696K)->7380K(349696K)
[108.857s][info][gc,metaspace   ] GC(924) Metaspace: 14372K(15232K)->14372K(15232K) NonClass: 12391K(12864K)->12391K(12864K) Class: 1981K(2368K)->1981K(2368K)
[108.857s][info][gc             ] GC(924) Pause Young (Allocation Failure) 175M->8M(510M) 2.155ms
[108.857s][info][gc,cpu         ] GC(924) User=0.00s Sys=0.00s Real=0.00s
[108.983s][info][gc,start       ] GC(925) Pause Young (Allocation Failure)
[108.985s][info][gc,heap        ] GC(925) PSYoungGen: 172512K(173056K)->992K(173056K) Eden: 171520K(171520K)->0K(171520K) From: 992K(1536K)->992K(1536K)
[108.985s][info][gc,heap        ] GC(925) ParOldGen: 7380K(349696K)->7452K(349696K)
[108.985s][info][gc,metaspace   ] GC(925) Metaspace: 14372K(15232K)->14372K(15232K) NonClass: 12391K(12864K)->12391K(12864K) Class: 1981K(2368K)->1981K(2368K)
[108.985s][info][gc             ] GC(925) Pause Young (Allocation Failure) 175M->8M(510M) 2.203ms
[108.985s][info][gc,cpu         ] GC(925) User=0.00s Sys=0.00s Real=0.00s
[109.111s][info][gc,start       ] GC(926) Pause Young (Allocation Failure)
[109.113s][info][gc,heap        ] GC(926) PSYoungGen: 172512K(173056K)->1024K(173056K) Eden: 171520K(171520K)->0K(171520K) From: 992K(1536K)->1024K(1536K)
[109.113s][info][gc,heap        ] GC(926) ParOldGen: 7452K(349696K)->7500K(349696K)
[109.113s][info][gc,metaspace   ] GC(926) Metaspace: 14372K(15232K)->14372K(15232K) NonClass: 12391K(12864K)->12391K(12864K) Class: 1981K(2368K)->1981K(2368K)
[109.113s][info][gc             ] GC(926) Pause Young (Allocation Failure) 175M->8M(510M) 2.262ms
[109.113s][info][gc,cpu         ] GC(926) User=0.02s Sys=0.00s Real=0.00s
[109.239s][info][gc,start       ] GC(927) Pause Young (Allocation Failure)
[109.241s][info][gc,heap        ] GC(927) PSYoungGen: 172544K(173056K)->1024K(173056K) Eden: 171520K(171520K)->0K(171520K) From: 1024K(1536K)->1024K(1536K)
[109.241s][info][gc,heap        ] GC(927) ParOldGen: 7500K(349696K)->7556K(349696K)
[109.241s][info][gc,metaspace   ] GC(927) Metaspace: 14372K(15232K)->14372K(15232K) NonClass: 12391K(12864K)->12391K(12864K) Class: 1981K(2368K)->1981K(2368K)
[109.241s][info][gc             ] GC(927) Pause Young (Allocation Failure) 175M->8M(510M) 2.251ms
[109.241s][info][gc,cpu         ] GC(927) User=0.00s Sys=0.00s Real=0.00s
[109.364s][info][gc,start       ] GC(928) Pause Young (Allocation Failure)
[109.366s][info][gc,heap        ] GC(928) PSYoungGen: 172544K(173056K)->1024K(173056K) Eden: 171520K(171520K)->0K(171520K) From: 1024K(1536K)->1024K(1536K)
[109.366s][info][gc,heap        ] GC(928) ParOldGen: 7556K(349696K)->7612K(349696K)
[109.366s][info][gc,metaspace   ] GC(928) Metaspace: 14372K(15232K)->14372K(15232K) NonClass: 12391K(12864K)->12391K(12864K) Class: 1981K(2368K)->1981K(2368K)
[109.366s][info][gc             ] GC(928) Pause Young (Allocation Failure) 175M->8M(510M) 2.271ms
[109.366s][info][gc,cpu         ] GC(928) User=0.00s Sys=0.00s Real=0.00s
[109.492s][info][gc,start       ] GC(929) Pause Young (Allocation Failure)
[109.495s][info][gc,heap        ] GC(929) PSYoungGen: 172544K(173056K)->1024K(173056K) Eden: 171520K(171520K)->0K(171520K) From: 1024K(1536K)->1024K(1536K)
[109.495s][info][gc,heap        ] GC(929) ParOldGen: 7612K(349696K)->7676K(349696K)
[109.495s][info][gc,metaspace   ] GC(929) Metaspace: 14372K(15232K)->14372K(15232K) NonClass: 12391K(12864K)->12391K(12864K) Class: 1981K(2368K)->1981K(2368K)
[109.495s][info][gc             ] GC(929) Pause Young (Allocation Failure) 175M->8M(510M) 2.283ms
[109.495s][info][gc,cpu         ] GC(929) User=0.00s Sys=0.00s Real=0.00s
[109.621s][info][gc,start       ] GC(930) Pause Young (Allocation Failure)
[109.623s][info][gc,heap        ] GC(930) PSYoungGen: 172544K(173056K)->1024K(173056K) Eden: 171520K(171520K)->0K(171520K) From: 1024K(1536K)->1024K(1536K)
[109.623s][info][gc,heap        ] GC(930) ParOldGen: 7676K(349696K)->7724K(349696K)
[109.623s][info][gc,metaspace   ] GC(930) Metaspace: 14372K(15232K)->14372K(15232K) NonClass: 12391K(12864K)->12391K(12864K) Class: 1981K(2368K)->1981K(2368K)
[109.623s][info][gc             ] GC(930) Pause Young (Allocation Failure) 175M->8M(510M) 2.288ms
[109.623s][info][gc,cpu         ] GC(930) User=0.00s Sys=0.00s Real=0.00s
[109.749s][info][gc,start       ] GC(931) Pause Young (Allocation Failure)
[109.751s][info][gc,heap        ] GC(931) PSYoungGen: 172543K(173056K)->992K(173056K) Eden: 171519K(171520K)->0K(171520K) From: 1024K(1536K)->992K(1536K)
[109.751s][info][gc,heap        ] GC(931) ParOldGen: 7724K(349696K)->7780K(349696K)
[109.751s][info][gc,metaspace   ] GC(931) Metaspace: 14372K(15232K)->14372K(15232K) NonClass: 12391K(12864K)->12391K(12864K) Class: 1981K(2368K)->1981K(2368K)
[109.751s][info][gc             ] GC(931) Pause Young (Allocation Failure) 176M->8M(510M) 2.348ms
[109.751s][info][gc,cpu         ] GC(931) User=0.00s Sys=0.00s Real=0.00s
[109.877s][info][gc,start       ] GC(932) Pause Young (Allocation Failure)
[109.879s][info][gc,heap        ] GC(932) PSYoungGen: 172512K(173056K)->1024K(173056K) Eden: 171520K(171520K)->0K(171520K) From: 992K(1536K)->1024K(1536K)
[109.879s][info][gc,heap        ] GC(932) ParOldGen: 7780K(349696K)->7844K(349696K)
[109.879s][info][gc,metaspace   ] GC(932) Metaspace: 14372K(15232K)->14372K(15232K) NonClass: 12391K(12864K)->12391K(12864K) Class: 1981K(2368K)->1981K(2368K)
[109.879s][info][gc             ] GC(932) Pause Young (Allocation Failure) 176M->8M(510M) 2.361ms
[109.879s][info][gc,cpu         ] GC(932) User=0.52s Sys=0.00s Real=0.00s
[110.005s][info][gc,start       ] GC(933) Pause Young (Allocation Failure)
[110.007s][info][gc,heap        ] GC(933) PSYoungGen: 172544K(173056K)->1024K(173056K) Eden: 171520K(171520K)->0K(171520K) From: 1024K(1536K)->1024K(1536K)
[110.007s][info][gc,heap        ] GC(933) ParOldGen: 7844K(349696K)->7900K(349696K)
[110.007s][info][gc,metaspace   ] GC(933) Metaspace: 14372K(15232K)->14372K(15232K) NonClass: 12391K(12864K)->12391K(12864K) Class: 1981K(2368K)->1981K(2368K)
[110.007s][info][gc             ] GC(933) Pause Young (Allocation Failure) 176M->8M(510M) 2.402ms
[110.007s][info][gc,cpu         ] GC(933) User=0.00s Sys=0.00s Real=0.00s
[110.134s][info][gc,start       ] GC(934) Pause Young (Allocation Failure)
[110.136s][info][gc,heap        ] GC(934) PSYoungGen: 172544K(173056K)->1024K(173056K) Eden: 171520K(171520K)->0K(171520K) From: 1024K(1536K)->1024K(1536K)
[110.136s][info][gc,heap        ] GC(934) ParOldGen: 7900K(349696K)->7964K(349696K)
[110.136s][info][gc,metaspace   ] GC(934) Metaspace: 14372K(15232K)->14372K(15232K) NonClass: 12391K(12864K)->12391K(12864K) Class: 1981K(2368K)->1981K(2368K)
[110.136s][info][gc             ] GC(934) Pause Young (Allocation Failure) 176M->8M(510M) 2.400ms
[110.136s][info][gc,cpu         ] GC(934) User=0.00s Sys=0.00s Real=0.00s
[110.261s][info][gc,start       ] GC(935) Pause Young (Allocation Failure)
[110.263s][info][gc,heap        ] GC(935) PSYoungGen: 172544K(173056K)->1024K(173056K) Eden: 171520K(171520K)->0K(171520K) From: 1024K(1536K)->1024K(1536K)
[110.263s][info][gc,heap        ] GC(935) ParOldGen: 7964K(349696K)->8028K(349696K)
[110.263s][info][gc,metaspace   ] GC(935) Metaspace: 14372K(15232K)->14372K(15232K) NonClass: 12391K(12864K)->12391K(12864K) Class: 1981K(2368K)->1981K(2368K)
[110.263s][info][gc             ] GC(935) Pause Young (Allocation Failure) 176M->8M(510M) 2.378ms
[110.263s][info][gc,cpu         ] GC(935) User=0.00s Sys=0.00s Real=0.00s
[110.389s][info][gc,start       ] GC(936) Pause Young (Allocation Failure)
[110.392s][info][gc,heap        ] GC(936) PSYoungGen: 172544K(173056K)->1024K(173056K) Eden: 171520K(171520K)->0K(171520K) From: 1024K(1536K)->1024K(1536K)
[110.392s][info][gc,heap        ] GC(936) ParOldGen: 8028K(349696K)->8092K(349696K)
[110.392s][info][gc,metaspace   ] GC(936) Metaspace: 14372K(15232K)->14372K(15232K) NonClass: 12391K(12864K)->12391K(12864K) Class: 1981K(2368K)->1981K(2368K)
[110.392s][info][gc             ] GC(936) Pause Young (Allocation Failure) 176M->8M(510M) 2.477ms
[110.392s][info][gc,cpu         ] GC(936) User=0.00s Sys=0.00s Real=0.00s
[110.517s][info][gc,start       ] GC(937) Pause Young (Allocation Failure)
[110.519s][info][gc,heap        ] GC(937) PSYoungGen: 172544K(173056K)->1024K(173056K) Eden: 171520K(171520K)->0K(171520K) From: 1024K(1536K)->1024K(1536K)
[110.519s][info][gc,heap        ] GC(937) ParOldGen: 8092K(349696K)->8132K(349696K)
[110.519s][info][gc,metaspace   ] GC(937) Metaspace: 14372K(15232K)->14372K(15232K) NonClass: 12391K(12864K)->12391K(12864K) Class: 1981K(2368K)->1981K(2368K)
[110.519s][info][gc             ] GC(937) Pause Young (Allocation Failure) 176M->8M(510M) 2.458ms
[110.519s][info][gc,cpu         ] GC(937) User=0.00s Sys=0.00s Real=0.00s
[110.644s][info][gc,start       ] GC(938) Pause Young (Allocation Failure)
[110.647s][info][gc,heap        ] GC(938) PSYoungGen: 172544K(173056K)->1024K(173056K) Eden: 171520K(171520K)->0K(171520K) From: 1024K(1536K)->1024K(1536K)
[110.647s][info][gc,heap        ] GC(938) ParOldGen: 8132K(349696K)->8196K(349696K)
[110.647s][info][gc,metaspace   ] GC(938) Metaspace: 14372K(15232K)->14372K(15232K) NonClass: 12391K(12864K)->12391K(12864K) Class: 1981K(2368K)->1981K(2368K)
[110.647s][info][gc             ] GC(938) Pause Young (Allocation Failure) 176M->9M(510M) 2.496ms
[110.647s][info][gc,cpu         ] GC(938) User=0.00s Sys=0.00s Real=0.00s
[110.772s][info][gc,start       ] GC(939) Pause Young (Allocation Failure)
[110.775s][info][gc,heap        ] GC(939) PSYoungGen: 172544K(173056K)->1024K(173056K) Eden: 171520K(171520K)->0K(171520K) From: 1024K(1536K)->1024K(1536K)
[110.775s][info][gc,heap        ] GC(939) ParOldGen: 8196K(349696K)->8252K(349696K)
[110.775s][info][gc,metaspace   ] GC(939) Metaspace: 14372K(15232K)->14372K(15232K) NonClass: 12391K(12864K)->12391K(12864K) Class: 1981K(2368K)->1981K(2368K)
[110.775s][info][gc             ] GC(939) Pause Young (Allocation Failure) 176M->9M(510M) 2.543ms
[110.775s][info][gc,cpu         ] GC(939) User=0.00s Sys=0.00s Real=0.00s
[110.900s][info][gc,start       ] GC(940) Pause Young (Allocation Failure)
[110.903s][info][gc,heap        ] GC(940) PSYoungGen: 172544K(173056K)->1024K(173056K) Eden: 171520K(171520K)->0K(171520K) From: 1024K(1536K)->1024K(1536K)
[110.903s][info][gc,heap        ] GC(940) ParOldGen: 8252K(349696K)->8308K(349696K)
[110.903s][info][gc,metaspace   ] GC(940) Metaspace: 14372K(15232K)->14372K(15232K) NonClass: 12391K(12864K)->12391K(12864K) Class: 1981K(2368K)->1981K(2368K)
[110.903s][info][gc             ] GC(940) Pause Young (Allocation Failure) 176M->9M(510M) 2.569ms
[110.903s][info][gc,cpu         ] GC(940) User=0.00s Sys=0.00s Real=0.00s
[111.027s][info][gc,start       ] GC(941) Pause Young (Allocation Failure)
[111.029s][info][gc,heap        ] GC(941) PSYoungGen: 172544K(173056K)->1024K(173056K) Eden: 171520K(171520K)->0K(171520K) From: 1024K(1536K)->1024K(1536K)
[111.029s][info][gc,heap        ] GC(941) ParOldGen: 8308K(349696K)->8356K(349696K)
[111.029s][info][gc,metaspace   ] GC(941) Metaspace: 14372K(15232K)->14372K(15232K) NonClass: 12391K(12864K)->12391K(12864K) Class: 1981K(2368K)->1981K(2368K)
[111.029s][info][gc             ] GC(941) Pause Young (Allocation Failure) 176M->9M(510M) 2.561ms
[111.029s][info][gc,cpu         ] GC(941) User=0.00s Sys=0.00s Real=0.00s
[111.157s][info][gc,start       ] GC(942) Pause Young (Allocation Failure)
[111.160s][info][gc,heap        ] GC(942) PSYoungGen: 172544K(173056K)->1024K(173056K) Eden: 171520K(171520K)->0K(171520K) From: 1024K(1536K)->1024K(1536K)
[111.160s][info][gc,heap        ] GC(942) ParOldGen: 8356K(349696K)->8404K(349696K)
[111.160s][info][gc,metaspace   ] GC(942) Metaspace: 14372K(15232K)->14372K(15232K) NonClass: 12391K(12864K)->12391K(12864K) Class: 1981K(2368K)->1981K(2368K)
[111.160s][info][gc             ] GC(942) Pause Young (Allocation Failure) 176M->9M(510M) 2.598ms
[111.160s][info][gc,cpu         ] GC(942) User=0.00s Sys=0.00s Real=0.00s
[111.355s][info][gc,start       ] GC(943) Pause Young (Allocation Failure)
[111.359s][info][gc,heap        ] GC(943) PSYoungGen: 172544K(173056K)->992K(173056K) Eden: 171520K(171520K)->0K(171520K) From: 1024K(1536K)->992K(1536K)
[111.359s][info][gc,heap        ] GC(943) ParOldGen: 8404K(349696K)->8484K(349696K)
[111.359s][info][gc,metaspace   ] GC(943) Metaspace: 14372K(15232K)->14372K(15232K) NonClass: 12391K(12864K)->12391K(12864K) Class: 1981K(2368K)->1981K(2368K)
[111.359s][info][gc             ] GC(943) Pause Young (Allocation Failure) 176M->9M(510M) 3.391ms
[111.359s][info][gc,cpu         ] GC(943) User=0.00s Sys=0.00s Real=0.00s
[111.496s][info][gc,start       ] GC(944) Pause Young (Allocation Failure)
[111.498s][info][gc,heap        ] GC(944) PSYoungGen: 172511K(173056K)->1024K(173056K) Eden: 171519K(171520K)->0K(171520K) From: 992K(1536K)->1024K(1536K)
[111.498s][info][gc,heap        ] GC(944) ParOldGen: 8484K(349696K)->8556K(349696K)
[111.498s][info][gc,metaspace   ] GC(944) Metaspace: 14372K(15232K)->14372K(15232K) NonClass: 12391K(12864K)->12391K(12864K) Class: 1981K(2368K)->1981K(2368K)
[111.498s][info][gc             ] GC(944) Pause Young (Allocation Failure) 176M->9M(510M) 2.426ms
[111.498s][info][gc,cpu         ] GC(944) User=0.00s Sys=0.00s Real=0.00s
[111.626s][info][gc,start       ] GC(945) Pause Young (Allocation Failure)
[111.628s][info][gc,heap        ] GC(945) PSYoungGen: 172544K(173056K)->1024K(173056K) Eden: 171520K(171520K)->0K(171520K) From: 1024K(1536K)->1024K(1536K)
[111.628s][info][gc,heap        ] GC(945) ParOldGen: 8556K(349696K)->8652K(349696K)
[111.628s][info][gc,metaspace   ] GC(945) Metaspace: 14372K(15232K)->14372K(15232K) NonClass: 12391K(12864K)->12391K(12864K) Class: 1981K(2368K)->1981K(2368K)
[111.628s][info][gc             ] GC(945) Pause Young (Allocation Failure) 176M->9M(510M) 2.393ms
[111.628s][info][gc,cpu         ] GC(945) User=0.00s Sys=0.00s Real=0.00s
[111.758s][info][gc,start       ] GC(946) Pause Young (Allocation Failure)
[111.760s][info][gc,heap        ] GC(946) PSYoungGen: 172544K(173056K)->992K(173056K) Eden: 171520K(171520K)->0K(171520K) From: 1024K(1536K)->992K(1536K)
[111.760s][info][gc,heap        ] GC(946) ParOldGen: 8652K(349696K)->8716K(349696K)
[111.760s][info][gc,metaspace   ] GC(946) Metaspace: 14372K(15232K)->14372K(15232K) NonClass: 12391K(12864K)->12391K(12864K) Class: 1981K(2368K)->1981K(2368K)
[111.760s][info][gc             ] GC(946) Pause Young (Allocation Failure) 176M->9M(510M) 2.279ms
[111.760s][info][gc,cpu         ] GC(946) User=0.00s Sys=0.00s Real=0.00s
[111.896s][info][gc,start       ] GC(947) Pause Young (Allocation Failure)
[111.898s][info][gc,heap        ] GC(947) PSYoungGen: 172512K(173056K)->992K(173056K) Eden: 171520K(171520K)->0K(171520K) From: 992K(1536K)->992K(1536K)
[111.898s][info][gc,heap        ] GC(947) ParOldGen: 8716K(349696K)->8788K(349696K)
[111.898s][info][gc,metaspace   ] GC(947) Metaspace: 14372K(15232K)->14372K(15232K) NonClass: 12391K(12864K)->12391K(12864K) Class: 1981K(2368K)->1981K(2368K)
[111.898s][info][gc             ] GC(947) Pause Young (Allocation Failure) 176M->9M(510M) 2.266ms
[111.898s][info][gc,cpu         ] GC(947) User=0.00s Sys=0.00s Real=0.00s
[112.033s][info][gc,start       ] GC(948) Pause Young (Allocation Failure)
[112.036s][info][gc,heap        ] GC(948) PSYoungGen: 172512K(173056K)->1024K(173056K) Eden: 171520K(171520K)->0K(171520K) From: 992K(1536K)->1024K(1536K)
[112.036s][info][gc,heap        ] GC(948) ParOldGen: 8788K(349696K)->8852K(349696K)
[112.036s][info][gc,metaspace   ] GC(948) Metaspace: 14372K(15232K)->14372K(15232K) NonClass: 12391K(12864K)->12391K(12864K) Class: 1981K(2368K)->1981K(2368K)
[112.036s][info][gc             ] GC(948) Pause Young (Allocation Failure) 177M->9M(510M) 2.148ms
[112.036s][info][gc,cpu         ] GC(948) User=0.02s Sys=0.00s Real=0.00s
[112.164s][info][gc,start       ] GC(949) Pause Young (Allocation Failure)
[112.166s][info][gc,heap        ] GC(949) PSYoungGen: 172544K(173056K)->1024K(173056K) Eden: 171520K(171520K)->0K(171520K) From: 1024K(1536K)->1024K(1536K)
[112.166s][info][gc,heap        ] GC(949) ParOldGen: 8852K(349696K)->8908K(349696K)
[112.166s][info][gc,metaspace   ] GC(949) Metaspace: 14372K(15232K)->14372K(15232K) NonClass: 12391K(12864K)->12391K(12864K) Class: 1981K(2368K)->1981K(2368K)
[112.166s][info][gc             ] GC(949) Pause Young (Allocation Failure) 177M->9M(510M) 2.115ms
[112.166s][info][gc,cpu         ] GC(949) User=0.00s Sys=0.00s Real=0.00s
[112.292s][info][gc,start       ] GC(950) Pause Young (Allocation Failure)
[112.294s][info][gc,heap        ] GC(950) PSYoungGen: 172544K(173056K)->1024K(173056K) Eden: 171520K(171520K)->0K(171520K) From: 1024K(1536K)->1024K(1536K)
[112.294s][info][gc,heap        ] GC(950) ParOldGen: 8908K(349696K)->8972K(349696K)
[112.294s][info][gc,metaspace   ] GC(950) Metaspace: 14372K(15232K)->14372K(15232K) NonClass: 12391K(12864K)->12391K(12864K) Class: 1981K(2368K)->1981K(2368K)
[112.294s][info][gc             ] GC(950) Pause Young (Allocation Failure) 177M->9M(510M) 2.106ms
[112.294s][info][gc,cpu         ] GC(950) User=0.00s Sys=0.00s Real=0.00s
[112.417s][info][gc,start       ] GC(951) Pause Young (Allocation Failure)
[112.419s][info][gc,heap        ] GC(951) PSYoungGen: 172544K(173056K)->992K(173056K) Eden: 171520K(171520K)->0K(171520K) From: 1024K(1536K)->992K(1536K)
[112.419s][info][gc,heap        ] GC(951) ParOldGen: 8972K(349696K)->9036K(349696K)
[112.419s][info][gc,metaspace   ] GC(951) Metaspace: 14372K(15232K)->14372K(15232K) NonClass: 12391K(12864K)->12391K(12864K) Class: 1981K(2368K)->1981K(2368K)
[112.419s][info][gc             ] GC(951) Pause Young (Allocation Failure) 177M->9M(510M) 2.113ms
[112.420s][info][gc,cpu         ] GC(951) User=0.00s Sys=0.00s Real=0.00s
[112.546s][info][gc,start       ] GC(952) Pause Young (Allocation Failure)
[112.548s][info][gc,heap        ] GC(952) PSYoungGen: 172512K(173056K)->1024K(173056K) Eden: 171520K(171520K)->0K(171520K) From: 992K(1536K)->1024K(1536K)
[112.548s][info][gc,heap        ] GC(952) ParOldGen: 9036K(349696K)->9092K(349696K)
[112.548s][info][gc,metaspace   ] GC(952) Metaspace: 14372K(15232K)->14372K(15232K) NonClass: 12391K(12864K)->12391K(12864K) Class: 1981K(2368K)->1981K(2368K)
[112.548s][info][gc             ] GC(952) Pause Young (Allocation Failure) 177M->9M(510M) 2.191ms
[112.548s][info][gc,cpu         ] GC(952) User=0.00s Sys=0.00s Real=0.00s
[112.674s][info][gc,start       ] GC(953) Pause Young (Allocation Failure)
[112.676s][info][gc,heap        ] GC(953) PSYoungGen: 172544K(173056K)->1024K(173056K) Eden: 171520K(171520K)->0K(171520K) From: 1024K(1536K)->1024K(1536K)
[112.676s][info][gc,heap        ] GC(953) ParOldGen: 9092K(349696K)->9148K(349696K)
[112.676s][info][gc,metaspace   ] GC(953) Metaspace: 14372K(15232K)->14372K(15232K) NonClass: 12391K(12864K)->12391K(12864K) Class: 1981K(2368K)->1981K(2368K)
[112.676s][info][gc             ] GC(953) Pause Young (Allocation Failure) 177M->9M(510M) 2.207ms
[112.676s][info][gc,cpu         ] GC(953) User=0.52s Sys=0.00s Real=0.00s
[112.801s][info][gc,start       ] GC(954) Pause Young (Allocation Failure)
[112.803s][info][gc,heap        ] GC(954) PSYoungGen: 172544K(173056K)->1024K(173056K) Eden: 171520K(171520K)->0K(171520K) From: 1024K(1536K)->1024K(1536K)
[112.803s][info][gc,heap        ] GC(954) ParOldGen: 9148K(349696K)->9204K(349696K)
[112.803s][info][gc,metaspace   ] GC(954) Metaspace: 14372K(15232K)->14372K(15232K) NonClass: 12391K(12864K)->12391K(12864K) Class: 1981K(2368K)->1981K(2368K)
[112.803s][info][gc             ] GC(954) Pause Young (Allocation Failure) 177M->9M(510M) 2.291ms
[112.803s][info][gc,cpu         ] GC(954) User=0.00s Sys=0.00s Real=0.00s
[112.929s][info][gc,start       ] GC(955) Pause Young (Allocation Failure)
[112.931s][info][gc,heap        ] GC(955) PSYoungGen: 172544K(173056K)->992K(173056K) Eden: 171520K(171520K)->0K(171520K) From: 1024K(1536K)->992K(1536K)
[112.932s][info][gc,heap        ] GC(955) ParOldGen: 9204K(349696K)->9252K(349696K)
[112.932s][info][gc,metaspace   ] GC(955) Metaspace: 14372K(15232K)->14372K(15232K) NonClass: 12391K(12864K)->12391K(12864K) Class: 1981K(2368K)->1981K(2368K)
[112.932s][info][gc             ] GC(955) Pause Young (Allocation Failure) 177M->10M(510M) 2.283ms
[112.932s][info][gc,cpu         ] GC(955) User=0.00s Sys=0.00s Real=0.00s
[113.056s][info][gc,start       ] GC(956) Pause Young (Allocation Failure)
[113.058s][info][gc,heap        ] GC(956) PSYoungGen: 172512K(173056K)->1024K(173056K) Eden: 171520K(171520K)->0K(171520K) From: 992K(1536K)->1024K(1536K)
[113.058s][info][gc,heap        ] GC(956) ParOldGen: 9252K(349696K)->9316K(349696K)
[113.058s][info][gc,metaspace   ] GC(956) Metaspace: 14372K(15232K)->14372K(15232K) NonClass: 12391K(12864K)->12391K(12864K) Class: 1981K(2368K)->1981K(2368K)
[113.058s][info][gc             ] GC(956) Pause Young (Allocation Failure) 177M->10M(510M) 2.277ms
[113.058s][info][gc,cpu         ] GC(956) User=0.00s Sys=0.00s Real=0.00s
[113.185s][info][gc,start       ] GC(957) Pause Young (Allocation Failure)
[113.188s][info][gc,heap        ] GC(957) PSYoungGen: 172544K(173056K)->992K(173056K) Eden: 171520K(171520K)->0K(171520K) From: 1024K(1536K)->992K(1536K)
[113.188s][info][gc,heap        ] GC(957) ParOldGen: 9316K(349696K)->9380K(349696K)
[113.188s][info][gc,metaspace   ] GC(957) Metaspace: 14372K(15232K)->14372K(15232K) NonClass: 12391K(12864K)->12391K(12864K) Class: 1981K(2368K)->1981K(2368K)
[113.188s][info][gc             ] GC(957) Pause Young (Allocation Failure) 177M->10M(510M) 2.338ms
[113.188s][info][gc,cpu         ] GC(957) User=0.00s Sys=0.00s Real=0.00s
[113.314s][info][gc,start       ] GC(958) Pause Young (Allocation Failure)
[113.316s][info][gc,heap        ] GC(958) PSYoungGen: 172512K(173056K)->1024K(173056K) Eden: 171520K(171520K)->0K(171520K) From: 992K(1536K)->1024K(1536K)
[113.316s][info][gc,heap        ] GC(958) ParOldGen: 9380K(349696K)->9436K(349696K)
[113.316s][info][gc,metaspace   ] GC(958) Metaspace: 14372K(15232K)->14372K(15232K) NonClass: 12391K(12864K)->12391K(12864K) Class: 1981K(2368K)->1981K(2368K)
[113.316s][info][gc             ] GC(958) Pause Young (Allocation Failure) 177M->10M(510M) 2.326ms
[113.316s][info][gc,cpu         ] GC(958) User=0.00s Sys=0.00s Real=0.00s
[113.439s][info][gc,start       ] GC(959) Pause Young (Allocation Failure)
[113.441s][info][gc,heap        ] GC(959) PSYoungGen: 172544K(173056K)->992K(173056K) Eden: 171520K(171520K)->0K(171520K) From: 1024K(1536K)->992K(1536K)
[113.459s][info][gc,heap        ] GC(959) ParOldGen: 9436K(349696K)->9476K(349696K)
[113.459s][info][gc,metaspace   ] GC(959) Metaspace: 14372K(15232K)->14372K(15232K) NonClass: 12391K(12864K)->12391K(12864K) Class: 1981K(2368K)->1981K(2368K)
[113.459s][info][gc             ] GC(959) Pause Young (Allocation Failure) 177M->10M(510M) 20.020ms
[113.459s][info][gc,cpu         ] GC(959) User=0.52s Sys=0.00s Real=0.01s
[113.585s][info][gc,start       ] GC(960) Pause Young (Allocation Failure)
[113.587s][info][gc,heap        ] GC(960) PSYoungGen: 172512K(173056K)->1024K(173056K) Eden: 171520K(171520K)->0K(171520K) From: 992K(1536K)->1024K(1536K)
[113.587s][info][gc,heap        ] GC(960) ParOldGen: 9476K(349696K)->9532K(349696K)
[113.587s][info][gc,metaspace   ] GC(960) Metaspace: 14372K(15232K)->14372K(15232K) NonClass: 12391K(12864K)->12391K(12864K) Class: 1981K(2368K)->1981K(2368K)
[113.587s][info][gc             ] GC(960) Pause Young (Allocation Failure) 177M->10M(510M) 2.367ms
[113.587s][info][gc,cpu         ] GC(960) User=0.00s Sys=0.00s Real=0.00s
[113.713s][info][gc,start       ] GC(961) Pause Young (Allocation Failure)
[113.716s][info][gc,heap        ] GC(961) PSYoungGen: 172544K(173056K)->1024K(173056K) Eden: 171520K(171520K)->0K(171520K) From: 1024K(1536K)->1024K(1536K)
[113.716s][info][gc,heap        ] GC(961) ParOldGen: 9532K(349696K)->9588K(349696K)
[113.716s][info][gc,metaspace   ] GC(961) Metaspace: 14372K(15232K)->14372K(15232K) NonClass: 12391K(12864K)->12391K(12864K) Class: 1981K(2368K)->1981K(2368K)
[113.716s][info][gc             ] GC(961) Pause Young (Allocation Failure) 177M->10M(510M) 2.423ms
[113.716s][info][gc,cpu         ] GC(961) User=0.00s Sys=0.00s Real=0.00s
[113.840s][info][gc,start       ] GC(962) Pause Young (Allocation Failure)
[113.842s][info][gc,heap        ] GC(962) PSYoungGen: 172544K(173056K)->1024K(173056K) Eden: 171520K(171520K)->0K(171520K) From: 1024K(1536K)->1024K(1536K)
[113.842s][info][gc,heap        ] GC(962) ParOldGen: 9588K(349696K)->9660K(349696K)
[113.842s][info][gc,metaspace   ] GC(962) Metaspace: 14372K(15232K)->14372K(15232K) NonClass: 12391K(12864K)->12391K(12864K) Class: 1981K(2368K)->1981K(2368K)
[113.842s][info][gc             ] GC(962) Pause Young (Allocation Failure) 177M->10M(510M) 2.394ms
[113.842s][info][gc,cpu         ] GC(962) User=0.00s Sys=0.00s Real=0.00s
[113.967s][info][gc,start       ] GC(963) Pause Young (Allocation Failure)
[113.969s][info][gc,heap        ] GC(963) PSYoungGen: 172544K(173056K)->1024K(173056K) Eden: 171520K(171520K)->0K(171520K) From: 1024K(1536K)->1024K(1536K)
[113.969s][info][gc,heap        ] GC(963) ParOldGen: 9660K(349696K)->9716K(349696K)
[113.969s][info][gc,metaspace   ] GC(963) Metaspace: 14372K(15232K)->14372K(15232K) NonClass: 12391K(12864K)->12391K(12864K) Class: 1981K(2368K)->1981K(2368K)
[113.969s][info][gc             ] GC(963) Pause Young (Allocation Failure) 177M->10M(510M) 2.477ms
[113.969s][info][gc,cpu         ] GC(963) User=0.00s Sys=0.00s Real=0.00s
[114.095s][info][gc,start       ] GC(964) Pause Young (Allocation Failure)
[114.097s][info][gc,heap        ] GC(964) PSYoungGen: 172544K(173056K)->960K(173056K) Eden: 171520K(171520K)->0K(171520K) From: 1024K(1536K)->960K(1536K)
[114.097s][info][gc,heap        ] GC(964) ParOldGen: 9716K(349696K)->9764K(349696K)
[114.097s][info][gc,metaspace   ] GC(964) Metaspace: 14372K(15232K)->14372K(15232K) NonClass: 12391K(12864K)->12391K(12864K) Class: 1981K(2368K)->1981K(2368K)
[114.097s][info][gc             ] GC(964) Pause Young (Allocation Failure) 177M->10M(510M) 2.500ms
[114.097s][info][gc,cpu         ] GC(964) User=0.00s Sys=0.00s Real=0.00s
[114.223s][info][gc,start       ] GC(965) Pause Young (Allocation Failure)
[114.225s][info][gc,heap        ] GC(965) PSYoungGen: 172480K(173056K)->960K(173056K) Eden: 171520K(171520K)->0K(171520K) From: 960K(1536K)->960K(1536K)
[114.225s][info][gc,heap        ] GC(965) ParOldGen: 9764K(349696K)->9836K(349696K)
[114.225s][info][gc,metaspace   ] GC(965) Metaspace: 14372K(15232K)->14372K(15232K) NonClass: 12391K(12864K)->12391K(12864K) Class: 1981K(2368K)->1981K(2368K)
[114.225s][info][gc             ] GC(965) Pause Young (Allocation Failure) 177M->10M(510M) 2.490ms
[114.225s][info][gc,cpu         ] GC(965) User=0.52s Sys=0.00s Real=0.00s
[114.351s][info][gc,start       ] GC(966) Pause Young (Allocation Failure)
[114.354s][info][gc,heap        ] GC(966) PSYoungGen: 172480K(173056K)->1024K(173056K) Eden: 171520K(171520K)->0K(171520K) From: 960K(1536K)->1024K(1536K)
[114.354s][info][gc,heap        ] GC(966) ParOldGen: 9836K(349696K)->9900K(349696K)
[114.354s][info][gc,metaspace   ] GC(966) Metaspace: 14372K(15232K)->14372K(15232K) NonClass: 12391K(12864K)->12391K(12864K) Class: 1981K(2368K)->1981K(2368K)
[114.354s][info][gc             ] GC(966) Pause Young (Allocation Failure) 178M->10M(510M) 2.489ms
[114.354s][info][gc,cpu         ] GC(966) User=0.00s Sys=0.00s Real=0.00s
[114.481s][info][gc,start       ] GC(967) Pause Young (Allocation Failure)
[114.484s][info][gc,heap        ] GC(967) PSYoungGen: 172544K(173056K)->1024K(173056K) Eden: 171520K(171520K)->0K(171520K) From: 1024K(1536K)->1024K(1536K)
[114.484s][info][gc,heap        ] GC(967) ParOldGen: 9900K(349696K)->9956K(349696K)
[114.484s][info][gc,metaspace   ] GC(967) Metaspace: 14372K(15232K)->14372K(15232K) NonClass: 12391K(12864K)->12391K(12864K) Class: 1981K(2368K)->1981K(2368K)
[114.484s][info][gc             ] GC(967) Pause Young (Allocation Failure) 178M->10M(510M) 2.515ms
[114.484s][info][gc,cpu         ] GC(967) User=0.00s Sys=0.00s Real=0.00s
[114.609s][info][gc,start       ] GC(968) Pause Young (Allocation Failure)
[114.611s][info][gc,heap        ] GC(968) PSYoungGen: 172544K(173056K)->1024K(173056K) Eden: 171520K(171520K)->0K(171520K) From: 1024K(1536K)->1024K(1536K)
[114.611s][info][gc,heap        ] GC(968) ParOldGen: 9956K(349696K)->10020K(349696K)
[114.611s][info][gc,metaspace   ] GC(968) Metaspace: 14372K(15232K)->14372K(15232K) NonClass: 12391K(12864K)->12391K(12864K) Class: 1981K(2368K)->1981K(2368K)
[114.611s][info][gc             ] GC(968) Pause Young (Allocation Failure) 178M->10M(510M) 2.574ms
[114.612s][info][gc,cpu         ] GC(968) User=0.00s Sys=0.00s Real=0.00s
[114.736s][info][gc,start       ] GC(969) Pause Young (Allocation Failure)
[114.738s][info][gc,heap        ] GC(969) PSYoungGen: 172544K(173056K)->1024K(173056K) Eden: 171520K(171520K)->0K(171520K) From: 1024K(1536K)->1024K(1536K)
[114.738s][info][gc,heap        ] GC(969) ParOldGen: 10020K(349696K)->10076K(349696K)
[114.738s][info][gc,metaspace   ] GC(969) Metaspace: 14372K(15232K)->14372K(15232K) NonClass: 12391K(12864K)->12391K(12864K) Class: 1981K(2368K)->1981K(2368K)
[114.738s][info][gc             ] GC(969) Pause Young (Allocation Failure) 178M->10M(510M) 2.578ms
[114.738s][info][gc,cpu         ] GC(969) User=0.52s Sys=0.00s Real=0.00s
[114.863s][info][gc,start       ] GC(970) Pause Young (Allocation Failure)
[114.866s][info][gc,heap        ] GC(970) PSYoungGen: 172544K(173056K)->1024K(173056K) Eden: 171520K(171520K)->0K(171520K) From: 1024K(1536K)->1024K(1536K)
[114.866s][info][gc,heap        ] GC(970) ParOldGen: 10076K(349696K)->10124K(349696K)
[114.866s][info][gc,metaspace   ] GC(970) Metaspace: 14372K(15232K)->14372K(15232K) NonClass: 12391K(12864K)->12391K(12864K) Class: 1981K(2368K)->1981K(2368K)
[114.866s][info][gc             ] GC(970) Pause Young (Allocation Failure) 178M->10M(510M) 2.590ms
[114.866s][info][gc,cpu         ] GC(970) User=0.00s Sys=0.00s Real=0.00s
[115.149s][info][gc,start       ] GC(971) Pause Young (Allocation Failure)
[115.152s][info][gc,heap        ] GC(971) PSYoungGen: 172544K(173056K)->1024K(173056K) Eden: 171520K(171520K)->0K(171520K) From: 1024K(1536K)->1024K(1536K)
[115.152s][info][gc,heap        ] GC(971) ParOldGen: 10124K(349696K)->10188K(349696K)
[115.152s][info][gc,metaspace   ] GC(971) Metaspace: 14372K(15232K)->14372K(15232K) NonClass: 12391K(12864K)->12391K(12864K) Class: 1981K(2368K)->1981K(2368K)
[115.152s][info][gc             ] GC(971) Pause Young (Allocation Failure) 178M->10M(510M) 3.417ms
[115.152s][info][gc,cpu         ] GC(971) User=0.00s Sys=0.00s Real=0.00s
[115.289s][info][gc,start       ] GC(972) Pause Young (Allocation Failure)
[115.291s][info][gc,heap        ] GC(972) PSYoungGen: 172544K(173056K)->1024K(173056K) Eden: 171520K(171520K)->0K(171520K) From: 1024K(1536K)->1024K(1536K)
[115.291s][info][gc,heap        ] GC(972) ParOldGen: 10188K(349696K)->10236K(349696K)
[115.291s][info][gc,metaspace   ] GC(972) Metaspace: 14372K(15232K)->14372K(15232K) NonClass: 12391K(12864K)->12391K(12864K) Class: 1981K(2368K)->1981K(2368K)
[115.291s][info][gc             ] GC(972) Pause Young (Allocation Failure) 178M->10M(510M) 2.488ms
[115.291s][info][gc,cpu         ] GC(972) User=0.00s Sys=0.00s Real=0.00s
[115.429s][info][gc,start       ] GC(973) Pause Young (Allocation Failure)
[115.431s][info][gc,heap        ] GC(973) PSYoungGen: 172544K(173056K)->992K(173056K) Eden: 171520K(171520K)->0K(171520K) From: 1024K(1536K)->992K(1536K)
[115.431s][info][gc,heap        ] GC(973) ParOldGen: 10236K(349696K)->10308K(349696K)
[115.431s][info][gc,metaspace   ] GC(973) Metaspace: 14372K(15232K)->14372K(15232K) NonClass: 12391K(12864K)->12391K(12864K) Class: 1981K(2368K)->1981K(2368K)
[115.431s][info][gc             ] GC(973) Pause Young (Allocation Failure) 178M->11M(510M) 2.400ms
[115.431s][info][gc,cpu         ] GC(973) User=0.00s Sys=0.00s Real=0.00s
[115.566s][info][gc,start       ] GC(974) Pause Young (Allocation Failure)
[115.568s][info][gc,heap        ] GC(974) PSYoungGen: 172512K(173056K)->960K(173056K) Eden: 171520K(171520K)->0K(171520K) From: 992K(1536K)->960K(1536K)
[115.568s][info][gc,heap        ] GC(974) ParOldGen: 10308K(349696K)->10380K(349696K)
[115.568s][info][gc,metaspace   ] GC(974) Metaspace: 14372K(15232K)->14372K(15232K) NonClass: 12391K(12864K)->12391K(12864K) Class: 1981K(2368K)->1981K(2368K)
[115.568s][info][gc             ] GC(974) Pause Young (Allocation Failure) 178M->11M(510M) 2.374ms
[115.568s][info][gc,cpu         ] GC(974) User=0.52s Sys=0.00s Real=0.00s
[115.698s][info][gc,start       ] GC(975) Pause Young (Allocation Failure)
[115.700s][info][gc,heap        ] GC(975) PSYoungGen: 172480K(173056K)->1024K(173056K) Eden: 171520K(171520K)->0K(171520K) From: 960K(1536K)->1024K(1536K)
[115.700s][info][gc,heap        ] GC(975) ParOldGen: 10380K(349696K)->10436K(349696K)
[115.700s][info][gc,metaspace   ] GC(975) Metaspace: 14372K(15232K)->14372K(15232K) NonClass: 12391K(12864K)->12391K(12864K) Class: 1981K(2368K)->1981K(2368K)
[115.700s][info][gc             ] GC(975) Pause Young (Allocation Failure) 178M->11M(510M) 2.237ms
[115.700s][info][gc,cpu         ] GC(975) User=0.00s Sys=0.00s Real=0.00s
[115.822s][info][gc,start       ] GC(976) Pause Young (Allocation Failure)
[115.825s][info][gc,heap        ] GC(976) PSYoungGen: 172544K(173056K)->1024K(173056K) Eden: 171520K(171520K)->0K(171520K) From: 1024K(1536K)->1024K(1536K)
[115.825s][info][gc,heap        ] GC(976) ParOldGen: 10436K(349696K)->10500K(349696K)
[115.825s][info][gc,metaspace   ] GC(976) Metaspace: 14372K(15232K)->14372K(15232K) NonClass: 12391K(12864K)->12391K(12864K) Class: 1981K(2368K)->1981K(2368K)
[115.825s][info][gc             ] GC(976) Pause Young (Allocation Failure) 178M->11M(510M) 2.259ms
[115.825s][info][gc,cpu         ] GC(976) User=0.00s Sys=0.00s Real=0.00s
[115.947s][info][gc,start       ] GC(977) Pause Young (Allocation Failure)
[115.949s][info][gc,heap        ] GC(977) PSYoungGen: 172544K(173056K)->1024K(173056K) Eden: 171520K(171520K)->0K(171520K) From: 1024K(1536K)->1024K(1536K)
[115.949s][info][gc,heap        ] GC(977) ParOldGen: 10500K(349696K)->10548K(349696K)
[115.949s][info][gc,metaspace   ] GC(977) Metaspace: 14372K(15232K)->14372K(15232K) NonClass: 12391K(12864K)->12391K(12864K) Class: 1981K(2368K)->1981K(2368K)
[115.949s][info][gc             ] GC(977) Pause Young (Allocation Failure) 178M->11M(510M) 2.262ms
[115.949s][info][gc,cpu         ] GC(977) User=0.00s Sys=0.00s Real=0.00s
[116.072s][info][gc,start       ] GC(978) Pause Young (Allocation Failure)
[116.075s][info][gc,heap        ] GC(978) PSYoungGen: 172544K(173056K)->1024K(173056K) Eden: 171520K(171520K)->0K(171520K) From: 1024K(1536K)->1024K(1536K)
[116.075s][info][gc,heap        ] GC(978) ParOldGen: 10548K(349696K)->10604K(349696K)
[116.075s][info][gc,metaspace   ] GC(978) Metaspace: 14372K(15232K)->14372K(15232K) NonClass: 12391K(12864K)->12391K(12864K) Class: 1981K(2368K)->1981K(2368K)
[116.075s][info][gc             ] GC(978) Pause Young (Allocation Failure) 178M->11M(510M) 2.250ms
[116.075s][info][gc,cpu         ] GC(978) User=0.00s Sys=0.00s Real=0.00s
[116.200s][info][gc,start       ] GC(979) Pause Young (Allocation Failure)
[116.202s][info][gc,heap        ] GC(979) PSYoungGen: 172544K(173056K)->1024K(173056K) Eden: 171520K(171520K)->0K(171520K) From: 1024K(1536K)->1024K(1536K)
[116.202s][info][gc,heap        ] GC(979) ParOldGen: 10604K(349696K)->10684K(349696K)
[116.202s][info][gc,metaspace   ] GC(979) Metaspace: 14372K(15232K)->14372K(15232K) NonClass: 12391K(12864K)->12391K(12864K) Class: 1981K(2368K)->1981K(2368K)
[116.202s][info][gc             ] GC(979) Pause Young (Allocation Failure) 178M->11M(510M) 2.206ms
[116.202s][info][gc,cpu         ] GC(979) User=0.00s Sys=0.00s Real=0.00s
[116.328s][info][gc,start       ] GC(980) Pause Young (Allocation Failure)
[116.330s][info][gc,heap        ] GC(980) PSYoungGen: 172544K(173056K)->992K(173056K) Eden: 171520K(171520K)->0K(171520K) From: 1024K(1536K)->992K(1536K)
[116.330s][info][gc,heap        ] GC(980) ParOldGen: 10684K(349696K)->10740K(349696K)
[116.330s][info][gc,metaspace   ] GC(980) Metaspace: 14372K(15232K)->14372K(15232K) NonClass: 12391K(12864K)->12391K(12864K) Class: 1981K(2368K)->1981K(2368K)
[116.330s][info][gc             ] GC(980) Pause Young (Allocation Failure) 178M->11M(510M) 2.297ms
[116.330s][info][gc,cpu         ] GC(980) User=0.00s Sys=0.00s Real=0.00s
[116.453s][info][gc,start       ] GC(981) Pause Young (Allocation Failure)
[116.455s][info][gc,heap        ] GC(981) PSYoungGen: 172512K(173056K)->1024K(173056K) Eden: 171520K(171520K)->0K(171520K) From: 992K(1536K)->1024K(1536K)
[116.455s][info][gc,heap        ] GC(981) ParOldGen: 10740K(349696K)->10796K(349696K)
[116.455s][info][gc,metaspace   ] GC(981) Metaspace: 14372K(15232K)->14372K(15232K) NonClass: 12391K(12864K)->12391K(12864K) Class: 1981K(2368K)->1981K(2368K)
[116.455s][info][gc             ] GC(981) Pause Young (Allocation Failure) 178M->11M(510M) 2.292ms
[116.455s][info][gc,cpu         ] GC(981) User=0.00s Sys=0.00s Real=0.00s
[116.579s][info][gc,start       ] GC(982) Pause Young (Allocation Failure)
[116.581s][info][gc,heap        ] GC(982) PSYoungGen: 172544K(173056K)->1024K(173056K) Eden: 171520K(171520K)->0K(171520K) From: 1024K(1536K)->1024K(1536K)
[116.581s][info][gc,heap        ] GC(982) ParOldGen: 10796K(349696K)->10836K(349696K)
[116.581s][info][gc,metaspace   ] GC(982) Metaspace: 14372K(15232K)->14372K(15232K) NonClass: 12391K(12864K)->12391K(12864K) Class: 1981K(2368K)->1981K(2368K)
[116.581s][info][gc             ] GC(982) Pause Young (Allocation Failure) 179M->11M(510M) 2.271ms
[116.581s][info][gc,cpu         ] GC(982) User=0.00s Sys=0.00s Real=0.00s
[116.705s][info][gc,start       ] GC(983) Pause Young (Allocation Failure)
[116.708s][info][gc,heap        ] GC(983) PSYoungGen: 172544K(173056K)->1024K(173056K) Eden: 171520K(171520K)->0K(171520K) From: 1024K(1536K)->1024K(1536K)
[116.708s][info][gc,heap        ] GC(983) ParOldGen: 10836K(349696K)->10892K(349696K)
[116.708s][info][gc,metaspace   ] GC(983) Metaspace: 14372K(15232K)->14372K(15232K) NonClass: 12391K(12864K)->12391K(12864K) Class: 1981K(2368K)->1981K(2368K)
[116.708s][info][gc             ] GC(983) Pause Young (Allocation Failure) 179M->11M(510M) 2.256ms
[116.708s][info][gc,cpu         ] GC(983) User=0.52s Sys=0.00s Real=0.00s
[116.832s][info][gc,start       ] GC(984) Pause Young (Allocation Failure)
[116.834s][info][gc,heap        ] GC(984) PSYoungGen: 172544K(173056K)->1024K(173056K) Eden: 171520K(171520K)->0K(171520K) From: 1024K(1536K)->1024K(1536K)
[116.834s][info][gc,heap        ] GC(984) ParOldGen: 10892K(349696K)->10956K(349696K)
[116.834s][info][gc,metaspace   ] GC(984) Metaspace: 14372K(15232K)->14372K(15232K) NonClass: 12391K(12864K)->12391K(12864K) Class: 1981K(2368K)->1981K(2368K)
[116.834s][info][gc             ] GC(984) Pause Young (Allocation Failure) 179M->11M(510M) 2.256ms
[116.834s][info][gc,cpu         ] GC(984) User=0.52s Sys=0.00s Real=0.00s
[116.958s][info][gc,start       ] GC(985) Pause Young (Allocation Failure)
[116.960s][info][gc,heap        ] GC(985) PSYoungGen: 172544K(173056K)->1024K(173056K) Eden: 171520K(171520K)->0K(171520K) From: 1024K(1536K)->1024K(1536K)
[116.961s][info][gc,heap        ] GC(985) ParOldGen: 10956K(349696K)->11036K(349696K)
[116.961s][info][gc,metaspace   ] GC(985) Metaspace: 14372K(15232K)->14372K(15232K) NonClass: 12391K(12864K)->12391K(12864K) Class: 1981K(2368K)->1981K(2368K)
[116.961s][info][gc             ] GC(985) Pause Young (Allocation Failure) 179M->11M(510M) 2.375ms
[116.961s][info][gc,cpu         ] GC(985) User=0.00s Sys=0.00s Real=0.00s
[117.087s][info][gc,start       ] GC(986) Pause Young (Allocation Failure)
[117.089s][info][gc,heap        ] GC(986) PSYoungGen: 172544K(173056K)->1024K(173056K) Eden: 171520K(171520K)->0K(171520K) From: 1024K(1536K)->1024K(1536K)
[117.089s][info][gc,heap        ] GC(986) ParOldGen: 11036K(349696K)->11092K(349696K)
[117.089s][info][gc,metaspace   ] GC(986) Metaspace: 14372K(15232K)->14372K(15232K) NonClass: 12391K(12864K)->12391K(12864K) Class: 1981K(2368K)->1981K(2368K)
[117.089s][info][gc             ] GC(986) Pause Young (Allocation Failure) 179M->11M(510M) 2.372ms
[117.089s][info][gc,cpu         ] GC(986) User=0.00s Sys=0.00s Real=0.00s
[117.215s][info][gc,start       ] GC(987) Pause Young (Allocation Failure)
[117.217s][info][gc,heap        ] GC(987) PSYoungGen: 172544K(173056K)->1024K(173056K) Eden: 171520K(171520K)->0K(171520K) From: 1024K(1536K)->1024K(1536K)
[117.217s][info][gc,heap        ] GC(987) ParOldGen: 11092K(349696K)->11172K(349696K)
[117.217s][info][gc,metaspace   ] GC(987) Metaspace: 14372K(15232K)->14372K(15232K) NonClass: 12391K(12864K)->12391K(12864K) Class: 1981K(2368K)->1981K(2368K)
[117.217s][info][gc             ] GC(987) Pause Young (Allocation Failure) 179M->11M(510M) 2.344ms
[117.217s][info][gc,cpu         ] GC(987) User=0.00s Sys=0.00s Real=0.00s
[117.343s][info][gc,start       ] GC(988) Pause Young (Allocation Failure)
[117.345s][info][gc,heap        ] GC(988) PSYoungGen: 172544K(173056K)->1024K(173056K) Eden: 171520K(171520K)->0K(171520K) From: 1024K(1536K)->1024K(1536K)
[117.345s][info][gc,heap        ] GC(988) ParOldGen: 11172K(349696K)->11220K(349696K)
[117.345s][info][gc,metaspace   ] GC(988) Metaspace: 14372K(15232K)->14372K(15232K) NonClass: 12391K(12864K)->12391K(12864K) Class: 1981K(2368K)->1981K(2368K)
[117.345s][info][gc             ] GC(988) Pause Young (Allocation Failure) 179M->11M(510M) 2.425ms
[117.345s][info][gc,cpu         ] GC(988) User=0.00s Sys=0.00s Real=0.00s
[117.470s][info][gc,start       ] GC(989) Pause Young (Allocation Failure)
[117.473s][info][gc,heap        ] GC(989) PSYoungGen: 172544K(173056K)->1024K(173056K) Eden: 171520K(171520K)->0K(171520K) From: 1024K(1536K)->1024K(1536K)
[117.473s][info][gc,heap        ] GC(989) ParOldGen: 11220K(349696K)->11276K(349696K)
[117.473s][info][gc,metaspace   ] GC(989) Metaspace: 14372K(15232K)->14372K(15232K) NonClass: 12391K(12864K)->12391K(12864K) Class: 1981K(2368K)->1981K(2368K)
[117.473s][info][gc             ] GC(989) Pause Young (Allocation Failure) 179M->12M(510M) 2.426ms
[117.473s][info][gc,cpu         ] GC(989) User=0.52s Sys=0.00s Real=0.00s
[117.600s][info][gc,start       ] GC(990) Pause Young (Allocation Failure)
[117.602s][info][gc,heap        ] GC(990) PSYoungGen: 172544K(173056K)->1024K(173056K) Eden: 171520K(171520K)->0K(171520K) From: 1024K(1536K)->1024K(1536K)
[117.602s][info][gc,heap        ] GC(990) ParOldGen: 11276K(349696K)->11340K(349696K)
[117.602s][info][gc,metaspace   ] GC(990) Metaspace: 14372K(15232K)->14372K(15232K) NonClass: 12391K(12864K)->12391K(12864K) Class: 1981K(2368K)->1981K(2368K)
[117.602s][info][gc             ] GC(990) Pause Young (Allocation Failure) 179M->12M(510M) 2.444ms
[117.602s][info][gc,cpu         ] GC(990) User=0.00s Sys=0.00s Real=0.00s
[117.725s][info][gc,start       ] GC(991) Pause Young (Allocation Failure)
[117.728s][info][gc,heap        ] GC(991) PSYoungGen: 172544K(173056K)->992K(173056K) Eden: 171520K(171520K)->0K(171520K) From: 1024K(1536K)->992K(1536K)
[117.728s][info][gc,heap        ] GC(991) ParOldGen: 11340K(349696K)->11420K(349696K)
[117.728s][info][gc,metaspace   ] GC(991) Metaspace: 14372K(15232K)->14372K(15232K) NonClass: 12391K(12864K)->12391K(12864K) Class: 1981K(2368K)->1981K(2368K)
[117.728s][info][gc             ] GC(991) Pause Young (Allocation Failure) 179M->12M(510M) 2.471ms
[117.728s][info][gc,cpu         ] GC(991) User=0.00s Sys=0.00s Real=0.00s
[117.852s][info][gc,start       ] GC(992) Pause Young (Allocation Failure)
[117.855s][info][gc,heap        ] GC(992) PSYoungGen: 172511K(173056K)->992K(173056K) Eden: 171519K(171520K)->0K(171520K) From: 992K(1536K)->992K(1536K)
[117.855s][info][gc,heap        ] GC(992) ParOldGen: 11420K(349696K)->11468K(349696K)
[117.855s][info][gc,metaspace   ] GC(992) Metaspace: 14372K(15232K)->14372K(15232K) NonClass: 12391K(12864K)->12391K(12864K) Class: 1981K(2368K)->1981K(2368K)
[117.855s][info][gc             ] GC(992) Pause Young (Allocation Failure) 179M->12M(510M) 2.502ms
[117.855s][info][gc,cpu         ] GC(992) User=0.00s Sys=0.00s Real=0.00s
[117.982s][info][gc,start       ] GC(993) Pause Young (Allocation Failure)
[117.984s][info][gc,heap        ] GC(993) PSYoungGen: 172512K(173056K)->1024K(173056K) Eden: 171520K(171520K)->0K(171520K) From: 992K(1536K)->1024K(1536K)
[117.984s][info][gc,heap        ] GC(993) ParOldGen: 11468K(349696K)->11532K(349696K)
[117.984s][info][gc,metaspace   ] GC(993) Metaspace: 14372K(15232K)->14372K(15232K) NonClass: 12391K(12864K)->12391K(12864K) Class: 1981K(2368K)->1981K(2368K)
[117.984s][info][gc             ] GC(993) Pause Young (Allocation Failure) 179M->12M(510M) 2.542ms
[117.984s][info][gc,cpu         ] GC(993) User=0.00s Sys=0.00s Real=0.00s
[118.108s][info][gc,start       ] GC(994) Pause Young (Allocation Failure)
[118.111s][info][gc,heap        ] GC(994) PSYoungGen: 172544K(173056K)->992K(173056K) Eden: 171520K(171520K)->0K(171520K) From: 1024K(1536K)->992K(1536K)
[118.111s][info][gc,heap        ] GC(994) ParOldGen: 11532K(349696K)->11600K(349696K)
[118.111s][info][gc,metaspace   ] GC(994) Metaspace: 14372K(15232K)->14372K(15232K) NonClass: 12391K(12864K)->12391K(12864K) Class: 1981K(2368K)->1981K(2368K)
[118.111s][info][gc             ] GC(994) Pause Young (Allocation Failure) 179M->12M(510M) 2.531ms
[118.111s][info][gc,cpu         ] GC(994) User=0.00s Sys=0.00s Real=0.00s
[118.236s][info][gc,start       ] GC(995) Pause Young (Allocation Failure)
[118.239s][info][gc,heap        ] GC(995) PSYoungGen: 172512K(173056K)->1024K(173056K) Eden: 171520K(171520K)->0K(171520K) From: 992K(1536K)->1024K(1536K)
[118.239s][info][gc,heap        ] GC(995) ParOldGen: 11600K(349696K)->11672K(349696K)
[118.239s][info][gc,metaspace   ] GC(995) Metaspace: 14372K(15232K)->14372K(15232K) NonClass: 12391K(12864K)->12391K(12864K) Class: 1981K(2368K)->1981K(2368K)
[118.239s][info][gc             ] GC(995) Pause Young (Allocation Failure) 179M->12M(510M) 2.580ms
[118.239s][info][gc,cpu         ] GC(995) User=0.52s Sys=0.00s Real=0.00s
[118.366s][info][gc,start       ] GC(996) Pause Young (Allocation Failure)
[118.368s][info][gc,heap        ] GC(996) PSYoungGen: 172544K(173056K)->992K(173056K) Eden: 171520K(171520K)->0K(171520K) From: 1024K(1536K)->992K(1536K)
[118.368s][info][gc,heap        ] GC(996) ParOldGen: 11672K(349696K)->11720K(349696K)
[118.368s][info][gc,metaspace   ] GC(996) Metaspace: 14372K(15232K)->14372K(15232K) NonClass: 12391K(12864K)->12391K(12864K) Class: 1981K(2368K)->1981K(2368K)
[118.368s][info][gc             ] GC(996) Pause Young (Allocation Failure) 179M->12M(510M) 2.594ms
[118.368s][info][gc,cpu         ] GC(996) User=0.00s Sys=0.00s Real=0.00s
[118.495s][info][gc,start       ] GC(997) Pause Young (Allocation Failure)
[118.498s][info][gc,heap        ] GC(997) PSYoungGen: 172512K(173056K)->1024K(173056K) Eden: 171520K(171520K)->0K(171520K) From: 992K(1536K)->1024K(1536K)
[118.498s][info][gc,heap        ] GC(997) ParOldGen: 11720K(349696K)->11768K(349696K)
[118.498s][info][gc,metaspace   ] GC(997) Metaspace: 14372K(15232K)->14372K(15232K) NonClass: 12391K(12864K)->12391K(12864K) Class: 1981K(2368K)->1981K(2368K)
[118.498s][info][gc             ] GC(997) Pause Young (Allocation Failure) 179M->12M(510M) 2.629ms
[118.498s][info][gc,cpu         ] GC(997) User=0.00s Sys=0.00s Real=0.00s
[118.624s][info][gc,start       ] GC(998) Pause Young (Allocation Failure)
[118.627s][info][gc,heap        ] GC(998) PSYoungGen: 172544K(173056K)->1024K(173056K) Eden: 171520K(171520K)->0K(171520K) From: 1024K(1536K)->1024K(1536K)
[118.627s][info][gc,heap        ] GC(998) ParOldGen: 11768K(349696K)->11840K(349696K)
[118.627s][info][gc,metaspace   ] GC(998) Metaspace: 14372K(15232K)->14372K(15232K) NonClass: 12391K(12864K)->12391K(12864K) Class: 1981K(2368K)->1981K(2368K)
[118.627s][info][gc             ] GC(998) Pause Young (Allocation Failure) 179M->12M(510M) 2.600ms
[118.627s][info][gc,cpu         ] GC(998) User=0.00s Sys=0.00s Real=0.00s
[118.751s][info][gc,start       ] GC(999) Pause Young (Allocation Failure)
[118.754s][info][gc,heap        ] GC(999) PSYoungGen: 172544K(173056K)->1024K(173056K) Eden: 171520K(171520K)->0K(171520K) From: 1024K(1536K)->1024K(1536K)
[118.754s][info][gc,heap        ] GC(999) ParOldGen: 11840K(349696K)->11888K(349696K)
[118.754s][info][gc,metaspace   ] GC(999) Metaspace: 14372K(15232K)->14372K(15232K) NonClass: 12391K(12864K)->12391K(12864K) Class: 1981K(2368K)->1981K(2368K)
[118.754s][info][gc             ] GC(999) Pause Young (Allocation Failure) 180M->12M(510M) 2.638ms
[118.754s][info][gc,cpu         ] GC(999) User=0.00s Sys=0.00s Real=0.00s
[118.967s][info][gc,start       ] GC(1000) Pause Young (Allocation Failure)
[118.983s][info][gc,heap        ] GC(1000) PSYoungGen: 172544K(173056K)->1024K(173056K) Eden: 171520K(171520K)->0K(171520K) From: 1024K(1536K)->1024K(1536K)
[118.983s][info][gc,heap        ] GC(1000) ParOldGen: 11888K(349696K)->11928K(349696K)
[118.983s][info][gc,metaspace   ] GC(1000) Metaspace: 14372K(15232K)->14372K(15232K) NonClass: 12391K(12864K)->12391K(12864K) Class: 1981K(2368K)->1981K(2368K)
[118.983s][info][gc             ] GC(1000) Pause Young (Allocation Failure) 180M->12M(510M) 15.910ms
[118.983s][info][gc,cpu         ] GC(1000) User=0.00s Sys=0.00s Real=0.02s
[119.118s][info][gc,start       ] GC(1001) Pause Young (Allocation Failure)
[119.120s][info][gc,heap        ] GC(1001) PSYoungGen: 172543K(173056K)->1024K(173056K) Eden: 171519K(171520K)->0K(171520K) From: 1024K(1536K)->1024K(1536K)
[119.120s][info][gc,heap        ] GC(1001) ParOldGen: 11928K(349696K)->11976K(349696K)
[119.120s][info][gc,metaspace   ] GC(1001) Metaspace: 14372K(15232K)->14372K(15232K) NonClass: 12391K(12864K)->12391K(12864K) Class: 1981K(2368K)->1981K(2368K)
[119.120s][info][gc             ] GC(1001) Pause Young (Allocation Failure) 180M->12M(510M) 2.498ms
[119.120s][info][gc,cpu         ] GC(1001) User=0.00s Sys=0.00s Real=0.00s
[119.251s][info][gc,start       ] GC(1002) Pause Young (Allocation Failure)
[119.253s][info][gc,heap        ] GC(1002) PSYoungGen: 172544K(173056K)->1024K(173056K) Eden: 171520K(171520K)->0K(171520K) From: 1024K(1536K)->1024K(1536K)
[119.253s][info][gc,heap        ] GC(1002) ParOldGen: 11976K(349696K)->12032K(349696K)
[119.253s][info][gc,metaspace   ] GC(1002) Metaspace: 14372K(15232K)->14372K(15232K) NonClass: 12391K(12864K)->12391K(12864K) Class: 1981K(2368K)->1981K(2368K)
[119.253s][info][gc             ] GC(1002) Pause Young (Allocation Failure) 180M->12M(510M) 2.402ms
[119.253s][info][gc,cpu         ] GC(1002) User=0.00s Sys=0.00s Real=0.00s
[119.379s][info][gc,start       ] GC(1003) Pause Young (Allocation Failure)
[119.381s][info][gc,heap        ] GC(1003) PSYoungGen: 172544K(173056K)->1024K(173056K) Eden: 171520K(171520K)->0K(171520K) From: 1024K(1536K)->1024K(1536K)
[119.381s][info][gc,heap        ] GC(1003) ParOldGen: 12032K(349696K)->12088K(349696K)
[119.382s][info][gc,metaspace   ] GC(1003) Metaspace: 14372K(15232K)->14372K(15232K) NonClass: 12391K(12864K)->12391K(12864K) Class: 1981K(2368K)->1981K(2368K)
[119.382s][info][gc             ] GC(1003) Pause Young (Allocation Failure) 180M->12M(510M) 2.380ms
[119.382s][info][gc,cpu         ] GC(1003) User=0.00s Sys=0.00s Real=0.00s
[119.505s][info][gc,start       ] GC(1004) Pause Young (Allocation Failure)
[119.508s][info][gc,heap        ] GC(1004) PSYoungGen: 172544K(173056K)->992K(173056K) Eden: 171520K(171520K)->0K(171520K) From: 1024K(1536K)->992K(1536K)
[119.508s][info][gc,heap        ] GC(1004) ParOldGen: 12088K(349696K)->12144K(349696K)
[119.508s][info][gc,metaspace   ] GC(1004) Metaspace: 14372K(15232K)->14372K(15232K) NonClass: 12391K(12864K)->12391K(12864K) Class: 1981K(2368K)->1981K(2368K)
[119.508s][info][gc             ] GC(1004) Pause Young (Allocation Failure) 180M->12M(510M) 2.402ms
[119.508s][info][gc,cpu         ] GC(1004) User=0.00s Sys=0.00s Real=0.00s
[119.641s][info][gc,start       ] GC(1005) Pause Young (Allocation Failure)
[119.643s][info][gc,heap        ] GC(1005) PSYoungGen: 172512K(173056K)->1024K(173056K) Eden: 171520K(171520K)->0K(171520K) From: 992K(1536K)->1024K(1536K)
[119.643s][info][gc,heap        ] GC(1005) ParOldGen: 12144K(349696K)->12208K(349696K)
[119.643s][info][gc,metaspace   ] GC(1005) Metaspace: 14372K(15232K)->14372K(15232K) NonClass: 12391K(12864K)->12391K(12864K) Class: 1981K(2368K)->1981K(2368K)
[119.643s][info][gc             ] GC(1005) Pause Young (Allocation Failure) 180M->12M(510M) 2.431ms
[119.643s][info][gc,cpu         ] GC(1005) User=0.00s Sys=0.00s Real=0.00s
[119.776s][info][gc,start       ] GC(1006) Pause Young (Allocation Failure)
[119.778s][info][gc,heap        ] GC(1006) PSYoungGen: 172544K(173056K)->1024K(173056K) Eden: 171520K(171520K)->0K(171520K) From: 1024K(1536K)->1024K(1536K)
[119.778s][info][gc,heap        ] GC(1006) ParOldGen: 12208K(349696K)->12264K(349696K)
[119.778s][info][gc,metaspace   ] GC(1006) Metaspace: 14372K(15232K)->14372K(15232K) NonClass: 12391K(12864K)->12391K(12864K) Class: 1981K(2368K)->1981K(2368K)
[119.778s][info][gc             ] GC(1006) Pause Young (Allocation Failure) 180M->12M(510M) 2.230ms
[119.778s][info][gc,cpu         ] GC(1006) User=0.00s Sys=0.00s Real=0.00s
[119.903s][info][gc,start       ] GC(1007) Pause Young (Allocation Failure)
[119.905s][info][gc,heap        ] GC(1007) PSYoungGen: 172544K(173056K)->992K(173056K) Eden: 171520K(171520K)->0K(171520K) From: 1024K(1536K)->992K(1536K)
[119.905s][info][gc,heap        ] GC(1007) ParOldGen: 12264K(349696K)->12320K(349696K)
[119.905s][info][gc,metaspace   ] GC(1007) Metaspace: 14372K(15232K)->14372K(15232K) NonClass: 12391K(12864K)->12391K(12864K) Class: 1981K(2368K)->1981K(2368K)
[119.905s][info][gc             ] GC(1007) Pause Young (Allocation Failure) 180M->13M(510M) 2.158ms
[119.906s][info][gc,cpu         ] GC(1007) User=0.00s Sys=0.00s Real=0.00s
[120.028s][info][gc,start       ] GC(1008) Pause Young (Allocation Failure)
[120.030s][info][gc,heap        ] GC(1008) PSYoungGen: 172512K(173056K)->1024K(173056K) Eden: 171520K(171520K)->0K(171520K) From: 992K(1536K)->1024K(1536K)
[120.030s][info][gc,heap        ] GC(1008) ParOldGen: 12320K(349696K)->12368K(349696K)
[120.030s][info][gc,metaspace   ] GC(1008) Metaspace: 14372K(15232K)->14372K(15232K) NonClass: 12391K(12864K)->12391K(12864K) Class: 1981K(2368K)->1981K(2368K)
[120.030s][info][gc             ] GC(1008) Pause Young (Allocation Failure) 180M->13M(510M) 2.215ms
[120.030s][info][gc,cpu         ] GC(1008) User=0.00s Sys=0.00s Real=0.00s
[120.151s][info][gc,start       ] GC(1009) Pause Young (Allocation Failure)
[120.153s][info][gc,heap        ] GC(1009) PSYoungGen: 172544K(173056K)->1024K(173056K) Eden: 171520K(171520K)->0K(171520K) From: 1024K(1536K)->1024K(1536K)
[120.153s][info][gc,heap        ] GC(1009) ParOldGen: 12368K(349696K)->12432K(349696K)
[120.153s][info][gc,metaspace   ] GC(1009) Metaspace: 14372K(15232K)->14372K(15232K) NonClass: 12391K(12864K)->12391K(12864K) Class: 1981K(2368K)->1981K(2368K)
[120.153s][info][gc             ] GC(1009) Pause Young (Allocation Failure) 180M->13M(510M) 2.279ms
[120.153s][info][gc,cpu         ] GC(1009) User=0.00s Sys=0.00s Real=0.00s
[120.269s][info][gc,start       ] GC(1010) Pause Young (Allocation Failure)
[120.271s][info][gc,heap        ] GC(1010) PSYoungGen: 172544K(173056K)->1024K(173056K) Eden: 171520K(171520K)->0K(171520K) From: 1024K(1536K)->1024K(1536K)
[120.271s][info][gc,heap        ] GC(1010) ParOldGen: 12432K(349696K)->12464K(349696K)
[120.271s][info][gc,metaspace   ] GC(1010) Metaspace: 14372K(15232K)->14372K(15232K) NonClass: 12391K(12864K)->12391K(12864K) Class: 1981K(2368K)->1981K(2368K)
[120.271s][info][gc             ] GC(1010) Pause Young (Allocation Failure) 180M->13M(510M) 2.333ms
[120.272s][info][gc,cpu         ] GC(1010) User=0.52s Sys=0.00s Real=0.00s
[120.385s][info][gc,start       ] GC(1011) Pause Young (Allocation Failure)
[120.388s][info][gc,heap        ] GC(1011) PSYoungGen: 172544K(173056K)->1024K(173056K) Eden: 171520K(171520K)->0K(171520K) From: 1024K(1536K)->1024K(1536K)
[120.429s][info][gc,heap        ] GC(1011) ParOldGen: 12464K(349696K)->12536K(349696K)
[120.429s][info][gc,metaspace   ] GC(1011) Metaspace: 14372K(15232K)->14372K(15232K) NonClass: 12391K(12864K)->12391K(12864K) Class: 1981K(2368K)->1981K(2368K)
[120.429s][info][gc             ] GC(1011) Pause Young (Allocation Failure) 180M->13M(510M) 43.227ms
[120.429s][info][gc,cpu         ] GC(1011) User=0.00s Sys=0.00s Real=0.04s
[120.551s][info][gc,start       ] GC(1012) Pause Young (Allocation Failure)
[120.554s][info][gc,heap        ] GC(1012) PSYoungGen: 172544K(173056K)->1024K(173056K) Eden: 171520K(171520K)->0K(171520K) From: 1024K(1536K)->1024K(1536K)
[120.554s][info][gc,heap        ] GC(1012) ParOldGen: 12536K(349696K)->12592K(349696K)
[120.554s][info][gc,metaspace   ] GC(1012) Metaspace: 14372K(15232K)->14372K(15232K) NonClass: 12391K(12864K)->12391K(12864K) Class: 1981K(2368K)->1981K(2368K)
[120.554s][info][gc             ] GC(1012) Pause Young (Allocation Failure) 180M->13M(510M) 2.390ms
[120.554s][info][gc,cpu         ] GC(1012) User=0.00s Sys=0.00s Real=0.00s
[120.659s][info][gc,start       ] GC(1013) Pause Young (Allocation Failure)
[120.661s][info][gc,heap        ] GC(1013) PSYoungGen: 172544K(173056K)->992K(173056K) Eden: 171520K(171520K)->0K(171520K) From: 1024K(1536K)->992K(1536K)
[120.661s][info][gc,heap        ] GC(1013) ParOldGen: 12592K(349696K)->12648K(349696K)
[120.661s][info][gc,metaspace   ] GC(1013) Metaspace: 14372K(15232K)->14372K(15232K) NonClass: 12391K(12864K)->12391K(12864K) Class: 1981K(2368K)->1981K(2368K)
[120.661s][info][gc             ] GC(1013) Pause Young (Allocation Failure) 180M->13M(510M) 2.448ms
[120.661s][info][gc,cpu         ] GC(1013) User=0.52s Sys=0.00s Real=0.00s
[120.762s][info][gc,start       ] GC(1014) Pause Young (Allocation Failure)
[120.764s][info][gc,heap        ] GC(1014) PSYoungGen: 172512K(173056K)->928K(173056K) Eden: 171520K(171520K)->0K(171520K) From: 992K(1536K)->928K(1536K)
[120.764s][info][gc,heap        ] GC(1014) ParOldGen: 12648K(349696K)->12704K(349696K)
[120.764s][info][gc,metaspace   ] GC(1014) Metaspace: 14372K(15232K)->14372K(15232K) NonClass: 12391K(12864K)->12391K(12864K) Class: 1981K(2368K)->1981K(2368K)
[120.764s][info][gc             ] GC(1014) Pause Young (Allocation Failure) 180M->13M(510M) 2.472ms
[120.764s][info][gc,cpu         ] GC(1014) User=0.00s Sys=0.00s Real=0.00s
[120.847s][info][gc,start       ] GC(1015) Pause Young (Allocation Failure)
[120.850s][info][gc,heap        ] GC(1015) PSYoungGen: 172448K(173056K)->832K(173056K) Eden: 171520K(171520K)->0K(171520K) From: 928K(1536K)->832K(1536K)
[120.850s][info][gc,heap        ] GC(1015) ParOldGen: 12704K(349696K)->12736K(349696K)
[120.850s][info][gc,metaspace   ] GC(1015) Metaspace: 14372K(15232K)->14372K(15232K) NonClass: 12391K(12864K)->12391K(12864K) Class: 1981K(2368K)->1981K(2368K)
[120.850s][info][gc             ] GC(1015) Pause Young (Allocation Failure) 180M->13M(510M) 2.582ms
[120.850s][info][gc,cpu         ] GC(1015) User=0.52s Sys=0.00s Real=0.00s
[120.918s][info][gc,start       ] GC(1016) Pause Young (Allocation Failure)
[120.921s][info][gc,heap        ] GC(1016) PSYoungGen: 172352K(173056K)->864K(173056K) Eden: 171520K(171520K)->0K(171520K) From: 832K(1536K)->864K(1536K)
[120.921s][info][gc,heap        ] GC(1016) ParOldGen: 12736K(349696K)->12768K(349696K)
[120.921s][info][gc,metaspace   ] GC(1016) Metaspace: 14372K(15232K)->14372K(15232K) NonClass: 12391K(12864K)->12391K(12864K) Class: 1981K(2368K)->1981K(2368K)
[120.921s][info][gc             ] GC(1016) Pause Young (Allocation Failure) 180M->13M(510M) 2.510ms
[120.921s][info][gc,cpu         ] GC(1016) User=0.00s Sys=0.00s Real=0.00s
[120.989s][info][gc,start       ] GC(1017) Pause Young (Allocation Failure)
[120.991s][info][gc,heap        ] GC(1017) PSYoungGen: 172384K(173056K)->832K(173056K) Eden: 171520K(171520K)->0K(171520K) From: 864K(1536K)->832K(1536K)
[120.991s][info][gc,heap        ] GC(1017) ParOldGen: 12768K(349696K)->12800K(349696K)
[120.991s][info][gc,metaspace   ] GC(1017) Metaspace: 14372K(15232K)->14372K(15232K) NonClass: 12391K(12864K)->12391K(12864K) Class: 1981K(2368K)->1981K(2368K)
[120.991s][info][gc             ] GC(1017) Pause Young (Allocation Failure) 180M->13M(510M) 2.520ms
[120.991s][info][gc,cpu         ] GC(1017) User=0.00s Sys=0.00s Real=0.00s
[121.069s][info][gc,start       ] GC(1018) Pause Young (Allocation Failure)
[121.071s][info][gc,heap        ] GC(1018) PSYoungGen: 172352K(173056K)->768K(173056K) Eden: 171520K(171520K)->0K(171520K) From: 832K(1536K)->768K(1536K)
[121.071s][info][gc,heap        ] GC(1018) ParOldGen: 12800K(349696K)->12832K(349696K)
[121.071s][info][gc,metaspace   ] GC(1018) Metaspace: 14372K(15232K)->14372K(15232K) NonClass: 12391K(12864K)->12391K(12864K) Class: 1981K(2368K)->1981K(2368K)
[121.071s][info][gc             ] GC(1018) Pause Young (Allocation Failure) 180M->13M(510M) 2.502ms
[121.071s][info][gc,cpu         ] GC(1018) User=0.00s Sys=0.00s Real=0.00s
[121.193s][info][gc,start       ] GC(1019) Pause Young (Allocation Failure)
[121.195s][info][gc,heap        ] GC(1019) PSYoungGen: 172288K(173056K)->352K(173056K) Eden: 171520K(171520K)->0K(171520K) From: 768K(1536K)->352K(1536K)
[121.195s][info][gc,heap        ] GC(1019) ParOldGen: 12832K(349696K)->12880K(349696K)
[121.195s][info][gc,metaspace   ] GC(1019) Metaspace: 14372K(15232K)->14372K(15232K) NonClass: 12391K(12864K)->12391K(12864K) Class: 1981K(2368K)->1981K(2368K)
[121.195s][info][gc             ] GC(1019) Pause Young (Allocation Failure) 180M->12M(510M) 2.622ms
[121.195s][info][gc,cpu         ] GC(1019) User=0.00s Sys=0.00s Real=0.00s
[121.293s][info][gc,start       ] GC(1020) Pause Young (System.gc())
[121.296s][info][gc,heap        ] GC(1020) PSYoungGen: 53201K(173056K)->256K(173056K) Eden: 52849K(171520K)->0K(171520K) From: 352K(1536K)->256K(1536K)
[121.296s][info][gc,heap        ] GC(1020) ParOldGen: 12880K(349696K)->12944K(349696K)
[121.296s][info][gc,metaspace   ] GC(1020) Metaspace: 14372K(15232K)->14372K(15232K) NonClass: 12391K(12864K)->12391K(12864K) Class: 1981K(2368K)->1981K(2368K)
[121.296s][info][gc             ] GC(1020) Pause Young (System.gc()) 64M->12M(510M) 2.676ms
[121.296s][info][gc,cpu         ] GC(1020) User=0.00s Sys=0.00s Real=0.00s
[121.296s][info][gc,start       ] GC(1021) Pause Full (System.gc())
[121.296s][info][gc,phases,start] GC(1021) Marking Phase
[121.309s][info][gc,phases      ] GC(1021) Marking Phase 12.567ms
[121.309s][info][gc,phases,start] GC(1021) Summary Phase
[121.309s][info][gc,phases      ] GC(1021) Summary Phase 0.028ms
[121.309s][info][gc,phases,start] GC(1021) Adjust Roots
[121.314s][info][gc,phases      ] GC(1021) Adjust Roots 5.438ms
[121.314s][info][gc,phases,start] GC(1021) Compaction Phase
[121.317s][info][gc,phases      ] GC(1021) Compaction Phase 2.283ms
[121.317s][info][gc,phases,start] GC(1021) Post Compact
[121.317s][info][gc,phases      ] GC(1021) Post Compact 0.189ms
[121.317s][info][gc,heap        ] GC(1021) PSYoungGen: 256K(173056K)->0K(173056K) Eden: 0K(171520K)->0K(171520K) From: 256K(1536K)->0K(1536K)
[121.317s][info][gc,heap        ] GC(1021) ParOldGen: 12944K(349696K)->5380K(349696K)
[121.317s][info][gc,metaspace   ] GC(1021) Metaspace: 14372K(15232K)->14372K(15232K) NonClass: 12391K(12864K)->12391K(12864K) Class: 1981K(2368K)->1981K(2368K)
[121.317s][info][gc             ] GC(1021) Pause Full (System.gc()) 12M->5M(510M) 20.767ms
[121.317s][info][gc,cpu         ] GC(1021) User=0.02s Sys=0.00s Real=0.02s
[121.468s][info][gc,start       ] GC(1022) Pause Young (Allocation Failure)
[121.471s][info][gc,heap        ] GC(1022) PSYoungGen: 171520K(173056K)->1536K(173056K) Eden: 171520K(171520K)->0K(171520K) From: 0K(1536K)->1536K(1536K)
[121.471s][info][gc,heap        ] GC(1022) ParOldGen: 5380K(349696K)->5606K(349696K)
[121.471s][info][gc,metaspace   ] GC(1022) Metaspace: 14372K(15232K)->14372K(15232K) NonClass: 12391K(12864K)->12391K(12864K) Class: 1981K(2368K)->1981K(2368K)
[121.471s][info][gc             ] GC(1022) Pause Young (Allocation Failure) 172M->6M(510M) 2.654ms
[121.471s][info][gc,cpu         ] GC(1022) User=0.00s Sys=0.00s Real=0.00s
[121.588s][info][gc,start       ] GC(1023) Pause Young (Allocation Failure)
[121.590s][info][gc,heap        ] GC(1023) PSYoungGen: 173056K(173056K)->1024K(172032K) Eden: 171520K(171520K)->0K(170496K) From: 1536K(1536K)->1024K(1536K)
[121.590s][info][gc,heap        ] GC(1023) ParOldGen: 5606K(349696K)->7134K(349696K)
[121.590s][info][gc,metaspace   ] GC(1023) Metaspace: 14372K(15232K)->14372K(15232K) NonClass: 12391K(12864K)->12391K(12864K) Class: 1981K(2368K)->1981K(2368K)
[121.590s][info][gc             ] GC(1023) Pause Young (Allocation Failure) 174M->7M(509M) 2.668ms
[121.590s][info][gc,cpu         ] GC(1023) User=0.00s Sys=0.00s Real=0.00s
[121.787s][info][gc,start       ] GC(1024) Pause Young (Allocation Failure)
[121.790s][info][gc,heap        ] GC(1024) PSYoungGen: 171520K(172032K)->992K(172544K) Eden: 170496K(170496K)->0K(170496K) From: 1024K(1536K)->992K(2048K)
[121.790s][info][gc,heap        ] GC(1024) ParOldGen: 7134K(349696K)->7214K(349696K)
[121.790s][info][gc,metaspace   ] GC(1024) Metaspace: 14372K(15232K)->14372K(15232K) NonClass: 12391K(12864K)->12391K(12864K) Class: 1981K(2368K)->1981K(2368K)
[121.790s][info][gc             ] GC(1024) Pause Young (Allocation Failure) 174M->8M(510M) 3.382ms
[121.790s][info][gc,cpu         ] GC(1024) User=0.00s Sys=0.00s Real=0.00s
[121.920s][info][gc,start       ] GC(1025) Pause Young (Allocation Failure)
[121.923s][info][gc,heap        ] GC(1025) PSYoungGen: 171488K(172544K)->928K(172544K) Eden: 170496K(170496K)->0K(171008K) From: 992K(2048K)->928K(1536K)
[121.923s][info][gc,heap        ] GC(1025) ParOldGen: 7214K(349696K)->7286K(349696K)
[121.923s][info][gc,metaspace   ] GC(1025) Metaspace: 14372K(15232K)->14372K(15232K) NonClass: 12391K(12864K)->12391K(12864K) Class: 1981K(2368K)->1981K(2368K)
[121.923s][info][gc             ] GC(1025) Pause Young (Allocation Failure) 174M->8M(510M) 2.386ms
[121.923s][info][gc,cpu         ] GC(1025) User=0.00s Sys=0.00s Real=0.00s
[122.055s][info][gc,start       ] GC(1026) Pause Young (Allocation Failure)
[122.057s][info][gc,heap        ] GC(1026) PSYoungGen: 171936K(172544K)->1024K(172544K) Eden: 171008K(171008K)->0K(171008K) From: 928K(1536K)->1024K(1536K)
[122.057s][info][gc,heap        ] GC(1026) ParOldGen: 7286K(349696K)->7334K(349696K)
[122.057s][info][gc,metaspace   ] GC(1026) Metaspace: 14372K(15232K)->14372K(15232K) NonClass: 12391K(12864K)->12391K(12864K) Class: 1981K(2368K)->1981K(2368K)
[122.057s][info][gc             ] GC(1026) Pause Young (Allocation Failure) 175M->8M(510M) 2.379ms
[122.057s][info][gc,cpu         ] GC(1026) User=0.00s Sys=0.00s Real=0.00s
[122.187s][info][gc,start       ] GC(1027) Pause Young (Allocation Failure)
[122.190s][info][gc,heap        ] GC(1027) PSYoungGen: 172032K(172544K)->992K(173056K) Eden: 171008K(171008K)->0K(171520K) From: 1024K(1536K)->992K(1536K)
[122.190s][info][gc,heap        ] GC(1027) ParOldGen: 7334K(349696K)->7398K(349696K)
[122.190s][info][gc,metaspace   ] GC(1027) Metaspace: 14372K(15232K)->14372K(15232K) NonClass: 12391K(12864K)->12391K(12864K) Class: 1981K(2368K)->1981K(2368K)
[122.190s][info][gc             ] GC(1027) Pause Young (Allocation Failure) 175M->8M(510M) 2.224ms
[122.190s][info][gc,cpu         ] GC(1027) User=0.00s Sys=0.00s Real=0.00s
[122.315s][info][gc,start       ] GC(1028) Pause Young (Allocation Failure)
[122.317s][info][gc,heap        ] GC(1028) PSYoungGen: 172512K(173056K)->1024K(173056K) Eden: 171520K(171520K)->0K(171520K) From: 992K(1536K)->1024K(1536K)
[122.317s][info][gc,heap        ] GC(1028) ParOldGen: 7398K(349696K)->7462K(349696K)
[122.317s][info][gc,metaspace   ] GC(1028) Metaspace: 14372K(15232K)->14372K(15232K) NonClass: 12391K(12864K)->12391K(12864K) Class: 1981K(2368K)->1981K(2368K)
[122.317s][info][gc             ] GC(1028) Pause Young (Allocation Failure) 175M->8M(510M) 2.126ms
[122.317s][info][gc,cpu         ] GC(1028) User=0.52s Sys=0.00s Real=0.00s
[122.434s][info][gc,start       ] GC(1029) Pause Young (Allocation Failure)
[122.436s][info][gc,heap        ] GC(1029) PSYoungGen: 172544K(173056K)->1024K(173056K) Eden: 171520K(171520K)->0K(171520K) From: 1024K(1536K)->1024K(1536K)
[122.436s][info][gc,heap        ] GC(1029) ParOldGen: 7462K(349696K)->7526K(349696K)
[122.436s][info][gc,metaspace   ] GC(1029) Metaspace: 14372K(15232K)->14372K(15232K) NonClass: 12391K(12864K)->12391K(12864K) Class: 1981K(2368K)->1981K(2368K)
[122.436s][info][gc             ] GC(1029) Pause Young (Allocation Failure) 175M->8M(510M) 2.145ms
[122.436s][info][gc,cpu         ] GC(1029) User=0.00s Sys=0.00s Real=0.00s
[122.553s][info][gc,start       ] GC(1030) Pause Young (Allocation Failure)
[122.555s][info][gc,heap        ] GC(1030) PSYoungGen: 172544K(173056K)->1024K(173056K) Eden: 171520K(171520K)->0K(171520K) From: 1024K(1536K)->1024K(1536K)
[122.555s][info][gc,heap        ] GC(1030) ParOldGen: 7526K(349696K)->7606K(349696K)
[122.555s][info][gc,metaspace   ] GC(1030) Metaspace: 14372K(15232K)->14372K(15232K) NonClass: 12391K(12864K)->12391K(12864K) Class: 1981K(2368K)->1981K(2368K)
[122.555s][info][gc             ] GC(1030) Pause Young (Allocation Failure) 175M->8M(510M) 2.174ms
[122.555s][info][gc,cpu         ] GC(1030) User=0.00s Sys=0.00s Real=0.00s
[122.672s][info][gc,start       ] GC(1031) Pause Young (Allocation Failure)
[122.675s][info][gc,heap        ] GC(1031) PSYoungGen: 172544K(173056K)->992K(173056K) Eden: 171520K(171520K)->0K(171520K) From: 1024K(1536K)->992K(1536K)
[122.675s][info][gc,heap        ] GC(1031) ParOldGen: 7606K(349696K)->7646K(349696K)
[122.675s][info][gc,metaspace   ] GC(1031) Metaspace: 14372K(15232K)->14372K(15232K) NonClass: 12391K(12864K)->12391K(12864K) Class: 1981K(2368K)->1981K(2368K)
[122.675s][info][gc             ] GC(1031) Pause Young (Allocation Failure) 175M->8M(510M) 2.131ms
[122.675s][info][gc,cpu         ] GC(1031) User=0.00s Sys=0.00s Real=0.00s
[122.794s][info][gc,start       ] GC(1032) Pause Young (Allocation Failure)
[122.796s][info][gc,heap        ] GC(1032) PSYoungGen: 172512K(173056K)->960K(173056K) Eden: 171520K(171520K)->0K(171520K) From: 992K(1536K)->960K(1536K)
[122.796s][info][gc,heap        ] GC(1032) ParOldGen: 7646K(349696K)->7702K(349696K)
[122.796s][info][gc,metaspace   ] GC(1032) Metaspace: 14372K(15232K)->14372K(15232K) NonClass: 12391K(12864K)->12391K(12864K) Class: 1981K(2368K)->1981K(2368K)
[122.796s][info][gc             ] GC(1032) Pause Young (Allocation Failure) 175M->8M(510M) 2.141ms
[122.796s][info][gc,cpu         ] GC(1032) User=0.00s Sys=0.00s Real=0.00s
[122.915s][info][gc,start       ] GC(1033) Pause Young (Allocation Failure)
[122.917s][info][gc,heap        ] GC(1033) PSYoungGen: 172480K(173056K)->1024K(173056K) Eden: 171520K(171520K)->0K(171520K) From: 960K(1536K)->1024K(1536K)
[122.917s][info][gc,heap        ] GC(1033) ParOldGen: 7702K(349696K)->7758K(349696K)
[122.917s][info][gc,metaspace   ] GC(1033) Metaspace: 14372K(15232K)->14372K(15232K) NonClass: 12391K(12864K)->12391K(12864K) Class: 1981K(2368K)->1981K(2368K)
[122.917s][info][gc             ] GC(1033) Pause Young (Allocation Failure) 175M->8M(510M) 2.148ms
[122.917s][info][gc,cpu         ] GC(1033) User=0.00s Sys=0.00s Real=0.00s
[123.036s][info][gc,start       ] GC(1034) Pause Young (Allocation Failure)
[123.038s][info][gc,heap        ] GC(1034) PSYoungGen: 172544K(173056K)->992K(173056K) Eden: 171520K(171520K)->0K(171520K) From: 1024K(1536K)->992K(1536K)
[123.038s][info][gc,heap        ] GC(1034) ParOldGen: 7758K(349696K)->7822K(349696K)
[123.038s][info][gc,metaspace   ] GC(1034) Metaspace: 14372K(15232K)->14372K(15232K) NonClass: 12391K(12864K)->12391K(12864K) Class: 1981K(2368K)->1981K(2368K)
[123.038s][info][gc             ] GC(1034) Pause Young (Allocation Failure) 176M->8M(510M) 2.094ms
[123.038s][info][gc,cpu         ] GC(1034) User=0.00s Sys=0.00s Real=0.00s
[123.156s][info][gc,start       ] GC(1035) Pause Young (Allocation Failure)
[123.158s][info][gc,heap        ] GC(1035) PSYoungGen: 172512K(173056K)->992K(173056K) Eden: 171520K(171520K)->0K(171520K) From: 992K(1536K)->992K(1536K)
[123.158s][info][gc,heap        ] GC(1035) ParOldGen: 7822K(349696K)->7878K(349696K)
[123.158s][info][gc,metaspace   ] GC(1035) Metaspace: 14372K(15232K)->14372K(15232K) NonClass: 12391K(12864K)->12391K(12864K) Class: 1981K(2368K)->1981K(2368K)
[123.158s][info][gc             ] GC(1035) Pause Young (Allocation Failure) 176M->8M(510M) 2.195ms
[123.158s][info][gc,cpu         ] GC(1035) User=0.00s Sys=0.00s Real=0.00s
[123.275s][info][gc,start       ] GC(1036) Pause Young (Allocation Failure)
[123.278s][info][gc,heap        ] GC(1036) PSYoungGen: 172512K(173056K)->1024K(173056K) Eden: 171520K(171520K)->0K(171520K) From: 992K(1536K)->1024K(1536K)
[123.278s][info][gc,heap        ] GC(1036) ParOldGen: 7878K(349696K)->7934K(349696K)
[123.278s][info][gc,metaspace   ] GC(1036) Metaspace: 14372K(15232K)->14372K(15232K) NonClass: 12391K(12864K)->12391K(12864K) Class: 1981K(2368K)->1981K(2368K)
[123.278s][info][gc             ] GC(1036) Pause Young (Allocation Failure) 176M->8M(510M) 2.194ms
[123.278s][info][gc,cpu         ] GC(1036) User=0.00s Sys=0.00s Real=0.00s
[123.397s][info][gc,start       ] GC(1037) Pause Young (Allocation Failure)
[123.399s][info][gc,heap        ] GC(1037) PSYoungGen: 172544K(173056K)->960K(173056K) Eden: 171520K(171520K)->0K(171520K) From: 1024K(1536K)->960K(1536K)
[123.399s][info][gc,heap        ] GC(1037) ParOldGen: 7934K(349696K)->7990K(349696K)
[123.399s][info][gc,metaspace   ] GC(1037) Metaspace: 14372K(15232K)->14372K(15232K) NonClass: 12391K(12864K)->12391K(12864K) Class: 1981K(2368K)->1981K(2368K)
[123.399s][info][gc             ] GC(1037) Pause Young (Allocation Failure) 176M->8M(510M) 2.228ms
[123.400s][info][gc,cpu         ] GC(1037) User=0.00s Sys=0.00s Real=0.00s
[123.518s][info][gc,start       ] GC(1038) Pause Young (Allocation Failure)
[123.520s][info][gc,heap        ] GC(1038) PSYoungGen: 172480K(173056K)->992K(173056K) Eden: 171520K(171520K)->0K(171520K) From: 960K(1536K)->992K(1536K)
[123.520s][info][gc,heap        ] GC(1038) ParOldGen: 7990K(349696K)->8054K(349696K)
[123.520s][info][gc,metaspace   ] GC(1038) Metaspace: 14372K(15232K)->14372K(15232K) NonClass: 12391K(12864K)->12391K(12864K) Class: 1981K(2368K)->1981K(2368K)
[123.520s][info][gc             ] GC(1038) Pause Young (Allocation Failure) 176M->8M(510M) 2.213ms
[123.520s][info][gc,cpu         ] GC(1038) User=0.52s Sys=0.00s Real=0.00s
[123.642s][info][gc,start       ] GC(1039) Pause Young (Allocation Failure)
[123.644s][info][gc,heap        ] GC(1039) PSYoungGen: 172512K(173056K)->992K(173056K) Eden: 171520K(171520K)->0K(171520K) From: 992K(1536K)->992K(1536K)
[123.644s][info][gc,heap        ] GC(1039) ParOldGen: 8054K(349696K)->8110K(349696K)
[123.644s][info][gc,metaspace   ] GC(1039) Metaspace: 14372K(15232K)->14372K(15232K) NonClass: 12391K(12864K)->12391K(12864K) Class: 1981K(2368K)->1981K(2368K)
[123.644s][info][gc             ] GC(1039) Pause Young (Allocation Failure) 176M->8M(510M) 2.275ms
[123.644s][info][gc,cpu         ] GC(1039) User=0.00s Sys=0.00s Real=0.00s
[123.764s][info][gc,start       ] GC(1040) Pause Young (Allocation Failure)
[123.766s][info][gc,heap        ] GC(1040) PSYoungGen: 172512K(173056K)->960K(173056K) Eden: 171520K(171520K)->0K(171520K) From: 992K(1536K)->960K(1536K)
[123.766s][info][gc,heap        ] GC(1040) ParOldGen: 8110K(349696K)->8166K(349696K)
[123.766s][info][gc,metaspace   ] GC(1040) Metaspace: 14372K(15232K)->14372K(15232K) NonClass: 12391K(12864K)->12391K(12864K) Class: 1981K(2368K)->1981K(2368K)
[123.766s][info][gc             ] GC(1040) Pause Young (Allocation Failure) 176M->8M(510M) 2.297ms
[123.766s][info][gc,cpu         ] GC(1040) User=0.00s Sys=0.00s Real=0.00s
[123.888s][info][gc,start       ] GC(1041) Pause Young (Allocation Failure)
[123.890s][info][gc,heap        ] GC(1041) PSYoungGen: 172480K(173056K)->992K(173056K) Eden: 171520K(171520K)->0K(171520K) From: 960K(1536K)->992K(1536K)
[123.890s][info][gc,heap        ] GC(1041) ParOldGen: 8166K(349696K)->8238K(349696K)
[123.890s][info][gc,metaspace   ] GC(1041) Metaspace: 14372K(15232K)->14372K(15232K) NonClass: 12391K(12864K)->12391K(12864K) Class: 1981K(2368K)->1981K(2368K)
[123.890s][info][gc             ] GC(1041) Pause Young (Allocation Failure) 176M->9M(510M) 2.308ms
[123.890s][info][gc,cpu         ] GC(1041) User=0.00s Sys=0.00s Real=0.00s
[124.009s][info][gc,start       ] GC(1042) Pause Young (Allocation Failure)
[124.012s][info][gc,heap        ] GC(1042) PSYoungGen: 172512K(173056K)->1024K(173056K) Eden: 171520K(171520K)->0K(171520K) From: 992K(1536K)->1024K(1536K)
[124.012s][info][gc,heap        ] GC(1042) ParOldGen: 8238K(349696K)->8302K(349696K)
[124.012s][info][gc,metaspace   ] GC(1042) Metaspace: 14372K(15232K)->14372K(15232K) NonClass: 12391K(12864K)->12391K(12864K) Class: 1981K(2368K)->1981K(2368K)
[124.012s][info][gc             ] GC(1042) Pause Young (Allocation Failure) 176M->9M(510M) 2.396ms
[124.012s][info][gc,cpu         ] GC(1042) User=0.00s Sys=0.00s Real=0.00s
[124.131s][info][gc,start       ] GC(1043) Pause Young (Allocation Failure)
[124.133s][info][gc,heap        ] GC(1043) PSYoungGen: 172544K(173056K)->1024K(173056K) Eden: 171520K(171520K)->0K(171520K) From: 1024K(1536K)->1024K(1536K)
[124.133s][info][gc,heap        ] GC(1043) ParOldGen: 8302K(349696K)->8382K(349696K)
[124.133s][info][gc,metaspace   ] GC(1043) Metaspace: 14372K(15232K)->14372K(15232K) NonClass: 12391K(12864K)->12391K(12864K) Class: 1981K(2368K)->1981K(2368K)
[124.133s][info][gc             ] GC(1043) Pause Young (Allocation Failure) 176M->9M(510M) 2.374ms
[124.133s][info][gc,cpu         ] GC(1043) User=0.00s Sys=0.00s Real=0.00s
[124.252s][info][gc,start       ] GC(1044) Pause Young (Allocation Failure)
[124.254s][info][gc,heap        ] GC(1044) PSYoungGen: 172544K(173056K)->992K(173056K) Eden: 171520K(171520K)->0K(171520K) From: 1024K(1536K)->992K(1536K)
[124.254s][info][gc,heap        ] GC(1044) ParOldGen: 8382K(349696K)->8446K(349696K)
[124.254s][info][gc,metaspace   ] GC(1044) Metaspace: 14372K(15232K)->14372K(15232K) NonClass: 12391K(12864K)->12391K(12864K) Class: 1981K(2368K)->1981K(2368K)
[124.254s][info][gc             ] GC(1044) Pause Young (Allocation Failure) 176M->9M(510M) 2.392ms
[124.254s][info][gc,cpu         ] GC(1044) User=0.00s Sys=0.00s Real=0.00s
[124.377s][info][gc,start       ] GC(1045) Pause Young (Allocation Failure)
[124.379s][info][gc,heap        ] GC(1045) PSYoungGen: 172512K(173056K)->992K(173056K) Eden: 171520K(171520K)->0K(171520K) From: 992K(1536K)->992K(1536K)
[124.379s][info][gc,heap        ] GC(1045) ParOldGen: 8446K(349696K)->8534K(349696K)
[124.379s][info][gc,metaspace   ] GC(1045) Metaspace: 14372K(15232K)->14372K(15232K) NonClass: 12391K(12864K)->12391K(12864K) Class: 1981K(2368K)->1981K(2368K)
[124.379s][info][gc             ] GC(1045) Pause Young (Allocation Failure) 176M->9M(510M) 2.427ms
[124.379s][info][gc,cpu         ] GC(1045) User=0.00s Sys=0.00s Real=0.00s
[124.498s][info][gc,start       ] GC(1046) Pause Young (Allocation Failure)
[124.501s][info][gc,heap        ] GC(1046) PSYoungGen: 172512K(173056K)->1024K(173056K) Eden: 171520K(171520K)->0K(171520K) From: 992K(1536K)->1024K(1536K)
[124.501s][info][gc,heap        ] GC(1046) ParOldGen: 8534K(349696K)->8574K(349696K)
[124.501s][info][gc,metaspace   ] GC(1046) Metaspace: 14372K(15232K)->14372K(15232K) NonClass: 12391K(12864K)->12391K(12864K) Class: 1981K(2368K)->1981K(2368K)
[124.501s][info][gc             ] GC(1046) Pause Young (Allocation Failure) 176M->9M(510M) 2.471ms
[124.501s][info][gc,cpu         ] GC(1046) User=0.00s Sys=0.00s Real=0.00s
[124.621s][info][gc,start       ] GC(1047) Pause Young (Allocation Failure)
[124.624s][info][gc,heap        ] GC(1047) PSYoungGen: 172544K(173056K)->1024K(173056K) Eden: 171520K(171520K)->0K(171520K) From: 1024K(1536K)->1024K(1536K)
[124.624s][info][gc,heap        ] GC(1047) ParOldGen: 8574K(349696K)->8630K(349696K)
[124.624s][info][gc,metaspace   ] GC(1047) Metaspace: 14372K(15232K)->14372K(15232K) NonClass: 12391K(12864K)->12391K(12864K) Class: 1981K(2368K)->1981K(2368K)
[124.624s][info][gc             ] GC(1047) Pause Young (Allocation Failure) 176M->9M(510M) 2.452ms
[124.624s][info][gc,cpu         ] GC(1047) User=0.00s Sys=0.00s Real=0.00s
[124.744s][info][gc,start       ] GC(1048) Pause Young (Allocation Failure)
[124.746s][info][gc,heap        ] GC(1048) PSYoungGen: 172544K(173056K)->1024K(173056K) Eden: 171520K(171520K)->0K(171520K) From: 1024K(1536K)->1024K(1536K)
[124.746s][info][gc,heap        ] GC(1048) ParOldGen: 8630K(349696K)->8702K(349696K)
[124.746s][info][gc,metaspace   ] GC(1048) Metaspace: 14372K(15232K)->14372K(15232K) NonClass: 12391K(12864K)->12391K(12864K) Class: 1981K(2368K)->1981K(2368K)
[124.746s][info][gc             ] GC(1048) Pause Young (Allocation Failure) 176M->9M(510M) 2.466ms
[124.746s][info][gc,cpu         ] GC(1048) User=0.00s Sys=0.00s Real=0.00s
[124.865s][info][gc,start       ] GC(1049) Pause Young (Allocation Failure)
[124.868s][info][gc,heap        ] GC(1049) PSYoungGen: 172544K(173056K)->992K(173056K) Eden: 171520K(171520K)->0K(171520K) From: 1024K(1536K)->992K(1536K)
[124.868s][info][gc,heap        ] GC(1049) ParOldGen: 8702K(349696K)->8758K(349696K)
[124.868s][info][gc,metaspace   ] GC(1049) Metaspace: 14372K(15232K)->14372K(15232K) NonClass: 12391K(12864K)->12391K(12864K) Class: 1981K(2368K)->1981K(2368K)
[124.868s][info][gc             ] GC(1049) Pause Young (Allocation Failure) 176M->9M(510M) 2.495ms
[124.868s][info][gc,cpu         ] GC(1049) User=0.00s Sys=0.00s Real=0.00s
[124.986s][info][gc,start       ] GC(1050) Pause Young (Allocation Failure)
[124.988s][info][gc,heap        ] GC(1050) PSYoungGen: 172512K(173056K)->1024K(173056K) Eden: 171520K(171520K)->0K(171520K) From: 992K(1536K)->1024K(1536K)
[124.988s][info][gc,heap        ] GC(1050) ParOldGen: 8758K(349696K)->8822K(349696K)
[124.988s][info][gc,metaspace   ] GC(1050) Metaspace: 14372K(15232K)->14372K(15232K) NonClass: 12391K(12864K)->12391K(12864K) Class: 1981K(2368K)->1981K(2368K)
[124.988s][info][gc             ] GC(1050) Pause Young (Allocation Failure) 177M->9M(510M) 2.521ms
[124.988s][info][gc,cpu         ] GC(1050) User=0.00s Sys=0.00s Real=0.00s
[125.107s][info][gc,start       ] GC(1051) Pause Young (Allocation Failure)
[125.109s][info][gc,heap        ] GC(1051) PSYoungGen: 172544K(173056K)->1024K(173056K) Eden: 171520K(171520K)->0K(171520K) From: 1024K(1536K)->1024K(1536K)
[125.109s][info][gc,heap        ] GC(1051) ParOldGen: 8822K(349696K)->8894K(349696K)
[125.109s][info][gc,metaspace   ] GC(1051) Metaspace: 14372K(15232K)->14372K(15232K) NonClass: 12391K(12864K)->12391K(12864K) Class: 1981K(2368K)->1981K(2368K)
[125.109s][info][gc             ] GC(1051) Pause Young (Allocation Failure) 177M->9M(510M) 2.595ms
[125.109s][info][gc,cpu         ] GC(1051) User=0.00s Sys=0.00s Real=0.00s
[125.228s][info][gc,start       ] GC(1052) Pause Young (Allocation Failure)
[125.230s][info][gc,heap        ] GC(1052) PSYoungGen: 172544K(173056K)->1024K(173056K) Eden: 171520K(171520K)->0K(171520K) From: 1024K(1536K)->1024K(1536K)
[125.231s][info][gc,heap        ] GC(1052) ParOldGen: 8894K(349696K)->8934K(349696K)
[125.231s][info][gc,metaspace   ] GC(1052) Metaspace: 14372K(15232K)->14372K(15232K) NonClass: 12391K(12864K)->12391K(12864K) Class: 1981K(2368K)->1981K(2368K)
[125.231s][info][gc             ] GC(1052) Pause Young (Allocation Failure) 177M->9M(510M) 2.630ms
[125.231s][info][gc,cpu         ] GC(1052) User=0.00s Sys=0.00s Real=0.00s
[125.349s][info][gc,start       ] GC(1053) Pause Young (Allocation Failure)
[125.352s][info][gc,heap        ] GC(1053) PSYoungGen: 172544K(173056K)->960K(173056K) Eden: 171520K(171520K)->0K(171520K) From: 1024K(1536K)->960K(1536K)
[125.352s][info][gc,heap        ] GC(1053) ParOldGen: 8934K(349696K)->8990K(349696K)
[125.352s][info][gc,metaspace   ] GC(1053) Metaspace: 14372K(15232K)->14372K(15232K) NonClass: 12391K(12864K)->12391K(12864K) Class: 1981K(2368K)->1981K(2368K)
[125.352s][info][gc             ] GC(1053) Pause Young (Allocation Failure) 177M->9M(510M) 2.604ms
[125.352s][info][gc,cpu         ] GC(1053) User=0.00s Sys=0.00s Real=0.00s
[125.586s][info][gc,start       ] GC(1054) Pause Young (Allocation Failure)
[125.590s][info][gc,heap        ] GC(1054) PSYoungGen: 172480K(173056K)->992K(173056K) Eden: 171520K(171520K)->0K(171520K) From: 960K(1536K)->992K(1536K)
[125.590s][info][gc,heap        ] GC(1054) ParOldGen: 8990K(349696K)->9038K(349696K)
[125.590s][info][gc,metaspace   ] GC(1054) Metaspace: 14372K(15232K)->14372K(15232K) NonClass: 12391K(12864K)->12391K(12864K) Class: 1981K(2368K)->1981K(2368K)
[125.590s][info][gc             ] GC(1054) Pause Young (Allocation Failure) 177M->9M(510M) 3.457ms
[125.590s][info][gc,cpu         ] GC(1054) User=0.00s Sys=0.00s Real=0.00s
[125.718s][info][gc,start       ] GC(1055) Pause Young (Allocation Failure)
[125.720s][info][gc,heap        ] GC(1055) PSYoungGen: 172512K(173056K)->1024K(173056K) Eden: 171520K(171520K)->0K(171520K) From: 992K(1536K)->1024K(1536K)
[125.720s][info][gc,heap        ] GC(1055) ParOldGen: 9038K(349696K)->9110K(349696K)
[125.720s][info][gc,metaspace   ] GC(1055) Metaspace: 14372K(15232K)->14372K(15232K) NonClass: 12391K(12864K)->12391K(12864K) Class: 1981K(2368K)->1981K(2368K)
[125.720s][info][gc             ] GC(1055) Pause Young (Allocation Failure) 177M->9M(510M) 2.460ms
[125.720s][info][gc,cpu         ] GC(1055) User=0.00s Sys=0.00s Real=0.00s
[125.842s][info][gc,start       ] GC(1056) Pause Young (Allocation Failure)
[125.844s][info][gc,heap        ] GC(1056) PSYoungGen: 172544K(173056K)->1024K(173056K) Eden: 171520K(171520K)->0K(171520K) From: 1024K(1536K)->1024K(1536K)
[125.844s][info][gc,heap        ] GC(1056) ParOldGen: 9110K(349696K)->9158K(349696K)
[125.844s][info][gc,metaspace   ] GC(1056) Metaspace: 14372K(15232K)->14372K(15232K) NonClass: 12391K(12864K)->12391K(12864K) Class: 1981K(2368K)->1981K(2368K)
[125.844s][info][gc             ] GC(1056) Pause Young (Allocation Failure) 177M->9M(510M) 2.372ms
[125.844s][info][gc,cpu         ] GC(1056) User=0.00s Sys=0.00s Real=0.00s
[125.976s][info][gc,start       ] GC(1057) Pause Young (Allocation Failure)
[125.978s][info][gc,heap        ] GC(1057) PSYoungGen: 172544K(173056K)->992K(173056K) Eden: 171520K(171520K)->0K(171520K) From: 1024K(1536K)->992K(1536K)
[125.978s][info][gc,heap        ] GC(1057) ParOldGen: 9158K(349696K)->9222K(349696K)
[125.978s][info][gc,metaspace   ] GC(1057) Metaspace: 14372K(15232K)->14372K(15232K) NonClass: 12391K(12864K)->12391K(12864K) Class: 1981K(2368K)->1981K(2368K)
[125.978s][info][gc             ] GC(1057) Pause Young (Allocation Failure) 177M->9M(510M) 2.331ms
[125.978s][info][gc,cpu         ] GC(1057) User=0.00s Sys=0.00s Real=0.00s
[126.107s][info][gc,start       ] GC(1058) Pause Young (Allocation Failure)
[126.109s][info][gc,heap        ] GC(1058) PSYoungGen: 172512K(173056K)->1024K(173056K) Eden: 171520K(171520K)->0K(171520K) From: 992K(1536K)->1024K(1536K)
[126.109s][info][gc,heap        ] GC(1058) ParOldGen: 9222K(349696K)->9278K(349696K)
[126.109s][info][gc,metaspace   ] GC(1058) Metaspace: 14372K(15232K)->14372K(15232K) NonClass: 12391K(12864K)->12391K(12864K) Class: 1981K(2368K)->1981K(2368K)
[126.109s][info][gc             ] GC(1058) Pause Young (Allocation Failure) 177M->10M(510M) 2.271ms
[126.109s][info][gc,cpu         ] GC(1058) User=0.00s Sys=0.00s Real=0.00s
[126.235s][info][gc,start       ] GC(1059) Pause Young (Allocation Failure)
[126.237s][info][gc,heap        ] GC(1059) PSYoungGen: 172544K(173056K)->1024K(173056K) Eden: 171520K(171520K)->0K(171520K) From: 1024K(1536K)->1024K(1536K)
[126.237s][info][gc,heap        ] GC(1059) ParOldGen: 9278K(349696K)->9358K(349696K)
[126.237s][info][gc,metaspace   ] GC(1059) Metaspace: 14372K(15232K)->14372K(15232K) NonClass: 12391K(12864K)->12391K(12864K) Class: 1981K(2368K)->1981K(2368K)
[126.237s][info][gc             ] GC(1059) Pause Young (Allocation Failure) 177M->10M(510M) 2.166ms
[126.237s][info][gc,cpu         ] GC(1059) User=0.00s Sys=0.00s Real=0.00s
[126.356s][info][gc,start       ] GC(1060) Pause Young (Allocation Failure)
[126.358s][info][gc,heap        ] GC(1060) PSYoungGen: 172544K(173056K)->1024K(173056K) Eden: 171520K(171520K)->0K(171520K) From: 1024K(1536K)->1024K(1536K)
[126.358s][info][gc,heap        ] GC(1060) ParOldGen: 9358K(349696K)->9430K(349696K)
[126.358s][info][gc,metaspace   ] GC(1060) Metaspace: 14372K(15232K)->14372K(15232K) NonClass: 12391K(12864K)->12391K(12864K) Class: 1981K(2368K)->1981K(2368K)
[126.358s][info][gc             ] GC(1060) Pause Young (Allocation Failure) 177M->10M(510M) 2.149ms
[126.358s][info][gc,cpu         ] GC(1060) User=0.00s Sys=0.00s Real=0.00s
[126.478s][info][gc,start       ] GC(1061) Pause Young (Allocation Failure)
[126.481s][info][gc,heap        ] GC(1061) PSYoungGen: 172544K(173056K)->1024K(173056K) Eden: 171520K(171520K)->0K(171520K) From: 1024K(1536K)->1024K(1536K)
[126.481s][info][gc,heap        ] GC(1061) ParOldGen: 9430K(349696K)->9510K(349696K)
[126.481s][info][gc,metaspace   ] GC(1061) Metaspace: 14372K(15232K)->14372K(15232K) NonClass: 12391K(12864K)->12391K(12864K) Class: 1981K(2368K)->1981K(2368K)
[126.481s][info][gc             ] GC(1061) Pause Young (Allocation Failure) 177M->10M(510M) 2.170ms
[126.481s][info][gc,cpu         ] GC(1061) User=0.00s Sys=0.00s Real=0.00s
[126.600s][info][gc,start       ] GC(1062) Pause Young (Allocation Failure)
[126.603s][info][gc,heap        ] GC(1062) PSYoungGen: 172543K(173056K)->1024K(173056K) Eden: 171519K(171520K)->0K(171520K) From: 1024K(1536K)->1024K(1536K)
[126.603s][info][gc,heap        ] GC(1062) ParOldGen: 9510K(349696K)->9566K(349696K)
[126.603s][info][gc,metaspace   ] GC(1062) Metaspace: 14372K(15232K)->14372K(15232K) NonClass: 12391K(12864K)->12391K(12864K) Class: 1981K(2368K)->1981K(2368K)
[126.603s][info][gc             ] GC(1062) Pause Young (Allocation Failure) 177M->10M(510M) 2.144ms
[126.603s][info][gc,cpu         ] GC(1062) User=0.00s Sys=0.00s Real=0.00s
[126.723s][info][gc,start       ] GC(1063) Pause Young (Allocation Failure)
[126.725s][info][gc,heap        ] GC(1063) PSYoungGen: 172544K(173056K)->1024K(173056K) Eden: 171520K(171520K)->0K(171520K) From: 1024K(1536K)->1024K(1536K)
[126.725s][info][gc,heap        ] GC(1063) ParOldGen: 9566K(349696K)->9638K(349696K)
[126.725s][info][gc,metaspace   ] GC(1063) Metaspace: 14372K(15232K)->14372K(15232K) NonClass: 12391K(12864K)->12391K(12864K) Class: 1981K(2368K)->1981K(2368K)
[126.725s][info][gc             ] GC(1063) Pause Young (Allocation Failure) 177M->10M(510M) 2.184ms
[126.725s][info][gc,cpu         ] GC(1063) User=0.00s Sys=0.00s Real=0.00s
[126.844s][info][gc,start       ] GC(1064) Pause Young (Allocation Failure)
[126.846s][info][gc,heap        ] GC(1064) PSYoungGen: 172544K(173056K)->992K(173056K) Eden: 171520K(171520K)->0K(171520K) From: 1024K(1536K)->992K(1536K)
[126.846s][info][gc,heap        ] GC(1064) ParOldGen: 9638K(349696K)->9694K(349696K)
[126.846s][info][gc,metaspace   ] GC(1064) Metaspace: 14372K(15232K)->14372K(15232K) NonClass: 12391K(12864K)->12391K(12864K) Class: 1981K(2368K)->1981K(2368K)
[126.846s][info][gc             ] GC(1064) Pause Young (Allocation Failure) 177M->10M(510M) 2.176ms
[126.847s][info][gc,cpu         ] GC(1064) User=0.00s Sys=0.00s Real=0.00s
[126.966s][info][gc,start       ] GC(1065) Pause Young (Allocation Failure)
[126.968s][info][gc,heap        ] GC(1065) PSYoungGen: 172512K(173056K)->992K(173056K) Eden: 171520K(171520K)->0K(171520K) From: 992K(1536K)->992K(1536K)
[126.968s][info][gc,heap        ] GC(1065) ParOldGen: 9694K(349696K)->9742K(349696K)
[126.968s][info][gc,metaspace   ] GC(1065) Metaspace: 14372K(15232K)->14372K(15232K) NonClass: 12391K(12864K)->12391K(12864K) Class: 1981K(2368K)->1981K(2368K)
[126.968s][info][gc             ] GC(1065) Pause Young (Allocation Failure) 177M->10M(510M) 2.243ms
[126.968s][info][gc,cpu         ] GC(1065) User=0.00s Sys=0.00s Real=0.00s
[127.090s][info][gc,start       ] GC(1066) Pause Young (Allocation Failure)
[127.092s][info][gc,heap        ] GC(1066) PSYoungGen: 172512K(173056K)->992K(173056K) Eden: 171520K(171520K)->0K(171520K) From: 992K(1536K)->992K(1536K)
[127.092s][info][gc,heap        ] GC(1066) ParOldGen: 9742K(349696K)->9790K(349696K)
[127.092s][info][gc,metaspace   ] GC(1066) Metaspace: 14372K(15232K)->14372K(15232K) NonClass: 12391K(12864K)->12391K(12864K) Class: 1981K(2368K)->1981K(2368K)
[127.092s][info][gc             ] GC(1066) Pause Young (Allocation Failure) 177M->10M(510M) 2.277ms
[127.092s][info][gc,cpu         ] GC(1066) User=0.00s Sys=0.00s Real=0.00s
[127.213s][info][gc,start       ] GC(1067) Pause Young (Allocation Failure)
[127.215s][info][gc,heap        ] GC(1067) PSYoungGen: 172512K(173056K)->992K(173056K) Eden: 171520K(171520K)->0K(171520K) From: 992K(1536K)->992K(1536K)
[127.215s][info][gc,heap        ] GC(1067) ParOldGen: 9790K(349696K)->9862K(349696K)
[127.215s][info][gc,metaspace   ] GC(1067) Metaspace: 14372K(15232K)->14372K(15232K) NonClass: 12391K(12864K)->12391K(12864K) Class: 1981K(2368K)->1981K(2368K)
[127.215s][info][gc             ] GC(1067) Pause Young (Allocation Failure) 178M->10M(510M) 2.304ms
[127.215s][info][gc,cpu         ] GC(1067) User=0.00s Sys=0.00s Real=0.00s
[127.336s][info][gc,start       ] GC(1068) Pause Young (Allocation Failure)
[127.338s][info][gc,heap        ] GC(1068) PSYoungGen: 172512K(173056K)->960K(173056K) Eden: 171520K(171520K)->0K(171520K) From: 992K(1536K)->960K(1536K)
[127.338s][info][gc,heap        ] GC(1068) ParOldGen: 9862K(349696K)->9918K(349696K)
[127.338s][info][gc,metaspace   ] GC(1068) Metaspace: 14372K(15232K)->14372K(15232K) NonClass: 12391K(12864K)->12391K(12864K) Class: 1981K(2368K)->1981K(2368K)
[127.338s][info][gc             ] GC(1068) Pause Young (Allocation Failure) 178M->10M(510M) 2.290ms
[127.338s][info][gc,cpu         ] GC(1068) User=0.00s Sys=0.00s Real=0.00s
[127.458s][info][gc,start       ] GC(1069) Pause Young (Allocation Failure)
[127.461s][info][gc,heap        ] GC(1069) PSYoungGen: 172480K(173056K)->1024K(173056K) Eden: 171520K(171520K)->0K(171520K) From: 960K(1536K)->1024K(1536K)
[127.461s][info][gc,heap        ] GC(1069) ParOldGen: 9918K(349696K)->9958K(349696K)
[127.461s][info][gc,metaspace   ] GC(1069) Metaspace: 14372K(15232K)->14372K(15232K) NonClass: 12391K(12864K)->12391K(12864K) Class: 1981K(2368K)->1981K(2368K)
[127.461s][info][gc             ] GC(1069) Pause Young (Allocation Failure) 178M->10M(510M) 2.355ms
[127.461s][info][gc,cpu         ] GC(1069) User=0.00s Sys=0.00s Real=0.00s
[127.582s][info][gc,start       ] GC(1070) Pause Young (Allocation Failure)
[127.585s][info][gc,heap        ] GC(1070) PSYoungGen: 172544K(173056K)->1024K(173056K) Eden: 171520K(171520K)->0K(171520K) From: 1024K(1536K)->1024K(1536K)
[127.585s][info][gc,heap        ] GC(1070) ParOldGen: 9958K(349696K)->10030K(349696K)
[127.585s][info][gc,metaspace   ] GC(1070) Metaspace: 14372K(15232K)->14372K(15232K) NonClass: 12391K(12864K)->12391K(12864K) Class: 1981K(2368K)->1981K(2368K)
[127.585s][info][gc             ] GC(1070) Pause Young (Allocation Failure) 178M->10M(510M) 2.346ms
[127.585s][info][gc,cpu         ] GC(1070) User=0.00s Sys=0.02s Real=0.00s
[127.705s][info][gc,start       ] GC(1071) Pause Young (Allocation Failure)
[127.707s][info][gc,heap        ] GC(1071) PSYoungGen: 172544K(173056K)->992K(173056K) Eden: 171520K(171520K)->0K(171520K) From: 1024K(1536K)->992K(1536K)
[127.707s][info][gc,heap        ] GC(1071) ParOldGen: 10030K(349696K)->10094K(349696K)
[127.707s][info][gc,metaspace   ] GC(1071) Metaspace: 14372K(15232K)->14372K(15232K) NonClass: 12391K(12864K)->12391K(12864K) Class: 1981K(2368K)->1981K(2368K)
[127.707s][info][gc             ] GC(1071) Pause Young (Allocation Failure) 178M->10M(510M) 2.364ms
[127.707s][info][gc,cpu         ] GC(1071) User=0.00s Sys=0.00s Real=0.00s
[127.826s][info][gc,start       ] GC(1072) Pause Young (Allocation Failure)
[127.828s][info][gc,heap        ] GC(1072) PSYoungGen: 172512K(173056K)->992K(173056K) Eden: 171520K(171520K)->0K(171520K) From: 992K(1536K)->992K(1536K)
[127.828s][info][gc,heap        ] GC(1072) ParOldGen: 10094K(349696K)->10142K(349696K)
[127.828s][info][gc,metaspace   ] GC(1072) Metaspace: 14372K(15232K)->14372K(15232K) NonClass: 12391K(12864K)->12391K(12864K) Class: 1981K(2368K)->1981K(2368K)
[127.828s][info][gc             ] GC(1072) Pause Young (Allocation Failure) 178M->10M(510M) 2.382ms
[127.828s][info][gc,cpu         ] GC(1072) User=0.00s Sys=0.00s Real=0.00s
[127.949s][info][gc,start       ] GC(1073) Pause Young (Allocation Failure)
[127.952s][info][gc,heap        ] GC(1073) PSYoungGen: 172512K(173056K)->1024K(173056K) Eden: 171520K(171520K)->0K(171520K) From: 992K(1536K)->1024K(1536K)
[127.952s][info][gc,heap        ] GC(1073) ParOldGen: 10142K(349696K)->10190K(349696K)
[127.952s][info][gc,metaspace   ] GC(1073) Metaspace: 14372K(15232K)->14372K(15232K) NonClass: 12391K(12864K)->12391K(12864K) Class: 1981K(2368K)->1981K(2368K)
[127.952s][info][gc             ] GC(1073) Pause Young (Allocation Failure) 178M->10M(510M) 2.436ms
[127.952s][info][gc,cpu         ] GC(1073) User=0.00s Sys=0.00s Real=0.00s
[128.071s][info][gc,start       ] GC(1074) Pause Young (Allocation Failure)
[128.073s][info][gc,heap        ] GC(1074) PSYoungGen: 172544K(173056K)->992K(173056K) Eden: 171520K(171520K)->0K(171520K) From: 1024K(1536K)->992K(1536K)
[128.073s][info][gc,heap        ] GC(1074) ParOldGen: 10190K(349696K)->10246K(349696K)
[128.073s][info][gc,metaspace   ] GC(1074) Metaspace: 14372K(15232K)->14372K(15232K) NonClass: 12391K(12864K)->12391K(12864K) Class: 1981K(2368K)->1981K(2368K)
[128.073s][info][gc             ] GC(1074) Pause Young (Allocation Failure) 178M->10M(510M) 2.472ms
[128.073s][info][gc,cpu         ] GC(1074) User=0.00s Sys=0.00s Real=0.00s
[128.193s][info][gc,start       ] GC(1075) Pause Young (Allocation Failure)
[128.196s][info][gc,heap        ] GC(1075) PSYoungGen: 172512K(173056K)->992K(173056K) Eden: 171520K(171520K)->0K(171520K) From: 992K(1536K)->992K(1536K)
[128.196s][info][gc,heap        ] GC(1075) ParOldGen: 10246K(349696K)->10278K(349696K)
[128.196s][info][gc,metaspace   ] GC(1075) Metaspace: 14372K(15232K)->14372K(15232K) NonClass: 12391K(12864K)->12391K(12864K) Class: 1981K(2368K)->1981K(2368K)
[128.196s][info][gc             ] GC(1075) Pause Young (Allocation Failure) 178M->11M(510M) 2.451ms
[128.196s][info][gc,cpu         ] GC(1075) User=0.00s Sys=0.00s Real=0.00s
[128.317s][info][gc,start       ] GC(1076) Pause Young (Allocation Failure)
[128.319s][info][gc,heap        ] GC(1076) PSYoungGen: 172512K(173056K)->992K(173056K) Eden: 171520K(171520K)->0K(171520K) From: 992K(1536K)->992K(1536K)
[128.319s][info][gc,heap        ] GC(1076) ParOldGen: 10278K(349696K)->10326K(349696K)
[128.319s][info][gc,metaspace   ] GC(1076) Metaspace: 14372K(15232K)->14372K(15232K) NonClass: 12391K(12864K)->12391K(12864K) Class: 1981K(2368K)->1981K(2368K)
[128.319s][info][gc             ] GC(1076) Pause Young (Allocation Failure) 178M->11M(510M) 2.506ms
[128.319s][info][gc,cpu         ] GC(1076) User=0.00s Sys=0.00s Real=0.00s
[128.440s][info][gc,start       ] GC(1077) Pause Young (Allocation Failure)
[128.443s][info][gc,heap        ] GC(1077) PSYoungGen: 172512K(173056K)->1024K(173056K) Eden: 171520K(171520K)->0K(171520K) From: 992K(1536K)->1024K(1536K)
[128.443s][info][gc,heap        ] GC(1077) ParOldGen: 10326K(349696K)->10382K(349696K)
[128.443s][info][gc,metaspace   ] GC(1077) Metaspace: 14372K(15232K)->14372K(15232K) NonClass: 12391K(12864K)->12391K(12864K) Class: 1981K(2368K)->1981K(2368K)
[128.443s][info][gc             ] GC(1077) Pause Young (Allocation Failure) 178M->11M(510M) 2.503ms
[128.443s][info][gc,cpu         ] GC(1077) User=0.52s Sys=0.00s Real=0.00s
[128.564s][info][gc,start       ] GC(1078) Pause Young (Allocation Failure)
[128.566s][info][gc,heap        ] GC(1078) PSYoungGen: 172544K(173056K)->1024K(173056K) Eden: 171520K(171520K)->0K(171520K) From: 1024K(1536K)->1024K(1536K)
[128.566s][info][gc,heap        ] GC(1078) ParOldGen: 10382K(349696K)->10430K(349696K)
[128.566s][info][gc,metaspace   ] GC(1078) Metaspace: 14372K(15232K)->14372K(15232K) NonClass: 12391K(12864K)->12391K(12864K) Class: 1981K(2368K)->1981K(2368K)
[128.567s][info][gc             ] GC(1078) Pause Young (Allocation Failure) 178M->11M(510M) 2.551ms
[128.567s][info][gc,cpu         ] GC(1078) User=0.00s Sys=0.00s Real=0.00s
[128.688s][info][gc,start       ] GC(1079) Pause Young (Allocation Failure)
[128.690s][info][gc,heap        ] GC(1079) PSYoungGen: 172544K(173056K)->1024K(173056K) Eden: 171520K(171520K)->0K(171520K) From: 1024K(1536K)->1024K(1536K)
[128.690s][info][gc,heap        ] GC(1079) ParOldGen: 10430K(349696K)->10470K(349696K)
[128.690s][info][gc,metaspace   ] GC(1079) Metaspace: 14372K(15232K)->14372K(15232K) NonClass: 12391K(12864K)->12391K(12864K) Class: 1981K(2368K)->1981K(2368K)
[128.690s][info][gc             ] GC(1079) Pause Young (Allocation Failure) 178M->11M(510M) 2.565ms
[128.690s][info][gc,cpu         ] GC(1079) User=0.00s Sys=0.00s Real=0.00s
[128.809s][info][gc,start       ] GC(1080) Pause Young (Allocation Failure)
[128.811s][info][gc,heap        ] GC(1080) PSYoungGen: 172544K(173056K)->1024K(173056K) Eden: 171520K(171520K)->0K(171520K) From: 1024K(1536K)->1024K(1536K)
[128.811s][info][gc,heap        ] GC(1080) ParOldGen: 10470K(349696K)->10534K(349696K)
[128.811s][info][gc,metaspace   ] GC(1080) Metaspace: 14372K(15232K)->14372K(15232K) NonClass: 12391K(12864K)->12391K(12864K) Class: 1981K(2368K)->1981K(2368K)
[128.811s][info][gc             ] GC(1080) Pause Young (Allocation Failure) 178M->11M(510M) 2.558ms
[128.811s][info][gc,cpu         ] GC(1080) User=0.00s Sys=0.00s Real=0.00s
[128.932s][info][gc,start       ] GC(1081) Pause Young (Allocation Failure)
[128.934s][info][gc,heap        ] GC(1081) PSYoungGen: 172544K(173056K)->1024K(173056K) Eden: 171520K(171520K)->0K(171520K) From: 1024K(1536K)->1024K(1536K)
[128.934s][info][gc,heap        ] GC(1081) ParOldGen: 10534K(349696K)->10598K(349696K)
[128.935s][info][gc,metaspace   ] GC(1081) Metaspace: 14372K(15232K)->14372K(15232K) NonClass: 12391K(12864K)->12391K(12864K) Class: 1981K(2368K)->1981K(2368K)
[128.935s][info][gc             ] GC(1081) Pause Young (Allocation Failure) 178M->11M(510M) 2.574ms
[128.935s][info][gc,cpu         ] GC(1081) User=0.00s Sys=0.00s Real=0.00s
[129.054s][info][gc,start       ] GC(1082) Pause Young (Allocation Failure)
[129.056s][info][gc,heap        ] GC(1082) PSYoungGen: 172544K(173056K)->1024K(173056K) Eden: 171520K(171520K)->0K(171520K) From: 1024K(1536K)->1024K(1536K)
[129.056s][info][gc,heap        ] GC(1082) ParOldGen: 10598K(349696K)->10646K(349696K)
[129.056s][info][gc,metaspace   ] GC(1082) Metaspace: 14372K(15232K)->14372K(15232K) NonClass: 12391K(12864K)->12391K(12864K) Class: 1981K(2368K)->1981K(2368K)
[129.056s][info][gc             ] GC(1082) Pause Young (Allocation Failure) 178M->11M(510M) 2.600ms
[129.056s][info][gc,cpu         ] GC(1082) User=0.00s Sys=0.00s Real=0.00s
[129.177s][info][gc,start       ] GC(1083) Pause Young (Allocation Failure)
[129.180s][info][gc,heap        ] GC(1083) PSYoungGen: 172544K(173056K)->1024K(173056K) Eden: 171520K(171520K)->0K(171520K) From: 1024K(1536K)->1024K(1536K)
[129.180s][info][gc,heap        ] GC(1083) ParOldGen: 10646K(349696K)->10686K(349696K)
[129.180s][info][gc,metaspace   ] GC(1083) Metaspace: 14372K(15232K)->14372K(15232K) NonClass: 12391K(12864K)->12391K(12864K) Class: 1981K(2368K)->1981K(2368K)
[129.180s][info][gc             ] GC(1083) Pause Young (Allocation Failure) 178M->11M(510M) 2.630ms
[129.180s][info][gc,cpu         ] GC(1083) User=0.00s Sys=0.00s Real=0.00s
[129.401s][info][gc,start       ] GC(1084) Pause Young (Allocation Failure)
[129.405s][info][gc,heap        ] GC(1084) PSYoungGen: 172544K(173056K)->1024K(173056K) Eden: 171520K(171520K)->0K(171520K) From: 1024K(1536K)->1024K(1536K)
[129.405s][info][gc,heap        ] GC(1084) ParOldGen: 10686K(349696K)->10742K(349696K)
[129.405s][info][gc,metaspace   ] GC(1084) Metaspace: 14372K(15232K)->14372K(15232K) NonClass: 12391K(12864K)->12391K(12864K) Class: 1981K(2368K)->1981K(2368K)
[129.405s][info][gc             ] GC(1084) Pause Young (Allocation Failure) 178M->11M(510M) 3.514ms
[129.405s][info][gc,cpu         ] GC(1084) User=0.00s Sys=0.00s Real=0.00s
[129.534s][info][gc,start       ] GC(1085) Pause Young (Allocation Failure)
[129.536s][info][gc,heap        ] GC(1085) PSYoungGen: 172544K(173056K)->1024K(173056K) Eden: 171520K(171520K)->0K(171520K) From: 1024K(1536K)->1024K(1536K)
[129.536s][info][gc,heap        ] GC(1085) ParOldGen: 10742K(349696K)->10790K(349696K)
[129.536s][info][gc,metaspace   ] GC(1085) Metaspace: 14372K(15232K)->14372K(15232K) NonClass: 12391K(12864K)->12391K(12864K) Class: 1981K(2368K)->1981K(2368K)
[129.536s][info][gc             ] GC(1085) Pause Young (Allocation Failure) 178M->11M(510M) 2.536ms
[129.536s][info][gc,cpu         ] GC(1085) User=0.52s Sys=0.00s Real=0.00s
[129.657s][info][gc,start       ] GC(1086) Pause Young (Allocation Failure)
[129.659s][info][gc,heap        ] GC(1086) PSYoungGen: 172544K(173056K)->992K(173056K) Eden: 171520K(171520K)->0K(171520K) From: 1024K(1536K)->992K(1536K)
[129.659s][info][gc,heap        ] GC(1086) ParOldGen: 10790K(349696K)->10838K(349696K)
[129.659s][info][gc,metaspace   ] GC(1086) Metaspace: 14372K(15232K)->14372K(15232K) NonClass: 12391K(12864K)->12391K(12864K) Class: 1981K(2368K)->1981K(2368K)
[129.659s][info][gc             ] GC(1086) Pause Young (Allocation Failure) 179M->11M(510M) 2.430ms
[129.659s][info][gc,cpu         ] GC(1086) User=0.00s Sys=0.00s Real=0.00s
[129.781s][info][gc,start       ] GC(1087) Pause Young (Allocation Failure)
[129.784s][info][gc,heap        ] GC(1087) PSYoungGen: 172512K(173056K)->992K(173056K) Eden: 171520K(171520K)->0K(171520K) From: 992K(1536K)->992K(1536K)
[129.784s][info][gc,heap        ] GC(1087) ParOldGen: 10838K(349696K)->10902K(349696K)
[129.784s][info][gc,metaspace   ] GC(1087) Metaspace: 14372K(15232K)->14372K(15232K) NonClass: 12391K(12864K)->12391K(12864K) Class: 1981K(2368K)->1981K(2368K)
[129.784s][info][gc             ] GC(1087) Pause Young (Allocation Failure) 179M->11M(510M) 2.369ms
[129.784s][info][gc,cpu         ] GC(1087) User=0.00s Sys=0.00s Real=0.00s
[129.903s][info][gc,start       ] GC(1088) Pause Young (Allocation Failure)
[129.906s][info][gc,heap        ] GC(1088) PSYoungGen: 172512K(173056K)->992K(173056K) Eden: 171520K(171520K)->0K(171520K) From: 992K(1536K)->992K(1536K)
[129.906s][info][gc,heap        ] GC(1088) ParOldGen: 10902K(349696K)->10950K(349696K)
[129.906s][info][gc,metaspace   ] GC(1088) Metaspace: 14372K(15232K)->14372K(15232K) NonClass: 12391K(12864K)->12391K(12864K) Class: 1981K(2368K)->1981K(2368K)
[129.906s][info][gc             ] GC(1088) Pause Young (Allocation Failure) 179M->11M(510M) 2.364ms
[129.906s][info][gc,cpu         ] GC(1088) User=0.00s Sys=0.00s Real=0.00s
[130.025s][info][gc,start       ] GC(1089) Pause Young (Allocation Failure)
[130.027s][info][gc,heap        ] GC(1089) PSYoungGen: 172512K(173056K)->960K(173056K) Eden: 171520K(171520K)->0K(171520K) From: 992K(1536K)->960K(1536K)
[130.027s][info][gc,heap        ] GC(1089) ParOldGen: 10950K(349696K)->10998K(349696K)
[130.027s][info][gc,metaspace   ] GC(1089) Metaspace: 14372K(15232K)->14372K(15232K) NonClass: 12391K(12864K)->12391K(12864K) Class: 1981K(2368K)->1981K(2368K)
[130.027s][info][gc             ] GC(1089) Pause Young (Allocation Failure) 179M->11M(510M) 2.404ms
[130.027s][info][gc,cpu         ] GC(1089) User=0.00s Sys=0.00s Real=0.00s
[130.157s][info][gc,start       ] GC(1090) Pause Young (Allocation Failure)
[130.159s][info][gc,heap        ] GC(1090) PSYoungGen: 172480K(173056K)->992K(173056K) Eden: 171520K(171520K)->0K(171520K) From: 960K(1536K)->992K(1536K)
[130.159s][info][gc,heap        ] GC(1090) ParOldGen: 10998K(349696K)->11062K(349696K)
[130.159s][info][gc,metaspace   ] GC(1090) Metaspace: 14372K(15232K)->14372K(15232K) NonClass: 12391K(12864K)->12391K(12864K) Class: 1981K(2368K)->1981K(2368K)
[130.159s][info][gc             ] GC(1090) Pause Young (Allocation Failure) 179M->11M(510M) 2.366ms
[130.159s][info][gc,cpu         ] GC(1090) User=0.00s Sys=0.00s Real=0.00s
[130.285s][info][gc,start       ] GC(1091) Pause Young (Allocation Failure)
[130.288s][info][gc,heap        ] GC(1091) PSYoungGen: 172512K(173056K)->1024K(173056K) Eden: 171520K(171520K)->0K(171520K) From: 992K(1536K)->1024K(1536K)
[130.288s][info][gc,heap        ] GC(1091) ParOldGen: 11062K(349696K)->11126K(349696K)
[130.288s][info][gc,metaspace   ] GC(1091) Metaspace: 14372K(15232K)->14372K(15232K) NonClass: 12391K(12864K)->12391K(12864K) Class: 1981K(2368K)->1981K(2368K)
[130.288s][info][gc             ] GC(1091) Pause Young (Allocation Failure) 179M->11M(510M) 2.194ms
[130.288s][info][gc,cpu         ] GC(1091) User=0.00s Sys=0.00s Real=0.00s
[130.405s][info][gc,start       ] GC(1092) Pause Young (Allocation Failure)
[130.407s][info][gc,heap        ] GC(1092) PSYoungGen: 172544K(173056K)->1024K(173056K) Eden: 171520K(171520K)->0K(171520K) From: 1024K(1536K)->1024K(1536K)
[130.407s][info][gc,heap        ] GC(1092) ParOldGen: 11126K(349696K)->11174K(349696K)
[130.407s][info][gc,metaspace   ] GC(1092) Metaspace: 14372K(15232K)->14372K(15232K) NonClass: 12391K(12864K)->12391K(12864K) Class: 1981K(2368K)->1981K(2368K)
[130.407s][info][gc             ] GC(1092) Pause Young (Allocation Failure) 179M->11M(510M) 2.180ms
[130.407s][info][gc,cpu         ] GC(1092) User=0.00s Sys=0.00s Real=0.00s
[130.526s][info][gc,start       ] GC(1093) Pause Young (Allocation Failure)
[130.528s][info][gc,heap        ] GC(1093) PSYoungGen: 172544K(173056K)->992K(173056K) Eden: 171520K(171520K)->0K(171520K) From: 1024K(1536K)->992K(1536K)
[130.528s][info][gc,heap        ] GC(1093) ParOldGen: 11174K(349696K)->11230K(349696K)
[130.528s][info][gc,metaspace   ] GC(1093) Metaspace: 14372K(15232K)->14372K(15232K) NonClass: 12391K(12864K)->12391K(12864K) Class: 1981K(2368K)->1981K(2368K)
[130.528s][info][gc             ] GC(1093) Pause Young (Allocation Failure) 179M->11M(510M) 2.194ms
[130.528s][info][gc,cpu         ] GC(1093) User=0.00s Sys=0.00s Real=0.00s
[130.645s][info][gc,start       ] GC(1094) Pause Young (Allocation Failure)
[130.648s][info][gc,heap        ] GC(1094) PSYoungGen: 172512K(173056K)->992K(173056K) Eden: 171520K(171520K)->0K(171520K) From: 992K(1536K)->992K(1536K)
[130.648s][info][gc,heap        ] GC(1094) ParOldGen: 11230K(349696K)->11286K(349696K)
[130.648s][info][gc,metaspace   ] GC(1094) Metaspace: 14372K(15232K)->14372K(15232K) NonClass: 12391K(12864K)->12391K(12864K) Class: 1981K(2368K)->1981K(2368K)
[130.648s][info][gc             ] GC(1094) Pause Young (Allocation Failure) 179M->11M(510M) 2.286ms
[130.648s][info][gc,cpu         ] GC(1094) User=0.00s Sys=0.00s Real=0.00s
[130.766s][info][gc,start       ] GC(1095) Pause Young (Allocation Failure)
[130.768s][info][gc,heap        ] GC(1095) PSYoungGen: 172512K(173056K)->1024K(173056K) Eden: 171520K(171520K)->0K(171520K) From: 992K(1536K)->1024K(1536K)
[130.768s][info][gc,heap        ] GC(1095) ParOldGen: 11286K(349696K)->11350K(349696K)
[130.768s][info][gc,metaspace   ] GC(1095) Metaspace: 14372K(15232K)->14372K(15232K) NonClass: 12391K(12864K)->12391K(12864K) Class: 1981K(2368K)->1981K(2368K)
[130.768s][info][gc             ] GC(1095) Pause Young (Allocation Failure) 179M->12M(510M) 2.287ms
[130.768s][info][gc,cpu         ] GC(1095) User=0.00s Sys=0.00s Real=0.00s
[130.890s][info][gc,start       ] GC(1096) Pause Young (Allocation Failure)
[130.892s][info][gc,heap        ] GC(1096) PSYoungGen: 172544K(173056K)->992K(173056K) Eden: 171520K(171520K)->0K(171520K) From: 1024K(1536K)->992K(1536K)
[130.892s][info][gc,heap        ] GC(1096) ParOldGen: 11350K(349696K)->11414K(349696K)
[130.892s][info][gc,metaspace   ] GC(1096) Metaspace: 14372K(15232K)->14372K(15232K) NonClass: 12391K(12864K)->12391K(12864K) Class: 1981K(2368K)->1981K(2368K)
[130.892s][info][gc             ] GC(1096) Pause Young (Allocation Failure) 179M->12M(510M) 2.320ms
[130.892s][info][gc,cpu         ] GC(1096) User=0.00s Sys=0.00s Real=0.00s
[131.013s][info][gc,start       ] GC(1097) Pause Young (Allocation Failure)
[131.016s][info][gc,heap        ] GC(1097) PSYoungGen: 172512K(173056K)->992K(173056K) Eden: 171520K(171520K)->0K(171520K) From: 992K(1536K)->992K(1536K)
[131.016s][info][gc,heap        ] GC(1097) ParOldGen: 11414K(349696K)->11470K(349696K)
[131.016s][info][gc,metaspace   ] GC(1097) Metaspace: 14372K(15232K)->14372K(15232K) NonClass: 12391K(12864K)->12391K(12864K) Class: 1981K(2368K)->1981K(2368K)
[131.016s][info][gc             ] GC(1097) Pause Young (Allocation Failure) 179M->12M(510M) 2.358ms
[131.016s][info][gc,cpu         ] GC(1097) User=0.00s Sys=0.00s Real=0.00s
[131.134s][info][gc,start       ] GC(1098) Pause Young (Allocation Failure)
[131.137s][info][gc,heap        ] GC(1098) PSYoungGen: 172512K(173056K)->1024K(173056K) Eden: 171520K(171520K)->0K(171520K) From: 992K(1536K)->1024K(1536K)
[131.137s][info][gc,heap        ] GC(1098) ParOldGen: 11470K(349696K)->11518K(349696K)
[131.137s][info][gc,metaspace   ] GC(1098) Metaspace: 14372K(15232K)->14372K(15232K) NonClass: 12391K(12864K)->12391K(12864K) Class: 1981K(2368K)->1981K(2368K)
[131.137s][info][gc             ] GC(1098) Pause Young (Allocation Failure) 179M->12M(510M) 2.390ms
[131.137s][info][gc,cpu         ] GC(1098) User=0.00s Sys=0.00s Real=0.00s
[131.257s][info][gc,start       ] GC(1099) Pause Young (Allocation Failure)
[131.259s][info][gc,heap        ] GC(1099) PSYoungGen: 172544K(173056K)->960K(173056K) Eden: 171520K(171520K)->0K(171520K) From: 1024K(1536K)->960K(1536K)
[131.259s][info][gc,heap        ] GC(1099) ParOldGen: 11518K(349696K)->11574K(349696K)
[131.259s][info][gc,metaspace   ] GC(1099) Metaspace: 14372K(15232K)->14372K(15232K) NonClass: 12391K(12864K)->12391K(12864K) Class: 1981K(2368K)->1981K(2368K)
[131.259s][info][gc             ] GC(1099) Pause Young (Allocation Failure) 179M->12M(510M) 2.382ms
[131.259s][info][gc,cpu         ] GC(1099) User=0.00s Sys=0.00s Real=0.00s
[131.378s][info][gc,start       ] GC(1100) Pause Young (Allocation Failure)
[131.381s][info][gc,heap        ] GC(1100) PSYoungGen: 172480K(173056K)->960K(173056K) Eden: 171520K(171520K)->0K(171520K) From: 960K(1536K)->960K(1536K)
[131.381s][info][gc,heap        ] GC(1100) ParOldGen: 11574K(349696K)->11622K(349696K)
[131.381s][info][gc,metaspace   ] GC(1100) Metaspace: 14372K(15232K)->14372K(15232K) NonClass: 12391K(12864K)->12391K(12864K) Class: 1981K(2368K)->1981K(2368K)
[131.381s][info][gc             ] GC(1100) Pause Young (Allocation Failure) 179M->12M(510M) 2.395ms
[131.381s][info][gc,cpu         ] GC(1100) User=0.52s Sys=0.00s Real=0.00s
[131.502s][info][gc,start       ] GC(1101) Pause Young (Allocation Failure)
[131.504s][info][gc,heap        ] GC(1101) PSYoungGen: 172480K(173056K)->992K(173056K) Eden: 171520K(171520K)->0K(171520K) From: 960K(1536K)->992K(1536K)
[131.504s][info][gc,heap        ] GC(1101) ParOldGen: 11622K(349696K)->11666K(349696K)
[131.504s][info][gc,metaspace   ] GC(1101) Metaspace: 14372K(15232K)->14372K(15232K) NonClass: 12391K(12864K)->12391K(12864K) Class: 1981K(2368K)->1981K(2368K)
[131.504s][info][gc             ] GC(1101) Pause Young (Allocation Failure) 179M->12M(510M) 2.410ms
[131.504s][info][gc,cpu         ] GC(1101) User=0.00s Sys=0.00s Real=0.00s
[131.623s][info][gc,start       ] GC(1102) Pause Young (Allocation Failure)
[131.625s][info][gc,heap        ] GC(1102) PSYoungGen: 172512K(173056K)->1024K(173056K) Eden: 171520K(171520K)->0K(171520K) From: 992K(1536K)->1024K(1536K)
[131.625s][info][gc,heap        ] GC(1102) ParOldGen: 11666K(349696K)->11706K(349696K)
[131.626s][info][gc,metaspace   ] GC(1102) Metaspace: 14372K(15232K)->14372K(15232K) NonClass: 12391K(12864K)->12391K(12864K) Class: 1981K(2368K)->1981K(2368K)
[131.626s][info][gc             ] GC(1102) Pause Young (Allocation Failure) 179M->12M(510M) 2.449ms
[131.626s][info][gc,cpu         ] GC(1102) User=0.00s Sys=0.00s Real=0.00s
[131.743s][info][gc,start       ] GC(1103) Pause Young (Allocation Failure)
[131.745s][info][gc,heap        ] GC(1103) PSYoungGen: 172544K(173056K)->1024K(173056K) Eden: 171520K(171520K)->0K(171520K) From: 1024K(1536K)->1024K(1536K)
[131.745s][info][gc,heap        ] GC(1103) ParOldGen: 11706K(349696K)->11762K(349696K)
[131.745s][info][gc,metaspace   ] GC(1103) Metaspace: 14372K(15232K)->14372K(15232K) NonClass: 12391K(12864K)->12391K(12864K) Class: 1981K(2368K)->1981K(2368K)
[131.745s][info][gc             ] GC(1103) Pause Young (Allocation Failure) 179M->12M(510M) 2.469ms
[131.745s][info][gc,cpu         ] GC(1103) User=0.00s Sys=0.00s Real=0.00s
[131.865s][info][gc,start       ] GC(1104) Pause Young (Allocation Failure)
[131.867s][info][gc,heap        ] GC(1104) PSYoungGen: 172544K(173056K)->1024K(173056K) Eden: 171520K(171520K)->0K(171520K) From: 1024K(1536K)->1024K(1536K)
[131.867s][info][gc,heap        ] GC(1104) ParOldGen: 11762K(349696K)->11794K(349696K)
[131.867s][info][gc,metaspace   ] GC(1104) Metaspace: 14372K(15232K)->14372K(15232K) NonClass: 12391K(12864K)->12391K(12864K) Class: 1981K(2368K)->1981K(2368K)
[131.867s][info][gc             ] GC(1104) Pause Young (Allocation Failure) 179M->12M(510M) 2.475ms
[131.867s][info][gc,cpu         ] GC(1104) User=0.00s Sys=0.00s Real=0.00s
[131.987s][info][gc,start       ] GC(1105) Pause Young (Allocation Failure)
[131.990s][info][gc,heap        ] GC(1105) PSYoungGen: 172544K(173056K)->960K(173056K) Eden: 171520K(171520K)->0K(171520K) From: 1024K(1536K)->960K(1536K)
[131.990s][info][gc,heap        ] GC(1105) ParOldGen: 11794K(349696K)->11850K(349696K)
[131.990s][info][gc,metaspace   ] GC(1105) Metaspace: 14372K(15232K)->14372K(15232K) NonClass: 12391K(12864K)->12391K(12864K) Class: 1981K(2368K)->1981K(2368K)
[131.990s][info][gc             ] GC(1105) Pause Young (Allocation Failure) 180M->12M(510M) 2.558ms
[131.990s][info][gc,cpu         ] GC(1105) User=0.52s Sys=0.00s Real=0.00s
[132.110s][info][gc,start       ] GC(1106) Pause Young (Allocation Failure)
[132.112s][info][gc,heap        ] GC(1106) PSYoungGen: 172480K(173056K)->1024K(173056K) Eden: 171520K(171520K)->0K(171520K) From: 960K(1536K)->1024K(1536K)
[132.112s][info][gc,heap        ] GC(1106) ParOldGen: 11850K(349696K)->11914K(349696K)
[132.112s][info][gc,metaspace   ] GC(1106) Metaspace: 14372K(15232K)->14372K(15232K) NonClass: 12391K(12864K)->12391K(12864K) Class: 1981K(2368K)->1981K(2368K)
[132.112s][info][gc             ] GC(1106) Pause Young (Allocation Failure) 180M->12M(510M) 2.529ms
[132.112s][info][gc,cpu         ] GC(1106) User=0.00s Sys=0.00s Real=0.00s
[132.232s][info][gc,start       ] GC(1107) Pause Young (Allocation Failure)
[132.234s][info][gc,heap        ] GC(1107) PSYoungGen: 172544K(173056K)->992K(173056K) Eden: 171520K(171520K)->0K(171520K) From: 1024K(1536K)->992K(1536K)
[132.234s][info][gc,heap        ] GC(1107) ParOldGen: 11914K(349696K)->11954K(349696K)
[132.234s][info][gc,metaspace   ] GC(1107) Metaspace: 14372K(15232K)->14372K(15232K) NonClass: 12391K(12864K)->12391K(12864K) Class: 1981K(2368K)->1981K(2368K)
[132.234s][info][gc             ] GC(1107) Pause Young (Allocation Failure) 180M->12M(510M) 2.575ms
[132.234s][info][gc,cpu         ] GC(1107) User=0.00s Sys=0.00s Real=0.00s
[132.351s][info][gc,start       ] GC(1108) Pause Young (Allocation Failure)
[132.354s][info][gc,heap        ] GC(1108) PSYoungGen: 172512K(173056K)->1024K(173056K) Eden: 171520K(171520K)->0K(171520K) From: 992K(1536K)->1024K(1536K)
[132.354s][info][gc,heap        ] GC(1108) ParOldGen: 11954K(349696K)->12010K(349696K)
[132.354s][info][gc,metaspace   ] GC(1108) Metaspace: 14372K(15232K)->14372K(15232K) NonClass: 12391K(12864K)->12391K(12864K) Class: 1981K(2368K)->1981K(2368K)
[132.354s][info][gc             ] GC(1108) Pause Young (Allocation Failure) 180M->12M(510M) 2.591ms
[132.354s][info][gc,cpu         ] GC(1108) User=0.00s Sys=0.00s Real=0.00s
[132.475s][info][gc,start       ] GC(1109) Pause Young (Allocation Failure)
[132.477s][info][gc,heap        ] GC(1109) PSYoungGen: 172544K(173056K)->1024K(173056K) Eden: 171520K(171520K)->0K(171520K) From: 1024K(1536K)->1024K(1536K)
[132.478s][info][gc,heap        ] GC(1109) ParOldGen: 12010K(349696K)->12074K(349696K)
[132.478s][info][gc,metaspace   ] GC(1109) Metaspace: 14372K(15232K)->14372K(15232K) NonClass: 12391K(12864K)->12391K(12864K) Class: 1981K(2368K)->1981K(2368K)
[132.478s][info][gc             ] GC(1109) Pause Young (Allocation Failure) 180M->12M(510M) 2.628ms
[132.478s][info][gc,cpu         ] GC(1109) User=0.00s Sys=0.00s Real=0.00s
[132.597s][info][gc,start       ] GC(1110) Pause Young (Allocation Failure)
[132.600s][info][gc,heap        ] GC(1110) PSYoungGen: 172544K(173056K)->1024K(173056K) Eden: 171520K(171520K)->0K(171520K) From: 1024K(1536K)->1024K(1536K)
[132.600s][info][gc,heap        ] GC(1110) ParOldGen: 12074K(349696K)->12130K(349696K)
[132.600s][info][gc,metaspace   ] GC(1110) Metaspace: 14372K(15232K)->14372K(15232K) NonClass: 12391K(12864K)->12391K(12864K) Class: 1981K(2368K)->1981K(2368K)
[132.600s][info][gc             ] GC(1110) Pause Young (Allocation Failure) 180M->12M(510M) 2.599ms
[132.600s][info][gc,cpu         ] GC(1110) User=0.52s Sys=0.00s Real=0.00s
[132.719s][info][gc,start       ] GC(1111) Pause Young (Allocation Failure)
[132.722s][info][gc,heap        ] GC(1111) PSYoungGen: 172544K(173056K)->992K(173056K) Eden: 171520K(171520K)->0K(171520K) From: 1024K(1536K)->992K(1536K)
[132.722s][info][gc,heap        ] GC(1111) ParOldGen: 12130K(349696K)->12194K(349696K)
[132.722s][info][gc,metaspace   ] GC(1111) Metaspace: 14372K(15232K)->14372K(15232K) NonClass: 12391K(12864K)->12391K(12864K) Class: 1981K(2368K)->1981K(2368K)
[132.722s][info][gc             ] GC(1111) Pause Young (Allocation Failure) 180M->12M(510M) 2.647ms
[132.722s][info][gc,cpu         ] GC(1111) User=0.00s Sys=0.00s Real=0.00s
[132.841s][info][gc,start       ] GC(1112) Pause Young (Allocation Failure)
[132.844s][info][gc,heap        ] GC(1112) PSYoungGen: 172512K(173056K)->1024K(173056K) Eden: 171520K(171520K)->0K(171520K) From: 992K(1536K)->1024K(1536K)
[132.844s][info][gc,heap        ] GC(1112) ParOldGen: 12194K(349696K)->12250K(349696K)
[132.844s][info][gc,metaspace   ] GC(1112) Metaspace: 14372K(15232K)->14372K(15232K) NonClass: 12391K(12864K)->12391K(12864K) Class: 1981K(2368K)->1981K(2368K)
[132.844s][info][gc             ] GC(1112) Pause Young (Allocation Failure) 180M->12M(510M) 2.708ms
[132.844s][info][gc,cpu         ] GC(1112) User=0.00s Sys=0.00s Real=0.00s
[132.961s][info][gc,start       ] GC(1113) Pause Young (Allocation Failure)
[132.964s][info][gc,heap        ] GC(1113) PSYoungGen: 172544K(173056K)->960K(173056K) Eden: 171520K(171520K)->0K(171520K) From: 1024K(1536K)->960K(1536K)
[132.964s][info][gc,heap        ] GC(1113) ParOldGen: 12250K(349696K)->12298K(349696K)
[132.964s][info][gc,metaspace   ] GC(1113) Metaspace: 14372K(15232K)->14372K(15232K) NonClass: 12391K(12864K)->12391K(12864K) Class: 1981K(2368K)->1981K(2368K)
[132.964s][info][gc             ] GC(1113) Pause Young (Allocation Failure) 180M->12M(510M) 2.669ms
[132.964s][info][gc,cpu         ] GC(1113) User=0.00s Sys=0.00s Real=0.00s
[133.193s][info][gc,start       ] GC(1114) Pause Young (Allocation Failure)
[133.197s][info][gc,heap        ] GC(1114) PSYoungGen: 172480K(173056K)->1024K(173056K) Eden: 171520K(171520K)->0K(171520K) From: 960K(1536K)->1024K(1536K)
[133.197s][info][gc,heap        ] GC(1114) ParOldGen: 12298K(349696K)->12338K(349696K)
[133.197s][info][gc,metaspace   ] GC(1114) Metaspace: 14372K(15232K)->14372K(15232K) NonClass: 12391K(12864K)->12391K(12864K) Class: 1981K(2368K)->1981K(2368K)
[133.197s][info][gc             ] GC(1114) Pause Young (Allocation Failure) 180M->13M(510M) 3.611ms
[133.197s][info][gc,cpu         ] GC(1114) User=0.00s Sys=0.00s Real=0.00s
[133.329s][info][gc,start       ] GC(1115) Pause Young (Allocation Failure)
[133.332s][info][gc,heap        ] GC(1115) PSYoungGen: 172544K(173056K)->992K(173056K) Eden: 171520K(171520K)->0K(171520K) From: 1024K(1536K)->992K(1536K)
[133.332s][info][gc,heap        ] GC(1115) ParOldGen: 12338K(349696K)->12386K(349696K)
[133.332s][info][gc,metaspace   ] GC(1115) Metaspace: 14372K(15232K)->14372K(15232K) NonClass: 12391K(12864K)->12391K(12864K) Class: 1981K(2368K)->1981K(2368K)
[133.332s][info][gc             ] GC(1115) Pause Young (Allocation Failure) 180M->13M(510M) 2.548ms
[133.332s][info][gc,cpu         ] GC(1115) User=0.00s Sys=0.00s Real=0.00s
[133.466s][info][gc,start       ] GC(1116) Pause Young (Allocation Failure)
[133.468s][info][gc,heap        ] GC(1116) PSYoungGen: 172512K(173056K)->960K(173056K) Eden: 171520K(171520K)->0K(171520K) From: 992K(1536K)->960K(1536K)
[133.468s][info][gc,heap        ] GC(1116) ParOldGen: 12386K(349696K)->12458K(349696K)
[133.468s][info][gc,metaspace   ] GC(1116) Metaspace: 14372K(15232K)->14372K(15232K) NonClass: 12391K(12864K)->12391K(12864K) Class: 1981K(2368K)->1981K(2368K)
[133.468s][info][gc             ] GC(1116) Pause Young (Allocation Failure) 180M->13M(510M) 2.566ms
[133.468s][info][gc,cpu         ] GC(1116) User=0.00s Sys=0.00s Real=0.00s
[133.600s][info][gc,start       ] GC(1117) Pause Young (Allocation Failure)
[133.603s][info][gc,heap        ] GC(1117) PSYoungGen: 172480K(173056K)->992K(173056K) Eden: 171520K(171520K)->0K(171520K) From: 960K(1536K)->992K(1536K)
[133.603s][info][gc,heap        ] GC(1117) ParOldGen: 12458K(349696K)->12514K(349696K)
[133.603s][info][gc,metaspace   ] GC(1117) Metaspace: 14372K(15232K)->14372K(15232K) NonClass: 12391K(12864K)->12391K(12864K) Class: 1981K(2368K)->1981K(2368K)
[133.603s][info][gc             ] GC(1117) Pause Young (Allocation Failure) 180M->13M(510M) 2.368ms
[133.603s][info][gc,cpu         ] GC(1117) User=0.00s Sys=0.00s Real=0.00s
[133.722s][info][gc,start       ] GC(1118) Pause Young (Allocation Failure)
[133.724s][info][gc,heap        ] GC(1118) PSYoungGen: 172512K(173056K)->1024K(173056K) Eden: 171520K(171520K)->0K(171520K) From: 992K(1536K)->1024K(1536K)
[133.724s][info][gc,heap        ] GC(1118) ParOldGen: 12514K(349696K)->12562K(349696K)
[133.724s][info][gc,metaspace   ] GC(1118) Metaspace: 14372K(15232K)->14372K(15232K) NonClass: 12391K(12864K)->12391K(12864K) Class: 1981K(2368K)->1981K(2368K)
[133.724s][info][gc             ] GC(1118) Pause Young (Allocation Failure) 180M->13M(510M) 2.329ms
[133.724s][info][gc,cpu         ] GC(1118) User=0.52s Sys=0.00s Real=0.00s
[133.834s][info][gc,start       ] GC(1119) Pause Young (Allocation Failure)
[133.836s][info][gc,heap        ] GC(1119) PSYoungGen: 172544K(173056K)->992K(173056K) Eden: 171520K(171520K)->0K(171520K) From: 1024K(1536K)->992K(1536K)
[133.836s][info][gc,heap        ] GC(1119) ParOldGen: 12562K(349696K)->12610K(349696K)
[133.836s][info][gc,metaspace   ] GC(1119) Metaspace: 14372K(15232K)->14372K(15232K) NonClass: 12391K(12864K)->12391K(12864K) Class: 1981K(2368K)->1981K(2368K)
[133.836s][info][gc             ] GC(1119) Pause Young (Allocation Failure) 180M->13M(510M) 2.390ms
[133.836s][info][gc,cpu         ] GC(1119) User=0.00s Sys=0.00s Real=0.00s
[133.940s][info][gc,start       ] GC(1120) Pause Young (Allocation Failure)
[133.942s][info][gc,heap        ] GC(1120) PSYoungGen: 172512K(173056K)->928K(173056K) Eden: 171520K(171520K)->0K(171520K) From: 992K(1536K)->928K(1536K)
[133.942s][info][gc,heap        ] GC(1120) ParOldGen: 12610K(349696K)->12658K(349696K)
[133.942s][info][gc,metaspace   ] GC(1120) Metaspace: 14372K(15232K)->14372K(15232K) NonClass: 12391K(12864K)->12391K(12864K) Class: 1981K(2368K)->1981K(2368K)
[133.942s][info][gc             ] GC(1120) Pause Young (Allocation Failure) 180M->13M(510M) 2.374ms
[133.942s][info][gc,cpu         ] GC(1120) User=0.52s Sys=0.00s Real=0.00s
[134.037s][info][gc,start       ] GC(1121) Pause Young (Allocation Failure)
[134.040s][info][gc,heap        ] GC(1121) PSYoungGen: 172448K(173056K)->800K(173056K) Eden: 171520K(171520K)->0K(171520K) From: 928K(1536K)->800K(1536K)
[134.040s][info][gc,heap        ] GC(1121) ParOldGen: 12658K(349696K)->12706K(349696K)
[134.040s][info][gc,metaspace   ] GC(1121) Metaspace: 14372K(15232K)->14372K(15232K) NonClass: 12391K(12864K)->12391K(12864K) Class: 1981K(2368K)->1981K(2368K)
[134.040s][info][gc             ] GC(1121) Pause Young (Allocation Failure) 180M->13M(510M) 2.472ms
[134.040s][info][gc,cpu         ] GC(1121) User=0.00s Sys=0.00s Real=0.00s
[134.112s][info][gc,start       ] GC(1122) Pause Young (Allocation Failure)
[134.114s][info][gc,heap        ] GC(1122) PSYoungGen: 172320K(173056K)->768K(173056K) Eden: 171520K(171520K)->0K(171520K) From: 800K(1536K)->768K(1536K)
[134.114s][info][gc,heap        ] GC(1122) ParOldGen: 12706K(349696K)->12738K(349696K)
[134.114s][info][gc,metaspace   ] GC(1122) Metaspace: 14372K(15232K)->14372K(15232K) NonClass: 12391K(12864K)->12391K(12864K) Class: 1981K(2368K)->1981K(2368K)
[134.114s][info][gc             ] GC(1122) Pause Young (Allocation Failure) 180M->13M(510M) 2.511ms
[134.114s][info][gc,cpu         ] GC(1122) User=0.52s Sys=0.00s Real=0.00s
[134.184s][info][gc,start       ] GC(1123) Pause Young (Allocation Failure)
[134.199s][info][gc,heap        ] GC(1123) PSYoungGen: 172288K(173056K)->736K(173056K) Eden: 171520K(171520K)->0K(171520K) From: 768K(1536K)->736K(1536K)
[134.199s][info][gc,heap        ] GC(1123) ParOldGen: 12738K(349696K)->12770K(349696K)
[134.199s][info][gc,metaspace   ] GC(1123) Metaspace: 14372K(15232K)->14372K(15232K) NonClass: 12391K(12864K)->12391K(12864K) Class: 1981K(2368K)->1981K(2368K)
[134.199s][info][gc             ] GC(1123) Pause Young (Allocation Failure) 180M->13M(510M) 14.744ms
[134.199s][info][gc,cpu         ] GC(1123) User=0.00s Sys=0.00s Real=0.01s
[134.295s][info][gc,start       ] GC(1124) Pause Young (Allocation Failure)
[134.297s][info][gc,heap        ] GC(1124) PSYoungGen: 172256K(173056K)->448K(173056K) Eden: 171520K(171520K)->0K(171520K) From: 736K(1536K)->448K(1536K)
[134.297s][info][gc,heap        ] GC(1124) ParOldGen: 12770K(349696K)->12802K(349696K)
[134.297s][info][gc,metaspace   ] GC(1124) Metaspace: 14372K(15232K)->14372K(15232K) NonClass: 12391K(12864K)->12391K(12864K) Class: 1981K(2368K)->1981K(2368K)
[134.297s][info][gc             ] GC(1124) Pause Young (Allocation Failure) 180M->12M(510M) 2.386ms
[134.297s][info][gc,cpu         ] GC(1124) User=0.00s Sys=0.00s Real=0.00s
[134.499s][info][gc,start       ] GC(1125) Pause Young (Allocation Failure)
[134.501s][info][gc,heap        ] GC(1125) PSYoungGen: 171968K(173056K)->384K(173056K) Eden: 171520K(171520K)->0K(171520K) From: 448K(1536K)->384K(1536K)
[134.501s][info][gc,heap        ] GC(1125) ParOldGen: 12802K(349696K)->12850K(349696K)
[134.502s][info][gc,metaspace   ] GC(1125) Metaspace: 14372K(15232K)->14372K(15232K) NonClass: 12391K(12864K)->12391K(12864K) Class: 1981K(2368K)->1981K(2368K)
[134.502s][info][gc             ] GC(1125) Pause Young (Allocation Failure) 180M->12M(510M) 2.752ms
[134.502s][info][gc,cpu         ] GC(1125) User=0.00s Sys=0.00s Real=0.00s
[134.530s][info][gc,start       ] GC(1126) Pause Young (System.gc())
[134.532s][info][gc,heap        ] GC(1126) PSYoungGen: 9375K(173056K)->96K(173056K) Eden: 8991K(171520K)->0K(171520K) From: 384K(1536K)->96K(1536K)
[134.532s][info][gc,heap        ] GC(1126) ParOldGen: 12850K(349696K)->12922K(349696K)
[134.532s][info][gc,metaspace   ] GC(1126) Metaspace: 14372K(15232K)->14372K(15232K) NonClass: 12391K(12864K)->12391K(12864K) Class: 1981K(2368K)->1981K(2368K)
[134.532s][info][gc             ] GC(1126) Pause Young (System.gc()) 21M->12M(510M) 2.433ms
[134.532s][info][gc,cpu         ] GC(1126) User=0.00s Sys=0.00s Real=0.00s
[134.532s][info][gc,start       ] GC(1127) Pause Full (System.gc())
[134.532s][info][gc,phases,start] GC(1127) Marking Phase
[134.544s][info][gc,phases      ] GC(1127) Marking Phase 11.987ms
[134.545s][info][gc,phases,start] GC(1127) Summary Phase
[134.545s][info][gc,phases      ] GC(1127) Summary Phase 0.018ms
[134.545s][info][gc,phases,start] GC(1127) Adjust Roots
[134.550s][info][gc,phases      ] GC(1127) Adjust Roots 5.457ms
[134.550s][info][gc,phases,start] GC(1127) Compaction Phase
[134.552s][info][gc,phases      ] GC(1127) Compaction Phase 1.643ms
[134.552s][info][gc,phases,start] GC(1127) Post Compact
[134.552s][info][gc,phases      ] GC(1127) Post Compact 0.236ms
[134.552s][info][gc,heap        ] GC(1127) PSYoungGen: 96K(173056K)->0K(173056K) Eden: 0K(171520K)->0K(171520K) From: 96K(1536K)->0K(1536K)
[134.552s][info][gc,heap        ] GC(1127) ParOldGen: 12922K(349696K)->5380K(349696K)
[134.552s][info][gc,metaspace   ] GC(1127) Metaspace: 14372K(15232K)->14372K(15232K) NonClass: 12391K(12864K)->12391K(12864K) Class: 1981K(2368K)->1981K(2368K)
[134.552s][info][gc             ] GC(1127) Pause Full (System.gc()) 12M->5M(510M) 19.811ms
[134.552s][info][gc,cpu         ] GC(1127) User=0.02s Sys=0.00s Real=0.01s
[134.695s][info][gc,start       ] GC(1128) Pause Young (Allocation Failure)
[134.697s][info][gc,heap        ] GC(1128) PSYoungGen: 171520K(173056K)->1536K(172032K) Eden: 171520K(171520K)->0K(170496K) From: 0K(1536K)->1536K(1536K)
[134.698s][info][gc,heap        ] GC(1128) ParOldGen: 5380K(349696K)->5882K(349696K)
[134.698s][info][gc,metaspace   ] GC(1128) Metaspace: 14372K(15232K)->14372K(15232K) NonClass: 12391K(12864K)->12391K(12864K) Class: 1981K(2368K)->1981K(2368K)
[134.698s][info][gc             ] GC(1128) Pause Young (Allocation Failure) 172M->7M(509M) 2.656ms
[134.698s][info][gc,cpu         ] GC(1128) User=0.00s Sys=0.00s Real=0.00s
[134.816s][info][gc,start       ] GC(1129) Pause Young (Allocation Failure)
[134.819s][info][gc,heap        ] GC(1129) PSYoungGen: 172032K(172032K)->1024K(172544K) Eden: 170496K(170496K)->0K(170496K) From: 1536K(1536K)->1024K(2048K)
[134.819s][info][gc,heap        ] GC(1129) ParOldGen: 5882K(349696K)->7037K(349696K)
[134.819s][info][gc,metaspace   ] GC(1129) Metaspace: 14372K(15232K)->14372K(15232K) NonClass: 12391K(12864K)->12391K(12864K) Class: 1981K(2368K)->1981K(2368K)
[134.819s][info][gc             ] GC(1129) Pause Young (Allocation Failure) 173M->7M(510M) 2.506ms
[134.819s][info][gc,cpu         ] GC(1129) User=0.34s Sys=0.02s Real=0.00s
[134.940s][info][gc,start       ] GC(1130) Pause Young (Allocation Failure)
[134.942s][info][gc,heap        ] GC(1130) PSYoungGen: 171520K(172544K)->992K(172544K) Eden: 170496K(170496K)->0K(170496K) From: 1024K(2048K)->992K(2048K)
[134.942s][info][gc,heap        ] GC(1130) ParOldGen: 7037K(349696K)->7109K(349696K)
[134.942s][info][gc,metaspace   ] GC(1130) Metaspace: 14372K(15232K)->14372K(15232K) NonClass: 12391K(12864K)->12391K(12864K) Class: 1981K(2368K)->1981K(2368K)
[134.942s][info][gc             ] GC(1130) Pause Young (Allocation Failure) 174M->7M(510M) 2.426ms
[134.942s][info][gc,cpu         ] GC(1130) User=0.52s Sys=0.00s Real=0.00s
[135.063s][info][gc,start       ] GC(1131) Pause Young (Allocation Failure)
[135.066s][info][gc,heap        ] GC(1131) PSYoungGen: 171488K(172544K)->1024K(172544K) Eden: 170496K(170496K)->0K(170496K) From: 992K(2048K)->1024K(2048K)
[135.066s][info][gc,heap        ] GC(1131) ParOldGen: 7109K(349696K)->7189K(349696K)
[135.066s][info][gc,metaspace   ] GC(1131) Metaspace: 14372K(15232K)->14372K(15232K) NonClass: 12391K(12864K)->12391K(12864K) Class: 1981K(2368K)->1981K(2368K)
[135.066s][info][gc             ] GC(1131) Pause Young (Allocation Failure) 174M->8M(510M) 2.439ms
[135.066s][info][gc,cpu         ] GC(1131) User=0.00s Sys=0.00s Real=0.00s
[135.187s][info][gc,start       ] GC(1132) Pause Young (Allocation Failure)
[135.189s][info][gc,heap        ] GC(1132) PSYoungGen: 171520K(172544K)->1024K(172544K) Eden: 170496K(170496K)->0K(170496K) From: 1024K(2048K)->1024K(2048K)
[135.189s][info][gc,heap        ] GC(1132) ParOldGen: 7189K(349696K)->7221K(349696K)
[135.189s][info][gc,metaspace   ] GC(1132) Metaspace: 14372K(15232K)->14372K(15232K) NonClass: 12391K(12864K)->12391K(12864K) Class: 1981K(2368K)->1981K(2368K)
[135.189s][info][gc             ] GC(1132) Pause Young (Allocation Failure) 174M->8M(510M) 2.519ms
[135.189s][info][gc,cpu         ] GC(1132) User=0.00s Sys=0.00s Real=0.00s
[135.309s][info][gc,start       ] GC(1133) Pause Young (Allocation Failure)
[135.312s][info][gc,heap        ] GC(1133) PSYoungGen: 171520K(172544K)->992K(172544K) Eden: 170496K(170496K)->0K(170496K) From: 1024K(2048K)->992K(2048K)
[135.312s][info][gc,heap        ] GC(1133) ParOldGen: 7221K(349696K)->7253K(349696K)
[135.312s][info][gc,metaspace   ] GC(1133) Metaspace: 14372K(15232K)->14372K(15232K) NonClass: 12391K(12864K)->12391K(12864K) Class: 1981K(2368K)->1981K(2368K)
[135.312s][info][gc             ] GC(1133) Pause Young (Allocation Failure) 174M->8M(510M) 2.473ms
[135.312s][info][gc,cpu         ] GC(1133) User=0.00s Sys=0.00s Real=0.00s
[135.434s][info][gc,start       ] GC(1134) Pause Young (Allocation Failure)
[135.436s][info][gc,heap        ] GC(1134) PSYoungGen: 171488K(172544K)->992K(171520K) Eden: 170496K(170496K)->0K(170496K) From: 992K(2048K)->992K(1024K)
[135.436s][info][gc,heap        ] GC(1134) ParOldGen: 7253K(349696K)->7325K(349696K)
[135.436s][info][gc,metaspace   ] GC(1134) Metaspace: 14372K(15232K)->14372K(15232K) NonClass: 12391K(12864K)->12391K(12864K) Class: 1981K(2368K)->1981K(2368K)
[135.436s][info][gc             ] GC(1134) Pause Young (Allocation Failure) 174M->8M(509M) 2.611ms
[135.436s][info][gc,cpu         ] GC(1134) User=0.00s Sys=0.00s Real=0.00s
[135.558s][info][gc,start       ] GC(1135) Pause Young (Allocation Failure)
[135.561s][info][gc,heap        ] GC(1135) PSYoungGen: 171488K(171520K)->1024K(172032K) Eden: 170496K(170496K)->0K(170496K) From: 992K(1024K)->1024K(1536K)
[135.561s][info][gc,heap        ] GC(1135) ParOldGen: 7325K(349696K)->7365K(349696K)
[135.561s][info][gc,metaspace   ] GC(1135) Metaspace: 14372K(15232K)->14372K(15232K) NonClass: 12391K(12864K)->12391K(12864K) Class: 1981K(2368K)->1981K(2368K)
[135.561s][info][gc             ] GC(1135) Pause Young (Allocation Failure) 174M->8M(509M) 2.561ms
[135.561s][info][gc,cpu         ] GC(1135) User=0.00s Sys=0.00s Real=0.00s
[135.681s][info][gc,start       ] GC(1136) Pause Young (Allocation Failure)
[135.683s][info][gc,heap        ] GC(1136) PSYoungGen: 171520K(172032K)->1024K(173056K) Eden: 170496K(170496K)->0K(171520K) From: 1024K(1536K)->1024K(1536K)
[135.683s][info][gc,heap        ] GC(1136) ParOldGen: 7365K(349696K)->7413K(349696K)
[135.683s][info][gc,metaspace   ] GC(1136) Metaspace: 14372K(15232K)->14372K(15232K) NonClass: 12391K(12864K)->12391K(12864K) Class: 1981K(2368K)->1981K(2368K)
[135.683s][info][gc             ] GC(1136) Pause Young (Allocation Failure) 174M->8M(510M) 2.546ms
[135.683s][info][gc,cpu         ] GC(1136) User=0.00s Sys=0.00s Real=0.00s
[135.809s][info][gc,start       ] GC(1137) Pause Young (Allocation Failure)
[135.811s][info][gc,heap        ] GC(1137) PSYoungGen: 172544K(173056K)->1024K(173056K) Eden: 171520K(171520K)->0K(171520K) From: 1024K(1536K)->1024K(1536K)
[135.811s][info][gc,heap        ] GC(1137) ParOldGen: 7413K(349696K)->7469K(349696K)
[135.811s][info][gc,metaspace   ] GC(1137) Metaspace: 14372K(15232K)->14372K(15232K) NonClass: 12391K(12864K)->12391K(12864K) Class: 1981K(2368K)->1981K(2368K)
[135.811s][info][gc             ] GC(1137) Pause Young (Allocation Failure) 175M->8M(510M) 2.571ms
[135.811s][info][gc,cpu         ] GC(1137) User=0.00s Sys=0.00s Real=0.00s
[136.009s][info][gc,start       ] GC(1138) Pause Young (Allocation Failure)
[136.012s][info][gc,heap        ] GC(1138) PSYoungGen: 172544K(173056K)->1024K(173056K) Eden: 171520K(171520K)->0K(171520K) From: 1024K(1536K)->1024K(1536K)
[136.012s][info][gc,heap        ] GC(1138) ParOldGen: 7469K(349696K)->7541K(349696K)
[136.012s][info][gc,metaspace   ] GC(1138) Metaspace: 14372K(15232K)->14372K(15232K) NonClass: 12391K(12864K)->12391K(12864K) Class: 1981K(2368K)->1981K(2368K)
[136.012s][info][gc             ] GC(1138) Pause Young (Allocation Failure) 175M->8M(510M) 3.429ms
[136.012s][info][gc,cpu         ] GC(1138) User=0.00s Sys=0.00s Real=0.00s
[136.144s][info][gc,start       ] GC(1139) Pause Young (Allocation Failure)
[136.147s][info][gc,heap        ] GC(1139) PSYoungGen: 172544K(173056K)->992K(173056K) Eden: 171520K(171520K)->0K(171520K) From: 1024K(1536K)->992K(1536K)
[136.147s][info][gc,heap        ] GC(1139) ParOldGen: 7541K(349696K)->7605K(349696K)
[136.147s][info][gc,metaspace   ] GC(1139) Metaspace: 14372K(15232K)->14372K(15232K) NonClass: 12391K(12864K)->12391K(12864K) Class: 1981K(2368K)->1981K(2368K)
[136.147s][info][gc             ] GC(1139) Pause Young (Allocation Failure) 175M->8M(510M) 2.458ms
[136.147s][info][gc,cpu         ] GC(1139) User=0.52s Sys=0.00s Real=0.00s
[136.272s][info][gc,start       ] GC(1140) Pause Young (Allocation Failure)
[136.274s][info][gc,heap        ] GC(1140) PSYoungGen: 172512K(173056K)->992K(173056K) Eden: 171520K(171520K)->0K(171520K) From: 992K(1536K)->992K(1536K)
[136.275s][info][gc,heap        ] GC(1140) ParOldGen: 7605K(349696K)->7661K(349696K)
[136.275s][info][gc,metaspace   ] GC(1140) Metaspace: 14372K(15232K)->14372K(15232K) NonClass: 12391K(12864K)->12391K(12864K) Class: 1981K(2368K)->1981K(2368K)
[136.275s][info][gc             ] GC(1140) Pause Young (Allocation Failure) 175M->8M(510M) 2.527ms
[136.275s][info][gc,cpu         ] GC(1140) User=0.00s Sys=0.00s Real=0.00s
[136.409s][info][gc,start       ] GC(1141) Pause Young (Allocation Failure)
[136.411s][info][gc,heap        ] GC(1141) PSYoungGen: 172512K(173056K)->1024K(173056K) Eden: 171520K(171520K)->0K(171520K) From: 992K(1536K)->1024K(1536K)
[136.411s][info][gc,heap        ] GC(1141) ParOldGen: 7661K(349696K)->7733K(349696K)
[136.411s][info][gc,metaspace   ] GC(1141) Metaspace: 14372K(15232K)->14372K(15232K) NonClass: 12391K(12864K)->12391K(12864K) Class: 1981K(2368K)->1981K(2368K)
[136.411s][info][gc             ] GC(1141) Pause Young (Allocation Failure) 175M->8M(510M) 2.318ms
[136.411s][info][gc,cpu         ] GC(1141) User=0.52s Sys=0.00s Real=0.00s
[136.543s][info][gc,start       ] GC(1142) Pause Young (Allocation Failure)
[136.545s][info][gc,heap        ] GC(1142) PSYoungGen: 172544K(173056K)->1024K(173056K) Eden: 171520K(171520K)->0K(171520K) From: 1024K(1536K)->1024K(1536K)
[136.545s][info][gc,heap        ] GC(1142) ParOldGen: 7733K(349696K)->7805K(349696K)
[136.545s][info][gc,metaspace   ] GC(1142) Metaspace: 14372K(15232K)->14372K(15232K) NonClass: 12391K(12864K)->12391K(12864K) Class: 1981K(2368K)->1981K(2368K)
[136.545s][info][gc             ] GC(1142) Pause Young (Allocation Failure) 176M->8M(510M) 2.239ms
[136.545s][info][gc,cpu         ] GC(1142) User=0.00s Sys=0.00s Real=0.00s
[136.669s][info][gc,start       ] GC(1143) Pause Young (Allocation Failure)
[136.671s][info][gc,heap        ] GC(1143) PSYoungGen: 172544K(173056K)->992K(173056K) Eden: 171520K(171520K)->0K(171520K) From: 1024K(1536K)->992K(1536K)
[136.672s][info][gc,heap        ] GC(1143) ParOldGen: 7805K(349696K)->7877K(349696K)
[136.672s][info][gc,metaspace   ] GC(1143) Metaspace: 14372K(15232K)->14372K(15232K) NonClass: 12391K(12864K)->12391K(12864K) Class: 1981K(2368K)->1981K(2368K)
[136.672s][info][gc             ] GC(1143) Pause Young (Allocation Failure) 176M->8M(510M) 2.165ms
[136.672s][info][gc,cpu         ] GC(1143) User=0.00s Sys=0.00s Real=0.00s
[136.791s][info][gc,start       ] GC(1144) Pause Young (Allocation Failure)
[136.793s][info][gc,heap        ] GC(1144) PSYoungGen: 172512K(173056K)->992K(173056K) Eden: 171520K(171520K)->0K(171520K) From: 992K(1536K)->992K(1536K)
[136.793s][info][gc,heap        ] GC(1144) ParOldGen: 7877K(349696K)->7933K(349696K)
[136.793s][info][gc,metaspace   ] GC(1144) Metaspace: 14372K(15232K)->14372K(15232K) NonClass: 12391K(12864K)->12391K(12864K) Class: 1981K(2368K)->1981K(2368K)
[136.793s][info][gc             ] GC(1144) Pause Young (Allocation Failure) 176M->8M(510M) 2.143ms
[136.793s][info][gc,cpu         ] GC(1144) User=0.00s Sys=0.00s Real=0.00s
[136.914s][info][gc,start       ] GC(1145) Pause Young (Allocation Failure)
[136.922s][info][gc,heap        ] GC(1145) PSYoungGen: 172512K(173056K)->960K(173056K) Eden: 171520K(171520K)->0K(171520K) From: 992K(1536K)->960K(1536K)
[136.922s][info][gc,heap        ] GC(1145) ParOldGen: 7933K(349696K)->7997K(349696K)
[136.922s][info][gc,metaspace   ] GC(1145) Metaspace: 14372K(15232K)->14372K(15232K) NonClass: 12391K(12864K)->12391K(12864K) Class: 1981K(2368K)->1981K(2368K)
[136.922s][info][gc             ] GC(1145) Pause Young (Allocation Failure) 176M->8M(510M) 7.375ms
[136.922s][info][gc,cpu         ] GC(1145) User=0.00s Sys=0.00s Real=0.00s
[137.041s][info][gc,start       ] GC(1146) Pause Young (Allocation Failure)
[137.043s][info][gc,heap        ] GC(1146) PSYoungGen: 172480K(173056K)->992K(173056K) Eden: 171520K(171520K)->0K(171520K) From: 960K(1536K)->992K(1536K)
[137.043s][info][gc,heap        ] GC(1146) ParOldGen: 7997K(349696K)->8061K(349696K)
[137.043s][info][gc,metaspace   ] GC(1146) Metaspace: 14372K(15232K)->14372K(15232K) NonClass: 12391K(12864K)->12391K(12864K) Class: 1981K(2368K)->1981K(2368K)
[137.043s][info][gc             ] GC(1146) Pause Young (Allocation Failure) 176M->8M(510M) 2.151ms
[137.043s][info][gc,cpu         ] GC(1146) User=0.00s Sys=0.00s Real=0.00s
[137.164s][info][gc,start       ] GC(1147) Pause Young (Allocation Failure)
[137.166s][info][gc,heap        ] GC(1147) PSYoungGen: 172512K(173056K)->1024K(173056K) Eden: 171520K(171520K)->0K(171520K) From: 992K(1536K)->1024K(1536K)
[137.166s][info][gc,heap        ] GC(1147) ParOldGen: 8061K(349696K)->8101K(349696K)
[137.166s][info][gc,metaspace   ] GC(1147) Metaspace: 14372K(15232K)->14372K(15232K) NonClass: 12391K(12864K)->12391K(12864K) Class: 1981K(2368K)->1981K(2368K)
[137.166s][info][gc             ] GC(1147) Pause Young (Allocation Failure) 176M->8M(510M) 2.171ms
[137.166s][info][gc,cpu         ] GC(1147) User=0.00s Sys=0.00s Real=0.00s
[137.287s][info][gc,start       ] GC(1148) Pause Young (Allocation Failure)
[137.289s][info][gc,heap        ] GC(1148) PSYoungGen: 172544K(173056K)->992K(173056K) Eden: 171520K(171520K)->0K(171520K) From: 1024K(1536K)->992K(1536K)
[137.289s][info][gc,heap        ] GC(1148) ParOldGen: 8101K(349696K)->8181K(349696K)
[137.289s][info][gc,metaspace   ] GC(1148) Metaspace: 14372K(15232K)->14372K(15232K) NonClass: 12391K(12864K)->12391K(12864K) Class: 1981K(2368K)->1981K(2368K)
[137.289s][info][gc             ] GC(1148) Pause Young (Allocation Failure) 176M->8M(510M) 2.204ms
[137.289s][info][gc,cpu         ] GC(1148) User=0.00s Sys=0.00s Real=0.00s
[137.410s][info][gc,start       ] GC(1149) Pause Young (Allocation Failure)
[137.412s][info][gc,heap        ] GC(1149) PSYoungGen: 172512K(173056K)->992K(173056K) Eden: 171520K(171520K)->0K(171520K) From: 992K(1536K)->992K(1536K)
[137.412s][info][gc,heap        ] GC(1149) ParOldGen: 8181K(349696K)->8261K(349696K)
[137.412s][info][gc,metaspace   ] GC(1149) Metaspace: 14372K(15232K)->14372K(15232K) NonClass: 12391K(12864K)->12391K(12864K) Class: 1981K(2368K)->1981K(2368K)
[137.413s][info][gc             ] GC(1149) Pause Young (Allocation Failure) 176M->9M(510M) 2.156ms
[137.413s][info][gc,cpu         ] GC(1149) User=0.50s Sys=0.02s Real=0.00s
[137.533s][info][gc,start       ] GC(1150) Pause Young (Allocation Failure)
[137.536s][info][gc,heap        ] GC(1150) PSYoungGen: 172512K(173056K)->1024K(173056K) Eden: 171520K(171520K)->0K(171520K) From: 992K(1536K)->1024K(1536K)
[137.536s][info][gc,heap        ] GC(1150) ParOldGen: 8261K(349696K)->8317K(349696K)
[137.536s][info][gc,metaspace   ] GC(1150) Metaspace: 14372K(15232K)->14372K(15232K) NonClass: 12391K(12864K)->12391K(12864K) Class: 1981K(2368K)->1981K(2368K)
[137.536s][info][gc             ] GC(1150) Pause Young (Allocation Failure) 176M->9M(510M) 2.252ms
[137.536s][info][gc,cpu         ] GC(1150) User=0.52s Sys=0.00s Real=0.00s
[137.656s][info][gc,start       ] GC(1151) Pause Young (Allocation Failure)
[137.658s][info][gc,heap        ] GC(1151) PSYoungGen: 172544K(173056K)->1024K(173056K) Eden: 171520K(171520K)->0K(171520K) From: 1024K(1536K)->1024K(1536K)
[137.658s][info][gc,heap        ] GC(1151) ParOldGen: 8317K(349696K)->8429K(349696K)
[137.658s][info][gc,metaspace   ] GC(1151) Metaspace: 14372K(15232K)->14372K(15232K) NonClass: 12391K(12864K)->12391K(12864K) Class: 1981K(2368K)->1981K(2368K)
[137.658s][info][gc             ] GC(1151) Pause Young (Allocation Failure) 176M->9M(510M) 2.278ms
[137.658s][info][gc,cpu         ] GC(1151) User=0.00s Sys=0.00s Real=0.00s
[137.778s][info][gc,start       ] GC(1152) Pause Young (Allocation Failure)
[137.781s][info][gc,heap        ] GC(1152) PSYoungGen: 172544K(173056K)->1024K(173056K) Eden: 171520K(171520K)->0K(171520K) From: 1024K(1536K)->1024K(1536K)
[137.781s][info][gc,heap        ] GC(1152) ParOldGen: 8429K(349696K)->8485K(349696K)
[137.781s][info][gc,metaspace   ] GC(1152) Metaspace: 14372K(15232K)->14372K(15232K) NonClass: 12391K(12864K)->12391K(12864K) Class: 1981K(2368K)->1981K(2368K)
[137.781s][info][gc             ] GC(1152) Pause Young (Allocation Failure) 176M->9M(510M) 2.266ms
[137.781s][info][gc,cpu         ] GC(1152) User=0.00s Sys=0.00s Real=0.00s
[137.902s][info][gc,start       ] GC(1153) Pause Young (Allocation Failure)
[137.904s][info][gc,heap        ] GC(1153) PSYoungGen: 172544K(173056K)->992K(173056K) Eden: 171520K(171520K)->0K(171520K) From: 1024K(1536K)->992K(1536K)
[137.904s][info][gc,heap        ] GC(1153) ParOldGen: 8485K(349696K)->8549K(349696K)
[137.904s][info][gc,metaspace   ] GC(1153) Metaspace: 14372K(15232K)->14372K(15232K) NonClass: 12391K(12864K)->12391K(12864K) Class: 1981K(2368K)->1981K(2368K)
[137.904s][info][gc             ] GC(1153) Pause Young (Allocation Failure) 176M->9M(510M) 2.288ms
[137.904s][info][gc,cpu         ] GC(1153) User=0.00s Sys=0.00s Real=0.00s
[138.025s][info][gc,start       ] GC(1154) Pause Young (Allocation Failure)
[138.028s][info][gc,heap        ] GC(1154) PSYoungGen: 172512K(173056K)->992K(173056K) Eden: 171520K(171520K)->0K(171520K) From: 992K(1536K)->992K(1536K)
[138.028s][info][gc,heap        ] GC(1154) ParOldGen: 8549K(349696K)->8613K(349696K)
[138.028s][info][gc,metaspace   ] GC(1154) Metaspace: 14372K(15232K)->14372K(15232K) NonClass: 12391K(12864K)->12391K(12864K) Class: 1981K(2368K)->1981K(2368K)
[138.028s][info][gc             ] GC(1154) Pause Young (Allocation Failure) 176M->9M(510M) 2.352ms
[138.028s][info][gc,cpu         ] GC(1154) User=0.00s Sys=0.00s Real=0.00s
[138.151s][info][gc,start       ] GC(1155) Pause Young (Allocation Failure)
[138.153s][info][gc,heap        ] GC(1155) PSYoungGen: 172512K(173056K)->960K(173056K) Eden: 171520K(171520K)->0K(171520K) From: 992K(1536K)->960K(1536K)
[138.153s][info][gc,heap        ] GC(1155) ParOldGen: 8613K(349696K)->8669K(349696K)
[138.153s][info][gc,metaspace   ] GC(1155) Metaspace: 14372K(15232K)->14372K(15232K) NonClass: 12391K(12864K)->12391K(12864K) Class: 1981K(2368K)->1981K(2368K)
[138.153s][info][gc             ] GC(1155) Pause Young (Allocation Failure) 176M->9M(510M) 2.357ms
[138.153s][info][gc,cpu         ] GC(1155) User=0.00s Sys=0.00s Real=0.00s
[138.275s][info][gc,start       ] GC(1156) Pause Young (Allocation Failure)
[138.278s][info][gc,heap        ] GC(1156) PSYoungGen: 172480K(173056K)->1024K(173056K) Eden: 171520K(171520K)->0K(171520K) From: 960K(1536K)->1024K(1536K)
[138.278s][info][gc,heap        ] GC(1156) ParOldGen: 8669K(349696K)->8749K(349696K)
[138.278s][info][gc,metaspace   ] GC(1156) Metaspace: 14372K(15232K)->14372K(15232K) NonClass: 12391K(12864K)->12391K(12864K) Class: 1981K(2368K)->1981K(2368K)
[138.278s][info][gc             ] GC(1156) Pause Young (Allocation Failure) 176M->9M(510M) 3.707ms
[138.278s][info][gc,cpu         ] GC(1156) User=0.00s Sys=0.00s Real=0.00s
[138.400s][info][gc,start       ] GC(1157) Pause Young (Allocation Failure)
[138.403s][info][gc,heap        ] GC(1157) PSYoungGen: 172544K(173056K)->992K(173056K) Eden: 171520K(171520K)->0K(171520K) From: 1024K(1536K)->992K(1536K)
[138.403s][info][gc,heap        ] GC(1157) ParOldGen: 8749K(349696K)->8837K(349696K)
[138.403s][info][gc,metaspace   ] GC(1157) Metaspace: 14372K(15232K)->14372K(15232K) NonClass: 12391K(12864K)->12391K(12864K) Class: 1981K(2368K)->1981K(2368K)
[138.403s][info][gc             ] GC(1157) Pause Young (Allocation Failure) 177M->9M(510M) 2.423ms
[138.403s][info][gc,cpu         ] GC(1157) User=0.00s Sys=0.00s Real=0.00s
[138.524s][info][gc,start       ] GC(1158) Pause Young (Allocation Failure)
[138.526s][info][gc,heap        ] GC(1158) PSYoungGen: 172512K(173056K)->1024K(173056K) Eden: 171520K(171520K)->0K(171520K) From: 992K(1536K)->1024K(1536K)
[138.526s][info][gc,heap        ] GC(1158) ParOldGen: 8837K(349696K)->8885K(349696K)
[138.526s][info][gc,metaspace   ] GC(1158) Metaspace: 14372K(15232K)->14372K(15232K) NonClass: 12391K(12864K)->12391K(12864K) Class: 1981K(2368K)->1981K(2368K)
[138.526s][info][gc             ] GC(1158) Pause Young (Allocation Failure) 177M->9M(510M) 2.442ms
[138.526s][info][gc,cpu         ] GC(1158) User=0.00s Sys=0.00s Real=0.00s
[138.647s][info][gc,start       ] GC(1159) Pause Young (Allocation Failure)
[138.650s][info][gc,heap        ] GC(1159) PSYoungGen: 172544K(173056K)->1024K(173056K) Eden: 171520K(171520K)->0K(171520K) From: 1024K(1536K)->1024K(1536K)
[138.650s][info][gc,heap        ] GC(1159) ParOldGen: 8885K(349696K)->8949K(349696K)
[138.650s][info][gc,metaspace   ] GC(1159) Metaspace: 14372K(15232K)->14372K(15232K) NonClass: 12391K(12864K)->12391K(12864K) Class: 1981K(2368K)->1981K(2368K)
[138.650s][info][gc             ] GC(1159) Pause Young (Allocation Failure) 177M->9M(510M) 2.513ms
[138.650s][info][gc,cpu         ] GC(1159) User=0.00s Sys=0.00s Real=0.00s
[138.773s][info][gc,start       ] GC(1160) Pause Young (Allocation Failure)
[138.775s][info][gc,heap        ] GC(1160) PSYoungGen: 172544K(173056K)->992K(173056K) Eden: 171520K(171520K)->0K(171520K) From: 1024K(1536K)->992K(1536K)
[138.775s][info][gc,heap        ] GC(1160) ParOldGen: 8949K(349696K)->8997K(349696K)
[138.776s][info][gc,metaspace   ] GC(1160) Metaspace: 14372K(15232K)->14372K(15232K) NonClass: 12391K(12864K)->12391K(12864K) Class: 1981K(2368K)->1981K(2368K)
[138.776s][info][gc             ] GC(1160) Pause Young (Allocation Failure) 177M->9M(510M) 2.466ms
[138.776s][info][gc,cpu         ] GC(1160) User=0.00s Sys=0.00s Real=0.00s
[138.897s][info][gc,start       ] GC(1161) Pause Young (Allocation Failure)
[138.899s][info][gc,heap        ] GC(1161) PSYoungGen: 172512K(173056K)->1056K(173056K) Eden: 171520K(171520K)->0K(171520K) From: 992K(1536K)->1056K(1536K)
[138.899s][info][gc,heap        ] GC(1161) ParOldGen: 8997K(349696K)->9069K(349696K)
[138.899s][info][gc,metaspace   ] GC(1161) Metaspace: 14372K(15232K)->14372K(15232K) NonClass: 12391K(12864K)->12391K(12864K) Class: 1981K(2368K)->1981K(2368K)
[138.899s][info][gc             ] GC(1161) Pause Young (Allocation Failure) 177M->9M(510M) 2.485ms
[138.899s][info][gc,cpu         ] GC(1161) User=0.00s Sys=0.00s Real=0.00s
[139.022s][info][gc,start       ] GC(1162) Pause Young (Allocation Failure)
[139.024s][info][gc,heap        ] GC(1162) PSYoungGen: 172576K(173056K)->1024K(173056K) Eden: 171520K(171520K)->0K(171520K) From: 1056K(1536K)->1024K(1536K)
[139.024s][info][gc,heap        ] GC(1162) ParOldGen: 9069K(349696K)->9133K(349696K)
[139.024s][info][gc,metaspace   ] GC(1162) Metaspace: 14372K(15232K)->14372K(15232K) NonClass: 12391K(12864K)->12391K(12864K) Class: 1981K(2368K)->1981K(2368K)
[139.024s][info][gc             ] GC(1162) Pause Young (Allocation Failure) 177M->9M(510M) 2.510ms
[139.024s][info][gc,cpu         ] GC(1162) User=0.00s Sys=0.00s Real=0.00s
[139.145s][info][gc,start       ] GC(1163) Pause Young (Allocation Failure)
[139.148s][info][gc,heap        ] GC(1163) PSYoungGen: 172544K(173056K)->992K(173056K) Eden: 171520K(171520K)->0K(171520K) From: 1024K(1536K)->992K(1536K)
[139.148s][info][gc,heap        ] GC(1163) ParOldGen: 9133K(349696K)->9205K(349696K)
[139.148s][info][gc,metaspace   ] GC(1163) Metaspace: 14372K(15232K)->14372K(15232K) NonClass: 12391K(12864K)->12391K(12864K) Class: 1981K(2368K)->1981K(2368K)
[139.148s][info][gc             ] GC(1163) Pause Young (Allocation Failure) 177M->9M(510M) 2.570ms
[139.148s][info][gc,cpu         ] GC(1163) User=0.00s Sys=0.00s Real=0.00s
[139.269s][info][gc,start       ] GC(1164) Pause Young (Allocation Failure)
[139.271s][info][gc,heap        ] GC(1164) PSYoungGen: 172512K(173056K)->1024K(173056K) Eden: 171520K(171520K)->0K(171520K) From: 992K(1536K)->1024K(1536K)
[139.271s][info][gc,heap        ] GC(1164) ParOldGen: 9205K(349696K)->9269K(349696K)
[139.271s][info][gc,metaspace   ] GC(1164) Metaspace: 14372K(15232K)->14372K(15232K) NonClass: 12391K(12864K)->12391K(12864K) Class: 1981K(2368K)->1981K(2368K)
[139.271s][info][gc             ] GC(1164) Pause Young (Allocation Failure) 177M->10M(510M) 2.590ms
[139.271s][info][gc,cpu         ] GC(1164) User=0.52s Sys=0.00s Real=0.00s
[139.393s][info][gc,start       ] GC(1165) Pause Young (Allocation Failure)
[139.395s][info][gc,heap        ] GC(1165) PSYoungGen: 172544K(173056K)->992K(173056K) Eden: 171520K(171520K)->0K(171520K) From: 1024K(1536K)->992K(1536K)
[139.395s][info][gc,heap        ] GC(1165) ParOldGen: 9269K(349696K)->9325K(349696K)
[139.396s][info][gc,metaspace   ] GC(1165) Metaspace: 14372K(15232K)->14372K(15232K) NonClass: 12391K(12864K)->12391K(12864K) Class: 1981K(2368K)->1981K(2368K)
[139.396s][info][gc             ] GC(1165) Pause Young (Allocation Failure) 177M->10M(510M) 2.590ms
[139.396s][info][gc,cpu         ] GC(1165) User=0.52s Sys=0.00s Real=0.00s
[139.514s][info][gc,start       ] GC(1166) Pause Young (Allocation Failure)
[139.517s][info][gc,heap        ] GC(1166) PSYoungGen: 172512K(173056K)->960K(173056K) Eden: 171520K(171520K)->0K(171520K) From: 992K(1536K)->960K(1536K)
[139.517s][info][gc,heap        ] GC(1166) ParOldGen: 9325K(349696K)->9397K(349696K)
[139.517s][info][gc,metaspace   ] GC(1166) Metaspace: 14372K(15232K)->14372K(15232K) NonClass: 12391K(12864K)->12391K(12864K) Class: 1981K(2368K)->1981K(2368K)
[139.517s][info][gc             ] GC(1166) Pause Young (Allocation Failure) 177M->10M(510M) 2.611ms
[139.517s][info][gc,cpu         ] GC(1166) User=0.00s Sys=0.00s Real=0.00s
[139.637s][info][gc,start       ] GC(1167) Pause Young (Allocation Failure)
[139.640s][info][gc,heap        ] GC(1167) PSYoungGen: 172480K(173056K)->960K(173056K) Eden: 171520K(171520K)->0K(171520K) From: 960K(1536K)->960K(1536K)
[139.640s][info][gc,heap        ] GC(1167) ParOldGen: 9397K(349696K)->9453K(349696K)
[139.640s][info][gc,metaspace   ] GC(1167) Metaspace: 14372K(15232K)->14372K(15232K) NonClass: 12391K(12864K)->12391K(12864K) Class: 1981K(2368K)->1981K(2368K)
[139.640s][info][gc             ] GC(1167) Pause Young (Allocation Failure) 177M->10M(510M) 2.607ms
[139.640s][info][gc,cpu         ] GC(1167) User=0.00s Sys=0.00s Real=0.00s
[139.831s][info][gc,start       ] GC(1168) Pause Young (Allocation Failure)
[139.834s][info][gc,heap        ] GC(1168) PSYoungGen: 172479K(173056K)->992K(173056K) Eden: 171519K(171520K)->0K(171520K) From: 960K(1536K)->992K(1536K)
[139.834s][info][gc,heap        ] GC(1168) ParOldGen: 9453K(349696K)->9509K(349696K)
[139.834s][info][gc,metaspace   ] GC(1168) Metaspace: 14372K(15232K)->14372K(15232K) NonClass: 12391K(12864K)->12391K(12864K) Class: 1981K(2368K)->1981K(2368K)
[139.834s][info][gc             ] GC(1168) Pause Young (Allocation Failure) 177M->10M(510M) 3.442ms
[139.834s][info][gc,cpu         ] GC(1168) User=0.52s Sys=0.00s Real=0.00s
[139.964s][info][gc,start       ] GC(1169) Pause Young (Allocation Failure)
[139.966s][info][gc,heap        ] GC(1169) PSYoungGen: 172512K(173056K)->992K(173056K) Eden: 171520K(171520K)->0K(171520K) From: 992K(1536K)->992K(1536K)
[139.966s][info][gc,heap        ] GC(1169) ParOldGen: 9509K(349696K)->9557K(349696K)
[139.966s][info][gc,metaspace   ] GC(1169) Metaspace: 14372K(15232K)->14372K(15232K) NonClass: 12391K(12864K)->12391K(12864K) Class: 1981K(2368K)->1981K(2368K)
[139.966s][info][gc             ] GC(1169) Pause Young (Allocation Failure) 177M->10M(510M) 2.525ms
[139.966s][info][gc,cpu         ] GC(1169) User=0.00s Sys=0.00s Real=0.00s
[140.089s][info][gc,start       ] GC(1170) Pause Young (Allocation Failure)
[140.091s][info][gc,heap        ] GC(1170) PSYoungGen: 172512K(173056K)->992K(173056K) Eden: 171520K(171520K)->0K(171520K) From: 992K(1536K)->992K(1536K)
[140.092s][info][gc,heap        ] GC(1170) ParOldGen: 9557K(349696K)->9629K(349696K)
[140.092s][info][gc,metaspace   ] GC(1170) Metaspace: 14372K(15232K)->14372K(15232K) NonClass: 12391K(12864K)->12391K(12864K) Class: 1981K(2368K)->1981K(2368K)
[140.092s][info][gc             ] GC(1170) Pause Young (Allocation Failure) 177M->10M(510M) 2.426ms
[140.092s][info][gc,cpu         ] GC(1170) User=0.00s Sys=0.00s Real=0.00s
[140.216s][info][gc,start       ] GC(1171) Pause Young (Allocation Failure)
[140.218s][info][gc,heap        ] GC(1171) PSYoungGen: 172512K(173056K)->960K(173056K) Eden: 171520K(171520K)->0K(171520K) From: 992K(1536K)->960K(1536K)
[140.218s][info][gc,heap        ] GC(1171) ParOldGen: 9629K(349696K)->9677K(349696K)
[140.218s][info][gc,metaspace   ] GC(1171) Metaspace: 14372K(15232K)->14372K(15232K) NonClass: 12391K(12864K)->12391K(12864K) Class: 1981K(2368K)->1981K(2368K)
[140.218s][info][gc             ] GC(1171) Pause Young (Allocation Failure) 177M->10M(510M) 2.380ms
[140.218s][info][gc,cpu         ] GC(1171) User=0.00s Sys=0.00s Real=0.00s
[140.340s][info][gc,start       ] GC(1172) Pause Young (Allocation Failure)
[140.342s][info][gc,heap        ] GC(1172) PSYoungGen: 172480K(173056K)->992K(173056K) Eden: 171520K(171520K)->0K(171520K) From: 960K(1536K)->992K(1536K)
[140.342s][info][gc,heap        ] GC(1172) ParOldGen: 9677K(349696K)->9741K(349696K)
[140.342s][info][gc,metaspace   ] GC(1172) Metaspace: 14372K(15232K)->14372K(15232K) NonClass: 12391K(12864K)->12391K(12864K) Class: 1981K(2368K)->1981K(2368K)
[140.342s][info][gc             ] GC(1172) Pause Young (Allocation Failure) 177M->10M(510M) 2.332ms
[140.342s][info][gc,cpu         ] GC(1172) User=0.00s Sys=0.00s Real=0.00s
[140.472s][info][gc,start       ] GC(1173) Pause Young (Allocation Failure)
[140.475s][info][gc,heap        ] GC(1173) PSYoungGen: 172512K(173056K)->1024K(173056K) Eden: 171520K(171520K)->0K(171520K) From: 992K(1536K)->1024K(1536K)
[140.475s][info][gc,heap        ] GC(1173) ParOldGen: 9741K(349696K)->9789K(349696K)
[140.475s][info][gc,metaspace   ] GC(1173) Metaspace: 14372K(15232K)->14372K(15232K) NonClass: 12391K(12864K)->12391K(12864K) Class: 1981K(2368K)->1981K(2368K)
[140.475s][info][gc             ] GC(1173) Pause Young (Allocation Failure) 177M->10M(510M) 2.300ms
[140.475s][info][gc,cpu         ] GC(1173) User=0.52s Sys=0.00s Real=0.00s
[140.602s][info][gc,start       ] GC(1174) Pause Young (Allocation Failure)
[140.604s][info][gc,heap        ] GC(1174) PSYoungGen: 172544K(173056K)->1024K(173056K) Eden: 171520K(171520K)->0K(171520K) From: 1024K(1536K)->1024K(1536K)
[140.604s][info][gc,heap        ] GC(1174) ParOldGen: 9789K(349696K)->9829K(349696K)
[140.604s][info][gc,metaspace   ] GC(1174) Metaspace: 14372K(15232K)->14372K(15232K) NonClass: 12391K(12864K)->12391K(12864K) Class: 1981K(2368K)->1981K(2368K)
[140.604s][info][gc             ] GC(1174) Pause Young (Allocation Failure) 178M->10M(510M) 2.158ms
[140.604s][info][gc,cpu         ] GC(1174) User=0.00s Sys=0.00s Real=0.00s
[140.728s][info][gc,start       ] GC(1175) Pause Young (Allocation Failure)
[140.730s][info][gc,heap        ] GC(1175) PSYoungGen: 172544K(173056K)->1024K(173056K) Eden: 171520K(171520K)->0K(171520K) From: 1024K(1536K)->1024K(1536K)
[140.730s][info][gc,heap        ] GC(1175) ParOldGen: 9829K(349696K)->9877K(349696K)
[140.730s][info][gc,metaspace   ] GC(1175) Metaspace: 14372K(15232K)->14372K(15232K) NonClass: 12391K(12864K)->12391K(12864K) Class: 1981K(2368K)->1981K(2368K)
[140.730s][info][gc             ] GC(1175) Pause Young (Allocation Failure) 178M->10M(510M) 2.146ms
[140.730s][info][gc,cpu         ] GC(1175) User=0.00s Sys=0.00s Real=0.00s
[140.850s][info][gc,start       ] GC(1176) Pause Young (Allocation Failure)
[140.852s][info][gc,heap        ] GC(1176) PSYoungGen: 172543K(173056K)->1024K(173056K) Eden: 171519K(171520K)->0K(171520K) From: 1024K(1536K)->1024K(1536K)
[140.852s][info][gc,heap        ] GC(1176) ParOldGen: 9877K(349696K)->9949K(349696K)
[140.852s][info][gc,metaspace   ] GC(1176) Metaspace: 14372K(15232K)->14372K(15232K) NonClass: 12391K(12864K)->12391K(12864K) Class: 1981K(2368K)->1981K(2368K)
[140.852s][info][gc             ] GC(1176) Pause Young (Allocation Failure) 178M->10M(510M) 2.164ms
[140.852s][info][gc,cpu         ] GC(1176) User=0.00s Sys=0.00s Real=0.00s
[140.976s][info][gc,start       ] GC(1177) Pause Young (Allocation Failure)
[140.978s][info][gc,heap        ] GC(1177) PSYoungGen: 172544K(173056K)->1024K(173056K) Eden: 171520K(171520K)->0K(171520K) From: 1024K(1536K)->1024K(1536K)
[140.978s][info][gc,heap        ] GC(1177) ParOldGen: 9949K(349696K)->10005K(349696K)
[140.978s][info][gc,metaspace   ] GC(1177) Metaspace: 14372K(15232K)->14372K(15232K) NonClass: 12391K(12864K)->12391K(12864K) Class: 1981K(2368K)->1981K(2368K)
[140.978s][info][gc             ] GC(1177) Pause Young (Allocation Failure) 178M->10M(510M) 2.217ms
[140.978s][info][gc,cpu         ] GC(1177) User=0.00s Sys=0.00s Real=0.00s
[141.100s][info][gc,start       ] GC(1178) Pause Young (Allocation Failure)
[141.102s][info][gc,heap        ] GC(1178) PSYoungGen: 172544K(173056K)->1024K(173056K) Eden: 171520K(171520K)->0K(171520K) From: 1024K(1536K)->1024K(1536K)
[141.102s][info][gc,heap        ] GC(1178) ParOldGen: 10005K(349696K)->10053K(349696K)
[141.102s][info][gc,metaspace   ] GC(1178) Metaspace: 14372K(15232K)->14372K(15232K) NonClass: 12391K(12864K)->12391K(12864K) Class: 1981K(2368K)->1981K(2368K)
[141.102s][info][gc             ] GC(1178) Pause Young (Allocation Failure) 178M->10M(510M) 2.223ms
[141.103s][info][gc,cpu         ] GC(1178) User=0.00s Sys=0.00s Real=0.00s
[141.223s][info][gc,start       ] GC(1179) Pause Young (Allocation Failure)
[141.226s][info][gc,heap        ] GC(1179) PSYoungGen: 172544K(173056K)->1024K(173056K) Eden: 171520K(171520K)->0K(171520K) From: 1024K(1536K)->1024K(1536K)
[141.226s][info][gc,heap        ] GC(1179) ParOldGen: 10053K(349696K)->10101K(349696K)
[141.226s][info][gc,metaspace   ] GC(1179) Metaspace: 14372K(15232K)->14372K(15232K) NonClass: 12391K(12864K)->12391K(12864K) Class: 1981K(2368K)->1981K(2368K)
[141.226s][info][gc             ] GC(1179) Pause Young (Allocation Failure) 178M->10M(510M) 2.289ms
[141.226s][info][gc,cpu         ] GC(1179) User=0.00s Sys=0.00s Real=0.00s
[141.345s][info][gc,start       ] GC(1180) Pause Young (Allocation Failure)
[141.347s][info][gc,heap        ] GC(1180) PSYoungGen: 172544K(173056K)->1024K(173056K) Eden: 171520K(171520K)->0K(171520K) From: 1024K(1536K)->1024K(1536K)
[141.347s][info][gc,heap        ] GC(1180) ParOldGen: 10101K(349696K)->10141K(349696K)
[141.347s][info][gc,metaspace   ] GC(1180) Metaspace: 14372K(15232K)->14372K(15232K) NonClass: 12391K(12864K)->12391K(12864K) Class: 1981K(2368K)->1981K(2368K)
[141.347s][info][gc             ] GC(1180) Pause Young (Allocation Failure) 178M->10M(510M) 2.329ms
[141.347s][info][gc,cpu         ] GC(1180) User=0.00s Sys=0.00s Real=0.00s
[141.469s][info][gc,start       ] GC(1181) Pause Young (Allocation Failure)
[141.471s][info][gc,heap        ] GC(1181) PSYoungGen: 172544K(173056K)->992K(173056K) Eden: 171520K(171520K)->0K(171520K) From: 1024K(1536K)->992K(1536K)
[141.471s][info][gc,heap        ] GC(1181) ParOldGen: 10141K(349696K)->10205K(349696K)
[141.471s][info][gc,metaspace   ] GC(1181) Metaspace: 14372K(15232K)->14372K(15232K) NonClass: 12391K(12864K)->12391K(12864K) Class: 1981K(2368K)->1981K(2368K)
[141.471s][info][gc             ] GC(1181) Pause Young (Allocation Failure) 178M->10M(510M) 2.323ms
[141.471s][info][gc,cpu         ] GC(1181) User=0.00s Sys=0.00s Real=0.00s
[141.590s][info][gc,start       ] GC(1182) Pause Young (Allocation Failure)
[141.592s][info][gc,heap        ] GC(1182) PSYoungGen: 172512K(173056K)->1024K(173056K) Eden: 171520K(171520K)->0K(171520K) From: 992K(1536K)->1024K(1536K)
[141.592s][info][gc,heap        ] GC(1182) ParOldGen: 10205K(349696K)->10253K(349696K)
[141.592s][info][gc,metaspace   ] GC(1182) Metaspace: 14372K(15232K)->14372K(15232K) NonClass: 12391K(12864K)->12391K(12864K) Class: 1981K(2368K)->1981K(2368K)
[141.592s][info][gc             ] GC(1182) Pause Young (Allocation Failure) 178M->11M(510M) 2.365ms
[141.592s][info][gc,cpu         ] GC(1182) User=0.00s Sys=0.00s Real=0.00s
[141.713s][info][gc,start       ] GC(1183) Pause Young (Allocation Failure)
[141.715s][info][gc,heap        ] GC(1183) PSYoungGen: 172544K(173056K)->992K(173056K) Eden: 171520K(171520K)->0K(171520K) From: 1024K(1536K)->992K(1536K)
[141.715s][info][gc,heap        ] GC(1183) ParOldGen: 10253K(349696K)->10301K(349696K)
[141.715s][info][gc,metaspace   ] GC(1183) Metaspace: 14372K(15232K)->14372K(15232K) NonClass: 12391K(12864K)->12391K(12864K) Class: 1981K(2368K)->1981K(2368K)
[141.715s][info][gc             ] GC(1183) Pause Young (Allocation Failure) 178M->11M(510M) 2.392ms
[141.715s][info][gc,cpu         ] GC(1183) User=0.00s Sys=0.00s Real=0.00s
[141.838s][info][gc,start       ] GC(1184) Pause Young (Allocation Failure)
[141.840s][info][gc,heap        ] GC(1184) PSYoungGen: 172512K(173056K)->992K(173056K) Eden: 171520K(171520K)->0K(171520K) From: 992K(1536K)->992K(1536K)
[141.840s][info][gc,heap        ] GC(1184) ParOldGen: 10301K(349696K)->10349K(349696K)
[141.840s][info][gc,metaspace   ] GC(1184) Metaspace: 14372K(15232K)->14372K(15232K) NonClass: 12391K(12864K)->12391K(12864K) Class: 1981K(2368K)->1981K(2368K)
[141.840s][info][gc             ] GC(1184) Pause Young (Allocation Failure) 178M->11M(510M) 2.387ms
[141.840s][info][gc,cpu         ] GC(1184) User=0.00s Sys=0.00s Real=0.00s
[141.962s][info][gc,start       ] GC(1185) Pause Young (Allocation Failure)
[141.965s][info][gc,heap        ] GC(1185) PSYoungGen: 172512K(173056K)->1024K(173056K) Eden: 171520K(171520K)->0K(171520K) From: 992K(1536K)->1024K(1536K)
[141.965s][info][gc,heap        ] GC(1185) ParOldGen: 10349K(349696K)->10389K(349696K)
[141.965s][info][gc,metaspace   ] GC(1185) Metaspace: 14372K(15232K)->14372K(15232K) NonClass: 12391K(12864K)->12391K(12864K) Class: 1981K(2368K)->1981K(2368K)
[141.965s][info][gc             ] GC(1185) Pause Young (Allocation Failure) 178M->11M(510M) 2.447ms
[141.965s][info][gc,cpu         ] GC(1185) User=0.00s Sys=0.00s Real=0.00s
[142.085s][info][gc,start       ] GC(1186) Pause Young (Allocation Failure)
[142.087s][info][gc,heap        ] GC(1186) PSYoungGen: 172544K(173056K)->1024K(173056K) Eden: 171520K(171520K)->0K(171520K) From: 1024K(1536K)->1024K(1536K)
[142.087s][info][gc,heap        ] GC(1186) ParOldGen: 10389K(349696K)->10429K(349696K)
[142.087s][info][gc,metaspace   ] GC(1186) Metaspace: 14372K(15232K)->14372K(15232K) NonClass: 12391K(12864K)->12391K(12864K) Class: 1981K(2368K)->1981K(2368K)
[142.087s][info][gc             ] GC(1186) Pause Young (Allocation Failure) 178M->11M(510M) 2.466ms
[142.087s][info][gc,cpu         ] GC(1186) User=0.00s Sys=0.00s Real=0.00s
[142.206s][info][gc,start       ] GC(1187) Pause Young (Allocation Failure)
[142.208s][info][gc,heap        ] GC(1187) PSYoungGen: 172544K(173056K)->992K(173056K) Eden: 171520K(171520K)->0K(171520K) From: 1024K(1536K)->992K(1536K)
[142.208s][info][gc,heap        ] GC(1187) ParOldGen: 10429K(349696K)->10477K(349696K)
[142.208s][info][gc,metaspace   ] GC(1187) Metaspace: 14372K(15232K)->14372K(15232K) NonClass: 12391K(12864K)->12391K(12864K) Class: 1981K(2368K)->1981K(2368K)
[142.208s][info][gc             ] GC(1187) Pause Young (Allocation Failure) 178M->11M(510M) 2.478ms
[142.208s][info][gc,cpu         ] GC(1187) User=0.52s Sys=0.00s Real=0.00s
[142.331s][info][gc,start       ] GC(1188) Pause Young (Allocation Failure)
[142.334s][info][gc,heap        ] GC(1188) PSYoungGen: 172512K(173056K)->992K(173056K) Eden: 171520K(171520K)->0K(171520K) From: 992K(1536K)->992K(1536K)
[142.334s][info][gc,heap        ] GC(1188) ParOldGen: 10477K(349696K)->10525K(349696K)
[142.334s][info][gc,metaspace   ] GC(1188) Metaspace: 14372K(15232K)->14372K(15232K) NonClass: 12391K(12864K)->12391K(12864K) Class: 1981K(2368K)->1981K(2368K)
[142.334s][info][gc             ] GC(1188) Pause Young (Allocation Failure) 178M->11M(510M) 2.490ms
[142.334s][info][gc,cpu         ] GC(1188) User=0.52s Sys=0.00s Real=0.00s
[142.455s][info][gc,start       ] GC(1189) Pause Young (Allocation Failure)
[142.458s][info][gc,heap        ] GC(1189) PSYoungGen: 172512K(173056K)->1024K(173056K) Eden: 171520K(171520K)->0K(171520K) From: 992K(1536K)->1024K(1536K)
[142.458s][info][gc,heap        ] GC(1189) ParOldGen: 10525K(349696K)->10573K(349696K)
[142.458s][info][gc,metaspace   ] GC(1189) Metaspace: 14372K(15232K)->14372K(15232K) NonClass: 12391K(12864K)->12391K(12864K) Class: 1981K(2368K)->1981K(2368K)
[142.458s][info][gc             ] GC(1189) Pause Young (Allocation Failure) 178M->11M(510M) 2.546ms
[142.458s][info][gc,cpu         ] GC(1189) User=0.52s Sys=0.00s Real=0.00s
[142.579s][info][gc,start       ] GC(1190) Pause Young (Allocation Failure)
[142.581s][info][gc,heap        ] GC(1190) PSYoungGen: 172544K(173056K)->1024K(173056K) Eden: 171520K(171520K)->0K(171520K) From: 1024K(1536K)->1024K(1536K)
[142.581s][info][gc,heap        ] GC(1190) ParOldGen: 10573K(349696K)->10621K(349696K)
[142.581s][info][gc,metaspace   ] GC(1190) Metaspace: 14372K(15232K)->14372K(15232K) NonClass: 12391K(12864K)->12391K(12864K) Class: 1981K(2368K)->1981K(2368K)
[142.581s][info][gc             ] GC(1190) Pause Young (Allocation Failure) 178M->11M(510M) 2.585ms
[142.581s][info][gc,cpu         ] GC(1190) User=0.00s Sys=0.00s Real=0.00s
[142.702s][info][gc,start       ] GC(1191) Pause Young (Allocation Failure)
[142.705s][info][gc,heap        ] GC(1191) PSYoungGen: 172543K(173056K)->1024K(173056K) Eden: 171519K(171520K)->0K(171520K) From: 1024K(1536K)->1024K(1536K)
[142.705s][info][gc,heap        ] GC(1191) ParOldGen: 10621K(349696K)->10669K(349696K)
[142.705s][info][gc,metaspace   ] GC(1191) Metaspace: 14372K(15232K)->14372K(15232K) NonClass: 12391K(12864K)->12391K(12864K) Class: 1981K(2368K)->1981K(2368K)
[142.705s][info][gc             ] GC(1191) Pause Young (Allocation Failure) 178M->11M(510M) 2.561ms
[142.705s][info][gc,cpu         ] GC(1191) User=0.00s Sys=0.00s Real=0.00s
[142.825s][info][gc,start       ] GC(1192) Pause Young (Allocation Failure)
[142.828s][info][gc,heap        ] GC(1192) PSYoungGen: 172544K(173056K)->992K(173056K) Eden: 171520K(171520K)->0K(171520K) From: 1024K(1536K)->992K(1536K)
[142.828s][info][gc,heap        ] GC(1192) ParOldGen: 10669K(349696K)->10749K(349696K)
[142.828s][info][gc,metaspace   ] GC(1192) Metaspace: 14372K(15232K)->14372K(15232K) NonClass: 12391K(12864K)->12391K(12864K) Class: 1981K(2368K)->1981K(2368K)
[142.828s][info][gc             ] GC(1192) Pause Young (Allocation Failure) 178M->11M(510M) 2.597ms
[142.828s][info][gc,cpu         ] GC(1192) User=0.00s Sys=0.00s Real=0.00s
[142.951s][info][gc,start       ] GC(1193) Pause Young (Allocation Failure)
[142.953s][info][gc,heap        ] GC(1193) PSYoungGen: 172512K(173056K)->1024K(173056K) Eden: 171520K(171520K)->0K(171520K) From: 992K(1536K)->1024K(1536K)
[142.953s][info][gc,heap        ] GC(1193) ParOldGen: 10749K(349696K)->10789K(349696K)
[142.953s][info][gc,metaspace   ] GC(1193) Metaspace: 14372K(15232K)->14372K(15232K) NonClass: 12391K(12864K)->12391K(12864K) Class: 1981K(2368K)->1981K(2368K)
[142.953s][info][gc             ] GC(1193) Pause Young (Allocation Failure) 178M->11M(510M) 2.646ms
[142.953s][info][gc,cpu         ] GC(1193) User=0.00s Sys=0.00s Real=0.00s
[143.075s][info][gc,start       ] GC(1194) Pause Young (Allocation Failure)
[143.077s][info][gc,heap        ] GC(1194) PSYoungGen: 172544K(173056K)->1024K(173056K) Eden: 171520K(171520K)->0K(171520K) From: 1024K(1536K)->1024K(1536K)
[143.077s][info][gc,heap        ] GC(1194) ParOldGen: 10789K(349696K)->10845K(349696K)
[143.077s][info][gc,metaspace   ] GC(1194) Metaspace: 14372K(15232K)->14372K(15232K) NonClass: 12391K(12864K)->12391K(12864K) Class: 1981K(2368K)->1981K(2368K)
[143.077s][info][gc             ] GC(1194) Pause Young (Allocation Failure) 179M->11M(510M) 2.707ms
[143.077s][info][gc,cpu         ] GC(1194) User=0.00s Sys=0.00s Real=0.00s
[143.199s][info][gc,start       ] GC(1195) Pause Young (Allocation Failure)
[143.201s][info][gc,heap        ] GC(1195) PSYoungGen: 172544K(173056K)->992K(173056K) Eden: 171520K(171520K)->0K(171520K) From: 1024K(1536K)->992K(1536K)
[143.201s][info][gc,heap        ] GC(1195) ParOldGen: 10845K(349696K)->10909K(349696K)
[143.201s][info][gc,metaspace   ] GC(1195) Metaspace: 14372K(15232K)->14372K(15232K) NonClass: 12391K(12864K)->12391K(12864K) Class: 1981K(2368K)->1981K(2368K)
[143.201s][info][gc             ] GC(1195) Pause Young (Allocation Failure) 179M->11M(510M) 2.663ms
[143.201s][info][gc,cpu         ] GC(1195) User=0.00s Sys=0.00s Real=0.00s
[143.322s][info][gc,start       ] GC(1196) Pause Young (Allocation Failure)
[143.325s][info][gc,heap        ] GC(1196) PSYoungGen: 172512K(173056K)->992K(173056K) Eden: 171520K(171520K)->0K(171520K) From: 992K(1536K)->992K(1536K)
[143.325s][info][gc,heap        ] GC(1196) ParOldGen: 10909K(349696K)->10949K(349696K)
[143.325s][info][gc,metaspace   ] GC(1196) Metaspace: 14372K(15232K)->14372K(15232K) NonClass: 12391K(12864K)->12391K(12864K) Class: 1981K(2368K)->1981K(2368K)
[143.325s][info][gc             ] GC(1196) Pause Young (Allocation Failure) 179M->11M(510M) 2.683ms
[143.325s][info][gc,cpu         ] GC(1196) User=0.00s Sys=0.00s Real=0.00s
[143.449s][info][gc,start       ] GC(1197) Pause Young (Allocation Failure)
[143.451s][info][gc,heap        ] GC(1197) PSYoungGen: 172512K(173056K)->992K(173056K) Eden: 171520K(171520K)->0K(171520K) From: 992K(1536K)->992K(1536K)
[143.451s][info][gc,heap        ] GC(1197) ParOldGen: 10949K(349696K)->11005K(349696K)
[143.451s][info][gc,metaspace   ] GC(1197) Metaspace: 14372K(15232K)->14372K(15232K) NonClass: 12391K(12864K)->12391K(12864K) Class: 1981K(2368K)->1981K(2368K)
[143.451s][info][gc             ] GC(1197) Pause Young (Allocation Failure) 179M->11M(510M) 2.666ms
[143.452s][info][gc,cpu         ] GC(1197) User=0.00s Sys=0.00s Real=0.00s
[143.641s][info][gc,start       ] GC(1198) Pause Young (Allocation Failure)
[143.644s][info][gc,heap        ] GC(1198) PSYoungGen: 172512K(173056K)->1024K(173056K) Eden: 171520K(171520K)->0K(171520K) From: 992K(1536K)->1024K(1536K)
[143.644s][info][gc,heap        ] GC(1198) ParOldGen: 11005K(349696K)->11069K(349696K)
[143.644s][info][gc,metaspace   ] GC(1198) Metaspace: 14372K(15232K)->14372K(15232K) NonClass: 12391K(12864K)->12391K(12864K) Class: 1981K(2368K)->1981K(2368K)
[143.644s][info][gc             ] GC(1198) Pause Young (Allocation Failure) 179M->11M(510M) 3.598ms
[143.644s][info][gc,cpu         ] GC(1198) User=0.00s Sys=0.00s Real=0.00s
[143.779s][info][gc,start       ] GC(1199) Pause Young (Allocation Failure)
[143.781s][info][gc,heap        ] GC(1199) PSYoungGen: 172544K(173056K)->1024K(173056K) Eden: 171520K(171520K)->0K(171520K) From: 1024K(1536K)->1024K(1536K)
[143.781s][info][gc,heap        ] GC(1199) ParOldGen: 11069K(349696K)->11125K(349696K)
[143.781s][info][gc,metaspace   ] GC(1199) Metaspace: 14372K(15232K)->14372K(15232K) NonClass: 12391K(12864K)->12391K(12864K) Class: 1981K(2368K)->1981K(2368K)
[143.781s][info][gc             ] GC(1199) Pause Young (Allocation Failure) 179M->11M(510M) 2.602ms
[143.781s][info][gc,cpu         ] GC(1199) User=0.00s Sys=0.00s Real=0.00s
[143.903s][info][gc,start       ] GC(1200) Pause Young (Allocation Failure)
[143.906s][info][gc,heap        ] GC(1200) PSYoungGen: 172544K(173056K)->1024K(173056K) Eden: 171520K(171520K)->0K(171520K) From: 1024K(1536K)->1024K(1536K)
[143.906s][info][gc,heap        ] GC(1200) ParOldGen: 11125K(349696K)->11213K(349696K)
[143.906s][info][gc,metaspace   ] GC(1200) Metaspace: 14372K(15232K)->14372K(15232K) NonClass: 12391K(12864K)->12391K(12864K) Class: 1981K(2368K)->1981K(2368K)
[143.906s][info][gc             ] GC(1200) Pause Young (Allocation Failure) 179M->11M(510M) 2.422ms
[143.906s][info][gc,cpu         ] GC(1200) User=0.00s Sys=0.00s Real=0.00s
[144.032s][info][gc,start       ] GC(1201) Pause Young (Allocation Failure)
[144.034s][info][gc,heap        ] GC(1201) PSYoungGen: 172544K(173056K)->1024K(173056K) Eden: 171520K(171520K)->0K(171520K) From: 1024K(1536K)->1024K(1536K)
[144.035s][info][gc,heap        ] GC(1201) ParOldGen: 11213K(349696K)->11261K(349696K)
[144.035s][info][gc,metaspace   ] GC(1201) Metaspace: 14372K(15232K)->14372K(15232K) NonClass: 12391K(12864K)->12391K(12864K) Class: 1981K(2368K)->1981K(2368K)
[144.035s][info][gc             ] GC(1201) Pause Young (Allocation Failure) 179M->11M(510M) 2.412ms
[144.035s][info][gc,cpu         ] GC(1201) User=0.00s Sys=0.00s Real=0.00s
[144.157s][info][gc,start       ] GC(1202) Pause Young (Allocation Failure)
[144.159s][info][gc,heap        ] GC(1202) PSYoungGen: 172544K(173056K)->1024K(173056K) Eden: 171520K(171520K)->0K(171520K) From: 1024K(1536K)->1024K(1536K)
[144.159s][info][gc,heap        ] GC(1202) ParOldGen: 11261K(349696K)->11309K(349696K)
[144.159s][info][gc,metaspace   ] GC(1202) Metaspace: 14372K(15232K)->14372K(15232K) NonClass: 12391K(12864K)->12391K(12864K) Class: 1981K(2368K)->1981K(2368K)
[144.159s][info][gc             ] GC(1202) Pause Young (Allocation Failure) 179M->12M(510M) 2.483ms
[144.159s][info][gc,cpu         ] GC(1202) User=0.00s Sys=0.00s Real=0.00s
[144.290s][info][gc,start       ] GC(1203) Pause Young (Allocation Failure)
[144.292s][info][gc,heap        ] GC(1203) PSYoungGen: 172544K(173056K)->1024K(173056K) Eden: 171520K(171520K)->0K(171520K) From: 1024K(1536K)->1024K(1536K)
[144.292s][info][gc,heap        ] GC(1203) ParOldGen: 11309K(349696K)->11365K(349696K)
[144.292s][info][gc,metaspace   ] GC(1203) Metaspace: 14372K(15232K)->14372K(15232K) NonClass: 12391K(12864K)->12391K(12864K) Class: 1981K(2368K)->1981K(2368K)
[144.292s][info][gc             ] GC(1203) Pause Young (Allocation Failure) 179M->12M(510M) 2.426ms
[144.292s][info][gc,cpu         ] GC(1203) User=0.00s Sys=0.00s Real=0.00s
[144.421s][info][gc,start       ] GC(1204) Pause Young (Allocation Failure)
[144.423s][info][gc,heap        ] GC(1204) PSYoungGen: 172544K(173056K)->1024K(173056K) Eden: 171520K(171520K)->0K(171520K) From: 1024K(1536K)->1024K(1536K)
[144.423s][info][gc,heap        ] GC(1204) ParOldGen: 11365K(349696K)->11413K(349696K)
[144.423s][info][gc,metaspace   ] GC(1204) Metaspace: 14372K(15232K)->14372K(15232K) NonClass: 12391K(12864K)->12391K(12864K) Class: 1981K(2368K)->1981K(2368K)
[144.423s][info][gc             ] GC(1204) Pause Young (Allocation Failure) 179M->12M(510M) 2.288ms
[144.423s][info][gc,cpu         ] GC(1204) User=0.00s Sys=0.00s Real=0.00s
[144.548s][info][gc,start       ] GC(1205) Pause Young (Allocation Failure)
[144.550s][info][gc,heap        ] GC(1205) PSYoungGen: 172544K(173056K)->1056K(173056K) Eden: 171520K(171520K)->0K(171520K) From: 1024K(1536K)->1056K(1536K)
[144.550s][info][gc,heap        ] GC(1205) ParOldGen: 11413K(349696K)->11477K(349696K)
[144.550s][info][gc,metaspace   ] GC(1205) Metaspace: 14372K(15232K)->14372K(15232K) NonClass: 12391K(12864K)->12391K(12864K) Class: 1981K(2368K)->1981K(2368K)
[144.550s][info][gc             ] GC(1205) Pause Young (Allocation Failure) 179M->12M(510M) 2.235ms
[144.550s][info][gc,cpu         ] GC(1205) User=0.00s Sys=0.00s Real=0.00s
[144.672s][info][gc,start       ] GC(1206) Pause Young (Allocation Failure)
[144.674s][info][gc,heap        ] GC(1206) PSYoungGen: 172576K(173056K)->992K(173056K) Eden: 171520K(171520K)->0K(171520K) From: 1056K(1536K)->992K(1536K)
[144.674s][info][gc,heap        ] GC(1206) ParOldGen: 11477K(349696K)->11561K(349696K)
[144.674s][info][gc,metaspace   ] GC(1206) Metaspace: 14372K(15232K)->14372K(15232K) NonClass: 12391K(12864K)->12391K(12864K) Class: 1981K(2368K)->1981K(2368K)
[144.674s][info][gc             ] GC(1206) Pause Young (Allocation Failure) 179M->12M(510M) 2.228ms
[144.674s][info][gc,cpu         ] GC(1206) User=0.00s Sys=0.00s Real=0.00s
[144.795s][info][gc,start       ] GC(1207) Pause Young (Allocation Failure)
[144.797s][info][gc,heap        ] GC(1207) PSYoungGen: 172512K(173056K)->1024K(173056K) Eden: 171520K(171520K)->0K(171520K) From: 992K(1536K)->1024K(1536K)
[144.797s][info][gc,heap        ] GC(1207) ParOldGen: 11561K(349696K)->11609K(349696K)
[144.797s][info][gc,metaspace   ] GC(1207) Metaspace: 14372K(15232K)->14372K(15232K) NonClass: 12391K(12864K)->12391K(12864K) Class: 1981K(2368K)->1981K(2368K)
[144.797s][info][gc             ] GC(1207) Pause Young (Allocation Failure) 179M->12M(510M) 2.274ms
[144.797s][info][gc,cpu         ] GC(1207) User=0.00s Sys=0.00s Real=0.00s
[144.918s][info][gc,start       ] GC(1208) Pause Young (Allocation Failure)
[144.920s][info][gc,heap        ] GC(1208) PSYoungGen: 172544K(173056K)->1024K(173056K) Eden: 171520K(171520K)->0K(171520K) From: 1024K(1536K)->1024K(1536K)
[144.920s][info][gc,heap        ] GC(1208) ParOldGen: 11609K(349696K)->11657K(349696K)
[144.920s][info][gc,metaspace   ] GC(1208) Metaspace: 14372K(15232K)->14372K(15232K) NonClass: 12391K(12864K)->12391K(12864K) Class: 1981K(2368K)->1981K(2368K)
[144.920s][info][gc             ] GC(1208) Pause Young (Allocation Failure) 179M->12M(510M) 2.334ms
[144.920s][info][gc,cpu         ] GC(1208) User=0.00s Sys=0.00s Real=0.00s
[145.042s][info][gc,start       ] GC(1209) Pause Young (Allocation Failure)
[145.044s][info][gc,heap        ] GC(1209) PSYoungGen: 172544K(173056K)->1024K(173056K) Eden: 171520K(171520K)->0K(171520K) From: 1024K(1536K)->1024K(1536K)
[145.044s][info][gc,heap        ] GC(1209) ParOldGen: 11657K(349696K)->11705K(349696K)
[145.044s][info][gc,metaspace   ] GC(1209) Metaspace: 14372K(15232K)->14372K(15232K) NonClass: 12391K(12864K)->12391K(12864K) Class: 1981K(2368K)->1981K(2368K)
[145.044s][info][gc             ] GC(1209) Pause Young (Allocation Failure) 179M->12M(510M) 2.373ms
[145.044s][info][gc,cpu         ] GC(1209) User=0.00s Sys=0.00s Real=0.00s
[145.166s][info][gc,start       ] GC(1210) Pause Young (Allocation Failure)
[145.168s][info][gc,heap        ] GC(1210) PSYoungGen: 172544K(173056K)->1024K(173056K) Eden: 171520K(171520K)->0K(171520K) From: 1024K(1536K)->1024K(1536K)
[145.168s][info][gc,heap        ] GC(1210) ParOldGen: 11705K(349696K)->11745K(349696K)
[145.168s][info][gc,metaspace   ] GC(1210) Metaspace: 14372K(15232K)->14372K(15232K) NonClass: 12391K(12864K)->12391K(12864K) Class: 1981K(2368K)->1981K(2368K)
[145.168s][info][gc             ] GC(1210) Pause Young (Allocation Failure) 179M->12M(510M) 2.320ms
[145.168s][info][gc,cpu         ] GC(1210) User=0.00s Sys=0.00s Real=0.00s
[145.292s][info][gc,start       ] GC(1211) Pause Young (Allocation Failure)
[145.294s][info][gc,heap        ] GC(1211) PSYoungGen: 172544K(173056K)->1024K(173056K) Eden: 171520K(171520K)->0K(171520K) From: 1024K(1536K)->1024K(1536K)
[145.294s][info][gc,heap        ] GC(1211) ParOldGen: 11745K(349696K)->11793K(349696K)
[145.294s][info][gc,metaspace   ] GC(1211) Metaspace: 14372K(15232K)->14372K(15232K) NonClass: 12391K(12864K)->12391K(12864K) Class: 1981K(2368K)->1981K(2368K)
[145.294s][info][gc             ] GC(1211) Pause Young (Allocation Failure) 179M->12M(510M) 2.425ms
[145.294s][info][gc,cpu         ] GC(1211) User=0.00s Sys=0.00s Real=0.00s
[145.414s][info][gc,start       ] GC(1212) Pause Young (Allocation Failure)
[145.417s][info][gc,heap        ] GC(1212) PSYoungGen: 172544K(173056K)->1024K(173056K) Eden: 171520K(171520K)->0K(171520K) From: 1024K(1536K)->1024K(1536K)
[145.417s][info][gc,heap        ] GC(1212) ParOldGen: 11793K(349696K)->11849K(349696K)
[145.417s][info][gc,metaspace   ] GC(1212) Metaspace: 14372K(15232K)->14372K(15232K) NonClass: 12391K(12864K)->12391K(12864K) Class: 1981K(2368K)->1981K(2368K)
[145.417s][info][gc             ] GC(1212) Pause Young (Allocation Failure) 180M->12M(510M) 2.415ms
[145.417s][info][gc,cpu         ] GC(1212) User=0.00s Sys=0.00s Real=0.00s
[145.539s][info][gc,start       ] GC(1213) Pause Young (Allocation Failure)
[145.541s][info][gc,heap        ] GC(1213) PSYoungGen: 172544K(173056K)->992K(173056K) Eden: 171520K(171520K)->0K(171520K) From: 1024K(1536K)->992K(1536K)
[145.541s][info][gc,heap        ] GC(1213) ParOldGen: 11849K(349696K)->11913K(349696K)
[145.541s][info][gc,metaspace   ] GC(1213) Metaspace: 14372K(15232K)->14372K(15232K) NonClass: 12391K(12864K)->12391K(12864K) Class: 1981K(2368K)->1981K(2368K)
[145.541s][info][gc             ] GC(1213) Pause Young (Allocation Failure) 180M->12M(510M) 2.438ms
[145.541s][info][gc,cpu         ] GC(1213) User=0.00s Sys=0.00s Real=0.00s
[145.662s][info][gc,start       ] GC(1214) Pause Young (Allocation Failure)
[145.665s][info][gc,heap        ] GC(1214) PSYoungGen: 172512K(173056K)->1024K(173056K) Eden: 171520K(171520K)->0K(171520K) From: 992K(1536K)->1024K(1536K)
[145.665s][info][gc,heap        ] GC(1214) ParOldGen: 11913K(349696K)->11961K(349696K)
[145.665s][info][gc,metaspace   ] GC(1214) Metaspace: 14372K(15232K)->14372K(15232K) NonClass: 12391K(12864K)->12391K(12864K) Class: 1981K(2368K)->1981K(2368K)
[145.665s][info][gc             ] GC(1214) Pause Young (Allocation Failure) 180M->12M(510M) 2.451ms
[145.665s][info][gc,cpu         ] GC(1214) User=0.00s Sys=0.00s Real=0.00s
[145.787s][info][gc,start       ] GC(1215) Pause Young (Allocation Failure)
[145.790s][info][gc,heap        ] GC(1215) PSYoungGen: 172544K(173056K)->992K(173056K) Eden: 171520K(171520K)->0K(171520K) From: 1024K(1536K)->992K(1536K)
[145.790s][info][gc,heap        ] GC(1215) ParOldGen: 11961K(349696K)->12017K(349696K)
[145.790s][info][gc,metaspace   ] GC(1215) Metaspace: 14372K(15232K)->14372K(15232K) NonClass: 12391K(12864K)->12391K(12864K) Class: 1981K(2368K)->1981K(2368K)
[145.790s][info][gc             ] GC(1215) Pause Young (Allocation Failure) 180M->12M(510M) 2.459ms
[145.790s][info][gc,cpu         ] GC(1215) User=0.00s Sys=0.00s Real=0.00s
[145.911s][info][gc,start       ] GC(1216) Pause Young (Allocation Failure)
[145.914s][info][gc,heap        ] GC(1216) PSYoungGen: 172512K(173056K)->1024K(173056K) Eden: 171520K(171520K)->0K(171520K) From: 992K(1536K)->1024K(1536K)
[145.914s][info][gc,heap        ] GC(1216) ParOldGen: 12017K(349696K)->12081K(349696K)
[145.914s][info][gc,metaspace   ] GC(1216) Metaspace: 14372K(15232K)->14372K(15232K) NonClass: 12391K(12864K)->12391K(12864K) Class: 1981K(2368K)->1981K(2368K)
[145.914s][info][gc             ] GC(1216) Pause Young (Allocation Failure) 180M->12M(510M) 2.509ms
[145.914s][info][gc,cpu         ] GC(1216) User=0.00s Sys=0.00s Real=0.00s
[146.038s][info][gc,start       ] GC(1217) Pause Young (Allocation Failure)
[146.040s][info][gc,heap        ] GC(1217) PSYoungGen: 172544K(173056K)->1024K(173056K) Eden: 171520K(171520K)->0K(171520K) From: 1024K(1536K)->1024K(1536K)
[146.040s][info][gc,heap        ] GC(1217) ParOldGen: 12081K(349696K)->12137K(349696K)
[146.040s][info][gc,metaspace   ] GC(1217) Metaspace: 14372K(15232K)->14372K(15232K) NonClass: 12391K(12864K)->12391K(12864K) Class: 1981K(2368K)->1981K(2368K)
[146.040s][info][gc             ] GC(1217) Pause Young (Allocation Failure) 180M->12M(510M) 2.563ms
[146.040s][info][gc,cpu         ] GC(1217) User=0.00s Sys=0.00s Real=0.00s
[146.160s][info][gc,start       ] GC(1218) Pause Young (Allocation Failure)
[146.162s][info][gc,heap        ] GC(1218) PSYoungGen: 172544K(173056K)->1024K(173056K) Eden: 171520K(171520K)->0K(171520K) From: 1024K(1536K)->1024K(1536K)
[146.162s][info][gc,heap        ] GC(1218) ParOldGen: 12137K(349696K)->12193K(349696K)
[146.162s][info][gc,metaspace   ] GC(1218) Metaspace: 14372K(15232K)->14372K(15232K) NonClass: 12391K(12864K)->12391K(12864K) Class: 1981K(2368K)->1981K(2368K)
[146.162s][info][gc             ] GC(1218) Pause Young (Allocation Failure) 180M->12M(510M) 2.589ms
[146.162s][info][gc,cpu         ] GC(1218) User=0.00s Sys=0.00s Real=0.00s
[146.284s][info][gc,start       ] GC(1219) Pause Young (Allocation Failure)
[146.286s][info][gc,heap        ] GC(1219) PSYoungGen: 172544K(173056K)->1024K(173056K) Eden: 171520K(171520K)->0K(171520K) From: 1024K(1536K)->1024K(1536K)
[146.286s][info][gc,heap        ] GC(1219) ParOldGen: 12193K(349696K)->12241K(349696K)
[146.286s][info][gc,metaspace   ] GC(1219) Metaspace: 14372K(15232K)->14372K(15232K) NonClass: 12391K(12864K)->12391K(12864K) Class: 1981K(2368K)->1981K(2368K)
[146.286s][info][gc             ] GC(1219) Pause Young (Allocation Failure) 180M->12M(510M) 2.599ms
[146.286s][info][gc,cpu         ] GC(1219) User=0.52s Sys=0.00s Real=0.00s
[146.405s][info][gc,start       ] GC(1220) Pause Young (Allocation Failure)
[146.408s][info][gc,heap        ] GC(1220) PSYoungGen: 172544K(173056K)->992K(173056K) Eden: 171520K(171520K)->0K(171520K) From: 1024K(1536K)->992K(1536K)
[146.408s][info][gc,heap        ] GC(1220) ParOldGen: 12241K(349696K)->12313K(349696K)
[146.408s][info][gc,metaspace   ] GC(1220) Metaspace: 14372K(15232K)->14372K(15232K) NonClass: 12391K(12864K)->12391K(12864K) Class: 1981K(2368K)->1981K(2368K)
[146.408s][info][gc             ] GC(1220) Pause Young (Allocation Failure) 180M->12M(510M) 2.613ms
[146.408s][info][gc,cpu         ] GC(1220) User=0.00s Sys=0.00s Real=0.00s
[146.526s][info][gc,start       ] GC(1221) Pause Young (Allocation Failure)
[146.529s][info][gc,heap        ] GC(1221) PSYoungGen: 172512K(173056K)->1024K(173056K) Eden: 171520K(171520K)->0K(171520K) From: 992K(1536K)->1024K(1536K)
[146.529s][info][gc,heap        ] GC(1221) ParOldGen: 12313K(349696K)->12369K(349696K)
[146.529s][info][gc,metaspace   ] GC(1221) Metaspace: 14372K(15232K)->14372K(15232K) NonClass: 12391K(12864K)->12391K(12864K) Class: 1981K(2368K)->1981K(2368K)
[146.529s][info][gc             ] GC(1221) Pause Young (Allocation Failure) 180M->13M(510M) 2.693ms
[146.529s][info][gc,cpu         ] GC(1221) User=0.00s Sys=0.00s Real=0.00s
[146.645s][info][gc,start       ] GC(1222) Pause Young (Allocation Failure)
[146.648s][info][gc,heap        ] GC(1222) PSYoungGen: 172544K(173056K)->1024K(173056K) Eden: 171520K(171520K)->0K(171520K) From: 1024K(1536K)->1024K(1536K)
[146.648s][info][gc,heap        ] GC(1222) ParOldGen: 12369K(349696K)->12425K(349696K)
[146.648s][info][gc,metaspace   ] GC(1222) Metaspace: 14372K(15232K)->14372K(15232K) NonClass: 12391K(12864K)->12391K(12864K) Class: 1981K(2368K)->1981K(2368K)
[146.648s][info][gc             ] GC(1222) Pause Young (Allocation Failure) 180M->13M(510M) 2.658ms
[146.648s][info][gc,cpu         ] GC(1222) User=0.00s Sys=0.00s Real=0.00s
[146.764s][info][gc,start       ] GC(1223) Pause Young (Allocation Failure)
[146.767s][info][gc,heap        ] GC(1223) PSYoungGen: 172544K(173056K)->960K(173056K) Eden: 171520K(171520K)->0K(171520K) From: 1024K(1536K)->960K(1536K)
[146.767s][info][gc,heap        ] GC(1223) ParOldGen: 12425K(349696K)->12489K(349696K)
[146.767s][info][gc,metaspace   ] GC(1223) Metaspace: 14372K(15232K)->14372K(15232K) NonClass: 12391K(12864K)->12391K(12864K) Class: 1981K(2368K)->1981K(2368K)
[146.767s][info][gc             ] GC(1223) Pause Young (Allocation Failure) 180M->13M(510M) 2.694ms
[146.767s][info][gc,cpu         ] GC(1223) User=0.00s Sys=0.00s Real=0.00s
[146.880s][info][gc,start       ] GC(1224) Pause Young (Allocation Failure)
[146.883s][info][gc,heap        ] GC(1224) PSYoungGen: 172480K(173056K)->992K(173056K) Eden: 171520K(171520K)->0K(171520K) From: 960K(1536K)->992K(1536K)
[146.883s][info][gc,heap        ] GC(1224) ParOldGen: 12489K(349696K)->12537K(349696K)
[146.883s][info][gc,metaspace   ] GC(1224) Metaspace: 14372K(15232K)->14372K(15232K) NonClass: 12391K(12864K)->12391K(12864K) Class: 1981K(2368K)->1981K(2368K)
[146.883s][info][gc             ] GC(1224) Pause Young (Allocation Failure) 180M->13M(510M) 2.720ms
[146.883s][info][gc,cpu         ] GC(1224) User=0.00s Sys=0.00s Real=0.00s
[146.991s][info][gc,start       ] GC(1225) Pause Young (Allocation Failure)
[146.994s][info][gc,heap        ] GC(1225) PSYoungGen: 172512K(173056K)->896K(173056K) Eden: 171520K(171520K)->0K(171520K) From: 992K(1536K)->896K(1536K)
[146.994s][info][gc,heap        ] GC(1225) ParOldGen: 12537K(349696K)->12593K(349696K)
[146.994s][info][gc,metaspace   ] GC(1225) Metaspace: 14372K(15232K)->14372K(15232K) NonClass: 12391K(12864K)->12391K(12864K) Class: 1981K(2368K)->1981K(2368K)
[146.994s][info][gc             ] GC(1225) Pause Young (Allocation Failure) 180M->13M(510M) 2.796ms
[146.994s][info][gc,cpu         ] GC(1225) User=0.00s Sys=0.00s Real=0.00s
[147.084s][info][gc,start       ] GC(1226) Pause Young (Allocation Failure)
[147.086s][info][gc,heap        ] GC(1226) PSYoungGen: 172416K(173056K)->896K(173056K) Eden: 171520K(171520K)->0K(171520K) From: 896K(1536K)->896K(1536K)
[147.086s][info][gc,heap        ] GC(1226) ParOldGen: 12593K(349696K)->12633K(349696K)
[147.086s][info][gc,metaspace   ] GC(1226) Metaspace: 14372K(15232K)->14372K(15232K) NonClass: 12391K(12864K)->12391K(12864K) Class: 1981K(2368K)->1981K(2368K)
[147.086s][info][gc             ] GC(1226) Pause Young (Allocation Failure) 180M->13M(510M) 2.870ms
[147.086s][info][gc,cpu         ] GC(1226) User=0.00s Sys=0.00s Real=0.00s
[147.152s][info][gc,start       ] GC(1227) Pause Young (Allocation Failure)
[147.155s][info][gc,heap        ] GC(1227) PSYoungGen: 172416K(173056K)->768K(173056K) Eden: 171520K(171520K)->0K(171520K) From: 896K(1536K)->768K(1536K)
[147.155s][info][gc,heap        ] GC(1227) ParOldGen: 12633K(349696K)->12673K(349696K)
[147.155s][info][gc,metaspace   ] GC(1227) Metaspace: 14372K(15232K)->14372K(15232K) NonClass: 12391K(12864K)->12391K(12864K) Class: 1981K(2368K)->1981K(2368K)
[147.155s][info][gc             ] GC(1227) Pause Young (Allocation Failure) 180M->13M(510M) 2.827ms
[147.155s][info][gc,cpu         ] GC(1227) User=0.00s Sys=0.00s Real=0.00s
[147.225s][info][gc,start       ] GC(1228) Pause Young (Allocation Failure)
[147.228s][info][gc,heap        ] GC(1228) PSYoungGen: 172288K(173056K)->800K(173056K) Eden: 171520K(171520K)->0K(171520K) From: 768K(1536K)->800K(1536K)
[147.228s][info][gc,heap        ] GC(1228) ParOldGen: 12673K(349696K)->12705K(349696K)
[147.228s][info][gc,metaspace   ] GC(1228) Metaspace: 14372K(15232K)->14372K(15232K) NonClass: 12391K(12864K)->12391K(12864K) Class: 1981K(2368K)->1981K(2368K)
[147.228s][info][gc             ] GC(1228) Pause Young (Allocation Failure) 180M->13M(510M) 2.884ms
[147.228s][info][gc,cpu         ] GC(1228) User=0.00s Sys=0.00s Real=0.00s
[147.363s][info][gc,start       ] GC(1229) Pause Young (Allocation Failure)
[147.366s][info][gc,heap        ] GC(1229) PSYoungGen: 172320K(173056K)->832K(173056K) Eden: 171520K(171520K)->0K(171520K) From: 800K(1536K)->832K(1536K)
[147.366s][info][gc,heap        ] GC(1229) ParOldGen: 12705K(349696K)->12745K(349696K)
[147.366s][info][gc,metaspace   ] GC(1229) Metaspace: 14372K(15232K)->14372K(15232K) NonClass: 12391K(12864K)->12391K(12864K) Class: 1981K(2368K)->1981K(2368K)
[147.367s][info][gc             ] GC(1229) Pause Young (Allocation Failure) 180M->13M(510M) 3.451ms
[147.367s][info][gc,cpu         ] GC(1229) User=0.00s Sys=0.00s Real=0.00s
[147.489s][info][gc,start       ] GC(1230) Pause Young (Allocation Failure)
[147.492s][info][gc,heap        ] GC(1230) PSYoungGen: 172352K(173056K)->512K(173056K) Eden: 171520K(171520K)->0K(171520K) From: 832K(1536K)->512K(1536K)
[147.492s][info][gc,heap        ] GC(1230) ParOldGen: 12745K(349696K)->12793K(349696K)
[147.492s][info][gc,metaspace   ] GC(1230) Metaspace: 14372K(15232K)->14372K(15232K) NonClass: 12391K(12864K)->12391K(12864K) Class: 1981K(2368K)->1981K(2368K)
[147.492s][info][gc             ] GC(1230) Pause Young (Allocation Failure) 180M->12M(510M) 2.523ms
[147.492s][info][gc,cpu         ] GC(1230) User=0.00s Sys=0.00s Real=0.00s
[147.577s][info][gc,start       ] GC(1231) Pause Young (System.gc())
[147.579s][info][gc,heap        ] GC(1231) PSYoungGen: 63002K(173056K)->224K(173056K) Eden: 62490K(171520K)->0K(171520K) From: 512K(1536K)->224K(1536K)
[147.579s][info][gc,heap        ] GC(1231) ParOldGen: 12793K(349696K)->12841K(349696K)
[147.579s][info][gc,metaspace   ] GC(1231) Metaspace: 14374K(15232K)->14374K(15232K) NonClass: 12393K(12864K)->12393K(12864K) Class: 1981K(2368K)->1981K(2368K)
[147.580s][info][gc             ] GC(1231) Pause Young (System.gc()) 74M->12M(510M) 2.553ms
[147.580s][info][gc,cpu         ] GC(1231) User=0.00s Sys=0.00s Real=0.00s
[147.580s][info][gc,start       ] GC(1232) Pause Full (System.gc())
[147.580s][info][gc,phases,start] GC(1232) Marking Phase
[147.593s][info][gc,phases      ] GC(1232) Marking Phase 12.797ms
[147.593s][info][gc,phases,start] GC(1232) Summary Phase
[147.593s][info][gc,phases      ] GC(1232) Summary Phase 0.029ms
[147.593s][info][gc,phases,start] GC(1232) Adjust Roots
[147.597s][info][gc,phases      ] GC(1232) Adjust Roots 3.902ms
[147.597s][info][gc,phases,start] GC(1232) Compaction Phase
[147.598s][info][gc,phases      ] GC(1232) Compaction Phase 1.356ms
[147.598s][info][gc,phases,start] GC(1232) Post Compact
[147.598s][info][gc,phases      ] GC(1232) Post Compact 0.226ms
[147.598s][info][gc,heap        ] GC(1232) PSYoungGen: 224K(173056K)->0K(173056K) Eden: 0K(171520K)->0K(171520K) From: 224K(1536K)->0K(1536K)
[147.598s][info][gc,heap        ] GC(1232) ParOldGen: 12841K(349696K)->5380K(349696K)
[147.598s][info][gc,metaspace   ] GC(1232) Metaspace: 14374K(15232K)->14374K(15232K) NonClass: 12393K(12864K)->12393K(12864K) Class: 1981K(2368K)->1981K(2368K)
[147.598s][info][gc             ] GC(1232) Pause Full (System.gc()) 12M->5M(510M) 18.663ms
[147.598s][info][gc,cpu         ] GC(1232) User=0.02s Sys=0.00s Real=0.02s
[147.745s][info][gc,start       ] GC(1233) Pause Young (Allocation Failure)
[147.747s][info][gc,heap        ] GC(1233) PSYoungGen: 171520K(173056K)->1536K(172032K) Eden: 171520K(171520K)->0K(170496K) From: 0K(1536K)->1536K(1536K)
[147.747s][info][gc,heap        ] GC(1233) ParOldGen: 5380K(349696K)->5867K(349696K)
[147.747s][info][gc,metaspace   ] GC(1233) Metaspace: 14377K(15232K)->14377K(15232K) NonClass: 12396K(12864K)->12396K(12864K) Class: 1981K(2368K)->1981K(2368K)
[147.747s][info][gc             ] GC(1233) Pause Young (Allocation Failure) 172M->7M(509M) 2.561ms
[147.747s][info][gc,cpu         ] GC(1233) User=0.00s Sys=0.00s Real=0.00s
[147.859s][info][gc,start       ] GC(1234) Pause Young (Allocation Failure)
[147.877s][info][gc,heap        ] GC(1234) PSYoungGen: 172032K(172032K)->1024K(172544K) Eden: 170496K(170496K)->0K(170496K) From: 1536K(1536K)->1024K(2048K)
[147.877s][info][gc,heap        ] GC(1234) ParOldGen: 5867K(349696K)->7028K(349696K)
[147.877s][info][gc,metaspace   ] GC(1234) Metaspace: 14377K(15232K)->14377K(15232K) NonClass: 12396K(12864K)->12396K(12864K) Class: 1981K(2368K)->1981K(2368K)
[147.877s][info][gc             ] GC(1234) Pause Young (Allocation Failure) 173M->7M(510M) 18.155ms
[147.877s][info][gc,cpu         ] GC(1234) User=0.00s Sys=0.00s Real=0.01s
[148.001s][info][gc,start       ] GC(1235) Pause Young (Allocation Failure)
[148.004s][info][gc,heap        ] GC(1235) PSYoungGen: 171520K(172544K)->1024K(172544K) Eden: 170496K(170496K)->0K(170496K) From: 1024K(2048K)->1024K(2048K)
[148.004s][info][gc,heap        ] GC(1235) ParOldGen: 7028K(349696K)->7060K(349696K)
[148.004s][info][gc,metaspace   ] GC(1235) Metaspace: 14377K(15232K)->14377K(15232K) NonClass: 12396K(12864K)->12396K(12864K) Class: 1981K(2368K)->1981K(2368K)
[148.004s][info][gc             ] GC(1235) Pause Young (Allocation Failure) 174M->7M(510M) 2.355ms
[148.004s][info][gc,cpu         ] GC(1235) User=0.48s Sys=0.03s Real=0.00s
[148.126s][info][gc,start       ] GC(1236) Pause Young (Allocation Failure)
[148.128s][info][gc,heap        ] GC(1236) PSYoungGen: 171520K(172544K)->992K(171520K) Eden: 170496K(170496K)->0K(170496K) From: 1024K(2048K)->992K(1024K)
[148.128s][info][gc,heap        ] GC(1236) ParOldGen: 7060K(349696K)->7116K(349696K)
[148.128s][info][gc,metaspace   ] GC(1236) Metaspace: 14377K(15232K)->14377K(15232K) NonClass: 12396K(12864K)->12396K(12864K) Class: 1981K(2368K)->1981K(2368K)
[148.128s][info][gc             ] GC(1236) Pause Young (Allocation Failure) 174M->7M(509M) 2.414ms
[148.128s][info][gc,cpu         ] GC(1236) User=0.00s Sys=0.00s Real=0.00s
[148.253s][info][gc,start       ] GC(1237) Pause Young (Allocation Failure)
[148.256s][info][gc,heap        ] GC(1237) PSYoungGen: 171488K(171520K)->1024K(172032K) Eden: 170496K(170496K)->0K(170496K) From: 992K(1024K)->1024K(1536K)
[148.256s][info][gc,heap        ] GC(1237) ParOldGen: 7116K(349696K)->7196K(349696K)
[148.256s][info][gc,metaspace   ] GC(1237) Metaspace: 14377K(15232K)->14377K(15232K) NonClass: 12396K(12864K)->12396K(12864K) Class: 1981K(2368K)->1981K(2368K)
[148.256s][info][gc             ] GC(1237) Pause Young (Allocation Failure) 174M->8M(509M) 2.321ms
[148.256s][info][gc,cpu         ] GC(1237) User=0.52s Sys=0.00s Real=0.00s
[148.376s][info][gc,start       ] GC(1238) Pause Young (Allocation Failure)
[148.378s][info][gc,heap        ] GC(1238) PSYoungGen: 171520K(172032K)->1024K(172032K) Eden: 170496K(170496K)->0K(170496K) From: 1024K(1536K)->1024K(1536K)
[148.378s][info][gc,heap        ] GC(1238) ParOldGen: 7196K(349696K)->7244K(349696K)
[148.378s][info][gc,metaspace   ] GC(1238) Metaspace: 14377K(15232K)->14377K(15232K) NonClass: 12396K(12864K)->12396K(12864K) Class: 1981K(2368K)->1981K(2368K)
[148.378s][info][gc             ] GC(1238) Pause Young (Allocation Failure) 174M->8M(509M) 2.343ms
[148.378s][info][gc,cpu         ] GC(1238) User=0.00s Sys=0.00s Real=0.00s
[148.501s][info][gc,start       ] GC(1239) Pause Young (Allocation Failure)
[148.503s][info][gc,heap        ] GC(1239) PSYoungGen: 171520K(172032K)->1024K(173056K) Eden: 170496K(170496K)->0K(171520K) From: 1024K(1536K)->1024K(1536K)
[148.503s][info][gc,heap        ] GC(1239) ParOldGen: 7244K(349696K)->7292K(349696K)
[148.503s][info][gc,metaspace   ] GC(1239) Metaspace: 14377K(15232K)->14377K(15232K) NonClass: 12396K(12864K)->12396K(12864K) Class: 1981K(2368K)->1981K(2368K)
[148.503s][info][gc             ] GC(1239) Pause Young (Allocation Failure) 174M->8M(510M) 2.365ms
[148.503s][info][gc,cpu         ] GC(1239) User=0.00s Sys=0.00s Real=0.00s
[148.627s][info][gc,start       ] GC(1240) Pause Young (Allocation Failure)
[148.630s][info][gc,heap        ] GC(1240) PSYoungGen: 172544K(173056K)->1056K(173056K) Eden: 171520K(171520K)->0K(171520K) From: 1024K(1536K)->1056K(1536K)
[148.630s][info][gc,heap        ] GC(1240) ParOldGen: 7292K(349696K)->7348K(349696K)
[148.630s][info][gc,metaspace   ] GC(1240) Metaspace: 14377K(15232K)->14377K(15232K) NonClass: 12396K(12864K)->12396K(12864K) Class: 1981K(2368K)->1981K(2368K)
[148.630s][info][gc             ] GC(1240) Pause Young (Allocation Failure) 175M->8M(510M) 2.421ms
[148.630s][info][gc,cpu         ] GC(1240) User=0.52s Sys=0.00s Real=0.00s
[148.754s][info][gc,start       ] GC(1241) Pause Young (Allocation Failure)
[148.756s][info][gc,heap        ] GC(1241) PSYoungGen: 172576K(173056K)->1024K(173056K) Eden: 171520K(171520K)->0K(171520K) From: 1056K(1536K)->1024K(1536K)
[148.756s][info][gc,heap        ] GC(1241) ParOldGen: 7348K(349696K)->7396K(349696K)
[148.756s][info][gc,metaspace   ] GC(1241) Metaspace: 14377K(15232K)->14377K(15232K) NonClass: 12396K(12864K)->12396K(12864K) Class: 1981K(2368K)->1981K(2368K)
[148.756s][info][gc             ] GC(1241) Pause Young (Allocation Failure) 175M->8M(510M) 2.441ms
[148.756s][info][gc,cpu         ] GC(1241) User=0.00s Sys=0.00s Real=0.00s
[148.878s][info][gc,start       ] GC(1242) Pause Young (Allocation Failure)
[148.881s][info][gc,heap        ] GC(1242) PSYoungGen: 172544K(173056K)->992K(173056K) Eden: 171520K(171520K)->0K(171520K) From: 1024K(1536K)->992K(1536K)
[148.881s][info][gc,heap        ] GC(1242) ParOldGen: 7396K(349696K)->7460K(349696K)
[148.881s][info][gc,metaspace   ] GC(1242) Metaspace: 14377K(15232K)->14377K(15232K) NonClass: 12396K(12864K)->12396K(12864K) Class: 1981K(2368K)->1981K(2368K)
[148.881s][info][gc             ] GC(1242) Pause Young (Allocation Failure) 175M->8M(510M) 2.491ms
[148.881s][info][gc,cpu         ] GC(1242) User=0.52s Sys=0.00s Real=0.00s
[149.003s][info][gc,start       ] GC(1243) Pause Young (Allocation Failure)
[149.005s][info][gc,heap        ] GC(1243) PSYoungGen: 172512K(173056K)->1024K(173056K) Eden: 171520K(171520K)->0K(171520K) From: 992K(1536K)->1024K(1536K)
[149.005s][info][gc,heap        ] GC(1243) ParOldGen: 7460K(349696K)->7508K(349696K)
[149.005s][info][gc,metaspace   ] GC(1243) Metaspace: 14377K(15232K)->14377K(15232K) NonClass: 12396K(12864K)->12396K(12864K) Class: 1981K(2368K)->1981K(2368K)
[149.005s][info][gc             ] GC(1243) Pause Young (Allocation Failure) 175M->8M(510M) 2.494ms
[149.005s][info][gc,cpu         ] GC(1243) User=0.52s Sys=0.00s Real=0.00s
[149.127s][info][gc,start       ] GC(1244) Pause Young (Allocation Failure)
[149.129s][info][gc,heap        ] GC(1244) PSYoungGen: 172544K(173056K)->992K(173056K) Eden: 171520K(171520K)->0K(171520K) From: 1024K(1536K)->992K(1536K)
[149.129s][info][gc,heap        ] GC(1244) ParOldGen: 7508K(349696K)->7564K(349696K)
[149.129s][info][gc,metaspace   ] GC(1244) Metaspace: 14377K(15232K)->14377K(15232K) NonClass: 12396K(12864K)->12396K(12864K) Class: 1981K(2368K)->1981K(2368K)
[149.129s][info][gc             ] GC(1244) Pause Young (Allocation Failure) 175M->8M(510M) 2.505ms
[149.130s][info][gc,cpu         ] GC(1244) User=0.52s Sys=0.00s Real=0.00s
[149.251s][info][gc,start       ] GC(1245) Pause Young (Allocation Failure)
[149.253s][info][gc,heap        ] GC(1245) PSYoungGen: 172512K(173056K)->1024K(173056K) Eden: 171520K(171520K)->0K(171520K) From: 992K(1536K)->1024K(1536K)
[149.279s][info][gc,heap        ] GC(1245) ParOldGen: 7564K(349696K)->7604K(349696K)
[149.279s][info][gc,metaspace   ] GC(1245) Metaspace: 14377K(15232K)->14377K(15232K) NonClass: 12396K(12864K)->12396K(12864K) Class: 1981K(2368K)->1981K(2368K)
[149.279s][info][gc             ] GC(1245) Pause Young (Allocation Failure) 175M->8M(510M) 28.569ms
[149.279s][info][gc,cpu         ] GC(1245) User=0.00s Sys=0.00s Real=0.01s
[149.409s][info][gc,start       ] GC(1246) Pause Young (Allocation Failure)
[149.411s][info][gc,heap        ] GC(1246) PSYoungGen: 172544K(173056K)->960K(173056K) Eden: 171520K(171520K)->0K(171520K) From: 1024K(1536K)->960K(1536K)
[149.411s][info][gc,heap        ] GC(1246) ParOldGen: 7604K(349696K)->7652K(349696K)
[149.411s][info][gc,metaspace   ] GC(1246) Metaspace: 14377K(15232K)->14377K(15232K) NonClass: 12396K(12864K)->12396K(12864K) Class: 1981K(2368K)->1981K(2368K)
[149.411s][info][gc             ] GC(1246) Pause Young (Allocation Failure) 175M->8M(510M) 2.562ms
[149.411s][info][gc,cpu         ] GC(1246) User=0.00s Sys=0.00s Real=0.00s
[149.533s][info][gc,start       ] GC(1247) Pause Young (Allocation Failure)
[149.535s][info][gc,heap        ] GC(1247) PSYoungGen: 172480K(173056K)->1024K(173056K) Eden: 171520K(171520K)->0K(171520K) From: 960K(1536K)->1024K(1536K)
[149.535s][info][gc,heap        ] GC(1247) ParOldGen: 7652K(349696K)->7716K(349696K)
[149.535s][info][gc,metaspace   ] GC(1247) Metaspace: 14377K(15232K)->14377K(15232K) NonClass: 12396K(12864K)->12396K(12864K) Class: 1981K(2368K)->1981K(2368K)
[149.536s][info][gc             ] GC(1247) Pause Young (Allocation Failure) 175M->8M(510M) 2.574ms
[149.536s][info][gc,cpu         ] GC(1247) User=0.00s Sys=0.00s Real=0.00s
[149.659s][info][gc,start       ] GC(1248) Pause Young (Allocation Failure)
[149.661s][info][gc,heap        ] GC(1248) PSYoungGen: 172544K(173056K)->1024K(173056K) Eden: 171520K(171520K)->0K(171520K) From: 1024K(1536K)->1024K(1536K)
[149.661s][info][gc,heap        ] GC(1248) ParOldGen: 7716K(349696K)->7780K(349696K)
[149.661s][info][gc,metaspace   ] GC(1248) Metaspace: 14377K(15232K)->14377K(15232K) NonClass: 12396K(12864K)->12396K(12864K) Class: 1981K(2368K)->1981K(2368K)
[149.661s][info][gc             ] GC(1248) Pause Young (Allocation Failure) 176M->8M(510M) 2.609ms
[149.661s][info][gc,cpu         ] GC(1248) User=0.52s Sys=0.00s Real=0.00s
[149.785s][info][gc,start       ] GC(1249) Pause Young (Allocation Failure)
[149.787s][info][gc,heap        ] GC(1249) PSYoungGen: 172544K(173056K)->1024K(173056K) Eden: 171520K(171520K)->0K(171520K) From: 1024K(1536K)->1024K(1536K)
[149.787s][info][gc,heap        ] GC(1249) ParOldGen: 7780K(349696K)->7852K(349696K)
[149.787s][info][gc,metaspace   ] GC(1249) Metaspace: 14377K(15232K)->14377K(15232K) NonClass: 12396K(12864K)->12396K(12864K) Class: 1981K(2368K)->1981K(2368K)
[149.787s][info][gc             ] GC(1249) Pause Young (Allocation Failure) 176M->8M(510M) 2.602ms
[149.787s][info][gc,cpu         ] GC(1249) User=0.00s Sys=0.00s Real=0.00s
[149.909s][info][gc,start       ] GC(1250) Pause Young (Allocation Failure)
[149.912s][info][gc,heap        ] GC(1250) PSYoungGen: 172544K(173056K)->1024K(173056K) Eden: 171520K(171520K)->0K(171520K) From: 1024K(1536K)->1024K(1536K)
[149.912s][info][gc,heap        ] GC(1250) ParOldGen: 7852K(349696K)->7916K(349696K)
[149.912s][info][gc,metaspace   ] GC(1250) Metaspace: 14377K(15232K)->14377K(15232K) NonClass: 12396K(12864K)->12396K(12864K) Class: 1981K(2368K)->1981K(2368K)
[149.912s][info][gc             ] GC(1250) Pause Young (Allocation Failure) 176M->8M(510M) 2.613ms
[149.912s][info][gc,cpu         ] GC(1250) User=0.52s Sys=0.00s Real=0.00s
[150.034s][info][gc,start       ] GC(1251) Pause Young (Allocation Failure)
[150.037s][info][gc,heap        ] GC(1251) PSYoungGen: 172544K(173056K)->992K(173056K) Eden: 171520K(171520K)->0K(171520K) From: 1024K(1536K)->992K(1536K)
[150.037s][info][gc,heap        ] GC(1251) ParOldGen: 7916K(349696K)->7988K(349696K)
[150.037s][info][gc,metaspace   ] GC(1251) Metaspace: 14377K(15232K)->14377K(15232K) NonClass: 12396K(12864K)->12396K(12864K) Class: 1981K(2368K)->1981K(2368K)
[150.037s][info][gc             ] GC(1251) Pause Young (Allocation Failure) 176M->8M(510M) 2.667ms
[150.037s][info][gc,cpu         ] GC(1251) User=0.52s Sys=0.00s Real=0.00s
[150.163s][info][gc,start       ] GC(1252) Pause Young (Allocation Failure)
[150.165s][info][gc,heap        ] GC(1252) PSYoungGen: 172512K(173056K)->1024K(173056K) Eden: 171520K(171520K)->0K(171520K) From: 992K(1536K)->1024K(1536K)
[150.165s][info][gc,heap        ] GC(1252) ParOldGen: 7988K(349696K)->8036K(349696K)
[150.165s][info][gc,metaspace   ] GC(1252) Metaspace: 14377K(15232K)->14377K(15232K) NonClass: 12396K(12864K)->12396K(12864K) Class: 1981K(2368K)->1981K(2368K)
[150.165s][info][gc             ] GC(1252) Pause Young (Allocation Failure) 176M->8M(510M) 2.706ms
[150.165s][info][gc,cpu         ] GC(1252) User=0.00s Sys=0.00s Real=0.00s
[150.287s][info][gc,start       ] GC(1253) Pause Young (Allocation Failure)
[150.290s][info][gc,heap        ] GC(1253) PSYoungGen: 172544K(173056K)->1024K(173056K) Eden: 171520K(171520K)->0K(171520K) From: 1024K(1536K)->1024K(1536K)
[150.290s][info][gc,heap        ] GC(1253) ParOldGen: 8036K(349696K)->8108K(349696K)
[150.290s][info][gc,metaspace   ] GC(1253) Metaspace: 14377K(15232K)->14377K(15232K) NonClass: 12396K(12864K)->12396K(12864K) Class: 1981K(2368K)->1981K(2368K)
[150.290s][info][gc             ] GC(1253) Pause Young (Allocation Failure) 176M->8M(510M) 2.718ms
[150.290s][info][gc,cpu         ] GC(1253) User=0.00s Sys=0.00s Real=0.00s
[150.412s][info][gc,start       ] GC(1254) Pause Young (Allocation Failure)
[150.415s][info][gc,heap        ] GC(1254) PSYoungGen: 172544K(173056K)->1024K(173056K) Eden: 171520K(171520K)->0K(171520K) From: 1024K(1536K)->1024K(1536K)
[150.415s][info][gc,heap        ] GC(1254) ParOldGen: 8108K(349696K)->8188K(349696K)
[150.415s][info][gc,metaspace   ] GC(1254) Metaspace: 14377K(15232K)->14377K(15232K) NonClass: 12396K(12864K)->12396K(12864K) Class: 1981K(2368K)->1981K(2368K)
[150.415s][info][gc             ] GC(1254) Pause Young (Allocation Failure) 176M->8M(510M) 2.726ms
[150.415s][info][gc,cpu         ] GC(1254) User=0.00s Sys=0.00s Real=0.00s
[150.539s][info][gc,start       ] GC(1255) Pause Young (Allocation Failure)
[150.542s][info][gc,heap        ] GC(1255) PSYoungGen: 172544K(173056K)->992K(173056K) Eden: 171520K(171520K)->0K(171520K) From: 1024K(1536K)->992K(1536K)
[150.542s][info][gc,heap        ] GC(1255) ParOldGen: 8188K(349696K)->8244K(349696K)
[150.542s][info][gc,metaspace   ] GC(1255) Metaspace: 14377K(15232K)->14377K(15232K) NonClass: 12396K(12864K)->12396K(12864K) Class: 1981K(2368K)->1981K(2368K)
[150.542s][info][gc             ] GC(1255) Pause Young (Allocation Failure) 176M->9M(510M) 2.722ms
[150.542s][info][gc,cpu         ] GC(1255) User=0.00s Sys=0.00s Real=0.00s
[150.667s][info][gc,start       ] GC(1256) Pause Young (Allocation Failure)
[150.670s][info][gc,heap        ] GC(1256) PSYoungGen: 172511K(173056K)->1024K(173056K) Eden: 171519K(171520K)->0K(171520K) From: 992K(1536K)->1024K(1536K)
[150.670s][info][gc,heap        ] GC(1256) ParOldGen: 8244K(349696K)->8308K(349696K)
[150.670s][info][gc,metaspace   ] GC(1256) Metaspace: 14377K(15232K)->14377K(15232K) NonClass: 12396K(12864K)->12396K(12864K) Class: 1981K(2368K)->1981K(2368K)
[150.670s][info][gc             ] GC(1256) Pause Young (Allocation Failure) 176M->9M(510M) 2.771ms
[150.670s][info][gc,cpu         ] GC(1256) User=0.00s Sys=0.00s Real=0.00s
[150.800s][info][gc,start       ] GC(1257) Pause Young (Allocation Failure)
[150.803s][info][gc,heap        ] GC(1257) PSYoungGen: 172544K(173056K)->1024K(173056K) Eden: 171520K(171520K)->0K(171520K) From: 1024K(1536K)->1024K(1536K)
[150.803s][info][gc,heap        ] GC(1257) ParOldGen: 8308K(349696K)->8364K(349696K)
[150.803s][info][gc,metaspace   ] GC(1257) Metaspace: 14377K(15232K)->14377K(15232K) NonClass: 12396K(12864K)->12396K(12864K) Class: 1981K(2368K)->1981K(2368K)
[150.803s][info][gc             ] GC(1257) Pause Young (Allocation Failure) 176M->9M(510M) 2.835ms
[150.803s][info][gc,cpu         ] GC(1257) User=0.52s Sys=0.00s Real=0.00s
[150.969s][info][gc,start       ] GC(1258) Pause Young (Allocation Failure)
[150.972s][info][gc,heap        ] GC(1258) PSYoungGen: 172544K(173056K)->960K(173056K) Eden: 171520K(171520K)->0K(171520K) From: 1024K(1536K)->960K(1536K)
[150.972s][info][gc,heap        ] GC(1258) ParOldGen: 8364K(349696K)->8420K(349696K)
[150.973s][info][gc,metaspace   ] GC(1258) Metaspace: 14377K(15232K)->14377K(15232K) NonClass: 12396K(12864K)->12396K(12864K) Class: 1981K(2368K)->1981K(2368K)
[150.973s][info][gc             ] GC(1258) Pause Young (Allocation Failure) 176M->9M(510M) 3.721ms
[150.973s][info][gc,cpu         ] GC(1258) User=0.00s Sys=0.00s Real=0.00s
[151.107s][info][gc,start       ] GC(1259) Pause Young (Allocation Failure)
[151.109s][info][gc,heap        ] GC(1259) PSYoungGen: 172480K(173056K)->1056K(173056K) Eden: 171520K(171520K)->0K(171520K) From: 960K(1536K)->1056K(1536K)
[151.109s][info][gc,heap        ] GC(1259) ParOldGen: 8420K(349696K)->8492K(349696K)
[151.109s][info][gc,metaspace   ] GC(1259) Metaspace: 14377K(15232K)->14377K(15232K) NonClass: 12396K(12864K)->12396K(12864K) Class: 1981K(2368K)->1981K(2368K)
[151.109s][info][gc             ] GC(1259) Pause Young (Allocation Failure) 176M->9M(510M) 2.670ms
[151.109s][info][gc,cpu         ] GC(1259) User=0.00s Sys=0.00s Real=0.00s
[151.244s][info][gc,start       ] GC(1260) Pause Young (Allocation Failure)
[151.247s][info][gc,heap        ] GC(1260) PSYoungGen: 172576K(173056K)->992K(173056K) Eden: 171520K(171520K)->0K(171520K) From: 1056K(1536K)->992K(1536K)
[151.247s][info][gc,heap        ] GC(1260) ParOldGen: 8492K(349696K)->8572K(349696K)
[151.247s][info][gc,metaspace   ] GC(1260) Metaspace: 14377K(15232K)->14377K(15232K) NonClass: 12396K(12864K)->12396K(12864K) Class: 1981K(2368K)->1981K(2368K)
[151.247s][info][gc             ] GC(1260) Pause Young (Allocation Failure) 176M->9M(510M) 2.566ms
[151.247s][info][gc,cpu         ] GC(1260) User=0.00s Sys=0.00s Real=0.00s
[151.378s][info][gc,start       ] GC(1261) Pause Young (Allocation Failure)
[151.381s][info][gc,heap        ] GC(1261) PSYoungGen: 172512K(173056K)->960K(173056K) Eden: 171520K(171520K)->0K(171520K) From: 992K(1536K)->960K(1536K)
[151.381s][info][gc,heap        ] GC(1261) ParOldGen: 8572K(349696K)->8644K(349696K)
[151.381s][info][gc,metaspace   ] GC(1261) Metaspace: 14377K(15232K)->14377K(15232K) NonClass: 12396K(12864K)->12396K(12864K) Class: 1981K(2368K)->1981K(2368K)
[151.381s][info][gc             ] GC(1261) Pause Young (Allocation Failure) 176M->9M(510M) 2.480ms
[151.381s][info][gc,cpu         ] GC(1261) User=0.52s Sys=0.00s Real=0.00s
[151.507s][info][gc,start       ] GC(1262) Pause Young (Allocation Failure)
[151.510s][info][gc,heap        ] GC(1262) PSYoungGen: 172480K(173056K)->1024K(173056K) Eden: 171520K(171520K)->0K(171520K) From: 960K(1536K)->1024K(1536K)
[151.510s][info][gc,heap        ] GC(1262) ParOldGen: 8644K(349696K)->8716K(349696K)
[151.510s][info][gc,metaspace   ] GC(1262) Metaspace: 14377K(15232K)->14377K(15232K) NonClass: 12396K(12864K)->12396K(12864K) Class: 1981K(2368K)->1981K(2368K)
[151.510s][info][gc             ] GC(1262) Pause Young (Allocation Failure) 176M->9M(510M) 2.438ms
[151.510s][info][gc,cpu         ] GC(1262) User=0.00s Sys=0.00s Real=0.00s
[151.635s][info][gc,start       ] GC(1263) Pause Young (Allocation Failure)
[151.637s][info][gc,heap        ] GC(1263) PSYoungGen: 172544K(173056K)->1024K(173056K) Eden: 171520K(171520K)->0K(171520K) From: 1024K(1536K)->1024K(1536K)
[151.637s][info][gc,heap        ] GC(1263) ParOldGen: 8716K(349696K)->8780K(349696K)
[151.637s][info][gc,metaspace   ] GC(1263) Metaspace: 14377K(15232K)->14377K(15232K) NonClass: 12396K(12864K)->12396K(12864K) Class: 1981K(2368K)->1981K(2368K)
[151.637s][info][gc             ] GC(1263) Pause Young (Allocation Failure) 177M->9M(510M) 2.413ms
[151.637s][info][gc,cpu         ] GC(1263) User=0.00s Sys=0.00s Real=0.00s
[151.759s][info][gc,start       ] GC(1264) Pause Young (Allocation Failure)
[151.761s][info][gc,heap        ] GC(1264) PSYoungGen: 172544K(173056K)->1024K(173056K) Eden: 171520K(171520K)->0K(171520K) From: 1024K(1536K)->1024K(1536K)
[151.761s][info][gc,heap        ] GC(1264) ParOldGen: 8780K(349696K)->8828K(349696K)
[151.761s][info][gc,metaspace   ] GC(1264) Metaspace: 14377K(15232K)->14377K(15232K) NonClass: 12396K(12864K)->12396K(12864K) Class: 1981K(2368K)->1981K(2368K)
[151.761s][info][gc             ] GC(1264) Pause Young (Allocation Failure) 177M->9M(510M) 2.409ms
[151.761s][info][gc,cpu         ] GC(1264) User=0.00s Sys=0.00s Real=0.00s
[151.884s][info][gc,start       ] GC(1265) Pause Young (Allocation Failure)
[151.886s][info][gc,heap        ] GC(1265) PSYoungGen: 172544K(173056K)->1024K(173056K) Eden: 171520K(171520K)->0K(171520K) From: 1024K(1536K)->1024K(1536K)
[151.886s][info][gc,heap        ] GC(1265) ParOldGen: 8828K(349696K)->8884K(349696K)
[151.886s][info][gc,metaspace   ] GC(1265) Metaspace: 14377K(15232K)->14377K(15232K) NonClass: 12396K(12864K)->12396K(12864K) Class: 1981K(2368K)->1981K(2368K)
[151.886s][info][gc             ] GC(1265) Pause Young (Allocation Failure) 177M->9M(510M) 2.457ms
[151.886s][info][gc,cpu         ] GC(1265) User=0.00s Sys=0.00s Real=0.00s
[152.009s][info][gc,start       ] GC(1266) Pause Young (Allocation Failure)
[152.011s][info][gc,heap        ] GC(1266) PSYoungGen: 172544K(173056K)->1024K(173056K) Eden: 171520K(171520K)->0K(171520K) From: 1024K(1536K)->1024K(1536K)
[152.011s][info][gc,heap        ] GC(1266) ParOldGen: 8884K(349696K)->8932K(349696K)
[152.011s][info][gc,metaspace   ] GC(1266) Metaspace: 14377K(15232K)->14377K(15232K) NonClass: 12396K(12864K)->12396K(12864K) Class: 1981K(2368K)->1981K(2368K)
[152.011s][info][gc             ] GC(1266) Pause Young (Allocation Failure) 177M->9M(510M) 2.450ms
[152.011s][info][gc,cpu         ] GC(1266) User=0.00s Sys=0.00s Real=0.00s
[152.133s][info][gc,start       ] GC(1267) Pause Young (Allocation Failure)
[152.136s][info][gc,heap        ] GC(1267) PSYoungGen: 172544K(173056K)->1024K(173056K) Eden: 171520K(171520K)->0K(171520K) From: 1024K(1536K)->1024K(1536K)
[152.136s][info][gc,heap        ] GC(1267) ParOldGen: 8932K(349696K)->8988K(349696K)
[152.136s][info][gc,metaspace   ] GC(1267) Metaspace: 14377K(15232K)->14377K(15232K) NonClass: 12396K(12864K)->12396K(12864K) Class: 1981K(2368K)->1981K(2368K)
[152.136s][info][gc             ] GC(1267) Pause Young (Allocation Failure) 177M->9M(510M) 2.413ms
[152.136s][info][gc,cpu         ] GC(1267) User=0.00s Sys=0.00s Real=0.00s
[152.259s][info][gc,start       ] GC(1268) Pause Young (Allocation Failure)
[152.261s][info][gc,heap        ] GC(1268) PSYoungGen: 172543K(173056K)->1024K(173056K) Eden: 171519K(171520K)->0K(171520K) From: 1024K(1536K)->1024K(1536K)
[152.261s][info][gc,heap        ] GC(1268) ParOldGen: 8988K(349696K)->9044K(349696K)
[152.261s][info][gc,metaspace   ] GC(1268) Metaspace: 14377K(15232K)->14377K(15232K) NonClass: 12396K(12864K)->12396K(12864K) Class: 1981K(2368K)->1981K(2368K)
[152.261s][info][gc             ] GC(1268) Pause Young (Allocation Failure) 177M->9M(510M) 2.458ms
[152.261s][info][gc,cpu         ] GC(1268) User=0.00s Sys=0.00s Real=0.00s
[152.382s][info][gc,start       ] GC(1269) Pause Young (Allocation Failure)
[152.385s][info][gc,heap        ] GC(1269) PSYoungGen: 172543K(173056K)->992K(173056K) Eden: 171519K(171520K)->0K(171520K) From: 1024K(1536K)->992K(1536K)
[152.385s][info][gc,heap        ] GC(1269) ParOldGen: 9044K(349696K)->9108K(349696K)
[152.385s][info][gc,metaspace   ] GC(1269) Metaspace: 14377K(15232K)->14377K(15232K) NonClass: 12396K(12864K)->12396K(12864K) Class: 1981K(2368K)->1981K(2368K)
[152.385s][info][gc             ] GC(1269) Pause Young (Allocation Failure) 177M->9M(510M) 2.470ms
[152.385s][info][gc,cpu         ] GC(1269) User=0.00s Sys=0.00s Real=0.00s
[152.507s][info][gc,start       ] GC(1270) Pause Young (Allocation Failure)
[152.510s][info][gc,heap        ] GC(1270) PSYoungGen: 172512K(173056K)->992K(173056K) Eden: 171520K(171520K)->0K(171520K) From: 992K(1536K)->992K(1536K)
[152.510s][info][gc,heap        ] GC(1270) ParOldGen: 9108K(349696K)->9172K(349696K)
[152.510s][info][gc,metaspace   ] GC(1270) Metaspace: 14377K(15232K)->14377K(15232K) NonClass: 12396K(12864K)->12396K(12864K) Class: 1981K(2368K)->1981K(2368K)
[152.510s][info][gc             ] GC(1270) Pause Young (Allocation Failure) 177M->9M(510M) 2.502ms
[152.510s][info][gc,cpu         ] GC(1270) User=0.00s Sys=0.00s Real=0.00s
[152.634s][info][gc,start       ] GC(1271) Pause Young (Allocation Failure)
[152.637s][info][gc,heap        ] GC(1271) PSYoungGen: 172512K(173056K)->1056K(173056K) Eden: 171520K(171520K)->0K(171520K) From: 992K(1536K)->1056K(1536K)
[152.637s][info][gc,heap        ] GC(1271) ParOldGen: 9172K(349696K)->9228K(349696K)
[152.637s][info][gc,metaspace   ] GC(1271) Metaspace: 14377K(15232K)->14377K(15232K) NonClass: 12396K(12864K)->12396K(12864K) Class: 1981K(2368K)->1981K(2368K)
[152.637s][info][gc             ] GC(1271) Pause Young (Allocation Failure) 177M->10M(510M) 2.504ms
[152.637s][info][gc,cpu         ] GC(1271) User=0.00s Sys=0.00s Real=0.00s
[152.762s][info][gc,start       ] GC(1272) Pause Young (Allocation Failure)
[152.764s][info][gc,heap        ] GC(1272) PSYoungGen: 172576K(173056K)->928K(173056K) Eden: 171520K(171520K)->0K(171520K) From: 1056K(1536K)->928K(1536K)
[152.764s][info][gc,heap        ] GC(1272) ParOldGen: 9228K(349696K)->9276K(349696K)
[152.764s][info][gc,metaspace   ] GC(1272) Metaspace: 14377K(15232K)->14377K(15232K) NonClass: 12396K(12864K)->12396K(12864K) Class: 1981K(2368K)->1981K(2368K)
[152.764s][info][gc             ] GC(1272) Pause Young (Allocation Failure) 177M->9M(510M) 2.581ms
[152.764s][info][gc,cpu         ] GC(1272) User=0.00s Sys=0.00s Real=0.00s
[152.888s][info][gc,start       ] GC(1273) Pause Young (Allocation Failure)
[152.890s][info][gc,heap        ] GC(1273) PSYoungGen: 172448K(173056K)->1024K(173056K) Eden: 171520K(171520K)->0K(171520K) From: 928K(1536K)->1024K(1536K)
[152.890s][info][gc,heap        ] GC(1273) ParOldGen: 9276K(349696K)->9348K(349696K)
[152.890s][info][gc,metaspace   ] GC(1273) Metaspace: 14377K(15232K)->14377K(15232K) NonClass: 12396K(12864K)->12396K(12864K) Class: 1981K(2368K)->1981K(2368K)
[152.890s][info][gc             ] GC(1273) Pause Young (Allocation Failure) 177M->10M(510M) 2.540ms
[152.890s][info][gc,cpu         ] GC(1273) User=0.00s Sys=0.00s Real=0.00s
[153.013s][info][gc,start       ] GC(1274) Pause Young (Allocation Failure)
[153.016s][info][gc,heap        ] GC(1274) PSYoungGen: 172544K(173056K)->1024K(173056K) Eden: 171520K(171520K)->0K(171520K) From: 1024K(1536K)->1024K(1536K)
[153.016s][info][gc,heap        ] GC(1274) ParOldGen: 9348K(349696K)->9420K(349696K)
[153.016s][info][gc,metaspace   ] GC(1274) Metaspace: 14377K(15232K)->14377K(15232K) NonClass: 12396K(12864K)->12396K(12864K) Class: 1981K(2368K)->1981K(2368K)
[153.016s][info][gc             ] GC(1274) Pause Young (Allocation Failure) 177M->10M(510M) 2.577ms
[153.016s][info][gc,cpu         ] GC(1274) User=0.00s Sys=0.00s Real=0.00s
[153.139s][info][gc,start       ] GC(1275) Pause Young (Allocation Failure)
[153.142s][info][gc,heap        ] GC(1275) PSYoungGen: 172544K(173056K)->1024K(173056K) Eden: 171520K(171520K)->0K(171520K) From: 1024K(1536K)->1024K(1536K)
[153.142s][info][gc,heap        ] GC(1275) ParOldGen: 9420K(349696K)->9484K(349696K)
[153.142s][info][gc,metaspace   ] GC(1275) Metaspace: 14377K(15232K)->14377K(15232K) NonClass: 12396K(12864K)->12396K(12864K) Class: 1981K(2368K)->1981K(2368K)
[153.142s][info][gc             ] GC(1275) Pause Young (Allocation Failure) 177M->10M(510M) 2.601ms
[153.142s][info][gc,cpu         ] GC(1275) User=0.00s Sys=0.00s Real=0.00s
[153.263s][info][gc,start       ] GC(1276) Pause Young (Allocation Failure)
[153.266s][info][gc,heap        ] GC(1276) PSYoungGen: 172544K(173056K)->992K(173056K) Eden: 171520K(171520K)->0K(171520K) From: 1024K(1536K)->992K(1536K)
[153.266s][info][gc,heap        ] GC(1276) ParOldGen: 9484K(349696K)->9532K(349696K)
[153.266s][info][gc,metaspace   ] GC(1276) Metaspace: 14377K(15232K)->14377K(15232K) NonClass: 12396K(12864K)->12396K(12864K) Class: 1981K(2368K)->1981K(2368K)
[153.266s][info][gc             ] GC(1276) Pause Young (Allocation Failure) 177M->10M(510M) 2.617ms
[153.266s][info][gc,cpu         ] GC(1276) User=0.00s Sys=0.00s Real=0.00s
[153.391s][info][gc,start       ] GC(1277) Pause Young (Allocation Failure)
[153.393s][info][gc,heap        ] GC(1277) PSYoungGen: 172512K(173056K)->992K(173056K) Eden: 171520K(171520K)->0K(171520K) From: 992K(1536K)->992K(1536K)
[153.393s][info][gc,heap        ] GC(1277) ParOldGen: 9532K(349696K)->9596K(349696K)
[153.393s][info][gc,metaspace   ] GC(1277) Metaspace: 14377K(15232K)->14377K(15232K) NonClass: 12396K(12864K)->12396K(12864K) Class: 1981K(2368K)->1981K(2368K)
[153.393s][info][gc             ] GC(1277) Pause Young (Allocation Failure) 177M->10M(510M) 2.645ms
[153.393s][info][gc,cpu         ] GC(1277) User=0.00s Sys=0.00s Real=0.00s
[153.516s][info][gc,start       ] GC(1278) Pause Young (Allocation Failure)
[153.519s][info][gc,heap        ] GC(1278) PSYoungGen: 172512K(173056K)->1024K(173056K) Eden: 171520K(171520K)->0K(171520K) From: 992K(1536K)->1024K(1536K)
[153.519s][info][gc,heap        ] GC(1278) ParOldGen: 9596K(349696K)->9668K(349696K)
[153.519s][info][gc,metaspace   ] GC(1278) Metaspace: 14377K(15232K)->14377K(15232K) NonClass: 12396K(12864K)->12396K(12864K) Class: 1981K(2368K)->1981K(2368K)
[153.519s][info][gc             ] GC(1278) Pause Young (Allocation Failure) 177M->10M(510M) 2.679ms
[153.519s][info][gc,cpu         ] GC(1278) User=0.00s Sys=0.00s Real=0.00s
[153.755s][info][gc,start       ] GC(1279) Pause Young (Allocation Failure)
[153.758s][info][gc,heap        ] GC(1279) PSYoungGen: 172544K(173056K)->960K(173056K) Eden: 171520K(171520K)->0K(171520K) From: 1024K(1536K)->960K(1536K)
[153.758s][info][gc,heap        ] GC(1279) ParOldGen: 9668K(349696K)->9716K(349696K)
[153.758s][info][gc,metaspace   ] GC(1279) Metaspace: 14377K(15232K)->14377K(15232K) NonClass: 12396K(12864K)->12396K(12864K) Class: 1981K(2368K)->1981K(2368K)
[153.758s][info][gc             ] GC(1279) Pause Young (Allocation Failure) 177M->10M(510M) 3.555ms
[153.759s][info][gc,cpu         ] GC(1279) User=0.00s Sys=0.00s Real=0.00s
[153.892s][info][gc,start       ] GC(1280) Pause Young (Allocation Failure)
[153.894s][info][gc,heap        ] GC(1280) PSYoungGen: 172480K(173056K)->992K(173056K) Eden: 171520K(171520K)->0K(171520K) From: 960K(1536K)->992K(1536K)
[153.894s][info][gc,heap        ] GC(1280) ParOldGen: 9716K(349696K)->9772K(349696K)
[153.894s][info][gc,metaspace   ] GC(1280) Metaspace: 14377K(15232K)->14377K(15232K) NonClass: 12396K(12864K)->12396K(12864K) Class: 1981K(2368K)->1981K(2368K)
[153.894s][info][gc             ] GC(1280) Pause Young (Allocation Failure) 177M->10M(510M) 2.515ms
[153.895s][info][gc,cpu         ] GC(1280) User=0.52s Sys=0.00s Real=0.00s
[154.020s][info][gc,start       ] GC(1281) Pause Young (Allocation Failure)
[154.023s][info][gc,heap        ] GC(1281) PSYoungGen: 172512K(173056K)->1024K(173056K) Eden: 171520K(171520K)->0K(171520K) From: 992K(1536K)->1024K(1536K)
[154.023s][info][gc,heap        ] GC(1281) ParOldGen: 9772K(349696K)->9828K(349696K)
[154.023s][info][gc,metaspace   ] GC(1281) Metaspace: 14377K(15232K)->14377K(15232K) NonClass: 12396K(12864K)->12396K(12864K) Class: 1981K(2368K)->1981K(2368K)
[154.023s][info][gc             ] GC(1281) Pause Young (Allocation Failure) 178M->10M(510M) 2.550ms
[154.023s][info][gc,cpu         ] GC(1281) User=0.00s Sys=0.00s Real=0.00s
[154.158s][info][gc,start       ] GC(1282) Pause Young (Allocation Failure)
[154.161s][info][gc,heap        ] GC(1282) PSYoungGen: 172544K(173056K)->1024K(173056K) Eden: 171520K(171520K)->0K(171520K) From: 1024K(1536K)->1024K(1536K)
[154.161s][info][gc,heap        ] GC(1282) ParOldGen: 9828K(349696K)->9892K(349696K)
[154.161s][info][gc,metaspace   ] GC(1282) Metaspace: 14377K(15232K)->14377K(15232K) NonClass: 12396K(12864K)->12396K(12864K) Class: 1981K(2368K)->1981K(2368K)
[154.161s][info][gc             ] GC(1282) Pause Young (Allocation Failure) 178M->10M(510M) 2.446ms
[154.161s][info][gc,cpu         ] GC(1282) User=0.52s Sys=0.00s Real=0.00s
[154.294s][info][gc,start       ] GC(1283) Pause Young (Allocation Failure)
[154.296s][info][gc,heap        ] GC(1283) PSYoungGen: 172544K(173056K)->992K(173056K) Eden: 171520K(171520K)->0K(171520K) From: 1024K(1536K)->992K(1536K)
[154.296s][info][gc,heap        ] GC(1283) ParOldGen: 9892K(349696K)->9948K(349696K)
[154.296s][info][gc,metaspace   ] GC(1283) Metaspace: 14377K(15232K)->14377K(15232K) NonClass: 12396K(12864K)->12396K(12864K) Class: 1981K(2368K)->1981K(2368K)
[154.296s][info][gc             ] GC(1283) Pause Young (Allocation Failure) 178M->10M(510M) 2.331ms
[154.297s][info][gc,cpu         ] GC(1283) User=0.00s Sys=0.00s Real=0.00s
[154.424s][info][gc,start       ] GC(1284) Pause Young (Allocation Failure)
[154.426s][info][gc,heap        ] GC(1284) PSYoungGen: 172512K(173056K)->1024K(173056K) Eden: 171520K(171520K)->0K(171520K) From: 992K(1536K)->1024K(1536K)
[154.426s][info][gc,heap        ] GC(1284) ParOldGen: 9948K(349696K)->10004K(349696K)
[154.426s][info][gc,metaspace   ] GC(1284) Metaspace: 14377K(15232K)->14377K(15232K) NonClass: 12396K(12864K)->12396K(12864K) Class: 1981K(2368K)->1981K(2368K)
[154.426s][info][gc             ] GC(1284) Pause Young (Allocation Failure) 178M->10M(510M) 2.295ms
[154.426s][info][gc,cpu         ] GC(1284) User=0.52s Sys=0.00s Real=0.00s
[154.549s][info][gc,start       ] GC(1285) Pause Young (Allocation Failure)
[154.551s][info][gc,heap        ] GC(1285) PSYoungGen: 172544K(173056K)->1024K(173056K) Eden: 171520K(171520K)->0K(171520K) From: 1024K(1536K)->1024K(1536K)
[154.551s][info][gc,heap        ] GC(1285) ParOldGen: 10004K(349696K)->10052K(349696K)
[154.551s][info][gc,metaspace   ] GC(1285) Metaspace: 14377K(15232K)->14377K(15232K) NonClass: 12396K(12864K)->12396K(12864K) Class: 1981K(2368K)->1981K(2368K)
[154.551s][info][gc             ] GC(1285) Pause Young (Allocation Failure) 178M->10M(510M) 2.216ms
[154.551s][info][gc,cpu         ] GC(1285) User=0.52s Sys=0.00s Real=0.00s
[154.674s][info][gc,start       ] GC(1286) Pause Young (Allocation Failure)
[154.677s][info][gc,heap        ] GC(1286) PSYoungGen: 172544K(173056K)->1024K(173056K) Eden: 171520K(171520K)->0K(171520K) From: 1024K(1536K)->1024K(1536K)
[154.677s][info][gc,heap        ] GC(1286) ParOldGen: 10052K(349696K)->10084K(349696K)
[154.677s][info][gc,metaspace   ] GC(1286) Metaspace: 14377K(15232K)->14377K(15232K) NonClass: 12396K(12864K)->12396K(12864K) Class: 1981K(2368K)->1981K(2368K)
[154.677s][info][gc             ] GC(1286) Pause Young (Allocation Failure) 178M->10M(510M) 2.285ms
[154.677s][info][gc,cpu         ] GC(1286) User=0.52s Sys=0.00s Real=0.00s
[154.801s][info][gc,start       ] GC(1287) Pause Young (Allocation Failure)
[154.803s][info][gc,heap        ] GC(1287) PSYoungGen: 172544K(173056K)->1024K(173056K) Eden: 171520K(171520K)->0K(171520K) From: 1024K(1536K)->1024K(1536K)
[154.803s][info][gc,heap        ] GC(1287) ParOldGen: 10084K(349696K)->10132K(349696K)
[154.803s][info][gc,metaspace   ] GC(1287) Metaspace: 14377K(15232K)->14377K(15232K) NonClass: 12396K(12864K)->12396K(12864K) Class: 1981K(2368K)->1981K(2368K)
[154.803s][info][gc             ] GC(1287) Pause Young (Allocation Failure) 178M->10M(510M) 2.253ms
[154.803s][info][gc,cpu         ] GC(1287) User=0.52s Sys=0.00s Real=0.00s
[154.927s][info][gc,start       ] GC(1288) Pause Young (Allocation Failure)
[154.929s][info][gc,heap        ] GC(1288) PSYoungGen: 172544K(173056K)->1024K(173056K) Eden: 171520K(171520K)->0K(171520K) From: 1024K(1536K)->1024K(1536K)
[154.929s][info][gc,heap        ] GC(1288) ParOldGen: 10132K(349696K)->10196K(349696K)
[154.929s][info][gc,metaspace   ] GC(1288) Metaspace: 14377K(15232K)->14377K(15232K) NonClass: 12396K(12864K)->12396K(12864K) Class: 1981K(2368K)->1981K(2368K)
[154.929s][info][gc             ] GC(1288) Pause Young (Allocation Failure) 178M->10M(510M) 2.269ms
[154.929s][info][gc,cpu         ] GC(1288) User=0.00s Sys=0.00s Real=0.00s
[155.053s][info][gc,start       ] GC(1289) Pause Young (Allocation Failure)
[155.055s][info][gc,heap        ] GC(1289) PSYoungGen: 172544K(173056K)->1024K(173056K) Eden: 171520K(171520K)->0K(171520K) From: 1024K(1536K)->1024K(1536K)
[155.055s][info][gc,heap        ] GC(1289) ParOldGen: 10196K(349696K)->10260K(349696K)
[155.055s][info][gc,metaspace   ] GC(1289) Metaspace: 14377K(15232K)->14377K(15232K) NonClass: 12396K(12864K)->12396K(12864K) Class: 1981K(2368K)->1981K(2368K)
[155.055s][info][gc             ] GC(1289) Pause Young (Allocation Failure) 178M->11M(510M) 2.236ms
[155.055s][info][gc,cpu         ] GC(1289) User=0.00s Sys=0.00s Real=0.00s
[155.177s][info][gc,start       ] GC(1290) Pause Young (Allocation Failure)
[155.179s][info][gc,heap        ] GC(1290) PSYoungGen: 172544K(173056K)->1024K(173056K) Eden: 171520K(171520K)->0K(171520K) From: 1024K(1536K)->1024K(1536K)
[155.179s][info][gc,heap        ] GC(1290) ParOldGen: 10260K(349696K)->10316K(349696K)
[155.180s][info][gc,metaspace   ] GC(1290) Metaspace: 14377K(15232K)->14377K(15232K) NonClass: 12396K(12864K)->12396K(12864K) Class: 1981K(2368K)->1981K(2368K)
[155.180s][info][gc             ] GC(1290) Pause Young (Allocation Failure) 178M->11M(510M) 2.248ms
[155.180s][info][gc,cpu         ] GC(1290) User=0.00s Sys=0.00s Real=0.00s
[155.303s][info][gc,start       ] GC(1291) Pause Young (Allocation Failure)
[155.306s][info][gc,heap        ] GC(1291) PSYoungGen: 172544K(173056K)->1024K(173056K) Eden: 171520K(171520K)->0K(171520K) From: 1024K(1536K)->1024K(1536K)
[155.306s][info][gc,heap        ] GC(1291) ParOldGen: 10316K(349696K)->10372K(349696K)
[155.306s][info][gc,metaspace   ] GC(1291) Metaspace: 14377K(15232K)->14377K(15232K) NonClass: 12396K(12864K)->12396K(12864K) Class: 1981K(2368K)->1981K(2368K)
[155.306s][info][gc             ] GC(1291) Pause Young (Allocation Failure) 178M->11M(510M) 2.338ms
[155.306s][info][gc,cpu         ] GC(1291) User=0.00s Sys=0.00s Real=0.00s
[155.430s][info][gc,start       ] GC(1292) Pause Young (Allocation Failure)
[155.433s][info][gc,heap        ] GC(1292) PSYoungGen: 172544K(173056K)->1024K(173056K) Eden: 171520K(171520K)->0K(171520K) From: 1024K(1536K)->1024K(1536K)
[155.433s][info][gc,heap        ] GC(1292) ParOldGen: 10372K(349696K)->10444K(349696K)
[155.433s][info][gc,metaspace   ] GC(1292) Metaspace: 14377K(15232K)->14377K(15232K) NonClass: 12396K(12864K)->12396K(12864K) Class: 1981K(2368K)->1981K(2368K)
[155.433s][info][gc             ] GC(1292) Pause Young (Allocation Failure) 178M->11M(510M) 2.365ms
[155.433s][info][gc,cpu         ] GC(1292) User=0.00s Sys=0.00s Real=0.00s
[155.558s][info][gc,start       ] GC(1293) Pause Young (Allocation Failure)
[155.561s][info][gc,heap        ] GC(1293) PSYoungGen: 172544K(173056K)->1024K(173056K) Eden: 171520K(171520K)->0K(171520K) From: 1024K(1536K)->1024K(1536K)
[155.561s][info][gc,heap        ] GC(1293) ParOldGen: 10444K(349696K)->10492K(349696K)
[155.561s][info][gc,metaspace   ] GC(1293) Metaspace: 14377K(15232K)->14377K(15232K) NonClass: 12396K(12864K)->12396K(12864K) Class: 1981K(2368K)->1981K(2368K)
[155.561s][info][gc             ] GC(1293) Pause Young (Allocation Failure) 178M->11M(510M) 2.426ms
[155.561s][info][gc,cpu         ] GC(1293) User=0.00s Sys=0.00s Real=0.00s
[155.684s][info][gc,start       ] GC(1294) Pause Young (Allocation Failure)
[155.686s][info][gc,heap        ] GC(1294) PSYoungGen: 172544K(173056K)->1024K(173056K) Eden: 171520K(171520K)->0K(171520K) From: 1024K(1536K)->1024K(1536K)
[155.686s][info][gc,heap        ] GC(1294) ParOldGen: 10492K(349696K)->10564K(349696K)
[155.686s][info][gc,metaspace   ] GC(1294) Metaspace: 14377K(15232K)->14377K(15232K) NonClass: 12396K(12864K)->12396K(12864K) Class: 1981K(2368K)->1981K(2368K)
[155.686s][info][gc             ] GC(1294) Pause Young (Allocation Failure) 178M->11M(510M) 2.434ms
[155.686s][info][gc,cpu         ] GC(1294) User=0.00s Sys=0.00s Real=0.00s
[155.807s][info][gc,start       ] GC(1295) Pause Young (Allocation Failure)
[155.809s][info][gc,heap        ] GC(1295) PSYoungGen: 172544K(173056K)->1024K(173056K) Eden: 171520K(171520K)->0K(171520K) From: 1024K(1536K)->1024K(1536K)
[155.809s][info][gc,heap        ] GC(1295) ParOldGen: 10564K(349696K)->10644K(349696K)
[155.809s][info][gc,metaspace   ] GC(1295) Metaspace: 14377K(15232K)->14377K(15232K) NonClass: 12396K(12864K)->12396K(12864K) Class: 1981K(2368K)->1981K(2368K)
[155.809s][info][gc             ] GC(1295) Pause Young (Allocation Failure) 178M->11M(510M) 2.472ms
[155.809s][info][gc,cpu         ] GC(1295) User=0.00s Sys=0.00s Real=0.00s
[155.934s][info][gc,start       ] GC(1296) Pause Young (Allocation Failure)
[155.936s][info][gc,heap        ] GC(1296) PSYoungGen: 172544K(173056K)->992K(173056K) Eden: 171520K(171520K)->0K(171520K) From: 1024K(1536K)->992K(1536K)
[155.936s][info][gc,heap        ] GC(1296) ParOldGen: 10644K(349696K)->10684K(349696K)
[155.936s][info][gc,metaspace   ] GC(1296) Metaspace: 14377K(15232K)->14377K(15232K) NonClass: 12396K(12864K)->12396K(12864K) Class: 1981K(2368K)->1981K(2368K)
[155.936s][info][gc             ] GC(1296) Pause Young (Allocation Failure) 178M->11M(510M) 2.426ms
[155.936s][info][gc,cpu         ] GC(1296) User=0.00s Sys=0.00s Real=0.00s
[156.059s][info][gc,start       ] GC(1297) Pause Young (Allocation Failure)
[156.061s][info][gc,heap        ] GC(1297) PSYoungGen: 172512K(173056K)->1024K(173056K) Eden: 171520K(171520K)->0K(171520K) From: 992K(1536K)->1024K(1536K)
[156.062s][info][gc,heap        ] GC(1297) ParOldGen: 10684K(349696K)->10740K(349696K)
[156.062s][info][gc,metaspace   ] GC(1297) Metaspace: 14377K(15232K)->14377K(15232K) NonClass: 12396K(12864K)->12396K(12864K) Class: 1981K(2368K)->1981K(2368K)
[156.062s][info][gc             ] GC(1297) Pause Young (Allocation Failure) 178M->11M(510M) 2.463ms
[156.062s][info][gc,cpu         ] GC(1297) User=0.00s Sys=0.00s Real=0.00s
[156.187s][info][gc,start       ] GC(1298) Pause Young (Allocation Failure)
[156.189s][info][gc,heap        ] GC(1298) PSYoungGen: 172544K(173056K)->1024K(173056K) Eden: 171520K(171520K)->0K(171520K) From: 1024K(1536K)->1024K(1536K)
[156.189s][info][gc,heap        ] GC(1298) ParOldGen: 10740K(349696K)->10804K(349696K)
[156.189s][info][gc,metaspace   ] GC(1298) Metaspace: 14377K(15232K)->14377K(15232K) NonClass: 12396K(12864K)->12396K(12864K) Class: 1981K(2368K)->1981K(2368K)
[156.189s][info][gc             ] GC(1298) Pause Young (Allocation Failure) 178M->11M(510M) 2.514ms
[156.189s][info][gc,cpu         ] GC(1298) User=0.00s Sys=0.00s Real=0.00s
[156.312s][info][gc,start       ] GC(1299) Pause Young (Allocation Failure)
[156.315s][info][gc,heap        ] GC(1299) PSYoungGen: 172544K(173056K)->992K(173056K) Eden: 171520K(171520K)->0K(171520K) From: 1024K(1536K)->992K(1536K)
[156.315s][info][gc,heap        ] GC(1299) ParOldGen: 10804K(349696K)->10852K(349696K)
[156.315s][info][gc,metaspace   ] GC(1299) Metaspace: 14377K(15232K)->14377K(15232K) NonClass: 12396K(12864K)->12396K(12864K) Class: 1981K(2368K)->1981K(2368K)
[156.315s][info][gc             ] GC(1299) Pause Young (Allocation Failure) 179M->11M(510M) 2.536ms
[156.315s][info][gc,cpu         ] GC(1299) User=0.00s Sys=0.00s Real=0.00s
[156.438s][info][gc,start       ] GC(1300) Pause Young (Allocation Failure)
[156.441s][info][gc,heap        ] GC(1300) PSYoungGen: 172512K(173056K)->992K(173056K) Eden: 171520K(171520K)->0K(171520K) From: 992K(1536K)->992K(1536K)
[156.441s][info][gc,heap        ] GC(1300) ParOldGen: 10852K(349696K)->10924K(349696K)
[156.441s][info][gc,metaspace   ] GC(1300) Metaspace: 14377K(15232K)->14377K(15232K) NonClass: 12396K(12864K)->12396K(12864K) Class: 1981K(2368K)->1981K(2368K)
[156.441s][info][gc             ] GC(1300) Pause Young (Allocation Failure) 179M->11M(510M) 2.592ms
[156.441s][info][gc,cpu         ] GC(1300) User=0.00s Sys=0.00s Real=0.00s
[156.564s][info][gc,start       ] GC(1301) Pause Young (Allocation Failure)
[156.567s][info][gc,heap        ] GC(1301) PSYoungGen: 172512K(173056K)->992K(173056K) Eden: 171520K(171520K)->0K(171520K) From: 992K(1536K)->992K(1536K)
[156.567s][info][gc,heap        ] GC(1301) ParOldGen: 10924K(349696K)->10980K(349696K)
[156.567s][info][gc,metaspace   ] GC(1301) Metaspace: 14377K(15232K)->14377K(15232K) NonClass: 12396K(12864K)->12396K(12864K) Class: 1981K(2368K)->1981K(2368K)
[156.567s][info][gc             ] GC(1301) Pause Young (Allocation Failure) 179M->11M(510M) 2.696ms
[156.567s][info][gc,cpu         ] GC(1301) User=0.52s Sys=0.00s Real=0.00s
[156.687s][info][gc,start       ] GC(1302) Pause Young (Allocation Failure)
[156.690s][info][gc,heap        ] GC(1302) PSYoungGen: 172512K(173056K)->1024K(173056K) Eden: 171520K(171520K)->0K(171520K) From: 992K(1536K)->1024K(1536K)
[156.690s][info][gc,heap        ] GC(1302) ParOldGen: 10980K(349696K)->11036K(349696K)
[156.690s][info][gc,metaspace   ] GC(1302) Metaspace: 14377K(15232K)->14377K(15232K) NonClass: 12396K(12864K)->12396K(12864K) Class: 1981K(2368K)->1981K(2368K)
[156.690s][info][gc             ] GC(1302) Pause Young (Allocation Failure) 179M->11M(510M) 2.541ms
[156.690s][info][gc,cpu         ] GC(1302) User=0.00s Sys=0.00s Real=0.00s
[156.815s][info][gc,start       ] GC(1303) Pause Young (Allocation Failure)
[156.817s][info][gc,heap        ] GC(1303) PSYoungGen: 172544K(173056K)->1024K(173056K) Eden: 171520K(171520K)->0K(171520K) From: 1024K(1536K)->1024K(1536K)
[156.817s][info][gc,heap        ] GC(1303) ParOldGen: 11036K(349696K)->11092K(349696K)
[156.817s][info][gc,metaspace   ] GC(1303) Metaspace: 14377K(15232K)->14377K(15232K) NonClass: 12396K(12864K)->12396K(12864K) Class: 1981K(2368K)->1981K(2368K)
[156.817s][info][gc             ] GC(1303) Pause Young (Allocation Failure) 179M->11M(510M) 2.594ms
[156.817s][info][gc,cpu         ] GC(1303) User=0.52s Sys=0.00s Real=0.00s
[156.942s][info][gc,start       ] GC(1304) Pause Young (Allocation Failure)
[156.944s][info][gc,heap        ] GC(1304) PSYoungGen: 172544K(173056K)->992K(173056K) Eden: 171520K(171520K)->0K(171520K) From: 1024K(1536K)->992K(1536K)
[156.944s][info][gc,heap        ] GC(1304) ParOldGen: 11092K(349696K)->11140K(349696K)
[156.944s][info][gc,metaspace   ] GC(1304) Metaspace: 14377K(15232K)->14377K(15232K) NonClass: 12396K(12864K)->12396K(12864K) Class: 1981K(2368K)->1981K(2368K)
[156.944s][info][gc             ] GC(1304) Pause Young (Allocation Failure) 179M->11M(510M) 2.612ms
[156.944s][info][gc,cpu         ] GC(1304) User=0.00s Sys=0.00s Real=0.00s
[157.065s][info][gc,start       ] GC(1305) Pause Young (Allocation Failure)
[157.068s][info][gc,heap        ] GC(1305) PSYoungGen: 172512K(173056K)->1024K(173056K) Eden: 171520K(171520K)->0K(171520K) From: 992K(1536K)->1024K(1536K)
[157.068s][info][gc,heap        ] GC(1305) ParOldGen: 11140K(349696K)->11220K(349696K)
[157.068s][info][gc,metaspace   ] GC(1305) Metaspace: 14377K(15232K)->14377K(15232K) NonClass: 12396K(12864K)->12396K(12864K) Class: 1981K(2368K)->1981K(2368K)
[157.068s][info][gc             ] GC(1305) Pause Young (Allocation Failure) 179M->11M(510M) 2.663ms
[157.068s][info][gc,cpu         ] GC(1305) User=0.52s Sys=0.00s Real=0.00s
[157.192s][info][gc,start       ] GC(1306) Pause Young (Allocation Failure)
[157.195s][info][gc,heap        ] GC(1306) PSYoungGen: 172544K(173056K)->1024K(173056K) Eden: 171520K(171520K)->0K(171520K) From: 1024K(1536K)->1024K(1536K)
[157.195s][info][gc,heap        ] GC(1306) ParOldGen: 11220K(349696K)->11268K(349696K)
[157.195s][info][gc,metaspace   ] GC(1306) Metaspace: 14377K(15232K)->14377K(15232K) NonClass: 12396K(12864K)->12396K(12864K) Class: 1981K(2368K)->1981K(2368K)
[157.195s][info][gc             ] GC(1306) Pause Young (Allocation Failure) 179M->12M(510M) 2.716ms
[157.195s][info][gc,cpu         ] GC(1306) User=0.00s Sys=0.00s Real=0.00s
[157.318s][info][gc,start       ] GC(1307) Pause Young (Allocation Failure)
[157.321s][info][gc,heap        ] GC(1307) PSYoungGen: 172544K(173056K)->1024K(173056K) Eden: 171520K(171520K)->0K(171520K) From: 1024K(1536K)->1024K(1536K)
[157.321s][info][gc,heap        ] GC(1307) ParOldGen: 11268K(349696K)->11324K(349696K)
[157.321s][info][gc,metaspace   ] GC(1307) Metaspace: 14377K(15232K)->14377K(15232K) NonClass: 12396K(12864K)->12396K(12864K) Class: 1981K(2368K)->1981K(2368K)
[157.321s][info][gc             ] GC(1307) Pause Young (Allocation Failure) 179M->12M(510M) 2.780ms
[157.321s][info][gc,cpu         ] GC(1307) User=0.00s Sys=0.00s Real=0.00s
[157.443s][info][gc,start       ] GC(1308) Pause Young (Allocation Failure)
[157.446s][info][gc,heap        ] GC(1308) PSYoungGen: 172544K(173056K)->992K(173056K) Eden: 171520K(171520K)->0K(171520K) From: 1024K(1536K)->992K(1536K)
[157.446s][info][gc,heap        ] GC(1308) ParOldGen: 11324K(349696K)->11372K(349696K)
[157.446s][info][gc,metaspace   ] GC(1308) Metaspace: 14377K(15232K)->14377K(15232K) NonClass: 12396K(12864K)->12396K(12864K) Class: 1981K(2368K)->1981K(2368K)
[157.446s][info][gc             ] GC(1308) Pause Young (Allocation Failure) 179M->12M(510M) 2.723ms
[157.446s][info][gc,cpu         ] GC(1308) User=0.00s Sys=0.00s Real=0.00s
[157.596s][info][gc,start       ] GC(1309) Pause Young (Allocation Failure)
[157.600s][info][gc,heap        ] GC(1309) PSYoungGen: 172512K(173056K)->992K(173056K) Eden: 171520K(171520K)->0K(171520K) From: 992K(1536K)->992K(1536K)
[157.600s][info][gc,heap        ] GC(1309) ParOldGen: 11372K(349696K)->11420K(349696K)
[157.600s][info][gc,metaspace   ] GC(1309) Metaspace: 14377K(15232K)->14377K(15232K) NonClass: 12396K(12864K)->12396K(12864K) Class: 1981K(2368K)->1981K(2368K)
[157.600s][info][gc             ] GC(1309) Pause Young (Allocation Failure) 179M->12M(510M) 3.327ms
[157.600s][info][gc,cpu         ] GC(1309) User=0.00s Sys=0.00s Real=0.00s
[157.730s][info][gc,start       ] GC(1310) Pause Young (Allocation Failure)
[157.733s][info][gc,heap        ] GC(1310) PSYoungGen: 172512K(173056K)->992K(173056K) Eden: 171520K(171520K)->0K(171520K) From: 992K(1536K)->992K(1536K)
[157.733s][info][gc,heap        ] GC(1310) ParOldGen: 11420K(349696K)->11496K(349696K)
[157.733s][info][gc,metaspace   ] GC(1310) Metaspace: 14377K(15232K)->14377K(15232K) NonClass: 12396K(12864K)->12396K(12864K) Class: 1981K(2368K)->1981K(2368K)
[157.733s][info][gc             ] GC(1310) Pause Young (Allocation Failure) 179M->12M(510M) 2.617ms
[157.733s][info][gc,cpu         ] GC(1310) User=0.00s Sys=0.00s Real=0.00s
[157.859s][info][gc,start       ] GC(1311) Pause Young (Allocation Failure)
[157.861s][info][gc,heap        ] GC(1311) PSYoungGen: 172512K(173056K)->1024K(173056K) Eden: 171520K(171520K)->0K(171520K) From: 992K(1536K)->1024K(1536K)
[157.861s][info][gc,heap        ] GC(1311) ParOldGen: 11496K(349696K)->11576K(349696K)
[157.861s][info][gc,metaspace   ] GC(1311) Metaspace: 14377K(15232K)->14377K(15232K) NonClass: 12396K(12864K)->12396K(12864K) Class: 1981K(2368K)->1981K(2368K)
[157.861s][info][gc             ] GC(1311) Pause Young (Allocation Failure) 179M->12M(510M) 2.510ms
[157.861s][info][gc,cpu         ] GC(1311) User=0.00s Sys=0.00s Real=0.00s
[157.989s][info][gc,start       ] GC(1312) Pause Young (Allocation Failure)
[157.992s][info][gc,heap        ] GC(1312) PSYoungGen: 172544K(173056K)->1024K(173056K) Eden: 171520K(171520K)->0K(171520K) From: 1024K(1536K)->1024K(1536K)
[157.992s][info][gc,heap        ] GC(1312) ParOldGen: 11576K(349696K)->11632K(349696K)
[157.992s][info][gc,metaspace   ] GC(1312) Metaspace: 14377K(15232K)->14377K(15232K) NonClass: 12396K(12864K)->12396K(12864K) Class: 1981K(2368K)->1981K(2368K)
[157.992s][info][gc             ] GC(1312) Pause Young (Allocation Failure) 179M->12M(510M) 2.410ms
[157.992s][info][gc,cpu         ] GC(1312) User=0.00s Sys=0.00s Real=0.00s
[158.115s][info][gc,start       ] GC(1313) Pause Young (Allocation Failure)
[158.117s][info][gc,heap        ] GC(1313) PSYoungGen: 172544K(173056K)->1024K(173056K) Eden: 171520K(171520K)->0K(171520K) From: 1024K(1536K)->1024K(1536K)
[158.117s][info][gc,heap        ] GC(1313) ParOldGen: 11632K(349696K)->11672K(349696K)
[158.117s][info][gc,metaspace   ] GC(1313) Metaspace: 14377K(15232K)->14377K(15232K) NonClass: 12396K(12864K)->12396K(12864K) Class: 1981K(2368K)->1981K(2368K)
[158.117s][info][gc             ] GC(1313) Pause Young (Allocation Failure) 179M->12M(510M) 2.451ms
[158.117s][info][gc,cpu         ] GC(1313) User=0.00s Sys=0.00s Real=0.00s
[158.250s][info][gc,start       ] GC(1314) Pause Young (Allocation Failure)
[158.253s][info][gc,heap        ] GC(1314) PSYoungGen: 172544K(173056K)->1024K(173056K) Eden: 171520K(171520K)->0K(171520K) From: 1024K(1536K)->1024K(1536K)
[158.253s][info][gc,heap        ] GC(1314) ParOldGen: 11672K(349696K)->11736K(349696K)
[158.253s][info][gc,metaspace   ] GC(1314) Metaspace: 14377K(15232K)->14377K(15232K) NonClass: 12396K(12864K)->12396K(12864K) Class: 1981K(2368K)->1981K(2368K)
[158.253s][info][gc             ] GC(1314) Pause Young (Allocation Failure) 179M->12M(510M) 2.403ms
[158.253s][info][gc,cpu         ] GC(1314) User=0.00s Sys=0.00s Real=0.00s
[158.386s][info][gc,start       ] GC(1315) Pause Young (Allocation Failure)
[158.389s][info][gc,heap        ] GC(1315) PSYoungGen: 172544K(173056K)->992K(173056K) Eden: 171520K(171520K)->0K(171520K) From: 1024K(1536K)->992K(1536K)
[158.389s][info][gc,heap        ] GC(1315) ParOldGen: 11736K(349696K)->11792K(349696K)
[158.389s][info][gc,metaspace   ] GC(1315) Metaspace: 14377K(15232K)->14377K(15232K) NonClass: 12396K(12864K)->12396K(12864K) Class: 1981K(2368K)->1981K(2368K)
[158.389s][info][gc             ] GC(1315) Pause Young (Allocation Failure) 179M->12M(510M) 2.254ms
[158.389s][info][gc,cpu         ] GC(1315) User=0.00s Sys=0.00s Real=0.00s
[158.513s][info][gc,start       ] GC(1316) Pause Young (Allocation Failure)
[158.515s][info][gc,heap        ] GC(1316) PSYoungGen: 172512K(173056K)->992K(173056K) Eden: 171520K(171520K)->0K(171520K) From: 992K(1536K)->992K(1536K)
[158.515s][info][gc,heap        ] GC(1316) ParOldGen: 11792K(349696K)->11832K(349696K)
[158.515s][info][gc,metaspace   ] GC(1316) Metaspace: 14377K(15232K)->14377K(15232K) NonClass: 12396K(12864K)->12396K(12864K) Class: 1981K(2368K)->1981K(2368K)
[158.515s][info][gc             ] GC(1316) Pause Young (Allocation Failure) 179M->12M(510M) 2.281ms
[158.515s][info][gc,cpu         ] GC(1316) User=0.00s Sys=0.00s Real=0.00s
[158.639s][info][gc,start       ] GC(1317) Pause Young (Allocation Failure)
[158.642s][info][gc,heap        ] GC(1317) PSYoungGen: 172511K(173056K)->1024K(173056K) Eden: 171519K(171520K)->0K(171520K) From: 992K(1536K)->1024K(1536K)
[158.642s][info][gc,heap        ] GC(1317) ParOldGen: 11832K(349696K)->11888K(349696K)
[158.642s][info][gc,metaspace   ] GC(1317) Metaspace: 14377K(15232K)->14377K(15232K) NonClass: 12396K(12864K)->12396K(12864K) Class: 1981K(2368K)->1981K(2368K)
[158.642s][info][gc             ] GC(1317) Pause Young (Allocation Failure) 180M->12M(510M) 2.246ms
[158.642s][info][gc,cpu         ] GC(1317) User=0.00s Sys=0.00s Real=0.00s
[158.764s][info][gc,start       ] GC(1318) Pause Young (Allocation Failure)
[158.766s][info][gc,heap        ] GC(1318) PSYoungGen: 172544K(173056K)->1024K(173056K) Eden: 171520K(171520K)->0K(171520K) From: 1024K(1536K)->1024K(1536K)
[158.767s][info][gc,heap        ] GC(1318) ParOldGen: 11888K(349696K)->11960K(349696K)
[158.767s][info][gc,metaspace   ] GC(1318) Metaspace: 14377K(15232K)->14377K(15232K) NonClass: 12396K(12864K)->12396K(12864K) Class: 1981K(2368K)->1981K(2368K)
[158.767s][info][gc             ] GC(1318) Pause Young (Allocation Failure) 180M->12M(510M) 2.313ms
[158.767s][info][gc,cpu         ] GC(1318) User=0.00s Sys=0.00s Real=0.00s
[158.892s][info][gc,start       ] GC(1319) Pause Young (Allocation Failure)
[158.894s][info][gc,heap        ] GC(1319) PSYoungGen: 172544K(173056K)->1024K(173056K) Eden: 171520K(171520K)->0K(171520K) From: 1024K(1536K)->1024K(1536K)
[158.894s][info][gc,heap        ] GC(1319) ParOldGen: 11960K(349696K)->12008K(349696K)
[158.894s][info][gc,metaspace   ] GC(1319) Metaspace: 14377K(15232K)->14377K(15232K) NonClass: 12396K(12864K)->12396K(12864K) Class: 1981K(2368K)->1981K(2368K)
[158.895s][info][gc             ] GC(1319) Pause Young (Allocation Failure) 180M->12M(510M) 2.460ms
[158.895s][info][gc,cpu         ] GC(1319) User=0.52s Sys=0.00s Real=0.00s
[159.020s][info][gc,start       ] GC(1320) Pause Young (Allocation Failure)
[159.022s][info][gc,heap        ] GC(1320) PSYoungGen: 172544K(173056K)->1024K(173056K) Eden: 171520K(171520K)->0K(171520K) From: 1024K(1536K)->1024K(1536K)
[159.022s][info][gc,heap        ] GC(1320) ParOldGen: 12008K(349696K)->12064K(349696K)
[159.022s][info][gc,metaspace   ] GC(1320) Metaspace: 14377K(15232K)->14377K(15232K) NonClass: 12396K(12864K)->12396K(12864K) Class: 1981K(2368K)->1981K(2368K)
[159.022s][info][gc             ] GC(1320) Pause Young (Allocation Failure) 180M->12M(510M) 2.439ms
[159.022s][info][gc,cpu         ] GC(1320) User=0.00s Sys=0.00s Real=0.00s
[159.144s][info][gc,start       ] GC(1321) Pause Young (Allocation Failure)
[159.147s][info][gc,heap        ] GC(1321) PSYoungGen: 172544K(173056K)->992K(173056K) Eden: 171520K(171520K)->0K(171520K) From: 1024K(1536K)->992K(1536K)
[159.147s][info][gc,heap        ] GC(1321) ParOldGen: 12064K(349696K)->12120K(349696K)
[159.147s][info][gc,metaspace   ] GC(1321) Metaspace: 14377K(15232K)->14377K(15232K) NonClass: 12396K(12864K)->12396K(12864K) Class: 1981K(2368K)->1981K(2368K)
[159.147s][info][gc             ] GC(1321) Pause Young (Allocation Failure) 180M->12M(510M) 2.400ms
[159.147s][info][gc,cpu         ] GC(1321) User=0.52s Sys=0.00s Real=0.00s
[159.268s][info][gc,start       ] GC(1322) Pause Young (Allocation Failure)
[159.270s][info][gc,heap        ] GC(1322) PSYoungGen: 172512K(173056K)->1024K(173056K) Eden: 171520K(171520K)->0K(171520K) From: 992K(1536K)->1024K(1536K)
[159.270s][info][gc,heap        ] GC(1322) ParOldGen: 12120K(349696K)->12184K(349696K)
[159.270s][info][gc,metaspace   ] GC(1322) Metaspace: 14377K(15232K)->14377K(15232K) NonClass: 12396K(12864K)->12396K(12864K) Class: 1981K(2368K)->1981K(2368K)
[159.270s][info][gc             ] GC(1322) Pause Young (Allocation Failure) 180M->12M(510M) 2.419ms
[159.270s][info][gc,cpu         ] GC(1322) User=0.52s Sys=0.00s Real=0.00s
[159.392s][info][gc,start       ] GC(1323) Pause Young (Allocation Failure)
[159.394s][info][gc,heap        ] GC(1323) PSYoungGen: 172544K(173056K)->1024K(173056K) Eden: 171520K(171520K)->0K(171520K) From: 1024K(1536K)->1024K(1536K)
[159.394s][info][gc,heap        ] GC(1323) ParOldGen: 12184K(349696K)->12240K(349696K)
[159.394s][info][gc,metaspace   ] GC(1323) Metaspace: 14377K(15232K)->14377K(15232K) NonClass: 12396K(12864K)->12396K(12864K) Class: 1981K(2368K)->1981K(2368K)
[159.394s][info][gc             ] GC(1323) Pause Young (Allocation Failure) 180M->12M(510M) 2.457ms
[159.394s][info][gc,cpu         ] GC(1323) User=0.00s Sys=0.00s Real=0.00s
[159.515s][info][gc,start       ] GC(1324) Pause Young (Allocation Failure)
[159.518s][info][gc,heap        ] GC(1324) PSYoungGen: 172544K(173056K)->992K(173056K) Eden: 171520K(171520K)->0K(171520K) From: 1024K(1536K)->992K(1536K)
[159.518s][info][gc,heap        ] GC(1324) ParOldGen: 12240K(349696K)->12296K(349696K)
[159.518s][info][gc,metaspace   ] GC(1324) Metaspace: 14377K(15232K)->14377K(15232K) NonClass: 12396K(12864K)->12396K(12864K) Class: 1981K(2368K)->1981K(2368K)
[159.518s][info][gc             ] GC(1324) Pause Young (Allocation Failure) 180M->12M(510M) 2.460ms
[159.518s][info][gc,cpu         ] GC(1324) User=0.00s Sys=0.00s Real=0.00s
[159.640s][info][gc,start       ] GC(1325) Pause Young (Allocation Failure)
[159.643s][info][gc,heap        ] GC(1325) PSYoungGen: 172512K(173056K)->1024K(173056K) Eden: 171520K(171520K)->0K(171520K) From: 992K(1536K)->1024K(1536K)
[159.643s][info][gc,heap        ] GC(1325) ParOldGen: 12296K(349696K)->12352K(349696K)
[159.643s][info][gc,metaspace   ] GC(1325) Metaspace: 14377K(15232K)->14377K(15232K) NonClass: 12396K(12864K)->12396K(12864K) Class: 1981K(2368K)->1981K(2368K)
[159.643s][info][gc             ] GC(1325) Pause Young (Allocation Failure) 180M->13M(510M) 2.489ms
[159.643s][info][gc,cpu         ] GC(1325) User=0.00s Sys=0.00s Real=0.00s
[159.765s][info][gc,start       ] GC(1326) Pause Young (Allocation Failure)
[159.767s][info][gc,heap        ] GC(1326) PSYoungGen: 172544K(173056K)->1024K(173056K) Eden: 171520K(171520K)->0K(171520K) From: 1024K(1536K)->1024K(1536K)
[159.767s][info][gc,heap        ] GC(1326) ParOldGen: 12352K(349696K)->12408K(349696K)
[159.767s][info][gc,metaspace   ] GC(1326) Metaspace: 14377K(15232K)->14377K(15232K) NonClass: 12396K(12864K)->12396K(12864K) Class: 1981K(2368K)->1981K(2368K)
[159.767s][info][gc             ] GC(1326) Pause Young (Allocation Failure) 180M->13M(510M) 2.521ms
[159.767s][info][gc,cpu         ] GC(1326) User=0.00s Sys=0.00s Real=0.00s
[159.887s][info][gc,start       ] GC(1327) Pause Young (Allocation Failure)
[159.889s][info][gc,heap        ] GC(1327) PSYoungGen: 172544K(173056K)->1024K(173056K) Eden: 171520K(171520K)->0K(171520K) From: 1024K(1536K)->1024K(1536K)
[159.889s][info][gc,heap        ] GC(1327) ParOldGen: 12408K(349696K)->12464K(349696K)
[159.889s][info][gc,metaspace   ] GC(1327) Metaspace: 14377K(15232K)->14377K(15232K) NonClass: 12396K(12864K)->12396K(12864K) Class: 1981K(2368K)->1981K(2368K)
[159.889s][info][gc             ] GC(1327) Pause Young (Allocation Failure) 180M->13M(510M) 2.570ms
[159.889s][info][gc,cpu         ] GC(1327) User=0.00s Sys=0.00s Real=0.00s
[160.004s][info][gc,start       ] GC(1328) Pause Young (Allocation Failure)
[160.006s][info][gc,heap        ] GC(1328) PSYoungGen: 172544K(173056K)->992K(173056K) Eden: 171520K(171520K)->0K(171520K) From: 1024K(1536K)->992K(1536K)
[160.006s][info][gc,heap        ] GC(1328) ParOldGen: 12464K(349696K)->12504K(349696K)
[160.006s][info][gc,metaspace   ] GC(1328) Metaspace: 14377K(15232K)->14377K(15232K) NonClass: 12396K(12864K)->12396K(12864K) Class: 1981K(2368K)->1981K(2368K)
[160.006s][info][gc             ] GC(1328) Pause Young (Allocation Failure) 180M->13M(510M) 2.518ms
[160.006s][info][gc,cpu         ] GC(1328) User=0.38s Sys=0.08s Real=0.00s
[160.117s][info][gc,start       ] GC(1329) Pause Young (Allocation Failure)
[160.120s][info][gc,heap        ] GC(1329) PSYoungGen: 172512K(173056K)->1024K(173056K) Eden: 171520K(171520K)->0K(171520K) From: 992K(1536K)->1024K(1536K)
[160.120s][info][gc,heap        ] GC(1329) ParOldGen: 12504K(349696K)->12560K(349696K)
[160.120s][info][gc,metaspace   ] GC(1329) Metaspace: 14377K(15232K)->14377K(15232K) NonClass: 12396K(12864K)->12396K(12864K) Class: 1981K(2368K)->1981K(2368K)
[160.120s][info][gc             ] GC(1329) Pause Young (Allocation Failure) 180M->13M(510M) 2.597ms
[160.120s][info][gc,cpu         ] GC(1329) User=0.00s Sys=0.00s Real=0.00s
[160.229s][info][gc,start       ] GC(1330) Pause Young (Allocation Failure)
[160.231s][info][gc,heap        ] GC(1330) PSYoungGen: 172544K(173056K)->1024K(173056K) Eden: 171520K(171520K)->0K(171520K) From: 1024K(1536K)->1024K(1536K)
[160.294s][info][gc,heap        ] GC(1330) ParOldGen: 12560K(349696K)->12608K(349696K)
[160.294s][info][gc,metaspace   ] GC(1330) Metaspace: 14377K(15232K)->14377K(15232K) NonClass: 12396K(12864K)->12396K(12864K) Class: 1981K(2368K)->1981K(2368K)
[160.294s][info][gc             ] GC(1330) Pause Young (Allocation Failure) 180M->13M(510M) 65.443ms
[160.294s][info][gc,cpu         ] GC(1330) User=0.00s Sys=0.00s Real=0.06s
[160.412s][info][gc,start       ] GC(1331) Pause Young (Allocation Failure)
[160.415s][info][gc,heap        ] GC(1331) PSYoungGen: 172544K(173056K)->1024K(173056K) Eden: 171520K(171520K)->0K(171520K) From: 1024K(1536K)->1024K(1536K)
[160.415s][info][gc,heap        ] GC(1331) ParOldGen: 12608K(349696K)->12672K(349696K)
[160.415s][info][gc,metaspace   ] GC(1331) Metaspace: 14377K(15232K)->14377K(15232K) NonClass: 12396K(12864K)->12396K(12864K) Class: 1981K(2368K)->1981K(2368K)
[160.415s][info][gc             ] GC(1331) Pause Young (Allocation Failure) 180M->13M(510M) 2.657ms
[160.415s][info][gc,cpu         ] GC(1331) User=0.00s Sys=0.00s Real=0.00s
[160.507s][info][gc,start       ] GC(1332) Pause Young (Allocation Failure)
[160.510s][info][gc,heap        ] GC(1332) PSYoungGen: 172544K(173056K)->896K(173056K) Eden: 171520K(171520K)->0K(171520K) From: 1024K(1536K)->896K(1536K)
[160.510s][info][gc,heap        ] GC(1332) ParOldGen: 12672K(349696K)->12712K(349696K)
[160.510s][info][gc,metaspace   ] GC(1332) Metaspace: 14377K(15232K)->14377K(15232K) NonClass: 12396K(12864K)->12396K(12864K) Class: 1981K(2368K)->1981K(2368K)
[160.510s][info][gc             ] GC(1332) Pause Young (Allocation Failure) 180M->13M(510M) 2.776ms
[160.510s][info][gc,cpu         ] GC(1332) User=0.00s Sys=0.00s Real=0.00s
[160.573s][info][gc,start       ] GC(1333) Pause Young (Allocation Failure)
[160.576s][info][gc,heap        ] GC(1333) PSYoungGen: 172416K(173056K)->736K(173056K) Eden: 171520K(171520K)->0K(171520K) From: 896K(1536K)->736K(1536K)
[160.576s][info][gc,heap        ] GC(1333) ParOldGen: 12712K(349696K)->12760K(349696K)
[160.576s][info][gc,metaspace   ] GC(1333) Metaspace: 14377K(15232K)->14377K(15232K) NonClass: 12396K(12864K)->12396K(12864K) Class: 1981K(2368K)->1981K(2368K)
[160.576s][info][gc             ] GC(1333) Pause Young (Allocation Failure) 180M->13M(510M) 2.718ms
[160.576s][info][gc,cpu         ] GC(1333) User=0.00s Sys=0.00s Real=0.00s
[160.654s][info][gc,start       ] GC(1334) Pause Young (Allocation Failure)
[160.656s][info][gc,heap        ] GC(1334) PSYoungGen: 172256K(173056K)->672K(173056K) Eden: 171520K(171520K)->0K(171520K) From: 736K(1536K)->672K(1536K)
[160.656s][info][gc,heap        ] GC(1334) ParOldGen: 12760K(349696K)->12776K(349696K)
[160.656s][info][gc,metaspace   ] GC(1334) Metaspace: 14377K(15232K)->14377K(15232K) NonClass: 12396K(12864K)->12396K(12864K) Class: 1981K(2368K)->1981K(2368K)
[160.656s][info][gc             ] GC(1334) Pause Young (Allocation Failure) 180M->13M(510M) 2.712ms
[160.656s][info][gc,cpu         ] GC(1334) User=0.00s Sys=0.00s Real=0.00s
[160.806s][info][gc,start       ] GC(1335) Pause Young (System.gc())
[160.809s][info][gc,heap        ] GC(1335) PSYoungGen: 166410K(173056K)->224K(173056K) Eden: 165738K(171520K)->0K(171520K) From: 672K(1536K)->224K(1536K)
[160.809s][info][gc,heap        ] GC(1335) ParOldGen: 12776K(349696K)->12816K(349696K)
[160.809s][info][gc,metaspace   ] GC(1335) Metaspace: 14377K(15232K)->14377K(15232K) NonClass: 12396K(12864K)->12396K(12864K) Class: 1981K(2368K)->1981K(2368K)
[160.809s][info][gc             ] GC(1335) Pause Young (System.gc()) 174M->12M(510M) 2.962ms
[160.809s][info][gc,cpu         ] GC(1335) User=0.00s Sys=0.00s Real=0.00s
[160.809s][info][gc,start       ] GC(1336) Pause Full (System.gc())
[160.809s][info][gc,phases,start] GC(1336) Marking Phase
[160.819s][info][gc,phases      ] GC(1336) Marking Phase 10.385ms
[160.819s][info][gc,phases,start] GC(1336) Summary Phase
[160.819s][info][gc,phases      ] GC(1336) Summary Phase 0.016ms
[160.819s][info][gc,phases,start] GC(1336) Adjust Roots
[160.824s][info][gc,phases      ] GC(1336) Adjust Roots 4.582ms
[160.824s][info][gc,phases,start] GC(1336) Compaction Phase
[160.826s][info][gc,phases      ] GC(1336) Compaction Phase 1.833ms
[160.826s][info][gc,phases,start] GC(1336) Post Compact
[160.826s][info][gc,phases      ] GC(1336) Post Compact 0.236ms
[160.826s][info][gc,heap        ] GC(1336) PSYoungGen: 224K(173056K)->0K(173056K) Eden: 0K(171520K)->0K(171520K) From: 224K(1536K)->0K(1536K)
[160.826s][info][gc,heap        ] GC(1336) ParOldGen: 12816K(349696K)->5380K(349696K)
[160.826s][info][gc,metaspace   ] GC(1336) Metaspace: 14377K(15232K)->14377K(15232K) NonClass: 12396K(12864K)->12396K(12864K) Class: 1981K(2368K)->1981K(2368K)
[160.826s][info][gc             ] GC(1336) Pause Full (System.gc()) 12M->5M(510M) 17.382ms
[160.826s][info][gc,cpu         ] GC(1336) User=0.25s Sys=0.00s Real=0.02s
[160.973s][info][gc,start       ] GC(1337) Pause Young (Allocation Failure)
[160.975s][info][gc,heap        ] GC(1337) PSYoungGen: 171520K(173056K)->1536K(173056K) Eden: 171520K(171520K)->0K(171520K) From: 0K(1536K)->1536K(1536K)
[160.975s][info][gc,heap        ] GC(1337) ParOldGen: 5380K(349696K)->5598K(349696K)
[160.975s][info][gc,metaspace   ] GC(1337) Metaspace: 14378K(15232K)->14378K(15232K) NonClass: 12397K(12864K)->12397K(12864K) Class: 1981K(2368K)->1981K(2368K)
[160.976s][info][gc             ] GC(1337) Pause Young (Allocation Failure) 172M->6M(510M) 2.902ms
[160.976s][info][gc,cpu         ] GC(1337) User=0.52s Sys=0.00s Real=0.00s
[161.089s][info][gc,start       ] GC(1338) Pause Young (Allocation Failure)
[161.091s][info][gc,heap        ] GC(1338) PSYoungGen: 173056K(173056K)->1024K(173056K) Eden: 171520K(171520K)->0K(171520K) From: 1536K(1536K)->1024K(1536K)
[161.091s][info][gc,heap        ] GC(1338) ParOldGen: 5598K(349696K)->7079K(349696K)
[161.091s][info][gc,metaspace   ] GC(1338) Metaspace: 14378K(15232K)->14378K(15232K) NonClass: 12397K(12864K)->12397K(12864K) Class: 1981K(2368K)->1981K(2368K)
[161.091s][info][gc             ] GC(1338) Pause Young (Allocation Failure) 174M->7M(510M) 2.894ms
[161.091s][info][gc,cpu         ] GC(1338) User=0.00s Sys=0.00s Real=0.00s
[161.356s][info][gc,start       ] GC(1339) Pause Young (Allocation Failure)
[161.359s][info][gc,heap        ] GC(1339) PSYoungGen: 172544K(173056K)->992K(173056K) Eden: 171520K(171520K)->0K(171520K) From: 1024K(1536K)->992K(1536K)
[161.359s][info][gc,heap        ] GC(1339) ParOldGen: 7079K(349696K)->7143K(349696K)
[161.359s][info][gc,metaspace   ] GC(1339) Metaspace: 14378K(15232K)->14378K(15232K) NonClass: 12397K(12864K)->12397K(12864K) Class: 1981K(2368K)->1981K(2368K)
[161.359s][info][gc             ] GC(1339) Pause Young (Allocation Failure) 175M->7M(510M) 3.595ms
[161.359s][info][gc,cpu         ] GC(1339) User=0.00s Sys=0.00s Real=0.00s
[161.497s][info][gc,start       ] GC(1340) Pause Young (Allocation Failure)
[161.500s][info][gc,heap        ] GC(1340) PSYoungGen: 172512K(173056K)->1024K(173056K) Eden: 171520K(171520K)->0K(171520K) From: 992K(1536K)->1024K(1536K)
[161.500s][info][gc,heap        ] GC(1340) ParOldGen: 7143K(349696K)->7239K(349696K)
[161.500s][info][gc,metaspace   ] GC(1340) Metaspace: 14378K(15232K)->14378K(15232K) NonClass: 12397K(12864K)->12397K(12864K) Class: 1981K(2368K)->1981K(2368K)
[161.500s][info][gc             ] GC(1340) Pause Young (Allocation Failure) 175M->8M(510M) 2.641ms
[161.500s][info][gc,cpu         ] GC(1340) User=0.00s Sys=0.00s Real=0.00s
[161.631s][info][gc,start       ] GC(1341) Pause Young (Allocation Failure)
[161.633s][info][gc,heap        ] GC(1341) PSYoungGen: 172544K(173056K)->960K(173056K) Eden: 171520K(171520K)->0K(171520K) From: 1024K(1536K)->960K(1536K)
[161.633s][info][gc,heap        ] GC(1341) ParOldGen: 7239K(349696K)->7351K(349696K)
[161.633s][info][gc,metaspace   ] GC(1341) Metaspace: 14378K(15232K)->14378K(15232K) NonClass: 12397K(12864K)->12397K(12864K) Class: 1981K(2368K)->1981K(2368K)
[161.633s][info][gc             ] GC(1341) Pause Young (Allocation Failure) 175M->8M(510M) 2.550ms
[161.633s][info][gc,cpu         ] GC(1341) User=0.00s Sys=0.00s Real=0.00s
[161.766s][info][gc,start       ] GC(1342) Pause Young (Allocation Failure)
[161.768s][info][gc,heap        ] GC(1342) PSYoungGen: 172480K(173056K)->1024K(173056K) Eden: 171520K(171520K)->0K(171520K) From: 960K(1536K)->1024K(1536K)
[161.768s][info][gc,heap        ] GC(1342) ParOldGen: 7351K(349696K)->7415K(349696K)
[161.768s][info][gc,metaspace   ] GC(1342) Metaspace: 14378K(15232K)->14378K(15232K) NonClass: 12397K(12864K)->12397K(12864K) Class: 1981K(2368K)->1981K(2368K)
[161.768s][info][gc             ] GC(1342) Pause Young (Allocation Failure) 175M->8M(510M) 2.465ms
[161.768s][info][gc,cpu         ] GC(1342) User=0.00s Sys=0.00s Real=0.00s
[161.897s][info][gc,start       ] GC(1343) Pause Young (Allocation Failure)
[161.899s][info][gc,heap        ] GC(1343) PSYoungGen: 172544K(173056K)->1024K(173056K) Eden: 171520K(171520K)->0K(171520K) From: 1024K(1536K)->1024K(1536K)
[161.899s][info][gc,heap        ] GC(1343) ParOldGen: 7415K(349696K)->7471K(349696K)
[161.899s][info][gc,metaspace   ] GC(1343) Metaspace: 14378K(15232K)->14378K(15232K) NonClass: 12397K(12864K)->12397K(12864K) Class: 1981K(2368K)->1981K(2368K)
[161.899s][info][gc             ] GC(1343) Pause Young (Allocation Failure) 175M->8M(510M) 2.449ms
[161.900s][info][gc,cpu         ] GC(1343) User=0.00s Sys=0.00s Real=0.00s
[162.034s][info][gc,start       ] GC(1344) Pause Young (Allocation Failure)
[162.036s][info][gc,heap        ] GC(1344) PSYoungGen: 172544K(173056K)->1024K(173056K) Eden: 171520K(171520K)->0K(171520K) From: 1024K(1536K)->1024K(1536K)
[162.036s][info][gc,heap        ] GC(1344) ParOldGen: 7471K(349696K)->7519K(349696K)
[162.036s][info][gc,metaspace   ] GC(1344) Metaspace: 14378K(15232K)->14378K(15232K) NonClass: 12397K(12864K)->12397K(12864K) Class: 1981K(2368K)->1981K(2368K)
[162.036s][info][gc             ] GC(1344) Pause Young (Allocation Failure) 175M->8M(510M) 2.482ms
[162.036s][info][gc,cpu         ] GC(1344) User=0.52s Sys=0.00s Real=0.00s
[162.172s][info][gc,start       ] GC(1345) Pause Young (Allocation Failure)
[162.174s][info][gc,heap        ] GC(1345) PSYoungGen: 172544K(173056K)->1024K(173056K) Eden: 171520K(171520K)->0K(171520K) From: 1024K(1536K)->1024K(1536K)
[162.174s][info][gc,heap        ] GC(1345) ParOldGen: 7519K(349696K)->7575K(349696K)
[162.174s][info][gc,metaspace   ] GC(1345) Metaspace: 14378K(15232K)->14378K(15232K) NonClass: 12397K(12864K)->12397K(12864K) Class: 1981K(2368K)->1981K(2368K)
[162.174s][info][gc             ] GC(1345) Pause Young (Allocation Failure) 175M->8M(510M) 2.306ms
[162.174s][info][gc,cpu         ] GC(1345) User=0.00s Sys=0.00s Real=0.00s
[162.304s][info][gc,start       ] GC(1346) Pause Young (Allocation Failure)
[162.307s][info][gc,heap        ] GC(1346) PSYoungGen: 172543K(173056K)->1024K(173056K) Eden: 171519K(171520K)->0K(171520K) From: 1024K(1536K)->1024K(1536K)
[162.307s][info][gc,heap        ] GC(1346) ParOldGen: 7575K(349696K)->7647K(349696K)
[162.307s][info][gc,metaspace   ] GC(1346) Metaspace: 14378K(15232K)->14378K(15232K) NonClass: 12397K(12864K)->12397K(12864K) Class: 1981K(2368K)->1981K(2368K)
[162.307s][info][gc             ] GC(1346) Pause Young (Allocation Failure) 175M->8M(510M) 2.301ms
[162.307s][info][gc,cpu         ] GC(1346) User=0.00s Sys=0.00s Real=0.00s
[162.434s][info][gc,start       ] GC(1347) Pause Young (Allocation Failure)
[162.436s][info][gc,heap        ] GC(1347) PSYoungGen: 172544K(173056K)->1024K(173056K) Eden: 171520K(171520K)->0K(171520K) From: 1024K(1536K)->1024K(1536K)
[162.436s][info][gc,heap        ] GC(1347) ParOldGen: 7647K(349696K)->7727K(349696K)
[162.436s][info][gc,metaspace   ] GC(1347) Metaspace: 14378K(15232K)->14378K(15232K) NonClass: 12397K(12864K)->12397K(12864K) Class: 1981K(2368K)->1981K(2368K)
[162.436s][info][gc             ] GC(1347) Pause Young (Allocation Failure) 175M->8M(510M) 2.296ms
[162.436s][info][gc,cpu         ] GC(1347) User=0.00s Sys=0.00s Real=0.00s
[162.564s][info][gc,start       ] GC(1348) Pause Young (Allocation Failure)
[162.566s][info][gc,heap        ] GC(1348) PSYoungGen: 172544K(173056K)->1024K(173056K) Eden: 171520K(171520K)->0K(171520K) From: 1024K(1536K)->1024K(1536K)
[162.566s][info][gc,heap        ] GC(1348) ParOldGen: 7727K(349696K)->7775K(349696K)
[162.566s][info][gc,metaspace   ] GC(1348) Metaspace: 14378K(15232K)->14378K(15232K) NonClass: 12397K(12864K)->12397K(12864K) Class: 1981K(2368K)->1981K(2368K)
[162.566s][info][gc             ] GC(1348) Pause Young (Allocation Failure) 176M->8M(510M) 2.388ms
[162.566s][info][gc,cpu         ] GC(1348) User=0.00s Sys=0.00s Real=0.00s
[162.695s][info][gc,start       ] GC(1349) Pause Young (Allocation Failure)
[162.698s][info][gc,heap        ] GC(1349) PSYoungGen: 172544K(173056K)->1024K(173056K) Eden: 171520K(171520K)->0K(171520K) From: 1024K(1536K)->1024K(1536K)
[162.698s][info][gc,heap        ] GC(1349) ParOldGen: 7775K(349696K)->7831K(349696K)
[162.698s][info][gc,metaspace   ] GC(1349) Metaspace: 14378K(15232K)->14378K(15232K) NonClass: 12397K(12864K)->12397K(12864K) Class: 1981K(2368K)->1981K(2368K)
[162.698s][info][gc             ] GC(1349) Pause Young (Allocation Failure) 176M->8M(510M) 2.417ms
[162.698s][info][gc,cpu         ] GC(1349) User=0.00s Sys=0.00s Real=0.00s
[162.829s][info][gc,start       ] GC(1350) Pause Young (Allocation Failure)
[162.831s][info][gc,heap        ] GC(1350) PSYoungGen: 172544K(173056K)->1024K(173056K) Eden: 171520K(171520K)->0K(171520K) From: 1024K(1536K)->1024K(1536K)
[162.831s][info][gc,heap        ] GC(1350) ParOldGen: 7831K(349696K)->7895K(349696K)
[162.831s][info][gc,metaspace   ] GC(1350) Metaspace: 14378K(15232K)->14378K(15232K) NonClass: 12397K(12864K)->12397K(12864K) Class: 1981K(2368K)->1981K(2368K)
[162.831s][info][gc             ] GC(1350) Pause Young (Allocation Failure) 176M->8M(510M) 2.460ms
[162.831s][info][gc,cpu         ] GC(1350) User=0.00s Sys=0.00s Real=0.00s
[162.959s][info][gc,start       ] GC(1351) Pause Young (Allocation Failure)
[162.992s][info][gc,heap        ] GC(1351) PSYoungGen: 172544K(173056K)->1056K(173056K) Eden: 171520K(171520K)->0K(171520K) From: 1024K(1536K)->1056K(1536K)
[162.992s][info][gc,heap        ] GC(1351) ParOldGen: 7895K(349696K)->7951K(349696K)
[162.992s][info][gc,metaspace   ] GC(1351) Metaspace: 14378K(15232K)->14378K(15232K) NonClass: 12397K(12864K)->12397K(12864K) Class: 1981K(2368K)->1981K(2368K)
[162.992s][info][gc             ] GC(1351) Pause Young (Allocation Failure) 176M->8M(510M) 33.322ms
[162.992s][info][gc,cpu         ] GC(1351) User=0.00s Sys=0.00s Real=0.03s
[163.128s][info][gc,start       ] GC(1352) Pause Young (Allocation Failure)
[163.131s][info][gc,heap        ] GC(1352) PSYoungGen: 172576K(173056K)->992K(173056K) Eden: 171520K(171520K)->0K(171520K) From: 1056K(1536K)->992K(1536K)
[163.131s][info][gc,heap        ] GC(1352) ParOldGen: 7951K(349696K)->7991K(349696K)
[163.131s][info][gc,metaspace   ] GC(1352) Metaspace: 14378K(15232K)->14378K(15232K) NonClass: 12397K(12864K)->12397K(12864K) Class: 1981K(2368K)->1981K(2368K)
[163.131s][info][gc             ] GC(1352) Pause Young (Allocation Failure) 176M->8M(510M) 2.494ms
[163.131s][info][gc,cpu         ] GC(1352) User=0.52s Sys=0.00s Real=0.00s
[163.259s][info][gc,start       ] GC(1353) Pause Young (Allocation Failure)
[163.262s][info][gc,heap        ] GC(1353) PSYoungGen: 172512K(173056K)->1024K(173056K) Eden: 171520K(171520K)->0K(171520K) From: 992K(1536K)->1024K(1536K)
[163.262s][info][gc,heap        ] GC(1353) ParOldGen: 7991K(349696K)->8055K(349696K)
[163.262s][info][gc,metaspace   ] GC(1353) Metaspace: 14378K(15232K)->14378K(15232K) NonClass: 12397K(12864K)->12397K(12864K) Class: 1981K(2368K)->1981K(2368K)
[163.262s][info][gc             ] GC(1353) Pause Young (Allocation Failure) 176M->8M(510M) 2.491ms
[163.262s][info][gc,cpu         ] GC(1353) User=0.00s Sys=0.00s Real=0.00s
[163.390s][info][gc,start       ] GC(1354) Pause Young (Allocation Failure)
[163.393s][info][gc,heap        ] GC(1354) PSYoungGen: 172544K(173056K)->1024K(173056K) Eden: 171520K(171520K)->0K(171520K) From: 1024K(1536K)->1024K(1536K)
[163.393s][info][gc,heap        ] GC(1354) ParOldGen: 8055K(349696K)->8119K(349696K)
[163.393s][info][gc,metaspace   ] GC(1354) Metaspace: 14378K(15232K)->14378K(15232K) NonClass: 12397K(12864K)->12397K(12864K) Class: 1981K(2368K)->1981K(2368K)
[163.393s][info][gc             ] GC(1354) Pause Young (Allocation Failure) 176M->8M(510M) 2.520ms
[163.393s][info][gc,cpu         ] GC(1354) User=0.00s Sys=0.00s Real=0.00s
[163.521s][info][gc,start       ] GC(1355) Pause Young (Allocation Failure)
[163.524s][info][gc,heap        ] GC(1355) PSYoungGen: 172544K(173056K)->1024K(173056K) Eden: 171520K(171520K)->0K(171520K) From: 1024K(1536K)->1024K(1536K)
[163.524s][info][gc,heap        ] GC(1355) ParOldGen: 8119K(349696K)->8207K(349696K)
[163.524s][info][gc,metaspace   ] GC(1355) Metaspace: 14378K(15232K)->14378K(15232K) NonClass: 12397K(12864K)->12397K(12864K) Class: 1981K(2368K)->1981K(2368K)
[163.524s][info][gc             ] GC(1355) Pause Young (Allocation Failure) 176M->9M(510M) 2.522ms
[163.524s][info][gc,cpu         ] GC(1355) User=0.00s Sys=0.00s Real=0.00s
[163.652s][info][gc,start       ] GC(1356) Pause Young (Allocation Failure)
[163.654s][info][gc,heap        ] GC(1356) PSYoungGen: 172544K(173056K)->1024K(173056K) Eden: 171520K(171520K)->0K(171520K) From: 1024K(1536K)->1024K(1536K)
[163.654s][info][gc,heap        ] GC(1356) ParOldGen: 8207K(349696K)->8271K(349696K)
[163.654s][info][gc,metaspace   ] GC(1356) Metaspace: 14378K(15232K)->14378K(15232K) NonClass: 12397K(12864K)->12397K(12864K) Class: 1981K(2368K)->1981K(2368K)
[163.654s][info][gc             ] GC(1356) Pause Young (Allocation Failure) 176M->9M(510M) 2.585ms
[163.654s][info][gc,cpu         ] GC(1356) User=0.00s Sys=0.00s Real=0.00s
[163.783s][info][gc,start       ] GC(1357) Pause Young (Allocation Failure)
[163.786s][info][gc,heap        ] GC(1357) PSYoungGen: 172544K(173056K)->992K(173056K) Eden: 171520K(171520K)->0K(171520K) From: 1024K(1536K)->992K(1536K)
[163.786s][info][gc,heap        ] GC(1357) ParOldGen: 8271K(349696K)->8343K(349696K)
[163.786s][info][gc,metaspace   ] GC(1357) Metaspace: 14378K(15232K)->14378K(15232K) NonClass: 12397K(12864K)->12397K(12864K) Class: 1981K(2368K)->1981K(2368K)
[163.786s][info][gc             ] GC(1357) Pause Young (Allocation Failure) 176M->9M(510M) 2.608ms
[163.786s][info][gc,cpu         ] GC(1357) User=0.52s Sys=0.00s Real=0.00s
[163.915s][info][gc,start       ] GC(1358) Pause Young (Allocation Failure)
[163.917s][info][gc,heap        ] GC(1358) PSYoungGen: 172512K(173056K)->1024K(173056K) Eden: 171520K(171520K)->0K(171520K) From: 992K(1536K)->1024K(1536K)
[163.917s][info][gc,heap        ] GC(1358) ParOldGen: 8343K(349696K)->8415K(349696K)
[163.917s][info][gc,metaspace   ] GC(1358) Metaspace: 14378K(15232K)->14378K(15232K) NonClass: 12397K(12864K)->12397K(12864K) Class: 1981K(2368K)->1981K(2368K)
[163.917s][info][gc             ] GC(1358) Pause Young (Allocation Failure) 176M->9M(510M) 2.602ms
[163.917s][info][gc,cpu         ] GC(1358) User=0.00s Sys=0.00s Real=0.00s
[164.044s][info][gc,start       ] GC(1359) Pause Young (Allocation Failure)
[164.047s][info][gc,heap        ] GC(1359) PSYoungGen: 172544K(173056K)->1024K(173056K) Eden: 171520K(171520K)->0K(171520K) From: 1024K(1536K)->1024K(1536K)
[164.047s][info][gc,heap        ] GC(1359) ParOldGen: 8415K(349696K)->8487K(349696K)
[164.047s][info][gc,metaspace   ] GC(1359) Metaspace: 14378K(15232K)->14378K(15232K) NonClass: 12397K(12864K)->12397K(12864K) Class: 1981K(2368K)->1981K(2368K)
[164.047s][info][gc             ] GC(1359) Pause Young (Allocation Failure) 176M->9M(510M) 2.672ms
[164.047s][info][gc,cpu         ] GC(1359) User=0.00s Sys=0.00s Real=0.00s
[164.175s][info][gc,start       ] GC(1360) Pause Young (Allocation Failure)
[164.178s][info][gc,heap        ] GC(1360) PSYoungGen: 172544K(173056K)->992K(173056K) Eden: 171520K(171520K)->0K(171520K) From: 1024K(1536K)->992K(1536K)
[164.178s][info][gc,heap        ] GC(1360) ParOldGen: 8487K(349696K)->8543K(349696K)
[164.178s][info][gc,metaspace   ] GC(1360) Metaspace: 14378K(15232K)->14378K(15232K) NonClass: 12397K(12864K)->12397K(12864K) Class: 1981K(2368K)->1981K(2368K)
[164.178s][info][gc             ] GC(1360) Pause Young (Allocation Failure) 176M->9M(510M) 2.709ms
[164.178s][info][gc,cpu         ] GC(1360) User=0.52s Sys=0.00s Real=0.00s
[164.304s][info][gc,start       ] GC(1361) Pause Young (Allocation Failure)
[164.306s][info][gc,heap        ] GC(1361) PSYoungGen: 172512K(173056K)->992K(173056K) Eden: 171520K(171520K)->0K(171520K) From: 992K(1536K)->992K(1536K)
[164.306s][info][gc,heap        ] GC(1361) ParOldGen: 8543K(349696K)->8599K(349696K)
[164.306s][info][gc,metaspace   ] GC(1361) Metaspace: 14378K(15232K)->14378K(15232K) NonClass: 12397K(12864K)->12397K(12864K) Class: 1981K(2368K)->1981K(2368K)
[164.306s][info][gc             ] GC(1361) Pause Young (Allocation Failure) 176M->9M(510M) 2.692ms
[164.306s][info][gc,cpu         ] GC(1361) User=0.00s Sys=0.00s Real=0.00s
[164.435s][info][gc,start       ] GC(1362) Pause Young (Allocation Failure)
[164.438s][info][gc,heap        ] GC(1362) PSYoungGen: 172512K(173056K)->1024K(173056K) Eden: 171520K(171520K)->0K(171520K) From: 992K(1536K)->1024K(1536K)
[164.438s][info][gc,heap        ] GC(1362) ParOldGen: 8599K(349696K)->8663K(349696K)
[164.438s][info][gc,metaspace   ] GC(1362) Metaspace: 14378K(15232K)->14378K(15232K) NonClass: 12397K(12864K)->12397K(12864K) Class: 1981K(2368K)->1981K(2368K)
[164.438s][info][gc             ] GC(1362) Pause Young (Allocation Failure) 176M->9M(510M) 2.719ms
[164.438s][info][gc,cpu         ] GC(1362) User=0.00s Sys=0.00s Real=0.00s
[164.566s][info][gc,start       ] GC(1363) Pause Young (Allocation Failure)
[164.568s][info][gc,heap        ] GC(1363) PSYoungGen: 172544K(173056K)->1024K(173056K) Eden: 171520K(171520K)->0K(171520K) From: 1024K(1536K)->1024K(1536K)
[164.568s][info][gc,heap        ] GC(1363) ParOldGen: 8663K(349696K)->8727K(349696K)
[164.568s][info][gc,metaspace   ] GC(1363) Metaspace: 14378K(15232K)->14378K(15232K) NonClass: 12397K(12864K)->12397K(12864K) Class: 1981K(2368K)->1981K(2368K)
[164.568s][info][gc             ] GC(1363) Pause Young (Allocation Failure) 176M->9M(510M) 2.750ms
[164.568s][info][gc,cpu         ] GC(1363) User=0.52s Sys=0.00s Real=0.00s
[164.697s][info][gc,start       ] GC(1364) Pause Young (Allocation Failure)
[164.699s][info][gc,heap        ] GC(1364) PSYoungGen: 172544K(173056K)->992K(173056K) Eden: 171520K(171520K)->0K(171520K) From: 1024K(1536K)->992K(1536K)
[164.699s][info][gc,heap        ] GC(1364) ParOldGen: 8727K(349696K)->8775K(349696K)
[164.699s][info][gc,metaspace   ] GC(1364) Metaspace: 14378K(15232K)->14378K(15232K) NonClass: 12397K(12864K)->12397K(12864K) Class: 1981K(2368K)->1981K(2368K)
[164.699s][info][gc             ] GC(1364) Pause Young (Allocation Failure) 177M->9M(510M) 2.824ms
[164.699s][info][gc,cpu         ] GC(1364) User=0.00s Sys=0.00s Real=0.00s
[164.828s][info][gc,start       ] GC(1365) Pause Young (Allocation Failure)
[164.831s][info][gc,heap        ] GC(1365) PSYoungGen: 172512K(173056K)->1024K(173056K) Eden: 171520K(171520K)->0K(171520K) From: 992K(1536K)->1024K(1536K)
[164.831s][info][gc,heap        ] GC(1365) ParOldGen: 8775K(349696K)->8831K(349696K)
[164.831s][info][gc,metaspace   ] GC(1365) Metaspace: 14378K(15232K)->14378K(15232K) NonClass: 12397K(12864K)->12397K(12864K) Class: 1981K(2368K)->1981K(2368K)
[164.831s][info][gc             ] GC(1365) Pause Young (Allocation Failure) 177M->9M(510M) 2.787ms
[164.831s][info][gc,cpu         ] GC(1365) User=0.00s Sys=0.00s Real=0.00s
[164.961s][info][gc,start       ] GC(1366) Pause Young (Allocation Failure)
[164.964s][info][gc,heap        ] GC(1366) PSYoungGen: 172544K(173056K)->1024K(173056K) Eden: 171520K(171520K)->0K(171520K) From: 1024K(1536K)->1024K(1536K)
[164.964s][info][gc,heap        ] GC(1366) ParOldGen: 8831K(349696K)->8911K(349696K)
[164.964s][info][gc,metaspace   ] GC(1366) Metaspace: 14378K(15232K)->14378K(15232K) NonClass: 12397K(12864K)->12397K(12864K) Class: 1981K(2368K)->1981K(2368K)
[164.964s][info][gc             ] GC(1366) Pause Young (Allocation Failure) 177M->9M(510M) 2.885ms
[164.964s][info][gc,cpu         ] GC(1366) User=0.00s Sys=0.00s Real=0.00s
[165.149s][info][gc,start       ] GC(1367) Pause Young (Allocation Failure)
[165.152s][info][gc,heap        ] GC(1367) PSYoungGen: 172544K(173056K)->1024K(173056K) Eden: 171520K(171520K)->0K(171520K) From: 1024K(1536K)->1024K(1536K)
[165.152s][info][gc,heap        ] GC(1367) ParOldGen: 8911K(349696K)->8959K(349696K)
[165.152s][info][gc,metaspace   ] GC(1367) Metaspace: 14378K(15232K)->14378K(15232K) NonClass: 12397K(12864K)->12397K(12864K) Class: 1981K(2368K)->1981K(2368K)
[165.152s][info][gc             ] GC(1367) Pause Young (Allocation Failure) 177M->9M(510M) 3.741ms
[165.153s][info][gc,cpu         ] GC(1367) User=0.00s Sys=0.00s Real=0.00s
[165.292s][info][gc,start       ] GC(1368) Pause Young (Allocation Failure)
[165.295s][info][gc,heap        ] GC(1368) PSYoungGen: 172544K(173056K)->1024K(173056K) Eden: 171520K(171520K)->0K(171520K) From: 1024K(1536K)->1024K(1536K)
[165.295s][info][gc,heap        ] GC(1368) ParOldGen: 8959K(349696K)->9023K(349696K)
[165.295s][info][gc,metaspace   ] GC(1368) Metaspace: 14378K(15232K)->14378K(15232K) NonClass: 12397K(12864K)->12397K(12864K) Class: 1981K(2368K)->1981K(2368K)
[165.295s][info][gc             ] GC(1368) Pause Young (Allocation Failure) 177M->9M(510M) 2.674ms
[165.295s][info][gc,cpu         ] GC(1368) User=0.00s Sys=0.00s Real=0.00s
[165.428s][info][gc,start       ] GC(1369) Pause Young (Allocation Failure)
[165.430s][info][gc,heap        ] GC(1369) PSYoungGen: 172544K(173056K)->992K(173056K) Eden: 171520K(171520K)->0K(171520K) From: 1024K(1536K)->992K(1536K)
[165.430s][info][gc,heap        ] GC(1369) ParOldGen: 9023K(349696K)->9087K(349696K)
[165.430s][info][gc,metaspace   ] GC(1369) Metaspace: 14378K(15232K)->14378K(15232K) NonClass: 12397K(12864K)->12397K(12864K) Class: 1981K(2368K)->1981K(2368K)
[165.430s][info][gc             ] GC(1369) Pause Young (Allocation Failure) 177M->9M(510M) 2.564ms
[165.430s][info][gc,cpu         ] GC(1369) User=0.00s Sys=0.00s Real=0.00s
[165.561s][info][gc,start       ] GC(1370) Pause Young (Allocation Failure)
[165.564s][info][gc,heap        ] GC(1370) PSYoungGen: 172512K(173056K)->1024K(173056K) Eden: 171520K(171520K)->0K(171520K) From: 992K(1536K)->1024K(1536K)
[165.564s][info][gc,heap        ] GC(1370) ParOldGen: 9087K(349696K)->9175K(349696K)
[165.564s][info][gc,metaspace   ] GC(1370) Metaspace: 14378K(15232K)->14378K(15232K) NonClass: 12397K(12864K)->12397K(12864K) Class: 1981K(2368K)->1981K(2368K)
[165.564s][info][gc             ] GC(1370) Pause Young (Allocation Failure) 177M->9M(510M) 2.467ms
[165.564s][info][gc,cpu         ] GC(1370) User=0.00s Sys=0.00s Real=0.00s
[165.697s][info][gc,start       ] GC(1371) Pause Young (Allocation Failure)
[165.706s][info][gc,heap        ] GC(1371) PSYoungGen: 172544K(173056K)->1024K(173056K) Eden: 171520K(171520K)->0K(171520K) From: 1024K(1536K)->1024K(1536K)
[165.706s][info][gc,heap        ] GC(1371) ParOldGen: 9175K(349696K)->9255K(349696K)
[165.706s][info][gc,metaspace   ] GC(1371) Metaspace: 14378K(15232K)->14378K(15232K) NonClass: 12397K(12864K)->12397K(12864K) Class: 1981K(2368K)->1981K(2368K)
[165.706s][info][gc             ] GC(1371) Pause Young (Allocation Failure) 177M->10M(510M) 8.295ms
[165.706s][info][gc,cpu         ] GC(1371) User=0.00s Sys=0.00s Real=0.01s
[165.842s][info][gc,start       ] GC(1372) Pause Young (Allocation Failure)
[165.844s][info][gc,heap        ] GC(1372) PSYoungGen: 172544K(173056K)->992K(173056K) Eden: 171520K(171520K)->0K(171520K) From: 1024K(1536K)->992K(1536K)
[165.844s][info][gc,heap        ] GC(1372) ParOldGen: 9255K(349696K)->9335K(349696K)
[165.844s][info][gc,metaspace   ] GC(1372) Metaspace: 14378K(15232K)->14378K(15232K) NonClass: 12397K(12864K)->12397K(12864K) Class: 1981K(2368K)->1981K(2368K)
[165.844s][info][gc             ] GC(1372) Pause Young (Allocation Failure) 177M->10M(510M) 2.349ms
[165.844s][info][gc,cpu         ] GC(1372) User=0.00s Sys=0.00s Real=0.00s
[165.973s][info][gc,start       ] GC(1373) Pause Young (Allocation Failure)
[165.975s][info][gc,heap        ] GC(1373) PSYoungGen: 172512K(173056K)->1024K(173056K) Eden: 171520K(171520K)->0K(171520K) From: 992K(1536K)->1024K(1536K)
[165.975s][info][gc,heap        ] GC(1373) ParOldGen: 9335K(349696K)->9407K(349696K)
[165.975s][info][gc,metaspace   ] GC(1373) Metaspace: 14378K(15232K)->14378K(15232K) NonClass: 12397K(12864K)->12397K(12864K) Class: 1981K(2368K)->1981K(2368K)
[165.976s][info][gc             ] GC(1373) Pause Young (Allocation Failure) 177M->10M(510M) 2.309ms
[165.976s][info][gc,cpu         ] GC(1373) User=0.00s Sys=0.00s Real=0.00s
[166.103s][info][gc,start       ] GC(1374) Pause Young (Allocation Failure)
[166.105s][info][gc,heap        ] GC(1374) PSYoungGen: 172544K(173056K)->1024K(173056K) Eden: 171520K(171520K)->0K(171520K) From: 1024K(1536K)->1024K(1536K)
[166.105s][info][gc,heap        ] GC(1374) ParOldGen: 9407K(349696K)->9479K(349696K)
[166.105s][info][gc,metaspace   ] GC(1374) Metaspace: 14378K(15232K)->14378K(15232K) NonClass: 12397K(12864K)->12397K(12864K) Class: 1981K(2368K)->1981K(2368K)
[166.105s][info][gc             ] GC(1374) Pause Young (Allocation Failure) 177M->10M(510M) 2.329ms
[166.105s][info][gc,cpu         ] GC(1374) User=0.00s Sys=0.00s Real=0.00s
[166.233s][info][gc,start       ] GC(1375) Pause Young (Allocation Failure)
[166.235s][info][gc,heap        ] GC(1375) PSYoungGen: 172544K(173056K)->1024K(173056K) Eden: 171520K(171520K)->0K(171520K) From: 1024K(1536K)->1024K(1536K)
[166.235s][info][gc,heap        ] GC(1375) ParOldGen: 9479K(349696K)->9535K(349696K)
[166.235s][info][gc,metaspace   ] GC(1375) Metaspace: 14378K(15232K)->14378K(15232K) NonClass: 12397K(12864K)->12397K(12864K) Class: 1981K(2368K)->1981K(2368K)
[166.235s][info][gc             ] GC(1375) Pause Young (Allocation Failure) 177M->10M(510M) 2.406ms
[166.235s][info][gc,cpu         ] GC(1375) User=0.00s Sys=0.00s Real=0.00s
[166.363s][info][gc,start       ] GC(1376) Pause Young (Allocation Failure)
[166.365s][info][gc,heap        ] GC(1376) PSYoungGen: 172544K(173056K)->992K(173056K) Eden: 171520K(171520K)->0K(171520K) From: 1024K(1536K)->992K(1536K)
[166.365s][info][gc,heap        ] GC(1376) ParOldGen: 9535K(349696K)->9583K(349696K)
[166.365s][info][gc,metaspace   ] GC(1376) Metaspace: 14378K(15232K)->14378K(15232K) NonClass: 12397K(12864K)->12397K(12864K) Class: 1981K(2368K)->1981K(2368K)
[166.365s][info][gc             ] GC(1376) Pause Young (Allocation Failure) 177M->10M(510M) 2.399ms
[166.365s][info][gc,cpu         ] GC(1376) User=0.52s Sys=0.00s Real=0.00s
[166.494s][info][gc,start       ] GC(1377) Pause Young (Allocation Failure)
[166.497s][info][gc,heap        ] GC(1377) PSYoungGen: 172512K(173056K)->1024K(173056K) Eden: 171520K(171520K)->0K(171520K) From: 992K(1536K)->1024K(1536K)
[166.497s][info][gc,heap        ] GC(1377) ParOldGen: 9583K(349696K)->9655K(349696K)
[166.497s][info][gc,metaspace   ] GC(1377) Metaspace: 14378K(15232K)->14378K(15232K) NonClass: 12397K(12864K)->12397K(12864K) Class: 1981K(2368K)->1981K(2368K)
[166.497s][info][gc             ] GC(1377) Pause Young (Allocation Failure) 177M->10M(510M) 2.456ms
[166.497s][info][gc,cpu         ] GC(1377) User=0.00s Sys=0.00s Real=0.00s
[166.625s][info][gc,start       ] GC(1378) Pause Young (Allocation Failure)
[166.627s][info][gc,heap        ] GC(1378) PSYoungGen: 172544K(173056K)->1024K(173056K) Eden: 171520K(171520K)->0K(171520K) From: 1024K(1536K)->1024K(1536K)
[166.628s][info][gc,heap        ] GC(1378) ParOldGen: 9655K(349696K)->9711K(349696K)
[166.628s][info][gc,metaspace   ] GC(1378) Metaspace: 14378K(15232K)->14378K(15232K) NonClass: 12397K(12864K)->12397K(12864K) Class: 1981K(2368K)->1981K(2368K)
[166.628s][info][gc             ] GC(1378) Pause Young (Allocation Failure) 177M->10M(510M) 2.459ms
[166.628s][info][gc,cpu         ] GC(1378) User=0.00s Sys=0.00s Real=0.00s
[166.756s][info][gc,start       ] GC(1379) Pause Young (Allocation Failure)
[166.758s][info][gc,heap        ] GC(1379) PSYoungGen: 172544K(173056K)->992K(173056K) Eden: 171520K(171520K)->0K(171520K) From: 1024K(1536K)->992K(1536K)
[166.758s][info][gc,heap        ] GC(1379) ParOldGen: 9711K(349696K)->9751K(349696K)
[166.758s][info][gc,metaspace   ] GC(1379) Metaspace: 14378K(15232K)->14378K(15232K) NonClass: 12397K(12864K)->12397K(12864K) Class: 1981K(2368K)->1981K(2368K)
[166.758s][info][gc             ] GC(1379) Pause Young (Allocation Failure) 177M->10M(510M) 2.512ms
[166.758s][info][gc,cpu         ] GC(1379) User=0.00s Sys=0.00s Real=0.00s
[166.885s][info][gc,start       ] GC(1380) Pause Young (Allocation Failure)
[166.888s][info][gc,heap        ] GC(1380) PSYoungGen: 172512K(173056K)->1024K(173056K) Eden: 171520K(171520K)->0K(171520K) From: 992K(1536K)->1024K(1536K)
[166.888s][info][gc,heap        ] GC(1380) ParOldGen: 9751K(349696K)->9815K(349696K)
[166.888s][info][gc,metaspace   ] GC(1380) Metaspace: 14378K(15232K)->14378K(15232K) NonClass: 12397K(12864K)->12397K(12864K) Class: 1981K(2368K)->1981K(2368K)
[166.888s][info][gc             ] GC(1380) Pause Young (Allocation Failure) 177M->10M(510M) 2.507ms
[166.888s][info][gc,cpu         ] GC(1380) User=0.00s Sys=0.00s Real=0.00s
[167.013s][info][gc,start       ] GC(1381) Pause Young (Allocation Failure)
[167.016s][info][gc,heap        ] GC(1381) PSYoungGen: 172544K(173056K)->992K(173056K) Eden: 171520K(171520K)->0K(171520K) From: 1024K(1536K)->992K(1536K)
[167.016s][info][gc,heap        ] GC(1381) ParOldGen: 9815K(349696K)->9871K(349696K)
[167.016s][info][gc,metaspace   ] GC(1381) Metaspace: 14378K(15232K)->14378K(15232K) NonClass: 12397K(12864K)->12397K(12864K) Class: 1981K(2368K)->1981K(2368K)
[167.016s][info][gc             ] GC(1381) Pause Young (Allocation Failure) 178M->10M(510M) 2.529ms
[167.016s][info][gc,cpu         ] GC(1381) User=0.00s Sys=0.00s Real=0.00s
[167.144s][info][gc,start       ] GC(1382) Pause Young (Allocation Failure)
[167.146s][info][gc,heap        ] GC(1382) PSYoungGen: 172512K(173056K)->1024K(173056K) Eden: 171520K(171520K)->0K(171520K) From: 992K(1536K)->1024K(1536K)
[167.146s][info][gc,heap        ] GC(1382) ParOldGen: 9871K(349696K)->9935K(349696K)
[167.146s][info][gc,metaspace   ] GC(1382) Metaspace: 14378K(15232K)->14378K(15232K) NonClass: 12397K(12864K)->12397K(12864K) Class: 1981K(2368K)->1981K(2368K)
[167.146s][info][gc             ] GC(1382) Pause Young (Allocation Failure) 178M->10M(510M) 2.573ms
[167.146s][info][gc,cpu         ] GC(1382) User=0.52s Sys=0.00s Real=0.00s
[167.275s][info][gc,start       ] GC(1383) Pause Young (Allocation Failure)
[167.277s][info][gc,heap        ] GC(1383) PSYoungGen: 172544K(173056K)->1024K(173056K) Eden: 171520K(171520K)->0K(171520K) From: 1024K(1536K)->1024K(1536K)
[167.277s][info][gc,heap        ] GC(1383) ParOldGen: 9935K(349696K)->9991K(349696K)
[167.277s][info][gc,metaspace   ] GC(1383) Metaspace: 14378K(15232K)->14378K(15232K) NonClass: 12397K(12864K)->12397K(12864K) Class: 1981K(2368K)->1981K(2368K)
[167.277s][info][gc             ] GC(1383) Pause Young (Allocation Failure) 178M->10M(510M) 2.573ms
[167.277s][info][gc,cpu         ] GC(1383) User=0.00s Sys=0.00s Real=0.00s
[167.404s][info][gc,start       ] GC(1384) Pause Young (Allocation Failure)
[167.407s][info][gc,heap        ] GC(1384) PSYoungGen: 172544K(173056K)->1024K(173056K) Eden: 171520K(171520K)->0K(171520K) From: 1024K(1536K)->1024K(1536K)
[167.407s][info][gc,heap        ] GC(1384) ParOldGen: 9991K(349696K)->10039K(349696K)
[167.407s][info][gc,metaspace   ] GC(1384) Metaspace: 14378K(15232K)->14378K(15232K) NonClass: 12397K(12864K)->12397K(12864K) Class: 1981K(2368K)->1981K(2368K)
[167.407s][info][gc             ] GC(1384) Pause Young (Allocation Failure) 178M->10M(510M) 2.613ms
[167.407s][info][gc,cpu         ] GC(1384) User=0.00s Sys=0.00s Real=0.00s
[167.535s][info][gc,start       ] GC(1385) Pause Young (Allocation Failure)
[167.537s][info][gc,heap        ] GC(1385) PSYoungGen: 172544K(173056K)->992K(173056K) Eden: 171520K(171520K)->0K(171520K) From: 1024K(1536K)->992K(1536K)
[167.537s][info][gc,heap        ] GC(1385) ParOldGen: 10039K(349696K)->10071K(349696K)
[167.537s][info][gc,metaspace   ] GC(1385) Metaspace: 14378K(15232K)->14378K(15232K) NonClass: 12397K(12864K)->12397K(12864K) Class: 1981K(2368K)->1981K(2368K)
[167.537s][info][gc             ] GC(1385) Pause Young (Allocation Failure) 178M->10M(510M) 2.602ms
[167.537s][info][gc,cpu         ] GC(1385) User=0.52s Sys=0.00s Real=0.00s
[167.666s][info][gc,start       ] GC(1386) Pause Young (Allocation Failure)
[167.669s][info][gc,heap        ] GC(1386) PSYoungGen: 172512K(173056K)->1024K(173056K) Eden: 171520K(171520K)->0K(171520K) From: 992K(1536K)->1024K(1536K)
[167.669s][info][gc,heap        ] GC(1386) ParOldGen: 10071K(349696K)->10135K(349696K)
[167.669s][info][gc,metaspace   ] GC(1386) Metaspace: 14378K(15232K)->14378K(15232K) NonClass: 12397K(12864K)->12397K(12864K) Class: 1981K(2368K)->1981K(2368K)
[167.669s][info][gc             ] GC(1386) Pause Young (Allocation Failure) 178M->10M(510M) 2.668ms
[167.669s][info][gc,cpu         ] GC(1386) User=0.00s Sys=0.00s Real=0.00s
[167.904s][info][gc,start       ] GC(1387) Pause Young (Allocation Failure)
[167.908s][info][gc,heap        ] GC(1387) PSYoungGen: 172544K(173056K)->1024K(173056K) Eden: 171520K(171520K)->0K(171520K) From: 1024K(1536K)->1024K(1536K)
[167.908s][info][gc,heap        ] GC(1387) ParOldGen: 10135K(349696K)->10183K(349696K)
[167.908s][info][gc,metaspace   ] GC(1387) Metaspace: 14378K(15232K)->14378K(15232K) NonClass: 12397K(12864K)->12397K(12864K) Class: 1981K(2368K)->1981K(2368K)
[167.908s][info][gc             ] GC(1387) Pause Young (Allocation Failure) 178M->10M(510M) 3.458ms
[167.908s][info][gc,cpu         ] GC(1387) User=0.00s Sys=0.00s Real=0.00s
[168.047s][info][gc,start       ] GC(1388) Pause Young (Allocation Failure)
[168.050s][info][gc,heap        ] GC(1388) PSYoungGen: 172544K(173056K)->1024K(173056K) Eden: 171520K(171520K)->0K(171520K) From: 1024K(1536K)->1024K(1536K)
[168.050s][info][gc,heap        ] GC(1388) ParOldGen: 10183K(349696K)->10247K(349696K)
[168.050s][info][gc,metaspace   ] GC(1388) Metaspace: 14378K(15232K)->14378K(15232K) NonClass: 12397K(12864K)->12397K(12864K) Class: 1981K(2368K)->1981K(2368K)
[168.050s][info][gc             ] GC(1388) Pause Young (Allocation Failure) 178M->11M(510M) 2.538ms
[168.050s][info][gc,cpu         ] GC(1388) User=0.00s Sys=0.00s Real=0.00s
[168.189s][info][gc,start       ] GC(1389) Pause Young (Allocation Failure)
[168.192s][info][gc,heap        ] GC(1389) PSYoungGen: 172544K(173056K)->992K(173056K) Eden: 171520K(171520K)->0K(171520K) From: 1024K(1536K)->992K(1536K)
[168.192s][info][gc,heap        ] GC(1389) ParOldGen: 10247K(349696K)->10303K(349696K)
[168.192s][info][gc,metaspace   ] GC(1389) Metaspace: 14378K(15232K)->14378K(15232K) NonClass: 12397K(12864K)->12397K(12864K) Class: 1981K(2368K)->1981K(2368K)
[168.192s][info][gc             ] GC(1389) Pause Young (Allocation Failure) 178M->11M(510M) 2.525ms
[168.192s][info][gc,cpu         ] GC(1389) User=0.52s Sys=0.00s Real=0.00s
[168.331s][info][gc,start       ] GC(1390) Pause Young (Allocation Failure)
[168.333s][info][gc,heap        ] GC(1390) PSYoungGen: 172512K(173056K)->992K(173056K) Eden: 171520K(171520K)->0K(171520K) From: 992K(1536K)->992K(1536K)
[168.333s][info][gc,heap        ] GC(1390) ParOldGen: 10303K(349696K)->10375K(349696K)
[168.333s][info][gc,metaspace   ] GC(1390) Metaspace: 14378K(15232K)->14378K(15232K) NonClass: 12397K(12864K)->12397K(12864K) Class: 1981K(2368K)->1981K(2368K)
[168.333s][info][gc             ] GC(1390) Pause Young (Allocation Failure) 178M->11M(510M) 2.427ms
[168.334s][info][gc,cpu         ] GC(1390) User=0.52s Sys=0.00s Real=0.00s
[168.467s][info][gc,start       ] GC(1391) Pause Young (Allocation Failure)
[168.469s][info][gc,heap        ] GC(1391) PSYoungGen: 172512K(173056K)->1024K(173056K) Eden: 171520K(171520K)->0K(171520K) From: 992K(1536K)->1024K(1536K)
[168.469s][info][gc,heap        ] GC(1391) ParOldGen: 10375K(349696K)->10415K(349696K)
[168.469s][info][gc,metaspace   ] GC(1391) Metaspace: 14378K(15232K)->14378K(15232K) NonClass: 12397K(12864K)->12397K(12864K) Class: 1981K(2368K)->1981K(2368K)
[168.469s][info][gc             ] GC(1391) Pause Young (Allocation Failure) 178M->11M(510M) 2.272ms
[168.469s][info][gc,cpu         ] GC(1391) User=0.00s Sys=0.00s Real=0.00s
[168.594s][info][gc,start       ] GC(1392) Pause Young (Allocation Failure)
[168.609s][info][gc,heap        ] GC(1392) PSYoungGen: 172544K(173056K)->992K(173056K) Eden: 171520K(171520K)->0K(171520K) From: 1024K(1536K)->992K(1536K)
[168.609s][info][gc,heap        ] GC(1392) ParOldGen: 10415K(349696K)->10463K(349696K)
[168.609s][info][gc,metaspace   ] GC(1392) Metaspace: 14378K(15232K)->14378K(15232K) NonClass: 12397K(12864K)->12397K(12864K) Class: 1981K(2368K)->1981K(2368K)
[168.609s][info][gc             ] GC(1392) Pause Young (Allocation Failure) 178M->11M(510M) 14.347ms
[168.609s][info][gc,cpu         ] GC(1392) User=0.00s Sys=0.00s Real=0.01s
[168.739s][info][gc,start       ] GC(1393) Pause Young (Allocation Failure)
[168.741s][info][gc,heap        ] GC(1393) PSYoungGen: 172512K(173056K)->992K(173056K) Eden: 171520K(171520K)->0K(171520K) From: 992K(1536K)->992K(1536K)
[168.742s][info][gc,heap        ] GC(1393) ParOldGen: 10463K(349696K)->10503K(349696K)
[168.742s][info][gc,metaspace   ] GC(1393) Metaspace: 14378K(15232K)->14378K(15232K) NonClass: 12397K(12864K)->12397K(12864K) Class: 1981K(2368K)->1981K(2368K)
[168.742s][info][gc             ] GC(1393) Pause Young (Allocation Failure) 178M->11M(510M) 2.319ms
[168.742s][info][gc,cpu         ] GC(1393) User=0.00s Sys=0.00s Real=0.00s
[168.871s][info][gc,start       ] GC(1394) Pause Young (Allocation Failure)
[168.873s][info][gc,heap        ] GC(1394) PSYoungGen: 172512K(173056K)->992K(173056K) Eden: 171520K(171520K)->0K(171520K) From: 992K(1536K)->992K(1536K)
[168.873s][info][gc,heap        ] GC(1394) ParOldGen: 10503K(349696K)->10559K(349696K)
[168.873s][info][gc,metaspace   ] GC(1394) Metaspace: 14378K(15232K)->14378K(15232K) NonClass: 12397K(12864K)->12397K(12864K) Class: 1981K(2368K)->1981K(2368K)
[168.873s][info][gc             ] GC(1394) Pause Young (Allocation Failure) 178M->11M(510M) 2.271ms
[168.873s][info][gc,cpu         ] GC(1394) User=0.00s Sys=0.00s Real=0.00s
[168.999s][info][gc,start       ] GC(1395) Pause Young (Allocation Failure)
[169.002s][info][gc,heap        ] GC(1395) PSYoungGen: 172512K(173056K)->1024K(173056K) Eden: 171520K(171520K)->0K(171520K) From: 992K(1536K)->1024K(1536K)
[169.002s][info][gc,heap        ] GC(1395) ParOldGen: 10559K(349696K)->10599K(349696K)
[169.002s][info][gc,metaspace   ] GC(1395) Metaspace: 14378K(15232K)->14378K(15232K) NonClass: 12397K(12864K)->12397K(12864K) Class: 1981K(2368K)->1981K(2368K)
[169.002s][info][gc             ] GC(1395) Pause Young (Allocation Failure) 178M->11M(510M) 2.281ms
[169.002s][info][gc,cpu         ] GC(1395) User=0.00s Sys=0.00s Real=0.00s
[169.128s][info][gc,start       ] GC(1396) Pause Young (Allocation Failure)
[169.130s][info][gc,heap        ] GC(1396) PSYoungGen: 172544K(173056K)->928K(173056K) Eden: 171520K(171520K)->0K(171520K) From: 1024K(1536K)->928K(1536K)
[169.130s][info][gc,heap        ] GC(1396) ParOldGen: 10599K(349696K)->10639K(349696K)
[169.130s][info][gc,metaspace   ] GC(1396) Metaspace: 14378K(15232K)->14378K(15232K) NonClass: 12397K(12864K)->12397K(12864K) Class: 1981K(2368K)->1981K(2368K)
[169.130s][info][gc             ] GC(1396) Pause Young (Allocation Failure) 178M->11M(510M) 2.272ms
[169.130s][info][gc,cpu         ] GC(1396) User=0.52s Sys=0.00s Real=0.00s
[169.260s][info][gc,start       ] GC(1397) Pause Young (Allocation Failure)
[169.262s][info][gc,heap        ] GC(1397) PSYoungGen: 172448K(173056K)->1024K(173056K) Eden: 171520K(171520K)->0K(171520K) From: 928K(1536K)->1024K(1536K)
[169.262s][info][gc,heap        ] GC(1397) ParOldGen: 10639K(349696K)->10703K(349696K)
[169.262s][info][gc,metaspace   ] GC(1397) Metaspace: 14378K(15232K)->14378K(15232K) NonClass: 12397K(12864K)->12397K(12864K) Class: 1981K(2368K)->1981K(2368K)
[169.262s][info][gc             ] GC(1397) Pause Young (Allocation Failure) 178M->11M(510M) 2.343ms
[169.262s][info][gc,cpu         ] GC(1397) User=0.00s Sys=0.00s Real=0.00s
[169.391s][info][gc,start       ] GC(1398) Pause Young (Allocation Failure)
[169.393s][info][gc,heap        ] GC(1398) PSYoungGen: 172544K(173056K)->992K(173056K) Eden: 171520K(171520K)->0K(171520K) From: 1024K(1536K)->992K(1536K)
[169.393s][info][gc,heap        ] GC(1398) ParOldGen: 10703K(349696K)->10759K(349696K)
[169.393s][info][gc,metaspace   ] GC(1398) Metaspace: 14378K(15232K)->14378K(15232K) NonClass: 12397K(12864K)->12397K(12864K) Class: 1981K(2368K)->1981K(2368K)
[169.393s][info][gc             ] GC(1398) Pause Young (Allocation Failure) 178M->11M(510M) 2.314ms
[169.393s][info][gc,cpu         ] GC(1398) User=0.00s Sys=0.00s Real=0.00s
[169.522s][info][gc,start       ] GC(1399) Pause Young (Allocation Failure)
[169.524s][info][gc,heap        ] GC(1399) PSYoungGen: 172512K(173056K)->1024K(173056K) Eden: 171520K(171520K)->0K(171520K) From: 992K(1536K)->1024K(1536K)
[169.524s][info][gc,heap        ] GC(1399) ParOldGen: 10759K(349696K)->10815K(349696K)
[169.524s][info][gc,metaspace   ] GC(1399) Metaspace: 14378K(15232K)->14378K(15232K) NonClass: 12397K(12864K)->12397K(12864K) Class: 1981K(2368K)->1981K(2368K)
[169.524s][info][gc             ] GC(1399) Pause Young (Allocation Failure) 178M->11M(510M) 2.324ms
[169.524s][info][gc,cpu         ] GC(1399) User=0.00s Sys=0.00s Real=0.00s
[169.653s][info][gc,start       ] GC(1400) Pause Young (Allocation Failure)
[169.656s][info][gc,heap        ] GC(1400) PSYoungGen: 172544K(173056K)->960K(173056K) Eden: 171520K(171520K)->0K(171520K) From: 1024K(1536K)->960K(1536K)
[169.656s][info][gc,heap        ] GC(1400) ParOldGen: 10815K(349696K)->10871K(349696K)
[169.656s][info][gc,metaspace   ] GC(1400) Metaspace: 14378K(15232K)->14378K(15232K) NonClass: 12397K(12864K)->12397K(12864K) Class: 1981K(2368K)->1981K(2368K)
[169.656s][info][gc             ] GC(1400) Pause Young (Allocation Failure) 179M->11M(510M) 2.335ms
[169.656s][info][gc,cpu         ] GC(1400) User=0.00s Sys=0.00s Real=0.00s
[169.783s][info][gc,start       ] GC(1401) Pause Young (Allocation Failure)
[169.785s][info][gc,heap        ] GC(1401) PSYoungGen: 172480K(173056K)->1024K(173056K) Eden: 171520K(171520K)->0K(171520K) From: 960K(1536K)->1024K(1536K)
[169.785s][info][gc,heap        ] GC(1401) ParOldGen: 10871K(349696K)->10919K(349696K)
[169.785s][info][gc,metaspace   ] GC(1401) Metaspace: 14378K(15232K)->14378K(15232K) NonClass: 12397K(12864K)->12397K(12864K) Class: 1981K(2368K)->1981K(2368K)
[169.785s][info][gc             ] GC(1401) Pause Young (Allocation Failure) 179M->11M(510M) 2.403ms
[169.785s][info][gc,cpu         ] GC(1401) User=0.00s Sys=0.00s Real=0.00s
[169.914s][info][gc,start       ] GC(1402) Pause Young (Allocation Failure)
[169.916s][info][gc,heap        ] GC(1402) PSYoungGen: 172544K(173056K)->1024K(173056K) Eden: 171520K(171520K)->0K(171520K) From: 1024K(1536K)->1024K(1536K)
[169.916s][info][gc,heap        ] GC(1402) ParOldGen: 10919K(349696K)->10991K(349696K)
[169.916s][info][gc,metaspace   ] GC(1402) Metaspace: 14378K(15232K)->14378K(15232K) NonClass: 12397K(12864K)->12397K(12864K) Class: 1981K(2368K)->1981K(2368K)
[169.916s][info][gc             ] GC(1402) Pause Young (Allocation Failure) 179M->11M(510M) 2.430ms
[169.916s][info][gc,cpu         ] GC(1402) User=0.00s Sys=0.00s Real=0.00s
[170.045s][info][gc,start       ] GC(1403) Pause Young (Allocation Failure)
[170.047s][info][gc,heap        ] GC(1403) PSYoungGen: 172544K(173056K)->1024K(173056K) Eden: 171520K(171520K)->0K(171520K) From: 1024K(1536K)->1024K(1536K)
[170.047s][info][gc,heap        ] GC(1403) ParOldGen: 10991K(349696K)->11055K(349696K)
[170.047s][info][gc,metaspace   ] GC(1403) Metaspace: 14378K(15232K)->14378K(15232K) NonClass: 12397K(12864K)->12397K(12864K) Class: 1981K(2368K)->1981K(2368K)
[170.047s][info][gc             ] GC(1403) Pause Young (Allocation Failure) 179M->11M(510M) 2.505ms
[170.047s][info][gc,cpu         ] GC(1403) User=0.00s Sys=0.00s Real=0.00s
[170.174s][info][gc,start       ] GC(1404) Pause Young (Allocation Failure)
[170.176s][info][gc,heap        ] GC(1404) PSYoungGen: 172544K(173056K)->1024K(173056K) Eden: 171520K(171520K)->0K(171520K) From: 1024K(1536K)->1024K(1536K)
[170.176s][info][gc,heap        ] GC(1404) ParOldGen: 11055K(349696K)->11103K(349696K)
[170.176s][info][gc,metaspace   ] GC(1404) Metaspace: 14378K(15232K)->14378K(15232K) NonClass: 12397K(12864K)->12397K(12864K) Class: 1981K(2368K)->1981K(2368K)
[170.176s][info][gc             ] GC(1404) Pause Young (Allocation Failure) 179M->11M(510M) 2.461ms
[170.176s][info][gc,cpu         ] GC(1404) User=0.52s Sys=0.00s Real=0.00s
[170.304s][info][gc,start       ] GC(1405) Pause Young (Allocation Failure)
[170.306s][info][gc,heap        ] GC(1405) PSYoungGen: 172544K(173056K)->1024K(173056K) Eden: 171520K(171520K)->0K(171520K) From: 1024K(1536K)->1024K(1536K)
[170.306s][info][gc,heap        ] GC(1405) ParOldGen: 11103K(349696K)->11151K(349696K)
[170.306s][info][gc,metaspace   ] GC(1405) Metaspace: 14378K(15232K)->14378K(15232K) NonClass: 12397K(12864K)->12397K(12864K) Class: 1981K(2368K)->1981K(2368K)
[170.306s][info][gc             ] GC(1405) Pause Young (Allocation Failure) 179M->11M(510M) 2.485ms
[170.306s][info][gc,cpu         ] GC(1405) User=0.00s Sys=0.00s Real=0.00s
[170.434s][info][gc,start       ] GC(1406) Pause Young (Allocation Failure)
[170.436s][info][gc,heap        ] GC(1406) PSYoungGen: 172544K(173056K)->1024K(173056K) Eden: 171520K(171520K)->0K(171520K) From: 1024K(1536K)->1024K(1536K)
[170.436s][info][gc,heap        ] GC(1406) ParOldGen: 11151K(349696K)->11231K(349696K)
[170.436s][info][gc,metaspace   ] GC(1406) Metaspace: 14378K(15232K)->14378K(15232K) NonClass: 12397K(12864K)->12397K(12864K) Class: 1981K(2368K)->1981K(2368K)
[170.436s][info][gc             ] GC(1406) Pause Young (Allocation Failure) 179M->11M(510M) 2.559ms
[170.436s][info][gc,cpu         ] GC(1406) User=0.00s Sys=0.00s Real=0.00s
[170.564s][info][gc,start       ] GC(1407) Pause Young (Allocation Failure)
[170.566s][info][gc,heap        ] GC(1407) PSYoungGen: 172544K(173056K)->1024K(173056K) Eden: 171520K(171520K)->0K(171520K) From: 1024K(1536K)->1024K(1536K)
[170.566s][info][gc,heap        ] GC(1407) ParOldGen: 11231K(349696K)->11287K(349696K)
[170.566s][info][gc,metaspace   ] GC(1407) Metaspace: 14378K(15232K)->14378K(15232K) NonClass: 12397K(12864K)->12397K(12864K) Class: 1981K(2368K)->1981K(2368K)
[170.566s][info][gc             ] GC(1407) Pause Young (Allocation Failure) 179M->12M(510M) 2.584ms
[170.566s][info][gc,cpu         ] GC(1407) User=0.52s Sys=0.00s Real=0.00s
[170.694s][info][gc,start       ] GC(1408) Pause Young (Allocation Failure)
[170.697s][info][gc,heap        ] GC(1408) PSYoungGen: 172544K(173056K)->1024K(173056K) Eden: 171520K(171520K)->0K(171520K) From: 1024K(1536K)->1024K(1536K)
[170.697s][info][gc,heap        ] GC(1408) ParOldGen: 11287K(349696K)->11351K(349696K)
[170.697s][info][gc,metaspace   ] GC(1408) Metaspace: 14378K(15232K)->14378K(15232K) NonClass: 12397K(12864K)->12397K(12864K) Class: 1981K(2368K)->1981K(2368K)
[170.697s][info][gc             ] GC(1408) Pause Young (Allocation Failure) 179M->12M(510M) 2.572ms
[170.697s][info][gc,cpu         ] GC(1408) User=0.00s Sys=0.00s Real=0.00s
[170.826s][info][gc,start       ] GC(1409) Pause Young (Allocation Failure)
[170.828s][info][gc,heap        ] GC(1409) PSYoungGen: 172544K(173056K)->992K(173056K) Eden: 171520K(171520K)->0K(171520K) From: 1024K(1536K)->992K(1536K)
[170.828s][info][gc,heap        ] GC(1409) ParOldGen: 11351K(349696K)->11415K(349696K)
[170.829s][info][gc,metaspace   ] GC(1409) Metaspace: 14378K(15232K)->14378K(15232K) NonClass: 12397K(12864K)->12397K(12864K) Class: 1981K(2368K)->1981K(2368K)
[170.829s][info][gc             ] GC(1409) Pause Young (Allocation Failure) 179M->12M(510M) 2.614ms
[170.829s][info][gc,cpu         ] GC(1409) User=0.00s Sys=0.00s Real=0.00s
[170.958s][info][gc,start       ] GC(1410) Pause Young (Allocation Failure)
[170.960s][info][gc,heap        ] GC(1410) PSYoungGen: 172512K(173056K)->1024K(173056K) Eden: 171520K(171520K)->0K(171520K) From: 992K(1536K)->1024K(1536K)
[170.960s][info][gc,heap        ] GC(1410) ParOldGen: 11415K(349696K)->11463K(349696K)
[170.960s][info][gc,metaspace   ] GC(1410) Metaspace: 14378K(15232K)->14378K(15232K) NonClass: 12397K(12864K)->12397K(12864K) Class: 1981K(2368K)->1981K(2368K)
[170.960s][info][gc             ] GC(1410) Pause Young (Allocation Failure) 179M->12M(510M) 2.632ms
[170.960s][info][gc,cpu         ] GC(1410) User=0.00s Sys=0.00s Real=0.00s
[171.089s][info][gc,start       ] GC(1411) Pause Young (Allocation Failure)
[171.092s][info][gc,heap        ] GC(1411) PSYoungGen: 172544K(173056K)->1024K(173056K) Eden: 171520K(171520K)->0K(171520K) From: 1024K(1536K)->1024K(1536K)
[171.092s][info][gc,heap        ] GC(1411) ParOldGen: 11463K(349696K)->11523K(349696K)
[171.092s][info][gc,metaspace   ] GC(1411) Metaspace: 14378K(15232K)->14378K(15232K) NonClass: 12397K(12864K)->12397K(12864K) Class: 1981K(2368K)->1981K(2368K)
[171.092s][info][gc             ] GC(1411) Pause Young (Allocation Failure) 179M->12M(510M) 2.631ms
[171.092s][info][gc,cpu         ] GC(1411) User=0.00s Sys=0.00s Real=0.00s
[171.220s][info][gc,start       ] GC(1412) Pause Young (Allocation Failure)
[171.222s][info][gc,heap        ] GC(1412) PSYoungGen: 172544K(173056K)->1024K(173056K) Eden: 171520K(171520K)->0K(171520K) From: 1024K(1536K)->1024K(1536K)
[171.222s][info][gc,heap        ] GC(1412) ParOldGen: 11523K(349696K)->11595K(349696K)
[171.222s][info][gc,metaspace   ] GC(1412) Metaspace: 14378K(15232K)->14378K(15232K) NonClass: 12397K(12864K)->12397K(12864K) Class: 1981K(2368K)->1981K(2368K)
[171.222s][info][gc             ] GC(1412) Pause Young (Allocation Failure) 179M->12M(510M) 2.674ms
[171.222s][info][gc,cpu         ] GC(1412) User=0.00s Sys=0.00s Real=0.00s
[171.351s][info][gc,start       ] GC(1413) Pause Young (Allocation Failure)
[171.353s][info][gc,heap        ] GC(1413) PSYoungGen: 172544K(173056K)->1024K(173056K) Eden: 171520K(171520K)->0K(171520K) From: 1024K(1536K)->1024K(1536K)
[171.353s][info][gc,heap        ] GC(1413) ParOldGen: 11595K(349696K)->11643K(349696K)
[171.353s][info][gc,metaspace   ] GC(1413) Metaspace: 14378K(15232K)->14378K(15232K) NonClass: 12397K(12864K)->12397K(12864K) Class: 1981K(2368K)->1981K(2368K)
[171.353s][info][gc             ] GC(1413) Pause Young (Allocation Failure) 179M->12M(510M) 2.651ms
[171.353s][info][gc,cpu         ] GC(1413) User=0.00s Sys=0.00s Real=0.00s
[171.481s][info][gc,start       ] GC(1414) Pause Young (Allocation Failure)
[171.484s][info][gc,heap        ] GC(1414) PSYoungGen: 172544K(173056K)->1024K(173056K) Eden: 171520K(171520K)->0K(171520K) From: 1024K(1536K)->1024K(1536K)
[171.484s][info][gc,heap        ] GC(1414) ParOldGen: 11643K(349696K)->11691K(349696K)
[171.484s][info][gc,metaspace   ] GC(1414) Metaspace: 14378K(15232K)->14378K(15232K) NonClass: 12397K(12864K)->12397K(12864K) Class: 1981K(2368K)->1981K(2368K)
[171.484s][info][gc             ] GC(1414) Pause Young (Allocation Failure) 179M->12M(510M) 2.717ms
[171.484s][info][gc,cpu         ] GC(1414) User=0.00s Sys=0.00s Real=0.00s
[171.724s][info][gc,start       ] GC(1415) Pause Young (Allocation Failure)
[171.728s][info][gc,heap        ] GC(1415) PSYoungGen: 172544K(173056K)->992K(173056K) Eden: 171520K(171520K)->0K(171520K) From: 1024K(1536K)->992K(1536K)
[171.728s][info][gc,heap        ] GC(1415) ParOldGen: 11691K(349696K)->11739K(349696K)
[171.728s][info][gc,metaspace   ] GC(1415) Metaspace: 14378K(15232K)->14378K(15232K) NonClass: 12397K(12864K)->12397K(12864K) Class: 1981K(2368K)->1981K(2368K)
[171.728s][info][gc             ] GC(1415) Pause Young (Allocation Failure) 179M->12M(510M) 3.450ms
[171.728s][info][gc,cpu         ] GC(1415) User=0.00s Sys=0.00s Real=0.00s
[171.867s][info][gc,start       ] GC(1416) Pause Young (Allocation Failure)
[171.869s][info][gc,heap        ] GC(1416) PSYoungGen: 172512K(173056K)->1024K(173056K) Eden: 171520K(171520K)->0K(171520K) From: 992K(1536K)->1024K(1536K)
[171.869s][info][gc,heap        ] GC(1416) ParOldGen: 11739K(349696K)->11795K(349696K)
[171.869s][info][gc,metaspace   ] GC(1416) Metaspace: 14378K(15232K)->14378K(15232K) NonClass: 12397K(12864K)->12397K(12864K) Class: 1981K(2368K)->1981K(2368K)
[171.869s][info][gc             ] GC(1416) Pause Young (Allocation Failure) 179M->12M(510M) 2.537ms
[171.869s][info][gc,cpu         ] GC(1416) User=0.00s Sys=0.00s Real=0.00s
[172.002s][info][gc,start       ] GC(1417) Pause Young (Allocation Failure)
[172.004s][info][gc,heap        ] GC(1417) PSYoungGen: 172543K(173056K)->1024K(173056K) Eden: 171519K(171520K)->0K(171520K) From: 1024K(1536K)->1024K(1536K)
[172.004s][info][gc,heap        ] GC(1417) ParOldGen: 11795K(349696K)->11851K(349696K)
[172.004s][info][gc,metaspace   ] GC(1417) Metaspace: 14378K(15232K)->14378K(15232K) NonClass: 12397K(12864K)->12397K(12864K) Class: 1981K(2368K)->1981K(2368K)
[172.004s][info][gc             ] GC(1417) Pause Young (Allocation Failure) 180M->12M(510M) 2.459ms
[172.004s][info][gc,cpu         ] GC(1417) User=0.52s Sys=0.00s Real=0.00s
[172.136s][info][gc,start       ] GC(1418) Pause Young (Allocation Failure)
[172.138s][info][gc,heap        ] GC(1418) PSYoungGen: 172544K(173056K)->1024K(173056K) Eden: 171520K(171520K)->0K(171520K) From: 1024K(1536K)->1024K(1536K)
[172.138s][info][gc,heap        ] GC(1418) ParOldGen: 11851K(349696K)->11931K(349696K)
[172.138s][info][gc,metaspace   ] GC(1418) Metaspace: 14378K(15232K)->14378K(15232K) NonClass: 12397K(12864K)->12397K(12864K) Class: 1981K(2368K)->1981K(2368K)
[172.138s][info][gc             ] GC(1418) Pause Young (Allocation Failure) 180M->12M(510M) 2.440ms
[172.138s][info][gc,cpu         ] GC(1418) User=0.00s Sys=0.00s Real=0.00s
[172.267s][info][gc,start       ] GC(1419) Pause Young (Allocation Failure)
[172.269s][info][gc,heap        ] GC(1419) PSYoungGen: 172544K(173056K)->1024K(173056K) Eden: 171520K(171520K)->0K(171520K) From: 1024K(1536K)->1024K(1536K)
[172.269s][info][gc,heap        ] GC(1419) ParOldGen: 11931K(349696K)->11987K(349696K)
[172.269s][info][gc,metaspace   ] GC(1419) Metaspace: 14378K(15232K)->14378K(15232K) NonClass: 12397K(12864K)->12397K(12864K) Class: 1981K(2368K)->1981K(2368K)
[172.269s][info][gc             ] GC(1419) Pause Young (Allocation Failure) 180M->12M(510M) 2.447ms
[172.269s][info][gc,cpu         ] GC(1419) User=0.00s Sys=0.00s Real=0.00s
[172.408s][info][gc,start       ] GC(1420) Pause Young (Allocation Failure)
[172.410s][info][gc,heap        ] GC(1420) PSYoungGen: 172544K(173056K)->1024K(173056K) Eden: 171520K(171520K)->0K(171520K) From: 1024K(1536K)->1024K(1536K)
[172.410s][info][gc,heap        ] GC(1420) ParOldGen: 11987K(349696K)->12035K(349696K)
[172.410s][info][gc,metaspace   ] GC(1420) Metaspace: 14378K(15232K)->14378K(15232K) NonClass: 12397K(12864K)->12397K(12864K) Class: 1981K(2368K)->1981K(2368K)
[172.410s][info][gc             ] GC(1420) Pause Young (Allocation Failure) 180M->12M(510M) 2.449ms
[172.410s][info][gc,cpu         ] GC(1420) User=0.00s Sys=0.00s Real=0.00s
[172.546s][info][gc,start       ] GC(1421) Pause Young (Allocation Failure)
[172.548s][info][gc,heap        ] GC(1421) PSYoungGen: 172544K(173056K)->1024K(173056K) Eden: 171520K(171520K)->0K(171520K) From: 1024K(1536K)->1024K(1536K)
[172.548s][info][gc,heap        ] GC(1421) ParOldGen: 12035K(349696K)->12075K(349696K)
[172.548s][info][gc,metaspace   ] GC(1421) Metaspace: 14378K(15232K)->14378K(15232K) NonClass: 12397K(12864K)->12397K(12864K) Class: 1981K(2368K)->1981K(2368K)
[172.548s][info][gc             ] GC(1421) Pause Young (Allocation Failure) 180M->12M(510M) 2.309ms
[172.548s][info][gc,cpu         ] GC(1421) User=0.00s Sys=0.00s Real=0.00s
[172.678s][info][gc,start       ] GC(1422) Pause Young (Allocation Failure)
[172.681s][info][gc,heap        ] GC(1422) PSYoungGen: 172543K(173056K)->1024K(173056K) Eden: 171519K(171520K)->0K(171520K) From: 1024K(1536K)->1024K(1536K)
[172.681s][info][gc,heap        ] GC(1422) ParOldGen: 12075K(349696K)->12115K(349696K)
[172.681s][info][gc,metaspace   ] GC(1422) Metaspace: 14378K(15232K)->14378K(15232K) NonClass: 12397K(12864K)->12397K(12864K) Class: 1981K(2368K)->1981K(2368K)
[172.681s][info][gc             ] GC(1422) Pause Young (Allocation Failure) 180M->12M(510M) 2.228ms
[172.681s][info][gc,cpu         ] GC(1422) User=0.00s Sys=0.00s Real=0.00s
[172.808s][info][gc,start       ] GC(1423) Pause Young (Allocation Failure)
[172.825s][info][gc,heap        ] GC(1423) PSYoungGen: 172544K(173056K)->992K(173056K) Eden: 171520K(171520K)->0K(171520K) From: 1024K(1536K)->992K(1536K)
[172.825s][info][gc,heap        ] GC(1423) ParOldGen: 12115K(349696K)->12163K(349696K)
[172.825s][info][gc,metaspace   ] GC(1423) Metaspace: 14378K(15232K)->14378K(15232K) NonClass: 12397K(12864K)->12397K(12864K) Class: 1981K(2368K)->1981K(2368K)
[172.825s][info][gc             ] GC(1423) Pause Young (Allocation Failure) 180M->12M(510M) 17.872ms
[172.825s][info][gc,cpu         ] GC(1423) User=0.00s Sys=0.00s Real=0.02s
[172.957s][info][gc,start       ] GC(1424) Pause Young (Allocation Failure)
[172.959s][info][gc,heap        ] GC(1424) PSYoungGen: 172512K(173056K)->992K(173056K) Eden: 171520K(171520K)->0K(171520K) From: 992K(1536K)->992K(1536K)
[172.959s][info][gc,heap        ] GC(1424) ParOldGen: 12163K(349696K)->12219K(349696K)
[172.959s][info][gc,metaspace   ] GC(1424) Metaspace: 14378K(15232K)->14378K(15232K) NonClass: 12397K(12864K)->12397K(12864K) Class: 1981K(2368K)->1981K(2368K)
[172.959s][info][gc             ] GC(1424) Pause Young (Allocation Failure) 180M->12M(510M) 2.288ms
[172.959s][info][gc,cpu         ] GC(1424) User=0.02s Sys=0.00s Real=0.00s
[173.087s][info][gc,start       ] GC(1425) Pause Young (Allocation Failure)
[173.089s][info][gc,heap        ] GC(1425) PSYoungGen: 172512K(173056K)->1024K(173056K) Eden: 171520K(171520K)->0K(171520K) From: 992K(1536K)->1024K(1536K)
[173.089s][info][gc,heap        ] GC(1425) ParOldGen: 12219K(349696K)->12275K(349696K)
[173.089s][info][gc,metaspace   ] GC(1425) Metaspace: 14378K(15232K)->14378K(15232K) NonClass: 12397K(12864K)->12397K(12864K) Class: 1981K(2368K)->1981K(2368K)
[173.089s][info][gc             ] GC(1425) Pause Young (Allocation Failure) 180M->12M(510M) 2.333ms
[173.089s][info][gc,cpu         ] GC(1425) User=0.00s Sys=0.00s Real=0.00s
[173.218s][info][gc,start       ] GC(1426) Pause Young (Allocation Failure)
[173.220s][info][gc,heap        ] GC(1426) PSYoungGen: 172544K(173056K)->1024K(173056K) Eden: 171520K(171520K)->0K(171520K) From: 1024K(1536K)->1024K(1536K)
[173.220s][info][gc,heap        ] GC(1426) ParOldGen: 12275K(349696K)->12339K(349696K)
[173.220s][info][gc,metaspace   ] GC(1426) Metaspace: 14378K(15232K)->14378K(15232K) NonClass: 12397K(12864K)->12397K(12864K) Class: 1981K(2368K)->1981K(2368K)
[173.220s][info][gc             ] GC(1426) Pause Young (Allocation Failure) 180M->13M(510M) 2.350ms
[173.220s][info][gc,cpu         ] GC(1426) User=0.00s Sys=0.00s Real=0.00s
[173.348s][info][gc,start       ] GC(1427) Pause Young (Allocation Failure)
[173.351s][info][gc,heap        ] GC(1427) PSYoungGen: 172544K(173056K)->992K(173056K) Eden: 171520K(171520K)->0K(171520K) From: 1024K(1536K)->992K(1536K)
[173.351s][info][gc,heap        ] GC(1427) ParOldGen: 12339K(349696K)->12387K(349696K)
[173.351s][info][gc,metaspace   ] GC(1427) Metaspace: 14378K(15232K)->14378K(15232K) NonClass: 12397K(12864K)->12397K(12864K) Class: 1981K(2368K)->1981K(2368K)
[173.351s][info][gc             ] GC(1427) Pause Young (Allocation Failure) 180M->13M(510M) 2.382ms
[173.351s][info][gc,cpu         ] GC(1427) User=0.00s Sys=0.00s Real=0.00s
[173.480s][info][gc,start       ] GC(1428) Pause Young (Allocation Failure)
[173.482s][info][gc,heap        ] GC(1428) PSYoungGen: 172512K(173056K)->1024K(173056K) Eden: 171520K(171520K)->0K(171520K) From: 992K(1536K)->1024K(1536K)
[173.482s][info][gc,heap        ] GC(1428) ParOldGen: 12387K(349696K)->12475K(349696K)
[173.482s][info][gc,metaspace   ] GC(1428) Metaspace: 14378K(15232K)->14378K(15232K) NonClass: 12397K(12864K)->12397K(12864K) Class: 1981K(2368K)->1981K(2368K)
[173.482s][info][gc             ] GC(1428) Pause Young (Allocation Failure) 180M->13M(510M) 2.404ms
[173.482s][info][gc,cpu         ] GC(1428) User=0.00s Sys=0.00s Real=0.00s
[173.609s][info][gc,start       ] GC(1429) Pause Young (Allocation Failure)
[173.611s][info][gc,heap        ] GC(1429) PSYoungGen: 172544K(173056K)->992K(173056K) Eden: 171520K(171520K)->0K(171520K) From: 1024K(1536K)->992K(1536K)
[173.611s][info][gc,heap        ] GC(1429) ParOldGen: 12475K(349696K)->12539K(349696K)
[173.611s][info][gc,metaspace   ] GC(1429) Metaspace: 14378K(15232K)->14378K(15232K) NonClass: 12397K(12864K)->12397K(12864K) Class: 1981K(2368K)->1981K(2368K)
[173.611s][info][gc             ] GC(1429) Pause Young (Allocation Failure) 180M->13M(510M) 2.399ms
[173.611s][info][gc,cpu         ] GC(1429) User=0.00s Sys=0.00s Real=0.00s
[173.735s][info][gc,start       ] GC(1430) Pause Young (Allocation Failure)
[173.737s][info][gc,heap        ] GC(1430) PSYoungGen: 172512K(173056K)->1024K(173056K) Eden: 171520K(171520K)->0K(171520K) From: 992K(1536K)->1024K(1536K)
[173.737s][info][gc,heap        ] GC(1430) ParOldGen: 12539K(349696K)->12587K(349696K)
[173.737s][info][gc,metaspace   ] GC(1430) Metaspace: 14378K(15232K)->14378K(15232K) NonClass: 12397K(12864K)->12397K(12864K) Class: 1981K(2368K)->1981K(2368K)
[173.737s][info][gc             ] GC(1430) Pause Young (Allocation Failure) 180M->13M(510M) 2.449ms
[173.737s][info][gc,cpu         ] GC(1430) User=0.00s Sys=0.00s Real=0.00s
[173.858s][info][gc,start       ] GC(1431) Pause Young (Allocation Failure)
[173.861s][info][gc,heap        ] GC(1431) PSYoungGen: 172544K(173056K)->992K(173056K) Eden: 171520K(171520K)->0K(171520K) From: 1024K(1536K)->992K(1536K)
[173.861s][info][gc,heap        ] GC(1431) ParOldGen: 12587K(349696K)->12651K(349696K)
[173.861s][info][gc,metaspace   ] GC(1431) Metaspace: 14378K(15232K)->14378K(15232K) NonClass: 12397K(12864K)->12397K(12864K) Class: 1981K(2368K)->1981K(2368K)
[173.861s][info][gc             ] GC(1431) Pause Young (Allocation Failure) 180M->13M(510M) 2.527ms
[173.861s][info][gc,cpu         ] GC(1431) User=0.00s Sys=0.00s Real=0.00s
[173.971s][info][gc,start       ] GC(1432) Pause Young (Allocation Failure)
[173.974s][info][gc,heap        ] GC(1432) PSYoungGen: 172512K(173056K)->928K(173056K) Eden: 171520K(171520K)->0K(171520K) From: 992K(1536K)->928K(1536K)
[173.974s][info][gc,heap        ] GC(1432) ParOldGen: 12651K(349696K)->12707K(349696K)
[173.974s][info][gc,metaspace   ] GC(1432) Metaspace: 14378K(15232K)->14378K(15232K) NonClass: 12397K(12864K)->12397K(12864K) Class: 1981K(2368K)->1981K(2368K)
[173.974s][info][gc             ] GC(1432) Pause Young (Allocation Failure) 180M->13M(510M) 2.598ms
[173.974s][info][gc,cpu         ] GC(1432) User=0.52s Sys=0.00s Real=0.00s
[174.073s][info][gc,start       ] GC(1433) Pause Young (Allocation Failure)
[174.075s][info][gc,heap        ] GC(1433) PSYoungGen: 172448K(173056K)->864K(173056K) Eden: 171520K(171520K)->0K(171520K) From: 928K(1536K)->864K(1536K)
[174.075s][info][gc,heap        ] GC(1433) ParOldGen: 12707K(349696K)->12755K(349696K)
[174.075s][info][gc,metaspace   ] GC(1433) Metaspace: 14378K(15232K)->14378K(15232K) NonClass: 12397K(12864K)->12397K(12864K) Class: 1981K(2368K)->1981K(2368K)
[174.075s][info][gc             ] GC(1433) Pause Young (Allocation Failure) 180M->13M(510M) 2.665ms
[174.075s][info][gc,cpu         ] GC(1433) User=0.00s Sys=0.00s Real=0.00s
[174.142s][info][gc,start       ] GC(1434) Pause Young (Allocation Failure)
[174.144s][info][gc,heap        ] GC(1434) PSYoungGen: 172384K(173056K)->800K(173056K) Eden: 171520K(171520K)->0K(171520K) From: 864K(1536K)->800K(1536K)
[174.144s][info][gc,heap        ] GC(1434) ParOldGen: 12755K(349696K)->12803K(349696K)
[174.144s][info][gc,metaspace   ] GC(1434) Metaspace: 14378K(15232K)->14378K(15232K) NonClass: 12397K(12864K)->12397K(12864K) Class: 1981K(2368K)->1981K(2368K)
[174.144s][info][gc             ] GC(1434) Pause Young (Allocation Failure) 180M->13M(510M) 2.631ms
[174.144s][info][gc,cpu         ] GC(1434) User=0.00s Sys=0.00s Real=0.00s
[174.233s][info][gc,start       ] GC(1435) Pause Young (Allocation Failure)
[174.247s][info][gc,heap        ] GC(1435) PSYoungGen: 172320K(173056K)->672K(173056K) Eden: 171520K(171520K)->0K(171520K) From: 800K(1536K)->672K(1536K)
[174.247s][info][gc,heap        ] GC(1435) ParOldGen: 12803K(349696K)->12835K(349696K)
[174.247s][info][gc,metaspace   ] GC(1435) Metaspace: 14378K(15232K)->14378K(15232K) NonClass: 12397K(12864K)->12397K(12864K) Class: 1981K(2368K)->1981K(2368K)
[174.247s][info][gc             ] GC(1435) Pause Young (Allocation Failure) 180M->13M(510M) 14.773ms
[174.247s][info][gc,cpu         ] GC(1435) User=0.00s Sys=0.00s Real=0.01s
[174.403s][info][gc,start       ] GC(1436) Pause Young (Allocation Failure)
[174.406s][info][gc,heap        ] GC(1436) PSYoungGen: 172192K(173056K)->512K(173056K) Eden: 171520K(171520K)->0K(171520K) From: 672K(1536K)->512K(1536K)
[174.406s][info][gc,heap        ] GC(1436) ParOldGen: 12835K(349696K)->12867K(349696K)
[174.406s][info][gc,metaspace   ] GC(1436) Metaspace: 14378K(15232K)->14378K(15232K) NonClass: 12397K(12864K)->12397K(12864K) Class: 1981K(2368K)->1981K(2368K)
[174.406s][info][gc             ] GC(1436) Pause Young (Allocation Failure) 180M->13M(510M) 2.836ms
[174.406s][info][gc,cpu         ] GC(1436) User=0.00s Sys=0.00s Real=0.00s
[174.546s][info][gc,start       ] GC(1437) Pause Young (System.gc())
[174.549s][info][gc,heap        ] GC(1437) PSYoungGen: 123209K(173056K)->192K(173056K) Eden: 122697K(171520K)->0K(171520K) From: 512K(1536K)->192K(1536K)
[174.549s][info][gc,heap        ] GC(1437) ParOldGen: 12867K(349696K)->12907K(349696K)
[174.549s][info][gc,metaspace   ] GC(1437) Metaspace: 14380K(15232K)->14380K(15232K) NonClass: 12399K(12864K)->12399K(12864K) Class: 1981K(2368K)->1981K(2368K)
[174.549s][info][gc             ] GC(1437) Pause Young (System.gc()) 132M->12M(510M) 2.939ms
[174.549s][info][gc,cpu         ] GC(1437) User=0.00s Sys=0.00s Real=0.00s
[174.549s][info][gc,start       ] GC(1438) Pause Full (System.gc())
[174.549s][info][gc,phases,start] GC(1438) Marking Phase
[174.559s][info][gc,phases      ] GC(1438) Marking Phase 9.421ms
[174.559s][info][gc,phases,start] GC(1438) Summary Phase
[174.559s][info][gc,phases      ] GC(1438) Summary Phase 0.011ms
[174.559s][info][gc,phases,start] GC(1438) Adjust Roots
[174.563s][info][gc,phases      ] GC(1438) Adjust Roots 4.372ms
[174.563s][info][gc,phases,start] GC(1438) Compaction Phase
[174.565s][info][gc,phases      ] GC(1438) Compaction Phase 1.548ms
[174.565s][info][gc,phases,start] GC(1438) Post Compact
[174.565s][info][gc,phases      ] GC(1438) Post Compact 0.234ms
[174.565s][info][gc,heap        ] GC(1438) PSYoungGen: 192K(173056K)->0K(173056K) Eden: 0K(171520K)->0K(171520K) From: 192K(1536K)->0K(1536K)
[174.565s][info][gc,heap        ] GC(1438) ParOldGen: 12907K(349696K)->5380K(349696K)
[174.565s][info][gc,metaspace   ] GC(1438) Metaspace: 14380K(15232K)->14380K(15232K) NonClass: 12399K(12864K)->12399K(12864K) Class: 1981K(2368K)->1981K(2368K)
[174.565s][info][gc             ] GC(1438) Pause Full (System.gc()) 12M->5M(510M) 15.914ms
[174.565s][info][gc,cpu         ] GC(1438) User=0.23s Sys=0.00s Real=0.01s
[174.710s][info][gc,start       ] GC(1439) Pause Young (Allocation Failure)
[174.713s][info][gc,heap        ] GC(1439) PSYoungGen: 171520K(173056K)->1536K(172032K) Eden: 171520K(171520K)->0K(170496K) From: 0K(1536K)->1536K(1536K)
[174.713s][info][gc,heap        ] GC(1439) ParOldGen: 5380K(349696K)->5896K(349696K)
[174.713s][info][gc,metaspace   ] GC(1439) Metaspace: 14387K(15232K)->14387K(15232K) NonClass: 12406K(12864K)->12406K(12864K) Class: 1981K(2368K)->1981K(2368K)
[174.713s][info][gc             ] GC(1439) Pause Young (Allocation Failure) 172M->7M(509M) 2.880ms
[174.713s][info][gc,cpu         ] GC(1439) User=0.00s Sys=0.00s Real=0.00s
[174.830s][info][gc,start       ] GC(1440) Pause Young (Allocation Failure)
[174.833s][info][gc,heap        ] GC(1440) PSYoungGen: 172032K(172032K)->1024K(172544K) Eden: 170496K(170496K)->0K(170496K) From: 1536K(1536K)->1024K(2048K)
[174.833s][info][gc,heap        ] GC(1440) ParOldGen: 5896K(349696K)->7038K(349696K)
[174.833s][info][gc,metaspace   ] GC(1440) Metaspace: 14387K(15232K)->14387K(15232K) NonClass: 12406K(12864K)->12406K(12864K) Class: 1981K(2368K)->1981K(2368K)
[174.833s][info][gc             ] GC(1440) Pause Young (Allocation Failure) 173M->7M(510M) 2.750ms
[174.833s][info][gc,cpu         ] GC(1440) User=0.52s Sys=0.00s Real=0.00s
[174.954s][info][gc,start       ] GC(1441) Pause Young (Allocation Failure)
[174.957s][info][gc,heap        ] GC(1441) PSYoungGen: 171520K(172544K)->1024K(172544K) Eden: 170496K(170496K)->0K(170496K) From: 1024K(2048K)->1024K(2048K)
[174.957s][info][gc,heap        ] GC(1441) ParOldGen: 7038K(349696K)->7102K(349696K)
[174.957s][info][gc,metaspace   ] GC(1441) Metaspace: 14387K(15232K)->14387K(15232K) NonClass: 12406K(12864K)->12406K(12864K) Class: 1981K(2368K)->1981K(2368K)
[174.957s][info][gc             ] GC(1441) Pause Young (Allocation Failure) 174M->7M(510M) 2.721ms
[174.957s][info][gc,cpu         ] GC(1441) User=0.00s Sys=0.00s Real=0.00s
[175.079s][info][gc,start       ] GC(1442) Pause Young (Allocation Failure)
[175.082s][info][gc,heap        ] GC(1442) PSYoungGen: 171520K(172544K)->992K(172544K) Eden: 170496K(170496K)->0K(170496K) From: 1024K(2048K)->992K(2048K)
[175.082s][info][gc,heap        ] GC(1442) ParOldGen: 7102K(349696K)->7166K(349696K)
[175.082s][info][gc,metaspace   ] GC(1442) Metaspace: 14387K(15232K)->14387K(15232K) NonClass: 12406K(12864K)->12406K(12864K) Class: 1981K(2368K)->1981K(2368K)
[175.082s][info][gc             ] GC(1442) Pause Young (Allocation Failure) 174M->7M(510M) 2.687ms
[175.082s][info][gc,cpu         ] GC(1442) User=0.00s Sys=0.00s Real=0.00s
[175.201s][info][gc,start       ] GC(1443) Pause Young (Allocation Failure)
[175.204s][info][gc,heap        ] GC(1443) PSYoungGen: 171488K(172544K)->1024K(171520K) Eden: 170496K(170496K)->0K(170496K) From: 992K(2048K)->1024K(1024K)
[175.204s][info][gc,heap        ] GC(1443) ParOldGen: 7166K(349696K)->7222K(349696K)
[175.204s][info][gc,metaspace   ] GC(1443) Metaspace: 14387K(15232K)->14387K(15232K) NonClass: 12406K(12864K)->12406K(12864K) Class: 1981K(2368K)->1981K(2368K)
[175.204s][info][gc             ] GC(1443) Pause Young (Allocation Failure) 174M->8M(509M) 2.840ms
[175.204s][info][gc,cpu         ] GC(1443) User=0.00s Sys=0.00s Real=0.00s
[175.340s][info][gc,start       ] GC(1444) Pause Young (Allocation Failure)
[175.342s][info][gc,heap        ] GC(1444) PSYoungGen: 171520K(171520K)->992K(172032K) Eden: 170496K(170496K)->0K(170496K) From: 1024K(1024K)->992K(1536K)
[175.343s][info][gc,heap        ] GC(1444) ParOldGen: 7222K(349696K)->7286K(349696K)
[175.343s][info][gc,metaspace   ] GC(1444) Metaspace: 14387K(15232K)->14387K(15232K) NonClass: 12406K(12864K)->12406K(12864K) Class: 1981K(2368K)->1981K(2368K)
[175.343s][info][gc             ] GC(1444) Pause Young (Allocation Failure) 174M->8M(509M) 2.893ms
[175.343s][info][gc,cpu         ] GC(1444) User=0.00s Sys=0.00s Real=0.00s
[175.492s][info][gc,start       ] GC(1445) Pause Young (Allocation Failure)
[175.495s][info][gc,heap        ] GC(1445) PSYoungGen: 171488K(172032K)->1024K(173056K) Eden: 170496K(170496K)->0K(171520K) From: 992K(1536K)->1024K(1536K)
[175.495s][info][gc,heap        ] GC(1445) ParOldGen: 7286K(349696K)->7342K(349696K)
[175.495s][info][gc,metaspace   ] GC(1445) Metaspace: 14387K(15232K)->14387K(15232K) NonClass: 12406K(12864K)->12406K(12864K) Class: 1981K(2368K)->1981K(2368K)
[175.495s][info][gc             ] GC(1445) Pause Young (Allocation Failure) 174M->8M(510M) 3.090ms
[175.495s][info][gc,cpu         ] GC(1445) User=0.00s Sys=0.00s Real=0.00s
[175.624s][info][gc,start       ] GC(1446) Pause Young (Allocation Failure)
[175.627s][info][gc,heap        ] GC(1446) PSYoungGen: 172544K(173056K)->1024K(173056K) Eden: 171520K(171520K)->0K(171520K) From: 1024K(1536K)->1024K(1536K)
[175.627s][info][gc,heap        ] GC(1446) ParOldGen: 7342K(349696K)->7390K(349696K)
[175.627s][info][gc,metaspace   ] GC(1446) Metaspace: 14387K(15232K)->14387K(15232K) NonClass: 12406K(12864K)->12406K(12864K) Class: 1981K(2368K)->1981K(2368K)
[175.627s][info][gc             ] GC(1446) Pause Young (Allocation Failure) 175M->8M(510M) 2.677ms
[175.627s][info][gc,cpu         ] GC(1446) User=0.00s Sys=0.00s Real=0.00s
[175.761s][info][gc,start       ] GC(1447) Pause Young (Allocation Failure)
[175.764s][info][gc,heap        ] GC(1447) PSYoungGen: 172544K(173056K)->1024K(173056K) Eden: 171520K(171520K)->0K(171520K) From: 1024K(1536K)->1024K(1536K)
[175.764s][info][gc,heap        ] GC(1447) ParOldGen: 7390K(349696K)->7438K(349696K)
[175.764s][info][gc,metaspace   ] GC(1447) Metaspace: 14387K(15232K)->14387K(15232K) NonClass: 12406K(12864K)->12406K(12864K) Class: 1981K(2368K)->1981K(2368K)
[175.764s][info][gc             ] GC(1447) Pause Young (Allocation Failure) 175M->8M(510M) 2.541ms
[175.764s][info][gc,cpu         ] GC(1447) User=0.00s Sys=0.00s Real=0.00s
[175.899s][info][gc,start       ] GC(1448) Pause Young (Allocation Failure)
[175.901s][info][gc,heap        ] GC(1448) PSYoungGen: 172544K(173056K)->1024K(173056K) Eden: 171520K(171520K)->0K(171520K) From: 1024K(1536K)->1024K(1536K)
[175.901s][info][gc,heap        ] GC(1448) ParOldGen: 7438K(349696K)->7534K(349696K)
[175.901s][info][gc,metaspace   ] GC(1448) Metaspace: 14387K(15232K)->14387K(15232K) NonClass: 12406K(12864K)->12406K(12864K) Class: 1981K(2368K)->1981K(2368K)
[175.901s][info][gc             ] GC(1448) Pause Young (Allocation Failure) 175M->8M(510M) 2.489ms
[175.901s][info][gc,cpu         ] GC(1448) User=0.00s Sys=0.00s Real=0.00s
[176.029s][info][gc,start       ] GC(1449) Pause Young (Allocation Failure)
[176.031s][info][gc,heap        ] GC(1449) PSYoungGen: 172544K(173056K)->1024K(173056K) Eden: 171520K(171520K)->0K(171520K) From: 1024K(1536K)->1024K(1536K)
[176.031s][info][gc,heap        ] GC(1449) ParOldGen: 7534K(349696K)->7598K(349696K)
[176.031s][info][gc,metaspace   ] GC(1449) Metaspace: 14387K(15232K)->14387K(15232K) NonClass: 12406K(12864K)->12406K(12864K) Class: 1981K(2368K)->1981K(2368K)
[176.031s][info][gc             ] GC(1449) Pause Young (Allocation Failure) 175M->8M(510M) 2.305ms
[176.031s][info][gc,cpu         ] GC(1449) User=0.00s Sys=0.00s Real=0.00s
[176.154s][info][gc,start       ] GC(1450) Pause Young (Allocation Failure)
[176.157s][info][gc,heap        ] GC(1450) PSYoungGen: 172544K(173056K)->1024K(173056K) Eden: 171520K(171520K)->0K(171520K) From: 1024K(1536K)->1024K(1536K)
[176.157s][info][gc,heap        ] GC(1450) ParOldGen: 7598K(349696K)->7646K(349696K)
[176.157s][info][gc,metaspace   ] GC(1450) Metaspace: 14387K(15232K)->14387K(15232K) NonClass: 12406K(12864K)->12406K(12864K) Class: 1981K(2368K)->1981K(2368K)
[176.157s][info][gc             ] GC(1450) Pause Young (Allocation Failure) 175M->8M(510M) 2.350ms
[176.157s][info][gc,cpu         ] GC(1450) User=0.00s Sys=0.00s Real=0.00s
[176.281s][info][gc,start       ] GC(1451) Pause Young (Allocation Failure)
[176.283s][info][gc,heap        ] GC(1451) PSYoungGen: 172544K(173056K)->1024K(173056K) Eden: 171520K(171520K)->0K(171520K) From: 1024K(1536K)->1024K(1536K)
[176.283s][info][gc,heap        ] GC(1451) ParOldGen: 7646K(349696K)->7710K(349696K)
[176.283s][info][gc,metaspace   ] GC(1451) Metaspace: 14387K(15232K)->14387K(15232K) NonClass: 12406K(12864K)->12406K(12864K) Class: 1981K(2368K)->1981K(2368K)
[176.283s][info][gc             ] GC(1451) Pause Young (Allocation Failure) 175M->8M(510M) 2.378ms
[176.283s][info][gc,cpu         ] GC(1451) User=0.00s Sys=0.00s Real=0.00s
[176.408s][info][gc,start       ] GC(1452) Pause Young (Allocation Failure)
[176.411s][info][gc,heap        ] GC(1452) PSYoungGen: 172544K(173056K)->1024K(173056K) Eden: 171520K(171520K)->0K(171520K) From: 1024K(1536K)->1024K(1536K)
[176.411s][info][gc,heap        ] GC(1452) ParOldGen: 7710K(349696K)->7774K(349696K)
[176.411s][info][gc,metaspace   ] GC(1452) Metaspace: 14387K(15232K)->14387K(15232K) NonClass: 12406K(12864K)->12406K(12864K) Class: 1981K(2368K)->1981K(2368K)
[176.411s][info][gc             ] GC(1452) Pause Young (Allocation Failure) 176M->8M(510M) 2.349ms
[176.411s][info][gc,cpu         ] GC(1452) User=0.52s Sys=0.00s Real=0.00s
[176.533s][info][gc,start       ] GC(1453) Pause Young (Allocation Failure)
[176.535s][info][gc,heap        ] GC(1453) PSYoungGen: 172544K(173056K)->1024K(173056K) Eden: 171520K(171520K)->0K(171520K) From: 1024K(1536K)->1024K(1536K)
[176.536s][info][gc,heap        ] GC(1453) ParOldGen: 7774K(349696K)->7830K(349696K)
[176.536s][info][gc,metaspace   ] GC(1453) Metaspace: 14387K(15232K)->14387K(15232K) NonClass: 12406K(12864K)->12406K(12864K) Class: 1981K(2368K)->1981K(2368K)
[176.536s][info][gc             ] GC(1453) Pause Young (Allocation Failure) 176M->8M(510M) 2.342ms
[176.536s][info][gc,cpu         ] GC(1453) User=0.52s Sys=0.00s Real=0.00s
[176.658s][info][gc,start       ] GC(1454) Pause Young (Allocation Failure)
[176.660s][info][gc,heap        ] GC(1454) PSYoungGen: 172544K(173056K)->1024K(173056K) Eden: 171520K(171520K)->0K(171520K) From: 1024K(1536K)->1024K(1536K)
[176.660s][info][gc,heap        ] GC(1454) ParOldGen: 7830K(349696K)->7870K(349696K)
[176.660s][info][gc,metaspace   ] GC(1454) Metaspace: 14387K(15232K)->14387K(15232K) NonClass: 12406K(12864K)->12406K(12864K) Class: 1981K(2368K)->1981K(2368K)
[176.660s][info][gc             ] GC(1454) Pause Young (Allocation Failure) 176M->8M(510M) 2.406ms
[176.660s][info][gc,cpu         ] GC(1454) User=0.00s Sys=0.00s Real=0.00s
[176.778s][info][gc,start       ] GC(1455) Pause Young (Allocation Failure)
[176.781s][info][gc,heap        ] GC(1455) PSYoungGen: 172544K(173056K)->1024K(173056K) Eden: 171520K(171520K)->0K(171520K) From: 1024K(1536K)->1024K(1536K)
[176.781s][info][gc,heap        ] GC(1455) ParOldGen: 7870K(349696K)->7934K(349696K)
[176.781s][info][gc,metaspace   ] GC(1455) Metaspace: 14387K(15232K)->14387K(15232K) NonClass: 12406K(12864K)->12406K(12864K) Class: 1981K(2368K)->1981K(2368K)
[176.781s][info][gc             ] GC(1455) Pause Young (Allocation Failure) 176M->8M(510M) 2.392ms
[176.781s][info][gc,cpu         ] GC(1455) User=0.00s Sys=0.00s Real=0.00s
[176.903s][info][gc,start       ] GC(1456) Pause Young (Allocation Failure)
[176.906s][info][gc,heap        ] GC(1456) PSYoungGen: 172544K(173056K)->1024K(173056K) Eden: 171520K(171520K)->0K(171520K) From: 1024K(1536K)->1024K(1536K)
[176.906s][info][gc,heap        ] GC(1456) ParOldGen: 7934K(349696K)->7982K(349696K)
[176.906s][info][gc,metaspace   ] GC(1456) Metaspace: 14387K(15232K)->14387K(15232K) NonClass: 12406K(12864K)->12406K(12864K) Class: 1981K(2368K)->1981K(2368K)
[176.906s][info][gc             ] GC(1456) Pause Young (Allocation Failure) 176M->8M(510M) 2.381ms
[176.906s][info][gc,cpu         ] GC(1456) User=0.00s Sys=0.00s Real=0.00s
[177.028s][info][gc,start       ] GC(1457) Pause Young (Allocation Failure)
[177.030s][info][gc,heap        ] GC(1457) PSYoungGen: 172544K(173056K)->1024K(173056K) Eden: 171520K(171520K)->0K(171520K) From: 1024K(1536K)->1024K(1536K)
[177.030s][info][gc,heap        ] GC(1457) ParOldGen: 7982K(349696K)->8030K(349696K)
[177.030s][info][gc,metaspace   ] GC(1457) Metaspace: 14387K(15232K)->14387K(15232K) NonClass: 12406K(12864K)->12406K(12864K) Class: 1981K(2368K)->1981K(2368K)
[177.030s][info][gc             ] GC(1457) Pause Young (Allocation Failure) 176M->8M(510M) 2.377ms
[177.030s][info][gc,cpu         ] GC(1457) User=0.00s Sys=0.00s Real=0.00s
[177.151s][info][gc,start       ] GC(1458) Pause Young (Allocation Failure)
[177.154s][info][gc,heap        ] GC(1458) PSYoungGen: 172544K(173056K)->992K(173056K) Eden: 171520K(171520K)->0K(171520K) From: 1024K(1536K)->992K(1536K)
[177.154s][info][gc,heap        ] GC(1458) ParOldGen: 8030K(349696K)->8110K(349696K)
[177.154s][info][gc,metaspace   ] GC(1458) Metaspace: 14387K(15232K)->14387K(15232K) NonClass: 12406K(12864K)->12406K(12864K) Class: 1981K(2368K)->1981K(2368K)
[177.154s][info][gc             ] GC(1458) Pause Young (Allocation Failure) 176M->8M(510M) 2.461ms
[177.154s][info][gc,cpu         ] GC(1458) User=0.00s Sys=0.00s Real=0.00s
[177.276s][info][gc,start       ] GC(1459) Pause Young (Allocation Failure)
[177.278s][info][gc,heap        ] GC(1459) PSYoungGen: 172512K(173056K)->1024K(173056K) Eden: 171520K(171520K)->0K(171520K) From: 992K(1536K)->1024K(1536K)
[177.278s][info][gc,heap        ] GC(1459) ParOldGen: 8110K(349696K)->8166K(349696K)
[177.278s][info][gc,metaspace   ] GC(1459) Metaspace: 14387K(15232K)->14387K(15232K) NonClass: 12406K(12864K)->12406K(12864K) Class: 1981K(2368K)->1981K(2368K)
[177.278s][info][gc             ] GC(1459) Pause Young (Allocation Failure) 176M->8M(510M) 2.493ms
[177.279s][info][gc,cpu         ] GC(1459) User=0.00s Sys=0.00s Real=0.00s
[177.399s][info][gc,start       ] GC(1460) Pause Young (Allocation Failure)
[177.402s][info][gc,heap        ] GC(1460) PSYoungGen: 172544K(173056K)->1024K(173056K) Eden: 171520K(171520K)->0K(171520K) From: 1024K(1536K)->1024K(1536K)
[177.402s][info][gc,heap        ] GC(1460) ParOldGen: 8166K(349696K)->8230K(349696K)
[177.402s][info][gc,metaspace   ] GC(1460) Metaspace: 14387K(15232K)->14387K(15232K) NonClass: 12406K(12864K)->12406K(12864K) Class: 1981K(2368K)->1981K(2368K)
[177.402s][info][gc             ] GC(1460) Pause Young (Allocation Failure) 176M->9M(510M) 2.509ms
[177.402s][info][gc,cpu         ] GC(1460) User=0.00s Sys=0.00s Real=0.00s
[177.527s][info][gc,start       ] GC(1461) Pause Young (Allocation Failure)
[177.529s][info][gc,heap        ] GC(1461) PSYoungGen: 172544K(173056K)->992K(173056K) Eden: 171520K(171520K)->0K(171520K) From: 1024K(1536K)->992K(1536K)
[177.529s][info][gc,heap        ] GC(1461) ParOldGen: 8230K(349696K)->8302K(349696K)
[177.530s][info][gc,metaspace   ] GC(1461) Metaspace: 14387K(15232K)->14387K(15232K) NonClass: 12406K(12864K)->12406K(12864K) Class: 1981K(2368K)->1981K(2368K)
[177.530s][info][gc             ] GC(1461) Pause Young (Allocation Failure) 176M->9M(510M) 2.541ms
[177.530s][info][gc,cpu         ] GC(1461) User=0.00s Sys=0.00s Real=0.00s
[177.653s][info][gc,start       ] GC(1462) Pause Young (Allocation Failure)
[177.656s][info][gc,heap        ] GC(1462) PSYoungGen: 172512K(173056K)->992K(173056K) Eden: 171520K(171520K)->0K(171520K) From: 992K(1536K)->992K(1536K)
[177.656s][info][gc,heap        ] GC(1462) ParOldGen: 8302K(349696K)->8366K(349696K)
[177.656s][info][gc,metaspace   ] GC(1462) Metaspace: 14387K(15232K)->14387K(15232K) NonClass: 12406K(12864K)->12406K(12864K) Class: 1981K(2368K)->1981K(2368K)
[177.656s][info][gc             ] GC(1462) Pause Young (Allocation Failure) 176M->9M(510M) 2.605ms
[177.656s][info][gc,cpu         ] GC(1462) User=0.00s Sys=0.00s Real=0.00s
[177.779s][info][gc,start       ] GC(1463) Pause Young (Allocation Failure)
[177.782s][info][gc,heap        ] GC(1463) PSYoungGen: 172512K(173056K)->1024K(173056K) Eden: 171520K(171520K)->0K(171520K) From: 992K(1536K)->1024K(1536K)
[177.782s][info][gc,heap        ] GC(1463) ParOldGen: 8366K(349696K)->8438K(349696K)
[177.782s][info][gc,metaspace   ] GC(1463) Metaspace: 14387K(15232K)->14387K(15232K) NonClass: 12406K(12864K)->12406K(12864K) Class: 1981K(2368K)->1981K(2368K)
[177.782s][info][gc             ] GC(1463) Pause Young (Allocation Failure) 176M->9M(510M) 2.593ms
[177.782s][info][gc,cpu         ] GC(1463) User=0.00s Sys=0.00s Real=0.00s
[177.906s][info][gc,start       ] GC(1464) Pause Young (Allocation Failure)
[177.908s][info][gc,heap        ] GC(1464) PSYoungGen: 172544K(173056K)->1024K(173056K) Eden: 171520K(171520K)->0K(171520K) From: 1024K(1536K)->1024K(1536K)
[177.908s][info][gc,heap        ] GC(1464) ParOldGen: 8438K(349696K)->8486K(349696K)
[177.908s][info][gc,metaspace   ] GC(1464) Metaspace: 14387K(15232K)->14387K(15232K) NonClass: 12406K(12864K)->12406K(12864K) Class: 1981K(2368K)->1981K(2368K)
[177.908s][info][gc             ] GC(1464) Pause Young (Allocation Failure) 176M->9M(510M) 2.588ms
[177.908s][info][gc,cpu         ] GC(1464) User=0.00s Sys=0.00s Real=0.00s
[178.031s][info][gc,start       ] GC(1465) Pause Young (Allocation Failure)
[178.034s][info][gc,heap        ] GC(1465) PSYoungGen: 172544K(173056K)->1024K(173056K) Eden: 171520K(171520K)->0K(171520K) From: 1024K(1536K)->1024K(1536K)
[178.034s][info][gc,heap        ] GC(1465) ParOldGen: 8486K(349696K)->8550K(349696K)
[178.034s][info][gc,metaspace   ] GC(1465) Metaspace: 14387K(15232K)->14387K(15232K) NonClass: 12406K(12864K)->12406K(12864K) Class: 1981K(2368K)->1981K(2368K)
[178.034s][info][gc             ] GC(1465) Pause Young (Allocation Failure) 176M->9M(510M) 2.615ms
[178.034s][info][gc,cpu         ] GC(1465) User=0.00s Sys=0.00s Real=0.00s
[178.157s][info][gc,start       ] GC(1466) Pause Young (Allocation Failure)
[178.160s][info][gc,heap        ] GC(1466) PSYoungGen: 172544K(173056K)->1056K(173056K) Eden: 171520K(171520K)->0K(171520K) From: 1024K(1536K)->1056K(1536K)
[178.160s][info][gc,heap        ] GC(1466) ParOldGen: 8550K(349696K)->8630K(349696K)
[178.160s][info][gc,metaspace   ] GC(1466) Metaspace: 14387K(15232K)->14387K(15232K) NonClass: 12406K(12864K)->12406K(12864K) Class: 1981K(2368K)->1981K(2368K)
[178.160s][info][gc             ] GC(1466) Pause Young (Allocation Failure) 176M->9M(510M) 2.657ms
[178.160s][info][gc,cpu         ] GC(1466) User=0.00s Sys=0.00s Real=0.00s
[178.284s][info][gc,start       ] GC(1467) Pause Young (Allocation Failure)
[178.287s][info][gc,heap        ] GC(1467) PSYoungGen: 172576K(173056K)->992K(173056K) Eden: 171520K(171520K)->0K(171520K) From: 1056K(1536K)->992K(1536K)
[178.287s][info][gc,heap        ] GC(1467) ParOldGen: 8630K(349696K)->8702K(349696K)
[178.287s][info][gc,metaspace   ] GC(1467) Metaspace: 14387K(15232K)->14387K(15232K) NonClass: 12406K(12864K)->12406K(12864K) Class: 1981K(2368K)->1981K(2368K)
[178.287s][info][gc             ] GC(1467) Pause Young (Allocation Failure) 176M->9M(510M) 2.668ms
[178.287s][info][gc,cpu         ] GC(1467) User=0.52s Sys=0.00s Real=0.00s
[178.409s][info][gc,start       ] GC(1468) Pause Young (Allocation Failure)
[178.412s][info][gc,heap        ] GC(1468) PSYoungGen: 172512K(173056K)->992K(173056K) Eden: 171520K(171520K)->0K(171520K) From: 992K(1536K)->992K(1536K)
[178.412s][info][gc,heap        ] GC(1468) ParOldGen: 8702K(349696K)->8758K(349696K)
[178.412s][info][gc,metaspace   ] GC(1468) Metaspace: 14387K(15232K)->14387K(15232K) NonClass: 12406K(12864K)->12406K(12864K) Class: 1981K(2368K)->1981K(2368K)
[178.412s][info][gc             ] GC(1468) Pause Young (Allocation Failure) 176M->9M(510M) 2.679ms
[178.412s][info][gc,cpu         ] GC(1468) User=0.00s Sys=0.00s Real=0.00s
[178.537s][info][gc,start       ] GC(1469) Pause Young (Allocation Failure)
[178.539s][info][gc,heap        ] GC(1469) PSYoungGen: 172512K(173056K)->992K(173056K) Eden: 171520K(171520K)->0K(171520K) From: 992K(1536K)->992K(1536K)
[178.539s][info][gc,heap        ] GC(1469) ParOldGen: 8758K(349696K)->8806K(349696K)
[178.539s][info][gc,metaspace   ] GC(1469) Metaspace: 14387K(15232K)->14387K(15232K) NonClass: 12406K(12864K)->12406K(12864K) Class: 1981K(2368K)->1981K(2368K)
[178.539s][info][gc             ] GC(1469) Pause Young (Allocation Failure) 177M->9M(510M) 2.703ms
[178.539s][info][gc,cpu         ] GC(1469) User=0.00s Sys=0.00s Real=0.00s
[178.660s][info][gc,start       ] GC(1470) Pause Young (Allocation Failure)
[178.663s][info][gc,heap        ] GC(1470) PSYoungGen: 172512K(173056K)->992K(173056K) Eden: 171520K(171520K)->0K(171520K) From: 992K(1536K)->992K(1536K)
[178.663s][info][gc,heap        ] GC(1470) ParOldGen: 8806K(349696K)->8854K(349696K)
[178.663s][info][gc,metaspace   ] GC(1470) Metaspace: 14387K(15232K)->14387K(15232K) NonClass: 12406K(12864K)->12406K(12864K) Class: 1981K(2368K)->1981K(2368K)
[178.663s][info][gc             ] GC(1470) Pause Young (Allocation Failure) 177M->9M(510M) 2.725ms
[178.663s][info][gc,cpu         ] GC(1470) User=0.00s Sys=0.00s Real=0.00s
[178.786s][info][gc,start       ] GC(1471) Pause Young (Allocation Failure)
[178.789s][info][gc,heap        ] GC(1471) PSYoungGen: 172512K(173056K)->1024K(173056K) Eden: 171520K(171520K)->0K(171520K) From: 992K(1536K)->1024K(1536K)
[178.789s][info][gc,heap        ] GC(1471) ParOldGen: 8854K(349696K)->8918K(349696K)
[178.789s][info][gc,metaspace   ] GC(1471) Metaspace: 14387K(15232K)->14387K(15232K) NonClass: 12406K(12864K)->12406K(12864K) Class: 1981K(2368K)->1981K(2368K)
[178.789s][info][gc             ] GC(1471) Pause Young (Allocation Failure) 177M->9M(510M) 2.765ms
[178.789s][info][gc,cpu         ] GC(1471) User=0.00s Sys=0.00s Real=0.00s
[178.912s][info][gc,start       ] GC(1472) Pause Young (Allocation Failure)
[178.915s][info][gc,heap        ] GC(1472) PSYoungGen: 172544K(173056K)->1024K(173056K) Eden: 171520K(171520K)->0K(171520K) From: 1024K(1536K)->1024K(1536K)
[178.915s][info][gc,heap        ] GC(1472) ParOldGen: 8918K(349696K)->8966K(349696K)
[178.915s][info][gc,metaspace   ] GC(1472) Metaspace: 14387K(15232K)->14387K(15232K) NonClass: 12406K(12864K)->12406K(12864K) Class: 1981K(2368K)->1981K(2368K)
[178.915s][info][gc             ] GC(1472) Pause Young (Allocation Failure) 177M->9M(510M) 2.819ms
[178.915s][info][gc,cpu         ] GC(1472) User=0.00s Sys=0.00s Real=0.00s
[179.039s][info][gc,start       ] GC(1473) Pause Young (Allocation Failure)
[179.041s][info][gc,heap        ] GC(1473) PSYoungGen: 172544K(173056K)->1056K(173056K) Eden: 171520K(171520K)->0K(171520K) From: 1024K(1536K)->1056K(1536K)
[179.041s][info][gc,heap        ] GC(1473) ParOldGen: 8966K(349696K)->9030K(349696K)
[179.041s][info][gc,metaspace   ] GC(1473) Metaspace: 14387K(15232K)->14387K(15232K) NonClass: 12406K(12864K)->12406K(12864K) Class: 1981K(2368K)->1981K(2368K)
[179.041s][info][gc             ] GC(1473) Pause Young (Allocation Failure) 177M->9M(510M) 2.826ms
[179.041s][info][gc,cpu         ] GC(1473) User=0.00s Sys=0.00s Real=0.00s
[179.319s][info][gc,start       ] GC(1474) Pause Young (Allocation Failure)
[179.322s][info][gc,heap        ] GC(1474) PSYoungGen: 172576K(173056K)->992K(173056K) Eden: 171520K(171520K)->0K(171520K) From: 1056K(1536K)->992K(1536K)
[179.322s][info][gc,heap        ] GC(1474) ParOldGen: 9030K(349696K)->9094K(349696K)
[179.322s][info][gc,metaspace   ] GC(1474) Metaspace: 14387K(15232K)->14387K(15232K) NonClass: 12406K(12864K)->12406K(12864K) Class: 1981K(2368K)->1981K(2368K)
[179.323s][info][gc             ] GC(1474) Pause Young (Allocation Failure) 177M->9M(510M) 3.674ms
[179.323s][info][gc,cpu         ] GC(1474) User=0.00s Sys=0.00s Real=0.00s
[179.455s][info][gc,start       ] GC(1475) Pause Young (Allocation Failure)
[179.458s][info][gc,heap        ] GC(1475) PSYoungGen: 172512K(173056K)->1024K(173056K) Eden: 171520K(171520K)->0K(171520K) From: 992K(1536K)->1024K(1536K)
[179.458s][info][gc,heap        ] GC(1475) ParOldGen: 9094K(349696K)->9166K(349696K)
[179.458s][info][gc,metaspace   ] GC(1475) Metaspace: 14387K(15232K)->14387K(15232K) NonClass: 12406K(12864K)->12406K(12864K) Class: 1981K(2368K)->1981K(2368K)
[179.458s][info][gc             ] GC(1475) Pause Young (Allocation Failure) 177M->9M(510M) 2.706ms
[179.458s][info][gc,cpu         ] GC(1475) User=0.52s Sys=0.00s Real=0.00s
[179.580s][info][gc,start       ] GC(1476) Pause Young (Allocation Failure)
[179.582s][info][gc,heap        ] GC(1476) PSYoungGen: 172544K(173056K)->1024K(173056K) Eden: 171520K(171520K)->0K(171520K) From: 1024K(1536K)->1024K(1536K)
[179.582s][info][gc,heap        ] GC(1476) ParOldGen: 9166K(349696K)->9238K(349696K)
[179.582s][info][gc,metaspace   ] GC(1476) Metaspace: 14387K(15232K)->14387K(15232K) NonClass: 12406K(12864K)->12406K(12864K) Class: 1981K(2368K)->1981K(2368K)
[179.583s][info][gc             ] GC(1476) Pause Young (Allocation Failure) 177M->10M(510M) 2.586ms
[179.583s][info][gc,cpu         ] GC(1476) User=0.52s Sys=0.00s Real=0.00s
[179.717s][info][gc,start       ] GC(1477) Pause Young (Allocation Failure)
[179.720s][info][gc,heap        ] GC(1477) PSYoungGen: 172544K(173056K)->992K(173056K) Eden: 171520K(171520K)->0K(171520K) From: 1024K(1536K)->992K(1536K)
[179.720s][info][gc,heap        ] GC(1477) ParOldGen: 9238K(349696K)->9286K(349696K)
[179.720s][info][gc,metaspace   ] GC(1477) Metaspace: 14387K(15232K)->14387K(15232K) NonClass: 12406K(12864K)->12406K(12864K) Class: 1981K(2368K)->1981K(2368K)
[179.720s][info][gc             ] GC(1477) Pause Young (Allocation Failure) 177M->10M(510M) 2.533ms
[179.720s][info][gc,cpu         ] GC(1477) User=0.00s Sys=0.00s Real=0.00s
[179.850s][info][gc,start       ] GC(1478) Pause Young (Allocation Failure)
[179.853s][info][gc,heap        ] GC(1478) PSYoungGen: 172512K(173056K)->992K(173056K) Eden: 171520K(171520K)->0K(171520K) From: 992K(1536K)->992K(1536K)
[179.853s][info][gc,heap        ] GC(1478) ParOldGen: 9286K(349696K)->9350K(349696K)
[179.853s][info][gc,metaspace   ] GC(1478) Metaspace: 14387K(15232K)->14387K(15232K) NonClass: 12406K(12864K)->12406K(12864K) Class: 1981K(2368K)->1981K(2368K)
[179.853s][info][gc             ] GC(1478) Pause Young (Allocation Failure) 177M->10M(510M) 2.451ms
[179.853s][info][gc,cpu         ] GC(1478) User=0.00s Sys=0.00s Real=0.00s
[179.982s][info][gc,start       ] GC(1479) Pause Young (Allocation Failure)
[179.984s][info][gc,heap        ] GC(1479) PSYoungGen: 172512K(173056K)->992K(173056K) Eden: 171520K(171520K)->0K(171520K) From: 992K(1536K)->992K(1536K)
[179.984s][info][gc,heap        ] GC(1479) ParOldGen: 9350K(349696K)->9414K(349696K)
[179.984s][info][gc,metaspace   ] GC(1479) Metaspace: 14387K(15232K)->14387K(15232K) NonClass: 12406K(12864K)->12406K(12864K) Class: 1981K(2368K)->1981K(2368K)
[179.984s][info][gc             ] GC(1479) Pause Young (Allocation Failure) 177M->10M(510M) 2.388ms
[179.984s][info][gc,cpu         ] GC(1479) User=0.00s Sys=0.00s Real=0.00s
[180.108s][info][gc,start       ] GC(1480) Pause Young (Allocation Failure)
[180.110s][info][gc,heap        ] GC(1480) PSYoungGen: 172512K(173056K)->1024K(173056K) Eden: 171520K(171520K)->0K(171520K) From: 992K(1536K)->1024K(1536K)
[180.110s][info][gc,heap        ] GC(1480) ParOldGen: 9414K(349696K)->9470K(349696K)
[180.110s][info][gc,metaspace   ] GC(1480) Metaspace: 14387K(15232K)->14387K(15232K) NonClass: 12406K(12864K)->12406K(12864K) Class: 1981K(2368K)->1981K(2368K)
[180.110s][info][gc             ] GC(1480) Pause Young (Allocation Failure) 177M->10M(510M) 2.379ms
[180.110s][info][gc,cpu         ] GC(1480) User=0.00s Sys=0.00s Real=0.00s
[180.232s][info][gc,start       ] GC(1481) Pause Young (Allocation Failure)
[180.234s][info][gc,heap        ] GC(1481) PSYoungGen: 172544K(173056K)->1024K(173056K) Eden: 171520K(171520K)->0K(171520K) From: 1024K(1536K)->1024K(1536K)
[180.234s][info][gc,heap        ] GC(1481) ParOldGen: 9470K(349696K)->9534K(349696K)
[180.234s][info][gc,metaspace   ] GC(1481) Metaspace: 14387K(15232K)->14387K(15232K) NonClass: 12406K(12864K)->12406K(12864K) Class: 1981K(2368K)->1981K(2368K)
[180.234s][info][gc             ] GC(1481) Pause Young (Allocation Failure) 177M->10M(510M) 2.382ms
[180.234s][info][gc,cpu         ] GC(1481) User=0.00s Sys=0.00s Real=0.00s
[180.357s][info][gc,start       ] GC(1482) Pause Young (Allocation Failure)
[180.359s][info][gc,heap        ] GC(1482) PSYoungGen: 172544K(173056K)->1024K(173056K) Eden: 171520K(171520K)->0K(171520K) From: 1024K(1536K)->1024K(1536K)
[180.359s][info][gc,heap        ] GC(1482) ParOldGen: 9534K(349696K)->9574K(349696K)
[180.359s][info][gc,metaspace   ] GC(1482) Metaspace: 14387K(15232K)->14387K(15232K) NonClass: 12406K(12864K)->12406K(12864K) Class: 1981K(2368K)->1981K(2368K)
[180.359s][info][gc             ] GC(1482) Pause Young (Allocation Failure) 177M->10M(510M) 2.358ms
[180.359s][info][gc,cpu         ] GC(1482) User=0.00s Sys=0.00s Real=0.00s
[180.481s][info][gc,start       ] GC(1483) Pause Young (Allocation Failure)
[180.483s][info][gc,heap        ] GC(1483) PSYoungGen: 172544K(173056K)->1024K(173056K) Eden: 171520K(171520K)->0K(171520K) From: 1024K(1536K)->1024K(1536K)
[180.483s][info][gc,heap        ] GC(1483) ParOldGen: 9574K(349696K)->9630K(349696K)
[180.483s][info][gc,metaspace   ] GC(1483) Metaspace: 14387K(15232K)->14387K(15232K) NonClass: 12406K(12864K)->12406K(12864K) Class: 1981K(2368K)->1981K(2368K)
[180.483s][info][gc             ] GC(1483) Pause Young (Allocation Failure) 177M->10M(510M) 2.377ms
[180.483s][info][gc,cpu         ] GC(1483) User=0.00s Sys=0.00s Real=0.00s
[180.606s][info][gc,start       ] GC(1484) Pause Young (Allocation Failure)
[180.608s][info][gc,heap        ] GC(1484) PSYoungGen: 172544K(173056K)->1024K(173056K) Eden: 171520K(171520K)->0K(171520K) From: 1024K(1536K)->1024K(1536K)
[180.608s][info][gc,heap        ] GC(1484) ParOldGen: 9630K(349696K)->9694K(349696K)
[180.608s][info][gc,metaspace   ] GC(1484) Metaspace: 14387K(15232K)->14387K(15232K) NonClass: 12406K(12864K)->12406K(12864K) Class: 1981K(2368K)->1981K(2368K)
[180.608s][info][gc             ] GC(1484) Pause Young (Allocation Failure) 177M->10M(510M) 2.511ms
[180.608s][info][gc,cpu         ] GC(1484) User=0.00s Sys=0.00s Real=0.00s
[180.731s][info][gc,start       ] GC(1485) Pause Young (Allocation Failure)
[180.733s][info][gc,heap        ] GC(1485) PSYoungGen: 172544K(173056K)->1024K(173056K) Eden: 171520K(171520K)->0K(171520K) From: 1024K(1536K)->1024K(1536K)
[180.733s][info][gc,heap        ] GC(1485) ParOldGen: 9694K(349696K)->9750K(349696K)
[180.733s][info][gc,metaspace   ] GC(1485) Metaspace: 14387K(15232K)->14387K(15232K) NonClass: 12406K(12864K)->12406K(12864K) Class: 1981K(2368K)->1981K(2368K)
[180.733s][info][gc             ] GC(1485) Pause Young (Allocation Failure) 177M->10M(510M) 2.482ms
[180.733s][info][gc,cpu         ] GC(1485) User=0.00s Sys=0.00s Real=0.00s
[180.854s][info][gc,start       ] GC(1486) Pause Young (Allocation Failure)
[180.857s][info][gc,heap        ] GC(1486) PSYoungGen: 172544K(173056K)->1024K(173056K) Eden: 171520K(171520K)->0K(171520K) From: 1024K(1536K)->1024K(1536K)
[180.857s][info][gc,heap        ] GC(1486) ParOldGen: 9750K(349696K)->9814K(349696K)
[180.857s][info][gc,metaspace   ] GC(1486) Metaspace: 14387K(15232K)->14387K(15232K) NonClass: 12406K(12864K)->12406K(12864K) Class: 1981K(2368K)->1981K(2368K)
[180.857s][info][gc             ] GC(1486) Pause Young (Allocation Failure) 178M->10M(510M) 2.484ms
[180.857s][info][gc,cpu         ] GC(1486) User=0.00s Sys=0.00s Real=0.00s
[180.979s][info][gc,start       ] GC(1487) Pause Young (Allocation Failure)
[180.982s][info][gc,heap        ] GC(1487) PSYoungGen: 172544K(173056K)->1024K(173056K) Eden: 171520K(171520K)->0K(171520K) From: 1024K(1536K)->1024K(1536K)
[180.982s][info][gc,heap        ] GC(1487) ParOldGen: 9814K(349696K)->9870K(349696K)
[180.982s][info][gc,metaspace   ] GC(1487) Metaspace: 14387K(15232K)->14387K(15232K) NonClass: 12406K(12864K)->12406K(12864K) Class: 1981K(2368K)->1981K(2368K)
[180.982s][info][gc             ] GC(1487) Pause Young (Allocation Failure) 178M->10M(510M) 2.465ms
[180.982s][info][gc,cpu         ] GC(1487) User=0.00s Sys=0.00s Real=0.00s
[181.105s][info][gc,start       ] GC(1488) Pause Young (Allocation Failure)
[181.108s][info][gc,heap        ] GC(1488) PSYoungGen: 172544K(173056K)->1024K(173056K) Eden: 171520K(171520K)->0K(171520K) From: 1024K(1536K)->1024K(1536K)
[181.108s][info][gc,heap        ] GC(1488) ParOldGen: 9870K(349696K)->9918K(349696K)
[181.108s][info][gc,metaspace   ] GC(1488) Metaspace: 14387K(15232K)->14387K(15232K) NonClass: 12406K(12864K)->12406K(12864K) Class: 1981K(2368K)->1981K(2368K)
[181.108s][info][gc             ] GC(1488) Pause Young (Allocation Failure) 178M->10M(510M) 2.549ms
[181.108s][info][gc,cpu         ] GC(1488) User=0.00s Sys=0.00s Real=0.00s
[181.230s][info][gc,start       ] GC(1489) Pause Young (Allocation Failure)
[181.233s][info][gc,heap        ] GC(1489) PSYoungGen: 172544K(173056K)->992K(173056K) Eden: 171520K(171520K)->0K(171520K) From: 1024K(1536K)->992K(1536K)
[181.233s][info][gc,heap        ] GC(1489) ParOldGen: 9918K(349696K)->9974K(349696K)
[181.233s][info][gc,metaspace   ] GC(1489) Metaspace: 14387K(15232K)->14387K(15232K) NonClass: 12406K(12864K)->12406K(12864K) Class: 1981K(2368K)->1981K(2368K)
[181.233s][info][gc             ] GC(1489) Pause Young (Allocation Failure) 178M->10M(510M) 2.549ms
[181.233s][info][gc,cpu         ] GC(1489) User=0.00s Sys=0.00s Real=0.00s
[181.354s][info][gc,start       ] GC(1490) Pause Young (Allocation Failure)
[181.356s][info][gc,heap        ] GC(1490) PSYoungGen: 172512K(173056K)->992K(173056K) Eden: 171520K(171520K)->0K(171520K) From: 992K(1536K)->992K(1536K)
[181.356s][info][gc,heap        ] GC(1490) ParOldGen: 9974K(349696K)->10022K(349696K)
[181.356s][info][gc,metaspace   ] GC(1490) Metaspace: 14387K(15232K)->14387K(15232K) NonClass: 12406K(12864K)->12406K(12864K) Class: 1981K(2368K)->1981K(2368K)
[181.356s][info][gc             ] GC(1490) Pause Young (Allocation Failure) 178M->10M(510M) 2.558ms
[181.356s][info][gc,cpu         ] GC(1490) User=0.00s Sys=0.00s Real=0.00s
[181.479s][info][gc,start       ] GC(1491) Pause Young (Allocation Failure)
[181.482s][info][gc,heap        ] GC(1491) PSYoungGen: 172512K(173056K)->992K(173056K) Eden: 171520K(171520K)->0K(171520K) From: 992K(1536K)->992K(1536K)
[181.482s][info][gc,heap        ] GC(1491) ParOldGen: 10022K(349696K)->10086K(349696K)
[181.482s][info][gc,metaspace   ] GC(1491) Metaspace: 14387K(15232K)->14387K(15232K) NonClass: 12406K(12864K)->12406K(12864K) Class: 1981K(2368K)->1981K(2368K)
[181.482s][info][gc             ] GC(1491) Pause Young (Allocation Failure) 178M->10M(510M) 2.577ms
[181.482s][info][gc,cpu         ] GC(1491) User=0.00s Sys=0.00s Real=0.00s
[181.604s][info][gc,start       ] GC(1492) Pause Young (Allocation Failure)
[181.607s][info][gc,heap        ] GC(1492) PSYoungGen: 172512K(173056K)->1024K(173056K) Eden: 171520K(171520K)->0K(171520K) From: 992K(1536K)->1024K(1536K)
[181.607s][info][gc,heap        ] GC(1492) ParOldGen: 10086K(349696K)->10126K(349696K)
[181.607s][info][gc,metaspace   ] GC(1492) Metaspace: 14387K(15232K)->14387K(15232K) NonClass: 12406K(12864K)->12406K(12864K) Class: 1981K(2368K)->1981K(2368K)
[181.607s][info][gc             ] GC(1492) Pause Young (Allocation Failure) 178M->10M(510M) 2.613ms
[181.607s][info][gc,cpu         ] GC(1492) User=0.00s Sys=0.00s Real=0.00s
[181.731s][info][gc,start       ] GC(1493) Pause Young (Allocation Failure)
[181.734s][info][gc,heap        ] GC(1493) PSYoungGen: 172544K(173056K)->1024K(173056K) Eden: 171520K(171520K)->0K(171520K) From: 1024K(1536K)->1024K(1536K)
[181.734s][info][gc,heap        ] GC(1493) ParOldGen: 10126K(349696K)->10174K(349696K)
[181.734s][info][gc,metaspace   ] GC(1493) Metaspace: 14387K(15232K)->14387K(15232K) NonClass: 12406K(12864K)->12406K(12864K) Class: 1981K(2368K)->1981K(2368K)
[181.734s][info][gc             ] GC(1493) Pause Young (Allocation Failure) 178M->10M(510M) 2.645ms
[181.734s][info][gc,cpu         ] GC(1493) User=0.00s Sys=0.00s Real=0.00s
[181.857s][info][gc,start       ] GC(1494) Pause Young (Allocation Failure)
[181.860s][info][gc,heap        ] GC(1494) PSYoungGen: 172543K(173056K)->1024K(173056K) Eden: 171519K(171520K)->0K(171520K) From: 1024K(1536K)->1024K(1536K)
[181.860s][info][gc,heap        ] GC(1494) ParOldGen: 10174K(349696K)->10230K(349696K)
[181.860s][info][gc,metaspace   ] GC(1494) Metaspace: 14387K(15232K)->14387K(15232K) NonClass: 12406K(12864K)->12406K(12864K) Class: 1981K(2368K)->1981K(2368K)
[181.860s][info][gc             ] GC(1494) Pause Young (Allocation Failure) 178M->10M(510M) 2.641ms
[181.860s][info][gc,cpu         ] GC(1494) User=0.00s Sys=0.00s Real=0.00s
[181.984s][info][gc,start       ] GC(1495) Pause Young (Allocation Failure)
[181.986s][info][gc,heap        ] GC(1495) PSYoungGen: 172544K(173056K)->1024K(173056K) Eden: 171520K(171520K)->0K(171520K) From: 1024K(1536K)->1024K(1536K)
[181.986s][info][gc,heap        ] GC(1495) ParOldGen: 10230K(349696K)->10286K(349696K)
[181.986s][info][gc,metaspace   ] GC(1495) Metaspace: 14387K(15232K)->14387K(15232K) NonClass: 12406K(12864K)->12406K(12864K) Class: 1981K(2368K)->1981K(2368K)
[181.986s][info][gc             ] GC(1495) Pause Young (Allocation Failure) 178M->11M(510M) 2.649ms
[181.986s][info][gc,cpu         ] GC(1495) User=0.00s Sys=0.00s Real=0.00s
[182.118s][info][gc,start       ] GC(1496) Pause Young (Allocation Failure)
[182.120s][info][gc,heap        ] GC(1496) PSYoungGen: 172544K(173056K)->1024K(173056K) Eden: 171520K(171520K)->0K(171520K) From: 1024K(1536K)->1024K(1536K)
[182.120s][info][gc,heap        ] GC(1496) ParOldGen: 10286K(349696K)->10342K(349696K)
[182.120s][info][gc,metaspace   ] GC(1496) Metaspace: 14387K(15232K)->14387K(15232K) NonClass: 12406K(12864K)->12406K(12864K) Class: 1981K(2368K)->1981K(2368K)
[182.120s][info][gc             ] GC(1496) Pause Young (Allocation Failure) 178M->11M(510M) 2.754ms
[182.120s][info][gc,cpu         ] GC(1496) User=0.00s Sys=0.00s Real=0.00s
[182.245s][info][gc,start       ] GC(1497) Pause Young (Allocation Failure)
[182.248s][info][gc,heap        ] GC(1497) PSYoungGen: 172544K(173056K)->1024K(173056K) Eden: 171520K(171520K)->0K(171520K) From: 1024K(1536K)->1024K(1536K)
[182.248s][info][gc,heap        ] GC(1497) ParOldGen: 10342K(349696K)->10390K(349696K)
[182.248s][info][gc,metaspace   ] GC(1497) Metaspace: 14387K(15232K)->14387K(15232K) NonClass: 12406K(12864K)->12406K(12864K) Class: 1981K(2368K)->1981K(2368K)
[182.248s][info][gc             ] GC(1497) Pause Young (Allocation Failure) 178M->11M(510M) 2.546ms
[182.248s][info][gc,cpu         ] GC(1497) User=0.00s Sys=0.00s Real=0.00s
[182.373s][info][gc,start       ] GC(1498) Pause Young (Allocation Failure)
[182.376s][info][gc,heap        ] GC(1498) PSYoungGen: 172544K(173056K)->1024K(173056K) Eden: 171520K(171520K)->0K(171520K) From: 1024K(1536K)->1024K(1536K)
[182.376s][info][gc,heap        ] GC(1498) ParOldGen: 10390K(349696K)->10438K(349696K)
[182.376s][info][gc,metaspace   ] GC(1498) Metaspace: 14387K(15232K)->14387K(15232K) NonClass: 12406K(12864K)->12406K(12864K) Class: 1981K(2368K)->1981K(2368K)
[182.376s][info][gc             ] GC(1498) Pause Young (Allocation Failure) 178M->11M(510M) 2.602ms
[182.376s][info][gc,cpu         ] GC(1498) User=0.00s Sys=0.00s Real=0.00s
[182.508s][info][gc,start       ] GC(1499) Pause Young (Allocation Failure)
[182.511s][info][gc,heap        ] GC(1499) PSYoungGen: 172544K(173056K)->992K(173056K) Eden: 171520K(171520K)->0K(171520K) From: 1024K(1536K)->992K(1536K)
[182.511s][info][gc,heap        ] GC(1499) ParOldGen: 10438K(349696K)->10502K(349696K)
[182.511s][info][gc,metaspace   ] GC(1499) Metaspace: 14387K(15232K)->14387K(15232K) NonClass: 12406K(12864K)->12406K(12864K) Class: 1981K(2368K)->1981K(2368K)
[182.511s][info][gc             ] GC(1499) Pause Young (Allocation Failure) 178M->11M(510M) 2.409ms
[182.511s][info][gc,cpu         ] GC(1499) User=0.00s Sys=0.00s Real=0.00s
[182.642s][info][gc,start       ] GC(1500) Pause Young (Allocation Failure)
[182.645s][info][gc,heap        ] GC(1500) PSYoungGen: 172512K(173056K)->992K(173056K) Eden: 171520K(171520K)->0K(171520K) From: 992K(1536K)->992K(1536K)
[182.645s][info][gc,heap        ] GC(1500) ParOldGen: 10502K(349696K)->10558K(349696K)
[182.645s][info][gc,metaspace   ] GC(1500) Metaspace: 14387K(15232K)->14387K(15232K) NonClass: 12406K(12864K)->12406K(12864K) Class: 1981K(2368K)->1981K(2368K)
[182.645s][info][gc             ] GC(1500) Pause Young (Allocation Failure) 178M->11M(510M) 2.359ms
[182.645s][info][gc,cpu         ] GC(1500) User=0.52s Sys=0.00s Real=0.00s
[182.769s][info][gc,start       ] GC(1501) Pause Young (Allocation Failure)
[182.771s][info][gc,heap        ] GC(1501) PSYoungGen: 172512K(173056K)->1024K(173056K) Eden: 171520K(171520K)->0K(171520K) From: 992K(1536K)->1024K(1536K)
[182.771s][info][gc,heap        ] GC(1501) ParOldGen: 10558K(349696K)->10630K(349696K)
[182.771s][info][gc,metaspace   ] GC(1501) Metaspace: 14387K(15232K)->14387K(15232K) NonClass: 12406K(12864K)->12406K(12864K) Class: 1981K(2368K)->1981K(2368K)
[182.771s][info][gc             ] GC(1501) Pause Young (Allocation Failure) 178M->11M(510M) 2.218ms
[182.771s][info][gc,cpu         ] GC(1501) User=0.00s Sys=0.00s Real=0.00s
[182.895s][info][gc,start       ] GC(1502) Pause Young (Allocation Failure)
[182.897s][info][gc,heap        ] GC(1502) PSYoungGen: 172544K(173056K)->1024K(173056K) Eden: 171520K(171520K)->0K(171520K) From: 1024K(1536K)->1024K(1536K)
[182.897s][info][gc,heap        ] GC(1502) ParOldGen: 10630K(349696K)->10678K(349696K)
[182.897s][info][gc,metaspace   ] GC(1502) Metaspace: 14387K(15232K)->14387K(15232K) NonClass: 12406K(12864K)->12406K(12864K) Class: 1981K(2368K)->1981K(2368K)
[182.897s][info][gc             ] GC(1502) Pause Young (Allocation Failure) 178M->11M(510M) 2.254ms
[182.897s][info][gc,cpu         ] GC(1502) User=0.39s Sys=0.02s Real=0.00s
[183.018s][info][gc,start       ] GC(1503) Pause Young (Allocation Failure)
[183.020s][info][gc,heap        ] GC(1503) PSYoungGen: 172544K(173056K)->992K(173056K) Eden: 171520K(171520K)->0K(171520K) From: 1024K(1536K)->992K(1536K)
[183.020s][info][gc,heap        ] GC(1503) ParOldGen: 10678K(349696K)->10734K(349696K)
[183.020s][info][gc,metaspace   ] GC(1503) Metaspace: 14387K(15232K)->14387K(15232K) NonClass: 12406K(12864K)->12406K(12864K) Class: 1981K(2368K)->1981K(2368K)
[183.020s][info][gc             ] GC(1503) Pause Young (Allocation Failure) 178M->11M(510M) 2.258ms
[183.020s][info][gc,cpu         ] GC(1503) User=0.52s Sys=0.00s Real=0.00s
[183.142s][info][gc,start       ] GC(1504) Pause Young (Allocation Failure)
[183.144s][info][gc,heap        ] GC(1504) PSYoungGen: 172512K(173056K)->1024K(173056K) Eden: 171520K(171520K)->0K(171520K) From: 992K(1536K)->1024K(1536K)
[183.144s][info][gc,heap        ] GC(1504) ParOldGen: 10734K(349696K)->10774K(349696K)
[183.144s][info][gc,metaspace   ] GC(1504) Metaspace: 14387K(15232K)->14387K(15232K) NonClass: 12406K(12864K)->12406K(12864K) Class: 1981K(2368K)->1981K(2368K)
[183.144s][info][gc             ] GC(1504) Pause Young (Allocation Failure) 178M->11M(510M) 2.251ms
[183.144s][info][gc,cpu         ] GC(1504) User=0.00s Sys=0.00s Real=0.00s
[183.265s][info][gc,start       ] GC(1505) Pause Young (Allocation Failure)
[183.267s][info][gc,heap        ] GC(1505) PSYoungGen: 172544K(173056K)->1024K(173056K) Eden: 171520K(171520K)->0K(171520K) From: 1024K(1536K)->1024K(1536K)
[183.267s][info][gc,heap        ] GC(1505) ParOldGen: 10774K(349696K)->10830K(349696K)
[183.267s][info][gc,metaspace   ] GC(1505) Metaspace: 14387K(15232K)->14387K(15232K) NonClass: 12406K(12864K)->12406K(12864K) Class: 1981K(2368K)->1981K(2368K)
[183.267s][info][gc             ] GC(1505) Pause Young (Allocation Failure) 179M->11M(510M) 2.229ms
[183.267s][info][gc,cpu         ] GC(1505) User=0.00s Sys=0.00s Real=0.00s
[183.386s][info][gc,start       ] GC(1506) Pause Young (Allocation Failure)
[183.388s][info][gc,heap        ] GC(1506) PSYoungGen: 172544K(173056K)->1024K(173056K) Eden: 171520K(171520K)->0K(171520K) From: 1024K(1536K)->1024K(1536K)
[183.388s][info][gc,heap        ] GC(1506) ParOldGen: 10830K(349696K)->10902K(349696K)
[183.388s][info][gc,metaspace   ] GC(1506) Metaspace: 14387K(15232K)->14387K(15232K) NonClass: 12406K(12864K)->12406K(12864K) Class: 1981K(2368K)->1981K(2368K)
[183.388s][info][gc             ] GC(1506) Pause Young (Allocation Failure) 179M->11M(510M) 2.250ms
[183.388s][info][gc,cpu         ] GC(1506) User=0.00s Sys=0.00s Real=0.00s
[183.511s][info][gc,start       ] GC(1507) Pause Young (Allocation Failure)
[183.513s][info][gc,heap        ] GC(1507) PSYoungGen: 172544K(173056K)->1024K(173056K) Eden: 171520K(171520K)->0K(171520K) From: 1024K(1536K)->1024K(1536K)
[183.513s][info][gc,heap        ] GC(1507) ParOldGen: 10902K(349696K)->10950K(349696K)
[183.513s][info][gc,metaspace   ] GC(1507) Metaspace: 14387K(15232K)->14387K(15232K) NonClass: 12406K(12864K)->12406K(12864K) Class: 1981K(2368K)->1981K(2368K)
[183.513s][info][gc             ] GC(1507) Pause Young (Allocation Failure) 179M->11M(510M) 2.302ms
[183.513s][info][gc,cpu         ] GC(1507) User=0.00s Sys=0.00s Real=0.00s
[183.636s][info][gc,start       ] GC(1508) Pause Young (Allocation Failure)
[183.638s][info][gc,heap        ] GC(1508) PSYoungGen: 172544K(173056K)->992K(173056K) Eden: 171520K(171520K)->0K(171520K) From: 1024K(1536K)->992K(1536K)
[183.638s][info][gc,heap        ] GC(1508) ParOldGen: 10950K(349696K)->11006K(349696K)
[183.638s][info][gc,metaspace   ] GC(1508) Metaspace: 14387K(15232K)->14387K(15232K) NonClass: 12406K(12864K)->12406K(12864K) Class: 1981K(2368K)->1981K(2368K)
[183.638s][info][gc             ] GC(1508) Pause Young (Allocation Failure) 179M->11M(510M) 2.419ms
[183.638s][info][gc,cpu         ] GC(1508) User=0.00s Sys=0.00s Real=0.00s
[183.759s][info][gc,start       ] GC(1509) Pause Young (Allocation Failure)
[183.761s][info][gc,heap        ] GC(1509) PSYoungGen: 172512K(173056K)->1024K(173056K) Eden: 171520K(171520K)->0K(171520K) From: 992K(1536K)->1024K(1536K)
[183.761s][info][gc,heap        ] GC(1509) ParOldGen: 11006K(349696K)->11086K(349696K)
[183.761s][info][gc,metaspace   ] GC(1509) Metaspace: 14387K(15232K)->14387K(15232K) NonClass: 12406K(12864K)->12406K(12864K) Class: 1981K(2368K)->1981K(2368K)
[183.761s][info][gc             ] GC(1509) Pause Young (Allocation Failure) 179M->11M(510M) 2.355ms
[183.761s][info][gc,cpu         ] GC(1509) User=0.00s Sys=0.00s Real=0.00s
[183.884s][info][gc,start       ] GC(1510) Pause Young (Allocation Failure)
[183.886s][info][gc,heap        ] GC(1510) PSYoungGen: 172544K(173056K)->1024K(173056K) Eden: 171520K(171520K)->0K(171520K) From: 1024K(1536K)->1024K(1536K)
[183.886s][info][gc,heap        ] GC(1510) ParOldGen: 11086K(349696K)->11150K(349696K)
[183.886s][info][gc,metaspace   ] GC(1510) Metaspace: 14387K(15232K)->14387K(15232K) NonClass: 12406K(12864K)->12406K(12864K) Class: 1981K(2368K)->1981K(2368K)
[183.886s][info][gc             ] GC(1510) Pause Young (Allocation Failure) 179M->11M(510M) 2.412ms
[183.886s][info][gc,cpu         ] GC(1510) User=0.00s Sys=0.00s Real=0.00s
[184.009s][info][gc,start       ] GC(1511) Pause Young (Allocation Failure)
[184.011s][info][gc,heap        ] GC(1511) PSYoungGen: 172544K(173056K)->1024K(173056K) Eden: 171520K(171520K)->0K(171520K) From: 1024K(1536K)->1024K(1536K)
[184.011s][info][gc,heap        ] GC(1511) ParOldGen: 11150K(349696K)->11206K(349696K)
[184.011s][info][gc,metaspace   ] GC(1511) Metaspace: 14387K(15232K)->14387K(15232K) NonClass: 12406K(12864K)->12406K(12864K) Class: 1981K(2368K)->1981K(2368K)
[184.011s][info][gc             ] GC(1511) Pause Young (Allocation Failure) 179M->11M(510M) 2.461ms
[184.011s][info][gc,cpu         ] GC(1511) User=0.00s Sys=0.00s Real=0.00s
[184.133s][info][gc,start       ] GC(1512) Pause Young (Allocation Failure)
[184.136s][info][gc,heap        ] GC(1512) PSYoungGen: 172544K(173056K)->1024K(173056K) Eden: 171520K(171520K)->0K(171520K) From: 1024K(1536K)->1024K(1536K)
[184.136s][info][gc,heap        ] GC(1512) ParOldGen: 11206K(349696K)->11270K(349696K)
[184.136s][info][gc,metaspace   ] GC(1512) Metaspace: 14387K(15232K)->14387K(15232K) NonClass: 12406K(12864K)->12406K(12864K) Class: 1981K(2368K)->1981K(2368K)
[184.136s][info][gc             ] GC(1512) Pause Young (Allocation Failure) 179M->12M(510M) 2.437ms
[184.136s][info][gc,cpu         ] GC(1512) User=0.00s Sys=0.00s Real=0.00s
[184.257s][info][gc,start       ] GC(1513) Pause Young (Allocation Failure)
[184.260s][info][gc,heap        ] GC(1513) PSYoungGen: 172544K(173056K)->1024K(173056K) Eden: 171520K(171520K)->0K(171520K) From: 1024K(1536K)->1024K(1536K)
[184.260s][info][gc,heap        ] GC(1513) ParOldGen: 11270K(349696K)->11334K(349696K)
[184.260s][info][gc,metaspace   ] GC(1513) Metaspace: 14387K(15232K)->14387K(15232K) NonClass: 12406K(12864K)->12406K(12864K) Class: 1981K(2368K)->1981K(2368K)
[184.260s][info][gc             ] GC(1513) Pause Young (Allocation Failure) 179M->12M(510M) 2.459ms
[184.260s][info][gc,cpu         ] GC(1513) User=0.00s Sys=0.00s Real=0.00s
[184.382s][info][gc,start       ] GC(1514) Pause Young (Allocation Failure)
[184.384s][info][gc,heap        ] GC(1514) PSYoungGen: 172544K(173056K)->1024K(173056K) Eden: 171520K(171520K)->0K(171520K) From: 1024K(1536K)->1024K(1536K)
[184.384s][info][gc,heap        ] GC(1514) ParOldGen: 11334K(349696K)->11398K(349696K)
[184.384s][info][gc,metaspace   ] GC(1514) Metaspace: 14387K(15232K)->14387K(15232K) NonClass: 12406K(12864K)->12406K(12864K) Class: 1981K(2368K)->1981K(2368K)
[184.384s][info][gc             ] GC(1514) Pause Young (Allocation Failure) 179M->12M(510M) 2.523ms
[184.384s][info][gc,cpu         ] GC(1514) User=0.00s Sys=0.00s Real=0.00s
[184.506s][info][gc,start       ] GC(1515) Pause Young (Allocation Failure)
[184.509s][info][gc,heap        ] GC(1515) PSYoungGen: 172544K(173056K)->1056K(173056K) Eden: 171520K(171520K)->0K(171520K) From: 1024K(1536K)->1056K(1536K)
[184.509s][info][gc,heap        ] GC(1515) ParOldGen: 11398K(349696K)->11462K(349696K)
[184.509s][info][gc,metaspace   ] GC(1515) Metaspace: 14387K(15232K)->14387K(15232K) NonClass: 12406K(12864K)->12406K(12864K) Class: 1981K(2368K)->1981K(2368K)
[184.509s][info][gc             ] GC(1515) Pause Young (Allocation Failure) 179M->12M(510M) 2.512ms
[184.509s][info][gc,cpu         ] GC(1515) User=0.00s Sys=0.00s Real=0.00s
[184.631s][info][gc,start       ] GC(1516) Pause Young (Allocation Failure)
[184.634s][info][gc,heap        ] GC(1516) PSYoungGen: 172576K(173056K)->1024K(173056K) Eden: 171520K(171520K)->0K(171520K) From: 1056K(1536K)->1024K(1536K)
[184.634s][info][gc,heap        ] GC(1516) ParOldGen: 11462K(349696K)->11518K(349696K)
[184.634s][info][gc,metaspace   ] GC(1516) Metaspace: 14387K(15232K)->14387K(15232K) NonClass: 12406K(12864K)->12406K(12864K) Class: 1981K(2368K)->1981K(2368K)
[184.634s][info][gc             ] GC(1516) Pause Young (Allocation Failure) 179M->12M(510M) 2.546ms
[184.634s][info][gc,cpu         ] GC(1516) User=0.00s Sys=0.00s Real=0.00s
[184.758s][info][gc,start       ] GC(1517) Pause Young (Allocation Failure)
[184.760s][info][gc,heap        ] GC(1517) PSYoungGen: 172544K(173056K)->992K(173056K) Eden: 171520K(171520K)->0K(171520K) From: 1024K(1536K)->992K(1536K)
[184.760s][info][gc,heap        ] GC(1517) ParOldGen: 11518K(349696K)->11570K(349696K)
[184.760s][info][gc,metaspace   ] GC(1517) Metaspace: 14387K(15232K)->14387K(15232K) NonClass: 12406K(12864K)->12406K(12864K) Class: 1981K(2368K)->1981K(2368K)
[184.760s][info][gc             ] GC(1517) Pause Young (Allocation Failure) 179M->12M(510M) 2.630ms
[184.760s][info][gc,cpu         ] GC(1517) User=0.00s Sys=0.00s Real=0.00s
[184.883s][info][gc,start       ] GC(1518) Pause Young (Allocation Failure)
[184.885s][info][gc,heap        ] GC(1518) PSYoungGen: 172512K(173056K)->1024K(173056K) Eden: 171520K(171520K)->0K(171520K) From: 992K(1536K)->1024K(1536K)
[184.885s][info][gc,heap        ] GC(1518) ParOldGen: 11570K(349696K)->11642K(349696K)
[184.885s][info][gc,metaspace   ] GC(1518) Metaspace: 14387K(15232K)->14387K(15232K) NonClass: 12406K(12864K)->12406K(12864K) Class: 1981K(2368K)->1981K(2368K)
[184.885s][info][gc             ] GC(1518) Pause Young (Allocation Failure) 179M->12M(510M) 2.552ms
[184.885s][info][gc,cpu         ] GC(1518) User=0.00s Sys=0.00s Real=0.00s
[185.007s][info][gc,start       ] GC(1519) Pause Young (Allocation Failure)
[185.009s][info][gc,heap        ] GC(1519) PSYoungGen: 172544K(173056K)->1024K(173056K) Eden: 171520K(171520K)->0K(171520K) From: 1024K(1536K)->1024K(1536K)
[185.009s][info][gc,heap        ] GC(1519) ParOldGen: 11642K(349696K)->11706K(349696K)
[185.009s][info][gc,metaspace   ] GC(1519) Metaspace: 14387K(15232K)->14387K(15232K) NonClass: 12406K(12864K)->12406K(12864K) Class: 1981K(2368K)->1981K(2368K)
[185.010s][info][gc             ] GC(1519) Pause Young (Allocation Failure) 179M->12M(510M) 2.622ms
[185.010s][info][gc,cpu         ] GC(1519) User=0.00s Sys=0.00s Real=0.00s
[185.130s][info][gc,start       ] GC(1520) Pause Young (Allocation Failure)
[185.133s][info][gc,heap        ] GC(1520) PSYoungGen: 172544K(173056K)->1024K(173056K) Eden: 171520K(171520K)->0K(171520K) From: 1024K(1536K)->1024K(1536K)
[185.133s][info][gc,heap        ] GC(1520) ParOldGen: 11706K(349696K)->11746K(349696K)
[185.133s][info][gc,metaspace   ] GC(1520) Metaspace: 14387K(15232K)->14387K(15232K) NonClass: 12406K(12864K)->12406K(12864K) Class: 1981K(2368K)->1981K(2368K)
[185.133s][info][gc             ] GC(1520) Pause Young (Allocation Failure) 179M->12M(510M) 2.611ms
[185.133s][info][gc,cpu         ] GC(1520) User=0.00s Sys=0.00s Real=0.00s
[185.255s][info][gc,start       ] GC(1521) Pause Young (Allocation Failure)
[185.258s][info][gc,heap        ] GC(1521) PSYoungGen: 172544K(173056K)->1024K(173056K) Eden: 171520K(171520K)->0K(171520K) From: 1024K(1536K)->1024K(1536K)
[185.258s][info][gc,heap        ] GC(1521) ParOldGen: 11746K(349696K)->11802K(349696K)
[185.258s][info][gc,metaspace   ] GC(1521) Metaspace: 14387K(15232K)->14387K(15232K) NonClass: 12406K(12864K)->12406K(12864K) Class: 1981K(2368K)->1981K(2368K)
[185.258s][info][gc             ] GC(1521) Pause Young (Allocation Failure) 179M->12M(510M) 2.678ms
[185.258s][info][gc,cpu         ] GC(1521) User=0.00s Sys=0.00s Real=0.00s
[185.382s][info][gc,start       ] GC(1522) Pause Young (Allocation Failure)
[185.384s][info][gc,heap        ] GC(1522) PSYoungGen: 172544K(173056K)->1024K(173056K) Eden: 171520K(171520K)->0K(171520K) From: 1024K(1536K)->1024K(1536K)
[185.384s][info][gc,heap        ] GC(1522) ParOldGen: 11802K(349696K)->11850K(349696K)
[185.384s][info][gc,metaspace   ] GC(1522) Metaspace: 14387K(15232K)->14387K(15232K) NonClass: 12406K(12864K)->12406K(12864K) Class: 1981K(2368K)->1981K(2368K)
[185.385s][info][gc             ] GC(1522) Pause Young (Allocation Failure) 180M->12M(510M) 2.697ms
[185.385s][info][gc,cpu         ] GC(1522) User=0.00s Sys=0.00s Real=0.00s
[185.506s][info][gc,start       ] GC(1523) Pause Young (Allocation Failure)
[185.509s][info][gc,heap        ] GC(1523) PSYoungGen: 172544K(173056K)->1024K(173056K) Eden: 171520K(171520K)->0K(171520K) From: 1024K(1536K)->1024K(1536K)
[185.509s][info][gc,heap        ] GC(1523) ParOldGen: 11850K(349696K)->11914K(349696K)
[185.509s][info][gc,metaspace   ] GC(1523) Metaspace: 14387K(15232K)->14387K(15232K) NonClass: 12406K(12864K)->12406K(12864K) Class: 1981K(2368K)->1981K(2368K)
[185.509s][info][gc             ] GC(1523) Pause Young (Allocation Failure) 180M->12M(510M) 2.711ms
[185.509s][info][gc,cpu         ] GC(1523) User=0.00s Sys=0.00s Real=0.00s
[185.632s][info][gc,start       ] GC(1524) Pause Young (Allocation Failure)
[185.634s][info][gc,heap        ] GC(1524) PSYoungGen: 172544K(173056K)->1024K(173056K) Eden: 171520K(171520K)->0K(171520K) From: 1024K(1536K)->1024K(1536K)
[185.634s][info][gc,heap        ] GC(1524) ParOldGen: 11914K(349696K)->11978K(349696K)
[185.634s][info][gc,metaspace   ] GC(1524) Metaspace: 14387K(15232K)->14387K(15232K) NonClass: 12406K(12864K)->12406K(12864K) Class: 1981K(2368K)->1981K(2368K)
[185.634s][info][gc             ] GC(1524) Pause Young (Allocation Failure) 180M->12M(510M) 2.723ms
[185.634s][info][gc,cpu         ] GC(1524) User=0.00s Sys=0.00s Real=0.00s
[185.755s][info][gc,start       ] GC(1525) Pause Young (Allocation Failure)
[185.758s][info][gc,heap        ] GC(1525) PSYoungGen: 172544K(173056K)->992K(173056K) Eden: 171520K(171520K)->0K(171520K) From: 1024K(1536K)->992K(1536K)
[185.758s][info][gc,heap        ] GC(1525) ParOldGen: 11978K(349696K)->12042K(349696K)
[185.758s][info][gc,metaspace   ] GC(1525) Metaspace: 14387K(15232K)->14387K(15232K) NonClass: 12406K(12864K)->12406K(12864K) Class: 1981K(2368K)->1981K(2368K)
[185.758s][info][gc             ] GC(1525) Pause Young (Allocation Failure) 180M->12M(510M) 2.807ms
[185.758s][info][gc,cpu         ] GC(1525) User=0.00s Sys=0.00s Real=0.00s
[185.903s][info][gc,start       ] GC(1526) Pause Young (Allocation Failure)
[185.906s][info][gc,heap        ] GC(1526) PSYoungGen: 172512K(173056K)->1024K(173056K) Eden: 171520K(171520K)->0K(171520K) From: 992K(1536K)->1024K(1536K)
[185.906s][info][gc,heap        ] GC(1526) ParOldGen: 12042K(349696K)->12082K(349696K)
[185.906s][info][gc,metaspace   ] GC(1526) Metaspace: 14387K(15232K)->14387K(15232K) NonClass: 12406K(12864K)->12406K(12864K) Class: 1981K(2368K)->1981K(2368K)
[185.906s][info][gc             ] GC(1526) Pause Young (Allocation Failure) 180M->12M(510M) 2.887ms
[185.906s][info][gc,cpu         ] GC(1526) User=0.00s Sys=0.00s Real=0.00s
[186.034s][info][gc,start       ] GC(1527) Pause Young (Allocation Failure)
[186.037s][info][gc,heap        ] GC(1527) PSYoungGen: 172544K(173056K)->1024K(173056K) Eden: 171520K(171520K)->0K(171520K) From: 1024K(1536K)->1024K(1536K)
[186.037s][info][gc,heap        ] GC(1527) ParOldGen: 12082K(349696K)->12154K(349696K)
[186.037s][info][gc,metaspace   ] GC(1527) Metaspace: 14387K(15232K)->14387K(15232K) NonClass: 12406K(12864K)->12406K(12864K) Class: 1981K(2368K)->1981K(2368K)
[186.037s][info][gc             ] GC(1527) Pause Young (Allocation Failure) 180M->12M(510M) 2.617ms
[186.037s][info][gc,cpu         ] GC(1527) User=0.52s Sys=0.00s Real=0.00s
[186.164s][info][gc,start       ] GC(1528) Pause Young (Allocation Failure)
[186.166s][info][gc,heap        ] GC(1528) PSYoungGen: 172544K(173056K)->1024K(173056K) Eden: 171520K(171520K)->0K(171520K) From: 1024K(1536K)->1024K(1536K)
[186.166s][info][gc,heap        ] GC(1528) ParOldGen: 12154K(349696K)->12218K(349696K)
[186.166s][info][gc,metaspace   ] GC(1528) Metaspace: 14387K(15232K)->14387K(15232K) NonClass: 12406K(12864K)->12406K(12864K) Class: 1981K(2368K)->1981K(2368K)
[186.167s][info][gc             ] GC(1528) Pause Young (Allocation Failure) 180M->12M(510M) 2.548ms
[186.167s][info][gc,cpu         ] GC(1528) User=0.00s Sys=0.00s Real=0.00s
[186.298s][info][gc,start       ] GC(1529) Pause Young (Allocation Failure)
[186.301s][info][gc,heap        ] GC(1529) PSYoungGen: 172544K(173056K)->1024K(173056K) Eden: 171520K(171520K)->0K(171520K) From: 1024K(1536K)->1024K(1536K)
[186.301s][info][gc,heap        ] GC(1529) ParOldGen: 12218K(349696K)->12274K(349696K)
[186.301s][info][gc,metaspace   ] GC(1529) Metaspace: 14387K(15232K)->14387K(15232K) NonClass: 12406K(12864K)->12406K(12864K) Class: 1981K(2368K)->1981K(2368K)
[186.301s][info][gc             ] GC(1529) Pause Young (Allocation Failure) 180M->12M(510M) 2.449ms
[186.301s][info][gc,cpu         ] GC(1529) User=0.00s Sys=0.00s Real=0.00s
[186.434s][info][gc,start       ] GC(1530) Pause Young (Allocation Failure)
[186.436s][info][gc,heap        ] GC(1530) PSYoungGen: 172544K(173056K)->992K(173056K) Eden: 171520K(171520K)->0K(171520K) From: 1024K(1536K)->992K(1536K)
[186.436s][info][gc,heap        ] GC(1530) ParOldGen: 12274K(349696K)->12322K(349696K)
[186.436s][info][gc,metaspace   ] GC(1530) Metaspace: 14387K(15232K)->14387K(15232K) NonClass: 12406K(12864K)->12406K(12864K) Class: 1981K(2368K)->1981K(2368K)
[186.436s][info][gc             ] GC(1530) Pause Young (Allocation Failure) 180M->13M(510M) 2.301ms
[186.436s][info][gc,cpu         ] GC(1530) User=0.00s Sys=0.00s Real=0.00s
[186.559s][info][gc,start       ] GC(1531) Pause Young (Allocation Failure)
[186.561s][info][gc,heap        ] GC(1531) PSYoungGen: 172512K(173056K)->1024K(173056K) Eden: 171520K(171520K)->0K(171520K) From: 992K(1536K)->1024K(1536K)
[186.561s][info][gc,heap        ] GC(1531) ParOldGen: 12322K(349696K)->12370K(349696K)
[186.561s][info][gc,metaspace   ] GC(1531) Metaspace: 14387K(15232K)->14387K(15232K) NonClass: 12406K(12864K)->12406K(12864K) Class: 1981K(2368K)->1981K(2368K)
[186.561s][info][gc             ] GC(1531) Pause Young (Allocation Failure) 180M->13M(510M) 2.316ms
[186.561s][info][gc,cpu         ] GC(1531) User=0.00s Sys=0.00s Real=0.00s
[186.681s][info][gc,start       ] GC(1532) Pause Young (Allocation Failure)
[186.683s][info][gc,heap        ] GC(1532) PSYoungGen: 172544K(173056K)->1024K(173056K) Eden: 171520K(171520K)->0K(171520K) From: 1024K(1536K)->1024K(1536K)
[186.683s][info][gc,heap        ] GC(1532) ParOldGen: 12370K(349696K)->12442K(349696K)
[186.683s][info][gc,metaspace   ] GC(1532) Metaspace: 14387K(15232K)->14387K(15232K) NonClass: 12406K(12864K)->12406K(12864K) Class: 1981K(2368K)->1981K(2368K)
[186.683s][info][gc             ] GC(1532) Pause Young (Allocation Failure) 180M->13M(510M) 2.268ms
[186.683s][info][gc,cpu         ] GC(1532) User=0.00s Sys=0.00s Real=0.00s
[186.798s][info][gc,start       ] GC(1533) Pause Young (Allocation Failure)
[186.801s][info][gc,heap        ] GC(1533) PSYoungGen: 172544K(173056K)->1024K(173056K) Eden: 171520K(171520K)->0K(171520K) From: 1024K(1536K)->1024K(1536K)
[186.801s][info][gc,heap        ] GC(1533) ParOldGen: 12442K(349696K)->12482K(349696K)
[186.801s][info][gc,metaspace   ] GC(1533) Metaspace: 14387K(15232K)->14387K(15232K) NonClass: 12406K(12864K)->12406K(12864K) Class: 1981K(2368K)->1981K(2368K)
[186.801s][info][gc             ] GC(1533) Pause Young (Allocation Failure) 180M->13M(510M) 2.308ms
[186.801s][info][gc,cpu         ] GC(1533) User=0.52s Sys=0.00s Real=0.00s
[186.914s][info][gc,start       ] GC(1534) Pause Young (Allocation Failure)
[186.917s][info][gc,heap        ] GC(1534) PSYoungGen: 172544K(173056K)->1024K(173056K) Eden: 171520K(171520K)->0K(171520K) From: 1024K(1536K)->1024K(1536K)
[186.917s][info][gc,heap        ] GC(1534) ParOldGen: 12482K(349696K)->12530K(349696K)
[186.917s][info][gc,metaspace   ] GC(1534) Metaspace: 14387K(15232K)->14387K(15232K) NonClass: 12406K(12864K)->12406K(12864K) Class: 1981K(2368K)->1981K(2368K)
[186.917s][info][gc             ] GC(1534) Pause Young (Allocation Failure) 180M->13M(510M) 2.297ms
[186.917s][info][gc,cpu         ] GC(1534) User=0.00s Sys=0.00s Real=0.00s
[187.029s][info][gc,start       ] GC(1535) Pause Young (Allocation Failure)
[187.031s][info][gc,heap        ] GC(1535) PSYoungGen: 172544K(173056K)->1024K(173056K) Eden: 171520K(171520K)->0K(171520K) From: 1024K(1536K)->1024K(1536K)
[187.031s][info][gc,heap        ] GC(1535) ParOldGen: 12530K(349696K)->12578K(349696K)
[187.032s][info][gc,metaspace   ] GC(1535) Metaspace: 14387K(15232K)->14387K(15232K) NonClass: 12406K(12864K)->12406K(12864K) Class: 1981K(2368K)->1981K(2368K)
[187.032s][info][gc             ] GC(1535) Pause Young (Allocation Failure) 180M->13M(510M) 2.358ms
[187.032s][info][gc,cpu         ] GC(1535) User=0.00s Sys=0.00s Real=0.00s
[187.142s][info][gc,start       ] GC(1536) Pause Young (Allocation Failure)
[187.144s][info][gc,heap        ] GC(1536) PSYoungGen: 172544K(173056K)->1024K(173056K) Eden: 171520K(171520K)->0K(171520K) From: 1024K(1536K)->1024K(1536K)
[187.144s][info][gc,heap        ] GC(1536) ParOldGen: 12578K(349696K)->12642K(349696K)
[187.144s][info][gc,metaspace   ] GC(1536) Metaspace: 14387K(15232K)->14387K(15232K) NonClass: 12406K(12864K)->12406K(12864K) Class: 1981K(2368K)->1981K(2368K)
[187.144s][info][gc             ] GC(1536) Pause Young (Allocation Failure) 180M->13M(510M) 2.390ms
[187.144s][info][gc,cpu         ] GC(1536) User=0.00s Sys=0.00s Real=0.00s
[187.246s][info][gc,start       ] GC(1537) Pause Young (Allocation Failure)
[187.249s][info][gc,heap        ] GC(1537) PSYoungGen: 172544K(173056K)->864K(173056K) Eden: 171520K(171520K)->0K(171520K) From: 1024K(1536K)->864K(1536K)
[187.249s][info][gc,heap        ] GC(1537) ParOldGen: 12642K(349696K)->12674K(349696K)
[187.249s][info][gc,metaspace   ] GC(1537) Metaspace: 14387K(15232K)->14387K(15232K) NonClass: 12406K(12864K)->12406K(12864K) Class: 1981K(2368K)->1981K(2368K)
[187.249s][info][gc             ] GC(1537) Pause Young (Allocation Failure) 180M->13M(510M) 2.499ms
[187.249s][info][gc,cpu         ] GC(1537) User=0.00s Sys=0.00s Real=0.00s
[187.324s][info][gc,start       ] GC(1538) Pause Young (Allocation Failure)
[187.326s][info][gc,heap        ] GC(1538) PSYoungGen: 172384K(173056K)->800K(173056K) Eden: 171520K(171520K)->0K(171520K) From: 864K(1536K)->800K(1536K)
[187.327s][info][gc,heap        ] GC(1538) ParOldGen: 12674K(349696K)->12706K(349696K)
[187.327s][info][gc,metaspace   ] GC(1538) Metaspace: 14387K(15232K)->14387K(15232K) NonClass: 12406K(12864K)->12406K(12864K) Class: 1981K(2368K)->1981K(2368K)
[187.327s][info][gc             ] GC(1538) Pause Young (Allocation Failure) 180M->13M(510M) 2.511ms
[187.327s][info][gc,cpu         ] GC(1538) User=0.00s Sys=0.00s Real=0.00s
[187.390s][info][gc,start       ] GC(1539) Pause Young (Allocation Failure)
[187.392s][info][gc,heap        ] GC(1539) PSYoungGen: 172320K(173056K)->864K(173056K) Eden: 171520K(171520K)->0K(171520K) From: 800K(1536K)->864K(1536K)
[187.392s][info][gc,heap        ] GC(1539) ParOldGen: 12706K(349696K)->12746K(349696K)
[187.392s][info][gc,metaspace   ] GC(1539) Metaspace: 14387K(15232K)->14387K(15232K) NonClass: 12406K(12864K)->12406K(12864K) Class: 1981K(2368K)->1981K(2368K)
[187.392s][info][gc             ] GC(1539) Pause Young (Allocation Failure) 180M->13M(510M) 2.460ms
[187.392s][info][gc,cpu         ] GC(1539) User=0.00s Sys=0.00s Real=0.00s
[187.478s][info][gc,start       ] GC(1540) Pause Young (Allocation Failure)
[187.480s][info][gc,heap        ] GC(1540) PSYoungGen: 172384K(173056K)->576K(173056K) Eden: 171520K(171520K)->0K(171520K) From: 864K(1536K)->576K(1536K)
[187.480s][info][gc,heap        ] GC(1540) ParOldGen: 12746K(349696K)->12778K(349696K)
[187.480s][info][gc,metaspace   ] GC(1540) Metaspace: 14387K(15232K)->14387K(15232K) NonClass: 12406K(12864K)->12406K(12864K) Class: 1981K(2368K)->1981K(2368K)
[187.480s][info][gc             ] GC(1540) Pause Young (Allocation Failure) 180M->13M(510M) 2.421ms
[187.480s][info][gc,cpu         ] GC(1540) User=0.00s Sys=0.00s Real=0.00s
[187.675s][info][gc,start       ] GC(1541) Pause Young (System.gc())
[187.678s][info][gc,heap        ] GC(1541) PSYoungGen: 123828K(173056K)->256K(173056K) Eden: 123252K(171520K)->0K(171520K) From: 576K(1536K)->256K(1536K)
[187.678s][info][gc,heap        ] GC(1541) ParOldGen: 12778K(349696K)->12826K(349696K)
[187.678s][info][gc,metaspace   ] GC(1541) Metaspace: 14387K(15232K)->14387K(15232K) NonClass: 12406K(12864K)->12406K(12864K) Class: 1981K(2368K)->1981K(2368K)
[187.678s][info][gc             ] GC(1541) Pause Young (System.gc()) 133M->12M(510M) 2.815ms
[187.678s][info][gc,cpu         ] GC(1541) User=0.00s Sys=0.00s Real=0.00s
[187.678s][info][gc,start       ] GC(1542) Pause Full (System.gc())
[187.678s][info][gc,phases,start] GC(1542) Marking Phase
[187.691s][info][gc,phases      ] GC(1542) Marking Phase 12.656ms
[187.691s][info][gc,phases,start] GC(1542) Summary Phase
[187.691s][info][gc,phases      ] GC(1542) Summary Phase 0.027ms
[187.691s][info][gc,phases,start] GC(1542) Adjust Roots
[187.697s][info][gc,phases      ] GC(1542) Adjust Roots 5.485ms
[187.697s][info][gc,phases,start] GC(1542) Compaction Phase
[187.699s][info][gc,phases      ] GC(1542) Compaction Phase 1.797ms
[187.699s][info][gc,phases,start] GC(1542) Post Compact
[187.699s][info][gc,phases      ] GC(1542) Post Compact 0.235ms
[187.699s][info][gc,heap        ] GC(1542) PSYoungGen: 256K(173056K)->0K(173056K) Eden: 0K(171520K)->0K(171520K) From: 256K(1536K)->0K(1536K)
[187.699s][info][gc,heap        ] GC(1542) ParOldGen: 12826K(349696K)->5380K(349696K)
[187.699s][info][gc,metaspace   ] GC(1542) Metaspace: 14387K(15232K)->14387K(15232K) NonClass: 12406K(12864K)->12406K(12864K) Class: 1981K(2368K)->1981K(2368K)
[187.699s][info][gc             ] GC(1542) Pause Full (System.gc()) 12M->5M(510M) 20.539ms
[187.699s][info][gc,cpu         ] GC(1542) User=0.02s Sys=0.00s Real=0.02s
[187.846s][info][gc,start       ] GC(1543) Pause Young (Allocation Failure)
[187.849s][info][gc,heap        ] GC(1543) PSYoungGen: 171520K(173056K)->1536K(173056K) Eden: 171520K(171520K)->0K(171520K) From: 0K(1536K)->1536K(1536K)
[187.849s][info][gc,heap        ] GC(1543) ParOldGen: 5380K(349696K)->5618K(349696K)
[187.849s][info][gc,metaspace   ] GC(1543) Metaspace: 14390K(15232K)->14390K(15232K) NonClass: 12409K(12864K)->12409K(12864K) Class: 1981K(2368K)->1981K(2368K)
[187.849s][info][gc             ] GC(1543) Pause Young (Allocation Failure) 172M->6M(510M) 2.639ms
[187.849s][info][gc,cpu         ] GC(1543) User=0.52s Sys=0.00s Real=0.00s
[187.962s][info][gc,start       ] GC(1544) Pause Young (Allocation Failure)
[187.965s][info][gc,heap        ] GC(1544) PSYoungGen: 173056K(173056K)->1024K(173056K) Eden: 171520K(171520K)->0K(171520K) From: 1536K(1536K)->1024K(1536K)
[187.965s][info][gc,heap        ] GC(1544) ParOldGen: 5618K(349696K)->7106K(349696K)
[187.965s][info][gc,metaspace   ] GC(1544) Metaspace: 14390K(15232K)->14390K(15232K) NonClass: 12409K(12864K)->12409K(12864K) Class: 1981K(2368K)->1981K(2368K)
[187.965s][info][gc             ] GC(1544) Pause Young (Allocation Failure) 174M->7M(510M) 2.649ms
[187.965s][info][gc,cpu         ] GC(1544) User=0.00s Sys=0.00s Real=0.00s
[188.089s][info][gc,start       ] GC(1545) Pause Young (Allocation Failure)
[188.092s][info][gc,heap        ] GC(1545) PSYoungGen: 172544K(173056K)->1024K(173056K) Eden: 171520K(171520K)->0K(171520K) From: 1024K(1536K)->1024K(1536K)
[188.092s][info][gc,heap        ] GC(1545) ParOldGen: 7106K(349696K)->7154K(349696K)
[188.092s][info][gc,metaspace   ] GC(1545) Metaspace: 14390K(15232K)->14390K(15232K) NonClass: 12409K(12864K)->12409K(12864K) Class: 1981K(2368K)->1981K(2368K)
[188.092s][info][gc             ] GC(1545) Pause Young (Allocation Failure) 175M->7M(510M) 2.545ms
[188.092s][info][gc,cpu         ] GC(1545) User=0.00s Sys=0.00s Real=0.00s
[188.214s][info][gc,start       ] GC(1546) Pause Young (Allocation Failure)
[188.217s][info][gc,heap        ] GC(1546) PSYoungGen: 172544K(173056K)->1024K(173056K) Eden: 171520K(171520K)->0K(171520K) From: 1024K(1536K)->1024K(1536K)
[188.217s][info][gc,heap        ] GC(1546) ParOldGen: 7154K(349696K)->7226K(349696K)
[188.217s][info][gc,metaspace   ] GC(1546) Metaspace: 14390K(15232K)->14390K(15232K) NonClass: 12409K(12864K)->12409K(12864K) Class: 1981K(2368K)->1981K(2368K)
[188.217s][info][gc             ] GC(1546) Pause Young (Allocation Failure) 175M->8M(510M) 2.583ms
[188.217s][info][gc,cpu         ] GC(1546) User=0.00s Sys=0.00s Real=0.00s
[188.343s][info][gc,start       ] GC(1547) Pause Young (Allocation Failure)
[188.345s][info][gc,heap        ] GC(1547) PSYoungGen: 172544K(173056K)->1024K(173056K) Eden: 171520K(171520K)->0K(171520K) From: 1024K(1536K)->1024K(1536K)
[188.345s][info][gc,heap        ] GC(1547) ParOldGen: 7226K(349696K)->7266K(349696K)
[188.346s][info][gc,metaspace   ] GC(1547) Metaspace: 14390K(15232K)->14390K(15232K) NonClass: 12409K(12864K)->12409K(12864K) Class: 1981K(2368K)->1981K(2368K)
[188.346s][info][gc             ] GC(1547) Pause Young (Allocation Failure) 175M->8M(510M) 2.566ms
[188.346s][info][gc,cpu         ] GC(1547) User=0.00s Sys=0.00s Real=0.00s
[188.468s][info][gc,start       ] GC(1548) Pause Young (Allocation Failure)
[188.471s][info][gc,heap        ] GC(1548) PSYoungGen: 172544K(173056K)->1024K(173056K) Eden: 171520K(171520K)->0K(171520K) From: 1024K(1536K)->1024K(1536K)
[188.471s][info][gc,heap        ] GC(1548) ParOldGen: 7266K(349696K)->7314K(349696K)
[188.471s][info][gc,metaspace   ] GC(1548) Metaspace: 14390K(15232K)->14390K(15232K) NonClass: 12409K(12864K)->12409K(12864K) Class: 1981K(2368K)->1981K(2368K)
[188.471s][info][gc             ] GC(1548) Pause Young (Allocation Failure) 175M->8M(510M) 2.619ms
[188.471s][info][gc,cpu         ] GC(1548) User=0.00s Sys=0.00s Real=0.00s
[188.596s][info][gc,start       ] GC(1549) Pause Young (Allocation Failure)
[188.599s][info][gc,heap        ] GC(1549) PSYoungGen: 172544K(173056K)->1024K(173056K) Eden: 171520K(171520K)->0K(171520K) From: 1024K(1536K)->1024K(1536K)
[188.599s][info][gc,heap        ] GC(1549) ParOldGen: 7314K(349696K)->7370K(349696K)
[188.599s][info][gc,metaspace   ] GC(1549) Metaspace: 14390K(15232K)->14390K(15232K) NonClass: 12409K(12864K)->12409K(12864K) Class: 1981K(2368K)->1981K(2368K)
[188.599s][info][gc             ] GC(1549) Pause Young (Allocation Failure) 175M->8M(510M) 2.655ms
[188.599s][info][gc,cpu         ] GC(1549) User=0.52s Sys=0.00s Real=0.00s
[188.725s][info][gc,start       ] GC(1550) Pause Young (Allocation Failure)
[188.728s][info][gc,heap        ] GC(1550) PSYoungGen: 172544K(173056K)->1024K(173056K) Eden: 171520K(171520K)->0K(171520K) From: 1024K(1536K)->1024K(1536K)
[188.728s][info][gc,heap        ] GC(1550) ParOldGen: 7370K(349696K)->7434K(349696K)
[188.728s][info][gc,metaspace   ] GC(1550) Metaspace: 14390K(15232K)->14390K(15232K) NonClass: 12409K(12864K)->12409K(12864K) Class: 1981K(2368K)->1981K(2368K)
[188.728s][info][gc             ] GC(1550) Pause Young (Allocation Failure) 175M->8M(510M) 2.699ms
[188.728s][info][gc,cpu         ] GC(1550) User=0.00s Sys=0.00s Real=0.00s
[188.852s][info][gc,start       ] GC(1551) Pause Young (Allocation Failure)
[188.854s][info][gc,heap        ] GC(1551) PSYoungGen: 172544K(173056K)->1024K(173056K) Eden: 171520K(171520K)->0K(171520K) From: 1024K(1536K)->1024K(1536K)
[188.854s][info][gc,heap        ] GC(1551) ParOldGen: 7434K(349696K)->7490K(349696K)
[188.854s][info][gc,metaspace   ] GC(1551) Metaspace: 14390K(15232K)->14390K(15232K) NonClass: 12409K(12864K)->12409K(12864K) Class: 1981K(2368K)->1981K(2368K)
[188.854s][info][gc             ] GC(1551) Pause Young (Allocation Failure) 175M->8M(510M) 2.657ms
[188.854s][info][gc,cpu         ] GC(1551) User=0.00s Sys=0.00s Real=0.00s
[188.981s][info][gc,start       ] GC(1552) Pause Young (Allocation Failure)
[188.984s][info][gc,heap        ] GC(1552) PSYoungGen: 172544K(173056K)->992K(173056K) Eden: 171520K(171520K)->0K(171520K) From: 1024K(1536K)->992K(1536K)
[188.984s][info][gc,heap        ] GC(1552) ParOldGen: 7490K(349696K)->7562K(349696K)
[188.984s][info][gc,metaspace   ] GC(1552) Metaspace: 14390K(15232K)->14390K(15232K) NonClass: 12409K(12864K)->12409K(12864K) Class: 1981K(2368K)->1981K(2368K)
[188.984s][info][gc             ] GC(1552) Pause Young (Allocation Failure) 175M->8M(510M) 2.730ms
[188.984s][info][gc,cpu         ] GC(1552) User=0.00s Sys=0.00s Real=0.00s
[189.109s][info][gc,start       ] GC(1553) Pause Young (Allocation Failure)
[189.112s][info][gc,heap        ] GC(1553) PSYoungGen: 172512K(173056K)->1024K(173056K) Eden: 171520K(171520K)->0K(171520K) From: 992K(1536K)->1024K(1536K)
[189.112s][info][gc,heap        ] GC(1553) ParOldGen: 7562K(349696K)->7626K(349696K)
[189.112s][info][gc,metaspace   ] GC(1553) Metaspace: 14390K(15232K)->14390K(15232K) NonClass: 12409K(12864K)->12409K(12864K) Class: 1981K(2368K)->1981K(2368K)
[189.112s][info][gc             ] GC(1553) Pause Young (Allocation Failure) 175M->8M(510M) 2.767ms
[189.112s][info][gc,cpu         ] GC(1553) User=0.00s Sys=0.00s Real=0.00s
[189.237s][info][gc,start       ] GC(1554) Pause Young (Allocation Failure)
[189.239s][info][gc,heap        ] GC(1554) PSYoungGen: 172544K(173056K)->1024K(173056K) Eden: 171520K(171520K)->0K(171520K) From: 1024K(1536K)->1024K(1536K)
[189.239s][info][gc,heap        ] GC(1554) ParOldGen: 7626K(349696K)->7682K(349696K)
[189.239s][info][gc,metaspace   ] GC(1554) Metaspace: 14390K(15232K)->14390K(15232K) NonClass: 12409K(12864K)->12409K(12864K) Class: 1981K(2368K)->1981K(2368K)
[189.239s][info][gc             ] GC(1554) Pause Young (Allocation Failure) 175M->8M(510M) 2.776ms
[189.239s][info][gc,cpu         ] GC(1554) User=0.52s Sys=0.00s Real=0.00s
[189.364s][info][gc,start       ] GC(1555) Pause Young (Allocation Failure)
[189.366s][info][gc,heap        ] GC(1555) PSYoungGen: 172544K(173056K)->1024K(173056K) Eden: 171520K(171520K)->0K(171520K) From: 1024K(1536K)->1024K(1536K)
[189.366s][info][gc,heap        ] GC(1555) ParOldGen: 7682K(349696K)->7722K(349696K)
[189.366s][info][gc,metaspace   ] GC(1555) Metaspace: 14390K(15232K)->14390K(15232K) NonClass: 12409K(12864K)->12409K(12864K) Class: 1981K(2368K)->1981K(2368K)
[189.366s][info][gc             ] GC(1555) Pause Young (Allocation Failure) 176M->8M(510M) 2.736ms
[189.367s][info][gc,cpu         ] GC(1555) User=0.00s Sys=0.00s Real=0.00s
[189.557s][info][gc,start       ] GC(1556) Pause Young (Allocation Failure)
[189.561s][info][gc,heap        ] GC(1556) PSYoungGen: 172544K(173056K)->1024K(173056K) Eden: 171520K(171520K)->0K(171520K) From: 1024K(1536K)->1024K(1536K)
[189.561s][info][gc,heap        ] GC(1556) ParOldGen: 7722K(349696K)->7762K(349696K)
[189.561s][info][gc,metaspace   ] GC(1556) Metaspace: 14390K(15232K)->14390K(15232K) NonClass: 12409K(12864K)->12409K(12864K) Class: 1981K(2368K)->1981K(2368K)
[189.561s][info][gc             ] GC(1556) Pause Young (Allocation Failure) 176M->8M(510M) 3.633ms
[189.561s][info][gc,cpu         ] GC(1556) User=0.00s Sys=0.00s Real=0.00s
[189.697s][info][gc,start       ] GC(1557) Pause Young (Allocation Failure)
[189.699s][info][gc,heap        ] GC(1557) PSYoungGen: 172544K(173056K)->1024K(173056K) Eden: 171520K(171520K)->0K(171520K) From: 1024K(1536K)->1024K(1536K)
[189.699s][info][gc,heap        ] GC(1557) ParOldGen: 7762K(349696K)->7802K(349696K)
[189.699s][info][gc,metaspace   ] GC(1557) Metaspace: 14390K(15232K)->14390K(15232K) NonClass: 12409K(12864K)->12409K(12864K) Class: 1981K(2368K)->1981K(2368K)
[189.699s][info][gc             ] GC(1557) Pause Young (Allocation Failure) 176M->8M(510M) 2.716ms
[189.699s][info][gc,cpu         ] GC(1557) User=0.00s Sys=0.00s Real=0.00s
[189.827s][info][gc,start       ] GC(1558) Pause Young (Allocation Failure)
[189.830s][info][gc,heap        ] GC(1558) PSYoungGen: 172544K(173056K)->992K(173056K) Eden: 171520K(171520K)->0K(171520K) From: 1024K(1536K)->992K(1536K)
[189.830s][info][gc,heap        ] GC(1558) ParOldGen: 7802K(349696K)->7850K(349696K)
[189.830s][info][gc,metaspace   ] GC(1558) Metaspace: 14390K(15232K)->14390K(15232K) NonClass: 12409K(12864K)->12409K(12864K) Class: 1981K(2368K)->1981K(2368K)
[189.830s][info][gc             ] GC(1558) Pause Young (Allocation Failure) 176M->8M(510M) 2.628ms
[189.830s][info][gc,cpu         ] GC(1558) User=0.00s Sys=0.00s Real=0.00s
[189.967s][info][gc,start       ] GC(1559) Pause Young (Allocation Failure)
[189.969s][info][gc,heap        ] GC(1559) PSYoungGen: 172512K(173056K)->1024K(173056K) Eden: 171520K(171520K)->0K(171520K) From: 992K(1536K)->1024K(1536K)
[189.969s][info][gc,heap        ] GC(1559) ParOldGen: 7850K(349696K)->7914K(349696K)
[189.969s][info][gc,metaspace   ] GC(1559) Metaspace: 14390K(15232K)->14390K(15232K) NonClass: 12409K(12864K)->12409K(12864K) Class: 1981K(2368K)->1981K(2368K)
[189.969s][info][gc             ] GC(1559) Pause Young (Allocation Failure) 176M->8M(510M) 2.561ms
[189.969s][info][gc,cpu         ] GC(1559) User=0.00s Sys=0.00s Real=0.00s
[190.103s][info][gc,start       ] GC(1560) Pause Young (Allocation Failure)
[190.106s][info][gc,heap        ] GC(1560) PSYoungGen: 172544K(173056K)->1024K(173056K) Eden: 171520K(171520K)->0K(171520K) From: 1024K(1536K)->1024K(1536K)
[190.106s][info][gc,heap        ] GC(1560) ParOldGen: 7914K(349696K)->7978K(349696K)
[190.106s][info][gc,metaspace   ] GC(1560) Metaspace: 14390K(15232K)->14390K(15232K) NonClass: 12409K(12864K)->12409K(12864K) Class: 1981K(2368K)->1981K(2368K)
[190.106s][info][gc             ] GC(1560) Pause Young (Allocation Failure) 176M->8M(510M) 2.483ms
[190.106s][info][gc,cpu         ] GC(1560) User=0.00s Sys=0.00s Real=0.00s
[190.237s][info][gc,start       ] GC(1561) Pause Young (Allocation Failure)
[190.239s][info][gc,heap        ] GC(1561) PSYoungGen: 172544K(173056K)->960K(173056K) Eden: 171520K(171520K)->0K(171520K) From: 1024K(1536K)->960K(1536K)
[190.239s][info][gc,heap        ] GC(1561) ParOldGen: 7978K(349696K)->8026K(349696K)
[190.239s][info][gc,metaspace   ] GC(1561) Metaspace: 14390K(15232K)->14390K(15232K) NonClass: 12409K(12864K)->12409K(12864K) Class: 1981K(2368K)->1981K(2368K)
[190.239s][info][gc             ] GC(1561) Pause Young (Allocation Failure) 176M->8M(510M) 2.372ms
[190.239s][info][gc,cpu         ] GC(1561) User=0.00s Sys=0.00s Real=0.00s
[190.363s][info][gc,start       ] GC(1562) Pause Young (Allocation Failure)
[190.366s][info][gc,heap        ] GC(1562) PSYoungGen: 172480K(173056K)->1024K(173056K) Eden: 171520K(171520K)->0K(171520K) From: 960K(1536K)->1024K(1536K)
[190.366s][info][gc,heap        ] GC(1562) ParOldGen: 8026K(349696K)->8090K(349696K)
[190.366s][info][gc,metaspace   ] GC(1562) Metaspace: 14390K(15232K)->14390K(15232K) NonClass: 12409K(12864K)->12409K(12864K) Class: 1981K(2368K)->1981K(2368K)
[190.366s][info][gc             ] GC(1562) Pause Young (Allocation Failure) 176M->8M(510M) 2.389ms
[190.366s][info][gc,cpu         ] GC(1562) User=0.52s Sys=0.00s Real=0.00s
[190.490s][info][gc,start       ] GC(1563) Pause Young (Allocation Failure)
[190.493s][info][gc,heap        ] GC(1563) PSYoungGen: 172544K(173056K)->960K(173056K) Eden: 171520K(171520K)->0K(171520K) From: 1024K(1536K)->960K(1536K)
[190.493s][info][gc,heap        ] GC(1563) ParOldGen: 8090K(349696K)->8170K(349696K)
[190.493s][info][gc,metaspace   ] GC(1563) Metaspace: 14390K(15232K)->14390K(15232K) NonClass: 12409K(12864K)->12409K(12864K) Class: 1981K(2368K)->1981K(2368K)
[190.493s][info][gc             ] GC(1563) Pause Young (Allocation Failure) 176M->8M(510M) 2.384ms
[190.493s][info][gc,cpu         ] GC(1563) User=0.00s Sys=0.00s Real=0.00s
[190.617s][info][gc,start       ] GC(1564) Pause Young (Allocation Failure)
[190.619s][info][gc,heap        ] GC(1564) PSYoungGen: 172480K(173056K)->992K(173056K) Eden: 171520K(171520K)->0K(171520K) From: 960K(1536K)->992K(1536K)
[190.619s][info][gc,heap        ] GC(1564) ParOldGen: 8170K(349696K)->8258K(349696K)
[190.619s][info][gc,metaspace   ] GC(1564) Metaspace: 14390K(15232K)->14390K(15232K) NonClass: 12409K(12864K)->12409K(12864K) Class: 1981K(2368K)->1981K(2368K)
[190.619s][info][gc             ] GC(1564) Pause Young (Allocation Failure) 176M->9M(510M) 2.380ms
[190.619s][info][gc,cpu         ] GC(1564) User=0.00s Sys=0.00s Real=0.00s
[190.745s][info][gc,start       ] GC(1565) Pause Young (Allocation Failure)
[190.747s][info][gc,heap        ] GC(1565) PSYoungGen: 172511K(173056K)->1024K(173056K) Eden: 171519K(171520K)->0K(171520K) From: 992K(1536K)->1024K(1536K)
[190.747s][info][gc,heap        ] GC(1565) ParOldGen: 8258K(349696K)->8298K(349696K)
[190.747s][info][gc,metaspace   ] GC(1565) Metaspace: 14390K(15232K)->14390K(15232K) NonClass: 12409K(12864K)->12409K(12864K) Class: 1981K(2368K)->1981K(2368K)
[190.747s][info][gc             ] GC(1565) Pause Young (Allocation Failure) 176M->9M(510M) 2.394ms
[190.747s][info][gc,cpu         ] GC(1565) User=0.00s Sys=0.00s Real=0.00s
[190.873s][info][gc,start       ] GC(1566) Pause Young (Allocation Failure)
[190.876s][info][gc,heap        ] GC(1566) PSYoungGen: 172544K(173056K)->1024K(173056K) Eden: 171520K(171520K)->0K(171520K) From: 1024K(1536K)->1024K(1536K)
[190.876s][info][gc,heap        ] GC(1566) ParOldGen: 8298K(349696K)->8362K(349696K)
[190.876s][info][gc,metaspace   ] GC(1566) Metaspace: 14390K(15232K)->14390K(15232K) NonClass: 12409K(12864K)->12409K(12864K) Class: 1981K(2368K)->1981K(2368K)
[190.876s][info][gc             ] GC(1566) Pause Young (Allocation Failure) 176M->9M(510M) 2.461ms
[190.876s][info][gc,cpu         ] GC(1566) User=0.00s Sys=0.00s Real=0.00s
[191.003s][info][gc,start       ] GC(1567) Pause Young (Allocation Failure)
[191.005s][info][gc,heap        ] GC(1567) PSYoungGen: 172544K(173056K)->992K(173056K) Eden: 171520K(171520K)->0K(171520K) From: 1024K(1536K)->992K(1536K)
[191.005s][info][gc,heap        ] GC(1567) ParOldGen: 8362K(349696K)->8410K(349696K)
[191.005s][info][gc,metaspace   ] GC(1567) Metaspace: 14390K(15232K)->14390K(15232K) NonClass: 12409K(12864K)->12409K(12864K) Class: 1981K(2368K)->1981K(2368K)
[191.005s][info][gc             ] GC(1567) Pause Young (Allocation Failure) 176M->9M(510M) 2.419ms
[191.005s][info][gc,cpu         ] GC(1567) User=0.52s Sys=0.00s Real=0.00s
[191.131s][info][gc,start       ] GC(1568) Pause Young (Allocation Failure)
[191.134s][info][gc,heap        ] GC(1568) PSYoungGen: 172512K(173056K)->1024K(173056K) Eden: 171520K(171520K)->0K(171520K) From: 992K(1536K)->1024K(1536K)
[191.134s][info][gc,heap        ] GC(1568) ParOldGen: 8410K(349696K)->8450K(349696K)
[191.134s][info][gc,metaspace   ] GC(1568) Metaspace: 14390K(15232K)->14390K(15232K) NonClass: 12409K(12864K)->12409K(12864K) Class: 1981K(2368K)->1981K(2368K)
[191.134s][info][gc             ] GC(1568) Pause Young (Allocation Failure) 176M->9M(510M) 2.455ms
[191.134s][info][gc,cpu         ] GC(1568) User=0.00s Sys=0.00s Real=0.00s
[191.259s][info][gc,start       ] GC(1569) Pause Young (Allocation Failure)
[191.261s][info][gc,heap        ] GC(1569) PSYoungGen: 172544K(173056K)->992K(173056K) Eden: 171520K(171520K)->0K(171520K) From: 1024K(1536K)->992K(1536K)
[191.261s][info][gc,heap        ] GC(1569) ParOldGen: 8450K(349696K)->8506K(349696K)
[191.261s][info][gc,metaspace   ] GC(1569) Metaspace: 14390K(15232K)->14390K(15232K) NonClass: 12409K(12864K)->12409K(12864K) Class: 1981K(2368K)->1981K(2368K)
[191.261s][info][gc             ] GC(1569) Pause Young (Allocation Failure) 176M->9M(510M) 2.444ms
[191.261s][info][gc,cpu         ] GC(1569) User=0.00s Sys=0.00s Real=0.00s
[191.387s][info][gc,start       ] GC(1570) Pause Young (Allocation Failure)
[191.389s][info][gc,heap        ] GC(1570) PSYoungGen: 172512K(173056K)->1024K(173056K) Eden: 171520K(171520K)->0K(171520K) From: 992K(1536K)->1024K(1536K)
[191.389s][info][gc,heap        ] GC(1570) ParOldGen: 8506K(349696K)->8562K(349696K)
[191.389s][info][gc,metaspace   ] GC(1570) Metaspace: 14390K(15232K)->14390K(15232K) NonClass: 12409K(12864K)->12409K(12864K) Class: 1981K(2368K)->1981K(2368K)
[191.389s][info][gc             ] GC(1570) Pause Young (Allocation Failure) 176M->9M(510M) 2.522ms
[191.389s][info][gc,cpu         ] GC(1570) User=0.00s Sys=0.00s Real=0.00s
[191.514s][info][gc,start       ] GC(1571) Pause Young (Allocation Failure)
[191.516s][info][gc,heap        ] GC(1571) PSYoungGen: 172544K(173056K)->960K(173056K) Eden: 171520K(171520K)->0K(171520K) From: 1024K(1536K)->960K(1536K)
[191.517s][info][gc,heap        ] GC(1571) ParOldGen: 8562K(349696K)->8610K(349696K)
[191.517s][info][gc,metaspace   ] GC(1571) Metaspace: 14390K(15232K)->14390K(15232K) NonClass: 12409K(12864K)->12409K(12864K) Class: 1981K(2368K)->1981K(2368K)
[191.517s][info][gc             ] GC(1571) Pause Young (Allocation Failure) 176M->9M(510M) 2.591ms
[191.517s][info][gc,cpu         ] GC(1571) User=0.00s Sys=0.00s Real=0.00s
[191.643s][info][gc,start       ] GC(1572) Pause Young (Allocation Failure)
[191.645s][info][gc,heap        ] GC(1572) PSYoungGen: 172480K(173056K)->1024K(173056K) Eden: 171520K(171520K)->0K(171520K) From: 960K(1536K)->1024K(1536K)
[191.645s][info][gc,heap        ] GC(1572) ParOldGen: 8610K(349696K)->8666K(349696K)
[191.645s][info][gc,metaspace   ] GC(1572) Metaspace: 14390K(15232K)->14390K(15232K) NonClass: 12409K(12864K)->12409K(12864K) Class: 1981K(2368K)->1981K(2368K)
[191.645s][info][gc             ] GC(1572) Pause Young (Allocation Failure) 176M->9M(510M) 2.587ms
[191.645s][info][gc,cpu         ] GC(1572) User=0.52s Sys=0.00s Real=0.00s
[191.770s][info][gc,start       ] GC(1573) Pause Young (Allocation Failure)
[191.773s][info][gc,heap        ] GC(1573) PSYoungGen: 172544K(173056K)->1024K(173056K) Eden: 171520K(171520K)->0K(171520K) From: 1024K(1536K)->1024K(1536K)
[191.773s][info][gc,heap        ] GC(1573) ParOldGen: 8666K(349696K)->8730K(349696K)
[191.773s][info][gc,metaspace   ] GC(1573) Metaspace: 14390K(15232K)->14390K(15232K) NonClass: 12409K(12864K)->12409K(12864K) Class: 1981K(2368K)->1981K(2368K)
[191.773s][info][gc             ] GC(1573) Pause Young (Allocation Failure) 176M->9M(510M) 2.590ms
[191.773s][info][gc,cpu         ] GC(1573) User=0.00s Sys=0.00s Real=0.00s
[191.899s][info][gc,start       ] GC(1574) Pause Young (Allocation Failure)
[191.901s][info][gc,heap        ] GC(1574) PSYoungGen: 172544K(173056K)->1024K(173056K) Eden: 171520K(171520K)->0K(171520K) From: 1024K(1536K)->1024K(1536K)
[191.901s][info][gc,heap        ] GC(1574) ParOldGen: 8730K(349696K)->8778K(349696K)
[191.901s][info][gc,metaspace   ] GC(1574) Metaspace: 14390K(15232K)->14390K(15232K) NonClass: 12409K(12864K)->12409K(12864K) Class: 1981K(2368K)->1981K(2368K)
[191.901s][info][gc             ] GC(1574) Pause Young (Allocation Failure) 177M->9M(510M) 2.626ms
[191.901s][info][gc,cpu         ] GC(1574) User=0.00s Sys=0.00s Real=0.00s
[192.026s][info][gc,start       ] GC(1575) Pause Young (Allocation Failure)
[192.028s][info][gc,heap        ] GC(1575) PSYoungGen: 172544K(173056K)->1024K(173056K) Eden: 171520K(171520K)->0K(171520K) From: 1024K(1536K)->1024K(1536K)
[192.028s][info][gc,heap        ] GC(1575) ParOldGen: 8778K(349696K)->8826K(349696K)
[192.028s][info][gc,metaspace   ] GC(1575) Metaspace: 14390K(15232K)->14390K(15232K) NonClass: 12409K(12864K)->12409K(12864K) Class: 1981K(2368K)->1981K(2368K)
[192.028s][info][gc             ] GC(1575) Pause Young (Allocation Failure) 177M->9M(510M) 2.642ms
[192.028s][info][gc,cpu         ] GC(1575) User=0.00s Sys=0.00s Real=0.00s
[192.155s][info][gc,start       ] GC(1576) Pause Young (Allocation Failure)
[192.157s][info][gc,heap        ] GC(1576) PSYoungGen: 172544K(173056K)->992K(173056K) Eden: 171520K(171520K)->0K(171520K) From: 1024K(1536K)->992K(1536K)
[192.157s][info][gc,heap        ] GC(1576) ParOldGen: 8826K(349696K)->8874K(349696K)
[192.157s][info][gc,metaspace   ] GC(1576) Metaspace: 14390K(15232K)->14390K(15232K) NonClass: 12409K(12864K)->12409K(12864K) Class: 1981K(2368K)->1981K(2368K)
[192.157s][info][gc             ] GC(1576) Pause Young (Allocation Failure) 177M->9M(510M) 2.695ms
[192.157s][info][gc,cpu         ] GC(1576) User=0.00s Sys=0.00s Real=0.00s
[192.284s][info][gc,start       ] GC(1577) Pause Young (Allocation Failure)
[192.287s][info][gc,heap        ] GC(1577) PSYoungGen: 172512K(173056K)->960K(173056K) Eden: 171520K(171520K)->0K(171520K) From: 992K(1536K)->960K(1536K)
[192.287s][info][gc,heap        ] GC(1577) ParOldGen: 8874K(349696K)->8930K(349696K)
[192.287s][info][gc,metaspace   ] GC(1577) Metaspace: 14390K(15232K)->14390K(15232K) NonClass: 12409K(12864K)->12409K(12864K) Class: 1981K(2368K)->1981K(2368K)
[192.287s][info][gc             ] GC(1577) Pause Young (Allocation Failure) 177M->9M(510M) 2.691ms
[192.287s][info][gc,cpu         ] GC(1577) User=0.52s Sys=0.00s Real=0.00s
[192.411s][info][gc,start       ] GC(1578) Pause Young (Allocation Failure)
[192.414s][info][gc,heap        ] GC(1578) PSYoungGen: 172480K(173056K)->992K(173056K) Eden: 171520K(171520K)->0K(171520K) From: 960K(1536K)->992K(1536K)
[192.414s][info][gc,heap        ] GC(1578) ParOldGen: 8930K(349696K)->8986K(349696K)
[192.414s][info][gc,metaspace   ] GC(1578) Metaspace: 14390K(15232K)->14390K(15232K) NonClass: 12409K(12864K)->12409K(12864K) Class: 1981K(2368K)->1981K(2368K)
[192.414s][info][gc             ] GC(1578) Pause Young (Allocation Failure) 177M->9M(510M) 2.760ms
[192.414s][info][gc,cpu         ] GC(1578) User=0.00s Sys=0.00s Real=0.00s
[192.537s][info][gc,start       ] GC(1579) Pause Young (Allocation Failure)
[192.540s][info][gc,heap        ] GC(1579) PSYoungGen: 172512K(173056K)->1024K(173056K) Eden: 171520K(171520K)->0K(171520K) From: 992K(1536K)->1024K(1536K)
[192.540s][info][gc,heap        ] GC(1579) ParOldGen: 8986K(349696K)->9042K(349696K)
[192.540s][info][gc,metaspace   ] GC(1579) Metaspace: 14390K(15232K)->14390K(15232K) NonClass: 12409K(12864K)->12409K(12864K) Class: 1981K(2368K)->1981K(2368K)
[192.540s][info][gc             ] GC(1579) Pause Young (Allocation Failure) 177M->9M(510M) 2.707ms
[192.540s][info][gc,cpu         ] GC(1579) User=0.00s Sys=0.00s Real=0.00s
[192.665s][info][gc,start       ] GC(1580) Pause Young (Allocation Failure)
[192.667s][info][gc,heap        ] GC(1580) PSYoungGen: 172544K(173056K)->1024K(173056K) Eden: 171520K(171520K)->0K(171520K) From: 1024K(1536K)->1024K(1536K)
[192.667s][info][gc,heap        ] GC(1580) ParOldGen: 9042K(349696K)->9090K(349696K)
[192.667s][info][gc,metaspace   ] GC(1580) Metaspace: 14390K(15232K)->14390K(15232K) NonClass: 12409K(12864K)->12409K(12864K) Class: 1981K(2368K)->1981K(2368K)
[192.667s][info][gc             ] GC(1580) Pause Young (Allocation Failure) 177M->9M(510M) 2.713ms
[192.667s][info][gc,cpu         ] GC(1580) User=0.00s Sys=0.00s Real=0.00s
[192.794s][info][gc,start       ] GC(1581) Pause Young (Allocation Failure)
[192.797s][info][gc,heap        ] GC(1581) PSYoungGen: 172544K(173056K)->992K(173056K) Eden: 171520K(171520K)->0K(171520K) From: 1024K(1536K)->992K(1536K)
[192.797s][info][gc,heap        ] GC(1581) ParOldGen: 9090K(349696K)->9138K(349696K)
[192.797s][info][gc,metaspace   ] GC(1581) Metaspace: 14390K(15232K)->14390K(15232K) NonClass: 12409K(12864K)->12409K(12864K) Class: 1981K(2368K)->1981K(2368K)
[192.797s][info][gc             ] GC(1581) Pause Young (Allocation Failure) 177M->9M(510M) 2.787ms
[192.797s][info][gc,cpu         ] GC(1581) User=0.00s Sys=0.00s Real=0.00s
[192.919s][info][gc,start       ] GC(1582) Pause Young (Allocation Failure)
[192.922s][info][gc,heap        ] GC(1582) PSYoungGen: 172512K(173056K)->1024K(173056K) Eden: 171520K(171520K)->0K(171520K) From: 992K(1536K)->1024K(1536K)
[192.922s][info][gc,heap        ] GC(1582) ParOldGen: 9138K(349696K)->9194K(349696K)
[192.922s][info][gc,metaspace   ] GC(1582) Metaspace: 14390K(15232K)->14390K(15232K) NonClass: 12409K(12864K)->12409K(12864K) Class: 1981K(2368K)->1981K(2368K)
[192.922s][info][gc             ] GC(1582) Pause Young (Allocation Failure) 177M->9M(510M) 2.823ms
[192.922s][info][gc,cpu         ] GC(1582) User=0.00s Sys=0.00s Real=0.00s
[193.049s][info][gc,start       ] GC(1583) Pause Young (Allocation Failure)
[193.052s][info][gc,heap        ] GC(1583) PSYoungGen: 172544K(173056K)->1024K(173056K) Eden: 171520K(171520K)->0K(171520K) From: 1024K(1536K)->1024K(1536K)
[193.052s][info][gc,heap        ] GC(1583) ParOldGen: 9194K(349696K)->9250K(349696K)
[193.052s][info][gc,metaspace   ] GC(1583) Metaspace: 14390K(15232K)->14390K(15232K) NonClass: 12409K(12864K)->12409K(12864K) Class: 1981K(2368K)->1981K(2368K)
[193.052s][info][gc             ] GC(1583) Pause Young (Allocation Failure) 177M->10M(510M) 2.826ms
[193.052s][info][gc,cpu         ] GC(1583) User=0.52s Sys=0.00s Real=0.00s
[193.178s][info][gc,start       ] GC(1584) Pause Young (Allocation Failure)
[193.181s][info][gc,heap        ] GC(1584) PSYoungGen: 172544K(173056K)->1024K(173056K) Eden: 171520K(171520K)->0K(171520K) From: 1024K(1536K)->1024K(1536K)
[193.181s][info][gc,heap        ] GC(1584) ParOldGen: 9250K(349696K)->9314K(349696K)
[193.181s][info][gc,metaspace   ] GC(1584) Metaspace: 14390K(15232K)->14390K(15232K) NonClass: 12409K(12864K)->12409K(12864K) Class: 1981K(2368K)->1981K(2368K)
[193.181s][info][gc             ] GC(1584) Pause Young (Allocation Failure) 177M->10M(510M) 2.838ms
[193.181s][info][gc,cpu         ] GC(1584) User=0.00s Sys=0.00s Real=0.00s
[193.405s][info][gc,start       ] GC(1585) Pause Young (Allocation Failure)
[193.409s][info][gc,heap        ] GC(1585) PSYoungGen: 172544K(173056K)->992K(173056K) Eden: 171520K(171520K)->0K(171520K) From: 1024K(1536K)->992K(1536K)
[193.409s][info][gc,heap        ] GC(1585) ParOldGen: 9314K(349696K)->9362K(349696K)
[193.409s][info][gc,metaspace   ] GC(1585) Metaspace: 14390K(15232K)->14390K(15232K) NonClass: 12409K(12864K)->12409K(12864K) Class: 1981K(2368K)->1981K(2368K)
[193.409s][info][gc             ] GC(1585) Pause Young (Allocation Failure) 177M->10M(510M) 3.764ms
[193.409s][info][gc,cpu         ] GC(1585) User=0.00s Sys=0.00s Real=0.00s
[193.544s][info][gc,start       ] GC(1586) Pause Young (Allocation Failure)
[193.547s][info][gc,heap        ] GC(1586) PSYoungGen: 172512K(173056K)->992K(173056K) Eden: 171520K(171520K)->0K(171520K) From: 992K(1536K)->992K(1536K)
[193.547s][info][gc,heap        ] GC(1586) ParOldGen: 9362K(349696K)->9394K(349696K)
[193.547s][info][gc,metaspace   ] GC(1586) Metaspace: 14390K(15232K)->14390K(15232K) NonClass: 12409K(12864K)->12409K(12864K) Class: 1981K(2368K)->1981K(2368K)
[193.547s][info][gc             ] GC(1586) Pause Young (Allocation Failure) 177M->10M(510M) 2.671ms
[193.547s][info][gc,cpu         ] GC(1586) User=0.00s Sys=0.00s Real=0.00s
[193.676s][info][gc,start       ] GC(1587) Pause Young (Allocation Failure)
[193.679s][info][gc,heap        ] GC(1587) PSYoungGen: 172512K(173056K)->1024K(173056K) Eden: 171520K(171520K)->0K(171520K) From: 992K(1536K)->1024K(1536K)
[193.679s][info][gc,heap        ] GC(1587) ParOldGen: 9394K(349696K)->9458K(349696K)
[193.679s][info][gc,metaspace   ] GC(1587) Metaspace: 14390K(15232K)->14390K(15232K) NonClass: 12409K(12864K)->12409K(12864K) Class: 1981K(2368K)->1981K(2368K)
[193.679s][info][gc             ] GC(1587) Pause Young (Allocation Failure) 177M->10M(510M) 2.577ms
[193.679s][info][gc,cpu         ] GC(1587) User=0.00s Sys=0.00s Real=0.00s
[193.818s][info][gc,start       ] GC(1588) Pause Young (Allocation Failure)
[193.820s][info][gc,heap        ] GC(1588) PSYoungGen: 172544K(173056K)->1024K(173056K) Eden: 171520K(171520K)->0K(171520K) From: 1024K(1536K)->1024K(1536K)
[193.820s][info][gc,heap        ] GC(1588) ParOldGen: 9458K(349696K)->9530K(349696K)
[193.820s][info][gc,metaspace   ] GC(1588) Metaspace: 14390K(15232K)->14390K(15232K) NonClass: 12409K(12864K)->12409K(12864K) Class: 1981K(2368K)->1981K(2368K)
[193.820s][info][gc             ] GC(1588) Pause Young (Allocation Failure) 177M->10M(510M) 2.507ms
[193.820s][info][gc,cpu         ] GC(1588) User=0.00s Sys=0.00s Real=0.00s
[193.951s][info][gc,start       ] GC(1589) Pause Young (Allocation Failure)
[193.954s][info][gc,heap        ] GC(1589) PSYoungGen: 172544K(173056K)->1024K(173056K) Eden: 171520K(171520K)->0K(171520K) From: 1024K(1536K)->1024K(1536K)
[193.954s][info][gc,heap        ] GC(1589) ParOldGen: 9530K(349696K)->9578K(349696K)
[193.954s][info][gc,metaspace   ] GC(1589) Metaspace: 14390K(15232K)->14390K(15232K) NonClass: 12409K(12864K)->12409K(12864K) Class: 1981K(2368K)->1981K(2368K)
[193.954s][info][gc             ] GC(1589) Pause Young (Allocation Failure) 177M->10M(510M) 2.429ms
[193.954s][info][gc,cpu         ] GC(1589) User=0.00s Sys=0.00s Real=0.00s
[194.079s][info][gc,start       ] GC(1590) Pause Young (Allocation Failure)
[194.082s][info][gc,heap        ] GC(1590) PSYoungGen: 172544K(173056K)->1024K(173056K) Eden: 171520K(171520K)->0K(171520K) From: 1024K(1536K)->1024K(1536K)
[194.082s][info][gc,heap        ] GC(1590) ParOldGen: 9578K(349696K)->9618K(349696K)
[194.082s][info][gc,metaspace   ] GC(1590) Metaspace: 14390K(15232K)->14390K(15232K) NonClass: 12409K(12864K)->12409K(12864K) Class: 1981K(2368K)->1981K(2368K)
[194.082s][info][gc             ] GC(1590) Pause Young (Allocation Failure) 177M->10M(510M) 2.414ms
[194.082s][info][gc,cpu         ] GC(1590) User=0.00s Sys=0.00s Real=0.00s
[194.205s][info][gc,start       ] GC(1591) Pause Young (Allocation Failure)
[194.208s][info][gc,heap        ] GC(1591) PSYoungGen: 172544K(173056K)->960K(173056K) Eden: 171520K(171520K)->0K(171520K) From: 1024K(1536K)->960K(1536K)
[194.208s][info][gc,heap        ] GC(1591) ParOldGen: 9618K(349696K)->9666K(349696K)
[194.208s][info][gc,metaspace   ] GC(1591) Metaspace: 14390K(15232K)->14390K(15232K) NonClass: 12409K(12864K)->12409K(12864K) Class: 1981K(2368K)->1981K(2368K)
[194.208s][info][gc             ] GC(1591) Pause Young (Allocation Failure) 177M->10M(510M) 2.374ms
[194.208s][info][gc,cpu         ] GC(1591) User=0.52s Sys=0.00s Real=0.00s
[194.332s][info][gc,start       ] GC(1592) Pause Young (Allocation Failure)
[194.334s][info][gc,heap        ] GC(1592) PSYoungGen: 172480K(173056K)->1024K(173056K) Eden: 171520K(171520K)->0K(171520K) From: 960K(1536K)->1024K(1536K)
[194.334s][info][gc,heap        ] GC(1592) ParOldGen: 9666K(349696K)->9746K(349696K)
[194.334s][info][gc,metaspace   ] GC(1592) Metaspace: 14390K(15232K)->14390K(15232K) NonClass: 12409K(12864K)->12409K(12864K) Class: 1981K(2368K)->1981K(2368K)
[194.334s][info][gc             ] GC(1592) Pause Young (Allocation Failure) 177M->10M(510M) 2.389ms
[194.334s][info][gc,cpu         ] GC(1592) User=0.00s Sys=0.00s Real=0.00s
[194.458s][info][gc,start       ] GC(1593) Pause Young (Allocation Failure)
[194.460s][info][gc,heap        ] GC(1593) PSYoungGen: 172544K(173056K)->992K(173056K) Eden: 171520K(171520K)->0K(171520K) From: 1024K(1536K)->992K(1536K)
[194.460s][info][gc,heap        ] GC(1593) ParOldGen: 9746K(349696K)->9794K(349696K)
[194.460s][info][gc,metaspace   ] GC(1593) Metaspace: 14390K(15232K)->14390K(15232K) NonClass: 12409K(12864K)->12409K(12864K) Class: 1981K(2368K)->1981K(2368K)
[194.460s][info][gc             ] GC(1593) Pause Young (Allocation Failure) 178M->10M(510M) 2.364ms
[194.461s][info][gc,cpu         ] GC(1593) User=0.00s Sys=0.00s Real=0.00s
[194.586s][info][gc,start       ] GC(1594) Pause Young (Allocation Failure)
[194.588s][info][gc,heap        ] GC(1594) PSYoungGen: 172512K(173056K)->1024K(173056K) Eden: 171520K(171520K)->0K(171520K) From: 992K(1536K)->1024K(1536K)
[194.588s][info][gc,heap        ] GC(1594) ParOldGen: 9794K(349696K)->9850K(349696K)
[194.588s][info][gc,metaspace   ] GC(1594) Metaspace: 14390K(15232K)->14390K(15232K) NonClass: 12409K(12864K)->12409K(12864K) Class: 1981K(2368K)->1981K(2368K)
[194.588s][info][gc             ] GC(1594) Pause Young (Allocation Failure) 178M->10M(510M) 2.376ms
[194.588s][info][gc,cpu         ] GC(1594) User=0.00s Sys=0.00s Real=0.00s
[194.714s][info][gc,start       ] GC(1595) Pause Young (Allocation Failure)
[194.716s][info][gc,heap        ] GC(1595) PSYoungGen: 172544K(173056K)->1024K(173056K) Eden: 171520K(171520K)->0K(171520K) From: 1024K(1536K)->1024K(1536K)
[194.717s][info][gc,heap        ] GC(1595) ParOldGen: 9850K(349696K)->9914K(349696K)
[194.717s][info][gc,metaspace   ] GC(1595) Metaspace: 14390K(15232K)->14390K(15232K) NonClass: 12409K(12864K)->12409K(12864K) Class: 1981K(2368K)->1981K(2368K)
[194.717s][info][gc             ] GC(1595) Pause Young (Allocation Failure) 178M->10M(510M) 2.454ms
[194.717s][info][gc,cpu         ] GC(1595) User=0.00s Sys=0.00s Real=0.00s
[194.840s][info][gc,start       ] GC(1596) Pause Young (Allocation Failure)
[194.843s][info][gc,heap        ] GC(1596) PSYoungGen: 172544K(173056K)->1024K(173056K) Eden: 171520K(171520K)->0K(171520K) From: 1024K(1536K)->1024K(1536K)
[194.843s][info][gc,heap        ] GC(1596) ParOldGen: 9914K(349696K)->9970K(349696K)
[194.843s][info][gc,metaspace   ] GC(1596) Metaspace: 14390K(15232K)->14390K(15232K) NonClass: 12409K(12864K)->12409K(12864K) Class: 1981K(2368K)->1981K(2368K)
[194.843s][info][gc             ] GC(1596) Pause Young (Allocation Failure) 178M->10M(510M) 2.543ms
[194.843s][info][gc,cpu         ] GC(1596) User=0.00s Sys=0.00s Real=0.00s
[194.967s][info][gc,start       ] GC(1597) Pause Young (Allocation Failure)
[194.970s][info][gc,heap        ] GC(1597) PSYoungGen: 172544K(173056K)->928K(173056K) Eden: 171520K(171520K)->0K(171520K) From: 1024K(1536K)->928K(1536K)
[194.970s][info][gc,heap        ] GC(1597) ParOldGen: 9970K(349696K)->10018K(349696K)
[194.970s][info][gc,metaspace   ] GC(1597) Metaspace: 14390K(15232K)->14390K(15232K) NonClass: 12409K(12864K)->12409K(12864K) Class: 1981K(2368K)->1981K(2368K)
[194.970s][info][gc             ] GC(1597) Pause Young (Allocation Failure) 178M->10M(510M) 2.497ms
[194.970s][info][gc,cpu         ] GC(1597) User=0.00s Sys=0.00s Real=0.00s
[195.093s][info][gc,start       ] GC(1598) Pause Young (Allocation Failure)
[195.095s][info][gc,heap        ] GC(1598) PSYoungGen: 172448K(173056K)->1024K(173056K) Eden: 171520K(171520K)->0K(171520K) From: 928K(1536K)->1024K(1536K)
[195.095s][info][gc,heap        ] GC(1598) ParOldGen: 10018K(349696K)->10066K(349696K)
[195.095s][info][gc,metaspace   ] GC(1598) Metaspace: 14390K(15232K)->14390K(15232K) NonClass: 12409K(12864K)->12409K(12864K) Class: 1981K(2368K)->1981K(2368K)
[195.095s][info][gc             ] GC(1598) Pause Young (Allocation Failure) 178M->10M(510M) 2.569ms
[195.095s][info][gc,cpu         ] GC(1598) User=0.00s Sys=0.00s Real=0.00s
[195.222s][info][gc,start       ] GC(1599) Pause Young (Allocation Failure)
[195.224s][info][gc,heap        ] GC(1599) PSYoungGen: 172544K(173056K)->1024K(173056K) Eden: 171520K(171520K)->0K(171520K) From: 1024K(1536K)->1024K(1536K)
[195.224s][info][gc,heap        ] GC(1599) ParOldGen: 10066K(349696K)->10122K(349696K)
[195.224s][info][gc,metaspace   ] GC(1599) Metaspace: 14390K(15232K)->14390K(15232K) NonClass: 12409K(12864K)->12409K(12864K) Class: 1981K(2368K)->1981K(2368K)
[195.224s][info][gc             ] GC(1599) Pause Young (Allocation Failure) 178M->10M(510M) 2.539ms
[195.224s][info][gc,cpu         ] GC(1599) User=0.52s Sys=0.00s Real=0.00s
[195.349s][info][gc,start       ] GC(1600) Pause Young (Allocation Failure)
[195.352s][info][gc,heap        ] GC(1600) PSYoungGen: 172544K(173056K)->1024K(173056K) Eden: 171520K(171520K)->0K(171520K) From: 1024K(1536K)->1024K(1536K)
[195.352s][info][gc,heap        ] GC(1600) ParOldGen: 10122K(349696K)->10186K(349696K)
[195.352s][info][gc,metaspace   ] GC(1600) Metaspace: 14390K(15232K)->14390K(15232K) NonClass: 12409K(12864K)->12409K(12864K) Class: 1981K(2368K)->1981K(2368K)
[195.352s][info][gc             ] GC(1600) Pause Young (Allocation Failure) 178M->10M(510M) 2.601ms
[195.352s][info][gc,cpu         ] GC(1600) User=0.00s Sys=0.00s Real=0.00s
[195.477s][info][gc,start       ] GC(1601) Pause Young (Allocation Failure)
[195.480s][info][gc,heap        ] GC(1601) PSYoungGen: 172544K(173056K)->992K(173056K) Eden: 171520K(171520K)->0K(171520K) From: 1024K(1536K)->992K(1536K)
[195.480s][info][gc,heap        ] GC(1601) ParOldGen: 10186K(349696K)->10218K(349696K)
[195.480s][info][gc,metaspace   ] GC(1601) Metaspace: 14390K(15232K)->14390K(15232K) NonClass: 12409K(12864K)->12409K(12864K) Class: 1981K(2368K)->1981K(2368K)
[195.480s][info][gc             ] GC(1601) Pause Young (Allocation Failure) 178M->10M(510M) 2.603ms
[195.480s][info][gc,cpu         ] GC(1601) User=0.00s Sys=0.00s Real=0.00s
[195.606s][info][gc,start       ] GC(1602) Pause Young (Allocation Failure)
[195.609s][info][gc,heap        ] GC(1602) PSYoungGen: 172512K(173056K)->1024K(173056K) Eden: 171520K(171520K)->0K(171520K) From: 992K(1536K)->1024K(1536K)
[195.609s][info][gc,heap        ] GC(1602) ParOldGen: 10218K(349696K)->10282K(349696K)
[195.609s][info][gc,metaspace   ] GC(1602) Metaspace: 14390K(15232K)->14390K(15232K) NonClass: 12409K(12864K)->12409K(12864K) Class: 1981K(2368K)->1981K(2368K)
[195.609s][info][gc             ] GC(1602) Pause Young (Allocation Failure) 178M->11M(510M) 2.620ms
[195.609s][info][gc,cpu         ] GC(1602) User=0.00s Sys=0.00s Real=0.00s
[195.734s][info][gc,start       ] GC(1603) Pause Young (Allocation Failure)
[195.736s][info][gc,heap        ] GC(1603) PSYoungGen: 172544K(173056K)->1024K(173056K) Eden: 171520K(171520K)->0K(171520K) From: 1024K(1536K)->1024K(1536K)
[195.736s][info][gc,heap        ] GC(1603) ParOldGen: 10282K(349696K)->10338K(349696K)
[195.736s][info][gc,metaspace   ] GC(1603) Metaspace: 14390K(15232K)->14390K(15232K) NonClass: 12409K(12864K)->12409K(12864K) Class: 1981K(2368K)->1981K(2368K)
[195.736s][info][gc             ] GC(1603) Pause Young (Allocation Failure) 178M->11M(510M) 2.684ms
[195.736s][info][gc,cpu         ] GC(1603) User=0.00s Sys=0.00s Real=0.00s
[195.861s][info][gc,start       ] GC(1604) Pause Young (Allocation Failure)
[195.863s][info][gc,heap        ] GC(1604) PSYoungGen: 172544K(173056K)->1024K(173056K) Eden: 171520K(171520K)->0K(171520K) From: 1024K(1536K)->1024K(1536K)
[195.863s][info][gc,heap        ] GC(1604) ParOldGen: 10338K(349696K)->10394K(349696K)
[195.863s][info][gc,metaspace   ] GC(1604) Metaspace: 14390K(15232K)->14390K(15232K) NonClass: 12409K(12864K)->12409K(12864K) Class: 1981K(2368K)->1981K(2368K)
[195.863s][info][gc             ] GC(1604) Pause Young (Allocation Failure) 178M->11M(510M) 2.664ms
[195.863s][info][gc,cpu         ] GC(1604) User=0.00s Sys=0.00s Real=0.00s
[195.986s][info][gc,start       ] GC(1605) Pause Young (Allocation Failure)
[195.989s][info][gc,heap        ] GC(1605) PSYoungGen: 172544K(173056K)->992K(173056K) Eden: 171520K(171520K)->0K(171520K) From: 1024K(1536K)->992K(1536K)
[195.989s][info][gc,heap        ] GC(1605) ParOldGen: 10394K(349696K)->10458K(349696K)
[195.989s][info][gc,metaspace   ] GC(1605) Metaspace: 14390K(15232K)->14390K(15232K) NonClass: 12409K(12864K)->12409K(12864K) Class: 1981K(2368K)->1981K(2368K)
[195.989s][info][gc             ] GC(1605) Pause Young (Allocation Failure) 178M->11M(510M) 2.674ms
[195.989s][info][gc,cpu         ] GC(1605) User=0.00s Sys=0.00s Real=0.00s
[196.165s][info][gc,start       ] GC(1606) Pause Young (Allocation Failure)
[196.168s][info][gc,heap        ] GC(1606) PSYoungGen: 172512K(173056K)->1024K(173056K) Eden: 171520K(171520K)->0K(171520K) From: 992K(1536K)->1024K(1536K)
[196.168s][info][gc,heap        ] GC(1606) ParOldGen: 10458K(349696K)->10522K(349696K)
[196.168s][info][gc,metaspace   ] GC(1606) Metaspace: 14390K(15232K)->14390K(15232K) NonClass: 12409K(12864K)->12409K(12864K) Class: 1981K(2368K)->1981K(2368K)
[196.168s][info][gc             ] GC(1606) Pause Young (Allocation Failure) 178M->11M(510M) 3.547ms
[196.169s][info][gc,cpu         ] GC(1606) User=0.00s Sys=0.00s Real=0.00s
[196.304s][info][gc,start       ] GC(1607) Pause Young (Allocation Failure)
[196.306s][info][gc,heap        ] GC(1607) PSYoungGen: 172544K(173056K)->1024K(173056K) Eden: 171520K(171520K)->0K(171520K) From: 1024K(1536K)->1024K(1536K)
[196.306s][info][gc,heap        ] GC(1607) ParOldGen: 10522K(349696K)->10562K(349696K)
[196.306s][info][gc,metaspace   ] GC(1607) Metaspace: 14390K(15232K)->14390K(15232K) NonClass: 12409K(12864K)->12409K(12864K) Class: 1981K(2368K)->1981K(2368K)
[196.306s][info][gc             ] GC(1607) Pause Young (Allocation Failure) 178M->11M(510M) 2.559ms
[196.306s][info][gc,cpu         ] GC(1607) User=0.00s Sys=0.00s Real=0.00s
[196.441s][info][gc,start       ] GC(1608) Pause Young (Allocation Failure)
[196.443s][info][gc,heap        ] GC(1608) PSYoungGen: 172544K(173056K)->960K(173056K) Eden: 171520K(171520K)->0K(171520K) From: 1024K(1536K)->960K(1536K)
[196.444s][info][gc,heap        ] GC(1608) ParOldGen: 10562K(349696K)->10650K(349696K)
[196.444s][info][gc,metaspace   ] GC(1608) Metaspace: 14390K(15232K)->14390K(15232K) NonClass: 12409K(12864K)->12409K(12864K) Class: 1981K(2368K)->1981K(2368K)
[196.444s][info][gc             ] GC(1608) Pause Young (Allocation Failure) 178M->11M(510M) 2.491ms
[196.444s][info][gc,cpu         ] GC(1608) User=0.52s Sys=0.00s Real=0.00s
[196.581s][info][gc,start       ] GC(1609) Pause Young (Allocation Failure)
[196.583s][info][gc,heap        ] GC(1609) PSYoungGen: 172480K(173056K)->1024K(173056K) Eden: 171520K(171520K)->0K(171520K) From: 960K(1536K)->1024K(1536K)
[196.583s][info][gc,heap        ] GC(1609) ParOldGen: 10650K(349696K)->10690K(349696K)
[196.583s][info][gc,metaspace   ] GC(1609) Metaspace: 14390K(15232K)->14390K(15232K) NonClass: 12409K(12864K)->12409K(12864K) Class: 1981K(2368K)->1981K(2368K)
[196.583s][info][gc             ] GC(1609) Pause Young (Allocation Failure) 178M->11M(510M) 2.427ms
[196.583s][info][gc,cpu         ] GC(1609) User=0.52s Sys=0.00s Real=0.00s
[196.718s][info][gc,start       ] GC(1610) Pause Young (Allocation Failure)
[196.721s][info][gc,heap        ] GC(1610) PSYoungGen: 172544K(173056K)->1024K(173056K) Eden: 171520K(171520K)->0K(171520K) From: 1024K(1536K)->1024K(1536K)
[196.721s][info][gc,heap        ] GC(1610) ParOldGen: 10690K(349696K)->10762K(349696K)
[196.721s][info][gc,metaspace   ] GC(1610) Metaspace: 14390K(15232K)->14390K(15232K) NonClass: 12409K(12864K)->12409K(12864K) Class: 1981K(2368K)->1981K(2368K)
[196.721s][info][gc             ] GC(1610) Pause Young (Allocation Failure) 178M->11M(510M) 2.295ms
[196.721s][info][gc,cpu         ] GC(1610) User=0.00s Sys=0.00s Real=0.00s
[196.846s][info][gc,start       ] GC(1611) Pause Young (Allocation Failure)
[196.848s][info][gc,heap        ] GC(1611) PSYoungGen: 172544K(173056K)->1024K(173056K) Eden: 171520K(171520K)->0K(171520K) From: 1024K(1536K)->1024K(1536K)
[196.848s][info][gc,heap        ] GC(1611) ParOldGen: 10762K(349696K)->10810K(349696K)
[196.848s][info][gc,metaspace   ] GC(1611) Metaspace: 14390K(15232K)->14390K(15232K) NonClass: 12409K(12864K)->12409K(12864K) Class: 1981K(2368K)->1981K(2368K)
[196.848s][info][gc             ] GC(1611) Pause Young (Allocation Failure) 179M->11M(510M) 2.304ms
[196.849s][info][gc,cpu         ] GC(1611) User=0.52s Sys=0.00s Real=0.00s
[196.972s][info][gc,start       ] GC(1612) Pause Young (Allocation Failure)
[196.974s][info][gc,heap        ] GC(1612) PSYoungGen: 172544K(173056K)->1024K(173056K) Eden: 171520K(171520K)->0K(171520K) From: 1024K(1536K)->1024K(1536K)
[196.974s][info][gc,heap        ] GC(1612) ParOldGen: 10810K(349696K)->10882K(349696K)
[196.974s][info][gc,metaspace   ] GC(1612) Metaspace: 14390K(15232K)->14390K(15232K) NonClass: 12409K(12864K)->12409K(12864K) Class: 1981K(2368K)->1981K(2368K)
[196.974s][info][gc             ] GC(1612) Pause Young (Allocation Failure) 179M->11M(510M) 2.274ms
[196.974s][info][gc,cpu         ] GC(1612) User=0.52s Sys=0.00s Real=0.00s
[197.101s][info][gc,start       ] GC(1613) Pause Young (Allocation Failure)
[197.103s][info][gc,heap        ] GC(1613) PSYoungGen: 172544K(173056K)->992K(173056K) Eden: 171520K(171520K)->0K(171520K) From: 1024K(1536K)->992K(1536K)
[197.103s][info][gc,heap        ] GC(1613) ParOldGen: 10882K(349696K)->10938K(349696K)
[197.103s][info][gc,metaspace   ] GC(1613) Metaspace: 14390K(15232K)->14390K(15232K) NonClass: 12409K(12864K)->12409K(12864K) Class: 1981K(2368K)->1981K(2368K)
[197.103s][info][gc             ] GC(1613) Pause Young (Allocation Failure) 179M->11M(510M) 2.311ms
[197.103s][info][gc,cpu         ] GC(1613) User=0.00s Sys=0.00s Real=0.00s
[197.227s][info][gc,start       ] GC(1614) Pause Young (Allocation Failure)
[197.229s][info][gc,heap        ] GC(1614) PSYoungGen: 172512K(173056K)->1024K(173056K) Eden: 171520K(171520K)->0K(171520K) From: 992K(1536K)->1024K(1536K)
[197.229s][info][gc,heap        ] GC(1614) ParOldGen: 10938K(349696K)->10986K(349696K)
[197.229s][info][gc,metaspace   ] GC(1614) Metaspace: 14390K(15232K)->14390K(15232K) NonClass: 12409K(12864K)->12409K(12864K) Class: 1981K(2368K)->1981K(2368K)
[197.229s][info][gc             ] GC(1614) Pause Young (Allocation Failure) 179M->11M(510M) 2.303ms
[197.229s][info][gc,cpu         ] GC(1614) User=0.00s Sys=0.00s Real=0.00s
[197.353s][info][gc,start       ] GC(1615) Pause Young (Allocation Failure)
[197.355s][info][gc,heap        ] GC(1615) PSYoungGen: 172544K(173056K)->1024K(173056K) Eden: 171520K(171520K)->0K(171520K) From: 1024K(1536K)->1024K(1536K)
[197.355s][info][gc,heap        ] GC(1615) ParOldGen: 10986K(349696K)->11034K(349696K)
[197.355s][info][gc,metaspace   ] GC(1615) Metaspace: 14390K(15232K)->14390K(15232K) NonClass: 12409K(12864K)->12409K(12864K) Class: 1981K(2368K)->1981K(2368K)
[197.355s][info][gc             ] GC(1615) Pause Young (Allocation Failure) 179M->11M(510M) 2.313ms
[197.355s][info][gc,cpu         ] GC(1615) User=0.00s Sys=0.00s Real=0.00s
[197.479s][info][gc,start       ] GC(1616) Pause Young (Allocation Failure)
[197.481s][info][gc,heap        ] GC(1616) PSYoungGen: 172544K(173056K)->1024K(173056K) Eden: 171520K(171520K)->0K(171520K) From: 1024K(1536K)->1024K(1536K)
[197.481s][info][gc,heap        ] GC(1616) ParOldGen: 11034K(349696K)->11082K(349696K)
[197.481s][info][gc,metaspace   ] GC(1616) Metaspace: 14390K(15232K)->14390K(15232K) NonClass: 12409K(12864K)->12409K(12864K) Class: 1981K(2368K)->1981K(2368K)
[197.481s][info][gc             ] GC(1616) Pause Young (Allocation Failure) 179M->11M(510M) 2.299ms
[197.481s][info][gc,cpu         ] GC(1616) User=0.00s Sys=0.00s Real=0.00s
[197.606s][info][gc,start       ] GC(1617) Pause Young (Allocation Failure)
[197.608s][info][gc,heap        ] GC(1617) PSYoungGen: 172544K(173056K)->1024K(173056K) Eden: 171520K(171520K)->0K(171520K) From: 1024K(1536K)->1024K(1536K)
[197.608s][info][gc,heap        ] GC(1617) ParOldGen: 11082K(349696K)->11162K(349696K)
[197.608s][info][gc,metaspace   ] GC(1617) Metaspace: 14390K(15232K)->14390K(15232K) NonClass: 12409K(12864K)->12409K(12864K) Class: 1981K(2368K)->1981K(2368K)
[197.608s][info][gc             ] GC(1617) Pause Young (Allocation Failure) 179M->11M(510M) 2.347ms
[197.608s][info][gc,cpu         ] GC(1617) User=0.00s Sys=0.00s Real=0.00s
[197.733s][info][gc,start       ] GC(1618) Pause Young (Allocation Failure)
[197.736s][info][gc,heap        ] GC(1618) PSYoungGen: 172544K(173056K)->992K(173056K) Eden: 171520K(171520K)->0K(171520K) From: 1024K(1536K)->992K(1536K)
[197.736s][info][gc,heap        ] GC(1618) ParOldGen: 11162K(349696K)->11210K(349696K)
[197.736s][info][gc,metaspace   ] GC(1618) Metaspace: 14390K(15232K)->14390K(15232K) NonClass: 12409K(12864K)->12409K(12864K) Class: 1981K(2368K)->1981K(2368K)
[197.736s][info][gc             ] GC(1618) Pause Young (Allocation Failure) 179M->11M(510M) 2.344ms
[197.736s][info][gc,cpu         ] GC(1618) User=0.00s Sys=0.00s Real=0.00s
[197.860s][info][gc,start       ] GC(1619) Pause Young (Allocation Failure)
[197.862s][info][gc,heap        ] GC(1619) PSYoungGen: 172512K(173056K)->992K(173056K) Eden: 171520K(171520K)->0K(171520K) From: 992K(1536K)->992K(1536K)
[197.862s][info][gc,heap        ] GC(1619) ParOldGen: 11210K(349696K)->11274K(349696K)
[197.862s][info][gc,metaspace   ] GC(1619) Metaspace: 14390K(15232K)->14390K(15232K) NonClass: 12409K(12864K)->12409K(12864K) Class: 1981K(2368K)->1981K(2368K)
[197.862s][info][gc             ] GC(1619) Pause Young (Allocation Failure) 179M->11M(510M) 2.370ms
[197.862s][info][gc,cpu         ] GC(1619) User=0.00s Sys=0.00s Real=0.00s
[197.987s][info][gc,start       ] GC(1620) Pause Young (Allocation Failure)
[197.990s][info][gc,heap        ] GC(1620) PSYoungGen: 172512K(173056K)->992K(173056K) Eden: 171520K(171520K)->0K(171520K) From: 992K(1536K)->992K(1536K)
[197.990s][info][gc,heap        ] GC(1620) ParOldGen: 11274K(349696K)->11326K(349696K)
[197.990s][info][gc,metaspace   ] GC(1620) Metaspace: 14390K(15232K)->14390K(15232K) NonClass: 12409K(12864K)->12409K(12864K) Class: 1981K(2368K)->1981K(2368K)
[197.990s][info][gc             ] GC(1620) Pause Young (Allocation Failure) 179M->12M(510M) 2.445ms
[197.990s][info][gc,cpu         ] GC(1620) User=0.52s Sys=0.00s Real=0.00s
[198.114s][info][gc,start       ] GC(1621) Pause Young (Allocation Failure)
[198.117s][info][gc,heap        ] GC(1621) PSYoungGen: 172512K(173056K)->992K(173056K) Eden: 171520K(171520K)->0K(171520K) From: 992K(1536K)->992K(1536K)
[198.117s][info][gc,heap        ] GC(1621) ParOldGen: 11326K(349696K)->11382K(349696K)
[198.117s][info][gc,metaspace   ] GC(1621) Metaspace: 14390K(15232K)->14390K(15232K) NonClass: 12409K(12864K)->12409K(12864K) Class: 1981K(2368K)->1981K(2368K)
[198.117s][info][gc             ] GC(1621) Pause Young (Allocation Failure) 179M->12M(510M) 2.432ms
[198.117s][info][gc,cpu         ] GC(1621) User=0.00s Sys=0.00s Real=0.00s
[198.239s][info][gc,start       ] GC(1622) Pause Young (Allocation Failure)
[198.241s][info][gc,heap        ] GC(1622) PSYoungGen: 172512K(173056K)->1024K(173056K) Eden: 171520K(171520K)->0K(171520K) From: 992K(1536K)->1024K(1536K)
[198.241s][info][gc,heap        ] GC(1622) ParOldGen: 11382K(349696K)->11438K(349696K)
[198.241s][info][gc,metaspace   ] GC(1622) Metaspace: 14390K(15232K)->14390K(15232K) NonClass: 12409K(12864K)->12409K(12864K) Class: 1981K(2368K)->1981K(2368K)
[198.241s][info][gc             ] GC(1622) Pause Young (Allocation Failure) 179M->12M(510M) 2.480ms
[198.241s][info][gc,cpu         ] GC(1622) User=0.00s Sys=0.00s Real=0.00s
[198.367s][info][gc,start       ] GC(1623) Pause Young (Allocation Failure)
[198.369s][info][gc,heap        ] GC(1623) PSYoungGen: 172544K(173056K)->992K(173056K) Eden: 171520K(171520K)->0K(171520K) From: 1024K(1536K)->992K(1536K)
[198.369s][info][gc,heap        ] GC(1623) ParOldGen: 11438K(349696K)->11502K(349696K)
[198.369s][info][gc,metaspace   ] GC(1623) Metaspace: 14390K(15232K)->14390K(15232K) NonClass: 12409K(12864K)->12409K(12864K) Class: 1981K(2368K)->1981K(2368K)
[198.369s][info][gc             ] GC(1623) Pause Young (Allocation Failure) 179M->12M(510M) 2.473ms
[198.369s][info][gc,cpu         ] GC(1623) User=0.00s Sys=0.00s Real=0.00s
[198.494s][info][gc,start       ] GC(1624) Pause Young (Allocation Failure)
[198.497s][info][gc,heap        ] GC(1624) PSYoungGen: 172512K(173056K)->992K(173056K) Eden: 171520K(171520K)->0K(171520K) From: 992K(1536K)->992K(1536K)
[198.497s][info][gc,heap        ] GC(1624) ParOldGen: 11502K(349696K)->11558K(349696K)
[198.497s][info][gc,metaspace   ] GC(1624) Metaspace: 14390K(15232K)->14390K(15232K) NonClass: 12409K(12864K)->12409K(12864K) Class: 1981K(2368K)->1981K(2368K)
[198.497s][info][gc             ] GC(1624) Pause Young (Allocation Failure) 179M->12M(510M) 2.502ms
[198.497s][info][gc,cpu         ] GC(1624) User=0.00s Sys=0.00s Real=0.00s
[198.619s][info][gc,start       ] GC(1625) Pause Young (Allocation Failure)
[198.622s][info][gc,heap        ] GC(1625) PSYoungGen: 172512K(173056K)->992K(173056K) Eden: 171520K(171520K)->0K(171520K) From: 992K(1536K)->992K(1536K)
[198.622s][info][gc,heap        ] GC(1625) ParOldGen: 11558K(349696K)->11646K(349696K)
[198.622s][info][gc,metaspace   ] GC(1625) Metaspace: 14390K(15232K)->14390K(15232K) NonClass: 12409K(12864K)->12409K(12864K) Class: 1981K(2368K)->1981K(2368K)
[198.622s][info][gc             ] GC(1625) Pause Young (Allocation Failure) 179M->12M(510M) 2.530ms
[198.622s][info][gc,cpu         ] GC(1625) User=0.00s Sys=0.00s Real=0.00s
[198.748s][info][gc,start       ] GC(1626) Pause Young (Allocation Failure)
[198.750s][info][gc,heap        ] GC(1626) PSYoungGen: 172512K(173056K)->1024K(173056K) Eden: 171520K(171520K)->0K(171520K) From: 992K(1536K)->1024K(1536K)
[198.750s][info][gc,heap        ] GC(1626) ParOldGen: 11646K(349696K)->11702K(349696K)
[198.750s][info][gc,metaspace   ] GC(1626) Metaspace: 14390K(15232K)->14390K(15232K) NonClass: 12409K(12864K)->12409K(12864K) Class: 1981K(2368K)->1981K(2368K)
[198.750s][info][gc             ] GC(1626) Pause Young (Allocation Failure) 179M->12M(510M) 2.579ms
[198.750s][info][gc,cpu         ] GC(1626) User=0.00s Sys=0.00s Real=0.00s
[198.875s][info][gc,start       ] GC(1627) Pause Young (Allocation Failure)
[198.878s][info][gc,heap        ] GC(1627) PSYoungGen: 172544K(173056K)->992K(173056K) Eden: 171520K(171520K)->0K(171520K) From: 1024K(1536K)->992K(1536K)
[198.878s][info][gc,heap        ] GC(1627) ParOldGen: 11702K(349696K)->11758K(349696K)
[198.878s][info][gc,metaspace   ] GC(1627) Metaspace: 14390K(15232K)->14390K(15232K) NonClass: 12409K(12864K)->12409K(12864K) Class: 1981K(2368K)->1981K(2368K)
[198.878s][info][gc             ] GC(1627) Pause Young (Allocation Failure) 179M->12M(510M) 2.594ms
[198.878s][info][gc,cpu         ] GC(1627) User=0.00s Sys=0.00s Real=0.00s
[199.002s][info][gc,start       ] GC(1628) Pause Young (Allocation Failure)
[199.004s][info][gc,heap        ] GC(1628) PSYoungGen: 172511K(173056K)->1024K(173056K) Eden: 171519K(171520K)->0K(171520K) From: 992K(1536K)->1024K(1536K)
[199.004s][info][gc,heap        ] GC(1628) ParOldGen: 11758K(349696K)->11830K(349696K)
[199.004s][info][gc,metaspace   ] GC(1628) Metaspace: 14390K(15232K)->14390K(15232K) NonClass: 12409K(12864K)->12409K(12864K) Class: 1981K(2368K)->1981K(2368K)
[199.004s][info][gc             ] GC(1628) Pause Young (Allocation Failure) 179M->12M(510M) 2.633ms
[199.004s][info][gc,cpu         ] GC(1628) User=0.52s Sys=0.00s Real=0.00s
[199.131s][info][gc,start       ] GC(1629) Pause Young (Allocation Failure)
[199.133s][info][gc,heap        ] GC(1629) PSYoungGen: 172544K(173056K)->1024K(173056K) Eden: 171520K(171520K)->0K(171520K) From: 1024K(1536K)->1024K(1536K)
[199.133s][info][gc,heap        ] GC(1629) ParOldGen: 11830K(349696K)->11894K(349696K)
[199.133s][info][gc,metaspace   ] GC(1629) Metaspace: 14390K(15232K)->14390K(15232K) NonClass: 12409K(12864K)->12409K(12864K) Class: 1981K(2368K)->1981K(2368K)
[199.133s][info][gc             ] GC(1629) Pause Young (Allocation Failure) 180M->12M(510M) 2.669ms
[199.133s][info][gc,cpu         ] GC(1629) User=0.00s Sys=0.00s Real=0.00s
[199.256s][info][gc,start       ] GC(1630) Pause Young (Allocation Failure)
[199.259s][info][gc,heap        ] GC(1630) PSYoungGen: 172544K(173056K)->1024K(173056K) Eden: 171520K(171520K)->0K(171520K) From: 1024K(1536K)->1024K(1536K)
[199.259s][info][gc,heap        ] GC(1630) ParOldGen: 11894K(349696K)->11950K(349696K)
[199.259s][info][gc,metaspace   ] GC(1630) Metaspace: 14390K(15232K)->14390K(15232K) NonClass: 12409K(12864K)->12409K(12864K) Class: 1981K(2368K)->1981K(2368K)
[199.259s][info][gc             ] GC(1630) Pause Young (Allocation Failure) 180M->12M(510M) 2.660ms
[199.259s][info][gc,cpu         ] GC(1630) User=0.00s Sys=0.00s Real=0.00s
[199.383s][info][gc,start       ] GC(1631) Pause Young (Allocation Failure)
[199.385s][info][gc,heap        ] GC(1631) PSYoungGen: 172544K(173056K)->992K(173056K) Eden: 171520K(171520K)->0K(171520K) From: 1024K(1536K)->992K(1536K)
[199.385s][info][gc,heap        ] GC(1631) ParOldGen: 11950K(349696K)->11998K(349696K)
[199.385s][info][gc,metaspace   ] GC(1631) Metaspace: 14390K(15232K)->14390K(15232K) NonClass: 12409K(12864K)->12409K(12864K) Class: 1981K(2368K)->1981K(2368K)
[199.385s][info][gc             ] GC(1631) Pause Young (Allocation Failure) 180M->12M(510M) 2.685ms
[199.385s][info][gc,cpu         ] GC(1631) User=0.00s Sys=0.00s Real=0.00s
[199.512s][info][gc,start       ] GC(1632) Pause Young (Allocation Failure)
[199.514s][info][gc,heap        ] GC(1632) PSYoungGen: 172512K(173056K)->1024K(173056K) Eden: 171520K(171520K)->0K(171520K) From: 992K(1536K)->1024K(1536K)
[199.514s][info][gc,heap        ] GC(1632) ParOldGen: 11998K(349696K)->12054K(349696K)
[199.514s][info][gc,metaspace   ] GC(1632) Metaspace: 14390K(15232K)->14390K(15232K) NonClass: 12409K(12864K)->12409K(12864K) Class: 1981K(2368K)->1981K(2368K)
[199.514s][info][gc             ] GC(1632) Pause Young (Allocation Failure) 180M->12M(510M) 2.699ms
[199.514s][info][gc,cpu         ] GC(1632) User=0.00s Sys=0.00s Real=0.00s
[199.635s][info][gc,start       ] GC(1633) Pause Young (Allocation Failure)
[199.638s][info][gc,heap        ] GC(1633) PSYoungGen: 172544K(173056K)->1024K(173056K) Eden: 171520K(171520K)->0K(171520K) From: 1024K(1536K)->1024K(1536K)
[199.638s][info][gc,heap        ] GC(1633) ParOldGen: 12054K(349696K)->12126K(349696K)
[199.638s][info][gc,metaspace   ] GC(1633) Metaspace: 14390K(15232K)->14390K(15232K) NonClass: 12409K(12864K)->12409K(12864K) Class: 1981K(2368K)->1981K(2368K)
[199.638s][info][gc             ] GC(1633) Pause Young (Allocation Failure) 180M->12M(510M) 2.735ms
[199.638s][info][gc,cpu         ] GC(1633) User=0.00s Sys=0.00s Real=0.00s
[199.760s][info][gc,start       ] GC(1634) Pause Young (Allocation Failure)
[199.763s][info][gc,heap        ] GC(1634) PSYoungGen: 172544K(173056K)->1024K(173056K) Eden: 171520K(171520K)->0K(171520K) From: 1024K(1536K)->1024K(1536K)
[199.763s][info][gc,heap        ] GC(1634) ParOldGen: 12126K(349696K)->12190K(349696K)
[199.763s][info][gc,metaspace   ] GC(1634) Metaspace: 14390K(15232K)->14390K(15232K) NonClass: 12409K(12864K)->12409K(12864K) Class: 1981K(2368K)->1981K(2368K)
[199.763s][info][gc             ] GC(1634) Pause Young (Allocation Failure) 180M->12M(510M) 2.803ms
[199.763s][info][gc,cpu         ] GC(1634) User=0.00s Sys=0.00s Real=0.00s
[200.018s][info][gc,start       ] GC(1635) Pause Young (Allocation Failure)
[200.021s][info][gc,heap        ] GC(1635) PSYoungGen: 172544K(173056K)->1024K(173056K) Eden: 171520K(171520K)->0K(171520K) From: 1024K(1536K)->1024K(1536K)
[200.021s][info][gc,heap        ] GC(1635) ParOldGen: 12190K(349696K)->12230K(349696K)
[200.021s][info][gc,metaspace   ] GC(1635) Metaspace: 14390K(15232K)->14390K(15232K) NonClass: 12409K(12864K)->12409K(12864K) Class: 1981K(2368K)->1981K(2368K)
[200.021s][info][gc             ] GC(1635) Pause Young (Allocation Failure) 180M->12M(510M) 3.597ms
[200.021s][info][gc,cpu         ] GC(1635) User=0.52s Sys=0.00s Real=0.00s
[200.163s][info][gc,start       ] GC(1636) Pause Young (Allocation Failure)
[200.166s][info][gc,heap        ] GC(1636) PSYoungGen: 172544K(173056K)->1024K(173056K) Eden: 171520K(171520K)->0K(171520K) From: 1024K(1536K)->1024K(1536K)
[200.166s][info][gc,heap        ] GC(1636) ParOldGen: 12230K(349696K)->12286K(349696K)
[200.166s][info][gc,metaspace   ] GC(1636) Metaspace: 14390K(15232K)->14390K(15232K) NonClass: 12409K(12864K)->12409K(12864K) Class: 1981K(2368K)->1981K(2368K)
[200.166s][info][gc             ] GC(1636) Pause Young (Allocation Failure) 180M->12M(510M) 2.644ms
[200.166s][info][gc,cpu         ] GC(1636) User=0.00s Sys=0.00s Real=0.00s
[200.283s][info][gc,start       ] GC(1637) Pause Young (Allocation Failure)
[200.286s][info][gc,heap        ] GC(1637) PSYoungGen: 172544K(173056K)->960K(173056K) Eden: 171520K(171520K)->0K(171520K) From: 1024K(1536K)->960K(1536K)
[200.286s][info][gc,heap        ] GC(1637) ParOldGen: 12286K(349696K)->12366K(349696K)
[200.286s][info][gc,metaspace   ] GC(1637) Metaspace: 14390K(15232K)->14390K(15232K) NonClass: 12409K(12864K)->12409K(12864K) Class: 1981K(2368K)->1981K(2368K)
[200.286s][info][gc             ] GC(1637) Pause Young (Allocation Failure) 180M->13M(510M) 2.601ms
[200.286s][info][gc,cpu         ] GC(1637) User=0.52s Sys=0.00s Real=0.00s
[200.389s][info][gc,start       ] GC(1638) Pause Young (Allocation Failure)
[200.398s][info][gc,heap        ] GC(1638) PSYoungGen: 172480K(173056K)->864K(173056K) Eden: 171520K(171520K)->0K(171520K) From: 960K(1536K)->864K(1536K)
[200.398s][info][gc,heap        ] GC(1638) ParOldGen: 12366K(349696K)->12422K(349696K)
[200.398s][info][gc,metaspace   ] GC(1638) Metaspace: 14390K(15232K)->14390K(15232K) NonClass: 12409K(12864K)->12409K(12864K) Class: 1981K(2368K)->1981K(2368K)
[200.398s][info][gc             ] GC(1638) Pause Young (Allocation Failure) 180M->12M(510M) 9.260ms
[200.398s][info][gc,cpu         ] GC(1638) User=0.00s Sys=0.00s Real=0.01s
[200.488s][info][gc,start       ] GC(1639) Pause Young (Allocation Failure)
[200.491s][info][gc,heap        ] GC(1639) PSYoungGen: 172384K(173056K)->896K(173056K) Eden: 171520K(171520K)->0K(171520K) From: 864K(1536K)->896K(1536K)
[200.491s][info][gc,heap        ] GC(1639) ParOldGen: 12422K(349696K)->12502K(349696K)
[200.491s][info][gc,metaspace   ] GC(1639) Metaspace: 14390K(15232K)->14390K(15232K) NonClass: 12409K(12864K)->12409K(12864K) Class: 1981K(2368K)->1981K(2368K)
[200.491s][info][gc             ] GC(1639) Pause Young (Allocation Failure) 180M->13M(510M) 2.606ms
[200.491s][info][gc,cpu         ] GC(1639) User=0.00s Sys=0.00s Real=0.00s
[200.559s][info][gc,start       ] GC(1640) Pause Young (Allocation Failure)
[200.562s][info][gc,heap        ] GC(1640) PSYoungGen: 172416K(173056K)->800K(173056K) Eden: 171520K(171520K)->0K(171520K) From: 896K(1536K)->800K(1536K)
[200.562s][info][gc,heap        ] GC(1640) ParOldGen: 12502K(349696K)->12550K(349696K)
[200.562s][info][gc,metaspace   ] GC(1640) Metaspace: 14390K(15232K)->14390K(15232K) NonClass: 12409K(12864K)->12409K(12864K) Class: 1981K(2368K)->1981K(2368K)
[200.562s][info][gc             ] GC(1640) Pause Young (Allocation Failure) 180M->13M(510M) 2.394ms
[200.562s][info][gc,cpu         ] GC(1640) User=0.00s Sys=0.00s Real=0.00s
[200.640s][info][gc,start       ] GC(1641) Pause Young (Allocation Failure)
[200.643s][info][gc,heap        ] GC(1641) PSYoungGen: 172320K(173056K)->768K(173056K) Eden: 171520K(171520K)->0K(171520K) From: 800K(1536K)->768K(1536K)
[200.643s][info][gc,heap        ] GC(1641) ParOldGen: 12550K(349696K)->12582K(349696K)
[200.643s][info][gc,metaspace   ] GC(1641) Metaspace: 14390K(15232K)->14390K(15232K) NonClass: 12409K(12864K)->12409K(12864K) Class: 1981K(2368K)->1981K(2368K)
[200.643s][info][gc             ] GC(1641) Pause Young (Allocation Failure) 180M->13M(510M) 2.397ms
[200.643s][info][gc,cpu         ] GC(1641) User=0.00s Sys=0.00s Real=0.00s
[200.726s][info][gc,start       ] GC(1642) Pause Young (Allocation Failure)
[200.729s][info][gc,heap        ] GC(1642) PSYoungGen: 172288K(173056K)->736K(173056K) Eden: 171520K(171520K)->0K(171520K) From: 768K(1536K)->736K(1536K)
[200.729s][info][gc,heap        ] GC(1642) ParOldGen: 12582K(349696K)->12614K(349696K)
[200.729s][info][gc,metaspace   ] GC(1642) Metaspace: 14390K(15232K)->14390K(15232K) NonClass: 12409K(12864K)->12409K(12864K) Class: 1981K(2368K)->1981K(2368K)
[200.729s][info][gc             ] GC(1642) Pause Young (Allocation Failure) 180M->13M(510M) 2.378ms
[200.729s][info][gc,cpu         ] GC(1642) User=0.00s Sys=0.00s Real=0.00s
[200.813s][info][gc,start       ] GC(1643) Pause Young (Allocation Failure)
[200.815s][info][gc,heap        ] GC(1643) PSYoungGen: 172256K(173056K)->736K(173056K) Eden: 171520K(171520K)->0K(171520K) From: 736K(1536K)->736K(1536K)
[200.816s][info][gc,heap        ] GC(1643) ParOldGen: 12614K(349696K)->12654K(349696K)
[200.816s][info][gc,metaspace   ] GC(1643) Metaspace: 14390K(15232K)->14390K(15232K) NonClass: 12409K(12864K)->12409K(12864K) Class: 1981K(2368K)->1981K(2368K)
[200.816s][info][gc             ] GC(1643) Pause Young (Allocation Failure) 180M->13M(510M) 2.448ms
[200.816s][info][gc,cpu         ] GC(1643) User=0.00s Sys=0.00s Real=0.00s
[200.922s][info][gc,start       ] GC(1644) Pause Young (Allocation Failure)
[200.925s][info][gc,heap        ] GC(1644) PSYoungGen: 172256K(173056K)->672K(173056K) Eden: 171520K(171520K)->0K(171520K) From: 736K(1536K)->672K(1536K)
[200.925s][info][gc,heap        ] GC(1644) ParOldGen: 12654K(349696K)->12694K(349696K)
[200.925s][info][gc,metaspace   ] GC(1644) Metaspace: 14390K(15232K)->14390K(15232K) NonClass: 12409K(12864K)->12409K(12864K) Class: 1981K(2368K)->1981K(2368K)
[200.925s][info][gc             ] GC(1644) Pause Young (Allocation Failure) 180M->13M(510M) 2.452ms
[200.925s][info][gc,cpu         ] GC(1644) User=0.00s Sys=0.00s Real=0.00s
[201.066s][info][gc,start       ] GC(1645) Pause Young (Allocation Failure)
[201.069s][info][gc,heap        ] GC(1645) PSYoungGen: 172192K(173056K)->352K(173056K) Eden: 171520K(171520K)->0K(171520K) From: 672K(1536K)->352K(1536K)
[201.069s][info][gc,heap        ] GC(1645) ParOldGen: 12694K(349696K)->12742K(349696K)
[201.069s][info][gc,metaspace   ] GC(1645) Metaspace: 14390K(15232K)->14390K(15232K) NonClass: 12409K(12864K)->12409K(12864K) Class: 1981K(2368K)->1981K(2368K)
[201.069s][info][gc             ] GC(1645) Pause Young (Allocation Failure) 180M->12M(510M) 2.640ms
[201.069s][info][gc,cpu         ] GC(1645) User=0.00s Sys=0.00s Real=0.00s
[201.101s][info][gc,start       ] GC(1646) Pause Young (System.gc())
[201.103s][info][gc,heap        ] GC(1646) PSYoungGen: 12397K(173056K)->96K(173056K) Eden: 12045K(171520K)->0K(171520K) From: 352K(1536K)->96K(1536K)
[201.103s][info][gc,heap        ] GC(1646) ParOldGen: 12742K(349696K)->12806K(349696K)
[201.103s][info][gc,metaspace   ] GC(1646) Metaspace: 14390K(15232K)->14390K(15232K) NonClass: 12409K(12864K)->12409K(12864K) Class: 1981K(2368K)->1981K(2368K)
[201.103s][info][gc             ] GC(1646) Pause Young (System.gc()) 24M->12M(510M) 2.389ms
[201.103s][info][gc,cpu         ] GC(1646) User=0.00s Sys=0.00s Real=0.00s
[201.103s][info][gc,start       ] GC(1647) Pause Full (System.gc())
[201.103s][info][gc,phases,start] GC(1647) Marking Phase
[201.116s][info][gc,phases      ] GC(1647) Marking Phase 12.643ms
[201.116s][info][gc,phases,start] GC(1647) Summary Phase
[201.116s][info][gc,phases      ] GC(1647) Summary Phase 0.030ms
[201.116s][info][gc,phases,start] GC(1647) Adjust Roots
[201.123s][info][gc,phases      ] GC(1647) Adjust Roots 6.729ms
[201.123s][info][gc,phases,start] GC(1647) Compaction Phase
[201.125s][info][gc,phases      ] GC(1647) Compaction Phase 2.138ms
[201.125s][info][gc,phases,start] GC(1647) Post Compact
[201.125s][info][gc,phases      ] GC(1647) Post Compact 0.193ms
[201.125s][info][gc,heap        ] GC(1647) PSYoungGen: 96K(173056K)->0K(173056K) Eden: 0K(171520K)->0K(171520K) From: 96K(1536K)->0K(1536K)
[201.125s][info][gc,heap        ] GC(1647) ParOldGen: 12806K(349696K)->5380K(349696K)
[201.125s][info][gc,metaspace   ] GC(1647) Metaspace: 14390K(15232K)->14390K(15232K) NonClass: 12409K(12864K)->12409K(12864K) Class: 1981K(2368K)->1981K(2368K)
[201.125s][info][gc             ] GC(1647) Pause Full (System.gc()) 12M->5M(510M) 21.986ms
[201.125s][info][gc,cpu         ] GC(1647) User=0.02s Sys=0.00s Real=0.02s
[201.268s][info][gc,start       ] GC(1648) Pause Young (Allocation Failure)
[201.271s][info][gc,heap        ] GC(1648) PSYoungGen: 171520K(173056K)->1536K(173056K) Eden: 171520K(171520K)->0K(171520K) From: 0K(1536K)->1536K(1536K)
[201.271s][info][gc,heap        ] GC(1648) ParOldGen: 5380K(349696K)->5657K(349696K)
[201.271s][info][gc,metaspace   ] GC(1648) Metaspace: 14390K(15232K)->14390K(15232K) NonClass: 12409K(12864K)->12409K(12864K) Class: 1981K(2368K)->1981K(2368K)
[201.271s][info][gc             ] GC(1648) Pause Young (Allocation Failure) 172M->7M(510M) 2.542ms
[201.271s][info][gc,cpu         ] GC(1648) User=0.52s Sys=0.00s Real=0.00s
[201.386s][info][gc,start       ] GC(1649) Pause Young (Allocation Failure)
[201.388s][info][gc,heap        ] GC(1649) PSYoungGen: 173056K(173056K)->1024K(172032K) Eden: 171520K(171520K)->0K(170496K) From: 1536K(1536K)->1024K(1536K)
[201.388s][info][gc,heap        ] GC(1649) ParOldGen: 5657K(349696K)->7087K(349696K)
[201.388s][info][gc,metaspace   ] GC(1649) Metaspace: 14390K(15232K)->14390K(15232K) NonClass: 12409K(12864K)->12409K(12864K) Class: 1981K(2368K)->1981K(2368K)
[201.388s][info][gc             ] GC(1649) Pause Young (Allocation Failure) 174M->7M(509M) 2.589ms
[201.388s][info][gc,cpu         ] GC(1649) User=0.00s Sys=0.00s Real=0.00s
[201.510s][info][gc,start       ] GC(1650) Pause Young (Allocation Failure)
[201.512s][info][gc,heap        ] GC(1650) PSYoungGen: 171520K(172032K)->1024K(172544K) Eden: 170496K(170496K)->0K(170496K) From: 1024K(1536K)->1024K(2048K)
[201.512s][info][gc,heap        ] GC(1650) ParOldGen: 7087K(349696K)->7175K(349696K)
[201.512s][info][gc,metaspace   ] GC(1650) Metaspace: 14390K(15232K)->14390K(15232K) NonClass: 12409K(12864K)->12409K(12864K) Class: 1981K(2368K)->1981K(2368K)
[201.512s][info][gc             ] GC(1650) Pause Young (Allocation Failure) 174M->8M(510M) 2.545ms
[201.512s][info][gc,cpu         ] GC(1650) User=0.00s Sys=0.00s Real=0.00s
[201.633s][info][gc,start       ] GC(1651) Pause Young (Allocation Failure)
[201.635s][info][gc,heap        ] GC(1651) PSYoungGen: 171520K(172544K)->928K(172544K) Eden: 170496K(170496K)->0K(170496K) From: 1024K(2048K)->928K(2048K)
[201.635s][info][gc,heap        ] GC(1651) ParOldGen: 7175K(349696K)->7215K(349696K)
[201.635s][info][gc,metaspace   ] GC(1651) Metaspace: 14390K(15232K)->14390K(15232K) NonClass: 12409K(12864K)->12409K(12864K) Class: 1981K(2368K)->1981K(2368K)
[201.635s][info][gc             ] GC(1651) Pause Young (Allocation Failure) 174M->7M(510M) 2.497ms
[201.635s][info][gc,cpu         ] GC(1651) User=0.00s Sys=0.00s Real=0.00s
[201.757s][info][gc,start       ] GC(1652) Pause Young (Allocation Failure)
[201.766s][info][gc,heap        ] GC(1652) PSYoungGen: 171424K(172544K)->1024K(171520K) Eden: 170496K(170496K)->0K(170496K) From: 928K(2048K)->1024K(1024K)
[201.766s][info][gc,heap        ] GC(1652) ParOldGen: 7215K(349696K)->7279K(349696K)
[201.766s][info][gc,metaspace   ] GC(1652) Metaspace: 14390K(15232K)->14390K(15232K) NonClass: 12409K(12864K)->12409K(12864K) Class: 1981K(2368K)->1981K(2368K)
[201.766s][info][gc             ] GC(1652) Pause Young (Allocation Failure) 174M->8M(509M) 9.324ms
[201.766s][info][gc,cpu         ] GC(1652) User=0.00s Sys=0.00s Real=0.00s
[201.889s][info][gc,start       ] GC(1653) Pause Young (Allocation Failure)
[201.891s][info][gc,heap        ] GC(1653) PSYoungGen: 171520K(171520K)->928K(172032K) Eden: 170496K(170496K)->0K(170496K) From: 1024K(1024K)->928K(1536K)
[201.891s][info][gc,heap        ] GC(1653) ParOldGen: 7279K(349696K)->7319K(349696K)
[201.891s][info][gc,metaspace   ] GC(1653) Metaspace: 14390K(15232K)->14390K(15232K) NonClass: 12409K(12864K)->12409K(12864K) Class: 1981K(2368K)->1981K(2368K)
[201.891s][info][gc             ] GC(1653) Pause Young (Allocation Failure) 174M->8M(509M) 2.719ms
[201.891s][info][gc,cpu         ] GC(1653) User=0.00s Sys=0.00s Real=0.00s
[202.013s][info][gc,start       ] GC(1654) Pause Young (Allocation Failure)
[202.015s][info][gc,heap        ] GC(1654) PSYoungGen: 171424K(172032K)->1024K(172032K) Eden: 170496K(170496K)->0K(170496K) From: 928K(1536K)->1024K(1536K)
[202.015s][info][gc,heap        ] GC(1654) ParOldGen: 7319K(349696K)->7383K(349696K)
[202.015s][info][gc,metaspace   ] GC(1654) Metaspace: 14390K(15232K)->14390K(15232K) NonClass: 12409K(12864K)->12409K(12864K) Class: 1981K(2368K)->1981K(2368K)
[202.015s][info][gc             ] GC(1654) Pause Young (Allocation Failure) 174M->8M(509M) 2.608ms
[202.015s][info][gc,cpu         ] GC(1654) User=0.00s Sys=0.00s Real=0.00s
[202.136s][info][gc,start       ] GC(1655) Pause Young (Allocation Failure)
[202.138s][info][gc,heap        ] GC(1655) PSYoungGen: 171520K(172032K)->992K(173056K) Eden: 170496K(170496K)->0K(171520K) From: 1024K(1536K)->992K(1536K)
[202.139s][info][gc,heap        ] GC(1655) ParOldGen: 7383K(349696K)->7447K(349696K)
[202.139s][info][gc,metaspace   ] GC(1655) Metaspace: 14390K(15232K)->14390K(15232K) NonClass: 12409K(12864K)->12409K(12864K) Class: 1981K(2368K)->1981K(2368K)
[202.139s][info][gc             ] GC(1655) Pause Young (Allocation Failure) 174M->8M(510M) 2.619ms
[202.139s][info][gc,cpu         ] GC(1655) User=0.00s Sys=0.00s Real=0.00s
[202.261s][info][gc,start       ] GC(1656) Pause Young (Allocation Failure)
[202.263s][info][gc,heap        ] GC(1656) PSYoungGen: 172512K(173056K)->1024K(173056K) Eden: 171520K(171520K)->0K(171520K) From: 992K(1536K)->1024K(1536K)
[202.263s][info][gc,heap        ] GC(1656) ParOldGen: 7447K(349696K)->7479K(349696K)
[202.263s][info][gc,metaspace   ] GC(1656) Metaspace: 14390K(15232K)->14390K(15232K) NonClass: 12409K(12864K)->12409K(12864K) Class: 1981K(2368K)->1981K(2368K)
[202.263s][info][gc             ] GC(1656) Pause Young (Allocation Failure) 175M->8M(510M) 2.640ms
[202.263s][info][gc,cpu         ] GC(1656) User=0.00s Sys=0.00s Real=0.00s
[202.385s][info][gc,start       ] GC(1657) Pause Young (Allocation Failure)
[202.388s][info][gc,heap        ] GC(1657) PSYoungGen: 172544K(173056K)->992K(173056K) Eden: 171520K(171520K)->0K(171520K) From: 1024K(1536K)->992K(1536K)
[202.388s][info][gc,heap        ] GC(1657) ParOldGen: 7479K(349696K)->7519K(349696K)
[202.388s][info][gc,metaspace   ] GC(1657) Metaspace: 14390K(15232K)->14390K(15232K) NonClass: 12409K(12864K)->12409K(12864K) Class: 1981K(2368K)->1981K(2368K)
[202.388s][info][gc             ] GC(1657) Pause Young (Allocation Failure) 175M->8M(510M) 2.646ms
[202.388s][info][gc,cpu         ] GC(1657) User=0.00s Sys=0.00s Real=0.00s
[202.511s][info][gc,start       ] GC(1658) Pause Young (Allocation Failure)
[202.514s][info][gc,heap        ] GC(1658) PSYoungGen: 172512K(173056K)->992K(173056K) Eden: 171520K(171520K)->0K(171520K) From: 992K(1536K)->992K(1536K)
[202.514s][info][gc,heap        ] GC(1658) ParOldGen: 7519K(349696K)->7583K(349696K)
[202.514s][info][gc,metaspace   ] GC(1658) Metaspace: 14390K(15232K)->14390K(15232K) NonClass: 12409K(12864K)->12409K(12864K) Class: 1981K(2368K)->1981K(2368K)
[202.514s][info][gc             ] GC(1658) Pause Young (Allocation Failure) 175M->8M(510M) 2.725ms
[202.514s][info][gc,cpu         ] GC(1658) User=0.00s Sys=0.00s Real=0.00s
[202.637s][info][gc,start       ] GC(1659) Pause Young (Allocation Failure)
[202.640s][info][gc,heap        ] GC(1659) PSYoungGen: 172512K(173056K)->1024K(173056K) Eden: 171520K(171520K)->0K(171520K) From: 992K(1536K)->1024K(1536K)
[202.640s][info][gc,heap        ] GC(1659) ParOldGen: 7583K(349696K)->7639K(349696K)
[202.640s][info][gc,metaspace   ] GC(1659) Metaspace: 14390K(15232K)->14390K(15232K) NonClass: 12409K(12864K)->12409K(12864K) Class: 1981K(2368K)->1981K(2368K)
[202.640s][info][gc             ] GC(1659) Pause Young (Allocation Failure) 175M->8M(510M) 2.662ms
[202.640s][info][gc,cpu         ] GC(1659) User=0.00s Sys=0.00s Real=0.00s
[202.836s][info][gc,start       ] GC(1660) Pause Young (Allocation Failure)
[202.839s][info][gc,heap        ] GC(1660) PSYoungGen: 172544K(173056K)->1024K(173056K) Eden: 171520K(171520K)->0K(171520K) From: 1024K(1536K)->1024K(1536K)
[202.839s][info][gc,heap        ] GC(1660) ParOldGen: 7639K(349696K)->7695K(349696K)
[202.839s][info][gc,metaspace   ] GC(1660) Metaspace: 14390K(15232K)->14390K(15232K) NonClass: 12409K(12864K)->12409K(12864K) Class: 1981K(2368K)->1981K(2368K)
[202.839s][info][gc             ] GC(1660) Pause Young (Allocation Failure) 175M->8M(510M) 3.569ms
[202.839s][info][gc,cpu         ] GC(1660) User=0.00s Sys=0.00s Real=0.00s
[202.968s][info][gc,start       ] GC(1661) Pause Young (Allocation Failure)
[202.971s][info][gc,heap        ] GC(1661) PSYoungGen: 172544K(173056K)->992K(173056K) Eden: 171520K(171520K)->0K(171520K) From: 1024K(1536K)->992K(1536K)
[202.971s][info][gc,heap        ] GC(1661) ParOldGen: 7695K(349696K)->7767K(349696K)
[202.971s][info][gc,metaspace   ] GC(1661) Metaspace: 14390K(15232K)->14390K(15232K) NonClass: 12409K(12864K)->12409K(12864K) Class: 1981K(2368K)->1981K(2368K)
[202.971s][info][gc             ] GC(1661) Pause Young (Allocation Failure) 176M->8M(510M) 2.615ms
[202.971s][info][gc,cpu         ] GC(1661) User=0.00s Sys=0.00s Real=0.00s
[203.095s][info][gc,start       ] GC(1662) Pause Young (Allocation Failure)
[203.097s][info][gc,heap        ] GC(1662) PSYoungGen: 172512K(173056K)->992K(173056K) Eden: 171520K(171520K)->0K(171520K) From: 992K(1536K)->992K(1536K)
[203.097s][info][gc,heap        ] GC(1662) ParOldGen: 7767K(349696K)->7815K(349696K)
[203.097s][info][gc,metaspace   ] GC(1662) Metaspace: 14390K(15232K)->14390K(15232K) NonClass: 12409K(12864K)->12409K(12864K) Class: 1981K(2368K)->1981K(2368K)
[203.097s][info][gc             ] GC(1662) Pause Young (Allocation Failure) 176M->8M(510M) 2.497ms
[203.097s][info][gc,cpu         ] GC(1662) User=0.00s Sys=0.00s Real=0.00s
[203.223s][info][gc,start       ] GC(1663) Pause Young (Allocation Failure)
[203.226s][info][gc,heap        ] GC(1663) PSYoungGen: 172512K(173056K)->992K(173056K) Eden: 171520K(171520K)->0K(171520K) From: 992K(1536K)->992K(1536K)
[203.226s][info][gc,heap        ] GC(1663) ParOldGen: 7815K(349696K)->7871K(349696K)
[203.226s][info][gc,metaspace   ] GC(1663) Metaspace: 14390K(15232K)->14390K(15232K) NonClass: 12409K(12864K)->12409K(12864K) Class: 1981K(2368K)->1981K(2368K)
[203.226s][info][gc             ] GC(1663) Pause Young (Allocation Failure) 176M->8M(510M) 2.459ms
[203.226s][info][gc,cpu         ] GC(1663) User=0.00s Sys=0.00s Real=0.00s
[203.347s][info][gc,start       ] GC(1664) Pause Young (Allocation Failure)
[203.349s][info][gc,heap        ] GC(1664) PSYoungGen: 172512K(173056K)->1024K(173056K) Eden: 171520K(171520K)->0K(171520K) From: 992K(1536K)->1024K(1536K)
[203.349s][info][gc,heap        ] GC(1664) ParOldGen: 7871K(349696K)->7943K(349696K)
[203.349s][info][gc,metaspace   ] GC(1664) Metaspace: 14390K(15232K)->14390K(15232K) NonClass: 12409K(12864K)->12409K(12864K) Class: 1981K(2368K)->1981K(2368K)
[203.349s][info][gc             ] GC(1664) Pause Young (Allocation Failure) 176M->8M(510M) 2.447ms
[203.349s][info][gc,cpu         ] GC(1664) User=0.52s Sys=0.00s Real=0.00s
[203.482s][info][gc,start       ] GC(1665) Pause Young (Allocation Failure)
[203.484s][info][gc,heap        ] GC(1665) PSYoungGen: 172544K(173056K)->992K(173056K) Eden: 171520K(171520K)->0K(171520K) From: 1024K(1536K)->992K(1536K)
[203.484s][info][gc,heap        ] GC(1665) ParOldGen: 7943K(349696K)->7999K(349696K)
[203.484s][info][gc,metaspace   ] GC(1665) Metaspace: 14390K(15232K)->14390K(15232K) NonClass: 12409K(12864K)->12409K(12864K) Class: 1981K(2368K)->1981K(2368K)
[203.484s][info][gc             ] GC(1665) Pause Young (Allocation Failure) 176M->8M(510M) 2.396ms
[203.484s][info][gc,cpu         ] GC(1665) User=0.00s Sys=0.00s Real=0.00s
[203.615s][info][gc,start       ] GC(1666) Pause Young (Allocation Failure)
[203.617s][info][gc,heap        ] GC(1666) PSYoungGen: 172512K(173056K)->960K(173056K) Eden: 171520K(171520K)->0K(171520K) From: 992K(1536K)->960K(1536K)
[203.617s][info][gc,heap        ] GC(1666) ParOldGen: 7999K(349696K)->8071K(349696K)
[203.617s][info][gc,metaspace   ] GC(1666) Metaspace: 14390K(15232K)->14390K(15232K) NonClass: 12409K(12864K)->12409K(12864K) Class: 1981K(2368K)->1981K(2368K)
[203.617s][info][gc             ] GC(1666) Pause Young (Allocation Failure) 176M->8M(510M) 2.228ms
[203.617s][info][gc,cpu         ] GC(1666) User=0.00s Sys=0.00s Real=0.00s
[203.738s][info][gc,start       ] GC(1667) Pause Young (Allocation Failure)
[203.740s][info][gc,heap        ] GC(1667) PSYoungGen: 172480K(173056K)->960K(173056K) Eden: 171520K(171520K)->0K(171520K) From: 960K(1536K)->960K(1536K)
[203.740s][info][gc,heap        ] GC(1667) ParOldGen: 8071K(349696K)->8143K(349696K)
[203.740s][info][gc,metaspace   ] GC(1667) Metaspace: 14390K(15232K)->14390K(15232K) NonClass: 12409K(12864K)->12409K(12864K) Class: 1981K(2368K)->1981K(2368K)
[203.740s][info][gc             ] GC(1667) Pause Young (Allocation Failure) 176M->8M(510M) 2.236ms
[203.741s][info][gc,cpu         ] GC(1667) User=0.00s Sys=0.00s Real=0.00s
[203.863s][info][gc,start       ] GC(1668) Pause Young (Allocation Failure)
[203.865s][info][gc,heap        ] GC(1668) PSYoungGen: 172480K(173056K)->1024K(173056K) Eden: 171520K(171520K)->0K(171520K) From: 960K(1536K)->1024K(1536K)
[203.865s][info][gc,heap        ] GC(1668) ParOldGen: 8143K(349696K)->8223K(349696K)
[203.865s][info][gc,metaspace   ] GC(1668) Metaspace: 14390K(15232K)->14390K(15232K) NonClass: 12409K(12864K)->12409K(12864K) Class: 1981K(2368K)->1981K(2368K)
[203.865s][info][gc             ] GC(1668) Pause Young (Allocation Failure) 176M->9M(510M) 2.239ms
[203.865s][info][gc,cpu         ] GC(1668) User=0.52s Sys=0.00s Real=0.00s
[203.987s][info][gc,start       ] GC(1669) Pause Young (Allocation Failure)
[203.989s][info][gc,heap        ] GC(1669) PSYoungGen: 172544K(173056K)->992K(173056K) Eden: 171520K(171520K)->0K(171520K) From: 1024K(1536K)->992K(1536K)
[203.989s][info][gc,heap        ] GC(1669) ParOldGen: 8223K(349696K)->8287K(349696K)
[203.989s][info][gc,metaspace   ] GC(1669) Metaspace: 14390K(15232K)->14390K(15232K) NonClass: 12409K(12864K)->12409K(12864K) Class: 1981K(2368K)->1981K(2368K)
[203.989s][info][gc             ] GC(1669) Pause Young (Allocation Failure) 176M->9M(510M) 2.272ms
[203.989s][info][gc,cpu         ] GC(1669) User=0.52s Sys=0.00s Real=0.00s
[204.112s][info][gc,start       ] GC(1670) Pause Young (Allocation Failure)
[204.114s][info][gc,heap        ] GC(1670) PSYoungGen: 172512K(173056K)->992K(173056K) Eden: 171520K(171520K)->0K(171520K) From: 992K(1536K)->992K(1536K)
[204.114s][info][gc,heap        ] GC(1670) ParOldGen: 8287K(349696K)->8335K(349696K)
[204.114s][info][gc,metaspace   ] GC(1670) Metaspace: 14390K(15232K)->14390K(15232K) NonClass: 12409K(12864K)->12409K(12864K) Class: 1981K(2368K)->1981K(2368K)
[204.114s][info][gc             ] GC(1670) Pause Young (Allocation Failure) 176M->9M(510M) 2.312ms
[204.114s][info][gc,cpu         ] GC(1670) User=0.52s Sys=0.00s Real=0.00s
[204.235s][info][gc,start       ] GC(1671) Pause Young (Allocation Failure)
[204.238s][info][gc,heap        ] GC(1671) PSYoungGen: 172512K(173056K)->992K(173056K) Eden: 171520K(171520K)->0K(171520K) From: 992K(1536K)->992K(1536K)
[204.238s][info][gc,heap        ] GC(1671) ParOldGen: 8335K(349696K)->8431K(349696K)
[204.238s][info][gc,metaspace   ] GC(1671) Metaspace: 14390K(15232K)->14390K(15232K) NonClass: 12409K(12864K)->12409K(12864K) Class: 1981K(2368K)->1981K(2368K)
[204.238s][info][gc             ] GC(1671) Pause Young (Allocation Failure) 176M->9M(510M) 2.369ms
[204.238s][info][gc,cpu         ] GC(1671) User=0.00s Sys=0.00s Real=0.00s
[204.356s][info][gc,start       ] GC(1672) Pause Young (Allocation Failure)
[204.359s][info][gc,heap        ] GC(1672) PSYoungGen: 172512K(173056K)->1024K(173056K) Eden: 171520K(171520K)->0K(171520K) From: 992K(1536K)->1024K(1536K)
[204.359s][info][gc,heap        ] GC(1672) ParOldGen: 8431K(349696K)->8463K(349696K)
[204.359s][info][gc,metaspace   ] GC(1672) Metaspace: 14390K(15232K)->14390K(15232K) NonClass: 12409K(12864K)->12409K(12864K) Class: 1981K(2368K)->1981K(2368K)
[204.359s][info][gc             ] GC(1672) Pause Young (Allocation Failure) 176M->9M(510M) 2.357ms
[204.359s][info][gc,cpu         ] GC(1672) User=0.00s Sys=0.00s Real=0.00s
[204.479s][info][gc,start       ] GC(1673) Pause Young (Allocation Failure)
[204.481s][info][gc,heap        ] GC(1673) PSYoungGen: 172544K(173056K)->1024K(173056K) Eden: 171520K(171520K)->0K(171520K) From: 1024K(1536K)->1024K(1536K)
[204.481s][info][gc,heap        ] GC(1673) ParOldGen: 8463K(349696K)->8495K(349696K)
[204.481s][info][gc,metaspace   ] GC(1673) Metaspace: 14390K(15232K)->14390K(15232K) NonClass: 12409K(12864K)->12409K(12864K) Class: 1981K(2368K)->1981K(2368K)
[204.481s][info][gc             ] GC(1673) Pause Young (Allocation Failure) 176M->9M(510M) 2.403ms
[204.481s][info][gc,cpu         ] GC(1673) User=0.00s Sys=0.00s Real=0.00s
[204.601s][info][gc,start       ] GC(1674) Pause Young (Allocation Failure)
[204.604s][info][gc,heap        ] GC(1674) PSYoungGen: 172544K(173056K)->960K(173056K) Eden: 171520K(171520K)->0K(171520K) From: 1024K(1536K)->960K(1536K)
[204.604s][info][gc,heap        ] GC(1674) ParOldGen: 8495K(349696K)->8543K(349696K)
[204.604s][info][gc,metaspace   ] GC(1674) Metaspace: 14390K(15232K)->14390K(15232K) NonClass: 12409K(12864K)->12409K(12864K) Class: 1981K(2368K)->1981K(2368K)
[204.604s][info][gc             ] GC(1674) Pause Young (Allocation Failure) 176M->9M(510M) 2.391ms
[204.604s][info][gc,cpu         ] GC(1674) User=0.00s Sys=0.00s Real=0.00s
[204.726s][info][gc,start       ] GC(1675) Pause Young (Allocation Failure)
[204.729s][info][gc,heap        ] GC(1675) PSYoungGen: 172480K(173056K)->960K(173056K) Eden: 171520K(171520K)->0K(171520K) From: 960K(1536K)->960K(1536K)
[204.729s][info][gc,heap        ] GC(1675) ParOldGen: 8543K(349696K)->8591K(349696K)
[204.729s][info][gc,metaspace   ] GC(1675) Metaspace: 14390K(15232K)->14390K(15232K) NonClass: 12409K(12864K)->12409K(12864K) Class: 1981K(2368K)->1981K(2368K)
[204.729s][info][gc             ] GC(1675) Pause Young (Allocation Failure) 176M->9M(510M) 2.431ms
[204.729s][info][gc,cpu         ] GC(1675) User=0.00s Sys=0.00s Real=0.00s
[204.849s][info][gc,start       ] GC(1676) Pause Young (Allocation Failure)
[204.851s][info][gc,heap        ] GC(1676) PSYoungGen: 172480K(173056K)->1024K(173056K) Eden: 171520K(171520K)->0K(171520K) From: 960K(1536K)->1024K(1536K)
[204.851s][info][gc,heap        ] GC(1676) ParOldGen: 8591K(349696K)->8671K(349696K)
[204.851s][info][gc,metaspace   ] GC(1676) Metaspace: 14390K(15232K)->14390K(15232K) NonClass: 12409K(12864K)->12409K(12864K) Class: 1981K(2368K)->1981K(2368K)
[204.851s][info][gc             ] GC(1676) Pause Young (Allocation Failure) 176M->9M(510M) 2.460ms
[204.851s][info][gc,cpu         ] GC(1676) User=0.00s Sys=0.00s Real=0.00s
[204.971s][info][gc,start       ] GC(1677) Pause Young (Allocation Failure)
[204.974s][info][gc,heap        ] GC(1677) PSYoungGen: 172544K(173056K)->960K(173056K) Eden: 171520K(171520K)->0K(171520K) From: 1024K(1536K)->960K(1536K)
[204.974s][info][gc,heap        ] GC(1677) ParOldGen: 8671K(349696K)->8727K(349696K)
[204.974s][info][gc,metaspace   ] GC(1677) Metaspace: 14390K(15232K)->14390K(15232K) NonClass: 12409K(12864K)->12409K(12864K) Class: 1981K(2368K)->1981K(2368K)
[204.974s][info][gc             ] GC(1677) Pause Young (Allocation Failure) 176M->9M(510M) 2.487ms
[204.974s][info][gc,cpu         ] GC(1677) User=0.52s Sys=0.00s Real=0.00s
[205.093s][info][gc,start       ] GC(1678) Pause Young (Allocation Failure)
[205.095s][info][gc,heap        ] GC(1678) PSYoungGen: 172480K(173056K)->992K(173056K) Eden: 171520K(171520K)->0K(171520K) From: 960K(1536K)->992K(1536K)
[205.095s][info][gc,heap        ] GC(1678) ParOldGen: 8727K(349696K)->8799K(349696K)
[205.095s][info][gc,metaspace   ] GC(1678) Metaspace: 14390K(15232K)->14390K(15232K) NonClass: 12409K(12864K)->12409K(12864K) Class: 1981K(2368K)->1981K(2368K)
[205.095s][info][gc             ] GC(1678) Pause Young (Allocation Failure) 176M->9M(510M) 2.483ms
[205.095s][info][gc,cpu         ] GC(1678) User=0.00s Sys=0.00s Real=0.00s
[205.216s][info][gc,start       ] GC(1679) Pause Young (Allocation Failure)
[205.218s][info][gc,heap        ] GC(1679) PSYoungGen: 172512K(173056K)->1024K(173056K) Eden: 171520K(171520K)->0K(171520K) From: 992K(1536K)->1024K(1536K)
[205.219s][info][gc,heap        ] GC(1679) ParOldGen: 8799K(349696K)->8847K(349696K)
[205.219s][info][gc,metaspace   ] GC(1679) Metaspace: 14390K(15232K)->14390K(15232K) NonClass: 12409K(12864K)->12409K(12864K) Class: 1981K(2368K)->1981K(2368K)
[205.219s][info][gc             ] GC(1679) Pause Young (Allocation Failure) 177M->9M(510M) 2.470ms
[205.219s][info][gc,cpu         ] GC(1679) User=0.00s Sys=0.00s Real=0.00s
[205.340s][info][gc,start       ] GC(1680) Pause Young (Allocation Failure)
[205.343s][info][gc,heap        ] GC(1680) PSYoungGen: 172544K(173056K)->960K(173056K) Eden: 171520K(171520K)->0K(171520K) From: 1024K(1536K)->960K(1536K)
[205.343s][info][gc,heap        ] GC(1680) ParOldGen: 8847K(349696K)->8879K(349696K)
[205.343s][info][gc,metaspace   ] GC(1680) Metaspace: 14390K(15232K)->14390K(15232K) NonClass: 12409K(12864K)->12409K(12864K) Class: 1981K(2368K)->1981K(2368K)
[205.343s][info][gc             ] GC(1680) Pause Young (Allocation Failure) 177M->9M(510M) 2.528ms
[205.343s][info][gc,cpu         ] GC(1680) User=0.00s Sys=0.00s Real=0.00s
[205.464s][info][gc,start       ] GC(1681) Pause Young (Allocation Failure)
[205.466s][info][gc,heap        ] GC(1681) PSYoungGen: 172480K(173056K)->992K(173056K) Eden: 171520K(171520K)->0K(171520K) From: 960K(1536K)->992K(1536K)
[205.466s][info][gc,heap        ] GC(1681) ParOldGen: 8879K(349696K)->8943K(349696K)
[205.466s][info][gc,metaspace   ] GC(1681) Metaspace: 14390K(15232K)->14390K(15232K) NonClass: 12409K(12864K)->12409K(12864K) Class: 1981K(2368K)->1981K(2368K)
[205.466s][info][gc             ] GC(1681) Pause Young (Allocation Failure) 177M->9M(510M) 2.582ms
[205.466s][info][gc,cpu         ] GC(1681) User=0.00s Sys=0.00s Real=0.00s
[205.589s][info][gc,start       ] GC(1682) Pause Young (Allocation Failure)
[205.591s][info][gc,heap        ] GC(1682) PSYoungGen: 172512K(173056K)->992K(173056K) Eden: 171520K(171520K)->0K(171520K) From: 992K(1536K)->992K(1536K)
[205.591s][info][gc,heap        ] GC(1682) ParOldGen: 8943K(349696K)->9031K(349696K)
[205.591s][info][gc,metaspace   ] GC(1682) Metaspace: 14390K(15232K)->14390K(15232K) NonClass: 12409K(12864K)->12409K(12864K) Class: 1981K(2368K)->1981K(2368K)
[205.591s][info][gc             ] GC(1682) Pause Young (Allocation Failure) 177M->9M(510M) 2.648ms
[205.591s][info][gc,cpu         ] GC(1682) User=0.00s Sys=0.00s Real=0.00s
[205.714s][info][gc,start       ] GC(1683) Pause Young (Allocation Failure)
[205.717s][info][gc,heap        ] GC(1683) PSYoungGen: 172512K(173056K)->992K(173056K) Eden: 171520K(171520K)->0K(171520K) From: 992K(1536K)->992K(1536K)
[205.717s][info][gc,heap        ] GC(1683) ParOldGen: 9031K(349696K)->9087K(349696K)
[205.717s][info][gc,metaspace   ] GC(1683) Metaspace: 14390K(15232K)->14390K(15232K) NonClass: 12409K(12864K)->12409K(12864K) Class: 1981K(2368K)->1981K(2368K)
[205.717s][info][gc             ] GC(1683) Pause Young (Allocation Failure) 177M->9M(510M) 2.654ms
[205.717s][info][gc,cpu         ] GC(1683) User=0.00s Sys=0.00s Real=0.00s
[205.836s][info][gc,start       ] GC(1684) Pause Young (Allocation Failure)
[205.839s][info][gc,heap        ] GC(1684) PSYoungGen: 172512K(173056K)->1024K(173056K) Eden: 171520K(171520K)->0K(171520K) From: 992K(1536K)->1024K(1536K)
[205.839s][info][gc,heap        ] GC(1684) ParOldGen: 9087K(349696K)->9151K(349696K)
[205.839s][info][gc,metaspace   ] GC(1684) Metaspace: 14390K(15232K)->14390K(15232K) NonClass: 12409K(12864K)->12409K(12864K) Class: 1981K(2368K)->1981K(2368K)
[205.839s][info][gc             ] GC(1684) Pause Young (Allocation Failure) 177M->9M(510M) 2.661ms
[205.839s][info][gc,cpu         ] GC(1684) User=0.00s Sys=0.00s Real=0.00s
[205.958s][info][gc,start       ] GC(1685) Pause Young (Allocation Failure)
[205.961s][info][gc,heap        ] GC(1685) PSYoungGen: 172544K(173056K)->1024K(173056K) Eden: 171520K(171520K)->0K(171520K) From: 1024K(1536K)->1024K(1536K)
[205.961s][info][gc,heap        ] GC(1685) ParOldGen: 9151K(349696K)->9207K(349696K)
[205.961s][info][gc,metaspace   ] GC(1685) Metaspace: 14390K(15232K)->14390K(15232K) NonClass: 12409K(12864K)->12409K(12864K) Class: 1981K(2368K)->1981K(2368K)
[205.961s][info][gc             ] GC(1685) Pause Young (Allocation Failure) 177M->9M(510M) 2.728ms
[205.961s][info][gc,cpu         ] GC(1685) User=0.00s Sys=0.00s Real=0.00s
[206.082s][info][gc,start       ] GC(1686) Pause Young (Allocation Failure)
[206.084s][info][gc,heap        ] GC(1686) PSYoungGen: 172544K(173056K)->992K(173056K) Eden: 171520K(171520K)->0K(171520K) From: 1024K(1536K)->992K(1536K)
[206.084s][info][gc,heap        ] GC(1686) ParOldGen: 9207K(349696K)->9247K(349696K)
[206.084s][info][gc,metaspace   ] GC(1686) Metaspace: 14390K(15232K)->14390K(15232K) NonClass: 12409K(12864K)->12409K(12864K) Class: 1981K(2368K)->1981K(2368K)
[206.084s][info][gc             ] GC(1686) Pause Young (Allocation Failure) 177M->9M(510M) 2.634ms
[206.084s][info][gc,cpu         ] GC(1686) User=0.52s Sys=0.00s Real=0.00s
[206.206s][info][gc,start       ] GC(1687) Pause Young (Allocation Failure)
[206.209s][info][gc,heap        ] GC(1687) PSYoungGen: 172512K(173056K)->992K(173056K) Eden: 171520K(171520K)->0K(171520K) From: 992K(1536K)->992K(1536K)
[206.209s][info][gc,heap        ] GC(1687) ParOldGen: 9247K(349696K)->9295K(349696K)
[206.209s][info][gc,metaspace   ] GC(1687) Metaspace: 14390K(15232K)->14390K(15232K) NonClass: 12409K(12864K)->12409K(12864K) Class: 1981K(2368K)->1981K(2368K)
[206.209s][info][gc             ] GC(1687) Pause Young (Allocation Failure) 177M->10M(510M) 2.748ms
[206.209s][info][gc,cpu         ] GC(1687) User=0.03s Sys=0.00s Real=0.00s
[206.330s][info][gc,start       ] GC(1688) Pause Young (Allocation Failure)
[206.333s][info][gc,heap        ] GC(1688) PSYoungGen: 172512K(173056K)->1024K(173056K) Eden: 171520K(171520K)->0K(171520K) From: 992K(1536K)->1024K(1536K)
[206.333s][info][gc,heap        ] GC(1688) ParOldGen: 9295K(349696K)->9351K(349696K)
[206.333s][info][gc,metaspace   ] GC(1688) Metaspace: 14390K(15232K)->14390K(15232K) NonClass: 12409K(12864K)->12409K(12864K) Class: 1981K(2368K)->1981K(2368K)
[206.333s][info][gc             ] GC(1688) Pause Young (Allocation Failure) 177M->10M(510M) 2.740ms
[206.333s][info][gc,cpu         ] GC(1688) User=0.52s Sys=0.00s Real=0.00s
[206.454s][info][gc,start       ] GC(1689) Pause Young (Allocation Failure)
[206.456s][info][gc,heap        ] GC(1689) PSYoungGen: 172544K(173056K)->1024K(173056K) Eden: 171520K(171520K)->0K(171520K) From: 1024K(1536K)->1024K(1536K)
[206.456s][info][gc,heap        ] GC(1689) ParOldGen: 9351K(349696K)->9415K(349696K)
[206.456s][info][gc,metaspace   ] GC(1689) Metaspace: 14390K(15232K)->14390K(15232K) NonClass: 12409K(12864K)->12409K(12864K) Class: 1981K(2368K)->1981K(2368K)
[206.456s][info][gc             ] GC(1689) Pause Young (Allocation Failure) 177M->10M(510M) 2.755ms
[206.456s][info][gc,cpu         ] GC(1689) User=0.00s Sys=0.00s Real=0.00s
[206.651s][info][gc,start       ] GC(1690) Pause Young (Allocation Failure)
[206.654s][info][gc,heap        ] GC(1690) PSYoungGen: 172544K(173056K)->1024K(173056K) Eden: 171520K(171520K)->0K(171520K) From: 1024K(1536K)->1024K(1536K)
[206.654s][info][gc,heap        ] GC(1690) ParOldGen: 9415K(349696K)->9463K(349696K)
[206.654s][info][gc,metaspace   ] GC(1690) Metaspace: 14390K(15232K)->14390K(15232K) NonClass: 12409K(12864K)->12409K(12864K) Class: 1981K(2368K)->1981K(2368K)
[206.654s][info][gc             ] GC(1690) Pause Young (Allocation Failure) 177M->10M(510M) 3.645ms
[206.654s][info][gc,cpu         ] GC(1690) User=0.00s Sys=0.00s Real=0.00s
[206.787s][info][gc,start       ] GC(1691) Pause Young (Allocation Failure)
[206.789s][info][gc,heap        ] GC(1691) PSYoungGen: 172544K(173056K)->992K(173056K) Eden: 171520K(171520K)->0K(171520K) From: 1024K(1536K)->992K(1536K)
[206.789s][info][gc,heap        ] GC(1691) ParOldGen: 9463K(349696K)->9503K(349696K)
[206.789s][info][gc,metaspace   ] GC(1691) Metaspace: 14390K(15232K)->14390K(15232K) NonClass: 12409K(12864K)->12409K(12864K) Class: 1981K(2368K)->1981K(2368K)
[206.789s][info][gc             ] GC(1691) Pause Young (Allocation Failure) 177M->10M(510M) 2.588ms
[206.789s][info][gc,cpu         ] GC(1691) User=0.00s Sys=0.00s Real=0.00s
[206.913s][info][gc,start       ] GC(1692) Pause Young (Allocation Failure)
[206.915s][info][gc,heap        ] GC(1692) PSYoungGen: 172512K(173056K)->992K(173056K) Eden: 171520K(171520K)->0K(171520K) From: 992K(1536K)->992K(1536K)
[206.915s][info][gc,heap        ] GC(1692) ParOldGen: 9503K(349696K)->9559K(349696K)
[206.915s][info][gc,metaspace   ] GC(1692) Metaspace: 14390K(15232K)->14390K(15232K) NonClass: 12409K(12864K)->12409K(12864K) Class: 1981K(2368K)->1981K(2368K)
[206.915s][info][gc             ] GC(1692) Pause Young (Allocation Failure) 177M->10M(510M) 2.492ms
[206.915s][info][gc,cpu         ] GC(1692) User=0.00s Sys=0.00s Real=0.00s
[207.041s][info][gc,start       ] GC(1693) Pause Young (Allocation Failure)
[207.043s][info][gc,heap        ] GC(1693) PSYoungGen: 172512K(173056K)->1024K(173056K) Eden: 171520K(171520K)->0K(171520K) From: 992K(1536K)->1024K(1536K)
[207.043s][info][gc,heap        ] GC(1693) ParOldGen: 9559K(349696K)->9607K(349696K)
[207.043s][info][gc,metaspace   ] GC(1693) Metaspace: 14390K(15232K)->14390K(15232K) NonClass: 12409K(12864K)->12409K(12864K) Class: 1981K(2368K)->1981K(2368K)
[207.043s][info][gc             ] GC(1693) Pause Young (Allocation Failure) 177M->10M(510M) 2.441ms
[207.043s][info][gc,cpu         ] GC(1693) User=0.00s Sys=0.00s Real=0.00s
[207.164s][info][gc,start       ] GC(1694) Pause Young (Allocation Failure)
[207.167s][info][gc,heap        ] GC(1694) PSYoungGen: 172544K(173056K)->1024K(173056K) Eden: 171520K(171520K)->0K(171520K) From: 1024K(1536K)->1024K(1536K)
[207.167s][info][gc,heap        ] GC(1694) ParOldGen: 9607K(349696K)->9663K(349696K)
[207.167s][info][gc,metaspace   ] GC(1694) Metaspace: 14390K(15232K)->14390K(15232K) NonClass: 12409K(12864K)->12409K(12864K) Class: 1981K(2368K)->1981K(2368K)
[207.167s][info][gc             ] GC(1694) Pause Young (Allocation Failure) 177M->10M(510M) 2.458ms
[207.167s][info][gc,cpu         ] GC(1694) User=0.00s Sys=0.00s Real=0.00s
[207.300s][info][gc,start       ] GC(1695) Pause Young (Allocation Failure)
[207.303s][info][gc,heap        ] GC(1695) PSYoungGen: 172544K(173056K)->1024K(173056K) Eden: 171520K(171520K)->0K(171520K) From: 1024K(1536K)->1024K(1536K)
[207.303s][info][gc,heap        ] GC(1695) ParOldGen: 9663K(349696K)->9719K(349696K)
[207.303s][info][gc,metaspace   ] GC(1695) Metaspace: 14390K(15232K)->14390K(15232K) NonClass: 12409K(12864K)->12409K(12864K) Class: 1981K(2368K)->1981K(2368K)
[207.303s][info][gc             ] GC(1695) Pause Young (Allocation Failure) 177M->10M(510M) 2.503ms
[207.303s][info][gc,cpu         ] GC(1695) User=0.52s Sys=0.00s Real=0.00s
[207.433s][info][gc,start       ] GC(1696) Pause Young (Allocation Failure)
[207.436s][info][gc,heap        ] GC(1696) PSYoungGen: 172544K(173056K)->992K(173056K) Eden: 171520K(171520K)->0K(171520K) From: 1024K(1536K)->992K(1536K)
[207.436s][info][gc,heap        ] GC(1696) ParOldGen: 9719K(349696K)->9783K(349696K)
[207.436s][info][gc,metaspace   ] GC(1696) Metaspace: 14390K(15232K)->14390K(15232K) NonClass: 12409K(12864K)->12409K(12864K) Class: 1981K(2368K)->1981K(2368K)
[207.436s][info][gc             ] GC(1696) Pause Young (Allocation Failure) 177M->10M(510M) 2.277ms
[207.436s][info][gc,cpu         ] GC(1696) User=0.00s Sys=0.00s Real=0.00s
[207.558s][info][gc,start       ] GC(1697) Pause Young (Allocation Failure)
[207.560s][info][gc,heap        ] GC(1697) PSYoungGen: 172512K(173056K)->960K(173056K) Eden: 171520K(171520K)->0K(171520K) From: 992K(1536K)->960K(1536K)
[207.560s][info][gc,heap        ] GC(1697) ParOldGen: 9783K(349696K)->9815K(349696K)
[207.560s][info][gc,metaspace   ] GC(1697) Metaspace: 14390K(15232K)->14390K(15232K) NonClass: 12409K(12864K)->12409K(12864K) Class: 1981K(2368K)->1981K(2368K)
[207.560s][info][gc             ] GC(1697) Pause Young (Allocation Failure) 178M->10M(510M) 2.291ms
[207.560s][info][gc,cpu         ] GC(1697) User=0.00s Sys=0.00s Real=0.00s
[207.680s][info][gc,start       ] GC(1698) Pause Young (Allocation Failure)
[207.683s][info][gc,heap        ] GC(1698) PSYoungGen: 172480K(173056K)->992K(173056K) Eden: 171520K(171520K)->0K(171520K) From: 960K(1536K)->992K(1536K)
[207.683s][info][gc,heap        ] GC(1698) ParOldGen: 9815K(349696K)->9863K(349696K)
[207.683s][info][gc,metaspace   ] GC(1698) Metaspace: 14390K(15232K)->14390K(15232K) NonClass: 12409K(12864K)->12409K(12864K) Class: 1981K(2368K)->1981K(2368K)
[207.683s][info][gc             ] GC(1698) Pause Young (Allocation Failure) 178M->10M(510M) 2.279ms
[207.683s][info][gc,cpu         ] GC(1698) User=0.00s Sys=0.00s Real=0.00s
[207.804s][info][gc,start       ] GC(1699) Pause Young (Allocation Failure)
[207.807s][info][gc,heap        ] GC(1699) PSYoungGen: 172512K(173056K)->1024K(173056K) Eden: 171520K(171520K)->0K(171520K) From: 992K(1536K)->1024K(1536K)
[207.807s][info][gc,heap        ] GC(1699) ParOldGen: 9863K(349696K)->9927K(349696K)
[207.807s][info][gc,metaspace   ] GC(1699) Metaspace: 14390K(15232K)->14390K(15232K) NonClass: 12409K(12864K)->12409K(12864K) Class: 1981K(2368K)->1981K(2368K)
[207.807s][info][gc             ] GC(1699) Pause Young (Allocation Failure) 178M->10M(510M) 2.327ms
[207.807s][info][gc,cpu         ] GC(1699) User=0.00s Sys=0.00s Real=0.00s
[207.927s][info][gc,start       ] GC(1700) Pause Young (Allocation Failure)
[207.930s][info][gc,heap        ] GC(1700) PSYoungGen: 172544K(173056K)->1024K(173056K) Eden: 171520K(171520K)->0K(171520K) From: 1024K(1536K)->1024K(1536K)
[207.930s][info][gc,heap        ] GC(1700) ParOldGen: 9927K(349696K)->9959K(349696K)
[207.930s][info][gc,metaspace   ] GC(1700) Metaspace: 14390K(15232K)->14390K(15232K) NonClass: 12409K(12864K)->12409K(12864K) Class: 1981K(2368K)->1981K(2368K)
[207.930s][info][gc             ] GC(1700) Pause Young (Allocation Failure) 178M->10M(510M) 2.424ms
[207.930s][info][gc,cpu         ] GC(1700) User=0.00s Sys=0.00s Real=0.00s
[208.051s][info][gc,start       ] GC(1701) Pause Young (Allocation Failure)
[208.053s][info][gc,heap        ] GC(1701) PSYoungGen: 172544K(173056K)->992K(173056K) Eden: 171520K(171520K)->0K(171520K) From: 1024K(1536K)->992K(1536K)
[208.053s][info][gc,heap        ] GC(1701) ParOldGen: 9959K(349696K)->9999K(349696K)
[208.053s][info][gc,metaspace   ] GC(1701) Metaspace: 14390K(15232K)->14390K(15232K) NonClass: 12409K(12864K)->12409K(12864K) Class: 1981K(2368K)->1981K(2368K)
[208.053s][info][gc             ] GC(1701) Pause Young (Allocation Failure) 178M->10M(510M) 2.389ms
[208.053s][info][gc,cpu         ] GC(1701) User=0.00s Sys=0.00s Real=0.00s
[208.172s][info][gc,start       ] GC(1702) Pause Young (Allocation Failure)
[208.175s][info][gc,heap        ] GC(1702) PSYoungGen: 172512K(173056K)->1024K(173056K) Eden: 171520K(171520K)->0K(171520K) From: 992K(1536K)->1024K(1536K)
[208.175s][info][gc,heap        ] GC(1702) ParOldGen: 9999K(349696K)->10055K(349696K)
[208.175s][info][gc,metaspace   ] GC(1702) Metaspace: 14390K(15232K)->14390K(15232K) NonClass: 12409K(12864K)->12409K(12864K) Class: 1981K(2368K)->1981K(2368K)
[208.175s][info][gc             ] GC(1702) Pause Young (Allocation Failure) 178M->10M(510M) 2.464ms
[208.175s][info][gc,cpu         ] GC(1702) User=0.00s Sys=0.00s Real=0.00s
[208.298s][info][gc,start       ] GC(1703) Pause Young (Allocation Failure)
[208.301s][info][gc,heap        ] GC(1703) PSYoungGen: 172544K(173056K)->1024K(173056K) Eden: 171520K(171520K)->0K(171520K) From: 1024K(1536K)->1024K(1536K)
[208.301s][info][gc,heap        ] GC(1703) ParOldGen: 10055K(349696K)->10135K(349696K)
[208.301s][info][gc,metaspace   ] GC(1703) Metaspace: 14390K(15232K)->14390K(15232K) NonClass: 12409K(12864K)->12409K(12864K) Class: 1981K(2368K)->1981K(2368K)
[208.301s][info][gc             ] GC(1703) Pause Young (Allocation Failure) 178M->10M(510M) 2.427ms
[208.301s][info][gc,cpu         ] GC(1703) User=0.02s Sys=0.39s Real=0.00s
[208.419s][info][gc,start       ] GC(1704) Pause Young (Allocation Failure)
[208.421s][info][gc,heap        ] GC(1704) PSYoungGen: 172544K(173056K)->1024K(173056K) Eden: 171520K(171520K)->0K(171520K) From: 1024K(1536K)->1024K(1536K)
[208.421s][info][gc,heap        ] GC(1704) ParOldGen: 10135K(349696K)->10191K(349696K)
[208.421s][info][gc,metaspace   ] GC(1704) Metaspace: 14390K(15232K)->14390K(15232K) NonClass: 12409K(12864K)->12409K(12864K) Class: 1981K(2368K)->1981K(2368K)
[208.421s][info][gc             ] GC(1704) Pause Young (Allocation Failure) 178M->10M(510M) 2.471ms
[208.421s][info][gc,cpu         ] GC(1704) User=0.00s Sys=0.00s Real=0.00s
[208.541s][info][gc,start       ] GC(1705) Pause Young (Allocation Failure)
[208.544s][info][gc,heap        ] GC(1705) PSYoungGen: 172544K(173056K)->1024K(173056K) Eden: 171520K(171520K)->0K(171520K) From: 1024K(1536K)->1024K(1536K)
[208.544s][info][gc,heap        ] GC(1705) ParOldGen: 10191K(349696K)->10255K(349696K)
[208.544s][info][gc,metaspace   ] GC(1705) Metaspace: 14390K(15232K)->14390K(15232K) NonClass: 12409K(12864K)->12409K(12864K) Class: 1981K(2368K)->1981K(2368K)
[208.544s][info][gc             ] GC(1705) Pause Young (Allocation Failure) 178M->11M(510M) 2.522ms
[208.544s][info][gc,cpu         ] GC(1705) User=0.00s Sys=0.00s Real=0.00s
[208.665s][info][gc,start       ] GC(1706) Pause Young (Allocation Failure)
[208.667s][info][gc,heap        ] GC(1706) PSYoungGen: 172543K(173056K)->992K(173056K) Eden: 171519K(171520K)->0K(171520K) From: 1024K(1536K)->992K(1536K)
[208.667s][info][gc,heap        ] GC(1706) ParOldGen: 10255K(349696K)->10319K(349696K)
[208.667s][info][gc,metaspace   ] GC(1706) Metaspace: 14390K(15232K)->14390K(15232K) NonClass: 12409K(12864K)->12409K(12864K) Class: 1981K(2368K)->1981K(2368K)
[208.667s][info][gc             ] GC(1706) Pause Young (Allocation Failure) 178M->11M(510M) 2.554ms
[208.667s][info][gc,cpu         ] GC(1706) User=0.00s Sys=0.00s Real=0.00s
[208.790s][info][gc,start       ] GC(1707) Pause Young (Allocation Failure)
[208.796s][info][gc,heap        ] GC(1707) PSYoungGen: 172512K(173056K)->992K(173056K) Eden: 171520K(171520K)->0K(171520K) From: 992K(1536K)->992K(1536K)
[208.796s][info][gc,heap        ] GC(1707) ParOldGen: 10319K(349696K)->10367K(349696K)
[208.796s][info][gc,metaspace   ] GC(1707) Metaspace: 14390K(15232K)->14390K(15232K) NonClass: 12409K(12864K)->12409K(12864K) Class: 1981K(2368K)->1981K(2368K)
[208.796s][info][gc             ] GC(1707) Pause Young (Allocation Failure) 178M->11M(510M) 6.191ms
[208.796s][info][gc,cpu         ] GC(1707) User=0.00s Sys=0.00s Real=0.00s
[208.919s][info][gc,start       ] GC(1708) Pause Young (Allocation Failure)
[208.921s][info][gc,heap        ] GC(1708) PSYoungGen: 172512K(173056K)->992K(173056K) Eden: 171520K(171520K)->0K(171520K) From: 992K(1536K)->992K(1536K)
[208.921s][info][gc,heap        ] GC(1708) ParOldGen: 10367K(349696K)->10431K(349696K)
[208.921s][info][gc,metaspace   ] GC(1708) Metaspace: 14390K(15232K)->14390K(15232K) NonClass: 12409K(12864K)->12409K(12864K) Class: 1981K(2368K)->1981K(2368K)
[208.921s][info][gc             ] GC(1708) Pause Young (Allocation Failure) 178M->11M(510M) 2.661ms
[208.921s][info][gc,cpu         ] GC(1708) User=0.00s Sys=0.00s Real=0.00s
[209.040s][info][gc,start       ] GC(1709) Pause Young (Allocation Failure)
[209.043s][info][gc,heap        ] GC(1709) PSYoungGen: 172512K(173056K)->960K(173056K) Eden: 171520K(171520K)->0K(171520K) From: 992K(1536K)->960K(1536K)
[209.043s][info][gc,heap        ] GC(1709) ParOldGen: 10431K(349696K)->10479K(349696K)
[209.043s][info][gc,metaspace   ] GC(1709) Metaspace: 14390K(15232K)->14390K(15232K) NonClass: 12409K(12864K)->12409K(12864K) Class: 1981K(2368K)->1981K(2368K)
[209.043s][info][gc             ] GC(1709) Pause Young (Allocation Failure) 178M->11M(510M) 2.592ms
[209.043s][info][gc,cpu         ] GC(1709) User=0.00s Sys=0.00s Real=0.00s
[209.163s][info][gc,start       ] GC(1710) Pause Young (Allocation Failure)
[209.165s][info][gc,heap        ] GC(1710) PSYoungGen: 172480K(173056K)->1024K(173056K) Eden: 171520K(171520K)->0K(171520K) From: 960K(1536K)->1024K(1536K)
[209.165s][info][gc,heap        ] GC(1710) ParOldGen: 10479K(349696K)->10535K(349696K)
[209.165s][info][gc,metaspace   ] GC(1710) Metaspace: 14390K(15232K)->14390K(15232K) NonClass: 12409K(12864K)->12409K(12864K) Class: 1981K(2368K)->1981K(2368K)
[209.165s][info][gc             ] GC(1710) Pause Young (Allocation Failure) 178M->11M(510M) 2.640ms
[209.165s][info][gc,cpu         ] GC(1710) User=0.00s Sys=0.00s Real=0.00s
[209.286s][info][gc,start       ] GC(1711) Pause Young (Allocation Failure)
[209.288s][info][gc,heap        ] GC(1711) PSYoungGen: 172544K(173056K)->1024K(173056K) Eden: 171520K(171520K)->0K(171520K) From: 1024K(1536K)->1024K(1536K)
[209.288s][info][gc,heap        ] GC(1711) ParOldGen: 10535K(349696K)->10591K(349696K)
[209.288s][info][gc,metaspace   ] GC(1711) Metaspace: 14390K(15232K)->14390K(15232K) NonClass: 12409K(12864K)->12409K(12864K) Class: 1981K(2368K)->1981K(2368K)
[209.288s][info][gc             ] GC(1711) Pause Young (Allocation Failure) 178M->11M(510M) 2.626ms
[209.288s][info][gc,cpu         ] GC(1711) User=0.00s Sys=0.00s Real=0.00s
[209.409s][info][gc,start       ] GC(1712) Pause Young (Allocation Failure)
[209.411s][info][gc,heap        ] GC(1712) PSYoungGen: 172544K(173056K)->1024K(173056K) Eden: 171520K(171520K)->0K(171520K) From: 1024K(1536K)->1024K(1536K)
[209.411s][info][gc,heap        ] GC(1712) ParOldGen: 10591K(349696K)->10639K(349696K)
[209.411s][info][gc,metaspace   ] GC(1712) Metaspace: 14390K(15232K)->14390K(15232K) NonClass: 12409K(12864K)->12409K(12864K) Class: 1981K(2368K)->1981K(2368K)
[209.412s][info][gc             ] GC(1712) Pause Young (Allocation Failure) 178M->11M(510M) 2.671ms
[209.412s][info][gc,cpu         ] GC(1712) User=0.52s Sys=0.00s Real=0.00s
[209.532s][info][gc,start       ] GC(1713) Pause Young (Allocation Failure)
[209.534s][info][gc,heap        ] GC(1713) PSYoungGen: 172543K(173056K)->992K(173056K) Eden: 171519K(171520K)->0K(171520K) From: 1024K(1536K)->992K(1536K)
[209.534s][info][gc,heap        ] GC(1713) ParOldGen: 10639K(349696K)->10727K(349696K)
[209.534s][info][gc,metaspace   ] GC(1713) Metaspace: 14390K(15232K)->14390K(15232K) NonClass: 12409K(12864K)->12409K(12864K) Class: 1981K(2368K)->1981K(2368K)
[209.534s][info][gc             ] GC(1713) Pause Young (Allocation Failure) 178M->11M(510M) 2.687ms
[209.534s][info][gc,cpu         ] GC(1713) User=0.00s Sys=0.00s Real=0.00s
[209.655s][info][gc,start       ] GC(1714) Pause Young (Allocation Failure)
[209.657s][info][gc,heap        ] GC(1714) PSYoungGen: 172512K(173056K)->992K(173056K) Eden: 171520K(171520K)->0K(171520K) From: 992K(1536K)->992K(1536K)
[209.657s][info][gc,heap        ] GC(1714) ParOldGen: 10727K(349696K)->10759K(349696K)
[209.657s][info][gc,metaspace   ] GC(1714) Metaspace: 14390K(15232K)->14390K(15232K) NonClass: 12409K(12864K)->12409K(12864K) Class: 1981K(2368K)->1981K(2368K)
[209.657s][info][gc             ] GC(1714) Pause Young (Allocation Failure) 178M->11M(510M) 2.810ms
[209.657s][info][gc,cpu         ] GC(1714) User=0.00s Sys=0.00s Real=0.00s
[209.778s][info][gc,start       ] GC(1715) Pause Young (Allocation Failure)
[209.781s][info][gc,heap        ] GC(1715) PSYoungGen: 172512K(173056K)->960K(173056K) Eden: 171520K(171520K)->0K(171520K) From: 992K(1536K)->960K(1536K)
[209.781s][info][gc,heap        ] GC(1715) ParOldGen: 10759K(349696K)->10807K(349696K)
[209.781s][info][gc,metaspace   ] GC(1715) Metaspace: 14390K(15232K)->14390K(15232K) NonClass: 12409K(12864K)->12409K(12864K) Class: 1981K(2368K)->1981K(2368K)
[209.781s][info][gc             ] GC(1715) Pause Young (Allocation Failure) 178M->11M(510M) 2.715ms
[209.781s][info][gc,cpu         ] GC(1715) User=0.00s Sys=0.00s Real=0.00s
[209.903s][info][gc,start       ] GC(1716) Pause Young (Allocation Failure)
[209.906s][info][gc,heap        ] GC(1716) PSYoungGen: 172480K(173056K)->1024K(173056K) Eden: 171520K(171520K)->0K(171520K) From: 960K(1536K)->1024K(1536K)
[209.906s][info][gc,heap        ] GC(1716) ParOldGen: 10807K(349696K)->10855K(349696K)
[209.906s][info][gc,metaspace   ] GC(1716) Metaspace: 14390K(15232K)->14390K(15232K) NonClass: 12409K(12864K)->12409K(12864K) Class: 1981K(2368K)->1981K(2368K)
[209.906s][info][gc             ] GC(1716) Pause Young (Allocation Failure) 178M->11M(510M) 2.731ms
[209.906s][info][gc,cpu         ] GC(1716) User=0.00s Sys=0.00s Real=0.00s
[210.028s][info][gc,start       ] GC(1717) Pause Young (Allocation Failure)
[210.031s][info][gc,heap        ] GC(1717) PSYoungGen: 172544K(173056K)->992K(173056K) Eden: 171520K(171520K)->0K(171520K) From: 1024K(1536K)->992K(1536K)
[210.031s][info][gc,heap        ] GC(1717) ParOldGen: 10855K(349696K)->10911K(349696K)
[210.031s][info][gc,metaspace   ] GC(1717) Metaspace: 14390K(15232K)->14390K(15232K) NonClass: 12409K(12864K)->12409K(12864K) Class: 1981K(2368K)->1981K(2368K)
[210.031s][info][gc             ] GC(1717) Pause Young (Allocation Failure) 179M->11M(510M) 2.757ms
[210.031s][info][gc,cpu         ] GC(1717) User=0.00s Sys=0.00s Real=0.00s
[210.153s][info][gc,start       ] GC(1718) Pause Young (Allocation Failure)
[210.156s][info][gc,heap        ] GC(1718) PSYoungGen: 172512K(173056K)->960K(173056K) Eden: 171520K(171520K)->0K(171520K) From: 992K(1536K)->960K(1536K)
[210.156s][info][gc,heap        ] GC(1718) ParOldGen: 10911K(349696K)->10967K(349696K)
[210.156s][info][gc,metaspace   ] GC(1718) Metaspace: 14390K(15232K)->14390K(15232K) NonClass: 12409K(12864K)->12409K(12864K) Class: 1981K(2368K)->1981K(2368K)
[210.156s][info][gc             ] GC(1718) Pause Young (Allocation Failure) 179M->11M(510M) 2.796ms
[210.156s][info][gc,cpu         ] GC(1718) User=0.00s Sys=0.00s Real=0.00s
[210.427s][info][gc,start       ] GC(1719) Pause Young (Allocation Failure)
[210.431s][info][gc,heap        ] GC(1719) PSYoungGen: 172480K(173056K)->1024K(173056K) Eden: 171520K(171520K)->0K(171520K) From: 960K(1536K)->1024K(1536K)
[210.431s][info][gc,heap        ] GC(1719) ParOldGen: 10967K(349696K)->11023K(349696K)
[210.431s][info][gc,metaspace   ] GC(1719) Metaspace: 14390K(15232K)->14390K(15232K) NonClass: 12409K(12864K)->12409K(12864K) Class: 1981K(2368K)->1981K(2368K)
[210.431s][info][gc             ] GC(1719) Pause Young (Allocation Failure) 179M->11M(510M) 3.644ms
[210.431s][info][gc,cpu         ] GC(1719) User=0.00s Sys=0.00s Real=0.00s
[210.560s][info][gc,start       ] GC(1720) Pause Young (Allocation Failure)
[210.563s][info][gc,heap        ] GC(1720) PSYoungGen: 172544K(173056K)->1024K(173056K) Eden: 171520K(171520K)->0K(171520K) From: 1024K(1536K)->1024K(1536K)
[210.563s][info][gc,heap        ] GC(1720) ParOldGen: 11023K(349696K)->11095K(349696K)
[210.563s][info][gc,metaspace   ] GC(1720) Metaspace: 14390K(15232K)->14390K(15232K) NonClass: 12409K(12864K)->12409K(12864K) Class: 1981K(2368K)->1981K(2368K)
[210.563s][info][gc             ] GC(1720) Pause Young (Allocation Failure) 179M->11M(510M) 2.784ms
[210.563s][info][gc,cpu         ] GC(1720) User=0.00s Sys=0.00s Real=0.00s
[210.689s][info][gc,start       ] GC(1721) Pause Young (Allocation Failure)
[210.691s][info][gc,heap        ] GC(1721) PSYoungGen: 172544K(173056K)->992K(173056K) Eden: 171520K(171520K)->0K(171520K) From: 1024K(1536K)->992K(1536K)
[210.691s][info][gc,heap        ] GC(1721) ParOldGen: 11095K(349696K)->11151K(349696K)
[210.691s][info][gc,metaspace   ] GC(1721) Metaspace: 14390K(15232K)->14390K(15232K) NonClass: 12409K(12864K)->12409K(12864K) Class: 1981K(2368K)->1981K(2368K)
[210.691s][info][gc             ] GC(1721) Pause Young (Allocation Failure) 179M->11M(510M) 2.567ms
[210.691s][info][gc,cpu         ] GC(1721) User=0.00s Sys=0.00s Real=0.00s
[210.811s][info][gc,start       ] GC(1722) Pause Young (Allocation Failure)
[210.814s][info][gc,heap        ] GC(1722) PSYoungGen: 172512K(173056K)->992K(173056K) Eden: 171520K(171520K)->0K(171520K) From: 992K(1536K)->992K(1536K)
[210.814s][info][gc,heap        ] GC(1722) ParOldGen: 11151K(349696K)->11199K(349696K)
[210.814s][info][gc,metaspace   ] GC(1722) Metaspace: 14390K(15232K)->14390K(15232K) NonClass: 12409K(12864K)->12409K(12864K) Class: 1981K(2368K)->1981K(2368K)
[210.814s][info][gc             ] GC(1722) Pause Young (Allocation Failure) 179M->11M(510M) 2.481ms
[210.814s][info][gc,cpu         ] GC(1722) User=0.00s Sys=0.00s Real=0.00s
[210.937s][info][gc,start       ] GC(1723) Pause Young (Allocation Failure)
[210.940s][info][gc,heap        ] GC(1723) PSYoungGen: 172512K(173056K)->992K(173056K) Eden: 171520K(171520K)->0K(171520K) From: 992K(1536K)->992K(1536K)
[210.940s][info][gc,heap        ] GC(1723) ParOldGen: 11199K(349696K)->11223K(349696K)
[210.940s][info][gc,metaspace   ] GC(1723) Metaspace: 14390K(15232K)->14390K(15232K) NonClass: 12409K(12864K)->12409K(12864K) Class: 1981K(2368K)->1981K(2368K)
[210.940s][info][gc             ] GC(1723) Pause Young (Allocation Failure) 179M->11M(510M) 2.484ms
[210.940s][info][gc,cpu         ] GC(1723) User=0.00s Sys=0.00s Real=0.00s
[211.074s][info][gc,start       ] GC(1724) Pause Young (Allocation Failure)
[211.076s][info][gc,heap        ] GC(1724) PSYoungGen: 172512K(173056K)->992K(173056K) Eden: 171520K(171520K)->0K(171520K) From: 992K(1536K)->992K(1536K)
[211.076s][info][gc,heap        ] GC(1724) ParOldGen: 11223K(349696K)->11287K(349696K)
[211.076s][info][gc,metaspace   ] GC(1724) Metaspace: 14390K(15232K)->14390K(15232K) NonClass: 12409K(12864K)->12409K(12864K) Class: 1981K(2368K)->1981K(2368K)
[211.076s][info][gc             ] GC(1724) Pause Young (Allocation Failure) 179M->11M(510M) 2.499ms
[211.076s][info][gc,cpu         ] GC(1724) User=0.00s Sys=0.00s Real=0.00s
[211.209s][info][gc,start       ] GC(1725) Pause Young (Allocation Failure)
[211.211s][info][gc,heap        ] GC(1725) PSYoungGen: 172512K(173056K)->1024K(173056K) Eden: 171520K(171520K)->0K(171520K) From: 992K(1536K)->1024K(1536K)
[211.211s][info][gc,heap        ] GC(1725) ParOldGen: 11287K(349696K)->11335K(349696K)
[211.211s][info][gc,metaspace   ] GC(1725) Metaspace: 14390K(15232K)->14390K(15232K) NonClass: 12409K(12864K)->12409K(12864K) Class: 1981K(2368K)->1981K(2368K)
[211.211s][info][gc             ] GC(1725) Pause Young (Allocation Failure) 179M->12M(510M) 2.313ms
[211.211s][info][gc,cpu         ] GC(1725) User=0.00s Sys=0.00s Real=0.00s
[211.332s][info][gc,start       ] GC(1726) Pause Young (Allocation Failure)
[211.334s][info][gc,heap        ] GC(1726) PSYoungGen: 172544K(173056K)->1024K(173056K) Eden: 171520K(171520K)->0K(171520K) From: 1024K(1536K)->1024K(1536K)
[211.334s][info][gc,heap        ] GC(1726) ParOldGen: 11335K(349696K)->11395K(349696K)
[211.334s][info][gc,metaspace   ] GC(1726) Metaspace: 14390K(15232K)->14390K(15232K) NonClass: 12409K(12864K)->12409K(12864K) Class: 1981K(2368K)->1981K(2368K)
[211.334s][info][gc             ] GC(1726) Pause Young (Allocation Failure) 179M->12M(510M) 2.342ms
[211.334s][info][gc,cpu         ] GC(1726) User=0.52s Sys=0.00s Real=0.00s
[211.455s][info][gc,start       ] GC(1727) Pause Young (Allocation Failure)
[211.457s][info][gc,heap        ] GC(1727) PSYoungGen: 172544K(173056K)->1024K(173056K) Eden: 171520K(171520K)->0K(171520K) From: 1024K(1536K)->1024K(1536K)
[211.457s][info][gc,heap        ] GC(1727) ParOldGen: 11395K(349696K)->11467K(349696K)
[211.457s][info][gc,metaspace   ] GC(1727) Metaspace: 14390K(15232K)->14390K(15232K) NonClass: 12409K(12864K)->12409K(12864K) Class: 1981K(2368K)->1981K(2368K)
[211.457s][info][gc             ] GC(1727) Pause Young (Allocation Failure) 179M->12M(510M) 2.358ms
[211.457s][info][gc,cpu         ] GC(1727) User=0.00s Sys=0.00s Real=0.00s
[211.576s][info][gc,start       ] GC(1728) Pause Young (Allocation Failure)
[211.578s][info][gc,heap        ] GC(1728) PSYoungGen: 172544K(173056K)->1024K(173056K) Eden: 171520K(171520K)->0K(171520K) From: 1024K(1536K)->1024K(1536K)
[211.578s][info][gc,heap        ] GC(1728) ParOldGen: 11467K(349696K)->11499K(349696K)
[211.578s][info][gc,metaspace   ] GC(1728) Metaspace: 14390K(15232K)->14390K(15232K) NonClass: 12409K(12864K)->12409K(12864K) Class: 1981K(2368K)->1981K(2368K)
[211.578s][info][gc             ] GC(1728) Pause Young (Allocation Failure) 179M->12M(510M) 2.377ms
[211.578s][info][gc,cpu         ] GC(1728) User=0.00s Sys=0.00s Real=0.00s
[211.699s][info][gc,start       ] GC(1729) Pause Young (Allocation Failure)
[211.701s][info][gc,heap        ] GC(1729) PSYoungGen: 172544K(173056K)->960K(173056K) Eden: 171520K(171520K)->0K(171520K) From: 1024K(1536K)->960K(1536K)
[211.701s][info][gc,heap        ] GC(1729) ParOldGen: 11499K(349696K)->11555K(349696K)
[211.701s][info][gc,metaspace   ] GC(1729) Metaspace: 14390K(15232K)->14390K(15232K) NonClass: 12409K(12864K)->12409K(12864K) Class: 1981K(2368K)->1981K(2368K)
[211.701s][info][gc             ] GC(1729) Pause Young (Allocation Failure) 179M->12M(510M) 2.416ms
[211.701s][info][gc,cpu         ] GC(1729) User=0.00s Sys=0.00s Real=0.00s
[211.822s][info][gc,start       ] GC(1730) Pause Young (Allocation Failure)
[211.824s][info][gc,heap        ] GC(1730) PSYoungGen: 172480K(173056K)->928K(173056K) Eden: 171520K(171520K)->0K(171520K) From: 960K(1536K)->928K(1536K)
[211.824s][info][gc,heap        ] GC(1730) ParOldGen: 11555K(349696K)->11603K(349696K)
[211.824s][info][gc,metaspace   ] GC(1730) Metaspace: 14390K(15232K)->14390K(15232K) NonClass: 12409K(12864K)->12409K(12864K) Class: 1981K(2368K)->1981K(2368K)
[211.824s][info][gc             ] GC(1730) Pause Young (Allocation Failure) 179M->12M(510M) 2.478ms
[211.824s][info][gc,cpu         ] GC(1730) User=0.00s Sys=0.00s Real=0.00s
[211.945s][info][gc,start       ] GC(1731) Pause Young (Allocation Failure)
[211.948s][info][gc,heap        ] GC(1731) PSYoungGen: 172448K(173056K)->992K(173056K) Eden: 171520K(171520K)->0K(171520K) From: 928K(1536K)->992K(1536K)
[211.948s][info][gc,heap        ] GC(1731) ParOldGen: 11603K(349696K)->11651K(349696K)
[211.948s][info][gc,metaspace   ] GC(1731) Metaspace: 14390K(15232K)->14390K(15232K) NonClass: 12409K(12864K)->12409K(12864K) Class: 1981K(2368K)->1981K(2368K)
[211.948s][info][gc             ] GC(1731) Pause Young (Allocation Failure) 179M->12M(510M) 2.428ms
[211.948s][info][gc,cpu         ] GC(1731) User=0.00s Sys=0.00s Real=0.00s
[212.070s][info][gc,start       ] GC(1732) Pause Young (Allocation Failure)
[212.072s][info][gc,heap        ] GC(1732) PSYoungGen: 172512K(173056K)->992K(173056K) Eden: 171520K(171520K)->0K(171520K) From: 992K(1536K)->992K(1536K)
[212.072s][info][gc,heap        ] GC(1732) ParOldGen: 11651K(349696K)->11691K(349696K)
[212.072s][info][gc,metaspace   ] GC(1732) Metaspace: 14390K(15232K)->14390K(15232K) NonClass: 12409K(12864K)->12409K(12864K) Class: 1981K(2368K)->1981K(2368K)
[212.072s][info][gc             ] GC(1732) Pause Young (Allocation Failure) 179M->12M(510M) 2.473ms
[212.072s][info][gc,cpu         ] GC(1732) User=0.00s Sys=0.00s Real=0.00s
[212.193s][info][gc,start       ] GC(1733) Pause Young (Allocation Failure)
[212.195s][info][gc,heap        ] GC(1733) PSYoungGen: 172512K(173056K)->960K(173056K) Eden: 171520K(171520K)->0K(171520K) From: 992K(1536K)->960K(1536K)
[212.195s][info][gc,heap        ] GC(1733) ParOldGen: 11691K(349696K)->11747K(349696K)
[212.195s][info][gc,metaspace   ] GC(1733) Metaspace: 14390K(15232K)->14390K(15232K) NonClass: 12409K(12864K)->12409K(12864K) Class: 1981K(2368K)->1981K(2368K)
[212.195s][info][gc             ] GC(1733) Pause Young (Allocation Failure) 179M->12M(510M) 2.506ms
[212.195s][info][gc,cpu         ] GC(1733) User=0.00s Sys=0.00s Real=0.00s
[212.317s][info][gc,start       ] GC(1734) Pause Young (Allocation Failure)
[212.320s][info][gc,heap        ] GC(1734) PSYoungGen: 172480K(173056K)->992K(173056K) Eden: 171520K(171520K)->0K(171520K) From: 960K(1536K)->992K(1536K)
[212.320s][info][gc,heap        ] GC(1734) ParOldGen: 11747K(349696K)->11795K(349696K)
[212.320s][info][gc,metaspace   ] GC(1734) Metaspace: 14390K(15232K)->14390K(15232K) NonClass: 12409K(12864K)->12409K(12864K) Class: 1981K(2368K)->1981K(2368K)
[212.320s][info][gc             ] GC(1734) Pause Young (Allocation Failure) 179M->12M(510M) 2.518ms
[212.320s][info][gc,cpu         ] GC(1734) User=0.00s Sys=0.00s Real=0.00s
[212.441s][info][gc,start       ] GC(1735) Pause Young (Allocation Failure)
[212.443s][info][gc,heap        ] GC(1735) PSYoungGen: 172512K(173056K)->992K(173056K) Eden: 171520K(171520K)->0K(171520K) From: 992K(1536K)->992K(1536K)
[212.443s][info][gc,heap        ] GC(1735) ParOldGen: 11795K(349696K)->11843K(349696K)
[212.443s][info][gc,metaspace   ] GC(1735) Metaspace: 14390K(15232K)->14390K(15232K) NonClass: 12409K(12864K)->12409K(12864K) Class: 1981K(2368K)->1981K(2368K)
[212.443s][info][gc             ] GC(1735) Pause Young (Allocation Failure) 179M->12M(510M) 2.550ms
[212.443s][info][gc,cpu         ] GC(1735) User=0.52s Sys=0.00s Real=0.00s
[212.565s][info][gc,start       ] GC(1736) Pause Young (Allocation Failure)
[212.568s][info][gc,heap        ] GC(1736) PSYoungGen: 172512K(173056K)->992K(173056K) Eden: 171520K(171520K)->0K(171520K) From: 992K(1536K)->992K(1536K)
[212.568s][info][gc,heap        ] GC(1736) ParOldGen: 11843K(349696K)->11907K(349696K)
[212.568s][info][gc,metaspace   ] GC(1736) Metaspace: 14390K(15232K)->14390K(15232K) NonClass: 12409K(12864K)->12409K(12864K) Class: 1981K(2368K)->1981K(2368K)
[212.568s][info][gc             ] GC(1736) Pause Young (Allocation Failure) 180M->12M(510M) 2.603ms
[212.568s][info][gc,cpu         ] GC(1736) User=0.00s Sys=0.00s Real=0.00s
[212.689s][info][gc,start       ] GC(1737) Pause Young (Allocation Failure)
[212.691s][info][gc,heap        ] GC(1737) PSYoungGen: 172512K(173056K)->992K(173056K) Eden: 171520K(171520K)->0K(171520K) From: 992K(1536K)->992K(1536K)
[212.691s][info][gc,heap        ] GC(1737) ParOldGen: 11907K(349696K)->11963K(349696K)
[212.691s][info][gc,metaspace   ] GC(1737) Metaspace: 14390K(15232K)->14390K(15232K) NonClass: 12409K(12864K)->12409K(12864K) Class: 1981K(2368K)->1981K(2368K)
[212.691s][info][gc             ] GC(1737) Pause Young (Allocation Failure) 180M->12M(510M) 2.596ms
[212.691s][info][gc,cpu         ] GC(1737) User=0.00s Sys=0.00s Real=0.00s
[212.810s][info][gc,start       ] GC(1738) Pause Young (Allocation Failure)
[212.813s][info][gc,heap        ] GC(1738) PSYoungGen: 172512K(173056K)->992K(173056K) Eden: 171520K(171520K)->0K(171520K) From: 992K(1536K)->992K(1536K)
[212.813s][info][gc,heap        ] GC(1738) ParOldGen: 11963K(349696K)->12011K(349696K)
[212.813s][info][gc,metaspace   ] GC(1738) Metaspace: 14390K(15232K)->14390K(15232K) NonClass: 12409K(12864K)->12409K(12864K) Class: 1981K(2368K)->1981K(2368K)
[212.813s][info][gc             ] GC(1738) Pause Young (Allocation Failure) 180M->12M(510M) 2.659ms
[212.813s][info][gc,cpu         ] GC(1738) User=0.00s Sys=0.00s Real=0.00s
[212.933s][info][gc,start       ] GC(1739) Pause Young (Allocation Failure)
[212.936s][info][gc,heap        ] GC(1739) PSYoungGen: 172512K(173056K)->1024K(173056K) Eden: 171520K(171520K)->0K(171520K) From: 992K(1536K)->1024K(1536K)
[212.936s][info][gc,heap        ] GC(1739) ParOldGen: 12011K(349696K)->12075K(349696K)
[212.936s][info][gc,metaspace   ] GC(1739) Metaspace: 14390K(15232K)->14390K(15232K) NonClass: 12409K(12864K)->12409K(12864K) Class: 1981K(2368K)->1981K(2368K)
[212.936s][info][gc             ] GC(1739) Pause Young (Allocation Failure) 180M->12M(510M) 2.753ms
[212.936s][info][gc,cpu         ] GC(1739) User=0.00s Sys=0.00s Real=0.00s
[213.054s][info][gc,start       ] GC(1740) Pause Young (Allocation Failure)
[213.057s][info][gc,heap        ] GC(1740) PSYoungGen: 172544K(173056K)->1024K(173056K) Eden: 171520K(171520K)->0K(171520K) From: 1024K(1536K)->1024K(1536K)
[213.057s][info][gc,heap        ] GC(1740) ParOldGen: 12075K(349696K)->12131K(349696K)
[213.057s][info][gc,metaspace   ] GC(1740) Metaspace: 14390K(15232K)->14390K(15232K) NonClass: 12409K(12864K)->12409K(12864K) Class: 1981K(2368K)->1981K(2368K)
[213.057s][info][gc             ] GC(1740) Pause Young (Allocation Failure) 180M->12M(510M) 2.690ms
[213.057s][info][gc,cpu         ] GC(1740) User=0.00s Sys=0.00s Real=0.00s
[213.174s][info][gc,start       ] GC(1741) Pause Young (Allocation Failure)
[213.176s][info][gc,heap        ] GC(1741) PSYoungGen: 172544K(173056K)->992K(173056K) Eden: 171520K(171520K)->0K(171520K) From: 1024K(1536K)->992K(1536K)
[213.177s][info][gc,heap        ] GC(1741) ParOldGen: 12131K(349696K)->12187K(349696K)
[213.177s][info][gc,metaspace   ] GC(1741) Metaspace: 14390K(15232K)->14390K(15232K) NonClass: 12409K(12864K)->12409K(12864K) Class: 1981K(2368K)->1981K(2368K)
[213.177s][info][gc             ] GC(1741) Pause Young (Allocation Failure) 180M->12M(510M) 2.702ms
[213.177s][info][gc,cpu         ] GC(1741) User=0.52s Sys=0.00s Real=0.00s
[213.293s][info][gc,start       ] GC(1742) Pause Young (Allocation Failure)
[213.295s][info][gc,heap        ] GC(1742) PSYoungGen: 172512K(173056K)->1024K(173056K) Eden: 171520K(171520K)->0K(171520K) From: 992K(1536K)->1024K(1536K)
[213.295s][info][gc,heap        ] GC(1742) ParOldGen: 12187K(349696K)->12235K(349696K)
[213.295s][info][gc,metaspace   ] GC(1742) Metaspace: 14390K(15232K)->14390K(15232K) NonClass: 12409K(12864K)->12409K(12864K) Class: 1981K(2368K)->1981K(2368K)
[213.295s][info][gc             ] GC(1742) Pause Young (Allocation Failure) 180M->12M(510M) 2.697ms
[213.295s][info][gc,cpu         ] GC(1742) User=0.00s Sys=0.00s Real=0.00s
[213.408s][info][gc,start       ] GC(1743) Pause Young (Allocation Failure)
[213.411s][info][gc,heap        ] GC(1743) PSYoungGen: 172544K(173056K)->960K(173056K) Eden: 171520K(171520K)->0K(171520K) From: 1024K(1536K)->960K(1536K)
[213.411s][info][gc,heap        ] GC(1743) ParOldGen: 12235K(349696K)->12299K(349696K)
[213.411s][info][gc,metaspace   ] GC(1743) Metaspace: 14390K(15232K)->14390K(15232K) NonClass: 12409K(12864K)->12409K(12864K) Class: 1981K(2368K)->1981K(2368K)
[213.411s][info][gc             ] GC(1743) Pause Young (Allocation Failure) 180M->12M(510M) 2.776ms
[213.411s][info][gc,cpu         ] GC(1743) User=0.52s Sys=0.00s Real=0.00s
[213.522s][info][gc,start       ] GC(1744) Pause Young (Allocation Failure)
[213.525s][info][gc,heap        ] GC(1744) PSYoungGen: 172480K(173056K)->960K(173056K) Eden: 171520K(171520K)->0K(171520K) From: 960K(1536K)->960K(1536K)
[213.525s][info][gc,heap        ] GC(1744) ParOldGen: 12299K(349696K)->12355K(349696K)
[213.525s][info][gc,metaspace   ] GC(1744) Metaspace: 14390K(15232K)->14390K(15232K) NonClass: 12409K(12864K)->12409K(12864K) Class: 1981K(2368K)->1981K(2368K)
[213.525s][info][gc             ] GC(1744) Pause Young (Allocation Failure) 180M->13M(510M) 2.767ms
[213.525s][info][gc,cpu         ] GC(1744) User=0.00s Sys=0.00s Real=0.00s
[213.636s][info][gc,start       ] GC(1745) Pause Young (Allocation Failure)
[213.639s][info][gc,heap        ] GC(1745) PSYoungGen: 172480K(173056K)->992K(173056K) Eden: 171520K(171520K)->0K(171520K) From: 960K(1536K)->992K(1536K)
[213.639s][info][gc,heap        ] GC(1745) ParOldGen: 12355K(349696K)->12387K(349696K)
[213.639s][info][gc,metaspace   ] GC(1745) Metaspace: 14390K(15232K)->14390K(15232K) NonClass: 12409K(12864K)->12409K(12864K) Class: 1981K(2368K)->1981K(2368K)
[213.639s][info][gc             ] GC(1745) Pause Young (Allocation Failure) 180M->13M(510M) 2.820ms
[213.639s][info][gc,cpu         ] GC(1745) User=0.00s Sys=0.00s Real=0.00s
[213.747s][info][gc,start       ] GC(1746) Pause Young (Allocation Failure)
[213.750s][info][gc,heap        ] GC(1746) PSYoungGen: 172512K(173056K)->960K(173056K) Eden: 171520K(171520K)->0K(171520K) From: 992K(1536K)->960K(1536K)
[213.750s][info][gc,heap        ] GC(1746) ParOldGen: 12387K(349696K)->12443K(349696K)
[213.750s][info][gc,metaspace   ] GC(1746) Metaspace: 14390K(15232K)->14390K(15232K) NonClass: 12409K(12864K)->12409K(12864K) Class: 1981K(2368K)->1981K(2368K)
[213.750s][info][gc             ] GC(1746) Pause Young (Allocation Failure) 180M->13M(510M) 2.837ms
[213.750s][info][gc,cpu         ] GC(1746) User=0.00s Sys=0.00s Real=0.00s
[213.851s][info][gc,start       ] GC(1747) Pause Young (Allocation Failure)
[213.854s][info][gc,heap        ] GC(1747) PSYoungGen: 172480K(173056K)->864K(173056K) Eden: 171520K(171520K)->0K(171520K) From: 960K(1536K)->864K(1536K)
[213.854s][info][gc,heap        ] GC(1747) ParOldGen: 12443K(349696K)->12499K(349696K)
[213.854s][info][gc,metaspace   ] GC(1747) Metaspace: 14390K(15232K)->14390K(15232K) NonClass: 12409K(12864K)->12409K(12864K) Class: 1981K(2368K)->1981K(2368K)
[213.854s][info][gc             ] GC(1747) Pause Young (Allocation Failure) 180M->13M(510M) 2.998ms
[213.854s][info][gc,cpu         ] GC(1747) User=0.00s Sys=0.00s Real=0.00s
[213.935s][info][gc,start       ] GC(1748) Pause Young (Allocation Failure)
[213.938s][info][gc,heap        ] GC(1748) PSYoungGen: 172384K(173056K)->864K(173056K) Eden: 171520K(171520K)->0K(171520K) From: 864K(1536K)->864K(1536K)
[213.938s][info][gc,heap        ] GC(1748) ParOldGen: 12499K(349696K)->12531K(349696K)
[213.938s][info][gc,metaspace   ] GC(1748) Metaspace: 14390K(15232K)->14390K(15232K) NonClass: 12409K(12864K)->12409K(12864K) Class: 1981K(2368K)->1981K(2368K)
[213.938s][info][gc             ] GC(1748) Pause Young (Allocation Failure) 180M->13M(510M) 2.954ms
[213.938s][info][gc,cpu         ] GC(1748) User=0.00s Sys=0.00s Real=0.00s
[214.010s][info][gc,start       ] GC(1749) Pause Young (Allocation Failure)
[214.013s][info][gc,heap        ] GC(1749) PSYoungGen: 172384K(173056K)->800K(173056K) Eden: 171520K(171520K)->0K(171520K) From: 864K(1536K)->800K(1536K)
[214.013s][info][gc,heap        ] GC(1749) ParOldGen: 12531K(349696K)->12571K(349696K)
[214.013s][info][gc,metaspace   ] GC(1749) Metaspace: 14390K(15232K)->14390K(15232K) NonClass: 12409K(12864K)->12409K(12864K) Class: 1981K(2368K)->1981K(2368K)
[214.013s][info][gc             ] GC(1749) Pause Young (Allocation Failure) 180M->13M(510M) 2.934ms
[214.013s][info][gc,cpu         ] GC(1749) User=0.00s Sys=0.00s Real=0.00s
[214.169s][info][gc,start       ] GC(1750) Pause Young (Allocation Failure)
[214.173s][info][gc,heap        ] GC(1750) PSYoungGen: 172320K(173056K)->608K(173056K) Eden: 171520K(171520K)->0K(171520K) From: 800K(1536K)->608K(1536K)
[214.173s][info][gc,heap        ] GC(1750) ParOldGen: 12571K(349696K)->12603K(349696K)
[214.173s][info][gc,metaspace   ] GC(1750) Metaspace: 14390K(15232K)->14390K(15232K) NonClass: 12409K(12864K)->12409K(12864K) Class: 1981K(2368K)->1981K(2368K)
[214.173s][info][gc             ] GC(1750) Pause Young (Allocation Failure) 180M->12M(510M) 3.343ms
[214.173s][info][gc,cpu         ] GC(1750) User=0.00s Sys=0.00s Real=0.00s
[214.389s][info][gc,start       ] GC(1751) Pause Young (Allocation Failure)
[214.392s][info][gc,heap        ] GC(1751) PSYoungGen: 172128K(173056K)->384K(173056K) Eden: 171520K(171520K)->0K(171520K) From: 608K(1536K)->384K(1536K)
[214.392s][info][gc,heap        ] GC(1751) ParOldGen: 12603K(349696K)->12643K(349696K)
[214.392s][info][gc,metaspace   ] GC(1751) Metaspace: 14390K(15232K)->14390K(15232K) NonClass: 12409K(12864K)->12409K(12864K) Class: 1981K(2368K)->1981K(2368K)
[214.392s][info][gc             ] GC(1751) Pause Young (Allocation Failure) 180M->12M(510M) 2.638ms
[214.392s][info][gc,cpu         ] GC(1751) User=0.00s Sys=0.00s Real=0.00s
[214.452s][info][gc,start       ] GC(1752) Pause Young (System.gc())
[214.454s][info][gc,heap        ] GC(1752) PSYoungGen: 24062K(173056K)->192K(173056K) Eden: 23678K(171520K)->0K(171520K) From: 384K(1536K)->192K(1536K)
[214.454s][info][gc,heap        ] GC(1752) ParOldGen: 12643K(349696K)->12707K(349696K)
[214.454s][info][gc,metaspace   ] GC(1752) Metaspace: 14390K(15232K)->14390K(15232K) NonClass: 12409K(12864K)->12409K(12864K) Class: 1981K(2368K)->1981K(2368K)
[214.454s][info][gc             ] GC(1752) Pause Young (System.gc()) 35M->12M(510M) 2.366ms
[214.454s][info][gc,cpu         ] GC(1752) User=0.00s Sys=0.00s Real=0.00s
[214.454s][info][gc,start       ] GC(1753) Pause Full (System.gc())
[214.454s][info][gc,phases,start] GC(1753) Marking Phase
[214.464s][info][gc,phases      ] GC(1753) Marking Phase 9.620ms
[214.464s][info][gc,phases,start] GC(1753) Summary Phase
[214.464s][info][gc,phases      ] GC(1753) Summary Phase 0.013ms
[214.464s][info][gc,phases,start] GC(1753) Adjust Roots
[214.468s][info][gc,phases      ] GC(1753) Adjust Roots 4.013ms
[214.468s][info][gc,phases,start] GC(1753) Compaction Phase
[214.469s][info][gc,phases      ] GC(1753) Compaction Phase 1.268ms
[214.469s][info][gc,phases,start] GC(1753) Post Compact
[214.469s][info][gc,phases      ] GC(1753) Post Compact 0.186ms
[214.469s][info][gc,heap        ] GC(1753) PSYoungGen: 192K(173056K)->0K(173056K) Eden: 0K(171520K)->0K(171520K) From: 192K(1536K)->0K(1536K)
[214.469s][info][gc,heap        ] GC(1753) ParOldGen: 12707K(349696K)->5380K(349696K)
[214.469s][info][gc,metaspace   ] GC(1753) Metaspace: 14390K(15232K)->14390K(15232K) NonClass: 12409K(12864K)->12409K(12864K) Class: 1981K(2368K)->1981K(2368K)
[214.469s][info][gc             ] GC(1753) Pause Full (System.gc()) 12M->5M(510M) 15.322ms
[214.469s][info][gc,cpu         ] GC(1753) User=0.20s Sys=0.00s Real=0.02s
[214.615s][info][gc,start       ] GC(1754) Pause Young (Allocation Failure)
[214.617s][info][gc,heap        ] GC(1754) PSYoungGen: 171520K(173056K)->1536K(172032K) Eden: 171520K(171520K)->0K(170496K) From: 0K(1536K)->1536K(1536K)
[214.617s][info][gc,heap        ] GC(1754) ParOldGen: 5380K(349696K)->5888K(349696K)
[214.617s][info][gc,metaspace   ] GC(1754) Metaspace: 14390K(15232K)->14390K(15232K) NonClass: 12409K(12864K)->12409K(12864K) Class: 1981K(2368K)->1981K(2368K)
[214.617s][info][gc             ] GC(1754) Pause Young (Allocation Failure) 172M->7M(509M) 2.665ms
[214.617s][info][gc,cpu         ] GC(1754) User=0.00s Sys=0.00s Real=0.00s
[214.733s][info][gc,start       ] GC(1755) Pause Young (Allocation Failure)
[214.735s][info][gc,heap        ] GC(1755) PSYoungGen: 172032K(172032K)->1024K(172544K) Eden: 170496K(170496K)->0K(170496K) From: 1536K(1536K)->1024K(2048K)
[214.735s][info][gc,heap        ] GC(1755) ParOldGen: 5888K(349696K)->7030K(349696K)
[214.735s][info][gc,metaspace   ] GC(1755) Metaspace: 14390K(15232K)->14390K(15232K) NonClass: 12409K(12864K)->12409K(12864K) Class: 1981K(2368K)->1981K(2368K)
[214.735s][info][gc             ] GC(1755) Pause Young (Allocation Failure) 173M->7M(510M) 2.451ms
[214.735s][info][gc,cpu         ] GC(1755) User=0.00s Sys=0.00s Real=0.00s
[214.856s][info][gc,start       ] GC(1756) Pause Young (Allocation Failure)
[214.858s][info][gc,heap        ] GC(1756) PSYoungGen: 171520K(172544K)->1024K(172544K) Eden: 170496K(170496K)->0K(170496K) From: 1024K(2048K)->1024K(2048K)
[214.858s][info][gc,heap        ] GC(1756) ParOldGen: 7030K(349696K)->7110K(349696K)
[214.858s][info][gc,metaspace   ] GC(1756) Metaspace: 14390K(15232K)->14390K(15232K) NonClass: 12409K(12864K)->12409K(12864K) Class: 1981K(2368K)->1981K(2368K)
[214.858s][info][gc             ] GC(1756) Pause Young (Allocation Failure) 174M->7M(510M) 2.400ms
[214.858s][info][gc,cpu         ] GC(1756) User=0.00s Sys=0.00s Real=0.00s
[214.980s][info][gc,start       ] GC(1757) Pause Young (Allocation Failure)
[214.983s][info][gc,heap        ] GC(1757) PSYoungGen: 171520K(172544K)->1024K(172544K) Eden: 170496K(170496K)->0K(170496K) From: 1024K(2048K)->1024K(2048K)
[214.983s][info][gc,heap        ] GC(1757) ParOldGen: 7110K(349696K)->7182K(349696K)
[214.983s][info][gc,metaspace   ] GC(1757) Metaspace: 14390K(15232K)->14390K(15232K) NonClass: 12409K(12864K)->12409K(12864K) Class: 1981K(2368K)->1981K(2368K)
[214.983s][info][gc             ] GC(1757) Pause Young (Allocation Failure) 174M->8M(510M) 2.387ms
[214.983s][info][gc,cpu         ] GC(1757) User=0.00s Sys=0.00s Real=0.00s
[215.106s][info][gc,start       ] GC(1758) Pause Young (Allocation Failure)
[215.109s][info][gc,heap        ] GC(1758) PSYoungGen: 171520K(172544K)->1024K(172544K) Eden: 170496K(170496K)->0K(170496K) From: 1024K(2048K)->1024K(2048K)
[215.109s][info][gc,heap        ] GC(1758) ParOldGen: 7182K(349696K)->7254K(349696K)
[215.109s][info][gc,metaspace   ] GC(1758) Metaspace: 14390K(15232K)->14390K(15232K) NonClass: 12409K(12864K)->12409K(12864K) Class: 1981K(2368K)->1981K(2368K)
[215.109s][info][gc             ] GC(1758) Pause Young (Allocation Failure) 174M->8M(510M) 2.444ms
[215.109s][info][gc,cpu         ] GC(1758) User=0.00s Sys=0.00s Real=0.00s
[215.232s][info][gc,start       ] GC(1759) Pause Young (Allocation Failure)
[215.235s][info][gc,heap        ] GC(1759) PSYoungGen: 171520K(172544K)->992K(171520K) Eden: 170496K(170496K)->0K(170496K) From: 1024K(2048K)->992K(1024K)
[215.235s][info][gc,heap        ] GC(1759) ParOldGen: 7254K(349696K)->7318K(349696K)
[215.235s][info][gc,metaspace   ] GC(1759) Metaspace: 14390K(15232K)->14390K(15232K) NonClass: 12409K(12864K)->12409K(12864K) Class: 1981K(2368K)->1981K(2368K)
[215.235s][info][gc             ] GC(1759) Pause Young (Allocation Failure) 174M->8M(509M) 2.595ms
[215.235s][info][gc,cpu         ] GC(1759) User=0.00s Sys=0.00s Real=0.00s
[215.358s][info][gc,start       ] GC(1760) Pause Young (Allocation Failure)
[215.360s][info][gc,heap        ] GC(1760) PSYoungGen: 171487K(171520K)->1024K(172032K) Eden: 170495K(170496K)->0K(170496K) From: 992K(1024K)->1024K(1536K)
[215.360s][info][gc,heap        ] GC(1760) ParOldGen: 7318K(349696K)->7390K(349696K)
[215.360s][info][gc,metaspace   ] GC(1760) Metaspace: 14390K(15232K)->14390K(15232K) NonClass: 12409K(12864K)->12409K(12864K) Class: 1981K(2368K)->1981K(2368K)
[215.360s][info][gc             ] GC(1760) Pause Young (Allocation Failure) 174M->8M(509M) 2.517ms
[215.360s][info][gc,cpu         ] GC(1760) User=0.00s Sys=0.00s Real=0.00s
[215.482s][info][gc,start       ] GC(1761) Pause Young (Allocation Failure)
[215.485s][info][gc,heap        ] GC(1761) PSYoungGen: 171520K(172032K)->1024K(172032K) Eden: 170496K(170496K)->0K(170496K) From: 1024K(1536K)->1024K(1536K)
[215.485s][info][gc,heap        ] GC(1761) ParOldGen: 7390K(349696K)->7446K(349696K)
[215.485s][info][gc,metaspace   ] GC(1761) Metaspace: 14390K(15232K)->14390K(15232K) NonClass: 12409K(12864K)->12409K(12864K) Class: 1981K(2368K)->1981K(2368K)
[215.485s][info][gc             ] GC(1761) Pause Young (Allocation Failure) 174M->8M(509M) 2.484ms
[215.485s][info][gc,cpu         ] GC(1761) User=0.00s Sys=0.00s Real=0.00s
[215.607s][info][gc,start       ] GC(1762) Pause Young (Allocation Failure)
[215.610s][info][gc,heap        ] GC(1762) PSYoungGen: 171520K(172032K)->1024K(173056K) Eden: 170496K(170496K)->0K(171520K) From: 1024K(1536K)->1024K(1536K)
[215.610s][info][gc,heap        ] GC(1762) ParOldGen: 7446K(349696K)->7502K(349696K)
[215.610s][info][gc,metaspace   ] GC(1762) Metaspace: 14390K(15232K)->14390K(15232K) NonClass: 12409K(12864K)->12409K(12864K) Class: 1981K(2368K)->1981K(2368K)
[215.610s][info][gc             ] GC(1762) Pause Young (Allocation Failure) 174M->8M(510M) 2.531ms
[215.610s][info][gc,cpu         ] GC(1762) User=0.00s Sys=0.00s Real=0.00s
[215.734s][info][gc,start       ] GC(1763) Pause Young (Allocation Failure)
[215.736s][info][gc,heap        ] GC(1763) PSYoungGen: 172544K(173056K)->992K(173056K) Eden: 171520K(171520K)->0K(171520K) From: 1024K(1536K)->992K(1536K)
[215.736s][info][gc,heap        ] GC(1763) ParOldGen: 7502K(349696K)->7590K(349696K)
[215.736s][info][gc,metaspace   ] GC(1763) Metaspace: 14390K(15232K)->14390K(15232K) NonClass: 12409K(12864K)->12409K(12864K) Class: 1981K(2368K)->1981K(2368K)
[215.736s][info][gc             ] GC(1763) Pause Young (Allocation Failure) 175M->8M(510M) 2.582ms
[215.736s][info][gc,cpu         ] GC(1763) User=0.00s Sys=0.00s Real=0.00s
[215.858s][info][gc,start       ] GC(1764) Pause Young (Allocation Failure)
[215.861s][info][gc,heap        ] GC(1764) PSYoungGen: 172512K(173056K)->1024K(173056K) Eden: 171520K(171520K)->0K(171520K) From: 992K(1536K)->1024K(1536K)
[215.861s][info][gc,heap        ] GC(1764) ParOldGen: 7590K(349696K)->7678K(349696K)
[215.861s][info][gc,metaspace   ] GC(1764) Metaspace: 14390K(15232K)->14390K(15232K) NonClass: 12409K(12864K)->12409K(12864K) Class: 1981K(2368K)->1981K(2368K)
[215.861s][info][gc             ] GC(1764) Pause Young (Allocation Failure) 175M->8M(510M) 2.582ms
[215.861s][info][gc,cpu         ] GC(1764) User=0.00s Sys=0.00s Real=0.00s
[215.986s][info][gc,start       ] GC(1765) Pause Young (Allocation Failure)
[215.988s][info][gc,heap        ] GC(1765) PSYoungGen: 172544K(173056K)->1024K(173056K) Eden: 171520K(171520K)->0K(171520K) From: 1024K(1536K)->1024K(1536K)
[215.988s][info][gc,heap        ] GC(1765) ParOldGen: 7678K(349696K)->7734K(349696K)
[215.988s][info][gc,metaspace   ] GC(1765) Metaspace: 14390K(15232K)->14390K(15232K) NonClass: 12409K(12864K)->12409K(12864K) Class: 1981K(2368K)->1981K(2368K)
[215.988s][info][gc             ] GC(1765) Pause Young (Allocation Failure) 175M->8M(510M) 2.621ms
[215.988s][info][gc,cpu         ] GC(1765) User=0.00s Sys=0.00s Real=0.00s
[216.111s][info][gc,start       ] GC(1766) Pause Young (Allocation Failure)
[216.114s][info][gc,heap        ] GC(1766) PSYoungGen: 172544K(173056K)->1024K(173056K) Eden: 171520K(171520K)->0K(171520K) From: 1024K(1536K)->1024K(1536K)
[216.114s][info][gc,heap        ] GC(1766) ParOldGen: 7734K(349696K)->7798K(349696K)
[216.114s][info][gc,metaspace   ] GC(1766) Metaspace: 14390K(15232K)->14390K(15232K) NonClass: 12409K(12864K)->12409K(12864K) Class: 1981K(2368K)->1981K(2368K)
[216.114s][info][gc             ] GC(1766) Pause Young (Allocation Failure) 176M->8M(510M) 2.591ms
[216.114s][info][gc,cpu         ] GC(1766) User=0.52s Sys=0.00s Real=0.00s
[216.239s][info][gc,start       ] GC(1767) Pause Young (Allocation Failure)
[216.242s][info][gc,heap        ] GC(1767) PSYoungGen: 172544K(173056K)->1024K(173056K) Eden: 171520K(171520K)->0K(171520K) From: 1024K(1536K)->1024K(1536K)
[216.242s][info][gc,heap        ] GC(1767) ParOldGen: 7798K(349696K)->7870K(349696K)
[216.242s][info][gc,metaspace   ] GC(1767) Metaspace: 14390K(15232K)->14390K(15232K) NonClass: 12409K(12864K)->12409K(12864K) Class: 1981K(2368K)->1981K(2368K)
[216.242s][info][gc             ] GC(1767) Pause Young (Allocation Failure) 176M->8M(510M) 2.687ms
[216.242s][info][gc,cpu         ] GC(1767) User=0.00s Sys=0.00s Real=0.00s
[216.367s][info][gc,start       ] GC(1768) Pause Young (Allocation Failure)
[216.370s][info][gc,heap        ] GC(1768) PSYoungGen: 172544K(173056K)->1024K(173056K) Eden: 171520K(171520K)->0K(171520K) From: 1024K(1536K)->1024K(1536K)
[216.370s][info][gc,heap        ] GC(1768) ParOldGen: 7870K(349696K)->7926K(349696K)
[216.370s][info][gc,metaspace   ] GC(1768) Metaspace: 14390K(15232K)->14390K(15232K) NonClass: 12409K(12864K)->12409K(12864K) Class: 1981K(2368K)->1981K(2368K)
[216.370s][info][gc             ] GC(1768) Pause Young (Allocation Failure) 176M->8M(510M) 2.647ms
[216.370s][info][gc,cpu         ] GC(1768) User=0.00s Sys=0.00s Real=0.00s
[216.492s][info][gc,start       ] GC(1769) Pause Young (Allocation Failure)
[216.495s][info][gc,heap        ] GC(1769) PSYoungGen: 172544K(173056K)->992K(173056K) Eden: 171520K(171520K)->0K(171520K) From: 1024K(1536K)->992K(1536K)
[216.495s][info][gc,heap        ] GC(1769) ParOldGen: 7926K(349696K)->7990K(349696K)
[216.495s][info][gc,metaspace   ] GC(1769) Metaspace: 14390K(15232K)->14390K(15232K) NonClass: 12409K(12864K)->12409K(12864K) Class: 1981K(2368K)->1981K(2368K)
[216.495s][info][gc             ] GC(1769) Pause Young (Allocation Failure) 176M->8M(510M) 2.713ms
[216.495s][info][gc,cpu         ] GC(1769) User=0.00s Sys=0.00s Real=0.00s
[216.619s][info][gc,start       ] GC(1770) Pause Young (Allocation Failure)
[216.621s][info][gc,heap        ] GC(1770) PSYoungGen: 172512K(173056K)->1024K(173056K) Eden: 171520K(171520K)->0K(171520K) From: 992K(1536K)->1024K(1536K)
[216.621s][info][gc,heap        ] GC(1770) ParOldGen: 7990K(349696K)->8046K(349696K)
[216.621s][info][gc,metaspace   ] GC(1770) Metaspace: 14390K(15232K)->14390K(15232K) NonClass: 12409K(12864K)->12409K(12864K) Class: 1981K(2368K)->1981K(2368K)
[216.621s][info][gc             ] GC(1770) Pause Young (Allocation Failure) 176M->8M(510M) 2.730ms
[216.621s][info][gc,cpu         ] GC(1770) User=0.00s Sys=0.00s Real=0.00s
[216.742s][info][gc,start       ] GC(1771) Pause Young (Allocation Failure)
[216.745s][info][gc,heap        ] GC(1771) PSYoungGen: 172544K(173056K)->1024K(173056K) Eden: 171520K(171520K)->0K(171520K) From: 1024K(1536K)->1024K(1536K)
[216.745s][info][gc,heap        ] GC(1771) ParOldGen: 8046K(349696K)->8094K(349696K)
[216.745s][info][gc,metaspace   ] GC(1771) Metaspace: 14390K(15232K)->14390K(15232K) NonClass: 12409K(12864K)->12409K(12864K) Class: 1981K(2368K)->1981K(2368K)
[216.745s][info][gc             ] GC(1771) Pause Young (Allocation Failure) 176M->8M(510M) 2.732ms
[216.745s][info][gc,cpu         ] GC(1771) User=0.00s Sys=0.00s Real=0.00s
[216.866s][info][gc,start       ] GC(1772) Pause Young (Allocation Failure)
[216.869s][info][gc,heap        ] GC(1772) PSYoungGen: 172544K(173056K)->1024K(173056K) Eden: 171520K(171520K)->0K(171520K) From: 1024K(1536K)->1024K(1536K)
[216.869s][info][gc,heap        ] GC(1772) ParOldGen: 8094K(349696K)->8134K(349696K)
[216.869s][info][gc,metaspace   ] GC(1772) Metaspace: 14390K(15232K)->14390K(15232K) NonClass: 12409K(12864K)->12409K(12864K) Class: 1981K(2368K)->1981K(2368K)
[216.869s][info][gc             ] GC(1772) Pause Young (Allocation Failure) 176M->8M(510M) 2.755ms
[216.869s][info][gc,cpu         ] GC(1772) User=0.00s Sys=0.00s Real=0.00s
[216.992s][info][gc,start       ] GC(1773) Pause Young (Allocation Failure)
[216.994s][info][gc,heap        ] GC(1773) PSYoungGen: 172544K(173056K)->1024K(173056K) Eden: 171520K(171520K)->0K(171520K) From: 1024K(1536K)->1024K(1536K)
[216.995s][info][gc,heap        ] GC(1773) ParOldGen: 8134K(349696K)->8190K(349696K)
[216.995s][info][gc,metaspace   ] GC(1773) Metaspace: 14390K(15232K)->14390K(15232K) NonClass: 12409K(12864K)->12409K(12864K) Class: 1981K(2368K)->1981K(2368K)
[216.995s][info][gc             ] GC(1773) Pause Young (Allocation Failure) 176M->8M(510M) 2.815ms
[216.995s][info][gc,cpu         ] GC(1773) User=0.00s Sys=0.00s Real=0.00s
[217.118s][info][gc,start       ] GC(1774) Pause Young (Allocation Failure)
[217.121s][info][gc,heap        ] GC(1774) PSYoungGen: 172544K(173056K)->1024K(173056K) Eden: 171520K(171520K)->0K(171520K) From: 1024K(1536K)->1024K(1536K)
[217.121s][info][gc,heap        ] GC(1774) ParOldGen: 8190K(349696K)->8254K(349696K)
[217.121s][info][gc,metaspace   ] GC(1774) Metaspace: 14390K(15232K)->14390K(15232K) NonClass: 12409K(12864K)->12409K(12864K) Class: 1981K(2368K)->1981K(2368K)
[217.121s][info][gc             ] GC(1774) Pause Young (Allocation Failure) 176M->9M(510M) 2.823ms
[217.121s][info][gc,cpu         ] GC(1774) User=0.00s Sys=0.00s Real=0.00s
[217.245s][info][gc,start       ] GC(1775) Pause Young (Allocation Failure)
[217.248s][info][gc,heap        ] GC(1775) PSYoungGen: 172544K(173056K)->1056K(173056K) Eden: 171520K(171520K)->0K(171520K) From: 1024K(1536K)->1056K(1536K)
[217.248s][info][gc,heap        ] GC(1775) ParOldGen: 8254K(349696K)->8326K(349696K)
[217.248s][info][gc,metaspace   ] GC(1775) Metaspace: 14390K(15232K)->14390K(15232K) NonClass: 12409K(12864K)->12409K(12864K) Class: 1981K(2368K)->1981K(2368K)
[217.248s][info][gc             ] GC(1775) Pause Young (Allocation Failure) 176M->9M(510M) 2.885ms
[217.248s][info][gc,cpu         ] GC(1775) User=0.00s Sys=0.00s Real=0.00s
[217.371s][info][gc,start       ] GC(1776) Pause Young (Allocation Failure)
[217.374s][info][gc,heap        ] GC(1776) PSYoungGen: 172576K(173056K)->992K(173056K) Eden: 171520K(171520K)->0K(171520K) From: 1056K(1536K)->992K(1536K)
[217.374s][info][gc,heap        ] GC(1776) ParOldGen: 8326K(349696K)->8414K(349696K)
[217.374s][info][gc,metaspace   ] GC(1776) Metaspace: 14390K(15232K)->14390K(15232K) NonClass: 12409K(12864K)->12409K(12864K) Class: 1981K(2368K)->1981K(2368K)
[217.374s][info][gc             ] GC(1776) Pause Young (Allocation Failure) 176M->9M(510M) 2.894ms
[217.374s][info][gc,cpu         ] GC(1776) User=0.00s Sys=0.00s Real=0.00s
[217.498s][info][gc,start       ] GC(1777) Pause Young (Allocation Failure)
[217.501s][info][gc,heap        ] GC(1777) PSYoungGen: 172511K(173056K)->1024K(173056K) Eden: 171519K(171520K)->0K(171520K) From: 992K(1536K)->1024K(1536K)
[217.501s][info][gc,heap        ] GC(1777) ParOldGen: 8414K(349696K)->8462K(349696K)
[217.501s][info][gc,metaspace   ] GC(1777) Metaspace: 14390K(15232K)->14390K(15232K) NonClass: 12409K(12864K)->12409K(12864K) Class: 1981K(2368K)->1981K(2368K)
[217.501s][info][gc             ] GC(1777) Pause Young (Allocation Failure) 176M->9M(510M) 2.956ms
[217.501s][info][gc,cpu         ] GC(1777) User=0.00s Sys=0.00s Real=0.00s
[217.733s][info][gc,start       ] GC(1778) Pause Young (Allocation Failure)
[217.736s][info][gc,heap        ] GC(1778) PSYoungGen: 172544K(173056K)->992K(173056K) Eden: 171520K(171520K)->0K(171520K) From: 1024K(1536K)->992K(1536K)
[217.736s][info][gc,heap        ] GC(1778) ParOldGen: 8462K(349696K)->8542K(349696K)
[217.736s][info][gc,metaspace   ] GC(1778) Metaspace: 14390K(15232K)->14390K(15232K) NonClass: 12409K(12864K)->12409K(12864K) Class: 1981K(2368K)->1981K(2368K)
[217.736s][info][gc             ] GC(1778) Pause Young (Allocation Failure) 176M->9M(510M) 3.668ms
[217.736s][info][gc,cpu         ] GC(1778) User=0.00s Sys=0.00s Real=0.00s
[217.867s][info][gc,start       ] GC(1779) Pause Young (Allocation Failure)
[217.870s][info][gc,heap        ] GC(1779) PSYoungGen: 172512K(173056K)->1024K(173056K) Eden: 171520K(171520K)->0K(171520K) From: 992K(1536K)->1024K(1536K)
[217.870s][info][gc,heap        ] GC(1779) ParOldGen: 8542K(349696K)->8590K(349696K)
[217.870s][info][gc,metaspace   ] GC(1779) Metaspace: 14390K(15232K)->14390K(15232K) NonClass: 12409K(12864K)->12409K(12864K) Class: 1981K(2368K)->1981K(2368K)
[217.870s][info][gc             ] GC(1779) Pause Young (Allocation Failure) 176M->9M(510M) 2.798ms
[217.870s][info][gc,cpu         ] GC(1779) User=0.00s Sys=0.00s Real=0.00s
[217.997s][info][gc,start       ] GC(1780) Pause Young (Allocation Failure)
[217.999s][info][gc,heap        ] GC(1780) PSYoungGen: 172544K(173056K)->992K(173056K) Eden: 171520K(171520K)->0K(171520K) From: 1024K(1536K)->992K(1536K)
[217.999s][info][gc,heap        ] GC(1780) ParOldGen: 8590K(349696K)->8654K(349696K)
[218.000s][info][gc,metaspace   ] GC(1780) Metaspace: 14390K(15232K)->14390K(15232K) NonClass: 12409K(12864K)->12409K(12864K) Class: 1981K(2368K)->1981K(2368K)
[218.000s][info][gc             ] GC(1780) Pause Young (Allocation Failure) 176M->9M(510M) 2.658ms
[218.000s][info][gc,cpu         ] GC(1780) User=0.00s Sys=0.00s Real=0.00s
[218.138s][info][gc,start       ] GC(1781) Pause Young (Allocation Failure)
[218.140s][info][gc,heap        ] GC(1781) PSYoungGen: 172512K(173056K)->1024K(173056K) Eden: 171520K(171520K)->0K(171520K) From: 992K(1536K)->1024K(1536K)
[218.140s][info][gc,heap        ] GC(1781) ParOldGen: 8654K(349696K)->8710K(349696K)
[218.140s][info][gc,metaspace   ] GC(1781) Metaspace: 14390K(15232K)->14390K(15232K) NonClass: 12409K(12864K)->12409K(12864K) Class: 1981K(2368K)->1981K(2368K)
[218.140s][info][gc             ] GC(1781) Pause Young (Allocation Failure) 176M->9M(510M) 2.606ms
[218.140s][info][gc,cpu         ] GC(1781) User=0.00s Sys=0.00s Real=0.00s
[218.274s][info][gc,start       ] GC(1782) Pause Young (Allocation Failure)
[218.277s][info][gc,heap        ] GC(1782) PSYoungGen: 172544K(173056K)->992K(173056K) Eden: 171520K(171520K)->0K(171520K) From: 1024K(1536K)->992K(1536K)
[218.277s][info][gc,heap        ] GC(1782) ParOldGen: 8710K(349696K)->8766K(349696K)
[218.277s][info][gc,metaspace   ] GC(1782) Metaspace: 14390K(15232K)->14390K(15232K) NonClass: 12409K(12864K)->12409K(12864K) Class: 1981K(2368K)->1981K(2368K)
[218.277s][info][gc             ] GC(1782) Pause Young (Allocation Failure) 177M->9M(510M) 2.521ms
[218.277s][info][gc,cpu         ] GC(1782) User=0.00s Sys=0.00s Real=0.00s
[218.401s][info][gc,start       ] GC(1783) Pause Young (Allocation Failure)
[218.404s][info][gc,heap        ] GC(1783) PSYoungGen: 172512K(173056K)->1024K(173056K) Eden: 171520K(171520K)->0K(171520K) From: 992K(1536K)->1024K(1536K)
[218.404s][info][gc,heap        ] GC(1783) ParOldGen: 8766K(349696K)->8822K(349696K)
[218.404s][info][gc,metaspace   ] GC(1783) Metaspace: 14390K(15232K)->14390K(15232K) NonClass: 12409K(12864K)->12409K(12864K) Class: 1981K(2368K)->1981K(2368K)
[218.404s][info][gc             ] GC(1783) Pause Young (Allocation Failure) 177M->9M(510M) 2.495ms
[218.404s][info][gc,cpu         ] GC(1783) User=0.00s Sys=0.00s Real=0.00s
[218.526s][info][gc,start       ] GC(1784) Pause Young (Allocation Failure)
[218.528s][info][gc,heap        ] GC(1784) PSYoungGen: 172544K(173056K)->1024K(173056K) Eden: 171520K(171520K)->0K(171520K) From: 1024K(1536K)->1024K(1536K)
[218.528s][info][gc,heap        ] GC(1784) ParOldGen: 8822K(349696K)->8878K(349696K)
[218.528s][info][gc,metaspace   ] GC(1784) Metaspace: 14390K(15232K)->14390K(15232K) NonClass: 12409K(12864K)->12409K(12864K) Class: 1981K(2368K)->1981K(2368K)
[218.528s][info][gc             ] GC(1784) Pause Young (Allocation Failure) 177M->9M(510M) 2.459ms
[218.528s][info][gc,cpu         ] GC(1784) User=0.00s Sys=0.00s Real=0.00s
[218.650s][info][gc,start       ] GC(1785) Pause Young (Allocation Failure)
[218.652s][info][gc,heap        ] GC(1785) PSYoungGen: 172544K(173056K)->992K(173056K) Eden: 171520K(171520K)->0K(171520K) From: 1024K(1536K)->992K(1536K)
[218.652s][info][gc,heap        ] GC(1785) ParOldGen: 8878K(349696K)->8918K(349696K)
[218.652s][info][gc,metaspace   ] GC(1785) Metaspace: 14390K(15232K)->14390K(15232K) NonClass: 12409K(12864K)->12409K(12864K) Class: 1981K(2368K)->1981K(2368K)
[218.652s][info][gc             ] GC(1785) Pause Young (Allocation Failure) 177M->9M(510M) 2.507ms
[218.652s][info][gc,cpu         ] GC(1785) User=0.00s Sys=0.00s Real=0.00s
[218.775s][info][gc,start       ] GC(1786) Pause Young (Allocation Failure)
[218.777s][info][gc,heap        ] GC(1786) PSYoungGen: 172512K(173056K)->1024K(173056K) Eden: 171520K(171520K)->0K(171520K) From: 992K(1536K)->1024K(1536K)
[218.777s][info][gc,heap        ] GC(1786) ParOldGen: 8918K(349696K)->8990K(349696K)
[218.777s][info][gc,metaspace   ] GC(1786) Metaspace: 14390K(15232K)->14390K(15232K) NonClass: 12409K(12864K)->12409K(12864K) Class: 1981K(2368K)->1981K(2368K)
[218.777s][info][gc             ] GC(1786) Pause Young (Allocation Failure) 177M->9M(510M) 2.452ms
[218.777s][info][gc,cpu         ] GC(1786) User=0.00s Sys=0.00s Real=0.00s
[218.896s][info][gc,start       ] GC(1787) Pause Young (Allocation Failure)
[218.898s][info][gc,heap        ] GC(1787) PSYoungGen: 172544K(173056K)->1024K(173056K) Eden: 171520K(171520K)->0K(171520K) From: 1024K(1536K)->1024K(1536K)
[218.899s][info][gc,heap        ] GC(1787) ParOldGen: 8990K(349696K)->9046K(349696K)
[218.899s][info][gc,metaspace   ] GC(1787) Metaspace: 14390K(15232K)->14390K(15232K) NonClass: 12409K(12864K)->12409K(12864K) Class: 1981K(2368K)->1981K(2368K)
[218.899s][info][gc             ] GC(1787) Pause Young (Allocation Failure) 177M->9M(510M) 2.481ms
[218.899s][info][gc,cpu         ] GC(1787) User=0.00s Sys=0.00s Real=0.00s
[219.022s][info][gc,start       ] GC(1788) Pause Young (Allocation Failure)
[219.025s][info][gc,heap        ] GC(1788) PSYoungGen: 172544K(173056K)->992K(173056K) Eden: 171520K(171520K)->0K(171520K) From: 1024K(1536K)->992K(1536K)
[219.025s][info][gc,heap        ] GC(1788) ParOldGen: 9046K(349696K)->9094K(349696K)
[219.025s][info][gc,metaspace   ] GC(1788) Metaspace: 14390K(15232K)->14390K(15232K) NonClass: 12409K(12864K)->12409K(12864K) Class: 1981K(2368K)->1981K(2368K)
[219.025s][info][gc             ] GC(1788) Pause Young (Allocation Failure) 177M->9M(510M) 2.555ms
[219.025s][info][gc,cpu         ] GC(1788) User=0.00s Sys=0.00s Real=0.00s
[219.149s][info][gc,start       ] GC(1789) Pause Young (Allocation Failure)
[219.151s][info][gc,heap        ] GC(1789) PSYoungGen: 172512K(173056K)->1024K(173056K) Eden: 171520K(171520K)->0K(171520K) From: 992K(1536K)->1024K(1536K)
[219.151s][info][gc,heap        ] GC(1789) ParOldGen: 9094K(349696K)->9142K(349696K)
[219.151s][info][gc,metaspace   ] GC(1789) Metaspace: 14390K(15232K)->14390K(15232K) NonClass: 12409K(12864K)->12409K(12864K) Class: 1981K(2368K)->1981K(2368K)
[219.151s][info][gc             ] GC(1789) Pause Young (Allocation Failure) 177M->9M(510M) 2.576ms
[219.151s][info][gc,cpu         ] GC(1789) User=0.00s Sys=0.00s Real=0.00s
[219.273s][info][gc,start       ] GC(1790) Pause Young (Allocation Failure)
[219.276s][info][gc,heap        ] GC(1790) PSYoungGen: 172544K(173056K)->1024K(173056K) Eden: 171520K(171520K)->0K(171520K) From: 1024K(1536K)->1024K(1536K)
[219.276s][info][gc,heap        ] GC(1790) ParOldGen: 9142K(349696K)->9198K(349696K)
[219.276s][info][gc,metaspace   ] GC(1790) Metaspace: 14390K(15232K)->14390K(15232K) NonClass: 12409K(12864K)->12409K(12864K) Class: 1981K(2368K)->1981K(2368K)
[219.276s][info][gc             ] GC(1790) Pause Young (Allocation Failure) 177M->9M(510M) 2.597ms
[219.276s][info][gc,cpu         ] GC(1790) User=0.00s Sys=0.00s Real=0.00s
[219.397s][info][gc,start       ] GC(1791) Pause Young (Allocation Failure)
[219.400s][info][gc,heap        ] GC(1791) PSYoungGen: 172544K(173056K)->1024K(173056K) Eden: 171520K(171520K)->0K(171520K) From: 1024K(1536K)->1024K(1536K)
[219.400s][info][gc,heap        ] GC(1791) ParOldGen: 9198K(349696K)->9254K(349696K)
[219.400s][info][gc,metaspace   ] GC(1791) Metaspace: 14390K(15232K)->14390K(15232K) NonClass: 12409K(12864K)->12409K(12864K) Class: 1981K(2368K)->1981K(2368K)
[219.400s][info][gc             ] GC(1791) Pause Young (Allocation Failure) 177M->10M(510M) 2.600ms
[219.400s][info][gc,cpu         ] GC(1791) User=0.00s Sys=0.00s Real=0.00s
[219.520s][info][gc,start       ] GC(1792) Pause Young (Allocation Failure)
[219.522s][info][gc,heap        ] GC(1792) PSYoungGen: 172544K(173056K)->992K(173056K) Eden: 171520K(171520K)->0K(171520K) From: 1024K(1536K)->992K(1536K)
[219.522s][info][gc,heap        ] GC(1792) ParOldGen: 9254K(349696K)->9310K(349696K)
[219.522s][info][gc,metaspace   ] GC(1792) Metaspace: 14390K(15232K)->14390K(15232K) NonClass: 12409K(12864K)->12409K(12864K) Class: 1981K(2368K)->1981K(2368K)
[219.522s][info][gc             ] GC(1792) Pause Young (Allocation Failure) 177M->10M(510M) 2.643ms
[219.522s][info][gc,cpu         ] GC(1792) User=0.00s Sys=0.00s Real=0.00s
[219.645s][info][gc,start       ] GC(1793) Pause Young (Allocation Failure)
[219.647s][info][gc,heap        ] GC(1793) PSYoungGen: 172512K(173056K)->1024K(173056K) Eden: 171520K(171520K)->0K(171520K) From: 992K(1536K)->1024K(1536K)
[219.647s][info][gc,heap        ] GC(1793) ParOldGen: 9310K(349696K)->9366K(349696K)
[219.647s][info][gc,metaspace   ] GC(1793) Metaspace: 14390K(15232K)->14390K(15232K) NonClass: 12409K(12864K)->12409K(12864K) Class: 1981K(2368K)->1981K(2368K)
[219.647s][info][gc             ] GC(1793) Pause Young (Allocation Failure) 177M->10M(510M) 2.651ms
[219.647s][info][gc,cpu         ] GC(1793) User=0.00s Sys=0.02s Real=0.00s
[219.770s][info][gc,start       ] GC(1794) Pause Young (Allocation Failure)
[219.773s][info][gc,heap        ] GC(1794) PSYoungGen: 172544K(173056K)->1024K(173056K) Eden: 171520K(171520K)->0K(171520K) From: 1024K(1536K)->1024K(1536K)
[219.773s][info][gc,heap        ] GC(1794) ParOldGen: 9366K(349696K)->9406K(349696K)
[219.773s][info][gc,metaspace   ] GC(1794) Metaspace: 14390K(15232K)->14390K(15232K) NonClass: 12409K(12864K)->12409K(12864K) Class: 1981K(2368K)->1981K(2368K)
[219.773s][info][gc             ] GC(1794) Pause Young (Allocation Failure) 177M->10M(510M) 2.701ms
[219.773s][info][gc,cpu         ] GC(1794) User=0.00s Sys=0.00s Real=0.00s
[219.895s][info][gc,start       ] GC(1795) Pause Young (Allocation Failure)
[219.898s][info][gc,heap        ] GC(1795) PSYoungGen: 172544K(173056K)->992K(173056K) Eden: 171520K(171520K)->0K(171520K) From: 1024K(1536K)->992K(1536K)
[219.898s][info][gc,heap        ] GC(1795) ParOldGen: 9406K(349696K)->9454K(349696K)
[219.898s][info][gc,metaspace   ] GC(1795) Metaspace: 14390K(15232K)->14390K(15232K) NonClass: 12409K(12864K)->12409K(12864K) Class: 1981K(2368K)->1981K(2368K)
[219.898s][info][gc             ] GC(1795) Pause Young (Allocation Failure) 177M->10M(510M) 2.672ms
[219.898s][info][gc,cpu         ] GC(1795) User=0.00s Sys=0.00s Real=0.00s
[220.019s][info][gc,start       ] GC(1796) Pause Young (Allocation Failure)
[220.021s][info][gc,heap        ] GC(1796) PSYoungGen: 172512K(173056K)->1024K(173056K) Eden: 171520K(171520K)->0K(171520K) From: 992K(1536K)->1024K(1536K)
[220.021s][info][gc,heap        ] GC(1796) ParOldGen: 9454K(349696K)->9510K(349696K)
[220.021s][info][gc,metaspace   ] GC(1796) Metaspace: 14390K(15232K)->14390K(15232K) NonClass: 12409K(12864K)->12409K(12864K) Class: 1981K(2368K)->1981K(2368K)
[220.021s][info][gc             ] GC(1796) Pause Young (Allocation Failure) 177M->10M(510M) 2.735ms
[220.021s][info][gc,cpu         ] GC(1796) User=0.52s Sys=0.00s Real=0.00s
[220.144s][info][gc,start       ] GC(1797) Pause Young (Allocation Failure)
[220.147s][info][gc,heap        ] GC(1797) PSYoungGen: 172544K(173056K)->1056K(173056K) Eden: 171520K(171520K)->0K(171520K) From: 1024K(1536K)->1056K(1536K)
[220.147s][info][gc,heap        ] GC(1797) ParOldGen: 9510K(349696K)->9558K(349696K)
[220.147s][info][gc,metaspace   ] GC(1797) Metaspace: 14390K(15232K)->14390K(15232K) NonClass: 12409K(12864K)->12409K(12864K) Class: 1981K(2368K)->1981K(2368K)
[220.147s][info][gc             ] GC(1797) Pause Young (Allocation Failure) 177M->10M(510M) 2.734ms
[220.147s][info][gc,cpu         ] GC(1797) User=0.52s Sys=0.00s Real=0.00s
[220.270s][info][gc,start       ] GC(1798) Pause Young (Allocation Failure)
[220.272s][info][gc,heap        ] GC(1798) PSYoungGen: 172576K(173056K)->1024K(173056K) Eden: 171520K(171520K)->0K(171520K) From: 1056K(1536K)->1024K(1536K)
[220.272s][info][gc,heap        ] GC(1798) ParOldGen: 9558K(349696K)->9622K(349696K)
[220.272s][info][gc,metaspace   ] GC(1798) Metaspace: 14390K(15232K)->14390K(15232K) NonClass: 12409K(12864K)->12409K(12864K) Class: 1981K(2368K)->1981K(2368K)
[220.272s][info][gc             ] GC(1798) Pause Young (Allocation Failure) 177M->10M(510M) 2.734ms
[220.272s][info][gc,cpu         ] GC(1798) User=0.52s Sys=0.00s Real=0.00s
[220.514s][info][gc,start       ] GC(1799) Pause Young (Allocation Failure)
[220.518s][info][gc,heap        ] GC(1799) PSYoungGen: 172543K(173056K)->992K(173056K) Eden: 171519K(171520K)->0K(171520K) From: 1024K(1536K)->992K(1536K)
[220.518s][info][gc,heap        ] GC(1799) ParOldGen: 9622K(349696K)->9670K(349696K)
[220.518s][info][gc,metaspace   ] GC(1799) Metaspace: 14390K(15232K)->14390K(15232K) NonClass: 12409K(12864K)->12409K(12864K) Class: 1981K(2368K)->1981K(2368K)
[220.518s][info][gc             ] GC(1799) Pause Young (Allocation Failure) 177M->10M(510M) 3.619ms
[220.518s][info][gc,cpu         ] GC(1799) User=0.00s Sys=0.00s Real=0.00s
[220.651s][info][gc,start       ] GC(1800) Pause Young (Allocation Failure)
[220.654s][info][gc,heap        ] GC(1800) PSYoungGen: 172512K(173056K)->1024K(173056K) Eden: 171520K(171520K)->0K(171520K) From: 992K(1536K)->1024K(1536K)
[220.654s][info][gc,heap        ] GC(1800) ParOldGen: 9670K(349696K)->9726K(349696K)
[220.654s][info][gc,metaspace   ] GC(1800) Metaspace: 14390K(15232K)->14390K(15232K) NonClass: 12409K(12864K)->12409K(12864K) Class: 1981K(2368K)->1981K(2368K)
[220.654s][info][gc             ] GC(1800) Pause Young (Allocation Failure) 177M->10M(510M) 2.705ms
[220.654s][info][gc,cpu         ] GC(1800) User=0.00s Sys=0.00s Real=0.00s
[220.781s][info][gc,start       ] GC(1801) Pause Young (Allocation Failure)
[220.783s][info][gc,heap        ] GC(1801) PSYoungGen: 172544K(173056K)->1024K(173056K) Eden: 171520K(171520K)->0K(171520K) From: 1024K(1536K)->1024K(1536K)
[220.783s][info][gc,heap        ] GC(1801) ParOldGen: 9726K(349696K)->9790K(349696K)
[220.783s][info][gc,metaspace   ] GC(1801) Metaspace: 14390K(15232K)->14390K(15232K) NonClass: 12409K(12864K)->12409K(12864K) Class: 1981K(2368K)->1981K(2368K)
[220.783s][info][gc             ] GC(1801) Pause Young (Allocation Failure) 177M->10M(510M) 2.583ms
[220.783s][info][gc,cpu         ] GC(1801) User=0.00s Sys=0.00s Real=0.00s
[220.908s][info][gc,start       ] GC(1802) Pause Young (Allocation Failure)
[220.911s][info][gc,heap        ] GC(1802) PSYoungGen: 172544K(173056K)->1024K(173056K) Eden: 171520K(171520K)->0K(171520K) From: 1024K(1536K)->1024K(1536K)
[220.911s][info][gc,heap        ] GC(1802) ParOldGen: 9790K(349696K)->9854K(349696K)
[220.911s][info][gc,metaspace   ] GC(1802) Metaspace: 14390K(15232K)->14390K(15232K) NonClass: 12409K(12864K)->12409K(12864K) Class: 1981K(2368K)->1981K(2368K)
[220.911s][info][gc             ] GC(1802) Pause Young (Allocation Failure) 178M->10M(510M) 2.450ms
[220.911s][info][gc,cpu         ] GC(1802) User=0.52s Sys=0.00s Real=0.00s
[221.036s][info][gc,start       ] GC(1803) Pause Young (Allocation Failure)
[221.038s][info][gc,heap        ] GC(1803) PSYoungGen: 172544K(173056K)->1024K(173056K) Eden: 171520K(171520K)->0K(171520K) From: 1024K(1536K)->1024K(1536K)
[221.038s][info][gc,heap        ] GC(1803) ParOldGen: 9854K(349696K)->9918K(349696K)
[221.038s][info][gc,metaspace   ] GC(1803) Metaspace: 14390K(15232K)->14390K(15232K) NonClass: 12409K(12864K)->12409K(12864K) Class: 1981K(2368K)->1981K(2368K)
[221.038s][info][gc             ] GC(1803) Pause Young (Allocation Failure) 178M->10M(510M) 2.474ms
[221.038s][info][gc,cpu         ] GC(1803) User=0.00s Sys=0.00s Real=0.00s
[221.170s][info][gc,start       ] GC(1804) Pause Young (Allocation Failure)
[221.173s][info][gc,heap        ] GC(1804) PSYoungGen: 172544K(173056K)->1024K(173056K) Eden: 171520K(171520K)->0K(171520K) From: 1024K(1536K)->1024K(1536K)
[221.173s][info][gc,heap        ] GC(1804) ParOldGen: 9918K(349696K)->9966K(349696K)
[221.173s][info][gc,metaspace   ] GC(1804) Metaspace: 14390K(15232K)->14390K(15232K) NonClass: 12409K(12864K)->12409K(12864K) Class: 1981K(2368K)->1981K(2368K)
[221.173s][info][gc             ] GC(1804) Pause Young (Allocation Failure) 178M->10M(510M) 2.472ms
[221.173s][info][gc,cpu         ] GC(1804) User=0.00s Sys=0.00s Real=0.00s
[221.302s][info][gc,start       ] GC(1805) Pause Young (Allocation Failure)
[221.305s][info][gc,heap        ] GC(1805) PSYoungGen: 172544K(173056K)->1024K(173056K) Eden: 171520K(171520K)->0K(171520K) From: 1024K(1536K)->1024K(1536K)
[221.305s][info][gc,heap        ] GC(1805) ParOldGen: 9966K(349696K)->10014K(349696K)
[221.305s][info][gc,metaspace   ] GC(1805) Metaspace: 14390K(15232K)->14390K(15232K) NonClass: 12409K(12864K)->12409K(12864K) Class: 1981K(2368K)->1981K(2368K)
[221.305s][info][gc             ] GC(1805) Pause Young (Allocation Failure) 178M->10M(510M) 2.397ms
[221.305s][info][gc,cpu         ] GC(1805) User=0.00s Sys=0.00s Real=0.00s
[221.429s][info][gc,start       ] GC(1806) Pause Young (Allocation Failure)
[221.431s][info][gc,heap        ] GC(1806) PSYoungGen: 172544K(173056K)->1024K(173056K) Eden: 171520K(171520K)->0K(171520K) From: 1024K(1536K)->1024K(1536K)
[221.432s][info][gc,heap        ] GC(1806) ParOldGen: 10014K(349696K)->10078K(349696K)
[221.432s][info][gc,metaspace   ] GC(1806) Metaspace: 14390K(15232K)->14390K(15232K) NonClass: 12409K(12864K)->12409K(12864K) Class: 1981K(2368K)->1981K(2368K)
[221.432s][info][gc             ] GC(1806) Pause Young (Allocation Failure) 178M->10M(510M) 2.305ms
[221.432s][info][gc,cpu         ] GC(1806) User=0.00s Sys=0.00s Real=0.00s
[221.555s][info][gc,start       ] GC(1807) Pause Young (Allocation Failure)
[221.557s][info][gc,heap        ] GC(1807) PSYoungGen: 172544K(173056K)->1024K(173056K) Eden: 171520K(171520K)->0K(171520K) From: 1024K(1536K)->1024K(1536K)
[221.557s][info][gc,heap        ] GC(1807) ParOldGen: 10078K(349696K)->10150K(349696K)
[221.557s][info][gc,metaspace   ] GC(1807) Metaspace: 14390K(15232K)->14390K(15232K) NonClass: 12409K(12864K)->12409K(12864K) Class: 1981K(2368K)->1981K(2368K)
[221.557s][info][gc             ] GC(1807) Pause Young (Allocation Failure) 178M->10M(510M) 2.281ms
[221.557s][info][gc,cpu         ] GC(1807) User=0.00s Sys=0.00s Real=0.00s
[221.681s][info][gc,start       ] GC(1808) Pause Young (Allocation Failure)
[221.683s][info][gc,heap        ] GC(1808) PSYoungGen: 172544K(173056K)->1024K(173056K) Eden: 171520K(171520K)->0K(171520K) From: 1024K(1536K)->1024K(1536K)
[221.683s][info][gc,heap        ] GC(1808) ParOldGen: 10150K(349696K)->10206K(349696K)
[221.683s][info][gc,metaspace   ] GC(1808) Metaspace: 14390K(15232K)->14390K(15232K) NonClass: 12409K(12864K)->12409K(12864K) Class: 1981K(2368K)->1981K(2368K)
[221.683s][info][gc             ] GC(1808) Pause Young (Allocation Failure) 178M->10M(510M) 2.342ms
[221.683s][info][gc,cpu         ] GC(1808) User=0.00s Sys=0.00s Real=0.00s
[221.806s][info][gc,start       ] GC(1809) Pause Young (Allocation Failure)
[221.808s][info][gc,heap        ] GC(1809) PSYoungGen: 172544K(173056K)->1024K(173056K) Eden: 171520K(171520K)->0K(171520K) From: 1024K(1536K)->1024K(1536K)
[221.808s][info][gc,heap        ] GC(1809) ParOldGen: 10206K(349696K)->10262K(349696K)
[221.808s][info][gc,metaspace   ] GC(1809) Metaspace: 14390K(15232K)->14390K(15232K) NonClass: 12409K(12864K)->12409K(12864K) Class: 1981K(2368K)->1981K(2368K)
[221.808s][info][gc             ] GC(1809) Pause Young (Allocation Failure) 178M->11M(510M) 2.341ms
[221.808s][info][gc,cpu         ] GC(1809) User=0.00s Sys=0.00s Real=0.00s
[221.933s][info][gc,start       ] GC(1810) Pause Young (Allocation Failure)
[221.935s][info][gc,heap        ] GC(1810) PSYoungGen: 172544K(173056K)->1024K(173056K) Eden: 171520K(171520K)->0K(171520K) From: 1024K(1536K)->1024K(1536K)
[221.935s][info][gc,heap        ] GC(1810) ParOldGen: 10262K(349696K)->10318K(349696K)
[221.935s][info][gc,metaspace   ] GC(1810) Metaspace: 14390K(15232K)->14390K(15232K) NonClass: 12409K(12864K)->12409K(12864K) Class: 1981K(2368K)->1981K(2368K)
[221.935s][info][gc             ] GC(1810) Pause Young (Allocation Failure) 178M->11M(510M) 2.403ms
[221.935s][info][gc,cpu         ] GC(1810) User=0.00s Sys=0.00s Real=0.00s
[222.059s][info][gc,start       ] GC(1811) Pause Young (Allocation Failure)
[222.061s][info][gc,heap        ] GC(1811) PSYoungGen: 172544K(173056K)->1024K(173056K) Eden: 171520K(171520K)->0K(171520K) From: 1024K(1536K)->1024K(1536K)
[222.061s][info][gc,heap        ] GC(1811) ParOldGen: 10318K(349696K)->10382K(349696K)
[222.061s][info][gc,metaspace   ] GC(1811) Metaspace: 14390K(15232K)->14390K(15232K) NonClass: 12409K(12864K)->12409K(12864K) Class: 1981K(2368K)->1981K(2368K)
[222.061s][info][gc             ] GC(1811) Pause Young (Allocation Failure) 178M->11M(510M) 2.413ms
[222.061s][info][gc,cpu         ] GC(1811) User=0.00s Sys=0.00s Real=0.00s
[222.186s][info][gc,start       ] GC(1812) Pause Young (Allocation Failure)
[222.188s][info][gc,heap        ] GC(1812) PSYoungGen: 172544K(173056K)->1024K(173056K) Eden: 171520K(171520K)->0K(171520K) From: 1024K(1536K)->1024K(1536K)
[222.188s][info][gc,heap        ] GC(1812) ParOldGen: 10382K(349696K)->10438K(349696K)
[222.188s][info][gc,metaspace   ] GC(1812) Metaspace: 14390K(15232K)->14390K(15232K) NonClass: 12409K(12864K)->12409K(12864K) Class: 1981K(2368K)->1981K(2368K)
[222.188s][info][gc             ] GC(1812) Pause Young (Allocation Failure) 178M->11M(510M) 2.445ms
[222.188s][info][gc,cpu         ] GC(1812) User=0.00s Sys=0.00s Real=0.00s
[222.312s][info][gc,start       ] GC(1813) Pause Young (Allocation Failure)
[222.314s][info][gc,heap        ] GC(1813) PSYoungGen: 172544K(173056K)->1056K(173056K) Eden: 171520K(171520K)->0K(171520K) From: 1024K(1536K)->1056K(1536K)
[222.314s][info][gc,heap        ] GC(1813) ParOldGen: 10438K(349696K)->10518K(349696K)
[222.314s][info][gc,metaspace   ] GC(1813) Metaspace: 14390K(15232K)->14390K(15232K) NonClass: 12409K(12864K)->12409K(12864K) Class: 1981K(2368K)->1981K(2368K)
[222.314s][info][gc             ] GC(1813) Pause Young (Allocation Failure) 178M->11M(510M) 2.484ms
[222.314s][info][gc,cpu         ] GC(1813) User=0.00s Sys=0.00s Real=0.00s
[222.437s][info][gc,start       ] GC(1814) Pause Young (Allocation Failure)
[222.439s][info][gc,heap        ] GC(1814) PSYoungGen: 172576K(173056K)->992K(173056K) Eden: 171520K(171520K)->0K(171520K) From: 1056K(1536K)->992K(1536K)
[222.439s][info][gc,heap        ] GC(1814) ParOldGen: 10518K(349696K)->10566K(349696K)
[222.439s][info][gc,metaspace   ] GC(1814) Metaspace: 14390K(15232K)->14390K(15232K) NonClass: 12409K(12864K)->12409K(12864K) Class: 1981K(2368K)->1981K(2368K)
[222.439s][info][gc             ] GC(1814) Pause Young (Allocation Failure) 178M->11M(510M) 2.492ms
[222.439s][info][gc,cpu         ] GC(1814) User=0.00s Sys=0.00s Real=0.00s
[222.563s][info][gc,start       ] GC(1815) Pause Young (Allocation Failure)
[222.565s][info][gc,heap        ] GC(1815) PSYoungGen: 172512K(173056K)->960K(173056K) Eden: 171520K(171520K)->0K(171520K) From: 992K(1536K)->960K(1536K)
[222.565s][info][gc,heap        ] GC(1815) ParOldGen: 10566K(349696K)->10614K(349696K)
[222.565s][info][gc,metaspace   ] GC(1815) Metaspace: 14390K(15232K)->14390K(15232K) NonClass: 12409K(12864K)->12409K(12864K) Class: 1981K(2368K)->1981K(2368K)
[222.565s][info][gc             ] GC(1815) Pause Young (Allocation Failure) 178M->11M(510M) 2.476ms
[222.565s][info][gc,cpu         ] GC(1815) User=0.00s Sys=0.00s Real=0.00s
[222.690s][info][gc,start       ] GC(1816) Pause Young (Allocation Failure)
[222.694s][info][gc,heap        ] GC(1816) PSYoungGen: 172480K(173056K)->1024K(173056K) Eden: 171520K(171520K)->0K(171520K) From: 960K(1536K)->1024K(1536K)
[222.694s][info][gc,heap        ] GC(1816) ParOldGen: 10614K(349696K)->10670K(349696K)
[222.694s][info][gc,metaspace   ] GC(1816) Metaspace: 14390K(15232K)->14390K(15232K) NonClass: 12409K(12864K)->12409K(12864K) Class: 1981K(2368K)->1981K(2368K)
[222.694s][info][gc             ] GC(1816) Pause Young (Allocation Failure) 178M->11M(510M) 4.140ms
[222.694s][info][gc,cpu         ] GC(1816) User=0.00s Sys=0.00s Real=0.00s
[222.817s][info][gc,start       ] GC(1817) Pause Young (Allocation Failure)
[222.820s][info][gc,heap        ] GC(1817) PSYoungGen: 172544K(173056K)->1024K(173056K) Eden: 171520K(171520K)->0K(171520K) From: 1024K(1536K)->1024K(1536K)
[222.820s][info][gc,heap        ] GC(1817) ParOldGen: 10670K(349696K)->10734K(349696K)
[222.820s][info][gc,metaspace   ] GC(1817) Metaspace: 14390K(15232K)->14390K(15232K) NonClass: 12409K(12864K)->12409K(12864K) Class: 1981K(2368K)->1981K(2368K)
[222.820s][info][gc             ] GC(1817) Pause Young (Allocation Failure) 178M->11M(510M) 2.544ms
[222.820s][info][gc,cpu         ] GC(1817) User=0.00s Sys=0.00s Real=0.00s
[222.943s][info][gc,start       ] GC(1818) Pause Young (Allocation Failure)
[222.945s][info][gc,heap        ] GC(1818) PSYoungGen: 172544K(173056K)->1024K(173056K) Eden: 171520K(171520K)->0K(171520K) From: 1024K(1536K)->1024K(1536K)
[222.945s][info][gc,heap        ] GC(1818) ParOldGen: 10734K(349696K)->10790K(349696K)
[222.945s][info][gc,metaspace   ] GC(1818) Metaspace: 14390K(15232K)->14390K(15232K) NonClass: 12409K(12864K)->12409K(12864K) Class: 1981K(2368K)->1981K(2368K)
[222.945s][info][gc             ] GC(1818) Pause Young (Allocation Failure) 178M->11M(510M) 2.584ms
[222.945s][info][gc,cpu         ] GC(1818) User=0.00s Sys=0.00s Real=0.00s
[223.069s][info][gc,start       ] GC(1819) Pause Young (Allocation Failure)
[223.071s][info][gc,heap        ] GC(1819) PSYoungGen: 172544K(173056K)->992K(173056K) Eden: 171520K(171520K)->0K(171520K) From: 1024K(1536K)->992K(1536K)
[223.071s][info][gc,heap        ] GC(1819) ParOldGen: 10790K(349696K)->10830K(349696K)
[223.071s][info][gc,metaspace   ] GC(1819) Metaspace: 14390K(15232K)->14390K(15232K) NonClass: 12409K(12864K)->12409K(12864K) Class: 1981K(2368K)->1981K(2368K)
[223.071s][info][gc             ] GC(1819) Pause Young (Allocation Failure) 179M->11M(510M) 2.607ms
[223.071s][info][gc,cpu         ] GC(1819) User=0.00s Sys=0.00s Real=0.00s
[223.195s][info][gc,start       ] GC(1820) Pause Young (Allocation Failure)
[223.197s][info][gc,heap        ] GC(1820) PSYoungGen: 172512K(173056K)->1024K(173056K) Eden: 171520K(171520K)->0K(171520K) From: 992K(1536K)->1024K(1536K)
[223.197s][info][gc,heap        ] GC(1820) ParOldGen: 10830K(349696K)->10886K(349696K)
[223.197s][info][gc,metaspace   ] GC(1820) Metaspace: 14390K(15232K)->14390K(15232K) NonClass: 12409K(12864K)->12409K(12864K) Class: 1981K(2368K)->1981K(2368K)
[223.198s][info][gc             ] GC(1820) Pause Young (Allocation Failure) 179M->11M(510M) 2.631ms
[223.198s][info][gc,cpu         ] GC(1820) User=0.00s Sys=0.00s Real=0.00s
[223.321s][info][gc,start       ] GC(1821) Pause Young (Allocation Failure)
[223.323s][info][gc,heap        ] GC(1821) PSYoungGen: 172544K(173056K)->1024K(173056K) Eden: 171520K(171520K)->0K(171520K) From: 1024K(1536K)->1024K(1536K)
[223.323s][info][gc,heap        ] GC(1821) ParOldGen: 10886K(349696K)->10934K(349696K)
[223.323s][info][gc,metaspace   ] GC(1821) Metaspace: 14390K(15232K)->14390K(15232K) NonClass: 12409K(12864K)->12409K(12864K) Class: 1981K(2368K)->1981K(2368K)
[223.323s][info][gc             ] GC(1821) Pause Young (Allocation Failure) 179M->11M(510M) 2.629ms
[223.323s][info][gc,cpu         ] GC(1821) User=0.00s Sys=0.00s Real=0.00s
[223.449s][info][gc,start       ] GC(1822) Pause Young (Allocation Failure)
[223.452s][info][gc,heap        ] GC(1822) PSYoungGen: 172544K(173056K)->960K(173056K) Eden: 171520K(171520K)->0K(171520K) From: 1024K(1536K)->960K(1536K)
[223.452s][info][gc,heap        ] GC(1822) ParOldGen: 10934K(349696K)->10990K(349696K)
[223.452s][info][gc,metaspace   ] GC(1822) Metaspace: 14390K(15232K)->14390K(15232K) NonClass: 12409K(12864K)->12409K(12864K) Class: 1981K(2368K)->1981K(2368K)
[223.452s][info][gc             ] GC(1822) Pause Young (Allocation Failure) 179M->11M(510M) 2.665ms
[223.452s][info][gc,cpu         ] GC(1822) User=0.00s Sys=0.00s Real=0.00s
[223.574s][info][gc,start       ] GC(1823) Pause Young (Allocation Failure)
[223.577s][info][gc,heap        ] GC(1823) PSYoungGen: 172480K(173056K)->1024K(173056K) Eden: 171520K(171520K)->0K(171520K) From: 960K(1536K)->1024K(1536K)
[223.577s][info][gc,heap        ] GC(1823) ParOldGen: 10990K(349696K)->11062K(349696K)
[223.577s][info][gc,metaspace   ] GC(1823) Metaspace: 14390K(15232K)->14390K(15232K) NonClass: 12409K(12864K)->12409K(12864K) Class: 1981K(2368K)->1981K(2368K)
[223.577s][info][gc             ] GC(1823) Pause Young (Allocation Failure) 179M->11M(510M) 2.665ms
[223.577s][info][gc,cpu         ] GC(1823) User=0.00s Sys=0.00s Real=0.00s
[223.701s][info][gc,start       ] GC(1824) Pause Young (Allocation Failure)
[223.703s][info][gc,heap        ] GC(1824) PSYoungGen: 172544K(173056K)->1024K(173056K) Eden: 171520K(171520K)->0K(171520K) From: 1024K(1536K)->1024K(1536K)
[223.703s][info][gc,heap        ] GC(1824) ParOldGen: 11062K(349696K)->11118K(349696K)
[223.703s][info][gc,metaspace   ] GC(1824) Metaspace: 14390K(15232K)->14390K(15232K) NonClass: 12409K(12864K)->12409K(12864K) Class: 1981K(2368K)->1981K(2368K)
[223.703s][info][gc             ] GC(1824) Pause Young (Allocation Failure) 179M->11M(510M) 2.748ms
[223.703s][info][gc,cpu         ] GC(1824) User=0.00s Sys=0.00s Real=0.00s
[223.829s][info][gc,start       ] GC(1825) Pause Young (Allocation Failure)
[223.832s][info][gc,heap        ] GC(1825) PSYoungGen: 172544K(173056K)->1024K(173056K) Eden: 171520K(171520K)->0K(171520K) From: 1024K(1536K)->1024K(1536K)
[223.832s][info][gc,heap        ] GC(1825) ParOldGen: 11118K(349696K)->11166K(349696K)
[223.832s][info][gc,metaspace   ] GC(1825) Metaspace: 14390K(15232K)->14390K(15232K) NonClass: 12409K(12864K)->12409K(12864K) Class: 1981K(2368K)->1981K(2368K)
[223.832s][info][gc             ] GC(1825) Pause Young (Allocation Failure) 179M->11M(510M) 2.777ms
[223.832s][info][gc,cpu         ] GC(1825) User=0.00s Sys=0.00s Real=0.00s
[223.956s][info][gc,start       ] GC(1826) Pause Young (Allocation Failure)
[223.959s][info][gc,heap        ] GC(1826) PSYoungGen: 172544K(173056K)->1024K(173056K) Eden: 171520K(171520K)->0K(171520K) From: 1024K(1536K)->1024K(1536K)
[223.959s][info][gc,heap        ] GC(1826) ParOldGen: 11166K(349696K)->11238K(349696K)
[223.959s][info][gc,metaspace   ] GC(1826) Metaspace: 14390K(15232K)->14390K(15232K) NonClass: 12409K(12864K)->12409K(12864K) Class: 1981K(2368K)->1981K(2368K)
[223.959s][info][gc             ] GC(1826) Pause Young (Allocation Failure) 179M->11M(510M) 2.750ms
[223.959s][info][gc,cpu         ] GC(1826) User=0.52s Sys=0.00s Real=0.00s
[224.082s][info][gc,start       ] GC(1827) Pause Young (Allocation Failure)
[224.085s][info][gc,heap        ] GC(1827) PSYoungGen: 172544K(173056K)->1024K(173056K) Eden: 171520K(171520K)->0K(171520K) From: 1024K(1536K)->1024K(1536K)
[224.085s][info][gc,heap        ] GC(1827) ParOldGen: 11238K(349696K)->11310K(349696K)
[224.085s][info][gc,metaspace   ] GC(1827) Metaspace: 14390K(15232K)->14390K(15232K) NonClass: 12409K(12864K)->12409K(12864K) Class: 1981K(2368K)->1981K(2368K)
[224.085s][info][gc             ] GC(1827) Pause Young (Allocation Failure) 179M->12M(510M) 2.906ms
[224.085s][info][gc,cpu         ] GC(1827) User=0.02s Sys=0.00s Real=0.00s
[224.210s][info][gc,start       ] GC(1828) Pause Young (Allocation Failure)
[224.212s][info][gc,heap        ] GC(1828) PSYoungGen: 172544K(173056K)->1024K(173056K) Eden: 171520K(171520K)->0K(171520K) From: 1024K(1536K)->1024K(1536K)
[224.212s][info][gc,heap        ] GC(1828) ParOldGen: 11310K(349696K)->11358K(349696K)
[224.212s][info][gc,metaspace   ] GC(1828) Metaspace: 14390K(15232K)->14390K(15232K) NonClass: 12409K(12864K)->12409K(12864K) Class: 1981K(2368K)->1981K(2368K)
[224.212s][info][gc             ] GC(1828) Pause Young (Allocation Failure) 179M->12M(510M) 2.817ms
[224.213s][info][gc,cpu         ] GC(1828) User=0.00s Sys=0.00s Real=0.00s
[224.358s][info][gc,start       ] GC(1829) Pause Young (Allocation Failure)
[224.361s][info][gc,heap        ] GC(1829) PSYoungGen: 172544K(173056K)->1024K(173056K) Eden: 171520K(171520K)->0K(171520K) From: 1024K(1536K)->1024K(1536K)
[224.361s][info][gc,heap        ] GC(1829) ParOldGen: 11358K(349696K)->11406K(349696K)
[224.361s][info][gc,metaspace   ] GC(1829) Metaspace: 14390K(15232K)->14390K(15232K) NonClass: 12409K(12864K)->12409K(12864K) Class: 1981K(2368K)->1981K(2368K)
[224.361s][info][gc             ] GC(1829) Pause Young (Allocation Failure) 179M->12M(510M) 3.023ms
[224.361s][info][gc,cpu         ] GC(1829) User=0.00s Sys=0.00s Real=0.00s
[224.494s][info][gc,start       ] GC(1830) Pause Young (Allocation Failure)
[224.496s][info][gc,heap        ] GC(1830) PSYoungGen: 172543K(173056K)->1024K(173056K) Eden: 171519K(171520K)->0K(171520K) From: 1024K(1536K)->1024K(1536K)
[224.496s][info][gc,heap        ] GC(1830) ParOldGen: 11406K(349696K)->11478K(349696K)
[224.496s][info][gc,metaspace   ] GC(1830) Metaspace: 14390K(15232K)->14390K(15232K) NonClass: 12409K(12864K)->12409K(12864K) Class: 1981K(2368K)->1981K(2368K)
[224.496s][info][gc             ] GC(1830) Pause Young (Allocation Failure) 179M->12M(510M) 2.677ms
[224.496s][info][gc,cpu         ] GC(1830) User=0.00s Sys=0.00s Real=0.00s
[224.629s][info][gc,start       ] GC(1831) Pause Young (Allocation Failure)
[224.632s][info][gc,heap        ] GC(1831) PSYoungGen: 172544K(173056K)->992K(173056K) Eden: 171520K(171520K)->0K(171520K) From: 1024K(1536K)->992K(1536K)
[224.632s][info][gc,heap        ] GC(1831) ParOldGen: 11478K(349696K)->11554K(349696K)
[224.632s][info][gc,metaspace   ] GC(1831) Metaspace: 14390K(15232K)->14390K(15232K) NonClass: 12409K(12864K)->12409K(12864K) Class: 1981K(2368K)->1981K(2368K)
[224.632s][info][gc             ] GC(1831) Pause Young (Allocation Failure) 179M->12M(510M) 2.589ms
[224.632s][info][gc,cpu         ] GC(1831) User=0.00s Sys=0.00s Real=0.00s
[224.767s][info][gc,start       ] GC(1832) Pause Young (Allocation Failure)
[224.770s][info][gc,heap        ] GC(1832) PSYoungGen: 172512K(173056K)->1024K(173056K) Eden: 171520K(171520K)->0K(171520K) From: 992K(1536K)->1024K(1536K)
[224.770s][info][gc,heap        ] GC(1832) ParOldGen: 11554K(349696K)->11618K(349696K)
[224.770s][info][gc,metaspace   ] GC(1832) Metaspace: 14390K(15232K)->14390K(15232K) NonClass: 12409K(12864K)->12409K(12864K) Class: 1981K(2368K)->1981K(2368K)
[224.770s][info][gc             ] GC(1832) Pause Young (Allocation Failure) 179M->12M(510M) 2.471ms
[224.770s][info][gc,cpu         ] GC(1832) User=0.42s Sys=0.08s Real=0.00s
[224.900s][info][gc,start       ] GC(1833) Pause Young (Allocation Failure)
[224.903s][info][gc,heap        ] GC(1833) PSYoungGen: 172544K(173056K)->1024K(173056K) Eden: 171520K(171520K)->0K(171520K) From: 1024K(1536K)->1024K(1536K)
[224.903s][info][gc,heap        ] GC(1833) ParOldGen: 11618K(349696K)->11690K(349696K)
[224.903s][info][gc,metaspace   ] GC(1833) Metaspace: 14390K(15232K)->14390K(15232K) NonClass: 12409K(12864K)->12409K(12864K) Class: 1981K(2368K)->1981K(2368K)
[224.903s][info][gc             ] GC(1833) Pause Young (Allocation Failure) 179M->12M(510M) 2.380ms
[224.903s][info][gc,cpu         ] GC(1833) User=0.00s Sys=0.00s Real=0.00s
[225.026s][info][gc,start       ] GC(1834) Pause Young (Allocation Failure)
[225.028s][info][gc,heap        ] GC(1834) PSYoungGen: 172544K(173056K)->1024K(173056K) Eden: 171520K(171520K)->0K(171520K) From: 1024K(1536K)->1024K(1536K)
[225.028s][info][gc,heap        ] GC(1834) ParOldGen: 11690K(349696K)->11738K(349696K)
[225.028s][info][gc,metaspace   ] GC(1834) Metaspace: 14390K(15232K)->14390K(15232K) NonClass: 12409K(12864K)->12409K(12864K) Class: 1981K(2368K)->1981K(2368K)
[225.028s][info][gc             ] GC(1834) Pause Young (Allocation Failure) 179M->12M(510M) 2.350ms
[225.028s][info][gc,cpu         ] GC(1834) User=0.00s Sys=0.00s Real=0.00s
[225.150s][info][gc,start       ] GC(1835) Pause Young (Allocation Failure)
[225.152s][info][gc,heap        ] GC(1835) PSYoungGen: 172544K(173056K)->1024K(173056K) Eden: 171520K(171520K)->0K(171520K) From: 1024K(1536K)->1024K(1536K)
[225.152s][info][gc,heap        ] GC(1835) ParOldGen: 11738K(349696K)->11770K(349696K)
[225.152s][info][gc,metaspace   ] GC(1835) Metaspace: 14390K(15232K)->14390K(15232K) NonClass: 12409K(12864K)->12409K(12864K) Class: 1981K(2368K)->1981K(2368K)
[225.152s][info][gc             ] GC(1835) Pause Young (Allocation Failure) 179M->12M(510M) 2.408ms
[225.152s][info][gc,cpu         ] GC(1835) User=0.00s Sys=0.00s Real=0.00s
[225.276s][info][gc,start       ] GC(1836) Pause Young (Allocation Failure)
[225.278s][info][gc,heap        ] GC(1836) PSYoungGen: 172544K(173056K)->1024K(173056K) Eden: 171520K(171520K)->0K(171520K) From: 1024K(1536K)->1024K(1536K)
[225.278s][info][gc,heap        ] GC(1836) ParOldGen: 11770K(349696K)->11826K(349696K)
[225.278s][info][gc,metaspace   ] GC(1836) Metaspace: 14390K(15232K)->14390K(15232K) NonClass: 12409K(12864K)->12409K(12864K) Class: 1981K(2368K)->1981K(2368K)
[225.278s][info][gc             ] GC(1836) Pause Young (Allocation Failure) 179M->12M(510M) 2.379ms
[225.278s][info][gc,cpu         ] GC(1836) User=0.00s Sys=0.00s Real=0.00s
[225.403s][info][gc,start       ] GC(1837) Pause Young (Allocation Failure)
[225.431s][info][gc,heap        ] GC(1837) PSYoungGen: 172544K(173056K)->1024K(173056K) Eden: 171520K(171520K)->0K(171520K) From: 1024K(1536K)->1024K(1536K)
[225.431s][info][gc,heap        ] GC(1837) ParOldGen: 11826K(349696K)->11882K(349696K)
[225.431s][info][gc,metaspace   ] GC(1837) Metaspace: 14390K(15232K)->14390K(15232K) NonClass: 12409K(12864K)->12409K(12864K) Class: 1981K(2368K)->1981K(2368K)
[225.431s][info][gc             ] GC(1837) Pause Young (Allocation Failure) 180M->12M(510M) 27.670ms
[225.431s][info][gc,cpu         ] GC(1837) User=0.00s Sys=0.00s Real=0.02s
[225.558s][info][gc,start       ] GC(1838) Pause Young (Allocation Failure)
[225.561s][info][gc,heap        ] GC(1838) PSYoungGen: 172544K(173056K)->1024K(173056K) Eden: 171520K(171520K)->0K(171520K) From: 1024K(1536K)->1024K(1536K)
[225.561s][info][gc,heap        ] GC(1838) ParOldGen: 11882K(349696K)->11946K(349696K)
[225.561s][info][gc,metaspace   ] GC(1838) Metaspace: 14390K(15232K)->14390K(15232K) NonClass: 12409K(12864K)->12409K(12864K) Class: 1981K(2368K)->1981K(2368K)
[225.561s][info][gc             ] GC(1838) Pause Young (Allocation Failure) 180M->12M(510M) 2.435ms
[225.561s][info][gc,cpu         ] GC(1838) User=0.00s Sys=0.00s Real=0.00s
[225.683s][info][gc,start       ] GC(1839) Pause Young (Allocation Failure)
[225.686s][info][gc,heap        ] GC(1839) PSYoungGen: 172544K(173056K)->1024K(173056K) Eden: 171520K(171520K)->0K(171520K) From: 1024K(1536K)->1024K(1536K)
[225.686s][info][gc,heap        ] GC(1839) ParOldGen: 11946K(349696K)->12018K(349696K)
[225.686s][info][gc,metaspace   ] GC(1839) Metaspace: 14390K(15232K)->14390K(15232K) NonClass: 12409K(12864K)->12409K(12864K) Class: 1981K(2368K)->1981K(2368K)
[225.686s][info][gc             ] GC(1839) Pause Young (Allocation Failure) 180M->12M(510M) 2.441ms
[225.686s][info][gc,cpu         ] GC(1839) User=0.00s Sys=0.00s Real=0.00s
[225.808s][info][gc,start       ] GC(1840) Pause Young (Allocation Failure)
[225.811s][info][gc,heap        ] GC(1840) PSYoungGen: 172544K(173056K)->992K(173056K) Eden: 171520K(171520K)->0K(171520K) From: 1024K(1536K)->992K(1536K)
[225.811s][info][gc,heap        ] GC(1840) ParOldGen: 12018K(349696K)->12074K(349696K)
[225.811s][info][gc,metaspace   ] GC(1840) Metaspace: 14390K(15232K)->14390K(15232K) NonClass: 12409K(12864K)->12409K(12864K) Class: 1981K(2368K)->1981K(2368K)
[225.811s][info][gc             ] GC(1840) Pause Young (Allocation Failure) 180M->12M(510M) 2.475ms
[225.811s][info][gc,cpu         ] GC(1840) User=0.00s Sys=0.00s Real=0.00s
[225.933s][info][gc,start       ] GC(1841) Pause Young (Allocation Failure)
[225.935s][info][gc,heap        ] GC(1841) PSYoungGen: 172512K(173056K)->1024K(173056K) Eden: 171520K(171520K)->0K(171520K) From: 992K(1536K)->1024K(1536K)
[225.935s][info][gc,heap        ] GC(1841) ParOldGen: 12074K(349696K)->12138K(349696K)
[225.935s][info][gc,metaspace   ] GC(1841) Metaspace: 14390K(15232K)->14390K(15232K) NonClass: 12409K(12864K)->12409K(12864K) Class: 1981K(2368K)->1981K(2368K)
[225.935s][info][gc             ] GC(1841) Pause Young (Allocation Failure) 180M->12M(510M) 2.490ms
[225.935s][info][gc,cpu         ] GC(1841) User=0.00s Sys=0.00s Real=0.00s
[226.059s][info][gc,start       ] GC(1842) Pause Young (Allocation Failure)
[226.061s][info][gc,heap        ] GC(1842) PSYoungGen: 172544K(173056K)->960K(173056K) Eden: 171520K(171520K)->0K(171520K) From: 1024K(1536K)->960K(1536K)
[226.061s][info][gc,heap        ] GC(1842) ParOldGen: 12138K(349696K)->12194K(349696K)
[226.061s][info][gc,metaspace   ] GC(1842) Metaspace: 14390K(15232K)->14390K(15232K) NonClass: 12409K(12864K)->12409K(12864K) Class: 1981K(2368K)->1981K(2368K)
[226.061s][info][gc             ] GC(1842) Pause Young (Allocation Failure) 180M->12M(510M) 2.528ms
[226.062s][info][gc,cpu         ] GC(1842) User=0.00s Sys=0.00s Real=0.00s
[226.185s][info][gc,start       ] GC(1843) Pause Young (Allocation Failure)
[226.187s][info][gc,heap        ] GC(1843) PSYoungGen: 172480K(173056K)->1024K(173056K) Eden: 171520K(171520K)->0K(171520K) From: 960K(1536K)->1024K(1536K)
[226.187s][info][gc,heap        ] GC(1843) ParOldGen: 12194K(349696K)->12242K(349696K)
[226.188s][info][gc,metaspace   ] GC(1843) Metaspace: 14390K(15232K)->14390K(15232K) NonClass: 12409K(12864K)->12409K(12864K) Class: 1981K(2368K)->1981K(2368K)
[226.188s][info][gc             ] GC(1843) Pause Young (Allocation Failure) 180M->12M(510M) 2.543ms
[226.188s][info][gc,cpu         ] GC(1843) User=0.00s Sys=0.00s Real=0.00s
[226.308s][info][gc,start       ] GC(1844) Pause Young (Allocation Failure)
[226.311s][info][gc,heap        ] GC(1844) PSYoungGen: 172544K(173056K)->992K(173056K) Eden: 171520K(171520K)->0K(171520K) From: 1024K(1536K)->992K(1536K)
[226.311s][info][gc,heap        ] GC(1844) ParOldGen: 12242K(349696K)->12314K(349696K)
[226.311s][info][gc,metaspace   ] GC(1844) Metaspace: 14390K(15232K)->14390K(15232K) NonClass: 12409K(12864K)->12409K(12864K) Class: 1981K(2368K)->1981K(2368K)
[226.311s][info][gc             ] GC(1844) Pause Young (Allocation Failure) 180M->12M(510M) 2.521ms
[226.311s][info][gc,cpu         ] GC(1844) User=0.00s Sys=0.00s Real=0.00s
[226.432s][info][gc,start       ] GC(1845) Pause Young (Allocation Failure)
[226.434s][info][gc,heap        ] GC(1845) PSYoungGen: 172512K(173056K)->1024K(173056K) Eden: 171520K(171520K)->0K(171520K) From: 992K(1536K)->1024K(1536K)
[226.434s][info][gc,heap        ] GC(1845) ParOldGen: 12314K(349696K)->12362K(349696K)
[226.434s][info][gc,metaspace   ] GC(1845) Metaspace: 14390K(15232K)->14390K(15232K) NonClass: 12409K(12864K)->12409K(12864K) Class: 1981K(2368K)->1981K(2368K)
[226.434s][info][gc             ] GC(1845) Pause Young (Allocation Failure) 180M->13M(510M) 2.569ms
[226.434s][info][gc,cpu         ] GC(1845) User=0.00s Sys=0.00s Real=0.00s
[226.556s][info][gc,start       ] GC(1846) Pause Young (Allocation Failure)
[226.558s][info][gc,heap        ] GC(1846) PSYoungGen: 172544K(173056K)->1024K(173056K) Eden: 171520K(171520K)->0K(171520K) From: 1024K(1536K)->1024K(1536K)
[226.558s][info][gc,heap        ] GC(1846) ParOldGen: 12362K(349696K)->12442K(349696K)
[226.558s][info][gc,metaspace   ] GC(1846) Metaspace: 14390K(15232K)->14390K(15232K) NonClass: 12409K(12864K)->12409K(12864K) Class: 1981K(2368K)->1981K(2368K)
[226.558s][info][gc             ] GC(1846) Pause Young (Allocation Failure) 180M->13M(510M) 2.602ms
[226.558s][info][gc,cpu         ] GC(1846) User=0.00s Sys=0.00s Real=0.00s
[226.679s][info][gc,start       ] GC(1847) Pause Young (Allocation Failure)
[226.682s][info][gc,heap        ] GC(1847) PSYoungGen: 172544K(173056K)->1056K(173056K) Eden: 171520K(171520K)->0K(171520K) From: 1024K(1536K)->1056K(1536K)
[226.682s][info][gc,heap        ] GC(1847) ParOldGen: 12442K(349696K)->12514K(349696K)
[226.682s][info][gc,metaspace   ] GC(1847) Metaspace: 14390K(15232K)->14390K(15232K) NonClass: 12409K(12864K)->12409K(12864K) Class: 1981K(2368K)->1981K(2368K)
[226.682s][info][gc             ] GC(1847) Pause Young (Allocation Failure) 180M->13M(510M) 2.646ms
[226.682s][info][gc,cpu         ] GC(1847) User=0.00s Sys=0.00s Real=0.00s
[226.800s][info][gc,start       ] GC(1848) Pause Young (Allocation Failure)
[226.802s][info][gc,heap        ] GC(1848) PSYoungGen: 172576K(173056K)->1024K(173056K) Eden: 171520K(171520K)->0K(171520K) From: 1056K(1536K)->1024K(1536K)
[226.802s][info][gc,heap        ] GC(1848) ParOldGen: 12514K(349696K)->12570K(349696K)
[226.802s][info][gc,metaspace   ] GC(1848) Metaspace: 14390K(15232K)->14390K(15232K) NonClass: 12409K(12864K)->12409K(12864K) Class: 1981K(2368K)->1981K(2368K)
[226.802s][info][gc             ] GC(1848) Pause Young (Allocation Failure) 180M->13M(510M) 2.687ms
[226.802s][info][gc,cpu         ] GC(1848) User=0.00s Sys=0.00s Real=0.00s
[226.915s][info][gc,start       ] GC(1849) Pause Young (Allocation Failure)
[226.918s][info][gc,heap        ] GC(1849) PSYoungGen: 172544K(173056K)->1024K(173056K) Eden: 171520K(171520K)->0K(171520K) From: 1024K(1536K)->1024K(1536K)
[226.918s][info][gc,heap        ] GC(1849) ParOldGen: 12570K(349696K)->12634K(349696K)
[226.918s][info][gc,metaspace   ] GC(1849) Metaspace: 14390K(15232K)->14390K(15232K) NonClass: 12409K(12864K)->12409K(12864K) Class: 1981K(2368K)->1981K(2368K)
[226.918s][info][gc             ] GC(1849) Pause Young (Allocation Failure) 180M->13M(510M) 2.698ms
[226.918s][info][gc,cpu         ] GC(1849) User=0.00s Sys=0.00s Real=0.00s
[227.030s][info][gc,start       ] GC(1850) Pause Young (Allocation Failure)
[227.033s][info][gc,heap        ] GC(1850) PSYoungGen: 172544K(173056K)->1024K(173056K) Eden: 171520K(171520K)->0K(171520K) From: 1024K(1536K)->1024K(1536K)
[227.033s][info][gc,heap        ] GC(1850) ParOldGen: 12634K(349696K)->12682K(349696K)
[227.033s][info][gc,metaspace   ] GC(1850) Metaspace: 14390K(15232K)->14390K(15232K) NonClass: 12409K(12864K)->12409K(12864K) Class: 1981K(2368K)->1981K(2368K)
[227.033s][info][gc             ] GC(1850) Pause Young (Allocation Failure) 180M->13M(510M) 2.771ms
[227.033s][info][gc,cpu         ] GC(1850) User=0.00s Sys=0.00s Real=0.00s
[227.138s][info][gc,start       ] GC(1851) Pause Young (Allocation Failure)
[227.141s][info][gc,heap        ] GC(1851) PSYoungGen: 172544K(173056K)->992K(173056K) Eden: 171520K(171520K)->0K(171520K) From: 1024K(1536K)->992K(1536K)
[227.141s][info][gc,heap        ] GC(1851) ParOldGen: 12682K(349696K)->12738K(349696K)
[227.141s][info][gc,metaspace   ] GC(1851) Metaspace: 14390K(15232K)->14390K(15232K) NonClass: 12409K(12864K)->12409K(12864K) Class: 1981K(2368K)->1981K(2368K)
[227.141s][info][gc             ] GC(1851) Pause Young (Allocation Failure) 180M->13M(510M) 2.804ms
[227.141s][info][gc,cpu         ] GC(1851) User=0.00s Sys=0.00s Real=0.00s
[227.230s][info][gc,start       ] GC(1852) Pause Young (Allocation Failure)
[227.233s][info][gc,heap        ] GC(1852) PSYoungGen: 172512K(173056K)->768K(173056K) Eden: 171520K(171520K)->0K(171520K) From: 992K(1536K)->768K(1536K)
[227.233s][info][gc,heap        ] GC(1852) ParOldGen: 12738K(349696K)->12778K(349696K)
[227.233s][info][gc,metaspace   ] GC(1852) Metaspace: 14390K(15232K)->14390K(15232K) NonClass: 12409K(12864K)->12409K(12864K) Class: 1981K(2368K)->1981K(2368K)
[227.233s][info][gc             ] GC(1852) Pause Young (Allocation Failure) 180M->13M(510M) 2.872ms
[227.233s][info][gc,cpu         ] GC(1852) User=0.00s Sys=0.00s Real=0.00s
[227.299s][info][gc,start       ] GC(1853) Pause Young (Allocation Failure)
[227.302s][info][gc,heap        ] GC(1853) PSYoungGen: 172288K(173056K)->800K(173056K) Eden: 171520K(171520K)->0K(171520K) From: 768K(1536K)->800K(1536K)
[227.302s][info][gc,heap        ] GC(1853) ParOldGen: 12778K(349696K)->12810K(349696K)
[227.302s][info][gc,metaspace   ] GC(1853) Metaspace: 14390K(15232K)->14390K(15232K) NonClass: 12409K(12864K)->12409K(12864K) Class: 1981K(2368K)->1981K(2368K)
[227.302s][info][gc             ] GC(1853) Pause Young (Allocation Failure) 180M->13M(510M) 2.861ms
[227.302s][info][gc,cpu         ] GC(1853) User=0.52s Sys=0.00s Real=0.00s
[227.387s][info][gc,start       ] GC(1854) Pause Young (Allocation Failure)
[227.389s][info][gc,heap        ] GC(1854) PSYoungGen: 172320K(173056K)->736K(173056K) Eden: 171520K(171520K)->0K(171520K) From: 800K(1536K)->736K(1536K)
[227.390s][info][gc,heap        ] GC(1854) ParOldGen: 12810K(349696K)->12850K(349696K)
[227.390s][info][gc,metaspace   ] GC(1854) Metaspace: 14390K(15232K)->14390K(15232K) NonClass: 12409K(12864K)->12409K(12864K) Class: 1981K(2368K)->1981K(2368K)
[227.390s][info][gc             ] GC(1854) Pause Young (Allocation Failure) 180M->13M(510M) 2.800ms
[227.390s][info][gc,cpu         ] GC(1854) User=0.00s Sys=0.00s Real=0.00s
[227.542s][info][gc,start       ] GC(1855) Pause Young (Allocation Failure)
[227.545s][info][gc,heap        ] GC(1855) PSYoungGen: 172256K(173056K)->480K(173056K) Eden: 171520K(171520K)->0K(171520K) From: 736K(1536K)->480K(1536K)
[227.545s][info][gc,heap        ] GC(1855) ParOldGen: 12850K(349696K)->12890K(349696K)
[227.545s][info][gc,metaspace   ] GC(1855) Metaspace: 14390K(15232K)->14390K(15232K) NonClass: 12409K(12864K)->12409K(12864K) Class: 1981K(2368K)->1981K(2368K)
[227.545s][info][gc             ] GC(1855) Pause Young (Allocation Failure) 180M->13M(510M) 3.193ms
[227.546s][info][gc,cpu         ] GC(1855) User=0.00s Sys=0.00s Real=0.00s
[227.687s][info][gc,start       ] GC(1856) Pause Young (System.gc())
[227.689s][info][gc,heap        ] GC(1856) PSYoungGen: 80649K(173056K)->224K(173056K) Eden: 80169K(171520K)->0K(171520K) From: 480K(1536K)->224K(1536K)
[227.690s][info][gc,heap        ] GC(1856) ParOldGen: 12890K(349696K)->12946K(349696K)
[227.690s][info][gc,metaspace   ] GC(1856) Metaspace: 14390K(15232K)->14390K(15232K) NonClass: 12409K(12864K)->12409K(12864K) Class: 1981K(2368K)->1981K(2368K)
[227.690s][info][gc             ] GC(1856) Pause Young (System.gc()) 91M->12M(510M) 3.022ms
[227.690s][info][gc,cpu         ] GC(1856) User=0.00s Sys=0.00s Real=0.00s
[227.690s][info][gc,start       ] GC(1857) Pause Full (System.gc())
[227.690s][info][gc,phases,start] GC(1857) Marking Phase
[227.704s][info][gc,phases      ] GC(1857) Marking Phase 13.900ms
[227.704s][info][gc,phases,start] GC(1857) Summary Phase
[227.704s][info][gc,phases      ] GC(1857) Summary Phase 0.030ms
[227.704s][info][gc,phases,start] GC(1857) Adjust Roots
[227.711s][info][gc,phases      ] GC(1857) Adjust Roots 6.774ms
[227.711s][info][gc,phases,start] GC(1857) Compaction Phase
[227.712s][info][gc,phases      ] GC(1857) Compaction Phase 1.499ms
[227.712s][info][gc,phases,start] GC(1857) Post Compact
[227.712s][info][gc,phases      ] GC(1857) Post Compact 0.196ms
[227.712s][info][gc,heap        ] GC(1857) PSYoungGen: 224K(173056K)->0K(173056K) Eden: 0K(171520K)->0K(171520K) From: 224K(1536K)->0K(1536K)
[227.712s][info][gc,heap        ] GC(1857) ParOldGen: 12946K(349696K)->5380K(349696K)
[227.712s][info][gc,metaspace   ] GC(1857) Metaspace: 14390K(15232K)->14390K(15232K) NonClass: 12409K(12864K)->12409K(12864K) Class: 1981K(2368K)->1981K(2368K)
[227.712s][info][gc             ] GC(1857) Pause Full (System.gc()) 12M->5M(510M) 22.674ms
[227.712s][info][gc,cpu         ] GC(1857) User=0.02s Sys=0.00s Real=0.02s
[227.858s][info][gc,start       ] GC(1858) Pause Young (Allocation Failure)
[227.861s][info][gc,heap        ] GC(1858) PSYoungGen: 171520K(173056K)->1536K(173056K) Eden: 171520K(171520K)->0K(171520K) From: 0K(1536K)->1536K(1536K)
[227.861s][info][gc,heap        ] GC(1858) ParOldGen: 5380K(349696K)->5582K(349696K)
[227.861s][info][gc,metaspace   ] GC(1858) Metaspace: 14390K(15232K)->14390K(15232K) NonClass: 12409K(12864K)->12409K(12864K) Class: 1981K(2368K)->1981K(2368K)
[227.861s][info][gc             ] GC(1858) Pause Young (Allocation Failure) 172M->6M(510M) 2.957ms
[227.861s][info][gc,cpu         ] GC(1858) User=0.00s Sys=0.00s Real=0.00s
[228.111s][info][gc,start       ] GC(1859) Pause Young (Allocation Failure)
[228.115s][info][gc,heap        ] GC(1859) PSYoungGen: 173056K(173056K)->1056K(172032K) Eden: 171520K(171520K)->0K(170496K) From: 1536K(1536K)->1056K(1536K)
[228.115s][info][gc,heap        ] GC(1859) ParOldGen: 5582K(349696K)->7107K(349696K)
[228.115s][info][gc,metaspace   ] GC(1859) Metaspace: 14390K(15232K)->14390K(15232K) NonClass: 12409K(12864K)->12409K(12864K) Class: 1981K(2368K)->1981K(2368K)
[228.115s][info][gc             ] GC(1859) Pause Young (Allocation Failure) 174M->7M(509M) 3.836ms
[228.115s][info][gc,cpu         ] GC(1859) User=0.00s Sys=0.00s Real=0.00s
[228.247s][info][gc,start       ] GC(1860) Pause Young (Allocation Failure)
[228.250s][info][gc,heap        ] GC(1860) PSYoungGen: 171552K(172032K)->1024K(172544K) Eden: 170496K(170496K)->0K(170496K) From: 1056K(1536K)->1024K(2048K)
[228.250s][info][gc,heap        ] GC(1860) ParOldGen: 7107K(349696K)->7155K(349696K)
[228.250s][info][gc,metaspace   ] GC(1860) Metaspace: 14390K(15232K)->14390K(15232K) NonClass: 12409K(12864K)->12409K(12864K) Class: 1981K(2368K)->1981K(2368K)
[228.250s][info][gc             ] GC(1860) Pause Young (Allocation Failure) 174M->7M(510M) 2.751ms
[228.250s][info][gc,cpu         ] GC(1860) User=0.00s Sys=0.00s Real=0.00s
[228.381s][info][gc,start       ] GC(1861) Pause Young (Allocation Failure)
[228.384s][info][gc,heap        ] GC(1861) PSYoungGen: 171520K(172544K)->1024K(172544K) Eden: 170496K(170496K)->0K(171008K) From: 1024K(2048K)->1024K(1536K)
[228.384s][info][gc,heap        ] GC(1861) ParOldGen: 7155K(349696K)->7203K(349696K)
[228.384s][info][gc,metaspace   ] GC(1861) Metaspace: 14390K(15232K)->14390K(15232K) NonClass: 12409K(12864K)->12409K(12864K) Class: 1981K(2368K)->1981K(2368K)
[228.384s][info][gc             ] GC(1861) Pause Young (Allocation Failure) 174M->8M(510M) 2.669ms
[228.384s][info][gc,cpu         ] GC(1861) User=0.00s Sys=0.00s Real=0.00s
[228.517s][info][gc,start       ] GC(1862) Pause Young (Allocation Failure)
[228.519s][info][gc,heap        ] GC(1862) PSYoungGen: 172032K(172544K)->992K(172544K) Eden: 171008K(171008K)->0K(171008K) From: 1024K(1536K)->992K(1536K)
[228.519s][info][gc,heap        ] GC(1862) ParOldGen: 7203K(349696K)->7259K(349696K)
[228.519s][info][gc,metaspace   ] GC(1862) Metaspace: 14390K(15232K)->14390K(15232K) NonClass: 12409K(12864K)->12409K(12864K) Class: 1981K(2368K)->1981K(2368K)
[228.519s][info][gc             ] GC(1862) Pause Young (Allocation Failure) 175M->8M(510M) 2.581ms
[228.519s][info][gc,cpu         ] GC(1862) User=0.00s Sys=0.00s Real=0.00s
[228.651s][info][gc,start       ] GC(1863) Pause Young (Allocation Failure)
[228.654s][info][gc,heap        ] GC(1863) PSYoungGen: 172000K(172544K)->1024K(173056K) Eden: 171008K(171008K)->0K(171520K) From: 992K(1536K)->1024K(1536K)
[228.654s][info][gc,heap        ] GC(1863) ParOldGen: 7259K(349696K)->7315K(349696K)
[228.654s][info][gc,metaspace   ] GC(1863) Metaspace: 14390K(15232K)->14390K(15232K) NonClass: 12409K(12864K)->12409K(12864K) Class: 1981K(2368K)->1981K(2368K)
[228.654s][info][gc             ] GC(1863) Pause Young (Allocation Failure) 175M->8M(510M) 2.418ms
[228.654s][info][gc,cpu         ] GC(1863) User=0.00s Sys=0.00s Real=0.00s
[228.776s][info][gc,start       ] GC(1864) Pause Young (Allocation Failure)
[228.778s][info][gc,heap        ] GC(1864) PSYoungGen: 172544K(173056K)->1024K(173056K) Eden: 171520K(171520K)->0K(171520K) From: 1024K(1536K)->1024K(1536K)
[228.778s][info][gc,heap        ] GC(1864) ParOldGen: 7315K(349696K)->7363K(349696K)
[228.778s][info][gc,metaspace   ] GC(1864) Metaspace: 14390K(15232K)->14390K(15232K) NonClass: 12409K(12864K)->12409K(12864K) Class: 1981K(2368K)->1981K(2368K)
[228.778s][info][gc             ] GC(1864) Pause Young (Allocation Failure) 175M->8M(510M) 2.451ms
[228.778s][info][gc,cpu         ] GC(1864) User=0.00s Sys=0.00s Real=0.00s
[228.901s][info][gc,start       ] GC(1865) Pause Young (Allocation Failure)
[228.903s][info][gc,heap        ] GC(1865) PSYoungGen: 172544K(173056K)->992K(173056K) Eden: 171520K(171520K)->0K(171520K) From: 1024K(1536K)->992K(1536K)
[228.903s][info][gc,heap        ] GC(1865) ParOldGen: 7363K(349696K)->7427K(349696K)
[228.903s][info][gc,metaspace   ] GC(1865) Metaspace: 14390K(15232K)->14390K(15232K) NonClass: 12409K(12864K)->12409K(12864K) Class: 1981K(2368K)->1981K(2368K)
[228.903s][info][gc             ] GC(1865) Pause Young (Allocation Failure) 175M->8M(510M) 2.439ms
[228.903s][info][gc,cpu         ] GC(1865) User=0.00s Sys=0.00s Real=0.00s
[229.026s][info][gc,start       ] GC(1866) Pause Young (Allocation Failure)
[229.028s][info][gc,heap        ] GC(1866) PSYoungGen: 172512K(173056K)->928K(173056K) Eden: 171520K(171520K)->0K(171520K) From: 992K(1536K)->928K(1536K)
[229.028s][info][gc,heap        ] GC(1866) ParOldGen: 7427K(349696K)->7467K(349696K)
[229.028s][info][gc,metaspace   ] GC(1866) Metaspace: 14390K(15232K)->14390K(15232K) NonClass: 12409K(12864K)->12409K(12864K) Class: 1981K(2368K)->1981K(2368K)
[229.028s][info][gc             ] GC(1866) Pause Young (Allocation Failure) 175M->8M(510M) 2.451ms
[229.028s][info][gc,cpu         ] GC(1866) User=0.00s Sys=0.00s Real=0.00s
[229.149s][info][gc,start       ] GC(1867) Pause Young (Allocation Failure)
[229.152s][info][gc,heap        ] GC(1867) PSYoungGen: 172448K(173056K)->1024K(173056K) Eden: 171520K(171520K)->0K(171520K) From: 928K(1536K)->1024K(1536K)
[229.152s][info][gc,heap        ] GC(1867) ParOldGen: 7467K(349696K)->7523K(349696K)
[229.152s][info][gc,metaspace   ] GC(1867) Metaspace: 14390K(15232K)->14390K(15232K) NonClass: 12409K(12864K)->12409K(12864K) Class: 1981K(2368K)->1981K(2368K)
[229.152s][info][gc             ] GC(1867) Pause Young (Allocation Failure) 175M->8M(510M) 2.456ms
[229.152s][info][gc,cpu         ] GC(1867) User=0.00s Sys=0.00s Real=0.00s
[229.273s][info][gc,start       ] GC(1868) Pause Young (Allocation Failure)
[229.275s][info][gc,heap        ] GC(1868) PSYoungGen: 172544K(173056K)->992K(173056K) Eden: 171520K(171520K)->0K(171520K) From: 1024K(1536K)->992K(1536K)
[229.275s][info][gc,heap        ] GC(1868) ParOldGen: 7523K(349696K)->7579K(349696K)
[229.275s][info][gc,metaspace   ] GC(1868) Metaspace: 14390K(15232K)->14390K(15232K) NonClass: 12409K(12864K)->12409K(12864K) Class: 1981K(2368K)->1981K(2368K)
[229.275s][info][gc             ] GC(1868) Pause Young (Allocation Failure) 175M->8M(510M) 2.469ms
[229.275s][info][gc,cpu         ] GC(1868) User=0.00s Sys=0.00s Real=0.00s
[229.400s][info][gc,start       ] GC(1869) Pause Young (Allocation Failure)
[229.402s][info][gc,heap        ] GC(1869) PSYoungGen: 172512K(173056K)->1024K(173056K) Eden: 171520K(171520K)->0K(171520K) From: 992K(1536K)->1024K(1536K)
[229.402s][info][gc,heap        ] GC(1869) ParOldGen: 7579K(349696K)->7619K(349696K)
[229.402s][info][gc,metaspace   ] GC(1869) Metaspace: 14390K(15232K)->14390K(15232K) NonClass: 12409K(12864K)->12409K(12864K) Class: 1981K(2368K)->1981K(2368K)
[229.402s][info][gc             ] GC(1869) Pause Young (Allocation Failure) 175M->8M(510M) 2.492ms
[229.402s][info][gc,cpu         ] GC(1869) User=0.00s Sys=0.00s Real=0.00s
[229.526s][info][gc,start       ] GC(1870) Pause Young (Allocation Failure)
[229.528s][info][gc,heap        ] GC(1870) PSYoungGen: 172544K(173056K)->1024K(173056K) Eden: 171520K(171520K)->0K(171520K) From: 1024K(1536K)->1024K(1536K)
[229.528s][info][gc,heap        ] GC(1870) ParOldGen: 7619K(349696K)->7659K(349696K)
[229.528s][info][gc,metaspace   ] GC(1870) Metaspace: 14390K(15232K)->14390K(15232K) NonClass: 12409K(12864K)->12409K(12864K) Class: 1981K(2368K)->1981K(2368K)
[229.529s][info][gc             ] GC(1870) Pause Young (Allocation Failure) 175M->8M(510M) 2.514ms
[229.529s][info][gc,cpu         ] GC(1870) User=0.00s Sys=0.00s Real=0.00s
[229.651s][info][gc,start       ] GC(1871) Pause Young (Allocation Failure)
[229.654s][info][gc,heap        ] GC(1871) PSYoungGen: 172544K(173056K)->1024K(173056K) Eden: 171520K(171520K)->0K(171520K) From: 1024K(1536K)->1024K(1536K)
[229.654s][info][gc,heap        ] GC(1871) ParOldGen: 7659K(349696K)->7723K(349696K)
[229.654s][info][gc,metaspace   ] GC(1871) Metaspace: 14390K(15232K)->14390K(15232K) NonClass: 12409K(12864K)->12409K(12864K) Class: 1981K(2368K)->1981K(2368K)
[229.654s][info][gc             ] GC(1871) Pause Young (Allocation Failure) 175M->8M(510M) 2.535ms
[229.654s][info][gc,cpu         ] GC(1871) User=0.00s Sys=0.00s Real=0.00s
[229.777s][info][gc,start       ] GC(1872) Pause Young (Allocation Failure)
[229.779s][info][gc,heap        ] GC(1872) PSYoungGen: 172544K(173056K)->1024K(173056K) Eden: 171520K(171520K)->0K(171520K) From: 1024K(1536K)->1024K(1536K)
[229.779s][info][gc,heap        ] GC(1872) ParOldGen: 7723K(349696K)->7779K(349696K)
[229.779s][info][gc,metaspace   ] GC(1872) Metaspace: 14390K(15232K)->14390K(15232K) NonClass: 12409K(12864K)->12409K(12864K) Class: 1981K(2368K)->1981K(2368K)
[229.779s][info][gc             ] GC(1872) Pause Young (Allocation Failure) 176M->8M(510M) 2.563ms
[229.779s][info][gc,cpu         ] GC(1872) User=0.00s Sys=0.00s Real=0.00s
[229.904s][info][gc,start       ] GC(1873) Pause Young (Allocation Failure)
[229.906s][info][gc,heap        ] GC(1873) PSYoungGen: 172544K(173056K)->992K(173056K) Eden: 171520K(171520K)->0K(171520K) From: 1024K(1536K)->992K(1536K)
[229.907s][info][gc,heap        ] GC(1873) ParOldGen: 7779K(349696K)->7835K(349696K)
[229.907s][info][gc,metaspace   ] GC(1873) Metaspace: 14390K(15232K)->14390K(15232K) NonClass: 12409K(12864K)->12409K(12864K) Class: 1981K(2368K)->1981K(2368K)
[229.907s][info][gc             ] GC(1873) Pause Young (Allocation Failure) 176M->8M(510M) 2.580ms
[229.907s][info][gc,cpu         ] GC(1873) User=0.00s Sys=0.00s Real=0.00s
[230.029s][info][gc,start       ] GC(1874) Pause Young (Allocation Failure)
[230.032s][info][gc,heap        ] GC(1874) PSYoungGen: 172512K(173056K)->1024K(173056K) Eden: 171520K(171520K)->0K(171520K) From: 992K(1536K)->1024K(1536K)
[230.032s][info][gc,heap        ] GC(1874) ParOldGen: 7835K(349696K)->7883K(349696K)
[230.032s][info][gc,metaspace   ] GC(1874) Metaspace: 14390K(15232K)->14390K(15232K) NonClass: 12409K(12864K)->12409K(12864K) Class: 1981K(2368K)->1981K(2368K)
[230.032s][info][gc             ] GC(1874) Pause Young (Allocation Failure) 176M->8M(510M) 2.561ms
[230.032s][info][gc,cpu         ] GC(1874) User=0.00s Sys=0.00s Real=0.00s
[230.155s][info][gc,start       ] GC(1875) Pause Young (Allocation Failure)
[230.157s][info][gc,heap        ] GC(1875) PSYoungGen: 172544K(173056K)->1024K(173056K) Eden: 171520K(171520K)->0K(171520K) From: 1024K(1536K)->1024K(1536K)
[230.157s][info][gc,heap        ] GC(1875) ParOldGen: 7883K(349696K)->7939K(349696K)
[230.158s][info][gc,metaspace   ] GC(1875) Metaspace: 14390K(15232K)->14390K(15232K) NonClass: 12409K(12864K)->12409K(12864K) Class: 1981K(2368K)->1981K(2368K)
[230.158s][info][gc             ] GC(1875) Pause Young (Allocation Failure) 176M->8M(510M) 2.605ms
[230.158s][info][gc,cpu         ] GC(1875) User=0.00s Sys=0.00s Real=0.00s
[230.281s][info][gc,start       ] GC(1876) Pause Young (Allocation Failure)
[230.284s][info][gc,heap        ] GC(1876) PSYoungGen: 172544K(173056K)->1024K(173056K) Eden: 171520K(171520K)->0K(171520K) From: 1024K(1536K)->1024K(1536K)
[230.284s][info][gc,heap        ] GC(1876) ParOldGen: 7939K(349696K)->7987K(349696K)
[230.284s][info][gc,metaspace   ] GC(1876) Metaspace: 14390K(15232K)->14390K(15232K) NonClass: 12409K(12864K)->12409K(12864K) Class: 1981K(2368K)->1981K(2368K)
[230.284s][info][gc             ] GC(1876) Pause Young (Allocation Failure) 176M->8M(510M) 2.678ms
[230.284s][info][gc,cpu         ] GC(1876) User=0.00s Sys=0.00s Real=0.00s
[230.407s][info][gc,start       ] GC(1877) Pause Young (Allocation Failure)
[230.410s][info][gc,heap        ] GC(1877) PSYoungGen: 172544K(173056K)->992K(173056K) Eden: 171520K(171520K)->0K(171520K) From: 1024K(1536K)->992K(1536K)
[230.410s][info][gc,heap        ] GC(1877) ParOldGen: 7987K(349696K)->8035K(349696K)
[230.410s][info][gc,metaspace   ] GC(1877) Metaspace: 14390K(15232K)->14390K(15232K) NonClass: 12409K(12864K)->12409K(12864K) Class: 1981K(2368K)->1981K(2368K)
[230.410s][info][gc             ] GC(1877) Pause Young (Allocation Failure) 176M->8M(510M) 2.665ms
[230.410s][info][gc,cpu         ] GC(1877) User=0.00s Sys=0.00s Real=0.00s
[230.534s][info][gc,start       ] GC(1878) Pause Young (Allocation Failure)
[230.537s][info][gc,heap        ] GC(1878) PSYoungGen: 172512K(173056K)->992K(173056K) Eden: 171520K(171520K)->0K(171520K) From: 992K(1536K)->992K(1536K)
[230.537s][info][gc,heap        ] GC(1878) ParOldGen: 8035K(349696K)->8099K(349696K)
[230.537s][info][gc,metaspace   ] GC(1878) Metaspace: 14390K(15232K)->14390K(15232K) NonClass: 12409K(12864K)->12409K(12864K) Class: 1981K(2368K)->1981K(2368K)
[230.537s][info][gc             ] GC(1878) Pause Young (Allocation Failure) 176M->8M(510M) 2.672ms
[230.537s][info][gc,cpu         ] GC(1878) User=0.52s Sys=0.00s Real=0.00s
[230.658s][info][gc,start       ] GC(1879) Pause Young (Allocation Failure)
[230.660s][info][gc,heap        ] GC(1879) PSYoungGen: 172512K(173056K)->992K(173056K) Eden: 171520K(171520K)->0K(171520K) From: 992K(1536K)->992K(1536K)
[230.660s][info][gc,heap        ] GC(1879) ParOldGen: 8099K(349696K)->8187K(349696K)
[230.660s][info][gc,metaspace   ] GC(1879) Metaspace: 14390K(15232K)->14390K(15232K) NonClass: 12409K(12864K)->12409K(12864K) Class: 1981K(2368K)->1981K(2368K)
[230.660s][info][gc             ] GC(1879) Pause Young (Allocation Failure) 176M->8M(510M) 2.718ms
[230.660s][info][gc,cpu         ] GC(1879) User=0.52s Sys=0.00s Real=0.00s
[230.785s][info][gc,start       ] GC(1880) Pause Young (Allocation Failure)
[230.787s][info][gc,heap        ] GC(1880) PSYoungGen: 172512K(173056K)->1024K(173056K) Eden: 171520K(171520K)->0K(171520K) From: 992K(1536K)->1024K(1536K)
[230.787s][info][gc,heap        ] GC(1880) ParOldGen: 8187K(349696K)->8227K(349696K)
[230.787s][info][gc,metaspace   ] GC(1880) Metaspace: 14390K(15232K)->14390K(15232K) NonClass: 12409K(12864K)->12409K(12864K) Class: 1981K(2368K)->1981K(2368K)
[230.787s][info][gc             ] GC(1880) Pause Young (Allocation Failure) 176M->9M(510M) 2.701ms
[230.787s][info][gc,cpu         ] GC(1880) User=0.52s Sys=0.00s Real=0.00s
[230.910s][info][gc,start       ] GC(1881) Pause Young (Allocation Failure)
[230.920s][info][gc,heap        ] GC(1881) PSYoungGen: 172544K(173056K)->1024K(173056K) Eden: 171520K(171520K)->0K(171520K) From: 1024K(1536K)->1024K(1536K)
[230.920s][info][gc,heap        ] GC(1881) ParOldGen: 8227K(349696K)->8283K(349696K)
[230.920s][info][gc,metaspace   ] GC(1881) Metaspace: 14390K(15232K)->14390K(15232K) NonClass: 12409K(12864K)->12409K(12864K) Class: 1981K(2368K)->1981K(2368K)
[230.920s][info][gc             ] GC(1881) Pause Young (Allocation Failure) 176M->9M(510M) 10.238ms
[230.920s][info][gc,cpu         ] GC(1881) User=0.00s Sys=0.00s Real=0.00s
[231.044s][info][gc,start       ] GC(1882) Pause Young (Allocation Failure)
[231.047s][info][gc,heap        ] GC(1882) PSYoungGen: 172544K(173056K)->1024K(173056K) Eden: 171520K(171520K)->0K(171520K) From: 1024K(1536K)->1024K(1536K)
[231.047s][info][gc,heap        ] GC(1882) ParOldGen: 8283K(349696K)->8347K(349696K)
[231.047s][info][gc,metaspace   ] GC(1882) Metaspace: 14390K(15232K)->14390K(15232K) NonClass: 12409K(12864K)->12409K(12864K) Class: 1981K(2368K)->1981K(2368K)
[231.047s][info][gc             ] GC(1882) Pause Young (Allocation Failure) 176M->9M(510M) 2.739ms
[231.047s][info][gc,cpu         ] GC(1882) User=0.00s Sys=0.00s Real=0.00s
[231.169s][info][gc,start       ] GC(1883) Pause Young (Allocation Failure)
[231.172s][info][gc,heap        ] GC(1883) PSYoungGen: 172544K(173056K)->1024K(173056K) Eden: 171520K(171520K)->0K(171520K) From: 1024K(1536K)->1024K(1536K)
[231.172s][info][gc,heap        ] GC(1883) ParOldGen: 8347K(349696K)->8419K(349696K)
[231.172s][info][gc,metaspace   ] GC(1883) Metaspace: 14390K(15232K)->14390K(15232K) NonClass: 12409K(12864K)->12409K(12864K) Class: 1981K(2368K)->1981K(2368K)
[231.172s][info][gc             ] GC(1883) Pause Young (Allocation Failure) 176M->9M(510M) 2.806ms
[231.172s][info][gc,cpu         ] GC(1883) User=0.00s Sys=0.00s Real=0.00s
[231.296s][info][gc,start       ] GC(1884) Pause Young (Allocation Failure)
[231.298s][info][gc,heap        ] GC(1884) PSYoungGen: 172544K(173056K)->992K(173056K) Eden: 171520K(171520K)->0K(171520K) From: 1024K(1536K)->992K(1536K)
[231.298s][info][gc,heap        ] GC(1884) ParOldGen: 8419K(349696K)->8475K(349696K)
[231.298s][info][gc,metaspace   ] GC(1884) Metaspace: 14390K(15232K)->14390K(15232K) NonClass: 12409K(12864K)->12409K(12864K) Class: 1981K(2368K)->1981K(2368K)
[231.298s][info][gc             ] GC(1884) Pause Young (Allocation Failure) 176M->9M(510M) 2.832ms
[231.299s][info][gc,cpu         ] GC(1884) User=0.00s Sys=0.00s Real=0.00s
[231.420s][info][gc,start       ] GC(1885) Pause Young (Allocation Failure)
[231.423s][info][gc,heap        ] GC(1885) PSYoungGen: 172512K(173056K)->1024K(173056K) Eden: 171520K(171520K)->0K(171520K) From: 992K(1536K)->1024K(1536K)
[231.423s][info][gc,heap        ] GC(1885) ParOldGen: 8475K(349696K)->8531K(349696K)
[231.423s][info][gc,metaspace   ] GC(1885) Metaspace: 14390K(15232K)->14390K(15232K) NonClass: 12409K(12864K)->12409K(12864K) Class: 1981K(2368K)->1981K(2368K)
[231.423s][info][gc             ] GC(1885) Pause Young (Allocation Failure) 176M->9M(510M) 2.872ms
[231.423s][info][gc,cpu         ] GC(1885) User=0.00s Sys=0.00s Real=0.00s
[231.545s][info][gc,start       ] GC(1886) Pause Young (Allocation Failure)
[231.548s][info][gc,heap        ] GC(1886) PSYoungGen: 172544K(173056K)->1024K(173056K) Eden: 171520K(171520K)->0K(171520K) From: 1024K(1536K)->1024K(1536K)
[231.548s][info][gc,heap        ] GC(1886) ParOldGen: 8531K(349696K)->8587K(349696K)
[231.548s][info][gc,metaspace   ] GC(1886) Metaspace: 14390K(15232K)->14390K(15232K) NonClass: 12409K(12864K)->12409K(12864K) Class: 1981K(2368K)->1981K(2368K)
[231.548s][info][gc             ] GC(1886) Pause Young (Allocation Failure) 176M->9M(510M) 2.890ms
[231.548s][info][gc,cpu         ] GC(1886) User=0.00s Sys=0.00s Real=0.00s
[231.673s][info][gc,start       ] GC(1887) Pause Young (Allocation Failure)
[231.676s][info][gc,heap        ] GC(1887) PSYoungGen: 172544K(173056K)->1024K(173056K) Eden: 171520K(171520K)->0K(171520K) From: 1024K(1536K)->1024K(1536K)
[231.676s][info][gc,heap        ] GC(1887) ParOldGen: 8587K(349696K)->8643K(349696K)
[231.676s][info][gc,metaspace   ] GC(1887) Metaspace: 14390K(15232K)->14390K(15232K) NonClass: 12409K(12864K)->12409K(12864K) Class: 1981K(2368K)->1981K(2368K)
[231.676s][info][gc             ] GC(1887) Pause Young (Allocation Failure) 176M->9M(510M) 2.908ms
[231.676s][info][gc,cpu         ] GC(1887) User=0.52s Sys=0.00s Real=0.00s
[231.928s][info][gc,start       ] GC(1888) Pause Young (Allocation Failure)
[231.931s][info][gc,heap        ] GC(1888) PSYoungGen: 172544K(173056K)->992K(173056K) Eden: 171520K(171520K)->0K(171520K) From: 1024K(1536K)->992K(1536K)
[231.931s][info][gc,heap        ] GC(1888) ParOldGen: 8643K(349696K)->8699K(349696K)
[231.931s][info][gc,metaspace   ] GC(1888) Metaspace: 14390K(15232K)->14390K(15232K) NonClass: 12409K(12864K)->12409K(12864K) Class: 1981K(2368K)->1981K(2368K)
[231.931s][info][gc             ] GC(1888) Pause Young (Allocation Failure) 176M->9M(510M) 3.695ms
[231.931s][info][gc,cpu         ] GC(1888) User=0.00s Sys=0.00s Real=0.00s
[232.065s][info][gc,start       ] GC(1889) Pause Young (Allocation Failure)
[232.067s][info][gc,heap        ] GC(1889) PSYoungGen: 172512K(173056K)->1024K(173056K) Eden: 171520K(171520K)->0K(171520K) From: 992K(1536K)->1024K(1536K)
[232.068s][info][gc,heap        ] GC(1889) ParOldGen: 8699K(349696K)->8763K(349696K)
[232.068s][info][gc,metaspace   ] GC(1889) Metaspace: 14390K(15232K)->14390K(15232K) NonClass: 12409K(12864K)->12409K(12864K) Class: 1981K(2368K)->1981K(2368K)
[232.068s][info][gc             ] GC(1889) Pause Young (Allocation Failure) 176M->9M(510M) 2.766ms
[232.068s][info][gc,cpu         ] GC(1889) User=0.00s Sys=0.00s Real=0.00s
[232.195s][info][gc,start       ] GC(1890) Pause Young (Allocation Failure)
[232.198s][info][gc,heap        ] GC(1890) PSYoungGen: 172544K(173056K)->1024K(173056K) Eden: 171520K(171520K)->0K(171520K) From: 1024K(1536K)->1024K(1536K)
[232.198s][info][gc,heap        ] GC(1890) ParOldGen: 8763K(349696K)->8843K(349696K)
[232.198s][info][gc,metaspace   ] GC(1890) Metaspace: 14390K(15232K)->14390K(15232K) NonClass: 12409K(12864K)->12409K(12864K) Class: 1981K(2368K)->1981K(2368K)
[232.198s][info][gc             ] GC(1890) Pause Young (Allocation Failure) 177M->9M(510M) 2.701ms
[232.198s][info][gc,cpu         ] GC(1890) User=0.00s Sys=0.00s Real=0.00s
[232.320s][info][gc,start       ] GC(1891) Pause Young (Allocation Failure)
[232.323s][info][gc,heap        ] GC(1891) PSYoungGen: 172544K(173056K)->992K(173056K) Eden: 171520K(171520K)->0K(171520K) From: 1024K(1536K)->992K(1536K)
[232.323s][info][gc,heap        ] GC(1891) ParOldGen: 8843K(349696K)->8899K(349696K)
[232.323s][info][gc,metaspace   ] GC(1891) Metaspace: 14390K(15232K)->14390K(15232K) NonClass: 12409K(12864K)->12409K(12864K) Class: 1981K(2368K)->1981K(2368K)
[232.323s][info][gc             ] GC(1891) Pause Young (Allocation Failure) 177M->9M(510M) 2.616ms
[232.323s][info][gc,cpu         ] GC(1891) User=0.00s Sys=0.00s Real=0.00s
[232.446s][info][gc,start       ] GC(1892) Pause Young (Allocation Failure)
[232.449s][info][gc,heap        ] GC(1892) PSYoungGen: 172512K(173056K)->1024K(173056K) Eden: 171520K(171520K)->0K(171520K) From: 992K(1536K)->1024K(1536K)
[232.449s][info][gc,heap        ] GC(1892) ParOldGen: 8899K(349696K)->8955K(349696K)
[232.449s][info][gc,metaspace   ] GC(1892) Metaspace: 14390K(15232K)->14390K(15232K) NonClass: 12409K(12864K)->12409K(12864K) Class: 1981K(2368K)->1981K(2368K)
[232.449s][info][gc             ] GC(1892) Pause Young (Allocation Failure) 177M->9M(510M) 2.636ms
[232.449s][info][gc,cpu         ] GC(1892) User=0.00s Sys=0.00s Real=0.00s
[232.584s][info][gc,start       ] GC(1893) Pause Young (Allocation Failure)
[232.586s][info][gc,heap        ] GC(1893) PSYoungGen: 172544K(173056K)->1024K(173056K) Eden: 171520K(171520K)->0K(171520K) From: 1024K(1536K)->1024K(1536K)
[232.586s][info][gc,heap        ] GC(1893) ParOldGen: 8955K(349696K)->9003K(349696K)
[232.586s][info][gc,metaspace   ] GC(1893) Metaspace: 14390K(15232K)->14390K(15232K) NonClass: 12409K(12864K)->12409K(12864K) Class: 1981K(2368K)->1981K(2368K)
[232.586s][info][gc             ] GC(1893) Pause Young (Allocation Failure) 177M->9M(510M) 2.597ms
[232.586s][info][gc,cpu         ] GC(1893) User=0.00s Sys=0.00s Real=0.00s
[232.717s][info][gc,start       ] GC(1894) Pause Young (Allocation Failure)
[232.719s][info][gc,heap        ] GC(1894) PSYoungGen: 172544K(173056K)->1024K(173056K) Eden: 171520K(171520K)->0K(171520K) From: 1024K(1536K)->1024K(1536K)
[232.719s][info][gc,heap        ] GC(1894) ParOldGen: 9003K(349696K)->9083K(349696K)
[232.719s][info][gc,metaspace   ] GC(1894) Metaspace: 14390K(15232K)->14390K(15232K) NonClass: 12409K(12864K)->12409K(12864K) Class: 1981K(2368K)->1981K(2368K)
[232.719s][info][gc             ] GC(1894) Pause Young (Allocation Failure) 177M->9M(510M) 2.433ms
[232.719s][info][gc,cpu         ] GC(1894) User=0.00s Sys=0.00s Real=0.00s
[232.843s][info][gc,start       ] GC(1895) Pause Young (Allocation Failure)
[232.845s][info][gc,heap        ] GC(1895) PSYoungGen: 172544K(173056K)->992K(173056K) Eden: 171520K(171520K)->0K(171520K) From: 1024K(1536K)->992K(1536K)
[232.845s][info][gc,heap        ] GC(1895) ParOldGen: 9083K(349696K)->9131K(349696K)
[232.845s][info][gc,metaspace   ] GC(1895) Metaspace: 14390K(15232K)->14390K(15232K) NonClass: 12409K(12864K)->12409K(12864K) Class: 1981K(2368K)->1981K(2368K)
[232.845s][info][gc             ] GC(1895) Pause Young (Allocation Failure) 177M->9M(510M) 2.443ms
[232.845s][info][gc,cpu         ] GC(1895) User=0.00s Sys=0.00s Real=0.00s
[232.967s][info][gc,start       ] GC(1896) Pause Young (Allocation Failure)
[232.970s][info][gc,heap        ] GC(1896) PSYoungGen: 172512K(173056K)->1024K(173056K) Eden: 171520K(171520K)->0K(171520K) From: 992K(1536K)->1024K(1536K)
[232.970s][info][gc,heap        ] GC(1896) ParOldGen: 9131K(349696K)->9179K(349696K)
[232.970s][info][gc,metaspace   ] GC(1896) Metaspace: 14390K(15232K)->14390K(15232K) NonClass: 12409K(12864K)->12409K(12864K) Class: 1981K(2368K)->1981K(2368K)
[232.970s][info][gc             ] GC(1896) Pause Young (Allocation Failure) 177M->9M(510M) 2.424ms
[232.970s][info][gc,cpu         ] GC(1896) User=0.00s Sys=0.00s Real=0.00s
[233.092s][info][gc,start       ] GC(1897) Pause Young (Allocation Failure)
[233.095s][info][gc,heap        ] GC(1897) PSYoungGen: 172544K(173056K)->1024K(173056K) Eden: 171520K(171520K)->0K(171520K) From: 1024K(1536K)->1024K(1536K)
[233.095s][info][gc,heap        ] GC(1897) ParOldGen: 9179K(349696K)->9243K(349696K)
[233.095s][info][gc,metaspace   ] GC(1897) Metaspace: 14390K(15232K)->14390K(15232K) NonClass: 12409K(12864K)->12409K(12864K) Class: 1981K(2368K)->1981K(2368K)
[233.095s][info][gc             ] GC(1897) Pause Young (Allocation Failure) 177M->10M(510M) 2.452ms
[233.095s][info][gc,cpu         ] GC(1897) User=0.00s Sys=0.00s Real=0.00s
[233.218s][info][gc,start       ] GC(1898) Pause Young (Allocation Failure)
[233.220s][info][gc,heap        ] GC(1898) PSYoungGen: 172544K(173056K)->992K(173056K) Eden: 171520K(171520K)->0K(171520K) From: 1024K(1536K)->992K(1536K)
[233.220s][info][gc,heap        ] GC(1898) ParOldGen: 9243K(349696K)->9299K(349696K)
[233.220s][info][gc,metaspace   ] GC(1898) Metaspace: 14390K(15232K)->14390K(15232K) NonClass: 12409K(12864K)->12409K(12864K) Class: 1981K(2368K)->1981K(2368K)
[233.220s][info][gc             ] GC(1898) Pause Young (Allocation Failure) 177M->10M(510M) 2.499ms
[233.220s][info][gc,cpu         ] GC(1898) User=0.00s Sys=0.00s Real=0.00s
[233.344s][info][gc,start       ] GC(1899) Pause Young (Allocation Failure)
[233.346s][info][gc,heap        ] GC(1899) PSYoungGen: 172512K(173056K)->1024K(173056K) Eden: 171520K(171520K)->0K(171520K) From: 992K(1536K)->1024K(1536K)
[233.347s][info][gc,heap        ] GC(1899) ParOldGen: 9299K(349696K)->9371K(349696K)
[233.347s][info][gc,metaspace   ] GC(1899) Metaspace: 14390K(15232K)->14390K(15232K) NonClass: 12409K(12864K)->12409K(12864K) Class: 1981K(2368K)->1981K(2368K)
[233.347s][info][gc             ] GC(1899) Pause Young (Allocation Failure) 177M->10M(510M) 2.613ms
[233.347s][info][gc,cpu         ] GC(1899) User=0.00s Sys=0.00s Real=0.00s
[233.469s][info][gc,start       ] GC(1900) Pause Young (Allocation Failure)
[233.471s][info][gc,heap        ] GC(1900) PSYoungGen: 172544K(173056K)->1024K(173056K) Eden: 171520K(171520K)->0K(171520K) From: 1024K(1536K)->1024K(1536K)
[233.471s][info][gc,heap        ] GC(1900) ParOldGen: 9371K(349696K)->9435K(349696K)
[233.471s][info][gc,metaspace   ] GC(1900) Metaspace: 14390K(15232K)->14390K(15232K) NonClass: 12409K(12864K)->12409K(12864K) Class: 1981K(2368K)->1981K(2368K)
[233.471s][info][gc             ] GC(1900) Pause Young (Allocation Failure) 177M->10M(510M) 2.535ms
[233.471s][info][gc,cpu         ] GC(1900) User=0.00s Sys=0.00s Real=0.00s
[233.593s][info][gc,start       ] GC(1901) Pause Young (Allocation Failure)
[233.596s][info][gc,heap        ] GC(1901) PSYoungGen: 172544K(173056K)->1024K(173056K) Eden: 171520K(171520K)->0K(171520K) From: 1024K(1536K)->1024K(1536K)
[233.596s][info][gc,heap        ] GC(1901) ParOldGen: 9435K(349696K)->9483K(349696K)
[233.596s][info][gc,metaspace   ] GC(1901) Metaspace: 14390K(15232K)->14390K(15232K) NonClass: 12409K(12864K)->12409K(12864K) Class: 1981K(2368K)->1981K(2368K)
[233.596s][info][gc             ] GC(1901) Pause Young (Allocation Failure) 177M->10M(510M) 2.585ms
[233.596s][info][gc,cpu         ] GC(1901) User=0.00s Sys=0.00s Real=0.00s
[233.719s][info][gc,start       ] GC(1902) Pause Young (Allocation Failure)
[233.721s][info][gc,heap        ] GC(1902) PSYoungGen: 172544K(173056K)->992K(173056K) Eden: 171520K(171520K)->0K(171520K) From: 1024K(1536K)->992K(1536K)
[233.721s][info][gc,heap        ] GC(1902) ParOldGen: 9483K(349696K)->9539K(349696K)
[233.721s][info][gc,metaspace   ] GC(1902) Metaspace: 14390K(15232K)->14390K(15232K) NonClass: 12409K(12864K)->12409K(12864K) Class: 1981K(2368K)->1981K(2368K)
[233.721s][info][gc             ] GC(1902) Pause Young (Allocation Failure) 177M->10M(510M) 2.636ms
[233.721s][info][gc,cpu         ] GC(1902) User=0.00s Sys=0.00s Real=0.00s
[233.844s][info][gc,start       ] GC(1903) Pause Young (Allocation Failure)
[233.847s][info][gc,heap        ] GC(1903) PSYoungGen: 172512K(173056K)->1024K(173056K) Eden: 171520K(171520K)->0K(171520K) From: 992K(1536K)->1024K(1536K)
[233.847s][info][gc,heap        ] GC(1903) ParOldGen: 9539K(349696K)->9579K(349696K)
[233.847s][info][gc,metaspace   ] GC(1903) Metaspace: 14390K(15232K)->14390K(15232K) NonClass: 12409K(12864K)->12409K(12864K) Class: 1981K(2368K)->1981K(2368K)
[233.847s][info][gc             ] GC(1903) Pause Young (Allocation Failure) 177M->10M(510M) 2.624ms
[233.847s][info][gc,cpu         ] GC(1903) User=0.00s Sys=0.00s Real=0.00s
[233.972s][info][gc,start       ] GC(1904) Pause Young (Allocation Failure)
[233.975s][info][gc,heap        ] GC(1904) PSYoungGen: 172544K(173056K)->1024K(173056K) Eden: 171520K(171520K)->0K(171520K) From: 1024K(1536K)->1024K(1536K)
[233.975s][info][gc,heap        ] GC(1904) ParOldGen: 9579K(349696K)->9651K(349696K)
[233.975s][info][gc,metaspace   ] GC(1904) Metaspace: 14390K(15232K)->14390K(15232K) NonClass: 12409K(12864K)->12409K(12864K) Class: 1981K(2368K)->1981K(2368K)
[233.975s][info][gc             ] GC(1904) Pause Young (Allocation Failure) 177M->10M(510M) 2.657ms
[233.975s][info][gc,cpu         ] GC(1904) User=0.52s Sys=0.00s Real=0.00s
[234.097s][info][gc,start       ] GC(1905) Pause Young (Allocation Failure)
[234.100s][info][gc,heap        ] GC(1905) PSYoungGen: 172544K(173056K)->1024K(173056K) Eden: 171520K(171520K)->0K(171520K) From: 1024K(1536K)->1024K(1536K)
[234.100s][info][gc,heap        ] GC(1905) ParOldGen: 9651K(349696K)->9715K(349696K)
[234.100s][info][gc,metaspace   ] GC(1905) Metaspace: 14390K(15232K)->14390K(15232K) NonClass: 12409K(12864K)->12409K(12864K) Class: 1981K(2368K)->1981K(2368K)
[234.100s][info][gc             ] GC(1905) Pause Young (Allocation Failure) 177M->10M(510M) 2.776ms
[234.100s][info][gc,cpu         ] GC(1905) User=0.00s Sys=0.00s Real=0.00s
[234.222s][info][gc,start       ] GC(1906) Pause Young (Allocation Failure)
[234.225s][info][gc,heap        ] GC(1906) PSYoungGen: 172544K(173056K)->1024K(173056K) Eden: 171520K(171520K)->0K(171520K) From: 1024K(1536K)->1024K(1536K)
[234.225s][info][gc,heap        ] GC(1906) ParOldGen: 9715K(349696K)->9771K(349696K)
[234.225s][info][gc,metaspace   ] GC(1906) Metaspace: 14390K(15232K)->14390K(15232K) NonClass: 12409K(12864K)->12409K(12864K) Class: 1981K(2368K)->1981K(2368K)
[234.225s][info][gc             ] GC(1906) Pause Young (Allocation Failure) 177M->10M(510M) 2.677ms
[234.225s][info][gc,cpu         ] GC(1906) User=0.52s Sys=0.00s Real=0.00s
[234.347s][info][gc,start       ] GC(1907) Pause Young (Allocation Failure)
[234.350s][info][gc,heap        ] GC(1907) PSYoungGen: 172544K(173056K)->1024K(173056K) Eden: 171520K(171520K)->0K(171520K) From: 1024K(1536K)->1024K(1536K)
[234.350s][info][gc,heap        ] GC(1907) ParOldGen: 9771K(349696K)->9835K(349696K)
[234.350s][info][gc,metaspace   ] GC(1907) Metaspace: 14390K(15232K)->14390K(15232K) NonClass: 12409K(12864K)->12409K(12864K) Class: 1981K(2368K)->1981K(2368K)
[234.350s][info][gc             ] GC(1907) Pause Young (Allocation Failure) 178M->10M(510M) 2.718ms
[234.350s][info][gc,cpu         ] GC(1907) User=0.52s Sys=0.00s Real=0.00s
[234.471s][info][gc,start       ] GC(1908) Pause Young (Allocation Failure)
[234.473s][info][gc,heap        ] GC(1908) PSYoungGen: 172544K(173056K)->992K(173056K) Eden: 171520K(171520K)->0K(171520K) From: 1024K(1536K)->992K(1536K)
[234.473s][info][gc,heap        ] GC(1908) ParOldGen: 9835K(349696K)->9883K(349696K)
[234.473s][info][gc,metaspace   ] GC(1908) Metaspace: 14390K(15232K)->14390K(15232K) NonClass: 12409K(12864K)->12409K(12864K) Class: 1981K(2368K)->1981K(2368K)
[234.473s][info][gc             ] GC(1908) Pause Young (Allocation Failure) 178M->10M(510M) 2.778ms
[234.474s][info][gc,cpu         ] GC(1908) User=0.52s Sys=0.00s Real=0.00s
[234.683s][info][gc,start       ] GC(1909) Pause Young (Allocation Failure)
[234.686s][info][gc,heap        ] GC(1909) PSYoungGen: 172511K(173056K)->992K(173056K) Eden: 171519K(171520K)->0K(171520K) From: 992K(1536K)->992K(1536K)
[234.686s][info][gc,heap        ] GC(1909) ParOldGen: 9883K(349696K)->9923K(349696K)
[234.686s][info][gc,metaspace   ] GC(1909) Metaspace: 14390K(15232K)->14390K(15232K) NonClass: 12409K(12864K)->12409K(12864K) Class: 1981K(2368K)->1981K(2368K)
[234.686s][info][gc             ] GC(1909) Pause Young (Allocation Failure) 178M->10M(510M) 3.413ms
[234.686s][info][gc,cpu         ] GC(1909) User=0.00s Sys=0.00s Real=0.00s
[234.820s][info][gc,start       ] GC(1910) Pause Young (Allocation Failure)
[234.823s][info][gc,heap        ] GC(1910) PSYoungGen: 172512K(173056K)->1024K(173056K) Eden: 171520K(171520K)->0K(171520K) From: 992K(1536K)->1024K(1536K)
[234.823s][info][gc,heap        ] GC(1910) ParOldGen: 9923K(349696K)->9971K(349696K)
[234.823s][info][gc,metaspace   ] GC(1910) Metaspace: 14390K(15232K)->14390K(15232K) NonClass: 12409K(12864K)->12409K(12864K) Class: 1981K(2368K)->1981K(2368K)
[234.823s][info][gc             ] GC(1910) Pause Young (Allocation Failure) 178M->10M(510M) 2.652ms
[234.823s][info][gc,cpu         ] GC(1910) User=0.00s Sys=0.00s Real=0.00s
[234.946s][info][gc,start       ] GC(1911) Pause Young (Allocation Failure)
[234.948s][info][gc,heap        ] GC(1911) PSYoungGen: 172544K(173056K)->1024K(173056K) Eden: 171520K(171520K)->0K(171520K) From: 1024K(1536K)->1024K(1536K)
[234.948s][info][gc,heap        ] GC(1911) ParOldGen: 9971K(349696K)->10059K(349696K)
[234.948s][info][gc,metaspace   ] GC(1911) Metaspace: 14390K(15232K)->14390K(15232K) NonClass: 12409K(12864K)->12409K(12864K) Class: 1981K(2368K)->1981K(2368K)
[234.948s][info][gc             ] GC(1911) Pause Young (Allocation Failure) 178M->10M(510M) 2.689ms
[234.948s][info][gc,cpu         ] GC(1911) User=0.00s Sys=0.00s Real=0.00s
[235.073s][info][gc,start       ] GC(1912) Pause Young (Allocation Failure)
[235.075s][info][gc,heap        ] GC(1912) PSYoungGen: 172544K(173056K)->1024K(173056K) Eden: 171520K(171520K)->0K(171520K) From: 1024K(1536K)->1024K(1536K)
[235.075s][info][gc,heap        ] GC(1912) ParOldGen: 10059K(349696K)->10107K(349696K)
[235.075s][info][gc,metaspace   ] GC(1912) Metaspace: 14390K(15232K)->14390K(15232K) NonClass: 12409K(12864K)->12409K(12864K) Class: 1981K(2368K)->1981K(2368K)
[235.076s][info][gc             ] GC(1912) Pause Young (Allocation Failure) 178M->10M(510M) 2.507ms
[235.076s][info][gc,cpu         ] GC(1912) User=0.00s Sys=0.00s Real=0.00s
[235.202s][info][gc,start       ] GC(1913) Pause Young (Allocation Failure)
[235.204s][info][gc,heap        ] GC(1913) PSYoungGen: 172544K(173056K)->1024K(173056K) Eden: 171520K(171520K)->0K(171520K) From: 1024K(1536K)->1024K(1536K)
[235.204s][info][gc,heap        ] GC(1913) ParOldGen: 10107K(349696K)->10163K(349696K)
[235.204s][info][gc,metaspace   ] GC(1913) Metaspace: 14390K(15232K)->14390K(15232K) NonClass: 12409K(12864K)->12409K(12864K) Class: 1981K(2368K)->1981K(2368K)
[235.204s][info][gc             ] GC(1913) Pause Young (Allocation Failure) 178M->10M(510M) 2.436ms
[235.204s][info][gc,cpu         ] GC(1913) User=0.00s Sys=0.00s Real=0.00s
[235.335s][info][gc,start       ] GC(1914) Pause Young (Allocation Failure)
[235.337s][info][gc,heap        ] GC(1914) PSYoungGen: 172544K(173056K)->992K(173056K) Eden: 171520K(171520K)->0K(171520K) From: 1024K(1536K)->992K(1536K)
[235.337s][info][gc,heap        ] GC(1914) ParOldGen: 10163K(349696K)->10203K(349696K)
[235.337s][info][gc,metaspace   ] GC(1914) Metaspace: 14390K(15232K)->14390K(15232K) NonClass: 12409K(12864K)->12409K(12864K) Class: 1981K(2368K)->1981K(2368K)
[235.337s][info][gc             ] GC(1914) Pause Young (Allocation Failure) 178M->10M(510M) 2.452ms
[235.337s][info][gc,cpu         ] GC(1914) User=0.00s Sys=0.00s Real=0.00s
[235.467s][info][gc,start       ] GC(1915) Pause Young (Allocation Failure)
[235.469s][info][gc,heap        ] GC(1915) PSYoungGen: 172512K(173056K)->992K(173056K) Eden: 171520K(171520K)->0K(171520K) From: 992K(1536K)->992K(1536K)
[235.470s][info][gc,heap        ] GC(1915) ParOldGen: 10203K(349696K)->10243K(349696K)
[235.470s][info][gc,metaspace   ] GC(1915) Metaspace: 14390K(15232K)->14390K(15232K) NonClass: 12409K(12864K)->12409K(12864K) Class: 1981K(2368K)->1981K(2368K)
[235.470s][info][gc             ] GC(1915) Pause Young (Allocation Failure) 178M->10M(510M) 2.314ms
[235.470s][info][gc,cpu         ] GC(1915) User=0.00s Sys=0.00s Real=0.00s
[235.592s][info][gc,start       ] GC(1916) Pause Young (Allocation Failure)
[235.594s][info][gc,heap        ] GC(1916) PSYoungGen: 172512K(173056K)->1024K(173056K) Eden: 171520K(171520K)->0K(171520K) From: 992K(1536K)->1024K(1536K)
[235.594s][info][gc,heap        ] GC(1916) ParOldGen: 10243K(349696K)->10299K(349696K)
[235.594s][info][gc,metaspace   ] GC(1916) Metaspace: 14390K(15232K)->14390K(15232K) NonClass: 12409K(12864K)->12409K(12864K) Class: 1981K(2368K)->1981K(2368K)
[235.594s][info][gc             ] GC(1916) Pause Young (Allocation Failure) 178M->11M(510M) 2.311ms
[235.594s][info][gc,cpu         ] GC(1916) User=0.00s Sys=0.00s Real=0.00s
[235.716s][info][gc,start       ] GC(1917) Pause Young (Allocation Failure)
[235.718s][info][gc,heap        ] GC(1917) PSYoungGen: 172544K(173056K)->1024K(173056K) Eden: 171520K(171520K)->0K(171520K) From: 1024K(1536K)->1024K(1536K)
[235.718s][info][gc,heap        ] GC(1917) ParOldGen: 10299K(349696K)->10355K(349696K)
[235.718s][info][gc,metaspace   ] GC(1917) Metaspace: 14390K(15232K)->14390K(15232K) NonClass: 12409K(12864K)->12409K(12864K) Class: 1981K(2368K)->1981K(2368K)
[235.718s][info][gc             ] GC(1917) Pause Young (Allocation Failure) 178M->11M(510M) 2.285ms
[235.718s][info][gc,cpu         ] GC(1917) User=0.00s Sys=0.00s Real=0.00s
[235.840s][info][gc,start       ] GC(1918) Pause Young (Allocation Failure)
[235.842s][info][gc,heap        ] GC(1918) PSYoungGen: 172544K(173056K)->992K(173056K) Eden: 171520K(171520K)->0K(171520K) From: 1024K(1536K)->992K(1536K)
[235.842s][info][gc,heap        ] GC(1918) ParOldGen: 10355K(349696K)->10411K(349696K)
[235.842s][info][gc,metaspace   ] GC(1918) Metaspace: 14390K(15232K)->14390K(15232K) NonClass: 12409K(12864K)->12409K(12864K) Class: 1981K(2368K)->1981K(2368K)
[235.842s][info][gc             ] GC(1918) Pause Young (Allocation Failure) 178M->11M(510M) 2.348ms
[235.842s][info][gc,cpu         ] GC(1918) User=0.00s Sys=0.00s Real=0.00s
[235.966s][info][gc,start       ] GC(1919) Pause Young (Allocation Failure)
[235.969s][info][gc,heap        ] GC(1919) PSYoungGen: 172512K(173056K)->992K(173056K) Eden: 171520K(171520K)->0K(171520K) From: 992K(1536K)->992K(1536K)
[235.969s][info][gc,heap        ] GC(1919) ParOldGen: 10411K(349696K)->10475K(349696K)
[235.969s][info][gc,metaspace   ] GC(1919) Metaspace: 14390K(15232K)->14390K(15232K) NonClass: 12409K(12864K)->12409K(12864K) Class: 1981K(2368K)->1981K(2368K)
[235.969s][info][gc             ] GC(1919) Pause Young (Allocation Failure) 178M->11M(510M) 2.363ms
[235.969s][info][gc,cpu         ] GC(1919) User=0.00s Sys=0.00s Real=0.00s
[236.091s][info][gc,start       ] GC(1920) Pause Young (Allocation Failure)
[236.093s][info][gc,heap        ] GC(1920) PSYoungGen: 172512K(173056K)->1024K(173056K) Eden: 171520K(171520K)->0K(171520K) From: 992K(1536K)->1024K(1536K)
[236.093s][info][gc,heap        ] GC(1920) ParOldGen: 10475K(349696K)->10523K(349696K)
[236.093s][info][gc,metaspace   ] GC(1920) Metaspace: 14390K(15232K)->14390K(15232K) NonClass: 12409K(12864K)->12409K(12864K) Class: 1981K(2368K)->1981K(2368K)
[236.094s][info][gc             ] GC(1920) Pause Young (Allocation Failure) 178M->11M(510M) 2.409ms
[236.094s][info][gc,cpu         ] GC(1920) User=0.00s Sys=0.00s Real=0.00s
[236.214s][info][gc,start       ] GC(1921) Pause Young (Allocation Failure)
[236.217s][info][gc,heap        ] GC(1921) PSYoungGen: 172544K(173056K)->1024K(173056K) Eden: 171520K(171520K)->0K(171520K) From: 1024K(1536K)->1024K(1536K)
[236.217s][info][gc,heap        ] GC(1921) ParOldGen: 10523K(349696K)->10595K(349696K)
[236.217s][info][gc,metaspace   ] GC(1921) Metaspace: 14390K(15232K)->14390K(15232K) NonClass: 12409K(12864K)->12409K(12864K) Class: 1981K(2368K)->1981K(2368K)
[236.217s][info][gc             ] GC(1921) Pause Young (Allocation Failure) 178M->11M(510M) 2.413ms
[236.217s][info][gc,cpu         ] GC(1921) User=0.00s Sys=0.00s Real=0.00s
[236.338s][info][gc,start       ] GC(1922) Pause Young (Allocation Failure)
[236.340s][info][gc,heap        ] GC(1922) PSYoungGen: 172544K(173056K)->992K(173056K) Eden: 171520K(171520K)->0K(171520K) From: 1024K(1536K)->992K(1536K)
[236.340s][info][gc,heap        ] GC(1922) ParOldGen: 10595K(349696K)->10659K(349696K)
[236.340s][info][gc,metaspace   ] GC(1922) Metaspace: 14390K(15232K)->14390K(15232K) NonClass: 12409K(12864K)->12409K(12864K) Class: 1981K(2368K)->1981K(2368K)
[236.340s][info][gc             ] GC(1922) Pause Young (Allocation Failure) 178M->11M(510M) 2.436ms
[236.340s][info][gc,cpu         ] GC(1922) User=0.00s Sys=0.00s Real=0.00s
[236.463s][info][gc,start       ] GC(1923) Pause Young (Allocation Failure)
[236.466s][info][gc,heap        ] GC(1923) PSYoungGen: 172512K(173056K)->1024K(173056K) Eden: 171520K(171520K)->0K(171520K) From: 992K(1536K)->1024K(1536K)
[236.466s][info][gc,heap        ] GC(1923) ParOldGen: 10659K(349696K)->10731K(349696K)
[236.466s][info][gc,metaspace   ] GC(1923) Metaspace: 14390K(15232K)->14390K(15232K) NonClass: 12409K(12864K)->12409K(12864K) Class: 1981K(2368K)->1981K(2368K)
[236.466s][info][gc             ] GC(1923) Pause Young (Allocation Failure) 178M->11M(510M) 2.472ms
[236.466s][info][gc,cpu         ] GC(1923) User=0.00s Sys=0.00s Real=0.00s
[236.588s][info][gc,start       ] GC(1924) Pause Young (Allocation Failure)
[236.591s][info][gc,heap        ] GC(1924) PSYoungGen: 172544K(173056K)->992K(173056K) Eden: 171520K(171520K)->0K(171520K) From: 1024K(1536K)->992K(1536K)
[236.591s][info][gc,heap        ] GC(1924) ParOldGen: 10731K(349696K)->10779K(349696K)
[236.591s][info][gc,metaspace   ] GC(1924) Metaspace: 14390K(15232K)->14390K(15232K) NonClass: 12409K(12864K)->12409K(12864K) Class: 1981K(2368K)->1981K(2368K)
[236.591s][info][gc             ] GC(1924) Pause Young (Allocation Failure) 178M->11M(510M) 2.579ms
[236.591s][info][gc,cpu         ] GC(1924) User=0.00s Sys=0.00s Real=0.00s
[236.716s][info][gc,start       ] GC(1925) Pause Young (Allocation Failure)
[236.718s][info][gc,heap        ] GC(1925) PSYoungGen: 172512K(173056K)->992K(173056K) Eden: 171520K(171520K)->0K(171520K) From: 992K(1536K)->992K(1536K)
[236.718s][info][gc,heap        ] GC(1925) ParOldGen: 10779K(349696K)->10843K(349696K)
[236.718s][info][gc,metaspace   ] GC(1925) Metaspace: 14390K(15232K)->14390K(15232K) NonClass: 12409K(12864K)->12409K(12864K) Class: 1981K(2368K)->1981K(2368K)
[236.718s][info][gc             ] GC(1925) Pause Young (Allocation Failure) 178M->11M(510M) 2.525ms
[236.718s][info][gc,cpu         ] GC(1925) User=0.00s Sys=0.00s Real=0.00s
[236.843s][info][gc,start       ] GC(1926) Pause Young (Allocation Failure)
[236.845s][info][gc,heap        ] GC(1926) PSYoungGen: 172512K(173056K)->1024K(173056K) Eden: 171520K(171520K)->0K(171520K) From: 992K(1536K)->1024K(1536K)
[236.845s][info][gc,heap        ] GC(1926) ParOldGen: 10843K(349696K)->10915K(349696K)
[236.845s][info][gc,metaspace   ] GC(1926) Metaspace: 14390K(15232K)->14390K(15232K) NonClass: 12409K(12864K)->12409K(12864K) Class: 1981K(2368K)->1981K(2368K)
[236.845s][info][gc             ] GC(1926) Pause Young (Allocation Failure) 179M->11M(510M) 2.514ms
[236.845s][info][gc,cpu         ] GC(1926) User=0.00s Sys=0.00s Real=0.00s
[236.970s][info][gc,start       ] GC(1927) Pause Young (Allocation Failure)
[236.972s][info][gc,heap        ] GC(1927) PSYoungGen: 172544K(173056K)->960K(173056K) Eden: 171520K(171520K)->0K(171520K) From: 1024K(1536K)->960K(1536K)
[236.972s][info][gc,heap        ] GC(1927) ParOldGen: 10915K(349696K)->10963K(349696K)
[236.972s][info][gc,metaspace   ] GC(1927) Metaspace: 14390K(15232K)->14390K(15232K) NonClass: 12409K(12864K)->12409K(12864K) Class: 1981K(2368K)->1981K(2368K)
[236.972s][info][gc             ] GC(1927) Pause Young (Allocation Failure) 179M->11M(510M) 2.544ms
[236.972s][info][gc,cpu         ] GC(1927) User=0.00s Sys=0.00s Real=0.00s
[237.095s][info][gc,start       ] GC(1928) Pause Young (Allocation Failure)
[237.097s][info][gc,heap        ] GC(1928) PSYoungGen: 172480K(173056K)->1024K(173056K) Eden: 171520K(171520K)->0K(171520K) From: 960K(1536K)->1024K(1536K)
[237.097s][info][gc,heap        ] GC(1928) ParOldGen: 10963K(349696K)->11003K(349696K)
[237.097s][info][gc,metaspace   ] GC(1928) Metaspace: 14390K(15232K)->14390K(15232K) NonClass: 12409K(12864K)->12409K(12864K) Class: 1981K(2368K)->1981K(2368K)
[237.098s][info][gc             ] GC(1928) Pause Young (Allocation Failure) 179M->11M(510M) 2.615ms
[237.098s][info][gc,cpu         ] GC(1928) User=0.00s Sys=0.00s Real=0.00s
[237.219s][info][gc,start       ] GC(1929) Pause Young (Allocation Failure)
[237.222s][info][gc,heap        ] GC(1929) PSYoungGen: 172544K(173056K)->992K(173056K) Eden: 171520K(171520K)->0K(171520K) From: 1024K(1536K)->992K(1536K)
[237.222s][info][gc,heap        ] GC(1929) ParOldGen: 11003K(349696K)->11067K(349696K)
[237.222s][info][gc,metaspace   ] GC(1929) Metaspace: 14390K(15232K)->14390K(15232K) NonClass: 12409K(12864K)->12409K(12864K) Class: 1981K(2368K)->1981K(2368K)
[237.222s][info][gc             ] GC(1929) Pause Young (Allocation Failure) 179M->11M(510M) 2.607ms
[237.222s][info][gc,cpu         ] GC(1929) User=0.00s Sys=0.00s Real=0.00s
[237.347s][info][gc,start       ] GC(1930) Pause Young (Allocation Failure)
[237.349s][info][gc,heap        ] GC(1930) PSYoungGen: 172512K(173056K)->1024K(173056K) Eden: 171520K(171520K)->0K(171520K) From: 992K(1536K)->1024K(1536K)
[237.349s][info][gc,heap        ] GC(1930) ParOldGen: 11067K(349696K)->11123K(349696K)
[237.349s][info][gc,metaspace   ] GC(1930) Metaspace: 14390K(15232K)->14390K(15232K) NonClass: 12409K(12864K)->12409K(12864K) Class: 1981K(2368K)->1981K(2368K)
[237.349s][info][gc             ] GC(1930) Pause Young (Allocation Failure) 179M->11M(510M) 2.628ms
[237.349s][info][gc,cpu         ] GC(1930) User=0.00s Sys=0.00s Real=0.00s
[237.474s][info][gc,start       ] GC(1931) Pause Young (Allocation Failure)
[237.476s][info][gc,heap        ] GC(1931) PSYoungGen: 172544K(173056K)->1024K(173056K) Eden: 171520K(171520K)->0K(171520K) From: 1024K(1536K)->1024K(1536K)
[237.476s][info][gc,heap        ] GC(1931) ParOldGen: 11123K(349696K)->11179K(349696K)
[237.476s][info][gc,metaspace   ] GC(1931) Metaspace: 14390K(15232K)->14390K(15232K) NonClass: 12409K(12864K)->12409K(12864K) Class: 1981K(2368K)->1981K(2368K)
[237.476s][info][gc             ] GC(1931) Pause Young (Allocation Failure) 179M->11M(510M) 2.677ms
[237.476s][info][gc,cpu         ] GC(1931) User=0.00s Sys=0.00s Real=0.00s
[237.600s][info][gc,start       ] GC(1932) Pause Young (Allocation Failure)
[237.603s][info][gc,heap        ] GC(1932) PSYoungGen: 172544K(173056K)->1024K(173056K) Eden: 171520K(171520K)->0K(171520K) From: 1024K(1536K)->1024K(1536K)
[237.603s][info][gc,heap        ] GC(1932) ParOldGen: 11179K(349696K)->11243K(349696K)
[237.603s][info][gc,metaspace   ] GC(1932) Metaspace: 14390K(15232K)->14390K(15232K) NonClass: 12409K(12864K)->12409K(12864K) Class: 1981K(2368K)->1981K(2368K)
[237.603s][info][gc             ] GC(1932) Pause Young (Allocation Failure) 179M->11M(510M) 2.685ms
[237.603s][info][gc,cpu         ] GC(1932) User=0.00s Sys=0.00s Real=0.00s
[237.726s][info][gc,start       ] GC(1933) Pause Young (Allocation Failure)
[237.729s][info][gc,heap        ] GC(1933) PSYoungGen: 172544K(173056K)->1024K(173056K) Eden: 171520K(171520K)->0K(171520K) From: 1024K(1536K)->1024K(1536K)
[237.729s][info][gc,heap        ] GC(1933) ParOldGen: 11243K(349696K)->11291K(349696K)
[237.729s][info][gc,metaspace   ] GC(1933) Metaspace: 14390K(15232K)->14390K(15232K) NonClass: 12409K(12864K)->12409K(12864K) Class: 1981K(2368K)->1981K(2368K)
[237.729s][info][gc             ] GC(1933) Pause Young (Allocation Failure) 179M->12M(510M) 2.721ms
[237.729s][info][gc,cpu         ] GC(1933) User=0.00s Sys=0.00s Real=0.00s
[237.853s][info][gc,start       ] GC(1934) Pause Young (Allocation Failure)
[237.856s][info][gc,heap        ] GC(1934) PSYoungGen: 172544K(173056K)->1024K(173056K) Eden: 171520K(171520K)->0K(171520K) From: 1024K(1536K)->1024K(1536K)
[237.856s][info][gc,heap        ] GC(1934) ParOldGen: 11291K(349696K)->11347K(349696K)
[237.856s][info][gc,metaspace   ] GC(1934) Metaspace: 14390K(15232K)->14390K(15232K) NonClass: 12409K(12864K)->12409K(12864K) Class: 1981K(2368K)->1981K(2368K)
[237.856s][info][gc             ] GC(1934) Pause Young (Allocation Failure) 179M->12M(510M) 2.695ms
[237.856s][info][gc,cpu         ] GC(1934) User=0.00s Sys=0.00s Real=0.00s
[237.979s][info][gc,start       ] GC(1935) Pause Young (Allocation Failure)
[237.982s][info][gc,heap        ] GC(1935) PSYoungGen: 172544K(173056K)->1024K(173056K) Eden: 171520K(171520K)->0K(171520K) From: 1024K(1536K)->1024K(1536K)
[237.982s][info][gc,heap        ] GC(1935) ParOldGen: 11347K(349696K)->11407K(349696K)
[237.982s][info][gc,metaspace   ] GC(1935) Metaspace: 14390K(15232K)->14390K(15232K) NonClass: 12409K(12864K)->12409K(12864K) Class: 1981K(2368K)->1981K(2368K)
[237.982s][info][gc             ] GC(1935) Pause Young (Allocation Failure) 179M->12M(510M) 2.730ms
[237.982s][info][gc,cpu         ] GC(1935) User=0.00s Sys=0.00s Real=0.00s
[238.105s][info][gc,start       ] GC(1936) Pause Young (Allocation Failure)
[238.107s][info][gc,heap        ] GC(1936) PSYoungGen: 172544K(173056K)->1024K(173056K) Eden: 171520K(171520K)->0K(171520K) From: 1024K(1536K)->1024K(1536K)
[238.107s][info][gc,heap        ] GC(1936) ParOldGen: 11407K(349696K)->11471K(349696K)
[238.107s][info][gc,metaspace   ] GC(1936) Metaspace: 14390K(15232K)->14390K(15232K) NonClass: 12409K(12864K)->12409K(12864K) Class: 1981K(2368K)->1981K(2368K)
[238.108s][info][gc             ] GC(1936) Pause Young (Allocation Failure) 179M->12M(510M) 2.770ms
[238.108s][info][gc,cpu         ] GC(1936) User=0.00s Sys=0.00s Real=0.00s
[238.230s][info][gc,start       ] GC(1937) Pause Young (Allocation Failure)
[238.233s][info][gc,heap        ] GC(1937) PSYoungGen: 172544K(173056K)->992K(173056K) Eden: 171520K(171520K)->0K(171520K) From: 1024K(1536K)->992K(1536K)
[238.233s][info][gc,heap        ] GC(1937) ParOldGen: 11471K(349696K)->11519K(349696K)
[238.233s][info][gc,metaspace   ] GC(1937) Metaspace: 14390K(15232K)->14390K(15232K) NonClass: 12409K(12864K)->12409K(12864K) Class: 1981K(2368K)->1981K(2368K)
[238.233s][info][gc             ] GC(1937) Pause Young (Allocation Failure) 179M->12M(510M) 2.764ms
[238.233s][info][gc,cpu         ] GC(1937) User=0.00s Sys=0.00s Real=0.00s
[238.527s][info][gc,start       ] GC(1938) Pause Young (Allocation Failure)
[238.531s][info][gc,heap        ] GC(1938) PSYoungGen: 172511K(173056K)->992K(173056K) Eden: 171519K(171520K)->0K(171520K) From: 992K(1536K)->992K(1536K)
[238.531s][info][gc,heap        ] GC(1938) ParOldGen: 11519K(349696K)->11559K(349696K)
[238.531s][info][gc,metaspace   ] GC(1938) Metaspace: 14390K(15232K)->14390K(15232K) NonClass: 12409K(12864K)->12409K(12864K) Class: 1981K(2368K)->1981K(2368K)
[238.531s][info][gc             ] GC(1938) Pause Young (Allocation Failure) 179M->12M(510M) 3.651ms
[238.531s][info][gc,cpu         ] GC(1938) User=0.00s Sys=0.00s Real=0.00s
[238.662s][info][gc,start       ] GC(1939) Pause Young (Allocation Failure)
[238.665s][info][gc,heap        ] GC(1939) PSYoungGen: 172512K(173056K)->1024K(173056K) Eden: 171520K(171520K)->0K(171520K) From: 992K(1536K)->1024K(1536K)
[238.665s][info][gc,heap        ] GC(1939) ParOldGen: 11559K(349696K)->11615K(349696K)
[238.665s][info][gc,metaspace   ] GC(1939) Metaspace: 14390K(15232K)->14390K(15232K) NonClass: 12409K(12864K)->12409K(12864K) Class: 1981K(2368K)->1981K(2368K)
[238.665s][info][gc             ] GC(1939) Pause Young (Allocation Failure) 179M->12M(510M) 2.606ms
[238.665s][info][gc,cpu         ] GC(1939) User=0.00s Sys=0.00s Real=0.00s
[238.791s][info][gc,start       ] GC(1940) Pause Young (Allocation Failure)
[238.794s][info][gc,heap        ] GC(1940) PSYoungGen: 172544K(173056K)->928K(173056K) Eden: 171520K(171520K)->0K(171520K) From: 1024K(1536K)->928K(1536K)
[238.794s][info][gc,heap        ] GC(1940) ParOldGen: 11615K(349696K)->11663K(349696K)
[238.794s][info][gc,metaspace   ] GC(1940) Metaspace: 14390K(15232K)->14390K(15232K) NonClass: 12409K(12864K)->12409K(12864K) Class: 1981K(2368K)->1981K(2368K)
[238.794s][info][gc             ] GC(1940) Pause Young (Allocation Failure) 179M->12M(510M) 2.567ms
[238.794s][info][gc,cpu         ] GC(1940) User=0.00s Sys=0.00s Real=0.00s
[238.927s][info][gc,start       ] GC(1941) Pause Young (Allocation Failure)
[238.930s][info][gc,heap        ] GC(1941) PSYoungGen: 172448K(173056K)->1024K(173056K) Eden: 171520K(171520K)->0K(171520K) From: 928K(1536K)->1024K(1536K)
[238.930s][info][gc,heap        ] GC(1941) ParOldGen: 11663K(349696K)->11719K(349696K)
[238.930s][info][gc,metaspace   ] GC(1941) Metaspace: 14390K(15232K)->14390K(15232K) NonClass: 12409K(12864K)->12409K(12864K) Class: 1981K(2368K)->1981K(2368K)
[238.930s][info][gc             ] GC(1941) Pause Young (Allocation Failure) 179M->12M(510M) 2.490ms
[238.930s][info][gc,cpu         ] GC(1941) User=0.00s Sys=0.00s Real=0.00s
[239.060s][info][gc,start       ] GC(1942) Pause Young (Allocation Failure)
[239.063s][info][gc,heap        ] GC(1942) PSYoungGen: 172544K(173056K)->1024K(173056K) Eden: 171520K(171520K)->0K(171520K) From: 1024K(1536K)->1024K(1536K)
[239.063s][info][gc,heap        ] GC(1942) ParOldGen: 11719K(349696K)->11791K(349696K)
[239.063s][info][gc,metaspace   ] GC(1942) Metaspace: 14390K(15232K)->14390K(15232K) NonClass: 12409K(12864K)->12409K(12864K) Class: 1981K(2368K)->1981K(2368K)
[239.063s][info][gc             ] GC(1942) Pause Young (Allocation Failure) 179M->12M(510M) 2.413ms
[239.063s][info][gc,cpu         ] GC(1942) User=0.00s Sys=0.00s Real=0.00s
[239.189s][info][gc,start       ] GC(1943) Pause Young (Allocation Failure)
[239.192s][info][gc,heap        ] GC(1943) PSYoungGen: 172544K(173056K)->1024K(173056K) Eden: 171520K(171520K)->0K(171520K) From: 1024K(1536K)->1024K(1536K)
[239.192s][info][gc,heap        ] GC(1943) ParOldGen: 11791K(349696K)->11831K(349696K)
[239.192s][info][gc,metaspace   ] GC(1943) Metaspace: 14390K(15232K)->14390K(15232K) NonClass: 12409K(12864K)->12409K(12864K) Class: 1981K(2368K)->1981K(2368K)
[239.192s][info][gc             ] GC(1943) Pause Young (Allocation Failure) 180M->12M(510M) 2.304ms
[239.192s][info][gc,cpu         ] GC(1943) User=0.00s Sys=0.02s Real=0.00s
[239.313s][info][gc,start       ] GC(1944) Pause Young (Allocation Failure)
[239.315s][info][gc,heap        ] GC(1944) PSYoungGen: 172544K(173056K)->1024K(173056K) Eden: 171520K(171520K)->0K(171520K) From: 1024K(1536K)->1024K(1536K)
[239.315s][info][gc,heap        ] GC(1944) ParOldGen: 11831K(349696K)->11879K(349696K)
[239.315s][info][gc,metaspace   ] GC(1944) Metaspace: 14390K(15232K)->14390K(15232K) NonClass: 12409K(12864K)->12409K(12864K) Class: 1981K(2368K)->1981K(2368K)
[239.316s][info][gc             ] GC(1944) Pause Young (Allocation Failure) 180M->12M(510M) 2.294ms
[239.316s][info][gc,cpu         ] GC(1944) User=0.00s Sys=0.00s Real=0.00s
[239.434s][info][gc,start       ] GC(1945) Pause Young (Allocation Failure)
[239.436s][info][gc,heap        ] GC(1945) PSYoungGen: 172544K(173056K)->992K(173056K) Eden: 171520K(171520K)->0K(171520K) From: 1024K(1536K)->992K(1536K)
[239.437s][info][gc,heap        ] GC(1945) ParOldGen: 11879K(349696K)->11935K(349696K)
[239.437s][info][gc,metaspace   ] GC(1945) Metaspace: 14390K(15232K)->14390K(15232K) NonClass: 12409K(12864K)->12409K(12864K) Class: 1981K(2368K)->1981K(2368K)
[239.437s][info][gc             ] GC(1945) Pause Young (Allocation Failure) 180M->12M(510M) 2.290ms
[239.437s][info][gc,cpu         ] GC(1945) User=0.00s Sys=0.00s Real=0.00s
[239.559s][info][gc,start       ] GC(1946) Pause Young (Allocation Failure)
[239.561s][info][gc,heap        ] GC(1946) PSYoungGen: 172512K(173056K)->992K(173056K) Eden: 171520K(171520K)->0K(171520K) From: 992K(1536K)->992K(1536K)
[239.561s][info][gc,heap        ] GC(1946) ParOldGen: 11935K(349696K)->11975K(349696K)
[239.561s][info][gc,metaspace   ] GC(1946) Metaspace: 14390K(15232K)->14390K(15232K) NonClass: 12409K(12864K)->12409K(12864K) Class: 1981K(2368K)->1981K(2368K)
[239.561s][info][gc             ] GC(1946) Pause Young (Allocation Failure) 180M->12M(510M) 2.335ms
[239.561s][info][gc,cpu         ] GC(1946) User=0.00s Sys=0.00s Real=0.00s
[239.682s][info][gc,start       ] GC(1947) Pause Young (Allocation Failure)
[239.685s][info][gc,heap        ] GC(1947) PSYoungGen: 172512K(173056K)->1024K(173056K) Eden: 171520K(171520K)->0K(171520K) From: 992K(1536K)->1024K(1536K)
[239.685s][info][gc,heap        ] GC(1947) ParOldGen: 11975K(349696K)->12031K(349696K)
[239.685s][info][gc,metaspace   ] GC(1947) Metaspace: 14390K(15232K)->14390K(15232K) NonClass: 12409K(12864K)->12409K(12864K) Class: 1981K(2368K)->1981K(2368K)
[239.685s][info][gc             ] GC(1947) Pause Young (Allocation Failure) 180M->12M(510M) 2.360ms
[239.685s][info][gc,cpu         ] GC(1947) User=0.00s Sys=0.00s Real=0.00s
[239.809s][info][gc,start       ] GC(1948) Pause Young (Allocation Failure)
[239.811s][info][gc,heap        ] GC(1948) PSYoungGen: 172544K(173056K)->1024K(173056K) Eden: 171520K(171520K)->0K(171520K) From: 1024K(1536K)->1024K(1536K)
[239.811s][info][gc,heap        ] GC(1948) ParOldGen: 12031K(349696K)->12095K(349696K)
[239.811s][info][gc,metaspace   ] GC(1948) Metaspace: 14390K(15232K)->14390K(15232K) NonClass: 12409K(12864K)->12409K(12864K) Class: 1981K(2368K)->1981K(2368K)
[239.811s][info][gc             ] GC(1948) Pause Young (Allocation Failure) 180M->12M(510M) 2.406ms
[239.811s][info][gc,cpu         ] GC(1948) User=0.00s Sys=0.00s Real=0.00s
[239.932s][info][gc,start       ] GC(1949) Pause Young (Allocation Failure)
[239.934s][info][gc,heap        ] GC(1949) PSYoungGen: 172544K(173056K)->1024K(173056K) Eden: 171520K(171520K)->0K(171520K) From: 1024K(1536K)->1024K(1536K)
[239.934s][info][gc,heap        ] GC(1949) ParOldGen: 12095K(349696K)->12135K(349696K)
[239.934s][info][gc,metaspace   ] GC(1949) Metaspace: 14390K(15232K)->14390K(15232K) NonClass: 12409K(12864K)->12409K(12864K) Class: 1981K(2368K)->1981K(2368K)
[239.934s][info][gc             ] GC(1949) Pause Young (Allocation Failure) 180M->12M(510M) 2.428ms
[239.934s][info][gc,cpu         ] GC(1949) User=0.00s Sys=0.00s Real=0.00s
[240.050s][info][gc,start       ] GC(1950) Pause Young (Allocation Failure)
[240.052s][info][gc,heap        ] GC(1950) PSYoungGen: 172544K(173056K)->992K(173056K) Eden: 171520K(171520K)->0K(171520K) From: 1024K(1536K)->992K(1536K)
[240.052s][info][gc,heap        ] GC(1950) ParOldGen: 12135K(349696K)->12199K(349696K)
[240.052s][info][gc,metaspace   ] GC(1950) Metaspace: 14390K(15232K)->14390K(15232K) NonClass: 12409K(12864K)->12409K(12864K) Class: 1981K(2368K)->1981K(2368K)
[240.052s][info][gc             ] GC(1950) Pause Young (Allocation Failure) 180M->12M(510M) 2.431ms
[240.052s][info][gc,cpu         ] GC(1950) User=0.52s Sys=0.00s Real=0.00s
[240.168s][info][gc,start       ] GC(1951) Pause Young (Allocation Failure)
[240.171s][info][gc,heap        ] GC(1951) PSYoungGen: 172512K(173056K)->960K(173056K) Eden: 171520K(171520K)->0K(171520K) From: 992K(1536K)->960K(1536K)
[240.171s][info][gc,heap        ] GC(1951) ParOldGen: 12199K(349696K)->12231K(349696K)
[240.171s][info][gc,metaspace   ] GC(1951) Metaspace: 14390K(15232K)->14390K(15232K) NonClass: 12409K(12864K)->12409K(12864K) Class: 1981K(2368K)->1981K(2368K)
[240.171s][info][gc             ] GC(1951) Pause Young (Allocation Failure) 180M->12M(510M) 2.459ms
[240.171s][info][gc,cpu         ] GC(1951) User=0.00s Sys=0.00s Real=0.00s
[240.288s][info][gc,start       ] GC(1952) Pause Young (Allocation Failure)
[240.291s][info][gc,heap        ] GC(1952) PSYoungGen: 172480K(173056K)->960K(173056K) Eden: 171520K(171520K)->0K(171520K) From: 960K(1536K)->960K(1536K)
[240.291s][info][gc,heap        ] GC(1952) ParOldGen: 12231K(349696K)->12287K(349696K)
[240.291s][info][gc,metaspace   ] GC(1952) Metaspace: 14390K(15232K)->14390K(15232K) NonClass: 12409K(12864K)->12409K(12864K) Class: 1981K(2368K)->1981K(2368K)
[240.291s][info][gc             ] GC(1952) Pause Young (Allocation Failure) 180M->12M(510M) 2.506ms
[240.291s][info][gc,cpu         ] GC(1952) User=0.00s Sys=0.00s Real=0.00s
[240.405s][info][gc,start       ] GC(1953) Pause Young (Allocation Failure)
[240.408s][info][gc,heap        ] GC(1953) PSYoungGen: 172480K(173056K)->1024K(173056K) Eden: 171520K(171520K)->0K(171520K) From: 960K(1536K)->1024K(1536K)
[240.408s][info][gc,heap        ] GC(1953) ParOldGen: 12287K(349696K)->12343K(349696K)
[240.408s][info][gc,metaspace   ] GC(1953) Metaspace: 14390K(15232K)->14390K(15232K) NonClass: 12409K(12864K)->12409K(12864K) Class: 1981K(2368K)->1981K(2368K)
[240.408s][info][gc             ] GC(1953) Pause Young (Allocation Failure) 180M->13M(510M) 2.575ms
[240.408s][info][gc,cpu         ] GC(1953) User=0.00s Sys=0.00s Real=0.00s
[240.519s][info][gc,start       ] GC(1954) Pause Young (Allocation Failure)
[240.521s][info][gc,heap        ] GC(1954) PSYoungGen: 172544K(173056K)->1024K(173056K) Eden: 171520K(171520K)->0K(171520K) From: 1024K(1536K)->1024K(1536K)
[240.521s][info][gc,heap        ] GC(1954) ParOldGen: 12343K(349696K)->12407K(349696K)
[240.521s][info][gc,metaspace   ] GC(1954) Metaspace: 14390K(15232K)->14390K(15232K) NonClass: 12409K(12864K)->12409K(12864K) Class: 1981K(2368K)->1981K(2368K)
[240.521s][info][gc             ] GC(1954) Pause Young (Allocation Failure) 180M->13M(510M) 2.571ms
[240.521s][info][gc,cpu         ] GC(1954) User=0.00s Sys=0.00s Real=0.00s
[240.629s][info][gc,start       ] GC(1955) Pause Young (Allocation Failure)
[240.631s][info][gc,heap        ] GC(1955) PSYoungGen: 172544K(173056K)->960K(173056K) Eden: 171520K(171520K)->0K(171520K) From: 1024K(1536K)->960K(1536K)
[240.631s][info][gc,heap        ] GC(1955) ParOldGen: 12407K(349696K)->12447K(349696K)
[240.631s][info][gc,metaspace   ] GC(1955) Metaspace: 14390K(15232K)->14390K(15232K) NonClass: 12409K(12864K)->12409K(12864K) Class: 1981K(2368K)->1981K(2368K)
[240.631s][info][gc             ] GC(1955) Pause Young (Allocation Failure) 180M->13M(510M) 2.652ms
[240.631s][info][gc,cpu         ] GC(1955) User=0.52s Sys=0.00s Real=0.00s
[240.731s][info][gc,start       ] GC(1956) Pause Young (Allocation Failure)
[240.734s][info][gc,heap        ] GC(1956) PSYoungGen: 172480K(173056K)->928K(173056K) Eden: 171520K(171520K)->0K(171520K) From: 960K(1536K)->928K(1536K)
[240.734s][info][gc,heap        ] GC(1956) ParOldGen: 12447K(349696K)->12495K(349696K)
[240.734s][info][gc,metaspace   ] GC(1956) Metaspace: 14390K(15232K)->14390K(15232K) NonClass: 12409K(12864K)->12409K(12864K) Class: 1981K(2368K)->1981K(2368K)
[240.734s][info][gc             ] GC(1956) Pause Young (Allocation Failure) 180M->13M(510M) 2.742ms
[240.734s][info][gc,cpu         ] GC(1956) User=0.00s Sys=0.00s Real=0.00s
[240.808s][info][gc,start       ] GC(1957) Pause Young (Allocation Failure)
[240.811s][info][gc,heap        ] GC(1957) PSYoungGen: 172448K(173056K)->864K(173056K) Eden: 171520K(171520K)->0K(171520K) From: 928K(1536K)->864K(1536K)
[240.811s][info][gc,heap        ] GC(1957) ParOldGen: 12495K(349696K)->12559K(349696K)
[240.811s][info][gc,metaspace   ] GC(1957) Metaspace: 14390K(15232K)->14390K(15232K) NonClass: 12409K(12864K)->12409K(12864K) Class: 1981K(2368K)->1981K(2368K)
[240.811s][info][gc             ] GC(1957) Pause Young (Allocation Failure) 180M->13M(510M) 2.658ms
[240.811s][info][gc,cpu         ] GC(1957) User=0.00s Sys=0.00s Real=0.00s
[240.900s][info][gc,start       ] GC(1958) Pause Young (Allocation Failure)
[240.902s][info][gc,heap        ] GC(1958) PSYoungGen: 172384K(173056K)->736K(173056K) Eden: 171520K(171520K)->0K(171520K) From: 864K(1536K)->736K(1536K)
[240.903s][info][gc,heap        ] GC(1958) ParOldGen: 12559K(349696K)->12607K(349696K)
[240.903s][info][gc,metaspace   ] GC(1958) Metaspace: 14390K(15232K)->14390K(15232K) NonClass: 12409K(12864K)->12409K(12864K) Class: 1981K(2368K)->1981K(2368K)
[240.903s][info][gc             ] GC(1958) Pause Young (Allocation Failure) 180M->13M(510M) 2.610ms
[240.903s][info][gc,cpu         ] GC(1958) User=0.00s Sys=0.00s Real=0.00s
[241.090s][info][gc,start       ] GC(1959) Pause Young (System.gc())
[241.092s][info][gc,heap        ] GC(1959) PSYoungGen: 158286K(173056K)->352K(173056K) Eden: 157550K(171520K)->0K(171520K) From: 736K(1536K)->352K(1536K)
[241.092s][info][gc,heap        ] GC(1959) ParOldGen: 12607K(349696K)->12639K(349696K)
[241.093s][info][gc,metaspace   ] GC(1959) Metaspace: 14390K(15232K)->14390K(15232K) NonClass: 12409K(12864K)->12409K(12864K) Class: 1981K(2368K)->1981K(2368K)
[241.093s][info][gc             ] GC(1959) Pause Young (System.gc()) 166M->12M(510M) 3.001ms
[241.093s][info][gc,cpu         ] GC(1959) User=0.00s Sys=0.00s Real=0.00s
[241.093s][info][gc,start       ] GC(1960) Pause Full (System.gc())
[241.093s][info][gc,phases,start] GC(1960) Marking Phase
[241.103s][info][gc,phases      ] GC(1960) Marking Phase 10.100ms
[241.103s][info][gc,phases,start] GC(1960) Summary Phase
[241.103s][info][gc,phases      ] GC(1960) Summary Phase 0.017ms
[241.103s][info][gc,phases,start] GC(1960) Adjust Roots
[241.109s][info][gc,phases      ] GC(1960) Adjust Roots 6.392ms
[241.109s][info][gc,phases,start] GC(1960) Compaction Phase
[241.111s][info][gc,phases      ] GC(1960) Compaction Phase 1.507ms
[241.111s][info][gc,phases,start] GC(1960) Post Compact
[241.111s][info][gc,phases      ] GC(1960) Post Compact 0.195ms
[241.111s][info][gc,heap        ] GC(1960) PSYoungGen: 352K(173056K)->0K(173056K) Eden: 0K(171520K)->0K(171520K) From: 352K(1536K)->0K(1536K)
[241.111s][info][gc,heap        ] GC(1960) ParOldGen: 12639K(349696K)->5380K(349696K)
[241.111s][info][gc,metaspace   ] GC(1960) Metaspace: 14390K(15232K)->14390K(15232K) NonClass: 12409K(12864K)->12409K(12864K) Class: 1981K(2368K)->1981K(2368K)
[241.111s][info][gc             ] GC(1960) Pause Full (System.gc()) 12M->5M(510M) 18.490ms
[241.111s][info][gc,cpu         ] GC(1960) User=0.25s Sys=0.00s Real=0.02s
[241.261s][info][gc,start       ] GC(1961) Pause Young (Allocation Failure)
[241.263s][info][gc,heap        ] GC(1961) PSYoungGen: 171520K(173056K)->1536K(173056K) Eden: 171520K(171520K)->0K(171520K) From: 0K(1536K)->1536K(1536K)
[241.263s][info][gc,heap        ] GC(1961) ParOldGen: 5380K(349696K)->5602K(349696K)
[241.263s][info][gc,metaspace   ] GC(1961) Metaspace: 14390K(15232K)->14390K(15232K) NonClass: 12409K(12864K)->12409K(12864K) Class: 1981K(2368K)->1981K(2368K)
[241.264s][info][gc             ] GC(1961) Pause Young (Allocation Failure) 172M->6M(510M) 2.876ms
[241.264s][info][gc,cpu         ] GC(1961) User=0.00s Sys=0.00s Real=0.00s
[241.380s][info][gc,start       ] GC(1962) Pause Young (Allocation Failure)
[241.383s][info][gc,heap        ] GC(1962) PSYoungGen: 173056K(173056K)->992K(173056K) Eden: 171520K(171520K)->0K(171520K) From: 1536K(1536K)->992K(1536K)
[241.383s][info][gc,heap        ] GC(1962) ParOldGen: 5602K(349696K)->7079K(349696K)
[241.383s][info][gc,metaspace   ] GC(1962) Metaspace: 14390K(15232K)->14390K(15232K) NonClass: 12409K(12864K)->12409K(12864K) Class: 1981K(2368K)->1981K(2368K)
[241.383s][info][gc             ] GC(1962) Pause Young (Allocation Failure) 174M->7M(510M) 2.838ms
[241.383s][info][gc,cpu         ] GC(1962) User=0.00s Sys=0.00s Real=0.00s
[241.506s][info][gc,start       ] GC(1963) Pause Young (Allocation Failure)
[241.509s][info][gc,heap        ] GC(1963) PSYoungGen: 172512K(173056K)->1024K(173056K) Eden: 171520K(171520K)->0K(171520K) From: 992K(1536K)->1024K(1536K)
[241.509s][info][gc,heap        ] GC(1963) ParOldGen: 7079K(349696K)->7135K(349696K)
[241.509s][info][gc,metaspace   ] GC(1963) Metaspace: 14390K(15232K)->14390K(15232K) NonClass: 12409K(12864K)->12409K(12864K) Class: 1981K(2368K)->1981K(2368K)
[241.509s][info][gc             ] GC(1963) Pause Young (Allocation Failure) 175M->7M(510M) 2.744ms
[241.509s][info][gc,cpu         ] GC(1963) User=0.00s Sys=0.00s Real=0.00s
[241.631s][info][gc,start       ] GC(1964) Pause Young (Allocation Failure)
[241.633s][info][gc,heap        ] GC(1964) PSYoungGen: 172544K(173056K)->992K(173056K) Eden: 171520K(171520K)->0K(171520K) From: 1024K(1536K)->992K(1536K)
[241.633s][info][gc,heap        ] GC(1964) ParOldGen: 7135K(349696K)->7199K(349696K)
[241.633s][info][gc,metaspace   ] GC(1964) Metaspace: 14390K(15232K)->14390K(15232K) NonClass: 12409K(12864K)->12409K(12864K) Class: 1981K(2368K)->1981K(2368K)
[241.633s][info][gc             ] GC(1964) Pause Young (Allocation Failure) 175M->7M(510M) 2.765ms
[241.634s][info][gc,cpu         ] GC(1964) User=0.00s Sys=0.00s Real=0.00s
[241.757s][info][gc,start       ] GC(1965) Pause Young (Allocation Failure)
[241.759s][info][gc,heap        ] GC(1965) PSYoungGen: 172512K(173056K)->992K(173056K) Eden: 171520K(171520K)->0K(171520K) From: 992K(1536K)->992K(1536K)
[241.759s][info][gc,heap        ] GC(1965) ParOldGen: 7199K(349696K)->7247K(349696K)
[241.759s][info][gc,metaspace   ] GC(1965) Metaspace: 14390K(15232K)->14390K(15232K) NonClass: 12409K(12864K)->12409K(12864K) Class: 1981K(2368K)->1981K(2368K)
[241.759s][info][gc             ] GC(1965) Pause Young (Allocation Failure) 175M->8M(510M) 2.837ms
[241.760s][info][gc,cpu         ] GC(1965) User=0.00s Sys=0.00s Real=0.00s
[241.883s][info][gc,start       ] GC(1966) Pause Young (Allocation Failure)
[241.886s][info][gc,heap        ] GC(1966) PSYoungGen: 172512K(173056K)->1024K(173056K) Eden: 171520K(171520K)->0K(171520K) From: 992K(1536K)->1024K(1536K)
[241.886s][info][gc,heap        ] GC(1966) ParOldGen: 7247K(349696K)->7311K(349696K)
[241.886s][info][gc,metaspace   ] GC(1966) Metaspace: 14390K(15232K)->14390K(15232K) NonClass: 12409K(12864K)->12409K(12864K) Class: 1981K(2368K)->1981K(2368K)
[241.886s][info][gc             ] GC(1966) Pause Young (Allocation Failure) 175M->8M(510M) 2.825ms
[241.886s][info][gc,cpu         ] GC(1966) User=0.00s Sys=0.00s Real=0.00s
[242.010s][info][gc,start       ] GC(1967) Pause Young (Allocation Failure)
[242.013s][info][gc,heap        ] GC(1967) PSYoungGen: 172544K(173056K)->1024K(173056K) Eden: 171520K(171520K)->0K(171520K) From: 1024K(1536K)->1024K(1536K)
[242.013s][info][gc,heap        ] GC(1967) ParOldGen: 7311K(349696K)->7359K(349696K)
[242.013s][info][gc,metaspace   ] GC(1967) Metaspace: 14390K(15232K)->14390K(15232K) NonClass: 12409K(12864K)->12409K(12864K) Class: 1981K(2368K)->1981K(2368K)
[242.013s][info][gc             ] GC(1967) Pause Young (Allocation Failure) 175M->8M(510M) 2.806ms
[242.013s][info][gc,cpu         ] GC(1967) User=0.00s Sys=0.00s Real=0.00s
[242.138s][info][gc,start       ] GC(1968) Pause Young (Allocation Failure)
[242.140s][info][gc,heap        ] GC(1968) PSYoungGen: 172544K(173056K)->992K(173056K) Eden: 171520K(171520K)->0K(171520K) From: 1024K(1536K)->992K(1536K)
[242.141s][info][gc,heap        ] GC(1968) ParOldGen: 7359K(349696K)->7391K(349696K)
[242.141s][info][gc,metaspace   ] GC(1968) Metaspace: 14390K(15232K)->14390K(15232K) NonClass: 12409K(12864K)->12409K(12864K) Class: 1981K(2368K)->1981K(2368K)
[242.141s][info][gc             ] GC(1968) Pause Young (Allocation Failure) 175M->8M(510M) 2.826ms
[242.141s][info][gc,cpu         ] GC(1968) User=0.00s Sys=0.00s Real=0.00s
[242.324s][info][gc,start       ] GC(1969) Pause Young (Allocation Failure)
[242.328s][info][gc,heap        ] GC(1969) PSYoungGen: 172512K(173056K)->992K(173056K) Eden: 171520K(171520K)->0K(171520K) From: 992K(1536K)->992K(1536K)
[242.328s][info][gc,heap        ] GC(1969) ParOldGen: 7391K(349696K)->7439K(349696K)
[242.328s][info][gc,metaspace   ] GC(1969) Metaspace: 14390K(15232K)->14390K(15232K) NonClass: 12409K(12864K)->12409K(12864K) Class: 1981K(2368K)->1981K(2368K)
[242.328s][info][gc             ] GC(1969) Pause Young (Allocation Failure) 175M->8M(510M) 3.735ms
[242.328s][info][gc,cpu         ] GC(1969) User=0.00s Sys=0.00s Real=0.00s
[242.463s][info][gc,start       ] GC(1970) Pause Young (Allocation Failure)
[242.465s][info][gc,heap        ] GC(1970) PSYoungGen: 172512K(173056K)->1024K(173056K) Eden: 171520K(171520K)->0K(171520K) From: 992K(1536K)->1024K(1536K)
[242.465s][info][gc,heap        ] GC(1970) ParOldGen: 7439K(349696K)->7503K(349696K)
[242.465s][info][gc,metaspace   ] GC(1970) Metaspace: 14390K(15232K)->14390K(15232K) NonClass: 12409K(12864K)->12409K(12864K) Class: 1981K(2368K)->1981K(2368K)
[242.465s][info][gc             ] GC(1970) Pause Young (Allocation Failure) 175M->8M(510M) 2.718ms
[242.465s][info][gc,cpu         ] GC(1970) User=0.00s Sys=0.00s Real=0.00s
[242.591s][info][gc,start       ] GC(1971) Pause Young (Allocation Failure)
[242.594s][info][gc,heap        ] GC(1971) PSYoungGen: 172544K(173056K)->1024K(173056K) Eden: 171520K(171520K)->0K(171520K) From: 1024K(1536K)->1024K(1536K)
[242.594s][info][gc,heap        ] GC(1971) ParOldGen: 7503K(349696K)->7559K(349696K)
[242.594s][info][gc,metaspace   ] GC(1971) Metaspace: 14390K(15232K)->14390K(15232K) NonClass: 12409K(12864K)->12409K(12864K) Class: 1981K(2368K)->1981K(2368K)
[242.594s][info][gc             ] GC(1971) Pause Young (Allocation Failure) 175M->8M(510M) 2.611ms
[242.594s][info][gc,cpu         ] GC(1971) User=0.00s Sys=0.00s Real=0.00s
[242.720s][info][gc,start       ] GC(1972) Pause Young (Allocation Failure)
[242.723s][info][gc,heap        ] GC(1972) PSYoungGen: 172544K(173056K)->992K(173056K) Eden: 171520K(171520K)->0K(171520K) From: 1024K(1536K)->992K(1536K)
[242.723s][info][gc,heap        ] GC(1972) ParOldGen: 7559K(349696K)->7615K(349696K)
[242.723s][info][gc,metaspace   ] GC(1972) Metaspace: 14390K(15232K)->14390K(15232K) NonClass: 12409K(12864K)->12409K(12864K) Class: 1981K(2368K)->1981K(2368K)
[242.723s][info][gc             ] GC(1972) Pause Young (Allocation Failure) 175M->8M(510M) 2.550ms
[242.723s][info][gc,cpu         ] GC(1972) User=0.00s Sys=0.00s Real=0.00s
[242.854s][info][gc,start       ] GC(1973) Pause Young (Allocation Failure)
[242.856s][info][gc,heap        ] GC(1973) PSYoungGen: 172512K(173056K)->992K(173056K) Eden: 171520K(171520K)->0K(171520K) From: 992K(1536K)->992K(1536K)
[242.856s][info][gc,heap        ] GC(1973) ParOldGen: 7615K(349696K)->7687K(349696K)
[242.856s][info][gc,metaspace   ] GC(1973) Metaspace: 14390K(15232K)->14390K(15232K) NonClass: 12409K(12864K)->12409K(12864K) Class: 1981K(2368K)->1981K(2368K)
[242.856s][info][gc             ] GC(1973) Pause Young (Allocation Failure) 175M->8M(510M) 2.559ms
[242.857s][info][gc,cpu         ] GC(1973) User=0.00s Sys=0.00s Real=0.00s
[242.990s][info][gc,start       ] GC(1974) Pause Young (Allocation Failure)
[242.992s][info][gc,heap        ] GC(1974) PSYoungGen: 172511K(173056K)->992K(173056K) Eden: 171519K(171520K)->0K(171520K) From: 992K(1536K)->992K(1536K)
[242.992s][info][gc,heap        ] GC(1974) ParOldGen: 7687K(349696K)->7743K(349696K)
[242.992s][info][gc,metaspace   ] GC(1974) Metaspace: 14390K(15232K)->14390K(15232K) NonClass: 12409K(12864K)->12409K(12864K) Class: 1981K(2368K)->1981K(2368K)
[242.992s][info][gc             ] GC(1974) Pause Young (Allocation Failure) 175M->8M(510M) 2.448ms
[242.992s][info][gc,cpu         ] GC(1974) User=0.00s Sys=0.00s Real=0.00s
[243.121s][info][gc,start       ] GC(1975) Pause Young (Allocation Failure)
[243.123s][info][gc,heap        ] GC(1975) PSYoungGen: 172512K(173056K)->1024K(173056K) Eden: 171520K(171520K)->0K(171520K) From: 992K(1536K)->1024K(1536K)
[243.123s][info][gc,heap        ] GC(1975) ParOldGen: 7743K(349696K)->7807K(349696K)
[243.123s][info][gc,metaspace   ] GC(1975) Metaspace: 14390K(15232K)->14390K(15232K) NonClass: 12409K(12864K)->12409K(12864K) Class: 1981K(2368K)->1981K(2368K)
[243.123s][info][gc             ] GC(1975) Pause Young (Allocation Failure) 176M->8M(510M) 2.335ms
[243.123s][info][gc,cpu         ] GC(1975) User=0.00s Sys=0.00s Real=0.00s
[243.250s][info][gc,start       ] GC(1976) Pause Young (Allocation Failure)
[243.283s][info][gc,heap        ] GC(1976) PSYoungGen: 172544K(173056K)->992K(173056K) Eden: 171520K(171520K)->0K(171520K) From: 1024K(1536K)->992K(1536K)
[243.283s][info][gc,heap        ] GC(1976) ParOldGen: 7807K(349696K)->7871K(349696K)
[243.283s][info][gc,metaspace   ] GC(1976) Metaspace: 14390K(15232K)->14390K(15232K) NonClass: 12409K(12864K)->12409K(12864K) Class: 1981K(2368K)->1981K(2368K)
[243.283s][info][gc             ] GC(1976) Pause Young (Allocation Failure) 176M->8M(510M) 33.053ms
[243.283s][info][gc,cpu         ] GC(1976) User=0.00s Sys=0.00s Real=0.03s
[243.414s][info][gc,start       ] GC(1977) Pause Young (Allocation Failure)
[243.416s][info][gc,heap        ] GC(1977) PSYoungGen: 172512K(173056K)->1024K(173056K) Eden: 171520K(171520K)->0K(171520K) From: 992K(1536K)->1024K(1536K)
[243.416s][info][gc,heap        ] GC(1977) ParOldGen: 7871K(349696K)->7943K(349696K)
[243.416s][info][gc,metaspace   ] GC(1977) Metaspace: 14390K(15232K)->14390K(15232K) NonClass: 12409K(12864K)->12409K(12864K) Class: 1981K(2368K)->1981K(2368K)
[243.416s][info][gc             ] GC(1977) Pause Young (Allocation Failure) 176M->8M(510M) 2.401ms
[243.416s][info][gc,cpu         ] GC(1977) User=0.00s Sys=0.00s Real=0.00s
[243.541s][info][gc,start       ] GC(1978) Pause Young (Allocation Failure)
[243.543s][info][gc,heap        ] GC(1978) PSYoungGen: 172544K(173056K)->1024K(173056K) Eden: 171520K(171520K)->0K(171520K) From: 1024K(1536K)->1024K(1536K)
[243.544s][info][gc,heap        ] GC(1978) ParOldGen: 7943K(349696K)->8007K(349696K)
[243.544s][info][gc,metaspace   ] GC(1978) Metaspace: 14390K(15232K)->14390K(15232K) NonClass: 12409K(12864K)->12409K(12864K) Class: 1981K(2368K)->1981K(2368K)
[243.544s][info][gc             ] GC(1978) Pause Young (Allocation Failure) 176M->8M(510M) 2.456ms
[243.544s][info][gc,cpu         ] GC(1978) User=0.00s Sys=0.00s Real=0.00s
[243.666s][info][gc,start       ] GC(1979) Pause Young (Allocation Failure)
[243.668s][info][gc,heap        ] GC(1979) PSYoungGen: 172544K(173056K)->992K(173056K) Eden: 171520K(171520K)->0K(171520K) From: 1024K(1536K)->992K(1536K)
[243.668s][info][gc,heap        ] GC(1979) ParOldGen: 8007K(349696K)->8063K(349696K)
[243.668s][info][gc,metaspace   ] GC(1979) Metaspace: 14390K(15232K)->14390K(15232K) NonClass: 12409K(12864K)->12409K(12864K) Class: 1981K(2368K)->1981K(2368K)
[243.668s][info][gc             ] GC(1979) Pause Young (Allocation Failure) 176M->8M(510M) 2.506ms
[243.668s][info][gc,cpu         ] GC(1979) User=0.00s Sys=0.00s Real=0.00s
[243.792s][info][gc,start       ] GC(1980) Pause Young (Allocation Failure)
[243.795s][info][gc,heap        ] GC(1980) PSYoungGen: 172512K(173056K)->1024K(173056K) Eden: 171520K(171520K)->0K(171520K) From: 992K(1536K)->1024K(1536K)
[243.795s][info][gc,heap        ] GC(1980) ParOldGen: 8063K(349696K)->8119K(349696K)
[243.795s][info][gc,metaspace   ] GC(1980) Metaspace: 14390K(15232K)->14390K(15232K) NonClass: 12409K(12864K)->12409K(12864K) Class: 1981K(2368K)->1981K(2368K)
[243.795s][info][gc             ] GC(1980) Pause Young (Allocation Failure) 176M->8M(510M) 2.508ms
[243.795s][info][gc,cpu         ] GC(1980) User=0.00s Sys=0.00s Real=0.00s
[243.919s][info][gc,start       ] GC(1981) Pause Young (Allocation Failure)
[243.921s][info][gc,heap        ] GC(1981) PSYoungGen: 172544K(173056K)->1024K(173056K) Eden: 171520K(171520K)->0K(171520K) From: 1024K(1536K)->1024K(1536K)
[243.921s][info][gc,heap        ] GC(1981) ParOldGen: 8119K(349696K)->8175K(349696K)
[243.921s][info][gc,metaspace   ] GC(1981) Metaspace: 14390K(15232K)->14390K(15232K) NonClass: 12409K(12864K)->12409K(12864K) Class: 1981K(2368K)->1981K(2368K)
[243.921s][info][gc             ] GC(1981) Pause Young (Allocation Failure) 176M->8M(510M) 2.513ms
[243.921s][info][gc,cpu         ] GC(1981) User=0.00s Sys=0.00s Real=0.00s
[244.044s][info][gc,start       ] GC(1982) Pause Young (Allocation Failure)
[244.047s][info][gc,heap        ] GC(1982) PSYoungGen: 172544K(173056K)->992K(173056K) Eden: 171520K(171520K)->0K(171520K) From: 1024K(1536K)->992K(1536K)
[244.047s][info][gc,heap        ] GC(1982) ParOldGen: 8175K(349696K)->8215K(349696K)
[244.047s][info][gc,metaspace   ] GC(1982) Metaspace: 14390K(15232K)->14390K(15232K) NonClass: 12409K(12864K)->12409K(12864K) Class: 1981K(2368K)->1981K(2368K)
[244.047s][info][gc             ] GC(1982) Pause Young (Allocation Failure) 176M->8M(510M) 2.538ms
[244.047s][info][gc,cpu         ] GC(1982) User=0.00s Sys=0.00s Real=0.00s
[244.172s][info][gc,start       ] GC(1983) Pause Young (Allocation Failure)
[244.175s][info][gc,heap        ] GC(1983) PSYoungGen: 172512K(173056K)->1024K(173056K) Eden: 171520K(171520K)->0K(171520K) From: 992K(1536K)->1024K(1536K)
[244.175s][info][gc,heap        ] GC(1983) ParOldGen: 8215K(349696K)->8255K(349696K)
[244.175s][info][gc,metaspace   ] GC(1983) Metaspace: 14390K(15232K)->14390K(15232K) NonClass: 12409K(12864K)->12409K(12864K) Class: 1981K(2368K)->1981K(2368K)
[244.175s][info][gc             ] GC(1983) Pause Young (Allocation Failure) 176M->9M(510M) 2.589ms
[244.175s][info][gc,cpu         ] GC(1983) User=0.00s Sys=0.00s Real=0.00s
[244.300s][info][gc,start       ] GC(1984) Pause Young (Allocation Failure)
[244.303s][info][gc,heap        ] GC(1984) PSYoungGen: 172544K(173056K)->1024K(173056K) Eden: 171520K(171520K)->0K(171520K) From: 1024K(1536K)->1024K(1536K)
[244.303s][info][gc,heap        ] GC(1984) ParOldGen: 8255K(349696K)->8319K(349696K)
[244.303s][info][gc,metaspace   ] GC(1984) Metaspace: 14390K(15232K)->14390K(15232K) NonClass: 12409K(12864K)->12409K(12864K) Class: 1981K(2368K)->1981K(2368K)
[244.303s][info][gc             ] GC(1984) Pause Young (Allocation Failure) 176M->9M(510M) 2.614ms
[244.303s][info][gc,cpu         ] GC(1984) User=0.52s Sys=0.00s Real=0.00s
[244.427s][info][gc,start       ] GC(1985) Pause Young (Allocation Failure)
[244.430s][info][gc,heap        ] GC(1985) PSYoungGen: 172544K(173056K)->1024K(173056K) Eden: 171520K(171520K)->0K(171520K) From: 1024K(1536K)->1024K(1536K)
[244.430s][info][gc,heap        ] GC(1985) ParOldGen: 8319K(349696K)->8375K(349696K)
[244.430s][info][gc,metaspace   ] GC(1985) Metaspace: 14390K(15232K)->14390K(15232K) NonClass: 12409K(12864K)->12409K(12864K) Class: 1981K(2368K)->1981K(2368K)
[244.430s][info][gc             ] GC(1985) Pause Young (Allocation Failure) 176M->9M(510M) 2.622ms
[244.430s][info][gc,cpu         ] GC(1985) User=0.00s Sys=0.00s Real=0.00s
[244.555s][info][gc,start       ] GC(1986) Pause Young (Allocation Failure)
[244.557s][info][gc,heap        ] GC(1986) PSYoungGen: 172544K(173056K)->1024K(173056K) Eden: 171520K(171520K)->0K(171520K) From: 1024K(1536K)->1024K(1536K)
[244.557s][info][gc,heap        ] GC(1986) ParOldGen: 8375K(349696K)->8439K(349696K)
[244.557s][info][gc,metaspace   ] GC(1986) Metaspace: 14390K(15232K)->14390K(15232K) NonClass: 12409K(12864K)->12409K(12864K) Class: 1981K(2368K)->1981K(2368K)
[244.557s][info][gc             ] GC(1986) Pause Young (Allocation Failure) 176M->9M(510M) 2.631ms
[244.557s][info][gc,cpu         ] GC(1986) User=0.00s Sys=0.00s Real=0.00s
[244.681s][info][gc,start       ] GC(1987) Pause Young (Allocation Failure)
[244.684s][info][gc,heap        ] GC(1987) PSYoungGen: 172544K(173056K)->960K(173056K) Eden: 171520K(171520K)->0K(171520K) From: 1024K(1536K)->960K(1536K)
[244.684s][info][gc,heap        ] GC(1987) ParOldGen: 8439K(349696K)->8479K(349696K)
[244.684s][info][gc,metaspace   ] GC(1987) Metaspace: 14390K(15232K)->14390K(15232K) NonClass: 12409K(12864K)->12409K(12864K) Class: 1981K(2368K)->1981K(2368K)
[244.684s][info][gc             ] GC(1987) Pause Young (Allocation Failure) 176M->9M(510M) 2.658ms
[244.684s][info][gc,cpu         ] GC(1987) User=0.00s Sys=0.00s Real=0.00s
[244.809s][info][gc,start       ] GC(1988) Pause Young (Allocation Failure)
[244.811s][info][gc,heap        ] GC(1988) PSYoungGen: 172480K(173056K)->1024K(173056K) Eden: 171520K(171520K)->0K(171520K) From: 960K(1536K)->1024K(1536K)
[244.811s][info][gc,heap        ] GC(1988) ParOldGen: 8479K(349696K)->8543K(349696K)
[244.811s][info][gc,metaspace   ] GC(1988) Metaspace: 14390K(15232K)->14390K(15232K) NonClass: 12409K(12864K)->12409K(12864K) Class: 1981K(2368K)->1981K(2368K)
[244.811s][info][gc             ] GC(1988) Pause Young (Allocation Failure) 176M->9M(510M) 2.663ms
[244.812s][info][gc,cpu         ] GC(1988) User=0.00s Sys=0.00s Real=0.00s
[244.933s][info][gc,start       ] GC(1989) Pause Young (Allocation Failure)
[244.936s][info][gc,heap        ] GC(1989) PSYoungGen: 172544K(173056K)->992K(173056K) Eden: 171520K(171520K)->0K(171520K) From: 1024K(1536K)->992K(1536K)
[244.936s][info][gc,heap        ] GC(1989) ParOldGen: 8543K(349696K)->8615K(349696K)
[244.936s][info][gc,metaspace   ] GC(1989) Metaspace: 14390K(15232K)->14390K(15232K) NonClass: 12409K(12864K)->12409K(12864K) Class: 1981K(2368K)->1981K(2368K)
[244.936s][info][gc             ] GC(1989) Pause Young (Allocation Failure) 176M->9M(510M) 2.697ms
[244.936s][info][gc,cpu         ] GC(1989) User=0.00s Sys=0.00s Real=0.00s
[245.060s][info][gc,start       ] GC(1990) Pause Young (Allocation Failure)
[245.062s][info][gc,heap        ] GC(1990) PSYoungGen: 172512K(173056K)->1024K(173056K) Eden: 171520K(171520K)->0K(171520K) From: 992K(1536K)->1024K(1536K)
[245.063s][info][gc,heap        ] GC(1990) ParOldGen: 8615K(349696K)->8663K(349696K)
[245.063s][info][gc,metaspace   ] GC(1990) Metaspace: 14390K(15232K)->14390K(15232K) NonClass: 12409K(12864K)->12409K(12864K) Class: 1981K(2368K)->1981K(2368K)
[245.063s][info][gc             ] GC(1990) Pause Young (Allocation Failure) 176M->9M(510M) 2.732ms
[245.063s][info][gc,cpu         ] GC(1990) User=0.00s Sys=0.00s Real=0.00s
[245.186s][info][gc,start       ] GC(1991) Pause Young (Allocation Failure)
[245.189s][info][gc,heap        ] GC(1991) PSYoungGen: 172544K(173056K)->992K(173056K) Eden: 171520K(171520K)->0K(171520K) From: 1024K(1536K)->992K(1536K)
[245.189s][info][gc,heap        ] GC(1991) ParOldGen: 8663K(349696K)->8727K(349696K)
[245.189s][info][gc,metaspace   ] GC(1991) Metaspace: 14390K(15232K)->14390K(15232K) NonClass: 12409K(12864K)->12409K(12864K) Class: 1981K(2368K)->1981K(2368K)
[245.189s][info][gc             ] GC(1991) Pause Young (Allocation Failure) 176M->9M(510M) 2.791ms
[245.189s][info][gc,cpu         ] GC(1991) User=0.00s Sys=0.00s Real=0.00s
[245.314s][info][gc,start       ] GC(1992) Pause Young (Allocation Failure)
[245.317s][info][gc,heap        ] GC(1992) PSYoungGen: 172512K(173056K)->1024K(173056K) Eden: 171520K(171520K)->0K(171520K) From: 992K(1536K)->1024K(1536K)
[245.317s][info][gc,heap        ] GC(1992) ParOldGen: 8727K(349696K)->8783K(349696K)
[245.317s][info][gc,metaspace   ] GC(1992) Metaspace: 14390K(15232K)->14390K(15232K) NonClass: 12409K(12864K)->12409K(12864K) Class: 1981K(2368K)->1981K(2368K)
[245.317s][info][gc             ] GC(1992) Pause Young (Allocation Failure) 176M->9M(510M) 2.799ms
[245.317s][info][gc,cpu         ] GC(1992) User=0.00s Sys=0.00s Real=0.00s
[245.441s][info][gc,start       ] GC(1993) Pause Young (Allocation Failure)
[245.444s][info][gc,heap        ] GC(1993) PSYoungGen: 172544K(173056K)->1024K(173056K) Eden: 171520K(171520K)->0K(171520K) From: 1024K(1536K)->1024K(1536K)
[245.444s][info][gc,heap        ] GC(1993) ParOldGen: 8783K(349696K)->8839K(349696K)
[245.444s][info][gc,metaspace   ] GC(1993) Metaspace: 14390K(15232K)->14390K(15232K) NonClass: 12409K(12864K)->12409K(12864K) Class: 1981K(2368K)->1981K(2368K)
[245.444s][info][gc             ] GC(1993) Pause Young (Allocation Failure) 177M->9M(510M) 2.803ms
[245.444s][info][gc,cpu         ] GC(1993) User=0.52s Sys=0.00s Real=0.00s
[245.566s][info][gc,start       ] GC(1994) Pause Young (Allocation Failure)
[245.568s][info][gc,heap        ] GC(1994) PSYoungGen: 172544K(173056K)->1024K(173056K) Eden: 171520K(171520K)->0K(171520K) From: 1024K(1536K)->1024K(1536K)
[245.568s][info][gc,heap        ] GC(1994) ParOldGen: 8839K(349696K)->8911K(349696K)
[245.568s][info][gc,metaspace   ] GC(1994) Metaspace: 14390K(15232K)->14390K(15232K) NonClass: 12409K(12864K)->12409K(12864K) Class: 1981K(2368K)->1981K(2368K)
[245.568s][info][gc             ] GC(1994) Pause Young (Allocation Failure) 177M->9M(510M) 2.813ms
[245.568s][info][gc,cpu         ] GC(1994) User=0.52s Sys=0.00s Real=0.00s
[245.693s][info][gc,start       ] GC(1995) Pause Young (Allocation Failure)
[245.696s][info][gc,heap        ] GC(1995) PSYoungGen: 172544K(173056K)->1024K(173056K) Eden: 171520K(171520K)->0K(171520K) From: 1024K(1536K)->1024K(1536K)
[245.696s][info][gc,heap        ] GC(1995) ParOldGen: 8911K(349696K)->8959K(349696K)
[245.696s][info][gc,metaspace   ] GC(1995) Metaspace: 14390K(15232K)->14390K(15232K) NonClass: 12409K(12864K)->12409K(12864K) Class: 1981K(2368K)->1981K(2368K)
[245.696s][info][gc             ] GC(1995) Pause Young (Allocation Failure) 177M->9M(510M) 2.848ms
[245.696s][info][gc,cpu         ] GC(1995) User=0.00s Sys=0.00s Real=0.00s
[245.820s][info][gc,start       ] GC(1996) Pause Young (Allocation Failure)
[245.823s][info][gc,heap        ] GC(1996) PSYoungGen: 172544K(173056K)->1024K(173056K) Eden: 171520K(171520K)->0K(171520K) From: 1024K(1536K)->1024K(1536K)
[245.823s][info][gc,heap        ] GC(1996) ParOldGen: 8959K(349696K)->9007K(349696K)
[245.823s][info][gc,metaspace   ] GC(1996) Metaspace: 14390K(15232K)->14390K(15232K) NonClass: 12409K(12864K)->12409K(12864K) Class: 1981K(2368K)->1981K(2368K)
[245.823s][info][gc             ] GC(1996) Pause Young (Allocation Failure) 177M->9M(510M) 2.835ms
[245.823s][info][gc,cpu         ] GC(1996) User=0.00s Sys=0.00s Real=0.00s
[246.101s][info][gc,start       ] GC(1997) Pause Young (Allocation Failure)
[246.134s][info][gc,heap        ] GC(1997) PSYoungGen: 172544K(173056K)->992K(173056K) Eden: 171520K(171520K)->0K(171520K) From: 1024K(1536K)->992K(1536K)
[246.134s][info][gc,heap        ] GC(1997) ParOldGen: 9007K(349696K)->9047K(349696K)
[246.134s][info][gc,metaspace   ] GC(1997) Metaspace: 14390K(15232K)->14390K(15232K) NonClass: 12409K(12864K)->12409K(12864K) Class: 1981K(2368K)->1981K(2368K)
[246.134s][info][gc             ] GC(1997) Pause Young (Allocation Failure) 177M->9M(510M) 33.166ms
[246.134s][info][gc,cpu         ] GC(1997) User=0.52s Sys=0.00s Real=0.03s
[246.269s][info][gc,start       ] GC(1998) Pause Young (Allocation Failure)
[246.272s][info][gc,heap        ] GC(1998) PSYoungGen: 172512K(173056K)->1024K(173056K) Eden: 171520K(171520K)->0K(171520K) From: 992K(1536K)->1024K(1536K)
[246.272s][info][gc,heap        ] GC(1998) ParOldGen: 9047K(349696K)->9103K(349696K)
[246.272s][info][gc,metaspace   ] GC(1998) Metaspace: 14390K(15232K)->14390K(15232K) NonClass: 12409K(12864K)->12409K(12864K) Class: 1981K(2368K)->1981K(2368K)
[246.272s][info][gc             ] GC(1998) Pause Young (Allocation Failure) 177M->9M(510M) 2.703ms
[246.272s][info][gc,cpu         ] GC(1998) User=0.52s Sys=0.00s Real=0.00s
[246.408s][info][gc,start       ] GC(1999) Pause Young (Allocation Failure)
[246.411s][info][gc,heap        ] GC(1999) PSYoungGen: 172544K(173056K)->1024K(173056K) Eden: 171520K(171520K)->0K(171520K) From: 1024K(1536K)->1024K(1536K)
[246.411s][info][gc,heap        ] GC(1999) ParOldGen: 9103K(349696K)->9183K(349696K)
[246.411s][info][gc,metaspace   ] GC(1999) Metaspace: 14390K(15232K)->14390K(15232K) NonClass: 12409K(12864K)->12409K(12864K) Class: 1981K(2368K)->1981K(2368K)
[246.411s][info][gc             ] GC(1999) Pause Young (Allocation Failure) 177M->9M(510M) 2.669ms
[246.411s][info][gc,cpu         ] GC(1999) User=0.52s Sys=0.00s Real=0.00s
[246.547s][info][gc,start       ] GC(2000) Pause Young (Allocation Failure)
[246.550s][info][gc,heap        ] GC(2000) PSYoungGen: 172544K(173056K)->1024K(173056K) Eden: 171520K(171520K)->0K(171520K) From: 1024K(1536K)->1024K(1536K)
[246.550s][info][gc,heap        ] GC(2000) ParOldGen: 9183K(349696K)->9255K(349696K)
[246.550s][info][gc,metaspace   ] GC(2000) Metaspace: 14390K(15232K)->14390K(15232K) NonClass: 12409K(12864K)->12409K(12864K) Class: 1981K(2368K)->1981K(2368K)
[246.550s][info][gc             ] GC(2000) Pause Young (Allocation Failure) 177M->10M(510M) 2.544ms
[246.550s][info][gc,cpu         ] GC(2000) User=0.00s Sys=0.00s Real=0.00s
[246.681s][info][gc,start       ] GC(2001) Pause Young (Allocation Failure)
[246.683s][info][gc,heap        ] GC(2001) PSYoungGen: 172544K(173056K)->992K(173056K) Eden: 171520K(171520K)->0K(171520K) From: 1024K(1536K)->992K(1536K)
[246.683s][info][gc,heap        ] GC(2001) ParOldGen: 9255K(349696K)->9319K(349696K)
[246.683s][info][gc,metaspace   ] GC(2001) Metaspace: 14390K(15232K)->14390K(15232K) NonClass: 12409K(12864K)->12409K(12864K) Class: 1981K(2368K)->1981K(2368K)
[246.683s][info][gc             ] GC(2001) Pause Young (Allocation Failure) 177M->10M(510M) 2.500ms
[246.683s][info][gc,cpu         ] GC(2001) User=0.00s Sys=0.00s Real=0.00s
[246.806s][info][gc,start       ] GC(2002) Pause Young (Allocation Failure)
[246.809s][info][gc,heap        ] GC(2002) PSYoungGen: 172512K(173056K)->1024K(173056K) Eden: 171520K(171520K)->0K(171520K) From: 992K(1536K)->1024K(1536K)
[246.809s][info][gc,heap        ] GC(2002) ParOldGen: 9319K(349696K)->9367K(349696K)
[246.809s][info][gc,metaspace   ] GC(2002) Metaspace: 14390K(15232K)->14390K(15232K) NonClass: 12409K(12864K)->12409K(12864K) Class: 1981K(2368K)->1981K(2368K)
[246.809s][info][gc             ] GC(2002) Pause Young (Allocation Failure) 177M->10M(510M) 2.488ms
[246.809s][info][gc,cpu         ] GC(2002) User=0.00s Sys=0.00s Real=0.00s
[246.931s][info][gc,start       ] GC(2003) Pause Young (Allocation Failure)
[246.933s][info][gc,heap        ] GC(2003) PSYoungGen: 172544K(173056K)->1024K(173056K) Eden: 171520K(171520K)->0K(171520K) From: 1024K(1536K)->1024K(1536K)
[246.933s][info][gc,heap        ] GC(2003) ParOldGen: 9367K(349696K)->9423K(349696K)
[246.933s][info][gc,metaspace   ] GC(2003) Metaspace: 14390K(15232K)->14390K(15232K) NonClass: 12409K(12864K)->12409K(12864K) Class: 1981K(2368K)->1981K(2368K)
[246.933s][info][gc             ] GC(2003) Pause Young (Allocation Failure) 177M->10M(510M) 2.459ms
[246.933s][info][gc,cpu         ] GC(2003) User=0.00s Sys=0.00s Real=0.00s
[247.055s][info][gc,start       ] GC(2004) Pause Young (Allocation Failure)
[247.058s][info][gc,heap        ] GC(2004) PSYoungGen: 172544K(173056K)->1024K(173056K) Eden: 171520K(171520K)->0K(171520K) From: 1024K(1536K)->1024K(1536K)
[247.058s][info][gc,heap        ] GC(2004) ParOldGen: 9423K(349696K)->9479K(349696K)
[247.058s][info][gc,metaspace   ] GC(2004) Metaspace: 14390K(15232K)->14390K(15232K) NonClass: 12409K(12864K)->12409K(12864K) Class: 1981K(2368K)->1981K(2368K)
[247.058s][info][gc             ] GC(2004) Pause Young (Allocation Failure) 177M->10M(510M) 2.500ms
[247.058s][info][gc,cpu         ] GC(2004) User=0.00s Sys=0.00s Real=0.00s
[247.181s][info][gc,start       ] GC(2005) Pause Young (Allocation Failure)
[247.183s][info][gc,heap        ] GC(2005) PSYoungGen: 172544K(173056K)->1024K(173056K) Eden: 171520K(171520K)->0K(171520K) From: 1024K(1536K)->1024K(1536K)
[247.183s][info][gc,heap        ] GC(2005) ParOldGen: 9479K(349696K)->9559K(349696K)
[247.183s][info][gc,metaspace   ] GC(2005) Metaspace: 14390K(15232K)->14390K(15232K) NonClass: 12409K(12864K)->12409K(12864K) Class: 1981K(2368K)->1981K(2368K)
[247.183s][info][gc             ] GC(2005) Pause Young (Allocation Failure) 177M->10M(510M) 2.498ms
[247.183s][info][gc,cpu         ] GC(2005) User=0.00s Sys=0.00s Real=0.00s
[247.306s][info][gc,start       ] GC(2006) Pause Young (Allocation Failure)
[247.308s][info][gc,heap        ] GC(2006) PSYoungGen: 172544K(173056K)->992K(173056K) Eden: 171520K(171520K)->0K(171520K) From: 1024K(1536K)->992K(1536K)
[247.308s][info][gc,heap        ] GC(2006) ParOldGen: 9559K(349696K)->9607K(349696K)
[247.308s][info][gc,metaspace   ] GC(2006) Metaspace: 14390K(15232K)->14390K(15232K) NonClass: 12409K(12864K)->12409K(12864K) Class: 1981K(2368K)->1981K(2368K)
[247.308s][info][gc             ] GC(2006) Pause Young (Allocation Failure) 177M->10M(510M) 2.497ms
[247.308s][info][gc,cpu         ] GC(2006) User=0.00s Sys=0.00s Real=0.00s
[247.432s][info][gc,start       ] GC(2007) Pause Young (Allocation Failure)
[247.439s][info][gc,heap        ] GC(2007) PSYoungGen: 172512K(173056K)->1024K(173056K) Eden: 171520K(171520K)->0K(171520K) From: 992K(1536K)->1024K(1536K)
[247.439s][info][gc,heap        ] GC(2007) ParOldGen: 9607K(349696K)->9655K(349696K)
[247.439s][info][gc,metaspace   ] GC(2007) Metaspace: 14390K(15232K)->14390K(15232K) NonClass: 12409K(12864K)->12409K(12864K) Class: 1981K(2368K)->1981K(2368K)
[247.439s][info][gc             ] GC(2007) Pause Young (Allocation Failure) 177M->10M(510M) 6.638ms
[247.439s][info][gc,cpu         ] GC(2007) User=0.00s Sys=0.00s Real=0.00s
[247.563s][info][gc,start       ] GC(2008) Pause Young (Allocation Failure)
[247.566s][info][gc,heap        ] GC(2008) PSYoungGen: 172544K(173056K)->992K(173056K) Eden: 171520K(171520K)->0K(171520K) From: 1024K(1536K)->992K(1536K)
[247.566s][info][gc,heap        ] GC(2008) ParOldGen: 9655K(349696K)->9703K(349696K)
[247.566s][info][gc,metaspace   ] GC(2008) Metaspace: 14390K(15232K)->14390K(15232K) NonClass: 12409K(12864K)->12409K(12864K) Class: 1981K(2368K)->1981K(2368K)
[247.566s][info][gc             ] GC(2008) Pause Young (Allocation Failure) 177M->10M(510M) 2.575ms
[247.566s][info][gc,cpu         ] GC(2008) User=0.00s Sys=0.00s Real=0.00s
[247.689s][info][gc,start       ] GC(2009) Pause Young (Allocation Failure)
[247.692s][info][gc,heap        ] GC(2009) PSYoungGen: 172512K(173056K)->1024K(173056K) Eden: 171520K(171520K)->0K(171520K) From: 992K(1536K)->1024K(1536K)
[247.692s][info][gc,heap        ] GC(2009) ParOldGen: 9703K(349696K)->9767K(349696K)
[247.692s][info][gc,metaspace   ] GC(2009) Metaspace: 14390K(15232K)->14390K(15232K) NonClass: 12409K(12864K)->12409K(12864K) Class: 1981K(2368K)->1981K(2368K)
[247.692s][info][gc             ] GC(2009) Pause Young (Allocation Failure) 177M->10M(510M) 2.564ms
[247.692s][info][gc,cpu         ] GC(2009) User=0.52s Sys=0.00s Real=0.00s
[247.816s][info][gc,start       ] GC(2010) Pause Young (Allocation Failure)
[247.818s][info][gc,heap        ] GC(2010) PSYoungGen: 172544K(173056K)->992K(173056K) Eden: 171520K(171520K)->0K(171520K) From: 1024K(1536K)->992K(1536K)
[247.819s][info][gc,heap        ] GC(2010) ParOldGen: 9767K(349696K)->9847K(349696K)
[247.819s][info][gc,metaspace   ] GC(2010) Metaspace: 14390K(15232K)->14390K(15232K) NonClass: 12409K(12864K)->12409K(12864K) Class: 1981K(2368K)->1981K(2368K)
[247.819s][info][gc             ] GC(2010) Pause Young (Allocation Failure) 178M->10M(510M) 2.542ms
[247.819s][info][gc,cpu         ] GC(2010) User=0.52s Sys=0.00s Real=0.00s
[247.942s][info][gc,start       ] GC(2011) Pause Young (Allocation Failure)
[247.945s][info][gc,heap        ] GC(2011) PSYoungGen: 172512K(173056K)->1024K(173056K) Eden: 171520K(171520K)->0K(171520K) From: 992K(1536K)->1024K(1536K)
[247.945s][info][gc,heap        ] GC(2011) ParOldGen: 9847K(349696K)->9895K(349696K)
[247.945s][info][gc,metaspace   ] GC(2011) Metaspace: 14390K(15232K)->14390K(15232K) NonClass: 12409K(12864K)->12409K(12864K) Class: 1981K(2368K)->1981K(2368K)
[247.945s][info][gc             ] GC(2011) Pause Young (Allocation Failure) 178M->10M(510M) 2.592ms
[247.945s][info][gc,cpu         ] GC(2011) User=0.00s Sys=0.00s Real=0.00s
[248.069s][info][gc,start       ] GC(2012) Pause Young (Allocation Failure)
[248.072s][info][gc,heap        ] GC(2012) PSYoungGen: 172544K(173056K)->992K(173056K) Eden: 171520K(171520K)->0K(171520K) From: 1024K(1536K)->992K(1536K)
[248.072s][info][gc,heap        ] GC(2012) ParOldGen: 9895K(349696K)->9951K(349696K)
[248.072s][info][gc,metaspace   ] GC(2012) Metaspace: 14390K(15232K)->14390K(15232K) NonClass: 12409K(12864K)->12409K(12864K) Class: 1981K(2368K)->1981K(2368K)
[248.072s][info][gc             ] GC(2012) Pause Young (Allocation Failure) 178M->10M(510M) 2.646ms
[248.072s][info][gc,cpu         ] GC(2012) User=0.00s Sys=0.00s Real=0.00s
[248.196s][info][gc,start       ] GC(2013) Pause Young (Allocation Failure)
[248.199s][info][gc,heap        ] GC(2013) PSYoungGen: 172512K(173056K)->992K(173056K) Eden: 171520K(171520K)->0K(171520K) From: 992K(1536K)->992K(1536K)
[248.199s][info][gc,heap        ] GC(2013) ParOldGen: 9951K(349696K)->10007K(349696K)
[248.199s][info][gc,metaspace   ] GC(2013) Metaspace: 14390K(15232K)->14390K(15232K) NonClass: 12409K(12864K)->12409K(12864K) Class: 1981K(2368K)->1981K(2368K)
[248.199s][info][gc             ] GC(2013) Pause Young (Allocation Failure) 178M->10M(510M) 2.614ms
[248.199s][info][gc,cpu         ] GC(2013) User=0.00s Sys=0.00s Real=0.00s
[248.321s][info][gc,start       ] GC(2014) Pause Young (Allocation Failure)
[248.324s][info][gc,heap        ] GC(2014) PSYoungGen: 172512K(173056K)->1024K(173056K) Eden: 171520K(171520K)->0K(171520K) From: 992K(1536K)->1024K(1536K)
[248.324s][info][gc,heap        ] GC(2014) ParOldGen: 10007K(349696K)->10071K(349696K)
[248.324s][info][gc,metaspace   ] GC(2014) Metaspace: 14390K(15232K)->14390K(15232K) NonClass: 12409K(12864K)->12409K(12864K) Class: 1981K(2368K)->1981K(2368K)
[248.324s][info][gc             ] GC(2014) Pause Young (Allocation Failure) 178M->10M(510M) 2.672ms
[248.324s][info][gc,cpu         ] GC(2014) User=0.00s Sys=0.00s Real=0.00s
[248.446s][info][gc,start       ] GC(2015) Pause Young (Allocation Failure)
[248.449s][info][gc,heap        ] GC(2015) PSYoungGen: 172544K(173056K)->1024K(173056K) Eden: 171520K(171520K)->0K(171520K) From: 1024K(1536K)->1024K(1536K)
[248.449s][info][gc,heap        ] GC(2015) ParOldGen: 10071K(349696K)->10135K(349696K)
[248.449s][info][gc,metaspace   ] GC(2015) Metaspace: 14390K(15232K)->14390K(15232K) NonClass: 12409K(12864K)->12409K(12864K) Class: 1981K(2368K)->1981K(2368K)
[248.449s][info][gc             ] GC(2015) Pause Young (Allocation Failure) 178M->10M(510M) 2.719ms
[248.449s][info][gc,cpu         ] GC(2015) User=0.00s Sys=0.00s Real=0.00s
[248.573s][info][gc,start       ] GC(2016) Pause Young (Allocation Failure)
[248.575s][info][gc,heap        ] GC(2016) PSYoungGen: 172544K(173056K)->992K(173056K) Eden: 171520K(171520K)->0K(171520K) From: 1024K(1536K)->992K(1536K)
[248.575s][info][gc,heap        ] GC(2016) ParOldGen: 10135K(349696K)->10191K(349696K)
[248.575s][info][gc,metaspace   ] GC(2016) Metaspace: 14390K(15232K)->14390K(15232K) NonClass: 12409K(12864K)->12409K(12864K) Class: 1981K(2368K)->1981K(2368K)
[248.575s][info][gc             ] GC(2016) Pause Young (Allocation Failure) 178M->10M(510M) 2.689ms
[248.575s][info][gc,cpu         ] GC(2016) User=0.00s Sys=0.00s Real=0.00s
[248.699s][info][gc,start       ] GC(2017) Pause Young (Allocation Failure)
[248.702s][info][gc,heap        ] GC(2017) PSYoungGen: 172512K(173056K)->992K(173056K) Eden: 171520K(171520K)->0K(171520K) From: 992K(1536K)->992K(1536K)
[248.702s][info][gc,heap        ] GC(2017) ParOldGen: 10191K(349696K)->10287K(349696K)
[248.702s][info][gc,metaspace   ] GC(2017) Metaspace: 14390K(15232K)->14390K(15232K) NonClass: 12409K(12864K)->12409K(12864K) Class: 1981K(2368K)->1981K(2368K)
[248.702s][info][gc             ] GC(2017) Pause Young (Allocation Failure) 178M->11M(510M) 2.716ms
[248.702s][info][gc,cpu         ] GC(2017) User=0.00s Sys=0.00s Real=0.00s
[248.824s][info][gc,start       ] GC(2018) Pause Young (Allocation Failure)
[248.827s][info][gc,heap        ] GC(2018) PSYoungGen: 172512K(173056K)->992K(173056K) Eden: 171520K(171520K)->0K(171520K) From: 992K(1536K)->992K(1536K)
[248.827s][info][gc,heap        ] GC(2018) ParOldGen: 10287K(349696K)->10343K(349696K)
[248.827s][info][gc,metaspace   ] GC(2018) Metaspace: 14390K(15232K)->14390K(15232K) NonClass: 12409K(12864K)->12409K(12864K) Class: 1981K(2368K)->1981K(2368K)
[248.827s][info][gc             ] GC(2018) Pause Young (Allocation Failure) 178M->11M(510M) 2.755ms
[248.827s][info][gc,cpu         ] GC(2018) User=0.00s Sys=0.00s Real=0.00s
[248.949s][info][gc,start       ] GC(2019) Pause Young (Allocation Failure)
[248.951s][info][gc,heap        ] GC(2019) PSYoungGen: 172512K(173056K)->992K(173056K) Eden: 171520K(171520K)->0K(171520K) From: 992K(1536K)->992K(1536K)
[248.951s][info][gc,heap        ] GC(2019) ParOldGen: 10343K(349696K)->10399K(349696K)
[248.951s][info][gc,metaspace   ] GC(2019) Metaspace: 14390K(15232K)->14390K(15232K) NonClass: 12409K(12864K)->12409K(12864K) Class: 1981K(2368K)->1981K(2368K)
[248.951s][info][gc             ] GC(2019) Pause Young (Allocation Failure) 178M->11M(510M) 2.752ms
[248.951s][info][gc,cpu         ] GC(2019) User=0.00s Sys=0.00s Real=0.00s
[249.074s][info][gc,start       ] GC(2020) Pause Young (Allocation Failure)
[249.077s][info][gc,heap        ] GC(2020) PSYoungGen: 172512K(173056K)->1024K(173056K) Eden: 171520K(171520K)->0K(171520K) From: 992K(1536K)->1024K(1536K)
[249.077s][info][gc,heap        ] GC(2020) ParOldGen: 10399K(349696K)->10463K(349696K)
[249.077s][info][gc,metaspace   ] GC(2020) Metaspace: 14390K(15232K)->14390K(15232K) NonClass: 12409K(12864K)->12409K(12864K) Class: 1981K(2368K)->1981K(2368K)
[249.077s][info][gc             ] GC(2020) Pause Young (Allocation Failure) 178M->11M(510M) 2.834ms
[249.077s][info][gc,cpu         ] GC(2020) User=0.00s Sys=0.00s Real=0.00s
[249.202s][info][gc,start       ] GC(2021) Pause Young (Allocation Failure)
[249.205s][info][gc,heap        ] GC(2021) PSYoungGen: 172544K(173056K)->1024K(173056K) Eden: 171520K(171520K)->0K(171520K) From: 1024K(1536K)->1024K(1536K)
[249.205s][info][gc,heap        ] GC(2021) ParOldGen: 10463K(349696K)->10503K(349696K)
[249.205s][info][gc,metaspace   ] GC(2021) Metaspace: 14390K(15232K)->14390K(15232K) NonClass: 12409K(12864K)->12409K(12864K) Class: 1981K(2368K)->1981K(2368K)
[249.205s][info][gc             ] GC(2021) Pause Young (Allocation Failure) 178M->11M(510M) 2.828ms
[249.205s][info][gc,cpu         ] GC(2021) User=0.00s Sys=0.00s Real=0.00s
[249.328s][info][gc,start       ] GC(2022) Pause Young (Allocation Failure)
[249.330s][info][gc,heap        ] GC(2022) PSYoungGen: 172544K(173056K)->1024K(173056K) Eden: 171520K(171520K)->0K(171520K) From: 1024K(1536K)->1024K(1536K)
[249.330s][info][gc,heap        ] GC(2022) ParOldGen: 10503K(349696K)->10575K(349696K)
[249.330s][info][gc,metaspace   ] GC(2022) Metaspace: 14390K(15232K)->14390K(15232K) NonClass: 12409K(12864K)->12409K(12864K) Class: 1981K(2368K)->1981K(2368K)
[249.331s][info][gc             ] GC(2022) Pause Young (Allocation Failure) 178M->11M(510M) 2.832ms
[249.331s][info][gc,cpu         ] GC(2022) User=0.00s Sys=0.00s Real=0.00s
[249.454s][info][gc,start       ] GC(2023) Pause Young (Allocation Failure)
[249.457s][info][gc,heap        ] GC(2023) PSYoungGen: 172544K(173056K)->1024K(173056K) Eden: 171520K(171520K)->0K(171520K) From: 1024K(1536K)->1024K(1536K)
[249.457s][info][gc,heap        ] GC(2023) ParOldGen: 10575K(349696K)->10623K(349696K)
[249.457s][info][gc,metaspace   ] GC(2023) Metaspace: 14390K(15232K)->14390K(15232K) NonClass: 12409K(12864K)->12409K(12864K) Class: 1981K(2368K)->1981K(2368K)
[249.457s][info][gc             ] GC(2023) Pause Young (Allocation Failure) 178M->11M(510M) 2.883ms
[249.457s][info][gc,cpu         ] GC(2023) User=0.00s Sys=0.00s Real=0.00s
[249.581s][info][gc,start       ] GC(2024) Pause Young (Allocation Failure)
[249.583s][info][gc,heap        ] GC(2024) PSYoungGen: 172544K(173056K)->992K(173056K) Eden: 171520K(171520K)->0K(171520K) From: 1024K(1536K)->992K(1536K)
[249.583s][info][gc,heap        ] GC(2024) ParOldGen: 10623K(349696K)->10679K(349696K)
[249.583s][info][gc,metaspace   ] GC(2024) Metaspace: 14390K(15232K)->14390K(15232K) NonClass: 12409K(12864K)->12409K(12864K) Class: 1981K(2368K)->1981K(2368K)
[249.583s][info][gc             ] GC(2024) Pause Young (Allocation Failure) 178M->11M(510M) 2.877ms
[249.583s][info][gc,cpu         ] GC(2024) User=0.52s Sys=0.00s Real=0.00s
[249.708s][info][gc,start       ] GC(2025) Pause Young (Allocation Failure)
[249.710s][info][gc,heap        ] GC(2025) PSYoungGen: 172512K(173056K)->1024K(173056K) Eden: 171520K(171520K)->0K(171520K) From: 992K(1536K)->1024K(1536K)
[249.711s][info][gc,heap        ] GC(2025) ParOldGen: 10679K(349696K)->10735K(349696K)
[249.711s][info][gc,metaspace   ] GC(2025) Metaspace: 14390K(15232K)->14390K(15232K) NonClass: 12409K(12864K)->12409K(12864K) Class: 1981K(2368K)->1981K(2368K)
[249.711s][info][gc             ] GC(2025) Pause Young (Allocation Failure) 178M->11M(510M) 2.936ms
[249.711s][info][gc,cpu         ] GC(2025) User=0.00s Sys=0.00s Real=0.00s
[249.966s][info][gc,start       ] GC(2026) Pause Young (Allocation Failure)
[249.970s][info][gc,heap        ] GC(2026) PSYoungGen: 172544K(173056K)->1024K(173056K) Eden: 171520K(171520K)->0K(171520K) From: 1024K(1536K)->1024K(1536K)
[249.970s][info][gc,heap        ] GC(2026) ParOldGen: 10735K(349696K)->10783K(349696K)
[249.970s][info][gc,metaspace   ] GC(2026) Metaspace: 14390K(15232K)->14390K(15232K) NonClass: 12409K(12864K)->12409K(12864K) Class: 1981K(2368K)->1981K(2368K)
[249.970s][info][gc             ] GC(2026) Pause Young (Allocation Failure) 178M->11M(510M) 3.815ms
[249.970s][info][gc,cpu         ] GC(2026) User=0.00s Sys=0.00s Real=0.00s
[250.102s][info][gc,start       ] GC(2027) Pause Young (Allocation Failure)
[250.105s][info][gc,heap        ] GC(2027) PSYoungGen: 172544K(173056K)->1024K(173056K) Eden: 171520K(171520K)->0K(171520K) From: 1024K(1536K)->1024K(1536K)
[250.105s][info][gc,heap        ] GC(2027) ParOldGen: 10783K(349696K)->10831K(349696K)
[250.105s][info][gc,metaspace   ] GC(2027) Metaspace: 14390K(15232K)->14390K(15232K) NonClass: 12409K(12864K)->12409K(12864K) Class: 1981K(2368K)->1981K(2368K)
[250.105s][info][gc             ] GC(2027) Pause Young (Allocation Failure) 179M->11M(510M) 2.766ms
[250.105s][info][gc,cpu         ] GC(2027) User=0.00s Sys=0.00s Real=0.00s
[250.241s][info][gc,start       ] GC(2028) Pause Young (Allocation Failure)
[250.244s][info][gc,heap        ] GC(2028) PSYoungGen: 172544K(173056K)->1024K(173056K) Eden: 171520K(171520K)->0K(171520K) From: 1024K(1536K)->1024K(1536K)
[250.244s][info][gc,heap        ] GC(2028) ParOldGen: 10831K(349696K)->10887K(349696K)
[250.244s][info][gc,metaspace   ] GC(2028) Metaspace: 14390K(15232K)->14390K(15232K) NonClass: 12409K(12864K)->12409K(12864K) Class: 1981K(2368K)->1981K(2368K)
[250.244s][info][gc             ] GC(2028) Pause Young (Allocation Failure) 179M->11M(510M) 2.684ms
[250.244s][info][gc,cpu         ] GC(2028) User=0.00s Sys=0.00s Real=0.00s
[250.379s][info][gc,start       ] GC(2029) Pause Young (Allocation Failure)
[250.382s][info][gc,heap        ] GC(2029) PSYoungGen: 172544K(173056K)->992K(173056K) Eden: 171520K(171520K)->0K(171520K) From: 1024K(1536K)->992K(1536K)
[250.382s][info][gc,heap        ] GC(2029) ParOldGen: 10887K(349696K)->10959K(349696K)
[250.382s][info][gc,metaspace   ] GC(2029) Metaspace: 14390K(15232K)->14390K(15232K) NonClass: 12409K(12864K)->12409K(12864K) Class: 1981K(2368K)->1981K(2368K)
[250.382s][info][gc             ] GC(2029) Pause Young (Allocation Failure) 179M->11M(510M) 2.611ms
[250.382s][info][gc,cpu         ] GC(2029) User=0.00s Sys=0.00s Real=0.00s
[250.508s][info][gc,start       ] GC(2030) Pause Young (Allocation Failure)
[250.510s][info][gc,heap        ] GC(2030) PSYoungGen: 172512K(173056K)->992K(173056K) Eden: 171520K(171520K)->0K(171520K) From: 992K(1536K)->992K(1536K)
[250.510s][info][gc,heap        ] GC(2030) ParOldGen: 10959K(349696K)->11031K(349696K)
[250.510s][info][gc,metaspace   ] GC(2030) Metaspace: 14390K(15232K)->14390K(15232K) NonClass: 12409K(12864K)->12409K(12864K) Class: 1981K(2368K)->1981K(2368K)
[250.510s][info][gc             ] GC(2030) Pause Young (Allocation Failure) 179M->11M(510M) 2.538ms
[250.510s][info][gc,cpu         ] GC(2030) User=0.00s Sys=0.00s Real=0.00s
[250.632s][info][gc,start       ] GC(2031) Pause Young (Allocation Failure)
[250.634s][info][gc,heap        ] GC(2031) PSYoungGen: 172512K(173056K)->1024K(173056K) Eden: 171520K(171520K)->0K(171520K) From: 992K(1536K)->1024K(1536K)
[250.634s][info][gc,heap        ] GC(2031) ParOldGen: 11031K(349696K)->11087K(349696K)
[250.634s][info][gc,metaspace   ] GC(2031) Metaspace: 14390K(15232K)->14390K(15232K) NonClass: 12409K(12864K)->12409K(12864K) Class: 1981K(2368K)->1981K(2368K)
[250.634s][info][gc             ] GC(2031) Pause Young (Allocation Failure) 179M->11M(510M) 2.555ms
[250.634s][info][gc,cpu         ] GC(2031) User=0.00s Sys=0.00s Real=0.00s
[250.758s][info][gc,start       ] GC(2032) Pause Young (Allocation Failure)
[250.760s][info][gc,heap        ] GC(2032) PSYoungGen: 172544K(173056K)->960K(173056K) Eden: 171520K(171520K)->0K(171520K) From: 1024K(1536K)->960K(1536K)
[250.760s][info][gc,heap        ] GC(2032) ParOldGen: 11087K(349696K)->11159K(349696K)
[250.760s][info][gc,metaspace   ] GC(2032) Metaspace: 14390K(15232K)->14390K(15232K) NonClass: 12409K(12864K)->12409K(12864K) Class: 1981K(2368K)->1981K(2368K)
[250.760s][info][gc             ] GC(2032) Pause Young (Allocation Failure) 179M->11M(510M) 2.529ms
[250.760s][info][gc,cpu         ] GC(2032) User=0.00s Sys=0.00s Real=0.00s
[250.884s][info][gc,start       ] GC(2033) Pause Young (Allocation Failure)
[250.886s][info][gc,heap        ] GC(2033) PSYoungGen: 172480K(173056K)->1024K(173056K) Eden: 171520K(171520K)->0K(171520K) From: 960K(1536K)->1024K(1536K)
[250.886s][info][gc,heap        ] GC(2033) ParOldGen: 11159K(349696K)->11207K(349696K)
[250.886s][info][gc,metaspace   ] GC(2033) Metaspace: 14390K(15232K)->14390K(15232K) NonClass: 12409K(12864K)->12409K(12864K) Class: 1981K(2368K)->1981K(2368K)
[250.886s][info][gc             ] GC(2033) Pause Young (Allocation Failure) 179M->11M(510M) 2.544ms
[250.886s][info][gc,cpu         ] GC(2033) User=0.00s Sys=0.00s Real=0.00s
[251.009s][info][gc,start       ] GC(2034) Pause Young (Allocation Failure)
[251.012s][info][gc,heap        ] GC(2034) PSYoungGen: 172544K(173056K)->1024K(173056K) Eden: 171520K(171520K)->0K(171520K) From: 1024K(1536K)->1024K(1536K)
[251.012s][info][gc,heap        ] GC(2034) ParOldGen: 11207K(349696K)->11279K(349696K)
[251.012s][info][gc,metaspace   ] GC(2034) Metaspace: 14390K(15232K)->14390K(15232K) NonClass: 12409K(12864K)->12409K(12864K) Class: 1981K(2368K)->1981K(2368K)
[251.012s][info][gc             ] GC(2034) Pause Young (Allocation Failure) 179M->12M(510M) 2.554ms
[251.012s][info][gc,cpu         ] GC(2034) User=0.00s Sys=0.00s Real=0.00s
[251.134s][info][gc,start       ] GC(2035) Pause Young (Allocation Failure)
[251.137s][info][gc,heap        ] GC(2035) PSYoungGen: 172544K(173056K)->1024K(173056K) Eden: 171520K(171520K)->0K(171520K) From: 1024K(1536K)->1024K(1536K)
[251.137s][info][gc,heap        ] GC(2035) ParOldGen: 11279K(349696K)->11335K(349696K)
[251.137s][info][gc,metaspace   ] GC(2035) Metaspace: 14390K(15232K)->14390K(15232K) NonClass: 12409K(12864K)->12409K(12864K) Class: 1981K(2368K)->1981K(2368K)
[251.137s][info][gc             ] GC(2035) Pause Young (Allocation Failure) 179M->12M(510M) 2.542ms
[251.137s][info][gc,cpu         ] GC(2035) User=0.00s Sys=0.00s Real=0.00s
[251.260s][info][gc,start       ] GC(2036) Pause Young (Allocation Failure)
[251.263s][info][gc,heap        ] GC(2036) PSYoungGen: 172544K(173056K)->1024K(173056K) Eden: 171520K(171520K)->0K(171520K) From: 1024K(1536K)->1024K(1536K)
[251.263s][info][gc,heap        ] GC(2036) ParOldGen: 11335K(349696K)->11383K(349696K)
[251.263s][info][gc,metaspace   ] GC(2036) Metaspace: 14390K(15232K)->14390K(15232K) NonClass: 12409K(12864K)->12409K(12864K) Class: 1981K(2368K)->1981K(2368K)
[251.263s][info][gc             ] GC(2036) Pause Young (Allocation Failure) 179M->12M(510M) 2.549ms
[251.263s][info][gc,cpu         ] GC(2036) User=0.00s Sys=0.00s Real=0.00s
[251.386s][info][gc,start       ] GC(2037) Pause Young (Allocation Failure)
[251.389s][info][gc,heap        ] GC(2037) PSYoungGen: 172544K(173056K)->1024K(173056K) Eden: 171520K(171520K)->0K(171520K) From: 1024K(1536K)->1024K(1536K)
[251.389s][info][gc,heap        ] GC(2037) ParOldGen: 11383K(349696K)->11427K(349696K)
[251.389s][info][gc,metaspace   ] GC(2037) Metaspace: 14390K(15232K)->14390K(15232K) NonClass: 12409K(12864K)->12409K(12864K) Class: 1981K(2368K)->1981K(2368K)
[251.389s][info][gc             ] GC(2037) Pause Young (Allocation Failure) 179M->12M(510M) 2.619ms
[251.389s][info][gc,cpu         ] GC(2037) User=0.00s Sys=0.00s Real=0.00s
[251.512s][info][gc,start       ] GC(2038) Pause Young (Allocation Failure)
[251.514s][info][gc,heap        ] GC(2038) PSYoungGen: 172544K(173056K)->992K(173056K) Eden: 171520K(171520K)->0K(171520K) From: 1024K(1536K)->992K(1536K)
[251.514s][info][gc,heap        ] GC(2038) ParOldGen: 11427K(349696K)->11491K(349696K)
[251.514s][info][gc,metaspace   ] GC(2038) Metaspace: 14390K(15232K)->14390K(15232K) NonClass: 12409K(12864K)->12409K(12864K) Class: 1981K(2368K)->1981K(2368K)
[251.514s][info][gc             ] GC(2038) Pause Young (Allocation Failure) 179M->12M(510M) 2.583ms
[251.514s][info][gc,cpu         ] GC(2038) User=0.00s Sys=0.00s Real=0.00s
[251.640s][info][gc,start       ] GC(2039) Pause Young (Allocation Failure)
[251.643s][info][gc,heap        ] GC(2039) PSYoungGen: 172511K(173056K)->992K(173056K) Eden: 171519K(171520K)->0K(171520K) From: 992K(1536K)->992K(1536K)
[251.643s][info][gc,heap        ] GC(2039) ParOldGen: 11491K(349696K)->11539K(349696K)
[251.643s][info][gc,metaspace   ] GC(2039) Metaspace: 14390K(15232K)->14390K(15232K) NonClass: 12409K(12864K)->12409K(12864K) Class: 1981K(2368K)->1981K(2368K)
[251.643s][info][gc             ] GC(2039) Pause Young (Allocation Failure) 179M->12M(510M) 2.617ms
[251.643s][info][gc,cpu         ] GC(2039) User=0.00s Sys=0.00s Real=0.00s
[251.768s][info][gc,start       ] GC(2040) Pause Young (Allocation Failure)
[251.771s][info][gc,heap        ] GC(2040) PSYoungGen: 172512K(173056K)->1024K(173056K) Eden: 171520K(171520K)->0K(171520K) From: 992K(1536K)->1024K(1536K)
[251.771s][info][gc,heap        ] GC(2040) ParOldGen: 11539K(349696K)->11603K(349696K)
[251.771s][info][gc,metaspace   ] GC(2040) Metaspace: 14390K(15232K)->14390K(15232K) NonClass: 12409K(12864K)->12409K(12864K) Class: 1981K(2368K)->1981K(2368K)
[251.771s][info][gc             ] GC(2040) Pause Young (Allocation Failure) 179M->12M(510M) 2.596ms
[251.771s][info][gc,cpu         ] GC(2040) User=0.52s Sys=0.00s Real=0.00s
[251.895s][info][gc,start       ] GC(2041) Pause Young (Allocation Failure)
[251.898s][info][gc,heap        ] GC(2041) PSYoungGen: 172544K(173056K)->992K(173056K) Eden: 171520K(171520K)->0K(171520K) From: 1024K(1536K)->992K(1536K)
[251.898s][info][gc,heap        ] GC(2041) ParOldGen: 11603K(349696K)->11651K(349696K)
[251.898s][info][gc,metaspace   ] GC(2041) Metaspace: 14390K(15232K)->14390K(15232K) NonClass: 12409K(12864K)->12409K(12864K) Class: 1981K(2368K)->1981K(2368K)
[251.898s][info][gc             ] GC(2041) Pause Young (Allocation Failure) 179M->12M(510M) 2.692ms
[251.898s][info][gc,cpu         ] GC(2041) User=0.52s Sys=0.00s Real=0.00s
[252.020s][info][gc,start       ] GC(2042) Pause Young (Allocation Failure)
[252.023s][info][gc,heap        ] GC(2042) PSYoungGen: 172512K(173056K)->992K(173056K) Eden: 171520K(171520K)->0K(171520K) From: 992K(1536K)->992K(1536K)
[252.023s][info][gc,heap        ] GC(2042) ParOldGen: 11651K(349696K)->11699K(349696K)
[252.023s][info][gc,metaspace   ] GC(2042) Metaspace: 14390K(15232K)->14390K(15232K) NonClass: 12409K(12864K)->12409K(12864K) Class: 1981K(2368K)->1981K(2368K)
[252.023s][info][gc             ] GC(2042) Pause Young (Allocation Failure) 179M->12M(510M) 2.679ms
[252.023s][info][gc,cpu         ] GC(2042) User=0.00s Sys=0.00s Real=0.00s
[252.145s][info][gc,start       ] GC(2043) Pause Young (Allocation Failure)
[252.148s][info][gc,heap        ] GC(2043) PSYoungGen: 172512K(173056K)->992K(173056K) Eden: 171520K(171520K)->0K(171520K) From: 992K(1536K)->992K(1536K)
[252.148s][info][gc,heap        ] GC(2043) ParOldGen: 11699K(349696K)->11771K(349696K)
[252.148s][info][gc,metaspace   ] GC(2043) Metaspace: 14390K(15232K)->14390K(15232K) NonClass: 12409K(12864K)->12409K(12864K) Class: 1981K(2368K)->1981K(2368K)
[252.148s][info][gc             ] GC(2043) Pause Young (Allocation Failure) 179M->12M(510M) 2.699ms
[252.148s][info][gc,cpu         ] GC(2043) User=0.00s Sys=0.00s Real=0.00s
[252.271s][info][gc,start       ] GC(2044) Pause Young (Allocation Failure)
[252.273s][info][gc,heap        ] GC(2044) PSYoungGen: 172512K(173056K)->992K(173056K) Eden: 171520K(171520K)->0K(171520K) From: 992K(1536K)->992K(1536K)
[252.273s][info][gc,heap        ] GC(2044) ParOldGen: 11771K(349696K)->11835K(349696K)
[252.273s][info][gc,metaspace   ] GC(2044) Metaspace: 14390K(15232K)->14390K(15232K) NonClass: 12409K(12864K)->12409K(12864K) Class: 1981K(2368K)->1981K(2368K)
[252.273s][info][gc             ] GC(2044) Pause Young (Allocation Failure) 179M->12M(510M) 2.714ms
[252.273s][info][gc,cpu         ] GC(2044) User=0.00s Sys=0.00s Real=0.00s
[252.400s][info][gc,start       ] GC(2045) Pause Young (Allocation Failure)
[252.402s][info][gc,heap        ] GC(2045) PSYoungGen: 172512K(173056K)->1024K(173056K) Eden: 171520K(171520K)->0K(171520K) From: 992K(1536K)->1024K(1536K)
[252.402s][info][gc,heap        ] GC(2045) ParOldGen: 11835K(349696K)->11875K(349696K)
[252.403s][info][gc,metaspace   ] GC(2045) Metaspace: 14390K(15232K)->14390K(15232K) NonClass: 12409K(12864K)->12409K(12864K) Class: 1981K(2368K)->1981K(2368K)
[252.403s][info][gc             ] GC(2045) Pause Young (Allocation Failure) 180M->12M(510M) 2.765ms
[252.403s][info][gc,cpu         ] GC(2045) User=0.00s Sys=0.00s Real=0.00s
[252.528s][info][gc,start       ] GC(2046) Pause Young (Allocation Failure)
[252.530s][info][gc,heap        ] GC(2046) PSYoungGen: 172544K(173056K)->1024K(173056K) Eden: 171520K(171520K)->0K(171520K) From: 1024K(1536K)->1024K(1536K)
[252.530s][info][gc,heap        ] GC(2046) ParOldGen: 11875K(349696K)->11923K(349696K)
[252.530s][info][gc,metaspace   ] GC(2046) Metaspace: 14390K(15232K)->14390K(15232K) NonClass: 12409K(12864K)->12409K(12864K) Class: 1981K(2368K)->1981K(2368K)
[252.530s][info][gc             ] GC(2046) Pause Young (Allocation Failure) 180M->12M(510M) 2.774ms
[252.531s][info][gc,cpu         ] GC(2046) User=0.00s Sys=0.00s Real=0.00s
[252.790s][info][gc,start       ] GC(2047) Pause Young (Allocation Failure)
[252.794s][info][gc,heap        ] GC(2047) PSYoungGen: 172544K(173056K)->1024K(173056K) Eden: 171520K(171520K)->0K(171520K) From: 1024K(1536K)->1024K(1536K)
[252.794s][info][gc,heap        ] GC(2047) ParOldGen: 11923K(349696K)->11979K(349696K)
[252.794s][info][gc,metaspace   ] GC(2047) Metaspace: 14390K(15232K)->14390K(15232K) NonClass: 12409K(12864K)->12409K(12864K) Class: 1981K(2368K)->1981K(2368K)
[252.794s][info][gc             ] GC(2047) Pause Young (Allocation Failure) 180M->12M(510M) 3.658ms
[252.794s][info][gc,cpu         ] GC(2047) User=0.00s Sys=0.00s Real=0.00s
[252.927s][info][gc,start       ] GC(2048) Pause Young (Allocation Failure)
[252.930s][info][gc,heap        ] GC(2048) PSYoungGen: 172544K(173056K)->1024K(173056K) Eden: 171520K(171520K)->0K(171520K) From: 1024K(1536K)->1024K(1536K)
[252.930s][info][gc,heap        ] GC(2048) ParOldGen: 11979K(349696K)->12059K(349696K)
[252.930s][info][gc,metaspace   ] GC(2048) Metaspace: 14390K(15232K)->14390K(15232K) NonClass: 12409K(12864K)->12409K(12864K) Class: 1981K(2368K)->1981K(2368K)
[252.930s][info][gc             ] GC(2048) Pause Young (Allocation Failure) 180M->12M(510M) 2.664ms
[252.930s][info][gc,cpu         ] GC(2048) User=0.00s Sys=0.00s Real=0.00s
[253.065s][info][gc,start       ] GC(2049) Pause Young (Allocation Failure)
[253.067s][info][gc,heap        ] GC(2049) PSYoungGen: 172544K(173056K)->1024K(173056K) Eden: 171520K(171520K)->0K(171520K) From: 1024K(1536K)->1024K(1536K)
[253.067s][info][gc,heap        ] GC(2049) ParOldGen: 12059K(349696K)->12107K(349696K)
[253.067s][info][gc,metaspace   ] GC(2049) Metaspace: 14390K(15232K)->14390K(15232K) NonClass: 12409K(12864K)->12409K(12864K) Class: 1981K(2368K)->1981K(2368K)
[253.067s][info][gc             ] GC(2049) Pause Young (Allocation Failure) 180M->12M(510M) 2.638ms
[253.067s][info][gc,cpu         ] GC(2049) User=0.52s Sys=0.00s Real=0.00s
[253.202s][info][gc,start       ] GC(2050) Pause Young (Allocation Failure)
[253.205s][info][gc,heap        ] GC(2050) PSYoungGen: 172544K(173056K)->992K(173056K) Eden: 171520K(171520K)->0K(171520K) From: 1024K(1536K)->992K(1536K)
[253.205s][info][gc,heap        ] GC(2050) ParOldGen: 12107K(349696K)->12195K(349696K)
[253.205s][info][gc,metaspace   ] GC(2050) Metaspace: 14390K(15232K)->14390K(15232K) NonClass: 12409K(12864K)->12409K(12864K) Class: 1981K(2368K)->1981K(2368K)
[253.205s][info][gc             ] GC(2050) Pause Young (Allocation Failure) 180M->12M(510M) 2.513ms
[253.205s][info][gc,cpu         ] GC(2050) User=0.00s Sys=0.00s Real=0.00s
[253.334s][info][gc,start       ] GC(2051) Pause Young (Allocation Failure)
[253.336s][info][gc,heap        ] GC(2051) PSYoungGen: 172512K(173056K)->1024K(173056K) Eden: 171520K(171520K)->0K(171520K) From: 992K(1536K)->1024K(1536K)
[253.336s][info][gc,heap        ] GC(2051) ParOldGen: 12195K(349696K)->12243K(349696K)
[253.336s][info][gc,metaspace   ] GC(2051) Metaspace: 14390K(15232K)->14390K(15232K) NonClass: 12409K(12864K)->12409K(12864K) Class: 1981K(2368K)->1981K(2368K)
[253.336s][info][gc             ] GC(2051) Pause Young (Allocation Failure) 180M->12M(510M) 2.416ms
[253.336s][info][gc,cpu         ] GC(2051) User=0.00s Sys=0.00s Real=0.00s
[253.457s][info][gc,start       ] GC(2052) Pause Young (Allocation Failure)
[253.460s][info][gc,heap        ] GC(2052) PSYoungGen: 172544K(173056K)->1024K(173056K) Eden: 171520K(171520K)->0K(171520K) From: 1024K(1536K)->1024K(1536K)
[253.460s][info][gc,heap        ] GC(2052) ParOldGen: 12243K(349696K)->12291K(349696K)
[253.460s][info][gc,metaspace   ] GC(2052) Metaspace: 14390K(15232K)->14390K(15232K) NonClass: 12409K(12864K)->12409K(12864K) Class: 1981K(2368K)->1981K(2368K)
[253.460s][info][gc             ] GC(2052) Pause Young (Allocation Failure) 180M->13M(510M) 2.413ms
[253.460s][info][gc,cpu         ] GC(2052) User=0.00s Sys=0.00s Real=0.00s
[253.575s][info][gc,start       ] GC(2053) Pause Young (Allocation Failure)
[253.578s][info][gc,heap        ] GC(2053) PSYoungGen: 172544K(173056K)->992K(173056K) Eden: 171520K(171520K)->0K(171520K) From: 1024K(1536K)->992K(1536K)
[253.578s][info][gc,heap        ] GC(2053) ParOldGen: 12291K(349696K)->12347K(349696K)
[253.578s][info][gc,metaspace   ] GC(2053) Metaspace: 14390K(15232K)->14390K(15232K) NonClass: 12409K(12864K)->12409K(12864K) Class: 1981K(2368K)->1981K(2368K)
[253.578s][info][gc             ] GC(2053) Pause Young (Allocation Failure) 180M->13M(510M) 2.421ms
[253.578s][info][gc,cpu         ] GC(2053) User=0.00s Sys=0.00s Real=0.00s
[253.693s][info][gc,start       ] GC(2054) Pause Young (Allocation Failure)
[253.696s][info][gc,heap        ] GC(2054) PSYoungGen: 172512K(173056K)->992K(173056K) Eden: 171520K(171520K)->0K(171520K) From: 992K(1536K)->992K(1536K)
[253.696s][info][gc,heap        ] GC(2054) ParOldGen: 12347K(349696K)->12403K(349696K)
[253.696s][info][gc,metaspace   ] GC(2054) Metaspace: 14390K(15232K)->14390K(15232K) NonClass: 12409K(12864K)->12409K(12864K) Class: 1981K(2368K)->1981K(2368K)
[253.696s][info][gc             ] GC(2054) Pause Young (Allocation Failure) 180M->13M(510M) 2.414ms
[253.696s][info][gc,cpu         ] GC(2054) User=0.00s Sys=0.00s Real=0.00s
[253.810s][info][gc,start       ] GC(2055) Pause Young (Allocation Failure)
[253.812s][info][gc,heap        ] GC(2055) PSYoungGen: 172512K(173056K)->992K(173056K) Eden: 171520K(171520K)->0K(171520K) From: 992K(1536K)->992K(1536K)
[253.813s][info][gc,heap        ] GC(2055) ParOldGen: 12403K(349696K)->12467K(349696K)
[253.813s][info][gc,metaspace   ] GC(2055) Metaspace: 14390K(15232K)->14390K(15232K) NonClass: 12409K(12864K)->12409K(12864K) Class: 1981K(2368K)->1981K(2368K)
[253.813s][info][gc             ] GC(2055) Pause Young (Allocation Failure) 180M->13M(510M) 2.398ms
[253.813s][info][gc,cpu         ] GC(2055) User=0.00s Sys=0.00s Real=0.00s
[253.925s][info][gc,start       ] GC(2056) Pause Young (Allocation Failure)
[253.928s][info][gc,heap        ] GC(2056) PSYoungGen: 172512K(173056K)->1024K(173056K) Eden: 171520K(171520K)->0K(171520K) From: 992K(1536K)->1024K(1536K)
[253.928s][info][gc,heap        ] GC(2056) ParOldGen: 12467K(349696K)->12523K(349696K)
[253.928s][info][gc,metaspace   ] GC(2056) Metaspace: 14390K(15232K)->14390K(15232K) NonClass: 12409K(12864K)->12409K(12864K) Class: 1981K(2368K)->1981K(2368K)
[253.928s][info][gc             ] GC(2056) Pause Young (Allocation Failure) 180M->13M(510M) 2.454ms
[253.928s][info][gc,cpu         ] GC(2056) User=0.33s Sys=0.00s Real=0.00s
[254.039s][info][gc,start       ] GC(2057) Pause Young (Allocation Failure)
[254.041s][info][gc,heap        ] GC(2057) PSYoungGen: 172544K(173056K)->960K(173056K) Eden: 171520K(171520K)->0K(171520K) From: 1024K(1536K)->960K(1536K)
[254.041s][info][gc,heap        ] GC(2057) ParOldGen: 12523K(349696K)->12587K(349696K)
[254.041s][info][gc,metaspace   ] GC(2057) Metaspace: 14390K(15232K)->14390K(15232K) NonClass: 12409K(12864K)->12409K(12864K) Class: 1981K(2368K)->1981K(2368K)
[254.041s][info][gc             ] GC(2057) Pause Young (Allocation Failure) 180M->13M(510M) 2.452ms
[254.041s][info][gc,cpu         ] GC(2057) User=0.00s Sys=0.00s Real=0.00s
[254.146s][info][gc,start       ] GC(2058) Pause Young (Allocation Failure)
[254.149s][info][gc,heap        ] GC(2058) PSYoungGen: 172480K(173056K)->864K(173056K) Eden: 171520K(171520K)->0K(171520K) From: 960K(1536K)->864K(1536K)
[254.149s][info][gc,heap        ] GC(2058) ParOldGen: 12587K(349696K)->12635K(349696K)
[254.149s][info][gc,metaspace   ] GC(2058) Metaspace: 14390K(15232K)->14390K(15232K) NonClass: 12409K(12864K)->12409K(12864K) Class: 1981K(2368K)->1981K(2368K)
[254.149s][info][gc             ] GC(2058) Pause Young (Allocation Failure) 180M->13M(510M) 2.509ms
[254.149s][info][gc,cpu         ] GC(2058) User=0.00s Sys=0.00s Real=0.00s
[254.243s][info][gc,start       ] GC(2059) Pause Young (Allocation Failure)
[254.246s][info][gc,heap        ] GC(2059) PSYoungGen: 172384K(173056K)->864K(173056K) Eden: 171520K(171520K)->0K(171520K) From: 864K(1536K)->864K(1536K)
[254.246s][info][gc,heap        ] GC(2059) ParOldGen: 12635K(349696K)->12691K(349696K)
[254.246s][info][gc,metaspace   ] GC(2059) Metaspace: 14390K(15232K)->14390K(15232K) NonClass: 12409K(12864K)->12409K(12864K) Class: 1981K(2368K)->1981K(2368K)
[254.246s][info][gc             ] GC(2059) Pause Young (Allocation Failure) 180M->13M(510M) 2.565ms
[254.246s][info][gc,cpu         ] GC(2059) User=0.00s Sys=0.00s Real=0.00s
[254.311s][info][gc,start       ] GC(2060) Pause Young (Allocation Failure)
[254.314s][info][gc,heap        ] GC(2060) PSYoungGen: 172384K(173056K)->832K(173056K) Eden: 171520K(171520K)->0K(171520K) From: 864K(1536K)->832K(1536K)
[254.314s][info][gc,heap        ] GC(2060) ParOldGen: 12691K(349696K)->12747K(349696K)
[254.314s][info][gc,metaspace   ] GC(2060) Metaspace: 14390K(15232K)->14390K(15232K) NonClass: 12409K(12864K)->12409K(12864K) Class: 1981K(2368K)->1981K(2368K)
[254.314s][info][gc             ] GC(2060) Pause Young (Allocation Failure) 180M->13M(510M) 2.568ms
[254.314s][info][gc,cpu         ] GC(2060) User=0.00s Sys=0.00s Real=0.00s
[254.397s][info][gc,start       ] GC(2061) Pause Young (Allocation Failure)
[254.400s][info][gc,heap        ] GC(2061) PSYoungGen: 172352K(173056K)->608K(173056K) Eden: 171520K(171520K)->0K(171520K) From: 832K(1536K)->608K(1536K)
[254.400s][info][gc,heap        ] GC(2061) ParOldGen: 12747K(349696K)->12779K(349696K)
[254.400s][info][gc,metaspace   ] GC(2061) Metaspace: 14390K(15232K)->14390K(15232K) NonClass: 12409K(12864K)->12409K(12864K) Class: 1981K(2368K)->1981K(2368K)
[254.400s][info][gc             ] GC(2061) Pause Young (Allocation Failure) 180M->13M(510M) 2.573ms
[254.400s][info][gc,cpu         ] GC(2061) User=0.00s Sys=0.00s Real=0.00s
[254.525s][info][gc,start       ] GC(2062) Pause Young (System.gc())
[254.527s][info][gc,heap        ] GC(2062) PSYoungGen: 90992K(173056K)->128K(173056K) Eden: 90384K(171520K)->0K(171520K) From: 608K(1536K)->128K(1536K)
[254.527s][info][gc,heap        ] GC(2062) ParOldGen: 12779K(349696K)->12819K(349696K)
[254.527s][info][gc,metaspace   ] GC(2062) Metaspace: 14390K(15232K)->14390K(15232K) NonClass: 12409K(12864K)->12409K(12864K) Class: 1981K(2368K)->1981K(2368K)
[254.527s][info][gc             ] GC(2062) Pause Young (System.gc()) 101M->12M(510M) 2.666ms
[254.527s][info][gc,cpu         ] GC(2062) User=0.00s Sys=0.00s Real=0.00s
[254.527s][info][gc,start       ] GC(2063) Pause Full (System.gc())
[254.527s][info][gc,phases,start] GC(2063) Marking Phase
[254.538s][info][gc,phases      ] GC(2063) Marking Phase 11.000ms
[254.538s][info][gc,phases,start] GC(2063) Summary Phase
[254.538s][info][gc,phases      ] GC(2063) Summary Phase 0.020ms
[254.538s][info][gc,phases,start] GC(2063) Adjust Roots
[254.545s][info][gc,phases      ] GC(2063) Adjust Roots 6.806ms
[254.545s][info][gc,phases,start] GC(2063) Compaction Phase
[254.547s][info][gc,phases      ] GC(2063) Compaction Phase 1.882ms
[254.547s][info][gc,phases,start] GC(2063) Post Compact
[254.547s][info][gc,phases      ] GC(2063) Post Compact 0.176ms
[254.547s][info][gc,heap        ] GC(2063) PSYoungGen: 128K(173056K)->0K(173056K) Eden: 0K(171520K)->0K(171520K) From: 128K(1536K)->0K(1536K)
[254.547s][info][gc,heap        ] GC(2063) ParOldGen: 12819K(349696K)->5380K(349696K)
[254.547s][info][gc,metaspace   ] GC(2063) Metaspace: 14390K(15232K)->14390K(15232K) NonClass: 12409K(12864K)->12409K(12864K) Class: 1981K(2368K)->1981K(2368K)
[254.547s][info][gc             ] GC(2063) Pause Full (System.gc()) 12M->5M(510M) 20.077ms
[254.547s][info][gc,cpu         ] GC(2063) User=0.23s Sys=0.00s Real=0.01s
[254.693s][info][gc,start       ] GC(2064) Pause Young (Allocation Failure)
[254.696s][info][gc,heap        ] GC(2064) PSYoungGen: 171520K(173056K)->1536K(173056K) Eden: 171520K(171520K)->0K(171520K) From: 0K(1536K)->1536K(1536K)
[254.696s][info][gc,heap        ] GC(2064) ParOldGen: 5380K(349696K)->5600K(349696K)
[254.696s][info][gc,metaspace   ] GC(2064) Metaspace: 14390K(15232K)->14390K(15232K) NonClass: 12409K(12864K)->12409K(12864K) Class: 1981K(2368K)->1981K(2368K)
[254.696s][info][gc             ] GC(2064) Pause Young (Allocation Failure) 172M->6M(510M) 2.702ms
[254.696s][info][gc,cpu         ] GC(2064) User=0.00s Sys=0.00s Real=0.00s
[254.814s][info][gc,start       ] GC(2065) Pause Young (Allocation Failure)
[254.816s][info][gc,heap        ] GC(2065) PSYoungGen: 173056K(173056K)->1024K(173056K) Eden: 171520K(171520K)->0K(171520K) From: 1536K(1536K)->1024K(1536K)
[254.816s][info][gc,heap        ] GC(2065) ParOldGen: 5600K(349696K)->7071K(349696K)
[254.816s][info][gc,metaspace   ] GC(2065) Metaspace: 14390K(15232K)->14390K(15232K) NonClass: 12409K(12864K)->12409K(12864K) Class: 1981K(2368K)->1981K(2368K)
[254.816s][info][gc             ] GC(2065) Pause Young (Allocation Failure) 174M->7M(510M) 2.710ms
[254.816s][info][gc,cpu         ] GC(2065) User=0.00s Sys=0.00s Real=0.00s
[254.938s][info][gc,start       ] GC(2066) Pause Young (Allocation Failure)
[254.941s][info][gc,heap        ] GC(2066) PSYoungGen: 172544K(173056K)->992K(173056K) Eden: 171520K(171520K)->0K(171520K) From: 1024K(1536K)->992K(1536K)
[254.941s][info][gc,heap        ] GC(2066) ParOldGen: 7071K(349696K)->7127K(349696K)
[254.941s][info][gc,metaspace   ] GC(2066) Metaspace: 14390K(15232K)->14390K(15232K) NonClass: 12409K(12864K)->12409K(12864K) Class: 1981K(2368K)->1981K(2368K)
[254.941s][info][gc             ] GC(2066) Pause Young (Allocation Failure) 175M->7M(510M) 2.603ms
[254.941s][info][gc,cpu         ] GC(2066) User=0.00s Sys=0.00s Real=0.00s
[255.065s][info][gc,start       ] GC(2067) Pause Young (Allocation Failure)
[255.068s][info][gc,heap        ] GC(2067) PSYoungGen: 172512K(173056K)->992K(173056K) Eden: 171520K(171520K)->0K(171520K) From: 992K(1536K)->992K(1536K)
[255.068s][info][gc,heap        ] GC(2067) ParOldGen: 7127K(349696K)->7223K(349696K)
[255.068s][info][gc,metaspace   ] GC(2067) Metaspace: 14390K(15232K)->14390K(15232K) NonClass: 12409K(12864K)->12409K(12864K) Class: 1981K(2368K)->1981K(2368K)
[255.068s][info][gc             ] GC(2067) Pause Young (Allocation Failure) 175M->8M(510M) 2.627ms
[255.068s][info][gc,cpu         ] GC(2067) User=0.52s Sys=0.00s Real=0.00s
[255.189s][info][gc,start       ] GC(2068) Pause Young (Allocation Failure)
[255.191s][info][gc,heap        ] GC(2068) PSYoungGen: 172512K(173056K)->960K(173056K) Eden: 171520K(171520K)->0K(171520K) From: 992K(1536K)->960K(1536K)
[255.191s][info][gc,heap        ] GC(2068) ParOldGen: 7223K(349696K)->7263K(349696K)
[255.191s][info][gc,metaspace   ] GC(2068) Metaspace: 14390K(15232K)->14390K(15232K) NonClass: 12409K(12864K)->12409K(12864K) Class: 1981K(2368K)->1981K(2368K)
[255.191s][info][gc             ] GC(2068) Pause Young (Allocation Failure) 175M->8M(510M) 2.639ms
[255.191s][info][gc,cpu         ] GC(2068) User=0.00s Sys=0.00s Real=0.00s
[255.314s][info][gc,start       ] GC(2069) Pause Young (Allocation Failure)
[255.316s][info][gc,heap        ] GC(2069) PSYoungGen: 172480K(173056K)->928K(173056K) Eden: 171520K(171520K)->0K(171520K) From: 960K(1536K)->928K(1536K)
[255.316s][info][gc,heap        ] GC(2069) ParOldGen: 7263K(349696K)->7303K(349696K)
[255.316s][info][gc,metaspace   ] GC(2069) Metaspace: 14390K(15232K)->14390K(15232K) NonClass: 12409K(12864K)->12409K(12864K) Class: 1981K(2368K)->1981K(2368K)
[255.316s][info][gc             ] GC(2069) Pause Young (Allocation Failure) 175M->8M(510M) 2.661ms
[255.316s][info][gc,cpu         ] GC(2069) User=0.00s Sys=0.00s Real=0.00s
[255.437s][info][gc,start       ] GC(2070) Pause Young (Allocation Failure)
[255.440s][info][gc,heap        ] GC(2070) PSYoungGen: 172448K(173056K)->992K(173056K) Eden: 171520K(171520K)->0K(171520K) From: 928K(1536K)->992K(1536K)
[255.440s][info][gc,heap        ] GC(2070) ParOldGen: 7303K(349696K)->7359K(349696K)
[255.440s][info][gc,metaspace   ] GC(2070) Metaspace: 14390K(15232K)->14390K(15232K) NonClass: 12409K(12864K)->12409K(12864K) Class: 1981K(2368K)->1981K(2368K)
[255.440s][info][gc             ] GC(2070) Pause Young (Allocation Failure) 175M->8M(510M) 2.697ms
[255.440s][info][gc,cpu         ] GC(2070) User=0.00s Sys=0.00s Real=0.00s
[255.563s][info][gc,start       ] GC(2071) Pause Young (Allocation Failure)
[255.565s][info][gc,heap        ] GC(2071) PSYoungGen: 172512K(173056K)->992K(173056K) Eden: 171520K(171520K)->0K(171520K) From: 992K(1536K)->992K(1536K)
[255.565s][info][gc,heap        ] GC(2071) ParOldGen: 7359K(349696K)->7415K(349696K)
[255.565s][info][gc,metaspace   ] GC(2071) Metaspace: 14390K(15232K)->14390K(15232K) NonClass: 12409K(12864K)->12409K(12864K) Class: 1981K(2368K)->1981K(2368K)
[255.565s][info][gc             ] GC(2071) Pause Young (Allocation Failure) 175M->8M(510M) 2.708ms
[255.565s][info][gc,cpu         ] GC(2071) User=0.00s Sys=0.00s Real=0.00s
[255.689s][info][gc,start       ] GC(2072) Pause Young (Allocation Failure)
[255.691s][info][gc,heap        ] GC(2072) PSYoungGen: 172512K(173056K)->960K(173056K) Eden: 171520K(171520K)->0K(171520K) From: 992K(1536K)->960K(1536K)
[255.691s][info][gc,heap        ] GC(2072) ParOldGen: 7415K(349696K)->7479K(349696K)
[255.691s][info][gc,metaspace   ] GC(2072) Metaspace: 14390K(15232K)->14390K(15232K) NonClass: 12409K(12864K)->12409K(12864K) Class: 1981K(2368K)->1981K(2368K)
[255.691s][info][gc             ] GC(2072) Pause Young (Allocation Failure) 175M->8M(510M) 2.727ms
[255.691s][info][gc,cpu         ] GC(2072) User=0.00s Sys=0.00s Real=0.00s
[255.813s][info][gc,start       ] GC(2073) Pause Young (Allocation Failure)
[255.816s][info][gc,heap        ] GC(2073) PSYoungGen: 172480K(173056K)->960K(173056K) Eden: 171520K(171520K)->0K(171520K) From: 960K(1536K)->960K(1536K)
[255.816s][info][gc,heap        ] GC(2073) ParOldGen: 7479K(349696K)->7519K(349696K)
[255.816s][info][gc,metaspace   ] GC(2073) Metaspace: 14390K(15232K)->14390K(15232K) NonClass: 12409K(12864K)->12409K(12864K) Class: 1981K(2368K)->1981K(2368K)
[255.816s][info][gc             ] GC(2073) Pause Young (Allocation Failure) 175M->8M(510M) 2.753ms
[255.816s][info][gc,cpu         ] GC(2073) User=0.00s Sys=0.00s Real=0.00s
[255.939s][info][gc,start       ] GC(2074) Pause Young (Allocation Failure)
[255.942s][info][gc,heap        ] GC(2074) PSYoungGen: 172480K(173056K)->1024K(173056K) Eden: 171520K(171520K)->0K(171520K) From: 960K(1536K)->1024K(1536K)
[255.942s][info][gc,heap        ] GC(2074) ParOldGen: 7519K(349696K)->7583K(349696K)
[255.942s][info][gc,metaspace   ] GC(2074) Metaspace: 14390K(15232K)->14390K(15232K) NonClass: 12409K(12864K)->12409K(12864K) Class: 1981K(2368K)->1981K(2368K)
[255.942s][info][gc             ] GC(2074) Pause Young (Allocation Failure) 175M->8M(510M) 2.764ms
[255.942s][info][gc,cpu         ] GC(2074) User=0.00s Sys=0.00s Real=0.00s
[256.065s][info][gc,start       ] GC(2075) Pause Young (Allocation Failure)
[256.067s][info][gc,heap        ] GC(2075) PSYoungGen: 172544K(173056K)->960K(173056K) Eden: 171520K(171520K)->0K(171520K) From: 1024K(1536K)->960K(1536K)
[256.067s][info][gc,heap        ] GC(2075) ParOldGen: 7583K(349696K)->7647K(349696K)
[256.067s][info][gc,metaspace   ] GC(2075) Metaspace: 14390K(15232K)->14390K(15232K) NonClass: 12409K(12864K)->12409K(12864K) Class: 1981K(2368K)->1981K(2368K)
[256.067s][info][gc             ] GC(2075) Pause Young (Allocation Failure) 175M->8M(510M) 2.793ms
[256.067s][info][gc,cpu         ] GC(2075) User=0.52s Sys=0.00s Real=0.00s
[256.190s][info][gc,start       ] GC(2076) Pause Young (Allocation Failure)
[256.192s][info][gc,heap        ] GC(2076) PSYoungGen: 172480K(173056K)->1024K(173056K) Eden: 171520K(171520K)->0K(171520K) From: 960K(1536K)->1024K(1536K)
[256.192s][info][gc,heap        ] GC(2076) ParOldGen: 7647K(349696K)->7703K(349696K)
[256.192s][info][gc,metaspace   ] GC(2076) Metaspace: 14390K(15232K)->14390K(15232K) NonClass: 12409K(12864K)->12409K(12864K) Class: 1981K(2368K)->1981K(2368K)
[256.192s][info][gc             ] GC(2076) Pause Young (Allocation Failure) 175M->8M(510M) 2.832ms
[256.192s][info][gc,cpu         ] GC(2076) User=0.00s Sys=0.00s Real=0.00s
[256.315s][info][gc,start       ] GC(2077) Pause Young (Allocation Failure)
[256.317s][info][gc,heap        ] GC(2077) PSYoungGen: 172544K(173056K)->1024K(173056K) Eden: 171520K(171520K)->0K(171520K) From: 1024K(1536K)->1024K(1536K)
[256.317s][info][gc,heap        ] GC(2077) ParOldGen: 7703K(349696K)->7767K(349696K)
[256.317s][info][gc,metaspace   ] GC(2077) Metaspace: 14390K(15232K)->14390K(15232K) NonClass: 12409K(12864K)->12409K(12864K) Class: 1981K(2368K)->1981K(2368K)
[256.317s][info][gc             ] GC(2077) Pause Young (Allocation Failure) 176M->8M(510M) 2.844ms
[256.318s][info][gc,cpu         ] GC(2077) User=0.52s Sys=0.00s Real=0.00s
[256.441s][info][gc,start       ] GC(2078) Pause Young (Allocation Failure)
[256.444s][info][gc,heap        ] GC(2078) PSYoungGen: 172544K(173056K)->960K(173056K) Eden: 171520K(171520K)->0K(171520K) From: 1024K(1536K)->960K(1536K)
[256.444s][info][gc,heap        ] GC(2078) ParOldGen: 7767K(349696K)->7823K(349696K)
[256.444s][info][gc,metaspace   ] GC(2078) Metaspace: 14390K(15232K)->14390K(15232K) NonClass: 12409K(12864K)->12409K(12864K) Class: 1981K(2368K)->1981K(2368K)
[256.444s][info][gc             ] GC(2078) Pause Young (Allocation Failure) 176M->8M(510M) 2.856ms
[256.444s][info][gc,cpu         ] GC(2078) User=0.52s Sys=0.00s Real=0.00s
[256.633s][info][gc,start       ] GC(2079) Pause Young (Allocation Failure)
[256.637s][info][gc,heap        ] GC(2079) PSYoungGen: 172480K(173056K)->960K(173056K) Eden: 171520K(171520K)->0K(171520K) From: 960K(1536K)->960K(1536K)
[256.637s][info][gc,heap        ] GC(2079) ParOldGen: 7823K(349696K)->7871K(349696K)
[256.637s][info][gc,metaspace   ] GC(2079) Metaspace: 14390K(15232K)->14390K(15232K) NonClass: 12409K(12864K)->12409K(12864K) Class: 1981K(2368K)->1981K(2368K)
[256.637s][info][gc             ] GC(2079) Pause Young (Allocation Failure) 176M->8M(510M) 3.866ms
[256.637s][info][gc,cpu         ] GC(2079) User=0.00s Sys=0.00s Real=0.00s
[256.769s][info][gc,start       ] GC(2080) Pause Young (Allocation Failure)
[256.772s][info][gc,heap        ] GC(2080) PSYoungGen: 172480K(173056K)->1024K(173056K) Eden: 171520K(171520K)->0K(171520K) From: 960K(1536K)->1024K(1536K)
[256.772s][info][gc,heap        ] GC(2080) ParOldGen: 7871K(349696K)->7935K(349696K)
[256.772s][info][gc,metaspace   ] GC(2080) Metaspace: 14390K(15232K)->14390K(15232K) NonClass: 12409K(12864K)->12409K(12864K) Class: 1981K(2368K)->1981K(2368K)
[256.772s][info][gc             ] GC(2080) Pause Young (Allocation Failure) 176M->8M(510M) 2.727ms
[256.772s][info][gc,cpu         ] GC(2080) User=0.00s Sys=0.00s Real=0.00s
[256.899s][info][gc,start       ] GC(2081) Pause Young (Allocation Failure)
[256.901s][info][gc,heap        ] GC(2081) PSYoungGen: 172544K(173056K)->992K(173056K) Eden: 171520K(171520K)->0K(171520K) From: 1024K(1536K)->992K(1536K)
[256.901s][info][gc,heap        ] GC(2081) ParOldGen: 7935K(349696K)->7991K(349696K)
[256.901s][info][gc,metaspace   ] GC(2081) Metaspace: 14390K(15232K)->14390K(15232K) NonClass: 12409K(12864K)->12409K(12864K) Class: 1981K(2368K)->1981K(2368K)
[256.901s][info][gc             ] GC(2081) Pause Young (Allocation Failure) 176M->8M(510M) 2.664ms
[256.901s][info][gc,cpu         ] GC(2081) User=0.00s Sys=0.00s Real=0.00s
[257.036s][info][gc,start       ] GC(2082) Pause Young (Allocation Failure)
[257.038s][info][gc,heap        ] GC(2082) PSYoungGen: 172512K(173056K)->1024K(173056K) Eden: 171520K(171520K)->0K(171520K) From: 992K(1536K)->1024K(1536K)
[257.038s][info][gc,heap        ] GC(2082) ParOldGen: 7991K(349696K)->8047K(349696K)
[257.038s][info][gc,metaspace   ] GC(2082) Metaspace: 14390K(15232K)->14390K(15232K) NonClass: 12409K(12864K)->12409K(12864K) Class: 1981K(2368K)->1981K(2368K)
[257.038s][info][gc             ] GC(2082) Pause Young (Allocation Failure) 176M->8M(510M) 2.594ms
[257.038s][info][gc,cpu         ] GC(2082) User=0.34s Sys=0.00s Real=0.00s
[257.172s][info][gc,start       ] GC(2083) Pause Young (Allocation Failure)
[257.175s][info][gc,heap        ] GC(2083) PSYoungGen: 172544K(173056K)->1024K(173056K) Eden: 171520K(171520K)->0K(171520K) From: 1024K(1536K)->1024K(1536K)
[257.175s][info][gc,heap        ] GC(2083) ParOldGen: 8047K(349696K)->8095K(349696K)
[257.175s][info][gc,metaspace   ] GC(2083) Metaspace: 14390K(15232K)->14390K(15232K) NonClass: 12409K(12864K)->12409K(12864K) Class: 1981K(2368K)->1981K(2368K)
[257.175s][info][gc             ] GC(2083) Pause Young (Allocation Failure) 176M->8M(510M) 2.515ms
[257.175s][info][gc,cpu         ] GC(2083) User=0.00s Sys=0.00s Real=0.00s
[257.297s][info][gc,start       ] GC(2084) Pause Young (Allocation Failure)
[257.299s][info][gc,heap        ] GC(2084) PSYoungGen: 172544K(173056K)->960K(173056K) Eden: 171520K(171520K)->0K(171520K) From: 1024K(1536K)->960K(1536K)
[257.299s][info][gc,heap        ] GC(2084) ParOldGen: 8095K(349696K)->8159K(349696K)
[257.299s][info][gc,metaspace   ] GC(2084) Metaspace: 14390K(15232K)->14390K(15232K) NonClass: 12409K(12864K)->12409K(12864K) Class: 1981K(2368K)->1981K(2368K)
[257.299s][info][gc             ] GC(2084) Pause Young (Allocation Failure) 176M->8M(510M) 2.448ms
[257.299s][info][gc,cpu         ] GC(2084) User=0.00s Sys=0.00s Real=0.00s
[257.423s][info][gc,start       ] GC(2085) Pause Young (Allocation Failure)
[257.426s][info][gc,heap        ] GC(2085) PSYoungGen: 172480K(173056K)->992K(173056K) Eden: 171520K(171520K)->0K(171520K) From: 960K(1536K)->992K(1536K)
[257.426s][info][gc,heap        ] GC(2085) ParOldGen: 8159K(349696K)->8207K(349696K)
[257.426s][info][gc,metaspace   ] GC(2085) Metaspace: 14390K(15232K)->14390K(15232K) NonClass: 12409K(12864K)->12409K(12864K) Class: 1981K(2368K)->1981K(2368K)
[257.426s][info][gc             ] GC(2085) Pause Young (Allocation Failure) 176M->8M(510M) 2.438ms
[257.426s][info][gc,cpu         ] GC(2085) User=0.00s Sys=0.00s Real=0.00s
[257.546s][info][gc,start       ] GC(2086) Pause Young (Allocation Failure)
[257.548s][info][gc,heap        ] GC(2086) PSYoungGen: 172512K(173056K)->928K(173056K) Eden: 171520K(171520K)->0K(171520K) From: 992K(1536K)->928K(1536K)
[257.548s][info][gc,heap        ] GC(2086) ParOldGen: 8207K(349696K)->8255K(349696K)
[257.548s][info][gc,metaspace   ] GC(2086) Metaspace: 14390K(15232K)->14390K(15232K) NonClass: 12409K(12864K)->12409K(12864K) Class: 1981K(2368K)->1981K(2368K)
[257.548s][info][gc             ] GC(2086) Pause Young (Allocation Failure) 176M->8M(510M) 2.446ms
[257.548s][info][gc,cpu         ] GC(2086) User=0.00s Sys=0.00s Real=0.00s
[257.670s][info][gc,start       ] GC(2087) Pause Young (Allocation Failure)
[257.672s][info][gc,heap        ] GC(2087) PSYoungGen: 172448K(173056K)->928K(173056K) Eden: 171520K(171520K)->0K(171520K) From: 928K(1536K)->928K(1536K)
[257.672s][info][gc,heap        ] GC(2087) ParOldGen: 8255K(349696K)->8303K(349696K)
[257.672s][info][gc,metaspace   ] GC(2087) Metaspace: 14390K(15232K)->14390K(15232K) NonClass: 12409K(12864K)->12409K(12864K) Class: 1981K(2368K)->1981K(2368K)
[257.672s][info][gc             ] GC(2087) Pause Young (Allocation Failure) 176M->9M(510M) 2.431ms
[257.672s][info][gc,cpu         ] GC(2087) User=0.00s Sys=0.00s Real=0.00s
[257.793s][info][gc,start       ] GC(2088) Pause Young (Allocation Failure)
[257.795s][info][gc,heap        ] GC(2088) PSYoungGen: 172448K(173056K)->992K(173056K) Eden: 171520K(171520K)->0K(171520K) From: 928K(1536K)->992K(1536K)
[257.795s][info][gc,heap        ] GC(2088) ParOldGen: 8303K(349696K)->8375K(349696K)
[257.795s][info][gc,metaspace   ] GC(2088) Metaspace: 14390K(15232K)->14390K(15232K) NonClass: 12409K(12864K)->12409K(12864K) Class: 1981K(2368K)->1981K(2368K)
[257.795s][info][gc             ] GC(2088) Pause Young (Allocation Failure) 176M->9M(510M) 2.457ms
[257.795s][info][gc,cpu         ] GC(2088) User=0.00s Sys=0.00s Real=0.00s
[257.918s][info][gc,start       ] GC(2089) Pause Young (Allocation Failure)
[257.921s][info][gc,heap        ] GC(2089) PSYoungGen: 172512K(173056K)->992K(173056K) Eden: 171520K(171520K)->0K(171520K) From: 992K(1536K)->992K(1536K)
[257.921s][info][gc,heap        ] GC(2089) ParOldGen: 8375K(349696K)->8439K(349696K)
[257.921s][info][gc,metaspace   ] GC(2089) Metaspace: 14390K(15232K)->14390K(15232K) NonClass: 12409K(12864K)->12409K(12864K) Class: 1981K(2368K)->1981K(2368K)
[257.921s][info][gc             ] GC(2089) Pause Young (Allocation Failure) 176M->9M(510M) 2.492ms
[257.921s][info][gc,cpu         ] GC(2089) User=0.00s Sys=0.00s Real=0.00s
[258.043s][info][gc,start       ] GC(2090) Pause Young (Allocation Failure)
[258.045s][info][gc,heap        ] GC(2090) PSYoungGen: 172512K(173056K)->1024K(173056K) Eden: 171520K(171520K)->0K(171520K) From: 992K(1536K)->1024K(1536K)
[258.045s][info][gc,heap        ] GC(2090) ParOldGen: 8439K(349696K)->8479K(349696K)
[258.045s][info][gc,metaspace   ] GC(2090) Metaspace: 14390K(15232K)->14390K(15232K) NonClass: 12409K(12864K)->12409K(12864K) Class: 1981K(2368K)->1981K(2368K)
[258.046s][info][gc             ] GC(2090) Pause Young (Allocation Failure) 176M->9M(510M) 2.587ms
[258.046s][info][gc,cpu         ] GC(2090) User=0.00s Sys=0.00s Real=0.00s
[258.167s][info][gc,start       ] GC(2091) Pause Young (Allocation Failure)
[258.170s][info][gc,heap        ] GC(2091) PSYoungGen: 172544K(173056K)->1024K(173056K) Eden: 171520K(171520K)->0K(171520K) From: 1024K(1536K)->1024K(1536K)
[258.170s][info][gc,heap        ] GC(2091) ParOldGen: 8479K(349696K)->8551K(349696K)
[258.170s][info][gc,metaspace   ] GC(2091) Metaspace: 14390K(15232K)->14390K(15232K) NonClass: 12409K(12864K)->12409K(12864K) Class: 1981K(2368K)->1981K(2368K)
[258.170s][info][gc             ] GC(2091) Pause Young (Allocation Failure) 176M->9M(510M) 2.540ms
[258.170s][info][gc,cpu         ] GC(2091) User=0.00s Sys=0.00s Real=0.00s
[258.291s][info][gc,start       ] GC(2092) Pause Young (Allocation Failure)
[258.294s][info][gc,heap        ] GC(2092) PSYoungGen: 172544K(173056K)->1024K(173056K) Eden: 171520K(171520K)->0K(171520K) From: 1024K(1536K)->1024K(1536K)
[258.294s][info][gc,heap        ] GC(2092) ParOldGen: 8551K(349696K)->8599K(349696K)
[258.294s][info][gc,metaspace   ] GC(2092) Metaspace: 14390K(15232K)->14390K(15232K) NonClass: 12409K(12864K)->12409K(12864K) Class: 1981K(2368K)->1981K(2368K)
[258.294s][info][gc             ] GC(2092) Pause Young (Allocation Failure) 176M->9M(510M) 2.601ms
[258.294s][info][gc,cpu         ] GC(2092) User=0.00s Sys=0.00s Real=0.00s
[258.416s][info][gc,start       ] GC(2093) Pause Young (Allocation Failure)
[258.418s][info][gc,heap        ] GC(2093) PSYoungGen: 172544K(173056K)->960K(173056K) Eden: 171520K(171520K)->0K(171520K) From: 1024K(1536K)->960K(1536K)
[258.418s][info][gc,heap        ] GC(2093) ParOldGen: 8599K(349696K)->8639K(349696K)
[258.418s][info][gc,metaspace   ] GC(2093) Metaspace: 14390K(15232K)->14390K(15232K) NonClass: 12409K(12864K)->12409K(12864K) Class: 1981K(2368K)->1981K(2368K)
[258.418s][info][gc             ] GC(2093) Pause Young (Allocation Failure) 176M->9M(510M) 2.587ms
[258.418s][info][gc,cpu         ] GC(2093) User=0.00s Sys=0.00s Real=0.00s
[258.541s][info][gc,start       ] GC(2094) Pause Young (Allocation Failure)
[258.543s][info][gc,heap        ] GC(2094) PSYoungGen: 172480K(173056K)->960K(173056K) Eden: 171520K(171520K)->0K(171520K) From: 960K(1536K)->960K(1536K)
[258.543s][info][gc,heap        ] GC(2094) ParOldGen: 8639K(349696K)->8687K(349696K)
[258.543s][info][gc,metaspace   ] GC(2094) Metaspace: 14390K(15232K)->14390K(15232K) NonClass: 12409K(12864K)->12409K(12864K) Class: 1981K(2368K)->1981K(2368K)
[258.543s][info][gc             ] GC(2094) Pause Young (Allocation Failure) 176M->9M(510M) 2.603ms
[258.543s][info][gc,cpu         ] GC(2094) User=0.00s Sys=0.00s Real=0.00s
[258.665s][info][gc,start       ] GC(2095) Pause Young (Allocation Failure)
[258.668s][info][gc,heap        ] GC(2095) PSYoungGen: 172480K(173056K)->992K(173056K) Eden: 171520K(171520K)->0K(171520K) From: 960K(1536K)->992K(1536K)
[258.668s][info][gc,heap        ] GC(2095) ParOldGen: 8687K(349696K)->8743K(349696K)
[258.668s][info][gc,metaspace   ] GC(2095) Metaspace: 14390K(15232K)->14390K(15232K) NonClass: 12409K(12864K)->12409K(12864K) Class: 1981K(2368K)->1981K(2368K)
[258.668s][info][gc             ] GC(2095) Pause Young (Allocation Failure) 176M->9M(510M) 2.658ms
[258.668s][info][gc,cpu         ] GC(2095) User=0.00s Sys=0.00s Real=0.00s
[258.788s][info][gc,start       ] GC(2096) Pause Young (Allocation Failure)
[258.791s][info][gc,heap        ] GC(2096) PSYoungGen: 172511K(173056K)->1024K(173056K) Eden: 171519K(171520K)->0K(171520K) From: 992K(1536K)->1024K(1536K)
[258.791s][info][gc,heap        ] GC(2096) ParOldGen: 8743K(349696K)->8815K(349696K)
[258.791s][info][gc,metaspace   ] GC(2096) Metaspace: 14390K(15232K)->14390K(15232K) NonClass: 12409K(12864K)->12409K(12864K) Class: 1981K(2368K)->1981K(2368K)
[258.791s][info][gc             ] GC(2096) Pause Young (Allocation Failure) 177M->9M(510M) 2.655ms
[258.791s][info][gc,cpu         ] GC(2096) User=0.00s Sys=0.00s Real=0.00s
[258.914s][info][gc,start       ] GC(2097) Pause Young (Allocation Failure)
[258.917s][info][gc,heap        ] GC(2097) PSYoungGen: 172544K(173056K)->992K(173056K) Eden: 171520K(171520K)->0K(171520K) From: 1024K(1536K)->992K(1536K)
[258.917s][info][gc,heap        ] GC(2097) ParOldGen: 8815K(349696K)->8871K(349696K)
[258.917s][info][gc,metaspace   ] GC(2097) Metaspace: 14390K(15232K)->14390K(15232K) NonClass: 12409K(12864K)->12409K(12864K) Class: 1981K(2368K)->1981K(2368K)
[258.917s][info][gc             ] GC(2097) Pause Young (Allocation Failure) 177M->9M(510M) 2.686ms
[258.917s][info][gc,cpu         ] GC(2097) User=0.00s Sys=0.00s Real=0.00s
[259.039s][info][gc,start       ] GC(2098) Pause Young (Allocation Failure)
[259.041s][info][gc,heap        ] GC(2098) PSYoungGen: 172512K(173056K)->992K(173056K) Eden: 171520K(171520K)->0K(171520K) From: 992K(1536K)->992K(1536K)
[259.041s][info][gc,heap        ] GC(2098) ParOldGen: 8871K(349696K)->8935K(349696K)
[259.041s][info][gc,metaspace   ] GC(2098) Metaspace: 14390K(15232K)->14390K(15232K) NonClass: 12409K(12864K)->12409K(12864K) Class: 1981K(2368K)->1981K(2368K)
[259.041s][info][gc             ] GC(2098) Pause Young (Allocation Failure) 177M->9M(510M) 2.686ms
[259.041s][info][gc,cpu         ] GC(2098) User=0.00s Sys=0.00s Real=0.00s
[259.165s][info][gc,start       ] GC(2099) Pause Young (Allocation Failure)
[259.167s][info][gc,heap        ] GC(2099) PSYoungGen: 172512K(173056K)->1024K(173056K) Eden: 171520K(171520K)->0K(171520K) From: 992K(1536K)->1024K(1536K)
[259.167s][info][gc,heap        ] GC(2099) ParOldGen: 8935K(349696K)->8999K(349696K)
[259.167s][info][gc,metaspace   ] GC(2099) Metaspace: 14390K(15232K)->14390K(15232K) NonClass: 12409K(12864K)->12409K(12864K) Class: 1981K(2368K)->1981K(2368K)
[259.167s][info][gc             ] GC(2099) Pause Young (Allocation Failure) 177M->9M(510M) 2.736ms
[259.167s][info][gc,cpu         ] GC(2099) User=0.00s Sys=0.00s Real=0.00s
[259.290s][info][gc,start       ] GC(2100) Pause Young (Allocation Failure)
[259.292s][info][gc,heap        ] GC(2100) PSYoungGen: 172544K(173056K)->992K(173056K) Eden: 171520K(171520K)->0K(171520K) From: 1024K(1536K)->992K(1536K)
[259.292s][info][gc,heap        ] GC(2100) ParOldGen: 8999K(349696K)->9047K(349696K)
[259.292s][info][gc,metaspace   ] GC(2100) Metaspace: 14390K(15232K)->14390K(15232K) NonClass: 12409K(12864K)->12409K(12864K) Class: 1981K(2368K)->1981K(2368K)
[259.292s][info][gc             ] GC(2100) Pause Young (Allocation Failure) 177M->9M(510M) 2.750ms
[259.292s][info][gc,cpu         ] GC(2100) User=0.00s Sys=0.00s Real=0.00s
[259.414s][info][gc,start       ] GC(2101) Pause Young (Allocation Failure)
[259.416s][info][gc,heap        ] GC(2101) PSYoungGen: 172512K(173056K)->1024K(173056K) Eden: 171520K(171520K)->0K(171520K) From: 992K(1536K)->1024K(1536K)
[259.416s][info][gc,heap        ] GC(2101) ParOldGen: 9047K(349696K)->9095K(349696K)
[259.416s][info][gc,metaspace   ] GC(2101) Metaspace: 14390K(15232K)->14390K(15232K) NonClass: 12409K(12864K)->12409K(12864K) Class: 1981K(2368K)->1981K(2368K)
[259.416s][info][gc             ] GC(2101) Pause Young (Allocation Failure) 177M->9M(510M) 2.755ms
[259.416s][info][gc,cpu         ] GC(2101) User=0.00s Sys=0.00s Real=0.00s
[259.541s][info][gc,start       ] GC(2102) Pause Young (Allocation Failure)
[259.543s][info][gc,heap        ] GC(2102) PSYoungGen: 172544K(173056K)->992K(173056K) Eden: 171520K(171520K)->0K(171520K) From: 1024K(1536K)->992K(1536K)
[259.543s][info][gc,heap        ] GC(2102) ParOldGen: 9095K(349696K)->9159K(349696K)
[259.543s][info][gc,metaspace   ] GC(2102) Metaspace: 14390K(15232K)->14390K(15232K) NonClass: 12409K(12864K)->12409K(12864K) Class: 1981K(2368K)->1981K(2368K)
[259.543s][info][gc             ] GC(2102) Pause Young (Allocation Failure) 177M->9M(510M) 2.791ms
[259.543s][info][gc,cpu         ] GC(2102) User=0.00s Sys=0.00s Real=0.00s
[259.667s][info][gc,start       ] GC(2103) Pause Young (Allocation Failure)
[259.670s][info][gc,heap        ] GC(2103) PSYoungGen: 172512K(173056K)->1024K(173056K) Eden: 171520K(171520K)->0K(171520K) From: 992K(1536K)->1024K(1536K)
[259.670s][info][gc,heap        ] GC(2103) ParOldGen: 9159K(349696K)->9223K(349696K)
[259.670s][info][gc,metaspace   ] GC(2103) Metaspace: 14390K(15232K)->14390K(15232K) NonClass: 12409K(12864K)->12409K(12864K) Class: 1981K(2368K)->1981K(2368K)
[259.670s][info][gc             ] GC(2103) Pause Young (Allocation Failure) 177M->10M(510M) 2.808ms
[259.670s][info][gc,cpu         ] GC(2103) User=0.00s Sys=0.00s Real=0.00s
[259.792s][info][gc,start       ] GC(2104) Pause Young (Allocation Failure)
[259.795s][info][gc,heap        ] GC(2104) PSYoungGen: 172544K(173056K)->992K(173056K) Eden: 171520K(171520K)->0K(171520K) From: 1024K(1536K)->992K(1536K)
[259.795s][info][gc,heap        ] GC(2104) ParOldGen: 9223K(349696K)->9295K(349696K)
[259.795s][info][gc,metaspace   ] GC(2104) Metaspace: 14390K(15232K)->14390K(15232K) NonClass: 12409K(12864K)->12409K(12864K) Class: 1981K(2368K)->1981K(2368K)
[259.795s][info][gc             ] GC(2104) Pause Young (Allocation Failure) 177M->10M(510M) 2.899ms
[259.795s][info][gc,cpu         ] GC(2104) User=0.00s Sys=0.00s Real=0.00s
[259.915s][info][gc,start       ] GC(2105) Pause Young (Allocation Failure)
[259.918s][info][gc,heap        ] GC(2105) PSYoungGen: 172512K(173056K)->960K(173056K) Eden: 171520K(171520K)->0K(171520K) From: 992K(1536K)->960K(1536K)
[259.918s][info][gc,heap        ] GC(2105) ParOldGen: 9295K(349696K)->9343K(349696K)
[259.918s][info][gc,metaspace   ] GC(2105) Metaspace: 14390K(15232K)->14390K(15232K) NonClass: 12409K(12864K)->12409K(12864K) Class: 1981K(2368K)->1981K(2368K)
[259.918s][info][gc             ] GC(2105) Pause Young (Allocation Failure) 177M->10M(510M) 2.858ms
[259.918s][info][gc,cpu         ] GC(2105) User=0.00s Sys=0.00s Real=0.00s
[260.039s][info][gc,start       ] GC(2106) Pause Young (Allocation Failure)
[260.042s][info][gc,heap        ] GC(2106) PSYoungGen: 172480K(173056K)->960K(173056K) Eden: 171520K(171520K)->0K(171520K) From: 960K(1536K)->960K(1536K)
[260.042s][info][gc,heap        ] GC(2106) ParOldGen: 9343K(349696K)->9399K(349696K)
[260.042s][info][gc,metaspace   ] GC(2106) Metaspace: 14390K(15232K)->14390K(15232K) NonClass: 12409K(12864K)->12409K(12864K) Class: 1981K(2368K)->1981K(2368K)
[260.042s][info][gc             ] GC(2106) Pause Young (Allocation Failure) 177M->10M(510M) 2.889ms
[260.042s][info][gc,cpu         ] GC(2106) User=0.00s Sys=0.00s Real=0.00s
[260.162s][info][gc,start       ] GC(2107) Pause Young (Allocation Failure)
[260.165s][info][gc,heap        ] GC(2107) PSYoungGen: 172480K(173056K)->1024K(173056K) Eden: 171520K(171520K)->0K(171520K) From: 960K(1536K)->1024K(1536K)
[260.165s][info][gc,heap        ] GC(2107) ParOldGen: 9399K(349696K)->9455K(349696K)
[260.165s][info][gc,metaspace   ] GC(2107) Metaspace: 14390K(15232K)->14390K(15232K) NonClass: 12409K(12864K)->12409K(12864K) Class: 1981K(2368K)->1981K(2368K)
[260.165s][info][gc             ] GC(2107) Pause Young (Allocation Failure) 177M->10M(510M) 2.950ms
[260.165s][info][gc,cpu         ] GC(2107) User=0.00s Sys=0.00s Real=0.00s
[260.443s][info][gc,start       ] GC(2108) Pause Young (Allocation Failure)
[260.446s][info][gc,heap        ] GC(2108) PSYoungGen: 172544K(173056K)->1024K(173056K) Eden: 171520K(171520K)->0K(171520K) From: 1024K(1536K)->1024K(1536K)
[260.446s][info][gc,heap        ] GC(2108) ParOldGen: 9455K(349696K)->9503K(349696K)
[260.446s][info][gc,metaspace   ] GC(2108) Metaspace: 14390K(15232K)->14390K(15232K) NonClass: 12409K(12864K)->12409K(12864K) Class: 1981K(2368K)->1981K(2368K)
[260.446s][info][gc             ] GC(2108) Pause Young (Allocation Failure) 177M->10M(510M) 3.787ms
[260.446s][info][gc,cpu         ] GC(2108) User=0.00s Sys=0.00s Real=0.00s
[260.579s][info][gc,start       ] GC(2109) Pause Young (Allocation Failure)
[260.582s][info][gc,heap        ] GC(2109) PSYoungGen: 172544K(173056K)->960K(173056K) Eden: 171520K(171520K)->0K(171520K) From: 1024K(1536K)->960K(1536K)
[260.582s][info][gc,heap        ] GC(2109) ParOldGen: 9503K(349696K)->9567K(349696K)
[260.582s][info][gc,metaspace   ] GC(2109) Metaspace: 14390K(15232K)->14390K(15232K) NonClass: 12409K(12864K)->12409K(12864K) Class: 1981K(2368K)->1981K(2368K)
[260.582s][info][gc             ] GC(2109) Pause Young (Allocation Failure) 177M->10M(510M) 2.808ms
[260.582s][info][gc,cpu         ] GC(2109) User=0.00s Sys=0.00s Real=0.00s
[260.715s][info][gc,start       ] GC(2110) Pause Young (Allocation Failure)
[260.717s][info][gc,heap        ] GC(2110) PSYoungGen: 172480K(173056K)->960K(173056K) Eden: 171520K(171520K)->0K(171520K) From: 960K(1536K)->960K(1536K)
[260.717s][info][gc,heap        ] GC(2110) ParOldGen: 9567K(349696K)->9623K(349696K)
[260.717s][info][gc,metaspace   ] GC(2110) Metaspace: 14390K(15232K)->14390K(15232K) NonClass: 12409K(12864K)->12409K(12864K) Class: 1981K(2368K)->1981K(2368K)
[260.717s][info][gc             ] GC(2110) Pause Young (Allocation Failure) 177M->10M(510M) 2.677ms
[260.717s][info][gc,cpu         ] GC(2110) User=0.00s Sys=0.00s Real=0.00s
[260.852s][info][gc,start       ] GC(2111) Pause Young (Allocation Failure)
[260.854s][info][gc,heap        ] GC(2111) PSYoungGen: 172480K(173056K)->1024K(173056K) Eden: 171520K(171520K)->0K(171520K) From: 960K(1536K)->1024K(1536K)
[260.854s][info][gc,heap        ] GC(2111) ParOldGen: 9623K(349696K)->9687K(349696K)
[260.854s][info][gc,metaspace   ] GC(2111) Metaspace: 14390K(15232K)->14390K(15232K) NonClass: 12409K(12864K)->12409K(12864K) Class: 1981K(2368K)->1981K(2368K)
[260.854s][info][gc             ] GC(2111) Pause Young (Allocation Failure) 177M->10M(510M) 2.614ms
[260.854s][info][gc,cpu         ] GC(2111) User=0.00s Sys=0.00s Real=0.00s
[260.984s][info][gc,start       ] GC(2112) Pause Young (Allocation Failure)
[260.986s][info][gc,heap        ] GC(2112) PSYoungGen: 172544K(173056K)->992K(173056K) Eden: 171520K(171520K)->0K(171520K) From: 1024K(1536K)->992K(1536K)
[260.986s][info][gc,heap        ] GC(2112) ParOldGen: 9687K(349696K)->9743K(349696K)
[260.986s][info][gc,metaspace   ] GC(2112) Metaspace: 14390K(15232K)->14390K(15232K) NonClass: 12409K(12864K)->12409K(12864K) Class: 1981K(2368K)->1981K(2368K)
[260.986s][info][gc             ] GC(2112) Pause Young (Allocation Failure) 177M->10M(510M) 2.539ms
[260.986s][info][gc,cpu         ] GC(2112) User=0.00s Sys=0.00s Real=0.00s
[261.108s][info][gc,start       ] GC(2113) Pause Young (Allocation Failure)
[261.110s][info][gc,heap        ] GC(2113) PSYoungGen: 172512K(173056K)->992K(173056K) Eden: 171520K(171520K)->0K(171520K) From: 992K(1536K)->992K(1536K)
[261.110s][info][gc,heap        ] GC(2113) ParOldGen: 9743K(349696K)->9799K(349696K)
[261.110s][info][gc,metaspace   ] GC(2113) Metaspace: 14390K(15232K)->14390K(15232K) NonClass: 12409K(12864K)->12409K(12864K) Class: 1981K(2368K)->1981K(2368K)
[261.110s][info][gc             ] GC(2113) Pause Young (Allocation Failure) 177M->10M(510M) 2.514ms
[261.110s][info][gc,cpu         ] GC(2113) User=0.00s Sys=0.00s Real=0.00s
[261.230s][info][gc,start       ] GC(2114) Pause Young (Allocation Failure)
[261.249s][info][gc,heap        ] GC(2114) PSYoungGen: 172512K(173056K)->992K(173056K) Eden: 171520K(171520K)->0K(171520K) From: 992K(1536K)->992K(1536K)
[261.249s][info][gc,heap        ] GC(2114) ParOldGen: 9799K(349696K)->9839K(349696K)
[261.249s][info][gc,metaspace   ] GC(2114) Metaspace: 14390K(15232K)->14390K(15232K) NonClass: 12409K(12864K)->12409K(12864K) Class: 1981K(2368K)->1981K(2368K)
[261.249s][info][gc             ] GC(2114) Pause Young (Allocation Failure) 178M->10M(510M) 18.830ms
[261.249s][info][gc,cpu         ] GC(2114) User=0.00s Sys=0.00s Real=0.02s
[261.374s][info][gc,start       ] GC(2115) Pause Young (Allocation Failure)
[261.376s][info][gc,heap        ] GC(2115) PSYoungGen: 172512K(173056K)->992K(173056K) Eden: 171520K(171520K)->0K(171520K) From: 992K(1536K)->992K(1536K)
[261.376s][info][gc,heap        ] GC(2115) ParOldGen: 9839K(349696K)->9871K(349696K)
[261.376s][info][gc,metaspace   ] GC(2115) Metaspace: 14390K(15232K)->14390K(15232K) NonClass: 12409K(12864K)->12409K(12864K) Class: 1981K(2368K)->1981K(2368K)
[261.376s][info][gc             ] GC(2115) Pause Young (Allocation Failure) 178M->10M(510M) 2.532ms
[261.376s][info][gc,cpu         ] GC(2115) User=0.00s Sys=0.00s Real=0.00s
[261.497s][info][gc,start       ] GC(2116) Pause Young (Allocation Failure)
[261.500s][info][gc,heap        ] GC(2116) PSYoungGen: 172512K(173056K)->928K(173056K) Eden: 171520K(171520K)->0K(171520K) From: 992K(1536K)->928K(1536K)
[261.500s][info][gc,heap        ] GC(2116) ParOldGen: 9871K(349696K)->9911K(349696K)
[261.500s][info][gc,metaspace   ] GC(2116) Metaspace: 14390K(15232K)->14390K(15232K) NonClass: 12409K(12864K)->12409K(12864K) Class: 1981K(2368K)->1981K(2368K)
[261.500s][info][gc             ] GC(2116) Pause Young (Allocation Failure) 178M->10M(510M) 2.526ms
[261.500s][info][gc,cpu         ] GC(2116) User=0.00s Sys=0.00s Real=0.00s
[261.621s][info][gc,start       ] GC(2117) Pause Young (Allocation Failure)
[261.623s][info][gc,heap        ] GC(2117) PSYoungGen: 172448K(173056K)->1024K(173056K) Eden: 171520K(171520K)->0K(171520K) From: 928K(1536K)->1024K(1536K)
[261.624s][info][gc,heap        ] GC(2117) ParOldGen: 9911K(349696K)->9951K(349696K)
[261.624s][info][gc,metaspace   ] GC(2117) Metaspace: 14390K(15232K)->14390K(15232K) NonClass: 12409K(12864K)->12409K(12864K) Class: 1981K(2368K)->1981K(2368K)
[261.624s][info][gc             ] GC(2117) Pause Young (Allocation Failure) 178M->10M(510M) 2.523ms
[261.624s][info][gc,cpu         ] GC(2117) User=0.00s Sys=0.00s Real=0.00s
[261.746s][info][gc,start       ] GC(2118) Pause Young (Allocation Failure)
[261.749s][info][gc,heap        ] GC(2118) PSYoungGen: 172544K(173056K)->928K(173056K) Eden: 171520K(171520K)->0K(171520K) From: 1024K(1536K)->928K(1536K)
[261.749s][info][gc,heap        ] GC(2118) ParOldGen: 9951K(349696K)->9991K(349696K)
[261.749s][info][gc,metaspace   ] GC(2118) Metaspace: 14390K(15232K)->14390K(15232K) NonClass: 12409K(12864K)->12409K(12864K) Class: 1981K(2368K)->1981K(2368K)
[261.749s][info][gc             ] GC(2118) Pause Young (Allocation Failure) 178M->10M(510M) 2.563ms
[261.749s][info][gc,cpu         ] GC(2118) User=0.00s Sys=0.00s Real=0.00s
[261.870s][info][gc,start       ] GC(2119) Pause Young (Allocation Failure)
[261.873s][info][gc,heap        ] GC(2119) PSYoungGen: 172448K(173056K)->960K(173056K) Eden: 171520K(171520K)->0K(171520K) From: 928K(1536K)->960K(1536K)
[261.873s][info][gc,heap        ] GC(2119) ParOldGen: 9991K(349696K)->10071K(349696K)
[261.873s][info][gc,metaspace   ] GC(2119) Metaspace: 14390K(15232K)->14390K(15232K) NonClass: 12409K(12864K)->12409K(12864K) Class: 1981K(2368K)->1981K(2368K)
[261.873s][info][gc             ] GC(2119) Pause Young (Allocation Failure) 178M->10M(510M) 2.563ms
[261.873s][info][gc,cpu         ] GC(2119) User=0.00s Sys=0.00s Real=0.00s
[261.996s][info][gc,start       ] GC(2120) Pause Young (Allocation Failure)
[261.998s][info][gc,heap        ] GC(2120) PSYoungGen: 172480K(173056K)->960K(173056K) Eden: 171520K(171520K)->0K(171520K) From: 960K(1536K)->960K(1536K)
[261.998s][info][gc,heap        ] GC(2120) ParOldGen: 10071K(349696K)->10111K(349696K)
[261.998s][info][gc,metaspace   ] GC(2120) Metaspace: 14390K(15232K)->14390K(15232K) NonClass: 12409K(12864K)->12409K(12864K) Class: 1981K(2368K)->1981K(2368K)
[261.998s][info][gc             ] GC(2120) Pause Young (Allocation Failure) 178M->10M(510M) 2.568ms
[261.998s][info][gc,cpu         ] GC(2120) User=0.00s Sys=0.00s Real=0.00s
[262.121s][info][gc,start       ] GC(2121) Pause Young (Allocation Failure)
[262.124s][info][gc,heap        ] GC(2121) PSYoungGen: 172480K(173056K)->1024K(173056K) Eden: 171520K(171520K)->0K(171520K) From: 960K(1536K)->1024K(1536K)
[262.124s][info][gc,heap        ] GC(2121) ParOldGen: 10111K(349696K)->10151K(349696K)
[262.124s][info][gc,metaspace   ] GC(2121) Metaspace: 14390K(15232K)->14390K(15232K) NonClass: 12409K(12864K)->12409K(12864K) Class: 1981K(2368K)->1981K(2368K)
[262.124s][info][gc             ] GC(2121) Pause Young (Allocation Failure) 178M->10M(510M) 2.612ms
[262.124s][info][gc,cpu         ] GC(2121) User=0.00s Sys=0.00s Real=0.00s
[262.245s][info][gc,start       ] GC(2122) Pause Young (Allocation Failure)
[262.248s][info][gc,heap        ] GC(2122) PSYoungGen: 172544K(173056K)->992K(173056K) Eden: 171520K(171520K)->0K(171520K) From: 1024K(1536K)->992K(1536K)
[262.248s][info][gc,heap        ] GC(2122) ParOldGen: 10151K(349696K)->10215K(349696K)
[262.248s][info][gc,metaspace   ] GC(2122) Metaspace: 14390K(15232K)->14390K(15232K) NonClass: 12409K(12864K)->12409K(12864K) Class: 1981K(2368K)->1981K(2368K)
[262.248s][info][gc             ] GC(2122) Pause Young (Allocation Failure) 178M->10M(510M) 2.621ms
[262.248s][info][gc,cpu         ] GC(2122) User=0.00s Sys=0.00s Real=0.00s
[262.371s][info][gc,start       ] GC(2123) Pause Young (Allocation Failure)
[262.374s][info][gc,heap        ] GC(2123) PSYoungGen: 172512K(173056K)->1024K(173056K) Eden: 171520K(171520K)->0K(171520K) From: 992K(1536K)->1024K(1536K)
[262.374s][info][gc,heap        ] GC(2123) ParOldGen: 10215K(349696K)->10279K(349696K)
[262.374s][info][gc,metaspace   ] GC(2123) Metaspace: 14390K(15232K)->14390K(15232K) NonClass: 12409K(12864K)->12409K(12864K) Class: 1981K(2368K)->1981K(2368K)
[262.374s][info][gc             ] GC(2123) Pause Young (Allocation Failure) 178M->11M(510M) 2.646ms
[262.374s][info][gc,cpu         ] GC(2123) User=0.00s Sys=0.00s Real=0.00s
[262.496s][info][gc,start       ] GC(2124) Pause Young (Allocation Failure)
[262.498s][info][gc,heap        ] GC(2124) PSYoungGen: 172544K(173056K)->1024K(173056K) Eden: 171520K(171520K)->0K(171520K) From: 1024K(1536K)->1024K(1536K)
[262.498s][info][gc,heap        ] GC(2124) ParOldGen: 10279K(349696K)->10319K(349696K)
[262.498s][info][gc,metaspace   ] GC(2124) Metaspace: 14390K(15232K)->14390K(15232K) NonClass: 12409K(12864K)->12409K(12864K) Class: 1981K(2368K)->1981K(2368K)
[262.498s][info][gc             ] GC(2124) Pause Young (Allocation Failure) 178M->11M(510M) 2.677ms
[262.498s][info][gc,cpu         ] GC(2124) User=0.00s Sys=0.00s Real=0.00s
[262.623s][info][gc,start       ] GC(2125) Pause Young (Allocation Failure)
[262.637s][info][gc,heap        ] GC(2125) PSYoungGen: 172544K(173056K)->1024K(173056K) Eden: 171520K(171520K)->0K(171520K) From: 1024K(1536K)->1024K(1536K)
[262.637s][info][gc,heap        ] GC(2125) ParOldGen: 10319K(349696K)->10391K(349696K)
[262.637s][info][gc,metaspace   ] GC(2125) Metaspace: 14390K(15232K)->14390K(15232K) NonClass: 12409K(12864K)->12409K(12864K) Class: 1981K(2368K)->1981K(2368K)
[262.637s][info][gc             ] GC(2125) Pause Young (Allocation Failure) 178M->11M(510M) 14.828ms
[262.637s][info][gc,cpu         ] GC(2125) User=0.00s Sys=0.00s Real=0.01s
[262.760s][info][gc,start       ] GC(2126) Pause Young (Allocation Failure)
[262.762s][info][gc,heap        ] GC(2126) PSYoungGen: 172544K(173056K)->992K(173056K) Eden: 171520K(171520K)->0K(171520K) From: 1024K(1536K)->992K(1536K)
[262.762s][info][gc,heap        ] GC(2126) ParOldGen: 10391K(349696K)->10455K(349696K)
[262.762s][info][gc,metaspace   ] GC(2126) Metaspace: 14390K(15232K)->14390K(15232K) NonClass: 12409K(12864K)->12409K(12864K) Class: 1981K(2368K)->1981K(2368K)
[262.762s][info][gc             ] GC(2126) Pause Young (Allocation Failure) 178M->11M(510M) 2.716ms
[262.762s][info][gc,cpu         ] GC(2126) User=0.00s Sys=0.00s Real=0.00s
[262.887s][info][gc,start       ] GC(2127) Pause Young (Allocation Failure)
[262.890s][info][gc,heap        ] GC(2127) PSYoungGen: 172512K(173056K)->1024K(173056K) Eden: 171520K(171520K)->0K(171520K) From: 992K(1536K)->1024K(1536K)
[262.890s][info][gc,heap        ] GC(2127) ParOldGen: 10455K(349696K)->10511K(349696K)
[262.890s][info][gc,metaspace   ] GC(2127) Metaspace: 14390K(15232K)->14390K(15232K) NonClass: 12409K(12864K)->12409K(12864K) Class: 1981K(2368K)->1981K(2368K)
[262.890s][info][gc             ] GC(2127) Pause Young (Allocation Failure) 178M->11M(510M) 2.730ms
[262.890s][info][gc,cpu         ] GC(2127) User=0.00s Sys=0.00s Real=0.00s
[263.013s][info][gc,start       ] GC(2128) Pause Young (Allocation Failure)
[263.016s][info][gc,heap        ] GC(2128) PSYoungGen: 172544K(173056K)->1024K(173056K) Eden: 171520K(171520K)->0K(171520K) From: 1024K(1536K)->1024K(1536K)
[263.016s][info][gc,heap        ] GC(2128) ParOldGen: 10511K(349696K)->10583K(349696K)
[263.016s][info][gc,metaspace   ] GC(2128) Metaspace: 14390K(15232K)->14390K(15232K) NonClass: 12409K(12864K)->12409K(12864K) Class: 1981K(2368K)->1981K(2368K)
[263.016s][info][gc             ] GC(2128) Pause Young (Allocation Failure) 178M->11M(510M) 2.773ms
[263.016s][info][gc,cpu         ] GC(2128) User=0.00s Sys=0.00s Real=0.00s
[263.224s][info][gc,start       ] GC(2129) Pause Young (Allocation Failure)
[263.227s][info][gc,heap        ] GC(2129) PSYoungGen: 172544K(173056K)->928K(173056K) Eden: 171520K(171520K)->0K(171520K) From: 1024K(1536K)->928K(1536K)
[263.227s][info][gc,heap        ] GC(2129) ParOldGen: 10583K(349696K)->10631K(349696K)
[263.227s][info][gc,metaspace   ] GC(2129) Metaspace: 14390K(15232K)->14390K(15232K) NonClass: 12409K(12864K)->12409K(12864K) Class: 1981K(2368K)->1981K(2368K)
[263.227s][info][gc             ] GC(2129) Pause Young (Allocation Failure) 178M->11M(510M) 3.648ms
[263.227s][info][gc,cpu         ] GC(2129) User=0.00s Sys=0.00s Real=0.00s
[263.360s][info][gc,start       ] GC(2130) Pause Young (Allocation Failure)
[263.362s][info][gc,heap        ] GC(2130) PSYoungGen: 172448K(173056K)->992K(173056K) Eden: 171520K(171520K)->0K(171520K) From: 928K(1536K)->992K(1536K)
[263.362s][info][gc,heap        ] GC(2130) ParOldGen: 10631K(349696K)->10695K(349696K)
[263.362s][info][gc,metaspace   ] GC(2130) Metaspace: 14390K(15232K)->14390K(15232K) NonClass: 12409K(12864K)->12409K(12864K) Class: 1981K(2368K)->1981K(2368K)
[263.362s][info][gc             ] GC(2130) Pause Young (Allocation Failure) 178M->11M(510M) 2.678ms
[263.362s][info][gc,cpu         ] GC(2130) User=0.00s Sys=0.00s Real=0.00s
[263.497s][info][gc,start       ] GC(2131) Pause Young (Allocation Failure)
[263.499s][info][gc,heap        ] GC(2131) PSYoungGen: 172512K(173056K)->960K(173056K) Eden: 171520K(171520K)->0K(171520K) From: 992K(1536K)->960K(1536K)
[263.500s][info][gc,heap        ] GC(2131) ParOldGen: 10695K(349696K)->10743K(349696K)
[263.500s][info][gc,metaspace   ] GC(2131) Metaspace: 14390K(15232K)->14390K(15232K) NonClass: 12409K(12864K)->12409K(12864K) Class: 1981K(2368K)->1981K(2368K)
[263.500s][info][gc             ] GC(2131) Pause Young (Allocation Failure) 178M->11M(510M) 2.612ms
[263.500s][info][gc,cpu         ] GC(2131) User=0.00s Sys=0.00s Real=0.00s
[263.634s][info][gc,start       ] GC(2132) Pause Young (Allocation Failure)
[263.636s][info][gc,heap        ] GC(2132) PSYoungGen: 172480K(173056K)->960K(173056K) Eden: 171520K(171520K)->0K(171520K) From: 960K(1536K)->960K(1536K)
[263.636s][info][gc,heap        ] GC(2132) ParOldGen: 10743K(349696K)->10807K(349696K)
[263.636s][info][gc,metaspace   ] GC(2132) Metaspace: 14390K(15232K)->14390K(15232K) NonClass: 12409K(12864K)->12409K(12864K) Class: 1981K(2368K)->1981K(2368K)
[263.636s][info][gc             ] GC(2132) Pause Young (Allocation Failure) 178M->11M(510M) 2.500ms
[263.636s][info][gc,cpu         ] GC(2132) User=0.00s Sys=0.00s Real=0.00s
[263.768s][info][gc,start       ] GC(2133) Pause Young (Allocation Failure)
[263.770s][info][gc,heap        ] GC(2133) PSYoungGen: 172480K(173056K)->1024K(173056K) Eden: 171520K(171520K)->0K(171520K) From: 960K(1536K)->1024K(1536K)
[263.770s][info][gc,heap        ] GC(2133) ParOldGen: 10807K(349696K)->10879K(349696K)
[263.770s][info][gc,metaspace   ] GC(2133) Metaspace: 14390K(15232K)->14390K(15232K) NonClass: 12409K(12864K)->12409K(12864K) Class: 1981K(2368K)->1981K(2368K)
[263.770s][info][gc             ] GC(2133) Pause Young (Allocation Failure) 178M->11M(510M) 2.358ms
[263.770s][info][gc,cpu         ] GC(2133) User=0.52s Sys=0.00s Real=0.00s
[263.893s][info][gc,start       ] GC(2134) Pause Young (Allocation Failure)
[263.895s][info][gc,heap        ] GC(2134) PSYoungGen: 172544K(173056K)->1024K(173056K) Eden: 171520K(171520K)->0K(171520K) From: 1024K(1536K)->1024K(1536K)
[263.895s][info][gc,heap        ] GC(2134) ParOldGen: 10879K(349696K)->10943K(349696K)
[263.895s][info][gc,metaspace   ] GC(2134) Metaspace: 14390K(15232K)->14390K(15232K) NonClass: 12409K(12864K)->12409K(12864K) Class: 1981K(2368K)->1981K(2368K)
[263.895s][info][gc             ] GC(2134) Pause Young (Allocation Failure) 179M->11M(510M) 2.352ms
[263.895s][info][gc,cpu         ] GC(2134) User=0.00s Sys=0.00s Real=0.00s
[264.019s][info][gc,start       ] GC(2135) Pause Young (Allocation Failure)
[264.021s][info][gc,heap        ] GC(2135) PSYoungGen: 172544K(173056K)->960K(173056K) Eden: 171520K(171520K)->0K(171520K) From: 1024K(1536K)->960K(1536K)
[264.021s][info][gc,heap        ] GC(2135) ParOldGen: 10943K(349696K)->10999K(349696K)
[264.021s][info][gc,metaspace   ] GC(2135) Metaspace: 14390K(15232K)->14390K(15232K) NonClass: 12409K(12864K)->12409K(12864K) Class: 1981K(2368K)->1981K(2368K)
[264.021s][info][gc             ] GC(2135) Pause Young (Allocation Failure) 179M->11M(510M) 2.392ms
[264.021s][info][gc,cpu         ] GC(2135) User=0.00s Sys=0.00s Real=0.00s
[264.140s][info][gc,start       ] GC(2136) Pause Young (Allocation Failure)
[264.142s][info][gc,heap        ] GC(2136) PSYoungGen: 172480K(173056K)->1024K(173056K) Eden: 171520K(171520K)->0K(171520K) From: 960K(1536K)->1024K(1536K)
[264.143s][info][gc,heap        ] GC(2136) ParOldGen: 10999K(349696K)->11047K(349696K)
[264.143s][info][gc,metaspace   ] GC(2136) Metaspace: 14390K(15232K)->14390K(15232K) NonClass: 12409K(12864K)->12409K(12864K) Class: 1981K(2368K)->1981K(2368K)
[264.143s][info][gc             ] GC(2136) Pause Young (Allocation Failure) 179M->11M(510M) 2.381ms
[264.143s][info][gc,cpu         ] GC(2136) User=0.00s Sys=0.00s Real=0.00s
[264.263s][info][gc,start       ] GC(2137) Pause Young (Allocation Failure)
[264.266s][info][gc,heap        ] GC(2137) PSYoungGen: 172544K(173056K)->992K(173056K) Eden: 171520K(171520K)->0K(171520K) From: 1024K(1536K)->992K(1536K)
[264.266s][info][gc,heap        ] GC(2137) ParOldGen: 11047K(349696K)->11103K(349696K)
[264.266s][info][gc,metaspace   ] GC(2137) Metaspace: 14390K(15232K)->14390K(15232K) NonClass: 12409K(12864K)->12409K(12864K) Class: 1981K(2368K)->1981K(2368K)
[264.266s][info][gc             ] GC(2137) Pause Young (Allocation Failure) 179M->11M(510M) 2.385ms
[264.266s][info][gc,cpu         ] GC(2137) User=0.00s Sys=0.00s Real=0.00s
[264.387s][info][gc,start       ] GC(2138) Pause Young (Allocation Failure)
[264.389s][info][gc,heap        ] GC(2138) PSYoungGen: 172512K(173056K)->960K(173056K) Eden: 171520K(171520K)->0K(171520K) From: 992K(1536K)->960K(1536K)
[264.389s][info][gc,heap        ] GC(2138) ParOldGen: 11103K(349696K)->11143K(349696K)
[264.389s][info][gc,metaspace   ] GC(2138) Metaspace: 14390K(15232K)->14390K(15232K) NonClass: 12409K(12864K)->12409K(12864K) Class: 1981K(2368K)->1981K(2368K)
[264.389s][info][gc             ] GC(2138) Pause Young (Allocation Failure) 179M->11M(510M) 2.413ms
[264.389s][info][gc,cpu         ] GC(2138) User=0.00s Sys=0.00s Real=0.00s
[264.513s][info][gc,start       ] GC(2139) Pause Young (Allocation Failure)
[264.515s][info][gc,heap        ] GC(2139) PSYoungGen: 172480K(173056K)->1024K(173056K) Eden: 171520K(171520K)->0K(171520K) From: 960K(1536K)->1024K(1536K)
[264.515s][info][gc,heap        ] GC(2139) ParOldGen: 11143K(349696K)->11191K(349696K)
[264.515s][info][gc,metaspace   ] GC(2139) Metaspace: 14390K(15232K)->14390K(15232K) NonClass: 12409K(12864K)->12409K(12864K) Class: 1981K(2368K)->1981K(2368K)
[264.515s][info][gc             ] GC(2139) Pause Young (Allocation Failure) 179M->11M(510M) 2.405ms
[264.515s][info][gc,cpu         ] GC(2139) User=0.00s Sys=0.00s Real=0.00s
[264.635s][info][gc,start       ] GC(2140) Pause Young (Allocation Failure)
[264.637s][info][gc,heap        ] GC(2140) PSYoungGen: 172544K(173056K)->1024K(173056K) Eden: 171520K(171520K)->0K(171520K) From: 1024K(1536K)->1024K(1536K)
[264.637s][info][gc,heap        ] GC(2140) ParOldGen: 11191K(349696K)->11247K(349696K)
[264.637s][info][gc,metaspace   ] GC(2140) Metaspace: 14390K(15232K)->14390K(15232K) NonClass: 12409K(12864K)->12409K(12864K) Class: 1981K(2368K)->1981K(2368K)
[264.637s][info][gc             ] GC(2140) Pause Young (Allocation Failure) 179M->11M(510M) 2.390ms
[264.638s][info][gc,cpu         ] GC(2140) User=0.00s Sys=0.00s Real=0.00s
[264.760s][info][gc,start       ] GC(2141) Pause Young (Allocation Failure)
[264.762s][info][gc,heap        ] GC(2141) PSYoungGen: 172544K(173056K)->1024K(173056K) Eden: 171520K(171520K)->0K(171520K) From: 1024K(1536K)->1024K(1536K)
[264.762s][info][gc,heap        ] GC(2141) ParOldGen: 11247K(349696K)->11323K(349696K)
[264.762s][info][gc,metaspace   ] GC(2141) Metaspace: 14390K(15232K)->14390K(15232K) NonClass: 12409K(12864K)->12409K(12864K) Class: 1981K(2368K)->1981K(2368K)
[264.762s][info][gc             ] GC(2141) Pause Young (Allocation Failure) 179M->12M(510M) 2.439ms
[264.762s][info][gc,cpu         ] GC(2141) User=0.00s Sys=0.00s Real=0.00s
[264.884s][info][gc,start       ] GC(2142) Pause Young (Allocation Failure)
[264.886s][info][gc,heap        ] GC(2142) PSYoungGen: 172544K(173056K)->1024K(173056K) Eden: 171520K(171520K)->0K(171520K) From: 1024K(1536K)->1024K(1536K)
[264.886s][info][gc,heap        ] GC(2142) ParOldGen: 11323K(349696K)->11387K(349696K)
[264.886s][info][gc,metaspace   ] GC(2142) Metaspace: 14390K(15232K)->14390K(15232K) NonClass: 12409K(12864K)->12409K(12864K) Class: 1981K(2368K)->1981K(2368K)
[264.886s][info][gc             ] GC(2142) Pause Young (Allocation Failure) 179M->12M(510M) 2.445ms
[264.887s][info][gc,cpu         ] GC(2142) User=0.00s Sys=0.00s Real=0.00s
[265.009s][info][gc,start       ] GC(2143) Pause Young (Allocation Failure)
[265.011s][info][gc,heap        ] GC(2143) PSYoungGen: 172544K(173056K)->992K(173056K) Eden: 171520K(171520K)->0K(171520K) From: 1024K(1536K)->992K(1536K)
[265.011s][info][gc,heap        ] GC(2143) ParOldGen: 11387K(349696K)->11427K(349696K)
[265.011s][info][gc,metaspace   ] GC(2143) Metaspace: 14390K(15232K)->14390K(15232K) NonClass: 12409K(12864K)->12409K(12864K) Class: 1981K(2368K)->1981K(2368K)
[265.011s][info][gc             ] GC(2143) Pause Young (Allocation Failure) 179M->12M(510M) 2.452ms
[265.011s][info][gc,cpu         ] GC(2143) User=0.00s Sys=0.00s Real=0.00s
[265.134s][info][gc,start       ] GC(2144) Pause Young (Allocation Failure)
[265.137s][info][gc,heap        ] GC(2144) PSYoungGen: 172512K(173056K)->1024K(173056K) Eden: 171520K(171520K)->0K(171520K) From: 992K(1536K)->1024K(1536K)
[265.137s][info][gc,heap        ] GC(2144) ParOldGen: 11427K(349696K)->11499K(349696K)
[265.137s][info][gc,metaspace   ] GC(2144) Metaspace: 14390K(15232K)->14390K(15232K) NonClass: 12409K(12864K)->12409K(12864K) Class: 1981K(2368K)->1981K(2368K)
[265.137s][info][gc             ] GC(2144) Pause Young (Allocation Failure) 179M->12M(510M) 2.511ms
[265.137s][info][gc,cpu         ] GC(2144) User=0.00s Sys=0.00s Real=0.00s
[265.259s][info][gc,start       ] GC(2145) Pause Young (Allocation Failure)
[265.261s][info][gc,heap        ] GC(2145) PSYoungGen: 172544K(173056K)->992K(173056K) Eden: 171520K(171520K)->0K(171520K) From: 1024K(1536K)->992K(1536K)
[265.261s][info][gc,heap        ] GC(2145) ParOldGen: 11499K(349696K)->11571K(349696K)
[265.261s][info][gc,metaspace   ] GC(2145) Metaspace: 14390K(15232K)->14390K(15232K) NonClass: 12409K(12864K)->12409K(12864K) Class: 1981K(2368K)->1981K(2368K)
[265.261s][info][gc             ] GC(2145) Pause Young (Allocation Failure) 179M->12M(510M) 2.541ms
[265.261s][info][gc,cpu         ] GC(2145) User=0.00s Sys=0.00s Real=0.00s
[265.382s][info][gc,start       ] GC(2146) Pause Young (Allocation Failure)
[265.385s][info][gc,heap        ] GC(2146) PSYoungGen: 172512K(173056K)->992K(173056K) Eden: 171520K(171520K)->0K(171520K) From: 992K(1536K)->992K(1536K)
[265.385s][info][gc,heap        ] GC(2146) ParOldGen: 11571K(349696K)->11619K(349696K)
[265.385s][info][gc,metaspace   ] GC(2146) Metaspace: 14390K(15232K)->14390K(15232K) NonClass: 12409K(12864K)->12409K(12864K) Class: 1981K(2368K)->1981K(2368K)
[265.385s][info][gc             ] GC(2146) Pause Young (Allocation Failure) 179M->12M(510M) 2.543ms
[265.385s][info][gc,cpu         ] GC(2146) User=0.00s Sys=0.00s Real=0.00s
[265.506s][info][gc,start       ] GC(2147) Pause Young (Allocation Failure)
[265.509s][info][gc,heap        ] GC(2147) PSYoungGen: 172512K(173056K)->992K(173056K) Eden: 171520K(171520K)->0K(171520K) From: 992K(1536K)->992K(1536K)
[265.509s][info][gc,heap        ] GC(2147) ParOldGen: 11619K(349696K)->11691K(349696K)
[265.509s][info][gc,metaspace   ] GC(2147) Metaspace: 14390K(15232K)->14390K(15232K) NonClass: 12409K(12864K)->12409K(12864K) Class: 1981K(2368K)->1981K(2368K)
[265.509s][info][gc             ] GC(2147) Pause Young (Allocation Failure) 179M->12M(510M) 2.566ms
[265.509s][info][gc,cpu         ] GC(2147) User=0.00s Sys=0.00s Real=0.00s
[265.631s][info][gc,start       ] GC(2148) Pause Young (Allocation Failure)
[265.633s][info][gc,heap        ] GC(2148) PSYoungGen: 172512K(173056K)->1024K(173056K) Eden: 171520K(171520K)->0K(171520K) From: 992K(1536K)->1024K(1536K)
[265.633s][info][gc,heap        ] GC(2148) ParOldGen: 11691K(349696K)->11747K(349696K)
[265.633s][info][gc,metaspace   ] GC(2148) Metaspace: 14390K(15232K)->14390K(15232K) NonClass: 12409K(12864K)->12409K(12864K) Class: 1981K(2368K)->1981K(2368K)
[265.633s][info][gc             ] GC(2148) Pause Young (Allocation Failure) 179M->12M(510M) 2.587ms
[265.633s][info][gc,cpu         ] GC(2148) User=0.00s Sys=0.00s Real=0.00s
[265.755s][info][gc,start       ] GC(2149) Pause Young (Allocation Failure)
[265.758s][info][gc,heap        ] GC(2149) PSYoungGen: 172544K(173056K)->992K(173056K) Eden: 171520K(171520K)->0K(171520K) From: 1024K(1536K)->992K(1536K)
[265.758s][info][gc,heap        ] GC(2149) ParOldGen: 11747K(349696K)->11795K(349696K)
[265.758s][info][gc,metaspace   ] GC(2149) Metaspace: 14390K(15232K)->14390K(15232K) NonClass: 12409K(12864K)->12409K(12864K) Class: 1981K(2368K)->1981K(2368K)
[265.758s][info][gc             ] GC(2149) Pause Young (Allocation Failure) 179M->12M(510M) 2.632ms
[265.758s][info][gc,cpu         ] GC(2149) User=0.00s Sys=0.00s Real=0.00s
[265.879s][info][gc,start       ] GC(2150) Pause Young (Allocation Failure)
[265.882s][info][gc,heap        ] GC(2150) PSYoungGen: 172512K(173056K)->1024K(173056K) Eden: 171520K(171520K)->0K(171520K) From: 992K(1536K)->1024K(1536K)
[265.882s][info][gc,heap        ] GC(2150) ParOldGen: 11795K(349696K)->11859K(349696K)
[265.882s][info][gc,metaspace   ] GC(2150) Metaspace: 14390K(15232K)->14390K(15232K) NonClass: 12409K(12864K)->12409K(12864K) Class: 1981K(2368K)->1981K(2368K)
[265.882s][info][gc             ] GC(2150) Pause Young (Allocation Failure) 179M->12M(510M) 2.647ms
[265.882s][info][gc,cpu         ] GC(2150) User=0.00s Sys=0.00s Real=0.00s
[266.006s][info][gc,start       ] GC(2151) Pause Young (Allocation Failure)
[266.008s][info][gc,heap        ] GC(2151) PSYoungGen: 172544K(173056K)->1024K(173056K) Eden: 171520K(171520K)->0K(171520K) From: 1024K(1536K)->1024K(1536K)
[266.008s][info][gc,heap        ] GC(2151) ParOldGen: 11859K(349696K)->11923K(349696K)
[266.008s][info][gc,metaspace   ] GC(2151) Metaspace: 14390K(15232K)->14390K(15232K) NonClass: 12409K(12864K)->12409K(12864K) Class: 1981K(2368K)->1981K(2368K)
[266.008s][info][gc             ] GC(2151) Pause Young (Allocation Failure) 180M->12M(510M) 2.668ms
[266.008s][info][gc,cpu         ] GC(2151) User=0.00s Sys=0.00s Real=0.00s
[266.129s][info][gc,start       ] GC(2152) Pause Young (Allocation Failure)
[266.132s][info][gc,heap        ] GC(2152) PSYoungGen: 172544K(173056K)->1024K(173056K) Eden: 171520K(171520K)->0K(171520K) From: 1024K(1536K)->1024K(1536K)
[266.132s][info][gc,heap        ] GC(2152) ParOldGen: 11923K(349696K)->11979K(349696K)
[266.132s][info][gc,metaspace   ] GC(2152) Metaspace: 14390K(15232K)->14390K(15232K) NonClass: 12409K(12864K)->12409K(12864K) Class: 1981K(2368K)->1981K(2368K)
[266.132s][info][gc             ] GC(2152) Pause Young (Allocation Failure) 180M->12M(510M) 2.688ms
[266.132s][info][gc,cpu         ] GC(2152) User=0.00s Sys=0.00s Real=0.00s
[266.251s][info][gc,start       ] GC(2153) Pause Young (Allocation Failure)
[266.254s][info][gc,heap        ] GC(2153) PSYoungGen: 172544K(173056K)->960K(173056K) Eden: 171520K(171520K)->0K(171520K) From: 1024K(1536K)->960K(1536K)
[266.254s][info][gc,heap        ] GC(2153) ParOldGen: 11979K(349696K)->12027K(349696K)
[266.254s][info][gc,metaspace   ] GC(2153) Metaspace: 14390K(15232K)->14390K(15232K) NonClass: 12409K(12864K)->12409K(12864K) Class: 1981K(2368K)->1981K(2368K)
[266.254s][info][gc             ] GC(2153) Pause Young (Allocation Failure) 180M->12M(510M) 2.678ms
[266.254s][info][gc,cpu         ] GC(2153) User=0.00s Sys=0.00s Real=0.00s
[266.373s][info][gc,start       ] GC(2154) Pause Young (Allocation Failure)
[266.376s][info][gc,heap        ] GC(2154) PSYoungGen: 172480K(173056K)->992K(173056K) Eden: 171520K(171520K)->0K(171520K) From: 960K(1536K)->992K(1536K)
[266.376s][info][gc,heap        ] GC(2154) ParOldGen: 12027K(349696K)->12091K(349696K)
[266.376s][info][gc,metaspace   ] GC(2154) Metaspace: 14390K(15232K)->14390K(15232K) NonClass: 12409K(12864K)->12409K(12864K) Class: 1981K(2368K)->1981K(2368K)
[266.376s][info][gc             ] GC(2154) Pause Young (Allocation Failure) 180M->12M(510M) 2.770ms
[266.376s][info][gc,cpu         ] GC(2154) User=0.00s Sys=0.00s Real=0.00s
[266.494s][info][gc,start       ] GC(2155) Pause Young (Allocation Failure)
[266.496s][info][gc,heap        ] GC(2155) PSYoungGen: 172512K(173056K)->992K(173056K) Eden: 171520K(171520K)->0K(171520K) From: 992K(1536K)->992K(1536K)
[266.496s][info][gc,heap        ] GC(2155) ParOldGen: 12091K(349696K)->12139K(349696K)
[266.496s][info][gc,metaspace   ] GC(2155) Metaspace: 14390K(15232K)->14390K(15232K) NonClass: 12409K(12864K)->12409K(12864K) Class: 1981K(2368K)->1981K(2368K)
[266.496s][info][gc             ] GC(2155) Pause Young (Allocation Failure) 180M->12M(510M) 2.789ms
[266.496s][info][gc,cpu         ] GC(2155) User=0.00s Sys=0.00s Real=0.00s
[266.618s][info][gc,start       ] GC(2156) Pause Young (Allocation Failure)
[266.621s][info][gc,heap        ] GC(2156) PSYoungGen: 172512K(173056K)->1024K(173056K) Eden: 171520K(171520K)->0K(171520K) From: 992K(1536K)->1024K(1536K)
[266.621s][info][gc,heap        ] GC(2156) ParOldGen: 12139K(349696K)->12179K(349696K)
[266.621s][info][gc,metaspace   ] GC(2156) Metaspace: 14390K(15232K)->14390K(15232K) NonClass: 12409K(12864K)->12409K(12864K) Class: 1981K(2368K)->1981K(2368K)
[266.621s][info][gc             ] GC(2156) Pause Young (Allocation Failure) 180M->12M(510M) 2.793ms
[266.621s][info][gc,cpu         ] GC(2156) User=0.00s Sys=0.00s Real=0.00s
[266.738s][info][gc,start       ] GC(2157) Pause Young (Allocation Failure)
[266.740s][info][gc,heap        ] GC(2157) PSYoungGen: 172544K(173056K)->960K(173056K) Eden: 171520K(171520K)->0K(171520K) From: 1024K(1536K)->960K(1536K)
[266.740s][info][gc,heap        ] GC(2157) ParOldGen: 12179K(349696K)->12259K(349696K)
[266.740s][info][gc,metaspace   ] GC(2157) Metaspace: 14390K(15232K)->14390K(15232K) NonClass: 12409K(12864K)->12409K(12864K) Class: 1981K(2368K)->1981K(2368K)
[266.740s][info][gc             ] GC(2157) Pause Young (Allocation Failure) 180M->12M(510M) 2.871ms
[266.740s][info][gc,cpu         ] GC(2157) User=0.52s Sys=0.00s Real=0.00s
[266.859s][info][gc,start       ] GC(2158) Pause Young (Allocation Failure)
[266.877s][info][gc,heap        ] GC(2158) PSYoungGen: 172480K(173056K)->992K(173056K) Eden: 171520K(171520K)->0K(171520K) From: 960K(1536K)->992K(1536K)
[266.877s][info][gc,heap        ] GC(2158) ParOldGen: 12259K(349696K)->12299K(349696K)
[266.877s][info][gc,metaspace   ] GC(2158) Metaspace: 14390K(15232K)->14390K(15232K) NonClass: 12409K(12864K)->12409K(12864K) Class: 1981K(2368K)->1981K(2368K)
[266.877s][info][gc             ] GC(2158) Pause Young (Allocation Failure) 180M->12M(510M) 17.700ms
[266.877s][info][gc,cpu         ] GC(2158) User=0.00s Sys=0.00s Real=0.01s
[267.053s][info][gc,start       ] GC(2159) Pause Young (Allocation Failure)
[267.057s][info][gc,heap        ] GC(2159) PSYoungGen: 172512K(173056K)->960K(173056K) Eden: 171520K(171520K)->0K(171520K) From: 992K(1536K)->960K(1536K)
[267.057s][info][gc,heap        ] GC(2159) ParOldGen: 12299K(349696K)->12339K(349696K)
[267.057s][info][gc,metaspace   ] GC(2159) Metaspace: 14390K(15232K)->14390K(15232K) NonClass: 12409K(12864K)->12409K(12864K) Class: 1981K(2368K)->1981K(2368K)
[267.057s][info][gc             ] GC(2159) Pause Young (Allocation Failure) 180M->12M(510M) 3.550ms
[267.057s][info][gc,cpu         ] GC(2159) User=0.00s Sys=0.00s Real=0.00s
[267.185s][info][gc,start       ] GC(2160) Pause Young (Allocation Failure)
[267.187s][info][gc,heap        ] GC(2160) PSYoungGen: 172480K(173056K)->928K(173056K) Eden: 171520K(171520K)->0K(171520K) From: 960K(1536K)->928K(1536K)
[267.187s][info][gc,heap        ] GC(2160) ParOldGen: 12339K(349696K)->12379K(349696K)
[267.187s][info][gc,metaspace   ] GC(2160) Metaspace: 14390K(15232K)->14390K(15232K) NonClass: 12409K(12864K)->12409K(12864K) Class: 1981K(2368K)->1981K(2368K)
[267.187s][info][gc             ] GC(2160) Pause Young (Allocation Failure) 180M->12M(510M) 2.699ms
[267.187s][info][gc,cpu         ] GC(2160) User=0.00s Sys=0.00s Real=0.00s
[267.299s][info][gc,start       ] GC(2161) Pause Young (Allocation Failure)
[267.301s][info][gc,heap        ] GC(2161) PSYoungGen: 172448K(173056K)->1024K(173056K) Eden: 171520K(171520K)->0K(171520K) From: 928K(1536K)->1024K(1536K)
[267.301s][info][gc,heap        ] GC(2161) ParOldGen: 12379K(349696K)->12443K(349696K)
[267.301s][info][gc,metaspace   ] GC(2161) Metaspace: 14390K(15232K)->14390K(15232K) NonClass: 12409K(12864K)->12409K(12864K) Class: 1981K(2368K)->1981K(2368K)
[267.301s][info][gc             ] GC(2161) Pause Young (Allocation Failure) 180M->13M(510M) 2.665ms
[267.302s][info][gc,cpu         ] GC(2161) User=0.52s Sys=0.00s Real=0.00s
[267.402s][info][gc,start       ] GC(2162) Pause Young (Allocation Failure)
[267.405s][info][gc,heap        ] GC(2162) PSYoungGen: 172544K(173056K)->864K(173056K) Eden: 171520K(171520K)->0K(171520K) From: 1024K(1536K)->864K(1536K)
[267.405s][info][gc,heap        ] GC(2162) ParOldGen: 12443K(349696K)->12491K(349696K)
[267.405s][info][gc,metaspace   ] GC(2162) Metaspace: 14390K(15232K)->14390K(15232K) NonClass: 12409K(12864K)->12409K(12864K) Class: 1981K(2368K)->1981K(2368K)
[267.405s][info][gc             ] GC(2162) Pause Young (Allocation Failure) 180M->13M(510M) 2.723ms
[267.405s][info][gc,cpu         ] GC(2162) User=0.00s Sys=0.00s Real=0.00s
[267.476s][info][gc,start       ] GC(2163) Pause Young (Allocation Failure)
[267.479s][info][gc,heap        ] GC(2163) PSYoungGen: 172384K(173056K)->832K(173056K) Eden: 171520K(171520K)->0K(171520K) From: 864K(1536K)->832K(1536K)
[267.479s][info][gc,heap        ] GC(2163) ParOldGen: 12491K(349696K)->12539K(349696K)
[267.479s][info][gc,metaspace   ] GC(2163) Metaspace: 14390K(15232K)->14390K(15232K) NonClass: 12409K(12864K)->12409K(12864K) Class: 1981K(2368K)->1981K(2368K)
[267.479s][info][gc             ] GC(2163) Pause Young (Allocation Failure) 180M->13M(510M) 2.432ms
[267.479s][info][gc,cpu         ] GC(2163) User=0.00s Sys=0.00s Real=0.00s
[267.546s][info][gc,start       ] GC(2164) Pause Young (Allocation Failure)
[267.548s][info][gc,heap        ] GC(2164) PSYoungGen: 172352K(173056K)->736K(173056K) Eden: 171520K(171520K)->0K(171520K) From: 832K(1536K)->736K(1536K)
[267.548s][info][gc,heap        ] GC(2164) ParOldGen: 12539K(349696K)->12563K(349696K)
[267.548s][info][gc,metaspace   ] GC(2164) Metaspace: 14390K(15232K)->14390K(15232K) NonClass: 12409K(12864K)->12409K(12864K) Class: 1981K(2368K)->1981K(2368K)
[267.548s][info][gc             ] GC(2164) Pause Young (Allocation Failure) 180M->12M(510M) 2.404ms
[267.548s][info][gc,cpu         ] GC(2164) User=0.00s Sys=0.00s Real=0.00s
[267.634s][info][gc,start       ] GC(2165) Pause Young (Allocation Failure)
[267.636s][info][gc,heap        ] GC(2165) PSYoungGen: 172256K(173056K)->736K(173056K) Eden: 171520K(171520K)->0K(171520K) From: 736K(1536K)->736K(1536K)
[267.636s][info][gc,heap        ] GC(2165) ParOldGen: 12563K(349696K)->12587K(349696K)
[267.636s][info][gc,metaspace   ] GC(2165) Metaspace: 14390K(15232K)->14390K(15232K) NonClass: 12409K(12864K)->12409K(12864K) Class: 1981K(2368K)->1981K(2368K)
[267.636s][info][gc             ] GC(2165) Pause Young (Allocation Failure) 180M->13M(510M) 2.420ms
[267.636s][info][gc,cpu         ] GC(2165) User=0.00s Sys=0.00s Real=0.00s
[267.780s][info][gc,start       ] GC(2166) Pause Young (Allocation Failure)
[267.782s][info][gc,heap        ] GC(2166) PSYoungGen: 172256K(173056K)->416K(173056K) Eden: 171520K(171520K)->0K(171520K) From: 736K(1536K)->416K(1536K)
[267.782s][info][gc,heap        ] GC(2166) ParOldGen: 12587K(349696K)->12635K(349696K)
[267.782s][info][gc,metaspace   ] GC(2166) Metaspace: 14390K(15232K)->14390K(15232K) NonClass: 12409K(12864K)->12409K(12864K) Class: 1981K(2368K)->1981K(2368K)
[267.782s][info][gc             ] GC(2166) Pause Young (Allocation Failure) 180M->12M(510M) 2.550ms
[267.782s][info][gc,cpu         ] GC(2166) User=0.00s Sys=0.00s Real=0.00s
[267.881s][info][gc,start       ] GC(2167) Pause Young (System.gc())
[267.883s][info][gc,heap        ] GC(2167) PSYoungGen: 43467K(173056K)->192K(173056K) Eden: 43051K(171520K)->0K(171520K) From: 416K(1536K)->192K(1536K)
[267.884s][info][gc,heap        ] GC(2167) ParOldGen: 12635K(349696K)->12699K(349696K)
[267.884s][info][gc,metaspace   ] GC(2167) Metaspace: 14390K(15232K)->14390K(15232K) NonClass: 12409K(12864K)->12409K(12864K) Class: 1981K(2368K)->1981K(2368K)
[267.884s][info][gc             ] GC(2167) Pause Young (System.gc()) 54M->12M(510M) 2.455ms
[267.884s][info][gc,cpu         ] GC(2167) User=0.00s Sys=0.00s Real=0.00s
[267.884s][info][gc,start       ] GC(2168) Pause Full (System.gc())
[267.884s][info][gc,phases,start] GC(2168) Marking Phase
[267.895s][info][gc,phases      ] GC(2168) Marking Phase 11.606ms
[267.895s][info][gc,phases,start] GC(2168) Summary Phase
[267.895s][info][gc,phases      ] GC(2168) Summary Phase 0.013ms
[267.895s][info][gc,phases,start] GC(2168) Adjust Roots
[267.902s][info][gc,phases      ] GC(2168) Adjust Roots 6.346ms
[267.902s][info][gc,phases,start] GC(2168) Compaction Phase
[267.903s][info][gc,phases      ] GC(2168) Compaction Phase 1.360ms
[267.903s][info][gc,phases,start] GC(2168) Post Compact
[267.903s][info][gc,phases      ] GC(2168) Post Compact 0.176ms
[267.903s][info][gc,heap        ] GC(2168) PSYoungGen: 192K(173056K)->0K(173056K) Eden: 0K(171520K)->0K(171520K) From: 192K(1536K)->0K(1536K)
[267.903s][info][gc,heap        ] GC(2168) ParOldGen: 12699K(349696K)->5380K(349696K)
[267.903s][info][gc,metaspace   ] GC(2168) Metaspace: 14390K(15232K)->14390K(15232K) NonClass: 12409K(12864K)->12409K(12864K) Class: 1981K(2368K)->1981K(2368K)
[267.903s][info][gc             ] GC(2168) Pause Full (System.gc()) 12M->5M(510M) 19.686ms
[267.903s][info][gc,cpu         ] GC(2168) User=0.02s Sys=0.00s Real=0.02s
[268.050s][info][gc,start       ] GC(2169) Pause Young (Allocation Failure)
[268.053s][info][gc,heap        ] GC(2169) PSYoungGen: 171520K(173056K)->1536K(173056K) Eden: 171520K(171520K)->0K(171520K) From: 0K(1536K)->1536K(1536K)
[268.053s][info][gc,heap        ] GC(2169) ParOldGen: 5380K(349696K)->5624K(349696K)
[268.053s][info][gc,metaspace   ] GC(2169) Metaspace: 14411K(15296K)->14411K(15296K) NonClass: 12430K(12928K)->12430K(12928K) Class: 1981K(2368K)->1981K(2368K)
[268.053s][info][gc             ] GC(2169) Pause Young (Allocation Failure) 172M->6M(510M) 2.535ms
[268.053s][info][gc,cpu         ] GC(2169) User=0.52s Sys=0.00s Real=0.00s
[268.169s][info][gc,start       ] GC(2170) Pause Young (Allocation Failure)
[268.171s][info][gc,heap        ] GC(2170) PSYoungGen: 173056K(173056K)->1024K(172032K) Eden: 171520K(171520K)->0K(170496K) From: 1536K(1536K)->1024K(1536K)
[268.171s][info][gc,heap        ] GC(2170) ParOldGen: 5624K(349696K)->7072K(349696K)
[268.171s][info][gc,metaspace   ] GC(2170) Metaspace: 14411K(15296K)->14411K(15296K) NonClass: 12430K(12928K)->12430K(12928K) Class: 1981K(2368K)->1981K(2368K)
[268.171s][info][gc             ] GC(2170) Pause Young (Allocation Failure) 174M->7M(509M) 2.532ms
[268.171s][info][gc,cpu         ] GC(2170) User=0.00s Sys=0.00s Real=0.00s
[268.289s][info][gc,start       ] GC(2171) Pause Young (Allocation Failure)
[268.291s][info][gc,heap        ] GC(2171) PSYoungGen: 171520K(172032K)->1024K(172544K) Eden: 170496K(170496K)->0K(170496K) From: 1024K(1536K)->1024K(2048K)
[268.291s][info][gc,heap        ] GC(2171) ParOldGen: 7072K(349696K)->7128K(349696K)
[268.292s][info][gc,metaspace   ] GC(2171) Metaspace: 14411K(15296K)->14411K(15296K) NonClass: 12430K(12928K)->12430K(12928K) Class: 1981K(2368K)->1981K(2368K)
[268.292s][info][gc             ] GC(2171) Pause Young (Allocation Failure) 174M->7M(510M) 2.465ms
[268.292s][info][gc,cpu         ] GC(2171) User=0.00s Sys=0.00s Real=0.00s
[268.411s][info][gc,start       ] GC(2172) Pause Young (Allocation Failure)
[268.414s][info][gc,heap        ] GC(2172) PSYoungGen: 171520K(172544K)->992K(171520K) Eden: 170496K(170496K)->0K(170496K) From: 1024K(2048K)->992K(1024K)
[268.414s][info][gc,heap        ] GC(2172) ParOldGen: 7128K(349696K)->7184K(349696K)
[268.414s][info][gc,metaspace   ] GC(2172) Metaspace: 14411K(15296K)->14411K(15296K) NonClass: 12430K(12928K)->12430K(12928K) Class: 1981K(2368K)->1981K(2368K)
[268.414s][info][gc             ] GC(2172) Pause Young (Allocation Failure) 174M->7M(509M) 2.567ms
[268.414s][info][gc,cpu         ] GC(2172) User=0.00s Sys=0.00s Real=0.00s
[268.534s][info][gc,start       ] GC(2173) Pause Young (Allocation Failure)
[268.537s][info][gc,heap        ] GC(2173) PSYoungGen: 171488K(171520K)->1024K(172032K) Eden: 170496K(170496K)->0K(170496K) From: 992K(1024K)->1024K(1536K)
[268.537s][info][gc,heap        ] GC(2173) ParOldGen: 7184K(349696K)->7240K(349696K)
[268.537s][info][gc,metaspace   ] GC(2173) Metaspace: 14411K(15296K)->14411K(15296K) NonClass: 12430K(12928K)->12430K(12928K) Class: 1981K(2368K)->1981K(2368K)
[268.537s][info][gc             ] GC(2173) Pause Young (Allocation Failure) 174M->8M(509M) 2.531ms
[268.537s][info][gc,cpu         ] GC(2173) User=0.52s Sys=0.00s Real=0.00s
[268.657s][info][gc,start       ] GC(2174) Pause Young (Allocation Failure)
[268.659s][info][gc,heap        ] GC(2174) PSYoungGen: 171520K(172032K)->1024K(173056K) Eden: 170496K(170496K)->0K(171520K) From: 1024K(1536K)->1024K(1536K)
[268.659s][info][gc,heap        ] GC(2174) ParOldGen: 7240K(349696K)->7312K(349696K)
[268.659s][info][gc,metaspace   ] GC(2174) Metaspace: 14411K(15296K)->14411K(15296K) NonClass: 12430K(12928K)->12430K(12928K) Class: 1981K(2368K)->1981K(2368K)
[268.659s][info][gc             ] GC(2174) Pause Young (Allocation Failure) 174M->8M(510M) 2.543ms
[268.659s][info][gc,cpu         ] GC(2174) User=0.00s Sys=0.00s Real=0.00s
[268.779s][info][gc,start       ] GC(2175) Pause Young (Allocation Failure)
[268.782s][info][gc,heap        ] GC(2175) PSYoungGen: 172544K(173056K)->960K(173056K) Eden: 171520K(171520K)->0K(171520K) From: 1024K(1536K)->960K(1536K)
[268.782s][info][gc,heap        ] GC(2175) ParOldGen: 7312K(349696K)->7384K(349696K)
[268.782s][info][gc,metaspace   ] GC(2175) Metaspace: 14411K(15296K)->14411K(15296K) NonClass: 12430K(12928K)->12430K(12928K) Class: 1981K(2368K)->1981K(2368K)
[268.782s][info][gc             ] GC(2175) Pause Young (Allocation Failure) 175M->8M(510M) 2.555ms
[268.782s][info][gc,cpu         ] GC(2175) User=0.00s Sys=0.00s Real=0.00s
[268.903s][info][gc,start       ] GC(2176) Pause Young (Allocation Failure)
[268.905s][info][gc,heap        ] GC(2176) PSYoungGen: 172480K(173056K)->992K(173056K) Eden: 171520K(171520K)->0K(171520K) From: 960K(1536K)->992K(1536K)
[268.906s][info][gc,heap        ] GC(2176) ParOldGen: 7384K(349696K)->7456K(349696K)
[268.906s][info][gc,metaspace   ] GC(2176) Metaspace: 14411K(15296K)->14411K(15296K) NonClass: 12430K(12928K)->12430K(12928K) Class: 1981K(2368K)->1981K(2368K)
[268.906s][info][gc             ] GC(2176) Pause Young (Allocation Failure) 175M->8M(510M) 2.580ms
[268.906s][info][gc,cpu         ] GC(2176) User=0.00s Sys=0.00s Real=0.00s
[269.026s][info][gc,start       ] GC(2177) Pause Young (Allocation Failure)
[269.028s][info][gc,heap        ] GC(2177) PSYoungGen: 172512K(173056K)->960K(173056K) Eden: 171520K(171520K)->0K(171520K) From: 992K(1536K)->960K(1536K)
[269.028s][info][gc,heap        ] GC(2177) ParOldGen: 7456K(349696K)->7504K(349696K)
[269.028s][info][gc,metaspace   ] GC(2177) Metaspace: 14411K(15296K)->14411K(15296K) NonClass: 12430K(12928K)->12430K(12928K) Class: 1981K(2368K)->1981K(2368K)
[269.029s][info][gc             ] GC(2177) Pause Young (Allocation Failure) 175M->8M(510M) 2.573ms
[269.029s][info][gc,cpu         ] GC(2177) User=0.00s Sys=0.00s Real=0.00s
[269.149s][info][gc,start       ] GC(2178) Pause Young (Allocation Failure)
[269.152s][info][gc,heap        ] GC(2178) PSYoungGen: 172480K(173056K)->1024K(173056K) Eden: 171520K(171520K)->0K(171520K) From: 960K(1536K)->1024K(1536K)
[269.152s][info][gc,heap        ] GC(2178) ParOldGen: 7504K(349696K)->7568K(349696K)
[269.152s][info][gc,metaspace   ] GC(2178) Metaspace: 14411K(15296K)->14411K(15296K) NonClass: 12430K(12928K)->12430K(12928K) Class: 1981K(2368K)->1981K(2368K)
[269.152s][info][gc             ] GC(2178) Pause Young (Allocation Failure) 175M->8M(510M) 2.579ms
[269.152s][info][gc,cpu         ] GC(2178) User=0.00s Sys=0.00s Real=0.00s
[269.271s][info][gc,start       ] GC(2179) Pause Young (Allocation Failure)
[269.274s][info][gc,heap        ] GC(2179) PSYoungGen: 172544K(173056K)->1024K(173056K) Eden: 171520K(171520K)->0K(171520K) From: 1024K(1536K)->1024K(1536K)
[269.274s][info][gc,heap        ] GC(2179) ParOldGen: 7568K(349696K)->7600K(349696K)
[269.274s][info][gc,metaspace   ] GC(2179) Metaspace: 14411K(15296K)->14411K(15296K) NonClass: 12430K(12928K)->12430K(12928K) Class: 1981K(2368K)->1981K(2368K)
[269.274s][info][gc             ] GC(2179) Pause Young (Allocation Failure) 175M->8M(510M) 2.642ms
[269.274s][info][gc,cpu         ] GC(2179) User=0.00s Sys=0.00s Real=0.00s
[269.396s][info][gc,start       ] GC(2180) Pause Young (Allocation Failure)
[269.399s][info][gc,heap        ] GC(2180) PSYoungGen: 172544K(173056K)->992K(173056K) Eden: 171520K(171520K)->0K(171520K) From: 1024K(1536K)->992K(1536K)
[269.399s][info][gc,heap        ] GC(2180) ParOldGen: 7600K(349696K)->7656K(349696K)
[269.399s][info][gc,metaspace   ] GC(2180) Metaspace: 14411K(15296K)->14411K(15296K) NonClass: 12430K(12928K)->12430K(12928K) Class: 1981K(2368K)->1981K(2368K)
[269.399s][info][gc             ] GC(2180) Pause Young (Allocation Failure) 175M->8M(510M) 2.642ms
[269.399s][info][gc,cpu         ] GC(2180) User=0.00s Sys=0.00s Real=0.00s
[269.520s][info][gc,start       ] GC(2181) Pause Young (Allocation Failure)
[269.522s][info][gc,heap        ] GC(2181) PSYoungGen: 172512K(173056K)->992K(173056K) Eden: 171520K(171520K)->0K(171520K) From: 992K(1536K)->992K(1536K)
[269.522s][info][gc,heap        ] GC(2181) ParOldGen: 7656K(349696K)->7696K(349696K)
[269.522s][info][gc,metaspace   ] GC(2181) Metaspace: 14411K(15296K)->14411K(15296K) NonClass: 12430K(12928K)->12430K(12928K) Class: 1981K(2368K)->1981K(2368K)
[269.522s][info][gc             ] GC(2181) Pause Young (Allocation Failure) 175M->8M(510M) 2.685ms
[269.523s][info][gc,cpu         ] GC(2181) User=0.00s Sys=0.00s Real=0.00s
[269.644s][info][gc,start       ] GC(2182) Pause Young (Allocation Failure)
[269.647s][info][gc,heap        ] GC(2182) PSYoungGen: 172512K(173056K)->1024K(173056K) Eden: 171520K(171520K)->0K(171520K) From: 992K(1536K)->1024K(1536K)
[269.647s][info][gc,heap        ] GC(2182) ParOldGen: 7696K(349696K)->7776K(349696K)
[269.647s][info][gc,metaspace   ] GC(2182) Metaspace: 14411K(15296K)->14411K(15296K) NonClass: 12430K(12928K)->12430K(12928K) Class: 1981K(2368K)->1981K(2368K)
[269.647s][info][gc             ] GC(2182) Pause Young (Allocation Failure) 175M->8M(510M) 2.745ms
[269.647s][info][gc,cpu         ] GC(2182) User=0.00s Sys=0.00s Real=0.00s
[269.766s][info][gc,start       ] GC(2183) Pause Young (Allocation Failure)
[269.769s][info][gc,heap        ] GC(2183) PSYoungGen: 172544K(173056K)->1024K(173056K) Eden: 171520K(171520K)->0K(171520K) From: 1024K(1536K)->1024K(1536K)
[269.769s][info][gc,heap        ] GC(2183) ParOldGen: 7776K(349696K)->7832K(349696K)
[269.769s][info][gc,metaspace   ] GC(2183) Metaspace: 14411K(15296K)->14411K(15296K) NonClass: 12430K(12928K)->12430K(12928K) Class: 1981K(2368K)->1981K(2368K)
[269.769s][info][gc             ] GC(2183) Pause Young (Allocation Failure) 176M->8M(510M) 2.673ms
[269.769s][info][gc,cpu         ] GC(2183) User=0.00s Sys=0.00s Real=0.00s
[269.890s][info][gc,start       ] GC(2184) Pause Young (Allocation Failure)
[269.893s][info][gc,heap        ] GC(2184) PSYoungGen: 172544K(173056K)->992K(173056K) Eden: 171520K(171520K)->0K(171520K) From: 1024K(1536K)->992K(1536K)
[269.893s][info][gc,heap        ] GC(2184) ParOldGen: 7832K(349696K)->7896K(349696K)
[269.893s][info][gc,metaspace   ] GC(2184) Metaspace: 14411K(15296K)->14411K(15296K) NonClass: 12430K(12928K)->12430K(12928K) Class: 1981K(2368K)->1981K(2368K)
[269.893s][info][gc             ] GC(2184) Pause Young (Allocation Failure) 176M->8M(510M) 2.752ms
[269.893s][info][gc,cpu         ] GC(2184) User=0.00s Sys=0.00s Real=0.00s
[270.013s][info][gc,start       ] GC(2185) Pause Young (Allocation Failure)
[270.016s][info][gc,heap        ] GC(2185) PSYoungGen: 172512K(173056K)->1024K(173056K) Eden: 171520K(171520K)->0K(171520K) From: 992K(1536K)->1024K(1536K)
[270.016s][info][gc,heap        ] GC(2185) ParOldGen: 7896K(349696K)->7952K(349696K)
[270.016s][info][gc,metaspace   ] GC(2185) Metaspace: 14411K(15296K)->14411K(15296K) NonClass: 12430K(12928K)->12430K(12928K) Class: 1981K(2368K)->1981K(2368K)
[270.016s][info][gc             ] GC(2185) Pause Young (Allocation Failure) 176M->8M(510M) 2.762ms
[270.016s][info][gc,cpu         ] GC(2185) User=0.00s Sys=0.00s Real=0.00s
[270.134s][info][gc,start       ] GC(2186) Pause Young (Allocation Failure)
[270.137s][info][gc,heap        ] GC(2186) PSYoungGen: 172544K(173056K)->1024K(173056K) Eden: 171520K(171520K)->0K(171520K) From: 1024K(1536K)->1024K(1536K)
[270.137s][info][gc,heap        ] GC(2186) ParOldGen: 7952K(349696K)->7992K(349696K)
[270.137s][info][gc,metaspace   ] GC(2186) Metaspace: 14411K(15296K)->14411K(15296K) NonClass: 12430K(12928K)->12430K(12928K) Class: 1981K(2368K)->1981K(2368K)
[270.137s][info][gc             ] GC(2186) Pause Young (Allocation Failure) 176M->8M(510M) 2.786ms
[270.137s][info][gc,cpu         ] GC(2186) User=0.00s Sys=0.00s Real=0.00s
[270.257s][info][gc,start       ] GC(2187) Pause Young (Allocation Failure)
[270.259s][info][gc,heap        ] GC(2187) PSYoungGen: 172544K(173056K)->1024K(173056K) Eden: 171520K(171520K)->0K(171520K) From: 1024K(1536K)->1024K(1536K)
[270.259s][info][gc,heap        ] GC(2187) ParOldGen: 7992K(349696K)->8040K(349696K)
[270.259s][info][gc,metaspace   ] GC(2187) Metaspace: 14411K(15296K)->14411K(15296K) NonClass: 12430K(12928K)->12430K(12928K) Class: 1981K(2368K)->1981K(2368K)
[270.259s][info][gc             ] GC(2187) Pause Young (Allocation Failure) 176M->8M(510M) 2.799ms
[270.259s][info][gc,cpu         ] GC(2187) User=0.00s Sys=0.00s Real=0.00s
[270.379s][info][gc,start       ] GC(2188) Pause Young (Allocation Failure)
[270.381s][info][gc,heap        ] GC(2188) PSYoungGen: 172544K(173056K)->1024K(173056K) Eden: 171520K(171520K)->0K(171520K) From: 1024K(1536K)->1024K(1536K)
[270.382s][info][gc,heap        ] GC(2188) ParOldGen: 8040K(349696K)->8088K(349696K)
[270.382s][info][gc,metaspace   ] GC(2188) Metaspace: 14411K(15296K)->14411K(15296K) NonClass: 12430K(12928K)->12430K(12928K) Class: 1981K(2368K)->1981K(2368K)
[270.382s][info][gc             ] GC(2188) Pause Young (Allocation Failure) 176M->8M(510M) 2.861ms
[270.382s][info][gc,cpu         ] GC(2188) User=0.52s Sys=0.00s Real=0.00s
[270.502s][info][gc,start       ] GC(2189) Pause Young (Allocation Failure)
[270.505s][info][gc,heap        ] GC(2189) PSYoungGen: 172543K(173056K)->992K(173056K) Eden: 171519K(171520K)->0K(171520K) From: 1024K(1536K)->992K(1536K)
[270.505s][info][gc,heap        ] GC(2189) ParOldGen: 8088K(349696K)->8152K(349696K)
[270.505s][info][gc,metaspace   ] GC(2189) Metaspace: 14411K(15296K)->14411K(15296K) NonClass: 12430K(12928K)->12430K(12928K) Class: 1981K(2368K)->1981K(2368K)
[270.505s][info][gc             ] GC(2189) Pause Young (Allocation Failure) 176M->8M(510M) 2.914ms
[270.505s][info][gc,cpu         ] GC(2189) User=0.52s Sys=0.00s Real=0.00s
[270.627s][info][gc,start       ] GC(2190) Pause Young (Allocation Failure)
[270.630s][info][gc,heap        ] GC(2190) PSYoungGen: 172512K(173056K)->1024K(173056K) Eden: 171520K(171520K)->0K(171520K) From: 992K(1536K)->1024K(1536K)
[270.630s][info][gc,heap        ] GC(2190) ParOldGen: 8152K(349696K)->8216K(349696K)
[270.630s][info][gc,metaspace   ] GC(2190) Metaspace: 14411K(15296K)->14411K(15296K) NonClass: 12430K(12928K)->12430K(12928K) Class: 1981K(2368K)->1981K(2368K)
[270.630s][info][gc             ] GC(2190) Pause Young (Allocation Failure) 176M->9M(510M) 2.872ms
[270.630s][info][gc,cpu         ] GC(2190) User=0.52s Sys=0.00s Real=0.00s
[270.774s][info][gc,start       ] GC(2191) Pause Young (Allocation Failure)
[270.778s][info][gc,heap        ] GC(2191) PSYoungGen: 172544K(173056K)->992K(173056K) Eden: 171520K(171520K)->0K(171520K) From: 1024K(1536K)->992K(1536K)
[270.778s][info][gc,heap        ] GC(2191) ParOldGen: 8216K(349696K)->8280K(349696K)
[270.778s][info][gc,metaspace   ] GC(2191) Metaspace: 14411K(15296K)->14411K(15296K) NonClass: 12430K(12928K)->12430K(12928K) Class: 1981K(2368K)->1981K(2368K)
[270.778s][info][gc             ] GC(2191) Pause Young (Allocation Failure) 176M->9M(510M) 3.311ms
[270.778s][info][gc,cpu         ] GC(2191) User=0.00s Sys=0.00s Real=0.00s
[270.906s][info][gc,start       ] GC(2192) Pause Young (Allocation Failure)
[270.908s][info][gc,heap        ] GC(2192) PSYoungGen: 172512K(173056K)->992K(173056K) Eden: 171520K(171520K)->0K(171520K) From: 992K(1536K)->992K(1536K)
[270.908s][info][gc,heap        ] GC(2192) ParOldGen: 8280K(349696K)->8328K(349696K)
[270.908s][info][gc,metaspace   ] GC(2192) Metaspace: 14411K(15296K)->14411K(15296K) NonClass: 12430K(12928K)->12430K(12928K) Class: 1981K(2368K)->1981K(2368K)
[270.908s][info][gc             ] GC(2192) Pause Young (Allocation Failure) 176M->9M(510M) 2.797ms
[270.908s][info][gc,cpu         ] GC(2192) User=0.00s Sys=0.00s Real=0.00s
[271.034s][info][gc,start       ] GC(2193) Pause Young (Allocation Failure)
[271.036s][info][gc,heap        ] GC(2193) PSYoungGen: 172512K(173056K)->1024K(173056K) Eden: 171520K(171520K)->0K(171520K) From: 992K(1536K)->1024K(1536K)
[271.036s][info][gc,heap        ] GC(2193) ParOldGen: 8328K(349696K)->8384K(349696K)
[271.036s][info][gc,metaspace   ] GC(2193) Metaspace: 14411K(15296K)->14411K(15296K) NonClass: 12430K(12928K)->12430K(12928K) Class: 1981K(2368K)->1981K(2368K)
[271.036s][info][gc             ] GC(2193) Pause Young (Allocation Failure) 176M->9M(510M) 2.740ms
[271.036s][info][gc,cpu         ] GC(2193) User=0.52s Sys=0.00s Real=0.00s
[271.161s][info][gc,start       ] GC(2194) Pause Young (Allocation Failure)
[271.164s][info][gc,heap        ] GC(2194) PSYoungGen: 172544K(173056K)->992K(173056K) Eden: 171520K(171520K)->0K(171520K) From: 1024K(1536K)->992K(1536K)
[271.164s][info][gc,heap        ] GC(2194) ParOldGen: 8384K(349696K)->8456K(349696K)
[271.164s][info][gc,metaspace   ] GC(2194) Metaspace: 14411K(15296K)->14411K(15296K) NonClass: 12430K(12928K)->12430K(12928K) Class: 1981K(2368K)->1981K(2368K)
[271.164s][info][gc             ] GC(2194) Pause Young (Allocation Failure) 176M->9M(510M) 2.600ms
[271.164s][info][gc,cpu         ] GC(2194) User=0.00s Sys=0.00s Real=0.00s
[271.288s][info][gc,start       ] GC(2195) Pause Young (Allocation Failure)
[271.290s][info][gc,heap        ] GC(2195) PSYoungGen: 172512K(173056K)->1024K(173056K) Eden: 171520K(171520K)->0K(171520K) From: 992K(1536K)->1024K(1536K)
[271.290s][info][gc,heap        ] GC(2195) ParOldGen: 8456K(349696K)->8504K(349696K)
[271.290s][info][gc,metaspace   ] GC(2195) Metaspace: 14411K(15296K)->14411K(15296K) NonClass: 12430K(12928K)->12430K(12928K) Class: 1981K(2368K)->1981K(2368K)
[271.290s][info][gc             ] GC(2195) Pause Young (Allocation Failure) 176M->9M(510M) 2.678ms
[271.290s][info][gc,cpu         ] GC(2195) User=0.00s Sys=0.00s Real=0.00s
[271.422s][info][gc,start       ] GC(2196) Pause Young (Allocation Failure)
[271.425s][info][gc,heap        ] GC(2196) PSYoungGen: 172544K(173056K)->960K(173056K) Eden: 171520K(171520K)->0K(171520K) From: 1024K(1536K)->960K(1536K)
[271.425s][info][gc,heap        ] GC(2196) ParOldGen: 8504K(349696K)->8576K(349696K)
[271.425s][info][gc,metaspace   ] GC(2196) Metaspace: 14411K(15296K)->14411K(15296K) NonClass: 12430K(12928K)->12430K(12928K) Class: 1981K(2368K)->1981K(2368K)
[271.425s][info][gc             ] GC(2196) Pause Young (Allocation Failure) 176M->9M(510M) 2.558ms
[271.425s][info][gc,cpu         ] GC(2196) User=0.00s Sys=0.00s Real=0.00s
[271.556s][info][gc,start       ] GC(2197) Pause Young (Allocation Failure)
[271.558s][info][gc,heap        ] GC(2197) PSYoungGen: 172480K(173056K)->992K(173056K) Eden: 171520K(171520K)->0K(171520K) From: 960K(1536K)->992K(1536K)
[271.558s][info][gc,heap        ] GC(2197) ParOldGen: 8576K(349696K)->8632K(349696K)
[271.559s][info][gc,metaspace   ] GC(2197) Metaspace: 14411K(15296K)->14411K(15296K) NonClass: 12430K(12928K)->12430K(12928K) Class: 1981K(2368K)->1981K(2368K)
[271.559s][info][gc             ] GC(2197) Pause Young (Allocation Failure) 176M->9M(510M) 2.421ms
[271.559s][info][gc,cpu         ] GC(2197) User=0.00s Sys=0.00s Real=0.00s
[271.683s][info][gc,start       ] GC(2198) Pause Young (Allocation Failure)
[271.685s][info][gc,heap        ] GC(2198) PSYoungGen: 172512K(173056K)->1024K(173056K) Eden: 171520K(171520K)->0K(171520K) From: 992K(1536K)->1024K(1536K)
[271.685s][info][gc,heap        ] GC(2198) ParOldGen: 8632K(349696K)->8712K(349696K)
[271.685s][info][gc,metaspace   ] GC(2198) Metaspace: 14411K(15296K)->14411K(15296K) NonClass: 12430K(12928K)->12430K(12928K) Class: 1981K(2368K)->1981K(2368K)
[271.685s][info][gc             ] GC(2198) Pause Young (Allocation Failure) 176M->9M(510M) 2.418ms
[271.685s][info][gc,cpu         ] GC(2198) User=0.00s Sys=0.00s Real=0.00s
[271.805s][info][gc,start       ] GC(2199) Pause Young (Allocation Failure)
[271.808s][info][gc,heap        ] GC(2199) PSYoungGen: 172544K(173056K)->992K(173056K) Eden: 171520K(171520K)->0K(171520K) From: 1024K(1536K)->992K(1536K)
[271.808s][info][gc,heap        ] GC(2199) ParOldGen: 8712K(349696K)->8800K(349696K)
[271.808s][info][gc,metaspace   ] GC(2199) Metaspace: 14411K(15296K)->14411K(15296K) NonClass: 12430K(12928K)->12430K(12928K) Class: 1981K(2368K)->1981K(2368K)
[271.808s][info][gc             ] GC(2199) Pause Young (Allocation Failure) 177M->9M(510M) 2.407ms
[271.808s][info][gc,cpu         ] GC(2199) User=0.00s Sys=0.00s Real=0.00s
[271.929s][info][gc,start       ] GC(2200) Pause Young (Allocation Failure)
[271.932s][info][gc,heap        ] GC(2200) PSYoungGen: 172512K(173056K)->992K(173056K) Eden: 171520K(171520K)->0K(171520K) From: 992K(1536K)->992K(1536K)
[271.932s][info][gc,heap        ] GC(2200) ParOldGen: 8800K(349696K)->8856K(349696K)
[271.932s][info][gc,metaspace   ] GC(2200) Metaspace: 14411K(15296K)->14411K(15296K) NonClass: 12430K(12928K)->12430K(12928K) Class: 1981K(2368K)->1981K(2368K)
[271.932s][info][gc             ] GC(2200) Pause Young (Allocation Failure) 177M->9M(510M) 2.479ms
[271.932s][info][gc,cpu         ] GC(2200) User=0.00s Sys=0.00s Real=0.00s
[272.052s][info][gc,start       ] GC(2201) Pause Young (Allocation Failure)
[272.054s][info][gc,heap        ] GC(2201) PSYoungGen: 172512K(173056K)->1024K(173056K) Eden: 171520K(171520K)->0K(171520K) From: 992K(1536K)->1024K(1536K)
[272.054s][info][gc,heap        ] GC(2201) ParOldGen: 8856K(349696K)->8912K(349696K)
[272.054s][info][gc,metaspace   ] GC(2201) Metaspace: 14411K(15296K)->14411K(15296K) NonClass: 12430K(12928K)->12430K(12928K) Class: 1981K(2368K)->1981K(2368K)
[272.054s][info][gc             ] GC(2201) Pause Young (Allocation Failure) 177M->9M(510M) 2.598ms
[272.054s][info][gc,cpu         ] GC(2201) User=0.00s Sys=0.00s Real=0.00s
[272.174s][info][gc,start       ] GC(2202) Pause Young (Allocation Failure)
[272.176s][info][gc,heap        ] GC(2202) PSYoungGen: 172544K(173056K)->992K(173056K) Eden: 171520K(171520K)->0K(171520K) From: 1024K(1536K)->992K(1536K)
[272.176s][info][gc,heap        ] GC(2202) ParOldGen: 8912K(349696K)->8960K(349696K)
[272.176s][info][gc,metaspace   ] GC(2202) Metaspace: 14411K(15296K)->14411K(15296K) NonClass: 12430K(12928K)->12430K(12928K) Class: 1981K(2368K)->1981K(2368K)
[272.176s][info][gc             ] GC(2202) Pause Young (Allocation Failure) 177M->9M(510M) 2.526ms
[272.176s][info][gc,cpu         ] GC(2202) User=0.52s Sys=0.00s Real=0.00s
[272.298s][info][gc,start       ] GC(2203) Pause Young (Allocation Failure)
[272.300s][info][gc,heap        ] GC(2203) PSYoungGen: 172512K(173056K)->960K(173056K) Eden: 171520K(171520K)->0K(171520K) From: 992K(1536K)->960K(1536K)
[272.300s][info][gc,heap        ] GC(2203) ParOldGen: 8960K(349696K)->9016K(349696K)
[272.300s][info][gc,metaspace   ] GC(2203) Metaspace: 14411K(15296K)->14411K(15296K) NonClass: 12430K(12928K)->12430K(12928K) Class: 1981K(2368K)->1981K(2368K)
[272.300s][info][gc             ] GC(2203) Pause Young (Allocation Failure) 177M->9M(510M) 2.531ms
[272.300s][info][gc,cpu         ] GC(2203) User=0.00s Sys=0.00s Real=0.00s
[272.420s][info][gc,start       ] GC(2204) Pause Young (Allocation Failure)
[272.422s][info][gc,heap        ] GC(2204) PSYoungGen: 172480K(173056K)->992K(173056K) Eden: 171520K(171520K)->0K(171520K) From: 960K(1536K)->992K(1536K)
[272.422s][info][gc,heap        ] GC(2204) ParOldGen: 9016K(349696K)->9096K(349696K)
[272.422s][info][gc,metaspace   ] GC(2204) Metaspace: 14411K(15296K)->14411K(15296K) NonClass: 12430K(12928K)->12430K(12928K) Class: 1981K(2368K)->1981K(2368K)
[272.422s][info][gc             ] GC(2204) Pause Young (Allocation Failure) 177M->9M(510M) 2.620ms
[272.422s][info][gc,cpu         ] GC(2204) User=0.00s Sys=0.00s Real=0.00s
[272.545s][info][gc,start       ] GC(2205) Pause Young (Allocation Failure)
[272.548s][info][gc,heap        ] GC(2205) PSYoungGen: 172512K(173056K)->992K(173056K) Eden: 171520K(171520K)->0K(171520K) From: 992K(1536K)->992K(1536K)
[272.548s][info][gc,heap        ] GC(2205) ParOldGen: 9096K(349696K)->9152K(349696K)
[272.548s][info][gc,metaspace   ] GC(2205) Metaspace: 14411K(15296K)->14411K(15296K) NonClass: 12430K(12928K)->12430K(12928K) Class: 1981K(2368K)->1981K(2368K)
[272.548s][info][gc             ] GC(2205) Pause Young (Allocation Failure) 177M->9M(510M) 2.603ms
[272.548s][info][gc,cpu         ] GC(2205) User=0.00s Sys=0.00s Real=0.00s
[272.668s][info][gc,start       ] GC(2206) Pause Young (Allocation Failure)
[272.670s][info][gc,heap        ] GC(2206) PSYoungGen: 172512K(173056K)->960K(173056K) Eden: 171520K(171520K)->0K(171520K) From: 992K(1536K)->960K(1536K)
[272.670s][info][gc,heap        ] GC(2206) ParOldGen: 9152K(349696K)->9192K(349696K)
[272.670s][info][gc,metaspace   ] GC(2206) Metaspace: 14411K(15296K)->14411K(15296K) NonClass: 12430K(12928K)->12430K(12928K) Class: 1981K(2368K)->1981K(2368K)
[272.670s][info][gc             ] GC(2206) Pause Young (Allocation Failure) 177M->9M(510M) 2.631ms
[272.670s][info][gc,cpu         ] GC(2206) User=0.00s Sys=0.00s Real=0.00s
[272.793s][info][gc,start       ] GC(2207) Pause Young (Allocation Failure)
[272.795s][info][gc,heap        ] GC(2207) PSYoungGen: 172480K(173056K)->960K(173056K) Eden: 171520K(171520K)->0K(171520K) From: 960K(1536K)->960K(1536K)
[272.795s][info][gc,heap        ] GC(2207) ParOldGen: 9192K(349696K)->9264K(349696K)
[272.795s][info][gc,metaspace   ] GC(2207) Metaspace: 14411K(15296K)->14411K(15296K) NonClass: 12430K(12928K)->12430K(12928K) Class: 1981K(2368K)->1981K(2368K)
[272.795s][info][gc             ] GC(2207) Pause Young (Allocation Failure) 177M->9M(510M) 2.647ms
[272.795s][info][gc,cpu         ] GC(2207) User=0.00s Sys=0.00s Real=0.00s
[272.917s][info][gc,start       ] GC(2208) Pause Young (Allocation Failure)
[272.920s][info][gc,heap        ] GC(2208) PSYoungGen: 172480K(173056K)->992K(173056K) Eden: 171520K(171520K)->0K(171520K) From: 960K(1536K)->992K(1536K)
[272.920s][info][gc,heap        ] GC(2208) ParOldGen: 9264K(349696K)->9312K(349696K)
[272.920s][info][gc,metaspace   ] GC(2208) Metaspace: 14411K(15296K)->14411K(15296K) NonClass: 12430K(12928K)->12430K(12928K) Class: 1981K(2368K)->1981K(2368K)
[272.920s][info][gc             ] GC(2208) Pause Young (Allocation Failure) 177M->10M(510M) 2.693ms
[272.920s][info][gc,cpu         ] GC(2208) User=0.00s Sys=0.00s Real=0.00s
[273.040s][info][gc,start       ] GC(2209) Pause Young (Allocation Failure)
[273.042s][info][gc,heap        ] GC(2209) PSYoungGen: 172512K(173056K)->1024K(173056K) Eden: 171520K(171520K)->0K(171520K) From: 992K(1536K)->1024K(1536K)
[273.042s][info][gc,heap        ] GC(2209) ParOldGen: 9312K(349696K)->9376K(349696K)
[273.042s][info][gc,metaspace   ] GC(2209) Metaspace: 14411K(15296K)->14411K(15296K) NonClass: 12430K(12928K)->12430K(12928K) Class: 1981K(2368K)->1981K(2368K)
[273.042s][info][gc             ] GC(2209) Pause Young (Allocation Failure) 177M->10M(510M) 2.709ms
[273.042s][info][gc,cpu         ] GC(2209) User=0.00s Sys=0.00s Real=0.00s
[273.165s][info][gc,start       ] GC(2210) Pause Young (Allocation Failure)
[273.168s][info][gc,heap        ] GC(2210) PSYoungGen: 172544K(173056K)->1024K(173056K) Eden: 171520K(171520K)->0K(171520K) From: 1024K(1536K)->1024K(1536K)
[273.168s][info][gc,heap        ] GC(2210) ParOldGen: 9376K(349696K)->9424K(349696K)
[273.168s][info][gc,metaspace   ] GC(2210) Metaspace: 14411K(15296K)->14411K(15296K) NonClass: 12430K(12928K)->12430K(12928K) Class: 1981K(2368K)->1981K(2368K)
[273.168s][info][gc             ] GC(2210) Pause Young (Allocation Failure) 177M->10M(510M) 2.737ms
[273.168s][info][gc,cpu         ] GC(2210) User=0.00s Sys=0.00s Real=0.00s
[273.289s][info][gc,start       ] GC(2211) Pause Young (Allocation Failure)
[273.292s][info][gc,heap        ] GC(2211) PSYoungGen: 172544K(173056K)->1024K(173056K) Eden: 171520K(171520K)->0K(171520K) From: 1024K(1536K)->1024K(1536K)
[273.292s][info][gc,heap        ] GC(2211) ParOldGen: 9424K(349696K)->9504K(349696K)
[273.292s][info][gc,metaspace   ] GC(2211) Metaspace: 14411K(15296K)->14411K(15296K) NonClass: 12430K(12928K)->12430K(12928K) Class: 1981K(2368K)->1981K(2368K)
[273.292s][info][gc             ] GC(2211) Pause Young (Allocation Failure) 177M->10M(510M) 2.734ms
[273.292s][info][gc,cpu         ] GC(2211) User=0.00s Sys=0.00s Real=0.00s
[273.416s][info][gc,start       ] GC(2212) Pause Young (Allocation Failure)
[273.419s][info][gc,heap        ] GC(2212) PSYoungGen: 172544K(173056K)->992K(173056K) Eden: 171520K(171520K)->0K(171520K) From: 1024K(1536K)->992K(1536K)
[273.419s][info][gc,heap        ] GC(2212) ParOldGen: 9504K(349696K)->9552K(349696K)
[273.419s][info][gc,metaspace   ] GC(2212) Metaspace: 14411K(15296K)->14411K(15296K) NonClass: 12430K(12928K)->12430K(12928K) Class: 1981K(2368K)->1981K(2368K)
[273.419s][info][gc             ] GC(2212) Pause Young (Allocation Failure) 177M->10M(510M) 2.730ms
[273.419s][info][gc,cpu         ] GC(2212) User=0.00s Sys=0.00s Real=0.00s
[273.586s][info][gc,start       ] GC(2213) Pause Young (Allocation Failure)
[273.589s][info][gc,heap        ] GC(2213) PSYoungGen: 172512K(173056K)->1024K(173056K) Eden: 171520K(171520K)->0K(171520K) From: 992K(1536K)->1024K(1536K)
[273.590s][info][gc,heap        ] GC(2213) ParOldGen: 9552K(349696K)->9616K(349696K)
[273.590s][info][gc,metaspace   ] GC(2213) Metaspace: 14411K(15296K)->14411K(15296K) NonClass: 12430K(12928K)->12430K(12928K) Class: 1981K(2368K)->1981K(2368K)
[273.590s][info][gc             ] GC(2213) Pause Young (Allocation Failure) 177M->10M(510M) 3.708ms
[273.590s][info][gc,cpu         ] GC(2213) User=0.00s Sys=0.00s Real=0.00s
[273.720s][info][gc,start       ] GC(2214) Pause Young (Allocation Failure)
[273.723s][info][gc,heap        ] GC(2214) PSYoungGen: 172544K(173056K)->992K(173056K) Eden: 171520K(171520K)->0K(171520K) From: 1024K(1536K)->992K(1536K)
[273.743s][info][gc,heap        ] GC(2214) ParOldGen: 9616K(349696K)->9672K(349696K)
[273.743s][info][gc,metaspace   ] GC(2214) Metaspace: 14411K(15296K)->14411K(15296K) NonClass: 12430K(12928K)->12430K(12928K) Class: 1981K(2368K)->1981K(2368K)
[273.743s][info][gc             ] GC(2214) Pause Young (Allocation Failure) 177M->10M(510M) 22.973ms
[273.743s][info][gc,cpu         ] GC(2214) User=0.02s Sys=0.00s Real=0.02s
[273.869s][info][gc,start       ] GC(2215) Pause Young (Allocation Failure)
[273.871s][info][gc,heap        ] GC(2215) PSYoungGen: 172512K(173056K)->1024K(173056K) Eden: 171520K(171520K)->0K(171520K) From: 992K(1536K)->1024K(1536K)
[273.871s][info][gc,heap        ] GC(2215) ParOldGen: 9672K(349696K)->9720K(349696K)
[273.871s][info][gc,metaspace   ] GC(2215) Metaspace: 14411K(15296K)->14411K(15296K) NonClass: 12430K(12928K)->12430K(12928K) Class: 1981K(2368K)->1981K(2368K)
[273.871s][info][gc             ] GC(2215) Pause Young (Allocation Failure) 177M->10M(510M) 2.564ms
[273.872s][info][gc,cpu         ] GC(2215) User=0.00s Sys=0.00s Real=0.00s
[273.995s][info][gc,start       ] GC(2216) Pause Young (Allocation Failure)
[273.997s][info][gc,heap        ] GC(2216) PSYoungGen: 172544K(173056K)->1024K(173056K) Eden: 171520K(171520K)->0K(171520K) From: 1024K(1536K)->1024K(1536K)
[273.997s][info][gc,heap        ] GC(2216) ParOldGen: 9720K(349696K)->9816K(349696K)
[273.997s][info][gc,metaspace   ] GC(2216) Metaspace: 14411K(15296K)->14411K(15296K) NonClass: 12430K(12928K)->12430K(12928K) Class: 1981K(2368K)->1981K(2368K)
[273.997s][info][gc             ] GC(2216) Pause Young (Allocation Failure) 177M->10M(510M) 2.479ms
[273.997s][info][gc,cpu         ] GC(2216) User=0.00s Sys=0.00s Real=0.00s
[274.127s][info][gc,start       ] GC(2217) Pause Young (Allocation Failure)
[274.129s][info][gc,heap        ] GC(2217) PSYoungGen: 172544K(173056K)->992K(173056K) Eden: 171520K(171520K)->0K(171520K) From: 1024K(1536K)->992K(1536K)
[274.129s][info][gc,heap        ] GC(2217) ParOldGen: 9816K(349696K)->9888K(349696K)
[274.129s][info][gc,metaspace   ] GC(2217) Metaspace: 14411K(15296K)->14411K(15296K) NonClass: 12430K(12928K)->12430K(12928K) Class: 1981K(2368K)->1981K(2368K)
[274.129s][info][gc             ] GC(2217) Pause Young (Allocation Failure) 178M->10M(510M) 2.442ms
[274.129s][info][gc,cpu         ] GC(2217) User=0.00s Sys=0.00s Real=0.00s
[274.262s][info][gc,start       ] GC(2218) Pause Young (Allocation Failure)
[274.264s][info][gc,heap        ] GC(2218) PSYoungGen: 172512K(173056K)->992K(173056K) Eden: 171520K(171520K)->0K(171520K) From: 992K(1536K)->992K(1536K)
[274.264s][info][gc,heap        ] GC(2218) ParOldGen: 9888K(349696K)->9920K(349696K)
[274.264s][info][gc,metaspace   ] GC(2218) Metaspace: 14411K(15296K)->14411K(15296K) NonClass: 12430K(12928K)->12430K(12928K) Class: 1981K(2368K)->1981K(2368K)
[274.265s][info][gc             ] GC(2218) Pause Young (Allocation Failure) 178M->10M(510M) 2.369ms
[274.265s][info][gc,cpu         ] GC(2218) User=0.00s Sys=0.00s Real=0.00s
[274.389s][info][gc,start       ] GC(2219) Pause Young (Allocation Failure)
[274.391s][info][gc,heap        ] GC(2219) PSYoungGen: 172512K(173056K)->1024K(173056K) Eden: 171520K(171520K)->0K(171520K) From: 992K(1536K)->1024K(1536K)
[274.391s][info][gc,heap        ] GC(2219) ParOldGen: 9920K(349696K)->9984K(349696K)
[274.391s][info][gc,metaspace   ] GC(2219) Metaspace: 14411K(15296K)->14411K(15296K) NonClass: 12430K(12928K)->12430K(12928K) Class: 1981K(2368K)->1981K(2368K)
[274.391s][info][gc             ] GC(2219) Pause Young (Allocation Failure) 178M->10M(510M) 2.304ms
[274.391s][info][gc,cpu         ] GC(2219) User=0.00s Sys=0.00s Real=0.00s
[274.512s][info][gc,start       ] GC(2220) Pause Young (Allocation Failure)
[274.514s][info][gc,heap        ] GC(2220) PSYoungGen: 172544K(173056K)->992K(173056K) Eden: 171520K(171520K)->0K(171520K) From: 1024K(1536K)->992K(1536K)
[274.514s][info][gc,heap        ] GC(2220) ParOldGen: 9984K(349696K)->10040K(349696K)
[274.514s][info][gc,metaspace   ] GC(2220) Metaspace: 14411K(15296K)->14411K(15296K) NonClass: 12430K(12928K)->12430K(12928K) Class: 1981K(2368K)->1981K(2368K)
[274.514s][info][gc             ] GC(2220) Pause Young (Allocation Failure) 178M->10M(510M) 2.404ms
[274.514s][info][gc,cpu         ] GC(2220) User=0.00s Sys=0.00s Real=0.00s
[274.635s][info][gc,start       ] GC(2221) Pause Young (Allocation Failure)
[274.637s][info][gc,heap        ] GC(2221) PSYoungGen: 172512K(173056K)->1024K(173056K) Eden: 171520K(171520K)->0K(171520K) From: 992K(1536K)->1024K(1536K)
[274.638s][info][gc,heap        ] GC(2221) ParOldGen: 10040K(349696K)->10088K(349696K)
[274.638s][info][gc,metaspace   ] GC(2221) Metaspace: 14411K(15296K)->14411K(15296K) NonClass: 12430K(12928K)->12430K(12928K) Class: 1981K(2368K)->1981K(2368K)
[274.638s][info][gc             ] GC(2221) Pause Young (Allocation Failure) 178M->10M(510M) 2.329ms
[274.638s][info][gc,cpu         ] GC(2221) User=0.00s Sys=0.00s Real=0.00s
[274.758s][info][gc,start       ] GC(2222) Pause Young (Allocation Failure)
[274.760s][info][gc,heap        ] GC(2222) PSYoungGen: 172544K(173056K)->992K(173056K) Eden: 171520K(171520K)->0K(171520K) From: 1024K(1536K)->992K(1536K)
[274.760s][info][gc,heap        ] GC(2222) ParOldGen: 10088K(349696K)->10144K(349696K)
[274.760s][info][gc,metaspace   ] GC(2222) Metaspace: 14411K(15296K)->14411K(15296K) NonClass: 12430K(12928K)->12430K(12928K) Class: 1981K(2368K)->1981K(2368K)
[274.760s][info][gc             ] GC(2222) Pause Young (Allocation Failure) 178M->10M(510M) 2.314ms
[274.760s][info][gc,cpu         ] GC(2222) User=0.00s Sys=0.00s Real=0.00s
[274.883s][info][gc,start       ] GC(2223) Pause Young (Allocation Failure)
[274.885s][info][gc,heap        ] GC(2223) PSYoungGen: 172512K(173056K)->1024K(173056K) Eden: 171520K(171520K)->0K(171520K) From: 992K(1536K)->1024K(1536K)
[274.885s][info][gc,heap        ] GC(2223) ParOldGen: 10144K(349696K)->10192K(349696K)
[274.885s][info][gc,metaspace   ] GC(2223) Metaspace: 14411K(15296K)->14411K(15296K) NonClass: 12430K(12928K)->12430K(12928K) Class: 1981K(2368K)->1981K(2368K)
[274.885s][info][gc             ] GC(2223) Pause Young (Allocation Failure) 178M->10M(510M) 2.386ms
[274.885s][info][gc,cpu         ] GC(2223) User=0.00s Sys=0.00s Real=0.00s
[275.006s][info][gc,start       ] GC(2224) Pause Young (Allocation Failure)
[275.009s][info][gc,heap        ] GC(2224) PSYoungGen: 172544K(173056K)->992K(173056K) Eden: 171520K(171520K)->0K(171520K) From: 1024K(1536K)->992K(1536K)
[275.009s][info][gc,heap        ] GC(2224) ParOldGen: 10192K(349696K)->10232K(349696K)
[275.009s][info][gc,metaspace   ] GC(2224) Metaspace: 14411K(15296K)->14411K(15296K) NonClass: 12430K(12928K)->12430K(12928K) Class: 1981K(2368K)->1981K(2368K)
[275.009s][info][gc             ] GC(2224) Pause Young (Allocation Failure) 178M->10M(510M) 2.398ms
[275.009s][info][gc,cpu         ] GC(2224) User=0.00s Sys=0.00s Real=0.00s
[275.129s][info][gc,start       ] GC(2225) Pause Young (Allocation Failure)
[275.131s][info][gc,heap        ] GC(2225) PSYoungGen: 172512K(173056K)->992K(173056K) Eden: 171520K(171520K)->0K(171520K) From: 992K(1536K)->992K(1536K)
[275.131s][info][gc,heap        ] GC(2225) ParOldGen: 10232K(349696K)->10304K(349696K)
[275.131s][info][gc,metaspace   ] GC(2225) Metaspace: 14411K(15296K)->14411K(15296K) NonClass: 12430K(12928K)->12430K(12928K) Class: 1981K(2368K)->1981K(2368K)
[275.131s][info][gc             ] GC(2225) Pause Young (Allocation Failure) 178M->11M(510M) 2.430ms
[275.131s][info][gc,cpu         ] GC(2225) User=0.00s Sys=0.00s Real=0.00s
[275.253s][info][gc,start       ] GC(2226) Pause Young (Allocation Failure)
[275.255s][info][gc,heap        ] GC(2226) PSYoungGen: 172512K(173056K)->992K(173056K) Eden: 171520K(171520K)->0K(171520K) From: 992K(1536K)->992K(1536K)
[275.255s][info][gc,heap        ] GC(2226) ParOldGen: 10304K(349696K)->10360K(349696K)
[275.255s][info][gc,metaspace   ] GC(2226) Metaspace: 14411K(15296K)->14411K(15296K) NonClass: 12430K(12928K)->12430K(12928K) Class: 1981K(2368K)->1981K(2368K)
[275.255s][info][gc             ] GC(2226) Pause Young (Allocation Failure) 178M->11M(510M) 2.550ms
[275.255s][info][gc,cpu         ] GC(2226) User=0.52s Sys=0.00s Real=0.00s
[275.377s][info][gc,start       ] GC(2227) Pause Young (Allocation Failure)
[275.379s][info][gc,heap        ] GC(2227) PSYoungGen: 172512K(173056K)->896K(173056K) Eden: 171520K(171520K)->0K(171520K) From: 992K(1536K)->896K(1536K)
[275.379s][info][gc,heap        ] GC(2227) ParOldGen: 10360K(349696K)->10400K(349696K)
[275.379s][info][gc,metaspace   ] GC(2227) Metaspace: 14411K(15296K)->14411K(15296K) NonClass: 12430K(12928K)->12430K(12928K) Class: 1981K(2368K)->1981K(2368K)
[275.379s][info][gc             ] GC(2227) Pause Young (Allocation Failure) 178M->11M(510M) 2.465ms
[275.379s][info][gc,cpu         ] GC(2227) User=0.52s Sys=0.00s Real=0.00s
[275.500s][info][gc,start       ] GC(2228) Pause Young (Allocation Failure)
[275.503s][info][gc,heap        ] GC(2228) PSYoungGen: 172416K(173056K)->992K(173056K) Eden: 171520K(171520K)->0K(171520K) From: 896K(1536K)->992K(1536K)
[275.503s][info][gc,heap        ] GC(2228) ParOldGen: 10400K(349696K)->10456K(349696K)
[275.503s][info][gc,metaspace   ] GC(2228) Metaspace: 14411K(15296K)->14411K(15296K) NonClass: 12430K(12928K)->12430K(12928K) Class: 1981K(2368K)->1981K(2368K)
[275.503s][info][gc             ] GC(2228) Pause Young (Allocation Failure) 178M->11M(510M) 2.485ms
[275.503s][info][gc,cpu         ] GC(2228) User=0.00s Sys=0.00s Real=0.00s
[275.628s][info][gc,start       ] GC(2229) Pause Young (Allocation Failure)
[275.630s][info][gc,heap        ] GC(2229) PSYoungGen: 172512K(173056K)->1024K(173056K) Eden: 171520K(171520K)->0K(171520K) From: 992K(1536K)->1024K(1536K)
[275.631s][info][gc,heap        ] GC(2229) ParOldGen: 10456K(349696K)->10512K(349696K)
[275.631s][info][gc,metaspace   ] GC(2229) Metaspace: 14411K(15296K)->14411K(15296K) NonClass: 12430K(12928K)->12430K(12928K) Class: 1981K(2368K)->1981K(2368K)
[275.631s][info][gc             ] GC(2229) Pause Young (Allocation Failure) 178M->11M(510M) 2.532ms
[275.631s][info][gc,cpu         ] GC(2229) User=0.52s Sys=0.00s Real=0.00s
[275.749s][info][gc,start       ] GC(2230) Pause Young (Allocation Failure)
[275.752s][info][gc,heap        ] GC(2230) PSYoungGen: 172544K(173056K)->1024K(173056K) Eden: 171520K(171520K)->0K(171520K) From: 1024K(1536K)->1024K(1536K)
[275.752s][info][gc,heap        ] GC(2230) ParOldGen: 10512K(349696K)->10552K(349696K)
[275.752s][info][gc,metaspace   ] GC(2230) Metaspace: 14411K(15296K)->14411K(15296K) NonClass: 12430K(12928K)->12430K(12928K) Class: 1981K(2368K)->1981K(2368K)
[275.752s][info][gc             ] GC(2230) Pause Young (Allocation Failure) 178M->11M(510M) 2.547ms
[275.752s][info][gc,cpu         ] GC(2230) User=0.00s Sys=0.00s Real=0.00s
[275.873s][info][gc,start       ] GC(2231) Pause Young (Allocation Failure)
[275.876s][info][gc,heap        ] GC(2231) PSYoungGen: 172544K(173056K)->1024K(173056K) Eden: 171520K(171520K)->0K(171520K) From: 1024K(1536K)->1024K(1536K)
[275.876s][info][gc,heap        ] GC(2231) ParOldGen: 10552K(349696K)->10608K(349696K)
[275.876s][info][gc,metaspace   ] GC(2231) Metaspace: 14411K(15296K)->14411K(15296K) NonClass: 12430K(12928K)->12430K(12928K) Class: 1981K(2368K)->1981K(2368K)
[275.876s][info][gc             ] GC(2231) Pause Young (Allocation Failure) 178M->11M(510M) 2.562ms
[275.876s][info][gc,cpu         ] GC(2231) User=0.00s Sys=0.00s Real=0.00s
[275.997s][info][gc,start       ] GC(2232) Pause Young (Allocation Failure)
[275.999s][info][gc,heap        ] GC(2232) PSYoungGen: 172544K(173056K)->1024K(173056K) Eden: 171520K(171520K)->0K(171520K) From: 1024K(1536K)->1024K(1536K)
[275.999s][info][gc,heap        ] GC(2232) ParOldGen: 10608K(349696K)->10664K(349696K)
[275.999s][info][gc,metaspace   ] GC(2232) Metaspace: 14411K(15296K)->14411K(15296K) NonClass: 12430K(12928K)->12430K(12928K) Class: 1981K(2368K)->1981K(2368K)
[275.999s][info][gc             ] GC(2232) Pause Young (Allocation Failure) 178M->11M(510M) 2.678ms
[275.999s][info][gc,cpu         ] GC(2232) User=0.00s Sys=0.00s Real=0.00s
[276.120s][info][gc,start       ] GC(2233) Pause Young (Allocation Failure)
[276.122s][info][gc,heap        ] GC(2233) PSYoungGen: 172544K(173056K)->992K(173056K) Eden: 171520K(171520K)->0K(171520K) From: 1024K(1536K)->992K(1536K)
[276.122s][info][gc,heap        ] GC(2233) ParOldGen: 10664K(349696K)->10720K(349696K)
[276.122s][info][gc,metaspace   ] GC(2233) Metaspace: 14411K(15296K)->14411K(15296K) NonClass: 12430K(12928K)->12430K(12928K) Class: 1981K(2368K)->1981K(2368K)
[276.122s][info][gc             ] GC(2233) Pause Young (Allocation Failure) 178M->11M(510M) 2.622ms
[276.122s][info][gc,cpu         ] GC(2233) User=0.00s Sys=0.00s Real=0.00s
[276.243s][info][gc,start       ] GC(2234) Pause Young (Allocation Failure)
[276.246s][info][gc,heap        ] GC(2234) PSYoungGen: 172512K(173056K)->1024K(173056K) Eden: 171520K(171520K)->0K(171520K) From: 992K(1536K)->1024K(1536K)
[276.246s][info][gc,heap        ] GC(2234) ParOldGen: 10720K(349696K)->10792K(349696K)
[276.246s][info][gc,metaspace   ] GC(2234) Metaspace: 14411K(15296K)->14411K(15296K) NonClass: 12430K(12928K)->12430K(12928K) Class: 1981K(2368K)->1981K(2368K)
[276.246s][info][gc             ] GC(2234) Pause Young (Allocation Failure) 178M->11M(510M) 2.675ms
[276.246s][info][gc,cpu         ] GC(2234) User=0.00s Sys=0.00s Real=0.00s
[276.368s][info][gc,start       ] GC(2235) Pause Young (Allocation Failure)
[276.371s][info][gc,heap        ] GC(2235) PSYoungGen: 172544K(173056K)->960K(173056K) Eden: 171520K(171520K)->0K(171520K) From: 1024K(1536K)->960K(1536K)
[276.371s][info][gc,heap        ] GC(2235) ParOldGen: 10792K(349696K)->10824K(349696K)
[276.371s][info][gc,metaspace   ] GC(2235) Metaspace: 14411K(15296K)->14411K(15296K) NonClass: 12430K(12928K)->12430K(12928K) Class: 1981K(2368K)->1981K(2368K)
[276.371s][info][gc             ] GC(2235) Pause Young (Allocation Failure) 179M->11M(510M) 2.625ms
[276.371s][info][gc,cpu         ] GC(2235) User=0.00s Sys=0.00s Real=0.00s
[276.493s][info][gc,start       ] GC(2236) Pause Young (Allocation Failure)
[276.496s][info][gc,heap        ] GC(2236) PSYoungGen: 172480K(173056K)->992K(173056K) Eden: 171520K(171520K)->0K(171520K) From: 960K(1536K)->992K(1536K)
[276.496s][info][gc,heap        ] GC(2236) ParOldGen: 10824K(349696K)->10888K(349696K)
[276.496s][info][gc,metaspace   ] GC(2236) Metaspace: 14411K(15296K)->14411K(15296K) NonClass: 12430K(12928K)->12430K(12928K) Class: 1981K(2368K)->1981K(2368K)
[276.496s][info][gc             ] GC(2236) Pause Young (Allocation Failure) 179M->11M(510M) 2.708ms
[276.496s][info][gc,cpu         ] GC(2236) User=0.00s Sys=0.00s Real=0.00s
[276.616s][info][gc,start       ] GC(2237) Pause Young (Allocation Failure)
[276.618s][info][gc,heap        ] GC(2237) PSYoungGen: 172512K(173056K)->1024K(173056K) Eden: 171520K(171520K)->0K(171520K) From: 992K(1536K)->1024K(1536K)
[276.618s][info][gc,heap        ] GC(2237) ParOldGen: 10888K(349696K)->10928K(349696K)
[276.618s][info][gc,metaspace   ] GC(2237) Metaspace: 14411K(15296K)->14411K(15296K) NonClass: 12430K(12928K)->12430K(12928K) Class: 1981K(2368K)->1981K(2368K)
[276.618s][info][gc             ] GC(2237) Pause Young (Allocation Failure) 179M->11M(510M) 2.754ms
[276.618s][info][gc,cpu         ] GC(2237) User=0.00s Sys=0.00s Real=0.00s
[276.741s][info][gc,start       ] GC(2238) Pause Young (Allocation Failure)
[276.743s][info][gc,heap        ] GC(2238) PSYoungGen: 172544K(173056K)->1024K(173056K) Eden: 171520K(171520K)->0K(171520K) From: 1024K(1536K)->1024K(1536K)
[276.743s][info][gc,heap        ] GC(2238) ParOldGen: 10928K(349696K)->10976K(349696K)
[276.743s][info][gc,metaspace   ] GC(2238) Metaspace: 14411K(15296K)->14411K(15296K) NonClass: 12430K(12928K)->12430K(12928K) Class: 1981K(2368K)->1981K(2368K)
[276.744s][info][gc             ] GC(2238) Pause Young (Allocation Failure) 179M->11M(510M) 2.689ms
[276.744s][info][gc,cpu         ] GC(2238) User=0.00s Sys=0.00s Real=0.00s
[276.865s][info][gc,start       ] GC(2239) Pause Young (Allocation Failure)
[276.868s][info][gc,heap        ] GC(2239) PSYoungGen: 172544K(173056K)->960K(173056K) Eden: 171520K(171520K)->0K(171520K) From: 1024K(1536K)->960K(1536K)
[276.868s][info][gc,heap        ] GC(2239) ParOldGen: 10976K(349696K)->11056K(349696K)
[276.868s][info][gc,metaspace   ] GC(2239) Metaspace: 14411K(15296K)->14411K(15296K) NonClass: 12430K(12928K)->12430K(12928K) Class: 1981K(2368K)->1981K(2368K)
[276.868s][info][gc             ] GC(2239) Pause Young (Allocation Failure) 179M->11M(510M) 2.745ms
[276.868s][info][gc,cpu         ] GC(2239) User=0.00s Sys=0.00s Real=0.00s
[276.989s][info][gc,start       ] GC(2240) Pause Young (Allocation Failure)
[276.992s][info][gc,heap        ] GC(2240) PSYoungGen: 172480K(173056K)->992K(173056K) Eden: 171520K(171520K)->0K(171520K) From: 960K(1536K)->992K(1536K)
[276.992s][info][gc,heap        ] GC(2240) ParOldGen: 11056K(349696K)->11104K(349696K)
[276.992s][info][gc,metaspace   ] GC(2240) Metaspace: 14411K(15296K)->14411K(15296K) NonClass: 12430K(12928K)->12430K(12928K) Class: 1981K(2368K)->1981K(2368K)
[276.992s][info][gc             ] GC(2240) Pause Young (Allocation Failure) 179M->11M(510M) 2.800ms
[276.992s][info][gc,cpu         ] GC(2240) User=0.00s Sys=0.00s Real=0.00s
[277.114s][info][gc,start       ] GC(2241) Pause Young (Allocation Failure)
[277.117s][info][gc,heap        ] GC(2241) PSYoungGen: 172512K(173056K)->992K(173056K) Eden: 171520K(171520K)->0K(171520K) From: 992K(1536K)->992K(1536K)
[277.117s][info][gc,heap        ] GC(2241) ParOldGen: 11104K(349696K)->11152K(349696K)
[277.117s][info][gc,metaspace   ] GC(2241) Metaspace: 14411K(15296K)->14411K(15296K) NonClass: 12430K(12928K)->12430K(12928K) Class: 1981K(2368K)->1981K(2368K)
[277.117s][info][gc             ] GC(2241) Pause Young (Allocation Failure) 179M->11M(510M) 2.812ms
[277.117s][info][gc,cpu         ] GC(2241) User=0.00s Sys=0.00s Real=0.00s
[277.242s][info][gc,start       ] GC(2242) Pause Young (Allocation Failure)
[277.244s][info][gc,heap        ] GC(2242) PSYoungGen: 172512K(173056K)->992K(173056K) Eden: 171520K(171520K)->0K(171520K) From: 992K(1536K)->992K(1536K)
[277.245s][info][gc,heap        ] GC(2242) ParOldGen: 11152K(349696K)->11200K(349696K)
[277.245s][info][gc,metaspace   ] GC(2242) Metaspace: 14411K(15296K)->14411K(15296K) NonClass: 12430K(12928K)->12430K(12928K) Class: 1981K(2368K)->1981K(2368K)
[277.245s][info][gc             ] GC(2242) Pause Young (Allocation Failure) 179M->11M(510M) 2.852ms
[277.245s][info][gc,cpu         ] GC(2242) User=0.00s Sys=0.00s Real=0.00s
[277.450s][info][gc,start       ] GC(2243) Pause Young (Allocation Failure)
[277.453s][info][gc,heap        ] GC(2243) PSYoungGen: 172512K(173056K)->1024K(173056K) Eden: 171520K(171520K)->0K(171520K) From: 992K(1536K)->1024K(1536K)
[277.453s][info][gc,heap        ] GC(2243) ParOldGen: 11200K(349696K)->11248K(349696K)
[277.453s][info][gc,metaspace   ] GC(2243) Metaspace: 14411K(15296K)->14411K(15296K) NonClass: 12430K(12928K)->12430K(12928K) Class: 1981K(2368K)->1981K(2368K)
[277.453s][info][gc             ] GC(2243) Pause Young (Allocation Failure) 179M->11M(510M) 3.601ms
[277.453s][info][gc,cpu         ] GC(2243) User=0.00s Sys=0.00s Real=0.00s
[277.585s][info][gc,start       ] GC(2244) Pause Young (Allocation Failure)
[277.588s][info][gc,heap        ] GC(2244) PSYoungGen: 172544K(173056K)->1024K(173056K) Eden: 171520K(171520K)->0K(171520K) From: 1024K(1536K)->1024K(1536K)
[277.588s][info][gc,heap        ] GC(2244) ParOldGen: 11248K(349696K)->11296K(349696K)
[277.588s][info][gc,metaspace   ] GC(2244) Metaspace: 14411K(15296K)->14411K(15296K) NonClass: 12430K(12928K)->12430K(12928K) Class: 1981K(2368K)->1981K(2368K)
[277.588s][info][gc             ] GC(2244) Pause Young (Allocation Failure) 179M->12M(510M) 2.683ms
[277.588s][info][gc,cpu         ] GC(2244) User=0.00s Sys=0.00s Real=0.00s
[277.714s][info][gc,start       ] GC(2245) Pause Young (Allocation Failure)
[277.717s][info][gc,heap        ] GC(2245) PSYoungGen: 172544K(173056K)->1024K(173056K) Eden: 171520K(171520K)->0K(171520K) From: 1024K(1536K)->1024K(1536K)
[277.717s][info][gc,heap        ] GC(2245) ParOldGen: 11296K(349696K)->11352K(349696K)
[277.717s][info][gc,metaspace   ] GC(2245) Metaspace: 14411K(15296K)->14411K(15296K) NonClass: 12430K(12928K)->12430K(12928K) Class: 1981K(2368K)->1981K(2368K)
[277.717s][info][gc             ] GC(2245) Pause Young (Allocation Failure) 179M->12M(510M) 2.681ms
[277.717s][info][gc,cpu         ] GC(2245) User=0.00s Sys=0.00s Real=0.00s
[277.841s][info][gc,start       ] GC(2246) Pause Young (Allocation Failure)
[277.843s][info][gc,heap        ] GC(2246) PSYoungGen: 172544K(173056K)->992K(173056K) Eden: 171520K(171520K)->0K(171520K) From: 1024K(1536K)->992K(1536K)
[277.843s][info][gc,heap        ] GC(2246) ParOldGen: 11352K(349696K)->11400K(349696K)
[277.843s][info][gc,metaspace   ] GC(2246) Metaspace: 14411K(15296K)->14411K(15296K) NonClass: 12430K(12928K)->12430K(12928K) Class: 1981K(2368K)->1981K(2368K)
[277.843s][info][gc             ] GC(2246) Pause Young (Allocation Failure) 179M->12M(510M) 2.500ms
[277.843s][info][gc,cpu         ] GC(2246) User=0.00s Sys=0.00s Real=0.00s
[277.968s][info][gc,start       ] GC(2247) Pause Young (Allocation Failure)
[277.970s][info][gc,heap        ] GC(2247) PSYoungGen: 172512K(173056K)->1024K(173056K) Eden: 171520K(171520K)->0K(171520K) From: 992K(1536K)->1024K(1536K)
[277.970s][info][gc,heap        ] GC(2247) ParOldGen: 11400K(349696K)->11444K(349696K)
[277.970s][info][gc,metaspace   ] GC(2247) Metaspace: 14411K(15296K)->14411K(15296K) NonClass: 12430K(12928K)->12430K(12928K) Class: 1981K(2368K)->1981K(2368K)
[277.970s][info][gc             ] GC(2247) Pause Young (Allocation Failure) 179M->12M(510M) 2.464ms
[277.970s][info][gc,cpu         ] GC(2247) User=0.00s Sys=0.00s Real=0.00s
[278.100s][info][gc,start       ] GC(2248) Pause Young (Allocation Failure)
[278.103s][info][gc,heap        ] GC(2248) PSYoungGen: 172544K(173056K)->992K(173056K) Eden: 171520K(171520K)->0K(171520K) From: 1024K(1536K)->992K(1536K)
[278.103s][info][gc,heap        ] GC(2248) ParOldGen: 11444K(349696K)->11484K(349696K)
[278.103s][info][gc,metaspace   ] GC(2248) Metaspace: 14411K(15296K)->14411K(15296K) NonClass: 12430K(12928K)->12430K(12928K) Class: 1981K(2368K)->1981K(2368K)
[278.103s][info][gc             ] GC(2248) Pause Young (Allocation Failure) 179M->12M(510M) 2.466ms
[278.103s][info][gc,cpu         ] GC(2248) User=0.00s Sys=0.00s Real=0.00s
[278.230s][info][gc,start       ] GC(2249) Pause Young (Allocation Failure)
[278.233s][info][gc,heap        ] GC(2249) PSYoungGen: 172512K(173056K)->960K(173056K) Eden: 171520K(171520K)->0K(171520K) From: 992K(1536K)->960K(1536K)
[278.233s][info][gc,heap        ] GC(2249) ParOldGen: 11484K(349696K)->11532K(349696K)
[278.233s][info][gc,metaspace   ] GC(2249) Metaspace: 14411K(15296K)->14411K(15296K) NonClass: 12430K(12928K)->12430K(12928K) Class: 1981K(2368K)->1981K(2368K)
[278.233s][info][gc             ] GC(2249) Pause Young (Allocation Failure) 179M->12M(510M) 2.329ms
[278.233s][info][gc,cpu         ] GC(2249) User=0.00s Sys=0.00s Real=0.00s
[278.354s][info][gc,start       ] GC(2250) Pause Young (Allocation Failure)
[278.356s][info][gc,heap        ] GC(2250) PSYoungGen: 172480K(173056K)->1024K(173056K) Eden: 171520K(171520K)->0K(171520K) From: 960K(1536K)->1024K(1536K)
[278.356s][info][gc,heap        ] GC(2250) ParOldGen: 11532K(349696K)->11588K(349696K)
[278.356s][info][gc,metaspace   ] GC(2250) Metaspace: 14411K(15296K)->14411K(15296K) NonClass: 12430K(12928K)->12430K(12928K) Class: 1981K(2368K)->1981K(2368K)
[278.356s][info][gc             ] GC(2250) Pause Young (Allocation Failure) 179M->12M(510M) 2.328ms
[278.356s][info][gc,cpu         ] GC(2250) User=0.00s Sys=0.00s Real=0.00s
[278.475s][info][gc,start       ] GC(2251) Pause Young (Allocation Failure)
[278.477s][info][gc,heap        ] GC(2251) PSYoungGen: 172544K(173056K)->1024K(173056K) Eden: 171520K(171520K)->0K(171520K) From: 1024K(1536K)->1024K(1536K)
[278.478s][info][gc,heap        ] GC(2251) ParOldGen: 11588K(349696K)->11644K(349696K)
[278.478s][info][gc,metaspace   ] GC(2251) Metaspace: 14411K(15296K)->14411K(15296K) NonClass: 12430K(12928K)->12430K(12928K) Class: 1981K(2368K)->1981K(2368K)
[278.478s][info][gc             ] GC(2251) Pause Young (Allocation Failure) 179M->12M(510M) 2.485ms
[278.478s][info][gc,cpu         ] GC(2251) User=0.00s Sys=0.00s Real=0.00s
[278.599s][info][gc,start       ] GC(2252) Pause Young (Allocation Failure)
[278.601s][info][gc,heap        ] GC(2252) PSYoungGen: 172544K(173056K)->992K(173056K) Eden: 171520K(171520K)->0K(171520K) From: 1024K(1536K)->992K(1536K)
[278.601s][info][gc,heap        ] GC(2252) ParOldGen: 11644K(349696K)->11700K(349696K)
[278.601s][info][gc,metaspace   ] GC(2252) Metaspace: 14411K(15296K)->14411K(15296K) NonClass: 12430K(12928K)->12430K(12928K) Class: 1981K(2368K)->1981K(2368K)
[278.601s][info][gc             ] GC(2252) Pause Young (Allocation Failure) 179M->12M(510M) 2.408ms
[278.601s][info][gc,cpu         ] GC(2252) User=0.00s Sys=0.00s Real=0.00s
[278.724s][info][gc,start       ] GC(2253) Pause Young (Allocation Failure)
[278.726s][info][gc,heap        ] GC(2253) PSYoungGen: 172512K(173056K)->960K(173056K) Eden: 171520K(171520K)->0K(171520K) From: 992K(1536K)->960K(1536K)
[278.726s][info][gc,heap        ] GC(2253) ParOldGen: 11700K(349696K)->11740K(349696K)
[278.726s][info][gc,metaspace   ] GC(2253) Metaspace: 14411K(15296K)->14411K(15296K) NonClass: 12430K(12928K)->12430K(12928K) Class: 1981K(2368K)->1981K(2368K)
[278.726s][info][gc             ] GC(2253) Pause Young (Allocation Failure) 179M->12M(510M) 2.428ms
[278.726s][info][gc,cpu         ] GC(2253) User=0.00s Sys=0.00s Real=0.00s
[278.847s][info][gc,start       ] GC(2254) Pause Young (Allocation Failure)
[278.850s][info][gc,heap        ] GC(2254) PSYoungGen: 172480K(173056K)->1024K(173056K) Eden: 171520K(171520K)->0K(171520K) From: 960K(1536K)->1024K(1536K)
[278.850s][info][gc,heap        ] GC(2254) ParOldGen: 11740K(349696K)->11796K(349696K)
[278.850s][info][gc,metaspace   ] GC(2254) Metaspace: 14411K(15296K)->14411K(15296K) NonClass: 12430K(12928K)->12430K(12928K) Class: 1981K(2368K)->1981K(2368K)
[278.850s][info][gc             ] GC(2254) Pause Young (Allocation Failure) 179M->12M(510M) 2.481ms
[278.850s][info][gc,cpu         ] GC(2254) User=0.52s Sys=0.00s Real=0.00s
[278.971s][info][gc,start       ] GC(2255) Pause Young (Allocation Failure)
[278.974s][info][gc,heap        ] GC(2255) PSYoungGen: 172544K(173056K)->992K(173056K) Eden: 171520K(171520K)->0K(171520K) From: 1024K(1536K)->992K(1536K)
[278.974s][info][gc,heap        ] GC(2255) ParOldGen: 11796K(349696K)->11852K(349696K)
[278.974s][info][gc,metaspace   ] GC(2255) Metaspace: 14411K(15296K)->14411K(15296K) NonClass: 12430K(12928K)->12430K(12928K) Class: 1981K(2368K)->1981K(2368K)
[278.974s][info][gc             ] GC(2255) Pause Young (Allocation Failure) 180M->12M(510M) 2.495ms
[278.974s][info][gc,cpu         ] GC(2255) User=0.52s Sys=0.00s Real=0.00s
[279.094s][info][gc,start       ] GC(2256) Pause Young (Allocation Failure)
[279.096s][info][gc,heap        ] GC(2256) PSYoungGen: 172512K(173056K)->1024K(173056K) Eden: 171520K(171520K)->0K(171520K) From: 992K(1536K)->1024K(1536K)
[279.096s][info][gc,heap        ] GC(2256) ParOldGen: 11852K(349696K)->11900K(349696K)
[279.096s][info][gc,metaspace   ] GC(2256) Metaspace: 14411K(15296K)->14411K(15296K) NonClass: 12430K(12928K)->12430K(12928K) Class: 1981K(2368K)->1981K(2368K)
[279.096s][info][gc             ] GC(2256) Pause Young (Allocation Failure) 180M->12M(510M) 2.509ms
[279.096s][info][gc,cpu         ] GC(2256) User=0.00s Sys=0.00s Real=0.00s
[279.216s][info][gc,start       ] GC(2257) Pause Young (Allocation Failure)
[279.219s][info][gc,heap        ] GC(2257) PSYoungGen: 172544K(173056K)->992K(173056K) Eden: 171520K(171520K)->0K(171520K) From: 1024K(1536K)->992K(1536K)
[279.219s][info][gc,heap        ] GC(2257) ParOldGen: 11900K(349696K)->11956K(349696K)
[279.219s][info][gc,metaspace   ] GC(2257) Metaspace: 14411K(15296K)->14411K(15296K) NonClass: 12430K(12928K)->12430K(12928K) Class: 1981K(2368K)->1981K(2368K)
[279.219s][info][gc             ] GC(2257) Pause Young (Allocation Failure) 180M->12M(510M) 2.619ms
[279.219s][info][gc,cpu         ] GC(2257) User=0.00s Sys=0.00s Real=0.00s
[279.339s][info][gc,start       ] GC(2258) Pause Young (Allocation Failure)
[279.342s][info][gc,heap        ] GC(2258) PSYoungGen: 172512K(173056K)->1024K(173056K) Eden: 171520K(171520K)->0K(171520K) From: 992K(1536K)->1024K(1536K)
[279.342s][info][gc,heap        ] GC(2258) ParOldGen: 11956K(349696K)->11996K(349696K)
[279.342s][info][gc,metaspace   ] GC(2258) Metaspace: 14411K(15296K)->14411K(15296K) NonClass: 12430K(12928K)->12430K(12928K) Class: 1981K(2368K)->1981K(2368K)
[279.342s][info][gc             ] GC(2258) Pause Young (Allocation Failure) 180M->12M(510M) 2.582ms
[279.342s][info][gc,cpu         ] GC(2258) User=0.00s Sys=0.00s Real=0.00s
[279.461s][info][gc,start       ] GC(2259) Pause Young (Allocation Failure)
[279.464s][info][gc,heap        ] GC(2259) PSYoungGen: 172544K(173056K)->992K(173056K) Eden: 171520K(171520K)->0K(171520K) From: 1024K(1536K)->992K(1536K)
[279.464s][info][gc,heap        ] GC(2259) ParOldGen: 11996K(349696K)->12036K(349696K)
[279.464s][info][gc,metaspace   ] GC(2259) Metaspace: 14411K(15296K)->14411K(15296K) NonClass: 12430K(12928K)->12430K(12928K) Class: 1981K(2368K)->1981K(2368K)
[279.464s][info][gc             ] GC(2259) Pause Young (Allocation Failure) 180M->12M(510M) 2.593ms
[279.464s][info][gc,cpu         ] GC(2259) User=0.00s Sys=0.00s Real=0.00s
[279.584s][info][gc,start       ] GC(2260) Pause Young (Allocation Failure)
[279.587s][info][gc,heap        ] GC(2260) PSYoungGen: 172512K(173056K)->960K(173056K) Eden: 171520K(171520K)->0K(171520K) From: 992K(1536K)->960K(1536K)
[279.587s][info][gc,heap        ] GC(2260) ParOldGen: 12036K(349696K)->12100K(349696K)
[279.587s][info][gc,metaspace   ] GC(2260) Metaspace: 14411K(15296K)->14411K(15296K) NonClass: 12430K(12928K)->12430K(12928K) Class: 1981K(2368K)->1981K(2368K)
[279.587s][info][gc             ] GC(2260) Pause Young (Allocation Failure) 180M->12M(510M) 2.608ms
[279.587s][info][gc,cpu         ] GC(2260) User=0.00s Sys=0.00s Real=0.00s
[279.709s][info][gc,start       ] GC(2261) Pause Young (Allocation Failure)
[279.711s][info][gc,heap        ] GC(2261) PSYoungGen: 172480K(173056K)->992K(173056K) Eden: 171520K(171520K)->0K(171520K) From: 960K(1536K)->992K(1536K)
[279.711s][info][gc,heap        ] GC(2261) ParOldGen: 12100K(349696K)->12148K(349696K)
[279.711s][info][gc,metaspace   ] GC(2261) Metaspace: 14411K(15296K)->14411K(15296K) NonClass: 12430K(12928K)->12430K(12928K) Class: 1981K(2368K)->1981K(2368K)
[279.711s][info][gc             ] GC(2261) Pause Young (Allocation Failure) 180M->12M(510M) 2.646ms
[279.711s][info][gc,cpu         ] GC(2261) User=0.00s Sys=0.00s Real=0.00s
[279.832s][info][gc,start       ] GC(2262) Pause Young (Allocation Failure)
[279.835s][info][gc,heap        ] GC(2262) PSYoungGen: 172512K(173056K)->1024K(173056K) Eden: 171520K(171520K)->0K(171520K) From: 992K(1536K)->1024K(1536K)
[279.835s][info][gc,heap        ] GC(2262) ParOldGen: 12148K(349696K)->12220K(349696K)
[279.835s][info][gc,metaspace   ] GC(2262) Metaspace: 14411K(15296K)->14411K(15296K) NonClass: 12430K(12928K)->12430K(12928K) Class: 1981K(2368K)->1981K(2368K)
[279.835s][info][gc             ] GC(2262) Pause Young (Allocation Failure) 180M->12M(510M) 2.645ms
[279.835s][info][gc,cpu         ] GC(2262) User=0.52s Sys=0.00s Real=0.00s
[279.955s][info][gc,start       ] GC(2263) Pause Young (Allocation Failure)
[279.957s][info][gc,heap        ] GC(2263) PSYoungGen: 172544K(173056K)->960K(173056K) Eden: 171520K(171520K)->0K(171520K) From: 1024K(1536K)->960K(1536K)
[279.957s][info][gc,heap        ] GC(2263) ParOldGen: 12220K(349696K)->12276K(349696K)
[279.957s][info][gc,metaspace   ] GC(2263) Metaspace: 14411K(15296K)->14411K(15296K) NonClass: 12430K(12928K)->12430K(12928K) Class: 1981K(2368K)->1981K(2368K)
[279.958s][info][gc             ] GC(2263) Pause Young (Allocation Failure) 180M->12M(510M) 2.671ms
[279.958s][info][gc,cpu         ] GC(2263) User=0.52s Sys=0.00s Real=0.00s
[280.074s][info][gc,start       ] GC(2264) Pause Young (Allocation Failure)
[280.077s][info][gc,heap        ] GC(2264) PSYoungGen: 172480K(173056K)->1024K(173056K) Eden: 171520K(171520K)->0K(171520K) From: 960K(1536K)->1024K(1536K)
[280.077s][info][gc,heap        ] GC(2264) ParOldGen: 12276K(349696K)->12332K(349696K)
[280.077s][info][gc,metaspace   ] GC(2264) Metaspace: 14411K(15296K)->14411K(15296K) NonClass: 12430K(12928K)->12430K(12928K) Class: 1981K(2368K)->1981K(2368K)
[280.077s][info][gc             ] GC(2264) Pause Young (Allocation Failure) 180M->13M(510M) 2.706ms
[280.077s][info][gc,cpu         ] GC(2264) User=0.00s Sys=0.00s Real=0.00s
[280.194s][info][gc,start       ] GC(2265) Pause Young (Allocation Failure)
[280.196s][info][gc,heap        ] GC(2265) PSYoungGen: 172544K(173056K)->1024K(173056K) Eden: 171520K(171520K)->0K(171520K) From: 1024K(1536K)->1024K(1536K)
[280.196s][info][gc,heap        ] GC(2265) ParOldGen: 12332K(349696K)->12412K(349696K)
[280.196s][info][gc,metaspace   ] GC(2265) Metaspace: 14411K(15296K)->14411K(15296K) NonClass: 12430K(12928K)->12430K(12928K) Class: 1981K(2368K)->1981K(2368K)
[280.196s][info][gc             ] GC(2265) Pause Young (Allocation Failure) 180M->13M(510M) 2.722ms
[280.196s][info][gc,cpu         ] GC(2265) User=0.00s Sys=0.00s Real=0.00s
[280.310s][info][gc,start       ] GC(2266) Pause Young (Allocation Failure)
[280.313s][info][gc,heap        ] GC(2266) PSYoungGen: 172544K(173056K)->1024K(173056K) Eden: 171520K(171520K)->0K(171520K) From: 1024K(1536K)->1024K(1536K)
[280.313s][info][gc,heap        ] GC(2266) ParOldGen: 12412K(349696K)->12460K(349696K)
[280.313s][info][gc,metaspace   ] GC(2266) Metaspace: 14411K(15296K)->14411K(15296K) NonClass: 12430K(12928K)->12430K(12928K) Class: 1981K(2368K)->1981K(2368K)
[280.313s][info][gc             ] GC(2266) Pause Young (Allocation Failure) 180M->13M(510M) 2.793ms
[280.313s][info][gc,cpu         ] GC(2266) User=0.00s Sys=0.00s Real=0.00s
[280.420s][info][gc,start       ] GC(2267) Pause Young (Allocation Failure)
[280.423s][info][gc,heap        ] GC(2267) PSYoungGen: 172544K(173056K)->960K(173056K) Eden: 171520K(171520K)->0K(171520K) From: 1024K(1536K)->960K(1536K)
[280.423s][info][gc,heap        ] GC(2267) ParOldGen: 12460K(349696K)->12508K(349696K)
[280.423s][info][gc,metaspace   ] GC(2267) Metaspace: 14411K(15296K)->14411K(15296K) NonClass: 12430K(12928K)->12430K(12928K) Class: 1981K(2368K)->1981K(2368K)
[280.423s][info][gc             ] GC(2267) Pause Young (Allocation Failure) 180M->13M(510M) 2.840ms
[280.423s][info][gc,cpu         ] GC(2267) User=0.00s Sys=0.00s Real=0.00s
[280.529s][info][gc,start       ] GC(2268) Pause Young (Allocation Failure)
[280.532s][info][gc,heap        ] GC(2268) PSYoungGen: 172480K(173056K)->928K(173056K) Eden: 171520K(171520K)->0K(171520K) From: 960K(1536K)->928K(1536K)
[280.532s][info][gc,heap        ] GC(2268) ParOldGen: 12508K(349696K)->12556K(349696K)
[280.532s][info][gc,metaspace   ] GC(2268) Metaspace: 14411K(15296K)->14411K(15296K) NonClass: 12430K(12928K)->12430K(12928K) Class: 1981K(2368K)->1981K(2368K)
[280.532s][info][gc             ] GC(2268) Pause Young (Allocation Failure) 180M->13M(510M) 2.869ms
[280.532s][info][gc,cpu         ] GC(2268) User=0.00s Sys=0.00s Real=0.00s
[280.629s][info][gc,start       ] GC(2269) Pause Young (Allocation Failure)
[280.632s][info][gc,heap        ] GC(2269) PSYoungGen: 172447K(173056K)->832K(173056K) Eden: 171519K(171520K)->0K(171520K) From: 928K(1536K)->832K(1536K)
[280.632s][info][gc,heap        ] GC(2269) ParOldGen: 12556K(349696K)->12596K(349696K)
[280.632s][info][gc,metaspace   ] GC(2269) Metaspace: 14411K(15296K)->14411K(15296K) NonClass: 12430K(12928K)->12430K(12928K) Class: 1981K(2368K)->1981K(2368K)
[280.632s][info][gc             ] GC(2269) Pause Young (Allocation Failure) 180M->13M(510M) 2.920ms
[280.632s][info][gc,cpu         ] GC(2269) User=0.00s Sys=0.00s Real=0.00s
[280.706s][info][gc,start       ] GC(2270) Pause Young (Allocation Failure)
[280.709s][info][gc,heap        ] GC(2270) PSYoungGen: 172352K(173056K)->736K(173056K) Eden: 171520K(171520K)->0K(171520K) From: 832K(1536K)->736K(1536K)
[280.709s][info][gc,heap        ] GC(2270) ParOldGen: 12596K(349696K)->12652K(349696K)
[280.709s][info][gc,metaspace   ] GC(2270) Metaspace: 14411K(15296K)->14411K(15296K) NonClass: 12430K(12928K)->12430K(12928K) Class: 1981K(2368K)->1981K(2368K)
[280.709s][info][gc             ] GC(2270) Pause Young (Allocation Failure) 180M->13M(510M) 2.917ms
[280.709s][info][gc,cpu         ] GC(2270) User=0.52s Sys=0.00s Real=0.00s
[280.818s][info][gc,start       ] GC(2271) Pause Young (System.gc())
[280.821s][info][gc,heap        ] GC(2271) PSYoungGen: 121839K(173056K)->192K(173056K) Eden: 121103K(171520K)->0K(171520K) From: 736K(1536K)->192K(1536K)
[280.821s][info][gc,heap        ] GC(2271) ParOldGen: 12652K(349696K)->12692K(349696K)
[280.821s][info][gc,metaspace   ] GC(2271) Metaspace: 14411K(15296K)->14411K(15296K) NonClass: 12430K(12928K)->12430K(12928K) Class: 1981K(2368K)->1981K(2368K)
[280.821s][info][gc             ] GC(2271) Pause Young (System.gc()) 131M->12M(510M) 3.198ms
[280.822s][info][gc,cpu         ] GC(2271) User=0.00s Sys=0.00s Real=0.00s
[280.822s][info][gc,start       ] GC(2272) Pause Full (System.gc())
[280.822s][info][gc,phases,start] GC(2272) Marking Phase
[280.835s][info][gc,phases      ] GC(2272) Marking Phase 13.229ms
[280.835s][info][gc,phases,start] GC(2272) Summary Phase
[280.835s][info][gc,phases      ] GC(2272) Summary Phase 0.020ms
[280.835s][info][gc,phases,start] GC(2272) Adjust Roots
[280.842s][info][gc,phases      ] GC(2272) Adjust Roots 7.219ms
[280.842s][info][gc,phases,start] GC(2272) Compaction Phase
[280.844s][info][gc,phases      ] GC(2272) Compaction Phase 1.499ms
[280.844s][info][gc,phases,start] GC(2272) Post Compact
[280.844s][info][gc,phases      ] GC(2272) Post Compact 0.199ms
[280.844s][info][gc,heap        ] GC(2272) PSYoungGen: 192K(173056K)->0K(173056K) Eden: 0K(171520K)->0K(171520K) From: 192K(1536K)->0K(1536K)
[280.844s][info][gc,heap        ] GC(2272) ParOldGen: 12692K(349696K)->5381K(349696K)
[280.844s][info][gc,metaspace   ] GC(2272) Metaspace: 14411K(15296K)->14411K(15296K) NonClass: 12430K(12928K)->12430K(12928K) Class: 1981K(2368K)->1981K(2368K)
[280.844s][info][gc             ] GC(2272) Pause Full (System.gc()) 12M->5M(510M) 22.453ms
[280.844s][info][gc,cpu         ] GC(2272) User=0.02s Sys=0.00s Real=0.02s
[280.994s][info][gc,start       ] GC(2273) Pause Young (Allocation Failure)
[280.997s][info][gc,heap        ] GC(2273) PSYoungGen: 171520K(173056K)->1536K(172032K) Eden: 171520K(171520K)->0K(170496K) From: 0K(1536K)->1536K(1536K)
[280.997s][info][gc,heap        ] GC(2273) ParOldGen: 5381K(349696K)->5876K(349696K)
[280.997s][info][gc,metaspace   ] GC(2273) Metaspace: 14411K(15296K)->14411K(15296K) NonClass: 12430K(12928K)->12430K(12928K) Class: 1981K(2368K)->1981K(2368K)
[280.997s][info][gc             ] GC(2273) Pause Young (Allocation Failure) 172M->7M(509M) 3.116ms
[280.997s][info][gc,cpu         ] GC(2273) User=0.00s Sys=0.00s Real=0.00s
[281.225s][info][gc,start       ] GC(2274) Pause Young (Allocation Failure)
[281.228s][info][gc,heap        ] GC(2274) PSYoungGen: 172032K(172032K)->1024K(172544K) Eden: 170496K(170496K)->0K(170496K) From: 1536K(1536K)->1024K(2048K)
[281.228s][info][gc,heap        ] GC(2274) ParOldGen: 5876K(349696K)->7033K(349696K)
[281.228s][info][gc,metaspace   ] GC(2274) Metaspace: 14411K(15296K)->14411K(15296K) NonClass: 12430K(12928K)->12430K(12928K) Class: 1981K(2368K)->1981K(2368K)
[281.228s][info][gc             ] GC(2274) Pause Young (Allocation Failure) 173M->7M(510M) 3.691ms
[281.228s][info][gc,cpu         ] GC(2274) User=0.00s Sys=0.00s Real=0.00s
[281.357s][info][gc,start       ] GC(2275) Pause Young (Allocation Failure)
[281.360s][info][gc,heap        ] GC(2275) PSYoungGen: 171520K(172544K)->1056K(172544K) Eden: 170496K(170496K)->0K(170496K) From: 1024K(2048K)->1056K(2048K)
[281.360s][info][gc,heap        ] GC(2275) ParOldGen: 7033K(349696K)->7097K(349696K)
[281.360s][info][gc,metaspace   ] GC(2275) Metaspace: 14411K(15296K)->14411K(15296K) NonClass: 12430K(12928K)->12430K(12928K) Class: 1981K(2368K)->1981K(2368K)
[281.360s][info][gc             ] GC(2275) Pause Young (Allocation Failure) 174M->7M(510M) 2.936ms
[281.360s][info][gc,cpu         ] GC(2275) User=0.00s Sys=0.00s Real=0.00s
[281.494s][info][gc,start       ] GC(2276) Pause Young (Allocation Failure)
[281.497s][info][gc,heap        ] GC(2276) PSYoungGen: 171552K(172544K)->992K(171520K) Eden: 170496K(170496K)->0K(170496K) From: 1056K(2048K)->992K(1024K)
[281.497s][info][gc,heap        ] GC(2276) ParOldGen: 7097K(349696K)->7161K(349696K)
[281.497s][info][gc,metaspace   ] GC(2276) Metaspace: 14411K(15296K)->14411K(15296K) NonClass: 12430K(12928K)->12430K(12928K) Class: 1981K(2368K)->1981K(2368K)
[281.497s][info][gc             ] GC(2276) Pause Young (Allocation Failure) 174M->7M(509M) 2.793ms
[281.497s][info][gc,cpu         ] GC(2276) User=0.00s Sys=0.00s Real=0.00s
[281.627s][info][gc,start       ] GC(2277) Pause Young (Allocation Failure)
[281.629s][info][gc,heap        ] GC(2277) PSYoungGen: 171488K(171520K)->960K(172032K) Eden: 170496K(170496K)->0K(170496K) From: 992K(1024K)->960K(1536K)
[281.629s][info][gc,heap        ] GC(2277) ParOldGen: 7161K(349696K)->7233K(349696K)
[281.629s][info][gc,metaspace   ] GC(2277) Metaspace: 14411K(15296K)->14411K(15296K) NonClass: 12430K(12928K)->12430K(12928K) Class: 1981K(2368K)->1981K(2368K)
[281.629s][info][gc             ] GC(2277) Pause Young (Allocation Failure) 174M->8M(509M) 2.584ms
[281.629s][info][gc,cpu         ] GC(2277) User=0.00s Sys=0.00s Real=0.00s
[281.753s][info][gc,start       ] GC(2278) Pause Young (Allocation Failure)
[281.756s][info][gc,heap        ] GC(2278) PSYoungGen: 171456K(172032K)->1024K(172032K) Eden: 170496K(170496K)->0K(170496K) From: 960K(1536K)->1024K(1536K)
[281.756s][info][gc,heap        ] GC(2278) ParOldGen: 7233K(349696K)->7313K(349696K)
[281.756s][info][gc,metaspace   ] GC(2278) Metaspace: 14411K(15296K)->14411K(15296K) NonClass: 12430K(12928K)->12430K(12928K) Class: 1981K(2368K)->1981K(2368K)
[281.756s][info][gc             ] GC(2278) Pause Young (Allocation Failure) 174M->8M(509M) 2.498ms
[281.756s][info][gc,cpu         ] GC(2278) User=0.52s Sys=0.00s Real=0.00s
[281.874s][info][gc,start       ] GC(2279) Pause Young (Allocation Failure)
[281.877s][info][gc,heap        ] GC(2279) PSYoungGen: 171520K(172032K)->992K(173056K) Eden: 170496K(170496K)->0K(171520K) From: 1024K(1536K)->992K(1536K)
[281.877s][info][gc,heap        ] GC(2279) ParOldGen: 7313K(349696K)->7353K(349696K)
[281.877s][info][gc,metaspace   ] GC(2279) Metaspace: 14411K(15296K)->14411K(15296K) NonClass: 12430K(12928K)->12430K(12928K) Class: 1981K(2368K)->1981K(2368K)
[281.877s][info][gc             ] GC(2279) Pause Young (Allocation Failure) 174M->8M(510M) 2.474ms
[281.877s][info][gc,cpu         ] GC(2279) User=0.00s Sys=0.00s Real=0.00s
[281.998s][info][gc,start       ] GC(2280) Pause Young (Allocation Failure)
[282.000s][info][gc,heap        ] GC(2280) PSYoungGen: 172512K(173056K)->1024K(173056K) Eden: 171520K(171520K)->0K(171520K) From: 992K(1536K)->1024K(1536K)
[282.001s][info][gc,heap        ] GC(2280) ParOldGen: 7353K(349696K)->7401K(349696K)
[282.001s][info][gc,metaspace   ] GC(2280) Metaspace: 14411K(15296K)->14411K(15296K) NonClass: 12430K(12928K)->12430K(12928K) Class: 1981K(2368K)->1981K(2368K)
[282.001s][info][gc             ] GC(2280) Pause Young (Allocation Failure) 175M->8M(510M) 2.533ms
[282.001s][info][gc,cpu         ] GC(2280) User=0.00s Sys=0.00s Real=0.00s
[282.122s][info][gc,start       ] GC(2281) Pause Young (Allocation Failure)
[282.124s][info][gc,heap        ] GC(2281) PSYoungGen: 172544K(173056K)->1056K(173056K) Eden: 171520K(171520K)->0K(171520K) From: 1024K(1536K)->1056K(1536K)
[282.124s][info][gc,heap        ] GC(2281) ParOldGen: 7401K(349696K)->7465K(349696K)
[282.124s][info][gc,metaspace   ] GC(2281) Metaspace: 14411K(15296K)->14411K(15296K) NonClass: 12430K(12928K)->12430K(12928K) Class: 1981K(2368K)->1981K(2368K)
[282.124s][info][gc             ] GC(2281) Pause Young (Allocation Failure) 175M->8M(510M) 2.514ms
[282.124s][info][gc,cpu         ] GC(2281) User=0.00s Sys=0.00s Real=0.00s
[282.247s][info][gc,start       ] GC(2282) Pause Young (Allocation Failure)
[282.249s][info][gc,heap        ] GC(2282) PSYoungGen: 172576K(173056K)->1024K(173056K) Eden: 171520K(171520K)->0K(171520K) From: 1056K(1536K)->1024K(1536K)
[282.249s][info][gc,heap        ] GC(2282) ParOldGen: 7465K(349696K)->7529K(349696K)
[282.249s][info][gc,metaspace   ] GC(2282) Metaspace: 14411K(15296K)->14411K(15296K) NonClass: 12430K(12928K)->12430K(12928K) Class: 1981K(2368K)->1981K(2368K)
[282.249s][info][gc             ] GC(2282) Pause Young (Allocation Failure) 175M->8M(510M) 2.489ms
[282.249s][info][gc,cpu         ] GC(2282) User=0.00s Sys=0.00s Real=0.00s
[282.369s][info][gc,start       ] GC(2283) Pause Young (Allocation Failure)
[282.372s][info][gc,heap        ] GC(2283) PSYoungGen: 172544K(173056K)->992K(173056K) Eden: 171520K(171520K)->0K(171520K) From: 1024K(1536K)->992K(1536K)
[282.372s][info][gc,heap        ] GC(2283) ParOldGen: 7529K(349696K)->7585K(349696K)
[282.372s][info][gc,metaspace   ] GC(2283) Metaspace: 14411K(15296K)->14411K(15296K) NonClass: 12430K(12928K)->12430K(12928K) Class: 1981K(2368K)->1981K(2368K)
[282.372s][info][gc             ] GC(2283) Pause Young (Allocation Failure) 175M->8M(510M) 2.569ms
[282.372s][info][gc,cpu         ] GC(2283) User=0.00s Sys=0.00s Real=0.00s
[282.494s][info][gc,start       ] GC(2284) Pause Young (Allocation Failure)
[282.496s][info][gc,heap        ] GC(2284) PSYoungGen: 172512K(173056K)->1024K(173056K) Eden: 171520K(171520K)->0K(171520K) From: 992K(1536K)->1024K(1536K)
[282.496s][info][gc,heap        ] GC(2284) ParOldGen: 7585K(349696K)->7649K(349696K)
[282.496s][info][gc,metaspace   ] GC(2284) Metaspace: 14411K(15296K)->14411K(15296K) NonClass: 12430K(12928K)->12430K(12928K) Class: 1981K(2368K)->1981K(2368K)
[282.496s][info][gc             ] GC(2284) Pause Young (Allocation Failure) 175M->8M(510M) 2.548ms
[282.496s][info][gc,cpu         ] GC(2284) User=0.00s Sys=0.00s Real=0.00s
[282.617s][info][gc,start       ] GC(2285) Pause Young (Allocation Failure)
[282.619s][info][gc,heap        ] GC(2285) PSYoungGen: 172544K(173056K)->1024K(173056K) Eden: 171520K(171520K)->0K(171520K) From: 1024K(1536K)->1024K(1536K)
[282.619s][info][gc,heap        ] GC(2285) ParOldGen: 7649K(349696K)->7713K(349696K)
[282.619s][info][gc,metaspace   ] GC(2285) Metaspace: 14411K(15296K)->14411K(15296K) NonClass: 12430K(12928K)->12430K(12928K) Class: 1981K(2368K)->1981K(2368K)
[282.619s][info][gc             ] GC(2285) Pause Young (Allocation Failure) 175M->8M(510M) 2.574ms
[282.619s][info][gc,cpu         ] GC(2285) User=0.00s Sys=0.00s Real=0.00s
[282.739s][info][gc,start       ] GC(2286) Pause Young (Allocation Failure)
[282.742s][info][gc,heap        ] GC(2286) PSYoungGen: 172544K(173056K)->1024K(173056K) Eden: 171520K(171520K)->0K(171520K) From: 1024K(1536K)->1024K(1536K)
[282.742s][info][gc,heap        ] GC(2286) ParOldGen: 7713K(349696K)->7761K(349696K)
[282.742s][info][gc,metaspace   ] GC(2286) Metaspace: 14411K(15296K)->14411K(15296K) NonClass: 12430K(12928K)->12430K(12928K) Class: 1981K(2368K)->1981K(2368K)
[282.742s][info][gc             ] GC(2286) Pause Young (Allocation Failure) 176M->8M(510M) 2.542ms
[282.742s][info][gc,cpu         ] GC(2286) User=0.00s Sys=0.00s Real=0.00s
[282.863s][info][gc,start       ] GC(2287) Pause Young (Allocation Failure)
[282.865s][info][gc,heap        ] GC(2287) PSYoungGen: 172544K(173056K)->1024K(173056K) Eden: 171520K(171520K)->0K(171520K) From: 1024K(1536K)->1024K(1536K)
[282.866s][info][gc,heap        ] GC(2287) ParOldGen: 7761K(349696K)->7809K(349696K)
[282.866s][info][gc,metaspace   ] GC(2287) Metaspace: 14411K(15296K)->14411K(15296K) NonClass: 12430K(12928K)->12430K(12928K) Class: 1981K(2368K)->1981K(2368K)
[282.866s][info][gc             ] GC(2287) Pause Young (Allocation Failure) 176M->8M(510M) 2.528ms
[282.866s][info][gc,cpu         ] GC(2287) User=0.52s Sys=0.00s Real=0.00s
[282.986s][info][gc,start       ] GC(2288) Pause Young (Allocation Failure)
[282.989s][info][gc,heap        ] GC(2288) PSYoungGen: 172544K(173056K)->1024K(173056K) Eden: 171520K(171520K)->0K(171520K) From: 1024K(1536K)->1024K(1536K)
[282.989s][info][gc,heap        ] GC(2288) ParOldGen: 7809K(349696K)->7865K(349696K)
[282.989s][info][gc,metaspace   ] GC(2288) Metaspace: 14411K(15296K)->14411K(15296K) NonClass: 12430K(12928K)->12430K(12928K) Class: 1981K(2368K)->1981K(2368K)
[282.989s][info][gc             ] GC(2288) Pause Young (Allocation Failure) 176M->8M(510M) 2.603ms
[282.989s][info][gc,cpu         ] GC(2288) User=0.00s Sys=0.00s Real=0.00s
[283.108s][info][gc,start       ] GC(2289) Pause Young (Allocation Failure)
[283.111s][info][gc,heap        ] GC(2289) PSYoungGen: 172544K(173056K)->992K(173056K) Eden: 171520K(171520K)->0K(171520K) From: 1024K(1536K)->992K(1536K)
[283.111s][info][gc,heap        ] GC(2289) ParOldGen: 7865K(349696K)->7921K(349696K)
[283.111s][info][gc,metaspace   ] GC(2289) Metaspace: 14411K(15296K)->14411K(15296K) NonClass: 12430K(12928K)->12430K(12928K) Class: 1981K(2368K)->1981K(2368K)
[283.111s][info][gc             ] GC(2289) Pause Young (Allocation Failure) 176M->8M(510M) 2.656ms
[283.111s][info][gc,cpu         ] GC(2289) User=0.00s Sys=0.00s Real=0.00s
[283.235s][info][gc,start       ] GC(2290) Pause Young (Allocation Failure)
[283.237s][info][gc,heap        ] GC(2290) PSYoungGen: 172512K(173056K)->1024K(173056K) Eden: 171520K(171520K)->0K(171520K) From: 992K(1536K)->1024K(1536K)
[283.237s][info][gc,heap        ] GC(2290) ParOldGen: 7921K(349696K)->7969K(349696K)
[283.237s][info][gc,metaspace   ] GC(2290) Metaspace: 14411K(15296K)->14411K(15296K) NonClass: 12430K(12928K)->12430K(12928K) Class: 1981K(2368K)->1981K(2368K)
[283.237s][info][gc             ] GC(2290) Pause Young (Allocation Failure) 176M->8M(510M) 2.648ms
[283.237s][info][gc,cpu         ] GC(2290) User=0.00s Sys=0.00s Real=0.00s
[283.357s][info][gc,start       ] GC(2291) Pause Young (Allocation Failure)
[283.359s][info][gc,heap        ] GC(2291) PSYoungGen: 172544K(173056K)->1024K(173056K) Eden: 171520K(171520K)->0K(171520K) From: 1024K(1536K)->1024K(1536K)
[283.359s][info][gc,heap        ] GC(2291) ParOldGen: 7969K(349696K)->8017K(349696K)
[283.359s][info][gc,metaspace   ] GC(2291) Metaspace: 14411K(15296K)->14411K(15296K) NonClass: 12430K(12928K)->12430K(12928K) Class: 1981K(2368K)->1981K(2368K)
[283.359s][info][gc             ] GC(2291) Pause Young (Allocation Failure) 176M->8M(510M) 2.700ms
[283.359s][info][gc,cpu         ] GC(2291) User=0.00s Sys=0.00s Real=0.00s
[283.481s][info][gc,start       ] GC(2292) Pause Young (Allocation Failure)
[283.484s][info][gc,heap        ] GC(2292) PSYoungGen: 172544K(173056K)->1024K(173056K) Eden: 171520K(171520K)->0K(171520K) From: 1024K(1536K)->1024K(1536K)
[283.484s][info][gc,heap        ] GC(2292) ParOldGen: 8017K(349696K)->8081K(349696K)
[283.484s][info][gc,metaspace   ] GC(2292) Metaspace: 14411K(15296K)->14411K(15296K) NonClass: 12430K(12928K)->12430K(12928K) Class: 1981K(2368K)->1981K(2368K)
[283.484s][info][gc             ] GC(2292) Pause Young (Allocation Failure) 176M->8M(510M) 2.675ms
[283.484s][info][gc,cpu         ] GC(2292) User=0.00s Sys=0.00s Real=0.00s
[283.606s][info][gc,start       ] GC(2293) Pause Young (Allocation Failure)
[283.609s][info][gc,heap        ] GC(2293) PSYoungGen: 172544K(173056K)->1024K(173056K) Eden: 171520K(171520K)->0K(171520K) From: 1024K(1536K)->1024K(1536K)
[283.609s][info][gc,heap        ] GC(2293) ParOldGen: 8081K(349696K)->8145K(349696K)
[283.609s][info][gc,metaspace   ] GC(2293) Metaspace: 14411K(15296K)->14411K(15296K) NonClass: 12430K(12928K)->12430K(12928K) Class: 1981K(2368K)->1981K(2368K)
[283.609s][info][gc             ] GC(2293) Pause Young (Allocation Failure) 176M->8M(510M) 2.705ms
[283.609s][info][gc,cpu         ] GC(2293) User=0.00s Sys=0.00s Real=0.00s
[283.730s][info][gc,start       ] GC(2294) Pause Young (Allocation Failure)
[283.733s][info][gc,heap        ] GC(2294) PSYoungGen: 172544K(173056K)->1024K(173056K) Eden: 171520K(171520K)->0K(171520K) From: 1024K(1536K)->1024K(1536K)
[283.733s][info][gc,heap        ] GC(2294) ParOldGen: 8145K(349696K)->8209K(349696K)
[283.733s][info][gc,metaspace   ] GC(2294) Metaspace: 14411K(15296K)->14411K(15296K) NonClass: 12430K(12928K)->12430K(12928K) Class: 1981K(2368K)->1981K(2368K)
[283.733s][info][gc             ] GC(2294) Pause Young (Allocation Failure) 176M->9M(510M) 2.758ms
[283.733s][info][gc,cpu         ] GC(2294) User=0.00s Sys=0.00s Real=0.00s
[283.855s][info][gc,start       ] GC(2295) Pause Young (Allocation Failure)
[283.857s][info][gc,heap        ] GC(2295) PSYoungGen: 172544K(173056K)->992K(173056K) Eden: 171520K(171520K)->0K(171520K) From: 1024K(1536K)->992K(1536K)
[283.857s][info][gc,heap        ] GC(2295) ParOldGen: 8209K(349696K)->8265K(349696K)
[283.857s][info][gc,metaspace   ] GC(2295) Metaspace: 14411K(15296K)->14411K(15296K) NonClass: 12430K(12928K)->12430K(12928K) Class: 1981K(2368K)->1981K(2368K)
[283.857s][info][gc             ] GC(2295) Pause Young (Allocation Failure) 176M->9M(510M) 2.786ms
[283.857s][info][gc,cpu         ] GC(2295) User=0.00s Sys=0.00s Real=0.00s
[283.980s][info][gc,start       ] GC(2296) Pause Young (Allocation Failure)
[283.983s][info][gc,heap        ] GC(2296) PSYoungGen: 172512K(173056K)->992K(173056K) Eden: 171520K(171520K)->0K(171520K) From: 992K(1536K)->992K(1536K)
[283.983s][info][gc,heap        ] GC(2296) ParOldGen: 8265K(349696K)->8329K(349696K)
[283.983s][info][gc,metaspace   ] GC(2296) Metaspace: 14411K(15296K)->14411K(15296K) NonClass: 12430K(12928K)->12430K(12928K) Class: 1981K(2368K)->1981K(2368K)
[283.983s][info][gc             ] GC(2296) Pause Young (Allocation Failure) 176M->9M(510M) 2.778ms
[283.983s][info][gc,cpu         ] GC(2296) User=0.00s Sys=0.00s Real=0.00s
[284.101s][info][gc,start       ] GC(2297) Pause Young (Allocation Failure)
[284.104s][info][gc,heap        ] GC(2297) PSYoungGen: 172512K(173056K)->1024K(173056K) Eden: 171520K(171520K)->0K(171520K) From: 992K(1536K)->1024K(1536K)
[284.104s][info][gc,heap        ] GC(2297) ParOldGen: 8329K(349696K)->8393K(349696K)
[284.104s][info][gc,metaspace   ] GC(2297) Metaspace: 14411K(15296K)->14411K(15296K) NonClass: 12430K(12928K)->12430K(12928K) Class: 1981K(2368K)->1981K(2368K)
[284.104s][info][gc             ] GC(2297) Pause Young (Allocation Failure) 176M->9M(510M) 2.782ms
[284.104s][info][gc,cpu         ] GC(2297) User=0.00s Sys=0.00s Real=0.00s
[284.225s][info][gc,start       ] GC(2298) Pause Young (Allocation Failure)
[284.228s][info][gc,heap        ] GC(2298) PSYoungGen: 172544K(173056K)->1024K(173056K) Eden: 171520K(171520K)->0K(171520K) From: 1024K(1536K)->1024K(1536K)
[284.228s][info][gc,heap        ] GC(2298) ParOldGen: 8393K(349696K)->8449K(349696K)
[284.228s][info][gc,metaspace   ] GC(2298) Metaspace: 14411K(15296K)->14411K(15296K) NonClass: 12430K(12928K)->12430K(12928K) Class: 1981K(2368K)->1981K(2368K)
[284.228s][info][gc             ] GC(2298) Pause Young (Allocation Failure) 176M->9M(510M) 2.840ms
[284.228s][info][gc,cpu         ] GC(2298) User=0.00s Sys=0.00s Real=0.00s
[284.351s][info][gc,start       ] GC(2299) Pause Young (Allocation Failure)
[284.354s][info][gc,heap        ] GC(2299) PSYoungGen: 172544K(173056K)->1024K(173056K) Eden: 171520K(171520K)->0K(171520K) From: 1024K(1536K)->1024K(1536K)
[284.354s][info][gc,heap        ] GC(2299) ParOldGen: 8449K(349696K)->8513K(349696K)
[284.354s][info][gc,metaspace   ] GC(2299) Metaspace: 14411K(15296K)->14411K(15296K) NonClass: 12430K(12928K)->12430K(12928K) Class: 1981K(2368K)->1981K(2368K)
[284.354s][info][gc             ] GC(2299) Pause Young (Allocation Failure) 176M->9M(510M) 2.833ms
[284.354s][info][gc,cpu         ] GC(2299) User=0.00s Sys=0.00s Real=0.00s
[284.474s][info][gc,start       ] GC(2300) Pause Young (Allocation Failure)
[284.477s][info][gc,heap        ] GC(2300) PSYoungGen: 172544K(173056K)->992K(173056K) Eden: 171520K(171520K)->0K(171520K) From: 1024K(1536K)->992K(1536K)
[284.477s][info][gc,heap        ] GC(2300) ParOldGen: 8513K(349696K)->8569K(349696K)
[284.477s][info][gc,metaspace   ] GC(2300) Metaspace: 14411K(15296K)->14411K(15296K) NonClass: 12430K(12928K)->12430K(12928K) Class: 1981K(2368K)->1981K(2368K)
[284.477s][info][gc             ] GC(2300) Pause Young (Allocation Failure) 176M->9M(510M) 2.905ms
[284.477s][info][gc,cpu         ] GC(2300) User=0.00s Sys=0.00s Real=0.00s
[284.599s][info][gc,start       ] GC(2301) Pause Young (Allocation Failure)
[284.602s][info][gc,heap        ] GC(2301) PSYoungGen: 172512K(173056K)->1024K(173056K) Eden: 171520K(171520K)->0K(171520K) From: 992K(1536K)->1024K(1536K)
[284.602s][info][gc,heap        ] GC(2301) ParOldGen: 8569K(349696K)->8633K(349696K)
[284.602s][info][gc,metaspace   ] GC(2301) Metaspace: 14411K(15296K)->14411K(15296K) NonClass: 12430K(12928K)->12430K(12928K) Class: 1981K(2368K)->1981K(2368K)
[284.602s][info][gc             ] GC(2301) Pause Young (Allocation Failure) 176M->9M(510M) 2.919ms
[284.602s][info][gc,cpu         ] GC(2301) User=0.00s Sys=0.00s Real=0.00s
[284.722s][info][gc,start       ] GC(2302) Pause Young (Allocation Failure)
[284.725s][info][gc,heap        ] GC(2302) PSYoungGen: 172544K(173056K)->992K(173056K) Eden: 171520K(171520K)->0K(171520K) From: 1024K(1536K)->992K(1536K)
[284.725s][info][gc,heap        ] GC(2302) ParOldGen: 8633K(349696K)->8713K(349696K)
[284.725s][info][gc,metaspace   ] GC(2302) Metaspace: 14411K(15296K)->14411K(15296K) NonClass: 12430K(12928K)->12430K(12928K) Class: 1981K(2368K)->1981K(2368K)
[284.725s][info][gc             ] GC(2302) Pause Young (Allocation Failure) 176M->9M(510M) 2.914ms
[284.725s][info][gc,cpu         ] GC(2302) User=0.52s Sys=0.00s Real=0.00s
[284.850s][info][gc,start       ] GC(2303) Pause Young (Allocation Failure)
[284.853s][info][gc,heap        ] GC(2303) PSYoungGen: 172512K(173056K)->1056K(173056K) Eden: 171520K(171520K)->0K(171520K) From: 992K(1536K)->1056K(1536K)
[284.853s][info][gc,heap        ] GC(2303) ParOldGen: 8713K(349696K)->8753K(349696K)
[284.853s][info][gc,metaspace   ] GC(2303) Metaspace: 14411K(15296K)->14411K(15296K) NonClass: 12430K(12928K)->12430K(12928K) Class: 1981K(2368K)->1981K(2368K)
[284.853s][info][gc             ] GC(2303) Pause Young (Allocation Failure) 176M->9M(510M) 2.898ms
[284.853s][info][gc,cpu         ] GC(2303) User=0.00s Sys=0.00s Real=0.00s
[285.007s][info][gc,start       ] GC(2304) Pause Young (Allocation Failure)
[285.010s][info][gc,heap        ] GC(2304) PSYoungGen: 172576K(173056K)->1024K(173056K) Eden: 171520K(171520K)->0K(171520K) From: 1056K(1536K)->1024K(1536K)
[285.010s][info][gc,heap        ] GC(2304) ParOldGen: 8753K(349696K)->8809K(349696K)
[285.010s][info][gc,metaspace   ] GC(2304) Metaspace: 14411K(15296K)->14411K(15296K) NonClass: 12430K(12928K)->12430K(12928K) Class: 1981K(2368K)->1981K(2368K)
[285.010s][info][gc             ] GC(2304) Pause Young (Allocation Failure) 177M->9M(510M) 3.579ms
[285.010s][info][gc,cpu         ] GC(2304) User=0.00s Sys=0.00s Real=0.00s
[285.144s][info][gc,start       ] GC(2305) Pause Young (Allocation Failure)
[285.146s][info][gc,heap        ] GC(2305) PSYoungGen: 172544K(173056K)->1024K(173056K) Eden: 171520K(171520K)->0K(171520K) From: 1024K(1536K)->1024K(1536K)
[285.146s][info][gc,heap        ] GC(2305) ParOldGen: 8809K(349696K)->8889K(349696K)
[285.146s][info][gc,metaspace   ] GC(2305) Metaspace: 14411K(15296K)->14411K(15296K) NonClass: 12430K(12928K)->12430K(12928K) Class: 1981K(2368K)->1981K(2368K)
[285.146s][info][gc             ] GC(2305) Pause Young (Allocation Failure) 177M->9M(510M) 2.813ms
[285.146s][info][gc,cpu         ] GC(2305) User=0.52s Sys=0.00s Real=0.00s
[285.272s][info][gc,start       ] GC(2306) Pause Young (Allocation Failure)
[285.274s][info][gc,heap        ] GC(2306) PSYoungGen: 172544K(173056K)->992K(173056K) Eden: 171520K(171520K)->0K(171520K) From: 1024K(1536K)->992K(1536K)
[285.274s][info][gc,heap        ] GC(2306) ParOldGen: 8889K(349696K)->8961K(349696K)
[285.274s][info][gc,metaspace   ] GC(2306) Metaspace: 14411K(15296K)->14411K(15296K) NonClass: 12430K(12928K)->12430K(12928K) Class: 1981K(2368K)->1981K(2368K)
[285.274s][info][gc             ] GC(2306) Pause Young (Allocation Failure) 177M->9M(510M) 2.726ms
[285.275s][info][gc,cpu         ] GC(2306) User=0.00s Sys=0.00s Real=0.00s
[285.403s][info][gc,start       ] GC(2307) Pause Young (Allocation Failure)
[285.406s][info][gc,heap        ] GC(2307) PSYoungGen: 172512K(173056K)->992K(173056K) Eden: 171520K(171520K)->0K(171520K) From: 992K(1536K)->992K(1536K)
[285.406s][info][gc,heap        ] GC(2307) ParOldGen: 8961K(349696K)->9017K(349696K)
[285.406s][info][gc,metaspace   ] GC(2307) Metaspace: 14411K(15296K)->14411K(15296K) NonClass: 12430K(12928K)->12430K(12928K) Class: 1981K(2368K)->1981K(2368K)
[285.406s][info][gc             ] GC(2307) Pause Young (Allocation Failure) 177M->9M(510M) 2.649ms
[285.406s][info][gc,cpu         ] GC(2307) User=0.00s Sys=0.00s Real=0.00s
[285.536s][info][gc,start       ] GC(2308) Pause Young (Allocation Failure)
[285.539s][info][gc,heap        ] GC(2308) PSYoungGen: 172512K(173056K)->1024K(173056K) Eden: 171520K(171520K)->0K(171520K) From: 992K(1536K)->1024K(1536K)
[285.539s][info][gc,heap        ] GC(2308) ParOldGen: 9017K(349696K)->9073K(349696K)
[285.539s][info][gc,metaspace   ] GC(2308) Metaspace: 14411K(15296K)->14411K(15296K) NonClass: 12430K(12928K)->12430K(12928K) Class: 1981K(2368K)->1981K(2368K)
[285.539s][info][gc             ] GC(2308) Pause Young (Allocation Failure) 177M->9M(510M) 2.567ms
[285.539s][info][gc,cpu         ] GC(2308) User=0.00s Sys=0.00s Real=0.00s
[285.664s][info][gc,start       ] GC(2309) Pause Young (Allocation Failure)
[285.666s][info][gc,heap        ] GC(2309) PSYoungGen: 172544K(173056K)->992K(173056K) Eden: 171520K(171520K)->0K(171520K) From: 1024K(1536K)->992K(1536K)
[285.666s][info][gc,heap        ] GC(2309) ParOldGen: 9073K(349696K)->9161K(349696K)
[285.666s][info][gc,metaspace   ] GC(2309) Metaspace: 14411K(15296K)->14411K(15296K) NonClass: 12430K(12928K)->12430K(12928K) Class: 1981K(2368K)->1981K(2368K)
[285.666s][info][gc             ] GC(2309) Pause Young (Allocation Failure) 177M->9M(510M) 2.496ms
[285.666s][info][gc,cpu         ] GC(2309) User=0.00s Sys=0.00s Real=0.00s
[285.787s][info][gc,start       ] GC(2310) Pause Young (Allocation Failure)
[285.790s][info][gc,heap        ] GC(2310) PSYoungGen: 172512K(173056K)->1024K(173056K) Eden: 171520K(171520K)->0K(171520K) From: 992K(1536K)->1024K(1536K)
[285.790s][info][gc,heap        ] GC(2310) ParOldGen: 9161K(349696K)->9233K(349696K)
[285.790s][info][gc,metaspace   ] GC(2310) Metaspace: 14411K(15296K)->14411K(15296K) NonClass: 12430K(12928K)->12430K(12928K) Class: 1981K(2368K)->1981K(2368K)
[285.790s][info][gc             ] GC(2310) Pause Young (Allocation Failure) 177M->10M(510M) 2.504ms
[285.790s][info][gc,cpu         ] GC(2310) User=0.00s Sys=0.00s Real=0.00s
[285.913s][info][gc,start       ] GC(2311) Pause Young (Allocation Failure)
[285.915s][info][gc,heap        ] GC(2311) PSYoungGen: 172544K(173056K)->1024K(173056K) Eden: 171520K(171520K)->0K(171520K) From: 1024K(1536K)->1024K(1536K)
[285.915s][info][gc,heap        ] GC(2311) ParOldGen: 9233K(349696K)->9289K(349696K)
[285.915s][info][gc,metaspace   ] GC(2311) Metaspace: 14411K(15296K)->14411K(15296K) NonClass: 12430K(12928K)->12430K(12928K) Class: 1981K(2368K)->1981K(2368K)
[285.915s][info][gc             ] GC(2311) Pause Young (Allocation Failure) 177M->10M(510M) 2.545ms
[285.916s][info][gc,cpu         ] GC(2311) User=0.00s Sys=0.00s Real=0.00s
[286.036s][info][gc,start       ] GC(2312) Pause Young (Allocation Failure)
[286.038s][info][gc,heap        ] GC(2312) PSYoungGen: 172544K(173056K)->992K(173056K) Eden: 171520K(171520K)->0K(171520K) From: 1024K(1536K)->992K(1536K)
[286.038s][info][gc,heap        ] GC(2312) ParOldGen: 9289K(349696K)->9361K(349696K)
[286.038s][info][gc,metaspace   ] GC(2312) Metaspace: 14411K(15296K)->14411K(15296K) NonClass: 12430K(12928K)->12430K(12928K) Class: 1981K(2368K)->1981K(2368K)
[286.038s][info][gc             ] GC(2312) Pause Young (Allocation Failure) 177M->10M(510M) 2.503ms
[286.038s][info][gc,cpu         ] GC(2312) User=0.00s Sys=0.00s Real=0.00s
[286.161s][info][gc,start       ] GC(2313) Pause Young (Allocation Failure)
[286.163s][info][gc,heap        ] GC(2313) PSYoungGen: 172512K(173056K)->992K(173056K) Eden: 171520K(171520K)->0K(171520K) From: 992K(1536K)->992K(1536K)
[286.163s][info][gc,heap        ] GC(2313) ParOldGen: 9361K(349696K)->9425K(349696K)
[286.163s][info][gc,metaspace   ] GC(2313) Metaspace: 14411K(15296K)->14411K(15296K) NonClass: 12430K(12928K)->12430K(12928K) Class: 1981K(2368K)->1981K(2368K)
[286.163s][info][gc             ] GC(2313) Pause Young (Allocation Failure) 177M->10M(510M) 2.549ms
[286.163s][info][gc,cpu         ] GC(2313) User=0.00s Sys=0.00s Real=0.00s
[286.285s][info][gc,start       ] GC(2314) Pause Young (Allocation Failure)
[286.288s][info][gc,heap        ] GC(2314) PSYoungGen: 172512K(173056K)->1024K(173056K) Eden: 171520K(171520K)->0K(171520K) From: 992K(1536K)->1024K(1536K)
[286.288s][info][gc,heap        ] GC(2314) ParOldGen: 9425K(349696K)->9489K(349696K)
[286.288s][info][gc,metaspace   ] GC(2314) Metaspace: 14411K(15296K)->14411K(15296K) NonClass: 12430K(12928K)->12430K(12928K) Class: 1981K(2368K)->1981K(2368K)
[286.288s][info][gc             ] GC(2314) Pause Young (Allocation Failure) 177M->10M(510M) 2.596ms
[286.288s][info][gc,cpu         ] GC(2314) User=0.08s Sys=0.02s Real=0.00s
[286.409s][info][gc,start       ] GC(2315) Pause Young (Allocation Failure)
[286.411s][info][gc,heap        ] GC(2315) PSYoungGen: 172544K(173056K)->992K(173056K) Eden: 171520K(171520K)->0K(171520K) From: 1024K(1536K)->992K(1536K)
[286.411s][info][gc,heap        ] GC(2315) ParOldGen: 9489K(349696K)->9553K(349696K)
[286.411s][info][gc,metaspace   ] GC(2315) Metaspace: 14411K(15296K)->14411K(15296K) NonClass: 12430K(12928K)->12430K(12928K) Class: 1981K(2368K)->1981K(2368K)
[286.411s][info][gc             ] GC(2315) Pause Young (Allocation Failure) 177M->10M(510M) 2.646ms
[286.411s][info][gc,cpu         ] GC(2315) User=0.52s Sys=0.00s Real=0.00s
[286.532s][info][gc,start       ] GC(2316) Pause Young (Allocation Failure)
[286.535s][info][gc,heap        ] GC(2316) PSYoungGen: 172512K(173056K)->1024K(173056K) Eden: 171520K(171520K)->0K(171520K) From: 992K(1536K)->1024K(1536K)
[286.535s][info][gc,heap        ] GC(2316) ParOldGen: 9553K(349696K)->9625K(349696K)
[286.535s][info][gc,metaspace   ] GC(2316) Metaspace: 14411K(15296K)->14411K(15296K) NonClass: 12430K(12928K)->12430K(12928K) Class: 1981K(2368K)->1981K(2368K)
[286.535s][info][gc             ] GC(2316) Pause Young (Allocation Failure) 177M->10M(510M) 2.608ms
[286.535s][info][gc,cpu         ] GC(2316) User=0.00s Sys=0.00s Real=0.00s
[286.659s][info][gc,start       ] GC(2317) Pause Young (Allocation Failure)
[286.661s][info][gc,heap        ] GC(2317) PSYoungGen: 172544K(173056K)->1024K(173056K) Eden: 171520K(171520K)->0K(171520K) From: 1024K(1536K)->1024K(1536K)
[286.661s][info][gc,heap        ] GC(2317) ParOldGen: 9625K(349696K)->9665K(349696K)
[286.661s][info][gc,metaspace   ] GC(2317) Metaspace: 14411K(15296K)->14411K(15296K) NonClass: 12430K(12928K)->12430K(12928K) Class: 1981K(2368K)->1981K(2368K)
[286.661s][info][gc             ] GC(2317) Pause Young (Allocation Failure) 177M->10M(510M) 2.646ms
[286.661s][info][gc,cpu         ] GC(2317) User=0.52s Sys=0.00s Real=0.00s
[286.783s][info][gc,start       ] GC(2318) Pause Young (Allocation Failure)
[286.786s][info][gc,heap        ] GC(2318) PSYoungGen: 172544K(173056K)->1024K(173056K) Eden: 171520K(171520K)->0K(171520K) From: 1024K(1536K)->1024K(1536K)
[286.786s][info][gc,heap        ] GC(2318) ParOldGen: 9665K(349696K)->9721K(349696K)
[286.786s][info][gc,metaspace   ] GC(2318) Metaspace: 14411K(15296K)->14411K(15296K) NonClass: 12430K(12928K)->12430K(12928K) Class: 1981K(2368K)->1981K(2368K)
[286.786s][info][gc             ] GC(2318) Pause Young (Allocation Failure) 177M->10M(510M) 2.624ms
[286.786s][info][gc,cpu         ] GC(2318) User=0.52s Sys=0.00s Real=0.00s
[286.908s][info][gc,start       ] GC(2319) Pause Young (Allocation Failure)
[286.910s][info][gc,heap        ] GC(2319) PSYoungGen: 172544K(173056K)->1024K(173056K) Eden: 171520K(171520K)->0K(171520K) From: 1024K(1536K)->1024K(1536K)
[286.911s][info][gc,heap        ] GC(2319) ParOldGen: 9721K(349696K)->9777K(349696K)
[286.911s][info][gc,metaspace   ] GC(2319) Metaspace: 14411K(15296K)->14411K(15296K) NonClass: 12430K(12928K)->12430K(12928K) Class: 1981K(2368K)->1981K(2368K)
[286.911s][info][gc             ] GC(2319) Pause Young (Allocation Failure) 177M->10M(510M) 2.708ms
[286.911s][info][gc,cpu         ] GC(2319) User=0.00s Sys=0.00s Real=0.00s
[287.034s][info][gc,start       ] GC(2320) Pause Young (Allocation Failure)
[287.037s][info][gc,heap        ] GC(2320) PSYoungGen: 172544K(173056K)->1024K(173056K) Eden: 171520K(171520K)->0K(171520K) From: 1024K(1536K)->1024K(1536K)
[287.037s][info][gc,heap        ] GC(2320) ParOldGen: 9777K(349696K)->9817K(349696K)
[287.037s][info][gc,metaspace   ] GC(2320) Metaspace: 14411K(15296K)->14411K(15296K) NonClass: 12430K(12928K)->12430K(12928K) Class: 1981K(2368K)->1981K(2368K)
[287.037s][info][gc             ] GC(2320) Pause Young (Allocation Failure) 178M->10M(510M) 2.707ms
[287.037s][info][gc,cpu         ] GC(2320) User=0.52s Sys=0.00s Real=0.00s
[287.159s][info][gc,start       ] GC(2321) Pause Young (Allocation Failure)
[287.162s][info][gc,heap        ] GC(2321) PSYoungGen: 172544K(173056K)->1024K(173056K) Eden: 171520K(171520K)->0K(171520K) From: 1024K(1536K)->1024K(1536K)
[287.162s][info][gc,heap        ] GC(2321) ParOldGen: 9817K(349696K)->9881K(349696K)
[287.162s][info][gc,metaspace   ] GC(2321) Metaspace: 14411K(15296K)->14411K(15296K) NonClass: 12430K(12928K)->12430K(12928K) Class: 1981K(2368K)->1981K(2368K)
[287.162s][info][gc             ] GC(2321) Pause Young (Allocation Failure) 178M->10M(510M) 2.755ms
[287.162s][info][gc,cpu         ] GC(2321) User=0.52s Sys=0.00s Real=0.00s
[287.282s][info][gc,start       ] GC(2322) Pause Young (Allocation Failure)
[287.284s][info][gc,heap        ] GC(2322) PSYoungGen: 172544K(173056K)->992K(173056K) Eden: 171520K(171520K)->0K(171520K) From: 1024K(1536K)->992K(1536K)
[287.284s][info][gc,heap        ] GC(2322) ParOldGen: 9881K(349696K)->9937K(349696K)
[287.284s][info][gc,metaspace   ] GC(2322) Metaspace: 14411K(15296K)->14411K(15296K) NonClass: 12430K(12928K)->12430K(12928K) Class: 1981K(2368K)->1981K(2368K)
[287.284s][info][gc             ] GC(2322) Pause Young (Allocation Failure) 178M->10M(510M) 2.737ms
[287.284s][info][gc,cpu         ] GC(2322) User=0.00s Sys=0.00s Real=0.00s
[287.405s][info][gc,start       ] GC(2323) Pause Young (Allocation Failure)
[287.408s][info][gc,heap        ] GC(2323) PSYoungGen: 172512K(173056K)->1024K(173056K) Eden: 171520K(171520K)->0K(171520K) From: 992K(1536K)->1024K(1536K)
[287.408s][info][gc,heap        ] GC(2323) ParOldGen: 9937K(349696K)->9977K(349696K)
[287.408s][info][gc,metaspace   ] GC(2323) Metaspace: 14411K(15296K)->14411K(15296K) NonClass: 12430K(12928K)->12430K(12928K) Class: 1981K(2368K)->1981K(2368K)
[287.408s][info][gc             ] GC(2323) Pause Young (Allocation Failure) 178M->10M(510M) 2.770ms
[287.408s][info][gc,cpu         ] GC(2323) User=0.00s Sys=0.00s Real=0.00s
[287.530s][info][gc,start       ] GC(2324) Pause Young (Allocation Failure)
[287.533s][info][gc,heap        ] GC(2324) PSYoungGen: 172544K(173056K)->1024K(173056K) Eden: 171520K(171520K)->0K(171520K) From: 1024K(1536K)->1024K(1536K)
[287.533s][info][gc,heap        ] GC(2324) ParOldGen: 9977K(349696K)->10025K(349696K)
[287.533s][info][gc,metaspace   ] GC(2324) Metaspace: 14411K(15296K)->14411K(15296K) NonClass: 12430K(12928K)->12430K(12928K) Class: 1981K(2368K)->1981K(2368K)
[287.533s][info][gc             ] GC(2324) Pause Young (Allocation Failure) 178M->10M(510M) 2.807ms
[287.533s][info][gc,cpu         ] GC(2324) User=0.00s Sys=0.00s Real=0.00s
[287.764s][info][gc,start       ] GC(2325) Pause Young (Allocation Failure)
[287.767s][info][gc,heap        ] GC(2325) PSYoungGen: 172544K(173056K)->1024K(173056K) Eden: 171520K(171520K)->0K(171520K) From: 1024K(1536K)->1024K(1536K)
[287.767s][info][gc,heap        ] GC(2325) ParOldGen: 10025K(349696K)->10081K(349696K)
[287.768s][info][gc,metaspace   ] GC(2325) Metaspace: 14411K(15296K)->14411K(15296K) NonClass: 12430K(12928K)->12430K(12928K) Class: 1981K(2368K)->1981K(2368K)
[287.768s][info][gc             ] GC(2325) Pause Young (Allocation Failure) 178M->10M(510M) 3.628ms
[287.768s][info][gc,cpu         ] GC(2325) User=0.00s Sys=0.00s Real=0.00s
[287.901s][info][gc,start       ] GC(2326) Pause Young (Allocation Failure)
[287.904s][info][gc,heap        ] GC(2326) PSYoungGen: 172544K(173056K)->1024K(173056K) Eden: 171520K(171520K)->0K(171520K) From: 1024K(1536K)->1024K(1536K)
[287.904s][info][gc,heap        ] GC(2326) ParOldGen: 10081K(349696K)->10121K(349696K)
[287.904s][info][gc,metaspace   ] GC(2326) Metaspace: 14411K(15296K)->14411K(15296K) NonClass: 12430K(12928K)->12430K(12928K) Class: 1981K(2368K)->1981K(2368K)
[287.904s][info][gc             ] GC(2326) Pause Young (Allocation Failure) 178M->10M(510M) 2.741ms
[287.904s][info][gc,cpu         ] GC(2326) User=0.00s Sys=0.00s Real=0.00s
[288.028s][info][gc,start       ] GC(2327) Pause Young (Allocation Failure)
[288.030s][info][gc,heap        ] GC(2327) PSYoungGen: 172543K(173056K)->1024K(173056K) Eden: 171519K(171520K)->0K(171520K) From: 1024K(1536K)->1024K(1536K)
[288.030s][info][gc,heap        ] GC(2327) ParOldGen: 10121K(349696K)->10169K(349696K)
[288.030s][info][gc,metaspace   ] GC(2327) Metaspace: 14411K(15296K)->14411K(15296K) NonClass: 12430K(12928K)->12430K(12928K) Class: 1981K(2368K)->1981K(2368K)
[288.030s][info][gc             ] GC(2327) Pause Young (Allocation Failure) 178M->10M(510M) 2.611ms
[288.030s][info][gc,cpu         ] GC(2327) User=0.00s Sys=0.00s Real=0.00s
[288.155s][info][gc,start       ] GC(2328) Pause Young (Allocation Failure)
[288.157s][info][gc,heap        ] GC(2328) PSYoungGen: 172544K(173056K)->992K(173056K) Eden: 171520K(171520K)->0K(171520K) From: 1024K(1536K)->992K(1536K)
[288.157s][info][gc,heap        ] GC(2328) ParOldGen: 10169K(349696K)->10233K(349696K)
[288.157s][info][gc,metaspace   ] GC(2328) Metaspace: 14411K(15296K)->14411K(15296K) NonClass: 12430K(12928K)->12430K(12928K) Class: 1981K(2368K)->1981K(2368K)
[288.157s][info][gc             ] GC(2328) Pause Young (Allocation Failure) 178M->10M(510M) 2.542ms
[288.157s][info][gc,cpu         ] GC(2328) User=0.00s Sys=0.00s Real=0.00s
[288.282s][info][gc,start       ] GC(2329) Pause Young (Allocation Failure)
[288.284s][info][gc,heap        ] GC(2329) PSYoungGen: 172512K(173056K)->1024K(173056K) Eden: 171520K(171520K)->0K(171520K) From: 992K(1536K)->1024K(1536K)
[288.284s][info][gc,heap        ] GC(2329) ParOldGen: 10233K(349696K)->10297K(349696K)
[288.284s][info][gc,metaspace   ] GC(2329) Metaspace: 14411K(15296K)->14411K(15296K) NonClass: 12430K(12928K)->12430K(12928K) Class: 1981K(2368K)->1981K(2368K)
[288.284s][info][gc             ] GC(2329) Pause Young (Allocation Failure) 178M->11M(510M) 2.524ms
[288.284s][info][gc,cpu         ] GC(2329) User=0.00s Sys=0.00s Real=0.00s
[288.412s][info][gc,start       ] GC(2330) Pause Young (Allocation Failure)
[288.414s][info][gc,heap        ] GC(2330) PSYoungGen: 172544K(173056K)->1024K(173056K) Eden: 171520K(171520K)->0K(171520K) From: 1024K(1536K)->1024K(1536K)
[288.414s][info][gc,heap        ] GC(2330) ParOldGen: 10297K(349696K)->10361K(349696K)
[288.414s][info][gc,metaspace   ] GC(2330) Metaspace: 14411K(15296K)->14411K(15296K) NonClass: 12430K(12928K)->12430K(12928K) Class: 1981K(2368K)->1981K(2368K)
[288.414s][info][gc             ] GC(2330) Pause Young (Allocation Failure) 178M->11M(510M) 2.495ms
[288.414s][info][gc,cpu         ] GC(2330) User=0.00s Sys=0.00s Real=0.00s
[288.542s][info][gc,start       ] GC(2331) Pause Young (Allocation Failure)
[288.545s][info][gc,heap        ] GC(2331) PSYoungGen: 172544K(173056K)->992K(173056K) Eden: 171520K(171520K)->0K(171520K) From: 1024K(1536K)->992K(1536K)
[288.545s][info][gc,heap        ] GC(2331) ParOldGen: 10361K(349696K)->10409K(349696K)
[288.545s][info][gc,metaspace   ] GC(2331) Metaspace: 14411K(15296K)->14411K(15296K) NonClass: 12430K(12928K)->12430K(12928K) Class: 1981K(2368K)->1981K(2368K)
[288.545s][info][gc             ] GC(2331) Pause Young (Allocation Failure) 178M->11M(510M) 2.409ms
[288.545s][info][gc,cpu         ] GC(2331) User=0.00s Sys=0.00s Real=0.00s
[288.665s][info][gc,start       ] GC(2332) Pause Young (Allocation Failure)
[288.668s][info][gc,heap        ] GC(2332) PSYoungGen: 172512K(173056K)->992K(173056K) Eden: 171520K(171520K)->0K(171520K) From: 992K(1536K)->992K(1536K)
[288.668s][info][gc,heap        ] GC(2332) ParOldGen: 10409K(349696K)->10449K(349696K)
[288.668s][info][gc,metaspace   ] GC(2332) Metaspace: 14411K(15296K)->14411K(15296K) NonClass: 12430K(12928K)->12430K(12928K) Class: 1981K(2368K)->1981K(2368K)
[288.668s][info][gc             ] GC(2332) Pause Young (Allocation Failure) 178M->11M(510M) 2.318ms
[288.668s][info][gc,cpu         ] GC(2332) User=0.00s Sys=0.00s Real=0.00s
[288.786s][info][gc,start       ] GC(2333) Pause Young (Allocation Failure)
[288.788s][info][gc,heap        ] GC(2333) PSYoungGen: 172512K(173056K)->992K(173056K) Eden: 171520K(171520K)->0K(171520K) From: 992K(1536K)->992K(1536K)
[288.788s][info][gc,heap        ] GC(2333) ParOldGen: 10449K(349696K)->10497K(349696K)
[288.788s][info][gc,metaspace   ] GC(2333) Metaspace: 14411K(15296K)->14411K(15296K) NonClass: 12430K(12928K)->12430K(12928K) Class: 1981K(2368K)->1981K(2368K)
[288.789s][info][gc             ] GC(2333) Pause Young (Allocation Failure) 178M->11M(510M) 2.342ms
[288.789s][info][gc,cpu         ] GC(2333) User=0.00s Sys=0.00s Real=0.00s
[288.909s][info][gc,start       ] GC(2334) Pause Young (Allocation Failure)
[288.911s][info][gc,heap        ] GC(2334) PSYoungGen: 172512K(173056K)->992K(173056K) Eden: 171520K(171520K)->0K(171520K) From: 992K(1536K)->992K(1536K)
[288.911s][info][gc,heap        ] GC(2334) ParOldGen: 10497K(349696K)->10553K(349696K)
[288.911s][info][gc,metaspace   ] GC(2334) Metaspace: 14411K(15296K)->14411K(15296K) NonClass: 12430K(12928K)->12430K(12928K) Class: 1981K(2368K)->1981K(2368K)
[288.911s][info][gc             ] GC(2334) Pause Young (Allocation Failure) 178M->11M(510M) 2.395ms
[288.911s][info][gc,cpu         ] GC(2334) User=0.52s Sys=0.00s Real=0.00s
[289.033s][info][gc,start       ] GC(2335) Pause Young (Allocation Failure)
[289.035s][info][gc,heap        ] GC(2335) PSYoungGen: 172512K(173056K)->992K(173056K) Eden: 171520K(171520K)->0K(171520K) From: 992K(1536K)->992K(1536K)
[289.035s][info][gc,heap        ] GC(2335) ParOldGen: 10553K(349696K)->10617K(349696K)
[289.035s][info][gc,metaspace   ] GC(2335) Metaspace: 14411K(15296K)->14411K(15296K) NonClass: 12430K(12928K)->12430K(12928K) Class: 1981K(2368K)->1981K(2368K)
[289.035s][info][gc             ] GC(2335) Pause Young (Allocation Failure) 178M->11M(510M) 2.459ms
[289.035s][info][gc,cpu         ] GC(2335) User=0.00s Sys=0.00s Real=0.00s
[289.155s][info][gc,start       ] GC(2336) Pause Young (Allocation Failure)
[289.158s][info][gc,heap        ] GC(2336) PSYoungGen: 172512K(173056K)->960K(173056K) Eden: 171520K(171520K)->0K(171520K) From: 992K(1536K)->960K(1536K)
[289.158s][info][gc,heap        ] GC(2336) ParOldGen: 10617K(349696K)->10673K(349696K)
[289.158s][info][gc,metaspace   ] GC(2336) Metaspace: 14411K(15296K)->14411K(15296K) NonClass: 12430K(12928K)->12430K(12928K) Class: 1981K(2368K)->1981K(2368K)
[289.158s][info][gc             ] GC(2336) Pause Young (Allocation Failure) 178M->11M(510M) 2.445ms
[289.158s][info][gc,cpu         ] GC(2336) User=0.00s Sys=0.00s Real=0.00s
[289.278s][info][gc,start       ] GC(2337) Pause Young (Allocation Failure)
[289.281s][info][gc,heap        ] GC(2337) PSYoungGen: 172480K(173056K)->1024K(173056K) Eden: 171520K(171520K)->0K(171520K) From: 960K(1536K)->1024K(1536K)
[289.281s][info][gc,heap        ] GC(2337) ParOldGen: 10673K(349696K)->10721K(349696K)
[289.281s][info][gc,metaspace   ] GC(2337) Metaspace: 14411K(15296K)->14411K(15296K) NonClass: 12430K(12928K)->12430K(12928K) Class: 1981K(2368K)->1981K(2368K)
[289.281s][info][gc             ] GC(2337) Pause Young (Allocation Failure) 178M->11M(510M) 2.513ms
[289.281s][info][gc,cpu         ] GC(2337) User=0.00s Sys=0.00s Real=0.00s
[289.404s][info][gc,start       ] GC(2338) Pause Young (Allocation Failure)
[289.407s][info][gc,heap        ] GC(2338) PSYoungGen: 172544K(173056K)->992K(173056K) Eden: 171520K(171520K)->0K(171520K) From: 1024K(1536K)->992K(1536K)
[289.407s][info][gc,heap        ] GC(2338) ParOldGen: 10721K(349696K)->10777K(349696K)
[289.407s][info][gc,metaspace   ] GC(2338) Metaspace: 14411K(15296K)->14411K(15296K) NonClass: 12430K(12928K)->12430K(12928K) Class: 1981K(2368K)->1981K(2368K)
[289.407s][info][gc             ] GC(2338) Pause Young (Allocation Failure) 178M->11M(510M) 2.526ms
[289.407s][info][gc,cpu         ] GC(2338) User=0.00s Sys=0.00s Real=0.00s
[289.528s][info][gc,start       ] GC(2339) Pause Young (Allocation Failure)
[289.531s][info][gc,heap        ] GC(2339) PSYoungGen: 172512K(173056K)->1024K(173056K) Eden: 171520K(171520K)->0K(171520K) From: 992K(1536K)->1024K(1536K)
[289.531s][info][gc,heap        ] GC(2339) ParOldGen: 10777K(349696K)->10841K(349696K)
[289.531s][info][gc,metaspace   ] GC(2339) Metaspace: 14411K(15296K)->14411K(15296K) NonClass: 12430K(12928K)->12430K(12928K) Class: 1981K(2368K)->1981K(2368K)
[289.531s][info][gc             ] GC(2339) Pause Young (Allocation Failure) 178M->11M(510M) 2.531ms
[289.531s][info][gc,cpu         ] GC(2339) User=0.00s Sys=0.00s Real=0.00s
[289.652s][info][gc,start       ] GC(2340) Pause Young (Allocation Failure)
[289.655s][info][gc,heap        ] GC(2340) PSYoungGen: 172544K(173056K)->1024K(173056K) Eden: 171520K(171520K)->0K(171520K) From: 1024K(1536K)->1024K(1536K)
[289.655s][info][gc,heap        ] GC(2340) ParOldGen: 10841K(349696K)->10897K(349696K)
[289.655s][info][gc,metaspace   ] GC(2340) Metaspace: 14411K(15296K)->14411K(15296K) NonClass: 12430K(12928K)->12430K(12928K) Class: 1981K(2368K)->1981K(2368K)
[289.655s][info][gc             ] GC(2340) Pause Young (Allocation Failure) 179M->11M(510M) 2.555ms
[289.655s][info][gc,cpu         ] GC(2340) User=0.00s Sys=0.00s Real=0.00s
[289.775s][info][gc,start       ] GC(2341) Pause Young (Allocation Failure)
[289.778s][info][gc,heap        ] GC(2341) PSYoungGen: 172544K(173056K)->1024K(173056K) Eden: 171520K(171520K)->0K(171520K) From: 1024K(1536K)->1024K(1536K)
[289.778s][info][gc,heap        ] GC(2341) ParOldGen: 10897K(349696K)->10953K(349696K)
[289.778s][info][gc,metaspace   ] GC(2341) Metaspace: 14411K(15296K)->14411K(15296K) NonClass: 12430K(12928K)->12430K(12928K) Class: 1981K(2368K)->1981K(2368K)
[289.778s][info][gc             ] GC(2341) Pause Young (Allocation Failure) 179M->11M(510M) 2.604ms
[289.778s][info][gc,cpu         ] GC(2341) User=0.00s Sys=0.00s Real=0.00s
[289.897s][info][gc,start       ] GC(2342) Pause Young (Allocation Failure)
[289.899s][info][gc,heap        ] GC(2342) PSYoungGen: 172544K(173056K)->992K(173056K) Eden: 171520K(171520K)->0K(171520K) From: 1024K(1536K)->992K(1536K)
[289.899s][info][gc,heap        ] GC(2342) ParOldGen: 10953K(349696K)->11001K(349696K)
[289.899s][info][gc,metaspace   ] GC(2342) Metaspace: 14411K(15296K)->14411K(15296K) NonClass: 12430K(12928K)->12430K(12928K) Class: 1981K(2368K)->1981K(2368K)
[289.899s][info][gc             ] GC(2342) Pause Young (Allocation Failure) 179M->11M(510M) 2.593ms
[289.899s][info][gc,cpu         ] GC(2342) User=0.00s Sys=0.00s Real=0.00s
[290.022s][info][gc,start       ] GC(2343) Pause Young (Allocation Failure)
[290.024s][info][gc,heap        ] GC(2343) PSYoungGen: 172512K(173056K)->992K(173056K) Eden: 171520K(171520K)->0K(171520K) From: 992K(1536K)->992K(1536K)
[290.024s][info][gc,heap        ] GC(2343) ParOldGen: 11001K(349696K)->11049K(349696K)
[290.024s][info][gc,metaspace   ] GC(2343) Metaspace: 14411K(15296K)->14411K(15296K) NonClass: 12430K(12928K)->12430K(12928K) Class: 1981K(2368K)->1981K(2368K)
[290.024s][info][gc             ] GC(2343) Pause Young (Allocation Failure) 179M->11M(510M) 2.621ms
[290.024s][info][gc,cpu         ] GC(2343) User=0.00s Sys=0.00s Real=0.00s
[290.146s][info][gc,start       ] GC(2344) Pause Young (Allocation Failure)
[290.149s][info][gc,heap        ] GC(2344) PSYoungGen: 172512K(173056K)->1024K(173056K) Eden: 171520K(171520K)->0K(171520K) From: 992K(1536K)->1024K(1536K)
[290.149s][info][gc,heap        ] GC(2344) ParOldGen: 11049K(349696K)->11089K(349696K)
[290.149s][info][gc,metaspace   ] GC(2344) Metaspace: 14411K(15296K)->14411K(15296K) NonClass: 12430K(12928K)->12430K(12928K) Class: 1981K(2368K)->1981K(2368K)
[290.149s][info][gc             ] GC(2344) Pause Young (Allocation Failure) 179M->11M(510M) 2.625ms
[290.149s][info][gc,cpu         ] GC(2344) User=0.00s Sys=0.00s Real=0.00s
[290.269s][info][gc,start       ] GC(2345) Pause Young (Allocation Failure)
[290.272s][info][gc,heap        ] GC(2345) PSYoungGen: 172544K(173056K)->1024K(173056K) Eden: 171520K(171520K)->0K(171520K) From: 1024K(1536K)->1024K(1536K)
[290.272s][info][gc,heap        ] GC(2345) ParOldGen: 11089K(349696K)->11145K(349696K)
[290.272s][info][gc,metaspace   ] GC(2345) Metaspace: 14411K(15296K)->14411K(15296K) NonClass: 12430K(12928K)->12430K(12928K) Class: 1981K(2368K)->1981K(2368K)
[290.272s][info][gc             ] GC(2345) Pause Young (Allocation Failure) 179M->11M(510M) 2.654ms
[290.272s][info][gc,cpu         ] GC(2345) User=0.00s Sys=0.00s Real=0.00s
[290.395s][info][gc,start       ] GC(2346) Pause Young (Allocation Failure)
[290.397s][info][gc,heap        ] GC(2346) PSYoungGen: 172544K(173056K)->1024K(173056K) Eden: 171520K(171520K)->0K(171520K) From: 1024K(1536K)->1024K(1536K)
[290.397s][info][gc,heap        ] GC(2346) ParOldGen: 11145K(349696K)->11193K(349696K)
[290.397s][info][gc,metaspace   ] GC(2346) Metaspace: 14411K(15296K)->14411K(15296K) NonClass: 12430K(12928K)->12430K(12928K) Class: 1981K(2368K)->1981K(2368K)
[290.397s][info][gc             ] GC(2346) Pause Young (Allocation Failure) 179M->11M(510M) 2.707ms
[290.397s][info][gc,cpu         ] GC(2346) User=0.08s Sys=0.02s Real=0.00s
[290.518s][info][gc,start       ] GC(2347) Pause Young (Allocation Failure)
[290.521s][info][gc,heap        ] GC(2347) PSYoungGen: 172544K(173056K)->1024K(173056K) Eden: 171520K(171520K)->0K(171520K) From: 1024K(1536K)->1024K(1536K)
[290.521s][info][gc,heap        ] GC(2347) ParOldGen: 11193K(349696K)->11281K(349696K)
[290.521s][info][gc,metaspace   ] GC(2347) Metaspace: 14411K(15296K)->14411K(15296K) NonClass: 12430K(12928K)->12430K(12928K) Class: 1981K(2368K)->1981K(2368K)
[290.521s][info][gc             ] GC(2347) Pause Young (Allocation Failure) 179M->12M(510M) 2.693ms
[290.521s][info][gc,cpu         ] GC(2347) User=0.52s Sys=0.00s Real=0.00s
[290.642s][info][gc,start       ] GC(2348) Pause Young (Allocation Failure)
[290.645s][info][gc,heap        ] GC(2348) PSYoungGen: 172544K(173056K)->992K(173056K) Eden: 171520K(171520K)->0K(171520K) From: 1024K(1536K)->992K(1536K)
[290.645s][info][gc,heap        ] GC(2348) ParOldGen: 11281K(349696K)->11337K(349696K)
[290.645s][info][gc,metaspace   ] GC(2348) Metaspace: 14411K(15296K)->14411K(15296K) NonClass: 12430K(12928K)->12430K(12928K) Class: 1981K(2368K)->1981K(2368K)
[290.645s][info][gc             ] GC(2348) Pause Young (Allocation Failure) 179M->12M(510M) 2.732ms
[290.645s][info][gc,cpu         ] GC(2348) User=0.52s Sys=0.00s Real=0.00s
[290.766s][info][gc,start       ] GC(2349) Pause Young (Allocation Failure)
[290.769s][info][gc,heap        ] GC(2349) PSYoungGen: 172512K(173056K)->992K(173056K) Eden: 171520K(171520K)->0K(171520K) From: 992K(1536K)->992K(1536K)
[290.769s][info][gc,heap        ] GC(2349) ParOldGen: 11337K(349696K)->11393K(349696K)
[290.769s][info][gc,metaspace   ] GC(2349) Metaspace: 14411K(15296K)->14411K(15296K) NonClass: 12430K(12928K)->12430K(12928K) Class: 1981K(2368K)->1981K(2368K)
[290.769s][info][gc             ] GC(2349) Pause Young (Allocation Failure) 179M->12M(510M) 2.724ms
[290.769s][info][gc,cpu         ] GC(2349) User=0.00s Sys=0.00s Real=0.00s
[290.890s][info][gc,start       ] GC(2350) Pause Young (Allocation Failure)
[290.893s][info][gc,heap        ] GC(2350) PSYoungGen: 172512K(173056K)->1024K(173056K) Eden: 171520K(171520K)->0K(171520K) From: 992K(1536K)->1024K(1536K)
[290.893s][info][gc,heap        ] GC(2350) ParOldGen: 11393K(349696K)->11465K(349696K)
[290.893s][info][gc,metaspace   ] GC(2350) Metaspace: 14411K(15296K)->14411K(15296K) NonClass: 12430K(12928K)->12430K(12928K) Class: 1981K(2368K)->1981K(2368K)
[290.893s][info][gc             ] GC(2350) Pause Young (Allocation Failure) 179M->12M(510M) 2.818ms
[290.893s][info][gc,cpu         ] GC(2350) User=0.00s Sys=0.00s Real=0.00s
[291.015s][info][gc,start       ] GC(2351) Pause Young (Allocation Failure)
[291.018s][info][gc,heap        ] GC(2351) PSYoungGen: 172544K(173056K)->960K(173056K) Eden: 171520K(171520K)->0K(171520K) From: 1024K(1536K)->960K(1536K)
[291.018s][info][gc,heap        ] GC(2351) ParOldGen: 11465K(349696K)->11517K(349696K)
[291.018s][info][gc,metaspace   ] GC(2351) Metaspace: 14411K(15296K)->14411K(15296K) NonClass: 12430K(12928K)->12430K(12928K) Class: 1981K(2368K)->1981K(2368K)
[291.018s][info][gc             ] GC(2351) Pause Young (Allocation Failure) 179M->12M(510M) 2.817ms
[291.018s][info][gc,cpu         ] GC(2351) User=0.00s Sys=0.00s Real=0.00s
[291.140s][info][gc,start       ] GC(2352) Pause Young (Allocation Failure)
[291.143s][info][gc,heap        ] GC(2352) PSYoungGen: 172480K(173056K)->1024K(173056K) Eden: 171520K(171520K)->0K(171520K) From: 960K(1536K)->1024K(1536K)
[291.143s][info][gc,heap        ] GC(2352) ParOldGen: 11517K(349696K)->11573K(349696K)
[291.143s][info][gc,metaspace   ] GC(2352) Metaspace: 14411K(15296K)->14411K(15296K) NonClass: 12430K(12928K)->12430K(12928K) Class: 1981K(2368K)->1981K(2368K)
[291.143s][info][gc             ] GC(2352) Pause Young (Allocation Failure) 179M->12M(510M) 2.873ms
[291.143s][info][gc,cpu         ] GC(2352) User=0.00s Sys=0.00s Real=0.00s
[291.266s][info][gc,start       ] GC(2353) Pause Young (Allocation Failure)
[291.269s][info][gc,heap        ] GC(2353) PSYoungGen: 172544K(173056K)->992K(173056K) Eden: 171520K(171520K)->0K(171520K) From: 1024K(1536K)->992K(1536K)
[291.269s][info][gc,heap        ] GC(2353) ParOldGen: 11573K(349696K)->11637K(349696K)
[291.269s][info][gc,metaspace   ] GC(2353) Metaspace: 14411K(15296K)->14411K(15296K) NonClass: 12430K(12928K)->12430K(12928K) Class: 1981K(2368K)->1981K(2368K)
[291.269s][info][gc             ] GC(2353) Pause Young (Allocation Failure) 179M->12M(510M) 2.886ms
[291.269s][info][gc,cpu         ] GC(2353) User=0.00s Sys=0.00s Real=0.00s
[291.391s][info][gc,start       ] GC(2354) Pause Young (Allocation Failure)
[291.393s][info][gc,heap        ] GC(2354) PSYoungGen: 172512K(173056K)->1024K(173056K) Eden: 171520K(171520K)->0K(171520K) From: 992K(1536K)->1024K(1536K)
[291.394s][info][gc,heap        ] GC(2354) ParOldGen: 11637K(349696K)->11693K(349696K)
[291.394s][info][gc,metaspace   ] GC(2354) Metaspace: 14411K(15296K)->14411K(15296K) NonClass: 12430K(12928K)->12430K(12928K) Class: 1981K(2368K)->1981K(2368K)
[291.394s][info][gc             ] GC(2354) Pause Young (Allocation Failure) 179M->12M(510M) 2.825ms
[291.394s][info][gc,cpu         ] GC(2354) User=0.00s Sys=0.00s Real=0.00s
[291.604s][info][gc,start       ] GC(2355) Pause Young (Allocation Failure)
[291.608s][info][gc,heap        ] GC(2355) PSYoungGen: 172544K(173056K)->1024K(173056K) Eden: 171520K(171520K)->0K(171520K) From: 1024K(1536K)->1024K(1536K)
[291.608s][info][gc,heap        ] GC(2355) ParOldGen: 11693K(349696K)->11741K(349696K)
[291.608s][info][gc,metaspace   ] GC(2355) Metaspace: 14411K(15296K)->14411K(15296K) NonClass: 12430K(12928K)->12430K(12928K) Class: 1981K(2368K)->1981K(2368K)
[291.608s][info][gc             ] GC(2355) Pause Young (Allocation Failure) 179M->12M(510M) 3.760ms
[291.608s][info][gc,cpu         ] GC(2355) User=0.00s Sys=0.00s Real=0.00s
[291.740s][info][gc,start       ] GC(2356) Pause Young (Allocation Failure)
[291.742s][info][gc,heap        ] GC(2356) PSYoungGen: 172544K(173056K)->992K(173056K) Eden: 171520K(171520K)->0K(171520K) From: 1024K(1536K)->992K(1536K)
[291.742s][info][gc,heap        ] GC(2356) ParOldGen: 11741K(349696K)->11789K(349696K)
[291.742s][info][gc,metaspace   ] GC(2356) Metaspace: 14411K(15296K)->14411K(15296K) NonClass: 12430K(12928K)->12430K(12928K) Class: 1981K(2368K)->1981K(2368K)
[291.743s][info][gc             ] GC(2356) Pause Young (Allocation Failure) 179M->12M(510M) 2.732ms
[291.743s][info][gc,cpu         ] GC(2356) User=0.00s Sys=0.00s Real=0.00s
[291.866s][info][gc,start       ] GC(2357) Pause Young (Allocation Failure)
[291.869s][info][gc,heap        ] GC(2357) PSYoungGen: 172512K(173056K)->992K(173056K) Eden: 171520K(171520K)->0K(171520K) From: 992K(1536K)->992K(1536K)
[291.869s][info][gc,heap        ] GC(2357) ParOldGen: 11789K(349696K)->11837K(349696K)
[291.869s][info][gc,metaspace   ] GC(2357) Metaspace: 14411K(15296K)->14411K(15296K) NonClass: 12430K(12928K)->12430K(12928K) Class: 1981K(2368K)->1981K(2368K)
[291.869s][info][gc             ] GC(2357) Pause Young (Allocation Failure) 179M->12M(510M) 2.652ms
[291.869s][info][gc,cpu         ] GC(2357) User=0.00s Sys=0.00s Real=0.00s
[291.992s][info][gc,start       ] GC(2358) Pause Young (Allocation Failure)
[291.994s][info][gc,heap        ] GC(2358) PSYoungGen: 172512K(173056K)->992K(173056K) Eden: 171520K(171520K)->0K(171520K) From: 992K(1536K)->992K(1536K)
[291.994s][info][gc,heap        ] GC(2358) ParOldGen: 11837K(349696K)->11869K(349696K)
[291.994s][info][gc,metaspace   ] GC(2358) Metaspace: 14411K(15296K)->14411K(15296K) NonClass: 12430K(12928K)->12430K(12928K) Class: 1981K(2368K)->1981K(2368K)
[291.994s][info][gc             ] GC(2358) Pause Young (Allocation Failure) 180M->12M(510M) 2.537ms
[291.995s][info][gc,cpu         ] GC(2358) User=0.00s Sys=0.00s Real=0.00s
[292.116s][info][gc,start       ] GC(2359) Pause Young (Allocation Failure)
[292.119s][info][gc,heap        ] GC(2359) PSYoungGen: 172512K(173056K)->1024K(173056K) Eden: 171520K(171520K)->0K(171520K) From: 992K(1536K)->1024K(1536K)
[292.119s][info][gc,heap        ] GC(2359) ParOldGen: 11869K(349696K)->11917K(349696K)
[292.119s][info][gc,metaspace   ] GC(2359) Metaspace: 14411K(15296K)->14411K(15296K) NonClass: 12430K(12928K)->12430K(12928K) Class: 1981K(2368K)->1981K(2368K)
[292.119s][info][gc             ] GC(2359) Pause Young (Allocation Failure) 180M->12M(510M) 2.575ms
[292.119s][info][gc,cpu         ] GC(2359) User=0.00s Sys=0.00s Real=0.00s
[292.251s][info][gc,start       ] GC(2360) Pause Young (Allocation Failure)
[292.253s][info][gc,heap        ] GC(2360) PSYoungGen: 172544K(173056K)->992K(173056K) Eden: 171520K(171520K)->0K(171520K) From: 1024K(1536K)->992K(1536K)
[292.253s][info][gc,heap        ] GC(2360) ParOldGen: 11917K(349696K)->11957K(349696K)
[292.253s][info][gc,metaspace   ] GC(2360) Metaspace: 14411K(15296K)->14411K(15296K) NonClass: 12430K(12928K)->12430K(12928K) Class: 1981K(2368K)->1981K(2368K)
[292.253s][info][gc             ] GC(2360) Pause Young (Allocation Failure) 180M->12M(510M) 2.544ms
[292.253s][info][gc,cpu         ] GC(2360) User=0.00s Sys=0.00s Real=0.00s
[292.380s][info][gc,start       ] GC(2361) Pause Young (Allocation Failure)
[292.382s][info][gc,heap        ] GC(2361) PSYoungGen: 172512K(173056K)->992K(173056K) Eden: 171520K(171520K)->0K(171520K) From: 992K(1536K)->992K(1536K)
[292.382s][info][gc,heap        ] GC(2361) ParOldGen: 11957K(349696K)->12013K(349696K)
[292.382s][info][gc,metaspace   ] GC(2361) Metaspace: 14411K(15296K)->14411K(15296K) NonClass: 12430K(12928K)->12430K(12928K) Class: 1981K(2368K)->1981K(2368K)
[292.382s][info][gc             ] GC(2361) Pause Young (Allocation Failure) 180M->12M(510M) 2.382ms
[292.382s][info][gc,cpu         ] GC(2361) User=0.00s Sys=0.00s Real=0.00s
[292.506s][info][gc,start       ] GC(2362) Pause Young (Allocation Failure)
[292.509s][info][gc,heap        ] GC(2362) PSYoungGen: 172512K(173056K)->1024K(173056K) Eden: 171520K(171520K)->0K(171520K) From: 992K(1536K)->1024K(1536K)
[292.509s][info][gc,heap        ] GC(2362) ParOldGen: 12013K(349696K)->12053K(349696K)
[292.509s][info][gc,metaspace   ] GC(2362) Metaspace: 14411K(15296K)->14411K(15296K) NonClass: 12430K(12928K)->12430K(12928K) Class: 1981K(2368K)->1981K(2368K)
[292.509s][info][gc             ] GC(2362) Pause Young (Allocation Failure) 180M->12M(510M) 2.376ms
[292.509s][info][gc,cpu         ] GC(2362) User=0.00s Sys=0.00s Real=0.00s
[292.629s][info][gc,start       ] GC(2363) Pause Young (Allocation Failure)
[292.631s][info][gc,heap        ] GC(2363) PSYoungGen: 172544K(173056K)->1024K(173056K) Eden: 171520K(171520K)->0K(171520K) From: 1024K(1536K)->1024K(1536K)
[292.631s][info][gc,heap        ] GC(2363) ParOldGen: 12053K(349696K)->12109K(349696K)
[292.631s][info][gc,metaspace   ] GC(2363) Metaspace: 14411K(15296K)->14411K(15296K) NonClass: 12430K(12928K)->12430K(12928K) Class: 1981K(2368K)->1981K(2368K)
[292.631s][info][gc             ] GC(2363) Pause Young (Allocation Failure) 180M->12M(510M) 2.371ms
[292.631s][info][gc,cpu         ] GC(2363) User=0.00s Sys=0.00s Real=0.00s
[292.751s][info][gc,start       ] GC(2364) Pause Young (Allocation Failure)
[292.753s][info][gc,heap        ] GC(2364) PSYoungGen: 172544K(173056K)->992K(173056K) Eden: 171520K(171520K)->0K(171520K) From: 1024K(1536K)->992K(1536K)
[292.753s][info][gc,heap        ] GC(2364) ParOldGen: 12109K(349696K)->12157K(349696K)
[292.753s][info][gc,metaspace   ] GC(2364) Metaspace: 14411K(15296K)->14411K(15296K) NonClass: 12430K(12928K)->12430K(12928K) Class: 1981K(2368K)->1981K(2368K)
[292.753s][info][gc             ] GC(2364) Pause Young (Allocation Failure) 180M->12M(510M) 2.511ms
[292.753s][info][gc,cpu         ] GC(2364) User=0.00s Sys=0.00s Real=0.00s
[292.870s][info][gc,start       ] GC(2365) Pause Young (Allocation Failure)
[292.872s][info][gc,heap        ] GC(2365) PSYoungGen: 172512K(173056K)->1056K(173056K) Eden: 171520K(171520K)->0K(171520K) From: 992K(1536K)->1056K(1536K)
[292.872s][info][gc,heap        ] GC(2365) ParOldGen: 12157K(349696K)->12205K(349696K)
[292.872s][info][gc,metaspace   ] GC(2365) Metaspace: 14411K(15296K)->14411K(15296K) NonClass: 12430K(12928K)->12430K(12928K) Class: 1981K(2368K)->1981K(2368K)
[292.872s][info][gc             ] GC(2365) Pause Young (Allocation Failure) 180M->12M(510M) 2.534ms
[292.872s][info][gc,cpu         ] GC(2365) User=0.00s Sys=0.00s Real=0.00s
[292.987s][info][gc,start       ] GC(2366) Pause Young (Allocation Failure)
[292.990s][info][gc,heap        ] GC(2366) PSYoungGen: 172576K(173056K)->1024K(173056K) Eden: 171520K(171520K)->0K(171520K) From: 1056K(1536K)->1024K(1536K)
[292.990s][info][gc,heap        ] GC(2366) ParOldGen: 12205K(349696K)->12253K(349696K)
[292.990s][info][gc,metaspace   ] GC(2366) Metaspace: 14411K(15296K)->14411K(15296K) NonClass: 12430K(12928K)->12430K(12928K) Class: 1981K(2368K)->1981K(2368K)
[292.990s][info][gc             ] GC(2366) Pause Young (Allocation Failure) 180M->12M(510M) 2.527ms
[292.990s][info][gc,cpu         ] GC(2366) User=0.52s Sys=0.00s Real=0.00s
[293.105s][info][gc,start       ] GC(2367) Pause Young (Allocation Failure)
[293.107s][info][gc,heap        ] GC(2367) PSYoungGen: 172544K(173056K)->960K(173056K) Eden: 171520K(171520K)->0K(171520K) From: 1024K(1536K)->960K(1536K)
[293.107s][info][gc,heap        ] GC(2367) ParOldGen: 12253K(349696K)->12301K(349696K)
[293.107s][info][gc,metaspace   ] GC(2367) Metaspace: 14411K(15296K)->14411K(15296K) NonClass: 12430K(12928K)->12430K(12928K) Class: 1981K(2368K)->1981K(2368K)
[293.107s][info][gc             ] GC(2367) Pause Young (Allocation Failure) 180M->12M(510M) 2.558ms
[293.107s][info][gc,cpu         ] GC(2367) User=0.00s Sys=0.00s Real=0.00s
[293.217s][info][gc,start       ] GC(2368) Pause Young (Allocation Failure)
[293.220s][info][gc,heap        ] GC(2368) PSYoungGen: 172480K(173056K)->992K(173056K) Eden: 171520K(171520K)->0K(171520K) From: 960K(1536K)->992K(1536K)
[293.220s][info][gc,heap        ] GC(2368) ParOldGen: 12301K(349696K)->12357K(349696K)
[293.220s][info][gc,metaspace   ] GC(2368) Metaspace: 14411K(15296K)->14411K(15296K) NonClass: 12430K(12928K)->12430K(12928K) Class: 1981K(2368K)->1981K(2368K)
[293.220s][info][gc             ] GC(2368) Pause Young (Allocation Failure) 180M->13M(510M) 2.738ms
[293.220s][info][gc,cpu         ] GC(2368) User=0.00s Sys=0.00s Real=0.00s
[293.325s][info][gc,start       ] GC(2369) Pause Young (Allocation Failure)
[293.328s][info][gc,heap        ] GC(2369) PSYoungGen: 172512K(173056K)->960K(173056K) Eden: 171520K(171520K)->0K(171520K) From: 992K(1536K)->960K(1536K)
[293.328s][info][gc,heap        ] GC(2369) ParOldGen: 12357K(349696K)->12405K(349696K)
[293.328s][info][gc,metaspace   ] GC(2369) Metaspace: 14411K(15296K)->14411K(15296K) NonClass: 12430K(12928K)->12430K(12928K) Class: 1981K(2368K)->1981K(2368K)
[293.328s][info][gc             ] GC(2369) Pause Young (Allocation Failure) 180M->13M(510M) 2.656ms
[293.328s][info][gc,cpu         ] GC(2369) User=0.00s Sys=0.00s Real=0.00s
[293.420s][info][gc,start       ] GC(2370) Pause Young (Allocation Failure)
[293.423s][info][gc,heap        ] GC(2370) PSYoungGen: 172480K(173056K)->864K(173056K) Eden: 171520K(171520K)->0K(171520K) From: 960K(1536K)->864K(1536K)
[293.423s][info][gc,heap        ] GC(2370) ParOldGen: 12405K(349696K)->12445K(349696K)
[293.423s][info][gc,metaspace   ] GC(2370) Metaspace: 14411K(15296K)->14411K(15296K) NonClass: 12430K(12928K)->12430K(12928K) Class: 1981K(2368K)->1981K(2368K)
[293.423s][info][gc             ] GC(2370) Pause Young (Allocation Failure) 180M->12M(510M) 2.725ms
[293.423s][info][gc,cpu         ] GC(2370) User=0.00s Sys=0.00s Real=0.00s
[293.494s][info][gc,start       ] GC(2371) Pause Young (Allocation Failure)
[293.496s][info][gc,heap        ] GC(2371) PSYoungGen: 172384K(173056K)->736K(173056K) Eden: 171520K(171520K)->0K(171520K) From: 864K(1536K)->736K(1536K)
[293.496s][info][gc,heap        ] GC(2371) ParOldGen: 12445K(349696K)->12485K(349696K)
[293.496s][info][gc,metaspace   ] GC(2371) Metaspace: 14411K(15296K)->14411K(15296K) NonClass: 12430K(12928K)->12430K(12928K) Class: 1981K(2368K)->1981K(2368K)
[293.496s][info][gc             ] GC(2371) Pause Young (Allocation Failure) 180M->12M(510M) 2.687ms
[293.496s][info][gc,cpu         ] GC(2371) User=0.00s Sys=0.00s Real=0.00s
[293.563s][info][gc,start       ] GC(2372) Pause Young (Allocation Failure)
[293.566s][info][gc,heap        ] GC(2372) PSYoungGen: 172256K(173056K)->768K(173056K) Eden: 171520K(171520K)->0K(171520K) From: 736K(1536K)->768K(1536K)
[293.566s][info][gc,heap        ] GC(2372) ParOldGen: 12485K(349696K)->12517K(349696K)
[293.566s][info][gc,metaspace   ] GC(2372) Metaspace: 14411K(15296K)->14411K(15296K) NonClass: 12430K(12928K)->12430K(12928K) Class: 1981K(2368K)->1981K(2368K)
[293.566s][info][gc             ] GC(2372) Pause Young (Allocation Failure) 180M->12M(510M) 2.710ms
[293.566s][info][gc,cpu         ] GC(2372) User=0.00s Sys=0.00s Real=0.00s
[293.644s][info][gc,start       ] GC(2373) Pause Young (Allocation Failure)
[293.646s][info][gc,heap        ] GC(2373) PSYoungGen: 172288K(173056K)->768K(173056K) Eden: 171520K(171520K)->0K(171520K) From: 768K(1536K)->768K(1536K)
[293.646s][info][gc,heap        ] GC(2373) ParOldGen: 12517K(349696K)->12541K(349696K)
[293.646s][info][gc,metaspace   ] GC(2373) Metaspace: 14411K(15296K)->14411K(15296K) NonClass: 12430K(12928K)->12430K(12928K) Class: 1981K(2368K)->1981K(2368K)
[293.646s][info][gc             ] GC(2373) Pause Young (Allocation Failure) 180M->12M(510M) 2.788ms
[293.646s][info][gc,cpu         ] GC(2373) User=0.52s Sys=0.00s Real=0.00s
[293.761s][info][gc,start       ] GC(2374) Pause Young (Allocation Failure)
[293.764s][info][gc,heap        ] GC(2374) PSYoungGen: 172288K(173056K)->608K(173056K) Eden: 171520K(171520K)->0K(171520K) From: 768K(1536K)->608K(1536K)
[293.764s][info][gc,heap        ] GC(2374) ParOldGen: 12541K(349696K)->12581K(349696K)
[293.764s][info][gc,metaspace   ] GC(2374) Metaspace: 14411K(15296K)->14411K(15296K) NonClass: 12430K(12928K)->12430K(12928K) Class: 1981K(2368K)->1981K(2368K)
[293.764s][info][gc             ] GC(2374) Pause Young (Allocation Failure) 180M->12M(510M) 2.894ms
[293.764s][info][gc,cpu         ] GC(2374) User=0.00s Sys=0.00s Real=0.00s
[293.933s][info][gc,start       ] GC(2375) Pause Young (Allocation Failure)
[293.935s][info][gc,heap        ] GC(2375) PSYoungGen: 172128K(173056K)->256K(173056K) Eden: 171520K(171520K)->0K(171520K) From: 608K(1536K)->256K(1536K)
[293.936s][info][gc,heap        ] GC(2375) ParOldGen: 12581K(349696K)->12621K(349696K)
[293.936s][info][gc,metaspace   ] GC(2375) Metaspace: 14411K(15296K)->14411K(15296K) NonClass: 12430K(12928K)->12430K(12928K) Class: 1981K(2368K)->1981K(2368K)
[293.936s][info][gc             ] GC(2375) Pause Young (Allocation Failure) 180M->12M(510M) 3.064ms
[293.936s][info][gc,cpu         ] GC(2375) User=0.00s Sys=0.00s Real=0.00s
[293.960s][info][gc,start       ] GC(2376) Pause Young (System.gc())
[293.963s][info][gc,heap        ] GC(2376) PSYoungGen: 5462K(173056K)->128K(173056K) Eden: 5206K(171520K)->0K(171520K) From: 256K(1536K)->128K(1536K)
[293.963s][info][gc,heap        ] GC(2376) ParOldGen: 12621K(349696K)->12693K(349696K)
[293.963s][info][gc,metaspace   ] GC(2376) Metaspace: 14411K(15296K)->14411K(15296K) NonClass: 12430K(12928K)->12430K(12928K) Class: 1981K(2368K)->1981K(2368K)
[293.963s][info][gc             ] GC(2376) Pause Young (System.gc()) 17M->12M(510M) 2.802ms
[293.963s][info][gc,cpu         ] GC(2376) User=0.00s Sys=0.00s Real=0.00s
[293.963s][info][gc,start       ] GC(2377) Pause Full (System.gc())
[293.963s][info][gc,phases,start] GC(2377) Marking Phase
[293.977s][info][gc,phases      ] GC(2377) Marking Phase 13.763ms
[293.977s][info][gc,phases,start] GC(2377) Summary Phase
[293.977s][info][gc,phases      ] GC(2377) Summary Phase 0.034ms
[293.977s][info][gc,phases,start] GC(2377) Adjust Roots
[293.983s][info][gc,phases      ] GC(2377) Adjust Roots 6.038ms
[293.983s][info][gc,phases,start] GC(2377) Compaction Phase
[293.985s][info][gc,phases      ] GC(2377) Compaction Phase 2.471ms
[293.986s][info][gc,phases,start] GC(2377) Post Compact
[293.986s][info][gc,phases      ] GC(2377) Post Compact 0.194ms
[293.986s][info][gc,heap        ] GC(2377) PSYoungGen: 128K(173056K)->0K(173056K) Eden: 0K(171520K)->0K(171520K) From: 128K(1536K)->0K(1536K)
[293.986s][info][gc,heap        ] GC(2377) ParOldGen: 12693K(349696K)->5380K(349696K)
[293.986s][info][gc,metaspace   ] GC(2377) Metaspace: 14411K(15296K)->14411K(15296K) NonClass: 12430K(12928K)->12430K(12928K) Class: 1981K(2368K)->1981K(2368K)
[293.986s][info][gc             ] GC(2377) Pause Full (System.gc()) 12M->5M(510M) 22.846ms
[293.986s][info][gc,cpu         ] GC(2377) User=0.02s Sys=0.00s Real=0.02s
[294.130s][info][gc,start       ] GC(2378) Pause Young (Allocation Failure)
[294.133s][info][gc,heap        ] GC(2378) PSYoungGen: 171520K(173056K)->1536K(172032K) Eden: 171520K(171520K)->0K(170496K) From: 0K(1536K)->1536K(1536K)
[294.133s][info][gc,heap        ] GC(2378) ParOldGen: 5380K(349696K)->5905K(349696K)
[294.133s][info][gc,metaspace   ] GC(2378) Metaspace: 14411K(15296K)->14411K(15296K) NonClass: 12430K(12928K)->12430K(12928K) Class: 1981K(2368K)->1981K(2368K)
[294.133s][info][gc             ] GC(2378) Pause Young (Allocation Failure) 172M->7M(509M) 3.008ms
[294.133s][info][gc,cpu         ] GC(2378) User=0.00s Sys=0.00s Real=0.00s
[294.248s][info][gc,start       ] GC(2379) Pause Young (Allocation Failure)
[294.250s][info][gc,heap        ] GC(2379) PSYoungGen: 172032K(172032K)->1024K(172544K) Eden: 170496K(170496K)->0K(170496K) From: 1536K(1536K)->1024K(2048K)
[294.250s][info][gc,heap        ] GC(2379) ParOldGen: 5905K(349696K)->7071K(349696K)
[294.250s][info][gc,metaspace   ] GC(2379) Metaspace: 14411K(15296K)->14411K(15296K) NonClass: 12430K(12928K)->12430K(12928K) Class: 1981K(2368K)->1981K(2368K)
[294.250s][info][gc             ] GC(2379) Pause Young (Allocation Failure) 173M->7M(510M) 2.904ms
[294.250s][info][gc,cpu         ] GC(2379) User=0.00s Sys=0.00s Real=0.00s
[294.370s][info][gc,start       ] GC(2380) Pause Young (Allocation Failure)
[294.373s][info][gc,heap        ] GC(2380) PSYoungGen: 171520K(172544K)->1024K(172544K) Eden: 170496K(170496K)->0K(170496K) From: 1024K(2048K)->1024K(2048K)
[294.373s][info][gc,heap        ] GC(2380) ParOldGen: 7071K(349696K)->7135K(349696K)
[294.373s][info][gc,metaspace   ] GC(2380) Metaspace: 14411K(15296K)->14411K(15296K) NonClass: 12430K(12928K)->12430K(12928K) Class: 1981K(2368K)->1981K(2368K)
[294.373s][info][gc             ] GC(2380) Pause Young (Allocation Failure) 174M->7M(510M) 2.795ms
[294.373s][info][gc,cpu         ] GC(2380) User=0.00s Sys=0.00s Real=0.00s
[294.497s][info][gc,start       ] GC(2381) Pause Young (Allocation Failure)
[294.500s][info][gc,heap        ] GC(2381) PSYoungGen: 171520K(172544K)->1024K(172544K) Eden: 170496K(170496K)->0K(170496K) From: 1024K(2048K)->1024K(2048K)
[294.500s][info][gc,heap        ] GC(2381) ParOldGen: 7135K(349696K)->7191K(349696K)
[294.500s][info][gc,metaspace   ] GC(2381) Metaspace: 14411K(15296K)->14411K(15296K) NonClass: 12430K(12928K)->12430K(12928K) Class: 1981K(2368K)->1981K(2368K)
[294.500s][info][gc             ] GC(2381) Pause Young (Allocation Failure) 174M->8M(510M) 2.855ms
[294.500s][info][gc,cpu         ] GC(2381) User=0.00s Sys=0.00s Real=0.00s
[294.624s][info][gc,start       ] GC(2382) Pause Young (Allocation Failure)
[294.626s][info][gc,heap        ] GC(2382) PSYoungGen: 171520K(172544K)->992K(172544K) Eden: 170496K(170496K)->0K(170496K) From: 1024K(2048K)->992K(2048K)
[294.626s][info][gc,heap        ] GC(2382) ParOldGen: 7191K(349696K)->7279K(349696K)
[294.627s][info][gc,metaspace   ] GC(2382) Metaspace: 14411K(15296K)->14411K(15296K) NonClass: 12430K(12928K)->12430K(12928K) Class: 1981K(2368K)->1981K(2368K)
[294.627s][info][gc             ] GC(2382) Pause Young (Allocation Failure) 174M->8M(510M) 2.844ms
[294.627s][info][gc,cpu         ] GC(2382) User=0.00s Sys=0.00s Real=0.00s
[294.749s][info][gc,start       ] GC(2383) Pause Young (Allocation Failure)
[294.752s][info][gc,heap        ] GC(2383) PSYoungGen: 171488K(172544K)->992K(172544K) Eden: 170496K(170496K)->0K(170496K) From: 992K(2048K)->992K(2048K)
[294.752s][info][gc,heap        ] GC(2383) ParOldGen: 7279K(349696K)->7351K(349696K)
[294.752s][info][gc,metaspace   ] GC(2383) Metaspace: 14411K(15296K)->14411K(15296K) NonClass: 12430K(12928K)->12430K(12928K) Class: 1981K(2368K)->1981K(2368K)
[294.752s][info][gc             ] GC(2383) Pause Young (Allocation Failure) 174M->8M(510M) 2.860ms
[294.752s][info][gc,cpu         ] GC(2383) User=0.00s Sys=0.00s Real=0.00s
[294.873s][info][gc,start       ] GC(2384) Pause Young (Allocation Failure)
[294.876s][info][gc,heap        ] GC(2384) PSYoungGen: 171488K(172544K)->1024K(171520K) Eden: 170496K(170496K)->0K(170496K) From: 992K(2048K)->1024K(1024K)
[294.876s][info][gc,heap        ] GC(2384) ParOldGen: 7351K(349696K)->7399K(349696K)
[294.876s][info][gc,metaspace   ] GC(2384) Metaspace: 14411K(15296K)->14411K(15296K) NonClass: 12430K(12928K)->12430K(12928K) Class: 1981K(2368K)->1981K(2368K)
[294.876s][info][gc             ] GC(2384) Pause Young (Allocation Failure) 174M->8M(509M) 3.047ms
[294.876s][info][gc,cpu         ] GC(2384) User=0.00s Sys=0.00s Real=0.00s
[294.998s][info][gc,start       ] GC(2385) Pause Young (Allocation Failure)
[295.001s][info][gc,heap        ] GC(2385) PSYoungGen: 171520K(171520K)->1024K(172032K) Eden: 170496K(170496K)->0K(170496K) From: 1024K(1024K)->1024K(1536K)
[295.001s][info][gc,heap        ] GC(2385) ParOldGen: 7399K(349696K)->7479K(349696K)
[295.001s][info][gc,metaspace   ] GC(2385) Metaspace: 14411K(15296K)->14411K(15296K) NonClass: 12430K(12928K)->12430K(12928K) Class: 1981K(2368K)->1981K(2368K)
[295.001s][info][gc             ] GC(2385) Pause Young (Allocation Failure) 174M->8M(509M) 2.923ms
[295.001s][info][gc,cpu         ] GC(2385) User=0.00s Sys=0.00s Real=0.00s
[295.124s][info][gc,start       ] GC(2386) Pause Young (Allocation Failure)
[295.126s][info][gc,heap        ] GC(2386) PSYoungGen: 171520K(172032K)->1024K(173056K) Eden: 170496K(170496K)->0K(171520K) From: 1024K(1536K)->1024K(1536K)
[295.127s][info][gc,heap        ] GC(2386) ParOldGen: 7479K(349696K)->7511K(349696K)
[295.127s][info][gc,metaspace   ] GC(2386) Metaspace: 14411K(15296K)->14411K(15296K) NonClass: 12430K(12928K)->12430K(12928K) Class: 1981K(2368K)->1981K(2368K)
[295.127s][info][gc             ] GC(2386) Pause Young (Allocation Failure) 174M->8M(510M) 3.055ms
[295.127s][info][gc,cpu         ] GC(2386) User=0.00s Sys=0.00s Real=0.00s
[295.296s][info][gc,start       ] GC(2387) Pause Young (Allocation Failure)
[295.300s][info][gc,heap        ] GC(2387) PSYoungGen: 172544K(173056K)->992K(173056K) Eden: 171520K(171520K)->0K(171520K) From: 1024K(1536K)->992K(1536K)
[295.300s][info][gc,heap        ] GC(2387) ParOldGen: 7511K(349696K)->7559K(349696K)
[295.300s][info][gc,metaspace   ] GC(2387) Metaspace: 14411K(15296K)->14411K(15296K) NonClass: 12430K(12928K)->12430K(12928K) Class: 1981K(2368K)->1981K(2368K)
[295.300s][info][gc             ] GC(2387) Pause Young (Allocation Failure) 175M->8M(510M) 3.768ms
[295.300s][info][gc,cpu         ] GC(2387) User=0.00s Sys=0.00s Real=0.00s
[295.432s][info][gc,start       ] GC(2388) Pause Young (Allocation Failure)
[295.435s][info][gc,heap        ] GC(2388) PSYoungGen: 172512K(173056K)->992K(173056K) Eden: 171520K(171520K)->0K(171520K) From: 992K(1536K)->992K(1536K)
[295.435s][info][gc,heap        ] GC(2388) ParOldGen: 7559K(349696K)->7615K(349696K)
[295.435s][info][gc,metaspace   ] GC(2388) Metaspace: 14411K(15296K)->14411K(15296K) NonClass: 12430K(12928K)->12430K(12928K) Class: 1981K(2368K)->1981K(2368K)
[295.435s][info][gc             ] GC(2388) Pause Young (Allocation Failure) 175M->8M(510M) 2.975ms
[295.435s][info][gc,cpu         ] GC(2388) User=0.00s Sys=0.00s Real=0.00s
[295.562s][info][gc,start       ] GC(2389) Pause Young (Allocation Failure)
[295.565s][info][gc,heap        ] GC(2389) PSYoungGen: 172512K(173056K)->992K(173056K) Eden: 171520K(171520K)->0K(171520K) From: 992K(1536K)->992K(1536K)
[295.565s][info][gc,heap        ] GC(2389) ParOldGen: 7615K(349696K)->7671K(349696K)
[295.565s][info][gc,metaspace   ] GC(2389) Metaspace: 14411K(15296K)->14411K(15296K) NonClass: 12430K(12928K)->12430K(12928K) Class: 1981K(2368K)->1981K(2368K)
[295.565s][info][gc             ] GC(2389) Pause Young (Allocation Failure) 175M->8M(510M) 2.857ms
[295.565s][info][gc,cpu         ] GC(2389) User=0.00s Sys=0.00s Real=0.00s
[295.690s][info][gc,start       ] GC(2390) Pause Young (Allocation Failure)
[295.693s][info][gc,heap        ] GC(2390) PSYoungGen: 172512K(173056K)->960K(173056K) Eden: 171520K(171520K)->0K(171520K) From: 992K(1536K)->960K(1536K)
[295.693s][info][gc,heap        ] GC(2390) ParOldGen: 7671K(349696K)->7727K(349696K)
[295.693s][info][gc,metaspace   ] GC(2390) Metaspace: 14411K(15296K)->14411K(15296K) NonClass: 12430K(12928K)->12430K(12928K) Class: 1981K(2368K)->1981K(2368K)
[295.693s][info][gc             ] GC(2390) Pause Young (Allocation Failure) 175M->8M(510M) 2.744ms
[295.693s][info][gc,cpu         ] GC(2390) User=0.52s Sys=0.00s Real=0.00s
[295.826s][info][gc,start       ] GC(2391) Pause Young (Allocation Failure)
[295.828s][info][gc,heap        ] GC(2391) PSYoungGen: 172480K(173056K)->1024K(173056K) Eden: 171520K(171520K)->0K(171520K) From: 960K(1536K)->1024K(1536K)
[295.828s][info][gc,heap        ] GC(2391) ParOldGen: 7727K(349696K)->7791K(349696K)
[295.828s][info][gc,metaspace   ] GC(2391) Metaspace: 14411K(15296K)->14411K(15296K) NonClass: 12430K(12928K)->12430K(12928K) Class: 1981K(2368K)->1981K(2368K)
[295.828s][info][gc             ] GC(2391) Pause Young (Allocation Failure) 175M->8M(510M) 2.666ms
[295.828s][info][gc,cpu         ] GC(2391) User=0.00s Sys=0.00s Real=0.00s
[295.961s][info][gc,start       ] GC(2392) Pause Young (Allocation Failure)
[295.964s][info][gc,heap        ] GC(2392) PSYoungGen: 172544K(173056K)->960K(173056K) Eden: 171520K(171520K)->0K(171520K) From: 1024K(1536K)->960K(1536K)
[295.964s][info][gc,heap        ] GC(2392) ParOldGen: 7791K(349696K)->7847K(349696K)
[295.964s][info][gc,metaspace   ] GC(2392) Metaspace: 14411K(15296K)->14411K(15296K) NonClass: 12430K(12928K)->12430K(12928K) Class: 1981K(2368K)->1981K(2368K)
[295.964s][info][gc             ] GC(2392) Pause Young (Allocation Failure) 176M->8M(510M) 2.594ms
[295.964s][info][gc,cpu         ] GC(2392) User=0.00s Sys=0.00s Real=0.00s
[296.091s][info][gc,start       ] GC(2393) Pause Young (Allocation Failure)
[296.094s][info][gc,heap        ] GC(2393) PSYoungGen: 172479K(173056K)->992K(173056K) Eden: 171519K(171520K)->0K(171520K) From: 960K(1536K)->992K(1536K)
[296.094s][info][gc,heap        ] GC(2393) ParOldGen: 7847K(349696K)->7919K(349696K)
[296.094s][info][gc,metaspace   ] GC(2393) Metaspace: 14411K(15296K)->14411K(15296K) NonClass: 12430K(12928K)->12430K(12928K) Class: 1981K(2368K)->1981K(2368K)
[296.094s][info][gc             ] GC(2393) Pause Young (Allocation Failure) 176M->8M(510M) 2.524ms
[296.094s][info][gc,cpu         ] GC(2393) User=0.00s Sys=0.00s Real=0.00s
[296.220s][info][gc,start       ] GC(2394) Pause Young (Allocation Failure)
[296.222s][info][gc,heap        ] GC(2394) PSYoungGen: 172512K(173056K)->992K(173056K) Eden: 171520K(171520K)->0K(171520K) From: 992K(1536K)->992K(1536K)
[296.222s][info][gc,heap        ] GC(2394) ParOldGen: 7919K(349696K)->7991K(349696K)
[296.222s][info][gc,metaspace   ] GC(2394) Metaspace: 14411K(15296K)->14411K(15296K) NonClass: 12430K(12928K)->12430K(12928K) Class: 1981K(2368K)->1981K(2368K)
[296.222s][info][gc             ] GC(2394) Pause Young (Allocation Failure) 176M->8M(510M) 2.513ms
[296.222s][info][gc,cpu         ] GC(2394) User=0.00s Sys=0.00s Real=0.00s
[296.347s][info][gc,start       ] GC(2395) Pause Young (Allocation Failure)
[296.349s][info][gc,heap        ] GC(2395) PSYoungGen: 172512K(173056K)->1024K(173056K) Eden: 171520K(171520K)->0K(171520K) From: 992K(1536K)->1024K(1536K)
[296.349s][info][gc,heap        ] GC(2395) ParOldGen: 7991K(349696K)->8063K(349696K)
[296.349s][info][gc,metaspace   ] GC(2395) Metaspace: 14411K(15296K)->14411K(15296K) NonClass: 12430K(12928K)->12430K(12928K) Class: 1981K(2368K)->1981K(2368K)
[296.349s][info][gc             ] GC(2395) Pause Young (Allocation Failure) 176M->8M(510M) 2.512ms
[296.349s][info][gc,cpu         ] GC(2395) User=0.52s Sys=0.00s Real=0.00s
[296.472s][info][gc,start       ] GC(2396) Pause Young (Allocation Failure)
[296.475s][info][gc,heap        ] GC(2396) PSYoungGen: 172544K(173056K)->1024K(173056K) Eden: 171520K(171520K)->0K(171520K) From: 1024K(1536K)->1024K(1536K)
[296.475s][info][gc,heap        ] GC(2396) ParOldGen: 8063K(349696K)->8119K(349696K)
[296.475s][info][gc,metaspace   ] GC(2396) Metaspace: 14411K(15296K)->14411K(15296K) NonClass: 12430K(12928K)->12430K(12928K) Class: 1981K(2368K)->1981K(2368K)
[296.475s][info][gc             ] GC(2396) Pause Young (Allocation Failure) 176M->8M(510M) 2.522ms
[296.475s][info][gc,cpu         ] GC(2396) User=0.52s Sys=0.00s Real=0.00s
[296.598s][info][gc,start       ] GC(2397) Pause Young (Allocation Failure)
[296.601s][info][gc,heap        ] GC(2397) PSYoungGen: 172544K(173056K)->992K(173056K) Eden: 171520K(171520K)->0K(171520K) From: 1024K(1536K)->992K(1536K)
[296.601s][info][gc,heap        ] GC(2397) ParOldGen: 8119K(349696K)->8191K(349696K)
[296.601s][info][gc,metaspace   ] GC(2397) Metaspace: 14411K(15296K)->14411K(15296K) NonClass: 12430K(12928K)->12430K(12928K) Class: 1981K(2368K)->1981K(2368K)
[296.601s][info][gc             ] GC(2397) Pause Young (Allocation Failure) 176M->8M(510M) 2.528ms
[296.601s][info][gc,cpu         ] GC(2397) User=0.00s Sys=0.00s Real=0.00s
[296.726s][info][gc,start       ] GC(2398) Pause Young (Allocation Failure)
[296.728s][info][gc,heap        ] GC(2398) PSYoungGen: 172512K(173056K)->992K(173056K) Eden: 171520K(171520K)->0K(171520K) From: 992K(1536K)->992K(1536K)
[296.728s][info][gc,heap        ] GC(2398) ParOldGen: 8191K(349696K)->8271K(349696K)
[296.728s][info][gc,metaspace   ] GC(2398) Metaspace: 14411K(15296K)->14411K(15296K) NonClass: 12430K(12928K)->12430K(12928K) Class: 1981K(2368K)->1981K(2368K)
[296.728s][info][gc             ] GC(2398) Pause Young (Allocation Failure) 176M->9M(510M) 2.615ms
[296.728s][info][gc,cpu         ] GC(2398) User=0.00s Sys=0.00s Real=0.00s
[296.851s][info][gc,start       ] GC(2399) Pause Young (Allocation Failure)
[296.854s][info][gc,heap        ] GC(2399) PSYoungGen: 172512K(173056K)->992K(173056K) Eden: 171520K(171520K)->0K(171520K) From: 992K(1536K)->992K(1536K)
[296.854s][info][gc,heap        ] GC(2399) ParOldGen: 8271K(349696K)->8311K(349696K)
[296.854s][info][gc,metaspace   ] GC(2399) Metaspace: 14411K(15296K)->14411K(15296K) NonClass: 12430K(12928K)->12430K(12928K) Class: 1981K(2368K)->1981K(2368K)
[296.854s][info][gc             ] GC(2399) Pause Young (Allocation Failure) 176M->9M(510M) 2.644ms
[296.854s][info][gc,cpu         ] GC(2399) User=0.00s Sys=0.00s Real=0.00s
[296.979s][info][gc,start       ] GC(2400) Pause Young (Allocation Failure)
[296.981s][info][gc,heap        ] GC(2400) PSYoungGen: 172512K(173056K)->992K(173056K) Eden: 171520K(171520K)->0K(171520K) From: 992K(1536K)->992K(1536K)
[296.981s][info][gc,heap        ] GC(2400) ParOldGen: 8311K(349696K)->8391K(349696K)
[296.981s][info][gc,metaspace   ] GC(2400) Metaspace: 14411K(15296K)->14411K(15296K) NonClass: 12430K(12928K)->12430K(12928K) Class: 1981K(2368K)->1981K(2368K)
[296.981s][info][gc             ] GC(2400) Pause Young (Allocation Failure) 176M->9M(510M) 2.721ms
[296.981s][info][gc,cpu         ] GC(2400) User=0.00s Sys=0.00s Real=0.00s
[297.106s][info][gc,start       ] GC(2401) Pause Young (Allocation Failure)
[297.109s][info][gc,heap        ] GC(2401) PSYoungGen: 172512K(173056K)->992K(173056K) Eden: 171520K(171520K)->0K(171520K) From: 992K(1536K)->992K(1536K)
[297.109s][info][gc,heap        ] GC(2401) ParOldGen: 8391K(349696K)->8447K(349696K)
[297.109s][info][gc,metaspace   ] GC(2401) Metaspace: 14411K(15296K)->14411K(15296K) NonClass: 12430K(12928K)->12430K(12928K) Class: 1981K(2368K)->1981K(2368K)
[297.109s][info][gc             ] GC(2401) Pause Young (Allocation Failure) 176M->9M(510M) 2.708ms
[297.109s][info][gc,cpu         ] GC(2401) User=0.00s Sys=0.00s Real=0.00s
[297.232s][info][gc,start       ] GC(2402) Pause Young (Allocation Failure)
[297.235s][info][gc,heap        ] GC(2402) PSYoungGen: 172512K(173056K)->992K(173056K) Eden: 171520K(171520K)->0K(171520K) From: 992K(1536K)->992K(1536K)
[297.235s][info][gc,heap        ] GC(2402) ParOldGen: 8447K(349696K)->8511K(349696K)
[297.235s][info][gc,metaspace   ] GC(2402) Metaspace: 14411K(15296K)->14411K(15296K) NonClass: 12430K(12928K)->12430K(12928K) Class: 1981K(2368K)->1981K(2368K)
[297.235s][info][gc             ] GC(2402) Pause Young (Allocation Failure) 176M->9M(510M) 2.700ms
[297.235s][info][gc,cpu         ] GC(2402) User=0.00s Sys=0.00s Real=0.00s
[297.359s][info][gc,start       ] GC(2403) Pause Young (Allocation Failure)
[297.362s][info][gc,heap        ] GC(2403) PSYoungGen: 172512K(173056K)->1024K(173056K) Eden: 171520K(171520K)->0K(171520K) From: 992K(1536K)->1024K(1536K)
[297.362s][info][gc,heap        ] GC(2403) ParOldGen: 8511K(349696K)->8591K(349696K)
[297.362s][info][gc,metaspace   ] GC(2403) Metaspace: 14411K(15296K)->14411K(15296K) NonClass: 12430K(12928K)->12430K(12928K) Class: 1981K(2368K)->1981K(2368K)
[297.362s][info][gc             ] GC(2403) Pause Young (Allocation Failure) 176M->9M(510M) 2.770ms
[297.362s][info][gc,cpu         ] GC(2403) User=0.00s Sys=0.00s Real=0.00s
[297.487s][info][gc,start       ] GC(2404) Pause Young (Allocation Failure)
[297.490s][info][gc,heap        ] GC(2404) PSYoungGen: 172544K(173056K)->1024K(173056K) Eden: 171520K(171520K)->0K(171520K) From: 1024K(1536K)->1024K(1536K)
[297.490s][info][gc,heap        ] GC(2404) ParOldGen: 8591K(349696K)->8663K(349696K)
[297.490s][info][gc,metaspace   ] GC(2404) Metaspace: 14411K(15296K)->14411K(15296K) NonClass: 12430K(12928K)->12430K(12928K) Class: 1981K(2368K)->1981K(2368K)
[297.490s][info][gc             ] GC(2404) Pause Young (Allocation Failure) 176M->9M(510M) 2.763ms
[297.490s][info][gc,cpu         ] GC(2404) User=0.52s Sys=0.00s Real=0.00s
[297.613s][info][gc,start       ] GC(2405) Pause Young (Allocation Failure)
[297.616s][info][gc,heap        ] GC(2405) PSYoungGen: 172544K(173056K)->1024K(173056K) Eden: 171520K(171520K)->0K(171520K) From: 1024K(1536K)->1024K(1536K)
[297.616s][info][gc,heap        ] GC(2405) ParOldGen: 8663K(349696K)->8719K(349696K)
[297.616s][info][gc,metaspace   ] GC(2405) Metaspace: 14411K(15296K)->14411K(15296K) NonClass: 12430K(12928K)->12430K(12928K) Class: 1981K(2368K)->1981K(2368K)
[297.616s][info][gc             ] GC(2405) Pause Young (Allocation Failure) 176M->9M(510M) 2.815ms
[297.616s][info][gc,cpu         ] GC(2405) User=0.00s Sys=0.02s Real=0.00s
[297.740s][info][gc,start       ] GC(2406) Pause Young (Allocation Failure)
[297.743s][info][gc,heap        ] GC(2406) PSYoungGen: 172544K(173056K)->992K(173056K) Eden: 171520K(171520K)->0K(171520K) From: 1024K(1536K)->992K(1536K)
[297.743s][info][gc,heap        ] GC(2406) ParOldGen: 8719K(349696K)->8751K(349696K)
[297.743s][info][gc,metaspace   ] GC(2406) Metaspace: 14411K(15296K)->14411K(15296K) NonClass: 12430K(12928K)->12430K(12928K) Class: 1981K(2368K)->1981K(2368K)
[297.743s][info][gc             ] GC(2406) Pause Young (Allocation Failure) 177M->9M(510M) 2.802ms
[297.743s][info][gc,cpu         ] GC(2406) User=0.00s Sys=0.00s Real=0.00s
[297.868s][info][gc,start       ] GC(2407) Pause Young (Allocation Failure)
[297.871s][info][gc,heap        ] GC(2407) PSYoungGen: 172512K(173056K)->1056K(173056K) Eden: 171520K(171520K)->0K(171520K) From: 992K(1536K)->1056K(1536K)
[297.871s][info][gc,heap        ] GC(2407) ParOldGen: 8751K(349696K)->8799K(349696K)
[297.871s][info][gc,metaspace   ] GC(2407) Metaspace: 14411K(15296K)->14411K(15296K) NonClass: 12430K(12928K)->12430K(12928K) Class: 1981K(2368K)->1981K(2368K)
[297.871s][info][gc             ] GC(2407) Pause Young (Allocation Failure) 177M->9M(510M) 2.838ms
[297.871s][info][gc,cpu         ] GC(2407) User=0.00s Sys=0.00s Real=0.00s
[297.998s][info][gc,start       ] GC(2408) Pause Young (Allocation Failure)
[298.001s][info][gc,heap        ] GC(2408) PSYoungGen: 172576K(173056K)->992K(173056K) Eden: 171520K(171520K)->0K(171520K) From: 1056K(1536K)->992K(1536K)
[298.001s][info][gc,heap        ] GC(2408) ParOldGen: 8799K(349696K)->8863K(349696K)
[298.001s][info][gc,metaspace   ] GC(2408) Metaspace: 14411K(15296K)->14411K(15296K) NonClass: 12430K(12928K)->12430K(12928K) Class: 1981K(2368K)->1981K(2368K)
[298.001s][info][gc             ] GC(2408) Pause Young (Allocation Failure) 177M->9M(510M) 2.837ms
[298.001s][info][gc,cpu         ] GC(2408) User=0.00s Sys=0.00s Real=0.00s
[298.202s][info][gc,start       ] GC(2409) Pause Young (Allocation Failure)
[298.206s][info][gc,heap        ] GC(2409) PSYoungGen: 172512K(173056K)->1024K(173056K) Eden: 171520K(171520K)->0K(171520K) From: 992K(1536K)->1024K(1536K)
[298.206s][info][gc,heap        ] GC(2409) ParOldGen: 8863K(349696K)->8935K(349696K)
[298.206s][info][gc,metaspace   ] GC(2409) Metaspace: 14411K(15296K)->14411K(15296K) NonClass: 12430K(12928K)->12430K(12928K) Class: 1981K(2368K)->1981K(2368K)
[298.206s][info][gc             ] GC(2409) Pause Young (Allocation Failure) 177M->9M(510M) 3.774ms
[298.206s][info][gc,cpu         ] GC(2409) User=0.00s Sys=0.00s Real=0.00s
[298.339s][info][gc,start       ] GC(2410) Pause Young (Allocation Failure)
[298.342s][info][gc,heap        ] GC(2410) PSYoungGen: 172544K(173056K)->1056K(173056K) Eden: 171520K(171520K)->0K(171520K) From: 1024K(1536K)->1056K(1536K)
[298.342s][info][gc,heap        ] GC(2410) ParOldGen: 8935K(349696K)->8983K(349696K)
[298.342s][info][gc,metaspace   ] GC(2410) Metaspace: 14411K(15296K)->14411K(15296K) NonClass: 12430K(12928K)->12430K(12928K) Class: 1981K(2368K)->1981K(2368K)
[298.342s][info][gc             ] GC(2410) Pause Young (Allocation Failure) 177M->9M(510M) 2.751ms
[298.342s][info][gc,cpu         ] GC(2410) User=0.00s Sys=0.00s Real=0.00s
[298.470s][info][gc,start       ] GC(2411) Pause Young (Allocation Failure)
[298.472s][info][gc,heap        ] GC(2411) PSYoungGen: 172576K(173056K)->1024K(173056K) Eden: 171520K(171520K)->0K(171520K) From: 1056K(1536K)->1024K(1536K)
[298.472s][info][gc,heap        ] GC(2411) ParOldGen: 8983K(349696K)->9039K(349696K)
[298.472s][info][gc,metaspace   ] GC(2411) Metaspace: 14411K(15296K)->14411K(15296K) NonClass: 12430K(12928K)->12430K(12928K) Class: 1981K(2368K)->1981K(2368K)
[298.472s][info][gc             ] GC(2411) Pause Young (Allocation Failure) 177M->9M(510M) 2.701ms
[298.472s][info][gc,cpu         ] GC(2411) User=0.00s Sys=0.00s Real=0.00s
[298.595s][info][gc,start       ] GC(2412) Pause Young (Allocation Failure)
[298.597s][info][gc,heap        ] GC(2412) PSYoungGen: 172544K(173056K)->1024K(173056K) Eden: 171520K(171520K)->0K(171520K) From: 1024K(1536K)->1024K(1536K)
[298.597s][info][gc,heap        ] GC(2412) ParOldGen: 9039K(349696K)->9103K(349696K)
[298.597s][info][gc,metaspace   ] GC(2412) Metaspace: 14411K(15296K)->14411K(15296K) NonClass: 12430K(12928K)->12430K(12928K) Class: 1981K(2368K)->1981K(2368K)
[298.597s][info][gc             ] GC(2412) Pause Young (Allocation Failure) 177M->9M(510M) 2.591ms
[298.597s][info][gc,cpu         ] GC(2412) User=0.02s Sys=0.00s Real=0.00s
[298.722s][info][gc,start       ] GC(2413) Pause Young (Allocation Failure)
[298.724s][info][gc,heap        ] GC(2413) PSYoungGen: 172544K(173056K)->992K(173056K) Eden: 171520K(171520K)->0K(171520K) From: 1024K(1536K)->992K(1536K)
[298.724s][info][gc,heap        ] GC(2413) ParOldGen: 9103K(349696K)->9143K(349696K)
[298.724s][info][gc,metaspace   ] GC(2413) Metaspace: 14411K(15296K)->14411K(15296K) NonClass: 12430K(12928K)->12430K(12928K) Class: 1981K(2368K)->1981K(2368K)
[298.724s][info][gc             ] GC(2413) Pause Young (Allocation Failure) 177M->9M(510M) 2.626ms
[298.724s][info][gc,cpu         ] GC(2413) User=0.52s Sys=0.00s Real=0.00s
[298.856s][info][gc,start       ] GC(2414) Pause Young (Allocation Failure)
[298.859s][info][gc,heap        ] GC(2414) PSYoungGen: 172512K(173056K)->1024K(173056K) Eden: 171520K(171520K)->0K(171520K) From: 992K(1536K)->1024K(1536K)
[298.859s][info][gc,heap        ] GC(2414) ParOldGen: 9143K(349696K)->9215K(349696K)
[298.859s][info][gc,metaspace   ] GC(2414) Metaspace: 14411K(15296K)->14411K(15296K) NonClass: 12430K(12928K)->12430K(12928K) Class: 1981K(2368K)->1981K(2368K)
[298.859s][info][gc             ] GC(2414) Pause Young (Allocation Failure) 177M->9M(510M) 2.554ms
[298.859s][info][gc,cpu         ] GC(2414) User=0.00s Sys=0.00s Real=0.00s
[298.989s][info][gc,start       ] GC(2415) Pause Young (Allocation Failure)
[298.992s][info][gc,heap        ] GC(2415) PSYoungGen: 172544K(173056K)->992K(173056K) Eden: 171520K(171520K)->0K(171520K) From: 1024K(1536K)->992K(1536K)
[298.992s][info][gc,heap        ] GC(2415) ParOldGen: 9215K(349696K)->9271K(349696K)
[298.992s][info][gc,metaspace   ] GC(2415) Metaspace: 14411K(15296K)->14411K(15296K) NonClass: 12430K(12928K)->12430K(12928K) Class: 1981K(2368K)->1981K(2368K)
[298.992s][info][gc             ] GC(2415) Pause Young (Allocation Failure) 177M->10M(510M) 2.426ms
[298.992s][info][gc,cpu         ] GC(2415) User=0.00s Sys=0.00s Real=0.00s
[299.115s][info][gc,start       ] GC(2416) Pause Young (Allocation Failure)
[299.118s][info][gc,heap        ] GC(2416) PSYoungGen: 172512K(173056K)->1024K(173056K) Eden: 171520K(171520K)->0K(171520K) From: 992K(1536K)->1024K(1536K)
[299.118s][info][gc,heap        ] GC(2416) ParOldGen: 9271K(349696K)->9319K(349696K)
[299.118s][info][gc,metaspace   ] GC(2416) Metaspace: 14411K(15296K)->14411K(15296K) NonClass: 12430K(12928K)->12430K(12928K) Class: 1981K(2368K)->1981K(2368K)
[299.118s][info][gc             ] GC(2416) Pause Young (Allocation Failure) 177M->10M(510M) 2.374ms
[299.118s][info][gc,cpu         ] GC(2416) User=0.00s Sys=0.00s Real=0.00s
[299.237s][info][gc,start       ] GC(2417) Pause Young (Allocation Failure)
[299.239s][info][gc,heap        ] GC(2417) PSYoungGen: 172544K(173056K)->992K(173056K) Eden: 171520K(171520K)->0K(171520K) From: 1024K(1536K)->992K(1536K)
[299.239s][info][gc,heap        ] GC(2417) ParOldGen: 9319K(349696K)->9391K(349696K)
[299.239s][info][gc,metaspace   ] GC(2417) Metaspace: 14411K(15296K)->14411K(15296K) NonClass: 12430K(12928K)->12430K(12928K) Class: 1981K(2368K)->1981K(2368K)
[299.239s][info][gc             ] GC(2417) Pause Young (Allocation Failure) 177M->10M(510M) 2.372ms
[299.239s][info][gc,cpu         ] GC(2417) User=0.52s Sys=0.00s Real=0.00s
[299.360s][info][gc,start       ] GC(2418) Pause Young (Allocation Failure)
[299.362s][info][gc,heap        ] GC(2418) PSYoungGen: 172512K(173056K)->1024K(173056K) Eden: 171520K(171520K)->0K(171520K) From: 992K(1536K)->1024K(1536K)
[299.362s][info][gc,heap        ] GC(2418) ParOldGen: 9391K(349696K)->9455K(349696K)
[299.362s][info][gc,metaspace   ] GC(2418) Metaspace: 14411K(15296K)->14411K(15296K) NonClass: 12430K(12928K)->12430K(12928K) Class: 1981K(2368K)->1981K(2368K)
[299.362s][info][gc             ] GC(2418) Pause Young (Allocation Failure) 177M->10M(510M) 2.405ms
[299.362s][info][gc,cpu         ] GC(2418) User=0.00s Sys=0.00s Real=0.00s
[299.486s][info][gc,start       ] GC(2419) Pause Young (Allocation Failure)
[299.488s][info][gc,heap        ] GC(2419) PSYoungGen: 172544K(173056K)->1024K(173056K) Eden: 171520K(171520K)->0K(171520K) From: 1024K(1536K)->1024K(1536K)
[299.488s][info][gc,heap        ] GC(2419) ParOldGen: 9455K(349696K)->9519K(349696K)
[299.488s][info][gc,metaspace   ] GC(2419) Metaspace: 14411K(15296K)->14411K(15296K) NonClass: 12430K(12928K)->12430K(12928K) Class: 1981K(2368K)->1981K(2368K)
[299.488s][info][gc             ] GC(2419) Pause Young (Allocation Failure) 177M->10M(510M) 2.469ms
[299.488s][info][gc,cpu         ] GC(2419) User=0.00s Sys=0.00s Real=0.00s
[299.613s][info][gc,start       ] GC(2420) Pause Young (Allocation Failure)
[299.615s][info][gc,heap        ] GC(2420) PSYoungGen: 172544K(173056K)->1024K(173056K) Eden: 171520K(171520K)->0K(171520K) From: 1024K(1536K)->1024K(1536K)
[299.615s][info][gc,heap        ] GC(2420) ParOldGen: 9519K(349696K)->9575K(349696K)
[299.615s][info][gc,metaspace   ] GC(2420) Metaspace: 14411K(15296K)->14411K(15296K) NonClass: 12430K(12928K)->12430K(12928K) Class: 1981K(2368K)->1981K(2368K)
[299.615s][info][gc             ] GC(2420) Pause Young (Allocation Failure) 177M->10M(510M) 2.485ms
[299.615s][info][gc,cpu         ] GC(2420) User=0.02s Sys=0.00s Real=0.00s
[299.736s][info][gc,start       ] GC(2421) Pause Young (Allocation Failure)
[299.739s][info][gc,heap        ] GC(2421) PSYoungGen: 172544K(173056K)->1024K(173056K) Eden: 171520K(171520K)->0K(171520K) From: 1024K(1536K)->1024K(1536K)
[299.739s][info][gc,heap        ] GC(2421) ParOldGen: 9575K(349696K)->9623K(349696K)
[299.739s][info][gc,metaspace   ] GC(2421) Metaspace: 14411K(15296K)->14411K(15296K) NonClass: 12430K(12928K)->12430K(12928K) Class: 1981K(2368K)->1981K(2368K)
[299.739s][info][gc             ] GC(2421) Pause Young (Allocation Failure) 177M->10M(510M) 2.509ms
[299.739s][info][gc,cpu         ] GC(2421) User=0.52s Sys=0.00s Real=0.00s
[299.864s][info][gc,start       ] GC(2422) Pause Young (Allocation Failure)
[299.866s][info][gc,heap        ] GC(2422) PSYoungGen: 172544K(173056K)->960K(173056K) Eden: 171520K(171520K)->0K(171520K) From: 1024K(1536K)->960K(1536K)
[299.866s][info][gc,heap        ] GC(2422) ParOldGen: 9623K(349696K)->9679K(349696K)
[299.866s][info][gc,metaspace   ] GC(2422) Metaspace: 14411K(15296K)->14411K(15296K) NonClass: 12430K(12928K)->12430K(12928K) Class: 1981K(2368K)->1981K(2368K)
[299.866s][info][gc             ] GC(2422) Pause Young (Allocation Failure) 177M->10M(510M) 2.520ms
[299.866s][info][gc,cpu         ] GC(2422) User=0.00s Sys=0.00s Real=0.00s
[299.990s][info][gc,start       ] GC(2423) Pause Young (Allocation Failure)
[299.993s][info][gc,heap        ] GC(2423) PSYoungGen: 172480K(173056K)->1024K(173056K) Eden: 171520K(171520K)->0K(171520K) From: 960K(1536K)->1024K(1536K)
[299.993s][info][gc,heap        ] GC(2423) ParOldGen: 9679K(349696K)->9719K(349696K)
[299.993s][info][gc,metaspace   ] GC(2423) Metaspace: 14411K(15296K)->14411K(15296K) NonClass: 12430K(12928K)->12430K(12928K) Class: 1981K(2368K)->1981K(2368K)
[299.993s][info][gc             ] GC(2423) Pause Young (Allocation Failure) 177M->10M(510M) 2.551ms
[299.993s][info][gc,cpu         ] GC(2423) User=0.00s Sys=0.00s Real=0.00s
[300.116s][info][gc,start       ] GC(2424) Pause Young (Allocation Failure)
[300.119s][info][gc,heap        ] GC(2424) PSYoungGen: 172544K(173056K)->1024K(173056K) Eden: 171520K(171520K)->0K(171520K) From: 1024K(1536K)->1024K(1536K)
[300.119s][info][gc,heap        ] GC(2424) ParOldGen: 9719K(349696K)->9767K(349696K)
[300.119s][info][gc,metaspace   ] GC(2424) Metaspace: 14411K(15296K)->14411K(15296K) NonClass: 12430K(12928K)->12430K(12928K) Class: 1981K(2368K)->1981K(2368K)
[300.119s][info][gc             ] GC(2424) Pause Young (Allocation Failure) 177M->10M(510M) 2.559ms
[300.119s][info][gc,cpu         ] GC(2424) User=0.00s Sys=0.00s Real=0.00s
[300.242s][info][gc,start       ] GC(2425) Pause Young (Allocation Failure)
[300.244s][info][gc,heap        ] GC(2425) PSYoungGen: 172544K(173056K)->1024K(173056K) Eden: 171520K(171520K)->0K(171520K) From: 1024K(1536K)->1024K(1536K)
[300.245s][info][gc,heap        ] GC(2425) ParOldGen: 9767K(349696K)->9815K(349696K)
[300.245s][info][gc,metaspace   ] GC(2425) Metaspace: 14411K(15296K)->14411K(15296K) NonClass: 12430K(12928K)->12430K(12928K) Class: 1981K(2368K)->1981K(2368K)
[300.245s][info][gc             ] GC(2425) Pause Young (Allocation Failure) 178M->10M(510M) 2.610ms
[300.245s][info][gc,cpu         ] GC(2425) User=0.00s Sys=0.00s Real=0.00s
[300.369s][info][gc,start       ] GC(2426) Pause Young (Allocation Failure)
[300.371s][info][gc,heap        ] GC(2426) PSYoungGen: 172544K(173056K)->1024K(173056K) Eden: 171520K(171520K)->0K(171520K) From: 1024K(1536K)->1024K(1536K)
[300.371s][info][gc,heap        ] GC(2426) ParOldGen: 9815K(349696K)->9871K(349696K)
[300.371s][info][gc,metaspace   ] GC(2426) Metaspace: 14411K(15296K)->14411K(15296K) NonClass: 12430K(12928K)->12430K(12928K) Class: 1981K(2368K)->1981K(2368K)
[300.371s][info][gc             ] GC(2426) Pause Young (Allocation Failure) 178M->10M(510M) 2.610ms
[300.371s][info][gc,cpu         ] GC(2426) User=0.00s Sys=0.00s Real=0.00s
[300.493s][info][gc,start       ] GC(2427) Pause Young (Allocation Failure)
[300.496s][info][gc,heap        ] GC(2427) PSYoungGen: 172544K(173056K)->1024K(173056K) Eden: 171520K(171520K)->0K(171520K) From: 1024K(1536K)->1024K(1536K)
[300.496s][info][gc,heap        ] GC(2427) ParOldGen: 9871K(349696K)->9911K(349696K)
[300.496s][info][gc,metaspace   ] GC(2427) Metaspace: 14411K(15296K)->14411K(15296K) NonClass: 12430K(12928K)->12430K(12928K) Class: 1981K(2368K)->1981K(2368K)
[300.496s][info][gc             ] GC(2427) Pause Young (Allocation Failure) 178M->10M(510M) 2.670ms
[300.496s][info][gc,cpu         ] GC(2427) User=0.00s Sys=0.00s Real=0.00s
[300.620s][info][gc,start       ] GC(2428) Pause Young (Allocation Failure)
[300.623s][info][gc,heap        ] GC(2428) PSYoungGen: 172544K(173056K)->1024K(173056K) Eden: 171520K(171520K)->0K(171520K) From: 1024K(1536K)->1024K(1536K)
[300.623s][info][gc,heap        ] GC(2428) ParOldGen: 9911K(349696K)->9959K(349696K)
[300.623s][info][gc,metaspace   ] GC(2428) Metaspace: 14411K(15296K)->14411K(15296K) NonClass: 12430K(12928K)->12430K(12928K) Class: 1981K(2368K)->1981K(2368K)
[300.623s][info][gc             ] GC(2428) Pause Young (Allocation Failure) 178M->10M(510M) 2.667ms
[300.623s][info][gc,cpu         ] GC(2428) User=0.00s Sys=0.00s Real=0.00s
[300.747s][info][gc,start       ] GC(2429) Pause Young (Allocation Failure)
[300.749s][info][gc,heap        ] GC(2429) PSYoungGen: 172544K(173056K)->1024K(173056K) Eden: 171520K(171520K)->0K(171520K) From: 1024K(1536K)->1024K(1536K)
[300.749s][info][gc,heap        ] GC(2429) ParOldGen: 9959K(349696K)->10015K(349696K)
[300.749s][info][gc,metaspace   ] GC(2429) Metaspace: 14411K(15296K)->14411K(15296K) NonClass: 12430K(12928K)->12430K(12928K) Class: 1981K(2368K)->1981K(2368K)
[300.749s][info][gc             ] GC(2429) Pause Young (Allocation Failure) 178M->10M(510M) 2.708ms
[300.749s][info][gc,cpu         ] GC(2429) User=0.00s Sys=0.00s Real=0.00s
[300.873s][info][gc,start       ] GC(2430) Pause Young (Allocation Failure)
[300.876s][info][gc,heap        ] GC(2430) PSYoungGen: 172544K(173056K)->1024K(173056K) Eden: 171520K(171520K)->0K(171520K) From: 1024K(1536K)->1024K(1536K)
[300.876s][info][gc,heap        ] GC(2430) ParOldGen: 10015K(349696K)->10071K(349696K)
[300.876s][info][gc,metaspace   ] GC(2430) Metaspace: 14411K(15296K)->14411K(15296K) NonClass: 12430K(12928K)->12430K(12928K) Class: 1981K(2368K)->1981K(2368K)
[300.876s][info][gc             ] GC(2430) Pause Young (Allocation Failure) 178M->10M(510M) 2.745ms
[300.876s][info][gc,cpu         ] GC(2430) User=0.00s Sys=0.00s Real=0.00s
[300.998s][info][gc,start       ] GC(2431) Pause Young (Allocation Failure)
[301.001s][info][gc,heap        ] GC(2431) PSYoungGen: 172544K(173056K)->992K(173056K) Eden: 171520K(171520K)->0K(171520K) From: 1024K(1536K)->992K(1536K)
[301.001s][info][gc,heap        ] GC(2431) ParOldGen: 10071K(349696K)->10111K(349696K)
[301.001s][info][gc,metaspace   ] GC(2431) Metaspace: 14411K(15296K)->14411K(15296K) NonClass: 12430K(12928K)->12430K(12928K) Class: 1981K(2368K)->1981K(2368K)
[301.001s][info][gc             ] GC(2431) Pause Young (Allocation Failure) 178M->10M(510M) 2.713ms
[301.001s][info][gc,cpu         ] GC(2431) User=0.00s Sys=0.00s Real=0.00s
[301.123s][info][gc,start       ] GC(2432) Pause Young (Allocation Failure)
[301.125s][info][gc,heap        ] GC(2432) PSYoungGen: 172512K(173056K)->992K(173056K) Eden: 171520K(171520K)->0K(171520K) From: 992K(1536K)->992K(1536K)
[301.125s][info][gc,heap        ] GC(2432) ParOldGen: 10111K(349696K)->10159K(349696K)
[301.125s][info][gc,metaspace   ] GC(2432) Metaspace: 14411K(15296K)->14411K(15296K) NonClass: 12430K(12928K)->12430K(12928K) Class: 1981K(2368K)->1981K(2368K)
[301.126s][info][gc             ] GC(2432) Pause Young (Allocation Failure) 178M->10M(510M) 2.746ms
[301.126s][info][gc,cpu         ] GC(2432) User=0.00s Sys=0.00s Real=0.00s
[301.249s][info][gc,start       ] GC(2433) Pause Young (Allocation Failure)
[301.252s][info][gc,heap        ] GC(2433) PSYoungGen: 172512K(173056K)->1024K(173056K) Eden: 171520K(171520K)->0K(171520K) From: 992K(1536K)->1024K(1536K)
[301.252s][info][gc,heap        ] GC(2433) ParOldGen: 10159K(349696K)->10207K(349696K)
[301.252s][info][gc,metaspace   ] GC(2433) Metaspace: 14411K(15296K)->14411K(15296K) NonClass: 12430K(12928K)->12430K(12928K) Class: 1981K(2368K)->1981K(2368K)
[301.252s][info][gc             ] GC(2433) Pause Young (Allocation Failure) 178M->10M(510M) 2.795ms
[301.252s][info][gc,cpu         ] GC(2433) User=0.00s Sys=0.00s Real=0.00s
[301.376s][info][gc,start       ] GC(2434) Pause Young (Allocation Failure)
[301.379s][info][gc,heap        ] GC(2434) PSYoungGen: 172544K(173056K)->1024K(173056K) Eden: 171520K(171520K)->0K(171520K) From: 1024K(1536K)->1024K(1536K)
[301.379s][info][gc,heap        ] GC(2434) ParOldGen: 10207K(349696K)->10255K(349696K)
[301.379s][info][gc,metaspace   ] GC(2434) Metaspace: 14411K(15296K)->14411K(15296K) NonClass: 12430K(12928K)->12430K(12928K) Class: 1981K(2368K)->1981K(2368K)
[301.379s][info][gc             ] GC(2434) Pause Young (Allocation Failure) 178M->11M(510M) 2.794ms
[301.379s][info][gc,cpu         ] GC(2434) User=0.00s Sys=0.00s Real=0.00s
[301.502s][info][gc,start       ] GC(2435) Pause Young (Allocation Failure)
[301.505s][info][gc,heap        ] GC(2435) PSYoungGen: 172544K(173056K)->1024K(173056K) Eden: 171520K(171520K)->0K(171520K) From: 1024K(1536K)->1024K(1536K)
[301.505s][info][gc,heap        ] GC(2435) ParOldGen: 10255K(349696K)->10311K(349696K)
[301.505s][info][gc,metaspace   ] GC(2435) Metaspace: 14411K(15296K)->14411K(15296K) NonClass: 12430K(12928K)->12430K(12928K) Class: 1981K(2368K)->1981K(2368K)
[301.505s][info][gc             ] GC(2435) Pause Young (Allocation Failure) 178M->11M(510M) 2.792ms
[301.505s][info][gc,cpu         ] GC(2435) User=0.52s Sys=0.00s Real=0.00s
[301.629s][info][gc,start       ] GC(2436) Pause Young (Allocation Failure)
[301.632s][info][gc,heap        ] GC(2436) PSYoungGen: 172544K(173056K)->1024K(173056K) Eden: 171520K(171520K)->0K(171520K) From: 1024K(1536K)->1024K(1536K)
[301.632s][info][gc,heap        ] GC(2436) ParOldGen: 10311K(349696K)->10375K(349696K)
[301.632s][info][gc,metaspace   ] GC(2436) Metaspace: 14411K(15296K)->14411K(15296K) NonClass: 12430K(12928K)->12430K(12928K) Class: 1981K(2368K)->1981K(2368K)
[301.632s][info][gc             ] GC(2436) Pause Young (Allocation Failure) 178M->11M(510M) 2.905ms
[301.632s][info][gc,cpu         ] GC(2436) User=0.00s Sys=0.00s Real=0.00s
[301.757s][info][gc,start       ] GC(2437) Pause Young (Allocation Failure)
[301.760s][info][gc,heap        ] GC(2437) PSYoungGen: 172544K(173056K)->1024K(173056K) Eden: 171520K(171520K)->0K(171520K) From: 1024K(1536K)->1024K(1536K)
[301.760s][info][gc,heap        ] GC(2437) ParOldGen: 10375K(349696K)->10431K(349696K)
[301.760s][info][gc,metaspace   ] GC(2437) Metaspace: 14411K(15296K)->14411K(15296K) NonClass: 12430K(12928K)->12430K(12928K) Class: 1981K(2368K)->1981K(2368K)
[301.760s][info][gc             ] GC(2437) Pause Young (Allocation Failure) 178M->11M(510M) 2.879ms
[301.760s][info][gc,cpu         ] GC(2437) User=0.00s Sys=0.00s Real=0.00s
[302.018s][info][gc,start       ] GC(2438) Pause Young (Allocation Failure)
[302.021s][info][gc,heap        ] GC(2438) PSYoungGen: 172544K(173056K)->1024K(173056K) Eden: 171520K(171520K)->0K(171520K) From: 1024K(1536K)->1024K(1536K)
[302.022s][info][gc,heap        ] GC(2438) ParOldGen: 10431K(349696K)->10479K(349696K)
[302.022s][info][gc,metaspace   ] GC(2438) Metaspace: 14411K(15296K)->14411K(15296K) NonClass: 12430K(12928K)->12430K(12928K) Class: 1981K(2368K)->1981K(2368K)
[302.022s][info][gc             ] GC(2438) Pause Young (Allocation Failure) 178M->11M(510M) 3.790ms
[302.022s][info][gc,cpu         ] GC(2438) User=0.00s Sys=0.00s Real=0.00s
[302.156s][info][gc,start       ] GC(2439) Pause Young (Allocation Failure)
[302.159s][info][gc,heap        ] GC(2439) PSYoungGen: 172544K(173056K)->992K(173056K) Eden: 171520K(171520K)->0K(171520K) From: 1024K(1536K)->992K(1536K)
[302.159s][info][gc,heap        ] GC(2439) ParOldGen: 10479K(349696K)->10535K(349696K)
[302.159s][info][gc,metaspace   ] GC(2439) Metaspace: 14411K(15296K)->14411K(15296K) NonClass: 12430K(12928K)->12430K(12928K) Class: 1981K(2368K)->1981K(2368K)
[302.159s][info][gc             ] GC(2439) Pause Young (Allocation Failure) 178M->11M(510M) 2.758ms
[302.159s][info][gc,cpu         ] GC(2439) User=0.00s Sys=0.00s Real=0.00s
[302.286s][info][gc,start       ] GC(2440) Pause Young (Allocation Failure)
[302.289s][info][gc,heap        ] GC(2440) PSYoungGen: 172512K(173056K)->992K(173056K) Eden: 171520K(171520K)->0K(171520K) From: 992K(1536K)->992K(1536K)
[302.289s][info][gc,heap        ] GC(2440) ParOldGen: 10535K(349696K)->10583K(349696K)
[302.289s][info][gc,metaspace   ] GC(2440) Metaspace: 14411K(15296K)->14411K(15296K) NonClass: 12430K(12928K)->12430K(12928K) Class: 1981K(2368K)->1981K(2368K)
[302.289s][info][gc             ] GC(2440) Pause Young (Allocation Failure) 178M->11M(510M) 2.650ms
[302.289s][info][gc,cpu         ] GC(2440) User=0.00s Sys=0.00s Real=0.00s
[302.421s][info][gc,start       ] GC(2441) Pause Young (Allocation Failure)
[302.424s][info][gc,heap        ] GC(2441) PSYoungGen: 172512K(173056K)->1024K(173056K) Eden: 171520K(171520K)->0K(171520K) From: 992K(1536K)->1024K(1536K)
[302.424s][info][gc,heap        ] GC(2441) ParOldGen: 10583K(349696K)->10655K(349696K)
[302.424s][info][gc,metaspace   ] GC(2441) Metaspace: 14411K(15296K)->14411K(15296K) NonClass: 12430K(12928K)->12430K(12928K) Class: 1981K(2368K)->1981K(2368K)
[302.424s][info][gc             ] GC(2441) Pause Young (Allocation Failure) 178M->11M(510M) 2.575ms
[302.424s][info][gc,cpu         ] GC(2441) User=0.00s Sys=0.00s Real=0.00s
[302.559s][info][gc,start       ] GC(2442) Pause Young (Allocation Failure)
[302.561s][info][gc,heap        ] GC(2442) PSYoungGen: 172544K(173056K)->1024K(173056K) Eden: 171520K(171520K)->0K(171520K) From: 1024K(1536K)->1024K(1536K)
[302.561s][info][gc,heap        ] GC(2442) ParOldGen: 10655K(349696K)->10703K(349696K)
[302.561s][info][gc,metaspace   ] GC(2442) Metaspace: 14411K(15296K)->14411K(15296K) NonClass: 12430K(12928K)->12430K(12928K) Class: 1981K(2368K)->1981K(2368K)
[302.561s][info][gc             ] GC(2442) Pause Young (Allocation Failure) 178M->11M(510M) 2.450ms
[302.561s][info][gc,cpu         ] GC(2442) User=0.00s Sys=0.00s Real=0.00s
[302.687s][info][gc,start       ] GC(2443) Pause Young (Allocation Failure)
[302.690s][info][gc,heap        ] GC(2443) PSYoungGen: 172544K(173056K)->1024K(173056K) Eden: 171520K(171520K)->0K(171520K) From: 1024K(1536K)->1024K(1536K)
[302.690s][info][gc,heap        ] GC(2443) ParOldGen: 10703K(349696K)->10775K(349696K)
[302.690s][info][gc,metaspace   ] GC(2443) Metaspace: 14411K(15296K)->14411K(15296K) NonClass: 12430K(12928K)->12430K(12928K) Class: 1981K(2368K)->1981K(2368K)
[302.690s][info][gc             ] GC(2443) Pause Young (Allocation Failure) 178M->11M(510M) 2.418ms
[302.690s][info][gc,cpu         ] GC(2443) User=0.00s Sys=0.00s Real=0.00s
[302.811s][info][gc,start       ] GC(2444) Pause Young (Allocation Failure)
[302.813s][info][gc,heap        ] GC(2444) PSYoungGen: 172544K(173056K)->1024K(173056K) Eden: 171520K(171520K)->0K(171520K) From: 1024K(1536K)->1024K(1536K)
[302.813s][info][gc,heap        ] GC(2444) ParOldGen: 10775K(349696K)->10831K(349696K)
[302.813s][info][gc,metaspace   ] GC(2444) Metaspace: 14411K(15296K)->14411K(15296K) NonClass: 12430K(12928K)->12430K(12928K) Class: 1981K(2368K)->1981K(2368K)
[302.813s][info][gc             ] GC(2444) Pause Young (Allocation Failure) 179M->11M(510M) 2.404ms
[302.813s][info][gc,cpu         ] GC(2444) User=0.00s Sys=0.00s Real=0.00s
[302.937s][info][gc,start       ] GC(2445) Pause Young (Allocation Failure)
[302.939s][info][gc,heap        ] GC(2445) PSYoungGen: 172544K(173056K)->1024K(173056K) Eden: 171520K(171520K)->0K(171520K) From: 1024K(1536K)->1024K(1536K)
[302.939s][info][gc,heap        ] GC(2445) ParOldGen: 10831K(349696K)->10887K(349696K)
[302.939s][info][gc,metaspace   ] GC(2445) Metaspace: 14411K(15296K)->14411K(15296K) NonClass: 12430K(12928K)->12430K(12928K) Class: 1981K(2368K)->1981K(2368K)
[302.939s][info][gc             ] GC(2445) Pause Young (Allocation Failure) 179M->11M(510M) 2.436ms
[302.939s][info][gc,cpu         ] GC(2445) User=0.00s Sys=0.00s Real=0.00s
[303.060s][info][gc,start       ] GC(2446) Pause Young (Allocation Failure)
[303.063s][info][gc,heap        ] GC(2446) PSYoungGen: 172544K(173056K)->1024K(173056K) Eden: 171520K(171520K)->0K(171520K) From: 1024K(1536K)->1024K(1536K)
[303.063s][info][gc,heap        ] GC(2446) ParOldGen: 10887K(349696K)->10935K(349696K)
[303.063s][info][gc,metaspace   ] GC(2446) Metaspace: 14411K(15296K)->14411K(15296K) NonClass: 12430K(12928K)->12430K(12928K) Class: 1981K(2368K)->1981K(2368K)
[303.063s][info][gc             ] GC(2446) Pause Young (Allocation Failure) 179M->11M(510M) 2.382ms
[303.063s][info][gc,cpu         ] GC(2446) User=0.00s Sys=0.00s Real=0.00s
[303.186s][info][gc,start       ] GC(2447) Pause Young (Allocation Failure)
[303.189s][info][gc,heap        ] GC(2447) PSYoungGen: 172544K(173056K)->1024K(173056K) Eden: 171520K(171520K)->0K(171520K) From: 1024K(1536K)->1024K(1536K)
[303.189s][info][gc,heap        ] GC(2447) ParOldGen: 10935K(349696K)->10999K(349696K)
[303.189s][info][gc,metaspace   ] GC(2447) Metaspace: 14411K(15296K)->14411K(15296K) NonClass: 12430K(12928K)->12430K(12928K) Class: 1981K(2368K)->1981K(2368K)
[303.189s][info][gc             ] GC(2447) Pause Young (Allocation Failure) 179M->11M(510M) 2.494ms
[303.189s][info][gc,cpu         ] GC(2447) User=0.00s Sys=0.00s Real=0.00s
[303.312s][info][gc,start       ] GC(2448) Pause Young (Allocation Failure)
[303.315s][info][gc,heap        ] GC(2448) PSYoungGen: 172544K(173056K)->1024K(173056K) Eden: 171520K(171520K)->0K(171520K) From: 1024K(1536K)->1024K(1536K)
[303.315s][info][gc,heap        ] GC(2448) ParOldGen: 10999K(349696K)->11055K(349696K)
[303.315s][info][gc,metaspace   ] GC(2448) Metaspace: 14411K(15296K)->14411K(15296K) NonClass: 12430K(12928K)->12430K(12928K) Class: 1981K(2368K)->1981K(2368K)
[303.315s][info][gc             ] GC(2448) Pause Young (Allocation Failure) 179M->11M(510M) 2.514ms
[303.315s][info][gc,cpu         ] GC(2448) User=0.00s Sys=0.00s Real=0.00s
[303.438s][info][gc,start       ] GC(2449) Pause Young (Allocation Failure)
[303.440s][info][gc,heap        ] GC(2449) PSYoungGen: 172544K(173056K)->1024K(173056K) Eden: 171520K(171520K)->0K(171520K) From: 1024K(1536K)->1024K(1536K)
[303.440s][info][gc,heap        ] GC(2449) ParOldGen: 11055K(349696K)->11135K(349696K)
[303.440s][info][gc,metaspace   ] GC(2449) Metaspace: 14411K(15296K)->14411K(15296K) NonClass: 12430K(12928K)->12430K(12928K) Class: 1981K(2368K)->1981K(2368K)
[303.440s][info][gc             ] GC(2449) Pause Young (Allocation Failure) 179M->11M(510M) 2.536ms
[303.440s][info][gc,cpu         ] GC(2449) User=0.00s Sys=0.00s Real=0.00s
[303.564s][info][gc,start       ] GC(2450) Pause Young (Allocation Failure)
[303.567s][info][gc,heap        ] GC(2450) PSYoungGen: 172544K(173056K)->1024K(173056K) Eden: 171520K(171520K)->0K(171520K) From: 1024K(1536K)->1024K(1536K)
[303.567s][info][gc,heap        ] GC(2450) ParOldGen: 11135K(349696K)->11191K(349696K)
[303.567s][info][gc,metaspace   ] GC(2450) Metaspace: 14411K(15296K)->14411K(15296K) NonClass: 12430K(12928K)->12430K(12928K) Class: 1981K(2368K)->1981K(2368K)
[303.567s][info][gc             ] GC(2450) Pause Young (Allocation Failure) 179M->11M(510M) 2.558ms
[303.567s][info][gc,cpu         ] GC(2450) User=0.52s Sys=0.00s Real=0.00s
[303.691s][info][gc,start       ] GC(2451) Pause Young (Allocation Failure)
[303.694s][info][gc,heap        ] GC(2451) PSYoungGen: 172544K(173056K)->1024K(173056K) Eden: 171520K(171520K)->0K(171520K) From: 1024K(1536K)->1024K(1536K)
[303.694s][info][gc,heap        ] GC(2451) ParOldGen: 11191K(349696K)->11255K(349696K)
[303.694s][info][gc,metaspace   ] GC(2451) Metaspace: 14411K(15296K)->14411K(15296K) NonClass: 12430K(12928K)->12430K(12928K) Class: 1981K(2368K)->1981K(2368K)
[303.694s][info][gc             ] GC(2451) Pause Young (Allocation Failure) 179M->11M(510M) 2.576ms
[303.694s][info][gc,cpu         ] GC(2451) User=0.47s Sys=0.02s Real=0.00s
[303.819s][info][gc,start       ] GC(2452) Pause Young (Allocation Failure)
[303.821s][info][gc,heap        ] GC(2452) PSYoungGen: 172544K(173056K)->1024K(173056K) Eden: 171520K(171520K)->0K(171520K) From: 1024K(1536K)->1024K(1536K)
[303.821s][info][gc,heap        ] GC(2452) ParOldGen: 11255K(349696K)->11327K(349696K)
[303.821s][info][gc,metaspace   ] GC(2452) Metaspace: 14411K(15296K)->14411K(15296K) NonClass: 12430K(12928K)->12430K(12928K) Class: 1981K(2368K)->1981K(2368K)
[303.821s][info][gc             ] GC(2452) Pause Young (Allocation Failure) 179M->12M(510M) 2.570ms
[303.821s][info][gc,cpu         ] GC(2452) User=0.00s Sys=0.00s Real=0.00s
[303.945s][info][gc,start       ] GC(2453) Pause Young (Allocation Failure)
[303.948s][info][gc,heap        ] GC(2453) PSYoungGen: 172544K(173056K)->1024K(173056K) Eden: 171520K(171520K)->0K(171520K) From: 1024K(1536K)->1024K(1536K)
[303.948s][info][gc,heap        ] GC(2453) ParOldGen: 11327K(349696K)->11391K(349696K)
[303.948s][info][gc,metaspace   ] GC(2453) Metaspace: 14411K(15296K)->14411K(15296K) NonClass: 12430K(12928K)->12430K(12928K) Class: 1981K(2368K)->1981K(2368K)
[303.948s][info][gc             ] GC(2453) Pause Young (Allocation Failure) 179M->12M(510M) 2.586ms
[303.948s][info][gc,cpu         ] GC(2453) User=0.00s Sys=0.00s Real=0.00s
[304.072s][info][gc,start       ] GC(2454) Pause Young (Allocation Failure)
[304.075s][info][gc,heap        ] GC(2454) PSYoungGen: 172544K(173056K)->1024K(173056K) Eden: 171520K(171520K)->0K(171520K) From: 1024K(1536K)->1024K(1536K)
[304.075s][info][gc,heap        ] GC(2454) ParOldGen: 11391K(349696K)->11455K(349696K)
[304.075s][info][gc,metaspace   ] GC(2454) Metaspace: 14411K(15296K)->14411K(15296K) NonClass: 12430K(12928K)->12430K(12928K) Class: 1981K(2368K)->1981K(2368K)
[304.075s][info][gc             ] GC(2454) Pause Young (Allocation Failure) 179M->12M(510M) 2.620ms
[304.075s][info][gc,cpu         ] GC(2454) User=0.00s Sys=0.00s Real=0.00s
[304.200s][info][gc,start       ] GC(2455) Pause Young (Allocation Failure)
[304.202s][info][gc,heap        ] GC(2455) PSYoungGen: 172544K(173056K)->992K(173056K) Eden: 171520K(171520K)->0K(171520K) From: 1024K(1536K)->992K(1536K)
[304.202s][info][gc,heap        ] GC(2455) ParOldGen: 11455K(349696K)->11507K(349696K)
[304.202s][info][gc,metaspace   ] GC(2455) Metaspace: 14411K(15296K)->14411K(15296K) NonClass: 12430K(12928K)->12430K(12928K) Class: 1981K(2368K)->1981K(2368K)
[304.202s][info][gc             ] GC(2455) Pause Young (Allocation Failure) 179M->12M(510M) 2.645ms
[304.202s][info][gc,cpu         ] GC(2455) User=0.00s Sys=0.00s Real=0.00s
[304.326s][info][gc,start       ] GC(2456) Pause Young (Allocation Failure)
[304.328s][info][gc,heap        ] GC(2456) PSYoungGen: 172512K(173056K)->1024K(173056K) Eden: 171520K(171520K)->0K(171520K) From: 992K(1536K)->1024K(1536K)
[304.328s][info][gc,heap        ] GC(2456) ParOldGen: 11507K(349696K)->11563K(349696K)
[304.328s][info][gc,metaspace   ] GC(2456) Metaspace: 14411K(15296K)->14411K(15296K) NonClass: 12430K(12928K)->12430K(12928K) Class: 1981K(2368K)->1981K(2368K)
[304.328s][info][gc             ] GC(2456) Pause Young (Allocation Failure) 179M->12M(510M) 2.697ms
[304.329s][info][gc,cpu         ] GC(2456) User=0.00s Sys=0.00s Real=0.00s
[304.452s][info][gc,start       ] GC(2457) Pause Young (Allocation Failure)
[304.455s][info][gc,heap        ] GC(2457) PSYoungGen: 172544K(173056K)->992K(173056K) Eden: 171520K(171520K)->0K(171520K) From: 1024K(1536K)->992K(1536K)
[304.455s][info][gc,heap        ] GC(2457) ParOldGen: 11563K(349696K)->11603K(349696K)
[304.455s][info][gc,metaspace   ] GC(2457) Metaspace: 14411K(15296K)->14411K(15296K) NonClass: 12430K(12928K)->12430K(12928K) Class: 1981K(2368K)->1981K(2368K)
[304.455s][info][gc             ] GC(2457) Pause Young (Allocation Failure) 179M->12M(510M) 2.739ms
[304.455s][info][gc,cpu         ] GC(2457) User=0.00s Sys=0.00s Real=0.00s
[304.579s][info][gc,start       ] GC(2458) Pause Young (Allocation Failure)
[304.582s][info][gc,heap        ] GC(2458) PSYoungGen: 172512K(173056K)->992K(173056K) Eden: 171520K(171520K)->0K(171520K) From: 992K(1536K)->992K(1536K)
[304.582s][info][gc,heap        ] GC(2458) ParOldGen: 11603K(349696K)->11667K(349696K)
[304.582s][info][gc,metaspace   ] GC(2458) Metaspace: 14411K(15296K)->14411K(15296K) NonClass: 12430K(12928K)->12430K(12928K) Class: 1981K(2368K)->1981K(2368K)
[304.582s][info][gc             ] GC(2458) Pause Young (Allocation Failure) 179M->12M(510M) 2.794ms
[304.582s][info][gc,cpu         ] GC(2458) User=0.00s Sys=0.00s Real=0.00s
[304.703s][info][gc,start       ] GC(2459) Pause Young (Allocation Failure)
[304.706s][info][gc,heap        ] GC(2459) PSYoungGen: 172512K(173056K)->1024K(173056K) Eden: 171520K(171520K)->0K(171520K) From: 992K(1536K)->1024K(1536K)
[304.706s][info][gc,heap        ] GC(2459) ParOldGen: 11667K(349696K)->11715K(349696K)
[304.706s][info][gc,metaspace   ] GC(2459) Metaspace: 14411K(15296K)->14411K(15296K) NonClass: 12430K(12928K)->12430K(12928K) Class: 1981K(2368K)->1981K(2368K)
[304.706s][info][gc             ] GC(2459) Pause Young (Allocation Failure) 179M->12M(510M) 2.802ms
[304.706s][info][gc,cpu         ] GC(2459) User=0.00s Sys=0.00s Real=0.00s
[304.829s][info][gc,start       ] GC(2460) Pause Young (Allocation Failure)
[304.831s][info][gc,heap        ] GC(2460) PSYoungGen: 172544K(173056K)->1024K(173056K) Eden: 171520K(171520K)->0K(171520K) From: 1024K(1536K)->1024K(1536K)
[304.831s][info][gc,heap        ] GC(2460) ParOldGen: 11715K(349696K)->11779K(349696K)
[304.832s][info][gc,metaspace   ] GC(2460) Metaspace: 14411K(15296K)->14411K(15296K) NonClass: 12430K(12928K)->12430K(12928K) Class: 1981K(2368K)->1981K(2368K)
[304.832s][info][gc             ] GC(2460) Pause Young (Allocation Failure) 179M->12M(510M) 2.793ms
[304.832s][info][gc,cpu         ] GC(2460) User=0.00s Sys=0.00s Real=0.00s
[304.956s][info][gc,start       ] GC(2461) Pause Young (Allocation Failure)
[304.959s][info][gc,heap        ] GC(2461) PSYoungGen: 172544K(173056K)->1024K(173056K) Eden: 171520K(171520K)->0K(171520K) From: 1024K(1536K)->1024K(1536K)
[304.959s][info][gc,heap        ] GC(2461) ParOldGen: 11779K(349696K)->11827K(349696K)
[304.959s][info][gc,metaspace   ] GC(2461) Metaspace: 14411K(15296K)->14411K(15296K) NonClass: 12430K(12928K)->12430K(12928K) Class: 1981K(2368K)->1981K(2368K)
[304.959s][info][gc             ] GC(2461) Pause Young (Allocation Failure) 180M->12M(510M) 2.848ms
[304.959s][info][gc,cpu         ] GC(2461) User=0.52s Sys=0.00s Real=0.00s
[305.082s][info][gc,start       ] GC(2462) Pause Young (Allocation Failure)
[305.085s][info][gc,heap        ] GC(2462) PSYoungGen: 172544K(173056K)->1024K(173056K) Eden: 171520K(171520K)->0K(171520K) From: 1024K(1536K)->1024K(1536K)
[305.085s][info][gc,heap        ] GC(2462) ParOldGen: 11827K(349696K)->11875K(349696K)
[305.085s][info][gc,metaspace   ] GC(2462) Metaspace: 14411K(15296K)->14411K(15296K) NonClass: 12430K(12928K)->12430K(12928K) Class: 1981K(2368K)->1981K(2368K)
[305.085s][info][gc             ] GC(2462) Pause Young (Allocation Failure) 180M->12M(510M) 2.799ms
[305.085s][info][gc,cpu         ] GC(2462) User=0.52s Sys=0.00s Real=0.00s
[305.209s][info][gc,start       ] GC(2463) Pause Young (Allocation Failure)
[305.211s][info][gc,heap        ] GC(2463) PSYoungGen: 172544K(173056K)->1024K(173056K) Eden: 171520K(171520K)->0K(171520K) From: 1024K(1536K)->1024K(1536K)
[305.211s][info][gc,heap        ] GC(2463) ParOldGen: 11875K(349696K)->11931K(349696K)
[305.212s][info][gc,metaspace   ] GC(2463) Metaspace: 14411K(15296K)->14411K(15296K) NonClass: 12430K(12928K)->12430K(12928K) Class: 1981K(2368K)->1981K(2368K)
[305.212s][info][gc             ] GC(2463) Pause Young (Allocation Failure) 180M->12M(510M) 2.869ms
[305.212s][info][gc,cpu         ] GC(2463) User=0.00s Sys=0.00s Real=0.00s
[305.333s][info][gc,start       ] GC(2464) Pause Young (Allocation Failure)
[305.336s][info][gc,heap        ] GC(2464) PSYoungGen: 172544K(173056K)->1024K(173056K) Eden: 171520K(171520K)->0K(171520K) From: 1024K(1536K)->1024K(1536K)
[305.336s][info][gc,heap        ] GC(2464) ParOldGen: 11931K(349696K)->11995K(349696K)
[305.336s][info][gc,metaspace   ] GC(2464) Metaspace: 14411K(15296K)->14411K(15296K) NonClass: 12430K(12928K)->12430K(12928K) Class: 1981K(2368K)->1981K(2368K)
[305.336s][info][gc             ] GC(2464) Pause Young (Allocation Failure) 180M->12M(510M) 2.854ms
[305.336s][info][gc,cpu         ] GC(2464) User=0.00s Sys=0.00s Real=0.00s
[305.460s][info][gc,start       ] GC(2465) Pause Young (Allocation Failure)
[305.463s][info][gc,heap        ] GC(2465) PSYoungGen: 172544K(173056K)->1024K(173056K) Eden: 171520K(171520K)->0K(171520K) From: 1024K(1536K)->1024K(1536K)
[305.463s][info][gc,heap        ] GC(2465) ParOldGen: 11995K(349696K)->12043K(349696K)
[305.463s][info][gc,metaspace   ] GC(2465) Metaspace: 14411K(15296K)->14411K(15296K) NonClass: 12430K(12928K)->12430K(12928K) Class: 1981K(2368K)->1981K(2368K)
[305.463s][info][gc             ] GC(2465) Pause Young (Allocation Failure) 180M->12M(510M) 2.862ms
[305.463s][info][gc,cpu         ] GC(2465) User=0.00s Sys=0.00s Real=0.00s
[305.586s][info][gc,start       ] GC(2466) Pause Young (Allocation Failure)
[305.589s][info][gc,heap        ] GC(2466) PSYoungGen: 172544K(173056K)->1024K(173056K) Eden: 171520K(171520K)->0K(171520K) From: 1024K(1536K)->1024K(1536K)
[305.589s][info][gc,heap        ] GC(2466) ParOldGen: 12043K(349696K)->12107K(349696K)
[305.589s][info][gc,metaspace   ] GC(2466) Metaspace: 14411K(15296K)->14411K(15296K) NonClass: 12430K(12928K)->12430K(12928K) Class: 1981K(2368K)->1981K(2368K)
[305.589s][info][gc             ] GC(2466) Pause Young (Allocation Failure) 180M->12M(510M) 2.920ms
[305.589s][info][gc,cpu         ] GC(2466) User=0.00s Sys=0.00s Real=0.00s
[305.813s][info][gc,start       ] GC(2467) Pause Young (Allocation Failure)
[305.816s][info][gc,heap        ] GC(2467) PSYoungGen: 172544K(173056K)->992K(173056K) Eden: 171520K(171520K)->0K(171520K) From: 1024K(1536K)->992K(1536K)
[305.816s][info][gc,heap        ] GC(2467) ParOldGen: 12107K(349696K)->12147K(349696K)
[305.816s][info][gc,metaspace   ] GC(2467) Metaspace: 14411K(15296K)->14411K(15296K) NonClass: 12430K(12928K)->12430K(12928K) Class: 1981K(2368K)->1981K(2368K)
[305.816s][info][gc             ] GC(2467) Pause Young (Allocation Failure) 180M->12M(510M) 3.871ms
[305.816s][info][gc,cpu         ] GC(2467) User=0.00s Sys=0.00s Real=0.00s
[305.951s][info][gc,start       ] GC(2468) Pause Young (Allocation Failure)
[305.954s][info][gc,heap        ] GC(2468) PSYoungGen: 172512K(173056K)->992K(173056K) Eden: 171520K(171520K)->0K(171520K) From: 992K(1536K)->992K(1536K)
[305.954s][info][gc,heap        ] GC(2468) ParOldGen: 12147K(349696K)->12219K(349696K)
[305.954s][info][gc,metaspace   ] GC(2468) Metaspace: 14411K(15296K)->14411K(15296K) NonClass: 12430K(12928K)->12430K(12928K) Class: 1981K(2368K)->1981K(2368K)
[305.954s][info][gc             ] GC(2468) Pause Young (Allocation Failure) 180M->12M(510M) 2.760ms
[305.954s][info][gc,cpu         ] GC(2468) User=0.00s Sys=0.00s Real=0.00s
[306.088s][info][gc,start       ] GC(2469) Pause Young (Allocation Failure)
[306.091s][info][gc,heap        ] GC(2469) PSYoungGen: 172512K(173056K)->1024K(173056K) Eden: 171520K(171520K)->0K(171520K) From: 992K(1536K)->1024K(1536K)
[306.091s][info][gc,heap        ] GC(2469) ParOldGen: 12219K(349696K)->12283K(349696K)
[306.091s][info][gc,metaspace   ] GC(2469) Metaspace: 14411K(15296K)->14411K(15296K) NonClass: 12430K(12928K)->12430K(12928K) Class: 1981K(2368K)->1981K(2368K)
[306.091s][info][gc             ] GC(2469) Pause Young (Allocation Failure) 180M->12M(510M) 2.634ms
[306.091s][info][gc,cpu         ] GC(2469) User=0.00s Sys=0.00s Real=0.00s
[306.221s][info][gc,start       ] GC(2470) Pause Young (Allocation Failure)
[306.224s][info][gc,heap        ] GC(2470) PSYoungGen: 172544K(173056K)->992K(173056K) Eden: 171520K(171520K)->0K(171520K) From: 1024K(1536K)->992K(1536K)
[306.224s][info][gc,heap        ] GC(2470) ParOldGen: 12283K(349696K)->12355K(349696K)
[306.224s][info][gc,metaspace   ] GC(2470) Metaspace: 14411K(15296K)->14411K(15296K) NonClass: 12430K(12928K)->12430K(12928K) Class: 1981K(2368K)->1981K(2368K)
[306.224s][info][gc             ] GC(2470) Pause Young (Allocation Failure) 180M->13M(510M) 2.653ms
[306.224s][info][gc,cpu         ] GC(2470) User=0.52s Sys=0.00s Real=0.00s
[306.345s][info][gc,start       ] GC(2471) Pause Young (Allocation Failure)
[306.348s][info][gc,heap        ] GC(2471) PSYoungGen: 172512K(173056K)->1024K(173056K) Eden: 171520K(171520K)->0K(171520K) From: 992K(1536K)->1024K(1536K)
[306.348s][info][gc,heap        ] GC(2471) ParOldGen: 12355K(349696K)->12435K(349696K)
[306.348s][info][gc,metaspace   ] GC(2471) Metaspace: 14411K(15296K)->14411K(15296K) NonClass: 12430K(12928K)->12430K(12928K) Class: 1981K(2368K)->1981K(2368K)
[306.348s][info][gc             ] GC(2471) Pause Young (Allocation Failure) 180M->13M(510M) 2.540ms
[306.348s][info][gc,cpu         ] GC(2471) User=0.00s Sys=0.00s Real=0.00s
[306.464s][info][gc,start       ] GC(2472) Pause Young (Allocation Failure)
[306.466s][info][gc,heap        ] GC(2472) PSYoungGen: 172544K(173056K)->992K(173056K) Eden: 171520K(171520K)->0K(171520K) From: 1024K(1536K)->992K(1536K)
[306.466s][info][gc,heap        ] GC(2472) ParOldGen: 12435K(349696K)->12483K(349696K)
[306.466s][info][gc,metaspace   ] GC(2472) Metaspace: 14411K(15296K)->14411K(15296K) NonClass: 12430K(12928K)->12430K(12928K) Class: 1981K(2368K)->1981K(2368K)
[306.466s][info][gc             ] GC(2472) Pause Young (Allocation Failure) 180M->13M(510M) 2.531ms
[306.466s][info][gc,cpu         ] GC(2472) User=0.00s Sys=0.00s Real=0.00s
[306.579s][info][gc,start       ] GC(2473) Pause Young (Allocation Failure)
[306.582s][info][gc,heap        ] GC(2473) PSYoungGen: 172512K(173056K)->1024K(173056K) Eden: 171520K(171520K)->0K(171520K) From: 992K(1536K)->1024K(1536K)
[306.582s][info][gc,heap        ] GC(2473) ParOldGen: 12483K(349696K)->12539K(349696K)
[306.582s][info][gc,metaspace   ] GC(2473) Metaspace: 14411K(15296K)->14411K(15296K) NonClass: 12430K(12928K)->12430K(12928K) Class: 1981K(2368K)->1981K(2368K)
[306.582s][info][gc             ] GC(2473) Pause Young (Allocation Failure) 180M->13M(510M) 2.538ms
[306.582s][info][gc,cpu         ] GC(2473) User=0.00s Sys=0.00s Real=0.00s
[306.692s][info][gc,start       ] GC(2474) Pause Young (Allocation Failure)
[306.694s][info][gc,heap        ] GC(2474) PSYoungGen: 172544K(173056K)->1024K(173056K) Eden: 171520K(171520K)->0K(171520K) From: 1024K(1536K)->1024K(1536K)
[306.694s][info][gc,heap        ] GC(2474) ParOldGen: 12539K(349696K)->12611K(349696K)
[306.694s][info][gc,metaspace   ] GC(2474) Metaspace: 14411K(15296K)->14411K(15296K) NonClass: 12430K(12928K)->12430K(12928K) Class: 1981K(2368K)->1981K(2368K)
[306.694s][info][gc             ] GC(2474) Pause Young (Allocation Failure) 180M->13M(510M) 2.525ms
[306.694s][info][gc,cpu         ] GC(2474) User=0.52s Sys=0.00s Real=0.00s
[306.790s][info][gc,start       ] GC(2475) Pause Young (Allocation Failure)
[306.793s][info][gc,heap        ] GC(2475) PSYoungGen: 172544K(173056K)->928K(173056K) Eden: 171520K(171520K)->0K(171520K) From: 1024K(1536K)->928K(1536K)
[306.793s][info][gc,heap        ] GC(2475) ParOldGen: 12611K(349696K)->12659K(349696K)
[306.793s][info][gc,metaspace   ] GC(2475) Metaspace: 14411K(15296K)->14411K(15296K) NonClass: 12430K(12928K)->12430K(12928K) Class: 1981K(2368K)->1981K(2368K)
[306.793s][info][gc             ] GC(2475) Pause Young (Allocation Failure) 180M->13M(510M) 2.635ms
[306.793s][info][gc,cpu         ] GC(2475) User=0.00s Sys=0.00s Real=0.00s
[306.858s][info][gc,start       ] GC(2476) Pause Young (Allocation Failure)
[306.861s][info][gc,heap        ] GC(2476) PSYoungGen: 172448K(173056K)->864K(173056K) Eden: 171520K(171520K)->0K(171520K) From: 928K(1536K)->864K(1536K)
[306.861s][info][gc,heap        ] GC(2476) ParOldGen: 12659K(349696K)->12699K(349696K)
[306.861s][info][gc,metaspace   ] GC(2476) Metaspace: 14411K(15296K)->14411K(15296K) NonClass: 12430K(12928K)->12430K(12928K) Class: 1981K(2368K)->1981K(2368K)
[306.861s][info][gc             ] GC(2476) Pause Young (Allocation Failure) 180M->13M(510M) 2.626ms
[306.861s][info][gc,cpu         ] GC(2476) User=0.00s Sys=0.00s Real=0.00s
[306.925s][info][gc,start       ] GC(2477) Pause Young (Allocation Failure)
[306.928s][info][gc,heap        ] GC(2477) PSYoungGen: 172384K(173056K)->864K(173056K) Eden: 171520K(171520K)->0K(171520K) From: 864K(1536K)->864K(1536K)
[306.928s][info][gc,heap        ] GC(2477) ParOldGen: 12699K(349696K)->12739K(349696K)
[306.928s][info][gc,metaspace   ] GC(2477) Metaspace: 14411K(15296K)->14411K(15296K) NonClass: 12430K(12928K)->12430K(12928K) Class: 1981K(2368K)->1981K(2368K)
[306.928s][info][gc             ] GC(2477) Pause Young (Allocation Failure) 180M->13M(510M) 2.625ms
[306.928s][info][gc,cpu         ] GC(2477) User=0.52s Sys=0.00s Real=0.00s
[307.003s][info][gc,start       ] GC(2478) Pause Young (Allocation Failure)
[307.005s][info][gc,heap        ] GC(2478) PSYoungGen: 172384K(173056K)->800K(173056K) Eden: 171520K(171520K)->0K(171520K) From: 864K(1536K)->800K(1536K)
[307.005s][info][gc,heap        ] GC(2478) ParOldGen: 12739K(349696K)->12763K(349696K)
[307.006s][info][gc,metaspace   ] GC(2478) Metaspace: 14411K(15296K)->14411K(15296K) NonClass: 12430K(12928K)->12430K(12928K) Class: 1981K(2368K)->1981K(2368K)
[307.006s][info][gc             ] GC(2478) Pause Young (Allocation Failure) 180M->13M(510M) 2.619ms
[307.006s][info][gc,cpu         ] GC(2478) User=0.52s Sys=0.00s Real=0.00s
[307.124s][info][gc,start       ] GC(2479) Pause Young (Allocation Failure)
[307.127s][info][gc,heap        ] GC(2479) PSYoungGen: 172320K(173056K)->352K(173056K) Eden: 171520K(171520K)->0K(171520K) From: 800K(1536K)->352K(1536K)
[307.127s][info][gc,heap        ] GC(2479) ParOldGen: 12763K(349696K)->12795K(349696K)
[307.127s][info][gc,metaspace   ] GC(2479) Metaspace: 14411K(15296K)->14411K(15296K) NonClass: 12430K(12928K)->12430K(12928K) Class: 1981K(2368K)->1981K(2368K)
[307.127s][info][gc             ] GC(2479) Pause Young (Allocation Failure) 180M->12M(510M) 2.805ms
[307.127s][info][gc,cpu         ] GC(2479) User=0.00s Sys=0.00s Real=0.00s
[307.216s][info][gc,start       ] GC(2480) Pause Young (System.gc())
[307.225s][info][gc,heap        ] GC(2480) PSYoungGen: 41169K(173056K)->256K(173056K) Eden: 40817K(171520K)->0K(171520K) From: 352K(1536K)->256K(1536K)
[307.225s][info][gc,heap        ] GC(2480) ParOldGen: 12795K(349696K)->12851K(349696K)
[307.225s][info][gc,metaspace   ] GC(2480) Metaspace: 14411K(15296K)->14411K(15296K) NonClass: 12430K(12928K)->12430K(12928K) Class: 1981K(2368K)->1981K(2368K)
[307.225s][info][gc             ] GC(2480) Pause Young (System.gc()) 52M->12M(510M) 9.351ms
[307.225s][info][gc,cpu         ] GC(2480) User=0.00s Sys=0.00s Real=0.00s
[307.225s][info][gc,start       ] GC(2481) Pause Full (System.gc())
[307.225s][info][gc,phases,start] GC(2481) Marking Phase
[307.239s][info][gc,phases      ] GC(2481) Marking Phase 13.994ms
[307.239s][info][gc,phases,start] GC(2481) Summary Phase
[307.239s][info][gc,phases      ] GC(2481) Summary Phase 0.021ms
[307.239s][info][gc,phases,start] GC(2481) Adjust Roots
[307.245s][info][gc,phases      ] GC(2481) Adjust Roots 5.696ms
[307.245s][info][gc,phases,start] GC(2481) Compaction Phase
[307.247s][info][gc,phases      ] GC(2481) Compaction Phase 2.116ms
[307.247s][info][gc,phases,start] GC(2481) Post Compact
[307.247s][info][gc,phases      ] GC(2481) Post Compact 0.202ms
[307.247s][info][gc,heap        ] GC(2481) PSYoungGen: 256K(173056K)->0K(173056K) Eden: 0K(171520K)->0K(171520K) From: 256K(1536K)->0K(1536K)
[307.247s][info][gc,heap        ] GC(2481) ParOldGen: 12851K(349696K)->5380K(349696K)
[307.247s][info][gc,metaspace   ] GC(2481) Metaspace: 14411K(15296K)->14411K(15296K) NonClass: 12430K(12928K)->12430K(12928K) Class: 1981K(2368K)->1981K(2368K)
[307.247s][info][gc             ] GC(2481) Pause Full (System.gc()) 12M->5M(510M) 22.353ms
[307.247s][info][gc,cpu         ] GC(2481) User=0.39s Sys=0.00s Real=0.03s
[307.396s][info][gc,start       ] GC(2482) Pause Young (Allocation Failure)
[307.399s][info][gc,heap        ] GC(2482) PSYoungGen: 171520K(173056K)->1536K(173056K) Eden: 171520K(171520K)->0K(171520K) From: 0K(1536K)->1536K(1536K)
[307.399s][info][gc,heap        ] GC(2482) ParOldGen: 5380K(349696K)->5587K(349696K)
[307.399s][info][gc,metaspace   ] GC(2482) Metaspace: 14411K(15296K)->14411K(15296K) NonClass: 12430K(12928K)->12430K(12928K) Class: 1981K(2368K)->1981K(2368K)
[307.399s][info][gc             ] GC(2482) Pause Young (Allocation Failure) 172M->6M(510M) 2.756ms
[307.399s][info][gc,cpu         ] GC(2482) User=0.00s Sys=0.00s Real=0.00s
[307.516s][info][gc,start       ] GC(2483) Pause Young (Allocation Failure)
[307.518s][info][gc,heap        ] GC(2483) PSYoungGen: 173056K(173056K)->1024K(172032K) Eden: 171520K(171520K)->0K(170496K) From: 1536K(1536K)->1024K(1536K)
[307.518s][info][gc,heap        ] GC(2483) ParOldGen: 5587K(349696K)->7083K(349696K)
[307.518s][info][gc,metaspace   ] GC(2483) Metaspace: 14411K(15296K)->14411K(15296K) NonClass: 12430K(12928K)->12430K(12928K) Class: 1981K(2368K)->1981K(2368K)
[307.518s][info][gc             ] GC(2483) Pause Young (Allocation Failure) 174M->7M(509M) 2.775ms
[307.518s][info][gc,cpu         ] GC(2483) User=0.00s Sys=0.00s Real=0.00s
[307.641s][info][gc,start       ] GC(2484) Pause Young (Allocation Failure)
[307.643s][info][gc,heap        ] GC(2484) PSYoungGen: 171520K(172032K)->960K(172544K) Eden: 170496K(170496K)->0K(170496K) From: 1024K(1536K)->960K(2048K)
[307.643s][info][gc,heap        ] GC(2484) ParOldGen: 7083K(349696K)->7155K(349696K)
[307.643s][info][gc,metaspace   ] GC(2484) Metaspace: 14411K(15296K)->14411K(15296K) NonClass: 12430K(12928K)->12430K(12928K) Class: 1981K(2368K)->1981K(2368K)
[307.643s][info][gc             ] GC(2484) Pause Young (Allocation Failure) 174M->7M(510M) 2.691ms
[307.643s][info][gc,cpu         ] GC(2484) User=0.00s Sys=0.00s Real=0.00s
[307.764s][info][gc,start       ] GC(2485) Pause Young (Allocation Failure)
[307.767s][info][gc,heap        ] GC(2485) PSYoungGen: 171456K(172544K)->960K(172544K) Eden: 170496K(170496K)->0K(171008K) From: 960K(2048K)->960K(1536K)
[307.767s][info][gc,heap        ] GC(2485) ParOldGen: 7155K(349696K)->7235K(349696K)
[307.767s][info][gc,metaspace   ] GC(2485) Metaspace: 14411K(15296K)->14411K(15296K) NonClass: 12430K(12928K)->12430K(12928K) Class: 1981K(2368K)->1981K(2368K)
[307.767s][info][gc             ] GC(2485) Pause Young (Allocation Failure) 174M->8M(510M) 2.831ms
[307.767s][info][gc,cpu         ] GC(2485) User=0.00s Sys=0.00s Real=0.00s
[307.891s][info][gc,start       ] GC(2486) Pause Young (Allocation Failure)
[307.893s][info][gc,heap        ] GC(2486) PSYoungGen: 171968K(172544K)->960K(172544K) Eden: 171008K(171008K)->0K(171008K) From: 960K(1536K)->960K(1536K)
[307.893s][info][gc,heap        ] GC(2486) ParOldGen: 7235K(349696K)->7299K(349696K)
[307.893s][info][gc,metaspace   ] GC(2486) Metaspace: 14411K(15296K)->14411K(15296K) NonClass: 12430K(12928K)->12430K(12928K) Class: 1981K(2368K)->1981K(2368K)
[307.893s][info][gc             ] GC(2486) Pause Young (Allocation Failure) 175M->8M(510M) 2.707ms
[307.893s][info][gc,cpu         ] GC(2486) User=0.00s Sys=0.00s Real=0.00s
[308.017s][info][gc,start       ] GC(2487) Pause Young (Allocation Failure)
[308.020s][info][gc,heap        ] GC(2487) PSYoungGen: 171968K(172544K)->1024K(173056K) Eden: 171008K(171008K)->0K(171520K) From: 960K(1536K)->1024K(1536K)
[308.020s][info][gc,heap        ] GC(2487) ParOldGen: 7299K(349696K)->7379K(349696K)
[308.020s][info][gc,metaspace   ] GC(2487) Metaspace: 14411K(15296K)->14411K(15296K) NonClass: 12430K(12928K)->12430K(12928K) Class: 1981K(2368K)->1981K(2368K)
[308.020s][info][gc             ] GC(2487) Pause Young (Allocation Failure) 175M->8M(510M) 2.772ms
[308.020s][info][gc,cpu         ] GC(2487) User=0.52s Sys=0.00s Real=0.00s
[308.144s][info][gc,start       ] GC(2488) Pause Young (Allocation Failure)
[308.146s][info][gc,heap        ] GC(2488) PSYoungGen: 172544K(173056K)->992K(173056K) Eden: 171520K(171520K)->0K(171520K) From: 1024K(1536K)->992K(1536K)
[308.146s][info][gc,heap        ] GC(2488) ParOldGen: 7379K(349696K)->7443K(349696K)
[308.146s][info][gc,metaspace   ] GC(2488) Metaspace: 14411K(15296K)->14411K(15296K) NonClass: 12430K(12928K)->12430K(12928K) Class: 1981K(2368K)->1981K(2368K)
[308.146s][info][gc             ] GC(2488) Pause Young (Allocation Failure) 175M->8M(510M) 2.769ms
[308.146s][info][gc,cpu         ] GC(2488) User=0.52s Sys=0.00s Real=0.00s
[308.269s][info][gc,start       ] GC(2489) Pause Young (Allocation Failure)
[308.272s][info][gc,heap        ] GC(2489) PSYoungGen: 172512K(173056K)->992K(173056K) Eden: 171520K(171520K)->0K(171520K) From: 992K(1536K)->992K(1536K)
[308.272s][info][gc,heap        ] GC(2489) ParOldGen: 7443K(349696K)->7507K(349696K)
[308.272s][info][gc,metaspace   ] GC(2489) Metaspace: 14411K(15296K)->14411K(15296K) NonClass: 12430K(12928K)->12430K(12928K) Class: 1981K(2368K)->1981K(2368K)
[308.272s][info][gc             ] GC(2489) Pause Young (Allocation Failure) 175M->8M(510M) 2.796ms
[308.272s][info][gc,cpu         ] GC(2489) User=0.52s Sys=0.00s Real=0.00s
[308.394s][info][gc,start       ] GC(2490) Pause Young (Allocation Failure)
[308.397s][info][gc,heap        ] GC(2490) PSYoungGen: 172512K(173056K)->1024K(173056K) Eden: 171520K(171520K)->0K(171520K) From: 992K(1536K)->1024K(1536K)
[308.397s][info][gc,heap        ] GC(2490) ParOldGen: 7507K(349696K)->7563K(349696K)
[308.397s][info][gc,metaspace   ] GC(2490) Metaspace: 14411K(15296K)->14411K(15296K) NonClass: 12430K(12928K)->12430K(12928K) Class: 1981K(2368K)->1981K(2368K)
[308.397s][info][gc             ] GC(2490) Pause Young (Allocation Failure) 175M->8M(510M) 2.838ms
[308.397s][info][gc,cpu         ] GC(2490) User=0.00s Sys=0.00s Real=0.00s
[308.521s][info][gc,start       ] GC(2491) Pause Young (Allocation Failure)
[308.524s][info][gc,heap        ] GC(2491) PSYoungGen: 172544K(173056K)->928K(173056K) Eden: 171520K(171520K)->0K(171520K) From: 1024K(1536K)->928K(1536K)
[308.524s][info][gc,heap        ] GC(2491) ParOldGen: 7563K(349696K)->7619K(349696K)
[308.524s][info][gc,metaspace   ] GC(2491) Metaspace: 14411K(15296K)->14411K(15296K) NonClass: 12430K(12928K)->12430K(12928K) Class: 1981K(2368K)->1981K(2368K)
[308.524s][info][gc             ] GC(2491) Pause Young (Allocation Failure) 175M->8M(510M) 2.838ms
[308.524s][info][gc,cpu         ] GC(2491) User=0.00s Sys=0.00s Real=0.00s
[308.645s][info][gc,start       ] GC(2492) Pause Young (Allocation Failure)
[308.647s][info][gc,heap        ] GC(2492) PSYoungGen: 172447K(173056K)->1024K(173056K) Eden: 171519K(171520K)->0K(171520K) From: 928K(1536K)->1024K(1536K)
[308.647s][info][gc,heap        ] GC(2492) ParOldGen: 7619K(349696K)->7667K(349696K)
[308.647s][info][gc,metaspace   ] GC(2492) Metaspace: 14411K(15296K)->14411K(15296K) NonClass: 12430K(12928K)->12430K(12928K) Class: 1981K(2368K)->1981K(2368K)
[308.647s][info][gc             ] GC(2492) Pause Young (Allocation Failure) 175M->8M(510M) 2.849ms
[308.647s][info][gc,cpu         ] GC(2492) User=0.25s Sys=0.05s Real=0.00s
[308.771s][info][gc,start       ] GC(2493) Pause Young (Allocation Failure)
[308.774s][info][gc,heap        ] GC(2493) PSYoungGen: 172544K(173056K)->1024K(173056K) Eden: 171520K(171520K)->0K(171520K) From: 1024K(1536K)->1024K(1536K)
[308.774s][info][gc,heap        ] GC(2493) ParOldGen: 7667K(349696K)->7723K(349696K)
[308.774s][info][gc,metaspace   ] GC(2493) Metaspace: 14411K(15296K)->14411K(15296K) NonClass: 12430K(12928K)->12430K(12928K) Class: 1981K(2368K)->1981K(2368K)
[308.774s][info][gc             ] GC(2493) Pause Young (Allocation Failure) 175M->8M(510M) 2.903ms
[308.774s][info][gc,cpu         ] GC(2493) User=0.00s Sys=0.00s Real=0.00s
[308.895s][info][gc,start       ] GC(2494) Pause Young (Allocation Failure)
[308.898s][info][gc,heap        ] GC(2494) PSYoungGen: 172544K(173056K)->960K(173056K) Eden: 171520K(171520K)->0K(171520K) From: 1024K(1536K)->960K(1536K)
[308.898s][info][gc,heap        ] GC(2494) ParOldGen: 7723K(349696K)->7771K(349696K)
[308.898s][info][gc,metaspace   ] GC(2494) Metaspace: 14411K(15296K)->14411K(15296K) NonClass: 12430K(12928K)->12430K(12928K) Class: 1981K(2368K)->1981K(2368K)
[308.898s][info][gc             ] GC(2494) Pause Young (Allocation Failure) 176M->8M(510M) 2.899ms
[308.898s][info][gc,cpu         ] GC(2494) User=0.00s Sys=0.00s Real=0.00s
[309.022s][info][gc,start       ] GC(2495) Pause Young (Allocation Failure)
[309.025s][info][gc,heap        ] GC(2495) PSYoungGen: 172480K(173056K)->992K(173056K) Eden: 171520K(171520K)->0K(171520K) From: 960K(1536K)->992K(1536K)
[309.025s][info][gc,heap        ] GC(2495) ParOldGen: 7771K(349696K)->7811K(349696K)
[309.025s][info][gc,metaspace   ] GC(2495) Metaspace: 14411K(15296K)->14411K(15296K) NonClass: 12430K(12928K)->12430K(12928K) Class: 1981K(2368K)->1981K(2368K)
[309.025s][info][gc             ] GC(2495) Pause Young (Allocation Failure) 176M->8M(510M) 2.910ms
[309.025s][info][gc,cpu         ] GC(2495) User=0.00s Sys=0.00s Real=0.00s
[309.148s][info][gc,start       ] GC(2496) Pause Young (Allocation Failure)
[309.151s][info][gc,heap        ] GC(2496) PSYoungGen: 172512K(173056K)->992K(173056K) Eden: 171520K(171520K)->0K(171520K) From: 992K(1536K)->992K(1536K)
[309.151s][info][gc,heap        ] GC(2496) ParOldGen: 7811K(349696K)->7883K(349696K)
[309.151s][info][gc,metaspace   ] GC(2496) Metaspace: 14411K(15296K)->14411K(15296K) NonClass: 12430K(12928K)->12430K(12928K) Class: 1981K(2368K)->1981K(2368K)
[309.151s][info][gc             ] GC(2496) Pause Young (Allocation Failure) 176M->8M(510M) 2.940ms
[309.151s][info][gc,cpu         ] GC(2496) User=0.00s Sys=0.00s Real=0.00s
[309.274s][info][gc,start       ] GC(2497) Pause Young (Allocation Failure)
[309.277s][info][gc,heap        ] GC(2497) PSYoungGen: 172512K(173056K)->1024K(173056K) Eden: 171520K(171520K)->0K(171520K) From: 992K(1536K)->1024K(1536K)
[309.277s][info][gc,heap        ] GC(2497) ParOldGen: 7883K(349696K)->7931K(349696K)
[309.277s][info][gc,metaspace   ] GC(2497) Metaspace: 14411K(15296K)->14411K(15296K) NonClass: 12430K(12928K)->12430K(12928K) Class: 1981K(2368K)->1981K(2368K)
[309.277s][info][gc             ] GC(2497) Pause Young (Allocation Failure) 176M->8M(510M) 2.971ms
[309.277s][info][gc,cpu         ] GC(2497) User=0.00s Sys=0.00s Real=0.00s
[309.418s][info][gc,start       ] GC(2498) Pause Young (Allocation Failure)
[309.421s][info][gc,heap        ] GC(2498) PSYoungGen: 172544K(173056K)->992K(173056K) Eden: 171520K(171520K)->0K(171520K) From: 1024K(1536K)->992K(1536K)
[309.421s][info][gc,heap        ] GC(2498) ParOldGen: 7931K(349696K)->7971K(349696K)
[309.422s][info][gc,metaspace   ] GC(2498) Metaspace: 14411K(15296K)->14411K(15296K) NonClass: 12430K(12928K)->12430K(12928K) Class: 1981K(2368K)->1981K(2368K)
[309.422s][info][gc             ] GC(2498) Pause Young (Allocation Failure) 176M->8M(510M) 3.269ms
[309.422s][info][gc,cpu         ] GC(2498) User=0.00s Sys=0.00s Real=0.00s
[309.613s][info][gc,start       ] GC(2499) Pause Young (Allocation Failure)
[309.617s][info][gc,heap        ] GC(2499) PSYoungGen: 172512K(173056K)->1024K(173056K) Eden: 171520K(171520K)->0K(171520K) From: 992K(1536K)->1024K(1536K)
[309.617s][info][gc,heap        ] GC(2499) ParOldGen: 7971K(349696K)->8019K(349696K)
[309.617s][info][gc,metaspace   ] GC(2499) Metaspace: 14411K(15296K)->14411K(15296K) NonClass: 12430K(12928K)->12430K(12928K) Class: 1981K(2368K)->1981K(2368K)
[309.617s][info][gc             ] GC(2499) Pause Young (Allocation Failure) 176M->8M(510M) 3.928ms
[309.617s][info][gc,cpu         ] GC(2499) User=0.00s Sys=0.00s Real=0.00s
[309.749s][info][gc,start       ] GC(2500) Pause Young (Allocation Failure)
[309.752s][info][gc,heap        ] GC(2500) PSYoungGen: 172544K(173056K)->992K(173056K) Eden: 171520K(171520K)->0K(171520K) From: 1024K(1536K)->992K(1536K)
[309.752s][info][gc,heap        ] GC(2500) ParOldGen: 8019K(349696K)->8075K(349696K)
[309.752s][info][gc,metaspace   ] GC(2500) Metaspace: 14411K(15296K)->14411K(15296K) NonClass: 12430K(12928K)->12430K(12928K) Class: 1981K(2368K)->1981K(2368K)
[309.752s][info][gc             ] GC(2500) Pause Young (Allocation Failure) 176M->8M(510M) 2.880ms
[309.752s][info][gc,cpu         ] GC(2500) User=0.00s Sys=0.00s Real=0.00s
[309.878s][info][gc,start       ] GC(2501) Pause Young (Allocation Failure)
[309.881s][info][gc,heap        ] GC(2501) PSYoungGen: 172512K(173056K)->992K(173056K) Eden: 171520K(171520K)->0K(171520K) From: 992K(1536K)->992K(1536K)
[309.881s][info][gc,heap        ] GC(2501) ParOldGen: 8075K(349696K)->8131K(349696K)
[309.881s][info][gc,metaspace   ] GC(2501) Metaspace: 14411K(15296K)->14411K(15296K) NonClass: 12430K(12928K)->12430K(12928K) Class: 1981K(2368K)->1981K(2368K)
[309.881s][info][gc             ] GC(2501) Pause Young (Allocation Failure) 176M->8M(510M) 2.715ms
[309.881s][info][gc,cpu         ] GC(2501) User=0.52s Sys=0.00s Real=0.00s
[310.009s][info][gc,start       ] GC(2502) Pause Young (Allocation Failure)
[310.012s][info][gc,heap        ] GC(2502) PSYoungGen: 172512K(173056K)->992K(173056K) Eden: 171520K(171520K)->0K(171520K) From: 992K(1536K)->992K(1536K)
[310.012s][info][gc,heap        ] GC(2502) ParOldGen: 8131K(349696K)->8211K(349696K)
[310.012s][info][gc,metaspace   ] GC(2502) Metaspace: 14411K(15296K)->14411K(15296K) NonClass: 12430K(12928K)->12430K(12928K) Class: 1981K(2368K)->1981K(2368K)
[310.012s][info][gc             ] GC(2502) Pause Young (Allocation Failure) 176M->8M(510M) 2.691ms
[310.012s][info][gc,cpu         ] GC(2502) User=0.00s Sys=0.00s Real=0.00s
[310.145s][info][gc,start       ] GC(2503) Pause Young (Allocation Failure)
[310.148s][info][gc,heap        ] GC(2503) PSYoungGen: 172512K(173056K)->992K(173056K) Eden: 171520K(171520K)->0K(171520K) From: 992K(1536K)->992K(1536K)
[310.148s][info][gc,heap        ] GC(2503) ParOldGen: 8211K(349696K)->8267K(349696K)
[310.148s][info][gc,metaspace   ] GC(2503) Metaspace: 14411K(15296K)->14411K(15296K) NonClass: 12430K(12928K)->12430K(12928K) Class: 1981K(2368K)->1981K(2368K)
[310.148s][info][gc             ] GC(2503) Pause Young (Allocation Failure) 176M->9M(510M) 2.693ms
[310.148s][info][gc,cpu         ] GC(2503) User=0.00s Sys=0.00s Real=0.00s
[310.277s][info][gc,start       ] GC(2504) Pause Young (Allocation Failure)
[310.279s][info][gc,heap        ] GC(2504) PSYoungGen: 172512K(173056K)->992K(173056K) Eden: 171520K(171520K)->0K(171520K) From: 992K(1536K)->992K(1536K)
[310.279s][info][gc,heap        ] GC(2504) ParOldGen: 8267K(349696K)->8323K(349696K)
[310.279s][info][gc,metaspace   ] GC(2504) Metaspace: 14411K(15296K)->14411K(15296K) NonClass: 12430K(12928K)->12430K(12928K) Class: 1981K(2368K)->1981K(2368K)
[310.279s][info][gc             ] GC(2504) Pause Young (Allocation Failure) 176M->9M(510M) 2.520ms
[310.279s][info][gc,cpu         ] GC(2504) User=0.00s Sys=0.00s Real=0.00s
[310.401s][info][gc,start       ] GC(2505) Pause Young (Allocation Failure)
[310.404s][info][gc,heap        ] GC(2505) PSYoungGen: 172512K(173056K)->1024K(173056K) Eden: 171520K(171520K)->0K(171520K) From: 992K(1536K)->1024K(1536K)
[310.404s][info][gc,heap        ] GC(2505) ParOldGen: 8323K(349696K)->8363K(349696K)
[310.404s][info][gc,metaspace   ] GC(2505) Metaspace: 14411K(15296K)->14411K(15296K) NonClass: 12430K(12928K)->12430K(12928K) Class: 1981K(2368K)->1981K(2368K)
[310.404s][info][gc             ] GC(2505) Pause Young (Allocation Failure) 176M->9M(510M) 2.463ms
[310.404s][info][gc,cpu         ] GC(2505) User=0.00s Sys=0.00s Real=0.00s
[310.526s][info][gc,start       ] GC(2506) Pause Young (Allocation Failure)
[310.528s][info][gc,heap        ] GC(2506) PSYoungGen: 172544K(173056K)->1024K(173056K) Eden: 171520K(171520K)->0K(171520K) From: 1024K(1536K)->1024K(1536K)
[310.528s][info][gc,heap        ] GC(2506) ParOldGen: 8363K(349696K)->8403K(349696K)
[310.528s][info][gc,metaspace   ] GC(2506) Metaspace: 14411K(15296K)->14411K(15296K) NonClass: 12430K(12928K)->12430K(12928K) Class: 1981K(2368K)->1981K(2368K)
[310.528s][info][gc             ] GC(2506) Pause Young (Allocation Failure) 176M->9M(510M) 2.465ms
[310.528s][info][gc,cpu         ] GC(2506) User=0.00s Sys=0.00s Real=0.00s
[310.652s][info][gc,start       ] GC(2507) Pause Young (Allocation Failure)
[310.654s][info][gc,heap        ] GC(2507) PSYoungGen: 172544K(173056K)->1024K(173056K) Eden: 171520K(171520K)->0K(171520K) From: 1024K(1536K)->1024K(1536K)
[310.654s][info][gc,heap        ] GC(2507) ParOldGen: 8403K(349696K)->8475K(349696K)
[310.654s][info][gc,metaspace   ] GC(2507) Metaspace: 14411K(15296K)->14411K(15296K) NonClass: 12430K(12928K)->12430K(12928K) Class: 1981K(2368K)->1981K(2368K)
[310.654s][info][gc             ] GC(2507) Pause Young (Allocation Failure) 176M->9M(510M) 2.467ms
[310.654s][info][gc,cpu         ] GC(2507) User=0.00s Sys=0.00s Real=0.00s
[310.778s][info][gc,start       ] GC(2508) Pause Young (Allocation Failure)
[310.781s][info][gc,heap        ] GC(2508) PSYoungGen: 172544K(173056K)->1024K(173056K) Eden: 171520K(171520K)->0K(171520K) From: 1024K(1536K)->1024K(1536K)
[310.781s][info][gc,heap        ] GC(2508) ParOldGen: 8475K(349696K)->8539K(349696K)
[310.781s][info][gc,metaspace   ] GC(2508) Metaspace: 14411K(15296K)->14411K(15296K) NonClass: 12430K(12928K)->12430K(12928K) Class: 1981K(2368K)->1981K(2368K)
[310.781s][info][gc             ] GC(2508) Pause Young (Allocation Failure) 176M->9M(510M) 2.611ms
[310.781s][info][gc,cpu         ] GC(2508) User=0.00s Sys=0.00s Real=0.00s
[310.903s][info][gc,start       ] GC(2509) Pause Young (Allocation Failure)
[310.905s][info][gc,heap        ] GC(2509) PSYoungGen: 172544K(173056K)->960K(173056K) Eden: 171520K(171520K)->0K(171520K) From: 1024K(1536K)->960K(1536K)
[310.905s][info][gc,heap        ] GC(2509) ParOldGen: 8539K(349696K)->8587K(349696K)
[310.905s][info][gc,metaspace   ] GC(2509) Metaspace: 14411K(15296K)->14411K(15296K) NonClass: 12430K(12928K)->12430K(12928K) Class: 1981K(2368K)->1981K(2368K)
[310.905s][info][gc             ] GC(2509) Pause Young (Allocation Failure) 176M->9M(510M) 2.592ms
[310.905s][info][gc,cpu         ] GC(2509) User=0.00s Sys=0.00s Real=0.00s
[311.027s][info][gc,start       ] GC(2510) Pause Young (Allocation Failure)
[311.030s][info][gc,heap        ] GC(2510) PSYoungGen: 172480K(173056K)->960K(173056K) Eden: 171520K(171520K)->0K(171520K) From: 960K(1536K)->960K(1536K)
[311.030s][info][gc,heap        ] GC(2510) ParOldGen: 8587K(349696K)->8635K(349696K)
[311.030s][info][gc,metaspace   ] GC(2510) Metaspace: 14411K(15296K)->14411K(15296K) NonClass: 12430K(12928K)->12430K(12928K) Class: 1981K(2368K)->1981K(2368K)
[311.030s][info][gc             ] GC(2510) Pause Young (Allocation Failure) 176M->9M(510M) 2.616ms
[311.030s][info][gc,cpu         ] GC(2510) User=0.00s Sys=0.00s Real=0.00s
[311.153s][info][gc,start       ] GC(2511) Pause Young (Allocation Failure)
[311.155s][info][gc,heap        ] GC(2511) PSYoungGen: 172480K(173056K)->992K(173056K) Eden: 171520K(171520K)->0K(171520K) From: 960K(1536K)->992K(1536K)
[311.155s][info][gc,heap        ] GC(2511) ParOldGen: 8635K(349696K)->8691K(349696K)
[311.155s][info][gc,metaspace   ] GC(2511) Metaspace: 14411K(15296K)->14411K(15296K) NonClass: 12430K(12928K)->12430K(12928K) Class: 1981K(2368K)->1981K(2368K)
[311.155s][info][gc             ] GC(2511) Pause Young (Allocation Failure) 176M->9M(510M) 2.634ms
[311.155s][info][gc,cpu         ] GC(2511) User=0.00s Sys=0.00s Real=0.00s
[311.278s][info][gc,start       ] GC(2512) Pause Young (Allocation Failure)
[311.280s][info][gc,heap        ] GC(2512) PSYoungGen: 172512K(173056K)->928K(173056K) Eden: 171520K(171520K)->0K(171520K) From: 992K(1536K)->928K(1536K)
[311.280s][info][gc,heap        ] GC(2512) ParOldGen: 8691K(349696K)->8747K(349696K)
[311.280s][info][gc,metaspace   ] GC(2512) Metaspace: 14411K(15296K)->14411K(15296K) NonClass: 12430K(12928K)->12430K(12928K) Class: 1981K(2368K)->1981K(2368K)
[311.280s][info][gc             ] GC(2512) Pause Young (Allocation Failure) 176M->9M(510M) 2.661ms
[311.280s][info][gc,cpu         ] GC(2512) User=0.00s Sys=0.00s Real=0.00s
[311.403s][info][gc,start       ] GC(2513) Pause Young (Allocation Failure)
[311.405s][info][gc,heap        ] GC(2513) PSYoungGen: 172448K(173056K)->1024K(173056K) Eden: 171520K(171520K)->0K(171520K) From: 928K(1536K)->1024K(1536K)
[311.405s][info][gc,heap        ] GC(2513) ParOldGen: 8747K(349696K)->8811K(349696K)
[311.405s][info][gc,metaspace   ] GC(2513) Metaspace: 14411K(15296K)->14411K(15296K) NonClass: 12430K(12928K)->12430K(12928K) Class: 1981K(2368K)->1981K(2368K)
[311.405s][info][gc             ] GC(2513) Pause Young (Allocation Failure) 176M->9M(510M) 2.737ms
[311.405s][info][gc,cpu         ] GC(2513) User=0.00s Sys=0.00s Real=0.00s
[311.526s][info][gc,start       ] GC(2514) Pause Young (Allocation Failure)
[311.529s][info][gc,heap        ] GC(2514) PSYoungGen: 172544K(173056K)->992K(173056K) Eden: 171520K(171520K)->0K(171520K) From: 1024K(1536K)->992K(1536K)
[311.529s][info][gc,heap        ] GC(2514) ParOldGen: 8811K(349696K)->8883K(349696K)
[311.529s][info][gc,metaspace   ] GC(2514) Metaspace: 14411K(15296K)->14411K(15296K) NonClass: 12430K(12928K)->12430K(12928K) Class: 1981K(2368K)->1981K(2368K)
[311.529s][info][gc             ] GC(2514) Pause Young (Allocation Failure) 177M->9M(510M) 2.716ms
[311.529s][info][gc,cpu         ] GC(2514) User=0.00s Sys=0.00s Real=0.00s
[311.649s][info][gc,start       ] GC(2515) Pause Young (Allocation Failure)
[311.652s][info][gc,heap        ] GC(2515) PSYoungGen: 172512K(173056K)->1024K(173056K) Eden: 171520K(171520K)->0K(171520K) From: 992K(1536K)->1024K(1536K)
[311.652s][info][gc,heap        ] GC(2515) ParOldGen: 8883K(349696K)->8939K(349696K)
[311.652s][info][gc,metaspace   ] GC(2515) Metaspace: 14411K(15296K)->14411K(15296K) NonClass: 12430K(12928K)->12430K(12928K) Class: 1981K(2368K)->1981K(2368K)
[311.652s][info][gc             ] GC(2515) Pause Young (Allocation Failure) 177M->9M(510M) 2.734ms
[311.652s][info][gc,cpu         ] GC(2515) User=0.00s Sys=0.00s Real=0.00s
[311.774s][info][gc,start       ] GC(2516) Pause Young (Allocation Failure)
[311.776s][info][gc,heap        ] GC(2516) PSYoungGen: 172544K(173056K)->928K(173056K) Eden: 171520K(171520K)->0K(171520K) From: 1024K(1536K)->928K(1536K)
[311.777s][info][gc,heap        ] GC(2516) ParOldGen: 8939K(349696K)->8979K(349696K)
[311.777s][info][gc,metaspace   ] GC(2516) Metaspace: 14411K(15296K)->14411K(15296K) NonClass: 12430K(12928K)->12430K(12928K) Class: 1981K(2368K)->1981K(2368K)
[311.777s][info][gc             ] GC(2516) Pause Young (Allocation Failure) 177M->9M(510M) 2.767ms
[311.777s][info][gc,cpu         ] GC(2516) User=0.00s Sys=0.00s Real=0.00s
[311.899s][info][gc,start       ] GC(2517) Pause Young (Allocation Failure)
[311.901s][info][gc,heap        ] GC(2517) PSYoungGen: 172448K(173056K)->960K(173056K) Eden: 171520K(171520K)->0K(171520K) From: 928K(1536K)->960K(1536K)
[311.901s][info][gc,heap        ] GC(2517) ParOldGen: 8979K(349696K)->9035K(349696K)
[311.901s][info][gc,metaspace   ] GC(2517) Metaspace: 14411K(15296K)->14411K(15296K) NonClass: 12430K(12928K)->12430K(12928K) Class: 1981K(2368K)->1981K(2368K)
[311.901s][info][gc             ] GC(2517) Pause Young (Allocation Failure) 177M->9M(510M) 2.815ms
[311.901s][info][gc,cpu         ] GC(2517) User=0.00s Sys=0.00s Real=0.00s
[312.024s][info][gc,start       ] GC(2518) Pause Young (Allocation Failure)
[312.026s][info][gc,heap        ] GC(2518) PSYoungGen: 172480K(173056K)->992K(173056K) Eden: 171520K(171520K)->0K(171520K) From: 960K(1536K)->992K(1536K)
[312.026s][info][gc,heap        ] GC(2518) ParOldGen: 9035K(349696K)->9099K(349696K)
[312.027s][info][gc,metaspace   ] GC(2518) Metaspace: 14411K(15296K)->14411K(15296K) NonClass: 12430K(12928K)->12430K(12928K) Class: 1981K(2368K)->1981K(2368K)
[312.027s][info][gc             ] GC(2518) Pause Young (Allocation Failure) 177M->9M(510M) 2.848ms
[312.027s][info][gc,cpu         ] GC(2518) User=0.00s Sys=0.00s Real=0.00s
[312.147s][info][gc,start       ] GC(2519) Pause Young (Allocation Failure)
[312.149s][info][gc,heap        ] GC(2519) PSYoungGen: 172512K(173056K)->992K(173056K) Eden: 171520K(171520K)->0K(171520K) From: 992K(1536K)->992K(1536K)
[312.149s][info][gc,heap        ] GC(2519) ParOldGen: 9099K(349696K)->9171K(349696K)
[312.149s][info][gc,metaspace   ] GC(2519) Metaspace: 14411K(15296K)->14411K(15296K) NonClass: 12430K(12928K)->12430K(12928K) Class: 1981K(2368K)->1981K(2368K)
[312.149s][info][gc             ] GC(2519) Pause Young (Allocation Failure) 177M->9M(510M) 2.827ms
[312.149s][info][gc,cpu         ] GC(2519) User=0.00s Sys=0.00s Real=0.00s
[312.365s][info][gc,start       ] GC(2520) Pause Young (Allocation Failure)
[312.369s][info][gc,heap        ] GC(2520) PSYoungGen: 172512K(173056K)->992K(173056K) Eden: 171520K(171520K)->0K(171520K) From: 992K(1536K)->992K(1536K)
[312.369s][info][gc,heap        ] GC(2520) ParOldGen: 9171K(349696K)->9227K(349696K)
[312.369s][info][gc,metaspace   ] GC(2520) Metaspace: 14411K(15296K)->14411K(15296K) NonClass: 12430K(12928K)->12430K(12928K) Class: 1981K(2368K)->1981K(2368K)
[312.369s][info][gc             ] GC(2520) Pause Young (Allocation Failure) 177M->9M(510M) 3.702ms
[312.369s][info][gc,cpu         ] GC(2520) User=0.00s Sys=0.00s Real=0.00s
[312.499s][info][gc,start       ] GC(2521) Pause Young (Allocation Failure)
[312.502s][info][gc,heap        ] GC(2521) PSYoungGen: 172512K(173056K)->928K(173056K) Eden: 171520K(171520K)->0K(171520K) From: 992K(1536K)->928K(1536K)
[312.502s][info][gc,heap        ] GC(2521) ParOldGen: 9227K(349696K)->9291K(349696K)
[312.502s][info][gc,metaspace   ] GC(2521) Metaspace: 14411K(15296K)->14411K(15296K) NonClass: 12430K(12928K)->12430K(12928K) Class: 1981K(2368K)->1981K(2368K)
[312.502s][info][gc             ] GC(2521) Pause Young (Allocation Failure) 177M->9M(510M) 2.739ms
[312.502s][info][gc,cpu         ] GC(2521) User=0.00s Sys=0.00s Real=0.00s
[312.625s][info][gc,start       ] GC(2522) Pause Young (Allocation Failure)
[312.627s][info][gc,heap        ] GC(2522) PSYoungGen: 172448K(173056K)->960K(173056K) Eden: 171520K(171520K)->0K(171520K) From: 928K(1536K)->960K(1536K)
[312.627s][info][gc,heap        ] GC(2522) ParOldGen: 9291K(349696K)->9355K(349696K)
[312.627s][info][gc,metaspace   ] GC(2522) Metaspace: 14411K(15296K)->14411K(15296K) NonClass: 12430K(12928K)->12430K(12928K) Class: 1981K(2368K)->1981K(2368K)
[312.627s][info][gc             ] GC(2522) Pause Young (Allocation Failure) 177M->10M(510M) 2.659ms
[312.627s][info][gc,cpu         ] GC(2522) User=0.00s Sys=0.00s Real=0.00s
[312.752s][info][gc,start       ] GC(2523) Pause Young (Allocation Failure)
[312.755s][info][gc,heap        ] GC(2523) PSYoungGen: 172480K(173056K)->992K(173056K) Eden: 171520K(171520K)->0K(171520K) From: 960K(1536K)->992K(1536K)
[312.755s][info][gc,heap        ] GC(2523) ParOldGen: 9355K(349696K)->9411K(349696K)
[312.755s][info][gc,metaspace   ] GC(2523) Metaspace: 14411K(15296K)->14411K(15296K) NonClass: 12430K(12928K)->12430K(12928K) Class: 1981K(2368K)->1981K(2368K)
[312.755s][info][gc             ] GC(2523) Pause Young (Allocation Failure) 177M->10M(510M) 2.576ms
[312.755s][info][gc,cpu         ] GC(2523) User=0.52s Sys=0.00s Real=0.00s
[312.887s][info][gc,start       ] GC(2524) Pause Young (Allocation Failure)
[312.889s][info][gc,heap        ] GC(2524) PSYoungGen: 172512K(173056K)->1024K(173056K) Eden: 171520K(171520K)->0K(171520K) From: 992K(1536K)->1024K(1536K)
[312.889s][info][gc,heap        ] GC(2524) ParOldGen: 9411K(349696K)->9475K(349696K)
[312.889s][info][gc,metaspace   ] GC(2524) Metaspace: 14411K(15296K)->14411K(15296K) NonClass: 12430K(12928K)->12430K(12928K) Class: 1981K(2368K)->1981K(2368K)
[312.889s][info][gc             ] GC(2524) Pause Young (Allocation Failure) 177M->10M(510M) 2.550ms
[312.889s][info][gc,cpu         ] GC(2524) User=0.00s Sys=0.00s Real=0.00s
[313.018s][info][gc,start       ] GC(2525) Pause Young (Allocation Failure)
[313.021s][info][gc,heap        ] GC(2525) PSYoungGen: 172544K(173056K)->1024K(173056K) Eden: 171520K(171520K)->0K(171520K) From: 1024K(1536K)->1024K(1536K)
[313.021s][info][gc,heap        ] GC(2525) ParOldGen: 9475K(349696K)->9539K(349696K)
[313.021s][info][gc,metaspace   ] GC(2525) Metaspace: 14411K(15296K)->14411K(15296K) NonClass: 12430K(12928K)->12430K(12928K) Class: 1981K(2368K)->1981K(2368K)
[313.021s][info][gc             ] GC(2525) Pause Young (Allocation Failure) 177M->10M(510M) 2.443ms
[313.021s][info][gc,cpu         ] GC(2525) User=0.52s Sys=0.00s Real=0.00s
[313.143s][info][gc,start       ] GC(2526) Pause Young (Allocation Failure)
[313.146s][info][gc,heap        ] GC(2526) PSYoungGen: 172544K(173056K)->1024K(173056K) Eden: 171520K(171520K)->0K(171520K) From: 1024K(1536K)->1024K(1536K)
[313.146s][info][gc,heap        ] GC(2526) ParOldGen: 9539K(349696K)->9595K(349696K)
[313.146s][info][gc,metaspace   ] GC(2526) Metaspace: 14411K(15296K)->14411K(15296K) NonClass: 12430K(12928K)->12430K(12928K) Class: 1981K(2368K)->1981K(2368K)
[313.146s][info][gc             ] GC(2526) Pause Young (Allocation Failure) 177M->10M(510M) 2.369ms
[313.146s][info][gc,cpu         ] GC(2526) User=0.52s Sys=0.00s Real=0.00s
[313.265s][info][gc,start       ] GC(2527) Pause Young (Allocation Failure)
[313.267s][info][gc,heap        ] GC(2527) PSYoungGen: 172544K(173056K)->896K(173056K) Eden: 171520K(171520K)->0K(171520K) From: 1024K(1536K)->896K(1536K)
[313.267s][info][gc,heap        ] GC(2527) ParOldGen: 9595K(349696K)->9651K(349696K)
[313.267s][info][gc,metaspace   ] GC(2527) Metaspace: 14411K(15296K)->14411K(15296K) NonClass: 12430K(12928K)->12430K(12928K) Class: 1981K(2368K)->1981K(2368K)
[313.267s][info][gc             ] GC(2527) Pause Young (Allocation Failure) 177M->10M(510M) 2.419ms
[313.267s][info][gc,cpu         ] GC(2527) User=0.00s Sys=0.00s Real=0.00s
[313.387s][info][gc,start       ] GC(2528) Pause Young (Allocation Failure)
[313.390s][info][gc,heap        ] GC(2528) PSYoungGen: 172416K(173056K)->992K(173056K) Eden: 171520K(171520K)->0K(171520K) From: 896K(1536K)->992K(1536K)
[313.390s][info][gc,heap        ] GC(2528) ParOldGen: 9651K(349696K)->9683K(349696K)
[313.390s][info][gc,metaspace   ] GC(2528) Metaspace: 14411K(15296K)->14411K(15296K) NonClass: 12430K(12928K)->12430K(12928K) Class: 1981K(2368K)->1981K(2368K)
[313.390s][info][gc             ] GC(2528) Pause Young (Allocation Failure) 177M->10M(510M) 2.393ms
[313.390s][info][gc,cpu         ] GC(2528) User=0.00s Sys=0.00s Real=0.00s
[313.509s][info][gc,start       ] GC(2529) Pause Young (Allocation Failure)
[313.512s][info][gc,heap        ] GC(2529) PSYoungGen: 172512K(173056K)->992K(173056K) Eden: 171520K(171520K)->0K(171520K) From: 992K(1536K)->992K(1536K)
[313.512s][info][gc,heap        ] GC(2529) ParOldGen: 9683K(349696K)->9739K(349696K)
[313.512s][info][gc,metaspace   ] GC(2529) Metaspace: 14411K(15296K)->14411K(15296K) NonClass: 12430K(12928K)->12430K(12928K) Class: 1981K(2368K)->1981K(2368K)
[313.512s][info][gc             ] GC(2529) Pause Young (Allocation Failure) 177M->10M(510M) 2.400ms
[313.512s][info][gc,cpu         ] GC(2529) User=0.00s Sys=0.00s Real=0.00s
[313.633s][info][gc,start       ] GC(2530) Pause Young (Allocation Failure)
[313.635s][info][gc,heap        ] GC(2530) PSYoungGen: 172512K(173056K)->960K(173056K) Eden: 171520K(171520K)->0K(171520K) From: 992K(1536K)->960K(1536K)
[313.635s][info][gc,heap        ] GC(2530) ParOldGen: 9739K(349696K)->9779K(349696K)
[313.635s][info][gc,metaspace   ] GC(2530) Metaspace: 14411K(15296K)->14411K(15296K) NonClass: 12430K(12928K)->12430K(12928K) Class: 1981K(2368K)->1981K(2368K)
[313.636s][info][gc             ] GC(2530) Pause Young (Allocation Failure) 177M->10M(510M) 2.414ms
[313.636s][info][gc,cpu         ] GC(2530) User=0.00s Sys=0.00s Real=0.00s
[313.761s][info][gc,start       ] GC(2531) Pause Young (Allocation Failure)
[313.763s][info][gc,heap        ] GC(2531) PSYoungGen: 172480K(173056K)->960K(173056K) Eden: 171520K(171520K)->0K(171520K) From: 960K(1536K)->960K(1536K)
[313.763s][info][gc,heap        ] GC(2531) ParOldGen: 9779K(349696K)->9827K(349696K)
[313.763s][info][gc,metaspace   ] GC(2531) Metaspace: 14411K(15296K)->14411K(15296K) NonClass: 12430K(12928K)->12430K(12928K) Class: 1981K(2368K)->1981K(2368K)
[313.763s][info][gc             ] GC(2531) Pause Young (Allocation Failure) 177M->10M(510M) 2.476ms
[313.763s][info][gc,cpu         ] GC(2531) User=0.00s Sys=0.00s Real=0.00s
[313.886s][info][gc,start       ] GC(2532) Pause Young (Allocation Failure)
[313.888s][info][gc,heap        ] GC(2532) PSYoungGen: 172480K(173056K)->992K(173056K) Eden: 171520K(171520K)->0K(171520K) From: 960K(1536K)->992K(1536K)
[313.888s][info][gc,heap        ] GC(2532) ParOldGen: 9827K(349696K)->9875K(349696K)
[313.888s][info][gc,metaspace   ] GC(2532) Metaspace: 14411K(15296K)->14411K(15296K) NonClass: 12430K(12928K)->12430K(12928K) Class: 1981K(2368K)->1981K(2368K)
[313.888s][info][gc             ] GC(2532) Pause Young (Allocation Failure) 178M->10M(510M) 2.489ms
[313.888s][info][gc,cpu         ] GC(2532) User=0.00s Sys=0.00s Real=0.00s
[314.008s][info][gc,start       ] GC(2533) Pause Young (Allocation Failure)
[314.011s][info][gc,heap        ] GC(2533) PSYoungGen: 172511K(173056K)->1024K(173056K) Eden: 171519K(171520K)->0K(171520K) From: 992K(1536K)->1024K(1536K)
[314.011s][info][gc,heap        ] GC(2533) ParOldGen: 9875K(349696K)->9915K(349696K)
[314.011s][info][gc,metaspace   ] GC(2533) Metaspace: 14411K(15296K)->14411K(15296K) NonClass: 12430K(12928K)->12430K(12928K) Class: 1981K(2368K)->1981K(2368K)
[314.011s][info][gc             ] GC(2533) Pause Young (Allocation Failure) 178M->10M(510M) 2.537ms
[314.011s][info][gc,cpu         ] GC(2533) User=0.00s Sys=0.00s Real=0.00s
[314.134s][info][gc,start       ] GC(2534) Pause Young (Allocation Failure)
[314.137s][info][gc,heap        ] GC(2534) PSYoungGen: 172544K(173056K)->1024K(173056K) Eden: 171520K(171520K)->0K(171520K) From: 1024K(1536K)->1024K(1536K)
[314.137s][info][gc,heap        ] GC(2534) ParOldGen: 9915K(349696K)->9955K(349696K)
[314.137s][info][gc,metaspace   ] GC(2534) Metaspace: 14411K(15296K)->14411K(15296K) NonClass: 12430K(12928K)->12430K(12928K) Class: 1981K(2368K)->1981K(2368K)
[314.137s][info][gc             ] GC(2534) Pause Young (Allocation Failure) 178M->10M(510M) 2.523ms
[314.137s][info][gc,cpu         ] GC(2534) User=0.00s Sys=0.00s Real=0.00s
[314.258s][info][gc,start       ] GC(2535) Pause Young (Allocation Failure)
[314.261s][info][gc,heap        ] GC(2535) PSYoungGen: 172544K(173056K)->1024K(173056K) Eden: 171520K(171520K)->0K(171520K) From: 1024K(1536K)->1024K(1536K)
[314.261s][info][gc,heap        ] GC(2535) ParOldGen: 9955K(349696K)->10003K(349696K)
[314.261s][info][gc,metaspace   ] GC(2535) Metaspace: 14411K(15296K)->14411K(15296K) NonClass: 12430K(12928K)->12430K(12928K) Class: 1981K(2368K)->1981K(2368K)
[314.261s][info][gc             ] GC(2535) Pause Young (Allocation Failure) 178M->10M(510M) 2.557ms
[314.261s][info][gc,cpu         ] GC(2535) User=0.00s Sys=0.00s Real=0.00s
[314.382s][info][gc,start       ] GC(2536) Pause Young (Allocation Failure)
[314.385s][info][gc,heap        ] GC(2536) PSYoungGen: 172544K(173056K)->1024K(173056K) Eden: 171520K(171520K)->0K(171520K) From: 1024K(1536K)->1024K(1536K)
[314.385s][info][gc,heap        ] GC(2536) ParOldGen: 10003K(349696K)->10059K(349696K)
[314.385s][info][gc,metaspace   ] GC(2536) Metaspace: 14411K(15296K)->14411K(15296K) NonClass: 12430K(12928K)->12430K(12928K) Class: 1981K(2368K)->1981K(2368K)
[314.385s][info][gc             ] GC(2536) Pause Young (Allocation Failure) 178M->10M(510M) 2.574ms
[314.385s][info][gc,cpu         ] GC(2536) User=0.00s Sys=0.00s Real=0.00s
[314.503s][info][gc,start       ] GC(2537) Pause Young (Allocation Failure)
[314.505s][info][gc,heap        ] GC(2537) PSYoungGen: 172544K(173056K)->1024K(173056K) Eden: 171520K(171520K)->0K(171520K) From: 1024K(1536K)->1024K(1536K)
[314.505s][info][gc,heap        ] GC(2537) ParOldGen: 10059K(349696K)->10107K(349696K)
[314.505s][info][gc,metaspace   ] GC(2537) Metaspace: 14411K(15296K)->14411K(15296K) NonClass: 12430K(12928K)->12430K(12928K) Class: 1981K(2368K)->1981K(2368K)
[314.505s][info][gc             ] GC(2537) Pause Young (Allocation Failure) 178M->10M(510M) 2.605ms
[314.506s][info][gc,cpu         ] GC(2537) User=0.52s Sys=0.00s Real=0.00s
[314.627s][info][gc,start       ] GC(2538) Pause Young (Allocation Failure)
[314.629s][info][gc,heap        ] GC(2538) PSYoungGen: 172544K(173056K)->960K(173056K) Eden: 171520K(171520K)->0K(171520K) From: 1024K(1536K)->960K(1536K)
[314.629s][info][gc,heap        ] GC(2538) ParOldGen: 10107K(349696K)->10147K(349696K)
[314.630s][info][gc,metaspace   ] GC(2538) Metaspace: 14411K(15296K)->14411K(15296K) NonClass: 12430K(12928K)->12430K(12928K) Class: 1981K(2368K)->1981K(2368K)
[314.630s][info][gc             ] GC(2538) Pause Young (Allocation Failure) 178M->10M(510M) 2.650ms
[314.630s][info][gc,cpu         ] GC(2538) User=0.00s Sys=0.02s Real=0.00s
[314.751s][info][gc,start       ] GC(2539) Pause Young (Allocation Failure)
[314.754s][info][gc,heap        ] GC(2539) PSYoungGen: 172479K(173056K)->992K(173056K) Eden: 171519K(171520K)->0K(171520K) From: 960K(1536K)->992K(1536K)
[314.754s][info][gc,heap        ] GC(2539) ParOldGen: 10147K(349696K)->10211K(349696K)
[314.754s][info][gc,metaspace   ] GC(2539) Metaspace: 14411K(15296K)->14411K(15296K) NonClass: 12430K(12928K)->12430K(12928K) Class: 1981K(2368K)->1981K(2368K)
[314.754s][info][gc             ] GC(2539) Pause Young (Allocation Failure) 178M->10M(510M) 2.677ms
[314.754s][info][gc,cpu         ] GC(2539) User=0.00s Sys=0.00s Real=0.00s
[314.874s][info][gc,start       ] GC(2540) Pause Young (Allocation Failure)
[314.877s][info][gc,heap        ] GC(2540) PSYoungGen: 172512K(173056K)->1024K(173056K) Eden: 171520K(171520K)->0K(171520K) From: 992K(1536K)->1024K(1536K)
[314.877s][info][gc,heap        ] GC(2540) ParOldGen: 10211K(349696K)->10251K(349696K)
[314.877s][info][gc,metaspace   ] GC(2540) Metaspace: 14411K(15296K)->14411K(15296K) NonClass: 12430K(12928K)->12430K(12928K) Class: 1981K(2368K)->1981K(2368K)
[314.877s][info][gc             ] GC(2540) Pause Young (Allocation Failure) 178M->11M(510M) 2.667ms
[314.877s][info][gc,cpu         ] GC(2540) User=0.00s Sys=0.00s Real=0.00s
[314.998s][info][gc,start       ] GC(2541) Pause Young (Allocation Failure)
[315.001s][info][gc,heap        ] GC(2541) PSYoungGen: 172544K(173056K)->992K(173056K) Eden: 171520K(171520K)->0K(171520K) From: 1024K(1536K)->992K(1536K)
[315.001s][info][gc,heap        ] GC(2541) ParOldGen: 10251K(349696K)->10307K(349696K)
[315.001s][info][gc,metaspace   ] GC(2541) Metaspace: 14411K(15296K)->14411K(15296K) NonClass: 12430K(12928K)->12430K(12928K) Class: 1981K(2368K)->1981K(2368K)
[315.001s][info][gc             ] GC(2541) Pause Young (Allocation Failure) 178M->11M(510M) 2.692ms
[315.001s][info][gc,cpu         ] GC(2541) User=0.00s Sys=0.00s Real=0.00s
[315.118s][info][gc,start       ] GC(2542) Pause Young (Allocation Failure)
[315.121s][info][gc,heap        ] GC(2542) PSYoungGen: 172512K(173056K)->928K(173056K) Eden: 171520K(171520K)->0K(171520K) From: 992K(1536K)->928K(1536K)
[315.121s][info][gc,heap        ] GC(2542) ParOldGen: 10307K(349696K)->10355K(349696K)
[315.121s][info][gc,metaspace   ] GC(2542) Metaspace: 14411K(15296K)->14411K(15296K) NonClass: 12430K(12928K)->12430K(12928K) Class: 1981K(2368K)->1981K(2368K)
[315.121s][info][gc             ] GC(2542) Pause Young (Allocation Failure) 178M->11M(510M) 2.724ms
[315.121s][info][gc,cpu         ] GC(2542) User=0.00s Sys=0.00s Real=0.00s
[315.242s][info][gc,start       ] GC(2543) Pause Young (Allocation Failure)
[315.245s][info][gc,heap        ] GC(2543) PSYoungGen: 172448K(173056K)->992K(173056K) Eden: 171520K(171520K)->0K(171520K) From: 928K(1536K)->992K(1536K)
[315.245s][info][gc,heap        ] GC(2543) ParOldGen: 10355K(349696K)->10419K(349696K)
[315.245s][info][gc,metaspace   ] GC(2543) Metaspace: 14411K(15296K)->14411K(15296K) NonClass: 12430K(12928K)->12430K(12928K) Class: 1981K(2368K)->1981K(2368K)
[315.245s][info][gc             ] GC(2543) Pause Young (Allocation Failure) 178M->11M(510M) 2.757ms
[315.245s][info][gc,cpu         ] GC(2543) User=0.00s Sys=0.00s Real=0.00s
[315.363s][info][gc,start       ] GC(2544) Pause Young (Allocation Failure)
[315.366s][info][gc,heap        ] GC(2544) PSYoungGen: 172512K(173056K)->1024K(173056K) Eden: 171520K(171520K)->0K(171520K) From: 992K(1536K)->1024K(1536K)
[315.366s][info][gc,heap        ] GC(2544) ParOldGen: 10419K(349696K)->10467K(349696K)
[315.366s][info][gc,metaspace   ] GC(2544) Metaspace: 14411K(15296K)->14411K(15296K) NonClass: 12430K(12928K)->12430K(12928K) Class: 1981K(2368K)->1981K(2368K)
[315.366s][info][gc             ] GC(2544) Pause Young (Allocation Failure) 178M->11M(510M) 2.800ms
[315.366s][info][gc,cpu         ] GC(2544) User=0.00s Sys=0.00s Real=0.00s
[315.486s][info][gc,start       ] GC(2545) Pause Young (Allocation Failure)
[315.489s][info][gc,heap        ] GC(2545) PSYoungGen: 172544K(173056K)->1024K(173056K) Eden: 171520K(171520K)->0K(171520K) From: 1024K(1536K)->1024K(1536K)
[315.489s][info][gc,heap        ] GC(2545) ParOldGen: 10467K(349696K)->10507K(349696K)
[315.489s][info][gc,metaspace   ] GC(2545) Metaspace: 14411K(15296K)->14411K(15296K) NonClass: 12430K(12928K)->12430K(12928K) Class: 1981K(2368K)->1981K(2368K)
[315.489s][info][gc             ] GC(2545) Pause Young (Allocation Failure) 178M->11M(510M) 2.787ms
[315.489s][info][gc,cpu         ] GC(2545) User=0.52s Sys=0.00s Real=0.00s
[315.607s][info][gc,start       ] GC(2546) Pause Young (Allocation Failure)
[315.610s][info][gc,heap        ] GC(2546) PSYoungGen: 172544K(173056K)->992K(173056K) Eden: 171520K(171520K)->0K(171520K) From: 1024K(1536K)->992K(1536K)
[315.610s][info][gc,heap        ] GC(2546) ParOldGen: 10507K(349696K)->10555K(349696K)
[315.610s][info][gc,metaspace   ] GC(2546) Metaspace: 14411K(15296K)->14411K(15296K) NonClass: 12430K(12928K)->12430K(12928K) Class: 1981K(2368K)->1981K(2368K)
[315.610s][info][gc             ] GC(2546) Pause Young (Allocation Failure) 178M->11M(510M) 2.818ms
[315.610s][info][gc,cpu         ] GC(2546) User=0.00s Sys=0.00s Real=0.00s
[315.734s][info][gc,start       ] GC(2547) Pause Young (Allocation Failure)
[315.737s][info][gc,heap        ] GC(2547) PSYoungGen: 172512K(173056K)->1024K(173056K) Eden: 171520K(171520K)->0K(171520K) From: 992K(1536K)->1024K(1536K)
[315.737s][info][gc,heap        ] GC(2547) ParOldGen: 10555K(349696K)->10603K(349696K)
[315.737s][info][gc,metaspace   ] GC(2547) Metaspace: 14411K(15296K)->14411K(15296K) NonClass: 12430K(12928K)->12430K(12928K) Class: 1981K(2368K)->1981K(2368K)
[315.737s][info][gc             ] GC(2547) Pause Young (Allocation Failure) 178M->11M(510M) 2.838ms
[315.737s][info][gc,cpu         ] GC(2547) User=0.00s Sys=0.00s Real=0.00s
[315.856s][info][gc,start       ] GC(2548) Pause Young (Allocation Failure)
[315.859s][info][gc,heap        ] GC(2548) PSYoungGen: 172544K(173056K)->992K(173056K) Eden: 171520K(171520K)->0K(171520K) From: 1024K(1536K)->992K(1536K)
[315.859s][info][gc,heap        ] GC(2548) ParOldGen: 10603K(349696K)->10667K(349696K)
[315.859s][info][gc,metaspace   ] GC(2548) Metaspace: 14411K(15296K)->14411K(15296K) NonClass: 12430K(12928K)->12430K(12928K) Class: 1981K(2368K)->1981K(2368K)
[315.859s][info][gc             ] GC(2548) Pause Young (Allocation Failure) 178M->11M(510M) 2.839ms
[315.859s][info][gc,cpu         ] GC(2548) User=0.00s Sys=0.00s Real=0.00s
[315.978s][info][gc,start       ] GC(2549) Pause Young (Allocation Failure)
[315.981s][info][gc,heap        ] GC(2549) PSYoungGen: 172512K(173056K)->1024K(173056K) Eden: 171520K(171520K)->0K(171520K) From: 992K(1536K)->1024K(1536K)
[315.981s][info][gc,heap        ] GC(2549) ParOldGen: 10667K(349696K)->10715K(349696K)
[315.981s][info][gc,metaspace   ] GC(2549) Metaspace: 14411K(15296K)->14411K(15296K) NonClass: 12430K(12928K)->12430K(12928K) Class: 1981K(2368K)->1981K(2368K)
[315.981s][info][gc             ] GC(2549) Pause Young (Allocation Failure) 178M->11M(510M) 2.934ms
[315.981s][info][gc,cpu         ] GC(2549) User=0.00s Sys=0.00s Real=0.00s
[316.254s][info][gc,start       ] GC(2550) Pause Young (Allocation Failure)
[316.257s][info][gc,heap        ] GC(2550) PSYoungGen: 172544K(173056K)->1024K(173056K) Eden: 171520K(171520K)->0K(171520K) From: 1024K(1536K)->1024K(1536K)
[316.257s][info][gc,heap        ] GC(2550) ParOldGen: 10715K(349696K)->10771K(349696K)
[316.257s][info][gc,metaspace   ] GC(2550) Metaspace: 14411K(15296K)->14411K(15296K) NonClass: 12430K(12928K)->12430K(12928K) Class: 1981K(2368K)->1981K(2368K)
[316.258s][info][gc             ] GC(2550) Pause Young (Allocation Failure) 178M->11M(510M) 3.773ms
[316.258s][info][gc,cpu         ] GC(2550) User=0.00s Sys=0.00s Real=0.00s
[316.386s][info][gc,start       ] GC(2551) Pause Young (Allocation Failure)
[316.389s][info][gc,heap        ] GC(2551) PSYoungGen: 172544K(173056K)->1024K(173056K) Eden: 171520K(171520K)->0K(171520K) From: 1024K(1536K)->1024K(1536K)
[316.389s][info][gc,heap        ] GC(2551) ParOldGen: 10771K(349696K)->10835K(349696K)
[316.389s][info][gc,metaspace   ] GC(2551) Metaspace: 14411K(15296K)->14411K(15296K) NonClass: 12430K(12928K)->12430K(12928K) Class: 1981K(2368K)->1981K(2368K)
[316.389s][info][gc             ] GC(2551) Pause Young (Allocation Failure) 179M->11M(510M) 2.769ms
[316.389s][info][gc,cpu         ] GC(2551) User=0.00s Sys=0.00s Real=0.00s
[316.515s][info][gc,start       ] GC(2552) Pause Young (Allocation Failure)
[316.517s][info][gc,heap        ] GC(2552) PSYoungGen: 172544K(173056K)->992K(173056K) Eden: 171520K(171520K)->0K(171520K) From: 1024K(1536K)->992K(1536K)
[316.517s][info][gc,heap        ] GC(2552) ParOldGen: 10835K(349696K)->10899K(349696K)
[316.517s][info][gc,metaspace   ] GC(2552) Metaspace: 14411K(15296K)->14411K(15296K) NonClass: 12430K(12928K)->12430K(12928K) Class: 1981K(2368K)->1981K(2368K)
[316.518s][info][gc             ] GC(2552) Pause Young (Allocation Failure) 179M->11M(510M) 2.660ms
[316.518s][info][gc,cpu         ] GC(2552) User=0.00s Sys=0.00s Real=0.00s
[316.643s][info][gc,start       ] GC(2553) Pause Young (Allocation Failure)
[316.645s][info][gc,heap        ] GC(2553) PSYoungGen: 172512K(173056K)->960K(173056K) Eden: 171520K(171520K)->0K(171520K) From: 992K(1536K)->960K(1536K)
[316.646s][info][gc,heap        ] GC(2553) ParOldGen: 10899K(349696K)->10947K(349696K)
[316.646s][info][gc,metaspace   ] GC(2553) Metaspace: 14411K(15296K)->14411K(15296K) NonClass: 12430K(12928K)->12430K(12928K) Class: 1981K(2368K)->1981K(2368K)
[316.646s][info][gc             ] GC(2553) Pause Young (Allocation Failure) 179M->11M(510M) 2.655ms
[316.646s][info][gc,cpu         ] GC(2553) User=0.52s Sys=0.00s Real=0.00s
[316.768s][info][gc,start       ] GC(2554) Pause Young (Allocation Failure)
[316.771s][info][gc,heap        ] GC(2554) PSYoungGen: 172480K(173056K)->960K(173056K) Eden: 171520K(171520K)->0K(171520K) From: 960K(1536K)->960K(1536K)
[316.771s][info][gc,heap        ] GC(2554) ParOldGen: 10947K(349696K)->10979K(349696K)
[316.771s][info][gc,metaspace   ] GC(2554) Metaspace: 14411K(15296K)->14411K(15296K) NonClass: 12430K(12928K)->12430K(12928K) Class: 1981K(2368K)->1981K(2368K)
[316.771s][info][gc             ] GC(2554) Pause Young (Allocation Failure) 179M->11M(510M) 2.582ms
[316.771s][info][gc,cpu         ] GC(2554) User=0.52s Sys=0.00s Real=0.00s
[316.902s][info][gc,start       ] GC(2555) Pause Young (Allocation Failure)
[316.905s][info][gc,heap        ] GC(2555) PSYoungGen: 172480K(173056K)->1024K(173056K) Eden: 171520K(171520K)->0K(171520K) From: 960K(1536K)->1024K(1536K)
[316.905s][info][gc,heap        ] GC(2555) ParOldGen: 10979K(349696K)->11035K(349696K)
[316.905s][info][gc,metaspace   ] GC(2555) Metaspace: 14411K(15296K)->14411K(15296K) NonClass: 12430K(12928K)->12430K(12928K) Class: 1981K(2368K)->1981K(2368K)
[316.905s][info][gc             ] GC(2555) Pause Young (Allocation Failure) 179M->11M(510M) 2.604ms
[316.905s][info][gc,cpu         ] GC(2555) User=0.00s Sys=0.00s Real=0.00s
[317.038s][info][gc,start       ] GC(2556) Pause Young (Allocation Failure)
[317.040s][info][gc,heap        ] GC(2556) PSYoungGen: 172544K(173056K)->896K(173056K) Eden: 171520K(171520K)->0K(171520K) From: 1024K(1536K)->896K(1536K)
[317.040s][info][gc,heap        ] GC(2556) ParOldGen: 11035K(349696K)->11091K(349696K)
[317.040s][info][gc,metaspace   ] GC(2556) Metaspace: 14411K(15296K)->14411K(15296K) NonClass: 12430K(12928K)->12430K(12928K) Class: 1981K(2368K)->1981K(2368K)
[317.040s][info][gc             ] GC(2556) Pause Young (Allocation Failure) 179M->11M(510M) 2.359ms
[317.040s][info][gc,cpu         ] GC(2556) User=0.00s Sys=0.00s Real=0.00s
[317.164s][info][gc,start       ] GC(2557) Pause Young (Allocation Failure)
[317.166s][info][gc,heap        ] GC(2557) PSYoungGen: 172416K(173056K)->928K(173056K) Eden: 171520K(171520K)->0K(171520K) From: 896K(1536K)->928K(1536K)
[317.166s][info][gc,heap        ] GC(2557) ParOldGen: 11091K(349696K)->11139K(349696K)
[317.166s][info][gc,metaspace   ] GC(2557) Metaspace: 14411K(15296K)->14411K(15296K) NonClass: 12430K(12928K)->12430K(12928K) Class: 1981K(2368K)->1981K(2368K)
[317.166s][info][gc             ] GC(2557) Pause Young (Allocation Failure) 179M->11M(510M) 2.439ms
[317.166s][info][gc,cpu         ] GC(2557) User=0.00s Sys=0.00s Real=0.00s
[317.288s][info][gc,start       ] GC(2558) Pause Young (Allocation Failure)
[317.290s][info][gc,heap        ] GC(2558) PSYoungGen: 172448K(173056K)->992K(173056K) Eden: 171520K(171520K)->0K(171520K) From: 928K(1536K)->992K(1536K)
[317.290s][info][gc,heap        ] GC(2558) ParOldGen: 11139K(349696K)->11179K(349696K)
[317.290s][info][gc,metaspace   ] GC(2558) Metaspace: 14411K(15296K)->14411K(15296K) NonClass: 12430K(12928K)->12430K(12928K) Class: 1981K(2368K)->1981K(2368K)
[317.290s][info][gc             ] GC(2558) Pause Young (Allocation Failure) 179M->11M(510M) 2.408ms
[317.291s][info][gc,cpu         ] GC(2558) User=0.00s Sys=0.00s Real=0.00s
[317.412s][info][gc,start       ] GC(2559) Pause Young (Allocation Failure)
[317.414s][info][gc,heap        ] GC(2559) PSYoungGen: 172512K(173056K)->992K(173056K) Eden: 171520K(171520K)->0K(171520K) From: 992K(1536K)->992K(1536K)
[317.414s][info][gc,heap        ] GC(2559) ParOldGen: 11179K(349696K)->11227K(349696K)
[317.414s][info][gc,metaspace   ] GC(2559) Metaspace: 14411K(15296K)->14411K(15296K) NonClass: 12430K(12928K)->12430K(12928K) Class: 1981K(2368K)->1981K(2368K)
[317.414s][info][gc             ] GC(2559) Pause Young (Allocation Failure) 179M->11M(510M) 2.478ms
[317.414s][info][gc,cpu         ] GC(2559) User=0.00s Sys=0.00s Real=0.00s
[317.535s][info][gc,start       ] GC(2560) Pause Young (Allocation Failure)
[317.538s][info][gc,heap        ] GC(2560) PSYoungGen: 172512K(173056K)->1024K(173056K) Eden: 171520K(171520K)->0K(171520K) From: 992K(1536K)->1024K(1536K)
[317.538s][info][gc,heap        ] GC(2560) ParOldGen: 11227K(349696K)->11311K(349696K)
[317.538s][info][gc,metaspace   ] GC(2560) Metaspace: 14411K(15296K)->14411K(15296K) NonClass: 12430K(12928K)->12430K(12928K) Class: 1981K(2368K)->1981K(2368K)
[317.538s][info][gc             ] GC(2560) Pause Young (Allocation Failure) 179M->12M(510M) 2.538ms
[317.538s][info][gc,cpu         ] GC(2560) User=0.52s Sys=0.00s Real=0.00s
[317.659s][info][gc,start       ] GC(2561) Pause Young (Allocation Failure)
[317.661s][info][gc,heap        ] GC(2561) PSYoungGen: 172544K(173056K)->1024K(173056K) Eden: 171520K(171520K)->0K(171520K) From: 1024K(1536K)->1024K(1536K)
[317.661s][info][gc,heap        ] GC(2561) ParOldGen: 11311K(349696K)->11367K(349696K)
[317.661s][info][gc,metaspace   ] GC(2561) Metaspace: 14411K(15296K)->14411K(15296K) NonClass: 12430K(12928K)->12430K(12928K) Class: 1981K(2368K)->1981K(2368K)
[317.661s][info][gc             ] GC(2561) Pause Young (Allocation Failure) 179M->12M(510M) 2.552ms
[317.661s][info][gc,cpu         ] GC(2561) User=0.52s Sys=0.00s Real=0.00s
[317.784s][info][gc,start       ] GC(2562) Pause Young (Allocation Failure)
[317.787s][info][gc,heap        ] GC(2562) PSYoungGen: 172544K(173056K)->1024K(173056K) Eden: 171520K(171520K)->0K(171520K) From: 1024K(1536K)->1024K(1536K)
[317.787s][info][gc,heap        ] GC(2562) ParOldGen: 11367K(349696K)->11399K(349696K)
[317.787s][info][gc,metaspace   ] GC(2562) Metaspace: 14411K(15296K)->14411K(15296K) NonClass: 12430K(12928K)->12430K(12928K) Class: 1981K(2368K)->1981K(2368K)
[317.787s][info][gc             ] GC(2562) Pause Young (Allocation Failure) 179M->12M(510M) 2.561ms
[317.787s][info][gc,cpu         ] GC(2562) User=0.52s Sys=0.00s Real=0.00s
[317.907s][info][gc,start       ] GC(2563) Pause Young (Allocation Failure)
[317.910s][info][gc,heap        ] GC(2563) PSYoungGen: 172544K(173056K)->960K(173056K) Eden: 171520K(171520K)->0K(171520K) From: 1024K(1536K)->960K(1536K)
[317.910s][info][gc,heap        ] GC(2563) ParOldGen: 11399K(349696K)->11471K(349696K)
[317.910s][info][gc,metaspace   ] GC(2563) Metaspace: 14411K(15296K)->14411K(15296K) NonClass: 12430K(12928K)->12430K(12928K) Class: 1981K(2368K)->1981K(2368K)
[317.910s][info][gc             ] GC(2563) Pause Young (Allocation Failure) 179M->12M(510M) 2.557ms
[317.910s][info][gc,cpu         ] GC(2563) User=0.00s Sys=0.00s Real=0.00s
[318.029s][info][gc,start       ] GC(2564) Pause Young (Allocation Failure)
[318.032s][info][gc,heap        ] GC(2564) PSYoungGen: 172480K(173056K)->960K(173056K) Eden: 171520K(171520K)->0K(171520K) From: 960K(1536K)->960K(1536K)
[318.032s][info][gc,heap        ] GC(2564) ParOldGen: 11471K(349696K)->11519K(349696K)
[318.032s][info][gc,metaspace   ] GC(2564) Metaspace: 14411K(15296K)->14411K(15296K) NonClass: 12430K(12928K)->12430K(12928K) Class: 1981K(2368K)->1981K(2368K)
[318.032s][info][gc             ] GC(2564) Pause Young (Allocation Failure) 179M->12M(510M) 2.584ms
[318.032s][info][gc,cpu         ] GC(2564) User=0.00s Sys=0.00s Real=0.00s
[318.152s][info][gc,start       ] GC(2565) Pause Young (Allocation Failure)
[318.155s][info][gc,heap        ] GC(2565) PSYoungGen: 172480K(173056K)->1024K(173056K) Eden: 171520K(171520K)->0K(171520K) From: 960K(1536K)->1024K(1536K)
[318.155s][info][gc,heap        ] GC(2565) ParOldGen: 11519K(349696K)->11567K(349696K)
[318.155s][info][gc,metaspace   ] GC(2565) Metaspace: 14411K(15296K)->14411K(15296K) NonClass: 12430K(12928K)->12430K(12928K) Class: 1981K(2368K)->1981K(2368K)
[318.155s][info][gc             ] GC(2565) Pause Young (Allocation Failure) 179M->12M(510M) 2.653ms
[318.155s][info][gc,cpu         ] GC(2565) User=0.00s Sys=0.00s Real=0.00s
[318.277s][info][gc,start       ] GC(2566) Pause Young (Allocation Failure)
[318.280s][info][gc,heap        ] GC(2566) PSYoungGen: 172544K(173056K)->960K(173056K) Eden: 171520K(171520K)->0K(171520K) From: 1024K(1536K)->960K(1536K)
[318.280s][info][gc,heap        ] GC(2566) ParOldGen: 11567K(349696K)->11623K(349696K)
[318.280s][info][gc,metaspace   ] GC(2566) Metaspace: 14411K(15296K)->14411K(15296K) NonClass: 12430K(12928K)->12430K(12928K) Class: 1981K(2368K)->1981K(2368K)
[318.280s][info][gc             ] GC(2566) Pause Young (Allocation Failure) 179M->12M(510M) 2.651ms
[318.280s][info][gc,cpu         ] GC(2566) User=0.00s Sys=0.00s Real=0.00s
[318.403s][info][gc,start       ] GC(2567) Pause Young (Allocation Failure)
[318.405s][info][gc,heap        ] GC(2567) PSYoungGen: 172480K(173056K)->992K(173056K) Eden: 171520K(171520K)->0K(171520K) From: 960K(1536K)->992K(1536K)
[318.405s][info][gc,heap        ] GC(2567) ParOldGen: 11623K(349696K)->11671K(349696K)
[318.405s][info][gc,metaspace   ] GC(2567) Metaspace: 14411K(15296K)->14411K(15296K) NonClass: 12430K(12928K)->12430K(12928K) Class: 1981K(2368K)->1981K(2368K)
[318.405s][info][gc             ] GC(2567) Pause Young (Allocation Failure) 179M->12M(510M) 2.679ms
[318.405s][info][gc,cpu         ] GC(2567) User=0.00s Sys=0.00s Real=0.00s
[318.527s][info][gc,start       ] GC(2568) Pause Young (Allocation Failure)
[318.530s][info][gc,heap        ] GC(2568) PSYoungGen: 172512K(173056K)->992K(173056K) Eden: 171520K(171520K)->0K(171520K) From: 992K(1536K)->992K(1536K)
[318.530s][info][gc,heap        ] GC(2568) ParOldGen: 11671K(349696K)->11743K(349696K)
[318.530s][info][gc,metaspace   ] GC(2568) Metaspace: 14411K(15296K)->14411K(15296K) NonClass: 12430K(12928K)->12430K(12928K) Class: 1981K(2368K)->1981K(2368K)
[318.530s][info][gc             ] GC(2568) Pause Young (Allocation Failure) 179M->12M(510M) 2.693ms
[318.530s][info][gc,cpu         ] GC(2568) User=0.00s Sys=0.00s Real=0.00s
[318.651s][info][gc,start       ] GC(2569) Pause Young (Allocation Failure)
[318.654s][info][gc,heap        ] GC(2569) PSYoungGen: 172512K(173056K)->992K(173056K) Eden: 171520K(171520K)->0K(171520K) From: 992K(1536K)->992K(1536K)
[318.654s][info][gc,heap        ] GC(2569) ParOldGen: 11743K(349696K)->11807K(349696K)
[318.654s][info][gc,metaspace   ] GC(2569) Metaspace: 14411K(15296K)->14411K(15296K) NonClass: 12430K(12928K)->12430K(12928K) Class: 1981K(2368K)->1981K(2368K)
[318.654s][info][gc             ] GC(2569) Pause Young (Allocation Failure) 179M->12M(510M) 2.716ms
[318.654s][info][gc,cpu         ] GC(2569) User=0.00s Sys=0.00s Real=0.00s
[318.775s][info][gc,start       ] GC(2570) Pause Young (Allocation Failure)
[318.778s][info][gc,heap        ] GC(2570) PSYoungGen: 172512K(173056K)->992K(173056K) Eden: 171520K(171520K)->0K(171520K) From: 992K(1536K)->992K(1536K)
[318.778s][info][gc,heap        ] GC(2570) ParOldGen: 11807K(349696K)->11839K(349696K)
[318.778s][info][gc,metaspace   ] GC(2570) Metaspace: 14411K(15296K)->14411K(15296K) NonClass: 12430K(12928K)->12430K(12928K) Class: 1981K(2368K)->1981K(2368K)
[318.778s][info][gc             ] GC(2570) Pause Young (Allocation Failure) 179M->12M(510M) 2.766ms
[318.778s][info][gc,cpu         ] GC(2570) User=0.00s Sys=0.00s Real=0.00s
[318.898s][info][gc,start       ] GC(2571) Pause Young (Allocation Failure)
[318.901s][info][gc,heap        ] GC(2571) PSYoungGen: 172512K(173056K)->992K(173056K) Eden: 171520K(171520K)->0K(171520K) From: 992K(1536K)->992K(1536K)
[318.901s][info][gc,heap        ] GC(2571) ParOldGen: 11839K(349696K)->11879K(349696K)
[318.901s][info][gc,metaspace   ] GC(2571) Metaspace: 14411K(15296K)->14411K(15296K) NonClass: 12430K(12928K)->12430K(12928K) Class: 1981K(2368K)->1981K(2368K)
[318.901s][info][gc             ] GC(2571) Pause Young (Allocation Failure) 180M->12M(510M) 2.795ms
[318.901s][info][gc,cpu         ] GC(2571) User=0.00s Sys=0.00s Real=0.00s
[319.022s][info][gc,start       ] GC(2572) Pause Young (Allocation Failure)
[319.024s][info][gc,heap        ] GC(2572) PSYoungGen: 172512K(173056K)->960K(173056K) Eden: 171520K(171520K)->0K(171520K) From: 992K(1536K)->960K(1536K)
[319.024s][info][gc,heap        ] GC(2572) ParOldGen: 11879K(349696K)->11927K(349696K)
[319.024s][info][gc,metaspace   ] GC(2572) Metaspace: 14411K(15296K)->14411K(15296K) NonClass: 12430K(12928K)->12430K(12928K) Class: 1981K(2368K)->1981K(2368K)
[319.024s][info][gc             ] GC(2572) Pause Young (Allocation Failure) 180M->12M(510M) 2.826ms
[319.024s][info][gc,cpu         ] GC(2572) User=0.00s Sys=0.00s Real=0.00s
[319.143s][info][gc,start       ] GC(2573) Pause Young (Allocation Failure)
[319.146s][info][gc,heap        ] GC(2573) PSYoungGen: 172480K(173056K)->1024K(173056K) Eden: 171520K(171520K)->0K(171520K) From: 960K(1536K)->1024K(1536K)
[319.146s][info][gc,heap        ] GC(2573) ParOldGen: 11927K(349696K)->11975K(349696K)
[319.146s][info][gc,metaspace   ] GC(2573) Metaspace: 14411K(15296K)->14411K(15296K) NonClass: 12430K(12928K)->12430K(12928K) Class: 1981K(2368K)->1981K(2368K)
[319.146s][info][gc             ] GC(2573) Pause Young (Allocation Failure) 180M->12M(510M) 2.846ms
[319.146s][info][gc,cpu         ] GC(2573) User=0.52s Sys=0.00s Real=0.00s
[319.265s][info][gc,start       ] GC(2574) Pause Young (Allocation Failure)
[319.268s][info][gc,heap        ] GC(2574) PSYoungGen: 172544K(173056K)->1024K(173056K) Eden: 171520K(171520K)->0K(171520K) From: 1024K(1536K)->1024K(1536K)
[319.268s][info][gc,heap        ] GC(2574) ParOldGen: 11975K(349696K)->12015K(349696K)
[319.268s][info][gc,metaspace   ] GC(2574) Metaspace: 14411K(15296K)->14411K(15296K) NonClass: 12430K(12928K)->12430K(12928K) Class: 1981K(2368K)->1981K(2368K)
[319.268s][info][gc             ] GC(2574) Pause Young (Allocation Failure) 180M->12M(510M) 2.838ms
[319.268s][info][gc,cpu         ] GC(2574) User=0.00s Sys=0.00s Real=0.00s
[319.385s][info][gc,start       ] GC(2575) Pause Young (Allocation Failure)
[319.388s][info][gc,heap        ] GC(2575) PSYoungGen: 172543K(173056K)->928K(173056K) Eden: 171519K(171520K)->0K(171520K) From: 1024K(1536K)->928K(1536K)
[319.388s][info][gc,heap        ] GC(2575) ParOldGen: 12015K(349696K)->12095K(349696K)
[319.388s][info][gc,metaspace   ] GC(2575) Metaspace: 14411K(15296K)->14411K(15296K) NonClass: 12430K(12928K)->12430K(12928K) Class: 1981K(2368K)->1981K(2368K)
[319.388s][info][gc             ] GC(2575) Pause Young (Allocation Failure) 180M->12M(510M) 2.867ms
[319.388s][info][gc,cpu         ] GC(2575) User=0.00s Sys=0.00s Real=0.00s
[319.504s][info][gc,start       ] GC(2576) Pause Young (Allocation Failure)
[319.507s][info][gc,heap        ] GC(2576) PSYoungGen: 172448K(173056K)->992K(173056K) Eden: 171520K(171520K)->0K(171520K) From: 928K(1536K)->992K(1536K)
[319.507s][info][gc,heap        ] GC(2576) ParOldGen: 12095K(349696K)->12143K(349696K)
[319.507s][info][gc,metaspace   ] GC(2576) Metaspace: 14411K(15296K)->14411K(15296K) NonClass: 12430K(12928K)->12430K(12928K) Class: 1981K(2368K)->1981K(2368K)
[319.507s][info][gc             ] GC(2576) Pause Young (Allocation Failure) 180M->12M(510M) 2.915ms
[319.507s][info][gc,cpu         ] GC(2576) User=0.00s Sys=0.00s Real=0.00s
[319.622s][info][gc,start       ] GC(2577) Pause Young (Allocation Failure)
[319.625s][info][gc,heap        ] GC(2577) PSYoungGen: 172512K(173056K)->928K(173056K) Eden: 171520K(171520K)->0K(171520K) From: 992K(1536K)->928K(1536K)
[319.625s][info][gc,heap        ] GC(2577) ParOldGen: 12143K(349696K)->12191K(349696K)
[319.625s][info][gc,metaspace   ] GC(2577) Metaspace: 14411K(15296K)->14411K(15296K) NonClass: 12430K(12928K)->12430K(12928K) Class: 1981K(2368K)->1981K(2368K)
[319.625s][info][gc             ] GC(2577) Pause Young (Allocation Failure) 180M->12M(510M) 2.929ms
[319.625s][info][gc,cpu         ] GC(2577) User=0.00s Sys=0.00s Real=0.00s
[319.737s][info][gc,start       ] GC(2578) Pause Young (Allocation Failure)
[319.740s][info][gc,heap        ] GC(2578) PSYoungGen: 172448K(173056K)->864K(173056K) Eden: 171520K(171520K)->0K(171520K) From: 928K(1536K)->864K(1536K)
[319.740s][info][gc,heap        ] GC(2578) ParOldGen: 12191K(349696K)->12247K(349696K)
[319.740s][info][gc,metaspace   ] GC(2578) Metaspace: 14411K(15296K)->14411K(15296K) NonClass: 12430K(12928K)->12430K(12928K) Class: 1981K(2368K)->1981K(2368K)
[319.740s][info][gc             ] GC(2578) Pause Young (Allocation Failure) 180M->12M(510M) 2.966ms
[319.740s][info][gc,cpu         ] GC(2578) User=0.52s Sys=0.00s Real=0.00s
[319.852s][info][gc,start       ] GC(2579) Pause Young (Allocation Failure)
[319.855s][info][gc,heap        ] GC(2579) PSYoungGen: 172384K(173056K)->960K(173056K) Eden: 171520K(171520K)->0K(171520K) From: 864K(1536K)->960K(1536K)
[319.855s][info][gc,heap        ] GC(2579) ParOldGen: 12247K(349696K)->12279K(349696K)
[319.855s][info][gc,metaspace   ] GC(2579) Metaspace: 14411K(15296K)->14411K(15296K) NonClass: 12430K(12928K)->12430K(12928K) Class: 1981K(2368K)->1981K(2368K)
[319.855s][info][gc             ] GC(2579) Pause Young (Allocation Failure) 180M->12M(510M) 2.954ms
[319.855s][info][gc,cpu         ] GC(2579) User=0.00s Sys=0.00s Real=0.00s
[320.091s][info][gc,start       ] GC(2580) Pause Young (Allocation Failure)
[320.095s][info][gc,heap        ] GC(2580) PSYoungGen: 172480K(173056K)->864K(173056K) Eden: 171520K(171520K)->0K(171520K) From: 960K(1536K)->864K(1536K)
[320.095s][info][gc,heap        ] GC(2580) ParOldGen: 12279K(349696K)->12319K(349696K)
[320.095s][info][gc,metaspace   ] GC(2580) Metaspace: 14411K(15296K)->14411K(15296K) NonClass: 12430K(12928K)->12430K(12928K) Class: 1981K(2368K)->1981K(2368K)
[320.095s][info][gc             ] GC(2580) Pause Young (Allocation Failure) 180M->12M(510M) 3.856ms
[320.095s][info][gc,cpu         ] GC(2580) User=0.00s Sys=0.00s Real=0.00s
[320.194s][info][gc,start       ] GC(2581) Pause Young (Allocation Failure)
[320.197s][info][gc,heap        ] GC(2581) PSYoungGen: 172384K(173056K)->864K(173056K) Eden: 171520K(171520K)->0K(171520K) From: 864K(1536K)->864K(1536K)
[320.197s][info][gc,heap        ] GC(2581) ParOldGen: 12319K(349696K)->12359K(349696K)
[320.197s][info][gc,metaspace   ] GC(2581) Metaspace: 14411K(15296K)->14411K(15296K) NonClass: 12430K(12928K)->12430K(12928K) Class: 1981K(2368K)->1981K(2368K)
[320.197s][info][gc             ] GC(2581) Pause Young (Allocation Failure) 180M->12M(510M) 2.977ms
[320.197s][info][gc,cpu         ] GC(2581) User=0.00s Sys=0.00s Real=0.00s
[320.265s][info][gc,start       ] GC(2582) Pause Young (Allocation Failure)
[320.268s][info][gc,heap        ] GC(2582) PSYoungGen: 172384K(173056K)->864K(173056K) Eden: 171520K(171520K)->0K(171520K) From: 864K(1536K)->864K(1536K)
[320.268s][info][gc,heap        ] GC(2582) ParOldGen: 12359K(349696K)->12391K(349696K)
[320.268s][info][gc,metaspace   ] GC(2582) Metaspace: 14411K(15296K)->14411K(15296K) NonClass: 12430K(12928K)->12430K(12928K) Class: 1981K(2368K)->1981K(2368K)
[320.268s][info][gc             ] GC(2582) Pause Young (Allocation Failure) 180M->12M(510M) 2.805ms
[320.268s][info][gc,cpu         ] GC(2582) User=0.00s Sys=0.00s Real=0.00s
[320.347s][info][gc,start       ] GC(2583) Pause Young (Allocation Failure)
[320.350s][info][gc,heap        ] GC(2583) PSYoungGen: 172384K(173056K)->704K(173056K) Eden: 171520K(171520K)->0K(171520K) From: 864K(1536K)->704K(1536K)
[320.350s][info][gc,heap        ] GC(2583) ParOldGen: 12391K(349696K)->12431K(349696K)
[320.350s][info][gc,metaspace   ] GC(2583) Metaspace: 14411K(15296K)->14411K(15296K) NonClass: 12430K(12928K)->12430K(12928K) Class: 1981K(2368K)->1981K(2368K)
[320.350s][info][gc             ] GC(2583) Pause Young (Allocation Failure) 180M->12M(510M) 2.621ms
[320.350s][info][gc,cpu         ] GC(2583) User=0.52s Sys=0.00s Real=0.00s
[320.527s][info][gc,start       ] GC(2584) Pause Young (Allocation Failure)
[320.529s][info][gc,heap        ] GC(2584) PSYoungGen: 172224K(173056K)->384K(173056K) Eden: 171520K(171520K)->0K(171520K) From: 704K(1536K)->384K(1536K)
[320.529s][info][gc,heap        ] GC(2584) ParOldGen: 12431K(349696K)->12487K(349696K)
[320.530s][info][gc,metaspace   ] GC(2584) Metaspace: 14411K(15296K)->14411K(15296K) NonClass: 12430K(12928K)->12430K(12928K) Class: 1981K(2368K)->1981K(2368K)
[320.530s][info][gc             ] GC(2584) Pause Young (Allocation Failure) 180M->12M(510M) 2.891ms
[320.530s][info][gc,cpu         ] GC(2584) User=0.00s Sys=0.00s Real=0.00s
[320.550s][info][gc,start       ] GC(2585) Pause Young (System.gc())
[320.552s][info][gc,heap        ] GC(2585) PSYoungGen: 5045K(173056K)->96K(173056K) Eden: 4661K(171520K)->0K(171520K) From: 384K(1536K)->96K(1536K)
[320.552s][info][gc,heap        ] GC(2585) ParOldGen: 12487K(349696K)->12543K(349696K)
[320.552s][info][gc,metaspace   ] GC(2585) Metaspace: 14411K(15296K)->14411K(15296K) NonClass: 12430K(12928K)->12430K(12928K) Class: 1981K(2368K)->1981K(2368K)
[320.552s][info][gc             ] GC(2585) Pause Young (System.gc()) 17M->12M(510M) 2.645ms
[320.553s][info][gc,cpu         ] GC(2585) User=0.00s Sys=0.00s Real=0.00s
[320.553s][info][gc,start       ] GC(2586) Pause Full (System.gc())
[320.553s][info][gc,phases,start] GC(2586) Marking Phase
[320.564s][info][gc,phases      ] GC(2586) Marking Phase 11.411ms
[320.564s][info][gc,phases,start] GC(2586) Summary Phase
[320.564s][info][gc,phases      ] GC(2586) Summary Phase 0.019ms
[320.564s][info][gc,phases,start] GC(2586) Adjust Roots
[320.570s][info][gc,phases      ] GC(2586) Adjust Roots 6.025ms
[320.570s][info][gc,phases,start] GC(2586) Compaction Phase
[320.572s][info][gc,phases      ] GC(2586) Compaction Phase 1.849ms
[320.572s][info][gc,phases,start] GC(2586) Post Compact
[320.572s][info][gc,phases      ] GC(2586) Post Compact 0.231ms
[320.572s][info][gc,heap        ] GC(2586) PSYoungGen: 96K(173056K)->0K(173056K) Eden: 0K(171520K)->0K(171520K) From: 96K(1536K)->0K(1536K)
[320.573s][info][gc,heap        ] GC(2586) ParOldGen: 12543K(349696K)->5384K(349696K)
[320.573s][info][gc,metaspace   ] GC(2586) Metaspace: 14411K(15296K)->14411K(15296K) NonClass: 12430K(12928K)->12430K(12928K) Class: 1981K(2368K)->1981K(2368K)
[320.573s][info][gc             ] GC(2586) Pause Full (System.gc()) 12M->5M(510M) 19.907ms
[320.573s][info][gc,cpu         ] GC(2586) User=0.00s Sys=0.02s Real=0.02s
[320.720s][info][gc,start       ] GC(2587) Pause Young (Allocation Failure)
[320.723s][info][gc,heap        ] GC(2587) PSYoungGen: 171520K(173056K)->1536K(173056K) Eden: 171520K(171520K)->0K(171520K) From: 0K(1536K)->1536K(1536K)
[320.723s][info][gc,heap        ] GC(2587) ParOldGen: 5384K(349696K)->5566K(349696K)
[320.723s][info][gc,metaspace   ] GC(2587) Metaspace: 14411K(15296K)->14411K(15296K) NonClass: 12430K(12928K)->12430K(12928K) Class: 1981K(2368K)->1981K(2368K)
[320.723s][info][gc             ] GC(2587) Pause Young (Allocation Failure) 172M->6M(510M) 2.595ms
[320.723s][info][gc,cpu         ] GC(2587) User=0.02s Sys=0.00s Real=0.00s
[320.838s][info][gc,start       ] GC(2588) Pause Young (Allocation Failure)
[320.840s][info][gc,heap        ] GC(2588) PSYoungGen: 173056K(173056K)->1024K(172032K) Eden: 171520K(171520K)->0K(170496K) From: 1536K(1536K)->1024K(1536K)
[320.841s][info][gc,heap        ] GC(2588) ParOldGen: 5566K(349696K)->7079K(349696K)
[320.841s][info][gc,metaspace   ] GC(2588) Metaspace: 14411K(15296K)->14411K(15296K) NonClass: 12430K(12928K)->12430K(12928K) Class: 1981K(2368K)->1981K(2368K)
[320.841s][info][gc             ] GC(2588) Pause Young (Allocation Failure) 174M->7M(509M) 2.634ms
[320.841s][info][gc,cpu         ] GC(2588) User=0.00s Sys=0.00s Real=0.00s
[320.963s][info][gc,start       ] GC(2589) Pause Young (Allocation Failure)
[320.969s][info][gc,heap        ] GC(2589) PSYoungGen: 171520K(172032K)->1024K(172544K) Eden: 170496K(170496K)->0K(170496K) From: 1024K(1536K)->1024K(2048K)
[320.969s][info][gc,heap        ] GC(2589) ParOldGen: 7079K(349696K)->7143K(349696K)
[320.969s][info][gc,metaspace   ] GC(2589) Metaspace: 14411K(15296K)->14411K(15296K) NonClass: 12430K(12928K)->12430K(12928K) Class: 1981K(2368K)->1981K(2368K)
[320.969s][info][gc             ] GC(2589) Pause Young (Allocation Failure) 174M->7M(510M) 6.068ms
[320.969s][info][gc,cpu         ] GC(2589) User=0.00s Sys=0.00s Real=0.01s
[321.090s][info][gc,start       ] GC(2590) Pause Young (Allocation Failure)
[321.092s][info][gc,heap        ] GC(2590) PSYoungGen: 171520K(172544K)->1024K(171520K) Eden: 170496K(170496K)->0K(170496K) From: 1024K(2048K)->1024K(1024K)
[321.092s][info][gc,heap        ] GC(2590) ParOldGen: 7143K(349696K)->7223K(349696K)
[321.092s][info][gc,metaspace   ] GC(2590) Metaspace: 14411K(15296K)->14411K(15296K) NonClass: 12430K(12928K)->12430K(12928K) Class: 1981K(2368K)->1981K(2368K)
[321.092s][info][gc             ] GC(2590) Pause Young (Allocation Failure) 174M->8M(509M) 2.563ms
[321.092s][info][gc,cpu         ] GC(2590) User=0.00s Sys=0.00s Real=0.00s
[321.213s][info][gc,start       ] GC(2591) Pause Young (Allocation Failure)
[321.216s][info][gc,heap        ] GC(2591) PSYoungGen: 171520K(171520K)->1024K(172032K) Eden: 170496K(170496K)->0K(170496K) From: 1024K(1024K)->1024K(1536K)
[321.216s][info][gc,heap        ] GC(2591) ParOldGen: 7223K(349696K)->7327K(349696K)
[321.216s][info][gc,metaspace   ] GC(2591) Metaspace: 14411K(15296K)->14411K(15296K) NonClass: 12430K(12928K)->12430K(12928K) Class: 1981K(2368K)->1981K(2368K)
[321.216s][info][gc             ] GC(2591) Pause Young (Allocation Failure) 174M->8M(509M) 2.580ms
[321.216s][info][gc,cpu         ] GC(2591) User=0.00s Sys=0.00s Real=0.00s
[321.338s][info][gc,start       ] GC(2592) Pause Young (Allocation Failure)
[321.340s][info][gc,heap        ] GC(2592) PSYoungGen: 171520K(172032K)->1056K(173056K) Eden: 170496K(170496K)->0K(171520K) From: 1024K(1536K)->1056K(1536K)
[321.340s][info][gc,heap        ] GC(2592) ParOldGen: 7327K(349696K)->7375K(349696K)
[321.340s][info][gc,metaspace   ] GC(2592) Metaspace: 14411K(15296K)->14411K(15296K) NonClass: 12430K(12928K)->12430K(12928K) Class: 1981K(2368K)->1981K(2368K)
[321.340s][info][gc             ] GC(2592) Pause Young (Allocation Failure) 174M->8M(510M) 2.609ms
[321.340s][info][gc,cpu         ] GC(2592) User=0.00s Sys=0.00s Real=0.00s
[321.462s][info][gc,start       ] GC(2593) Pause Young (Allocation Failure)
[321.464s][info][gc,heap        ] GC(2593) PSYoungGen: 172576K(173056K)->992K(173056K) Eden: 171520K(171520K)->0K(171520K) From: 1056K(1536K)->992K(1536K)
[321.464s][info][gc,heap        ] GC(2593) ParOldGen: 7375K(349696K)->7423K(349696K)
[321.464s][info][gc,metaspace   ] GC(2593) Metaspace: 14411K(15296K)->14411K(15296K) NonClass: 12430K(12928K)->12430K(12928K) Class: 1981K(2368K)->1981K(2368K)
[321.464s][info][gc             ] GC(2593) Pause Young (Allocation Failure) 175M->8M(510M) 2.598ms
[321.464s][info][gc,cpu         ] GC(2593) User=0.00s Sys=0.00s Real=0.00s
[321.588s][info][gc,start       ] GC(2594) Pause Young (Allocation Failure)
[321.591s][info][gc,heap        ] GC(2594) PSYoungGen: 172512K(173056K)->992K(173056K) Eden: 171520K(171520K)->0K(171520K) From: 992K(1536K)->992K(1536K)
[321.591s][info][gc,heap        ] GC(2594) ParOldGen: 7423K(349696K)->7479K(349696K)
[321.591s][info][gc,metaspace   ] GC(2594) Metaspace: 14411K(15296K)->14411K(15296K) NonClass: 12430K(12928K)->12430K(12928K) Class: 1981K(2368K)->1981K(2368K)
[321.591s][info][gc             ] GC(2594) Pause Young (Allocation Failure) 175M->8M(510M) 2.655ms
[321.591s][info][gc,cpu         ] GC(2594) User=0.00s Sys=0.00s Real=0.00s
[321.711s][info][gc,start       ] GC(2595) Pause Young (Allocation Failure)
[321.714s][info][gc,heap        ] GC(2595) PSYoungGen: 172512K(173056K)->1024K(173056K) Eden: 171520K(171520K)->0K(171520K) From: 992K(1536K)->1024K(1536K)
[321.714s][info][gc,heap        ] GC(2595) ParOldGen: 7479K(349696K)->7519K(349696K)
[321.714s][info][gc,metaspace   ] GC(2595) Metaspace: 14411K(15296K)->14411K(15296K) NonClass: 12430K(12928K)->12430K(12928K) Class: 1981K(2368K)->1981K(2368K)
[321.714s][info][gc             ] GC(2595) Pause Young (Allocation Failure) 175M->8M(510M) 2.684ms
[321.714s][info][gc,cpu         ] GC(2595) User=0.00s Sys=0.00s Real=0.00s
[321.837s][info][gc,start       ] GC(2596) Pause Young (Allocation Failure)
[321.839s][info][gc,heap        ] GC(2596) PSYoungGen: 172544K(173056K)->992K(173056K) Eden: 171520K(171520K)->0K(171520K) From: 1024K(1536K)->992K(1536K)
[321.839s][info][gc,heap        ] GC(2596) ParOldGen: 7519K(349696K)->7615K(349696K)
[321.839s][info][gc,metaspace   ] GC(2596) Metaspace: 14411K(15296K)->14411K(15296K) NonClass: 12430K(12928K)->12430K(12928K) Class: 1981K(2368K)->1981K(2368K)
[321.839s][info][gc             ] GC(2596) Pause Young (Allocation Failure) 175M->8M(510M) 2.693ms
[321.839s][info][gc,cpu         ] GC(2596) User=0.00s Sys=0.00s Real=0.00s
[321.960s][info][gc,start       ] GC(2597) Pause Young (Allocation Failure)
[321.963s][info][gc,heap        ] GC(2597) PSYoungGen: 172512K(173056K)->992K(173056K) Eden: 171520K(171520K)->0K(171520K) From: 992K(1536K)->992K(1536K)
[321.963s][info][gc,heap        ] GC(2597) ParOldGen: 7615K(349696K)->7671K(349696K)
[321.963s][info][gc,metaspace   ] GC(2597) Metaspace: 14411K(15296K)->14411K(15296K) NonClass: 12430K(12928K)->12430K(12928K) Class: 1981K(2368K)->1981K(2368K)
[321.963s][info][gc             ] GC(2597) Pause Young (Allocation Failure) 175M->8M(510M) 2.647ms
[321.963s][info][gc,cpu         ] GC(2597) User=0.00s Sys=0.00s Real=0.00s
[322.086s][info][gc,start       ] GC(2598) Pause Young (Allocation Failure)
[322.088s][info][gc,heap        ] GC(2598) PSYoungGen: 172512K(173056K)->992K(173056K) Eden: 171520K(171520K)->0K(171520K) From: 992K(1536K)->992K(1536K)
[322.088s][info][gc,heap        ] GC(2598) ParOldGen: 7671K(349696K)->7735K(349696K)
[322.088s][info][gc,metaspace   ] GC(2598) Metaspace: 14411K(15296K)->14411K(15296K) NonClass: 12430K(12928K)->12430K(12928K) Class: 1981K(2368K)->1981K(2368K)
[322.088s][info][gc             ] GC(2598) Pause Young (Allocation Failure) 175M->8M(510M) 2.711ms
[322.088s][info][gc,cpu         ] GC(2598) User=0.00s Sys=0.00s Real=0.00s
[322.211s][info][gc,start       ] GC(2599) Pause Young (Allocation Failure)
[322.213s][info][gc,heap        ] GC(2599) PSYoungGen: 172512K(173056K)->1024K(173056K) Eden: 171520K(171520K)->0K(171520K) From: 992K(1536K)->1024K(1536K)
[322.213s][info][gc,heap        ] GC(2599) ParOldGen: 7735K(349696K)->7799K(349696K)
[322.213s][info][gc,metaspace   ] GC(2599) Metaspace: 14411K(15296K)->14411K(15296K) NonClass: 12430K(12928K)->12430K(12928K) Class: 1981K(2368K)->1981K(2368K)
[322.213s][info][gc             ] GC(2599) Pause Young (Allocation Failure) 176M->8M(510M) 2.776ms
[322.213s][info][gc,cpu         ] GC(2599) User=0.00s Sys=0.00s Real=0.00s
[322.335s][info][gc,start       ] GC(2600) Pause Young (Allocation Failure)
[322.337s][info][gc,heap        ] GC(2600) PSYoungGen: 172544K(173056K)->992K(173056K) Eden: 171520K(171520K)->0K(171520K) From: 1024K(1536K)->992K(1536K)
[322.337s][info][gc,heap        ] GC(2600) ParOldGen: 7799K(349696K)->7847K(349696K)
[322.337s][info][gc,metaspace   ] GC(2600) Metaspace: 14411K(15296K)->14411K(15296K) NonClass: 12430K(12928K)->12430K(12928K) Class: 1981K(2368K)->1981K(2368K)
[322.337s][info][gc             ] GC(2600) Pause Young (Allocation Failure) 176M->8M(510M) 2.793ms
[322.337s][info][gc,cpu         ] GC(2600) User=0.00s Sys=0.00s Real=0.00s
[322.460s][info][gc,start       ] GC(2601) Pause Young (Allocation Failure)
[322.463s][info][gc,heap        ] GC(2601) PSYoungGen: 172512K(173056K)->992K(173056K) Eden: 171520K(171520K)->0K(171520K) From: 992K(1536K)->992K(1536K)
[322.463s][info][gc,heap        ] GC(2601) ParOldGen: 7847K(349696K)->7895K(349696K)
[322.463s][info][gc,metaspace   ] GC(2601) Metaspace: 14411K(15296K)->14411K(15296K) NonClass: 12430K(12928K)->12430K(12928K) Class: 1981K(2368K)->1981K(2368K)
[322.463s][info][gc             ] GC(2601) Pause Young (Allocation Failure) 176M->8M(510M) 2.806ms
[322.463s][info][gc,cpu         ] GC(2601) User=0.00s Sys=0.00s Real=0.00s
[322.586s][info][gc,start       ] GC(2602) Pause Young (Allocation Failure)
[322.589s][info][gc,heap        ] GC(2602) PSYoungGen: 172512K(173056K)->1024K(173056K) Eden: 171520K(171520K)->0K(171520K) From: 992K(1536K)->1024K(1536K)
[322.589s][info][gc,heap        ] GC(2602) ParOldGen: 7895K(349696K)->7943K(349696K)
[322.589s][info][gc,metaspace   ] GC(2602) Metaspace: 14411K(15296K)->14411K(15296K) NonClass: 12430K(12928K)->12430K(12928K) Class: 1981K(2368K)->1981K(2368K)
[322.589s][info][gc             ] GC(2602) Pause Young (Allocation Failure) 176M->8M(510M) 2.841ms
[322.589s][info][gc,cpu         ] GC(2602) User=0.00s Sys=0.00s Real=0.00s
[322.732s][info][gc,start       ] GC(2603) Pause Young (Allocation Failure)
[322.735s][info][gc,heap        ] GC(2603) PSYoungGen: 172544K(173056K)->960K(173056K) Eden: 171520K(171520K)->0K(171520K) From: 1024K(1536K)->960K(1536K)
[322.735s][info][gc,heap        ] GC(2603) ParOldGen: 7943K(349696K)->7991K(349696K)
[322.735s][info][gc,metaspace   ] GC(2603) Metaspace: 14411K(15296K)->14411K(15296K) NonClass: 12430K(12928K)->12430K(12928K) Class: 1981K(2368K)->1981K(2368K)
[322.735s][info][gc             ] GC(2603) Pause Young (Allocation Failure) 176M->8M(510M) 3.184ms
[322.735s][info][gc,cpu         ] GC(2603) User=0.00s Sys=0.00s Real=0.00s
[322.861s][info][gc,start       ] GC(2604) Pause Young (Allocation Failure)
[322.864s][info][gc,heap        ] GC(2604) PSYoungGen: 172480K(173056K)->992K(173056K) Eden: 171520K(171520K)->0K(171520K) From: 960K(1536K)->992K(1536K)
[322.864s][info][gc,heap        ] GC(2604) ParOldGen: 7991K(349696K)->8031K(349696K)
[322.864s][info][gc,metaspace   ] GC(2604) Metaspace: 14411K(15296K)->14411K(15296K) NonClass: 12430K(12928K)->12430K(12928K) Class: 1981K(2368K)->1981K(2368K)
[322.864s][info][gc             ] GC(2604) Pause Young (Allocation Failure) 176M->8M(510M) 2.795ms
[322.864s][info][gc,cpu         ] GC(2604) User=0.52s Sys=0.00s Real=0.00s
[322.999s][info][gc,start       ] GC(2605) Pause Young (Allocation Failure)
[323.002s][info][gc,heap        ] GC(2605) PSYoungGen: 172512K(173056K)->992K(173056K) Eden: 171520K(171520K)->0K(171520K) From: 992K(1536K)->992K(1536K)
[323.002s][info][gc,heap        ] GC(2605) ParOldGen: 8031K(349696K)->8087K(349696K)
[323.002s][info][gc,metaspace   ] GC(2605) Metaspace: 14411K(15296K)->14411K(15296K) NonClass: 12430K(12928K)->12430K(12928K) Class: 1981K(2368K)->1981K(2368K)
[323.002s][info][gc             ] GC(2605) Pause Young (Allocation Failure) 176M->8M(510M) 2.715ms
[323.002s][info][gc,cpu         ] GC(2605) User=0.00s Sys=0.00s Real=0.00s
[323.150s][info][gc,start       ] GC(2606) Pause Young (Allocation Failure)
[323.153s][info][gc,heap        ] GC(2606) PSYoungGen: 172512K(173056K)->1024K(173056K) Eden: 171520K(171520K)->0K(171520K) From: 992K(1536K)->1024K(1536K)
[323.153s][info][gc,heap        ] GC(2606) ParOldGen: 8087K(349696K)->8127K(349696K)
[323.153s][info][gc,metaspace   ] GC(2606) Metaspace: 14411K(15296K)->14411K(15296K) NonClass: 12430K(12928K)->12430K(12928K) Class: 1981K(2368K)->1981K(2368K)
[323.153s][info][gc             ] GC(2606) Pause Young (Allocation Failure) 176M->8M(510M) 2.741ms
[323.153s][info][gc,cpu         ] GC(2606) User=0.00s Sys=0.00s Real=0.00s
[323.287s][info][gc,start       ] GC(2607) Pause Young (Allocation Failure)
[323.289s][info][gc,heap        ] GC(2607) PSYoungGen: 172544K(173056K)->960K(173056K) Eden: 171520K(171520K)->0K(171520K) From: 1024K(1536K)->960K(1536K)
[323.289s][info][gc,heap        ] GC(2607) ParOldGen: 8127K(349696K)->8199K(349696K)
[323.289s][info][gc,metaspace   ] GC(2607) Metaspace: 14411K(15296K)->14411K(15296K) NonClass: 12430K(12928K)->12430K(12928K) Class: 1981K(2368K)->1981K(2368K)
[323.289s][info][gc             ] GC(2607) Pause Young (Allocation Failure) 176M->8M(510M) 2.421ms
[323.289s][info][gc,cpu         ] GC(2607) User=0.00s Sys=0.00s Real=0.00s
[323.411s][info][gc,start       ] GC(2608) Pause Young (Allocation Failure)
[323.413s][info][gc,heap        ] GC(2608) PSYoungGen: 172480K(173056K)->1024K(173056K) Eden: 171520K(171520K)->0K(171520K) From: 960K(1536K)->1024K(1536K)
[323.413s][info][gc,heap        ] GC(2608) ParOldGen: 8199K(349696K)->8263K(349696K)
[323.413s][info][gc,metaspace   ] GC(2608) Metaspace: 14411K(15296K)->14411K(15296K) NonClass: 12430K(12928K)->12430K(12928K) Class: 1981K(2368K)->1981K(2368K)
[323.413s][info][gc             ] GC(2608) Pause Young (Allocation Failure) 176M->9M(510M) 2.454ms
[323.414s][info][gc,cpu         ] GC(2608) User=0.00s Sys=0.00s Real=0.00s
[323.534s][info][gc,start       ] GC(2609) Pause Young (Allocation Failure)
[323.536s][info][gc,heap        ] GC(2609) PSYoungGen: 172543K(173056K)->992K(173056K) Eden: 171519K(171520K)->0K(171520K) From: 1024K(1536K)->992K(1536K)
[323.536s][info][gc,heap        ] GC(2609) ParOldGen: 8263K(349696K)->8327K(349696K)
[323.536s][info][gc,metaspace   ] GC(2609) Metaspace: 14411K(15296K)->14411K(15296K) NonClass: 12430K(12928K)->12430K(12928K) Class: 1981K(2368K)->1981K(2368K)
[323.536s][info][gc             ] GC(2609) Pause Young (Allocation Failure) 176M->9M(510M) 2.468ms
[323.536s][info][gc,cpu         ] GC(2609) User=0.52s Sys=0.00s Real=0.00s
[323.659s][info][gc,start       ] GC(2610) Pause Young (Allocation Failure)
[323.661s][info][gc,heap        ] GC(2610) PSYoungGen: 172512K(173056K)->992K(173056K) Eden: 171520K(171520K)->0K(171520K) From: 992K(1536K)->992K(1536K)
[323.661s][info][gc,heap        ] GC(2610) ParOldGen: 8327K(349696K)->8383K(349696K)
[323.661s][info][gc,metaspace   ] GC(2610) Metaspace: 14411K(15296K)->14411K(15296K) NonClass: 12430K(12928K)->12430K(12928K) Class: 1981K(2368K)->1981K(2368K)
[323.661s][info][gc             ] GC(2610) Pause Young (Allocation Failure) 176M->9M(510M) 2.436ms
[323.661s][info][gc,cpu         ] GC(2610) User=0.00s Sys=0.00s Real=0.00s
[323.782s][info][gc,start       ] GC(2611) Pause Young (Allocation Failure)
[323.784s][info][gc,heap        ] GC(2611) PSYoungGen: 172512K(173056K)->960K(173056K) Eden: 171520K(171520K)->0K(171520K) From: 992K(1536K)->960K(1536K)
[323.784s][info][gc,heap        ] GC(2611) ParOldGen: 8383K(349696K)->8439K(349696K)
[323.785s][info][gc,metaspace   ] GC(2611) Metaspace: 14411K(15296K)->14411K(15296K) NonClass: 12430K(12928K)->12430K(12928K) Class: 1981K(2368K)->1981K(2368K)
[323.785s][info][gc             ] GC(2611) Pause Young (Allocation Failure) 176M->9M(510M) 2.427ms
[323.785s][info][gc,cpu         ] GC(2611) User=0.00s Sys=0.00s Real=0.00s
[323.905s][info][gc,start       ] GC(2612) Pause Young (Allocation Failure)
[323.908s][info][gc,heap        ] GC(2612) PSYoungGen: 172480K(173056K)->1024K(173056K) Eden: 171520K(171520K)->0K(171520K) From: 960K(1536K)->1024K(1536K)
[323.908s][info][gc,heap        ] GC(2612) ParOldGen: 8439K(349696K)->8495K(349696K)
[323.908s][info][gc,metaspace   ] GC(2612) Metaspace: 14411K(15296K)->14411K(15296K) NonClass: 12430K(12928K)->12430K(12928K) Class: 1981K(2368K)->1981K(2368K)
[323.908s][info][gc             ] GC(2612) Pause Young (Allocation Failure) 176M->9M(510M) 2.446ms
[323.908s][info][gc,cpu         ] GC(2612) User=0.00s Sys=0.00s Real=0.00s
[324.029s][info][gc,start       ] GC(2613) Pause Young (Allocation Failure)
[324.031s][info][gc,heap        ] GC(2613) PSYoungGen: 172544K(173056K)->992K(173056K) Eden: 171520K(171520K)->0K(171520K) From: 1024K(1536K)->992K(1536K)
[324.031s][info][gc,heap        ] GC(2613) ParOldGen: 8495K(349696K)->8535K(349696K)
[324.031s][info][gc,metaspace   ] GC(2613) Metaspace: 14411K(15296K)->14411K(15296K) NonClass: 12430K(12928K)->12430K(12928K) Class: 1981K(2368K)->1981K(2368K)
[324.031s][info][gc             ] GC(2613) Pause Young (Allocation Failure) 176M->9M(510M) 2.434ms
[324.031s][info][gc,cpu         ] GC(2613) User=0.00s Sys=0.00s Real=0.00s
[324.152s][info][gc,start       ] GC(2614) Pause Young (Allocation Failure)
[324.155s][info][gc,heap        ] GC(2614) PSYoungGen: 172511K(173056K)->992K(173056K) Eden: 171519K(171520K)->0K(171520K) From: 992K(1536K)->992K(1536K)
[324.155s][info][gc,heap        ] GC(2614) ParOldGen: 8535K(349696K)->8583K(349696K)
[324.155s][info][gc,metaspace   ] GC(2614) Metaspace: 14411K(15296K)->14411K(15296K) NonClass: 12430K(12928K)->12430K(12928K) Class: 1981K(2368K)->1981K(2368K)
[324.155s][info][gc             ] GC(2614) Pause Young (Allocation Failure) 176M->9M(510M) 2.483ms
[324.155s][info][gc,cpu         ] GC(2614) User=0.00s Sys=0.00s Real=0.00s
[324.277s][info][gc,start       ] GC(2615) Pause Young (Allocation Failure)
[324.279s][info][gc,heap        ] GC(2615) PSYoungGen: 172512K(173056K)->992K(173056K) Eden: 171520K(171520K)->0K(171520K) From: 992K(1536K)->992K(1536K)
[324.279s][info][gc,heap        ] GC(2615) ParOldGen: 8583K(349696K)->8655K(349696K)
[324.279s][info][gc,metaspace   ] GC(2615) Metaspace: 14411K(15296K)->14411K(15296K) NonClass: 12430K(12928K)->12430K(12928K) Class: 1981K(2368K)->1981K(2368K)
[324.279s][info][gc             ] GC(2615) Pause Young (Allocation Failure) 176M->9M(510M) 2.525ms
[324.279s][info][gc,cpu         ] GC(2615) User=0.00s Sys=0.00s Real=0.00s
[324.402s][info][gc,start       ] GC(2616) Pause Young (Allocation Failure)
[324.404s][info][gc,heap        ] GC(2616) PSYoungGen: 172512K(173056K)->1024K(173056K) Eden: 171520K(171520K)->0K(171520K) From: 992K(1536K)->1024K(1536K)
[324.404s][info][gc,heap        ] GC(2616) ParOldGen: 8655K(349696K)->8711K(349696K)
[324.404s][info][gc,metaspace   ] GC(2616) Metaspace: 14411K(15296K)->14411K(15296K) NonClass: 12430K(12928K)->12430K(12928K) Class: 1981K(2368K)->1981K(2368K)
[324.404s][info][gc             ] GC(2616) Pause Young (Allocation Failure) 176M->9M(510M) 2.497ms
[324.405s][info][gc,cpu         ] GC(2616) User=0.00s Sys=0.00s Real=0.00s
[324.526s][info][gc,start       ] GC(2617) Pause Young (Allocation Failure)
[324.529s][info][gc,heap        ] GC(2617) PSYoungGen: 172544K(173056K)->992K(173056K) Eden: 171520K(171520K)->0K(171520K) From: 1024K(1536K)->992K(1536K)
[324.529s][info][gc,heap        ] GC(2617) ParOldGen: 8711K(349696K)->8767K(349696K)
[324.529s][info][gc,metaspace   ] GC(2617) Metaspace: 14411K(15296K)->14411K(15296K) NonClass: 12430K(12928K)->12430K(12928K) Class: 1981K(2368K)->1981K(2368K)
[324.529s][info][gc             ] GC(2617) Pause Young (Allocation Failure) 177M->9M(510M) 2.522ms
[324.529s][info][gc,cpu         ] GC(2617) User=0.00s Sys=0.00s Real=0.00s
[324.652s][info][gc,start       ] GC(2618) Pause Young (Allocation Failure)
[324.654s][info][gc,heap        ] GC(2618) PSYoungGen: 172512K(173056K)->1024K(173056K) Eden: 171520K(171520K)->0K(171520K) From: 992K(1536K)->1024K(1536K)
[324.654s][info][gc,heap        ] GC(2618) ParOldGen: 8767K(349696K)->8847K(349696K)
[324.654s][info][gc,metaspace   ] GC(2618) Metaspace: 14411K(15296K)->14411K(15296K) NonClass: 12430K(12928K)->12430K(12928K) Class: 1981K(2368K)->1981K(2368K)
[324.654s][info][gc             ] GC(2618) Pause Young (Allocation Failure) 177M->9M(510M) 2.577ms
[324.654s][info][gc,cpu         ] GC(2618) User=0.00s Sys=0.00s Real=0.00s
[324.777s][info][gc,start       ] GC(2619) Pause Young (Allocation Failure)
[324.779s][info][gc,heap        ] GC(2619) PSYoungGen: 172544K(173056K)->1024K(173056K) Eden: 171520K(171520K)->0K(171520K) From: 1024K(1536K)->1024K(1536K)
[324.779s][info][gc,heap        ] GC(2619) ParOldGen: 8847K(349696K)->8903K(349696K)
[324.779s][info][gc,metaspace   ] GC(2619) Metaspace: 14411K(15296K)->14411K(15296K) NonClass: 12430K(12928K)->12430K(12928K) Class: 1981K(2368K)->1981K(2368K)
[324.779s][info][gc             ] GC(2619) Pause Young (Allocation Failure) 177M->9M(510M) 2.598ms
[324.779s][info][gc,cpu         ] GC(2619) User=0.00s Sys=0.00s Real=0.00s
[324.903s][info][gc,start       ] GC(2620) Pause Young (Allocation Failure)
[324.905s][info][gc,heap        ] GC(2620) PSYoungGen: 172544K(173056K)->1024K(173056K) Eden: 171520K(171520K)->0K(171520K) From: 1024K(1536K)->1024K(1536K)
[324.905s][info][gc,heap        ] GC(2620) ParOldGen: 8903K(349696K)->8975K(349696K)
[324.905s][info][gc,metaspace   ] GC(2620) Metaspace: 14411K(15296K)->14411K(15296K) NonClass: 12430K(12928K)->12430K(12928K) Class: 1981K(2368K)->1981K(2368K)
[324.905s][info][gc             ] GC(2620) Pause Young (Allocation Failure) 177M->9M(510M) 2.730ms
[324.905s][info][gc,cpu         ] GC(2620) User=0.00s Sys=0.00s Real=0.00s
[325.027s][info][gc,start       ] GC(2621) Pause Young (Allocation Failure)
[325.030s][info][gc,heap        ] GC(2621) PSYoungGen: 172544K(173056K)->1024K(173056K) Eden: 171520K(171520K)->0K(171520K) From: 1024K(1536K)->1024K(1536K)
[325.030s][info][gc,heap        ] GC(2621) ParOldGen: 8975K(349696K)->9039K(349696K)
[325.030s][info][gc,metaspace   ] GC(2621) Metaspace: 14411K(15296K)->14411K(15296K) NonClass: 12430K(12928K)->12430K(12928K) Class: 1981K(2368K)->1981K(2368K)
[325.030s][info][gc             ] GC(2621) Pause Young (Allocation Failure) 177M->9M(510M) 2.642ms
[325.030s][info][gc,cpu         ] GC(2621) User=0.00s Sys=0.00s Real=0.00s
[325.151s][info][gc,start       ] GC(2622) Pause Young (Allocation Failure)
[325.154s][info][gc,heap        ] GC(2622) PSYoungGen: 172544K(173056K)->1024K(173056K) Eden: 171520K(171520K)->0K(171520K) From: 1024K(1536K)->1024K(1536K)
[325.154s][info][gc,heap        ] GC(2622) ParOldGen: 9039K(349696K)->9095K(349696K)
[325.154s][info][gc,metaspace   ] GC(2622) Metaspace: 14411K(15296K)->14411K(15296K) NonClass: 12430K(12928K)->12430K(12928K) Class: 1981K(2368K)->1981K(2368K)
[325.154s][info][gc             ] GC(2622) Pause Young (Allocation Failure) 177M->9M(510M) 2.679ms
[325.154s][info][gc,cpu         ] GC(2622) User=0.00s Sys=0.00s Real=0.00s
[325.277s][info][gc,start       ] GC(2623) Pause Young (Allocation Failure)
[325.279s][info][gc,heap        ] GC(2623) PSYoungGen: 172544K(173056K)->992K(173056K) Eden: 171520K(171520K)->0K(171520K) From: 1024K(1536K)->992K(1536K)
[325.279s][info][gc,heap        ] GC(2623) ParOldGen: 9095K(349696K)->9175K(349696K)
[325.279s][info][gc,metaspace   ] GC(2623) Metaspace: 14411K(15296K)->14411K(15296K) NonClass: 12430K(12928K)->12430K(12928K) Class: 1981K(2368K)->1981K(2368K)
[325.279s][info][gc             ] GC(2623) Pause Young (Allocation Failure) 177M->9M(510M) 2.683ms
[325.279s][info][gc,cpu         ] GC(2623) User=0.00s Sys=0.00s Real=0.00s
[325.401s][info][gc,start       ] GC(2624) Pause Young (Allocation Failure)
[325.404s][info][gc,heap        ] GC(2624) PSYoungGen: 172512K(173056K)->1024K(173056K) Eden: 171520K(171520K)->0K(171520K) From: 992K(1536K)->1024K(1536K)
[325.404s][info][gc,heap        ] GC(2624) ParOldGen: 9175K(349696K)->9231K(349696K)
[325.404s][info][gc,metaspace   ] GC(2624) Metaspace: 14411K(15296K)->14411K(15296K) NonClass: 12430K(12928K)->12430K(12928K) Class: 1981K(2368K)->1981K(2368K)
[325.404s][info][gc             ] GC(2624) Pause Young (Allocation Failure) 177M->10M(510M) 2.703ms
[325.404s][info][gc,cpu         ] GC(2624) User=0.00s Sys=0.00s Real=0.00s
[325.525s][info][gc,start       ] GC(2625) Pause Young (Allocation Failure)
[325.528s][info][gc,heap        ] GC(2625) PSYoungGen: 172544K(173056K)->1024K(173056K) Eden: 171520K(171520K)->0K(171520K) From: 1024K(1536K)->1024K(1536K)
[325.528s][info][gc,heap        ] GC(2625) ParOldGen: 9231K(349696K)->9295K(349696K)
[325.528s][info][gc,metaspace   ] GC(2625) Metaspace: 14411K(15296K)->14411K(15296K) NonClass: 12430K(12928K)->12430K(12928K) Class: 1981K(2368K)->1981K(2368K)
[325.528s][info][gc             ] GC(2625) Pause Young (Allocation Failure) 177M->10M(510M) 2.696ms
[325.528s][info][gc,cpu         ] GC(2625) User=0.00s Sys=0.00s Real=0.00s
[325.649s][info][gc,start       ] GC(2626) Pause Young (Allocation Failure)
[325.651s][info][gc,heap        ] GC(2626) PSYoungGen: 172544K(173056K)->992K(173056K) Eden: 171520K(171520K)->0K(171520K) From: 1024K(1536K)->992K(1536K)
[325.651s][info][gc,heap        ] GC(2626) ParOldGen: 9295K(349696K)->9383K(349696K)
[325.651s][info][gc,metaspace   ] GC(2626) Metaspace: 14411K(15296K)->14411K(15296K) NonClass: 12430K(12928K)->12430K(12928K) Class: 1981K(2368K)->1981K(2368K)
[325.651s][info][gc             ] GC(2626) Pause Young (Allocation Failure) 177M->10M(510M) 2.744ms
[325.651s][info][gc,cpu         ] GC(2626) User=0.00s Sys=0.00s Real=0.00s
[325.774s][info][gc,start       ] GC(2627) Pause Young (Allocation Failure)
[325.777s][info][gc,heap        ] GC(2627) PSYoungGen: 172512K(173056K)->992K(173056K) Eden: 171520K(171520K)->0K(171520K) From: 992K(1536K)->992K(1536K)
[325.777s][info][gc,heap        ] GC(2627) ParOldGen: 9383K(349696K)->9455K(349696K)
[325.777s][info][gc,metaspace   ] GC(2627) Metaspace: 14411K(15296K)->14411K(15296K) NonClass: 12430K(12928K)->12430K(12928K) Class: 1981K(2368K)->1981K(2368K)
[325.777s][info][gc             ] GC(2627) Pause Young (Allocation Failure) 177M->10M(510M) 2.798ms
[325.777s][info][gc,cpu         ] GC(2627) User=0.00s Sys=0.00s Real=0.00s
[325.898s][info][gc,start       ] GC(2628) Pause Young (Allocation Failure)
[325.900s][info][gc,heap        ] GC(2628) PSYoungGen: 172512K(173056K)->1024K(173056K) Eden: 171520K(171520K)->0K(171520K) From: 992K(1536K)->1024K(1536K)
[325.901s][info][gc,heap        ] GC(2628) ParOldGen: 9455K(349696K)->9495K(349696K)
[325.901s][info][gc,metaspace   ] GC(2628) Metaspace: 14411K(15296K)->14411K(15296K) NonClass: 12430K(12928K)->12430K(12928K) Class: 1981K(2368K)->1981K(2368K)
[325.901s][info][gc             ] GC(2628) Pause Young (Allocation Failure) 177M->10M(510M) 2.786ms
[325.901s][info][gc,cpu         ] GC(2628) User=0.00s Sys=0.00s Real=0.00s
[326.023s][info][gc,start       ] GC(2629) Pause Young (Allocation Failure)
[326.025s][info][gc,heap        ] GC(2629) PSYoungGen: 172544K(173056K)->1024K(173056K) Eden: 171520K(171520K)->0K(171520K) From: 1024K(1536K)->1024K(1536K)
[326.026s][info][gc,heap        ] GC(2629) ParOldGen: 9495K(349696K)->9575K(349696K)
[326.026s][info][gc,metaspace   ] GC(2629) Metaspace: 14411K(15296K)->14411K(15296K) NonClass: 12430K(12928K)->12430K(12928K) Class: 1981K(2368K)->1981K(2368K)
[326.026s][info][gc             ] GC(2629) Pause Young (Allocation Failure) 177M->10M(510M) 2.829ms
[326.026s][info][gc,cpu         ] GC(2629) User=0.00s Sys=0.00s Real=0.00s
[326.149s][info][gc,start       ] GC(2630) Pause Young (Allocation Failure)
[326.152s][info][gc,heap        ] GC(2630) PSYoungGen: 172544K(173056K)->992K(173056K) Eden: 171520K(171520K)->0K(171520K) From: 1024K(1536K)->992K(1536K)
[326.152s][info][gc,heap        ] GC(2630) ParOldGen: 9575K(349696K)->9615K(349696K)
[326.152s][info][gc,metaspace   ] GC(2630) Metaspace: 14411K(15296K)->14411K(15296K) NonClass: 12430K(12928K)->12430K(12928K) Class: 1981K(2368K)->1981K(2368K)
[326.152s][info][gc             ] GC(2630) Pause Young (Allocation Failure) 177M->10M(510M) 2.817ms
[326.152s][info][gc,cpu         ] GC(2630) User=0.00s Sys=0.00s Real=0.00s
[326.274s][info][gc,start       ] GC(2631) Pause Young (Allocation Failure)
[326.276s][info][gc,heap        ] GC(2631) PSYoungGen: 172512K(173056K)->1024K(173056K) Eden: 171520K(171520K)->0K(171520K) From: 992K(1536K)->1024K(1536K)
[326.276s][info][gc,heap        ] GC(2631) ParOldGen: 9615K(349696K)->9663K(349696K)
[326.276s][info][gc,metaspace   ] GC(2631) Metaspace: 14411K(15296K)->14411K(15296K) NonClass: 12430K(12928K)->12430K(12928K) Class: 1981K(2368K)->1981K(2368K)
[326.276s][info][gc             ] GC(2631) Pause Young (Allocation Failure) 177M->10M(510M) 2.856ms
[326.276s][info][gc,cpu         ] GC(2631) User=0.00s Sys=0.00s Real=0.00s
[326.397s][info][gc,start       ] GC(2632) Pause Young (Allocation Failure)
[326.400s][info][gc,heap        ] GC(2632) PSYoungGen: 172544K(173056K)->1024K(173056K) Eden: 171520K(171520K)->0K(171520K) From: 1024K(1536K)->1024K(1536K)
[326.400s][info][gc,heap        ] GC(2632) ParOldGen: 9663K(349696K)->9711K(349696K)
[326.400s][info][gc,metaspace   ] GC(2632) Metaspace: 14411K(15296K)->14411K(15296K) NonClass: 12430K(12928K)->12430K(12928K) Class: 1981K(2368K)->1981K(2368K)
[326.400s][info][gc             ] GC(2632) Pause Young (Allocation Failure) 177M->10M(510M) 2.831ms
[326.400s][info][gc,cpu         ] GC(2632) User=0.00s Sys=0.00s Real=0.00s
[326.634s][info][gc,start       ] GC(2633) Pause Young (Allocation Failure)
[326.638s][info][gc,heap        ] GC(2633) PSYoungGen: 172544K(173056K)->1024K(173056K) Eden: 171520K(171520K)->0K(171520K) From: 1024K(1536K)->1024K(1536K)
[326.638s][info][gc,heap        ] GC(2633) ParOldGen: 9711K(349696K)->9751K(349696K)
[326.638s][info][gc,metaspace   ] GC(2633) Metaspace: 14411K(15296K)->14411K(15296K) NonClass: 12430K(12928K)->12430K(12928K) Class: 1981K(2368K)->1981K(2368K)
[326.638s][info][gc             ] GC(2633) Pause Young (Allocation Failure) 177M->10M(510M) 3.826ms
[326.638s][info][gc,cpu         ] GC(2633) User=0.00s Sys=0.00s Real=0.00s
[326.771s][info][gc,start       ] GC(2634) Pause Young (Allocation Failure)
[326.774s][info][gc,heap        ] GC(2634) PSYoungGen: 172544K(173056K)->992K(173056K) Eden: 171520K(171520K)->0K(171520K) From: 1024K(1536K)->992K(1536K)
[326.774s][info][gc,heap        ] GC(2634) ParOldGen: 9751K(349696K)->9807K(349696K)
[326.774s][info][gc,metaspace   ] GC(2634) Metaspace: 14411K(15296K)->14411K(15296K) NonClass: 12430K(12928K)->12430K(12928K) Class: 1981K(2368K)->1981K(2368K)
[326.774s][info][gc             ] GC(2634) Pause Young (Allocation Failure) 178M->10M(510M) 2.746ms
[326.774s][info][gc,cpu         ] GC(2634) User=0.00s Sys=0.00s Real=0.00s
[326.900s][info][gc,start       ] GC(2635) Pause Young (Allocation Failure)
[326.903s][info][gc,heap        ] GC(2635) PSYoungGen: 172512K(173056K)->992K(173056K) Eden: 171520K(171520K)->0K(171520K) From: 992K(1536K)->992K(1536K)
[326.903s][info][gc,heap        ] GC(2635) ParOldGen: 9807K(349696K)->9879K(349696K)
[326.903s][info][gc,metaspace   ] GC(2635) Metaspace: 14411K(15296K)->14411K(15296K) NonClass: 12430K(12928K)->12430K(12928K) Class: 1981K(2368K)->1981K(2368K)
[326.903s][info][gc             ] GC(2635) Pause Young (Allocation Failure) 178M->10M(510M) 2.641ms
[326.903s][info][gc,cpu         ] GC(2635) User=0.00s Sys=0.00s Real=0.00s
[327.029s][info][gc,start       ] GC(2636) Pause Young (Allocation Failure)
[327.031s][info][gc,heap        ] GC(2636) PSYoungGen: 172512K(173056K)->1024K(173056K) Eden: 171520K(171520K)->0K(171520K) From: 992K(1536K)->1024K(1536K)
[327.031s][info][gc,heap        ] GC(2636) ParOldGen: 9879K(349696K)->9943K(349696K)
[327.031s][info][gc,metaspace   ] GC(2636) Metaspace: 14411K(15296K)->14411K(15296K) NonClass: 12430K(12928K)->12430K(12928K) Class: 1981K(2368K)->1981K(2368K)
[327.031s][info][gc             ] GC(2636) Pause Young (Allocation Failure) 178M->10M(510M) 2.615ms
[327.031s][info][gc,cpu         ] GC(2636) User=0.00s Sys=0.00s Real=0.00s
[327.163s][info][gc,start       ] GC(2637) Pause Young (Allocation Failure)
[327.166s][info][gc,heap        ] GC(2637) PSYoungGen: 172544K(173056K)->1024K(173056K) Eden: 171520K(171520K)->0K(171520K) From: 1024K(1536K)->1024K(1536K)
[327.166s][info][gc,heap        ] GC(2637) ParOldGen: 9943K(349696K)->9991K(349696K)
[327.166s][info][gc,metaspace   ] GC(2637) Metaspace: 14411K(15296K)->14411K(15296K) NonClass: 12430K(12928K)->12430K(12928K) Class: 1981K(2368K)->1981K(2368K)
[327.166s][info][gc             ] GC(2637) Pause Young (Allocation Failure) 178M->10M(510M) 2.525ms
[327.166s][info][gc,cpu         ] GC(2637) User=0.00s Sys=0.00s Real=0.00s
[327.298s][info][gc,start       ] GC(2638) Pause Young (Allocation Failure)
[327.300s][info][gc,heap        ] GC(2638) PSYoungGen: 172544K(173056K)->1024K(173056K) Eden: 171520K(171520K)->0K(171520K) From: 1024K(1536K)->1024K(1536K)
[327.300s][info][gc,heap        ] GC(2638) ParOldGen: 9991K(349696K)->10055K(349696K)
[327.300s][info][gc,metaspace   ] GC(2638) Metaspace: 14411K(15296K)->14411K(15296K) NonClass: 12430K(12928K)->12430K(12928K) Class: 1981K(2368K)->1981K(2368K)
[327.300s][info][gc             ] GC(2638) Pause Young (Allocation Failure) 178M->10M(510M) 2.396ms
[327.300s][info][gc,cpu         ] GC(2638) User=0.00s Sys=0.00s Real=0.00s
[327.425s][info][gc,start       ] GC(2639) Pause Young (Allocation Failure)
[327.427s][info][gc,heap        ] GC(2639) PSYoungGen: 172544K(173056K)->1024K(173056K) Eden: 171520K(171520K)->0K(171520K) From: 1024K(1536K)->1024K(1536K)
[327.427s][info][gc,heap        ] GC(2639) ParOldGen: 10055K(349696K)->10135K(349696K)
[327.427s][info][gc,metaspace   ] GC(2639) Metaspace: 14411K(15296K)->14411K(15296K) NonClass: 12430K(12928K)->12430K(12928K) Class: 1981K(2368K)->1981K(2368K)
[327.427s][info][gc             ] GC(2639) Pause Young (Allocation Failure) 178M->10M(510M) 2.415ms
[327.427s][info][gc,cpu         ] GC(2639) User=0.52s Sys=0.00s Real=0.00s
[327.548s][info][gc,start       ] GC(2640) Pause Young (Allocation Failure)
[327.550s][info][gc,heap        ] GC(2640) PSYoungGen: 172544K(173056K)->992K(173056K) Eden: 171520K(171520K)->0K(171520K) From: 1024K(1536K)->992K(1536K)
[327.550s][info][gc,heap        ] GC(2640) ParOldGen: 10135K(349696K)->10183K(349696K)
[327.550s][info][gc,metaspace   ] GC(2640) Metaspace: 14411K(15296K)->14411K(15296K) NonClass: 12430K(12928K)->12430K(12928K) Class: 1981K(2368K)->1981K(2368K)
[327.550s][info][gc             ] GC(2640) Pause Young (Allocation Failure) 178M->10M(510M) 2.429ms
[327.550s][info][gc,cpu         ] GC(2640) User=0.00s Sys=0.00s Real=0.00s
[327.670s][info][gc,start       ] GC(2641) Pause Young (Allocation Failure)
[327.673s][info][gc,heap        ] GC(2641) PSYoungGen: 172512K(173056K)->1024K(173056K) Eden: 171520K(171520K)->0K(171520K) From: 992K(1536K)->1024K(1536K)
[327.673s][info][gc,heap        ] GC(2641) ParOldGen: 10183K(349696K)->10223K(349696K)
[327.673s][info][gc,metaspace   ] GC(2641) Metaspace: 14411K(15296K)->14411K(15296K) NonClass: 12430K(12928K)->12430K(12928K) Class: 1981K(2368K)->1981K(2368K)
[327.673s][info][gc             ] GC(2641) Pause Young (Allocation Failure) 178M->10M(510M) 2.435ms
[327.673s][info][gc,cpu         ] GC(2641) User=0.00s Sys=0.00s Real=0.00s
[327.794s][info][gc,start       ] GC(2642) Pause Young (Allocation Failure)
[327.804s][info][gc,heap        ] GC(2642) PSYoungGen: 172544K(173056K)->1024K(173056K) Eden: 171520K(171520K)->0K(171520K) From: 1024K(1536K)->1024K(1536K)
[327.804s][info][gc,heap        ] GC(2642) ParOldGen: 10223K(349696K)->10287K(349696K)
[327.804s][info][gc,metaspace   ] GC(2642) Metaspace: 14411K(15296K)->14411K(15296K) NonClass: 12430K(12928K)->12430K(12928K) Class: 1981K(2368K)->1981K(2368K)
[327.804s][info][gc             ] GC(2642) Pause Young (Allocation Failure) 178M->11M(510M) 10.282ms
[327.804s][info][gc,cpu         ] GC(2642) User=0.00s Sys=0.00s Real=0.00s
[327.930s][info][gc,start       ] GC(2643) Pause Young (Allocation Failure)
[327.932s][info][gc,heap        ] GC(2643) PSYoungGen: 172544K(173056K)->992K(173056K) Eden: 171520K(171520K)->0K(171520K) From: 1024K(1536K)->992K(1536K)
[327.932s][info][gc,heap        ] GC(2643) ParOldGen: 10287K(349696K)->10351K(349696K)
[327.932s][info][gc,metaspace   ] GC(2643) Metaspace: 14411K(15296K)->14411K(15296K) NonClass: 12430K(12928K)->12430K(12928K) Class: 1981K(2368K)->1981K(2368K)
[327.932s][info][gc             ] GC(2643) Pause Young (Allocation Failure) 178M->11M(510M) 2.565ms
[327.932s][info][gc,cpu         ] GC(2643) User=0.00s Sys=0.00s Real=0.00s
[328.055s][info][gc,start       ] GC(2644) Pause Young (Allocation Failure)
[328.057s][info][gc,heap        ] GC(2644) PSYoungGen: 172512K(173056K)->992K(173056K) Eden: 171520K(171520K)->0K(171520K) From: 992K(1536K)->992K(1536K)
[328.057s][info][gc,heap        ] GC(2644) ParOldGen: 10351K(349696K)->10415K(349696K)
[328.057s][info][gc,metaspace   ] GC(2644) Metaspace: 14411K(15296K)->14411K(15296K) NonClass: 12430K(12928K)->12430K(12928K) Class: 1981K(2368K)->1981K(2368K)
[328.057s][info][gc             ] GC(2644) Pause Young (Allocation Failure) 178M->11M(510M) 2.576ms
[328.057s][info][gc,cpu         ] GC(2644) User=0.00s Sys=0.00s Real=0.00s
[328.180s][info][gc,start       ] GC(2645) Pause Young (Allocation Failure)
[328.183s][info][gc,heap        ] GC(2645) PSYoungGen: 172512K(173056K)->992K(173056K) Eden: 171520K(171520K)->0K(171520K) From: 992K(1536K)->992K(1536K)
[328.183s][info][gc,heap        ] GC(2645) ParOldGen: 10415K(349696K)->10463K(349696K)
[328.183s][info][gc,metaspace   ] GC(2645) Metaspace: 14411K(15296K)->14411K(15296K) NonClass: 12430K(12928K)->12430K(12928K) Class: 1981K(2368K)->1981K(2368K)
[328.183s][info][gc             ] GC(2645) Pause Young (Allocation Failure) 178M->11M(510M) 2.566ms
[328.183s][info][gc,cpu         ] GC(2645) User=0.00s Sys=0.00s Real=0.00s
[328.304s][info][gc,start       ] GC(2646) Pause Young (Allocation Failure)
[328.306s][info][gc,heap        ] GC(2646) PSYoungGen: 172512K(173056K)->960K(173056K) Eden: 171520K(171520K)->0K(171520K) From: 992K(1536K)->960K(1536K)
[328.307s][info][gc,heap        ] GC(2646) ParOldGen: 10463K(349696K)->10527K(349696K)
[328.307s][info][gc,metaspace   ] GC(2646) Metaspace: 14411K(15296K)->14411K(15296K) NonClass: 12430K(12928K)->12430K(12928K) Class: 1981K(2368K)->1981K(2368K)
[328.307s][info][gc             ] GC(2646) Pause Young (Allocation Failure) 178M->11M(510M) 2.614ms
[328.307s][info][gc,cpu         ] GC(2646) User=0.00s Sys=0.00s Real=0.00s
[328.430s][info][gc,start       ] GC(2647) Pause Young (Allocation Failure)
[328.433s][info][gc,heap        ] GC(2647) PSYoungGen: 172480K(173056K)->960K(173056K) Eden: 171520K(171520K)->0K(171520K) From: 960K(1536K)->960K(1536K)
[328.433s][info][gc,heap        ] GC(2647) ParOldGen: 10527K(349696K)->10559K(349696K)
[328.433s][info][gc,metaspace   ] GC(2647) Metaspace: 14411K(15296K)->14411K(15296K) NonClass: 12430K(12928K)->12430K(12928K) Class: 1981K(2368K)->1981K(2368K)
[328.433s][info][gc             ] GC(2647) Pause Young (Allocation Failure) 178M->11M(510M) 2.586ms
[328.433s][info][gc,cpu         ] GC(2647) User=0.00s Sys=0.00s Real=0.00s
[328.556s][info][gc,start       ] GC(2648) Pause Young (Allocation Failure)
[328.559s][info][gc,heap        ] GC(2648) PSYoungGen: 172480K(173056K)->992K(173056K) Eden: 171520K(171520K)->0K(171520K) From: 960K(1536K)->992K(1536K)
[328.559s][info][gc,heap        ] GC(2648) ParOldGen: 10559K(349696K)->10615K(349696K)
[328.559s][info][gc,metaspace   ] GC(2648) Metaspace: 14411K(15296K)->14411K(15296K) NonClass: 12430K(12928K)->12430K(12928K) Class: 1981K(2368K)->1981K(2368K)
[328.559s][info][gc             ] GC(2648) Pause Young (Allocation Failure) 178M->11M(510M) 2.588ms
[328.559s][info][gc,cpu         ] GC(2648) User=0.00s Sys=0.00s Real=0.00s
[328.682s][info][gc,start       ] GC(2649) Pause Young (Allocation Failure)
[328.685s][info][gc,heap        ] GC(2649) PSYoungGen: 172512K(173056K)->992K(173056K) Eden: 171520K(171520K)->0K(171520K) From: 992K(1536K)->992K(1536K)
[328.685s][info][gc,heap        ] GC(2649) ParOldGen: 10615K(349696K)->10679K(349696K)
[328.685s][info][gc,metaspace   ] GC(2649) Metaspace: 14411K(15296K)->14411K(15296K) NonClass: 12430K(12928K)->12430K(12928K) Class: 1981K(2368K)->1981K(2368K)
[328.685s][info][gc             ] GC(2649) Pause Young (Allocation Failure) 178M->11M(510M) 2.670ms
[328.685s][info][gc,cpu         ] GC(2649) User=0.00s Sys=0.00s Real=0.00s
[328.808s][info][gc,start       ] GC(2650) Pause Young (Allocation Failure)
[328.811s][info][gc,heap        ] GC(2650) PSYoungGen: 172512K(173056K)->992K(173056K) Eden: 171520K(171520K)->0K(171520K) From: 992K(1536K)->992K(1536K)
[328.811s][info][gc,heap        ] GC(2650) ParOldGen: 10679K(349696K)->10751K(349696K)
[328.811s][info][gc,metaspace   ] GC(2650) Metaspace: 14411K(15296K)->14411K(15296K) NonClass: 12430K(12928K)->12430K(12928K) Class: 1981K(2368K)->1981K(2368K)
[328.811s][info][gc             ] GC(2650) Pause Young (Allocation Failure) 178M->11M(510M) 2.669ms
[328.811s][info][gc,cpu         ] GC(2650) User=0.00s Sys=0.00s Real=0.00s
[328.933s][info][gc,start       ] GC(2651) Pause Young (Allocation Failure)
[328.935s][info][gc,heap        ] GC(2651) PSYoungGen: 172512K(173056K)->992K(173056K) Eden: 171520K(171520K)->0K(171520K) From: 992K(1536K)->992K(1536K)
[328.935s][info][gc,heap        ] GC(2651) ParOldGen: 10751K(349696K)->10799K(349696K)
[328.936s][info][gc,metaspace   ] GC(2651) Metaspace: 14411K(15296K)->14411K(15296K) NonClass: 12430K(12928K)->12430K(12928K) Class: 1981K(2368K)->1981K(2368K)
[328.936s][info][gc             ] GC(2651) Pause Young (Allocation Failure) 178M->11M(510M) 2.653ms
[328.936s][info][gc,cpu         ] GC(2651) User=0.00s Sys=0.00s Real=0.00s
[329.058s][info][gc,start       ] GC(2652) Pause Young (Allocation Failure)
[329.061s][info][gc,heap        ] GC(2652) PSYoungGen: 172512K(173056K)->992K(173056K) Eden: 171520K(171520K)->0K(171520K) From: 992K(1536K)->992K(1536K)
[329.061s][info][gc,heap        ] GC(2652) ParOldGen: 10799K(349696K)->10855K(349696K)
[329.061s][info][gc,metaspace   ] GC(2652) Metaspace: 14411K(15296K)->14411K(15296K) NonClass: 12430K(12928K)->12430K(12928K) Class: 1981K(2368K)->1981K(2368K)
[329.061s][info][gc             ] GC(2652) Pause Young (Allocation Failure) 179M->11M(510M) 2.717ms
[329.061s][info][gc,cpu         ] GC(2652) User=0.00s Sys=0.00s Real=0.00s
[329.183s][info][gc,start       ] GC(2653) Pause Young (Allocation Failure)
[329.190s][info][gc,heap        ] GC(2653) PSYoungGen: 172512K(173056K)->1024K(173056K) Eden: 171520K(171520K)->0K(171520K) From: 992K(1536K)->1024K(1536K)
[329.190s][info][gc,heap        ] GC(2653) ParOldGen: 10855K(349696K)->10879K(349696K)
[329.190s][info][gc,metaspace   ] GC(2653) Metaspace: 14411K(15296K)->14411K(15296K) NonClass: 12430K(12928K)->12430K(12928K) Class: 1981K(2368K)->1981K(2368K)
[329.190s][info][gc             ] GC(2653) Pause Young (Allocation Failure) 179M->11M(510M) 7.289ms
[329.190s][info][gc,cpu         ] GC(2653) User=0.00s Sys=0.00s Real=0.01s
[329.313s][info][gc,start       ] GC(2654) Pause Young (Allocation Failure)
[329.315s][info][gc,heap        ] GC(2654) PSYoungGen: 172544K(173056K)->1024K(173056K) Eden: 171520K(171520K)->0K(171520K) From: 1024K(1536K)->1024K(1536K)
[329.315s][info][gc,heap        ] GC(2654) ParOldGen: 10879K(349696K)->10935K(349696K)
[329.315s][info][gc,metaspace   ] GC(2654) Metaspace: 14411K(15296K)->14411K(15296K) NonClass: 12430K(12928K)->12430K(12928K) Class: 1981K(2368K)->1981K(2368K)
[329.315s][info][gc             ] GC(2654) Pause Young (Allocation Failure) 179M->11M(510M) 2.763ms
[329.315s][info][gc,cpu         ] GC(2654) User=0.00s Sys=0.00s Real=0.00s
[329.438s][info][gc,start       ] GC(2655) Pause Young (Allocation Failure)
[329.441s][info][gc,heap        ] GC(2655) PSYoungGen: 172544K(173056K)->1024K(173056K) Eden: 171520K(171520K)->0K(171520K) From: 1024K(1536K)->1024K(1536K)
[329.441s][info][gc,heap        ] GC(2655) ParOldGen: 10935K(349696K)->10999K(349696K)
[329.441s][info][gc,metaspace   ] GC(2655) Metaspace: 14411K(15296K)->14411K(15296K) NonClass: 12430K(12928K)->12430K(12928K) Class: 1981K(2368K)->1981K(2368K)
[329.441s][info][gc             ] GC(2655) Pause Young (Allocation Failure) 179M->11M(510M) 2.790ms
[329.441s][info][gc,cpu         ] GC(2655) User=0.00s Sys=0.00s Real=0.00s
[329.565s][info][gc,start       ] GC(2656) Pause Young (Allocation Failure)
[329.567s][info][gc,heap        ] GC(2656) PSYoungGen: 172544K(173056K)->1024K(173056K) Eden: 171520K(171520K)->0K(171520K) From: 1024K(1536K)->1024K(1536K)
[329.567s][info][gc,heap        ] GC(2656) ParOldGen: 10999K(349696K)->11079K(349696K)
[329.567s][info][gc,metaspace   ] GC(2656) Metaspace: 14411K(15296K)->14411K(15296K) NonClass: 12430K(12928K)->12430K(12928K) Class: 1981K(2368K)->1981K(2368K)
[329.567s][info][gc             ] GC(2656) Pause Young (Allocation Failure) 179M->11M(510M) 2.848ms
[329.567s][info][gc,cpu         ] GC(2656) User=0.52s Sys=0.00s Real=0.00s
[329.691s][info][gc,start       ] GC(2657) Pause Young (Allocation Failure)
[329.694s][info][gc,heap        ] GC(2657) PSYoungGen: 172544K(173056K)->992K(173056K) Eden: 171520K(171520K)->0K(171520K) From: 1024K(1536K)->992K(1536K)
[329.694s][info][gc,heap        ] GC(2657) ParOldGen: 11079K(349696K)->11119K(349696K)
[329.694s][info][gc,metaspace   ] GC(2657) Metaspace: 14411K(15296K)->14411K(15296K) NonClass: 12430K(12928K)->12430K(12928K) Class: 1981K(2368K)->1981K(2368K)
[329.694s][info][gc             ] GC(2657) Pause Young (Allocation Failure) 179M->11M(510M) 2.868ms
[329.694s][info][gc,cpu         ] GC(2657) User=0.52s Sys=0.00s Real=0.00s
[329.816s][info][gc,start       ] GC(2658) Pause Young (Allocation Failure)
[329.819s][info][gc,heap        ] GC(2658) PSYoungGen: 172512K(173056K)->1024K(173056K) Eden: 171520K(171520K)->0K(171520K) From: 992K(1536K)->1024K(1536K)
[329.819s][info][gc,heap        ] GC(2658) ParOldGen: 11119K(349696K)->11175K(349696K)
[329.819s][info][gc,metaspace   ] GC(2658) Metaspace: 14411K(15296K)->14411K(15296K) NonClass: 12430K(12928K)->12430K(12928K) Class: 1981K(2368K)->1981K(2368K)
[329.819s][info][gc             ] GC(2658) Pause Young (Allocation Failure) 179M->11M(510M) 2.832ms
[329.819s][info][gc,cpu         ] GC(2658) User=0.52s Sys=0.00s Real=0.00s
[329.941s][info][gc,start       ] GC(2659) Pause Young (Allocation Failure)
[329.944s][info][gc,heap        ] GC(2659) PSYoungGen: 172544K(173056K)->992K(173056K) Eden: 171520K(171520K)->0K(171520K) From: 1024K(1536K)->992K(1536K)
[329.944s][info][gc,heap        ] GC(2659) ParOldGen: 11175K(349696K)->11231K(349696K)
[329.944s][info][gc,metaspace   ] GC(2659) Metaspace: 14411K(15296K)->14411K(15296K) NonClass: 12430K(12928K)->12430K(12928K) Class: 1981K(2368K)->1981K(2368K)
[329.944s][info][gc             ] GC(2659) Pause Young (Allocation Failure) 179M->11M(510M) 2.845ms
[329.944s][info][gc,cpu         ] GC(2659) User=0.52s Sys=0.00s Real=0.00s
[330.065s][info][gc,start       ] GC(2660) Pause Young (Allocation Failure)
[330.068s][info][gc,heap        ] GC(2660) PSYoungGen: 172512K(173056K)->1024K(173056K) Eden: 171520K(171520K)->0K(171520K) From: 992K(1536K)->1024K(1536K)
[330.068s][info][gc,heap        ] GC(2660) ParOldGen: 11231K(349696K)->11303K(349696K)
[330.068s][info][gc,metaspace   ] GC(2660) Metaspace: 14411K(15296K)->14411K(15296K) NonClass: 12430K(12928K)->12430K(12928K) Class: 1981K(2368K)->1981K(2368K)
[330.068s][info][gc             ] GC(2660) Pause Young (Allocation Failure) 179M->12M(510M) 2.947ms
[330.068s][info][gc,cpu         ] GC(2660) User=0.52s Sys=0.00s Real=0.00s
[330.193s][info][gc,start       ] GC(2661) Pause Young (Allocation Failure)
[330.195s][info][gc,heap        ] GC(2661) PSYoungGen: 172544K(173056K)->1024K(173056K) Eden: 171520K(171520K)->0K(171520K) From: 1024K(1536K)->1024K(1536K)
[330.195s][info][gc,heap        ] GC(2661) ParOldGen: 11303K(349696K)->11351K(349696K)
[330.195s][info][gc,metaspace   ] GC(2661) Metaspace: 14411K(15296K)->14411K(15296K) NonClass: 12430K(12928K)->12430K(12928K) Class: 1981K(2368K)->1981K(2368K)
[330.195s][info][gc             ] GC(2661) Pause Young (Allocation Failure) 179M->12M(510M) 2.906ms
[330.195s][info][gc,cpu         ] GC(2661) User=0.00s Sys=0.00s Real=0.00s
[330.390s][info][gc,start       ] GC(2662) Pause Young (Allocation Failure)
[330.393s][info][gc,heap        ] GC(2662) PSYoungGen: 172544K(173056K)->992K(173056K) Eden: 171520K(171520K)->0K(171520K) From: 1024K(1536K)->992K(1536K)
[330.393s][info][gc,heap        ] GC(2662) ParOldGen: 11351K(349696K)->11399K(349696K)
[330.393s][info][gc,metaspace   ] GC(2662) Metaspace: 14411K(15296K)->14411K(15296K) NonClass: 12430K(12928K)->12430K(12928K) Class: 1981K(2368K)->1981K(2368K)
[330.393s][info][gc             ] GC(2662) Pause Young (Allocation Failure) 179M->12M(510M) 3.815ms
[330.393s][info][gc,cpu         ] GC(2662) User=0.00s Sys=0.00s Real=0.00s
[330.524s][info][gc,start       ] GC(2663) Pause Young (Allocation Failure)
[330.527s][info][gc,heap        ] GC(2663) PSYoungGen: 172512K(173056K)->992K(173056K) Eden: 171520K(171520K)->0K(171520K) From: 992K(1536K)->992K(1536K)
[330.527s][info][gc,heap        ] GC(2663) ParOldGen: 11399K(349696K)->11463K(349696K)
[330.527s][info][gc,metaspace   ] GC(2663) Metaspace: 14411K(15296K)->14411K(15296K) NonClass: 12430K(12928K)->12430K(12928K) Class: 1981K(2368K)->1981K(2368K)
[330.527s][info][gc             ] GC(2663) Pause Young (Allocation Failure) 179M->12M(510M) 2.765ms
[330.527s][info][gc,cpu         ] GC(2663) User=0.00s Sys=0.00s Real=0.00s
[330.652s][info][gc,start       ] GC(2664) Pause Young (Allocation Failure)
[330.654s][info][gc,heap        ] GC(2664) PSYoungGen: 172512K(173056K)->1024K(173056K) Eden: 171520K(171520K)->0K(171520K) From: 992K(1536K)->1024K(1536K)
[330.654s][info][gc,heap        ] GC(2664) ParOldGen: 11463K(349696K)->11511K(349696K)
[330.654s][info][gc,metaspace   ] GC(2664) Metaspace: 14411K(15296K)->14411K(15296K) NonClass: 12430K(12928K)->12430K(12928K) Class: 1981K(2368K)->1981K(2368K)
[330.654s][info][gc             ] GC(2664) Pause Young (Allocation Failure) 179M->12M(510M) 2.685ms
[330.654s][info][gc,cpu         ] GC(2664) User=0.00s Sys=0.00s Real=0.00s
[330.780s][info][gc,start       ] GC(2665) Pause Young (Allocation Failure)
[330.782s][info][gc,heap        ] GC(2665) PSYoungGen: 172544K(173056K)->1024K(173056K) Eden: 171520K(171520K)->0K(171520K) From: 1024K(1536K)->1024K(1536K)
[330.782s][info][gc,heap        ] GC(2665) ParOldGen: 11511K(349696K)->11575K(349696K)
[330.782s][info][gc,metaspace   ] GC(2665) Metaspace: 14411K(15296K)->14411K(15296K) NonClass: 12430K(12928K)->12430K(12928K) Class: 1981K(2368K)->1981K(2368K)
[330.782s][info][gc             ] GC(2665) Pause Young (Allocation Failure) 179M->12M(510M) 2.566ms
[330.782s][info][gc,cpu         ] GC(2665) User=0.00s Sys=0.00s Real=0.00s
[330.905s][info][gc,start       ] GC(2666) Pause Young (Allocation Failure)
[330.908s][info][gc,heap        ] GC(2666) PSYoungGen: 172544K(173056K)->1024K(173056K) Eden: 171520K(171520K)->0K(171520K) From: 1024K(1536K)->1024K(1536K)
[330.908s][info][gc,heap        ] GC(2666) ParOldGen: 11575K(349696K)->11623K(349696K)
[330.908s][info][gc,metaspace   ] GC(2666) Metaspace: 14411K(15296K)->14411K(15296K) NonClass: 12430K(12928K)->12430K(12928K) Class: 1981K(2368K)->1981K(2368K)
[330.908s][info][gc             ] GC(2666) Pause Young (Allocation Failure) 179M->12M(510M) 2.610ms
[330.908s][info][gc,cpu         ] GC(2666) User=0.00s Sys=0.00s Real=0.00s
[331.042s][info][gc,start       ] GC(2667) Pause Young (Allocation Failure)
[331.045s][info][gc,heap        ] GC(2667) PSYoungGen: 172544K(173056K)->992K(173056K) Eden: 171520K(171520K)->0K(171520K) From: 1024K(1536K)->992K(1536K)
[331.045s][info][gc,heap        ] GC(2667) ParOldGen: 11623K(349696K)->11687K(349696K)
[331.045s][info][gc,metaspace   ] GC(2667) Metaspace: 14411K(15296K)->14411K(15296K) NonClass: 12430K(12928K)->12430K(12928K) Class: 1981K(2368K)->1981K(2368K)
[331.045s][info][gc             ] GC(2667) Pause Young (Allocation Failure) 179M->12M(510M) 2.603ms
[331.045s][info][gc,cpu         ] GC(2667) User=0.00s Sys=0.00s Real=0.00s
[331.174s][info][gc,start       ] GC(2668) Pause Young (Allocation Failure)
[331.177s][info][gc,heap        ] GC(2668) PSYoungGen: 172512K(173056K)->928K(173056K) Eden: 171520K(171520K)->0K(171520K) From: 992K(1536K)->928K(1536K)
[331.177s][info][gc,heap        ] GC(2668) ParOldGen: 11687K(349696K)->11743K(349696K)
[331.177s][info][gc,metaspace   ] GC(2668) Metaspace: 14411K(15296K)->14411K(15296K) NonClass: 12430K(12928K)->12430K(12928K) Class: 1981K(2368K)->1981K(2368K)
[331.177s][info][gc             ] GC(2668) Pause Young (Allocation Failure) 179M->12M(510M) 2.493ms
[331.177s][info][gc,cpu         ] GC(2668) User=0.52s Sys=0.00s Real=0.00s
[331.300s][info][gc,start       ] GC(2669) Pause Young (Allocation Failure)
[331.303s][info][gc,heap        ] GC(2669) PSYoungGen: 172448K(173056K)->1024K(173056K) Eden: 171520K(171520K)->0K(171520K) From: 928K(1536K)->1024K(1536K)
[331.303s][info][gc,heap        ] GC(2669) ParOldGen: 11743K(349696K)->11799K(349696K)
[331.303s][info][gc,metaspace   ] GC(2669) Metaspace: 14411K(15296K)->14411K(15296K) NonClass: 12430K(12928K)->12430K(12928K) Class: 1981K(2368K)->1981K(2368K)
[331.303s][info][gc             ] GC(2669) Pause Young (Allocation Failure) 179M->12M(510M) 2.451ms
[331.303s][info][gc,cpu         ] GC(2669) User=0.52s Sys=0.00s Real=0.00s
[331.425s][info][gc,start       ] GC(2670) Pause Young (Allocation Failure)
[331.428s][info][gc,heap        ] GC(2670) PSYoungGen: 172544K(173056K)->1024K(173056K) Eden: 171520K(171520K)->0K(171520K) From: 1024K(1536K)->1024K(1536K)
[331.428s][info][gc,heap        ] GC(2670) ParOldGen: 11799K(349696K)->11847K(349696K)
[331.428s][info][gc,metaspace   ] GC(2670) Metaspace: 14411K(15296K)->14411K(15296K) NonClass: 12430K(12928K)->12430K(12928K) Class: 1981K(2368K)->1981K(2368K)
[331.428s][info][gc             ] GC(2670) Pause Young (Allocation Failure) 180M->12M(510M) 2.467ms
[331.428s][info][gc,cpu         ] GC(2670) User=0.52s Sys=0.00s Real=0.00s
[331.550s][info][gc,start       ] GC(2671) Pause Young (Allocation Failure)
[331.552s][info][gc,heap        ] GC(2671) PSYoungGen: 172544K(173056K)->1024K(173056K) Eden: 171520K(171520K)->0K(171520K) From: 1024K(1536K)->1024K(1536K)
[331.552s][info][gc,heap        ] GC(2671) ParOldGen: 11847K(349696K)->11895K(349696K)
[331.552s][info][gc,metaspace   ] GC(2671) Metaspace: 14411K(15296K)->14411K(15296K) NonClass: 12430K(12928K)->12430K(12928K) Class: 1981K(2368K)->1981K(2368K)
[331.552s][info][gc             ] GC(2671) Pause Young (Allocation Failure) 180M->12M(510M) 2.514ms
[331.552s][info][gc,cpu         ] GC(2671) User=0.52s Sys=0.00s Real=0.00s
[331.675s][info][gc,start       ] GC(2672) Pause Young (Allocation Failure)
[331.678s][info][gc,heap        ] GC(2672) PSYoungGen: 172544K(173056K)->1024K(173056K) Eden: 171520K(171520K)->0K(171520K) From: 1024K(1536K)->1024K(1536K)
[331.678s][info][gc,heap        ] GC(2672) ParOldGen: 11895K(349696K)->11943K(349696K)
[331.678s][info][gc,metaspace   ] GC(2672) Metaspace: 14411K(15296K)->14411K(15296K) NonClass: 12430K(12928K)->12430K(12928K) Class: 1981K(2368K)->1981K(2368K)
[331.678s][info][gc             ] GC(2672) Pause Young (Allocation Failure) 180M->12M(510M) 2.534ms
[331.678s][info][gc,cpu         ] GC(2672) User=0.52s Sys=0.00s Real=0.00s
[331.799s][info][gc,start       ] GC(2673) Pause Young (Allocation Failure)
[331.802s][info][gc,heap        ] GC(2673) PSYoungGen: 172544K(173056K)->1024K(173056K) Eden: 171520K(171520K)->0K(171520K) From: 1024K(1536K)->1024K(1536K)
[331.802s][info][gc,heap        ] GC(2673) ParOldGen: 11943K(349696K)->11999K(349696K)
[331.802s][info][gc,metaspace   ] GC(2673) Metaspace: 14411K(15296K)->14411K(15296K) NonClass: 12430K(12928K)->12430K(12928K) Class: 1981K(2368K)->1981K(2368K)
[331.802s][info][gc             ] GC(2673) Pause Young (Allocation Failure) 180M->12M(510M) 2.613ms
[331.802s][info][gc,cpu         ] GC(2673) User=0.52s Sys=0.00s Real=0.00s
[331.921s][info][gc,start       ] GC(2674) Pause Young (Allocation Failure)
[331.924s][info][gc,heap        ] GC(2674) PSYoungGen: 172544K(173056K)->1024K(173056K) Eden: 171520K(171520K)->0K(171520K) From: 1024K(1536K)->1024K(1536K)
[331.948s][info][gc,heap        ] GC(2674) ParOldGen: 11999K(349696K)->12063K(349696K)
[331.948s][info][gc,metaspace   ] GC(2674) Metaspace: 14411K(15296K)->14411K(15296K) NonClass: 12430K(12928K)->12430K(12928K) Class: 1981K(2368K)->1981K(2368K)
[331.948s][info][gc             ] GC(2674) Pause Young (Allocation Failure) 180M->12M(510M) 27.044ms
[331.948s][info][gc,cpu         ] GC(2674) User=0.00s Sys=0.00s Real=0.03s
[332.076s][info][gc,start       ] GC(2675) Pause Young (Allocation Failure)
[332.078s][info][gc,heap        ] GC(2675) PSYoungGen: 172544K(173056K)->992K(173056K) Eden: 171520K(171520K)->0K(171520K) From: 1024K(1536K)->992K(1536K)
[332.078s][info][gc,heap        ] GC(2675) ParOldGen: 12063K(349696K)->12135K(349696K)
[332.078s][info][gc,metaspace   ] GC(2675) Metaspace: 14411K(15296K)->14411K(15296K) NonClass: 12430K(12928K)->12430K(12928K) Class: 1981K(2368K)->1981K(2368K)
[332.078s][info][gc             ] GC(2675) Pause Young (Allocation Failure) 180M->12M(510M) 2.571ms
[332.078s][info][gc,cpu         ] GC(2675) User=0.00s Sys=0.00s Real=0.00s
[332.200s][info][gc,start       ] GC(2676) Pause Young (Allocation Failure)
[332.202s][info][gc,heap        ] GC(2676) PSYoungGen: 172512K(173056K)->992K(173056K) Eden: 171520K(171520K)->0K(171520K) From: 992K(1536K)->992K(1536K)
[332.202s][info][gc,heap        ] GC(2676) ParOldGen: 12135K(349696K)->12191K(349696K)
[332.202s][info][gc,metaspace   ] GC(2676) Metaspace: 14411K(15296K)->14411K(15296K) NonClass: 12430K(12928K)->12430K(12928K) Class: 1981K(2368K)->1981K(2368K)
[332.202s][info][gc             ] GC(2676) Pause Young (Allocation Failure) 180M->12M(510M) 2.652ms
[332.202s][info][gc,cpu         ] GC(2676) User=0.00s Sys=0.00s Real=0.00s
[332.323s][info][gc,start       ] GC(2677) Pause Young (Allocation Failure)
[332.326s][info][gc,heap        ] GC(2677) PSYoungGen: 172512K(173056K)->992K(173056K) Eden: 171520K(171520K)->0K(171520K) From: 992K(1536K)->992K(1536K)
[332.326s][info][gc,heap        ] GC(2677) ParOldGen: 12191K(349696K)->12247K(349696K)
[332.326s][info][gc,metaspace   ] GC(2677) Metaspace: 14411K(15296K)->14411K(15296K) NonClass: 12430K(12928K)->12430K(12928K) Class: 1981K(2368K)->1981K(2368K)
[332.326s][info][gc             ] GC(2677) Pause Young (Allocation Failure) 180M->12M(510M) 2.685ms
[332.326s][info][gc,cpu         ] GC(2677) User=0.00s Sys=0.00s Real=0.00s
[332.448s][info][gc,start       ] GC(2678) Pause Young (Allocation Failure)
[332.451s][info][gc,heap        ] GC(2678) PSYoungGen: 172512K(173056K)->1024K(173056K) Eden: 171520K(171520K)->0K(171520K) From: 992K(1536K)->1024K(1536K)
[332.451s][info][gc,heap        ] GC(2678) ParOldGen: 12247K(349696K)->12295K(349696K)
[332.451s][info][gc,metaspace   ] GC(2678) Metaspace: 14411K(15296K)->14411K(15296K) NonClass: 12430K(12928K)->12430K(12928K) Class: 1981K(2368K)->1981K(2368K)
[332.451s][info][gc             ] GC(2678) Pause Young (Allocation Failure) 180M->13M(510M) 2.673ms
[332.451s][info][gc,cpu         ] GC(2678) User=0.00s Sys=0.00s Real=0.00s
[332.572s][info][gc,start       ] GC(2679) Pause Young (Allocation Failure)
[332.575s][info][gc,heap        ] GC(2679) PSYoungGen: 172544K(173056K)->992K(173056K) Eden: 171520K(171520K)->0K(171520K) From: 1024K(1536K)->992K(1536K)
[332.575s][info][gc,heap        ] GC(2679) ParOldGen: 12295K(349696K)->12335K(349696K)
[332.575s][info][gc,metaspace   ] GC(2679) Metaspace: 14411K(15296K)->14411K(15296K) NonClass: 12430K(12928K)->12430K(12928K) Class: 1981K(2368K)->1981K(2368K)
[332.575s][info][gc             ] GC(2679) Pause Young (Allocation Failure) 180M->13M(510M) 2.695ms
[332.575s][info][gc,cpu         ] GC(2679) User=0.00s Sys=0.00s Real=0.00s
[332.695s][info][gc,start       ] GC(2680) Pause Young (Allocation Failure)
[332.698s][info][gc,heap        ] GC(2680) PSYoungGen: 172512K(173056K)->992K(173056K) Eden: 171520K(171520K)->0K(171520K) From: 992K(1536K)->992K(1536K)
[332.698s][info][gc,heap        ] GC(2680) ParOldGen: 12335K(349696K)->12383K(349696K)
[332.698s][info][gc,metaspace   ] GC(2680) Metaspace: 14411K(15296K)->14411K(15296K) NonClass: 12430K(12928K)->12430K(12928K) Class: 1981K(2368K)->1981K(2368K)
[332.698s][info][gc             ] GC(2680) Pause Young (Allocation Failure) 180M->13M(510M) 2.737ms
[332.698s][info][gc,cpu         ] GC(2680) User=0.00s Sys=0.00s Real=0.00s
[332.811s][info][gc,start       ] GC(2681) Pause Young (Allocation Failure)
[332.814s][info][gc,heap        ] GC(2681) PSYoungGen: 172512K(173056K)->1024K(173056K) Eden: 171520K(171520K)->0K(171520K) From: 992K(1536K)->1024K(1536K)
[332.814s][info][gc,heap        ] GC(2681) ParOldGen: 12383K(349696K)->12431K(349696K)
[332.814s][info][gc,metaspace   ] GC(2681) Metaspace: 14411K(15296K)->14411K(15296K) NonClass: 12430K(12928K)->12430K(12928K) Class: 1981K(2368K)->1981K(2368K)
[332.814s][info][gc             ] GC(2681) Pause Young (Allocation Failure) 180M->13M(510M) 2.774ms
[332.814s][info][gc,cpu         ] GC(2681) User=0.00s Sys=0.00s Real=0.00s
[332.926s][info][gc,start       ] GC(2682) Pause Young (Allocation Failure)
[332.929s][info][gc,heap        ] GC(2682) PSYoungGen: 172544K(173056K)->1024K(173056K) Eden: 171520K(171520K)->0K(171520K) From: 1024K(1536K)->1024K(1536K)
[332.929s][info][gc,heap        ] GC(2682) ParOldGen: 12431K(349696K)->12471K(349696K)
[332.929s][info][gc,metaspace   ] GC(2682) Metaspace: 14411K(15296K)->14411K(15296K) NonClass: 12430K(12928K)->12430K(12928K) Class: 1981K(2368K)->1981K(2368K)
[332.929s][info][gc             ] GC(2682) Pause Young (Allocation Failure) 180M->13M(510M) 2.766ms
[332.929s][info][gc,cpu         ] GC(2682) User=0.00s Sys=0.00s Real=0.00s
[333.043s][info][gc,start       ] GC(2683) Pause Young (Allocation Failure)
[333.046s][info][gc,heap        ] GC(2683) PSYoungGen: 172544K(173056K)->992K(173056K) Eden: 171520K(171520K)->0K(171520K) From: 1024K(1536K)->992K(1536K)
[333.046s][info][gc,heap        ] GC(2683) ParOldGen: 12471K(349696K)->12503K(349696K)
[333.046s][info][gc,metaspace   ] GC(2683) Metaspace: 14411K(15296K)->14411K(15296K) NonClass: 12430K(12928K)->12430K(12928K) Class: 1981K(2368K)->1981K(2368K)
[333.046s][info][gc             ] GC(2683) Pause Young (Allocation Failure) 180M->13M(510M) 2.925ms
[333.046s][info][gc,cpu         ] GC(2683) User=0.00s Sys=0.00s Real=0.00s
[333.154s][info][gc,start       ] GC(2684) Pause Young (Allocation Failure)
[333.157s][info][gc,heap        ] GC(2684) PSYoungGen: 172512K(173056K)->992K(173056K) Eden: 171520K(171520K)->0K(171520K) From: 992K(1536K)->992K(1536K)
[333.157s][info][gc,heap        ] GC(2684) ParOldGen: 12503K(349696K)->12567K(349696K)
[333.157s][info][gc,metaspace   ] GC(2684) Metaspace: 14411K(15296K)->14411K(15296K) NonClass: 12430K(12928K)->12430K(12928K) Class: 1981K(2368K)->1981K(2368K)
[333.157s][info][gc             ] GC(2684) Pause Young (Allocation Failure) 180M->13M(510M) 2.860ms
[333.157s][info][gc,cpu         ] GC(2684) User=0.00s Sys=0.00s Real=0.00s
[333.253s][info][gc,start       ] GC(2685) Pause Young (Allocation Failure)
[333.256s][info][gc,heap        ] GC(2685) PSYoungGen: 172512K(173056K)->896K(173056K) Eden: 171520K(171520K)->0K(171520K) From: 992K(1536K)->896K(1536K)
[333.256s][info][gc,heap        ] GC(2685) ParOldGen: 12567K(349696K)->12607K(349696K)
[333.256s][info][gc,metaspace   ] GC(2685) Metaspace: 14411K(15296K)->14411K(15296K) NonClass: 12430K(12928K)->12430K(12928K) Class: 1981K(2368K)->1981K(2368K)
[333.256s][info][gc             ] GC(2685) Pause Young (Allocation Failure) 180M->13M(510M) 2.978ms
[333.256s][info][gc,cpu         ] GC(2685) User=0.52s Sys=0.00s Real=0.00s
[333.334s][info][gc,start       ] GC(2686) Pause Young (Allocation Failure)
[333.337s][info][gc,heap        ] GC(2686) PSYoungGen: 172416K(173056K)->800K(173056K) Eden: 171520K(171520K)->0K(171520K) From: 896K(1536K)->800K(1536K)
[333.337s][info][gc,heap        ] GC(2686) ParOldGen: 12607K(349696K)->12655K(349696K)
[333.337s][info][gc,metaspace   ] GC(2686) Metaspace: 14411K(15296K)->14411K(15296K) NonClass: 12430K(12928K)->12430K(12928K) Class: 1981K(2368K)->1981K(2368K)
[333.337s][info][gc             ] GC(2686) Pause Young (Allocation Failure) 180M->13M(510M) 2.936ms
[333.337s][info][gc,cpu         ] GC(2686) User=0.00s Sys=0.00s Real=0.00s
[333.403s][info][gc,start       ] GC(2687) Pause Young (Allocation Failure)
[333.406s][info][gc,heap        ] GC(2687) PSYoungGen: 172320K(173056K)->768K(173056K) Eden: 171520K(171520K)->0K(171520K) From: 800K(1536K)->768K(1536K)
[333.406s][info][gc,heap        ] GC(2687) ParOldGen: 12655K(349696K)->12695K(349696K)
[333.406s][info][gc,metaspace   ] GC(2687) Metaspace: 14411K(15296K)->14411K(15296K) NonClass: 12430K(12928K)->12430K(12928K) Class: 1981K(2368K)->1981K(2368K)
[333.406s][info][gc             ] GC(2687) Pause Young (Allocation Failure) 180M->13M(510M) 2.947ms
[333.406s][info][gc,cpu         ] GC(2687) User=0.00s Sys=0.00s Real=0.00s
[333.494s][info][gc,start       ] GC(2688) Pause Young (Allocation Failure)
[333.496s][info][gc,heap        ] GC(2688) PSYoungGen: 172288K(173056K)->736K(173056K) Eden: 171520K(171520K)->0K(171520K) From: 768K(1536K)->736K(1536K)
[333.496s][info][gc,heap        ] GC(2688) ParOldGen: 12695K(349696K)->12735K(349696K)
[333.496s][info][gc,metaspace   ] GC(2688) Metaspace: 14411K(15296K)->14411K(15296K) NonClass: 12430K(12928K)->12430K(12928K) Class: 1981K(2368K)->1981K(2368K)
[333.496s][info][gc             ] GC(2688) Pause Young (Allocation Failure) 180M->13M(510M) 2.884ms
[333.496s][info][gc,cpu         ] GC(2688) User=0.00s Sys=0.00s Real=0.00s
[333.695s][info][gc,start       ] GC(2689) Pause Young (System.gc())
[333.698s][info][gc,heap        ] GC(2689) PSYoungGen: 140022K(173056K)->352K(173056K) Eden: 139286K(171520K)->0K(171520K) From: 736K(1536K)->352K(1536K)
[333.698s][info][gc,heap        ] GC(2689) ParOldGen: 12735K(349696K)->12783K(349696K)
[333.698s][info][gc,metaspace   ] GC(2689) Metaspace: 14411K(15296K)->14411K(15296K) NonClass: 12430K(12928K)->12430K(12928K) Class: 1981K(2368K)->1981K(2368K)
[333.698s][info][gc             ] GC(2689) Pause Young (System.gc()) 149M->12M(510M) 3.170ms
[333.699s][info][gc,cpu         ] GC(2689) User=0.00s Sys=0.00s Real=0.00s
[333.699s][info][gc,start       ] GC(2690) Pause Full (System.gc())
[333.699s][info][gc,phases,start] GC(2690) Marking Phase
[333.710s][info][gc,phases      ] GC(2690) Marking Phase 11.815ms
[333.710s][info][gc,phases,start] GC(2690) Summary Phase
[333.711s][info][gc,phases      ] GC(2690) Summary Phase 0.021ms
[333.711s][info][gc,phases,start] GC(2690) Adjust Roots
[333.716s][info][gc,phases      ] GC(2690) Adjust Roots 5.060ms
[333.716s][info][gc,phases,start] GC(2690) Compaction Phase
[333.717s][info][gc,phases      ] GC(2690) Compaction Phase 1.791ms
[333.717s][info][gc,phases,start] GC(2690) Post Compact
[333.718s][info][gc,phases      ] GC(2690) Post Compact 0.175ms
[333.718s][info][gc,heap        ] GC(2690) PSYoungGen: 352K(173056K)->0K(173056K) Eden: 0K(171520K)->0K(171520K) From: 352K(1536K)->0K(1536K)
[333.718s][info][gc,heap        ] GC(2690) ParOldGen: 12783K(349696K)->5384K(349696K)
[333.718s][info][gc,metaspace   ] GC(2690) Metaspace: 14411K(15296K)->14411K(15296K) NonClass: 12430K(12928K)->12430K(12928K) Class: 1981K(2368K)->1981K(2368K)
[333.718s][info][gc             ] GC(2690) Pause Full (System.gc()) 12M->5M(510M) 19.117ms
[333.718s][info][gc,cpu         ] GC(2690) User=0.02s Sys=0.00s Real=0.01s
[333.862s][info][gc,start       ] GC(2691) Pause Young (Allocation Failure)
[333.865s][info][gc,heap        ] GC(2691) PSYoungGen: 171520K(173056K)->1536K(172032K) Eden: 171520K(171520K)->0K(170496K) From: 0K(1536K)->1536K(1536K)
[333.865s][info][gc,heap        ] GC(2691) ParOldGen: 5384K(349696K)->5874K(349696K)
[333.865s][info][gc,metaspace   ] GC(2691) Metaspace: 14411K(15296K)->14411K(15296K) NonClass: 12430K(12928K)->12430K(12928K) Class: 1981K(2368K)->1981K(2368K)
[333.865s][info][gc             ] GC(2691) Pause Young (Allocation Failure) 172M->7M(509M) 3.201ms
[333.865s][info][gc,cpu         ] GC(2691) User=0.52s Sys=0.00s Real=0.00s
[333.979s][info][gc,start       ] GC(2692) Pause Young (Allocation Failure)
[333.982s][info][gc,heap        ] GC(2692) PSYoungGen: 172032K(172032K)->992K(172544K) Eden: 170496K(170496K)->0K(170496K) From: 1536K(1536K)->992K(2048K)
[333.982s][info][gc,heap        ] GC(2692) ParOldGen: 5874K(349696K)->7039K(349696K)
[333.982s][info][gc,metaspace   ] GC(2692) Metaspace: 14411K(15296K)->14411K(15296K) NonClass: 12430K(12928K)->12430K(12928K) Class: 1981K(2368K)->1981K(2368K)
[333.982s][info][gc             ] GC(2692) Pause Young (Allocation Failure) 173M->7M(510M) 3.042ms
[333.982s][info][gc,cpu         ] GC(2692) User=0.00s Sys=0.00s Real=0.00s
[334.179s][info][gc,start       ] GC(2693) Pause Young (Allocation Failure)
[334.183s][info][gc,heap        ] GC(2693) PSYoungGen: 171488K(172544K)->992K(171520K) Eden: 170496K(170496K)->0K(170496K) From: 992K(2048K)->992K(1024K)
[334.183s][info][gc,heap        ] GC(2693) ParOldGen: 7039K(349696K)->7095K(349696K)
[334.183s][info][gc,metaspace   ] GC(2693) Metaspace: 14411K(15296K)->14411K(15296K) NonClass: 12430K(12928K)->12430K(12928K) Class: 1981K(2368K)->1981K(2368K)
[334.183s][info][gc             ] GC(2693) Pause Young (Allocation Failure) 174M->7M(509M) 4.102ms
[334.183s][info][gc,cpu         ] GC(2693) User=0.00s Sys=0.00s Real=0.00s
[334.322s][info][gc,start       ] GC(2694) Pause Young (Allocation Failure)
[334.324s][info][gc,heap        ] GC(2694) PSYoungGen: 171488K(171520K)->992K(172032K) Eden: 170496K(170496K)->0K(170496K) From: 992K(1024K)->992K(1536K)
[334.324s][info][gc,heap        ] GC(2694) ParOldGen: 7095K(349696K)->7151K(349696K)
[334.324s][info][gc,metaspace   ] GC(2694) Metaspace: 14411K(15296K)->14411K(15296K) NonClass: 12430K(12928K)->12430K(12928K) Class: 1981K(2368K)->1981K(2368K)
[334.325s][info][gc             ] GC(2694) Pause Young (Allocation Failure) 174M->7M(509M) 2.820ms
[334.325s][info][gc,cpu         ] GC(2694) User=0.00s Sys=0.00s Real=0.00s
[334.465s][info][gc,start       ] GC(2695) Pause Young (Allocation Failure)
[334.467s][info][gc,heap        ] GC(2695) PSYoungGen: 171488K(172032K)->1024K(173056K) Eden: 170496K(170496K)->0K(171520K) From: 992K(1536K)->1024K(1536K)
[334.467s][info][gc,heap        ] GC(2695) ParOldGen: 7151K(349696K)->7199K(349696K)
[334.467s][info][gc,metaspace   ] GC(2695) Metaspace: 14411K(15296K)->14411K(15296K) NonClass: 12430K(12928K)->12430K(12928K) Class: 1981K(2368K)->1981K(2368K)
[334.467s][info][gc             ] GC(2695) Pause Young (Allocation Failure) 174M->8M(510M) 2.739ms
[334.467s][info][gc,cpu         ] GC(2695) User=0.00s Sys=0.00s Real=0.00s
[334.606s][info][gc,start       ] GC(2696) Pause Young (Allocation Failure)
[334.608s][info][gc,heap        ] GC(2696) PSYoungGen: 172544K(173056K)->992K(173056K) Eden: 171520K(171520K)->0K(171520K) From: 1024K(1536K)->992K(1536K)
[334.608s][info][gc,heap        ] GC(2696) ParOldGen: 7199K(349696K)->7263K(349696K)
[334.608s][info][gc,metaspace   ] GC(2696) Metaspace: 14411K(15296K)->14411K(15296K) NonClass: 12430K(12928K)->12430K(12928K) Class: 1981K(2368K)->1981K(2368K)
[334.608s][info][gc             ] GC(2696) Pause Young (Allocation Failure) 175M->8M(510M) 2.655ms
[334.608s][info][gc,cpu         ] GC(2696) User=0.00s Sys=0.00s Real=0.00s
[334.738s][info][gc,start       ] GC(2697) Pause Young (Allocation Failure)
[334.741s][info][gc,heap        ] GC(2697) PSYoungGen: 172512K(173056K)->1024K(173056K) Eden: 171520K(171520K)->0K(171520K) From: 992K(1536K)->1024K(1536K)
[334.741s][info][gc,heap        ] GC(2697) ParOldGen: 7263K(349696K)->7311K(349696K)
[334.741s][info][gc,metaspace   ] GC(2697) Metaspace: 14411K(15296K)->14411K(15296K) NonClass: 12430K(12928K)->12430K(12928K) Class: 1981K(2368K)->1981K(2368K)
[334.741s][info][gc             ] GC(2697) Pause Young (Allocation Failure) 175M->8M(510M) 2.579ms
[334.741s][info][gc,cpu         ] GC(2697) User=0.52s Sys=0.00s Real=0.00s
[334.868s][info][gc,start       ] GC(2698) Pause Young (Allocation Failure)
[334.871s][info][gc,heap        ] GC(2698) PSYoungGen: 172544K(173056K)->1024K(173056K) Eden: 171520K(171520K)->0K(171520K) From: 1024K(1536K)->1024K(1536K)
[334.871s][info][gc,heap        ] GC(2698) ParOldGen: 7311K(349696K)->7359K(349696K)
[334.871s][info][gc,metaspace   ] GC(2698) Metaspace: 14411K(15296K)->14411K(15296K) NonClass: 12430K(12928K)->12430K(12928K) Class: 1981K(2368K)->1981K(2368K)
[334.871s][info][gc             ] GC(2698) Pause Young (Allocation Failure) 175M->8M(510M) 2.634ms
[334.871s][info][gc,cpu         ] GC(2698) User=0.00s Sys=0.00s Real=0.00s
[334.995s][info][gc,start       ] GC(2699) Pause Young (Allocation Failure)
[334.998s][info][gc,heap        ] GC(2699) PSYoungGen: 172544K(173056K)->1024K(173056K) Eden: 171520K(171520K)->0K(171520K) From: 1024K(1536K)->1024K(1536K)
[334.998s][info][gc,heap        ] GC(2699) ParOldGen: 7359K(349696K)->7431K(349696K)
[334.998s][info][gc,metaspace   ] GC(2699) Metaspace: 14411K(15296K)->14411K(15296K) NonClass: 12430K(12928K)->12430K(12928K) Class: 1981K(2368K)->1981K(2368K)
[334.998s][info][gc             ] GC(2699) Pause Young (Allocation Failure) 175M->8M(510M) 2.607ms
[334.998s][info][gc,cpu         ] GC(2699) User=0.00s Sys=0.00s Real=0.00s
[335.123s][info][gc,start       ] GC(2700) Pause Young (Allocation Failure)
[335.126s][info][gc,heap        ] GC(2700) PSYoungGen: 172544K(173056K)->992K(173056K) Eden: 171520K(171520K)->0K(171520K) From: 1024K(1536K)->992K(1536K)
[335.126s][info][gc,heap        ] GC(2700) ParOldGen: 7431K(349696K)->7479K(349696K)
[335.126s][info][gc,metaspace   ] GC(2700) Metaspace: 14411K(15296K)->14411K(15296K) NonClass: 12430K(12928K)->12430K(12928K) Class: 1981K(2368K)->1981K(2368K)
[335.126s][info][gc             ] GC(2700) Pause Young (Allocation Failure) 175M->8M(510M) 2.591ms
[335.126s][info][gc,cpu         ] GC(2700) User=0.00s Sys=0.00s Real=0.00s
[335.252s][info][gc,start       ] GC(2701) Pause Young (Allocation Failure)
[335.254s][info][gc,heap        ] GC(2701) PSYoungGen: 172512K(173056K)->1024K(173056K) Eden: 171520K(171520K)->0K(171520K) From: 992K(1536K)->1024K(1536K)
[335.254s][info][gc,heap        ] GC(2701) ParOldGen: 7479K(349696K)->7543K(349696K)
[335.254s][info][gc,metaspace   ] GC(2701) Metaspace: 14411K(15296K)->14411K(15296K) NonClass: 12430K(12928K)->12430K(12928K) Class: 1981K(2368K)->1981K(2368K)
[335.254s][info][gc             ] GC(2701) Pause Young (Allocation Failure) 175M->8M(510M) 2.563ms
[335.254s][info][gc,cpu         ] GC(2701) User=0.52s Sys=0.00s Real=0.00s
[335.380s][info][gc,start       ] GC(2702) Pause Young (Allocation Failure)
[335.383s][info][gc,heap        ] GC(2702) PSYoungGen: 172544K(173056K)->1024K(173056K) Eden: 171520K(171520K)->0K(171520K) From: 1024K(1536K)->1024K(1536K)
[335.383s][info][gc,heap        ] GC(2702) ParOldGen: 7543K(349696K)->7591K(349696K)
[335.383s][info][gc,metaspace   ] GC(2702) Metaspace: 14411K(15296K)->14411K(15296K) NonClass: 12430K(12928K)->12430K(12928K) Class: 1981K(2368K)->1981K(2368K)
[335.383s][info][gc             ] GC(2702) Pause Young (Allocation Failure) 175M->8M(510M) 2.613ms
[335.383s][info][gc,cpu         ] GC(2702) User=0.00s Sys=0.00s Real=0.00s
[335.509s][info][gc,start       ] GC(2703) Pause Young (Allocation Failure)
[335.512s][info][gc,heap        ] GC(2703) PSYoungGen: 172544K(173056K)->1024K(173056K) Eden: 171520K(171520K)->0K(171520K) From: 1024K(1536K)->1024K(1536K)
[335.512s][info][gc,heap        ] GC(2703) ParOldGen: 7591K(349696K)->7647K(349696K)
[335.512s][info][gc,metaspace   ] GC(2703) Metaspace: 14411K(15296K)->14411K(15296K) NonClass: 12430K(12928K)->12430K(12928K) Class: 1981K(2368K)->1981K(2368K)
[335.512s][info][gc             ] GC(2703) Pause Young (Allocation Failure) 175M->8M(510M) 2.673ms
[335.512s][info][gc,cpu         ] GC(2703) User=0.00s Sys=0.00s Real=0.00s
[335.639s][info][gc,start       ] GC(2704) Pause Young (Allocation Failure)
[335.641s][info][gc,heap        ] GC(2704) PSYoungGen: 172544K(173056K)->992K(173056K) Eden: 171520K(171520K)->0K(171520K) From: 1024K(1536K)->992K(1536K)
[335.642s][info][gc,heap        ] GC(2704) ParOldGen: 7647K(349696K)->7703K(349696K)
[335.642s][info][gc,metaspace   ] GC(2704) Metaspace: 14411K(15296K)->14411K(15296K) NonClass: 12430K(12928K)->12430K(12928K) Class: 1981K(2368K)->1981K(2368K)
[335.642s][info][gc             ] GC(2704) Pause Young (Allocation Failure) 175M->8M(510M) 2.624ms
[335.642s][info][gc,cpu         ] GC(2704) User=0.00s Sys=0.00s Real=0.00s
[335.768s][info][gc,start       ] GC(2705) Pause Young (Allocation Failure)
[335.770s][info][gc,heap        ] GC(2705) PSYoungGen: 172512K(173056K)->992K(173056K) Eden: 171520K(171520K)->0K(171520K) From: 992K(1536K)->992K(1536K)
[335.770s][info][gc,heap        ] GC(2705) ParOldGen: 7703K(349696K)->7783K(349696K)
[335.770s][info][gc,metaspace   ] GC(2705) Metaspace: 14411K(15296K)->14411K(15296K) NonClass: 12430K(12928K)->12430K(12928K) Class: 1981K(2368K)->1981K(2368K)
[335.770s][info][gc             ] GC(2705) Pause Young (Allocation Failure) 175M->8M(510M) 2.650ms
[335.770s][info][gc,cpu         ] GC(2705) User=0.52s Sys=0.00s Real=0.00s
[335.899s][info][gc,start       ] GC(2706) Pause Young (Allocation Failure)
[335.902s][info][gc,heap        ] GC(2706) PSYoungGen: 172512K(173056K)->992K(173056K) Eden: 171520K(171520K)->0K(171520K) From: 992K(1536K)->992K(1536K)
[335.902s][info][gc,heap        ] GC(2706) ParOldGen: 7783K(349696K)->7831K(349696K)
[335.902s][info][gc,metaspace   ] GC(2706) Metaspace: 14411K(15296K)->14411K(15296K) NonClass: 12430K(12928K)->12430K(12928K) Class: 1981K(2368K)->1981K(2368K)
[335.902s][info][gc             ] GC(2706) Pause Young (Allocation Failure) 176M->8M(510M) 2.650ms
[335.902s][info][gc,cpu         ] GC(2706) User=0.00s Sys=0.00s Real=0.00s
[336.030s][info][gc,start       ] GC(2707) Pause Young (Allocation Failure)
[336.033s][info][gc,heap        ] GC(2707) PSYoungGen: 172512K(173056K)->992K(173056K) Eden: 171520K(171520K)->0K(171520K) From: 992K(1536K)->992K(1536K)
[336.033s][info][gc,heap        ] GC(2707) ParOldGen: 7831K(349696K)->7879K(349696K)
[336.033s][info][gc,metaspace   ] GC(2707) Metaspace: 14411K(15296K)->14411K(15296K) NonClass: 12430K(12928K)->12430K(12928K) Class: 1981K(2368K)->1981K(2368K)
[336.033s][info][gc             ] GC(2707) Pause Young (Allocation Failure) 176M->8M(510M) 2.718ms
[336.033s][info][gc,cpu         ] GC(2707) User=0.00s Sys=0.00s Real=0.00s
[336.161s][info][gc,start       ] GC(2708) Pause Young (Allocation Failure)
[336.163s][info][gc,heap        ] GC(2708) PSYoungGen: 172512K(173056K)->960K(173056K) Eden: 171520K(171520K)->0K(171520K) From: 992K(1536K)->960K(1536K)
[336.163s][info][gc,heap        ] GC(2708) ParOldGen: 7879K(349696K)->7927K(349696K)
[336.163s][info][gc,metaspace   ] GC(2708) Metaspace: 14411K(15296K)->14411K(15296K) NonClass: 12430K(12928K)->12430K(12928K) Class: 1981K(2368K)->1981K(2368K)
[336.163s][info][gc             ] GC(2708) Pause Young (Allocation Failure) 176M->8M(510M) 2.723ms
[336.163s][info][gc,cpu         ] GC(2708) User=0.00s Sys=0.00s Real=0.00s
[336.291s][info][gc,start       ] GC(2709) Pause Young (Allocation Failure)
[336.294s][info][gc,heap        ] GC(2709) PSYoungGen: 172480K(173056K)->1024K(173056K) Eden: 171520K(171520K)->0K(171520K) From: 960K(1536K)->1024K(1536K)
[336.294s][info][gc,heap        ] GC(2709) ParOldGen: 7927K(349696K)->7975K(349696K)
[336.294s][info][gc,metaspace   ] GC(2709) Metaspace: 14411K(15296K)->14411K(15296K) NonClass: 12430K(12928K)->12430K(12928K) Class: 1981K(2368K)->1981K(2368K)
[336.294s][info][gc             ] GC(2709) Pause Young (Allocation Failure) 176M->8M(510M) 2.745ms
[336.294s][info][gc,cpu         ] GC(2709) User=0.00s Sys=0.00s Real=0.00s
[336.420s][info][gc,start       ] GC(2710) Pause Young (Allocation Failure)
[336.423s][info][gc,heap        ] GC(2710) PSYoungGen: 172544K(173056K)->1024K(173056K) Eden: 171520K(171520K)->0K(171520K) From: 1024K(1536K)->1024K(1536K)
[336.423s][info][gc,heap        ] GC(2710) ParOldGen: 7975K(349696K)->8039K(349696K)
[336.423s][info][gc,metaspace   ] GC(2710) Metaspace: 14411K(15296K)->14411K(15296K) NonClass: 12430K(12928K)->12430K(12928K) Class: 1981K(2368K)->1981K(2368K)
[336.423s][info][gc             ] GC(2710) Pause Young (Allocation Failure) 176M->8M(510M) 2.783ms
[336.423s][info][gc,cpu         ] GC(2710) User=0.00s Sys=0.00s Real=0.00s
[336.549s][info][gc,start       ] GC(2711) Pause Young (Allocation Failure)
[336.552s][info][gc,heap        ] GC(2711) PSYoungGen: 172544K(173056K)->1024K(173056K) Eden: 171520K(171520K)->0K(171520K) From: 1024K(1536K)->1024K(1536K)
[336.552s][info][gc,heap        ] GC(2711) ParOldGen: 8039K(349696K)->8119K(349696K)
[336.552s][info][gc,metaspace   ] GC(2711) Metaspace: 14411K(15296K)->14411K(15296K) NonClass: 12430K(12928K)->12430K(12928K) Class: 1981K(2368K)->1981K(2368K)
[336.552s][info][gc             ] GC(2711) Pause Young (Allocation Failure) 176M->8M(510M) 2.805ms
[336.552s][info][gc,cpu         ] GC(2711) User=0.52s Sys=0.00s Real=0.00s
[336.681s][info][gc,start       ] GC(2712) Pause Young (Allocation Failure)
[336.684s][info][gc,heap        ] GC(2712) PSYoungGen: 172544K(173056K)->992K(173056K) Eden: 171520K(171520K)->0K(171520K) From: 1024K(1536K)->992K(1536K)
[336.684s][info][gc,heap        ] GC(2712) ParOldGen: 8119K(349696K)->8183K(349696K)
[336.684s][info][gc,metaspace   ] GC(2712) Metaspace: 14411K(15296K)->14411K(15296K) NonClass: 12430K(12928K)->12430K(12928K) Class: 1981K(2368K)->1981K(2368K)
[336.684s][info][gc             ] GC(2712) Pause Young (Allocation Failure) 176M->8M(510M) 2.819ms
[336.684s][info][gc,cpu         ] GC(2712) User=0.00s Sys=0.00s Real=0.00s
[336.810s][info][gc,start       ] GC(2713) Pause Young (Allocation Failure)
[336.813s][info][gc,heap        ] GC(2713) PSYoungGen: 172512K(173056K)->1024K(173056K) Eden: 171520K(171520K)->0K(171520K) From: 992K(1536K)->1024K(1536K)
[336.813s][info][gc,heap        ] GC(2713) ParOldGen: 8183K(349696K)->8247K(349696K)
[336.813s][info][gc,metaspace   ] GC(2713) Metaspace: 14411K(15296K)->14411K(15296K) NonClass: 12430K(12928K)->12430K(12928K) Class: 1981K(2368K)->1981K(2368K)
[336.813s][info][gc             ] GC(2713) Pause Young (Allocation Failure) 176M->9M(510M) 2.861ms
[336.813s][info][gc,cpu         ] GC(2713) User=0.00s Sys=0.00s Real=0.00s
[336.956s][info][gc,start       ] GC(2714) Pause Young (Allocation Failure)
[336.959s][info][gc,heap        ] GC(2714) PSYoungGen: 172543K(173056K)->1024K(173056K) Eden: 171519K(171520K)->0K(171520K) From: 1024K(1536K)->1024K(1536K)
[336.959s][info][gc,heap        ] GC(2714) ParOldGen: 8247K(349696K)->8311K(349696K)
[336.959s][info][gc,metaspace   ] GC(2714) Metaspace: 14411K(15296K)->14411K(15296K) NonClass: 12430K(12928K)->12430K(12928K) Class: 1981K(2368K)->1981K(2368K)
[336.959s][info][gc             ] GC(2714) Pause Young (Allocation Failure) 176M->9M(510M) 3.026ms
[336.959s][info][gc,cpu         ] GC(2714) User=0.00s Sys=0.00s Real=0.00s
[337.091s][info][gc,start       ] GC(2715) Pause Young (Allocation Failure)
[337.094s][info][gc,heap        ] GC(2715) PSYoungGen: 172544K(173056K)->992K(173056K) Eden: 171520K(171520K)->0K(171520K) From: 1024K(1536K)->992K(1536K)
[337.094s][info][gc,heap        ] GC(2715) ParOldGen: 8311K(349696K)->8399K(349696K)
[337.094s][info][gc,metaspace   ] GC(2715) Metaspace: 14411K(15296K)->14411K(15296K) NonClass: 12430K(12928K)->12430K(12928K) Class: 1981K(2368K)->1981K(2368K)
[337.094s][info][gc             ] GC(2715) Pause Young (Allocation Failure) 176M->9M(510M) 2.709ms
[337.094s][info][gc,cpu         ] GC(2715) User=0.00s Sys=0.00s Real=0.00s
[337.223s][info][gc,start       ] GC(2716) Pause Young (Allocation Failure)
[337.226s][info][gc,heap        ] GC(2716) PSYoungGen: 172512K(173056K)->992K(173056K) Eden: 171520K(171520K)->0K(171520K) From: 992K(1536K)->992K(1536K)
[337.226s][info][gc,heap        ] GC(2716) ParOldGen: 8399K(349696K)->8455K(349696K)
[337.226s][info][gc,metaspace   ] GC(2716) Metaspace: 14411K(15296K)->14411K(15296K) NonClass: 12430K(12928K)->12430K(12928K) Class: 1981K(2368K)->1981K(2368K)
[337.226s][info][gc             ] GC(2716) Pause Young (Allocation Failure) 176M->9M(510M) 2.621ms
[337.226s][info][gc,cpu         ] GC(2716) User=0.00s Sys=0.00s Real=0.00s
[337.356s][info][gc,start       ] GC(2717) Pause Young (Allocation Failure)
[337.371s][info][gc,heap        ] GC(2717) PSYoungGen: 172512K(173056K)->992K(173056K) Eden: 171520K(171520K)->0K(171520K) From: 992K(1536K)->992K(1536K)
[337.371s][info][gc,heap        ] GC(2717) ParOldGen: 8455K(349696K)->8535K(349696K)
[337.371s][info][gc,metaspace   ] GC(2717) Metaspace: 14411K(15296K)->14411K(15296K) NonClass: 12430K(12928K)->12430K(12928K) Class: 1981K(2368K)->1981K(2368K)
[337.371s][info][gc             ] GC(2717) Pause Young (Allocation Failure) 176M->9M(510M) 14.434ms
[337.371s][info][gc,cpu         ] GC(2717) User=0.00s Sys=0.00s Real=0.01s
[337.499s][info][gc,start       ] GC(2718) Pause Young (Allocation Failure)
[337.502s][info][gc,heap        ] GC(2718) PSYoungGen: 172512K(173056K)->1024K(173056K) Eden: 171520K(171520K)->0K(171520K) From: 992K(1536K)->1024K(1536K)
[337.502s][info][gc,heap        ] GC(2718) ParOldGen: 8535K(349696K)->8591K(349696K)
[337.502s][info][gc,metaspace   ] GC(2718) Metaspace: 14411K(15296K)->14411K(15296K) NonClass: 12430K(12928K)->12430K(12928K) Class: 1981K(2368K)->1981K(2368K)
[337.502s][info][gc             ] GC(2718) Pause Young (Allocation Failure) 176M->9M(510M) 2.554ms
[337.502s][info][gc,cpu         ] GC(2718) User=0.00s Sys=0.00s Real=0.00s
[337.640s][info][gc,start       ] GC(2719) Pause Young (Allocation Failure)
[337.643s][info][gc,heap        ] GC(2719) PSYoungGen: 172544K(173056K)->1024K(173056K) Eden: 171520K(171520K)->0K(171520K) From: 1024K(1536K)->1024K(1536K)
[337.643s][info][gc,heap        ] GC(2719) ParOldGen: 8591K(349696K)->8663K(349696K)
[337.643s][info][gc,metaspace   ] GC(2719) Metaspace: 14411K(15296K)->14411K(15296K) NonClass: 12430K(12928K)->12430K(12928K) Class: 1981K(2368K)->1981K(2368K)
[337.643s][info][gc             ] GC(2719) Pause Young (Allocation Failure) 176M->9M(510M) 2.538ms
[337.643s][info][gc,cpu         ] GC(2719) User=0.00s Sys=0.00s Real=0.00s
[337.776s][info][gc,start       ] GC(2720) Pause Young (Allocation Failure)
[337.779s][info][gc,heap        ] GC(2720) PSYoungGen: 172544K(173056K)->1024K(173056K) Eden: 171520K(171520K)->0K(171520K) From: 1024K(1536K)->1024K(1536K)
[337.779s][info][gc,heap        ] GC(2720) ParOldGen: 8663K(349696K)->8727K(349696K)
[337.779s][info][gc,metaspace   ] GC(2720) Metaspace: 14411K(15296K)->14411K(15296K) NonClass: 12430K(12928K)->12430K(12928K) Class: 1981K(2368K)->1981K(2368K)
[337.779s][info][gc             ] GC(2720) Pause Young (Allocation Failure) 176M->9M(510M) 2.432ms
[337.779s][info][gc,cpu         ] GC(2720) User=0.00s Sys=0.00s Real=0.00s
[337.906s][info][gc,start       ] GC(2721) Pause Young (Allocation Failure)
[337.909s][info][gc,heap        ] GC(2721) PSYoungGen: 172544K(173056K)->992K(173056K) Eden: 171520K(171520K)->0K(171520K) From: 1024K(1536K)->992K(1536K)
[337.909s][info][gc,heap        ] GC(2721) ParOldGen: 8727K(349696K)->8791K(349696K)
[337.909s][info][gc,metaspace   ] GC(2721) Metaspace: 14411K(15296K)->14411K(15296K) NonClass: 12430K(12928K)->12430K(12928K) Class: 1981K(2368K)->1981K(2368K)
[337.909s][info][gc             ] GC(2721) Pause Young (Allocation Failure) 177M->9M(510M) 2.408ms
[337.909s][info][gc,cpu         ] GC(2721) User=0.00s Sys=0.00s Real=0.00s
[338.036s][info][gc,start       ] GC(2722) Pause Young (Allocation Failure)
[338.038s][info][gc,heap        ] GC(2722) PSYoungGen: 172512K(173056K)->992K(173056K) Eden: 171520K(171520K)->0K(171520K) From: 992K(1536K)->992K(1536K)
[338.038s][info][gc,heap        ] GC(2722) ParOldGen: 8791K(349696K)->8863K(349696K)
[338.038s][info][gc,metaspace   ] GC(2722) Metaspace: 14411K(15296K)->14411K(15296K) NonClass: 12430K(12928K)->12430K(12928K) Class: 1981K(2368K)->1981K(2368K)
[338.038s][info][gc             ] GC(2722) Pause Young (Allocation Failure) 177M->9M(510M) 2.389ms
[338.038s][info][gc,cpu         ] GC(2722) User=0.00s Sys=0.00s Real=0.00s
[338.163s][info][gc,start       ] GC(2723) Pause Young (Allocation Failure)
[338.166s][info][gc,heap        ] GC(2723) PSYoungGen: 172512K(173056K)->1024K(173056K) Eden: 171520K(171520K)->0K(171520K) From: 992K(1536K)->1024K(1536K)
[338.166s][info][gc,heap        ] GC(2723) ParOldGen: 8863K(349696K)->8911K(349696K)
[338.166s][info][gc,metaspace   ] GC(2723) Metaspace: 14411K(15296K)->14411K(15296K) NonClass: 12430K(12928K)->12430K(12928K) Class: 1981K(2368K)->1981K(2368K)
[338.166s][info][gc             ] GC(2723) Pause Young (Allocation Failure) 177M->9M(510M) 2.394ms
[338.166s][info][gc,cpu         ] GC(2723) User=0.00s Sys=0.00s Real=0.00s
[338.291s][info][gc,start       ] GC(2724) Pause Young (Allocation Failure)
[338.293s][info][gc,heap        ] GC(2724) PSYoungGen: 172544K(173056K)->992K(173056K) Eden: 171520K(171520K)->0K(171520K) From: 1024K(1536K)->992K(1536K)
[338.294s][info][gc,heap        ] GC(2724) ParOldGen: 8911K(349696K)->8975K(349696K)
[338.294s][info][gc,metaspace   ] GC(2724) Metaspace: 14411K(15296K)->14411K(15296K) NonClass: 12430K(12928K)->12430K(12928K) Class: 1981K(2368K)->1981K(2368K)
[338.294s][info][gc             ] GC(2724) Pause Young (Allocation Failure) 177M->9M(510M) 2.470ms
[338.294s][info][gc,cpu         ] GC(2724) User=0.00s Sys=0.00s Real=0.00s
[338.422s][info][gc,start       ] GC(2725) Pause Young (Allocation Failure)
[338.424s][info][gc,heap        ] GC(2725) PSYoungGen: 172512K(173056K)->1024K(173056K) Eden: 171520K(171520K)->0K(171520K) From: 992K(1536K)->1024K(1536K)
[338.424s][info][gc,heap        ] GC(2725) ParOldGen: 8975K(349696K)->9047K(349696K)
[338.424s][info][gc,metaspace   ] GC(2725) Metaspace: 14411K(15296K)->14411K(15296K) NonClass: 12430K(12928K)->12430K(12928K) Class: 1981K(2368K)->1981K(2368K)
[338.424s][info][gc             ] GC(2725) Pause Young (Allocation Failure) 177M->9M(510M) 2.498ms
[338.424s][info][gc,cpu         ] GC(2725) User=0.00s Sys=0.00s Real=0.00s
[338.550s][info][gc,start       ] GC(2726) Pause Young (Allocation Failure)
[338.553s][info][gc,heap        ] GC(2726) PSYoungGen: 172544K(173056K)->1024K(173056K) Eden: 171520K(171520K)->0K(171520K) From: 1024K(1536K)->1024K(1536K)
[338.553s][info][gc,heap        ] GC(2726) ParOldGen: 9047K(349696K)->9119K(349696K)
[338.553s][info][gc,metaspace   ] GC(2726) Metaspace: 14411K(15296K)->14411K(15296K) NonClass: 12430K(12928K)->12430K(12928K) Class: 1981K(2368K)->1981K(2368K)
[338.553s][info][gc             ] GC(2726) Pause Young (Allocation Failure) 177M->9M(510M) 2.603ms
[338.553s][info][gc,cpu         ] GC(2726) User=0.00s Sys=0.02s Real=0.00s
[338.680s][info][gc,start       ] GC(2727) Pause Young (Allocation Failure)
[338.682s][info][gc,heap        ] GC(2727) PSYoungGen: 172544K(173056K)->1024K(173056K) Eden: 171520K(171520K)->0K(171520K) From: 1024K(1536K)->1024K(1536K)
[338.682s][info][gc,heap        ] GC(2727) ParOldGen: 9119K(349696K)->9191K(349696K)
[338.682s][info][gc,metaspace   ] GC(2727) Metaspace: 14411K(15296K)->14411K(15296K) NonClass: 12430K(12928K)->12430K(12928K) Class: 1981K(2368K)->1981K(2368K)
[338.682s][info][gc             ] GC(2727) Pause Young (Allocation Failure) 177M->9M(510M) 2.512ms
[338.682s][info][gc,cpu         ] GC(2727) User=0.00s Sys=0.00s Real=0.00s
[338.809s][info][gc,start       ] GC(2728) Pause Young (Allocation Failure)
[338.811s][info][gc,heap        ] GC(2728) PSYoungGen: 172544K(173056K)->1024K(173056K) Eden: 171520K(171520K)->0K(171520K) From: 1024K(1536K)->1024K(1536K)
[338.811s][info][gc,heap        ] GC(2728) ParOldGen: 9191K(349696K)->9239K(349696K)
[338.811s][info][gc,metaspace   ] GC(2728) Metaspace: 14411K(15296K)->14411K(15296K) NonClass: 12430K(12928K)->12430K(12928K) Class: 1981K(2368K)->1981K(2368K)
[338.811s][info][gc             ] GC(2728) Pause Young (Allocation Failure) 177M->10M(510M) 2.569ms
[338.811s][info][gc,cpu         ] GC(2728) User=0.00s Sys=0.00s Real=0.00s
[338.938s][info][gc,start       ] GC(2729) Pause Young (Allocation Failure)
[338.941s][info][gc,heap        ] GC(2729) PSYoungGen: 172544K(173056K)->960K(173056K) Eden: 171520K(171520K)->0K(171520K) From: 1024K(1536K)->960K(1536K)
[338.941s][info][gc,heap        ] GC(2729) ParOldGen: 9239K(349696K)->9287K(349696K)
[338.941s][info][gc,metaspace   ] GC(2729) Metaspace: 14411K(15296K)->14411K(15296K) NonClass: 12430K(12928K)->12430K(12928K) Class: 1981K(2368K)->1981K(2368K)
[338.941s][info][gc             ] GC(2729) Pause Young (Allocation Failure) 177M->10M(510M) 2.605ms
[338.941s][info][gc,cpu         ] GC(2729) User=0.00s Sys=0.00s Real=0.00s
[339.069s][info][gc,start       ] GC(2730) Pause Young (Allocation Failure)
[339.071s][info][gc,heap        ] GC(2730) PSYoungGen: 172480K(173056K)->992K(173056K) Eden: 171520K(171520K)->0K(171520K) From: 960K(1536K)->992K(1536K)
[339.071s][info][gc,heap        ] GC(2730) ParOldGen: 9287K(349696K)->9327K(349696K)
[339.071s][info][gc,metaspace   ] GC(2730) Metaspace: 14411K(15296K)->14411K(15296K) NonClass: 12430K(12928K)->12430K(12928K) Class: 1981K(2368K)->1981K(2368K)
[339.071s][info][gc             ] GC(2730) Pause Young (Allocation Failure) 177M->10M(510M) 2.614ms
[339.071s][info][gc,cpu         ] GC(2730) User=0.00s Sys=0.00s Real=0.00s
[339.198s][info][gc,start       ] GC(2731) Pause Young (Allocation Failure)
[339.201s][info][gc,heap        ] GC(2731) PSYoungGen: 172512K(173056K)->992K(173056K) Eden: 171520K(171520K)->0K(171520K) From: 992K(1536K)->992K(1536K)
[339.201s][info][gc,heap        ] GC(2731) ParOldGen: 9327K(349696K)->9375K(349696K)
[339.201s][info][gc,metaspace   ] GC(2731) Metaspace: 14411K(15296K)->14411K(15296K) NonClass: 12430K(12928K)->12430K(12928K) Class: 1981K(2368K)->1981K(2368K)
[339.201s][info][gc             ] GC(2731) Pause Young (Allocation Failure) 177M->10M(510M) 2.663ms
[339.201s][info][gc,cpu         ] GC(2731) User=0.00s Sys=0.00s Real=0.00s
[339.325s][info][gc,start       ] GC(2732) Pause Young (Allocation Failure)
[339.328s][info][gc,heap        ] GC(2732) PSYoungGen: 172512K(173056K)->1056K(173056K) Eden: 171520K(171520K)->0K(171520K) From: 992K(1536K)->1056K(1536K)
[339.328s][info][gc,heap        ] GC(2732) ParOldGen: 9375K(349696K)->9439K(349696K)
[339.328s][info][gc,metaspace   ] GC(2732) Metaspace: 14411K(15296K)->14411K(15296K) NonClass: 12430K(12928K)->12430K(12928K) Class: 1981K(2368K)->1981K(2368K)
[339.328s][info][gc             ] GC(2732) Pause Young (Allocation Failure) 177M->10M(510M) 2.688ms
[339.328s][info][gc,cpu         ] GC(2732) User=0.00s Sys=0.00s Real=0.00s
[339.455s][info][gc,start       ] GC(2733) Pause Young (Allocation Failure)
[339.457s][info][gc,heap        ] GC(2733) PSYoungGen: 172576K(173056K)->1024K(173056K) Eden: 171520K(171520K)->0K(171520K) From: 1056K(1536K)->1024K(1536K)
[339.457s][info][gc,heap        ] GC(2733) ParOldGen: 9439K(349696K)->9519K(349696K)
[339.457s][info][gc,metaspace   ] GC(2733) Metaspace: 14411K(15296K)->14411K(15296K) NonClass: 12430K(12928K)->12430K(12928K) Class: 1981K(2368K)->1981K(2368K)
[339.457s][info][gc             ] GC(2733) Pause Young (Allocation Failure) 177M->10M(510M) 2.754ms
[339.457s][info][gc,cpu         ] GC(2733) User=0.02s Sys=0.00s Real=0.00s
[339.585s][info][gc,start       ] GC(2734) Pause Young (Allocation Failure)
[339.588s][info][gc,heap        ] GC(2734) PSYoungGen: 172544K(173056K)->1024K(173056K) Eden: 171520K(171520K)->0K(171520K) From: 1024K(1536K)->1024K(1536K)
[339.588s][info][gc,heap        ] GC(2734) ParOldGen: 9519K(349696K)->9583K(349696K)
[339.588s][info][gc,metaspace   ] GC(2734) Metaspace: 14411K(15296K)->14411K(15296K) NonClass: 12430K(12928K)->12430K(12928K) Class: 1981K(2368K)->1981K(2368K)
[339.588s][info][gc             ] GC(2734) Pause Young (Allocation Failure) 177M->10M(510M) 2.738ms
[339.588s][info][gc,cpu         ] GC(2734) User=0.00s Sys=0.00s Real=0.00s
[339.714s][info][gc,start       ] GC(2735) Pause Young (Allocation Failure)
[339.717s][info][gc,heap        ] GC(2735) PSYoungGen: 172544K(173056K)->1024K(173056K) Eden: 171520K(171520K)->0K(171520K) From: 1024K(1536K)->1024K(1536K)
[339.717s][info][gc,heap        ] GC(2735) ParOldGen: 9583K(349696K)->9631K(349696K)
[339.717s][info][gc,metaspace   ] GC(2735) Metaspace: 14411K(15296K)->14411K(15296K) NonClass: 12430K(12928K)->12430K(12928K) Class: 1981K(2368K)->1981K(2368K)
[339.717s][info][gc             ] GC(2735) Pause Young (Allocation Failure) 177M->10M(510M) 2.729ms
[339.717s][info][gc,cpu         ] GC(2735) User=0.00s Sys=0.00s Real=0.00s
[339.844s][info][gc,start       ] GC(2736) Pause Young (Allocation Failure)
[339.846s][info][gc,heap        ] GC(2736) PSYoungGen: 172544K(173056K)->1024K(173056K) Eden: 171520K(171520K)->0K(171520K) From: 1024K(1536K)->1024K(1536K)
[339.846s][info][gc,heap        ] GC(2736) ParOldGen: 9631K(349696K)->9687K(349696K)
[339.846s][info][gc,metaspace   ] GC(2736) Metaspace: 14411K(15296K)->14411K(15296K) NonClass: 12430K(12928K)->12430K(12928K) Class: 1981K(2368K)->1981K(2368K)
[339.846s][info][gc             ] GC(2736) Pause Young (Allocation Failure) 177M->10M(510M) 2.744ms
[339.846s][info][gc,cpu         ] GC(2736) User=0.00s Sys=0.00s Real=0.00s
[339.973s][info][gc,start       ] GC(2737) Pause Young (Allocation Failure)
[339.976s][info][gc,heap        ] GC(2737) PSYoungGen: 172544K(173056K)->992K(173056K) Eden: 171520K(171520K)->0K(171520K) From: 1024K(1536K)->992K(1536K)
[339.976s][info][gc,heap        ] GC(2737) ParOldGen: 9687K(349696K)->9735K(349696K)
[339.976s][info][gc,metaspace   ] GC(2737) Metaspace: 14411K(15296K)->14411K(15296K) NonClass: 12430K(12928K)->12430K(12928K) Class: 1981K(2368K)->1981K(2368K)
[339.976s][info][gc             ] GC(2737) Pause Young (Allocation Failure) 177M->10M(510M) 2.773ms
[339.976s][info][gc,cpu         ] GC(2737) User=0.00s Sys=0.00s Real=0.00s
[340.102s][info][gc,start       ] GC(2738) Pause Young (Allocation Failure)
[340.105s][info][gc,heap        ] GC(2738) PSYoungGen: 172512K(173056K)->992K(173056K) Eden: 171520K(171520K)->0K(171520K) From: 992K(1536K)->992K(1536K)
[340.105s][info][gc,heap        ] GC(2738) ParOldGen: 9735K(349696K)->9799K(349696K)
[340.105s][info][gc,metaspace   ] GC(2738) Metaspace: 14411K(15296K)->14411K(15296K) NonClass: 12430K(12928K)->12430K(12928K) Class: 1981K(2368K)->1981K(2368K)
[340.105s][info][gc             ] GC(2738) Pause Young (Allocation Failure) 177M->10M(510M) 2.835ms
[340.105s][info][gc,cpu         ] GC(2738) User=0.00s Sys=0.00s Real=0.00s
[340.231s][info][gc,start       ] GC(2739) Pause Young (Allocation Failure)
[340.234s][info][gc,heap        ] GC(2739) PSYoungGen: 172512K(173056K)->1024K(173056K) Eden: 171520K(171520K)->0K(171520K) From: 992K(1536K)->1024K(1536K)
[340.234s][info][gc,heap        ] GC(2739) ParOldGen: 9799K(349696K)->9863K(349696K)
[340.234s][info][gc,metaspace   ] GC(2739) Metaspace: 14411K(15296K)->14411K(15296K) NonClass: 12430K(12928K)->12430K(12928K) Class: 1981K(2368K)->1981K(2368K)
[340.234s][info][gc             ] GC(2739) Pause Young (Allocation Failure) 178M->10M(510M) 2.889ms
[340.234s][info][gc,cpu         ] GC(2739) User=0.00s Sys=0.00s Real=0.00s
[340.362s][info][gc,start       ] GC(2740) Pause Young (Allocation Failure)
[340.365s][info][gc,heap        ] GC(2740) PSYoungGen: 172544K(173056K)->992K(173056K) Eden: 171520K(171520K)->0K(171520K) From: 1024K(1536K)->992K(1536K)
[340.365s][info][gc,heap        ] GC(2740) ParOldGen: 9863K(349696K)->9935K(349696K)
[340.365s][info][gc,metaspace   ] GC(2740) Metaspace: 14411K(15296K)->14411K(15296K) NonClass: 12430K(12928K)->12430K(12928K) Class: 1981K(2368K)->1981K(2368K)
[340.365s][info][gc             ] GC(2740) Pause Young (Allocation Failure) 178M->10M(510M) 2.920ms
[340.365s][info][gc,cpu         ] GC(2740) User=0.52s Sys=0.00s Real=0.00s
[340.492s][info][gc,start       ] GC(2741) Pause Young (Allocation Failure)
[340.495s][info][gc,heap        ] GC(2741) PSYoungGen: 172512K(173056K)->1024K(173056K) Eden: 171520K(171520K)->0K(171520K) From: 992K(1536K)->1024K(1536K)
[340.495s][info][gc,heap        ] GC(2741) ParOldGen: 9935K(349696K)->9999K(349696K)
[340.495s][info][gc,metaspace   ] GC(2741) Metaspace: 14411K(15296K)->14411K(15296K) NonClass: 12430K(12928K)->12430K(12928K) Class: 1981K(2368K)->1981K(2368K)
[340.495s][info][gc             ] GC(2741) Pause Young (Allocation Failure) 178M->10M(510M) 2.872ms
[340.495s][info][gc,cpu         ] GC(2741) User=0.00s Sys=0.00s Real=0.00s
[340.764s][info][gc,start       ] GC(2742) Pause Young (Allocation Failure)
[340.768s][info][gc,heap        ] GC(2742) PSYoungGen: 172544K(173056K)->1024K(173056K) Eden: 171520K(171520K)->0K(171520K) From: 1024K(1536K)->1024K(1536K)
[340.768s][info][gc,heap        ] GC(2742) ParOldGen: 9999K(349696K)->10047K(349696K)
[340.768s][info][gc,metaspace   ] GC(2742) Metaspace: 14411K(15296K)->14411K(15296K) NonClass: 12430K(12928K)->12430K(12928K) Class: 1981K(2368K)->1981K(2368K)
[340.768s][info][gc             ] GC(2742) Pause Young (Allocation Failure) 178M->10M(510M) 3.818ms
[340.768s][info][gc,cpu         ] GC(2742) User=0.00s Sys=0.00s Real=0.00s
[340.908s][info][gc,start       ] GC(2743) Pause Young (Allocation Failure)
[340.911s][info][gc,heap        ] GC(2743) PSYoungGen: 172544K(173056K)->992K(173056K) Eden: 171520K(171520K)->0K(171520K) From: 1024K(1536K)->992K(1536K)
[340.911s][info][gc,heap        ] GC(2743) ParOldGen: 10047K(349696K)->10095K(349696K)
[340.911s][info][gc,metaspace   ] GC(2743) Metaspace: 14411K(15296K)->14411K(15296K) NonClass: 12430K(12928K)->12430K(12928K) Class: 1981K(2368K)->1981K(2368K)
[340.911s][info][gc             ] GC(2743) Pause Young (Allocation Failure) 178M->10M(510M) 2.777ms
[340.911s][info][gc,cpu         ] GC(2743) User=0.52s Sys=0.00s Real=0.00s
[341.051s][info][gc,start       ] GC(2744) Pause Young (Allocation Failure)
[341.053s][info][gc,heap        ] GC(2744) PSYoungGen: 172512K(173056K)->992K(173056K) Eden: 171520K(171520K)->0K(171520K) From: 992K(1536K)->992K(1536K)
[341.053s][info][gc,heap        ] GC(2744) ParOldGen: 10095K(349696K)->10159K(349696K)
[341.053s][info][gc,metaspace   ] GC(2744) Metaspace: 14411K(15296K)->14411K(15296K) NonClass: 12430K(12928K)->12430K(12928K) Class: 1981K(2368K)->1981K(2368K)
[341.053s][info][gc             ] GC(2744) Pause Young (Allocation Failure) 178M->10M(510M) 2.672ms
[341.053s][info][gc,cpu         ] GC(2744) User=0.52s Sys=0.00s Real=0.00s
[341.193s][info][gc,start       ] GC(2745) Pause Young (Allocation Failure)
[341.195s][info][gc,heap        ] GC(2745) PSYoungGen: 172512K(173056K)->928K(173056K) Eden: 171520K(171520K)->0K(171520K) From: 992K(1536K)->928K(1536K)
[341.195s][info][gc,heap        ] GC(2745) ParOldGen: 10159K(349696K)->10223K(349696K)
[341.195s][info][gc,metaspace   ] GC(2745) Metaspace: 14411K(15296K)->14411K(15296K) NonClass: 12430K(12928K)->12430K(12928K) Class: 1981K(2368K)->1981K(2368K)
[341.195s][info][gc             ] GC(2745) Pause Young (Allocation Failure) 178M->10M(510M) 2.633ms
[341.195s][info][gc,cpu         ] GC(2745) User=0.00s Sys=0.00s Real=0.00s
[341.330s][info][gc,start       ] GC(2746) Pause Young (Allocation Failure)
[341.332s][info][gc,heap        ] GC(2746) PSYoungGen: 172448K(173056K)->1024K(173056K) Eden: 171520K(171520K)->0K(171520K) From: 928K(1536K)->1024K(1536K)
[341.332s][info][gc,heap        ] GC(2746) ParOldGen: 10223K(349696K)->10279K(349696K)
[341.332s][info][gc,metaspace   ] GC(2746) Metaspace: 14411K(15296K)->14411K(15296K) NonClass: 12430K(12928K)->12430K(12928K) Class: 1981K(2368K)->1981K(2368K)
[341.332s][info][gc             ] GC(2746) Pause Young (Allocation Failure) 178M->11M(510M) 2.438ms
[341.332s][info][gc,cpu         ] GC(2746) User=0.00s Sys=0.00s Real=0.00s
[341.460s][info][gc,start       ] GC(2747) Pause Young (Allocation Failure)
[341.467s][info][gc,heap        ] GC(2747) PSYoungGen: 172544K(173056K)->992K(173056K) Eden: 171520K(171520K)->0K(171520K) From: 1024K(1536K)->992K(1536K)
[341.467s][info][gc,heap        ] GC(2747) ParOldGen: 10279K(349696K)->10359K(349696K)
[341.468s][info][gc,metaspace   ] GC(2747) Metaspace: 14411K(15296K)->14411K(15296K) NonClass: 12430K(12928K)->12430K(12928K) Class: 1981K(2368K)->1981K(2368K)
[341.468s][info][gc             ] GC(2747) Pause Young (Allocation Failure) 178M->11M(510M) 7.910ms
[341.468s][info][gc,cpu         ] GC(2747) User=0.00s Sys=0.00s Real=0.00s
[341.593s][info][gc,start       ] GC(2748) Pause Young (Allocation Failure)
[341.596s][info][gc,heap        ] GC(2748) PSYoungGen: 172512K(173056K)->1024K(173056K) Eden: 171520K(171520K)->0K(171520K) From: 992K(1536K)->1024K(1536K)
[341.596s][info][gc,heap        ] GC(2748) ParOldGen: 10359K(349696K)->10423K(349696K)
[341.596s][info][gc,metaspace   ] GC(2748) Metaspace: 14411K(15296K)->14411K(15296K) NonClass: 12430K(12928K)->12430K(12928K) Class: 1981K(2368K)->1981K(2368K)
[341.596s][info][gc             ] GC(2748) Pause Young (Allocation Failure) 178M->11M(510M) 2.483ms
[341.596s][info][gc,cpu         ] GC(2748) User=0.00s Sys=0.00s Real=0.00s
[341.721s][info][gc,start       ] GC(2749) Pause Young (Allocation Failure)
[341.724s][info][gc,heap        ] GC(2749) PSYoungGen: 172544K(173056K)->1024K(173056K) Eden: 171520K(171520K)->0K(171520K) From: 1024K(1536K)->1024K(1536K)
[341.724s][info][gc,heap        ] GC(2749) ParOldGen: 10423K(349696K)->10479K(349696K)
[341.724s][info][gc,metaspace   ] GC(2749) Metaspace: 14411K(15296K)->14411K(15296K) NonClass: 12430K(12928K)->12430K(12928K) Class: 1981K(2368K)->1981K(2368K)
[341.724s][info][gc             ] GC(2749) Pause Young (Allocation Failure) 178M->11M(510M) 2.475ms
[341.724s][info][gc,cpu         ] GC(2749) User=0.52s Sys=0.00s Real=0.00s
[341.852s][info][gc,start       ] GC(2750) Pause Young (Allocation Failure)
[341.855s][info][gc,heap        ] GC(2750) PSYoungGen: 172544K(173056K)->992K(173056K) Eden: 171520K(171520K)->0K(171520K) From: 1024K(1536K)->992K(1536K)
[341.855s][info][gc,heap        ] GC(2750) ParOldGen: 10479K(349696K)->10519K(349696K)
[341.855s][info][gc,metaspace   ] GC(2750) Metaspace: 14411K(15296K)->14411K(15296K) NonClass: 12430K(12928K)->12430K(12928K) Class: 1981K(2368K)->1981K(2368K)
[341.855s][info][gc             ] GC(2750) Pause Young (Allocation Failure) 178M->11M(510M) 2.489ms
[341.855s][info][gc,cpu         ] GC(2750) User=0.00s Sys=0.00s Real=0.00s
[341.982s][info][gc,start       ] GC(2751) Pause Young (Allocation Failure)
[341.985s][info][gc,heap        ] GC(2751) PSYoungGen: 172512K(173056K)->1024K(173056K) Eden: 171520K(171520K)->0K(171520K) From: 992K(1536K)->1024K(1536K)
[341.985s][info][gc,heap        ] GC(2751) ParOldGen: 10519K(349696K)->10567K(349696K)
[341.985s][info][gc,metaspace   ] GC(2751) Metaspace: 14411K(15296K)->14411K(15296K) NonClass: 12430K(12928K)->12430K(12928K) Class: 1981K(2368K)->1981K(2368K)
[341.985s][info][gc             ] GC(2751) Pause Young (Allocation Failure) 178M->11M(510M) 2.566ms
[341.985s][info][gc,cpu         ] GC(2751) User=0.00s Sys=0.00s Real=0.00s
[342.112s][info][gc,start       ] GC(2752) Pause Young (Allocation Failure)
[342.114s][info][gc,heap        ] GC(2752) PSYoungGen: 172544K(173056K)->1024K(173056K) Eden: 171520K(171520K)->0K(171520K) From: 1024K(1536K)->1024K(1536K)
[342.114s][info][gc,heap        ] GC(2752) ParOldGen: 10567K(349696K)->10615K(349696K)
[342.114s][info][gc,metaspace   ] GC(2752) Metaspace: 14411K(15296K)->14411K(15296K) NonClass: 12430K(12928K)->12430K(12928K) Class: 1981K(2368K)->1981K(2368K)
[342.114s][info][gc             ] GC(2752) Pause Young (Allocation Failure) 178M->11M(510M) 2.533ms
[342.114s][info][gc,cpu         ] GC(2752) User=0.52s Sys=0.00s Real=0.00s
[342.241s][info][gc,start       ] GC(2753) Pause Young (Allocation Failure)
[342.244s][info][gc,heap        ] GC(2753) PSYoungGen: 172544K(173056K)->1024K(173056K) Eden: 171520K(171520K)->0K(171520K) From: 1024K(1536K)->1024K(1536K)
[342.244s][info][gc,heap        ] GC(2753) ParOldGen: 10615K(349696K)->10687K(349696K)
[342.244s][info][gc,metaspace   ] GC(2753) Metaspace: 14411K(15296K)->14411K(15296K) NonClass: 12430K(12928K)->12430K(12928K) Class: 1981K(2368K)->1981K(2368K)
[342.244s][info][gc             ] GC(2753) Pause Young (Allocation Failure) 178M->11M(510M) 2.541ms
[342.244s][info][gc,cpu         ] GC(2753) User=0.00s Sys=0.00s Real=0.00s
[342.371s][info][gc,start       ] GC(2754) Pause Young (Allocation Failure)
[342.373s][info][gc,heap        ] GC(2754) PSYoungGen: 172544K(173056K)->992K(173056K) Eden: 171520K(171520K)->0K(171520K) From: 1024K(1536K)->992K(1536K)
[342.373s][info][gc,heap        ] GC(2754) ParOldGen: 10687K(349696K)->10759K(349696K)
[342.373s][info][gc,metaspace   ] GC(2754) Metaspace: 14411K(15296K)->14411K(15296K) NonClass: 12430K(12928K)->12430K(12928K) Class: 1981K(2368K)->1981K(2368K)
[342.373s][info][gc             ] GC(2754) Pause Young (Allocation Failure) 178M->11M(510M) 2.539ms
[342.373s][info][gc,cpu         ] GC(2754) User=0.00s Sys=0.00s Real=0.00s
[342.501s][info][gc,start       ] GC(2755) Pause Young (Allocation Failure)
[342.504s][info][gc,heap        ] GC(2755) PSYoungGen: 172512K(173056K)->960K(173056K) Eden: 171520K(171520K)->0K(171520K) From: 992K(1536K)->960K(1536K)
[342.504s][info][gc,heap        ] GC(2755) ParOldGen: 10759K(349696K)->10823K(349696K)
[342.504s][info][gc,metaspace   ] GC(2755) Metaspace: 14411K(15296K)->14411K(15296K) NonClass: 12430K(12928K)->12430K(12928K) Class: 1981K(2368K)->1981K(2368K)
[342.504s][info][gc             ] GC(2755) Pause Young (Allocation Failure) 178M->11M(510M) 2.588ms
[342.504s][info][gc,cpu         ] GC(2755) User=0.00s Sys=0.00s Real=0.00s
[342.632s][info][gc,start       ] GC(2756) Pause Young (Allocation Failure)
[342.635s][info][gc,heap        ] GC(2756) PSYoungGen: 172480K(173056K)->1024K(173056K) Eden: 171520K(171520K)->0K(171520K) From: 960K(1536K)->1024K(1536K)
[342.635s][info][gc,heap        ] GC(2756) ParOldGen: 10823K(349696K)->10879K(349696K)
[342.635s][info][gc,metaspace   ] GC(2756) Metaspace: 14411K(15296K)->14411K(15296K) NonClass: 12430K(12928K)->12430K(12928K) Class: 1981K(2368K)->1981K(2368K)
[342.635s][info][gc             ] GC(2756) Pause Young (Allocation Failure) 179M->11M(510M) 2.631ms
[342.635s][info][gc,cpu         ] GC(2756) User=0.00s Sys=0.00s Real=0.00s
[342.765s][info][gc,start       ] GC(2757) Pause Young (Allocation Failure)
[342.767s][info][gc,heap        ] GC(2757) PSYoungGen: 172544K(173056K)->1024K(173056K) Eden: 171520K(171520K)->0K(171520K) From: 1024K(1536K)->1024K(1536K)
[342.767s][info][gc,heap        ] GC(2757) ParOldGen: 10879K(349696K)->10951K(349696K)
[342.767s][info][gc,metaspace   ] GC(2757) Metaspace: 14411K(15296K)->14411K(15296K) NonClass: 12430K(12928K)->12430K(12928K) Class: 1981K(2368K)->1981K(2368K)
[342.767s][info][gc             ] GC(2757) Pause Young (Allocation Failure) 179M->11M(510M) 2.686ms
[342.767s][info][gc,cpu         ] GC(2757) User=0.00s Sys=0.00s Real=0.00s
[342.896s][info][gc,start       ] GC(2758) Pause Young (Allocation Failure)
[342.899s][info][gc,heap        ] GC(2758) PSYoungGen: 172544K(173056K)->1024K(173056K) Eden: 171520K(171520K)->0K(171520K) From: 1024K(1536K)->1024K(1536K)
[342.899s][info][gc,heap        ] GC(2758) ParOldGen: 10951K(349696K)->11007K(349696K)
[342.899s][info][gc,metaspace   ] GC(2758) Metaspace: 14411K(15296K)->14411K(15296K) NonClass: 12430K(12928K)->12430K(12928K) Class: 1981K(2368K)->1981K(2368K)
[342.899s][info][gc             ] GC(2758) Pause Young (Allocation Failure) 179M->11M(510M) 2.634ms
[342.899s][info][gc,cpu         ] GC(2758) User=0.00s Sys=0.00s Real=0.00s
[343.028s][info][gc,start       ] GC(2759) Pause Young (Allocation Failure)
[343.030s][info][gc,heap        ] GC(2759) PSYoungGen: 172544K(173056K)->992K(173056K) Eden: 171520K(171520K)->0K(171520K) From: 1024K(1536K)->992K(1536K)
[343.030s][info][gc,heap        ] GC(2759) ParOldGen: 11007K(349696K)->11079K(349696K)
[343.030s][info][gc,metaspace   ] GC(2759) Metaspace: 14411K(15296K)->14411K(15296K) NonClass: 12430K(12928K)->12430K(12928K) Class: 1981K(2368K)->1981K(2368K)
[343.030s][info][gc             ] GC(2759) Pause Young (Allocation Failure) 179M->11M(510M) 2.697ms
[343.030s][info][gc,cpu         ] GC(2759) User=0.00s Sys=0.00s Real=0.00s
[343.157s][info][gc,start       ] GC(2760) Pause Young (Allocation Failure)
[343.160s][info][gc,heap        ] GC(2760) PSYoungGen: 172512K(173056K)->1024K(173056K) Eden: 171520K(171520K)->0K(171520K) From: 992K(1536K)->1024K(1536K)
[343.160s][info][gc,heap        ] GC(2760) ParOldGen: 11079K(349696K)->11135K(349696K)
[343.160s][info][gc,metaspace   ] GC(2760) Metaspace: 14411K(15296K)->14411K(15296K) NonClass: 12430K(12928K)->12430K(12928K) Class: 1981K(2368K)->1981K(2368K)
[343.160s][info][gc             ] GC(2760) Pause Young (Allocation Failure) 179M->11M(510M) 2.721ms
[343.160s][info][gc,cpu         ] GC(2760) User=0.00s Sys=0.00s Real=0.00s
[343.286s][info][gc,start       ] GC(2761) Pause Young (Allocation Failure)
[343.288s][info][gc,heap        ] GC(2761) PSYoungGen: 172544K(173056K)->1024K(173056K) Eden: 171520K(171520K)->0K(171520K) From: 1024K(1536K)->1024K(1536K)
[343.288s][info][gc,heap        ] GC(2761) ParOldGen: 11135K(349696K)->11183K(349696K)
[343.288s][info][gc,metaspace   ] GC(2761) Metaspace: 14411K(15296K)->14411K(15296K) NonClass: 12430K(12928K)->12430K(12928K) Class: 1981K(2368K)->1981K(2368K)
[343.288s][info][gc             ] GC(2761) Pause Young (Allocation Failure) 179M->11M(510M) 2.754ms
[343.289s][info][gc,cpu         ] GC(2761) User=0.00s Sys=0.00s Real=0.00s
[343.415s][info][gc,start       ] GC(2762) Pause Young (Allocation Failure)
[343.418s][info][gc,heap        ] GC(2762) PSYoungGen: 172543K(173056K)->1024K(173056K) Eden: 171519K(171520K)->0K(171520K) From: 1024K(1536K)->1024K(1536K)
[343.418s][info][gc,heap        ] GC(2762) ParOldGen: 11183K(349696K)->11239K(349696K)
[343.418s][info][gc,metaspace   ] GC(2762) Metaspace: 14411K(15296K)->14411K(15296K) NonClass: 12430K(12928K)->12430K(12928K) Class: 1981K(2368K)->1981K(2368K)
[343.418s][info][gc             ] GC(2762) Pause Young (Allocation Failure) 179M->11M(510M) 2.764ms
[343.418s][info][gc,cpu         ] GC(2762) User=0.00s Sys=0.00s Real=0.00s
[343.545s][info][gc,start       ] GC(2763) Pause Young (Allocation Failure)
[343.547s][info][gc,heap        ] GC(2763) PSYoungGen: 172544K(173056K)->1024K(173056K) Eden: 171520K(171520K)->0K(171520K) From: 1024K(1536K)->1024K(1536K)
[343.547s][info][gc,heap        ] GC(2763) ParOldGen: 11239K(349696K)->11279K(349696K)
[343.547s][info][gc,metaspace   ] GC(2763) Metaspace: 14411K(15296K)->14411K(15296K) NonClass: 12430K(12928K)->12430K(12928K) Class: 1981K(2368K)->1981K(2368K)
[343.547s][info][gc             ] GC(2763) Pause Young (Allocation Failure) 179M->12M(510M) 2.799ms
[343.547s][info][gc,cpu         ] GC(2763) User=0.00s Sys=0.00s Real=0.00s
[343.676s][info][gc,start       ] GC(2764) Pause Young (Allocation Failure)
[343.679s][info][gc,heap        ] GC(2764) PSYoungGen: 172544K(173056K)->992K(173056K) Eden: 171520K(171520K)->0K(171520K) From: 1024K(1536K)->992K(1536K)
[343.679s][info][gc,heap        ] GC(2764) ParOldGen: 11279K(349696K)->11327K(349696K)
[343.679s][info][gc,metaspace   ] GC(2764) Metaspace: 14411K(15296K)->14411K(15296K) NonClass: 12430K(12928K)->12430K(12928K) Class: 1981K(2368K)->1981K(2368K)
[343.679s][info][gc             ] GC(2764) Pause Young (Allocation Failure) 179M->12M(510M) 2.794ms
[343.679s][info][gc,cpu         ] GC(2764) User=0.38s Sys=0.03s Real=0.00s
[343.808s][info][gc,start       ] GC(2765) Pause Young (Allocation Failure)
[343.811s][info][gc,heap        ] GC(2765) PSYoungGen: 172512K(173056K)->1024K(173056K) Eden: 171520K(171520K)->0K(171520K) From: 992K(1536K)->1024K(1536K)
[343.811s][info][gc,heap        ] GC(2765) ParOldGen: 11327K(349696K)->11383K(349696K)
[343.811s][info][gc,metaspace   ] GC(2765) Metaspace: 14411K(15296K)->14411K(15296K) NonClass: 12430K(12928K)->12430K(12928K) Class: 1981K(2368K)->1981K(2368K)
[343.811s][info][gc             ] GC(2765) Pause Young (Allocation Failure) 179M->12M(510M) 2.863ms
[343.811s][info][gc,cpu         ] GC(2765) User=0.00s Sys=0.00s Real=0.00s
[343.939s][info][gc,start       ] GC(2766) Pause Young (Allocation Failure)
[343.942s][info][gc,heap        ] GC(2766) PSYoungGen: 172544K(173056K)->992K(173056K) Eden: 171520K(171520K)->0K(171520K) From: 1024K(1536K)->992K(1536K)
[343.942s][info][gc,heap        ] GC(2766) ParOldGen: 11383K(349696K)->11451K(349696K)
[343.942s][info][gc,metaspace   ] GC(2766) Metaspace: 14411K(15296K)->14411K(15296K) NonClass: 12430K(12928K)->12430K(12928K) Class: 1981K(2368K)->1981K(2368K)
[343.942s][info][gc             ] GC(2766) Pause Young (Allocation Failure) 179M->12M(510M) 2.861ms
[343.942s][info][gc,cpu         ] GC(2766) User=0.00s Sys=0.00s Real=0.00s
[344.069s][info][gc,start       ] GC(2767) Pause Young (Allocation Failure)
[344.072s][info][gc,heap        ] GC(2767) PSYoungGen: 172512K(173056K)->1024K(173056K) Eden: 171520K(171520K)->0K(171520K) From: 992K(1536K)->1024K(1536K)
[344.072s][info][gc,heap        ] GC(2767) ParOldGen: 11451K(349696K)->11491K(349696K)
[344.072s][info][gc,metaspace   ] GC(2767) Metaspace: 14411K(15296K)->14411K(15296K) NonClass: 12430K(12928K)->12430K(12928K) Class: 1981K(2368K)->1981K(2368K)
[344.072s][info][gc             ] GC(2767) Pause Young (Allocation Failure) 179M->12M(510M) 2.858ms
[344.072s][info][gc,cpu         ] GC(2767) User=0.00s Sys=0.00s Real=0.00s
[344.200s][info][gc,start       ] GC(2768) Pause Young (Allocation Failure)
[344.203s][info][gc,heap        ] GC(2768) PSYoungGen: 172544K(173056K)->992K(173056K) Eden: 171520K(171520K)->0K(171520K) From: 1024K(1536K)->992K(1536K)
[344.203s][info][gc,heap        ] GC(2768) ParOldGen: 11491K(349696K)->11539K(349696K)
[344.203s][info][gc,metaspace   ] GC(2768) Metaspace: 14411K(15296K)->14411K(15296K) NonClass: 12430K(12928K)->12430K(12928K) Class: 1981K(2368K)->1981K(2368K)
[344.203s][info][gc             ] GC(2768) Pause Young (Allocation Failure) 179M->12M(510M) 2.980ms
[344.203s][info][gc,cpu         ] GC(2768) User=0.00s Sys=0.00s Real=0.00s
[344.329s][info][gc,start       ] GC(2769) Pause Young (Allocation Failure)
[344.332s][info][gc,heap        ] GC(2769) PSYoungGen: 172512K(173056K)->992K(173056K) Eden: 171520K(171520K)->0K(171520K) From: 992K(1536K)->992K(1536K)
[344.332s][info][gc,heap        ] GC(2769) ParOldGen: 11539K(349696K)->11595K(349696K)
[344.332s][info][gc,metaspace   ] GC(2769) Metaspace: 14411K(15296K)->14411K(15296K) NonClass: 12430K(12928K)->12430K(12928K) Class: 1981K(2368K)->1981K(2368K)
[344.332s][info][gc             ] GC(2769) Pause Young (Allocation Failure) 179M->12M(510M) 2.921ms
[344.332s][info][gc,cpu         ] GC(2769) User=0.00s Sys=0.02s Real=0.00s
[344.594s][info][gc,start       ] GC(2770) Pause Young (Allocation Failure)
[344.598s][info][gc,heap        ] GC(2770) PSYoungGen: 172512K(173056K)->960K(173056K) Eden: 171520K(171520K)->0K(171520K) From: 992K(1536K)->960K(1536K)
[344.598s][info][gc,heap        ] GC(2770) ParOldGen: 11595K(349696K)->11651K(349696K)
[344.598s][info][gc,metaspace   ] GC(2770) Metaspace: 14411K(15296K)->14411K(15296K) NonClass: 12430K(12928K)->12430K(12928K) Class: 1981K(2368K)->1981K(2368K)
[344.598s][info][gc             ] GC(2770) Pause Young (Allocation Failure) 179M->12M(510M) 3.846ms
[344.598s][info][gc,cpu         ] GC(2770) User=0.02s Sys=0.00s Real=0.00s
[344.736s][info][gc,start       ] GC(2771) Pause Young (Allocation Failure)
[344.739s][info][gc,heap        ] GC(2771) PSYoungGen: 172480K(173056K)->1024K(173056K) Eden: 171520K(171520K)->0K(171520K) From: 960K(1536K)->1024K(1536K)
[344.739s][info][gc,heap        ] GC(2771) ParOldGen: 11651K(349696K)->11699K(349696K)
[344.739s][info][gc,metaspace   ] GC(2771) Metaspace: 14411K(15296K)->14411K(15296K) NonClass: 12430K(12928K)->12430K(12928K) Class: 1981K(2368K)->1981K(2368K)
[344.739s][info][gc             ] GC(2771) Pause Young (Allocation Failure) 179M->12M(510M) 2.790ms
[344.739s][info][gc,cpu         ] GC(2771) User=0.00s Sys=0.00s Real=0.00s
[344.871s][info][gc,start       ] GC(2772) Pause Young (Allocation Failure)
[344.873s][info][gc,heap        ] GC(2772) PSYoungGen: 172544K(173056K)->992K(173056K) Eden: 171520K(171520K)->0K(171520K) From: 1024K(1536K)->992K(1536K)
[344.873s][info][gc,heap        ] GC(2772) ParOldGen: 11699K(349696K)->11755K(349696K)
[344.873s][info][gc,metaspace   ] GC(2772) Metaspace: 14411K(15296K)->14411K(15296K) NonClass: 12430K(12928K)->12430K(12928K) Class: 1981K(2368K)->1981K(2368K)
[344.873s][info][gc             ] GC(2772) Pause Young (Allocation Failure) 179M->12M(510M) 2.704ms
[344.873s][info][gc,cpu         ] GC(2772) User=0.00s Sys=0.00s Real=0.00s
[345.006s][info][gc,start       ] GC(2773) Pause Young (Allocation Failure)
[345.008s][info][gc,heap        ] GC(2773) PSYoungGen: 172512K(173056K)->992K(173056K) Eden: 171520K(171520K)->0K(171520K) From: 992K(1536K)->992K(1536K)
[345.008s][info][gc,heap        ] GC(2773) ParOldGen: 11755K(349696K)->11819K(349696K)
[345.008s][info][gc,metaspace   ] GC(2773) Metaspace: 14411K(15296K)->14411K(15296K) NonClass: 12430K(12928K)->12430K(12928K) Class: 1981K(2368K)->1981K(2368K)
[345.008s][info][gc             ] GC(2773) Pause Young (Allocation Failure) 179M->12M(510M) 2.644ms
[345.008s][info][gc,cpu         ] GC(2773) User=0.00s Sys=0.00s Real=0.00s
[345.136s][info][gc,start       ] GC(2774) Pause Young (Allocation Failure)
[345.139s][info][gc,heap        ] GC(2774) PSYoungGen: 172512K(173056K)->992K(173056K) Eden: 171520K(171520K)->0K(171520K) From: 992K(1536K)->992K(1536K)
[345.139s][info][gc,heap        ] GC(2774) ParOldGen: 11819K(349696K)->11859K(349696K)
[345.139s][info][gc,metaspace   ] GC(2774) Metaspace: 14411K(15296K)->14411K(15296K) NonClass: 12430K(12928K)->12430K(12928K) Class: 1981K(2368K)->1981K(2368K)
[345.139s][info][gc             ] GC(2774) Pause Young (Allocation Failure) 180M->12M(510M) 2.675ms
[345.139s][info][gc,cpu         ] GC(2774) User=0.00s Sys=0.00s Real=0.00s
[345.275s][info][gc,start       ] GC(2775) Pause Young (Allocation Failure)
[345.278s][info][gc,heap        ] GC(2775) PSYoungGen: 172512K(173056K)->1024K(173056K) Eden: 171520K(171520K)->0K(171520K) From: 992K(1536K)->1024K(1536K)
[345.278s][info][gc,heap        ] GC(2775) ParOldGen: 11859K(349696K)->11915K(349696K)
[345.278s][info][gc,metaspace   ] GC(2775) Metaspace: 14411K(15296K)->14411K(15296K) NonClass: 12430K(12928K)->12430K(12928K) Class: 1981K(2368K)->1981K(2368K)
[345.278s][info][gc             ] GC(2775) Pause Young (Allocation Failure) 180M->12M(510M) 2.642ms
[345.278s][info][gc,cpu         ] GC(2775) User=0.00s Sys=0.00s Real=0.00s
[345.414s][info][gc,start       ] GC(2776) Pause Young (Allocation Failure)
[345.416s][info][gc,heap        ] GC(2776) PSYoungGen: 172544K(173056K)->992K(173056K) Eden: 171520K(171520K)->0K(171520K) From: 1024K(1536K)->992K(1536K)
[345.416s][info][gc,heap        ] GC(2776) ParOldGen: 11915K(349696K)->11979K(349696K)
[345.416s][info][gc,metaspace   ] GC(2776) Metaspace: 14411K(15296K)->14411K(15296K) NonClass: 12430K(12928K)->12430K(12928K) Class: 1981K(2368K)->1981K(2368K)
[345.416s][info][gc             ] GC(2776) Pause Young (Allocation Failure) 180M->12M(510M) 2.482ms
[345.416s][info][gc,cpu         ] GC(2776) User=0.00s Sys=0.00s Real=0.00s
[345.544s][info][gc,start       ] GC(2777) Pause Young (Allocation Failure)
[345.547s][info][gc,heap        ] GC(2777) PSYoungGen: 172512K(173056K)->1024K(173056K) Eden: 171520K(171520K)->0K(171520K) From: 992K(1536K)->1024K(1536K)
[345.547s][info][gc,heap        ] GC(2777) ParOldGen: 11979K(349696K)->12043K(349696K)
[345.547s][info][gc,metaspace   ] GC(2777) Metaspace: 14411K(15296K)->14411K(15296K) NonClass: 12430K(12928K)->12430K(12928K) Class: 1981K(2368K)->1981K(2368K)
[345.547s][info][gc             ] GC(2777) Pause Young (Allocation Failure) 180M->12M(510M) 2.463ms
[345.547s][info][gc,cpu         ] GC(2777) User=0.00s Sys=0.00s Real=0.00s
[345.675s][info][gc,start       ] GC(2778) Pause Young (Allocation Failure)
[345.678s][info][gc,heap        ] GC(2778) PSYoungGen: 172544K(173056K)->1024K(173056K) Eden: 171520K(171520K)->0K(171520K) From: 1024K(1536K)->1024K(1536K)
[345.678s][info][gc,heap        ] GC(2778) ParOldGen: 12043K(349696K)->12091K(349696K)
[345.678s][info][gc,metaspace   ] GC(2778) Metaspace: 14411K(15296K)->14411K(15296K) NonClass: 12430K(12928K)->12430K(12928K) Class: 1981K(2368K)->1981K(2368K)
[345.678s][info][gc             ] GC(2778) Pause Young (Allocation Failure) 180M->12M(510M) 2.471ms
[345.678s][info][gc,cpu         ] GC(2778) User=0.52s Sys=0.00s Real=0.00s
[345.806s][info][gc,start       ] GC(2779) Pause Young (Allocation Failure)
[345.808s][info][gc,heap        ] GC(2779) PSYoungGen: 172544K(173056K)->1024K(173056K) Eden: 171520K(171520K)->0K(171520K) From: 1024K(1536K)->1024K(1536K)
[345.808s][info][gc,heap        ] GC(2779) ParOldGen: 12091K(349696K)->12155K(349696K)
[345.808s][info][gc,metaspace   ] GC(2779) Metaspace: 14411K(15296K)->14411K(15296K) NonClass: 12430K(12928K)->12430K(12928K) Class: 1981K(2368K)->1981K(2368K)
[345.809s][info][gc             ] GC(2779) Pause Young (Allocation Failure) 180M->12M(510M) 2.517ms
[345.809s][info][gc,cpu         ] GC(2779) User=0.00s Sys=0.00s Real=0.00s
[345.935s][info][gc,start       ] GC(2780) Pause Young (Allocation Failure)
[345.937s][info][gc,heap        ] GC(2780) PSYoungGen: 172544K(173056K)->992K(173056K) Eden: 171520K(171520K)->0K(171520K) From: 1024K(1536K)->992K(1536K)
[345.937s][info][gc,heap        ] GC(2780) ParOldGen: 12155K(349696K)->12219K(349696K)
[345.937s][info][gc,metaspace   ] GC(2780) Metaspace: 14411K(15296K)->14411K(15296K) NonClass: 12430K(12928K)->12430K(12928K) Class: 1981K(2368K)->1981K(2368K)
[345.937s][info][gc             ] GC(2780) Pause Young (Allocation Failure) 180M->12M(510M) 2.552ms
[345.937s][info][gc,cpu         ] GC(2780) User=0.00s Sys=0.00s Real=0.00s
[346.062s][info][gc,start       ] GC(2781) Pause Young (Allocation Failure)
[346.064s][info][gc,heap        ] GC(2781) PSYoungGen: 172512K(173056K)->992K(173056K) Eden: 171520K(171520K)->0K(171520K) From: 992K(1536K)->992K(1536K)
[346.065s][info][gc,heap        ] GC(2781) ParOldGen: 12219K(349696K)->12275K(349696K)
[346.065s][info][gc,metaspace   ] GC(2781) Metaspace: 14411K(15296K)->14411K(15296K) NonClass: 12430K(12928K)->12430K(12928K) Class: 1981K(2368K)->1981K(2368K)
[346.065s][info][gc             ] GC(2781) Pause Young (Allocation Failure) 180M->12M(510M) 2.575ms
[346.065s][info][gc,cpu         ] GC(2781) User=0.00s Sys=0.00s Real=0.00s
[346.188s][info][gc,start       ] GC(2782) Pause Young (Allocation Failure)
[346.191s][info][gc,heap        ] GC(2782) PSYoungGen: 172512K(173056K)->992K(173056K) Eden: 171520K(171520K)->0K(171520K) From: 992K(1536K)->992K(1536K)
[346.191s][info][gc,heap        ] GC(2782) ParOldGen: 12275K(349696K)->12331K(349696K)
[346.191s][info][gc,metaspace   ] GC(2782) Metaspace: 14411K(15296K)->14411K(15296K) NonClass: 12430K(12928K)->12430K(12928K) Class: 1981K(2368K)->1981K(2368K)
[346.191s][info][gc             ] GC(2782) Pause Young (Allocation Failure) 180M->13M(510M) 2.775ms
[346.191s][info][gc,cpu         ] GC(2782) User=0.00s Sys=0.00s Real=0.00s
[346.310s][info][gc,start       ] GC(2783) Pause Young (Allocation Failure)
[346.313s][info][gc,heap        ] GC(2783) PSYoungGen: 172512K(173056K)->992K(173056K) Eden: 171520K(171520K)->0K(171520K) From: 992K(1536K)->992K(1536K)
[346.313s][info][gc,heap        ] GC(2783) ParOldGen: 12331K(349696K)->12379K(349696K)
[346.313s][info][gc,metaspace   ] GC(2783) Metaspace: 14411K(15296K)->14411K(15296K) NonClass: 12430K(12928K)->12430K(12928K) Class: 1981K(2368K)->1981K(2368K)
[346.313s][info][gc             ] GC(2783) Pause Young (Allocation Failure) 180M->13M(510M) 2.651ms
[346.313s][info][gc,cpu         ] GC(2783) User=0.00s Sys=0.00s Real=0.00s
[346.432s][info][gc,start       ] GC(2784) Pause Young (Allocation Failure)
[346.434s][info][gc,heap        ] GC(2784) PSYoungGen: 172512K(173056K)->1024K(173056K) Eden: 171520K(171520K)->0K(171520K) From: 992K(1536K)->1024K(1536K)
[346.434s][info][gc,heap        ] GC(2784) ParOldGen: 12379K(349696K)->12451K(349696K)
[346.434s][info][gc,metaspace   ] GC(2784) Metaspace: 14411K(15296K)->14411K(15296K) NonClass: 12430K(12928K)->12430K(12928K) Class: 1981K(2368K)->1981K(2368K)
[346.434s][info][gc             ] GC(2784) Pause Young (Allocation Failure) 180M->13M(510M) 2.674ms
[346.434s][info][gc,cpu         ] GC(2784) User=0.00s Sys=0.00s Real=0.00s
[346.552s][info][gc,start       ] GC(2785) Pause Young (Allocation Failure)
[346.555s][info][gc,heap        ] GC(2785) PSYoungGen: 172544K(173056K)->1024K(173056K) Eden: 171520K(171520K)->0K(171520K) From: 1024K(1536K)->1024K(1536K)
[346.555s][info][gc,heap        ] GC(2785) ParOldGen: 12451K(349696K)->12499K(349696K)
[346.555s][info][gc,metaspace   ] GC(2785) Metaspace: 14411K(15296K)->14411K(15296K) NonClass: 12430K(12928K)->12430K(12928K) Class: 1981K(2368K)->1981K(2368K)
[346.555s][info][gc             ] GC(2785) Pause Young (Allocation Failure) 180M->13M(510M) 2.725ms
[346.555s][info][gc,cpu         ] GC(2785) User=0.00s Sys=0.00s Real=0.00s
[346.669s][info][gc,start       ] GC(2786) Pause Young (Allocation Failure)
[346.672s][info][gc,heap        ] GC(2786) PSYoungGen: 172544K(173056K)->992K(173056K) Eden: 171520K(171520K)->0K(171520K) From: 1024K(1536K)->992K(1536K)
[346.672s][info][gc,heap        ] GC(2786) ParOldGen: 12499K(349696K)->12563K(349696K)
[346.672s][info][gc,metaspace   ] GC(2786) Metaspace: 14411K(15296K)->14411K(15296K) NonClass: 12430K(12928K)->12430K(12928K) Class: 1981K(2368K)->1981K(2368K)
[346.672s][info][gc             ] GC(2786) Pause Young (Allocation Failure) 180M->13M(510M) 2.813ms
[346.672s][info][gc,cpu         ] GC(2786) User=0.00s Sys=0.00s Real=0.00s
[346.770s][info][gc,start       ] GC(2787) Pause Young (Allocation Failure)
[346.773s][info][gc,heap        ] GC(2787) PSYoungGen: 172512K(173056K)->960K(173056K) Eden: 171520K(171520K)->0K(171520K) From: 992K(1536K)->960K(1536K)
[346.773s][info][gc,heap        ] GC(2787) ParOldGen: 12563K(349696K)->12603K(349696K)
[346.773s][info][gc,metaspace   ] GC(2787) Metaspace: 14411K(15296K)->14411K(15296K) NonClass: 12430K(12928K)->12430K(12928K) Class: 1981K(2368K)->1981K(2368K)
[346.773s][info][gc             ] GC(2787) Pause Young (Allocation Failure) 180M->13M(510M) 2.854ms
[346.773s][info][gc,cpu         ] GC(2787) User=0.00s Sys=0.00s Real=0.00s
[346.855s][info][gc,start       ] GC(2788) Pause Young (Allocation Failure)
[346.858s][info][gc,heap        ] GC(2788) PSYoungGen: 172480K(173056K)->928K(173056K) Eden: 171520K(171520K)->0K(171520K) From: 960K(1536K)->928K(1536K)
[346.858s][info][gc,heap        ] GC(2788) ParOldGen: 12603K(349696K)->12643K(349696K)
[346.858s][info][gc,metaspace   ] GC(2788) Metaspace: 14411K(15296K)->14411K(15296K) NonClass: 12430K(12928K)->12430K(12928K) Class: 1981K(2368K)->1981K(2368K)
[346.858s][info][gc             ] GC(2788) Pause Young (Allocation Failure) 180M->13M(510M) 2.900ms
[346.858s][info][gc,cpu         ] GC(2788) User=0.00s Sys=0.00s Real=0.00s
[346.929s][info][gc,start       ] GC(2789) Pause Young (Allocation Failure)
[346.932s][info][gc,heap        ] GC(2789) PSYoungGen: 172448K(173056K)->896K(173056K) Eden: 171520K(171520K)->0K(171520K) From: 928K(1536K)->896K(1536K)
[346.932s][info][gc,heap        ] GC(2789) ParOldGen: 12643K(349696K)->12675K(349696K)
[346.932s][info][gc,metaspace   ] GC(2789) Metaspace: 14411K(15296K)->14411K(15296K) NonClass: 12430K(12928K)->12430K(12928K) Class: 1981K(2368K)->1981K(2368K)
[346.932s][info][gc             ] GC(2789) Pause Young (Allocation Failure) 180M->13M(510M) 2.851ms
[346.932s][info][gc,cpu         ] GC(2789) User=0.00s Sys=0.00s Real=0.00s
[347.017s][info][gc,start       ] GC(2790) Pause Young (Allocation Failure)
[347.019s][info][gc,heap        ] GC(2790) PSYoungGen: 172416K(173056K)->672K(173056K) Eden: 171520K(171520K)->0K(171520K) From: 896K(1536K)->672K(1536K)
[347.020s][info][gc,heap        ] GC(2790) ParOldGen: 12675K(349696K)->12715K(349696K)
[347.020s][info][gc,metaspace   ] GC(2790) Metaspace: 14411K(15296K)->14411K(15296K) NonClass: 12430K(12928K)->12430K(12928K) Class: 1981K(2368K)->1981K(2368K)
[347.020s][info][gc             ] GC(2790) Pause Young (Allocation Failure) 180M->13M(510M) 2.822ms
[347.020s][info][gc,cpu         ] GC(2790) User=0.00s Sys=0.00s Real=0.00s
[347.265s][info][gc,start       ] GC(2791) Pause Young (Allocation Failure)
[347.268s][info][gc,heap        ] GC(2791) PSYoungGen: 172192K(173056K)->384K(173056K) Eden: 171520K(171520K)->0K(171520K) From: 672K(1536K)->384K(1536K)
[347.268s][info][gc,heap        ] GC(2791) ParOldGen: 12715K(349696K)->12739K(349696K)
[347.268s][info][gc,metaspace   ] GC(2791) Metaspace: 14411K(15296K)->14411K(15296K) NonClass: 12430K(12928K)->12430K(12928K) Class: 1981K(2368K)->1981K(2368K)
[347.268s][info][gc             ] GC(2791) Pause Young (Allocation Failure) 180M->12M(510M) 3.304ms
[347.268s][info][gc,cpu         ] GC(2791) User=0.00s Sys=0.00s Real=0.00s
[347.321s][info][gc,start       ] GC(2792) Pause Young (System.gc())
[347.324s][info][gc,heap        ] GC(2792) PSYoungGen: 14482K(173056K)->192K(173056K) Eden: 14098K(171520K)->0K(171520K) From: 384K(1536K)->192K(1536K)
[347.324s][info][gc,heap        ] GC(2792) ParOldGen: 12739K(349696K)->12803K(349696K)
[347.324s][info][gc,metaspace   ] GC(2792) Metaspace: 14411K(15296K)->14411K(15296K) NonClass: 12430K(12928K)->12430K(12928K) Class: 1981K(2368K)->1981K(2368K)
[347.324s][info][gc             ] GC(2792) Pause Young (System.gc()) 26M->12M(510M) 2.747ms
[347.324s][info][gc,cpu         ] GC(2792) User=0.00s Sys=0.00s Real=0.00s
[347.324s][info][gc,start       ] GC(2793) Pause Full (System.gc())
[347.324s][info][gc,phases,start] GC(2793) Marking Phase
[347.336s][info][gc,phases      ] GC(2793) Marking Phase 12.340ms
[347.337s][info][gc,phases,start] GC(2793) Summary Phase
[347.337s][info][gc,phases      ] GC(2793) Summary Phase 0.021ms
[347.337s][info][gc,phases,start] GC(2793) Adjust Roots
[347.341s][info][gc,phases      ] GC(2793) Adjust Roots 4.748ms
[347.341s][info][gc,phases,start] GC(2793) Compaction Phase
[347.343s][info][gc,phases      ] GC(2793) Compaction Phase 1.901ms
[347.343s][info][gc,phases,start] GC(2793) Post Compact
[347.344s][info][gc,phases      ] GC(2793) Post Compact 0.241ms
[347.344s][info][gc,heap        ] GC(2793) PSYoungGen: 192K(173056K)->0K(173056K) Eden: 0K(171520K)->0K(171520K) From: 192K(1536K)->0K(1536K)
[347.344s][info][gc,heap        ] GC(2793) ParOldGen: 12803K(349696K)->5384K(349696K)
[347.344s][info][gc,metaspace   ] GC(2793) Metaspace: 14411K(15296K)->14411K(15296K) NonClass: 12430K(12928K)->12430K(12928K) Class: 1981K(2368K)->1981K(2368K)
[347.344s][info][gc             ] GC(2793) Pause Full (System.gc()) 12M->5M(510M) 19.615ms
[347.344s][info][gc,cpu         ] GC(2793) User=0.02s Sys=0.00s Real=0.02s
[347.496s][info][gc,start       ] GC(2794) Pause Young (Allocation Failure)
[347.498s][info][gc,heap        ] GC(2794) PSYoungGen: 171520K(173056K)->1536K(172032K) Eden: 171520K(171520K)->0K(170496K) From: 0K(1536K)->1536K(1536K)
[347.498s][info][gc,heap        ] GC(2794) ParOldGen: 5384K(349696K)->5868K(349696K)
[347.498s][info][gc,metaspace   ] GC(2794) Metaspace: 14411K(15296K)->14411K(15296K) NonClass: 12430K(12928K)->12430K(12928K) Class: 1981K(2368K)->1981K(2368K)
[347.498s][info][gc             ] GC(2794) Pause Young (Allocation Failure) 172M->7M(509M) 2.819ms
[347.498s][info][gc,cpu         ] GC(2794) User=0.00s Sys=0.00s Real=0.00s
[347.617s][info][gc,start       ] GC(2795) Pause Young (Allocation Failure)
[347.620s][info][gc,heap        ] GC(2795) PSYoungGen: 172032K(172032K)->1024K(172544K) Eden: 170496K(170496K)->0K(170496K) From: 1536K(1536K)->1024K(2048K)
[347.620s][info][gc,heap        ] GC(2795) ParOldGen: 5868K(349696K)->7032K(349696K)
[347.620s][info][gc,metaspace   ] GC(2795) Metaspace: 14411K(15296K)->14411K(15296K) NonClass: 12430K(12928K)->12430K(12928K) Class: 1981K(2368K)->1981K(2368K)
[347.620s][info][gc             ] GC(2795) Pause Young (Allocation Failure) 173M->7M(510M) 2.572ms
[347.620s][info][gc,cpu         ] GC(2795) User=0.00s Sys=0.00s Real=0.00s
[347.742s][info][gc,start       ] GC(2796) Pause Young (Allocation Failure)
[347.745s][info][gc,heap        ] GC(2796) PSYoungGen: 171520K(172544K)->1024K(172544K) Eden: 170496K(170496K)->0K(170496K) From: 1024K(2048K)->1024K(2048K)
[347.745s][info][gc,heap        ] GC(2796) ParOldGen: 7032K(349696K)->7112K(349696K)
[347.745s][info][gc,metaspace   ] GC(2796) Metaspace: 14411K(15296K)->14411K(15296K) NonClass: 12430K(12928K)->12430K(12928K) Class: 1981K(2368K)->1981K(2368K)
[347.745s][info][gc             ] GC(2796) Pause Young (Allocation Failure) 174M->7M(510M) 2.534ms
[347.745s][info][gc,cpu         ] GC(2796) User=0.00s Sys=0.00s Real=0.00s
[347.867s][info][gc,start       ] GC(2797) Pause Young (Allocation Failure)
[347.869s][info][gc,heap        ] GC(2797) PSYoungGen: 171520K(172544K)->1024K(172544K) Eden: 170496K(170496K)->0K(170496K) From: 1024K(2048K)->1024K(2048K)
[347.869s][info][gc,heap        ] GC(2797) ParOldGen: 7112K(349696K)->7184K(349696K)
[347.869s][info][gc,metaspace   ] GC(2797) Metaspace: 14411K(15296K)->14411K(15296K) NonClass: 12430K(12928K)->12430K(12928K) Class: 1981K(2368K)->1981K(2368K)
[347.869s][info][gc             ] GC(2797) Pause Young (Allocation Failure) 174M->8M(510M) 2.529ms
[347.870s][info][gc,cpu         ] GC(2797) User=0.00s Sys=0.00s Real=0.00s
[348.001s][info][gc,start       ] GC(2798) Pause Young (Allocation Failure)
[348.003s][info][gc,heap        ] GC(2798) PSYoungGen: 171520K(172544K)->992K(171520K) Eden: 170496K(170496K)->0K(170496K) From: 1024K(2048K)->992K(1024K)
[348.003s][info][gc,heap        ] GC(2798) ParOldGen: 7184K(349696K)->7256K(349696K)
[348.003s][info][gc,metaspace   ] GC(2798) Metaspace: 14411K(15296K)->14411K(15296K) NonClass: 12430K(12928K)->12430K(12928K) Class: 1981K(2368K)->1981K(2368K)
[348.003s][info][gc             ] GC(2798) Pause Young (Allocation Failure) 174M->8M(509M) 2.598ms
[348.003s][info][gc,cpu         ] GC(2798) User=0.00s Sys=0.00s Real=0.00s
[348.134s][info][gc,start       ] GC(2799) Pause Young (Allocation Failure)
[348.137s][info][gc,heap        ] GC(2799) PSYoungGen: 171488K(171520K)->992K(172032K) Eden: 170496K(170496K)->0K(170496K) From: 992K(1024K)->992K(1536K)
[348.137s][info][gc,heap        ] GC(2799) ParOldGen: 7256K(349696K)->7328K(349696K)
[348.137s][info][gc,metaspace   ] GC(2799) Metaspace: 14411K(15296K)->14411K(15296K) NonClass: 12430K(12928K)->12430K(12928K) Class: 1981K(2368K)->1981K(2368K)
[348.137s][info][gc             ] GC(2799) Pause Young (Allocation Failure) 174M->8M(509M) 2.329ms
[348.137s][info][gc,cpu         ] GC(2799) User=0.00s Sys=0.00s Real=0.00s
[348.258s][info][gc,start       ] GC(2800) Pause Young (Allocation Failure)
[348.260s][info][gc,heap        ] GC(2800) PSYoungGen: 171488K(172032K)->1024K(173056K) Eden: 170496K(170496K)->0K(171520K) From: 992K(1536K)->1024K(1536K)
[348.260s][info][gc,heap        ] GC(2800) ParOldGen: 7328K(349696K)->7384K(349696K)
[348.260s][info][gc,metaspace   ] GC(2800) Metaspace: 14411K(15296K)->14411K(15296K) NonClass: 12430K(12928K)->12430K(12928K) Class: 1981K(2368K)->1981K(2368K)
[348.260s][info][gc             ] GC(2800) Pause Young (Allocation Failure) 174M->8M(510M) 2.354ms
[348.260s][info][gc,cpu         ] GC(2800) User=0.00s Sys=0.00s Real=0.00s
[348.383s][info][gc,start       ] GC(2801) Pause Young (Allocation Failure)
[348.385s][info][gc,heap        ] GC(2801) PSYoungGen: 172544K(173056K)->1024K(173056K) Eden: 171520K(171520K)->0K(171520K) From: 1024K(1536K)->1024K(1536K)
[348.385s][info][gc,heap        ] GC(2801) ParOldGen: 7384K(349696K)->7440K(349696K)
[348.385s][info][gc,metaspace   ] GC(2801) Metaspace: 14411K(15296K)->14411K(15296K) NonClass: 12430K(12928K)->12430K(12928K) Class: 1981K(2368K)->1981K(2368K)
[348.385s][info][gc             ] GC(2801) Pause Young (Allocation Failure) 175M->8M(510M) 2.434ms
[348.385s][info][gc,cpu         ] GC(2801) User=0.00s Sys=0.00s Real=0.00s
[348.510s][info][gc,start       ] GC(2802) Pause Young (Allocation Failure)
[348.512s][info][gc,heap        ] GC(2802) PSYoungGen: 172544K(173056K)->1024K(173056K) Eden: 171520K(171520K)->0K(171520K) From: 1024K(1536K)->1024K(1536K)
[348.512s][info][gc,heap        ] GC(2802) ParOldGen: 7440K(349696K)->7512K(349696K)
[348.512s][info][gc,metaspace   ] GC(2802) Metaspace: 14411K(15296K)->14411K(15296K) NonClass: 12430K(12928K)->12430K(12928K) Class: 1981K(2368K)->1981K(2368K)
[348.512s][info][gc             ] GC(2802) Pause Young (Allocation Failure) 175M->8M(510M) 2.379ms
[348.512s][info][gc,cpu         ] GC(2802) User=0.00s Sys=0.00s Real=0.00s
[348.637s][info][gc,start       ] GC(2803) Pause Young (Allocation Failure)
[348.640s][info][gc,heap        ] GC(2803) PSYoungGen: 172544K(173056K)->992K(173056K) Eden: 171520K(171520K)->0K(171520K) From: 1024K(1536K)->992K(1536K)
[348.640s][info][gc,heap        ] GC(2803) ParOldGen: 7512K(349696K)->7568K(349696K)
[348.640s][info][gc,metaspace   ] GC(2803) Metaspace: 14411K(15296K)->14411K(15296K) NonClass: 12430K(12928K)->12430K(12928K) Class: 1981K(2368K)->1981K(2368K)
[348.640s][info][gc             ] GC(2803) Pause Young (Allocation Failure) 175M->8M(510M) 2.445ms
[348.640s][info][gc,cpu         ] GC(2803) User=0.00s Sys=0.00s Real=0.00s
[348.762s][info][gc,start       ] GC(2804) Pause Young (Allocation Failure)
[348.764s][info][gc,heap        ] GC(2804) PSYoungGen: 172512K(173056K)->1024K(173056K) Eden: 171520K(171520K)->0K(171520K) From: 992K(1536K)->1024K(1536K)
[348.764s][info][gc,heap        ] GC(2804) ParOldGen: 7568K(349696K)->7648K(349696K)
[348.764s][info][gc,metaspace   ] GC(2804) Metaspace: 14411K(15296K)->14411K(15296K) NonClass: 12430K(12928K)->12430K(12928K) Class: 1981K(2368K)->1981K(2368K)
[348.764s][info][gc             ] GC(2804) Pause Young (Allocation Failure) 175M->8M(510M) 2.482ms
[348.764s][info][gc,cpu         ] GC(2804) User=0.00s Sys=0.00s Real=0.00s
[348.888s][info][gc,start       ] GC(2805) Pause Young (Allocation Failure)
[348.891s][info][gc,heap        ] GC(2805) PSYoungGen: 172544K(173056K)->992K(173056K) Eden: 171520K(171520K)->0K(171520K) From: 1024K(1536K)->992K(1536K)
[348.891s][info][gc,heap        ] GC(2805) ParOldGen: 7648K(349696K)->7696K(349696K)
[348.891s][info][gc,metaspace   ] GC(2805) Metaspace: 14411K(15296K)->14411K(15296K) NonClass: 12430K(12928K)->12430K(12928K) Class: 1981K(2368K)->1981K(2368K)
[348.891s][info][gc             ] GC(2805) Pause Young (Allocation Failure) 175M->8M(510M) 2.461ms
[348.891s][info][gc,cpu         ] GC(2805) User=0.00s Sys=0.00s Real=0.00s
[349.014s][info][gc,start       ] GC(2806) Pause Young (Allocation Failure)
[349.016s][info][gc,heap        ] GC(2806) PSYoungGen: 172512K(173056K)->1024K(173056K) Eden: 171520K(171520K)->0K(171520K) From: 992K(1536K)->1024K(1536K)
[349.016s][info][gc,heap        ] GC(2806) ParOldGen: 7696K(349696K)->7728K(349696K)
[349.016s][info][gc,metaspace   ] GC(2806) Metaspace: 14411K(15296K)->14411K(15296K) NonClass: 12430K(12928K)->12430K(12928K) Class: 1981K(2368K)->1981K(2368K)
[349.016s][info][gc             ] GC(2806) Pause Young (Allocation Failure) 175M->8M(510M) 2.488ms
[349.016s][info][gc,cpu         ] GC(2806) User=0.00s Sys=0.00s Real=0.00s
[349.138s][info][gc,start       ] GC(2807) Pause Young (Allocation Failure)
[349.140s][info][gc,heap        ] GC(2807) PSYoungGen: 172544K(173056K)->960K(173056K) Eden: 171520K(171520K)->0K(171520K) From: 1024K(1536K)->960K(1536K)
[349.140s][info][gc,heap        ] GC(2807) ParOldGen: 7728K(349696K)->7784K(349696K)
[349.140s][info][gc,metaspace   ] GC(2807) Metaspace: 14411K(15296K)->14411K(15296K) NonClass: 12430K(12928K)->12430K(12928K) Class: 1981K(2368K)->1981K(2368K)
[349.140s][info][gc             ] GC(2807) Pause Young (Allocation Failure) 176M->8M(510M) 2.516ms
[349.140s][info][gc,cpu         ] GC(2807) User=0.00s Sys=0.00s Real=0.00s
[349.265s][info][gc,start       ] GC(2808) Pause Young (Allocation Failure)
[349.267s][info][gc,heap        ] GC(2808) PSYoungGen: 172480K(173056K)->1024K(173056K) Eden: 171520K(171520K)->0K(171520K) From: 960K(1536K)->1024K(1536K)
[349.267s][info][gc,heap        ] GC(2808) ParOldGen: 7784K(349696K)->7824K(349696K)
[349.267s][info][gc,metaspace   ] GC(2808) Metaspace: 14411K(15296K)->14411K(15296K) NonClass: 12430K(12928K)->12430K(12928K) Class: 1981K(2368K)->1981K(2368K)
[349.267s][info][gc             ] GC(2808) Pause Young (Allocation Failure) 176M->8M(510M) 2.589ms
[349.267s][info][gc,cpu         ] GC(2808) User=0.00s Sys=0.00s Real=0.00s
[349.392s][info][gc,start       ] GC(2809) Pause Young (Allocation Failure)
[349.394s][info][gc,heap        ] GC(2809) PSYoungGen: 172544K(173056K)->1024K(173056K) Eden: 171520K(171520K)->0K(171520K) From: 1024K(1536K)->1024K(1536K)
[349.394s][info][gc,heap        ] GC(2809) ParOldGen: 7824K(349696K)->7888K(349696K)
[349.394s][info][gc,metaspace   ] GC(2809) Metaspace: 14411K(15296K)->14411K(15296K) NonClass: 12430K(12928K)->12430K(12928K) Class: 1981K(2368K)->1981K(2368K)
[349.394s][info][gc             ] GC(2809) Pause Young (Allocation Failure) 176M->8M(510M) 2.575ms
[349.394s][info][gc,cpu         ] GC(2809) User=0.00s Sys=0.00s Real=0.00s
[349.517s][info][gc,start       ] GC(2810) Pause Young (Allocation Failure)
[349.520s][info][gc,heap        ] GC(2810) PSYoungGen: 172544K(173056K)->1024K(173056K) Eden: 171520K(171520K)->0K(171520K) From: 1024K(1536K)->1024K(1536K)
[349.520s][info][gc,heap        ] GC(2810) ParOldGen: 7888K(349696K)->7936K(349696K)
[349.520s][info][gc,metaspace   ] GC(2810) Metaspace: 14411K(15296K)->14411K(15296K) NonClass: 12430K(12928K)->12430K(12928K) Class: 1981K(2368K)->1981K(2368K)
[349.520s][info][gc             ] GC(2810) Pause Young (Allocation Failure) 176M->8M(510M) 2.598ms
[349.520s][info][gc,cpu         ] GC(2810) User=0.00s Sys=0.00s Real=0.00s
[349.643s][info][gc,start       ] GC(2811) Pause Young (Allocation Failure)
[349.646s][info][gc,heap        ] GC(2811) PSYoungGen: 172544K(173056K)->992K(173056K) Eden: 171520K(171520K)->0K(171520K) From: 1024K(1536K)->992K(1536K)
[349.646s][info][gc,heap        ] GC(2811) ParOldGen: 7936K(349696K)->7992K(349696K)
[349.646s][info][gc,metaspace   ] GC(2811) Metaspace: 14411K(15296K)->14411K(15296K) NonClass: 12430K(12928K)->12430K(12928K) Class: 1981K(2368K)->1981K(2368K)
[349.646s][info][gc             ] GC(2811) Pause Young (Allocation Failure) 176M->8M(510M) 2.631ms
[349.646s][info][gc,cpu         ] GC(2811) User=0.52s Sys=0.00s Real=0.00s
[349.771s][info][gc,start       ] GC(2812) Pause Young (Allocation Failure)
[349.773s][info][gc,heap        ] GC(2812) PSYoungGen: 172512K(173056K)->1024K(173056K) Eden: 171520K(171520K)->0K(171520K) From: 992K(1536K)->1024K(1536K)
[349.773s][info][gc,heap        ] GC(2812) ParOldGen: 7992K(349696K)->8048K(349696K)
[349.773s][info][gc,metaspace   ] GC(2812) Metaspace: 14411K(15296K)->14411K(15296K) NonClass: 12430K(12928K)->12430K(12928K) Class: 1981K(2368K)->1981K(2368K)
[349.773s][info][gc             ] GC(2812) Pause Young (Allocation Failure) 176M->8M(510M) 2.703ms
[349.773s][info][gc,cpu         ] GC(2812) User=0.00s Sys=0.00s Real=0.00s
[349.896s][info][gc,start       ] GC(2813) Pause Young (Allocation Failure)
[349.899s][info][gc,heap        ] GC(2813) PSYoungGen: 172544K(173056K)->1024K(173056K) Eden: 171520K(171520K)->0K(171520K) From: 1024K(1536K)->1024K(1536K)
[349.899s][info][gc,heap        ] GC(2813) ParOldGen: 8048K(349696K)->8120K(349696K)
[349.899s][info][gc,metaspace   ] GC(2813) Metaspace: 14411K(15296K)->14411K(15296K) NonClass: 12430K(12928K)->12430K(12928K) Class: 1981K(2368K)->1981K(2368K)
[349.899s][info][gc             ] GC(2813) Pause Young (Allocation Failure) 176M->8M(510M) 2.703ms
[349.899s][info][gc,cpu         ] GC(2813) User=0.00s Sys=0.00s Real=0.00s
[350.022s][info][gc,start       ] GC(2814) Pause Young (Allocation Failure)
[350.025s][info][gc,heap        ] GC(2814) PSYoungGen: 172544K(173056K)->1024K(173056K) Eden: 171520K(171520K)->0K(171520K) From: 1024K(1536K)->1024K(1536K)
[350.025s][info][gc,heap        ] GC(2814) ParOldGen: 8120K(349696K)->8184K(349696K)
[350.025s][info][gc,metaspace   ] GC(2814) Metaspace: 14411K(15296K)->14411K(15296K) NonClass: 12430K(12928K)->12430K(12928K) Class: 1981K(2368K)->1981K(2368K)
[350.025s][info][gc             ] GC(2814) Pause Young (Allocation Failure) 176M->8M(510M) 2.660ms
[350.025s][info][gc,cpu         ] GC(2814) User=0.00s Sys=0.00s Real=0.00s
[350.149s][info][gc,start       ] GC(2815) Pause Young (Allocation Failure)
[350.152s][info][gc,heap        ] GC(2815) PSYoungGen: 172544K(173056K)->1024K(173056K) Eden: 171520K(171520K)->0K(171520K) From: 1024K(1536K)->1024K(1536K)
[350.152s][info][gc,heap        ] GC(2815) ParOldGen: 8184K(349696K)->8248K(349696K)
[350.152s][info][gc,metaspace   ] GC(2815) Metaspace: 14411K(15296K)->14411K(15296K) NonClass: 12430K(12928K)->12430K(12928K) Class: 1981K(2368K)->1981K(2368K)
[350.152s][info][gc             ] GC(2815) Pause Young (Allocation Failure) 176M->9M(510M) 2.729ms
[350.152s][info][gc,cpu         ] GC(2815) User=0.00s Sys=0.00s Real=0.00s
[350.275s][info][gc,start       ] GC(2816) Pause Young (Allocation Failure)
[350.277s][info][gc,heap        ] GC(2816) PSYoungGen: 172544K(173056K)->992K(173056K) Eden: 171520K(171520K)->0K(171520K) From: 1024K(1536K)->992K(1536K)
[350.277s][info][gc,heap        ] GC(2816) ParOldGen: 8248K(349696K)->8320K(349696K)
[350.277s][info][gc,metaspace   ] GC(2816) Metaspace: 14411K(15296K)->14411K(15296K) NonClass: 12430K(12928K)->12430K(12928K) Class: 1981K(2368K)->1981K(2368K)
[350.277s][info][gc             ] GC(2816) Pause Young (Allocation Failure) 176M->9M(510M) 2.753ms
[350.277s][info][gc,cpu         ] GC(2816) User=0.00s Sys=0.00s Real=0.00s
[350.401s][info][gc,start       ] GC(2817) Pause Young (Allocation Failure)
[350.404s][info][gc,heap        ] GC(2817) PSYoungGen: 172512K(173056K)->992K(173056K) Eden: 171520K(171520K)->0K(171520K) From: 992K(1536K)->992K(1536K)
[350.404s][info][gc,heap        ] GC(2817) ParOldGen: 8320K(349696K)->8384K(349696K)
[350.404s][info][gc,metaspace   ] GC(2817) Metaspace: 14411K(15296K)->14411K(15296K) NonClass: 12430K(12928K)->12430K(12928K) Class: 1981K(2368K)->1981K(2368K)
[350.404s][info][gc             ] GC(2817) Pause Young (Allocation Failure) 176M->9M(510M) 2.757ms
[350.404s][info][gc,cpu         ] GC(2817) User=0.00s Sys=0.00s Real=0.00s
[350.527s][info][gc,start       ] GC(2818) Pause Young (Allocation Failure)
[350.530s][info][gc,heap        ] GC(2818) PSYoungGen: 172512K(173056K)->1024K(173056K) Eden: 171520K(171520K)->0K(171520K) From: 992K(1536K)->1024K(1536K)
[350.530s][info][gc,heap        ] GC(2818) ParOldGen: 8384K(349696K)->8432K(349696K)
[350.530s][info][gc,metaspace   ] GC(2818) Metaspace: 14411K(15296K)->14411K(15296K) NonClass: 12430K(12928K)->12430K(12928K) Class: 1981K(2368K)->1981K(2368K)
[350.530s][info][gc             ] GC(2818) Pause Young (Allocation Failure) 176M->9M(510M) 2.816ms
[350.530s][info][gc,cpu         ] GC(2818) User=0.00s Sys=0.00s Real=0.00s
[350.653s][info][gc,start       ] GC(2819) Pause Young (Allocation Failure)
[350.655s][info][gc,heap        ] GC(2819) PSYoungGen: 172544K(173056K)->1024K(173056K) Eden: 171520K(171520K)->0K(171520K) From: 1024K(1536K)->1024K(1536K)
[350.656s][info][gc,heap        ] GC(2819) ParOldGen: 8432K(349696K)->8496K(349696K)
[350.656s][info][gc,metaspace   ] GC(2819) Metaspace: 14411K(15296K)->14411K(15296K) NonClass: 12430K(12928K)->12430K(12928K) Class: 1981K(2368K)->1981K(2368K)
[350.656s][info][gc             ] GC(2819) Pause Young (Allocation Failure) 176M->9M(510M) 2.770ms
[350.656s][info][gc,cpu         ] GC(2819) User=0.00s Sys=0.00s Real=0.00s
[350.780s][info][gc,start       ] GC(2820) Pause Young (Allocation Failure)
[350.783s][info][gc,heap        ] GC(2820) PSYoungGen: 172544K(173056K)->992K(173056K) Eden: 171520K(171520K)->0K(171520K) From: 1024K(1536K)->992K(1536K)
[350.783s][info][gc,heap        ] GC(2820) ParOldGen: 8496K(349696K)->8552K(349696K)
[350.783s][info][gc,metaspace   ] GC(2820) Metaspace: 14411K(15296K)->14411K(15296K) NonClass: 12430K(12928K)->12430K(12928K) Class: 1981K(2368K)->1981K(2368K)
[350.783s][info][gc             ] GC(2820) Pause Young (Allocation Failure) 176M->9M(510M) 2.788ms
[350.783s][info][gc,cpu         ] GC(2820) User=0.00s Sys=0.00s Real=0.00s
[350.991s][info][gc,start       ] GC(2821) Pause Young (Allocation Failure)
[350.994s][info][gc,heap        ] GC(2821) PSYoungGen: 172512K(173056K)->928K(173056K) Eden: 171520K(171520K)->0K(171520K) From: 992K(1536K)->928K(1536K)
[350.995s][info][gc,heap        ] GC(2821) ParOldGen: 8552K(349696K)->8624K(349696K)
[350.995s][info][gc,metaspace   ] GC(2821) Metaspace: 14411K(15296K)->14411K(15296K) NonClass: 12430K(12928K)->12430K(12928K) Class: 1981K(2368K)->1981K(2368K)
[350.995s][info][gc             ] GC(2821) Pause Young (Allocation Failure) 176M->9M(510M) 3.791ms
[350.995s][info][gc,cpu         ] GC(2821) User=0.00s Sys=0.00s Real=0.00s
[351.127s][info][gc,start       ] GC(2822) Pause Young (Allocation Failure)
[351.130s][info][gc,heap        ] GC(2822) PSYoungGen: 172448K(173056K)->992K(173056K) Eden: 171520K(171520K)->0K(171520K) From: 928K(1536K)->992K(1536K)
[351.130s][info][gc,heap        ] GC(2822) ParOldGen: 8624K(349696K)->8688K(349696K)
[351.130s][info][gc,metaspace   ] GC(2822) Metaspace: 14411K(15296K)->14411K(15296K) NonClass: 12430K(12928K)->12430K(12928K) Class: 1981K(2368K)->1981K(2368K)
[351.130s][info][gc             ] GC(2822) Pause Young (Allocation Failure) 176M->9M(510M) 2.689ms
[351.130s][info][gc,cpu         ] GC(2822) User=0.52s Sys=0.00s Real=0.00s
[351.256s][info][gc,start       ] GC(2823) Pause Young (Allocation Failure)
[351.258s][info][gc,heap        ] GC(2823) PSYoungGen: 172512K(173056K)->992K(173056K) Eden: 171520K(171520K)->0K(171520K) From: 992K(1536K)->992K(1536K)
[351.258s][info][gc,heap        ] GC(2823) ParOldGen: 8688K(349696K)->8752K(349696K)
[351.258s][info][gc,metaspace   ] GC(2823) Metaspace: 14411K(15296K)->14411K(15296K) NonClass: 12430K(12928K)->12430K(12928K) Class: 1981K(2368K)->1981K(2368K)
[351.258s][info][gc             ] GC(2823) Pause Young (Allocation Failure) 176M->9M(510M) 2.570ms
[351.258s][info][gc,cpu         ] GC(2823) User=0.00s Sys=0.00s Real=0.00s
[351.386s][info][gc,start       ] GC(2824) Pause Young (Allocation Failure)
[351.389s][info][gc,heap        ] GC(2824) PSYoungGen: 172512K(173056K)->1024K(173056K) Eden: 171520K(171520K)->0K(171520K) From: 992K(1536K)->1024K(1536K)
[351.389s][info][gc,heap        ] GC(2824) ParOldGen: 8752K(349696K)->8816K(349696K)
[351.389s][info][gc,metaspace   ] GC(2824) Metaspace: 14411K(15296K)->14411K(15296K) NonClass: 12430K(12928K)->12430K(12928K) Class: 1981K(2368K)->1981K(2368K)
[351.389s][info][gc             ] GC(2824) Pause Young (Allocation Failure) 177M->9M(510M) 2.571ms
[351.389s][info][gc,cpu         ] GC(2824) User=0.00s Sys=0.00s Real=0.00s
[351.525s][info][gc,start       ] GC(2825) Pause Young (Allocation Failure)
[351.528s][info][gc,heap        ] GC(2825) PSYoungGen: 172544K(173056K)->992K(173056K) Eden: 171520K(171520K)->0K(171520K) From: 1024K(1536K)->992K(1536K)
[351.528s][info][gc,heap        ] GC(2825) ParOldGen: 8816K(349696K)->8888K(349696K)
[351.528s][info][gc,metaspace   ] GC(2825) Metaspace: 14411K(15296K)->14411K(15296K) NonClass: 12430K(12928K)->12430K(12928K) Class: 1981K(2368K)->1981K(2368K)
[351.528s][info][gc             ] GC(2825) Pause Young (Allocation Failure) 177M->9M(510M) 2.524ms
[351.528s][info][gc,cpu         ] GC(2825) User=0.00s Sys=0.00s Real=0.00s
[351.656s][info][gc,start       ] GC(2826) Pause Young (Allocation Failure)
[351.659s][info][gc,heap        ] GC(2826) PSYoungGen: 172512K(173056K)->992K(173056K) Eden: 171520K(171520K)->0K(171520K) From: 992K(1536K)->992K(1536K)
[351.659s][info][gc,heap        ] GC(2826) ParOldGen: 8888K(349696K)->8952K(349696K)
[351.659s][info][gc,metaspace   ] GC(2826) Metaspace: 14411K(15296K)->14411K(15296K) NonClass: 12430K(12928K)->12430K(12928K) Class: 1981K(2368K)->1981K(2368K)
[351.659s][info][gc             ] GC(2826) Pause Young (Allocation Failure) 177M->9M(510M) 2.404ms
[351.659s][info][gc,cpu         ] GC(2826) User=0.00s Sys=0.00s Real=0.00s
[351.782s][info][gc,start       ] GC(2827) Pause Young (Allocation Failure)
[351.784s][info][gc,heap        ] GC(2827) PSYoungGen: 172512K(173056K)->1024K(173056K) Eden: 171520K(171520K)->0K(171520K) From: 992K(1536K)->1024K(1536K)
[351.784s][info][gc,heap        ] GC(2827) ParOldGen: 8952K(349696K)->9000K(349696K)
[351.784s][info][gc,metaspace   ] GC(2827) Metaspace: 14411K(15296K)->14411K(15296K) NonClass: 12430K(12928K)->12430K(12928K) Class: 1981K(2368K)->1981K(2368K)
[351.784s][info][gc             ] GC(2827) Pause Young (Allocation Failure) 177M->9M(510M) 2.326ms
[351.784s][info][gc,cpu         ] GC(2827) User=0.00s Sys=0.00s Real=0.00s
[351.906s][info][gc,start       ] GC(2828) Pause Young (Allocation Failure)
[351.908s][info][gc,heap        ] GC(2828) PSYoungGen: 172544K(173056K)->1024K(173056K) Eden: 171520K(171520K)->0K(171520K) From: 1024K(1536K)->1024K(1536K)
[351.908s][info][gc,heap        ] GC(2828) ParOldGen: 9000K(349696K)->9064K(349696K)
[351.908s][info][gc,metaspace   ] GC(2828) Metaspace: 14411K(15296K)->14411K(15296K) NonClass: 12430K(12928K)->12430K(12928K) Class: 1981K(2368K)->1981K(2368K)
[351.908s][info][gc             ] GC(2828) Pause Young (Allocation Failure) 177M->9M(510M) 2.360ms
[351.908s][info][gc,cpu         ] GC(2828) User=0.00s Sys=0.00s Real=0.00s
[352.032s][info][gc,start       ] GC(2829) Pause Young (Allocation Failure)
[352.034s][info][gc,heap        ] GC(2829) PSYoungGen: 172544K(173056K)->992K(173056K) Eden: 171520K(171520K)->0K(171520K) From: 1024K(1536K)->992K(1536K)
[352.034s][info][gc,heap        ] GC(2829) ParOldGen: 9064K(349696K)->9136K(349696K)
[352.034s][info][gc,metaspace   ] GC(2829) Metaspace: 14411K(15296K)->14411K(15296K) NonClass: 12430K(12928K)->12430K(12928K) Class: 1981K(2368K)->1981K(2368K)
[352.034s][info][gc             ] GC(2829) Pause Young (Allocation Failure) 177M->9M(510M) 2.387ms
[352.034s][info][gc,cpu         ] GC(2829) User=0.00s Sys=0.00s Real=0.00s
[352.158s][info][gc,start       ] GC(2830) Pause Young (Allocation Failure)
[352.160s][info][gc,heap        ] GC(2830) PSYoungGen: 172512K(173056K)->960K(173056K) Eden: 171520K(171520K)->0K(171520K) From: 992K(1536K)->960K(1536K)
[352.160s][info][gc,heap        ] GC(2830) ParOldGen: 9136K(349696K)->9216K(349696K)
[352.160s][info][gc,metaspace   ] GC(2830) Metaspace: 14411K(15296K)->14411K(15296K) NonClass: 12430K(12928K)->12430K(12928K) Class: 1981K(2368K)->1981K(2368K)
[352.160s][info][gc             ] GC(2830) Pause Young (Allocation Failure) 177M->9M(510M) 2.412ms
[352.160s][info][gc,cpu         ] GC(2830) User=0.52s Sys=0.00s Real=0.00s
[352.286s][info][gc,start       ] GC(2831) Pause Young (Allocation Failure)
[352.289s][info][gc,heap        ] GC(2831) PSYoungGen: 172479K(173056K)->992K(173056K) Eden: 171519K(171520K)->0K(171520K) From: 960K(1536K)->992K(1536K)
[352.289s][info][gc,heap        ] GC(2831) ParOldGen: 9216K(349696K)->9280K(349696K)
[352.289s][info][gc,metaspace   ] GC(2831) Metaspace: 14411K(15296K)->14411K(15296K) NonClass: 12430K(12928K)->12430K(12928K) Class: 1981K(2368K)->1981K(2368K)
[352.289s][info][gc             ] GC(2831) Pause Young (Allocation Failure) 177M->10M(510M) 2.521ms
[352.289s][info][gc,cpu         ] GC(2831) User=0.00s Sys=0.00s Real=0.00s
[352.413s][info][gc,start       ] GC(2832) Pause Young (Allocation Failure)
[352.415s][info][gc,heap        ] GC(2832) PSYoungGen: 172512K(173056K)->992K(173056K) Eden: 171520K(171520K)->0K(171520K) From: 992K(1536K)->992K(1536K)
[352.415s][info][gc,heap        ] GC(2832) ParOldGen: 9280K(349696K)->9336K(349696K)
[352.415s][info][gc,metaspace   ] GC(2832) Metaspace: 14411K(15296K)->14411K(15296K) NonClass: 12430K(12928K)->12430K(12928K) Class: 1981K(2368K)->1981K(2368K)
[352.415s][info][gc             ] GC(2832) Pause Young (Allocation Failure) 177M->10M(510M) 2.518ms
[352.415s][info][gc,cpu         ] GC(2832) User=0.00s Sys=0.00s Real=0.00s
[352.536s][info][gc,start       ] GC(2833) Pause Young (Allocation Failure)
[352.539s][info][gc,heap        ] GC(2833) PSYoungGen: 172512K(173056K)->992K(173056K) Eden: 171520K(171520K)->0K(171520K) From: 992K(1536K)->992K(1536K)
[352.539s][info][gc,heap        ] GC(2833) ParOldGen: 9336K(349696K)->9392K(349696K)
[352.539s][info][gc,metaspace   ] GC(2833) Metaspace: 14411K(15296K)->14411K(15296K) NonClass: 12430K(12928K)->12430K(12928K) Class: 1981K(2368K)->1981K(2368K)
[352.539s][info][gc             ] GC(2833) Pause Young (Allocation Failure) 177M->10M(510M) 2.510ms
[352.539s][info][gc,cpu         ] GC(2833) User=0.00s Sys=0.00s Real=0.00s
[352.663s][info][gc,start       ] GC(2834) Pause Young (Allocation Failure)
[352.665s][info][gc,heap        ] GC(2834) PSYoungGen: 172512K(173056K)->992K(173056K) Eden: 171520K(171520K)->0K(171520K) From: 992K(1536K)->992K(1536K)
[352.665s][info][gc,heap        ] GC(2834) ParOldGen: 9392K(349696K)->9440K(349696K)
[352.665s][info][gc,metaspace   ] GC(2834) Metaspace: 14411K(15296K)->14411K(15296K) NonClass: 12430K(12928K)->12430K(12928K) Class: 1981K(2368K)->1981K(2368K)
[352.665s][info][gc             ] GC(2834) Pause Young (Allocation Failure) 177M->10M(510M) 2.554ms
[352.665s][info][gc,cpu         ] GC(2834) User=0.00s Sys=0.00s Real=0.00s
[352.789s][info][gc,start       ] GC(2835) Pause Young (Allocation Failure)
[352.791s][info][gc,heap        ] GC(2835) PSYoungGen: 172512K(173056K)->1024K(173056K) Eden: 171520K(171520K)->0K(171520K) From: 992K(1536K)->1024K(1536K)
[352.791s][info][gc,heap        ] GC(2835) ParOldGen: 9440K(349696K)->9496K(349696K)
[352.791s][info][gc,metaspace   ] GC(2835) Metaspace: 14411K(15296K)->14411K(15296K) NonClass: 12430K(12928K)->12430K(12928K) Class: 1981K(2368K)->1981K(2368K)
[352.791s][info][gc             ] GC(2835) Pause Young (Allocation Failure) 177M->10M(510M) 2.553ms
[352.791s][info][gc,cpu         ] GC(2835) User=0.00s Sys=0.00s Real=0.00s
[352.917s][info][gc,start       ] GC(2836) Pause Young (Allocation Failure)
[352.919s][info][gc,heap        ] GC(2836) PSYoungGen: 172544K(173056K)->960K(173056K) Eden: 171520K(171520K)->0K(171520K) From: 1024K(1536K)->960K(1536K)
[352.920s][info][gc,heap        ] GC(2836) ParOldGen: 9496K(349696K)->9544K(349696K)
[352.920s][info][gc,metaspace   ] GC(2836) Metaspace: 14411K(15296K)->14411K(15296K) NonClass: 12430K(12928K)->12430K(12928K) Class: 1981K(2368K)->1981K(2368K)
[352.920s][info][gc             ] GC(2836) Pause Young (Allocation Failure) 177M->10M(510M) 2.589ms
[352.920s][info][gc,cpu         ] GC(2836) User=0.00s Sys=0.00s Real=0.00s
[353.044s][info][gc,start       ] GC(2837) Pause Young (Allocation Failure)
[353.046s][info][gc,heap        ] GC(2837) PSYoungGen: 172480K(173056K)->1024K(173056K) Eden: 171520K(171520K)->0K(171520K) From: 960K(1536K)->1024K(1536K)
[353.046s][info][gc,heap        ] GC(2837) ParOldGen: 9544K(349696K)->9584K(349696K)
[353.046s][info][gc,metaspace   ] GC(2837) Metaspace: 14411K(15296K)->14411K(15296K) NonClass: 12430K(12928K)->12430K(12928K) Class: 1981K(2368K)->1981K(2368K)
[353.046s][info][gc             ] GC(2837) Pause Young (Allocation Failure) 177M->10M(510M) 2.616ms
[353.046s][info][gc,cpu         ] GC(2837) User=0.00s Sys=0.00s Real=0.00s
[353.171s][info][gc,start       ] GC(2838) Pause Young (Allocation Failure)
[353.173s][info][gc,heap        ] GC(2838) PSYoungGen: 172544K(173056K)->992K(173056K) Eden: 171520K(171520K)->0K(171520K) From: 1024K(1536K)->992K(1536K)
[353.173s][info][gc,heap        ] GC(2838) ParOldGen: 9584K(349696K)->9640K(349696K)
[353.173s][info][gc,metaspace   ] GC(2838) Metaspace: 14411K(15296K)->14411K(15296K) NonClass: 12430K(12928K)->12430K(12928K) Class: 1981K(2368K)->1981K(2368K)
[353.173s][info][gc             ] GC(2838) Pause Young (Allocation Failure) 177M->10M(510M) 2.613ms
[353.173s][info][gc,cpu         ] GC(2838) User=0.00s Sys=0.00s Real=0.00s
[353.297s][info][gc,start       ] GC(2839) Pause Young (Allocation Failure)
[353.299s][info][gc,heap        ] GC(2839) PSYoungGen: 172512K(173056K)->992K(173056K) Eden: 171520K(171520K)->0K(171520K) From: 992K(1536K)->992K(1536K)
[353.299s][info][gc,heap        ] GC(2839) ParOldGen: 9640K(349696K)->9688K(349696K)
[353.299s][info][gc,metaspace   ] GC(2839) Metaspace: 14411K(15296K)->14411K(15296K) NonClass: 12430K(12928K)->12430K(12928K) Class: 1981K(2368K)->1981K(2368K)
[353.299s][info][gc             ] GC(2839) Pause Young (Allocation Failure) 177M->10M(510M) 2.689ms
[353.299s][info][gc,cpu         ] GC(2839) User=0.00s Sys=0.00s Real=0.00s
[353.423s][info][gc,start       ] GC(2840) Pause Young (Allocation Failure)
[353.426s][info][gc,heap        ] GC(2840) PSYoungGen: 172512K(173056K)->1024K(173056K) Eden: 171520K(171520K)->0K(171520K) From: 992K(1536K)->1024K(1536K)
[353.426s][info][gc,heap        ] GC(2840) ParOldGen: 9688K(349696K)->9728K(349696K)
[353.426s][info][gc,metaspace   ] GC(2840) Metaspace: 14411K(15296K)->14411K(15296K) NonClass: 12430K(12928K)->12430K(12928K) Class: 1981K(2368K)->1981K(2368K)
[353.426s][info][gc             ] GC(2840) Pause Young (Allocation Failure) 177M->10M(510M) 2.685ms
[353.426s][info][gc,cpu         ] GC(2840) User=0.00s Sys=0.02s Real=0.00s
[353.549s][info][gc,start       ] GC(2841) Pause Young (Allocation Failure)
[353.552s][info][gc,heap        ] GC(2841) PSYoungGen: 172544K(173056K)->1024K(173056K) Eden: 171520K(171520K)->0K(171520K) From: 1024K(1536K)->1024K(1536K)
[353.552s][info][gc,heap        ] GC(2841) ParOldGen: 9728K(349696K)->9776K(349696K)
[353.552s][info][gc,metaspace   ] GC(2841) Metaspace: 14411K(15296K)->14411K(15296K) NonClass: 12430K(12928K)->12430K(12928K) Class: 1981K(2368K)->1981K(2368K)
[353.552s][info][gc             ] GC(2841) Pause Young (Allocation Failure) 178M->10M(510M) 2.642ms
[353.552s][info][gc,cpu         ] GC(2841) User=0.52s Sys=0.00s Real=0.00s
[353.677s][info][gc,start       ] GC(2842) Pause Young (Allocation Failure)
[353.680s][info][gc,heap        ] GC(2842) PSYoungGen: 172544K(173056K)->1024K(173056K) Eden: 171520K(171520K)->0K(171520K) From: 1024K(1536K)->1024K(1536K)
[353.680s][info][gc,heap        ] GC(2842) ParOldGen: 9776K(349696K)->9840K(349696K)
[353.680s][info][gc,metaspace   ] GC(2842) Metaspace: 14411K(15296K)->14411K(15296K) NonClass: 12430K(12928K)->12430K(12928K) Class: 1981K(2368K)->1981K(2368K)
[353.680s][info][gc             ] GC(2842) Pause Young (Allocation Failure) 178M->10M(510M) 2.686ms
[353.680s][info][gc,cpu         ] GC(2842) User=0.00s Sys=0.00s Real=0.00s
[353.806s][info][gc,start       ] GC(2843) Pause Young (Allocation Failure)
[353.811s][info][gc,heap        ] GC(2843) PSYoungGen: 172544K(173056K)->960K(173056K) Eden: 171520K(171520K)->0K(171520K) From: 1024K(1536K)->960K(1536K)
[353.811s][info][gc,heap        ] GC(2843) ParOldGen: 9840K(349696K)->9888K(349696K)
[353.811s][info][gc,metaspace   ] GC(2843) Metaspace: 14411K(15296K)->14411K(15296K) NonClass: 12430K(12928K)->12430K(12928K) Class: 1981K(2368K)->1981K(2368K)
[353.811s][info][gc             ] GC(2843) Pause Young (Allocation Failure) 178M->10M(510M) 5.386ms
[353.811s][info][gc,cpu         ] GC(2843) User=0.00s Sys=0.00s Real=0.00s
[353.937s][info][gc,start       ] GC(2844) Pause Young (Allocation Failure)
[353.939s][info][gc,heap        ] GC(2844) PSYoungGen: 172480K(173056K)->992K(173056K) Eden: 171520K(171520K)->0K(171520K) From: 960K(1536K)->992K(1536K)
[353.939s][info][gc,heap        ] GC(2844) ParOldGen: 9888K(349696K)->9936K(349696K)
[353.939s][info][gc,metaspace   ] GC(2844) Metaspace: 14411K(15296K)->14411K(15296K) NonClass: 12430K(12928K)->12430K(12928K) Class: 1981K(2368K)->1981K(2368K)
[353.939s][info][gc             ] GC(2844) Pause Young (Allocation Failure) 178M->10M(510M) 2.733ms
[353.939s][info][gc,cpu         ] GC(2844) User=0.00s Sys=0.00s Real=0.00s
[354.064s][info][gc,start       ] GC(2845) Pause Young (Allocation Failure)
[354.067s][info][gc,heap        ] GC(2845) PSYoungGen: 172512K(173056K)->992K(173056K) Eden: 171520K(171520K)->0K(171520K) From: 992K(1536K)->992K(1536K)
[354.067s][info][gc,heap        ] GC(2845) ParOldGen: 9936K(349696K)->10008K(349696K)
[354.067s][info][gc,metaspace   ] GC(2845) Metaspace: 14411K(15296K)->14411K(15296K) NonClass: 12430K(12928K)->12430K(12928K) Class: 1981K(2368K)->1981K(2368K)
[354.067s][info][gc             ] GC(2845) Pause Young (Allocation Failure) 178M->10M(510M) 2.779ms
[354.067s][info][gc,cpu         ] GC(2845) User=0.00s Sys=0.00s Real=0.00s
[354.188s][info][gc,start       ] GC(2846) Pause Young (Allocation Failure)
[354.191s][info][gc,heap        ] GC(2846) PSYoungGen: 172512K(173056K)->1024K(173056K) Eden: 171520K(171520K)->0K(171520K) From: 992K(1536K)->1024K(1536K)
[354.191s][info][gc,heap        ] GC(2846) ParOldGen: 10008K(349696K)->10056K(349696K)
[354.191s][info][gc,metaspace   ] GC(2846) Metaspace: 14411K(15296K)->14411K(15296K) NonClass: 12430K(12928K)->12430K(12928K) Class: 1981K(2368K)->1981K(2368K)
[354.191s][info][gc             ] GC(2846) Pause Young (Allocation Failure) 178M->10M(510M) 2.772ms
[354.191s][info][gc,cpu         ] GC(2846) User=0.00s Sys=0.00s Real=0.00s
[354.316s][info][gc,start       ] GC(2847) Pause Young (Allocation Failure)
[354.318s][info][gc,heap        ] GC(2847) PSYoungGen: 172544K(173056K)->992K(173056K) Eden: 171520K(171520K)->0K(171520K) From: 1024K(1536K)->992K(1536K)
[354.318s][info][gc,heap        ] GC(2847) ParOldGen: 10056K(349696K)->10120K(349696K)
[354.318s][info][gc,metaspace   ] GC(2847) Metaspace: 14411K(15296K)->14411K(15296K) NonClass: 12430K(12928K)->12430K(12928K) Class: 1981K(2368K)->1981K(2368K)
[354.318s][info][gc             ] GC(2847) Pause Young (Allocation Failure) 178M->10M(510M) 2.810ms
[354.318s][info][gc,cpu         ] GC(2847) User=0.52s Sys=0.00s Real=0.00s
[354.441s][info][gc,start       ] GC(2848) Pause Young (Allocation Failure)
[354.444s][info][gc,heap        ] GC(2848) PSYoungGen: 172512K(173056K)->1024K(173056K) Eden: 171520K(171520K)->0K(171520K) From: 992K(1536K)->1024K(1536K)
[354.444s][info][gc,heap        ] GC(2848) ParOldGen: 10120K(349696K)->10192K(349696K)
[354.444s][info][gc,metaspace   ] GC(2848) Metaspace: 14411K(15296K)->14411K(15296K) NonClass: 12430K(12928K)->12430K(12928K) Class: 1981K(2368K)->1981K(2368K)
[354.444s][info][gc             ] GC(2848) Pause Young (Allocation Failure) 178M->10M(510M) 2.849ms
[354.444s][info][gc,cpu         ] GC(2848) User=0.52s Sys=0.00s Real=0.00s
[354.571s][info][gc,start       ] GC(2849) Pause Young (Allocation Failure)
[354.573s][info][gc,heap        ] GC(2849) PSYoungGen: 172544K(173056K)->1024K(173056K) Eden: 171520K(171520K)->0K(171520K) From: 1024K(1536K)->1024K(1536K)
[354.573s][info][gc,heap        ] GC(2849) ParOldGen: 10192K(349696K)->10248K(349696K)
[354.573s][info][gc,metaspace   ] GC(2849) Metaspace: 14411K(15296K)->14411K(15296K) NonClass: 12430K(12928K)->12430K(12928K) Class: 1981K(2368K)->1981K(2368K)
[354.573s][info][gc             ] GC(2849) Pause Young (Allocation Failure) 178M->11M(510M) 2.840ms
[354.573s][info][gc,cpu         ] GC(2849) User=0.00s Sys=0.00s Real=0.00s
[354.795s][info][gc,start       ] GC(2850) Pause Young (Allocation Failure)
[354.798s][info][gc,heap        ] GC(2850) PSYoungGen: 172544K(173056K)->960K(173056K) Eden: 171520K(171520K)->0K(171520K) From: 1024K(1536K)->960K(1536K)
[354.798s][info][gc,heap        ] GC(2850) ParOldGen: 10248K(349696K)->10304K(349696K)
[354.798s][info][gc,metaspace   ] GC(2850) Metaspace: 14411K(15296K)->14411K(15296K) NonClass: 12430K(12928K)->12430K(12928K) Class: 1981K(2368K)->1981K(2368K)
[354.798s][info][gc             ] GC(2850) Pause Young (Allocation Failure) 178M->11M(510M) 3.750ms
[354.798s][info][gc,cpu         ] GC(2850) User=0.00s Sys=0.00s Real=0.00s
[354.933s][info][gc,start       ] GC(2851) Pause Young (Allocation Failure)
[354.936s][info][gc,heap        ] GC(2851) PSYoungGen: 172480K(173056K)->1024K(173056K) Eden: 171520K(171520K)->0K(171520K) From: 960K(1536K)->1024K(1536K)
[354.936s][info][gc,heap        ] GC(2851) ParOldGen: 10304K(349696K)->10360K(349696K)
[354.936s][info][gc,metaspace   ] GC(2851) Metaspace: 14411K(15296K)->14411K(15296K) NonClass: 12430K(12928K)->12430K(12928K) Class: 1981K(2368K)->1981K(2368K)
[354.936s][info][gc             ] GC(2851) Pause Young (Allocation Failure) 178M->11M(510M) 2.729ms
[354.936s][info][gc,cpu         ] GC(2851) User=0.00s Sys=0.00s Real=0.00s
[355.063s][info][gc,start       ] GC(2852) Pause Young (Allocation Failure)
[355.065s][info][gc,heap        ] GC(2852) PSYoungGen: 172544K(173056K)->1024K(173056K) Eden: 171520K(171520K)->0K(171520K) From: 1024K(1536K)->1024K(1536K)
[355.065s][info][gc,heap        ] GC(2852) ParOldGen: 10360K(349696K)->10432K(349696K)
[355.065s][info][gc,metaspace   ] GC(2852) Metaspace: 14411K(15296K)->14411K(15296K) NonClass: 12430K(12928K)->12430K(12928K) Class: 1981K(2368K)->1981K(2368K)
[355.065s][info][gc             ] GC(2852) Pause Young (Allocation Failure) 178M->11M(510M) 2.655ms
[355.065s][info][gc,cpu         ] GC(2852) User=0.00s Sys=0.00s Real=0.00s
[355.199s][info][gc,start       ] GC(2853) Pause Young (Allocation Failure)
[355.202s][info][gc,heap        ] GC(2853) PSYoungGen: 172544K(173056K)->1024K(173056K) Eden: 171520K(171520K)->0K(171520K) From: 1024K(1536K)->1024K(1536K)
[355.202s][info][gc,heap        ] GC(2853) ParOldGen: 10432K(349696K)->10496K(349696K)
[355.202s][info][gc,metaspace   ] GC(2853) Metaspace: 14411K(15296K)->14411K(15296K) NonClass: 12430K(12928K)->12430K(12928K) Class: 1981K(2368K)->1981K(2368K)
[355.202s][info][gc             ] GC(2853) Pause Young (Allocation Failure) 178M->11M(510M) 2.566ms
[355.202s][info][gc,cpu         ] GC(2853) User=0.00s Sys=0.00s Real=0.00s
[355.332s][info][gc,start       ] GC(2854) Pause Young (Allocation Failure)
[355.335s][info][gc,heap        ] GC(2854) PSYoungGen: 172544K(173056K)->992K(173056K) Eden: 171520K(171520K)->0K(171520K) From: 1024K(1536K)->992K(1536K)
[355.335s][info][gc,heap        ] GC(2854) ParOldGen: 10496K(349696K)->10544K(349696K)
[355.335s][info][gc,metaspace   ] GC(2854) Metaspace: 14411K(15296K)->14411K(15296K) NonClass: 12430K(12928K)->12430K(12928K) Class: 1981K(2368K)->1981K(2368K)
[355.335s][info][gc             ] GC(2854) Pause Young (Allocation Failure) 178M->11M(510M) 2.501ms
[355.335s][info][gc,cpu         ] GC(2854) User=0.02s Sys=0.00s Real=0.00s
[355.463s][info][gc,start       ] GC(2855) Pause Young (Allocation Failure)
[355.466s][info][gc,heap        ] GC(2855) PSYoungGen: 172512K(173056K)->1024K(173056K) Eden: 171520K(171520K)->0K(171520K) From: 992K(1536K)->1024K(1536K)
[355.466s][info][gc,heap        ] GC(2855) ParOldGen: 10544K(349696K)->10592K(349696K)
[355.466s][info][gc,metaspace   ] GC(2855) Metaspace: 14411K(15296K)->14411K(15296K) NonClass: 12430K(12928K)->12430K(12928K) Class: 1981K(2368K)->1981K(2368K)
[355.466s][info][gc             ] GC(2855) Pause Young (Allocation Failure) 178M->11M(510M) 2.407ms
[355.466s][info][gc,cpu         ] GC(2855) User=0.00s Sys=0.00s Real=0.00s
[355.586s][info][gc,start       ] GC(2856) Pause Young (Allocation Failure)
[355.588s][info][gc,heap        ] GC(2856) PSYoungGen: 172544K(173056K)->928K(173056K) Eden: 171520K(171520K)->0K(171520K) From: 1024K(1536K)->928K(1536K)
[355.588s][info][gc,heap        ] GC(2856) ParOldGen: 10592K(349696K)->10664K(349696K)
[355.588s][info][gc,metaspace   ] GC(2856) Metaspace: 14411K(15296K)->14411K(15296K) NonClass: 12430K(12928K)->12430K(12928K) Class: 1981K(2368K)->1981K(2368K)
[355.588s][info][gc             ] GC(2856) Pause Young (Allocation Failure) 178M->11M(510M) 2.436ms
[355.588s][info][gc,cpu         ] GC(2856) User=0.00s Sys=0.00s Real=0.00s
[355.712s][info][gc,start       ] GC(2857) Pause Young (Allocation Failure)
[355.714s][info][gc,heap        ] GC(2857) PSYoungGen: 172448K(173056K)->992K(173056K) Eden: 171520K(171520K)->0K(171520K) From: 928K(1536K)->992K(1536K)
[355.714s][info][gc,heap        ] GC(2857) ParOldGen: 10664K(349696K)->10728K(349696K)
[355.714s][info][gc,metaspace   ] GC(2857) Metaspace: 14411K(15296K)->14411K(15296K) NonClass: 12430K(12928K)->12430K(12928K) Class: 1981K(2368K)->1981K(2368K)
[355.714s][info][gc             ] GC(2857) Pause Young (Allocation Failure) 178M->11M(510M) 2.405ms
[355.714s][info][gc,cpu         ] GC(2857) User=0.00s Sys=0.00s Real=0.00s
[355.837s][info][gc,start       ] GC(2858) Pause Young (Allocation Failure)
[355.839s][info][gc,heap        ] GC(2858) PSYoungGen: 172512K(173056K)->1024K(173056K) Eden: 171520K(171520K)->0K(171520K) From: 992K(1536K)->1024K(1536K)
[355.839s][info][gc,heap        ] GC(2858) ParOldGen: 10728K(349696K)->10784K(349696K)
[355.839s][info][gc,metaspace   ] GC(2858) Metaspace: 14411K(15296K)->14411K(15296K) NonClass: 12430K(12928K)->12430K(12928K) Class: 1981K(2368K)->1981K(2368K)
[355.839s][info][gc             ] GC(2858) Pause Young (Allocation Failure) 178M->11M(510M) 2.432ms
[355.839s][info][gc,cpu         ] GC(2858) User=0.00s Sys=0.00s Real=0.00s
[355.961s][info][gc,start       ] GC(2859) Pause Young (Allocation Failure)
[355.963s][info][gc,heap        ] GC(2859) PSYoungGen: 172544K(173056K)->992K(173056K) Eden: 171520K(171520K)->0K(171520K) From: 1024K(1536K)->992K(1536K)
[355.964s][info][gc,heap        ] GC(2859) ParOldGen: 10784K(349696K)->10840K(349696K)
[355.964s][info][gc,metaspace   ] GC(2859) Metaspace: 14411K(15296K)->14411K(15296K) NonClass: 12430K(12928K)->12430K(12928K) Class: 1981K(2368K)->1981K(2368K)
[355.964s][info][gc             ] GC(2859) Pause Young (Allocation Failure) 179M->11M(510M) 2.431ms
[355.964s][info][gc,cpu         ] GC(2859) User=0.00s Sys=0.00s Real=0.00s
[356.088s][info][gc,start       ] GC(2860) Pause Young (Allocation Failure)
[356.090s][info][gc,heap        ] GC(2860) PSYoungGen: 172512K(173056K)->1024K(173056K) Eden: 171520K(171520K)->0K(171520K) From: 992K(1536K)->1024K(1536K)
[356.090s][info][gc,heap        ] GC(2860) ParOldGen: 10840K(349696K)->10896K(349696K)
[356.090s][info][gc,metaspace   ] GC(2860) Metaspace: 14411K(15296K)->14411K(15296K) NonClass: 12430K(12928K)->12430K(12928K) Class: 1981K(2368K)->1981K(2368K)
[356.090s][info][gc             ] GC(2860) Pause Young (Allocation Failure) 179M->11M(510M) 2.526ms
[356.090s][info][gc,cpu         ] GC(2860) User=0.00s Sys=0.00s Real=0.00s
[356.215s][info][gc,start       ] GC(2861) Pause Young (Allocation Failure)
[356.217s][info][gc,heap        ] GC(2861) PSYoungGen: 172544K(173056K)->992K(173056K) Eden: 171520K(171520K)->0K(171520K) From: 1024K(1536K)->992K(1536K)
[356.218s][info][gc,heap        ] GC(2861) ParOldGen: 10896K(349696K)->10960K(349696K)
[356.218s][info][gc,metaspace   ] GC(2861) Metaspace: 14411K(15296K)->14411K(15296K) NonClass: 12430K(12928K)->12430K(12928K) Class: 1981K(2368K)->1981K(2368K)
[356.218s][info][gc             ] GC(2861) Pause Young (Allocation Failure) 179M->11M(510M) 2.543ms
[356.218s][info][gc,cpu         ] GC(2861) User=0.00s Sys=0.00s Real=0.00s
[356.343s][info][gc,start       ] GC(2862) Pause Young (Allocation Failure)
[356.346s][info][gc,heap        ] GC(2862) PSYoungGen: 172512K(173056K)->992K(173056K) Eden: 171520K(171520K)->0K(171520K) From: 992K(1536K)->992K(1536K)
[356.346s][info][gc,heap        ] GC(2862) ParOldGen: 10960K(349696K)->11016K(349696K)
[356.346s][info][gc,metaspace   ] GC(2862) Metaspace: 14411K(15296K)->14411K(15296K) NonClass: 12430K(12928K)->12430K(12928K) Class: 1981K(2368K)->1981K(2368K)
[356.346s][info][gc             ] GC(2862) Pause Young (Allocation Failure) 179M->11M(510M) 2.585ms
[356.346s][info][gc,cpu         ] GC(2862) User=0.00s Sys=0.00s Real=0.00s
[356.469s][info][gc,start       ] GC(2863) Pause Young (Allocation Failure)
[356.471s][info][gc,heap        ] GC(2863) PSYoungGen: 172512K(173056K)->960K(173056K) Eden: 171520K(171520K)->0K(171520K) From: 992K(1536K)->960K(1536K)
[356.472s][info][gc,heap        ] GC(2863) ParOldGen: 11016K(349696K)->11080K(349696K)
[356.472s][info][gc,metaspace   ] GC(2863) Metaspace: 14411K(15296K)->14411K(15296K) NonClass: 12430K(12928K)->12430K(12928K) Class: 1981K(2368K)->1981K(2368K)
[356.472s][info][gc             ] GC(2863) Pause Young (Allocation Failure) 179M->11M(510M) 2.592ms
[356.472s][info][gc,cpu         ] GC(2863) User=0.00s Sys=0.00s Real=0.00s
[356.596s][info][gc,start       ] GC(2864) Pause Young (Allocation Failure)
[356.599s][info][gc,heap        ] GC(2864) PSYoungGen: 172480K(173056K)->1024K(173056K) Eden: 171520K(171520K)->0K(171520K) From: 960K(1536K)->1024K(1536K)
[356.599s][info][gc,heap        ] GC(2864) ParOldGen: 11080K(349696K)->11128K(349696K)
[356.599s][info][gc,metaspace   ] GC(2864) Metaspace: 14411K(15296K)->14411K(15296K) NonClass: 12430K(12928K)->12430K(12928K) Class: 1981K(2368K)->1981K(2368K)
[356.599s][info][gc             ] GC(2864) Pause Young (Allocation Failure) 179M->11M(510M) 2.594ms
[356.599s][info][gc,cpu         ] GC(2864) User=0.52s Sys=0.00s Real=0.00s
[356.720s][info][gc,start       ] GC(2865) Pause Young (Allocation Failure)
[356.723s][info][gc,heap        ] GC(2865) PSYoungGen: 172544K(173056K)->960K(173056K) Eden: 171520K(171520K)->0K(171520K) From: 1024K(1536K)->960K(1536K)
[356.723s][info][gc,heap        ] GC(2865) ParOldGen: 11128K(349696K)->11176K(349696K)
[356.723s][info][gc,metaspace   ] GC(2865) Metaspace: 14411K(15296K)->14411K(15296K) NonClass: 12430K(12928K)->12430K(12928K) Class: 1981K(2368K)->1981K(2368K)
[356.723s][info][gc             ] GC(2865) Pause Young (Allocation Failure) 179M->11M(510M) 2.600ms
[356.723s][info][gc,cpu         ] GC(2865) User=0.52s Sys=0.00s Real=0.00s
[356.847s][info][gc,start       ] GC(2866) Pause Young (Allocation Failure)
[356.850s][info][gc,heap        ] GC(2866) PSYoungGen: 172480K(173056K)->992K(173056K) Eden: 171520K(171520K)->0K(171520K) From: 960K(1536K)->992K(1536K)
[356.850s][info][gc,heap        ] GC(2866) ParOldGen: 11176K(349696K)->11240K(349696K)
[356.850s][info][gc,metaspace   ] GC(2866) Metaspace: 14411K(15296K)->14411K(15296K) NonClass: 12430K(12928K)->12430K(12928K) Class: 1981K(2368K)->1981K(2368K)
[356.850s][info][gc             ] GC(2866) Pause Young (Allocation Failure) 179M->11M(510M) 2.649ms
[356.850s][info][gc,cpu         ] GC(2866) User=0.52s Sys=0.00s Real=0.00s
[356.973s][info][gc,start       ] GC(2867) Pause Young (Allocation Failure)
[356.976s][info][gc,heap        ] GC(2867) PSYoungGen: 172512K(173056K)->1024K(173056K) Eden: 171520K(171520K)->0K(171520K) From: 992K(1536K)->1024K(1536K)
[356.976s][info][gc,heap        ] GC(2867) ParOldGen: 11240K(349696K)->11280K(349696K)
[356.976s][info][gc,metaspace   ] GC(2867) Metaspace: 14411K(15296K)->14411K(15296K) NonClass: 12430K(12928K)->12430K(12928K) Class: 1981K(2368K)->1981K(2368K)
[356.976s][info][gc             ] GC(2867) Pause Young (Allocation Failure) 179M->12M(510M) 2.654ms
[356.976s][info][gc,cpu         ] GC(2867) User=0.00s Sys=0.00s Real=0.00s
[357.099s][info][gc,start       ] GC(2868) Pause Young (Allocation Failure)
[357.102s][info][gc,heap        ] GC(2868) PSYoungGen: 172544K(173056K)->1024K(173056K) Eden: 171520K(171520K)->0K(171520K) From: 1024K(1536K)->1024K(1536K)
[357.102s][info][gc,heap        ] GC(2868) ParOldGen: 11280K(349696K)->11344K(349696K)
[357.102s][info][gc,metaspace   ] GC(2868) Metaspace: 14411K(15296K)->14411K(15296K) NonClass: 12430K(12928K)->12430K(12928K) Class: 1981K(2368K)->1981K(2368K)
[357.102s][info][gc             ] GC(2868) Pause Young (Allocation Failure) 179M->12M(510M) 2.710ms
[357.102s][info][gc,cpu         ] GC(2868) User=0.00s Sys=0.00s Real=0.00s
[357.223s][info][gc,start       ] GC(2869) Pause Young (Allocation Failure)
[357.226s][info][gc,heap        ] GC(2869) PSYoungGen: 172544K(173056K)->1024K(173056K) Eden: 171520K(171520K)->0K(171520K) From: 1024K(1536K)->1024K(1536K)
[357.226s][info][gc,heap        ] GC(2869) ParOldGen: 11344K(349696K)->11384K(349696K)
[357.226s][info][gc,metaspace   ] GC(2869) Metaspace: 14411K(15296K)->14411K(15296K) NonClass: 12430K(12928K)->12430K(12928K) Class: 1981K(2368K)->1981K(2368K)
[357.226s][info][gc             ] GC(2869) Pause Young (Allocation Failure) 179M->12M(510M) 2.735ms
[357.226s][info][gc,cpu         ] GC(2869) User=0.00s Sys=0.00s Real=0.00s
[357.349s][info][gc,start       ] GC(2870) Pause Young (Allocation Failure)
[357.351s][info][gc,heap        ] GC(2870) PSYoungGen: 172543K(173056K)->1024K(173056K) Eden: 171519K(171520K)->0K(171520K) From: 1024K(1536K)->1024K(1536K)
[357.351s][info][gc,heap        ] GC(2870) ParOldGen: 11384K(349696K)->11476K(349696K)
[357.351s][info][gc,metaspace   ] GC(2870) Metaspace: 14411K(15296K)->14411K(15296K) NonClass: 12430K(12928K)->12430K(12928K) Class: 1981K(2368K)->1981K(2368K)
[357.351s][info][gc             ] GC(2870) Pause Young (Allocation Failure) 179M->12M(510M) 2.758ms
[357.351s][info][gc,cpu         ] GC(2870) User=0.00s Sys=0.00s Real=0.00s
[357.475s][info][gc,start       ] GC(2871) Pause Young (Allocation Failure)
[357.478s][info][gc,heap        ] GC(2871) PSYoungGen: 172544K(173056K)->992K(173056K) Eden: 171520K(171520K)->0K(171520K) From: 1024K(1536K)->992K(1536K)
[357.478s][info][gc,heap        ] GC(2871) ParOldGen: 11476K(349696K)->11516K(349696K)
[357.478s][info][gc,metaspace   ] GC(2871) Metaspace: 14411K(15296K)->14411K(15296K) NonClass: 12430K(12928K)->12430K(12928K) Class: 1981K(2368K)->1981K(2368K)
[357.478s][info][gc             ] GC(2871) Pause Young (Allocation Failure) 179M->12M(510M) 2.769ms
[357.478s][info][gc,cpu         ] GC(2871) User=0.00s Sys=0.00s Real=0.00s
[357.599s][info][gc,start       ] GC(2872) Pause Young (Allocation Failure)
[357.602s][info][gc,heap        ] GC(2872) PSYoungGen: 172512K(173056K)->1024K(173056K) Eden: 171520K(171520K)->0K(171520K) From: 992K(1536K)->1024K(1536K)
[357.602s][info][gc,heap        ] GC(2872) ParOldGen: 11516K(349696K)->11580K(349696K)
[357.602s][info][gc,metaspace   ] GC(2872) Metaspace: 14411K(15296K)->14411K(15296K) NonClass: 12430K(12928K)->12430K(12928K) Class: 1981K(2368K)->1981K(2368K)
[357.602s][info][gc             ] GC(2872) Pause Young (Allocation Failure) 179M->12M(510M) 2.780ms
[357.602s][info][gc,cpu         ] GC(2872) User=0.00s Sys=0.00s Real=0.00s
[357.726s][info][gc,start       ] GC(2873) Pause Young (Allocation Failure)
[357.729s][info][gc,heap        ] GC(2873) PSYoungGen: 172544K(173056K)->1024K(173056K) Eden: 171520K(171520K)->0K(171520K) From: 1024K(1536K)->1024K(1536K)
[357.729s][info][gc,heap        ] GC(2873) ParOldGen: 11580K(349696K)->11636K(349696K)
[357.729s][info][gc,metaspace   ] GC(2873) Metaspace: 14411K(15296K)->14411K(15296K) NonClass: 12430K(12928K)->12430K(12928K) Class: 1981K(2368K)->1981K(2368K)
[357.729s][info][gc             ] GC(2873) Pause Young (Allocation Failure) 179M->12M(510M) 2.781ms
[357.729s][info][gc,cpu         ] GC(2873) User=0.00s Sys=0.00s Real=0.00s
[357.853s][info][gc,start       ] GC(2874) Pause Young (Allocation Failure)
[357.856s][info][gc,heap        ] GC(2874) PSYoungGen: 172544K(173056K)->1024K(173056K) Eden: 171520K(171520K)->0K(171520K) From: 1024K(1536K)->1024K(1536K)
[357.856s][info][gc,heap        ] GC(2874) ParOldGen: 11636K(349696K)->11708K(349696K)
[357.856s][info][gc,metaspace   ] GC(2874) Metaspace: 14411K(15296K)->14411K(15296K) NonClass: 12430K(12928K)->12430K(12928K) Class: 1981K(2368K)->1981K(2368K)
[357.856s][info][gc             ] GC(2874) Pause Young (Allocation Failure) 179M->12M(510M) 2.807ms
[357.856s][info][gc,cpu         ] GC(2874) User=0.00s Sys=0.00s Real=0.00s
[357.979s][info][gc,start       ] GC(2875) Pause Young (Allocation Failure)
[357.982s][info][gc,heap        ] GC(2875) PSYoungGen: 172544K(173056K)->992K(173056K) Eden: 171520K(171520K)->0K(171520K) From: 1024K(1536K)->992K(1536K)
[357.982s][info][gc,heap        ] GC(2875) ParOldGen: 11708K(349696K)->11796K(349696K)
[357.982s][info][gc,metaspace   ] GC(2875) Metaspace: 14411K(15296K)->14411K(15296K) NonClass: 12430K(12928K)->12430K(12928K) Class: 1981K(2368K)->1981K(2368K)
[357.982s][info][gc             ] GC(2875) Pause Young (Allocation Failure) 179M->12M(510M) 2.920ms
[357.982s][info][gc,cpu         ] GC(2875) User=0.00s Sys=0.00s Real=0.00s
[358.106s][info][gc,start       ] GC(2876) Pause Young (Allocation Failure)
[358.109s][info][gc,heap        ] GC(2876) PSYoungGen: 172512K(173056K)->1024K(173056K) Eden: 171520K(171520K)->0K(171520K) From: 992K(1536K)->1024K(1536K)
[358.109s][info][gc,heap        ] GC(2876) ParOldGen: 11796K(349696K)->11852K(349696K)
[358.109s][info][gc,metaspace   ] GC(2876) Metaspace: 14411K(15296K)->14411K(15296K) NonClass: 12430K(12928K)->12430K(12928K) Class: 1981K(2368K)->1981K(2368K)
[358.109s][info][gc             ] GC(2876) Pause Young (Allocation Failure) 179M->12M(510M) 2.858ms
[358.109s][info][gc,cpu         ] GC(2876) User=0.00s Sys=0.00s Real=0.00s
[358.232s][info][gc,start       ] GC(2877) Pause Young (Allocation Failure)
[358.235s][info][gc,heap        ] GC(2877) PSYoungGen: 172544K(173056K)->960K(173056K) Eden: 171520K(171520K)->0K(171520K) From: 1024K(1536K)->960K(1536K)
[358.235s][info][gc,heap        ] GC(2877) ParOldGen: 11852K(349696K)->11900K(349696K)
[358.235s][info][gc,metaspace   ] GC(2877) Metaspace: 14411K(15296K)->14411K(15296K) NonClass: 12430K(12928K)->12430K(12928K) Class: 1981K(2368K)->1981K(2368K)
[358.235s][info][gc             ] GC(2877) Pause Young (Allocation Failure) 180M->12M(510M) 2.902ms
[358.235s][info][gc,cpu         ] GC(2877) User=0.00s Sys=0.00s Real=0.00s
[358.359s][info][gc,start       ] GC(2878) Pause Young (Allocation Failure)
[358.361s][info][gc,heap        ] GC(2878) PSYoungGen: 172480K(173056K)->1056K(173056K) Eden: 171520K(171520K)->0K(171520K) From: 960K(1536K)->1056K(1536K)
[358.361s][info][gc,heap        ] GC(2878) ParOldGen: 11900K(349696K)->11956K(349696K)
[358.361s][info][gc,metaspace   ] GC(2878) Metaspace: 14411K(15296K)->14411K(15296K) NonClass: 12430K(12928K)->12430K(12928K) Class: 1981K(2368K)->1981K(2368K)
[358.362s][info][gc             ] GC(2878) Pause Young (Allocation Failure) 180M->12M(510M) 2.892ms
[358.362s][info][gc,cpu         ] GC(2878) User=0.00s Sys=0.00s Real=0.00s
[358.583s][info][gc,start       ] GC(2879) Pause Young (Allocation Failure)
[358.586s][info][gc,heap        ] GC(2879) PSYoungGen: 172576K(173056K)->960K(173056K) Eden: 171520K(171520K)->0K(171520K) From: 1056K(1536K)->960K(1536K)
[358.586s][info][gc,heap        ] GC(2879) ParOldGen: 11956K(349696K)->11996K(349696K)
[358.586s][info][gc,metaspace   ] GC(2879) Metaspace: 14411K(15296K)->14411K(15296K) NonClass: 12430K(12928K)->12430K(12928K) Class: 1981K(2368K)->1981K(2368K)
[358.586s][info][gc             ] GC(2879) Pause Young (Allocation Failure) 180M->12M(510M) 3.825ms
[358.586s][info][gc,cpu         ] GC(2879) User=0.00s Sys=0.00s Real=0.00s
[358.720s][info][gc,start       ] GC(2880) Pause Young (Allocation Failure)
[358.723s][info][gc,heap        ] GC(2880) PSYoungGen: 172480K(173056K)->1024K(173056K) Eden: 171520K(171520K)->0K(171520K) From: 960K(1536K)->1024K(1536K)
[358.723s][info][gc,heap        ] GC(2880) ParOldGen: 11996K(349696K)->12044K(349696K)
[358.723s][info][gc,metaspace   ] GC(2880) Metaspace: 14411K(15296K)->14411K(15296K) NonClass: 12430K(12928K)->12430K(12928K) Class: 1981K(2368K)->1981K(2368K)
[358.723s][info][gc             ] GC(2880) Pause Young (Allocation Failure) 180M->12M(510M) 2.764ms
[358.723s][info][gc,cpu         ] GC(2880) User=0.00s Sys=0.00s Real=0.00s
[358.856s][info][gc,start       ] GC(2881) Pause Young (Allocation Failure)
[358.859s][info][gc,heap        ] GC(2881) PSYoungGen: 172544K(173056K)->960K(173056K) Eden: 171520K(171520K)->0K(171520K) From: 1024K(1536K)->960K(1536K)
[358.859s][info][gc,heap        ] GC(2881) ParOldGen: 12044K(349696K)->12100K(349696K)
[358.859s][info][gc,metaspace   ] GC(2881) Metaspace: 14411K(15296K)->14411K(15296K) NonClass: 12430K(12928K)->12430K(12928K) Class: 1981K(2368K)->1981K(2368K)
[358.859s][info][gc             ] GC(2881) Pause Young (Allocation Failure) 180M->12M(510M) 2.720ms
[358.859s][info][gc,cpu         ] GC(2881) User=0.00s Sys=0.00s Real=0.00s
[358.996s][info][gc,start       ] GC(2882) Pause Young (Allocation Failure)
[358.998s][info][gc,heap        ] GC(2882) PSYoungGen: 172480K(173056K)->960K(173056K) Eden: 171520K(171520K)->0K(171520K) From: 960K(1536K)->960K(1536K)
[358.998s][info][gc,heap        ] GC(2882) ParOldGen: 12100K(349696K)->12156K(349696K)
[358.998s][info][gc,metaspace   ] GC(2882) Metaspace: 14411K(15296K)->14411K(15296K) NonClass: 12430K(12928K)->12430K(12928K) Class: 1981K(2368K)->1981K(2368K)
[358.998s][info][gc             ] GC(2882) Pause Young (Allocation Failure) 180M->12M(510M) 2.623ms
[358.998s][info][gc,cpu         ] GC(2882) User=0.00s Sys=0.00s Real=0.00s
[359.128s][info][gc,start       ] GC(2883) Pause Young (Allocation Failure)
[359.131s][info][gc,heap        ] GC(2883) PSYoungGen: 172480K(173056K)->992K(173056K) Eden: 171520K(171520K)->0K(171520K) From: 960K(1536K)->992K(1536K)
[359.131s][info][gc,heap        ] GC(2883) ParOldGen: 12156K(349696K)->12212K(349696K)
[359.131s][info][gc,metaspace   ] GC(2883) Metaspace: 14411K(15296K)->14411K(15296K) NonClass: 12430K(12928K)->12430K(12928K) Class: 1981K(2368K)->1981K(2368K)
[359.131s][info][gc             ] GC(2883) Pause Young (Allocation Failure) 180M->12M(510M) 2.504ms
[359.131s][info][gc,cpu         ] GC(2883) User=0.52s Sys=0.00s Real=0.00s
[359.254s][info][gc,start       ] GC(2884) Pause Young (Allocation Failure)
[359.257s][info][gc,heap        ] GC(2884) PSYoungGen: 172512K(173056K)->992K(173056K) Eden: 171520K(171520K)->0K(171520K) From: 992K(1536K)->992K(1536K)
[359.257s][info][gc,heap        ] GC(2884) ParOldGen: 12212K(349696K)->12244K(349696K)
[359.257s][info][gc,metaspace   ] GC(2884) Metaspace: 14411K(15296K)->14411K(15296K) NonClass: 12430K(12928K)->12430K(12928K) Class: 1981K(2368K)->1981K(2368K)
[359.257s][info][gc             ] GC(2884) Pause Young (Allocation Failure) 180M->12M(510M) 2.519ms
[359.257s][info][gc,cpu         ] GC(2884) User=0.00s Sys=0.02s Real=0.00s
[359.379s][info][gc,start       ] GC(2885) Pause Young (Allocation Failure)
[359.382s][info][gc,heap        ] GC(2885) PSYoungGen: 172512K(173056K)->992K(173056K) Eden: 171520K(171520K)->0K(171520K) From: 992K(1536K)->992K(1536K)
[359.382s][info][gc,heap        ] GC(2885) ParOldGen: 12244K(349696K)->12316K(349696K)
[359.382s][info][gc,metaspace   ] GC(2885) Metaspace: 14411K(15296K)->14411K(15296K) NonClass: 12430K(12928K)->12430K(12928K) Class: 1981K(2368K)->1981K(2368K)
[359.382s][info][gc             ] GC(2885) Pause Young (Allocation Failure) 180M->12M(510M) 2.529ms
[359.382s][info][gc,cpu         ] GC(2885) User=0.00s Sys=0.00s Real=0.00s
[359.503s][info][gc,start       ] GC(2886) Pause Young (Allocation Failure)
[359.505s][info][gc,heap        ] GC(2886) PSYoungGen: 172512K(173056K)->960K(173056K) Eden: 171520K(171520K)->0K(171520K) From: 992K(1536K)->960K(1536K)
[359.505s][info][gc,heap        ] GC(2886) ParOldGen: 12316K(349696K)->12356K(349696K)
[359.505s][info][gc,metaspace   ] GC(2886) Metaspace: 14411K(15296K)->14411K(15296K) NonClass: 12430K(12928K)->12430K(12928K) Class: 1981K(2368K)->1981K(2368K)
[359.505s][info][gc             ] GC(2886) Pause Young (Allocation Failure) 180M->13M(510M) 2.490ms
[359.505s][info][gc,cpu         ] GC(2886) User=0.52s Sys=0.00s Real=0.00s
[359.627s][info][gc,start       ] GC(2887) Pause Young (Allocation Failure)
[359.630s][info][gc,heap        ] GC(2887) PSYoungGen: 172480K(173056K)->1024K(173056K) Eden: 171520K(171520K)->0K(171520K) From: 960K(1536K)->1024K(1536K)
[359.630s][info][gc,heap        ] GC(2887) ParOldGen: 12356K(349696K)->12420K(349696K)
[359.630s][info][gc,metaspace   ] GC(2887) Metaspace: 14411K(15296K)->14411K(15296K) NonClass: 12430K(12928K)->12430K(12928K) Class: 1981K(2368K)->1981K(2368K)
[359.630s][info][gc             ] GC(2887) Pause Young (Allocation Failure) 180M->13M(510M) 2.522ms
[359.630s][info][gc,cpu         ] GC(2887) User=0.52s Sys=0.00s Real=0.00s
[359.749s][info][gc,start       ] GC(2888) Pause Young (Allocation Failure)
[359.751s][info][gc,heap        ] GC(2888) PSYoungGen: 172543K(173056K)->992K(173056K) Eden: 171519K(171520K)->0K(171520K) From: 1024K(1536K)->992K(1536K)
[359.751s][info][gc,heap        ] GC(2888) ParOldGen: 12420K(349696K)->12468K(349696K)
[359.751s][info][gc,metaspace   ] GC(2888) Metaspace: 14411K(15296K)->14411K(15296K) NonClass: 12430K(12928K)->12430K(12928K) Class: 1981K(2368K)->1981K(2368K)
[359.751s][info][gc             ] GC(2888) Pause Young (Allocation Failure) 180M->13M(510M) 2.538ms
[359.751s][info][gc,cpu         ] GC(2888) User=0.00s Sys=0.00s Real=0.00s
[359.865s][info][gc,start       ] GC(2889) Pause Young (Allocation Failure)
[359.867s][info][gc,heap        ] GC(2889) PSYoungGen: 172512K(173056K)->1024K(173056K) Eden: 171520K(171520K)->0K(171520K) From: 992K(1536K)->1024K(1536K)
[359.867s][info][gc,heap        ] GC(2889) ParOldGen: 12468K(349696K)->12524K(349696K)
[359.867s][info][gc,metaspace   ] GC(2889) Metaspace: 14411K(15296K)->14411K(15296K) NonClass: 12430K(12928K)->12430K(12928K) Class: 1981K(2368K)->1981K(2368K)
[359.867s][info][gc             ] GC(2889) Pause Young (Allocation Failure) 180M->13M(510M) 2.573ms
[359.867s][info][gc,cpu         ] GC(2889) User=0.00s Sys=0.00s Real=0.00s
[359.976s][info][gc,start       ] GC(2890) Pause Young (Allocation Failure)
[359.979s][info][gc,heap        ] GC(2890) PSYoungGen: 172544K(173056K)->1024K(173056K) Eden: 171520K(171520K)->0K(171520K) From: 1024K(1536K)->1024K(1536K)
[359.979s][info][gc,heap        ] GC(2890) ParOldGen: 12524K(349696K)->12604K(349696K)
[359.979s][info][gc,metaspace   ] GC(2890) Metaspace: 14411K(15296K)->14411K(15296K) NonClass: 12430K(12928K)->12430K(12928K) Class: 1981K(2368K)->1981K(2368K)
[359.979s][info][gc             ] GC(2890) Pause Young (Allocation Failure) 180M->13M(510M) 2.572ms
[359.979s][info][gc,cpu         ] GC(2890) User=0.00s Sys=0.00s Real=0.00s
[360.085s][info][gc,start       ] GC(2891) Pause Young (Allocation Failure)
[360.088s][info][gc,heap        ] GC(2891) PSYoungGen: 172544K(173056K)->960K(173056K) Eden: 171520K(171520K)->0K(171520K) From: 1024K(1536K)->960K(1536K)
[360.088s][info][gc,heap        ] GC(2891) ParOldGen: 12604K(349696K)->12660K(349696K)
[360.088s][info][gc,metaspace   ] GC(2891) Metaspace: 14411K(15296K)->14411K(15296K) NonClass: 12430K(12928K)->12430K(12928K) Class: 1981K(2368K)->1981K(2368K)
[360.088s][info][gc             ] GC(2891) Pause Young (Allocation Failure) 180M->13M(510M) 2.683ms
[360.088s][info][gc,cpu         ] GC(2891) User=0.00s Sys=0.00s Real=0.00s
[360.175s][info][gc,start       ] GC(2892) Pause Young (Allocation Failure)
[360.178s][info][gc,heap        ] GC(2892) PSYoungGen: 172480K(173056K)->864K(173056K) Eden: 171520K(171520K)->0K(171520K) From: 960K(1536K)->864K(1536K)
[360.178s][info][gc,heap        ] GC(2892) ParOldGen: 12660K(349696K)->12692K(349696K)
[360.178s][info][gc,metaspace   ] GC(2892) Metaspace: 14411K(15296K)->14411K(15296K) NonClass: 12430K(12928K)->12430K(12928K) Class: 1981K(2368K)->1981K(2368K)
[360.178s][info][gc             ] GC(2892) Pause Young (Allocation Failure) 180M->13M(510M) 2.706ms
[360.178s][info][gc,cpu         ] GC(2892) User=0.52s Sys=0.00s Real=0.00s
[360.243s][info][gc,start       ] GC(2893) Pause Young (Allocation Failure)
[360.246s][info][gc,heap        ] GC(2893) PSYoungGen: 172384K(173056K)->768K(173056K) Eden: 171520K(171520K)->0K(171520K) From: 864K(1536K)->768K(1536K)
[360.246s][info][gc,heap        ] GC(2893) ParOldGen: 12692K(349696K)->12748K(349696K)
[360.246s][info][gc,metaspace   ] GC(2893) Metaspace: 14411K(15296K)->14411K(15296K) NonClass: 12430K(12928K)->12430K(12928K) Class: 1981K(2368K)->1981K(2368K)
[360.246s][info][gc             ] GC(2893) Pause Young (Allocation Failure) 180M->13M(510M) 2.622ms
[360.246s][info][gc,cpu         ] GC(2893) User=0.00s Sys=0.00s Real=0.00s
[360.372s][info][gc,start       ] GC(2894) Pause Young (Allocation Failure)
[360.374s][info][gc,heap        ] GC(2894) PSYoungGen: 172288K(173056K)->384K(173056K) Eden: 171520K(171520K)->0K(171520K) From: 768K(1536K)->384K(1536K)
[360.375s][info][gc,heap        ] GC(2894) ParOldGen: 12748K(349696K)->12780K(349696K)
[360.375s][info][gc,metaspace   ] GC(2894) Metaspace: 14411K(15296K)->14411K(15296K) NonClass: 12430K(12928K)->12430K(12928K) Class: 1981K(2368K)->1981K(2368K)
[360.375s][info][gc             ] GC(2894) Pause Young (Allocation Failure) 180M->12M(510M) 3.001ms
[360.375s][info][gc,cpu         ] GC(2894) User=0.00s Sys=0.00s Real=0.00s
[360.654s][info][gc,start       ] GC(2895) Pause Young (System.gc())
[360.657s][info][gc,heap        ] GC(2895) PSYoungGen: 159490K(173056K)->352K(173056K) Eden: 159106K(171520K)->0K(171520K) From: 384K(1536K)->352K(1536K)
[360.657s][info][gc,heap        ] GC(2895) ParOldGen: 12780K(349696K)->12828K(349696K)
[360.657s][info][gc,metaspace   ] GC(2895) Metaspace: 14413K(15296K)->14413K(15296K) NonClass: 12431K(12928K)->12431K(12928K) Class: 1981K(2368K)->1981K(2368K)
[360.657s][info][gc             ] GC(2895) Pause Young (System.gc()) 168M->12M(510M) 2.961ms
[360.657s][info][gc,cpu         ] GC(2895) User=0.00s Sys=0.00s Real=0.00s
[360.658s][info][gc,start       ] GC(2896) Pause Full (System.gc())
[360.658s][info][gc,phases,start] GC(2896) Marking Phase
[360.670s][info][gc,phases      ] GC(2896) Marking Phase 12.858ms
[360.670s][info][gc,phases,start] GC(2896) Summary Phase
[360.670s][info][gc,phases      ] GC(2896) Summary Phase 0.025ms
[360.670s][info][gc,phases,start] GC(2896) Adjust Roots
[360.676s][info][gc,phases      ] GC(2896) Adjust Roots 5.940ms
[360.677s][info][gc,phases,start] GC(2896) Compaction Phase
[360.678s][info][gc,phases      ] GC(2896) Compaction Phase 1.504ms
[360.678s][info][gc,phases,start] GC(2896) Post Compact
[360.678s][info][gc,phases      ] GC(2896) Post Compact 0.228ms
[360.678s][info][gc,heap        ] GC(2896) PSYoungGen: 352K(173056K)->0K(173056K) Eden: 0K(171520K)->0K(171520K) From: 352K(1536K)->0K(1536K)
[360.678s][info][gc,heap        ] GC(2896) ParOldGen: 12828K(349696K)->5384K(349696K)
[360.678s][info][gc,metaspace   ] GC(2896) Metaspace: 14413K(15296K)->14413K(15296K) NonClass: 12431K(12928K)->12431K(12928K) Class: 1981K(2368K)->1981K(2368K)
[360.678s][info][gc             ] GC(2896) Pause Full (System.gc()) 12M->5M(510M) 20.903ms
[360.678s][info][gc,cpu         ] GC(2896) User=0.02s Sys=0.00s Real=0.02s
[360.827s][info][gc,start       ] GC(2897) Pause Young (Allocation Failure)
[360.830s][info][gc,heap        ] GC(2897) PSYoungGen: 171520K(173056K)->1536K(172032K) Eden: 171520K(171520K)->0K(170496K) From: 0K(1536K)->1536K(1536K)
[360.830s][info][gc,heap        ] GC(2897) ParOldGen: 5384K(349696K)->5874K(349696K)
[360.830s][info][gc,metaspace   ] GC(2897) Metaspace: 14416K(15296K)->14416K(15296K) NonClass: 12435K(12928K)->12435K(12928K) Class: 1981K(2368K)->1981K(2368K)
[360.830s][info][gc             ] GC(2897) Pause Young (Allocation Failure) 172M->7M(509M) 2.993ms
[360.830s][info][gc,cpu         ] GC(2897) User=0.00s Sys=0.00s Real=0.00s
[360.946s][info][gc,start       ] GC(2898) Pause Young (Allocation Failure)
[360.948s][info][gc,heap        ] GC(2898) PSYoungGen: 172032K(172032K)->1024K(172544K) Eden: 170496K(170496K)->0K(170496K) From: 1536K(1536K)->1024K(2048K)
[360.948s][info][gc,heap        ] GC(2898) ParOldGen: 5874K(349696K)->7021K(349696K)
[360.948s][info][gc,metaspace   ] GC(2898) Metaspace: 14416K(15296K)->14416K(15296K) NonClass: 12435K(12928K)->12435K(12928K) Class: 1981K(2368K)->1981K(2368K)
[360.948s][info][gc             ] GC(2898) Pause Young (Allocation Failure) 173M->7M(510M) 2.840ms
[360.948s][info][gc,cpu         ] GC(2898) User=0.00s Sys=0.00s Real=0.00s
[361.073s][info][gc,start       ] GC(2899) Pause Young (Allocation Failure)
[361.076s][info][gc,heap        ] GC(2899) PSYoungGen: 171520K(172544K)->1024K(172544K) Eden: 170496K(170496K)->0K(170496K) From: 1024K(2048K)->1024K(2048K)
[361.076s][info][gc,heap        ] GC(2899) ParOldGen: 7021K(349696K)->7093K(349696K)
[361.076s][info][gc,metaspace   ] GC(2899) Metaspace: 14416K(15296K)->14416K(15296K) NonClass: 12435K(12928K)->12435K(12928K) Class: 1981K(2368K)->1981K(2368K)
[361.076s][info][gc             ] GC(2899) Pause Young (Allocation Failure) 174M->7M(510M) 2.734ms
[361.076s][info][gc,cpu         ] GC(2899) User=0.00s Sys=0.00s Real=0.00s
[361.198s][info][gc,start       ] GC(2900) Pause Young (Allocation Failure)
[361.200s][info][gc,heap        ] GC(2900) PSYoungGen: 171520K(172544K)->1024K(171520K) Eden: 170496K(170496K)->0K(170496K) From: 1024K(2048K)->1024K(1024K)
[361.200s][info][gc,heap        ] GC(2900) ParOldGen: 7093K(349696K)->7157K(349696K)
[361.200s][info][gc,metaspace   ] GC(2900) Metaspace: 14416K(15296K)->14416K(15296K) NonClass: 12435K(12928K)->12435K(12928K) Class: 1981K(2368K)->1981K(2368K)
[361.201s][info][gc             ] GC(2900) Pause Young (Allocation Failure) 174M->7M(509M) 2.867ms
[361.201s][info][gc,cpu         ] GC(2900) User=0.00s Sys=0.00s Real=0.00s
[361.324s][info][gc,start       ] GC(2901) Pause Young (Allocation Failure)
[361.327s][info][gc,heap        ] GC(2901) PSYoungGen: 171520K(171520K)->992K(172032K) Eden: 170496K(170496K)->0K(170496K) From: 1024K(1024K)->992K(1536K)
[361.327s][info][gc,heap        ] GC(2901) ParOldGen: 7157K(349696K)->7213K(349696K)
[361.327s][info][gc,metaspace   ] GC(2901) Metaspace: 14416K(15296K)->14416K(15296K) NonClass: 12435K(12928K)->12435K(12928K) Class: 1981K(2368K)->1981K(2368K)
[361.327s][info][gc             ] GC(2901) Pause Young (Allocation Failure) 174M->8M(509M) 2.812ms
[361.327s][info][gc,cpu         ] GC(2901) User=0.00s Sys=0.00s Real=0.00s
[361.450s][info][gc,start       ] GC(2902) Pause Young (Allocation Failure)
[361.452s][info][gc,heap        ] GC(2902) PSYoungGen: 171488K(172032K)->1024K(172032K) Eden: 170496K(170496K)->0K(170496K) From: 992K(1536K)->1024K(1536K)
[361.452s][info][gc,heap        ] GC(2902) ParOldGen: 7213K(349696K)->7285K(349696K)
[361.452s][info][gc,metaspace   ] GC(2902) Metaspace: 14416K(15296K)->14416K(15296K) NonClass: 12435K(12928K)->12435K(12928K) Class: 1981K(2368K)->1981K(2368K)
[361.452s][info][gc             ] GC(2902) Pause Young (Allocation Failure) 174M->8M(509M) 2.800ms
[361.452s][info][gc,cpu         ] GC(2902) User=0.00s Sys=0.00s Real=0.00s
[361.575s][info][gc,start       ] GC(2903) Pause Young (Allocation Failure)
[361.578s][info][gc,heap        ] GC(2903) PSYoungGen: 171520K(172032K)->1024K(173056K) Eden: 170496K(170496K)->0K(171520K) From: 1024K(1536K)->1024K(1536K)
[361.578s][info][gc,heap        ] GC(2903) ParOldGen: 7285K(349696K)->7325K(349696K)
[361.578s][info][gc,metaspace   ] GC(2903) Metaspace: 14416K(15296K)->14416K(15296K) NonClass: 12435K(12928K)->12435K(12928K) Class: 1981K(2368K)->1981K(2368K)
[361.578s][info][gc             ] GC(2903) Pause Young (Allocation Failure) 174M->8M(510M) 2.825ms
[361.578s][info][gc,cpu         ] GC(2903) User=0.00s Sys=0.00s Real=0.00s
[361.702s][info][gc,start       ] GC(2904) Pause Young (Allocation Failure)
[361.705s][info][gc,heap        ] GC(2904) PSYoungGen: 172544K(173056K)->1056K(173056K) Eden: 171520K(171520K)->0K(171520K) From: 1024K(1536K)->1056K(1536K)
[361.705s][info][gc,heap        ] GC(2904) ParOldGen: 7325K(349696K)->7413K(349696K)
[361.705s][info][gc,metaspace   ] GC(2904) Metaspace: 14416K(15296K)->14416K(15296K) NonClass: 12435K(12928K)->12435K(12928K) Class: 1981K(2368K)->1981K(2368K)
[361.705s][info][gc             ] GC(2904) Pause Young (Allocation Failure) 175M->8M(510M) 2.858ms
[361.705s][info][gc,cpu         ] GC(2904) User=0.00s Sys=0.00s Real=0.00s
[361.828s][info][gc,start       ] GC(2905) Pause Young (Allocation Failure)
[361.831s][info][gc,heap        ] GC(2905) PSYoungGen: 172576K(173056K)->1024K(173056K) Eden: 171520K(171520K)->0K(171520K) From: 1056K(1536K)->1024K(1536K)
[361.831s][info][gc,heap        ] GC(2905) ParOldGen: 7413K(349696K)->7453K(349696K)
[361.831s][info][gc,metaspace   ] GC(2905) Metaspace: 14416K(15296K)->14416K(15296K) NonClass: 12435K(12928K)->12435K(12928K) Class: 1981K(2368K)->1981K(2368K)
[361.831s][info][gc             ] GC(2905) Pause Young (Allocation Failure) 175M->8M(510M) 2.908ms
[361.831s][info][gc,cpu         ] GC(2905) User=0.00s Sys=0.00s Real=0.00s
[361.954s][info][gc,start       ] GC(2906) Pause Young (Allocation Failure)
[361.956s][info][gc,heap        ] GC(2906) PSYoungGen: 172544K(173056K)->992K(173056K) Eden: 171520K(171520K)->0K(171520K) From: 1024K(1536K)->992K(1536K)
[361.956s][info][gc,heap        ] GC(2906) ParOldGen: 7453K(349696K)->7541K(349696K)
[361.956s][info][gc,metaspace   ] GC(2906) Metaspace: 14416K(15296K)->14416K(15296K) NonClass: 12435K(12928K)->12435K(12928K) Class: 1981K(2368K)->1981K(2368K)
[361.956s][info][gc             ] GC(2906) Pause Young (Allocation Failure) 175M->8M(510M) 2.914ms
[361.957s][info][gc,cpu         ] GC(2906) User=0.00s Sys=0.00s Real=0.00s
[362.079s][info][gc,start       ] GC(2907) Pause Young (Allocation Failure)
[362.082s][info][gc,heap        ] GC(2907) PSYoungGen: 172512K(173056K)->992K(173056K) Eden: 171520K(171520K)->0K(171520K) From: 992K(1536K)->992K(1536K)
[362.082s][info][gc,heap        ] GC(2907) ParOldGen: 7541K(349696K)->7621K(349696K)
[362.082s][info][gc,metaspace   ] GC(2907) Metaspace: 14416K(15296K)->14416K(15296K) NonClass: 12435K(12928K)->12435K(12928K) Class: 1981K(2368K)->1981K(2368K)
[362.082s][info][gc             ] GC(2907) Pause Young (Allocation Failure) 175M->8M(510M) 2.942ms
[362.082s][info][gc,cpu         ] GC(2907) User=0.00s Sys=0.00s Real=0.00s
[362.204s][info][gc,start       ] GC(2908) Pause Young (Allocation Failure)
[362.207s][info][gc,heap        ] GC(2908) PSYoungGen: 172512K(173056K)->1024K(173056K) Eden: 171520K(171520K)->0K(171520K) From: 992K(1536K)->1024K(1536K)
[362.207s][info][gc,heap        ] GC(2908) ParOldGen: 7621K(349696K)->7661K(349696K)
[362.207s][info][gc,metaspace   ] GC(2908) Metaspace: 14416K(15296K)->14416K(15296K) NonClass: 12435K(12928K)->12435K(12928K) Class: 1981K(2368K)->1981K(2368K)
[362.207s][info][gc             ] GC(2908) Pause Young (Allocation Failure) 175M->8M(510M) 2.961ms
[362.207s][info][gc,cpu         ] GC(2908) User=0.00s Sys=0.02s Real=0.00s
[362.410s][info][gc,start       ] GC(2909) Pause Young (Allocation Failure)
[362.414s][info][gc,heap        ] GC(2909) PSYoungGen: 172544K(173056K)->1024K(173056K) Eden: 171520K(171520K)->0K(171520K) From: 1024K(1536K)->1024K(1536K)
[362.414s][info][gc,heap        ] GC(2909) ParOldGen: 7661K(349696K)->7693K(349696K)
[362.414s][info][gc,metaspace   ] GC(2909) Metaspace: 14416K(15296K)->14416K(15296K) NonClass: 12435K(12928K)->12435K(12928K) Class: 1981K(2368K)->1981K(2368K)
[362.414s][info][gc             ] GC(2909) Pause Young (Allocation Failure) 175M->8M(510M) 3.901ms
[362.414s][info][gc,cpu         ] GC(2909) User=0.00s Sys=0.00s Real=0.00s
[362.546s][info][gc,start       ] GC(2910) Pause Young (Allocation Failure)
[362.549s][info][gc,heap        ] GC(2910) PSYoungGen: 172544K(173056K)->1024K(173056K) Eden: 171520K(171520K)->0K(171520K) From: 1024K(1536K)->1024K(1536K)
[362.549s][info][gc,heap        ] GC(2910) ParOldGen: 7693K(349696K)->7749K(349696K)
[362.549s][info][gc,metaspace   ] GC(2910) Metaspace: 14416K(15296K)->14416K(15296K) NonClass: 12435K(12928K)->12435K(12928K) Class: 1981K(2368K)->1981K(2368K)
[362.549s][info][gc             ] GC(2910) Pause Young (Allocation Failure) 176M->8M(510M) 2.798ms
[362.549s][info][gc,cpu         ] GC(2910) User=0.00s Sys=0.00s Real=0.00s
[362.676s][info][gc,start       ] GC(2911) Pause Young (Allocation Failure)
[362.679s][info][gc,heap        ] GC(2911) PSYoungGen: 172544K(173056K)->1024K(173056K) Eden: 171520K(171520K)->0K(171520K) From: 1024K(1536K)->1024K(1536K)
[362.679s][info][gc,heap        ] GC(2911) ParOldGen: 7749K(349696K)->7797K(349696K)
[362.679s][info][gc,metaspace   ] GC(2911) Metaspace: 14416K(15296K)->14416K(15296K) NonClass: 12435K(12928K)->12435K(12928K) Class: 1981K(2368K)->1981K(2368K)
[362.679s][info][gc             ] GC(2911) Pause Young (Allocation Failure) 176M->8M(510M) 2.729ms
[362.679s][info][gc,cpu         ] GC(2911) User=0.00s Sys=0.00s Real=0.00s
[362.805s][info][gc,start       ] GC(2912) Pause Young (Allocation Failure)
[362.808s][info][gc,heap        ] GC(2912) PSYoungGen: 172544K(173056K)->1024K(173056K) Eden: 171520K(171520K)->0K(171520K) From: 1024K(1536K)->1024K(1536K)
[362.808s][info][gc,heap        ] GC(2912) ParOldGen: 7797K(349696K)->7845K(349696K)
[362.808s][info][gc,metaspace   ] GC(2912) Metaspace: 14416K(15296K)->14416K(15296K) NonClass: 12435K(12928K)->12435K(12928K) Class: 1981K(2368K)->1981K(2368K)
[362.808s][info][gc             ] GC(2912) Pause Young (Allocation Failure) 176M->8M(510M) 2.716ms
[362.808s][info][gc,cpu         ] GC(2912) User=0.00s Sys=0.00s Real=0.00s
[362.934s][info][gc,start       ] GC(2913) Pause Young (Allocation Failure)
[362.936s][info][gc,heap        ] GC(2913) PSYoungGen: 172544K(173056K)->992K(173056K) Eden: 171520K(171520K)->0K(171520K) From: 1024K(1536K)->992K(1536K)
[362.936s][info][gc,heap        ] GC(2913) ParOldGen: 7845K(349696K)->7901K(349696K)
[362.936s][info][gc,metaspace   ] GC(2913) Metaspace: 14416K(15296K)->14416K(15296K) NonClass: 12435K(12928K)->12435K(12928K) Class: 1981K(2368K)->1981K(2368K)
[362.936s][info][gc             ] GC(2913) Pause Young (Allocation Failure) 176M->8M(510M) 2.701ms
[362.936s][info][gc,cpu         ] GC(2913) User=0.00s Sys=0.00s Real=0.00s
[363.070s][info][gc,start       ] GC(2914) Pause Young (Allocation Failure)
[363.073s][info][gc,heap        ] GC(2914) PSYoungGen: 172512K(173056K)->992K(173056K) Eden: 171520K(171520K)->0K(171520K) From: 992K(1536K)->992K(1536K)
[363.073s][info][gc,heap        ] GC(2914) ParOldGen: 7901K(349696K)->7965K(349696K)
[363.073s][info][gc,metaspace   ] GC(2914) Metaspace: 14416K(15296K)->14416K(15296K) NonClass: 12435K(12928K)->12435K(12928K) Class: 1981K(2368K)->1981K(2368K)
[363.073s][info][gc             ] GC(2914) Pause Young (Allocation Failure) 176M->8M(510M) 2.694ms
[363.073s][info][gc,cpu         ] GC(2914) User=0.00s Sys=0.00s Real=0.00s
[363.204s][info][gc,start       ] GC(2915) Pause Young (Allocation Failure)
[363.206s][info][gc,heap        ] GC(2915) PSYoungGen: 172512K(173056K)->992K(173056K) Eden: 171520K(171520K)->0K(171520K) From: 992K(1536K)->992K(1536K)
[363.206s][info][gc,heap        ] GC(2915) ParOldGen: 7965K(349696K)->8037K(349696K)
[363.206s][info][gc,metaspace   ] GC(2915) Metaspace: 14416K(15296K)->14416K(15296K) NonClass: 12435K(12928K)->12435K(12928K) Class: 1981K(2368K)->1981K(2368K)
[363.206s][info][gc             ] GC(2915) Pause Young (Allocation Failure) 176M->8M(510M) 2.528ms
[363.206s][info][gc,cpu         ] GC(2915) User=0.00s Sys=0.00s Real=0.00s
[363.330s][info][gc,start       ] GC(2916) Pause Young (Allocation Failure)
[363.332s][info][gc,heap        ] GC(2916) PSYoungGen: 172512K(173056K)->1024K(173056K) Eden: 171520K(171520K)->0K(171520K) From: 992K(1536K)->1024K(1536K)
[363.332s][info][gc,heap        ] GC(2916) ParOldGen: 8037K(349696K)->8109K(349696K)
[363.332s][info][gc,metaspace   ] GC(2916) Metaspace: 14416K(15296K)->14416K(15296K) NonClass: 12435K(12928K)->12435K(12928K) Class: 1981K(2368K)->1981K(2368K)
[363.332s][info][gc             ] GC(2916) Pause Young (Allocation Failure) 176M->8M(510M) 2.461ms
[363.332s][info][gc,cpu         ] GC(2916) User=0.02s Sys=0.00s Real=0.00s
[363.455s][info][gc,start       ] GC(2917) Pause Young (Allocation Failure)
[363.457s][info][gc,heap        ] GC(2917) PSYoungGen: 172544K(173056K)->1024K(173056K) Eden: 171520K(171520K)->0K(171520K) From: 1024K(1536K)->1024K(1536K)
[363.457s][info][gc,heap        ] GC(2917) ParOldGen: 8109K(349696K)->8173K(349696K)
[363.457s][info][gc,metaspace   ] GC(2917) Metaspace: 14416K(15296K)->14416K(15296K) NonClass: 12435K(12928K)->12435K(12928K) Class: 1981K(2368K)->1981K(2368K)
[363.457s][info][gc             ] GC(2917) Pause Young (Allocation Failure) 176M->8M(510M) 2.512ms
[363.457s][info][gc,cpu         ] GC(2917) User=0.52s Sys=0.00s Real=0.00s
[363.580s][info][gc,start       ] GC(2918) Pause Young (Allocation Failure)
[363.583s][info][gc,heap        ] GC(2918) PSYoungGen: 172544K(173056K)->1024K(173056K) Eden: 171520K(171520K)->0K(171520K) From: 1024K(1536K)->1024K(1536K)
[363.583s][info][gc,heap        ] GC(2918) ParOldGen: 8173K(349696K)->8237K(349696K)
[363.583s][info][gc,metaspace   ] GC(2918) Metaspace: 14416K(15296K)->14416K(15296K) NonClass: 12435K(12928K)->12435K(12928K) Class: 1981K(2368K)->1981K(2368K)
[363.583s][info][gc             ] GC(2918) Pause Young (Allocation Failure) 176M->9M(510M) 2.552ms
[363.583s][info][gc,cpu         ] GC(2918) User=0.52s Sys=0.00s Real=0.00s
[363.706s][info][gc,start       ] GC(2919) Pause Young (Allocation Failure)
[363.708s][info][gc,heap        ] GC(2919) PSYoungGen: 172544K(173056K)->1024K(173056K) Eden: 171520K(171520K)->0K(171520K) From: 1024K(1536K)->1024K(1536K)
[363.708s][info][gc,heap        ] GC(2919) ParOldGen: 8237K(349696K)->8309K(349696K)
[363.708s][info][gc,metaspace   ] GC(2919) Metaspace: 14416K(15296K)->14416K(15296K) NonClass: 12435K(12928K)->12435K(12928K) Class: 1981K(2368K)->1981K(2368K)
[363.708s][info][gc             ] GC(2919) Pause Young (Allocation Failure) 176M->9M(510M) 2.594ms
[363.708s][info][gc,cpu         ] GC(2919) User=0.52s Sys=0.00s Real=0.00s
[363.833s][info][gc,start       ] GC(2920) Pause Young (Allocation Failure)
[363.836s][info][gc,heap        ] GC(2920) PSYoungGen: 172544K(173056K)->1024K(173056K) Eden: 171520K(171520K)->0K(171520K) From: 1024K(1536K)->1024K(1536K)
[363.836s][info][gc,heap        ] GC(2920) ParOldGen: 8309K(349696K)->8381K(349696K)
[363.836s][info][gc,metaspace   ] GC(2920) Metaspace: 14416K(15296K)->14416K(15296K) NonClass: 12435K(12928K)->12435K(12928K) Class: 1981K(2368K)->1981K(2368K)
[363.836s][info][gc             ] GC(2920) Pause Young (Allocation Failure) 176M->9M(510M) 2.596ms
[363.836s][info][gc,cpu         ] GC(2920) User=0.00s Sys=0.00s Real=0.00s
[363.959s][info][gc,start       ] GC(2921) Pause Young (Allocation Failure)
[363.961s][info][gc,heap        ] GC(2921) PSYoungGen: 172544K(173056K)->1024K(173056K) Eden: 171520K(171520K)->0K(171520K) From: 1024K(1536K)->1024K(1536K)
[363.961s][info][gc,heap        ] GC(2921) ParOldGen: 8381K(349696K)->8445K(349696K)
[363.961s][info][gc,metaspace   ] GC(2921) Metaspace: 14416K(15296K)->14416K(15296K) NonClass: 12435K(12928K)->12435K(12928K) Class: 1981K(2368K)->1981K(2368K)
[363.961s][info][gc             ] GC(2921) Pause Young (Allocation Failure) 176M->9M(510M) 2.633ms
[363.961s][info][gc,cpu         ] GC(2921) User=0.00s Sys=0.00s Real=0.00s
[364.086s][info][gc,start       ] GC(2922) Pause Young (Allocation Failure)
[364.088s][info][gc,heap        ] GC(2922) PSYoungGen: 172544K(173056K)->1024K(173056K) Eden: 171520K(171520K)->0K(171520K) From: 1024K(1536K)->1024K(1536K)
[364.088s][info][gc,heap        ] GC(2922) ParOldGen: 8445K(349696K)->8517K(349696K)
[364.088s][info][gc,metaspace   ] GC(2922) Metaspace: 14416K(15296K)->14416K(15296K) NonClass: 12435K(12928K)->12435K(12928K) Class: 1981K(2368K)->1981K(2368K)
[364.088s][info][gc             ] GC(2922) Pause Young (Allocation Failure) 176M->9M(510M) 2.664ms
[364.088s][info][gc,cpu         ] GC(2922) User=0.00s Sys=0.00s Real=0.00s
[364.212s][info][gc,start       ] GC(2923) Pause Young (Allocation Failure)
[364.215s][info][gc,heap        ] GC(2923) PSYoungGen: 172544K(173056K)->1024K(173056K) Eden: 171520K(171520K)->0K(171520K) From: 1024K(1536K)->1024K(1536K)
[364.215s][info][gc,heap        ] GC(2923) ParOldGen: 8517K(349696K)->8581K(349696K)
[364.215s][info][gc,metaspace   ] GC(2923) Metaspace: 14416K(15296K)->14416K(15296K) NonClass: 12435K(12928K)->12435K(12928K) Class: 1981K(2368K)->1981K(2368K)
[364.215s][info][gc             ] GC(2923) Pause Young (Allocation Failure) 176M->9M(510M) 2.667ms
[364.215s][info][gc,cpu         ] GC(2923) User=0.00s Sys=0.00s Real=0.00s
[364.338s][info][gc,start       ] GC(2924) Pause Young (Allocation Failure)
[364.341s][info][gc,heap        ] GC(2924) PSYoungGen: 172544K(173056K)->992K(173056K) Eden: 171520K(171520K)->0K(171520K) From: 1024K(1536K)->992K(1536K)
[364.341s][info][gc,heap        ] GC(2924) ParOldGen: 8581K(349696K)->8629K(349696K)
[364.341s][info][gc,metaspace   ] GC(2924) Metaspace: 14416K(15296K)->14416K(15296K) NonClass: 12435K(12928K)->12435K(12928K) Class: 1981K(2368K)->1981K(2368K)
[364.341s][info][gc             ] GC(2924) Pause Young (Allocation Failure) 176M->9M(510M) 2.690ms
[364.341s][info][gc,cpu         ] GC(2924) User=0.00s Sys=0.00s Real=0.00s
[364.464s][info][gc,start       ] GC(2925) Pause Young (Allocation Failure)
[364.467s][info][gc,heap        ] GC(2925) PSYoungGen: 172512K(173056K)->1024K(173056K) Eden: 171520K(171520K)->0K(171520K) From: 992K(1536K)->1024K(1536K)
[364.467s][info][gc,heap        ] GC(2925) ParOldGen: 8629K(349696K)->8685K(349696K)
[364.467s][info][gc,metaspace   ] GC(2925) Metaspace: 14416K(15296K)->14416K(15296K) NonClass: 12435K(12928K)->12435K(12928K) Class: 1981K(2368K)->1981K(2368K)
[364.467s][info][gc             ] GC(2925) Pause Young (Allocation Failure) 176M->9M(510M) 2.747ms
[364.467s][info][gc,cpu         ] GC(2925) User=0.00s Sys=0.00s Real=0.00s
[364.588s][info][gc,start       ] GC(2926) Pause Young (Allocation Failure)
[364.591s][info][gc,heap        ] GC(2926) PSYoungGen: 172544K(173056K)->1024K(173056K) Eden: 171520K(171520K)->0K(171520K) From: 1024K(1536K)->1024K(1536K)
[364.591s][info][gc,heap        ] GC(2926) ParOldGen: 8685K(349696K)->8765K(349696K)
[364.591s][info][gc,metaspace   ] GC(2926) Metaspace: 14416K(15296K)->14416K(15296K) NonClass: 12435K(12928K)->12435K(12928K) Class: 1981K(2368K)->1981K(2368K)
[364.591s][info][gc             ] GC(2926) Pause Young (Allocation Failure) 176M->9M(510M) 2.735ms
[364.591s][info][gc,cpu         ] GC(2926) User=0.00s Sys=0.00s Real=0.00s
[364.714s][info][gc,start       ] GC(2927) Pause Young (Allocation Failure)
[364.717s][info][gc,heap        ] GC(2927) PSYoungGen: 172544K(173056K)->1024K(173056K) Eden: 171520K(171520K)->0K(171520K) From: 1024K(1536K)->1024K(1536K)
[364.717s][info][gc,heap        ] GC(2927) ParOldGen: 8765K(349696K)->8837K(349696K)
[364.717s][info][gc,metaspace   ] GC(2927) Metaspace: 14416K(15296K)->14416K(15296K) NonClass: 12435K(12928K)->12435K(12928K) Class: 1981K(2368K)->1981K(2368K)
[364.717s][info][gc             ] GC(2927) Pause Young (Allocation Failure) 177M->9M(510M) 2.788ms
[364.717s][info][gc,cpu         ] GC(2927) User=0.00s Sys=0.00s Real=0.00s
[364.840s][info][gc,start       ] GC(2928) Pause Young (Allocation Failure)
[364.843s][info][gc,heap        ] GC(2928) PSYoungGen: 172544K(173056K)->1024K(173056K) Eden: 171520K(171520K)->0K(171520K) From: 1024K(1536K)->1024K(1536K)
[364.843s][info][gc,heap        ] GC(2928) ParOldGen: 8837K(349696K)->8901K(349696K)
[364.843s][info][gc,metaspace   ] GC(2928) Metaspace: 14416K(15296K)->14416K(15296K) NonClass: 12435K(12928K)->12435K(12928K) Class: 1981K(2368K)->1981K(2368K)
[364.843s][info][gc             ] GC(2928) Pause Young (Allocation Failure) 177M->9M(510M) 2.799ms
[364.843s][info][gc,cpu         ] GC(2928) User=0.00s Sys=0.00s Real=0.00s
[364.965s][info][gc,start       ] GC(2929) Pause Young (Allocation Failure)
[364.968s][info][gc,heap        ] GC(2929) PSYoungGen: 172544K(173056K)->992K(173056K) Eden: 171520K(171520K)->0K(171520K) From: 1024K(1536K)->992K(1536K)
[364.968s][info][gc,heap        ] GC(2929) ParOldGen: 8901K(349696K)->8965K(349696K)
[364.968s][info][gc,metaspace   ] GC(2929) Metaspace: 14416K(15296K)->14416K(15296K) NonClass: 12435K(12928K)->12435K(12928K) Class: 1981K(2368K)->1981K(2368K)
[364.968s][info][gc             ] GC(2929) Pause Young (Allocation Failure) 177M->9M(510M) 2.785ms
[364.968s][info][gc,cpu         ] GC(2929) User=0.00s Sys=0.00s Real=0.00s
[365.090s][info][gc,start       ] GC(2930) Pause Young (Allocation Failure)
[365.093s][info][gc,heap        ] GC(2930) PSYoungGen: 172512K(173056K)->992K(173056K) Eden: 171520K(171520K)->0K(171520K) From: 992K(1536K)->992K(1536K)
[365.093s][info][gc,heap        ] GC(2930) ParOldGen: 8965K(349696K)->9013K(349696K)
[365.093s][info][gc,metaspace   ] GC(2930) Metaspace: 14416K(15296K)->14416K(15296K) NonClass: 12435K(12928K)->12435K(12928K) Class: 1981K(2368K)->1981K(2368K)
[365.093s][info][gc             ] GC(2930) Pause Young (Allocation Failure) 177M->9M(510M) 2.827ms
[365.093s][info][gc,cpu         ] GC(2930) User=0.00s Sys=0.00s Real=0.00s
[365.216s][info][gc,start       ] GC(2931) Pause Young (Allocation Failure)
[365.219s][info][gc,heap        ] GC(2931) PSYoungGen: 172512K(173056K)->1024K(173056K) Eden: 171520K(171520K)->0K(171520K) From: 992K(1536K)->1024K(1536K)
[365.219s][info][gc,heap        ] GC(2931) ParOldGen: 9013K(349696K)->9085K(349696K)
[365.219s][info][gc,metaspace   ] GC(2931) Metaspace: 14416K(15296K)->14416K(15296K) NonClass: 12435K(12928K)->12435K(12928K) Class: 1981K(2368K)->1981K(2368K)
[365.219s][info][gc             ] GC(2931) Pause Young (Allocation Failure) 177M->9M(510M) 2.838ms
[365.219s][info][gc,cpu         ] GC(2931) User=0.00s Sys=0.00s Real=0.00s
[365.345s][info][gc,start       ] GC(2932) Pause Young (Allocation Failure)
[365.348s][info][gc,heap        ] GC(2932) PSYoungGen: 172544K(173056K)->1024K(173056K) Eden: 171520K(171520K)->0K(171520K) From: 1024K(1536K)->1024K(1536K)
[365.348s][info][gc,heap        ] GC(2932) ParOldGen: 9085K(349696K)->9133K(349696K)
[365.348s][info][gc,metaspace   ] GC(2932) Metaspace: 14416K(15296K)->14416K(15296K) NonClass: 12435K(12928K)->12435K(12928K) Class: 1981K(2368K)->1981K(2368K)
[365.348s][info][gc             ] GC(2932) Pause Young (Allocation Failure) 177M->9M(510M) 2.883ms
[365.348s][info][gc,cpu         ] GC(2932) User=0.00s Sys=0.00s Real=0.00s
[365.471s][info][gc,start       ] GC(2933) Pause Young (Allocation Failure)
[365.474s][info][gc,heap        ] GC(2933) PSYoungGen: 172544K(173056K)->1024K(173056K) Eden: 171520K(171520K)->0K(171520K) From: 1024K(1536K)->1024K(1536K)
[365.474s][info][gc,heap        ] GC(2933) ParOldGen: 9133K(349696K)->9213K(349696K)
[365.474s][info][gc,metaspace   ] GC(2933) Metaspace: 14416K(15296K)->14416K(15296K) NonClass: 12435K(12928K)->12435K(12928K) Class: 1981K(2368K)->1981K(2368K)
[365.474s][info][gc             ] GC(2933) Pause Young (Allocation Failure) 177M->9M(510M) 2.921ms
[365.474s][info][gc,cpu         ] GC(2933) User=0.52s Sys=0.00s Real=0.00s
[365.597s][info][gc,start       ] GC(2934) Pause Young (Allocation Failure)
[365.600s][info][gc,heap        ] GC(2934) PSYoungGen: 172544K(173056K)->992K(173056K) Eden: 171520K(171520K)->0K(171520K) From: 1024K(1536K)->992K(1536K)
[365.600s][info][gc,heap        ] GC(2934) ParOldGen: 9213K(349696K)->9269K(349696K)
[365.600s][info][gc,metaspace   ] GC(2934) Metaspace: 14416K(15296K)->14416K(15296K) NonClass: 12435K(12928K)->12435K(12928K) Class: 1981K(2368K)->1981K(2368K)
[365.600s][info][gc             ] GC(2934) Pause Young (Allocation Failure) 177M->10M(510M) 2.909ms
[365.600s][info][gc,cpu         ] GC(2934) User=0.52s Sys=0.00s Real=0.00s
[365.724s][info][gc,start       ] GC(2935) Pause Young (Allocation Failure)
[365.727s][info][gc,heap        ] GC(2935) PSYoungGen: 172512K(173056K)->1024K(173056K) Eden: 171520K(171520K)->0K(171520K) From: 992K(1536K)->1024K(1536K)
[365.727s][info][gc,heap        ] GC(2935) ParOldGen: 9269K(349696K)->9333K(349696K)
[365.727s][info][gc,metaspace   ] GC(2935) Metaspace: 14416K(15296K)->14416K(15296K) NonClass: 12435K(12928K)->12435K(12928K) Class: 1981K(2368K)->1981K(2368K)
[365.727s][info][gc             ] GC(2935) Pause Young (Allocation Failure) 177M->10M(510M) 2.921ms
[365.727s][info][gc,cpu         ] GC(2935) User=0.00s Sys=0.00s Real=0.00s
[365.852s][info][gc,start       ] GC(2936) Pause Young (Allocation Failure)
[365.854s][info][gc,heap        ] GC(2936) PSYoungGen: 172544K(173056K)->1024K(173056K) Eden: 171520K(171520K)->0K(171520K) From: 1024K(1536K)->1024K(1536K)
[365.854s][info][gc,heap        ] GC(2936) ParOldGen: 9333K(349696K)->9389K(349696K)
[365.854s][info][gc,metaspace   ] GC(2936) Metaspace: 14416K(15296K)->14416K(15296K) NonClass: 12435K(12928K)->12435K(12928K) Class: 1981K(2368K)->1981K(2368K)
[365.855s][info][gc             ] GC(2936) Pause Young (Allocation Failure) 177M->10M(510M) 2.940ms
[365.855s][info][gc,cpu         ] GC(2936) User=0.00s Sys=0.00s Real=0.00s
[365.979s][info][gc,start       ] GC(2937) Pause Young (Allocation Failure)
[365.982s][info][gc,heap        ] GC(2937) PSYoungGen: 172544K(173056K)->1024K(173056K) Eden: 171520K(171520K)->0K(171520K) From: 1024K(1536K)->1024K(1536K)
[365.982s][info][gc,heap        ] GC(2937) ParOldGen: 9389K(349696K)->9445K(349696K)
[365.982s][info][gc,metaspace   ] GC(2937) Metaspace: 14416K(15296K)->14416K(15296K) NonClass: 12435K(12928K)->12435K(12928K) Class: 1981K(2368K)->1981K(2368K)
[365.982s][info][gc             ] GC(2937) Pause Young (Allocation Failure) 177M->10M(510M) 3.037ms
[365.982s][info][gc,cpu         ] GC(2937) User=0.00s Sys=0.00s Real=0.00s
[366.234s][info][gc,start       ] GC(2938) Pause Young (Allocation Failure)
[366.238s][info][gc,heap        ] GC(2938) PSYoungGen: 172544K(173056K)->992K(173056K) Eden: 171520K(171520K)->0K(171520K) From: 1024K(1536K)->992K(1536K)
[366.238s][info][gc,heap        ] GC(2938) ParOldGen: 9445K(349696K)->9509K(349696K)
[366.238s][info][gc,metaspace   ] GC(2938) Metaspace: 14416K(15296K)->14416K(15296K) NonClass: 12435K(12928K)->12435K(12928K) Class: 1981K(2368K)->1981K(2368K)
[366.238s][info][gc             ] GC(2938) Pause Young (Allocation Failure) 177M->10M(510M) 3.959ms
[366.238s][info][gc,cpu         ] GC(2938) User=0.00s Sys=0.00s Real=0.00s
[366.371s][info][gc,start       ] GC(2939) Pause Young (Allocation Failure)
[366.374s][info][gc,heap        ] GC(2939) PSYoungGen: 172512K(173056K)->992K(173056K) Eden: 171520K(171520K)->0K(171520K) From: 992K(1536K)->992K(1536K)
[366.374s][info][gc,heap        ] GC(2939) ParOldGen: 9509K(349696K)->9589K(349696K)
[366.374s][info][gc,metaspace   ] GC(2939) Metaspace: 14416K(15296K)->14416K(15296K) NonClass: 12435K(12928K)->12435K(12928K) Class: 1981K(2368K)->1981K(2368K)
[366.374s][info][gc             ] GC(2939) Pause Young (Allocation Failure) 177M->10M(510M) 2.874ms
[366.374s][info][gc,cpu         ] GC(2939) User=0.00s Sys=0.00s Real=0.00s
[366.501s][info][gc,start       ] GC(2940) Pause Young (Allocation Failure)
[366.504s][info][gc,heap        ] GC(2940) PSYoungGen: 172512K(173056K)->1024K(173056K) Eden: 171520K(171520K)->0K(171520K) From: 992K(1536K)->1024K(1536K)
[366.504s][info][gc,heap        ] GC(2940) ParOldGen: 9589K(349696K)->9645K(349696K)
[366.504s][info][gc,metaspace   ] GC(2940) Metaspace: 14416K(15296K)->14416K(15296K) NonClass: 12435K(12928K)->12435K(12928K) Class: 1981K(2368K)->1981K(2368K)
[366.504s][info][gc             ] GC(2940) Pause Young (Allocation Failure) 177M->10M(510M) 2.763ms
[366.504s][info][gc,cpu         ] GC(2940) User=0.00s Sys=0.00s Real=0.00s
[366.639s][info][gc,start       ] GC(2941) Pause Young (Allocation Failure)
[366.642s][info][gc,heap        ] GC(2941) PSYoungGen: 172544K(173056K)->1024K(173056K) Eden: 171520K(171520K)->0K(171520K) From: 1024K(1536K)->1024K(1536K)
[366.642s][info][gc,heap        ] GC(2941) ParOldGen: 9645K(349696K)->9717K(349696K)
[366.642s][info][gc,metaspace   ] GC(2941) Metaspace: 14416K(15296K)->14416K(15296K) NonClass: 12435K(12928K)->12435K(12928K) Class: 1981K(2368K)->1981K(2368K)
[366.642s][info][gc             ] GC(2941) Pause Young (Allocation Failure) 177M->10M(510M) 2.664ms
[366.642s][info][gc,cpu         ] GC(2941) User=0.00s Sys=0.00s Real=0.00s
[366.774s][info][gc,start       ] GC(2942) Pause Young (Allocation Failure)
[366.777s][info][gc,heap        ] GC(2942) PSYoungGen: 172544K(173056K)->992K(173056K) Eden: 171520K(171520K)->0K(171520K) From: 1024K(1536K)->992K(1536K)
[366.777s][info][gc,heap        ] GC(2942) ParOldGen: 9717K(349696K)->9765K(349696K)
[366.777s][info][gc,metaspace   ] GC(2942) Metaspace: 14416K(15296K)->14416K(15296K) NonClass: 12435K(12928K)->12435K(12928K) Class: 1981K(2368K)->1981K(2368K)
[366.777s][info][gc             ] GC(2942) Pause Young (Allocation Failure) 177M->10M(510M) 2.652ms
[366.777s][info][gc,cpu         ] GC(2942) User=0.00s Sys=0.00s Real=0.00s
[366.905s][info][gc,start       ] GC(2943) Pause Young (Allocation Failure)
[366.908s][info][gc,heap        ] GC(2943) PSYoungGen: 172512K(173056K)->992K(173056K) Eden: 171520K(171520K)->0K(171520K) From: 992K(1536K)->992K(1536K)
[366.908s][info][gc,heap        ] GC(2943) ParOldGen: 9765K(349696K)->9837K(349696K)
[366.908s][info][gc,metaspace   ] GC(2943) Metaspace: 14416K(15296K)->14416K(15296K) NonClass: 12435K(12928K)->12435K(12928K) Class: 1981K(2368K)->1981K(2368K)
[366.908s][info][gc             ] GC(2943) Pause Young (Allocation Failure) 178M->10M(510M) 2.572ms
[366.908s][info][gc,cpu         ] GC(2943) User=0.00s Sys=0.00s Real=0.00s
[367.032s][info][gc,start       ] GC(2944) Pause Young (Allocation Failure)
[367.034s][info][gc,heap        ] GC(2944) PSYoungGen: 172512K(173056K)->1024K(173056K) Eden: 171520K(171520K)->0K(171520K) From: 992K(1536K)->1024K(1536K)
[367.034s][info][gc,heap        ] GC(2944) ParOldGen: 9837K(349696K)->9885K(349696K)
[367.034s][info][gc,metaspace   ] GC(2944) Metaspace: 14416K(15296K)->14416K(15296K) NonClass: 12435K(12928K)->12435K(12928K) Class: 1981K(2368K)->1981K(2368K)
[367.035s][info][gc             ] GC(2944) Pause Young (Allocation Failure) 178M->10M(510M) 2.540ms
[367.035s][info][gc,cpu         ] GC(2944) User=0.00s Sys=0.00s Real=0.00s
[367.158s][info][gc,start       ] GC(2945) Pause Young (Allocation Failure)
[367.160s][info][gc,heap        ] GC(2945) PSYoungGen: 172544K(173056K)->1024K(173056K) Eden: 171520K(171520K)->0K(171520K) From: 1024K(1536K)->1024K(1536K)
[367.160s][info][gc,heap        ] GC(2945) ParOldGen: 9885K(349696K)->9933K(349696K)
[367.160s][info][gc,metaspace   ] GC(2945) Metaspace: 14416K(15296K)->14416K(15296K) NonClass: 12435K(12928K)->12435K(12928K) Class: 1981K(2368K)->1981K(2368K)
[367.160s][info][gc             ] GC(2945) Pause Young (Allocation Failure) 178M->10M(510M) 2.571ms
[367.160s][info][gc,cpu         ] GC(2945) User=0.00s Sys=0.00s Real=0.00s
[367.285s][info][gc,start       ] GC(2946) Pause Young (Allocation Failure)
[367.288s][info][gc,heap        ] GC(2946) PSYoungGen: 172544K(173056K)->992K(173056K) Eden: 171520K(171520K)->0K(171520K) From: 1024K(1536K)->992K(1536K)
[367.288s][info][gc,heap        ] GC(2946) ParOldGen: 9933K(349696K)->9973K(349696K)
[367.288s][info][gc,metaspace   ] GC(2946) Metaspace: 14416K(15296K)->14416K(15296K) NonClass: 12435K(12928K)->12435K(12928K) Class: 1981K(2368K)->1981K(2368K)
[367.288s][info][gc             ] GC(2946) Pause Young (Allocation Failure) 178M->10M(510M) 2.544ms
[367.288s][info][gc,cpu         ] GC(2946) User=0.52s Sys=0.00s Real=0.00s
[367.410s][info][gc,start       ] GC(2947) Pause Young (Allocation Failure)
[367.413s][info][gc,heap        ] GC(2947) PSYoungGen: 172512K(173056K)->1024K(173056K) Eden: 171520K(171520K)->0K(171520K) From: 992K(1536K)->1024K(1536K)
[367.413s][info][gc,heap        ] GC(2947) ParOldGen: 9973K(349696K)->10013K(349696K)
[367.413s][info][gc,metaspace   ] GC(2947) Metaspace: 14416K(15296K)->14416K(15296K) NonClass: 12435K(12928K)->12435K(12928K) Class: 1981K(2368K)->1981K(2368K)
[367.413s][info][gc             ] GC(2947) Pause Young (Allocation Failure) 178M->10M(510M) 2.566ms
[367.413s][info][gc,cpu         ] GC(2947) User=0.52s Sys=0.00s Real=0.00s
[367.537s][info][gc,start       ] GC(2948) Pause Young (Allocation Failure)
[367.539s][info][gc,heap        ] GC(2948) PSYoungGen: 172544K(173056K)->1024K(173056K) Eden: 171520K(171520K)->0K(171520K) From: 1024K(1536K)->1024K(1536K)
[367.539s][info][gc,heap        ] GC(2948) ParOldGen: 10013K(349696K)->10085K(349696K)
[367.539s][info][gc,metaspace   ] GC(2948) Metaspace: 14416K(15296K)->14416K(15296K) NonClass: 12435K(12928K)->12435K(12928K) Class: 1981K(2368K)->1981K(2368K)
[367.539s][info][gc             ] GC(2948) Pause Young (Allocation Failure) 178M->10M(510M) 2.620ms
[367.539s][info][gc,cpu         ] GC(2948) User=0.00s Sys=0.00s Real=0.00s
[367.662s][info][gc,start       ] GC(2949) Pause Young (Allocation Failure)
[367.665s][info][gc,heap        ] GC(2949) PSYoungGen: 172544K(173056K)->992K(173056K) Eden: 171520K(171520K)->0K(171520K) From: 1024K(1536K)->992K(1536K)
[367.665s][info][gc,heap        ] GC(2949) ParOldGen: 10085K(349696K)->10141K(349696K)
[367.665s][info][gc,metaspace   ] GC(2949) Metaspace: 14416K(15296K)->14416K(15296K) NonClass: 12435K(12928K)->12435K(12928K) Class: 1981K(2368K)->1981K(2368K)
[367.665s][info][gc             ] GC(2949) Pause Young (Allocation Failure) 178M->10M(510M) 2.653ms
[367.665s][info][gc,cpu         ] GC(2949) User=0.00s Sys=0.00s Real=0.00s
[367.788s][info][gc,start       ] GC(2950) Pause Young (Allocation Failure)
[367.791s][info][gc,heap        ] GC(2950) PSYoungGen: 172512K(173056K)->1024K(173056K) Eden: 171520K(171520K)->0K(171520K) From: 992K(1536K)->1024K(1536K)
[367.791s][info][gc,heap        ] GC(2950) ParOldGen: 10141K(349696K)->10197K(349696K)
[367.791s][info][gc,metaspace   ] GC(2950) Metaspace: 14416K(15296K)->14416K(15296K) NonClass: 12435K(12928K)->12435K(12928K) Class: 1981K(2368K)->1981K(2368K)
[367.791s][info][gc             ] GC(2950) Pause Young (Allocation Failure) 178M->10M(510M) 2.662ms
[367.791s][info][gc,cpu         ] GC(2950) User=0.00s Sys=0.00s Real=0.00s
[367.913s][info][gc,start       ] GC(2951) Pause Young (Allocation Failure)
[367.916s][info][gc,heap        ] GC(2951) PSYoungGen: 172544K(173056K)->1024K(173056K) Eden: 171520K(171520K)->0K(171520K) From: 1024K(1536K)->1024K(1536K)
[367.916s][info][gc,heap        ] GC(2951) ParOldGen: 10197K(349696K)->10253K(349696K)
[367.916s][info][gc,metaspace   ] GC(2951) Metaspace: 14416K(15296K)->14416K(15296K) NonClass: 12435K(12928K)->12435K(12928K) Class: 1981K(2368K)->1981K(2368K)
[367.916s][info][gc             ] GC(2951) Pause Young (Allocation Failure) 178M->11M(510M) 2.725ms
[367.916s][info][gc,cpu         ] GC(2951) User=0.00s Sys=0.00s Real=0.00s
[368.038s][info][gc,start       ] GC(2952) Pause Young (Allocation Failure)
[368.041s][info][gc,heap        ] GC(2952) PSYoungGen: 172544K(173056K)->1024K(173056K) Eden: 171520K(171520K)->0K(171520K) From: 1024K(1536K)->1024K(1536K)
[368.041s][info][gc,heap        ] GC(2952) ParOldGen: 10253K(349696K)->10301K(349696K)
[368.041s][info][gc,metaspace   ] GC(2952) Metaspace: 14416K(15296K)->14416K(15296K) NonClass: 12435K(12928K)->12435K(12928K) Class: 1981K(2368K)->1981K(2368K)
[368.041s][info][gc             ] GC(2952) Pause Young (Allocation Failure) 178M->11M(510M) 2.730ms
[368.041s][info][gc,cpu         ] GC(2952) User=0.00s Sys=0.00s Real=0.00s
[368.165s][info][gc,start       ] GC(2953) Pause Young (Allocation Failure)
[368.168s][info][gc,heap        ] GC(2953) PSYoungGen: 172544K(173056K)->1024K(173056K) Eden: 171520K(171520K)->0K(171520K) From: 1024K(1536K)->1024K(1536K)
[368.168s][info][gc,heap        ] GC(2953) ParOldGen: 10301K(349696K)->10365K(349696K)
[368.168s][info][gc,metaspace   ] GC(2953) Metaspace: 14416K(15296K)->14416K(15296K) NonClass: 12435K(12928K)->12435K(12928K) Class: 1981K(2368K)->1981K(2368K)
[368.168s][info][gc             ] GC(2953) Pause Young (Allocation Failure) 178M->11M(510M) 2.751ms
[368.168s][info][gc,cpu         ] GC(2953) User=0.00s Sys=0.00s Real=0.00s
[368.291s][info][gc,start       ] GC(2954) Pause Young (Allocation Failure)
[368.293s][info][gc,heap        ] GC(2954) PSYoungGen: 172544K(173056K)->1024K(173056K) Eden: 171520K(171520K)->0K(171520K) From: 1024K(1536K)->1024K(1536K)
[368.293s][info][gc,heap        ] GC(2954) ParOldGen: 10365K(349696K)->10421K(349696K)
[368.293s][info][gc,metaspace   ] GC(2954) Metaspace: 14416K(15296K)->14416K(15296K) NonClass: 12435K(12928K)->12435K(12928K) Class: 1981K(2368K)->1981K(2368K)
[368.293s][info][gc             ] GC(2954) Pause Young (Allocation Failure) 178M->11M(510M) 2.755ms
[368.293s][info][gc,cpu         ] GC(2954) User=0.00s Sys=0.00s Real=0.00s
[368.414s][info][gc,start       ] GC(2955) Pause Young (Allocation Failure)
[368.417s][info][gc,heap        ] GC(2955) PSYoungGen: 172544K(173056K)->992K(173056K) Eden: 171520K(171520K)->0K(171520K) From: 1024K(1536K)->992K(1536K)
[368.417s][info][gc,heap        ] GC(2955) ParOldGen: 10421K(349696K)->10477K(349696K)
[368.417s][info][gc,metaspace   ] GC(2955) Metaspace: 14416K(15296K)->14416K(15296K) NonClass: 12435K(12928K)->12435K(12928K) Class: 1981K(2368K)->1981K(2368K)
[368.417s][info][gc             ] GC(2955) Pause Young (Allocation Failure) 178M->11M(510M) 2.802ms
[368.417s][info][gc,cpu         ] GC(2955) User=0.00s Sys=0.00s Real=0.00s
[368.542s][info][gc,start       ] GC(2956) Pause Young (Allocation Failure)
[368.544s][info][gc,heap        ] GC(2956) PSYoungGen: 172512K(173056K)->1024K(173056K) Eden: 171520K(171520K)->0K(171520K) From: 992K(1536K)->1024K(1536K)
[368.544s][info][gc,heap        ] GC(2956) ParOldGen: 10477K(349696K)->10525K(349696K)
[368.544s][info][gc,metaspace   ] GC(2956) Metaspace: 14416K(15296K)->14416K(15296K) NonClass: 12435K(12928K)->12435K(12928K) Class: 1981K(2368K)->1981K(2368K)
[368.544s][info][gc             ] GC(2956) Pause Young (Allocation Failure) 178M->11M(510M) 2.814ms
[368.544s][info][gc,cpu         ] GC(2956) User=0.00s Sys=0.00s Real=0.00s
[368.667s][info][gc,start       ] GC(2957) Pause Young (Allocation Failure)
[368.670s][info][gc,heap        ] GC(2957) PSYoungGen: 172544K(173056K)->1024K(173056K) Eden: 171520K(171520K)->0K(171520K) From: 1024K(1536K)->1024K(1536K)
[368.670s][info][gc,heap        ] GC(2957) ParOldGen: 10525K(349696K)->10557K(349696K)
[368.670s][info][gc,metaspace   ] GC(2957) Metaspace: 14416K(15296K)->14416K(15296K) NonClass: 12435K(12928K)->12435K(12928K) Class: 1981K(2368K)->1981K(2368K)
[368.670s][info][gc             ] GC(2957) Pause Young (Allocation Failure) 178M->11M(510M) 2.838ms
[368.670s][info][gc,cpu         ] GC(2957) User=0.00s Sys=0.00s Real=0.00s
[368.793s][info][gc,start       ] GC(2958) Pause Young (Allocation Failure)
[368.796s][info][gc,heap        ] GC(2958) PSYoungGen: 172544K(173056K)->1024K(173056K) Eden: 171520K(171520K)->0K(171520K) From: 1024K(1536K)->1024K(1536K)
[368.796s][info][gc,heap        ] GC(2958) ParOldGen: 10557K(349696K)->10613K(349696K)
[368.796s][info][gc,metaspace   ] GC(2958) Metaspace: 14416K(15296K)->14416K(15296K) NonClass: 12435K(12928K)->12435K(12928K) Class: 1981K(2368K)->1981K(2368K)
[368.796s][info][gc             ] GC(2958) Pause Young (Allocation Failure) 178M->11M(510M) 2.883ms
[368.796s][info][gc,cpu         ] GC(2958) User=0.00s Sys=0.00s Real=0.00s
[369.026s][info][gc,start       ] GC(2959) Pause Young (Allocation Failure)
[369.029s][info][gc,heap        ] GC(2959) PSYoungGen: 172544K(173056K)->1056K(173056K) Eden: 171520K(171520K)->0K(171520K) From: 1024K(1536K)->1056K(1536K)
[369.030s][info][gc,heap        ] GC(2959) ParOldGen: 10613K(349696K)->10653K(349696K)
[369.030s][info][gc,metaspace   ] GC(2959) Metaspace: 14416K(15296K)->14416K(15296K) NonClass: 12435K(12928K)->12435K(12928K) Class: 1981K(2368K)->1981K(2368K)
[369.030s][info][gc             ] GC(2959) Pause Young (Allocation Failure) 178M->11M(510M) 3.753ms
[369.030s][info][gc,cpu         ] GC(2959) User=0.00s Sys=0.00s Real=0.00s
[369.161s][info][gc,start       ] GC(2960) Pause Young (Allocation Failure)
[369.164s][info][gc,heap        ] GC(2960) PSYoungGen: 172576K(173056K)->1024K(173056K) Eden: 171520K(171520K)->0K(171520K) From: 1056K(1536K)->1024K(1536K)
[369.164s][info][gc,heap        ] GC(2960) ParOldGen: 10653K(349696K)->10701K(349696K)
[369.164s][info][gc,metaspace   ] GC(2960) Metaspace: 14416K(15296K)->14416K(15296K) NonClass: 12435K(12928K)->12435K(12928K) Class: 1981K(2368K)->1981K(2368K)
[369.164s][info][gc             ] GC(2960) Pause Young (Allocation Failure) 178M->11M(510M) 2.763ms
[369.164s][info][gc,cpu         ] GC(2960) User=0.00s Sys=0.00s Real=0.00s
[369.291s][info][gc,start       ] GC(2961) Pause Young (Allocation Failure)
[369.294s][info][gc,heap        ] GC(2961) PSYoungGen: 172544K(173056K)->1024K(173056K) Eden: 171520K(171520K)->0K(171520K) From: 1024K(1536K)->1024K(1536K)
[369.294s][info][gc,heap        ] GC(2961) ParOldGen: 10701K(349696K)->10757K(349696K)
[369.294s][info][gc,metaspace   ] GC(2961) Metaspace: 14416K(15296K)->14416K(15296K) NonClass: 12435K(12928K)->12435K(12928K) Class: 1981K(2368K)->1981K(2368K)
[369.294s][info][gc             ] GC(2961) Pause Young (Allocation Failure) 178M->11M(510M) 2.722ms
[369.294s][info][gc,cpu         ] GC(2961) User=0.00s Sys=0.00s Real=0.00s
[369.422s][info][gc,start       ] GC(2962) Pause Young (Allocation Failure)
[369.424s][info][gc,heap        ] GC(2962) PSYoungGen: 172544K(173056K)->992K(173056K) Eden: 171520K(171520K)->0K(171520K) From: 1024K(1536K)->992K(1536K)
[369.424s][info][gc,heap        ] GC(2962) ParOldGen: 10757K(349696K)->10813K(349696K)
[369.424s][info][gc,metaspace   ] GC(2962) Metaspace: 14416K(15296K)->14416K(15296K) NonClass: 12435K(12928K)->12435K(12928K) Class: 1981K(2368K)->1981K(2368K)
[369.424s][info][gc             ] GC(2962) Pause Young (Allocation Failure) 179M->11M(510M) 2.622ms
[369.424s][info][gc,cpu         ] GC(2962) User=0.00s Sys=0.00s Real=0.00s
[369.561s][info][gc,start       ] GC(2963) Pause Young (Allocation Failure)
[369.564s][info][gc,heap        ] GC(2963) PSYoungGen: 172512K(173056K)->992K(173056K) Eden: 171520K(171520K)->0K(171520K) From: 992K(1536K)->992K(1536K)
[369.564s][info][gc,heap        ] GC(2963) ParOldGen: 10813K(349696K)->10869K(349696K)
[369.564s][info][gc,metaspace   ] GC(2963) Metaspace: 14416K(15296K)->14416K(15296K) NonClass: 12435K(12928K)->12435K(12928K) Class: 1981K(2368K)->1981K(2368K)
[369.564s][info][gc             ] GC(2963) Pause Young (Allocation Failure) 179M->11M(510M) 2.569ms
[369.564s][info][gc,cpu         ] GC(2963) User=0.00s Sys=0.00s Real=0.00s
[369.696s][info][gc,start       ] GC(2964) Pause Young (Allocation Failure)
[369.699s][info][gc,heap        ] GC(2964) PSYoungGen: 172512K(173056K)->1024K(173056K) Eden: 171520K(171520K)->0K(171520K) From: 992K(1536K)->1024K(1536K)
[369.699s][info][gc,heap        ] GC(2964) ParOldGen: 10869K(349696K)->10917K(349696K)
[369.699s][info][gc,metaspace   ] GC(2964) Metaspace: 14416K(15296K)->14416K(15296K) NonClass: 12435K(12928K)->12435K(12928K) Class: 1981K(2368K)->1981K(2368K)
[369.699s][info][gc             ] GC(2964) Pause Young (Allocation Failure) 179M->11M(510M) 2.488ms
[369.699s][info][gc,cpu         ] GC(2964) User=0.00s Sys=0.00s Real=0.00s
[369.822s][info][gc,start       ] GC(2965) Pause Young (Allocation Failure)
[369.824s][info][gc,heap        ] GC(2965) PSYoungGen: 172544K(173056K)->992K(173056K) Eden: 171520K(171520K)->0K(171520K) From: 1024K(1536K)->992K(1536K)
[369.824s][info][gc,heap        ] GC(2965) ParOldGen: 10917K(349696K)->10957K(349696K)
[369.824s][info][gc,metaspace   ] GC(2965) Metaspace: 14416K(15296K)->14416K(15296K) NonClass: 12435K(12928K)->12435K(12928K) Class: 1981K(2368K)->1981K(2368K)
[369.824s][info][gc             ] GC(2965) Pause Young (Allocation Failure) 179M->11M(510M) 2.419ms
[369.824s][info][gc,cpu         ] GC(2965) User=0.00s Sys=0.00s Real=0.00s
[369.950s][info][gc,start       ] GC(2966) Pause Young (Allocation Failure)
[369.953s][info][gc,heap        ] GC(2966) PSYoungGen: 172512K(173056K)->992K(173056K) Eden: 171520K(171520K)->0K(171520K) From: 992K(1536K)->992K(1536K)
[369.953s][info][gc,heap        ] GC(2966) ParOldGen: 10957K(349696K)->11005K(349696K)
[369.953s][info][gc,metaspace   ] GC(2966) Metaspace: 14416K(15296K)->14416K(15296K) NonClass: 12435K(12928K)->12435K(12928K) Class: 1981K(2368K)->1981K(2368K)
[369.953s][info][gc             ] GC(2966) Pause Young (Allocation Failure) 179M->11M(510M) 2.414ms
[369.953s][info][gc,cpu         ] GC(2966) User=0.00s Sys=0.00s Real=0.00s
[370.075s][info][gc,start       ] GC(2967) Pause Young (Allocation Failure)
[370.078s][info][gc,heap        ] GC(2967) PSYoungGen: 172512K(173056K)->992K(173056K) Eden: 171520K(171520K)->0K(171520K) From: 992K(1536K)->992K(1536K)
[370.078s][info][gc,heap        ] GC(2967) ParOldGen: 11005K(349696K)->11061K(349696K)
[370.078s][info][gc,metaspace   ] GC(2967) Metaspace: 14416K(15296K)->14416K(15296K) NonClass: 12435K(12928K)->12435K(12928K) Class: 1981K(2368K)->1981K(2368K)
[370.078s][info][gc             ] GC(2967) Pause Young (Allocation Failure) 179M->11M(510M) 2.464ms
[370.078s][info][gc,cpu         ] GC(2967) User=0.00s Sys=0.00s Real=0.00s
[370.202s][info][gc,start       ] GC(2968) Pause Young (Allocation Failure)
[370.204s][info][gc,heap        ] GC(2968) PSYoungGen: 172512K(173056K)->1024K(173056K) Eden: 171520K(171520K)->0K(171520K) From: 992K(1536K)->1024K(1536K)
[370.204s][info][gc,heap        ] GC(2968) ParOldGen: 11061K(349696K)->11109K(349696K)
[370.204s][info][gc,metaspace   ] GC(2968) Metaspace: 14416K(15296K)->14416K(15296K) NonClass: 12435K(12928K)->12435K(12928K) Class: 1981K(2368K)->1981K(2368K)
[370.204s][info][gc             ] GC(2968) Pause Young (Allocation Failure) 179M->11M(510M) 2.468ms
[370.204s][info][gc,cpu         ] GC(2968) User=0.00s Sys=0.00s Real=0.00s
[370.328s][info][gc,start       ] GC(2969) Pause Young (Allocation Failure)
[370.330s][info][gc,heap        ] GC(2969) PSYoungGen: 172544K(173056K)->1024K(173056K) Eden: 171520K(171520K)->0K(171520K) From: 1024K(1536K)->1024K(1536K)
[370.330s][info][gc,heap        ] GC(2969) ParOldGen: 11109K(349696K)->11157K(349696K)
[370.330s][info][gc,metaspace   ] GC(2969) Metaspace: 14416K(15296K)->14416K(15296K) NonClass: 12435K(12928K)->12435K(12928K) Class: 1981K(2368K)->1981K(2368K)
[370.330s][info][gc             ] GC(2969) Pause Young (Allocation Failure) 179M->11M(510M) 2.467ms
[370.330s][info][gc,cpu         ] GC(2969) User=0.00s Sys=0.00s Real=0.00s
[370.454s][info][gc,start       ] GC(2970) Pause Young (Allocation Failure)
[370.457s][info][gc,heap        ] GC(2970) PSYoungGen: 172544K(173056K)->960K(173056K) Eden: 171520K(171520K)->0K(171520K) From: 1024K(1536K)->960K(1536K)
[370.457s][info][gc,heap        ] GC(2970) ParOldGen: 11157K(349696K)->11213K(349696K)
[370.457s][info][gc,metaspace   ] GC(2970) Metaspace: 14416K(15296K)->14416K(15296K) NonClass: 12435K(12928K)->12435K(12928K) Class: 1981K(2368K)->1981K(2368K)
[370.457s][info][gc             ] GC(2970) Pause Young (Allocation Failure) 179M->11M(510M) 2.470ms
[370.457s][info][gc,cpu         ] GC(2970) User=0.00s Sys=0.00s Real=0.00s
[370.582s][info][gc,start       ] GC(2971) Pause Young (Allocation Failure)
[370.584s][info][gc,heap        ] GC(2971) PSYoungGen: 172480K(173056K)->1024K(173056K) Eden: 171520K(171520K)->0K(171520K) From: 960K(1536K)->1024K(1536K)
[370.584s][info][gc,heap        ] GC(2971) ParOldGen: 11213K(349696K)->11269K(349696K)
[370.584s][info][gc,metaspace   ] GC(2971) Metaspace: 14416K(15296K)->14416K(15296K) NonClass: 12435K(12928K)->12435K(12928K) Class: 1981K(2368K)->1981K(2368K)
[370.584s][info][gc             ] GC(2971) Pause Young (Allocation Failure) 179M->12M(510M) 2.546ms
[370.584s][info][gc,cpu         ] GC(2971) User=0.52s Sys=0.00s Real=0.00s
[370.706s][info][gc,start       ] GC(2972) Pause Young (Allocation Failure)
[370.709s][info][gc,heap        ] GC(2972) PSYoungGen: 172544K(173056K)->1024K(173056K) Eden: 171520K(171520K)->0K(171520K) From: 1024K(1536K)->1024K(1536K)
[370.709s][info][gc,heap        ] GC(2972) ParOldGen: 11269K(349696K)->11317K(349696K)
[370.709s][info][gc,metaspace   ] GC(2972) Metaspace: 14416K(15296K)->14416K(15296K) NonClass: 12435K(12928K)->12435K(12928K) Class: 1981K(2368K)->1981K(2368K)
[370.709s][info][gc             ] GC(2972) Pause Young (Allocation Failure) 179M->12M(510M) 2.584ms
[370.709s][info][gc,cpu         ] GC(2972) User=0.52s Sys=0.00s Real=0.00s
[370.833s][info][gc,start       ] GC(2973) Pause Young (Allocation Failure)
[370.835s][info][gc,heap        ] GC(2973) PSYoungGen: 172544K(173056K)->992K(173056K) Eden: 171520K(171520K)->0K(171520K) From: 1024K(1536K)->992K(1536K)
[370.836s][info][gc,heap        ] GC(2973) ParOldGen: 11317K(349696K)->11373K(349696K)
[370.836s][info][gc,metaspace   ] GC(2973) Metaspace: 14416K(15296K)->14416K(15296K) NonClass: 12435K(12928K)->12435K(12928K) Class: 1981K(2368K)->1981K(2368K)
[370.836s][info][gc             ] GC(2973) Pause Young (Allocation Failure) 179M->12M(510M) 2.562ms
[370.836s][info][gc,cpu         ] GC(2973) User=0.00s Sys=0.00s Real=0.00s
[370.957s][info][gc,start       ] GC(2974) Pause Young (Allocation Failure)
[370.960s][info][gc,heap        ] GC(2974) PSYoungGen: 172512K(173056K)->992K(173056K) Eden: 171520K(171520K)->0K(171520K) From: 992K(1536K)->992K(1536K)
[370.960s][info][gc,heap        ] GC(2974) ParOldGen: 11373K(349696K)->11441K(349696K)
[370.960s][info][gc,metaspace   ] GC(2974) Metaspace: 14416K(15296K)->14416K(15296K) NonClass: 12435K(12928K)->12435K(12928K) Class: 1981K(2368K)->1981K(2368K)
[370.960s][info][gc             ] GC(2974) Pause Young (Allocation Failure) 179M->12M(510M) 2.626ms
[370.960s][info][gc,cpu         ] GC(2974) User=0.52s Sys=0.00s Real=0.00s
[371.085s][info][gc,start       ] GC(2975) Pause Young (Allocation Failure)
[371.087s][info][gc,heap        ] GC(2975) PSYoungGen: 172512K(173056K)->1024K(173056K) Eden: 171520K(171520K)->0K(171520K) From: 992K(1536K)->1024K(1536K)
[371.087s][info][gc,heap        ] GC(2975) ParOldGen: 11441K(349696K)->11497K(349696K)
[371.087s][info][gc,metaspace   ] GC(2975) Metaspace: 14416K(15296K)->14416K(15296K) NonClass: 12435K(12928K)->12435K(12928K) Class: 1981K(2368K)->1981K(2368K)
[371.087s][info][gc             ] GC(2975) Pause Young (Allocation Failure) 179M->12M(510M) 2.595ms
[371.087s][info][gc,cpu         ] GC(2975) User=0.00s Sys=0.00s Real=0.00s
[371.209s][info][gc,start       ] GC(2976) Pause Young (Allocation Failure)
[371.212s][info][gc,heap        ] GC(2976) PSYoungGen: 172544K(173056K)->1024K(173056K) Eden: 171520K(171520K)->0K(171520K) From: 1024K(1536K)->1024K(1536K)
[371.212s][info][gc,heap        ] GC(2976) ParOldGen: 11497K(349696K)->11561K(349696K)
[371.212s][info][gc,metaspace   ] GC(2976) Metaspace: 14416K(15296K)->14416K(15296K) NonClass: 12435K(12928K)->12435K(12928K) Class: 1981K(2368K)->1981K(2368K)
[371.212s][info][gc             ] GC(2976) Pause Young (Allocation Failure) 179M->12M(510M) 2.699ms
[371.212s][info][gc,cpu         ] GC(2976) User=0.00s Sys=0.00s Real=0.00s
[371.334s][info][gc,start       ] GC(2977) Pause Young (Allocation Failure)
[371.337s][info][gc,heap        ] GC(2977) PSYoungGen: 172544K(173056K)->1024K(173056K) Eden: 171520K(171520K)->0K(171520K) From: 1024K(1536K)->1024K(1536K)
[371.337s][info][gc,heap        ] GC(2977) ParOldGen: 11561K(349696K)->11625K(349696K)
[371.337s][info][gc,metaspace   ] GC(2977) Metaspace: 14416K(15296K)->14416K(15296K) NonClass: 12435K(12928K)->12435K(12928K) Class: 1981K(2368K)->1981K(2368K)
[371.337s][info][gc             ] GC(2977) Pause Young (Allocation Failure) 179M->12M(510M) 2.692ms
[371.337s][info][gc,cpu         ] GC(2977) User=0.00s Sys=0.00s Real=0.00s
[371.462s][info][gc,start       ] GC(2978) Pause Young (Allocation Failure)
[371.464s][info][gc,heap        ] GC(2978) PSYoungGen: 172544K(173056K)->992K(173056K) Eden: 171520K(171520K)->0K(171520K) From: 1024K(1536K)->992K(1536K)
[371.464s][info][gc,heap        ] GC(2978) ParOldGen: 11625K(349696K)->11681K(349696K)
[371.464s][info][gc,metaspace   ] GC(2978) Metaspace: 14416K(15296K)->14416K(15296K) NonClass: 12435K(12928K)->12435K(12928K) Class: 1981K(2368K)->1981K(2368K)
[371.464s][info][gc             ] GC(2978) Pause Young (Allocation Failure) 179M->12M(510M) 2.705ms
[371.465s][info][gc,cpu         ] GC(2978) User=0.00s Sys=0.00s Real=0.00s
[371.587s][info][gc,start       ] GC(2979) Pause Young (Allocation Failure)
[371.590s][info][gc,heap        ] GC(2979) PSYoungGen: 172512K(173056K)->1024K(173056K) Eden: 171520K(171520K)->0K(171520K) From: 992K(1536K)->1024K(1536K)
[371.590s][info][gc,heap        ] GC(2979) ParOldGen: 11681K(349696K)->11745K(349696K)
[371.590s][info][gc,metaspace   ] GC(2979) Metaspace: 14416K(15296K)->14416K(15296K) NonClass: 12435K(12928K)->12435K(12928K) Class: 1981K(2368K)->1981K(2368K)
[371.590s][info][gc             ] GC(2979) Pause Young (Allocation Failure) 179M->12M(510M) 2.824ms
[371.590s][info][gc,cpu         ] GC(2979) User=0.00s Sys=0.00s Real=0.00s
[371.715s][info][gc,start       ] GC(2980) Pause Young (Allocation Failure)
[371.717s][info][gc,heap        ] GC(2980) PSYoungGen: 172544K(173056K)->1024K(173056K) Eden: 171520K(171520K)->0K(171520K) From: 1024K(1536K)->1024K(1536K)
[371.717s][info][gc,heap        ] GC(2980) ParOldGen: 11745K(349696K)->11801K(349696K)
[371.717s][info][gc,metaspace   ] GC(2980) Metaspace: 14416K(15296K)->14416K(15296K) NonClass: 12435K(12928K)->12435K(12928K) Class: 1981K(2368K)->1981K(2368K)
[371.717s][info][gc             ] GC(2980) Pause Young (Allocation Failure) 179M->12M(510M) 2.766ms
[371.717s][info][gc,cpu         ] GC(2980) User=0.00s Sys=0.00s Real=0.00s
[371.842s][info][gc,start       ] GC(2981) Pause Young (Allocation Failure)
[371.845s][info][gc,heap        ] GC(2981) PSYoungGen: 172544K(173056K)->1024K(173056K) Eden: 171520K(171520K)->0K(171520K) From: 1024K(1536K)->1024K(1536K)
[371.845s][info][gc,heap        ] GC(2981) ParOldGen: 11801K(349696K)->11849K(349696K)
[371.845s][info][gc,metaspace   ] GC(2981) Metaspace: 14416K(15296K)->14416K(15296K) NonClass: 12435K(12928K)->12435K(12928K) Class: 1981K(2368K)->1981K(2368K)
[371.845s][info][gc             ] GC(2981) Pause Young (Allocation Failure) 180M->12M(510M) 2.760ms
[371.845s][info][gc,cpu         ] GC(2981) User=0.00s Sys=0.00s Real=0.00s
[371.968s][info][gc,start       ] GC(2982) Pause Young (Allocation Failure)
[371.977s][info][gc,heap        ] GC(2982) PSYoungGen: 172544K(173056K)->1024K(173056K) Eden: 171520K(171520K)->0K(171520K) From: 1024K(1536K)->1024K(1536K)
[371.977s][info][gc,heap        ] GC(2982) ParOldGen: 11849K(349696K)->11905K(349696K)
[371.977s][info][gc,metaspace   ] GC(2982) Metaspace: 14416K(15296K)->14416K(15296K) NonClass: 12435K(12928K)->12435K(12928K) Class: 1981K(2368K)->1981K(2368K)
[371.977s][info][gc             ] GC(2982) Pause Young (Allocation Failure) 180M->12M(510M) 9.309ms
[371.977s][info][gc,cpu         ] GC(2982) User=0.00s Sys=0.00s Real=0.01s
[372.103s][info][gc,start       ] GC(2983) Pause Young (Allocation Failure)
[372.105s][info][gc,heap        ] GC(2983) PSYoungGen: 172544K(173056K)->1024K(173056K) Eden: 171520K(171520K)->0K(171520K) From: 1024K(1536K)->1024K(1536K)
[372.105s][info][gc,heap        ] GC(2983) ParOldGen: 11905K(349696K)->11961K(349696K)
[372.105s][info][gc,metaspace   ] GC(2983) Metaspace: 14416K(15296K)->14416K(15296K) NonClass: 12435K(12928K)->12435K(12928K) Class: 1981K(2368K)->1981K(2368K)
[372.105s][info][gc             ] GC(2983) Pause Young (Allocation Failure) 180M->12M(510M) 2.821ms
[372.105s][info][gc,cpu         ] GC(2983) User=0.00s Sys=0.00s Real=0.00s
[372.228s][info][gc,start       ] GC(2984) Pause Young (Allocation Failure)
[372.231s][info][gc,heap        ] GC(2984) PSYoungGen: 172544K(173056K)->1024K(173056K) Eden: 171520K(171520K)->0K(171520K) From: 1024K(1536K)->1024K(1536K)
[372.231s][info][gc,heap        ] GC(2984) ParOldGen: 11961K(349696K)->12017K(349696K)
[372.231s][info][gc,metaspace   ] GC(2984) Metaspace: 14416K(15296K)->14416K(15296K) NonClass: 12435K(12928K)->12435K(12928K) Class: 1981K(2368K)->1981K(2368K)
[372.231s][info][gc             ] GC(2984) Pause Young (Allocation Failure) 180M->12M(510M) 2.887ms
[372.231s][info][gc,cpu         ] GC(2984) User=0.00s Sys=0.00s Real=0.00s
[372.353s][info][gc,start       ] GC(2985) Pause Young (Allocation Failure)
[372.356s][info][gc,heap        ] GC(2985) PSYoungGen: 172544K(173056K)->1024K(173056K) Eden: 171520K(171520K)->0K(171520K) From: 1024K(1536K)->1024K(1536K)
[372.356s][info][gc,heap        ] GC(2985) ParOldGen: 12017K(349696K)->12081K(349696K)
[372.356s][info][gc,metaspace   ] GC(2985) Metaspace: 14416K(15296K)->14416K(15296K) NonClass: 12435K(12928K)->12435K(12928K) Class: 1981K(2368K)->1981K(2368K)
[372.356s][info][gc             ] GC(2985) Pause Young (Allocation Failure) 180M->12M(510M) 2.862ms
[372.356s][info][gc,cpu         ] GC(2985) User=0.00s Sys=0.00s Real=0.00s
[372.479s][info][gc,start       ] GC(2986) Pause Young (Allocation Failure)
[372.481s][info][gc,heap        ] GC(2986) PSYoungGen: 172544K(173056K)->1024K(173056K) Eden: 171520K(171520K)->0K(171520K) From: 1024K(1536K)->1024K(1536K)
[372.482s][info][gc,heap        ] GC(2986) ParOldGen: 12081K(349696K)->12137K(349696K)
[372.482s][info][gc,metaspace   ] GC(2986) Metaspace: 14416K(15296K)->14416K(15296K) NonClass: 12435K(12928K)->12435K(12928K) Class: 1981K(2368K)->1981K(2368K)
[372.482s][info][gc             ] GC(2986) Pause Young (Allocation Failure) 180M->12M(510M) 2.894ms
[372.482s][info][gc,cpu         ] GC(2986) User=0.00s Sys=0.00s Real=0.00s
[372.607s][info][gc,start       ] GC(2987) Pause Young (Allocation Failure)
[372.610s][info][gc,heap        ] GC(2987) PSYoungGen: 172544K(173056K)->992K(173056K) Eden: 171520K(171520K)->0K(171520K) From: 1024K(1536K)->992K(1536K)
[372.610s][info][gc,heap        ] GC(2987) ParOldGen: 12137K(349696K)->12193K(349696K)
[372.610s][info][gc,metaspace   ] GC(2987) Metaspace: 14416K(15296K)->14416K(15296K) NonClass: 12435K(12928K)->12435K(12928K) Class: 1981K(2368K)->1981K(2368K)
[372.610s][info][gc             ] GC(2987) Pause Young (Allocation Failure) 180M->12M(510M) 2.905ms
[372.610s][info][gc,cpu         ] GC(2987) User=0.00s Sys=0.00s Real=0.00s
[372.736s][info][gc,start       ] GC(2988) Pause Young (Allocation Failure)
[372.738s][info][gc,heap        ] GC(2988) PSYoungGen: 172512K(173056K)->1024K(173056K) Eden: 171520K(171520K)->0K(171520K) From: 992K(1536K)->1024K(1536K)
[372.738s][info][gc,heap        ] GC(2988) ParOldGen: 12193K(349696K)->12257K(349696K)
[372.738s][info][gc,metaspace   ] GC(2988) Metaspace: 14416K(15296K)->14416K(15296K) NonClass: 12435K(12928K)->12435K(12928K) Class: 1981K(2368K)->1981K(2368K)
[372.738s][info][gc             ] GC(2988) Pause Young (Allocation Failure) 180M->12M(510M) 2.916ms
[372.738s][info][gc,cpu         ] GC(2988) User=0.00s Sys=0.00s Real=0.00s
[372.921s][info][gc,start       ] GC(2989) Pause Young (Allocation Failure)
[372.925s][info][gc,heap        ] GC(2989) PSYoungGen: 172544K(173056K)->1024K(173056K) Eden: 171520K(171520K)->0K(171520K) From: 1024K(1536K)->1024K(1536K)
[372.925s][info][gc,heap        ] GC(2989) ParOldGen: 12257K(349696K)->12321K(349696K)
[372.925s][info][gc,metaspace   ] GC(2989) Metaspace: 14416K(15296K)->14416K(15296K) NonClass: 12435K(12928K)->12435K(12928K) Class: 1981K(2368K)->1981K(2368K)
[372.925s][info][gc             ] GC(2989) Pause Young (Allocation Failure) 180M->13M(510M) 3.792ms
[372.925s][info][gc,cpu         ] GC(2989) User=0.00s Sys=0.00s Real=0.00s
[373.055s][info][gc,start       ] GC(2990) Pause Young (Allocation Failure)
[373.058s][info][gc,heap        ] GC(2990) PSYoungGen: 172544K(173056K)->1024K(173056K) Eden: 171520K(171520K)->0K(171520K) From: 1024K(1536K)->1024K(1536K)
[373.058s][info][gc,heap        ] GC(2990) ParOldGen: 12321K(349696K)->12369K(349696K)
[373.058s][info][gc,metaspace   ] GC(2990) Metaspace: 14416K(15296K)->14416K(15296K) NonClass: 12435K(12928K)->12435K(12928K) Class: 1981K(2368K)->1981K(2368K)
[373.058s][info][gc             ] GC(2990) Pause Young (Allocation Failure) 180M->13M(510M) 2.796ms
[373.058s][info][gc,cpu         ] GC(2990) User=0.00s Sys=0.00s Real=0.00s
[373.184s][info][gc,start       ] GC(2991) Pause Young (Allocation Failure)
[373.187s][info][gc,heap        ] GC(2991) PSYoungGen: 172544K(173056K)->1024K(173056K) Eden: 171520K(171520K)->0K(171520K) From: 1024K(1536K)->1024K(1536K)
[373.187s][info][gc,heap        ] GC(2991) ParOldGen: 12369K(349696K)->12441K(349696K)
[373.187s][info][gc,metaspace   ] GC(2991) Metaspace: 14416K(15296K)->14416K(15296K) NonClass: 12435K(12928K)->12435K(12928K) Class: 1981K(2368K)->1981K(2368K)
[373.187s][info][gc             ] GC(2991) Pause Young (Allocation Failure) 180M->13M(510M) 2.696ms
[373.187s][info][gc,cpu         ] GC(2991) User=0.00s Sys=0.00s Real=0.00s
[373.322s][info][gc,start       ] GC(2992) Pause Young (Allocation Failure)
[373.324s][info][gc,heap        ] GC(2992) PSYoungGen: 172544K(173056K)->1024K(173056K) Eden: 171520K(171520K)->0K(171520K) From: 1024K(1536K)->1024K(1536K)
[373.324s][info][gc,heap        ] GC(2992) ParOldGen: 12441K(349696K)->12497K(349696K)
[373.324s][info][gc,metaspace   ] GC(2992) Metaspace: 14416K(15296K)->14416K(15296K) NonClass: 12435K(12928K)->12435K(12928K) Class: 1981K(2368K)->1981K(2368K)
[373.324s][info][gc             ] GC(2992) Pause Young (Allocation Failure) 180M->13M(510M) 2.649ms
[373.324s][info][gc,cpu         ] GC(2992) User=0.00s Sys=0.00s Real=0.00s
[373.438s][info][gc,start       ] GC(2993) Pause Young (Allocation Failure)
[373.441s][info][gc,heap        ] GC(2993) PSYoungGen: 172544K(173056K)->1024K(173056K) Eden: 171520K(171520K)->0K(171520K) From: 1024K(1536K)->1024K(1536K)
[373.441s][info][gc,heap        ] GC(2993) ParOldGen: 12497K(349696K)->12561K(349696K)
[373.441s][info][gc,metaspace   ] GC(2993) Metaspace: 14416K(15296K)->14416K(15296K) NonClass: 12435K(12928K)->12435K(12928K) Class: 1981K(2368K)->1981K(2368K)
[373.441s][info][gc             ] GC(2993) Pause Young (Allocation Failure) 180M->13M(510M) 2.506ms
[373.441s][info][gc,cpu         ] GC(2993) User=0.00s Sys=0.00s Real=0.00s
[373.543s][info][gc,start       ] GC(2994) Pause Young (Allocation Failure)
[373.546s][info][gc,heap        ] GC(2994) PSYoungGen: 172544K(173056K)->896K(173056K) Eden: 171520K(171520K)->0K(171520K) From: 1024K(1536K)->896K(1536K)
[373.546s][info][gc,heap        ] GC(2994) ParOldGen: 12561K(349696K)->12617K(349696K)
[373.546s][info][gc,metaspace   ] GC(2994) Metaspace: 14416K(15296K)->14416K(15296K) NonClass: 12435K(12928K)->12435K(12928K) Class: 1981K(2368K)->1981K(2368K)
[373.546s][info][gc             ] GC(2994) Pause Young (Allocation Failure) 180M->13M(510M) 2.598ms
[373.546s][info][gc,cpu         ] GC(2994) User=0.00s Sys=0.00s Real=0.00s
[373.627s][info][gc,start       ] GC(2995) Pause Young (Allocation Failure)
[373.629s][info][gc,heap        ] GC(2995) PSYoungGen: 172416K(173056K)->768K(173056K) Eden: 171520K(171520K)->0K(171520K) From: 896K(1536K)->768K(1536K)
[373.629s][info][gc,heap        ] GC(2995) ParOldGen: 12617K(349696K)->12665K(349696K)
[373.629s][info][gc,metaspace   ] GC(2995) Metaspace: 14416K(15296K)->14416K(15296K) NonClass: 12435K(12928K)->12435K(12928K) Class: 1981K(2368K)->1981K(2368K)
[373.629s][info][gc             ] GC(2995) Pause Young (Allocation Failure) 180M->13M(510M) 2.662ms
[373.629s][info][gc,cpu         ] GC(2995) User=0.52s Sys=0.00s Real=0.00s
[373.695s][info][gc,start       ] GC(2996) Pause Young (Allocation Failure)
[373.698s][info][gc,heap        ] GC(2996) PSYoungGen: 172288K(173056K)->736K(173056K) Eden: 171520K(171520K)->0K(171520K) From: 768K(1536K)->736K(1536K)
[373.698s][info][gc,heap        ] GC(2996) ParOldGen: 12665K(349696K)->12705K(349696K)
[373.698s][info][gc,metaspace   ] GC(2996) Metaspace: 14416K(15296K)->14416K(15296K) NonClass: 12435K(12928K)->12435K(12928K) Class: 1981K(2368K)->1981K(2368K)
[373.698s][info][gc             ] GC(2996) Pause Young (Allocation Failure) 180M->13M(510M) 2.555ms
[373.698s][info][gc,cpu         ] GC(2996) User=0.00s Sys=0.00s Real=0.00s
[373.777s][info][gc,start       ] GC(2997) Pause Young (Allocation Failure)
[373.780s][info][gc,heap        ] GC(2997) PSYoungGen: 172256K(173056K)->704K(173056K) Eden: 171520K(171520K)->0K(171520K) From: 736K(1536K)->704K(1536K)
[373.780s][info][gc,heap        ] GC(2997) ParOldGen: 12705K(349696K)->12729K(349696K)
[373.780s][info][gc,metaspace   ] GC(2997) Metaspace: 14416K(15296K)->14416K(15296K) NonClass: 12435K(12928K)->12435K(12928K) Class: 1981K(2368K)->1981K(2368K)
[373.780s][info][gc             ] GC(2997) Pause Young (Allocation Failure) 180M->13M(510M) 2.527ms
[373.780s][info][gc,cpu         ] GC(2997) User=0.00s Sys=0.00s Real=0.00s
[373.929s][info][gc,start       ] GC(2998) Pause Young (Allocation Failure)
[373.932s][info][gc,heap        ] GC(2998) PSYoungGen: 172224K(173056K)->416K(173056K) Eden: 171520K(171520K)->0K(171520K) From: 704K(1536K)->416K(1536K)
[373.932s][info][gc,heap        ] GC(2998) ParOldGen: 12729K(349696K)->12753K(349696K)
[373.932s][info][gc,metaspace   ] GC(2998) Metaspace: 14416K(15296K)->14416K(15296K) NonClass: 12435K(12928K)->12435K(12928K) Class: 1981K(2368K)->1981K(2368K)
[373.932s][info][gc             ] GC(2998) Pause Young (Allocation Failure) 180M->12M(510M) 2.785ms
[373.932s][info][gc,cpu         ] GC(2998) User=0.00s Sys=0.00s Real=0.00s
[373.978s][info][gc,start       ] GC(2999) Pause Young (System.gc())
[373.980s][info][gc,heap        ] GC(2999) PSYoungGen: 17817K(173056K)->96K(173056K) Eden: 17401K(171520K)->0K(171520K) From: 416K(1536K)->96K(1536K)
[373.980s][info][gc,heap        ] GC(2999) ParOldGen: 12753K(349696K)->12801K(349696K)
[373.980s][info][gc,metaspace   ] GC(2999) Metaspace: 14416K(15296K)->14416K(15296K) NonClass: 12435K(12928K)->12435K(12928K) Class: 1981K(2368K)->1981K(2368K)
[373.980s][info][gc             ] GC(2999) Pause Young (System.gc()) 29M->12M(510M) 2.673ms
[373.980s][info][gc,cpu         ] GC(2999) User=0.00s Sys=0.00s Real=0.00s
[373.981s][info][gc,start       ] GC(3000) Pause Full (System.gc())
[373.981s][info][gc,phases,start] GC(3000) Marking Phase
[373.993s][info][gc,phases      ] GC(3000) Marking Phase 12.212ms
[373.993s][info][gc,phases,start] GC(3000) Summary Phase
[373.993s][info][gc,phases      ] GC(3000) Summary Phase 0.022ms
[373.993s][info][gc,phases,start] GC(3000) Adjust Roots
[373.999s][info][gc,phases      ] GC(3000) Adjust Roots 5.972ms
[373.999s][info][gc,phases,start] GC(3000) Compaction Phase
[374.001s][info][gc,phases      ] GC(3000) Compaction Phase 1.957ms
[374.001s][info][gc,phases,start] GC(3000) Post Compact
[374.001s][info][gc,phases      ] GC(3000) Post Compact 0.213ms
[374.001s][info][gc,heap        ] GC(3000) PSYoungGen: 96K(173056K)->0K(173056K) Eden: 0K(171520K)->0K(171520K) From: 96K(1536K)->0K(1536K)
[374.001s][info][gc,heap        ] GC(3000) ParOldGen: 12801K(349696K)->5384K(349696K)
[374.001s][info][gc,metaspace   ] GC(3000) Metaspace: 14416K(15296K)->14416K(15296K) NonClass: 12435K(12928K)->12435K(12928K) Class: 1981K(2368K)->1981K(2368K)
[374.001s][info][gc             ] GC(3000) Pause Full (System.gc()) 12M->5M(510M) 20.659ms
[374.001s][info][gc,cpu         ] GC(3000) User=0.02s Sys=0.00s Real=0.02s
[374.148s][info][gc,start       ] GC(3001) Pause Young (Allocation Failure)
[374.150s][info][gc,heap        ] GC(3001) PSYoungGen: 171520K(173056K)->1536K(173056K) Eden: 171520K(171520K)->0K(171520K) From: 0K(1536K)->1536K(1536K)
[374.150s][info][gc,heap        ] GC(3001) ParOldGen: 5384K(349696K)->5598K(349696K)
[374.150s][info][gc,metaspace   ] GC(3001) Metaspace: 14416K(15296K)->14416K(15296K) NonClass: 12435K(12928K)->12435K(12928K) Class: 1981K(2368K)->1981K(2368K)
[374.150s][info][gc             ] GC(3001) Pause Young (Allocation Failure) 172M->6M(510M) 2.710ms
[374.150s][info][gc,cpu         ] GC(3001) User=0.00s Sys=0.00s Real=0.00s
[374.263s][info][gc,start       ] GC(3002) Pause Young (Allocation Failure)
[374.266s][info][gc,heap        ] GC(3002) PSYoungGen: 173056K(173056K)->1024K(172032K) Eden: 171520K(171520K)->0K(170496K) From: 1536K(1536K)->1024K(1536K)
[374.266s][info][gc,heap        ] GC(3002) ParOldGen: 5598K(349696K)->7089K(349696K)
[374.266s][info][gc,metaspace   ] GC(3002) Metaspace: 14416K(15296K)->14416K(15296K) NonClass: 12435K(12928K)->12435K(12928K) Class: 1981K(2368K)->1981K(2368K)
[374.266s][info][gc             ] GC(3002) Pause Young (Allocation Failure) 174M->7M(509M) 2.647ms
[374.266s][info][gc,cpu         ] GC(3002) User=0.00s Sys=0.00s Real=0.00s
[374.385s][info][gc,start       ] GC(3003) Pause Young (Allocation Failure)
[374.387s][info][gc,heap        ] GC(3003) PSYoungGen: 171520K(172032K)->992K(172544K) Eden: 170496K(170496K)->0K(170496K) From: 1024K(1536K)->992K(2048K)
[374.387s][info][gc,heap        ] GC(3003) ParOldGen: 7089K(349696K)->7193K(349696K)
[374.387s][info][gc,metaspace   ] GC(3003) Metaspace: 14416K(15296K)->14416K(15296K) NonClass: 12435K(12928K)->12435K(12928K) Class: 1981K(2368K)->1981K(2368K)
[374.387s][info][gc             ] GC(3003) Pause Young (Allocation Failure) 174M->7M(510M) 2.572ms
[374.387s][info][gc,cpu         ] GC(3003) User=0.00s Sys=0.00s Real=0.00s
[374.506s][info][gc,start       ] GC(3004) Pause Young (Allocation Failure)
[374.509s][info][gc,heap        ] GC(3004) PSYoungGen: 171488K(172544K)->1024K(171520K) Eden: 170496K(170496K)->0K(170496K) From: 992K(2048K)->1024K(1024K)
[374.509s][info][gc,heap        ] GC(3004) ParOldGen: 7193K(349696K)->7249K(349696K)
[374.509s][info][gc,metaspace   ] GC(3004) Metaspace: 14416K(15296K)->14416K(15296K) NonClass: 12435K(12928K)->12435K(12928K) Class: 1981K(2368K)->1981K(2368K)
[374.509s][info][gc             ] GC(3004) Pause Young (Allocation Failure) 174M->8M(509M) 2.674ms
[374.509s][info][gc,cpu         ] GC(3004) User=0.00s Sys=0.00s Real=0.00s
[374.628s][info][gc,start       ] GC(3005) Pause Young (Allocation Failure)
[374.630s][info][gc,heap        ] GC(3005) PSYoungGen: 171520K(171520K)->992K(172032K) Eden: 170496K(170496K)->0K(170496K) From: 1024K(1024K)->992K(1536K)
[374.630s][info][gc,heap        ] GC(3005) ParOldGen: 7249K(349696K)->7313K(349696K)
[374.630s][info][gc,metaspace   ] GC(3005) Metaspace: 14416K(15296K)->14416K(15296K) NonClass: 12435K(12928K)->12435K(12928K) Class: 1981K(2368K)->1981K(2368K)
[374.630s][info][gc             ] GC(3005) Pause Young (Allocation Failure) 174M->8M(509M) 2.619ms
[374.630s][info][gc,cpu         ] GC(3005) User=0.52s Sys=0.00s Real=0.00s
[374.747s][info][gc,start       ] GC(3006) Pause Young (Allocation Failure)
[374.750s][info][gc,heap        ] GC(3006) PSYoungGen: 171488K(172032K)->1056K(173056K) Eden: 170496K(170496K)->0K(171520K) From: 992K(1536K)->1056K(1536K)
[374.750s][info][gc,heap        ] GC(3006) ParOldGen: 7313K(349696K)->7361K(349696K)
[374.750s][info][gc,metaspace   ] GC(3006) Metaspace: 14416K(15296K)->14416K(15296K) NonClass: 12435K(12928K)->12435K(12928K) Class: 1981K(2368K)->1981K(2368K)
[374.750s][info][gc             ] GC(3006) Pause Young (Allocation Failure) 174M->8M(510M) 2.637ms
[374.750s][info][gc,cpu         ] GC(3006) User=0.00s Sys=0.00s Real=0.00s
[374.870s][info][gc,start       ] GC(3007) Pause Young (Allocation Failure)
[374.873s][info][gc,heap        ] GC(3007) PSYoungGen: 172575K(173056K)->1024K(173056K) Eden: 171519K(171520K)->0K(171520K) From: 1056K(1536K)->1024K(1536K)
[374.873s][info][gc,heap        ] GC(3007) ParOldGen: 7361K(349696K)->7425K(349696K)
[374.873s][info][gc,metaspace   ] GC(3007) Metaspace: 14416K(15296K)->14416K(15296K) NonClass: 12435K(12928K)->12435K(12928K) Class: 1981K(2368K)->1981K(2368K)
[374.873s][info][gc             ] GC(3007) Pause Young (Allocation Failure) 175M->8M(510M) 2.660ms
[374.873s][info][gc,cpu         ] GC(3007) User=0.00s Sys=0.00s Real=0.00s
[374.992s][info][gc,start       ] GC(3008) Pause Young (Allocation Failure)
[374.994s][info][gc,heap        ] GC(3008) PSYoungGen: 172544K(173056K)->1024K(173056K) Eden: 171520K(171520K)->0K(171520K) From: 1024K(1536K)->1024K(1536K)
[374.995s][info][gc,heap        ] GC(3008) ParOldGen: 7425K(349696K)->7473K(349696K)
[374.995s][info][gc,metaspace   ] GC(3008) Metaspace: 14416K(15296K)->14416K(15296K) NonClass: 12435K(12928K)->12435K(12928K) Class: 1981K(2368K)->1981K(2368K)
[374.995s][info][gc             ] GC(3008) Pause Young (Allocation Failure) 175M->8M(510M) 2.645ms
[374.995s][info][gc,cpu         ] GC(3008) User=0.00s Sys=0.00s Real=0.00s
[375.115s][info][gc,start       ] GC(3009) Pause Young (Allocation Failure)
[375.117s][info][gc,heap        ] GC(3009) PSYoungGen: 172544K(173056K)->1024K(173056K) Eden: 171520K(171520K)->0K(171520K) From: 1024K(1536K)->1024K(1536K)
[375.117s][info][gc,heap        ] GC(3009) ParOldGen: 7473K(349696K)->7513K(349696K)
[375.117s][info][gc,metaspace   ] GC(3009) Metaspace: 14416K(15296K)->14416K(15296K) NonClass: 12435K(12928K)->12435K(12928K) Class: 1981K(2368K)->1981K(2368K)
[375.117s][info][gc             ] GC(3009) Pause Young (Allocation Failure) 175M->8M(510M) 2.734ms
[375.117s][info][gc,cpu         ] GC(3009) User=0.00s Sys=0.00s Real=0.00s
[375.237s][info][gc,start       ] GC(3010) Pause Young (Allocation Failure)
[375.240s][info][gc,heap        ] GC(3010) PSYoungGen: 172544K(173056K)->1024K(173056K) Eden: 171520K(171520K)->0K(171520K) From: 1024K(1536K)->1024K(1536K)
[375.240s][info][gc,heap        ] GC(3010) ParOldGen: 7513K(349696K)->7585K(349696K)
[375.240s][info][gc,metaspace   ] GC(3010) Metaspace: 14416K(15296K)->14416K(15296K) NonClass: 12435K(12928K)->12435K(12928K) Class: 1981K(2368K)->1981K(2368K)
[375.240s][info][gc             ] GC(3010) Pause Young (Allocation Failure) 175M->8M(510M) 2.761ms
[375.240s][info][gc,cpu         ] GC(3010) User=0.50s Sys=0.00s Real=0.00s
[375.358s][info][gc,start       ] GC(3011) Pause Young (Allocation Failure)
[375.360s][info][gc,heap        ] GC(3011) PSYoungGen: 172544K(173056K)->1024K(173056K) Eden: 171520K(171520K)->0K(171520K) From: 1024K(1536K)->1024K(1536K)
[375.360s][info][gc,heap        ] GC(3011) ParOldGen: 7585K(349696K)->7665K(349696K)
[375.360s][info][gc,metaspace   ] GC(3011) Metaspace: 14416K(15296K)->14416K(15296K) NonClass: 12435K(12928K)->12435K(12928K) Class: 1981K(2368K)->1981K(2368K)
[375.360s][info][gc             ] GC(3011) Pause Young (Allocation Failure) 175M->8M(510M) 2.771ms
[375.360s][info][gc,cpu         ] GC(3011) User=0.00s Sys=0.00s Real=0.00s
[375.482s][info][gc,start       ] GC(3012) Pause Young (Allocation Failure)
[375.484s][info][gc,heap        ] GC(3012) PSYoungGen: 172544K(173056K)->1024K(173056K) Eden: 171520K(171520K)->0K(171520K) From: 1024K(1536K)->1024K(1536K)
[375.484s][info][gc,heap        ] GC(3012) ParOldGen: 7665K(349696K)->7721K(349696K)
[375.484s][info][gc,metaspace   ] GC(3012) Metaspace: 14416K(15296K)->14416K(15296K) NonClass: 12435K(12928K)->12435K(12928K) Class: 1981K(2368K)->1981K(2368K)
[375.484s][info][gc             ] GC(3012) Pause Young (Allocation Failure) 175M->8M(510M) 2.801ms
[375.484s][info][gc,cpu         ] GC(3012) User=0.00s Sys=0.00s Real=0.00s
[375.604s][info][gc,start       ] GC(3013) Pause Young (Allocation Failure)
[375.606s][info][gc,heap        ] GC(3013) PSYoungGen: 172544K(173056K)->1024K(173056K) Eden: 171520K(171520K)->0K(171520K) From: 1024K(1536K)->1024K(1536K)
[375.607s][info][gc,heap        ] GC(3013) ParOldGen: 7721K(349696K)->7777K(349696K)
[375.607s][info][gc,metaspace   ] GC(3013) Metaspace: 14416K(15296K)->14416K(15296K) NonClass: 12435K(12928K)->12435K(12928K) Class: 1981K(2368K)->1981K(2368K)
[375.607s][info][gc             ] GC(3013) Pause Young (Allocation Failure) 176M->8M(510M) 2.827ms
[375.607s][info][gc,cpu         ] GC(3013) User=0.00s Sys=0.00s Real=0.00s
[375.728s][info][gc,start       ] GC(3014) Pause Young (Allocation Failure)
[375.730s][info][gc,heap        ] GC(3014) PSYoungGen: 172544K(173056K)->1024K(173056K) Eden: 171520K(171520K)->0K(171520K) From: 1024K(1536K)->1024K(1536K)
[375.730s][info][gc,heap        ] GC(3014) ParOldGen: 7777K(349696K)->7825K(349696K)
[375.730s][info][gc,metaspace   ] GC(3014) Metaspace: 14416K(15296K)->14416K(15296K) NonClass: 12435K(12928K)->12435K(12928K) Class: 1981K(2368K)->1981K(2368K)
[375.730s][info][gc             ] GC(3014) Pause Young (Allocation Failure) 176M->8M(510M) 2.841ms
[375.730s][info][gc,cpu         ] GC(3014) User=0.00s Sys=0.00s Real=0.00s
[375.853s][info][gc,start       ] GC(3015) Pause Young (Allocation Failure)
[375.856s][info][gc,heap        ] GC(3015) PSYoungGen: 172544K(173056K)->1024K(173056K) Eden: 171520K(171520K)->0K(171520K) From: 1024K(1536K)->1024K(1536K)
[375.856s][info][gc,heap        ] GC(3015) ParOldGen: 7825K(349696K)->7889K(349696K)
[375.856s][info][gc,metaspace   ] GC(3015) Metaspace: 14416K(15296K)->14416K(15296K) NonClass: 12435K(12928K)->12435K(12928K) Class: 1981K(2368K)->1981K(2368K)
[375.856s][info][gc             ] GC(3015) Pause Young (Allocation Failure) 176M->8M(510M) 2.837ms
[375.856s][info][gc,cpu         ] GC(3015) User=0.00s Sys=0.00s Real=0.00s
[375.976s][info][gc,start       ] GC(3016) Pause Young (Allocation Failure)
[375.979s][info][gc,heap        ] GC(3016) PSYoungGen: 172544K(173056K)->992K(173056K) Eden: 171520K(171520K)->0K(171520K) From: 1024K(1536K)->992K(1536K)
[375.979s][info][gc,heap        ] GC(3016) ParOldGen: 7889K(349696K)->7921K(349696K)
[375.979s][info][gc,metaspace   ] GC(3016) Metaspace: 14416K(15296K)->14416K(15296K) NonClass: 12435K(12928K)->12435K(12928K) Class: 1981K(2368K)->1981K(2368K)
[375.979s][info][gc             ] GC(3016) Pause Young (Allocation Failure) 176M->8M(510M) 2.883ms
[375.979s][info][gc,cpu         ] GC(3016) User=0.00s Sys=0.00s Real=0.00s
[376.100s][info][gc,start       ] GC(3017) Pause Young (Allocation Failure)
[376.103s][info][gc,heap        ] GC(3017) PSYoungGen: 172512K(173056K)->1024K(173056K) Eden: 171520K(171520K)->0K(171520K) From: 992K(1536K)->1024K(1536K)
[376.103s][info][gc,heap        ] GC(3017) ParOldGen: 7921K(349696K)->8001K(349696K)
[376.103s][info][gc,metaspace   ] GC(3017) Metaspace: 14416K(15296K)->14416K(15296K) NonClass: 12435K(12928K)->12435K(12928K) Class: 1981K(2368K)->1981K(2368K)
[376.103s][info][gc             ] GC(3017) Pause Young (Allocation Failure) 176M->8M(510M) 2.937ms
[376.103s][info][gc,cpu         ] GC(3017) User=0.00s Sys=0.00s Real=0.00s
[376.223s][info][gc,start       ] GC(3018) Pause Young (Allocation Failure)
[376.226s][info][gc,heap        ] GC(3018) PSYoungGen: 172544K(173056K)->992K(173056K) Eden: 171520K(171520K)->0K(171520K) From: 1024K(1536K)->992K(1536K)
[376.226s][info][gc,heap        ] GC(3018) ParOldGen: 8001K(349696K)->8049K(349696K)
[376.226s][info][gc,metaspace   ] GC(3018) Metaspace: 14416K(15296K)->14416K(15296K) NonClass: 12435K(12928K)->12435K(12928K) Class: 1981K(2368K)->1981K(2368K)
[376.226s][info][gc             ] GC(3018) Pause Young (Allocation Failure) 176M->8M(510M) 2.919ms
[376.226s][info][gc,cpu         ] GC(3018) User=0.00s Sys=0.00s Real=0.00s
[376.346s][info][gc,start       ] GC(3019) Pause Young (Allocation Failure)
[376.349s][info][gc,heap        ] GC(3019) PSYoungGen: 172512K(173056K)->992K(173056K) Eden: 171520K(171520K)->0K(171520K) From: 992K(1536K)->992K(1536K)
[376.349s][info][gc,heap        ] GC(3019) ParOldGen: 8049K(349696K)->8097K(349696K)
[376.349s][info][gc,metaspace   ] GC(3019) Metaspace: 14416K(15296K)->14416K(15296K) NonClass: 12435K(12928K)->12435K(12928K) Class: 1981K(2368K)->1981K(2368K)
[376.349s][info][gc             ] GC(3019) Pause Young (Allocation Failure) 176M->8M(510M) 2.958ms
[376.349s][info][gc,cpu         ] GC(3019) User=0.52s Sys=0.00s Real=0.00s
[376.471s][info][gc,start       ] GC(3020) Pause Young (Allocation Failure)
[376.473s][info][gc,heap        ] GC(3020) PSYoungGen: 172512K(173056K)->1024K(173056K) Eden: 171520K(171520K)->0K(171520K) From: 992K(1536K)->1024K(1536K)
[376.473s][info][gc,heap        ] GC(3020) ParOldGen: 8097K(349696K)->8177K(349696K)
[376.473s][info][gc,metaspace   ] GC(3020) Metaspace: 14416K(15296K)->14416K(15296K) NonClass: 12435K(12928K)->12435K(12928K) Class: 1981K(2368K)->1981K(2368K)
[376.473s][info][gc             ] GC(3020) Pause Young (Allocation Failure) 176M->8M(510M) 2.974ms
[376.474s][info][gc,cpu         ] GC(3020) User=0.52s Sys=0.00s Real=0.00s
[376.691s][info][gc,start       ] GC(3021) Pause Young (Allocation Failure)
[376.694s][info][gc,heap        ] GC(3021) PSYoungGen: 172544K(173056K)->992K(173056K) Eden: 171520K(171520K)->0K(171520K) From: 1024K(1536K)->992K(1536K)
[376.694s][info][gc,heap        ] GC(3021) ParOldGen: 8177K(349696K)->8217K(349696K)
[376.694s][info][gc,metaspace   ] GC(3021) Metaspace: 14416K(15296K)->14416K(15296K) NonClass: 12435K(12928K)->12435K(12928K) Class: 1981K(2368K)->1981K(2368K)
[376.694s][info][gc             ] GC(3021) Pause Young (Allocation Failure) 176M->8M(510M) 3.838ms
[376.695s][info][gc,cpu         ] GC(3021) User=0.52s Sys=0.00s Real=0.00s
[376.823s][info][gc,start       ] GC(3022) Pause Young (Allocation Failure)
[376.826s][info][gc,heap        ] GC(3022) PSYoungGen: 172512K(173056K)->1024K(173056K) Eden: 171520K(171520K)->0K(171520K) From: 992K(1536K)->1024K(1536K)
[376.826s][info][gc,heap        ] GC(3022) ParOldGen: 8217K(349696K)->8281K(349696K)
[376.826s][info][gc,metaspace   ] GC(3022) Metaspace: 14416K(15296K)->14416K(15296K) NonClass: 12435K(12928K)->12435K(12928K) Class: 1981K(2368K)->1981K(2368K)
[376.826s][info][gc             ] GC(3022) Pause Young (Allocation Failure) 176M->9M(510M) 2.929ms
[376.826s][info][gc,cpu         ] GC(3022) User=0.00s Sys=0.00s Real=0.00s
[376.951s][info][gc,start       ] GC(3023) Pause Young (Allocation Failure)
[376.953s][info][gc,heap        ] GC(3023) PSYoungGen: 172544K(173056K)->960K(173056K) Eden: 171520K(171520K)->0K(171520K) From: 1024K(1536K)->960K(1536K)
[376.954s][info][gc,heap        ] GC(3023) ParOldGen: 8281K(349696K)->8345K(349696K)
[376.954s][info][gc,metaspace   ] GC(3023) Metaspace: 14416K(15296K)->14416K(15296K) NonClass: 12435K(12928K)->12435K(12928K) Class: 1981K(2368K)->1981K(2368K)
[376.954s][info][gc             ] GC(3023) Pause Young (Allocation Failure) 176M->9M(510M) 2.775ms
[376.954s][info][gc,cpu         ] GC(3023) User=0.00s Sys=0.00s Real=0.00s
[377.085s][info][gc,start       ] GC(3024) Pause Young (Allocation Failure)
[377.088s][info][gc,heap        ] GC(3024) PSYoungGen: 172480K(173056K)->960K(173056K) Eden: 171520K(171520K)->0K(171520K) From: 960K(1536K)->960K(1536K)
[377.088s][info][gc,heap        ] GC(3024) ParOldGen: 8345K(349696K)->8393K(349696K)
[377.088s][info][gc,metaspace   ] GC(3024) Metaspace: 14416K(15296K)->14416K(15296K) NonClass: 12435K(12928K)->12435K(12928K) Class: 1981K(2368K)->1981K(2368K)
[377.088s][info][gc             ] GC(3024) Pause Young (Allocation Failure) 176M->9M(510M) 2.700ms
[377.088s][info][gc,cpu         ] GC(3024) User=0.00s Sys=0.00s Real=0.00s
[377.217s][info][gc,start       ] GC(3025) Pause Young (Allocation Failure)
[377.219s][info][gc,heap        ] GC(3025) PSYoungGen: 172480K(173056K)->992K(173056K) Eden: 171520K(171520K)->0K(171520K) From: 960K(1536K)->992K(1536K)
[377.219s][info][gc,heap        ] GC(3025) ParOldGen: 8393K(349696K)->8441K(349696K)
[377.219s][info][gc,metaspace   ] GC(3025) Metaspace: 14416K(15296K)->14416K(15296K) NonClass: 12435K(12928K)->12435K(12928K) Class: 1981K(2368K)->1981K(2368K)
[377.219s][info][gc             ] GC(3025) Pause Young (Allocation Failure) 176M->9M(510M) 2.665ms
[377.219s][info][gc,cpu         ] GC(3025) User=0.00s Sys=0.00s Real=0.00s
[377.346s][info][gc,start       ] GC(3026) Pause Young (Allocation Failure)
[377.348s][info][gc,heap        ] GC(3026) PSYoungGen: 172512K(173056K)->960K(173056K) Eden: 171520K(171520K)->0K(171520K) From: 992K(1536K)->960K(1536K)
[377.348s][info][gc,heap        ] GC(3026) ParOldGen: 8441K(349696K)->8521K(349696K)
[377.348s][info][gc,metaspace   ] GC(3026) Metaspace: 14416K(15296K)->14416K(15296K) NonClass: 12435K(12928K)->12435K(12928K) Class: 1981K(2368K)->1981K(2368K)
[377.348s][info][gc             ] GC(3026) Pause Young (Allocation Failure) 176M->9M(510M) 2.515ms
[377.348s][info][gc,cpu         ] GC(3026) User=0.52s Sys=0.00s Real=0.00s
[377.468s][info][gc,start       ] GC(3027) Pause Young (Allocation Failure)
[377.470s][info][gc,heap        ] GC(3027) PSYoungGen: 172480K(173056K)->960K(173056K) Eden: 171520K(171520K)->0K(171520K) From: 960K(1536K)->960K(1536K)
[377.470s][info][gc,heap        ] GC(3027) ParOldGen: 8521K(349696K)->8577K(349696K)
[377.470s][info][gc,metaspace   ] GC(3027) Metaspace: 14416K(15296K)->14416K(15296K) NonClass: 12435K(12928K)->12435K(12928K) Class: 1981K(2368K)->1981K(2368K)
[377.470s][info][gc             ] GC(3027) Pause Young (Allocation Failure) 176M->9M(510M) 2.523ms
[377.470s][info][gc,cpu         ] GC(3027) User=0.00s Sys=0.00s Real=0.00s
[377.589s][info][gc,start       ] GC(3028) Pause Young (Allocation Failure)
[377.592s][info][gc,heap        ] GC(3028) PSYoungGen: 172480K(173056K)->992K(173056K) Eden: 171520K(171520K)->0K(171520K) From: 960K(1536K)->992K(1536K)
[377.592s][info][gc,heap        ] GC(3028) ParOldGen: 8577K(349696K)->8633K(349696K)
[377.592s][info][gc,metaspace   ] GC(3028) Metaspace: 14416K(15296K)->14416K(15296K) NonClass: 12435K(12928K)->12435K(12928K) Class: 1981K(2368K)->1981K(2368K)
[377.592s][info][gc             ] GC(3028) Pause Young (Allocation Failure) 176M->9M(510M) 2.560ms
[377.592s][info][gc,cpu         ] GC(3028) User=0.00s Sys=0.00s Real=0.00s
[377.711s][info][gc,start       ] GC(3029) Pause Young (Allocation Failure)
[377.713s][info][gc,heap        ] GC(3029) PSYoungGen: 172512K(173056K)->992K(173056K) Eden: 171520K(171520K)->0K(171520K) From: 992K(1536K)->992K(1536K)
[377.713s][info][gc,heap        ] GC(3029) ParOldGen: 8633K(349696K)->8681K(349696K)
[377.713s][info][gc,metaspace   ] GC(3029) Metaspace: 14416K(15296K)->14416K(15296K) NonClass: 12435K(12928K)->12435K(12928K) Class: 1981K(2368K)->1981K(2368K)
[377.713s][info][gc             ] GC(3029) Pause Young (Allocation Failure) 176M->9M(510M) 2.507ms
[377.713s][info][gc,cpu         ] GC(3029) User=0.00s Sys=0.00s Real=0.00s
[377.833s][info][gc,start       ] GC(3030) Pause Young (Allocation Failure)
